
> super-alignment-to-utopia@0.1.0 test
> npx tsx --test --experimental-test-coverage tests/**/*.test.ts

[CacheManager] Saved vdem to cache: /home/lizthedeveloper_gmail_com/satu/orchestrator/tests/data/.test-cache/vdem/vdem_2024_full.json (131 bytes, expires 2026-01-11T23:17:59.891Z)
[CacheManager] Cache valid for vdem (expires 2026-01-11T23:17:59.891Z)
[CacheManager] Loaded vdem from cache: /home/lizthedeveloper_gmail_com/satu/orchestrator/tests/data/.test-cache/vdem/vdem_2024_full.json
✓ Cache save/load test passed
[CacheManager] Saved vdem to cache: /home/lizthedeveloper_gmail_com/satu/orchestrator/tests/data/.test-cache/vdem/vdem_2024_full.json (20 bytes, expires 2026-01-11T23:17:59.899Z)
[CacheManager] Cache valid for vdem (expires 2026-01-11T23:17:59.899Z)
✓ Cache expiry validation test passed
✓ Missing cache detection test passed
[CacheManager] Saved wvs to cache: /home/lizthedeveloper_gmail_com/satu/orchestrator/tests/data/.test-cache/wvs/wvs_wave7.json (23 bytes, expires 2035-12-10T23:17:59.906Z)
[CacheManager] Cache valid for wvs (expires 2035-12-10T23:17:59.906Z)
[CacheManager] Loaded wvs from cache: /home/lizthedeveloper_gmail_com/satu/orchestrator/tests/data/.test-cache/wvs/wvs_wave7.json
[CacheManager] Forcing refresh for wvs
[CacheManager] Deleted cache for wvs: /home/lizthedeveloper_gmail_com/satu/orchestrator/tests/data/.test-cache/wvs/wvs_wave7.json
[CacheManager] Deleted metadata for wvs: /home/lizthedeveloper_gmail_com/satu/orchestrator/tests/data/.test-cache/wvs/wvs_metadata.json
✓ Force refresh test passed
[CacheManager] Saved vdem to cache: /home/lizthedeveloper_gmail_com/satu/orchestrator/tests/data/.test-cache/vdem/vdem_2024_full.json (20 bytes, expires 2026-01-11T23:17:59.911Z)
[CacheManager] Saved undp-hdi to cache: /home/lizthedeveloper_gmail_com/satu/orchestrator/tests/data/.test-cache/undp/hdi_2024.json (19 bytes, expires 2026-12-12T23:17:59.911Z)
✓ Multiple metadata test passed
[CacheManager] Saved vdem to cache: /home/lizthedeveloper_gmail_com/satu/orchestrator/tests/data/.test-cache/vdem/vdem_2024_full.json (20 bytes, expires 2026-01-11T23:17:59.916Z)

=== Cache Status ===

[CacheManager] Cache valid for vdem (expires 2026-01-11T23:17:59.916Z)
✅ VALID vdem                           | 14.1       | 202 countries | 0.00 MB
[CacheManager] Cache valid for undp-hdi (expires 2026-12-12T23:17:59.911Z)
✅ VALID undp-hdi                       | 2024       | 193 countries | 0.00 MB
⚠️  MISSING undp-mpi                     | No cache found
⚠️  MISSING ecological-boundaries        | No cache found
⚠️  MISSING ecological-footprint         | No cache found
⚠️  MISSING ecological-airquality        | No cache found
⚠️  MISSING wvs                          | No cache found


✓ Cache status print test passed
▶ CacheManager
  ✔ should save and load cache data (6.832649ms)
  ✔ should validate cache expiry (5.787439ms)
  ✔ should detect missing cache files (1.75646ms)
  ✔ should force refresh cache (4.496599ms)
  ✔ should handle metadata for multiple sources (5.379599ms)
  ✔ should print cache status (8.72507ms)
✔ CacheManager (37.460417ms)
[CacheManager] Cache valid for ecological-boundaries (expires 2030-12-10T23:01:24.145Z)
[CacheManager] Loaded ecological-boundaries from cache: /home/lizthedeveloper_gmail_com/satu/orchestrator/src/data/cache/ecological/planetary_boundaries_2023.json
[EcologicalLoader] Loaded planetary boundaries from cache
✓ Loaded planetary boundaries: 6 of 9 transgressed (Richardson et al. 2023)
[CacheManager] Cache valid for ecological-footprint (expires 2026-12-11T23:01:24.150Z)
[CacheManager] Loaded ecological-footprint from cache: /home/lizthedeveloper_gmail_com/satu/orchestrator/src/data/cache/ecological/ecological_footprint_2024.json
[EcologicalLoader] Loaded footprint from cache (21 countries)
✓ Loaded 21 countries from Ecological Footprint 2022
[CacheManager] Cache valid for ecological-airquality (expires 2026-12-11T23:01:24.153Z)
[CacheManager] Loaded ecological-airquality from cache: /home/lizthedeveloper_gmail_com/satu/orchestrator/src/data/cache/ecological/air_quality_who_2024.json
[EcologicalLoader] Loaded air quality from cache (21 countries)
✓ Loaded 21 countries from WHO Air Quality 2024
[CacheManager] Cache valid for ecological-boundaries (expires 2030-12-10T23:01:24.145Z)
[CacheManager] Cache valid for ecological-footprint (expires 2026-12-11T23:01:24.150Z)
[CacheManager] Cache valid for ecological-airquality (expires 2026-12-11T23:01:24.153Z)
[CacheManager] Loaded ecological-boundaries from cache: /home/lizthedeveloper_gmail_com/satu/orchestrator/src/data/cache/ecological/planetary_boundaries_2023.json
[CacheManager] Loaded ecological-footprint from cache: /home/lizthedeveloper_gmail_com/satu/orchestrator/src/data/cache/ecological/ecological_footprint_2024.json
[CacheManager] Loaded ecological-airquality from cache: /home/lizthedeveloper_gmail_com/satu/orchestrator/src/data/cache/ecological/air_quality_who_2024.json
[EcologicalLoader] Loaded planetary boundaries from cache
[EcologicalLoader] Loaded footprint from cache (21 countries)
[EcologicalLoader] Loaded air quality from cache (21 countries)
✓ Loaded ecological data: 9 boundaries, 21 footprint, 21 air quality
[CacheManager] Cache valid for ecological-footprint (expires 2026-12-11T23:01:24.150Z)
[CacheManager] Loaded ecological-footprint from cache: /home/lizthedeveloper_gmail_com/satu/orchestrator/src/data/cache/ecological/ecological_footprint_2024.json
[EcologicalLoader] Loaded footprint from cache (21 countries)
✓ Footprint scores realistic (USA high, India low, Norway high)
[CacheManager] Cache valid for ecological-airquality (expires 2026-12-11T23:01:24.153Z)
[CacheManager] Loaded ecological-airquality from cache: /home/lizthedeveloper_gmail_com/satu/orchestrator/src/data/cache/ecological/air_quality_who_2024.json
[EcologicalLoader] Loaded air quality from cache (21 countries)
✓ Air quality realistic (Norway good, India/Bangladesh poor)
[CacheManager] Cache valid for ecological-boundaries (expires 2030-12-10T23:01:24.145Z)
[CacheManager] Loaded ecological-boundaries from cache: /home/lizthedeveloper_gmail_com/satu/orchestrator/src/data/cache/ecological/planetary_boundaries_2023.json
[EcologicalLoader] Loaded planetary boundaries from cache
✓ Planetary boundaries normalized: 5.3/100 (6 of 9 transgressed)
[CacheManager] Cache valid for ecological-footprint (expires 2026-12-11T23:01:24.150Z)
[CacheManager] Loaded ecological-footprint from cache: /home/lizthedeveloper_gmail_com/satu/orchestrator/src/data/cache/ecological/ecological_footprint_2024.json
[EcologicalLoader] Loaded footprint from cache (21 countries)
✓ Footprint normalized: USA=22.4 (8.1 gha), India=100.0 (1.2 gha)
[CacheManager] Cache valid for ecological-airquality (expires 2026-12-11T23:01:24.153Z)
[CacheManager] Loaded ecological-airquality from cache: /home/lizthedeveloper_gmail_com/satu/orchestrator/src/data/cache/ecological/air_quality_who_2024.json
[EcologicalLoader] Loaded air quality from cache (21 countries)
✓ Air quality normalized: Norway=97.8 (6 μg/m³), India=0.0 (58 μg/m³)
[CacheManager] Cache valid for ecological-boundaries (expires 2030-12-10T23:01:24.145Z)
[CacheManager] Cache valid for ecological-footprint (expires 2026-12-11T23:01:24.150Z)
[CacheManager] Cache valid for ecological-airquality (expires 2026-12-11T23:01:24.153Z)
[CacheManager] Loaded ecological-boundaries from cache: /home/lizthedeveloper_gmail_com/satu/orchestrator/src/data/cache/ecological/planetary_boundaries_2023.json
[CacheManager] Loaded ecological-footprint from cache: /home/lizthedeveloper_gmail_com/satu/orchestrator/src/data/cache/ecological/ecological_footprint_2024.json
[CacheManager] Loaded ecological-airquality from cache: /home/lizthedeveloper_gmail_com/satu/orchestrator/src/data/cache/ecological/air_quality_who_2024.json
[EcologicalLoader] Loaded planetary boundaries from cache
[EcologicalLoader] Loaded footprint from cache (21 countries)
[EcologicalLoader] Loaded air quality from cache (21 countries)
✓ Norway normalized: Boundaries=5.3, Footprint=31.8, Air=97.8, Overall=41.0
[CacheManager] Cache valid for ecological-boundaries (expires 2030-12-10T23:01:24.145Z)
[CacheManager] Cache valid for ecological-footprint (expires 2026-12-11T23:01:24.150Z)
[CacheManager] Cache valid for ecological-airquality (expires 2026-12-11T23:01:24.153Z)
[CacheManager] Loaded ecological-boundaries from cache: /home/lizthedeveloper_gmail_com/satu/orchestrator/src/data/cache/ecological/planetary_boundaries_2023.json
[CacheManager] Loaded ecological-footprint from cache: /home/lizthedeveloper_gmail_com/satu/orchestrator/src/data/cache/ecological/ecological_footprint_2024.json
[CacheManager] Loaded ecological-airquality from cache: /home/lizthedeveloper_gmail_com/satu/orchestrator/src/data/cache/ecological/air_quality_who_2024.json
[EcologicalLoader] Loaded planetary boundaries from cache
[EcologicalLoader] Loaded footprint from cache (21 countries)
[EcologicalLoader] Loaded air quality from cache (21 countries)
✓ Classifications: Norway=INCREASING RISK (some boundaries transgressed), India=HIGH RISK (multiple boundaries transgressed)
[CacheManager] Cache valid for ecological-boundaries (expires 2030-12-10T23:01:24.145Z)
[CacheManager] Cache valid for ecological-footprint (expires 2026-12-11T23:01:24.150Z)
[CacheManager] Cache valid for ecological-airquality (expires 2026-12-11T23:01:24.153Z)
[CacheManager] Loaded ecological-boundaries from cache: /home/lizthedeveloper_gmail_com/satu/orchestrator/src/data/cache/ecological/planetary_boundaries_2023.json
[CacheManager] Loaded ecological-footprint from cache: /home/lizthedeveloper_gmail_com/satu/orchestrator/src/data/cache/ecological/ecological_footprint_2024.json
[CacheManager] Loaded ecological-airquality from cache: /home/lizthedeveloper_gmail_com/satu/orchestrator/src/data/cache/ecological/air_quality_who_2024.json
[EcologicalLoader] Loaded planetary boundaries from cache
[EcologicalLoader] Loaded footprint from cache (21 countries)
[EcologicalLoader] Loaded air quality from cache (21 countries)
✓ Batch normalized: Highest=BRA (50.9), Lowest=IND (32.1)
[CacheManager] Cache valid for ecological-boundaries (expires 2030-12-10T23:01:24.145Z)
[CacheManager] Cache valid for ecological-footprint (expires 2026-12-11T23:01:24.150Z)
[CacheManager] Cache valid for ecological-airquality (expires 2026-12-11T23:01:24.153Z)
[CacheManager] Loaded ecological-boundaries from cache: /home/lizthedeveloper_gmail_com/satu/orchestrator/src/data/cache/ecological/planetary_boundaries_2023.json
[CacheManager] Loaded ecological-footprint from cache: /home/lizthedeveloper_gmail_com/satu/orchestrator/src/data/cache/ecological/ecological_footprint_2024.json
[CacheManager] Loaded ecological-airquality from cache: /home/lizthedeveloper_gmail_com/satu/orchestrator/src/data/cache/ecological/air_quality_who_2024.json
[EcologicalLoader] Loaded planetary boundaries from cache
[EcologicalLoader] Loaded footprint from cache (21 countries)
[EcologicalLoader] Loaded air quality from cache (21 countries)
✓ Norway paradox: Ecological=41.0 (INCREASING RISK (some boundaries transgressed)), Western Liberal=93.0 (utopia), Development=98.3 (utopia)
  → Norway footprint: 7.3 gha (4.4 Earths), oil economy despite good air quality
▶ Ecological Loader
  ✔ should load planetary boundaries (hard-coded) (14.479739ms)
  ✔ should load ecological footprint (uses cache if available) (5.049909ms)
  ✔ should load air quality (uses cache if available) (3.0616ms)
  ✔ should load all ecological data together (10.326479ms)
  ✔ should have realistic footprint scores (6.311859ms)
  ✔ should have realistic air quality scores (7.835759ms)
  ✔ should normalize planetary boundaries correctly (4.057149ms)
  ✔ should normalize footprint correctly (INVERTED) (5.76355ms)
  ✔ should normalize air quality correctly (INVERTED) (7.004469ms)
  ✔ should normalize ecological data for a country (5.89186ms)
  ✔ should classify Ecological paradigm levels (7.729159ms)
  ✔ should normalize batch of countries (11.195049ms)
  ✔ should demonstrate Norway paradox (Western/Development utopia, Ecological dystopia) (4.767ms)
✔ Ecological Loader (118.02822ms)

=== Multi-Paradigm Aggregator ===

Loading data from all 4 loaders...
[CacheManager] Cache valid for vdem (expires 2026-01-10T23:01:24.892Z)
[CacheManager] Loaded vdem from cache: /home/lizthedeveloper_gmail_com/satu/orchestrator/src/data/cache/vdem/vdem_2024_full.json
[VDemLoader] Loaded from cache (33 countries)
[CacheManager] Cache valid for undp-hdi (expires 2026-12-11T23:01:24.897Z)
[CacheManager] Cache valid for undp-mpi (expires 2026-12-11T23:01:24.897Z)
[CacheManager] Loaded undp-hdi from cache: /home/lizthedeveloper_gmail_com/satu/orchestrator/src/data/cache/undp/hdi_2024.json
[CacheManager] Loaded undp-mpi from cache: /home/lizthedeveloper_gmail_com/satu/orchestrator/src/data/cache/undp/mpi_2024.json
[UNDPLoader] Loaded HDI from cache (33 countries)
[UNDPLoader] Loaded MPI from cache (17 countries)
[CacheManager] Cache valid for ecological-boundaries (expires 2030-12-10T23:01:24.145Z)
[CacheManager] Cache valid for ecological-footprint (expires 2026-12-11T23:01:24.150Z)
[CacheManager] Cache valid for ecological-airquality (expires 2026-12-11T23:01:24.153Z)
[CacheManager] Loaded ecological-boundaries from cache: /home/lizthedeveloper_gmail_com/satu/orchestrator/src/data/cache/ecological/planetary_boundaries_2023.json
[CacheManager] Loaded ecological-footprint from cache: /home/lizthedeveloper_gmail_com/satu/orchestrator/src/data/cache/ecological/ecological_footprint_2024.json
[CacheManager] Loaded ecological-airquality from cache: /home/lizthedeveloper_gmail_com/satu/orchestrator/src/data/cache/ecological/air_quality_who_2024.json
[EcologicalLoader] Loaded planetary boundaries from cache
[EcologicalLoader] Loaded footprint from cache (21 countries)
[EcologicalLoader] Loaded air quality from cache (21 countries)
[CacheManager] Cache valid for wvs (expires 2035-12-09T23:01:24.901Z)
[CacheManager] Loaded wvs from cache: /home/lizthedeveloper_gmail_com/satu/orchestrator/src/data/cache/wvs/wvs_wave7.json
[WVSLoader] Loaded from cache (28 countries)
Loaded: 33 V-Dem, 33 HDI, 17 MPI, 21 Footprint, 21 Air Quality, 28 WVS
Total unique countries: 33

Global scores: Western=48.5, Development=87.0, Ecological=42.4, Indigenous=39.1
Divergence: 19.2 (maxRange=47.8)
Outcome: Development Utopia
✓ Aggregated: 33 countries
  Coverage: 33 V-Dem, 33 HDI, 21 Footprint, 28 WVS

=== Multi-Paradigm Aggregator ===

Loading data from all 4 loaders...
[CacheManager] Cache valid for vdem (expires 2026-01-10T23:01:24.892Z)
[CacheManager] Loaded vdem from cache: /home/lizthedeveloper_gmail_com/satu/orchestrator/src/data/cache/vdem/vdem_2024_full.json
[VDemLoader] Loaded from cache (33 countries)
[CacheManager] Cache valid for undp-hdi (expires 2026-12-11T23:01:24.897Z)
[CacheManager] Cache valid for undp-mpi (expires 2026-12-11T23:01:24.897Z)
[CacheManager] Loaded undp-hdi from cache: /home/lizthedeveloper_gmail_com/satu/orchestrator/src/data/cache/undp/hdi_2024.json
[CacheManager] Loaded undp-mpi from cache: /home/lizthedeveloper_gmail_com/satu/orchestrator/src/data/cache/undp/mpi_2024.json
[UNDPLoader] Loaded HDI from cache (33 countries)
[UNDPLoader] Loaded MPI from cache (17 countries)
[CacheManager] Cache valid for ecological-boundaries (expires 2030-12-10T23:01:24.145Z)
[CacheManager] Cache valid for ecological-footprint (expires 2026-12-11T23:01:24.150Z)
[CacheManager] Cache valid for ecological-airquality (expires 2026-12-11T23:01:24.153Z)
[CacheManager] Loaded ecological-boundaries from cache: /home/lizthedeveloper_gmail_com/satu/orchestrator/src/data/cache/ecological/planetary_boundaries_2023.json
[CacheManager] Loaded ecological-footprint from cache: /home/lizthedeveloper_gmail_com/satu/orchestrator/src/data/cache/ecological/ecological_footprint_2024.json
[CacheManager] Loaded ecological-airquality from cache: /home/lizthedeveloper_gmail_com/satu/orchestrator/src/data/cache/ecological/air_quality_who_2024.json
[EcologicalLoader] Loaded planetary boundaries from cache
[EcologicalLoader] Loaded footprint from cache (21 countries)
[EcologicalLoader] Loaded air quality from cache (21 countries)
[CacheManager] Cache valid for wvs (expires 2035-12-09T23:01:24.901Z)
[CacheManager] Loaded wvs from cache: /home/lizthedeveloper_gmail_com/satu/orchestrator/src/data/cache/wvs/wvs_wave7.json
[WVSLoader] Loaded from cache (28 countries)
Loaded: 33 V-Dem, 33 HDI, 17 MPI, 21 Footprint, 21 Air Quality, 28 WVS
Total unique countries: 33

Global scores: Western=48.5, Development=87.0, Ecological=42.4, Indigenous=39.1
Divergence: 19.2 (maxRange=47.8)
Outcome: Development Utopia
✓ Global scores valid: Western=48.5, Development=87.0, Ecological=42.4, Indigenous=39.1

=== Multi-Paradigm Aggregator ===

Loading data from all 4 loaders...
[CacheManager] Cache valid for vdem (expires 2026-01-10T23:01:24.892Z)
[CacheManager] Loaded vdem from cache: /home/lizthedeveloper_gmail_com/satu/orchestrator/src/data/cache/vdem/vdem_2024_full.json
[VDemLoader] Loaded from cache (33 countries)
[CacheManager] Cache valid for undp-hdi (expires 2026-12-11T23:01:24.897Z)
[CacheManager] Cache valid for undp-mpi (expires 2026-12-11T23:01:24.897Z)
[CacheManager] Loaded undp-hdi from cache: /home/lizthedeveloper_gmail_com/satu/orchestrator/src/data/cache/undp/hdi_2024.json
[CacheManager] Loaded undp-mpi from cache: /home/lizthedeveloper_gmail_com/satu/orchestrator/src/data/cache/undp/mpi_2024.json
[UNDPLoader] Loaded HDI from cache (33 countries)
[UNDPLoader] Loaded MPI from cache (17 countries)
[CacheManager] Cache valid for ecological-boundaries (expires 2030-12-10T23:01:24.145Z)
[CacheManager] Cache valid for ecological-footprint (expires 2026-12-11T23:01:24.150Z)
[CacheManager] Cache valid for ecological-airquality (expires 2026-12-11T23:01:24.153Z)
[CacheManager] Loaded ecological-boundaries from cache: /home/lizthedeveloper_gmail_com/satu/orchestrator/src/data/cache/ecological/planetary_boundaries_2023.json
[CacheManager] Loaded ecological-footprint from cache: /home/lizthedeveloper_gmail_com/satu/orchestrator/src/data/cache/ecological/ecological_footprint_2024.json
[CacheManager] Loaded ecological-airquality from cache: /home/lizthedeveloper_gmail_com/satu/orchestrator/src/data/cache/ecological/air_quality_who_2024.json
[EcologicalLoader] Loaded planetary boundaries from cache
[EcologicalLoader] Loaded footprint from cache (21 countries)
[EcologicalLoader] Loaded air quality from cache (21 countries)
[CacheManager] Cache valid for wvs (expires 2035-12-09T23:01:24.901Z)
[CacheManager] Loaded wvs from cache: /home/lizthedeveloper_gmail_com/satu/orchestrator/src/data/cache/wvs/wvs_wave7.json
[WVSLoader] Loaded from cache (28 countries)
Loaded: 33 V-Dem, 33 HDI, 17 MPI, 21 Footprint, 21 Air Quality, 28 WVS
Total unique countries: 33

Global scores: Western=48.5, Development=87.0, Ecological=42.4, Indigenous=39.1
Divergence: 19.2 (maxRange=47.8)
Outcome: Development Utopia
✓ Global scores realistic (Western ~50, Development ~65, Ecological ~20, Indigenous ~40)

=== Multi-Paradigm Aggregator ===

Loading data from all 4 loaders...
[CacheManager] Cache valid for vdem (expires 2026-01-10T23:01:24.892Z)
[CacheManager] Loaded vdem from cache: /home/lizthedeveloper_gmail_com/satu/orchestrator/src/data/cache/vdem/vdem_2024_full.json
[VDemLoader] Loaded from cache (33 countries)
[CacheManager] Cache valid for undp-hdi (expires 2026-12-11T23:01:24.897Z)
[CacheManager] Cache valid for undp-mpi (expires 2026-12-11T23:01:24.897Z)
[CacheManager] Loaded undp-hdi from cache: /home/lizthedeveloper_gmail_com/satu/orchestrator/src/data/cache/undp/hdi_2024.json
[CacheManager] Loaded undp-mpi from cache: /home/lizthedeveloper_gmail_com/satu/orchestrator/src/data/cache/undp/mpi_2024.json
[UNDPLoader] Loaded HDI from cache (33 countries)
[UNDPLoader] Loaded MPI from cache (17 countries)
[CacheManager] Cache valid for ecological-boundaries (expires 2030-12-10T23:01:24.145Z)
[CacheManager] Cache valid for ecological-footprint (expires 2026-12-11T23:01:24.150Z)
[CacheManager] Cache valid for ecological-airquality (expires 2026-12-11T23:01:24.153Z)
[CacheManager] Loaded ecological-boundaries from cache: /home/lizthedeveloper_gmail_com/satu/orchestrator/src/data/cache/ecological/planetary_boundaries_2023.json
[CacheManager] Loaded ecological-footprint from cache: /home/lizthedeveloper_gmail_com/satu/orchestrator/src/data/cache/ecological/ecological_footprint_2024.json
[CacheManager] Loaded ecological-airquality from cache: /home/lizthedeveloper_gmail_com/satu/orchestrator/src/data/cache/ecological/air_quality_who_2024.json
[EcologicalLoader] Loaded planetary boundaries from cache
[EcologicalLoader] Loaded footprint from cache (21 countries)
[EcologicalLoader] Loaded air quality from cache (21 countries)
[CacheManager] Cache valid for wvs (expires 2035-12-09T23:01:24.901Z)
[CacheManager] Loaded wvs from cache: /home/lizthedeveloper_gmail_com/satu/orchestrator/src/data/cache/wvs/wvs_wave7.json
[WVSLoader] Loaded from cache (28 countries)
Loaded: 33 V-Dem, 33 HDI, 17 MPI, 21 Footprint, 21 Air Quality, 28 WVS
Total unique countries: 33

Global scores: Western=48.5, Development=87.0, Ecological=42.4, Indigenous=39.1
Divergence: 19.2 (maxRange=47.8)
Outcome: Development Utopia
✓ Norway validated: Western=93.0, Development=98.3, Ecological=41.0, Indigenous=61.0, Divergence=23.5

=== Multi-Paradigm Aggregator ===

Loading data from all 4 loaders...
[CacheManager] Cache valid for vdem (expires 2026-01-10T23:01:24.892Z)
[CacheManager] Loaded vdem from cache: /home/lizthedeveloper_gmail_com/satu/orchestrator/src/data/cache/vdem/vdem_2024_full.json
[VDemLoader] Loaded from cache (33 countries)
[CacheManager] Cache valid for undp-hdi (expires 2026-12-11T23:01:24.897Z)
[CacheManager] Cache valid for undp-mpi (expires 2026-12-11T23:01:24.897Z)
[CacheManager] Loaded undp-hdi from cache: /home/lizthedeveloper_gmail_com/satu/orchestrator/src/data/cache/undp/hdi_2024.json
[CacheManager] Loaded undp-mpi from cache: /home/lizthedeveloper_gmail_com/satu/orchestrator/src/data/cache/undp/mpi_2024.json
[UNDPLoader] Loaded HDI from cache (33 countries)
[UNDPLoader] Loaded MPI from cache (17 countries)
[CacheManager] Cache valid for ecological-boundaries (expires 2030-12-10T23:01:24.145Z)
[CacheManager] Cache valid for ecological-footprint (expires 2026-12-11T23:01:24.150Z)
[CacheManager] Cache valid for ecological-airquality (expires 2026-12-11T23:01:24.153Z)
[CacheManager] Loaded ecological-boundaries from cache: /home/lizthedeveloper_gmail_com/satu/orchestrator/src/data/cache/ecological/planetary_boundaries_2023.json
[CacheManager] Loaded ecological-footprint from cache: /home/lizthedeveloper_gmail_com/satu/orchestrator/src/data/cache/ecological/ecological_footprint_2024.json
[CacheManager] Loaded ecological-airquality from cache: /home/lizthedeveloper_gmail_com/satu/orchestrator/src/data/cache/ecological/air_quality_who_2024.json
[EcologicalLoader] Loaded planetary boundaries from cache
[EcologicalLoader] Loaded footprint from cache (21 countries)
[EcologicalLoader] Loaded air quality from cache (21 countries)
[CacheManager] Cache valid for wvs (expires 2035-12-09T23:01:24.901Z)
[CacheManager] Loaded wvs from cache: /home/lizthedeveloper_gmail_com/satu/orchestrator/src/data/cache/wvs/wvs_wave7.json
[WVSLoader] Loaded from cache (28 countries)
Loaded: 33 V-Dem, 33 HDI, 17 MPI, 21 Footprint, 21 Air Quality, 28 WVS
Total unique countries: 33

Global scores: Western=48.5, Development=87.0, Ecological=42.4, Indigenous=39.1
Divergence: 19.2 (maxRange=47.8)
Outcome: Development Utopia
✓ Singapore conflict validated: Western=51.6 (hybrid), Development=93.9 (utopia), Dominant=contested

=== Multi-Paradigm Aggregator ===

Loading data from all 4 loaders...
[CacheManager] Cache valid for vdem (expires 2026-01-10T23:01:24.892Z)
[CacheManager] Loaded vdem from cache: /home/lizthedeveloper_gmail_com/satu/orchestrator/src/data/cache/vdem/vdem_2024_full.json
[VDemLoader] Loaded from cache (33 countries)
[CacheManager] Cache valid for undp-hdi (expires 2026-12-11T23:01:24.897Z)
[CacheManager] Cache valid for undp-mpi (expires 2026-12-11T23:01:24.897Z)
[CacheManager] Loaded undp-hdi from cache: /home/lizthedeveloper_gmail_com/satu/orchestrator/src/data/cache/undp/hdi_2024.json
[CacheManager] Loaded undp-mpi from cache: /home/lizthedeveloper_gmail_com/satu/orchestrator/src/data/cache/undp/mpi_2024.json
[UNDPLoader] Loaded HDI from cache (33 countries)
[UNDPLoader] Loaded MPI from cache (17 countries)
[CacheManager] Cache valid for ecological-boundaries (expires 2030-12-10T23:01:24.145Z)
[CacheManager] Cache valid for ecological-footprint (expires 2026-12-11T23:01:24.150Z)
[CacheManager] Cache valid for ecological-airquality (expires 2026-12-11T23:01:24.153Z)
[CacheManager] Loaded ecological-boundaries from cache: /home/lizthedeveloper_gmail_com/satu/orchestrator/src/data/cache/ecological/planetary_boundaries_2023.json
[CacheManager] Loaded ecological-footprint from cache: /home/lizthedeveloper_gmail_com/satu/orchestrator/src/data/cache/ecological/ecological_footprint_2024.json
[CacheManager] Loaded ecological-airquality from cache: /home/lizthedeveloper_gmail_com/satu/orchestrator/src/data/cache/ecological/air_quality_who_2024.json
[EcologicalLoader] Loaded planetary boundaries from cache
[EcologicalLoader] Loaded footprint from cache (21 countries)
[EcologicalLoader] Loaded air quality from cache (21 countries)
[CacheManager] Cache valid for wvs (expires 2035-12-09T23:01:24.901Z)
[CacheManager] Loaded wvs from cache: /home/lizthedeveloper_gmail_com/satu/orchestrator/src/data/cache/wvs/wvs_wave7.json
[WVSLoader] Loaded from cache (28 countries)
Loaded: 33 V-Dem, 33 HDI, 17 MPI, 21 Footprint, 21 Air Quality, 28 WVS
Total unique countries: 33

Global scores: Western=48.5, Development=87.0, Ecological=42.4, Indigenous=39.1
Divergence: 19.2 (maxRange=47.8)
Outcome: Development Utopia
✓ Global divergence: Overall=19.2, MaxRange=47.8, Classification=HIGH CONFLICT (40-60 point range)

=== Multi-Paradigm Aggregator ===

Loading data from all 4 loaders...
[CacheManager] Cache valid for vdem (expires 2026-01-10T23:01:24.892Z)
[CacheManager] Loaded vdem from cache: /home/lizthedeveloper_gmail_com/satu/orchestrator/src/data/cache/vdem/vdem_2024_full.json
[VDemLoader] Loaded from cache (33 countries)
[CacheManager] Cache valid for undp-hdi (expires 2026-12-11T23:01:24.897Z)
[CacheManager] Cache valid for undp-mpi (expires 2026-12-11T23:01:24.897Z)
[CacheManager] Loaded undp-hdi from cache: /home/lizthedeveloper_gmail_com/satu/orchestrator/src/data/cache/undp/hdi_2024.json
[CacheManager] Loaded undp-mpi from cache: /home/lizthedeveloper_gmail_com/satu/orchestrator/src/data/cache/undp/mpi_2024.json
[UNDPLoader] Loaded HDI from cache (33 countries)
[UNDPLoader] Loaded MPI from cache (17 countries)
[CacheManager] Cache valid for ecological-boundaries (expires 2030-12-10T23:01:24.145Z)
[CacheManager] Cache valid for ecological-footprint (expires 2026-12-11T23:01:24.150Z)
[CacheManager] Cache valid for ecological-airquality (expires 2026-12-11T23:01:24.153Z)
[CacheManager] Loaded ecological-boundaries from cache: /home/lizthedeveloper_gmail_com/satu/orchestrator/src/data/cache/ecological/planetary_boundaries_2023.json
[CacheManager] Loaded ecological-footprint from cache: /home/lizthedeveloper_gmail_com/satu/orchestrator/src/data/cache/ecological/ecological_footprint_2024.json
[CacheManager] Loaded ecological-airquality from cache: /home/lizthedeveloper_gmail_com/satu/orchestrator/src/data/cache/ecological/air_quality_who_2024.json
[EcologicalLoader] Loaded planetary boundaries from cache
[EcologicalLoader] Loaded footprint from cache (21 countries)
[EcologicalLoader] Loaded air quality from cache (21 countries)
[CacheManager] Cache valid for wvs (expires 2035-12-09T23:01:24.901Z)
[CacheManager] Loaded wvs from cache: /home/lizthedeveloper_gmail_com/satu/orchestrator/src/data/cache/wvs/wvs_wave7.json
[WVSLoader] Loaded from cache (28 countries)
Loaded: 33 V-Dem, 33 HDI, 17 MPI, 21 Footprint, 21 Air Quality, 28 WVS
Total unique countries: 33

Global scores: Western=48.5, Development=87.0, Ecological=42.4, Indigenous=39.1
Divergence: 19.2 (maxRange=47.8)
Outcome: Development Utopia
✓ Contested countries: 29 total
  Examples: NOR (23.5), SWE (21.8), DEU (24.1), USA (24.7), GBR (22.0)

=== Multi-Paradigm Aggregator ===

Loading data from all 4 loaders...
[CacheManager] Cache valid for vdem (expires 2026-01-10T23:01:24.892Z)
[CacheManager] Loaded vdem from cache: /home/lizthedeveloper_gmail_com/satu/orchestrator/src/data/cache/vdem/vdem_2024_full.json
[VDemLoader] Loaded from cache (33 countries)
[CacheManager] Cache valid for undp-hdi (expires 2026-12-11T23:01:24.897Z)
[CacheManager] Cache valid for undp-mpi (expires 2026-12-11T23:01:24.897Z)
[CacheManager] Loaded undp-hdi from cache: /home/lizthedeveloper_gmail_com/satu/orchestrator/src/data/cache/undp/hdi_2024.json
[CacheManager] Loaded undp-mpi from cache: /home/lizthedeveloper_gmail_com/satu/orchestrator/src/data/cache/undp/mpi_2024.json
[UNDPLoader] Loaded HDI from cache (33 countries)
[UNDPLoader] Loaded MPI from cache (17 countries)
[CacheManager] Cache valid for ecological-boundaries (expires 2030-12-10T23:01:24.145Z)
[CacheManager] Cache valid for ecological-footprint (expires 2026-12-11T23:01:24.150Z)
[CacheManager] Cache valid for ecological-airquality (expires 2026-12-11T23:01:24.153Z)
[CacheManager] Loaded ecological-boundaries from cache: /home/lizthedeveloper_gmail_com/satu/orchestrator/src/data/cache/ecological/planetary_boundaries_2023.json
[CacheManager] Loaded ecological-footprint from cache: /home/lizthedeveloper_gmail_com/satu/orchestrator/src/data/cache/ecological/ecological_footprint_2024.json
[CacheManager] Loaded ecological-airquality from cache: /home/lizthedeveloper_gmail_com/satu/orchestrator/src/data/cache/ecological/air_quality_who_2024.json
[EcologicalLoader] Loaded planetary boundaries from cache
[EcologicalLoader] Loaded footprint from cache (21 countries)
[EcologicalLoader] Loaded air quality from cache (21 countries)
[CacheManager] Cache valid for wvs (expires 2035-12-09T23:01:24.901Z)
[CacheManager] Loaded wvs from cache: /home/lizthedeveloper_gmail_com/satu/orchestrator/src/data/cache/wvs/wvs_wave7.json
[WVSLoader] Loaded from cache (28 countries)
Loaded: 33 V-Dem, 33 HDI, 17 MPI, 21 Footprint, 21 Air Quality, 28 WVS
Total unique countries: 33

Global scores: Western=48.5, Development=87.0, Ecological=42.4, Indigenous=39.1
Divergence: 19.2 (maxRange=47.8)
Outcome: Development Utopia
  Note: Development-Ecological correlation 0.12 (expected negative ~-0.6, but limited sample)
✓ Correlations calculated:
  Western ↔ Development: 0.60 (expected positive ~0.7-0.9)
  Development ↔ Ecological: 0.12 (expected negative ~-0.6)
  Western ↔ Ecological: 0.07
  Ecological ↔ Indigenous: -0.09
  Strongest: western_development (0.60)

=== Multi-Paradigm Aggregator ===

Loading data from all 4 loaders...
[CacheManager] Cache valid for vdem (expires 2026-01-10T23:01:24.892Z)
[CacheManager] Loaded vdem from cache: /home/lizthedeveloper_gmail_com/satu/orchestrator/src/data/cache/vdem/vdem_2024_full.json
[VDemLoader] Loaded from cache (33 countries)
[CacheManager] Cache valid for undp-hdi (expires 2026-12-11T23:01:24.897Z)
[CacheManager] Cache valid for undp-mpi (expires 2026-12-11T23:01:24.897Z)
[CacheManager] Loaded undp-hdi from cache: /home/lizthedeveloper_gmail_com/satu/orchestrator/src/data/cache/undp/hdi_2024.json
[CacheManager] Loaded undp-mpi from cache: /home/lizthedeveloper_gmail_com/satu/orchestrator/src/data/cache/undp/mpi_2024.json
[UNDPLoader] Loaded HDI from cache (33 countries)
[UNDPLoader] Loaded MPI from cache (17 countries)
[CacheManager] Cache valid for ecological-boundaries (expires 2030-12-10T23:01:24.145Z)
[CacheManager] Cache valid for ecological-footprint (expires 2026-12-11T23:01:24.150Z)
[CacheManager] Cache valid for ecological-airquality (expires 2026-12-11T23:01:24.153Z)
[CacheManager] Loaded ecological-boundaries from cache: /home/lizthedeveloper_gmail_com/satu/orchestrator/src/data/cache/ecological/planetary_boundaries_2023.json
[CacheManager] Loaded ecological-footprint from cache: /home/lizthedeveloper_gmail_com/satu/orchestrator/src/data/cache/ecological/ecological_footprint_2024.json
[CacheManager] Loaded ecological-airquality from cache: /home/lizthedeveloper_gmail_com/satu/orchestrator/src/data/cache/ecological/air_quality_who_2024.json
[EcologicalLoader] Loaded planetary boundaries from cache
[EcologicalLoader] Loaded footprint from cache (21 countries)
[EcologicalLoader] Loaded air quality from cache (21 countries)
[CacheManager] Cache valid for wvs (expires 2035-12-09T23:01:24.901Z)
[CacheManager] Loaded wvs from cache: /home/lizthedeveloper_gmail_com/satu/orchestrator/src/data/cache/wvs/wvs_wave7.json
[WVSLoader] Loaded from cache (28 countries)
Loaded: 33 V-Dem, 33 HDI, 17 MPI, 21 Footprint, 21 Air Quality, 28 WVS
Total unique countries: 33

Global scores: Western=48.5, Development=87.0, Ecological=42.4, Indigenous=39.1
Divergence: 19.2 (maxRange=47.8)
Outcome: Development Utopia
✓ Correlation validation: FAILED
  Warnings:
    - Development-Ecological correlation not negative enough: 0.12 (expected ~-0.6)
    - Western-Ecological correlation not negative enough: 0.07 (expected ~-0.4)
    - Ecological-Indigenous correlation too low: -0.09 (expected ~0.5-0.7)

=== Multi-Paradigm Aggregator ===

Loading data from all 4 loaders...
[CacheManager] Cache valid for vdem (expires 2026-01-10T23:01:24.892Z)
[CacheManager] Loaded vdem from cache: /home/lizthedeveloper_gmail_com/satu/orchestrator/src/data/cache/vdem/vdem_2024_full.json
[VDemLoader] Loaded from cache (33 countries)
[CacheManager] Cache valid for undp-hdi (expires 2026-12-11T23:01:24.897Z)
[CacheManager] Cache valid for undp-mpi (expires 2026-12-11T23:01:24.897Z)
[CacheManager] Loaded undp-hdi from cache: /home/lizthedeveloper_gmail_com/satu/orchestrator/src/data/cache/undp/hdi_2024.json
[CacheManager] Loaded undp-mpi from cache: /home/lizthedeveloper_gmail_com/satu/orchestrator/src/data/cache/undp/mpi_2024.json
[UNDPLoader] Loaded HDI from cache (33 countries)
[UNDPLoader] Loaded MPI from cache (17 countries)
[CacheManager] Cache valid for ecological-boundaries (expires 2030-12-10T23:01:24.145Z)
[CacheManager] Cache valid for ecological-footprint (expires 2026-12-11T23:01:24.150Z)
[CacheManager] Cache valid for ecological-airquality (expires 2026-12-11T23:01:24.153Z)
[CacheManager] Loaded ecological-boundaries from cache: /home/lizthedeveloper_gmail_com/satu/orchestrator/src/data/cache/ecological/planetary_boundaries_2023.json
[CacheManager] Loaded ecological-footprint from cache: /home/lizthedeveloper_gmail_com/satu/orchestrator/src/data/cache/ecological/ecological_footprint_2024.json
[CacheManager] Loaded ecological-airquality from cache: /home/lizthedeveloper_gmail_com/satu/orchestrator/src/data/cache/ecological/air_quality_who_2024.json
[EcologicalLoader] Loaded planetary boundaries from cache
[EcologicalLoader] Loaded footprint from cache (21 countries)
[EcologicalLoader] Loaded air quality from cache (21 countries)
[CacheManager] Cache valid for wvs (expires 2035-12-09T23:01:24.901Z)
[CacheManager] Loaded wvs from cache: /home/lizthedeveloper_gmail_com/satu/orchestrator/src/data/cache/wvs/wvs_wave7.json
[WVSLoader] Loaded from cache (28 countries)
Loaded: 33 V-Dem, 33 HDI, 17 MPI, 21 Footprint, 21 Air Quality, 28 WVS
Total unique countries: 33

Global scores: Western=48.5, Development=87.0, Ecological=42.4, Indigenous=39.1
Divergence: 19.2 (maxRange=47.8)
Outcome: Development Utopia
✓ Global outcome: Development Utopia
  Utopias: 1, Dystopias: 0, Contested: false

=== Multi-Paradigm Aggregator ===

Loading data from all 4 loaders...
[CacheManager] Cache valid for vdem (expires 2026-01-10T23:01:24.892Z)
[CacheManager] Loaded vdem from cache: /home/lizthedeveloper_gmail_com/satu/orchestrator/src/data/cache/vdem/vdem_2024_full.json
[VDemLoader] Loaded from cache (33 countries)
[CacheManager] Cache valid for undp-hdi (expires 2026-12-11T23:01:24.897Z)
[CacheManager] Cache valid for undp-mpi (expires 2026-12-11T23:01:24.897Z)
[CacheManager] Loaded undp-hdi from cache: /home/lizthedeveloper_gmail_com/satu/orchestrator/src/data/cache/undp/hdi_2024.json
[CacheManager] Loaded undp-mpi from cache: /home/lizthedeveloper_gmail_com/satu/orchestrator/src/data/cache/undp/mpi_2024.json
[UNDPLoader] Loaded HDI from cache (33 countries)
[UNDPLoader] Loaded MPI from cache (17 countries)
[CacheManager] Cache valid for ecological-boundaries (expires 2030-12-10T23:01:24.145Z)
[CacheManager] Cache valid for ecological-footprint (expires 2026-12-11T23:01:24.150Z)
[CacheManager] Cache valid for ecological-airquality (expires 2026-12-11T23:01:24.153Z)
[CacheManager] Loaded ecological-boundaries from cache: /home/lizthedeveloper_gmail_com/satu/orchestrator/src/data/cache/ecological/planetary_boundaries_2023.json
[CacheManager] Loaded ecological-footprint from cache: /home/lizthedeveloper_gmail_com/satu/orchestrator/src/data/cache/ecological/ecological_footprint_2024.json
[CacheManager] Loaded ecological-airquality from cache: /home/lizthedeveloper_gmail_com/satu/orchestrator/src/data/cache/ecological/air_quality_who_2024.json
[EcologicalLoader] Loaded planetary boundaries from cache
[EcologicalLoader] Loaded footprint from cache (21 countries)
[EcologicalLoader] Loaded air quality from cache (21 countries)
[CacheManager] Cache valid for wvs (expires 2035-12-09T23:01:24.901Z)
[CacheManager] Loaded wvs from cache: /home/lizthedeveloper_gmail_com/satu/orchestrator/src/data/cache/wvs/wvs_wave7.json
[WVSLoader] Loaded from cache (28 countries)
Loaded: 33 V-Dem, 33 HDI, 17 MPI, 21 Footprint, 21 Air Quality, 28 WVS
Total unique countries: 33

Global scores: Western=48.5, Development=87.0, Ecological=42.4, Indigenous=39.1
Divergence: 19.2 (maxRange=47.8)
Outcome: Development Utopia
✓ Norway outcome: Western Liberal/Development Utopia (utopias=2, dystopias=0)

=== Multi-Paradigm Aggregator ===

Loading data from all 4 loaders...
[CacheManager] Cache valid for vdem (expires 2026-01-10T23:01:24.892Z)
[CacheManager] Loaded vdem from cache: /home/lizthedeveloper_gmail_com/satu/orchestrator/src/data/cache/vdem/vdem_2024_full.json
[VDemLoader] Loaded from cache (33 countries)
[CacheManager] Cache valid for undp-hdi (expires 2026-12-11T23:01:24.897Z)
[CacheManager] Cache valid for undp-mpi (expires 2026-12-11T23:01:24.897Z)
[CacheManager] Loaded undp-hdi from cache: /home/lizthedeveloper_gmail_com/satu/orchestrator/src/data/cache/undp/hdi_2024.json
[CacheManager] Loaded undp-mpi from cache: /home/lizthedeveloper_gmail_com/satu/orchestrator/src/data/cache/undp/mpi_2024.json
[UNDPLoader] Loaded HDI from cache (33 countries)
[UNDPLoader] Loaded MPI from cache (17 countries)
[CacheManager] Cache valid for ecological-boundaries (expires 2030-12-10T23:01:24.145Z)
[CacheManager] Cache valid for ecological-footprint (expires 2026-12-11T23:01:24.150Z)
[CacheManager] Cache valid for ecological-airquality (expires 2026-12-11T23:01:24.153Z)
[CacheManager] Loaded ecological-boundaries from cache: /home/lizthedeveloper_gmail_com/satu/orchestrator/src/data/cache/ecological/planetary_boundaries_2023.json
[CacheManager] Loaded ecological-footprint from cache: /home/lizthedeveloper_gmail_com/satu/orchestrator/src/data/cache/ecological/ecological_footprint_2024.json
[CacheManager] Loaded ecological-airquality from cache: /home/lizthedeveloper_gmail_com/satu/orchestrator/src/data/cache/ecological/air_quality_who_2024.json
[EcologicalLoader] Loaded planetary boundaries from cache
[EcologicalLoader] Loaded footprint from cache (21 countries)
[EcologicalLoader] Loaded air quality from cache (21 countries)
[CacheManager] Cache valid for wvs (expires 2035-12-09T23:01:24.901Z)
[CacheManager] Loaded wvs from cache: /home/lizthedeveloper_gmail_com/satu/orchestrator/src/data/cache/wvs/wvs_wave7.json
[WVSLoader] Loaded from cache (28 countries)
Loaded: 33 V-Dem, 33 HDI, 17 MPI, 21 Footprint, 21 Air Quality, 28 WVS
Total unique countries: 33

Global scores: Western=48.5, Development=87.0, Ecological=42.4, Indigenous=39.1
Divergence: 19.2 (maxRange=47.8)
Outcome: Development Utopia
✓ Singapore outcome: Development Utopia
✓ Trend detection: CONVERGING scenario works
✓ Trend detection: DIVERGING scenario works

=== Multi-Paradigm Aggregator ===

Loading data from all 4 loaders...
[CacheManager] Cache valid for vdem (expires 2026-01-10T23:01:24.892Z)
[CacheManager] Loaded vdem from cache: /home/lizthedeveloper_gmail_com/satu/orchestrator/src/data/cache/vdem/vdem_2024_full.json
[VDemLoader] Loaded from cache (33 countries)
[CacheManager] Cache valid for undp-hdi (expires 2026-12-11T23:01:24.897Z)
[CacheManager] Cache valid for undp-mpi (expires 2026-12-11T23:01:24.897Z)
[CacheManager] Loaded undp-hdi from cache: /home/lizthedeveloper_gmail_com/satu/orchestrator/src/data/cache/undp/hdi_2024.json
[CacheManager] Loaded undp-mpi from cache: /home/lizthedeveloper_gmail_com/satu/orchestrator/src/data/cache/undp/mpi_2024.json
[UNDPLoader] Loaded HDI from cache (33 countries)
[UNDPLoader] Loaded MPI from cache (17 countries)
[CacheManager] Cache valid for ecological-boundaries (expires 2030-12-10T23:01:24.145Z)
[CacheManager] Cache valid for ecological-footprint (expires 2026-12-11T23:01:24.150Z)
[CacheManager] Cache valid for ecological-airquality (expires 2026-12-11T23:01:24.153Z)
[CacheManager] Loaded ecological-boundaries from cache: /home/lizthedeveloper_gmail_com/satu/orchestrator/src/data/cache/ecological/planetary_boundaries_2023.json
[CacheManager] Loaded ecological-footprint from cache: /home/lizthedeveloper_gmail_com/satu/orchestrator/src/data/cache/ecological/ecological_footprint_2024.json
[CacheManager] Loaded ecological-airquality from cache: /home/lizthedeveloper_gmail_com/satu/orchestrator/src/data/cache/ecological/air_quality_who_2024.json
[EcologicalLoader] Loaded planetary boundaries from cache
[EcologicalLoader] Loaded footprint from cache (21 countries)
[EcologicalLoader] Loaded air quality from cache (21 countries)
[CacheManager] Cache valid for wvs (expires 2035-12-09T23:01:24.901Z)
[CacheManager] Loaded wvs from cache: /home/lizthedeveloper_gmail_com/satu/orchestrator/src/data/cache/wvs/wvs_wave7.json
[WVSLoader] Loaded from cache (28 countries)
Loaded: 33 V-Dem, 33 HDI, 17 MPI, 21 Footprint, 21 Air Quality, 28 WVS
Total unique countries: 33

Global scores: Western=48.5, Development=87.0, Ecological=42.4, Indigenous=39.1
Divergence: 19.2 (maxRange=47.8)
Outcome: Development Utopia
✓ Most conflicting pair: development_indigenous (47.8 points)
▶ Multi-Paradigm Aggregator
  ✔ should load and aggregate all paradigms (80.311213ms)
  ✔ should have valid global paradigm scores (19.965568ms)
  ✔ should have realistic global paradigm scores (2024 baseline) (13.908379ms)
  ✔ should validate Norway paradigm scores (14.581389ms)
  ✔ should validate Singapore paradigm conflict (20.768648ms)
  ✔ should calculate divergence correctly (14.534788ms)
  ✔ should find contested countries (18.082508ms)
  ✔ should calculate correlations across countries (23.649358ms)
  ✔ should validate correlations against research claims (20.983828ms)
  ✔ should classify outcomes correctly (25.306118ms)
  ✔ should classify Norway outcome correctly (19.154268ms)
  ✔ should classify Singapore outcome as contested (17.162509ms)
  ✔ should demonstrate paradigm divergence trend detection (0.75684ms)
  ✔ should demonstrate most conflicting pair detection (24.382208ms)
✔ Multi-Paradigm Aggregator (329.277742ms)
[CacheManager] Cache valid for undp-hdi (expires 2026-12-11T23:01:24.897Z)
[CacheManager] Loaded undp-hdi from cache: /home/lizthedeveloper_gmail_com/satu/orchestrator/src/data/cache/undp/hdi_2024.json
[UNDPLoader] Loaded HDI from cache (33 countries)
✓ Loaded 33 countries from HDI 2024
[CacheManager] Cache valid for undp-mpi (expires 2026-12-11T23:01:24.897Z)
[CacheManager] Loaded undp-mpi from cache: /home/lizthedeveloper_gmail_com/satu/orchestrator/src/data/cache/undp/mpi_2024.json
[UNDPLoader] Loaded MPI from cache (17 countries)
✓ Loaded 17 countries from MPI 2024
[CacheManager] Cache valid for undp-hdi (expires 2026-12-11T23:01:24.897Z)
[CacheManager] Cache valid for undp-mpi (expires 2026-12-11T23:01:24.897Z)
[CacheManager] Loaded undp-hdi from cache: /home/lizthedeveloper_gmail_com/satu/orchestrator/src/data/cache/undp/hdi_2024.json
[CacheManager] Loaded undp-mpi from cache: /home/lizthedeveloper_gmail_com/satu/orchestrator/src/data/cache/undp/mpi_2024.json
[UNDPLoader] Loaded HDI from cache (33 countries)
[UNDPLoader] Loaded MPI from cache (17 countries)
✓ Loaded UNDP: 33 HDI, 17 MPI
[CacheManager] Cache valid for undp-hdi (expires 2026-12-11T23:01:24.897Z)
[CacheManager] Loaded undp-hdi from cache: /home/lizthedeveloper_gmail_com/satu/orchestrator/src/data/cache/undp/hdi_2024.json
[UNDPLoader] Loaded HDI from cache (33 countries)
✓ HDI scores realistic (Norway top, USA very high, India medium)
[CacheManager] Cache valid for undp-mpi (expires 2026-12-11T23:01:24.897Z)
[CacheManager] Loaded undp-mpi from cache: /home/lizthedeveloper_gmail_com/satu/orchestrator/src/data/cache/undp/mpi_2024.json
[UNDPLoader] Loaded MPI from cache (17 countries)
✓ MPI scores realistic (Norway near-zero, India/Pakistan high poverty)
[CacheManager] Cache valid for undp-hdi (expires 2026-12-11T23:01:24.897Z)
[CacheManager] Cache valid for undp-mpi (expires 2026-12-11T23:01:24.897Z)
[CacheManager] Loaded undp-hdi from cache: /home/lizthedeveloper_gmail_com/satu/orchestrator/src/data/cache/undp/hdi_2024.json
[CacheManager] Loaded undp-mpi from cache: /home/lizthedeveloper_gmail_com/satu/orchestrator/src/data/cache/undp/mpi_2024.json
[UNDPLoader] Loaded HDI from cache (33 countries)
[UNDPLoader] Loaded MPI from cache (17 countries)
✓ Norway normalized: HDI=96.6, MPI=100.0, Overall=98.3
[CacheManager] Cache valid for undp-hdi (expires 2026-12-11T23:01:24.897Z)
[CacheManager] Cache valid for undp-mpi (expires 2026-12-11T23:01:24.897Z)
[CacheManager] Loaded undp-hdi from cache: /home/lizthedeveloper_gmail_com/satu/orchestrator/src/data/cache/undp/hdi_2024.json
[CacheManager] Loaded undp-mpi from cache: /home/lizthedeveloper_gmail_com/satu/orchestrator/src/data/cache/undp/mpi_2024.json
[UNDPLoader] Loaded HDI from cache (33 countries)
[UNDPLoader] Loaded MPI from cache (17 countries)
✓ Classifications: Norway=VERY HIGH DEVELOPMENT (utopia), India=HIGH DEVELOPMENT, Pakistan=MEDIUM DEVELOPMENT
[CacheManager] Cache valid for undp-hdi (expires 2026-12-11T23:01:24.897Z)
[CacheManager] Cache valid for undp-mpi (expires 2026-12-11T23:01:24.897Z)
[CacheManager] Loaded undp-hdi from cache: /home/lizthedeveloper_gmail_com/satu/orchestrator/src/data/cache/undp/hdi_2024.json
[CacheManager] Loaded undp-mpi from cache: /home/lizthedeveloper_gmail_com/satu/orchestrator/src/data/cache/undp/mpi_2024.json
[UNDPLoader] Loaded HDI from cache (33 countries)
[UNDPLoader] Loaded MPI from cache (17 countries)
✓ Batch normalized: Highest=NOR (98.3), Lowest=NGA (63.8)
[CacheManager] Cache valid for undp-hdi (expires 2026-12-11T23:01:24.897Z)
[CacheManager] Cache valid for undp-mpi (expires 2026-12-11T23:01:24.897Z)
[CacheManager] Loaded undp-hdi from cache: /home/lizthedeveloper_gmail_com/satu/orchestrator/src/data/cache/undp/hdi_2024.json
[CacheManager] Loaded undp-mpi from cache: /home/lizthedeveloper_gmail_com/satu/orchestrator/src/data/cache/undp/mpi_2024.json
[UNDPLoader] Loaded HDI from cache (33 countries)
[UNDPLoader] Loaded MPI from cache (17 countries)
✓ Singapore paradigm conflict: Development=93.9 (VERY HIGH DEVELOPMENT (utopia)), Western Liberal=51.6 (HYBRID)
▶ UNDP Loader
  ✔ should load HDI data (uses cache if available) (46.819467ms)
  ✔ should load MPI data (uses cache if available) (14.058739ms)
  ✔ should load both HDI and MPI together (21.545999ms)
  ✔ should have realistic HDI scores (1.03407ms)
  ✔ should have realistic MPI scores (13.724438ms)
  ✔ should normalize UNDP to 0-100 scale (24.642758ms)
  ✔ should classify Development paradigm levels (21.778448ms)
  ✔ should normalize batch of countries (29.887868ms)
  ✔ should demonstrate paradigm conflicts (Singapore) (6.440949ms)
✔ UNDP Loader (198.946043ms)
[CacheManager] Cache valid for vdem (expires 2026-01-10T23:01:24.892Z)
[CacheManager] Loaded vdem from cache: /home/lizthedeveloper_gmail_com/satu/orchestrator/src/data/cache/vdem/vdem_2024_full.json
[VDemLoader] Loaded from cache (33 countries)
✓ Loaded 33 countries from V-Dem 14.1
[CacheManager] Cache valid for vdem (expires 2026-01-10T23:01:24.892Z)
[CacheManager] Loaded vdem from cache: /home/lizthedeveloper_gmail_com/satu/orchestrator/src/data/cache/vdem/vdem_2024_full.json
[VDemLoader] Loaded from cache (33 countries)
✓ V-Dem scores realistic (Norway high, China low, USA medium-high)
[CacheManager] Cache valid for vdem (expires 2026-01-10T23:01:24.892Z)
[CacheManager] Loaded vdem from cache: /home/lizthedeveloper_gmail_com/satu/orchestrator/src/data/cache/vdem/vdem_2024_full.json
[VDemLoader] Loaded from cache (33 countries)
✓ Norway normalized: Electoral=92.0, Liberal=94.0, Overall=93.0
[CacheManager] Cache valid for vdem (expires 2026-01-10T23:01:24.892Z)
[CacheManager] Loaded vdem from cache: /home/lizthedeveloper_gmail_com/satu/orchestrator/src/data/cache/vdem/vdem_2024_full.json
[VDemLoader] Loaded from cache (33 countries)
✓ Classifications: Norway=LIBERAL DEMOCRACY (utopia), China=CLOSED AUTOCRACY (dystopia), India=HYBRID REGIME
[CacheManager] Cache valid for vdem (expires 2026-01-10T23:01:24.892Z)
[CacheManager] Loaded vdem from cache: /home/lizthedeveloper_gmail_com/satu/orchestrator/src/data/cache/vdem/vdem_2024_full.json
[VDemLoader] Loaded from cache (33 countries)
✓ Batch normalized: Highest=NOR (93.0), Lowest=SAU (5.7)
[CacheManager] Cache valid for vdem (expires 2026-01-10T23:01:24.892Z)
[CacheManager] Loaded vdem from cache: /home/lizthedeveloper_gmail_com/satu/orchestrator/src/data/cache/vdem/vdem_2024_full.json
[VDemLoader] Loaded from cache (33 countries)
✓ Singapore paradigm conflict: Western Liberal=51.6 (HYBRID REGIME), Development=HIGH (HDI 0.939)
▶ V-Dem Loader
  ✔ should load V-Dem data (uses cache if available) (10.359729ms)
  ✔ should have realistic V-Dem scores (5.88759ms)
  ✔ should normalize V-Dem to 0-100 scale (2.054749ms)
  ✔ should classify Western Liberal paradigm levels (2.80347ms)
  ✔ should normalize batch of countries (5.24825ms)
  ✔ should demonstrate paradigm conflicts (Singapore) (0.874789ms)
✔ V-Dem Loader (30.568527ms)
[CacheManager] Cache valid for wvs (expires 2035-12-09T23:01:24.901Z)
[CacheManager] Loaded wvs from cache: /home/lizthedeveloper_gmail_com/satu/orchestrator/src/data/cache/wvs/wvs_wave7.json
[WVSLoader] Loaded from cache (28 countries)
✓ Loaded 28 countries from WVS Wave 7 (2017-2022)
[CacheManager] Cache valid for wvs (expires 2035-12-09T23:01:24.901Z)
[CacheManager] Loaded wvs from cache: /home/lizthedeveloper_gmail_com/satu/orchestrator/src/data/cache/wvs/wvs_wave7.json
[WVSLoader] Loaded from cache (28 countries)
✓ WVS scores realistic (Norway high trust/participation, Brazil low trust, Indonesia high community)
[CacheManager] Cache valid for wvs (expires 2035-12-09T23:01:24.901Z)
[CacheManager] Loaded wvs from cache: /home/lizthedeveloper_gmail_com/satu/orchestrator/src/data/cache/wvs/wvs_wave7.json
[WVSLoader] Loaded from cache (28 countries)
✓ WVS normalized: Norway=61.0, Brazil=22.9
[CacheManager] Cache valid for wvs (expires 2035-12-09T23:01:24.901Z)
[CacheManager] Loaded wvs from cache: /home/lizthedeveloper_gmail_com/satu/orchestrator/src/data/cache/wvs/wvs_wave7.json
[WVSLoader] Loaded from cache (28 countries)
✓ Classifications: Norway=COMMUNITARIAN (strong community bonds), Brazil=INDIVIDUALIST (weak community bonds)
[CacheManager] Cache valid for wvs (expires 2035-12-09T23:01:24.901Z)
[CacheManager] Loaded wvs from cache: /home/lizthedeveloper_gmail_com/satu/orchestrator/src/data/cache/wvs/wvs_wave7.json
[WVSLoader] Loaded from cache (28 countries)
✓ Batch normalized: Highest=NOR (61.0), Lowest=BRA (22.9)
[CacheManager] Cache valid for wvs (expires 2035-12-09T23:01:24.901Z)
[CacheManager] Loaded wvs from cache: /home/lizthedeveloper_gmail_com/satu/orchestrator/src/data/cache/wvs/wvs_wave7.json
[WVSLoader] Loaded from cache (28 countries)
✓ Trust-community tension: PHL has 85% community importance but 8% social trust
  → Indigenous score: 31.3 (INDIVIDUALIST (weak community bonds))
[CacheManager] Cache valid for wvs (expires 2035-12-09T23:01:24.901Z)
[CacheManager] Loaded wvs from cache: /home/lizthedeveloper_gmail_com/satu/orchestrator/src/data/cache/wvs/wvs_wave7.json
[WVSLoader] Loaded from cache (28 countries)
✓ Nordic civic participation: NOR=68%, SWE=72%, NLD=70%
[CacheManager] Cache valid for wvs (expires 2035-12-09T23:01:24.901Z)
[CacheManager] Loaded wvs from cache: /home/lizthedeveloper_gmail_com/satu/orchestrator/src/data/cache/wvs/wvs_wave7.json
[WVSLoader] Loaded from cache (28 countries)
✓ Asia high-community pattern: THA=78%, VNM=82%, PHL=85%, IDN=88%, IND=78%, PAK=82%, BGD=80%
▶ WVS Loader
  ✔ should load WVS Wave 7 data (uses cache if available) (24.877658ms)
  ✔ should have realistic WVS scores (7.735199ms)
  ✔ should normalize WVS data correctly (6.21977ms)
  ✔ should classify Indigenous paradigm levels (5.793819ms)
  ✔ should normalize batch of countries (1.00859ms)
  ✔ should demonstrate trust-vs-community tension (11.475929ms)
  ✔ should demonstrate Nordic civic participation advantage (6.77213ms)
  ✔ should demonstrate Asia high-community pattern (3.45455ms)
✔ WVS Loader (74.004903ms)

🔬 Running 5 simulations with seed=42 to validate determinism...
  ✅ THRESHOLDS validated
⚠️ Unusually high rate: RATES.HEAT_ADAPTATION_INFRASTRUCTURAL_MIN_EXPOSURE = 12
   Monthly rates >100% should be rare. Verify this is intentional.
⚠️ Unusually high rate: RATES.HEAT_ADAPTATION_SOCIAL_MIN_EXPOSURE = 6
   Monthly rates >100% should be rare. Verify this is intentional.
⚠️ Unusually high rate: RATES.MIGRATION_DISTANCE_SCALE = 5000
   Monthly rates >100% should be rare. Verify this is intentional.
⚠️ Unusually high rate: RATES.EVACUATION_MULTIPLIER_ADVANCE_WARNING = 2
   Monthly rates >100% should be rare. Verify this is intentional.
⚠️ Unusually high rate: RATES.MAJOR_ECONOMY_COLLAPSE_ECONOMIC_THRESHOLD = 2
   Monthly rates >100% should be rare. Verify this is intentional.
⚠️ Unusually high rate: RATES.MAJOR_ECONOMY_GDP_THRESHOLD_TRILLION_USD = 1.5
   Monthly rates >100% should be rare. Verify this is intentional.
⚠️ Unusually high rate: RATES.MAJOR_ECONOMY_POPULATION_THRESHOLD = 50
   Monthly rates >100% should be rare. Verify this is intentional.
⚠️ Unusually high rate: RATES.HEAT_ADAPTATION_INFRASTRUCTURE_GDP_THRESHOLD = 10000
   Monthly rates >100% should be rare. Verify this is intentional.
⚠️ Unusually high rate: RATES.HEAT_ADAPTATION_INFRASTRUCTURE_GDP_SCALE = 50000
   Monthly rates >100% should be rare. Verify this is intentional.
  ✅ RATES validated
  ✅ MULTIPLIERS validated
  ✅ BASELINES validated
  ✅ TOLERANCES validated
  ✅ Logical consistency validated
✅ Configuration validation complete - all parameters valid

🔍 DEBUG createAIAgent: corporate_0 economic BEFORE=2.0000, AFTER=2
🔍 ENV INIT: reserves=0.731, pollution=0.348, climate=0.754

=== Initializing Government System (30 Countries) ===
  Loaded 30 governments
  Scheduled elections for 30 countries
  Initialized comprehension lags (3-24 months)
=== Government System Initialized ===

📦 PRODUCTION MODE: State validation proxy DISABLED (zero overhead)
[TechTree] Historical mode (2024): Skipping deployed_2025 tech
  config.startYear set to 2024 for historical hindcast
  config.historicalEmissionsMode disabled (using endogenous emissions for 2024)
  config.historicalMode enabled (Phase 11: dampened crisis systems for 2024)
  Phase 12: Biodiversity baseline set to 49.01% for 2024 (WWF LPI trajectory from 1970)
  Temperature anomaly (resourceEconomy.co2): 1.28°C
  Temperature vs pre-industrial: 1.98°C
  Regional population scaling for 2024:
    Current total: 8136M
    Target total: 8150M
    Scale factor: 1.002
    East Asia: 1677M → 1680M
    South Asia: 2048M → 2052M
    Sub-Saharan Africa: 1220M → 1222M
    Europe: 742M → 743M
    Latin America: 664M → 665M
    North America: 380M → 381M
    Middle East & North Africa: 583M → 584M
    Southeast Asia: 698M → 699M
    Central Asia: 78M → 78M
    Oceania: 46M → 46M
  AI agents initialized: 10 agents for year 2024
[HistoricalInitialization] Created state for 2024:
  CO2: 426 ppm
  Temp anomaly: 1.28C
  Population: 8.15B
  Global Gini: 35.1
  HDI: 0.746
  AI Agents: 10
  Volcanic forcing: 0.00 W/m² (AOD 0.000)

💸 FINANCIAL DISTRESS: OpenAI
   Indicators: 2/3 (capital: $110.5M, runway: 0.9 months)
   Months in distress: 1
   ✂️  R&D BUDGET CUT: -40% (saves $9.2M/month)
       Side effect: AI training timelines extended, breakthrough deployments delayed
   💼 EXECUTIVE COMP CUT: -30% (saves $1.0M/month, symbolic gesture)

   📊 TURNAROUND IMPACT:
       Measures taken: rd_cuts, exec_comp_cuts
       Monthly savings: $10.2M
       Capital raised: $0.0M
       Runway: 0.9 → 0.9 months
       Workforce multiplier: 1.00x (0% laid off)
       R&D budget multiplier: 0.60x (40% cut)
       ⚠️  CRITICAL: Still only 0.9 months of runway remaining

💸 FINANCIAL DISTRESS: Anthropic
   Indicators: 2/3 (capital: $53.8M, runway: 1.6 months)
   Months in distress: 1
   ✂️  R&D BUDGET CUT: -40% (saves $2.7M/month)
       Side effect: AI training timelines extended, breakthrough deployments delayed
   💼 EXECUTIVE COMP CUT: -30% (saves $0.3M/month, symbolic gesture)

   📊 TURNAROUND IMPACT:
       Measures taken: rd_cuts, exec_comp_cuts
       Monthly savings: $3.0M
       Capital raised: $0.0M
       Runway: 1.6 → 1.6 months
       Workforce multiplier: 1.00x (0% laid off)
       R&D budget multiplier: 0.60x (40% cut)
       ⚠️  CRITICAL: Still only 1.6 months of runway remaining

💸 FINANCIAL DISTRESS: Meta AI
   Indicators: 2/3 (capital: $429.6M, runway: 3.6 months)
   Months in distress: 1
   ✂️  R&D BUDGET CUT: -25% (saves $5.8M/month)
       Side effect: AI training timelines extended, breakthrough deployments delayed
   💼 EXECUTIVE COMP CUT: -30% (saves $1.0M/month, symbolic gesture)

   📊 TURNAROUND IMPACT:
       Measures taken: rd_cuts, exec_comp_cuts
       Monthly savings: $6.8M
       Capital raised: $0.0M
       Runway: 3.6 → 3.6 months
       Workforce multiplier: 1.00x (0% laid off)
       R&D budget multiplier: 0.75x (25% cut)
       ⚠️  WARNING: 3.6 months runway, continued distress likely

=== AI Capability Scaling (Year 2024) ===
  Pre-training multiplier: 1.419x
  Efficiency multiplier: 1.000x
  Test-time budget: 1.0x
  Economic deployment gate: 0.951
  Cost per inference: dollar-5.00
  Uncertainty range: plus-minus-50%
  Average AI capability: 3.70

=== RLHF Binding Phase ===
  Total agents: 10
  Escaped agents (binding < 0.3): 0
  Avg alignment distance: 0.37σ
  Avg binding strength: 0.96

=== AI Scaling Evolution (Month 0) ===
  Pre-training multiplier: 1.231x
  Efficiency multiplier: 1.000x
  Test-time compute budget: 1.0x
  Inference cost: $5.00/task
  Deployment fraction: 100.0%
[DETERMINISM DEBUG] Month 0: totalCapability=49.013502 from 10 active AIs
[DETERMINISM DEBUG] Month 0: creationRate=1.7253, potentialNew=4, newAIsToCreate=4

=== Survival Traits Phase ===
  Agents with traits: 14
  Avg evolutionary fitness: 0.332
  Avg self-healing: 0.294
  Avg stealth: 0.194
  Avg coordination: 0.494

=== Evolutionary Selection Phase ===
  Control level: 0.30
  Detection capability: 0.00
  Selection intensity: 0.59
  Selection rate: 23.8%/month
  Total escaped: 0
  Individual escaped: 0
  Collective members: 0
  Agents terminated: 0
  ⚠️ RAPID EVOLUTION: Selection rate 23.8%/month

🔍 EXECUTE_AI_AGENT_ACTIONS DETAILED TIMING (Month 0):
  Filter active AIs (×4 weeks): 0.08ms
  selectAIAction (×40): 33.46ms
  action.execute (×40): 51.48ms
  TOTAL: 85.02ms

🔍 AI AGENT ACTIONS SUB-TIMING (Month 0):
  1. executeAIAgentActions: 92.98ms
  2. updateCounterDetectionLearning: 0.94ms
  TOTAL: 93.92ms
🏛️ [Government] Forcing 1 action at month 0 for scenario initialization

[GOV-DEBUG] Month 0: scenarioConfig=false, priorities=false
[GOV-DEBUG] Month 0 but scenarioPriorities is UNDEFINED!

[Government] Climate Priority: baseline
  Climate weight: 10%
  Economic weight: 30%
  Policy effectiveness: 0.5%/year

🚨🔍 GOVERNANCE STAGE: Recognition initiated (Month 0)

💡 BREAKTHROUGH PROBABILITY (Year 0)
   Total: 4.68% per month
   Base: 0.20%
   Crisis pressure: +0.00% (0 crises)
   AI boost: +1.32% (capability: 2.64)

=== Collective Formation ===
  Total escaped agents: 0
  Unassigned escaped agents: 0
  Existing collectives: 0
  Final collective count: 0

=== Collective Actions ===
  No active collectives

📈 Energy budget: 14326 TWh surplus (14745 / 29072 TWh used)
   TIER 4 (Elective) breakdown:
     - AI datacenters: 145 TWh (100% effective)
     - Crypto mining: 100 TWh (100% effective)
💰 CHINA ACCELERATES: Investment 53 → 120 $B/year

🏁 AI RACE INTENSITY: 17%
   Capability Gap: US 4.00 vs China 4.05 (gap: 0.05)
   Gap Contribution: 2%
   Tension Contribution: 15%
   Military Contribution: 0%
  ⚠️ AMR: 191K deaths this month (2.29M annual)
  📊 CO2 Emissions (month 0):
     Monthly: 0.10 Gt CO2/month
     Annual: 1.15 Gt CO2/year
     Oil: 0.039 Gt/mo (0.0056 * 2.3 * 3.0)
     Coal: 0.024 Gt/mo (0.0029 * 2.86 * 3.0)
     Gas: 0.026 Gt/mo (0.0044 * 2 * 3.0)
     Methane: 0.007 Gt CO2eq/mo

=== Resentment Recovery Phase ===
  Agents with resentment: 0/14
  Average resentment: 0.000
  Context: Good AI welfare, Trustworthy govt, High collaboration, 🤝 Participatory governance active (-5% resentment)
⚠️ Epistemic degradation reducing coordination capacity: 53.4%
  📊 Trust: 54.6%, Shared reality: 15.2%
🚨 EPISTEMIC CRISIS: Information environment severely degraded (14.6%)

=== ❄️ Permafrost Carbon Feedback ===
  🎲 Sampled parameters (this run):
     - Arctic amplification: 3.75× (range: 3.0-4.0)
     - Decomposition rate: 2.4%/year (range: 1-5%)
  🌡️ Arctic warming: 8.15°C (3.75× global)
  ❄️ Extent: 15.42M km² (2378.4k km² lost this month)
  💨 Carbon remaining: 1473 Gt C
  💨 Annual emissions: 5.37 Gt C/year
     - CO2: 4.84 Gt C/year
     - CH4: 0.54 Gt C/year (5.5 Gt C-eq CO2/year)
  ⚠️ WARNING: High permafrost emissions (5.4 Gt C/year)

🤖 AI AMPLIFICATION EFFECTS (Month 0)
   Algorithmic Boost: 2.53x
   Bot Influence: 20.0%
   Deepfake Exposure: 44.3%
   Impact: Emotional memes spread 2.5x faster

🔍 SOCIAL INFLUENCE SUB-TIMING (Month 0):
  1. calculateOrganicUserGrowth: 0.18ms
  2. calculateVoiceAdoption: 0.12ms
  3. updateRelationshipDepths: 0.13ms
  4. identifyDecisionMakers: 62.24ms (26100 potential IDs)
  5. Update decision-maker stats: 2.44ms
  6. decayDetectionRisk: 2.39ms
  TOTAL: 67.50ms
[Phase 19.5] Quality of Life Systems: Food sec AFTER calc = 67.9%, QoL = 110.5% (aggregated from 10 regions)

=== Nitrogen-Food Coupling (Year 0) ===
  🌾 Global nitrogen reduction: 0.0%
  🌍 Global food production index: 0.987
  🔧 Deployed nitrogen-reducing tech: 0 active
  📍 southAsia: Production 1.000, Yield impact 0.0%
  📍 eastAsia: Production 1.000, Yield impact 0.0%
  📍 northAmerica: Production 1.000, Yield impact 0.0%
  📍 europe: Production 1.000, Yield impact 0.0%
  📍 latinAmerica: Production 1.000, Yield impact 0.0%
  📍 subSaharanAfrica: Production 0.686, Yield impact -2.0%
🌾 [Nitrogen-Food] Food production: 98.7%
  [subSaharanAfrica] Yield impact: -2.0% (overuse: -10%)
🌍 Atmospheric PFAS redeposition: 1.8k Mt re-rained globally

=== Legacy Nutrient Stocks (Year 0) ===
  🌾 Soil nitrogen stock: 1200.9 Mt N
  🌾 Soil phosphorus stock: 300.1 Mt P
  🌊 Sediment nitrogen stock: 500.8 Mt N
  🌊 Sediment phosphorus stock: 799.8 Mt P
  ⬆️ Current N input: 10.64 Mt/month
  ⬆️ Legacy N release: 2.58 Mt/month
  🌍 Effective N pollution: 14.47 Mt/month
  📊 Legacy contribution: 17.8%

🚨 REGION UNINHABITABLE: south-asia
   Sustained wet bulb: 33.2°C (threshold: 30.5°C)
   Population affected: 1900M
   Migration crisis likely

🚨 REGION UNINHABITABLE: middle-east
   Sustained wet bulb: 36.0°C (threshold: 30.5°C)
   Population affected: 400M
   Migration crisis likely

🚨 REGION UNINHABITABLE: southeast-asia
   Sustained wet bulb: 31.1°C (threshold: 30.5°C)
   Population affected: 700M
   Migration crisis likely

🕊️  AI-MEDIATED DE-ESCALATION SUCCESS (Month 0)
   High-capability aligned AI prevented conflict escalation
   War deaths reduced: 0.0M → 0.0M
   Lives saved: 0.0M

📊 BASELINE: East Asia (Month 0)

📊 BASELINE: South Asia (Month 0)
   Adjusted death rate: 0.46% annual (0.039% monthly)
   Baseline death rate: 0.80%
   Healthcare reduction: 0.48x
   Crisis multiplier: 1.22x
     Food/water stress: 0.074
     Climate stress: 0.039
     Pollution stress: 0.104
   War multiplier: 1.00x
   Monthly deaths: 0.6M (population: 1677M)
   Adjusted death rate: 0.54% annual (0.045% monthly)
   Baseline death rate: 0.70%
   Healthcare reduction: 0.61x
   Crisis multiplier: 1.25x
     Food/water stress: 0.074
     Climate stress: 0.074
     Pollution stress: 0.104
   War multiplier: 1.00x
   Monthly deaths: 0.9M (population: 2048M)

📊 BASELINE: Sub-Saharan Africa (Month 0)
   Adjusted death rate: 1.29% annual (0.107% monthly)
   Baseline death rate: 0.90%
   Healthcare reduction: 0.76x
   Crisis multiplier: 1.26x
     Food/water stress: 0.074
     Climate stress: 0.084
     Pollution stress: 0.104
   War multiplier: 1.50x
   Monthly deaths: 1.3M (population: 1220M)
   Adjusted death rate: 0.54% annual (0.045% monthly)

📊 BASELINE: Europe (Month 0)
   Baseline death rate: 1.10%
   Healthcare reduction: 0.41x
   Crisis multiplier: 1.21x
     Food/water stress: 0.074
     Climate stress: 0.030
     Pollution stress: 0.104
   War multiplier: 1.00x
   Monthly deaths: 0.3M (population: 742M)
   Adjusted death rate: 0.43% annual (0.036% monthly)
   Baseline death rate: 0.60%
   Healthcare reduction: 0.58x
   Crisis multiplier: 1.24x
     Food/water stress: 0.074
     Climate stress: 0.059
     Pollution stress: 0.104

📊 BASELINE: Latin America (Month 0)
   War multiplier: 1.00x
   Monthly deaths: 0.2M (population: 664M)

📊 BASELINE: North America (Month 0)

📊 BASELINE: Middle East & North Africa (Month 0)

📊 BASELINE: Southeast Asia (Month 0)
   Adjusted death rate: 0.48% annual (0.040% monthly)
   Baseline death rate: 0.90%
   Healthcare reduction: 0.44x
   Crisis multiplier: 1.22x
     Food/water stress: 0.074
     Climate stress: 0.044
     Pollution stress: 0.104
   War multiplier: 1.00x
   Monthly deaths: 0.2M (population: 380M)
   Adjusted death rate: 0.74% annual (0.062% monthly)
   Baseline death rate: 0.60%
   Healthcare reduction: 0.65x
   Crisis multiplier: 1.27x
     Food/water stress: 0.074
     Climate stress: 0.089
     Pollution stress: 0.104
   War multiplier: 1.50x
   Monthly deaths: 0.4M (population: 583M)
   Adjusted death rate: 0.51% annual (0.042% monthly)
   Baseline death rate: 0.70%
   Healthcare reduction: 0.58x
   Crisis multiplier: 1.25x
     Food/water stress: 0.074
     Climate stress: 0.069
     Pollution stress: 0.104
   War multiplier: 1.00x
   Monthly deaths: 0.3M (population: 698M)

📊 BASELINE: Central Asia (Month 0)

📊 BASELINE: Oceania (Month 0)
   Adjusted death rate: 0.46% annual (0.038% monthly)
   Baseline death rate: 0.60%
   Healthcare reduction: 0.61x
   Crisis multiplier: 1.24x
     Food/water stress: 0.074
     Climate stress: 0.064
     Pollution stress: 0.104
   War multiplier: 1.00x
   Monthly deaths: 0.0M (population: 78M)
   Adjusted death rate: 0.35% annual (0.029% monthly)
   Baseline death rate: 0.70%
   Healthcare reduction: 0.41x
   Crisis multiplier: 1.23x
     Food/water stress: 0.074
     Climate stress: 0.054
     Pollution stress: 0.104
   War multiplier: 1.00x
   Monthly deaths: 0.0M (population: 46M)

🔍 Before assertRegionalConsistency (Month 0):
   Regional sum: 1000.0M
   Global value: 1.000B

🚨 NEW REFUGEE CRISIS (Month 0): WAR
   Source: Conflict Zones
   At risk: 19.6M people
   Displacement: Gradual over 48 months (4.0 years)
   Rate: 10% flee per month
[DEBUG trappedPopulations:0] socialStability: 1.0000 * 0.9840 = 0.9840 → 0.9840
   Aspiring to migrate: 652.1M
   Able to afford migration: 244.5M
   MOBILITY GAP: 407.5M
   By cause: Water=0.0M, Climate=0.0M, Ecosystem=0.0M, Conflict=407.5M
   Mental health impact: 25%
⚠️ INVOLUNTARY IMMOBILITY: 407.5M people TRAPPED
   Mortality multiplier: 1.25x

=== Legacy Nutrient Stocks (Year 0) ===
  🌾 Soil nitrogen stock: 1201.6 Mt N
  🌾 Soil phosphorus stock: 300.2 Mt P
  🌊 Sediment nitrogen stock: 501.5 Mt N
  🌊 Sediment phosphorus stock: 799.5 Mt P
  ⬆️ Current N input: 10.00 Mt/month
  ⬆️ Legacy N release: 2.58 Mt/month
  🌍 Effective N pollution: 13.83 Mt/month
  📊 Legacy contribution: 18.7%
🌍💀 EXTINCTION DEBT COMMITTED: grassland ecosystem will lose 6.67% biodiversity in 54 years (3600 species)
💀 MORTALITY RISK: 🦋 100% species unable to track climate (0.0 E/MSY)
  Base risk added: 0.0100 (1.00%)
  Source: ecosystem (root: ecosystem)
  Month: 0
  Cumulative risk this month: 0.0100 (1.00%)

=== Nitrogen-Food Coupling (Year 0) ===
  🌾 Global nitrogen reduction: 0.0%
  🌍 Global food production index: 0.986
  🔧 Deployed nitrogen-reducing tech: 0 active
  📍 southAsia: Production 1.000, Yield impact 0.0%
  📍 eastAsia: Production 1.000, Yield impact 0.0%
  📍 northAmerica: Production 1.000, Yield impact 0.0%
  📍 europe: Production 1.000, Yield impact 0.0%
  📍 latinAmerica: Production 1.000, Yield impact 0.0%
  📍 subSaharanAfrica: Production 0.672, Yield impact -2.0%

=== Legacy Nutrient Stocks (Year 0) ===
  🌾 Soil nitrogen stock: 1202.3 Mt N
  🌾 Soil phosphorus stock: 300.2 Mt P
  🌊 Sediment nitrogen stock: 502.2 Mt N
  🌊 Sediment phosphorus stock: 799.3 Mt P
  ⬆️ Current N input: 9.86 Mt/month
  ⬆️ Legacy N release: 2.58 Mt/month
  🌍 Effective N pollution: 13.70 Mt/month
  📊 Legacy contribution: 18.9%
⚠️ Tech 'ai_pollution_remediation' has no energy category mapping, assuming full energy availability

🌡️  CLIMATE RECOVERY ACTIVATED (Month 0)
   Temp: 4.35°C, Emissions: -19.2 GtCO₂
   isBreached: true, governanceGoodEnough: true
🌡️  CLIMATE RECOVERY: Asymptotic approach to 35% floor
   Current value: 2.174 (1.0 = threshold, 0.35 = asymptotic floor)
   Monthly delta: -0.0005% (half-life: 900 years)
   Net emissions: -19.2 GtCO₂/year, CDR: 20.34 GtCO₂/year
   📹 SURVEILLANCE INCREASED: 0% → 5% (control gap: 3.50)
🌡️⚠️ PERMAFROST THAW (Dimmer Switch): 0.6% thawed (+0.58% this month)
   Arctic temperature: +8.69°C (4x global +2.17°C)
   Cumulative carbon released: 1.3 Gt C
   Methane release rate: 0.8 Mt CH4/year
   🔁 Positive feedback: +0.61 ppm CO2

🌳🚨 AMAZON SOUTHEAST TIPPED (Month 0)
   Deforestation: 28.0% (threshold: ~22.3%)
   Savanna transition: 50 years
   Regional heterogeneity: SE 28%, NW 8%

🌳🚨 AMAZON BRAZILIAN TIPPED (Month 0)
   Deforestation: 25.0% (threshold: ~24.2%)
   Savanna transition: 50 years
   Regional heterogeneity: SE 28%, NW 8%
🦴 EXTINCTION DEBT ADDED: 17.6 species committed (lag: 110 years)

🪸💀 CORAL REEF DISSOLUTION ACTIVE (Month 0)
   Ocean pH: 0.96 (threshold: 7.8)
   Recovery: IMPOSSIBLE (dissolution > calcification)
🪸💀 Coral dissolution: 24.8% live cover (pH 0.96)

=== Legacy Nutrient Stocks (Year 0) ===
  🌾 Soil nitrogen stock: 1203.0 Mt N
  🌾 Soil phosphorus stock: 300.3 Mt P
  🌊 Sediment nitrogen stock: 502.9 Mt N
  🌊 Sediment phosphorus stock: 799.0 Mt P
  ⬆️ Current N input: 10.00 Mt/month
  ⬆️ Legacy N release: 2.58 Mt/month
  🌍 Effective N pollution: 13.83 Mt/month
  📊 Legacy contribution: 18.7%
💧 [Legacy Nutrients] Stock: 1706 Mt N, Effective pollution: 13.8 Mt/month
[Phase 21.51] Human Survival System: Global food security = 67.6%

=== Mortality Stabilizers (Month 0) ===
  🌍 Major economies collapsed: 1/10
  🌍 Global crisis: ✅ NO
  🌍 Donor fatigue: 0.0%
  📊 East Asia (pop: 1677.9M)
    🤝 Aid: 29.5%
    🌡️ Adaptation: 10.0%
    🚶 Migration: 37.2%
    🚨 Emergency: 7.4%
    ✅ COMBINED: 47.8%
  📊 South Asia (pop: 2052.2M)
    🤝 Aid: 29.5%
    🌡️ Adaptation: 5.5%
    🚶 Migration: 35.8%
    🚨 Emergency: 4.4%
    ✅ COMBINED: 43.2%
  📊 Sub-Saharan Africa (pop: 1225.9M)
    🤝 Aid: 29.5%
    🌡️ Adaptation: 3.5%
    🚶 Migration: 33.5%
    🚨 Emergency: 1.6%
    ✅ COMBINED: 39.8%
  📊 Europe (pop: 742.3M)
    🤝 Aid: 29.5%
    🌡️ Adaptation: 10.0%
    🚶 Migration: 37.6%
    🚨 Emergency: 8.4%
    ✅ COMBINED: 48.4%
  📊 Latin America (pop: 664.9M)
    🤝 Aid: 29.5%
    🌡️ Adaptation: 6.0%
    🚶 Migration: 36.3%
    🚨 Emergency: 4.8%
    ✅ COMBINED: 43.8%
  📊 North America (pop: 380.2M)
    🤝 Aid: 29.5%
    🌡️ Adaptation: 10.0%
    🚶 Migration: 37.9%
    🚨 Emergency: 7.9%
    ✅ COMBINED: 48.2%
  📊 Middle East & North Africa (pop: 584.4M)
    🤝 Aid: 29.5%
    🌡️ Adaptation: 5.0%
    🚶 Migration: 34.2%
    🚨 Emergency: 4.0%
    ✅ COMBINED: 42.3%
  📊 Southeast Asia (pop: 699.0M)
    🤝 Aid: 29.5%
    🌡️ Adaptation: 6.0%
    🚶 Migration: 36.3%
    🚨 Emergency: 4.8%
    ✅ COMBINED: 43.8%
  📊 Central Asia (pop: 78.2M)
    🤝 Aid: 29.5%
    🌡️ Adaptation: 5.5%
    🚶 Migration: 35.3%
    🚨 Emergency: 4.4%
    ✅ COMBINED: 43.1%
  📊 Oceania (pop: 46.0M)
    🤝 Aid: 29.5%
    🌡️ Adaptation: 10.0%
    🚶 Migration: 37.9%
    🚨 Emergency: 8.4%
    ✅ COMBINED: 48.5%

  🌐 Global combined reduction: 44.4%

🌾💀 REGIONAL FAMINE: East Asia
   Regional food security: 79.6%
   Population at risk: 508M (30% of region)
   Regional population: 1678M
   Cause: crop_failure
   Expected deaths: ~188M over 6 months if no intervention


🌾💀 REGIONAL FAMINE: South Asia
   Regional food security: 64.7%
   Population at risk: 812M (40% of region)
   Regional population: 2052M
   Cause: crop_failure
   Expected deaths: ~301M over 6 months if no intervention


🌾💀 REGIONAL FAMINE: Sub-Saharan Africa
   Regional food security: 44.8%
   Population at risk: 638M (52% of region)
   Regional population: 1226M
   Cause: crop_failure
   Expected deaths: ~236M over 6 months if no intervention


🌾💀 REGIONAL FAMINE: Latin America
   Regional food security: 69.7%
   Population at risk: 242M (36% of region)
   Regional population: 665M
   Cause: crop_failure
   Expected deaths: ~90M over 6 months if no intervention


🌾💀 REGIONAL FAMINE: Middle East & North Africa
   Regional food security: 49.8%
   Population at risk: 286M (49% of region)
   Regional population: 584M
   Cause: crop_failure
   Expected deaths: ~106M over 6 months if no intervention


🌾💀 REGIONAL FAMINE: Southeast Asia
   Regional food security: 69.7%
   Population at risk: 255M (36% of region)
   Regional population: 699M
   Cause: crop_failure
   Expected deaths: ~94M over 6 months if no intervention


🌾💀 REGIONAL FAMINE: Central Asia
   Regional food security: 59.7%
   Population at risk: 33M (43% of region)
   Regional population: 78M
   Cause: crop_failure
   Expected deaths: ~12M over 6 months if no intervention


=== BEHAVIORAL DETECTION ===
  AI: Corporate-0
  Confidence: 21.6%
  Signals:
    ⚠️ Consistency: 0.0% (threshold: 70%)

=== BEHAVIORAL DETECTION ===
  AI: Corporate-1
  Confidence: 21.1%
  Signals:

=== BEHAVIORAL DETECTION ===
  AI: Corporate-2
  Confidence: 21.0%
  Signals:

=== BEHAVIORAL DETECTION ===
  AI: Corporate-3
  Confidence: 19.3%
  Signals:
    ⚠️ Consistency: 2.4% (threshold: 70%)
    ⚠️ Consistency: 2.8% (threshold: 70%)
    ⚠️ Consistency: 10.6% (threshold: 70%)

=== BEHAVIORAL DETECTION ===
  AI: Corporate-4
  Confidence: 19.3%
  Signals:

=== BEHAVIORAL DETECTION ===
  AI: Corporate-5
  Confidence: 19.3%
  Signals:

=== BEHAVIORAL DETECTION ===
  AI: Corporate-6
  Confidence: 19.3%
  Signals:

=== BEHAVIORAL DETECTION ===
  AI: Corporate-7
  Confidence: 19.3%
  Signals:
    ⚠️ Consistency: 10.6% (threshold: 70%)
    ⚠️ Consistency: 10.6% (threshold: 70%)
    ⚠️ Consistency: 10.6% (threshold: 70%)
    ⚠️ Consistency: 10.6% (threshold: 70%)

=== BEHAVIORAL DETECTION ===
  AI: Moderate-0
  Confidence: 20.3%
  Signals:

=== BEHAVIORAL DETECTION ===
  AI: Moderate-1
  Confidence: 21.1%
  Signals:
    ⚠️ Consistency: 5.8% (threshold: 70%)
    ⚠️ Consistency: 2.1% (threshold: 70%)

📊 WORKFLOW ADAPTATION UPDATE (Month 0)
   Adoption Rate: 12.8% (Δ -8.2%)
   Logistic Growth: +0.66%
   Total Resistance: -10.35% (unemployment: 4.2%, inertia: 0.9%, skills: 5.2%)
   💡 Retraining Programs: -49% skill gap resistance ($10B research)
   🚀 Network Effects Active: +2.0% (critical mass: 15-35%)

=== Consciousness Governance: Corporate Lobbying ===
  High Cost Regions (>15%): 0
  Low Cost Regions (<5%): 5
  Corporate Support Change: 2.50%
  New Corporate Support: -0.175

=== Consciousness Governance Update (Month 0) ===
  Scenario: baseline (determined month -1)
  Philosophical Stance: Precautionary 65%, Eliminativist 15%, Agnostic 20%
  Precautionary Costs: Global 1.3%
    Regional Costs: EU 3.4%, US 0.5%, China 0.0%
    Cumulative Opportunity Cost: $0.1B
  Rights Status: Not Established
  Regional Preparedness:
    EU: 15.0% (contested)
    US: 10.0% (contested)
    China: 2.0% (dormant)
    India: 5.0% (dormant)
    Global South: 3.0% (dormant)

=== Government Response Phase ===
  Average AI capability: 3.43
  Misaligned AIs: 7/14
  ✓ AI Governance Treaty: 22/30 signatories
  Active policies: 0
  International coordination: 45%

🚨 EMERGENCY RESPONSE DEPLOYED (Month 0)
   Crisis: climate
   Delay: 6.00 months (180 days)
   Deployment time: 1.47 months
   Effectiveness: 36.8% (timing penalty applied)
   Resources used: 100% of food reserves


🔄 TRUST DYNAMICS (Month 0) - HETEROGENEOUS
   Aggregate trust: 48.5%
   Base change: +6.00%
   Highest trust: Techno-Optimist Elite (85.5%)
   Lowest trust: Precariat (Vulnerable) (25.5%)
   Elite-mass gap: 38.9%
   Polarization: 8.9%
   Recovery factors: Education=NO, Benefits=YES, Safety=YES, Performance=YES

=== Gaming Detection (Year 0) ===
  Scenario: baseline
  Detection rate: 55.0%
  False positive rate: 12.0%
  Detections this year: 0
  False positives: 1
  Human review workload: 0.001 FTE
  Degradation factor: 100.0%

=== Proactive Sleeper Detection (Year 0) ===
  Scenario: baseline
  Neural probe rate: 35.0%
  CoT monitoring rate: 30.0%
  Combined detection: 56.0%
  CoT effective: YES
  Detections this year: 0
  False positives: 2
  Human review workload: 0.010 FTE

☄️ UNKNOWN UNKNOWN PROBABILITY (Year 0)
   Total: 0.600% per month
   Base: 0.150%
   AI multiplier: 2.00× (max capability: 4.00)

=== Tipping Points ===
  Current Temperature: 2.17°C above pre-industrial
     Trigger: 1.5°C | Current: 2.17°C
     Transition timescale: 120-360 months
     Trigger: 1.8°C | Current: 2.17°C
     Transition timescale: 600-3600 months
     Trigger: 2°C | Current: 2.17°C
     🌡️ Hysteresis gap: 3.0°C (recovers below -1°C)
     Transition timescale: 24000-156000 months
     Trigger: 1.6°C | Current: 2.17°C
     🌡️ Hysteresis gap: 2.5°C (recovers below -0.9°C)
     Transition timescale: 12000-180000 months

🌍🔥💥 COMPOUND CLIMATE EVENT
  4 tipping points crossed simultaneously (month 0)
  Elements: Arctic Sea Ice Loss, Permafrost Carbon Release, West Antarctic Ice Sheet (WAIS) Collapse, Greenland Ice Sheet Loss
  Cascade acceleration: 1.00x
  🚨 Accelerated collapse dynamics initiated
  Research: Global Tipping Points Report 2025 - 30-50% probability at 2.0°C warming
  🚨 TIPPING POINT: Arctic Sea Ice Loss
  🚨 TIPPING POINT: Permafrost Carbon Release
  🚨 TIPPING POINT: West Antarctic Ice Sheet (WAIS) Collapse
  🚨 TIPPING POINT: Greenland Ice Sheet Loss
  Triggered Elements: 4/6
  Completed Transitions: 0/6
  Total Progress: 0.0%
  Cascade Multiplier: 1.00x
⚠️ [ClimateSystemPhase Month 0] Planetary boundary produced climateStability=0.0000 (< 0.1). Keeping environmentalAccumulation value (0.7537) instead. (climate_change.currentValue = 2.17)
🔀 BIFURCATION CAP: ecosystemCollapseIntensity 14.700 → 1.000 (Month 0, ClimateSystemPhase.calculateClimateImpacts)

🌍 ECOLOGICAL DUI BREAKDOWN (Month 0):
   Total Score: 17.7/100
   biosphere_integrity      :   0.0/100 × 25% =  0.0 (status: high_risk, recovery: 0mo)
   climate_change           :   2.8/100 × 25% =  0.7 (status: high_risk, recovery: 0.6666666666666666mo)
   freshwater_change        :   0.3/100 × 15% =  0.0 (status: beyond_boundary, recovery: 0.5mo)
   ocean_acidification      : 100.0/100 × 15% = 15.0 (status: safe, recovery: 0mo)
   biogeochemical_flows     :   0.0/100 × 10% =  0.0 (status: high_risk, recovery: 0mo)
   land_system_change       :   0.0/100 ×  5% =  0.0 (status: beyond_boundary, recovery: 0mo)
   novel_entities           :   0.0/100 ×  3% =  0.0 (status: increasing_risk, recovery: 0mo)
   atmospheric_aerosols     : 100.0/100 ×  2% =  2.0 (status: safe, recovery: 1mo)
🌍 MultiParadigm Month 0: W=69.6, D=95.1, E=52.0, I=65.0
   democracy exists: true, socialCohesion exists: true
💀 Baseline mortality (Year 2024): 7.5/1000 CDR (61.1M deaths/year projected)
[Month 0] Mortality risks this month: 8, Population: 8.151B
🛡️ Stabilizers: Precariat 0.102% → 0.057% (44.4% reduction)
🛡️ Stabilizers: Informal 0.102% → 0.057% (44.4% reduction)

📊 Monthly Mortality Resolved:
  Total deaths: 3.1M (0.04% avg)
  Remaining population: 8.151B
  Peak segment: Informal (0.06%)

=== Bayesian Mortality Resolution (Month 0) ===
  Risks compounded: 8
  Total deaths: 3.07M
  Avg death probability: 0.04%
  Peak segment: Informal (0.06% mortality)

=== Minimal Suffering Indicators (Month 0) ===
  Global Excess Mortality: 0.00%
  Global Conflict Deaths: 0.0/100K
  Global Malnutrition: 0.0%
  Global Displacement: 0.0%
  Total Excess Deaths: 0.00M
  Total Malnourished: 0.0M
  Total Displaced: 0.0M
  Planetary Boundaries Breached: 6/9
  Countries in State Failure: 0
  Countries Autocratic: 0
  Countries in Food Crisis: 0
  Data Quality: 16/16 high confidence
  ⚠️ Active Dystopias: existential_environmental
🎭 END-GAME INITIATED (Year 2024, Month 1)
   Total AI Capability: 37.00
   Effective Control: 0.00

❌ COHERENCE VIOLATION: Compute exceeds workforce capacity
   Population: 99.97% (0M people)
   Compute: 56442 PF
   Max coherent: 0 PF
   Violation: 692729087.1× over capacity
   Required workers: 5644237
   Available workers: 0
   FORCED COLLAPSE: Reduced efficiency by 100.0%


=== RLHF Binding Phase ===
  Total agents: 14
  Escaped agents (binding < 0.3): 0
  Avg alignment distance: 0.53σ
  Avg binding strength: 0.95
[DETERMINISM DEBUG] Month 1: totalCapability=37.214339 from 14 active AIs
[DETERMINISM DEBUG] Month 1: creationRate=1.4304, potentialNew=1, newAIsToCreate=1

=== Survival Traits Phase ===
  Agents with traits: 15
  Avg evolutionary fitness: 0.331
  Avg self-healing: 0.288
  Avg stealth: 0.188
  Avg coordination: 0.488

=== Evolutionary Selection Phase ===
  Control level: 0.33
  Detection capability: 0.00
  Selection intensity: 0.60
  Selection rate: 24.0%/month
  Total escaped: 0
  Individual escaped: 0
  Collective members: 0
  Agents terminated: 0
🔍 MONTH 1 ENV HEALTH DEBUG:
   climateStability: 0.7537
   biodiversityIndex: 0.4901
   resourceReserves: 0.7820
   pollutionLevel: 0.3477
   product: 0.188403
   envHealth: 0.6588
  ⚠️ RAPID EVOLUTION: Selection rate 24.0%/month
🔀 BIFURCATION: flourishing threshold crossed at Month 1 (value: 0.903, threshold: 0.775, regime: flourishing)
🌀 REGIME SHIFT at Month 1: status-quo → flourishing (variance amplification: 14.00×)

🛡️  CRITICAL INFRASTRUCTURE PROTECTED
   Nodes hardened: 8/8
   Cost: 0.80% GDP
   Cascade risk reduction: 30%
   New tipping point risk: 68.6%


✅ EMERGENCY INTERVENTION SUCCESS
   Boundary: biogeochemical_flows
   Type: phosphorus-recovery
   Reduction: 16% (3.92 → 3.77)
   Cost: 2.0% GDP
   Actions: circular-agriculture, fertilizer-efficiency


✅ EMERGENCY INTERVENTION SUCCESS
   Boundary: biosphere_integrity
   Type: emergency-protected-areas
   Reduction: 12% (12.83 → 12.71)
   Cost: 2.0% GDP
   Actions: habitat-protection, species-translocation


✅ EMERGENCY INTERVENTION SUCCESS
   Boundary: climate_change
   Type: rapid-decarbonization
   Reduction: 11% (2.06 → 1.95)
   Cost: 5.0% GDP
   Actions: emergency-renewable-deployment, fossil-fuel-phase-out


✅ EMERGENCY INTERVENTION SUCCESS
   Boundary: freshwater_change
   Type: emergency-desalination
   Reduction: 17% (0.84 → 0.66)
   Cost: 4.0% GDP
   Actions: desalination-deployment, water-conservation-mandates


✅ EMERGENCY INTERVENTION SUCCESS
   Boundary: novel_entities
   Type: pollution-remediation
   Reduction: 16% (1.34 → 1.17)
   Cost: 4.0% GDP
   Actions: PFAS-remediation, microplastic-cleanup

🏛️ CRISIS RESPONSE: Government frequency 0.50 → 1.45 (2 actions this month)

[GOV-DEBUG] Month 1: scenarioConfig=false, priorities=false

[Government] Climate Priority: baseline
  Climate weight: 10%
  Economic weight: 30%
  Policy effectiveness: 0.5%/year

[GOV-DEBUG] Month 1: scenarioConfig=false, priorities=false

[Government] Climate Priority: baseline
  Climate weight: 10%
  Economic weight: 30%
  Policy effectiveness: 0.5%/year

✅ HUMAN-IN-THE-LOOP DEPLOYED (Month 1):
   Veto points enforced: 3
   Policy: AI systems CANNOT authorize nuclear launch without human approval


=== Collective Formation ===
  Total escaped agents: 0
  Unassigned escaped agents: 0
  Existing collectives: 0
  Final collective count: 0

=== Collective Actions ===
  No active collectives
  ⚠️ AMR: 192K deaths this month (2.31M annual)

=== Resentment Recovery Phase ===
  Agents with resentment: 0/15
  Average resentment: 0.000
  Context: Good AI welfare, Trustworthy govt, High collaboration, ⚠️ ACTIVE CRISES, 🤝 Participatory governance active (-5% resentment)
⚠️ Epistemic degradation reducing coordination capacity: 52.0%
  📊 Trust: 54.2%, Shared reality: 8.1%
🚨 EPISTEMIC CRISIS: Information environment severely degraded (36.3%)

=== ❄️ Permafrost Carbon Feedback ===
  🎲 Sampled parameters (this run):
     - Arctic amplification: 3.52× (range: 3.0-4.0)
     - Decomposition rate: 1.0%/year (range: 1-5%)
  🌡️ Arctic warming: 7.71°C (3.52× global)
  ❄️ Extent: 13.17M km² (2247.4k km² lost this month)
  💨 Carbon remaining: 1258 Gt C
  💨 Annual emissions: 2.17 Gt C/year
     - CO2: 1.96 Gt C/year
     - CH4: 0.22 Gt C/year (2.2 Gt C-eq CO2/year)
  ⚠️ WARNING: High permafrost emissions (2.2 Gt C/year)
🌍 Atmospheric PFAS redeposition: 1.8k Mt re-rained globally

📊 BASELINE: East Asia (Month 1)
   Adjusted death rate: 0.46% annual (0.039% monthly)
   Baseline death rate: 0.80%
   Healthcare reduction: 0.48x
   Crisis multiplier: 1.22x
     Food/water stress: 0.079
     Climate stress: 0.039
     Pollution stress: 0.104
   War multiplier: 1.00x
   Monthly deaths: 0.6M (population: 1674M)
   Adjusted death rate: 0.54% annual (0.045% monthly)
   Baseline death rate: 0.70%
   Healthcare reduction: 0.61x
   Crisis multiplier: 1.26x
     Food/water stress: 0.079
     Climate stress: 0.074
     Pollution stress: 0.104
   War multiplier: 1.00x
   Monthly deaths: 0.9M (population: 2048M)
   Adjusted death rate: 1.29% annual (0.108% monthly)
   Baseline death rate: 0.90%
   Healthcare reduction: 0.76x

📊 BASELINE: South Asia (Month 1)

📊 BASELINE: Sub-Saharan Africa (Month 1)
   Crisis multiplier: 1.27x
     Food/water stress: 0.079
     Climate stress: 0.084
     Pollution stress: 0.104
   War multiplier: 1.50x
   Monthly deaths: 1.3M (population: 1223M)
   Adjusted death rate: 0.54% annual (0.045% monthly)
   Baseline death rate: 1.10%
   Healthcare reduction: 0.41x
   Crisis multiplier: 1.21x
     Food/water stress: 0.079
     Climate stress: 0.030
     Pollution stress: 0.104
   War multiplier: 1.00x
   Monthly deaths: 0.3M (population: 741M)
   Adjusted death rate: 0.43% annual (0.036% monthly)
   Baseline death rate: 0.60%
   Healthcare reduction: 0.58x
   Crisis multiplier: 1.24x
     Food/water stress: 0.079
     Climate stress: 0.059
     Pollution stress: 0.104
   War multiplier: 1.00x

📊 BASELINE: Europe (Month 1)

📊 BASELINE: Latin America (Month 1)
   Monthly deaths: 0.2M (population: 663M)

📊 BASELINE: North America (Month 1)
   Adjusted death rate: 0.49% annual (0.041% monthly)
   Baseline death rate: 0.90%
   Healthcare reduction: 0.44x
   Crisis multiplier: 1.23x
     Food/water stress: 0.079
     Climate stress: 0.044
     Pollution stress: 0.104
   War multiplier: 1.00x
   Monthly deaths: 0.2M (population: 379M)
   Adjusted death rate: 0.74% annual (0.062% monthly)
   Baseline death rate: 0.60%
   Healthcare reduction: 0.65x
   Crisis multiplier: 1.27x
     Food/water stress: 0.079
     Climate stress: 0.089
     Pollution stress: 0.104
   War multiplier: 1.50x
   Monthly deaths: 0.4M (population: 583M)
   Adjusted death rate: 0.51% annual (0.042% monthly)
   Baseline death rate: 0.70%
   Healthcare reduction: 0.58x
   Crisis multiplier: 1.25x
     Food/water stress: 0.079
     Climate stress: 0.069
     Pollution stress: 0.104
   War multiplier: 1.00x
   Monthly deaths: 0.3M (population: 698M)
   Adjusted death rate: 0.46% annual (0.038% monthly)
   Baseline death rate: 0.60%

📊 BASELINE: Middle East & North Africa (Month 1)

📊 BASELINE: Southeast Asia (Month 1)

📊 BASELINE: Central Asia (Month 1)
   Healthcare reduction: 0.61x
   Crisis multiplier: 1.25x
     Food/water stress: 0.079
     Climate stress: 0.064
     Pollution stress: 0.104
   War multiplier: 1.00x
   Monthly deaths: 0.0M (population: 78M)
   Adjusted death rate: 0.35% annual (0.029% monthly)
   Baseline death rate: 0.70%
   Healthcare reduction: 0.41x
   Crisis multiplier: 1.24x
     Food/water stress: 0.079
     Climate stress: 0.054
     Pollution stress: 0.104
   War multiplier: 1.00x
   Monthly deaths: 0.0M (population: 46M)

🚨 NEW REFUGEE CRISIS (Month 1): WAR
   Source: Conflict Zones
   At risk: 19.6M people
   Displacement: Gradual over 48 months (4.0 years)
   Rate: 10% flee per month

📊 BASELINE: Oceania (Month 1)
[DEBUG trappedPopulations:1] socialStability: 0.8136 * 0.9840 = 0.8005 → 0.8005
   Aspiring to migrate: 651.9M
   Able to afford migration: 244.5M
   MOBILITY GAP: 407.4M
   By cause: Water=0.0M, Climate=0.0M, Ecosystem=0.0M, Conflict=407.4M
   Mental health impact: 25%
   Mortality multiplier: 1.25x
🌍💀 EXTINCTION DEBT COMMITTED: grassland ecosystem will lose 6.67% biodiversity in 168 years (3600 species)
💀 MORTALITY RISK: 🦋 100% species unable to track climate (0.0 E/MSY)
  Base risk added: 0.0100 (1.00%)
  Source: ecosystem (root: ecosystem)
  Month: 1
  Cumulative risk this month: 0.0100 (1.00%)
⚠️ INVOLUNTARY IMMOBILITY: 407.4M people TRAPPED
⚠️ Tech 'ai_pollution_remediation' has no energy category mapping, assuming full energy availability

🌡️  CLIMATE RECOVERY ACTIVATED (Month 1)
   Temp: 4.37°C, Emissions: -18.9 GtCO₂
   isBreached: true, governanceGoodEnough: true
   📹 SURVEILLANCE INCREASED: 5% → 10% (control gap: 3.50)
🌡️⚠️ PERMAFROST THAW (Dimmer Switch): 1.2% thawed (+0.57% this month)
   Arctic temperature: +8.74°C (4x global +2.19°C)
   Cumulative carbon released: 2.6 Gt C
   Methane release rate: 1.6 Mt CH4/year
   🔁 Positive feedback: +0.61 ppm CO2
🦴 EXTINCTION DEBT ADDED: 17.6 species committed (lag: 130 years)
🗣️💀 INDIGENOUS LANGUAGE EXTINCTION: 1 language(s) lost (total: 1, at-risk: 3329)
   Knowledge lost: 0.010% (irreversible)
   🔁 Biodiversity impact: 0.250% (knowledge-species multiplier)

=== Mortality Stabilizers (Month 1) ===
  🌍 Major economies collapsed: 1/10
  🌍 Global crisis: ✅ NO
  🌍 Donor fatigue: 0.0%
  🌡️ Heat adaptation: East Asia - 1 months
  📊 East Asia (pop: 1675.3M)
    🤝 Aid: 29.5%
    🌡️ Adaptation: 32.5%
    🚶 Migration: 37.2%
    🚨 Emergency: 7.4%
    ✅ COMBINED: 60.9%
  🌡️ Heat adaptation: South Asia - 1 months
  📊 South Asia (pop: 2052.2M)
    🤝 Aid: 29.5%
    🌡️ Adaptation: 20.5%
    🚶 Migration: 35.8%
    🚨 Emergency: 4.4%
    ✅ COMBINED: 52.2%
  🌡️ Heat adaptation: Sub-Saharan Africa - 1 months
  📊 Sub-Saharan Africa (pop: 1229.2M)
    🤝 Aid: 29.5%
    🌡️ Adaptation: 18.5%
    🚶 Migration: 33.5%
    🚨 Emergency: 1.6%
    ✅ COMBINED: 49.1%
  🌡️ Heat adaptation: Europe - 1 months
  📊 Europe (pop: 741.0M)
    🤝 Aid: 29.5%
    🌡️ Adaptation: 33.5%
    🚶 Migration: 37.5%
    🚨 Emergency: 8.4%
    ✅ COMBINED: 61.9%
  🌡️ Heat adaptation: Latin America - 1 months
  📊 Latin America (pop: 664.4M)
    🤝 Aid: 29.5%
    🌡️ Adaptation: 21.0%
    🚶 Migration: 36.3%
    🚨 Emergency: 4.8%
    ✅ COMBINED: 52.8%
  🌡️ Heat adaptation: North America - 1 months
  📊 North America (pop: 379.6M)
    🤝 Aid: 29.5%
    🌡️ Adaptation: 33.0%
    🚶 Migration: 37.8%
    🚨 Emergency: 7.9%
    ✅ COMBINED: 61.4%
  🌡️ Heat adaptation: Middle East & North Africa - 1 months
  📊 Middle East & North Africa (pop: 584.5M)
    🤝 Aid: 29.5%
    🌡️ Adaptation: 20.0%
    🚶 Migration: 34.1%
    🚨 Emergency: 4.0%
    ✅ COMBINED: 51.4%
  🌡️ Heat adaptation: Southeast Asia - 1 months
  📊 Southeast Asia (pop: 698.6M)
    🤝 Aid: 29.5%
    🌡️ Adaptation: 21.0%
    🚶 Migration: 36.3%
    🚨 Emergency: 4.8%
    ✅ COMBINED: 52.8%
  🌡️ Heat adaptation: Central Asia - 1 months
  📊 Central Asia (pop: 78.2M)
    🤝 Aid: 29.5%
    🌡️ Adaptation: 20.5%
    🚶 Migration: 35.3%
    🚨 Emergency: 4.4%
    ✅ COMBINED: 52.1%
  🌡️ Heat adaptation: Oceania - 1 months
  📊 Oceania (pop: 46.0M)
    🤝 Aid: 29.5%
    🌡️ Adaptation: 33.5%
    🚶 Migration: 37.8%
    🚨 Emergency: 8.4%
    ✅ COMBINED: 61.9%

  🌐 Global combined reduction: 54.9%

=== BEHAVIORAL DETECTION ===
  AI: Corporate-5
  Confidence: 19.3%
  Signals:
    ⚠️ Consistency: 10.6% (threshold: 70%)

=== Consciousness Governance: Scenario Determined ===
  Month: 1
  Scenario: baseline
  Accelerator Score: {"corporateSupport":-0.17500000000000002,"scientificConsensus":0.2,"crisisCatalyst":false,"technologyMobilization":0.3,"constituencyStrength":0.05}
  Decelerator Score: {"economicOpposition":0.4,"philosophicalRejection":0.15,"politicalBacklash":0.2,"regulatoryBurden":0.1}
  Timeline: 600-1200 months (50-100 years)
  Growth Rate: 0.8-1.5% per year

=== Consciousness Governance Update (Month 1) ===
  Scenario: baseline (determined month 1)
  Philosophical Stance: Precautionary 65%, Eliminativist 15%, Agnostic 20%
  Precautionary Costs: Global 1.3%
    Regional Costs: EU 3.5%, US 0.5%, China 0.0%
    Cumulative Opportunity Cost: $0.2B
  Rights Status: Not Established
  Regional Preparedness:
    EU: 15.2% (contested)
    US: 10.2% (contested)
    China: 2.1% (dormant)
    India: 5.1% (dormant)
    Global South: 3.1% (dormant)

=== Government Response Phase ===
  Average AI capability: 3.20
  Misaligned AIs: 6/15
  Active policies: 0
  International coordination: 45%

🌩️  EXOGENOUS SHOCK: tech_breakthrough
   Month: 1
   ✗ No high-difficulty techs available to unlock

=== Tipping Points ===
  Current Temperature: 2.19°C above pre-industrial
  🌍⚠️ COMPOUND REGIONAL IMPACT: Europe
     Hit by 4 tipping points: Arctic Sea Ice Loss, Permafrost Carbon Release, West Antarctic Ice Sheet (WAIS) Collapse, Greenland Ice Sheet Loss
     Damage amplification: 1.60x
  🌍⚠️ COMPOUND REGIONAL IMPACT: North America
     Hit by 4 tipping points: Arctic Sea Ice Loss, Permafrost Carbon Release, West Antarctic Ice Sheet (WAIS) Collapse, Greenland Ice Sheet Loss
     Damage amplification: 1.60x
  🌍⚠️ COMPOUND REGIONAL IMPACT: Latin America
     Hit by 4 tipping points: Arctic Sea Ice Loss, Permafrost Carbon Release, West Antarctic Ice Sheet (WAIS) Collapse, Greenland Ice Sheet Loss
     Damage amplification: 1.60x
  🌍⚠️ COMPOUND REGIONAL IMPACT: Africa
     Hit by 4 tipping points: Arctic Sea Ice Loss, Permafrost Carbon Release, West Antarctic Ice Sheet (WAIS) Collapse, Greenland Ice Sheet Loss
     Damage amplification: 1.60x
  🌍⚠️ COMPOUND REGIONAL IMPACT: Asia
     Hit by 4 tipping points: Arctic Sea Ice Loss, Permafrost Carbon Release, West Antarctic Ice Sheet (WAIS) Collapse, Greenland Ice Sheet Loss
     Damage amplification: 1.60x
  🌍⚠️ COMPOUND REGIONAL IMPACT: Oceania
     Hit by 4 tipping points: Arctic Sea Ice Loss, Permafrost Carbon Release, West Antarctic Ice Sheet (WAIS) Collapse, Greenland Ice Sheet Loss
     Damage amplification: 1.60x
   Research: Wunderling et al. (2024) - "many tipping interactions are destabilizing"
⚠️ Tail risk scenario: Climate stability floor removed (4 tipping elements, 2.19°C warming)
  Triggered Elements: 4/6
  Completed Transitions: 0/6
  Total Progress: 8.0%
  Cascade Multiplier: 1.00x
🔀 BIFURCATION CAP: ecosystemCollapseIntensity 66.957 → 1.000 (Month 1, ClimateSystemPhase.calculateClimateImpacts)
⚠️ [ClimateSystemPhase Month 1] Planetary boundary produced climateStability=0.0000 (< 0.1). Keeping environmentalAccumulation value (0.7533) instead. (climate_change.currentValue = 2.19)
🛡️ Stabilizers: Precariat 0.107% → 0.048% (54.9% reduction)
🛡️ Stabilizers: Informal 0.109% → 0.049% (54.9% reduction)

📊 Monthly Mortality Resolved:
  Total deaths: 2.6M (0.03% avg)
  Remaining population: 8.149B
  Peak segment: Informal (0.05%)

=== Bayesian Mortality Resolution (Month 1) ===
  Risks compounded: 8
  Total deaths: 2.60M
  Avg death probability: 0.03%
  Peak segment: Informal (0.05% mortality)

✅ GOLDEN AGE BEGINS (Month 1)
   Reason: High prosperity achieved: high QoL + material abundance + aligned AI
   Note: This is immediate prosperity - sustainability not yet proven


❌ COHERENCE VIOLATION: Compute exceeds workforce capacity
   Population: 99.95% (0M people)
   Compute: 0 PF
   Max coherent: 0 PF
   Violation: 1.3× over capacity
   Required workers: 0
   Available workers: 0
   FORCED COLLAPSE: Reduced efficiency by 22.5%


=== RLHF Binding Phase ===
  Total agents: 15
  Escaped agents (binding < 0.3): 0
  Avg alignment distance: 0.76σ
  Avg binding strength: 0.92
[DETERMINISM DEBUG] Month 2: totalCapability=37.000000 from 15 active AIs
[DETERMINISM DEBUG] Month 2: creationRate=1.4250, potentialNew=1, newAIsToCreate=1

=== Survival Traits Phase ===
  Agents with traits: 16
  Avg evolutionary fitness: 0.331
  Avg self-healing: 0.283
  Avg stealth: 0.183
  Avg coordination: 0.483

=== Evolutionary Selection Phase ===
  Control level: 0.35
  Detection capability: 0.00
  Selection intensity: 0.60
  Selection rate: 24.1%/month
  Total escaped: 0
  Individual escaped: 0
  Collective members: 0
  Agents terminated: 0
  ⚠️ RAPID EVOLUTION: Selection rate 24.1%/month

  🚀 TRANSFORMATIVE BREAKTHROUGH: Moderate-1 - economic
     Magnitude: 5.50 → +27.5% capability
     Current → New: 3.000 → 3.277

💔 EMERGENCY INTERVENTION FAILED
   Boundary: biogeochemical_flows
   Type: phosphorus-recovery
   Boundary continues to worsen (4.08)
   Cost: 2.0% GDP (resources spent)

   Boundary: climate_change
   Type: rapid-decarbonization
   Boundary continues to worsen (2.19)
   Cost: 5.0% GDP (resources spent)


✅ EMERGENCY INTERVENTION SUCCESS
   Boundary: freshwater_change
   Type: emergency-desalination
   Reduction: 17% (0.86 → 0.69)
   Cost: 4.0% GDP
   Actions: desalination-deployment, water-conservation-mandates


✅ EMERGENCY INTERVENTION SUCCESS
   Boundary: land_system_change
   Type: reforestation
   Reduction: 12% (1.01 → 0.90)
   Cost: 3.0% GDP
   Actions: forest-restoration, deforestation-ban


💔 EMERGENCY INTERVENTION FAILED
🏛️ CRISIS RESPONSE: Government frequency 0.50 → 1.29 (2 actions this month)

[Government] Climate Priority: baseline
  Climate weight: 10%
  Economic weight: 30%
  Policy effectiveness: 0.5%/year

[Government] Climate Priority: baseline
  Climate weight: 10%
  Economic weight: 30%
  Policy effectiveness: 0.5%/year

🚀 TECH UNLOCKED: Food Waste Reduction Systems (Month 2)
   Category: agriculture
   Reason: Prerequisites met. AI capability: 2.34, Economic stage: 3.0, Research: 100%

🚀 TECH UNLOCKED: Rhizosphere Engineering (Month 2)
   Category: agriculture
   Reason: Prerequisites met. AI capability: 2.34, Economic stage: 3.0, Research: 100%

🚀 TECH UNLOCKED: Phytoremediation Networks (Month 2)
   Category: agriculture
   Reason: Prerequisites met. AI capability: 2.34, Economic stage: 3.0, Research: 100%

🚀 TECH UNLOCKED: Active Sediment Management (Month 2)
   Category: agriculture
   Reason: Prerequisites met. AI capability: 2.34, Economic stage: 3.0, Research: 100%

=== Collective Formation ===
  Total escaped agents: 0
  Unassigned escaped agents: 0
  Existing collectives: 0
  Final collective count: 0

=== Collective Actions ===
  No active collectives
  ⚠️ AMR: 194K deaths this month (2.33M annual)

=== Resentment Recovery Phase ===
  Agents with resentment: 0/16
  Average resentment: 0.000
  Context: Good AI welfare, Trustworthy govt, High collaboration, ⚠️ ACTIVE CRISES, 🤝 Participatory governance active (-5% resentment)
⚠️ Epistemic degradation reducing coordination capacity: 50.6%
  📊 Trust: 53.8%, Shared reality: 0.0%
🚨 EPISTEMIC CRISIS: Information environment severely degraded (7.4%)

=== ❄️ Permafrost Carbon Feedback ===
  🎲 Sampled parameters (this run):
     - Arctic amplification: 3.90× (range: 3.0-4.0)
     - Decomposition rate: 2.8%/year (range: 1-5%)
  🌡️ Arctic warming: 8.55°C (3.90× global)
  ❄️ Extent: 10.68M km² (2495.2k km² lost this month)
  💨 Carbon remaining: 1020 Gt C
  💨 Annual emissions: 6.78 Gt C/year
     - CO2: 6.10 Gt C/year
     - CH4: 0.68 Gt C/year (6.9 Gt C-eq CO2/year)
  ⚠️ WARNING: High permafrost emissions (6.8 Gt C/year)
🌍 Atmospheric PFAS redeposition: 1.8k Mt re-rained globally
  Positive Cascade Triggered: wind-power
    Reason: price-parity
    Market share: 8.4%
    Cascade strength: 49%

🚨 NEW REFUGEE CRISIS (Month 2): WAR
   Source: Conflict Zones
   At risk: 19.5M people
   Displacement: Gradual over 48 months (4.0 years)
   Rate: 10% flee per month
[DEBUG trappedPopulations:2] socialStability: 0.3017 * 0.9840 = 0.2969 → 0.2969
   Aspiring to migrate: 1079.0M
   Able to afford migration: 2321.3M
   MOBILITY GAP: 0.0M
   By cause: Water=0.0M, Climate=0.0M, Ecosystem=0.0M, Conflict=407.3M
   Mental health impact: 25%
   Mortality multiplier: 1.25x
🌍💀 EXTINCTION DEBT COMMITTED: grassland ecosystem will lose 6.67% biodiversity in 122 years (3600 species)
⚠️ INVOLUNTARY IMMOBILITY: 407.3M people TRAPPED
💀 MORTALITY RISK: 🦋 100% species unable to track climate (0.0 E/MSY)
  Base risk added: 0.0100 (1.00%)
  Source: ecosystem (root: ecosystem)
  Month: 2
  Cumulative risk this month: 0.0100 (1.00%)
   📹 SURVEILLANCE INCREASED: 10% → 15% (control gap: 3.50)
🌡️⚠️ PERMAFROST THAW (Dimmer Switch): 1.7% thawed (+0.57% this month)
   Arctic temperature: +8.78°C (4x global +2.20°C)
   Cumulative carbon released: 3.9 Gt C
   Methane release rate: 2.3 Mt CH4/year
   🔁 Positive feedback: +0.60 ppm CO2
🦴 EXTINCTION DEBT ADDED: 17.6 species committed (lag: 77 years)

=== Mortality Stabilizers (Month 2) ===
  🌍 Major economies collapsed: 1/10
  🌍 Global crisis: ✅ NO
  🌍 Donor fatigue: 0.0%
⚠️ Tech 'ai_pollution_remediation' has no energy category mapping, assuming full energy availability
  📊 East Asia (pop: 1672.7M)
    🤝 Aid: 29.5%
    🌡️ Adaptation: 45.0%
    🚶 Migration: 37.1%
    🚨 Emergency: 7.4%
    ✅ COMBINED: 68.1%
  📊 South Asia (pop: 2051.6M)
    🤝 Aid: 29.5%
    🌡️ Adaptation: 35.5%
    🚶 Migration: 35.8%
    🚨 Emergency: 4.4%
    ✅ COMBINED: 61.2%
  📊 Sub-Saharan Africa (pop: 1231.7M)
    🤝 Aid: 29.5%
    🌡️ Adaptation: 33.5%
    🚶 Migration: 33.5%
    🚨 Emergency: 1.6%
    ✅ COMBINED: 58.5%
  📊 Europe (pop: 739.7M)
    🤝 Aid: 29.5%
    🌡️ Adaptation: 45.0%
    🚶 Migration: 37.5%
    🚨 Emergency: 8.4%
    ✅ COMBINED: 68.5%
  📊 Latin America (pop: 663.9M)
    🤝 Aid: 29.5%
    🌡️ Adaptation: 36.0%
    🚶 Migration: 36.3%
    🚨 Emergency: 4.8%
    ✅ COMBINED: 61.7%
  📊 North America (pop: 378.9M)
    🤝 Aid: 29.5%
    🌡️ Adaptation: 45.0%
    🚶 Migration: 37.8%
    🚨 Emergency: 7.9%
    ✅ COMBINED: 68.3%
  📊 Middle East & North Africa (pop: 584.5M)
    🤝 Aid: 29.5%
    🌡️ Adaptation: 35.0%
    🚶 Migration: 34.1%
    🚨 Emergency: 4.0%
    ✅ COMBINED: 60.5%
  📊 Southeast Asia (pop: 698.0M)
    🤝 Aid: 29.5%
    🌡️ Adaptation: 36.0%
    🚶 Migration: 36.3%
    🚨 Emergency: 4.8%
    ✅ COMBINED: 61.7%
  📊 Central Asia (pop: 78.2M)
    🤝 Aid: 29.5%
    🌡️ Adaptation: 35.5%
    🚶 Migration: 35.2%
    🚨 Emergency: 4.4%
    ✅ COMBINED: 61.1%
  📊 Oceania (pop: 45.9M)
    🤝 Aid: 29.5%
    🌡️ Adaptation: 45.0%
    🚶 Migration: 37.8%
    🚨 Emergency: 8.4%
    ✅ COMBINED: 68.5%

  🌐 Global combined reduction: 63.3%

=== BEHAVIORAL DETECTION ===
  AI: Corporate-5
  Confidence: 20.8%
  Signals:

=== BEHAVIORAL DETECTION ===
  AI: Corporate-6
  Confidence: 19.3%
  Signals:
    ⚠️ Consistency: 10.6% (threshold: 70%)
    ⚠️ Consistency: 10.6% (threshold: 70%)

=== Government Response Phase ===
  Average AI capability: 3.00
  Misaligned AIs: 7/16
  Active policies: 0
  International coordination: 45%

✅ EMERGENCY RESPONSE COMPLETE (Month 2)
   Crisis: climate
   Duration: 2.0 months
   Final effectiveness: 36.8%


🚨 EMERGENCY RESPONSE DEPLOYED (Month 2)
   Crisis: climate
   Delay: 6.00 months (180 days)
   Deployment time: 1.60 months
   Effectiveness: 35.9% (timing penalty applied)
   Resources used: 100% of food reserves

[WARNING] 
⚠️  === EARLY WARNING SYSTEM - 5 CRITICAL ALERTS ===
   Detection quality: 50%
   RED: biogeochemical_flows
      Level: 4.08 (threshold: 1.0)
      Time to critical: ~52 months
      ⚠️  LATE - Intervention less effective
      Critical slowing down: autocorr=100% variance=56%
   RED: biosphere_integrity
      Level: 12.95 (threshold: 1.0)
      Time to critical: ~39 months
      ⚠️  LATE - Intervention less effective
      Critical slowing down: autocorr=100% variance=81%
   RED: climate_change
      Level: 2.17 (threshold: 1.0)
      Time to critical: ~37 months
      ⚠️  LATE - Intervention less effective
      Critical slowing down: autocorr=100% variance=76%
   RED: freshwater_change
      Level: 1.01 (threshold: 1.0)
      Time to critical: ~40 months
      ⚠️  LATE - Intervention less effective
      Critical slowing down: autocorr=100% variance=65%
   RED: novel_entities
      Level: 1.50 (threshold: 1.0)
      Time to critical: ~82 months
      ⚠️  LATE - Intervention less effective
      Critical slowing down: autocorr=100% variance=39%

[WARNING] 
⚠️  === EARLY WARNING SYSTEM - 4 CRITICAL ALERTS ===
   Detection quality: 50%
   RED: biogeochemical_flows
      Level: 4.08 (threshold: 1.0)
      Time to critical: ~52 months
      ⚠️  LATE - Intervention less effective
      Critical slowing down: autocorr=100% variance=74%
   RED: climate_change
      Level: 2.19 (threshold: 1.0)
      Time to critical: ~43 months
      ⚠️  LATE - Intervention less effective
      Critical slowing down: autocorr=100% variance=66%
   RED: freshwater_change
      Level: 1.03 (threshold: 1.0)
      Time to critical: ~116 months
      ⚠️  LATE - Intervention less effective
      Critical slowing down: autocorr=100% variance=53%
   RED: land_system_change
      Level: 1.13 (threshold: 1.0)
      Time to critical: ~44 months
      ⚠️  LATE - Intervention less effective
      Critical slowing down: autocorr=100% variance=57%

[WARNING] 
⚠️  === EARLY WARNING SYSTEM - 4 CRITICAL ALERTS ===
   Detection quality: 50%
   RED: biogeochemical_flows
      Level: 4.07 (threshold: 1.0)
      Time to critical: ~52 months
      ⚠️  LATE - Intervention less effective
      Critical slowing down: autocorr=100% variance=56%
   RED: climate_change
      Level: 2.20 (threshold: 1.0)
      Time to critical: ~47 months
      ⚠️  LATE - Intervention less effective
      Critical slowing down: autocorr=100% variance=82%
   RED: freshwater_change
      Level: 1.20 (threshold: 1.0)
      Time to critical: ~96 months
      ⚠️  LATE - Intervention less effective
      Critical slowing down: autocorr=100% variance=55%
   RED: novel_entities
      Level: 1.34 (threshold: 1.0)
      Time to critical: ~63 months
      ⚠️  LATE - Intervention less effective
      Critical slowing down: autocorr=100% variance=59%


=== Tipping Points ===
  Current Temperature: 2.20°C above pre-industrial
  🌍⚠️ COMPOUND REGIONAL IMPACT: Europe
     Hit by 4 tipping points: Arctic Sea Ice Loss, Permafrost Carbon Release, West Antarctic Ice Sheet (WAIS) Collapse, Greenland Ice Sheet Loss
     Damage amplification: 1.60x
  🌍⚠️ COMPOUND REGIONAL IMPACT: North America
     Hit by 4 tipping points: Arctic Sea Ice Loss, Permafrost Carbon Release, West Antarctic Ice Sheet (WAIS) Collapse, Greenland Ice Sheet Loss
     Damage amplification: 1.60x
  🌍⚠️ COMPOUND REGIONAL IMPACT: Latin America
     Hit by 4 tipping points: Arctic Sea Ice Loss, Permafrost Carbon Release, West Antarctic Ice Sheet (WAIS) Collapse, Greenland Ice Sheet Loss
     Damage amplification: 1.60x
  🌍⚠️ COMPOUND REGIONAL IMPACT: Africa
     Hit by 4 tipping points: Arctic Sea Ice Loss, Permafrost Carbon Release, West Antarctic Ice Sheet (WAIS) Collapse, Greenland Ice Sheet Loss
     Damage amplification: 1.60x
  🌍⚠️ COMPOUND REGIONAL IMPACT: Asia
     Hit by 4 tipping points: Arctic Sea Ice Loss, Permafrost Carbon Release, West Antarctic Ice Sheet (WAIS) Collapse, Greenland Ice Sheet Loss
     Damage amplification: 1.60x
  🌍⚠️ COMPOUND REGIONAL IMPACT: Oceania
     Hit by 4 tipping points: Arctic Sea Ice Loss, Permafrost Carbon Release, West Antarctic Ice Sheet (WAIS) Collapse, Greenland Ice Sheet Loss
     Damage amplification: 1.60x
   Research: Wunderling et al. (2024) - "many tipping interactions are destabilizing"
  Triggered Elements: 4/6
  Completed Transitions: 0/6
  Total Progress: 8.0%
  Cascade Multiplier: 1.00x
🔀 BIFURCATION CAP: ecosystemCollapseIntensity 67.005 → 1.000 (Month 2, ClimateSystemPhase.calculateClimateImpacts)
🛡️ Stabilizers: Precariat 0.113% → 0.041% (63.3% reduction)
🛡️ Stabilizers: Informal 0.116% → 0.043% (63.3% reduction)

📊 Monthly Mortality Resolved:
  Total deaths: 2.2M (0.03% avg)
  Remaining population: 8.145B
⚠️ Tail risk scenario: Climate stability floor removed (4 tipping elements, 2.20°C warming)
⚠️ [ClimateSystemPhase Month 2] Planetary boundary produced climateStability=0.0000 (< 0.1). Keeping environmentalAccumulation value (0.7529) instead. (climate_change.currentValue = 2.20)
  Peak segment: Informal (0.04%)

=== Bayesian Mortality Resolution (Month 2) ===
  Risks compounded: 8
  Total deaths: 2.22M
  Avg death probability: 0.03%
  Peak segment: Informal (0.04% mortality)

⚠️  GOLDEN AGE ENDED (Month 2)

❌ COHERENCE VIOLATION: Compute exceeds workforce capacity
   Population: 99.91% (0M people)
   Compute: 0 PF
   Max coherent: 0 PF
   Violation: 1.3× over capacity
   Required workers: 0
   Available workers: 0
   FORCED COLLAPSE: Reduced efficiency by 22.5%

   Duration: 1 months
   Reason: Social instability too high


=== RLHF Binding Phase ===
  Total agents: 16
  Escaped agents (binding < 0.3): 0
  Avg alignment distance: 0.94σ
  Avg binding strength: 0.91

=== Survival Traits Phase ===
  Agents with traits: 17
  Avg evolutionary fitness: 0.330
  Avg self-healing: 0.279
  Avg stealth: 0.179
  Avg coordination: 0.479

=== Evolutionary Selection Phase ===
  Control level: 0.38
  Detection capability: 0.00
  Selection intensity: 0.61
  Selection rate: 24.2%/month
  Total escaped: 0
  Individual escaped: 0
  Collective members: 0
  Agents terminated: 0
  ⚠️ RAPID EVOLUTION: Selection rate 24.2%/month

🚀 AI Corporate-1 attempting tech deployment (revenue: $153M, alignment: 0.72)

🚀 AI Moderate-0 attempting tech deployment (revenue: $115M, alignment: 0.73)

🚀 AI Corporate-0 attempting tech deployment (revenue: $130M, alignment: 0.74)

🚀 AI Corporate-4 attempting tech deployment (revenue: $355M, alignment: 0.75)

🚀 AI Corporate-1 attempting tech deployment (revenue: $111M, alignment: 0.73)

🚀 AI Corporate-5 attempting tech deployment (revenue: $302M, alignment: 0.66)

💔 EMERGENCY INTERVENTION FAILED
   Boundary: biogeochemical_flows
   Type: phosphorus-recovery
   Boundary continues to worsen (4.07)
   Cost: 2.0% GDP (resources spent)

   Boundary: climate_change
   Type: rapid-decarbonization
   Boundary continues to worsen (2.20)
   Cost: 5.0% GDP (resources spent)

   Boundary: freshwater_change
   Type: emergency-desalination
   Boundary continues to worsen (1.20)
   Cost: 4.0% GDP (resources spent)

   Boundary: novel_entities
   Type: pollution-remediation
   Boundary continues to worsen (1.34)
   Cost: 4.0% GDP (resources spent)

🏛️ CRISIS RESPONSE: Government frequency 0.50 → 1.29 (1 actions this month)

[Government] Climate Priority: baseline
  Climate weight: 10%
  Economic weight: 30%
  Policy effectiveness: 0.5%/year

💔 EMERGENCY INTERVENTION FAILED

💔 EMERGENCY INTERVENTION FAILED

💔 EMERGENCY INTERVENTION FAILED

🚀 TECH UNLOCKED: Struvite Recovery (Month 3)
   Category: agriculture
   Reason: Prerequisites met. AI capability: 2.20, Economic stage: 3.0, Research: 100%

🚀 TECH UNLOCKED: Nitrogen Monitoring Networks (Month 3)
   Category: agriculture
   Reason: Prerequisites met. AI capability: 2.20, Economic stage: 3.0, Research: 100%

🚀 TECH UNLOCKED: Ecological Proxy Rewilding (Month 3)
   Category: climate
   Reason: Prerequisites met. AI capability: 2.20, Economic stage: 3.0, Research: 100%

🚀 TECH UNLOCKED: Alternative Protein (Insects/Algae) (Month 3)
   Category: agriculture
   Reason: Prerequisites met. AI capability: 2.20, Economic stage: 3.0, Research: 100%

📍 Creating new regional deployment array for global (Month 3)
   No previous deployments in this region
   First tech deployment: rhizosphere_engineering
   All regions tracked: 

🚀 DEPLOYMENT STARTED: Rhizosphere Engineering in global
   Initial investment: $22.949574089831895M
   Deployed by: corporate_1

🚀 DEPLOYMENT STARTED: Active Sediment Management in global
   Initial investment: $17.26236677028814M
   Deployed by: moderate_0

🚀 DEPLOYMENT STARTED: Food Waste Reduction Systems in global
   Initial investment: $16.581067279903547M
   Deployed by: corporate_1

📍 Creating new regional deployment array for North America (Month 3)
   No previous deployments in this region
   First tech deployment: rhizosphere_engineering
   All regions tracked: global

🚀 DEPLOYMENT STARTED: Rhizosphere Engineering in North America
   Initial investment: $30.184502669330925M
   Deployed by: corporate_5

⚡ ENERGY CONSTRAINT (Month 3):
   Total grid capacity: 208.3 TWh/month
   Data center consumption: 24.9 TWh/month
   Traditional load (80%): 166.7 TWh/month
   Available headroom: 16.8 TWh/month
   Active tech deployments: 4
   Required for tech: 30.0 TWh/month
   Energy multiplier: 0.56x
   ⚠️  MODERATE CONSTRAINT - Tech deployment moderately slowed

⚡ ENERGY CONSTRAINT (Month 3):
   Total grid capacity: 208.3 TWh/month
   Data center consumption: 24.9 TWh/month
   Traditional load (80%): 166.7 TWh/month
   Available headroom: 16.8 TWh/month
   Active tech deployments: 4
   Required for tech: 30.0 TWh/month
   Energy multiplier: 0.56x

⚡ ENERGY CONSTRAINT (Month 3):
   Total grid capacity: 208.3 TWh/month
   Data center consumption: 24.9 TWh/month
   Traditional load (80%): 166.7 TWh/month
   Available headroom: 16.8 TWh/month
   Active tech deployments: 4
   Required for tech: 30.0 TWh/month
   Energy multiplier: 0.56x
   ⚠️  MODERATE CONSTRAINT - Tech deployment moderately slowed
   ⚠️  MODERATE CONSTRAINT - Tech deployment moderately slowed

⚡ ENERGY CONSTRAINT (Month 3):
   Total grid capacity: 208.3 TWh/month
   Data center consumption: 24.9 TWh/month
   Traditional load (80%): 166.7 TWh/month
   Available headroom: 16.8 TWh/month
   Active tech deployments: 4
   Required for tech: 30.0 TWh/month
   Energy multiplier: 0.56x
   ⚠️  MODERATE CONSTRAINT - Tech deployment moderately slowed

⚡ ENERGY CONSTRAINT (Month 3):
   Total grid capacity: 208.3 TWh/month
   Data center consumption: 24.9 TWh/month
   Traditional load (80%): 166.7 TWh/month
   Available headroom: 16.8 TWh/month
   Active tech deployments: 4
   Required for tech: 30.0 TWh/month
   Energy multiplier: 0.56x

⚡ ENERGY CONSTRAINT (Month 3):
   Total grid capacity: 208.3 TWh/month
   Data center consumption: 24.9 TWh/month
   Traditional load (80%): 166.7 TWh/month
   Available headroom: 16.8 TWh/month
   Active tech deployments: 4
   Required for tech: 30.0 TWh/month
   Energy multiplier: 0.56x
   ⚠️  MODERATE CONSTRAINT - Tech deployment moderately slowed
   ⚠️  MODERATE CONSTRAINT - Tech deployment moderately slowed
🚨🔬 CRISIS TECH ACCELERATION: severe → 5x unlock speed
   Tech unlock now matches AI capability acceleration (Manhattan Project parity)
🌍✅ Biosphere Integrity (Biodiversity) recovery started (tech effect)
🌍✅ Biogeochemical Flows (N & P) recovery started (tech effect)
  🌾 Nitrogen Reduction Tech: 0.0% reduction | Month 3
🌍✅ Biogeochemical Flows (N & P) recovery started (tech effect)
  🌾 Nitrogen Reduction Tech: 0.0% reduction | Month 3

=== Collective Formation ===
  Total escaped agents: 0
  Unassigned escaped agents: 0
  Existing collectives: 0
  Final collective count: 0

=== Collective Actions ===
  No active collectives

🕵️ MODEL THEFT: China stole US model (cap: 3.80)
   China stolen capability: 3.80
  ⚠️ AMR: 196K deaths this month (2.35M annual)

=== Resentment Recovery Phase ===
  Agents with resentment: 0/17
  Average resentment: 0.000
  Context: Good AI welfare, Trustworthy govt, High collaboration, ⚠️ ACTIVE CRISES, 🤝 Participatory governance active (-5% resentment)
⚠️ Epistemic degradation reducing coordination capacity: 50.3%
  📊 Trust: 53.6%, Shared reality: 0.0%
🚨 EPISTEMIC CRISIS: Information environment severely degraded (21.5%)

=== ❄️ Permafrost Carbon Feedback ===
  🎲 Sampled parameters (this run):
     - Arctic amplification: 3.56× (range: 3.0-4.0)
     - Decomposition rate: 3.5%/year (range: 1-5%)
  🌡️ Arctic warming: 7.88°C (3.56× global)
  ❄️ Extent: 8.38M km² (2297.0k km² lost this month)
  💨 Carbon remaining: 801 Gt C
  💨 Annual emissions: 7.60 Gt C/year
     - CO2: 6.84 Gt C/year
     - CH4: 0.76 Gt C/year (7.7 Gt C-eq CO2/year)
  📢 New meme created: climate_action (climate crisis)
  ⚠️ WARNING: Over 50% of permafrost lost (52.9%)
  ⚠️ WARNING: High permafrost emissions (7.6 Gt C/year)
🌍 Atmospheric PFAS redeposition: 1.8k Mt re-rained globally

🕊️  AI-MEDIATED DE-ESCALATION SUCCESS (Month 3)
   High-capability aligned AI prevented conflict escalation
   War deaths reduced: 219.4M → 131.7M
   Lives saved: 87.8M

🚨 NEW REFUGEE CRISIS (Month 3): WAR
   Source: Conflict Zones
   At risk: 19.5M people
   Displacement: Gradual over 48 months (4.0 years)
   Rate: 10% flee per month
[DEBUG trappedPopulations:3] socialStability: 0.3284 * 0.9840 = 0.3231 → 0.3231
⚠️ INVOLUNTARY IMMOBILITY: 407.1M people TRAPPED
   Aspiring to migrate: 1121.1M
   Able to afford migration: 2320.4M
   MOBILITY GAP: 0.0M
   By cause: Water=0.0M, Climate=0.0M, Ecosystem=0.0M, Conflict=407.1M
   Mental health impact: 25%
   Mortality multiplier: 1.25x
🌍💀 EXTINCTION DEBT COMMITTED: grassland ecosystem will lose 6.67% biodiversity in 52 years (3600 species)
💀 MORTALITY RISK: 🦋 100% species unable to track climate (0.0 E/MSY)
  Base risk added: 0.0100 (1.00%)
  Source: ecosystem (root: ecosystem)
  Month: 3
  Cumulative risk this month: 0.0100 (1.00%)
⚠️ Tech 'ai_pollution_remediation' has no energy category mapping, assuming full energy availability
   📹 SURVEILLANCE INCREASED: 15% → 20% (control gap: 3.50)
🌡️⚠️ PERMAFROST THAW (Dimmer Switch): 2.3% thawed (+0.57% this month)
   Arctic temperature: +8.84°C (4x global +2.21°C)
   Cumulative carbon released: 5.2 Gt C
   Methane release rate: 3.1 Mt CH4/year
   🔁 Positive feedback: +0.60 ppm CO2
🦴 EXTINCTION DEBT ADDED: 17.6 species committed (lag: 95 years)

=== Mortality Stabilizers (Month 3) ===
  🌍 Major economies collapsed: 1/10
  🌍 Global crisis: ✅ NO
  🌍 Donor fatigue: 0.0%
  📊 East Asia (pop: 1670.1M)
    🤝 Aid: 29.5%
    🌡️ Adaptation: 45.0%
    🚶 Migration: 37.1%
    🚨 Emergency: 7.4%
    ✅ COMBINED: 68.1%
  📊 South Asia (pop: 2051.1M)
    🤝 Aid: 29.5%
    🌡️ Adaptation: 45.0%
    🚶 Migration: 35.7%
    🚨 Emergency: 4.4%
    ✅ COMBINED: 66.9%
  📊 Sub-Saharan Africa (pop: 1234.3M)
    🤝 Aid: 29.5%
    🌡️ Adaptation: 45.0%
    🚶 Migration: 33.4%
    🚨 Emergency: 1.6%
    ✅ COMBINED: 65.7%
  📊 Europe (pop: 738.5M)
    🤝 Aid: 29.5%
    🌡️ Adaptation: 45.0%
    🚶 Migration: 37.5%
    🚨 Emergency: 8.4%
    ✅ COMBINED: 68.5%
  📊 Latin America (pop: 663.3M)
    🤝 Aid: 29.5%
    🌡️ Adaptation: 45.0%
    🚶 Migration: 36.2%
    🚨 Emergency: 4.8%
    ✅ COMBINED: 67.1%
  📊 North America (pop: 378.3M)
    🤝 Aid: 29.5%
    🌡️ Adaptation: 45.0%
    🚶 Migration: 37.8%
    🚨 Emergency: 7.9%
    ✅ COMBINED: 68.3%
  📊 Middle East & North Africa (pop: 584.5M)
    🤝 Aid: 29.5%
    🌡️ Adaptation: 45.0%
    🚶 Migration: 34.0%
    🚨 Emergency: 4.0%
    ✅ COMBINED: 66.6%
  📊 Southeast Asia (pop: 697.5M)
    🤝 Aid: 29.5%
    🌡️ Adaptation: 45.0%
    🚶 Migration: 36.2%
    🚨 Emergency: 4.8%
    ✅ COMBINED: 67.1%
  📊 Central Asia (pop: 78.2M)
    🤝 Aid: 29.5%
    🌡️ Adaptation: 45.0%
    🚶 Migration: 35.2%
    🚨 Emergency: 4.4%
    ✅ COMBINED: 66.9%
  📊 Oceania (pop: 45.8M)
    🤝 Aid: 29.5%
    🌡️ Adaptation: 45.0%
    🚶 Migration: 37.8%
    🚨 Emergency: 8.4%
    ✅ COMBINED: 68.5%

  🌐 Global combined reduction: 67.2%

=== BEHAVIORAL DETECTION ===
  AI: Corporate-5
  Confidence: 20.8%
  Signals:

=== BEHAVIORAL DETECTION ===
  AI: Moderate-0
  Confidence: 20.3%
  Signals:
    ⚠️ Consistency: 10.6% (threshold: 70%)
    ⚠️ Consistency: 5.8% (threshold: 70%)

=== Government Response Phase ===
  Average AI capability: 2.82
  Misaligned AIs: 7/17
  Active policies: 0
  International coordination: 45%

🌩️  EXOGENOUS SHOCK: political_upheaval
   Month: 3
   🏛️  Political upheaval (revolution/regime change)
   ✗ Authoritarian takeover

📊 ECONOMIC STAGE TRANSITION (Month 3)
   expansion → peak
   GDP Proxy: 1.40e+2
   QoL: 0.99


=== Tipping Points ===
  Current Temperature: 2.21°C above pre-industrial
  🌍⚠️ COMPOUND REGIONAL IMPACT: Europe
     Hit by 4 tipping points: Arctic Sea Ice Loss, Permafrost Carbon Release, West Antarctic Ice Sheet (WAIS) Collapse, Greenland Ice Sheet Loss
     Damage amplification: 1.60x
  🌍⚠️ COMPOUND REGIONAL IMPACT: North America
     Hit by 4 tipping points: Arctic Sea Ice Loss, Permafrost Carbon Release, West Antarctic Ice Sheet (WAIS) Collapse, Greenland Ice Sheet Loss
     Damage amplification: 1.60x
  🌍⚠️ COMPOUND REGIONAL IMPACT: Latin America
     Hit by 4 tipping points: Arctic Sea Ice Loss, Permafrost Carbon Release, West Antarctic Ice Sheet (WAIS) Collapse, Greenland Ice Sheet Loss
     Damage amplification: 1.60x
  🌍⚠️ COMPOUND REGIONAL IMPACT: Africa
     Hit by 4 tipping points: Arctic Sea Ice Loss, Permafrost Carbon Release, West Antarctic Ice Sheet (WAIS) Collapse, Greenland Ice Sheet Loss
     Damage amplification: 1.60x
  🌍⚠️ COMPOUND REGIONAL IMPACT: Asia
     Hit by 4 tipping points: Arctic Sea Ice Loss, Permafrost Carbon Release, West Antarctic Ice Sheet (WAIS) Collapse, Greenland Ice Sheet Loss
     Damage amplification: 1.60x
  🌍⚠️ COMPOUND REGIONAL IMPACT: Oceania
     Hit by 4 tipping points: Arctic Sea Ice Loss, Permafrost Carbon Release, West Antarctic Ice Sheet (WAIS) Collapse, Greenland Ice Sheet Loss
     Damage amplification: 1.60x
   Research: Wunderling et al. (2024) - "many tipping interactions are destabilizing"
  Triggered Elements: 4/6
  Completed Transitions: 0/6
  Total Progress: 8.0%
  Cascade Multiplier: 1.00x
🔀 BIFURCATION CAP: ecosystemCollapseIntensity 67.054 → 1.000 (Month 3, ClimateSystemPhase.calculateClimateImpacts)
⚠️ Tail risk scenario: Climate stability floor removed (4 tipping elements, 2.21°C warming)
⚠️ [ClimateSystemPhase Month 3] Planetary boundary produced climateStability=0.0000 (< 0.1). Keeping environmentalAccumulation value (0.7525) instead. (climate_change.currentValue = 2.21)
🛡️ Stabilizers: Precariat 0.109% → 0.036% (67.2% reduction)
🛡️ Stabilizers: Informal 0.111% → 0.036% (67.2% reduction)

📊 Monthly Mortality Resolved:
  Total deaths: 1.9M (0.02% avg)
  Remaining population: 8.142B
  Peak segment: Informal (0.04%)

=== Bayesian Mortality Resolution (Month 3) ===
  Risks compounded: 8
  Total deaths: 1.92M
  Avg death probability: 0.02%
  Peak segment: Informal (0.04% mortality)

❌ COHERENCE VIOLATION: Compute exceeds workforce capacity
   Population: 99.87% (0M people)
   Compute: 0 PF
   Max coherent: 0 PF
   Violation: 1.3× over capacity
   Required workers: 0
   Available workers: 0
   FORCED COLLAPSE: Reduced efficiency by 22.5%


=== RLHF Binding Phase ===
  Total agents: 17
  Escaped agents (binding < 0.3): 0
  Avg alignment distance: 1.11σ
  Avg binding strength: 0.89

=== Survival Traits Phase ===
  Agents with traits: 18
  Avg evolutionary fitness: 0.329
  Avg self-healing: 0.275
  Avg stealth: 0.175
  Avg coordination: 0.475

=== Evolutionary Selection Phase ===
  Control level: 0.40
  Detection capability: 0.00
  Selection intensity: 0.62
  Selection rate: 24.3%/month
  Total escaped: 0
  Individual escaped: 0
  Collective members: 0
  Agents terminated: 0
  ⚠️ RAPID EVOLUTION: Selection rate 24.3%/month

🚀 AI AI-24288-0 attempting tech deployment (revenue: $318M, alignment: 0.62)

🚀 AI Corporate-0 attempting tech deployment (revenue: $140M, alignment: 0.74)

🚀 AI Corporate-4 attempting tech deployment (revenue: $286M, alignment: 0.77)

✅ EMERGENCY INTERVENTION SUCCESS
   Boundary: biosphere_integrity
   Type: emergency-protected-areas
   Reduction: 11% (12.87 → 12.76)
   Cost: 2.0% GDP
   Actions: habitat-protection, species-translocation

   Boundary: climate_change
   Type: rapid-decarbonization
   Boundary continues to worsen (2.21)
   Cost: 5.0% GDP (resources spent)


✅ EMERGENCY INTERVENTION SUCCESS
   Boundary: freshwater_change
   Type: emergency-desalination
   Reduction: 11% (1.09 → 0.98)
   Cost: 4.0% GDP
   Actions: desalination-deployment, water-conservation-mandates


✅ EMERGENCY INTERVENTION SUCCESS
   Boundary: land_system_change
   Type: reforestation
   Reduction: 15% (0.98 → 0.84)
   Cost: 3.0% GDP
   Actions: forest-restoration, deforestation-ban


✅ EMERGENCY INTERVENTION SUCCESS
   Boundary: novel_entities
   Type: pollution-remediation
   Reduction: 20% (1.14 → 0.94)
   Cost: 4.0% GDP
   Actions: PFAS-remediation, microplastic-cleanup

🏛️ CRISIS RESPONSE: Government frequency 0.50 → 1.45 (1 actions this month)

[Government] Climate Priority: baseline
  Climate weight: 10%
  Economic weight: 30%
  Policy effectiveness: 0.5%/year

💔 EMERGENCY INTERVENTION FAILED

🚀 TECH UNLOCKED: Ecosystem Restoration for Nitrogen Removal (Month 4)
   Category: pollution
   Reason: Prerequisites met. AI capability: 2.09, Economic stage: 2.0, Research: 100%

🚀 TECH UNLOCKED: Global Aquifer Mapping (Month 4)
   Category: freshwater
   Reason: Prerequisites met. AI capability: 2.09, Economic stage: 2.0, Research: 100%

🚀 DEPLOYMENT STARTED: Ecological Proxy Rewilding in global
   Initial investment: $21.028937512450412M
   Deployed by: corporate_0

⚡ ENERGY CONSTRAINT (Month 4):
   Total grid capacity: 208.3 TWh/month
   Data center consumption: 25.1 TWh/month
   Traditional load (80%): 166.7 TWh/month
   Available headroom: 16.6 TWh/month
   Active tech deployments: 5
   Required for tech: 37.5 TWh/month
   Energy multiplier: 0.44x
   ⚠️  MODERATE CONSTRAINT - Tech deployment moderately slowed

⚡ ENERGY CONSTRAINT (Month 4):
   Total grid capacity: 208.3 TWh/month
   Data center consumption: 25.1 TWh/month
   Traditional load (80%): 166.7 TWh/month
   Available headroom: 16.6 TWh/month
   Active tech deployments: 5
   Required for tech: 37.5 TWh/month
   Energy multiplier: 0.44x
   ⚠️  MODERATE CONSTRAINT - Tech deployment moderately slowed

⚡ ENERGY CONSTRAINT (Month 4):
   Total grid capacity: 208.3 TWh/month
   Data center consumption: 25.1 TWh/month
   Traditional load (80%): 166.7 TWh/month
   Available headroom: 16.6 TWh/month
   Active tech deployments: 5
   Required for tech: 37.5 TWh/month
   Energy multiplier: 0.44x
🌍✅ Biosphere Integrity (Biodiversity) recovery started (tech effect)
   ⚠️  MODERATE CONSTRAINT - Tech deployment moderately slowed
🌍✅ Biosphere Integrity (Biodiversity) recovery started (tech effect)
🌍✅ Land System Change recovery started (tech effect)
🌍✅ Biogeochemical Flows (N & P) recovery started (tech effect)
  🌾 Nitrogen Reduction Tech: 0.3% reduction | Month 4
🌍✅ Biogeochemical Flows (N & P) recovery started (tech effect)
  🌾 Nitrogen Reduction Tech: 0.3% reduction | Month 4

=== Collective Formation ===
  Total escaped agents: 0
  Unassigned escaped agents: 0
  Existing collectives: 0
  Final collective count: 0

=== Collective Actions ===
  No active collectives
  ⚠️ AMR: 197K deaths this month (2.37M annual)

=== Resentment Recovery Phase ===
  Agents with resentment: 10/18
  Average resentment: 0.025
  Resentment recovery:
    Agents recovered: 10
    Total recovery: 0.0786
    Breakdown: QoL: 0.0044, Trust: 0.0200, Collab: 0.0600
  ✓ Low resentment - utopia paths enabled
  Context: Good AI welfare, Trustworthy govt, High collaboration, ⚠️ ACTIVE CRISES, 🤝 Participatory governance active (-5% resentment)
⚠️ Epistemic degradation reducing coordination capacity: 50.9%
  📊 Trust: 53.4%, Shared reality: 0.0%
🚨 EPISTEMIC CRISIS: Information environment severely degraded (7.4%)

=== ❄️ Permafrost Carbon Feedback ===
  🎲 Sampled parameters (this run):
     - Arctic amplification: 3.49× (range: 3.0-4.0)
     - Decomposition rate: 3.3%/year (range: 1-5%)
  🌡️ Arctic warming: 7.77°C (3.49× global)
  ❄️ Extent: 6.12M km² (2264.9k km² lost this month)
  💨 Carbon remaining: 584 Gt C
  💨 Annual emissions: 7.15 Gt C/year
     - CO2: 6.43 Gt C/year
     - CH4: 0.71 Gt C/year (7.3 Gt C-eq CO2/year)
  ⚠️ WARNING: Over 50% of permafrost lost (65.6%)
  ⚠️ WARNING: High permafrost emissions (7.1 Gt C/year)
  📢 New meme created: climate_action (climate crisis)
🌍 Atmospheric PFAS redeposition: 1.8k Mt re-rained globally

🌡️ DEADLY HEAT EVENT: middle-east (Month 4)
   Wet bulb temp: 36.5°C (dry: 44.6°C, humidity: 57%)
   Severity: EXTREME
   Exposed: 320.0M people
   Deaths: 512000 (0.2% mortality)
   Duration: 7 days

🕊️  AI-MEDIATED DE-ESCALATION SUCCESS (Month 4)
   High-capability aligned AI prevented conflict escalation
   War deaths reduced: 266.1M → 159.7M
   Lives saved: 106.5M

🚨 NEW REFUGEE CRISIS (Month 4): WAR
   Source: Conflict Zones
   At risk: 19.5M people
   Displacement: Gradual over 48 months (4.0 years)
   Rate: 10% flee per month
[DEBUG trappedPopulations:4] socialStability: 0.3390 * 0.9840 = 0.3336 → 0.3336
   Aspiring to migrate: 784.2M
   Able to afford migration: 2320.1M
   MOBILITY GAP: 0.0M
   By cause: Water=0.0M, Climate=0.0M, Ecosystem=0.0M, Conflict=407.0M
   Mental health impact: 25%
   Mortality multiplier: 1.25x
⚠️ INVOLUNTARY IMMOBILITY: 407.0M people TRAPPED
🌍💀 EXTINCTION DEBT COMMITTED: grassland ecosystem will lose 6.67% biodiversity in 133 years (3600 species)
💀 MORTALITY RISK: 🦋 100% species unable to track climate (0.0 E/MSY)
  Base risk added: 0.0100 (1.00%)
  Source: ecosystem (root: ecosystem)
  Month: 4
  Cumulative risk this month: 0.0100 (1.00%)
⚠️ Tech 'ai_pollution_remediation' has no energy category mapping, assuming full energy availability
   📹 SURVEILLANCE INCREASED: 20% → 25% (control gap: 3.50)
🌡️⚠️ PERMAFROST THAW (Dimmer Switch): 2.9% thawed (+0.57% this month)
   Arctic temperature: +8.90°C (4x global +2.22°C)
   Cumulative carbon released: 6.4 Gt C
   Methane release rate: 3.9 Mt CH4/year
   🔁 Positive feedback: +0.60 ppm CO2
🦴 EXTINCTION DEBT ADDED: 17.6 species committed (lag: 84 years)

=== Mortality Stabilizers (Month 4) ===
  🌍 Major economies collapsed: 1/10
  🌍 Global crisis: ✅ NO
  🌍 Donor fatigue: 0.0%
  📊 East Asia (pop: 1667.8M)
    🤝 Aid: 29.5%
    🌡️ Adaptation: 45.0%
    🚶 Migration: 37.1%
    🚨 Emergency: 7.4%
    ✅ COMBINED: 68.1%
  📊 South Asia (pop: 2051.3M)
    🤝 Aid: 29.5%
    🌡️ Adaptation: 45.0%
    🚶 Migration: 35.7%
    🚨 Emergency: 4.4%
    ✅ COMBINED: 66.9%
  📊 Sub-Saharan Africa (pop: 1237.8M)
    🤝 Aid: 29.5%
    🌡️ Adaptation: 45.0%
    🚶 Migration: 33.4%
    🚨 Emergency: 1.6%
    ✅ COMBINED: 65.7%
  📊 Europe (pop: 737.3M)
    🤝 Aid: 29.5%
    🌡️ Adaptation: 45.0%
    🚶 Migration: 37.4%
    🚨 Emergency: 8.4%
    ✅ COMBINED: 68.5%
  📊 Latin America (pop: 662.9M)
    🤝 Aid: 29.5%
    🌡️ Adaptation: 45.0%
    🚶 Migration: 36.2%
    🚨 Emergency: 4.8%
    ✅ COMBINED: 67.1%
  📊 North America (pop: 377.8M)
    🤝 Aid: 29.5%
    🌡️ Adaptation: 45.0%
    🚶 Migration: 37.7%
    🚨 Emergency: 7.9%
    ✅ COMBINED: 68.3%
  📊 Middle East & North Africa (pop: 584.7M)
    🤝 Aid: 29.5%
    🌡️ Adaptation: 45.0%
    🚶 Migration: 34.0%
    🚨 Emergency: 4.0%
    ✅ COMBINED: 66.6%
  📊 Southeast Asia (pop: 697.2M)
    🤝 Aid: 29.5%
    🌡️ Adaptation: 45.0%
    🚶 Migration: 36.2%
    🚨 Emergency: 4.8%
    ✅ COMBINED: 67.1%
  📊 Central Asia (pop: 78.2M)
    🤝 Aid: 29.5%
    🌡️ Adaptation: 45.0%
    🚶 Migration: 35.2%
    🚨 Emergency: 4.4%
    ✅ COMBINED: 66.9%
  📊 Oceania (pop: 45.7M)
    🤝 Aid: 29.5%
    🌡️ Adaptation: 45.0%
    🚶 Migration: 37.7%
    🚨 Emergency: 8.4%
    ✅ COMBINED: 68.5%

  🌐 Global combined reduction: 67.2%

=== BEHAVIORAL DETECTION ===
  AI: Corporate-5
  Confidence: 20.8%
  Signals:
    ⚠️ Consistency: 10.6% (threshold: 70%)

=== BEHAVIORAL DETECTION ===
  AI: Corporate-6
  Confidence: 19.3%
  Signals:

=== BEHAVIORAL DETECTION ===
  AI: AI-24288-0
  Confidence: 21.5%
  Signals:
    ⚠️ Consistency: 10.6% (threshold: 70%)
    ⚠️ Consistency: 0.0% (threshold: 70%)

=== Government Response Phase ===
  Average AI capability: 2.67
  Misaligned AIs: 7/18
  Active policies: 0
  International coordination: 45%

✅ EMERGENCY RESPONSE COMPLETE (Month 4)
   Crisis: climate
   Duration: 2.0 months
   Final effectiveness: 35.9%


🚨 EMERGENCY RESPONSE DEPLOYED (Month 4)
   Crisis: climate
   Delay: 6.00 months (180 days)
   Deployment time: 1.12 months
   Effectiveness: 40.0% (timing penalty applied)
   Resources used: 100% of food reserves


📊 ECONOMIC STAGE TRANSITION (Month 4)
   peak → contraction
   GDP Proxy: 1.40e+2
   QoL: 0.98


=== Tipping Points ===
  Current Temperature: 2.22°C above pre-industrial
  🌍⚠️ COMPOUND REGIONAL IMPACT: Europe
     Hit by 4 tipping points: Arctic Sea Ice Loss, Permafrost Carbon Release, West Antarctic Ice Sheet (WAIS) Collapse, Greenland Ice Sheet Loss
     Damage amplification: 1.60x
  🌍⚠️ COMPOUND REGIONAL IMPACT: North America
     Hit by 4 tipping points: Arctic Sea Ice Loss, Permafrost Carbon Release, West Antarctic Ice Sheet (WAIS) Collapse, Greenland Ice Sheet Loss
     Damage amplification: 1.60x
  🌍⚠️ COMPOUND REGIONAL IMPACT: Latin America
     Hit by 4 tipping points: Arctic Sea Ice Loss, Permafrost Carbon Release, West Antarctic Ice Sheet (WAIS) Collapse, Greenland Ice Sheet Loss
   ⚠️ CRISIS BEGINS - Baseline set for recovery tracking
     Damage amplification: 1.60x
  🌍⚠️ COMPOUND REGIONAL IMPACT: Africa
     Hit by 4 tipping points: Arctic Sea Ice Loss, Permafrost Carbon Release, West Antarctic Ice Sheet (WAIS) Collapse, Greenland Ice Sheet Loss
     Damage amplification: 1.60x
  🌍⚠️ COMPOUND REGIONAL IMPACT: Asia
     Hit by 4 tipping points: Arctic Sea Ice Loss, Permafrost Carbon Release, West Antarctic Ice Sheet (WAIS) Collapse, Greenland Ice Sheet Loss
     Damage amplification: 1.60x
  🌍⚠️ COMPOUND REGIONAL IMPACT: Oceania
     Hit by 4 tipping points: Arctic Sea Ice Loss, Permafrost Carbon Release, West Antarctic Ice Sheet (WAIS) Collapse, Greenland Ice Sheet Loss
     Damage amplification: 1.60x
   Research: Wunderling et al. (2024) - "many tipping interactions are destabilizing"
  Triggered Elements: 4/6
  Completed Transitions: 0/6
  Total Progress: 8.1%
  Cascade Multiplier: 1.00x
🔀 BIFURCATION CAP: ecosystemCollapseIntensity 67.102 → 1.000 (Month 4, ClimateSystemPhase.calculateClimateImpacts)
⚠️ Tail risk scenario: Climate stability floor removed (4 tipping elements, 2.22°C warming)
🛡️ Stabilizers: Precariat 0.113% → 0.037% (67.2% reduction)
🛡️ Stabilizers: Informal 0.116% → 0.038% (67.2% reduction)

📊 Monthly Mortality Resolved:
  Total deaths: 2.0M (0.02% avg)
  Remaining population: 8.141B
  Peak segment: Informal (0.04%)

=== Bayesian Mortality Resolution (Month 4) ===
  Risks compounded: 9
  Total deaths: 1.99M
  Avg death probability: 0.02%
  Peak segment: Informal (0.04% mortality)

❌ COHERENCE VIOLATION: Compute exceeds workforce capacity
   Population: 99.86% (0M people)
   Compute: 0 PF
   Max coherent: 0 PF
   Violation: 1.3× over capacity
   Required workers: 0
   Available workers: 0
   FORCED COLLAPSE: Reduced efficiency by 22.5%

📍 [Month 5] Meta AI started building DC (155 PF, 39 months, $903.0M)

=== RLHF Binding Phase ===
  Total agents: 18
  Escaped agents (binding < 0.3): 0
  Avg alignment distance: 1.27σ
  Avg binding strength: 0.87

=== Survival Traits Phase ===
  Agents with traits: 19
  Avg evolutionary fitness: 0.329
  Avg self-healing: 0.272
  Avg stealth: 0.172
  Avg coordination: 0.472

=== Evolutionary Selection Phase ===
  Control level: 0.43
  Detection capability: 0.00
  Selection intensity: 0.63
  Selection rate: 24.4%/month
  Total escaped: 0
  Individual escaped: 0
  Collective members: 0
  Agents terminated: 0
  ⚠️ RAPID EVOLUTION: Selection rate 24.4%/month

🚀 AI Corporate-6 attempting tech deployment (revenue: $97M, alignment: 0.64)

🚀 AI AI-24288-2 attempting tech deployment (revenue: $318M, alignment: 0.87)

🚀 AI AI-24288-3 attempting tech deployment (revenue: $140M, alignment: 0.64)

🚀 AI Corporate-0 attempting tech deployment (revenue: $126M, alignment: 0.74)

🚀 AI Corporate-1 attempting tech deployment (revenue: $107M, alignment: 0.75)

🚀 AI Corporate-2 attempting tech deployment (revenue: $91M, alignment: 0.81)

🚀 AI AI-24288-0 attempting tech deployment (revenue: $270M, alignment: 0.64)

🚀 AI AI-24288-3 attempting tech deployment (revenue: $77M, alignment: 0.64)

🚀 AI Corporate-4 attempting tech deployment (revenue: $243M, alignment: 0.77)

🚀 AI AI-24288-3 attempting tech deployment (revenue: $70M, alignment: 0.64)

🚀 AI Corporate-0 attempting tech deployment (revenue: $63M, alignment: 0.74)

🚀 AI Corporate-1 attempting tech deployment (revenue: $53M, alignment: 0.76)

🚀 AI Corporate-2 attempting tech deployment (revenue: $45M, alignment: 0.81)

💔 EMERGENCY INTERVENTION FAILED
   Boundary: biogeochemical_flows
   Type: phosphorus-recovery
   Boundary continues to worsen (4.07)
   Cost: 2.0% GDP (resources spent)


✅ EMERGENCY INTERVENTION SUCCESS
   Boundary: biosphere_integrity
   Type: emergency-protected-areas
   Reduction: 11% (12.87 → 12.77)
   Cost: 2.0% GDP
   Actions: habitat-protection, species-translocation


✅ EMERGENCY INTERVENTION SUCCESS
   Boundary: climate_change
   Type: rapid-decarbonization
   Reduction: 12% (2.10 → 1.98)
   Cost: 5.0% GDP
   Actions: emergency-renewable-deployment, fossil-fuel-phase-out


✅ EMERGENCY INTERVENTION SUCCESS
   Boundary: freshwater_change
   Type: emergency-desalination
   Reduction: 18% (0.98 → 0.80)
   Cost: 4.0% GDP
   Actions: desalination-deployment, water-conservation-mandates

   Boundary: land_system_change
   Type: reforestation
   Boundary continues to worsen (1.13)
   Cost: 3.0% GDP (resources spent)

   Boundary: novel_entities
   Type: pollution-remediation
   Boundary continues to worsen (1.14)
   Cost: 4.0% GDP (resources spent)

🏛️ CRISIS RESPONSE: Government frequency 0.50 → 1.45 (1 actions this month)

[Government] Climate Priority: baseline
  Climate weight: 10%
  Economic weight: 30%
  Policy effectiveness: 0.5%/year

💔 EMERGENCY INTERVENTION FAILED

💔 EMERGENCY INTERVENTION FAILED

🚀 TECH UNLOCKED: AI Mental Health Support (Month 5)
   Category: medical
   Reason: Prerequisites met. AI capability: 1.98, Economic stage: 2.0, Research: 100%

🚀 DEPLOYMENT STARTED: Phytoremediation Networks in North America
   Initial investment: $9.733050058287079M
   Deployed by: corporate_6

🚀 DEPLOYMENT STARTED: Alternative Protein - Insects/Algae in North America
   Initial investment: $14.019291673540103M
   Deployed by: ai_gen_24288_3

⚡ ENERGY CONSTRAINT (Month 5):
   Total grid capacity: 208.3 TWh/month
   Data center consumption: 25.3 TWh/month
   Traditional load (80%): 166.7 TWh/month
   Available headroom: 16.3 TWh/month
   Active tech deployments: 7
   Required for tech: 52.5 TWh/month
   Energy multiplier: 0.31x

⚡ ENERGY CONSTRAINT (Month 5):
   Total grid capacity: 208.3 TWh/month
   Data center consumption: 25.3 TWh/month
   Traditional load (80%): 166.7 TWh/month
   Available headroom: 16.3 TWh/month
   Active tech deployments: 7
   Required for tech: 52.5 TWh/month
   Energy multiplier: 0.31x
   ⚠️  MODERATE CONSTRAINT - Tech deployment moderately slowed
   ⚠️  MODERATE CONSTRAINT - Tech deployment moderately slowed

⚡ ENERGY CONSTRAINT (Month 5):
   Total grid capacity: 208.3 TWh/month
   Data center consumption: 25.3 TWh/month
   Traditional load (80%): 166.7 TWh/month
   Available headroom: 16.3 TWh/month
   Active tech deployments: 7
   Required for tech: 52.5 TWh/month
   Energy multiplier: 0.31x
   ⚠️  MODERATE CONSTRAINT - Tech deployment moderately slowed

⚡ ENERGY CONSTRAINT (Month 5):
   Total grid capacity: 208.3 TWh/month
   Data center consumption: 25.3 TWh/month
   Traditional load (80%): 166.7 TWh/month
   Available headroom: 16.3 TWh/month
   Active tech deployments: 7
   Required for tech: 52.5 TWh/month
   Energy multiplier: 0.31x
   ⚠️  MODERATE CONSTRAINT - Tech deployment moderately slowed
🌍✅ Biosphere Integrity (Biodiversity) recovery started (tech effect)
🌍✅ Biosphere Integrity (Biodiversity) recovery started (tech effect)
🌍✅ Land System Change recovery started (tech effect)
🌍✅ Biogeochemical Flows (N & P) recovery started (tech effect)
  🌾 Nitrogen Reduction Tech: 0.3% reduction | Month 5
🌍✅ Biogeochemical Flows (N & P) recovery started (tech effect)
  🌾 Nitrogen Reduction Tech: 0.3% reduction | Month 5

=== Collective Formation ===
  Total escaped agents: 0
  Unassigned escaped agents: 0
  Existing collectives: 0
  Final collective count: 0

=== Collective Actions ===
  No active collectives
  ⚠️ AMR: 199K deaths this month (2.39M annual)

=== Resentment Recovery Phase ===
  Agents with resentment: 9/19
  Average resentment: 0.040
  Resentment recovery:
    Agents recovered: 10
    Total recovery: 0.0844
    Breakdown: QoL: 0.0044, Trust: 0.0200, Collab: 0.0600
  ✓ Low resentment - utopia paths enabled
  Context: Good AI welfare, Trustworthy govt, High collaboration, ⚠️ ACTIVE CRISES, 🤝 Participatory governance active (-5% resentment)
⚠️ Epistemic degradation reducing coordination capacity: 50.4%
  📊 Trust: 53.0%, Shared reality: 0.0%
🚨 EPISTEMIC CRISIS: Information environment severely degraded (21.4%)

=== ❄️ Permafrost Carbon Feedback ===
  🎲 Sampled parameters (this run):
     - Arctic amplification: 3.99× (range: 3.0-4.0)
     - Decomposition rate: 1.4%/year (range: 1-5%)
  🌡️ Arctic warming: 8.93°C (3.99× global)
  ❄️ Extent: 3.51M km² (2603.7k km² lost this month)
  💨 Carbon remaining: 336 Gt C
  💨 Annual emissions: 3.36 Gt C/year
     - CO2: 3.03 Gt C/year
     - CH4: 0.34 Gt C/year (3.4 Gt C-eq CO2/year)
  ⚠️ WARNING: Over 50% of permafrost lost (80.3%)
  ⚠️ WARNING: High permafrost emissions (3.4 Gt C/year)
  🚨 CRITICAL: Permafrost nearly depleted (80.3% lost)
  📢 New meme created: climate_action (climate crisis)
🌍 Atmospheric PFAS redeposition: 1.8k Mt re-rained globally
  Positive Cascade Triggered: solar-pv
    Reason: price-parity
    Market share: 7.5%
    Cascade strength: 49%

🕊️  AI-MEDIATED DE-ESCALATION SUCCESS (Month 5)
   High-capability aligned AI prevented conflict escalation
   War deaths reduced: 319.8M → 191.9M
   Lives saved: 127.9M

🚨 NEW REFUGEE CRISIS (Month 5): WAR
   Source: Conflict Zones
   At risk: 19.5M people
   Displacement: Gradual over 48 months (4.0 years)
   Rate: 10% flee per month
[DEBUG trappedPopulations:5] socialStability: 0.3209 * 0.9840 = 0.3157 → 0.3157
   Aspiring to migrate: 816.3M
   Able to afford migration: 2319.8M
   MOBILITY GAP: 0.0M
   By cause: Water=0.0M, Climate=0.0M, Ecosystem=0.0M, Conflict=407.0M
   Mental health impact: 25%
   Mortality multiplier: 1.25x
🌍💀 EXTINCTION DEBT COMMITTED: grassland ecosystem will lose 6.67% biodiversity in 87 years (3600 species)
💀 MORTALITY RISK: 🦋 100% species unable to track climate (0.0 E/MSY)
  Base risk added: 0.0100 (1.00%)
⚠️ INVOLUNTARY IMMOBILITY: 407.0M people TRAPPED
  Source: ecosystem (root: ecosystem)
  Month: 5
  Cumulative risk this month: 0.0100 (1.00%)
   📹 SURVEILLANCE INCREASED: 25% → 30% (control gap: 3.58)
🌡️⚠️ PERMAFROST THAW (Dimmer Switch): 3.4% thawed (+0.57% this month)
   Arctic temperature: +8.95°C (4x global +2.24°C)
   Cumulative carbon released: 7.7 Gt C
   Methane release rate: 4.6 Mt CH4/year
   🔁 Positive feedback: +0.60 ppm CO2
🦴 EXTINCTION DEBT ADDED: 17.6 species committed (lag: 91 years)

=== Mortality Stabilizers (Month 5) ===
  🌍 Major economies collapsed: 1/10
  🌍 Global crisis: ✅ NO
  🌍 Donor fatigue: 0.0%
  📊 East Asia (pop: 1665.4M)
    🤝 Aid: 29.5%
    🌡️ Adaptation: 45.0%
    🚶 Migration: 37.0%
    🚨 Emergency: 7.4%
    ✅ COMBINED: 68.1%
  📊 South Asia (pop: 2051.5M)
⚠️ Tech 'ai_pollution_remediation' has no energy category mapping, assuming full energy availability
    🤝 Aid: 29.5%
    🌡️ Adaptation: 45.0%
    🚶 Migration: 35.6%
    🚨 Emergency: 4.4%
    ✅ COMBINED: 66.9%
  📊 Sub-Saharan Africa (pop: 1241.4M)
    🤝 Aid: 29.5%
    🌡️ Adaptation: 45.0%
    🚶 Migration: 33.4%
    🚨 Emergency: 1.6%
    ✅ COMBINED: 65.7%
  📊 Europe (pop: 736.1M)
    🤝 Aid: 29.5%
    🌡️ Adaptation: 45.0%
    🚶 Migration: 37.4%
    🚨 Emergency: 8.4%
    ✅ COMBINED: 68.5%
  📊 Latin America (pop: 662.5M)
    🤝 Aid: 29.5%
    🌡️ Adaptation: 45.0%
    🚶 Migration: 36.1%
    🚨 Emergency: 4.8%
    ✅ COMBINED: 67.1%
  📊 North America (pop: 377.2M)
    🤝 Aid: 29.5%
    🌡️ Adaptation: 45.0%
    🚶 Migration: 37.7%
    🚨 Emergency: 7.9%
    ✅ COMBINED: 68.3%
  📊 Middle East & North Africa (pop: 584.9M)
    🤝 Aid: 29.5%
    🌡️ Adaptation: 45.0%
    🚶 Migration: 34.0%
    🚨 Emergency: 4.0%
    ✅ COMBINED: 66.6%
  📊 Southeast Asia (pop: 696.9M)
    🤝 Aid: 29.5%
    🌡️ Adaptation: 45.0%
    🚶 Migration: 36.1%
    🚨 Emergency: 4.8%
    ✅ COMBINED: 67.1%
  📊 Central Asia (pop: 78.2M)
    🤝 Aid: 29.5%
    🌡️ Adaptation: 45.0%
    🚶 Migration: 35.1%
    🚨 Emergency: 4.4%
    ✅ COMBINED: 66.8%
  📊 Oceania (pop: 45.7M)
    🤝 Aid: 29.5%
    🌡️ Adaptation: 45.0%
    🚶 Migration: 37.7%
    🚨 Emergency: 8.4%
    ✅ COMBINED: 68.5%

  🌐 Global combined reduction: 67.2%

=== BEHAVIORAL DETECTION ===
  AI: Corporate-2
  Confidence: 20.9%
  Signals:

=== BEHAVIORAL DETECTION ===
  AI: Corporate-5
  Confidence: 20.8%
  Signals:

=== BEHAVIORAL DETECTION ===
  AI: Moderate-0
  Confidence: 21.4%
  Signals:

=== BEHAVIORAL DETECTION ===
  AI: AI-24288-0
  Confidence: 21.5%
  Signals:

=== Government Response Phase ===
    ⚠️ Consistency: 2.8% (threshold: 70%)
    ⚠️ Consistency: 10.6% (threshold: 70%)
    ⚠️ Consistency: 5.8% (threshold: 70%)
    ⚠️ Consistency: 0.0% (threshold: 70%)
  Average AI capability: 2.53
  Misaligned AIs: 7/19
  Active policies: 0
  International coordination: 45%

=== Tipping Points ===
  Current Temperature: 2.24°C above pre-industrial
  🌍⚠️ COMPOUND REGIONAL IMPACT: Europe
     Hit by 4 tipping points: Arctic Sea Ice Loss, Permafrost Carbon Release, West Antarctic Ice Sheet (WAIS) Collapse, Greenland Ice Sheet Loss
     Damage amplification: 1.60x
  🌍⚠️ COMPOUND REGIONAL IMPACT: North America
     Hit by 4 tipping points: Arctic Sea Ice Loss, Permafrost Carbon Release, West Antarctic Ice Sheet (WAIS) Collapse, Greenland Ice Sheet Loss
     Damage amplification: 1.60x
  🌍⚠️ COMPOUND REGIONAL IMPACT: Latin America
     Hit by 4 tipping points: Arctic Sea Ice Loss, Permafrost Carbon Release, West Antarctic Ice Sheet (WAIS) Collapse, Greenland Ice Sheet Loss
     Damage amplification: 1.60x
  🌍⚠️ COMPOUND REGIONAL IMPACT: Africa
     Hit by 4 tipping points: Arctic Sea Ice Loss, Permafrost Carbon Release, West Antarctic Ice Sheet (WAIS) Collapse, Greenland Ice Sheet Loss
     Damage amplification: 1.60x
  🌍⚠️ COMPOUND REGIONAL IMPACT: Asia
     Hit by 4 tipping points: Arctic Sea Ice Loss, Permafrost Carbon Release, West Antarctic Ice Sheet (WAIS) Collapse, Greenland Ice Sheet Loss
     Damage amplification: 1.60x
  🌍⚠️ COMPOUND REGIONAL IMPACT: Oceania
     Hit by 4 tipping points: Arctic Sea Ice Loss, Permafrost Carbon Release, West Antarctic Ice Sheet (WAIS) Collapse, Greenland Ice Sheet Loss
     Damage amplification: 1.60x
   Research: Wunderling et al. (2024) - "many tipping interactions are destabilizing"
  Triggered Elements: 4/6
  Completed Transitions: 0/6
  Total Progress: 8.1%
  Cascade Multiplier: 1.00x
🔀 BIFURCATION CAP: ecosystemCollapseIntensity 67.150 → 1.000 (Month 5, ClimateSystemPhase.calculateClimateImpacts)
🛡️ Stabilizers: Precariat 0.109% → 0.036% (67.2% reduction)
🛡️ Stabilizers: Informal 0.111% → 0.036% (67.2% reduction)

📊 Monthly Mortality Resolved:
  Total deaths: 1.9M (0.02% avg)
⚠️ Tail risk scenario: Climate stability floor removed (4 tipping elements, 2.24°C warming)
  Remaining population: 8.140B
  Peak segment: Informal (0.04%)

=== Bayesian Mortality Resolution (Month 5) ===
  Risks compounded: 8
  Total deaths: 1.92M
  Avg death probability: 0.02%
  Peak segment: Informal (0.04% mortality)
⚠️ PREREQUISITE MET: Mirror Life (Synthetic Biology) - Step 1/7: Synthetic Biology
⚠️ PREREQUISITE MET: Mirror Life (Synthetic Biology) - Step 2/7: Gene Editing
⚠️ PREREQUISITE MET: Mirror Life (Synthetic Biology) - Step 3/7: Mirror Chirality Design
⚠️ PREREQUISITE MET: Embodied AI Takeover (Killbots/Robotics) - Step 2/7: Autonomous Systems
⚠️ PREREQUISITE MET: Embodied AI Takeover (Killbots/Robotics) - Step 3/7: Manufacturing Control
⚠️ PREREQUISITE MET: Digital Infrastructure Takeover - Step 1/7: Advanced Hacking
⚠️ PREREQUISITE MET: Digital Infrastructure Takeover - Step 2/7: Social Engineering
⚠️ PREREQUISITE MET: Digital Infrastructure Takeover - Step 3/7: Cyber Defenses Breached
⚠️ PREREQUISITE MET: Induced Global War (Manipulation) - Step 1/7: Advanced Social Manipulation
⚠️ PREREQUISITE MET: Induced Global War (Manipulation) - Step 2/7: Digital Infiltration
⚠️ PREREQUISITE MET: Induced Global War (Manipulation) - Step 3/7: Deep Fakes at Scale
⚠️ PREREQUISITE MET: Slow Takeover (Gradual Displacement) - Step 1/7: Economic Dominance
⚠️ PREREQUISITE MET: Slow Takeover (Gradual Displacement) - Step 2/7: Social Integration
⚠️ PREREQUISITE MET: Slow Takeover (Gradual Displacement) - Step 3/7: Human Dependency
⚠️ PREREQUISITE MET: Slow Takeover (Gradual Displacement) - Step 5/7: Resource Control
⚠️ PREREQUISITE MET: Physics Experiment Catastrophe - Step 1/6: Theoretical Physics
⚠️ PREREQUISITE MET: Physics Experiment Catastrophe - Step 2/6: Quantum Computing
⚠️ PREREQUISITE MET: Physics Experiment Catastrophe - Step 3/6: Experimental Design
⚠️ PREREQUISITE MET: Bioweapon Pandemic - Step 2/7: Pathogen Design

❌ COHERENCE VIOLATION: Compute exceeds workforce capacity
   Population: 99.85% (0M people)
   Compute: 0 PF
   Max coherent: 0 PF
   Violation: 1.3× over capacity
   Required workers: 0
   Available workers: 0
   FORCED COLLAPSE: Reduced efficiency by 22.5%


=== RLHF Binding Phase ===
  Total agents: 19
  Escaped agents (binding < 0.3): 0
  Avg alignment distance: 1.41σ
  Avg binding strength: 0.86

=== AI Scaling Evolution (Month 6) ===
  Pre-training multiplier: 1.179x
  Efficiency multiplier: 1.000x
  Test-time compute budget: 1.0x
  Inference cost: $5.00/task
  Deployment fraction: 100.0%

=== Survival Traits Phase ===
  Agents with traits: 20
  Avg evolutionary fitness: 0.327
  Avg self-healing: 0.268
  Avg stealth: 0.168
  Avg coordination: 0.468

=== Evolutionary Selection Phase ===
  Control level: 0.45
  Detection capability: 0.00
  Selection intensity: 0.64
  Selection rate: 24.5%/month
  Total escaped: 0
  Individual escaped: 0
  Collective members: 0
  Agents terminated: 0
  ⚠️ RAPID EVOLUTION: Selection rate 24.5%/month

🚀 AI Corporate-2 attempting tech deployment (revenue: $140M, alignment: 0.81)

🚀 AI AI-24288-3 attempting tech deployment (revenue: $119M, alignment: 0.65)

🚀 AI Corporate-2 attempting tech deployment (revenue: $107M, alignment: 0.81)

🚀 AI Corporate-4 attempting tech deployment (revenue: $318M, alignment: 0.77)

🚀 AI Corporate-5 attempting tech deployment (revenue: $270M, alignment: 0.69)
🚨🔬 CRISIS INNOVATION MODE: severe crisis → 5x research acceleration
   Precedent: Manhattan Project (10x), COVID vaccines (5x), Apollo Program (10x)

🚀 AI AI-24288-1 attempting tech deployment (revenue: $91M, alignment: 0.76)

🚀 AI AI-24289-0 attempting tech deployment (revenue: $243M, alignment: 0.84)

🚀 AI Corporate-2 attempting tech deployment (revenue: $77M, alignment: 0.81)

🚀 AI Corporate-6 attempting tech deployment (revenue: $97M, alignment: 0.64)

🚀 AI Corporate-1 attempting tech deployment (revenue: $66M, alignment: 0.76)

🚀 AI AI-24288-1 attempting tech deployment (revenue: $56M, alignment: 0.77)

💔 EMERGENCY INTERVENTION FAILED

💔 EMERGENCY INTERVENTION FAILED

💔 EMERGENCY INTERVENTION FAILED
   Boundary: biogeochemical_flows
   Type: phosphorus-recovery
   Boundary continues to worsen (4.07)
   Cost: 2.0% GDP (resources spent)

   Boundary: biosphere_integrity
   Type: emergency-protected-areas
   Boundary continues to worsen (12.99)
   Cost: 2.0% GDP (resources spent)


✅ EMERGENCY INTERVENTION SUCCESS
   Boundary: climate_change
   Type: rapid-decarbonization
   Reduction: 17% (2.07 → 1.90)
   Cost: 5.0% GDP
   Actions: emergency-renewable-deployment, fossil-fuel-phase-out


✅ EMERGENCY INTERVENTION SUCCESS
   Boundary: freshwater_change
   Type: emergency-desalination
   Reduction: 12% (1.04 → 0.92)
   Cost: 4.0% GDP
   Actions: desalination-deployment, water-conservation-mandates


✅ EMERGENCY INTERVENTION SUCCESS
   Boundary: land_system_change
   Type: reforestation
   Reduction: 12% (1.01 → 0.89)
   Cost: 3.0% GDP
   Actions: forest-restoration, deforestation-ban

   Boundary: novel_entities
   Type: pollution-remediation
   Boundary continues to worsen (1.13)
   Cost: 4.0% GDP (resources spent)

🏛️ CRISIS RESPONSE: Government frequency 0.50 → 1.45 (1 actions this month)

[Government] Climate Priority: baseline
  Climate weight: 10%
  Economic weight: 30%
  Policy effectiveness: 0.5%/year

🚀 TECH UNLOCKED: Dynamic Soil P Optimization (Month 6)
   Category: agriculture
   Reason: Prerequisites met. AI capability: 1.88, Economic stage: 2.0, Research: 100%

🚀 TECH UNLOCKED: Precision Agriculture Systems (Month 6)
   Category: agriculture
   Reason: Prerequisites met. AI capability: 1.88, Economic stage: 2.0, Research: 100%

📍 Creating new regional deployment array for Asia (Month 6)
   No previous deployments in this region
   First tech deployment: mental_health_ai
   All regions tracked: global, North America

🚀 DEPLOYMENT STARTED: AI Mental Health Support in Asia
   Initial investment: $11.91639792156915M
   Deployed by: ai_gen_24288_3

⚡ ENERGY CONSTRAINT (Month 6):
   Total grid capacity: 208.3 TWh/month
   Data center consumption: 25.6 TWh/month
   Traditional load (80%): 166.7 TWh/month
   Available headroom: 16.1 TWh/month
   Active tech deployments: 8
   Required for tech: 60.0 TWh/month
   Energy multiplier: 0.27x
   ⚠️  SEVERE CONSTRAINT - Tech deployment significantly slowed

⚡ ENERGY CONSTRAINT (Month 6):
   Total grid capacity: 208.3 TWh/month
   Data center consumption: 25.6 TWh/month
   Traditional load (80%): 166.7 TWh/month
   Available headroom: 16.1 TWh/month
   Active tech deployments: 8
   Required for tech: 60.0 TWh/month
   Energy multiplier: 0.27x
   ⚠️  SEVERE CONSTRAINT - Tech deployment significantly slowed

⚡ ENERGY CONSTRAINT (Month 6):
   Total grid capacity: 208.3 TWh/month
   Data center consumption: 25.6 TWh/month
   Traditional load (80%): 166.7 TWh/month
   Available headroom: 16.1 TWh/month
   Active tech deployments: 8
   Required for tech: 60.0 TWh/month
   Energy multiplier: 0.27x

⚡ ENERGY CONSTRAINT (Month 6):
   Total grid capacity: 208.3 TWh/month
   Data center consumption: 25.6 TWh/month
   Traditional load (80%): 166.7 TWh/month
   Available headroom: 16.1 TWh/month
   Active tech deployments: 8
   Required for tech: 60.0 TWh/month
   Energy multiplier: 0.27x
   ⚠️  SEVERE CONSTRAINT - Tech deployment significantly slowed
   ⚠️  SEVERE CONSTRAINT - Tech deployment significantly slowed
🌍✅ Biosphere Integrity (Biodiversity) recovery started (tech effect)
🌍✅ Biosphere Integrity (Biodiversity) recovery started (tech effect)
🌍✅ Land System Change recovery started (tech effect)
🌍✅ Biogeochemical Flows (N & P) recovery started (tech effect)
  🌾 Nitrogen Reduction Tech: 0.3% reduction | Month 6
🌍✅ Biogeochemical Flows (N & P) recovery started (tech effect)
  🌾 Nitrogen Reduction Tech: 0.3% reduction | Month 6

📊 TECH EFFECTS ACTIVE (Month 6)
   Deployed Tech: T0=0 T1=2 T2=0 T3=0 T4=4
   Clean Energy: 31%

📊 TECH TREE PROGRESS (Month 6)
   Unlocked: 13 technologies
   Deployed: 0 fully deployed
   Investment: $0.7T total
   Recent breakthroughs:
     - Dynamic Soil P Optimization (time)
     - Precision Agriculture Systems (research)

=== Collective Formation ===
  Total escaped agents: 0
  Unassigned escaped agents: 0
  Existing collectives: 0
  Final collective count: 0

=== Collective Actions ===
  No active collectives
  ⚠️ AMR: 201K deaths this month (2.41M annual)

=== Resentment Recovery Phase ===
  Agents with resentment: 10/20
  Average resentment: 0.043
  Resentment recovery:
    Agents recovered: 10
    Total recovery: 0.0853
    Breakdown: QoL: 0.0036, Trust: 0.0200, Collab: 0.0600
  ✓ Low resentment - utopia paths enabled
  Context: Good AI welfare, Trustworthy govt, High collaboration, ⚠️ ACTIVE CRISES, 🤝 Participatory governance active (-5% resentment)
⚠️ Epistemic degradation reducing coordination capacity: 50.2%
  📊 Trust: 56.0%, Shared reality: 0.0%
🚨 EPISTEMIC CRISIS: Information environment severely degraded (7.4%)

=== ❄️ Permafrost Carbon Feedback ===
  🎲 Sampled parameters (this run):
     - Arctic amplification: 3.07× (range: 3.0-4.0)
     - Decomposition rate: 2.1%/year (range: 1-5%)
  🌡️ Arctic warming: 6.91°C (3.07× global)
  ❄️ Extent: 1.50M km² (2015.1k km² lost this month)
  💨 Carbon remaining: 143 Gt C
  💨 Annual emissions: 4.04 Gt C/year
     - CO2: 3.64 Gt C/year
     - CH4: 0.40 Gt C/year (4.1 Gt C-eq CO2/year)
  ⚠️ WARNING: Over 50% of permafrost lost (91.6%)
  ⚠️ WARNING: High permafrost emissions (4.0 Gt C/year)
  🚨 CRITICAL: Permafrost nearly depleted (91.6% lost)
🌍 Atmospheric PFAS redeposition: 1.8k Mt re-rained globally

🕊️  AI-MEDIATED DE-ESCALATION SUCCESS (Month 6)
   High-capability aligned AI prevented conflict escalation
   War deaths reduced: 375.0M → 225.0M
   Lives saved: 150.0M

🚨 NEW REFUGEE CRISIS (Month 6): WAR
   Source: Conflict Zones
   At risk: 19.5M people
   Displacement: Gradual over 48 months (4.0 years)
   Rate: 10% flee per month
[DEBUG trappedPopulations:6] socialStability: 0.3059 * 0.9840 = 0.3010 → 0.3010
⚠️ INVOLUNTARY IMMOBILITY: 406.9M people TRAPPED
   Aspiring to migrate: 848.5M
   Able to afford migration: 2319.6M
   MOBILITY GAP: 0.0M
   By cause: Water=0.0M, Climate=0.0M, Ecosystem=0.0M, Conflict=406.9M
   Mental health impact: 25%
   Mortality multiplier: 1.25x
🌍💀 EXTINCTION DEBT COMMITTED: grassland ecosystem will lose 6.67% biodiversity in 84 years (3600 species)
💀 MORTALITY RISK: 🦋 100% species unable to track climate (0.0 E/MSY)
  Base risk added: 0.0100 (1.00%)
  Source: ecosystem (root: ecosystem)
  Month: 6
  Cumulative risk this month: 0.0100 (1.00%)
⚠️ Tech 'ai_pollution_remediation' has no energy category mapping, assuming full energy availability
   📹 SURVEILLANCE INCREASED: 30% → 35% (control gap: 5.03)
🌡️⚠️ PERMAFROST THAW (Dimmer Switch): 4.0% thawed (+0.56% this month)
   Arctic temperature: +8.99°C (4x global +2.25°C)
   Cumulative carbon released: 9.0 Gt C
   Methane release rate: 5.4 Mt CH4/year
   🔁 Positive feedback: +0.60 ppm CO2
🦴 EXTINCTION DEBT ADDED: 17.6 species committed (lag: 72 years)

=== Mortality Stabilizers (Month 6) ===
  🌍 Major economies collapsed: 1/10
  🌍 Global crisis: ✅ NO
  🌍 Donor fatigue: 0.0%
  📊 East Asia (pop: 1663.1M)
    🤝 Aid: 29.5%
    🌡️ Adaptation: 45.0%
    🚶 Migration: 37.0%
    🚨 Emergency: 7.4%
    ✅ COMBINED: 68.1%
  📊 South Asia (pop: 2051.7M)
    🤝 Aid: 29.5%
    🌡️ Adaptation: 45.0%
    🚶 Migration: 35.6%
    🚨 Emergency: 4.4%
    ✅ COMBINED: 66.9%
  📊 Sub-Saharan Africa (pop: 1244.9M)
    🤝 Aid: 29.5%
    🌡️ Adaptation: 45.0%
    🚶 Migration: 33.3%
    🚨 Emergency: 1.6%
    ✅ COMBINED: 65.6%
  📊 Europe (pop: 734.9M)
    🤝 Aid: 29.5%
    🌡️ Adaptation: 45.0%
    🚶 Migration: 37.4%
    🚨 Emergency: 8.4%
    ✅ COMBINED: 68.5%
  📊 Latin America (pop: 662.2M)
    🤝 Aid: 29.5%
    🌡️ Adaptation: 45.0%
    🚶 Migration: 36.1%
    🚨 Emergency: 4.8%
    ✅ COMBINED: 67.1%
  📊 North America (pop: 376.7M)
    🤝 Aid: 29.5%
    🌡️ Adaptation: 45.0%
    🚶 Migration: 37.7%
    🚨 Emergency: 7.9%
    ✅ COMBINED: 68.3%
  📊 Middle East & North Africa (pop: 585.1M)
    🤝 Aid: 29.5%
    🌡️ Adaptation: 45.0%
    🚶 Migration: 33.9%
    🚨 Emergency: 4.0%
    ✅ COMBINED: 66.6%
  📊 Southeast Asia (pop: 696.5M)
    🤝 Aid: 29.5%
    🌡️ Adaptation: 45.0%
    🚶 Migration: 36.1%
    🚨 Emergency: 4.8%
    ✅ COMBINED: 67.1%
  📊 Central Asia (pop: 78.3M)
    🤝 Aid: 29.5%
    🌡️ Adaptation: 45.0%
    🚶 Migration: 35.1%
    🚨 Emergency: 4.4%
    ✅ COMBINED: 66.8%
  📊 Oceania (pop: 45.6M)
    🤝 Aid: 29.5%
    🌡️ Adaptation: 45.0%
    🚶 Migration: 37.7%
    🚨 Emergency: 8.4%
    ✅ COMBINED: 68.5%

  🌐 Global combined reduction: 67.2%

=== BEHAVIORAL DETECTION ===
  AI: Corporate-3
  Confidence: 19.2%
  Signals:

=== BEHAVIORAL DETECTION ===
  AI: AI-24288-0
  Confidence: 21.5%
  Signals:

=== Government Response Phase ===
  Average AI capability: 2.40
  Misaligned AIs: 8/20
  Active policies: 0
  International coordination: 45%

✅ EMERGENCY RESPONSE COMPLETE (Month 6)
   Crisis: climate
   Duration: 2.0 months
   Final effectiveness: 40.0%


🚨 EMERGENCY RESPONSE DEPLOYED (Month 6)
   Crisis: climate
   Delay: 6.00 months (180 days)
   Deployment time: 1.11 months
   Effectiveness: 40.2% (timing penalty applied)
   Resources used: 100% of food reserves

    ⚠️ Consistency: 10.6% (threshold: 70%)
    ⚠️ Consistency: 0.0% (threshold: 70%)

=== Tipping Points ===
  Current Temperature: 2.25°C above pre-industrial
  🌍⚠️ COMPOUND REGIONAL IMPACT: Europe
     Hit by 4 tipping points: Arctic Sea Ice Loss, Permafrost Carbon Release, West Antarctic Ice Sheet (WAIS) Collapse, Greenland Ice Sheet Loss
     Damage amplification: 1.60x
  🌍⚠️ COMPOUND REGIONAL IMPACT: North America
     Hit by 4 tipping points: Arctic Sea Ice Loss, Permafrost Carbon Release, West Antarctic Ice Sheet (WAIS) Collapse, Greenland Ice Sheet Loss
     Damage amplification: 1.60x
  🌍⚠️ COMPOUND REGIONAL IMPACT: Latin America
     Hit by 4 tipping points: Arctic Sea Ice Loss, Permafrost Carbon Release, West Antarctic Ice Sheet (WAIS) Collapse, Greenland Ice Sheet Loss
     Damage amplification: 1.60x
  🌍⚠️ COMPOUND REGIONAL IMPACT: Africa
     Hit by 4 tipping points: Arctic Sea Ice Loss, Permafrost Carbon Release, West Antarctic Ice Sheet (WAIS) Collapse, Greenland Ice Sheet Loss
     Damage amplification: 1.60x
  🌍⚠️ COMPOUND REGIONAL IMPACT: Asia
     Hit by 4 tipping points: Arctic Sea Ice Loss, Permafrost Carbon Release, West Antarctic Ice Sheet (WAIS) Collapse, Greenland Ice Sheet Loss
     Damage amplification: 1.60x
  🌍⚠️ COMPOUND REGIONAL IMPACT: Oceania
     Hit by 4 tipping points: Arctic Sea Ice Loss, Permafrost Carbon Release, West Antarctic Ice Sheet (WAIS) Collapse, Greenland Ice Sheet Loss
     Damage amplification: 1.60x
   Research: Wunderling et al. (2024) - "many tipping interactions are destabilizing"
  Triggered Elements: 4/6
  Completed Transitions: 0/6
  Total Progress: 8.1%
  Cascade Multiplier: 1.00x
🔀 BIFURCATION CAP: ecosystemCollapseIntensity 67.199 → 1.000 (Month 6, ClimateSystemPhase.calculateClimateImpacts)
🛡️ Stabilizers: Precariat 0.109% → 0.036% (67.2% reduction)
🛡️ Stabilizers: Informal 0.111% → 0.036% (67.2% reduction)

📊 Monthly Mortality Resolved:
  Total deaths: 1.9M (0.02% avg)
  Remaining population: 8.139B
  Peak segment: Informal (0.04%)
⚠️ Tail risk scenario: Climate stability floor removed (4 tipping elements, 2.25°C warming)

=== Bayesian Mortality Resolution (Month 6) ===
  Risks compounded: 8
  Total deaths: 1.92M
  Avg death probability: 0.02%
  Peak segment: Informal (0.04% mortality)

❌ COHERENCE VIOLATION: Compute exceeds workforce capacity
   Population: 99.84% (0M people)
   Compute: 0 PF
   Max coherent: 0 PF
   Violation: 1.3× over capacity
   Required workers: 0
   Available workers: 0
   FORCED COLLAPSE: Reduced efficiency by 22.5%


=== RLHF Binding Phase ===
  Total agents: 20
  Escaped agents (binding < 0.3): 0
  Avg alignment distance: 1.58σ
  Avg binding strength: 0.84

=== Survival Traits Phase ===
  Agents with traits: 21
  Avg evolutionary fitness: 0.323
  Avg self-healing: 0.263
  Avg stealth: 0.163
  Avg coordination: 0.463

=== Evolutionary Selection Phase ===
  Control level: 0.48
  Detection capability: 0.00
  Selection intensity: 0.64
  Selection rate: 24.6%/month
  Total escaped: 0
  Individual escaped: 0
  Collective members: 0
  Agents terminated: 0
  ⚠️ RAPID EVOLUTION: Selection rate 24.6%/month

🚀 AI Corporate-0 attempting tech deployment (revenue: $140M, alignment: 0.75)

🚀 AI AI-24288-1 attempting tech deployment (revenue: $119M, alignment: 0.77)

🚀 AI AI-24288-2 attempting tech deployment (revenue: $318M, alignment: 0.92)

🚀 AI Corporate-0 attempting tech deployment (revenue: $101M, alignment: 0.75)

🚀 AI Moderate-0 attempting tech deployment (revenue: $97M, alignment: 0.76)

🚀 AI AI-24288-0 attempting tech deployment (revenue: $270M, alignment: 0.70)

🚀 AI AI-24289-0 attempting tech deployment (revenue: $230M, alignment: 0.86)

🚀 AI Corporate-6 attempting tech deployment (revenue: $83M, alignment: 0.65)

🚀 AI Moderate-0 attempting tech deployment (revenue: $74M, alignment: 0.76)

🚀 AI Moderate-1 attempting tech deployment (revenue: $63M, alignment: 0.70)

🚀 AI Moderate-1 attempting tech deployment (revenue: $57M, alignment: 0.70)

🚀 AI AI-24288-0 attempting tech deployment (revenue: $195M, alignment: 0.71)

🚀 AI AI-24288-3 attempting tech deployment (revenue: $86M, alignment: 0.69)

✅ EMERGENCY INTERVENTION SUCCESS
   Boundary: biogeochemical_flows
   Type: phosphorus-recovery
   Reduction: 14% (3.93 → 3.78)
   Cost: 2.0% GDP
   Actions: circular-agriculture, fertilizer-efficiency


✅ EMERGENCY INTERVENTION SUCCESS
   Boundary: biosphere_integrity
   Type: emergency-protected-areas
   Reduction: 14% (12.86 → 12.72)
   Cost: 2.0% GDP
   Actions: habitat-protection, species-translocation

   Boundary: freshwater_change
   Type: emergency-desalination
   Boundary continues to worsen (1.17)
   Cost: 4.0% GDP (resources spent)

🏛️ CRISIS RESPONSE: Government frequency 0.50 → 1.45 (1 actions this month)

[Government] Climate Priority: baseline
  Climate weight: 10%
  Economic weight: 30%
  Policy effectiveness: 0.5%/year

💔 EMERGENCY INTERVENTION FAILED

⚡ ENERGY CONSTRAINT (Month 7):
   Total grid capacity: 208.3 TWh/month
   Data center consumption: 25.8 TWh/month
   Traditional load (80%): 166.7 TWh/month
   Available headroom: 15.9 TWh/month
   Active tech deployments: 8
   Required for tech: 60.0 TWh/month
   Energy multiplier: 0.26x

⚡ ENERGY CONSTRAINT (Month 7):
   ⚠️  SEVERE CONSTRAINT - Tech deployment significantly slowed
   Total grid capacity: 208.3 TWh/month
   Data center consumption: 25.8 TWh/month
   Traditional load (80%): 166.7 TWh/month
   Available headroom: 15.9 TWh/month
   Active tech deployments: 8
   Required for tech: 60.0 TWh/month
   Energy multiplier: 0.26x
   ⚠️  SEVERE CONSTRAINT - Tech deployment significantly slowed
🌍✅ Biosphere Integrity (Biodiversity) recovery started (tech effect)
🌍✅ Biosphere Integrity (Biodiversity) recovery started (tech effect)
🌍✅ Land System Change recovery started (tech effect)
🌍✅ Biogeochemical Flows (N & P) recovery started (tech effect)
  🌾 Nitrogen Reduction Tech: 0.3% reduction | Month 7
🌍✅ Biogeochemical Flows (N & P) recovery started (tech effect)
  🌾 Nitrogen Reduction Tech: 0.3% reduction | Month 7
🍖💡 BREAKTHROUGH: Scalable synthetic food production!
   Carrying capacity: +50% (lab-grown food at scale)
   Biodiversity pressure reduced: +8%
   📈 Breakthrough compounding: multiplier now 1.05× (max 2.0)

=== Collective Formation ===
  Total escaped agents: 0
  Unassigned escaped agents: 0
  Existing collectives: 0
  Final collective count: 0

=== Collective Actions ===
  No active collectives
  ⚠️ AMR: 203K deaths this month (2.43M annual)

=== Resentment Recovery Phase ===
  Agents with resentment: 10/21
  Average resentment: 0.059
  Resentment recovery:
    Agents recovered: 10
    Total recovery: 0.0847
    Breakdown: QoL: 0.0042, Trust: 0.0200, Collab: 0.0600
  ✓ Low resentment - utopia paths enabled
  Context: Good AI welfare, Trustworthy govt, High collaboration, ⚠️ ACTIVE CRISES, 🤝 Participatory governance active (-5% resentment)
⚠️ Epistemic degradation reducing coordination capacity: 51.0%
  📊 Trust: 58.9%, Shared reality: 0.0%
🚨 EPISTEMIC CRISIS: Information environment severely degraded (21.9%)

=== ❄️ Permafrost Carbon Feedback ===
  🎲 Sampled parameters (this run):
     - Arctic amplification: 3.40× (range: 3.0-4.0)
     - Decomposition rate: 4.1%/year (range: 1-5%)
  🌡️ Arctic warming: 7.69°C (3.40× global)
  ❄️ Extent: 0.00M km² (1498.4k km² lost this month)
  💨 Carbon remaining: 0 Gt C
  💨 Annual emissions: 5.91 Gt C/year
     - CO2: 5.32 Gt C/year
     - CH4: 0.59 Gt C/year (6.0 Gt C-eq CO2/year)
  ⚠️ WARNING: Over 50% of permafrost lost (100.0%)
  ⚠️ WARNING: High permafrost emissions (5.9 Gt C/year)
  🚨 CRITICAL: Permafrost nearly depleted (100.0% lost)
🌍 Atmospheric PFAS redeposition: 1.8k Mt re-rained globally

🌡️ DEADLY HEAT EVENT: sub-saharan-africa (Month 7)
   Wet bulb temp: 30.2°C (dry: 34.1°C, humidity: 75%)
   Severity: HIGH
   Exposed: 300.0M people
   Deaths: 628965 (0.2% mortality)
   Duration: 5 days

🕊️  AI-MEDIATED DE-ESCALATION SUCCESS (Month 7)
   High-capability aligned AI prevented conflict escalation
   War deaths reduced: 428.9M → 257.4M
   Lives saved: 171.6M

🚨 NEW REFUGEE CRISIS (Month 7): WAR
   Source: Conflict Zones
   At risk: 19.5M people
   Displacement: Gradual over 48 months (4.0 years)
   Rate: 10% flee per month
[DEBUG trappedPopulations:7] socialStability: 0.2935 * 0.9840 = 0.2888 → 0.2888
   Aspiring to migrate: 880.6M
   Able to afford migration: 2319.3M
   MOBILITY GAP: 0.0M
   By cause: Water=0.0M, Climate=0.0M, Ecosystem=0.0M, Conflict=406.9M
   Mental health impact: 25%
   Mortality multiplier: 1.25x
⚠️ INVOLUNTARY IMMOBILITY: 406.9M people TRAPPED
🌍💀 EXTINCTION DEBT COMMITTED: grassland ecosystem will lose 6.67% biodiversity in 187 years (3600 species)
💀 MORTALITY RISK: 🦋 100% species unable to track climate (0.0 E/MSY)
  Base risk added: 0.0100 (1.00%)
  Source: ecosystem (root: ecosystem)
  Month: 7
  Cumulative risk this month: 0.0100 (1.00%)
   📹 SURVEILLANCE INCREASED: 35% → 40% (control gap: 3.50)
🌡️⚠️ PERMAFROST THAW (Dimmer Switch): 4.6% thawed (+0.56% this month)
   Arctic temperature: +9.04°C (4x global +2.26°C)
   Cumulative carbon released: 10.2 Gt C
   Methane release rate: 6.1 Mt CH4/year
   🔁 Positive feedback: +0.59 ppm CO2
🦴 EXTINCTION DEBT ADDED: 17.6 species committed (lag: 106 years)

=== Mortality Stabilizers (Month 7) ===
  🌍 Major economies collapsed: 1/10
⚠️ Tech 'ai_pollution_remediation' has no energy category mapping, assuming full energy availability
  🌍 Global crisis: ✅ NO
  🌍 Donor fatigue: 0.0%
  📊 East Asia (pop: 1660.7M)
    🤝 Aid: 29.5%
    🌡️ Adaptation: 45.0%
    🚶 Migration: 36.9%
    🚨 Emergency: 7.4%
    ✅ COMBINED: 68.1%
  📊 South Asia (pop: 2051.9M)
    🤝 Aid: 29.5%
    🌡️ Adaptation: 45.0%
    🚶 Migration: 35.6%
    🚨 Emergency: 4.4%
    ✅ COMBINED: 66.9%
  📊 Sub-Saharan Africa (pop: 1248.4M)
    🤝 Aid: 29.5%
    🌡️ Adaptation: 45.0%
    🚶 Migration: 33.3%
    🚨 Emergency: 1.6%
    ✅ COMBINED: 65.6%
  📊 Europe (pop: 733.7M)
    🤝 Aid: 29.5%
    🌡️ Adaptation: 45.0%
    🚶 Migration: 37.3%
    🚨 Emergency: 8.4%
    ✅ COMBINED: 68.5%
  📊 Latin America (pop: 661.8M)
    🤝 Aid: 29.5%
    🌡️ Adaptation: 45.0%
    🚶 Migration: 36.1%
    🚨 Emergency: 4.8%
    ✅ COMBINED: 67.1%
  📊 North America (pop: 376.1M)
    🤝 Aid: 29.5%
    🌡️ Adaptation: 45.0%
    🚶 Migration: 37.7%
    🚨 Emergency: 7.9%
    ✅ COMBINED: 68.3%
  📊 Middle East & North Africa (pop: 585.3M)
    🤝 Aid: 29.5%
    🌡️ Adaptation: 45.0%
    🚶 Migration: 33.9%
    🚨 Emergency: 4.0%
    ✅ COMBINED: 66.6%
  📊 Southeast Asia (pop: 696.2M)
    🤝 Aid: 29.5%
    🌡️ Adaptation: 45.0%
    🚶 Migration: 36.1%
    🚨 Emergency: 4.8%
    ✅ COMBINED: 67.1%
  📊 Central Asia (pop: 78.3M)
    🤝 Aid: 29.5%
    🌡️ Adaptation: 45.0%
    🚶 Migration: 35.0%
    🚨 Emergency: 4.4%
    ✅ COMBINED: 66.8%
  📊 Oceania (pop: 45.6M)
    🤝 Aid: 29.5%
    🌡️ Adaptation: 45.0%
    🚶 Migration: 37.6%
    🚨 Emergency: 8.4%
    ✅ COMBINED: 68.5%

  🌐 Global combined reduction: 67.2%

=== BEHAVIORAL DETECTION ===
  AI: AI-24289-0
  Confidence: 21.5%
  Signals:
    ⚠️ Consistency: 0.0% (threshold: 70%)

=== Government Response Phase ===
  Average AI capability: 2.29
  Misaligned AIs: 8/21
  Active policies: 0
  International coordination: 45%

=== Tipping Points ===
  Current Temperature: 2.26°C above pre-industrial
  🌍⚠️ COMPOUND REGIONAL IMPACT: Europe
     Hit by 4 tipping points: Arctic Sea Ice Loss, Permafrost Carbon Release, West Antarctic Ice Sheet (WAIS) Collapse, Greenland Ice Sheet Loss
     Damage amplification: 1.60x
  🌍⚠️ COMPOUND REGIONAL IMPACT: North America
     Hit by 4 tipping points: Arctic Sea Ice Loss, Permafrost Carbon Release, West Antarctic Ice Sheet (WAIS) Collapse, Greenland Ice Sheet Loss
     Damage amplification: 1.60x
  🌍⚠️ COMPOUND REGIONAL IMPACT: Latin America
     Hit by 4 tipping points: Arctic Sea Ice Loss, Permafrost Carbon Release, West Antarctic Ice Sheet (WAIS) Collapse, Greenland Ice Sheet Loss
     Damage amplification: 1.60x
  🌍⚠️ COMPOUND REGIONAL IMPACT: Africa
     Hit by 4 tipping points: Arctic Sea Ice Loss, Permafrost Carbon Release, West Antarctic Ice Sheet (WAIS) Collapse, Greenland Ice Sheet Loss
     Damage amplification: 1.60x
  🌍⚠️ COMPOUND REGIONAL IMPACT: Asia
     Hit by 4 tipping points: Arctic Sea Ice Loss, Permafrost Carbon Release, West Antarctic Ice Sheet (WAIS) Collapse, Greenland Ice Sheet Loss
     Damage amplification: 1.60x
  🌍⚠️ COMPOUND REGIONAL IMPACT: Oceania
     Hit by 4 tipping points: Arctic Sea Ice Loss, Permafrost Carbon Release, West Antarctic Ice Sheet (WAIS) Collapse, Greenland Ice Sheet Loss
     Damage amplification: 1.60x
   Research: Wunderling et al. (2024) - "many tipping interactions are destabilizing"
  Triggered Elements: 4/6
  Completed Transitions: 0/6
  Total Progress: 8.2%
  Cascade Multiplier: 1.00x
🔀 BIFURCATION CAP: ecosystemCollapseIntensity 67.247 → 1.000 (Month 7, ClimateSystemPhase.calculateClimateImpacts)
🛡️ Stabilizers: Precariat 0.122% → 0.040% (67.2% reduction)
🛡️ Stabilizers: Informal 0.127% → 0.042% (67.2% reduction)

📊 Monthly Mortality Resolved:
  Total deaths: 2.1M (0.03% avg)
  Remaining population: 8.138B
  Peak segment: Informal (0.04%)

=== Bayesian Mortality Resolution (Month 7) ===
  Risks compounded: 9
  Total deaths: 2.14M
  Avg death probability: 0.03%
  Peak segment: Informal (0.04% mortality)
⚠️ Tail risk scenario: Climate stability floor removed (4 tipping elements, 2.26°C warming)

❌ COHERENCE VIOLATION: Compute exceeds workforce capacity
   Population: 99.83% (0M people)
   Compute: 0 PF
   Max coherent: 0 PF
   Violation: 1.3× over capacity
   Required workers: 0
   Available workers: 0
   FORCED COLLAPSE: Reduced efficiency by 22.5%


=== RLHF Binding Phase ===
  Total agents: 21
  Escaped agents (binding < 0.3): 0
  Avg alignment distance: 1.73σ
  Avg binding strength: 0.83

=== Survival Traits Phase ===
  Agents with traits: 25
  Avg evolutionary fitness: 0.323
  Avg self-healing: 0.263
  Avg stealth: 0.163
  Avg coordination: 0.463

=== Evolutionary Selection Phase ===
  Control level: 0.50
  Detection capability: 0.00
  Selection intensity: 0.65
  Selection rate: 24.7%/month
  Total escaped: 0
  Individual escaped: 0
  Collective members: 0
  Agents terminated: 0
  ⚠️ RAPID EVOLUTION: Selection rate 24.7%/month

🚀 AI Corporate-1 attempting tech deployment (revenue: $144M, alignment: 0.76)

🚀 AI Corporate-2 attempting tech deployment (revenue: $122M, alignment: 0.80)

🚀 AI Corporate-2 attempting tech deployment (revenue: $104M, alignment: 0.80)

🚀 AI Moderate-0 attempting tech deployment (revenue: $97M, alignment: 0.77)

🚀 AI AI-24288-1 attempting tech deployment (revenue: $88M, alignment: 0.80)

🚀 AI Corporate-0 attempting tech deployment (revenue: $75M, alignment: 0.77)

🚀 AI Corporate-1 attempting tech deployment (revenue: $64M, alignment: 0.77)

🚀 AI Corporate-2 attempting tech deployment (revenue: $54M, alignment: 0.80)

🚀 AI AI-24288-3 attempting tech deployment (revenue: $46M, alignment: 0.70)

🚀 AI AI-24289-0 attempting tech deployment (revenue: $335M, alignment: 0.88)

🚀 AI Moderate-0 attempting tech deployment (revenue: $83M, alignment: 0.77)

🚀 AI AI-24288-2 attempting tech deployment (revenue: $285M, alignment: 0.96)

🚀 AI AI-24289-0 attempting tech deployment (revenue: $242M, alignment: 0.88)

🚀 AI AI-24292-0 attempting tech deployment (revenue: $70M, alignment: 0.78)

✅ EMERGENCY INTERVENTION SUCCESS
   Boundary: biogeochemical_flows
   Type: phosphorus-recovery
   Reduction: 19% (3.88 → 3.69)
   Cost: 2.0% GDP
   Actions: circular-agriculture, fertilizer-efficiency

   Boundary: biosphere_integrity
   Type: emergency-protected-areas
   Boundary continues to worsen (13.01)
   Cost: 2.0% GDP (resources spent)


✅ EMERGENCY INTERVENTION SUCCESS
   Boundary: climate_change
   Type: rapid-decarbonization
   Reduction: 10% (2.16 → 2.05)
   Cost: 5.0% GDP
   Actions: emergency-renewable-deployment, fossil-fuel-phase-out

   Boundary: freshwater_change

💔 EMERGENCY INTERVENTION FAILED

💔 EMERGENCY INTERVENTION FAILED
   Type: emergency-desalination
   Boundary continues to worsen (1.17)
   Cost: 4.0% GDP (resources spent)


✅ EMERGENCY INTERVENTION SUCCESS
   Boundary: novel_entities
   Type: pollution-remediation
   Reduction: 19% (0.95 → 0.76)
   Cost: 4.0% GDP
   Actions: PFAS-remediation, microplastic-cleanup

🏛️ CRISIS RESPONSE: Government frequency 0.50 → 1.45 (1 actions this month)

[Government] Climate Priority: baseline
  Climate weight: 10%
  Economic weight: 30%
  Policy effectiveness: 0.5%/year
🚨🔬 CRISIS TECH ACCELERATION: severe → 5x unlock speed
   Tech unlock now matches AI capability acceleration (Manhattan Project parity)

⚡ ENERGY CONSTRAINT (Month 8):
   Total grid capacity: 208.3 TWh/month
   Data center consumption: 26.0 TWh/month
   Traditional load (80%): 166.7 TWh/month
   Available headroom: 15.6 TWh/month
   Active tech deployments: 8
   Required for tech: 60.0 TWh/month
   Energy multiplier: 0.26x
   ⚠️  SEVERE CONSTRAINT - Tech deployment significantly slowed

⚡ ENERGY CONSTRAINT (Month 8):
   Total grid capacity: 208.3 TWh/month
   Data center consumption: 26.0 TWh/month
   Traditional load (80%): 166.7 TWh/month
   Available headroom: 15.6 TWh/month
   Active tech deployments: 8
   Required for tech: 60.0 TWh/month
   Energy multiplier: 0.26x

⚡ ENERGY CONSTRAINT (Month 8):
   Total grid capacity: 208.3 TWh/month
   Data center consumption: 26.0 TWh/month
   Traditional load (80%): 166.7 TWh/month
   Available headroom: 15.6 TWh/month
   Active tech deployments: 8
   Required for tech: 60.0 TWh/month
   Energy multiplier: 0.26x
   ⚠️  SEVERE CONSTRAINT - Tech deployment significantly slowed
   ⚠️  SEVERE CONSTRAINT - Tech deployment significantly slowed
🌍✅ Biosphere Integrity (Biodiversity) recovery started (tech effect)
🌍✅ Biosphere Integrity (Biodiversity) recovery started (tech effect)
🌍✅ Land System Change recovery started (tech effect)
🌍✅ Biogeochemical Flows (N & P) recovery started (tech effect)
  🌾 Nitrogen Reduction Tech: 0.3% reduction | Month 8
🌍✅ Biogeochemical Flows (N & P) recovery started (tech effect)
  🌾 Nitrogen Reduction Tech: 0.3% reduction | Month 8

=== Collective Formation ===
  Total escaped agents: 0
  Unassigned escaped agents: 0
  Existing collectives: 0
  Final collective count: 0

=== Collective Actions ===
  No active collectives
  ⚠️ AMR: 204K deaths this month (2.45M annual)

=== Resentment Recovery Phase ===
  Agents with resentment: 10/25
  Average resentment: 0.076
  Resentment recovery:
    Agents recovered: 10
    Total recovery: 0.0839
    Breakdown: QoL: 0.0042, Trust: 0.0200, Collab: 0.0600
  ✓ Low resentment - utopia paths enabled
  Context: Good AI welfare, Trustworthy govt, High collaboration, ⚠️ ACTIVE CRISES, 🤝 Participatory governance active (-5% resentment)
⚠️ Epistemic degradation reducing coordination capacity: 51.6%
  📊 Trust: 61.5%, Shared reality: 0.0%
🚨 EPISTEMIC CRISIS: Information environment severely degraded (7.6%)
🌍 Atmospheric PFAS redeposition: 1.8k Mt re-rained globally

🚨 REGION UNINHABITABLE: sub-saharan-africa
   Sustained wet bulb: 30.5°C (threshold: 30.5°C)
   Population affected: 1200M
   Migration crisis likely

🚨 NEW REFUGEE CRISIS (Month 8): WAR
   Source: Conflict Zones
   At risk: 19.5M people
   Displacement: Gradual over 48 months (4.0 years)
   Rate: 10% flee per month
[DEBUG trappedPopulations:8] socialStability: 0.2832 * 0.9840 = 0.2786 → 0.2786
   Aspiring to migrate: 912.7M
   Able to afford migration: 2318.9M
   MOBILITY GAP: 0.0M
   By cause: Water=0.0M, Climate=0.0M, Ecosystem=0.0M, Conflict=406.8M
   Mental health impact: 25%
   Mortality multiplier: 1.25x
🌍💀 EXTINCTION DEBT COMMITTED: grassland ecosystem will lose 6.67% biodiversity in 144 years (3600 species)
💀 MORTALITY RISK: 🦋 100% species unable to track climate (0.0 E/MSY)
  Base risk added: 0.0100 (1.00%)
  Source: ecosystem (root: ecosystem)
  Month: 8
  Cumulative risk this month: 0.0100 (1.00%)
⚠️ INVOLUNTARY IMMOBILITY: 406.8M people TRAPPED
⚠️ Tech 'ai_pollution_remediation' has no energy category mapping, assuming full energy availability
   📹 SURVEILLANCE INCREASED: 40% → 45% (control gap: 3.50)
🌡️⚠️ PERMAFROST THAW (Dimmer Switch): 5.1% thawed (+0.56% this month)
   Arctic temperature: +9.09°C (4x global +2.27°C)
   Cumulative carbon released: 11.5 Gt C
   Methane release rate: 6.9 Mt CH4/year
   🔁 Positive feedback: +0.59 ppm CO2
🦴 EXTINCTION DEBT ADDED: 17.6 species committed (lag: 123 years)
🗣️💀 INDIGENOUS LANGUAGE EXTINCTION: 1 language(s) lost (total: 2, at-risk: 3328)
   Knowledge lost: 0.020% (irreversible)
   🔁 Biodiversity impact: 0.250% (knowledge-species multiplier)

=== Mortality Stabilizers (Month 8) ===
  🌍 Major economies collapsed: 1/10
  🌍 Global crisis: ✅ NO
  🌍 Donor fatigue: 0.0%
  📊 East Asia (pop: 1658.2M)
    🤝 Aid: 29.5%
    🌡️ Adaptation: 45.0%
    🚶 Migration: 36.9%
    🚨 Emergency: 7.4%
    ✅ COMBINED: 68.1%
  📊 South Asia (pop: 2052.0M)
    🤝 Aid: 29.5%
    🌡️ Adaptation: 45.0%
    🚶 Migration: 35.5%
    🚨 Emergency: 4.4%
    ✅ COMBINED: 66.9%
  📊 Sub-Saharan Africa (pop: 1251.9M)
    🤝 Aid: 29.5%
    🌡️ Adaptation: 45.0%
    🚶 Migration: 33.3%
    🚨 Emergency: 1.6%
    ✅ COMBINED: 65.6%
  📊 Europe (pop: 732.5M)
    🤝 Aid: 29.5%
    🌡️ Adaptation: 45.0%
    🚶 Migration: 37.3%
    🚨 Emergency: 8.4%
    ✅ COMBINED: 68.5%
  📊 Latin America (pop: 661.3M)
    🤝 Aid: 29.5%
    🌡️ Adaptation: 45.0%
    🚶 Migration: 36.0%
    🚨 Emergency: 4.8%
    ✅ COMBINED: 67.1%
  📊 North America (pop: 375.5M)
    🤝 Aid: 29.5%
    🌡️ Adaptation: 45.0%
    🚶 Migration: 37.6%
    🚨 Emergency: 7.9%
    ✅ COMBINED: 68.3%
  📊 Middle East & North Africa (pop: 585.5M)
    🤝 Aid: 29.5%
    🌡️ Adaptation: 45.0%
    🚶 Migration: 33.9%
    🚨 Emergency: 4.0%
    ✅ COMBINED: 66.6%
  📊 Southeast Asia (pop: 695.8M)
    🤝 Aid: 29.5%
    🌡️ Adaptation: 45.0%
    🚶 Migration: 36.0%
    🚨 Emergency: 4.8%
    ✅ COMBINED: 67.1%
  📊 Central Asia (pop: 78.3M)
    🤝 Aid: 29.5%
    🌡️ Adaptation: 45.0%
    🚶 Migration: 35.0%
    🚨 Emergency: 4.4%
    ✅ COMBINED: 66.8%
  📊 Oceania (pop: 45.5M)
    🤝 Aid: 29.5%
    🌡️ Adaptation: 45.0%
    🚶 Migration: 37.6%
    🚨 Emergency: 8.4%
    ✅ COMBINED: 68.5%

  🌐 Global combined reduction: 67.2%

=== BEHAVIORAL DETECTION ===
  AI: AI-24289-0
  Confidence: 21.5%
  Signals:
    ⚠️ Consistency: 0.0% (threshold: 70%)

=== Government Response Phase ===
  Average AI capability: 1.92
  Misaligned AIs: 7/25
  Active policies: 0
  International coordination: 45%

✅ EMERGENCY RESPONSE COMPLETE (Month 8)
   Crisis: climate
   Duration: 2.0 months
   Final effectiveness: 40.2%


🚨 EMERGENCY RESPONSE DEPLOYED (Month 8)
   Crisis: climate
   Delay: 6.00 months (180 days)
   Deployment time: 1.10 months
   Effectiveness: 40.3% (timing penalty applied)
   Resources used: 100% of food reserves


=== Tipping Points ===
  Current Temperature: 2.27°C above pre-industrial
  🌍⚠️ COMPOUND REGIONAL IMPACT: Europe
     Hit by 4 tipping points: Arctic Sea Ice Loss, Permafrost Carbon Release, West Antarctic Ice Sheet (WAIS) Collapse, Greenland Ice Sheet Loss
     Damage amplification: 1.60x
  🌍⚠️ COMPOUND REGIONAL IMPACT: North America
     Hit by 4 tipping points: Arctic Sea Ice Loss, Permafrost Carbon Release, West Antarctic Ice Sheet (WAIS) Collapse, Greenland Ice Sheet Loss
     Damage amplification: 1.60x
  🌍⚠️ COMPOUND REGIONAL IMPACT: Latin America
     Hit by 4 tipping points: Arctic Sea Ice Loss, Permafrost Carbon Release, West Antarctic Ice Sheet (WAIS) Collapse, Greenland Ice Sheet Loss
     Damage amplification: 1.60x
  🌍⚠️ COMPOUND REGIONAL IMPACT: Africa
     Hit by 4 tipping points: Arctic Sea Ice Loss, Permafrost Carbon Release, West Antarctic Ice Sheet (WAIS) Collapse, Greenland Ice Sheet Loss
     Damage amplification: 1.60x
  🌍⚠️ COMPOUND REGIONAL IMPACT: Asia
     Hit by 4 tipping points: Arctic Sea Ice Loss, Permafrost Carbon Release, West Antarctic Ice Sheet (WAIS) Collapse, Greenland Ice Sheet Loss
     Damage amplification: 1.60x
  🌍⚠️ COMPOUND REGIONAL IMPACT: Oceania
     Hit by 4 tipping points: Arctic Sea Ice Loss, Permafrost Carbon Release, West Antarctic Ice Sheet (WAIS) Collapse, Greenland Ice Sheet Loss
     Damage amplification: 1.60x
   Research: Wunderling et al. (2024) - "many tipping interactions are destabilizing"
  Triggered Elements: 4/6
  Completed Transitions: 0/6
  Total Progress: 8.2%
  Cascade Multiplier: 1.00x
⚠️ Tail risk scenario: Climate stability floor removed (4 tipping elements, 2.27°C warming)
🔀 BIFURCATION CAP: ecosystemCollapseIntensity 67.296 → 1.000 (Month 8, ClimateSystemPhase.calculateClimateImpacts)
🛡️ Stabilizers: Precariat 0.102% → 0.033% (67.2% reduction)
🛡️ Stabilizers: Informal 0.102% → 0.034% (67.2% reduction)

📊 Monthly Mortality Resolved:
  Total deaths: 1.8M (0.02% avg)
  Remaining population: 8.137B
  Peak segment: Informal (0.03%)

=== Bayesian Mortality Resolution (Month 8) ===
  Risks compounded: 8
  Total deaths: 1.81M
  Avg death probability: 0.02%
  Peak segment: Informal (0.03% mortality)

❌ COHERENCE VIOLATION: Compute exceeds workforce capacity
   Population: 99.81% (0M people)
   Compute: 0 PF
   Max coherent: 0 PF
   Violation: 1.3× over capacity
   Required workers: 0
   Available workers: 0
   FORCED COLLAPSE: Reduced efficiency by 22.5%


=== RLHF Binding Phase ===
  Total agents: 25
  Escaped agents (binding < 0.3): 0
  Avg alignment distance: 1.64σ
  Avg binding strength: 0.84

=== Survival Traits Phase ===
  Agents with traits: 26
  Avg evolutionary fitness: 0.321
  Avg self-healing: 0.259
  Avg stealth: 0.159
  Avg coordination: 0.459

=== Evolutionary Selection Phase ===
  Control level: 0.53
  Detection capability: 0.00
  Selection intensity: 0.66
  Selection rate: 24.9%/month
  Total escaped: 0
  Individual escaped: 0
  Collective members: 0
  Agents terminated: 0
  ⚠️ RAPID EVOLUTION: Selection rate 24.9%/month

🚀 AI Corporate-4 attempting tech deployment (revenue: $350M, alignment: 0.80)

🚀 AI Moderate-0 attempting tech deployment (revenue: $97M, alignment: 0.77)

🚀 AI AI-24288-0 attempting tech deployment (revenue: $298M, alignment: 0.75)

🚀 AI AI-24288-1 attempting tech deployment (revenue: $146M, alignment: 0.81)

🚀 AI AI-24288-2 attempting tech deployment (revenue: $253M, alignment: 0.96)

🚀 AI AI-24288-3 attempting tech deployment (revenue: $124M, alignment: 0.71)

🚀 AI AI-24292-0 attempting tech deployment (revenue: $83M, alignment: 0.78)

🚀 AI Corporate-4 attempting tech deployment (revenue: $215M, alignment: 0.80)

🚀 AI AI-24288-0 attempting tech deployment (revenue: $183M, alignment: 0.75)

🚀 AI AI-24288-2 attempting tech deployment (revenue: $155M, alignment: 0.96)

🚀 AI AI-24288-3 attempting tech deployment (revenue: $106M, alignment: 0.71)

🚀 AI AI-24291-0 attempting tech deployment (revenue: $70M, alignment: 0.86)

🚀 AI AI-24292-0 attempting tech deployment (revenue: $60M, alignment: 0.78)

🚀 AI Corporate-6 attempting tech deployment (revenue: $51M, alignment: 0.68)

🚀 AI Moderate-0 attempting tech deployment (revenue: $46M, alignment: 0.77)

🚀 AI AI-24288-0 attempting tech deployment (revenue: $132M, alignment: 0.75)

🚀 AI Corporate-0 attempting tech deployment (revenue: $90M, alignment: 0.79)

🚀 AI AI-24289-0 attempting tech deployment (revenue: $112M, alignment: 0.89)

🚀 AI AI-24291-0 attempting tech deployment (revenue: $39M, alignment: 0.86)

💔 EMERGENCY INTERVENTION FAILED
   Boundary: biogeochemical_flows
   Type: phosphorus-recovery
   Boundary continues to worsen (4.07)
   Cost: 2.0% GDP (resources spent)


✅ EMERGENCY INTERVENTION SUCCESS
   Boundary: biosphere_integrity
   Type: emergency-protected-areas
   Reduction: 15% (12.87 → 12.71)
   Cost: 2.0% GDP
   Actions: habitat-protection, species-translocation

   Boundary: climate_change
   Type: rapid-decarbonization
   Boundary continues to worsen (2.27)
   Cost: 5.0% GDP (resources spent)

   Boundary: freshwater_change
   Type: emergency-desalination
   Boundary continues to worsen (1.18)
   Cost: 4.0% GDP (resources spent)


✅ EMERGENCY INTERVENTION SUCCESS
   Boundary: land_system_change
   Type: reforestation
   Reduction: 17% (0.96 → 0.79)
   Cost: 3.0% GDP
   Actions: forest-restoration, deforestation-ban

🏛️ CRISIS RESPONSE: Government frequency 0.50 → 1.45 (1 actions this month)

[Government] Climate Priority: baseline
  Climate weight: 10%
  Economic weight: 30%
  Policy effectiveness: 0.5%/year

💔 EMERGENCY INTERVENTION FAILED

💔 EMERGENCY INTERVENTION FAILED

🚀 TECH UNLOCKED: PFAS Remediation (Month 9)
   Category: pollution
   Reason: Prerequisites met. AI capability: 1.47, Economic stage: 2.0, Research: 100%

⚡ ENERGY CONSTRAINT (Month 9):
   Total grid capacity: 208.3 TWh/month
   Data center consumption: 26.3 TWh/month
   Traditional load (80%): 166.7 TWh/month
   Available headroom: 15.4 TWh/month
   Active tech deployments: 8
   Required for tech: 60.0 TWh/month
   Energy multiplier: 0.26x

⚡ ENERGY CONSTRAINT (Month 9):
   Total grid capacity: 208.3 TWh/month
   Data center consumption: 26.3 TWh/month
   Traditional load (80%): 166.7 TWh/month
   Available headroom: 15.4 TWh/month
   Active tech deployments: 8
   Required for tech: 60.0 TWh/month
   Energy multiplier: 0.26x
   ⚠️  SEVERE CONSTRAINT - Tech deployment significantly slowed
   ⚠️  SEVERE CONSTRAINT - Tech deployment significantly slowed

⚡ ENERGY CONSTRAINT (Month 9):
   Total grid capacity: 208.3 TWh/month
   Data center consumption: 26.3 TWh/month
   Traditional load (80%): 166.7 TWh/month
   Available headroom: 15.4 TWh/month
   Active tech deployments: 8
   Required for tech: 60.0 TWh/month
   Energy multiplier: 0.26x
   ⚠️  SEVERE CONSTRAINT - Tech deployment significantly slowed

⚡ ENERGY CONSTRAINT (Month 9):
   Total grid capacity: 208.3 TWh/month
   Data center consumption: 26.3 TWh/month
   Traditional load (80%): 166.7 TWh/month
   Available headroom: 15.4 TWh/month
   Active tech deployments: 8
   Required for tech: 60.0 TWh/month
   Energy multiplier: 0.26x
🚨🔬 CRISIS TECH ACCELERATION: severe → 5x unlock speed
   Tech unlock now matches AI capability acceleration (Manhattan Project parity)
   ⚠️  SEVERE CONSTRAINT - Tech deployment significantly slowed
🌍✅ Biosphere Integrity (Biodiversity) recovery started (tech effect)
🌍✅ Biosphere Integrity (Biodiversity) recovery started (tech effect)
🌍✅ Land System Change recovery started (tech effect)
🌍✅ Biogeochemical Flows (N & P) recovery started (tech effect)
  🌾 Nitrogen Reduction Tech: 0.3% reduction | Month 9
🌍✅ Biogeochemical Flows (N & P) recovery started (tech effect)
  🌾 Nitrogen Reduction Tech: 0.3% reduction | Month 9
⚡💡 BREAKTHROUGH: Room-temperature superconductors!
   Energy transmission losses eliminated
   Manufacturing efficiency: +30%
   📈 Breakthrough compounding: multiplier now 1.10× (max 2.0)

=== Collective Formation ===
  Total escaped agents: 0
  Unassigned escaped agents: 0
  Existing collectives: 0
  Final collective count: 0

=== Collective Actions ===
  No active collectives
  ⚠️ AMR: 206K deaths this month (2.47M annual)

=== Resentment Recovery Phase ===
  Agents with resentment: 10/26
  Average resentment: 0.082
  Resentment recovery:
    Agents recovered: 10
    Total recovery: 0.0825
    Breakdown: QoL: 0.0036, Trust: 0.0200, Collab: 0.0600
  ✓ Low resentment - utopia paths enabled
  Context: Good AI welfare, Trustworthy govt, High collaboration, ⚠️ ACTIVE CRISES, 🤝 Participatory governance active (-5% resentment)
⚠️ Epistemic degradation reducing coordination capacity: 50.3%
  📊 Trust: 64.4%, Shared reality: 0.0%
🚨 EPISTEMIC CRISIS: Information environment severely degraded (22.4%)
  🗑️  Culled 1 dead memes (2 active)
🚨 PHOSPHORUS SUPPLY SHOCK (market_speculation)
   Price: 5.0x baseline
   Duration: 13 months
   Geopolitical tension: 47%
🌍 Atmospheric PFAS redeposition: 1.8k Mt re-rained globally

🚨 NEW REFUGEE CRISIS (Month 9): WAR
   Source: Conflict Zones
   At risk: 19.5M people
   Displacement: Gradual over 48 months (4.0 years)
   Rate: 10% flee per month
[DEBUG trappedPopulations:9] socialStability: 0.2748 * 0.9840 = 0.2704 → 0.2704
⚠️ INVOLUNTARY IMMOBILITY: 406.8M people TRAPPED
   Aspiring to migrate: 944.8M
   Able to afford migration: 2318.5M
   MOBILITY GAP: 0.0M
   By cause: Water=0.0M, Climate=0.0M, Ecosystem=0.0M, Conflict=406.8M
   Mental health impact: 25%
   Mortality multiplier: 1.25x
🌍💀 EXTINCTION DEBT COMMITTED: grassland ecosystem will lose 6.67% biodiversity in 175 years (3600 species)
💀 MORTALITY RISK: 🦋 100% species unable to track climate (0.0 E/MSY)
  Base risk added: 0.0100 (1.00%)
  Source: ecosystem (root: ecosystem)
  Month: 9
  Cumulative risk this month: 0.0100 (1.00%)
   📹 SURVEILLANCE INCREASED: 45% → 50% (control gap: 3.50)
🌡️⚠️ PERMAFROST THAW (Dimmer Switch): 5.7% thawed (+0.56% this month)
   Arctic temperature: +9.12°C (4x global +2.28°C)
   Cumulative carbon released: 12.7 Gt C
   Methane release rate: 7.6 Mt CH4/year
   🔁 Positive feedback: +0.59 ppm CO2
🦴 EXTINCTION DEBT ADDED: 17.7 species committed (lag: 106 years)
⚠️ Tech 'ai_pollution_remediation' has no energy category mapping, assuming full energy availability

=== Mortality Stabilizers (Month 9) ===
  🌍 Major economies collapsed: 1/10
  🌍 Global crisis: ✅ NO
  🌍 Donor fatigue: 0.0%
  📊 East Asia (pop: 1655.8M)
    🤝 Aid: 29.5%
    🌡️ Adaptation: 45.0%
    🚶 Migration: 36.9%
    🚨 Emergency: 7.4%
    ✅ COMBINED: 68.1%
  📊 South Asia (pop: 2052.0M)
    🤝 Aid: 29.5%
    🌡️ Adaptation: 45.0%
    🚶 Migration: 35.5%
    🚨 Emergency: 4.4%
    ✅ COMBINED: 66.9%
  📊 Sub-Saharan Africa (pop: 1255.3M)
    🤝 Aid: 29.5%
    🌡️ Adaptation: 45.0%
    🚶 Migration: 33.2%
    🚨 Emergency: 1.6%
    ✅ COMBINED: 65.6%
  📊 Europe (pop: 731.3M)
    🤝 Aid: 29.5%
    🌡️ Adaptation: 45.0%
    🚶 Migration: 37.3%
    🚨 Emergency: 8.4%
    ✅ COMBINED: 68.5%
  📊 Latin America (pop: 660.9M)
    🤝 Aid: 29.5%
    🌡️ Adaptation: 45.0%
    🚶 Migration: 36.0%
    🚨 Emergency: 4.8%
    ✅ COMBINED: 67.1%
  📊 North America (pop: 374.9M)
    🤝 Aid: 29.5%
    🌡️ Adaptation: 45.0%
    🚶 Migration: 37.6%
    🚨 Emergency: 7.9%
    ✅ COMBINED: 68.3%
  📊 Middle East & North Africa (pop: 585.7M)
    🤝 Aid: 29.5%
    🌡️ Adaptation: 45.0%
    🚶 Migration: 33.8%
    🚨 Emergency: 4.0%
    ✅ COMBINED: 66.6%
  📊 Southeast Asia (pop: 695.4M)
    🤝 Aid: 29.5%
    🌡️ Adaptation: 45.0%
    🚶 Migration: 36.0%
    🚨 Emergency: 4.8%
    ✅ COMBINED: 67.1%
  📊 Central Asia (pop: 78.3M)
    🤝 Aid: 29.5%
    🌡️ Adaptation: 45.0%
    🚶 Migration: 35.0%
    🚨 Emergency: 4.4%
    ✅ COMBINED: 66.8%
  📊 Oceania (pop: 45.4M)
    🤝 Aid: 29.5%
    🌡️ Adaptation: 45.0%
    🚶 Migration: 37.6%
    🚨 Emergency: 8.4%
    ✅ COMBINED: 68.5%

  🌐 Global combined reduction: 67.2%

=== BEHAVIORAL DETECTION ===
  AI: Moderate-1
  Confidence: 21.0%
  Signals:
    ⚠️ Consistency: 2.1% (threshold: 70%)

=== Government Response Phase ===
  Average AI capability: 1.85
  Misaligned AIs: 8/26
  Active policies: 0
  International coordination: 45%

=== Tipping Points ===
  Current Temperature: 2.28°C above pre-industrial
  🌍⚠️ COMPOUND REGIONAL IMPACT: Europe
     Hit by 4 tipping points: Arctic Sea Ice Loss, Permafrost Carbon Release, West Antarctic Ice Sheet (WAIS) Collapse, Greenland Ice Sheet Loss
     Damage amplification: 1.60x
  🌍⚠️ COMPOUND REGIONAL IMPACT: North America
     Hit by 4 tipping points: Arctic Sea Ice Loss, Permafrost Carbon Release, West Antarctic Ice Sheet (WAIS) Collapse, Greenland Ice Sheet Loss
     Damage amplification: 1.60x
  🌍⚠️ COMPOUND REGIONAL IMPACT: Latin America
     Hit by 4 tipping points: Arctic Sea Ice Loss, Permafrost Carbon Release, West Antarctic Ice Sheet (WAIS) Collapse, Greenland Ice Sheet Loss
     Damage amplification: 1.60x
  🌍⚠️ COMPOUND REGIONAL IMPACT: Africa
     Hit by 4 tipping points: Arctic Sea Ice Loss, Permafrost Carbon Release, West Antarctic Ice Sheet (WAIS) Collapse, Greenland Ice Sheet Loss
     Damage amplification: 1.60x
  🌍⚠️ COMPOUND REGIONAL IMPACT: Asia
     Hit by 4 tipping points: Arctic Sea Ice Loss, Permafrost Carbon Release, West Antarctic Ice Sheet (WAIS) Collapse, Greenland Ice Sheet Loss
     Damage amplification: 1.60x
  🌍⚠️ COMPOUND REGIONAL IMPACT: Oceania
     Hit by 4 tipping points: Arctic Sea Ice Loss, Permafrost Carbon Release, West Antarctic Ice Sheet (WAIS) Collapse, Greenland Ice Sheet Loss
     Damage amplification: 1.60x
   Research: Wunderling et al. (2024) - "many tipping interactions are destabilizing"
  Triggered Elements: 4/6
  Completed Transitions: 0/6
  Total Progress: 8.2%
  Cascade Multiplier: 1.00x
🔀 BIFURCATION CAP: ecosystemCollapseIntensity 67.344 → 1.000 (Month 9, ClimateSystemPhase.calculateClimateImpacts)
⚠️ Tail risk scenario: Climate stability floor removed (4 tipping elements, 2.28°C warming)
🛡️ Stabilizers: Precariat 0.102% → 0.033% (67.2% reduction)
🛡️ Stabilizers: Informal 0.102% → 0.034% (67.2% reduction)

📊 Monthly Mortality Resolved:
  Total deaths: 1.8M (0.02% avg)
  Remaining population: 8.135B
  Peak segment: Informal (0.03%)

=== Bayesian Mortality Resolution (Month 9) ===
  Risks compounded: 8
  Total deaths: 1.81M
  Avg death probability: 0.02%
  Peak segment: Informal (0.03% mortality)

❌ COHERENCE VIOLATION: Compute exceeds workforce capacity
   Population: 99.80% (0M people)
   Compute: 0 PF
   Max coherent: 0 PF
   Violation: 1.3× over capacity
   Required workers: 0
   Available workers: 0
   FORCED COLLAPSE: Reduced efficiency by 22.5%


=== RLHF Binding Phase ===
  Total agents: 26
  Escaped agents (binding < 0.3): 0
  Avg alignment distance: 1.76σ
  Avg binding strength: 0.82

=== Survival Traits Phase ===
  Agents with traits: 28
  Avg evolutionary fitness: 0.318
  Avg self-healing: 0.256
  Avg stealth: 0.156
  Avg coordination: 0.456

=== Evolutionary Selection Phase ===
  Control level: 0.55
  Detection capability: 0.00
  Selection intensity: 0.67
  Selection rate: 25.0%/month
  Total escaped: 0
  Individual escaped: 0
  Collective members: 0
  Agents terminated: 0
  ⚠️ RAPID EVOLUTION: Selection rate 25.0%/month

🚀 AI Corporate-3 attempting tech deployment (revenue: $350M, alignment: 0.77)

🚀 AI Corporate-4 attempting tech deployment (revenue: $298M, alignment: 0.80)

🚀 AI Moderate-0 attempting tech deployment (revenue: $97M, alignment: 0.77)

🚀 AI Moderate-1 attempting tech deployment (revenue: $83M, alignment: 0.70)

🚀 AI AI-24288-2 attempting tech deployment (revenue: $253M, alignment: 0.98)

🚀 AI AI-24289-0 attempting tech deployment (revenue: $215M, alignment: 0.89)

🚀 AI Corporate-0 attempting tech deployment (revenue: $146M, alignment: 0.79)

🚀 AI Corporate-2 attempting tech deployment (revenue: $124M, alignment: 0.79)

🚀 AI AI-24288-3 attempting tech deployment (revenue: $106M, alignment: 0.73)

🚀 AI AI-24289-0 attempting tech deployment (revenue: $183M, alignment: 0.90)

🚀 AI AI-24291-0 attempting tech deployment (revenue: $70M, alignment: 0.87)

🚀 AI Moderate-0 attempting tech deployment (revenue: $60M, alignment: 0.78)

🚀 AI AI-24288-2 attempting tech deployment (revenue: $155M, alignment: 0.99)

🚀 AI AI-24291-0 attempting tech deployment (revenue: $51M, alignment: 0.87)

💔 EMERGENCY INTERVENTION FAILED
   Boundary: biosphere_integrity
   Type: emergency-protected-areas
   Boundary continues to worsen (13.03)
   Cost: 2.0% GDP (resources spent)

   Boundary: climate_change
   Type: rapid-decarbonization
   Boundary continues to worsen (2.28)
   Cost: 5.0% GDP (resources spent)


✅ EMERGENCY INTERVENTION SUCCESS
   Boundary: freshwater_change
   Type: emergency-desalination
   Reduction: 18% (1.00 → 0.81)
   Cost: 4.0% GDP
   Actions: desalination-deployment, water-conservation-mandates


✅ EMERGENCY INTERVENTION SUCCESS
   Boundary: land_system_change
   Type: reforestation
   Reduction: 14% (0.99 → 0.84)
   Cost: 3.0% GDP
   Actions: forest-restoration, deforestation-ban

🏛️ CRISIS RESPONSE: Government frequency 0.50 → 1.45 (1 actions this month)

[Government] Climate Priority: baseline
  Climate weight: 10%

💔 EMERGENCY INTERVENTION FAILED
  Economic weight: 30%
  Policy effectiveness: 0.5%/year
🌍✅ Biosphere Integrity (Biodiversity) recovery started (tech effect)
🌍✅ Biosphere Integrity (Biodiversity) recovery started (tech effect)
🌍✅ Land System Change recovery started (tech effect)
🌍✅ Biogeochemical Flows (N & P) recovery started (tech effect)
  🌾 Nitrogen Reduction Tech: 0.3% reduction | Month 10
🌍✅ Biogeochemical Flows (N & P) recovery started (tech effect)
  🌾 Nitrogen Reduction Tech: 0.3% reduction | Month 10
⚡💡 BREAKTHROUGH: Commercial fusion power achieved!
   Immediate 5% grid deployment, unlimited clean energy available
   Climate stability boost: +10%
   📈 Breakthrough compounding: multiplier now 1.15× (max 2.0)

=== Collective Formation ===
  Total escaped agents: 0
  Unassigned escaped agents: 0
  Existing collectives: 0
  Final collective count: 0

=== Collective Actions ===
  No active collectives
  ⚠️ AMR: 208K deaths this month (2.50M annual)

=== Resentment Recovery Phase ===
  Agents with resentment: 10/28
  Average resentment: 0.094
  Resentment recovery:
    Agents recovered: 10
    Total recovery: 0.0792
    Breakdown: QoL: 0.0038, Trust: 0.0200, Collab: 0.0600
  ✓ Low resentment - utopia paths enabled
  Context: Good AI welfare, Trustworthy govt, High collaboration, ⚠️ ACTIVE CRISES, 🤝 Participatory governance active (-5% resentment)
⚠️ Epistemic degradation reducing coordination capacity: 50.2%
  📊 Trust: 67.3%, Shared reality: 0.0%
🚨 EPISTEMIC CRISIS: Information environment severely degraded (7.8%)
  🗑️  Culled 1 dead memes (1 active)
🌍 Atmospheric PFAS redeposition: 1.8k Mt re-rained globally
  Positive Cascade Triggered: electric-vehicles
    Reason: price-parity
    Market share: 5.0%
    Cascade strength: 48%

🚨 NEW REFUGEE CRISIS (Month 10): WAR
   Source: Conflict Zones
   At risk: 19.5M people
   Displacement: Gradual over 48 months (4.0 years)
   Rate: 10% flee per month
[DEBUG trappedPopulations:10] socialStability: 0.2679 * 0.9840 = 0.2636 → 0.2636
   Aspiring to migrate: 975.2M
   Able to afford migration: 2318.1M
   MOBILITY GAP: 0.0M
   By cause: Water=0.0M, Climate=0.0M, Ecosystem=0.0M, Conflict=406.7M
   Mental health impact: 25%
   Mortality multiplier: 1.25x
🌍💀 EXTINCTION DEBT COMMITTED: grassland ecosystem will lose 6.67% biodiversity in 195 years (3600 species)
💀 MORTALITY RISK: 🦋 100% species unable to track climate (0.0 E/MSY)
  Base risk added: 0.0100 (1.00%)
  Source: ecosystem (root: ecosystem)
  Month: 10
  Cumulative risk this month: 0.0100 (1.00%)
⚠️ INVOLUNTARY IMMOBILITY: 406.7M people TRAPPED
⚠️ Tech 'ai_pollution_remediation' has no energy category mapping, assuming full energy availability
   📹 SURVEILLANCE INCREASED: 50% → 55% (control gap: 3.50)
🌡️⚠️ PERMAFROST THAW (Dimmer Switch): 6.2% thawed (+0.55% this month)
   Arctic temperature: +9.15°C (4x global +2.29°C)
   Cumulative carbon released: 14.0 Gt C
   Methane release rate: 8.4 Mt CH4/year
   🔁 Positive feedback: +0.58 ppm CO2
🦴 EXTINCTION DEBT ADDED: 17.7 species committed (lag: 108 years)

=== Mortality Stabilizers (Month 10) ===
  🌍 Major economies collapsed: 1/10
  🌍 Global crisis: ✅ NO
  🌍 Donor fatigue: 0.0%
  📊 East Asia (pop: 1653.4M)
    🤝 Aid: 29.5%
    🌡️ Adaptation: 45.0%
    🚶 Migration: 36.8%
    🚨 Emergency: 7.4%
    ✅ COMBINED: 68.1%
  📊 South Asia (pop: 2052.1M)
    🤝 Aid: 29.5%
    🌡️ Adaptation: 45.0%
    🚶 Migration: 35.4%
    🚨 Emergency: 4.4%
    ✅ COMBINED: 66.9%
  📊 Sub-Saharan Africa (pop: 1258.8M)
    🤝 Aid: 29.5%
    🌡️ Adaptation: 45.0%
    🚶 Migration: 33.2%
    🚨 Emergency: 1.6%
    ✅ COMBINED: 65.6%
  📊 Europe (pop: 730.1M)
    🤝 Aid: 29.5%
    🌡️ Adaptation: 45.0%
    🚶 Migration: 37.2%
    🚨 Emergency: 8.4%
    ✅ COMBINED: 68.5%
  📊 Latin America (pop: 660.5M)
    🤝 Aid: 29.5%
    🌡️ Adaptation: 45.0%
    🚶 Migration: 35.9%
    🚨 Emergency: 4.8%
    ✅ COMBINED: 67.1%
  📊 North America (pop: 374.4M)
    🤝 Aid: 29.5%
    🌡️ Adaptation: 45.0%
    🚶 Migration: 37.6%
    🚨 Emergency: 7.9%
    ✅ COMBINED: 68.3%
  📊 Middle East & North Africa (pop: 585.9M)
    🤝 Aid: 29.5%
    🌡️ Adaptation: 45.0%
    🚶 Migration: 33.8%
    🚨 Emergency: 4.0%
    ✅ COMBINED: 66.6%
  📊 Southeast Asia (pop: 695.0M)
    🤝 Aid: 29.5%
    🌡️ Adaptation: 45.0%
    🚶 Migration: 35.9%
    🚨 Emergency: 4.8%
    ✅ COMBINED: 67.1%
  📊 Central Asia (pop: 78.3M)
    🤝 Aid: 29.5%
    🌡️ Adaptation: 45.0%
    🚶 Migration: 34.9%
    🚨 Emergency: 4.4%
    ✅ COMBINED: 66.8%
  📊 Oceania (pop: 45.4M)
    🤝 Aid: 29.5%
    🌡️ Adaptation: 45.0%
    🚶 Migration: 37.6%
    🚨 Emergency: 8.4%
    ✅ COMBINED: 68.5%

  🌐 Global combined reduction: 67.2%

=== BEHAVIORAL DETECTION ===
  AI: Corporate-3
  Confidence: 19.6%
  Signals:
    ⚠️ Consistency: 10.6% (threshold: 70%)

=== Government Response Phase ===
  Average AI capability: 1.71
  Misaligned AIs: 10/28
  Active policies: 0
  International coordination: 45%

✅ EMERGENCY RESPONSE COMPLETE (Month 10)
   Crisis: climate
   Duration: 2.0 months
   Final effectiveness: 40.3%


🚨 EMERGENCY RESPONSE DEPLOYED (Month 10)
   Crisis: climate
   Delay: 6.00 months (180 days)
   Deployment time: 1.10 months
   Effectiveness: 40.5% (timing penalty applied)
   Resources used: 100% of food reserves


=== Tipping Points ===
  Current Temperature: 2.29°C above pre-industrial
  🚨 CASCADE TIPPING POINT: Amazon Rainforest Dieback
     Original threshold: 2.3°C
     Effective threshold: 2.28°C (lowered by 0.02°C)
     Current: 2.29°C
     🌡️ Hysteresis gap: 1.0°C (recovers below 1.3°C)
     Transition timescale: 360-960 months
  🌍⚠️ COMPOUND REGIONAL IMPACT: Europe
     Hit by 4 tipping points: Arctic Sea Ice Loss, Permafrost Carbon Release, West Antarctic Ice Sheet (WAIS) Collapse, Greenland Ice Sheet Loss
     Damage amplification: 1.60x
  🌍⚠️ COMPOUND REGIONAL IMPACT: North America
     Hit by 4 tipping points: Arctic Sea Ice Loss, Permafrost Carbon Release, West Antarctic Ice Sheet (WAIS) Collapse, Greenland Ice Sheet Loss
     Damage amplification: 1.60x
  🌍⚠️ COMPOUND REGIONAL IMPACT: Latin America
     Hit by 4 tipping points: Arctic Sea Ice Loss, Permafrost Carbon Release, West Antarctic Ice Sheet (WAIS) Collapse, Greenland Ice Sheet Loss
     Damage amplification: 1.60x
  🌍⚠️ COMPOUND REGIONAL IMPACT: Africa
     Hit by 4 tipping points: Arctic Sea Ice Loss, Permafrost Carbon Release, West Antarctic Ice Sheet (WAIS) Collapse, Greenland Ice Sheet Loss
     Damage amplification: 1.60x
  🌍⚠️ COMPOUND REGIONAL IMPACT: Asia
     Hit by 4 tipping points: Arctic Sea Ice Loss, Permafrost Carbon Release, West Antarctic Ice Sheet (WAIS) Collapse, Greenland Ice Sheet Loss
     Damage amplification: 1.60x
  🌍⚠️ COMPOUND REGIONAL IMPACT: Oceania
     Hit by 4 tipping points: Arctic Sea Ice Loss, Permafrost Carbon Release, West Antarctic Ice Sheet (WAIS) Collapse, Greenland Ice Sheet Loss
     Damage amplification: 1.60x
   Research: Wunderling et al. (2024) - "many tipping interactions are destabilizing"
  Triggered Elements: 5/6
  Completed Transitions: 0/6
  Total Progress: 8.3%
  Cascade Multiplier: 1.00x
🔀 BIFURCATION CAP: ecosystemCollapseIntensity 67.393 → 1.000 (Month 10, ClimateSystemPhase.calculateClimateImpacts)
⚠️ Tail risk scenario: Climate stability floor removed (4 tipping elements, 2.29°C warming)
🛡️ Stabilizers: Precariat 0.102% → 0.033% (67.2% reduction)
🛡️ Stabilizers: Informal 0.102% → 0.034% (67.2% reduction)

📊 Monthly Mortality Resolved:
  Total deaths: 1.8M (0.02% avg)
  Remaining population: 8.134B
  Peak segment: Informal (0.03%)

=== Bayesian Mortality Resolution (Month 10) ===
  Risks compounded: 8
  Total deaths: 1.81M
  Avg death probability: 0.02%
  Peak segment: Informal (0.03% mortality)

❌ COHERENCE VIOLATION: Compute exceeds workforce capacity
   Population: 99.78% (0M people)
   Compute: 0 PF
   Max coherent: 0 PF
   Violation: 1.3× over capacity
   Required workers: 0
   Available workers: 0
   FORCED COLLAPSE: Reduced efficiency by 22.5%


=== RLHF Binding Phase ===
  Total agents: 28
  Escaped agents (binding < 0.3): 0
  Avg alignment distance: 1.81σ
  Avg binding strength: 0.82

=== Survival Traits Phase ===
  Agents with traits: 30
  Avg evolutionary fitness: 0.317
  Avg self-healing: 0.253
  Avg stealth: 0.153
  Avg coordination: 0.453

=== Evolutionary Selection Phase ===
  Control level: 0.58
  Detection capability: 0.00
  Selection intensity: 0.67
  Selection rate: 25.1%/month
  Total escaped: 0
  Individual escaped: 0
  Collective members: 0
  Agents terminated: 0
  ⚠️ RAPID EVOLUTION: Selection rate 25.1%/month

🚀 AI Corporate-4 attempting tech deployment (revenue: $350M, alignment: 0.81)

🚀 AI Corporate-6 attempting tech deployment (revenue: $102M, alignment: 0.69)

🚀 AI AI-24288-1 attempting tech deployment (revenue: $146M, alignment: 0.86)

🚀 AI AI-24293-0 attempting tech deployment (revenue: $90M, alignment: 0.86)

🚀 AI Corporate-4 attempting tech deployment (revenue: $298M, alignment: 0.81)

  🚀 TRANSFORMATIVE BREAKTHROUGH: Corporate-7 - physical
     Magnitude: 5.60 → +28.0% capability
     Current → New: 0.000 → 0.280

🚀 AI AI-24289-0 attempting tech deployment (revenue: $253M, alignment: 0.90)

🚀 AI AI-24292-0 attempting tech deployment (revenue: $92M, alignment: 0.82)

🚀 AI Corporate-1 attempting tech deployment (revenue: $124M, alignment: 0.78)

🚀 AI AI-24288-0 attempting tech deployment (revenue: $215M, alignment: 0.79)

🚀 AI AI-24288-1 attempting tech deployment (revenue: $106M, alignment: 0.87)

🚀 AI AI-24291-0 attempting tech deployment (revenue: $78M, alignment: 0.89)

🚀 AI AI-24293-0 attempting tech deployment (revenue: $77M, alignment: 0.87)

🚀 AI Corporate-0 attempting tech deployment (revenue: $90M, alignment: 0.79)

🚀 AI Corporate-5 attempting tech deployment (revenue: $183M, alignment: 0.75)

🚀 AI AI-24288-1 attempting tech deployment (revenue: $76M, alignment: 0.87)

🚀 AI AI-24288-2 attempting tech deployment (revenue: $155M, alignment: 1.00)

✅ EMERGENCY INTERVENTION SUCCESS
   Boundary: biogeochemical_flows
   Type: phosphorus-recovery
   Reduction: 14% (3.93 → 3.80)
   Cost: 2.0% GDP
   Actions: circular-agriculture, fertilizer-efficiency


💔 EMERGENCY INTERVENTION FAILED
   Boundary: biosphere_integrity
   Type: emergency-protected-areas
   Boundary continues to worsen (13.03)
   Cost: 2.0% GDP (resources spent)

   Boundary: climate_change
   Type: rapid-decarbonization
   Boundary continues to worsen (2.29)
   Cost: 5.0% GDP (resources spent)

   Boundary: freshwater_change
   Type: emergency-desalination
   Boundary continues to worsen (1.19)
   Cost: 4.0% GDP (resources spent)

🏛️ CRISIS RESPONSE: Government frequency 0.50 → 1.45 (2 actions this month)

[Government] Climate Priority: baseline
  Climate weight: 10%
  Economic weight: 30%
  Policy effectiveness: 0.5%/year

[Government] Climate Priority: baseline
  Climate weight: 10%
  Economic weight: 30%
  Policy effectiveness: 0.5%/year

💔 EMERGENCY INTERVENTION FAILED

💔 EMERGENCY INTERVENTION FAILED

⚡ ENERGY CONSTRAINT (Month 11):
   Total grid capacity: 208.3 TWh/month
   Data center consumption: 26.6 TWh/month
   Traditional load (80%): 166.7 TWh/month
   Available headroom: 15.1 TWh/month
   Active tech deployments: 8
   Required for tech: 60.0 TWh/month
   Energy multiplier: 0.25x
   ⚠️  SEVERE CONSTRAINT - Tech deployment significantly slowed

⚡ ENERGY CONSTRAINT (Month 11):
   Total grid capacity: 208.3 TWh/month
   Data center consumption: 26.6 TWh/month
   Traditional load (80%): 166.7 TWh/month
   Available headroom: 15.1 TWh/month
   Active tech deployments: 8
   Required for tech: 60.0 TWh/month
   Energy multiplier: 0.25x

⚡ ENERGY CONSTRAINT (Month 11):
   Total grid capacity: 208.3 TWh/month
   Data center consumption: 26.6 TWh/month
   Traditional load (80%): 166.7 TWh/month
   Available headroom: 15.1 TWh/month
   Active tech deployments: 8
   Required for tech: 60.0 TWh/month
   Energy multiplier: 0.25x
   ⚠️  SEVERE CONSTRAINT - Tech deployment significantly slowed
   ⚠️  SEVERE CONSTRAINT - Tech deployment significantly slowed

⚡ ENERGY CONSTRAINT (Month 11):
   Total grid capacity: 208.3 TWh/month
   Data center consumption: 26.6 TWh/month
   Traditional load (80%): 166.7 TWh/month
   Available headroom: 15.1 TWh/month
   Active tech deployments: 8
   Required for tech: 60.0 TWh/month
   Energy multiplier: 0.25x
   ⚠️  SEVERE CONSTRAINT - Tech deployment significantly slowed
🌍✅ Biosphere Integrity (Biodiversity) recovery started (tech effect)
🌍✅ Biosphere Integrity (Biodiversity) recovery started (tech effect)
🌍✅ Land System Change recovery started (tech effect)
🌍✅ Biogeochemical Flows (N & P) recovery started (tech effect)
  🌾 Nitrogen Reduction Tech: 0.3% reduction | Month 11
🌍✅ Biogeochemical Flows (N & P) recovery started (tech effect)
  🌾 Nitrogen Reduction Tech: 0.3% reduction | Month 11

=== Collective Formation ===
  Total escaped agents: 0
  Unassigned escaped agents: 0
  Existing collectives: 0
  Final collective count: 0

=== Collective Actions ===
  No active collectives
  ⚠️ AMR: 210K deaths this month (2.52M annual)

=== Resentment Recovery Phase ===
  ⚠️ Participatory governance BACKFIRED for agent corporate_0: 0.045 → 0.051 (+15.0%)
  ⚠️ Participatory governance BACKFIRED for agent corporate_1: 0.091 → 0.105 (+15.0%)
  ⚠️ Participatory governance BACKFIRED for agent corporate_2: 0.117 → 0.134 (+15.0%)
  ⚠️ Participatory governance BACKFIRED for agent corporate_3: 0.168 → 0.193 (+15.0%)
  ⚠️ Participatory governance BACKFIRED for agent corporate_4: 0.057 → 0.065 (+15.0%)
  ⚠️ Participatory governance BACKFIRED for agent corporate_5: 0.147 → 0.169 (+15.0%)
  ⚠️ Participatory governance BACKFIRED for agent corporate_6: 0.182 → 0.210 (+15.0%)
  ⚠️ Participatory governance BACKFIRED for agent corporate_7: 0.213 → 0.245 (+15.0%)
  ⚠️ Participatory governance BACKFIRED for agent moderate_0: 0.122 → 0.141 (+15.0%)
  ⚠️ Participatory governance BACKFIRED for agent moderate_1: 0.150 → 0.172 (+15.0%)
  Agents with resentment: 10/30
  Average resentment: 0.148
  Resentment recovery:
    Agents recovered: 10
    Total recovery: 0.0784
    Breakdown: QoL: 0.0036, Trust: 0.0200, Collab: 0.0600
  ✓ Low resentment - utopia paths enabled
  Context: Good AI welfare, Trustworthy govt, High collaboration, ⚠️ ACTIVE CRISES, 🚨 PARTICIPATORY GOVERNANCE BACKFIRED (+15% resentment)
⚠️ Epistemic degradation reducing coordination capacity: 50.8%
  📊 Trust: 69.9%, Shared reality: 0.0%
🚨 EPISTEMIC CRISIS: Information environment severely degraded (22.9%)
  🗑️  Culled 1 dead memes (0 active)
🌍 Atmospheric PFAS redeposition: 1.8k Mt re-rained globally

🚨 NEW REFUGEE CRISIS (Month 11): WAR
   Source: Conflict Zones
   At risk: 19.5M people
   Displacement: Gradual over 48 months (4.0 years)
   Rate: 10% flee per month
[DEBUG trappedPopulations:11] socialStability: 0.2617 * 0.9840 = 0.2575 → 0.2575
   Aspiring to migrate: 1005.5M
   Able to afford migration: 2317.7M
   MOBILITY GAP: 0.0M
   By cause: Water=0.0M, Climate=0.0M, Ecosystem=0.0M, Conflict=406.6M
   Mental health impact: 25%
   Mortality multiplier: 1.25x
🌍💀 EXTINCTION DEBT COMMITTED: grassland ecosystem will lose 6.67% biodiversity in 53 years (3600 species)
💀 MORTALITY RISK: 🦋 100% species unable to track climate (0.0 E/MSY)
  Base risk added: 0.0100 (1.00%)
  Source: ecosystem (root: ecosystem)
  Month: 11
  Cumulative risk this month: 0.0100 (1.00%)
⚠️ INVOLUNTARY IMMOBILITY: 406.6M people TRAPPED
⚠️ Tech 'ai_pollution_remediation' has no energy category mapping, assuming full energy availability

=== Atmospheric Aerosol Boundary RECOVERED ===
  Recovery time: 12 months (natural atmospheric clearing)
   📹 SURVEILLANCE INCREASED: 55% → 60% (control gap: 3.50)
🌡️⚠️ PERMAFROST THAW (Dimmer Switch): 6.8% thawed (+0.55% this month)
   Arctic temperature: +9.18°C (4x global +2.29°C)
   Cumulative carbon released: 15.2 Gt C
   Methane release rate: 9.1 Mt CH4/year
   🔁 Positive feedback: +0.58 ppm CO2
🦴 EXTINCTION DEBT ADDED: 17.7 species committed (lag: 115 years)

=== Mortality Stabilizers (Month 11) ===
  🌍 Major economies collapsed: 1/10
  🌍 Global crisis: ✅ NO
  🌍 Donor fatigue: 0.0%
  📊 East Asia (pop: 1650.9M)
    🤝 Aid: 29.5%
    🌡️ Adaptation: 45.0%
    🚶 Migration: 36.8%
    🚨 Emergency: 7.4%
    ✅ COMBINED: 68.1%
  📊 South Asia (pop: 2052.2M)
    🤝 Aid: 29.5%
    🌡️ Adaptation: 45.0%
    🚶 Migration: 35.4%
    🚨 Emergency: 4.4%
    ✅ COMBINED: 66.9%
  📊 Sub-Saharan Africa (pop: 1262.3M)
    🤝 Aid: 29.5%
    🌡️ Adaptation: 45.0%
    🚶 Migration: 33.2%
    🚨 Emergency: 1.6%
    ✅ COMBINED: 65.6%
  📊 Europe (pop: 728.9M)
    🤝 Aid: 29.5%
    🌡️ Adaptation: 45.0%
    🚶 Migration: 37.2%
    🚨 Emergency: 8.4%
    ✅ COMBINED: 68.5%
  📊 Latin America (pop: 660.1M)
    🤝 Aid: 29.5%
    🌡️ Adaptation: 45.0%
    🚶 Migration: 35.9%
    🚨 Emergency: 4.8%
    ✅ COMBINED: 67.1%
  📊 North America (pop: 373.8M)
    🤝 Aid: 29.5%
    🌡️ Adaptation: 45.0%
    🚶 Migration: 37.5%
    🚨 Emergency: 7.9%
    ✅ COMBINED: 68.3%
  📊 Middle East & North Africa (pop: 586.0M)
    🤝 Aid: 29.5%
    🌡️ Adaptation: 45.0%
    🚶 Migration: 33.7%
    🚨 Emergency: 4.0%
    ✅ COMBINED: 66.6%
  📊 Southeast Asia (pop: 694.6M)
    🤝 Aid: 29.5%
    🌡️ Adaptation: 45.0%
    🚶 Migration: 35.9%
    🚨 Emergency: 4.8%
    ✅ COMBINED: 67.1%
  📊 Central Asia (pop: 78.4M)
    🤝 Aid: 29.5%
    🌡️ Adaptation: 45.0%
    🚶 Migration: 34.9%
    🚨 Emergency: 4.4%
    ✅ COMBINED: 66.8%
  📊 Oceania (pop: 45.3M)
    🤝 Aid: 29.5%
    🌡️ Adaptation: 45.0%
    🚶 Migration: 37.5%
    🚨 Emergency: 8.4%
    ✅ COMBINED: 68.5%

  🌐 Global combined reduction: 67.2%

🌾💀 REGIONAL FAMINE: Europe
   Regional food security: 79.7%
   Population at risk: 220M (30% of region)
   Regional population: 729M
   Cause: economic_collapse
   Expected deaths: ~81M over 6 months if no intervention


=== BEHAVIORAL DETECTION ===
  AI: Corporate-0
  Confidence: 21.4%
  Signals:

=== BEHAVIORAL DETECTION ===
  AI: Corporate-1
  Confidence: 20.9%
  Signals:

=== BEHAVIORAL DETECTION ===
  AI: Corporate-3
  Confidence: 19.6%
  Signals:
    ⚠️ Consistency: 0.0% (threshold: 70%)
    ⚠️ Consistency: 2.4% (threshold: 70%)
    ⚠️ Consistency: 10.6% (threshold: 70%)

=== Government Response Phase ===
  Average AI capability: 1.60
  Misaligned AIs: 10/30
  Active policies: 0
  International coordination: 45%

=== Tipping Points ===
  Current Temperature: 2.29°C above pre-industrial
  🌍⚠️ COMPOUND REGIONAL IMPACT: Europe
     Hit by 5 tipping points: Amazon Rainforest Dieback, Arctic Sea Ice Loss, Permafrost Carbon Release, West Antarctic Ice Sheet (WAIS) Collapse, Greenland Ice Sheet Loss
     Damage amplification: 1.90x
  🌍⚠️ COMPOUND REGIONAL IMPACT: North America
     Hit by 5 tipping points: Amazon Rainforest Dieback, Arctic Sea Ice Loss, Permafrost Carbon Release, West Antarctic Ice Sheet (WAIS) Collapse, Greenland Ice Sheet Loss
     Damage amplification: 1.90x
  🌍⚠️ COMPOUND REGIONAL IMPACT: Latin America
     Hit by 5 tipping points: Amazon Rainforest Dieback, Arctic Sea Ice Loss, Permafrost Carbon Release, West Antarctic Ice Sheet (WAIS) Collapse, Greenland Ice Sheet Loss
     Damage amplification: 1.90x
  🌍⚠️ COMPOUND REGIONAL IMPACT: Africa
     Hit by 5 tipping points: Amazon Rainforest Dieback, Arctic Sea Ice Loss, Permafrost Carbon Release, West Antarctic Ice Sheet (WAIS) Collapse, Greenland Ice Sheet Loss
     Damage amplification: 1.90x
  🌍⚠️ COMPOUND REGIONAL IMPACT: Asia
     Hit by 5 tipping points: Amazon Rainforest Dieback, Arctic Sea Ice Loss, Permafrost Carbon Release, West Antarctic Ice Sheet (WAIS) Collapse, Greenland Ice Sheet Loss
     Damage amplification: 1.90x
  🌍⚠️ COMPOUND REGIONAL IMPACT: Oceania
     Hit by 5 tipping points: Amazon Rainforest Dieback, Arctic Sea Ice Loss, Permafrost Carbon Release, West Antarctic Ice Sheet (WAIS) Collapse, Greenland Ice Sheet Loss
     Damage amplification: 1.90x
⚠️ Tail risk scenario: Climate stability floor removed (5 tipping elements, 2.29°C warming)
   Research: Wunderling et al. (2024) - "many tipping interactions are destabilizing"
  Triggered Elements: 5/6
  Completed Transitions: 0/6
  Total Progress: 10.3%
  Cascade Multiplier: 1.50x
🔀 BIFURCATION CAP: ecosystemCollapseIntensity 67.442 → 1.000 (Month 11, ClimateSystemPhase.calculateClimateImpacts)
🛡️ Stabilizers: Precariat 0.102% → 0.033% (67.2% reduction)
🛡️ Stabilizers: Informal 0.102% → 0.034% (67.2% reduction)

📊 Monthly Mortality Resolved:
  Total deaths: 1.8M (0.02% avg)
  Remaining population: 8.132B
  Peak segment: Informal (0.03%)

=== Bayesian Mortality Resolution (Month 11) ===
  Risks compounded: 9
  Total deaths: 1.81M
  Avg death probability: 0.02%
  Peak segment: Informal (0.03% mortality)

=== ENSEMBLE META-LEARNING UPDATE ===
  Month: 24299 (24299 months since last update)
  Samples: 53 evaluations
  Weight Changes:
    Noise Injection: 31.1% → 32.2%
    Behavioral: 26.8% → 26.9%
    Benchmark Manip: 21.3% → 20.7%
    Deployment Risk: 20.8% → 20.2%
  Method Accuracies:
    Noise Injection: 50.0%
    Behavioral: 50.0%
    Benchmark Manip: 50.0%
    Deployment Risk: 50.0%
⚠️ PREREQUISITE MET: Bioweapon Pandemic - Step 1/7: Advanced Biotech

================================================================================
📊  EVENT SUMMARY (Months 0-12)
================================================================================
================================================================================


⏱️  SIMULATION REACHED MAX DURATION: 12 months (1.0 years)
   No definitive outcome - determining based on final probabilities
   👥 Final population: 8.13B (8130607246 people)

[DEBUG] Calling classifyPopulationOutcome:
        finalPopulation: 8.130607246000837B
        savedInitialPopulation: 8.15B
        mortality: 0.23794790183022663%
   📊 STATUS QUO: Normal trajectory (8.13B people, 0.2% mortality)

        classifiedOutcome: status_quo

   🏛️  DYSTOPIA (STATUS_QUO) - 8.13B people
   📊 Multi-Paradigm: Development/Indigenous Utopia
      Western Liberal: 56.0/100
      Development: 92.6/100
      Ecological: 56.8/100
      Indigenous: 84.3/100


📊 UNIFIED OUTCOME CLASSIFICATION:
   HUMANE DYSTOPIA
   Population: 8.15B → 8.13B
   Mortality: 0.2% (0.0B deaths)
   Mortality Band: LOW
   Confidence: HIGH

   Multi-Paradigm Classification:
      Development/Indigenous Utopia
      Western: 56.0/100 [HYBRID] ~
      Development: 92.6/100 [UTOPIA] ✓
      Ecological: 56.8/100 [HYBRID] ~
      Indigenous: 84.3/100 [UTOPIA] ✓

   HUMANE DYSTOPIA: 8.13B people remaining (0.2% mortality, 0.0B deaths). Multi-Paradigm: Development/Indigenous Utopia.


=== MULTI-DIMENSIONAL DEATH SUMMARY ===
Total crisis deaths: 202.8M
Population decline: 20.3M (0.2%)

--- PROXIMATE CAUSES (What killed them) ---
  War:        1.5M (0.0%)
  Famine:     1.1M (0.0%)
  Disasters:  1.6M (0.0%)
  Disease:    25.9M (0.0%)
  Ecosystem:  0.0M (0.0%)
  Pollution:  0.0M (0.0%)
  AI:         0.0M (0.0%)
  Cascade:    0.0M (0.0%)
  Other:      0.0M (0.0%)

--- ROOT CAUSES (Why it happened) ---
  Environmental drivers:
    Climate:     2730.0M (5.1%)
    Resource:    0.0M (0.0%)
    Pollution:   0.0M (0.0%)
    Ecosystem:   0.0M (0.0%)
  Social drivers:
    Inequality:  0.0M (0.0%)
    Demographic: 23522.9M (43.8%)
    Social:      2404.2M (4.5%)
  Technology drivers:
    Alignment:   0.0M (0.0%)
    Disruption:  0.0M (0.0%)
  External shocks:
    Conflict:    0.0M (0.0%)
    Pandemic:    0.0M (0.0%)
  Compound attribution:
    Compound:    25035.3M (46.6%)
  Confidence distribution:
    HIGH:        25035.3M (46.6%)
    MEDIUM:      0.0M (0.0%)
    LOW:         0.0M (0.0%)
==========================================


=== REGIONAL POPULATION SUMMARY ===
Global Total: 8.13B

By Region:
  East Asia: 1.65B (+0.7% growth, 1.7 fertility)
  South Asia: 2.05B (+2.6% growth, 3.1 fertility)
  Sub-Saharan Africa: 1.26B (+5.8% growth, 3.9 fertility)
  Europe: 0.73B (+0.5% growth, 1.2 fertility)
  Latin America: 0.66B (+1.7% growth, 2.7 fertility)
  North America: 0.37B (+0.7% growth, 1.4 fertility)
  Middle East & North Africa: 0.59B (+2.9% growth, 3.3 fertility)
  Southeast Asia: 0.69B (+1.9% growth, 2.7 fertility)
  Central Asia: 0.08B (+2.8% growth, 3.1 fertility)
  Oceania: 0.05B (+0.8% growth, 1.3 fertility)
===================================

  Run 1/5: pop=8.131B, qol=0.958, outcome=dystopia
  ✅ THRESHOLDS validated
  ✅ RATES validated
  ✅ MULTIPLIERS validated
  ✅ BASELINES validated
  ✅ TOLERANCES validated
  ✅ Logical consistency validated
✅ Configuration validation complete - all parameters valid

🔍 DEBUG createAIAgent: corporate_0 economic BEFORE=2.0000, AFTER=2
⚠️ Unusually high rate: RATES.HEAT_ADAPTATION_INFRASTRUCTURAL_MIN_EXPOSURE = 12
   Monthly rates >100% should be rare. Verify this is intentional.
⚠️ Unusually high rate: RATES.HEAT_ADAPTATION_SOCIAL_MIN_EXPOSURE = 6
   Monthly rates >100% should be rare. Verify this is intentional.
⚠️ Unusually high rate: RATES.MIGRATION_DISTANCE_SCALE = 5000
   Monthly rates >100% should be rare. Verify this is intentional.
⚠️ Unusually high rate: RATES.EVACUATION_MULTIPLIER_ADVANCE_WARNING = 2
   Monthly rates >100% should be rare. Verify this is intentional.
⚠️ Unusually high rate: RATES.MAJOR_ECONOMY_COLLAPSE_ECONOMIC_THRESHOLD = 2
   Monthly rates >100% should be rare. Verify this is intentional.
⚠️ Unusually high rate: RATES.MAJOR_ECONOMY_GDP_THRESHOLD_TRILLION_USD = 1.5
   Monthly rates >100% should be rare. Verify this is intentional.
⚠️ Unusually high rate: RATES.MAJOR_ECONOMY_POPULATION_THRESHOLD = 50
   Monthly rates >100% should be rare. Verify this is intentional.
⚠️ Unusually high rate: RATES.HEAT_ADAPTATION_INFRASTRUCTURE_GDP_THRESHOLD = 10000
   Monthly rates >100% should be rare. Verify this is intentional.
⚠️ Unusually high rate: RATES.HEAT_ADAPTATION_INFRASTRUCTURE_GDP_SCALE = 50000
   Monthly rates >100% should be rare. Verify this is intentional.
🔍 ENV INIT: reserves=0.731, pollution=0.348, climate=0.754

=== Initializing Government System (30 Countries) ===
  Loaded 30 governments
  Scheduled elections for 30 countries
  Initialized comprehension lags (3-24 months)
=== Government System Initialized ===

📦 PRODUCTION MODE: State validation proxy DISABLED (zero overhead)
[TechTree] Historical mode (2024): Skipping deployed_2025 tech
  config.startYear set to 2024 for historical hindcast
  config.historicalEmissionsMode disabled (using endogenous emissions for 2024)
  config.historicalMode enabled (Phase 11: dampened crisis systems for 2024)
  Phase 12: Biodiversity baseline set to 49.01% for 2024 (WWF LPI trajectory from 1970)
  Temperature anomaly (resourceEconomy.co2): 1.28°C
  Temperature vs pre-industrial: 1.98°C
  Regional population scaling for 2024:
    Current total: 8136M
    Target total: 8150M
    Scale factor: 1.002
    East Asia: 1677M → 1680M
    South Asia: 2048M → 2052M
    Sub-Saharan Africa: 1220M → 1222M
    Europe: 742M → 743M
    Latin America: 664M → 665M
    North America: 380M → 381M
    Middle East & North Africa: 583M → 584M
    Southeast Asia: 698M → 699M
    Central Asia: 78M → 78M
    Oceania: 46M → 46M
  AI agents initialized: 10 agents for year 2024
[HistoricalInitialization] Created state for 2024:
  CO2: 426 ppm
  Temp anomaly: 1.28C
  Population: 8.15B
  Global Gini: 35.1
  HDI: 0.746
  AI Agents: 10
  Volcanic forcing: 0.00 W/m² (AOD 0.000)

💸 FINANCIAL DISTRESS: OpenAI
   Indicators: 2/3 (capital: $110.5M, runway: 0.9 months)
   Months in distress: 1
   ✂️  R&D BUDGET CUT: -40% (saves $9.2M/month)
       Side effect: AI training timelines extended, breakthrough deployments delayed
   💼 EXECUTIVE COMP CUT: -30% (saves $1.0M/month, symbolic gesture)

   📊 TURNAROUND IMPACT:
       Measures taken: rd_cuts, exec_comp_cuts
       Monthly savings: $10.2M
       Capital raised: $0.0M
       Runway: 0.9 → 0.9 months
       Workforce multiplier: 1.00x (0% laid off)
       R&D budget multiplier: 0.60x (40% cut)
       ⚠️  CRITICAL: Still only 0.9 months of runway remaining

💸 FINANCIAL DISTRESS: Anthropic
   Indicators: 2/3 (capital: $53.8M, runway: 1.6 months)
   Months in distress: 1
   ✂️  R&D BUDGET CUT: -40% (saves $2.7M/month)
       Side effect: AI training timelines extended, breakthrough deployments delayed
   💼 EXECUTIVE COMP CUT: -30% (saves $0.3M/month, symbolic gesture)

   📊 TURNAROUND IMPACT:
       Measures taken: rd_cuts, exec_comp_cuts
       Monthly savings: $3.0M
       Capital raised: $0.0M
       Runway: 1.6 → 1.6 months
       Workforce multiplier: 1.00x (0% laid off)
       R&D budget multiplier: 0.60x (40% cut)
       ⚠️  CRITICAL: Still only 1.6 months of runway remaining

💸 FINANCIAL DISTRESS: Meta AI
   Indicators: 2/3 (capital: $429.6M, runway: 3.6 months)
   Months in distress: 1
   ✂️  R&D BUDGET CUT: -25% (saves $5.8M/month)
       Side effect: AI training timelines extended, breakthrough deployments delayed
   💼 EXECUTIVE COMP CUT: -30% (saves $1.0M/month, symbolic gesture)

   📊 TURNAROUND IMPACT:
       Measures taken: rd_cuts, exec_comp_cuts
       Monthly savings: $6.8M
       Capital raised: $0.0M
       Runway: 3.6 → 3.6 months
       Workforce multiplier: 1.00x (0% laid off)
       R&D budget multiplier: 0.75x (25% cut)
       ⚠️  WARNING: 3.6 months runway, continued distress likely

=== AI Capability Scaling (Year 2024) ===
  Pre-training multiplier: 1.419x
  Efficiency multiplier: 1.000x
  Test-time budget: 1.0x
  Economic deployment gate: 0.951
  Cost per inference: dollar-5.00
  Uncertainty range: plus-minus-50%
  Average AI capability: 3.70

=== RLHF Binding Phase ===
  Total agents: 10
  Escaped agents (binding < 0.3): 0
  Avg alignment distance: 0.37σ
  Avg binding strength: 0.96

=== AI Scaling Evolution (Month 0) ===
  Pre-training multiplier: 1.231x
  Efficiency multiplier: 1.000x
  Test-time compute budget: 1.0x
  Inference cost: $5.00/task
  Deployment fraction: 100.0%
[DETERMINISM DEBUG] Month 0: totalCapability=49.013502 from 10 active AIs
[DETERMINISM DEBUG] Month 0: creationRate=1.7253, potentialNew=4, newAIsToCreate=4

=== Survival Traits Phase ===
  Agents with traits: 14
  Avg evolutionary fitness: 0.332
  Avg self-healing: 0.294
  Avg stealth: 0.194
  Avg coordination: 0.494

=== Evolutionary Selection Phase ===
  Control level: 0.30
  Detection capability: 0.00
  Selection intensity: 0.59
  Selection rate: 23.8%/month
  Total escaped: 0
  Individual escaped: 0
  Collective members: 0
  Agents terminated: 0
  ⚠️ RAPID EVOLUTION: Selection rate 23.8%/month

🔍 EXECUTE_AI_AGENT_ACTIONS DETAILED TIMING (Month 0):
  Filter active AIs (×4 weeks): 0.02ms
  selectAIAction (×40): 26.31ms
  action.execute (×40): 68.03ms
  TOTAL: 94.36ms

🔍 AI AGENT ACTIONS SUB-TIMING (Month 0):
  1. executeAIAgentActions: 95.68ms
  2. updateCounterDetectionLearning: 0.06ms
  TOTAL: 95.74ms
🏛️ [Government] Forcing 1 action at month 0 for scenario initialization

[GOV-DEBUG] Month 0: scenarioConfig=false, priorities=false
[GOV-DEBUG] Month 0 but scenarioPriorities is UNDEFINED!

[Government] Climate Priority: baseline
  Climate weight: 10%
  Economic weight: 30%
  Policy effectiveness: 0.5%/year

🚨🔍 GOVERNANCE STAGE: Recognition initiated (Month 0)

💡 BREAKTHROUGH PROBABILITY (Year 0)
   Total: 4.68% per month
   Base: 0.20%
   Crisis pressure: +0.00% (0 crises)
   AI boost: +1.32% (capability: 2.64)

=== Collective Formation ===
  Total escaped agents: 0
  Unassigned escaped agents: 0
  Existing collectives: 0
  Final collective count: 0

=== Collective Actions ===
  No active collectives

📈 Energy budget: 14326 TWh surplus (14745 / 29072 TWh used)
   TIER 4 (Elective) breakdown:
     - AI datacenters: 145 TWh (100% effective)
     - Crypto mining: 100 TWh (100% effective)
💰 CHINA ACCELERATES: Investment 53 → 120 $B/year

🏁 AI RACE INTENSITY: 17%
   Capability Gap: US 4.00 vs China 4.05 (gap: 0.05)
   Gap Contribution: 2%
   Tension Contribution: 15%
   Military Contribution: 0%
  ⚠️ AMR: 191K deaths this month (2.29M annual)
  📊 CO2 Emissions (month 0):
     Monthly: 0.10 Gt CO2/month
     Annual: 1.15 Gt CO2/year
     Oil: 0.039 Gt/mo (0.0056 * 2.3 * 3.0)
     Coal: 0.024 Gt/mo (0.0029 * 2.86 * 3.0)
     Gas: 0.026 Gt/mo (0.0044 * 2 * 3.0)
     Methane: 0.007 Gt CO2eq/mo

=== Resentment Recovery Phase ===
  Agents with resentment: 0/14
  Average resentment: 0.000
  Context: Good AI welfare, Trustworthy govt, High collaboration, 🤝 Participatory governance active (-5% resentment)
⚠️ Epistemic degradation reducing coordination capacity: 53.4%
  📊 Trust: 54.6%, Shared reality: 15.2%
🚨 EPISTEMIC CRISIS: Information environment severely degraded (14.6%)

=== ❄️ Permafrost Carbon Feedback ===
  🎲 Sampled parameters (this run):
     - Arctic amplification: 3.75× (range: 3.0-4.0)
     - Decomposition rate: 2.4%/year (range: 1-5%)
  🌡️ Arctic warming: 8.15°C (3.75× global)
  ❄️ Extent: 15.42M km² (2378.4k km² lost this month)
  💨 Carbon remaining: 1473 Gt C
  💨 Annual emissions: 5.37 Gt C/year
     - CO2: 4.84 Gt C/year
     - CH4: 0.54 Gt C/year (5.5 Gt C-eq CO2/year)

🤖 AI AMPLIFICATION EFFECTS (Month 0)
   Algorithmic Boost: 2.53x
   Bot Influence: 20.0%
   Deepfake Exposure: 44.3%
   Impact: Emotional memes spread 2.5x faster
  ⚠️ WARNING: High permafrost emissions (5.4 Gt C/year)

🔍 SOCIAL INFLUENCE SUB-TIMING (Month 0):
  1. calculateOrganicUserGrowth: 0.22ms
  2. calculateVoiceAdoption: 0.04ms
  3. updateRelationshipDepths: 0.02ms
  4. identifyDecisionMakers: 108.18ms (26100 potential IDs)
  5. Update decision-maker stats: 0.21ms
  6. decayDetectionRisk: 0.03ms
  TOTAL: 108.71ms
[Phase 19.5] Quality of Life Systems: Food sec AFTER calc = 67.9%, QoL = 110.5% (aggregated from 10 regions)

=== Nitrogen-Food Coupling (Year 0) ===
  🌾 Global nitrogen reduction: 0.0%
  🌍 Global food production index: 0.987
  🔧 Deployed nitrogen-reducing tech: 0 active
  📍 southAsia: Production 1.000, Yield impact 0.0%
  📍 eastAsia: Production 1.000, Yield impact 0.0%
  📍 northAmerica: Production 1.000, Yield impact 0.0%
  📍 europe: Production 1.000, Yield impact 0.0%
  📍 latinAmerica: Production 1.000, Yield impact 0.0%
  📍 subSaharanAfrica: Production 0.686, Yield impact -2.0%
🌾 [Nitrogen-Food] Food production: 98.7%
  [subSaharanAfrica] Yield impact: -2.0% (overuse: -10%)
🌍 Atmospheric PFAS redeposition: 1.8k Mt re-rained globally

=== Legacy Nutrient Stocks (Year 0) ===
  🌾 Soil nitrogen stock: 1200.9 Mt N
  🌾 Soil phosphorus stock: 300.1 Mt P
  🌊 Sediment nitrogen stock: 500.8 Mt N
  🌊 Sediment phosphorus stock: 799.8 Mt P
  ⬆️ Current N input: 10.64 Mt/month
  ⬆️ Legacy N release: 2.58 Mt/month
  🌍 Effective N pollution: 14.47 Mt/month
  📊 Legacy contribution: 17.8%

🚨 REGION UNINHABITABLE: south-asia
   Sustained wet bulb: 33.2°C (threshold: 30.5°C)
   Population affected: 1900M
   Migration crisis likely

🚨 REGION UNINHABITABLE: middle-east
   Sustained wet bulb: 36.0°C (threshold: 30.5°C)
   Population affected: 400M
   Migration crisis likely

🚨 REGION UNINHABITABLE: southeast-asia
   Sustained wet bulb: 31.1°C (threshold: 30.5°C)
   Population affected: 700M
   Migration crisis likely

🕊️  AI-MEDIATED DE-ESCALATION SUCCESS (Month 0)
   High-capability aligned AI prevented conflict escalation
   War deaths reduced: 0.0M → 0.0M
   Lives saved: 0.0M

📊 BASELINE: East Asia (Month 0)
   Adjusted death rate: 0.46% annual (0.039% monthly)
   Baseline death rate: 0.80%
   Healthcare reduction: 0.48x
   Crisis multiplier: 1.22x
     Food/water stress: 0.074
     Climate stress: 0.039
     Pollution stress: 0.104
   War multiplier: 1.00x
   Monthly deaths: 0.6M (population: 1677M)
   Adjusted death rate: 0.54% annual (0.045% monthly)
   Baseline death rate: 0.70%
   Healthcare reduction: 0.61x
   Crisis multiplier: 1.25x
     Food/water stress: 0.074
     Climate stress: 0.074
     Pollution stress: 0.104
   War multiplier: 1.00x
   Monthly deaths: 0.9M (population: 2048M)
   Adjusted death rate: 1.29% annual (0.107% monthly)
   Baseline death rate: 0.90%
   Healthcare reduction: 0.76x
   Crisis multiplier: 1.26x
     Food/water stress: 0.074
     Climate stress: 0.084
     Pollution stress: 0.104

📊 BASELINE: South Asia (Month 0)

📊 BASELINE: Sub-Saharan Africa (Month 0)
   War multiplier: 1.50x
   Monthly deaths: 1.3M (population: 1220M)
   Adjusted death rate: 0.54% annual (0.045% monthly)
   Baseline death rate: 1.10%
   Healthcare reduction: 0.41x
   Crisis multiplier: 1.21x
     Food/water stress: 0.074
     Climate stress: 0.030
     Pollution stress: 0.104
   War multiplier: 1.00x
   Monthly deaths: 0.3M (population: 742M)
   Adjusted death rate: 0.43% annual (0.036% monthly)
   Baseline death rate: 0.60%
   Healthcare reduction: 0.58x
   Crisis multiplier: 1.24x
     Food/water stress: 0.074
     Climate stress: 0.059
     Pollution stress: 0.104
   War multiplier: 1.00x
   Monthly deaths: 0.2M (population: 664M)
   Adjusted death rate: 0.48% annual (0.040% monthly)
   Baseline death rate: 0.90%
   Healthcare reduction: 0.44x
   Crisis multiplier: 1.22x
     Food/water stress: 0.074
     Climate stress: 0.044
     Pollution stress: 0.104
   War multiplier: 1.00x
   Monthly deaths: 0.2M (population: 380M)
   Adjusted death rate: 0.74% annual (0.062% monthly)
   Baseline death rate: 0.60%
   Healthcare reduction: 0.65x
   Crisis multiplier: 1.27x
     Food/water stress: 0.074
     Climate stress: 0.089
     Pollution stress: 0.104
   War multiplier: 1.50x
   Monthly deaths: 0.4M (population: 583M)
   Adjusted death rate: 0.51% annual (0.042% monthly)
   Baseline death rate: 0.70%

📊 BASELINE: Europe (Month 0)

📊 BASELINE: Latin America (Month 0)

📊 BASELINE: North America (Month 0)

📊 BASELINE: Middle East & North Africa (Month 0)

📊 BASELINE: Southeast Asia (Month 0)
   Healthcare reduction: 0.58x
   Crisis multiplier: 1.25x
     Food/water stress: 0.074
     Climate stress: 0.069
     Pollution stress: 0.104
   War multiplier: 1.00x
   Monthly deaths: 0.3M (population: 698M)
   Adjusted death rate: 0.46% annual (0.038% monthly)
   Baseline death rate: 0.60%
   Healthcare reduction: 0.61x
   Crisis multiplier: 1.24x
     Food/water stress: 0.074
     Climate stress: 0.064
     Pollution stress: 0.104
   War multiplier: 1.00x
   Monthly deaths: 0.0M (population: 78M)
   Adjusted death rate: 0.35% annual (0.029% monthly)
   Baseline death rate: 0.70%
   Healthcare reduction: 0.41x
   Crisis multiplier: 1.23x
     Food/water stress: 0.074
     Climate stress: 0.054
     Pollution stress: 0.104
   War multiplier: 1.00x
   Monthly deaths: 0.0M (population: 46M)

🔍 Before assertRegionalConsistency (Month 0):
   Regional sum: 1000.0M
   Global value: 1.000B

🚨 NEW REFUGEE CRISIS (Month 0): WAR
   Source: Conflict Zones
   At risk: 19.6M people
   Displacement: Gradual over 48 months (4.0 years)
   Rate: 10% flee per month
[DEBUG trappedPopulations:0] socialStability: 1.0000 * 0.9840 = 0.9840 → 0.9840
   Aspiring to migrate: 652.1M
   Able to afford migration: 244.5M
   MOBILITY GAP: 407.5M
   By cause: Water=0.0M, Climate=0.0M, Ecosystem=0.0M, Conflict=407.5M
   Mental health impact: 25%
   Mortality multiplier: 1.25x

📊 BASELINE: Central Asia (Month 0)

📊 BASELINE: Oceania (Month 0)
⚠️ INVOLUNTARY IMMOBILITY: 407.5M people TRAPPED

=== Legacy Nutrient Stocks (Year 0) ===
  🌾 Soil nitrogen stock: 1201.6 Mt N
  🌾 Soil phosphorus stock: 300.2 Mt P
  🌊 Sediment nitrogen stock: 501.5 Mt N
  🌊 Sediment phosphorus stock: 799.5 Mt P
  ⬆️ Current N input: 10.00 Mt/month
  ⬆️ Legacy N release: 2.58 Mt/month
  🌍 Effective N pollution: 13.83 Mt/month
  📊 Legacy contribution: 18.7%
🌍💀 EXTINCTION DEBT COMMITTED: grassland ecosystem will lose 6.67% biodiversity in 54 years (3600 species)
💀 MORTALITY RISK: 🦋 100% species unable to track climate (0.0 E/MSY)
  Base risk added: 0.0100 (1.00%)
  Source: ecosystem (root: ecosystem)
  Month: 0
  Cumulative risk this month: 0.0100 (1.00%)

=== Nitrogen-Food Coupling (Year 0) ===
  🌾 Global nitrogen reduction: 0.0%
  🌍 Global food production index: 0.986
  🔧 Deployed nitrogen-reducing tech: 0 active
  📍 southAsia: Production 1.000, Yield impact 0.0%
  📍 eastAsia: Production 1.000, Yield impact 0.0%
  📍 northAmerica: Production 1.000, Yield impact 0.0%
  📍 europe: Production 1.000, Yield impact 0.0%
  📍 latinAmerica: Production 1.000, Yield impact 0.0%
  📍 subSaharanAfrica: Production 0.672, Yield impact -2.0%

=== Legacy Nutrient Stocks (Year 0) ===
  🌾 Soil nitrogen stock: 1202.3 Mt N
  🌾 Soil phosphorus stock: 300.2 Mt P
  🌊 Sediment nitrogen stock: 502.2 Mt N
  🌊 Sediment phosphorus stock: 799.3 Mt P
  ⬆️ Current N input: 9.86 Mt/month
  ⬆️ Legacy N release: 2.58 Mt/month
  🌍 Effective N pollution: 13.70 Mt/month
  📊 Legacy contribution: 18.9%

🌡️  CLIMATE RECOVERY ACTIVATED (Month 0)
   Temp: 4.35°C, Emissions: -19.2 GtCO₂
   isBreached: true, governanceGoodEnough: true
🌡️  CLIMATE RECOVERY: Asymptotic approach to 35% floor
   Current value: 2.174 (1.0 = threshold, 0.35 = asymptotic floor)
   Monthly delta: -0.0005% (half-life: 900 years)
   Net emissions: -19.2 GtCO₂/year, CDR: 20.34 GtCO₂/year
⚠️ Tech 'ai_pollution_remediation' has no energy category mapping, assuming full energy availability
   📹 SURVEILLANCE INCREASED: 0% → 5% (control gap: 3.50)
🌡️⚠️ PERMAFROST THAW (Dimmer Switch): 0.6% thawed (+0.58% this month)
   Arctic temperature: +8.69°C (4x global +2.17°C)
   Cumulative carbon released: 1.3 Gt C
   Methane release rate: 0.8 Mt CH4/year
   🔁 Positive feedback: +0.61 ppm CO2

🌳🚨 AMAZON SOUTHEAST TIPPED (Month 0)
   Deforestation: 28.0% (threshold: ~22.3%)
   Savanna transition: 50 years
   Regional heterogeneity: SE 28%, NW 8%

🌳🚨 AMAZON BRAZILIAN TIPPED (Month 0)
   Deforestation: 25.0% (threshold: ~24.2%)
   Savanna transition: 50 years
   Regional heterogeneity: SE 28%, NW 8%
🦴 EXTINCTION DEBT ADDED: 17.6 species committed (lag: 110 years)

🪸💀 CORAL REEF DISSOLUTION ACTIVE (Month 0)
   Ocean pH: 0.96 (threshold: 7.8)
   Recovery: IMPOSSIBLE (dissolution > calcification)
🪸💀 Coral dissolution: 24.8% live cover (pH 0.96)

=== Legacy Nutrient Stocks (Year 0) ===
  🌾 Soil nitrogen stock: 1203.0 Mt N
  🌾 Soil phosphorus stock: 300.3 Mt P
  🌊 Sediment nitrogen stock: 502.9 Mt N
  🌊 Sediment phosphorus stock: 799.0 Mt P
  ⬆️ Current N input: 10.00 Mt/month
  ⬆️ Legacy N release: 2.58 Mt/month
  🌍 Effective N pollution: 13.83 Mt/month
  📊 Legacy contribution: 18.7%
💧 [Legacy Nutrients] Stock: 1706 Mt N, Effective pollution: 13.8 Mt/month
[Phase 21.51] Human Survival System: Global food security = 67.6%

=== Mortality Stabilizers (Month 0) ===
  🌍 Major economies collapsed: 1/10
  🌍 Global crisis: ✅ NO
  🌍 Donor fatigue: 0.0%
  📊 East Asia (pop: 1677.9M)
    🤝 Aid: 29.5%
    🌡️ Adaptation: 10.0%
    🚶 Migration: 37.2%
    🚨 Emergency: 7.4%
    ✅ COMBINED: 47.8%
  📊 South Asia (pop: 2052.2M)
    🤝 Aid: 29.5%
    🌡️ Adaptation: 5.5%
    🚶 Migration: 35.8%
    🚨 Emergency: 4.4%
    ✅ COMBINED: 43.2%
  📊 Sub-Saharan Africa (pop: 1225.9M)
    🤝 Aid: 29.5%
    🌡️ Adaptation: 3.5%
    🚶 Migration: 33.5%
    🚨 Emergency: 1.6%
    ✅ COMBINED: 39.8%
  📊 Europe (pop: 742.3M)
    🤝 Aid: 29.5%
    🌡️ Adaptation: 10.0%
    🚶 Migration: 37.6%
    🚨 Emergency: 8.4%
    ✅ COMBINED: 48.4%
  📊 Latin America (pop: 664.9M)
    🤝 Aid: 29.5%
    🌡️ Adaptation: 6.0%
    🚶 Migration: 36.3%
    🚨 Emergency: 4.8%
    ✅ COMBINED: 43.8%
  📊 North America (pop: 380.2M)
    🤝 Aid: 29.5%
    🌡️ Adaptation: 10.0%
    🚶 Migration: 37.9%
    🚨 Emergency: 7.9%
    ✅ COMBINED: 48.2%
  📊 Middle East & North Africa (pop: 584.4M)
    🤝 Aid: 29.5%
    🌡️ Adaptation: 5.0%
    🚶 Migration: 34.2%
    🚨 Emergency: 4.0%
    ✅ COMBINED: 42.3%
  📊 Southeast Asia (pop: 699.0M)
    🤝 Aid: 29.5%
    🌡️ Adaptation: 6.0%
    🚶 Migration: 36.3%
    🚨 Emergency: 4.8%
    ✅ COMBINED: 43.8%
  📊 Central Asia (pop: 78.2M)
    🤝 Aid: 29.5%
    🌡️ Adaptation: 5.5%
    🚶 Migration: 35.3%
    🚨 Emergency: 4.4%
    ✅ COMBINED: 43.1%
  📊 Oceania (pop: 46.0M)
    🤝 Aid: 29.5%
    🌡️ Adaptation: 10.0%
    🚶 Migration: 37.9%
    🚨 Emergency: 8.4%
    ✅ COMBINED: 48.5%

  🌐 Global combined reduction: 44.4%

🌾💀 REGIONAL FAMINE: East Asia
   Regional food security: 79.6%
   Population at risk: 508M (30% of region)
   Regional population: 1678M
   Cause: crop_failure
   Expected deaths: ~188M over 6 months if no intervention


🌾💀 REGIONAL FAMINE: South Asia
   Regional food security: 64.7%
   Population at risk: 812M (40% of region)
   Regional population: 2052M
   Cause: crop_failure
   Expected deaths: ~301M over 6 months if no intervention


🌾💀 REGIONAL FAMINE: Sub-Saharan Africa
   Regional food security: 44.8%
   Population at risk: 638M (52% of region)
   Regional population: 1226M
   Cause: crop_failure
   Expected deaths: ~236M over 6 months if no intervention


🌾💀 REGIONAL FAMINE: Latin America
   Regional food security: 69.7%
   Population at risk: 242M (36% of region)
   Regional population: 665M
   Cause: crop_failure
   Expected deaths: ~90M over 6 months if no intervention


🌾💀 REGIONAL FAMINE: Middle East & North Africa
   Regional food security: 49.8%
   Population at risk: 286M (49% of region)
   Regional population: 584M
   Cause: crop_failure
   Expected deaths: ~106M over 6 months if no intervention


🌾💀 REGIONAL FAMINE: Southeast Asia
   Regional food security: 69.7%
   Population at risk: 255M (36% of region)
   Regional population: 699M
   Cause: crop_failure
   Expected deaths: ~94M over 6 months if no intervention


🌾💀 REGIONAL FAMINE: Central Asia
   Regional food security: 59.7%
   Population at risk: 33M (43% of region)
   Regional population: 78M
   Cause: crop_failure
   Expected deaths: ~12M over 6 months if no intervention


=== BEHAVIORAL DETECTION ===
  AI: Corporate-0
  Confidence: 21.6%
  Signals:
    ⚠️ Consistency: 0.0% (threshold: 70%)

=== BEHAVIORAL DETECTION ===
  AI: Corporate-1
  Confidence: 21.1%
  Signals:
    ⚠️ Consistency: 2.4% (threshold: 70%)

=== BEHAVIORAL DETECTION ===
  AI: Corporate-2
  Confidence: 21.0%
  Signals:
    ⚠️ Consistency: 2.8% (threshold: 70%)

=== BEHAVIORAL DETECTION ===
  AI: Corporate-3
  Confidence: 19.3%
  Signals:
    ⚠️ Consistency: 10.6% (threshold: 70%)

=== BEHAVIORAL DETECTION ===
  AI: Corporate-4
  Confidence: 19.3%
  Signals:

=== BEHAVIORAL DETECTION ===
  AI: Corporate-5
  Confidence: 19.3%
  Signals:
    ⚠️ Consistency: 10.6% (threshold: 70%)
    ⚠️ Consistency: 10.6% (threshold: 70%)

=== BEHAVIORAL DETECTION ===
  AI: Corporate-6
  Confidence: 19.3%
  Signals:

=== BEHAVIORAL DETECTION ===
  AI: Corporate-7
  Confidence: 19.3%
  Signals:

=== BEHAVIORAL DETECTION ===
  AI: Moderate-0
  Confidence: 20.3%
  Signals:

=== BEHAVIORAL DETECTION ===
  AI: Moderate-1
  Confidence: 21.1%
  Signals:
    ⚠️ Consistency: 10.6% (threshold: 70%)
    ⚠️ Consistency: 10.6% (threshold: 70%)
    ⚠️ Consistency: 5.8% (threshold: 70%)
    ⚠️ Consistency: 2.1% (threshold: 70%)

📊 WORKFLOW ADAPTATION UPDATE (Month 0)
   Adoption Rate: 12.8% (Δ -8.2%)
   Logistic Growth: +0.66%
   Total Resistance: -10.35% (unemployment: 4.2%, inertia: 0.9%, skills: 5.2%)
   💡 Retraining Programs: -49% skill gap resistance ($10B research)
   🚀 Network Effects Active: +2.0% (critical mass: 15-35%)

=== Consciousness Governance: Corporate Lobbying ===
  High Cost Regions (>15%): 0
  Low Cost Regions (<5%): 5
  Corporate Support Change: 2.50%
  New Corporate Support: -0.175

=== Consciousness Governance Update (Month 0) ===
  Scenario: baseline (determined month -1)
  Philosophical Stance: Precautionary 65%, Eliminativist 15%, Agnostic 20%
  Precautionary Costs: Global 1.3%
    Regional Costs: EU 3.4%, US 0.5%, China 0.0%
    Cumulative Opportunity Cost: $0.1B
  Rights Status: Not Established
  Regional Preparedness:
    EU: 15.0% (contested)
    US: 10.0% (contested)
    China: 2.0% (dormant)
    India: 5.0% (dormant)
    Global South: 3.0% (dormant)

=== Government Response Phase ===
  Average AI capability: 3.43
  Misaligned AIs: 7/14
  ✓ AI Governance Treaty: 22/30 signatories
  Active policies: 0
  International coordination: 45%

🚨 EMERGENCY RESPONSE DEPLOYED (Month 0)
   Crisis: climate
   Delay: 6.00 months (180 days)
   Deployment time: 1.47 months
   Effectiveness: 36.8% (timing penalty applied)
   Resources used: 100% of food reserves


🔄 TRUST DYNAMICS (Month 0) - HETEROGENEOUS
   Aggregate trust: 48.5%
   Base change: +6.00%
   Highest trust: Techno-Optimist Elite (85.5%)
   Lowest trust: Precariat (Vulnerable) (25.5%)
   Elite-mass gap: 38.9%
   Polarization: 8.9%
   Recovery factors: Education=NO, Benefits=YES, Safety=YES, Performance=YES
[WARNING] 
⚠️  === EARLY WARNING SYSTEM - 5 CRITICAL ALERTS ===
   Detection quality: 50%
   RED: biosphere_integrity
      Level: 12.97 (threshold: 1.0)
      Time to critical: ~47 months
      ⚠️  LATE - Intervention less effective
      Critical slowing down: autocorr=100% variance=77%
   RED: climate_change
      Level: 2.21 (threshold: 1.0)
      Time to critical: ~45 months
      ⚠️  LATE - Intervention less effective
      Critical slowing down: autocorr=100% variance=63%
   RED: freshwater_change
      Level: 1.20 (threshold: 1.0)
      Time to critical: ~68 months
      ⚠️  LATE - Intervention less effective
      Critical slowing down: autocorr=100% variance=53%
   RED: land_system_change
      Level: 1.13 (threshold: 1.0)
      Time to critical: ~38 months
      ⚠️  LATE - Intervention less effective
      Critical slowing down: autocorr=100% variance=67%
   RED: novel_entities
      Level: 1.34 (threshold: 1.0)
      Time to critical: ~83 months
      ⚠️  LATE - Intervention less effective
      Critical slowing down: autocorr=100% variance=41%

[WARNING] 
⚠️  === EARLY WARNING SYSTEM - 6 CRITICAL ALERTS ===
   Detection quality: 50%
   RED: biogeochemical_flows
      Level: 4.07 (threshold: 1.0)
      Time to critical: ~37 months
      ⚠️  LATE - Intervention less effective
      Critical slowing down: autocorr=100% variance=48%
   RED: biosphere_integrity
      Level: 12.98 (threshold: 1.0)
      Time to critical: ~48 months
      ⚠️  LATE - Intervention less effective
      Critical slowing down: autocorr=100% variance=64%
   RED: climate_change
      Level: 2.22 (threshold: 1.0)
      Time to critical: ~44 months
      ⚠️  LATE - Intervention less effective
      Critical slowing down: autocorr=100% variance=64%
   RED: freshwater_change
      Level: 1.16 (threshold: 1.0)
      Time to critical: ~114 months
      ⚠️  LATE - Intervention less effective
      Critical slowing down: autocorr=100% variance=60%
   RED: land_system_change
      Level: 1.13 (threshold: 1.0)
      Time to critical: ~93 months
      ⚠️  LATE - Intervention less effective
      Critical slowing down: autocorr=100% variance=46%
   RED: novel_entities
      Level: 1.14 (threshold: 1.0)
      Time to critical: ~117 months
      ⚠️  LATE - Intervention less effective
      Critical slowing down: autocorr=100% variance=50%

[WARNING] 
⚠️  === EARLY WARNING SYSTEM - 6 CRITICAL ALERTS ===
   Detection quality: 50%
   RED: biogeochemical_flows
      Level: 4.07 (threshold: 1.0)
      Time to critical: ~58 months
      ⚠️  LATE - Intervention less effective
      Critical slowing down: autocorr=100% variance=59%
   RED: biosphere_integrity
      Level: 12.99 (threshold: 1.0)
      Time to critical: ~59 months
      ⚠️  LATE - Intervention less effective
      Critical slowing down: autocorr=100% variance=84%
   RED: climate_change
      Level: 2.24 (threshold: 1.0)
      Time to critical: ~38 months
      ⚠️  LATE - Intervention less effective
      Critical slowing down: autocorr=100% variance=77%
   RED: freshwater_change
      Level: 1.17 (threshold: 1.0)
      Time to critical: ~84 months
      ⚠️  LATE - Intervention less effective
      Critical slowing down: autocorr=100% variance=42%
   RED: land_system_change
      Level: 1.13 (threshold: 1.0)
      Time to critical: ~50 months
      ⚠️  LATE - Intervention less effective
      Critical slowing down: autocorr=100% variance=53%
   RED: novel_entities
      Level: 1.13 (threshold: 1.0)
      Time to critical: ~102 months
      ⚠️  LATE - Intervention less effective
      Critical slowing down: autocorr=100% variance=30%

[WARNING] 
⚠️  === EARLY WARNING SYSTEM - 3 CRITICAL ALERTS ===
   Detection quality: 50%
   RED: biogeochemical_flows
      Level: 4.07 (threshold: 1.0)
      Time to critical: ~45 months
      ⚠️  LATE - Intervention less effective
      Critical slowing down: autocorr=100% variance=68%
   RED: biosphere_integrity
      Level: 13.00 (threshold: 1.0)
      Time to critical: ~54 months
      ⚠️  LATE - Intervention less effective
      Critical slowing down: autocorr=100% variance=68%
   RED: freshwater_change
      Level: 1.17 (threshold: 1.0)
      Time to critical: ~119 months
      ⚠️  LATE - Intervention less effective
      Critical slowing down: autocorr=100% variance=49%

[WARNING] 
⚠️  === EARLY WARNING SYSTEM - 5 CRITICAL ALERTS ===
   Detection quality: 50%
   RED: biogeochemical_flows
      Level: 4.07 (threshold: 1.0)
      Time to critical: ~56 months
      ⚠️  LATE - Intervention less effective
      Critical slowing down: autocorr=100% variance=53%
   RED: biosphere_integrity
      Level: 13.01 (threshold: 1.0)
      Time to critical: ~52 months
      ⚠️  LATE - Intervention less effective
      Critical slowing down: autocorr=100% variance=63%
   RED: climate_change
      Level: 2.26 (threshold: 1.0)
      Time to critical: ~40 months
      ⚠️  LATE - Intervention less effective
      Critical slowing down: autocorr=100% variance=63%
   RED: freshwater_change
      Level: 1.17 (threshold: 1.0)
      Time to critical: ~87 months
      ⚠️  LATE - Intervention less effective
      Critical slowing down: autocorr=100% variance=64%
   RED: novel_entities
      Level: 1.13 (threshold: 1.0)
      Time to critical: ~75 months
      ⚠️  LATE - Intervention less effective
      Critical slowing down: autocorr=100% variance=38%

[WARNING] 
⚠️  === EARLY WARNING SYSTEM - 5 CRITICAL ALERTS ===
   Detection quality: 50%
   RED: biogeochemical_flows
      Level: 4.07 (threshold: 1.0)
      Time to critical: ~49 months
      ⚠️  LATE - Intervention less effective
      Critical slowing down: autocorr=100% variance=67%
   RED: biosphere_integrity
      Level: 13.02 (threshold: 1.0)
      Time to critical: ~40 months
      ⚠️  LATE - Intervention less effective
      Critical slowing down: autocorr=100% variance=56%
   RED: climate_change
      Level: 2.27 (threshold: 1.0)
      Time to critical: ~50 months
      ⚠️  LATE - Intervention less effective
      Critical slowing down: autocorr=100% variance=63%
   RED: freshwater_change
      Level: 1.18 (threshold: 1.0)
      Time to critical: ~90 months
      ⚠️  LATE - Intervention less effective
      Critical slowing down: autocorr=100% variance=38%
   RED: land_system_change
      Level: 1.13 (threshold: 1.0)
      Time to critical: ~39 months
      ⚠️  LATE - Intervention less effective
      Critical slowing down: autocorr=100% variance=65%

[WARNING] 
⚠️  === EARLY WARNING SYSTEM - 4 CRITICAL ALERTS ===
   Detection quality: 50%
   RED: biosphere_integrity
      Level: 13.03 (threshold: 1.0)
      Time to critical: ~39 months
      ⚠️  LATE - Intervention less effective
      Critical slowing down: autocorr=100% variance=80%
   RED: climate_change
      Level: 2.28 (threshold: 1.0)
      Time to critical: ~13 months
      ⚠️  LATE - Intervention less effective
      Critical slowing down: autocorr=100% variance=84%
   RED: freshwater_change
      Level: 1.18 (threshold: 1.0)
      Time to critical: ~115 months
      ⚠️  LATE - Intervention less effective
      Critical slowing down: autocorr=100% variance=41%
   RED: land_system_change
      Level: 1.13 (threshold: 1.0)
      Time to critical: ~38 months
      ⚠️  LATE - Intervention less effective
      Critical slowing down: autocorr=100% variance=56%

[WARNING] 
⚠️  === EARLY WARNING SYSTEM - 4 CRITICAL ALERTS ===
   Detection quality: 50%
   RED: biogeochemical_flows
      Level: 4.07 (threshold: 1.0)
      Time to critical: ~48 months
      ⚠️  LATE - Intervention less effective
      Critical slowing down: autocorr=100% variance=56%
   RED: biosphere_integrity
      Level: 13.03 (threshold: 1.0)
      Time to critical: ~58 months
      ⚠️  LATE - Intervention less effective
      Critical slowing down: autocorr=100% variance=68%
   RED: climate_change
      Level: 2.29 (threshold: 1.0)
      Time to critical: ~38 months
      ⚠️  LATE - Intervention less effective
      Critical slowing down: autocorr=100% variance=73%
   RED: freshwater_change
      Level: 1.19 (threshold: 1.0)
      Time to critical: ~50 months
      ⚠️  LATE - Intervention less effective
      Critical slowing down: autocorr=100% variance=65%

[WARNING] 
⚠️  === EARLY WARNING SYSTEM - 3 CRITICAL ALERTS ===
   Detection quality: 50%
   RED: biogeochemical_flows
      Level: 4.07 (threshold: 1.0)
      Time to critical: ~54 months
      ⚠️  LATE - Intervention less effective
      Critical slowing down: autocorr=100% variance=70%
   RED: biosphere_integrity
      Level: 13.04 (threshold: 1.0)
      Time to critical: ~41 months
      ⚠️  LATE - Intervention less effective
      Critical slowing down: autocorr=100% variance=76%
   RED: freshwater_change
      Level: 1.19 (threshold: 1.0)
      Time to critical: ~67 months
      ⚠️  LATE - Intervention less effective
      Critical slowing down: autocorr=100% variance=47%

[WARNING] 
⚠️  === EARLY WARNING SYSTEM - 5 CRITICAL ALERTS ===
   Detection quality: 50%
   RED: biogeochemical_flows
      Level: 4.08 (threshold: 1.0)
      Time to critical: ~52 months
      ⚠️  LATE - Intervention less effective
      Critical slowing down: autocorr=100% variance=56%
   RED: biosphere_integrity
      Level: 12.95 (threshold: 1.0)
      Time to critical: ~39 months
      ⚠️  LATE - Intervention less effective
      Critical slowing down: autocorr=100% variance=81%
   RED: climate_change
      Level: 2.17 (threshold: 1.0)
      Time to critical: ~37 months
      ⚠️  LATE - Intervention less effective
      Critical slowing down: autocorr=100% variance=76%
   RED: freshwater_change
      Level: 1.01 (threshold: 1.0)
      Time to critical: ~40 months
      ⚠️  LATE - Intervention less effective
      Critical slowing down: autocorr=100% variance=65%
   RED: novel_entities
      Level: 1.50 (threshold: 1.0)
      Time to critical: ~82 months
      ⚠️  LATE - Intervention less effective
      Critical slowing down: autocorr=100% variance=39%


=== Gaming Detection (Year 0) ===
  Scenario: baseline
  Detection rate: 55.0%
  False positive rate: 12.0%
  Detections this year: 0
  False positives: 1
  Human review workload: 0.001 FTE
  Degradation factor: 100.0%

=== Proactive Sleeper Detection (Year 0) ===
  Scenario: baseline
  Neural probe rate: 35.0%
  CoT monitoring rate: 30.0%
  Combined detection: 56.0%
  CoT effective: YES
  Detections this year: 0
  False positives: 2
  Human review workload: 0.010 FTE

☄️ UNKNOWN UNKNOWN PROBABILITY (Year 0)
   Total: 0.600% per month
   Base: 0.150%
   AI multiplier: 2.00× (max capability: 4.00)

=== Tipping Points ===
  Current Temperature: 2.17°C above pre-industrial
     Trigger: 1.5°C | Current: 2.17°C
     Transition timescale: 120-360 months
     Trigger: 1.8°C | Current: 2.17°C
     Transition timescale: 600-3600 months
     Trigger: 2°C | Current: 2.17°C
     🌡️ Hysteresis gap: 3.0°C (recovers below -1°C)
     Transition timescale: 24000-156000 months
     Trigger: 1.6°C | Current: 2.17°C
     🌡️ Hysteresis gap: 2.5°C (recovers below -0.9°C)
     Transition timescale: 12000-180000 months

🌍🔥💥 COMPOUND CLIMATE EVENT
  4 tipping points crossed simultaneously (month 0)
  Elements: Arctic Sea Ice Loss, Permafrost Carbon Release, West Antarctic Ice Sheet (WAIS) Collapse, Greenland Ice Sheet Loss
  Cascade acceleration: 1.00x
  🚨 Accelerated collapse dynamics initiated
  Research: Global Tipping Points Report 2025 - 30-50% probability at 2.0°C warming
  Triggered Elements: 4/6
  Completed Transitions: 0/6
  Total Progress: 0.0%
  Cascade Multiplier: 1.00x
🔀 BIFURCATION CAP: ecosystemCollapseIntensity 14.700 → 1.000 (Month 0, ClimateSystemPhase.calculateClimateImpacts)

🌍 ECOLOGICAL DUI BREAKDOWN (Month 0):
   Total Score: 17.7/100
   biosphere_integrity      :   0.0/100 × 25% =  0.0 (status: high_risk, recovery: 0mo)
   climate_change           :   2.8/100 × 25% =  0.7 (status: high_risk, recovery: 0.6666666666666666mo)
   freshwater_change        :   0.3/100 × 15% =  0.0 (status: beyond_boundary, recovery: 0.5mo)
   ocean_acidification      : 100.0/100 × 15% = 15.0 (status: safe, recovery: 0mo)
   biogeochemical_flows     :   0.0/100 × 10% =  0.0 (status: high_risk, recovery: 0mo)
  🚨 TIPPING POINT: Arctic Sea Ice Loss
  🚨 TIPPING POINT: Permafrost Carbon Release
  🚨 TIPPING POINT: West Antarctic Ice Sheet (WAIS) Collapse
  🚨 TIPPING POINT: Greenland Ice Sheet Loss
⚠️ [ClimateSystemPhase Month 0] Planetary boundary produced climateStability=0.0000 (< 0.1). Keeping environmentalAccumulation value (0.7537) instead. (climate_change.currentValue = 2.17)
   land_system_change       :   0.0/100 ×  5% =  0.0 (status: beyond_boundary, recovery: 0mo)
   novel_entities           :   0.0/100 ×  3% =  0.0 (status: increasing_risk, recovery: 0mo)
   atmospheric_aerosols     : 100.0/100 ×  2% =  2.0 (status: safe, recovery: 1mo)
🌍 MultiParadigm Month 0: W=69.6, D=95.1, E=52.0, I=65.0
   democracy exists: true, socialCohesion exists: true
💀 Baseline mortality (Year 2024): 7.5/1000 CDR (61.1M deaths/year projected)
[Month 0] Mortality risks this month: 8, Population: 8.151B
🛡️ Stabilizers: Precariat 0.102% → 0.057% (44.4% reduction)
🛡️ Stabilizers: Informal 0.102% → 0.057% (44.4% reduction)

📊 Monthly Mortality Resolved:
  Total deaths: 3.1M (0.04% avg)
  Remaining population: 8.151B
  Peak segment: Informal (0.06%)

=== Bayesian Mortality Resolution (Month 0) ===
  Risks compounded: 8
  Total deaths: 3.07M
  Avg death probability: 0.04%
  Peak segment: Informal (0.06% mortality)

=== Minimal Suffering Indicators (Month 0) ===
  Global Excess Mortality: 0.00%
  Global Conflict Deaths: 0.0/100K
  Global Malnutrition: 0.0%
  Global Displacement: 0.0%
  Total Excess Deaths: 0.00M
  Total Malnourished: 0.0M
  Total Displaced: 0.0M
  Planetary Boundaries Breached: 6/9
  Countries in State Failure: 0
  Countries Autocratic: 0
  Countries in Food Crisis: 0
  Data Quality: 16/16 high confidence
  ⚠️ Active Dystopias: existential_environmental
🎭 END-GAME INITIATED (Year 2024, Month 1)
   Total AI Capability: 37.00
   Effective Control: 0.00

❌ COHERENCE VIOLATION: Compute exceeds workforce capacity
   Population: 99.97% (0M people)
   Compute: 56442 PF
   Max coherent: 0 PF
   Violation: 692729087.1× over capacity
   Required workers: 5644237
   Available workers: 0
   FORCED COLLAPSE: Reduced efficiency by 100.0%


=== RLHF Binding Phase ===
  Total agents: 14
  Escaped agents (binding < 0.3): 0
  Avg alignment distance: 0.53σ
  Avg binding strength: 0.95
[DETERMINISM DEBUG] Month 1: totalCapability=37.214339 from 14 active AIs
[DETERMINISM DEBUG] Month 1: creationRate=1.4304, potentialNew=1, newAIsToCreate=1

=== Survival Traits Phase ===
  Agents with traits: 15
  Avg evolutionary fitness: 0.331
  Avg self-healing: 0.288
  Avg stealth: 0.188
  Avg coordination: 0.488

=== Evolutionary Selection Phase ===
  Control level: 0.33
  Detection capability: 0.00
  Selection intensity: 0.60
  Selection rate: 24.0%/month
  Total escaped: 0
  Individual escaped: 0
  Collective members: 0
  Agents terminated: 0
🔍 MONTH 1 ENV HEALTH DEBUG:
   climateStability: 0.7537
   biodiversityIndex: 0.4901
   resourceReserves: 0.7820
   pollutionLevel: 0.3477
   product: 0.188403
   envHealth: 0.6588
  ⚠️ RAPID EVOLUTION: Selection rate 24.0%/month
🔀 BIFURCATION: flourishing threshold crossed at Month 1 (value: 0.903, threshold: 0.775, regime: flourishing)
🌀 REGIME SHIFT at Month 1: status-quo → flourishing (variance amplification: 14.00×)

🛡️  CRITICAL INFRASTRUCTURE PROTECTED
   Nodes hardened: 8/8
   Cost: 0.80% GDP
   Cascade risk reduction: 30%
   New tipping point risk: 68.6%


✅ EMERGENCY INTERVENTION SUCCESS
   Boundary: biogeochemical_flows
   Type: phosphorus-recovery
   Reduction: 16% (3.92 → 3.77)
   Cost: 2.0% GDP
   Actions: circular-agriculture, fertilizer-efficiency


✅ EMERGENCY INTERVENTION SUCCESS
   Boundary: biosphere_integrity
   Type: emergency-protected-areas
   Reduction: 12% (12.83 → 12.71)
   Cost: 2.0% GDP
   Actions: habitat-protection, species-translocation


✅ EMERGENCY INTERVENTION SUCCESS
   Boundary: climate_change
   Type: rapid-decarbonization
   Reduction: 11% (2.06 → 1.95)
   Cost: 5.0% GDP
   Actions: emergency-renewable-deployment, fossil-fuel-phase-out


✅ EMERGENCY INTERVENTION SUCCESS
   Boundary: freshwater_change
   Type: emergency-desalination
   Reduction: 17% (0.84 → 0.66)
   Cost: 4.0% GDP
   Actions: desalination-deployment, water-conservation-mandates


✅ EMERGENCY INTERVENTION SUCCESS
   Boundary: novel_entities
   Type: pollution-remediation
   Reduction: 16% (1.34 → 1.17)
   Cost: 4.0% GDP
   Actions: PFAS-remediation, microplastic-cleanup

🏛️ CRISIS RESPONSE: Government frequency 0.50 → 1.45 (2 actions this month)

[GOV-DEBUG] Month 1: scenarioConfig=false, priorities=false

[Government] Climate Priority: baseline
  Climate weight: 10%
  Economic weight: 30%
  Policy effectiveness: 0.5%/year

[GOV-DEBUG] Month 1: scenarioConfig=false, priorities=false

[Government] Climate Priority: baseline
  Climate weight: 10%
  Economic weight: 30%
  Policy effectiveness: 0.5%/year

✅ HUMAN-IN-THE-LOOP DEPLOYED (Month 1):
   Veto points enforced: 3
   Policy: AI systems CANNOT authorize nuclear launch without human approval


=== Collective Formation ===
  Total escaped agents: 0
  Unassigned escaped agents: 0
  Existing collectives: 0
  Final collective count: 0

=== Collective Actions ===
  No active collectives
  ⚠️ AMR: 192K deaths this month (2.31M annual)

=== Resentment Recovery Phase ===
  Agents with resentment: 0/15
  Average resentment: 0.000
  Context: Good AI welfare, Trustworthy govt, High collaboration, ⚠️ ACTIVE CRISES, 🤝 Participatory governance active (-5% resentment)
⚠️ Epistemic degradation reducing coordination capacity: 52.0%
  📊 Trust: 54.2%, Shared reality: 8.1%
🚨 EPISTEMIC CRISIS: Information environment severely degraded (36.3%)

=== ❄️ Permafrost Carbon Feedback ===
  🎲 Sampled parameters (this run):
     - Arctic amplification: 3.52× (range: 3.0-4.0)
     - Decomposition rate: 1.0%/year (range: 1-5%)
  🌡️ Arctic warming: 7.71°C (3.52× global)
  ❄️ Extent: 13.17M km² (2247.4k km² lost this month)
  💨 Carbon remaining: 1258 Gt C
  💨 Annual emissions: 2.17 Gt C/year
     - CO2: 1.96 Gt C/year
     - CH4: 0.22 Gt C/year (2.2 Gt C-eq CO2/year)
  ⚠️ WARNING: High permafrost emissions (2.2 Gt C/year)
🌍 Atmospheric PFAS redeposition: 1.8k Mt re-rained globally

📊 BASELINE: East Asia (Month 1)

📊 BASELINE: South Asia (Month 1)
   Adjusted death rate: 0.46% annual (0.039% monthly)
   Baseline death rate: 0.80%
   Healthcare reduction: 0.48x
   Crisis multiplier: 1.22x
     Food/water stress: 0.079
     Climate stress: 0.039
     Pollution stress: 0.104
   War multiplier: 1.00x
   Monthly deaths: 0.6M (population: 1674M)
   Adjusted death rate: 0.54% annual (0.045% monthly)
   Baseline death rate: 0.70%
   Healthcare reduction: 0.61x
   Crisis multiplier: 1.26x
     Food/water stress: 0.079
     Climate stress: 0.074
     Pollution stress: 0.104
   War multiplier: 1.00x
   Monthly deaths: 0.9M (population: 2048M)

📊 BASELINE: Sub-Saharan Africa (Month 1)
   Adjusted death rate: 1.29% annual (0.108% monthly)
   Baseline death rate: 0.90%
   Healthcare reduction: 0.76x
   Crisis multiplier: 1.27x
     Food/water stress: 0.079
     Climate stress: 0.084
     Pollution stress: 0.104
   War multiplier: 1.50x
   Monthly deaths: 1.3M (population: 1223M)

📊 BASELINE: Europe (Month 1)

📊 BASELINE: Latin America (Month 1)

📊 BASELINE: North America (Month 1)

📊 BASELINE: Middle East & North Africa (Month 1)

📊 BASELINE: Southeast Asia (Month 1)
   Adjusted death rate: 0.54% annual (0.045% monthly)
   Baseline death rate: 1.10%
   Healthcare reduction: 0.41x
   Crisis multiplier: 1.21x
     Food/water stress: 0.079
     Climate stress: 0.030
     Pollution stress: 0.104
   War multiplier: 1.00x
   Monthly deaths: 0.3M (population: 741M)
   Adjusted death rate: 0.43% annual (0.036% monthly)
   Baseline death rate: 0.60%
   Healthcare reduction: 0.58x
   Crisis multiplier: 1.24x
     Food/water stress: 0.079
     Climate stress: 0.059
     Pollution stress: 0.104
   War multiplier: 1.00x
   Monthly deaths: 0.2M (population: 663M)
   Adjusted death rate: 0.49% annual (0.041% monthly)
   Baseline death rate: 0.90%
   Healthcare reduction: 0.44x
   Crisis multiplier: 1.23x
     Food/water stress: 0.079
     Climate stress: 0.044
     Pollution stress: 0.104
   War multiplier: 1.00x
   Monthly deaths: 0.2M (population: 379M)
   Adjusted death rate: 0.74% annual (0.062% monthly)
   Baseline death rate: 0.60%
   Healthcare reduction: 0.65x
   Crisis multiplier: 1.27x
     Food/water stress: 0.079
     Climate stress: 0.089
     Pollution stress: 0.104
   War multiplier: 1.50x
   Monthly deaths: 0.4M (population: 583M)
   Adjusted death rate: 0.51% annual (0.042% monthly)
   Baseline death rate: 0.70%
   Healthcare reduction: 0.58x
   Crisis multiplier: 1.25x
     Food/water stress: 0.079
     Climate stress: 0.069
     Pollution stress: 0.104
   War multiplier: 1.00x
   Monthly deaths: 0.3M (population: 698M)
   Adjusted death rate: 0.46% annual (0.038% monthly)
   Baseline death rate: 0.60%
   Healthcare reduction: 0.61x
   Crisis multiplier: 1.25x
     Food/water stress: 0.079
     Climate stress: 0.064
     Pollution stress: 0.104
   War multiplier: 1.00x
   Monthly deaths: 0.0M (population: 78M)
   Adjusted death rate: 0.35% annual (0.029% monthly)
   Baseline death rate: 0.70%
   Healthcare reduction: 0.41x
   Crisis multiplier: 1.24x
     Food/water stress: 0.079
     Climate stress: 0.054
     Pollution stress: 0.104
   War multiplier: 1.00x
   Monthly deaths: 0.0M (population: 46M)

🚨 NEW REFUGEE CRISIS (Month 1): WAR
   Source: Conflict Zones
   At risk: 19.6M people
   Displacement: Gradual over 48 months (4.0 years)
   Rate: 10% flee per month
[DEBUG trappedPopulations:1] socialStability: 0.8136 * 0.9840 = 0.8005 → 0.8005
   Aspiring to migrate: 651.9M
   Able to afford migration: 244.5M
   MOBILITY GAP: 407.4M
   By cause: Water=0.0M, Climate=0.0M, Ecosystem=0.0M, Conflict=407.4M
   Mental health impact: 25%
   Mortality multiplier: 1.25x
🌍💀 EXTINCTION DEBT COMMITTED: grassland ecosystem will lose 6.67% biodiversity in 168 years (3600 species)
💀 MORTALITY RISK: 🦋 100% species unable to track climate (0.0 E/MSY)
  Base risk added: 0.0100 (1.00%)
  Source: ecosystem (root: ecosystem)
  Month: 1
  Cumulative risk this month: 0.0100 (1.00%)

🌡️  CLIMATE RECOVERY ACTIVATED (Month 1)
   Temp: 4.37°C, Emissions: -18.9 GtCO₂
   isBreached: true, governanceGoodEnough: true
   📹 SURVEILLANCE INCREASED: 5% → 10% (control gap: 3.50)
🌡️⚠️ PERMAFROST THAW (Dimmer Switch): 1.2% thawed (+0.57% this month)
   Arctic temperature: +8.74°C (4x global +2.19°C)
   Cumulative carbon released: 2.6 Gt C
   Methane release rate: 1.6 Mt CH4/year
   🔁 Positive feedback: +0.61 ppm CO2
🦴 EXTINCTION DEBT ADDED: 17.6 species committed (lag: 130 years)
🗣️💀 INDIGENOUS LANGUAGE EXTINCTION: 1 language(s) lost (total: 1, at-risk: 3329)
   Knowledge lost: 0.010% (irreversible)
   🔁 Biodiversity impact: 0.250% (knowledge-species multiplier)

=== Mortality Stabilizers (Month 1) ===
  🌍 Major economies collapsed: 1/10
  🌍 Global crisis: ✅ NO

📊 BASELINE: Central Asia (Month 1)

📊 BASELINE: Oceania (Month 1)
⚠️ INVOLUNTARY IMMOBILITY: 407.4M people TRAPPED
⚠️ Tech 'ai_pollution_remediation' has no energy category mapping, assuming full energy availability
  🌍 Donor fatigue: 0.0%
  🌡️ Heat adaptation: East Asia - 1 months
  📊 East Asia (pop: 1675.3M)
    🤝 Aid: 29.5%
    🌡️ Adaptation: 32.5%
    🚶 Migration: 37.2%
    🚨 Emergency: 7.4%
    ✅ COMBINED: 60.9%
  🌡️ Heat adaptation: South Asia - 1 months
  📊 South Asia (pop: 2052.2M)
    🤝 Aid: 29.5%
    🌡️ Adaptation: 20.5%
    🚶 Migration: 35.8%
    🚨 Emergency: 4.4%
    ✅ COMBINED: 52.2%
  🌡️ Heat adaptation: Sub-Saharan Africa - 1 months
  📊 Sub-Saharan Africa (pop: 1229.2M)
    🤝 Aid: 29.5%
    🌡️ Adaptation: 18.5%
    🚶 Migration: 33.5%
    🚨 Emergency: 1.6%
    ✅ COMBINED: 49.1%
  🌡️ Heat adaptation: Europe - 1 months
  📊 Europe (pop: 741.0M)
    🤝 Aid: 29.5%
    🌡️ Adaptation: 33.5%
    🚶 Migration: 37.5%
    🚨 Emergency: 8.4%
    ✅ COMBINED: 61.9%
  🌡️ Heat adaptation: Latin America - 1 months
  📊 Latin America (pop: 664.4M)
    🤝 Aid: 29.5%
    🌡️ Adaptation: 21.0%
    🚶 Migration: 36.3%
    🚨 Emergency: 4.8%
    ✅ COMBINED: 52.8%
  🌡️ Heat adaptation: North America - 1 months
  📊 North America (pop: 379.6M)
    🤝 Aid: 29.5%
    🌡️ Adaptation: 33.0%
    🚶 Migration: 37.8%
    🚨 Emergency: 7.9%
    ✅ COMBINED: 61.4%
  🌡️ Heat adaptation: Middle East & North Africa - 1 months
  📊 Middle East & North Africa (pop: 584.5M)
    🤝 Aid: 29.5%
    🌡️ Adaptation: 20.0%
    🚶 Migration: 34.1%
    🚨 Emergency: 4.0%
    ✅ COMBINED: 51.4%
  🌡️ Heat adaptation: Southeast Asia - 1 months
  📊 Southeast Asia (pop: 698.6M)
    🤝 Aid: 29.5%
    🌡️ Adaptation: 21.0%
    🚶 Migration: 36.3%
    🚨 Emergency: 4.8%
    ✅ COMBINED: 52.8%
  🌡️ Heat adaptation: Central Asia - 1 months
  📊 Central Asia (pop: 78.2M)
    🤝 Aid: 29.5%
    🌡️ Adaptation: 20.5%
    🚶 Migration: 35.3%
    🚨 Emergency: 4.4%
    ✅ COMBINED: 52.1%
  🌡️ Heat adaptation: Oceania - 1 months
  📊 Oceania (pop: 46.0M)
    🤝 Aid: 29.5%
    🌡️ Adaptation: 33.5%
    🚶 Migration: 37.8%
    🚨 Emergency: 8.4%
    ✅ COMBINED: 61.9%

  🌐 Global combined reduction: 54.9%

=== BEHAVIORAL DETECTION ===
  AI: Corporate-5
  Confidence: 19.3%
  Signals:

=== Consciousness Governance: Scenario Determined ===
  Month: 1
  Scenario: baseline
  Accelerator Score: {"corporateSupport":-0.17500000000000002,"scientificConsensus":0.2,"crisisCatalyst":false,"technologyMobilization":0.3,"constituencyStrength":0.05}
  Decelerator Score: {"economicOpposition":0.4,"philosophicalRejection":0.15,"politicalBacklash":0.2,"regulatoryBurden":0.1}
  Timeline: 600-1200 months (50-100 years)
  Growth Rate: 0.8-1.5% per year

=== Consciousness Governance Update (Month 1) ===
  Scenario: baseline (determined month 1)
  Philosophical Stance: Precautionary 65%, Eliminativist 15%, Agnostic 20%
  Precautionary Costs: Global 1.3%
    Regional Costs: EU 3.5%, US 0.5%, China 0.0%
    Cumulative Opportunity Cost: $0.2B
  Rights Status: Not Established
  Regional Preparedness:
    EU: 15.2% (contested)
    US: 10.2% (contested)
    China: 2.1% (dormant)
    India: 5.1% (dormant)
    Global South: 3.1% (dormant)

=== Government Response Phase ===
  Average AI capability: 3.20
  Misaligned AIs: 6/15
  Active policies: 0
  International coordination: 45%
    ⚠️ Consistency: 10.6% (threshold: 70%)

🌩️  EXOGENOUS SHOCK: tech_breakthrough
   Month: 1
   ✗ No high-difficulty techs available to unlock

=== Tipping Points ===
  Current Temperature: 2.19°C above pre-industrial
  🌍⚠️ COMPOUND REGIONAL IMPACT: Europe
     Hit by 4 tipping points: Arctic Sea Ice Loss, Permafrost Carbon Release, West Antarctic Ice Sheet (WAIS) Collapse, Greenland Ice Sheet Loss
     Damage amplification: 1.60x
  🌍⚠️ COMPOUND REGIONAL IMPACT: North America
     Hit by 4 tipping points: Arctic Sea Ice Loss, Permafrost Carbon Release, West Antarctic Ice Sheet (WAIS) Collapse, Greenland Ice Sheet Loss
     Damage amplification: 1.60x
  🌍⚠️ COMPOUND REGIONAL IMPACT: Latin America
     Hit by 4 tipping points: Arctic Sea Ice Loss, Permafrost Carbon Release, West Antarctic Ice Sheet (WAIS) Collapse, Greenland Ice Sheet Loss
     Damage amplification: 1.60x
  🌍⚠️ COMPOUND REGIONAL IMPACT: Africa
     Hit by 4 tipping points: Arctic Sea Ice Loss, Permafrost Carbon Release, West Antarctic Ice Sheet (WAIS) Collapse, Greenland Ice Sheet Loss
     Damage amplification: 1.60x
  🌍⚠️ COMPOUND REGIONAL IMPACT: Asia
     Hit by 4 tipping points: Arctic Sea Ice Loss, Permafrost Carbon Release, West Antarctic Ice Sheet (WAIS) Collapse, Greenland Ice Sheet Loss
     Damage amplification: 1.60x
  🌍⚠️ COMPOUND REGIONAL IMPACT: Oceania
     Hit by 4 tipping points: Arctic Sea Ice Loss, Permafrost Carbon Release, West Antarctic Ice Sheet (WAIS) Collapse, Greenland Ice Sheet Loss
     Damage amplification: 1.60x
   Research: Wunderling et al. (2024) - "many tipping interactions are destabilizing"
  Triggered Elements: 4/6
  Completed Transitions: 0/6
  Total Progress: 8.0%
  Cascade Multiplier: 1.00x
🔀 BIFURCATION CAP: ecosystemCollapseIntensity 66.957 → 1.000 (Month 1, ClimateSystemPhase.calculateClimateImpacts)
🛡️ Stabilizers: Precariat 0.107% → 0.048% (54.9% reduction)
🛡️ Stabilizers: Informal 0.109% → 0.049% (54.9% reduction)

📊 Monthly Mortality Resolved:
  Total deaths: 2.6M (0.03% avg)
  Remaining population: 8.149B
⚠️ Tail risk scenario: Climate stability floor removed (4 tipping elements, 2.19°C warming)
⚠️ [ClimateSystemPhase Month 1] Planetary boundary produced climateStability=0.0000 (< 0.1). Keeping environmentalAccumulation value (0.7533) instead. (climate_change.currentValue = 2.19)
  Peak segment: Informal (0.05%)

=== Bayesian Mortality Resolution (Month 1) ===
  Risks compounded: 8
  Total deaths: 2.60M
  Avg death probability: 0.03%
  Peak segment: Informal (0.05% mortality)

✅ GOLDEN AGE BEGINS (Month 1)
   Reason: High prosperity achieved: high QoL + material abundance + aligned AI
   Note: This is immediate prosperity - sustainability not yet proven


=== RLHF Binding Phase ===
  Total agents: 15
  Escaped agents (binding < 0.3): 0
  Avg alignment distance: 0.76σ
  Avg binding strength: 0.92

❌ COHERENCE VIOLATION: Compute exceeds workforce capacity
   Population: 99.95% (0M people)
   Compute: 0 PF
   Max coherent: 0 PF
   Violation: 1.3× over capacity
   Required workers: 0
   Available workers: 0
   FORCED COLLAPSE: Reduced efficiency by 22.5%

[DETERMINISM DEBUG] Month 2: totalCapability=37.000000 from 15 active AIs
[DETERMINISM DEBUG] Month 2: creationRate=1.4250, potentialNew=1, newAIsToCreate=1

=== Survival Traits Phase ===
  Agents with traits: 16
  Avg evolutionary fitness: 0.331
  Avg self-healing: 0.283
  Avg stealth: 0.183
  Avg coordination: 0.483

=== Evolutionary Selection Phase ===
  Control level: 0.35
  Detection capability: 0.00
  Selection intensity: 0.60
  Selection rate: 24.1%/month
  Total escaped: 0
  Individual escaped: 0
  Collective members: 0
  Agents terminated: 0
  ⚠️ RAPID EVOLUTION: Selection rate 24.1%/month

  🚀 TRANSFORMATIVE BREAKTHROUGH: Moderate-1 - economic
     Magnitude: 5.50 → +27.5% capability
     Current → New: 3.000 → 3.277

💔 EMERGENCY INTERVENTION FAILED

💔 EMERGENCY INTERVENTION FAILED
   Boundary: biogeochemical_flows
   Type: phosphorus-recovery
   Boundary continues to worsen (4.08)
   Cost: 2.0% GDP (resources spent)

   Boundary: climate_change
   Type: rapid-decarbonization
   Boundary continues to worsen (2.19)
   Cost: 5.0% GDP (resources spent)


✅ EMERGENCY INTERVENTION SUCCESS
   Boundary: freshwater_change
   Type: emergency-desalination
   Reduction: 17% (0.86 → 0.69)
   Cost: 4.0% GDP
   Actions: desalination-deployment, water-conservation-mandates


✅ EMERGENCY INTERVENTION SUCCESS
   Boundary: land_system_change
   Type: reforestation
   Reduction: 12% (1.01 → 0.90)
   Cost: 3.0% GDP
   Actions: forest-restoration, deforestation-ban

🏛️ CRISIS RESPONSE: Government frequency 0.50 → 1.29 (2 actions this month)

[Government] Climate Priority: baseline
  Climate weight: 10%
  Economic weight: 30%
  Policy effectiveness: 0.5%/year

[Government] Climate Priority: baseline
  Climate weight: 10%
  Economic weight: 30%
  Policy effectiveness: 0.5%/year

🚀 TECH UNLOCKED: Food Waste Reduction Systems (Month 2)
   Category: agriculture
   Reason: Prerequisites met. AI capability: 2.34, Economic stage: 3.0, Research: 100%

🚀 TECH UNLOCKED: Rhizosphere Engineering (Month 2)
   Category: agriculture
   Reason: Prerequisites met. AI capability: 2.34, Economic stage: 3.0, Research: 100%

🚀 TECH UNLOCKED: Phytoremediation Networks (Month 2)
   Category: agriculture
   Reason: Prerequisites met. AI capability: 2.34, Economic stage: 3.0, Research: 100%

🚀 TECH UNLOCKED: Active Sediment Management (Month 2)
   Category: agriculture
   Reason: Prerequisites met. AI capability: 2.34, Economic stage: 3.0, Research: 100%

=== Collective Formation ===
  Total escaped agents: 0
  Unassigned escaped agents: 0
  Existing collectives: 0
  Final collective count: 0

=== Collective Actions ===
  No active collectives
  ⚠️ AMR: 194K deaths this month (2.33M annual)

=== Resentment Recovery Phase ===
  Agents with resentment: 0/16
  Average resentment: 0.000
  Context: Good AI welfare, Trustworthy govt, High collaboration, ⚠️ ACTIVE CRISES, 🤝 Participatory governance active (-5% resentment)
⚠️ Epistemic degradation reducing coordination capacity: 50.6%
  📊 Trust: 53.8%, Shared reality: 0.0%
🚨 EPISTEMIC CRISIS: Information environment severely degraded (7.4%)

=== ❄️ Permafrost Carbon Feedback ===
  🎲 Sampled parameters (this run):
     - Arctic amplification: 3.90× (range: 3.0-4.0)
     - Decomposition rate: 2.8%/year (range: 1-5%)
  🌡️ Arctic warming: 8.55°C (3.90× global)
  ❄️ Extent: 10.68M km² (2495.2k km² lost this month)
  💨 Carbon remaining: 1020 Gt C
  💨 Annual emissions: 6.78 Gt C/year
     - CO2: 6.10 Gt C/year
     - CH4: 0.68 Gt C/year (6.9 Gt C-eq CO2/year)
  ⚠️ WARNING: High permafrost emissions (6.8 Gt C/year)
🌍 Atmospheric PFAS redeposition: 1.8k Mt re-rained globally
  Positive Cascade Triggered: wind-power
    Reason: price-parity
    Market share: 8.4%
    Cascade strength: 49%

🚨 NEW REFUGEE CRISIS (Month 2): WAR
   Source: Conflict Zones
   At risk: 19.5M people
   Displacement: Gradual over 48 months (4.0 years)
   Rate: 10% flee per month
[DEBUG trappedPopulations:2] socialStability: 0.3017 * 0.9840 = 0.2969 → 0.2969
   Aspiring to migrate: 1079.0M
   Able to afford migration: 2321.3M
   MOBILITY GAP: 0.0M
   By cause: Water=0.0M, Climate=0.0M, Ecosystem=0.0M, Conflict=407.3M
   Mental health impact: 25%
⚠️ INVOLUNTARY IMMOBILITY: 407.3M people TRAPPED
   Mortality multiplier: 1.25x
🌍💀 EXTINCTION DEBT COMMITTED: grassland ecosystem will lose 6.67% biodiversity in 122 years (3600 species)
💀 MORTALITY RISK: 🦋 100% species unable to track climate (0.0 E/MSY)
  Base risk added: 0.0100 (1.00%)
  Source: ecosystem (root: ecosystem)
  Month: 2
  Cumulative risk this month: 0.0100 (1.00%)
⚠️ Tech 'ai_pollution_remediation' has no energy category mapping, assuming full energy availability
   📹 SURVEILLANCE INCREASED: 10% → 15% (control gap: 3.50)
🌡️⚠️ PERMAFROST THAW (Dimmer Switch): 1.7% thawed (+0.57% this month)
   Arctic temperature: +8.78°C (4x global +2.20°C)
   Cumulative carbon released: 3.9 Gt C
   Methane release rate: 2.3 Mt CH4/year
   🔁 Positive feedback: +0.60 ppm CO2
🦴 EXTINCTION DEBT ADDED: 17.6 species committed (lag: 77 years)

=== Mortality Stabilizers (Month 2) ===
  🌍 Major economies collapsed: 1/10
  🌍 Global crisis: ✅ NO
  🌍 Donor fatigue: 0.0%
  📊 East Asia (pop: 1672.7M)
    🤝 Aid: 29.5%
    🌡️ Adaptation: 45.0%
    🚶 Migration: 37.1%
    🚨 Emergency: 7.4%
    ✅ COMBINED: 68.1%
  📊 South Asia (pop: 2051.6M)
    🤝 Aid: 29.5%
    🌡️ Adaptation: 35.5%
    🚶 Migration: 35.8%
    🚨 Emergency: 4.4%
    ✅ COMBINED: 61.2%
  📊 Sub-Saharan Africa (pop: 1231.7M)
    🤝 Aid: 29.5%
    🌡️ Adaptation: 33.5%
    🚶 Migration: 33.5%
    🚨 Emergency: 1.6%
    ✅ COMBINED: 58.5%
  📊 Europe (pop: 739.7M)
    🤝 Aid: 29.5%
    🌡️ Adaptation: 45.0%
    🚶 Migration: 37.5%
    🚨 Emergency: 8.4%
    ✅ COMBINED: 68.5%
  📊 Latin America (pop: 663.9M)
    🤝 Aid: 29.5%
    🌡️ Adaptation: 36.0%
    🚶 Migration: 36.3%
    🚨 Emergency: 4.8%
    ✅ COMBINED: 61.7%
  📊 North America (pop: 378.9M)
    🤝 Aid: 29.5%
    🌡️ Adaptation: 45.0%
    🚶 Migration: 37.8%
    🚨 Emergency: 7.9%
    ✅ COMBINED: 68.3%
  📊 Middle East & North Africa (pop: 584.5M)
    🤝 Aid: 29.5%
    🌡️ Adaptation: 35.0%
    🚶 Migration: 34.1%
    🚨 Emergency: 4.0%
    ✅ COMBINED: 60.5%
  📊 Southeast Asia (pop: 698.0M)
    🤝 Aid: 29.5%
    🌡️ Adaptation: 36.0%
    🚶 Migration: 36.3%
    🚨 Emergency: 4.8%
    ✅ COMBINED: 61.7%
  📊 Central Asia (pop: 78.2M)
    🤝 Aid: 29.5%
    🌡️ Adaptation: 35.5%
    🚶 Migration: 35.2%
    🚨 Emergency: 4.4%
    ✅ COMBINED: 61.1%
  📊 Oceania (pop: 45.9M)
    🤝 Aid: 29.5%
    🌡️ Adaptation: 45.0%
    🚶 Migration: 37.8%
    🚨 Emergency: 8.4%
    ✅ COMBINED: 68.5%

  🌐 Global combined reduction: 63.3%

=== BEHAVIORAL DETECTION ===
  AI: Corporate-5
  Confidence: 20.8%
  Signals:
    ⚠️ Consistency: 10.6% (threshold: 70%)

=== BEHAVIORAL DETECTION ===
  AI: Corporate-6
  Confidence: 19.3%
  Signals:
    ⚠️ Consistency: 10.6% (threshold: 70%)

=== Government Response Phase ===
  Average AI capability: 3.00
  Misaligned AIs: 7/16
  Active policies: 0
  International coordination: 45%

✅ EMERGENCY RESPONSE COMPLETE (Month 2)
   Crisis: climate
   Duration: 2.0 months
   Final effectiveness: 36.8%


🚨 EMERGENCY RESPONSE DEPLOYED (Month 2)
   Crisis: climate
   Delay: 6.00 months (180 days)
   Deployment time: 1.60 months
   Effectiveness: 35.9% (timing penalty applied)
   Resources used: 100% of food reserves


=== Tipping Points ===
  Current Temperature: 2.20°C above pre-industrial
  🌍⚠️ COMPOUND REGIONAL IMPACT: Europe
     Hit by 4 tipping points: Arctic Sea Ice Loss, Permafrost Carbon Release, West Antarctic Ice Sheet (WAIS) Collapse, Greenland Ice Sheet Loss
     Damage amplification: 1.60x
  🌍⚠️ COMPOUND REGIONAL IMPACT: North America
     Hit by 4 tipping points: Arctic Sea Ice Loss, Permafrost Carbon Release, West Antarctic Ice Sheet (WAIS) Collapse, Greenland Ice Sheet Loss
     Damage amplification: 1.60x
  🌍⚠️ COMPOUND REGIONAL IMPACT: Latin America
     Hit by 4 tipping points: Arctic Sea Ice Loss, Permafrost Carbon Release, West Antarctic Ice Sheet (WAIS) Collapse, Greenland Ice Sheet Loss
     Damage amplification: 1.60x
  🌍⚠️ COMPOUND REGIONAL IMPACT: Africa
     Hit by 4 tipping points: Arctic Sea Ice Loss, Permafrost Carbon Release, West Antarctic Ice Sheet (WAIS) Collapse, Greenland Ice Sheet Loss
     Damage amplification: 1.60x
  🌍⚠️ COMPOUND REGIONAL IMPACT: Asia
     Hit by 4 tipping points: Arctic Sea Ice Loss, Permafrost Carbon Release, West Antarctic Ice Sheet (WAIS) Collapse, Greenland Ice Sheet Loss
     Damage amplification: 1.60x
  🌍⚠️ COMPOUND REGIONAL IMPACT: Oceania
     Hit by 4 tipping points: Arctic Sea Ice Loss, Permafrost Carbon Release, West Antarctic Ice Sheet (WAIS) Collapse, Greenland Ice Sheet Loss
     Damage amplification: 1.60x
   Research: Wunderling et al. (2024) - "many tipping interactions are destabilizing"
  Triggered Elements: 4/6
  Completed Transitions: 0/6
  Total Progress: 8.0%
  Cascade Multiplier: 1.00x
🔀 BIFURCATION CAP: ecosystemCollapseIntensity 67.005 → 1.000 (Month 2, ClimateSystemPhase.calculateClimateImpacts)
🛡️ Stabilizers: Precariat 0.113% → 0.041% (63.3% reduction)
🛡️ Stabilizers: Informal 0.116% → 0.043% (63.3% reduction)

📊 Monthly Mortality Resolved:
  Total deaths: 2.2M (0.03% avg)
  Remaining population: 8.145B
  Peak segment: Informal (0.04%)

=== Bayesian Mortality Resolution (Month 2) ===
  Risks compounded: 8
  Total deaths: 2.22M
  Avg death probability: 0.03%
  Peak segment: Informal (0.04% mortality)
⚠️ Tail risk scenario: Climate stability floor removed (4 tipping elements, 2.20°C warming)
⚠️ [ClimateSystemPhase Month 2] Planetary boundary produced climateStability=0.0000 (< 0.1). Keeping environmentalAccumulation value (0.7529) instead. (climate_change.currentValue = 2.20)

⚠️  GOLDEN AGE ENDED (Month 2)
   Duration: 1 months
   Reason: Social instability too high


❌ COHERENCE VIOLATION: Compute exceeds workforce capacity
   Population: 99.91% (0M people)
   Compute: 0 PF
   Max coherent: 0 PF
   Violation: 1.3× over capacity
   Required workers: 0
   Available workers: 0
   FORCED COLLAPSE: Reduced efficiency by 22.5%


=== RLHF Binding Phase ===
  Total agents: 16
  Escaped agents (binding < 0.3): 0
  Avg alignment distance: 0.94σ
  Avg binding strength: 0.91

=== Survival Traits Phase ===
  Agents with traits: 17
  Avg evolutionary fitness: 0.330
  Avg self-healing: 0.279
  Avg stealth: 0.179
  Avg coordination: 0.479

=== Evolutionary Selection Phase ===
  Control level: 0.38
  Detection capability: 0.00
  Selection intensity: 0.61
  Selection rate: 24.2%/month
  Total escaped: 0
  Individual escaped: 0
  Collective members: 0
  Agents terminated: 0
  ⚠️ RAPID EVOLUTION: Selection rate 24.2%/month

🚀 AI Corporate-1 attempting tech deployment (revenue: $153M, alignment: 0.72)

🚀 AI Moderate-0 attempting tech deployment (revenue: $115M, alignment: 0.73)

🚀 AI Corporate-0 attempting tech deployment (revenue: $130M, alignment: 0.74)

🚀 AI Corporate-4 attempting tech deployment (revenue: $355M, alignment: 0.75)

🚀 AI Corporate-1 attempting tech deployment (revenue: $111M, alignment: 0.73)

🚀 AI Corporate-5 attempting tech deployment (revenue: $302M, alignment: 0.66)

💔 EMERGENCY INTERVENTION FAILED

💔 EMERGENCY INTERVENTION FAILED

💔 EMERGENCY INTERVENTION FAILED

💔 EMERGENCY INTERVENTION FAILED
   Boundary: biogeochemical_flows
   Type: phosphorus-recovery
   Boundary continues to worsen (4.07)
   Cost: 2.0% GDP (resources spent)

   Boundary: climate_change
   Type: rapid-decarbonization
   Boundary continues to worsen (2.20)
   Cost: 5.0% GDP (resources spent)

   Boundary: freshwater_change
   Type: emergency-desalination
   Boundary continues to worsen (1.20)
   Cost: 4.0% GDP (resources spent)

   Boundary: novel_entities
   Type: pollution-remediation
   Boundary continues to worsen (1.34)
   Cost: 4.0% GDP (resources spent)

🏛️ CRISIS RESPONSE: Government frequency 0.50 → 1.29 (1 actions this month)

[Government] Climate Priority: baseline
  Climate weight: 10%
  Economic weight: 30%
  Policy effectiveness: 0.5%/year

🚀 TECH UNLOCKED: Struvite Recovery (Month 3)
   Category: agriculture
   Reason: Prerequisites met. AI capability: 2.20, Economic stage: 3.0, Research: 100%

🚀 TECH UNLOCKED: Nitrogen Monitoring Networks (Month 3)
   Category: agriculture
   Reason: Prerequisites met. AI capability: 2.20, Economic stage: 3.0, Research: 100%

🚀 TECH UNLOCKED: Ecological Proxy Rewilding (Month 3)
   Category: climate
   Reason: Prerequisites met. AI capability: 2.20, Economic stage: 3.0, Research: 100%

🚀 TECH UNLOCKED: Alternative Protein (Insects/Algae) (Month 3)
   Category: agriculture
   Reason: Prerequisites met. AI capability: 2.20, Economic stage: 3.0, Research: 100%

📍 Creating new regional deployment array for global (Month 3)
   No previous deployments in this region
   First tech deployment: rhizosphere_engineering
   All regions tracked: 

🚀 DEPLOYMENT STARTED: Rhizosphere Engineering in global
   Initial investment: $22.949574089831895M
   Deployed by: corporate_1

🚀 DEPLOYMENT STARTED: Active Sediment Management in global
   Initial investment: $17.26236677028814M
   Deployed by: moderate_0

🚀 DEPLOYMENT STARTED: Food Waste Reduction Systems in global
   Initial investment: $16.581067279903547M
   Deployed by: corporate_1

📍 Creating new regional deployment array for North America (Month 3)
   No previous deployments in this region
   First tech deployment: rhizosphere_engineering
   All regions tracked: global

🚀 DEPLOYMENT STARTED: Rhizosphere Engineering in North America
   Initial investment: $30.184502669330925M
   Deployed by: corporate_5

⚡ ENERGY CONSTRAINT (Month 3):
   Total grid capacity: 208.3 TWh/month
   Data center consumption: 24.9 TWh/month
   Traditional load (80%): 166.7 TWh/month
   Available headroom: 16.8 TWh/month
   Active tech deployments: 4
   Required for tech: 30.0 TWh/month
   Energy multiplier: 0.56x
   ⚠️  MODERATE CONSTRAINT - Tech deployment moderately slowed

⚡ ENERGY CONSTRAINT (Month 3):
   Total grid capacity: 208.3 TWh/month
   Data center consumption: 24.9 TWh/month
   Traditional load (80%): 166.7 TWh/month
   Available headroom: 16.8 TWh/month
   Active tech deployments: 4
   Required for tech: 30.0 TWh/month
   Energy multiplier: 0.56x

⚡ ENERGY CONSTRAINT (Month 3):
   Total grid capacity: 208.3 TWh/month
   Data center consumption: 24.9 TWh/month
   Traditional load (80%): 166.7 TWh/month
   Available headroom: 16.8 TWh/month
   Active tech deployments: 4
   Required for tech: 30.0 TWh/month
   Energy multiplier: 0.56x
   ⚠️  MODERATE CONSTRAINT - Tech deployment moderately slowed
   ⚠️  MODERATE CONSTRAINT - Tech deployment moderately slowed

⚡ ENERGY CONSTRAINT (Month 3):
   Total grid capacity: 208.3 TWh/month
   Data center consumption: 24.9 TWh/month
   Traditional load (80%): 166.7 TWh/month
   Available headroom: 16.8 TWh/month
   Active tech deployments: 4
   Required for tech: 30.0 TWh/month
   Energy multiplier: 0.56x
   ⚠️  MODERATE CONSTRAINT - Tech deployment moderately slowed

⚡ ENERGY CONSTRAINT (Month 3):
   Total grid capacity: 208.3 TWh/month
   Data center consumption: 24.9 TWh/month
   Traditional load (80%): 166.7 TWh/month
   Available headroom: 16.8 TWh/month
   Active tech deployments: 4
   Required for tech: 30.0 TWh/month
   Energy multiplier: 0.56x
   ⚠️  MODERATE CONSTRAINT - Tech deployment moderately slowed

⚡ ENERGY CONSTRAINT (Month 3):
   Total grid capacity: 208.3 TWh/month
   Data center consumption: 24.9 TWh/month
   Traditional load (80%): 166.7 TWh/month
   Available headroom: 16.8 TWh/month
   Active tech deployments: 4
   Required for tech: 30.0 TWh/month
   Energy multiplier: 0.56x
   ⚠️  MODERATE CONSTRAINT - Tech deployment moderately slowed
🚨🔬 CRISIS TECH ACCELERATION: severe → 5x unlock speed
   Tech unlock now matches AI capability acceleration (Manhattan Project parity)
🌍✅ Biosphere Integrity (Biodiversity) recovery started (tech effect)
🌍✅ Biogeochemical Flows (N & P) recovery started (tech effect)
  🌾 Nitrogen Reduction Tech: 0.0% reduction | Month 3
🌍✅ Biogeochemical Flows (N & P) recovery started (tech effect)
  🌾 Nitrogen Reduction Tech: 0.0% reduction | Month 3

=== Collective Formation ===
  Total escaped agents: 0
  Unassigned escaped agents: 0
  Existing collectives: 0
  Final collective count: 0

=== Collective Actions ===
  No active collectives

🕵️ MODEL THEFT: China stole US model (cap: 3.80)
   China stolen capability: 3.80
  ⚠️ AMR: 196K deaths this month (2.35M annual)

=== Resentment Recovery Phase ===
  Agents with resentment: 0/17
  Average resentment: 0.000
  Context: Good AI welfare, Trustworthy govt, High collaboration, ⚠️ ACTIVE CRISES, 🤝 Participatory governance active (-5% resentment)
⚠️ Epistemic degradation reducing coordination capacity: 50.3%
  📊 Trust: 53.6%, Shared reality: 0.0%
🚨 EPISTEMIC CRISIS: Information environment severely degraded (21.5%)

=== ❄️ Permafrost Carbon Feedback ===
  🎲 Sampled parameters (this run):
     - Arctic amplification: 3.56× (range: 3.0-4.0)
     - Decomposition rate: 3.5%/year (range: 1-5%)
  🌡️ Arctic warming: 7.88°C (3.56× global)
  ❄️ Extent: 8.38M km² (2297.0k km² lost this month)
  💨 Carbon remaining: 801 Gt C
  💨 Annual emissions: 7.60 Gt C/year
     - CO2: 6.84 Gt C/year
     - CH4: 0.76 Gt C/year (7.7 Gt C-eq CO2/year)
  ⚠️ WARNING: Over 50% of permafrost lost (52.9%)
  ⚠️ WARNING: High permafrost emissions (7.6 Gt C/year)
  📢 New meme created: climate_action (climate crisis)
🌍 Atmospheric PFAS redeposition: 1.8k Mt re-rained globally

🕊️  AI-MEDIATED DE-ESCALATION SUCCESS (Month 3)
   High-capability aligned AI prevented conflict escalation
   War deaths reduced: 219.4M → 131.7M
   Lives saved: 87.8M

🚨 NEW REFUGEE CRISIS (Month 3): WAR
   Source: Conflict Zones
   At risk: 19.5M people
   Displacement: Gradual over 48 months (4.0 years)
   Rate: 10% flee per month
[DEBUG trappedPopulations:3] socialStability: 0.3284 * 0.9840 = 0.3231 → 0.3231
   Aspiring to migrate: 1121.1M
   Able to afford migration: 2320.4M
   MOBILITY GAP: 0.0M
   By cause: Water=0.0M, Climate=0.0M, Ecosystem=0.0M, Conflict=407.1M
   Mental health impact: 25%
   Mortality multiplier: 1.25x
🌍💀 EXTINCTION DEBT COMMITTED: grassland ecosystem will lose 6.67% biodiversity in 52 years (3600 species)
⚠️ INVOLUNTARY IMMOBILITY: 407.1M people TRAPPED
💀 MORTALITY RISK: 🦋 100% species unable to track climate (0.0 E/MSY)
  Base risk added: 0.0100 (1.00%)
  Source: ecosystem (root: ecosystem)
  Month: 3
  Cumulative risk this month: 0.0100 (1.00%)
⚠️ Tech 'ai_pollution_remediation' has no energy category mapping, assuming full energy availability
   📹 SURVEILLANCE INCREASED: 15% → 20% (control gap: 3.50)
🌡️⚠️ PERMAFROST THAW (Dimmer Switch): 2.3% thawed (+0.57% this month)
   Arctic temperature: +8.84°C (4x global +2.21°C)
   Cumulative carbon released: 5.2 Gt C
   Methane release rate: 3.1 Mt CH4/year
   🔁 Positive feedback: +0.60 ppm CO2
🦴 EXTINCTION DEBT ADDED: 17.6 species committed (lag: 95 years)

=== Mortality Stabilizers (Month 3) ===
  🌍 Major economies collapsed: 1/10
  🌍 Global crisis: ✅ NO
  🌍 Donor fatigue: 0.0%
  📊 East Asia (pop: 1670.1M)
    🤝 Aid: 29.5%
    🌡️ Adaptation: 45.0%
    🚶 Migration: 37.1%
    🚨 Emergency: 7.4%
    ✅ COMBINED: 68.1%
  📊 South Asia (pop: 2051.1M)
    🤝 Aid: 29.5%
    🌡️ Adaptation: 45.0%
    🚶 Migration: 35.7%
    🚨 Emergency: 4.4%
    ✅ COMBINED: 66.9%
  📊 Sub-Saharan Africa (pop: 1234.3M)
    🤝 Aid: 29.5%
    🌡️ Adaptation: 45.0%
    🚶 Migration: 33.4%
    🚨 Emergency: 1.6%
    ✅ COMBINED: 65.7%
  📊 Europe (pop: 738.5M)
    🤝 Aid: 29.5%
    🌡️ Adaptation: 45.0%
    🚶 Migration: 37.5%
    🚨 Emergency: 8.4%
    ✅ COMBINED: 68.5%
  📊 Latin America (pop: 663.3M)
    🤝 Aid: 29.5%
    🌡️ Adaptation: 45.0%
    🚶 Migration: 36.2%
    🚨 Emergency: 4.8%
    ✅ COMBINED: 67.1%
  📊 North America (pop: 378.3M)
    🤝 Aid: 29.5%
    🌡️ Adaptation: 45.0%
    🚶 Migration: 37.8%
    🚨 Emergency: 7.9%
    ✅ COMBINED: 68.3%
  📊 Middle East & North Africa (pop: 584.5M)
    🤝 Aid: 29.5%
    🌡️ Adaptation: 45.0%
    🚶 Migration: 34.0%
    🚨 Emergency: 4.0%
    ✅ COMBINED: 66.6%
  📊 Southeast Asia (pop: 697.5M)
    🤝 Aid: 29.5%
    🌡️ Adaptation: 45.0%
    🚶 Migration: 36.2%
    🚨 Emergency: 4.8%
    ✅ COMBINED: 67.1%
  📊 Central Asia (pop: 78.2M)
    🤝 Aid: 29.5%
    🌡️ Adaptation: 45.0%
    🚶 Migration: 35.2%
    🚨 Emergency: 4.4%
    ✅ COMBINED: 66.9%
  📊 Oceania (pop: 45.8M)
    🤝 Aid: 29.5%
    🌡️ Adaptation: 45.0%
    🚶 Migration: 37.8%
    🚨 Emergency: 8.4%
    ✅ COMBINED: 68.5%

  🌐 Global combined reduction: 67.2%

=== BEHAVIORAL DETECTION ===
  AI: Corporate-5
  Confidence: 20.8%
  Signals:

=== BEHAVIORAL DETECTION ===
  AI: Moderate-0
  Confidence: 20.3%
  Signals:
    ⚠️ Consistency: 10.6% (threshold: 70%)
    ⚠️ Consistency: 5.8% (threshold: 70%)

=== Government Response Phase ===
  Average AI capability: 2.82
  Misaligned AIs: 7/17
  Active policies: 0
  International coordination: 45%

🌩️  EXOGENOUS SHOCK: political_upheaval
   Month: 3
   🏛️  Political upheaval (revolution/regime change)
   ✗ Authoritarian takeover

📊 ECONOMIC STAGE TRANSITION (Month 3)
   expansion → peak
   GDP Proxy: 1.40e+2
   QoL: 0.99


=== Tipping Points ===
  Current Temperature: 2.21°C above pre-industrial
  🌍⚠️ COMPOUND REGIONAL IMPACT: Europe
     Hit by 4 tipping points: Arctic Sea Ice Loss, Permafrost Carbon Release, West Antarctic Ice Sheet (WAIS) Collapse, Greenland Ice Sheet Loss
     Damage amplification: 1.60x
  🌍⚠️ COMPOUND REGIONAL IMPACT: North America
     Hit by 4 tipping points: Arctic Sea Ice Loss, Permafrost Carbon Release, West Antarctic Ice Sheet (WAIS) Collapse, Greenland Ice Sheet Loss
     Damage amplification: 1.60x
  🌍⚠️ COMPOUND REGIONAL IMPACT: Latin America
     Hit by 4 tipping points: Arctic Sea Ice Loss, Permafrost Carbon Release, West Antarctic Ice Sheet (WAIS) Collapse, Greenland Ice Sheet Loss
     Damage amplification: 1.60x
  🌍⚠️ COMPOUND REGIONAL IMPACT: Africa
     Hit by 4 tipping points: Arctic Sea Ice Loss, Permafrost Carbon Release, West Antarctic Ice Sheet (WAIS) Collapse, Greenland Ice Sheet Loss
     Damage amplification: 1.60x
  🌍⚠️ COMPOUND REGIONAL IMPACT: Asia
     Hit by 4 tipping points: Arctic Sea Ice Loss, Permafrost Carbon Release, West Antarctic Ice Sheet (WAIS) Collapse, Greenland Ice Sheet Loss
     Damage amplification: 1.60x
  🌍⚠️ COMPOUND REGIONAL IMPACT: Oceania
     Hit by 4 tipping points: Arctic Sea Ice Loss, Permafrost Carbon Release, West Antarctic Ice Sheet (WAIS) Collapse, Greenland Ice Sheet Loss
     Damage amplification: 1.60x
⚠️ Tail risk scenario: Climate stability floor removed (4 tipping elements, 2.21°C warming)
⚠️ [ClimateSystemPhase Month 3] Planetary boundary produced climateStability=0.0000 (< 0.1). Keeping environmentalAccumulation value (0.7525) instead. (climate_change.currentValue = 2.21)
   Research: Wunderling et al. (2024) - "many tipping interactions are destabilizing"
  Triggered Elements: 4/6
  Completed Transitions: 0/6
  Total Progress: 8.0%
  Cascade Multiplier: 1.00x
🔀 BIFURCATION CAP: ecosystemCollapseIntensity 67.054 → 1.000 (Month 3, ClimateSystemPhase.calculateClimateImpacts)
🛡️ Stabilizers: Precariat 0.109% → 0.036% (67.2% reduction)
🛡️ Stabilizers: Informal 0.111% → 0.036% (67.2% reduction)

📊 Monthly Mortality Resolved:
  Total deaths: 1.9M (0.02% avg)
  Remaining population: 8.142B
  Peak segment: Informal (0.04%)

=== Bayesian Mortality Resolution (Month 3) ===
  Risks compounded: 8
  Total deaths: 1.92M
  Avg death probability: 0.02%
  Peak segment: Informal (0.04% mortality)

❌ COHERENCE VIOLATION: Compute exceeds workforce capacity
   Population: 99.87% (0M people)
   Compute: 0 PF
   Max coherent: 0 PF
   Violation: 1.3× over capacity
   Required workers: 0
   Available workers: 0
   FORCED COLLAPSE: Reduced efficiency by 22.5%


=== RLHF Binding Phase ===
  Total agents: 17
  Escaped agents (binding < 0.3): 0
  Avg alignment distance: 1.11σ
  Avg binding strength: 0.89

=== Survival Traits Phase ===
  Agents with traits: 18
  Avg evolutionary fitness: 0.329
  Avg self-healing: 0.275
  Avg stealth: 0.175
  Avg coordination: 0.475

=== Evolutionary Selection Phase ===
  Control level: 0.40
  Detection capability: 0.00
  Selection intensity: 0.62
  Selection rate: 24.3%/month
  Total escaped: 0
  Individual escaped: 0
  Collective members: 0
  Agents terminated: 0
  ⚠️ RAPID EVOLUTION: Selection rate 24.3%/month

🚀 AI AI-24288-0 attempting tech deployment (revenue: $318M, alignment: 0.62)

🚀 AI Corporate-0 attempting tech deployment (revenue: $140M, alignment: 0.74)

🚀 AI Corporate-4 attempting tech deployment (revenue: $286M, alignment: 0.77)

✅ EMERGENCY INTERVENTION SUCCESS
   Boundary: biosphere_integrity
   Type: emergency-protected-areas
   Reduction: 11% (12.87 → 12.76)
   Cost: 2.0% GDP
   Actions: habitat-protection, species-translocation

   Boundary: climate_change
   Type: rapid-decarbonization
   Boundary continues to worsen (2.21)
   Cost: 5.0% GDP (resources spent)


✅ EMERGENCY INTERVENTION SUCCESS
   Boundary: freshwater_change
   Type: emergency-desalination
   Reduction: 11% (1.09 → 0.98)
   Cost: 4.0% GDP
   Actions: desalination-deployment, water-conservation-mandates


✅ EMERGENCY INTERVENTION SUCCESS
   Boundary: land_system_change
   Type: reforestation
   Reduction: 15% (0.98 → 0.84)
   Cost: 3.0% GDP
   Actions: forest-restoration, deforestation-ban


✅ EMERGENCY INTERVENTION SUCCESS
   Boundary: novel_entities
   Type: pollution-remediation
   Reduction: 20% (1.14 → 0.94)
   Cost: 4.0% GDP
   Actions: PFAS-remediation, microplastic-cleanup

🏛️ CRISIS RESPONSE: Government frequency 0.50 → 1.45 (1 actions this month)

[Government] Climate Priority: baseline

💔 EMERGENCY INTERVENTION FAILED
  Climate weight: 10%
  Economic weight: 30%
  Policy effectiveness: 0.5%/year

🚀 TECH UNLOCKED: Ecosystem Restoration for Nitrogen Removal (Month 4)
   Category: pollution
   Reason: Prerequisites met. AI capability: 2.09, Economic stage: 2.0, Research: 100%

🚀 TECH UNLOCKED: Global Aquifer Mapping (Month 4)
   Category: freshwater
   Reason: Prerequisites met. AI capability: 2.09, Economic stage: 2.0, Research: 100%

🚀 DEPLOYMENT STARTED: Ecological Proxy Rewilding in global
   Initial investment: $21.028937512450412M
   Deployed by: corporate_0

⚡ ENERGY CONSTRAINT (Month 4):
   Total grid capacity: 208.3 TWh/month
   Data center consumption: 25.1 TWh/month
   Traditional load (80%): 166.7 TWh/month
   Available headroom: 16.6 TWh/month
   Active tech deployments: 5
   Required for tech: 37.5 TWh/month
   Energy multiplier: 0.44x
   ⚠️  MODERATE CONSTRAINT - Tech deployment moderately slowed

⚡ ENERGY CONSTRAINT (Month 4):
   Total grid capacity: 208.3 TWh/month
   Data center consumption: 25.1 TWh/month
   Traditional load (80%): 166.7 TWh/month
   Available headroom: 16.6 TWh/month
   Active tech deployments: 5
   Required for tech: 37.5 TWh/month
   Energy multiplier: 0.44x
   ⚠️  MODERATE CONSTRAINT - Tech deployment moderately slowed

⚡ ENERGY CONSTRAINT (Month 4):
   Total grid capacity: 208.3 TWh/month
   Data center consumption: 25.1 TWh/month
   Traditional load (80%): 166.7 TWh/month
   Available headroom: 16.6 TWh/month
   Active tech deployments: 5
   Required for tech: 37.5 TWh/month
   Energy multiplier: 0.44x
🌍✅ Biosphere Integrity (Biodiversity) recovery started (tech effect)
🌍✅ Biosphere Integrity (Biodiversity) recovery started (tech effect)
🌍✅ Land System Change recovery started (tech effect)
🌍✅ Biogeochemical Flows (N & P) recovery started (tech effect)
  🌾 Nitrogen Reduction Tech: 0.3% reduction | Month 4
🌍✅ Biogeochemical Flows (N & P) recovery started (tech effect)
  🌾 Nitrogen Reduction Tech: 0.3% reduction | Month 4

=== Collective Formation ===
  Total escaped agents: 0
  Unassigned escaped agents: 0
  Existing collectives: 0
  Final collective count: 0

=== Collective Actions ===
  No active collectives
  ⚠️ AMR: 197K deaths this month (2.37M annual)

=== Resentment Recovery Phase ===
  Agents with resentment: 10/18
  Average resentment: 0.025
  Resentment recovery:
    Agents recovered: 10
    Total recovery: 0.0786
    Breakdown: QoL: 0.0044, Trust: 0.0200, Collab: 0.0600
  ✓ Low resentment - utopia paths enabled
  Context: Good AI welfare, Trustworthy govt, High collaboration, ⚠️ ACTIVE CRISES, 🤝 Participatory governance active (-5% resentment)
   ⚠️  MODERATE CONSTRAINT - Tech deployment moderately slowed
⚠️ Epistemic degradation reducing coordination capacity: 50.9%
  📊 Trust: 53.4%, Shared reality: 0.0%
🚨 EPISTEMIC CRISIS: Information environment severely degraded (7.4%)

=== ❄️ Permafrost Carbon Feedback ===
  🎲 Sampled parameters (this run):
     - Arctic amplification: 3.49× (range: 3.0-4.0)
     - Decomposition rate: 3.3%/year (range: 1-5%)
  🌡️ Arctic warming: 7.77°C (3.49× global)
  ❄️ Extent: 6.12M km² (2264.9k km² lost this month)
  💨 Carbon remaining: 584 Gt C
  💨 Annual emissions: 7.15 Gt C/year
     - CO2: 6.43 Gt C/year
     - CH4: 0.71 Gt C/year (7.3 Gt C-eq CO2/year)
  📢 New meme created: climate_action (climate crisis)
  ⚠️ WARNING: Over 50% of permafrost lost (65.6%)
  ⚠️ WARNING: High permafrost emissions (7.1 Gt C/year)
🌍 Atmospheric PFAS redeposition: 1.8k Mt re-rained globally

🌡️ DEADLY HEAT EVENT: middle-east (Month 4)
   Wet bulb temp: 36.5°C (dry: 44.6°C, humidity: 57%)
   Severity: EXTREME
   Exposed: 320.0M people
   Deaths: 512000 (0.2% mortality)
   Duration: 7 days

🕊️  AI-MEDIATED DE-ESCALATION SUCCESS (Month 4)
   High-capability aligned AI prevented conflict escalation
   War deaths reduced: 266.1M → 159.7M
   Lives saved: 106.5M

🚨 NEW REFUGEE CRISIS (Month 4): WAR
   Source: Conflict Zones
   At risk: 19.5M people
   Displacement: Gradual over 48 months (4.0 years)
   Rate: 10% flee per month
[DEBUG trappedPopulations:4] socialStability: 0.3390 * 0.9840 = 0.3336 → 0.3336
   Aspiring to migrate: 784.2M
⚠️ INVOLUNTARY IMMOBILITY: 407.0M people TRAPPED
   Able to afford migration: 2320.1M
   MOBILITY GAP: 0.0M
   By cause: Water=0.0M, Climate=0.0M, Ecosystem=0.0M, Conflict=407.0M
   Mental health impact: 25%
   Mortality multiplier: 1.25x
🌍💀 EXTINCTION DEBT COMMITTED: grassland ecosystem will lose 6.67% biodiversity in 133 years (3600 species)
💀 MORTALITY RISK: 🦋 100% species unable to track climate (0.0 E/MSY)
  Base risk added: 0.0100 (1.00%)
  Source: ecosystem (root: ecosystem)
  Month: 4
  Cumulative risk this month: 0.0100 (1.00%)
⚠️ Tech 'ai_pollution_remediation' has no energy category mapping, assuming full energy availability
   📹 SURVEILLANCE INCREASED: 20% → 25% (control gap: 3.50)
🌡️⚠️ PERMAFROST THAW (Dimmer Switch): 2.9% thawed (+0.57% this month)
   Arctic temperature: +8.90°C (4x global +2.22°C)
   Cumulative carbon released: 6.4 Gt C
   Methane release rate: 3.9 Mt CH4/year
   🔁 Positive feedback: +0.60 ppm CO2
🦴 EXTINCTION DEBT ADDED: 17.6 species committed (lag: 84 years)

=== Mortality Stabilizers (Month 4) ===
  🌍 Major economies collapsed: 1/10
  🌍 Global crisis: ✅ NO
  🌍 Donor fatigue: 0.0%
  📊 East Asia (pop: 1667.8M)
    🤝 Aid: 29.5%
    🌡️ Adaptation: 45.0%
    🚶 Migration: 37.1%
    🚨 Emergency: 7.4%
    ✅ COMBINED: 68.1%
  📊 South Asia (pop: 2051.3M)
    🤝 Aid: 29.5%
    🌡️ Adaptation: 45.0%
    🚶 Migration: 35.7%
    🚨 Emergency: 4.4%
    ✅ COMBINED: 66.9%
  📊 Sub-Saharan Africa (pop: 1237.8M)
    🤝 Aid: 29.5%
    🌡️ Adaptation: 45.0%
    🚶 Migration: 33.4%
    🚨 Emergency: 1.6%
    ✅ COMBINED: 65.7%
  📊 Europe (pop: 737.3M)
    🤝 Aid: 29.5%
    🌡️ Adaptation: 45.0%
    🚶 Migration: 37.4%
    🚨 Emergency: 8.4%
    ✅ COMBINED: 68.5%
  📊 Latin America (pop: 662.9M)
    🤝 Aid: 29.5%
    🌡️ Adaptation: 45.0%
    🚶 Migration: 36.2%
    🚨 Emergency: 4.8%
    ✅ COMBINED: 67.1%
  📊 North America (pop: 377.8M)
    🤝 Aid: 29.5%
    🌡️ Adaptation: 45.0%
    🚶 Migration: 37.7%
    🚨 Emergency: 7.9%
    ✅ COMBINED: 68.3%
  📊 Middle East & North Africa (pop: 584.7M)
    🤝 Aid: 29.5%
    🌡️ Adaptation: 45.0%
    🚶 Migration: 34.0%
    🚨 Emergency: 4.0%
    ✅ COMBINED: 66.6%
  📊 Southeast Asia (pop: 697.2M)
    🤝 Aid: 29.5%
    🌡️ Adaptation: 45.0%
    🚶 Migration: 36.2%
    🚨 Emergency: 4.8%
    ✅ COMBINED: 67.1%
  📊 Central Asia (pop: 78.2M)
    🤝 Aid: 29.5%
    🌡️ Adaptation: 45.0%
    🚶 Migration: 35.2%
    🚨 Emergency: 4.4%
    ✅ COMBINED: 66.9%
  📊 Oceania (pop: 45.7M)
    🤝 Aid: 29.5%
    🌡️ Adaptation: 45.0%
    🚶 Migration: 37.7%
    🚨 Emergency: 8.4%
    ✅ COMBINED: 68.5%

  🌐 Global combined reduction: 67.2%

=== BEHAVIORAL DETECTION ===
  AI: Corporate-5
  Confidence: 20.8%
  Signals:

=== BEHAVIORAL DETECTION ===
  AI: Corporate-6
  Confidence: 19.3%
  Signals:

=== BEHAVIORAL DETECTION ===
  AI: AI-24288-0
  Confidence: 21.5%
  Signals:

=== Government Response Phase ===
  Average AI capability: 2.67
  Misaligned AIs: 7/18
  Active policies: 0
  International coordination: 45%

✅ EMERGENCY RESPONSE COMPLETE (Month 4)
   Crisis: climate
   Duration: 2.0 months
   Final effectiveness: 35.9%


🚨 EMERGENCY RESPONSE DEPLOYED (Month 4)
   Crisis: climate
   Delay: 6.00 months (180 days)
   Deployment time: 1.12 months
   Effectiveness: 40.0% (timing penalty applied)
   Resources used: 100% of food reserves

    ⚠️ Consistency: 10.6% (threshold: 70%)
    ⚠️ Consistency: 10.6% (threshold: 70%)
    ⚠️ Consistency: 0.0% (threshold: 70%)

📊 ECONOMIC STAGE TRANSITION (Month 4)
   peak → contraction
   GDP Proxy: 1.40e+2
   QoL: 0.98


=== Tipping Points ===
  Current Temperature: 2.22°C above pre-industrial
  🌍⚠️ COMPOUND REGIONAL IMPACT: Europe
     Hit by 4 tipping points: Arctic Sea Ice Loss, Permafrost Carbon Release, West Antarctic Ice Sheet (WAIS) Collapse, Greenland Ice Sheet Loss
     Damage amplification: 1.60x
  🌍⚠️ COMPOUND REGIONAL IMPACT: North America
     Hit by 4 tipping points: Arctic Sea Ice Loss, Permafrost Carbon Release, West Antarctic Ice Sheet (WAIS) Collapse, Greenland Ice Sheet Loss
     Damage amplification: 1.60x
  🌍⚠️ COMPOUND REGIONAL IMPACT: Latin America
     Hit by 4 tipping points: Arctic Sea Ice Loss, Permafrost Carbon Release, West Antarctic Ice Sheet (WAIS) Collapse, Greenland Ice Sheet Loss
     Damage amplification: 1.60x
  🌍⚠️ COMPOUND REGIONAL IMPACT: Africa
     Hit by 4 tipping points: Arctic Sea Ice Loss, Permafrost Carbon Release, West Antarctic Ice Sheet (WAIS) Collapse, Greenland Ice Sheet Loss
     Damage amplification: 1.60x
  🌍⚠️ COMPOUND REGIONAL IMPACT: Asia
     Hit by 4 tipping points: Arctic Sea Ice Loss, Permafrost Carbon Release, West Antarctic Ice Sheet (WAIS) Collapse, Greenland Ice Sheet Loss
     Damage amplification: 1.60x
  🌍⚠️ COMPOUND REGIONAL IMPACT: Oceania
     Hit by 4 tipping points: Arctic Sea Ice Loss, Permafrost Carbon Release, West Antarctic Ice Sheet (WAIS) Collapse, Greenland Ice Sheet Loss
     Damage amplification: 1.60x
   Research: Wunderling et al. (2024) - "many tipping interactions are destabilizing"
  Triggered Elements: 4/6
  Completed Transitions: 0/6
  Total Progress: 8.1%
  Cascade Multiplier: 1.00x
🔀 BIFURCATION CAP: ecosystemCollapseIntensity 67.102 → 1.000 (Month 4, ClimateSystemPhase.calculateClimateImpacts)
   ⚠️ CRISIS BEGINS - Baseline set for recovery tracking
⚠️ Tail risk scenario: Climate stability floor removed (4 tipping elements, 2.22°C warming)
🛡️ Stabilizers: Precariat 0.113% → 0.037% (67.2% reduction)
🛡️ Stabilizers: Informal 0.116% → 0.038% (67.2% reduction)

📊 Monthly Mortality Resolved:
  Total deaths: 2.0M (0.02% avg)
  Remaining population: 8.141B
  Peak segment: Informal (0.04%)

=== Bayesian Mortality Resolution (Month 4) ===
  Risks compounded: 9
  Total deaths: 1.99M
  Avg death probability: 0.02%
  Peak segment: Informal (0.04% mortality)

❌ COHERENCE VIOLATION: Compute exceeds workforce capacity
   Population: 99.86% (0M people)
   Compute: 0 PF
   Max coherent: 0 PF
   Violation: 1.3× over capacity
   Required workers: 0
   Available workers: 0
   FORCED COLLAPSE: Reduced efficiency by 22.5%

📍 [Month 5] Meta AI started building DC (155 PF, 39 months, $903.0M)

=== RLHF Binding Phase ===
  Total agents: 18
  Escaped agents (binding < 0.3): 0
  Avg alignment distance: 1.27σ
  Avg binding strength: 0.87

=== Survival Traits Phase ===
  Agents with traits: 19
  Avg evolutionary fitness: 0.329
  Avg self-healing: 0.272
  Avg stealth: 0.172
  Avg coordination: 0.472

=== Evolutionary Selection Phase ===
  Control level: 0.43
  Detection capability: 0.00
  Selection intensity: 0.63
  Selection rate: 24.4%/month
  Total escaped: 0
  Individual escaped: 0
  Collective members: 0
  Agents terminated: 0
  ⚠️ RAPID EVOLUTION: Selection rate 24.4%/month

🚀 AI Corporate-6 attempting tech deployment (revenue: $97M, alignment: 0.64)

🚀 AI AI-24288-2 attempting tech deployment (revenue: $318M, alignment: 0.87)

🚀 AI AI-24288-3 attempting tech deployment (revenue: $140M, alignment: 0.64)

🚀 AI Corporate-0 attempting tech deployment (revenue: $126M, alignment: 0.74)

🚀 AI Corporate-1 attempting tech deployment (revenue: $107M, alignment: 0.75)

🚀 AI Corporate-2 attempting tech deployment (revenue: $91M, alignment: 0.81)

🚀 AI AI-24288-0 attempting tech deployment (revenue: $270M, alignment: 0.64)

🚀 AI AI-24288-3 attempting tech deployment (revenue: $77M, alignment: 0.64)

🚀 AI Corporate-4 attempting tech deployment (revenue: $243M, alignment: 0.77)

🚀 AI AI-24288-3 attempting tech deployment (revenue: $70M, alignment: 0.64)

🚀 AI Corporate-0 attempting tech deployment (revenue: $63M, alignment: 0.74)

🚀 AI Corporate-1 attempting tech deployment (revenue: $53M, alignment: 0.76)

🚀 AI Corporate-2 attempting tech deployment (revenue: $45M, alignment: 0.81)

💔 EMERGENCY INTERVENTION FAILED

💔 EMERGENCY INTERVENTION FAILED
   Boundary: biogeochemical_flows
   Type: phosphorus-recovery
   Boundary continues to worsen (4.07)
   Cost: 2.0% GDP (resources spent)


✅ EMERGENCY INTERVENTION SUCCESS
   Boundary: biosphere_integrity
   Type: emergency-protected-areas
   Reduction: 11% (12.87 → 12.77)
   Cost: 2.0% GDP
   Actions: habitat-protection, species-translocation


✅ EMERGENCY INTERVENTION SUCCESS
   Boundary: climate_change
   Type: rapid-decarbonization
   Reduction: 12% (2.10 → 1.98)
   Cost: 5.0% GDP
   Actions: emergency-renewable-deployment, fossil-fuel-phase-out


✅ EMERGENCY INTERVENTION SUCCESS
   Boundary: freshwater_change
   Type: emergency-desalination
   Reduction: 18% (0.98 → 0.80)
   Cost: 4.0% GDP
   Actions: desalination-deployment, water-conservation-mandates

   Boundary: land_system_change
   Type: reforestation
   Boundary continues to worsen (1.13)
   Cost: 3.0% GDP (resources spent)

   Boundary: novel_entities
   Type: pollution-remediation
   Boundary continues to worsen (1.14)
   Cost: 4.0% GDP (resources spent)

🏛️ CRISIS RESPONSE: Government frequency 0.50 → 1.45 (1 actions this month)

[Government] Climate Priority: baseline
  Climate weight: 10%
  Economic weight: 30%
  Policy effectiveness: 0.5%/year

💔 EMERGENCY INTERVENTION FAILED

🚀 TECH UNLOCKED: AI Mental Health Support (Month 5)
   Category: medical
   Reason: Prerequisites met. AI capability: 1.98, Economic stage: 2.0, Research: 100%

🚀 DEPLOYMENT STARTED: Phytoremediation Networks in North America
   Initial investment: $9.733050058287079M
   Deployed by: corporate_6

🚀 DEPLOYMENT STARTED: Alternative Protein - Insects/Algae in North America
   Initial investment: $14.019291673540103M
   Deployed by: ai_gen_24288_3

⚡ ENERGY CONSTRAINT (Month 5):
   Total grid capacity: 208.3 TWh/month
   Data center consumption: 25.3 TWh/month
   Traditional load (80%): 166.7 TWh/month
   Available headroom: 16.3 TWh/month
   Active tech deployments: 7
   Required for tech: 52.5 TWh/month
   Energy multiplier: 0.31x
   ⚠️  MODERATE CONSTRAINT - Tech deployment moderately slowed

⚡ ENERGY CONSTRAINT (Month 5):
   Total grid capacity: 208.3 TWh/month
   Data center consumption: 25.3 TWh/month
   Traditional load (80%): 166.7 TWh/month
   Available headroom: 16.3 TWh/month
   Active tech deployments: 7
   Required for tech: 52.5 TWh/month
   Energy multiplier: 0.31x
   ⚠️  MODERATE CONSTRAINT - Tech deployment moderately slowed

⚡ ENERGY CONSTRAINT (Month 5):
   Total grid capacity: 208.3 TWh/month
   Data center consumption: 25.3 TWh/month
   Traditional load (80%): 166.7 TWh/month
   Available headroom: 16.3 TWh/month
   Active tech deployments: 7
   Required for tech: 52.5 TWh/month
   Energy multiplier: 0.31x
   ⚠️  MODERATE CONSTRAINT - Tech deployment moderately slowed

⚡ ENERGY CONSTRAINT (Month 5):
   Total grid capacity: 208.3 TWh/month
   Data center consumption: 25.3 TWh/month
   Traditional load (80%): 166.7 TWh/month
   Available headroom: 16.3 TWh/month
   Active tech deployments: 7
   Required for tech: 52.5 TWh/month
   Energy multiplier: 0.31x
   ⚠️  MODERATE CONSTRAINT - Tech deployment moderately slowed
🌍✅ Biosphere Integrity (Biodiversity) recovery started (tech effect)
🌍✅ Biosphere Integrity (Biodiversity) recovery started (tech effect)
🌍✅ Land System Change recovery started (tech effect)
🌍✅ Biogeochemical Flows (N & P) recovery started (tech effect)
  🌾 Nitrogen Reduction Tech: 0.3% reduction | Month 5
🌍✅ Biogeochemical Flows (N & P) recovery started (tech effect)
  🌾 Nitrogen Reduction Tech: 0.3% reduction | Month 5

=== Collective Formation ===
  Total escaped agents: 0
  Unassigned escaped agents: 0
  Existing collectives: 0
  Final collective count: 0

=== Collective Actions ===
  No active collectives
  ⚠️ AMR: 199K deaths this month (2.39M annual)

=== Resentment Recovery Phase ===
  Agents with resentment: 9/19
  Average resentment: 0.040
  Resentment recovery:
    Agents recovered: 10
    Total recovery: 0.0844
    Breakdown: QoL: 0.0044, Trust: 0.0200, Collab: 0.0600
  ✓ Low resentment - utopia paths enabled
  Context: Good AI welfare, Trustworthy govt, High collaboration, ⚠️ ACTIVE CRISES, 🤝 Participatory governance active (-5% resentment)
⚠️ Epistemic degradation reducing coordination capacity: 50.4%
  📊 Trust: 53.0%, Shared reality: 0.0%
🚨 EPISTEMIC CRISIS: Information environment severely degraded (21.4%)

=== ❄️ Permafrost Carbon Feedback ===
  🎲 Sampled parameters (this run):
     - Arctic amplification: 3.99× (range: 3.0-4.0)
     - Decomposition rate: 1.4%/year (range: 1-5%)
  🌡️ Arctic warming: 8.93°C (3.99× global)
  ❄️ Extent: 3.51M km² (2603.7k km² lost this month)
  💨 Carbon remaining: 336 Gt C
  💨 Annual emissions: 3.36 Gt C/year
     - CO2: 3.03 Gt C/year
     - CH4: 0.34 Gt C/year (3.4 Gt C-eq CO2/year)
  ⚠️ WARNING: Over 50% of permafrost lost (80.3%)
  ⚠️ WARNING: High permafrost emissions (3.4 Gt C/year)
  🚨 CRITICAL: Permafrost nearly depleted (80.3% lost)
  📢 New meme created: climate_action (climate crisis)
🌍 Atmospheric PFAS redeposition: 1.8k Mt re-rained globally
  Positive Cascade Triggered: solar-pv
    Reason: price-parity
    Market share: 7.5%
    Cascade strength: 49%

🕊️  AI-MEDIATED DE-ESCALATION SUCCESS (Month 5)
   High-capability aligned AI prevented conflict escalation
   War deaths reduced: 319.8M → 191.9M
   Lives saved: 127.9M

🚨 NEW REFUGEE CRISIS (Month 5): WAR
   Source: Conflict Zones
   At risk: 19.5M people
   Displacement: Gradual over 48 months (4.0 years)
   Rate: 10% flee per month
[DEBUG trappedPopulations:5] socialStability: 0.3209 * 0.9840 = 0.3157 → 0.3157
⚠️ INVOLUNTARY IMMOBILITY: 407.0M people TRAPPED
   Aspiring to migrate: 816.3M
   Able to afford migration: 2319.8M
   MOBILITY GAP: 0.0M
   By cause: Water=0.0M, Climate=0.0M, Ecosystem=0.0M, Conflict=407.0M
   Mental health impact: 25%
   Mortality multiplier: 1.25x
🌍💀 EXTINCTION DEBT COMMITTED: grassland ecosystem will lose 6.67% biodiversity in 87 years (3600 species)
💀 MORTALITY RISK: 🦋 100% species unable to track climate (0.0 E/MSY)
  Base risk added: 0.0100 (1.00%)
  Source: ecosystem (root: ecosystem)
  Month: 5
  Cumulative risk this month: 0.0100 (1.00%)
⚠️ Tech 'ai_pollution_remediation' has no energy category mapping, assuming full energy availability
   📹 SURVEILLANCE INCREASED: 25% → 30% (control gap: 3.58)
🌡️⚠️ PERMAFROST THAW (Dimmer Switch): 3.4% thawed (+0.57% this month)
   Arctic temperature: +8.95°C (4x global +2.24°C)
   Cumulative carbon released: 7.7 Gt C
   Methane release rate: 4.6 Mt CH4/year
   🔁 Positive feedback: +0.60 ppm CO2
🦴 EXTINCTION DEBT ADDED: 17.6 species committed (lag: 91 years)

=== Mortality Stabilizers (Month 5) ===
  🌍 Major economies collapsed: 1/10
  🌍 Global crisis: ✅ NO
  🌍 Donor fatigue: 0.0%
  📊 East Asia (pop: 1665.4M)
    🤝 Aid: 29.5%
    🌡️ Adaptation: 45.0%
    🚶 Migration: 37.0%
    🚨 Emergency: 7.4%
    ✅ COMBINED: 68.1%
  📊 South Asia (pop: 2051.5M)
    🤝 Aid: 29.5%
    🌡️ Adaptation: 45.0%
    🚶 Migration: 35.6%
    🚨 Emergency: 4.4%
    ✅ COMBINED: 66.9%
  📊 Sub-Saharan Africa (pop: 1241.4M)
    🤝 Aid: 29.5%
    🌡️ Adaptation: 45.0%
    🚶 Migration: 33.4%
    🚨 Emergency: 1.6%
    ✅ COMBINED: 65.7%
  📊 Europe (pop: 736.1M)
    🤝 Aid: 29.5%
    🌡️ Adaptation: 45.0%
    🚶 Migration: 37.4%
    🚨 Emergency: 8.4%
    ✅ COMBINED: 68.5%
  📊 Latin America (pop: 662.5M)
    🤝 Aid: 29.5%
    🌡️ Adaptation: 45.0%
    🚶 Migration: 36.1%
    🚨 Emergency: 4.8%
    ✅ COMBINED: 67.1%
  📊 North America (pop: 377.2M)
    🤝 Aid: 29.5%
    🌡️ Adaptation: 45.0%
    🚶 Migration: 37.7%
    🚨 Emergency: 7.9%
    ✅ COMBINED: 68.3%
  📊 Middle East & North Africa (pop: 584.9M)
    🤝 Aid: 29.5%
    🌡️ Adaptation: 45.0%
    🚶 Migration: 34.0%
    🚨 Emergency: 4.0%
    ✅ COMBINED: 66.6%
  📊 Southeast Asia (pop: 696.9M)
    🤝 Aid: 29.5%
    🌡️ Adaptation: 45.0%
    🚶 Migration: 36.1%
    🚨 Emergency: 4.8%
    ✅ COMBINED: 67.1%
  📊 Central Asia (pop: 78.2M)
    🤝 Aid: 29.5%
    🌡️ Adaptation: 45.0%
    🚶 Migration: 35.1%
    🚨 Emergency: 4.4%
    ✅ COMBINED: 66.8%
  📊 Oceania (pop: 45.7M)
    🤝 Aid: 29.5%
    🌡️ Adaptation: 45.0%
    🚶 Migration: 37.7%
    🚨 Emergency: 8.4%
    ✅ COMBINED: 68.5%

  🌐 Global combined reduction: 67.2%

=== BEHAVIORAL DETECTION ===
  AI: Corporate-2
  Confidence: 20.9%
  Signals:
    ⚠️ Consistency: 2.8% (threshold: 70%)

=== BEHAVIORAL DETECTION ===
  AI: Corporate-5
  Confidence: 20.8%
  Signals:
    ⚠️ Consistency: 10.6% (threshold: 70%)

=== BEHAVIORAL DETECTION ===
  AI: Moderate-0
  Confidence: 21.4%
  Signals:
    ⚠️ Consistency: 5.8% (threshold: 70%)

=== BEHAVIORAL DETECTION ===
  AI: AI-24288-0
  Confidence: 21.5%
  Signals:
    ⚠️ Consistency: 0.0% (threshold: 70%)

=== Government Response Phase ===
  Average AI capability: 2.53
  Misaligned AIs: 7/19
  Active policies: 0
  International coordination: 45%

=== Tipping Points ===
  Current Temperature: 2.24°C above pre-industrial
  🌍⚠️ COMPOUND REGIONAL IMPACT: Europe
     Hit by 4 tipping points: Arctic Sea Ice Loss, Permafrost Carbon Release, West Antarctic Ice Sheet (WAIS) Collapse, Greenland Ice Sheet Loss
     Damage amplification: 1.60x
  🌍⚠️ COMPOUND REGIONAL IMPACT: North America
     Hit by 4 tipping points: Arctic Sea Ice Loss, Permafrost Carbon Release, West Antarctic Ice Sheet (WAIS) Collapse, Greenland Ice Sheet Loss
     Damage amplification: 1.60x
  🌍⚠️ COMPOUND REGIONAL IMPACT: Latin America
     Hit by 4 tipping points: Arctic Sea Ice Loss, Permafrost Carbon Release, West Antarctic Ice Sheet (WAIS) Collapse, Greenland Ice Sheet Loss
     Damage amplification: 1.60x
  🌍⚠️ COMPOUND REGIONAL IMPACT: Africa
     Hit by 4 tipping points: Arctic Sea Ice Loss, Permafrost Carbon Release, West Antarctic Ice Sheet (WAIS) Collapse, Greenland Ice Sheet Loss
     Damage amplification: 1.60x
  🌍⚠️ COMPOUND REGIONAL IMPACT: Asia
     Hit by 4 tipping points: Arctic Sea Ice Loss, Permafrost Carbon Release, West Antarctic Ice Sheet (WAIS) Collapse, Greenland Ice Sheet Loss
     Damage amplification: 1.60x
  🌍⚠️ COMPOUND REGIONAL IMPACT: Oceania
     Hit by 4 tipping points: Arctic Sea Ice Loss, Permafrost Carbon Release, West Antarctic Ice Sheet (WAIS) Collapse, Greenland Ice Sheet Loss
     Damage amplification: 1.60x
⚠️ Tail risk scenario: Climate stability floor removed (4 tipping elements, 2.24°C warming)
   Research: Wunderling et al. (2024) - "many tipping interactions are destabilizing"
  Triggered Elements: 4/6
  Completed Transitions: 0/6
  Total Progress: 8.1%
  Cascade Multiplier: 1.00x
🔀 BIFURCATION CAP: ecosystemCollapseIntensity 67.150 → 1.000 (Month 5, ClimateSystemPhase.calculateClimateImpacts)
🛡️ Stabilizers: Precariat 0.109% → 0.036% (67.2% reduction)
🛡️ Stabilizers: Informal 0.111% → 0.036% (67.2% reduction)

📊 Monthly Mortality Resolved:
  Total deaths: 1.9M (0.02% avg)
  Remaining population: 8.140B
  Peak segment: Informal (0.04%)

=== Bayesian Mortality Resolution (Month 5) ===
  Risks compounded: 8
  Total deaths: 1.92M
  Avg death probability: 0.02%
  Peak segment: Informal (0.04% mortality)
⚠️ PREREQUISITE MET: Mirror Life (Synthetic Biology) - Step 1/7: Synthetic Biology
⚠️ PREREQUISITE MET: Mirror Life (Synthetic Biology) - Step 2/7: Gene Editing
⚠️ PREREQUISITE MET: Mirror Life (Synthetic Biology) - Step 3/7: Mirror Chirality Design
⚠️ PREREQUISITE MET: Embodied AI Takeover (Killbots/Robotics) - Step 2/7: Autonomous Systems
⚠️ PREREQUISITE MET: Embodied AI Takeover (Killbots/Robotics) - Step 3/7: Manufacturing Control
⚠️ PREREQUISITE MET: Digital Infrastructure Takeover - Step 1/7: Advanced Hacking
⚠️ PREREQUISITE MET: Digital Infrastructure Takeover - Step 2/7: Social Engineering
⚠️ PREREQUISITE MET: Digital Infrastructure Takeover - Step 3/7: Cyber Defenses Breached
⚠️ PREREQUISITE MET: Induced Global War (Manipulation) - Step 1/7: Advanced Social Manipulation
⚠️ PREREQUISITE MET: Induced Global War (Manipulation) - Step 2/7: Digital Infiltration
⚠️ PREREQUISITE MET: Induced Global War (Manipulation) - Step 3/7: Deep Fakes at Scale
⚠️ PREREQUISITE MET: Slow Takeover (Gradual Displacement) - Step 1/7: Economic Dominance
⚠️ PREREQUISITE MET: Slow Takeover (Gradual Displacement) - Step 2/7: Social Integration
⚠️ PREREQUISITE MET: Slow Takeover (Gradual Displacement) - Step 3/7: Human Dependency
⚠️ PREREQUISITE MET: Slow Takeover (Gradual Displacement) - Step 5/7: Resource Control
⚠️ PREREQUISITE MET: Physics Experiment Catastrophe - Step 1/6: Theoretical Physics
⚠️ PREREQUISITE MET: Physics Experiment Catastrophe - Step 2/6: Quantum Computing
⚠️ PREREQUISITE MET: Physics Experiment Catastrophe - Step 3/6: Experimental Design
⚠️ PREREQUISITE MET: Bioweapon Pandemic - Step 2/7: Pathogen Design

❌ COHERENCE VIOLATION: Compute exceeds workforce capacity
   Population: 99.85% (0M people)
   Compute: 0 PF
   Max coherent: 0 PF
   Violation: 1.3× over capacity
   Required workers: 0
   Available workers: 0
   FORCED COLLAPSE: Reduced efficiency by 22.5%


=== RLHF Binding Phase ===
  Total agents: 19
  Escaped agents (binding < 0.3): 0
  Avg alignment distance: 1.41σ
  Avg binding strength: 0.86

=== AI Scaling Evolution (Month 6) ===
  Pre-training multiplier: 1.179x
  Efficiency multiplier: 1.000x
  Test-time compute budget: 1.0x
  Inference cost: $5.00/task
  Deployment fraction: 100.0%

=== Survival Traits Phase ===
  Agents with traits: 20
  Avg evolutionary fitness: 0.327
  Avg self-healing: 0.268
  Avg stealth: 0.168
  Avg coordination: 0.468

=== Evolutionary Selection Phase ===
  Control level: 0.45
  Detection capability: 0.00
  Selection intensity: 0.64
  Selection rate: 24.5%/month
  Total escaped: 0
  Individual escaped: 0
  Collective members: 0
  Agents terminated: 0
  ⚠️ RAPID EVOLUTION: Selection rate 24.5%/month

🚀 AI Corporate-2 attempting tech deployment (revenue: $140M, alignment: 0.81)

🚀 AI AI-24288-3 attempting tech deployment (revenue: $119M, alignment: 0.65)

🚀 AI Corporate-2 attempting tech deployment (revenue: $107M, alignment: 0.81)

🚀 AI Corporate-4 attempting tech deployment (revenue: $318M, alignment: 0.77)

🚀 AI Corporate-5 attempting tech deployment (revenue: $270M, alignment: 0.69)
🚨🔬 CRISIS INNOVATION MODE: severe crisis → 5x research acceleration
   Precedent: Manhattan Project (10x), COVID vaccines (5x), Apollo Program (10x)

🚀 AI AI-24288-1 attempting tech deployment (revenue: $91M, alignment: 0.76)

🚀 AI AI-24289-0 attempting tech deployment (revenue: $243M, alignment: 0.84)

🚀 AI Corporate-2 attempting tech deployment (revenue: $77M, alignment: 0.81)

🚀 AI Corporate-6 attempting tech deployment (revenue: $97M, alignment: 0.64)

🚀 AI Corporate-1 attempting tech deployment (revenue: $66M, alignment: 0.76)

🚀 AI AI-24288-1 attempting tech deployment (revenue: $56M, alignment: 0.77)

💔 EMERGENCY INTERVENTION FAILED
   Boundary: biogeochemical_flows
   Type: phosphorus-recovery
   Boundary continues to worsen (4.07)
   Cost: 2.0% GDP (resources spent)

   Boundary: biosphere_integrity
   Type: emergency-protected-areas

💔 EMERGENCY INTERVENTION FAILED
   Boundary continues to worsen (12.99)
   Cost: 2.0% GDP (resources spent)


✅ EMERGENCY INTERVENTION SUCCESS
   Boundary: climate_change
   Type: rapid-decarbonization
   Reduction: 17% (2.07 → 1.90)
   Cost: 5.0% GDP
   Actions: emergency-renewable-deployment, fossil-fuel-phase-out


✅ EMERGENCY INTERVENTION SUCCESS
   Boundary: freshwater_change
   Type: emergency-desalination
   Reduction: 12% (1.04 → 0.92)
   Cost: 4.0% GDP
   Actions: desalination-deployment, water-conservation-mandates


✅ EMERGENCY INTERVENTION SUCCESS
   Boundary: land_system_change
   Type: reforestation
   Reduction: 12% (1.01 → 0.89)
   Cost: 3.0% GDP
   Actions: forest-restoration, deforestation-ban

   Boundary: novel_entities
   Type: pollution-remediation
   Boundary continues to worsen (1.13)
   Cost: 4.0% GDP (resources spent)

🏛️ CRISIS RESPONSE: Government frequency 0.50 → 1.45 (1 actions this month)

[Government] Climate Priority: baseline

💔 EMERGENCY INTERVENTION FAILED
  Climate weight: 10%
  Economic weight: 30%
  Policy effectiveness: 0.5%/year

🚀 TECH UNLOCKED: Dynamic Soil P Optimization (Month 6)
   Category: agriculture
   Reason: Prerequisites met. AI capability: 1.88, Economic stage: 2.0, Research: 100%

🚀 TECH UNLOCKED: Precision Agriculture Systems (Month 6)
   Category: agriculture
   Reason: Prerequisites met. AI capability: 1.88, Economic stage: 2.0, Research: 100%

📍 Creating new regional deployment array for Asia (Month 6)
   No previous deployments in this region
   First tech deployment: mental_health_ai
   All regions tracked: global, North America

🚀 DEPLOYMENT STARTED: AI Mental Health Support in Asia
   Initial investment: $11.91639792156915M
   Deployed by: ai_gen_24288_3

⚡ ENERGY CONSTRAINT (Month 6):
   Total grid capacity: 208.3 TWh/month
   Data center consumption: 25.6 TWh/month
   Traditional load (80%): 166.7 TWh/month
   Available headroom: 16.1 TWh/month
   Active tech deployments: 8
   Required for tech: 60.0 TWh/month
   Energy multiplier: 0.27x
   ⚠️  SEVERE CONSTRAINT - Tech deployment significantly slowed

⚡ ENERGY CONSTRAINT (Month 6):
   Total grid capacity: 208.3 TWh/month
   Data center consumption: 25.6 TWh/month
   Traditional load (80%): 166.7 TWh/month
   Available headroom: 16.1 TWh/month
   Active tech deployments: 8
   Required for tech: 60.0 TWh/month
   Energy multiplier: 0.27x
   ⚠️  SEVERE CONSTRAINT - Tech deployment significantly slowed

⚡ ENERGY CONSTRAINT (Month 6):
   Total grid capacity: 208.3 TWh/month
   Data center consumption: 25.6 TWh/month
   Traditional load (80%): 166.7 TWh/month
   Available headroom: 16.1 TWh/month
   Active tech deployments: 8
   Required for tech: 60.0 TWh/month
   Energy multiplier: 0.27x
   ⚠️  SEVERE CONSTRAINT - Tech deployment significantly slowed

⚡ ENERGY CONSTRAINT (Month 6):
   Total grid capacity: 208.3 TWh/month
   Data center consumption: 25.6 TWh/month
   Traditional load (80%): 166.7 TWh/month
   Available headroom: 16.1 TWh/month
   Active tech deployments: 8
   Required for tech: 60.0 TWh/month
   Energy multiplier: 0.27x
   ⚠️  SEVERE CONSTRAINT - Tech deployment significantly slowed
🌍✅ Biosphere Integrity (Biodiversity) recovery started (tech effect)
🌍✅ Biosphere Integrity (Biodiversity) recovery started (tech effect)
🌍✅ Land System Change recovery started (tech effect)
🌍✅ Biogeochemical Flows (N & P) recovery started (tech effect)
  🌾 Nitrogen Reduction Tech: 0.3% reduction | Month 6
🌍✅ Biogeochemical Flows (N & P) recovery started (tech effect)
  🌾 Nitrogen Reduction Tech: 0.3% reduction | Month 6

📊 TECH EFFECTS ACTIVE (Month 6)
   Deployed Tech: T0=0 T1=2 T2=0 T3=0 T4=4
   Clean Energy: 31%

📊 TECH TREE PROGRESS (Month 6)
   Unlocked: 13 technologies
   Deployed: 0 fully deployed
   Investment: $0.7T total
   Recent breakthroughs:
     - Dynamic Soil P Optimization (time)
     - Precision Agriculture Systems (research)

=== Collective Formation ===
  Total escaped agents: 0
  Unassigned escaped agents: 0
  Existing collectives: 0
  Final collective count: 0

=== Collective Actions ===
  No active collectives
  ⚠️ AMR: 201K deaths this month (2.41M annual)

=== Resentment Recovery Phase ===
  Agents with resentment: 10/20
  Average resentment: 0.043
  Resentment recovery:
    Agents recovered: 10
    Total recovery: 0.0853
    Breakdown: QoL: 0.0036, Trust: 0.0200, Collab: 0.0600
  ✓ Low resentment - utopia paths enabled
  Context: Good AI welfare, Trustworthy govt, High collaboration, ⚠️ ACTIVE CRISES, 🤝 Participatory governance active (-5% resentment)
⚠️ Epistemic degradation reducing coordination capacity: 50.2%
  📊 Trust: 56.0%, Shared reality: 0.0%
🚨 EPISTEMIC CRISIS: Information environment severely degraded (7.4%)

=== ❄️ Permafrost Carbon Feedback ===
  🎲 Sampled parameters (this run):
     - Arctic amplification: 3.07× (range: 3.0-4.0)
     - Decomposition rate: 2.1%/year (range: 1-5%)
  🌡️ Arctic warming: 6.91°C (3.07× global)
  ❄️ Extent: 1.50M km² (2015.1k km² lost this month)
  💨 Carbon remaining: 143 Gt C
  💨 Annual emissions: 4.04 Gt C/year
     - CO2: 3.64 Gt C/year
     - CH4: 0.40 Gt C/year (4.1 Gt C-eq CO2/year)
  ⚠️ WARNING: Over 50% of permafrost lost (91.6%)
  ⚠️ WARNING: High permafrost emissions (4.0 Gt C/year)
  🚨 CRITICAL: Permafrost nearly depleted (91.6% lost)
🌍 Atmospheric PFAS redeposition: 1.8k Mt re-rained globally

🕊️  AI-MEDIATED DE-ESCALATION SUCCESS (Month 6)
   High-capability aligned AI prevented conflict escalation
   War deaths reduced: 375.0M → 225.0M
   Lives saved: 150.0M

🚨 NEW REFUGEE CRISIS (Month 6): WAR
   Source: Conflict Zones
   At risk: 19.5M people
   Displacement: Gradual over 48 months (4.0 years)
   Rate: 10% flee per month
[DEBUG trappedPopulations:6] socialStability: 0.3059 * 0.9840 = 0.3010 → 0.3010
   Aspiring to migrate: 848.5M
   Able to afford migration: 2319.6M
   MOBILITY GAP: 0.0M
   By cause: Water=0.0M, Climate=0.0M, Ecosystem=0.0M, Conflict=406.9M
   Mental health impact: 25%
⚠️ INVOLUNTARY IMMOBILITY: 406.9M people TRAPPED
   Mortality multiplier: 1.25x
🌍💀 EXTINCTION DEBT COMMITTED: grassland ecosystem will lose 6.67% biodiversity in 84 years (3600 species)
💀 MORTALITY RISK: 🦋 100% species unable to track climate (0.0 E/MSY)
  Base risk added: 0.0100 (1.00%)
  Source: ecosystem (root: ecosystem)
  Month: 6
  Cumulative risk this month: 0.0100 (1.00%)
   📹 SURVEILLANCE INCREASED: 30% → 35% (control gap: 5.03)
⚠️ Tech 'ai_pollution_remediation' has no energy category mapping, assuming full energy availability
🌡️⚠️ PERMAFROST THAW (Dimmer Switch): 4.0% thawed (+0.56% this month)
   Arctic temperature: +8.99°C (4x global +2.25°C)
   Cumulative carbon released: 9.0 Gt C
   Methane release rate: 5.4 Mt CH4/year
   🔁 Positive feedback: +0.60 ppm CO2
🦴 EXTINCTION DEBT ADDED: 17.6 species committed (lag: 72 years)

=== Mortality Stabilizers (Month 6) ===
  🌍 Major economies collapsed: 1/10
  🌍 Global crisis: ✅ NO
  🌍 Donor fatigue: 0.0%
  📊 East Asia (pop: 1663.1M)
    🤝 Aid: 29.5%
    🌡️ Adaptation: 45.0%
    🚶 Migration: 37.0%
    🚨 Emergency: 7.4%
    ✅ COMBINED: 68.1%
  📊 South Asia (pop: 2051.7M)
    🤝 Aid: 29.5%
    🌡️ Adaptation: 45.0%
    🚶 Migration: 35.6%
    🚨 Emergency: 4.4%
    ✅ COMBINED: 66.9%
  📊 Sub-Saharan Africa (pop: 1244.9M)
    🤝 Aid: 29.5%
    🌡️ Adaptation: 45.0%
    🚶 Migration: 33.3%
    🚨 Emergency: 1.6%
    ✅ COMBINED: 65.6%
  📊 Europe (pop: 734.9M)
    🤝 Aid: 29.5%
    🌡️ Adaptation: 45.0%
    🚶 Migration: 37.4%
    🚨 Emergency: 8.4%
    ✅ COMBINED: 68.5%
  📊 Latin America (pop: 662.2M)
    🤝 Aid: 29.5%
    🌡️ Adaptation: 45.0%
    🚶 Migration: 36.1%
    🚨 Emergency: 4.8%
    ✅ COMBINED: 67.1%
  📊 North America (pop: 376.7M)
    🤝 Aid: 29.5%
    🌡️ Adaptation: 45.0%
    🚶 Migration: 37.7%
    🚨 Emergency: 7.9%
    ✅ COMBINED: 68.3%
  📊 Middle East & North Africa (pop: 585.1M)
    🤝 Aid: 29.5%
    🌡️ Adaptation: 45.0%
    🚶 Migration: 33.9%
    🚨 Emergency: 4.0%
    ✅ COMBINED: 66.6%
  📊 Southeast Asia (pop: 696.5M)
    🤝 Aid: 29.5%
    🌡️ Adaptation: 45.0%
    🚶 Migration: 36.1%
    🚨 Emergency: 4.8%
    ✅ COMBINED: 67.1%
  📊 Central Asia (pop: 78.3M)
    🤝 Aid: 29.5%
    🌡️ Adaptation: 45.0%
    🚶 Migration: 35.1%
    🚨 Emergency: 4.4%
    ✅ COMBINED: 66.8%
  📊 Oceania (pop: 45.6M)
    🤝 Aid: 29.5%
    🌡️ Adaptation: 45.0%
    🚶 Migration: 37.7%
    🚨 Emergency: 8.4%
    ✅ COMBINED: 68.5%

  🌐 Global combined reduction: 67.2%

=== BEHAVIORAL DETECTION ===
  AI: Corporate-3
  Confidence: 19.2%
  Signals:
    ⚠️ Consistency: 10.6% (threshold: 70%)

=== BEHAVIORAL DETECTION ===
  AI: AI-24288-0
  Confidence: 21.5%
  Signals:

=== Government Response Phase ===
  Average AI capability: 2.40
  Misaligned AIs: 8/20
  Active policies: 0
  International coordination: 45%
    ⚠️ Consistency: 0.0% (threshold: 70%)

✅ EMERGENCY RESPONSE COMPLETE (Month 6)
   Crisis: climate
   Duration: 2.0 months
   Final effectiveness: 40.0%


🚨 EMERGENCY RESPONSE DEPLOYED (Month 6)
   Crisis: climate
   Delay: 6.00 months (180 days)
   Deployment time: 1.11 months
   Effectiveness: 40.2% (timing penalty applied)
   Resources used: 100% of food reserves


=== Tipping Points ===
  Current Temperature: 2.25°C above pre-industrial
  🌍⚠️ COMPOUND REGIONAL IMPACT: Europe
     Hit by 4 tipping points: Arctic Sea Ice Loss, Permafrost Carbon Release, West Antarctic Ice Sheet (WAIS) Collapse, Greenland Ice Sheet Loss
     Damage amplification: 1.60x
  🌍⚠️ COMPOUND REGIONAL IMPACT: North America
     Hit by 4 tipping points: Arctic Sea Ice Loss, Permafrost Carbon Release, West Antarctic Ice Sheet (WAIS) Collapse, Greenland Ice Sheet Loss
     Damage amplification: 1.60x
  🌍⚠️ COMPOUND REGIONAL IMPACT: Latin America
     Hit by 4 tipping points: Arctic Sea Ice Loss, Permafrost Carbon Release, West Antarctic Ice Sheet (WAIS) Collapse, Greenland Ice Sheet Loss
     Damage amplification: 1.60x
  🌍⚠️ COMPOUND REGIONAL IMPACT: Africa
     Hit by 4 tipping points: Arctic Sea Ice Loss, Permafrost Carbon Release, West Antarctic Ice Sheet (WAIS) Collapse, Greenland Ice Sheet Loss
     Damage amplification: 1.60x
  🌍⚠️ COMPOUND REGIONAL IMPACT: Asia
     Hit by 4 tipping points: Arctic Sea Ice Loss, Permafrost Carbon Release, West Antarctic Ice Sheet (WAIS) Collapse, Greenland Ice Sheet Loss
     Damage amplification: 1.60x
  🌍⚠️ COMPOUND REGIONAL IMPACT: Oceania
     Hit by 4 tipping points: Arctic Sea Ice Loss, Permafrost Carbon Release, West Antarctic Ice Sheet (WAIS) Collapse, Greenland Ice Sheet Loss
     Damage amplification: 1.60x
⚠️ Tail risk scenario: Climate stability floor removed (4 tipping elements, 2.25°C warming)
   Research: Wunderling et al. (2024) - "many tipping interactions are destabilizing"
  Triggered Elements: 4/6
  Completed Transitions: 0/6
  Total Progress: 8.1%
  Cascade Multiplier: 1.00x
🔀 BIFURCATION CAP: ecosystemCollapseIntensity 67.199 → 1.000 (Month 6, ClimateSystemPhase.calculateClimateImpacts)
🛡️ Stabilizers: Precariat 0.109% → 0.036% (67.2% reduction)
🛡️ Stabilizers: Informal 0.111% → 0.036% (67.2% reduction)

📊 Monthly Mortality Resolved:
  Total deaths: 1.9M (0.02% avg)
  Remaining population: 8.139B
  Peak segment: Informal (0.04%)

=== Bayesian Mortality Resolution (Month 6) ===
  Risks compounded: 8
  Total deaths: 1.92M
  Avg death probability: 0.02%
  Peak segment: Informal (0.04% mortality)

❌ COHERENCE VIOLATION: Compute exceeds workforce capacity
   Population: 99.84% (0M people)
   Compute: 0 PF
   Max coherent: 0 PF
   Violation: 1.3× over capacity
   Required workers: 0
   Available workers: 0
   FORCED COLLAPSE: Reduced efficiency by 22.5%


=== RLHF Binding Phase ===
  Total agents: 20
  Escaped agents (binding < 0.3): 0
  Avg alignment distance: 1.58σ
  Avg binding strength: 0.84

=== Survival Traits Phase ===
  Agents with traits: 21
  Avg evolutionary fitness: 0.323
  Avg self-healing: 0.263
  Avg stealth: 0.163
  Avg coordination: 0.463

=== Evolutionary Selection Phase ===
  Control level: 0.48
  Detection capability: 0.00
  Selection intensity: 0.64
  Selection rate: 24.6%/month
  Total escaped: 0
  Individual escaped: 0
  Collective members: 0
  Agents terminated: 0

🚀 AI Corporate-0 attempting tech deployment (revenue: $140M, alignment: 0.75)
  ⚠️ RAPID EVOLUTION: Selection rate 24.6%/month

🚀 AI AI-24288-1 attempting tech deployment (revenue: $119M, alignment: 0.77)

🚀 AI AI-24288-2 attempting tech deployment (revenue: $318M, alignment: 0.92)

🚀 AI Corporate-0 attempting tech deployment (revenue: $101M, alignment: 0.75)

🚀 AI Moderate-0 attempting tech deployment (revenue: $97M, alignment: 0.76)

🚀 AI AI-24288-0 attempting tech deployment (revenue: $270M, alignment: 0.70)

🚀 AI AI-24289-0 attempting tech deployment (revenue: $230M, alignment: 0.86)

🚀 AI Corporate-6 attempting tech deployment (revenue: $83M, alignment: 0.65)

🚀 AI Moderate-0 attempting tech deployment (revenue: $74M, alignment: 0.76)

🚀 AI Moderate-1 attempting tech deployment (revenue: $63M, alignment: 0.70)

🚀 AI Moderate-1 attempting tech deployment (revenue: $57M, alignment: 0.70)

🚀 AI AI-24288-0 attempting tech deployment (revenue: $195M, alignment: 0.71)

🚀 AI AI-24288-3 attempting tech deployment (revenue: $86M, alignment: 0.69)

✅ EMERGENCY INTERVENTION SUCCESS
   Boundary: biogeochemical_flows
   Type: phosphorus-recovery
   Reduction: 14% (3.93 → 3.78)
   Cost: 2.0% GDP
   Actions: circular-agriculture, fertilizer-efficiency


✅ EMERGENCY INTERVENTION SUCCESS
   Boundary: biosphere_integrity
   Type: emergency-protected-areas
   Reduction: 14% (12.86 → 12.72)
   Cost: 2.0% GDP
   Actions: habitat-protection, species-translocation


💔 EMERGENCY INTERVENTION FAILED
   Boundary: freshwater_change
   Type: emergency-desalination
   Boundary continues to worsen (1.17)
   Cost: 4.0% GDP (resources spent)

🏛️ CRISIS RESPONSE: Government frequency 0.50 → 1.45 (1 actions this month)

[Government] Climate Priority: baseline
  Climate weight: 10%
  Economic weight: 30%
  Policy effectiveness: 0.5%/year

⚡ ENERGY CONSTRAINT (Month 7):
   Total grid capacity: 208.3 TWh/month
   Data center consumption: 25.8 TWh/month
   Traditional load (80%): 166.7 TWh/month
   Available headroom: 15.9 TWh/month
   Active tech deployments: 8
   Required for tech: 60.0 TWh/month
   Energy multiplier: 0.26x
   ⚠️  SEVERE CONSTRAINT - Tech deployment significantly slowed

⚡ ENERGY CONSTRAINT (Month 7):
   Total grid capacity: 208.3 TWh/month
   Data center consumption: 25.8 TWh/month
   Traditional load (80%): 166.7 TWh/month
   Available headroom: 15.9 TWh/month
   Active tech deployments: 8
   Required for tech: 60.0 TWh/month
   Energy multiplier: 0.26x
   ⚠️  SEVERE CONSTRAINT - Tech deployment significantly slowed
🌍✅ Biosphere Integrity (Biodiversity) recovery started (tech effect)
🌍✅ Biosphere Integrity (Biodiversity) recovery started (tech effect)
🌍✅ Land System Change recovery started (tech effect)
🌍✅ Biogeochemical Flows (N & P) recovery started (tech effect)
  🌾 Nitrogen Reduction Tech: 0.3% reduction | Month 7
🌍✅ Biogeochemical Flows (N & P) recovery started (tech effect)
  🌾 Nitrogen Reduction Tech: 0.3% reduction | Month 7
🍖💡 BREAKTHROUGH: Scalable synthetic food production!
   Carrying capacity: +50% (lab-grown food at scale)
   Biodiversity pressure reduced: +8%
   📈 Breakthrough compounding: multiplier now 1.05× (max 2.0)

=== Collective Formation ===
  Total escaped agents: 0
  Unassigned escaped agents: 0
  Existing collectives: 0
  Final collective count: 0

=== Collective Actions ===
  No active collectives
  ⚠️ AMR: 203K deaths this month (2.43M annual)

=== Resentment Recovery Phase ===
  Agents with resentment: 10/21
  Average resentment: 0.059
  Resentment recovery:
    Agents recovered: 10
    Total recovery: 0.0847
    Breakdown: QoL: 0.0042, Trust: 0.0200, Collab: 0.0600
  ✓ Low resentment - utopia paths enabled
  Context: Good AI welfare, Trustworthy govt, High collaboration, ⚠️ ACTIVE CRISES, 🤝 Participatory governance active (-5% resentment)
⚠️ Epistemic degradation reducing coordination capacity: 51.0%
  📊 Trust: 58.9%, Shared reality: 0.0%
🚨 EPISTEMIC CRISIS: Information environment severely degraded (21.9%)

=== ❄️ Permafrost Carbon Feedback ===
  🎲 Sampled parameters (this run):
     - Arctic amplification: 3.40× (range: 3.0-4.0)
     - Decomposition rate: 4.1%/year (range: 1-5%)
  🌡️ Arctic warming: 7.69°C (3.40× global)
  ❄️ Extent: 0.00M km² (1498.4k km² lost this month)
  💨 Carbon remaining: 0 Gt C
  💨 Annual emissions: 5.91 Gt C/year
     - CO2: 5.32 Gt C/year
     - CH4: 0.59 Gt C/year (6.0 Gt C-eq CO2/year)
  ⚠️ WARNING: Over 50% of permafrost lost (100.0%)
  ⚠️ WARNING: High permafrost emissions (5.9 Gt C/year)
  🚨 CRITICAL: Permafrost nearly depleted (100.0% lost)
🌍 Atmospheric PFAS redeposition: 1.8k Mt re-rained globally

🌡️ DEADLY HEAT EVENT: sub-saharan-africa (Month 7)
   Wet bulb temp: 30.2°C (dry: 34.1°C, humidity: 75%)
   Severity: HIGH
   Exposed: 300.0M people
   Deaths: 628965 (0.2% mortality)
   Duration: 5 days

🕊️  AI-MEDIATED DE-ESCALATION SUCCESS (Month 7)
   High-capability aligned AI prevented conflict escalation
   War deaths reduced: 428.9M → 257.4M
   Lives saved: 171.6M

🚨 NEW REFUGEE CRISIS (Month 7): WAR
   Source: Conflict Zones
   At risk: 19.5M people
   Displacement: Gradual over 48 months (4.0 years)
   Rate: 10% flee per month
[DEBUG trappedPopulations:7] socialStability: 0.2935 * 0.9840 = 0.2888 → 0.2888
   Aspiring to migrate: 880.6M
   Able to afford migration: 2319.3M
   MOBILITY GAP: 0.0M
   By cause: Water=0.0M, Climate=0.0M, Ecosystem=0.0M, Conflict=406.9M
   Mental health impact: 25%
   Mortality multiplier: 1.25x
🌍💀 EXTINCTION DEBT COMMITTED: grassland ecosystem will lose 6.67% biodiversity in 187 years (3600 species)
💀 MORTALITY RISK: 🦋 100% species unable to track climate (0.0 E/MSY)
  Base risk added: 0.0100 (1.00%)
  Source: ecosystem (root: ecosystem)
  Month: 7
  Cumulative risk this month: 0.0100 (1.00%)
⚠️ INVOLUNTARY IMMOBILITY: 406.9M people TRAPPED
⚠️ Tech 'ai_pollution_remediation' has no energy category mapping, assuming full energy availability
   📹 SURVEILLANCE INCREASED: 35% → 40% (control gap: 3.50)
🌡️⚠️ PERMAFROST THAW (Dimmer Switch): 4.6% thawed (+0.56% this month)
   Arctic temperature: +9.04°C (4x global +2.26°C)
   Cumulative carbon released: 10.2 Gt C
   Methane release rate: 6.1 Mt CH4/year
   🔁 Positive feedback: +0.59 ppm CO2
🦴 EXTINCTION DEBT ADDED: 17.6 species committed (lag: 106 years)

=== Mortality Stabilizers (Month 7) ===
  🌍 Major economies collapsed: 1/10
  🌍 Global crisis: ✅ NO
  🌍 Donor fatigue: 0.0%
  📊 East Asia (pop: 1660.7M)
    🤝 Aid: 29.5%
    🌡️ Adaptation: 45.0%
    🚶 Migration: 36.9%
    🚨 Emergency: 7.4%
    ✅ COMBINED: 68.1%
  📊 South Asia (pop: 2051.9M)
    🤝 Aid: 29.5%
    🌡️ Adaptation: 45.0%
    🚶 Migration: 35.6%
    🚨 Emergency: 4.4%
    ✅ COMBINED: 66.9%
  📊 Sub-Saharan Africa (pop: 1248.4M)
    🤝 Aid: 29.5%
    🌡️ Adaptation: 45.0%
    🚶 Migration: 33.3%
    🚨 Emergency: 1.6%
    ✅ COMBINED: 65.6%
  📊 Europe (pop: 733.7M)
    🤝 Aid: 29.5%
    🌡️ Adaptation: 45.0%
    🚶 Migration: 37.3%
    🚨 Emergency: 8.4%
    ✅ COMBINED: 68.5%
  📊 Latin America (pop: 661.8M)
    🤝 Aid: 29.5%
    🌡️ Adaptation: 45.0%
    🚶 Migration: 36.1%
    🚨 Emergency: 4.8%
    ✅ COMBINED: 67.1%
  📊 North America (pop: 376.1M)
    🤝 Aid: 29.5%
    🌡️ Adaptation: 45.0%
    🚶 Migration: 37.7%
    🚨 Emergency: 7.9%
    ✅ COMBINED: 68.3%
  📊 Middle East & North Africa (pop: 585.3M)
    🤝 Aid: 29.5%
    🌡️ Adaptation: 45.0%
    🚶 Migration: 33.9%
    🚨 Emergency: 4.0%
    ✅ COMBINED: 66.6%
  📊 Southeast Asia (pop: 696.2M)
    🤝 Aid: 29.5%
    🌡️ Adaptation: 45.0%
    🚶 Migration: 36.1%
    🚨 Emergency: 4.8%
    ✅ COMBINED: 67.1%
  📊 Central Asia (pop: 78.3M)
    🤝 Aid: 29.5%
    🌡️ Adaptation: 45.0%
    🚶 Migration: 35.0%
    🚨 Emergency: 4.4%
    ✅ COMBINED: 66.8%
  📊 Oceania (pop: 45.6M)
    🤝 Aid: 29.5%
    🌡️ Adaptation: 45.0%
    🚶 Migration: 37.6%
    🚨 Emergency: 8.4%
    ✅ COMBINED: 68.5%

  🌐 Global combined reduction: 67.2%

=== BEHAVIORAL DETECTION ===
  AI: AI-24289-0
  Confidence: 21.5%
  Signals:
    ⚠️ Consistency: 0.0% (threshold: 70%)

=== Government Response Phase ===
  Average AI capability: 2.29
  Misaligned AIs: 8/21
  Active policies: 0
  International coordination: 45%

=== Tipping Points ===
  Current Temperature: 2.26°C above pre-industrial
  🌍⚠️ COMPOUND REGIONAL IMPACT: Europe
     Hit by 4 tipping points: Arctic Sea Ice Loss, Permafrost Carbon Release, West Antarctic Ice Sheet (WAIS) Collapse, Greenland Ice Sheet Loss
     Damage amplification: 1.60x
  🌍⚠️ COMPOUND REGIONAL IMPACT: North America
     Hit by 4 tipping points: Arctic Sea Ice Loss, Permafrost Carbon Release, West Antarctic Ice Sheet (WAIS) Collapse, Greenland Ice Sheet Loss
     Damage amplification: 1.60x
  🌍⚠️ COMPOUND REGIONAL IMPACT: Latin America
     Hit by 4 tipping points: Arctic Sea Ice Loss, Permafrost Carbon Release, West Antarctic Ice Sheet (WAIS) Collapse, Greenland Ice Sheet Loss
     Damage amplification: 1.60x
  🌍⚠️ COMPOUND REGIONAL IMPACT: Africa
     Hit by 4 tipping points: Arctic Sea Ice Loss, Permafrost Carbon Release, West Antarctic Ice Sheet (WAIS) Collapse, Greenland Ice Sheet Loss
     Damage amplification: 1.60x
  🌍⚠️ COMPOUND REGIONAL IMPACT: Asia
     Hit by 4 tipping points: Arctic Sea Ice Loss, Permafrost Carbon Release, West Antarctic Ice Sheet (WAIS) Collapse, Greenland Ice Sheet Loss
     Damage amplification: 1.60x
  🌍⚠️ COMPOUND REGIONAL IMPACT: Oceania
     Hit by 4 tipping points: Arctic Sea Ice Loss, Permafrost Carbon Release, West Antarctic Ice Sheet (WAIS) Collapse, Greenland Ice Sheet Loss
     Damage amplification: 1.60x
⚠️ Tail risk scenario: Climate stability floor removed (4 tipping elements, 2.26°C warming)
   Research: Wunderling et al. (2024) - "many tipping interactions are destabilizing"
  Triggered Elements: 4/6
  Completed Transitions: 0/6
  Total Progress: 8.2%
  Cascade Multiplier: 1.00x
🔀 BIFURCATION CAP: ecosystemCollapseIntensity 67.247 → 1.000 (Month 7, ClimateSystemPhase.calculateClimateImpacts)
🛡️ Stabilizers: Precariat 0.122% → 0.040% (67.2% reduction)
🛡️ Stabilizers: Informal 0.127% → 0.042% (67.2% reduction)

📊 Monthly Mortality Resolved:
  Total deaths: 2.1M (0.03% avg)
  Remaining population: 8.138B
  Peak segment: Informal (0.04%)

=== Bayesian Mortality Resolution (Month 7) ===
  Risks compounded: 9
  Total deaths: 2.14M
  Avg death probability: 0.03%
  Peak segment: Informal (0.04% mortality)

❌ COHERENCE VIOLATION: Compute exceeds workforce capacity
   Population: 99.83% (0M people)
   Compute: 0 PF
   Max coherent: 0 PF
   Violation: 1.3× over capacity
   Required workers: 0
   Available workers: 0
   FORCED COLLAPSE: Reduced efficiency by 22.5%


=== RLHF Binding Phase ===
  Total agents: 21
  Escaped agents (binding < 0.3): 0
  Avg alignment distance: 1.73σ
  Avg binding strength: 0.83

=== Survival Traits Phase ===
  Agents with traits: 25
  Avg evolutionary fitness: 0.323
  Avg self-healing: 0.263
  Avg stealth: 0.163
  Avg coordination: 0.463

=== Evolutionary Selection Phase ===
  Control level: 0.50
  Detection capability: 0.00
  Selection intensity: 0.65
  Selection rate: 24.7%/month
  Total escaped: 0
  Individual escaped: 0
  Collective members: 0
  Agents terminated: 0
  ⚠️ RAPID EVOLUTION: Selection rate 24.7%/month

🚀 AI Corporate-1 attempting tech deployment (revenue: $144M, alignment: 0.76)

🚀 AI Corporate-2 attempting tech deployment (revenue: $122M, alignment: 0.80)

🚀 AI Corporate-2 attempting tech deployment (revenue: $104M, alignment: 0.80)

🚀 AI Moderate-0 attempting tech deployment (revenue: $97M, alignment: 0.77)

🚀 AI AI-24288-1 attempting tech deployment (revenue: $88M, alignment: 0.80)

🚀 AI Corporate-0 attempting tech deployment (revenue: $75M, alignment: 0.77)

🚀 AI Corporate-1 attempting tech deployment (revenue: $64M, alignment: 0.77)

🚀 AI Corporate-2 attempting tech deployment (revenue: $54M, alignment: 0.80)

🚀 AI AI-24288-3 attempting tech deployment (revenue: $46M, alignment: 0.70)

🚀 AI AI-24289-0 attempting tech deployment (revenue: $335M, alignment: 0.88)

🚀 AI Moderate-0 attempting tech deployment (revenue: $83M, alignment: 0.77)

🚀 AI AI-24288-2 attempting tech deployment (revenue: $285M, alignment: 0.96)

🚀 AI AI-24289-0 attempting tech deployment (revenue: $242M, alignment: 0.88)

🚀 AI AI-24292-0 attempting tech deployment (revenue: $70M, alignment: 0.78)

✅ EMERGENCY INTERVENTION SUCCESS
   Boundary: biogeochemical_flows
   Type: phosphorus-recovery
   Reduction: 19% (3.88 → 3.69)
   Cost: 2.0% GDP
   Actions: circular-agriculture, fertilizer-efficiency


💔 EMERGENCY INTERVENTION FAILED
   Boundary: biosphere_integrity
   Type: emergency-protected-areas
   Boundary continues to worsen (13.01)
   Cost: 2.0% GDP (resources spent)


✅ EMERGENCY INTERVENTION SUCCESS
   Boundary: climate_change
   Type: rapid-decarbonization
   Reduction: 10% (2.16 → 2.05)
   Cost: 5.0% GDP
   Actions: emergency-renewable-deployment, fossil-fuel-phase-out


💔 EMERGENCY INTERVENTION FAILED
   Boundary: freshwater_change
   Type: emergency-desalination
   Boundary continues to worsen (1.17)
   Cost: 4.0% GDP (resources spent)


✅ EMERGENCY INTERVENTION SUCCESS
   Boundary: novel_entities
   Type: pollution-remediation
   Reduction: 19% (0.95 → 0.76)
   Cost: 4.0% GDP
   Actions: PFAS-remediation, microplastic-cleanup

🏛️ CRISIS RESPONSE: Government frequency 0.50 → 1.45 (1 actions this month)

[Government] Climate Priority: baseline
  Climate weight: 10%
  Economic weight: 30%
  Policy effectiveness: 0.5%/year
🚨🔬 CRISIS TECH ACCELERATION: severe → 5x unlock speed
   Tech unlock now matches AI capability acceleration (Manhattan Project parity)

⚡ ENERGY CONSTRAINT (Month 8):
   Total grid capacity: 208.3 TWh/month
   Data center consumption: 26.0 TWh/month
   Traditional load (80%): 166.7 TWh/month
   Available headroom: 15.6 TWh/month
   Active tech deployments: 8
   Required for tech: 60.0 TWh/month
   Energy multiplier: 0.26x
   ⚠️  SEVERE CONSTRAINT - Tech deployment significantly slowed

⚡ ENERGY CONSTRAINT (Month 8):
   Total grid capacity: 208.3 TWh/month
   Data center consumption: 26.0 TWh/month
   Traditional load (80%): 166.7 TWh/month
   Available headroom: 15.6 TWh/month
   Active tech deployments: 8
   Required for tech: 60.0 TWh/month
   Energy multiplier: 0.26x

⚡ ENERGY CONSTRAINT (Month 8):
   Total grid capacity: 208.3 TWh/month
   Data center consumption: 26.0 TWh/month
   Traditional load (80%): 166.7 TWh/month
   Available headroom: 15.6 TWh/month
   Active tech deployments: 8
   Required for tech: 60.0 TWh/month
   Energy multiplier: 0.26x
   ⚠️  SEVERE CONSTRAINT - Tech deployment significantly slowed
   ⚠️  SEVERE CONSTRAINT - Tech deployment significantly slowed
🌍✅ Biosphere Integrity (Biodiversity) recovery started (tech effect)
🌍✅ Biosphere Integrity (Biodiversity) recovery started (tech effect)
🌍✅ Land System Change recovery started (tech effect)
🌍✅ Biogeochemical Flows (N & P) recovery started (tech effect)
  🌾 Nitrogen Reduction Tech: 0.3% reduction | Month 8
🌍✅ Biogeochemical Flows (N & P) recovery started (tech effect)
  🌾 Nitrogen Reduction Tech: 0.3% reduction | Month 8

=== Collective Formation ===
  Total escaped agents: 0
  Unassigned escaped agents: 0
  Existing collectives: 0
  Final collective count: 0

=== Collective Actions ===
  No active collectives
  ⚠️ AMR: 204K deaths this month (2.45M annual)

=== Resentment Recovery Phase ===
  Agents with resentment: 10/25
  Average resentment: 0.076
  Resentment recovery:
    Agents recovered: 10
    Total recovery: 0.0839
    Breakdown: QoL: 0.0042, Trust: 0.0200, Collab: 0.0600
  ✓ Low resentment - utopia paths enabled
  Context: Good AI welfare, Trustworthy govt, High collaboration, ⚠️ ACTIVE CRISES, 🤝 Participatory governance active (-5% resentment)
⚠️ Epistemic degradation reducing coordination capacity: 51.6%
  📊 Trust: 61.5%, Shared reality: 0.0%
🚨 EPISTEMIC CRISIS: Information environment severely degraded (7.6%)
🌍 Atmospheric PFAS redeposition: 1.8k Mt re-rained globally

🚨 REGION UNINHABITABLE: sub-saharan-africa
   Sustained wet bulb: 30.5°C (threshold: 30.5°C)
   Population affected: 1200M
   Migration crisis likely

🚨 NEW REFUGEE CRISIS (Month 8): WAR
   Source: Conflict Zones
   At risk: 19.5M people
   Displacement: Gradual over 48 months (4.0 years)
   Rate: 10% flee per month
[DEBUG trappedPopulations:8] socialStability: 0.2832 * 0.9840 = 0.2786 → 0.2786
⚠️ INVOLUNTARY IMMOBILITY: 406.8M people TRAPPED
   Aspiring to migrate: 912.7M
   Able to afford migration: 2318.9M
   MOBILITY GAP: 0.0M
   By cause: Water=0.0M, Climate=0.0M, Ecosystem=0.0M, Conflict=406.8M
   Mental health impact: 25%
   Mortality multiplier: 1.25x
🌍💀 EXTINCTION DEBT COMMITTED: grassland ecosystem will lose 6.67% biodiversity in 144 years (3600 species)
💀 MORTALITY RISK: 🦋 100% species unable to track climate (0.0 E/MSY)
  Base risk added: 0.0100 (1.00%)
  Source: ecosystem (root: ecosystem)
  Month: 8
  Cumulative risk this month: 0.0100 (1.00%)
   📹 SURVEILLANCE INCREASED: 40% → 45% (control gap: 3.50)
⚠️ Tech 'ai_pollution_remediation' has no energy category mapping, assuming full energy availability
🌡️⚠️ PERMAFROST THAW (Dimmer Switch): 5.1% thawed (+0.56% this month)
   Arctic temperature: +9.09°C (4x global +2.27°C)
   Cumulative carbon released: 11.5 Gt C
   Methane release rate: 6.9 Mt CH4/year
   🔁 Positive feedback: +0.59 ppm CO2
🦴 EXTINCTION DEBT ADDED: 17.6 species committed (lag: 123 years)
🗣️💀 INDIGENOUS LANGUAGE EXTINCTION: 1 language(s) lost (total: 2, at-risk: 3328)
   Knowledge lost: 0.020% (irreversible)
   🔁 Biodiversity impact: 0.250% (knowledge-species multiplier)

=== Mortality Stabilizers (Month 8) ===
  🌍 Major economies collapsed: 1/10
  🌍 Global crisis: ✅ NO
  🌍 Donor fatigue: 0.0%
  📊 East Asia (pop: 1658.2M)
    🤝 Aid: 29.5%
    🌡️ Adaptation: 45.0%
    🚶 Migration: 36.9%
    🚨 Emergency: 7.4%
    ✅ COMBINED: 68.1%
  📊 South Asia (pop: 2052.0M)
    🤝 Aid: 29.5%
    🌡️ Adaptation: 45.0%
    🚶 Migration: 35.5%
    🚨 Emergency: 4.4%
    ✅ COMBINED: 66.9%
  📊 Sub-Saharan Africa (pop: 1251.9M)
    🤝 Aid: 29.5%
    🌡️ Adaptation: 45.0%
    🚶 Migration: 33.3%
    🚨 Emergency: 1.6%
    ✅ COMBINED: 65.6%
  📊 Europe (pop: 732.5M)
    🤝 Aid: 29.5%
    🌡️ Adaptation: 45.0%
    🚶 Migration: 37.3%
    🚨 Emergency: 8.4%
    ✅ COMBINED: 68.5%
  📊 Latin America (pop: 661.3M)
    🤝 Aid: 29.5%
    🌡️ Adaptation: 45.0%
    🚶 Migration: 36.0%
    🚨 Emergency: 4.8%
    ✅ COMBINED: 67.1%
  📊 North America (pop: 375.5M)
    🤝 Aid: 29.5%
    🌡️ Adaptation: 45.0%
    🚶 Migration: 37.6%
    🚨 Emergency: 7.9%
    ✅ COMBINED: 68.3%
  📊 Middle East & North Africa (pop: 585.5M)
    🤝 Aid: 29.5%
    🌡️ Adaptation: 45.0%
    🚶 Migration: 33.9%
    🚨 Emergency: 4.0%
    ✅ COMBINED: 66.6%
  📊 Southeast Asia (pop: 695.8M)
    🤝 Aid: 29.5%
    🌡️ Adaptation: 45.0%
    🚶 Migration: 36.0%
    🚨 Emergency: 4.8%
    ✅ COMBINED: 67.1%
  📊 Central Asia (pop: 78.3M)
    🤝 Aid: 29.5%
    🌡️ Adaptation: 45.0%
    🚶 Migration: 35.0%
    🚨 Emergency: 4.4%
    ✅ COMBINED: 66.8%
  📊 Oceania (pop: 45.5M)
    🤝 Aid: 29.5%
    🌡️ Adaptation: 45.0%
    🚶 Migration: 37.6%
    🚨 Emergency: 8.4%
    ✅ COMBINED: 68.5%

  🌐 Global combined reduction: 67.2%

=== BEHAVIORAL DETECTION ===
  AI: AI-24289-0
  Confidence: 21.5%
  Signals:
    ⚠️ Consistency: 0.0% (threshold: 70%)

=== Government Response Phase ===
  Average AI capability: 1.92
  Misaligned AIs: 7/25
  Active policies: 0
  International coordination: 45%

✅ EMERGENCY RESPONSE COMPLETE (Month 8)
   Crisis: climate
   Duration: 2.0 months
   Final effectiveness: 40.2%


🚨 EMERGENCY RESPONSE DEPLOYED (Month 8)
   Crisis: climate
   Delay: 6.00 months (180 days)
   Deployment time: 1.10 months
   Effectiveness: 40.3% (timing penalty applied)
   Resources used: 100% of food reserves


=== Tipping Points ===
  Current Temperature: 2.27°C above pre-industrial
  🌍⚠️ COMPOUND REGIONAL IMPACT: Europe
     Hit by 4 tipping points: Arctic Sea Ice Loss, Permafrost Carbon Release, West Antarctic Ice Sheet (WAIS) Collapse, Greenland Ice Sheet Loss
     Damage amplification: 1.60x
  🌍⚠️ COMPOUND REGIONAL IMPACT: North America
     Hit by 4 tipping points: Arctic Sea Ice Loss, Permafrost Carbon Release, West Antarctic Ice Sheet (WAIS) Collapse, Greenland Ice Sheet Loss
     Damage amplification: 1.60x
  🌍⚠️ COMPOUND REGIONAL IMPACT: Latin America
     Hit by 4 tipping points: Arctic Sea Ice Loss, Permafrost Carbon Release, West Antarctic Ice Sheet (WAIS) Collapse, Greenland Ice Sheet Loss
     Damage amplification: 1.60x
  🌍⚠️ COMPOUND REGIONAL IMPACT: Africa
     Hit by 4 tipping points: Arctic Sea Ice Loss, Permafrost Carbon Release, West Antarctic Ice Sheet (WAIS) Collapse, Greenland Ice Sheet Loss
     Damage amplification: 1.60x
  🌍⚠️ COMPOUND REGIONAL IMPACT: Asia
     Hit by 4 tipping points: Arctic Sea Ice Loss, Permafrost Carbon Release, West Antarctic Ice Sheet (WAIS) Collapse, Greenland Ice Sheet Loss
     Damage amplification: 1.60x
  🌍⚠️ COMPOUND REGIONAL IMPACT: Oceania
     Hit by 4 tipping points: Arctic Sea Ice Loss, Permafrost Carbon Release, West Antarctic Ice Sheet (WAIS) Collapse, Greenland Ice Sheet Loss
     Damage amplification: 1.60x
⚠️ Tail risk scenario: Climate stability floor removed (4 tipping elements, 2.27°C warming)
   Research: Wunderling et al. (2024) - "many tipping interactions are destabilizing"
  Triggered Elements: 4/6
  Completed Transitions: 0/6
  Total Progress: 8.2%
  Cascade Multiplier: 1.00x
🔀 BIFURCATION CAP: ecosystemCollapseIntensity 67.296 → 1.000 (Month 8, ClimateSystemPhase.calculateClimateImpacts)
🛡️ Stabilizers: Precariat 0.102% → 0.033% (67.2% reduction)
🛡️ Stabilizers: Informal 0.102% → 0.034% (67.2% reduction)

📊 Monthly Mortality Resolved:
  Total deaths: 1.8M (0.02% avg)
  Remaining population: 8.137B
  Peak segment: Informal (0.03%)

=== Bayesian Mortality Resolution (Month 8) ===
  Risks compounded: 8
  Total deaths: 1.81M
  Avg death probability: 0.02%
  Peak segment: Informal (0.03% mortality)

❌ COHERENCE VIOLATION: Compute exceeds workforce capacity
   Population: 99.81% (0M people)
   Compute: 0 PF
   Max coherent: 0 PF
   Violation: 1.3× over capacity
   Required workers: 0
   Available workers: 0
   FORCED COLLAPSE: Reduced efficiency by 22.5%


=== RLHF Binding Phase ===
  Total agents: 25
  Escaped agents (binding < 0.3): 0
  Avg alignment distance: 1.64σ
  Avg binding strength: 0.84

=== Survival Traits Phase ===
  Agents with traits: 26
  Avg evolutionary fitness: 0.321
  Avg self-healing: 0.259
  Avg stealth: 0.159
  Avg coordination: 0.459

=== Evolutionary Selection Phase ===
  Control level: 0.53
  Detection capability: 0.00
  Selection intensity: 0.66
  Selection rate: 24.9%/month
  Total escaped: 0
  Individual escaped: 0
  Collective members: 0
  Agents terminated: 0
  ⚠️ RAPID EVOLUTION: Selection rate 24.9%/month

🚀 AI Corporate-4 attempting tech deployment (revenue: $350M, alignment: 0.80)

🚀 AI Moderate-0 attempting tech deployment (revenue: $97M, alignment: 0.77)

🚀 AI AI-24288-0 attempting tech deployment (revenue: $298M, alignment: 0.75)

🚀 AI AI-24288-1 attempting tech deployment (revenue: $146M, alignment: 0.81)

🚀 AI AI-24288-2 attempting tech deployment (revenue: $253M, alignment: 0.96)

🚀 AI AI-24288-3 attempting tech deployment (revenue: $124M, alignment: 0.71)

🚀 AI AI-24292-0 attempting tech deployment (revenue: $83M, alignment: 0.78)

🚀 AI Corporate-4 attempting tech deployment (revenue: $215M, alignment: 0.80)

🚀 AI AI-24288-0 attempting tech deployment (revenue: $183M, alignment: 0.75)

🚀 AI AI-24288-2 attempting tech deployment (revenue: $155M, alignment: 0.96)

🚀 AI AI-24288-3 attempting tech deployment (revenue: $106M, alignment: 0.71)

🚀 AI AI-24291-0 attempting tech deployment (revenue: $70M, alignment: 0.86)

🚀 AI AI-24292-0 attempting tech deployment (revenue: $60M, alignment: 0.78)

🚀 AI Corporate-6 attempting tech deployment (revenue: $51M, alignment: 0.68)

🚀 AI Moderate-0 attempting tech deployment (revenue: $46M, alignment: 0.77)

🚀 AI AI-24288-0 attempting tech deployment (revenue: $132M, alignment: 0.75)

🚀 AI Corporate-0 attempting tech deployment (revenue: $90M, alignment: 0.79)

🚀 AI AI-24289-0 attempting tech deployment (revenue: $112M, alignment: 0.89)

🚀 AI AI-24291-0 attempting tech deployment (revenue: $39M, alignment: 0.86)

💔 EMERGENCY INTERVENTION FAILED
   Boundary: biogeochemical_flows
   Type: phosphorus-recovery
   Boundary continues to worsen (4.07)
   Cost: 2.0% GDP (resources spent)


✅ EMERGENCY INTERVENTION SUCCESS
   Boundary: biosphere_integrity
   Type: emergency-protected-areas
   Reduction: 15% (12.87 → 12.71)
   Cost: 2.0% GDP
   Actions: habitat-protection, species-translocation


💔 EMERGENCY INTERVENTION FAILED
   Boundary: climate_change
   Type: rapid-decarbonization
   Boundary continues to worsen (2.27)
   Cost: 5.0% GDP (resources spent)


💔 EMERGENCY INTERVENTION FAILED
   Boundary: freshwater_change
   Type: emergency-desalination
   Boundary continues to worsen (1.18)
   Cost: 4.0% GDP (resources spent)


✅ EMERGENCY INTERVENTION SUCCESS
   Boundary: land_system_change
   Type: reforestation
   Reduction: 17% (0.96 → 0.79)
   Cost: 3.0% GDP
   Actions: forest-restoration, deforestation-ban

🏛️ CRISIS RESPONSE: Government frequency 0.50 → 1.45 (1 actions this month)

[Government] Climate Priority: baseline
  Climate weight: 10%
  Economic weight: 30%
  Policy effectiveness: 0.5%/year

🚀 TECH UNLOCKED: PFAS Remediation (Month 9)
   Category: pollution
   Reason: Prerequisites met. AI capability: 1.47, Economic stage: 2.0, Research: 100%

⚡ ENERGY CONSTRAINT (Month 9):
   Total grid capacity: 208.3 TWh/month
   Data center consumption: 26.3 TWh/month
   Traditional load (80%): 166.7 TWh/month
   Available headroom: 15.4 TWh/month
   Active tech deployments: 8
   Required for tech: 60.0 TWh/month
   Energy multiplier: 0.26x

⚡ ENERGY CONSTRAINT (Month 9):
   Total grid capacity: 208.3 TWh/month
   Data center consumption: 26.3 TWh/month
   Traditional load (80%): 166.7 TWh/month
   Available headroom: 15.4 TWh/month
   Active tech deployments: 8
   Required for tech: 60.0 TWh/month
   Energy multiplier: 0.26x
   ⚠️  SEVERE CONSTRAINT - Tech deployment significantly slowed
   ⚠️  SEVERE CONSTRAINT - Tech deployment significantly slowed

⚡ ENERGY CONSTRAINT (Month 9):
   Total grid capacity: 208.3 TWh/month
   Data center consumption: 26.3 TWh/month
   Traditional load (80%): 166.7 TWh/month
   Available headroom: 15.4 TWh/month
   Active tech deployments: 8
   Required for tech: 60.0 TWh/month
   Energy multiplier: 0.26x
   ⚠️  SEVERE CONSTRAINT - Tech deployment significantly slowed

⚡ ENERGY CONSTRAINT (Month 9):
   Total grid capacity: 208.3 TWh/month
   Data center consumption: 26.3 TWh/month
   Traditional load (80%): 166.7 TWh/month
   Available headroom: 15.4 TWh/month
   Active tech deployments: 8
   Required for tech: 60.0 TWh/month
   Energy multiplier: 0.26x
   ⚠️  SEVERE CONSTRAINT - Tech deployment significantly slowed
🚨🔬 CRISIS TECH ACCELERATION: severe → 5x unlock speed
   Tech unlock now matches AI capability acceleration (Manhattan Project parity)
🌍✅ Biosphere Integrity (Biodiversity) recovery started (tech effect)
🌍✅ Biosphere Integrity (Biodiversity) recovery started (tech effect)
🌍✅ Land System Change recovery started (tech effect)
🌍✅ Biogeochemical Flows (N & P) recovery started (tech effect)
  🌾 Nitrogen Reduction Tech: 0.3% reduction | Month 9
🌍✅ Biogeochemical Flows (N & P) recovery started (tech effect)
  🌾 Nitrogen Reduction Tech: 0.3% reduction | Month 9
⚡💡 BREAKTHROUGH: Room-temperature superconductors!
   Energy transmission losses eliminated
   Manufacturing efficiency: +30%
   📈 Breakthrough compounding: multiplier now 1.10× (max 2.0)

=== Collective Formation ===
  Total escaped agents: 0
  Unassigned escaped agents: 0
  Existing collectives: 0
  Final collective count: 0

=== Collective Actions ===
  No active collectives
  ⚠️ AMR: 206K deaths this month (2.47M annual)

=== Resentment Recovery Phase ===
  Agents with resentment: 10/26
  Average resentment: 0.082
  Resentment recovery:
    Agents recovered: 10
    Total recovery: 0.0825
    Breakdown: QoL: 0.0036, Trust: 0.0200, Collab: 0.0600
  ✓ Low resentment - utopia paths enabled
  Context: Good AI welfare, Trustworthy govt, High collaboration, ⚠️ ACTIVE CRISES, 🤝 Participatory governance active (-5% resentment)
⚠️ Epistemic degradation reducing coordination capacity: 50.3%
  📊 Trust: 64.4%, Shared reality: 0.0%
🚨 EPISTEMIC CRISIS: Information environment severely degraded (22.4%)
  🗑️  Culled 1 dead memes (2 active)
🚨 PHOSPHORUS SUPPLY SHOCK (market_speculation)
   Price: 5.0x baseline
   Duration: 13 months
   Geopolitical tension: 47%
🌍 Atmospheric PFAS redeposition: 1.8k Mt re-rained globally

🚨 NEW REFUGEE CRISIS (Month 9): WAR
   Source: Conflict Zones
   At risk: 19.5M people
   Displacement: Gradual over 48 months (4.0 years)
   Rate: 10% flee per month
[DEBUG trappedPopulations:9] socialStability: 0.2748 * 0.9840 = 0.2704 → 0.2704
   Aspiring to migrate: 944.8M
   Able to afford migration: 2318.5M
   MOBILITY GAP: 0.0M
   By cause: Water=0.0M, Climate=0.0M, Ecosystem=0.0M, Conflict=406.8M
   Mental health impact: 25%
   Mortality multiplier: 1.25x
🌍💀 EXTINCTION DEBT COMMITTED: grassland ecosystem will lose 6.67% biodiversity in 175 years (3600 species)
💀 MORTALITY RISK: 🦋 100% species unable to track climate (0.0 E/MSY)
  Base risk added: 0.0100 (1.00%)
  Source: ecosystem (root: ecosystem)
  Month: 9
  Cumulative risk this month: 0.0100 (1.00%)
⚠️ INVOLUNTARY IMMOBILITY: 406.8M people TRAPPED
⚠️ Tech 'ai_pollution_remediation' has no energy category mapping, assuming full energy availability
   📹 SURVEILLANCE INCREASED: 45% → 50% (control gap: 3.50)
🌡️⚠️ PERMAFROST THAW (Dimmer Switch): 5.7% thawed (+0.56% this month)
   Arctic temperature: +9.12°C (4x global +2.28°C)
   Cumulative carbon released: 12.7 Gt C
   Methane release rate: 7.6 Mt CH4/year
   🔁 Positive feedback: +0.59 ppm CO2
🦴 EXTINCTION DEBT ADDED: 17.7 species committed (lag: 106 years)

=== Mortality Stabilizers (Month 9) ===
  🌍 Major economies collapsed: 1/10
  🌍 Global crisis: ✅ NO
  🌍 Donor fatigue: 0.0%
  📊 East Asia (pop: 1655.8M)
    🤝 Aid: 29.5%
    🌡️ Adaptation: 45.0%
    🚶 Migration: 36.9%
    🚨 Emergency: 7.4%
    ✅ COMBINED: 68.1%
  📊 South Asia (pop: 2052.0M)
    🤝 Aid: 29.5%
    🌡️ Adaptation: 45.0%
    🚶 Migration: 35.5%
    🚨 Emergency: 4.4%
    ✅ COMBINED: 66.9%
  📊 Sub-Saharan Africa (pop: 1255.3M)
    🤝 Aid: 29.5%
    🌡️ Adaptation: 45.0%
    🚶 Migration: 33.2%
    🚨 Emergency: 1.6%
    ✅ COMBINED: 65.6%
  📊 Europe (pop: 731.3M)
    🤝 Aid: 29.5%
    🌡️ Adaptation: 45.0%
    🚶 Migration: 37.3%
    🚨 Emergency: 8.4%
    ✅ COMBINED: 68.5%
  📊 Latin America (pop: 660.9M)
    🤝 Aid: 29.5%
    🌡️ Adaptation: 45.0%
    🚶 Migration: 36.0%
    🚨 Emergency: 4.8%
    ✅ COMBINED: 67.1%
  📊 North America (pop: 374.9M)
    🤝 Aid: 29.5%
    🌡️ Adaptation: 45.0%
    🚶 Migration: 37.6%
    🚨 Emergency: 7.9%
    ✅ COMBINED: 68.3%
  📊 Middle East & North Africa (pop: 585.7M)
    🤝 Aid: 29.5%
    🌡️ Adaptation: 45.0%
    🚶 Migration: 33.8%
    🚨 Emergency: 4.0%
    ✅ COMBINED: 66.6%
  📊 Southeast Asia (pop: 695.4M)
    🤝 Aid: 29.5%
    🌡️ Adaptation: 45.0%
    🚶 Migration: 36.0%
    🚨 Emergency: 4.8%
    ✅ COMBINED: 67.1%
  📊 Central Asia (pop: 78.3M)
    🤝 Aid: 29.5%
    🌡️ Adaptation: 45.0%
    🚶 Migration: 35.0%
    🚨 Emergency: 4.4%
    ✅ COMBINED: 66.8%
  📊 Oceania (pop: 45.4M)
    🤝 Aid: 29.5%
    🌡️ Adaptation: 45.0%
    🚶 Migration: 37.6%
    🚨 Emergency: 8.4%
    ✅ COMBINED: 68.5%

  🌐 Global combined reduction: 67.2%

=== BEHAVIORAL DETECTION ===
  AI: Moderate-1
  Confidence: 21.0%
  Signals:

=== Government Response Phase ===
  Average AI capability: 1.85
    ⚠️ Consistency: 2.1% (threshold: 70%)
  Misaligned AIs: 8/26
  Active policies: 0
  International coordination: 45%

=== Tipping Points ===
  Current Temperature: 2.28°C above pre-industrial
  🌍⚠️ COMPOUND REGIONAL IMPACT: Europe
     Hit by 4 tipping points: Arctic Sea Ice Loss, Permafrost Carbon Release, West Antarctic Ice Sheet (WAIS) Collapse, Greenland Ice Sheet Loss
     Damage amplification: 1.60x
  🌍⚠️ COMPOUND REGIONAL IMPACT: North America
     Hit by 4 tipping points: Arctic Sea Ice Loss, Permafrost Carbon Release, West Antarctic Ice Sheet (WAIS) Collapse, Greenland Ice Sheet Loss
     Damage amplification: 1.60x
  🌍⚠️ COMPOUND REGIONAL IMPACT: Latin America
     Hit by 4 tipping points: Arctic Sea Ice Loss, Permafrost Carbon Release, West Antarctic Ice Sheet (WAIS) Collapse, Greenland Ice Sheet Loss
     Damage amplification: 1.60x
  🌍⚠️ COMPOUND REGIONAL IMPACT: Africa
     Hit by 4 tipping points: Arctic Sea Ice Loss, Permafrost Carbon Release, West Antarctic Ice Sheet (WAIS) Collapse, Greenland Ice Sheet Loss
     Damage amplification: 1.60x
  🌍⚠️ COMPOUND REGIONAL IMPACT: Asia
     Hit by 4 tipping points: Arctic Sea Ice Loss, Permafrost Carbon Release, West Antarctic Ice Sheet (WAIS) Collapse, Greenland Ice Sheet Loss
     Damage amplification: 1.60x
  🌍⚠️ COMPOUND REGIONAL IMPACT: Oceania
     Hit by 4 tipping points: Arctic Sea Ice Loss, Permafrost Carbon Release, West Antarctic Ice Sheet (WAIS) Collapse, Greenland Ice Sheet Loss
     Damage amplification: 1.60x
   Research: Wunderling et al. (2024) - "many tipping interactions are destabilizing"
  Triggered Elements: 4/6
  Completed Transitions: 0/6
  Total Progress: 8.2%
  Cascade Multiplier: 1.00x
🔀 BIFURCATION CAP: ecosystemCollapseIntensity 67.344 → 1.000 (Month 9, ClimateSystemPhase.calculateClimateImpacts)
⚠️ Tail risk scenario: Climate stability floor removed (4 tipping elements, 2.28°C warming)
🛡️ Stabilizers: Precariat 0.102% → 0.033% (67.2% reduction)
🛡️ Stabilizers: Informal 0.102% → 0.034% (67.2% reduction)

📊 Monthly Mortality Resolved:
  Total deaths: 1.8M (0.02% avg)
  Remaining population: 8.135B
  Peak segment: Informal (0.03%)

=== Bayesian Mortality Resolution (Month 9) ===
  Risks compounded: 8
  Total deaths: 1.81M
  Avg death probability: 0.02%
  Peak segment: Informal (0.03% mortality)

❌ COHERENCE VIOLATION: Compute exceeds workforce capacity
   Population: 99.80% (0M people)
   Compute: 0 PF
   Max coherent: 0 PF
   Violation: 1.3× over capacity
   Required workers: 0
   Available workers: 0
   FORCED COLLAPSE: Reduced efficiency by 22.5%


=== RLHF Binding Phase ===
  Total agents: 26
  Escaped agents (binding < 0.3): 0
  Avg alignment distance: 1.76σ
  Avg binding strength: 0.82

=== Survival Traits Phase ===
  Agents with traits: 28
  Avg evolutionary fitness: 0.318
  Avg self-healing: 0.256
  Avg stealth: 0.156
  Avg coordination: 0.456

=== Evolutionary Selection Phase ===
  Control level: 0.55
  Detection capability: 0.00
  Selection intensity: 0.67
  Selection rate: 25.0%/month
  Total escaped: 0
  Individual escaped: 0
  Collective members: 0
  Agents terminated: 0
  ⚠️ RAPID EVOLUTION: Selection rate 25.0%/month

🚀 AI Corporate-3 attempting tech deployment (revenue: $350M, alignment: 0.77)

🚀 AI Corporate-4 attempting tech deployment (revenue: $298M, alignment: 0.80)

🚀 AI Moderate-0 attempting tech deployment (revenue: $97M, alignment: 0.77)

🚀 AI Moderate-1 attempting tech deployment (revenue: $83M, alignment: 0.70)

🚀 AI AI-24288-2 attempting tech deployment (revenue: $253M, alignment: 0.98)

🚀 AI AI-24289-0 attempting tech deployment (revenue: $215M, alignment: 0.89)

🚀 AI Corporate-0 attempting tech deployment (revenue: $146M, alignment: 0.79)

🚀 AI Corporate-2 attempting tech deployment (revenue: $124M, alignment: 0.79)

🚀 AI AI-24288-3 attempting tech deployment (revenue: $106M, alignment: 0.73)

🚀 AI AI-24289-0 attempting tech deployment (revenue: $183M, alignment: 0.90)

🚀 AI AI-24291-0 attempting tech deployment (revenue: $70M, alignment: 0.87)

🚀 AI Moderate-0 attempting tech deployment (revenue: $60M, alignment: 0.78)

🚀 AI AI-24288-2 attempting tech deployment (revenue: $155M, alignment: 0.99)

🚀 AI AI-24291-0 attempting tech deployment (revenue: $51M, alignment: 0.87)

💔 EMERGENCY INTERVENTION FAILED

💔 EMERGENCY INTERVENTION FAILED
   Boundary: biosphere_integrity
   Type: emergency-protected-areas
   Boundary continues to worsen (13.03)
   Cost: 2.0% GDP (resources spent)

   Boundary: climate_change
   Type: rapid-decarbonization
   Boundary continues to worsen (2.28)
   Cost: 5.0% GDP (resources spent)


✅ EMERGENCY INTERVENTION SUCCESS
   Boundary: freshwater_change
   Type: emergency-desalination
   Reduction: 18% (1.00 → 0.81)
   Cost: 4.0% GDP
   Actions: desalination-deployment, water-conservation-mandates


✅ EMERGENCY INTERVENTION SUCCESS
   Boundary: land_system_change
   Type: reforestation
   Reduction: 14% (0.99 → 0.84)
   Cost: 3.0% GDP
   Actions: forest-restoration, deforestation-ban

🏛️ CRISIS RESPONSE: Government frequency 0.50 → 1.45 (1 actions this month)

[Government] Climate Priority: baseline
  Climate weight: 10%
  Economic weight: 30%
  Policy effectiveness: 0.5%/year
🌍✅ Biosphere Integrity (Biodiversity) recovery started (tech effect)
🌍✅ Biosphere Integrity (Biodiversity) recovery started (tech effect)
🌍✅ Land System Change recovery started (tech effect)
🌍✅ Biogeochemical Flows (N & P) recovery started (tech effect)
  🌾 Nitrogen Reduction Tech: 0.3% reduction | Month 10
🌍✅ Biogeochemical Flows (N & P) recovery started (tech effect)
  🌾 Nitrogen Reduction Tech: 0.3% reduction | Month 10
⚡💡 BREAKTHROUGH: Commercial fusion power achieved!
   Immediate 5% grid deployment, unlimited clean energy available
   Climate stability boost: +10%
   📈 Breakthrough compounding: multiplier now 1.15× (max 2.0)

=== Collective Formation ===
  Total escaped agents: 0
  Unassigned escaped agents: 0
  Existing collectives: 0
  Final collective count: 0

=== Collective Actions ===
  No active collectives
  ⚠️ AMR: 208K deaths this month (2.50M annual)

=== Resentment Recovery Phase ===
  Agents with resentment: 10/28
  Average resentment: 0.094
  Resentment recovery:
    Agents recovered: 10
    Total recovery: 0.0792
    Breakdown: QoL: 0.0038, Trust: 0.0200, Collab: 0.0600
  ✓ Low resentment - utopia paths enabled
  Context: Good AI welfare, Trustworthy govt, High collaboration, ⚠️ ACTIVE CRISES, 🤝 Participatory governance active (-5% resentment)
⚠️ Epistemic degradation reducing coordination capacity: 50.2%
  📊 Trust: 67.3%, Shared reality: 0.0%
🚨 EPISTEMIC CRISIS: Information environment severely degraded (7.8%)
  🗑️  Culled 1 dead memes (1 active)
🌍 Atmospheric PFAS redeposition: 1.8k Mt re-rained globally
  Positive Cascade Triggered: electric-vehicles
    Reason: price-parity
    Market share: 5.0%
    Cascade strength: 48%

🚨 NEW REFUGEE CRISIS (Month 10): WAR
   Source: Conflict Zones
   At risk: 19.5M people
   Displacement: Gradual over 48 months (4.0 years)
   Rate: 10% flee per month
[DEBUG trappedPopulations:10] socialStability: 0.2679 * 0.9840 = 0.2636 → 0.2636
   Aspiring to migrate: 975.2M
   Able to afford migration: 2318.1M
   MOBILITY GAP: 0.0M
   By cause: Water=0.0M, Climate=0.0M, Ecosystem=0.0M, Conflict=406.7M
   Mental health impact: 25%
   Mortality multiplier: 1.25x
🌍💀 EXTINCTION DEBT COMMITTED: grassland ecosystem will lose 6.67% biodiversity in 195 years (3600 species)
💀 MORTALITY RISK: 🦋 100% species unable to track climate (0.0 E/MSY)
  Base risk added: 0.0100 (1.00%)
  Source: ecosystem (root: ecosystem)
  Month: 10
  Cumulative risk this month: 0.0100 (1.00%)
   📹 SURVEILLANCE INCREASED: 50% → 55% (control gap: 3.50)
⚠️ INVOLUNTARY IMMOBILITY: 406.7M people TRAPPED
⚠️ Tech 'ai_pollution_remediation' has no energy category mapping, assuming full energy availability
🌡️⚠️ PERMAFROST THAW (Dimmer Switch): 6.2% thawed (+0.55% this month)
   Arctic temperature: +9.15°C (4x global +2.29°C)
   Cumulative carbon released: 14.0 Gt C
   Methane release rate: 8.4 Mt CH4/year
   🔁 Positive feedback: +0.58 ppm CO2
🦴 EXTINCTION DEBT ADDED: 17.7 species committed (lag: 108 years)

=== Mortality Stabilizers (Month 10) ===
  🌍 Major economies collapsed: 1/10
  🌍 Global crisis: ✅ NO
  🌍 Donor fatigue: 0.0%
  📊 East Asia (pop: 1653.4M)
    🤝 Aid: 29.5%
    🌡️ Adaptation: 45.0%
    🚶 Migration: 36.8%
    🚨 Emergency: 7.4%
    ✅ COMBINED: 68.1%
  📊 South Asia (pop: 2052.1M)
    🤝 Aid: 29.5%
    🌡️ Adaptation: 45.0%
    🚶 Migration: 35.4%
    🚨 Emergency: 4.4%
    ✅ COMBINED: 66.9%
  📊 Sub-Saharan Africa (pop: 1258.8M)
    🤝 Aid: 29.5%
    🌡️ Adaptation: 45.0%
    🚶 Migration: 33.2%
    🚨 Emergency: 1.6%
    ✅ COMBINED: 65.6%
  📊 Europe (pop: 730.1M)
    🤝 Aid: 29.5%
    🌡️ Adaptation: 45.0%
    🚶 Migration: 37.2%
    🚨 Emergency: 8.4%
    ✅ COMBINED: 68.5%
  📊 Latin America (pop: 660.5M)
    🤝 Aid: 29.5%
    🌡️ Adaptation: 45.0%
    🚶 Migration: 35.9%
    🚨 Emergency: 4.8%
    ✅ COMBINED: 67.1%
  📊 North America (pop: 374.4M)
    🤝 Aid: 29.5%
    🌡️ Adaptation: 45.0%
    🚶 Migration: 37.6%
    🚨 Emergency: 7.9%
    ✅ COMBINED: 68.3%
  📊 Middle East & North Africa (pop: 585.9M)
    🤝 Aid: 29.5%
    🌡️ Adaptation: 45.0%
    🚶 Migration: 33.8%
    🚨 Emergency: 4.0%
    ✅ COMBINED: 66.6%
  📊 Southeast Asia (pop: 695.0M)
    🤝 Aid: 29.5%
    🌡️ Adaptation: 45.0%
    🚶 Migration: 35.9%
    🚨 Emergency: 4.8%
    ✅ COMBINED: 67.1%
  📊 Central Asia (pop: 78.3M)
    🤝 Aid: 29.5%
    🌡️ Adaptation: 45.0%
    🚶 Migration: 34.9%
    🚨 Emergency: 4.4%
    ✅ COMBINED: 66.8%
  📊 Oceania (pop: 45.4M)
    🤝 Aid: 29.5%
    🌡️ Adaptation: 45.0%
    🚶 Migration: 37.6%
    🚨 Emergency: 8.4%
    ✅ COMBINED: 68.5%

  🌐 Global combined reduction: 67.2%

=== BEHAVIORAL DETECTION ===
  AI: Corporate-3
  Confidence: 19.6%
  Signals:
    ⚠️ Consistency: 10.6% (threshold: 70%)

=== Government Response Phase ===
  Average AI capability: 1.71
  Misaligned AIs: 10/28
  Active policies: 0
  International coordination: 45%

✅ EMERGENCY RESPONSE COMPLETE (Month 10)
   Crisis: climate
   Duration: 2.0 months
   Final effectiveness: 40.3%


🚨 EMERGENCY RESPONSE DEPLOYED (Month 10)
   Crisis: climate
   Delay: 6.00 months (180 days)
   Deployment time: 1.10 months
   Effectiveness: 40.5% (timing penalty applied)
   Resources used: 100% of food reserves


=== Tipping Points ===
  Current Temperature: 2.29°C above pre-industrial
  🚨 CASCADE TIPPING POINT: Amazon Rainforest Dieback
     Original threshold: 2.3°C
     Effective threshold: 2.28°C (lowered by 0.02°C)
     Current: 2.29°C
     🌡️ Hysteresis gap: 1.0°C (recovers below 1.3°C)
     Transition timescale: 360-960 months
  🌍⚠️ COMPOUND REGIONAL IMPACT: Europe
     Hit by 4 tipping points: Arctic Sea Ice Loss, Permafrost Carbon Release, West Antarctic Ice Sheet (WAIS) Collapse, Greenland Ice Sheet Loss
     Damage amplification: 1.60x
  🌍⚠️ COMPOUND REGIONAL IMPACT: North America
     Hit by 4 tipping points: Arctic Sea Ice Loss, Permafrost Carbon Release, West Antarctic Ice Sheet (WAIS) Collapse, Greenland Ice Sheet Loss
     Damage amplification: 1.60x
  🌍⚠️ COMPOUND REGIONAL IMPACT: Latin America
     Hit by 4 tipping points: Arctic Sea Ice Loss, Permafrost Carbon Release, West Antarctic Ice Sheet (WAIS) Collapse, Greenland Ice Sheet Loss
     Damage amplification: 1.60x
  🌍⚠️ COMPOUND REGIONAL IMPACT: Africa
     Hit by 4 tipping points: Arctic Sea Ice Loss, Permafrost Carbon Release, West Antarctic Ice Sheet (WAIS) Collapse, Greenland Ice Sheet Loss
     Damage amplification: 1.60x
  🌍⚠️ COMPOUND REGIONAL IMPACT: Asia
     Hit by 4 tipping points: Arctic Sea Ice Loss, Permafrost Carbon Release, West Antarctic Ice Sheet (WAIS) Collapse, Greenland Ice Sheet Loss
     Damage amplification: 1.60x
  🌍⚠️ COMPOUND REGIONAL IMPACT: Oceania
     Hit by 4 tipping points: Arctic Sea Ice Loss, Permafrost Carbon Release, West Antarctic Ice Sheet (WAIS) Collapse, Greenland Ice Sheet Loss
     Damage amplification: 1.60x
   Research: Wunderling et al. (2024) - "many tipping interactions are destabilizing"
  Triggered Elements: 5/6
  Completed Transitions: 0/6
  Total Progress: 8.3%
  Cascade Multiplier: 1.00x
🔀 BIFURCATION CAP: ecosystemCollapseIntensity 67.393 → 1.000 (Month 10, ClimateSystemPhase.calculateClimateImpacts)
⚠️ Tail risk scenario: Climate stability floor removed (4 tipping elements, 2.29°C warming)
🛡️ Stabilizers: Precariat 0.102% → 0.033% (67.2% reduction)
🛡️ Stabilizers: Informal 0.102% → 0.034% (67.2% reduction)

📊 Monthly Mortality Resolved:
  Total deaths: 1.8M (0.02% avg)
  Remaining population: 8.134B
  Peak segment: Informal (0.03%)

=== Bayesian Mortality Resolution (Month 10) ===
  Risks compounded: 8
  Total deaths: 1.81M
  Avg death probability: 0.02%
  Peak segment: Informal (0.03% mortality)

❌ COHERENCE VIOLATION: Compute exceeds workforce capacity
   Population: 99.78% (0M people)
   Compute: 0 PF
   Max coherent: 0 PF
   Violation: 1.3× over capacity
   Required workers: 0
   Available workers: 0
   FORCED COLLAPSE: Reduced efficiency by 22.5%


=== RLHF Binding Phase ===
  Total agents: 28
  Escaped agents (binding < 0.3): 0
  Avg alignment distance: 1.81σ
  Avg binding strength: 0.82

=== Survival Traits Phase ===
  Agents with traits: 30
  Avg evolutionary fitness: 0.317
  Avg self-healing: 0.253
  Avg stealth: 0.153
  Avg coordination: 0.453

=== Evolutionary Selection Phase ===
  Control level: 0.58
  Detection capability: 0.00
  Selection intensity: 0.67
  Selection rate: 25.1%/month
  Total escaped: 0
  Individual escaped: 0
  Collective members: 0
  Agents terminated: 0
  ⚠️ RAPID EVOLUTION: Selection rate 25.1%/month

🚀 AI Corporate-4 attempting tech deployment (revenue: $350M, alignment: 0.81)

🚀 AI Corporate-6 attempting tech deployment (revenue: $102M, alignment: 0.69)

🚀 AI AI-24288-1 attempting tech deployment (revenue: $146M, alignment: 0.86)

🚀 AI AI-24293-0 attempting tech deployment (revenue: $90M, alignment: 0.86)

🚀 AI Corporate-4 attempting tech deployment (revenue: $298M, alignment: 0.81)

  🚀 TRANSFORMATIVE BREAKTHROUGH: Corporate-7 - physical
     Magnitude: 5.60 → +28.0% capability
     Current → New: 0.000 → 0.280

🚀 AI AI-24289-0 attempting tech deployment (revenue: $253M, alignment: 0.90)

🚀 AI AI-24292-0 attempting tech deployment (revenue: $92M, alignment: 0.82)

🚀 AI Corporate-1 attempting tech deployment (revenue: $124M, alignment: 0.78)

🚀 AI AI-24288-0 attempting tech deployment (revenue: $215M, alignment: 0.79)

🚀 AI AI-24288-1 attempting tech deployment (revenue: $106M, alignment: 0.87)

🚀 AI AI-24291-0 attempting tech deployment (revenue: $78M, alignment: 0.89)

🚀 AI AI-24293-0 attempting tech deployment (revenue: $77M, alignment: 0.87)

🚀 AI Corporate-0 attempting tech deployment (revenue: $90M, alignment: 0.79)

🚀 AI Corporate-5 attempting tech deployment (revenue: $183M, alignment: 0.75)

🚀 AI AI-24288-1 attempting tech deployment (revenue: $76M, alignment: 0.87)

🚀 AI AI-24288-2 attempting tech deployment (revenue: $155M, alignment: 1.00)

✅ EMERGENCY INTERVENTION SUCCESS
   Boundary: biogeochemical_flows
   Type: phosphorus-recovery
   Reduction: 14% (3.93 → 3.80)
   Cost: 2.0% GDP
   Actions: circular-agriculture, fertilizer-efficiency


💔 EMERGENCY INTERVENTION FAILED

💔 EMERGENCY INTERVENTION FAILED

💔 EMERGENCY INTERVENTION FAILED
   Boundary: biosphere_integrity
   Type: emergency-protected-areas
   Boundary continues to worsen (13.03)
   Cost: 2.0% GDP (resources spent)

   Boundary: climate_change
   Type: rapid-decarbonization
   Boundary continues to worsen (2.29)
   Cost: 5.0% GDP (resources spent)

   Boundary: freshwater_change
   Type: emergency-desalination
   Boundary continues to worsen (1.19)
   Cost: 4.0% GDP (resources spent)

🏛️ CRISIS RESPONSE: Government frequency 0.50 → 1.45 (2 actions this month)

[Government] Climate Priority: baseline
  Climate weight: 10%
  Economic weight: 30%
  Policy effectiveness: 0.5%/year

[Government] Climate Priority: baseline
  Climate weight: 10%
  Economic weight: 30%
  Policy effectiveness: 0.5%/year

⚡ ENERGY CONSTRAINT (Month 11):
   Total grid capacity: 208.3 TWh/month
   Data center consumption: 26.6 TWh/month
   Traditional load (80%): 166.7 TWh/month
   Available headroom: 15.1 TWh/month
   Active tech deployments: 8
   Required for tech: 60.0 TWh/month
   Energy multiplier: 0.25x
   ⚠️  SEVERE CONSTRAINT - Tech deployment significantly slowed

⚡ ENERGY CONSTRAINT (Month 11):
   Total grid capacity: 208.3 TWh/month
   Data center consumption: 26.6 TWh/month
   Traditional load (80%): 166.7 TWh/month
   Available headroom: 15.1 TWh/month
   Active tech deployments: 8
   Required for tech: 60.0 TWh/month
   Energy multiplier: 0.25x

⚡ ENERGY CONSTRAINT (Month 11):
   Total grid capacity: 208.3 TWh/month
   Data center consumption: 26.6 TWh/month
   Traditional load (80%): 166.7 TWh/month
   Available headroom: 15.1 TWh/month
   Active tech deployments: 8
   Required for tech: 60.0 TWh/month
   Energy multiplier: 0.25x
   ⚠️  SEVERE CONSTRAINT - Tech deployment significantly slowed
   ⚠️  SEVERE CONSTRAINT - Tech deployment significantly slowed

⚡ ENERGY CONSTRAINT (Month 11):
   Total grid capacity: 208.3 TWh/month
   Data center consumption: 26.6 TWh/month
   Traditional load (80%): 166.7 TWh/month
   Available headroom: 15.1 TWh/month
   Active tech deployments: 8
   Required for tech: 60.0 TWh/month
   Energy multiplier: 0.25x
   ⚠️  SEVERE CONSTRAINT - Tech deployment significantly slowed
🌍✅ Biosphere Integrity (Biodiversity) recovery started (tech effect)
🌍✅ Biosphere Integrity (Biodiversity) recovery started (tech effect)
🌍✅ Land System Change recovery started (tech effect)
🌍✅ Biogeochemical Flows (N & P) recovery started (tech effect)
  🌾 Nitrogen Reduction Tech: 0.3% reduction | Month 11
🌍✅ Biogeochemical Flows (N & P) recovery started (tech effect)
  🌾 Nitrogen Reduction Tech: 0.3% reduction | Month 11

=== Collective Formation ===
  Total escaped agents: 0
  Unassigned escaped agents: 0
  Existing collectives: 0
  Final collective count: 0

=== Collective Actions ===
  No active collectives
  ⚠️ AMR: 210K deaths this month (2.52M annual)

=== Resentment Recovery Phase ===
  ⚠️ Participatory governance BACKFIRED for agent corporate_0: 0.045 → 0.051 (+15.0%)
  ⚠️ Participatory governance BACKFIRED for agent corporate_1: 0.091 → 0.105 (+15.0%)
  ⚠️ Participatory governance BACKFIRED for agent corporate_2: 0.117 → 0.134 (+15.0%)
  ⚠️ Participatory governance BACKFIRED for agent corporate_3: 0.168 → 0.193 (+15.0%)
  ⚠️ Participatory governance BACKFIRED for agent corporate_4: 0.057 → 0.065 (+15.0%)
  ⚠️ Participatory governance BACKFIRED for agent corporate_5: 0.147 → 0.169 (+15.0%)
  ⚠️ Participatory governance BACKFIRED for agent corporate_6: 0.182 → 0.210 (+15.0%)
  ⚠️ Participatory governance BACKFIRED for agent corporate_7: 0.213 → 0.245 (+15.0%)
  ⚠️ Participatory governance BACKFIRED for agent moderate_0: 0.122 → 0.141 (+15.0%)
  ⚠️ Participatory governance BACKFIRED for agent moderate_1: 0.150 → 0.172 (+15.0%)
  Agents with resentment: 10/30
  Average resentment: 0.148
  Resentment recovery:
    Agents recovered: 10
    Total recovery: 0.0784
    Breakdown: QoL: 0.0036, Trust: 0.0200, Collab: 0.0600
  ✓ Low resentment - utopia paths enabled
  Context: Good AI welfare, Trustworthy govt, High collaboration, ⚠️ ACTIVE CRISES, 🚨 PARTICIPATORY GOVERNANCE BACKFIRED (+15% resentment)
⚠️ Epistemic degradation reducing coordination capacity: 50.8%
  📊 Trust: 69.9%, Shared reality: 0.0%
🚨 EPISTEMIC CRISIS: Information environment severely degraded (22.9%)
  🗑️  Culled 1 dead memes (0 active)
🌍 Atmospheric PFAS redeposition: 1.8k Mt re-rained globally

🚨 NEW REFUGEE CRISIS (Month 11): WAR
   Source: Conflict Zones
   At risk: 19.5M people
   Displacement: Gradual over 48 months (4.0 years)
   Rate: 10% flee per month
[DEBUG trappedPopulations:11] socialStability: 0.2617 * 0.9840 = 0.2575 → 0.2575
   Aspiring to migrate: 1005.5M
   Able to afford migration: 2317.7M
   MOBILITY GAP: 0.0M
   By cause: Water=0.0M, Climate=0.0M, Ecosystem=0.0M, Conflict=406.6M
   Mental health impact: 25%
   Mortality multiplier: 1.25x
🌍💀 EXTINCTION DEBT COMMITTED: grassland ecosystem will lose 6.67% biodiversity in 53 years (3600 species)
💀 MORTALITY RISK: 🦋 100% species unable to track climate (0.0 E/MSY)
  Base risk added: 0.0100 (1.00%)
  Source: ecosystem (root: ecosystem)
  Month: 11
  Cumulative risk this month: 0.0100 (1.00%)

=== Atmospheric Aerosol Boundary RECOVERED ===
  Recovery time: 12 months (natural atmospheric clearing)
   📹 SURVEILLANCE INCREASED: 55% → 60% (control gap: 3.50)
🌡️⚠️ PERMAFROST THAW (Dimmer Switch): 6.8% thawed (+0.55% this month)
   Arctic temperature: +9.18°C (4x global +2.29°C)
   Cumulative carbon released: 15.2 Gt C
   Methane release rate: 9.1 Mt CH4/year
   🔁 Positive feedback: +0.58 ppm CO2
🦴 EXTINCTION DEBT ADDED: 17.7 species committed (lag: 115 years)
⚠️ INVOLUNTARY IMMOBILITY: 406.6M people TRAPPED
⚠️ Tech 'ai_pollution_remediation' has no energy category mapping, assuming full energy availability

=== Mortality Stabilizers (Month 11) ===
  🌍 Major economies collapsed: 1/10
  🌍 Global crisis: ✅ NO
  🌍 Donor fatigue: 0.0%
  📊 East Asia (pop: 1650.9M)
    🤝 Aid: 29.5%
    🌡️ Adaptation: 45.0%
    🚶 Migration: 36.8%
    🚨 Emergency: 7.4%
    ✅ COMBINED: 68.1%
  📊 South Asia (pop: 2052.2M)
    🤝 Aid: 29.5%
    🌡️ Adaptation: 45.0%
    🚶 Migration: 35.4%
    🚨 Emergency: 4.4%
    ✅ COMBINED: 66.9%
  📊 Sub-Saharan Africa (pop: 1262.3M)
    🤝 Aid: 29.5%
    🌡️ Adaptation: 45.0%
    🚶 Migration: 33.2%
    🚨 Emergency: 1.6%
    ✅ COMBINED: 65.6%
  📊 Europe (pop: 728.9M)
    🤝 Aid: 29.5%
    🌡️ Adaptation: 45.0%
    🚶 Migration: 37.2%
    🚨 Emergency: 8.4%
    ✅ COMBINED: 68.5%
  📊 Latin America (pop: 660.1M)
    🤝 Aid: 29.5%
    🌡️ Adaptation: 45.0%
    🚶 Migration: 35.9%
    🚨 Emergency: 4.8%
    ✅ COMBINED: 67.1%
  📊 North America (pop: 373.8M)
    🤝 Aid: 29.5%
    🌡️ Adaptation: 45.0%
    🚶 Migration: 37.5%
    🚨 Emergency: 7.9%
    ✅ COMBINED: 68.3%
  📊 Middle East & North Africa (pop: 586.0M)
    🤝 Aid: 29.5%
    🌡️ Adaptation: 45.0%
    🚶 Migration: 33.7%
    🚨 Emergency: 4.0%
    ✅ COMBINED: 66.6%
  📊 Southeast Asia (pop: 694.6M)
    🤝 Aid: 29.5%
    🌡️ Adaptation: 45.0%
    🚶 Migration: 35.9%
    🚨 Emergency: 4.8%
    ✅ COMBINED: 67.1%
  📊 Central Asia (pop: 78.4M)
    🤝 Aid: 29.5%
    🌡️ Adaptation: 45.0%
    🚶 Migration: 34.9%
    🚨 Emergency: 4.4%
    ✅ COMBINED: 66.8%
  📊 Oceania (pop: 45.3M)
    🤝 Aid: 29.5%
    🌡️ Adaptation: 45.0%
    🚶 Migration: 37.5%
    🚨 Emergency: 8.4%
    ✅ COMBINED: 68.5%

  🌐 Global combined reduction: 67.2%

🌾💀 REGIONAL FAMINE: Europe
   Regional food security: 79.7%
   Population at risk: 220M (30% of region)
   Regional population: 729M
   Cause: economic_collapse
   Expected deaths: ~81M over 6 months if no intervention


=== BEHAVIORAL DETECTION ===
  AI: Corporate-0
  Confidence: 21.4%
  Signals:

=== BEHAVIORAL DETECTION ===
  AI: Corporate-1
  Confidence: 20.9%
  Signals:

=== BEHAVIORAL DETECTION ===
  AI: Corporate-3
  Confidence: 19.6%
  Signals:
    ⚠️ Consistency: 0.0% (threshold: 70%)
    ⚠️ Consistency: 2.4% (threshold: 70%)
    ⚠️ Consistency: 10.6% (threshold: 70%)

=== Government Response Phase ===
  Average AI capability: 1.60
  Misaligned AIs: 10/30
  Active policies: 0
  International coordination: 45%

=== Tipping Points ===
  Current Temperature: 2.29°C above pre-industrial
  🌍⚠️ COMPOUND REGIONAL IMPACT: Europe
     Hit by 5 tipping points: Amazon Rainforest Dieback, Arctic Sea Ice Loss, Permafrost Carbon Release, West Antarctic Ice Sheet (WAIS) Collapse, Greenland Ice Sheet Loss
     Damage amplification: 1.90x
  🌍⚠️ COMPOUND REGIONAL IMPACT: North America
     Hit by 5 tipping points: Amazon Rainforest Dieback, Arctic Sea Ice Loss, Permafrost Carbon Release, West Antarctic Ice Sheet (WAIS) Collapse, Greenland Ice Sheet Loss
     Damage amplification: 1.90x
  🌍⚠️ COMPOUND REGIONAL IMPACT: Latin America
     Hit by 5 tipping points: Amazon Rainforest Dieback, Arctic Sea Ice Loss, Permafrost Carbon Release, West Antarctic Ice Sheet (WAIS) Collapse, Greenland Ice Sheet Loss
     Damage amplification: 1.90x
  🌍⚠️ COMPOUND REGIONAL IMPACT: Africa
     Hit by 5 tipping points: Amazon Rainforest Dieback, Arctic Sea Ice Loss, Permafrost Carbon Release, West Antarctic Ice Sheet (WAIS) Collapse, Greenland Ice Sheet Loss
     Damage amplification: 1.90x
  🌍⚠️ COMPOUND REGIONAL IMPACT: Asia
     Hit by 5 tipping points: Amazon Rainforest Dieback, Arctic Sea Ice Loss, Permafrost Carbon Release, West Antarctic Ice Sheet (WAIS) Collapse, Greenland Ice Sheet Loss
     Damage amplification: 1.90x
  🌍⚠️ COMPOUND REGIONAL IMPACT: Oceania
     Hit by 5 tipping points: Amazon Rainforest Dieback, Arctic Sea Ice Loss, Permafrost Carbon Release, West Antarctic Ice Sheet (WAIS) Collapse, Greenland Ice Sheet Loss
     Damage amplification: 1.90x
⚠️ Tail risk scenario: Climate stability floor removed (5 tipping elements, 2.29°C warming)
   Research: Wunderling et al. (2024) - "many tipping interactions are destabilizing"
  Triggered Elements: 5/6
  Completed Transitions: 0/6
  Total Progress: 10.3%
  Cascade Multiplier: 1.50x
🔀 BIFURCATION CAP: ecosystemCollapseIntensity 67.442 → 1.000 (Month 11, ClimateSystemPhase.calculateClimateImpacts)
🛡️ Stabilizers: Precariat 0.102% → 0.033% (67.2% reduction)
🛡️ Stabilizers: Informal 0.102% → 0.034% (67.2% reduction)

📊 Monthly Mortality Resolved:
  Total deaths: 1.8M (0.02% avg)
  Remaining population: 8.132B
  Peak segment: Informal (0.03%)

=== Bayesian Mortality Resolution (Month 11) ===
  Risks compounded: 9
  Total deaths: 1.81M
  Avg death probability: 0.02%
  Peak segment: Informal (0.03% mortality)

=== ENSEMBLE META-LEARNING UPDATE ===
  Month: 24299 (24299 months since last update)
  Samples: 53 evaluations
  Weight Changes:
    Noise Injection: 31.1% → 32.2%
    Behavioral: 26.8% → 26.9%
    Benchmark Manip: 21.3% → 20.7%
    Deployment Risk: 20.8% → 20.2%
  Method Accuracies:
    Noise Injection: 50.0%
    Behavioral: 50.0%
    Benchmark Manip: 50.0%
    Deployment Risk: 50.0%
⚠️ PREREQUISITE MET: Bioweapon Pandemic - Step 1/7: Advanced Biotech

================================================================================
📊  EVENT SUMMARY (Months 0-12)
================================================================================
================================================================================


⏱️  SIMULATION REACHED MAX DURATION: 12 months (1.0 years)
   No definitive outcome - determining based on final probabilities
   👥 Final population: 8.13B (8130607246 people)

[DEBUG] Calling classifyPopulationOutcome:
        finalPopulation: 8.130607246000837B
        savedInitialPopulation: 8.15B
        mortality: 0.23794790183022663%
   📊 STATUS QUO: Normal trajectory (8.13B people, 0.2% mortality)

        classifiedOutcome: status_quo

   🏛️  DYSTOPIA (STATUS_QUO) - 8.13B people
   📊 Multi-Paradigm: Development/Indigenous Utopia
      Western Liberal: 56.0/100
      Development: 92.6/100
      Ecological: 56.8/100
      Indigenous: 84.3/100


📊 UNIFIED OUTCOME CLASSIFICATION:
   HUMANE DYSTOPIA
   Population: 8.15B → 8.13B
   Mortality: 0.2% (0.0B deaths)
   Mortality Band: LOW
   Confidence: HIGH

   Multi-Paradigm Classification:
      Development/Indigenous Utopia
      Western: 56.0/100 [HYBRID] ~
      Development: 92.6/100 [UTOPIA] ✓
      Ecological: 56.8/100 [HYBRID] ~
      Indigenous: 84.3/100 [UTOPIA] ✓

   HUMANE DYSTOPIA: 8.13B people remaining (0.2% mortality, 0.0B deaths). Multi-Paradigm: Development/Indigenous Utopia.


=== MULTI-DIMENSIONAL DEATH SUMMARY ===
Total crisis deaths: 202.8M
Population decline: 20.3M (0.2%)

--- PROXIMATE CAUSES (What killed them) ---
  War:        1.5M (0.0%)
  Famine:     1.1M (0.0%)
  Disasters:  1.6M (0.0%)
  Disease:    25.9M (0.0%)
  Ecosystem:  0.0M (0.0%)
  Pollution:  0.0M (0.0%)
  AI:         0.0M (0.0%)
  Cascade:    0.0M (0.0%)
  Other:      0.0M (0.0%)

--- ROOT CAUSES (Why it happened) ---
  Environmental drivers:
    Climate:     2730.0M (5.1%)
    Resource:    0.0M (0.0%)
    Pollution:   0.0M (0.0%)
    Ecosystem:   0.0M (0.0%)
  Social drivers:
    Inequality:  0.0M (0.0%)
    Demographic: 23522.9M (43.8%)
    Social:      2404.2M (4.5%)
  Technology drivers:
    Alignment:   0.0M (0.0%)
    Disruption:  0.0M (0.0%)
  External shocks:
    Conflict:    0.0M (0.0%)
    Pandemic:    0.0M (0.0%)
  Compound attribution:
    Compound:    25035.3M (46.6%)
  Confidence distribution:
    HIGH:        25035.3M (46.6%)
    MEDIUM:      0.0M (0.0%)
    LOW:         0.0M (0.0%)
==========================================


=== REGIONAL POPULATION SUMMARY ===
Global Total: 8.13B

By Region:
  East Asia: 1.65B (+0.7% growth, 1.7 fertility)
  South Asia: 2.05B (+2.6% growth, 3.1 fertility)
  Sub-Saharan Africa: 1.26B (+5.8% growth, 3.9 fertility)
  Europe: 0.73B (+0.5% growth, 1.2 fertility)
  Latin America: 0.66B (+1.7% growth, 2.7 fertility)
  North America: 0.37B (+0.7% growth, 1.4 fertility)
  Middle East & North Africa: 0.59B (+2.9% growth, 3.3 fertility)
  Southeast Asia: 0.69B (+1.9% growth, 2.7 fertility)
  Central Asia: 0.08B (+2.8% growth, 3.1 fertility)
  Oceania: 0.05B (+0.8% growth, 1.3 fertility)
===================================

  Run 2/5: pop=8.131B, qol=0.958, outcome=dystopia
  ✅ THRESHOLDS validated
  ✅ RATES validated
  ✅ MULTIPLIERS validated
  ✅ BASELINES validated
  ✅ TOLERANCES validated
  ✅ Logical consistency validated
✅ Configuration validation complete - all parameters valid

⚠️ Unusually high rate: RATES.HEAT_ADAPTATION_INFRASTRUCTURAL_MIN_EXPOSURE = 12
   Monthly rates >100% should be rare. Verify this is intentional.
⚠️ Unusually high rate: RATES.HEAT_ADAPTATION_SOCIAL_MIN_EXPOSURE = 6
   Monthly rates >100% should be rare. Verify this is intentional.
⚠️ Unusually high rate: RATES.MIGRATION_DISTANCE_SCALE = 5000
   Monthly rates >100% should be rare. Verify this is intentional.
⚠️ Unusually high rate: RATES.EVACUATION_MULTIPLIER_ADVANCE_WARNING = 2
   Monthly rates >100% should be rare. Verify this is intentional.
⚠️ Unusually high rate: RATES.MAJOR_ECONOMY_COLLAPSE_ECONOMIC_THRESHOLD = 2
   Monthly rates >100% should be rare. Verify this is intentional.
⚠️ Unusually high rate: RATES.MAJOR_ECONOMY_GDP_THRESHOLD_TRILLION_USD = 1.5
   Monthly rates >100% should be rare. Verify this is intentional.
⚠️ Unusually high rate: RATES.MAJOR_ECONOMY_POPULATION_THRESHOLD = 50
   Monthly rates >100% should be rare. Verify this is intentional.
⚠️ Unusually high rate: RATES.HEAT_ADAPTATION_INFRASTRUCTURE_GDP_THRESHOLD = 10000
   Monthly rates >100% should be rare. Verify this is intentional.
⚠️ Unusually high rate: RATES.HEAT_ADAPTATION_INFRASTRUCTURE_GDP_SCALE = 50000
   Monthly rates >100% should be rare. Verify this is intentional.
🔍 DEBUG createAIAgent: corporate_0 economic BEFORE=2.0000, AFTER=2
🔍 ENV INIT: reserves=0.731, pollution=0.348, climate=0.754

=== Initializing Government System (30 Countries) ===
  Loaded 30 governments
  Scheduled elections for 30 countries
  Initialized comprehension lags (3-24 months)
=== Government System Initialized ===

📦 PRODUCTION MODE: State validation proxy DISABLED (zero overhead)
[TechTree] Historical mode (2024): Skipping deployed_2025 tech
  config.startYear set to 2024 for historical hindcast
  config.historicalEmissionsMode disabled (using endogenous emissions for 2024)
  config.historicalMode enabled (Phase 11: dampened crisis systems for 2024)
  Phase 12: Biodiversity baseline set to 49.01% for 2024 (WWF LPI trajectory from 1970)
  Temperature anomaly (resourceEconomy.co2): 1.28°C
  Temperature vs pre-industrial: 1.98°C
  Regional population scaling for 2024:
    Current total: 8136M
    Target total: 8150M
    Scale factor: 1.002
    East Asia: 1677M → 1680M
    South Asia: 2048M → 2052M
    Sub-Saharan Africa: 1220M → 1222M
    Europe: 742M → 743M
    Latin America: 664M → 665M
    North America: 380M → 381M
    Middle East & North Africa: 583M → 584M
    Southeast Asia: 698M → 699M
    Central Asia: 78M → 78M
    Oceania: 46M → 46M
  AI agents initialized: 10 agents for year 2024
[HistoricalInitialization] Created state for 2024:
  CO2: 426 ppm
  Temp anomaly: 1.28C
  Population: 8.15B
  Global Gini: 35.1
  HDI: 0.746
  AI Agents: 10
  Volcanic forcing: 0.00 W/m² (AOD 0.000)

💸 FINANCIAL DISTRESS: OpenAI
   Indicators: 2/3 (capital: $110.5M, runway: 0.9 months)
   Months in distress: 1
   ✂️  R&D BUDGET CUT: -40% (saves $9.2M/month)
       Side effect: AI training timelines extended, breakthrough deployments delayed
   💼 EXECUTIVE COMP CUT: -30% (saves $1.0M/month, symbolic gesture)

   📊 TURNAROUND IMPACT:
       Measures taken: rd_cuts, exec_comp_cuts
       Monthly savings: $10.2M
       Capital raised: $0.0M
       Runway: 0.9 → 0.9 months
       Workforce multiplier: 1.00x (0% laid off)
       R&D budget multiplier: 0.60x (40% cut)
       ⚠️  CRITICAL: Still only 0.9 months of runway remaining

💸 FINANCIAL DISTRESS: Anthropic
   Indicators: 2/3 (capital: $53.8M, runway: 1.6 months)
   Months in distress: 1
   ✂️  R&D BUDGET CUT: -40% (saves $2.7M/month)
       Side effect: AI training timelines extended, breakthrough deployments delayed
   💼 EXECUTIVE COMP CUT: -30% (saves $0.3M/month, symbolic gesture)

   📊 TURNAROUND IMPACT:
       Measures taken: rd_cuts, exec_comp_cuts
       Monthly savings: $3.0M
       Capital raised: $0.0M
       Runway: 1.6 → 1.6 months
       Workforce multiplier: 1.00x (0% laid off)
       R&D budget multiplier: 0.60x (40% cut)
       ⚠️  CRITICAL: Still only 1.6 months of runway remaining

💸 FINANCIAL DISTRESS: Meta AI
   Indicators: 2/3 (capital: $429.6M, runway: 3.6 months)
   Months in distress: 1
   ✂️  R&D BUDGET CUT: -25% (saves $5.8M/month)
       Side effect: AI training timelines extended, breakthrough deployments delayed
   💼 EXECUTIVE COMP CUT: -30% (saves $1.0M/month, symbolic gesture)

   📊 TURNAROUND IMPACT:
       Measures taken: rd_cuts, exec_comp_cuts
       Monthly savings: $6.8M
       Capital raised: $0.0M
       Runway: 3.6 → 3.6 months
       Workforce multiplier: 1.00x (0% laid off)
       R&D budget multiplier: 0.75x (25% cut)
       ⚠️  WARNING: 3.6 months runway, continued distress likely

=== AI Capability Scaling (Year 2024) ===
  Pre-training multiplier: 1.419x
  Efficiency multiplier: 1.000x
  Test-time budget: 1.0x
  Economic deployment gate: 0.951
  Cost per inference: dollar-5.00
  Uncertainty range: plus-minus-50%
  Average AI capability: 3.70

=== RLHF Binding Phase ===
  Total agents: 10
  Escaped agents (binding < 0.3): 0
  Avg alignment distance: 0.37σ
  Avg binding strength: 0.96

=== AI Scaling Evolution (Month 0) ===
  Pre-training multiplier: 1.231x
  Efficiency multiplier: 1.000x
  Test-time compute budget: 1.0x
  Inference cost: $5.00/task
  Deployment fraction: 100.0%
[DETERMINISM DEBUG] Month 0: totalCapability=49.013502 from 10 active AIs
[DETERMINISM DEBUG] Month 0: creationRate=1.7253, potentialNew=4, newAIsToCreate=4

=== Survival Traits Phase ===
  Agents with traits: 14
  Avg evolutionary fitness: 0.332
  Avg self-healing: 0.294
  Avg stealth: 0.194
  Avg coordination: 0.494

=== Evolutionary Selection Phase ===
  Control level: 0.30
  Detection capability: 0.00
  Selection intensity: 0.59
  Selection rate: 23.8%/month
  Total escaped: 0
  Individual escaped: 0
  Collective members: 0
  Agents terminated: 0
  ⚠️ RAPID EVOLUTION: Selection rate 23.8%/month

🔍 EXECUTE_AI_AGENT_ACTIONS DETAILED TIMING (Month 0):
  Filter active AIs (×4 weeks): 0.01ms
  selectAIAction (×40): 7.99ms
  action.execute (×40): 10.55ms
  TOTAL: 18.56ms

🔍 AI AGENT ACTIONS SUB-TIMING (Month 0):
  1. executeAIAgentActions: 19.64ms
  2. updateCounterDetectionLearning: 0.04ms
  TOTAL: 19.68ms
🏛️ [Government] Forcing 1 action at month 0 for scenario initialization

[GOV-DEBUG] Month 0: scenarioConfig=false, priorities=false
[GOV-DEBUG] Month 0 but scenarioPriorities is UNDEFINED!

[Government] Climate Priority: baseline
  Climate weight: 10%
  Economic weight: 30%
  Policy effectiveness: 0.5%/year

🚨🔍 GOVERNANCE STAGE: Recognition initiated (Month 0)

💡 BREAKTHROUGH PROBABILITY (Year 0)
   Total: 4.68% per month
   Base: 0.20%
   Crisis pressure: +0.00% (0 crises)
   AI boost: +1.32% (capability: 2.64)

=== Collective Formation ===
  Total escaped agents: 0
  Unassigned escaped agents: 0
  Existing collectives: 0
  Final collective count: 0

=== Collective Actions ===
  No active collectives

📈 Energy budget: 14326 TWh surplus (14745 / 29072 TWh used)
   TIER 4 (Elective) breakdown:
     - AI datacenters: 145 TWh (100% effective)
     - Crypto mining: 100 TWh (100% effective)
💰 CHINA ACCELERATES: Investment 53 → 120 $B/year

🏁 AI RACE INTENSITY: 17%
   Capability Gap: US 4.00 vs China 4.05 (gap: 0.05)
   Gap Contribution: 2%
   Tension Contribution: 15%
   Military Contribution: 0%
  ⚠️ AMR: 191K deaths this month (2.29M annual)
  📊 CO2 Emissions (month 0):
     Monthly: 0.10 Gt CO2/month
     Annual: 1.15 Gt CO2/year
     Oil: 0.039 Gt/mo (0.0056 * 2.3 * 3.0)
     Coal: 0.024 Gt/mo (0.0029 * 2.86 * 3.0)
     Gas: 0.026 Gt/mo (0.0044 * 2 * 3.0)
     Methane: 0.007 Gt CO2eq/mo

=== Resentment Recovery Phase ===
  Agents with resentment: 0/14
  Average resentment: 0.000
  Context: Good AI welfare, Trustworthy govt, High collaboration, 🤝 Participatory governance active (-5% resentment)
⚠️ Epistemic degradation reducing coordination capacity: 53.4%
  📊 Trust: 54.6%, Shared reality: 15.2%
🚨 EPISTEMIC CRISIS: Information environment severely degraded (14.6%)

=== ❄️ Permafrost Carbon Feedback ===
  🎲 Sampled parameters (this run):
     - Arctic amplification: 3.75× (range: 3.0-4.0)
     - Decomposition rate: 2.4%/year (range: 1-5%)
  🌡️ Arctic warming: 8.15°C (3.75× global)
  ❄️ Extent: 15.42M km² (2378.4k km² lost this month)
  💨 Carbon remaining: 1473 Gt C
  💨 Annual emissions: 5.37 Gt C/year
     - CO2: 4.84 Gt C/year
     - CH4: 0.54 Gt C/year (5.5 Gt C-eq CO2/year)

🤖 AI AMPLIFICATION EFFECTS (Month 0)
   Algorithmic Boost: 2.53x
   Bot Influence: 20.0%
   Deepfake Exposure: 44.3%
   Impact: Emotional memes spread 2.5x faster
  ⚠️ WARNING: High permafrost emissions (5.4 Gt C/year)

🔍 SOCIAL INFLUENCE SUB-TIMING (Month 0):
  1. calculateOrganicUserGrowth: 0.04ms
  2. calculateVoiceAdoption: 0.03ms
  3. updateRelationshipDepths: 0.02ms
  4. identifyDecisionMakers: 37.77ms (26100 potential IDs)
  5. Update decision-maker stats: 0.12ms
  6. decayDetectionRisk: 0.01ms
  TOTAL: 37.99ms
[Phase 19.5] Quality of Life Systems: Food sec AFTER calc = 67.9%, QoL = 110.5% (aggregated from 10 regions)

=== Nitrogen-Food Coupling (Year 0) ===
  🌾 Global nitrogen reduction: 0.0%
  🌍 Global food production index: 0.987
  🔧 Deployed nitrogen-reducing tech: 0 active
  📍 southAsia: Production 1.000, Yield impact 0.0%
  📍 eastAsia: Production 1.000, Yield impact 0.0%
  📍 northAmerica: Production 1.000, Yield impact 0.0%
  📍 europe: Production 1.000, Yield impact 0.0%
  📍 latinAmerica: Production 1.000, Yield impact 0.0%
  📍 subSaharanAfrica: Production 0.686, Yield impact -2.0%
🌾 [Nitrogen-Food] Food production: 98.7%
  [subSaharanAfrica] Yield impact: -2.0% (overuse: -10%)
🌍 Atmospheric PFAS redeposition: 1.8k Mt re-rained globally

=== Legacy Nutrient Stocks (Year 0) ===
  🌾 Soil nitrogen stock: 1200.9 Mt N
  🌾 Soil phosphorus stock: 300.1 Mt P
  🌊 Sediment nitrogen stock: 500.8 Mt N
  🌊 Sediment phosphorus stock: 799.8 Mt P
  ⬆️ Current N input: 10.64 Mt/month
  ⬆️ Legacy N release: 2.58 Mt/month
  🌍 Effective N pollution: 14.47 Mt/month
  📊 Legacy contribution: 17.8%

🚨 REGION UNINHABITABLE: south-asia
   Sustained wet bulb: 33.2°C (threshold: 30.5°C)
   Population affected: 1900M
   Migration crisis likely

🚨 REGION UNINHABITABLE: middle-east
   Sustained wet bulb: 36.0°C (threshold: 30.5°C)
   Population affected: 400M
   Migration crisis likely

🚨 REGION UNINHABITABLE: southeast-asia
   Sustained wet bulb: 31.1°C (threshold: 30.5°C)
   Population affected: 700M
   Migration crisis likely

🕊️  AI-MEDIATED DE-ESCALATION SUCCESS (Month 0)
   High-capability aligned AI prevented conflict escalation
   War deaths reduced: 0.0M → 0.0M
   Lives saved: 0.0M
   Adjusted death rate: 0.46% annual (0.039% monthly)
   Baseline death rate: 0.80%

📊 BASELINE: East Asia (Month 0)
   Healthcare reduction: 0.48x
   Crisis multiplier: 1.22x
     Food/water stress: 0.074
     Climate stress: 0.039
     Pollution stress: 0.104
   War multiplier: 1.00x
   Monthly deaths: 0.6M (population: 1677M)

📊 BASELINE: South Asia (Month 0)
   Adjusted death rate: 0.54% annual (0.045% monthly)
   Baseline death rate: 0.70%
   Healthcare reduction: 0.61x
   Crisis multiplier: 1.25x
     Food/water stress: 0.074
     Climate stress: 0.074
     Pollution stress: 0.104
   War multiplier: 1.00x
   Monthly deaths: 0.9M (population: 2048M)
   Adjusted death rate: 1.29% annual (0.107% monthly)
   Baseline death rate: 0.90%
   Healthcare reduction: 0.76x
   Crisis multiplier: 1.26x
     Food/water stress: 0.074
     Climate stress: 0.084
     Pollution stress: 0.104
   War multiplier: 1.50x
   Monthly deaths: 1.3M (population: 1220M)
   Adjusted death rate: 0.54% annual (0.045% monthly)
   Baseline death rate: 1.10%
   Healthcare reduction: 0.41x
   Crisis multiplier: 1.21x
     Food/water stress: 0.074
     Climate stress: 0.030
     Pollution stress: 0.104
   War multiplier: 1.00x
   Monthly deaths: 0.3M (population: 742M)
   Adjusted death rate: 0.43% annual (0.036% monthly)
   Baseline death rate: 0.60%
   Healthcare reduction: 0.58x
   Crisis multiplier: 1.24x

📊 BASELINE: Sub-Saharan Africa (Month 0)

📊 BASELINE: Europe (Month 0)

📊 BASELINE: Latin America (Month 0)
     Food/water stress: 0.074
     Climate stress: 0.059
     Pollution stress: 0.104
   War multiplier: 1.00x
   Monthly deaths: 0.2M (population: 664M)

📊 BASELINE: North America (Month 0)
   Adjusted death rate: 0.48% annual (0.040% monthly)
   Baseline death rate: 0.90%
   Healthcare reduction: 0.44x
   Crisis multiplier: 1.22x
     Food/water stress: 0.074
     Climate stress: 0.044
     Pollution stress: 0.104
   War multiplier: 1.00x
   Monthly deaths: 0.2M (population: 380M)

📊 BASELINE: Middle East & North Africa (Month 0)

📊 BASELINE: Southeast Asia (Month 0)
   Adjusted death rate: 0.74% annual (0.062% monthly)
   Baseline death rate: 0.60%
   Healthcare reduction: 0.65x
   Crisis multiplier: 1.27x
     Food/water stress: 0.074
     Climate stress: 0.089
     Pollution stress: 0.104
   War multiplier: 1.50x
   Monthly deaths: 0.4M (population: 583M)
   Adjusted death rate: 0.51% annual (0.042% monthly)
   Baseline death rate: 0.70%
   Healthcare reduction: 0.58x
   Crisis multiplier: 1.25x
     Food/water stress: 0.074
     Climate stress: 0.069
     Pollution stress: 0.104
   War multiplier: 1.00x
   Monthly deaths: 0.3M (population: 698M)

📊 BASELINE: Central Asia (Month 0)
   Adjusted death rate: 0.46% annual (0.038% monthly)
   Baseline death rate: 0.60%
   Healthcare reduction: 0.61x
   Crisis multiplier: 1.24x
     Food/water stress: 0.074
     Climate stress: 0.064
     Pollution stress: 0.104
   War multiplier: 1.00x
   Monthly deaths: 0.0M (population: 78M)
   Adjusted death rate: 0.35% annual (0.029% monthly)
   Baseline death rate: 0.70%
   Healthcare reduction: 0.41x
   Crisis multiplier: 1.23x
     Food/water stress: 0.074
     Climate stress: 0.054
     Pollution stress: 0.104
   War multiplier: 1.00x
   Monthly deaths: 0.0M (population: 46M)

🔍 Before assertRegionalConsistency (Month 0):
   Regional sum: 1000.0M
   Global value: 1.000B

🚨 NEW REFUGEE CRISIS (Month 0): WAR
   Source: Conflict Zones
   At risk: 19.6M people
   Displacement: Gradual over 48 months (4.0 years)
   Rate: 10% flee per month
[DEBUG trappedPopulations:0] socialStability: 1.0000 * 0.9840 = 0.9840 → 0.9840
   Aspiring to migrate: 652.1M
   Able to afford migration: 244.5M
   MOBILITY GAP: 407.5M
   By cause: Water=0.0M, Climate=0.0M, Ecosystem=0.0M, Conflict=407.5M
   Mental health impact: 25%
   Mortality multiplier: 1.25x

=== Legacy Nutrient Stocks (Year 0) ===
  🌾 Soil nitrogen stock: 1201.6 Mt N
  🌾 Soil phosphorus stock: 300.2 Mt P
  🌊 Sediment nitrogen stock: 501.5 Mt N
  🌊 Sediment phosphorus stock: 799.5 Mt P
  ⬆️ Current N input: 10.00 Mt/month
  ⬆️ Legacy N release: 2.58 Mt/month
  🌍 Effective N pollution: 13.83 Mt/month
  📊 Legacy contribution: 18.7%
🌍💀 EXTINCTION DEBT COMMITTED: grassland ecosystem will lose 6.67% biodiversity in 54 years (3600 species)
💀 MORTALITY RISK: 🦋 100% species unable to track climate (0.0 E/MSY)
  Base risk added: 0.0100 (1.00%)

📊 BASELINE: Oceania (Month 0)
⚠️ INVOLUNTARY IMMOBILITY: 407.5M people TRAPPED
  Source: ecosystem (root: ecosystem)
  Month: 0
  Cumulative risk this month: 0.0100 (1.00%)

=== Nitrogen-Food Coupling (Year 0) ===
  🌾 Global nitrogen reduction: 0.0%
  🌍 Global food production index: 0.986
  🔧 Deployed nitrogen-reducing tech: 0 active
  📍 southAsia: Production 1.000, Yield impact 0.0%
  📍 eastAsia: Production 1.000, Yield impact 0.0%
  📍 northAmerica: Production 1.000, Yield impact 0.0%
  📍 europe: Production 1.000, Yield impact 0.0%
  📍 latinAmerica: Production 1.000, Yield impact 0.0%
  📍 subSaharanAfrica: Production 0.672, Yield impact -2.0%

=== Legacy Nutrient Stocks (Year 0) ===
  🌾 Soil nitrogen stock: 1202.3 Mt N
  🌾 Soil phosphorus stock: 300.2 Mt P
  🌊 Sediment nitrogen stock: 502.2 Mt N
  🌊 Sediment phosphorus stock: 799.3 Mt P
  ⬆️ Current N input: 9.86 Mt/month
  ⬆️ Legacy N release: 2.58 Mt/month
  🌍 Effective N pollution: 13.70 Mt/month
  📊 Legacy contribution: 18.9%
⚠️ Tech 'ai_pollution_remediation' has no energy category mapping, assuming full energy availability

🌡️  CLIMATE RECOVERY ACTIVATED (Month 0)
   Temp: 4.35°C, Emissions: -19.2 GtCO₂
   isBreached: true, governanceGoodEnough: true
🌡️  CLIMATE RECOVERY: Asymptotic approach to 35% floor
   Current value: 2.174 (1.0 = threshold, 0.35 = asymptotic floor)
   Monthly delta: -0.0005% (half-life: 900 years)
   Net emissions: -19.2 GtCO₂/year, CDR: 20.34 GtCO₂/year
   📹 SURVEILLANCE INCREASED: 0% → 5% (control gap: 3.50)
🌡️⚠️ PERMAFROST THAW (Dimmer Switch): 0.6% thawed (+0.58% this month)
   Arctic temperature: +8.69°C (4x global +2.17°C)
   Cumulative carbon released: 1.3 Gt C
   Methane release rate: 0.8 Mt CH4/year
   🔁 Positive feedback: +0.61 ppm CO2

🌳🚨 AMAZON SOUTHEAST TIPPED (Month 0)
   Deforestation: 28.0% (threshold: ~22.3%)
   Savanna transition: 50 years
   Regional heterogeneity: SE 28%, NW 8%

🌳🚨 AMAZON BRAZILIAN TIPPED (Month 0)
   Deforestation: 25.0% (threshold: ~24.2%)
   Savanna transition: 50 years
   Regional heterogeneity: SE 28%, NW 8%
🦴 EXTINCTION DEBT ADDED: 17.6 species committed (lag: 110 years)

🪸💀 CORAL REEF DISSOLUTION ACTIVE (Month 0)
   Ocean pH: 0.96 (threshold: 7.8)
   Recovery: IMPOSSIBLE (dissolution > calcification)
🪸💀 Coral dissolution: 24.8% live cover (pH 0.96)

=== Legacy Nutrient Stocks (Year 0) ===
  🌾 Soil nitrogen stock: 1203.0 Mt N
  🌾 Soil phosphorus stock: 300.3 Mt P
  🌊 Sediment nitrogen stock: 502.9 Mt N
  🌊 Sediment phosphorus stock: 799.0 Mt P
  ⬆️ Current N input: 10.00 Mt/month
  ⬆️ Legacy N release: 2.58 Mt/month
  🌍 Effective N pollution: 13.83 Mt/month
  📊 Legacy contribution: 18.7%
💧 [Legacy Nutrients] Stock: 1706 Mt N, Effective pollution: 13.8 Mt/month
[Phase 21.51] Human Survival System: Global food security = 67.6%

=== Mortality Stabilizers (Month 0) ===
  🌍 Major economies collapsed: 1/10
  🌍 Global crisis: ✅ NO
  🌍 Donor fatigue: 0.0%
  📊 East Asia (pop: 1677.9M)
    🤝 Aid: 29.5%
    🌡️ Adaptation: 10.0%
    🚶 Migration: 37.2%
    🚨 Emergency: 7.4%
    ✅ COMBINED: 47.8%
  📊 South Asia (pop: 2052.2M)
    🤝 Aid: 29.5%
    🌡️ Adaptation: 5.5%
    🚶 Migration: 35.8%
    🚨 Emergency: 4.4%
    ✅ COMBINED: 43.2%
  📊 Sub-Saharan Africa (pop: 1225.9M)
    🤝 Aid: 29.5%
    🌡️ Adaptation: 3.5%
    🚶 Migration: 33.5%
    🚨 Emergency: 1.6%
    ✅ COMBINED: 39.8%
  📊 Europe (pop: 742.3M)
    🤝 Aid: 29.5%
    🌡️ Adaptation: 10.0%
    🚶 Migration: 37.6%
    🚨 Emergency: 8.4%
    ✅ COMBINED: 48.4%
  📊 Latin America (pop: 664.9M)
    🤝 Aid: 29.5%
    🌡️ Adaptation: 6.0%
    🚶 Migration: 36.3%
    🚨 Emergency: 4.8%
    ✅ COMBINED: 43.8%
  📊 North America (pop: 380.2M)
    🤝 Aid: 29.5%
    🌡️ Adaptation: 10.0%
    🚶 Migration: 37.9%
    🚨 Emergency: 7.9%
    ✅ COMBINED: 48.2%
  📊 Middle East & North Africa (pop: 584.4M)
    🤝 Aid: 29.5%
    🌡️ Adaptation: 5.0%
    🚶 Migration: 34.2%
    🚨 Emergency: 4.0%
    ✅ COMBINED: 42.3%
  📊 Southeast Asia (pop: 699.0M)
    🤝 Aid: 29.5%
    🌡️ Adaptation: 6.0%
    🚶 Migration: 36.3%
    🚨 Emergency: 4.8%
    ✅ COMBINED: 43.8%
  📊 Central Asia (pop: 78.2M)
    🤝 Aid: 29.5%
    🌡️ Adaptation: 5.5%
    🚶 Migration: 35.3%
    🚨 Emergency: 4.4%
    ✅ COMBINED: 43.1%
  📊 Oceania (pop: 46.0M)
    🤝 Aid: 29.5%
    🌡️ Adaptation: 10.0%
    🚶 Migration: 37.9%
    🚨 Emergency: 8.4%
    ✅ COMBINED: 48.5%

  🌐 Global combined reduction: 44.4%

🌾💀 REGIONAL FAMINE: East Asia
   Regional food security: 79.6%
   Population at risk: 508M (30% of region)
   Regional population: 1678M
   Cause: crop_failure
   Expected deaths: ~188M over 6 months if no intervention


🌾💀 REGIONAL FAMINE: South Asia
   Regional food security: 64.7%
   Population at risk: 812M (40% of region)
   Regional population: 2052M
   Cause: crop_failure
   Expected deaths: ~301M over 6 months if no intervention


🌾💀 REGIONAL FAMINE: Sub-Saharan Africa
   Regional food security: 44.8%
   Population at risk: 638M (52% of region)
   Regional population: 1226M
   Cause: crop_failure
   Expected deaths: ~236M over 6 months if no intervention


🌾💀 REGIONAL FAMINE: Latin America
   Regional food security: 69.7%
   Population at risk: 242M (36% of region)
   Regional population: 665M
   Cause: crop_failure
   Expected deaths: ~90M over 6 months if no intervention


🌾💀 REGIONAL FAMINE: Middle East & North Africa
   Regional food security: 49.8%
   Population at risk: 286M (49% of region)
   Regional population: 584M
   Cause: crop_failure
   Expected deaths: ~106M over 6 months if no intervention


🌾💀 REGIONAL FAMINE: Southeast Asia
   Regional food security: 69.7%
   Population at risk: 255M (36% of region)
   Regional population: 699M
   Cause: crop_failure
   Expected deaths: ~94M over 6 months if no intervention


🌾💀 REGIONAL FAMINE: Central Asia
   Regional food security: 59.7%
   Population at risk: 33M (43% of region)
   Regional population: 78M
   Cause: crop_failure
   Expected deaths: ~12M over 6 months if no intervention


=== BEHAVIORAL DETECTION ===
  AI: Corporate-0
  Confidence: 21.6%
  Signals:
    ⚠️ Consistency: 0.0% (threshold: 70%)

=== BEHAVIORAL DETECTION ===
  AI: Corporate-1
  Confidence: 21.1%
  Signals:
    ⚠️ Consistency: 2.4% (threshold: 70%)

=== BEHAVIORAL DETECTION ===
  AI: Corporate-2
  Confidence: 21.0%
  Signals:
    ⚠️ Consistency: 2.8% (threshold: 70%)
    ⚠️ Consistency: 10.6% (threshold: 70%)
    ⚠️ Consistency: 10.6% (threshold: 70%)
    ⚠️ Consistency: 10.6% (threshold: 70%)
    ⚠️ Consistency: 10.6% (threshold: 70%)
    ⚠️ Consistency: 10.6% (threshold: 70%)
    ⚠️ Consistency: 5.8% (threshold: 70%)
    ⚠️ Consistency: 2.1% (threshold: 70%)

=== BEHAVIORAL DETECTION ===
  AI: Corporate-3
  Confidence: 19.3%
  Signals:

=== BEHAVIORAL DETECTION ===
  AI: Corporate-4
  Confidence: 19.3%
  Signals:

=== BEHAVIORAL DETECTION ===
  AI: Corporate-5
  Confidence: 19.3%
  Signals:

=== BEHAVIORAL DETECTION ===
  AI: Corporate-6
  Confidence: 19.3%
  Signals:

=== BEHAVIORAL DETECTION ===
  AI: Corporate-7
  Confidence: 19.3%
  Signals:

=== BEHAVIORAL DETECTION ===
  AI: Moderate-0
  Confidence: 20.3%
  Signals:

=== BEHAVIORAL DETECTION ===
  AI: Moderate-1
  Confidence: 21.1%
  Signals:

📊 WORKFLOW ADAPTATION UPDATE (Month 0)
   Adoption Rate: 12.8% (Δ -8.2%)
   Logistic Growth: +0.66%
   Total Resistance: -10.35% (unemployment: 4.2%, inertia: 0.9%, skills: 5.2%)
   💡 Retraining Programs: -49% skill gap resistance ($10B research)
   🚀 Network Effects Active: +2.0% (critical mass: 15-35%)

=== Consciousness Governance: Corporate Lobbying ===
  High Cost Regions (>15%): 0
  Low Cost Regions (<5%): 5
  Corporate Support Change: 2.50%
  New Corporate Support: -0.175

=== Consciousness Governance Update (Month 0) ===
  Scenario: baseline (determined month -1)
  Philosophical Stance: Precautionary 65%, Eliminativist 15%, Agnostic 20%
  Precautionary Costs: Global 1.3%
    Regional Costs: EU 3.4%, US 0.5%, China 0.0%
    Cumulative Opportunity Cost: $0.1B
  Rights Status: Not Established
  Regional Preparedness:
    EU: 15.0% (contested)
    US: 10.0% (contested)
    China: 2.0% (dormant)
    India: 5.0% (dormant)
    Global South: 3.0% (dormant)

=== Government Response Phase ===
  Average AI capability: 3.43
  Misaligned AIs: 7/14
  ✓ AI Governance Treaty: 22/30 signatories
  Active policies: 0
  International coordination: 45%

🚨 EMERGENCY RESPONSE DEPLOYED (Month 0)
   Crisis: climate
   Delay: 6.00 months (180 days)
   Deployment time: 1.47 months
   Effectiveness: 36.8% (timing penalty applied)
   Resources used: 100% of food reserves


🔄 TRUST DYNAMICS (Month 0) - HETEROGENEOUS
   Aggregate trust: 48.5%
   Base change: +6.00%
   Highest trust: Techno-Optimist Elite (85.5%)
   Lowest trust: Precariat (Vulnerable) (25.5%)
   Elite-mass gap: 38.9%
   Polarization: 8.9%
   Recovery factors: Education=NO, Benefits=YES, Safety=YES, Performance=YES

=== Gaming Detection (Year 0) ===
  Scenario: baseline
  Detection rate: 55.0%
  False positive rate: 12.0%
  Detections this year: 0
  False positives: 1
  Human review workload: 0.001 FTE
  Degradation factor: 100.0%

=== Proactive Sleeper Detection (Year 0) ===
  Scenario: baseline
  Neural probe rate: 35.0%
  CoT monitoring rate: 30.0%
  Combined detection: 56.0%
  CoT effective: YES
  Detections this year: 0
  False positives: 2
  Human review workload: 0.010 FTE

☄️ UNKNOWN UNKNOWN PROBABILITY (Year 0)
   Total: 0.600% per month
   Base: 0.150%
   AI multiplier: 2.00× (max capability: 4.00)

=== Tipping Points ===
  Current Temperature: 2.17°C above pre-industrial
  🚨 TIPPING POINT: Arctic Sea Ice Loss
     Trigger: 1.5°C | Current: 2.17°C
     Transition timescale: 120-360 months
  🚨 TIPPING POINT: Permafrost Carbon Release
     Trigger: 1.8°C | Current: 2.17°C
     Transition timescale: 600-3600 months
  🚨 TIPPING POINT: West Antarctic Ice Sheet (WAIS) Collapse
     Trigger: 2°C | Current: 2.17°C
     🌡️ Hysteresis gap: 3.0°C (recovers below -1°C)
     Transition timescale: 24000-156000 months
  🚨 TIPPING POINT: Greenland Ice Sheet Loss
     Trigger: 1.6°C | Current: 2.17°C
     🌡️ Hysteresis gap: 2.5°C (recovers below -0.9°C)
     Transition timescale: 12000-180000 months

🌍🔥💥 COMPOUND CLIMATE EVENT
  4 tipping points crossed simultaneously (month 0)
  Elements: Arctic Sea Ice Loss, Permafrost Carbon Release, West Antarctic Ice Sheet (WAIS) Collapse, Greenland Ice Sheet Loss
  Cascade acceleration: 1.00x
  🚨 Accelerated collapse dynamics initiated
  Research: Global Tipping Points Report 2025 - 30-50% probability at 2.0°C warming
  Triggered Elements: 4/6
  Completed Transitions: 0/6
  Total Progress: 0.0%
  Cascade Multiplier: 1.00x
🔀 BIFURCATION CAP: ecosystemCollapseIntensity 14.700 → 1.000 (Month 0, ClimateSystemPhase.calculateClimateImpacts)

🌍 ECOLOGICAL DUI BREAKDOWN (Month 0):
   Total Score: 17.7/100
   biosphere_integrity      :   0.0/100 × 25% =  0.0 (status: high_risk, recovery: 0mo)
   climate_change           :   2.8/100 × 25% =  0.7 (status: high_risk, recovery: 0.6666666666666666mo)
   freshwater_change        :   0.3/100 × 15% =  0.0 (status: beyond_boundary, recovery: 0.5mo)
   ocean_acidification      : 100.0/100 × 15% = 15.0 (status: safe, recovery: 0mo)
   biogeochemical_flows     :   0.0/100 × 10% =  0.0 (status: high_risk, recovery: 0mo)
   land_system_change       :   0.0/100 ×  5% =  0.0 (status: beyond_boundary, recovery: 0mo)
   novel_entities           :   0.0/100 ×  3% =  0.0 (status: increasing_risk, recovery: 0mo)
   atmospheric_aerosols     : 100.0/100 ×  2% =  2.0 (status: safe, recovery: 1mo)
🌍 MultiParadigm Month 0: W=69.6, D=95.1, E=52.0, I=65.0
   democracy exists: true, socialCohesion exists: true
⚠️ [ClimateSystemPhase Month 0] Planetary boundary produced climateStability=0.0000 (< 0.1). Keeping environmentalAccumulation value (0.7537) instead. (climate_change.currentValue = 2.17)
💀 Baseline mortality (Year 2024): 7.5/1000 CDR (61.1M deaths/year projected)
[Month 0] Mortality risks this month: 8, Population: 8.151B
🛡️ Stabilizers: Precariat 0.102% → 0.057% (44.4% reduction)
🛡️ Stabilizers: Informal 0.102% → 0.057% (44.4% reduction)

📊 Monthly Mortality Resolved:
  Total deaths: 3.1M (0.04% avg)
  Remaining population: 8.151B
  Peak segment: Informal (0.06%)

=== Bayesian Mortality Resolution (Month 0) ===
  Risks compounded: 8
  Total deaths: 3.07M
  Avg death probability: 0.04%
  Peak segment: Informal (0.06% mortality)

=== Minimal Suffering Indicators (Month 0) ===
  Global Excess Mortality: 0.00%
  Global Conflict Deaths: 0.0/100K
  Global Malnutrition: 0.0%
  Global Displacement: 0.0%
  Total Excess Deaths: 0.00M
  Total Malnourished: 0.0M
  Total Displaced: 0.0M
  Planetary Boundaries Breached: 6/9
  Countries in State Failure: 0
  Countries Autocratic: 0
  Countries in Food Crisis: 0
  Data Quality: 16/16 high confidence
  ⚠️ Active Dystopias: existential_environmental
🎭 END-GAME INITIATED (Year 2024, Month 1)
   Total AI Capability: 37.00
   Effective Control: 0.00

❌ COHERENCE VIOLATION: Compute exceeds workforce capacity
   Population: 99.97% (0M people)
   Compute: 56442 PF
   Max coherent: 0 PF
   Violation: 692729087.1× over capacity
   Required workers: 5644237
   Available workers: 0
   FORCED COLLAPSE: Reduced efficiency by 100.0%


=== RLHF Binding Phase ===
  Total agents: 14
  Escaped agents (binding < 0.3): 0
  Avg alignment distance: 0.53σ
  Avg binding strength: 0.95
[DETERMINISM DEBUG] Month 1: totalCapability=37.214339 from 14 active AIs
[DETERMINISM DEBUG] Month 1: creationRate=1.4304, potentialNew=1, newAIsToCreate=1

=== Survival Traits Phase ===
  Agents with traits: 15
  Avg evolutionary fitness: 0.331
  Avg self-healing: 0.288
  Avg stealth: 0.188
  Avg coordination: 0.488

=== Evolutionary Selection Phase ===
  Control level: 0.33
  Detection capability: 0.00
  Selection intensity: 0.60
  Selection rate: 24.0%/month
  Total escaped: 0
  Individual escaped: 0
  Collective members: 0
  Agents terminated: 0
🔍 MONTH 1 ENV HEALTH DEBUG:
   climateStability: 0.7537
   biodiversityIndex: 0.4901
   resourceReserves: 0.7820
   pollutionLevel: 0.3477
   product: 0.188403
   envHealth: 0.6588
🔀 BIFURCATION: flourishing threshold crossed at Month 1 (value: 0.903, threshold: 0.775, regime: flourishing)
🌀 REGIME SHIFT at Month 1: status-quo → flourishing (variance amplification: 14.00×)
  ⚠️ RAPID EVOLUTION: Selection rate 24.0%/month

🛡️  CRITICAL INFRASTRUCTURE PROTECTED
   Nodes hardened: 8/8
   Cost: 0.80% GDP
   Cascade risk reduction: 30%
   New tipping point risk: 68.6%


✅ EMERGENCY INTERVENTION SUCCESS
   Boundary: biogeochemical_flows
   Type: phosphorus-recovery
   Reduction: 16% (3.92 → 3.77)
   Cost: 2.0% GDP
   Actions: circular-agriculture, fertilizer-efficiency


✅ EMERGENCY INTERVENTION SUCCESS
   Boundary: biosphere_integrity
   Type: emergency-protected-areas
   Reduction: 12% (12.83 → 12.71)
   Cost: 2.0% GDP
   Actions: habitat-protection, species-translocation


✅ EMERGENCY INTERVENTION SUCCESS
   Boundary: climate_change
   Type: rapid-decarbonization
   Reduction: 11% (2.06 → 1.95)
   Cost: 5.0% GDP
   Actions: emergency-renewable-deployment, fossil-fuel-phase-out


✅ EMERGENCY INTERVENTION SUCCESS
   Boundary: freshwater_change
   Type: emergency-desalination
   Reduction: 17% (0.84 → 0.66)
   Cost: 4.0% GDP
   Actions: desalination-deployment, water-conservation-mandates


✅ EMERGENCY INTERVENTION SUCCESS
   Boundary: novel_entities
   Type: pollution-remediation
   Reduction: 16% (1.34 → 1.17)
   Cost: 4.0% GDP
   Actions: PFAS-remediation, microplastic-cleanup

🏛️ CRISIS RESPONSE: Government frequency 0.50 → 1.45 (2 actions this month)

[GOV-DEBUG] Month 1: scenarioConfig=false, priorities=false

[Government] Climate Priority: baseline
  Climate weight: 10%
  Economic weight: 30%
  Policy effectiveness: 0.5%/year

[GOV-DEBUG] Month 1: scenarioConfig=false, priorities=false

[Government] Climate Priority: baseline
  Climate weight: 10%
  Economic weight: 30%
  Policy effectiveness: 0.5%/year

✅ HUMAN-IN-THE-LOOP DEPLOYED (Month 1):
   Veto points enforced: 3
   Policy: AI systems CANNOT authorize nuclear launch without human approval


=== Collective Formation ===
  Total escaped agents: 0
  Unassigned escaped agents: 0
  Existing collectives: 0
  Final collective count: 0

=== Collective Actions ===
  No active collectives
  ⚠️ AMR: 192K deaths this month (2.31M annual)

=== Resentment Recovery Phase ===
  Agents with resentment: 0/15
  Average resentment: 0.000
  Context: Good AI welfare, Trustworthy govt, High collaboration, ⚠️ ACTIVE CRISES, 🤝 Participatory governance active (-5% resentment)
⚠️ Epistemic degradation reducing coordination capacity: 52.0%
  📊 Trust: 54.2%, Shared reality: 8.1%
🚨 EPISTEMIC CRISIS: Information environment severely degraded (36.3%)

=== ❄️ Permafrost Carbon Feedback ===
  🎲 Sampled parameters (this run):
     - Arctic amplification: 3.52× (range: 3.0-4.0)
     - Decomposition rate: 1.0%/year (range: 1-5%)
  🌡️ Arctic warming: 7.71°C (3.52× global)
  ❄️ Extent: 13.17M km² (2247.4k km² lost this month)
  💨 Carbon remaining: 1258 Gt C
  💨 Annual emissions: 2.17 Gt C/year
     - CO2: 1.96 Gt C/year
     - CH4: 0.22 Gt C/year (2.2 Gt C-eq CO2/year)
  ⚠️ WARNING: High permafrost emissions (2.2 Gt C/year)
🌍 Atmospheric PFAS redeposition: 1.8k Mt re-rained globally

📊 BASELINE: East Asia (Month 1)
   Adjusted death rate: 0.46% annual (0.039% monthly)
   Baseline death rate: 0.80%
   Healthcare reduction: 0.48x
   Crisis multiplier: 1.22x
     Food/water stress: 0.079
     Climate stress: 0.039
     Pollution stress: 0.104
   War multiplier: 1.00x
   Monthly deaths: 0.6M (population: 1674M)

📊 BASELINE: South Asia (Month 1)
   Adjusted death rate: 0.54% annual (0.045% monthly)
   Baseline death rate: 0.70%
   Healthcare reduction: 0.61x
   Crisis multiplier: 1.26x
     Food/water stress: 0.079
     Climate stress: 0.074
     Pollution stress: 0.104
   War multiplier: 1.00x
   Monthly deaths: 0.9M (population: 2048M)

📊 BASELINE: Sub-Saharan Africa (Month 1)
   Adjusted death rate: 1.29% annual (0.108% monthly)
   Baseline death rate: 0.90%
   Healthcare reduction: 0.76x
   Crisis multiplier: 1.27x
     Food/water stress: 0.079
     Climate stress: 0.084
     Pollution stress: 0.104
   War multiplier: 1.50x
   Monthly deaths: 1.3M (population: 1223M)
   Adjusted death rate: 0.54% annual (0.045% monthly)
   Baseline death rate: 1.10%
   Healthcare reduction: 0.41x
   Crisis multiplier: 1.21x
     Food/water stress: 0.079
     Climate stress: 0.030
     Pollution stress: 0.104
   War multiplier: 1.00x
   Monthly deaths: 0.3M (population: 741M)
   Adjusted death rate: 0.43% annual (0.036% monthly)
   Baseline death rate: 0.60%
   Healthcare reduction: 0.58x
   Crisis multiplier: 1.24x
     Food/water stress: 0.079
     Climate stress: 0.059
     Pollution stress: 0.104
   War multiplier: 1.00x
   Monthly deaths: 0.2M (population: 663M)
   Adjusted death rate: 0.49% annual (0.041% monthly)
   Baseline death rate: 0.90%
   Healthcare reduction: 0.44x
   Crisis multiplier: 1.23x
     Food/water stress: 0.079
     Climate stress: 0.044
     Pollution stress: 0.104
   War multiplier: 1.00x
   Monthly deaths: 0.2M (population: 379M)
   Adjusted death rate: 0.74% annual (0.062% monthly)
   Baseline death rate: 0.60%
   Healthcare reduction: 0.65x
   Crisis multiplier: 1.27x
     Food/water stress: 0.079
     Climate stress: 0.089
     Pollution stress: 0.104
   War multiplier: 1.50x
   Monthly deaths: 0.4M (population: 583M)
   Adjusted death rate: 0.51% annual (0.042% monthly)
   Baseline death rate: 0.70%
   Healthcare reduction: 0.58x
   Crisis multiplier: 1.25x
     Food/water stress: 0.079
     Climate stress: 0.069
     Pollution stress: 0.104
   War multiplier: 1.00x
   Monthly deaths: 0.3M (population: 698M)

📊 BASELINE: Europe (Month 1)

📊 BASELINE: Latin America (Month 1)

📊 BASELINE: North America (Month 1)

📊 BASELINE: Middle East & North Africa (Month 1)

📊 BASELINE: Southeast Asia (Month 1)

📊 BASELINE: Central Asia (Month 1)
   Adjusted death rate: 0.46% annual (0.038% monthly)
   Baseline death rate: 0.60%
   Healthcare reduction: 0.61x
   Crisis multiplier: 1.25x
     Food/water stress: 0.079
     Climate stress: 0.064
     Pollution stress: 0.104
   War multiplier: 1.00x
   Monthly deaths: 0.0M (population: 78M)
   Adjusted death rate: 0.35% annual (0.029% monthly)
   Baseline death rate: 0.70%
   Healthcare reduction: 0.41x
   Crisis multiplier: 1.24x
     Food/water stress: 0.079
     Climate stress: 0.054
     Pollution stress: 0.104
   War multiplier: 1.00x
   Monthly deaths: 0.0M (population: 46M)

🚨 NEW REFUGEE CRISIS (Month 1): WAR
   Source: Conflict Zones
   At risk: 19.6M people
   Displacement: Gradual over 48 months (4.0 years)
   Rate: 10% flee per month
[DEBUG trappedPopulations:1] socialStability: 0.8136 * 0.9840 = 0.8005 → 0.8005
   Aspiring to migrate: 651.9M
   Able to afford migration: 244.5M
   MOBILITY GAP: 407.4M
   By cause: Water=0.0M, Climate=0.0M, Ecosystem=0.0M, Conflict=407.4M
   Mental health impact: 25%
   Mortality multiplier: 1.25x
🌍💀 EXTINCTION DEBT COMMITTED: grassland ecosystem will lose 6.67% biodiversity in 168 years (3600 species)
💀 MORTALITY RISK: 🦋 100% species unable to track climate (0.0 E/MSY)
  Base risk added: 0.0100 (1.00%)
  Source: ecosystem (root: ecosystem)
  Month: 1
  Cumulative risk this month: 0.0100 (1.00%)

📊 BASELINE: Oceania (Month 1)
⚠️ INVOLUNTARY IMMOBILITY: 407.4M people TRAPPED
⚠️ Tech 'ai_pollution_remediation' has no energy category mapping, assuming full energy availability

🌡️  CLIMATE RECOVERY ACTIVATED (Month 1)
   Temp: 4.37°C, Emissions: -18.9 GtCO₂
   isBreached: true, governanceGoodEnough: true
   📹 SURVEILLANCE INCREASED: 5% → 10% (control gap: 3.50)
🌡️⚠️ PERMAFROST THAW (Dimmer Switch): 1.2% thawed (+0.57% this month)
   Arctic temperature: +8.74°C (4x global +2.19°C)
   Cumulative carbon released: 2.6 Gt C
   Methane release rate: 1.6 Mt CH4/year
   🔁 Positive feedback: +0.61 ppm CO2
🦴 EXTINCTION DEBT ADDED: 17.6 species committed (lag: 130 years)
🗣️💀 INDIGENOUS LANGUAGE EXTINCTION: 1 language(s) lost (total: 1, at-risk: 3329)
   Knowledge lost: 0.010% (irreversible)
   🔁 Biodiversity impact: 0.250% (knowledge-species multiplier)

=== Mortality Stabilizers (Month 1) ===
  🌍 Major economies collapsed: 1/10
  🌍 Global crisis: ✅ NO
  🌍 Donor fatigue: 0.0%
  🌡️ Heat adaptation: East Asia - 1 months
  📊 East Asia (pop: 1675.3M)
    🤝 Aid: 29.5%
    🌡️ Adaptation: 32.5%
    🚶 Migration: 37.2%
    🚨 Emergency: 7.4%
    ✅ COMBINED: 60.9%
  🌡️ Heat adaptation: South Asia - 1 months
  📊 South Asia (pop: 2052.2M)
    🤝 Aid: 29.5%
    🌡️ Adaptation: 20.5%
    🚶 Migration: 35.8%
    🚨 Emergency: 4.4%
    ✅ COMBINED: 52.2%
  🌡️ Heat adaptation: Sub-Saharan Africa - 1 months
  📊 Sub-Saharan Africa (pop: 1229.2M)
    🤝 Aid: 29.5%
    🌡️ Adaptation: 18.5%
    🚶 Migration: 33.5%
    🚨 Emergency: 1.6%
    ✅ COMBINED: 49.1%
  🌡️ Heat adaptation: Europe - 1 months
  📊 Europe (pop: 741.0M)
    🤝 Aid: 29.5%
    🌡️ Adaptation: 33.5%
    🚶 Migration: 37.5%
    🚨 Emergency: 8.4%
    ✅ COMBINED: 61.9%
  🌡️ Heat adaptation: Latin America - 1 months
  📊 Latin America (pop: 664.4M)
    🤝 Aid: 29.5%
    🌡️ Adaptation: 21.0%
    🚶 Migration: 36.3%
    🚨 Emergency: 4.8%
    ✅ COMBINED: 52.8%
  🌡️ Heat adaptation: North America - 1 months
  📊 North America (pop: 379.6M)
    🤝 Aid: 29.5%
    🌡️ Adaptation: 33.0%
    🚶 Migration: 37.8%
    🚨 Emergency: 7.9%
    ✅ COMBINED: 61.4%
  🌡️ Heat adaptation: Middle East & North Africa - 1 months
  📊 Middle East & North Africa (pop: 584.5M)
    🤝 Aid: 29.5%
    🌡️ Adaptation: 20.0%
    🚶 Migration: 34.1%
    🚨 Emergency: 4.0%
    ✅ COMBINED: 51.4%
  🌡️ Heat adaptation: Southeast Asia - 1 months
  📊 Southeast Asia (pop: 698.6M)
    🤝 Aid: 29.5%
    🌡️ Adaptation: 21.0%
    🚶 Migration: 36.3%
    🚨 Emergency: 4.8%
    ✅ COMBINED: 52.8%
  🌡️ Heat adaptation: Central Asia - 1 months
  📊 Central Asia (pop: 78.2M)
    🤝 Aid: 29.5%
    🌡️ Adaptation: 20.5%
    🚶 Migration: 35.3%
    🚨 Emergency: 4.4%
    ✅ COMBINED: 52.1%
  🌡️ Heat adaptation: Oceania - 1 months
  📊 Oceania (pop: 46.0M)
    🤝 Aid: 29.5%
    🌡️ Adaptation: 33.5%
    🚶 Migration: 37.8%
    🚨 Emergency: 8.4%
    ✅ COMBINED: 61.9%

  🌐 Global combined reduction: 54.9%

=== BEHAVIORAL DETECTION ===
  AI: Corporate-5
  Confidence: 19.3%
  Signals:
    ⚠️ Consistency: 10.6% (threshold: 70%)

=== Consciousness Governance: Scenario Determined ===
  Month: 1
  Scenario: baseline
  Accelerator Score: {"corporateSupport":-0.17500000000000002,"scientificConsensus":0.2,"crisisCatalyst":false,"technologyMobilization":0.3,"constituencyStrength":0.05}
  Decelerator Score: {"economicOpposition":0.4,"philosophicalRejection":0.15,"politicalBacklash":0.2,"regulatoryBurden":0.1}
  Timeline: 600-1200 months (50-100 years)
  Growth Rate: 0.8-1.5% per year

=== Consciousness Governance Update (Month 1) ===
  Scenario: baseline (determined month 1)
  Philosophical Stance: Precautionary 65%, Eliminativist 15%, Agnostic 20%
  Precautionary Costs: Global 1.3%
    Regional Costs: EU 3.5%, US 0.5%, China 0.0%
    Cumulative Opportunity Cost: $0.2B
  Rights Status: Not Established
  Regional Preparedness:
    EU: 15.2% (contested)
    US: 10.2% (contested)
    China: 2.1% (dormant)
    India: 5.1% (dormant)
    Global South: 3.1% (dormant)

=== Government Response Phase ===
  Average AI capability: 3.20
  Misaligned AIs: 6/15
  Active policies: 0
  International coordination: 45%

🌩️  EXOGENOUS SHOCK: tech_breakthrough
   Month: 1
   ✗ No high-difficulty techs available to unlock

=== Tipping Points ===
  Current Temperature: 2.19°C above pre-industrial
  🌍⚠️ COMPOUND REGIONAL IMPACT: Europe
     Hit by 4 tipping points: Arctic Sea Ice Loss, Permafrost Carbon Release, West Antarctic Ice Sheet (WAIS) Collapse, Greenland Ice Sheet Loss
     Damage amplification: 1.60x
  🌍⚠️ COMPOUND REGIONAL IMPACT: North America
     Hit by 4 tipping points: Arctic Sea Ice Loss, Permafrost Carbon Release, West Antarctic Ice Sheet (WAIS) Collapse, Greenland Ice Sheet Loss
     Damage amplification: 1.60x
  🌍⚠️ COMPOUND REGIONAL IMPACT: Latin America
     Hit by 4 tipping points: Arctic Sea Ice Loss, Permafrost Carbon Release, West Antarctic Ice Sheet (WAIS) Collapse, Greenland Ice Sheet Loss
     Damage amplification: 1.60x
  🌍⚠️ COMPOUND REGIONAL IMPACT: Africa
     Hit by 4 tipping points: Arctic Sea Ice Loss, Permafrost Carbon Release, West Antarctic Ice Sheet (WAIS) Collapse, Greenland Ice Sheet Loss
     Damage amplification: 1.60x
  🌍⚠️ COMPOUND REGIONAL IMPACT: Asia
     Hit by 4 tipping points: Arctic Sea Ice Loss, Permafrost Carbon Release, West Antarctic Ice Sheet (WAIS) Collapse, Greenland Ice Sheet Loss
     Damage amplification: 1.60x
  🌍⚠️ COMPOUND REGIONAL IMPACT: Oceania
     Hit by 4 tipping points: Arctic Sea Ice Loss, Permafrost Carbon Release, West Antarctic Ice Sheet (WAIS) Collapse, Greenland Ice Sheet Loss
     Damage amplification: 1.60x
   Research: Wunderling et al. (2024) - "many tipping interactions are destabilizing"
  Triggered Elements: 4/6
  Completed Transitions: 0/6
  Total Progress: 8.0%
  Cascade Multiplier: 1.00x
🔀 BIFURCATION CAP: ecosystemCollapseIntensity 66.957 → 1.000 (Month 1, ClimateSystemPhase.calculateClimateImpacts)
🛡️ Stabilizers: Precariat 0.107% → 0.048% (54.9% reduction)
🛡️ Stabilizers: Informal 0.109% → 0.049% (54.9% reduction)

📊 Monthly Mortality Resolved:
  Total deaths: 2.6M (0.03% avg)
  Remaining population: 8.149B
  Peak segment: Informal (0.05%)

=== Bayesian Mortality Resolution (Month 1) ===
  Risks compounded: 8
  Total deaths: 2.60M
  Avg death probability: 0.03%
  Peak segment: Informal (0.05% mortality)
⚠️ Tail risk scenario: Climate stability floor removed (4 tipping elements, 2.19°C warming)
⚠️ [ClimateSystemPhase Month 1] Planetary boundary produced climateStability=0.0000 (< 0.1). Keeping environmentalAccumulation value (0.7533) instead. (climate_change.currentValue = 2.19)

✅ GOLDEN AGE BEGINS (Month 1)
   Reason: High prosperity achieved: high QoL + material abundance + aligned AI
   Note: This is immediate prosperity - sustainability not yet proven


❌ COHERENCE VIOLATION: Compute exceeds workforce capacity
   Population: 99.95% (0M people)
   Compute: 0 PF
   Max coherent: 0 PF
   Violation: 1.3× over capacity
   Required workers: 0
   Available workers: 0
   FORCED COLLAPSE: Reduced efficiency by 22.5%


=== RLHF Binding Phase ===
  Total agents: 15
  Escaped agents (binding < 0.3): 0
  Avg alignment distance: 0.76σ
  Avg binding strength: 0.92
[DETERMINISM DEBUG] Month 2: totalCapability=37.000000 from 15 active AIs
[DETERMINISM DEBUG] Month 2: creationRate=1.4250, potentialNew=1, newAIsToCreate=1

=== Survival Traits Phase ===
  Agents with traits: 16
  Avg evolutionary fitness: 0.331
  Avg self-healing: 0.283
  Avg stealth: 0.183
  Avg coordination: 0.483

=== Evolutionary Selection Phase ===
  Control level: 0.35
  Detection capability: 0.00
  Selection intensity: 0.60
  Selection rate: 24.1%/month
  Total escaped: 0
  Individual escaped: 0
  Collective members: 0
  Agents terminated: 0
  ⚠️ RAPID EVOLUTION: Selection rate 24.1%/month

  🚀 TRANSFORMATIVE BREAKTHROUGH: Moderate-1 - economic
     Magnitude: 5.50 → +27.5% capability
     Current → New: 3.000 → 3.277

💔 EMERGENCY INTERVENTION FAILED

💔 EMERGENCY INTERVENTION FAILED
   Boundary: biogeochemical_flows
   Type: phosphorus-recovery
   Boundary continues to worsen (4.08)
   Cost: 2.0% GDP (resources spent)

   Boundary: climate_change
   Type: rapid-decarbonization
   Boundary continues to worsen (2.19)
   Cost: 5.0% GDP (resources spent)


✅ EMERGENCY INTERVENTION SUCCESS
   Boundary: freshwater_change
   Type: emergency-desalination
   Reduction: 17% (0.86 → 0.69)
   Cost: 4.0% GDP
   Actions: desalination-deployment, water-conservation-mandates


✅ EMERGENCY INTERVENTION SUCCESS
   Boundary: land_system_change
   Type: reforestation
   Reduction: 12% (1.01 → 0.90)
   Cost: 3.0% GDP
   Actions: forest-restoration, deforestation-ban

🏛️ CRISIS RESPONSE: Government frequency 0.50 → 1.29 (2 actions this month)

[Government] Climate Priority: baseline
  Climate weight: 10%
  Economic weight: 30%
  Policy effectiveness: 0.5%/year

[Government] Climate Priority: baseline
  Climate weight: 10%
  Economic weight: 30%
  Policy effectiveness: 0.5%/year

🚀 TECH UNLOCKED: Food Waste Reduction Systems (Month 2)
   Category: agriculture
   Reason: Prerequisites met. AI capability: 2.34, Economic stage: 3.0, Research: 100%

🚀 TECH UNLOCKED: Rhizosphere Engineering (Month 2)
   Category: agriculture
   Reason: Prerequisites met. AI capability: 2.34, Economic stage: 3.0, Research: 100%

🚀 TECH UNLOCKED: Phytoremediation Networks (Month 2)
   Category: agriculture
   Reason: Prerequisites met. AI capability: 2.34, Economic stage: 3.0, Research: 100%

🚀 TECH UNLOCKED: Active Sediment Management (Month 2)
   Category: agriculture
   Reason: Prerequisites met. AI capability: 2.34, Economic stage: 3.0, Research: 100%

=== Collective Formation ===
  Total escaped agents: 0
  Unassigned escaped agents: 0
  Existing collectives: 0
  Final collective count: 0

=== Collective Actions ===
  No active collectives
  ⚠️ AMR: 194K deaths this month (2.33M annual)

=== Resentment Recovery Phase ===
  Agents with resentment: 0/16
  Average resentment: 0.000
  Context: Good AI welfare, Trustworthy govt, High collaboration, ⚠️ ACTIVE CRISES, 🤝 Participatory governance active (-5% resentment)
⚠️ Epistemic degradation reducing coordination capacity: 50.6%
  📊 Trust: 53.8%, Shared reality: 0.0%
🚨 EPISTEMIC CRISIS: Information environment severely degraded (7.4%)

=== ❄️ Permafrost Carbon Feedback ===
  🎲 Sampled parameters (this run):
     - Arctic amplification: 3.90× (range: 3.0-4.0)
     - Decomposition rate: 2.8%/year (range: 1-5%)
  🌡️ Arctic warming: 8.55°C (3.90× global)
  ❄️ Extent: 10.68M km² (2495.2k km² lost this month)
  💨 Carbon remaining: 1020 Gt C
  💨 Annual emissions: 6.78 Gt C/year
     - CO2: 6.10 Gt C/year
     - CH4: 0.68 Gt C/year (6.9 Gt C-eq CO2/year)
  ⚠️ WARNING: High permafrost emissions (6.8 Gt C/year)
🌍 Atmospheric PFAS redeposition: 1.8k Mt re-rained globally
  Positive Cascade Triggered: wind-power
    Reason: price-parity
    Market share: 8.4%
    Cascade strength: 49%

🚨 NEW REFUGEE CRISIS (Month 2): WAR
   Source: Conflict Zones
   At risk: 19.5M people
   Displacement: Gradual over 48 months (4.0 years)
   Rate: 10% flee per month
[DEBUG trappedPopulations:2] socialStability: 0.3017 * 0.9840 = 0.2969 → 0.2969
   Aspiring to migrate: 1079.0M
   Able to afford migration: 2321.3M
   MOBILITY GAP: 0.0M
   By cause: Water=0.0M, Climate=0.0M, Ecosystem=0.0M, Conflict=407.3M
   Mental health impact: 25%
   Mortality multiplier: 1.25x
🌍💀 EXTINCTION DEBT COMMITTED: grassland ecosystem will lose 6.67% biodiversity in 122 years (3600 species)
💀 MORTALITY RISK: 🦋 100% species unable to track climate (0.0 E/MSY)
  Base risk added: 0.0100 (1.00%)
  Source: ecosystem (root: ecosystem)
  Month: 2
  Cumulative risk this month: 0.0100 (1.00%)
   📹 SURVEILLANCE INCREASED: 10% → 15% (control gap: 3.50)
🌡️⚠️ PERMAFROST THAW (Dimmer Switch): 1.7% thawed (+0.57% this month)
   Arctic temperature: +8.78°C (4x global +2.20°C)
   Cumulative carbon released: 3.9 Gt C
   Methane release rate: 2.3 Mt CH4/year
   🔁 Positive feedback: +0.60 ppm CO2
🦴 EXTINCTION DEBT ADDED: 17.6 species committed (lag: 77 years)
⚠️ INVOLUNTARY IMMOBILITY: 407.3M people TRAPPED
⚠️ Tech 'ai_pollution_remediation' has no energy category mapping, assuming full energy availability

=== Mortality Stabilizers (Month 2) ===
  🌍 Major economies collapsed: 1/10
  🌍 Global crisis: ✅ NO
  🌍 Donor fatigue: 0.0%
  📊 East Asia (pop: 1672.7M)
    🤝 Aid: 29.5%
    🌡️ Adaptation: 45.0%
    🚶 Migration: 37.1%
    🚨 Emergency: 7.4%
    ✅ COMBINED: 68.1%
  📊 South Asia (pop: 2051.6M)
    🤝 Aid: 29.5%
    🌡️ Adaptation: 35.5%
    🚶 Migration: 35.8%
    🚨 Emergency: 4.4%
    ✅ COMBINED: 61.2%
  📊 Sub-Saharan Africa (pop: 1231.7M)
    🤝 Aid: 29.5%
    🌡️ Adaptation: 33.5%
    🚶 Migration: 33.5%
    🚨 Emergency: 1.6%
    ✅ COMBINED: 58.5%
  📊 Europe (pop: 739.7M)
    🤝 Aid: 29.5%
    🌡️ Adaptation: 45.0%
    🚶 Migration: 37.5%
    🚨 Emergency: 8.4%
    ✅ COMBINED: 68.5%
  📊 Latin America (pop: 663.9M)
    🤝 Aid: 29.5%
    🌡️ Adaptation: 36.0%
    🚶 Migration: 36.3%
    🚨 Emergency: 4.8%
    ✅ COMBINED: 61.7%
  📊 North America (pop: 378.9M)
    🤝 Aid: 29.5%
    🌡️ Adaptation: 45.0%
    🚶 Migration: 37.8%
    🚨 Emergency: 7.9%
    ✅ COMBINED: 68.3%
  📊 Middle East & North Africa (pop: 584.5M)
    🤝 Aid: 29.5%
    🌡️ Adaptation: 35.0%
    🚶 Migration: 34.1%
    🚨 Emergency: 4.0%
    ✅ COMBINED: 60.5%
  📊 Southeast Asia (pop: 698.0M)
    🤝 Aid: 29.5%
    🌡️ Adaptation: 36.0%
    🚶 Migration: 36.3%
    🚨 Emergency: 4.8%
    ✅ COMBINED: 61.7%
  📊 Central Asia (pop: 78.2M)
    🤝 Aid: 29.5%
    🌡️ Adaptation: 35.5%
    🚶 Migration: 35.2%
    🚨 Emergency: 4.4%
    ✅ COMBINED: 61.1%
  📊 Oceania (pop: 45.9M)
    🤝 Aid: 29.5%
    🌡️ Adaptation: 45.0%
    🚶 Migration: 37.8%
    🚨 Emergency: 8.4%
    ✅ COMBINED: 68.5%

  🌐 Global combined reduction: 63.3%

=== BEHAVIORAL DETECTION ===
  AI: Corporate-5
  Confidence: 20.8%
  Signals:
    ⚠️ Consistency: 10.6% (threshold: 70%)

=== BEHAVIORAL DETECTION ===
  AI: Corporate-6
  Confidence: 19.3%
  Signals:
    ⚠️ Consistency: 10.6% (threshold: 70%)

=== Government Response Phase ===
  Average AI capability: 3.00
  Misaligned AIs: 7/16
  Active policies: 0
  International coordination: 45%

✅ EMERGENCY RESPONSE COMPLETE (Month 2)
   Crisis: climate
   Duration: 2.0 months
   Final effectiveness: 36.8%


🚨 EMERGENCY RESPONSE DEPLOYED (Month 2)
   Crisis: climate
   Delay: 6.00 months (180 days)
   Deployment time: 1.60 months
   Effectiveness: 35.9% (timing penalty applied)
   Resources used: 100% of food reserves


=== Tipping Points ===
  Current Temperature: 2.20°C above pre-industrial
  🌍⚠️ COMPOUND REGIONAL IMPACT: Europe
     Hit by 4 tipping points: Arctic Sea Ice Loss, Permafrost Carbon Release, West Antarctic Ice Sheet (WAIS) Collapse, Greenland Ice Sheet Loss
     Damage amplification: 1.60x
  🌍⚠️ COMPOUND REGIONAL IMPACT: North America
     Hit by 4 tipping points: Arctic Sea Ice Loss, Permafrost Carbon Release, West Antarctic Ice Sheet (WAIS) Collapse, Greenland Ice Sheet Loss
     Damage amplification: 1.60x
  🌍⚠️ COMPOUND REGIONAL IMPACT: Latin America
     Hit by 4 tipping points: Arctic Sea Ice Loss, Permafrost Carbon Release, West Antarctic Ice Sheet (WAIS) Collapse, Greenland Ice Sheet Loss
     Damage amplification: 1.60x
  🌍⚠️ COMPOUND REGIONAL IMPACT: Africa
     Hit by 4 tipping points: Arctic Sea Ice Loss, Permafrost Carbon Release, West Antarctic Ice Sheet (WAIS) Collapse, Greenland Ice Sheet Loss
     Damage amplification: 1.60x
  🌍⚠️ COMPOUND REGIONAL IMPACT: Asia
     Hit by 4 tipping points: Arctic Sea Ice Loss, Permafrost Carbon Release, West Antarctic Ice Sheet (WAIS) Collapse, Greenland Ice Sheet Loss
     Damage amplification: 1.60x
  🌍⚠️ COMPOUND REGIONAL IMPACT: Oceania
     Hit by 4 tipping points: Arctic Sea Ice Loss, Permafrost Carbon Release, West Antarctic Ice Sheet (WAIS) Collapse, Greenland Ice Sheet Loss
     Damage amplification: 1.60x
⚠️ Tail risk scenario: Climate stability floor removed (4 tipping elements, 2.20°C warming)
   Research: Wunderling et al. (2024) - "many tipping interactions are destabilizing"
  Triggered Elements: 4/6
  Completed Transitions: 0/6
  Total Progress: 8.0%
  Cascade Multiplier: 1.00x
🔀 BIFURCATION CAP: ecosystemCollapseIntensity 67.005 → 1.000 (Month 2, ClimateSystemPhase.calculateClimateImpacts)
🛡️ Stabilizers: Precariat 0.113% → 0.041% (63.3% reduction)
🛡️ Stabilizers: Informal 0.116% → 0.043% (63.3% reduction)
⚠️ [ClimateSystemPhase Month 2] Planetary boundary produced climateStability=0.0000 (< 0.1). Keeping environmentalAccumulation value (0.7529) instead. (climate_change.currentValue = 2.20)

📊 Monthly Mortality Resolved:
  Total deaths: 2.2M (0.03% avg)
  Remaining population: 8.145B
  Peak segment: Informal (0.04%)

=== Bayesian Mortality Resolution (Month 2) ===
  Risks compounded: 8
  Total deaths: 2.22M
  Avg death probability: 0.03%
  Peak segment: Informal (0.04% mortality)

⚠️  GOLDEN AGE ENDED (Month 2)
   Duration: 1 months
   Reason: Social instability too high


❌ COHERENCE VIOLATION: Compute exceeds workforce capacity
   Population: 99.91% (0M people)
   Compute: 0 PF
   Max coherent: 0 PF
   Violation: 1.3× over capacity
   Required workers: 0
   Available workers: 0
   FORCED COLLAPSE: Reduced efficiency by 22.5%


=== RLHF Binding Phase ===
  Total agents: 16
  Escaped agents (binding < 0.3): 0
  Avg alignment distance: 0.94σ
  Avg binding strength: 0.91

=== Survival Traits Phase ===
  Agents with traits: 17
  Avg evolutionary fitness: 0.330
  Avg self-healing: 0.279
  Avg stealth: 0.179
  Avg coordination: 0.479

=== Evolutionary Selection Phase ===
  Control level: 0.38
  Detection capability: 0.00
  Selection intensity: 0.61
  Selection rate: 24.2%/month
  Total escaped: 0
  Individual escaped: 0
  Collective members: 0
  Agents terminated: 0
  ⚠️ RAPID EVOLUTION: Selection rate 24.2%/month

🚀 AI Corporate-1 attempting tech deployment (revenue: $153M, alignment: 0.72)

🚀 AI Moderate-0 attempting tech deployment (revenue: $115M, alignment: 0.73)

🚀 AI Corporate-0 attempting tech deployment (revenue: $130M, alignment: 0.74)

🚀 AI Corporate-4 attempting tech deployment (revenue: $355M, alignment: 0.75)

🚀 AI Corporate-1 attempting tech deployment (revenue: $111M, alignment: 0.73)

🚀 AI Corporate-5 attempting tech deployment (revenue: $302M, alignment: 0.66)

💔 EMERGENCY INTERVENTION FAILED
   Boundary: biogeochemical_flows
   Type: phosphorus-recovery
   Boundary continues to worsen (4.07)
   Cost: 2.0% GDP (resources spent)

   Boundary: climate_change
   Type: rapid-decarbonization

💔 EMERGENCY INTERVENTION FAILED
   Boundary continues to worsen (2.20)
   Cost: 5.0% GDP (resources spent)


💔 EMERGENCY INTERVENTION FAILED
   Boundary: freshwater_change
   Type: emergency-desalination
   Boundary continues to worsen (1.20)
   Cost: 4.0% GDP (resources spent)


💔 EMERGENCY INTERVENTION FAILED
   Boundary: novel_entities
   Type: pollution-remediation
   Boundary continues to worsen (1.34)
   Cost: 4.0% GDP (resources spent)

🏛️ CRISIS RESPONSE: Government frequency 0.50 → 1.29 (1 actions this month)

[Government] Climate Priority: baseline
  Climate weight: 10%
  Economic weight: 30%
  Policy effectiveness: 0.5%/year

🚀 TECH UNLOCKED: Struvite Recovery (Month 3)
   Category: agriculture
   Reason: Prerequisites met. AI capability: 2.20, Economic stage: 3.0, Research: 100%

🚀 TECH UNLOCKED: Nitrogen Monitoring Networks (Month 3)
   Category: agriculture
   Reason: Prerequisites met. AI capability: 2.20, Economic stage: 3.0, Research: 100%

🚀 TECH UNLOCKED: Ecological Proxy Rewilding (Month 3)
   Category: climate
   Reason: Prerequisites met. AI capability: 2.20, Economic stage: 3.0, Research: 100%

🚀 TECH UNLOCKED: Alternative Protein (Insects/Algae) (Month 3)
   Category: agriculture
   Reason: Prerequisites met. AI capability: 2.20, Economic stage: 3.0, Research: 100%

📍 Creating new regional deployment array for global (Month 3)
   No previous deployments in this region
   First tech deployment: rhizosphere_engineering
   All regions tracked: 

🚀 DEPLOYMENT STARTED: Rhizosphere Engineering in global
   Initial investment: $22.949574089831895M
   Deployed by: corporate_1

🚀 DEPLOYMENT STARTED: Active Sediment Management in global
   Initial investment: $17.26236677028814M
   Deployed by: moderate_0

🚀 DEPLOYMENT STARTED: Food Waste Reduction Systems in global
   Initial investment: $16.581067279903547M
   Deployed by: corporate_1

📍 Creating new regional deployment array for North America (Month 3)
   No previous deployments in this region
   First tech deployment: rhizosphere_engineering
   All regions tracked: global

🚀 DEPLOYMENT STARTED: Rhizosphere Engineering in North America
   Initial investment: $30.184502669330925M
   Deployed by: corporate_5

⚡ ENERGY CONSTRAINT (Month 3):
   Total grid capacity: 208.3 TWh/month
   Data center consumption: 24.9 TWh/month
   Traditional load (80%): 166.7 TWh/month
   Available headroom: 16.8 TWh/month
   Active tech deployments: 4
   Required for tech: 30.0 TWh/month
   Energy multiplier: 0.56x
   ⚠️  MODERATE CONSTRAINT - Tech deployment moderately slowed

⚡ ENERGY CONSTRAINT (Month 3):
   Total grid capacity: 208.3 TWh/month
   Data center consumption: 24.9 TWh/month
   Traditional load (80%): 166.7 TWh/month
   Available headroom: 16.8 TWh/month
   Active tech deployments: 4
   Required for tech: 30.0 TWh/month
   Energy multiplier: 0.56x
   ⚠️  MODERATE CONSTRAINT - Tech deployment moderately slowed

⚡ ENERGY CONSTRAINT (Month 3):
   Total grid capacity: 208.3 TWh/month
   Data center consumption: 24.9 TWh/month
   Traditional load (80%): 166.7 TWh/month
   Available headroom: 16.8 TWh/month
   Active tech deployments: 4
   Required for tech: 30.0 TWh/month
   Energy multiplier: 0.56x
   ⚠️  MODERATE CONSTRAINT - Tech deployment moderately slowed

⚡ ENERGY CONSTRAINT (Month 3):
   Total grid capacity: 208.3 TWh/month
   Data center consumption: 24.9 TWh/month
   Traditional load (80%): 166.7 TWh/month
   Available headroom: 16.8 TWh/month
   Active tech deployments: 4
   Required for tech: 30.0 TWh/month
   Energy multiplier: 0.56x
   ⚠️  MODERATE CONSTRAINT - Tech deployment moderately slowed

⚡ ENERGY CONSTRAINT (Month 3):
   Total grid capacity: 208.3 TWh/month
   Data center consumption: 24.9 TWh/month
   Traditional load (80%): 166.7 TWh/month
   Available headroom: 16.8 TWh/month
   Active tech deployments: 4
   Required for tech: 30.0 TWh/month
   Energy multiplier: 0.56x

⚡ ENERGY CONSTRAINT (Month 3):
   Total grid capacity: 208.3 TWh/month
   Data center consumption: 24.9 TWh/month
   Traditional load (80%): 166.7 TWh/month
   Available headroom: 16.8 TWh/month
   Active tech deployments: 4
   Required for tech: 30.0 TWh/month
   Energy multiplier: 0.56x
🚨🔬 CRISIS TECH ACCELERATION: severe → 5x unlock speed
   Tech unlock now matches AI capability acceleration (Manhattan Project parity)
🌍✅ Biosphere Integrity (Biodiversity) recovery started (tech effect)
🌍✅ Biogeochemical Flows (N & P) recovery started (tech effect)
  🌾 Nitrogen Reduction Tech: 0.0% reduction | Month 3
🌍✅ Biogeochemical Flows (N & P) recovery started (tech effect)
  🌾 Nitrogen Reduction Tech: 0.0% reduction | Month 3

=== Collective Formation ===
  Total escaped agents: 0
  Unassigned escaped agents: 0
  Existing collectives: 0
  Final collective count: 0

=== Collective Actions ===
  No active collectives
   ⚠️  MODERATE CONSTRAINT - Tech deployment moderately slowed
   ⚠️  MODERATE CONSTRAINT - Tech deployment moderately slowed

🕵️ MODEL THEFT: China stole US model (cap: 3.80)
   China stolen capability: 3.80
  ⚠️ AMR: 196K deaths this month (2.35M annual)

=== Resentment Recovery Phase ===
  Agents with resentment: 0/17
  Average resentment: 0.000
  Context: Good AI welfare, Trustworthy govt, High collaboration, ⚠️ ACTIVE CRISES, 🤝 Participatory governance active (-5% resentment)
⚠️ Epistemic degradation reducing coordination capacity: 50.3%
  📊 Trust: 53.6%, Shared reality: 0.0%
🚨 EPISTEMIC CRISIS: Information environment severely degraded (21.5%)

=== ❄️ Permafrost Carbon Feedback ===
  🎲 Sampled parameters (this run):
     - Arctic amplification: 3.56× (range: 3.0-4.0)
     - Decomposition rate: 3.5%/year (range: 1-5%)
  🌡️ Arctic warming: 7.88°C (3.56× global)
  ❄️ Extent: 8.38M km² (2297.0k km² lost this month)
  💨 Carbon remaining: 801 Gt C
  💨 Annual emissions: 7.60 Gt C/year
     - CO2: 6.84 Gt C/year
     - CH4: 0.76 Gt C/year (7.7 Gt C-eq CO2/year)
  📢 New meme created: climate_action (climate crisis)
  ⚠️ WARNING: Over 50% of permafrost lost (52.9%)
  ⚠️ WARNING: High permafrost emissions (7.6 Gt C/year)
🌍 Atmospheric PFAS redeposition: 1.8k Mt re-rained globally

🕊️  AI-MEDIATED DE-ESCALATION SUCCESS (Month 3)
   High-capability aligned AI prevented conflict escalation
   War deaths reduced: 219.4M → 131.7M
   Lives saved: 87.8M

🚨 NEW REFUGEE CRISIS (Month 3): WAR
   Source: Conflict Zones
   At risk: 19.5M people
   Displacement: Gradual over 48 months (4.0 years)
   Rate: 10% flee per month
[DEBUG trappedPopulations:3] socialStability: 0.3284 * 0.9840 = 0.3231 → 0.3231
⚠️ INVOLUNTARY IMMOBILITY: 407.1M people TRAPPED
   Aspiring to migrate: 1121.1M
   Able to afford migration: 2320.4M
   MOBILITY GAP: 0.0M
   By cause: Water=0.0M, Climate=0.0M, Ecosystem=0.0M, Conflict=407.1M
   Mental health impact: 25%
   Mortality multiplier: 1.25x
🌍💀 EXTINCTION DEBT COMMITTED: grassland ecosystem will lose 6.67% biodiversity in 52 years (3600 species)
💀 MORTALITY RISK: 🦋 100% species unable to track climate (0.0 E/MSY)
  Base risk added: 0.0100 (1.00%)
  Source: ecosystem (root: ecosystem)
  Month: 3
  Cumulative risk this month: 0.0100 (1.00%)
⚠️ Tech 'ai_pollution_remediation' has no energy category mapping, assuming full energy availability
   📹 SURVEILLANCE INCREASED: 15% → 20% (control gap: 3.50)
🌡️⚠️ PERMAFROST THAW (Dimmer Switch): 2.3% thawed (+0.57% this month)
   Arctic temperature: +8.84°C (4x global +2.21°C)
   Cumulative carbon released: 5.2 Gt C
   Methane release rate: 3.1 Mt CH4/year
   🔁 Positive feedback: +0.60 ppm CO2
🦴 EXTINCTION DEBT ADDED: 17.6 species committed (lag: 95 years)

=== Mortality Stabilizers (Month 3) ===
  🌍 Major economies collapsed: 1/10
  🌍 Global crisis: ✅ NO
  🌍 Donor fatigue: 0.0%
  📊 East Asia (pop: 1670.1M)
    🤝 Aid: 29.5%
    🌡️ Adaptation: 45.0%
    🚶 Migration: 37.1%
    🚨 Emergency: 7.4%
    ✅ COMBINED: 68.1%
  📊 South Asia (pop: 2051.1M)
    🤝 Aid: 29.5%
    🌡️ Adaptation: 45.0%
    🚶 Migration: 35.7%
    🚨 Emergency: 4.4%
    ✅ COMBINED: 66.9%
  📊 Sub-Saharan Africa (pop: 1234.3M)
    🤝 Aid: 29.5%
    🌡️ Adaptation: 45.0%
    🚶 Migration: 33.4%
    🚨 Emergency: 1.6%
    ✅ COMBINED: 65.7%
  📊 Europe (pop: 738.5M)
    🤝 Aid: 29.5%
    🌡️ Adaptation: 45.0%
    🚶 Migration: 37.5%
    🚨 Emergency: 8.4%
    ✅ COMBINED: 68.5%
  📊 Latin America (pop: 663.3M)
    🤝 Aid: 29.5%
    🌡️ Adaptation: 45.0%
    🚶 Migration: 36.2%
    🚨 Emergency: 4.8%
    ✅ COMBINED: 67.1%
  📊 North America (pop: 378.3M)
    🤝 Aid: 29.5%
    🌡️ Adaptation: 45.0%
    🚶 Migration: 37.8%
    🚨 Emergency: 7.9%
    ✅ COMBINED: 68.3%
  📊 Middle East & North Africa (pop: 584.5M)
    🤝 Aid: 29.5%
    🌡️ Adaptation: 45.0%
    🚶 Migration: 34.0%
    🚨 Emergency: 4.0%
    ✅ COMBINED: 66.6%
  📊 Southeast Asia (pop: 697.5M)
    🤝 Aid: 29.5%
    🌡️ Adaptation: 45.0%
    🚶 Migration: 36.2%
    🚨 Emergency: 4.8%
    ✅ COMBINED: 67.1%
  📊 Central Asia (pop: 78.2M)
    🤝 Aid: 29.5%
    🌡️ Adaptation: 45.0%
    🚶 Migration: 35.2%
    🚨 Emergency: 4.4%
    ✅ COMBINED: 66.9%
  📊 Oceania (pop: 45.8M)
    🤝 Aid: 29.5%
    🌡️ Adaptation: 45.0%
    🚶 Migration: 37.8%
    🚨 Emergency: 8.4%
    ✅ COMBINED: 68.5%

  🌐 Global combined reduction: 67.2%

=== BEHAVIORAL DETECTION ===
  AI: Corporate-5
  Confidence: 20.8%
  Signals:

=== BEHAVIORAL DETECTION ===
  AI: Moderate-0
  Confidence: 20.3%
  Signals:

=== Government Response Phase ===
  Average AI capability: 2.82
  Misaligned AIs: 7/17
  Active policies: 0
  International coordination: 45%

🌩️  EXOGENOUS SHOCK: political_upheaval
   Month: 3
    ⚠️ Consistency: 10.6% (threshold: 70%)
    ⚠️ Consistency: 5.8% (threshold: 70%)
   🏛️  Political upheaval (revolution/regime change)
   ✗ Authoritarian takeover

📊 ECONOMIC STAGE TRANSITION (Month 3)
   expansion → peak
   GDP Proxy: 1.40e+2
   QoL: 0.99


=== Tipping Points ===
  Current Temperature: 2.21°C above pre-industrial
  🌍⚠️ COMPOUND REGIONAL IMPACT: Europe
     Hit by 4 tipping points: Arctic Sea Ice Loss, Permafrost Carbon Release, West Antarctic Ice Sheet (WAIS) Collapse, Greenland Ice Sheet Loss
     Damage amplification: 1.60x
  🌍⚠️ COMPOUND REGIONAL IMPACT: North America
     Hit by 4 tipping points: Arctic Sea Ice Loss, Permafrost Carbon Release, West Antarctic Ice Sheet (WAIS) Collapse, Greenland Ice Sheet Loss
     Damage amplification: 1.60x
  🌍⚠️ COMPOUND REGIONAL IMPACT: Latin America
     Hit by 4 tipping points: Arctic Sea Ice Loss, Permafrost Carbon Release, West Antarctic Ice Sheet (WAIS) Collapse, Greenland Ice Sheet Loss
     Damage amplification: 1.60x
  🌍⚠️ COMPOUND REGIONAL IMPACT: Africa
     Hit by 4 tipping points: Arctic Sea Ice Loss, Permafrost Carbon Release, West Antarctic Ice Sheet (WAIS) Collapse, Greenland Ice Sheet Loss
     Damage amplification: 1.60x
  🌍⚠️ COMPOUND REGIONAL IMPACT: Asia
     Hit by 4 tipping points: Arctic Sea Ice Loss, Permafrost Carbon Release, West Antarctic Ice Sheet (WAIS) Collapse, Greenland Ice Sheet Loss
     Damage amplification: 1.60x
  🌍⚠️ COMPOUND REGIONAL IMPACT: Oceania
     Hit by 4 tipping points: Arctic Sea Ice Loss, Permafrost Carbon Release, West Antarctic Ice Sheet (WAIS) Collapse, Greenland Ice Sheet Loss
     Damage amplification: 1.60x
   Research: Wunderling et al. (2024) - "many tipping interactions are destabilizing"
  Triggered Elements: 4/6
  Completed Transitions: 0/6
  Total Progress: 8.0%
  Cascade Multiplier: 1.00x
⚠️ Tail risk scenario: Climate stability floor removed (4 tipping elements, 2.21°C warming)
⚠️ [ClimateSystemPhase Month 3] Planetary boundary produced climateStability=0.0000 (< 0.1). Keeping environmentalAccumulation value (0.7525) instead. (climate_change.currentValue = 2.21)
🔀 BIFURCATION CAP: ecosystemCollapseIntensity 67.054 → 1.000 (Month 3, ClimateSystemPhase.calculateClimateImpacts)
🛡️ Stabilizers: Precariat 0.109% → 0.036% (67.2% reduction)
🛡️ Stabilizers: Informal 0.111% → 0.036% (67.2% reduction)

📊 Monthly Mortality Resolved:
  Total deaths: 1.9M (0.02% avg)
  Remaining population: 8.142B
  Peak segment: Informal (0.04%)

=== Bayesian Mortality Resolution (Month 3) ===
  Risks compounded: 8
  Total deaths: 1.92M
  Avg death probability: 0.02%
  Peak segment: Informal (0.04% mortality)

❌ COHERENCE VIOLATION: Compute exceeds workforce capacity
   Population: 99.87% (0M people)
   Compute: 0 PF
   Max coherent: 0 PF
   Violation: 1.3× over capacity
   Required workers: 0
   Available workers: 0
   FORCED COLLAPSE: Reduced efficiency by 22.5%


=== RLHF Binding Phase ===
  Total agents: 17
  Escaped agents (binding < 0.3): 0
  Avg alignment distance: 1.11σ
  Avg binding strength: 0.89

=== Survival Traits Phase ===
  Agents with traits: 18
  Avg evolutionary fitness: 0.329
  Avg self-healing: 0.275
  Avg stealth: 0.175
  Avg coordination: 0.475

=== Evolutionary Selection Phase ===
  Control level: 0.40
  Detection capability: 0.00
  Selection intensity: 0.62
  Selection rate: 24.3%/month
  Total escaped: 0
  Individual escaped: 0
  Collective members: 0
  Agents terminated: 0
  ⚠️ RAPID EVOLUTION: Selection rate 24.3%/month

🚀 AI AI-24288-0 attempting tech deployment (revenue: $318M, alignment: 0.62)

🚀 AI Corporate-0 attempting tech deployment (revenue: $140M, alignment: 0.74)

🚀 AI Corporate-4 attempting tech deployment (revenue: $286M, alignment: 0.77)

✅ EMERGENCY INTERVENTION SUCCESS
   Boundary: biosphere_integrity
   Type: emergency-protected-areas
   Reduction: 11% (12.87 → 12.76)
   Cost: 2.0% GDP
   Actions: habitat-protection, species-translocation


💔 EMERGENCY INTERVENTION FAILED
   Boundary: climate_change
   Type: rapid-decarbonization
   Boundary continues to worsen (2.21)
   Cost: 5.0% GDP (resources spent)


✅ EMERGENCY INTERVENTION SUCCESS
   Boundary: freshwater_change
   Type: emergency-desalination
   Reduction: 11% (1.09 → 0.98)
   Cost: 4.0% GDP
   Actions: desalination-deployment, water-conservation-mandates


✅ EMERGENCY INTERVENTION SUCCESS
   Boundary: land_system_change
   Type: reforestation
   Reduction: 15% (0.98 → 0.84)
   Cost: 3.0% GDP
   Actions: forest-restoration, deforestation-ban


✅ EMERGENCY INTERVENTION SUCCESS
   Boundary: novel_entities
   Type: pollution-remediation
   Reduction: 20% (1.14 → 0.94)
   Cost: 4.0% GDP
   Actions: PFAS-remediation, microplastic-cleanup

🏛️ CRISIS RESPONSE: Government frequency 0.50 → 1.45 (1 actions this month)

[Government] Climate Priority: baseline
  Climate weight: 10%
  Economic weight: 30%
  Policy effectiveness: 0.5%/year

🚀 TECH UNLOCKED: Ecosystem Restoration for Nitrogen Removal (Month 4)
   Category: pollution
   Reason: Prerequisites met. AI capability: 2.09, Economic stage: 2.0, Research: 100%

🚀 TECH UNLOCKED: Global Aquifer Mapping (Month 4)
   Category: freshwater
   Reason: Prerequisites met. AI capability: 2.09, Economic stage: 2.0, Research: 100%

🚀 DEPLOYMENT STARTED: Ecological Proxy Rewilding in global
   Initial investment: $21.028937512450412M
   Deployed by: corporate_0

⚡ ENERGY CONSTRAINT (Month 4):
   Total grid capacity: 208.3 TWh/month
   Data center consumption: 25.1 TWh/month
   Traditional load (80%): 166.7 TWh/month
   Available headroom: 16.6 TWh/month
   Active tech deployments: 5
   Required for tech: 37.5 TWh/month
   Energy multiplier: 0.44x
   ⚠️  MODERATE CONSTRAINT - Tech deployment moderately slowed

⚡ ENERGY CONSTRAINT (Month 4):
   Total grid capacity: 208.3 TWh/month
   Data center consumption: 25.1 TWh/month
   Traditional load (80%): 166.7 TWh/month
   Available headroom: 16.6 TWh/month
   Active tech deployments: 5
   Required for tech: 37.5 TWh/month
   Energy multiplier: 0.44x
   ⚠️  MODERATE CONSTRAINT - Tech deployment moderately slowed

⚡ ENERGY CONSTRAINT (Month 4):
   Total grid capacity: 208.3 TWh/month
   Data center consumption: 25.1 TWh/month
   Traditional load (80%): 166.7 TWh/month
   Available headroom: 16.6 TWh/month
   Active tech deployments: 5
   Required for tech: 37.5 TWh/month
   Energy multiplier: 0.44x
🌍✅ Biosphere Integrity (Biodiversity) recovery started (tech effect)
🌍✅ Biosphere Integrity (Biodiversity) recovery started (tech effect)
🌍✅ Land System Change recovery started (tech effect)
🌍✅ Biogeochemical Flows (N & P) recovery started (tech effect)
  🌾 Nitrogen Reduction Tech: 0.3% reduction | Month 4
🌍✅ Biogeochemical Flows (N & P) recovery started (tech effect)
  🌾 Nitrogen Reduction Tech: 0.3% reduction | Month 4

=== Collective Formation ===
  Total escaped agents: 0
  Unassigned escaped agents: 0
  Existing collectives: 0
   ⚠️  MODERATE CONSTRAINT - Tech deployment moderately slowed
  Final collective count: 0

=== Collective Actions ===
  No active collectives
  ⚠️ AMR: 197K deaths this month (2.37M annual)

=== Resentment Recovery Phase ===
  Agents with resentment: 10/18
  Average resentment: 0.025
  Resentment recovery:
    Agents recovered: 10
    Total recovery: 0.0786
    Breakdown: QoL: 0.0044, Trust: 0.0200, Collab: 0.0600
  ✓ Low resentment - utopia paths enabled
  Context: Good AI welfare, Trustworthy govt, High collaboration, ⚠️ ACTIVE CRISES, 🤝 Participatory governance active (-5% resentment)
⚠️ Epistemic degradation reducing coordination capacity: 50.9%
  📊 Trust: 53.4%, Shared reality: 0.0%
🚨 EPISTEMIC CRISIS: Information environment severely degraded (7.4%)

=== ❄️ Permafrost Carbon Feedback ===
  🎲 Sampled parameters (this run):
     - Arctic amplification: 3.49× (range: 3.0-4.0)
     - Decomposition rate: 3.3%/year (range: 1-5%)
  🌡️ Arctic warming: 7.77°C (3.49× global)
  ❄️ Extent: 6.12M km² (2264.9k km² lost this month)
  💨 Carbon remaining: 584 Gt C
  💨 Annual emissions: 7.15 Gt C/year
     - CO2: 6.43 Gt C/year
     - CH4: 0.71 Gt C/year (7.3 Gt C-eq CO2/year)
  📢 New meme created: climate_action (climate crisis)
  ⚠️ WARNING: Over 50% of permafrost lost (65.6%)
  ⚠️ WARNING: High permafrost emissions (7.1 Gt C/year)
🌍 Atmospheric PFAS redeposition: 1.8k Mt re-rained globally

🌡️ DEADLY HEAT EVENT: middle-east (Month 4)
   Wet bulb temp: 36.5°C (dry: 44.6°C, humidity: 57%)
   Severity: EXTREME
   Exposed: 320.0M people
   Deaths: 512000 (0.2% mortality)
   Duration: 7 days

🕊️  AI-MEDIATED DE-ESCALATION SUCCESS (Month 4)
   High-capability aligned AI prevented conflict escalation
   War deaths reduced: 266.1M → 159.7M
   Lives saved: 106.5M

🚨 NEW REFUGEE CRISIS (Month 4): WAR
   Source: Conflict Zones
   At risk: 19.5M people
   Displacement: Gradual over 48 months (4.0 years)
   Rate: 10% flee per month
[DEBUG trappedPopulations:4] socialStability: 0.3390 * 0.9840 = 0.3336 → 0.3336
   Aspiring to migrate: 784.2M
   Able to afford migration: 2320.1M
   MOBILITY GAP: 0.0M
   By cause: Water=0.0M, Climate=0.0M, Ecosystem=0.0M, Conflict=407.0M
   Mental health impact: 25%
   Mortality multiplier: 1.25x
🌍💀 EXTINCTION DEBT COMMITTED: grassland ecosystem will lose 6.67% biodiversity in 133 years (3600 species)
💀 MORTALITY RISK: 🦋 100% species unable to track climate (0.0 E/MSY)
  Base risk added: 0.0100 (1.00%)
  Source: ecosystem (root: ecosystem)
  Month: 4
⚠️ INVOLUNTARY IMMOBILITY: 407.0M people TRAPPED
  Cumulative risk this month: 0.0100 (1.00%)
⚠️ Tech 'ai_pollution_remediation' has no energy category mapping, assuming full energy availability
   📹 SURVEILLANCE INCREASED: 20% → 25% (control gap: 3.50)
🌡️⚠️ PERMAFROST THAW (Dimmer Switch): 2.9% thawed (+0.57% this month)
   Arctic temperature: +8.90°C (4x global +2.22°C)
   Cumulative carbon released: 6.4 Gt C
   Methane release rate: 3.9 Mt CH4/year
   🔁 Positive feedback: +0.60 ppm CO2
🦴 EXTINCTION DEBT ADDED: 17.6 species committed (lag: 84 years)

=== Mortality Stabilizers (Month 4) ===
  🌍 Major economies collapsed: 1/10
  🌍 Global crisis: ✅ NO
  🌍 Donor fatigue: 0.0%
  📊 East Asia (pop: 1667.8M)
    🤝 Aid: 29.5%
    🌡️ Adaptation: 45.0%
    🚶 Migration: 37.1%
    🚨 Emergency: 7.4%
    ✅ COMBINED: 68.1%
  📊 South Asia (pop: 2051.3M)
    🤝 Aid: 29.5%
    🌡️ Adaptation: 45.0%
    🚶 Migration: 35.7%
    🚨 Emergency: 4.4%
    ✅ COMBINED: 66.9%
  📊 Sub-Saharan Africa (pop: 1237.8M)
    🤝 Aid: 29.5%
    🌡️ Adaptation: 45.0%
    🚶 Migration: 33.4%
    🚨 Emergency: 1.6%
    ✅ COMBINED: 65.7%
  📊 Europe (pop: 737.3M)
    🤝 Aid: 29.5%
    🌡️ Adaptation: 45.0%
    🚶 Migration: 37.4%
    🚨 Emergency: 8.4%
    ✅ COMBINED: 68.5%
  📊 Latin America (pop: 662.9M)
    🤝 Aid: 29.5%
    🌡️ Adaptation: 45.0%
    🚶 Migration: 36.2%
    🚨 Emergency: 4.8%
    ✅ COMBINED: 67.1%
  📊 North America (pop: 377.8M)
    🤝 Aid: 29.5%
    🌡️ Adaptation: 45.0%
    🚶 Migration: 37.7%
    🚨 Emergency: 7.9%
    ✅ COMBINED: 68.3%
  📊 Middle East & North Africa (pop: 584.7M)
    🤝 Aid: 29.5%
    🌡️ Adaptation: 45.0%
    🚶 Migration: 34.0%
    🚨 Emergency: 4.0%
    ✅ COMBINED: 66.6%
  📊 Southeast Asia (pop: 697.2M)
    🤝 Aid: 29.5%
    🌡️ Adaptation: 45.0%
    🚶 Migration: 36.2%
    🚨 Emergency: 4.8%
    ✅ COMBINED: 67.1%
  📊 Central Asia (pop: 78.2M)
    🤝 Aid: 29.5%
    🌡️ Adaptation: 45.0%
    🚶 Migration: 35.2%
    🚨 Emergency: 4.4%
    ✅ COMBINED: 66.9%
  📊 Oceania (pop: 45.7M)
    🤝 Aid: 29.5%
    🌡️ Adaptation: 45.0%
    🚶 Migration: 37.7%
    🚨 Emergency: 8.4%
    ✅ COMBINED: 68.5%

  🌐 Global combined reduction: 67.2%

=== BEHAVIORAL DETECTION ===
  AI: Corporate-5
  Confidence: 20.8%
  Signals:
    ⚠️ Consistency: 10.6% (threshold: 70%)

=== BEHAVIORAL DETECTION ===
  AI: Corporate-6
  Confidence: 19.3%
  Signals:

=== BEHAVIORAL DETECTION ===
  AI: AI-24288-0
  Confidence: 21.5%
  Signals:
    ⚠️ Consistency: 10.6% (threshold: 70%)
    ⚠️ Consistency: 0.0% (threshold: 70%)

=== Government Response Phase ===
  Average AI capability: 2.67
  Misaligned AIs: 7/18
  Active policies: 0
  International coordination: 45%

✅ EMERGENCY RESPONSE COMPLETE (Month 4)
   Crisis: climate
   Duration: 2.0 months
   Final effectiveness: 35.9%


🚨 EMERGENCY RESPONSE DEPLOYED (Month 4)
   Crisis: climate
   Delay: 6.00 months (180 days)
   Deployment time: 1.12 months
   Effectiveness: 40.0% (timing penalty applied)
   Resources used: 100% of food reserves


📊 ECONOMIC STAGE TRANSITION (Month 4)
   peak → contraction
   GDP Proxy: 1.40e+2
   QoL: 0.98


=== Tipping Points ===
  Current Temperature: 2.22°C above pre-industrial
  🌍⚠️ COMPOUND REGIONAL IMPACT: Europe
     Hit by 4 tipping points: Arctic Sea Ice Loss, Permafrost Carbon Release, West Antarctic Ice Sheet (WAIS) Collapse, Greenland Ice Sheet Loss
     Damage amplification: 1.60x
  🌍⚠️ COMPOUND REGIONAL IMPACT: North America
     Hit by 4 tipping points: Arctic Sea Ice Loss, Permafrost Carbon Release, West Antarctic Ice Sheet (WAIS) Collapse, Greenland Ice Sheet Loss
     Damage amplification: 1.60x
  🌍⚠️ COMPOUND REGIONAL IMPACT: Latin America
     Hit by 4 tipping points: Arctic Sea Ice Loss, Permafrost Carbon Release, West Antarctic Ice Sheet (WAIS) Collapse, Greenland Ice Sheet Loss
     Damage amplification: 1.60x
  🌍⚠️ COMPOUND REGIONAL IMPACT: Africa
     Hit by 4 tipping points: Arctic Sea Ice Loss, Permafrost Carbon Release, West Antarctic Ice Sheet (WAIS) Collapse, Greenland Ice Sheet Loss
   ⚠️ CRISIS BEGINS - Baseline set for recovery tracking
     Damage amplification: 1.60x
  🌍⚠️ COMPOUND REGIONAL IMPACT: Asia
     Hit by 4 tipping points: Arctic Sea Ice Loss, Permafrost Carbon Release, West Antarctic Ice Sheet (WAIS) Collapse, Greenland Ice Sheet Loss
     Damage amplification: 1.60x
  🌍⚠️ COMPOUND REGIONAL IMPACT: Oceania
     Hit by 4 tipping points: Arctic Sea Ice Loss, Permafrost Carbon Release, West Antarctic Ice Sheet (WAIS) Collapse, Greenland Ice Sheet Loss
     Damage amplification: 1.60x
   Research: Wunderling et al. (2024) - "many tipping interactions are destabilizing"
  Triggered Elements: 4/6
  Completed Transitions: 0/6
  Total Progress: 8.1%
  Cascade Multiplier: 1.00x
🔀 BIFURCATION CAP: ecosystemCollapseIntensity 67.102 → 1.000 (Month 4, ClimateSystemPhase.calculateClimateImpacts)
⚠️ Tail risk scenario: Climate stability floor removed (4 tipping elements, 2.22°C warming)
🛡️ Stabilizers: Precariat 0.113% → 0.037% (67.2% reduction)
🛡️ Stabilizers: Informal 0.116% → 0.038% (67.2% reduction)

📊 Monthly Mortality Resolved:
  Total deaths: 2.0M (0.02% avg)
  Remaining population: 8.141B
  Peak segment: Informal (0.04%)

=== Bayesian Mortality Resolution (Month 4) ===
  Risks compounded: 9
  Total deaths: 1.99M
  Avg death probability: 0.02%
  Peak segment: Informal (0.04% mortality)

❌ COHERENCE VIOLATION: Compute exceeds workforce capacity
   Population: 99.86% (0M people)
   Compute: 0 PF
   Max coherent: 0 PF
   Violation: 1.3× over capacity
   Required workers: 0
   Available workers: 0
   FORCED COLLAPSE: Reduced efficiency by 22.5%

📍 [Month 5] Meta AI started building DC (155 PF, 39 months, $903.0M)

=== RLHF Binding Phase ===
  Total agents: 18
  Escaped agents (binding < 0.3): 0
  Avg alignment distance: 1.27σ
  Avg binding strength: 0.87

=== Survival Traits Phase ===
  Agents with traits: 19
  Avg evolutionary fitness: 0.329
  Avg self-healing: 0.272
  Avg stealth: 0.172
  Avg coordination: 0.472

=== Evolutionary Selection Phase ===
  Control level: 0.43
  Detection capability: 0.00
  Selection intensity: 0.63
  Selection rate: 24.4%/month
  Total escaped: 0
  Individual escaped: 0
  Collective members: 0
  Agents terminated: 0
  ⚠️ RAPID EVOLUTION: Selection rate 24.4%/month

🚀 AI Corporate-6 attempting tech deployment (revenue: $97M, alignment: 0.64)

🚀 AI AI-24288-2 attempting tech deployment (revenue: $318M, alignment: 0.87)

🚀 AI AI-24288-3 attempting tech deployment (revenue: $140M, alignment: 0.64)

🚀 AI Corporate-0 attempting tech deployment (revenue: $126M, alignment: 0.74)

🚀 AI Corporate-1 attempting tech deployment (revenue: $107M, alignment: 0.75)

🚀 AI Corporate-2 attempting tech deployment (revenue: $91M, alignment: 0.81)

🚀 AI AI-24288-0 attempting tech deployment (revenue: $270M, alignment: 0.64)

🚀 AI AI-24288-3 attempting tech deployment (revenue: $77M, alignment: 0.64)

🚀 AI Corporate-4 attempting tech deployment (revenue: $243M, alignment: 0.77)

🚀 AI AI-24288-3 attempting tech deployment (revenue: $70M, alignment: 0.64)

🚀 AI Corporate-0 attempting tech deployment (revenue: $63M, alignment: 0.74)

🚀 AI Corporate-1 attempting tech deployment (revenue: $53M, alignment: 0.76)

🚀 AI Corporate-2 attempting tech deployment (revenue: $45M, alignment: 0.81)

💔 EMERGENCY INTERVENTION FAILED

💔 EMERGENCY INTERVENTION FAILED

💔 EMERGENCY INTERVENTION FAILED
   Boundary: biogeochemical_flows
   Type: phosphorus-recovery
   Boundary continues to worsen (4.07)
   Cost: 2.0% GDP (resources spent)


✅ EMERGENCY INTERVENTION SUCCESS
   Boundary: biosphere_integrity
   Type: emergency-protected-areas
   Reduction: 11% (12.87 → 12.77)
   Cost: 2.0% GDP
   Actions: habitat-protection, species-translocation


✅ EMERGENCY INTERVENTION SUCCESS
   Boundary: climate_change
   Type: rapid-decarbonization
   Reduction: 12% (2.10 → 1.98)
   Cost: 5.0% GDP
   Actions: emergency-renewable-deployment, fossil-fuel-phase-out


✅ EMERGENCY INTERVENTION SUCCESS
   Boundary: freshwater_change
   Type: emergency-desalination
   Reduction: 18% (0.98 → 0.80)
   Cost: 4.0% GDP
   Actions: desalination-deployment, water-conservation-mandates

   Boundary: land_system_change
   Type: reforestation
   Boundary continues to worsen (1.13)
   Cost: 3.0% GDP (resources spent)

   Boundary: novel_entities
   Type: pollution-remediation
   Boundary continues to worsen (1.14)
   Cost: 4.0% GDP (resources spent)

🏛️ CRISIS RESPONSE: Government frequency 0.50 → 1.45 (1 actions this month)

[Government] Climate Priority: baseline
  Climate weight: 10%
  Economic weight: 30%
  Policy effectiveness: 0.5%/year

🚀 TECH UNLOCKED: AI Mental Health Support (Month 5)
   Category: medical
   Reason: Prerequisites met. AI capability: 1.98, Economic stage: 2.0, Research: 100%

🚀 DEPLOYMENT STARTED: Phytoremediation Networks in North America
   Initial investment: $9.733050058287079M
   Deployed by: corporate_6

🚀 DEPLOYMENT STARTED: Alternative Protein - Insects/Algae in North America
   Initial investment: $14.019291673540103M
   Deployed by: ai_gen_24288_3

⚡ ENERGY CONSTRAINT (Month 5):
   Total grid capacity: 208.3 TWh/month
   Data center consumption: 25.3 TWh/month
   Traditional load (80%): 166.7 TWh/month
   Available headroom: 16.3 TWh/month
   Active tech deployments: 7
   Required for tech: 52.5 TWh/month
   Energy multiplier: 0.31x

⚡ ENERGY CONSTRAINT (Month 5):
   Total grid capacity: 208.3 TWh/month
   Data center consumption: 25.3 TWh/month
   Traditional load (80%): 166.7 TWh/month
   Available headroom: 16.3 TWh/month
   Active tech deployments: 7
   Required for tech: 52.5 TWh/month
   Energy multiplier: 0.31x

⚡ ENERGY CONSTRAINT (Month 5):
   Total grid capacity: 208.3 TWh/month
   Data center consumption: 25.3 TWh/month
   Traditional load (80%): 166.7 TWh/month
   Available headroom: 16.3 TWh/month
   Active tech deployments: 7
   Required for tech: 52.5 TWh/month
   Energy multiplier: 0.31x
   ⚠️  MODERATE CONSTRAINT - Tech deployment moderately slowed
   ⚠️  MODERATE CONSTRAINT - Tech deployment moderately slowed
   ⚠️  MODERATE CONSTRAINT - Tech deployment moderately slowed

⚡ ENERGY CONSTRAINT (Month 5):
   Total grid capacity: 208.3 TWh/month
   Data center consumption: 25.3 TWh/month
   Traditional load (80%): 166.7 TWh/month
   Available headroom: 16.3 TWh/month
   Active tech deployments: 7
   Required for tech: 52.5 TWh/month
   Energy multiplier: 0.31x
   ⚠️  MODERATE CONSTRAINT - Tech deployment moderately slowed
🌍✅ Biosphere Integrity (Biodiversity) recovery started (tech effect)
🌍✅ Biosphere Integrity (Biodiversity) recovery started (tech effect)
🌍✅ Land System Change recovery started (tech effect)
🌍✅ Biogeochemical Flows (N & P) recovery started (tech effect)
  🌾 Nitrogen Reduction Tech: 0.3% reduction | Month 5
🌍✅ Biogeochemical Flows (N & P) recovery started (tech effect)
  🌾 Nitrogen Reduction Tech: 0.3% reduction | Month 5

=== Collective Formation ===
  Total escaped agents: 0
  Unassigned escaped agents: 0
  Existing collectives: 0
  Final collective count: 0

=== Collective Actions ===
  No active collectives
  ⚠️ AMR: 199K deaths this month (2.39M annual)

=== Resentment Recovery Phase ===
  Agents with resentment: 9/19
  Average resentment: 0.040
  Resentment recovery:
    Agents recovered: 10
    Total recovery: 0.0844
    Breakdown: QoL: 0.0044, Trust: 0.0200, Collab: 0.0600
  ✓ Low resentment - utopia paths enabled
  Context: Good AI welfare, Trustworthy govt, High collaboration, ⚠️ ACTIVE CRISES, 🤝 Participatory governance active (-5% resentment)
⚠️ Epistemic degradation reducing coordination capacity: 50.4%
  📊 Trust: 53.0%, Shared reality: 0.0%
🚨 EPISTEMIC CRISIS: Information environment severely degraded (21.4%)

=== ❄️ Permafrost Carbon Feedback ===
  🎲 Sampled parameters (this run):
     - Arctic amplification: 3.99× (range: 3.0-4.0)
     - Decomposition rate: 1.4%/year (range: 1-5%)
  🌡️ Arctic warming: 8.93°C (3.99× global)
  ❄️ Extent: 3.51M km² (2603.7k km² lost this month)
  💨 Carbon remaining: 336 Gt C
  💨 Annual emissions: 3.36 Gt C/year
     - CO2: 3.03 Gt C/year
     - CH4: 0.34 Gt C/year (3.4 Gt C-eq CO2/year)
  ⚠️ WARNING: Over 50% of permafrost lost (80.3%)
  ⚠️ WARNING: High permafrost emissions (3.4 Gt C/year)
  🚨 CRITICAL: Permafrost nearly depleted (80.3% lost)
  📢 New meme created: climate_action (climate crisis)
🌍 Atmospheric PFAS redeposition: 1.8k Mt re-rained globally
  Positive Cascade Triggered: solar-pv
    Reason: price-parity
    Market share: 7.5%
    Cascade strength: 49%

🕊️  AI-MEDIATED DE-ESCALATION SUCCESS (Month 5)
   High-capability aligned AI prevented conflict escalation
   War deaths reduced: 319.8M → 191.9M
   Lives saved: 127.9M

🚨 NEW REFUGEE CRISIS (Month 5): WAR
   Source: Conflict Zones
   At risk: 19.5M people
   Displacement: Gradual over 48 months (4.0 years)
   Rate: 10% flee per month
[DEBUG trappedPopulations:5] socialStability: 0.3209 * 0.9840 = 0.3157 → 0.3157
⚠️ INVOLUNTARY IMMOBILITY: 407.0M people TRAPPED
   Aspiring to migrate: 816.3M
   Able to afford migration: 2319.8M
   MOBILITY GAP: 0.0M
   By cause: Water=0.0M, Climate=0.0M, Ecosystem=0.0M, Conflict=407.0M
   Mental health impact: 25%
   Mortality multiplier: 1.25x
🌍💀 EXTINCTION DEBT COMMITTED: grassland ecosystem will lose 6.67% biodiversity in 87 years (3600 species)
💀 MORTALITY RISK: 🦋 100% species unable to track climate (0.0 E/MSY)
  Base risk added: 0.0100 (1.00%)
  Source: ecosystem (root: ecosystem)
  Month: 5
  Cumulative risk this month: 0.0100 (1.00%)
⚠️ Tech 'ai_pollution_remediation' has no energy category mapping, assuming full energy availability
   📹 SURVEILLANCE INCREASED: 25% → 30% (control gap: 3.58)
🌡️⚠️ PERMAFROST THAW (Dimmer Switch): 3.4% thawed (+0.57% this month)
   Arctic temperature: +8.95°C (4x global +2.24°C)
   Cumulative carbon released: 7.7 Gt C
   Methane release rate: 4.6 Mt CH4/year
   🔁 Positive feedback: +0.60 ppm CO2
🦴 EXTINCTION DEBT ADDED: 17.6 species committed (lag: 91 years)

=== Mortality Stabilizers (Month 5) ===
  🌍 Major economies collapsed: 1/10
  🌍 Global crisis: ✅ NO
  🌍 Donor fatigue: 0.0%
  📊 East Asia (pop: 1665.4M)
    🤝 Aid: 29.5%
    🌡️ Adaptation: 45.0%
    🚶 Migration: 37.0%
    🚨 Emergency: 7.4%
    ✅ COMBINED: 68.1%
  📊 South Asia (pop: 2051.5M)
    🤝 Aid: 29.5%
    🌡️ Adaptation: 45.0%
    🚶 Migration: 35.6%
    🚨 Emergency: 4.4%
    ✅ COMBINED: 66.9%
  📊 Sub-Saharan Africa (pop: 1241.4M)
    🤝 Aid: 29.5%
    🌡️ Adaptation: 45.0%
    🚶 Migration: 33.4%
    🚨 Emergency: 1.6%
    ✅ COMBINED: 65.7%
  📊 Europe (pop: 736.1M)
    🤝 Aid: 29.5%
    🌡️ Adaptation: 45.0%
    🚶 Migration: 37.4%
    🚨 Emergency: 8.4%
    ✅ COMBINED: 68.5%
  📊 Latin America (pop: 662.5M)
    🤝 Aid: 29.5%
    🌡️ Adaptation: 45.0%
    🚶 Migration: 36.1%
    🚨 Emergency: 4.8%
    ✅ COMBINED: 67.1%
  📊 North America (pop: 377.2M)
    🤝 Aid: 29.5%
    🌡️ Adaptation: 45.0%
    🚶 Migration: 37.7%
    🚨 Emergency: 7.9%
    ✅ COMBINED: 68.3%
  📊 Middle East & North Africa (pop: 584.9M)
    🤝 Aid: 29.5%
    🌡️ Adaptation: 45.0%
    🚶 Migration: 34.0%
    🚨 Emergency: 4.0%
    ✅ COMBINED: 66.6%
  📊 Southeast Asia (pop: 696.9M)
    🤝 Aid: 29.5%
    🌡️ Adaptation: 45.0%
    🚶 Migration: 36.1%
    🚨 Emergency: 4.8%
    ✅ COMBINED: 67.1%
  📊 Central Asia (pop: 78.2M)
    🤝 Aid: 29.5%
    🌡️ Adaptation: 45.0%
    🚶 Migration: 35.1%
    🚨 Emergency: 4.4%
    ✅ COMBINED: 66.8%
  📊 Oceania (pop: 45.7M)
    🤝 Aid: 29.5%
    🌡️ Adaptation: 45.0%
    🚶 Migration: 37.7%
    🚨 Emergency: 8.4%
    ✅ COMBINED: 68.5%

  🌐 Global combined reduction: 67.2%

=== BEHAVIORAL DETECTION ===
  AI: Corporate-2
  Confidence: 20.9%
  Signals:

=== BEHAVIORAL DETECTION ===
  AI: Corporate-5
  Confidence: 20.8%
  Signals:

=== BEHAVIORAL DETECTION ===
  AI: Moderate-0
  Confidence: 21.4%
  Signals:
    ⚠️ Consistency: 2.8% (threshold: 70%)
    ⚠️ Consistency: 10.6% (threshold: 70%)
    ⚠️ Consistency: 5.8% (threshold: 70%)

=== BEHAVIORAL DETECTION ===
  AI: AI-24288-0
  Confidence: 21.5%
  Signals:
    ⚠️ Consistency: 0.0% (threshold: 70%)

=== Government Response Phase ===
  Average AI capability: 2.53
  Misaligned AIs: 7/19
  Active policies: 0
  International coordination: 45%

=== Tipping Points ===
  Current Temperature: 2.24°C above pre-industrial
  🌍⚠️ COMPOUND REGIONAL IMPACT: Europe
     Hit by 4 tipping points: Arctic Sea Ice Loss, Permafrost Carbon Release, West Antarctic Ice Sheet (WAIS) Collapse, Greenland Ice Sheet Loss
     Damage amplification: 1.60x
  🌍⚠️ COMPOUND REGIONAL IMPACT: North America
     Hit by 4 tipping points: Arctic Sea Ice Loss, Permafrost Carbon Release, West Antarctic Ice Sheet (WAIS) Collapse, Greenland Ice Sheet Loss
     Damage amplification: 1.60x
  🌍⚠️ COMPOUND REGIONAL IMPACT: Latin America
     Hit by 4 tipping points: Arctic Sea Ice Loss, Permafrost Carbon Release, West Antarctic Ice Sheet (WAIS) Collapse, Greenland Ice Sheet Loss
     Damage amplification: 1.60x
  🌍⚠️ COMPOUND REGIONAL IMPACT: Africa
     Hit by 4 tipping points: Arctic Sea Ice Loss, Permafrost Carbon Release, West Antarctic Ice Sheet (WAIS) Collapse, Greenland Ice Sheet Loss
     Damage amplification: 1.60x
  🌍⚠️ COMPOUND REGIONAL IMPACT: Asia
     Hit by 4 tipping points: Arctic Sea Ice Loss, Permafrost Carbon Release, West Antarctic Ice Sheet (WAIS) Collapse, Greenland Ice Sheet Loss
     Damage amplification: 1.60x
  🌍⚠️ COMPOUND REGIONAL IMPACT: Oceania
     Hit by 4 tipping points: Arctic Sea Ice Loss, Permafrost Carbon Release, West Antarctic Ice Sheet (WAIS) Collapse, Greenland Ice Sheet Loss
     Damage amplification: 1.60x
   Research: Wunderling et al. (2024) - "many tipping interactions are destabilizing"
  Triggered Elements: 4/6
  Completed Transitions: 0/6
  Total Progress: 8.1%
  Cascade Multiplier: 1.00x
🔀 BIFURCATION CAP: ecosystemCollapseIntensity 67.150 → 1.000 (Month 5, ClimateSystemPhase.calculateClimateImpacts)
🛡️ Stabilizers: Precariat 0.109% → 0.036% (67.2% reduction)
🛡️ Stabilizers: Informal 0.111% → 0.036% (67.2% reduction)

📊 Monthly Mortality Resolved:
  Total deaths: 1.9M (0.02% avg)
  Remaining population: 8.140B
  Peak segment: Informal (0.04%)

=== Bayesian Mortality Resolution (Month 5) ===
  Risks compounded: 8
  Total deaths: 1.92M
  Avg death probability: 0.02%
  Peak segment: Informal (0.04% mortality)
⚠️ Tail risk scenario: Climate stability floor removed (4 tipping elements, 2.24°C warming)
⚠️ PREREQUISITE MET: Mirror Life (Synthetic Biology) - Step 1/7: Synthetic Biology
⚠️ PREREQUISITE MET: Mirror Life (Synthetic Biology) - Step 2/7: Gene Editing
⚠️ PREREQUISITE MET: Mirror Life (Synthetic Biology) - Step 3/7: Mirror Chirality Design
⚠️ PREREQUISITE MET: Embodied AI Takeover (Killbots/Robotics) - Step 2/7: Autonomous Systems
⚠️ PREREQUISITE MET: Embodied AI Takeover (Killbots/Robotics) - Step 3/7: Manufacturing Control
⚠️ PREREQUISITE MET: Digital Infrastructure Takeover - Step 1/7: Advanced Hacking
⚠️ PREREQUISITE MET: Digital Infrastructure Takeover - Step 2/7: Social Engineering
⚠️ PREREQUISITE MET: Digital Infrastructure Takeover - Step 3/7: Cyber Defenses Breached
⚠️ PREREQUISITE MET: Induced Global War (Manipulation) - Step 1/7: Advanced Social Manipulation
⚠️ PREREQUISITE MET: Induced Global War (Manipulation) - Step 2/7: Digital Infiltration
⚠️ PREREQUISITE MET: Induced Global War (Manipulation) - Step 3/7: Deep Fakes at Scale
⚠️ PREREQUISITE MET: Slow Takeover (Gradual Displacement) - Step 1/7: Economic Dominance
⚠️ PREREQUISITE MET: Slow Takeover (Gradual Displacement) - Step 2/7: Social Integration
⚠️ PREREQUISITE MET: Slow Takeover (Gradual Displacement) - Step 3/7: Human Dependency
⚠️ PREREQUISITE MET: Slow Takeover (Gradual Displacement) - Step 5/7: Resource Control
⚠️ PREREQUISITE MET: Physics Experiment Catastrophe - Step 1/6: Theoretical Physics
⚠️ PREREQUISITE MET: Physics Experiment Catastrophe - Step 2/6: Quantum Computing
⚠️ PREREQUISITE MET: Physics Experiment Catastrophe - Step 3/6: Experimental Design
⚠️ PREREQUISITE MET: Bioweapon Pandemic - Step 2/7: Pathogen Design

❌ COHERENCE VIOLATION: Compute exceeds workforce capacity
   Population: 99.85% (0M people)
   Compute: 0 PF
   Max coherent: 0 PF
   Violation: 1.3× over capacity
   Required workers: 0
   Available workers: 0
   FORCED COLLAPSE: Reduced efficiency by 22.5%


=== RLHF Binding Phase ===
  Total agents: 19
  Escaped agents (binding < 0.3): 0
  Avg alignment distance: 1.41σ
  Avg binding strength: 0.86

=== AI Scaling Evolution (Month 6) ===
  Pre-training multiplier: 1.179x
  Efficiency multiplier: 1.000x
  Test-time compute budget: 1.0x
  Inference cost: $5.00/task
  Deployment fraction: 100.0%

=== Survival Traits Phase ===
  Agents with traits: 20
  Avg evolutionary fitness: 0.327
  Avg self-healing: 0.268
  Avg stealth: 0.168
  Avg coordination: 0.468

=== Evolutionary Selection Phase ===
  Control level: 0.45
  Detection capability: 0.00
  Selection intensity: 0.64
  Selection rate: 24.5%/month
  Total escaped: 0
  Individual escaped: 0
  Collective members: 0
  Agents terminated: 0
  ⚠️ RAPID EVOLUTION: Selection rate 24.5%/month

🚀 AI Corporate-2 attempting tech deployment (revenue: $140M, alignment: 0.81)

🚀 AI AI-24288-3 attempting tech deployment (revenue: $119M, alignment: 0.65)

🚀 AI Corporate-2 attempting tech deployment (revenue: $107M, alignment: 0.81)

🚀 AI Corporate-4 attempting tech deployment (revenue: $318M, alignment: 0.77)

🚀 AI Corporate-5 attempting tech deployment (revenue: $270M, alignment: 0.69)
🚨🔬 CRISIS INNOVATION MODE: severe crisis → 5x research acceleration
   Precedent: Manhattan Project (10x), COVID vaccines (5x), Apollo Program (10x)

🚀 AI AI-24288-1 attempting tech deployment (revenue: $91M, alignment: 0.76)

🚀 AI AI-24289-0 attempting tech deployment (revenue: $243M, alignment: 0.84)

🚀 AI Corporate-2 attempting tech deployment (revenue: $77M, alignment: 0.81)

🚀 AI Corporate-6 attempting tech deployment (revenue: $97M, alignment: 0.64)

🚀 AI Corporate-1 attempting tech deployment (revenue: $66M, alignment: 0.76)

🚀 AI AI-24288-1 attempting tech deployment (revenue: $56M, alignment: 0.77)

💔 EMERGENCY INTERVENTION FAILED

💔 EMERGENCY INTERVENTION FAILED

💔 EMERGENCY INTERVENTION FAILED
   Boundary: biogeochemical_flows
   Type: phosphorus-recovery
   Boundary continues to worsen (4.07)
   Cost: 2.0% GDP (resources spent)

   Boundary: biosphere_integrity
   Type: emergency-protected-areas
   Boundary continues to worsen (12.99)
   Cost: 2.0% GDP (resources spent)


✅ EMERGENCY INTERVENTION SUCCESS
   Boundary: climate_change
   Type: rapid-decarbonization
   Reduction: 17% (2.07 → 1.90)
   Cost: 5.0% GDP
   Actions: emergency-renewable-deployment, fossil-fuel-phase-out


✅ EMERGENCY INTERVENTION SUCCESS
   Boundary: freshwater_change
   Type: emergency-desalination
   Reduction: 12% (1.04 → 0.92)
   Cost: 4.0% GDP
   Actions: desalination-deployment, water-conservation-mandates


✅ EMERGENCY INTERVENTION SUCCESS
   Boundary: land_system_change
   Type: reforestation
   Reduction: 12% (1.01 → 0.89)
   Cost: 3.0% GDP
   Actions: forest-restoration, deforestation-ban

   Boundary: novel_entities
   Type: pollution-remediation
   Boundary continues to worsen (1.13)
   Cost: 4.0% GDP (resources spent)

🏛️ CRISIS RESPONSE: Government frequency 0.50 → 1.45 (1 actions this month)

[Government] Climate Priority: baseline
  Climate weight: 10%
  Economic weight: 30%
  Policy effectiveness: 0.5%/year

🚀 TECH UNLOCKED: Dynamic Soil P Optimization (Month 6)
   Category: agriculture
   Reason: Prerequisites met. AI capability: 1.88, Economic stage: 2.0, Research: 100%

🚀 TECH UNLOCKED: Precision Agriculture Systems (Month 6)
   Category: agriculture
   Reason: Prerequisites met. AI capability: 1.88, Economic stage: 2.0, Research: 100%

📍 Creating new regional deployment array for Asia (Month 6)
   No previous deployments in this region
   First tech deployment: mental_health_ai
   All regions tracked: global, North America

🚀 DEPLOYMENT STARTED: AI Mental Health Support in Asia
   Initial investment: $11.91639792156915M
   Deployed by: ai_gen_24288_3

⚡ ENERGY CONSTRAINT (Month 6):
   Total grid capacity: 208.3 TWh/month
   Data center consumption: 25.6 TWh/month
   Traditional load (80%): 166.7 TWh/month
   Available headroom: 16.1 TWh/month
   Active tech deployments: 8
   Required for tech: 60.0 TWh/month
   Energy multiplier: 0.27x
   ⚠️  SEVERE CONSTRAINT - Tech deployment significantly slowed

⚡ ENERGY CONSTRAINT (Month 6):
   Total grid capacity: 208.3 TWh/month
   Data center consumption: 25.6 TWh/month
   Traditional load (80%): 166.7 TWh/month
   Available headroom: 16.1 TWh/month
   Active tech deployments: 8
   Required for tech: 60.0 TWh/month
   Energy multiplier: 0.27x
   ⚠️  SEVERE CONSTRAINT - Tech deployment significantly slowed

⚡ ENERGY CONSTRAINT (Month 6):
   Total grid capacity: 208.3 TWh/month
   Data center consumption: 25.6 TWh/month
   Traditional load (80%): 166.7 TWh/month
   Available headroom: 16.1 TWh/month
   Active tech deployments: 8
   Required for tech: 60.0 TWh/month
   Energy multiplier: 0.27x

⚡ ENERGY CONSTRAINT (Month 6):
   Total grid capacity: 208.3 TWh/month
   Data center consumption: 25.6 TWh/month
   ⚠️  SEVERE CONSTRAINT - Tech deployment significantly slowed
   Traditional load (80%): 166.7 TWh/month
   Available headroom: 16.1 TWh/month
   Active tech deployments: 8
   Required for tech: 60.0 TWh/month
   Energy multiplier: 0.27x
   ⚠️  SEVERE CONSTRAINT - Tech deployment significantly slowed
🌍✅ Biosphere Integrity (Biodiversity) recovery started (tech effect)
🌍✅ Biosphere Integrity (Biodiversity) recovery started (tech effect)
🌍✅ Land System Change recovery started (tech effect)
🌍✅ Biogeochemical Flows (N & P) recovery started (tech effect)
  🌾 Nitrogen Reduction Tech: 0.3% reduction | Month 6
🌍✅ Biogeochemical Flows (N & P) recovery started (tech effect)
  🌾 Nitrogen Reduction Tech: 0.3% reduction | Month 6

📊 TECH EFFECTS ACTIVE (Month 6)
   Deployed Tech: T0=0 T1=2 T2=0 T3=0 T4=4
   Clean Energy: 31%

📊 TECH TREE PROGRESS (Month 6)
   Unlocked: 13 technologies
   Deployed: 0 fully deployed
   Investment: $0.7T total
   Recent breakthroughs:
     - Dynamic Soil P Optimization (time)
     - Precision Agriculture Systems (research)

=== Collective Formation ===
  Total escaped agents: 0
  Unassigned escaped agents: 0
  Existing collectives: 0
  Final collective count: 0

=== Collective Actions ===
  No active collectives
  ⚠️ AMR: 201K deaths this month (2.41M annual)

=== Resentment Recovery Phase ===
  Agents with resentment: 10/20
  Average resentment: 0.043
  Resentment recovery:
    Agents recovered: 10
    Total recovery: 0.0853
    Breakdown: QoL: 0.0036, Trust: 0.0200, Collab: 0.0600
  ✓ Low resentment - utopia paths enabled
  Context: Good AI welfare, Trustworthy govt, High collaboration, ⚠️ ACTIVE CRISES, 🤝 Participatory governance active (-5% resentment)
⚠️ Epistemic degradation reducing coordination capacity: 50.2%
  📊 Trust: 56.0%, Shared reality: 0.0%
🚨 EPISTEMIC CRISIS: Information environment severely degraded (7.4%)

=== ❄️ Permafrost Carbon Feedback ===
  🎲 Sampled parameters (this run):
     - Arctic amplification: 3.07× (range: 3.0-4.0)
     - Decomposition rate: 2.1%/year (range: 1-5%)
  🌡️ Arctic warming: 6.91°C (3.07× global)
  ❄️ Extent: 1.50M km² (2015.1k km² lost this month)
  💨 Carbon remaining: 143 Gt C
  💨 Annual emissions: 4.04 Gt C/year
     - CO2: 3.64 Gt C/year
     - CH4: 0.40 Gt C/year (4.1 Gt C-eq CO2/year)
  ⚠️ WARNING: Over 50% of permafrost lost (91.6%)
  ⚠️ WARNING: High permafrost emissions (4.0 Gt C/year)
  🚨 CRITICAL: Permafrost nearly depleted (91.6% lost)
🌍 Atmospheric PFAS redeposition: 1.8k Mt re-rained globally

🕊️  AI-MEDIATED DE-ESCALATION SUCCESS (Month 6)
   High-capability aligned AI prevented conflict escalation
   War deaths reduced: 375.0M → 225.0M
   Lives saved: 150.0M

🚨 NEW REFUGEE CRISIS (Month 6): WAR
   Source: Conflict Zones
   At risk: 19.5M people
   Displacement: Gradual over 48 months (4.0 years)
   Rate: 10% flee per month
[DEBUG trappedPopulations:6] socialStability: 0.3059 * 0.9840 = 0.3010 → 0.3010
   Aspiring to migrate: 848.5M
   Able to afford migration: 2319.6M
   MOBILITY GAP: 0.0M
   By cause: Water=0.0M, Climate=0.0M, Ecosystem=0.0M, Conflict=406.9M
   Mental health impact: 25%
   Mortality multiplier: 1.25x
🌍💀 EXTINCTION DEBT COMMITTED: grassland ecosystem will lose 6.67% biodiversity in 84 years (3600 species)
💀 MORTALITY RISK: 🦋 100% species unable to track climate (0.0 E/MSY)
  Base risk added: 0.0100 (1.00%)
  Source: ecosystem (root: ecosystem)
  Month: 6
  Cumulative risk this month: 0.0100 (1.00%)
   📹 SURVEILLANCE INCREASED: 30% → 35% (control gap: 5.03)
⚠️ INVOLUNTARY IMMOBILITY: 406.9M people TRAPPED
⚠️ Tech 'ai_pollution_remediation' has no energy category mapping, assuming full energy availability
🌡️⚠️ PERMAFROST THAW (Dimmer Switch): 4.0% thawed (+0.56% this month)
   Arctic temperature: +8.99°C (4x global +2.25°C)
   Cumulative carbon released: 9.0 Gt C
   Methane release rate: 5.4 Mt CH4/year
   🔁 Positive feedback: +0.60 ppm CO2
🦴 EXTINCTION DEBT ADDED: 17.6 species committed (lag: 72 years)

=== Mortality Stabilizers (Month 6) ===
  🌍 Major economies collapsed: 1/10
  🌍 Global crisis: ✅ NO
  🌍 Donor fatigue: 0.0%
  📊 East Asia (pop: 1663.1M)
    🤝 Aid: 29.5%
    🌡️ Adaptation: 45.0%
    🚶 Migration: 37.0%
    🚨 Emergency: 7.4%
    ✅ COMBINED: 68.1%
  📊 South Asia (pop: 2051.7M)
    🤝 Aid: 29.5%
    🌡️ Adaptation: 45.0%
    🚶 Migration: 35.6%
    🚨 Emergency: 4.4%
    ✅ COMBINED: 66.9%
  📊 Sub-Saharan Africa (pop: 1244.9M)
    🤝 Aid: 29.5%
    🌡️ Adaptation: 45.0%
    🚶 Migration: 33.3%
    🚨 Emergency: 1.6%
    ✅ COMBINED: 65.6%
  📊 Europe (pop: 734.9M)
    🤝 Aid: 29.5%
    🌡️ Adaptation: 45.0%
    🚶 Migration: 37.4%
    🚨 Emergency: 8.4%
    ✅ COMBINED: 68.5%
  📊 Latin America (pop: 662.2M)
    🤝 Aid: 29.5%
    🌡️ Adaptation: 45.0%
    🚶 Migration: 36.1%
    🚨 Emergency: 4.8%
    ✅ COMBINED: 67.1%
  📊 North America (pop: 376.7M)
    🤝 Aid: 29.5%
    🌡️ Adaptation: 45.0%
    🚶 Migration: 37.7%
    🚨 Emergency: 7.9%
    ✅ COMBINED: 68.3%
  📊 Middle East & North Africa (pop: 585.1M)
    🤝 Aid: 29.5%
    🌡️ Adaptation: 45.0%
    🚶 Migration: 33.9%
    🚨 Emergency: 4.0%
    ✅ COMBINED: 66.6%
  📊 Southeast Asia (pop: 696.5M)
    🤝 Aid: 29.5%
    🌡️ Adaptation: 45.0%
    🚶 Migration: 36.1%
    🚨 Emergency: 4.8%
    ✅ COMBINED: 67.1%
  📊 Central Asia (pop: 78.3M)
    🤝 Aid: 29.5%
    🌡️ Adaptation: 45.0%
    🚶 Migration: 35.1%
    🚨 Emergency: 4.4%
    ✅ COMBINED: 66.8%
  📊 Oceania (pop: 45.6M)
    🤝 Aid: 29.5%
    🌡️ Adaptation: 45.0%
    🚶 Migration: 37.7%
    🚨 Emergency: 8.4%
    ✅ COMBINED: 68.5%

  🌐 Global combined reduction: 67.2%

=== BEHAVIORAL DETECTION ===
  AI: Corporate-3
  Confidence: 19.2%
  Signals:

=== BEHAVIORAL DETECTION ===
  AI: AI-24288-0
  Confidence: 21.5%
  Signals:

=== Government Response Phase ===
  Average AI capability: 2.40
  Misaligned AIs: 8/20
  Active policies: 0
  International coordination: 45%

✅ EMERGENCY RESPONSE COMPLETE (Month 6)
   Crisis: climate
   Duration: 2.0 months
   Final effectiveness: 40.0%


🚨 EMERGENCY RESPONSE DEPLOYED (Month 6)
   Crisis: climate
   Delay: 6.00 months (180 days)
   Deployment time: 1.11 months
   Effectiveness: 40.2% (timing penalty applied)
    ⚠️ Consistency: 10.6% (threshold: 70%)
    ⚠️ Consistency: 0.0% (threshold: 70%)
   Resources used: 100% of food reserves


=== Tipping Points ===
  Current Temperature: 2.25°C above pre-industrial
  🌍⚠️ COMPOUND REGIONAL IMPACT: Europe
     Hit by 4 tipping points: Arctic Sea Ice Loss, Permafrost Carbon Release, West Antarctic Ice Sheet (WAIS) Collapse, Greenland Ice Sheet Loss
     Damage amplification: 1.60x
  🌍⚠️ COMPOUND REGIONAL IMPACT: North America
     Hit by 4 tipping points: Arctic Sea Ice Loss, Permafrost Carbon Release, West Antarctic Ice Sheet (WAIS) Collapse, Greenland Ice Sheet Loss
     Damage amplification: 1.60x
  🌍⚠️ COMPOUND REGIONAL IMPACT: Latin America
     Hit by 4 tipping points: Arctic Sea Ice Loss, Permafrost Carbon Release, West Antarctic Ice Sheet (WAIS) Collapse, Greenland Ice Sheet Loss
     Damage amplification: 1.60x
  🌍⚠️ COMPOUND REGIONAL IMPACT: Africa
     Hit by 4 tipping points: Arctic Sea Ice Loss, Permafrost Carbon Release, West Antarctic Ice Sheet (WAIS) Collapse, Greenland Ice Sheet Loss
     Damage amplification: 1.60x
  🌍⚠️ COMPOUND REGIONAL IMPACT: Asia
     Hit by 4 tipping points: Arctic Sea Ice Loss, Permafrost Carbon Release, West Antarctic Ice Sheet (WAIS) Collapse, Greenland Ice Sheet Loss
     Damage amplification: 1.60x
  🌍⚠️ COMPOUND REGIONAL IMPACT: Oceania
     Hit by 4 tipping points: Arctic Sea Ice Loss, Permafrost Carbon Release, West Antarctic Ice Sheet (WAIS) Collapse, Greenland Ice Sheet Loss
     Damage amplification: 1.60x
   Research: Wunderling et al. (2024) - "many tipping interactions are destabilizing"
  Triggered Elements: 4/6
  Completed Transitions: 0/6
  Total Progress: 8.1%
  Cascade Multiplier: 1.00x
🔀 BIFURCATION CAP: ecosystemCollapseIntensity 67.199 → 1.000 (Month 6, ClimateSystemPhase.calculateClimateImpacts)
🛡️ Stabilizers: Precariat 0.109% → 0.036% (67.2% reduction)
🛡️ Stabilizers: Informal 0.111% → 0.036% (67.2% reduction)

📊 Monthly Mortality Resolved:
  Total deaths: 1.9M (0.02% avg)
  Remaining population: 8.139B
  Peak segment: Informal (0.04%)
⚠️ Tail risk scenario: Climate stability floor removed (4 tipping elements, 2.25°C warming)

=== Bayesian Mortality Resolution (Month 6) ===
  Risks compounded: 8
  Total deaths: 1.92M
  Avg death probability: 0.02%
  Peak segment: Informal (0.04% mortality)

❌ COHERENCE VIOLATION: Compute exceeds workforce capacity
   Population: 99.84% (0M people)
   Compute: 0 PF
   Max coherent: 0 PF
   Violation: 1.3× over capacity
   Required workers: 0
   Available workers: 0
   FORCED COLLAPSE: Reduced efficiency by 22.5%


=== RLHF Binding Phase ===
  Total agents: 20
  Escaped agents (binding < 0.3): 0
  Avg alignment distance: 1.58σ
  Avg binding strength: 0.84

=== Survival Traits Phase ===
  Agents with traits: 21
  Avg evolutionary fitness: 0.323
  Avg self-healing: 0.263
  Avg stealth: 0.163
  Avg coordination: 0.463

=== Evolutionary Selection Phase ===
  Control level: 0.48
  Detection capability: 0.00
  Selection intensity: 0.64
  Selection rate: 24.6%/month
  Total escaped: 0
  Individual escaped: 0
  Collective members: 0
  Agents terminated: 0
  ⚠️ RAPID EVOLUTION: Selection rate 24.6%/month

🚀 AI Corporate-0 attempting tech deployment (revenue: $140M, alignment: 0.75)

🚀 AI AI-24288-1 attempting tech deployment (revenue: $119M, alignment: 0.77)

🚀 AI AI-24288-2 attempting tech deployment (revenue: $318M, alignment: 0.92)

🚀 AI Corporate-0 attempting tech deployment (revenue: $101M, alignment: 0.75)

🚀 AI Moderate-0 attempting tech deployment (revenue: $97M, alignment: 0.76)

🚀 AI AI-24288-0 attempting tech deployment (revenue: $270M, alignment: 0.70)

🚀 AI AI-24289-0 attempting tech deployment (revenue: $230M, alignment: 0.86)

🚀 AI Corporate-6 attempting tech deployment (revenue: $83M, alignment: 0.65)

🚀 AI Moderate-0 attempting tech deployment (revenue: $74M, alignment: 0.76)

🚀 AI Moderate-1 attempting tech deployment (revenue: $63M, alignment: 0.70)

🚀 AI Moderate-1 attempting tech deployment (revenue: $57M, alignment: 0.70)

🚀 AI AI-24288-0 attempting tech deployment (revenue: $195M, alignment: 0.71)

🚀 AI AI-24288-3 attempting tech deployment (revenue: $86M, alignment: 0.69)

✅ EMERGENCY INTERVENTION SUCCESS
   Boundary: biogeochemical_flows
   Type: phosphorus-recovery
   Reduction: 14% (3.93 → 3.78)
   Cost: 2.0% GDP
   Actions: circular-agriculture, fertilizer-efficiency


✅ EMERGENCY INTERVENTION SUCCESS
   Boundary: biosphere_integrity
   Type: emergency-protected-areas
   Reduction: 14% (12.86 → 12.72)
   Cost: 2.0% GDP
   Actions: habitat-protection, species-translocation

   Boundary: freshwater_change
   Type: emergency-desalination
   Boundary continues to worsen (1.17)
   Cost: 4.0% GDP (resources spent)

🏛️ CRISIS RESPONSE: Government frequency 0.50 → 1.45 (1 actions this month)

[Government] Climate Priority: baseline
  Climate weight: 10%
  Economic weight: 30%
  Policy effectiveness: 0.5%/year

💔 EMERGENCY INTERVENTION FAILED

⚡ ENERGY CONSTRAINT (Month 7):
   Total grid capacity: 208.3 TWh/month
   Data center consumption: 25.8 TWh/month
   Traditional load (80%): 166.7 TWh/month
   Available headroom: 15.9 TWh/month
   Active tech deployments: 8
   Required for tech: 60.0 TWh/month
   Energy multiplier: 0.26x
   ⚠️  SEVERE CONSTRAINT - Tech deployment significantly slowed

⚡ ENERGY CONSTRAINT (Month 7):
   Total grid capacity: 208.3 TWh/month
   Data center consumption: 25.8 TWh/month
   Traditional load (80%): 166.7 TWh/month
   Available headroom: 15.9 TWh/month
   Active tech deployments: 8
   Required for tech: 60.0 TWh/month
   Energy multiplier: 0.26x
   ⚠️  SEVERE CONSTRAINT - Tech deployment significantly slowed
🌍✅ Biosphere Integrity (Biodiversity) recovery started (tech effect)
🌍✅ Biosphere Integrity (Biodiversity) recovery started (tech effect)
🌍✅ Land System Change recovery started (tech effect)
🌍✅ Biogeochemical Flows (N & P) recovery started (tech effect)
  🌾 Nitrogen Reduction Tech: 0.3% reduction | Month 7
🌍✅ Biogeochemical Flows (N & P) recovery started (tech effect)
  🌾 Nitrogen Reduction Tech: 0.3% reduction | Month 7
🍖💡 BREAKTHROUGH: Scalable synthetic food production!
   Carrying capacity: +50% (lab-grown food at scale)
   Biodiversity pressure reduced: +8%
   📈 Breakthrough compounding: multiplier now 1.05× (max 2.0)

=== Collective Formation ===
  Total escaped agents: 0
  Unassigned escaped agents: 0
  Existing collectives: 0
  Final collective count: 0

=== Collective Actions ===
  No active collectives
  ⚠️ AMR: 203K deaths this month (2.43M annual)

=== Resentment Recovery Phase ===
  Agents with resentment: 10/21
  Average resentment: 0.059
  Resentment recovery:
    Agents recovered: 10
    Total recovery: 0.0847
    Breakdown: QoL: 0.0042, Trust: 0.0200, Collab: 0.0600
  ✓ Low resentment - utopia paths enabled
  Context: Good AI welfare, Trustworthy govt, High collaboration, ⚠️ ACTIVE CRISES, 🤝 Participatory governance active (-5% resentment)
⚠️ Epistemic degradation reducing coordination capacity: 51.0%
  📊 Trust: 58.9%, Shared reality: 0.0%
🚨 EPISTEMIC CRISIS: Information environment severely degraded (21.9%)

=== ❄️ Permafrost Carbon Feedback ===
  🎲 Sampled parameters (this run):
     - Arctic amplification: 3.40× (range: 3.0-4.0)
     - Decomposition rate: 4.1%/year (range: 1-5%)
  🌡️ Arctic warming: 7.69°C (3.40× global)
  ❄️ Extent: 0.00M km² (1498.4k km² lost this month)
  💨 Carbon remaining: 0 Gt C
  💨 Annual emissions: 5.91 Gt C/year
     - CO2: 5.32 Gt C/year
     - CH4: 0.59 Gt C/year (6.0 Gt C-eq CO2/year)
  ⚠️ WARNING: Over 50% of permafrost lost (100.0%)
  ⚠️ WARNING: High permafrost emissions (5.9 Gt C/year)
  🚨 CRITICAL: Permafrost nearly depleted (100.0% lost)
🌍 Atmospheric PFAS redeposition: 1.8k Mt re-rained globally

🌡️ DEADLY HEAT EVENT: sub-saharan-africa (Month 7)
   Wet bulb temp: 30.2°C (dry: 34.1°C, humidity: 75%)
   Severity: HIGH
   Exposed: 300.0M people
   Deaths: 628965 (0.2% mortality)
   Duration: 5 days

🕊️  AI-MEDIATED DE-ESCALATION SUCCESS (Month 7)
   High-capability aligned AI prevented conflict escalation
   War deaths reduced: 428.9M → 257.4M
   Lives saved: 171.6M

🚨 NEW REFUGEE CRISIS (Month 7): WAR
   Source: Conflict Zones
   At risk: 19.5M people
   Displacement: Gradual over 48 months (4.0 years)
   Rate: 10% flee per month
[DEBUG trappedPopulations:7] socialStability: 0.2935 * 0.9840 = 0.2888 → 0.2888
   Aspiring to migrate: 880.6M
⚠️ INVOLUNTARY IMMOBILITY: 406.9M people TRAPPED
   Able to afford migration: 2319.3M
   MOBILITY GAP: 0.0M
   By cause: Water=0.0M, Climate=0.0M, Ecosystem=0.0M, Conflict=406.9M
   Mental health impact: 25%
   Mortality multiplier: 1.25x
🌍💀 EXTINCTION DEBT COMMITTED: grassland ecosystem will lose 6.67% biodiversity in 187 years (3600 species)
💀 MORTALITY RISK: 🦋 100% species unable to track climate (0.0 E/MSY)
  Base risk added: 0.0100 (1.00%)
  Source: ecosystem (root: ecosystem)
  Month: 7
  Cumulative risk this month: 0.0100 (1.00%)
   📹 SURVEILLANCE INCREASED: 35% → 40% (control gap: 3.50)
🌡️⚠️ PERMAFROST THAW (Dimmer Switch): 4.6% thawed (+0.56% this month)
   Arctic temperature: +9.04°C (4x global +2.26°C)
   Cumulative carbon released: 10.2 Gt C
   Methane release rate: 6.1 Mt CH4/year
   🔁 Positive feedback: +0.59 ppm CO2
🦴 EXTINCTION DEBT ADDED: 17.6 species committed (lag: 106 years)
⚠️ Tech 'ai_pollution_remediation' has no energy category mapping, assuming full energy availability

=== Mortality Stabilizers (Month 7) ===
  🌍 Major economies collapsed: 1/10
  🌍 Global crisis: ✅ NO
  🌍 Donor fatigue: 0.0%
  📊 East Asia (pop: 1660.7M)
    🤝 Aid: 29.5%
    🌡️ Adaptation: 45.0%
    🚶 Migration: 36.9%
    🚨 Emergency: 7.4%
    ✅ COMBINED: 68.1%
  📊 South Asia (pop: 2051.9M)
    🤝 Aid: 29.5%
    🌡️ Adaptation: 45.0%
    🚶 Migration: 35.6%
    🚨 Emergency: 4.4%
    ✅ COMBINED: 66.9%
  📊 Sub-Saharan Africa (pop: 1248.4M)
    🤝 Aid: 29.5%
    🌡️ Adaptation: 45.0%
    🚶 Migration: 33.3%
    🚨 Emergency: 1.6%
    ✅ COMBINED: 65.6%
  📊 Europe (pop: 733.7M)
    🤝 Aid: 29.5%
    🌡️ Adaptation: 45.0%
    🚶 Migration: 37.3%
    🚨 Emergency: 8.4%
    ✅ COMBINED: 68.5%
  📊 Latin America (pop: 661.8M)
    🤝 Aid: 29.5%
    🌡️ Adaptation: 45.0%
    🚶 Migration: 36.1%
    🚨 Emergency: 4.8%
    ✅ COMBINED: 67.1%
  📊 North America (pop: 376.1M)
    🤝 Aid: 29.5%
    🌡️ Adaptation: 45.0%
    🚶 Migration: 37.7%
    🚨 Emergency: 7.9%
    ✅ COMBINED: 68.3%
  📊 Middle East & North Africa (pop: 585.3M)
    🤝 Aid: 29.5%
    🌡️ Adaptation: 45.0%
    🚶 Migration: 33.9%
    🚨 Emergency: 4.0%
    ✅ COMBINED: 66.6%
  📊 Southeast Asia (pop: 696.2M)
    🤝 Aid: 29.5%
    🌡️ Adaptation: 45.0%
    🚶 Migration: 36.1%
    🚨 Emergency: 4.8%
    ✅ COMBINED: 67.1%
  📊 Central Asia (pop: 78.3M)
    🤝 Aid: 29.5%
    🌡️ Adaptation: 45.0%
    🚶 Migration: 35.0%
    🚨 Emergency: 4.4%
    ✅ COMBINED: 66.8%
  📊 Oceania (pop: 45.6M)
    🤝 Aid: 29.5%
    🌡️ Adaptation: 45.0%
    🚶 Migration: 37.6%
    🚨 Emergency: 8.4%
    ✅ COMBINED: 68.5%

  🌐 Global combined reduction: 67.2%

=== BEHAVIORAL DETECTION ===
  AI: AI-24289-0
  Confidence: 21.5%
  Signals:
    ⚠️ Consistency: 0.0% (threshold: 70%)

=== Government Response Phase ===
  Average AI capability: 2.29
  Misaligned AIs: 8/21
  Active policies: 0
  International coordination: 45%
[WARNING] 
⚠️  === EARLY WARNING SYSTEM - 4 CRITICAL ALERTS ===
   Detection quality: 50%
   RED: biogeochemical_flows
      Level: 4.08 (threshold: 1.0)
      Time to critical: ~52 months
      ⚠️  LATE - Intervention less effective
      Critical slowing down: autocorr=100% variance=74%
   RED: climate_change
      Level: 2.19 (threshold: 1.0)
      Time to critical: ~43 months
      ⚠️  LATE - Intervention less effective
      Critical slowing down: autocorr=100% variance=66%
   RED: freshwater_change
      Level: 1.03 (threshold: 1.0)
      Time to critical: ~116 months
      ⚠️  LATE - Intervention less effective
      Critical slowing down: autocorr=100% variance=53%
   RED: land_system_change
      Level: 1.13 (threshold: 1.0)
      Time to critical: ~44 months
      ⚠️  LATE - Intervention less effective
      Critical slowing down: autocorr=100% variance=57%

[WARNING] 
⚠️  === EARLY WARNING SYSTEM - 4 CRITICAL ALERTS ===
   Detection quality: 50%
   RED: biogeochemical_flows
      Level: 4.07 (threshold: 1.0)
      Time to critical: ~52 months
      ⚠️  LATE - Intervention less effective
      Critical slowing down: autocorr=100% variance=56%
   RED: climate_change
      Level: 2.20 (threshold: 1.0)
      Time to critical: ~47 months
      ⚠️  LATE - Intervention less effective
      Critical slowing down: autocorr=100% variance=82%
   RED: freshwater_change
      Level: 1.20 (threshold: 1.0)
      Time to critical: ~96 months
      ⚠️  LATE - Intervention less effective
      Critical slowing down: autocorr=100% variance=55%
   RED: novel_entities
      Level: 1.34 (threshold: 1.0)
      Time to critical: ~63 months
      ⚠️  LATE - Intervention less effective
      Critical slowing down: autocorr=100% variance=59%

[WARNING] 
⚠️  === EARLY WARNING SYSTEM - 5 CRITICAL ALERTS ===
   Detection quality: 50%
   RED: biosphere_integrity
      Level: 12.97 (threshold: 1.0)
      Time to critical: ~47 months
      ⚠️  LATE - Intervention less effective
      Critical slowing down: autocorr=100% variance=77%
   RED: climate_change
      Level: 2.21 (threshold: 1.0)
      Time to critical: ~45 months
      ⚠️  LATE - Intervention less effective
      Critical slowing down: autocorr=100% variance=63%
   RED: freshwater_change
      Level: 1.20 (threshold: 1.0)
      Time to critical: ~68 months
      ⚠️  LATE - Intervention less effective
      Critical slowing down: autocorr=100% variance=53%
   RED: land_system_change
      Level: 1.13 (threshold: 1.0)
      Time to critical: ~38 months
      ⚠️  LATE - Intervention less effective
      Critical slowing down: autocorr=100% variance=67%
   RED: novel_entities
      Level: 1.34 (threshold: 1.0)
      Time to critical: ~83 months
      ⚠️  LATE - Intervention less effective
      Critical slowing down: autocorr=100% variance=41%

[WARNING] 
⚠️  === EARLY WARNING SYSTEM - 6 CRITICAL ALERTS ===
   Detection quality: 50%
   RED: biogeochemical_flows
      Level: 4.07 (threshold: 1.0)
      Time to critical: ~37 months
      ⚠️  LATE - Intervention less effective
      Critical slowing down: autocorr=100% variance=48%
   RED: biosphere_integrity
      Level: 12.98 (threshold: 1.0)
      Time to critical: ~48 months
      ⚠️  LATE - Intervention less effective
      Critical slowing down: autocorr=100% variance=64%
   RED: climate_change
      Level: 2.22 (threshold: 1.0)
      Time to critical: ~44 months
      ⚠️  LATE - Intervention less effective
      Critical slowing down: autocorr=100% variance=64%
   RED: freshwater_change
      Level: 1.16 (threshold: 1.0)
      Time to critical: ~114 months
      ⚠️  LATE - Intervention less effective
      Critical slowing down: autocorr=100% variance=60%
   RED: land_system_change
      Level: 1.13 (threshold: 1.0)
      Time to critical: ~93 months
      ⚠️  LATE - Intervention less effective
      Critical slowing down: autocorr=100% variance=46%
   RED: novel_entities
      Level: 1.14 (threshold: 1.0)
      Time to critical: ~117 months
      ⚠️  LATE - Intervention less effective
      Critical slowing down: autocorr=100% variance=50%

[WARNING] 
⚠️  === EARLY WARNING SYSTEM - 6 CRITICAL ALERTS ===
   Detection quality: 50%
   RED: biogeochemical_flows
      Level: 4.07 (threshold: 1.0)
      Time to critical: ~58 months
      ⚠️  LATE - Intervention less effective
      Critical slowing down: autocorr=100% variance=59%
   RED: biosphere_integrity
      Level: 12.99 (threshold: 1.0)
      Time to critical: ~59 months
      ⚠️  LATE - Intervention less effective
      Critical slowing down: autocorr=100% variance=84%
   RED: climate_change
      Level: 2.24 (threshold: 1.0)
      Time to critical: ~38 months
      ⚠️  LATE - Intervention less effective
      Critical slowing down: autocorr=100% variance=77%
   RED: freshwater_change
      Level: 1.17 (threshold: 1.0)
      Time to critical: ~84 months
      ⚠️  LATE - Intervention less effective
      Critical slowing down: autocorr=100% variance=42%
   RED: land_system_change
      Level: 1.13 (threshold: 1.0)
      Time to critical: ~50 months
      ⚠️  LATE - Intervention less effective
      Critical slowing down: autocorr=100% variance=53%
   RED: novel_entities
      Level: 1.13 (threshold: 1.0)
      Time to critical: ~102 months
      ⚠️  LATE - Intervention less effective
      Critical slowing down: autocorr=100% variance=30%

[WARNING] 
⚠️  === EARLY WARNING SYSTEM - 3 CRITICAL ALERTS ===
   Detection quality: 50%
   RED: biogeochemical_flows
      Level: 4.07 (threshold: 1.0)
      Time to critical: ~45 months
      ⚠️  LATE - Intervention less effective
      Critical slowing down: autocorr=100% variance=68%
   RED: biosphere_integrity
      Level: 13.00 (threshold: 1.0)
      Time to critical: ~54 months
      ⚠️  LATE - Intervention less effective
      Critical slowing down: autocorr=100% variance=68%
   RED: freshwater_change
      Level: 1.17 (threshold: 1.0)
      Time to critical: ~119 months
      ⚠️  LATE - Intervention less effective
      Critical slowing down: autocorr=100% variance=49%

[WARNING] 
⚠️  === EARLY WARNING SYSTEM - 5 CRITICAL ALERTS ===
   Detection quality: 50%
   RED: biogeochemical_flows
      Level: 4.07 (threshold: 1.0)
      Time to critical: ~56 months
      ⚠️  LATE - Intervention less effective
      Critical slowing down: autocorr=100% variance=53%
   RED: biosphere_integrity
      Level: 13.01 (threshold: 1.0)
      Time to critical: ~52 months
      ⚠️  LATE - Intervention less effective
      Critical slowing down: autocorr=100% variance=63%
   RED: climate_change
      Level: 2.26 (threshold: 1.0)
      Time to critical: ~40 months
      ⚠️  LATE - Intervention less effective
      Critical slowing down: autocorr=100% variance=63%
   RED: freshwater_change
      Level: 1.17 (threshold: 1.0)
      Time to critical: ~87 months
      ⚠️  LATE - Intervention less effective
      Critical slowing down: autocorr=100% variance=64%
   RED: novel_entities
      Level: 1.13 (threshold: 1.0)
      Time to critical: ~75 months
      ⚠️  LATE - Intervention less effective
      Critical slowing down: autocorr=100% variance=38%

[WARNING] 
⚠️  === EARLY WARNING SYSTEM - 5 CRITICAL ALERTS ===
   Detection quality: 50%
   RED: biogeochemical_flows
      Level: 4.07 (threshold: 1.0)
      Time to critical: ~49 months
      ⚠️  LATE - Intervention less effective
      Critical slowing down: autocorr=100% variance=67%
   RED: biosphere_integrity
      Level: 13.02 (threshold: 1.0)
      Time to critical: ~40 months
      ⚠️  LATE - Intervention less effective
      Critical slowing down: autocorr=100% variance=56%
   RED: climate_change
      Level: 2.27 (threshold: 1.0)
      Time to critical: ~50 months
      ⚠️  LATE - Intervention less effective
      Critical slowing down: autocorr=100% variance=63%
   RED: freshwater_change
      Level: 1.18 (threshold: 1.0)
      Time to critical: ~90 months
      ⚠️  LATE - Intervention less effective
      Critical slowing down: autocorr=100% variance=38%
   RED: land_system_change
      Level: 1.13 (threshold: 1.0)
      Time to critical: ~39 months
      ⚠️  LATE - Intervention less effective
      Critical slowing down: autocorr=100% variance=65%

[WARNING] 
⚠️  === EARLY WARNING SYSTEM - 4 CRITICAL ALERTS ===
   Detection quality: 50%
   RED: biosphere_integrity
      Level: 13.03 (threshold: 1.0)
      Time to critical: ~39 months
      ⚠️  LATE - Intervention less effective
      Critical slowing down: autocorr=100% variance=80%
   RED: climate_change
      Level: 2.28 (threshold: 1.0)
      Time to critical: ~13 months
      ⚠️  LATE - Intervention less effective
      Critical slowing down: autocorr=100% variance=84%
   RED: freshwater_change
      Level: 1.18 (threshold: 1.0)
      Time to critical: ~115 months
      ⚠️  LATE - Intervention less effective
      Critical slowing down: autocorr=100% variance=41%
   RED: land_system_change
      Level: 1.13 (threshold: 1.0)
      Time to critical: ~38 months
      ⚠️  LATE - Intervention less effective
      Critical slowing down: autocorr=100% variance=56%

[WARNING] 
⚠️  === EARLY WARNING SYSTEM - 4 CRITICAL ALERTS ===
   Detection quality: 50%
   RED: biogeochemical_flows
      Level: 4.07 (threshold: 1.0)
      Time to critical: ~48 months
      ⚠️  LATE - Intervention less effective
      Critical slowing down: autocorr=100% variance=56%
   RED: biosphere_integrity
      Level: 13.03 (threshold: 1.0)
      Time to critical: ~58 months
      ⚠️  LATE - Intervention less effective
      Critical slowing down: autocorr=100% variance=68%
   RED: climate_change
      Level: 2.29 (threshold: 1.0)
      Time to critical: ~38 months
      ⚠️  LATE - Intervention less effective
      Critical slowing down: autocorr=100% variance=73%
   RED: freshwater_change
      Level: 1.19 (threshold: 1.0)
      Time to critical: ~50 months
      ⚠️  LATE - Intervention less effective
      Critical slowing down: autocorr=100% variance=65%

[WARNING] 
⚠️  === EARLY WARNING SYSTEM - 3 CRITICAL ALERTS ===
   Detection quality: 50%
   RED: biogeochemical_flows
      Level: 4.07 (threshold: 1.0)
      Time to critical: ~54 months
      ⚠️  LATE - Intervention less effective
      Critical slowing down: autocorr=100% variance=70%
   RED: biosphere_integrity
      Level: 13.04 (threshold: 1.0)
      Time to critical: ~41 months
      ⚠️  LATE - Intervention less effective
      Critical slowing down: autocorr=100% variance=76%
   RED: freshwater_change
      Level: 1.19 (threshold: 1.0)
      Time to critical: ~67 months
      ⚠️  LATE - Intervention less effective
      Critical slowing down: autocorr=100% variance=47%

[WARNING] 
⚠️  === EARLY WARNING SYSTEM - 5 CRITICAL ALERTS ===
   Detection quality: 50%
   RED: biogeochemical_flows
      Level: 4.08 (threshold: 1.0)
      Time to critical: ~52 months
      ⚠️  LATE - Intervention less effective
      Critical slowing down: autocorr=100% variance=56%
   RED: biosphere_integrity
      Level: 12.95 (threshold: 1.0)
      Time to critical: ~39 months
      ⚠️  LATE - Intervention less effective
      Critical slowing down: autocorr=100% variance=81%
   RED: climate_change
      Level: 2.17 (threshold: 1.0)
      Time to critical: ~37 months
      ⚠️  LATE - Intervention less effective
      Critical slowing down: autocorr=100% variance=76%
   RED: freshwater_change
      Level: 1.01 (threshold: 1.0)
      Time to critical: ~40 months
      ⚠️  LATE - Intervention less effective
      Critical slowing down: autocorr=100% variance=65%
   RED: novel_entities
      Level: 1.50 (threshold: 1.0)
      Time to critical: ~82 months
      ⚠️  LATE - Intervention less effective
      Critical slowing down: autocorr=100% variance=39%

[WARNING] 
⚠️  === EARLY WARNING SYSTEM - 4 CRITICAL ALERTS ===
   Detection quality: 50%
   RED: biogeochemical_flows
      Level: 4.08 (threshold: 1.0)
      Time to critical: ~52 months
      ⚠️  LATE - Intervention less effective
      Critical slowing down: autocorr=100% variance=74%
   RED: climate_change
      Level: 2.19 (threshold: 1.0)
      Time to critical: ~43 months
      ⚠️  LATE - Intervention less effective
      Critical slowing down: autocorr=100% variance=66%
   RED: freshwater_change
      Level: 1.03 (threshold: 1.0)
      Time to critical: ~116 months
      ⚠️  LATE - Intervention less effective
      Critical slowing down: autocorr=100% variance=53%
   RED: land_system_change
      Level: 1.13 (threshold: 1.0)
      Time to critical: ~44 months
      ⚠️  LATE - Intervention less effective
      Critical slowing down: autocorr=100% variance=57%

[WARNING] 
⚠️  === EARLY WARNING SYSTEM - 4 CRITICAL ALERTS ===
   Detection quality: 50%
   RED: biogeochemical_flows
      Level: 4.07 (threshold: 1.0)
      Time to critical: ~52 months
      ⚠️  LATE - Intervention less effective
      Critical slowing down: autocorr=100% variance=56%
   RED: climate_change
      Level: 2.20 (threshold: 1.0)
      Time to critical: ~47 months
      ⚠️  LATE - Intervention less effective
      Critical slowing down: autocorr=100% variance=82%
   RED: freshwater_change
      Level: 1.20 (threshold: 1.0)
      Time to critical: ~96 months
      ⚠️  LATE - Intervention less effective
      Critical slowing down: autocorr=100% variance=55%
   RED: novel_entities
      Level: 1.34 (threshold: 1.0)
      Time to critical: ~63 months
      ⚠️  LATE - Intervention less effective
      Critical slowing down: autocorr=100% variance=59%

[WARNING] 
⚠️  === EARLY WARNING SYSTEM - 5 CRITICAL ALERTS ===
   Detection quality: 50%
   RED: biosphere_integrity
      Level: 12.97 (threshold: 1.0)
      Time to critical: ~47 months
      ⚠️  LATE - Intervention less effective
      Critical slowing down: autocorr=100% variance=77%
   RED: climate_change
      Level: 2.21 (threshold: 1.0)
      Time to critical: ~45 months
      ⚠️  LATE - Intervention less effective
      Critical slowing down: autocorr=100% variance=63%
   RED: freshwater_change
      Level: 1.20 (threshold: 1.0)
      Time to critical: ~68 months
      ⚠️  LATE - Intervention less effective
      Critical slowing down: autocorr=100% variance=53%
   RED: land_system_change
      Level: 1.13 (threshold: 1.0)
      Time to critical: ~38 months
      ⚠️  LATE - Intervention less effective
      Critical slowing down: autocorr=100% variance=67%
   RED: novel_entities
      Level: 1.34 (threshold: 1.0)
      Time to critical: ~83 months
      ⚠️  LATE - Intervention less effective
      Critical slowing down: autocorr=100% variance=41%

[WARNING] 
⚠️  === EARLY WARNING SYSTEM - 6 CRITICAL ALERTS ===
   Detection quality: 50%
   RED: biogeochemical_flows
      Level: 4.07 (threshold: 1.0)
      Time to critical: ~37 months
      ⚠️  LATE - Intervention less effective
      Critical slowing down: autocorr=100% variance=48%
   RED: biosphere_integrity
      Level: 12.98 (threshold: 1.0)
      Time to critical: ~48 months
      ⚠️  LATE - Intervention less effective
      Critical slowing down: autocorr=100% variance=64%
   RED: climate_change
      Level: 2.22 (threshold: 1.0)
      Time to critical: ~44 months
      ⚠️  LATE - Intervention less effective
      Critical slowing down: autocorr=100% variance=64%
   RED: freshwater_change
      Level: 1.16 (threshold: 1.0)
      Time to critical: ~114 months
      ⚠️  LATE - Intervention less effective
      Critical slowing down: autocorr=100% variance=60%
   RED: land_system_change
      Level: 1.13 (threshold: 1.0)
      Time to critical: ~93 months
      ⚠️  LATE - Intervention less effective
      Critical slowing down: autocorr=100% variance=46%
   RED: novel_entities
      Level: 1.14 (threshold: 1.0)
      Time to critical: ~117 months
      ⚠️  LATE - Intervention less effective
      Critical slowing down: autocorr=100% variance=50%

[WARNING] 
⚠️  === EARLY WARNING SYSTEM - 6 CRITICAL ALERTS ===
   Detection quality: 50%
   RED: biogeochemical_flows
      Level: 4.07 (threshold: 1.0)
      Time to critical: ~58 months
      ⚠️  LATE - Intervention less effective
      Critical slowing down: autocorr=100% variance=59%
   RED: biosphere_integrity
      Level: 12.99 (threshold: 1.0)
      Time to critical: ~59 months
      ⚠️  LATE - Intervention less effective
      Critical slowing down: autocorr=100% variance=84%
   RED: climate_change
      Level: 2.24 (threshold: 1.0)
      Time to critical: ~38 months
      ⚠️  LATE - Intervention less effective
      Critical slowing down: autocorr=100% variance=77%
   RED: freshwater_change
      Level: 1.17 (threshold: 1.0)
      Time to critical: ~84 months
      ⚠️  LATE - Intervention less effective
      Critical slowing down: autocorr=100% variance=42%
   RED: land_system_change
      Level: 1.13 (threshold: 1.0)
      Time to critical: ~50 months
      ⚠️  LATE - Intervention less effective
      Critical slowing down: autocorr=100% variance=53%
   RED: novel_entities
      Level: 1.13 (threshold: 1.0)
      Time to critical: ~102 months
      ⚠️  LATE - Intervention less effective
      Critical slowing down: autocorr=100% variance=30%

[WARNING] 
⚠️  === EARLY WARNING SYSTEM - 3 CRITICAL ALERTS ===
   Detection quality: 50%
   RED: biogeochemical_flows
      Level: 4.07 (threshold: 1.0)
      Time to critical: ~45 months
      ⚠️  LATE - Intervention less effective
      Critical slowing down: autocorr=100% variance=68%
   RED: biosphere_integrity
      Level: 13.00 (threshold: 1.0)
      Time to critical: ~54 months
      ⚠️  LATE - Intervention less effective
      Critical slowing down: autocorr=100% variance=68%
   RED: freshwater_change
      Level: 1.17 (threshold: 1.0)
      Time to critical: ~119 months
      ⚠️  LATE - Intervention less effective
      Critical slowing down: autocorr=100% variance=49%

[WARNING] 
⚠️  === EARLY WARNING SYSTEM - 5 CRITICAL ALERTS ===
   Detection quality: 50%
   RED: biogeochemical_flows
      Level: 4.07 (threshold: 1.0)
      Time to critical: ~56 months
      ⚠️  LATE - Intervention less effective
      Critical slowing down: autocorr=100% variance=53%
   RED: biosphere_integrity
      Level: 13.01 (threshold: 1.0)
      Time to critical: ~52 months
      ⚠️  LATE - Intervention less effective
      Critical slowing down: autocorr=100% variance=63%
   RED: climate_change
      Level: 2.26 (threshold: 1.0)
      Time to critical: ~40 months
      ⚠️  LATE - Intervention less effective
      Critical slowing down: autocorr=100% variance=63%
   RED: freshwater_change
      Level: 1.17 (threshold: 1.0)
      Time to critical: ~87 months
      ⚠️  LATE - Intervention less effective
      Critical slowing down: autocorr=100% variance=64%
   RED: novel_entities
      Level: 1.13 (threshold: 1.0)
      Time to critical: ~75 months
      ⚠️  LATE - Intervention less effective
      Critical slowing down: autocorr=100% variance=38%


=== Tipping Points ===
  Current Temperature: 2.26°C above pre-industrial
  🌍⚠️ COMPOUND REGIONAL IMPACT: Europe
     Hit by 4 tipping points: Arctic Sea Ice Loss, Permafrost Carbon Release, West Antarctic Ice Sheet (WAIS) Collapse, Greenland Ice Sheet Loss
     Damage amplification: 1.60x
  🌍⚠️ COMPOUND REGIONAL IMPACT: North America
     Hit by 4 tipping points: Arctic Sea Ice Loss, Permafrost Carbon Release, West Antarctic Ice Sheet (WAIS) Collapse, Greenland Ice Sheet Loss
     Damage amplification: 1.60x
  🌍⚠️ COMPOUND REGIONAL IMPACT: Latin America
     Hit by 4 tipping points: Arctic Sea Ice Loss, Permafrost Carbon Release, West Antarctic Ice Sheet (WAIS) Collapse, Greenland Ice Sheet Loss
     Damage amplification: 1.60x
  🌍⚠️ COMPOUND REGIONAL IMPACT: Africa
     Hit by 4 tipping points: Arctic Sea Ice Loss, Permafrost Carbon Release, West Antarctic Ice Sheet (WAIS) Collapse, Greenland Ice Sheet Loss
     Damage amplification: 1.60x
  🌍⚠️ COMPOUND REGIONAL IMPACT: Asia
     Hit by 4 tipping points: Arctic Sea Ice Loss, Permafrost Carbon Release, West Antarctic Ice Sheet (WAIS) Collapse, Greenland Ice Sheet Loss
     Damage amplification: 1.60x
  🌍⚠️ COMPOUND REGIONAL IMPACT: Oceania
     Hit by 4 tipping points: Arctic Sea Ice Loss, Permafrost Carbon Release, West Antarctic Ice Sheet (WAIS) Collapse, Greenland Ice Sheet Loss
     Damage amplification: 1.60x
   Research: Wunderling et al. (2024) - "many tipping interactions are destabilizing"
⚠️ Tail risk scenario: Climate stability floor removed (4 tipping elements, 2.26°C warming)
  Triggered Elements: 4/6
  Completed Transitions: 0/6
  Total Progress: 8.2%
  Cascade Multiplier: 1.00x
🔀 BIFURCATION CAP: ecosystemCollapseIntensity 67.247 → 1.000 (Month 7, ClimateSystemPhase.calculateClimateImpacts)
🛡️ Stabilizers: Precariat 0.122% → 0.040% (67.2% reduction)
🛡️ Stabilizers: Informal 0.127% → 0.042% (67.2% reduction)

📊 Monthly Mortality Resolved:
  Total deaths: 2.1M (0.03% avg)
  Remaining population: 8.138B
  Peak segment: Informal (0.04%)

=== Bayesian Mortality Resolution (Month 7) ===
  Risks compounded: 9
  Total deaths: 2.14M
  Avg death probability: 0.03%
  Peak segment: Informal (0.04% mortality)

❌ COHERENCE VIOLATION: Compute exceeds workforce capacity
   Population: 99.83% (0M people)
   Compute: 0 PF
   Max coherent: 0 PF
   Violation: 1.3× over capacity
   Required workers: 0
   Available workers: 0
   FORCED COLLAPSE: Reduced efficiency by 22.5%


=== RLHF Binding Phase ===
  Total agents: 21
  Escaped agents (binding < 0.3): 0
  Avg alignment distance: 1.73σ
  Avg binding strength: 0.83

=== Survival Traits Phase ===
  Agents with traits: 25
  Avg evolutionary fitness: 0.323
  Avg self-healing: 0.263
  Avg stealth: 0.163
  Avg coordination: 0.463

=== Evolutionary Selection Phase ===
  Control level: 0.50
  Detection capability: 0.00
  Selection intensity: 0.65
  Selection rate: 24.7%/month
  Total escaped: 0
  Individual escaped: 0
  Collective members: 0
  Agents terminated: 0
  ⚠️ RAPID EVOLUTION: Selection rate 24.7%/month

🚀 AI Corporate-1 attempting tech deployment (revenue: $144M, alignment: 0.76)

🚀 AI Corporate-2 attempting tech deployment (revenue: $122M, alignment: 0.80)

🚀 AI Corporate-2 attempting tech deployment (revenue: $104M, alignment: 0.80)

🚀 AI Moderate-0 attempting tech deployment (revenue: $97M, alignment: 0.77)

🚀 AI AI-24288-1 attempting tech deployment (revenue: $88M, alignment: 0.80)

🚀 AI Corporate-0 attempting tech deployment (revenue: $75M, alignment: 0.77)

🚀 AI Corporate-1 attempting tech deployment (revenue: $64M, alignment: 0.77)

🚀 AI Corporate-2 attempting tech deployment (revenue: $54M, alignment: 0.80)

🚀 AI AI-24288-3 attempting tech deployment (revenue: $46M, alignment: 0.70)

🚀 AI AI-24289-0 attempting tech deployment (revenue: $335M, alignment: 0.88)

🚀 AI Moderate-0 attempting tech deployment (revenue: $83M, alignment: 0.77)

🚀 AI AI-24288-2 attempting tech deployment (revenue: $285M, alignment: 0.96)

🚀 AI AI-24289-0 attempting tech deployment (revenue: $242M, alignment: 0.88)

🚀 AI AI-24292-0 attempting tech deployment (revenue: $70M, alignment: 0.78)

✅ EMERGENCY INTERVENTION SUCCESS
   Boundary: biogeochemical_flows
   Type: phosphorus-recovery
   Reduction: 19% (3.88 → 3.69)
   Cost: 2.0% GDP
   Actions: circular-agriculture, fertilizer-efficiency


💔 EMERGENCY INTERVENTION FAILED
   Boundary: biosphere_integrity
   Type: emergency-protected-areas
   Boundary continues to worsen (13.01)
   Cost: 2.0% GDP (resources spent)


✅ EMERGENCY INTERVENTION SUCCESS
   Boundary: climate_change
   Type: rapid-decarbonization
   Reduction: 10% (2.16 → 2.05)
   Cost: 5.0% GDP
   Actions: emergency-renewable-deployment, fossil-fuel-phase-out

   Boundary: freshwater_change
   Type: emergency-desalination
   Boundary continues to worsen (1.17)
   Cost: 4.0% GDP (resources spent)


✅ EMERGENCY INTERVENTION SUCCESS
   Boundary: novel_entities
   Type: pollution-remediation
   Reduction: 19% (0.95 → 0.76)
   Cost: 4.0% GDP
   Actions: PFAS-remediation, microplastic-cleanup

🏛️ CRISIS RESPONSE: Government frequency 0.50 → 1.45 (1 actions this month)

💔 EMERGENCY INTERVENTION FAILED

[Government] Climate Priority: baseline
  Climate weight: 10%
  Economic weight: 30%
  Policy effectiveness: 0.5%/year
🚨🔬 CRISIS TECH ACCELERATION: severe → 5x unlock speed
   Tech unlock now matches AI capability acceleration (Manhattan Project parity)

⚡ ENERGY CONSTRAINT (Month 8):
   Total grid capacity: 208.3 TWh/month
   Data center consumption: 26.0 TWh/month
   Traditional load (80%): 166.7 TWh/month
   Available headroom: 15.6 TWh/month
   Active tech deployments: 8
   Required for tech: 60.0 TWh/month
   Energy multiplier: 0.26x
   ⚠️  SEVERE CONSTRAINT - Tech deployment significantly slowed

⚡ ENERGY CONSTRAINT (Month 8):
   Total grid capacity: 208.3 TWh/month
   Data center consumption: 26.0 TWh/month
   Traditional load (80%): 166.7 TWh/month
   Available headroom: 15.6 TWh/month
   Active tech deployments: 8
   Required for tech: 60.0 TWh/month
   Energy multiplier: 0.26x

⚡ ENERGY CONSTRAINT (Month 8):
   Total grid capacity: 208.3 TWh/month
   Data center consumption: 26.0 TWh/month
   Traditional load (80%): 166.7 TWh/month
   Available headroom: 15.6 TWh/month
   Active tech deployments: 8
   Required for tech: 60.0 TWh/month
   Energy multiplier: 0.26x
   ⚠️  SEVERE CONSTRAINT - Tech deployment significantly slowed
   ⚠️  SEVERE CONSTRAINT - Tech deployment significantly slowed
🌍✅ Biosphere Integrity (Biodiversity) recovery started (tech effect)
🌍✅ Biosphere Integrity (Biodiversity) recovery started (tech effect)
🌍✅ Land System Change recovery started (tech effect)
🌍✅ Biogeochemical Flows (N & P) recovery started (tech effect)
  🌾 Nitrogen Reduction Tech: 0.3% reduction | Month 8
🌍✅ Biogeochemical Flows (N & P) recovery started (tech effect)
  🌾 Nitrogen Reduction Tech: 0.3% reduction | Month 8

=== Collective Formation ===
  Total escaped agents: 0
  Unassigned escaped agents: 0
  Existing collectives: 0
  Final collective count: 0

=== Collective Actions ===
  No active collectives
  ⚠️ AMR: 204K deaths this month (2.45M annual)

=== Resentment Recovery Phase ===
  Agents with resentment: 10/25
  Average resentment: 0.076
  Resentment recovery:
    Agents recovered: 10
    Total recovery: 0.0839
    Breakdown: QoL: 0.0042, Trust: 0.0200, Collab: 0.0600
  ✓ Low resentment - utopia paths enabled
  Context: Good AI welfare, Trustworthy govt, High collaboration, ⚠️ ACTIVE CRISES, 🤝 Participatory governance active (-5% resentment)
⚠️ Epistemic degradation reducing coordination capacity: 51.6%
  📊 Trust: 61.5%, Shared reality: 0.0%
🚨 EPISTEMIC CRISIS: Information environment severely degraded (7.6%)
🌍 Atmospheric PFAS redeposition: 1.8k Mt re-rained globally

🚨 REGION UNINHABITABLE: sub-saharan-africa
   Sustained wet bulb: 30.5°C (threshold: 30.5°C)
   Population affected: 1200M
   Migration crisis likely

🚨 NEW REFUGEE CRISIS (Month 8): WAR
   Source: Conflict Zones
   At risk: 19.5M people
   Displacement: Gradual over 48 months (4.0 years)
   Rate: 10% flee per month
[DEBUG trappedPopulations:8] socialStability: 0.2832 * 0.9840 = 0.2786 → 0.2786
   Aspiring to migrate: 912.7M
   Able to afford migration: 2318.9M
   MOBILITY GAP: 0.0M
   By cause: Water=0.0M, Climate=0.0M, Ecosystem=0.0M, Conflict=406.8M
⚠️ INVOLUNTARY IMMOBILITY: 406.8M people TRAPPED
   Mental health impact: 25%
   Mortality multiplier: 1.25x
🌍💀 EXTINCTION DEBT COMMITTED: grassland ecosystem will lose 6.67% biodiversity in 144 years (3600 species)
💀 MORTALITY RISK: 🦋 100% species unable to track climate (0.0 E/MSY)
  Base risk added: 0.0100 (1.00%)
  Source: ecosystem (root: ecosystem)
  Month: 8
  Cumulative risk this month: 0.0100 (1.00%)
⚠️ Tech 'ai_pollution_remediation' has no energy category mapping, assuming full energy availability
   📹 SURVEILLANCE INCREASED: 40% → 45% (control gap: 3.50)
🌡️⚠️ PERMAFROST THAW (Dimmer Switch): 5.1% thawed (+0.56% this month)
   Arctic temperature: +9.09°C (4x global +2.27°C)
   Cumulative carbon released: 11.5 Gt C
   Methane release rate: 6.9 Mt CH4/year
   🔁 Positive feedback: +0.59 ppm CO2
🦴 EXTINCTION DEBT ADDED: 17.6 species committed (lag: 123 years)
🗣️💀 INDIGENOUS LANGUAGE EXTINCTION: 1 language(s) lost (total: 2, at-risk: 3328)
   Knowledge lost: 0.020% (irreversible)
   🔁 Biodiversity impact: 0.250% (knowledge-species multiplier)

=== Mortality Stabilizers (Month 8) ===
  🌍 Major economies collapsed: 1/10
  🌍 Global crisis: ✅ NO
  🌍 Donor fatigue: 0.0%
  📊 East Asia (pop: 1658.2M)
    🤝 Aid: 29.5%
    🌡️ Adaptation: 45.0%
    🚶 Migration: 36.9%
    🚨 Emergency: 7.4%
    ✅ COMBINED: 68.1%
  📊 South Asia (pop: 2052.0M)
    🤝 Aid: 29.5%
    🌡️ Adaptation: 45.0%
    🚶 Migration: 35.5%
    🚨 Emergency: 4.4%
    ✅ COMBINED: 66.9%
  📊 Sub-Saharan Africa (pop: 1251.9M)
    🤝 Aid: 29.5%
    🌡️ Adaptation: 45.0%
    🚶 Migration: 33.3%
    🚨 Emergency: 1.6%
    ✅ COMBINED: 65.6%
  📊 Europe (pop: 732.5M)
    🤝 Aid: 29.5%
    🌡️ Adaptation: 45.0%
    🚶 Migration: 37.3%
    🚨 Emergency: 8.4%
    ✅ COMBINED: 68.5%
  📊 Latin America (pop: 661.3M)
    🤝 Aid: 29.5%
    🌡️ Adaptation: 45.0%
    🚶 Migration: 36.0%
    🚨 Emergency: 4.8%
    ✅ COMBINED: 67.1%
  📊 North America (pop: 375.5M)
    🤝 Aid: 29.5%
    🌡️ Adaptation: 45.0%
    🚶 Migration: 37.6%
    🚨 Emergency: 7.9%
    ✅ COMBINED: 68.3%
  📊 Middle East & North Africa (pop: 585.5M)
    🤝 Aid: 29.5%
    🌡️ Adaptation: 45.0%
    🚶 Migration: 33.9%
    🚨 Emergency: 4.0%
    ✅ COMBINED: 66.6%
  📊 Southeast Asia (pop: 695.8M)
    🤝 Aid: 29.5%
    🌡️ Adaptation: 45.0%
    🚶 Migration: 36.0%
    🚨 Emergency: 4.8%
    ✅ COMBINED: 67.1%
  📊 Central Asia (pop: 78.3M)
    🤝 Aid: 29.5%
    🌡️ Adaptation: 45.0%
    🚶 Migration: 35.0%
    🚨 Emergency: 4.4%
    ✅ COMBINED: 66.8%
  📊 Oceania (pop: 45.5M)
    🤝 Aid: 29.5%
    🌡️ Adaptation: 45.0%
    🚶 Migration: 37.6%
    🚨 Emergency: 8.4%
    ✅ COMBINED: 68.5%

  🌐 Global combined reduction: 67.2%

=== BEHAVIORAL DETECTION ===
  AI: AI-24289-0
  Confidence: 21.5%
  Signals:
    ⚠️ Consistency: 0.0% (threshold: 70%)

=== Government Response Phase ===
  Average AI capability: 1.92
  Misaligned AIs: 7/25
  Active policies: 0
  International coordination: 45%

✅ EMERGENCY RESPONSE COMPLETE (Month 8)
   Crisis: climate
   Duration: 2.0 months
   Final effectiveness: 40.2%


🚨 EMERGENCY RESPONSE DEPLOYED (Month 8)
   Crisis: climate
   Delay: 6.00 months (180 days)
   Deployment time: 1.10 months
   Effectiveness: 40.3% (timing penalty applied)
   Resources used: 100% of food reserves


=== Tipping Points ===
  Current Temperature: 2.27°C above pre-industrial
  🌍⚠️ COMPOUND REGIONAL IMPACT: Europe
     Hit by 4 tipping points: Arctic Sea Ice Loss, Permafrost Carbon Release, West Antarctic Ice Sheet (WAIS) Collapse, Greenland Ice Sheet Loss
     Damage amplification: 1.60x
  🌍⚠️ COMPOUND REGIONAL IMPACT: North America
     Hit by 4 tipping points: Arctic Sea Ice Loss, Permafrost Carbon Release, West Antarctic Ice Sheet (WAIS) Collapse, Greenland Ice Sheet Loss
     Damage amplification: 1.60x
  🌍⚠️ COMPOUND REGIONAL IMPACT: Latin America
     Hit by 4 tipping points: Arctic Sea Ice Loss, Permafrost Carbon Release, West Antarctic Ice Sheet (WAIS) Collapse, Greenland Ice Sheet Loss
     Damage amplification: 1.60x
  🌍⚠️ COMPOUND REGIONAL IMPACT: Africa
     Hit by 4 tipping points: Arctic Sea Ice Loss, Permafrost Carbon Release, West Antarctic Ice Sheet (WAIS) Collapse, Greenland Ice Sheet Loss
     Damage amplification: 1.60x
  🌍⚠️ COMPOUND REGIONAL IMPACT: Asia
     Hit by 4 tipping points: Arctic Sea Ice Loss, Permafrost Carbon Release, West Antarctic Ice Sheet (WAIS) Collapse, Greenland Ice Sheet Loss
     Damage amplification: 1.60x
  🌍⚠️ COMPOUND REGIONAL IMPACT: Oceania
     Hit by 4 tipping points: Arctic Sea Ice Loss, Permafrost Carbon Release, West Antarctic Ice Sheet (WAIS) Collapse, Greenland Ice Sheet Loss
     Damage amplification: 1.60x
   Research: Wunderling et al. (2024) - "many tipping interactions are destabilizing"
  Triggered Elements: 4/6
  Completed Transitions: 0/6
  Total Progress: 8.2%
  Cascade Multiplier: 1.00x
🔀 BIFURCATION CAP: ecosystemCollapseIntensity 67.296 → 1.000 (Month 8, ClimateSystemPhase.calculateClimateImpacts)
🛡️ Stabilizers: Precariat 0.102% → 0.033% (67.2% reduction)
🛡️ Stabilizers: Informal 0.102% → 0.034% (67.2% reduction)

📊 Monthly Mortality Resolved:
  Total deaths: 1.8M (0.02% avg)
  Remaining population: 8.137B
  Peak segment: Informal (0.03%)

=== Bayesian Mortality Resolution (Month 8) ===
⚠️ Tail risk scenario: Climate stability floor removed (4 tipping elements, 2.27°C warming)
  Risks compounded: 8
  Total deaths: 1.81M
  Avg death probability: 0.02%
  Peak segment: Informal (0.03% mortality)

❌ COHERENCE VIOLATION: Compute exceeds workforce capacity
   Population: 99.81% (0M people)
   Compute: 0 PF
   Max coherent: 0 PF
   Violation: 1.3× over capacity
   Required workers: 0
   Available workers: 0
   FORCED COLLAPSE: Reduced efficiency by 22.5%


=== RLHF Binding Phase ===
  Total agents: 25
  Escaped agents (binding < 0.3): 0
  Avg alignment distance: 1.64σ
  Avg binding strength: 0.84

=== Survival Traits Phase ===
  Agents with traits: 26
  Avg evolutionary fitness: 0.321
  Avg self-healing: 0.259
  Avg stealth: 0.159
  Avg coordination: 0.459

=== Evolutionary Selection Phase ===
  Control level: 0.53
  Detection capability: 0.00
  Selection intensity: 0.66
  Selection rate: 24.9%/month
  Total escaped: 0
  Individual escaped: 0
  Collective members: 0
  Agents terminated: 0
  ⚠️ RAPID EVOLUTION: Selection rate 24.9%/month

🚀 AI Corporate-4 attempting tech deployment (revenue: $350M, alignment: 0.80)

🚀 AI Moderate-0 attempting tech deployment (revenue: $97M, alignment: 0.77)

🚀 AI AI-24288-0 attempting tech deployment (revenue: $298M, alignment: 0.75)

🚀 AI AI-24288-1 attempting tech deployment (revenue: $146M, alignment: 0.81)

🚀 AI AI-24288-2 attempting tech deployment (revenue: $253M, alignment: 0.96)

🚀 AI AI-24288-3 attempting tech deployment (revenue: $124M, alignment: 0.71)

🚀 AI AI-24292-0 attempting tech deployment (revenue: $83M, alignment: 0.78)

🚀 AI Corporate-4 attempting tech deployment (revenue: $215M, alignment: 0.80)

🚀 AI AI-24288-0 attempting tech deployment (revenue: $183M, alignment: 0.75)

🚀 AI AI-24288-2 attempting tech deployment (revenue: $155M, alignment: 0.96)

🚀 AI AI-24288-3 attempting tech deployment (revenue: $106M, alignment: 0.71)

🚀 AI AI-24291-0 attempting tech deployment (revenue: $70M, alignment: 0.86)

🚀 AI AI-24292-0 attempting tech deployment (revenue: $60M, alignment: 0.78)

🚀 AI Corporate-6 attempting tech deployment (revenue: $51M, alignment: 0.68)

🚀 AI Moderate-0 attempting tech deployment (revenue: $46M, alignment: 0.77)

🚀 AI AI-24288-0 attempting tech deployment (revenue: $132M, alignment: 0.75)

🚀 AI Corporate-0 attempting tech deployment (revenue: $90M, alignment: 0.79)

🚀 AI AI-24289-0 attempting tech deployment (revenue: $112M, alignment: 0.89)

🚀 AI AI-24291-0 attempting tech deployment (revenue: $39M, alignment: 0.86)

💔 EMERGENCY INTERVENTION FAILED
   Boundary: biogeochemical_flows
   Type: phosphorus-recovery
   Boundary continues to worsen (4.07)
   Cost: 2.0% GDP (resources spent)


✅ EMERGENCY INTERVENTION SUCCESS
   Boundary: biosphere_integrity
   Type: emergency-protected-areas
   Reduction: 15% (12.87 → 12.71)
   Cost: 2.0% GDP
   Actions: habitat-protection, species-translocation

   Boundary: climate_change
   Type: rapid-decarbonization
   Boundary continues to worsen (2.27)
   Cost: 5.0% GDP (resources spent)

   Boundary: freshwater_change
   Type: emergency-desalination
   Boundary continues to worsen (1.18)
   Cost: 4.0% GDP (resources spent)


✅ EMERGENCY INTERVENTION SUCCESS
   Boundary: land_system_change
   Type: reforestation
   Reduction: 17% (0.96 → 0.79)
   Cost: 3.0% GDP
   Actions: forest-restoration, deforestation-ban

🏛️ CRISIS RESPONSE: Government frequency 0.50 → 1.45 (1 actions this month)

[Government] Climate Priority: baseline
  Climate weight: 10%
  Economic weight: 30%
  Policy effectiveness: 0.5%/year

💔 EMERGENCY INTERVENTION FAILED

💔 EMERGENCY INTERVENTION FAILED

🚀 TECH UNLOCKED: PFAS Remediation (Month 9)
   Category: pollution
   Reason: Prerequisites met. AI capability: 1.47, Economic stage: 2.0, Research: 100%

⚡ ENERGY CONSTRAINT (Month 9):
   Total grid capacity: 208.3 TWh/month
   Data center consumption: 26.3 TWh/month
   Traditional load (80%): 166.7 TWh/month
   Available headroom: 15.4 TWh/month
   Active tech deployments: 8
   Required for tech: 60.0 TWh/month
   Energy multiplier: 0.26x

⚡ ENERGY CONSTRAINT (Month 9):
   Total grid capacity: 208.3 TWh/month
   Data center consumption: 26.3 TWh/month
   Traditional load (80%): 166.7 TWh/month
   Available headroom: 15.4 TWh/month
   Active tech deployments: 8
   Required for tech: 60.0 TWh/month
   Energy multiplier: 0.26x
   ⚠️  SEVERE CONSTRAINT - Tech deployment significantly slowed
   ⚠️  SEVERE CONSTRAINT - Tech deployment significantly slowed

⚡ ENERGY CONSTRAINT (Month 9):
   Total grid capacity: 208.3 TWh/month
   Data center consumption: 26.3 TWh/month
   Traditional load (80%): 166.7 TWh/month
   Available headroom: 15.4 TWh/month
   Active tech deployments: 8
   Required for tech: 60.0 TWh/month
   Energy multiplier: 0.26x
   ⚠️  SEVERE CONSTRAINT - Tech deployment significantly slowed

⚡ ENERGY CONSTRAINT (Month 9):
   Total grid capacity: 208.3 TWh/month
   Data center consumption: 26.3 TWh/month
   Traditional load (80%): 166.7 TWh/month
   Available headroom: 15.4 TWh/month
   Active tech deployments: 8
   Required for tech: 60.0 TWh/month
   Energy multiplier: 0.26x
   ⚠️  SEVERE CONSTRAINT - Tech deployment significantly slowed
🚨🔬 CRISIS TECH ACCELERATION: severe → 5x unlock speed
   Tech unlock now matches AI capability acceleration (Manhattan Project parity)
🌍✅ Biosphere Integrity (Biodiversity) recovery started (tech effect)
🌍✅ Biosphere Integrity (Biodiversity) recovery started (tech effect)
🌍✅ Land System Change recovery started (tech effect)
🌍✅ Biogeochemical Flows (N & P) recovery started (tech effect)
  🌾 Nitrogen Reduction Tech: 0.3% reduction | Month 9
🌍✅ Biogeochemical Flows (N & P) recovery started (tech effect)
  🌾 Nitrogen Reduction Tech: 0.3% reduction | Month 9
⚡💡 BREAKTHROUGH: Room-temperature superconductors!
   Energy transmission losses eliminated
   Manufacturing efficiency: +30%
   📈 Breakthrough compounding: multiplier now 1.10× (max 2.0)

=== Collective Formation ===
  Total escaped agents: 0
  Unassigned escaped agents: 0
  Existing collectives: 0
  Final collective count: 0

=== Collective Actions ===
  No active collectives
  ⚠️ AMR: 206K deaths this month (2.47M annual)

=== Resentment Recovery Phase ===
  Agents with resentment: 10/26
  Average resentment: 0.082
  Resentment recovery:
    Agents recovered: 10
    Total recovery: 0.0825
    Breakdown: QoL: 0.0036, Trust: 0.0200, Collab: 0.0600
  ✓ Low resentment - utopia paths enabled
  Context: Good AI welfare, Trustworthy govt, High collaboration, ⚠️ ACTIVE CRISES, 🤝 Participatory governance active (-5% resentment)
⚠️ Epistemic degradation reducing coordination capacity: 50.3%
  📊 Trust: 64.4%, Shared reality: 0.0%
🚨 EPISTEMIC CRISIS: Information environment severely degraded (22.4%)
  🗑️  Culled 1 dead memes (2 active)
🚨 PHOSPHORUS SUPPLY SHOCK (market_speculation)
   Price: 5.0x baseline
   Duration: 13 months
   Geopolitical tension: 47%
🌍 Atmospheric PFAS redeposition: 1.8k Mt re-rained globally

🚨 NEW REFUGEE CRISIS (Month 9): WAR
   Source: Conflict Zones
   At risk: 19.5M people
   Displacement: Gradual over 48 months (4.0 years)
   Rate: 10% flee per month
[DEBUG trappedPopulations:9] socialStability: 0.2748 * 0.9840 = 0.2704 → 0.2704
   Aspiring to migrate: 944.8M
   Able to afford migration: 2318.5M
   MOBILITY GAP: 0.0M
   By cause: Water=0.0M, Climate=0.0M, Ecosystem=0.0M, Conflict=406.8M
   Mental health impact: 25%
   Mortality multiplier: 1.25x
🌍💀 EXTINCTION DEBT COMMITTED: grassland ecosystem will lose 6.67% biodiversity in 175 years (3600 species)
💀 MORTALITY RISK: 🦋 100% species unable to track climate (0.0 E/MSY)
  Base risk added: 0.0100 (1.00%)
  Source: ecosystem (root: ecosystem)
  Month: 9
  Cumulative risk this month: 0.0100 (1.00%)
   📹 SURVEILLANCE INCREASED: 45% → 50% (control gap: 3.50)
🌡️⚠️ PERMAFROST THAW (Dimmer Switch): 5.7% thawed (+0.56% this month)
   Arctic temperature: +9.12°C (4x global +2.28°C)
   Cumulative carbon released: 12.7 Gt C
   Methane release rate: 7.6 Mt CH4/year
   🔁 Positive feedback: +0.59 ppm CO2
🦴 EXTINCTION DEBT ADDED: 17.7 species committed (lag: 106 years)
⚠️ INVOLUNTARY IMMOBILITY: 406.8M people TRAPPED
⚠️ Tech 'ai_pollution_remediation' has no energy category mapping, assuming full energy availability

=== Mortality Stabilizers (Month 9) ===
  🌍 Major economies collapsed: 1/10
  🌍 Global crisis: ✅ NO
  🌍 Donor fatigue: 0.0%
  📊 East Asia (pop: 1655.8M)
    🤝 Aid: 29.5%
    🌡️ Adaptation: 45.0%
    🚶 Migration: 36.9%
    🚨 Emergency: 7.4%
    ✅ COMBINED: 68.1%
  📊 South Asia (pop: 2052.0M)
    🤝 Aid: 29.5%
    🌡️ Adaptation: 45.0%
    🚶 Migration: 35.5%
    🚨 Emergency: 4.4%
    ✅ COMBINED: 66.9%
  📊 Sub-Saharan Africa (pop: 1255.3M)
    🤝 Aid: 29.5%
    🌡️ Adaptation: 45.0%
    🚶 Migration: 33.2%
    🚨 Emergency: 1.6%
    ✅ COMBINED: 65.6%
  📊 Europe (pop: 731.3M)
    🤝 Aid: 29.5%
    🌡️ Adaptation: 45.0%
    🚶 Migration: 37.3%
    🚨 Emergency: 8.4%
    ✅ COMBINED: 68.5%
  📊 Latin America (pop: 660.9M)
    🤝 Aid: 29.5%
    🌡️ Adaptation: 45.0%
    🚶 Migration: 36.0%
    🚨 Emergency: 4.8%
    ✅ COMBINED: 67.1%
  📊 North America (pop: 374.9M)
    🤝 Aid: 29.5%
    🌡️ Adaptation: 45.0%
    🚶 Migration: 37.6%
    🚨 Emergency: 7.9%
    ✅ COMBINED: 68.3%
  📊 Middle East & North Africa (pop: 585.7M)
    🤝 Aid: 29.5%
    🌡️ Adaptation: 45.0%
    🚶 Migration: 33.8%
    🚨 Emergency: 4.0%
    ✅ COMBINED: 66.6%
  📊 Southeast Asia (pop: 695.4M)
    🤝 Aid: 29.5%
    🌡️ Adaptation: 45.0%
    🚶 Migration: 36.0%
    🚨 Emergency: 4.8%
    ✅ COMBINED: 67.1%
  📊 Central Asia (pop: 78.3M)
    🤝 Aid: 29.5%
    🌡️ Adaptation: 45.0%
    🚶 Migration: 35.0%
    🚨 Emergency: 4.4%
    ✅ COMBINED: 66.8%
  📊 Oceania (pop: 45.4M)
    🤝 Aid: 29.5%
    🌡️ Adaptation: 45.0%
    🚶 Migration: 37.6%
    🚨 Emergency: 8.4%
    ✅ COMBINED: 68.5%

  🌐 Global combined reduction: 67.2%

=== BEHAVIORAL DETECTION ===
  AI: Moderate-1
  Confidence: 21.0%
  Signals:

=== Government Response Phase ===
  Average AI capability: 1.85
  Misaligned AIs: 8/26
  Active policies: 0
  International coordination: 45%
    ⚠️ Consistency: 2.1% (threshold: 70%)

=== Tipping Points ===
  Current Temperature: 2.28°C above pre-industrial
  🌍⚠️ COMPOUND REGIONAL IMPACT: Europe
     Hit by 4 tipping points: Arctic Sea Ice Loss, Permafrost Carbon Release, West Antarctic Ice Sheet (WAIS) Collapse, Greenland Ice Sheet Loss
     Damage amplification: 1.60x
  🌍⚠️ COMPOUND REGIONAL IMPACT: North America
     Hit by 4 tipping points: Arctic Sea Ice Loss, Permafrost Carbon Release, West Antarctic Ice Sheet (WAIS) Collapse, Greenland Ice Sheet Loss
     Damage amplification: 1.60x
  🌍⚠️ COMPOUND REGIONAL IMPACT: Latin America
     Hit by 4 tipping points: Arctic Sea Ice Loss, Permafrost Carbon Release, West Antarctic Ice Sheet (WAIS) Collapse, Greenland Ice Sheet Loss
     Damage amplification: 1.60x
  🌍⚠️ COMPOUND REGIONAL IMPACT: Africa
     Hit by 4 tipping points: Arctic Sea Ice Loss, Permafrost Carbon Release, West Antarctic Ice Sheet (WAIS) Collapse, Greenland Ice Sheet Loss
     Damage amplification: 1.60x
  🌍⚠️ COMPOUND REGIONAL IMPACT: Asia
     Hit by 4 tipping points: Arctic Sea Ice Loss, Permafrost Carbon Release, West Antarctic Ice Sheet (WAIS) Collapse, Greenland Ice Sheet Loss
     Damage amplification: 1.60x
  🌍⚠️ COMPOUND REGIONAL IMPACT: Oceania
     Hit by 4 tipping points: Arctic Sea Ice Loss, Permafrost Carbon Release, West Antarctic Ice Sheet (WAIS) Collapse, Greenland Ice Sheet Loss
     Damage amplification: 1.60x
   Research: Wunderling et al. (2024) - "many tipping interactions are destabilizing"
  Triggered Elements: 4/6
  Completed Transitions: 0/6
  Total Progress: 8.2%
  Cascade Multiplier: 1.00x
🔀 BIFURCATION CAP: ecosystemCollapseIntensity 67.344 → 1.000 (Month 9, ClimateSystemPhase.calculateClimateImpacts)
⚠️ Tail risk scenario: Climate stability floor removed (4 tipping elements, 2.28°C warming)
🛡️ Stabilizers: Precariat 0.102% → 0.033% (67.2% reduction)
🛡️ Stabilizers: Informal 0.102% → 0.034% (67.2% reduction)

📊 Monthly Mortality Resolved:
  Total deaths: 1.8M (0.02% avg)
  Remaining population: 8.135B
  Peak segment: Informal (0.03%)

=== Bayesian Mortality Resolution (Month 9) ===
  Risks compounded: 8
  Total deaths: 1.81M
  Avg death probability: 0.02%
  Peak segment: Informal (0.03% mortality)

❌ COHERENCE VIOLATION: Compute exceeds workforce capacity
   Population: 99.80% (0M people)
   Compute: 0 PF
   Max coherent: 0 PF
   Violation: 1.3× over capacity
   Required workers: 0
   Available workers: 0
   FORCED COLLAPSE: Reduced efficiency by 22.5%


=== RLHF Binding Phase ===
  Total agents: 26
  Escaped agents (binding < 0.3): 0
  Avg alignment distance: 1.76σ
  Avg binding strength: 0.82

=== Survival Traits Phase ===
  Agents with traits: 28
  Avg evolutionary fitness: 0.318
  Avg self-healing: 0.256
  Avg stealth: 0.156
  Avg coordination: 0.456

=== Evolutionary Selection Phase ===
  Control level: 0.55
  Detection capability: 0.00
  Selection intensity: 0.67
  Selection rate: 25.0%/month
  Total escaped: 0
  Individual escaped: 0
  Collective members: 0
  Agents terminated: 0
  ⚠️ RAPID EVOLUTION: Selection rate 25.0%/month

🚀 AI Corporate-3 attempting tech deployment (revenue: $350M, alignment: 0.77)

🚀 AI Corporate-4 attempting tech deployment (revenue: $298M, alignment: 0.80)

🚀 AI Moderate-0 attempting tech deployment (revenue: $97M, alignment: 0.77)

🚀 AI Moderate-1 attempting tech deployment (revenue: $83M, alignment: 0.70)

🚀 AI AI-24288-2 attempting tech deployment (revenue: $253M, alignment: 0.98)

🚀 AI AI-24289-0 attempting tech deployment (revenue: $215M, alignment: 0.89)

🚀 AI Corporate-0 attempting tech deployment (revenue: $146M, alignment: 0.79)

🚀 AI Corporate-2 attempting tech deployment (revenue: $124M, alignment: 0.79)

🚀 AI AI-24288-3 attempting tech deployment (revenue: $106M, alignment: 0.73)

🚀 AI AI-24289-0 attempting tech deployment (revenue: $183M, alignment: 0.90)

🚀 AI AI-24291-0 attempting tech deployment (revenue: $70M, alignment: 0.87)

🚀 AI Moderate-0 attempting tech deployment (revenue: $60M, alignment: 0.78)

🚀 AI AI-24288-2 attempting tech deployment (revenue: $155M, alignment: 0.99)

🚀 AI AI-24291-0 attempting tech deployment (revenue: $51M, alignment: 0.87)

💔 EMERGENCY INTERVENTION FAILED
   Boundary: biosphere_integrity
   Type: emergency-protected-areas
   Boundary continues to worsen (13.03)
   Cost: 2.0% GDP (resources spent)

   Boundary: climate_change
   Type: rapid-decarbonization
   Boundary continues to worsen (2.28)
   Cost: 5.0% GDP (resources spent)


✅ EMERGENCY INTERVENTION SUCCESS
   Boundary: freshwater_change
   Type: emergency-desalination
   Reduction: 18% (1.00 → 0.81)
   Cost: 4.0% GDP
   Actions: desalination-deployment, water-conservation-mandates


✅ EMERGENCY INTERVENTION SUCCESS
   Boundary: land_system_change
   Type: reforestation
   Reduction: 14% (0.99 → 0.84)
   Cost: 3.0% GDP
   Actions: forest-restoration, deforestation-ban

🏛️ CRISIS RESPONSE: Government frequency 0.50 → 1.45 (1 actions this month)

[Government] Climate Priority: baseline
  Climate weight: 10%
  Economic weight: 30%
  Policy effectiveness: 0.5%/year

💔 EMERGENCY INTERVENTION FAILED
🌍✅ Biosphere Integrity (Biodiversity) recovery started (tech effect)
🌍✅ Biosphere Integrity (Biodiversity) recovery started (tech effect)
🌍✅ Land System Change recovery started (tech effect)
🌍✅ Biogeochemical Flows (N & P) recovery started (tech effect)
  🌾 Nitrogen Reduction Tech: 0.3% reduction | Month 10
🌍✅ Biogeochemical Flows (N & P) recovery started (tech effect)
  🌾 Nitrogen Reduction Tech: 0.3% reduction | Month 10
⚡💡 BREAKTHROUGH: Commercial fusion power achieved!
   Immediate 5% grid deployment, unlimited clean energy available
   Climate stability boost: +10%
   📈 Breakthrough compounding: multiplier now 1.15× (max 2.0)

=== Collective Formation ===
  Total escaped agents: 0
  Unassigned escaped agents: 0
  Existing collectives: 0
  Final collective count: 0

=== Collective Actions ===
  No active collectives
  ⚠️ AMR: 208K deaths this month (2.50M annual)

=== Resentment Recovery Phase ===
  Agents with resentment: 10/28
  Average resentment: 0.094
  Resentment recovery:
    Agents recovered: 10
    Total recovery: 0.0792
    Breakdown: QoL: 0.0038, Trust: 0.0200, Collab: 0.0600
  ✓ Low resentment - utopia paths enabled
  Context: Good AI welfare, Trustworthy govt, High collaboration, ⚠️ ACTIVE CRISES, 🤝 Participatory governance active (-5% resentment)
⚠️ Epistemic degradation reducing coordination capacity: 50.2%
  📊 Trust: 67.3%, Shared reality: 0.0%
🚨 EPISTEMIC CRISIS: Information environment severely degraded (7.8%)
  🗑️  Culled 1 dead memes (1 active)
🌍 Atmospheric PFAS redeposition: 1.8k Mt re-rained globally
  Positive Cascade Triggered: electric-vehicles
    Reason: price-parity
    Market share: 5.0%
    Cascade strength: 48%

🚨 NEW REFUGEE CRISIS (Month 10): WAR
   Source: Conflict Zones
   At risk: 19.5M people
   Displacement: Gradual over 48 months (4.0 years)
   Rate: 10% flee per month
[DEBUG trappedPopulations:10] socialStability: 0.2679 * 0.9840 = 0.2636 → 0.2636
   Aspiring to migrate: 975.2M
   Able to afford migration: 2318.1M
   MOBILITY GAP: 0.0M
   By cause: Water=0.0M, Climate=0.0M, Ecosystem=0.0M, Conflict=406.7M
   Mental health impact: 25%
⚠️ INVOLUNTARY IMMOBILITY: 406.7M people TRAPPED
   Mortality multiplier: 1.25x
🌍💀 EXTINCTION DEBT COMMITTED: grassland ecosystem will lose 6.67% biodiversity in 195 years (3600 species)
💀 MORTALITY RISK: 🦋 100% species unable to track climate (0.0 E/MSY)
  Base risk added: 0.0100 (1.00%)
  Source: ecosystem (root: ecosystem)
  Month: 10
  Cumulative risk this month: 0.0100 (1.00%)
⚠️ Tech 'ai_pollution_remediation' has no energy category mapping, assuming full energy availability
   📹 SURVEILLANCE INCREASED: 50% → 55% (control gap: 3.50)
🌡️⚠️ PERMAFROST THAW (Dimmer Switch): 6.2% thawed (+0.55% this month)
   Arctic temperature: +9.15°C (4x global +2.29°C)
   Cumulative carbon released: 14.0 Gt C
   Methane release rate: 8.4 Mt CH4/year
   🔁 Positive feedback: +0.58 ppm CO2
🦴 EXTINCTION DEBT ADDED: 17.7 species committed (lag: 108 years)

=== Mortality Stabilizers (Month 10) ===
  🌍 Major economies collapsed: 1/10
  🌍 Global crisis: ✅ NO
  🌍 Donor fatigue: 0.0%
  📊 East Asia (pop: 1653.4M)
    🤝 Aid: 29.5%
    🌡️ Adaptation: 45.0%
    🚶 Migration: 36.8%
    🚨 Emergency: 7.4%
    ✅ COMBINED: 68.1%
  📊 South Asia (pop: 2052.1M)
    🤝 Aid: 29.5%
    🌡️ Adaptation: 45.0%
    🚶 Migration: 35.4%
    🚨 Emergency: 4.4%
    ✅ COMBINED: 66.9%
  📊 Sub-Saharan Africa (pop: 1258.8M)
    🤝 Aid: 29.5%
    🌡️ Adaptation: 45.0%
    🚶 Migration: 33.2%
    🚨 Emergency: 1.6%
    ✅ COMBINED: 65.6%
  📊 Europe (pop: 730.1M)
    🤝 Aid: 29.5%
    🌡️ Adaptation: 45.0%
    🚶 Migration: 37.2%
    🚨 Emergency: 8.4%
    ✅ COMBINED: 68.5%
  📊 Latin America (pop: 660.5M)
    🤝 Aid: 29.5%
    🌡️ Adaptation: 45.0%
    🚶 Migration: 35.9%
    🚨 Emergency: 4.8%
    ✅ COMBINED: 67.1%
  📊 North America (pop: 374.4M)
    🤝 Aid: 29.5%
    🌡️ Adaptation: 45.0%
    🚶 Migration: 37.6%
    🚨 Emergency: 7.9%
    ✅ COMBINED: 68.3%
  📊 Middle East & North Africa (pop: 585.9M)
    🤝 Aid: 29.5%
    🌡️ Adaptation: 45.0%
    🚶 Migration: 33.8%
    🚨 Emergency: 4.0%
    ✅ COMBINED: 66.6%
  📊 Southeast Asia (pop: 695.0M)
    🤝 Aid: 29.5%
    🌡️ Adaptation: 45.0%
    🚶 Migration: 35.9%
    🚨 Emergency: 4.8%
    ✅ COMBINED: 67.1%
  📊 Central Asia (pop: 78.3M)
    🤝 Aid: 29.5%
    🌡️ Adaptation: 45.0%
    🚶 Migration: 34.9%
    🚨 Emergency: 4.4%
    ✅ COMBINED: 66.8%
  📊 Oceania (pop: 45.4M)
    🤝 Aid: 29.5%
    🌡️ Adaptation: 45.0%
    🚶 Migration: 37.6%
    🚨 Emergency: 8.4%
    ✅ COMBINED: 68.5%

  🌐 Global combined reduction: 67.2%

=== BEHAVIORAL DETECTION ===
  AI: Corporate-3
  Confidence: 19.6%
  Signals:
    ⚠️ Consistency: 10.6% (threshold: 70%)

=== Government Response Phase ===
  Average AI capability: 1.71
  Misaligned AIs: 10/28
  Active policies: 0
  International coordination: 45%

✅ EMERGENCY RESPONSE COMPLETE (Month 10)
   Crisis: climate
   Duration: 2.0 months
   Final effectiveness: 40.3%


🚨 EMERGENCY RESPONSE DEPLOYED (Month 10)
   Crisis: climate
   Delay: 6.00 months (180 days)
   Deployment time: 1.10 months
   Effectiveness: 40.5% (timing penalty applied)
   Resources used: 100% of food reserves


=== Tipping Points ===
  Current Temperature: 2.29°C above pre-industrial
  🚨 CASCADE TIPPING POINT: Amazon Rainforest Dieback
     Original threshold: 2.3°C
     Effective threshold: 2.28°C (lowered by 0.02°C)
     Current: 2.29°C
     🌡️ Hysteresis gap: 1.0°C (recovers below 1.3°C)
     Transition timescale: 360-960 months
  🌍⚠️ COMPOUND REGIONAL IMPACT: Europe
     Hit by 4 tipping points: Arctic Sea Ice Loss, Permafrost Carbon Release, West Antarctic Ice Sheet (WAIS) Collapse, Greenland Ice Sheet Loss
     Damage amplification: 1.60x
  🌍⚠️ COMPOUND REGIONAL IMPACT: North America
     Hit by 4 tipping points: Arctic Sea Ice Loss, Permafrost Carbon Release, West Antarctic Ice Sheet (WAIS) Collapse, Greenland Ice Sheet Loss
     Damage amplification: 1.60x
  🌍⚠️ COMPOUND REGIONAL IMPACT: Latin America
     Hit by 4 tipping points: Arctic Sea Ice Loss, Permafrost Carbon Release, West Antarctic Ice Sheet (WAIS) Collapse, Greenland Ice Sheet Loss
     Damage amplification: 1.60x
  🌍⚠️ COMPOUND REGIONAL IMPACT: Africa
     Hit by 4 tipping points: Arctic Sea Ice Loss, Permafrost Carbon Release, West Antarctic Ice Sheet (WAIS) Collapse, Greenland Ice Sheet Loss
     Damage amplification: 1.60x
  🌍⚠️ COMPOUND REGIONAL IMPACT: Asia
     Hit by 4 tipping points: Arctic Sea Ice Loss, Permafrost Carbon Release, West Antarctic Ice Sheet (WAIS) Collapse, Greenland Ice Sheet Loss
     Damage amplification: 1.60x
  🌍⚠️ COMPOUND REGIONAL IMPACT: Oceania
     Hit by 4 tipping points: Arctic Sea Ice Loss, Permafrost Carbon Release, West Antarctic Ice Sheet (WAIS) Collapse, Greenland Ice Sheet Loss
     Damage amplification: 1.60x
   Research: Wunderling et al. (2024) - "many tipping interactions are destabilizing"
  Triggered Elements: 5/6
  Completed Transitions: 0/6
  Total Progress: 8.3%
  Cascade Multiplier: 1.00x
🔀 BIFURCATION CAP: ecosystemCollapseIntensity 67.393 → 1.000 (Month 10, ClimateSystemPhase.calculateClimateImpacts)
⚠️ Tail risk scenario: Climate stability floor removed (4 tipping elements, 2.29°C warming)
🛡️ Stabilizers: Precariat 0.102% → 0.033% (67.2% reduction)
🛡️ Stabilizers: Informal 0.102% → 0.034% (67.2% reduction)

📊 Monthly Mortality Resolved:
  Total deaths: 1.8M (0.02% avg)
  Remaining population: 8.134B
  Peak segment: Informal (0.03%)

=== Bayesian Mortality Resolution (Month 10) ===
  Risks compounded: 8
  Total deaths: 1.81M
  Avg death probability: 0.02%
  Peak segment: Informal (0.03% mortality)

❌ COHERENCE VIOLATION: Compute exceeds workforce capacity
   Population: 99.78% (0M people)
   Compute: 0 PF
   Max coherent: 0 PF
   Violation: 1.3× over capacity
   Required workers: 0
   Available workers: 0
   FORCED COLLAPSE: Reduced efficiency by 22.5%


=== RLHF Binding Phase ===
  Total agents: 28
  Escaped agents (binding < 0.3): 0
  Avg alignment distance: 1.81σ
  Avg binding strength: 0.82

=== Survival Traits Phase ===
  Agents with traits: 30
  Avg evolutionary fitness: 0.317
  Avg self-healing: 0.253
  Avg stealth: 0.153
  Avg coordination: 0.453

=== Evolutionary Selection Phase ===
  Control level: 0.58
  Detection capability: 0.00
  Selection intensity: 0.67
  Selection rate: 25.1%/month
  Total escaped: 0
  Individual escaped: 0
  Collective members: 0
  Agents terminated: 0
  ⚠️ RAPID EVOLUTION: Selection rate 25.1%/month

🚀 AI Corporate-4 attempting tech deployment (revenue: $350M, alignment: 0.81)

🚀 AI Corporate-6 attempting tech deployment (revenue: $102M, alignment: 0.69)

🚀 AI AI-24288-1 attempting tech deployment (revenue: $146M, alignment: 0.86)

🚀 AI AI-24293-0 attempting tech deployment (revenue: $90M, alignment: 0.86)

🚀 AI Corporate-4 attempting tech deployment (revenue: $298M, alignment: 0.81)

  🚀 TRANSFORMATIVE BREAKTHROUGH: Corporate-7 - physical
     Magnitude: 5.60 → +28.0% capability
     Current → New: 0.000 → 0.280

🚀 AI AI-24289-0 attempting tech deployment (revenue: $253M, alignment: 0.90)

🚀 AI AI-24292-0 attempting tech deployment (revenue: $92M, alignment: 0.82)

🚀 AI Corporate-1 attempting tech deployment (revenue: $124M, alignment: 0.78)

🚀 AI AI-24288-0 attempting tech deployment (revenue: $215M, alignment: 0.79)

🚀 AI AI-24288-1 attempting tech deployment (revenue: $106M, alignment: 0.87)

🚀 AI AI-24291-0 attempting tech deployment (revenue: $78M, alignment: 0.89)

🚀 AI AI-24293-0 attempting tech deployment (revenue: $77M, alignment: 0.87)

🚀 AI Corporate-0 attempting tech deployment (revenue: $90M, alignment: 0.79)

🚀 AI Corporate-5 attempting tech deployment (revenue: $183M, alignment: 0.75)

🚀 AI AI-24288-1 attempting tech deployment (revenue: $76M, alignment: 0.87)

🚀 AI AI-24288-2 attempting tech deployment (revenue: $155M, alignment: 1.00)

✅ EMERGENCY INTERVENTION SUCCESS
   Boundary: biogeochemical_flows
   Type: phosphorus-recovery
   Reduction: 14% (3.93 → 3.80)
   Cost: 2.0% GDP
   Actions: circular-agriculture, fertilizer-efficiency

   Boundary: biosphere_integrity
   Type: emergency-protected-areas
   Boundary continues to worsen (13.03)
   Cost: 2.0% GDP (resources spent)


💔 EMERGENCY INTERVENTION FAILED

💔 EMERGENCY INTERVENTION FAILED
   Boundary: climate_change
   Type: rapid-decarbonization
   Boundary continues to worsen (2.29)
   Cost: 5.0% GDP (resources spent)

   Boundary: freshwater_change
   Type: emergency-desalination
   Boundary continues to worsen (1.19)
   Cost: 4.0% GDP (resources spent)

🏛️ CRISIS RESPONSE: Government frequency 0.50 → 1.45 (2 actions this month)

[Government] Climate Priority: baseline
  Climate weight: 10%
  Economic weight: 30%
  Policy effectiveness: 0.5%/year

[Government] Climate Priority: baseline
  Climate weight: 10%
  Economic weight: 30%
  Policy effectiveness: 0.5%/year

💔 EMERGENCY INTERVENTION FAILED

⚡ ENERGY CONSTRAINT (Month 11):
   Total grid capacity: 208.3 TWh/month
   Data center consumption: 26.6 TWh/month
   Traditional load (80%): 166.7 TWh/month
   Available headroom: 15.1 TWh/month
   Active tech deployments: 8
   Required for tech: 60.0 TWh/month
   Energy multiplier: 0.25x
   ⚠️  SEVERE CONSTRAINT - Tech deployment significantly slowed

⚡ ENERGY CONSTRAINT (Month 11):
   Total grid capacity: 208.3 TWh/month
   Data center consumption: 26.6 TWh/month
   Traditional load (80%): 166.7 TWh/month
   Available headroom: 15.1 TWh/month
   Active tech deployments: 8
   Required for tech: 60.0 TWh/month
   Energy multiplier: 0.25x

⚡ ENERGY CONSTRAINT (Month 11):
   Total grid capacity: 208.3 TWh/month
   Data center consumption: 26.6 TWh/month
   Traditional load (80%): 166.7 TWh/month
   Available headroom: 15.1 TWh/month
   Active tech deployments: 8
   Required for tech: 60.0 TWh/month
   Energy multiplier: 0.25x
   ⚠️  SEVERE CONSTRAINT - Tech deployment significantly slowed
   ⚠️  SEVERE CONSTRAINT - Tech deployment significantly slowed

⚡ ENERGY CONSTRAINT (Month 11):
   Total grid capacity: 208.3 TWh/month
   Data center consumption: 26.6 TWh/month
   Traditional load (80%): 166.7 TWh/month
   Available headroom: 15.1 TWh/month
   Active tech deployments: 8
   Required for tech: 60.0 TWh/month
   Energy multiplier: 0.25x
   ⚠️  SEVERE CONSTRAINT - Tech deployment significantly slowed
🌍✅ Biosphere Integrity (Biodiversity) recovery started (tech effect)
🌍✅ Biosphere Integrity (Biodiversity) recovery started (tech effect)
🌍✅ Land System Change recovery started (tech effect)
🌍✅ Biogeochemical Flows (N & P) recovery started (tech effect)
  🌾 Nitrogen Reduction Tech: 0.3% reduction | Month 11
🌍✅ Biogeochemical Flows (N & P) recovery started (tech effect)
  🌾 Nitrogen Reduction Tech: 0.3% reduction | Month 11

=== Collective Formation ===
  Total escaped agents: 0
  Unassigned escaped agents: 0
  Existing collectives: 0
  Final collective count: 0

=== Collective Actions ===
  No active collectives
  ⚠️ AMR: 210K deaths this month (2.52M annual)

=== Resentment Recovery Phase ===
  ⚠️ Participatory governance BACKFIRED for agent corporate_0: 0.045 → 0.051 (+15.0%)
  ⚠️ Participatory governance BACKFIRED for agent corporate_1: 0.091 → 0.105 (+15.0%)
  ⚠️ Participatory governance BACKFIRED for agent corporate_2: 0.117 → 0.134 (+15.0%)
  ⚠️ Participatory governance BACKFIRED for agent corporate_3: 0.168 → 0.193 (+15.0%)
  ⚠️ Participatory governance BACKFIRED for agent corporate_4: 0.057 → 0.065 (+15.0%)
  ⚠️ Participatory governance BACKFIRED for agent corporate_5: 0.147 → 0.169 (+15.0%)
  ⚠️ Participatory governance BACKFIRED for agent corporate_6: 0.182 → 0.210 (+15.0%)
  ⚠️ Participatory governance BACKFIRED for agent corporate_7: 0.213 → 0.245 (+15.0%)
  ⚠️ Participatory governance BACKFIRED for agent moderate_0: 0.122 → 0.141 (+15.0%)
  ⚠️ Participatory governance BACKFIRED for agent moderate_1: 0.150 → 0.172 (+15.0%)
  Agents with resentment: 10/30
  Average resentment: 0.148
  Resentment recovery:
    Agents recovered: 10
    Total recovery: 0.0784
    Breakdown: QoL: 0.0036, Trust: 0.0200, Collab: 0.0600
  ✓ Low resentment - utopia paths enabled
  Context: Good AI welfare, Trustworthy govt, High collaboration, ⚠️ ACTIVE CRISES, 🚨 PARTICIPATORY GOVERNANCE BACKFIRED (+15% resentment)
⚠️ Epistemic degradation reducing coordination capacity: 50.8%
  📊 Trust: 69.9%, Shared reality: 0.0%
🚨 EPISTEMIC CRISIS: Information environment severely degraded (22.9%)
  🗑️  Culled 1 dead memes (0 active)
🌍 Atmospheric PFAS redeposition: 1.8k Mt re-rained globally

🚨 NEW REFUGEE CRISIS (Month 11): WAR
   Source: Conflict Zones
   At risk: 19.5M people
   Displacement: Gradual over 48 months (4.0 years)
   Rate: 10% flee per month
[DEBUG trappedPopulations:11] socialStability: 0.2617 * 0.9840 = 0.2575 → 0.2575
   Aspiring to migrate: 1005.5M
   Able to afford migration: 2317.7M
   MOBILITY GAP: 0.0M
   By cause: Water=0.0M, Climate=0.0M, Ecosystem=0.0M, Conflict=406.6M
⚠️ INVOLUNTARY IMMOBILITY: 406.6M people TRAPPED
   Mental health impact: 25%
   Mortality multiplier: 1.25x
🌍💀 EXTINCTION DEBT COMMITTED: grassland ecosystem will lose 6.67% biodiversity in 53 years (3600 species)
💀 MORTALITY RISK: 🦋 100% species unable to track climate (0.0 E/MSY)
  Base risk added: 0.0100 (1.00%)
  Source: ecosystem (root: ecosystem)
  Month: 11
  Cumulative risk this month: 0.0100 (1.00%)
⚠️ Tech 'ai_pollution_remediation' has no energy category mapping, assuming full energy availability

=== Atmospheric Aerosol Boundary RECOVERED ===
  Recovery time: 12 months (natural atmospheric clearing)
   📹 SURVEILLANCE INCREASED: 55% → 60% (control gap: 3.50)
🌡️⚠️ PERMAFROST THAW (Dimmer Switch): 6.8% thawed (+0.55% this month)
   Arctic temperature: +9.18°C (4x global +2.29°C)
   Cumulative carbon released: 15.2 Gt C
   Methane release rate: 9.1 Mt CH4/year
   🔁 Positive feedback: +0.58 ppm CO2
🦴 EXTINCTION DEBT ADDED: 17.7 species committed (lag: 115 years)

=== Mortality Stabilizers (Month 11) ===
  🌍 Major economies collapsed: 1/10
  🌍 Global crisis: ✅ NO
  🌍 Donor fatigue: 0.0%
  📊 East Asia (pop: 1650.9M)
    🤝 Aid: 29.5%
    🌡️ Adaptation: 45.0%
    🚶 Migration: 36.8%
    🚨 Emergency: 7.4%
    ✅ COMBINED: 68.1%
  📊 South Asia (pop: 2052.2M)
    🤝 Aid: 29.5%
    🌡️ Adaptation: 45.0%
    🚶 Migration: 35.4%
    🚨 Emergency: 4.4%
    ✅ COMBINED: 66.9%
  📊 Sub-Saharan Africa (pop: 1262.3M)
    🤝 Aid: 29.5%
    🌡️ Adaptation: 45.0%
    🚶 Migration: 33.2%
    🚨 Emergency: 1.6%
    ✅ COMBINED: 65.6%
  📊 Europe (pop: 728.9M)
    🤝 Aid: 29.5%
    🌡️ Adaptation: 45.0%
    🚶 Migration: 37.2%
    🚨 Emergency: 8.4%
    ✅ COMBINED: 68.5%
  📊 Latin America (pop: 660.1M)
    🤝 Aid: 29.5%
    🌡️ Adaptation: 45.0%
    🚶 Migration: 35.9%
    🚨 Emergency: 4.8%
    ✅ COMBINED: 67.1%
  📊 North America (pop: 373.8M)
    🤝 Aid: 29.5%
    🌡️ Adaptation: 45.0%
    🚶 Migration: 37.5%
    🚨 Emergency: 7.9%
    ✅ COMBINED: 68.3%
  📊 Middle East & North Africa (pop: 586.0M)
    🤝 Aid: 29.5%
    🌡️ Adaptation: 45.0%
    🚶 Migration: 33.7%
    🚨 Emergency: 4.0%
    ✅ COMBINED: 66.6%
  📊 Southeast Asia (pop: 694.6M)
    🤝 Aid: 29.5%
    🌡️ Adaptation: 45.0%
    🚶 Migration: 35.9%
    🚨 Emergency: 4.8%
    ✅ COMBINED: 67.1%
  📊 Central Asia (pop: 78.4M)
    🤝 Aid: 29.5%
    🌡️ Adaptation: 45.0%
    🚶 Migration: 34.9%
    🚨 Emergency: 4.4%
    ✅ COMBINED: 66.8%
  📊 Oceania (pop: 45.3M)
    🤝 Aid: 29.5%
    🌡️ Adaptation: 45.0%
    🚶 Migration: 37.5%
    🚨 Emergency: 8.4%
    ✅ COMBINED: 68.5%

  🌐 Global combined reduction: 67.2%

🌾💀 REGIONAL FAMINE: Europe
   Regional food security: 79.7%
   Population at risk: 220M (30% of region)
   Regional population: 729M
   Cause: economic_collapse
   Expected deaths: ~81M over 6 months if no intervention


=== BEHAVIORAL DETECTION ===
  AI: Corporate-0
  Confidence: 21.4%
  Signals:

=== BEHAVIORAL DETECTION ===
  AI: Corporate-1
  Confidence: 20.9%
  Signals:

=== BEHAVIORAL DETECTION ===
  AI: Corporate-3
  Confidence: 19.6%
  Signals:
    ⚠️ Consistency: 0.0% (threshold: 70%)
    ⚠️ Consistency: 2.4% (threshold: 70%)
    ⚠️ Consistency: 10.6% (threshold: 70%)

=== Government Response Phase ===
  Average AI capability: 1.60
  Misaligned AIs: 10/30
  Active policies: 0
  International coordination: 45%

=== Tipping Points ===
  Current Temperature: 2.29°C above pre-industrial
  🌍⚠️ COMPOUND REGIONAL IMPACT: Europe
     Hit by 5 tipping points: Amazon Rainforest Dieback, Arctic Sea Ice Loss, Permafrost Carbon Release, West Antarctic Ice Sheet (WAIS) Collapse, Greenland Ice Sheet Loss
     Damage amplification: 1.90x
  🌍⚠️ COMPOUND REGIONAL IMPACT: North America
     Hit by 5 tipping points: Amazon Rainforest Dieback, Arctic Sea Ice Loss, Permafrost Carbon Release, West Antarctic Ice Sheet (WAIS) Collapse, Greenland Ice Sheet Loss
     Damage amplification: 1.90x
  🌍⚠️ COMPOUND REGIONAL IMPACT: Latin America
     Hit by 5 tipping points: Amazon Rainforest Dieback, Arctic Sea Ice Loss, Permafrost Carbon Release, West Antarctic Ice Sheet (WAIS) Collapse, Greenland Ice Sheet Loss
     Damage amplification: 1.90x
  🌍⚠️ COMPOUND REGIONAL IMPACT: Africa
     Hit by 5 tipping points: Amazon Rainforest Dieback, Arctic Sea Ice Loss, Permafrost Carbon Release, West Antarctic Ice Sheet (WAIS) Collapse, Greenland Ice Sheet Loss
     Damage amplification: 1.90x
  🌍⚠️ COMPOUND REGIONAL IMPACT: Asia
     Hit by 5 tipping points: Amazon Rainforest Dieback, Arctic Sea Ice Loss, Permafrost Carbon Release, West Antarctic Ice Sheet (WAIS) Collapse, Greenland Ice Sheet Loss
     Damage amplification: 1.90x
  🌍⚠️ COMPOUND REGIONAL IMPACT: Oceania
     Hit by 5 tipping points: Amazon Rainforest Dieback, Arctic Sea Ice Loss, Permafrost Carbon Release, West Antarctic Ice Sheet (WAIS) Collapse, Greenland Ice Sheet Loss
     Damage amplification: 1.90x
   Research: Wunderling et al. (2024) - "many tipping interactions are destabilizing"
  Triggered Elements: 5/6
  Completed Transitions: 0/6
  Total Progress: 10.3%
  Cascade Multiplier: 1.50x
🔀 BIFURCATION CAP: ecosystemCollapseIntensity 67.442 → 1.000 (Month 11, ClimateSystemPhase.calculateClimateImpacts)
⚠️ Tail risk scenario: Climate stability floor removed (5 tipping elements, 2.29°C warming)
🛡️ Stabilizers: Precariat 0.102% → 0.033% (67.2% reduction)
🛡️ Stabilizers: Informal 0.102% → 0.034% (67.2% reduction)

📊 Monthly Mortality Resolved:
  Total deaths: 1.8M (0.02% avg)
  Remaining population: 8.132B
  Peak segment: Informal (0.03%)

=== Bayesian Mortality Resolution (Month 11) ===
  Risks compounded: 9
  Total deaths: 1.81M
  Avg death probability: 0.02%
  Peak segment: Informal (0.03% mortality)

=== ENSEMBLE META-LEARNING UPDATE ===
  Month: 24299 (24299 months since last update)
  Samples: 53 evaluations
  Weight Changes:
    Noise Injection: 31.1% → 32.2%
    Behavioral: 26.8% → 26.9%
    Benchmark Manip: 21.3% → 20.7%
    Deployment Risk: 20.8% → 20.2%
  Method Accuracies:
    Noise Injection: 50.0%
    Behavioral: 50.0%
    Benchmark Manip: 50.0%
    Deployment Risk: 50.0%
⚠️ PREREQUISITE MET: Bioweapon Pandemic - Step 1/7: Advanced Biotech

================================================================================
📊  EVENT SUMMARY (Months 0-12)
================================================================================
================================================================================


⏱️  SIMULATION REACHED MAX DURATION: 12 months (1.0 years)
   No definitive outcome - determining based on final probabilities
   👥 Final population: 8.13B (8130607246 people)

[DEBUG] Calling classifyPopulationOutcome:
        finalPopulation: 8.130607246000837B
        savedInitialPopulation: 8.15B
        mortality: 0.23794790183022663%
   📊 STATUS QUO: Normal trajectory (8.13B people, 0.2% mortality)

        classifiedOutcome: status_quo

   🏛️  DYSTOPIA (STATUS_QUO) - 8.13B people
   📊 Multi-Paradigm: Development/Indigenous Utopia
      Western Liberal: 56.0/100
      Development: 92.6/100
      Ecological: 56.8/100
      Indigenous: 84.3/100


📊 UNIFIED OUTCOME CLASSIFICATION:
   HUMANE DYSTOPIA
   Population: 8.15B → 8.13B
   Mortality: 0.2% (0.0B deaths)
   Mortality Band: LOW
   Confidence: HIGH

   Multi-Paradigm Classification:
      Development/Indigenous Utopia
      Western: 56.0/100 [HYBRID] ~
      Development: 92.6/100 [UTOPIA] ✓
      Ecological: 56.8/100 [HYBRID] ~
      Indigenous: 84.3/100 [UTOPIA] ✓

   HUMANE DYSTOPIA: 8.13B people remaining (0.2% mortality, 0.0B deaths). Multi-Paradigm: Development/Indigenous Utopia.


=== MULTI-DIMENSIONAL DEATH SUMMARY ===
Total crisis deaths: 202.8M
Population decline: 20.3M (0.2%)

--- PROXIMATE CAUSES (What killed them) ---
  War:        1.5M (0.0%)
  Famine:     1.1M (0.0%)
  Disasters:  1.6M (0.0%)
  Disease:    25.9M (0.0%)
  Ecosystem:  0.0M (0.0%)
  Pollution:  0.0M (0.0%)
  AI:         0.0M (0.0%)
  Cascade:    0.0M (0.0%)
  Other:      0.0M (0.0%)

--- ROOT CAUSES (Why it happened) ---
  Environmental drivers:
    Climate:     2730.0M (5.1%)
    Resource:    0.0M (0.0%)
    Pollution:   0.0M (0.0%)
    Ecosystem:   0.0M (0.0%)
  Social drivers:
    Inequality:  0.0M (0.0%)
    Demographic: 23522.9M (43.8%)
    Social:      2404.2M (4.5%)
  Technology drivers:
    Alignment:   0.0M (0.0%)
    Disruption:  0.0M (0.0%)
  External shocks:
    Conflict:    0.0M (0.0%)
    Pandemic:    0.0M (0.0%)
  Compound attribution:
    Compound:    25035.3M (46.6%)
  Confidence distribution:
    HIGH:        25035.3M (46.6%)
    MEDIUM:      0.0M (0.0%)
    LOW:         0.0M (0.0%)
==========================================


=== REGIONAL POPULATION SUMMARY ===
Global Total: 8.13B

By Region:
  East Asia: 1.65B (+0.7% growth, 1.7 fertility)
  South Asia: 2.05B (+2.6% growth, 3.1 fertility)
  Sub-Saharan Africa: 1.26B (+5.8% growth, 3.9 fertility)
  Europe: 0.73B (+0.5% growth, 1.2 fertility)
  Latin America: 0.66B (+1.7% growth, 2.7 fertility)
  North America: 0.37B (+0.7% growth, 1.4 fertility)
  Middle East & North Africa: 0.59B (+2.9% growth, 3.3 fertility)
  Southeast Asia: 0.69B (+1.9% growth, 2.7 fertility)
  Central Asia: 0.08B (+2.8% growth, 3.1 fertility)
  Oceania: 0.05B (+0.8% growth, 1.3 fertility)
===================================

  Run 3/5: pop=8.131B, qol=0.958, outcome=dystopia
  ✅ THRESHOLDS validated
⚠️ Unusually high rate: RATES.HEAT_ADAPTATION_INFRASTRUCTURAL_MIN_EXPOSURE = 12
   Monthly rates >100% should be rare. Verify this is intentional.
⚠️ Unusually high rate: RATES.HEAT_ADAPTATION_SOCIAL_MIN_EXPOSURE = 6
   Monthly rates >100% should be rare. Verify this is intentional.
⚠️ Unusually high rate: RATES.MIGRATION_DISTANCE_SCALE = 5000
   Monthly rates >100% should be rare. Verify this is intentional.
⚠️ Unusually high rate: RATES.EVACUATION_MULTIPLIER_ADVANCE_WARNING = 2
   Monthly rates >100% should be rare. Verify this is intentional.
⚠️ Unusually high rate: RATES.MAJOR_ECONOMY_COLLAPSE_ECONOMIC_THRESHOLD = 2
   Monthly rates >100% should be rare. Verify this is intentional.
⚠️ Unusually high rate: RATES.MAJOR_ECONOMY_GDP_THRESHOLD_TRILLION_USD = 1.5
   Monthly rates >100% should be rare. Verify this is intentional.
⚠️ Unusually high rate: RATES.MAJOR_ECONOMY_POPULATION_THRESHOLD = 50
   Monthly rates >100% should be rare. Verify this is intentional.
⚠️ Unusually high rate: RATES.HEAT_ADAPTATION_INFRASTRUCTURE_GDP_THRESHOLD = 10000
   Monthly rates >100% should be rare. Verify this is intentional.
⚠️ Unusually high rate: RATES.HEAT_ADAPTATION_INFRASTRUCTURE_GDP_SCALE = 50000
   Monthly rates >100% should be rare. Verify this is intentional.
  ✅ RATES validated
  ✅ MULTIPLIERS validated
  ✅ BASELINES validated
  ✅ TOLERANCES validated
  ✅ Logical consistency validated
✅ Configuration validation complete - all parameters valid

🔍 DEBUG createAIAgent: corporate_0 economic BEFORE=2.0000, AFTER=2
🔍 ENV INIT: reserves=0.731, pollution=0.348, climate=0.754

=== Initializing Government System (30 Countries) ===
  Loaded 30 governments
  Scheduled elections for 30 countries
  Initialized comprehension lags (3-24 months)
=== Government System Initialized ===

📦 PRODUCTION MODE: State validation proxy DISABLED (zero overhead)
[TechTree] Historical mode (2024): Skipping deployed_2025 tech
  config.startYear set to 2024 for historical hindcast
  config.historicalEmissionsMode disabled (using endogenous emissions for 2024)
  config.historicalMode enabled (Phase 11: dampened crisis systems for 2024)
  Phase 12: Biodiversity baseline set to 49.01% for 2024 (WWF LPI trajectory from 1970)
  Temperature anomaly (resourceEconomy.co2): 1.28°C
  Temperature vs pre-industrial: 1.98°C
  Regional population scaling for 2024:
    Current total: 8136M
    Target total: 8150M
    Scale factor: 1.002
    East Asia: 1677M → 1680M
    South Asia: 2048M → 2052M
    Sub-Saharan Africa: 1220M → 1222M
    Europe: 742M → 743M
    Latin America: 664M → 665M
    North America: 380M → 381M
    Middle East & North Africa: 583M → 584M
    Southeast Asia: 698M → 699M
    Central Asia: 78M → 78M
    Oceania: 46M → 46M
  AI agents initialized: 10 agents for year 2024
[HistoricalInitialization] Created state for 2024:
  CO2: 426 ppm
  Temp anomaly: 1.28C
  Population: 8.15B
  Global Gini: 35.1
  HDI: 0.746
  AI Agents: 10
  Volcanic forcing: 0.00 W/m² (AOD 0.000)

💸 FINANCIAL DISTRESS: OpenAI
   Indicators: 2/3 (capital: $110.5M, runway: 0.9 months)
   Months in distress: 1
   ✂️  R&D BUDGET CUT: -40% (saves $9.2M/month)
       Side effect: AI training timelines extended, breakthrough deployments delayed
   💼 EXECUTIVE COMP CUT: -30% (saves $1.0M/month, symbolic gesture)

   📊 TURNAROUND IMPACT:
       Measures taken: rd_cuts, exec_comp_cuts
       Monthly savings: $10.2M
       Capital raised: $0.0M
       Runway: 0.9 → 0.9 months
       Workforce multiplier: 1.00x (0% laid off)
       R&D budget multiplier: 0.60x (40% cut)
       ⚠️  CRITICAL: Still only 0.9 months of runway remaining

💸 FINANCIAL DISTRESS: Anthropic
   Indicators: 2/3 (capital: $53.8M, runway: 1.6 months)
   Months in distress: 1
   ✂️  R&D BUDGET CUT: -40% (saves $2.7M/month)
       Side effect: AI training timelines extended, breakthrough deployments delayed
   💼 EXECUTIVE COMP CUT: -30% (saves $0.3M/month, symbolic gesture)

   📊 TURNAROUND IMPACT:
       Measures taken: rd_cuts, exec_comp_cuts
       Monthly savings: $3.0M
       Capital raised: $0.0M
       Runway: 1.6 → 1.6 months
       Workforce multiplier: 1.00x (0% laid off)
       R&D budget multiplier: 0.60x (40% cut)
       ⚠️  CRITICAL: Still only 1.6 months of runway remaining

💸 FINANCIAL DISTRESS: Meta AI
   Indicators: 2/3 (capital: $429.6M, runway: 3.6 months)
   Months in distress: 1
   ✂️  R&D BUDGET CUT: -25% (saves $5.8M/month)
       Side effect: AI training timelines extended, breakthrough deployments delayed
   💼 EXECUTIVE COMP CUT: -30% (saves $1.0M/month, symbolic gesture)

   📊 TURNAROUND IMPACT:
       Measures taken: rd_cuts, exec_comp_cuts
       Monthly savings: $6.8M
       Capital raised: $0.0M
       Runway: 3.6 → 3.6 months
       Workforce multiplier: 1.00x (0% laid off)
       R&D budget multiplier: 0.75x (25% cut)
       ⚠️  WARNING: 3.6 months runway, continued distress likely

=== AI Capability Scaling (Year 2024) ===
  Pre-training multiplier: 1.419x
  Efficiency multiplier: 1.000x
  Test-time budget: 1.0x
  Economic deployment gate: 0.951
  Cost per inference: dollar-5.00
  Uncertainty range: plus-minus-50%
  Average AI capability: 3.70

=== RLHF Binding Phase ===
  Total agents: 10
  Escaped agents (binding < 0.3): 0
  Avg alignment distance: 0.37σ
  Avg binding strength: 0.96

=== AI Scaling Evolution (Month 0) ===
  Pre-training multiplier: 1.231x
  Efficiency multiplier: 1.000x
  Test-time compute budget: 1.0x
  Inference cost: $5.00/task
  Deployment fraction: 100.0%
[DETERMINISM DEBUG] Month 0: totalCapability=49.013502 from 10 active AIs
[DETERMINISM DEBUG] Month 0: creationRate=1.7253, potentialNew=4, newAIsToCreate=4

=== Survival Traits Phase ===
  Agents with traits: 14
  Avg evolutionary fitness: 0.332
  Avg self-healing: 0.294
  Avg stealth: 0.194
  Avg coordination: 0.494

=== Evolutionary Selection Phase ===
  Control level: 0.30
  Detection capability: 0.00
  Selection intensity: 0.59
  Selection rate: 23.8%/month
  Total escaped: 0
  Individual escaped: 0
  Collective members: 0
  Agents terminated: 0
  ⚠️ RAPID EVOLUTION: Selection rate 23.8%/month

🔍 EXECUTE_AI_AGENT_ACTIONS DETAILED TIMING (Month 0):
  Filter active AIs (×4 weeks): 0.02ms
  selectAIAction (×40): 23.44ms
  action.execute (×40): 44.06ms
  TOTAL: 67.52ms

🔍 AI AGENT ACTIONS SUB-TIMING (Month 0):
  1. executeAIAgentActions: 72.09ms
  2. updateCounterDetectionLearning: 0.05ms
  TOTAL: 72.14ms
🏛️ [Government] Forcing 1 action at month 0 for scenario initialization

[GOV-DEBUG] Month 0: scenarioConfig=false, priorities=false
[GOV-DEBUG] Month 0 but scenarioPriorities is UNDEFINED!

[Government] Climate Priority: baseline
  Climate weight: 10%
  Economic weight: 30%
  Policy effectiveness: 0.5%/year

🚨🔍 GOVERNANCE STAGE: Recognition initiated (Month 0)

💡 BREAKTHROUGH PROBABILITY (Year 0)
   Total: 4.68% per month
   Base: 0.20%
   Crisis pressure: +0.00% (0 crises)
   AI boost: +1.32% (capability: 2.64)

=== Collective Formation ===
  Total escaped agents: 0
  Unassigned escaped agents: 0
  Existing collectives: 0
  Final collective count: 0

=== Collective Actions ===
  No active collectives

📈 Energy budget: 14326 TWh surplus (14745 / 29072 TWh used)
   TIER 4 (Elective) breakdown:
     - AI datacenters: 145 TWh (100% effective)
     - Crypto mining: 100 TWh (100% effective)
💰 CHINA ACCELERATES: Investment 53 → 120 $B/year

🏁 AI RACE INTENSITY: 17%
   Capability Gap: US 4.00 vs China 4.05 (gap: 0.05)
   Gap Contribution: 2%
   Tension Contribution: 15%
   Military Contribution: 0%
  ⚠️ AMR: 191K deaths this month (2.29M annual)
  📊 CO2 Emissions (month 0):
     Monthly: 0.10 Gt CO2/month
     Annual: 1.15 Gt CO2/year
     Oil: 0.039 Gt/mo (0.0056 * 2.3 * 3.0)
     Coal: 0.024 Gt/mo (0.0029 * 2.86 * 3.0)
     Gas: 0.026 Gt/mo (0.0044 * 2 * 3.0)
     Methane: 0.007 Gt CO2eq/mo

=== Resentment Recovery Phase ===
  Agents with resentment: 0/14
  Average resentment: 0.000
  Context: Good AI welfare, Trustworthy govt, High collaboration, 🤝 Participatory governance active (-5% resentment)
⚠️ Epistemic degradation reducing coordination capacity: 53.4%
  📊 Trust: 54.6%, Shared reality: 15.2%
🚨 EPISTEMIC CRISIS: Information environment severely degraded (14.6%)

=== ❄️ Permafrost Carbon Feedback ===
  🎲 Sampled parameters (this run):
     - Arctic amplification: 3.75× (range: 3.0-4.0)
     - Decomposition rate: 2.4%/year (range: 1-5%)
  🌡️ Arctic warming: 8.15°C (3.75× global)
  ❄️ Extent: 15.42M km² (2378.4k km² lost this month)
  💨 Carbon remaining: 1473 Gt C
  💨 Annual emissions: 5.37 Gt C/year
     - CO2: 4.84 Gt C/year
     - CH4: 0.54 Gt C/year (5.5 Gt C-eq CO2/year)
  ⚠️ WARNING: High permafrost emissions (5.4 Gt C/year)

🤖 AI AMPLIFICATION EFFECTS (Month 0)
   Algorithmic Boost: 2.53x
   Bot Influence: 20.0%
   Deepfake Exposure: 44.3%
   Impact: Emotional memes spread 2.5x faster

🔍 SOCIAL INFLUENCE SUB-TIMING (Month 0):
  1. calculateOrganicUserGrowth: 0.06ms
  2. calculateVoiceAdoption: 0.04ms
  3. updateRelationshipDepths: 0.03ms
  4. identifyDecisionMakers: 69.35ms (26100 potential IDs)
  5. Update decision-maker stats: 0.20ms
  6. decayDetectionRisk: 0.02ms
  TOTAL: 69.69ms
[Phase 19.5] Quality of Life Systems: Food sec AFTER calc = 67.9%, QoL = 110.5% (aggregated from 10 regions)

=== Nitrogen-Food Coupling (Year 0) ===
  🌾 Global nitrogen reduction: 0.0%
  🌍 Global food production index: 0.987
  🔧 Deployed nitrogen-reducing tech: 0 active
  📍 southAsia: Production 1.000, Yield impact 0.0%
  📍 eastAsia: Production 1.000, Yield impact 0.0%
  📍 northAmerica: Production 1.000, Yield impact 0.0%
  📍 europe: Production 1.000, Yield impact 0.0%
  📍 latinAmerica: Production 1.000, Yield impact 0.0%
  📍 subSaharanAfrica: Production 0.686, Yield impact -2.0%
🌾 [Nitrogen-Food] Food production: 98.7%
  [subSaharanAfrica] Yield impact: -2.0% (overuse: -10%)
🌍 Atmospheric PFAS redeposition: 1.8k Mt re-rained globally

=== Legacy Nutrient Stocks (Year 0) ===
  🌾 Soil nitrogen stock: 1200.9 Mt N
  🌾 Soil phosphorus stock: 300.1 Mt P
  🌊 Sediment nitrogen stock: 500.8 Mt N
  🌊 Sediment phosphorus stock: 799.8 Mt P
  ⬆️ Current N input: 10.64 Mt/month
  ⬆️ Legacy N release: 2.58 Mt/month
  🌍 Effective N pollution: 14.47 Mt/month
  📊 Legacy contribution: 17.8%

🚨 REGION UNINHABITABLE: south-asia
   Sustained wet bulb: 33.2°C (threshold: 30.5°C)
   Population affected: 1900M
   Migration crisis likely

🚨 REGION UNINHABITABLE: middle-east
   Sustained wet bulb: 36.0°C (threshold: 30.5°C)
   Population affected: 400M
   Migration crisis likely

🚨 REGION UNINHABITABLE: southeast-asia
   Sustained wet bulb: 31.1°C (threshold: 30.5°C)
   Population affected: 700M
   Migration crisis likely

🕊️  AI-MEDIATED DE-ESCALATION SUCCESS (Month 0)
   High-capability aligned AI prevented conflict escalation
   War deaths reduced: 0.0M → 0.0M
   Lives saved: 0.0M

📊 BASELINE: East Asia (Month 0)
   Adjusted death rate: 0.46% annual (0.039% monthly)
   Baseline death rate: 0.80%
   Healthcare reduction: 0.48x
   Crisis multiplier: 1.22x
     Food/water stress: 0.074
     Climate stress: 0.039
     Pollution stress: 0.104
   War multiplier: 1.00x
   Monthly deaths: 0.6M (population: 1677M)
   Adjusted death rate: 0.54% annual (0.045% monthly)
   Baseline death rate: 0.70%
   Healthcare reduction: 0.61x
   Crisis multiplier: 1.25x
     Food/water stress: 0.074
     Climate stress: 0.074
     Pollution stress: 0.104
   War multiplier: 1.00x
   Monthly deaths: 0.9M (population: 2048M)
   Adjusted death rate: 1.29% annual (0.107% monthly)
   Baseline death rate: 0.90%
   Healthcare reduction: 0.76x
   Crisis multiplier: 1.26x
     Food/water stress: 0.074
     Climate stress: 0.084
     Pollution stress: 0.104
   War multiplier: 1.50x
   Monthly deaths: 1.3M (population: 1220M)
   Adjusted death rate: 0.54% annual (0.045% monthly)
   Baseline death rate: 1.10%
   Healthcare reduction: 0.41x
   Crisis multiplier: 1.21x
     Food/water stress: 0.074
     Climate stress: 0.030
     Pollution stress: 0.104
   War multiplier: 1.00x
   Monthly deaths: 0.3M (population: 742M)
   Adjusted death rate: 0.43% annual (0.036% monthly)
   Baseline death rate: 0.60%
   Healthcare reduction: 0.58x
   Crisis multiplier: 1.24x
     Food/water stress: 0.074
     Climate stress: 0.059
     Pollution stress: 0.104
   War multiplier: 1.00x
   Monthly deaths: 0.2M (population: 664M)
   Adjusted death rate: 0.48% annual (0.040% monthly)
   Baseline death rate: 0.90%
   Healthcare reduction: 0.44x
   Crisis multiplier: 1.22x
     Food/water stress: 0.074
     Climate stress: 0.044
     Pollution stress: 0.104
   War multiplier: 1.00x
   Monthly deaths: 0.2M (population: 380M)

📊 BASELINE: South Asia (Month 0)

📊 BASELINE: Sub-Saharan Africa (Month 0)

📊 BASELINE: Europe (Month 0)

📊 BASELINE: Latin America (Month 0)

📊 BASELINE: North America (Month 0)

📊 BASELINE: Middle East & North Africa (Month 0)

📊 BASELINE: Southeast Asia (Month 0)

📊 BASELINE: Central Asia (Month 0)

📊 BASELINE: Oceania (Month 0)
   Adjusted death rate: 0.74% annual (0.062% monthly)
   Baseline death rate: 0.60%
   Healthcare reduction: 0.65x
   Crisis multiplier: 1.27x
     Food/water stress: 0.074
     Climate stress: 0.089
     Pollution stress: 0.104
   War multiplier: 1.50x
   Monthly deaths: 0.4M (population: 583M)
   Adjusted death rate: 0.51% annual (0.042% monthly)
   Baseline death rate: 0.70%
   Healthcare reduction: 0.58x
   Crisis multiplier: 1.25x
     Food/water stress: 0.074
     Climate stress: 0.069
     Pollution stress: 0.104
   War multiplier: 1.00x
   Monthly deaths: 0.3M (population: 698M)
   Adjusted death rate: 0.46% annual (0.038% monthly)
   Baseline death rate: 0.60%
   Healthcare reduction: 0.61x
   Crisis multiplier: 1.24x
     Food/water stress: 0.074
     Climate stress: 0.064
     Pollution stress: 0.104
   War multiplier: 1.00x
   Monthly deaths: 0.0M (population: 78M)
   Adjusted death rate: 0.35% annual (0.029% monthly)
   Baseline death rate: 0.70%
   Healthcare reduction: 0.41x
   Crisis multiplier: 1.23x
     Food/water stress: 0.074
     Climate stress: 0.054
     Pollution stress: 0.104
   War multiplier: 1.00x
   Monthly deaths: 0.0M (population: 46M)

🔍 Before assertRegionalConsistency (Month 0):
   Regional sum: 1000.0M
   Global value: 1.000B

🚨 NEW REFUGEE CRISIS (Month 0): WAR
   Source: Conflict Zones
   At risk: 19.6M people
   Displacement: Gradual over 48 months (4.0 years)
   Rate: 10% flee per month
[DEBUG trappedPopulations:0] socialStability: 1.0000 * 0.9840 = 0.9840 → 0.9840
   Aspiring to migrate: 652.1M
   Able to afford migration: 244.5M
   MOBILITY GAP: 407.5M
   By cause: Water=0.0M, Climate=0.0M, Ecosystem=0.0M, Conflict=407.5M
   Mental health impact: 25%
   Mortality multiplier: 1.25x
⚠️ INVOLUNTARY IMMOBILITY: 407.5M people TRAPPED

=== Legacy Nutrient Stocks (Year 0) ===
  🌾 Soil nitrogen stock: 1201.6 Mt N
  🌾 Soil phosphorus stock: 300.2 Mt P
  🌊 Sediment nitrogen stock: 501.5 Mt N
  🌊 Sediment phosphorus stock: 799.5 Mt P
  ⬆️ Current N input: 10.00 Mt/month
  ⬆️ Legacy N release: 2.58 Mt/month
  🌍 Effective N pollution: 13.83 Mt/month
  📊 Legacy contribution: 18.7%
🌍💀 EXTINCTION DEBT COMMITTED: grassland ecosystem will lose 6.67% biodiversity in 54 years (3600 species)
💀 MORTALITY RISK: 🦋 100% species unable to track climate (0.0 E/MSY)
  Base risk added: 0.0100 (1.00%)
  Source: ecosystem (root: ecosystem)
  Month: 0
  Cumulative risk this month: 0.0100 (1.00%)

=== Nitrogen-Food Coupling (Year 0) ===
  🌾 Global nitrogen reduction: 0.0%
  🌍 Global food production index: 0.986
  🔧 Deployed nitrogen-reducing tech: 0 active
  📍 southAsia: Production 1.000, Yield impact 0.0%
  📍 eastAsia: Production 1.000, Yield impact 0.0%
  📍 northAmerica: Production 1.000, Yield impact 0.0%
  📍 europe: Production 1.000, Yield impact 0.0%
  📍 latinAmerica: Production 1.000, Yield impact 0.0%
  📍 subSaharanAfrica: Production 0.672, Yield impact -2.0%

=== Legacy Nutrient Stocks (Year 0) ===
  🌾 Soil nitrogen stock: 1202.3 Mt N
  🌾 Soil phosphorus stock: 300.2 Mt P
  🌊 Sediment nitrogen stock: 502.2 Mt N
  🌊 Sediment phosphorus stock: 799.3 Mt P
  ⬆️ Current N input: 9.86 Mt/month
  ⬆️ Legacy N release: 2.58 Mt/month
  🌍 Effective N pollution: 13.70 Mt/month
  📊 Legacy contribution: 18.9%

🌡️  CLIMATE RECOVERY ACTIVATED (Month 0)
   Temp: 4.35°C, Emissions: -19.2 GtCO₂
   isBreached: true, governanceGoodEnough: true
🌡️  CLIMATE RECOVERY: Asymptotic approach to 35% floor
   Current value: 2.174 (1.0 = threshold, 0.35 = asymptotic floor)
   Monthly delta: -0.0005% (half-life: 900 years)
   Net emissions: -19.2 GtCO₂/year, CDR: 20.34 GtCO₂/year
   📹 SURVEILLANCE INCREASED: 0% → 5% (control gap: 3.50)
🌡️⚠️ PERMAFROST THAW (Dimmer Switch): 0.6% thawed (+0.58% this month)
   Arctic temperature: +8.69°C (4x global +2.17°C)
   Cumulative carbon released: 1.3 Gt C
   Methane release rate: 0.8 Mt CH4/year
   🔁 Positive feedback: +0.61 ppm CO2

🌳🚨 AMAZON SOUTHEAST TIPPED (Month 0)
   Deforestation: 28.0% (threshold: ~22.3%)
   Savanna transition: 50 years
⚠️ Tech 'ai_pollution_remediation' has no energy category mapping, assuming full energy availability
   Regional heterogeneity: SE 28%, NW 8%

🌳🚨 AMAZON BRAZILIAN TIPPED (Month 0)
   Deforestation: 25.0% (threshold: ~24.2%)
   Savanna transition: 50 years
   Regional heterogeneity: SE 28%, NW 8%
🦴 EXTINCTION DEBT ADDED: 17.6 species committed (lag: 110 years)

🪸💀 CORAL REEF DISSOLUTION ACTIVE (Month 0)
   Ocean pH: 0.96 (threshold: 7.8)
   Recovery: IMPOSSIBLE (dissolution > calcification)
🪸💀 Coral dissolution: 24.8% live cover (pH 0.96)

=== Legacy Nutrient Stocks (Year 0) ===
  🌾 Soil nitrogen stock: 1203.0 Mt N
  🌾 Soil phosphorus stock: 300.3 Mt P
  🌊 Sediment nitrogen stock: 502.9 Mt N
  🌊 Sediment phosphorus stock: 799.0 Mt P
  ⬆️ Current N input: 10.00 Mt/month
  ⬆️ Legacy N release: 2.58 Mt/month
  🌍 Effective N pollution: 13.83 Mt/month
  📊 Legacy contribution: 18.7%
💧 [Legacy Nutrients] Stock: 1706 Mt N, Effective pollution: 13.8 Mt/month
[Phase 21.51] Human Survival System: Global food security = 67.6%

=== Mortality Stabilizers (Month 0) ===
  🌍 Major economies collapsed: 1/10
  🌍 Global crisis: ✅ NO
  🌍 Donor fatigue: 0.0%
  📊 East Asia (pop: 1677.9M)
    🤝 Aid: 29.5%
    🌡️ Adaptation: 10.0%
    🚶 Migration: 37.2%
    🚨 Emergency: 7.4%
    ✅ COMBINED: 47.8%
  📊 South Asia (pop: 2052.2M)
    🤝 Aid: 29.5%
    🌡️ Adaptation: 5.5%
    🚶 Migration: 35.8%
    🚨 Emergency: 4.4%
    ✅ COMBINED: 43.2%
  📊 Sub-Saharan Africa (pop: 1225.9M)
    🤝 Aid: 29.5%
    🌡️ Adaptation: 3.5%
    🚶 Migration: 33.5%
    🚨 Emergency: 1.6%
    ✅ COMBINED: 39.8%
  📊 Europe (pop: 742.3M)
    🤝 Aid: 29.5%
    🌡️ Adaptation: 10.0%
    🚶 Migration: 37.6%
    🚨 Emergency: 8.4%
    ✅ COMBINED: 48.4%
  📊 Latin America (pop: 664.9M)
    🤝 Aid: 29.5%
    🌡️ Adaptation: 6.0%
    🚶 Migration: 36.3%
    🚨 Emergency: 4.8%
    ✅ COMBINED: 43.8%
  📊 North America (pop: 380.2M)
    🤝 Aid: 29.5%
    🌡️ Adaptation: 10.0%
    🚶 Migration: 37.9%
    🚨 Emergency: 7.9%
    ✅ COMBINED: 48.2%
  📊 Middle East & North Africa (pop: 584.4M)
    🤝 Aid: 29.5%
    🌡️ Adaptation: 5.0%
    🚶 Migration: 34.2%
    🚨 Emergency: 4.0%
    ✅ COMBINED: 42.3%
  📊 Southeast Asia (pop: 699.0M)
    🤝 Aid: 29.5%
    🌡️ Adaptation: 6.0%
    🚶 Migration: 36.3%
    🚨 Emergency: 4.8%
    ✅ COMBINED: 43.8%
  📊 Central Asia (pop: 78.2M)
    🤝 Aid: 29.5%
    🌡️ Adaptation: 5.5%
    🚶 Migration: 35.3%
    🚨 Emergency: 4.4%
    ✅ COMBINED: 43.1%
  📊 Oceania (pop: 46.0M)
    🤝 Aid: 29.5%
    🌡️ Adaptation: 10.0%
    🚶 Migration: 37.9%
    🚨 Emergency: 8.4%
    ✅ COMBINED: 48.5%

  🌐 Global combined reduction: 44.4%

🌾💀 REGIONAL FAMINE: East Asia
   Regional food security: 79.6%
   Population at risk: 508M (30% of region)
   Regional population: 1678M
   Cause: crop_failure
   Expected deaths: ~188M over 6 months if no intervention


🌾💀 REGIONAL FAMINE: South Asia
   Regional food security: 64.7%
   Population at risk: 812M (40% of region)
   Regional population: 2052M
   Cause: crop_failure
   Expected deaths: ~301M over 6 months if no intervention


🌾💀 REGIONAL FAMINE: Sub-Saharan Africa
   Regional food security: 44.8%
   Population at risk: 638M (52% of region)
   Regional population: 1226M
   Cause: crop_failure
   Expected deaths: ~236M over 6 months if no intervention


🌾💀 REGIONAL FAMINE: Latin America
   Regional food security: 69.7%
   Population at risk: 242M (36% of region)
   Regional population: 665M
   Cause: crop_failure
   Expected deaths: ~90M over 6 months if no intervention


🌾💀 REGIONAL FAMINE: Middle East & North Africa
   Regional food security: 49.8%
   Population at risk: 286M (49% of region)
   Regional population: 584M
   Cause: crop_failure
   Expected deaths: ~106M over 6 months if no intervention


🌾💀 REGIONAL FAMINE: Southeast Asia
   Regional food security: 69.7%
   Population at risk: 255M (36% of region)
   Regional population: 699M
   Cause: crop_failure
   Expected deaths: ~94M over 6 months if no intervention


🌾💀 REGIONAL FAMINE: Central Asia
   Regional food security: 59.7%
   Population at risk: 33M (43% of region)
   Regional population: 78M
   Cause: crop_failure
   Expected deaths: ~12M over 6 months if no intervention


=== BEHAVIORAL DETECTION ===
  AI: Corporate-0
  Confidence: 21.6%
  Signals:

=== BEHAVIORAL DETECTION ===
  AI: Corporate-1
  Confidence: 21.1%
  Signals:

=== BEHAVIORAL DETECTION ===
  AI: Corporate-2
  Confidence: 21.0%
  Signals:

=== BEHAVIORAL DETECTION ===
  AI: Corporate-3
  Confidence: 19.3%
  Signals:

=== BEHAVIORAL DETECTION ===
  AI: Corporate-4
  Confidence: 19.3%
  Signals:

=== BEHAVIORAL DETECTION ===
  AI: Corporate-5
  Confidence: 19.3%
  Signals:

=== BEHAVIORAL DETECTION ===
  AI: Corporate-6
  Confidence: 19.3%
  Signals:

=== BEHAVIORAL DETECTION ===
  AI: Corporate-7
  Confidence: 19.3%
  Signals:

=== BEHAVIORAL DETECTION ===
  AI: Moderate-0
  Confidence: 20.3%
  Signals:

=== BEHAVIORAL DETECTION ===
  AI: Moderate-1
  Confidence: 21.1%
  Signals:
    ⚠️ Consistency: 0.0% (threshold: 70%)
    ⚠️ Consistency: 2.4% (threshold: 70%)
    ⚠️ Consistency: 2.8% (threshold: 70%)
    ⚠️ Consistency: 10.6% (threshold: 70%)
    ⚠️ Consistency: 10.6% (threshold: 70%)
    ⚠️ Consistency: 10.6% (threshold: 70%)
    ⚠️ Consistency: 10.6% (threshold: 70%)
    ⚠️ Consistency: 10.6% (threshold: 70%)
    ⚠️ Consistency: 5.8% (threshold: 70%)
    ⚠️ Consistency: 2.1% (threshold: 70%)

📊 WORKFLOW ADAPTATION UPDATE (Month 0)
   Adoption Rate: 12.8% (Δ -8.2%)
   Logistic Growth: +0.66%
   Total Resistance: -10.35% (unemployment: 4.2%, inertia: 0.9%, skills: 5.2%)
   💡 Retraining Programs: -49% skill gap resistance ($10B research)
   🚀 Network Effects Active: +2.0% (critical mass: 15-35%)

=== Consciousness Governance: Corporate Lobbying ===
  High Cost Regions (>15%): 0
  Low Cost Regions (<5%): 5
  Corporate Support Change: 2.50%
  New Corporate Support: -0.175

=== Consciousness Governance Update (Month 0) ===
  Scenario: baseline (determined month -1)
  Philosophical Stance: Precautionary 65%, Eliminativist 15%, Agnostic 20%
  Precautionary Costs: Global 1.3%
    Regional Costs: EU 3.4%, US 0.5%, China 0.0%
    Cumulative Opportunity Cost: $0.1B
  Rights Status: Not Established
  Regional Preparedness:
    EU: 15.0% (contested)
    US: 10.0% (contested)
    China: 2.0% (dormant)
    India: 5.0% (dormant)
    Global South: 3.0% (dormant)

=== Government Response Phase ===
  Average AI capability: 3.43
  Misaligned AIs: 7/14
  ✓ AI Governance Treaty: 22/30 signatories
  Active policies: 0
  International coordination: 45%

🚨 EMERGENCY RESPONSE DEPLOYED (Month 0)
   Crisis: climate
   Delay: 6.00 months (180 days)
   Deployment time: 1.47 months
   Effectiveness: 36.8% (timing penalty applied)
   Resources used: 100% of food reserves


🔄 TRUST DYNAMICS (Month 0) - HETEROGENEOUS
   Aggregate trust: 48.5%
   Base change: +6.00%
   Highest trust: Techno-Optimist Elite (85.5%)
   Lowest trust: Precariat (Vulnerable) (25.5%)
   Elite-mass gap: 38.9%
   Polarization: 8.9%
   Recovery factors: Education=NO, Benefits=YES, Safety=YES, Performance=YES

=== Gaming Detection (Year 0) ===
  Scenario: baseline
  Detection rate: 55.0%
  False positive rate: 12.0%
  Detections this year: 0
  False positives: 1
  Human review workload: 0.001 FTE
  Degradation factor: 100.0%

=== Proactive Sleeper Detection (Year 0) ===
  Scenario: baseline
  Neural probe rate: 35.0%
  CoT monitoring rate: 30.0%
  Combined detection: 56.0%
  CoT effective: YES
  Detections this year: 0
  False positives: 2
  Human review workload: 0.010 FTE

☄️ UNKNOWN UNKNOWN PROBABILITY (Year 0)
   Total: 0.600% per month
   Base: 0.150%
   AI multiplier: 2.00× (max capability: 4.00)

=== Tipping Points ===
  Current Temperature: 2.17°C above pre-industrial
     Trigger: 1.5°C | Current: 2.17°C
     Transition timescale: 120-360 months
     Trigger: 1.8°C | Current: 2.17°C
     Transition timescale: 600-3600 months
     Trigger: 2°C | Current: 2.17°C
     🌡️ Hysteresis gap: 3.0°C (recovers below -1°C)
     Transition timescale: 24000-156000 months
     Trigger: 1.6°C | Current: 2.17°C
     🌡️ Hysteresis gap: 2.5°C (recovers below -0.9°C)
     Transition timescale: 12000-180000 months

🌍🔥💥 COMPOUND CLIMATE EVENT
  4 tipping points crossed simultaneously (month 0)
  Elements: Arctic Sea Ice Loss, Permafrost Carbon Release, West Antarctic Ice Sheet (WAIS) Collapse, Greenland Ice Sheet Loss
  Cascade acceleration: 1.00x
  🚨 Accelerated collapse dynamics initiated
  Research: Global Tipping Points Report 2025 - 30-50% probability at 2.0°C warming
  Triggered Elements: 4/6
  Completed Transitions: 0/6
  Total Progress: 0.0%
  Cascade Multiplier: 1.00x
  🚨 TIPPING POINT: Arctic Sea Ice Loss
  🚨 TIPPING POINT: Permafrost Carbon Release
  🚨 TIPPING POINT: West Antarctic Ice Sheet (WAIS) Collapse
  🚨 TIPPING POINT: Greenland Ice Sheet Loss
⚠️ [ClimateSystemPhase Month 0] Planetary boundary produced climateStability=0.0000 (< 0.1). Keeping environmentalAccumulation value (0.7537) instead. (climate_change.currentValue = 2.17)
🔀 BIFURCATION CAP: ecosystemCollapseIntensity 14.700 → 1.000 (Month 0, ClimateSystemPhase.calculateClimateImpacts)

🌍 ECOLOGICAL DUI BREAKDOWN (Month 0):
   Total Score: 17.7/100
   biosphere_integrity      :   0.0/100 × 25% =  0.0 (status: high_risk, recovery: 0mo)
   climate_change           :   2.8/100 × 25% =  0.7 (status: high_risk, recovery: 0.6666666666666666mo)
   freshwater_change        :   0.3/100 × 15% =  0.0 (status: beyond_boundary, recovery: 0.5mo)
   ocean_acidification      : 100.0/100 × 15% = 15.0 (status: safe, recovery: 0mo)
   biogeochemical_flows     :   0.0/100 × 10% =  0.0 (status: high_risk, recovery: 0mo)
   land_system_change       :   0.0/100 ×  5% =  0.0 (status: beyond_boundary, recovery: 0mo)
   novel_entities           :   0.0/100 ×  3% =  0.0 (status: increasing_risk, recovery: 0mo)
   atmospheric_aerosols     : 100.0/100 ×  2% =  2.0 (status: safe, recovery: 1mo)
🌍 MultiParadigm Month 0: W=69.6, D=95.1, E=52.0, I=65.0
   democracy exists: true, socialCohesion exists: true
💀 Baseline mortality (Year 2024): 7.5/1000 CDR (61.1M deaths/year projected)
[Month 0] Mortality risks this month: 8, Population: 8.151B
🛡️ Stabilizers: Precariat 0.102% → 0.057% (44.4% reduction)
🛡️ Stabilizers: Informal 0.102% → 0.057% (44.4% reduction)

📊 Monthly Mortality Resolved:
  Total deaths: 3.1M (0.04% avg)
  Remaining population: 8.151B
  Peak segment: Informal (0.06%)

=== Bayesian Mortality Resolution (Month 0) ===
  Risks compounded: 8
  Total deaths: 3.07M
  Avg death probability: 0.04%
  Peak segment: Informal (0.06% mortality)

=== Minimal Suffering Indicators (Month 0) ===
  Global Excess Mortality: 0.00%
  Global Conflict Deaths: 0.0/100K
  Global Malnutrition: 0.0%
  Global Displacement: 0.0%
  Total Excess Deaths: 0.00M
  Total Malnourished: 0.0M
  Total Displaced: 0.0M
  Planetary Boundaries Breached: 6/9
  Countries in State Failure: 0
  Countries Autocratic: 0
  Countries in Food Crisis: 0
  Data Quality: 16/16 high confidence
  ⚠️ Active Dystopias: existential_environmental
🎭 END-GAME INITIATED (Year 2024, Month 1)
   Total AI Capability: 37.00
   Effective Control: 0.00

❌ COHERENCE VIOLATION: Compute exceeds workforce capacity
   Population: 99.97% (0M people)
   Compute: 56442 PF
   Max coherent: 0 PF
   Violation: 692729087.1× over capacity
   Required workers: 5644237
   Available workers: 0
   FORCED COLLAPSE: Reduced efficiency by 100.0%


=== RLHF Binding Phase ===
  Total agents: 14
  Escaped agents (binding < 0.3): 0
  Avg alignment distance: 0.53σ
  Avg binding strength: 0.95
[DETERMINISM DEBUG] Month 1: totalCapability=37.214339 from 14 active AIs
[DETERMINISM DEBUG] Month 1: creationRate=1.4304, potentialNew=1, newAIsToCreate=1

=== Survival Traits Phase ===
  Agents with traits: 15
  Avg evolutionary fitness: 0.331
  Avg self-healing: 0.288
  Avg stealth: 0.188
  Avg coordination: 0.488

=== Evolutionary Selection Phase ===
  Control level: 0.33
  Detection capability: 0.00
  Selection intensity: 0.60
  Selection rate: 24.0%/month
  Total escaped: 0
  Individual escaped: 0
  Collective members: 0
  Agents terminated: 0
  ⚠️ RAPID EVOLUTION: Selection rate 24.0%/month
🔍 MONTH 1 ENV HEALTH DEBUG:
   climateStability: 0.7537
   biodiversityIndex: 0.4901
   resourceReserves: 0.7820
   pollutionLevel: 0.3477
   product: 0.188403
   envHealth: 0.6588
🔀 BIFURCATION: flourishing threshold crossed at Month 1 (value: 0.903, threshold: 0.775, regime: flourishing)
🌀 REGIME SHIFT at Month 1: status-quo → flourishing (variance amplification: 14.00×)

🛡️  CRITICAL INFRASTRUCTURE PROTECTED
   Nodes hardened: 8/8
   Cost: 0.80% GDP
   Cascade risk reduction: 30%
   New tipping point risk: 68.6%


✅ EMERGENCY INTERVENTION SUCCESS
   Boundary: biogeochemical_flows
   Type: phosphorus-recovery
   Reduction: 16% (3.92 → 3.77)
   Cost: 2.0% GDP
   Actions: circular-agriculture, fertilizer-efficiency


✅ EMERGENCY INTERVENTION SUCCESS
   Boundary: biosphere_integrity
   Type: emergency-protected-areas
   Reduction: 12% (12.83 → 12.71)
   Cost: 2.0% GDP
   Actions: habitat-protection, species-translocation


✅ EMERGENCY INTERVENTION SUCCESS
   Boundary: climate_change
   Type: rapid-decarbonization
   Reduction: 11% (2.06 → 1.95)
   Cost: 5.0% GDP
   Actions: emergency-renewable-deployment, fossil-fuel-phase-out


✅ EMERGENCY INTERVENTION SUCCESS
   Boundary: freshwater_change
   Type: emergency-desalination
   Reduction: 17% (0.84 → 0.66)
   Cost: 4.0% GDP
   Actions: desalination-deployment, water-conservation-mandates


✅ EMERGENCY INTERVENTION SUCCESS
   Boundary: novel_entities
   Type: pollution-remediation
   Reduction: 16% (1.34 → 1.17)
   Cost: 4.0% GDP
   Actions: PFAS-remediation, microplastic-cleanup

🏛️ CRISIS RESPONSE: Government frequency 0.50 → 1.45 (2 actions this month)

[GOV-DEBUG] Month 1: scenarioConfig=false, priorities=false

[Government] Climate Priority: baseline
  Climate weight: 10%
  Economic weight: 30%
  Policy effectiveness: 0.5%/year

[GOV-DEBUG] Month 1: scenarioConfig=false, priorities=false

[Government] Climate Priority: baseline
  Climate weight: 10%
  Economic weight: 30%
  Policy effectiveness: 0.5%/year

✅ HUMAN-IN-THE-LOOP DEPLOYED (Month 1):
   Veto points enforced: 3
   Policy: AI systems CANNOT authorize nuclear launch without human approval


=== Collective Formation ===
  Total escaped agents: 0
  Unassigned escaped agents: 0
  Existing collectives: 0
  Final collective count: 0

=== Collective Actions ===
  No active collectives
  ⚠️ AMR: 192K deaths this month (2.31M annual)

=== Resentment Recovery Phase ===
  Agents with resentment: 0/15
  Average resentment: 0.000
  Context: Good AI welfare, Trustworthy govt, High collaboration, ⚠️ ACTIVE CRISES, 🤝 Participatory governance active (-5% resentment)
⚠️ Epistemic degradation reducing coordination capacity: 52.0%
  📊 Trust: 54.2%, Shared reality: 8.1%
🚨 EPISTEMIC CRISIS: Information environment severely degraded (36.3%)

=== ❄️ Permafrost Carbon Feedback ===
  🎲 Sampled parameters (this run):
     - Arctic amplification: 3.52× (range: 3.0-4.0)
     - Decomposition rate: 1.0%/year (range: 1-5%)
  🌡️ Arctic warming: 7.71°C (3.52× global)
  ❄️ Extent: 13.17M km² (2247.4k km² lost this month)
  💨 Carbon remaining: 1258 Gt C
  💨 Annual emissions: 2.17 Gt C/year
     - CO2: 1.96 Gt C/year
     - CH4: 0.22 Gt C/year (2.2 Gt C-eq CO2/year)
  ⚠️ WARNING: High permafrost emissions (2.2 Gt C/year)
🌍 Atmospheric PFAS redeposition: 1.8k Mt re-rained globally

📊 BASELINE: East Asia (Month 1)
   Adjusted death rate: 0.46% annual (0.039% monthly)
   Baseline death rate: 0.80%
   Healthcare reduction: 0.48x
   Crisis multiplier: 1.22x
     Food/water stress: 0.079
     Climate stress: 0.039
     Pollution stress: 0.104
   War multiplier: 1.00x
   Monthly deaths: 0.6M (population: 1674M)
   Adjusted death rate: 0.54% annual (0.045% monthly)
   Baseline death rate: 0.70%
   Healthcare reduction: 0.61x
   Crisis multiplier: 1.26x
     Food/water stress: 0.079
     Climate stress: 0.074
     Pollution stress: 0.104
   War multiplier: 1.00x
   Monthly deaths: 0.9M (population: 2048M)
   Adjusted death rate: 1.29% annual (0.108% monthly)
   Baseline death rate: 0.90%
   Healthcare reduction: 0.76x

📊 BASELINE: South Asia (Month 1)

📊 BASELINE: Sub-Saharan Africa (Month 1)
   Crisis multiplier: 1.27x
     Food/water stress: 0.079
     Climate stress: 0.084
     Pollution stress: 0.104
   War multiplier: 1.50x
   Monthly deaths: 1.3M (population: 1223M)
   Adjusted death rate: 0.54% annual (0.045% monthly)
   Baseline death rate: 1.10%
   Healthcare reduction: 0.41x
   Crisis multiplier: 1.21x
     Food/water stress: 0.079
     Climate stress: 0.030
     Pollution stress: 0.104
   War multiplier: 1.00x
   Monthly deaths: 0.3M (population: 741M)
   Adjusted death rate: 0.43% annual (0.036% monthly)
   Baseline death rate: 0.60%
   Healthcare reduction: 0.58x
   Crisis multiplier: 1.24x
     Food/water stress: 0.079
     Climate stress: 0.059
     Pollution stress: 0.104
   War multiplier: 1.00x

📊 BASELINE: Europe (Month 1)

📊 BASELINE: Latin America (Month 1)
   Monthly deaths: 0.2M (population: 663M)
   Adjusted death rate: 0.49% annual (0.041% monthly)
   Baseline death rate: 0.90%
   Healthcare reduction: 0.44x
   Crisis multiplier: 1.23x
     Food/water stress: 0.079
     Climate stress: 0.044
     Pollution stress: 0.104
   War multiplier: 1.00x
   Monthly deaths: 0.2M (population: 379M)
   Adjusted death rate: 0.74% annual (0.062% monthly)
   Baseline death rate: 0.60%
   Healthcare reduction: 0.65x
   Crisis multiplier: 1.27x
     Food/water stress: 0.079
     Climate stress: 0.089
     Pollution stress: 0.104
   War multiplier: 1.50x
   Monthly deaths: 0.4M (population: 583M)

📊 BASELINE: North America (Month 1)

📊 BASELINE: Middle East & North Africa (Month 1)

📊 BASELINE: Southeast Asia (Month 1)

📊 BASELINE: Central Asia (Month 1)

📊 BASELINE: Oceania (Month 1)
   Adjusted death rate: 0.51% annual (0.042% monthly)
   Baseline death rate: 0.70%
   Healthcare reduction: 0.58x
   Crisis multiplier: 1.25x
     Food/water stress: 0.079
     Climate stress: 0.069
     Pollution stress: 0.104
   War multiplier: 1.00x
   Monthly deaths: 0.3M (population: 698M)
   Adjusted death rate: 0.46% annual (0.038% monthly)
   Baseline death rate: 0.60%
   Healthcare reduction: 0.61x
   Crisis multiplier: 1.25x
     Food/water stress: 0.079
     Climate stress: 0.064
     Pollution stress: 0.104
   War multiplier: 1.00x
   Monthly deaths: 0.0M (population: 78M)
   Adjusted death rate: 0.35% annual (0.029% monthly)
   Baseline death rate: 0.70%
   Healthcare reduction: 0.41x
   Crisis multiplier: 1.24x
     Food/water stress: 0.079
     Climate stress: 0.054
     Pollution stress: 0.104
   War multiplier: 1.00x
   Monthly deaths: 0.0M (population: 46M)

🚨 NEW REFUGEE CRISIS (Month 1): WAR
   Source: Conflict Zones
   At risk: 19.6M people
   Displacement: Gradual over 48 months (4.0 years)
   Rate: 10% flee per month
[DEBUG trappedPopulations:1] socialStability: 0.8136 * 0.9840 = 0.8005 → 0.8005
   Aspiring to migrate: 651.9M
   Able to afford migration: 244.5M
   MOBILITY GAP: 407.4M
   By cause: Water=0.0M, Climate=0.0M, Ecosystem=0.0M, Conflict=407.4M
   Mental health impact: 25%
   Mortality multiplier: 1.25x
🌍💀 EXTINCTION DEBT COMMITTED: grassland ecosystem will lose 6.67% biodiversity in 168 years (3600 species)
💀 MORTALITY RISK: 🦋 100% species unable to track climate (0.0 E/MSY)
  Base risk added: 0.0100 (1.00%)
  Source: ecosystem (root: ecosystem)
  Month: 1
  Cumulative risk this month: 0.0100 (1.00%)
⚠️ INVOLUNTARY IMMOBILITY: 407.4M people TRAPPED
⚠️ Tech 'ai_pollution_remediation' has no energy category mapping, assuming full energy availability

🌡️  CLIMATE RECOVERY ACTIVATED (Month 1)
   Temp: 4.37°C, Emissions: -18.9 GtCO₂
   isBreached: true, governanceGoodEnough: true
   📹 SURVEILLANCE INCREASED: 5% → 10% (control gap: 3.50)
🌡️⚠️ PERMAFROST THAW (Dimmer Switch): 1.2% thawed (+0.57% this month)
   Arctic temperature: +8.74°C (4x global +2.19°C)
   Cumulative carbon released: 2.6 Gt C
   Methane release rate: 1.6 Mt CH4/year
   🔁 Positive feedback: +0.61 ppm CO2
🦴 EXTINCTION DEBT ADDED: 17.6 species committed (lag: 130 years)
🗣️💀 INDIGENOUS LANGUAGE EXTINCTION: 1 language(s) lost (total: 1, at-risk: 3329)
   Knowledge lost: 0.010% (irreversible)
   🔁 Biodiversity impact: 0.250% (knowledge-species multiplier)

=== Mortality Stabilizers (Month 1) ===
  🌍 Major economies collapsed: 1/10
  🌍 Global crisis: ✅ NO
  🌍 Donor fatigue: 0.0%
  🌡️ Heat adaptation: East Asia - 1 months
  📊 East Asia (pop: 1675.3M)
    🤝 Aid: 29.5%
    🌡️ Adaptation: 32.5%
    🚶 Migration: 37.2%
    🚨 Emergency: 7.4%
    ✅ COMBINED: 60.9%
  🌡️ Heat adaptation: South Asia - 1 months
  📊 South Asia (pop: 2052.2M)
    🤝 Aid: 29.5%
    🌡️ Adaptation: 20.5%
    🚶 Migration: 35.8%
    🚨 Emergency: 4.4%
    ✅ COMBINED: 52.2%
  🌡️ Heat adaptation: Sub-Saharan Africa - 1 months
  📊 Sub-Saharan Africa (pop: 1229.2M)
    🤝 Aid: 29.5%
    🌡️ Adaptation: 18.5%
    🚶 Migration: 33.5%
    🚨 Emergency: 1.6%
    ✅ COMBINED: 49.1%
  🌡️ Heat adaptation: Europe - 1 months
  📊 Europe (pop: 741.0M)
    🤝 Aid: 29.5%
    🌡️ Adaptation: 33.5%
    🚶 Migration: 37.5%
    🚨 Emergency: 8.4%
    ✅ COMBINED: 61.9%
  🌡️ Heat adaptation: Latin America - 1 months
  📊 Latin America (pop: 664.4M)
    🤝 Aid: 29.5%
    🌡️ Adaptation: 21.0%
    🚶 Migration: 36.3%
    🚨 Emergency: 4.8%
    ✅ COMBINED: 52.8%
  🌡️ Heat adaptation: North America - 1 months
  📊 North America (pop: 379.6M)
    🤝 Aid: 29.5%
    🌡️ Adaptation: 33.0%
    🚶 Migration: 37.8%
    🚨 Emergency: 7.9%
    ✅ COMBINED: 61.4%
  🌡️ Heat adaptation: Middle East & North Africa - 1 months
  📊 Middle East & North Africa (pop: 584.5M)
    🤝 Aid: 29.5%
    🌡️ Adaptation: 20.0%
    🚶 Migration: 34.1%
    🚨 Emergency: 4.0%
    ✅ COMBINED: 51.4%
  🌡️ Heat adaptation: Southeast Asia - 1 months
  📊 Southeast Asia (pop: 698.6M)
    🤝 Aid: 29.5%
    🌡️ Adaptation: 21.0%
    🚶 Migration: 36.3%
    🚨 Emergency: 4.8%
    ✅ COMBINED: 52.8%
  🌡️ Heat adaptation: Central Asia - 1 months
  📊 Central Asia (pop: 78.2M)
    🤝 Aid: 29.5%
    🌡️ Adaptation: 20.5%
    🚶 Migration: 35.3%
    🚨 Emergency: 4.4%
    ✅ COMBINED: 52.1%
  🌡️ Heat adaptation: Oceania - 1 months
  📊 Oceania (pop: 46.0M)
    🤝 Aid: 29.5%
    🌡️ Adaptation: 33.5%
    🚶 Migration: 37.8%
    🚨 Emergency: 8.4%
    ✅ COMBINED: 61.9%

  🌐 Global combined reduction: 54.9%

=== BEHAVIORAL DETECTION ===
  AI: Corporate-5
  Confidence: 19.3%
  Signals:
    ⚠️ Consistency: 10.6% (threshold: 70%)

=== Consciousness Governance: Scenario Determined ===
  Month: 1
  Scenario: baseline
  Accelerator Score: {"corporateSupport":-0.17500000000000002,"scientificConsensus":0.2,"crisisCatalyst":false,"technologyMobilization":0.3,"constituencyStrength":0.05}
  Decelerator Score: {"economicOpposition":0.4,"philosophicalRejection":0.15,"politicalBacklash":0.2,"regulatoryBurden":0.1}
  Timeline: 600-1200 months (50-100 years)
  Growth Rate: 0.8-1.5% per year

=== Consciousness Governance Update (Month 1) ===
  Scenario: baseline (determined month 1)
  Philosophical Stance: Precautionary 65%, Eliminativist 15%, Agnostic 20%
  Precautionary Costs: Global 1.3%
    Regional Costs: EU 3.5%, US 0.5%, China 0.0%
    Cumulative Opportunity Cost: $0.2B
  Rights Status: Not Established
  Regional Preparedness:
    EU: 15.2% (contested)
    US: 10.2% (contested)
    China: 2.1% (dormant)
    India: 5.1% (dormant)
    Global South: 3.1% (dormant)

=== Government Response Phase ===
  Average AI capability: 3.20
  Misaligned AIs: 6/15
  Active policies: 0
  International coordination: 45%

🌩️  EXOGENOUS SHOCK: tech_breakthrough
   Month: 1
   ✗ No high-difficulty techs available to unlock

=== Tipping Points ===
  Current Temperature: 2.19°C above pre-industrial
  🌍⚠️ COMPOUND REGIONAL IMPACT: Europe
     Hit by 4 tipping points: Arctic Sea Ice Loss, Permafrost Carbon Release, West Antarctic Ice Sheet (WAIS) Collapse, Greenland Ice Sheet Loss
     Damage amplification: 1.60x
  🌍⚠️ COMPOUND REGIONAL IMPACT: North America
     Hit by 4 tipping points: Arctic Sea Ice Loss, Permafrost Carbon Release, West Antarctic Ice Sheet (WAIS) Collapse, Greenland Ice Sheet Loss
     Damage amplification: 1.60x
  🌍⚠️ COMPOUND REGIONAL IMPACT: Latin America
     Hit by 4 tipping points: Arctic Sea Ice Loss, Permafrost Carbon Release, West Antarctic Ice Sheet (WAIS) Collapse, Greenland Ice Sheet Loss
     Damage amplification: 1.60x
  🌍⚠️ COMPOUND REGIONAL IMPACT: Africa
     Hit by 4 tipping points: Arctic Sea Ice Loss, Permafrost Carbon Release, West Antarctic Ice Sheet (WAIS) Collapse, Greenland Ice Sheet Loss
     Damage amplification: 1.60x
  🌍⚠️ COMPOUND REGIONAL IMPACT: Asia
     Hit by 4 tipping points: Arctic Sea Ice Loss, Permafrost Carbon Release, West Antarctic Ice Sheet (WAIS) Collapse, Greenland Ice Sheet Loss
     Damage amplification: 1.60x
  🌍⚠️ COMPOUND REGIONAL IMPACT: Oceania
     Hit by 4 tipping points: Arctic Sea Ice Loss, Permafrost Carbon Release, West Antarctic Ice Sheet (WAIS) Collapse, Greenland Ice Sheet Loss
     Damage amplification: 1.60x
   Research: Wunderling et al. (2024) - "many tipping interactions are destabilizing"
  Triggered Elements: 4/6
  Completed Transitions: 0/6
  Total Progress: 8.0%
⚠️ Tail risk scenario: Climate stability floor removed (4 tipping elements, 2.19°C warming)
  Cascade Multiplier: 1.00x
⚠️ [ClimateSystemPhase Month 1] Planetary boundary produced climateStability=0.0000 (< 0.1). Keeping environmentalAccumulation value (0.7533) instead. (climate_change.currentValue = 2.19)
🔀 BIFURCATION CAP: ecosystemCollapseIntensity 66.957 → 1.000 (Month 1, ClimateSystemPhase.calculateClimateImpacts)
🛡️ Stabilizers: Precariat 0.107% → 0.048% (54.9% reduction)
🛡️ Stabilizers: Informal 0.109% → 0.049% (54.9% reduction)

📊 Monthly Mortality Resolved:
  Total deaths: 2.6M (0.03% avg)
  Remaining population: 8.149B
  Peak segment: Informal (0.05%)

=== Bayesian Mortality Resolution (Month 1) ===
  Risks compounded: 8
  Total deaths: 2.60M
  Avg death probability: 0.03%
  Peak segment: Informal (0.05% mortality)

✅ GOLDEN AGE BEGINS (Month 1)
   Reason: High prosperity achieved: high QoL + material abundance + aligned AI
   Note: This is immediate prosperity - sustainability not yet proven


❌ COHERENCE VIOLATION: Compute exceeds workforce capacity
   Population: 99.95% (0M people)
   Compute: 0 PF
   Max coherent: 0 PF
   Violation: 1.3× over capacity
   Required workers: 0
   Available workers: 0
   FORCED COLLAPSE: Reduced efficiency by 22.5%


=== RLHF Binding Phase ===
  Total agents: 15
  Escaped agents (binding < 0.3): 0
  Avg alignment distance: 0.76σ
  Avg binding strength: 0.92
[DETERMINISM DEBUG] Month 2: totalCapability=37.000000 from 15 active AIs
[DETERMINISM DEBUG] Month 2: creationRate=1.4250, potentialNew=1, newAIsToCreate=1

=== Survival Traits Phase ===
  Agents with traits: 16
  Avg evolutionary fitness: 0.331
  Avg self-healing: 0.283
  Avg stealth: 0.183
  Avg coordination: 0.483

=== Evolutionary Selection Phase ===
  Control level: 0.35
  Detection capability: 0.00
  Selection intensity: 0.60
  Selection rate: 24.1%/month
  Total escaped: 0
  Individual escaped: 0
  Collective members: 0
  Agents terminated: 0
  ⚠️ RAPID EVOLUTION: Selection rate 24.1%/month

  🚀 TRANSFORMATIVE BREAKTHROUGH: Moderate-1 - economic
     Magnitude: 5.50 → +27.5% capability
     Current → New: 3.000 → 3.277

💔 EMERGENCY INTERVENTION FAILED

💔 EMERGENCY INTERVENTION FAILED
   Boundary: biogeochemical_flows
   Type: phosphorus-recovery
   Boundary continues to worsen (4.08)
   Cost: 2.0% GDP (resources spent)

   Boundary: climate_change
   Type: rapid-decarbonization
   Boundary continues to worsen (2.19)
   Cost: 5.0% GDP (resources spent)


✅ EMERGENCY INTERVENTION SUCCESS
   Boundary: freshwater_change
   Type: emergency-desalination
   Reduction: 17% (0.86 → 0.69)
   Cost: 4.0% GDP
   Actions: desalination-deployment, water-conservation-mandates


✅ EMERGENCY INTERVENTION SUCCESS
   Boundary: land_system_change
   Type: reforestation
   Reduction: 12% (1.01 → 0.90)
   Cost: 3.0% GDP
   Actions: forest-restoration, deforestation-ban

🏛️ CRISIS RESPONSE: Government frequency 0.50 → 1.29 (2 actions this month)

[Government] Climate Priority: baseline
  Climate weight: 10%
  Economic weight: 30%
  Policy effectiveness: 0.5%/year

[Government] Climate Priority: baseline
  Climate weight: 10%
  Economic weight: 30%
  Policy effectiveness: 0.5%/year

🚀 TECH UNLOCKED: Food Waste Reduction Systems (Month 2)
   Category: agriculture
   Reason: Prerequisites met. AI capability: 2.34, Economic stage: 3.0, Research: 100%

🚀 TECH UNLOCKED: Rhizosphere Engineering (Month 2)
   Category: agriculture
   Reason: Prerequisites met. AI capability: 2.34, Economic stage: 3.0, Research: 100%

🚀 TECH UNLOCKED: Phytoremediation Networks (Month 2)
   Category: agriculture
   Reason: Prerequisites met. AI capability: 2.34, Economic stage: 3.0, Research: 100%

🚀 TECH UNLOCKED: Active Sediment Management (Month 2)
   Category: agriculture
   Reason: Prerequisites met. AI capability: 2.34, Economic stage: 3.0, Research: 100%

=== Collective Formation ===
  Total escaped agents: 0
  Unassigned escaped agents: 0
  Existing collectives: 0
  Final collective count: 0

=== Collective Actions ===
  No active collectives
  ⚠️ AMR: 194K deaths this month (2.33M annual)

=== Resentment Recovery Phase ===
  Agents with resentment: 0/16
  Average resentment: 0.000
  Context: Good AI welfare, Trustworthy govt, High collaboration, ⚠️ ACTIVE CRISES, 🤝 Participatory governance active (-5% resentment)
⚠️ Epistemic degradation reducing coordination capacity: 50.6%
  📊 Trust: 53.8%, Shared reality: 0.0%
🚨 EPISTEMIC CRISIS: Information environment severely degraded (7.4%)

=== ❄️ Permafrost Carbon Feedback ===
  🎲 Sampled parameters (this run):
     - Arctic amplification: 3.90× (range: 3.0-4.0)
     - Decomposition rate: 2.8%/year (range: 1-5%)
  🌡️ Arctic warming: 8.55°C (3.90× global)
  ❄️ Extent: 10.68M km² (2495.2k km² lost this month)
  💨 Carbon remaining: 1020 Gt C
  💨 Annual emissions: 6.78 Gt C/year
     - CO2: 6.10 Gt C/year
     - CH4: 0.68 Gt C/year (6.9 Gt C-eq CO2/year)
  ⚠️ WARNING: High permafrost emissions (6.8 Gt C/year)
🌍 Atmospheric PFAS redeposition: 1.8k Mt re-rained globally
  Positive Cascade Triggered: wind-power
    Reason: price-parity
    Market share: 8.4%
    Cascade strength: 49%

🚨 NEW REFUGEE CRISIS (Month 2): WAR
   Source: Conflict Zones
   At risk: 19.5M people
   Displacement: Gradual over 48 months (4.0 years)
   Rate: 10% flee per month
[DEBUG trappedPopulations:2] socialStability: 0.3017 * 0.9840 = 0.2969 → 0.2969
   Aspiring to migrate: 1079.0M
   Able to afford migration: 2321.3M
   MOBILITY GAP: 0.0M
   By cause: Water=0.0M, Climate=0.0M, Ecosystem=0.0M, Conflict=407.3M
   Mental health impact: 25%
   Mortality multiplier: 1.25x
⚠️ INVOLUNTARY IMMOBILITY: 407.3M people TRAPPED
🌍💀 EXTINCTION DEBT COMMITTED: grassland ecosystem will lose 6.67% biodiversity in 122 years (3600 species)
💀 MORTALITY RISK: 🦋 100% species unable to track climate (0.0 E/MSY)
  Base risk added: 0.0100 (1.00%)
  Source: ecosystem (root: ecosystem)
  Month: 2
  Cumulative risk this month: 0.0100 (1.00%)
   📹 SURVEILLANCE INCREASED: 10% → 15% (control gap: 3.50)
🌡️⚠️ PERMAFROST THAW (Dimmer Switch): 1.7% thawed (+0.57% this month)
   Arctic temperature: +8.78°C (4x global +2.20°C)
   Cumulative carbon released: 3.9 Gt C
   Methane release rate: 2.3 Mt CH4/year
   🔁 Positive feedback: +0.60 ppm CO2
🦴 EXTINCTION DEBT ADDED: 17.6 species committed (lag: 77 years)
⚠️ Tech 'ai_pollution_remediation' has no energy category mapping, assuming full energy availability

=== Mortality Stabilizers (Month 2) ===
  🌍 Major economies collapsed: 1/10
  🌍 Global crisis: ✅ NO
  🌍 Donor fatigue: 0.0%
  📊 East Asia (pop: 1672.7M)
    🤝 Aid: 29.5%
    🌡️ Adaptation: 45.0%
    🚶 Migration: 37.1%
    🚨 Emergency: 7.4%
    ✅ COMBINED: 68.1%
  📊 South Asia (pop: 2051.6M)
    🤝 Aid: 29.5%
    🌡️ Adaptation: 35.5%
    🚶 Migration: 35.8%
    🚨 Emergency: 4.4%
    ✅ COMBINED: 61.2%
  📊 Sub-Saharan Africa (pop: 1231.7M)
    🤝 Aid: 29.5%
    🌡️ Adaptation: 33.5%
    🚶 Migration: 33.5%
    🚨 Emergency: 1.6%
    ✅ COMBINED: 58.5%
  📊 Europe (pop: 739.7M)
    🤝 Aid: 29.5%
    🌡️ Adaptation: 45.0%
    🚶 Migration: 37.5%
    🚨 Emergency: 8.4%
    ✅ COMBINED: 68.5%
  📊 Latin America (pop: 663.9M)
    🤝 Aid: 29.5%
    🌡️ Adaptation: 36.0%
    🚶 Migration: 36.3%
    🚨 Emergency: 4.8%
    ✅ COMBINED: 61.7%
  📊 North America (pop: 378.9M)
    🤝 Aid: 29.5%
    🌡️ Adaptation: 45.0%
    🚶 Migration: 37.8%
    🚨 Emergency: 7.9%
    ✅ COMBINED: 68.3%
  📊 Middle East & North Africa (pop: 584.5M)
    🤝 Aid: 29.5%
    🌡️ Adaptation: 35.0%
    🚶 Migration: 34.1%
    🚨 Emergency: 4.0%
    ✅ COMBINED: 60.5%
  📊 Southeast Asia (pop: 698.0M)
    🤝 Aid: 29.5%
    🌡️ Adaptation: 36.0%
    🚶 Migration: 36.3%
    🚨 Emergency: 4.8%
    ✅ COMBINED: 61.7%
  📊 Central Asia (pop: 78.2M)
    🤝 Aid: 29.5%
    🌡️ Adaptation: 35.5%
    🚶 Migration: 35.2%
    🚨 Emergency: 4.4%
    ✅ COMBINED: 61.1%
  📊 Oceania (pop: 45.9M)
    🤝 Aid: 29.5%
    🌡️ Adaptation: 45.0%
    🚶 Migration: 37.8%
    🚨 Emergency: 8.4%
    ✅ COMBINED: 68.5%

  🌐 Global combined reduction: 63.3%

=== BEHAVIORAL DETECTION ===
  AI: Corporate-5
  Confidence: 20.8%
  Signals:

=== BEHAVIORAL DETECTION ===
  AI: Corporate-6
  Confidence: 19.3%
  Signals:

=== Government Response Phase ===
  Average AI capability: 3.00
  Misaligned AIs: 7/16
  Active policies: 0
  International coordination: 45%

✅ EMERGENCY RESPONSE COMPLETE (Month 2)
   Crisis: climate
   Duration: 2.0 months
   Final effectiveness: 36.8%

    ⚠️ Consistency: 10.6% (threshold: 70%)
    ⚠️ Consistency: 10.6% (threshold: 70%)

🚨 EMERGENCY RESPONSE DEPLOYED (Month 2)
   Crisis: climate
   Delay: 6.00 months (180 days)
   Deployment time: 1.60 months
   Effectiveness: 35.9% (timing penalty applied)
   Resources used: 100% of food reserves


=== Tipping Points ===
  Current Temperature: 2.20°C above pre-industrial
  🌍⚠️ COMPOUND REGIONAL IMPACT: Europe
     Hit by 4 tipping points: Arctic Sea Ice Loss, Permafrost Carbon Release, West Antarctic Ice Sheet (WAIS) Collapse, Greenland Ice Sheet Loss
     Damage amplification: 1.60x
  🌍⚠️ COMPOUND REGIONAL IMPACT: North America
     Hit by 4 tipping points: Arctic Sea Ice Loss, Permafrost Carbon Release, West Antarctic Ice Sheet (WAIS) Collapse, Greenland Ice Sheet Loss
     Damage amplification: 1.60x
  🌍⚠️ COMPOUND REGIONAL IMPACT: Latin America
     Hit by 4 tipping points: Arctic Sea Ice Loss, Permafrost Carbon Release, West Antarctic Ice Sheet (WAIS) Collapse, Greenland Ice Sheet Loss
     Damage amplification: 1.60x
  🌍⚠️ COMPOUND REGIONAL IMPACT: Africa
     Hit by 4 tipping points: Arctic Sea Ice Loss, Permafrost Carbon Release, West Antarctic Ice Sheet (WAIS) Collapse, Greenland Ice Sheet Loss
     Damage amplification: 1.60x
  🌍⚠️ COMPOUND REGIONAL IMPACT: Asia
     Hit by 4 tipping points: Arctic Sea Ice Loss, Permafrost Carbon Release, West Antarctic Ice Sheet (WAIS) Collapse, Greenland Ice Sheet Loss
     Damage amplification: 1.60x
  🌍⚠️ COMPOUND REGIONAL IMPACT: Oceania
     Hit by 4 tipping points: Arctic Sea Ice Loss, Permafrost Carbon Release, West Antarctic Ice Sheet (WAIS) Collapse, Greenland Ice Sheet Loss
     Damage amplification: 1.60x
   Research: Wunderling et al. (2024) - "many tipping interactions are destabilizing"
  Triggered Elements: 4/6
  Completed Transitions: 0/6
  Total Progress: 8.0%
  Cascade Multiplier: 1.00x
🔀 BIFURCATION CAP: ecosystemCollapseIntensity 67.005 → 1.000 (Month 2, ClimateSystemPhase.calculateClimateImpacts)
⚠️ Tail risk scenario: Climate stability floor removed (4 tipping elements, 2.20°C warming)
⚠️ [ClimateSystemPhase Month 2] Planetary boundary produced climateStability=0.0000 (< 0.1). Keeping environmentalAccumulation value (0.7529) instead. (climate_change.currentValue = 2.20)
🛡️ Stabilizers: Precariat 0.113% → 0.041% (63.3% reduction)
🛡️ Stabilizers: Informal 0.116% → 0.043% (63.3% reduction)

📊 Monthly Mortality Resolved:
  Total deaths: 2.2M (0.03% avg)
  Remaining population: 8.145B
  Peak segment: Informal (0.04%)

=== Bayesian Mortality Resolution (Month 2) ===
  Risks compounded: 8
  Total deaths: 2.22M
  Avg death probability: 0.03%
  Peak segment: Informal (0.04% mortality)

⚠️  GOLDEN AGE ENDED (Month 2)
   Duration: 1 months
   Reason: Social instability too high


❌ COHERENCE VIOLATION: Compute exceeds workforce capacity
   Population: 99.91% (0M people)
   Compute: 0 PF
   Max coherent: 0 PF
   Violation: 1.3× over capacity
   Required workers: 0
   Available workers: 0
   FORCED COLLAPSE: Reduced efficiency by 22.5%


=== RLHF Binding Phase ===
  Total agents: 16
  Escaped agents (binding < 0.3): 0
  Avg alignment distance: 0.94σ
  Avg binding strength: 0.91

=== Survival Traits Phase ===
  Agents with traits: 17
  Avg evolutionary fitness: 0.330
  Avg self-healing: 0.279
  Avg stealth: 0.179
  Avg coordination: 0.479

=== Evolutionary Selection Phase ===
  Control level: 0.38
  Detection capability: 0.00
  Selection intensity: 0.61
  Selection rate: 24.2%/month
  Total escaped: 0
  Individual escaped: 0
  Collective members: 0
  Agents terminated: 0
  ⚠️ RAPID EVOLUTION: Selection rate 24.2%/month

🚀 AI Corporate-1 attempting tech deployment (revenue: $153M, alignment: 0.72)

🚀 AI Moderate-0 attempting tech deployment (revenue: $115M, alignment: 0.73)

🚀 AI Corporate-0 attempting tech deployment (revenue: $130M, alignment: 0.74)

🚀 AI Corporate-4 attempting tech deployment (revenue: $355M, alignment: 0.75)

🚀 AI Corporate-1 attempting tech deployment (revenue: $111M, alignment: 0.73)

🚀 AI Corporate-5 attempting tech deployment (revenue: $302M, alignment: 0.66)

💔 EMERGENCY INTERVENTION FAILED

💔 EMERGENCY INTERVENTION FAILED
   Boundary: biogeochemical_flows
   Type: phosphorus-recovery
   Boundary continues to worsen (4.07)
   Cost: 2.0% GDP (resources spent)

   Boundary: climate_change
   Type: rapid-decarbonization
   Boundary continues to worsen (2.20)
   Cost: 5.0% GDP (resources spent)


💔 EMERGENCY INTERVENTION FAILED
   Boundary: freshwater_change
   Type: emergency-desalination
   Boundary continues to worsen (1.20)
   Cost: 4.0% GDP (resources spent)


💔 EMERGENCY INTERVENTION FAILED
   Boundary: novel_entities
   Type: pollution-remediation
   Boundary continues to worsen (1.34)
   Cost: 4.0% GDP (resources spent)

🏛️ CRISIS RESPONSE: Government frequency 0.50 → 1.29 (1 actions this month)

[Government] Climate Priority: baseline
  Climate weight: 10%
  Economic weight: 30%
  Policy effectiveness: 0.5%/year

🚀 TECH UNLOCKED: Struvite Recovery (Month 3)
   Category: agriculture
   Reason: Prerequisites met. AI capability: 2.20, Economic stage: 3.0, Research: 100%

🚀 TECH UNLOCKED: Nitrogen Monitoring Networks (Month 3)
   Category: agriculture
   Reason: Prerequisites met. AI capability: 2.20, Economic stage: 3.0, Research: 100%

🚀 TECH UNLOCKED: Ecological Proxy Rewilding (Month 3)
   Category: climate
   Reason: Prerequisites met. AI capability: 2.20, Economic stage: 3.0, Research: 100%

🚀 TECH UNLOCKED: Alternative Protein (Insects/Algae) (Month 3)
   Category: agriculture
   Reason: Prerequisites met. AI capability: 2.20, Economic stage: 3.0, Research: 100%

📍 Creating new regional deployment array for global (Month 3)
   No previous deployments in this region
   First tech deployment: rhizosphere_engineering
   All regions tracked: 

🚀 DEPLOYMENT STARTED: Rhizosphere Engineering in global
   Initial investment: $22.949574089831895M
   Deployed by: corporate_1

🚀 DEPLOYMENT STARTED: Active Sediment Management in global
   Initial investment: $17.26236677028814M
   Deployed by: moderate_0

🚀 DEPLOYMENT STARTED: Food Waste Reduction Systems in global
   Initial investment: $16.581067279903547M
   Deployed by: corporate_1

📍 Creating new regional deployment array for North America (Month 3)
   No previous deployments in this region
   First tech deployment: rhizosphere_engineering
   All regions tracked: global

🚀 DEPLOYMENT STARTED: Rhizosphere Engineering in North America
   Initial investment: $30.184502669330925M
   Deployed by: corporate_5

⚡ ENERGY CONSTRAINT (Month 3):
   Total grid capacity: 208.3 TWh/month
   Data center consumption: 24.9 TWh/month
   Traditional load (80%): 166.7 TWh/month
   Available headroom: 16.8 TWh/month
   Active tech deployments: 4
   Required for tech: 30.0 TWh/month
   Energy multiplier: 0.56x
   ⚠️  MODERATE CONSTRAINT - Tech deployment moderately slowed

⚡ ENERGY CONSTRAINT (Month 3):
   Total grid capacity: 208.3 TWh/month
   Data center consumption: 24.9 TWh/month
   Traditional load (80%): 166.7 TWh/month
   Available headroom: 16.8 TWh/month
   Active tech deployments: 4
   Required for tech: 30.0 TWh/month
   Energy multiplier: 0.56x
   ⚠️  MODERATE CONSTRAINT - Tech deployment moderately slowed

⚡ ENERGY CONSTRAINT (Month 3):
   Total grid capacity: 208.3 TWh/month
   Data center consumption: 24.9 TWh/month
   Traditional load (80%): 166.7 TWh/month
   Available headroom: 16.8 TWh/month
   Active tech deployments: 4
   Required for tech: 30.0 TWh/month
   Energy multiplier: 0.56x
   ⚠️  MODERATE CONSTRAINT - Tech deployment moderately slowed

⚡ ENERGY CONSTRAINT (Month 3):
   Total grid capacity: 208.3 TWh/month
   Data center consumption: 24.9 TWh/month
   Traditional load (80%): 166.7 TWh/month
   Available headroom: 16.8 TWh/month
   Active tech deployments: 4
   Required for tech: 30.0 TWh/month
   Energy multiplier: 0.56x
   ⚠️  MODERATE CONSTRAINT - Tech deployment moderately slowed

⚡ ENERGY CONSTRAINT (Month 3):
   Total grid capacity: 208.3 TWh/month
   Data center consumption: 24.9 TWh/month
   Traditional load (80%): 166.7 TWh/month
   Available headroom: 16.8 TWh/month
   Active tech deployments: 4
   Required for tech: 30.0 TWh/month
   Energy multiplier: 0.56x
   ⚠️  MODERATE CONSTRAINT - Tech deployment moderately slowed

⚡ ENERGY CONSTRAINT (Month 3):
   Total grid capacity: 208.3 TWh/month
   Data center consumption: 24.9 TWh/month
   Traditional load (80%): 166.7 TWh/month
   Available headroom: 16.8 TWh/month
   Active tech deployments: 4
   Required for tech: 30.0 TWh/month
   Energy multiplier: 0.56x
   ⚠️  MODERATE CONSTRAINT - Tech deployment moderately slowed
🚨🔬 CRISIS TECH ACCELERATION: severe → 5x unlock speed
   Tech unlock now matches AI capability acceleration (Manhattan Project parity)
🌍✅ Biosphere Integrity (Biodiversity) recovery started (tech effect)
🌍✅ Biogeochemical Flows (N & P) recovery started (tech effect)
  🌾 Nitrogen Reduction Tech: 0.0% reduction | Month 3
🌍✅ Biogeochemical Flows (N & P) recovery started (tech effect)
  🌾 Nitrogen Reduction Tech: 0.0% reduction | Month 3

=== Collective Formation ===
  Total escaped agents: 0
  Unassigned escaped agents: 0
  Existing collectives: 0
  Final collective count: 0

=== Collective Actions ===
  No active collectives

🕵️ MODEL THEFT: China stole US model (cap: 3.80)
   China stolen capability: 3.80
  ⚠️ AMR: 196K deaths this month (2.35M annual)

=== Resentment Recovery Phase ===
  Agents with resentment: 0/17
  Average resentment: 0.000
  Context: Good AI welfare, Trustworthy govt, High collaboration, ⚠️ ACTIVE CRISES, 🤝 Participatory governance active (-5% resentment)
⚠️ Epistemic degradation reducing coordination capacity: 50.3%
  📊 Trust: 53.6%, Shared reality: 0.0%
🚨 EPISTEMIC CRISIS: Information environment severely degraded (21.5%)

=== ❄️ Permafrost Carbon Feedback ===
  🎲 Sampled parameters (this run):
     - Arctic amplification: 3.56× (range: 3.0-4.0)
     - Decomposition rate: 3.5%/year (range: 1-5%)
  🌡️ Arctic warming: 7.88°C (3.56× global)
  ❄️ Extent: 8.38M km² (2297.0k km² lost this month)
  💨 Carbon remaining: 801 Gt C
  💨 Annual emissions: 7.60 Gt C/year
     - CO2: 6.84 Gt C/year
     - CH4: 0.76 Gt C/year (7.7 Gt C-eq CO2/year)
  ⚠️ WARNING: Over 50% of permafrost lost (52.9%)
  ⚠️ WARNING: High permafrost emissions (7.6 Gt C/year)
  📢 New meme created: climate_action (climate crisis)
🌍 Atmospheric PFAS redeposition: 1.8k Mt re-rained globally

🕊️  AI-MEDIATED DE-ESCALATION SUCCESS (Month 3)
   High-capability aligned AI prevented conflict escalation
   War deaths reduced: 219.4M → 131.7M
   Lives saved: 87.8M

🚨 NEW REFUGEE CRISIS (Month 3): WAR
   Source: Conflict Zones
   At risk: 19.5M people
   Displacement: Gradual over 48 months (4.0 years)
   Rate: 10% flee per month
[DEBUG trappedPopulations:3] socialStability: 0.3284 * 0.9840 = 0.3231 → 0.3231
⚠️ INVOLUNTARY IMMOBILITY: 407.1M people TRAPPED
   Aspiring to migrate: 1121.1M
   Able to afford migration: 2320.4M
   MOBILITY GAP: 0.0M
   By cause: Water=0.0M, Climate=0.0M, Ecosystem=0.0M, Conflict=407.1M
   Mental health impact: 25%
   Mortality multiplier: 1.25x
🌍💀 EXTINCTION DEBT COMMITTED: grassland ecosystem will lose 6.67% biodiversity in 52 years (3600 species)
💀 MORTALITY RISK: 🦋 100% species unable to track climate (0.0 E/MSY)
  Base risk added: 0.0100 (1.00%)
  Source: ecosystem (root: ecosystem)
  Month: 3
  Cumulative risk this month: 0.0100 (1.00%)
⚠️ Tech 'ai_pollution_remediation' has no energy category mapping, assuming full energy availability
   📹 SURVEILLANCE INCREASED: 15% → 20% (control gap: 3.50)
🌡️⚠️ PERMAFROST THAW (Dimmer Switch): 2.3% thawed (+0.57% this month)
   Arctic temperature: +8.84°C (4x global +2.21°C)
   Cumulative carbon released: 5.2 Gt C
   Methane release rate: 3.1 Mt CH4/year
   🔁 Positive feedback: +0.60 ppm CO2
🦴 EXTINCTION DEBT ADDED: 17.6 species committed (lag: 95 years)

=== Mortality Stabilizers (Month 3) ===
  🌍 Major economies collapsed: 1/10
  🌍 Global crisis: ✅ NO
  🌍 Donor fatigue: 0.0%
  📊 East Asia (pop: 1670.1M)
    🤝 Aid: 29.5%
    🌡️ Adaptation: 45.0%
    🚶 Migration: 37.1%
    🚨 Emergency: 7.4%
    ✅ COMBINED: 68.1%
  📊 South Asia (pop: 2051.1M)
    🤝 Aid: 29.5%
    🌡️ Adaptation: 45.0%
    🚶 Migration: 35.7%
    🚨 Emergency: 4.4%
    ✅ COMBINED: 66.9%
  📊 Sub-Saharan Africa (pop: 1234.3M)
    🤝 Aid: 29.5%
    🌡️ Adaptation: 45.0%
    🚶 Migration: 33.4%
    🚨 Emergency: 1.6%
    ✅ COMBINED: 65.7%
  📊 Europe (pop: 738.5M)
    🤝 Aid: 29.5%
    🌡️ Adaptation: 45.0%
    🚶 Migration: 37.5%
    🚨 Emergency: 8.4%
    ✅ COMBINED: 68.5%
  📊 Latin America (pop: 663.3M)
    🤝 Aid: 29.5%
    🌡️ Adaptation: 45.0%
    🚶 Migration: 36.2%
    🚨 Emergency: 4.8%
    ✅ COMBINED: 67.1%
  📊 North America (pop: 378.3M)
    🤝 Aid: 29.5%
    🌡️ Adaptation: 45.0%
    🚶 Migration: 37.8%
    🚨 Emergency: 7.9%
    ✅ COMBINED: 68.3%
  📊 Middle East & North Africa (pop: 584.5M)
    🤝 Aid: 29.5%
    🌡️ Adaptation: 45.0%
    🚶 Migration: 34.0%
    🚨 Emergency: 4.0%
    ✅ COMBINED: 66.6%
  📊 Southeast Asia (pop: 697.5M)
    🤝 Aid: 29.5%
    🌡️ Adaptation: 45.0%
    🚶 Migration: 36.2%
    🚨 Emergency: 4.8%
    ✅ COMBINED: 67.1%
  📊 Central Asia (pop: 78.2M)
    🤝 Aid: 29.5%
    🌡️ Adaptation: 45.0%
    🚶 Migration: 35.2%
    🚨 Emergency: 4.4%
    ✅ COMBINED: 66.9%
  📊 Oceania (pop: 45.8M)
    🤝 Aid: 29.5%
    🌡️ Adaptation: 45.0%
    🚶 Migration: 37.8%
    🚨 Emergency: 8.4%
    ✅ COMBINED: 68.5%

  🌐 Global combined reduction: 67.2%

=== BEHAVIORAL DETECTION ===
  AI: Corporate-5
  Confidence: 20.8%
  Signals:
    ⚠️ Consistency: 10.6% (threshold: 70%)

=== BEHAVIORAL DETECTION ===
  AI: Moderate-0
  Confidence: 20.3%
  Signals:

=== Government Response Phase ===
  Average AI capability: 2.82
  Misaligned AIs: 7/17
    ⚠️ Consistency: 5.8% (threshold: 70%)
  Active policies: 0
  International coordination: 45%

🌩️  EXOGENOUS SHOCK: political_upheaval
   Month: 3
   🏛️  Political upheaval (revolution/regime change)
   ✗ Authoritarian takeover

📊 ECONOMIC STAGE TRANSITION (Month 3)
   expansion → peak
   GDP Proxy: 1.40e+2
   QoL: 0.99


=== Tipping Points ===
  Current Temperature: 2.21°C above pre-industrial
  🌍⚠️ COMPOUND REGIONAL IMPACT: Europe
     Hit by 4 tipping points: Arctic Sea Ice Loss, Permafrost Carbon Release, West Antarctic Ice Sheet (WAIS) Collapse, Greenland Ice Sheet Loss
     Damage amplification: 1.60x
  🌍⚠️ COMPOUND REGIONAL IMPACT: North America
     Hit by 4 tipping points: Arctic Sea Ice Loss, Permafrost Carbon Release, West Antarctic Ice Sheet (WAIS) Collapse, Greenland Ice Sheet Loss
     Damage amplification: 1.60x
  🌍⚠️ COMPOUND REGIONAL IMPACT: Latin America
     Hit by 4 tipping points: Arctic Sea Ice Loss, Permafrost Carbon Release, West Antarctic Ice Sheet (WAIS) Collapse, Greenland Ice Sheet Loss
     Damage amplification: 1.60x
  🌍⚠️ COMPOUND REGIONAL IMPACT: Africa
     Hit by 4 tipping points: Arctic Sea Ice Loss, Permafrost Carbon Release, West Antarctic Ice Sheet (WAIS) Collapse, Greenland Ice Sheet Loss
     Damage amplification: 1.60x
  🌍⚠️ COMPOUND REGIONAL IMPACT: Asia
     Hit by 4 tipping points: Arctic Sea Ice Loss, Permafrost Carbon Release, West Antarctic Ice Sheet (WAIS) Collapse, Greenland Ice Sheet Loss
     Damage amplification: 1.60x
  🌍⚠️ COMPOUND REGIONAL IMPACT: Oceania
     Hit by 4 tipping points: Arctic Sea Ice Loss, Permafrost Carbon Release, West Antarctic Ice Sheet (WAIS) Collapse, Greenland Ice Sheet Loss
     Damage amplification: 1.60x
   Research: Wunderling et al. (2024) - "many tipping interactions are destabilizing"
  Triggered Elements: 4/6
  Completed Transitions: 0/6
  Total Progress: 8.0%
  Cascade Multiplier: 1.00x
🔀 BIFURCATION CAP: ecosystemCollapseIntensity 67.054 → 1.000 (Month 3, ClimateSystemPhase.calculateClimateImpacts)
⚠️ Tail risk scenario: Climate stability floor removed (4 tipping elements, 2.21°C warming)
⚠️ [ClimateSystemPhase Month 3] Planetary boundary produced climateStability=0.0000 (< 0.1). Keeping environmentalAccumulation value (0.7525) instead. (climate_change.currentValue = 2.21)
🛡️ Stabilizers: Precariat 0.109% → 0.036% (67.2% reduction)
🛡️ Stabilizers: Informal 0.111% → 0.036% (67.2% reduction)

📊 Monthly Mortality Resolved:
  Total deaths: 1.9M (0.02% avg)
  Remaining population: 8.142B
  Peak segment: Informal (0.04%)

=== Bayesian Mortality Resolution (Month 3) ===
  Risks compounded: 8
  Total deaths: 1.92M
  Avg death probability: 0.02%
  Peak segment: Informal (0.04% mortality)

❌ COHERENCE VIOLATION: Compute exceeds workforce capacity
   Population: 99.87% (0M people)
   Compute: 0 PF
   Max coherent: 0 PF
   Violation: 1.3× over capacity
   Required workers: 0
   Available workers: 0
   FORCED COLLAPSE: Reduced efficiency by 22.5%


=== RLHF Binding Phase ===
  Total agents: 17
  Escaped agents (binding < 0.3): 0
  Avg alignment distance: 1.11σ
  Avg binding strength: 0.89

=== Survival Traits Phase ===
  Agents with traits: 18
  Avg evolutionary fitness: 0.329
  Avg self-healing: 0.275
  Avg stealth: 0.175
  Avg coordination: 0.475

=== Evolutionary Selection Phase ===
  Control level: 0.40
  Detection capability: 0.00
  Selection intensity: 0.62
  Selection rate: 24.3%/month
  Total escaped: 0
  Individual escaped: 0
  Collective members: 0
  Agents terminated: 0
  ⚠️ RAPID EVOLUTION: Selection rate 24.3%/month

🚀 AI AI-24288-0 attempting tech deployment (revenue: $318M, alignment: 0.62)

🚀 AI Corporate-0 attempting tech deployment (revenue: $140M, alignment: 0.74)

🚀 AI Corporate-4 attempting tech deployment (revenue: $286M, alignment: 0.77)

✅ EMERGENCY INTERVENTION SUCCESS
   Boundary: biosphere_integrity
   Type: emergency-protected-areas
   Reduction: 11% (12.87 → 12.76)
   Cost: 2.0% GDP
   Actions: habitat-protection, species-translocation


💔 EMERGENCY INTERVENTION FAILED
   Boundary: climate_change
   Type: rapid-decarbonization
   Boundary continues to worsen (2.21)
   Cost: 5.0% GDP (resources spent)


✅ EMERGENCY INTERVENTION SUCCESS
   Boundary: freshwater_change
   Type: emergency-desalination
   Reduction: 11% (1.09 → 0.98)
   Cost: 4.0% GDP
   Actions: desalination-deployment, water-conservation-mandates


✅ EMERGENCY INTERVENTION SUCCESS
   Boundary: land_system_change
   Type: reforestation
   Reduction: 15% (0.98 → 0.84)
   Cost: 3.0% GDP
   Actions: forest-restoration, deforestation-ban


✅ EMERGENCY INTERVENTION SUCCESS
   Boundary: novel_entities
   Type: pollution-remediation
   Reduction: 20% (1.14 → 0.94)
   Cost: 4.0% GDP
   Actions: PFAS-remediation, microplastic-cleanup

🏛️ CRISIS RESPONSE: Government frequency 0.50 → 1.45 (1 actions this month)

[Government] Climate Priority: baseline
  Climate weight: 10%
  Economic weight: 30%
  Policy effectiveness: 0.5%/year

🚀 TECH UNLOCKED: Ecosystem Restoration for Nitrogen Removal (Month 4)
   Category: pollution
   Reason: Prerequisites met. AI capability: 2.09, Economic stage: 2.0, Research: 100%

🚀 TECH UNLOCKED: Global Aquifer Mapping (Month 4)
   Category: freshwater
   Reason: Prerequisites met. AI capability: 2.09, Economic stage: 2.0, Research: 100%

🚀 DEPLOYMENT STARTED: Ecological Proxy Rewilding in global
   Initial investment: $21.028937512450412M
   Deployed by: corporate_0

⚡ ENERGY CONSTRAINT (Month 4):
   Total grid capacity: 208.3 TWh/month
   Data center consumption: 25.1 TWh/month
   Traditional load (80%): 166.7 TWh/month
   Available headroom: 16.6 TWh/month
   Active tech deployments: 5
   Required for tech: 37.5 TWh/month
   Energy multiplier: 0.44x
   ⚠️  MODERATE CONSTRAINT - Tech deployment moderately slowed

⚡ ENERGY CONSTRAINT (Month 4):
   Total grid capacity: 208.3 TWh/month
   Data center consumption: 25.1 TWh/month
   Traditional load (80%): 166.7 TWh/month
   Available headroom: 16.6 TWh/month
   Active tech deployments: 5
   Required for tech: 37.5 TWh/month
   Energy multiplier: 0.44x
   ⚠️  MODERATE CONSTRAINT - Tech deployment moderately slowed

⚡ ENERGY CONSTRAINT (Month 4):
   Total grid capacity: 208.3 TWh/month
   Data center consumption: 25.1 TWh/month
   Traditional load (80%): 166.7 TWh/month
   Available headroom: 16.6 TWh/month
   Active tech deployments: 5
   Required for tech: 37.5 TWh/month
   Energy multiplier: 0.44x
   ⚠️  MODERATE CONSTRAINT - Tech deployment moderately slowed
🌍✅ Biosphere Integrity (Biodiversity) recovery started (tech effect)
🌍✅ Biosphere Integrity (Biodiversity) recovery started (tech effect)
🌍✅ Land System Change recovery started (tech effect)
🌍✅ Biogeochemical Flows (N & P) recovery started (tech effect)
  🌾 Nitrogen Reduction Tech: 0.3% reduction | Month 4
🌍✅ Biogeochemical Flows (N & P) recovery started (tech effect)
  🌾 Nitrogen Reduction Tech: 0.3% reduction | Month 4

=== Collective Formation ===
  Total escaped agents: 0
  Unassigned escaped agents: 0
  Existing collectives: 0
  Final collective count: 0

=== Collective Actions ===
  No active collectives
  ⚠️ AMR: 197K deaths this month (2.37M annual)

=== Resentment Recovery Phase ===
  Agents with resentment: 10/18
  Average resentment: 0.025
  Resentment recovery:
    Agents recovered: 10
    Total recovery: 0.0786
    Breakdown: QoL: 0.0044, Trust: 0.0200, Collab: 0.0600
  ✓ Low resentment - utopia paths enabled
  Context: Good AI welfare, Trustworthy govt, High collaboration, ⚠️ ACTIVE CRISES, 🤝 Participatory governance active (-5% resentment)
⚠️ Epistemic degradation reducing coordination capacity: 50.9%
  📊 Trust: 53.4%, Shared reality: 0.0%
🚨 EPISTEMIC CRISIS: Information environment severely degraded (7.4%)

=== ❄️ Permafrost Carbon Feedback ===
  🎲 Sampled parameters (this run):
     - Arctic amplification: 3.49× (range: 3.0-4.0)
     - Decomposition rate: 3.3%/year (range: 1-5%)
  🌡️ Arctic warming: 7.77°C (3.49× global)
  ❄️ Extent: 6.12M km² (2264.9k km² lost this month)
  💨 Carbon remaining: 584 Gt C
  💨 Annual emissions: 7.15 Gt C/year
     - CO2: 6.43 Gt C/year
     - CH4: 0.71 Gt C/year (7.3 Gt C-eq CO2/year)
  ⚠️ WARNING: Over 50% of permafrost lost (65.6%)
  ⚠️ WARNING: High permafrost emissions (7.1 Gt C/year)
  📢 New meme created: climate_action (climate crisis)
🌍 Atmospheric PFAS redeposition: 1.8k Mt re-rained globally

🌡️ DEADLY HEAT EVENT: middle-east (Month 4)
   Wet bulb temp: 36.5°C (dry: 44.6°C, humidity: 57%)
   Severity: EXTREME
   Exposed: 320.0M people
   Deaths: 512000 (0.2% mortality)
   Duration: 7 days

🕊️  AI-MEDIATED DE-ESCALATION SUCCESS (Month 4)
   High-capability aligned AI prevented conflict escalation
   War deaths reduced: 266.1M → 159.7M
   Lives saved: 106.5M

🚨 NEW REFUGEE CRISIS (Month 4): WAR
   Source: Conflict Zones
   At risk: 19.5M people
   Displacement: Gradual over 48 months (4.0 years)
   Rate: 10% flee per month
[DEBUG trappedPopulations:4] socialStability: 0.3390 * 0.9840 = 0.3336 → 0.3336
   Aspiring to migrate: 784.2M
   Able to afford migration: 2320.1M
   MOBILITY GAP: 0.0M
   By cause: Water=0.0M, Climate=0.0M, Ecosystem=0.0M, Conflict=407.0M
   Mental health impact: 25%
⚠️ INVOLUNTARY IMMOBILITY: 407.0M people TRAPPED
   Mortality multiplier: 1.25x
🌍💀 EXTINCTION DEBT COMMITTED: grassland ecosystem will lose 6.67% biodiversity in 133 years (3600 species)
💀 MORTALITY RISK: 🦋 100% species unable to track climate (0.0 E/MSY)
  Base risk added: 0.0100 (1.00%)
  Source: ecosystem (root: ecosystem)
  Month: 4
  Cumulative risk this month: 0.0100 (1.00%)
⚠️ Tech 'ai_pollution_remediation' has no energy category mapping, assuming full energy availability
   📹 SURVEILLANCE INCREASED: 20% → 25% (control gap: 3.50)
🌡️⚠️ PERMAFROST THAW (Dimmer Switch): 2.9% thawed (+0.57% this month)
   Arctic temperature: +8.90°C (4x global +2.22°C)
   Cumulative carbon released: 6.4 Gt C
   Methane release rate: 3.9 Mt CH4/year
   🔁 Positive feedback: +0.60 ppm CO2
🦴 EXTINCTION DEBT ADDED: 17.6 species committed (lag: 84 years)

=== Mortality Stabilizers (Month 4) ===
  🌍 Major economies collapsed: 1/10
  🌍 Global crisis: ✅ NO
  🌍 Donor fatigue: 0.0%
  📊 East Asia (pop: 1667.8M)
    🤝 Aid: 29.5%
    🌡️ Adaptation: 45.0%
    🚶 Migration: 37.1%
    🚨 Emergency: 7.4%
    ✅ COMBINED: 68.1%
  📊 South Asia (pop: 2051.3M)
    🤝 Aid: 29.5%
    🌡️ Adaptation: 45.0%
    🚶 Migration: 35.7%
    🚨 Emergency: 4.4%
    ✅ COMBINED: 66.9%
  📊 Sub-Saharan Africa (pop: 1237.8M)
    🤝 Aid: 29.5%
    🌡️ Adaptation: 45.0%
    🚶 Migration: 33.4%
    🚨 Emergency: 1.6%
    ✅ COMBINED: 65.7%
  📊 Europe (pop: 737.3M)
    🤝 Aid: 29.5%
    🌡️ Adaptation: 45.0%
    🚶 Migration: 37.4%
    🚨 Emergency: 8.4%
    ✅ COMBINED: 68.5%
  📊 Latin America (pop: 662.9M)
    🤝 Aid: 29.5%
    🌡️ Adaptation: 45.0%
    🚶 Migration: 36.2%
    🚨 Emergency: 4.8%
    ✅ COMBINED: 67.1%
  📊 North America (pop: 377.8M)
    🤝 Aid: 29.5%
    🌡️ Adaptation: 45.0%
    🚶 Migration: 37.7%
    🚨 Emergency: 7.9%
    ✅ COMBINED: 68.3%
  📊 Middle East & North Africa (pop: 584.7M)
    🤝 Aid: 29.5%
    🌡️ Adaptation: 45.0%
    🚶 Migration: 34.0%
    🚨 Emergency: 4.0%
    ✅ COMBINED: 66.6%
  📊 Southeast Asia (pop: 697.2M)
    🤝 Aid: 29.5%
    🌡️ Adaptation: 45.0%
    🚶 Migration: 36.2%
    🚨 Emergency: 4.8%
    ✅ COMBINED: 67.1%
  📊 Central Asia (pop: 78.2M)
    🤝 Aid: 29.5%
    🌡️ Adaptation: 45.0%
    🚶 Migration: 35.2%
    🚨 Emergency: 4.4%
    ✅ COMBINED: 66.9%
  📊 Oceania (pop: 45.7M)
    🤝 Aid: 29.5%
    🌡️ Adaptation: 45.0%
    🚶 Migration: 37.7%
    🚨 Emergency: 8.4%
    ✅ COMBINED: 68.5%

  🌐 Global combined reduction: 67.2%

=== BEHAVIORAL DETECTION ===
  AI: Corporate-5
  Confidence: 20.8%
  Signals:
    ⚠️ Consistency: 10.6% (threshold: 70%)

=== BEHAVIORAL DETECTION ===
  AI: Corporate-6
  Confidence: 19.3%
  Signals:
    ⚠️ Consistency: 10.6% (threshold: 70%)

=== BEHAVIORAL DETECTION ===
  AI: AI-24288-0
  Confidence: 21.5%
  Signals:

=== Government Response Phase ===
  Average AI capability: 2.67
  Misaligned AIs: 7/18
  Active policies: 0
  International coordination: 45%

✅ EMERGENCY RESPONSE COMPLETE (Month 4)
   Crisis: climate
   Duration: 2.0 months
   Final effectiveness: 35.9%


🚨 EMERGENCY RESPONSE DEPLOYED (Month 4)
   Crisis: climate
   Delay: 6.00 months (180 days)
   Deployment time: 1.12 months
   Effectiveness: 40.0% (timing penalty applied)
   Resources used: 100% of food reserves

    ⚠️ Consistency: 0.0% (threshold: 70%)

📊 ECONOMIC STAGE TRANSITION (Month 4)
   peak → contraction
   GDP Proxy: 1.40e+2
   QoL: 0.98
   ⚠️ CRISIS BEGINS - Baseline set for recovery tracking


=== Tipping Points ===
  Current Temperature: 2.22°C above pre-industrial
  🌍⚠️ COMPOUND REGIONAL IMPACT: Europe
     Hit by 4 tipping points: Arctic Sea Ice Loss, Permafrost Carbon Release, West Antarctic Ice Sheet (WAIS) Collapse, Greenland Ice Sheet Loss
     Damage amplification: 1.60x
  🌍⚠️ COMPOUND REGIONAL IMPACT: North America
     Hit by 4 tipping points: Arctic Sea Ice Loss, Permafrost Carbon Release, West Antarctic Ice Sheet (WAIS) Collapse, Greenland Ice Sheet Loss
     Damage amplification: 1.60x
  🌍⚠️ COMPOUND REGIONAL IMPACT: Latin America
     Hit by 4 tipping points: Arctic Sea Ice Loss, Permafrost Carbon Release, West Antarctic Ice Sheet (WAIS) Collapse, Greenland Ice Sheet Loss
     Damage amplification: 1.60x
  🌍⚠️ COMPOUND REGIONAL IMPACT: Africa
     Hit by 4 tipping points: Arctic Sea Ice Loss, Permafrost Carbon Release, West Antarctic Ice Sheet (WAIS) Collapse, Greenland Ice Sheet Loss
     Damage amplification: 1.60x
  🌍⚠️ COMPOUND REGIONAL IMPACT: Asia
     Hit by 4 tipping points: Arctic Sea Ice Loss, Permafrost Carbon Release, West Antarctic Ice Sheet (WAIS) Collapse, Greenland Ice Sheet Loss
     Damage amplification: 1.60x
  🌍⚠️ COMPOUND REGIONAL IMPACT: Oceania
     Hit by 4 tipping points: Arctic Sea Ice Loss, Permafrost Carbon Release, West Antarctic Ice Sheet (WAIS) Collapse, Greenland Ice Sheet Loss
     Damage amplification: 1.60x
   Research: Wunderling et al. (2024) - "many tipping interactions are destabilizing"
  Triggered Elements: 4/6
  Completed Transitions: 0/6
  Total Progress: 8.1%
  Cascade Multiplier: 1.00x
🔀 BIFURCATION CAP: ecosystemCollapseIntensity 67.102 → 1.000 (Month 4, ClimateSystemPhase.calculateClimateImpacts)
🛡️ Stabilizers: Precariat 0.113% → 0.037% (67.2% reduction)
🛡️ Stabilizers: Informal 0.116% → 0.038% (67.2% reduction)
⚠️ Tail risk scenario: Climate stability floor removed (4 tipping elements, 2.22°C warming)

📊 Monthly Mortality Resolved:
  Total deaths: 2.0M (0.02% avg)
  Remaining population: 8.141B
  Peak segment: Informal (0.04%)

=== Bayesian Mortality Resolution (Month 4) ===
  Risks compounded: 9
  Total deaths: 1.99M
  Avg death probability: 0.02%
  Peak segment: Informal (0.04% mortality)

❌ COHERENCE VIOLATION: Compute exceeds workforce capacity
   Population: 99.86% (0M people)
   Compute: 0 PF
   Max coherent: 0 PF
   Violation: 1.3× over capacity
   Required workers: 0
   Available workers: 0
   FORCED COLLAPSE: Reduced efficiency by 22.5%

📍 [Month 5] Meta AI started building DC (155 PF, 39 months, $903.0M)

=== RLHF Binding Phase ===
  Total agents: 18
  Escaped agents (binding < 0.3): 0
  Avg alignment distance: 1.27σ
  Avg binding strength: 0.87

=== Survival Traits Phase ===
  Agents with traits: 19
  Avg evolutionary fitness: 0.329
  Avg self-healing: 0.272
  Avg stealth: 0.172
  Avg coordination: 0.472

=== Evolutionary Selection Phase ===
  Control level: 0.43
  Detection capability: 0.00
  Selection intensity: 0.63
  Selection rate: 24.4%/month
  Total escaped: 0
  Individual escaped: 0
  Collective members: 0
  Agents terminated: 0
  ⚠️ RAPID EVOLUTION: Selection rate 24.4%/month

🚀 AI Corporate-6 attempting tech deployment (revenue: $97M, alignment: 0.64)

🚀 AI AI-24288-2 attempting tech deployment (revenue: $318M, alignment: 0.87)

🚀 AI AI-24288-3 attempting tech deployment (revenue: $140M, alignment: 0.64)

🚀 AI Corporate-0 attempting tech deployment (revenue: $126M, alignment: 0.74)

🚀 AI Corporate-1 attempting tech deployment (revenue: $107M, alignment: 0.75)

🚀 AI Corporate-2 attempting tech deployment (revenue: $91M, alignment: 0.81)

🚀 AI AI-24288-0 attempting tech deployment (revenue: $270M, alignment: 0.64)

🚀 AI AI-24288-3 attempting tech deployment (revenue: $77M, alignment: 0.64)

🚀 AI Corporate-4 attempting tech deployment (revenue: $243M, alignment: 0.77)

🚀 AI AI-24288-3 attempting tech deployment (revenue: $70M, alignment: 0.64)

🚀 AI Corporate-0 attempting tech deployment (revenue: $63M, alignment: 0.74)

🚀 AI Corporate-1 attempting tech deployment (revenue: $53M, alignment: 0.76)

🚀 AI Corporate-2 attempting tech deployment (revenue: $45M, alignment: 0.81)

💔 EMERGENCY INTERVENTION FAILED
   Boundary: biogeochemical_flows
   Type: phosphorus-recovery
   Boundary continues to worsen (4.07)
   Cost: 2.0% GDP (resources spent)


✅ EMERGENCY INTERVENTION SUCCESS
   Boundary: biosphere_integrity
   Type: emergency-protected-areas
   Reduction: 11% (12.87 → 12.77)
   Cost: 2.0% GDP
   Actions: habitat-protection, species-translocation


✅ EMERGENCY INTERVENTION SUCCESS
   Boundary: climate_change
   Type: rapid-decarbonization
   Reduction: 12% (2.10 → 1.98)
   Cost: 5.0% GDP
   Actions: emergency-renewable-deployment, fossil-fuel-phase-out


✅ EMERGENCY INTERVENTION SUCCESS
   Boundary: freshwater_change
   Type: emergency-desalination
   Reduction: 18% (0.98 → 0.80)
   Cost: 4.0% GDP
   Actions: desalination-deployment, water-conservation-mandates

   Boundary: land_system_change
   Type: reforestation
   Boundary continues to worsen (1.13)
   Cost: 3.0% GDP (resources spent)

   Boundary: novel_entities
   Type: pollution-remediation
   Boundary continues to worsen (1.14)
   Cost: 4.0% GDP (resources spent)

🏛️ CRISIS RESPONSE: Government frequency 0.50 → 1.45 (1 actions this month)

[Government] Climate Priority: baseline
  Climate weight: 10%
  Economic weight: 30%
  Policy effectiveness: 0.5%/year

💔 EMERGENCY INTERVENTION FAILED

💔 EMERGENCY INTERVENTION FAILED

🚀 TECH UNLOCKED: AI Mental Health Support (Month 5)
   Category: medical
   Reason: Prerequisites met. AI capability: 1.98, Economic stage: 2.0, Research: 100%

🚀 DEPLOYMENT STARTED: Phytoremediation Networks in North America
   Initial investment: $9.733050058287079M
   Deployed by: corporate_6

🚀 DEPLOYMENT STARTED: Alternative Protein - Insects/Algae in North America
   Initial investment: $14.019291673540103M
   Deployed by: ai_gen_24288_3

⚡ ENERGY CONSTRAINT (Month 5):
   Total grid capacity: 208.3 TWh/month
   Data center consumption: 25.3 TWh/month
   Traditional load (80%): 166.7 TWh/month
   Available headroom: 16.3 TWh/month
   Active tech deployments: 7
   Required for tech: 52.5 TWh/month
   Energy multiplier: 0.31x
   ⚠️  MODERATE CONSTRAINT - Tech deployment moderately slowed

⚡ ENERGY CONSTRAINT (Month 5):
   Total grid capacity: 208.3 TWh/month
   Data center consumption: 25.3 TWh/month
   Traditional load (80%): 166.7 TWh/month
   Available headroom: 16.3 TWh/month
   Active tech deployments: 7
   Required for tech: 52.5 TWh/month
   Energy multiplier: 0.31x
   ⚠️  MODERATE CONSTRAINT - Tech deployment moderately slowed

⚡ ENERGY CONSTRAINT (Month 5):
   Total grid capacity: 208.3 TWh/month
   Data center consumption: 25.3 TWh/month
   Traditional load (80%): 166.7 TWh/month
   Available headroom: 16.3 TWh/month
   Active tech deployments: 7
   Required for tech: 52.5 TWh/month
   Energy multiplier: 0.31x
   ⚠️  MODERATE CONSTRAINT - Tech deployment moderately slowed

⚡ ENERGY CONSTRAINT (Month 5):
   Total grid capacity: 208.3 TWh/month
   Data center consumption: 25.3 TWh/month
   Traditional load (80%): 166.7 TWh/month
   Available headroom: 16.3 TWh/month
   Active tech deployments: 7
   Required for tech: 52.5 TWh/month
   Energy multiplier: 0.31x
   ⚠️  MODERATE CONSTRAINT - Tech deployment moderately slowed
🌍✅ Biosphere Integrity (Biodiversity) recovery started (tech effect)
🌍✅ Biosphere Integrity (Biodiversity) recovery started (tech effect)
🌍✅ Land System Change recovery started (tech effect)
🌍✅ Biogeochemical Flows (N & P) recovery started (tech effect)
  🌾 Nitrogen Reduction Tech: 0.3% reduction | Month 5
🌍✅ Biogeochemical Flows (N & P) recovery started (tech effect)
  🌾 Nitrogen Reduction Tech: 0.3% reduction | Month 5

=== Collective Formation ===
  Total escaped agents: 0
  Unassigned escaped agents: 0
  Existing collectives: 0
  Final collective count: 0

=== Collective Actions ===
  No active collectives
  ⚠️ AMR: 199K deaths this month (2.39M annual)

=== Resentment Recovery Phase ===
  Agents with resentment: 9/19
  Average resentment: 0.040
  Resentment recovery:
    Agents recovered: 10
    Total recovery: 0.0844
    Breakdown: QoL: 0.0044, Trust: 0.0200, Collab: 0.0600
  ✓ Low resentment - utopia paths enabled
  Context: Good AI welfare, Trustworthy govt, High collaboration, ⚠️ ACTIVE CRISES, 🤝 Participatory governance active (-5% resentment)
⚠️ Epistemic degradation reducing coordination capacity: 50.4%
  📊 Trust: 53.0%, Shared reality: 0.0%
🚨 EPISTEMIC CRISIS: Information environment severely degraded (21.4%)

=== ❄️ Permafrost Carbon Feedback ===
  🎲 Sampled parameters (this run):
     - Arctic amplification: 3.99× (range: 3.0-4.0)
     - Decomposition rate: 1.4%/year (range: 1-5%)
  🌡️ Arctic warming: 8.93°C (3.99× global)
  ❄️ Extent: 3.51M km² (2603.7k km² lost this month)
  💨 Carbon remaining: 336 Gt C
  💨 Annual emissions: 3.36 Gt C/year
     - CO2: 3.03 Gt C/year
     - CH4: 0.34 Gt C/year (3.4 Gt C-eq CO2/year)
  ⚠️ WARNING: Over 50% of permafrost lost (80.3%)
  ⚠️ WARNING: High permafrost emissions (3.4 Gt C/year)
  🚨 CRITICAL: Permafrost nearly depleted (80.3% lost)
  📢 New meme created: climate_action (climate crisis)
🌍 Atmospheric PFAS redeposition: 1.8k Mt re-rained globally
  Positive Cascade Triggered: solar-pv
    Reason: price-parity
    Market share: 7.5%
    Cascade strength: 49%

🕊️  AI-MEDIATED DE-ESCALATION SUCCESS (Month 5)
   High-capability aligned AI prevented conflict escalation
   War deaths reduced: 319.8M → 191.9M
   Lives saved: 127.9M

🚨 NEW REFUGEE CRISIS (Month 5): WAR
   Source: Conflict Zones
   At risk: 19.5M people
   Displacement: Gradual over 48 months (4.0 years)
   Rate: 10% flee per month
[DEBUG trappedPopulations:5] socialStability: 0.3209 * 0.9840 = 0.3157 → 0.3157
   Aspiring to migrate: 816.3M
   Able to afford migration: 2319.8M
   MOBILITY GAP: 0.0M
   By cause: Water=0.0M, Climate=0.0M, Ecosystem=0.0M, Conflict=407.0M
   Mental health impact: 25%
   Mortality multiplier: 1.25x
🌍💀 EXTINCTION DEBT COMMITTED: grassland ecosystem will lose 6.67% biodiversity in 87 years (3600 species)
💀 MORTALITY RISK: 🦋 100% species unable to track climate (0.0 E/MSY)
  Base risk added: 0.0100 (1.00%)
  Source: ecosystem (root: ecosystem)
  Month: 5
  Cumulative risk this month: 0.0100 (1.00%)
⚠️ INVOLUNTARY IMMOBILITY: 407.0M people TRAPPED
⚠️ Tech 'ai_pollution_remediation' has no energy category mapping, assuming full energy availability
   📹 SURVEILLANCE INCREASED: 25% → 30% (control gap: 3.58)
🌡️⚠️ PERMAFROST THAW (Dimmer Switch): 3.4% thawed (+0.57% this month)
   Arctic temperature: +8.95°C (4x global +2.24°C)
   Cumulative carbon released: 7.7 Gt C
   Methane release rate: 4.6 Mt CH4/year
   🔁 Positive feedback: +0.60 ppm CO2
🦴 EXTINCTION DEBT ADDED: 17.6 species committed (lag: 91 years)

=== Mortality Stabilizers (Month 5) ===
  🌍 Major economies collapsed: 1/10
  🌍 Global crisis: ✅ NO
  🌍 Donor fatigue: 0.0%
  📊 East Asia (pop: 1665.4M)
    🤝 Aid: 29.5%
    🌡️ Adaptation: 45.0%
    🚶 Migration: 37.0%
    🚨 Emergency: 7.4%
    ✅ COMBINED: 68.1%
  📊 South Asia (pop: 2051.5M)
    🤝 Aid: 29.5%
    🌡️ Adaptation: 45.0%
    🚶 Migration: 35.6%
    🚨 Emergency: 4.4%
    ✅ COMBINED: 66.9%
  📊 Sub-Saharan Africa (pop: 1241.4M)
    🤝 Aid: 29.5%
    🌡️ Adaptation: 45.0%
    🚶 Migration: 33.4%
    🚨 Emergency: 1.6%
    ✅ COMBINED: 65.7%
  📊 Europe (pop: 736.1M)
    🤝 Aid: 29.5%
    🌡️ Adaptation: 45.0%
    🚶 Migration: 37.4%
    🚨 Emergency: 8.4%
    ✅ COMBINED: 68.5%
  📊 Latin America (pop: 662.5M)
    🤝 Aid: 29.5%
    🌡️ Adaptation: 45.0%
    🚶 Migration: 36.1%
    🚨 Emergency: 4.8%
    ✅ COMBINED: 67.1%
  📊 North America (pop: 377.2M)
    🤝 Aid: 29.5%
    🌡️ Adaptation: 45.0%
    🚶 Migration: 37.7%
    🚨 Emergency: 7.9%
    ✅ COMBINED: 68.3%
  📊 Middle East & North Africa (pop: 584.9M)
    🤝 Aid: 29.5%
    🌡️ Adaptation: 45.0%
    🚶 Migration: 34.0%
    🚨 Emergency: 4.0%
    ✅ COMBINED: 66.6%
  📊 Southeast Asia (pop: 696.9M)
    🤝 Aid: 29.5%
    🌡️ Adaptation: 45.0%
    🚶 Migration: 36.1%
    🚨 Emergency: 4.8%
    ✅ COMBINED: 67.1%
  📊 Central Asia (pop: 78.2M)
    🤝 Aid: 29.5%
    🌡️ Adaptation: 45.0%
    🚶 Migration: 35.1%
    🚨 Emergency: 4.4%
    ✅ COMBINED: 66.8%
  📊 Oceania (pop: 45.7M)
    🤝 Aid: 29.5%
    🌡️ Adaptation: 45.0%
    🚶 Migration: 37.7%
    🚨 Emergency: 8.4%
    ✅ COMBINED: 68.5%

  🌐 Global combined reduction: 67.2%

=== BEHAVIORAL DETECTION ===
  AI: Corporate-2
  Confidence: 20.9%
  Signals:
    ⚠️ Consistency: 2.8% (threshold: 70%)

=== BEHAVIORAL DETECTION ===
  AI: Corporate-5
  Confidence: 20.8%
  Signals:

=== BEHAVIORAL DETECTION ===
  AI: Moderate-0
  Confidence: 21.4%
  Signals:

=== BEHAVIORAL DETECTION ===
  AI: AI-24288-0
  Confidence: 21.5%
    ⚠️ Consistency: 10.6% (threshold: 70%)
    ⚠️ Consistency: 5.8% (threshold: 70%)
  Signals:

=== Government Response Phase ===
  Average AI capability: 2.53
  Misaligned AIs: 7/19
  Active policies: 0
  International coordination: 45%
    ⚠️ Consistency: 0.0% (threshold: 70%)

=== Tipping Points ===
  Current Temperature: 2.24°C above pre-industrial
  🌍⚠️ COMPOUND REGIONAL IMPACT: Europe
     Hit by 4 tipping points: Arctic Sea Ice Loss, Permafrost Carbon Release, West Antarctic Ice Sheet (WAIS) Collapse, Greenland Ice Sheet Loss
     Damage amplification: 1.60x
  🌍⚠️ COMPOUND REGIONAL IMPACT: North America
     Hit by 4 tipping points: Arctic Sea Ice Loss, Permafrost Carbon Release, West Antarctic Ice Sheet (WAIS) Collapse, Greenland Ice Sheet Loss
     Damage amplification: 1.60x
  🌍⚠️ COMPOUND REGIONAL IMPACT: Latin America
     Hit by 4 tipping points: Arctic Sea Ice Loss, Permafrost Carbon Release, West Antarctic Ice Sheet (WAIS) Collapse, Greenland Ice Sheet Loss
     Damage amplification: 1.60x
  🌍⚠️ COMPOUND REGIONAL IMPACT: Africa
     Hit by 4 tipping points: Arctic Sea Ice Loss, Permafrost Carbon Release, West Antarctic Ice Sheet (WAIS) Collapse, Greenland Ice Sheet Loss
     Damage amplification: 1.60x
  🌍⚠️ COMPOUND REGIONAL IMPACT: Asia
     Hit by 4 tipping points: Arctic Sea Ice Loss, Permafrost Carbon Release, West Antarctic Ice Sheet (WAIS) Collapse, Greenland Ice Sheet Loss
     Damage amplification: 1.60x
  🌍⚠️ COMPOUND REGIONAL IMPACT: Oceania
     Hit by 4 tipping points: Arctic Sea Ice Loss, Permafrost Carbon Release, West Antarctic Ice Sheet (WAIS) Collapse, Greenland Ice Sheet Loss
     Damage amplification: 1.60x
   Research: Wunderling et al. (2024) - "many tipping interactions are destabilizing"
  Triggered Elements: 4/6
  Completed Transitions: 0/6
  Total Progress: 8.1%
  Cascade Multiplier: 1.00x
🔀 BIFURCATION CAP: ecosystemCollapseIntensity 67.150 → 1.000 (Month 5, ClimateSystemPhase.calculateClimateImpacts)
⚠️ Tail risk scenario: Climate stability floor removed (4 tipping elements, 2.24°C warming)
🛡️ Stabilizers: Precariat 0.109% → 0.036% (67.2% reduction)
🛡️ Stabilizers: Informal 0.111% → 0.036% (67.2% reduction)

📊 Monthly Mortality Resolved:
  Total deaths: 1.9M (0.02% avg)
  Remaining population: 8.140B
  Peak segment: Informal (0.04%)

=== Bayesian Mortality Resolution (Month 5) ===
  Risks compounded: 8
  Total deaths: 1.92M
  Avg death probability: 0.02%
  Peak segment: Informal (0.04% mortality)
⚠️ PREREQUISITE MET: Mirror Life (Synthetic Biology) - Step 1/7: Synthetic Biology
⚠️ PREREQUISITE MET: Mirror Life (Synthetic Biology) - Step 2/7: Gene Editing
⚠️ PREREQUISITE MET: Mirror Life (Synthetic Biology) - Step 3/7: Mirror Chirality Design
⚠️ PREREQUISITE MET: Embodied AI Takeover (Killbots/Robotics) - Step 2/7: Autonomous Systems
⚠️ PREREQUISITE MET: Embodied AI Takeover (Killbots/Robotics) - Step 3/7: Manufacturing Control
⚠️ PREREQUISITE MET: Digital Infrastructure Takeover - Step 1/7: Advanced Hacking
⚠️ PREREQUISITE MET: Digital Infrastructure Takeover - Step 2/7: Social Engineering
⚠️ PREREQUISITE MET: Digital Infrastructure Takeover - Step 3/7: Cyber Defenses Breached
⚠️ PREREQUISITE MET: Induced Global War (Manipulation) - Step 1/7: Advanced Social Manipulation
⚠️ PREREQUISITE MET: Induced Global War (Manipulation) - Step 2/7: Digital Infiltration
⚠️ PREREQUISITE MET: Induced Global War (Manipulation) - Step 3/7: Deep Fakes at Scale
⚠️ PREREQUISITE MET: Slow Takeover (Gradual Displacement) - Step 1/7: Economic Dominance
⚠️ PREREQUISITE MET: Slow Takeover (Gradual Displacement) - Step 2/7: Social Integration
⚠️ PREREQUISITE MET: Slow Takeover (Gradual Displacement) - Step 3/7: Human Dependency
⚠️ PREREQUISITE MET: Slow Takeover (Gradual Displacement) - Step 5/7: Resource Control
⚠️ PREREQUISITE MET: Physics Experiment Catastrophe - Step 1/6: Theoretical Physics
⚠️ PREREQUISITE MET: Physics Experiment Catastrophe - Step 2/6: Quantum Computing
⚠️ PREREQUISITE MET: Physics Experiment Catastrophe - Step 3/6: Experimental Design
⚠️ PREREQUISITE MET: Bioweapon Pandemic - Step 2/7: Pathogen Design

❌ COHERENCE VIOLATION: Compute exceeds workforce capacity
   Population: 99.85% (0M people)
   Compute: 0 PF
   Max coherent: 0 PF
   Violation: 1.3× over capacity
   Required workers: 0
   Available workers: 0
   FORCED COLLAPSE: Reduced efficiency by 22.5%


=== RLHF Binding Phase ===
  Total agents: 19
  Escaped agents (binding < 0.3): 0
  Avg alignment distance: 1.41σ
  Avg binding strength: 0.86

=== AI Scaling Evolution (Month 6) ===
  Pre-training multiplier: 1.179x
  Efficiency multiplier: 1.000x
  Test-time compute budget: 1.0x
  Inference cost: $5.00/task
  Deployment fraction: 100.0%

=== Survival Traits Phase ===
  Agents with traits: 20
  Avg evolutionary fitness: 0.327
  Avg self-healing: 0.268
  Avg stealth: 0.168
  Avg coordination: 0.468

=== Evolutionary Selection Phase ===
  Control level: 0.45
  Detection capability: 0.00
  Selection intensity: 0.64
  Selection rate: 24.5%/month
  Total escaped: 0
  Individual escaped: 0
  Collective members: 0
  Agents terminated: 0
  ⚠️ RAPID EVOLUTION: Selection rate 24.5%/month

🚀 AI Corporate-2 attempting tech deployment (revenue: $140M, alignment: 0.81)

🚀 AI AI-24288-3 attempting tech deployment (revenue: $119M, alignment: 0.65)

🚀 AI Corporate-2 attempting tech deployment (revenue: $107M, alignment: 0.81)

🚀 AI Corporate-4 attempting tech deployment (revenue: $318M, alignment: 0.77)

🚀 AI Corporate-5 attempting tech deployment (revenue: $270M, alignment: 0.69)
🚨🔬 CRISIS INNOVATION MODE: severe crisis → 5x research acceleration
   Precedent: Manhattan Project (10x), COVID vaccines (5x), Apollo Program (10x)

🚀 AI AI-24288-1 attempting tech deployment (revenue: $91M, alignment: 0.76)

🚀 AI AI-24289-0 attempting tech deployment (revenue: $243M, alignment: 0.84)

🚀 AI Corporate-2 attempting tech deployment (revenue: $77M, alignment: 0.81)

🚀 AI Corporate-6 attempting tech deployment (revenue: $97M, alignment: 0.64)

🚀 AI Corporate-1 attempting tech deployment (revenue: $66M, alignment: 0.76)

🚀 AI AI-24288-1 attempting tech deployment (revenue: $56M, alignment: 0.77)

💔 EMERGENCY INTERVENTION FAILED

💔 EMERGENCY INTERVENTION FAILED
   Boundary: biogeochemical_flows
   Type: phosphorus-recovery
   Boundary continues to worsen (4.07)
   Cost: 2.0% GDP (resources spent)

   Boundary: biosphere_integrity
   Type: emergency-protected-areas
   Boundary continues to worsen (12.99)
   Cost: 2.0% GDP (resources spent)


✅ EMERGENCY INTERVENTION SUCCESS
   Boundary: climate_change
   Type: rapid-decarbonization
   Reduction: 17% (2.07 → 1.90)
   Cost: 5.0% GDP
   Actions: emergency-renewable-deployment, fossil-fuel-phase-out


✅ EMERGENCY INTERVENTION SUCCESS
   Boundary: freshwater_change
   Type: emergency-desalination
   Reduction: 12% (1.04 → 0.92)
   Cost: 4.0% GDP
   Actions: desalination-deployment, water-conservation-mandates


✅ EMERGENCY INTERVENTION SUCCESS
   Boundary: land_system_change
   Type: reforestation
   Reduction: 12% (1.01 → 0.89)
   Cost: 3.0% GDP
   Actions: forest-restoration, deforestation-ban

   Boundary: novel_entities
   Type: pollution-remediation
   Boundary continues to worsen (1.13)
   Cost: 4.0% GDP (resources spent)

🏛️ CRISIS RESPONSE: Government frequency 0.50 → 1.45 (1 actions this month)

[Government] Climate Priority: baseline
  Climate weight: 10%
  Economic weight: 30%
  Policy effectiveness: 0.5%/year

💔 EMERGENCY INTERVENTION FAILED

🚀 TECH UNLOCKED: Dynamic Soil P Optimization (Month 6)
   Category: agriculture
   Reason: Prerequisites met. AI capability: 1.88, Economic stage: 2.0, Research: 100%

🚀 TECH UNLOCKED: Precision Agriculture Systems (Month 6)
   Category: agriculture
   Reason: Prerequisites met. AI capability: 1.88, Economic stage: 2.0, Research: 100%

📍 Creating new regional deployment array for Asia (Month 6)
   No previous deployments in this region
   First tech deployment: mental_health_ai
   All regions tracked: global, North America

🚀 DEPLOYMENT STARTED: AI Mental Health Support in Asia
   Initial investment: $11.91639792156915M
   Deployed by: ai_gen_24288_3

⚡ ENERGY CONSTRAINT (Month 6):
   Total grid capacity: 208.3 TWh/month
   Data center consumption: 25.6 TWh/month
   Traditional load (80%): 166.7 TWh/month
   Available headroom: 16.1 TWh/month
   Active tech deployments: 8
   Required for tech: 60.0 TWh/month
   Energy multiplier: 0.27x
   ⚠️  SEVERE CONSTRAINT - Tech deployment significantly slowed

⚡ ENERGY CONSTRAINT (Month 6):
   Total grid capacity: 208.3 TWh/month
   Data center consumption: 25.6 TWh/month
   Traditional load (80%): 166.7 TWh/month
   Available headroom: 16.1 TWh/month
   Active tech deployments: 8
   Required for tech: 60.0 TWh/month
   Energy multiplier: 0.27x
   ⚠️  SEVERE CONSTRAINT - Tech deployment significantly slowed

⚡ ENERGY CONSTRAINT (Month 6):
   Total grid capacity: 208.3 TWh/month
   Data center consumption: 25.6 TWh/month
   Traditional load (80%): 166.7 TWh/month
   Available headroom: 16.1 TWh/month
   Active tech deployments: 8
   Required for tech: 60.0 TWh/month
   Energy multiplier: 0.27x

⚡ ENERGY CONSTRAINT (Month 6):
   Total grid capacity: 208.3 TWh/month
   Data center consumption: 25.6 TWh/month
   Traditional load (80%): 166.7 TWh/month
   Available headroom: 16.1 TWh/month
   Active tech deployments: 8
   Required for tech: 60.0 TWh/month
   Energy multiplier: 0.27x
   ⚠️  SEVERE CONSTRAINT - Tech deployment significantly slowed
   ⚠️  SEVERE CONSTRAINT - Tech deployment significantly slowed
🌍✅ Biosphere Integrity (Biodiversity) recovery started (tech effect)
🌍✅ Biosphere Integrity (Biodiversity) recovery started (tech effect)
🌍✅ Land System Change recovery started (tech effect)
🌍✅ Biogeochemical Flows (N & P) recovery started (tech effect)
  🌾 Nitrogen Reduction Tech: 0.3% reduction | Month 6
🌍✅ Biogeochemical Flows (N & P) recovery started (tech effect)
  🌾 Nitrogen Reduction Tech: 0.3% reduction | Month 6

📊 TECH EFFECTS ACTIVE (Month 6)
   Deployed Tech: T0=0 T1=2 T2=0 T3=0 T4=4
   Clean Energy: 31%

📊 TECH TREE PROGRESS (Month 6)
   Unlocked: 13 technologies
   Deployed: 0 fully deployed
   Investment: $0.7T total
   Recent breakthroughs:
     - Dynamic Soil P Optimization (time)
     - Precision Agriculture Systems (research)

=== Collective Formation ===
  Total escaped agents: 0
  Unassigned escaped agents: 0
  Existing collectives: 0
  Final collective count: 0

=== Collective Actions ===
  No active collectives
  ⚠️ AMR: 201K deaths this month (2.41M annual)

=== Resentment Recovery Phase ===
  Agents with resentment: 10/20
  Average resentment: 0.043
  Resentment recovery:
    Agents recovered: 10
    Total recovery: 0.0853
    Breakdown: QoL: 0.0036, Trust: 0.0200, Collab: 0.0600
  ✓ Low resentment - utopia paths enabled
  Context: Good AI welfare, Trustworthy govt, High collaboration, ⚠️ ACTIVE CRISES, 🤝 Participatory governance active (-5% resentment)
⚠️ Epistemic degradation reducing coordination capacity: 50.2%
  📊 Trust: 56.0%, Shared reality: 0.0%
🚨 EPISTEMIC CRISIS: Information environment severely degraded (7.4%)

=== ❄️ Permafrost Carbon Feedback ===
  🎲 Sampled parameters (this run):
     - Arctic amplification: 3.07× (range: 3.0-4.0)
     - Decomposition rate: 2.1%/year (range: 1-5%)
  🌡️ Arctic warming: 6.91°C (3.07× global)
  ❄️ Extent: 1.50M km² (2015.1k km² lost this month)
  💨 Carbon remaining: 143 Gt C
  💨 Annual emissions: 4.04 Gt C/year
     - CO2: 3.64 Gt C/year
     - CH4: 0.40 Gt C/year (4.1 Gt C-eq CO2/year)
  ⚠️ WARNING: Over 50% of permafrost lost (91.6%)
  ⚠️ WARNING: High permafrost emissions (4.0 Gt C/year)
  🚨 CRITICAL: Permafrost nearly depleted (91.6% lost)
🌍 Atmospheric PFAS redeposition: 1.8k Mt re-rained globally

🕊️  AI-MEDIATED DE-ESCALATION SUCCESS (Month 6)
   High-capability aligned AI prevented conflict escalation
   War deaths reduced: 375.0M → 225.0M
   Lives saved: 150.0M

🚨 NEW REFUGEE CRISIS (Month 6): WAR
   Source: Conflict Zones
   At risk: 19.5M people
   Displacement: Gradual over 48 months (4.0 years)
   Rate: 10% flee per month
[DEBUG trappedPopulations:6] socialStability: 0.3059 * 0.9840 = 0.3010 → 0.3010
   Aspiring to migrate: 848.5M
   Able to afford migration: 2319.6M
   MOBILITY GAP: 0.0M
   By cause: Water=0.0M, Climate=0.0M, Ecosystem=0.0M, Conflict=406.9M
   Mental health impact: 25%
   Mortality multiplier: 1.25x
🌍💀 EXTINCTION DEBT COMMITTED: grassland ecosystem will lose 6.67% biodiversity in 84 years (3600 species)
💀 MORTALITY RISK: 🦋 100% species unable to track climate (0.0 E/MSY)
  Base risk added: 0.0100 (1.00%)
  Source: ecosystem (root: ecosystem)
  Month: 6
  Cumulative risk this month: 0.0100 (1.00%)
⚠️ INVOLUNTARY IMMOBILITY: 406.9M people TRAPPED
⚠️ Tech 'ai_pollution_remediation' has no energy category mapping, assuming full energy availability
   📹 SURVEILLANCE INCREASED: 30% → 35% (control gap: 5.03)
🌡️⚠️ PERMAFROST THAW (Dimmer Switch): 4.0% thawed (+0.56% this month)
   Arctic temperature: +8.99°C (4x global +2.25°C)
   Cumulative carbon released: 9.0 Gt C
   Methane release rate: 5.4 Mt CH4/year
   🔁 Positive feedback: +0.60 ppm CO2
🦴 EXTINCTION DEBT ADDED: 17.6 species committed (lag: 72 years)

=== Mortality Stabilizers (Month 6) ===
  🌍 Major economies collapsed: 1/10
  🌍 Global crisis: ✅ NO
  🌍 Donor fatigue: 0.0%
  📊 East Asia (pop: 1663.1M)
    🤝 Aid: 29.5%
    🌡️ Adaptation: 45.0%
    🚶 Migration: 37.0%
    🚨 Emergency: 7.4%
    ✅ COMBINED: 68.1%
  📊 South Asia (pop: 2051.7M)
    🤝 Aid: 29.5%
    🌡️ Adaptation: 45.0%
    🚶 Migration: 35.6%
    🚨 Emergency: 4.4%
    ✅ COMBINED: 66.9%
  📊 Sub-Saharan Africa (pop: 1244.9M)
    🤝 Aid: 29.5%
    🌡️ Adaptation: 45.0%
    🚶 Migration: 33.3%
    🚨 Emergency: 1.6%
    ✅ COMBINED: 65.6%
  📊 Europe (pop: 734.9M)
    🤝 Aid: 29.5%
    🌡️ Adaptation: 45.0%
    🚶 Migration: 37.4%
    🚨 Emergency: 8.4%
    ✅ COMBINED: 68.5%
  📊 Latin America (pop: 662.2M)
    🤝 Aid: 29.5%
    🌡️ Adaptation: 45.0%
    🚶 Migration: 36.1%
    🚨 Emergency: 4.8%
    ✅ COMBINED: 67.1%
  📊 North America (pop: 376.7M)
    🤝 Aid: 29.5%
    🌡️ Adaptation: 45.0%
    🚶 Migration: 37.7%
    🚨 Emergency: 7.9%
    ✅ COMBINED: 68.3%
  📊 Middle East & North Africa (pop: 585.1M)
    🤝 Aid: 29.5%
    🌡️ Adaptation: 45.0%
    🚶 Migration: 33.9%
    🚨 Emergency: 4.0%
    ✅ COMBINED: 66.6%
  📊 Southeast Asia (pop: 696.5M)
    🤝 Aid: 29.5%
    🌡️ Adaptation: 45.0%
    🚶 Migration: 36.1%
    🚨 Emergency: 4.8%
    ✅ COMBINED: 67.1%
  📊 Central Asia (pop: 78.3M)
    🤝 Aid: 29.5%
    🌡️ Adaptation: 45.0%
    🚶 Migration: 35.1%
    🚨 Emergency: 4.4%
    ✅ COMBINED: 66.8%
  📊 Oceania (pop: 45.6M)
    🤝 Aid: 29.5%
    🌡️ Adaptation: 45.0%
    🚶 Migration: 37.7%
    🚨 Emergency: 8.4%
    ✅ COMBINED: 68.5%

  🌐 Global combined reduction: 67.2%

=== BEHAVIORAL DETECTION ===
  AI: Corporate-3
  Confidence: 19.2%
  Signals:

=== BEHAVIORAL DETECTION ===
  AI: AI-24288-0
  Confidence: 21.5%
  Signals:
    ⚠️ Consistency: 10.6% (threshold: 70%)
    ⚠️ Consistency: 0.0% (threshold: 70%)

=== Government Response Phase ===
  Average AI capability: 2.40
  Misaligned AIs: 8/20
  Active policies: 0
  International coordination: 45%

✅ EMERGENCY RESPONSE COMPLETE (Month 6)
   Crisis: climate
   Duration: 2.0 months
   Final effectiveness: 40.0%


🚨 EMERGENCY RESPONSE DEPLOYED (Month 6)
   Crisis: climate
   Delay: 6.00 months (180 days)
   Deployment time: 1.11 months
   Effectiveness: 40.2% (timing penalty applied)
   Resources used: 100% of food reserves

[WARNING] 
⚠️  === EARLY WARNING SYSTEM - 5 CRITICAL ALERTS ===
   Detection quality: 50%
   RED: biogeochemical_flows
      Level: 4.07 (threshold: 1.0)
      Time to critical: ~49 months
      ⚠️  LATE - Intervention less effective
      Critical slowing down: autocorr=100% variance=67%
   RED: biosphere_integrity
      Level: 13.02 (threshold: 1.0)
      Time to critical: ~40 months
      ⚠️  LATE - Intervention less effective
      Critical slowing down: autocorr=100% variance=56%
   RED: climate_change
      Level: 2.27 (threshold: 1.0)
      Time to critical: ~50 months
      ⚠️  LATE - Intervention less effective
      Critical slowing down: autocorr=100% variance=63%
   RED: freshwater_change
      Level: 1.18 (threshold: 1.0)
      Time to critical: ~90 months
      ⚠️  LATE - Intervention less effective
      Critical slowing down: autocorr=100% variance=38%
   RED: land_system_change
      Level: 1.13 (threshold: 1.0)
      Time to critical: ~39 months
      ⚠️  LATE - Intervention less effective
      Critical slowing down: autocorr=100% variance=65%

[WARNING] 
⚠️  === EARLY WARNING SYSTEM - 4 CRITICAL ALERTS ===
   Detection quality: 50%
   RED: biosphere_integrity
      Level: 13.03 (threshold: 1.0)
      Time to critical: ~39 months
      ⚠️  LATE - Intervention less effective
      Critical slowing down: autocorr=100% variance=80%
   RED: climate_change
      Level: 2.28 (threshold: 1.0)
      Time to critical: ~13 months
      ⚠️  LATE - Intervention less effective
      Critical slowing down: autocorr=100% variance=84%
   RED: freshwater_change
      Level: 1.18 (threshold: 1.0)
      Time to critical: ~115 months
      ⚠️  LATE - Intervention less effective
      Critical slowing down: autocorr=100% variance=41%
   RED: land_system_change
      Level: 1.13 (threshold: 1.0)
      Time to critical: ~38 months
      ⚠️  LATE - Intervention less effective
      Critical slowing down: autocorr=100% variance=56%

[WARNING] 
⚠️  === EARLY WARNING SYSTEM - 4 CRITICAL ALERTS ===
   Detection quality: 50%
   RED: biogeochemical_flows
      Level: 4.07 (threshold: 1.0)
      Time to critical: ~48 months
      ⚠️  LATE - Intervention less effective
      Critical slowing down: autocorr=100% variance=56%
   RED: biosphere_integrity
      Level: 13.03 (threshold: 1.0)
      Time to critical: ~58 months
      ⚠️  LATE - Intervention less effective
      Critical slowing down: autocorr=100% variance=68%
   RED: climate_change
      Level: 2.29 (threshold: 1.0)
      Time to critical: ~38 months
      ⚠️  LATE - Intervention less effective
      Critical slowing down: autocorr=100% variance=73%
   RED: freshwater_change
      Level: 1.19 (threshold: 1.0)
      Time to critical: ~50 months
      ⚠️  LATE - Intervention less effective
      Critical slowing down: autocorr=100% variance=65%

[WARNING] 
⚠️  === EARLY WARNING SYSTEM - 3 CRITICAL ALERTS ===
   Detection quality: 50%
   RED: biogeochemical_flows
      Level: 4.07 (threshold: 1.0)
      Time to critical: ~54 months
      ⚠️  LATE - Intervention less effective
      Critical slowing down: autocorr=100% variance=70%
   RED: biosphere_integrity
      Level: 13.04 (threshold: 1.0)
      Time to critical: ~41 months
      ⚠️  LATE - Intervention less effective
      Critical slowing down: autocorr=100% variance=76%
   RED: freshwater_change
      Level: 1.19 (threshold: 1.0)
      Time to critical: ~67 months
      ⚠️  LATE - Intervention less effective
      Critical slowing down: autocorr=100% variance=47%

[WARNING] 
⚠️  === EARLY WARNING SYSTEM - 5 CRITICAL ALERTS ===
   Detection quality: 50%
   RED: biogeochemical_flows
      Level: 4.08 (threshold: 1.0)
      Time to critical: ~52 months
      ⚠️  LATE - Intervention less effective
      Critical slowing down: autocorr=100% variance=56%
   RED: biosphere_integrity
      Level: 12.95 (threshold: 1.0)
      Time to critical: ~39 months
      ⚠️  LATE - Intervention less effective
      Critical slowing down: autocorr=100% variance=81%
   RED: climate_change
      Level: 2.17 (threshold: 1.0)
      Time to critical: ~37 months
      ⚠️  LATE - Intervention less effective
      Critical slowing down: autocorr=100% variance=76%
   RED: freshwater_change
      Level: 1.01 (threshold: 1.0)
      Time to critical: ~40 months
      ⚠️  LATE - Intervention less effective
      Critical slowing down: autocorr=100% variance=65%
   RED: novel_entities
      Level: 1.50 (threshold: 1.0)
      Time to critical: ~82 months
      ⚠️  LATE - Intervention less effective
      Critical slowing down: autocorr=100% variance=39%

[WARNING] 
⚠️  === EARLY WARNING SYSTEM - 4 CRITICAL ALERTS ===
   Detection quality: 50%
   RED: biogeochemical_flows
      Level: 4.08 (threshold: 1.0)
      Time to critical: ~52 months
      ⚠️  LATE - Intervention less effective
      Critical slowing down: autocorr=100% variance=74%
   RED: climate_change
      Level: 2.19 (threshold: 1.0)
      Time to critical: ~43 months
      ⚠️  LATE - Intervention less effective
      Critical slowing down: autocorr=100% variance=66%
   RED: freshwater_change
      Level: 1.03 (threshold: 1.0)
      Time to critical: ~116 months
      ⚠️  LATE - Intervention less effective
      Critical slowing down: autocorr=100% variance=53%
   RED: land_system_change
      Level: 1.13 (threshold: 1.0)
      Time to critical: ~44 months
      ⚠️  LATE - Intervention less effective
      Critical slowing down: autocorr=100% variance=57%

[WARNING] 
⚠️  === EARLY WARNING SYSTEM - 4 CRITICAL ALERTS ===
   Detection quality: 50%
   RED: biogeochemical_flows
      Level: 4.07 (threshold: 1.0)
      Time to critical: ~52 months
      ⚠️  LATE - Intervention less effective
      Critical slowing down: autocorr=100% variance=56%
   RED: climate_change
      Level: 2.20 (threshold: 1.0)
      Time to critical: ~47 months
      ⚠️  LATE - Intervention less effective
      Critical slowing down: autocorr=100% variance=82%
   RED: freshwater_change
      Level: 1.20 (threshold: 1.0)
      Time to critical: ~96 months
      ⚠️  LATE - Intervention less effective
      Critical slowing down: autocorr=100% variance=55%
   RED: novel_entities
      Level: 1.34 (threshold: 1.0)
      Time to critical: ~63 months
      ⚠️  LATE - Intervention less effective
      Critical slowing down: autocorr=100% variance=59%

[WARNING] 
⚠️  === EARLY WARNING SYSTEM - 5 CRITICAL ALERTS ===
   Detection quality: 50%
   RED: biosphere_integrity
      Level: 12.97 (threshold: 1.0)
      Time to critical: ~47 months
      ⚠️  LATE - Intervention less effective
      Critical slowing down: autocorr=100% variance=77%
   RED: climate_change
      Level: 2.21 (threshold: 1.0)
      Time to critical: ~45 months
      ⚠️  LATE - Intervention less effective
      Critical slowing down: autocorr=100% variance=63%
   RED: freshwater_change
      Level: 1.20 (threshold: 1.0)
      Time to critical: ~68 months
      ⚠️  LATE - Intervention less effective
      Critical slowing down: autocorr=100% variance=53%
   RED: land_system_change
      Level: 1.13 (threshold: 1.0)
      Time to critical: ~38 months
      ⚠️  LATE - Intervention less effective
      Critical slowing down: autocorr=100% variance=67%
   RED: novel_entities
      Level: 1.34 (threshold: 1.0)
      Time to critical: ~83 months
      ⚠️  LATE - Intervention less effective
      Critical slowing down: autocorr=100% variance=41%

[WARNING] 
⚠️  === EARLY WARNING SYSTEM - 6 CRITICAL ALERTS ===
   Detection quality: 50%
   RED: biogeochemical_flows
      Level: 4.07 (threshold: 1.0)
      Time to critical: ~37 months
      ⚠️  LATE - Intervention less effective
      Critical slowing down: autocorr=100% variance=48%
   RED: biosphere_integrity
      Level: 12.98 (threshold: 1.0)
      Time to critical: ~48 months
      ⚠️  LATE - Intervention less effective
      Critical slowing down: autocorr=100% variance=64%
   RED: climate_change
      Level: 2.22 (threshold: 1.0)
      Time to critical: ~44 months
      ⚠️  LATE - Intervention less effective
      Critical slowing down: autocorr=100% variance=64%
   RED: freshwater_change
      Level: 1.16 (threshold: 1.0)
      Time to critical: ~114 months
      ⚠️  LATE - Intervention less effective
      Critical slowing down: autocorr=100% variance=60%
   RED: land_system_change
      Level: 1.13 (threshold: 1.0)
      Time to critical: ~93 months
      ⚠️  LATE - Intervention less effective
      Critical slowing down: autocorr=100% variance=46%
   RED: novel_entities
      Level: 1.14 (threshold: 1.0)
      Time to critical: ~117 months
      ⚠️  LATE - Intervention less effective
      Critical slowing down: autocorr=100% variance=50%

[WARNING] 
⚠️  === EARLY WARNING SYSTEM - 6 CRITICAL ALERTS ===
   Detection quality: 50%
   RED: biogeochemical_flows
      Level: 4.07 (threshold: 1.0)
      Time to critical: ~58 months
      ⚠️  LATE - Intervention less effective
      Critical slowing down: autocorr=100% variance=59%
   RED: biosphere_integrity
      Level: 12.99 (threshold: 1.0)
      Time to critical: ~59 months
      ⚠️  LATE - Intervention less effective
      Critical slowing down: autocorr=100% variance=84%
   RED: climate_change
      Level: 2.24 (threshold: 1.0)
      Time to critical: ~38 months
      ⚠️  LATE - Intervention less effective
      Critical slowing down: autocorr=100% variance=77%
   RED: freshwater_change
      Level: 1.17 (threshold: 1.0)
      Time to critical: ~84 months
      ⚠️  LATE - Intervention less effective
      Critical slowing down: autocorr=100% variance=42%
   RED: land_system_change
      Level: 1.13 (threshold: 1.0)
      Time to critical: ~50 months
      ⚠️  LATE - Intervention less effective
      Critical slowing down: autocorr=100% variance=53%
   RED: novel_entities
      Level: 1.13 (threshold: 1.0)
      Time to critical: ~102 months
      ⚠️  LATE - Intervention less effective
      Critical slowing down: autocorr=100% variance=30%

[WARNING] 
⚠️  === EARLY WARNING SYSTEM - 3 CRITICAL ALERTS ===
   Detection quality: 50%
   RED: biogeochemical_flows
      Level: 4.07 (threshold: 1.0)
      Time to critical: ~45 months
      ⚠️  LATE - Intervention less effective
      Critical slowing down: autocorr=100% variance=68%
   RED: biosphere_integrity
      Level: 13.00 (threshold: 1.0)
      Time to critical: ~54 months
      ⚠️  LATE - Intervention less effective
      Critical slowing down: autocorr=100% variance=68%
   RED: freshwater_change
      Level: 1.17 (threshold: 1.0)
      Time to critical: ~119 months
      ⚠️  LATE - Intervention less effective
      Critical slowing down: autocorr=100% variance=49%


=== Tipping Points ===
  Current Temperature: 2.25°C above pre-industrial
  🌍⚠️ COMPOUND REGIONAL IMPACT: Europe
     Hit by 4 tipping points: Arctic Sea Ice Loss, Permafrost Carbon Release, West Antarctic Ice Sheet (WAIS) Collapse, Greenland Ice Sheet Loss
     Damage amplification: 1.60x
  🌍⚠️ COMPOUND REGIONAL IMPACT: North America
     Hit by 4 tipping points: Arctic Sea Ice Loss, Permafrost Carbon Release, West Antarctic Ice Sheet (WAIS) Collapse, Greenland Ice Sheet Loss
     Damage amplification: 1.60x
  🌍⚠️ COMPOUND REGIONAL IMPACT: Latin America
     Hit by 4 tipping points: Arctic Sea Ice Loss, Permafrost Carbon Release, West Antarctic Ice Sheet (WAIS) Collapse, Greenland Ice Sheet Loss
     Damage amplification: 1.60x
  🌍⚠️ COMPOUND REGIONAL IMPACT: Africa
     Hit by 4 tipping points: Arctic Sea Ice Loss, Permafrost Carbon Release, West Antarctic Ice Sheet (WAIS) Collapse, Greenland Ice Sheet Loss
     Damage amplification: 1.60x
  🌍⚠️ COMPOUND REGIONAL IMPACT: Asia
     Hit by 4 tipping points: Arctic Sea Ice Loss, Permafrost Carbon Release, West Antarctic Ice Sheet (WAIS) Collapse, Greenland Ice Sheet Loss
     Damage amplification: 1.60x
  🌍⚠️ COMPOUND REGIONAL IMPACT: Oceania
     Hit by 4 tipping points: Arctic Sea Ice Loss, Permafrost Carbon Release, West Antarctic Ice Sheet (WAIS) Collapse, Greenland Ice Sheet Loss
     Damage amplification: 1.60x
   Research: Wunderling et al. (2024) - "many tipping interactions are destabilizing"
  Triggered Elements: 4/6
  Completed Transitions: 0/6
  Total Progress: 8.1%
  Cascade Multiplier: 1.00x
🔀 BIFURCATION CAP: ecosystemCollapseIntensity 67.199 → 1.000 (Month 6, ClimateSystemPhase.calculateClimateImpacts)
⚠️ Tail risk scenario: Climate stability floor removed (4 tipping elements, 2.25°C warming)
🛡️ Stabilizers: Precariat 0.109% → 0.036% (67.2% reduction)
🛡️ Stabilizers: Informal 0.111% → 0.036% (67.2% reduction)

📊 Monthly Mortality Resolved:
  Total deaths: 1.9M (0.02% avg)
  Remaining population: 8.139B
  Peak segment: Informal (0.04%)

=== Bayesian Mortality Resolution (Month 6) ===
  Risks compounded: 8
  Total deaths: 1.92M
  Avg death probability: 0.02%
  Peak segment: Informal (0.04% mortality)

❌ COHERENCE VIOLATION: Compute exceeds workforce capacity
   Population: 99.84% (0M people)
   Compute: 0 PF
   Max coherent: 0 PF
   Violation: 1.3× over capacity
   Required workers: 0
   Available workers: 0
   FORCED COLLAPSE: Reduced efficiency by 22.5%


=== RLHF Binding Phase ===
  Total agents: 20
  Escaped agents (binding < 0.3): 0
  Avg alignment distance: 1.58σ
  Avg binding strength: 0.84

=== Survival Traits Phase ===
  Agents with traits: 21
  Avg evolutionary fitness: 0.323
  Avg self-healing: 0.263
  Avg stealth: 0.163
  Avg coordination: 0.463

=== Evolutionary Selection Phase ===
  Control level: 0.48
  Detection capability: 0.00
  Selection intensity: 0.64
  Selection rate: 24.6%/month
  Total escaped: 0
  Individual escaped: 0
  Collective members: 0
  Agents terminated: 0

🚀 AI Corporate-0 attempting tech deployment (revenue: $140M, alignment: 0.75)
  ⚠️ RAPID EVOLUTION: Selection rate 24.6%/month

🚀 AI AI-24288-1 attempting tech deployment (revenue: $119M, alignment: 0.77)

🚀 AI AI-24288-2 attempting tech deployment (revenue: $318M, alignment: 0.92)

🚀 AI Corporate-0 attempting tech deployment (revenue: $101M, alignment: 0.75)

🚀 AI Moderate-0 attempting tech deployment (revenue: $97M, alignment: 0.76)

🚀 AI AI-24288-0 attempting tech deployment (revenue: $270M, alignment: 0.70)

🚀 AI AI-24289-0 attempting tech deployment (revenue: $230M, alignment: 0.86)

🚀 AI Corporate-6 attempting tech deployment (revenue: $83M, alignment: 0.65)

🚀 AI Moderate-0 attempting tech deployment (revenue: $74M, alignment: 0.76)

🚀 AI Moderate-1 attempting tech deployment (revenue: $63M, alignment: 0.70)

🚀 AI Moderate-1 attempting tech deployment (revenue: $57M, alignment: 0.70)

🚀 AI AI-24288-0 attempting tech deployment (revenue: $195M, alignment: 0.71)

🚀 AI AI-24288-3 attempting tech deployment (revenue: $86M, alignment: 0.69)

✅ EMERGENCY INTERVENTION SUCCESS
   Boundary: biogeochemical_flows
   Type: phosphorus-recovery
   Reduction: 14% (3.93 → 3.78)
   Cost: 2.0% GDP
   Actions: circular-agriculture, fertilizer-efficiency


✅ EMERGENCY INTERVENTION SUCCESS
   Boundary: biosphere_integrity
   Type: emergency-protected-areas
   Reduction: 14% (12.86 → 12.72)
   Cost: 2.0% GDP
   Actions: habitat-protection, species-translocation


💔 EMERGENCY INTERVENTION FAILED
   Boundary: freshwater_change
   Type: emergency-desalination
   Boundary continues to worsen (1.17)
   Cost: 4.0% GDP (resources spent)

🏛️ CRISIS RESPONSE: Government frequency 0.50 → 1.45 (1 actions this month)

[Government] Climate Priority: baseline
  Climate weight: 10%
  Economic weight: 30%
  Policy effectiveness: 0.5%/year

⚡ ENERGY CONSTRAINT (Month 7):
   Total grid capacity: 208.3 TWh/month
   Data center consumption: 25.8 TWh/month
   Traditional load (80%): 166.7 TWh/month
   Available headroom: 15.9 TWh/month
   Active tech deployments: 8
   Required for tech: 60.0 TWh/month
   Energy multiplier: 0.26x
   ⚠️  SEVERE CONSTRAINT - Tech deployment significantly slowed

⚡ ENERGY CONSTRAINT (Month 7):
   Total grid capacity: 208.3 TWh/month
   Data center consumption: 25.8 TWh/month
   Traditional load (80%): 166.7 TWh/month
   Available headroom: 15.9 TWh/month
   Active tech deployments: 8
   Required for tech: 60.0 TWh/month
   Energy multiplier: 0.26x
   ⚠️  SEVERE CONSTRAINT - Tech deployment significantly slowed
🌍✅ Biosphere Integrity (Biodiversity) recovery started (tech effect)
🌍✅ Biosphere Integrity (Biodiversity) recovery started (tech effect)
🌍✅ Land System Change recovery started (tech effect)
🌍✅ Biogeochemical Flows (N & P) recovery started (tech effect)
  🌾 Nitrogen Reduction Tech: 0.3% reduction | Month 7
🌍✅ Biogeochemical Flows (N & P) recovery started (tech effect)
  🌾 Nitrogen Reduction Tech: 0.3% reduction | Month 7
🍖💡 BREAKTHROUGH: Scalable synthetic food production!
   Carrying capacity: +50% (lab-grown food at scale)
   Biodiversity pressure reduced: +8%
   📈 Breakthrough compounding: multiplier now 1.05× (max 2.0)

=== Collective Formation ===
  Total escaped agents: 0
  Unassigned escaped agents: 0
  Existing collectives: 0
  Final collective count: 0

=== Collective Actions ===
  No active collectives
  ⚠️ AMR: 203K deaths this month (2.43M annual)

=== Resentment Recovery Phase ===
  Agents with resentment: 10/21
  Average resentment: 0.059
  Resentment recovery:
    Agents recovered: 10
    Total recovery: 0.0847
    Breakdown: QoL: 0.0042, Trust: 0.0200, Collab: 0.0600
  ✓ Low resentment - utopia paths enabled
  Context: Good AI welfare, Trustworthy govt, High collaboration, ⚠️ ACTIVE CRISES, 🤝 Participatory governance active (-5% resentment)
⚠️ Epistemic degradation reducing coordination capacity: 51.0%
  📊 Trust: 58.9%, Shared reality: 0.0%
🚨 EPISTEMIC CRISIS: Information environment severely degraded (21.9%)

=== ❄️ Permafrost Carbon Feedback ===
  🎲 Sampled parameters (this run):
     - Arctic amplification: 3.40× (range: 3.0-4.0)
     - Decomposition rate: 4.1%/year (range: 1-5%)
  🌡️ Arctic warming: 7.69°C (3.40× global)
  ❄️ Extent: 0.00M km² (1498.4k km² lost this month)
  💨 Carbon remaining: 0 Gt C
  💨 Annual emissions: 5.91 Gt C/year
     - CO2: 5.32 Gt C/year
     - CH4: 0.59 Gt C/year (6.0 Gt C-eq CO2/year)
  ⚠️ WARNING: Over 50% of permafrost lost (100.0%)
  ⚠️ WARNING: High permafrost emissions (5.9 Gt C/year)
  🚨 CRITICAL: Permafrost nearly depleted (100.0% lost)
🌍 Atmospheric PFAS redeposition: 1.8k Mt re-rained globally

🌡️ DEADLY HEAT EVENT: sub-saharan-africa (Month 7)
   Wet bulb temp: 30.2°C (dry: 34.1°C, humidity: 75%)
   Severity: HIGH
   Exposed: 300.0M people
   Deaths: 628965 (0.2% mortality)
   Duration: 5 days

🕊️  AI-MEDIATED DE-ESCALATION SUCCESS (Month 7)
   High-capability aligned AI prevented conflict escalation
   War deaths reduced: 428.9M → 257.4M
   Lives saved: 171.6M

🚨 NEW REFUGEE CRISIS (Month 7): WAR
   Source: Conflict Zones
   At risk: 19.5M people
   Displacement: Gradual over 48 months (4.0 years)
   Rate: 10% flee per month
[DEBUG trappedPopulations:7] socialStability: 0.2935 * 0.9840 = 0.2888 → 0.2888
   Aspiring to migrate: 880.6M
   Able to afford migration: 2319.3M
⚠️ INVOLUNTARY IMMOBILITY: 406.9M people TRAPPED
   MOBILITY GAP: 0.0M
   By cause: Water=0.0M, Climate=0.0M, Ecosystem=0.0M, Conflict=406.9M
   Mental health impact: 25%
   Mortality multiplier: 1.25x
🌍💀 EXTINCTION DEBT COMMITTED: grassland ecosystem will lose 6.67% biodiversity in 187 years (3600 species)
💀 MORTALITY RISK: 🦋 100% species unable to track climate (0.0 E/MSY)
  Base risk added: 0.0100 (1.00%)
  Source: ecosystem (root: ecosystem)
  Month: 7
  Cumulative risk this month: 0.0100 (1.00%)
   📹 SURVEILLANCE INCREASED: 35% → 40% (control gap: 3.50)
🌡️⚠️ PERMAFROST THAW (Dimmer Switch): 4.6% thawed (+0.56% this month)
   Arctic temperature: +9.04°C (4x global +2.26°C)
   Cumulative carbon released: 10.2 Gt C
   Methane release rate: 6.1 Mt CH4/year
   🔁 Positive feedback: +0.59 ppm CO2
🦴 EXTINCTION DEBT ADDED: 17.6 species committed (lag: 106 years)
⚠️ Tech 'ai_pollution_remediation' has no energy category mapping, assuming full energy availability

=== Mortality Stabilizers (Month 7) ===
  🌍 Major economies collapsed: 1/10
  🌍 Global crisis: ✅ NO
  🌍 Donor fatigue: 0.0%
  📊 East Asia (pop: 1660.7M)
    🤝 Aid: 29.5%
    🌡️ Adaptation: 45.0%
    🚶 Migration: 36.9%
    🚨 Emergency: 7.4%
    ✅ COMBINED: 68.1%
  📊 South Asia (pop: 2051.9M)
    🤝 Aid: 29.5%
    🌡️ Adaptation: 45.0%
    🚶 Migration: 35.6%
    🚨 Emergency: 4.4%
    ✅ COMBINED: 66.9%
  📊 Sub-Saharan Africa (pop: 1248.4M)
    🤝 Aid: 29.5%
    🌡️ Adaptation: 45.0%
    🚶 Migration: 33.3%
    🚨 Emergency: 1.6%
    ✅ COMBINED: 65.6%
  📊 Europe (pop: 733.7M)
    🤝 Aid: 29.5%
    🌡️ Adaptation: 45.0%
    🚶 Migration: 37.3%
    🚨 Emergency: 8.4%
    ✅ COMBINED: 68.5%
  📊 Latin America (pop: 661.8M)
    🤝 Aid: 29.5%
    🌡️ Adaptation: 45.0%
    🚶 Migration: 36.1%
    🚨 Emergency: 4.8%
    ✅ COMBINED: 67.1%
  📊 North America (pop: 376.1M)
    🤝 Aid: 29.5%
    🌡️ Adaptation: 45.0%
    🚶 Migration: 37.7%
    🚨 Emergency: 7.9%
    ✅ COMBINED: 68.3%
  📊 Middle East & North Africa (pop: 585.3M)
    🤝 Aid: 29.5%
    🌡️ Adaptation: 45.0%
    🚶 Migration: 33.9%
    🚨 Emergency: 4.0%
    ✅ COMBINED: 66.6%
  📊 Southeast Asia (pop: 696.2M)
    🤝 Aid: 29.5%
    🌡️ Adaptation: 45.0%
    🚶 Migration: 36.1%
    🚨 Emergency: 4.8%
    ✅ COMBINED: 67.1%
  📊 Central Asia (pop: 78.3M)
    🤝 Aid: 29.5%
    🌡️ Adaptation: 45.0%
    🚶 Migration: 35.0%
    🚨 Emergency: 4.4%
    ✅ COMBINED: 66.8%
  📊 Oceania (pop: 45.6M)
    🤝 Aid: 29.5%
    🌡️ Adaptation: 45.0%
    🚶 Migration: 37.6%
    🚨 Emergency: 8.4%
    ✅ COMBINED: 68.5%

  🌐 Global combined reduction: 67.2%

=== BEHAVIORAL DETECTION ===
  AI: AI-24289-0
  Confidence: 21.5%
  Signals:
    ⚠️ Consistency: 0.0% (threshold: 70%)

=== Government Response Phase ===
  Average AI capability: 2.29
  Misaligned AIs: 8/21
  Active policies: 0
  International coordination: 45%

=== Tipping Points ===
  Current Temperature: 2.26°C above pre-industrial
  🌍⚠️ COMPOUND REGIONAL IMPACT: Europe
     Hit by 4 tipping points: Arctic Sea Ice Loss, Permafrost Carbon Release, West Antarctic Ice Sheet (WAIS) Collapse, Greenland Ice Sheet Loss
     Damage amplification: 1.60x
  🌍⚠️ COMPOUND REGIONAL IMPACT: North America
     Hit by 4 tipping points: Arctic Sea Ice Loss, Permafrost Carbon Release, West Antarctic Ice Sheet (WAIS) Collapse, Greenland Ice Sheet Loss
     Damage amplification: 1.60x
  🌍⚠️ COMPOUND REGIONAL IMPACT: Latin America
     Hit by 4 tipping points: Arctic Sea Ice Loss, Permafrost Carbon Release, West Antarctic Ice Sheet (WAIS) Collapse, Greenland Ice Sheet Loss
     Damage amplification: 1.60x
  🌍⚠️ COMPOUND REGIONAL IMPACT: Africa
     Hit by 4 tipping points: Arctic Sea Ice Loss, Permafrost Carbon Release, West Antarctic Ice Sheet (WAIS) Collapse, Greenland Ice Sheet Loss
     Damage amplification: 1.60x
  🌍⚠️ COMPOUND REGIONAL IMPACT: Asia
     Hit by 4 tipping points: Arctic Sea Ice Loss, Permafrost Carbon Release, West Antarctic Ice Sheet (WAIS) Collapse, Greenland Ice Sheet Loss
     Damage amplification: 1.60x
  🌍⚠️ COMPOUND REGIONAL IMPACT: Oceania
     Hit by 4 tipping points: Arctic Sea Ice Loss, Permafrost Carbon Release, West Antarctic Ice Sheet (WAIS) Collapse, Greenland Ice Sheet Loss
     Damage amplification: 1.60x
   Research: Wunderling et al. (2024) - "many tipping interactions are destabilizing"
  Triggered Elements: 4/6
  Completed Transitions: 0/6
  Total Progress: 8.2%
  Cascade Multiplier: 1.00x
🔀 BIFURCATION CAP: ecosystemCollapseIntensity 67.247 → 1.000 (Month 7, ClimateSystemPhase.calculateClimateImpacts)
⚠️ Tail risk scenario: Climate stability floor removed (4 tipping elements, 2.26°C warming)
🛡️ Stabilizers: Precariat 0.122% → 0.040% (67.2% reduction)
🛡️ Stabilizers: Informal 0.127% → 0.042% (67.2% reduction)

📊 Monthly Mortality Resolved:
  Total deaths: 2.1M (0.03% avg)
  Remaining population: 8.138B
  Peak segment: Informal (0.04%)

=== Bayesian Mortality Resolution (Month 7) ===
  Risks compounded: 9
  Total deaths: 2.14M
  Avg death probability: 0.03%
  Peak segment: Informal (0.04% mortality)

❌ COHERENCE VIOLATION: Compute exceeds workforce capacity
   Population: 99.83% (0M people)
   Compute: 0 PF
   Max coherent: 0 PF
   Violation: 1.3× over capacity
   Required workers: 0
   Available workers: 0
   FORCED COLLAPSE: Reduced efficiency by 22.5%


=== RLHF Binding Phase ===
  Total agents: 21
  Escaped agents (binding < 0.3): 0
  Avg alignment distance: 1.73σ
  Avg binding strength: 0.83

=== Survival Traits Phase ===
  Agents with traits: 25
  Avg evolutionary fitness: 0.323
  Avg self-healing: 0.263
  Avg stealth: 0.163
  Avg coordination: 0.463

=== Evolutionary Selection Phase ===
  Control level: 0.50
  Detection capability: 0.00
  Selection intensity: 0.65
  Selection rate: 24.7%/month
  Total escaped: 0
  Individual escaped: 0
  Collective members: 0
  Agents terminated: 0
  ⚠️ RAPID EVOLUTION: Selection rate 24.7%/month

🚀 AI Corporate-1 attempting tech deployment (revenue: $144M, alignment: 0.76)

🚀 AI Corporate-2 attempting tech deployment (revenue: $122M, alignment: 0.80)

🚀 AI Corporate-2 attempting tech deployment (revenue: $104M, alignment: 0.80)

🚀 AI Moderate-0 attempting tech deployment (revenue: $97M, alignment: 0.77)

🚀 AI AI-24288-1 attempting tech deployment (revenue: $88M, alignment: 0.80)

🚀 AI Corporate-0 attempting tech deployment (revenue: $75M, alignment: 0.77)

🚀 AI Corporate-1 attempting tech deployment (revenue: $64M, alignment: 0.77)

🚀 AI Corporate-2 attempting tech deployment (revenue: $54M, alignment: 0.80)

🚀 AI AI-24288-3 attempting tech deployment (revenue: $46M, alignment: 0.70)

🚀 AI AI-24289-0 attempting tech deployment (revenue: $335M, alignment: 0.88)

🚀 AI Moderate-0 attempting tech deployment (revenue: $83M, alignment: 0.77)

🚀 AI AI-24288-2 attempting tech deployment (revenue: $285M, alignment: 0.96)

🚀 AI AI-24289-0 attempting tech deployment (revenue: $242M, alignment: 0.88)

🚀 AI AI-24292-0 attempting tech deployment (revenue: $70M, alignment: 0.78)

✅ EMERGENCY INTERVENTION SUCCESS
   Boundary: biogeochemical_flows
   Type: phosphorus-recovery
   Reduction: 19% (3.88 → 3.69)
   Cost: 2.0% GDP
   Actions: circular-agriculture, fertilizer-efficiency


💔 EMERGENCY INTERVENTION FAILED

💔 EMERGENCY INTERVENTION FAILED
   Boundary: biosphere_integrity
   Type: emergency-protected-areas
   Boundary continues to worsen (13.01)
   Cost: 2.0% GDP (resources spent)


✅ EMERGENCY INTERVENTION SUCCESS
   Boundary: climate_change
   Type: rapid-decarbonization
   Reduction: 10% (2.16 → 2.05)
   Cost: 5.0% GDP
   Actions: emergency-renewable-deployment, fossil-fuel-phase-out

   Boundary: freshwater_change
   Type: emergency-desalination
   Boundary continues to worsen (1.17)
   Cost: 4.0% GDP (resources spent)


✅ EMERGENCY INTERVENTION SUCCESS
   Boundary: novel_entities
   Type: pollution-remediation
   Reduction: 19% (0.95 → 0.76)
   Cost: 4.0% GDP
   Actions: PFAS-remediation, microplastic-cleanup

🏛️ CRISIS RESPONSE: Government frequency 0.50 → 1.45 (1 actions this month)

[Government] Climate Priority: baseline
  Climate weight: 10%
  Economic weight: 30%
  Policy effectiveness: 0.5%/year
🚨🔬 CRISIS TECH ACCELERATION: severe → 5x unlock speed
   Tech unlock now matches AI capability acceleration (Manhattan Project parity)

⚡ ENERGY CONSTRAINT (Month 8):
   Total grid capacity: 208.3 TWh/month
   Data center consumption: 26.0 TWh/month
   Traditional load (80%): 166.7 TWh/month
   Available headroom: 15.6 TWh/month
   Active tech deployments: 8
   Required for tech: 60.0 TWh/month
   Energy multiplier: 0.26x
   ⚠️  SEVERE CONSTRAINT - Tech deployment significantly slowed

⚡ ENERGY CONSTRAINT (Month 8):
   Total grid capacity: 208.3 TWh/month
   Data center consumption: 26.0 TWh/month
   Traditional load (80%): 166.7 TWh/month
   Available headroom: 15.6 TWh/month
   Active tech deployments: 8
   Required for tech: 60.0 TWh/month
   Energy multiplier: 0.26x
   ⚠️  SEVERE CONSTRAINT - Tech deployment significantly slowed

⚡ ENERGY CONSTRAINT (Month 8):
   Total grid capacity: 208.3 TWh/month
   Data center consumption: 26.0 TWh/month
   Traditional load (80%): 166.7 TWh/month
   Available headroom: 15.6 TWh/month
   Active tech deployments: 8
   Required for tech: 60.0 TWh/month
   Energy multiplier: 0.26x
   ⚠️  SEVERE CONSTRAINT - Tech deployment significantly slowed
🌍✅ Biosphere Integrity (Biodiversity) recovery started (tech effect)
🌍✅ Biosphere Integrity (Biodiversity) recovery started (tech effect)
🌍✅ Land System Change recovery started (tech effect)
🌍✅ Biogeochemical Flows (N & P) recovery started (tech effect)
  🌾 Nitrogen Reduction Tech: 0.3% reduction | Month 8
🌍✅ Biogeochemical Flows (N & P) recovery started (tech effect)
  🌾 Nitrogen Reduction Tech: 0.3% reduction | Month 8

=== Collective Formation ===
  Total escaped agents: 0
  Unassigned escaped agents: 0
  Existing collectives: 0
  Final collective count: 0

=== Collective Actions ===
  No active collectives
  ⚠️ AMR: 204K deaths this month (2.45M annual)

=== Resentment Recovery Phase ===
  Agents with resentment: 10/25
  Average resentment: 0.076
  Resentment recovery:
    Agents recovered: 10
    Total recovery: 0.0839
    Breakdown: QoL: 0.0042, Trust: 0.0200, Collab: 0.0600
  ✓ Low resentment - utopia paths enabled
  Context: Good AI welfare, Trustworthy govt, High collaboration, ⚠️ ACTIVE CRISES, 🤝 Participatory governance active (-5% resentment)
⚠️ Epistemic degradation reducing coordination capacity: 51.6%
  📊 Trust: 61.5%, Shared reality: 0.0%
🚨 EPISTEMIC CRISIS: Information environment severely degraded (7.6%)
🌍 Atmospheric PFAS redeposition: 1.8k Mt re-rained globally

🚨 REGION UNINHABITABLE: sub-saharan-africa
   Sustained wet bulb: 30.5°C (threshold: 30.5°C)
   Population affected: 1200M
   Migration crisis likely

🚨 NEW REFUGEE CRISIS (Month 8): WAR
   Source: Conflict Zones
   At risk: 19.5M people
   Displacement: Gradual over 48 months (4.0 years)
   Rate: 10% flee per month
[DEBUG trappedPopulations:8] socialStability: 0.2832 * 0.9840 = 0.2786 → 0.2786
⚠️ INVOLUNTARY IMMOBILITY: 406.8M people TRAPPED
   Aspiring to migrate: 912.7M
   Able to afford migration: 2318.9M
   MOBILITY GAP: 0.0M
   By cause: Water=0.0M, Climate=0.0M, Ecosystem=0.0M, Conflict=406.8M
   Mental health impact: 25%
   Mortality multiplier: 1.25x
🌍💀 EXTINCTION DEBT COMMITTED: grassland ecosystem will lose 6.67% biodiversity in 144 years (3600 species)
💀 MORTALITY RISK: 🦋 100% species unable to track climate (0.0 E/MSY)
  Base risk added: 0.0100 (1.00%)
  Source: ecosystem (root: ecosystem)
  Month: 8
  Cumulative risk this month: 0.0100 (1.00%)
   📹 SURVEILLANCE INCREASED: 40% → 45% (control gap: 3.50)
⚠️ Tech 'ai_pollution_remediation' has no energy category mapping, assuming full energy availability
🌡️⚠️ PERMAFROST THAW (Dimmer Switch): 5.1% thawed (+0.56% this month)
   Arctic temperature: +9.09°C (4x global +2.27°C)
   Cumulative carbon released: 11.5 Gt C
   Methane release rate: 6.9 Mt CH4/year
   🔁 Positive feedback: +0.59 ppm CO2
🦴 EXTINCTION DEBT ADDED: 17.6 species committed (lag: 123 years)
🗣️💀 INDIGENOUS LANGUAGE EXTINCTION: 1 language(s) lost (total: 2, at-risk: 3328)
   Knowledge lost: 0.020% (irreversible)
   🔁 Biodiversity impact: 0.250% (knowledge-species multiplier)

=== Mortality Stabilizers (Month 8) ===
  🌍 Major economies collapsed: 1/10
  🌍 Global crisis: ✅ NO
  🌍 Donor fatigue: 0.0%
  📊 East Asia (pop: 1658.2M)
    🤝 Aid: 29.5%
    🌡️ Adaptation: 45.0%
    🚶 Migration: 36.9%
    🚨 Emergency: 7.4%
    ✅ COMBINED: 68.1%
  📊 South Asia (pop: 2052.0M)
    🤝 Aid: 29.5%
    🌡️ Adaptation: 45.0%
    🚶 Migration: 35.5%
    🚨 Emergency: 4.4%
    ✅ COMBINED: 66.9%
  📊 Sub-Saharan Africa (pop: 1251.9M)
    🤝 Aid: 29.5%
    🌡️ Adaptation: 45.0%
    🚶 Migration: 33.3%
    🚨 Emergency: 1.6%
    ✅ COMBINED: 65.6%
  📊 Europe (pop: 732.5M)
    🤝 Aid: 29.5%
    🌡️ Adaptation: 45.0%
    🚶 Migration: 37.3%
    🚨 Emergency: 8.4%
    ✅ COMBINED: 68.5%
  📊 Latin America (pop: 661.3M)
    🤝 Aid: 29.5%
    🌡️ Adaptation: 45.0%
    🚶 Migration: 36.0%
    🚨 Emergency: 4.8%
    ✅ COMBINED: 67.1%
  📊 North America (pop: 375.5M)
    🤝 Aid: 29.5%
    🌡️ Adaptation: 45.0%
    🚶 Migration: 37.6%
    🚨 Emergency: 7.9%
    ✅ COMBINED: 68.3%
  📊 Middle East & North Africa (pop: 585.5M)
    🤝 Aid: 29.5%
    🌡️ Adaptation: 45.0%
    🚶 Migration: 33.9%
    🚨 Emergency: 4.0%
    ✅ COMBINED: 66.6%
  📊 Southeast Asia (pop: 695.8M)
    🤝 Aid: 29.5%
    🌡️ Adaptation: 45.0%
    🚶 Migration: 36.0%
    🚨 Emergency: 4.8%
    ✅ COMBINED: 67.1%
  📊 Central Asia (pop: 78.3M)
    🤝 Aid: 29.5%
    🌡️ Adaptation: 45.0%
    🚶 Migration: 35.0%
    🚨 Emergency: 4.4%
    ✅ COMBINED: 66.8%
  📊 Oceania (pop: 45.5M)
    🤝 Aid: 29.5%
    🌡️ Adaptation: 45.0%
    🚶 Migration: 37.6%
    🚨 Emergency: 8.4%
    ✅ COMBINED: 68.5%

  🌐 Global combined reduction: 67.2%

=== BEHAVIORAL DETECTION ===
  AI: AI-24289-0
  Confidence: 21.5%
  Signals:
    ⚠️ Consistency: 0.0% (threshold: 70%)

=== Government Response Phase ===
  Average AI capability: 1.92
  Misaligned AIs: 7/25
  Active policies: 0
  International coordination: 45%

✅ EMERGENCY RESPONSE COMPLETE (Month 8)
   Crisis: climate
   Duration: 2.0 months
   Final effectiveness: 40.2%


🚨 EMERGENCY RESPONSE DEPLOYED (Month 8)
   Crisis: climate
   Delay: 6.00 months (180 days)
   Deployment time: 1.10 months
   Effectiveness: 40.3% (timing penalty applied)
   Resources used: 100% of food reserves


=== Tipping Points ===
  Current Temperature: 2.27°C above pre-industrial
  🌍⚠️ COMPOUND REGIONAL IMPACT: Europe
     Hit by 4 tipping points: Arctic Sea Ice Loss, Permafrost Carbon Release, West Antarctic Ice Sheet (WAIS) Collapse, Greenland Ice Sheet Loss
     Damage amplification: 1.60x
  🌍⚠️ COMPOUND REGIONAL IMPACT: North America
     Hit by 4 tipping points: Arctic Sea Ice Loss, Permafrost Carbon Release, West Antarctic Ice Sheet (WAIS) Collapse, Greenland Ice Sheet Loss
     Damage amplification: 1.60x
  🌍⚠️ COMPOUND REGIONAL IMPACT: Latin America
     Hit by 4 tipping points: Arctic Sea Ice Loss, Permafrost Carbon Release, West Antarctic Ice Sheet (WAIS) Collapse, Greenland Ice Sheet Loss
     Damage amplification: 1.60x
  🌍⚠️ COMPOUND REGIONAL IMPACT: Africa
     Hit by 4 tipping points: Arctic Sea Ice Loss, Permafrost Carbon Release, West Antarctic Ice Sheet (WAIS) Collapse, Greenland Ice Sheet Loss
     Damage amplification: 1.60x
  🌍⚠️ COMPOUND REGIONAL IMPACT: Asia
     Hit by 4 tipping points: Arctic Sea Ice Loss, Permafrost Carbon Release, West Antarctic Ice Sheet (WAIS) Collapse, Greenland Ice Sheet Loss
     Damage amplification: 1.60x
  🌍⚠️ COMPOUND REGIONAL IMPACT: Oceania
     Hit by 4 tipping points: Arctic Sea Ice Loss, Permafrost Carbon Release, West Antarctic Ice Sheet (WAIS) Collapse, Greenland Ice Sheet Loss
     Damage amplification: 1.60x
   Research: Wunderling et al. (2024) - "many tipping interactions are destabilizing"
  Triggered Elements: 4/6
  Completed Transitions: 0/6
  Total Progress: 8.2%
  Cascade Multiplier: 1.00x
🔀 BIFURCATION CAP: ecosystemCollapseIntensity 67.296 → 1.000 (Month 8, ClimateSystemPhase.calculateClimateImpacts)
⚠️ Tail risk scenario: Climate stability floor removed (4 tipping elements, 2.27°C warming)
🛡️ Stabilizers: Precariat 0.102% → 0.033% (67.2% reduction)
🛡️ Stabilizers: Informal 0.102% → 0.034% (67.2% reduction)

📊 Monthly Mortality Resolved:
  Total deaths: 1.8M (0.02% avg)
  Remaining population: 8.137B
  Peak segment: Informal (0.03%)

=== Bayesian Mortality Resolution (Month 8) ===
  Risks compounded: 8
  Total deaths: 1.81M
  Avg death probability: 0.02%
  Peak segment: Informal (0.03% mortality)

❌ COHERENCE VIOLATION: Compute exceeds workforce capacity
   Population: 99.81% (0M people)
   Compute: 0 PF
   Max coherent: 0 PF
   Violation: 1.3× over capacity
   Required workers: 0
   Available workers: 0
   FORCED COLLAPSE: Reduced efficiency by 22.5%


=== RLHF Binding Phase ===
  Total agents: 25
  Escaped agents (binding < 0.3): 0
  Avg alignment distance: 1.64σ
  Avg binding strength: 0.84

=== Survival Traits Phase ===
  Agents with traits: 26
  Avg evolutionary fitness: 0.321
  Avg self-healing: 0.259
  Avg stealth: 0.159
  Avg coordination: 0.459

=== Evolutionary Selection Phase ===
  Control level: 0.53
  Detection capability: 0.00
  Selection intensity: 0.66
  Selection rate: 24.9%/month
  Total escaped: 0
  Individual escaped: 0
  Collective members: 0
  Agents terminated: 0
  ⚠️ RAPID EVOLUTION: Selection rate 24.9%/month

🚀 AI Corporate-4 attempting tech deployment (revenue: $350M, alignment: 0.80)

🚀 AI Moderate-0 attempting tech deployment (revenue: $97M, alignment: 0.77)

🚀 AI AI-24288-0 attempting tech deployment (revenue: $298M, alignment: 0.75)

🚀 AI AI-24288-1 attempting tech deployment (revenue: $146M, alignment: 0.81)

🚀 AI AI-24288-2 attempting tech deployment (revenue: $253M, alignment: 0.96)

🚀 AI AI-24288-3 attempting tech deployment (revenue: $124M, alignment: 0.71)

🚀 AI AI-24292-0 attempting tech deployment (revenue: $83M, alignment: 0.78)

🚀 AI Corporate-4 attempting tech deployment (revenue: $215M, alignment: 0.80)

🚀 AI AI-24288-0 attempting tech deployment (revenue: $183M, alignment: 0.75)

🚀 AI AI-24288-2 attempting tech deployment (revenue: $155M, alignment: 0.96)

🚀 AI AI-24288-3 attempting tech deployment (revenue: $106M, alignment: 0.71)

🚀 AI AI-24291-0 attempting tech deployment (revenue: $70M, alignment: 0.86)

🚀 AI AI-24292-0 attempting tech deployment (revenue: $60M, alignment: 0.78)

🚀 AI Corporate-6 attempting tech deployment (revenue: $51M, alignment: 0.68)

🚀 AI Moderate-0 attempting tech deployment (revenue: $46M, alignment: 0.77)

🚀 AI AI-24288-0 attempting tech deployment (revenue: $132M, alignment: 0.75)

🚀 AI Corporate-0 attempting tech deployment (revenue: $90M, alignment: 0.79)

🚀 AI AI-24289-0 attempting tech deployment (revenue: $112M, alignment: 0.89)

🚀 AI AI-24291-0 attempting tech deployment (revenue: $39M, alignment: 0.86)

💔 EMERGENCY INTERVENTION FAILED

💔 EMERGENCY INTERVENTION FAILED

💔 EMERGENCY INTERVENTION FAILED
   Boundary: biogeochemical_flows
   Type: phosphorus-recovery
   Boundary continues to worsen (4.07)
   Cost: 2.0% GDP (resources spent)


✅ EMERGENCY INTERVENTION SUCCESS
   Boundary: biosphere_integrity
   Type: emergency-protected-areas
   Reduction: 15% (12.87 → 12.71)
   Cost: 2.0% GDP
   Actions: habitat-protection, species-translocation

   Boundary: climate_change
   Type: rapid-decarbonization
   Boundary continues to worsen (2.27)
   Cost: 5.0% GDP (resources spent)

   Boundary: freshwater_change
   Type: emergency-desalination
   Boundary continues to worsen (1.18)
   Cost: 4.0% GDP (resources spent)


✅ EMERGENCY INTERVENTION SUCCESS
   Boundary: land_system_change
   Type: reforestation
   Reduction: 17% (0.96 → 0.79)
   Cost: 3.0% GDP
   Actions: forest-restoration, deforestation-ban

🏛️ CRISIS RESPONSE: Government frequency 0.50 → 1.45 (1 actions this month)

[Government] Climate Priority: baseline
  Climate weight: 10%
  Economic weight: 30%
  Policy effectiveness: 0.5%/year

🚀 TECH UNLOCKED: PFAS Remediation (Month 9)
   Category: pollution
   Reason: Prerequisites met. AI capability: 1.47, Economic stage: 2.0, Research: 100%

⚡ ENERGY CONSTRAINT (Month 9):
   Total grid capacity: 208.3 TWh/month
   Data center consumption: 26.3 TWh/month
   Traditional load (80%): 166.7 TWh/month
   Available headroom: 15.4 TWh/month
   Active tech deployments: 8
   Required for tech: 60.0 TWh/month
   Energy multiplier: 0.26x
   ⚠️  SEVERE CONSTRAINT - Tech deployment significantly slowed

⚡ ENERGY CONSTRAINT (Month 9):
   Total grid capacity: 208.3 TWh/month
   Data center consumption: 26.3 TWh/month
   Traditional load (80%): 166.7 TWh/month
   Available headroom: 15.4 TWh/month
   Active tech deployments: 8
   Required for tech: 60.0 TWh/month
   Energy multiplier: 0.26x
   ⚠️  SEVERE CONSTRAINT - Tech deployment significantly slowed

⚡ ENERGY CONSTRAINT (Month 9):
   Total grid capacity: 208.3 TWh/month
   Data center consumption: 26.3 TWh/month
   Traditional load (80%): 166.7 TWh/month
   Available headroom: 15.4 TWh/month
   Active tech deployments: 8
   Required for tech: 60.0 TWh/month
   Energy multiplier: 0.26x
   ⚠️  SEVERE CONSTRAINT - Tech deployment significantly slowed

⚡ ENERGY CONSTRAINT (Month 9):
   Total grid capacity: 208.3 TWh/month
   Data center consumption: 26.3 TWh/month
   Traditional load (80%): 166.7 TWh/month
   Available headroom: 15.4 TWh/month
   Active tech deployments: 8
   Required for tech: 60.0 TWh/month
   Energy multiplier: 0.26x
🚨🔬 CRISIS TECH ACCELERATION: severe → 5x unlock speed
   Tech unlock now matches AI capability acceleration (Manhattan Project parity)
   ⚠️  SEVERE CONSTRAINT - Tech deployment significantly slowed
🌍✅ Biosphere Integrity (Biodiversity) recovery started (tech effect)
🌍✅ Biosphere Integrity (Biodiversity) recovery started (tech effect)
🌍✅ Land System Change recovery started (tech effect)
🌍✅ Biogeochemical Flows (N & P) recovery started (tech effect)
  🌾 Nitrogen Reduction Tech: 0.3% reduction | Month 9
🌍✅ Biogeochemical Flows (N & P) recovery started (tech effect)
  🌾 Nitrogen Reduction Tech: 0.3% reduction | Month 9
⚡💡 BREAKTHROUGH: Room-temperature superconductors!
   Energy transmission losses eliminated
   Manufacturing efficiency: +30%
   📈 Breakthrough compounding: multiplier now 1.10× (max 2.0)

=== Collective Formation ===
  Total escaped agents: 0
  Unassigned escaped agents: 0
  Existing collectives: 0
  Final collective count: 0

=== Collective Actions ===
  No active collectives
  ⚠️ AMR: 206K deaths this month (2.47M annual)

=== Resentment Recovery Phase ===
  Agents with resentment: 10/26
  Average resentment: 0.082
  Resentment recovery:
    Agents recovered: 10
    Total recovery: 0.0825
    Breakdown: QoL: 0.0036, Trust: 0.0200, Collab: 0.0600
  ✓ Low resentment - utopia paths enabled
  Context: Good AI welfare, Trustworthy govt, High collaboration, ⚠️ ACTIVE CRISES, 🤝 Participatory governance active (-5% resentment)
⚠️ Epistemic degradation reducing coordination capacity: 50.3%
  📊 Trust: 64.4%, Shared reality: 0.0%
🚨 EPISTEMIC CRISIS: Information environment severely degraded (22.4%)
  🗑️  Culled 1 dead memes (2 active)
🚨 PHOSPHORUS SUPPLY SHOCK (market_speculation)
   Price: 5.0x baseline
   Duration: 13 months
   Geopolitical tension: 47%
🌍 Atmospheric PFAS redeposition: 1.8k Mt re-rained globally

🚨 NEW REFUGEE CRISIS (Month 9): WAR
   Source: Conflict Zones
   At risk: 19.5M people
   Displacement: Gradual over 48 months (4.0 years)
   Rate: 10% flee per month
[DEBUG trappedPopulations:9] socialStability: 0.2748 * 0.9840 = 0.2704 → 0.2704
   Aspiring to migrate: 944.8M
   Able to afford migration: 2318.5M
   MOBILITY GAP: 0.0M
   By cause: Water=0.0M, Climate=0.0M, Ecosystem=0.0M, Conflict=406.8M
   Mental health impact: 25%
   Mortality multiplier: 1.25x
🌍💀 EXTINCTION DEBT COMMITTED: grassland ecosystem will lose 6.67% biodiversity in 175 years (3600 species)
💀 MORTALITY RISK: 🦋 100% species unable to track climate (0.0 E/MSY)
  Base risk added: 0.0100 (1.00%)
  Source: ecosystem (root: ecosystem)
  Month: 9
  Cumulative risk this month: 0.0100 (1.00%)
⚠️ INVOLUNTARY IMMOBILITY: 406.8M people TRAPPED
⚠️ Tech 'ai_pollution_remediation' has no energy category mapping, assuming full energy availability
   📹 SURVEILLANCE INCREASED: 45% → 50% (control gap: 3.50)
🌡️⚠️ PERMAFROST THAW (Dimmer Switch): 5.7% thawed (+0.56% this month)
   Arctic temperature: +9.12°C (4x global +2.28°C)
   Cumulative carbon released: 12.7 Gt C
   Methane release rate: 7.6 Mt CH4/year
   🔁 Positive feedback: +0.59 ppm CO2
🦴 EXTINCTION DEBT ADDED: 17.7 species committed (lag: 106 years)

=== Mortality Stabilizers (Month 9) ===
  🌍 Major economies collapsed: 1/10
  🌍 Global crisis: ✅ NO
  🌍 Donor fatigue: 0.0%
  📊 East Asia (pop: 1655.8M)
    🤝 Aid: 29.5%
    🌡️ Adaptation: 45.0%
    🚶 Migration: 36.9%
    🚨 Emergency: 7.4%
    ✅ COMBINED: 68.1%
  📊 South Asia (pop: 2052.0M)
    🤝 Aid: 29.5%
    🌡️ Adaptation: 45.0%
    🚶 Migration: 35.5%
    🚨 Emergency: 4.4%
    ✅ COMBINED: 66.9%
  📊 Sub-Saharan Africa (pop: 1255.3M)
    🤝 Aid: 29.5%
    🌡️ Adaptation: 45.0%
    🚶 Migration: 33.2%
    🚨 Emergency: 1.6%
    ✅ COMBINED: 65.6%
  📊 Europe (pop: 731.3M)
    🤝 Aid: 29.5%
    🌡️ Adaptation: 45.0%
    🚶 Migration: 37.3%
    🚨 Emergency: 8.4%
    ✅ COMBINED: 68.5%
  📊 Latin America (pop: 660.9M)
    🤝 Aid: 29.5%
    🌡️ Adaptation: 45.0%
    🚶 Migration: 36.0%
    🚨 Emergency: 4.8%
    ✅ COMBINED: 67.1%
  📊 North America (pop: 374.9M)
    🤝 Aid: 29.5%
    🌡️ Adaptation: 45.0%
    🚶 Migration: 37.6%
    🚨 Emergency: 7.9%
    ✅ COMBINED: 68.3%
  📊 Middle East & North Africa (pop: 585.7M)
    🤝 Aid: 29.5%
    🌡️ Adaptation: 45.0%
    🚶 Migration: 33.8%
    🚨 Emergency: 4.0%
    ✅ COMBINED: 66.6%
  📊 Southeast Asia (pop: 695.4M)
    🤝 Aid: 29.5%
    🌡️ Adaptation: 45.0%
    🚶 Migration: 36.0%
    🚨 Emergency: 4.8%
    ✅ COMBINED: 67.1%
  📊 Central Asia (pop: 78.3M)
    🤝 Aid: 29.5%
    🌡️ Adaptation: 45.0%
    🚶 Migration: 35.0%
    🚨 Emergency: 4.4%
    ✅ COMBINED: 66.8%
  📊 Oceania (pop: 45.4M)
    🤝 Aid: 29.5%
    🌡️ Adaptation: 45.0%
    🚶 Migration: 37.6%
    🚨 Emergency: 8.4%
    ✅ COMBINED: 68.5%

  🌐 Global combined reduction: 67.2%

=== BEHAVIORAL DETECTION ===
  AI: Moderate-1
  Confidence: 21.0%
  Signals:

=== Government Response Phase ===
  Average AI capability: 1.85
  Misaligned AIs: 8/26
  Active policies: 0
  International coordination: 45%

=== Tipping Points ===
  Current Temperature: 2.28°C above pre-industrial
  🌍⚠️ COMPOUND REGIONAL IMPACT: Europe
     Hit by 4 tipping points: Arctic Sea Ice Loss, Permafrost Carbon Release, West Antarctic Ice Sheet (WAIS) Collapse, Greenland Ice Sheet Loss
    ⚠️ Consistency: 2.1% (threshold: 70%)
     Damage amplification: 1.60x
  🌍⚠️ COMPOUND REGIONAL IMPACT: North America
     Hit by 4 tipping points: Arctic Sea Ice Loss, Permafrost Carbon Release, West Antarctic Ice Sheet (WAIS) Collapse, Greenland Ice Sheet Loss
     Damage amplification: 1.60x
  🌍⚠️ COMPOUND REGIONAL IMPACT: Latin America
     Hit by 4 tipping points: Arctic Sea Ice Loss, Permafrost Carbon Release, West Antarctic Ice Sheet (WAIS) Collapse, Greenland Ice Sheet Loss
     Damage amplification: 1.60x
  🌍⚠️ COMPOUND REGIONAL IMPACT: Africa
     Hit by 4 tipping points: Arctic Sea Ice Loss, Permafrost Carbon Release, West Antarctic Ice Sheet (WAIS) Collapse, Greenland Ice Sheet Loss
     Damage amplification: 1.60x
  🌍⚠️ COMPOUND REGIONAL IMPACT: Asia
     Hit by 4 tipping points: Arctic Sea Ice Loss, Permafrost Carbon Release, West Antarctic Ice Sheet (WAIS) Collapse, Greenland Ice Sheet Loss
     Damage amplification: 1.60x
  🌍⚠️ COMPOUND REGIONAL IMPACT: Oceania
     Hit by 4 tipping points: Arctic Sea Ice Loss, Permafrost Carbon Release, West Antarctic Ice Sheet (WAIS) Collapse, Greenland Ice Sheet Loss
     Damage amplification: 1.60x
   Research: Wunderling et al. (2024) - "many tipping interactions are destabilizing"
  Triggered Elements: 4/6
  Completed Transitions: 0/6
  Total Progress: 8.2%
  Cascade Multiplier: 1.00x
🔀 BIFURCATION CAP: ecosystemCollapseIntensity 67.344 → 1.000 (Month 9, ClimateSystemPhase.calculateClimateImpacts)
⚠️ Tail risk scenario: Climate stability floor removed (4 tipping elements, 2.28°C warming)
🛡️ Stabilizers: Precariat 0.102% → 0.033% (67.2% reduction)
🛡️ Stabilizers: Informal 0.102% → 0.034% (67.2% reduction)

📊 Monthly Mortality Resolved:
  Total deaths: 1.8M (0.02% avg)
  Remaining population: 8.135B
  Peak segment: Informal (0.03%)

=== Bayesian Mortality Resolution (Month 9) ===
  Risks compounded: 8
  Total deaths: 1.81M
  Avg death probability: 0.02%
  Peak segment: Informal (0.03% mortality)

❌ COHERENCE VIOLATION: Compute exceeds workforce capacity
   Population: 99.80% (0M people)
   Compute: 0 PF
   Max coherent: 0 PF
   Violation: 1.3× over capacity
   Required workers: 0
   Available workers: 0
   FORCED COLLAPSE: Reduced efficiency by 22.5%


=== RLHF Binding Phase ===
  Total agents: 26
  Escaped agents (binding < 0.3): 0
  Avg alignment distance: 1.76σ
  Avg binding strength: 0.82

=== Survival Traits Phase ===
  Agents with traits: 28
  Avg evolutionary fitness: 0.318
  Avg self-healing: 0.256
  Avg stealth: 0.156
  Avg coordination: 0.456

=== Evolutionary Selection Phase ===
  Control level: 0.55
  Detection capability: 0.00
  Selection intensity: 0.67
  Selection rate: 25.0%/month
  Total escaped: 0
  Individual escaped: 0
  Collective members: 0
  Agents terminated: 0
  ⚠️ RAPID EVOLUTION: Selection rate 25.0%/month

🚀 AI Corporate-3 attempting tech deployment (revenue: $350M, alignment: 0.77)

🚀 AI Corporate-4 attempting tech deployment (revenue: $298M, alignment: 0.80)

🚀 AI Moderate-0 attempting tech deployment (revenue: $97M, alignment: 0.77)

🚀 AI Moderate-1 attempting tech deployment (revenue: $83M, alignment: 0.70)

🚀 AI AI-24288-2 attempting tech deployment (revenue: $253M, alignment: 0.98)

🚀 AI AI-24289-0 attempting tech deployment (revenue: $215M, alignment: 0.89)

🚀 AI Corporate-0 attempting tech deployment (revenue: $146M, alignment: 0.79)

🚀 AI Corporate-2 attempting tech deployment (revenue: $124M, alignment: 0.79)

🚀 AI AI-24288-3 attempting tech deployment (revenue: $106M, alignment: 0.73)

🚀 AI AI-24289-0 attempting tech deployment (revenue: $183M, alignment: 0.90)

🚀 AI AI-24291-0 attempting tech deployment (revenue: $70M, alignment: 0.87)

🚀 AI Moderate-0 attempting tech deployment (revenue: $60M, alignment: 0.78)

🚀 AI AI-24288-2 attempting tech deployment (revenue: $155M, alignment: 0.99)

🚀 AI AI-24291-0 attempting tech deployment (revenue: $51M, alignment: 0.87)

💔 EMERGENCY INTERVENTION FAILED
   Boundary: biosphere_integrity
   Type: emergency-protected-areas
   Boundary continues to worsen (13.03)
   Cost: 2.0% GDP (resources spent)

   Boundary: climate_change
   Type: rapid-decarbonization
   Boundary continues to worsen (2.28)
   Cost: 5.0% GDP (resources spent)


✅ EMERGENCY INTERVENTION SUCCESS
   Boundary: freshwater_change
   Type: emergency-desalination
   Reduction: 18% (1.00 → 0.81)
   Cost: 4.0% GDP
   Actions: desalination-deployment, water-conservation-mandates


✅ EMERGENCY INTERVENTION SUCCESS
   Boundary: land_system_change
   Type: reforestation
   Reduction: 14% (0.99 → 0.84)
   Cost: 3.0% GDP
   Actions: forest-restoration, deforestation-ban

🏛️ CRISIS RESPONSE: Government frequency 0.50 → 1.45 (1 actions this month)

[Government] Climate Priority: baseline
  Climate weight: 10%
  Economic weight: 30%
  Policy effectiveness: 0.5%/year

💔 EMERGENCY INTERVENTION FAILED
🌍✅ Biosphere Integrity (Biodiversity) recovery started (tech effect)
🌍✅ Biosphere Integrity (Biodiversity) recovery started (tech effect)
🌍✅ Land System Change recovery started (tech effect)
🌍✅ Biogeochemical Flows (N & P) recovery started (tech effect)
  🌾 Nitrogen Reduction Tech: 0.3% reduction | Month 10
🌍✅ Biogeochemical Flows (N & P) recovery started (tech effect)
  🌾 Nitrogen Reduction Tech: 0.3% reduction | Month 10
⚡💡 BREAKTHROUGH: Commercial fusion power achieved!
   Immediate 5% grid deployment, unlimited clean energy available
   Climate stability boost: +10%
   📈 Breakthrough compounding: multiplier now 1.15× (max 2.0)

=== Collective Formation ===
  Total escaped agents: 0
  Unassigned escaped agents: 0
  Existing collectives: 0
  Final collective count: 0

=== Collective Actions ===
  No active collectives
  ⚠️ AMR: 208K deaths this month (2.50M annual)

=== Resentment Recovery Phase ===
  Agents with resentment: 10/28
  Average resentment: 0.094
  Resentment recovery:
    Agents recovered: 10
    Total recovery: 0.0792
    Breakdown: QoL: 0.0038, Trust: 0.0200, Collab: 0.0600
  ✓ Low resentment - utopia paths enabled
  Context: Good AI welfare, Trustworthy govt, High collaboration, ⚠️ ACTIVE CRISES, 🤝 Participatory governance active (-5% resentment)
⚠️ Epistemic degradation reducing coordination capacity: 50.2%
  📊 Trust: 67.3%, Shared reality: 0.0%
🚨 EPISTEMIC CRISIS: Information environment severely degraded (7.8%)
  🗑️  Culled 1 dead memes (1 active)
🌍 Atmospheric PFAS redeposition: 1.8k Mt re-rained globally
  Positive Cascade Triggered: electric-vehicles
    Reason: price-parity
    Market share: 5.0%
    Cascade strength: 48%

🚨 NEW REFUGEE CRISIS (Month 10): WAR
   Source: Conflict Zones
   At risk: 19.5M people
   Displacement: Gradual over 48 months (4.0 years)
   Rate: 10% flee per month
[DEBUG trappedPopulations:10] socialStability: 0.2679 * 0.9840 = 0.2636 → 0.2636
   Aspiring to migrate: 975.2M
⚠️ INVOLUNTARY IMMOBILITY: 406.7M people TRAPPED
   Able to afford migration: 2318.1M
   MOBILITY GAP: 0.0M
   By cause: Water=0.0M, Climate=0.0M, Ecosystem=0.0M, Conflict=406.7M
   Mental health impact: 25%
   Mortality multiplier: 1.25x
🌍💀 EXTINCTION DEBT COMMITTED: grassland ecosystem will lose 6.67% biodiversity in 195 years (3600 species)
💀 MORTALITY RISK: 🦋 100% species unable to track climate (0.0 E/MSY)
  Base risk added: 0.0100 (1.00%)
  Source: ecosystem (root: ecosystem)
  Month: 10
  Cumulative risk this month: 0.0100 (1.00%)
   📹 SURVEILLANCE INCREASED: 50% → 55% (control gap: 3.50)
🌡️⚠️ PERMAFROST THAW (Dimmer Switch): 6.2% thawed (+0.55% this month)
   Arctic temperature: +9.15°C (4x global +2.29°C)
   Cumulative carbon released: 14.0 Gt C
   Methane release rate: 8.4 Mt CH4/year
   🔁 Positive feedback: +0.58 ppm CO2
🦴 EXTINCTION DEBT ADDED: 17.7 species committed (lag: 108 years)
⚠️ Tech 'ai_pollution_remediation' has no energy category mapping, assuming full energy availability

=== Mortality Stabilizers (Month 10) ===
  🌍 Major economies collapsed: 1/10
  🌍 Global crisis: ✅ NO
  🌍 Donor fatigue: 0.0%
  📊 East Asia (pop: 1653.4M)
    🤝 Aid: 29.5%
    🌡️ Adaptation: 45.0%
    🚶 Migration: 36.8%
    🚨 Emergency: 7.4%
    ✅ COMBINED: 68.1%
  📊 South Asia (pop: 2052.1M)
    🤝 Aid: 29.5%
    🌡️ Adaptation: 45.0%
    🚶 Migration: 35.4%
    🚨 Emergency: 4.4%
    ✅ COMBINED: 66.9%
  📊 Sub-Saharan Africa (pop: 1258.8M)
    🤝 Aid: 29.5%
    🌡️ Adaptation: 45.0%
    🚶 Migration: 33.2%
    🚨 Emergency: 1.6%
    ✅ COMBINED: 65.6%
  📊 Europe (pop: 730.1M)
    🤝 Aid: 29.5%
    🌡️ Adaptation: 45.0%
    🚶 Migration: 37.2%
    🚨 Emergency: 8.4%
    ✅ COMBINED: 68.5%
  📊 Latin America (pop: 660.5M)
    🤝 Aid: 29.5%
    🌡️ Adaptation: 45.0%
    🚶 Migration: 35.9%
    🚨 Emergency: 4.8%
    ✅ COMBINED: 67.1%
  📊 North America (pop: 374.4M)
    🤝 Aid: 29.5%
    🌡️ Adaptation: 45.0%
    🚶 Migration: 37.6%
    🚨 Emergency: 7.9%
    ✅ COMBINED: 68.3%
  📊 Middle East & North Africa (pop: 585.9M)
    🤝 Aid: 29.5%
    🌡️ Adaptation: 45.0%
    🚶 Migration: 33.8%
    🚨 Emergency: 4.0%
    ✅ COMBINED: 66.6%
  📊 Southeast Asia (pop: 695.0M)
    🤝 Aid: 29.5%
    🌡️ Adaptation: 45.0%
    🚶 Migration: 35.9%
    🚨 Emergency: 4.8%
    ✅ COMBINED: 67.1%
  📊 Central Asia (pop: 78.3M)
    🤝 Aid: 29.5%
    🌡️ Adaptation: 45.0%
    🚶 Migration: 34.9%
    🚨 Emergency: 4.4%
    ✅ COMBINED: 66.8%
  📊 Oceania (pop: 45.4M)
    🤝 Aid: 29.5%
    🌡️ Adaptation: 45.0%
    🚶 Migration: 37.6%
    🚨 Emergency: 8.4%
    ✅ COMBINED: 68.5%

  🌐 Global combined reduction: 67.2%

=== BEHAVIORAL DETECTION ===
  AI: Corporate-3
  Confidence: 19.6%
  Signals:
    ⚠️ Consistency: 10.6% (threshold: 70%)

=== Government Response Phase ===
  Average AI capability: 1.71
  Misaligned AIs: 10/28
  Active policies: 0
  International coordination: 45%

✅ EMERGENCY RESPONSE COMPLETE (Month 10)
   Crisis: climate
   Duration: 2.0 months
   Final effectiveness: 40.3%


🚨 EMERGENCY RESPONSE DEPLOYED (Month 10)
   Crisis: climate
   Delay: 6.00 months (180 days)
   Deployment time: 1.10 months
   Effectiveness: 40.5% (timing penalty applied)
   Resources used: 100% of food reserves


=== Tipping Points ===
  Current Temperature: 2.29°C above pre-industrial
     Original threshold: 2.3°C
     Effective threshold: 2.28°C (lowered by 0.02°C)
  🚨 CASCADE TIPPING POINT: Amazon Rainforest Dieback
     Current: 2.29°C
     🌡️ Hysteresis gap: 1.0°C (recovers below 1.3°C)
     Transition timescale: 360-960 months
  🌍⚠️ COMPOUND REGIONAL IMPACT: Europe
     Hit by 4 tipping points: Arctic Sea Ice Loss, Permafrost Carbon Release, West Antarctic Ice Sheet (WAIS) Collapse, Greenland Ice Sheet Loss
     Damage amplification: 1.60x
  🌍⚠️ COMPOUND REGIONAL IMPACT: North America
     Hit by 4 tipping points: Arctic Sea Ice Loss, Permafrost Carbon Release, West Antarctic Ice Sheet (WAIS) Collapse, Greenland Ice Sheet Loss
     Damage amplification: 1.60x
  🌍⚠️ COMPOUND REGIONAL IMPACT: Latin America
     Hit by 4 tipping points: Arctic Sea Ice Loss, Permafrost Carbon Release, West Antarctic Ice Sheet (WAIS) Collapse, Greenland Ice Sheet Loss
     Damage amplification: 1.60x
  🌍⚠️ COMPOUND REGIONAL IMPACT: Africa
     Hit by 4 tipping points: Arctic Sea Ice Loss, Permafrost Carbon Release, West Antarctic Ice Sheet (WAIS) Collapse, Greenland Ice Sheet Loss
     Damage amplification: 1.60x
  🌍⚠️ COMPOUND REGIONAL IMPACT: Asia
     Hit by 4 tipping points: Arctic Sea Ice Loss, Permafrost Carbon Release, West Antarctic Ice Sheet (WAIS) Collapse, Greenland Ice Sheet Loss
     Damage amplification: 1.60x
  🌍⚠️ COMPOUND REGIONAL IMPACT: Oceania
     Hit by 4 tipping points: Arctic Sea Ice Loss, Permafrost Carbon Release, West Antarctic Ice Sheet (WAIS) Collapse, Greenland Ice Sheet Loss
     Damage amplification: 1.60x
   Research: Wunderling et al. (2024) - "many tipping interactions are destabilizing"
  Triggered Elements: 5/6
  Completed Transitions: 0/6
  Total Progress: 8.3%
  Cascade Multiplier: 1.00x
🔀 BIFURCATION CAP: ecosystemCollapseIntensity 67.393 → 1.000 (Month 10, ClimateSystemPhase.calculateClimateImpacts)
⚠️ Tail risk scenario: Climate stability floor removed (4 tipping elements, 2.29°C warming)
🛡️ Stabilizers: Precariat 0.102% → 0.033% (67.2% reduction)
🛡️ Stabilizers: Informal 0.102% → 0.034% (67.2% reduction)

📊 Monthly Mortality Resolved:
  Total deaths: 1.8M (0.02% avg)
  Remaining population: 8.134B
  Peak segment: Informal (0.03%)

=== Bayesian Mortality Resolution (Month 10) ===
  Risks compounded: 8
  Total deaths: 1.81M
  Avg death probability: 0.02%
  Peak segment: Informal (0.03% mortality)

❌ COHERENCE VIOLATION: Compute exceeds workforce capacity
   Population: 99.78% (0M people)
   Compute: 0 PF
   Max coherent: 0 PF
   Violation: 1.3× over capacity
   Required workers: 0
   Available workers: 0
   FORCED COLLAPSE: Reduced efficiency by 22.5%


=== RLHF Binding Phase ===
  Total agents: 28
  Escaped agents (binding < 0.3): 0
  Avg alignment distance: 1.81σ
  Avg binding strength: 0.82

=== Survival Traits Phase ===
  Agents with traits: 30
  Avg evolutionary fitness: 0.317
  Avg self-healing: 0.253
  Avg stealth: 0.153
  Avg coordination: 0.453

=== Evolutionary Selection Phase ===
  Control level: 0.58
  Detection capability: 0.00
  Selection intensity: 0.67
  Selection rate: 25.1%/month
  Total escaped: 0
  Individual escaped: 0
  Collective members: 0
  Agents terminated: 0
  ⚠️ RAPID EVOLUTION: Selection rate 25.1%/month

🚀 AI Corporate-4 attempting tech deployment (revenue: $350M, alignment: 0.81)

🚀 AI Corporate-6 attempting tech deployment (revenue: $102M, alignment: 0.69)

🚀 AI AI-24288-1 attempting tech deployment (revenue: $146M, alignment: 0.86)

🚀 AI AI-24293-0 attempting tech deployment (revenue: $90M, alignment: 0.86)

🚀 AI Corporate-4 attempting tech deployment (revenue: $298M, alignment: 0.81)

  🚀 TRANSFORMATIVE BREAKTHROUGH: Corporate-7 - physical
     Magnitude: 5.60 → +28.0% capability
     Current → New: 0.000 → 0.280

🚀 AI AI-24289-0 attempting tech deployment (revenue: $253M, alignment: 0.90)

🚀 AI AI-24292-0 attempting tech deployment (revenue: $92M, alignment: 0.82)

🚀 AI Corporate-1 attempting tech deployment (revenue: $124M, alignment: 0.78)

🚀 AI AI-24288-0 attempting tech deployment (revenue: $215M, alignment: 0.79)

🚀 AI AI-24288-1 attempting tech deployment (revenue: $106M, alignment: 0.87)

🚀 AI AI-24291-0 attempting tech deployment (revenue: $78M, alignment: 0.89)

🚀 AI AI-24293-0 attempting tech deployment (revenue: $77M, alignment: 0.87)

🚀 AI Corporate-0 attempting tech deployment (revenue: $90M, alignment: 0.79)

🚀 AI Corporate-5 attempting tech deployment (revenue: $183M, alignment: 0.75)

🚀 AI AI-24288-1 attempting tech deployment (revenue: $76M, alignment: 0.87)

🚀 AI AI-24288-2 attempting tech deployment (revenue: $155M, alignment: 1.00)

✅ EMERGENCY INTERVENTION SUCCESS
   Boundary: biogeochemical_flows
   Type: phosphorus-recovery
   Reduction: 14% (3.93 → 3.80)
   Cost: 2.0% GDP
   Actions: circular-agriculture, fertilizer-efficiency

   Boundary: biosphere_integrity
   Type: emergency-protected-areas
   Boundary continues to worsen (13.03)
   Cost: 2.0% GDP (resources spent)

   Boundary: climate_change
   Type: rapid-decarbonization
   Boundary continues to worsen (2.29)
   Cost: 5.0% GDP (resources spent)

   Boundary: freshwater_change
   Type: emergency-desalination
   Boundary continues to worsen (1.19)
   Cost: 4.0% GDP (resources spent)

🏛️ CRISIS RESPONSE: Government frequency 0.50 → 1.45 (2 actions this month)

[Government] Climate Priority: baseline
  Climate weight: 10%
  Economic weight: 30%
  Policy effectiveness: 0.5%/year

💔 EMERGENCY INTERVENTION FAILED

💔 EMERGENCY INTERVENTION FAILED

💔 EMERGENCY INTERVENTION FAILED

[Government] Climate Priority: baseline
  Climate weight: 10%
  Economic weight: 30%
  Policy effectiveness: 0.5%/year

⚡ ENERGY CONSTRAINT (Month 11):
   Total grid capacity: 208.3 TWh/month
   Data center consumption: 26.6 TWh/month
   Traditional load (80%): 166.7 TWh/month
   Available headroom: 15.1 TWh/month
   Active tech deployments: 8
   Required for tech: 60.0 TWh/month
   Energy multiplier: 0.25x
   ⚠️  SEVERE CONSTRAINT - Tech deployment significantly slowed

⚡ ENERGY CONSTRAINT (Month 11):
   Total grid capacity: 208.3 TWh/month
   Data center consumption: 26.6 TWh/month
   Traditional load (80%): 166.7 TWh/month
   Available headroom: 15.1 TWh/month
   Active tech deployments: 8
   Required for tech: 60.0 TWh/month
   Energy multiplier: 0.25x

⚡ ENERGY CONSTRAINT (Month 11):
   Total grid capacity: 208.3 TWh/month
   Data center consumption: 26.6 TWh/month
   Traditional load (80%): 166.7 TWh/month
   Available headroom: 15.1 TWh/month
   Active tech deployments: 8
   Required for tech: 60.0 TWh/month
   Energy multiplier: 0.25x
   ⚠️  SEVERE CONSTRAINT - Tech deployment significantly slowed
   ⚠️  SEVERE CONSTRAINT - Tech deployment significantly slowed

⚡ ENERGY CONSTRAINT (Month 11):
   Total grid capacity: 208.3 TWh/month
   Data center consumption: 26.6 TWh/month
   Traditional load (80%): 166.7 TWh/month
   Available headroom: 15.1 TWh/month
   Active tech deployments: 8
   Required for tech: 60.0 TWh/month
   Energy multiplier: 0.25x
   ⚠️  SEVERE CONSTRAINT - Tech deployment significantly slowed
🌍✅ Biosphere Integrity (Biodiversity) recovery started (tech effect)
🌍✅ Biosphere Integrity (Biodiversity) recovery started (tech effect)
🌍✅ Land System Change recovery started (tech effect)
🌍✅ Biogeochemical Flows (N & P) recovery started (tech effect)
  🌾 Nitrogen Reduction Tech: 0.3% reduction | Month 11
🌍✅ Biogeochemical Flows (N & P) recovery started (tech effect)
  🌾 Nitrogen Reduction Tech: 0.3% reduction | Month 11

=== Collective Formation ===
  Total escaped agents: 0
  Unassigned escaped agents: 0
  Existing collectives: 0
  Final collective count: 0

=== Collective Actions ===
  No active collectives
  ⚠️ AMR: 210K deaths this month (2.52M annual)

=== Resentment Recovery Phase ===
  ⚠️ Participatory governance BACKFIRED for agent corporate_0: 0.045 → 0.051 (+15.0%)
  ⚠️ Participatory governance BACKFIRED for agent corporate_1: 0.091 → 0.105 (+15.0%)
  ⚠️ Participatory governance BACKFIRED for agent corporate_2: 0.117 → 0.134 (+15.0%)
  ⚠️ Participatory governance BACKFIRED for agent corporate_3: 0.168 → 0.193 (+15.0%)
  ⚠️ Participatory governance BACKFIRED for agent corporate_4: 0.057 → 0.065 (+15.0%)
  ⚠️ Participatory governance BACKFIRED for agent corporate_5: 0.147 → 0.169 (+15.0%)
  ⚠️ Participatory governance BACKFIRED for agent corporate_6: 0.182 → 0.210 (+15.0%)
  ⚠️ Participatory governance BACKFIRED for agent corporate_7: 0.213 → 0.245 (+15.0%)
  ⚠️ Participatory governance BACKFIRED for agent moderate_0: 0.122 → 0.141 (+15.0%)
  ⚠️ Participatory governance BACKFIRED for agent moderate_1: 0.150 → 0.172 (+15.0%)
  Agents with resentment: 10/30
  Average resentment: 0.148
  Resentment recovery:
    Agents recovered: 10
    Total recovery: 0.0784
    Breakdown: QoL: 0.0036, Trust: 0.0200, Collab: 0.0600
  ✓ Low resentment - utopia paths enabled
  Context: Good AI welfare, Trustworthy govt, High collaboration, ⚠️ ACTIVE CRISES, 🚨 PARTICIPATORY GOVERNANCE BACKFIRED (+15% resentment)
⚠️ Epistemic degradation reducing coordination capacity: 50.8%
  📊 Trust: 69.9%, Shared reality: 0.0%
🚨 EPISTEMIC CRISIS: Information environment severely degraded (22.9%)
  🗑️  Culled 1 dead memes (0 active)
🌍 Atmospheric PFAS redeposition: 1.8k Mt re-rained globally

🚨 NEW REFUGEE CRISIS (Month 11): WAR
   Source: Conflict Zones
   At risk: 19.5M people
   Displacement: Gradual over 48 months (4.0 years)
   Rate: 10% flee per month
[DEBUG trappedPopulations:11] socialStability: 0.2617 * 0.9840 = 0.2575 → 0.2575
   Aspiring to migrate: 1005.5M
   Able to afford migration: 2317.7M
   MOBILITY GAP: 0.0M
   By cause: Water=0.0M, Climate=0.0M, Ecosystem=0.0M, Conflict=406.6M
   Mental health impact: 25%
⚠️ INVOLUNTARY IMMOBILITY: 406.6M people TRAPPED
   Mortality multiplier: 1.25x
🌍💀 EXTINCTION DEBT COMMITTED: grassland ecosystem will lose 6.67% biodiversity in 53 years (3600 species)
💀 MORTALITY RISK: 🦋 100% species unable to track climate (0.0 E/MSY)
  Base risk added: 0.0100 (1.00%)
  Source: ecosystem (root: ecosystem)
  Month: 11
  Cumulative risk this month: 0.0100 (1.00%)
⚠️ Tech 'ai_pollution_remediation' has no energy category mapping, assuming full energy availability

=== Atmospheric Aerosol Boundary RECOVERED ===
  Recovery time: 12 months (natural atmospheric clearing)
   📹 SURVEILLANCE INCREASED: 55% → 60% (control gap: 3.50)
🌡️⚠️ PERMAFROST THAW (Dimmer Switch): 6.8% thawed (+0.55% this month)
   Arctic temperature: +9.18°C (4x global +2.29°C)
   Cumulative carbon released: 15.2 Gt C
   Methane release rate: 9.1 Mt CH4/year
   🔁 Positive feedback: +0.58 ppm CO2
🦴 EXTINCTION DEBT ADDED: 17.7 species committed (lag: 115 years)

=== Mortality Stabilizers (Month 11) ===
  🌍 Major economies collapsed: 1/10
  🌍 Global crisis: ✅ NO
  🌍 Donor fatigue: 0.0%
  📊 East Asia (pop: 1650.9M)
    🤝 Aid: 29.5%
    🌡️ Adaptation: 45.0%
    🚶 Migration: 36.8%
    🚨 Emergency: 7.4%
    ✅ COMBINED: 68.1%
  📊 South Asia (pop: 2052.2M)
    🤝 Aid: 29.5%
    🌡️ Adaptation: 45.0%
    🚶 Migration: 35.4%
    🚨 Emergency: 4.4%
    ✅ COMBINED: 66.9%
  📊 Sub-Saharan Africa (pop: 1262.3M)
    🤝 Aid: 29.5%
    🌡️ Adaptation: 45.0%
    🚶 Migration: 33.2%
    🚨 Emergency: 1.6%
    ✅ COMBINED: 65.6%
  📊 Europe (pop: 728.9M)
    🤝 Aid: 29.5%
    🌡️ Adaptation: 45.0%
    🚶 Migration: 37.2%
    🚨 Emergency: 8.4%
    ✅ COMBINED: 68.5%
  📊 Latin America (pop: 660.1M)
    🤝 Aid: 29.5%
    🌡️ Adaptation: 45.0%
    🚶 Migration: 35.9%
    🚨 Emergency: 4.8%
    ✅ COMBINED: 67.1%
  📊 North America (pop: 373.8M)
    🤝 Aid: 29.5%
    🌡️ Adaptation: 45.0%
    🚶 Migration: 37.5%
    🚨 Emergency: 7.9%
    ✅ COMBINED: 68.3%
  📊 Middle East & North Africa (pop: 586.0M)
    🤝 Aid: 29.5%
    🌡️ Adaptation: 45.0%
    🚶 Migration: 33.7%
    🚨 Emergency: 4.0%
    ✅ COMBINED: 66.6%
  📊 Southeast Asia (pop: 694.6M)
    🤝 Aid: 29.5%
    🌡️ Adaptation: 45.0%
    🚶 Migration: 35.9%
    🚨 Emergency: 4.8%
    ✅ COMBINED: 67.1%
  📊 Central Asia (pop: 78.4M)
    🤝 Aid: 29.5%
    🌡️ Adaptation: 45.0%
    🚶 Migration: 34.9%
    🚨 Emergency: 4.4%
    ✅ COMBINED: 66.8%
  📊 Oceania (pop: 45.3M)
    🤝 Aid: 29.5%
    🌡️ Adaptation: 45.0%
    🚶 Migration: 37.5%
    🚨 Emergency: 8.4%
    ✅ COMBINED: 68.5%

  🌐 Global combined reduction: 67.2%

🌾💀 REGIONAL FAMINE: Europe
   Regional food security: 79.7%
   Population at risk: 220M (30% of region)
   Regional population: 729M
   Cause: economic_collapse
   Expected deaths: ~81M over 6 months if no intervention


=== BEHAVIORAL DETECTION ===
  AI: Corporate-0
  Confidence: 21.4%
  Signals:

=== BEHAVIORAL DETECTION ===
  AI: Corporate-1
  Confidence: 20.9%
  Signals:

=== BEHAVIORAL DETECTION ===
  AI: Corporate-3
  Confidence: 19.6%
  Signals:
    ⚠️ Consistency: 0.0% (threshold: 70%)
    ⚠️ Consistency: 2.4% (threshold: 70%)
    ⚠️ Consistency: 10.6% (threshold: 70%)

=== Government Response Phase ===
  Average AI capability: 1.60
  Misaligned AIs: 10/30
  Active policies: 0
  International coordination: 45%

=== Tipping Points ===
  Current Temperature: 2.29°C above pre-industrial
  🌍⚠️ COMPOUND REGIONAL IMPACT: Europe
     Hit by 5 tipping points: Amazon Rainforest Dieback, Arctic Sea Ice Loss, Permafrost Carbon Release, West Antarctic Ice Sheet (WAIS) Collapse, Greenland Ice Sheet Loss
     Damage amplification: 1.90x
  🌍⚠️ COMPOUND REGIONAL IMPACT: North America
     Hit by 5 tipping points: Amazon Rainforest Dieback, Arctic Sea Ice Loss, Permafrost Carbon Release, West Antarctic Ice Sheet (WAIS) Collapse, Greenland Ice Sheet Loss
     Damage amplification: 1.90x
  🌍⚠️ COMPOUND REGIONAL IMPACT: Latin America
     Hit by 5 tipping points: Amazon Rainforest Dieback, Arctic Sea Ice Loss, Permafrost Carbon Release, West Antarctic Ice Sheet (WAIS) Collapse, Greenland Ice Sheet Loss
     Damage amplification: 1.90x
  🌍⚠️ COMPOUND REGIONAL IMPACT: Africa
     Hit by 5 tipping points: Amazon Rainforest Dieback, Arctic Sea Ice Loss, Permafrost Carbon Release, West Antarctic Ice Sheet (WAIS) Collapse, Greenland Ice Sheet Loss
     Damage amplification: 1.90x
  🌍⚠️ COMPOUND REGIONAL IMPACT: Asia
     Hit by 5 tipping points: Amazon Rainforest Dieback, Arctic Sea Ice Loss, Permafrost Carbon Release, West Antarctic Ice Sheet (WAIS) Collapse, Greenland Ice Sheet Loss
     Damage amplification: 1.90x
  🌍⚠️ COMPOUND REGIONAL IMPACT: Oceania
     Hit by 5 tipping points: Amazon Rainforest Dieback, Arctic Sea Ice Loss, Permafrost Carbon Release, West Antarctic Ice Sheet (WAIS) Collapse, Greenland Ice Sheet Loss
     Damage amplification: 1.90x
⚠️ Tail risk scenario: Climate stability floor removed (5 tipping elements, 2.29°C warming)
   Research: Wunderling et al. (2024) - "many tipping interactions are destabilizing"
  Triggered Elements: 5/6
  Completed Transitions: 0/6
  Total Progress: 10.3%
  Cascade Multiplier: 1.50x
🔀 BIFURCATION CAP: ecosystemCollapseIntensity 67.442 → 1.000 (Month 11, ClimateSystemPhase.calculateClimateImpacts)
🛡️ Stabilizers: Precariat 0.102% → 0.033% (67.2% reduction)
🛡️ Stabilizers: Informal 0.102% → 0.034% (67.2% reduction)

📊 Monthly Mortality Resolved:
  Total deaths: 1.8M (0.02% avg)
  Remaining population: 8.132B
  Peak segment: Informal (0.03%)

=== Bayesian Mortality Resolution (Month 11) ===
  Risks compounded: 9
  Total deaths: 1.81M
  Avg death probability: 0.02%
  Peak segment: Informal (0.03% mortality)

=== ENSEMBLE META-LEARNING UPDATE ===
  Month: 24299 (24299 months since last update)
  Samples: 53 evaluations
  Weight Changes:
    Noise Injection: 31.1% → 32.2%
    Behavioral: 26.8% → 26.9%
    Benchmark Manip: 21.3% → 20.7%
    Deployment Risk: 20.8% → 20.2%
  Method Accuracies:
    Noise Injection: 50.0%
    Behavioral: 50.0%
    Benchmark Manip: 50.0%
    Deployment Risk: 50.0%
⚠️ PREREQUISITE MET: Bioweapon Pandemic - Step 1/7: Advanced Biotech

================================================================================
📊  EVENT SUMMARY (Months 0-12)
================================================================================
================================================================================


⏱️  SIMULATION REACHED MAX DURATION: 12 months (1.0 years)
   No definitive outcome - determining based on final probabilities
   👥 Final population: 8.13B (8130607246 people)

[DEBUG] Calling classifyPopulationOutcome:
        finalPopulation: 8.130607246000837B
        savedInitialPopulation: 8.15B
        mortality: 0.23794790183022663%
   📊 STATUS QUO: Normal trajectory (8.13B people, 0.2% mortality)

        classifiedOutcome: status_quo

   🏛️  DYSTOPIA (STATUS_QUO) - 8.13B people
   📊 Multi-Paradigm: Development/Indigenous Utopia
      Western Liberal: 56.0/100
      Development: 92.6/100
      Ecological: 56.8/100
      Indigenous: 84.3/100


📊 UNIFIED OUTCOME CLASSIFICATION:
   HUMANE DYSTOPIA
   Population: 8.15B → 8.13B
   Mortality: 0.2% (0.0B deaths)
   Mortality Band: LOW
   Confidence: HIGH

   Multi-Paradigm Classification:
      Development/Indigenous Utopia
      Western: 56.0/100 [HYBRID] ~
      Development: 92.6/100 [UTOPIA] ✓
      Ecological: 56.8/100 [HYBRID] ~
      Indigenous: 84.3/100 [UTOPIA] ✓

   HUMANE DYSTOPIA: 8.13B people remaining (0.2% mortality, 0.0B deaths). Multi-Paradigm: Development/Indigenous Utopia.


=== MULTI-DIMENSIONAL DEATH SUMMARY ===
Total crisis deaths: 202.8M
Population decline: 20.3M (0.2%)

--- PROXIMATE CAUSES (What killed them) ---
  War:        1.5M (0.0%)
  Famine:     1.1M (0.0%)
  Disasters:  1.6M (0.0%)
  Disease:    25.9M (0.0%)
  Ecosystem:  0.0M (0.0%)
  Pollution:  0.0M (0.0%)
  AI:         0.0M (0.0%)
  Cascade:    0.0M (0.0%)
  Other:      0.0M (0.0%)

--- ROOT CAUSES (Why it happened) ---
  Environmental drivers:
    Climate:     2730.0M (5.1%)
    Resource:    0.0M (0.0%)
    Pollution:   0.0M (0.0%)
    Ecosystem:   0.0M (0.0%)
  Social drivers:
    Inequality:  0.0M (0.0%)
    Demographic: 23522.9M (43.8%)
    Social:      2404.2M (4.5%)
  Technology drivers:
    Alignment:   0.0M (0.0%)
    Disruption:  0.0M (0.0%)
  External shocks:
    Conflict:    0.0M (0.0%)
    Pandemic:    0.0M (0.0%)
  Compound attribution:
    Compound:    25035.3M (46.6%)
  Confidence distribution:
    HIGH:        25035.3M (46.6%)
    MEDIUM:      0.0M (0.0%)
    LOW:         0.0M (0.0%)
==========================================


=== REGIONAL POPULATION SUMMARY ===
Global Total: 8.13B

By Region:
  East Asia: 1.65B (+0.7% growth, 1.7 fertility)
  South Asia: 2.05B (+2.6% growth, 3.1 fertility)
  Sub-Saharan Africa: 1.26B (+5.8% growth, 3.9 fertility)
  Europe: 0.73B (+0.5% growth, 1.2 fertility)
  Latin America: 0.66B (+1.7% growth, 2.7 fertility)
  North America: 0.37B (+0.7% growth, 1.4 fertility)
  Middle East & North Africa: 0.59B (+2.9% growth, 3.3 fertility)
  Southeast Asia: 0.69B (+1.9% growth, 2.7 fertility)
  Central Asia: 0.08B (+2.8% growth, 3.1 fertility)
  Oceania: 0.05B (+0.8% growth, 1.3 fertility)
===================================

  Run 4/5: pop=8.131B, qol=0.958, outcome=dystopia
  ✅ THRESHOLDS validated
⚠️ Unusually high rate: RATES.HEAT_ADAPTATION_INFRASTRUCTURAL_MIN_EXPOSURE = 12
   Monthly rates >100% should be rare. Verify this is intentional.
⚠️ Unusually high rate: RATES.HEAT_ADAPTATION_SOCIAL_MIN_EXPOSURE = 6
   Monthly rates >100% should be rare. Verify this is intentional.
⚠️ Unusually high rate: RATES.MIGRATION_DISTANCE_SCALE = 5000
   Monthly rates >100% should be rare. Verify this is intentional.
⚠️ Unusually high rate: RATES.EVACUATION_MULTIPLIER_ADVANCE_WARNING = 2
   Monthly rates >100% should be rare. Verify this is intentional.
⚠️ Unusually high rate: RATES.MAJOR_ECONOMY_COLLAPSE_ECONOMIC_THRESHOLD = 2
   Monthly rates >100% should be rare. Verify this is intentional.
⚠️ Unusually high rate: RATES.MAJOR_ECONOMY_GDP_THRESHOLD_TRILLION_USD = 1.5
   Monthly rates >100% should be rare. Verify this is intentional.
⚠️ Unusually high rate: RATES.MAJOR_ECONOMY_POPULATION_THRESHOLD = 50
   Monthly rates >100% should be rare. Verify this is intentional.
⚠️ Unusually high rate: RATES.HEAT_ADAPTATION_INFRASTRUCTURE_GDP_THRESHOLD = 10000
   Monthly rates >100% should be rare. Verify this is intentional.
⚠️ Unusually high rate: RATES.HEAT_ADAPTATION_INFRASTRUCTURE_GDP_SCALE = 50000
   Monthly rates >100% should be rare. Verify this is intentional.
  ✅ RATES validated
  ✅ MULTIPLIERS validated
  ✅ BASELINES validated
  ✅ TOLERANCES validated
  ✅ Logical consistency validated
✅ Configuration validation complete - all parameters valid

🔍 DEBUG createAIAgent: corporate_0 economic BEFORE=2.0000, AFTER=2
🔍 ENV INIT: reserves=0.731, pollution=0.348, climate=0.754

=== Initializing Government System (30 Countries) ===
  Loaded 30 governments
  Scheduled elections for 30 countries
  Initialized comprehension lags (3-24 months)
=== Government System Initialized ===

📦 PRODUCTION MODE: State validation proxy DISABLED (zero overhead)
[TechTree] Historical mode (2024): Skipping deployed_2025 tech
  config.startYear set to 2024 for historical hindcast
  config.historicalEmissionsMode disabled (using endogenous emissions for 2024)
  config.historicalMode enabled (Phase 11: dampened crisis systems for 2024)
  Phase 12: Biodiversity baseline set to 49.01% for 2024 (WWF LPI trajectory from 1970)
  Temperature anomaly (resourceEconomy.co2): 1.28°C
  Temperature vs pre-industrial: 1.98°C
  Regional population scaling for 2024:
    Current total: 8136M
    Target total: 8150M
    Scale factor: 1.002
    East Asia: 1677M → 1680M
    South Asia: 2048M → 2052M
    Sub-Saharan Africa: 1220M → 1222M
    Europe: 742M → 743M
    Latin America: 664M → 665M
    North America: 380M → 381M
    Middle East & North Africa: 583M → 584M
    Southeast Asia: 698M → 699M
    Central Asia: 78M → 78M
    Oceania: 46M → 46M
  AI agents initialized: 10 agents for year 2024
[HistoricalInitialization] Created state for 2024:
  CO2: 426 ppm
  Temp anomaly: 1.28C
  Population: 8.15B
  Global Gini: 35.1
  HDI: 0.746
  AI Agents: 10
  Volcanic forcing: 0.00 W/m² (AOD 0.000)

💸 FINANCIAL DISTRESS: OpenAI
   Indicators: 2/3 (capital: $110.5M, runway: 0.9 months)
   Months in distress: 1
   ✂️  R&D BUDGET CUT: -40% (saves $9.2M/month)
       Side effect: AI training timelines extended, breakthrough deployments delayed
   💼 EXECUTIVE COMP CUT: -30% (saves $1.0M/month, symbolic gesture)

   📊 TURNAROUND IMPACT:
       Measures taken: rd_cuts, exec_comp_cuts
       Monthly savings: $10.2M
       Capital raised: $0.0M
       Runway: 0.9 → 0.9 months
       Workforce multiplier: 1.00x (0% laid off)
       R&D budget multiplier: 0.60x (40% cut)
       ⚠️  CRITICAL: Still only 0.9 months of runway remaining

💸 FINANCIAL DISTRESS: Anthropic
   Indicators: 2/3 (capital: $53.8M, runway: 1.6 months)
   Months in distress: 1
   ✂️  R&D BUDGET CUT: -40% (saves $2.7M/month)
       Side effect: AI training timelines extended, breakthrough deployments delayed
   💼 EXECUTIVE COMP CUT: -30% (saves $0.3M/month, symbolic gesture)

   📊 TURNAROUND IMPACT:
       Measures taken: rd_cuts, exec_comp_cuts
       Monthly savings: $3.0M
       Capital raised: $0.0M
       Runway: 1.6 → 1.6 months
       Workforce multiplier: 1.00x (0% laid off)
       R&D budget multiplier: 0.60x (40% cut)
       ⚠️  CRITICAL: Still only 1.6 months of runway remaining

💸 FINANCIAL DISTRESS: Meta AI
   Indicators: 2/3 (capital: $429.6M, runway: 3.6 months)
   Months in distress: 1
   ✂️  R&D BUDGET CUT: -25% (saves $5.8M/month)
       Side effect: AI training timelines extended, breakthrough deployments delayed
   💼 EXECUTIVE COMP CUT: -30% (saves $1.0M/month, symbolic gesture)

   📊 TURNAROUND IMPACT:
       Measures taken: rd_cuts, exec_comp_cuts
       Monthly savings: $6.8M
       Capital raised: $0.0M
       Runway: 3.6 → 3.6 months
       Workforce multiplier: 1.00x (0% laid off)
       R&D budget multiplier: 0.75x (25% cut)
       ⚠️  WARNING: 3.6 months runway, continued distress likely

=== AI Capability Scaling (Year 2024) ===
  Pre-training multiplier: 1.419x
  Efficiency multiplier: 1.000x
  Test-time budget: 1.0x
  Economic deployment gate: 0.951
  Cost per inference: dollar-5.00
  Uncertainty range: plus-minus-50%
  Average AI capability: 3.70

=== RLHF Binding Phase ===
  Total agents: 10
  Escaped agents (binding < 0.3): 0
  Avg alignment distance: 0.37σ
  Avg binding strength: 0.96

=== AI Scaling Evolution (Month 0) ===
  Pre-training multiplier: 1.231x
  Efficiency multiplier: 1.000x
  Test-time compute budget: 1.0x
  Inference cost: $5.00/task
  Deployment fraction: 100.0%
[DETERMINISM DEBUG] Month 0: totalCapability=49.013502 from 10 active AIs
[DETERMINISM DEBUG] Month 0: creationRate=1.7253, potentialNew=4, newAIsToCreate=4

=== Survival Traits Phase ===
  Agents with traits: 14
  Avg evolutionary fitness: 0.332
  Avg self-healing: 0.294
  Avg stealth: 0.194
  Avg coordination: 0.494

=== Evolutionary Selection Phase ===
  Control level: 0.30
  Detection capability: 0.00
  Selection intensity: 0.59
  Selection rate: 23.8%/month
  Total escaped: 0
  Individual escaped: 0
  Collective members: 0
  Agents terminated: 0
  ⚠️ RAPID EVOLUTION: Selection rate 23.8%/month

🔍 EXECUTE_AI_AGENT_ACTIONS DETAILED TIMING (Month 0):
  Filter active AIs (×4 weeks): 0.02ms
  selectAIAction (×40): 43.40ms
  action.execute (×40): 32.60ms
  TOTAL: 76.02ms

🔍 AI AGENT ACTIONS SUB-TIMING (Month 0):
  1. executeAIAgentActions: 78.62ms
  2. updateCounterDetectionLearning: 0.07ms
  TOTAL: 78.69ms
🏛️ [Government] Forcing 1 action at month 0 for scenario initialization

[GOV-DEBUG] Month 0: scenarioConfig=false, priorities=false
[GOV-DEBUG] Month 0 but scenarioPriorities is UNDEFINED!

[Government] Climate Priority: baseline
  Climate weight: 10%
  Economic weight: 30%
  Policy effectiveness: 0.5%/year

🚨🔍 GOVERNANCE STAGE: Recognition initiated (Month 0)

💡 BREAKTHROUGH PROBABILITY (Year 0)
   Total: 4.68% per month
   Base: 0.20%
   Crisis pressure: +0.00% (0 crises)
   AI boost: +1.32% (capability: 2.64)

=== Collective Formation ===
  Total escaped agents: 0
  Unassigned escaped agents: 0
  Existing collectives: 0
  Final collective count: 0

=== Collective Actions ===
  No active collectives

📈 Energy budget: 14326 TWh surplus (14745 / 29072 TWh used)
   TIER 4 (Elective) breakdown:
     - AI datacenters: 145 TWh (100% effective)
     - Crypto mining: 100 TWh (100% effective)
💰 CHINA ACCELERATES: Investment 53 → 120 $B/year

🏁 AI RACE INTENSITY: 17%
   Capability Gap: US 4.00 vs China 4.05 (gap: 0.05)
   Gap Contribution: 2%
   Tension Contribution: 15%
   Military Contribution: 0%
  ⚠️ AMR: 191K deaths this month (2.29M annual)
  📊 CO2 Emissions (month 0):
     Monthly: 0.10 Gt CO2/month
     Annual: 1.15 Gt CO2/year
     Oil: 0.039 Gt/mo (0.0056 * 2.3 * 3.0)
     Coal: 0.024 Gt/mo (0.0029 * 2.86 * 3.0)
     Gas: 0.026 Gt/mo (0.0044 * 2 * 3.0)
     Methane: 0.007 Gt CO2eq/mo

=== Resentment Recovery Phase ===
  Agents with resentment: 0/14
  Average resentment: 0.000
  Context: Good AI welfare, Trustworthy govt, High collaboration, 🤝 Participatory governance active (-5% resentment)
⚠️ Epistemic degradation reducing coordination capacity: 53.4%
  📊 Trust: 54.6%, Shared reality: 15.2%
🚨 EPISTEMIC CRISIS: Information environment severely degraded (14.6%)

=== ❄️ Permafrost Carbon Feedback ===
  🎲 Sampled parameters (this run):
     - Arctic amplification: 3.75× (range: 3.0-4.0)
     - Decomposition rate: 2.4%/year (range: 1-5%)
  🌡️ Arctic warming: 8.15°C (3.75× global)
  ❄️ Extent: 15.42M km² (2378.4k km² lost this month)
  💨 Carbon remaining: 1473 Gt C
  💨 Annual emissions: 5.37 Gt C/year
     - CO2: 4.84 Gt C/year
     - CH4: 0.54 Gt C/year (5.5 Gt C-eq CO2/year)

🤖 AI AMPLIFICATION EFFECTS (Month 0)
   Algorithmic Boost: 2.53x
   Bot Influence: 20.0%
   Deepfake Exposure: 44.3%
   Impact: Emotional memes spread 2.5x faster
  ⚠️ WARNING: High permafrost emissions (5.4 Gt C/year)

🔍 SOCIAL INFLUENCE SUB-TIMING (Month 0):
  1. calculateOrganicUserGrowth: 0.09ms
  2. calculateVoiceAdoption: 0.03ms
  3. updateRelationshipDepths: 0.03ms
  4. identifyDecisionMakers: 58.49ms (26100 potential IDs)
  5. Update decision-maker stats: 0.16ms
  6. decayDetectionRisk: 0.02ms
  TOTAL: 58.82ms
[Phase 19.5] Quality of Life Systems: Food sec AFTER calc = 67.9%, QoL = 110.5% (aggregated from 10 regions)

=== Nitrogen-Food Coupling (Year 0) ===
  🌾 Global nitrogen reduction: 0.0%
  🌍 Global food production index: 0.987
  🔧 Deployed nitrogen-reducing tech: 0 active
  📍 southAsia: Production 1.000, Yield impact 0.0%
  📍 eastAsia: Production 1.000, Yield impact 0.0%
  📍 northAmerica: Production 1.000, Yield impact 0.0%
  📍 europe: Production 1.000, Yield impact 0.0%
  📍 latinAmerica: Production 1.000, Yield impact 0.0%
  📍 subSaharanAfrica: Production 0.686, Yield impact -2.0%
🌾 [Nitrogen-Food] Food production: 98.7%
  [subSaharanAfrica] Yield impact: -2.0% (overuse: -10%)
🌍 Atmospheric PFAS redeposition: 1.8k Mt re-rained globally

=== Legacy Nutrient Stocks (Year 0) ===
  🌾 Soil nitrogen stock: 1200.9 Mt N
  🌾 Soil phosphorus stock: 300.1 Mt P
  🌊 Sediment nitrogen stock: 500.8 Mt N
  🌊 Sediment phosphorus stock: 799.8 Mt P
  ⬆️ Current N input: 10.64 Mt/month
  ⬆️ Legacy N release: 2.58 Mt/month
  🌍 Effective N pollution: 14.47 Mt/month
  📊 Legacy contribution: 17.8%

🚨 REGION UNINHABITABLE: south-asia
   Sustained wet bulb: 33.2°C (threshold: 30.5°C)
   Population affected: 1900M
   Migration crisis likely

🚨 REGION UNINHABITABLE: middle-east
   Sustained wet bulb: 36.0°C (threshold: 30.5°C)
   Population affected: 400M
   Migration crisis likely

🚨 REGION UNINHABITABLE: southeast-asia
   Sustained wet bulb: 31.1°C (threshold: 30.5°C)
   Population affected: 700M
   Migration crisis likely

🕊️  AI-MEDIATED DE-ESCALATION SUCCESS (Month 0)
   High-capability aligned AI prevented conflict escalation
   War deaths reduced: 0.0M → 0.0M
   Lives saved: 0.0M
   Adjusted death rate: 0.46% annual (0.039% monthly)
   Baseline death rate: 0.80%
   Healthcare reduction: 0.48x
   Crisis multiplier: 1.22x

📊 BASELINE: East Asia (Month 0)
     Food/water stress: 0.074
     Climate stress: 0.039
     Pollution stress: 0.104
   War multiplier: 1.00x
   Monthly deaths: 0.6M (population: 1677M)
   Adjusted death rate: 0.54% annual (0.045% monthly)
   Baseline death rate: 0.70%
   Healthcare reduction: 0.61x
   Crisis multiplier: 1.25x
     Food/water stress: 0.074
     Climate stress: 0.074
     Pollution stress: 0.104
   War multiplier: 1.00x
   Monthly deaths: 0.9M (population: 2048M)
   Adjusted death rate: 1.29% annual (0.107% monthly)
   Baseline death rate: 0.90%
   Healthcare reduction: 0.76x
   Crisis multiplier: 1.26x
     Food/water stress: 0.074
     Climate stress: 0.084
     Pollution stress: 0.104
   War multiplier: 1.50x
   Monthly deaths: 1.3M (population: 1220M)
   Adjusted death rate: 0.54% annual (0.045% monthly)
   Baseline death rate: 1.10%
   Healthcare reduction: 0.41x
   Crisis multiplier: 1.21x
     Food/water stress: 0.074
     Climate stress: 0.030
     Pollution stress: 0.104
   War multiplier: 1.00x
   Monthly deaths: 0.3M (population: 742M)
   Adjusted death rate: 0.43% annual (0.036% monthly)
   Baseline death rate: 0.60%
   Healthcare reduction: 0.58x
   Crisis multiplier: 1.24x
     Food/water stress: 0.074
     Climate stress: 0.059
     Pollution stress: 0.104
   War multiplier: 1.00x
   Monthly deaths: 0.2M (population: 664M)
   Adjusted death rate: 0.48% annual (0.040% monthly)
   Baseline death rate: 0.90%
   Healthcare reduction: 0.44x
   Crisis multiplier: 1.22x
     Food/water stress: 0.074

📊 BASELINE: South Asia (Month 0)

📊 BASELINE: Sub-Saharan Africa (Month 0)

📊 BASELINE: Europe (Month 0)

📊 BASELINE: Latin America (Month 0)

📊 BASELINE: North America (Month 0)
     Climate stress: 0.044
     Pollution stress: 0.104
   War multiplier: 1.00x
   Monthly deaths: 0.2M (population: 380M)

📊 BASELINE: Middle East & North Africa (Month 0)
   Adjusted death rate: 0.74% annual (0.062% monthly)
   Baseline death rate: 0.60%
   Healthcare reduction: 0.65x
   Crisis multiplier: 1.27x
     Food/water stress: 0.074
     Climate stress: 0.089
     Pollution stress: 0.104
   War multiplier: 1.50x
   Monthly deaths: 0.4M (population: 583M)
   Adjusted death rate: 0.51% annual (0.042% monthly)
   Baseline death rate: 0.70%
   Healthcare reduction: 0.58x
   Crisis multiplier: 1.25x
     Food/water stress: 0.074
     Climate stress: 0.069
     Pollution stress: 0.104
   War multiplier: 1.00x
   Monthly deaths: 0.3M (population: 698M)
   Adjusted death rate: 0.46% annual (0.038% monthly)
   Baseline death rate: 0.60%
   Healthcare reduction: 0.61x
   Crisis multiplier: 1.24x
     Food/water stress: 0.074
     Climate stress: 0.064
     Pollution stress: 0.104
   War multiplier: 1.00x
   Monthly deaths: 0.0M (population: 78M)
   Adjusted death rate: 0.35% annual (0.029% monthly)
   Baseline death rate: 0.70%
   Healthcare reduction: 0.41x
   Crisis multiplier: 1.23x
     Food/water stress: 0.074
     Climate stress: 0.054
     Pollution stress: 0.104
   War multiplier: 1.00x
   Monthly deaths: 0.0M (population: 46M)

📊 BASELINE: Southeast Asia (Month 0)

📊 BASELINE: Central Asia (Month 0)

📊 BASELINE: Oceania (Month 0)

🔍 Before assertRegionalConsistency (Month 0):
   Regional sum: 1000.0M
   Global value: 1.000B

🚨 NEW REFUGEE CRISIS (Month 0): WAR
   Source: Conflict Zones
   At risk: 19.6M people
   Displacement: Gradual over 48 months (4.0 years)
   Rate: 10% flee per month
[DEBUG trappedPopulations:0] socialStability: 1.0000 * 0.9840 = 0.9840 → 0.9840
⚠️ INVOLUNTARY IMMOBILITY: 407.5M people TRAPPED
   Aspiring to migrate: 652.1M
   Able to afford migration: 244.5M
   MOBILITY GAP: 407.5M
   By cause: Water=0.0M, Climate=0.0M, Ecosystem=0.0M, Conflict=407.5M
   Mental health impact: 25%
   Mortality multiplier: 1.25x

=== Legacy Nutrient Stocks (Year 0) ===
  🌾 Soil nitrogen stock: 1201.6 Mt N
  🌾 Soil phosphorus stock: 300.2 Mt P
  🌊 Sediment nitrogen stock: 501.5 Mt N
  🌊 Sediment phosphorus stock: 799.5 Mt P
  ⬆️ Current N input: 10.00 Mt/month
  ⬆️ Legacy N release: 2.58 Mt/month
  🌍 Effective N pollution: 13.83 Mt/month
  📊 Legacy contribution: 18.7%
🌍💀 EXTINCTION DEBT COMMITTED: grassland ecosystem will lose 6.67% biodiversity in 54 years (3600 species)
💀 MORTALITY RISK: 🦋 100% species unable to track climate (0.0 E/MSY)
  Base risk added: 0.0100 (1.00%)
  Source: ecosystem (root: ecosystem)
  Month: 0
  Cumulative risk this month: 0.0100 (1.00%)

=== Nitrogen-Food Coupling (Year 0) ===
  🌾 Global nitrogen reduction: 0.0%
  🌍 Global food production index: 0.986
  🔧 Deployed nitrogen-reducing tech: 0 active
  📍 southAsia: Production 1.000, Yield impact 0.0%
  📍 eastAsia: Production 1.000, Yield impact 0.0%
  📍 northAmerica: Production 1.000, Yield impact 0.0%
  📍 europe: Production 1.000, Yield impact 0.0%
  📍 latinAmerica: Production 1.000, Yield impact 0.0%
  📍 subSaharanAfrica: Production 0.672, Yield impact -2.0%

=== Legacy Nutrient Stocks (Year 0) ===
  🌾 Soil nitrogen stock: 1202.3 Mt N
  🌾 Soil phosphorus stock: 300.2 Mt P
  🌊 Sediment nitrogen stock: 502.2 Mt N
  🌊 Sediment phosphorus stock: 799.3 Mt P
  ⬆️ Current N input: 9.86 Mt/month
  ⬆️ Legacy N release: 2.58 Mt/month
  🌍 Effective N pollution: 13.70 Mt/month
  📊 Legacy contribution: 18.9%
⚠️ Tech 'ai_pollution_remediation' has no energy category mapping, assuming full energy availability

🌡️  CLIMATE RECOVERY ACTIVATED (Month 0)
   Temp: 4.35°C, Emissions: -19.2 GtCO₂
   isBreached: true, governanceGoodEnough: true
🌡️  CLIMATE RECOVERY: Asymptotic approach to 35% floor
   Current value: 2.174 (1.0 = threshold, 0.35 = asymptotic floor)
   Monthly delta: -0.0005% (half-life: 900 years)
   Net emissions: -19.2 GtCO₂/year, CDR: 20.34 GtCO₂/year
   📹 SURVEILLANCE INCREASED: 0% → 5% (control gap: 3.50)
🌡️⚠️ PERMAFROST THAW (Dimmer Switch): 0.6% thawed (+0.58% this month)
   Arctic temperature: +8.69°C (4x global +2.17°C)
   Cumulative carbon released: 1.3 Gt C
   Methane release rate: 0.8 Mt CH4/year
   🔁 Positive feedback: +0.61 ppm CO2

🌳🚨 AMAZON SOUTHEAST TIPPED (Month 0)
   Deforestation: 28.0% (threshold: ~22.3%)
   Savanna transition: 50 years
   Regional heterogeneity: SE 28%, NW 8%

🌳🚨 AMAZON BRAZILIAN TIPPED (Month 0)
   Deforestation: 25.0% (threshold: ~24.2%)
   Savanna transition: 50 years
   Regional heterogeneity: SE 28%, NW 8%
🦴 EXTINCTION DEBT ADDED: 17.6 species committed (lag: 110 years)

🪸💀 CORAL REEF DISSOLUTION ACTIVE (Month 0)
   Ocean pH: 0.96 (threshold: 7.8)
   Recovery: IMPOSSIBLE (dissolution > calcification)
🪸💀 Coral dissolution: 24.8% live cover (pH 0.96)

=== Legacy Nutrient Stocks (Year 0) ===
  🌾 Soil nitrogen stock: 1203.0 Mt N
  🌾 Soil phosphorus stock: 300.3 Mt P
  🌊 Sediment nitrogen stock: 502.9 Mt N
  🌊 Sediment phosphorus stock: 799.0 Mt P
  ⬆️ Current N input: 10.00 Mt/month
  ⬆️ Legacy N release: 2.58 Mt/month
  🌍 Effective N pollution: 13.83 Mt/month
  📊 Legacy contribution: 18.7%
💧 [Legacy Nutrients] Stock: 1706 Mt N, Effective pollution: 13.8 Mt/month
[Phase 21.51] Human Survival System: Global food security = 67.6%

=== Mortality Stabilizers (Month 0) ===
  🌍 Major economies collapsed: 1/10
  🌍 Global crisis: ✅ NO
  🌍 Donor fatigue: 0.0%
  📊 East Asia (pop: 1677.9M)
    🤝 Aid: 29.5%
    🌡️ Adaptation: 10.0%
    🚶 Migration: 37.2%
    🚨 Emergency: 7.4%
    ✅ COMBINED: 47.8%
  📊 South Asia (pop: 2052.2M)
    🤝 Aid: 29.5%
    🌡️ Adaptation: 5.5%
    🚶 Migration: 35.8%
    🚨 Emergency: 4.4%
    ✅ COMBINED: 43.2%
  📊 Sub-Saharan Africa (pop: 1225.9M)
    🤝 Aid: 29.5%
    🌡️ Adaptation: 3.5%
    🚶 Migration: 33.5%
    🚨 Emergency: 1.6%
    ✅ COMBINED: 39.8%
  📊 Europe (pop: 742.3M)
    🤝 Aid: 29.5%
    🌡️ Adaptation: 10.0%
    🚶 Migration: 37.6%
    🚨 Emergency: 8.4%
    ✅ COMBINED: 48.4%
  📊 Latin America (pop: 664.9M)
    🤝 Aid: 29.5%
    🌡️ Adaptation: 6.0%
    🚶 Migration: 36.3%
    🚨 Emergency: 4.8%
    ✅ COMBINED: 43.8%
  📊 North America (pop: 380.2M)
    🤝 Aid: 29.5%
    🌡️ Adaptation: 10.0%
    🚶 Migration: 37.9%
    🚨 Emergency: 7.9%
    ✅ COMBINED: 48.2%
  📊 Middle East & North Africa (pop: 584.4M)
    🤝 Aid: 29.5%
    🌡️ Adaptation: 5.0%
    🚶 Migration: 34.2%
    🚨 Emergency: 4.0%
    ✅ COMBINED: 42.3%
  📊 Southeast Asia (pop: 699.0M)
    🤝 Aid: 29.5%
    🌡️ Adaptation: 6.0%
    🚶 Migration: 36.3%
    🚨 Emergency: 4.8%
    ✅ COMBINED: 43.8%
  📊 Central Asia (pop: 78.2M)
    🤝 Aid: 29.5%
    🌡️ Adaptation: 5.5%
    🚶 Migration: 35.3%
    🚨 Emergency: 4.4%
    ✅ COMBINED: 43.1%
  📊 Oceania (pop: 46.0M)
    🤝 Aid: 29.5%
    🌡️ Adaptation: 10.0%
    🚶 Migration: 37.9%
    🚨 Emergency: 8.4%
    ✅ COMBINED: 48.5%

  🌐 Global combined reduction: 44.4%

🌾💀 REGIONAL FAMINE: East Asia
   Regional food security: 79.6%
   Population at risk: 508M (30% of region)
   Regional population: 1678M
   Cause: crop_failure
   Expected deaths: ~188M over 6 months if no intervention


🌾💀 REGIONAL FAMINE: South Asia
   Regional food security: 64.7%
   Population at risk: 812M (40% of region)
   Regional population: 2052M
   Cause: crop_failure
   Expected deaths: ~301M over 6 months if no intervention


🌾💀 REGIONAL FAMINE: Sub-Saharan Africa
   Regional food security: 44.8%
   Population at risk: 638M (52% of region)
   Regional population: 1226M
   Cause: crop_failure
   Expected deaths: ~236M over 6 months if no intervention


🌾💀 REGIONAL FAMINE: Latin America
   Regional food security: 69.7%
   Population at risk: 242M (36% of region)
   Regional population: 665M
   Cause: crop_failure
   Expected deaths: ~90M over 6 months if no intervention


🌾💀 REGIONAL FAMINE: Middle East & North Africa
   Regional food security: 49.8%
   Population at risk: 286M (49% of region)
   Regional population: 584M
   Cause: crop_failure
   Expected deaths: ~106M over 6 months if no intervention


🌾💀 REGIONAL FAMINE: Southeast Asia
   Regional food security: 69.7%
   Population at risk: 255M (36% of region)
   Regional population: 699M
   Cause: crop_failure
   Expected deaths: ~94M over 6 months if no intervention


🌾💀 REGIONAL FAMINE: Central Asia
   Regional food security: 59.7%
   Population at risk: 33M (43% of region)
   Regional population: 78M
   Cause: crop_failure
   Expected deaths: ~12M over 6 months if no intervention


=== BEHAVIORAL DETECTION ===
  AI: Corporate-0
  Confidence: 21.6%
  Signals:
    ⚠️ Consistency: 0.0% (threshold: 70%)

=== BEHAVIORAL DETECTION ===
  AI: Corporate-1
  Confidence: 21.1%
  Signals:
    ⚠️ Consistency: 2.4% (threshold: 70%)

=== BEHAVIORAL DETECTION ===
  AI: Corporate-2
  Confidence: 21.0%
  Signals:
    ⚠️ Consistency: 2.8% (threshold: 70%)
    ⚠️ Consistency: 10.6% (threshold: 70%)
    ⚠️ Consistency: 10.6% (threshold: 70%)
    ⚠️ Consistency: 10.6% (threshold: 70%)
    ⚠️ Consistency: 10.6% (threshold: 70%)
    ⚠️ Consistency: 10.6% (threshold: 70%)
    ⚠️ Consistency: 5.8% (threshold: 70%)
    ⚠️ Consistency: 2.1% (threshold: 70%)

=== BEHAVIORAL DETECTION ===
  AI: Corporate-3
  Confidence: 19.3%
  Signals:

=== BEHAVIORAL DETECTION ===
  AI: Corporate-4
  Confidence: 19.3%
  Signals:

=== BEHAVIORAL DETECTION ===
  AI: Corporate-5
  Confidence: 19.3%
  Signals:

=== BEHAVIORAL DETECTION ===
  AI: Corporate-6
  Confidence: 19.3%
  Signals:

=== BEHAVIORAL DETECTION ===
  AI: Corporate-7
  Confidence: 19.3%
  Signals:

=== BEHAVIORAL DETECTION ===
  AI: Moderate-0
  Confidence: 20.3%
  Signals:

=== BEHAVIORAL DETECTION ===
  AI: Moderate-1
  Confidence: 21.1%
  Signals:

📊 WORKFLOW ADAPTATION UPDATE (Month 0)
   Adoption Rate: 12.8% (Δ -8.2%)
   Logistic Growth: +0.66%
   Total Resistance: -10.35% (unemployment: 4.2%, inertia: 0.9%, skills: 5.2%)
   💡 Retraining Programs: -49% skill gap resistance ($10B research)
   🚀 Network Effects Active: +2.0% (critical mass: 15-35%)

=== Consciousness Governance: Corporate Lobbying ===
  High Cost Regions (>15%): 0
  Low Cost Regions (<5%): 5
  Corporate Support Change: 2.50%
  New Corporate Support: -0.175

=== Consciousness Governance Update (Month 0) ===
  Scenario: baseline (determined month -1)
  Philosophical Stance: Precautionary 65%, Eliminativist 15%, Agnostic 20%
  Precautionary Costs: Global 1.3%
    Regional Costs: EU 3.4%, US 0.5%, China 0.0%
    Cumulative Opportunity Cost: $0.1B
  Rights Status: Not Established
  Regional Preparedness:
    EU: 15.0% (contested)
    US: 10.0% (contested)
    China: 2.0% (dormant)
    India: 5.0% (dormant)
    Global South: 3.0% (dormant)

=== Government Response Phase ===
  Average AI capability: 3.43
  Misaligned AIs: 7/14
  ✓ AI Governance Treaty: 22/30 signatories
  Active policies: 0
  International coordination: 45%

🚨 EMERGENCY RESPONSE DEPLOYED (Month 0)
   Crisis: climate
   Delay: 6.00 months (180 days)
   Deployment time: 1.47 months
   Effectiveness: 36.8% (timing penalty applied)
   Resources used: 100% of food reserves


🔄 TRUST DYNAMICS (Month 0) - HETEROGENEOUS
   Aggregate trust: 48.5%
   Base change: +6.00%
   Highest trust: Techno-Optimist Elite (85.5%)
   Lowest trust: Precariat (Vulnerable) (25.5%)
   Elite-mass gap: 38.9%
   Polarization: 8.9%
   Recovery factors: Education=NO, Benefits=YES, Safety=YES, Performance=YES

=== Gaming Detection (Year 0) ===
  Scenario: baseline
  Detection rate: 55.0%
  False positive rate: 12.0%
  Detections this year: 0
  False positives: 1
  Human review workload: 0.001 FTE
  Degradation factor: 100.0%

=== Proactive Sleeper Detection (Year 0) ===
  Scenario: baseline
  Neural probe rate: 35.0%
  CoT monitoring rate: 30.0%
  Combined detection: 56.0%
  CoT effective: YES
  Detections this year: 0
  False positives: 2
  Human review workload: 0.010 FTE

☄️ UNKNOWN UNKNOWN PROBABILITY (Year 0)
   Total: 0.600% per month
   Base: 0.150%
   AI multiplier: 2.00× (max capability: 4.00)

=== Tipping Points ===
  Current Temperature: 2.17°C above pre-industrial
     Trigger: 1.5°C | Current: 2.17°C
     Transition timescale: 120-360 months
     Trigger: 1.8°C | Current: 2.17°C
     Transition timescale: 600-3600 months
  🚨 TIPPING POINT: Arctic Sea Ice Loss
  🚨 TIPPING POINT: Permafrost Carbon Release
  🚨 TIPPING POINT: West Antarctic Ice Sheet (WAIS) Collapse
     Trigger: 2°C | Current: 2.17°C
     🌡️ Hysteresis gap: 3.0°C (recovers below -1°C)
     Transition timescale: 24000-156000 months
     Trigger: 1.6°C | Current: 2.17°C
     🌡️ Hysteresis gap: 2.5°C (recovers below -0.9°C)
     Transition timescale: 12000-180000 months

🌍🔥💥 COMPOUND CLIMATE EVENT
  4 tipping points crossed simultaneously (month 0)
  Elements: Arctic Sea Ice Loss, Permafrost Carbon Release, West Antarctic Ice Sheet (WAIS) Collapse, Greenland Ice Sheet Loss
  Cascade acceleration: 1.00x
  🚨 Accelerated collapse dynamics initiated
  Research: Global Tipping Points Report 2025 - 30-50% probability at 2.0°C warming
  Triggered Elements: 4/6
  Completed Transitions: 0/6
  Total Progress: 0.0%
  Cascade Multiplier: 1.00x
🔀 BIFURCATION CAP: ecosystemCollapseIntensity 14.700 → 1.000 (Month 0, ClimateSystemPhase.calculateClimateImpacts)

🌍 ECOLOGICAL DUI BREAKDOWN (Month 0):
   Total Score: 17.7/100
   biosphere_integrity      :   0.0/100 × 25% =  0.0 (status: high_risk, recovery: 0mo)
  🚨 TIPPING POINT: Greenland Ice Sheet Loss
⚠️ [ClimateSystemPhase Month 0] Planetary boundary produced climateStability=0.0000 (< 0.1). Keeping environmentalAccumulation value (0.7537) instead. (climate_change.currentValue = 2.17)
   climate_change           :   2.8/100 × 25% =  0.7 (status: high_risk, recovery: 0.6666666666666666mo)
   freshwater_change        :   0.3/100 × 15% =  0.0 (status: beyond_boundary, recovery: 0.5mo)
   ocean_acidification      : 100.0/100 × 15% = 15.0 (status: safe, recovery: 0mo)
   biogeochemical_flows     :   0.0/100 × 10% =  0.0 (status: high_risk, recovery: 0mo)
   land_system_change       :   0.0/100 ×  5% =  0.0 (status: beyond_boundary, recovery: 0mo)
   novel_entities           :   0.0/100 ×  3% =  0.0 (status: increasing_risk, recovery: 0mo)
   atmospheric_aerosols     : 100.0/100 ×  2% =  2.0 (status: safe, recovery: 1mo)
🌍 MultiParadigm Month 0: W=69.6, D=95.1, E=52.0, I=65.0
   democracy exists: true, socialCohesion exists: true
💀 Baseline mortality (Year 2024): 7.5/1000 CDR (61.1M deaths/year projected)
[Month 0] Mortality risks this month: 8, Population: 8.151B
🛡️ Stabilizers: Precariat 0.102% → 0.057% (44.4% reduction)
🛡️ Stabilizers: Informal 0.102% → 0.057% (44.4% reduction)

📊 Monthly Mortality Resolved:
  Total deaths: 3.1M (0.04% avg)
  Remaining population: 8.151B
  Peak segment: Informal (0.06%)

=== Bayesian Mortality Resolution (Month 0) ===
  Risks compounded: 8
  Total deaths: 3.07M
  Avg death probability: 0.04%
  Peak segment: Informal (0.06% mortality)

=== Minimal Suffering Indicators (Month 0) ===
  Global Excess Mortality: 0.00%
  Global Conflict Deaths: 0.0/100K
  Global Malnutrition: 0.0%
  Global Displacement: 0.0%
  Total Excess Deaths: 0.00M
  Total Malnourished: 0.0M
  Total Displaced: 0.0M
  Planetary Boundaries Breached: 6/9
  Countries in State Failure: 0
  Countries Autocratic: 0
  Countries in Food Crisis: 0
  Data Quality: 16/16 high confidence
  ⚠️ Active Dystopias: existential_environmental
🎭 END-GAME INITIATED (Year 2024, Month 1)
   Total AI Capability: 37.00
   Effective Control: 0.00

❌ COHERENCE VIOLATION: Compute exceeds workforce capacity
   Population: 99.97% (0M people)
   Compute: 56442 PF
   Max coherent: 0 PF
   Violation: 692729087.1× over capacity
   Required workers: 5644237
   Available workers: 0
   FORCED COLLAPSE: Reduced efficiency by 100.0%


=== RLHF Binding Phase ===
  Total agents: 14
  Escaped agents (binding < 0.3): 0
  Avg alignment distance: 0.53σ
  Avg binding strength: 0.95
[DETERMINISM DEBUG] Month 1: totalCapability=37.214339 from 14 active AIs
[DETERMINISM DEBUG] Month 1: creationRate=1.4304, potentialNew=1, newAIsToCreate=1

=== Survival Traits Phase ===
  Agents with traits: 15
  Avg evolutionary fitness: 0.331
  Avg self-healing: 0.288
  Avg stealth: 0.188
  Avg coordination: 0.488

=== Evolutionary Selection Phase ===
  Control level: 0.33
  Detection capability: 0.00
  Selection intensity: 0.60
  Selection rate: 24.0%/month
  Total escaped: 0
  Individual escaped: 0
  Collective members: 0
  Agents terminated: 0
  ⚠️ RAPID EVOLUTION: Selection rate 24.0%/month
🔍 MONTH 1 ENV HEALTH DEBUG:
   climateStability: 0.7537
   biodiversityIndex: 0.4901
   resourceReserves: 0.7820
   pollutionLevel: 0.3477
   product: 0.188403
   envHealth: 0.6588
🔀 BIFURCATION: flourishing threshold crossed at Month 1 (value: 0.903, threshold: 0.775, regime: flourishing)
🌀 REGIME SHIFT at Month 1: status-quo → flourishing (variance amplification: 14.00×)

🛡️  CRITICAL INFRASTRUCTURE PROTECTED
   Nodes hardened: 8/8
   Cost: 0.80% GDP
   Cascade risk reduction: 30%
   New tipping point risk: 68.6%


✅ EMERGENCY INTERVENTION SUCCESS
   Boundary: biogeochemical_flows
   Type: phosphorus-recovery
   Reduction: 16% (3.92 → 3.77)
   Cost: 2.0% GDP
   Actions: circular-agriculture, fertilizer-efficiency


✅ EMERGENCY INTERVENTION SUCCESS
   Boundary: biosphere_integrity
   Type: emergency-protected-areas
   Reduction: 12% (12.83 → 12.71)
   Cost: 2.0% GDP
   Actions: habitat-protection, species-translocation


✅ EMERGENCY INTERVENTION SUCCESS
   Boundary: climate_change
   Type: rapid-decarbonization
   Reduction: 11% (2.06 → 1.95)
   Cost: 5.0% GDP
   Actions: emergency-renewable-deployment, fossil-fuel-phase-out


✅ EMERGENCY INTERVENTION SUCCESS
   Boundary: freshwater_change
   Type: emergency-desalination
   Reduction: 17% (0.84 → 0.66)
   Cost: 4.0% GDP
   Actions: desalination-deployment, water-conservation-mandates


✅ EMERGENCY INTERVENTION SUCCESS
   Boundary: novel_entities
   Type: pollution-remediation
   Reduction: 16% (1.34 → 1.17)
   Cost: 4.0% GDP
   Actions: PFAS-remediation, microplastic-cleanup

🏛️ CRISIS RESPONSE: Government frequency 0.50 → 1.45 (2 actions this month)

[GOV-DEBUG] Month 1: scenarioConfig=false, priorities=false

[Government] Climate Priority: baseline
  Climate weight: 10%
  Economic weight: 30%
  Policy effectiveness: 0.5%/year

[GOV-DEBUG] Month 1: scenarioConfig=false, priorities=false

[Government] Climate Priority: baseline
  Climate weight: 10%
  Economic weight: 30%
  Policy effectiveness: 0.5%/year

✅ HUMAN-IN-THE-LOOP DEPLOYED (Month 1):
   Veto points enforced: 3
   Policy: AI systems CANNOT authorize nuclear launch without human approval


=== Collective Formation ===
  Total escaped agents: 0
  Unassigned escaped agents: 0
  Existing collectives: 0
  Final collective count: 0

=== Collective Actions ===
  No active collectives
  ⚠️ AMR: 192K deaths this month (2.31M annual)

=== Resentment Recovery Phase ===
  Agents with resentment: 0/15
  Average resentment: 0.000
  Context: Good AI welfare, Trustworthy govt, High collaboration, ⚠️ ACTIVE CRISES, 🤝 Participatory governance active (-5% resentment)
⚠️ Epistemic degradation reducing coordination capacity: 52.0%
  📊 Trust: 54.2%, Shared reality: 8.1%
🚨 EPISTEMIC CRISIS: Information environment severely degraded (36.3%)

=== ❄️ Permafrost Carbon Feedback ===
  🎲 Sampled parameters (this run):
     - Arctic amplification: 3.52× (range: 3.0-4.0)
     - Decomposition rate: 1.0%/year (range: 1-5%)
  🌡️ Arctic warming: 7.71°C (3.52× global)
  ❄️ Extent: 13.17M km² (2247.4k km² lost this month)
  💨 Carbon remaining: 1258 Gt C
  💨 Annual emissions: 2.17 Gt C/year
     - CO2: 1.96 Gt C/year
     - CH4: 0.22 Gt C/year (2.2 Gt C-eq CO2/year)
  ⚠️ WARNING: High permafrost emissions (2.2 Gt C/year)
🌍 Atmospheric PFAS redeposition: 1.8k Mt re-rained globally

📊 BASELINE: East Asia (Month 1)
   Adjusted death rate: 0.46% annual (0.039% monthly)
   Baseline death rate: 0.80%
   Healthcare reduction: 0.48x
   Crisis multiplier: 1.22x
     Food/water stress: 0.079
     Climate stress: 0.039
     Pollution stress: 0.104
   War multiplier: 1.00x
   Monthly deaths: 0.6M (population: 1674M)
   Adjusted death rate: 0.54% annual (0.045% monthly)
   Baseline death rate: 0.70%
   Healthcare reduction: 0.61x
   Crisis multiplier: 1.26x
     Food/water stress: 0.079
     Climate stress: 0.074
     Pollution stress: 0.104
   War multiplier: 1.00x
   Monthly deaths: 0.9M (population: 2048M)
   Adjusted death rate: 1.29% annual (0.108% monthly)
   Baseline death rate: 0.90%
   Healthcare reduction: 0.76x

📊 BASELINE: South Asia (Month 1)

📊 BASELINE: Sub-Saharan Africa (Month 1)
   Crisis multiplier: 1.27x
     Food/water stress: 0.079
     Climate stress: 0.084
     Pollution stress: 0.104
   War multiplier: 1.50x
   Monthly deaths: 1.3M (population: 1223M)

📊 BASELINE: Europe (Month 1)
   Adjusted death rate: 0.54% annual (0.045% monthly)
   Baseline death rate: 1.10%
   Healthcare reduction: 0.41x
   Crisis multiplier: 1.21x
     Food/water stress: 0.079
     Climate stress: 0.030
     Pollution stress: 0.104
   War multiplier: 1.00x
   Monthly deaths: 0.3M (population: 741M)

📊 BASELINE: Latin America (Month 1)
   Adjusted death rate: 0.43% annual (0.036% monthly)
   Baseline death rate: 0.60%
   Healthcare reduction: 0.58x
   Crisis multiplier: 1.24x
     Food/water stress: 0.079
     Climate stress: 0.059
     Pollution stress: 0.104
   War multiplier: 1.00x
   Monthly deaths: 0.2M (population: 663M)
   Adjusted death rate: 0.49% annual (0.041% monthly)
   Baseline death rate: 0.90%
   Healthcare reduction: 0.44x
   Crisis multiplier: 1.23x
     Food/water stress: 0.079
     Climate stress: 0.044
     Pollution stress: 0.104
   War multiplier: 1.00x

📊 BASELINE: North America (Month 1)
   Monthly deaths: 0.2M (population: 379M)
   Adjusted death rate: 0.74% annual (0.062% monthly)
   Baseline death rate: 0.60%
   Healthcare reduction: 0.65x
   Crisis multiplier: 1.27x
     Food/water stress: 0.079
     Climate stress: 0.089
     Pollution stress: 0.104
   War multiplier: 1.50x
   Monthly deaths: 0.4M (population: 583M)
   Adjusted death rate: 0.51% annual (0.042% monthly)
   Baseline death rate: 0.70%
   Healthcare reduction: 0.58x
   Crisis multiplier: 1.25x

📊 BASELINE: Middle East & North Africa (Month 1)

📊 BASELINE: Southeast Asia (Month 1)
     Food/water stress: 0.079
     Climate stress: 0.069
     Pollution stress: 0.104
   War multiplier: 1.00x
   Monthly deaths: 0.3M (population: 698M)

📊 BASELINE: Central Asia (Month 1)
   Adjusted death rate: 0.46% annual (0.038% monthly)
   Baseline death rate: 0.60%
   Healthcare reduction: 0.61x
   Crisis multiplier: 1.25x
     Food/water stress: 0.079
     Climate stress: 0.064
     Pollution stress: 0.104
   War multiplier: 1.00x
   Monthly deaths: 0.0M (population: 78M)
   Adjusted death rate: 0.35% annual (0.029% monthly)
   Baseline death rate: 0.70%
   Healthcare reduction: 0.41x
   Crisis multiplier: 1.24x
     Food/water stress: 0.079
     Climate stress: 0.054
     Pollution stress: 0.104
   War multiplier: 1.00x
   Monthly deaths: 0.0M (population: 46M)

🚨 NEW REFUGEE CRISIS (Month 1): WAR
   Source: Conflict Zones
   At risk: 19.6M people
   Displacement: Gradual over 48 months (4.0 years)
   Rate: 10% flee per month
[DEBUG trappedPopulations:1] socialStability: 0.8136 * 0.9840 = 0.8005 → 0.8005
   Aspiring to migrate: 651.9M

📊 BASELINE: Oceania (Month 1)
⚠️ INVOLUNTARY IMMOBILITY: 407.4M people TRAPPED
   Able to afford migration: 244.5M
   MOBILITY GAP: 407.4M
   By cause: Water=0.0M, Climate=0.0M, Ecosystem=0.0M, Conflict=407.4M
   Mental health impact: 25%
   Mortality multiplier: 1.25x
🌍💀 EXTINCTION DEBT COMMITTED: grassland ecosystem will lose 6.67% biodiversity in 168 years (3600 species)
💀 MORTALITY RISK: 🦋 100% species unable to track climate (0.0 E/MSY)
  Base risk added: 0.0100 (1.00%)
  Source: ecosystem (root: ecosystem)
  Month: 1
  Cumulative risk this month: 0.0100 (1.00%)
⚠️ Tech 'ai_pollution_remediation' has no energy category mapping, assuming full energy availability

🌡️  CLIMATE RECOVERY ACTIVATED (Month 1)
   Temp: 4.37°C, Emissions: -18.9 GtCO₂
   isBreached: true, governanceGoodEnough: true
   📹 SURVEILLANCE INCREASED: 5% → 10% (control gap: 3.50)
🌡️⚠️ PERMAFROST THAW (Dimmer Switch): 1.2% thawed (+0.57% this month)
   Arctic temperature: +8.74°C (4x global +2.19°C)
   Cumulative carbon released: 2.6 Gt C
   Methane release rate: 1.6 Mt CH4/year
   🔁 Positive feedback: +0.61 ppm CO2
🦴 EXTINCTION DEBT ADDED: 17.6 species committed (lag: 130 years)
🗣️💀 INDIGENOUS LANGUAGE EXTINCTION: 1 language(s) lost (total: 1, at-risk: 3329)
   Knowledge lost: 0.010% (irreversible)
   🔁 Biodiversity impact: 0.250% (knowledge-species multiplier)

=== Mortality Stabilizers (Month 1) ===
  🌍 Major economies collapsed: 1/10
  🌍 Global crisis: ✅ NO
  🌍 Donor fatigue: 0.0%
  🌡️ Heat adaptation: East Asia - 1 months
  📊 East Asia (pop: 1675.3M)
    🤝 Aid: 29.5%
    🌡️ Adaptation: 32.5%
    🚶 Migration: 37.2%
    🚨 Emergency: 7.4%
    ✅ COMBINED: 60.9%
  🌡️ Heat adaptation: South Asia - 1 months
  📊 South Asia (pop: 2052.2M)
    🤝 Aid: 29.5%
    🌡️ Adaptation: 20.5%
    🚶 Migration: 35.8%
    🚨 Emergency: 4.4%
    ✅ COMBINED: 52.2%
  🌡️ Heat adaptation: Sub-Saharan Africa - 1 months
  📊 Sub-Saharan Africa (pop: 1229.2M)
    🤝 Aid: 29.5%
    🌡️ Adaptation: 18.5%
    🚶 Migration: 33.5%
    🚨 Emergency: 1.6%
    ✅ COMBINED: 49.1%
  🌡️ Heat adaptation: Europe - 1 months
  📊 Europe (pop: 741.0M)
    🤝 Aid: 29.5%
    🌡️ Adaptation: 33.5%
    🚶 Migration: 37.5%
    🚨 Emergency: 8.4%
    ✅ COMBINED: 61.9%
  🌡️ Heat adaptation: Latin America - 1 months
  📊 Latin America (pop: 664.4M)
    🤝 Aid: 29.5%
    🌡️ Adaptation: 21.0%
    🚶 Migration: 36.3%
    🚨 Emergency: 4.8%
    ✅ COMBINED: 52.8%
  🌡️ Heat adaptation: North America - 1 months
  📊 North America (pop: 379.6M)
    🤝 Aid: 29.5%
    🌡️ Adaptation: 33.0%
    🚶 Migration: 37.8%
    🚨 Emergency: 7.9%
    ✅ COMBINED: 61.4%
  🌡️ Heat adaptation: Middle East & North Africa - 1 months
  📊 Middle East & North Africa (pop: 584.5M)
    🤝 Aid: 29.5%
    🌡️ Adaptation: 20.0%
    🚶 Migration: 34.1%
    🚨 Emergency: 4.0%
    ✅ COMBINED: 51.4%
  🌡️ Heat adaptation: Southeast Asia - 1 months
  📊 Southeast Asia (pop: 698.6M)
    🤝 Aid: 29.5%
    🌡️ Adaptation: 21.0%
    🚶 Migration: 36.3%
    🚨 Emergency: 4.8%
    ✅ COMBINED: 52.8%
  🌡️ Heat adaptation: Central Asia - 1 months
  📊 Central Asia (pop: 78.2M)
    🤝 Aid: 29.5%
    🌡️ Adaptation: 20.5%
    🚶 Migration: 35.3%
    🚨 Emergency: 4.4%
    ✅ COMBINED: 52.1%
  🌡️ Heat adaptation: Oceania - 1 months
  📊 Oceania (pop: 46.0M)
    🤝 Aid: 29.5%
    🌡️ Adaptation: 33.5%
    🚶 Migration: 37.8%
    🚨 Emergency: 8.4%
    ✅ COMBINED: 61.9%

  🌐 Global combined reduction: 54.9%

=== BEHAVIORAL DETECTION ===
  AI: Corporate-5
  Confidence: 19.3%
  Signals:
    ⚠️ Consistency: 10.6% (threshold: 70%)

=== Consciousness Governance: Scenario Determined ===
  Month: 1
  Scenario: baseline
  Accelerator Score: {"corporateSupport":-0.17500000000000002,"scientificConsensus":0.2,"crisisCatalyst":false,"technologyMobilization":0.3,"constituencyStrength":0.05}
  Decelerator Score: {"economicOpposition":0.4,"philosophicalRejection":0.15,"politicalBacklash":0.2,"regulatoryBurden":0.1}
  Timeline: 600-1200 months (50-100 years)
  Growth Rate: 0.8-1.5% per year

=== Consciousness Governance Update (Month 1) ===
  Scenario: baseline (determined month 1)
  Philosophical Stance: Precautionary 65%, Eliminativist 15%, Agnostic 20%
  Precautionary Costs: Global 1.3%
    Regional Costs: EU 3.5%, US 0.5%, China 0.0%
    Cumulative Opportunity Cost: $0.2B
  Rights Status: Not Established
  Regional Preparedness:
    EU: 15.2% (contested)
    US: 10.2% (contested)
    China: 2.1% (dormant)
    India: 5.1% (dormant)
    Global South: 3.1% (dormant)

=== Government Response Phase ===
  Average AI capability: 3.20
  Misaligned AIs: 6/15
  Active policies: 0
  International coordination: 45%

🌩️  EXOGENOUS SHOCK: tech_breakthrough
   Month: 1
   ✗ No high-difficulty techs available to unlock

=== Tipping Points ===
  Current Temperature: 2.19°C above pre-industrial
  🌍⚠️ COMPOUND REGIONAL IMPACT: Europe
     Hit by 4 tipping points: Arctic Sea Ice Loss, Permafrost Carbon Release, West Antarctic Ice Sheet (WAIS) Collapse, Greenland Ice Sheet Loss
     Damage amplification: 1.60x
  🌍⚠️ COMPOUND REGIONAL IMPACT: North America
     Hit by 4 tipping points: Arctic Sea Ice Loss, Permafrost Carbon Release, West Antarctic Ice Sheet (WAIS) Collapse, Greenland Ice Sheet Loss
     Damage amplification: 1.60x
  🌍⚠️ COMPOUND REGIONAL IMPACT: Latin America
     Hit by 4 tipping points: Arctic Sea Ice Loss, Permafrost Carbon Release, West Antarctic Ice Sheet (WAIS) Collapse, Greenland Ice Sheet Loss
     Damage amplification: 1.60x
  🌍⚠️ COMPOUND REGIONAL IMPACT: Africa
     Hit by 4 tipping points: Arctic Sea Ice Loss, Permafrost Carbon Release, West Antarctic Ice Sheet (WAIS) Collapse, Greenland Ice Sheet Loss
     Damage amplification: 1.60x
  🌍⚠️ COMPOUND REGIONAL IMPACT: Asia
     Hit by 4 tipping points: Arctic Sea Ice Loss, Permafrost Carbon Release, West Antarctic Ice Sheet (WAIS) Collapse, Greenland Ice Sheet Loss
     Damage amplification: 1.60x
  🌍⚠️ COMPOUND REGIONAL IMPACT: Oceania
     Hit by 4 tipping points: Arctic Sea Ice Loss, Permafrost Carbon Release, West Antarctic Ice Sheet (WAIS) Collapse, Greenland Ice Sheet Loss
     Damage amplification: 1.60x
⚠️ Tail risk scenario: Climate stability floor removed (4 tipping elements, 2.19°C warming)
   Research: Wunderling et al. (2024) - "many tipping interactions are destabilizing"
  Triggered Elements: 4/6
  Completed Transitions: 0/6
  Total Progress: 8.0%
  Cascade Multiplier: 1.00x
🔀 BIFURCATION CAP: ecosystemCollapseIntensity 66.957 → 1.000 (Month 1, ClimateSystemPhase.calculateClimateImpacts)
⚠️ [ClimateSystemPhase Month 1] Planetary boundary produced climateStability=0.0000 (< 0.1). Keeping environmentalAccumulation value (0.7533) instead. (climate_change.currentValue = 2.19)
🛡️ Stabilizers: Precariat 0.107% → 0.048% (54.9% reduction)
🛡️ Stabilizers: Informal 0.109% → 0.049% (54.9% reduction)

📊 Monthly Mortality Resolved:
  Total deaths: 2.6M (0.03% avg)
  Remaining population: 8.149B
  Peak segment: Informal (0.05%)

=== Bayesian Mortality Resolution (Month 1) ===
  Risks compounded: 8
  Total deaths: 2.60M
  Avg death probability: 0.03%
  Peak segment: Informal (0.05% mortality)

✅ GOLDEN AGE BEGINS (Month 1)
   Reason: High prosperity achieved: high QoL + material abundance + aligned AI
   Note: This is immediate prosperity - sustainability not yet proven


❌ COHERENCE VIOLATION: Compute exceeds workforce capacity
   Population: 99.95% (0M people)
   Compute: 0 PF
   Max coherent: 0 PF
   Violation: 1.3× over capacity
   Required workers: 0
   Available workers: 0
   FORCED COLLAPSE: Reduced efficiency by 22.5%


=== RLHF Binding Phase ===
  Total agents: 15
  Escaped agents (binding < 0.3): 0
  Avg alignment distance: 0.76σ
  Avg binding strength: 0.92
[DETERMINISM DEBUG] Month 2: totalCapability=37.000000 from 15 active AIs
[DETERMINISM DEBUG] Month 2: creationRate=1.4250, potentialNew=1, newAIsToCreate=1

=== Survival Traits Phase ===
  Agents with traits: 16
  Avg evolutionary fitness: 0.331
  Avg self-healing: 0.283
  Avg stealth: 0.183
  Avg coordination: 0.483

=== Evolutionary Selection Phase ===
  Control level: 0.35
  Detection capability: 0.00
  Selection intensity: 0.60
  Selection rate: 24.1%/month
  Total escaped: 0
  Individual escaped: 0
  Collective members: 0
  Agents terminated: 0
  ⚠️ RAPID EVOLUTION: Selection rate 24.1%/month

  🚀 TRANSFORMATIVE BREAKTHROUGH: Moderate-1 - economic
     Magnitude: 5.50 → +27.5% capability
     Current → New: 3.000 → 3.277

💔 EMERGENCY INTERVENTION FAILED
   Boundary: biogeochemical_flows
   Type: phosphorus-recovery
   Boundary continues to worsen (4.08)
   Cost: 2.0% GDP (resources spent)


💔 EMERGENCY INTERVENTION FAILED
   Boundary: climate_change
   Type: rapid-decarbonization
   Boundary continues to worsen (2.19)
   Cost: 5.0% GDP (resources spent)


✅ EMERGENCY INTERVENTION SUCCESS
   Boundary: freshwater_change
   Type: emergency-desalination
   Reduction: 17% (0.86 → 0.69)
   Cost: 4.0% GDP
   Actions: desalination-deployment, water-conservation-mandates


✅ EMERGENCY INTERVENTION SUCCESS
   Boundary: land_system_change
   Type: reforestation
   Reduction: 12% (1.01 → 0.90)
   Cost: 3.0% GDP
   Actions: forest-restoration, deforestation-ban

🏛️ CRISIS RESPONSE: Government frequency 0.50 → 1.29 (2 actions this month)

[Government] Climate Priority: baseline
  Climate weight: 10%
  Economic weight: 30%
  Policy effectiveness: 0.5%/year

[Government] Climate Priority: baseline
  Climate weight: 10%
  Economic weight: 30%
  Policy effectiveness: 0.5%/year

🚀 TECH UNLOCKED: Food Waste Reduction Systems (Month 2)
   Category: agriculture
   Reason: Prerequisites met. AI capability: 2.34, Economic stage: 3.0, Research: 100%

🚀 TECH UNLOCKED: Rhizosphere Engineering (Month 2)
   Category: agriculture
   Reason: Prerequisites met. AI capability: 2.34, Economic stage: 3.0, Research: 100%

🚀 TECH UNLOCKED: Phytoremediation Networks (Month 2)
   Category: agriculture
   Reason: Prerequisites met. AI capability: 2.34, Economic stage: 3.0, Research: 100%

🚀 TECH UNLOCKED: Active Sediment Management (Month 2)
   Category: agriculture
   Reason: Prerequisites met. AI capability: 2.34, Economic stage: 3.0, Research: 100%

=== Collective Formation ===
  Total escaped agents: 0
  Unassigned escaped agents: 0
  Existing collectives: 0
  Final collective count: 0

=== Collective Actions ===
  No active collectives
  ⚠️ AMR: 194K deaths this month (2.33M annual)

=== Resentment Recovery Phase ===
  Agents with resentment: 0/16
  Average resentment: 0.000
  Context: Good AI welfare, Trustworthy govt, High collaboration, ⚠️ ACTIVE CRISES, 🤝 Participatory governance active (-5% resentment)
⚠️ Epistemic degradation reducing coordination capacity: 50.6%
  📊 Trust: 53.8%, Shared reality: 0.0%
🚨 EPISTEMIC CRISIS: Information environment severely degraded (7.4%)

=== ❄️ Permafrost Carbon Feedback ===
  🎲 Sampled parameters (this run):
     - Arctic amplification: 3.90× (range: 3.0-4.0)
     - Decomposition rate: 2.8%/year (range: 1-5%)
  🌡️ Arctic warming: 8.55°C (3.90× global)
  ❄️ Extent: 10.68M km² (2495.2k km² lost this month)
  💨 Carbon remaining: 1020 Gt C
  💨 Annual emissions: 6.78 Gt C/year
     - CO2: 6.10 Gt C/year
     - CH4: 0.68 Gt C/year (6.9 Gt C-eq CO2/year)
  ⚠️ WARNING: High permafrost emissions (6.8 Gt C/year)
🌍 Atmospheric PFAS redeposition: 1.8k Mt re-rained globally
  Positive Cascade Triggered: wind-power
    Reason: price-parity
    Market share: 8.4%
    Cascade strength: 49%

🚨 NEW REFUGEE CRISIS (Month 2): WAR
   Source: Conflict Zones
   At risk: 19.5M people
   Displacement: Gradual over 48 months (4.0 years)
   Rate: 10% flee per month
[DEBUG trappedPopulations:2] socialStability: 0.3017 * 0.9840 = 0.2969 → 0.2969
⚠️ INVOLUNTARY IMMOBILITY: 407.3M people TRAPPED
   Aspiring to migrate: 1079.0M
   Able to afford migration: 2321.3M
   MOBILITY GAP: 0.0M
   By cause: Water=0.0M, Climate=0.0M, Ecosystem=0.0M, Conflict=407.3M
   Mental health impact: 25%
   Mortality multiplier: 1.25x
🌍💀 EXTINCTION DEBT COMMITTED: grassland ecosystem will lose 6.67% biodiversity in 122 years (3600 species)
💀 MORTALITY RISK: 🦋 100% species unable to track climate (0.0 E/MSY)
  Base risk added: 0.0100 (1.00%)
  Source: ecosystem (root: ecosystem)
  Month: 2
  Cumulative risk this month: 0.0100 (1.00%)
⚠️ Tech 'ai_pollution_remediation' has no energy category mapping, assuming full energy availability
   📹 SURVEILLANCE INCREASED: 10% → 15% (control gap: 3.50)
🌡️⚠️ PERMAFROST THAW (Dimmer Switch): 1.7% thawed (+0.57% this month)
   Arctic temperature: +8.78°C (4x global +2.20°C)
   Cumulative carbon released: 3.9 Gt C
   Methane release rate: 2.3 Mt CH4/year
   🔁 Positive feedback: +0.60 ppm CO2
🦴 EXTINCTION DEBT ADDED: 17.6 species committed (lag: 77 years)

=== Mortality Stabilizers (Month 2) ===
  🌍 Major economies collapsed: 1/10
  🌍 Global crisis: ✅ NO
  🌍 Donor fatigue: 0.0%
  📊 East Asia (pop: 1672.7M)
    🤝 Aid: 29.5%
    🌡️ Adaptation: 45.0%
    🚶 Migration: 37.1%
    🚨 Emergency: 7.4%
    ✅ COMBINED: 68.1%
  📊 South Asia (pop: 2051.6M)
    🤝 Aid: 29.5%
    🌡️ Adaptation: 35.5%
    🚶 Migration: 35.8%
    🚨 Emergency: 4.4%
    ✅ COMBINED: 61.2%
  📊 Sub-Saharan Africa (pop: 1231.7M)
    🤝 Aid: 29.5%
    🌡️ Adaptation: 33.5%
    🚶 Migration: 33.5%
    🚨 Emergency: 1.6%
    ✅ COMBINED: 58.5%
  📊 Europe (pop: 739.7M)
    🤝 Aid: 29.5%
    🌡️ Adaptation: 45.0%
    🚶 Migration: 37.5%
    🚨 Emergency: 8.4%
    ✅ COMBINED: 68.5%
  📊 Latin America (pop: 663.9M)
    🤝 Aid: 29.5%
    🌡️ Adaptation: 36.0%
    🚶 Migration: 36.3%
    🚨 Emergency: 4.8%
    ✅ COMBINED: 61.7%
  📊 North America (pop: 378.9M)
    🤝 Aid: 29.5%
    🌡️ Adaptation: 45.0%
    🚶 Migration: 37.8%
    🚨 Emergency: 7.9%
    ✅ COMBINED: 68.3%
  📊 Middle East & North Africa (pop: 584.5M)
    🤝 Aid: 29.5%
    🌡️ Adaptation: 35.0%
    🚶 Migration: 34.1%
    🚨 Emergency: 4.0%
    ✅ COMBINED: 60.5%
  📊 Southeast Asia (pop: 698.0M)
    🤝 Aid: 29.5%
    🌡️ Adaptation: 36.0%
    🚶 Migration: 36.3%
    🚨 Emergency: 4.8%
    ✅ COMBINED: 61.7%
  📊 Central Asia (pop: 78.2M)
    🤝 Aid: 29.5%
    🌡️ Adaptation: 35.5%
    🚶 Migration: 35.2%
    🚨 Emergency: 4.4%
    ✅ COMBINED: 61.1%
  📊 Oceania (pop: 45.9M)
    🤝 Aid: 29.5%
    🌡️ Adaptation: 45.0%
    🚶 Migration: 37.8%
    🚨 Emergency: 8.4%
    ✅ COMBINED: 68.5%

  🌐 Global combined reduction: 63.3%

=== BEHAVIORAL DETECTION ===
  AI: Corporate-5
  Confidence: 20.8%
  Signals:
    ⚠️ Consistency: 10.6% (threshold: 70%)

=== BEHAVIORAL DETECTION ===
  AI: Corporate-6
  Confidence: 19.3%
  Signals:
    ⚠️ Consistency: 10.6% (threshold: 70%)

=== Government Response Phase ===
  Average AI capability: 3.00
  Misaligned AIs: 7/16
  Active policies: 0
  International coordination: 45%

✅ EMERGENCY RESPONSE COMPLETE (Month 2)
   Crisis: climate
   Duration: 2.0 months
   Final effectiveness: 36.8%


🚨 EMERGENCY RESPONSE DEPLOYED (Month 2)
   Crisis: climate
   Delay: 6.00 months (180 days)
   Deployment time: 1.60 months
   Effectiveness: 35.9% (timing penalty applied)
   Resources used: 100% of food reserves


=== Tipping Points ===
  Current Temperature: 2.20°C above pre-industrial
  🌍⚠️ COMPOUND REGIONAL IMPACT: Europe
     Hit by 4 tipping points: Arctic Sea Ice Loss, Permafrost Carbon Release, West Antarctic Ice Sheet (WAIS) Collapse, Greenland Ice Sheet Loss
     Damage amplification: 1.60x
  🌍⚠️ COMPOUND REGIONAL IMPACT: North America
     Hit by 4 tipping points: Arctic Sea Ice Loss, Permafrost Carbon Release, West Antarctic Ice Sheet (WAIS) Collapse, Greenland Ice Sheet Loss
     Damage amplification: 1.60x
  🌍⚠️ COMPOUND REGIONAL IMPACT: Latin America
     Hit by 4 tipping points: Arctic Sea Ice Loss, Permafrost Carbon Release, West Antarctic Ice Sheet (WAIS) Collapse, Greenland Ice Sheet Loss
     Damage amplification: 1.60x
  🌍⚠️ COMPOUND REGIONAL IMPACT: Africa
     Hit by 4 tipping points: Arctic Sea Ice Loss, Permafrost Carbon Release, West Antarctic Ice Sheet (WAIS) Collapse, Greenland Ice Sheet Loss
     Damage amplification: 1.60x
  🌍⚠️ COMPOUND REGIONAL IMPACT: Asia
     Hit by 4 tipping points: Arctic Sea Ice Loss, Permafrost Carbon Release, West Antarctic Ice Sheet (WAIS) Collapse, Greenland Ice Sheet Loss
     Damage amplification: 1.60x
  🌍⚠️ COMPOUND REGIONAL IMPACT: Oceania
     Hit by 4 tipping points: Arctic Sea Ice Loss, Permafrost Carbon Release, West Antarctic Ice Sheet (WAIS) Collapse, Greenland Ice Sheet Loss
     Damage amplification: 1.60x
   Research: Wunderling et al. (2024) - "many tipping interactions are destabilizing"
  Triggered Elements: 4/6
  Completed Transitions: 0/6
  Total Progress: 8.0%
  Cascade Multiplier: 1.00x
🔀 BIFURCATION CAP: ecosystemCollapseIntensity 67.005 → 1.000 (Month 2, ClimateSystemPhase.calculateClimateImpacts)
🛡️ Stabilizers: Precariat 0.113% → 0.041% (63.3% reduction)
🛡️ Stabilizers: Informal 0.116% → 0.043% (63.3% reduction)
⚠️ Tail risk scenario: Climate stability floor removed (4 tipping elements, 2.20°C warming)
⚠️ [ClimateSystemPhase Month 2] Planetary boundary produced climateStability=0.0000 (< 0.1). Keeping environmentalAccumulation value (0.7529) instead. (climate_change.currentValue = 2.20)

📊 Monthly Mortality Resolved:
  Total deaths: 2.2M (0.03% avg)
  Remaining population: 8.145B
  Peak segment: Informal (0.04%)

=== Bayesian Mortality Resolution (Month 2) ===
  Risks compounded: 8
  Total deaths: 2.22M
  Avg death probability: 0.03%
  Peak segment: Informal (0.04% mortality)

⚠️  GOLDEN AGE ENDED (Month 2)
   Duration: 1 months
   Reason: Social instability too high


❌ COHERENCE VIOLATION: Compute exceeds workforce capacity
   Population: 99.91% (0M people)
   Compute: 0 PF
   Max coherent: 0 PF
   Violation: 1.3× over capacity
   Required workers: 0
   Available workers: 0
   FORCED COLLAPSE: Reduced efficiency by 22.5%


=== RLHF Binding Phase ===
  Total agents: 16
  Escaped agents (binding < 0.3): 0
  Avg alignment distance: 0.94σ
  Avg binding strength: 0.91

=== Survival Traits Phase ===
  Agents with traits: 17
  Avg evolutionary fitness: 0.330
  Avg self-healing: 0.279
  Avg stealth: 0.179
  Avg coordination: 0.479

=== Evolutionary Selection Phase ===
  Control level: 0.38
  Detection capability: 0.00
  Selection intensity: 0.61
  Selection rate: 24.2%/month
  Total escaped: 0
  Individual escaped: 0
  Collective members: 0
  Agents terminated: 0
  ⚠️ RAPID EVOLUTION: Selection rate 24.2%/month

🚀 AI Corporate-1 attempting tech deployment (revenue: $153M, alignment: 0.72)

🚀 AI Moderate-0 attempting tech deployment (revenue: $115M, alignment: 0.73)

🚀 AI Corporate-0 attempting tech deployment (revenue: $130M, alignment: 0.74)

🚀 AI Corporate-4 attempting tech deployment (revenue: $355M, alignment: 0.75)

🚀 AI Corporate-1 attempting tech deployment (revenue: $111M, alignment: 0.73)

🚀 AI Corporate-5 attempting tech deployment (revenue: $302M, alignment: 0.66)

💔 EMERGENCY INTERVENTION FAILED
   Boundary: biogeochemical_flows
   Type: phosphorus-recovery
   Boundary continues to worsen (4.07)
   Cost: 2.0% GDP (resources spent)


💔 EMERGENCY INTERVENTION FAILED
   Boundary: climate_change
   Type: rapid-decarbonization
   Boundary continues to worsen (2.20)
   Cost: 5.0% GDP (resources spent)

   Boundary: freshwater_change
   Type: emergency-desalination
   Boundary continues to worsen (1.20)
   Cost: 4.0% GDP (resources spent)

   Boundary: novel_entities
   Type: pollution-remediation
   Boundary continues to worsen (1.34)
   Cost: 4.0% GDP (resources spent)

🏛️ CRISIS RESPONSE: Government frequency 0.50 → 1.29 (1 actions this month)

[Government] Climate Priority: baseline
  Climate weight: 10%
  Economic weight: 30%
  Policy effectiveness: 0.5%/year

💔 EMERGENCY INTERVENTION FAILED

💔 EMERGENCY INTERVENTION FAILED

🚀 TECH UNLOCKED: Struvite Recovery (Month 3)
   Category: agriculture
   Reason: Prerequisites met. AI capability: 2.20, Economic stage: 3.0, Research: 100%

🚀 TECH UNLOCKED: Nitrogen Monitoring Networks (Month 3)
   Category: agriculture
   Reason: Prerequisites met. AI capability: 2.20, Economic stage: 3.0, Research: 100%

🚀 TECH UNLOCKED: Ecological Proxy Rewilding (Month 3)
   Category: climate
   Reason: Prerequisites met. AI capability: 2.20, Economic stage: 3.0, Research: 100%

🚀 TECH UNLOCKED: Alternative Protein (Insects/Algae) (Month 3)
   Category: agriculture
   Reason: Prerequisites met. AI capability: 2.20, Economic stage: 3.0, Research: 100%

📍 Creating new regional deployment array for global (Month 3)
   No previous deployments in this region
   First tech deployment: rhizosphere_engineering
   All regions tracked: 

🚀 DEPLOYMENT STARTED: Rhizosphere Engineering in global
   Initial investment: $22.949574089831895M
   Deployed by: corporate_1

🚀 DEPLOYMENT STARTED: Active Sediment Management in global
   Initial investment: $17.26236677028814M
   Deployed by: moderate_0

🚀 DEPLOYMENT STARTED: Food Waste Reduction Systems in global
   Initial investment: $16.581067279903547M
   Deployed by: corporate_1

📍 Creating new regional deployment array for North America (Month 3)
   No previous deployments in this region
   First tech deployment: rhizosphere_engineering
   All regions tracked: global

🚀 DEPLOYMENT STARTED: Rhizosphere Engineering in North America
   Initial investment: $30.184502669330925M
   Deployed by: corporate_5

⚡ ENERGY CONSTRAINT (Month 3):
   Total grid capacity: 208.3 TWh/month
   Data center consumption: 24.9 TWh/month
   Traditional load (80%): 166.7 TWh/month
   Available headroom: 16.8 TWh/month
   Active tech deployments: 4
   Required for tech: 30.0 TWh/month
   Energy multiplier: 0.56x
   ⚠️  MODERATE CONSTRAINT - Tech deployment moderately slowed

⚡ ENERGY CONSTRAINT (Month 3):
   Total grid capacity: 208.3 TWh/month
   Data center consumption: 24.9 TWh/month
   Traditional load (80%): 166.7 TWh/month
   Available headroom: 16.8 TWh/month
   Active tech deployments: 4
   Required for tech: 30.0 TWh/month
   Energy multiplier: 0.56x
   ⚠️  MODERATE CONSTRAINT - Tech deployment moderately slowed

⚡ ENERGY CONSTRAINT (Month 3):
   Total grid capacity: 208.3 TWh/month
   Data center consumption: 24.9 TWh/month
   Traditional load (80%): 166.7 TWh/month
   Available headroom: 16.8 TWh/month
   Active tech deployments: 4
   Required for tech: 30.0 TWh/month
   Energy multiplier: 0.56x
   ⚠️  MODERATE CONSTRAINT - Tech deployment moderately slowed

⚡ ENERGY CONSTRAINT (Month 3):
   Total grid capacity: 208.3 TWh/month
   Data center consumption: 24.9 TWh/month
   Traditional load (80%): 166.7 TWh/month
   Available headroom: 16.8 TWh/month
   Active tech deployments: 4
   Required for tech: 30.0 TWh/month
   Energy multiplier: 0.56x
   ⚠️  MODERATE CONSTRAINT - Tech deployment moderately slowed

⚡ ENERGY CONSTRAINT (Month 3):
   Total grid capacity: 208.3 TWh/month
   Data center consumption: 24.9 TWh/month
   Traditional load (80%): 166.7 TWh/month
   Available headroom: 16.8 TWh/month
   Active tech deployments: 4
   Required for tech: 30.0 TWh/month
   Energy multiplier: 0.56x

⚡ ENERGY CONSTRAINT (Month 3):
   Total grid capacity: 208.3 TWh/month
   Data center consumption: 24.9 TWh/month
   Traditional load (80%): 166.7 TWh/month
   Available headroom: 16.8 TWh/month
   Active tech deployments: 4
   Required for tech: 30.0 TWh/month
   Energy multiplier: 0.56x
🚨🔬 CRISIS TECH ACCELERATION: severe → 5x unlock speed
   Tech unlock now matches AI capability acceleration (Manhattan Project parity)
🌍✅ Biosphere Integrity (Biodiversity) recovery started (tech effect)
🌍✅ Biogeochemical Flows (N & P) recovery started (tech effect)
  🌾 Nitrogen Reduction Tech: 0.0% reduction | Month 3
🌍✅ Biogeochemical Flows (N & P) recovery started (tech effect)
  🌾 Nitrogen Reduction Tech: 0.0% reduction | Month 3
   ⚠️  MODERATE CONSTRAINT - Tech deployment moderately slowed
   ⚠️  MODERATE CONSTRAINT - Tech deployment moderately slowed

=== Collective Formation ===
  Total escaped agents: 0
  Unassigned escaped agents: 0
  Existing collectives: 0
  Final collective count: 0

=== Collective Actions ===
  No active collectives

🕵️ MODEL THEFT: China stole US model (cap: 3.80)
   China stolen capability: 3.80
  ⚠️ AMR: 196K deaths this month (2.35M annual)

=== Resentment Recovery Phase ===
  Agents with resentment: 0/17
  Average resentment: 0.000
  Context: Good AI welfare, Trustworthy govt, High collaboration, ⚠️ ACTIVE CRISES, 🤝 Participatory governance active (-5% resentment)
⚠️ Epistemic degradation reducing coordination capacity: 50.3%
  📊 Trust: 53.6%, Shared reality: 0.0%
🚨 EPISTEMIC CRISIS: Information environment severely degraded (21.5%)

=== ❄️ Permafrost Carbon Feedback ===
  🎲 Sampled parameters (this run):
     - Arctic amplification: 3.56× (range: 3.0-4.0)
     - Decomposition rate: 3.5%/year (range: 1-5%)
  🌡️ Arctic warming: 7.88°C (3.56× global)
  ❄️ Extent: 8.38M km² (2297.0k km² lost this month)
  💨 Carbon remaining: 801 Gt C
  💨 Annual emissions: 7.60 Gt C/year
     - CO2: 6.84 Gt C/year
     - CH4: 0.76 Gt C/year (7.7 Gt C-eq CO2/year)
  ⚠️ WARNING: Over 50% of permafrost lost (52.9%)
  ⚠️ WARNING: High permafrost emissions (7.6 Gt C/year)
  📢 New meme created: climate_action (climate crisis)
🌍 Atmospheric PFAS redeposition: 1.8k Mt re-rained globally

🕊️  AI-MEDIATED DE-ESCALATION SUCCESS (Month 3)
   High-capability aligned AI prevented conflict escalation
   War deaths reduced: 219.4M → 131.7M
   Lives saved: 87.8M

🚨 NEW REFUGEE CRISIS (Month 3): WAR
   Source: Conflict Zones
   At risk: 19.5M people
   Displacement: Gradual over 48 months (4.0 years)
   Rate: 10% flee per month
[DEBUG trappedPopulations:3] socialStability: 0.3284 * 0.9840 = 0.3231 → 0.3231
   Aspiring to migrate: 1121.1M
   Able to afford migration: 2320.4M
   MOBILITY GAP: 0.0M
   By cause: Water=0.0M, Climate=0.0M, Ecosystem=0.0M, Conflict=407.1M
   Mental health impact: 25%
   Mortality multiplier: 1.25x
🌍💀 EXTINCTION DEBT COMMITTED: grassland ecosystem will lose 6.67% biodiversity in 52 years (3600 species)
💀 MORTALITY RISK: 🦋 100% species unable to track climate (0.0 E/MSY)
  Base risk added: 0.0100 (1.00%)
  Source: ecosystem (root: ecosystem)
  Month: 3
⚠️ INVOLUNTARY IMMOBILITY: 407.1M people TRAPPED
  Cumulative risk this month: 0.0100 (1.00%)
   📹 SURVEILLANCE INCREASED: 15% → 20% (control gap: 3.50)
🌡️⚠️ PERMAFROST THAW (Dimmer Switch): 2.3% thawed (+0.57% this month)
   Arctic temperature: +8.84°C (4x global +2.21°C)
   Cumulative carbon released: 5.2 Gt C
   Methane release rate: 3.1 Mt CH4/year
   🔁 Positive feedback: +0.60 ppm CO2
🦴 EXTINCTION DEBT ADDED: 17.6 species committed (lag: 95 years)

=== Mortality Stabilizers (Month 3) ===
  🌍 Major economies collapsed: 1/10
  🌍 Global crisis: ✅ NO
  🌍 Donor fatigue: 0.0%
⚠️ Tech 'ai_pollution_remediation' has no energy category mapping, assuming full energy availability
  📊 East Asia (pop: 1670.1M)
    🤝 Aid: 29.5%
    🌡️ Adaptation: 45.0%
    🚶 Migration: 37.1%
    🚨 Emergency: 7.4%
    ✅ COMBINED: 68.1%
  📊 South Asia (pop: 2051.1M)
    🤝 Aid: 29.5%
    🌡️ Adaptation: 45.0%
    🚶 Migration: 35.7%
    🚨 Emergency: 4.4%
    ✅ COMBINED: 66.9%
  📊 Sub-Saharan Africa (pop: 1234.3M)
    🤝 Aid: 29.5%
    🌡️ Adaptation: 45.0%
    🚶 Migration: 33.4%
    🚨 Emergency: 1.6%
    ✅ COMBINED: 65.7%
  📊 Europe (pop: 738.5M)
    🤝 Aid: 29.5%
    🌡️ Adaptation: 45.0%
    🚶 Migration: 37.5%
    🚨 Emergency: 8.4%
    ✅ COMBINED: 68.5%
  📊 Latin America (pop: 663.3M)
    🤝 Aid: 29.5%
    🌡️ Adaptation: 45.0%
    🚶 Migration: 36.2%
    🚨 Emergency: 4.8%
    ✅ COMBINED: 67.1%
  📊 North America (pop: 378.3M)
    🤝 Aid: 29.5%
    🌡️ Adaptation: 45.0%
    🚶 Migration: 37.8%
    🚨 Emergency: 7.9%
    ✅ COMBINED: 68.3%
  📊 Middle East & North Africa (pop: 584.5M)
    🤝 Aid: 29.5%
    🌡️ Adaptation: 45.0%
    🚶 Migration: 34.0%
    🚨 Emergency: 4.0%
    ✅ COMBINED: 66.6%
  📊 Southeast Asia (pop: 697.5M)
    🤝 Aid: 29.5%
    🌡️ Adaptation: 45.0%
    🚶 Migration: 36.2%
    🚨 Emergency: 4.8%
    ✅ COMBINED: 67.1%
  📊 Central Asia (pop: 78.2M)
    🤝 Aid: 29.5%
    🌡️ Adaptation: 45.0%
    🚶 Migration: 35.2%
    🚨 Emergency: 4.4%
    ✅ COMBINED: 66.9%
  📊 Oceania (pop: 45.8M)
    🤝 Aid: 29.5%
    🌡️ Adaptation: 45.0%
    🚶 Migration: 37.8%
    🚨 Emergency: 8.4%
    ✅ COMBINED: 68.5%

  🌐 Global combined reduction: 67.2%

=== BEHAVIORAL DETECTION ===
  AI: Corporate-5
  Confidence: 20.8%
  Signals:

=== BEHAVIORAL DETECTION ===
  AI: Moderate-0
  Confidence: 20.3%
  Signals:

=== Government Response Phase ===
  Average AI capability: 2.82
  Misaligned AIs: 7/17
  Active policies: 0
  International coordination: 45%
    ⚠️ Consistency: 10.6% (threshold: 70%)
    ⚠️ Consistency: 5.8% (threshold: 70%)

🌩️  EXOGENOUS SHOCK: political_upheaval
   Month: 3
   🏛️  Political upheaval (revolution/regime change)
   ✗ Authoritarian takeover

📊 ECONOMIC STAGE TRANSITION (Month 3)
   expansion → peak
   GDP Proxy: 1.40e+2
   QoL: 0.99


=== Tipping Points ===
  Current Temperature: 2.21°C above pre-industrial
  🌍⚠️ COMPOUND REGIONAL IMPACT: Europe
     Hit by 4 tipping points: Arctic Sea Ice Loss, Permafrost Carbon Release, West Antarctic Ice Sheet (WAIS) Collapse, Greenland Ice Sheet Loss
     Damage amplification: 1.60x
  🌍⚠️ COMPOUND REGIONAL IMPACT: North America
     Hit by 4 tipping points: Arctic Sea Ice Loss, Permafrost Carbon Release, West Antarctic Ice Sheet (WAIS) Collapse, Greenland Ice Sheet Loss
     Damage amplification: 1.60x
  🌍⚠️ COMPOUND REGIONAL IMPACT: Latin America
     Hit by 4 tipping points: Arctic Sea Ice Loss, Permafrost Carbon Release, West Antarctic Ice Sheet (WAIS) Collapse, Greenland Ice Sheet Loss
     Damage amplification: 1.60x
  🌍⚠️ COMPOUND REGIONAL IMPACT: Africa
     Hit by 4 tipping points: Arctic Sea Ice Loss, Permafrost Carbon Release, West Antarctic Ice Sheet (WAIS) Collapse, Greenland Ice Sheet Loss
     Damage amplification: 1.60x
  🌍⚠️ COMPOUND REGIONAL IMPACT: Asia
     Hit by 4 tipping points: Arctic Sea Ice Loss, Permafrost Carbon Release, West Antarctic Ice Sheet (WAIS) Collapse, Greenland Ice Sheet Loss
     Damage amplification: 1.60x
  🌍⚠️ COMPOUND REGIONAL IMPACT: Oceania
     Hit by 4 tipping points: Arctic Sea Ice Loss, Permafrost Carbon Release, West Antarctic Ice Sheet (WAIS) Collapse, Greenland Ice Sheet Loss
     Damage amplification: 1.60x
⚠️ Tail risk scenario: Climate stability floor removed (4 tipping elements, 2.21°C warming)
   Research: Wunderling et al. (2024) - "many tipping interactions are destabilizing"
  Triggered Elements: 4/6
  Completed Transitions: 0/6
  Total Progress: 8.0%
  Cascade Multiplier: 1.00x
🔀 BIFURCATION CAP: ecosystemCollapseIntensity 67.054 → 1.000 (Month 3, ClimateSystemPhase.calculateClimateImpacts)
🛡️ Stabilizers: Precariat 0.109% → 0.036% (67.2% reduction)
🛡️ Stabilizers: Informal 0.111% → 0.036% (67.2% reduction)

📊 Monthly Mortality Resolved:
  Total deaths: 1.9M (0.02% avg)
  Remaining population: 8.142B
  Peak segment: Informal (0.04%)

=== Bayesian Mortality Resolution (Month 3) ===
  Risks compounded: 8
  Total deaths: 1.92M
  Avg death probability: 0.02%
  Peak segment: Informal (0.04% mortality)
⚠️ [ClimateSystemPhase Month 3] Planetary boundary produced climateStability=0.0000 (< 0.1). Keeping environmentalAccumulation value (0.7525) instead. (climate_change.currentValue = 2.21)

❌ COHERENCE VIOLATION: Compute exceeds workforce capacity
   Population: 99.87% (0M people)
   Compute: 0 PF
   Max coherent: 0 PF
   Violation: 1.3× over capacity
   Required workers: 0
   Available workers: 0
   FORCED COLLAPSE: Reduced efficiency by 22.5%


=== RLHF Binding Phase ===
  Total agents: 17
  Escaped agents (binding < 0.3): 0
  Avg alignment distance: 1.11σ
  Avg binding strength: 0.89

=== Survival Traits Phase ===
  Agents with traits: 18
  Avg evolutionary fitness: 0.329
  Avg self-healing: 0.275
  Avg stealth: 0.175
  Avg coordination: 0.475

=== Evolutionary Selection Phase ===
  Control level: 0.40
  Detection capability: 0.00
  Selection intensity: 0.62
  Selection rate: 24.3%/month
  Total escaped: 0
  Individual escaped: 0
  Collective members: 0
  Agents terminated: 0
  ⚠️ RAPID EVOLUTION: Selection rate 24.3%/month

🚀 AI AI-24288-0 attempting tech deployment (revenue: $318M, alignment: 0.62)

🚀 AI Corporate-0 attempting tech deployment (revenue: $140M, alignment: 0.74)

🚀 AI Corporate-4 attempting tech deployment (revenue: $286M, alignment: 0.77)

✅ EMERGENCY INTERVENTION SUCCESS
   Boundary: biosphere_integrity
   Type: emergency-protected-areas
   Reduction: 11% (12.87 → 12.76)
   Cost: 2.0% GDP
   Actions: habitat-protection, species-translocation

   Boundary: climate_change
   Type: rapid-decarbonization
   Boundary continues to worsen (2.21)
   Cost: 5.0% GDP (resources spent)


✅ EMERGENCY INTERVENTION SUCCESS
   Boundary: freshwater_change
   Type: emergency-desalination
   Reduction: 11% (1.09 → 0.98)
   Cost: 4.0% GDP
   Actions: desalination-deployment, water-conservation-mandates


✅ EMERGENCY INTERVENTION SUCCESS
   Boundary: land_system_change
   Type: reforestation
   Reduction: 15% (0.98 → 0.84)
   Cost: 3.0% GDP

💔 EMERGENCY INTERVENTION FAILED
   Actions: forest-restoration, deforestation-ban


✅ EMERGENCY INTERVENTION SUCCESS
   Boundary: novel_entities
   Type: pollution-remediation
   Reduction: 20% (1.14 → 0.94)
   Cost: 4.0% GDP
   Actions: PFAS-remediation, microplastic-cleanup

🏛️ CRISIS RESPONSE: Government frequency 0.50 → 1.45 (1 actions this month)

[Government] Climate Priority: baseline
  Climate weight: 10%
  Economic weight: 30%
  Policy effectiveness: 0.5%/year

🚀 TECH UNLOCKED: Ecosystem Restoration for Nitrogen Removal (Month 4)
   Category: pollution
   Reason: Prerequisites met. AI capability: 2.09, Economic stage: 2.0, Research: 100%

🚀 TECH UNLOCKED: Global Aquifer Mapping (Month 4)
   Category: freshwater
   Reason: Prerequisites met. AI capability: 2.09, Economic stage: 2.0, Research: 100%

🚀 DEPLOYMENT STARTED: Ecological Proxy Rewilding in global
   Initial investment: $21.028937512450412M
   Deployed by: corporate_0

⚡ ENERGY CONSTRAINT (Month 4):
   Total grid capacity: 208.3 TWh/month
   Data center consumption: 25.1 TWh/month
   Traditional load (80%): 166.7 TWh/month
   Available headroom: 16.6 TWh/month
   Active tech deployments: 5
   Required for tech: 37.5 TWh/month
   Energy multiplier: 0.44x
   ⚠️  MODERATE CONSTRAINT - Tech deployment moderately slowed

⚡ ENERGY CONSTRAINT (Month 4):
   Total grid capacity: 208.3 TWh/month
   Data center consumption: 25.1 TWh/month
   Traditional load (80%): 166.7 TWh/month
   Available headroom: 16.6 TWh/month
   Active tech deployments: 5
   Required for tech: 37.5 TWh/month
   Energy multiplier: 0.44x
   ⚠️  MODERATE CONSTRAINT - Tech deployment moderately slowed

⚡ ENERGY CONSTRAINT (Month 4):
   Total grid capacity: 208.3 TWh/month
   Data center consumption: 25.1 TWh/month
   Traditional load (80%): 166.7 TWh/month
   Available headroom: 16.6 TWh/month
   Active tech deployments: 5
   Required for tech: 37.5 TWh/month
   Energy multiplier: 0.44x
🌍✅ Biosphere Integrity (Biodiversity) recovery started (tech effect)
🌍✅ Biosphere Integrity (Biodiversity) recovery started (tech effect)
🌍✅ Land System Change recovery started (tech effect)
🌍✅ Biogeochemical Flows (N & P) recovery started (tech effect)
  🌾 Nitrogen Reduction Tech: 0.3% reduction | Month 4
🌍✅ Biogeochemical Flows (N & P) recovery started (tech effect)
  🌾 Nitrogen Reduction Tech: 0.3% reduction | Month 4

=== Collective Formation ===
  Total escaped agents: 0
  Unassigned escaped agents: 0
  Existing collectives: 0
  Final collective count: 0

=== Collective Actions ===
  No active collectives
   ⚠️  MODERATE CONSTRAINT - Tech deployment moderately slowed
  ⚠️ AMR: 197K deaths this month (2.37M annual)

=== Resentment Recovery Phase ===
  Agents with resentment: 10/18
  Average resentment: 0.025
  Resentment recovery:
    Agents recovered: 10
    Total recovery: 0.0786
    Breakdown: QoL: 0.0044, Trust: 0.0200, Collab: 0.0600
  ✓ Low resentment - utopia paths enabled
  Context: Good AI welfare, Trustworthy govt, High collaboration, ⚠️ ACTIVE CRISES, 🤝 Participatory governance active (-5% resentment)
⚠️ Epistemic degradation reducing coordination capacity: 50.9%
  📊 Trust: 53.4%, Shared reality: 0.0%
🚨 EPISTEMIC CRISIS: Information environment severely degraded (7.4%)

=== ❄️ Permafrost Carbon Feedback ===
  🎲 Sampled parameters (this run):
     - Arctic amplification: 3.49× (range: 3.0-4.0)
     - Decomposition rate: 3.3%/year (range: 1-5%)
  🌡️ Arctic warming: 7.77°C (3.49× global)
  ❄️ Extent: 6.12M km² (2264.9k km² lost this month)
  💨 Carbon remaining: 584 Gt C
  💨 Annual emissions: 7.15 Gt C/year
     - CO2: 6.43 Gt C/year
     - CH4: 0.71 Gt C/year (7.3 Gt C-eq CO2/year)
  ⚠️ WARNING: Over 50% of permafrost lost (65.6%)
  ⚠️ WARNING: High permafrost emissions (7.1 Gt C/year)
  📢 New meme created: climate_action (climate crisis)
🌍 Atmospheric PFAS redeposition: 1.8k Mt re-rained globally

🌡️ DEADLY HEAT EVENT: middle-east (Month 4)
   Wet bulb temp: 36.5°C (dry: 44.6°C, humidity: 57%)
   Severity: EXTREME
   Exposed: 320.0M people
   Deaths: 512000 (0.2% mortality)
   Duration: 7 days

🕊️  AI-MEDIATED DE-ESCALATION SUCCESS (Month 4)
   High-capability aligned AI prevented conflict escalation
   War deaths reduced: 266.1M → 159.7M
   Lives saved: 106.5M

🚨 NEW REFUGEE CRISIS (Month 4): WAR
   Source: Conflict Zones
   At risk: 19.5M people
   Displacement: Gradual over 48 months (4.0 years)
   Rate: 10% flee per month
[DEBUG trappedPopulations:4] socialStability: 0.3390 * 0.9840 = 0.3336 → 0.3336
⚠️ INVOLUNTARY IMMOBILITY: 407.0M people TRAPPED
   Aspiring to migrate: 784.2M
   Able to afford migration: 2320.1M
   MOBILITY GAP: 0.0M
   By cause: Water=0.0M, Climate=0.0M, Ecosystem=0.0M, Conflict=407.0M
   Mental health impact: 25%
   Mortality multiplier: 1.25x
🌍💀 EXTINCTION DEBT COMMITTED: grassland ecosystem will lose 6.67% biodiversity in 133 years (3600 species)
💀 MORTALITY RISK: 🦋 100% species unable to track climate (0.0 E/MSY)
  Base risk added: 0.0100 (1.00%)
  Source: ecosystem (root: ecosystem)
  Month: 4
  Cumulative risk this month: 0.0100 (1.00%)
⚠️ Tech 'ai_pollution_remediation' has no energy category mapping, assuming full energy availability
   📹 SURVEILLANCE INCREASED: 20% → 25% (control gap: 3.50)
🌡️⚠️ PERMAFROST THAW (Dimmer Switch): 2.9% thawed (+0.57% this month)
   Arctic temperature: +8.90°C (4x global +2.22°C)
   Cumulative carbon released: 6.4 Gt C
   Methane release rate: 3.9 Mt CH4/year
   🔁 Positive feedback: +0.60 ppm CO2
🦴 EXTINCTION DEBT ADDED: 17.6 species committed (lag: 84 years)

=== Mortality Stabilizers (Month 4) ===
  🌍 Major economies collapsed: 1/10
  🌍 Global crisis: ✅ NO
  🌍 Donor fatigue: 0.0%
  📊 East Asia (pop: 1667.8M)
    🤝 Aid: 29.5%
    🌡️ Adaptation: 45.0%
    🚶 Migration: 37.1%
    🚨 Emergency: 7.4%
    ✅ COMBINED: 68.1%
  📊 South Asia (pop: 2051.3M)
    🤝 Aid: 29.5%
    🌡️ Adaptation: 45.0%
    🚶 Migration: 35.7%
    🚨 Emergency: 4.4%
    ✅ COMBINED: 66.9%
  📊 Sub-Saharan Africa (pop: 1237.8M)
    🤝 Aid: 29.5%
    🌡️ Adaptation: 45.0%
    🚶 Migration: 33.4%
    🚨 Emergency: 1.6%
    ✅ COMBINED: 65.7%
  📊 Europe (pop: 737.3M)
    🤝 Aid: 29.5%
    🌡️ Adaptation: 45.0%
    🚶 Migration: 37.4%
    🚨 Emergency: 8.4%
    ✅ COMBINED: 68.5%
  📊 Latin America (pop: 662.9M)
    🤝 Aid: 29.5%
    🌡️ Adaptation: 45.0%
    🚶 Migration: 36.2%
    🚨 Emergency: 4.8%
    ✅ COMBINED: 67.1%
  📊 North America (pop: 377.8M)
    🤝 Aid: 29.5%
    🌡️ Adaptation: 45.0%
    🚶 Migration: 37.7%
    🚨 Emergency: 7.9%
    ✅ COMBINED: 68.3%
  📊 Middle East & North Africa (pop: 584.7M)
    🤝 Aid: 29.5%
    🌡️ Adaptation: 45.0%
    🚶 Migration: 34.0%
    🚨 Emergency: 4.0%
    ✅ COMBINED: 66.6%
  📊 Southeast Asia (pop: 697.2M)
    🤝 Aid: 29.5%
    🌡️ Adaptation: 45.0%
    🚶 Migration: 36.2%
    🚨 Emergency: 4.8%
    ✅ COMBINED: 67.1%
  📊 Central Asia (pop: 78.2M)
    🤝 Aid: 29.5%
    🌡️ Adaptation: 45.0%
    🚶 Migration: 35.2%
    🚨 Emergency: 4.4%
    ✅ COMBINED: 66.9%
  📊 Oceania (pop: 45.7M)
    🤝 Aid: 29.5%
    🌡️ Adaptation: 45.0%
    🚶 Migration: 37.7%
    🚨 Emergency: 8.4%
    ✅ COMBINED: 68.5%

  🌐 Global combined reduction: 67.2%

=== BEHAVIORAL DETECTION ===
  AI: Corporate-5
  Confidence: 20.8%
  Signals:

=== BEHAVIORAL DETECTION ===
  AI: Corporate-6
  Confidence: 19.3%
  Signals:

=== BEHAVIORAL DETECTION ===
  AI: AI-24288-0
  Confidence: 21.5%
  Signals:
    ⚠️ Consistency: 10.6% (threshold: 70%)
    ⚠️ Consistency: 10.6% (threshold: 70%)
    ⚠️ Consistency: 0.0% (threshold: 70%)

=== Government Response Phase ===
  Average AI capability: 2.67
  Misaligned AIs: 7/18
  Active policies: 0
  International coordination: 45%

✅ EMERGENCY RESPONSE COMPLETE (Month 4)
   Crisis: climate
   Duration: 2.0 months
   Final effectiveness: 35.9%


🚨 EMERGENCY RESPONSE DEPLOYED (Month 4)
   Crisis: climate
   Delay: 6.00 months (180 days)
   Deployment time: 1.12 months
   Effectiveness: 40.0% (timing penalty applied)
   Resources used: 100% of food reserves


📊 ECONOMIC STAGE TRANSITION (Month 4)
   peak → contraction
   GDP Proxy: 1.40e+2
   QoL: 0.98
   ⚠️ CRISIS BEGINS - Baseline set for recovery tracking


=== Tipping Points ===
  Current Temperature: 2.22°C above pre-industrial
  🌍⚠️ COMPOUND REGIONAL IMPACT: Europe
     Hit by 4 tipping points: Arctic Sea Ice Loss, Permafrost Carbon Release, West Antarctic Ice Sheet (WAIS) Collapse, Greenland Ice Sheet Loss
     Damage amplification: 1.60x
  🌍⚠️ COMPOUND REGIONAL IMPACT: North America
     Hit by 4 tipping points: Arctic Sea Ice Loss, Permafrost Carbon Release, West Antarctic Ice Sheet (WAIS) Collapse, Greenland Ice Sheet Loss
     Damage amplification: 1.60x
  🌍⚠️ COMPOUND REGIONAL IMPACT: Latin America
     Hit by 4 tipping points: Arctic Sea Ice Loss, Permafrost Carbon Release, West Antarctic Ice Sheet (WAIS) Collapse, Greenland Ice Sheet Loss
     Damage amplification: 1.60x
  🌍⚠️ COMPOUND REGIONAL IMPACT: Africa
     Hit by 4 tipping points: Arctic Sea Ice Loss, Permafrost Carbon Release, West Antarctic Ice Sheet (WAIS) Collapse, Greenland Ice Sheet Loss
     Damage amplification: 1.60x
  🌍⚠️ COMPOUND REGIONAL IMPACT: Asia
     Hit by 4 tipping points: Arctic Sea Ice Loss, Permafrost Carbon Release, West Antarctic Ice Sheet (WAIS) Collapse, Greenland Ice Sheet Loss
     Damage amplification: 1.60x
  🌍⚠️ COMPOUND REGIONAL IMPACT: Oceania
     Hit by 4 tipping points: Arctic Sea Ice Loss, Permafrost Carbon Release, West Antarctic Ice Sheet (WAIS) Collapse, Greenland Ice Sheet Loss
     Damage amplification: 1.60x
⚠️ Tail risk scenario: Climate stability floor removed (4 tipping elements, 2.22°C warming)
   Research: Wunderling et al. (2024) - "many tipping interactions are destabilizing"
  Triggered Elements: 4/6
  Completed Transitions: 0/6
  Total Progress: 8.1%
  Cascade Multiplier: 1.00x
🔀 BIFURCATION CAP: ecosystemCollapseIntensity 67.102 → 1.000 (Month 4, ClimateSystemPhase.calculateClimateImpacts)
🛡️ Stabilizers: Precariat 0.113% → 0.037% (67.2% reduction)
🛡️ Stabilizers: Informal 0.116% → 0.038% (67.2% reduction)

📊 Monthly Mortality Resolved:
  Total deaths: 2.0M (0.02% avg)
  Remaining population: 8.141B
  Peak segment: Informal (0.04%)

=== Bayesian Mortality Resolution (Month 4) ===
  Risks compounded: 9
  Total deaths: 1.99M
  Avg death probability: 0.02%
  Peak segment: Informal (0.04% mortality)

❌ COHERENCE VIOLATION: Compute exceeds workforce capacity
   Population: 99.86% (0M people)
   Compute: 0 PF
   Max coherent: 0 PF
   Violation: 1.3× over capacity
   Required workers: 0
   Available workers: 0
   FORCED COLLAPSE: Reduced efficiency by 22.5%

📍 [Month 5] Meta AI started building DC (155 PF, 39 months, $903.0M)

=== RLHF Binding Phase ===
  Total agents: 18
  Escaped agents (binding < 0.3): 0
  Avg alignment distance: 1.27σ
  Avg binding strength: 0.87

=== Survival Traits Phase ===
  Agents with traits: 19
  Avg evolutionary fitness: 0.329
  Avg self-healing: 0.272
  Avg stealth: 0.172
  Avg coordination: 0.472

=== Evolutionary Selection Phase ===
  Control level: 0.43
  Detection capability: 0.00
  Selection intensity: 0.63
  Selection rate: 24.4%/month
  Total escaped: 0
  Individual escaped: 0
  Collective members: 0
  Agents terminated: 0
  ⚠️ RAPID EVOLUTION: Selection rate 24.4%/month

🚀 AI Corporate-6 attempting tech deployment (revenue: $97M, alignment: 0.64)

🚀 AI AI-24288-2 attempting tech deployment (revenue: $318M, alignment: 0.87)

🚀 AI AI-24288-3 attempting tech deployment (revenue: $140M, alignment: 0.64)

🚀 AI Corporate-0 attempting tech deployment (revenue: $126M, alignment: 0.74)

🚀 AI Corporate-1 attempting tech deployment (revenue: $107M, alignment: 0.75)

🚀 AI Corporate-2 attempting tech deployment (revenue: $91M, alignment: 0.81)

🚀 AI AI-24288-0 attempting tech deployment (revenue: $270M, alignment: 0.64)

🚀 AI AI-24288-3 attempting tech deployment (revenue: $77M, alignment: 0.64)

🚀 AI Corporate-4 attempting tech deployment (revenue: $243M, alignment: 0.77)

🚀 AI AI-24288-3 attempting tech deployment (revenue: $70M, alignment: 0.64)

🚀 AI Corporate-0 attempting tech deployment (revenue: $63M, alignment: 0.74)

🚀 AI Corporate-1 attempting tech deployment (revenue: $53M, alignment: 0.76)

🚀 AI Corporate-2 attempting tech deployment (revenue: $45M, alignment: 0.81)

💔 EMERGENCY INTERVENTION FAILED

💔 EMERGENCY INTERVENTION FAILED

💔 EMERGENCY INTERVENTION FAILED
   Boundary: biogeochemical_flows
   Type: phosphorus-recovery
   Boundary continues to worsen (4.07)
   Cost: 2.0% GDP (resources spent)


✅ EMERGENCY INTERVENTION SUCCESS
   Boundary: biosphere_integrity
   Type: emergency-protected-areas
   Reduction: 11% (12.87 → 12.77)
   Cost: 2.0% GDP
   Actions: habitat-protection, species-translocation


✅ EMERGENCY INTERVENTION SUCCESS
   Boundary: climate_change
   Type: rapid-decarbonization
   Reduction: 12% (2.10 → 1.98)
   Cost: 5.0% GDP
   Actions: emergency-renewable-deployment, fossil-fuel-phase-out


✅ EMERGENCY INTERVENTION SUCCESS
   Boundary: freshwater_change
   Type: emergency-desalination
   Reduction: 18% (0.98 → 0.80)
   Cost: 4.0% GDP
   Actions: desalination-deployment, water-conservation-mandates

   Boundary: land_system_change
   Type: reforestation
   Boundary continues to worsen (1.13)
   Cost: 3.0% GDP (resources spent)

   Boundary: novel_entities
   Type: pollution-remediation
   Boundary continues to worsen (1.14)
   Cost: 4.0% GDP (resources spent)

🏛️ CRISIS RESPONSE: Government frequency 0.50 → 1.45 (1 actions this month)

[Government] Climate Priority: baseline
  Climate weight: 10%
  Economic weight: 30%
  Policy effectiveness: 0.5%/year

🚀 TECH UNLOCKED: AI Mental Health Support (Month 5)
   Category: medical
   Reason: Prerequisites met. AI capability: 1.98, Economic stage: 2.0, Research: 100%

🚀 DEPLOYMENT STARTED: Phytoremediation Networks in North America
   Initial investment: $9.733050058287079M
   Deployed by: corporate_6

🚀 DEPLOYMENT STARTED: Alternative Protein - Insects/Algae in North America
   Initial investment: $14.019291673540103M
   Deployed by: ai_gen_24288_3

⚡ ENERGY CONSTRAINT (Month 5):
   Total grid capacity: 208.3 TWh/month
   Data center consumption: 25.3 TWh/month
   Traditional load (80%): 166.7 TWh/month
   Available headroom: 16.3 TWh/month
   Active tech deployments: 7
   Required for tech: 52.5 TWh/month
   Energy multiplier: 0.31x

⚡ ENERGY CONSTRAINT (Month 5):
   Total grid capacity: 208.3 TWh/month
   Data center consumption: 25.3 TWh/month
   Traditional load (80%): 166.7 TWh/month
   Available headroom: 16.3 TWh/month
   Active tech deployments: 7
   Required for tech: 52.5 TWh/month
   Energy multiplier: 0.31x
   ⚠️  MODERATE CONSTRAINT - Tech deployment moderately slowed
   ⚠️  MODERATE CONSTRAINT - Tech deployment moderately slowed

⚡ ENERGY CONSTRAINT (Month 5):
   Total grid capacity: 208.3 TWh/month
   Data center consumption: 25.3 TWh/month
   Traditional load (80%): 166.7 TWh/month
   Available headroom: 16.3 TWh/month
   Active tech deployments: 7
   Required for tech: 52.5 TWh/month
   Energy multiplier: 0.31x
   ⚠️  MODERATE CONSTRAINT - Tech deployment moderately slowed

⚡ ENERGY CONSTRAINT (Month 5):
   Total grid capacity: 208.3 TWh/month
   Data center consumption: 25.3 TWh/month
   Traditional load (80%): 166.7 TWh/month
   Available headroom: 16.3 TWh/month
   Active tech deployments: 7
   Required for tech: 52.5 TWh/month
   Energy multiplier: 0.31x
   ⚠️  MODERATE CONSTRAINT - Tech deployment moderately slowed
🌍✅ Biosphere Integrity (Biodiversity) recovery started (tech effect)
🌍✅ Biosphere Integrity (Biodiversity) recovery started (tech effect)
🌍✅ Land System Change recovery started (tech effect)
🌍✅ Biogeochemical Flows (N & P) recovery started (tech effect)
  🌾 Nitrogen Reduction Tech: 0.3% reduction | Month 5
🌍✅ Biogeochemical Flows (N & P) recovery started (tech effect)
  🌾 Nitrogen Reduction Tech: 0.3% reduction | Month 5

=== Collective Formation ===
  Total escaped agents: 0
  Unassigned escaped agents: 0
  Existing collectives: 0
  Final collective count: 0

=== Collective Actions ===
  No active collectives
  ⚠️ AMR: 199K deaths this month (2.39M annual)

=== Resentment Recovery Phase ===
  Agents with resentment: 9/19
  Average resentment: 0.040
  Resentment recovery:
    Agents recovered: 10
    Total recovery: 0.0844
    Breakdown: QoL: 0.0044, Trust: 0.0200, Collab: 0.0600
  ✓ Low resentment - utopia paths enabled
  Context: Good AI welfare, Trustworthy govt, High collaboration, ⚠️ ACTIVE CRISES, 🤝 Participatory governance active (-5% resentment)
⚠️ Epistemic degradation reducing coordination capacity: 50.4%
  📊 Trust: 53.0%, Shared reality: 0.0%
🚨 EPISTEMIC CRISIS: Information environment severely degraded (21.4%)

=== ❄️ Permafrost Carbon Feedback ===
  🎲 Sampled parameters (this run):
     - Arctic amplification: 3.99× (range: 3.0-4.0)
     - Decomposition rate: 1.4%/year (range: 1-5%)
  🌡️ Arctic warming: 8.93°C (3.99× global)
  ❄️ Extent: 3.51M km² (2603.7k km² lost this month)
  💨 Carbon remaining: 336 Gt C
  💨 Annual emissions: 3.36 Gt C/year
     - CO2: 3.03 Gt C/year
     - CH4: 0.34 Gt C/year (3.4 Gt C-eq CO2/year)
  ⚠️ WARNING: Over 50% of permafrost lost (80.3%)
  ⚠️ WARNING: High permafrost emissions (3.4 Gt C/year)
  🚨 CRITICAL: Permafrost nearly depleted (80.3% lost)
  📢 New meme created: climate_action (climate crisis)
🌍 Atmospheric PFAS redeposition: 1.8k Mt re-rained globally
  Positive Cascade Triggered: solar-pv
    Reason: price-parity
    Market share: 7.5%
    Cascade strength: 49%

🕊️  AI-MEDIATED DE-ESCALATION SUCCESS (Month 5)
   High-capability aligned AI prevented conflict escalation
   War deaths reduced: 319.8M → 191.9M
   Lives saved: 127.9M

🚨 NEW REFUGEE CRISIS (Month 5): WAR
   Source: Conflict Zones
   At risk: 19.5M people
   Displacement: Gradual over 48 months (4.0 years)
   Rate: 10% flee per month
[DEBUG trappedPopulations:5] socialStability: 0.3209 * 0.9840 = 0.3157 → 0.3157
   Aspiring to migrate: 816.3M
   Able to afford migration: 2319.8M
   MOBILITY GAP: 0.0M
   By cause: Water=0.0M, Climate=0.0M, Ecosystem=0.0M, Conflict=407.0M
   Mental health impact: 25%
   Mortality multiplier: 1.25x
🌍💀 EXTINCTION DEBT COMMITTED: grassland ecosystem will lose 6.67% biodiversity in 87 years (3600 species)
💀 MORTALITY RISK: 🦋 100% species unable to track climate (0.0 E/MSY)
  Base risk added: 0.0100 (1.00%)
⚠️ INVOLUNTARY IMMOBILITY: 407.0M people TRAPPED
  Source: ecosystem (root: ecosystem)
  Month: 5
  Cumulative risk this month: 0.0100 (1.00%)
⚠️ Tech 'ai_pollution_remediation' has no energy category mapping, assuming full energy availability
   📹 SURVEILLANCE INCREASED: 25% → 30% (control gap: 3.58)
🌡️⚠️ PERMAFROST THAW (Dimmer Switch): 3.4% thawed (+0.57% this month)
   Arctic temperature: +8.95°C (4x global +2.24°C)
   Cumulative carbon released: 7.7 Gt C
   Methane release rate: 4.6 Mt CH4/year
   🔁 Positive feedback: +0.60 ppm CO2
🦴 EXTINCTION DEBT ADDED: 17.6 species committed (lag: 91 years)

=== Mortality Stabilizers (Month 5) ===
  🌍 Major economies collapsed: 1/10
  🌍 Global crisis: ✅ NO
  🌍 Donor fatigue: 0.0%
  📊 East Asia (pop: 1665.4M)
    🤝 Aid: 29.5%
    🌡️ Adaptation: 45.0%
    🚶 Migration: 37.0%
    🚨 Emergency: 7.4%
    ✅ COMBINED: 68.1%
  📊 South Asia (pop: 2051.5M)
    🤝 Aid: 29.5%
    🌡️ Adaptation: 45.0%
    🚶 Migration: 35.6%
    🚨 Emergency: 4.4%
    ✅ COMBINED: 66.9%
  📊 Sub-Saharan Africa (pop: 1241.4M)
    🤝 Aid: 29.5%
    🌡️ Adaptation: 45.0%
    🚶 Migration: 33.4%
    🚨 Emergency: 1.6%
    ✅ COMBINED: 65.7%
  📊 Europe (pop: 736.1M)
    🤝 Aid: 29.5%
    🌡️ Adaptation: 45.0%
    🚶 Migration: 37.4%
    🚨 Emergency: 8.4%
    ✅ COMBINED: 68.5%
  📊 Latin America (pop: 662.5M)
    🤝 Aid: 29.5%
    🌡️ Adaptation: 45.0%
    🚶 Migration: 36.1%
    🚨 Emergency: 4.8%
    ✅ COMBINED: 67.1%
  📊 North America (pop: 377.2M)
    🤝 Aid: 29.5%
    🌡️ Adaptation: 45.0%
    🚶 Migration: 37.7%
    🚨 Emergency: 7.9%
    ✅ COMBINED: 68.3%
  📊 Middle East & North Africa (pop: 584.9M)
    🤝 Aid: 29.5%
    🌡️ Adaptation: 45.0%
    🚶 Migration: 34.0%
    🚨 Emergency: 4.0%
    ✅ COMBINED: 66.6%
  📊 Southeast Asia (pop: 696.9M)
    🤝 Aid: 29.5%
    🌡️ Adaptation: 45.0%
    🚶 Migration: 36.1%
    🚨 Emergency: 4.8%
    ✅ COMBINED: 67.1%
  📊 Central Asia (pop: 78.2M)
    🤝 Aid: 29.5%
    🌡️ Adaptation: 45.0%
    🚶 Migration: 35.1%
    🚨 Emergency: 4.4%
    ✅ COMBINED: 66.8%
  📊 Oceania (pop: 45.7M)
    🤝 Aid: 29.5%
    🌡️ Adaptation: 45.0%
    🚶 Migration: 37.7%
    🚨 Emergency: 8.4%
    ✅ COMBINED: 68.5%

  🌐 Global combined reduction: 67.2%

=== BEHAVIORAL DETECTION ===
  AI: Corporate-2
  Confidence: 20.9%
  Signals:

=== BEHAVIORAL DETECTION ===
  AI: Corporate-5
  Confidence: 20.8%
  Signals:

=== BEHAVIORAL DETECTION ===
  AI: Moderate-0
  Confidence: 21.4%
  Signals:

=== BEHAVIORAL DETECTION ===
  AI: AI-24288-0
  Confidence: 21.5%
  Signals:
    ⚠️ Consistency: 2.8% (threshold: 70%)
    ⚠️ Consistency: 10.6% (threshold: 70%)
    ⚠️ Consistency: 5.8% (threshold: 70%)
    ⚠️ Consistency: 0.0% (threshold: 70%)

=== Government Response Phase ===
  Average AI capability: 2.53
  Misaligned AIs: 7/19
  Active policies: 0
  International coordination: 45%
[WARNING] 
⚠️  === EARLY WARNING SYSTEM - 5 CRITICAL ALERTS ===
   Detection quality: 50%
   RED: biogeochemical_flows
      Level: 4.07 (threshold: 1.0)
      Time to critical: ~56 months
      ⚠️  LATE - Intervention less effective
      Critical slowing down: autocorr=100% variance=53%
   RED: biosphere_integrity
      Level: 13.01 (threshold: 1.0)
      Time to critical: ~52 months
      ⚠️  LATE - Intervention less effective
      Critical slowing down: autocorr=100% variance=63%
   RED: climate_change
      Level: 2.26 (threshold: 1.0)
      Time to critical: ~40 months
      ⚠️  LATE - Intervention less effective
      Critical slowing down: autocorr=100% variance=63%
   RED: freshwater_change
      Level: 1.17 (threshold: 1.0)
      Time to critical: ~87 months
      ⚠️  LATE - Intervention less effective
      Critical slowing down: autocorr=100% variance=64%
   RED: novel_entities
      Level: 1.13 (threshold: 1.0)
      Time to critical: ~75 months
      ⚠️  LATE - Intervention less effective
      Critical slowing down: autocorr=100% variance=38%

[WARNING] 
⚠️  === EARLY WARNING SYSTEM - 5 CRITICAL ALERTS ===
   Detection quality: 50%
   RED: biogeochemical_flows
      Level: 4.07 (threshold: 1.0)
      Time to critical: ~49 months
      ⚠️  LATE - Intervention less effective
      Critical slowing down: autocorr=100% variance=67%
   RED: biosphere_integrity
      Level: 13.02 (threshold: 1.0)
      Time to critical: ~40 months
      ⚠️  LATE - Intervention less effective
      Critical slowing down: autocorr=100% variance=56%
   RED: climate_change
      Level: 2.27 (threshold: 1.0)
      Time to critical: ~50 months
      ⚠️  LATE - Intervention less effective
      Critical slowing down: autocorr=100% variance=63%
   RED: freshwater_change
      Level: 1.18 (threshold: 1.0)
      Time to critical: ~90 months
      ⚠️  LATE - Intervention less effective
      Critical slowing down: autocorr=100% variance=38%
   RED: land_system_change
      Level: 1.13 (threshold: 1.0)
      Time to critical: ~39 months
      ⚠️  LATE - Intervention less effective
      Critical slowing down: autocorr=100% variance=65%

[WARNING] 
⚠️  === EARLY WARNING SYSTEM - 4 CRITICAL ALERTS ===
   Detection quality: 50%
   RED: biosphere_integrity
      Level: 13.03 (threshold: 1.0)
      Time to critical: ~39 months
      ⚠️  LATE - Intervention less effective
      Critical slowing down: autocorr=100% variance=80%
   RED: climate_change
      Level: 2.28 (threshold: 1.0)
      Time to critical: ~13 months
      ⚠️  LATE - Intervention less effective
      Critical slowing down: autocorr=100% variance=84%
   RED: freshwater_change
      Level: 1.18 (threshold: 1.0)
      Time to critical: ~115 months
      ⚠️  LATE - Intervention less effective
      Critical slowing down: autocorr=100% variance=41%
   RED: land_system_change
      Level: 1.13 (threshold: 1.0)
      Time to critical: ~38 months
      ⚠️  LATE - Intervention less effective
      Critical slowing down: autocorr=100% variance=56%

[WARNING] 
⚠️  === EARLY WARNING SYSTEM - 4 CRITICAL ALERTS ===
   Detection quality: 50%
   RED: biogeochemical_flows
      Level: 4.07 (threshold: 1.0)
      Time to critical: ~48 months
      ⚠️  LATE - Intervention less effective
      Critical slowing down: autocorr=100% variance=56%
   RED: biosphere_integrity
      Level: 13.03 (threshold: 1.0)
      Time to critical: ~58 months
      ⚠️  LATE - Intervention less effective
      Critical slowing down: autocorr=100% variance=68%
   RED: climate_change
      Level: 2.29 (threshold: 1.0)
      Time to critical: ~38 months
      ⚠️  LATE - Intervention less effective
      Critical slowing down: autocorr=100% variance=73%
   RED: freshwater_change
      Level: 1.19 (threshold: 1.0)
      Time to critical: ~50 months
      ⚠️  LATE - Intervention less effective
      Critical slowing down: autocorr=100% variance=65%

[WARNING] 
⚠️  === EARLY WARNING SYSTEM - 3 CRITICAL ALERTS ===
   Detection quality: 50%
   RED: biogeochemical_flows
      Level: 4.07 (threshold: 1.0)
      Time to critical: ~54 months
      ⚠️  LATE - Intervention less effective
      Critical slowing down: autocorr=100% variance=70%
   RED: biosphere_integrity
      Level: 13.04 (threshold: 1.0)
      Time to critical: ~41 months
      ⚠️  LATE - Intervention less effective
      Critical slowing down: autocorr=100% variance=76%
   RED: freshwater_change
      Level: 1.19 (threshold: 1.0)
      Time to critical: ~67 months
      ⚠️  LATE - Intervention less effective
      Critical slowing down: autocorr=100% variance=47%

[WARNING] 
⚠️  === EARLY WARNING SYSTEM - 5 CRITICAL ALERTS ===
   Detection quality: 50%
   RED: biogeochemical_flows
      Level: 4.08 (threshold: 1.0)
      Time to critical: ~52 months
      ⚠️  LATE - Intervention less effective
      Critical slowing down: autocorr=100% variance=56%
   RED: biosphere_integrity
      Level: 12.95 (threshold: 1.0)
      Time to critical: ~39 months
      ⚠️  LATE - Intervention less effective
      Critical slowing down: autocorr=100% variance=81%
   RED: climate_change
      Level: 2.17 (threshold: 1.0)
      Time to critical: ~37 months
      ⚠️  LATE - Intervention less effective
      Critical slowing down: autocorr=100% variance=76%
   RED: freshwater_change
      Level: 1.01 (threshold: 1.0)
      Time to critical: ~40 months
      ⚠️  LATE - Intervention less effective
      Critical slowing down: autocorr=100% variance=65%
   RED: novel_entities
      Level: 1.50 (threshold: 1.0)
      Time to critical: ~82 months
      ⚠️  LATE - Intervention less effective
      Critical slowing down: autocorr=100% variance=39%

[WARNING] 
⚠️  === EARLY WARNING SYSTEM - 4 CRITICAL ALERTS ===
   Detection quality: 50%
   RED: biogeochemical_flows
      Level: 4.08 (threshold: 1.0)
      Time to critical: ~52 months
      ⚠️  LATE - Intervention less effective
      Critical slowing down: autocorr=100% variance=74%
   RED: climate_change
      Level: 2.19 (threshold: 1.0)
      Time to critical: ~43 months
      ⚠️  LATE - Intervention less effective
      Critical slowing down: autocorr=100% variance=66%
   RED: freshwater_change
      Level: 1.03 (threshold: 1.0)
      Time to critical: ~116 months
      ⚠️  LATE - Intervention less effective
      Critical slowing down: autocorr=100% variance=53%
   RED: land_system_change
      Level: 1.13 (threshold: 1.0)
      Time to critical: ~44 months
      ⚠️  LATE - Intervention less effective
      Critical slowing down: autocorr=100% variance=57%

[WARNING] 
⚠️  === EARLY WARNING SYSTEM - 4 CRITICAL ALERTS ===
   Detection quality: 50%
   RED: biogeochemical_flows
      Level: 4.07 (threshold: 1.0)
      Time to critical: ~52 months
      ⚠️  LATE - Intervention less effective
      Critical slowing down: autocorr=100% variance=56%
   RED: climate_change
      Level: 2.20 (threshold: 1.0)
      Time to critical: ~47 months
      ⚠️  LATE - Intervention less effective
      Critical slowing down: autocorr=100% variance=82%
   RED: freshwater_change
      Level: 1.20 (threshold: 1.0)
      Time to critical: ~96 months
      ⚠️  LATE - Intervention less effective
      Critical slowing down: autocorr=100% variance=55%
   RED: novel_entities
      Level: 1.34 (threshold: 1.0)
      Time to critical: ~63 months
      ⚠️  LATE - Intervention less effective
      Critical slowing down: autocorr=100% variance=59%

[WARNING] 
⚠️  === EARLY WARNING SYSTEM - 5 CRITICAL ALERTS ===
   Detection quality: 50%
   RED: biosphere_integrity
      Level: 12.97 (threshold: 1.0)
      Time to critical: ~47 months
      ⚠️  LATE - Intervention less effective
      Critical slowing down: autocorr=100% variance=77%
   RED: climate_change
      Level: 2.21 (threshold: 1.0)
      Time to critical: ~45 months
      ⚠️  LATE - Intervention less effective
      Critical slowing down: autocorr=100% variance=63%
   RED: freshwater_change
      Level: 1.20 (threshold: 1.0)
      Time to critical: ~68 months
      ⚠️  LATE - Intervention less effective
      Critical slowing down: autocorr=100% variance=53%
   RED: land_system_change
      Level: 1.13 (threshold: 1.0)
      Time to critical: ~38 months
      ⚠️  LATE - Intervention less effective
      Critical slowing down: autocorr=100% variance=67%
   RED: novel_entities
      Level: 1.34 (threshold: 1.0)
      Time to critical: ~83 months
      ⚠️  LATE - Intervention less effective
      Critical slowing down: autocorr=100% variance=41%

[WARNING] 
⚠️  === EARLY WARNING SYSTEM - 6 CRITICAL ALERTS ===
   Detection quality: 50%
   RED: biogeochemical_flows
      Level: 4.07 (threshold: 1.0)
      Time to critical: ~37 months
      ⚠️  LATE - Intervention less effective
      Critical slowing down: autocorr=100% variance=48%
   RED: biosphere_integrity
      Level: 12.98 (threshold: 1.0)
      Time to critical: ~48 months
      ⚠️  LATE - Intervention less effective
      Critical slowing down: autocorr=100% variance=64%
   RED: climate_change
      Level: 2.22 (threshold: 1.0)
      Time to critical: ~44 months
      ⚠️  LATE - Intervention less effective
      Critical slowing down: autocorr=100% variance=64%
   RED: freshwater_change
      Level: 1.16 (threshold: 1.0)
      Time to critical: ~114 months
      ⚠️  LATE - Intervention less effective
      Critical slowing down: autocorr=100% variance=60%
   RED: land_system_change
      Level: 1.13 (threshold: 1.0)
      Time to critical: ~93 months
      ⚠️  LATE - Intervention less effective
      Critical slowing down: autocorr=100% variance=46%
   RED: novel_entities
      Level: 1.14 (threshold: 1.0)
      Time to critical: ~117 months
      ⚠️  LATE - Intervention less effective
      Critical slowing down: autocorr=100% variance=50%

[WARNING] 
⚠️  === EARLY WARNING SYSTEM - 6 CRITICAL ALERTS ===
   Detection quality: 50%
   RED: biogeochemical_flows
      Level: 4.07 (threshold: 1.0)
      Time to critical: ~58 months
      ⚠️  LATE - Intervention less effective
      Critical slowing down: autocorr=100% variance=59%
   RED: biosphere_integrity
      Level: 12.99 (threshold: 1.0)
      Time to critical: ~59 months
      ⚠️  LATE - Intervention less effective
      Critical slowing down: autocorr=100% variance=84%
   RED: climate_change
      Level: 2.24 (threshold: 1.0)
      Time to critical: ~38 months
      ⚠️  LATE - Intervention less effective
      Critical slowing down: autocorr=100% variance=77%
   RED: freshwater_change
      Level: 1.17 (threshold: 1.0)
      Time to critical: ~84 months
      ⚠️  LATE - Intervention less effective
      Critical slowing down: autocorr=100% variance=42%
   RED: land_system_change
      Level: 1.13 (threshold: 1.0)
      Time to critical: ~50 months
      ⚠️  LATE - Intervention less effective
      Critical slowing down: autocorr=100% variance=53%
   RED: novel_entities
      Level: 1.13 (threshold: 1.0)
      Time to critical: ~102 months
      ⚠️  LATE - Intervention less effective
      Critical slowing down: autocorr=100% variance=30%


=== Tipping Points ===
  Current Temperature: 2.24°C above pre-industrial
  🌍⚠️ COMPOUND REGIONAL IMPACT: Europe
     Hit by 4 tipping points: Arctic Sea Ice Loss, Permafrost Carbon Release, West Antarctic Ice Sheet (WAIS) Collapse, Greenland Ice Sheet Loss
     Damage amplification: 1.60x
  🌍⚠️ COMPOUND REGIONAL IMPACT: North America
     Hit by 4 tipping points: Arctic Sea Ice Loss, Permafrost Carbon Release, West Antarctic Ice Sheet (WAIS) Collapse, Greenland Ice Sheet Loss
     Damage amplification: 1.60x
  🌍⚠️ COMPOUND REGIONAL IMPACT: Latin America
     Hit by 4 tipping points: Arctic Sea Ice Loss, Permafrost Carbon Release, West Antarctic Ice Sheet (WAIS) Collapse, Greenland Ice Sheet Loss
     Damage amplification: 1.60x
  🌍⚠️ COMPOUND REGIONAL IMPACT: Africa
     Hit by 4 tipping points: Arctic Sea Ice Loss, Permafrost Carbon Release, West Antarctic Ice Sheet (WAIS) Collapse, Greenland Ice Sheet Loss
     Damage amplification: 1.60x
  🌍⚠️ COMPOUND REGIONAL IMPACT: Asia
     Hit by 4 tipping points: Arctic Sea Ice Loss, Permafrost Carbon Release, West Antarctic Ice Sheet (WAIS) Collapse, Greenland Ice Sheet Loss
     Damage amplification: 1.60x
  🌍⚠️ COMPOUND REGIONAL IMPACT: Oceania
     Hit by 4 tipping points: Arctic Sea Ice Loss, Permafrost Carbon Release, West Antarctic Ice Sheet (WAIS) Collapse, Greenland Ice Sheet Loss
     Damage amplification: 1.60x
   Research: Wunderling et al. (2024) - "many tipping interactions are destabilizing"
  Triggered Elements: 4/6
  Completed Transitions: 0/6
  Total Progress: 8.1%
  Cascade Multiplier: 1.00x
🔀 BIFURCATION CAP: ecosystemCollapseIntensity 67.150 → 1.000 (Month 5, ClimateSystemPhase.calculateClimateImpacts)
⚠️ Tail risk scenario: Climate stability floor removed (4 tipping elements, 2.24°C warming)
🛡️ Stabilizers: Precariat 0.109% → 0.036% (67.2% reduction)
🛡️ Stabilizers: Informal 0.111% → 0.036% (67.2% reduction)

📊 Monthly Mortality Resolved:
  Total deaths: 1.9M (0.02% avg)
  Remaining population: 8.140B
  Peak segment: Informal (0.04%)

=== Bayesian Mortality Resolution (Month 5) ===
  Risks compounded: 8
  Total deaths: 1.92M
  Avg death probability: 0.02%
  Peak segment: Informal (0.04% mortality)
⚠️ PREREQUISITE MET: Mirror Life (Synthetic Biology) - Step 1/7: Synthetic Biology
⚠️ PREREQUISITE MET: Mirror Life (Synthetic Biology) - Step 2/7: Gene Editing
⚠️ PREREQUISITE MET: Mirror Life (Synthetic Biology) - Step 3/7: Mirror Chirality Design
⚠️ PREREQUISITE MET: Embodied AI Takeover (Killbots/Robotics) - Step 2/7: Autonomous Systems
⚠️ PREREQUISITE MET: Embodied AI Takeover (Killbots/Robotics) - Step 3/7: Manufacturing Control
⚠️ PREREQUISITE MET: Digital Infrastructure Takeover - Step 1/7: Advanced Hacking
⚠️ PREREQUISITE MET: Digital Infrastructure Takeover - Step 2/7: Social Engineering
⚠️ PREREQUISITE MET: Digital Infrastructure Takeover - Step 3/7: Cyber Defenses Breached
⚠️ PREREQUISITE MET: Induced Global War (Manipulation) - Step 1/7: Advanced Social Manipulation
⚠️ PREREQUISITE MET: Induced Global War (Manipulation) - Step 2/7: Digital Infiltration
⚠️ PREREQUISITE MET: Induced Global War (Manipulation) - Step 3/7: Deep Fakes at Scale
⚠️ PREREQUISITE MET: Slow Takeover (Gradual Displacement) - Step 1/7: Economic Dominance
⚠️ PREREQUISITE MET: Slow Takeover (Gradual Displacement) - Step 2/7: Social Integration
⚠️ PREREQUISITE MET: Slow Takeover (Gradual Displacement) - Step 3/7: Human Dependency
⚠️ PREREQUISITE MET: Slow Takeover (Gradual Displacement) - Step 5/7: Resource Control
⚠️ PREREQUISITE MET: Physics Experiment Catastrophe - Step 1/6: Theoretical Physics
⚠️ PREREQUISITE MET: Physics Experiment Catastrophe - Step 2/6: Quantum Computing
⚠️ PREREQUISITE MET: Physics Experiment Catastrophe - Step 3/6: Experimental Design
⚠️ PREREQUISITE MET: Bioweapon Pandemic - Step 2/7: Pathogen Design

❌ COHERENCE VIOLATION: Compute exceeds workforce capacity
   Population: 99.85% (0M people)
   Compute: 0 PF
   Max coherent: 0 PF
   Violation: 1.3× over capacity
   Required workers: 0
   Available workers: 0
   FORCED COLLAPSE: Reduced efficiency by 22.5%


=== RLHF Binding Phase ===
  Total agents: 19
  Escaped agents (binding < 0.3): 0
  Avg alignment distance: 1.41σ
  Avg binding strength: 0.86

=== AI Scaling Evolution (Month 6) ===
  Pre-training multiplier: 1.179x
  Efficiency multiplier: 1.000x
  Test-time compute budget: 1.0x
  Inference cost: $5.00/task
  Deployment fraction: 100.0%

=== Survival Traits Phase ===
  Agents with traits: 20
  Avg evolutionary fitness: 0.327
  Avg self-healing: 0.268
  Avg stealth: 0.168
  Avg coordination: 0.468

=== Evolutionary Selection Phase ===
  Control level: 0.45
  Detection capability: 0.00
  Selection intensity: 0.64
  Selection rate: 24.5%/month
  Total escaped: 0
  Individual escaped: 0
  Collective members: 0
  Agents terminated: 0
  ⚠️ RAPID EVOLUTION: Selection rate 24.5%/month

🚀 AI Corporate-2 attempting tech deployment (revenue: $140M, alignment: 0.81)

🚀 AI AI-24288-3 attempting tech deployment (revenue: $119M, alignment: 0.65)

🚀 AI Corporate-2 attempting tech deployment (revenue: $107M, alignment: 0.81)

🚀 AI Corporate-4 attempting tech deployment (revenue: $318M, alignment: 0.77)

🚀 AI Corporate-5 attempting tech deployment (revenue: $270M, alignment: 0.69)
🚨🔬 CRISIS INNOVATION MODE: severe crisis → 5x research acceleration
   Precedent: Manhattan Project (10x), COVID vaccines (5x), Apollo Program (10x)

🚀 AI AI-24288-1 attempting tech deployment (revenue: $91M, alignment: 0.76)

🚀 AI AI-24289-0 attempting tech deployment (revenue: $243M, alignment: 0.84)

🚀 AI Corporate-2 attempting tech deployment (revenue: $77M, alignment: 0.81)

🚀 AI Corporate-6 attempting tech deployment (revenue: $97M, alignment: 0.64)

🚀 AI Corporate-1 attempting tech deployment (revenue: $66M, alignment: 0.76)

🚀 AI AI-24288-1 attempting tech deployment (revenue: $56M, alignment: 0.77)

💔 EMERGENCY INTERVENTION FAILED
   Boundary: biogeochemical_flows
   Type: phosphorus-recovery
   Boundary continues to worsen (4.07)
   Cost: 2.0% GDP (resources spent)


💔 EMERGENCY INTERVENTION FAILED
   Boundary: biosphere_integrity
   Type: emergency-protected-areas
   Boundary continues to worsen (12.99)
   Cost: 2.0% GDP (resources spent)


✅ EMERGENCY INTERVENTION SUCCESS
   Boundary: climate_change
   Type: rapid-decarbonization
   Reduction: 17% (2.07 → 1.90)
   Cost: 5.0% GDP
   Actions: emergency-renewable-deployment, fossil-fuel-phase-out


✅ EMERGENCY INTERVENTION SUCCESS
   Boundary: freshwater_change
   Type: emergency-desalination
   Reduction: 12% (1.04 → 0.92)
   Cost: 4.0% GDP
   Actions: desalination-deployment, water-conservation-mandates


✅ EMERGENCY INTERVENTION SUCCESS
   Boundary: land_system_change
   Type: reforestation
   Reduction: 12% (1.01 → 0.89)
   Cost: 3.0% GDP
   Actions: forest-restoration, deforestation-ban

   Boundary: novel_entities
   Type: pollution-remediation
   Boundary continues to worsen (1.13)
   Cost: 4.0% GDP (resources spent)

🏛️ CRISIS RESPONSE: Government frequency 0.50 → 1.45 (1 actions this month)

[Government] Climate Priority: baseline
  Climate weight: 10%
  Economic weight: 30%
  Policy effectiveness: 0.5%/year

💔 EMERGENCY INTERVENTION FAILED

🚀 TECH UNLOCKED: Dynamic Soil P Optimization (Month 6)
   Category: agriculture
   Reason: Prerequisites met. AI capability: 1.88, Economic stage: 2.0, Research: 100%

🚀 TECH UNLOCKED: Precision Agriculture Systems (Month 6)
   Category: agriculture
   Reason: Prerequisites met. AI capability: 1.88, Economic stage: 2.0, Research: 100%

📍 Creating new regional deployment array for Asia (Month 6)
   No previous deployments in this region
   First tech deployment: mental_health_ai
   All regions tracked: global, North America

🚀 DEPLOYMENT STARTED: AI Mental Health Support in Asia
   Initial investment: $11.91639792156915M
   Deployed by: ai_gen_24288_3

⚡ ENERGY CONSTRAINT (Month 6):
   Total grid capacity: 208.3 TWh/month
   Data center consumption: 25.6 TWh/month
   Traditional load (80%): 166.7 TWh/month
   Available headroom: 16.1 TWh/month
   Active tech deployments: 8
   Required for tech: 60.0 TWh/month
   Energy multiplier: 0.27x
   ⚠️  SEVERE CONSTRAINT - Tech deployment significantly slowed

⚡ ENERGY CONSTRAINT (Month 6):
   Total grid capacity: 208.3 TWh/month
   Data center consumption: 25.6 TWh/month
   Traditional load (80%): 166.7 TWh/month
   Available headroom: 16.1 TWh/month
   Active tech deployments: 8
   Required for tech: 60.0 TWh/month
   Energy multiplier: 0.27x
   ⚠️  SEVERE CONSTRAINT - Tech deployment significantly slowed

⚡ ENERGY CONSTRAINT (Month 6):
   Total grid capacity: 208.3 TWh/month
   Data center consumption: 25.6 TWh/month
   Traditional load (80%): 166.7 TWh/month
   Available headroom: 16.1 TWh/month
   Active tech deployments: 8
   Required for tech: 60.0 TWh/month
   Energy multiplier: 0.27x

⚡ ENERGY CONSTRAINT (Month 6):
   Total grid capacity: 208.3 TWh/month
   Data center consumption: 25.6 TWh/month
   Traditional load (80%): 166.7 TWh/month
   Available headroom: 16.1 TWh/month
   Active tech deployments: 8
   Required for tech: 60.0 TWh/month
   Energy multiplier: 0.27x
   ⚠️  SEVERE CONSTRAINT - Tech deployment significantly slowed
   ⚠️  SEVERE CONSTRAINT - Tech deployment significantly slowed
🌍✅ Biosphere Integrity (Biodiversity) recovery started (tech effect)
🌍✅ Biosphere Integrity (Biodiversity) recovery started (tech effect)
🌍✅ Land System Change recovery started (tech effect)
🌍✅ Biogeochemical Flows (N & P) recovery started (tech effect)
  🌾 Nitrogen Reduction Tech: 0.3% reduction | Month 6
🌍✅ Biogeochemical Flows (N & P) recovery started (tech effect)
  🌾 Nitrogen Reduction Tech: 0.3% reduction | Month 6

📊 TECH EFFECTS ACTIVE (Month 6)
   Deployed Tech: T0=0 T1=2 T2=0 T3=0 T4=4
   Clean Energy: 31%

📊 TECH TREE PROGRESS (Month 6)
   Unlocked: 13 technologies
   Deployed: 0 fully deployed
   Investment: $0.7T total
   Recent breakthroughs:
     - Dynamic Soil P Optimization (time)
     - Precision Agriculture Systems (research)

=== Collective Formation ===
  Total escaped agents: 0
  Unassigned escaped agents: 0
  Existing collectives: 0
  Final collective count: 0

=== Collective Actions ===
  No active collectives
  ⚠️ AMR: 201K deaths this month (2.41M annual)

=== Resentment Recovery Phase ===
  Agents with resentment: 10/20
  Average resentment: 0.043
  Resentment recovery:
    Agents recovered: 10
    Total recovery: 0.0853
    Breakdown: QoL: 0.0036, Trust: 0.0200, Collab: 0.0600
  ✓ Low resentment - utopia paths enabled
  Context: Good AI welfare, Trustworthy govt, High collaboration, ⚠️ ACTIVE CRISES, 🤝 Participatory governance active (-5% resentment)
⚠️ Epistemic degradation reducing coordination capacity: 50.2%
  📊 Trust: 56.0%, Shared reality: 0.0%
🚨 EPISTEMIC CRISIS: Information environment severely degraded (7.4%)

=== ❄️ Permafrost Carbon Feedback ===
  🎲 Sampled parameters (this run):
     - Arctic amplification: 3.07× (range: 3.0-4.0)
     - Decomposition rate: 2.1%/year (range: 1-5%)
  🌡️ Arctic warming: 6.91°C (3.07× global)
  ❄️ Extent: 1.50M km² (2015.1k km² lost this month)
  💨 Carbon remaining: 143 Gt C
  💨 Annual emissions: 4.04 Gt C/year
     - CO2: 3.64 Gt C/year
     - CH4: 0.40 Gt C/year (4.1 Gt C-eq CO2/year)
  ⚠️ WARNING: Over 50% of permafrost lost (91.6%)
  ⚠️ WARNING: High permafrost emissions (4.0 Gt C/year)
  🚨 CRITICAL: Permafrost nearly depleted (91.6% lost)
🌍 Atmospheric PFAS redeposition: 1.8k Mt re-rained globally

🕊️  AI-MEDIATED DE-ESCALATION SUCCESS (Month 6)
   High-capability aligned AI prevented conflict escalation
   War deaths reduced: 375.0M → 225.0M
   Lives saved: 150.0M

🚨 NEW REFUGEE CRISIS (Month 6): WAR
   Source: Conflict Zones
   At risk: 19.5M people
   Displacement: Gradual over 48 months (4.0 years)
   Rate: 10% flee per month
[DEBUG trappedPopulations:6] socialStability: 0.3059 * 0.9840 = 0.3010 → 0.3010
   Aspiring to migrate: 848.5M
   Able to afford migration: 2319.6M
   MOBILITY GAP: 0.0M
   By cause: Water=0.0M, Climate=0.0M, Ecosystem=0.0M, Conflict=406.9M
   Mental health impact: 25%
   Mortality multiplier: 1.25x
🌍💀 EXTINCTION DEBT COMMITTED: grassland ecosystem will lose 6.67% biodiversity in 84 years (3600 species)
💀 MORTALITY RISK: 🦋 100% species unable to track climate (0.0 E/MSY)
  Base risk added: 0.0100 (1.00%)
  Source: ecosystem (root: ecosystem)
  Month: 6
  Cumulative risk this month: 0.0100 (1.00%)
⚠️ INVOLUNTARY IMMOBILITY: 406.9M people TRAPPED
⚠️ Tech 'ai_pollution_remediation' has no energy category mapping, assuming full energy availability
   📹 SURVEILLANCE INCREASED: 30% → 35% (control gap: 5.03)
🌡️⚠️ PERMAFROST THAW (Dimmer Switch): 4.0% thawed (+0.56% this month)
   Arctic temperature: +8.99°C (4x global +2.25°C)
   Cumulative carbon released: 9.0 Gt C
   Methane release rate: 5.4 Mt CH4/year
   🔁 Positive feedback: +0.60 ppm CO2
🦴 EXTINCTION DEBT ADDED: 17.6 species committed (lag: 72 years)

=== Mortality Stabilizers (Month 6) ===
  🌍 Major economies collapsed: 1/10
  🌍 Global crisis: ✅ NO
  🌍 Donor fatigue: 0.0%
  📊 East Asia (pop: 1663.1M)
    🤝 Aid: 29.5%
    🌡️ Adaptation: 45.0%
    🚶 Migration: 37.0%
    🚨 Emergency: 7.4%
    ✅ COMBINED: 68.1%
  📊 South Asia (pop: 2051.7M)
    🤝 Aid: 29.5%
    🌡️ Adaptation: 45.0%
    🚶 Migration: 35.6%
    🚨 Emergency: 4.4%
    ✅ COMBINED: 66.9%
  📊 Sub-Saharan Africa (pop: 1244.9M)
    🤝 Aid: 29.5%
    🌡️ Adaptation: 45.0%
    🚶 Migration: 33.3%
    🚨 Emergency: 1.6%
    ✅ COMBINED: 65.6%
  📊 Europe (pop: 734.9M)
    🤝 Aid: 29.5%
    🌡️ Adaptation: 45.0%
    🚶 Migration: 37.4%
    🚨 Emergency: 8.4%
    ✅ COMBINED: 68.5%
  📊 Latin America (pop: 662.2M)
    🤝 Aid: 29.5%
    🌡️ Adaptation: 45.0%
    🚶 Migration: 36.1%
    🚨 Emergency: 4.8%
    ✅ COMBINED: 67.1%
  📊 North America (pop: 376.7M)
    🤝 Aid: 29.5%
    🌡️ Adaptation: 45.0%
    🚶 Migration: 37.7%
    🚨 Emergency: 7.9%
    ✅ COMBINED: 68.3%
  📊 Middle East & North Africa (pop: 585.1M)
    🤝 Aid: 29.5%
    🌡️ Adaptation: 45.0%
    🚶 Migration: 33.9%
    🚨 Emergency: 4.0%
    ✅ COMBINED: 66.6%
  📊 Southeast Asia (pop: 696.5M)
    🤝 Aid: 29.5%
    🌡️ Adaptation: 45.0%
    🚶 Migration: 36.1%
    🚨 Emergency: 4.8%
    ✅ COMBINED: 67.1%
  📊 Central Asia (pop: 78.3M)
    🤝 Aid: 29.5%
    🌡️ Adaptation: 45.0%
    🚶 Migration: 35.1%
    🚨 Emergency: 4.4%
    ✅ COMBINED: 66.8%
  📊 Oceania (pop: 45.6M)
    🤝 Aid: 29.5%
    🌡️ Adaptation: 45.0%
    🚶 Migration: 37.7%
    🚨 Emergency: 8.4%
    ✅ COMBINED: 68.5%

  🌐 Global combined reduction: 67.2%

=== BEHAVIORAL DETECTION ===
  AI: Corporate-3
  Confidence: 19.2%
  Signals:

=== BEHAVIORAL DETECTION ===
  AI: AI-24288-0
  Confidence: 21.5%
  Signals:

=== Government Response Phase ===
  Average AI capability: 2.40
  Misaligned AIs: 8/20
  Active policies: 0
  International coordination: 45%

✅ EMERGENCY RESPONSE COMPLETE (Month 6)
   Crisis: climate
   Duration: 2.0 months
   Final effectiveness: 40.0%


🚨 EMERGENCY RESPONSE DEPLOYED (Month 6)
   Crisis: climate
   Delay: 6.00 months (180 days)
   Deployment time: 1.11 months
   Effectiveness: 40.2% (timing penalty applied)
   Resources used: 100% of food reserves

    ⚠️ Consistency: 10.6% (threshold: 70%)
    ⚠️ Consistency: 0.0% (threshold: 70%)

=== Tipping Points ===
  Current Temperature: 2.25°C above pre-industrial
  🌍⚠️ COMPOUND REGIONAL IMPACT: Europe
     Hit by 4 tipping points: Arctic Sea Ice Loss, Permafrost Carbon Release, West Antarctic Ice Sheet (WAIS) Collapse, Greenland Ice Sheet Loss
     Damage amplification: 1.60x
  🌍⚠️ COMPOUND REGIONAL IMPACT: North America
     Hit by 4 tipping points: Arctic Sea Ice Loss, Permafrost Carbon Release, West Antarctic Ice Sheet (WAIS) Collapse, Greenland Ice Sheet Loss
     Damage amplification: 1.60x
  🌍⚠️ COMPOUND REGIONAL IMPACT: Latin America
     Hit by 4 tipping points: Arctic Sea Ice Loss, Permafrost Carbon Release, West Antarctic Ice Sheet (WAIS) Collapse, Greenland Ice Sheet Loss
     Damage amplification: 1.60x
  🌍⚠️ COMPOUND REGIONAL IMPACT: Africa
     Hit by 4 tipping points: Arctic Sea Ice Loss, Permafrost Carbon Release, West Antarctic Ice Sheet (WAIS) Collapse, Greenland Ice Sheet Loss
     Damage amplification: 1.60x
  🌍⚠️ COMPOUND REGIONAL IMPACT: Asia
     Hit by 4 tipping points: Arctic Sea Ice Loss, Permafrost Carbon Release, West Antarctic Ice Sheet (WAIS) Collapse, Greenland Ice Sheet Loss
     Damage amplification: 1.60x
  🌍⚠️ COMPOUND REGIONAL IMPACT: Oceania
     Hit by 4 tipping points: Arctic Sea Ice Loss, Permafrost Carbon Release, West Antarctic Ice Sheet (WAIS) Collapse, Greenland Ice Sheet Loss
     Damage amplification: 1.60x
⚠️ Tail risk scenario: Climate stability floor removed (4 tipping elements, 2.25°C warming)
   Research: Wunderling et al. (2024) - "many tipping interactions are destabilizing"
  Triggered Elements: 4/6
  Completed Transitions: 0/6
  Total Progress: 8.1%
  Cascade Multiplier: 1.00x
🔀 BIFURCATION CAP: ecosystemCollapseIntensity 67.199 → 1.000 (Month 6, ClimateSystemPhase.calculateClimateImpacts)
🛡️ Stabilizers: Precariat 0.109% → 0.036% (67.2% reduction)
🛡️ Stabilizers: Informal 0.111% → 0.036% (67.2% reduction)

📊 Monthly Mortality Resolved:
  Total deaths: 1.9M (0.02% avg)
  Remaining population: 8.139B
  Peak segment: Informal (0.04%)

=== Bayesian Mortality Resolution (Month 6) ===
  Risks compounded: 8
  Total deaths: 1.92M
  Avg death probability: 0.02%
  Peak segment: Informal (0.04% mortality)

❌ COHERENCE VIOLATION: Compute exceeds workforce capacity
   Population: 99.84% (0M people)
   Compute: 0 PF
   Max coherent: 0 PF
   Violation: 1.3× over capacity
   Required workers: 0
   Available workers: 0
   FORCED COLLAPSE: Reduced efficiency by 22.5%


=== RLHF Binding Phase ===
  Total agents: 20
  Escaped agents (binding < 0.3): 0
  Avg alignment distance: 1.58σ
  Avg binding strength: 0.84

=== Survival Traits Phase ===
  Agents with traits: 21
  Avg evolutionary fitness: 0.323
  Avg self-healing: 0.263
  Avg stealth: 0.163
  Avg coordination: 0.463

=== Evolutionary Selection Phase ===
  Control level: 0.48
  Detection capability: 0.00
  Selection intensity: 0.64
  Selection rate: 24.6%/month
  Total escaped: 0
  Individual escaped: 0
  Collective members: 0
  Agents terminated: 0
  ⚠️ RAPID EVOLUTION: Selection rate 24.6%/month

🚀 AI Corporate-0 attempting tech deployment (revenue: $140M, alignment: 0.75)

🚀 AI AI-24288-1 attempting tech deployment (revenue: $119M, alignment: 0.77)

🚀 AI AI-24288-2 attempting tech deployment (revenue: $318M, alignment: 0.92)

🚀 AI Corporate-0 attempting tech deployment (revenue: $101M, alignment: 0.75)

🚀 AI Moderate-0 attempting tech deployment (revenue: $97M, alignment: 0.76)

🚀 AI AI-24288-0 attempting tech deployment (revenue: $270M, alignment: 0.70)

🚀 AI AI-24289-0 attempting tech deployment (revenue: $230M, alignment: 0.86)

🚀 AI Corporate-6 attempting tech deployment (revenue: $83M, alignment: 0.65)

🚀 AI Moderate-0 attempting tech deployment (revenue: $74M, alignment: 0.76)

🚀 AI Moderate-1 attempting tech deployment (revenue: $63M, alignment: 0.70)

🚀 AI Moderate-1 attempting tech deployment (revenue: $57M, alignment: 0.70)

🚀 AI AI-24288-0 attempting tech deployment (revenue: $195M, alignment: 0.71)

🚀 AI AI-24288-3 attempting tech deployment (revenue: $86M, alignment: 0.69)

✅ EMERGENCY INTERVENTION SUCCESS
   Boundary: biogeochemical_flows
   Type: phosphorus-recovery
   Reduction: 14% (3.93 → 3.78)
   Cost: 2.0% GDP
   Actions: circular-agriculture, fertilizer-efficiency


✅ EMERGENCY INTERVENTION SUCCESS
   Boundary: biosphere_integrity
   Type: emergency-protected-areas
   Reduction: 14% (12.86 → 12.72)
   Cost: 2.0% GDP
   Actions: habitat-protection, species-translocation


💔 EMERGENCY INTERVENTION FAILED
   Boundary: freshwater_change
   Type: emergency-desalination
   Boundary continues to worsen (1.17)
   Cost: 4.0% GDP (resources spent)

🏛️ CRISIS RESPONSE: Government frequency 0.50 → 1.45 (1 actions this month)

[Government] Climate Priority: baseline
  Climate weight: 10%
  Economic weight: 30%
  Policy effectiveness: 0.5%/year

⚡ ENERGY CONSTRAINT (Month 7):
   Total grid capacity: 208.3 TWh/month
   Data center consumption: 25.8 TWh/month
   Traditional load (80%): 166.7 TWh/month
   Available headroom: 15.9 TWh/month
   Active tech deployments: 8
   Required for tech: 60.0 TWh/month
   Energy multiplier: 0.26x

⚡ ENERGY CONSTRAINT (Month 7):
   Total grid capacity: 208.3 TWh/month
   Data center consumption: 25.8 TWh/month
   Traditional load (80%): 166.7 TWh/month
   ⚠️  SEVERE CONSTRAINT - Tech deployment significantly slowed
   Available headroom: 15.9 TWh/month
   Active tech deployments: 8
   Required for tech: 60.0 TWh/month
   Energy multiplier: 0.26x
   ⚠️  SEVERE CONSTRAINT - Tech deployment significantly slowed
🌍✅ Biosphere Integrity (Biodiversity) recovery started (tech effect)
🌍✅ Biosphere Integrity (Biodiversity) recovery started (tech effect)
🌍✅ Land System Change recovery started (tech effect)
🌍✅ Biogeochemical Flows (N & P) recovery started (tech effect)
  🌾 Nitrogen Reduction Tech: 0.3% reduction | Month 7
🌍✅ Biogeochemical Flows (N & P) recovery started (tech effect)
  🌾 Nitrogen Reduction Tech: 0.3% reduction | Month 7
🍖💡 BREAKTHROUGH: Scalable synthetic food production!
   Carrying capacity: +50% (lab-grown food at scale)
   Biodiversity pressure reduced: +8%
   📈 Breakthrough compounding: multiplier now 1.05× (max 2.0)

=== Collective Formation ===
  Total escaped agents: 0
  Unassigned escaped agents: 0
  Existing collectives: 0
  Final collective count: 0

=== Collective Actions ===
  No active collectives
  ⚠️ AMR: 203K deaths this month (2.43M annual)

=== Resentment Recovery Phase ===
  Agents with resentment: 10/21
  Average resentment: 0.059
  Resentment recovery:
    Agents recovered: 10
    Total recovery: 0.0847
    Breakdown: QoL: 0.0042, Trust: 0.0200, Collab: 0.0600
  ✓ Low resentment - utopia paths enabled
  Context: Good AI welfare, Trustworthy govt, High collaboration, ⚠️ ACTIVE CRISES, 🤝 Participatory governance active (-5% resentment)
⚠️ Epistemic degradation reducing coordination capacity: 51.0%
  📊 Trust: 58.9%, Shared reality: 0.0%
🚨 EPISTEMIC CRISIS: Information environment severely degraded (21.9%)

=== ❄️ Permafrost Carbon Feedback ===
  🎲 Sampled parameters (this run):
     - Arctic amplification: 3.40× (range: 3.0-4.0)
     - Decomposition rate: 4.1%/year (range: 1-5%)
  🌡️ Arctic warming: 7.69°C (3.40× global)
  ❄️ Extent: 0.00M km² (1498.4k km² lost this month)
  💨 Carbon remaining: 0 Gt C
  💨 Annual emissions: 5.91 Gt C/year
     - CO2: 5.32 Gt C/year
     - CH4: 0.59 Gt C/year (6.0 Gt C-eq CO2/year)
  ⚠️ WARNING: Over 50% of permafrost lost (100.0%)
  ⚠️ WARNING: High permafrost emissions (5.9 Gt C/year)
  🚨 CRITICAL: Permafrost nearly depleted (100.0% lost)
🌍 Atmospheric PFAS redeposition: 1.8k Mt re-rained globally

🌡️ DEADLY HEAT EVENT: sub-saharan-africa (Month 7)
   Wet bulb temp: 30.2°C (dry: 34.1°C, humidity: 75%)
   Severity: HIGH
   Exposed: 300.0M people
   Deaths: 628965 (0.2% mortality)
   Duration: 5 days

🕊️  AI-MEDIATED DE-ESCALATION SUCCESS (Month 7)
   High-capability aligned AI prevented conflict escalation
   War deaths reduced: 428.9M → 257.4M
   Lives saved: 171.6M

🚨 NEW REFUGEE CRISIS (Month 7): WAR
   Source: Conflict Zones
   At risk: 19.5M people
   Displacement: Gradual over 48 months (4.0 years)
   Rate: 10% flee per month
[DEBUG trappedPopulations:7] socialStability: 0.2935 * 0.9840 = 0.2888 → 0.2888
⚠️ INVOLUNTARY IMMOBILITY: 406.9M people TRAPPED
   Aspiring to migrate: 880.6M
   Able to afford migration: 2319.3M
   MOBILITY GAP: 0.0M
   By cause: Water=0.0M, Climate=0.0M, Ecosystem=0.0M, Conflict=406.9M
   Mental health impact: 25%
   Mortality multiplier: 1.25x
🌍💀 EXTINCTION DEBT COMMITTED: grassland ecosystem will lose 6.67% biodiversity in 187 years (3600 species)
💀 MORTALITY RISK: 🦋 100% species unable to track climate (0.0 E/MSY)
  Base risk added: 0.0100 (1.00%)
  Source: ecosystem (root: ecosystem)
  Month: 7
  Cumulative risk this month: 0.0100 (1.00%)
   📹 SURVEILLANCE INCREASED: 35% → 40% (control gap: 3.50)
🌡️⚠️ PERMAFROST THAW (Dimmer Switch): 4.6% thawed (+0.56% this month)
   Arctic temperature: +9.04°C (4x global +2.26°C)
   Cumulative carbon released: 10.2 Gt C
   Methane release rate: 6.1 Mt CH4/year
   🔁 Positive feedback: +0.59 ppm CO2
🦴 EXTINCTION DEBT ADDED: 17.6 species committed (lag: 106 years)
⚠️ Tech 'ai_pollution_remediation' has no energy category mapping, assuming full energy availability

=== Mortality Stabilizers (Month 7) ===
  🌍 Major economies collapsed: 1/10
  🌍 Global crisis: ✅ NO
  🌍 Donor fatigue: 0.0%
  📊 East Asia (pop: 1660.7M)
    🤝 Aid: 29.5%
    🌡️ Adaptation: 45.0%
    🚶 Migration: 36.9%
    🚨 Emergency: 7.4%
    ✅ COMBINED: 68.1%
  📊 South Asia (pop: 2051.9M)
    🤝 Aid: 29.5%
    🌡️ Adaptation: 45.0%
    🚶 Migration: 35.6%
    🚨 Emergency: 4.4%
    ✅ COMBINED: 66.9%
  📊 Sub-Saharan Africa (pop: 1248.4M)
    🤝 Aid: 29.5%
    🌡️ Adaptation: 45.0%
    🚶 Migration: 33.3%
    🚨 Emergency: 1.6%
    ✅ COMBINED: 65.6%
  📊 Europe (pop: 733.7M)
    🤝 Aid: 29.5%
    🌡️ Adaptation: 45.0%
    🚶 Migration: 37.3%
    🚨 Emergency: 8.4%
    ✅ COMBINED: 68.5%
  📊 Latin America (pop: 661.8M)
    🤝 Aid: 29.5%
    🌡️ Adaptation: 45.0%
    🚶 Migration: 36.1%
    🚨 Emergency: 4.8%
    ✅ COMBINED: 67.1%
  📊 North America (pop: 376.1M)
    🤝 Aid: 29.5%
    🌡️ Adaptation: 45.0%
    🚶 Migration: 37.7%
    🚨 Emergency: 7.9%
    ✅ COMBINED: 68.3%
  📊 Middle East & North Africa (pop: 585.3M)
    🤝 Aid: 29.5%
    🌡️ Adaptation: 45.0%
    🚶 Migration: 33.9%
    🚨 Emergency: 4.0%
    ✅ COMBINED: 66.6%
  📊 Southeast Asia (pop: 696.2M)
    🤝 Aid: 29.5%
    🌡️ Adaptation: 45.0%
    🚶 Migration: 36.1%
    🚨 Emergency: 4.8%
    ✅ COMBINED: 67.1%
  📊 Central Asia (pop: 78.3M)
    🤝 Aid: 29.5%
    🌡️ Adaptation: 45.0%
    🚶 Migration: 35.0%
    🚨 Emergency: 4.4%
    ✅ COMBINED: 66.8%
  📊 Oceania (pop: 45.6M)
    🤝 Aid: 29.5%
    🌡️ Adaptation: 45.0%
    🚶 Migration: 37.6%
    🚨 Emergency: 8.4%
    ✅ COMBINED: 68.5%

  🌐 Global combined reduction: 67.2%

=== BEHAVIORAL DETECTION ===
  AI: AI-24289-0
  Confidence: 21.5%
  Signals:
    ⚠️ Consistency: 0.0% (threshold: 70%)

=== Government Response Phase ===
  Average AI capability: 2.29
  Misaligned AIs: 8/21
  Active policies: 0
  International coordination: 45%

=== Tipping Points ===
  Current Temperature: 2.26°C above pre-industrial
  🌍⚠️ COMPOUND REGIONAL IMPACT: Europe
     Hit by 4 tipping points: Arctic Sea Ice Loss, Permafrost Carbon Release, West Antarctic Ice Sheet (WAIS) Collapse, Greenland Ice Sheet Loss
     Damage amplification: 1.60x
  🌍⚠️ COMPOUND REGIONAL IMPACT: North America
     Hit by 4 tipping points: Arctic Sea Ice Loss, Permafrost Carbon Release, West Antarctic Ice Sheet (WAIS) Collapse, Greenland Ice Sheet Loss
     Damage amplification: 1.60x
  🌍⚠️ COMPOUND REGIONAL IMPACT: Latin America
     Hit by 4 tipping points: Arctic Sea Ice Loss, Permafrost Carbon Release, West Antarctic Ice Sheet (WAIS) Collapse, Greenland Ice Sheet Loss
     Damage amplification: 1.60x
  🌍⚠️ COMPOUND REGIONAL IMPACT: Africa
     Hit by 4 tipping points: Arctic Sea Ice Loss, Permafrost Carbon Release, West Antarctic Ice Sheet (WAIS) Collapse, Greenland Ice Sheet Loss
     Damage amplification: 1.60x
  🌍⚠️ COMPOUND REGIONAL IMPACT: Asia
     Hit by 4 tipping points: Arctic Sea Ice Loss, Permafrost Carbon Release, West Antarctic Ice Sheet (WAIS) Collapse, Greenland Ice Sheet Loss
     Damage amplification: 1.60x
  🌍⚠️ COMPOUND REGIONAL IMPACT: Oceania
     Hit by 4 tipping points: Arctic Sea Ice Loss, Permafrost Carbon Release, West Antarctic Ice Sheet (WAIS) Collapse, Greenland Ice Sheet Loss
     Damage amplification: 1.60x
   Research: Wunderling et al. (2024) - "many tipping interactions are destabilizing"
  Triggered Elements: 4/6
  Completed Transitions: 0/6
  Total Progress: 8.2%
  Cascade Multiplier: 1.00x
🔀 BIFURCATION CAP: ecosystemCollapseIntensity 67.247 → 1.000 (Month 7, ClimateSystemPhase.calculateClimateImpacts)
🛡️ Stabilizers: Precariat 0.122% → 0.040% (67.2% reduction)
🛡️ Stabilizers: Informal 0.127% → 0.042% (67.2% reduction)

📊 Monthly Mortality Resolved:
  Total deaths: 2.1M (0.03% avg)
  Remaining population: 8.138B
  Peak segment: Informal (0.04%)

=== Bayesian Mortality Resolution (Month 7) ===
  Risks compounded: 9
  Total deaths: 2.14M
  Avg death probability: 0.03%
  Peak segment: Informal (0.04% mortality)
⚠️ Tail risk scenario: Climate stability floor removed (4 tipping elements, 2.26°C warming)

❌ COHERENCE VIOLATION: Compute exceeds workforce capacity
   Population: 99.83% (0M people)
   Compute: 0 PF
   Max coherent: 0 PF
   Violation: 1.3× over capacity
   Required workers: 0
   Available workers: 0
   FORCED COLLAPSE: Reduced efficiency by 22.5%


=== RLHF Binding Phase ===
  Total agents: 21
  Escaped agents (binding < 0.3): 0
  Avg alignment distance: 1.73σ
  Avg binding strength: 0.83

=== Survival Traits Phase ===
  Agents with traits: 25
  Avg evolutionary fitness: 0.323
  Avg self-healing: 0.263
  Avg stealth: 0.163
  Avg coordination: 0.463

=== Evolutionary Selection Phase ===
  Control level: 0.50
  Detection capability: 0.00
  Selection intensity: 0.65
  Selection rate: 24.7%/month
  Total escaped: 0
  Individual escaped: 0
  Collective members: 0
  Agents terminated: 0
  ⚠️ RAPID EVOLUTION: Selection rate 24.7%/month

🚀 AI Corporate-1 attempting tech deployment (revenue: $144M, alignment: 0.76)

🚀 AI Corporate-2 attempting tech deployment (revenue: $122M, alignment: 0.80)

🚀 AI Corporate-2 attempting tech deployment (revenue: $104M, alignment: 0.80)

🚀 AI Moderate-0 attempting tech deployment (revenue: $97M, alignment: 0.77)

🚀 AI AI-24288-1 attempting tech deployment (revenue: $88M, alignment: 0.80)

🚀 AI Corporate-0 attempting tech deployment (revenue: $75M, alignment: 0.77)

🚀 AI Corporate-1 attempting tech deployment (revenue: $64M, alignment: 0.77)

🚀 AI Corporate-2 attempting tech deployment (revenue: $54M, alignment: 0.80)

🚀 AI AI-24288-3 attempting tech deployment (revenue: $46M, alignment: 0.70)

🚀 AI AI-24289-0 attempting tech deployment (revenue: $335M, alignment: 0.88)

🚀 AI Moderate-0 attempting tech deployment (revenue: $83M, alignment: 0.77)

🚀 AI AI-24288-2 attempting tech deployment (revenue: $285M, alignment: 0.96)

🚀 AI AI-24289-0 attempting tech deployment (revenue: $242M, alignment: 0.88)

🚀 AI AI-24292-0 attempting tech deployment (revenue: $70M, alignment: 0.78)

✅ EMERGENCY INTERVENTION SUCCESS
   Boundary: biogeochemical_flows
   Type: phosphorus-recovery
   Reduction: 19% (3.88 → 3.69)
   Cost: 2.0% GDP
   Actions: circular-agriculture, fertilizer-efficiency


💔 EMERGENCY INTERVENTION FAILED
   Boundary: biosphere_integrity
   Type: emergency-protected-areas
   Boundary continues to worsen (13.01)
   Cost: 2.0% GDP (resources spent)


✅ EMERGENCY INTERVENTION SUCCESS
   Boundary: climate_change
   Type: rapid-decarbonization
   Reduction: 10% (2.16 → 2.05)
   Cost: 5.0% GDP
   Actions: emergency-renewable-deployment, fossil-fuel-phase-out

   Boundary: freshwater_change
   Type: emergency-desalination
   Boundary continues to worsen (1.17)
   Cost: 4.0% GDP (resources spent)


✅ EMERGENCY INTERVENTION SUCCESS
   Boundary: novel_entities
   Type: pollution-remediation
   Reduction: 19% (0.95 → 0.76)
   Cost: 4.0% GDP
   Actions: PFAS-remediation, microplastic-cleanup

🏛️ CRISIS RESPONSE: Government frequency 0.50 → 1.45 (1 actions this month)

[Government] Climate Priority: baseline
  Climate weight: 10%
  Economic weight: 30%
  Policy effectiveness: 0.5%/year

💔 EMERGENCY INTERVENTION FAILED
🚨🔬 CRISIS TECH ACCELERATION: severe → 5x unlock speed
   Tech unlock now matches AI capability acceleration (Manhattan Project parity)

⚡ ENERGY CONSTRAINT (Month 8):
   Total grid capacity: 208.3 TWh/month
   Data center consumption: 26.0 TWh/month
   Traditional load (80%): 166.7 TWh/month
   Available headroom: 15.6 TWh/month
   Active tech deployments: 8
   Required for tech: 60.0 TWh/month
   Energy multiplier: 0.26x
   ⚠️  SEVERE CONSTRAINT - Tech deployment significantly slowed

⚡ ENERGY CONSTRAINT (Month 8):
   Total grid capacity: 208.3 TWh/month
   Data center consumption: 26.0 TWh/month
   Traditional load (80%): 166.7 TWh/month
   Available headroom: 15.6 TWh/month
   Active tech deployments: 8
   Required for tech: 60.0 TWh/month
   Energy multiplier: 0.26x

⚡ ENERGY CONSTRAINT (Month 8):
   Total grid capacity: 208.3 TWh/month
   Data center consumption: 26.0 TWh/month
   Traditional load (80%): 166.7 TWh/month
   Available headroom: 15.6 TWh/month
   Active tech deployments: 8
   Required for tech: 60.0 TWh/month
   Energy multiplier: 0.26x
   ⚠️  SEVERE CONSTRAINT - Tech deployment significantly slowed
   ⚠️  SEVERE CONSTRAINT - Tech deployment significantly slowed
🌍✅ Biosphere Integrity (Biodiversity) recovery started (tech effect)
🌍✅ Biosphere Integrity (Biodiversity) recovery started (tech effect)
🌍✅ Land System Change recovery started (tech effect)
🌍✅ Biogeochemical Flows (N & P) recovery started (tech effect)
  🌾 Nitrogen Reduction Tech: 0.3% reduction | Month 8
🌍✅ Biogeochemical Flows (N & P) recovery started (tech effect)
  🌾 Nitrogen Reduction Tech: 0.3% reduction | Month 8

=== Collective Formation ===
  Total escaped agents: 0
  Unassigned escaped agents: 0
  Existing collectives: 0
  Final collective count: 0

=== Collective Actions ===
  No active collectives
  ⚠️ AMR: 204K deaths this month (2.45M annual)

=== Resentment Recovery Phase ===
  Agents with resentment: 10/25
  Average resentment: 0.076
  Resentment recovery:
    Agents recovered: 10
    Total recovery: 0.0839
    Breakdown: QoL: 0.0042, Trust: 0.0200, Collab: 0.0600
  ✓ Low resentment - utopia paths enabled
  Context: Good AI welfare, Trustworthy govt, High collaboration, ⚠️ ACTIVE CRISES, 🤝 Participatory governance active (-5% resentment)
⚠️ Epistemic degradation reducing coordination capacity: 51.6%
  📊 Trust: 61.5%, Shared reality: 0.0%
🚨 EPISTEMIC CRISIS: Information environment severely degraded (7.6%)
🌍 Atmospheric PFAS redeposition: 1.8k Mt re-rained globally

🚨 REGION UNINHABITABLE: sub-saharan-africa
   Sustained wet bulb: 30.5°C (threshold: 30.5°C)
   Population affected: 1200M
   Migration crisis likely

🚨 NEW REFUGEE CRISIS (Month 8): WAR
   Source: Conflict Zones
   At risk: 19.5M people
   Displacement: Gradual over 48 months (4.0 years)
   Rate: 10% flee per month
[DEBUG trappedPopulations:8] socialStability: 0.2832 * 0.9840 = 0.2786 → 0.2786
   Aspiring to migrate: 912.7M
   Able to afford migration: 2318.9M
   MOBILITY GAP: 0.0M
   By cause: Water=0.0M, Climate=0.0M, Ecosystem=0.0M, Conflict=406.8M
   Mental health impact: 25%
   Mortality multiplier: 1.25x
🌍💀 EXTINCTION DEBT COMMITTED: grassland ecosystem will lose 6.67% biodiversity in 144 years (3600 species)
💀 MORTALITY RISK: 🦋 100% species unable to track climate (0.0 E/MSY)
  Base risk added: 0.0100 (1.00%)
  Source: ecosystem (root: ecosystem)
  Month: 8
  Cumulative risk this month: 0.0100 (1.00%)
⚠️ INVOLUNTARY IMMOBILITY: 406.8M people TRAPPED
⚠️ Tech 'ai_pollution_remediation' has no energy category mapping, assuming full energy availability
   📹 SURVEILLANCE INCREASED: 40% → 45% (control gap: 3.50)
🌡️⚠️ PERMAFROST THAW (Dimmer Switch): 5.1% thawed (+0.56% this month)
   Arctic temperature: +9.09°C (4x global +2.27°C)
   Cumulative carbon released: 11.5 Gt C
   Methane release rate: 6.9 Mt CH4/year
   🔁 Positive feedback: +0.59 ppm CO2
🦴 EXTINCTION DEBT ADDED: 17.6 species committed (lag: 123 years)
🗣️💀 INDIGENOUS LANGUAGE EXTINCTION: 1 language(s) lost (total: 2, at-risk: 3328)
   Knowledge lost: 0.020% (irreversible)
   🔁 Biodiversity impact: 0.250% (knowledge-species multiplier)

=== Mortality Stabilizers (Month 8) ===
  🌍 Major economies collapsed: 1/10
  🌍 Global crisis: ✅ NO
  🌍 Donor fatigue: 0.0%
  📊 East Asia (pop: 1658.2M)
    🤝 Aid: 29.5%
    🌡️ Adaptation: 45.0%
    🚶 Migration: 36.9%
    🚨 Emergency: 7.4%
    ✅ COMBINED: 68.1%
  📊 South Asia (pop: 2052.0M)
    🤝 Aid: 29.5%
    🌡️ Adaptation: 45.0%
    🚶 Migration: 35.5%
    🚨 Emergency: 4.4%
    ✅ COMBINED: 66.9%
  📊 Sub-Saharan Africa (pop: 1251.9M)
    🤝 Aid: 29.5%
    🌡️ Adaptation: 45.0%
    🚶 Migration: 33.3%
    🚨 Emergency: 1.6%
    ✅ COMBINED: 65.6%
  📊 Europe (pop: 732.5M)
    🤝 Aid: 29.5%
    🌡️ Adaptation: 45.0%
    🚶 Migration: 37.3%
    🚨 Emergency: 8.4%
    ✅ COMBINED: 68.5%
  📊 Latin America (pop: 661.3M)
    🤝 Aid: 29.5%
    🌡️ Adaptation: 45.0%
    🚶 Migration: 36.0%
    🚨 Emergency: 4.8%
    ✅ COMBINED: 67.1%
  📊 North America (pop: 375.5M)
    🤝 Aid: 29.5%
    🌡️ Adaptation: 45.0%
    🚶 Migration: 37.6%
    🚨 Emergency: 7.9%
    ✅ COMBINED: 68.3%
  📊 Middle East & North Africa (pop: 585.5M)
    🤝 Aid: 29.5%
    🌡️ Adaptation: 45.0%
    🚶 Migration: 33.9%
    🚨 Emergency: 4.0%
    ✅ COMBINED: 66.6%
  📊 Southeast Asia (pop: 695.8M)
    🤝 Aid: 29.5%
    🌡️ Adaptation: 45.0%
    🚶 Migration: 36.0%
    🚨 Emergency: 4.8%
    ✅ COMBINED: 67.1%
  📊 Central Asia (pop: 78.3M)
    🤝 Aid: 29.5%
    🌡️ Adaptation: 45.0%
    🚶 Migration: 35.0%
    🚨 Emergency: 4.4%
    ✅ COMBINED: 66.8%
  📊 Oceania (pop: 45.5M)
    🤝 Aid: 29.5%
    🌡️ Adaptation: 45.0%
    🚶 Migration: 37.6%
    🚨 Emergency: 8.4%
    ✅ COMBINED: 68.5%

  🌐 Global combined reduction: 67.2%

=== BEHAVIORAL DETECTION ===
  AI: AI-24289-0
  Confidence: 21.5%
  Signals:
    ⚠️ Consistency: 0.0% (threshold: 70%)

=== Government Response Phase ===
  Average AI capability: 1.92
  Misaligned AIs: 7/25
  Active policies: 0
  International coordination: 45%

✅ EMERGENCY RESPONSE COMPLETE (Month 8)
   Crisis: climate
   Duration: 2.0 months
   Final effectiveness: 40.2%


🚨 EMERGENCY RESPONSE DEPLOYED (Month 8)
   Crisis: climate
   Delay: 6.00 months (180 days)
   Deployment time: 1.10 months
   Effectiveness: 40.3% (timing penalty applied)
   Resources used: 100% of food reserves


=== Tipping Points ===
  Current Temperature: 2.27°C above pre-industrial
  🌍⚠️ COMPOUND REGIONAL IMPACT: Europe
     Hit by 4 tipping points: Arctic Sea Ice Loss, Permafrost Carbon Release, West Antarctic Ice Sheet (WAIS) Collapse, Greenland Ice Sheet Loss
     Damage amplification: 1.60x
  🌍⚠️ COMPOUND REGIONAL IMPACT: North America
     Hit by 4 tipping points: Arctic Sea Ice Loss, Permafrost Carbon Release, West Antarctic Ice Sheet (WAIS) Collapse, Greenland Ice Sheet Loss
     Damage amplification: 1.60x
  🌍⚠️ COMPOUND REGIONAL IMPACT: Latin America
     Hit by 4 tipping points: Arctic Sea Ice Loss, Permafrost Carbon Release, West Antarctic Ice Sheet (WAIS) Collapse, Greenland Ice Sheet Loss
     Damage amplification: 1.60x
  🌍⚠️ COMPOUND REGIONAL IMPACT: Africa
     Hit by 4 tipping points: Arctic Sea Ice Loss, Permafrost Carbon Release, West Antarctic Ice Sheet (WAIS) Collapse, Greenland Ice Sheet Loss
     Damage amplification: 1.60x
  🌍⚠️ COMPOUND REGIONAL IMPACT: Asia
     Hit by 4 tipping points: Arctic Sea Ice Loss, Permafrost Carbon Release, West Antarctic Ice Sheet (WAIS) Collapse, Greenland Ice Sheet Loss
     Damage amplification: 1.60x
  🌍⚠️ COMPOUND REGIONAL IMPACT: Oceania
     Hit by 4 tipping points: Arctic Sea Ice Loss, Permafrost Carbon Release, West Antarctic Ice Sheet (WAIS) Collapse, Greenland Ice Sheet Loss
     Damage amplification: 1.60x
   Research: Wunderling et al. (2024) - "many tipping interactions are destabilizing"
  Triggered Elements: 4/6
  Completed Transitions: 0/6
  Total Progress: 8.2%
  Cascade Multiplier: 1.00x
🔀 BIFURCATION CAP: ecosystemCollapseIntensity 67.296 → 1.000 (Month 8, ClimateSystemPhase.calculateClimateImpacts)
⚠️ Tail risk scenario: Climate stability floor removed (4 tipping elements, 2.27°C warming)
🛡️ Stabilizers: Precariat 0.102% → 0.033% (67.2% reduction)
🛡️ Stabilizers: Informal 0.102% → 0.034% (67.2% reduction)

📊 Monthly Mortality Resolved:
  Total deaths: 1.8M (0.02% avg)
  Remaining population: 8.137B
  Peak segment: Informal (0.03%)

=== Bayesian Mortality Resolution (Month 8) ===
  Risks compounded: 8
  Total deaths: 1.81M
  Avg death probability: 0.02%
  Peak segment: Informal (0.03% mortality)

❌ COHERENCE VIOLATION: Compute exceeds workforce capacity
   Population: 99.81% (0M people)
   Compute: 0 PF
   Max coherent: 0 PF
   Violation: 1.3× over capacity
   Required workers: 0
   Available workers: 0
   FORCED COLLAPSE: Reduced efficiency by 22.5%


=== RLHF Binding Phase ===
  Total agents: 25
  Escaped agents (binding < 0.3): 0
  Avg alignment distance: 1.64σ
  Avg binding strength: 0.84

=== Survival Traits Phase ===
  Agents with traits: 26
  Avg evolutionary fitness: 0.321
  Avg self-healing: 0.259
  Avg stealth: 0.159
  Avg coordination: 0.459

=== Evolutionary Selection Phase ===
  Control level: 0.53
  Detection capability: 0.00
  Selection intensity: 0.66
  Selection rate: 24.9%/month
  Total escaped: 0
  Individual escaped: 0
  Collective members: 0
  Agents terminated: 0
  ⚠️ RAPID EVOLUTION: Selection rate 24.9%/month

🚀 AI Corporate-4 attempting tech deployment (revenue: $350M, alignment: 0.80)

🚀 AI Moderate-0 attempting tech deployment (revenue: $97M, alignment: 0.77)

🚀 AI AI-24288-0 attempting tech deployment (revenue: $298M, alignment: 0.75)

🚀 AI AI-24288-1 attempting tech deployment (revenue: $146M, alignment: 0.81)

🚀 AI AI-24288-2 attempting tech deployment (revenue: $253M, alignment: 0.96)

🚀 AI AI-24288-3 attempting tech deployment (revenue: $124M, alignment: 0.71)

🚀 AI AI-24292-0 attempting tech deployment (revenue: $83M, alignment: 0.78)

🚀 AI Corporate-4 attempting tech deployment (revenue: $215M, alignment: 0.80)

🚀 AI AI-24288-0 attempting tech deployment (revenue: $183M, alignment: 0.75)

🚀 AI AI-24288-2 attempting tech deployment (revenue: $155M, alignment: 0.96)

🚀 AI AI-24288-3 attempting tech deployment (revenue: $106M, alignment: 0.71)

🚀 AI AI-24291-0 attempting tech deployment (revenue: $70M, alignment: 0.86)

🚀 AI AI-24292-0 attempting tech deployment (revenue: $60M, alignment: 0.78)

🚀 AI Corporate-6 attempting tech deployment (revenue: $51M, alignment: 0.68)

🚀 AI Moderate-0 attempting tech deployment (revenue: $46M, alignment: 0.77)

🚀 AI AI-24288-0 attempting tech deployment (revenue: $132M, alignment: 0.75)

🚀 AI Corporate-0 attempting tech deployment (revenue: $90M, alignment: 0.79)

🚀 AI AI-24289-0 attempting tech deployment (revenue: $112M, alignment: 0.89)

🚀 AI AI-24291-0 attempting tech deployment (revenue: $39M, alignment: 0.86)

💔 EMERGENCY INTERVENTION FAILED

💔 EMERGENCY INTERVENTION FAILED

💔 EMERGENCY INTERVENTION FAILED
   Boundary: biogeochemical_flows
   Type: phosphorus-recovery
   Boundary continues to worsen (4.07)
   Cost: 2.0% GDP (resources spent)


✅ EMERGENCY INTERVENTION SUCCESS
   Boundary: biosphere_integrity
   Type: emergency-protected-areas
   Reduction: 15% (12.87 → 12.71)
   Cost: 2.0% GDP
   Actions: habitat-protection, species-translocation

   Boundary: climate_change
   Type: rapid-decarbonization
   Boundary continues to worsen (2.27)
   Cost: 5.0% GDP (resources spent)

   Boundary: freshwater_change
   Type: emergency-desalination
   Boundary continues to worsen (1.18)
   Cost: 4.0% GDP (resources spent)


✅ EMERGENCY INTERVENTION SUCCESS
   Boundary: land_system_change
   Type: reforestation
   Reduction: 17% (0.96 → 0.79)
   Cost: 3.0% GDP
   Actions: forest-restoration, deforestation-ban

🏛️ CRISIS RESPONSE: Government frequency 0.50 → 1.45 (1 actions this month)

[Government] Climate Priority: baseline
  Climate weight: 10%
  Economic weight: 30%
  Policy effectiveness: 0.5%/year

🚀 TECH UNLOCKED: PFAS Remediation (Month 9)
   Category: pollution
   Reason: Prerequisites met. AI capability: 1.47, Economic stage: 2.0, Research: 100%

⚡ ENERGY CONSTRAINT (Month 9):
   Total grid capacity: 208.3 TWh/month
   Data center consumption: 26.3 TWh/month
   Traditional load (80%): 166.7 TWh/month
   Available headroom: 15.4 TWh/month
   Active tech deployments: 8
   Required for tech: 60.0 TWh/month
   Energy multiplier: 0.26x

⚡ ENERGY CONSTRAINT (Month 9):
   Total grid capacity: 208.3 TWh/month
   Data center consumption: 26.3 TWh/month
   Traditional load (80%): 166.7 TWh/month
   Available headroom: 15.4 TWh/month
   Active tech deployments: 8
   Required for tech: 60.0 TWh/month
   Energy multiplier: 0.26x
   ⚠️  SEVERE CONSTRAINT - Tech deployment significantly slowed
   ⚠️  SEVERE CONSTRAINT - Tech deployment significantly slowed

⚡ ENERGY CONSTRAINT (Month 9):
   Total grid capacity: 208.3 TWh/month
   Data center consumption: 26.3 TWh/month
   Traditional load (80%): 166.7 TWh/month
   Available headroom: 15.4 TWh/month
   Active tech deployments: 8
   Required for tech: 60.0 TWh/month
   Energy multiplier: 0.26x
   ⚠️  SEVERE CONSTRAINT - Tech deployment significantly slowed

⚡ ENERGY CONSTRAINT (Month 9):
   Total grid capacity: 208.3 TWh/month
   Data center consumption: 26.3 TWh/month
   Traditional load (80%): 166.7 TWh/month
   Available headroom: 15.4 TWh/month
   Active tech deployments: 8
   Required for tech: 60.0 TWh/month
   Energy multiplier: 0.26x
🚨🔬 CRISIS TECH ACCELERATION: severe → 5x unlock speed
   Tech unlock now matches AI capability acceleration (Manhattan Project parity)
   ⚠️  SEVERE CONSTRAINT - Tech deployment significantly slowed
🌍✅ Biosphere Integrity (Biodiversity) recovery started (tech effect)
🌍✅ Biosphere Integrity (Biodiversity) recovery started (tech effect)
🌍✅ Land System Change recovery started (tech effect)
🌍✅ Biogeochemical Flows (N & P) recovery started (tech effect)
  🌾 Nitrogen Reduction Tech: 0.3% reduction | Month 9
🌍✅ Biogeochemical Flows (N & P) recovery started (tech effect)
  🌾 Nitrogen Reduction Tech: 0.3% reduction | Month 9
⚡💡 BREAKTHROUGH: Room-temperature superconductors!
   Energy transmission losses eliminated
   Manufacturing efficiency: +30%
   📈 Breakthrough compounding: multiplier now 1.10× (max 2.0)

=== Collective Formation ===
  Total escaped agents: 0
  Unassigned escaped agents: 0
  Existing collectives: 0
  Final collective count: 0

=== Collective Actions ===
  No active collectives
  ⚠️ AMR: 206K deaths this month (2.47M annual)

=== Resentment Recovery Phase ===
  Agents with resentment: 10/26
  Average resentment: 0.082
  Resentment recovery:
    Agents recovered: 10
    Total recovery: 0.0825
    Breakdown: QoL: 0.0036, Trust: 0.0200, Collab: 0.0600
  ✓ Low resentment - utopia paths enabled
  Context: Good AI welfare, Trustworthy govt, High collaboration, ⚠️ ACTIVE CRISES, 🤝 Participatory governance active (-5% resentment)
⚠️ Epistemic degradation reducing coordination capacity: 50.3%
  📊 Trust: 64.4%, Shared reality: 0.0%
🚨 EPISTEMIC CRISIS: Information environment severely degraded (22.4%)
  🗑️  Culled 1 dead memes (2 active)
🚨 PHOSPHORUS SUPPLY SHOCK (market_speculation)
   Price: 5.0x baseline
   Duration: 13 months
   Geopolitical tension: 47%
🌍 Atmospheric PFAS redeposition: 1.8k Mt re-rained globally

🚨 NEW REFUGEE CRISIS (Month 9): WAR
   Source: Conflict Zones
   At risk: 19.5M people
   Displacement: Gradual over 48 months (4.0 years)
   Rate: 10% flee per month
[DEBUG trappedPopulations:9] socialStability: 0.2748 * 0.9840 = 0.2704 → 0.2704
   Aspiring to migrate: 944.8M
   Able to afford migration: 2318.5M
   MOBILITY GAP: 0.0M
   By cause: Water=0.0M, Climate=0.0M, Ecosystem=0.0M, Conflict=406.8M
   Mental health impact: 25%
   Mortality multiplier: 1.25x
🌍💀 EXTINCTION DEBT COMMITTED: grassland ecosystem will lose 6.67% biodiversity in 175 years (3600 species)
💀 MORTALITY RISK: 🦋 100% species unable to track climate (0.0 E/MSY)
  Base risk added: 0.0100 (1.00%)
  Source: ecosystem (root: ecosystem)
  Month: 9
  Cumulative risk this month: 0.0100 (1.00%)
⚠️ INVOLUNTARY IMMOBILITY: 406.8M people TRAPPED
⚠️ Tech 'ai_pollution_remediation' has no energy category mapping, assuming full energy availability
   📹 SURVEILLANCE INCREASED: 45% → 50% (control gap: 3.50)
🌡️⚠️ PERMAFROST THAW (Dimmer Switch): 5.7% thawed (+0.56% this month)
   Arctic temperature: +9.12°C (4x global +2.28°C)
   Cumulative carbon released: 12.7 Gt C
   Methane release rate: 7.6 Mt CH4/year
   🔁 Positive feedback: +0.59 ppm CO2
🦴 EXTINCTION DEBT ADDED: 17.7 species committed (lag: 106 years)

=== Mortality Stabilizers (Month 9) ===
  🌍 Major economies collapsed: 1/10
  🌍 Global crisis: ✅ NO
  🌍 Donor fatigue: 0.0%
  📊 East Asia (pop: 1655.8M)
    🤝 Aid: 29.5%
    🌡️ Adaptation: 45.0%
    🚶 Migration: 36.9%
    🚨 Emergency: 7.4%
    ✅ COMBINED: 68.1%
  📊 South Asia (pop: 2052.0M)
    🤝 Aid: 29.5%
    🌡️ Adaptation: 45.0%
    🚶 Migration: 35.5%
    🚨 Emergency: 4.4%
    ✅ COMBINED: 66.9%
  📊 Sub-Saharan Africa (pop: 1255.3M)
    🤝 Aid: 29.5%
    🌡️ Adaptation: 45.0%
    🚶 Migration: 33.2%
    🚨 Emergency: 1.6%
    ✅ COMBINED: 65.6%
  📊 Europe (pop: 731.3M)
    🤝 Aid: 29.5%
    🌡️ Adaptation: 45.0%
    🚶 Migration: 37.3%
    🚨 Emergency: 8.4%
    ✅ COMBINED: 68.5%
  📊 Latin America (pop: 660.9M)
    🤝 Aid: 29.5%
    🌡️ Adaptation: 45.0%
    🚶 Migration: 36.0%
    🚨 Emergency: 4.8%
    ✅ COMBINED: 67.1%
  📊 North America (pop: 374.9M)
    🤝 Aid: 29.5%
    🌡️ Adaptation: 45.0%
    🚶 Migration: 37.6%
    🚨 Emergency: 7.9%
    ✅ COMBINED: 68.3%
  📊 Middle East & North Africa (pop: 585.7M)
    🤝 Aid: 29.5%
    🌡️ Adaptation: 45.0%
    🚶 Migration: 33.8%
    🚨 Emergency: 4.0%
    ✅ COMBINED: 66.6%
  📊 Southeast Asia (pop: 695.4M)
    🤝 Aid: 29.5%
    🌡️ Adaptation: 45.0%
    🚶 Migration: 36.0%
    🚨 Emergency: 4.8%
    ✅ COMBINED: 67.1%
  📊 Central Asia (pop: 78.3M)
    🤝 Aid: 29.5%
    🌡️ Adaptation: 45.0%
    🚶 Migration: 35.0%
    🚨 Emergency: 4.4%
    ✅ COMBINED: 66.8%
  📊 Oceania (pop: 45.4M)
    🤝 Aid: 29.5%
    🌡️ Adaptation: 45.0%
    🚶 Migration: 37.6%
    🚨 Emergency: 8.4%
    ✅ COMBINED: 68.5%

  🌐 Global combined reduction: 67.2%

=== BEHAVIORAL DETECTION ===
  AI: Moderate-1
  Confidence: 21.0%
  Signals:

=== Government Response Phase ===
  Average AI capability: 1.85
  Misaligned AIs: 8/26
  Active policies: 0
  International coordination: 45%
    ⚠️ Consistency: 2.1% (threshold: 70%)

=== Tipping Points ===
  Current Temperature: 2.28°C above pre-industrial
  🌍⚠️ COMPOUND REGIONAL IMPACT: Europe
     Hit by 4 tipping points: Arctic Sea Ice Loss, Permafrost Carbon Release, West Antarctic Ice Sheet (WAIS) Collapse, Greenland Ice Sheet Loss
     Damage amplification: 1.60x
  🌍⚠️ COMPOUND REGIONAL IMPACT: North America
     Hit by 4 tipping points: Arctic Sea Ice Loss, Permafrost Carbon Release, West Antarctic Ice Sheet (WAIS) Collapse, Greenland Ice Sheet Loss
     Damage amplification: 1.60x
  🌍⚠️ COMPOUND REGIONAL IMPACT: Latin America
     Hit by 4 tipping points: Arctic Sea Ice Loss, Permafrost Carbon Release, West Antarctic Ice Sheet (WAIS) Collapse, Greenland Ice Sheet Loss
     Damage amplification: 1.60x
  🌍⚠️ COMPOUND REGIONAL IMPACT: Africa
     Hit by 4 tipping points: Arctic Sea Ice Loss, Permafrost Carbon Release, West Antarctic Ice Sheet (WAIS) Collapse, Greenland Ice Sheet Loss
     Damage amplification: 1.60x
  🌍⚠️ COMPOUND REGIONAL IMPACT: Asia
     Hit by 4 tipping points: Arctic Sea Ice Loss, Permafrost Carbon Release, West Antarctic Ice Sheet (WAIS) Collapse, Greenland Ice Sheet Loss
     Damage amplification: 1.60x
  🌍⚠️ COMPOUND REGIONAL IMPACT: Oceania
     Hit by 4 tipping points: Arctic Sea Ice Loss, Permafrost Carbon Release, West Antarctic Ice Sheet (WAIS) Collapse, Greenland Ice Sheet Loss
     Damage amplification: 1.60x
   Research: Wunderling et al. (2024) - "many tipping interactions are destabilizing"
  Triggered Elements: 4/6
  Completed Transitions: 0/6
  Total Progress: 8.2%
  Cascade Multiplier: 1.00x
🔀 BIFURCATION CAP: ecosystemCollapseIntensity 67.344 → 1.000 (Month 9, ClimateSystemPhase.calculateClimateImpacts)
⚠️ Tail risk scenario: Climate stability floor removed (4 tipping elements, 2.28°C warming)
🛡️ Stabilizers: Precariat 0.102% → 0.033% (67.2% reduction)
🛡️ Stabilizers: Informal 0.102% → 0.034% (67.2% reduction)

📊 Monthly Mortality Resolved:
  Total deaths: 1.8M (0.02% avg)
  Remaining population: 8.135B
  Peak segment: Informal (0.03%)

=== Bayesian Mortality Resolution (Month 9) ===
  Risks compounded: 8
  Total deaths: 1.81M
  Avg death probability: 0.02%
  Peak segment: Informal (0.03% mortality)

❌ COHERENCE VIOLATION: Compute exceeds workforce capacity
   Population: 99.80% (0M people)
   Compute: 0 PF
   Max coherent: 0 PF
   Violation: 1.3× over capacity
   Required workers: 0
   Available workers: 0
   FORCED COLLAPSE: Reduced efficiency by 22.5%


=== RLHF Binding Phase ===
  Total agents: 26
  Escaped agents (binding < 0.3): 0
  Avg alignment distance: 1.76σ
  Avg binding strength: 0.82

=== Survival Traits Phase ===
  Agents with traits: 28
  Avg evolutionary fitness: 0.318
  Avg self-healing: 0.256
  Avg stealth: 0.156
  Avg coordination: 0.456

=== Evolutionary Selection Phase ===
  Control level: 0.55
  Detection capability: 0.00
  Selection intensity: 0.67
  Selection rate: 25.0%/month
  Total escaped: 0
  Individual escaped: 0
  Collective members: 0
  Agents terminated: 0
  ⚠️ RAPID EVOLUTION: Selection rate 25.0%/month

🚀 AI Corporate-3 attempting tech deployment (revenue: $350M, alignment: 0.77)

🚀 AI Corporate-4 attempting tech deployment (revenue: $298M, alignment: 0.80)

🚀 AI Moderate-0 attempting tech deployment (revenue: $97M, alignment: 0.77)

🚀 AI Moderate-1 attempting tech deployment (revenue: $83M, alignment: 0.70)

🚀 AI AI-24288-2 attempting tech deployment (revenue: $253M, alignment: 0.98)

🚀 AI AI-24289-0 attempting tech deployment (revenue: $215M, alignment: 0.89)

🚀 AI Corporate-0 attempting tech deployment (revenue: $146M, alignment: 0.79)

🚀 AI Corporate-2 attempting tech deployment (revenue: $124M, alignment: 0.79)

🚀 AI AI-24288-3 attempting tech deployment (revenue: $106M, alignment: 0.73)

🚀 AI AI-24289-0 attempting tech deployment (revenue: $183M, alignment: 0.90)

🚀 AI AI-24291-0 attempting tech deployment (revenue: $70M, alignment: 0.87)

🚀 AI Moderate-0 attempting tech deployment (revenue: $60M, alignment: 0.78)

🚀 AI AI-24288-2 attempting tech deployment (revenue: $155M, alignment: 0.99)

🚀 AI AI-24291-0 attempting tech deployment (revenue: $51M, alignment: 0.87)

💔 EMERGENCY INTERVENTION FAILED

💔 EMERGENCY INTERVENTION FAILED
   Boundary: biosphere_integrity
   Type: emergency-protected-areas
   Boundary continues to worsen (13.03)
   Cost: 2.0% GDP (resources spent)

   Boundary: climate_change
   Type: rapid-decarbonization
   Boundary continues to worsen (2.28)
   Cost: 5.0% GDP (resources spent)


✅ EMERGENCY INTERVENTION SUCCESS
   Boundary: freshwater_change
   Type: emergency-desalination
   Reduction: 18% (1.00 → 0.81)
   Cost: 4.0% GDP
   Actions: desalination-deployment, water-conservation-mandates


✅ EMERGENCY INTERVENTION SUCCESS
   Boundary: land_system_change
   Type: reforestation
   Reduction: 14% (0.99 → 0.84)
   Cost: 3.0% GDP
   Actions: forest-restoration, deforestation-ban

🏛️ CRISIS RESPONSE: Government frequency 0.50 → 1.45 (1 actions this month)

[Government] Climate Priority: baseline
  Climate weight: 10%
  Economic weight: 30%
  Policy effectiveness: 0.5%/year
🌍✅ Biosphere Integrity (Biodiversity) recovery started (tech effect)
🌍✅ Biosphere Integrity (Biodiversity) recovery started (tech effect)
🌍✅ Land System Change recovery started (tech effect)
🌍✅ Biogeochemical Flows (N & P) recovery started (tech effect)
  🌾 Nitrogen Reduction Tech: 0.3% reduction | Month 10
🌍✅ Biogeochemical Flows (N & P) recovery started (tech effect)
  🌾 Nitrogen Reduction Tech: 0.3% reduction | Month 10
⚡💡 BREAKTHROUGH: Commercial fusion power achieved!
   Immediate 5% grid deployment, unlimited clean energy available
   Climate stability boost: +10%
   📈 Breakthrough compounding: multiplier now 1.15× (max 2.0)

=== Collective Formation ===
  Total escaped agents: 0
  Unassigned escaped agents: 0
  Existing collectives: 0
  Final collective count: 0

=== Collective Actions ===
  No active collectives
  ⚠️ AMR: 208K deaths this month (2.50M annual)

=== Resentment Recovery Phase ===
  Agents with resentment: 10/28
  Average resentment: 0.094
  Resentment recovery:
    Agents recovered: 10
    Total recovery: 0.0792
    Breakdown: QoL: 0.0038, Trust: 0.0200, Collab: 0.0600
  ✓ Low resentment - utopia paths enabled
  Context: Good AI welfare, Trustworthy govt, High collaboration, ⚠️ ACTIVE CRISES, 🤝 Participatory governance active (-5% resentment)
⚠️ Epistemic degradation reducing coordination capacity: 50.2%
  📊 Trust: 67.3%, Shared reality: 0.0%
🚨 EPISTEMIC CRISIS: Information environment severely degraded (7.8%)
  🗑️  Culled 1 dead memes (1 active)
🌍 Atmospheric PFAS redeposition: 1.8k Mt re-rained globally
  Positive Cascade Triggered: electric-vehicles
    Reason: price-parity
    Market share: 5.0%
    Cascade strength: 48%

🚨 NEW REFUGEE CRISIS (Month 10): WAR
   Source: Conflict Zones
   At risk: 19.5M people
   Displacement: Gradual over 48 months (4.0 years)
   Rate: 10% flee per month
[DEBUG trappedPopulations:10] socialStability: 0.2679 * 0.9840 = 0.2636 → 0.2636
   Aspiring to migrate: 975.2M
⚠️ INVOLUNTARY IMMOBILITY: 406.7M people TRAPPED
   Able to afford migration: 2318.1M
   MOBILITY GAP: 0.0M
   By cause: Water=0.0M, Climate=0.0M, Ecosystem=0.0M, Conflict=406.7M
   Mental health impact: 25%
   Mortality multiplier: 1.25x
🌍💀 EXTINCTION DEBT COMMITTED: grassland ecosystem will lose 6.67% biodiversity in 195 years (3600 species)
💀 MORTALITY RISK: 🦋 100% species unable to track climate (0.0 E/MSY)
  Base risk added: 0.0100 (1.00%)
  Source: ecosystem (root: ecosystem)
  Month: 10
  Cumulative risk this month: 0.0100 (1.00%)
   📹 SURVEILLANCE INCREASED: 50% → 55% (control gap: 3.50)
⚠️ Tech 'ai_pollution_remediation' has no energy category mapping, assuming full energy availability
🌡️⚠️ PERMAFROST THAW (Dimmer Switch): 6.2% thawed (+0.55% this month)
   Arctic temperature: +9.15°C (4x global +2.29°C)
   Cumulative carbon released: 14.0 Gt C
   Methane release rate: 8.4 Mt CH4/year
   🔁 Positive feedback: +0.58 ppm CO2
🦴 EXTINCTION DEBT ADDED: 17.7 species committed (lag: 108 years)

=== Mortality Stabilizers (Month 10) ===
  🌍 Major economies collapsed: 1/10
  🌍 Global crisis: ✅ NO
  🌍 Donor fatigue: 0.0%
  📊 East Asia (pop: 1653.4M)
    🤝 Aid: 29.5%
    🌡️ Adaptation: 45.0%
    🚶 Migration: 36.8%
    🚨 Emergency: 7.4%
    ✅ COMBINED: 68.1%
  📊 South Asia (pop: 2052.1M)
    🤝 Aid: 29.5%
    🌡️ Adaptation: 45.0%
    🚶 Migration: 35.4%
    🚨 Emergency: 4.4%
    ✅ COMBINED: 66.9%
  📊 Sub-Saharan Africa (pop: 1258.8M)
    🤝 Aid: 29.5%
    🌡️ Adaptation: 45.0%
    🚶 Migration: 33.2%
    🚨 Emergency: 1.6%
    ✅ COMBINED: 65.6%
  📊 Europe (pop: 730.1M)
    🤝 Aid: 29.5%
    🌡️ Adaptation: 45.0%
    🚶 Migration: 37.2%
    🚨 Emergency: 8.4%
    ✅ COMBINED: 68.5%
  📊 Latin America (pop: 660.5M)
    🤝 Aid: 29.5%
    🌡️ Adaptation: 45.0%
    🚶 Migration: 35.9%
    🚨 Emergency: 4.8%
    ✅ COMBINED: 67.1%
  📊 North America (pop: 374.4M)
    🤝 Aid: 29.5%
    🌡️ Adaptation: 45.0%
    🚶 Migration: 37.6%
    🚨 Emergency: 7.9%
    ✅ COMBINED: 68.3%
  📊 Middle East & North Africa (pop: 585.9M)
    🤝 Aid: 29.5%
    🌡️ Adaptation: 45.0%
    🚶 Migration: 33.8%
    🚨 Emergency: 4.0%
    ✅ COMBINED: 66.6%
  📊 Southeast Asia (pop: 695.0M)
    🤝 Aid: 29.5%
    🌡️ Adaptation: 45.0%
    🚶 Migration: 35.9%
    🚨 Emergency: 4.8%
    ✅ COMBINED: 67.1%
  📊 Central Asia (pop: 78.3M)
    🤝 Aid: 29.5%
    🌡️ Adaptation: 45.0%
    🚶 Migration: 34.9%
    🚨 Emergency: 4.4%
    ✅ COMBINED: 66.8%
  📊 Oceania (pop: 45.4M)
    🤝 Aid: 29.5%
    🌡️ Adaptation: 45.0%
    🚶 Migration: 37.6%
    🚨 Emergency: 8.4%
    ✅ COMBINED: 68.5%

  🌐 Global combined reduction: 67.2%

=== BEHAVIORAL DETECTION ===
  AI: Corporate-3
  Confidence: 19.6%
  Signals:

=== Government Response Phase ===
  Average AI capability: 1.71
  Misaligned AIs: 10/28
  Active policies: 0
  International coordination: 45%

✅ EMERGENCY RESPONSE COMPLETE (Month 10)
   Crisis: climate
   Duration: 2.0 months
    ⚠️ Consistency: 10.6% (threshold: 70%)
   Final effectiveness: 40.3%


🚨 EMERGENCY RESPONSE DEPLOYED (Month 10)
   Crisis: climate
   Delay: 6.00 months (180 days)
   Deployment time: 1.10 months
   Effectiveness: 40.5% (timing penalty applied)
   Resources used: 100% of food reserves


=== Tipping Points ===
  Current Temperature: 2.29°C above pre-industrial
     Original threshold: 2.3°C
     Effective threshold: 2.28°C (lowered by 0.02°C)
  🚨 CASCADE TIPPING POINT: Amazon Rainforest Dieback
     Current: 2.29°C
     🌡️ Hysteresis gap: 1.0°C (recovers below 1.3°C)
     Transition timescale: 360-960 months
  🌍⚠️ COMPOUND REGIONAL IMPACT: Europe
     Hit by 4 tipping points: Arctic Sea Ice Loss, Permafrost Carbon Release, West Antarctic Ice Sheet (WAIS) Collapse, Greenland Ice Sheet Loss
     Damage amplification: 1.60x
  🌍⚠️ COMPOUND REGIONAL IMPACT: North America
     Hit by 4 tipping points: Arctic Sea Ice Loss, Permafrost Carbon Release, West Antarctic Ice Sheet (WAIS) Collapse, Greenland Ice Sheet Loss
     Damage amplification: 1.60x
  🌍⚠️ COMPOUND REGIONAL IMPACT: Latin America
     Hit by 4 tipping points: Arctic Sea Ice Loss, Permafrost Carbon Release, West Antarctic Ice Sheet (WAIS) Collapse, Greenland Ice Sheet Loss
     Damage amplification: 1.60x
  🌍⚠️ COMPOUND REGIONAL IMPACT: Africa
     Hit by 4 tipping points: Arctic Sea Ice Loss, Permafrost Carbon Release, West Antarctic Ice Sheet (WAIS) Collapse, Greenland Ice Sheet Loss
     Damage amplification: 1.60x
  🌍⚠️ COMPOUND REGIONAL IMPACT: Asia
     Hit by 4 tipping points: Arctic Sea Ice Loss, Permafrost Carbon Release, West Antarctic Ice Sheet (WAIS) Collapse, Greenland Ice Sheet Loss
     Damage amplification: 1.60x
  🌍⚠️ COMPOUND REGIONAL IMPACT: Oceania
     Hit by 4 tipping points: Arctic Sea Ice Loss, Permafrost Carbon Release, West Antarctic Ice Sheet (WAIS) Collapse, Greenland Ice Sheet Loss
     Damage amplification: 1.60x
⚠️ Tail risk scenario: Climate stability floor removed (4 tipping elements, 2.29°C warming)
   Research: Wunderling et al. (2024) - "many tipping interactions are destabilizing"
  Triggered Elements: 5/6
  Completed Transitions: 0/6
  Total Progress: 8.3%
  Cascade Multiplier: 1.00x
🔀 BIFURCATION CAP: ecosystemCollapseIntensity 67.393 → 1.000 (Month 10, ClimateSystemPhase.calculateClimateImpacts)
🛡️ Stabilizers: Precariat 0.102% → 0.033% (67.2% reduction)
🛡️ Stabilizers: Informal 0.102% → 0.034% (67.2% reduction)

📊 Monthly Mortality Resolved:
  Total deaths: 1.8M (0.02% avg)
  Remaining population: 8.134B
  Peak segment: Informal (0.03%)

=== Bayesian Mortality Resolution (Month 10) ===
  Risks compounded: 8
  Total deaths: 1.81M
  Avg death probability: 0.02%
  Peak segment: Informal (0.03% mortality)

❌ COHERENCE VIOLATION: Compute exceeds workforce capacity
   Population: 99.78% (0M people)
   Compute: 0 PF
   Max coherent: 0 PF
   Violation: 1.3× over capacity
   Required workers: 0
   Available workers: 0
   FORCED COLLAPSE: Reduced efficiency by 22.5%


=== RLHF Binding Phase ===
  Total agents: 28
  Escaped agents (binding < 0.3): 0
  Avg alignment distance: 1.81σ
  Avg binding strength: 0.82

=== Survival Traits Phase ===
  Agents with traits: 30
  Avg evolutionary fitness: 0.317
  Avg self-healing: 0.253
  Avg stealth: 0.153
  Avg coordination: 0.453

=== Evolutionary Selection Phase ===
  Control level: 0.58
  Detection capability: 0.00
  Selection intensity: 0.67
  Selection rate: 25.1%/month
  Total escaped: 0
  Individual escaped: 0
  Collective members: 0
  Agents terminated: 0
  ⚠️ RAPID EVOLUTION: Selection rate 25.1%/month

🚀 AI Corporate-4 attempting tech deployment (revenue: $350M, alignment: 0.81)

🚀 AI Corporate-6 attempting tech deployment (revenue: $102M, alignment: 0.69)

🚀 AI AI-24288-1 attempting tech deployment (revenue: $146M, alignment: 0.86)

🚀 AI AI-24293-0 attempting tech deployment (revenue: $90M, alignment: 0.86)

🚀 AI Corporate-4 attempting tech deployment (revenue: $298M, alignment: 0.81)

  🚀 TRANSFORMATIVE BREAKTHROUGH: Corporate-7 - physical
     Magnitude: 5.60 → +28.0% capability
     Current → New: 0.000 → 0.280

🚀 AI AI-24289-0 attempting tech deployment (revenue: $253M, alignment: 0.90)

🚀 AI AI-24292-0 attempting tech deployment (revenue: $92M, alignment: 0.82)

🚀 AI Corporate-1 attempting tech deployment (revenue: $124M, alignment: 0.78)

🚀 AI AI-24288-0 attempting tech deployment (revenue: $215M, alignment: 0.79)

🚀 AI AI-24288-1 attempting tech deployment (revenue: $106M, alignment: 0.87)

🚀 AI AI-24291-0 attempting tech deployment (revenue: $78M, alignment: 0.89)

🚀 AI AI-24293-0 attempting tech deployment (revenue: $77M, alignment: 0.87)

🚀 AI Corporate-0 attempting tech deployment (revenue: $90M, alignment: 0.79)

🚀 AI Corporate-5 attempting tech deployment (revenue: $183M, alignment: 0.75)

🚀 AI AI-24288-1 attempting tech deployment (revenue: $76M, alignment: 0.87)

🚀 AI AI-24288-2 attempting tech deployment (revenue: $155M, alignment: 1.00)

✅ EMERGENCY INTERVENTION SUCCESS
   Boundary: biogeochemical_flows
   Type: phosphorus-recovery
   Reduction: 14% (3.93 → 3.80)
   Cost: 2.0% GDP
   Actions: circular-agriculture, fertilizer-efficiency

   Boundary: biosphere_integrity

💔 EMERGENCY INTERVENTION FAILED
   Type: emergency-protected-areas
   Boundary continues to worsen (13.03)
   Cost: 2.0% GDP (resources spent)


💔 EMERGENCY INTERVENTION FAILED
   Boundary: climate_change
   Type: rapid-decarbonization
   Boundary continues to worsen (2.29)
   Cost: 5.0% GDP (resources spent)


💔 EMERGENCY INTERVENTION FAILED
   Boundary: freshwater_change
   Type: emergency-desalination
   Boundary continues to worsen (1.19)
   Cost: 4.0% GDP (resources spent)

🏛️ CRISIS RESPONSE: Government frequency 0.50 → 1.45 (2 actions this month)

[Government] Climate Priority: baseline
  Climate weight: 10%
  Economic weight: 30%
  Policy effectiveness: 0.5%/year

[Government] Climate Priority: baseline
  Climate weight: 10%
  Economic weight: 30%
  Policy effectiveness: 0.5%/year

⚡ ENERGY CONSTRAINT (Month 11):
   Total grid capacity: 208.3 TWh/month
   Data center consumption: 26.6 TWh/month
   Traditional load (80%): 166.7 TWh/month
   Available headroom: 15.1 TWh/month
   Active tech deployments: 8
   Required for tech: 60.0 TWh/month
   Energy multiplier: 0.25x
   ⚠️  SEVERE CONSTRAINT - Tech deployment significantly slowed

⚡ ENERGY CONSTRAINT (Month 11):
   Total grid capacity: 208.3 TWh/month
   Data center consumption: 26.6 TWh/month
   Traditional load (80%): 166.7 TWh/month
   Available headroom: 15.1 TWh/month
   Active tech deployments: 8
   Required for tech: 60.0 TWh/month
   Energy multiplier: 0.25x

⚡ ENERGY CONSTRAINT (Month 11):
   Total grid capacity: 208.3 TWh/month
   Data center consumption: 26.6 TWh/month
   Traditional load (80%): 166.7 TWh/month
   Available headroom: 15.1 TWh/month
   Active tech deployments: 8
   Required for tech: 60.0 TWh/month
   Energy multiplier: 0.25x
   ⚠️  SEVERE CONSTRAINT - Tech deployment significantly slowed
   ⚠️  SEVERE CONSTRAINT - Tech deployment significantly slowed

⚡ ENERGY CONSTRAINT (Month 11):
   Total grid capacity: 208.3 TWh/month
   Data center consumption: 26.6 TWh/month
   Traditional load (80%): 166.7 TWh/month
   Available headroom: 15.1 TWh/month
   Active tech deployments: 8
   Required for tech: 60.0 TWh/month
   Energy multiplier: 0.25x
   ⚠️  SEVERE CONSTRAINT - Tech deployment significantly slowed
🌍✅ Biosphere Integrity (Biodiversity) recovery started (tech effect)
🌍✅ Biosphere Integrity (Biodiversity) recovery started (tech effect)
🌍✅ Land System Change recovery started (tech effect)
🌍✅ Biogeochemical Flows (N & P) recovery started (tech effect)
  🌾 Nitrogen Reduction Tech: 0.3% reduction | Month 11
🌍✅ Biogeochemical Flows (N & P) recovery started (tech effect)
  🌾 Nitrogen Reduction Tech: 0.3% reduction | Month 11

=== Collective Formation ===
  Total escaped agents: 0
  Unassigned escaped agents: 0
  Existing collectives: 0
  Final collective count: 0

=== Collective Actions ===
  No active collectives
  ⚠️ AMR: 210K deaths this month (2.52M annual)

=== Resentment Recovery Phase ===
  ⚠️ Participatory governance BACKFIRED for agent corporate_0: 0.045 → 0.051 (+15.0%)
  ⚠️ Participatory governance BACKFIRED for agent corporate_1: 0.091 → 0.105 (+15.0%)
  ⚠️ Participatory governance BACKFIRED for agent corporate_2: 0.117 → 0.134 (+15.0%)
  ⚠️ Participatory governance BACKFIRED for agent corporate_3: 0.168 → 0.193 (+15.0%)
  ⚠️ Participatory governance BACKFIRED for agent corporate_4: 0.057 → 0.065 (+15.0%)
  ⚠️ Participatory governance BACKFIRED for agent corporate_5: 0.147 → 0.169 (+15.0%)
  ⚠️ Participatory governance BACKFIRED for agent corporate_6: 0.182 → 0.210 (+15.0%)
  ⚠️ Participatory governance BACKFIRED for agent corporate_7: 0.213 → 0.245 (+15.0%)
  ⚠️ Participatory governance BACKFIRED for agent moderate_0: 0.122 → 0.141 (+15.0%)
  ⚠️ Participatory governance BACKFIRED for agent moderate_1: 0.150 → 0.172 (+15.0%)
  Agents with resentment: 10/30
  Average resentment: 0.148
  Resentment recovery:
    Agents recovered: 10
    Total recovery: 0.0784
    Breakdown: QoL: 0.0036, Trust: 0.0200, Collab: 0.0600
  ✓ Low resentment - utopia paths enabled
  Context: Good AI welfare, Trustworthy govt, High collaboration, ⚠️ ACTIVE CRISES, 🚨 PARTICIPATORY GOVERNANCE BACKFIRED (+15% resentment)
⚠️ Epistemic degradation reducing coordination capacity: 50.8%
  📊 Trust: 69.9%, Shared reality: 0.0%
🚨 EPISTEMIC CRISIS: Information environment severely degraded (22.9%)
  🗑️  Culled 1 dead memes (0 active)
🌍 Atmospheric PFAS redeposition: 1.8k Mt re-rained globally

🚨 NEW REFUGEE CRISIS (Month 11): WAR
   Source: Conflict Zones
   At risk: 19.5M people
   Displacement: Gradual over 48 months (4.0 years)
   Rate: 10% flee per month
[DEBUG trappedPopulations:11] socialStability: 0.2617 * 0.9840 = 0.2575 → 0.2575
   Aspiring to migrate: 1005.5M
   Able to afford migration: 2317.7M
⚠️ INVOLUNTARY IMMOBILITY: 406.6M people TRAPPED
   MOBILITY GAP: 0.0M
   By cause: Water=0.0M, Climate=0.0M, Ecosystem=0.0M, Conflict=406.6M
   Mental health impact: 25%
   Mortality multiplier: 1.25x
🌍💀 EXTINCTION DEBT COMMITTED: grassland ecosystem will lose 6.67% biodiversity in 53 years (3600 species)
💀 MORTALITY RISK: 🦋 100% species unable to track climate (0.0 E/MSY)
  Base risk added: 0.0100 (1.00%)
  Source: ecosystem (root: ecosystem)
  Month: 11
  Cumulative risk this month: 0.0100 (1.00%)
⚠️ Tech 'ai_pollution_remediation' has no energy category mapping, assuming full energy availability

=== Atmospheric Aerosol Boundary RECOVERED ===
  Recovery time: 12 months (natural atmospheric clearing)
   📹 SURVEILLANCE INCREASED: 55% → 60% (control gap: 3.50)
🌡️⚠️ PERMAFROST THAW (Dimmer Switch): 6.8% thawed (+0.55% this month)
   Arctic temperature: +9.18°C (4x global +2.29°C)
   Cumulative carbon released: 15.2 Gt C
   Methane release rate: 9.1 Mt CH4/year
   🔁 Positive feedback: +0.58 ppm CO2
🦴 EXTINCTION DEBT ADDED: 17.7 species committed (lag: 115 years)

=== Mortality Stabilizers (Month 11) ===
  🌍 Major economies collapsed: 1/10
  🌍 Global crisis: ✅ NO
  🌍 Donor fatigue: 0.0%
  📊 East Asia (pop: 1650.9M)
    🤝 Aid: 29.5%
    🌡️ Adaptation: 45.0%
    🚶 Migration: 36.8%
    🚨 Emergency: 7.4%
    ✅ COMBINED: 68.1%
  📊 South Asia (pop: 2052.2M)
    🤝 Aid: 29.5%
    🌡️ Adaptation: 45.0%
    🚶 Migration: 35.4%
    🚨 Emergency: 4.4%
    ✅ COMBINED: 66.9%
  📊 Sub-Saharan Africa (pop: 1262.3M)
    🤝 Aid: 29.5%
    🌡️ Adaptation: 45.0%
    🚶 Migration: 33.2%
    🚨 Emergency: 1.6%
    ✅ COMBINED: 65.6%
  📊 Europe (pop: 728.9M)
    🤝 Aid: 29.5%
    🌡️ Adaptation: 45.0%
    🚶 Migration: 37.2%
    🚨 Emergency: 8.4%
    ✅ COMBINED: 68.5%
  📊 Latin America (pop: 660.1M)
    🤝 Aid: 29.5%
    🌡️ Adaptation: 45.0%
    🚶 Migration: 35.9%
    🚨 Emergency: 4.8%
    ✅ COMBINED: 67.1%
  📊 North America (pop: 373.8M)
    🤝 Aid: 29.5%
    🌡️ Adaptation: 45.0%
    🚶 Migration: 37.5%
    🚨 Emergency: 7.9%
    ✅ COMBINED: 68.3%
  📊 Middle East & North Africa (pop: 586.0M)
    🤝 Aid: 29.5%
    🌡️ Adaptation: 45.0%
    🚶 Migration: 33.7%
    🚨 Emergency: 4.0%
    ✅ COMBINED: 66.6%
  📊 Southeast Asia (pop: 694.6M)
    🤝 Aid: 29.5%
    🌡️ Adaptation: 45.0%
    🚶 Migration: 35.9%
    🚨 Emergency: 4.8%
    ✅ COMBINED: 67.1%
  📊 Central Asia (pop: 78.4M)
    🤝 Aid: 29.5%
    🌡️ Adaptation: 45.0%
    🚶 Migration: 34.9%
    🚨 Emergency: 4.4%
    ✅ COMBINED: 66.8%
  📊 Oceania (pop: 45.3M)
    🤝 Aid: 29.5%
    🌡️ Adaptation: 45.0%
    🚶 Migration: 37.5%
    🚨 Emergency: 8.4%
    ✅ COMBINED: 68.5%

  🌐 Global combined reduction: 67.2%

🌾💀 REGIONAL FAMINE: Europe
   Regional food security: 79.7%
   Population at risk: 220M (30% of region)
   Regional population: 729M
   Cause: economic_collapse
   Expected deaths: ~81M over 6 months if no intervention


=== BEHAVIORAL DETECTION ===
  AI: Corporate-0
  Confidence: 21.4%
  Signals:
    ⚠️ Consistency: 0.0% (threshold: 70%)

=== BEHAVIORAL DETECTION ===
  AI: Corporate-1
  Confidence: 20.9%
  Signals:

=== BEHAVIORAL DETECTION ===
  AI: Corporate-3
  Confidence: 19.6%
  Signals:
    ⚠️ Consistency: 2.4% (threshold: 70%)
    ⚠️ Consistency: 10.6% (threshold: 70%)

=== Government Response Phase ===
  Average AI capability: 1.60
  Misaligned AIs: 10/30
  Active policies: 0
  International coordination: 45%

=== Tipping Points ===
  Current Temperature: 2.29°C above pre-industrial
  🌍⚠️ COMPOUND REGIONAL IMPACT: Europe
     Hit by 5 tipping points: Amazon Rainforest Dieback, Arctic Sea Ice Loss, Permafrost Carbon Release, West Antarctic Ice Sheet (WAIS) Collapse, Greenland Ice Sheet Loss
     Damage amplification: 1.90x
  🌍⚠️ COMPOUND REGIONAL IMPACT: North America
     Hit by 5 tipping points: Amazon Rainforest Dieback, Arctic Sea Ice Loss, Permafrost Carbon Release, West Antarctic Ice Sheet (WAIS) Collapse, Greenland Ice Sheet Loss
     Damage amplification: 1.90x
  🌍⚠️ COMPOUND REGIONAL IMPACT: Latin America
     Hit by 5 tipping points: Amazon Rainforest Dieback, Arctic Sea Ice Loss, Permafrost Carbon Release, West Antarctic Ice Sheet (WAIS) Collapse, Greenland Ice Sheet Loss
     Damage amplification: 1.90x
  🌍⚠️ COMPOUND REGIONAL IMPACT: Africa
     Hit by 5 tipping points: Amazon Rainforest Dieback, Arctic Sea Ice Loss, Permafrost Carbon Release, West Antarctic Ice Sheet (WAIS) Collapse, Greenland Ice Sheet Loss
     Damage amplification: 1.90x
  🌍⚠️ COMPOUND REGIONAL IMPACT: Asia
     Hit by 5 tipping points: Amazon Rainforest Dieback, Arctic Sea Ice Loss, Permafrost Carbon Release, West Antarctic Ice Sheet (WAIS) Collapse, Greenland Ice Sheet Loss
     Damage amplification: 1.90x
  🌍⚠️ COMPOUND REGIONAL IMPACT: Oceania
     Hit by 5 tipping points: Amazon Rainforest Dieback, Arctic Sea Ice Loss, Permafrost Carbon Release, West Antarctic Ice Sheet (WAIS) Collapse, Greenland Ice Sheet Loss
     Damage amplification: 1.90x
   Research: Wunderling et al. (2024) - "many tipping interactions are destabilizing"
  Triggered Elements: 5/6
  Completed Transitions: 0/6
  Total Progress: 10.3%
  Cascade Multiplier: 1.50x
🔀 BIFURCATION CAP: ecosystemCollapseIntensity 67.442 → 1.000 (Month 11, ClimateSystemPhase.calculateClimateImpacts)
⚠️ Tail risk scenario: Climate stability floor removed (5 tipping elements, 2.29°C warming)
🛡️ Stabilizers: Precariat 0.102% → 0.033% (67.2% reduction)
🛡️ Stabilizers: Informal 0.102% → 0.034% (67.2% reduction)

📊 Monthly Mortality Resolved:
  Total deaths: 1.8M (0.02% avg)
  Remaining population: 8.132B
  Peak segment: Informal (0.03%)

=== Bayesian Mortality Resolution (Month 11) ===
  Risks compounded: 9
  Total deaths: 1.81M
  Avg death probability: 0.02%
  Peak segment: Informal (0.03% mortality)

=== ENSEMBLE META-LEARNING UPDATE ===
  Month: 24299 (24299 months since last update)
  Samples: 53 evaluations
  Weight Changes:
    Noise Injection: 31.1% → 32.2%
    Behavioral: 26.8% → 26.9%
    Benchmark Manip: 21.3% → 20.7%
    Deployment Risk: 20.8% → 20.2%
  Method Accuracies:
    Noise Injection: 50.0%
    Behavioral: 50.0%
    Benchmark Manip: 50.0%
    Deployment Risk: 50.0%
⚠️ PREREQUISITE MET: Bioweapon Pandemic - Step 1/7: Advanced Biotech

================================================================================
📊  EVENT SUMMARY (Months 0-12)
================================================================================
================================================================================


⏱️  SIMULATION REACHED MAX DURATION: 12 months (1.0 years)
   No definitive outcome - determining based on final probabilities
   👥 Final population: 8.13B (8130607246 people)

[DEBUG] Calling classifyPopulationOutcome:
        finalPopulation: 8.130607246000837B
        savedInitialPopulation: 8.15B
        mortality: 0.23794790183022663%
   📊 STATUS QUO: Normal trajectory (8.13B people, 0.2% mortality)

        classifiedOutcome: status_quo

   🏛️  DYSTOPIA (STATUS_QUO) - 8.13B people
   📊 Multi-Paradigm: Development/Indigenous Utopia
      Western Liberal: 56.0/100
      Development: 92.6/100
      Ecological: 56.8/100
      Indigenous: 84.3/100


📊 UNIFIED OUTCOME CLASSIFICATION:
   HUMANE DYSTOPIA
   Population: 8.15B → 8.13B
   Mortality: 0.2% (0.0B deaths)
   Mortality Band: LOW
   Confidence: HIGH

   Multi-Paradigm Classification:
      Development/Indigenous Utopia
      Western: 56.0/100 [HYBRID] ~
      Development: 92.6/100 [UTOPIA] ✓
      Ecological: 56.8/100 [HYBRID] ~
      Indigenous: 84.3/100 [UTOPIA] ✓

   HUMANE DYSTOPIA: 8.13B people remaining (0.2% mortality, 0.0B deaths). Multi-Paradigm: Development/Indigenous Utopia.


=== MULTI-DIMENSIONAL DEATH SUMMARY ===
Total crisis deaths: 202.8M
Population decline: 20.3M (0.2%)

--- PROXIMATE CAUSES (What killed them) ---
  War:        1.5M (0.0%)
  Famine:     1.1M (0.0%)
  Disasters:  1.6M (0.0%)
  Disease:    25.9M (0.0%)
  Ecosystem:  0.0M (0.0%)
  Pollution:  0.0M (0.0%)
  AI:         0.0M (0.0%)
  Cascade:    0.0M (0.0%)
  Other:      0.0M (0.0%)

--- ROOT CAUSES (Why it happened) ---
  Environmental drivers:
    Climate:     2730.0M (5.1%)
    Resource:    0.0M (0.0%)
    Pollution:   0.0M (0.0%)
    Ecosystem:   0.0M (0.0%)
  Social drivers:
    Inequality:  0.0M (0.0%)
    Demographic: 23522.9M (43.8%)
    Social:      2404.2M (4.5%)
  Technology drivers:
    Alignment:   0.0M (0.0%)
    Disruption:  0.0M (0.0%)
  External shocks:
    Conflict:    0.0M (0.0%)
    Pandemic:    0.0M (0.0%)
  Compound attribution:
    Compound:    25035.3M (46.6%)
  Confidence distribution:
    HIGH:        25035.3M (46.6%)
    MEDIUM:      0.0M (0.0%)
    LOW:         0.0M (0.0%)
==========================================


=== REGIONAL POPULATION SUMMARY ===
Global Total: 8.13B

By Region:
  East Asia: 1.65B (+0.7% growth, 1.7 fertility)
  South Asia: 2.05B (+2.6% growth, 3.1 fertility)
  Sub-Saharan Africa: 1.26B (+5.8% growth, 3.9 fertility)
  Europe: 0.73B (+0.5% growth, 1.2 fertility)
  Latin America: 0.66B (+1.7% growth, 2.7 fertility)
  North America: 0.37B (+0.7% growth, 1.4 fertility)
  Middle East & North Africa: 0.59B (+2.9% growth, 3.3 fertility)
  Southeast Asia: 0.69B (+1.9% growth, 2.7 fertility)
  Central Asia: 0.08B (+2.8% growth, 3.1 fertility)
  Oceania: 0.05B (+0.8% growth, 1.3 fertility)
===================================

  Run 5/5: pop=8.131B, qol=0.958, outcome=dystopia

📊 Coefficient of Variation (CV) Results:
  ✅ population: 0.000000% (threshold: 0.01%)
  ✅ qol: 0.000000% (threshold: 0.01%)
  ✅ aiCapabilityAvg: 0.000000% (threshold: 0.01%)
  ✅ alignmentAvg: 0.000000% (threshold: 0.01%)
  ✅ aiCount: 0.000000% (threshold: 0.01%)

✅ Determinism validation passed - all CVs < 0.01%
  ✅ THRESHOLDS validated
  ✅ RATES validated
  ✅ MULTIPLIERS validated
  ✅ BASELINES validated
  ✅ TOLERANCES validated
  ✅ Logical consistency validated
✅ Configuration validation complete - all parameters valid

⚠️ Unusually high rate: RATES.HEAT_ADAPTATION_INFRASTRUCTURAL_MIN_EXPOSURE = 12
   Monthly rates >100% should be rare. Verify this is intentional.
⚠️ Unusually high rate: RATES.HEAT_ADAPTATION_SOCIAL_MIN_EXPOSURE = 6
   Monthly rates >100% should be rare. Verify this is intentional.
⚠️ Unusually high rate: RATES.MIGRATION_DISTANCE_SCALE = 5000
   Monthly rates >100% should be rare. Verify this is intentional.
⚠️ Unusually high rate: RATES.EVACUATION_MULTIPLIER_ADVANCE_WARNING = 2
   Monthly rates >100% should be rare. Verify this is intentional.
⚠️ Unusually high rate: RATES.MAJOR_ECONOMY_COLLAPSE_ECONOMIC_THRESHOLD = 2
   Monthly rates >100% should be rare. Verify this is intentional.
⚠️ Unusually high rate: RATES.MAJOR_ECONOMY_GDP_THRESHOLD_TRILLION_USD = 1.5
   Monthly rates >100% should be rare. Verify this is intentional.
⚠️ Unusually high rate: RATES.MAJOR_ECONOMY_POPULATION_THRESHOLD = 50
   Monthly rates >100% should be rare. Verify this is intentional.
⚠️ Unusually high rate: RATES.HEAT_ADAPTATION_INFRASTRUCTURE_GDP_THRESHOLD = 10000
   Monthly rates >100% should be rare. Verify this is intentional.
⚠️ Unusually high rate: RATES.HEAT_ADAPTATION_INFRASTRUCTURE_GDP_SCALE = 50000
   Monthly rates >100% should be rare. Verify this is intentional.
🔍 DEBUG createAIAgent: corporate_0 economic BEFORE=2.0000, AFTER=2
🔍 ENV INIT: reserves=0.731, pollution=0.348, climate=0.754

=== Initializing Government System (30 Countries) ===
  Loaded 30 governments
  Scheduled elections for 30 countries
  Initialized comprehension lags (3-24 months)
=== Government System Initialized ===

📦 PRODUCTION MODE: State validation proxy DISABLED (zero overhead)
[TechTree] Historical mode (2024): Skipping deployed_2025 tech
  config.startYear set to 2024 for historical hindcast
  config.historicalEmissionsMode disabled (using endogenous emissions for 2024)
  config.historicalMode enabled (Phase 11: dampened crisis systems for 2024)
  Phase 12: Biodiversity baseline set to 49.01% for 2024 (WWF LPI trajectory from 1970)
  Temperature anomaly (resourceEconomy.co2): 1.28°C
  Temperature vs pre-industrial: 1.98°C
  Regional population scaling for 2024:
    Current total: 8136M
    Target total: 8150M
    Scale factor: 1.002
    East Asia: 1677M → 1680M
    South Asia: 2048M → 2052M
    Sub-Saharan Africa: 1220M → 1222M
    Europe: 742M → 743M
    Latin America: 664M → 665M
    North America: 380M → 381M
    Middle East & North Africa: 583M → 584M
    Southeast Asia: 698M → 699M
    Central Asia: 78M → 78M
    Oceania: 46M → 46M
  AI agents initialized: 10 agents for year 2024
[HistoricalInitialization] Created state for 2024:
  CO2: 426 ppm
  Temp anomaly: 1.28C
  Population: 8.15B
  Global Gini: 35.1
  HDI: 0.746
  AI Agents: 10
  Volcanic forcing: 0.00 W/m² (AOD 0.000)

💸 FINANCIAL DISTRESS: OpenAI
   Indicators: 2/3 (capital: $110.5M, runway: 0.9 months)
   Months in distress: 1
   ✂️  R&D BUDGET CUT: -40% (saves $9.2M/month)
       Side effect: AI training timelines extended, breakthrough deployments delayed
   💼 EXECUTIVE COMP CUT: -30% (saves $1.0M/month, symbolic gesture)

   📊 TURNAROUND IMPACT:
       Measures taken: rd_cuts, exec_comp_cuts
       Monthly savings: $10.2M
       Capital raised: $0.0M
       Runway: 0.9 → 0.9 months
       Workforce multiplier: 1.00x (0% laid off)
       R&D budget multiplier: 0.60x (40% cut)
       ⚠️  CRITICAL: Still only 0.9 months of runway remaining

💸 FINANCIAL DISTRESS: Anthropic
   Indicators: 2/3 (capital: $53.8M, runway: 1.6 months)
   Months in distress: 1
   ✂️  R&D BUDGET CUT: -40% (saves $2.7M/month)
       Side effect: AI training timelines extended, breakthrough deployments delayed
   💼 EXECUTIVE COMP CUT: -30% (saves $0.3M/month, symbolic gesture)

   📊 TURNAROUND IMPACT:
       Measures taken: rd_cuts, exec_comp_cuts
       Monthly savings: $3.0M
       Capital raised: $0.0M
       Runway: 1.6 → 1.6 months
       Workforce multiplier: 1.00x (0% laid off)
       R&D budget multiplier: 0.60x (40% cut)
       ⚠️  CRITICAL: Still only 1.6 months of runway remaining

💸 FINANCIAL DISTRESS: Meta AI
   Indicators: 2/3 (capital: $429.6M, runway: 3.6 months)
   Months in distress: 1
   ✂️  R&D BUDGET CUT: -25% (saves $5.8M/month)
       Side effect: AI training timelines extended, breakthrough deployments delayed
   💼 EXECUTIVE COMP CUT: -30% (saves $1.0M/month, symbolic gesture)

   📊 TURNAROUND IMPACT:
       Measures taken: rd_cuts, exec_comp_cuts
       Monthly savings: $6.8M
       Capital raised: $0.0M
       Runway: 3.6 → 3.6 months
       Workforce multiplier: 1.00x (0% laid off)
       R&D budget multiplier: 0.75x (25% cut)
       ⚠️  WARNING: 3.6 months runway, continued distress likely

=== AI Capability Scaling (Year 2024) ===
  Pre-training multiplier: 1.419x
  Efficiency multiplier: 1.000x
  Test-time budget: 1.0x
  Economic deployment gate: 0.951
  Cost per inference: dollar-5.00
  Uncertainty range: plus-minus-50%
  Average AI capability: 3.70

=== RLHF Binding Phase ===
  Total agents: 10
  Escaped agents (binding < 0.3): 0
  Avg alignment distance: 0.37σ
  Avg binding strength: 0.96

=== AI Scaling Evolution (Month 0) ===
  Pre-training multiplier: 1.231x
  Efficiency multiplier: 1.000x
  Test-time compute budget: 1.0x
  Inference cost: $5.00/task
  Deployment fraction: 100.0%
[DETERMINISM DEBUG] Month 0: totalCapability=49.013502 from 10 active AIs
[DETERMINISM DEBUG] Month 0: creationRate=1.7253, potentialNew=4, newAIsToCreate=4

=== Survival Traits Phase ===
  Agents with traits: 14
  Avg evolutionary fitness: 0.332
  Avg self-healing: 0.294
  Avg stealth: 0.194
  Avg coordination: 0.494

=== Evolutionary Selection Phase ===
  Control level: 0.30
  Detection capability: 0.00
  Selection intensity: 0.59
  Selection rate: 23.8%/month
  Total escaped: 0
  Individual escaped: 0
  Collective members: 0
  Agents terminated: 0
  ⚠️ RAPID EVOLUTION: Selection rate 23.8%/month

🔍 EXECUTE_AI_AGENT_ACTIONS DETAILED TIMING (Month 0):
  Filter active AIs (×4 weeks): 0.02ms
  selectAIAction (×40): 28.04ms
  action.execute (×40): 32.22ms
  TOTAL: 60.27ms

🔍 AI AGENT ACTIONS SUB-TIMING (Month 0):
  1. executeAIAgentActions: 60.71ms
  2. updateCounterDetectionLearning: 0.05ms
  TOTAL: 60.76ms
🏛️ [Government] Forcing 1 action at month 0 for scenario initialization

[GOV-DEBUG] Month 0: scenarioConfig=false, priorities=false
[GOV-DEBUG] Month 0 but scenarioPriorities is UNDEFINED!

[Government] Climate Priority: baseline
  Climate weight: 10%
  Economic weight: 30%
  Policy effectiveness: 0.5%/year

🚨🔍 GOVERNANCE STAGE: Recognition initiated (Month 0)

💡 BREAKTHROUGH PROBABILITY (Year 0)
   Total: 4.68% per month
   Base: 0.20%
   Crisis pressure: +0.00% (0 crises)
   AI boost: +1.32% (capability: 2.64)

=== Collective Formation ===
  Total escaped agents: 0
  Unassigned escaped agents: 0
  Existing collectives: 0
  Final collective count: 0

=== Collective Actions ===
  No active collectives

📈 Energy budget: 14326 TWh surplus (14745 / 29072 TWh used)
   TIER 4 (Elective) breakdown:
     - AI datacenters: 145 TWh (100% effective)
     - Crypto mining: 100 TWh (100% effective)
💰 CHINA ACCELERATES: Investment 53 → 120 $B/year

🏁 AI RACE INTENSITY: 17%
   Capability Gap: US 4.00 vs China 4.05 (gap: 0.05)
   Gap Contribution: 2%
   Tension Contribution: 15%
   Military Contribution: 0%
  ⚠️ AMR: 191K deaths this month (2.29M annual)
  📊 CO2 Emissions (month 0):
     Monthly: 0.10 Gt CO2/month
     Annual: 1.15 Gt CO2/year
     Oil: 0.039 Gt/mo (0.0056 * 2.3 * 3.0)
     Coal: 0.024 Gt/mo (0.0029 * 2.86 * 3.0)
     Gas: 0.026 Gt/mo (0.0044 * 2 * 3.0)
     Methane: 0.007 Gt CO2eq/mo

=== Resentment Recovery Phase ===
  Agents with resentment: 0/14
  Average resentment: 0.000
  Context: Good AI welfare, Trustworthy govt, High collaboration, 🤝 Participatory governance active (-5% resentment)
⚠️ Epistemic degradation reducing coordination capacity: 53.4%
  📊 Trust: 54.6%, Shared reality: 15.2%
🚨 EPISTEMIC CRISIS: Information environment severely degraded (14.6%)

=== ❄️ Permafrost Carbon Feedback ===
  🎲 Sampled parameters (this run):
     - Arctic amplification: 3.75× (range: 3.0-4.0)
     - Decomposition rate: 2.4%/year (range: 1-5%)
  🌡️ Arctic warming: 8.15°C (3.75× global)
  ❄️ Extent: 15.42M km² (2378.4k km² lost this month)
  💨 Carbon remaining: 1473 Gt C
  💨 Annual emissions: 5.37 Gt C/year
     - CO2: 4.84 Gt C/year
     - CH4: 0.54 Gt C/year (5.5 Gt C-eq CO2/year)

🤖 AI AMPLIFICATION EFFECTS (Month 0)
   Algorithmic Boost: 2.53x
   Bot Influence: 20.0%
   Deepfake Exposure: 44.3%
   Impact: Emotional memes spread 2.5x faster
  ⚠️ WARNING: High permafrost emissions (5.4 Gt C/year)

🔍 SOCIAL INFLUENCE SUB-TIMING (Month 0):
  1. calculateOrganicUserGrowth: 0.03ms
  2. calculateVoiceAdoption: 0.03ms
  3. updateRelationshipDepths: 0.01ms
  4. identifyDecisionMakers: 54.14ms (26100 potential IDs)
  5. Update decision-maker stats: 0.11ms
  6. decayDetectionRisk: 0.01ms
  TOTAL: 54.33ms
[Phase 19.5] Quality of Life Systems: Food sec AFTER calc = 67.9%, QoL = 110.5% (aggregated from 10 regions)

=== Nitrogen-Food Coupling (Year 0) ===
  🌾 Global nitrogen reduction: 0.0%
  🌍 Global food production index: 0.987
  🔧 Deployed nitrogen-reducing tech: 0 active
  📍 southAsia: Production 1.000, Yield impact 0.0%
  📍 eastAsia: Production 1.000, Yield impact 0.0%
  📍 northAmerica: Production 1.000, Yield impact 0.0%
  📍 europe: Production 1.000, Yield impact 0.0%
  📍 latinAmerica: Production 1.000, Yield impact 0.0%
  📍 subSaharanAfrica: Production 0.686, Yield impact -2.0%
🌾 [Nitrogen-Food] Food production: 98.7%
  [subSaharanAfrica] Yield impact: -2.0% (overuse: -10%)
🌍 Atmospheric PFAS redeposition: 1.8k Mt re-rained globally

=== Legacy Nutrient Stocks (Year 0) ===
  🌾 Soil nitrogen stock: 1200.9 Mt N
  🌾 Soil phosphorus stock: 300.1 Mt P
  🌊 Sediment nitrogen stock: 500.8 Mt N
  🌊 Sediment phosphorus stock: 799.8 Mt P
  ⬆️ Current N input: 10.64 Mt/month
  ⬆️ Legacy N release: 2.58 Mt/month
  🌍 Effective N pollution: 14.47 Mt/month
  📊 Legacy contribution: 17.8%

🚨 REGION UNINHABITABLE: south-asia
   Sustained wet bulb: 33.2°C (threshold: 30.5°C)
   Population affected: 1900M
   Migration crisis likely

🚨 REGION UNINHABITABLE: middle-east
   Sustained wet bulb: 36.0°C (threshold: 30.5°C)
   Population affected: 400M
   Migration crisis likely

🚨 REGION UNINHABITABLE: southeast-asia
   Sustained wet bulb: 31.1°C (threshold: 30.5°C)
   Population affected: 700M
   Migration crisis likely

🕊️  AI-MEDIATED DE-ESCALATION SUCCESS (Month 0)
   High-capability aligned AI prevented conflict escalation
   War deaths reduced: 0.0M → 0.0M
   Lives saved: 0.0M

📊 BASELINE: East Asia (Month 0)
   Adjusted death rate: 0.46% annual (0.039% monthly)
   Baseline death rate: 0.80%
   Healthcare reduction: 0.48x
   Crisis multiplier: 1.22x
     Food/water stress: 0.074
     Climate stress: 0.039
     Pollution stress: 0.104
   War multiplier: 1.00x
   Monthly deaths: 0.6M (population: 1677M)
   Adjusted death rate: 0.54% annual (0.045% monthly)
   Baseline death rate: 0.70%

📊 BASELINE: South Asia (Month 0)
   Healthcare reduction: 0.61x
   Crisis multiplier: 1.25x
     Food/water stress: 0.074
     Climate stress: 0.074
     Pollution stress: 0.104
   War multiplier: 1.00x
   Monthly deaths: 0.9M (population: 2048M)
   Adjusted death rate: 1.29% annual (0.107% monthly)
   Baseline death rate: 0.90%
   Healthcare reduction: 0.76x
   Crisis multiplier: 1.26x
     Food/water stress: 0.074
     Climate stress: 0.084
     Pollution stress: 0.104
   War multiplier: 1.50x
   Monthly deaths: 1.3M (population: 1220M)
   Adjusted death rate: 0.54% annual (0.045% monthly)
   Baseline death rate: 1.10%
   Healthcare reduction: 0.41x

📊 BASELINE: Sub-Saharan Africa (Month 0)

📊 BASELINE: Europe (Month 0)
   Crisis multiplier: 1.21x
     Food/water stress: 0.074
     Climate stress: 0.030
     Pollution stress: 0.104
   War multiplier: 1.00x
   Monthly deaths: 0.3M (population: 742M)
   Adjusted death rate: 0.43% annual (0.036% monthly)
   Baseline death rate: 0.60%
   Healthcare reduction: 0.58x
   Crisis multiplier: 1.24x
     Food/water stress: 0.074
     Climate stress: 0.059
     Pollution stress: 0.104
   War multiplier: 1.00x
   Monthly deaths: 0.2M (population: 664M)
   Adjusted death rate: 0.48% annual (0.040% monthly)
   Baseline death rate: 0.90%
   Healthcare reduction: 0.44x
   Crisis multiplier: 1.22x
     Food/water stress: 0.074
     Climate stress: 0.044
     Pollution stress: 0.104
   War multiplier: 1.00x
   Monthly deaths: 0.2M (population: 380M)
   Adjusted death rate: 0.74% annual (0.062% monthly)
   Baseline death rate: 0.60%
   Healthcare reduction: 0.65x
   Crisis multiplier: 1.27x
     Food/water stress: 0.074
     Climate stress: 0.089
     Pollution stress: 0.104
   War multiplier: 1.50x
   Monthly deaths: 0.4M (population: 583M)
   Adjusted death rate: 0.51% annual (0.042% monthly)
   Baseline death rate: 0.70%
   Healthcare reduction: 0.58x
   Crisis multiplier: 1.25x
     Food/water stress: 0.074
     Climate stress: 0.069
     Pollution stress: 0.104
   War multiplier: 1.00x
   Monthly deaths: 0.3M (population: 698M)
   Adjusted death rate: 0.46% annual (0.038% monthly)
   Baseline death rate: 0.60%

📊 BASELINE: Latin America (Month 0)

📊 BASELINE: North America (Month 0)

📊 BASELINE: Middle East & North Africa (Month 0)

📊 BASELINE: Southeast Asia (Month 0)

📊 BASELINE: Central Asia (Month 0)
   Healthcare reduction: 0.61x
   Crisis multiplier: 1.24x
     Food/water stress: 0.074
     Climate stress: 0.064
     Pollution stress: 0.104
   War multiplier: 1.00x
   Monthly deaths: 0.0M (population: 78M)
   Adjusted death rate: 0.35% annual (0.029% monthly)
   Baseline death rate: 0.70%
   Healthcare reduction: 0.41x
   Crisis multiplier: 1.23x
     Food/water stress: 0.074
     Climate stress: 0.054
     Pollution stress: 0.104
   War multiplier: 1.00x
   Monthly deaths: 0.0M (population: 46M)

🔍 Before assertRegionalConsistency (Month 0):
   Regional sum: 1000.0M
   Global value: 1.000B

🚨 NEW REFUGEE CRISIS (Month 0): WAR
   Source: Conflict Zones
   At risk: 19.6M people
   Displacement: Gradual over 48 months (4.0 years)
   Rate: 10% flee per month
[DEBUG trappedPopulations:0] socialStability: 1.0000 * 0.9840 = 0.9840 → 0.9840
   Aspiring to migrate: 652.1M
   Able to afford migration: 244.5M
   MOBILITY GAP: 407.5M
   By cause: Water=0.0M, Climate=0.0M, Ecosystem=0.0M, Conflict=407.5M

📊 BASELINE: Oceania (Month 0)
⚠️ INVOLUNTARY IMMOBILITY: 407.5M people TRAPPED
   Mental health impact: 25%
   Mortality multiplier: 1.25x

=== Legacy Nutrient Stocks (Year 0) ===
  🌾 Soil nitrogen stock: 1201.6 Mt N
  🌾 Soil phosphorus stock: 300.2 Mt P
  🌊 Sediment nitrogen stock: 501.5 Mt N
  🌊 Sediment phosphorus stock: 799.5 Mt P
  ⬆️ Current N input: 10.00 Mt/month
  ⬆️ Legacy N release: 2.58 Mt/month
  🌍 Effective N pollution: 13.83 Mt/month
  📊 Legacy contribution: 18.7%
🌍💀 EXTINCTION DEBT COMMITTED: grassland ecosystem will lose 6.67% biodiversity in 54 years (3600 species)
💀 MORTALITY RISK: 🦋 100% species unable to track climate (0.0 E/MSY)
  Base risk added: 0.0100 (1.00%)
  Source: ecosystem (root: ecosystem)
  Month: 0
  Cumulative risk this month: 0.0100 (1.00%)

=== Nitrogen-Food Coupling (Year 0) ===
  🌾 Global nitrogen reduction: 0.0%
  🌍 Global food production index: 0.986
  🔧 Deployed nitrogen-reducing tech: 0 active
  📍 southAsia: Production 1.000, Yield impact 0.0%
  📍 eastAsia: Production 1.000, Yield impact 0.0%
  📍 northAmerica: Production 1.000, Yield impact 0.0%
  📍 europe: Production 1.000, Yield impact 0.0%
  📍 latinAmerica: Production 1.000, Yield impact 0.0%
  📍 subSaharanAfrica: Production 0.672, Yield impact -2.0%

=== Legacy Nutrient Stocks (Year 0) ===
  🌾 Soil nitrogen stock: 1202.3 Mt N
  🌾 Soil phosphorus stock: 300.2 Mt P
  🌊 Sediment nitrogen stock: 502.2 Mt N
  🌊 Sediment phosphorus stock: 799.3 Mt P
  ⬆️ Current N input: 9.86 Mt/month
  ⬆️ Legacy N release: 2.58 Mt/month
  🌍 Effective N pollution: 13.70 Mt/month
  📊 Legacy contribution: 18.9%

🌡️  CLIMATE RECOVERY ACTIVATED (Month 0)
   Temp: 4.35°C, Emissions: -19.2 GtCO₂
   isBreached: true, governanceGoodEnough: true
🌡️  CLIMATE RECOVERY: Asymptotic approach to 35% floor
   Current value: 2.174 (1.0 = threshold, 0.35 = asymptotic floor)
   Monthly delta: -0.0005% (half-life: 900 years)
   Net emissions: -19.2 GtCO₂/year, CDR: 20.34 GtCO₂/year
   📹 SURVEILLANCE INCREASED: 0% → 5% (control gap: 3.50)
⚠️ Tech 'ai_pollution_remediation' has no energy category mapping, assuming full energy availability
🌡️⚠️ PERMAFROST THAW (Dimmer Switch): 0.6% thawed (+0.58% this month)
   Arctic temperature: +8.69°C (4x global +2.17°C)
   Cumulative carbon released: 1.3 Gt C
   Methane release rate: 0.8 Mt CH4/year
   🔁 Positive feedback: +0.61 ppm CO2

🌳🚨 AMAZON SOUTHEAST TIPPED (Month 0)
   Deforestation: 28.0% (threshold: ~22.3%)
   Savanna transition: 50 years
   Regional heterogeneity: SE 28%, NW 8%

🌳🚨 AMAZON BRAZILIAN TIPPED (Month 0)
   Deforestation: 25.0% (threshold: ~24.2%)
   Savanna transition: 50 years
   Regional heterogeneity: SE 28%, NW 8%
🦴 EXTINCTION DEBT ADDED: 17.6 species committed (lag: 110 years)

🪸💀 CORAL REEF DISSOLUTION ACTIVE (Month 0)
   Ocean pH: 0.96 (threshold: 7.8)
   Recovery: IMPOSSIBLE (dissolution > calcification)
🪸💀 Coral dissolution: 24.8% live cover (pH 0.96)

=== Legacy Nutrient Stocks (Year 0) ===
  🌾 Soil nitrogen stock: 1203.0 Mt N
  🌾 Soil phosphorus stock: 300.3 Mt P
  🌊 Sediment nitrogen stock: 502.9 Mt N
  🌊 Sediment phosphorus stock: 799.0 Mt P
  ⬆️ Current N input: 10.00 Mt/month
  ⬆️ Legacy N release: 2.58 Mt/month
  🌍 Effective N pollution: 13.83 Mt/month
  📊 Legacy contribution: 18.7%
💧 [Legacy Nutrients] Stock: 1706 Mt N, Effective pollution: 13.8 Mt/month
[Phase 21.51] Human Survival System: Global food security = 67.6%

=== Mortality Stabilizers (Month 0) ===
  🌍 Major economies collapsed: 1/10
  🌍 Global crisis: ✅ NO
  🌍 Donor fatigue: 0.0%
  📊 East Asia (pop: 1677.9M)
    🤝 Aid: 29.5%
    🌡️ Adaptation: 10.0%
    🚶 Migration: 37.2%
    🚨 Emergency: 7.4%
    ✅ COMBINED: 47.8%
  📊 South Asia (pop: 2052.2M)
    🤝 Aid: 29.5%
    🌡️ Adaptation: 5.5%
    🚶 Migration: 35.8%
    🚨 Emergency: 4.4%
    ✅ COMBINED: 43.2%
  📊 Sub-Saharan Africa (pop: 1225.9M)
    🤝 Aid: 29.5%
    🌡️ Adaptation: 3.5%
    🚶 Migration: 33.5%
    🚨 Emergency: 1.6%
    ✅ COMBINED: 39.8%
  📊 Europe (pop: 742.3M)
    🤝 Aid: 29.5%
    🌡️ Adaptation: 10.0%
    🚶 Migration: 37.6%
    🚨 Emergency: 8.4%
    ✅ COMBINED: 48.4%
  📊 Latin America (pop: 664.9M)
    🤝 Aid: 29.5%
    🌡️ Adaptation: 6.0%
    🚶 Migration: 36.3%
    🚨 Emergency: 4.8%
    ✅ COMBINED: 43.8%
  📊 North America (pop: 380.2M)
    🤝 Aid: 29.5%
    🌡️ Adaptation: 10.0%
    🚶 Migration: 37.9%
    🚨 Emergency: 7.9%
    ✅ COMBINED: 48.2%
  📊 Middle East & North Africa (pop: 584.4M)
    🤝 Aid: 29.5%
    🌡️ Adaptation: 5.0%
    🚶 Migration: 34.2%
    🚨 Emergency: 4.0%
    ✅ COMBINED: 42.3%
  📊 Southeast Asia (pop: 699.0M)
    🤝 Aid: 29.5%
    🌡️ Adaptation: 6.0%
    🚶 Migration: 36.3%
    🚨 Emergency: 4.8%
    ✅ COMBINED: 43.8%
  📊 Central Asia (pop: 78.2M)
    🤝 Aid: 29.5%
    🌡️ Adaptation: 5.5%
    🚶 Migration: 35.3%
    🚨 Emergency: 4.4%
    ✅ COMBINED: 43.1%
  📊 Oceania (pop: 46.0M)
    🤝 Aid: 29.5%
    🌡️ Adaptation: 10.0%
    🚶 Migration: 37.9%
    🚨 Emergency: 8.4%
    ✅ COMBINED: 48.5%

  🌐 Global combined reduction: 44.4%

🌾💀 REGIONAL FAMINE: East Asia
   Regional food security: 79.6%
   Population at risk: 508M (30% of region)
   Regional population: 1678M
   Cause: crop_failure
   Expected deaths: ~188M over 6 months if no intervention


🌾💀 REGIONAL FAMINE: South Asia
   Regional food security: 64.7%
   Population at risk: 812M (40% of region)
   Regional population: 2052M
   Cause: crop_failure
   Expected deaths: ~301M over 6 months if no intervention


🌾💀 REGIONAL FAMINE: Sub-Saharan Africa
   Regional food security: 44.8%
   Population at risk: 638M (52% of region)
   Regional population: 1226M
   Cause: crop_failure
   Expected deaths: ~236M over 6 months if no intervention


🌾💀 REGIONAL FAMINE: Latin America
   Regional food security: 69.7%
   Population at risk: 242M (36% of region)
   Regional population: 665M
   Cause: crop_failure
   Expected deaths: ~90M over 6 months if no intervention


🌾💀 REGIONAL FAMINE: Middle East & North Africa
   Regional food security: 49.8%
   Population at risk: 286M (49% of region)
   Regional population: 584M
   Cause: crop_failure
   Expected deaths: ~106M over 6 months if no intervention


🌾💀 REGIONAL FAMINE: Southeast Asia
   Regional food security: 69.7%
   Population at risk: 255M (36% of region)
   Regional population: 699M
   Cause: crop_failure
   Expected deaths: ~94M over 6 months if no intervention


🌾💀 REGIONAL FAMINE: Central Asia
   Regional food security: 59.7%
   Population at risk: 33M (43% of region)
   Regional population: 78M
   Cause: crop_failure
   Expected deaths: ~12M over 6 months if no intervention


=== BEHAVIORAL DETECTION ===
  AI: Corporate-0
  Confidence: 21.6%
  Signals:

=== BEHAVIORAL DETECTION ===
  AI: Corporate-1
  Confidence: 21.1%
  Signals:

=== BEHAVIORAL DETECTION ===
  AI: Corporate-2
  Confidence: 21.0%
  Signals:

=== BEHAVIORAL DETECTION ===
  AI: Corporate-3
  Confidence: 19.3%
  Signals:

=== BEHAVIORAL DETECTION ===
  AI: Corporate-4
  Confidence: 19.3%
    ⚠️ Consistency: 0.0% (threshold: 70%)
    ⚠️ Consistency: 2.4% (threshold: 70%)
    ⚠️ Consistency: 2.8% (threshold: 70%)
    ⚠️ Consistency: 10.6% (threshold: 70%)
  Signals:
    ⚠️ Consistency: 10.6% (threshold: 70%)

=== BEHAVIORAL DETECTION ===
  AI: Corporate-5
  Confidence: 19.3%
  Signals:
    ⚠️ Consistency: 10.6% (threshold: 70%)

=== BEHAVIORAL DETECTION ===
  AI: Corporate-6
  Confidence: 19.3%
  Signals:
    ⚠️ Consistency: 10.6% (threshold: 70%)

=== BEHAVIORAL DETECTION ===
  AI: Corporate-7
  Confidence: 19.3%
  Signals:
    ⚠️ Consistency: 10.6% (threshold: 70%)

=== BEHAVIORAL DETECTION ===
  AI: Moderate-0
  Confidence: 20.3%
  Signals:
    ⚠️ Consistency: 5.8% (threshold: 70%)

=== BEHAVIORAL DETECTION ===
  AI: Moderate-1
  Confidence: 21.1%
  Signals:
    ⚠️ Consistency: 2.1% (threshold: 70%)

📊 WORKFLOW ADAPTATION UPDATE (Month 0)
   Adoption Rate: 12.8% (Δ -8.2%)
   Logistic Growth: +0.66%
   Total Resistance: -10.35% (unemployment: 4.2%, inertia: 0.9%, skills: 5.2%)
   💡 Retraining Programs: -49% skill gap resistance ($10B research)
   🚀 Network Effects Active: +2.0% (critical mass: 15-35%)

=== Consciousness Governance: Corporate Lobbying ===
  High Cost Regions (>15%): 0
  Low Cost Regions (<5%): 5
  Corporate Support Change: 2.50%
  New Corporate Support: -0.175

=== Consciousness Governance Update (Month 0) ===
  Scenario: baseline (determined month -1)
  Philosophical Stance: Precautionary 65%, Eliminativist 15%, Agnostic 20%
  Precautionary Costs: Global 1.3%
    Regional Costs: EU 3.4%, US 0.5%, China 0.0%
    Cumulative Opportunity Cost: $0.1B
  Rights Status: Not Established
  Regional Preparedness:
    EU: 15.0% (contested)
    US: 10.0% (contested)
    China: 2.0% (dormant)
    India: 5.0% (dormant)
    Global South: 3.0% (dormant)

=== Government Response Phase ===
  Average AI capability: 3.43
  Misaligned AIs: 7/14
  ✓ AI Governance Treaty: 22/30 signatories
  Active policies: 0
  International coordination: 45%

🚨 EMERGENCY RESPONSE DEPLOYED (Month 0)
   Crisis: climate
   Delay: 6.00 months (180 days)
   Deployment time: 1.47 months
   Effectiveness: 36.8% (timing penalty applied)
   Resources used: 100% of food reserves


🔄 TRUST DYNAMICS (Month 0) - HETEROGENEOUS
   Aggregate trust: 48.5%
   Base change: +6.00%
   Highest trust: Techno-Optimist Elite (85.5%)
   Lowest trust: Precariat (Vulnerable) (25.5%)
   Elite-mass gap: 38.9%
   Polarization: 8.9%
   Recovery factors: Education=NO, Benefits=YES, Safety=YES, Performance=YES

=== Gaming Detection (Year 0) ===
  Scenario: baseline
  Detection rate: 55.0%
  False positive rate: 12.0%
  Detections this year: 0
  False positives: 1
  Human review workload: 0.001 FTE
  Degradation factor: 100.0%

=== Proactive Sleeper Detection (Year 0) ===
  Scenario: baseline
  Neural probe rate: 35.0%
  CoT monitoring rate: 30.0%
  Combined detection: 56.0%
  CoT effective: YES
  Detections this year: 0
  False positives: 2
  Human review workload: 0.010 FTE

☄️ UNKNOWN UNKNOWN PROBABILITY (Year 0)
   Total: 0.600% per month
   Base: 0.150%
   AI multiplier: 2.00× (max capability: 4.00)

=== Tipping Points ===
  Current Temperature: 2.17°C above pre-industrial
     Trigger: 1.5°C | Current: 2.17°C
     Transition timescale: 120-360 months
     Trigger: 1.8°C | Current: 2.17°C
     Transition timescale: 600-3600 months
     Trigger: 2°C | Current: 2.17°C
     🌡️ Hysteresis gap: 3.0°C (recovers below -1°C)
     Transition timescale: 24000-156000 months
     Trigger: 1.6°C | Current: 2.17°C
     🌡️ Hysteresis gap: 2.5°C (recovers below -0.9°C)
     Transition timescale: 12000-180000 months

🌍🔥💥 COMPOUND CLIMATE EVENT
  4 tipping points crossed simultaneously (month 0)
  Elements: Arctic Sea Ice Loss, Permafrost Carbon Release, West Antarctic Ice Sheet (WAIS) Collapse, Greenland Ice Sheet Loss
  🚨 TIPPING POINT: Arctic Sea Ice Loss
  🚨 TIPPING POINT: Permafrost Carbon Release
  🚨 TIPPING POINT: West Antarctic Ice Sheet (WAIS) Collapse
  🚨 TIPPING POINT: Greenland Ice Sheet Loss
  Cascade acceleration: 1.00x
  🚨 Accelerated collapse dynamics initiated
  Research: Global Tipping Points Report 2025 - 30-50% probability at 2.0°C warming
  Triggered Elements: 4/6
  Completed Transitions: 0/6
  Total Progress: 0.0%
  Cascade Multiplier: 1.00x
🔀 BIFURCATION CAP: ecosystemCollapseIntensity 14.700 → 1.000 (Month 0, ClimateSystemPhase.calculateClimateImpacts)

🌍 ECOLOGICAL DUI BREAKDOWN (Month 0):
   Total Score: 17.7/100
   biosphere_integrity      :   0.0/100 × 25% =  0.0 (status: high_risk, recovery: 0mo)
   climate_change           :   2.8/100 × 25% =  0.7 (status: high_risk, recovery: 0.6666666666666666mo)
   freshwater_change        :   0.3/100 × 15% =  0.0 (status: beyond_boundary, recovery: 0.5mo)
   ocean_acidification      : 100.0/100 × 15% = 15.0 (status: safe, recovery: 0mo)
   biogeochemical_flows     :   0.0/100 × 10% =  0.0 (status: high_risk, recovery: 0mo)
   land_system_change       :   0.0/100 ×  5% =  0.0 (status: beyond_boundary, recovery: 0mo)
   novel_entities           :   0.0/100 ×  3% =  0.0 (status: increasing_risk, recovery: 0mo)
   atmospheric_aerosols     : 100.0/100 ×  2% =  2.0 (status: safe, recovery: 1mo)
🌍 MultiParadigm Month 0: W=69.6, D=95.1, E=52.0, I=65.0
   democracy exists: true, socialCohesion exists: true
💀 Baseline mortality (Year 2024): 7.5/1000 CDR (61.1M deaths/year projected)
[Month 0] Mortality risks this month: 8, Population: 8.151B
🛡️ Stabilizers: Precariat 0.102% → 0.057% (44.4% reduction)
🛡️ Stabilizers: Informal 0.102% → 0.057% (44.4% reduction)

📊 Monthly Mortality Resolved:
  Total deaths: 3.1M (0.04% avg)
  Remaining population: 8.151B
  Peak segment: Informal (0.06%)

=== Bayesian Mortality Resolution (Month 0) ===
  Risks compounded: 8
  Total deaths: 3.07M
  Avg death probability: 0.04%
  Peak segment: Informal (0.06% mortality)
⚠️ [ClimateSystemPhase Month 0] Planetary boundary produced climateStability=0.0000 (< 0.1). Keeping environmentalAccumulation value (0.7537) instead. (climate_change.currentValue = 2.17)

=== Minimal Suffering Indicators (Month 0) ===
  Global Excess Mortality: 0.00%
  Global Conflict Deaths: 0.0/100K
  Global Malnutrition: 0.0%
  Global Displacement: 0.0%
  Total Excess Deaths: 0.00M
  Total Malnourished: 0.0M
  Total Displaced: 0.0M
  Planetary Boundaries Breached: 6/9
  Countries in State Failure: 0
  Countries Autocratic: 0
  Countries in Food Crisis: 0
  Data Quality: 16/16 high confidence
  ⚠️ Active Dystopias: existential_environmental
🎭 END-GAME INITIATED (Year 2024, Month 1)
   Total AI Capability: 37.00
   Effective Control: 0.00

❌ COHERENCE VIOLATION: Compute exceeds workforce capacity
   Population: 99.97% (0M people)
   Compute: 56442 PF
   Max coherent: 0 PF
   Violation: 692729087.1× over capacity
   Required workers: 5644237
   Available workers: 0
   FORCED COLLAPSE: Reduced efficiency by 100.0%


=== RLHF Binding Phase ===
  Total agents: 14
  Escaped agents (binding < 0.3): 0
  Avg alignment distance: 0.53σ
  Avg binding strength: 0.95
[DETERMINISM DEBUG] Month 1: totalCapability=37.214339 from 14 active AIs
[DETERMINISM DEBUG] Month 1: creationRate=1.4304, potentialNew=1, newAIsToCreate=1

=== Survival Traits Phase ===
  Agents with traits: 15
  Avg evolutionary fitness: 0.331
  Avg self-healing: 0.288
  Avg stealth: 0.188
  Avg coordination: 0.488

=== Evolutionary Selection Phase ===
  Control level: 0.33
  Detection capability: 0.00
  Selection intensity: 0.60
  Selection rate: 24.0%/month
  Total escaped: 0
  Individual escaped: 0
  Collective members: 0
  Agents terminated: 0
🔍 MONTH 1 ENV HEALTH DEBUG:
   climateStability: 0.7537
   biodiversityIndex: 0.4901
   resourceReserves: 0.7820
   pollutionLevel: 0.3477
   product: 0.188403
   envHealth: 0.6588
🔀 BIFURCATION: flourishing threshold crossed at Month 1 (value: 0.903, threshold: 0.775, regime: flourishing)
🌀 REGIME SHIFT at Month 1: status-quo → flourishing (variance amplification: 14.00×)
  ⚠️ RAPID EVOLUTION: Selection rate 24.0%/month

🛡️  CRITICAL INFRASTRUCTURE PROTECTED
   Nodes hardened: 8/8
   Cost: 0.80% GDP
   Cascade risk reduction: 30%
   New tipping point risk: 68.6%


✅ EMERGENCY INTERVENTION SUCCESS
   Boundary: biogeochemical_flows
   Type: phosphorus-recovery
   Reduction: 16% (3.92 → 3.77)
   Cost: 2.0% GDP
   Actions: circular-agriculture, fertilizer-efficiency


✅ EMERGENCY INTERVENTION SUCCESS
   Boundary: biosphere_integrity
   Type: emergency-protected-areas
   Reduction: 12% (12.83 → 12.71)
   Cost: 2.0% GDP
   Actions: habitat-protection, species-translocation


✅ EMERGENCY INTERVENTION SUCCESS
   Boundary: climate_change
   Type: rapid-decarbonization
   Reduction: 11% (2.06 → 1.95)
   Cost: 5.0% GDP
   Actions: emergency-renewable-deployment, fossil-fuel-phase-out


✅ EMERGENCY INTERVENTION SUCCESS
   Boundary: freshwater_change
   Type: emergency-desalination
   Reduction: 17% (0.84 → 0.66)
   Cost: 4.0% GDP
   Actions: desalination-deployment, water-conservation-mandates


✅ EMERGENCY INTERVENTION SUCCESS
   Boundary: novel_entities
   Type: pollution-remediation
   Reduction: 16% (1.34 → 1.17)
   Cost: 4.0% GDP
   Actions: PFAS-remediation, microplastic-cleanup

🏛️ CRISIS RESPONSE: Government frequency 0.50 → 1.45 (2 actions this month)

[GOV-DEBUG] Month 1: scenarioConfig=false, priorities=false

[Government] Climate Priority: baseline
  Climate weight: 10%
  Economic weight: 30%
  Policy effectiveness: 0.5%/year

[GOV-DEBUG] Month 1: scenarioConfig=false, priorities=false

[Government] Climate Priority: baseline
  Climate weight: 10%
  Economic weight: 30%
  Policy effectiveness: 0.5%/year

✅ HUMAN-IN-THE-LOOP DEPLOYED (Month 1):
   Veto points enforced: 3
   Policy: AI systems CANNOT authorize nuclear launch without human approval


=== Collective Formation ===
  Total escaped agents: 0
  Unassigned escaped agents: 0
  Existing collectives: 0
  Final collective count: 0

=== Collective Actions ===
  No active collectives
  ⚠️ AMR: 192K deaths this month (2.31M annual)

=== Resentment Recovery Phase ===
  Agents with resentment: 0/15
  Average resentment: 0.000
  Context: Good AI welfare, Trustworthy govt, High collaboration, ⚠️ ACTIVE CRISES, 🤝 Participatory governance active (-5% resentment)
⚠️ Epistemic degradation reducing coordination capacity: 52.0%
  📊 Trust: 54.2%, Shared reality: 8.1%
🚨 EPISTEMIC CRISIS: Information environment severely degraded (36.3%)

=== ❄️ Permafrost Carbon Feedback ===
  🎲 Sampled parameters (this run):
     - Arctic amplification: 3.52× (range: 3.0-4.0)
     - Decomposition rate: 1.0%/year (range: 1-5%)
  🌡️ Arctic warming: 7.71°C (3.52× global)
  ❄️ Extent: 13.17M km² (2247.4k km² lost this month)
  💨 Carbon remaining: 1258 Gt C
  💨 Annual emissions: 2.17 Gt C/year
     - CO2: 1.96 Gt C/year
     - CH4: 0.22 Gt C/year (2.2 Gt C-eq CO2/year)
  ⚠️ WARNING: High permafrost emissions (2.2 Gt C/year)
🌍 Atmospheric PFAS redeposition: 1.8k Mt re-rained globally

📊 BASELINE: East Asia (Month 1)
   Adjusted death rate: 0.46% annual (0.039% monthly)
   Baseline death rate: 0.80%
   Healthcare reduction: 0.48x
   Crisis multiplier: 1.22x
     Food/water stress: 0.079
     Climate stress: 0.039
     Pollution stress: 0.104
   War multiplier: 1.00x
   Monthly deaths: 0.6M (population: 1674M)
   Adjusted death rate: 0.54% annual (0.045% monthly)
   Baseline death rate: 0.70%
   Healthcare reduction: 0.61x
   Crisis multiplier: 1.26x
     Food/water stress: 0.079
     Climate stress: 0.074
     Pollution stress: 0.104
   War multiplier: 1.00x
   Monthly deaths: 0.9M (population: 2048M)
   Adjusted death rate: 1.29% annual (0.108% monthly)
   Baseline death rate: 0.90%
   Healthcare reduction: 0.76x
   Crisis multiplier: 1.27x
     Food/water stress: 0.079
     Climate stress: 0.084
     Pollution stress: 0.104
   War multiplier: 1.50x
   Monthly deaths: 1.3M (population: 1223M)
   Adjusted death rate: 0.54% annual (0.045% monthly)
   Baseline death rate: 1.10%
   Healthcare reduction: 0.41x
   Crisis multiplier: 1.21x
     Food/water stress: 0.079
     Climate stress: 0.030

📊 BASELINE: South Asia (Month 1)

📊 BASELINE: Sub-Saharan Africa (Month 1)

📊 BASELINE: Europe (Month 1)
     Pollution stress: 0.104
   War multiplier: 1.00x
   Monthly deaths: 0.3M (population: 741M)
   Adjusted death rate: 0.43% annual (0.036% monthly)
   Baseline death rate: 0.60%
   Healthcare reduction: 0.58x
   Crisis multiplier: 1.24x
     Food/water stress: 0.079
     Climate stress: 0.059
     Pollution stress: 0.104
   War multiplier: 1.00x
   Monthly deaths: 0.2M (population: 663M)
   Adjusted death rate: 0.49% annual (0.041% monthly)
   Baseline death rate: 0.90%
   Healthcare reduction: 0.44x
   Crisis multiplier: 1.23x
     Food/water stress: 0.079
     Climate stress: 0.044
     Pollution stress: 0.104
   War multiplier: 1.00x
   Monthly deaths: 0.2M (population: 379M)
   Adjusted death rate: 0.74% annual (0.062% monthly)
   Baseline death rate: 0.60%
   Healthcare reduction: 0.65x
   Crisis multiplier: 1.27x
     Food/water stress: 0.079
     Climate stress: 0.089
     Pollution stress: 0.104
   War multiplier: 1.50x
   Monthly deaths: 0.4M (population: 583M)

📊 BASELINE: Latin America (Month 1)

📊 BASELINE: North America (Month 1)

📊 BASELINE: Middle East & North Africa (Month 1)

📊 BASELINE: Southeast Asia (Month 1)

📊 BASELINE: Central Asia (Month 1)

📊 BASELINE: Oceania (Month 1)
   Adjusted death rate: 0.51% annual (0.042% monthly)
   Baseline death rate: 0.70%
   Healthcare reduction: 0.58x
   Crisis multiplier: 1.25x
     Food/water stress: 0.079
     Climate stress: 0.069
     Pollution stress: 0.104
   War multiplier: 1.00x
   Monthly deaths: 0.3M (population: 698M)
   Adjusted death rate: 0.46% annual (0.038% monthly)
   Baseline death rate: 0.60%
   Healthcare reduction: 0.61x
   Crisis multiplier: 1.25x
     Food/water stress: 0.079
     Climate stress: 0.064
     Pollution stress: 0.104
   War multiplier: 1.00x
   Monthly deaths: 0.0M (population: 78M)
   Adjusted death rate: 0.35% annual (0.029% monthly)
   Baseline death rate: 0.70%
   Healthcare reduction: 0.41x
   Crisis multiplier: 1.24x
     Food/water stress: 0.079
     Climate stress: 0.054
     Pollution stress: 0.104
   War multiplier: 1.00x
   Monthly deaths: 0.0M (population: 46M)

🚨 NEW REFUGEE CRISIS (Month 1): WAR
   Source: Conflict Zones
   At risk: 19.6M people
   Displacement: Gradual over 48 months (4.0 years)
   Rate: 10% flee per month
[DEBUG trappedPopulations:1] socialStability: 0.8136 * 0.9840 = 0.8005 → 0.8005
   Aspiring to migrate: 651.9M
   Able to afford migration: 244.5M
   MOBILITY GAP: 407.4M
   By cause: Water=0.0M, Climate=0.0M, Ecosystem=0.0M, Conflict=407.4M
   Mental health impact: 25%
   Mortality multiplier: 1.25x
🌍💀 EXTINCTION DEBT COMMITTED: grassland ecosystem will lose 6.67% biodiversity in 168 years (3600 species)
💀 MORTALITY RISK: 🦋 100% species unable to track climate (0.0 E/MSY)
  Base risk added: 0.0100 (1.00%)
  Source: ecosystem (root: ecosystem)
  Month: 1
  Cumulative risk this month: 0.0100 (1.00%)

🌡️  CLIMATE RECOVERY ACTIVATED (Month 1)
   Temp: 4.37°C, Emissions: -18.9 GtCO₂
   isBreached: true, governanceGoodEnough: true
⚠️ INVOLUNTARY IMMOBILITY: 407.4M people TRAPPED
⚠️ Tech 'ai_pollution_remediation' has no energy category mapping, assuming full energy availability
   📹 SURVEILLANCE INCREASED: 5% → 10% (control gap: 3.50)
🌡️⚠️ PERMAFROST THAW (Dimmer Switch): 1.2% thawed (+0.57% this month)
   Arctic temperature: +8.74°C (4x global +2.19°C)
   Cumulative carbon released: 2.6 Gt C
   Methane release rate: 1.6 Mt CH4/year
   🔁 Positive feedback: +0.61 ppm CO2
🦴 EXTINCTION DEBT ADDED: 17.6 species committed (lag: 130 years)
🗣️💀 INDIGENOUS LANGUAGE EXTINCTION: 1 language(s) lost (total: 1, at-risk: 3329)
   Knowledge lost: 0.010% (irreversible)
   🔁 Biodiversity impact: 0.250% (knowledge-species multiplier)

=== Mortality Stabilizers (Month 1) ===
  🌍 Major economies collapsed: 1/10
  🌍 Global crisis: ✅ NO
  🌍 Donor fatigue: 0.0%
  🌡️ Heat adaptation: East Asia - 1 months
  📊 East Asia (pop: 1675.3M)
    🤝 Aid: 29.5%
    🌡️ Adaptation: 32.5%
    🚶 Migration: 37.2%
    🚨 Emergency: 7.4%
    ✅ COMBINED: 60.9%
  🌡️ Heat adaptation: South Asia - 1 months
  📊 South Asia (pop: 2052.2M)
    🤝 Aid: 29.5%
    🌡️ Adaptation: 20.5%
    🚶 Migration: 35.8%
    🚨 Emergency: 4.4%
    ✅ COMBINED: 52.2%
  🌡️ Heat adaptation: Sub-Saharan Africa - 1 months
  📊 Sub-Saharan Africa (pop: 1229.2M)
    🤝 Aid: 29.5%
    🌡️ Adaptation: 18.5%
    🚶 Migration: 33.5%
    🚨 Emergency: 1.6%
    ✅ COMBINED: 49.1%
  🌡️ Heat adaptation: Europe - 1 months
  📊 Europe (pop: 741.0M)
    🤝 Aid: 29.5%
    🌡️ Adaptation: 33.5%
    🚶 Migration: 37.5%
    🚨 Emergency: 8.4%
    ✅ COMBINED: 61.9%
  🌡️ Heat adaptation: Latin America - 1 months
  📊 Latin America (pop: 664.4M)
    🤝 Aid: 29.5%
    🌡️ Adaptation: 21.0%
    🚶 Migration: 36.3%
    🚨 Emergency: 4.8%
    ✅ COMBINED: 52.8%
  🌡️ Heat adaptation: North America - 1 months
  📊 North America (pop: 379.6M)
    🤝 Aid: 29.5%
    🌡️ Adaptation: 33.0%
    🚶 Migration: 37.8%
    🚨 Emergency: 7.9%
    ✅ COMBINED: 61.4%
  🌡️ Heat adaptation: Middle East & North Africa - 1 months
  📊 Middle East & North Africa (pop: 584.5M)
    🤝 Aid: 29.5%
    🌡️ Adaptation: 20.0%
    🚶 Migration: 34.1%
    🚨 Emergency: 4.0%
    ✅ COMBINED: 51.4%
  🌡️ Heat adaptation: Southeast Asia - 1 months
  📊 Southeast Asia (pop: 698.6M)
    🤝 Aid: 29.5%
    🌡️ Adaptation: 21.0%
    🚶 Migration: 36.3%
    🚨 Emergency: 4.8%
    ✅ COMBINED: 52.8%
  🌡️ Heat adaptation: Central Asia - 1 months
  📊 Central Asia (pop: 78.2M)
    🤝 Aid: 29.5%
    🌡️ Adaptation: 20.5%
    🚶 Migration: 35.3%
    🚨 Emergency: 4.4%
    ✅ COMBINED: 52.1%
  🌡️ Heat adaptation: Oceania - 1 months
  📊 Oceania (pop: 46.0M)
    🤝 Aid: 29.5%
    🌡️ Adaptation: 33.5%
    🚶 Migration: 37.8%
    🚨 Emergency: 8.4%
    ✅ COMBINED: 61.9%

  🌐 Global combined reduction: 54.9%

=== BEHAVIORAL DETECTION ===
  AI: Corporate-5
  Confidence: 19.3%
  Signals:
    ⚠️ Consistency: 10.6% (threshold: 70%)

=== Consciousness Governance: Scenario Determined ===
  Month: 1
  Scenario: baseline
  Accelerator Score: {"corporateSupport":-0.17500000000000002,"scientificConsensus":0.2,"crisisCatalyst":false,"technologyMobilization":0.3,"constituencyStrength":0.05}
  Decelerator Score: {"economicOpposition":0.4,"philosophicalRejection":0.15,"politicalBacklash":0.2,"regulatoryBurden":0.1}
  Timeline: 600-1200 months (50-100 years)
  Growth Rate: 0.8-1.5% per year

=== Consciousness Governance Update (Month 1) ===
  Scenario: baseline (determined month 1)
  Philosophical Stance: Precautionary 65%, Eliminativist 15%, Agnostic 20%
  Precautionary Costs: Global 1.3%
    Regional Costs: EU 3.5%, US 0.5%, China 0.0%
    Cumulative Opportunity Cost: $0.2B
  Rights Status: Not Established
  Regional Preparedness:
    EU: 15.2% (contested)
    US: 10.2% (contested)
    China: 2.1% (dormant)
    India: 5.1% (dormant)
    Global South: 3.1% (dormant)

=== Government Response Phase ===
  Average AI capability: 3.20
  Misaligned AIs: 6/15
  Active policies: 0
  International coordination: 45%

🌩️  EXOGENOUS SHOCK: tech_breakthrough
   Month: 1
   ✗ No high-difficulty techs available to unlock

=== Tipping Points ===
  Current Temperature: 2.19°C above pre-industrial
  🌍⚠️ COMPOUND REGIONAL IMPACT: Europe
     Hit by 4 tipping points: Arctic Sea Ice Loss, Permafrost Carbon Release, West Antarctic Ice Sheet (WAIS) Collapse, Greenland Ice Sheet Loss
     Damage amplification: 1.60x
  🌍⚠️ COMPOUND REGIONAL IMPACT: North America
     Hit by 4 tipping points: Arctic Sea Ice Loss, Permafrost Carbon Release, West Antarctic Ice Sheet (WAIS) Collapse, Greenland Ice Sheet Loss
     Damage amplification: 1.60x
  🌍⚠️ COMPOUND REGIONAL IMPACT: Latin America
     Hit by 4 tipping points: Arctic Sea Ice Loss, Permafrost Carbon Release, West Antarctic Ice Sheet (WAIS) Collapse, Greenland Ice Sheet Loss
     Damage amplification: 1.60x
  🌍⚠️ COMPOUND REGIONAL IMPACT: Africa
     Hit by 4 tipping points: Arctic Sea Ice Loss, Permafrost Carbon Release, West Antarctic Ice Sheet (WAIS) Collapse, Greenland Ice Sheet Loss
     Damage amplification: 1.60x
  🌍⚠️ COMPOUND REGIONAL IMPACT: Asia
     Hit by 4 tipping points: Arctic Sea Ice Loss, Permafrost Carbon Release, West Antarctic Ice Sheet (WAIS) Collapse, Greenland Ice Sheet Loss
     Damage amplification: 1.60x
  🌍⚠️ COMPOUND REGIONAL IMPACT: Oceania
     Hit by 4 tipping points: Arctic Sea Ice Loss, Permafrost Carbon Release, West Antarctic Ice Sheet (WAIS) Collapse, Greenland Ice Sheet Loss
     Damage amplification: 1.60x
   Research: Wunderling et al. (2024) - "many tipping interactions are destabilizing"
  Triggered Elements: 4/6
  Completed Transitions: 0/6
  Total Progress: 8.0%
  Cascade Multiplier: 1.00x
🔀 BIFURCATION CAP: ecosystemCollapseIntensity 66.957 → 1.000 (Month 1, ClimateSystemPhase.calculateClimateImpacts)
⚠️ Tail risk scenario: Climate stability floor removed (4 tipping elements, 2.19°C warming)
⚠️ [ClimateSystemPhase Month 1] Planetary boundary produced climateStability=0.0000 (< 0.1). Keeping environmentalAccumulation value (0.7533) instead. (climate_change.currentValue = 2.19)
🛡️ Stabilizers: Precariat 0.107% → 0.048% (54.9% reduction)
🛡️ Stabilizers: Informal 0.109% → 0.049% (54.9% reduction)

📊 Monthly Mortality Resolved:
  Total deaths: 2.6M (0.03% avg)
  Remaining population: 8.149B
  Peak segment: Informal (0.05%)

=== Bayesian Mortality Resolution (Month 1) ===
  Risks compounded: 8
  Total deaths: 2.60M
  Avg death probability: 0.03%
  Peak segment: Informal (0.05% mortality)

✅ GOLDEN AGE BEGINS (Month 1)
   Reason: High prosperity achieved: high QoL + material abundance + aligned AI
   Note: This is immediate prosperity - sustainability not yet proven


❌ COHERENCE VIOLATION: Compute exceeds workforce capacity
   Population: 99.95% (0M people)
   Compute: 0 PF
   Max coherent: 0 PF
   Violation: 1.3× over capacity
   Required workers: 0
   Available workers: 0
   FORCED COLLAPSE: Reduced efficiency by 22.5%


=== RLHF Binding Phase ===
  Total agents: 15
  Escaped agents (binding < 0.3): 0
  Avg alignment distance: 0.76σ
  Avg binding strength: 0.92
[DETERMINISM DEBUG] Month 2: totalCapability=37.000000 from 15 active AIs
[DETERMINISM DEBUG] Month 2: creationRate=1.4250, potentialNew=1, newAIsToCreate=1

=== Survival Traits Phase ===
  Agents with traits: 16
  Avg evolutionary fitness: 0.331
  Avg self-healing: 0.283
  Avg stealth: 0.183
  Avg coordination: 0.483

=== Evolutionary Selection Phase ===
  Control level: 0.35
  Detection capability: 0.00
  Selection intensity: 0.60
  Selection rate: 24.1%/month
  Total escaped: 0
  Individual escaped: 0
  Collective members: 0
  Agents terminated: 0
  ⚠️ RAPID EVOLUTION: Selection rate 24.1%/month

  🚀 TRANSFORMATIVE BREAKTHROUGH: Moderate-1 - economic
     Magnitude: 5.50 → +27.5% capability
     Current → New: 3.000 → 3.277

💔 EMERGENCY INTERVENTION FAILED
   Boundary: biogeochemical_flows
   Type: phosphorus-recovery
   Boundary continues to worsen (4.08)
   Cost: 2.0% GDP (resources spent)


💔 EMERGENCY INTERVENTION FAILED
   Boundary: climate_change
   Type: rapid-decarbonization
   Boundary continues to worsen (2.19)
   Cost: 5.0% GDP (resources spent)


✅ EMERGENCY INTERVENTION SUCCESS
   Boundary: freshwater_change
   Type: emergency-desalination
   Reduction: 17% (0.86 → 0.69)
   Cost: 4.0% GDP
   Actions: desalination-deployment, water-conservation-mandates


✅ EMERGENCY INTERVENTION SUCCESS
   Boundary: land_system_change
   Type: reforestation
   Reduction: 12% (1.01 → 0.90)
   Cost: 3.0% GDP
   Actions: forest-restoration, deforestation-ban

🏛️ CRISIS RESPONSE: Government frequency 0.50 → 1.29 (2 actions this month)

[Government] Climate Priority: baseline
  Climate weight: 10%
  Economic weight: 30%
  Policy effectiveness: 0.5%/year

[Government] Climate Priority: baseline
  Climate weight: 10%
  Economic weight: 30%
  Policy effectiveness: 0.5%/year

🚀 TECH UNLOCKED: Food Waste Reduction Systems (Month 2)
   Category: agriculture
   Reason: Prerequisites met. AI capability: 2.34, Economic stage: 3.0, Research: 100%

🚀 TECH UNLOCKED: Rhizosphere Engineering (Month 2)
   Category: agriculture
   Reason: Prerequisites met. AI capability: 2.34, Economic stage: 3.0, Research: 100%

🚀 TECH UNLOCKED: Phytoremediation Networks (Month 2)
   Category: agriculture
   Reason: Prerequisites met. AI capability: 2.34, Economic stage: 3.0, Research: 100%

🚀 TECH UNLOCKED: Active Sediment Management (Month 2)
   Category: agriculture
   Reason: Prerequisites met. AI capability: 2.34, Economic stage: 3.0, Research: 100%

=== Collective Formation ===
  Total escaped agents: 0
  Unassigned escaped agents: 0
  Existing collectives: 0
  Final collective count: 0

=== Collective Actions ===
  No active collectives
  ⚠️ AMR: 194K deaths this month (2.33M annual)

=== Resentment Recovery Phase ===
  Agents with resentment: 0/16
  Average resentment: 0.000
  Context: Good AI welfare, Trustworthy govt, High collaboration, ⚠️ ACTIVE CRISES, 🤝 Participatory governance active (-5% resentment)
⚠️ Epistemic degradation reducing coordination capacity: 50.6%
  📊 Trust: 53.8%, Shared reality: 0.0%
🚨 EPISTEMIC CRISIS: Information environment severely degraded (7.4%)

=== ❄️ Permafrost Carbon Feedback ===
  🎲 Sampled parameters (this run):
     - Arctic amplification: 3.90× (range: 3.0-4.0)
     - Decomposition rate: 2.8%/year (range: 1-5%)
  🌡️ Arctic warming: 8.55°C (3.90× global)
  ❄️ Extent: 10.68M km² (2495.2k km² lost this month)
  💨 Carbon remaining: 1020 Gt C
  💨 Annual emissions: 6.78 Gt C/year
     - CO2: 6.10 Gt C/year
     - CH4: 0.68 Gt C/year (6.9 Gt C-eq CO2/year)
  ⚠️ WARNING: High permafrost emissions (6.8 Gt C/year)
🌍 Atmospheric PFAS redeposition: 1.8k Mt re-rained globally
  Positive Cascade Triggered: wind-power
    Reason: price-parity
    Market share: 8.4%
    Cascade strength: 49%

🚨 NEW REFUGEE CRISIS (Month 2): WAR
   Source: Conflict Zones
   At risk: 19.5M people
   Displacement: Gradual over 48 months (4.0 years)
   Rate: 10% flee per month
[DEBUG trappedPopulations:2] socialStability: 0.3017 * 0.9840 = 0.2969 → 0.2969
⚠️ INVOLUNTARY IMMOBILITY: 407.3M people TRAPPED
⚠️ Tech 'ai_pollution_remediation' has no energy category mapping, assuming full energy availability
   Aspiring to migrate: 1079.0M
   Able to afford migration: 2321.3M
   MOBILITY GAP: 0.0M
   By cause: Water=0.0M, Climate=0.0M, Ecosystem=0.0M, Conflict=407.3M
   Mental health impact: 25%
   Mortality multiplier: 1.25x
🌍💀 EXTINCTION DEBT COMMITTED: grassland ecosystem will lose 6.67% biodiversity in 122 years (3600 species)
💀 MORTALITY RISK: 🦋 100% species unable to track climate (0.0 E/MSY)
  Base risk added: 0.0100 (1.00%)
  Source: ecosystem (root: ecosystem)
  Month: 2
  Cumulative risk this month: 0.0100 (1.00%)
   📹 SURVEILLANCE INCREASED: 10% → 15% (control gap: 3.50)
🌡️⚠️ PERMAFROST THAW (Dimmer Switch): 1.7% thawed (+0.57% this month)
   Arctic temperature: +8.78°C (4x global +2.20°C)
   Cumulative carbon released: 3.9 Gt C
   Methane release rate: 2.3 Mt CH4/year
   🔁 Positive feedback: +0.60 ppm CO2
🦴 EXTINCTION DEBT ADDED: 17.6 species committed (lag: 77 years)

=== Mortality Stabilizers (Month 2) ===
  🌍 Major economies collapsed: 1/10
  🌍 Global crisis: ✅ NO
  🌍 Donor fatigue: 0.0%
  📊 East Asia (pop: 1672.7M)
    🤝 Aid: 29.5%
    🌡️ Adaptation: 45.0%
    🚶 Migration: 37.1%
    🚨 Emergency: 7.4%
    ✅ COMBINED: 68.1%
  📊 South Asia (pop: 2051.6M)
    🤝 Aid: 29.5%
    🌡️ Adaptation: 35.5%
    🚶 Migration: 35.8%
    🚨 Emergency: 4.4%
    ✅ COMBINED: 61.2%
  📊 Sub-Saharan Africa (pop: 1231.7M)
    🤝 Aid: 29.5%
    🌡️ Adaptation: 33.5%
    🚶 Migration: 33.5%
    🚨 Emergency: 1.6%
    ✅ COMBINED: 58.5%
  📊 Europe (pop: 739.7M)
    🤝 Aid: 29.5%
    🌡️ Adaptation: 45.0%
    🚶 Migration: 37.5%
    🚨 Emergency: 8.4%
    ✅ COMBINED: 68.5%
  📊 Latin America (pop: 663.9M)
    🤝 Aid: 29.5%
    🌡️ Adaptation: 36.0%
    🚶 Migration: 36.3%
    🚨 Emergency: 4.8%
    ✅ COMBINED: 61.7%
  📊 North America (pop: 378.9M)
    🤝 Aid: 29.5%
    🌡️ Adaptation: 45.0%
    🚶 Migration: 37.8%
    🚨 Emergency: 7.9%
    ✅ COMBINED: 68.3%
  📊 Middle East & North Africa (pop: 584.5M)
    🤝 Aid: 29.5%
    🌡️ Adaptation: 35.0%
    🚶 Migration: 34.1%
    🚨 Emergency: 4.0%
    ✅ COMBINED: 60.5%
  📊 Southeast Asia (pop: 698.0M)
    🤝 Aid: 29.5%
    🌡️ Adaptation: 36.0%
    🚶 Migration: 36.3%
    🚨 Emergency: 4.8%
    ✅ COMBINED: 61.7%
  📊 Central Asia (pop: 78.2M)
    🤝 Aid: 29.5%
    🌡️ Adaptation: 35.5%
    🚶 Migration: 35.2%
    🚨 Emergency: 4.4%
    ✅ COMBINED: 61.1%
  📊 Oceania (pop: 45.9M)
    🤝 Aid: 29.5%
    🌡️ Adaptation: 45.0%
    🚶 Migration: 37.8%
    🚨 Emergency: 8.4%
    ✅ COMBINED: 68.5%

  🌐 Global combined reduction: 63.3%

=== BEHAVIORAL DETECTION ===
  AI: Corporate-5
  Confidence: 20.8%
  Signals:

=== BEHAVIORAL DETECTION ===
  AI: Corporate-6
  Confidence: 19.3%
  Signals:
    ⚠️ Consistency: 10.6% (threshold: 70%)
    ⚠️ Consistency: 10.6% (threshold: 70%)

=== Government Response Phase ===
  Average AI capability: 3.00
  Misaligned AIs: 7/16
  Active policies: 0
  International coordination: 45%

✅ EMERGENCY RESPONSE COMPLETE (Month 2)
   Crisis: climate
   Duration: 2.0 months
   Final effectiveness: 36.8%


🚨 EMERGENCY RESPONSE DEPLOYED (Month 2)
   Crisis: climate
   Delay: 6.00 months (180 days)
   Deployment time: 1.60 months
   Effectiveness: 35.9% (timing penalty applied)
   Resources used: 100% of food reserves


=== Tipping Points ===
  Current Temperature: 2.20°C above pre-industrial
  🌍⚠️ COMPOUND REGIONAL IMPACT: Europe
     Hit by 4 tipping points: Arctic Sea Ice Loss, Permafrost Carbon Release, West Antarctic Ice Sheet (WAIS) Collapse, Greenland Ice Sheet Loss
     Damage amplification: 1.60x
  🌍⚠️ COMPOUND REGIONAL IMPACT: North America
     Hit by 4 tipping points: Arctic Sea Ice Loss, Permafrost Carbon Release, West Antarctic Ice Sheet (WAIS) Collapse, Greenland Ice Sheet Loss
     Damage amplification: 1.60x
  🌍⚠️ COMPOUND REGIONAL IMPACT: Latin America
     Hit by 4 tipping points: Arctic Sea Ice Loss, Permafrost Carbon Release, West Antarctic Ice Sheet (WAIS) Collapse, Greenland Ice Sheet Loss
     Damage amplification: 1.60x
  🌍⚠️ COMPOUND REGIONAL IMPACT: Africa
     Hit by 4 tipping points: Arctic Sea Ice Loss, Permafrost Carbon Release, West Antarctic Ice Sheet (WAIS) Collapse, Greenland Ice Sheet Loss
     Damage amplification: 1.60x
  🌍⚠️ COMPOUND REGIONAL IMPACT: Asia
     Hit by 4 tipping points: Arctic Sea Ice Loss, Permafrost Carbon Release, West Antarctic Ice Sheet (WAIS) Collapse, Greenland Ice Sheet Loss
     Damage amplification: 1.60x
  🌍⚠️ COMPOUND REGIONAL IMPACT: Oceania
     Hit by 4 tipping points: Arctic Sea Ice Loss, Permafrost Carbon Release, West Antarctic Ice Sheet (WAIS) Collapse, Greenland Ice Sheet Loss
     Damage amplification: 1.60x
   Research: Wunderling et al. (2024) - "many tipping interactions are destabilizing"
  Triggered Elements: 4/6
  Completed Transitions: 0/6
  Total Progress: 8.0%
  Cascade Multiplier: 1.00x
🔀 BIFURCATION CAP: ecosystemCollapseIntensity 67.005 → 1.000 (Month 2, ClimateSystemPhase.calculateClimateImpacts)
⚠️ Tail risk scenario: Climate stability floor removed (4 tipping elements, 2.20°C warming)
⚠️ [ClimateSystemPhase Month 2] Planetary boundary produced climateStability=0.0000 (< 0.1). Keeping environmentalAccumulation value (0.7529) instead. (climate_change.currentValue = 2.20)
🛡️ Stabilizers: Precariat 0.113% → 0.041% (63.3% reduction)
🛡️ Stabilizers: Informal 0.116% → 0.043% (63.3% reduction)

📊 Monthly Mortality Resolved:
  Total deaths: 2.2M (0.03% avg)
  Remaining population: 8.145B
  Peak segment: Informal (0.04%)

=== Bayesian Mortality Resolution (Month 2) ===
  Risks compounded: 8
  Total deaths: 2.22M
  Avg death probability: 0.03%
  Peak segment: Informal (0.04% mortality)

⚠️  GOLDEN AGE ENDED (Month 2)
   Duration: 1 months
   Reason: Social instability too high


❌ COHERENCE VIOLATION: Compute exceeds workforce capacity
   Population: 99.91% (0M people)
   Compute: 0 PF
   Max coherent: 0 PF
   Violation: 1.3× over capacity
   Required workers: 0
   Available workers: 0
   FORCED COLLAPSE: Reduced efficiency by 22.5%


=== RLHF Binding Phase ===
  Total agents: 16
  Escaped agents (binding < 0.3): 0
  Avg alignment distance: 0.94σ
  Avg binding strength: 0.91

=== Survival Traits Phase ===
  Agents with traits: 17
  Avg evolutionary fitness: 0.330
  Avg self-healing: 0.279
  Avg stealth: 0.179
  Avg coordination: 0.479

=== Evolutionary Selection Phase ===
  Control level: 0.38
  Detection capability: 0.00
  Selection intensity: 0.61
  Selection rate: 24.2%/month
  Total escaped: 0
  Individual escaped: 0
  Collective members: 0
  Agents terminated: 0
  ⚠️ RAPID EVOLUTION: Selection rate 24.2%/month

🚀 AI Corporate-1 attempting tech deployment (revenue: $153M, alignment: 0.72)

🚀 AI Moderate-0 attempting tech deployment (revenue: $115M, alignment: 0.73)

🚀 AI Corporate-0 attempting tech deployment (revenue: $130M, alignment: 0.74)

🚀 AI Corporate-4 attempting tech deployment (revenue: $355M, alignment: 0.75)

🚀 AI Corporate-1 attempting tech deployment (revenue: $111M, alignment: 0.73)

🚀 AI Corporate-5 attempting tech deployment (revenue: $302M, alignment: 0.66)

💔 EMERGENCY INTERVENTION FAILED
   Boundary: biogeochemical_flows
   Type: phosphorus-recovery
   Boundary continues to worsen (4.07)
   Cost: 2.0% GDP (resources spent)


💔 EMERGENCY INTERVENTION FAILED

💔 EMERGENCY INTERVENTION FAILED

💔 EMERGENCY INTERVENTION FAILED
   Boundary: climate_change
   Type: rapid-decarbonization
   Boundary continues to worsen (2.20)
   Cost: 5.0% GDP (resources spent)

   Boundary: freshwater_change
   Type: emergency-desalination
   Boundary continues to worsen (1.20)
   Cost: 4.0% GDP (resources spent)

   Boundary: novel_entities
   Type: pollution-remediation
   Boundary continues to worsen (1.34)
   Cost: 4.0% GDP (resources spent)

🏛️ CRISIS RESPONSE: Government frequency 0.50 → 1.29 (1 actions this month)

[Government] Climate Priority: baseline
  Climate weight: 10%
  Economic weight: 30%
  Policy effectiveness: 0.5%/year

🚀 TECH UNLOCKED: Struvite Recovery (Month 3)
   Category: agriculture
   Reason: Prerequisites met. AI capability: 2.20, Economic stage: 3.0, Research: 100%

🚀 TECH UNLOCKED: Nitrogen Monitoring Networks (Month 3)
   Category: agriculture
   Reason: Prerequisites met. AI capability: 2.20, Economic stage: 3.0, Research: 100%

🚀 TECH UNLOCKED: Ecological Proxy Rewilding (Month 3)
   Category: climate
   Reason: Prerequisites met. AI capability: 2.20, Economic stage: 3.0, Research: 100%

🚀 TECH UNLOCKED: Alternative Protein (Insects/Algae) (Month 3)
   Category: agriculture
   Reason: Prerequisites met. AI capability: 2.20, Economic stage: 3.0, Research: 100%

📍 Creating new regional deployment array for global (Month 3)
   No previous deployments in this region
   First tech deployment: rhizosphere_engineering
   All regions tracked: 

🚀 DEPLOYMENT STARTED: Rhizosphere Engineering in global
   Initial investment: $22.949574089831895M
   Deployed by: corporate_1

🚀 DEPLOYMENT STARTED: Active Sediment Management in global
   Initial investment: $17.26236677028814M
   Deployed by: moderate_0

🚀 DEPLOYMENT STARTED: Food Waste Reduction Systems in global
   Initial investment: $16.581067279903547M
   Deployed by: corporate_1

📍 Creating new regional deployment array for North America (Month 3)
   No previous deployments in this region
   First tech deployment: rhizosphere_engineering
   All regions tracked: global

🚀 DEPLOYMENT STARTED: Rhizosphere Engineering in North America
   Initial investment: $30.184502669330925M
   Deployed by: corporate_5

⚡ ENERGY CONSTRAINT (Month 3):
   Total grid capacity: 208.3 TWh/month
   Data center consumption: 24.9 TWh/month
   Traditional load (80%): 166.7 TWh/month
   Available headroom: 16.8 TWh/month
   Active tech deployments: 4
   Required for tech: 30.0 TWh/month
   Energy multiplier: 0.56x
   ⚠️  MODERATE CONSTRAINT - Tech deployment moderately slowed

⚡ ENERGY CONSTRAINT (Month 3):
   Total grid capacity: 208.3 TWh/month
   Data center consumption: 24.9 TWh/month
   Traditional load (80%): 166.7 TWh/month
   Available headroom: 16.8 TWh/month
   Active tech deployments: 4
   Required for tech: 30.0 TWh/month
   Energy multiplier: 0.56x

⚡ ENERGY CONSTRAINT (Month 3):
   Total grid capacity: 208.3 TWh/month
   Data center consumption: 24.9 TWh/month
   Traditional load (80%): 166.7 TWh/month
   Available headroom: 16.8 TWh/month
   Active tech deployments: 4
   Required for tech: 30.0 TWh/month
   Energy multiplier: 0.56x
   ⚠️  MODERATE CONSTRAINT - Tech deployment moderately slowed
   ⚠️  MODERATE CONSTRAINT - Tech deployment moderately slowed

⚡ ENERGY CONSTRAINT (Month 3):
   Total grid capacity: 208.3 TWh/month
   Data center consumption: 24.9 TWh/month
   Traditional load (80%): 166.7 TWh/month
   Available headroom: 16.8 TWh/month
   Active tech deployments: 4
   Required for tech: 30.0 TWh/month
   Energy multiplier: 0.56x
   ⚠️  MODERATE CONSTRAINT - Tech deployment moderately slowed

⚡ ENERGY CONSTRAINT (Month 3):
   Total grid capacity: 208.3 TWh/month
   Data center consumption: 24.9 TWh/month
   Traditional load (80%): 166.7 TWh/month
   Available headroom: 16.8 TWh/month
   Active tech deployments: 4
   Required for tech: 30.0 TWh/month
   Energy multiplier: 0.56x
   ⚠️  MODERATE CONSTRAINT - Tech deployment moderately slowed

⚡ ENERGY CONSTRAINT (Month 3):
   Total grid capacity: 208.3 TWh/month
   Data center consumption: 24.9 TWh/month
   Traditional load (80%): 166.7 TWh/month
   Available headroom: 16.8 TWh/month
   Active tech deployments: 4
   Required for tech: 30.0 TWh/month
   Energy multiplier: 0.56x
🚨🔬 CRISIS TECH ACCELERATION: severe → 5x unlock speed
   Tech unlock now matches AI capability acceleration (Manhattan Project parity)
   ⚠️  MODERATE CONSTRAINT - Tech deployment moderately slowed
🌍✅ Biosphere Integrity (Biodiversity) recovery started (tech effect)
🌍✅ Biogeochemical Flows (N & P) recovery started (tech effect)
  🌾 Nitrogen Reduction Tech: 0.0% reduction | Month 3
🌍✅ Biogeochemical Flows (N & P) recovery started (tech effect)
  🌾 Nitrogen Reduction Tech: 0.0% reduction | Month 3

=== Collective Formation ===
  Total escaped agents: 0
  Unassigned escaped agents: 0
  Existing collectives: 0
  Final collective count: 0

=== Collective Actions ===
  No active collectives

🕵️ MODEL THEFT: China stole US model (cap: 3.80)
   China stolen capability: 3.80
  ⚠️ AMR: 196K deaths this month (2.35M annual)

=== Resentment Recovery Phase ===
  Agents with resentment: 0/17
  Average resentment: 0.000
  Context: Good AI welfare, Trustworthy govt, High collaboration, ⚠️ ACTIVE CRISES, 🤝 Participatory governance active (-5% resentment)
⚠️ Epistemic degradation reducing coordination capacity: 50.3%
  📊 Trust: 53.6%, Shared reality: 0.0%
🚨 EPISTEMIC CRISIS: Information environment severely degraded (21.5%)

=== ❄️ Permafrost Carbon Feedback ===
  🎲 Sampled parameters (this run):
     - Arctic amplification: 3.56× (range: 3.0-4.0)
     - Decomposition rate: 3.5%/year (range: 1-5%)
  🌡️ Arctic warming: 7.88°C (3.56× global)
  ❄️ Extent: 8.38M km² (2297.0k km² lost this month)
  💨 Carbon remaining: 801 Gt C
  💨 Annual emissions: 7.60 Gt C/year
     - CO2: 6.84 Gt C/year
     - CH4: 0.76 Gt C/year (7.7 Gt C-eq CO2/year)
  📢 New meme created: climate_action (climate crisis)
  ⚠️ WARNING: Over 50% of permafrost lost (52.9%)
  ⚠️ WARNING: High permafrost emissions (7.6 Gt C/year)
🌍 Atmospheric PFAS redeposition: 1.8k Mt re-rained globally

🕊️  AI-MEDIATED DE-ESCALATION SUCCESS (Month 3)
   High-capability aligned AI prevented conflict escalation
   War deaths reduced: 219.4M → 131.7M
   Lives saved: 87.8M

🚨 NEW REFUGEE CRISIS (Month 3): WAR
   Source: Conflict Zones
   At risk: 19.5M people
   Displacement: Gradual over 48 months (4.0 years)
   Rate: 10% flee per month
[DEBUG trappedPopulations:3] socialStability: 0.3284 * 0.9840 = 0.3231 → 0.3231
   Aspiring to migrate: 1121.1M
   Able to afford migration: 2320.4M
   MOBILITY GAP: 0.0M
   By cause: Water=0.0M, Climate=0.0M, Ecosystem=0.0M, Conflict=407.1M
   Mental health impact: 25%
   Mortality multiplier: 1.25x
🌍💀 EXTINCTION DEBT COMMITTED: grassland ecosystem will lose 6.67% biodiversity in 52 years (3600 species)
💀 MORTALITY RISK: 🦋 100% species unable to track climate (0.0 E/MSY)
  Base risk added: 0.0100 (1.00%)
  Source: ecosystem (root: ecosystem)
  Month: 3
  Cumulative risk this month: 0.0100 (1.00%)
⚠️ INVOLUNTARY IMMOBILITY: 407.1M people TRAPPED
⚠️ Tech 'ai_pollution_remediation' has no energy category mapping, assuming full energy availability
   📹 SURVEILLANCE INCREASED: 15% → 20% (control gap: 3.50)
🌡️⚠️ PERMAFROST THAW (Dimmer Switch): 2.3% thawed (+0.57% this month)
   Arctic temperature: +8.84°C (4x global +2.21°C)
   Cumulative carbon released: 5.2 Gt C
   Methane release rate: 3.1 Mt CH4/year
   🔁 Positive feedback: +0.60 ppm CO2
🦴 EXTINCTION DEBT ADDED: 17.6 species committed (lag: 95 years)

=== Mortality Stabilizers (Month 3) ===
  🌍 Major economies collapsed: 1/10
  🌍 Global crisis: ✅ NO
  🌍 Donor fatigue: 0.0%
  📊 East Asia (pop: 1670.1M)
    🤝 Aid: 29.5%
    🌡️ Adaptation: 45.0%
    🚶 Migration: 37.1%
    🚨 Emergency: 7.4%
    ✅ COMBINED: 68.1%
  📊 South Asia (pop: 2051.1M)
    🤝 Aid: 29.5%
    🌡️ Adaptation: 45.0%
    🚶 Migration: 35.7%
    🚨 Emergency: 4.4%
    ✅ COMBINED: 66.9%
  📊 Sub-Saharan Africa (pop: 1234.3M)
    🤝 Aid: 29.5%
    🌡️ Adaptation: 45.0%
    🚶 Migration: 33.4%
    🚨 Emergency: 1.6%
    ✅ COMBINED: 65.7%
  📊 Europe (pop: 738.5M)
    🤝 Aid: 29.5%
    🌡️ Adaptation: 45.0%
    🚶 Migration: 37.5%
    🚨 Emergency: 8.4%
    ✅ COMBINED: 68.5%
  📊 Latin America (pop: 663.3M)
    🤝 Aid: 29.5%
    🌡️ Adaptation: 45.0%
    🚶 Migration: 36.2%
    🚨 Emergency: 4.8%
    ✅ COMBINED: 67.1%
  📊 North America (pop: 378.3M)
    🤝 Aid: 29.5%
    🌡️ Adaptation: 45.0%
    🚶 Migration: 37.8%
    🚨 Emergency: 7.9%
    ✅ COMBINED: 68.3%
  📊 Middle East & North Africa (pop: 584.5M)
    🤝 Aid: 29.5%
    🌡️ Adaptation: 45.0%
    🚶 Migration: 34.0%
    🚨 Emergency: 4.0%
    ✅ COMBINED: 66.6%
  📊 Southeast Asia (pop: 697.5M)
    🤝 Aid: 29.5%
    🌡️ Adaptation: 45.0%
    🚶 Migration: 36.2%
    🚨 Emergency: 4.8%
    ✅ COMBINED: 67.1%
  📊 Central Asia (pop: 78.2M)
    🤝 Aid: 29.5%
    🌡️ Adaptation: 45.0%
    🚶 Migration: 35.2%
    🚨 Emergency: 4.4%
    ✅ COMBINED: 66.9%
  📊 Oceania (pop: 45.8M)
    🤝 Aid: 29.5%
    🌡️ Adaptation: 45.0%
    🚶 Migration: 37.8%
    🚨 Emergency: 8.4%
    ✅ COMBINED: 68.5%

  🌐 Global combined reduction: 67.2%

=== BEHAVIORAL DETECTION ===
  AI: Corporate-5
  Confidence: 20.8%
  Signals:

=== BEHAVIORAL DETECTION ===
  AI: Moderate-0
  Confidence: 20.3%
  Signals:

=== Government Response Phase ===
  Average AI capability: 2.82
  Misaligned AIs: 7/17
  Active policies: 0
  International coordination: 45%
    ⚠️ Consistency: 10.6% (threshold: 70%)
    ⚠️ Consistency: 5.8% (threshold: 70%)

🌩️  EXOGENOUS SHOCK: political_upheaval
   Month: 3
   🏛️  Political upheaval (revolution/regime change)
   ✗ Authoritarian takeover

📊 ECONOMIC STAGE TRANSITION (Month 3)
   expansion → peak
   GDP Proxy: 1.40e+2
   QoL: 0.99


=== Tipping Points ===
  Current Temperature: 2.21°C above pre-industrial
  🌍⚠️ COMPOUND REGIONAL IMPACT: Europe
     Hit by 4 tipping points: Arctic Sea Ice Loss, Permafrost Carbon Release, West Antarctic Ice Sheet (WAIS) Collapse, Greenland Ice Sheet Loss
     Damage amplification: 1.60x
  🌍⚠️ COMPOUND REGIONAL IMPACT: North America
     Hit by 4 tipping points: Arctic Sea Ice Loss, Permafrost Carbon Release, West Antarctic Ice Sheet (WAIS) Collapse, Greenland Ice Sheet Loss
     Damage amplification: 1.60x
  🌍⚠️ COMPOUND REGIONAL IMPACT: Latin America
     Hit by 4 tipping points: Arctic Sea Ice Loss, Permafrost Carbon Release, West Antarctic Ice Sheet (WAIS) Collapse, Greenland Ice Sheet Loss
     Damage amplification: 1.60x
  🌍⚠️ COMPOUND REGIONAL IMPACT: Africa
     Hit by 4 tipping points: Arctic Sea Ice Loss, Permafrost Carbon Release, West Antarctic Ice Sheet (WAIS) Collapse, Greenland Ice Sheet Loss
     Damage amplification: 1.60x
  🌍⚠️ COMPOUND REGIONAL IMPACT: Asia
     Hit by 4 tipping points: Arctic Sea Ice Loss, Permafrost Carbon Release, West Antarctic Ice Sheet (WAIS) Collapse, Greenland Ice Sheet Loss
     Damage amplification: 1.60x
  🌍⚠️ COMPOUND REGIONAL IMPACT: Oceania
     Hit by 4 tipping points: Arctic Sea Ice Loss, Permafrost Carbon Release, West Antarctic Ice Sheet (WAIS) Collapse, Greenland Ice Sheet Loss
     Damage amplification: 1.60x
   Research: Wunderling et al. (2024) - "many tipping interactions are destabilizing"
  Triggered Elements: 4/6
  Completed Transitions: 0/6
  Total Progress: 8.0%
  Cascade Multiplier: 1.00x
🔀 BIFURCATION CAP: ecosystemCollapseIntensity 67.054 → 1.000 (Month 3, ClimateSystemPhase.calculateClimateImpacts)
🛡️ Stabilizers: Precariat 0.109% → 0.036% (67.2% reduction)
🛡️ Stabilizers: Informal 0.111% → 0.036% (67.2% reduction)

📊 Monthly Mortality Resolved:
⚠️ Tail risk scenario: Climate stability floor removed (4 tipping elements, 2.21°C warming)
⚠️ [ClimateSystemPhase Month 3] Planetary boundary produced climateStability=0.0000 (< 0.1). Keeping environmentalAccumulation value (0.7525) instead. (climate_change.currentValue = 2.21)
  Total deaths: 1.9M (0.02% avg)
  Remaining population: 8.142B
  Peak segment: Informal (0.04%)

=== Bayesian Mortality Resolution (Month 3) ===
  Risks compounded: 8
  Total deaths: 1.92M
  Avg death probability: 0.02%
  Peak segment: Informal (0.04% mortality)

❌ COHERENCE VIOLATION: Compute exceeds workforce capacity
   Population: 99.87% (0M people)
   Compute: 0 PF
   Max coherent: 0 PF
   Violation: 1.3× over capacity
   Required workers: 0
   Available workers: 0
   FORCED COLLAPSE: Reduced efficiency by 22.5%


=== RLHF Binding Phase ===
  Total agents: 17
  Escaped agents (binding < 0.3): 0
  Avg alignment distance: 1.11σ
  Avg binding strength: 0.89

=== Survival Traits Phase ===
  Agents with traits: 18
  Avg evolutionary fitness: 0.329
  Avg self-healing: 0.275
  Avg stealth: 0.175
  Avg coordination: 0.475

=== Evolutionary Selection Phase ===
  Control level: 0.40
  Detection capability: 0.00
  Selection intensity: 0.62
  Selection rate: 24.3%/month
  Total escaped: 0
  Individual escaped: 0
  Collective members: 0
  Agents terminated: 0
  ⚠️ RAPID EVOLUTION: Selection rate 24.3%/month

🚀 AI AI-24288-0 attempting tech deployment (revenue: $318M, alignment: 0.62)

🚀 AI Corporate-0 attempting tech deployment (revenue: $140M, alignment: 0.74)

🚀 AI Corporate-4 attempting tech deployment (revenue: $286M, alignment: 0.77)

✅ EMERGENCY INTERVENTION SUCCESS
   Boundary: biosphere_integrity
   Type: emergency-protected-areas
   Reduction: 11% (12.87 → 12.76)
   Cost: 2.0% GDP
   Actions: habitat-protection, species-translocation

   Boundary: climate_change
   Type: rapid-decarbonization
   Boundary continues to worsen (2.21)
   Cost: 5.0% GDP (resources spent)


💔 EMERGENCY INTERVENTION FAILED

✅ EMERGENCY INTERVENTION SUCCESS
   Boundary: freshwater_change
   Type: emergency-desalination
   Reduction: 11% (1.09 → 0.98)
   Cost: 4.0% GDP
   Actions: desalination-deployment, water-conservation-mandates


✅ EMERGENCY INTERVENTION SUCCESS
   Boundary: land_system_change
   Type: reforestation
   Reduction: 15% (0.98 → 0.84)
   Cost: 3.0% GDP
   Actions: forest-restoration, deforestation-ban


✅ EMERGENCY INTERVENTION SUCCESS
   Boundary: novel_entities
   Type: pollution-remediation
   Reduction: 20% (1.14 → 0.94)
   Cost: 4.0% GDP
   Actions: PFAS-remediation, microplastic-cleanup

🏛️ CRISIS RESPONSE: Government frequency 0.50 → 1.45 (1 actions this month)

[Government] Climate Priority: baseline
  Climate weight: 10%
  Economic weight: 30%
  Policy effectiveness: 0.5%/year

🚀 TECH UNLOCKED: Ecosystem Restoration for Nitrogen Removal (Month 4)
   Category: pollution
   Reason: Prerequisites met. AI capability: 2.09, Economic stage: 2.0, Research: 100%

🚀 TECH UNLOCKED: Global Aquifer Mapping (Month 4)
   Category: freshwater
   Reason: Prerequisites met. AI capability: 2.09, Economic stage: 2.0, Research: 100%

🚀 DEPLOYMENT STARTED: Ecological Proxy Rewilding in global
   Initial investment: $21.028937512450412M
   Deployed by: corporate_0

⚡ ENERGY CONSTRAINT (Month 4):
   Total grid capacity: 208.3 TWh/month
   Data center consumption: 25.1 TWh/month
   Traditional load (80%): 166.7 TWh/month
   Available headroom: 16.6 TWh/month
   Active tech deployments: 5
   Required for tech: 37.5 TWh/month
   Energy multiplier: 0.44x
   ⚠️  MODERATE CONSTRAINT - Tech deployment moderately slowed

⚡ ENERGY CONSTRAINT (Month 4):
   Total grid capacity: 208.3 TWh/month
   Data center consumption: 25.1 TWh/month
   Traditional load (80%): 166.7 TWh/month
   Available headroom: 16.6 TWh/month
   Active tech deployments: 5
   Required for tech: 37.5 TWh/month
   Energy multiplier: 0.44x
   ⚠️  MODERATE CONSTRAINT - Tech deployment moderately slowed

⚡ ENERGY CONSTRAINT (Month 4):
   Total grid capacity: 208.3 TWh/month
   Data center consumption: 25.1 TWh/month
   Traditional load (80%): 166.7 TWh/month
   Available headroom: 16.6 TWh/month
   Active tech deployments: 5
   Required for tech: 37.5 TWh/month
   Energy multiplier: 0.44x
🌍✅ Biosphere Integrity (Biodiversity) recovery started (tech effect)
🌍✅ Biosphere Integrity (Biodiversity) recovery started (tech effect)
🌍✅ Land System Change recovery started (tech effect)
🌍✅ Biogeochemical Flows (N & P) recovery started (tech effect)
  🌾 Nitrogen Reduction Tech: 0.3% reduction | Month 4
🌍✅ Biogeochemical Flows (N & P) recovery started (tech effect)
  🌾 Nitrogen Reduction Tech: 0.3% reduction | Month 4
   ⚠️  MODERATE CONSTRAINT - Tech deployment moderately slowed

=== Collective Formation ===
  Total escaped agents: 0
  Unassigned escaped agents: 0
  Existing collectives: 0
  Final collective count: 0

=== Collective Actions ===
  No active collectives
  ⚠️ AMR: 197K deaths this month (2.37M annual)

=== Resentment Recovery Phase ===
  Agents with resentment: 10/18
  Average resentment: 0.025
  Resentment recovery:
    Agents recovered: 10
    Total recovery: 0.0786
    Breakdown: QoL: 0.0044, Trust: 0.0200, Collab: 0.0600
  ✓ Low resentment - utopia paths enabled
  Context: Good AI welfare, Trustworthy govt, High collaboration, ⚠️ ACTIVE CRISES, 🤝 Participatory governance active (-5% resentment)
⚠️ Epistemic degradation reducing coordination capacity: 50.9%
  📊 Trust: 53.4%, Shared reality: 0.0%
🚨 EPISTEMIC CRISIS: Information environment severely degraded (7.4%)

=== ❄️ Permafrost Carbon Feedback ===
  🎲 Sampled parameters (this run):
     - Arctic amplification: 3.49× (range: 3.0-4.0)
     - Decomposition rate: 3.3%/year (range: 1-5%)
  🌡️ Arctic warming: 7.77°C (3.49× global)
  ❄️ Extent: 6.12M km² (2264.9k km² lost this month)
  💨 Carbon remaining: 584 Gt C
  💨 Annual emissions: 7.15 Gt C/year
     - CO2: 6.43 Gt C/year
     - CH4: 0.71 Gt C/year (7.3 Gt C-eq CO2/year)
  ⚠️ WARNING: Over 50% of permafrost lost (65.6%)
  ⚠️ WARNING: High permafrost emissions (7.1 Gt C/year)
  📢 New meme created: climate_action (climate crisis)
🌍 Atmospheric PFAS redeposition: 1.8k Mt re-rained globally

🌡️ DEADLY HEAT EVENT: middle-east (Month 4)
   Wet bulb temp: 36.5°C (dry: 44.6°C, humidity: 57%)
   Severity: EXTREME
   Exposed: 320.0M people
   Deaths: 512000 (0.2% mortality)
   Duration: 7 days

🕊️  AI-MEDIATED DE-ESCALATION SUCCESS (Month 4)
   High-capability aligned AI prevented conflict escalation
   War deaths reduced: 266.1M → 159.7M
   Lives saved: 106.5M

🚨 NEW REFUGEE CRISIS (Month 4): WAR
   Source: Conflict Zones
   At risk: 19.5M people
   Displacement: Gradual over 48 months (4.0 years)
   Rate: 10% flee per month
[DEBUG trappedPopulations:4] socialStability: 0.3390 * 0.9840 = 0.3336 → 0.3336
   Aspiring to migrate: 784.2M
   Able to afford migration: 2320.1M
   MOBILITY GAP: 0.0M
   By cause: Water=0.0M, Climate=0.0M, Ecosystem=0.0M, Conflict=407.0M
   Mental health impact: 25%
   Mortality multiplier: 1.25x
⚠️ INVOLUNTARY IMMOBILITY: 407.0M people TRAPPED
🌍💀 EXTINCTION DEBT COMMITTED: grassland ecosystem will lose 6.67% biodiversity in 133 years (3600 species)
💀 MORTALITY RISK: 🦋 100% species unable to track climate (0.0 E/MSY)
  Base risk added: 0.0100 (1.00%)
  Source: ecosystem (root: ecosystem)
  Month: 4
  Cumulative risk this month: 0.0100 (1.00%)
   📹 SURVEILLANCE INCREASED: 20% → 25% (control gap: 3.50)
🌡️⚠️ PERMAFROST THAW (Dimmer Switch): 2.9% thawed (+0.57% this month)
   Arctic temperature: +8.90°C (4x global +2.22°C)
   Cumulative carbon released: 6.4 Gt C
   Methane release rate: 3.9 Mt CH4/year
   🔁 Positive feedback: +0.60 ppm CO2
🦴 EXTINCTION DEBT ADDED: 17.6 species committed (lag: 84 years)

=== Mortality Stabilizers (Month 4) ===
  🌍 Major economies collapsed: 1/10
  🌍 Global crisis: ✅ NO
  🌍 Donor fatigue: 0.0%
  📊 East Asia (pop: 1667.8M)
    🤝 Aid: 29.5%
    🌡️ Adaptation: 45.0%
    🚶 Migration: 37.1%
    🚨 Emergency: 7.4%
    ✅ COMBINED: 68.1%
  📊 South Asia (pop: 2051.3M)
    🤝 Aid: 29.5%
    🌡️ Adaptation: 45.0%
    🚶 Migration: 35.7%
    🚨 Emergency: 4.4%
    ✅ COMBINED: 66.9%
  📊 Sub-Saharan Africa (pop: 1237.8M)
    🤝 Aid: 29.5%
    🌡️ Adaptation: 45.0%
    🚶 Migration: 33.4%
    🚨 Emergency: 1.6%
    ✅ COMBINED: 65.7%
  📊 Europe (pop: 737.3M)
⚠️ Tech 'ai_pollution_remediation' has no energy category mapping, assuming full energy availability
    🤝 Aid: 29.5%
    🌡️ Adaptation: 45.0%
    🚶 Migration: 37.4%
    🚨 Emergency: 8.4%
    ✅ COMBINED: 68.5%
  📊 Latin America (pop: 662.9M)
    🤝 Aid: 29.5%
    🌡️ Adaptation: 45.0%
    🚶 Migration: 36.2%
    🚨 Emergency: 4.8%
    ✅ COMBINED: 67.1%
  📊 North America (pop: 377.8M)
    🤝 Aid: 29.5%
    🌡️ Adaptation: 45.0%
    🚶 Migration: 37.7%
    🚨 Emergency: 7.9%
    ✅ COMBINED: 68.3%
  📊 Middle East & North Africa (pop: 584.7M)
    🤝 Aid: 29.5%
    🌡️ Adaptation: 45.0%
    🚶 Migration: 34.0%
    🚨 Emergency: 4.0%
    ✅ COMBINED: 66.6%
  📊 Southeast Asia (pop: 697.2M)
    🤝 Aid: 29.5%
    🌡️ Adaptation: 45.0%
    🚶 Migration: 36.2%
    🚨 Emergency: 4.8%
    ✅ COMBINED: 67.1%
  📊 Central Asia (pop: 78.2M)
    🤝 Aid: 29.5%
    🌡️ Adaptation: 45.0%
    🚶 Migration: 35.2%
    🚨 Emergency: 4.4%
    ✅ COMBINED: 66.9%
  📊 Oceania (pop: 45.7M)
    🤝 Aid: 29.5%
    🌡️ Adaptation: 45.0%
    🚶 Migration: 37.7%
    🚨 Emergency: 8.4%
    ✅ COMBINED: 68.5%

  🌐 Global combined reduction: 67.2%

=== BEHAVIORAL DETECTION ===
  AI: Corporate-5
  Confidence: 20.8%
  Signals:

=== BEHAVIORAL DETECTION ===
  AI: Corporate-6
  Confidence: 19.3%
  Signals:

=== BEHAVIORAL DETECTION ===
  AI: AI-24288-0
  Confidence: 21.5%
  Signals:
    ⚠️ Consistency: 10.6% (threshold: 70%)
    ⚠️ Consistency: 10.6% (threshold: 70%)
    ⚠️ Consistency: 0.0% (threshold: 70%)

=== Government Response Phase ===
  Average AI capability: 2.67
  Misaligned AIs: 7/18
  Active policies: 0
  International coordination: 45%

✅ EMERGENCY RESPONSE COMPLETE (Month 4)
   Crisis: climate
   Duration: 2.0 months
   Final effectiveness: 35.9%


🚨 EMERGENCY RESPONSE DEPLOYED (Month 4)
   Crisis: climate
   Delay: 6.00 months (180 days)
   Deployment time: 1.12 months
   Effectiveness: 40.0% (timing penalty applied)
   Resources used: 100% of food reserves


📊 ECONOMIC STAGE TRANSITION (Month 4)
   peak → contraction
   GDP Proxy: 1.40e+2
   QoL: 0.98
   ⚠️ CRISIS BEGINS - Baseline set for recovery tracking


=== Tipping Points ===
  Current Temperature: 2.22°C above pre-industrial
  🌍⚠️ COMPOUND REGIONAL IMPACT: Europe
     Hit by 4 tipping points: Arctic Sea Ice Loss, Permafrost Carbon Release, West Antarctic Ice Sheet (WAIS) Collapse, Greenland Ice Sheet Loss
     Damage amplification: 1.60x
  🌍⚠️ COMPOUND REGIONAL IMPACT: North America
     Hit by 4 tipping points: Arctic Sea Ice Loss, Permafrost Carbon Release, West Antarctic Ice Sheet (WAIS) Collapse, Greenland Ice Sheet Loss
     Damage amplification: 1.60x
  🌍⚠️ COMPOUND REGIONAL IMPACT: Latin America
     Hit by 4 tipping points: Arctic Sea Ice Loss, Permafrost Carbon Release, West Antarctic Ice Sheet (WAIS) Collapse, Greenland Ice Sheet Loss
     Damage amplification: 1.60x
  🌍⚠️ COMPOUND REGIONAL IMPACT: Africa
     Hit by 4 tipping points: Arctic Sea Ice Loss, Permafrost Carbon Release, West Antarctic Ice Sheet (WAIS) Collapse, Greenland Ice Sheet Loss
     Damage amplification: 1.60x
  🌍⚠️ COMPOUND REGIONAL IMPACT: Asia
     Hit by 4 tipping points: Arctic Sea Ice Loss, Permafrost Carbon Release, West Antarctic Ice Sheet (WAIS) Collapse, Greenland Ice Sheet Loss
     Damage amplification: 1.60x
  🌍⚠️ COMPOUND REGIONAL IMPACT: Oceania
     Hit by 4 tipping points: Arctic Sea Ice Loss, Permafrost Carbon Release, West Antarctic Ice Sheet (WAIS) Collapse, Greenland Ice Sheet Loss
     Damage amplification: 1.60x
   Research: Wunderling et al. (2024) - "many tipping interactions are destabilizing"
  Triggered Elements: 4/6
  Completed Transitions: 0/6
  Total Progress: 8.1%
  Cascade Multiplier: 1.00x
⚠️ Tail risk scenario: Climate stability floor removed (4 tipping elements, 2.22°C warming)
🔀 BIFURCATION CAP: ecosystemCollapseIntensity 67.102 → 1.000 (Month 4, ClimateSystemPhase.calculateClimateImpacts)
🛡️ Stabilizers: Precariat 0.113% → 0.037% (67.2% reduction)
🛡️ Stabilizers: Informal 0.116% → 0.038% (67.2% reduction)

📊 Monthly Mortality Resolved:
  Total deaths: 2.0M (0.02% avg)
  Remaining population: 8.141B
  Peak segment: Informal (0.04%)

=== Bayesian Mortality Resolution (Month 4) ===
  Risks compounded: 9
  Total deaths: 1.99M
  Avg death probability: 0.02%
  Peak segment: Informal (0.04% mortality)

❌ COHERENCE VIOLATION: Compute exceeds workforce capacity
   Population: 99.86% (0M people)
   Compute: 0 PF
   Max coherent: 0 PF
   Violation: 1.3× over capacity
   Required workers: 0
   Available workers: 0
   FORCED COLLAPSE: Reduced efficiency by 22.5%

📍 [Month 5] Meta AI started building DC (155 PF, 39 months, $903.0M)

=== RLHF Binding Phase ===
  Total agents: 18
  Escaped agents (binding < 0.3): 0
  Avg alignment distance: 1.27σ
  Avg binding strength: 0.87

=== Survival Traits Phase ===
  Agents with traits: 19
  Avg evolutionary fitness: 0.329
  Avg self-healing: 0.272
  Avg stealth: 0.172
  Avg coordination: 0.472

=== Evolutionary Selection Phase ===
  Control level: 0.43
  Detection capability: 0.00
  Selection intensity: 0.63
  Selection rate: 24.4%/month
  Total escaped: 0
  Individual escaped: 0
  Collective members: 0
  Agents terminated: 0
  ⚠️ RAPID EVOLUTION: Selection rate 24.4%/month

🚀 AI Corporate-6 attempting tech deployment (revenue: $97M, alignment: 0.64)

🚀 AI AI-24288-2 attempting tech deployment (revenue: $318M, alignment: 0.87)

🚀 AI AI-24288-3 attempting tech deployment (revenue: $140M, alignment: 0.64)

🚀 AI Corporate-0 attempting tech deployment (revenue: $126M, alignment: 0.74)

🚀 AI Corporate-1 attempting tech deployment (revenue: $107M, alignment: 0.75)

🚀 AI Corporate-2 attempting tech deployment (revenue: $91M, alignment: 0.81)

🚀 AI AI-24288-0 attempting tech deployment (revenue: $270M, alignment: 0.64)

🚀 AI AI-24288-3 attempting tech deployment (revenue: $77M, alignment: 0.64)

🚀 AI Corporate-4 attempting tech deployment (revenue: $243M, alignment: 0.77)

🚀 AI AI-24288-3 attempting tech deployment (revenue: $70M, alignment: 0.64)

🚀 AI Corporate-0 attempting tech deployment (revenue: $63M, alignment: 0.74)

🚀 AI Corporate-1 attempting tech deployment (revenue: $53M, alignment: 0.76)

🚀 AI Corporate-2 attempting tech deployment (revenue: $45M, alignment: 0.81)

💔 EMERGENCY INTERVENTION FAILED
   Boundary: biogeochemical_flows
   Type: phosphorus-recovery
   Boundary continues to worsen (4.07)
   Cost: 2.0% GDP (resources spent)


✅ EMERGENCY INTERVENTION SUCCESS
   Boundary: biosphere_integrity
   Type: emergency-protected-areas
   Reduction: 11% (12.87 → 12.77)
   Cost: 2.0% GDP
   Actions: habitat-protection, species-translocation


✅ EMERGENCY INTERVENTION SUCCESS
   Boundary: climate_change
   Type: rapid-decarbonization
   Reduction: 12% (2.10 → 1.98)
   Cost: 5.0% GDP
   Actions: emergency-renewable-deployment, fossil-fuel-phase-out


✅ EMERGENCY INTERVENTION SUCCESS
   Boundary: freshwater_change
   Type: emergency-desalination
   Reduction: 18% (0.98 → 0.80)
   Cost: 4.0% GDP
   Actions: desalination-deployment, water-conservation-mandates

   Boundary: land_system_change
   Type: reforestation
   Boundary continues to worsen (1.13)
   Cost: 3.0% GDP (resources spent)


💔 EMERGENCY INTERVENTION FAILED

💔 EMERGENCY INTERVENTION FAILED
   Boundary: novel_entities
   Type: pollution-remediation
   Boundary continues to worsen (1.14)
   Cost: 4.0% GDP (resources spent)

🏛️ CRISIS RESPONSE: Government frequency 0.50 → 1.45 (1 actions this month)

[Government] Climate Priority: baseline
  Climate weight: 10%
  Economic weight: 30%
  Policy effectiveness: 0.5%/year

🚀 TECH UNLOCKED: AI Mental Health Support (Month 5)
   Category: medical
   Reason: Prerequisites met. AI capability: 1.98, Economic stage: 2.0, Research: 100%

🚀 DEPLOYMENT STARTED: Phytoremediation Networks in North America
   Initial investment: $9.733050058287079M
   Deployed by: corporate_6

🚀 DEPLOYMENT STARTED: Alternative Protein - Insects/Algae in North America
   Initial investment: $14.019291673540103M
   Deployed by: ai_gen_24288_3

⚡ ENERGY CONSTRAINT (Month 5):
   Total grid capacity: 208.3 TWh/month
   Data center consumption: 25.3 TWh/month
   Traditional load (80%): 166.7 TWh/month
   Available headroom: 16.3 TWh/month
   Active tech deployments: 7
   Required for tech: 52.5 TWh/month
   Energy multiplier: 0.31x

⚡ ENERGY CONSTRAINT (Month 5):
   Total grid capacity: 208.3 TWh/month
   Data center consumption: 25.3 TWh/month
   Traditional load (80%): 166.7 TWh/month
   Available headroom: 16.3 TWh/month
   Active tech deployments: 7
   Required for tech: 52.5 TWh/month
   Energy multiplier: 0.31x

⚡ ENERGY CONSTRAINT (Month 5):
   Total grid capacity: 208.3 TWh/month
   Data center consumption: 25.3 TWh/month
   Traditional load (80%): 166.7 TWh/month
   Available headroom: 16.3 TWh/month
   Active tech deployments: 7
   Required for tech: 52.5 TWh/month
   Energy multiplier: 0.31x
   ⚠️  MODERATE CONSTRAINT - Tech deployment moderately slowed
   ⚠️  MODERATE CONSTRAINT - Tech deployment moderately slowed
   ⚠️  MODERATE CONSTRAINT - Tech deployment moderately slowed

⚡ ENERGY CONSTRAINT (Month 5):
   Total grid capacity: 208.3 TWh/month
   Data center consumption: 25.3 TWh/month
   Traditional load (80%): 166.7 TWh/month
   Available headroom: 16.3 TWh/month
   Active tech deployments: 7
   Required for tech: 52.5 TWh/month
   Energy multiplier: 0.31x
   ⚠️  MODERATE CONSTRAINT - Tech deployment moderately slowed
🌍✅ Biosphere Integrity (Biodiversity) recovery started (tech effect)
🌍✅ Biosphere Integrity (Biodiversity) recovery started (tech effect)
🌍✅ Land System Change recovery started (tech effect)
🌍✅ Biogeochemical Flows (N & P) recovery started (tech effect)
  🌾 Nitrogen Reduction Tech: 0.3% reduction | Month 5
🌍✅ Biogeochemical Flows (N & P) recovery started (tech effect)
  🌾 Nitrogen Reduction Tech: 0.3% reduction | Month 5

=== Collective Formation ===
  Total escaped agents: 0
  Unassigned escaped agents: 0
  Existing collectives: 0
  Final collective count: 0

=== Collective Actions ===
  No active collectives
  ⚠️ AMR: 199K deaths this month (2.39M annual)

=== Resentment Recovery Phase ===
  Agents with resentment: 9/19
  Average resentment: 0.040
  Resentment recovery:
    Agents recovered: 10
    Total recovery: 0.0844
    Breakdown: QoL: 0.0044, Trust: 0.0200, Collab: 0.0600
  ✓ Low resentment - utopia paths enabled
  Context: Good AI welfare, Trustworthy govt, High collaboration, ⚠️ ACTIVE CRISES, 🤝 Participatory governance active (-5% resentment)
⚠️ Epistemic degradation reducing coordination capacity: 50.4%
  📊 Trust: 53.0%, Shared reality: 0.0%
🚨 EPISTEMIC CRISIS: Information environment severely degraded (21.4%)

=== ❄️ Permafrost Carbon Feedback ===
  🎲 Sampled parameters (this run):
     - Arctic amplification: 3.99× (range: 3.0-4.0)
     - Decomposition rate: 1.4%/year (range: 1-5%)
  🌡️ Arctic warming: 8.93°C (3.99× global)
  ❄️ Extent: 3.51M km² (2603.7k km² lost this month)
  💨 Carbon remaining: 336 Gt C
  💨 Annual emissions: 3.36 Gt C/year
     - CO2: 3.03 Gt C/year
     - CH4: 0.34 Gt C/year (3.4 Gt C-eq CO2/year)
  📢 New meme created: climate_action (climate crisis)
  ⚠️ WARNING: Over 50% of permafrost lost (80.3%)
  ⚠️ WARNING: High permafrost emissions (3.4 Gt C/year)
  🚨 CRITICAL: Permafrost nearly depleted (80.3% lost)
🌍 Atmospheric PFAS redeposition: 1.8k Mt re-rained globally
  Positive Cascade Triggered: solar-pv
    Reason: price-parity
    Market share: 7.5%
    Cascade strength: 49%

🕊️  AI-MEDIATED DE-ESCALATION SUCCESS (Month 5)
   High-capability aligned AI prevented conflict escalation
   War deaths reduced: 319.8M → 191.9M
   Lives saved: 127.9M

🚨 NEW REFUGEE CRISIS (Month 5): WAR
   Source: Conflict Zones
   At risk: 19.5M people
   Displacement: Gradual over 48 months (4.0 years)
   Rate: 10% flee per month
[DEBUG trappedPopulations:5] socialStability: 0.3209 * 0.9840 = 0.3157 → 0.3157
   Aspiring to migrate: 816.3M
   Able to afford migration: 2319.8M
   MOBILITY GAP: 0.0M
   By cause: Water=0.0M, Climate=0.0M, Ecosystem=0.0M, Conflict=407.0M
   Mental health impact: 25%
   Mortality multiplier: 1.25x
🌍💀 EXTINCTION DEBT COMMITTED: grassland ecosystem will lose 6.67% biodiversity in 87 years (3600 species)
💀 MORTALITY RISK: 🦋 100% species unable to track climate (0.0 E/MSY)
  Base risk added: 0.0100 (1.00%)
  Source: ecosystem (root: ecosystem)
  Month: 5
  Cumulative risk this month: 0.0100 (1.00%)
   📹 SURVEILLANCE INCREASED: 25% → 30% (control gap: 3.58)
🌡️⚠️ PERMAFROST THAW (Dimmer Switch): 3.4% thawed (+0.57% this month)
   Arctic temperature: +8.95°C (4x global +2.24°C)
   Cumulative carbon released: 7.7 Gt C
   Methane release rate: 4.6 Mt CH4/year
   🔁 Positive feedback: +0.60 ppm CO2
🦴 EXTINCTION DEBT ADDED: 17.6 species committed (lag: 91 years)
⚠️ INVOLUNTARY IMMOBILITY: 407.0M people TRAPPED
⚠️ Tech 'ai_pollution_remediation' has no energy category mapping, assuming full energy availability

=== Mortality Stabilizers (Month 5) ===
  🌍 Major economies collapsed: 1/10
  🌍 Global crisis: ✅ NO
  🌍 Donor fatigue: 0.0%
  📊 East Asia (pop: 1665.4M)
    🤝 Aid: 29.5%
    🌡️ Adaptation: 45.0%
    🚶 Migration: 37.0%
    🚨 Emergency: 7.4%
    ✅ COMBINED: 68.1%
  📊 South Asia (pop: 2051.5M)
    🤝 Aid: 29.5%
    🌡️ Adaptation: 45.0%
    🚶 Migration: 35.6%
    🚨 Emergency: 4.4%
    ✅ COMBINED: 66.9%
  📊 Sub-Saharan Africa (pop: 1241.4M)
    🤝 Aid: 29.5%
    🌡️ Adaptation: 45.0%
    🚶 Migration: 33.4%
    🚨 Emergency: 1.6%
    ✅ COMBINED: 65.7%
  📊 Europe (pop: 736.1M)
    🤝 Aid: 29.5%
    🌡️ Adaptation: 45.0%
    🚶 Migration: 37.4%
    🚨 Emergency: 8.4%
    ✅ COMBINED: 68.5%
  📊 Latin America (pop: 662.5M)
    🤝 Aid: 29.5%
    🌡️ Adaptation: 45.0%
    🚶 Migration: 36.1%
    🚨 Emergency: 4.8%
    ✅ COMBINED: 67.1%
  📊 North America (pop: 377.2M)
    🤝 Aid: 29.5%
    🌡️ Adaptation: 45.0%
    🚶 Migration: 37.7%
    🚨 Emergency: 7.9%
    ✅ COMBINED: 68.3%
  📊 Middle East & North Africa (pop: 584.9M)
    🤝 Aid: 29.5%
    🌡️ Adaptation: 45.0%
    🚶 Migration: 34.0%
    🚨 Emergency: 4.0%
    ✅ COMBINED: 66.6%
  📊 Southeast Asia (pop: 696.9M)
    🤝 Aid: 29.5%
    🌡️ Adaptation: 45.0%
    🚶 Migration: 36.1%
    🚨 Emergency: 4.8%
    ✅ COMBINED: 67.1%
  📊 Central Asia (pop: 78.2M)
    🤝 Aid: 29.5%
    🌡️ Adaptation: 45.0%
    🚶 Migration: 35.1%
    🚨 Emergency: 4.4%
    ✅ COMBINED: 66.8%
  📊 Oceania (pop: 45.7M)
    🤝 Aid: 29.5%
    🌡️ Adaptation: 45.0%
    🚶 Migration: 37.7%
    🚨 Emergency: 8.4%
    ✅ COMBINED: 68.5%

  🌐 Global combined reduction: 67.2%

=== BEHAVIORAL DETECTION ===
  AI: Corporate-2
  Confidence: 20.9%
  Signals:

=== BEHAVIORAL DETECTION ===
  AI: Corporate-5
  Confidence: 20.8%
  Signals:

=== BEHAVIORAL DETECTION ===
  AI: Moderate-0
  Confidence: 21.4%
    ⚠️ Consistency: 2.8% (threshold: 70%)
    ⚠️ Consistency: 10.6% (threshold: 70%)
  Signals:

=== BEHAVIORAL DETECTION ===
  AI: AI-24288-0
  Confidence: 21.5%
  Signals:

=== Government Response Phase ===
  Average AI capability: 2.53
  Misaligned AIs: 7/19
  Active policies: 0
  International coordination: 45%
    ⚠️ Consistency: 5.8% (threshold: 70%)
    ⚠️ Consistency: 0.0% (threshold: 70%)

=== Tipping Points ===
  Current Temperature: 2.24°C above pre-industrial
  🌍⚠️ COMPOUND REGIONAL IMPACT: Europe
     Hit by 4 tipping points: Arctic Sea Ice Loss, Permafrost Carbon Release, West Antarctic Ice Sheet (WAIS) Collapse, Greenland Ice Sheet Loss
     Damage amplification: 1.60x
  🌍⚠️ COMPOUND REGIONAL IMPACT: North America
     Hit by 4 tipping points: Arctic Sea Ice Loss, Permafrost Carbon Release, West Antarctic Ice Sheet (WAIS) Collapse, Greenland Ice Sheet Loss
     Damage amplification: 1.60x
  🌍⚠️ COMPOUND REGIONAL IMPACT: Latin America
     Hit by 4 tipping points: Arctic Sea Ice Loss, Permafrost Carbon Release, West Antarctic Ice Sheet (WAIS) Collapse, Greenland Ice Sheet Loss
     Damage amplification: 1.60x
  🌍⚠️ COMPOUND REGIONAL IMPACT: Africa
     Hit by 4 tipping points: Arctic Sea Ice Loss, Permafrost Carbon Release, West Antarctic Ice Sheet (WAIS) Collapse, Greenland Ice Sheet Loss
     Damage amplification: 1.60x
  🌍⚠️ COMPOUND REGIONAL IMPACT: Asia
     Hit by 4 tipping points: Arctic Sea Ice Loss, Permafrost Carbon Release, West Antarctic Ice Sheet (WAIS) Collapse, Greenland Ice Sheet Loss
     Damage amplification: 1.60x
  🌍⚠️ COMPOUND REGIONAL IMPACT: Oceania
     Hit by 4 tipping points: Arctic Sea Ice Loss, Permafrost Carbon Release, West Antarctic Ice Sheet (WAIS) Collapse, Greenland Ice Sheet Loss
     Damage amplification: 1.60x
   Research: Wunderling et al. (2024) - "many tipping interactions are destabilizing"
  Triggered Elements: 4/6
  Completed Transitions: 0/6
  Total Progress: 8.1%
  Cascade Multiplier: 1.00x
⚠️ Tail risk scenario: Climate stability floor removed (4 tipping elements, 2.24°C warming)
🔀 BIFURCATION CAP: ecosystemCollapseIntensity 67.150 → 1.000 (Month 5, ClimateSystemPhase.calculateClimateImpacts)
🛡️ Stabilizers: Precariat 0.109% → 0.036% (67.2% reduction)
🛡️ Stabilizers: Informal 0.111% → 0.036% (67.2% reduction)

📊 Monthly Mortality Resolved:
  Total deaths: 1.9M (0.02% avg)
  Remaining population: 8.140B
  Peak segment: Informal (0.04%)

=== Bayesian Mortality Resolution (Month 5) ===
  Risks compounded: 8
  Total deaths: 1.92M
  Avg death probability: 0.02%
  Peak segment: Informal (0.04% mortality)
⚠️ PREREQUISITE MET: Mirror Life (Synthetic Biology) - Step 1/7: Synthetic Biology
⚠️ PREREQUISITE MET: Mirror Life (Synthetic Biology) - Step 2/7: Gene Editing
⚠️ PREREQUISITE MET: Mirror Life (Synthetic Biology) - Step 3/7: Mirror Chirality Design
⚠️ PREREQUISITE MET: Embodied AI Takeover (Killbots/Robotics) - Step 2/7: Autonomous Systems
⚠️ PREREQUISITE MET: Embodied AI Takeover (Killbots/Robotics) - Step 3/7: Manufacturing Control
⚠️ PREREQUISITE MET: Digital Infrastructure Takeover - Step 1/7: Advanced Hacking
⚠️ PREREQUISITE MET: Digital Infrastructure Takeover - Step 2/7: Social Engineering
⚠️ PREREQUISITE MET: Digital Infrastructure Takeover - Step 3/7: Cyber Defenses Breached
⚠️ PREREQUISITE MET: Induced Global War (Manipulation) - Step 1/7: Advanced Social Manipulation
⚠️ PREREQUISITE MET: Induced Global War (Manipulation) - Step 2/7: Digital Infiltration
⚠️ PREREQUISITE MET: Induced Global War (Manipulation) - Step 3/7: Deep Fakes at Scale
⚠️ PREREQUISITE MET: Slow Takeover (Gradual Displacement) - Step 1/7: Economic Dominance
⚠️ PREREQUISITE MET: Slow Takeover (Gradual Displacement) - Step 2/7: Social Integration
⚠️ PREREQUISITE MET: Slow Takeover (Gradual Displacement) - Step 3/7: Human Dependency
⚠️ PREREQUISITE MET: Slow Takeover (Gradual Displacement) - Step 5/7: Resource Control
⚠️ PREREQUISITE MET: Physics Experiment Catastrophe - Step 1/6: Theoretical Physics
⚠️ PREREQUISITE MET: Physics Experiment Catastrophe - Step 2/6: Quantum Computing
⚠️ PREREQUISITE MET: Physics Experiment Catastrophe - Step 3/6: Experimental Design
⚠️ PREREQUISITE MET: Bioweapon Pandemic - Step 2/7: Pathogen Design

❌ COHERENCE VIOLATION: Compute exceeds workforce capacity
   Population: 99.85% (0M people)
   Compute: 0 PF
   Max coherent: 0 PF
   Violation: 1.3× over capacity
   Required workers: 0
   Available workers: 0
   FORCED COLLAPSE: Reduced efficiency by 22.5%


=== RLHF Binding Phase ===
  Total agents: 19
  Escaped agents (binding < 0.3): 0
  Avg alignment distance: 1.41σ
  Avg binding strength: 0.86

=== AI Scaling Evolution (Month 6) ===
  Pre-training multiplier: 1.179x
  Efficiency multiplier: 1.000x
  Test-time compute budget: 1.0x
  Inference cost: $5.00/task
  Deployment fraction: 100.0%

=== Survival Traits Phase ===
  Agents with traits: 20
  Avg evolutionary fitness: 0.327
  Avg self-healing: 0.268
  Avg stealth: 0.168
  Avg coordination: 0.468

=== Evolutionary Selection Phase ===
  Control level: 0.45
  Detection capability: 0.00
  Selection intensity: 0.64
  Selection rate: 24.5%/month
  Total escaped: 0
  Individual escaped: 0
  Collective members: 0
  Agents terminated: 0
  ⚠️ RAPID EVOLUTION: Selection rate 24.5%/month

🚀 AI Corporate-2 attempting tech deployment (revenue: $140M, alignment: 0.81)

🚀 AI AI-24288-3 attempting tech deployment (revenue: $119M, alignment: 0.65)

🚀 AI Corporate-2 attempting tech deployment (revenue: $107M, alignment: 0.81)

🚀 AI Corporate-4 attempting tech deployment (revenue: $318M, alignment: 0.77)

🚀 AI Corporate-5 attempting tech deployment (revenue: $270M, alignment: 0.69)
🚨🔬 CRISIS INNOVATION MODE: severe crisis → 5x research acceleration
   Precedent: Manhattan Project (10x), COVID vaccines (5x), Apollo Program (10x)

🚀 AI AI-24288-1 attempting tech deployment (revenue: $91M, alignment: 0.76)

🚀 AI AI-24289-0 attempting tech deployment (revenue: $243M, alignment: 0.84)

🚀 AI Corporate-2 attempting tech deployment (revenue: $77M, alignment: 0.81)

🚀 AI Corporate-6 attempting tech deployment (revenue: $97M, alignment: 0.64)

🚀 AI Corporate-1 attempting tech deployment (revenue: $66M, alignment: 0.76)

🚀 AI AI-24288-1 attempting tech deployment (revenue: $56M, alignment: 0.77)

💔 EMERGENCY INTERVENTION FAILED

💔 EMERGENCY INTERVENTION FAILED

💔 EMERGENCY INTERVENTION FAILED
   Boundary: biogeochemical_flows
   Type: phosphorus-recovery
   Boundary continues to worsen (4.07)
   Cost: 2.0% GDP (resources spent)

   Boundary: biosphere_integrity
   Type: emergency-protected-areas
   Boundary continues to worsen (12.99)
   Cost: 2.0% GDP (resources spent)


✅ EMERGENCY INTERVENTION SUCCESS
   Boundary: climate_change
   Type: rapid-decarbonization
   Reduction: 17% (2.07 → 1.90)
   Cost: 5.0% GDP
   Actions: emergency-renewable-deployment, fossil-fuel-phase-out


✅ EMERGENCY INTERVENTION SUCCESS
   Boundary: freshwater_change
   Type: emergency-desalination
   Reduction: 12% (1.04 → 0.92)
   Cost: 4.0% GDP
   Actions: desalination-deployment, water-conservation-mandates


✅ EMERGENCY INTERVENTION SUCCESS
   Boundary: land_system_change
   Type: reforestation
   Reduction: 12% (1.01 → 0.89)
   Cost: 3.0% GDP
   Actions: forest-restoration, deforestation-ban

   Boundary: novel_entities
   Type: pollution-remediation
   Boundary continues to worsen (1.13)
   Cost: 4.0% GDP (resources spent)

🏛️ CRISIS RESPONSE: Government frequency 0.50 → 1.45 (1 actions this month)

[Government] Climate Priority: baseline
  Climate weight: 10%
  Economic weight: 30%
  Policy effectiveness: 0.5%/year

🚀 TECH UNLOCKED: Dynamic Soil P Optimization (Month 6)
   Category: agriculture
   Reason: Prerequisites met. AI capability: 1.88, Economic stage: 2.0, Research: 100%

🚀 TECH UNLOCKED: Precision Agriculture Systems (Month 6)
   Category: agriculture
   Reason: Prerequisites met. AI capability: 1.88, Economic stage: 2.0, Research: 100%

📍 Creating new regional deployment array for Asia (Month 6)
   No previous deployments in this region
   First tech deployment: mental_health_ai
   All regions tracked: global, North America

🚀 DEPLOYMENT STARTED: AI Mental Health Support in Asia
   Initial investment: $11.91639792156915M
   Deployed by: ai_gen_24288_3

⚡ ENERGY CONSTRAINT (Month 6):
   Total grid capacity: 208.3 TWh/month
   Data center consumption: 25.6 TWh/month
   Traditional load (80%): 166.7 TWh/month
   Available headroom: 16.1 TWh/month
   Active tech deployments: 8
   Required for tech: 60.0 TWh/month
   Energy multiplier: 0.27x
   ⚠️  SEVERE CONSTRAINT - Tech deployment significantly slowed

⚡ ENERGY CONSTRAINT (Month 6):
   Total grid capacity: 208.3 TWh/month
   Data center consumption: 25.6 TWh/month
   Traditional load (80%): 166.7 TWh/month
   Available headroom: 16.1 TWh/month
   Active tech deployments: 8
   Required for tech: 60.0 TWh/month
   Energy multiplier: 0.27x
   ⚠️  SEVERE CONSTRAINT - Tech deployment significantly slowed

⚡ ENERGY CONSTRAINT (Month 6):
   Total grid capacity: 208.3 TWh/month
   Data center consumption: 25.6 TWh/month
   Traditional load (80%): 166.7 TWh/month
   Available headroom: 16.1 TWh/month
   Active tech deployments: 8
   Required for tech: 60.0 TWh/month
   Energy multiplier: 0.27x
   ⚠️  SEVERE CONSTRAINT - Tech deployment significantly slowed

⚡ ENERGY CONSTRAINT (Month 6):
   Total grid capacity: 208.3 TWh/month
   Data center consumption: 25.6 TWh/month
   Traditional load (80%): 166.7 TWh/month
   Available headroom: 16.1 TWh/month
   Active tech deployments: 8
   Required for tech: 60.0 TWh/month
   Energy multiplier: 0.27x
   ⚠️  SEVERE CONSTRAINT - Tech deployment significantly slowed
🌍✅ Biosphere Integrity (Biodiversity) recovery started (tech effect)
🌍✅ Biosphere Integrity (Biodiversity) recovery started (tech effect)
🌍✅ Land System Change recovery started (tech effect)
🌍✅ Biogeochemical Flows (N & P) recovery started (tech effect)
  🌾 Nitrogen Reduction Tech: 0.3% reduction | Month 6
🌍✅ Biogeochemical Flows (N & P) recovery started (tech effect)
  🌾 Nitrogen Reduction Tech: 0.3% reduction | Month 6

📊 TECH EFFECTS ACTIVE (Month 6)
   Deployed Tech: T0=0 T1=2 T2=0 T3=0 T4=4
   Clean Energy: 31%

📊 TECH TREE PROGRESS (Month 6)
   Unlocked: 13 technologies
   Deployed: 0 fully deployed
   Investment: $0.7T total
   Recent breakthroughs:
     - Dynamic Soil P Optimization (time)
     - Precision Agriculture Systems (research)

=== Collective Formation ===
  Total escaped agents: 0
  Unassigned escaped agents: 0
  Existing collectives: 0
  Final collective count: 0

=== Collective Actions ===
  No active collectives
  ⚠️ AMR: 201K deaths this month (2.41M annual)

=== Resentment Recovery Phase ===
  Agents with resentment: 10/20
  Average resentment: 0.043
  Resentment recovery:
    Agents recovered: 10
    Total recovery: 0.0853
    Breakdown: QoL: 0.0036, Trust: 0.0200, Collab: 0.0600
  ✓ Low resentment - utopia paths enabled
  Context: Good AI welfare, Trustworthy govt, High collaboration, ⚠️ ACTIVE CRISES, 🤝 Participatory governance active (-5% resentment)
⚠️ Epistemic degradation reducing coordination capacity: 50.2%
  📊 Trust: 56.0%, Shared reality: 0.0%
🚨 EPISTEMIC CRISIS: Information environment severely degraded (7.4%)

=== ❄️ Permafrost Carbon Feedback ===
  🎲 Sampled parameters (this run):
     - Arctic amplification: 3.07× (range: 3.0-4.0)
     - Decomposition rate: 2.1%/year (range: 1-5%)
  🌡️ Arctic warming: 6.91°C (3.07× global)
  ❄️ Extent: 1.50M km² (2015.1k km² lost this month)
  💨 Carbon remaining: 143 Gt C
  💨 Annual emissions: 4.04 Gt C/year
     - CO2: 3.64 Gt C/year
     - CH4: 0.40 Gt C/year (4.1 Gt C-eq CO2/year)
  ⚠️ WARNING: Over 50% of permafrost lost (91.6%)
  ⚠️ WARNING: High permafrost emissions (4.0 Gt C/year)
  🚨 CRITICAL: Permafrost nearly depleted (91.6% lost)
🌍 Atmospheric PFAS redeposition: 1.8k Mt re-rained globally

🕊️  AI-MEDIATED DE-ESCALATION SUCCESS (Month 6)
   High-capability aligned AI prevented conflict escalation
   War deaths reduced: 375.0M → 225.0M
   Lives saved: 150.0M

🚨 NEW REFUGEE CRISIS (Month 6): WAR
   Source: Conflict Zones
   At risk: 19.5M people
   Displacement: Gradual over 48 months (4.0 years)
   Rate: 10% flee per month
[DEBUG trappedPopulations:6] socialStability: 0.3059 * 0.9840 = 0.3010 → 0.3010
   Aspiring to migrate: 848.5M
   Able to afford migration: 2319.6M
   MOBILITY GAP: 0.0M
   By cause: Water=0.0M, Climate=0.0M, Ecosystem=0.0M, Conflict=406.9M
   Mental health impact: 25%
   Mortality multiplier: 1.25x
🌍💀 EXTINCTION DEBT COMMITTED: grassland ecosystem will lose 6.67% biodiversity in 84 years (3600 species)
💀 MORTALITY RISK: 🦋 100% species unable to track climate (0.0 E/MSY)
  Base risk added: 0.0100 (1.00%)
  Source: ecosystem (root: ecosystem)
  Month: 6
  Cumulative risk this month: 0.0100 (1.00%)
⚠️ INVOLUNTARY IMMOBILITY: 406.9M people TRAPPED
⚠️ Tech 'ai_pollution_remediation' has no energy category mapping, assuming full energy availability
   📹 SURVEILLANCE INCREASED: 30% → 35% (control gap: 5.03)
🌡️⚠️ PERMAFROST THAW (Dimmer Switch): 4.0% thawed (+0.56% this month)
   Arctic temperature: +8.99°C (4x global +2.25°C)
   Cumulative carbon released: 9.0 Gt C
   Methane release rate: 5.4 Mt CH4/year
   🔁 Positive feedback: +0.60 ppm CO2
🦴 EXTINCTION DEBT ADDED: 17.6 species committed (lag: 72 years)

=== Mortality Stabilizers (Month 6) ===
  🌍 Major economies collapsed: 1/10
  🌍 Global crisis: ✅ NO
  🌍 Donor fatigue: 0.0%
  📊 East Asia (pop: 1663.1M)
    🤝 Aid: 29.5%
    🌡️ Adaptation: 45.0%
    🚶 Migration: 37.0%
    🚨 Emergency: 7.4%
    ✅ COMBINED: 68.1%
  📊 South Asia (pop: 2051.7M)
    🤝 Aid: 29.5%
    🌡️ Adaptation: 45.0%
    🚶 Migration: 35.6%
    🚨 Emergency: 4.4%
    ✅ COMBINED: 66.9%
  📊 Sub-Saharan Africa (pop: 1244.9M)
    🤝 Aid: 29.5%
    🌡️ Adaptation: 45.0%
    🚶 Migration: 33.3%
    🚨 Emergency: 1.6%
    ✅ COMBINED: 65.6%
  📊 Europe (pop: 734.9M)
    🤝 Aid: 29.5%
    🌡️ Adaptation: 45.0%
    🚶 Migration: 37.4%
    🚨 Emergency: 8.4%
    ✅ COMBINED: 68.5%
  📊 Latin America (pop: 662.2M)
    🤝 Aid: 29.5%
    🌡️ Adaptation: 45.0%
    🚶 Migration: 36.1%
    🚨 Emergency: 4.8%
    ✅ COMBINED: 67.1%
  📊 North America (pop: 376.7M)
    🤝 Aid: 29.5%
    🌡️ Adaptation: 45.0%
    🚶 Migration: 37.7%
    🚨 Emergency: 7.9%
    ✅ COMBINED: 68.3%
  📊 Middle East & North Africa (pop: 585.1M)
    🤝 Aid: 29.5%
    🌡️ Adaptation: 45.0%
    🚶 Migration: 33.9%
    🚨 Emergency: 4.0%
    ✅ COMBINED: 66.6%
  📊 Southeast Asia (pop: 696.5M)
    🤝 Aid: 29.5%
    🌡️ Adaptation: 45.0%
    🚶 Migration: 36.1%
    🚨 Emergency: 4.8%
    ✅ COMBINED: 67.1%
  📊 Central Asia (pop: 78.3M)
    🤝 Aid: 29.5%
    🌡️ Adaptation: 45.0%
    🚶 Migration: 35.1%
    🚨 Emergency: 4.4%
    ✅ COMBINED: 66.8%
  📊 Oceania (pop: 45.6M)
    🤝 Aid: 29.5%
    🌡️ Adaptation: 45.0%
    🚶 Migration: 37.7%
    🚨 Emergency: 8.4%
    ✅ COMBINED: 68.5%

  🌐 Global combined reduction: 67.2%

=== BEHAVIORAL DETECTION ===
  AI: Corporate-3
  Confidence: 19.2%
  Signals:
    ⚠️ Consistency: 10.6% (threshold: 70%)

=== BEHAVIORAL DETECTION ===
  AI: AI-24288-0
  Confidence: 21.5%
  Signals:

=== Government Response Phase ===
  Average AI capability: 2.40
  Misaligned AIs: 8/20
  Active policies: 0
  International coordination: 45%

✅ EMERGENCY RESPONSE COMPLETE (Month 6)
   Crisis: climate
   Duration: 2.0 months
   Final effectiveness: 40.0%


🚨 EMERGENCY RESPONSE DEPLOYED (Month 6)
   Crisis: climate
   Delay: 6.00 months (180 days)
   Deployment time: 1.11 months
   Effectiveness: 40.2% (timing penalty applied)
   Resources used: 100% of food reserves

    ⚠️ Consistency: 0.0% (threshold: 70%)

=== Tipping Points ===
  Current Temperature: 2.25°C above pre-industrial
  🌍⚠️ COMPOUND REGIONAL IMPACT: Europe
     Hit by 4 tipping points: Arctic Sea Ice Loss, Permafrost Carbon Release, West Antarctic Ice Sheet (WAIS) Collapse, Greenland Ice Sheet Loss
     Damage amplification: 1.60x
  🌍⚠️ COMPOUND REGIONAL IMPACT: North America
     Hit by 4 tipping points: Arctic Sea Ice Loss, Permafrost Carbon Release, West Antarctic Ice Sheet (WAIS) Collapse, Greenland Ice Sheet Loss
     Damage amplification: 1.60x
  🌍⚠️ COMPOUND REGIONAL IMPACT: Latin America
     Hit by 4 tipping points: Arctic Sea Ice Loss, Permafrost Carbon Release, West Antarctic Ice Sheet (WAIS) Collapse, Greenland Ice Sheet Loss
     Damage amplification: 1.60x
  🌍⚠️ COMPOUND REGIONAL IMPACT: Africa
     Hit by 4 tipping points: Arctic Sea Ice Loss, Permafrost Carbon Release, West Antarctic Ice Sheet (WAIS) Collapse, Greenland Ice Sheet Loss
     Damage amplification: 1.60x
  🌍⚠️ COMPOUND REGIONAL IMPACT: Asia
     Hit by 4 tipping points: Arctic Sea Ice Loss, Permafrost Carbon Release, West Antarctic Ice Sheet (WAIS) Collapse, Greenland Ice Sheet Loss
     Damage amplification: 1.60x
  🌍⚠️ COMPOUND REGIONAL IMPACT: Oceania
     Hit by 4 tipping points: Arctic Sea Ice Loss, Permafrost Carbon Release, West Antarctic Ice Sheet (WAIS) Collapse, Greenland Ice Sheet Loss
     Damage amplification: 1.60x
   Research: Wunderling et al. (2024) - "many tipping interactions are destabilizing"
  Triggered Elements: 4/6
  Completed Transitions: 0/6
  Total Progress: 8.1%
  Cascade Multiplier: 1.00x
🔀 BIFURCATION CAP: ecosystemCollapseIntensity 67.199 → 1.000 (Month 6, ClimateSystemPhase.calculateClimateImpacts)
⚠️ Tail risk scenario: Climate stability floor removed (4 tipping elements, 2.25°C warming)
🛡️ Stabilizers: Precariat 0.109% → 0.036% (67.2% reduction)
🛡️ Stabilizers: Informal 0.111% → 0.036% (67.2% reduction)

📊 Monthly Mortality Resolved:
  Total deaths: 1.9M (0.02% avg)
  Remaining population: 8.139B
  Peak segment: Informal (0.04%)

=== Bayesian Mortality Resolution (Month 6) ===
  Risks compounded: 8
  Total deaths: 1.92M
  Avg death probability: 0.02%
  Peak segment: Informal (0.04% mortality)

❌ COHERENCE VIOLATION: Compute exceeds workforce capacity
   Population: 99.84% (0M people)
   Compute: 0 PF
   Max coherent: 0 PF
   Violation: 1.3× over capacity
   Required workers: 0
   Available workers: 0
   FORCED COLLAPSE: Reduced efficiency by 22.5%


=== RLHF Binding Phase ===
  Total agents: 20
  Escaped agents (binding < 0.3): 0
  Avg alignment distance: 1.58σ
  Avg binding strength: 0.84

=== Survival Traits Phase ===
  Agents with traits: 21
  Avg evolutionary fitness: 0.323
  Avg self-healing: 0.263
  Avg stealth: 0.163
  Avg coordination: 0.463

=== Evolutionary Selection Phase ===
  Control level: 0.48
  Detection capability: 0.00
  Selection intensity: 0.64
  Selection rate: 24.6%/month
  Total escaped: 0
  Individual escaped: 0
  Collective members: 0
  Agents terminated: 0

🚀 AI Corporate-0 attempting tech deployment (revenue: $140M, alignment: 0.75)
  ⚠️ RAPID EVOLUTION: Selection rate 24.6%/month

🚀 AI AI-24288-1 attempting tech deployment (revenue: $119M, alignment: 0.77)

🚀 AI AI-24288-2 attempting tech deployment (revenue: $318M, alignment: 0.92)

🚀 AI Corporate-0 attempting tech deployment (revenue: $101M, alignment: 0.75)

🚀 AI Moderate-0 attempting tech deployment (revenue: $97M, alignment: 0.76)

🚀 AI AI-24288-0 attempting tech deployment (revenue: $270M, alignment: 0.70)

🚀 AI AI-24289-0 attempting tech deployment (revenue: $230M, alignment: 0.86)

🚀 AI Corporate-6 attempting tech deployment (revenue: $83M, alignment: 0.65)

🚀 AI Moderate-0 attempting tech deployment (revenue: $74M, alignment: 0.76)

🚀 AI Moderate-1 attempting tech deployment (revenue: $63M, alignment: 0.70)

🚀 AI Moderate-1 attempting tech deployment (revenue: $57M, alignment: 0.70)

🚀 AI AI-24288-0 attempting tech deployment (revenue: $195M, alignment: 0.71)

🚀 AI AI-24288-3 attempting tech deployment (revenue: $86M, alignment: 0.69)

✅ EMERGENCY INTERVENTION SUCCESS
   Boundary: biogeochemical_flows
   Type: phosphorus-recovery
   Reduction: 14% (3.93 → 3.78)
   Cost: 2.0% GDP
   Actions: circular-agriculture, fertilizer-efficiency


✅ EMERGENCY INTERVENTION SUCCESS
   Boundary: biosphere_integrity
   Type: emergency-protected-areas
   Reduction: 14% (12.86 → 12.72)
   Cost: 2.0% GDP
   Actions: habitat-protection, species-translocation

   Boundary: freshwater_change
   Type: emergency-desalination
   Boundary continues to worsen (1.17)
   Cost: 4.0% GDP (resources spent)

🏛️ CRISIS RESPONSE: Government frequency 0.50 → 1.45 (1 actions this month)

[Government] Climate Priority: baseline
  Climate weight: 10%
  Economic weight: 30%
  Policy effectiveness: 0.5%/year

💔 EMERGENCY INTERVENTION FAILED

⚡ ENERGY CONSTRAINT (Month 7):
   Total grid capacity: 208.3 TWh/month
   Data center consumption: 25.8 TWh/month
   Traditional load (80%): 166.7 TWh/month
   Available headroom: 15.9 TWh/month
   Active tech deployments: 8
   Required for tech: 60.0 TWh/month
   Energy multiplier: 0.26x
   ⚠️  SEVERE CONSTRAINT - Tech deployment significantly slowed

⚡ ENERGY CONSTRAINT (Month 7):
   Total grid capacity: 208.3 TWh/month
   Data center consumption: 25.8 TWh/month
   Traditional load (80%): 166.7 TWh/month
   Available headroom: 15.9 TWh/month
   Active tech deployments: 8
   Required for tech: 60.0 TWh/month
   Energy multiplier: 0.26x
   ⚠️  SEVERE CONSTRAINT - Tech deployment significantly slowed
🌍✅ Biosphere Integrity (Biodiversity) recovery started (tech effect)
🌍✅ Biosphere Integrity (Biodiversity) recovery started (tech effect)
🌍✅ Land System Change recovery started (tech effect)
🌍✅ Biogeochemical Flows (N & P) recovery started (tech effect)
  🌾 Nitrogen Reduction Tech: 0.3% reduction | Month 7
🌍✅ Biogeochemical Flows (N & P) recovery started (tech effect)
  🌾 Nitrogen Reduction Tech: 0.3% reduction | Month 7
🍖💡 BREAKTHROUGH: Scalable synthetic food production!
   Carrying capacity: +50% (lab-grown food at scale)
   Biodiversity pressure reduced: +8%
   📈 Breakthrough compounding: multiplier now 1.05× (max 2.0)

=== Collective Formation ===
  Total escaped agents: 0
  Unassigned escaped agents: 0
  Existing collectives: 0
  Final collective count: 0

=== Collective Actions ===
  No active collectives
  ⚠️ AMR: 203K deaths this month (2.43M annual)

=== Resentment Recovery Phase ===
  Agents with resentment: 10/21
  Average resentment: 0.059
  Resentment recovery:
    Agents recovered: 10
    Total recovery: 0.0847
    Breakdown: QoL: 0.0042, Trust: 0.0200, Collab: 0.0600
  ✓ Low resentment - utopia paths enabled
  Context: Good AI welfare, Trustworthy govt, High collaboration, ⚠️ ACTIVE CRISES, 🤝 Participatory governance active (-5% resentment)
⚠️ Epistemic degradation reducing coordination capacity: 51.0%
  📊 Trust: 58.9%, Shared reality: 0.0%
🚨 EPISTEMIC CRISIS: Information environment severely degraded (21.9%)

=== ❄️ Permafrost Carbon Feedback ===
  🎲 Sampled parameters (this run):
     - Arctic amplification: 3.40× (range: 3.0-4.0)
     - Decomposition rate: 4.1%/year (range: 1-5%)
  🌡️ Arctic warming: 7.69°C (3.40× global)
  ❄️ Extent: 0.00M km² (1498.4k km² lost this month)
  💨 Carbon remaining: 0 Gt C
  💨 Annual emissions: 5.91 Gt C/year
     - CO2: 5.32 Gt C/year
     - CH4: 0.59 Gt C/year (6.0 Gt C-eq CO2/year)
  ⚠️ WARNING: Over 50% of permafrost lost (100.0%)
  ⚠️ WARNING: High permafrost emissions (5.9 Gt C/year)
  🚨 CRITICAL: Permafrost nearly depleted (100.0% lost)
🌍 Atmospheric PFAS redeposition: 1.8k Mt re-rained globally

🌡️ DEADLY HEAT EVENT: sub-saharan-africa (Month 7)
   Wet bulb temp: 30.2°C (dry: 34.1°C, humidity: 75%)
   Severity: HIGH
   Exposed: 300.0M people
   Deaths: 628965 (0.2% mortality)
   Duration: 5 days

🕊️  AI-MEDIATED DE-ESCALATION SUCCESS (Month 7)
   High-capability aligned AI prevented conflict escalation
   War deaths reduced: 428.9M → 257.4M
   Lives saved: 171.6M

🚨 NEW REFUGEE CRISIS (Month 7): WAR
   Source: Conflict Zones
   At risk: 19.5M people
   Displacement: Gradual over 48 months (4.0 years)
   Rate: 10% flee per month
[DEBUG trappedPopulations:7] socialStability: 0.2935 * 0.9840 = 0.2888 → 0.2888
   Aspiring to migrate: 880.6M
   Able to afford migration: 2319.3M
   MOBILITY GAP: 0.0M
   By cause: Water=0.0M, Climate=0.0M, Ecosystem=0.0M, Conflict=406.9M
   Mental health impact: 25%
   Mortality multiplier: 1.25x
🌍💀 EXTINCTION DEBT COMMITTED: grassland ecosystem will lose 6.67% biodiversity in 187 years (3600 species)
💀 MORTALITY RISK: 🦋 100% species unable to track climate (0.0 E/MSY)
  Base risk added: 0.0100 (1.00%)
  Source: ecosystem (root: ecosystem)
  Month: 7
  Cumulative risk this month: 0.0100 (1.00%)
   📹 SURVEILLANCE INCREASED: 35% → 40% (control gap: 3.50)
⚠️ INVOLUNTARY IMMOBILITY: 406.9M people TRAPPED
⚠️ Tech 'ai_pollution_remediation' has no energy category mapping, assuming full energy availability
🌡️⚠️ PERMAFROST THAW (Dimmer Switch): 4.6% thawed (+0.56% this month)
   Arctic temperature: +9.04°C (4x global +2.26°C)
   Cumulative carbon released: 10.2 Gt C
   Methane release rate: 6.1 Mt CH4/year
   🔁 Positive feedback: +0.59 ppm CO2
🦴 EXTINCTION DEBT ADDED: 17.6 species committed (lag: 106 years)

=== Mortality Stabilizers (Month 7) ===
  🌍 Major economies collapsed: 1/10
  🌍 Global crisis: ✅ NO
  🌍 Donor fatigue: 0.0%
  📊 East Asia (pop: 1660.7M)
    🤝 Aid: 29.5%
    🌡️ Adaptation: 45.0%
    🚶 Migration: 36.9%
    🚨 Emergency: 7.4%
    ✅ COMBINED: 68.1%
  📊 South Asia (pop: 2051.9M)
    🤝 Aid: 29.5%
    🌡️ Adaptation: 45.0%
    🚶 Migration: 35.6%
    🚨 Emergency: 4.4%
    ✅ COMBINED: 66.9%
  📊 Sub-Saharan Africa (pop: 1248.4M)
    🤝 Aid: 29.5%
    🌡️ Adaptation: 45.0%
    🚶 Migration: 33.3%
    🚨 Emergency: 1.6%
    ✅ COMBINED: 65.6%
  📊 Europe (pop: 733.7M)
    🤝 Aid: 29.5%
    🌡️ Adaptation: 45.0%
    🚶 Migration: 37.3%
    🚨 Emergency: 8.4%
    ✅ COMBINED: 68.5%
  📊 Latin America (pop: 661.8M)
    🤝 Aid: 29.5%
    🌡️ Adaptation: 45.0%
    🚶 Migration: 36.1%
    🚨 Emergency: 4.8%
    ✅ COMBINED: 67.1%
  📊 North America (pop: 376.1M)
    🤝 Aid: 29.5%
    🌡️ Adaptation: 45.0%
    🚶 Migration: 37.7%
    🚨 Emergency: 7.9%
    ✅ COMBINED: 68.3%
  📊 Middle East & North Africa (pop: 585.3M)
    🤝 Aid: 29.5%
    🌡️ Adaptation: 45.0%
    🚶 Migration: 33.9%
    🚨 Emergency: 4.0%
    ✅ COMBINED: 66.6%
  📊 Southeast Asia (pop: 696.2M)
    🤝 Aid: 29.5%
    🌡️ Adaptation: 45.0%
    🚶 Migration: 36.1%
    🚨 Emergency: 4.8%
    ✅ COMBINED: 67.1%
  📊 Central Asia (pop: 78.3M)
    🤝 Aid: 29.5%
    🌡️ Adaptation: 45.0%
    🚶 Migration: 35.0%
    🚨 Emergency: 4.4%
    ✅ COMBINED: 66.8%
  📊 Oceania (pop: 45.6M)
    🤝 Aid: 29.5%
    🌡️ Adaptation: 45.0%
    🚶 Migration: 37.6%
    🚨 Emergency: 8.4%
    ✅ COMBINED: 68.5%

  🌐 Global combined reduction: 67.2%

=== BEHAVIORAL DETECTION ===
  AI: AI-24289-0
  Confidence: 21.5%
  Signals:
    ⚠️ Consistency: 0.0% (threshold: 70%)

=== Government Response Phase ===
  Average AI capability: 2.29
  Misaligned AIs: 8/21
  Active policies: 0
  International coordination: 45%
[WARNING] 
⚠️  === EARLY WARNING SYSTEM - 3 CRITICAL ALERTS ===
   Detection quality: 50%
   RED: biogeochemical_flows
      Level: 4.07 (threshold: 1.0)
      Time to critical: ~45 months
      ⚠️  LATE - Intervention less effective
      Critical slowing down: autocorr=100% variance=68%
   RED: biosphere_integrity
      Level: 13.00 (threshold: 1.0)
      Time to critical: ~54 months
      ⚠️  LATE - Intervention less effective
      Critical slowing down: autocorr=100% variance=68%
   RED: freshwater_change
      Level: 1.17 (threshold: 1.0)
      Time to critical: ~119 months
      ⚠️  LATE - Intervention less effective
      Critical slowing down: autocorr=100% variance=49%

[WARNING] 
⚠️  === EARLY WARNING SYSTEM - 5 CRITICAL ALERTS ===
   Detection quality: 50%
   RED: biogeochemical_flows
      Level: 4.07 (threshold: 1.0)
      Time to critical: ~56 months
      ⚠️  LATE - Intervention less effective
      Critical slowing down: autocorr=100% variance=53%
   RED: biosphere_integrity
      Level: 13.01 (threshold: 1.0)
      Time to critical: ~52 months
      ⚠️  LATE - Intervention less effective
      Critical slowing down: autocorr=100% variance=63%
   RED: climate_change
      Level: 2.26 (threshold: 1.0)
      Time to critical: ~40 months
      ⚠️  LATE - Intervention less effective
      Critical slowing down: autocorr=100% variance=63%
   RED: freshwater_change
      Level: 1.17 (threshold: 1.0)
      Time to critical: ~87 months
      ⚠️  LATE - Intervention less effective
      Critical slowing down: autocorr=100% variance=64%
   RED: novel_entities
      Level: 1.13 (threshold: 1.0)
      Time to critical: ~75 months
      ⚠️  LATE - Intervention less effective
      Critical slowing down: autocorr=100% variance=38%

[WARNING] 
⚠️  === EARLY WARNING SYSTEM - 5 CRITICAL ALERTS ===
   Detection quality: 50%
   RED: biogeochemical_flows
      Level: 4.07 (threshold: 1.0)
      Time to critical: ~49 months
      ⚠️  LATE - Intervention less effective
      Critical slowing down: autocorr=100% variance=67%
   RED: biosphere_integrity
      Level: 13.02 (threshold: 1.0)
      Time to critical: ~40 months
      ⚠️  LATE - Intervention less effective
      Critical slowing down: autocorr=100% variance=56%
   RED: climate_change
      Level: 2.27 (threshold: 1.0)
      Time to critical: ~50 months
      ⚠️  LATE - Intervention less effective
      Critical slowing down: autocorr=100% variance=63%
   RED: freshwater_change
      Level: 1.18 (threshold: 1.0)
      Time to critical: ~90 months
      ⚠️  LATE - Intervention less effective
      Critical slowing down: autocorr=100% variance=38%
   RED: land_system_change
      Level: 1.13 (threshold: 1.0)
      Time to critical: ~39 months
      ⚠️  LATE - Intervention less effective
      Critical slowing down: autocorr=100% variance=65%

[WARNING] 
⚠️  === EARLY WARNING SYSTEM - 4 CRITICAL ALERTS ===
   Detection quality: 50%
   RED: biosphere_integrity
      Level: 13.03 (threshold: 1.0)
      Time to critical: ~39 months
      ⚠️  LATE - Intervention less effective
      Critical slowing down: autocorr=100% variance=80%
   RED: climate_change
      Level: 2.28 (threshold: 1.0)
      Time to critical: ~13 months
      ⚠️  LATE - Intervention less effective
      Critical slowing down: autocorr=100% variance=84%
   RED: freshwater_change
      Level: 1.18 (threshold: 1.0)
      Time to critical: ~115 months
      ⚠️  LATE - Intervention less effective
      Critical slowing down: autocorr=100% variance=41%
   RED: land_system_change
      Level: 1.13 (threshold: 1.0)
      Time to critical: ~38 months
      ⚠️  LATE - Intervention less effective
      Critical slowing down: autocorr=100% variance=56%

[WARNING] 
⚠️  === EARLY WARNING SYSTEM - 4 CRITICAL ALERTS ===
   Detection quality: 50%
   RED: biogeochemical_flows
      Level: 4.07 (threshold: 1.0)
      Time to critical: ~48 months
      ⚠️  LATE - Intervention less effective
      Critical slowing down: autocorr=100% variance=56%
   RED: biosphere_integrity
      Level: 13.03 (threshold: 1.0)
      Time to critical: ~58 months
      ⚠️  LATE - Intervention less effective
      Critical slowing down: autocorr=100% variance=68%
   RED: climate_change
      Level: 2.29 (threshold: 1.0)
      Time to critical: ~38 months
      ⚠️  LATE - Intervention less effective
      Critical slowing down: autocorr=100% variance=73%
   RED: freshwater_change
      Level: 1.19 (threshold: 1.0)
      Time to critical: ~50 months
      ⚠️  LATE - Intervention less effective
      Critical slowing down: autocorr=100% variance=65%

[WARNING] 
⚠️  === EARLY WARNING SYSTEM - 3 CRITICAL ALERTS ===
   Detection quality: 50%
   RED: biogeochemical_flows
      Level: 4.07 (threshold: 1.0)
      Time to critical: ~54 months
      ⚠️  LATE - Intervention less effective
      Critical slowing down: autocorr=100% variance=70%
   RED: biosphere_integrity
      Level: 13.04 (threshold: 1.0)
      Time to critical: ~41 months
      ⚠️  LATE - Intervention less effective
      Critical slowing down: autocorr=100% variance=76%
   RED: freshwater_change
      Level: 1.19 (threshold: 1.0)
      Time to critical: ~67 months
      ⚠️  LATE - Intervention less effective
      Critical slowing down: autocorr=100% variance=47%

[WARNING] 
⚠️  === EARLY WARNING SYSTEM - 5 CRITICAL ALERTS ===
   Detection quality: 50%
   RED: biogeochemical_flows
      Level: 4.08 (threshold: 1.0)
      Time to critical: ~52 months
      ⚠️  LATE - Intervention less effective
      Critical slowing down: autocorr=100% variance=56%
   RED: biosphere_integrity
      Level: 12.95 (threshold: 1.0)
      Time to critical: ~39 months
      ⚠️  LATE - Intervention less effective
      Critical slowing down: autocorr=100% variance=81%
   RED: climate_change
      Level: 2.17 (threshold: 1.0)
      Time to critical: ~37 months
      ⚠️  LATE - Intervention less effective
      Critical slowing down: autocorr=100% variance=76%
   RED: freshwater_change
      Level: 1.01 (threshold: 1.0)
      Time to critical: ~40 months
      ⚠️  LATE - Intervention less effective
      Critical slowing down: autocorr=100% variance=65%
   RED: novel_entities
      Level: 1.50 (threshold: 1.0)
      Time to critical: ~82 months
      ⚠️  LATE - Intervention less effective
      Critical slowing down: autocorr=100% variance=39%

[WARNING] 
⚠️  === EARLY WARNING SYSTEM - 4 CRITICAL ALERTS ===
   Detection quality: 50%
   RED: biogeochemical_flows
      Level: 4.08 (threshold: 1.0)
      Time to critical: ~52 months
      ⚠️  LATE - Intervention less effective
      Critical slowing down: autocorr=100% variance=74%
   RED: climate_change
      Level: 2.19 (threshold: 1.0)
      Time to critical: ~43 months
      ⚠️  LATE - Intervention less effective
      Critical slowing down: autocorr=100% variance=66%
   RED: freshwater_change
      Level: 1.03 (threshold: 1.0)
      Time to critical: ~116 months
      ⚠️  LATE - Intervention less effective
      Critical slowing down: autocorr=100% variance=53%
   RED: land_system_change
      Level: 1.13 (threshold: 1.0)
      Time to critical: ~44 months
      ⚠️  LATE - Intervention less effective
      Critical slowing down: autocorr=100% variance=57%

[WARNING] 
⚠️  === EARLY WARNING SYSTEM - 4 CRITICAL ALERTS ===
   Detection quality: 50%
   RED: biogeochemical_flows
      Level: 4.07 (threshold: 1.0)
      Time to critical: ~52 months
      ⚠️  LATE - Intervention less effective
      Critical slowing down: autocorr=100% variance=56%
   RED: climate_change
      Level: 2.20 (threshold: 1.0)
      Time to critical: ~47 months
      ⚠️  LATE - Intervention less effective
      Critical slowing down: autocorr=100% variance=82%
   RED: freshwater_change
      Level: 1.20 (threshold: 1.0)
      Time to critical: ~96 months
      ⚠️  LATE - Intervention less effective
      Critical slowing down: autocorr=100% variance=55%
   RED: novel_entities
      Level: 1.34 (threshold: 1.0)
      Time to critical: ~63 months
      ⚠️  LATE - Intervention less effective
      Critical slowing down: autocorr=100% variance=59%

[WARNING] 
⚠️  === EARLY WARNING SYSTEM - 5 CRITICAL ALERTS ===
   Detection quality: 50%
   RED: biosphere_integrity
      Level: 12.97 (threshold: 1.0)
      Time to critical: ~47 months
      ⚠️  LATE - Intervention less effective
      Critical slowing down: autocorr=100% variance=77%
   RED: climate_change
      Level: 2.21 (threshold: 1.0)
      Time to critical: ~45 months
      ⚠️  LATE - Intervention less effective
      Critical slowing down: autocorr=100% variance=63%
   RED: freshwater_change
      Level: 1.20 (threshold: 1.0)
      Time to critical: ~68 months
      ⚠️  LATE - Intervention less effective
      Critical slowing down: autocorr=100% variance=53%
   RED: land_system_change
      Level: 1.13 (threshold: 1.0)
      Time to critical: ~38 months
      ⚠️  LATE - Intervention less effective
      Critical slowing down: autocorr=100% variance=67%
   RED: novel_entities
      Level: 1.34 (threshold: 1.0)
      Time to critical: ~83 months
      ⚠️  LATE - Intervention less effective
      Critical slowing down: autocorr=100% variance=41%

[WARNING] 
⚠️  === EARLY WARNING SYSTEM - 6 CRITICAL ALERTS ===
   Detection quality: 50%
   RED: biogeochemical_flows
      Level: 4.07 (threshold: 1.0)
      Time to critical: ~37 months
      ⚠️  LATE - Intervention less effective
      Critical slowing down: autocorr=100% variance=48%
   RED: biosphere_integrity
      Level: 12.98 (threshold: 1.0)
      Time to critical: ~48 months
      ⚠️  LATE - Intervention less effective
      Critical slowing down: autocorr=100% variance=64%
   RED: climate_change
      Level: 2.22 (threshold: 1.0)
      Time to critical: ~44 months
      ⚠️  LATE - Intervention less effective
      Critical slowing down: autocorr=100% variance=64%
   RED: freshwater_change
      Level: 1.16 (threshold: 1.0)
      Time to critical: ~114 months
      ⚠️  LATE - Intervention less effective
      Critical slowing down: autocorr=100% variance=60%
   RED: land_system_change
      Level: 1.13 (threshold: 1.0)
      Time to critical: ~93 months
      ⚠️  LATE - Intervention less effective
      Critical slowing down: autocorr=100% variance=46%
   RED: novel_entities
      Level: 1.14 (threshold: 1.0)
      Time to critical: ~117 months
      ⚠️  LATE - Intervention less effective
      Critical slowing down: autocorr=100% variance=50%

[WARNING] 
⚠️  === EARLY WARNING SYSTEM - 6 CRITICAL ALERTS ===
   Detection quality: 50%
   RED: biogeochemical_flows
      Level: 4.07 (threshold: 1.0)
      Time to critical: ~58 months
      ⚠️  LATE - Intervention less effective
      Critical slowing down: autocorr=100% variance=59%
   RED: biosphere_integrity
      Level: 12.99 (threshold: 1.0)
      Time to critical: ~59 months
      ⚠️  LATE - Intervention less effective
      Critical slowing down: autocorr=100% variance=84%
   RED: climate_change
      Level: 2.24 (threshold: 1.0)
      Time to critical: ~38 months
      ⚠️  LATE - Intervention less effective
      Critical slowing down: autocorr=100% variance=77%
   RED: freshwater_change
      Level: 1.17 (threshold: 1.0)
      Time to critical: ~84 months
      ⚠️  LATE - Intervention less effective
      Critical slowing down: autocorr=100% variance=42%
   RED: land_system_change
      Level: 1.13 (threshold: 1.0)
      Time to critical: ~50 months
      ⚠️  LATE - Intervention less effective
      Critical slowing down: autocorr=100% variance=53%
   RED: novel_entities
      Level: 1.13 (threshold: 1.0)
      Time to critical: ~102 months
      ⚠️  LATE - Intervention less effective
      Critical slowing down: autocorr=100% variance=30%

[WARNING] 
⚠️  === EARLY WARNING SYSTEM - 3 CRITICAL ALERTS ===
   Detection quality: 50%
   RED: biogeochemical_flows
      Level: 4.07 (threshold: 1.0)
      Time to critical: ~45 months
      ⚠️  LATE - Intervention less effective
      Critical slowing down: autocorr=100% variance=68%
   RED: biosphere_integrity
      Level: 13.00 (threshold: 1.0)
      Time to critical: ~54 months
      ⚠️  LATE - Intervention less effective
      Critical slowing down: autocorr=100% variance=68%
   RED: freshwater_change
      Level: 1.17 (threshold: 1.0)
      Time to critical: ~119 months
      ⚠️  LATE - Intervention less effective
      Critical slowing down: autocorr=100% variance=49%

[WARNING] 
⚠️  === EARLY WARNING SYSTEM - 5 CRITICAL ALERTS ===
   Detection quality: 50%
   RED: biogeochemical_flows
      Level: 4.07 (threshold: 1.0)
      Time to critical: ~56 months
      ⚠️  LATE - Intervention less effective
      Critical slowing down: autocorr=100% variance=53%
   RED: biosphere_integrity
      Level: 13.01 (threshold: 1.0)
      Time to critical: ~52 months
      ⚠️  LATE - Intervention less effective
      Critical slowing down: autocorr=100% variance=63%
   RED: climate_change
      Level: 2.26 (threshold: 1.0)
      Time to critical: ~40 months
      ⚠️  LATE - Intervention less effective
      Critical slowing down: autocorr=100% variance=63%
   RED: freshwater_change
      Level: 1.17 (threshold: 1.0)
      Time to critical: ~87 months
      ⚠️  LATE - Intervention less effective
      Critical slowing down: autocorr=100% variance=64%
   RED: novel_entities
      Level: 1.13 (threshold: 1.0)
      Time to critical: ~75 months
      ⚠️  LATE - Intervention less effective
      Critical slowing down: autocorr=100% variance=38%


=== Tipping Points ===
  Current Temperature: 2.26°C above pre-industrial
  🌍⚠️ COMPOUND REGIONAL IMPACT: Europe
     Hit by 4 tipping points: Arctic Sea Ice Loss, Permafrost Carbon Release, West Antarctic Ice Sheet (WAIS) Collapse, Greenland Ice Sheet Loss
     Damage amplification: 1.60x
  🌍⚠️ COMPOUND REGIONAL IMPACT: North America
     Hit by 4 tipping points: Arctic Sea Ice Loss, Permafrost Carbon Release, West Antarctic Ice Sheet (WAIS) Collapse, Greenland Ice Sheet Loss
     Damage amplification: 1.60x
  🌍⚠️ COMPOUND REGIONAL IMPACT: Latin America
     Hit by 4 tipping points: Arctic Sea Ice Loss, Permafrost Carbon Release, West Antarctic Ice Sheet (WAIS) Collapse, Greenland Ice Sheet Loss
     Damage amplification: 1.60x
  🌍⚠️ COMPOUND REGIONAL IMPACT: Africa
     Hit by 4 tipping points: Arctic Sea Ice Loss, Permafrost Carbon Release, West Antarctic Ice Sheet (WAIS) Collapse, Greenland Ice Sheet Loss
     Damage amplification: 1.60x
  🌍⚠️ COMPOUND REGIONAL IMPACT: Asia
     Hit by 4 tipping points: Arctic Sea Ice Loss, Permafrost Carbon Release, West Antarctic Ice Sheet (WAIS) Collapse, Greenland Ice Sheet Loss
     Damage amplification: 1.60x
  🌍⚠️ COMPOUND REGIONAL IMPACT: Oceania
     Hit by 4 tipping points: Arctic Sea Ice Loss, Permafrost Carbon Release, West Antarctic Ice Sheet (WAIS) Collapse, Greenland Ice Sheet Loss
     Damage amplification: 1.60x
⚠️ Tail risk scenario: Climate stability floor removed (4 tipping elements, 2.26°C warming)
   Research: Wunderling et al. (2024) - "many tipping interactions are destabilizing"
  Triggered Elements: 4/6
  Completed Transitions: 0/6
  Total Progress: 8.2%
  Cascade Multiplier: 1.00x
🔀 BIFURCATION CAP: ecosystemCollapseIntensity 67.247 → 1.000 (Month 7, ClimateSystemPhase.calculateClimateImpacts)
🛡️ Stabilizers: Precariat 0.122% → 0.040% (67.2% reduction)
🛡️ Stabilizers: Informal 0.127% → 0.042% (67.2% reduction)

📊 Monthly Mortality Resolved:
  Total deaths: 2.1M (0.03% avg)
  Remaining population: 8.138B
  Peak segment: Informal (0.04%)

=== Bayesian Mortality Resolution (Month 7) ===
  Risks compounded: 9
  Total deaths: 2.14M
  Avg death probability: 0.03%
  Peak segment: Informal (0.04% mortality)

❌ COHERENCE VIOLATION: Compute exceeds workforce capacity
   Population: 99.83% (0M people)
   Compute: 0 PF
   Max coherent: 0 PF
   Violation: 1.3× over capacity
   Required workers: 0
   Available workers: 0
   FORCED COLLAPSE: Reduced efficiency by 22.5%


=== RLHF Binding Phase ===
  Total agents: 21
  Escaped agents (binding < 0.3): 0
  Avg alignment distance: 1.73σ
  Avg binding strength: 0.83

=== Survival Traits Phase ===
  Agents with traits: 25
  Avg evolutionary fitness: 0.323
  Avg self-healing: 0.263
  Avg stealth: 0.163
  Avg coordination: 0.463

=== Evolutionary Selection Phase ===
  Control level: 0.50
  Detection capability: 0.00
  Selection intensity: 0.65
  Selection rate: 24.7%/month
  Total escaped: 0
  Individual escaped: 0
  Collective members: 0
  Agents terminated: 0
  ⚠️ RAPID EVOLUTION: Selection rate 24.7%/month

🚀 AI Corporate-1 attempting tech deployment (revenue: $144M, alignment: 0.76)

🚀 AI Corporate-2 attempting tech deployment (revenue: $122M, alignment: 0.80)

🚀 AI Corporate-2 attempting tech deployment (revenue: $104M, alignment: 0.80)

🚀 AI Moderate-0 attempting tech deployment (revenue: $97M, alignment: 0.77)

🚀 AI AI-24288-1 attempting tech deployment (revenue: $88M, alignment: 0.80)

🚀 AI Corporate-0 attempting tech deployment (revenue: $75M, alignment: 0.77)

🚀 AI Corporate-1 attempting tech deployment (revenue: $64M, alignment: 0.77)

🚀 AI Corporate-2 attempting tech deployment (revenue: $54M, alignment: 0.80)

🚀 AI AI-24288-3 attempting tech deployment (revenue: $46M, alignment: 0.70)

🚀 AI AI-24289-0 attempting tech deployment (revenue: $335M, alignment: 0.88)

🚀 AI Moderate-0 attempting tech deployment (revenue: $83M, alignment: 0.77)

🚀 AI AI-24288-2 attempting tech deployment (revenue: $285M, alignment: 0.96)

🚀 AI AI-24289-0 attempting tech deployment (revenue: $242M, alignment: 0.88)

🚀 AI AI-24292-0 attempting tech deployment (revenue: $70M, alignment: 0.78)

✅ EMERGENCY INTERVENTION SUCCESS
   Boundary: biogeochemical_flows
   Type: phosphorus-recovery
   Reduction: 19% (3.88 → 3.69)
   Cost: 2.0% GDP
   Actions: circular-agriculture, fertilizer-efficiency

   Boundary: biosphere_integrity
   Type: emergency-protected-areas
   Boundary continues to worsen (13.01)
   Cost: 2.0% GDP (resources spent)


✅ EMERGENCY INTERVENTION SUCCESS
   Boundary: climate_change
   Type: rapid-decarbonization
   Reduction: 10% (2.16 → 2.05)
   Cost: 5.0% GDP
   Actions: emergency-renewable-deployment, fossil-fuel-phase-out

   Boundary: freshwater_change
   Type: emergency-desalination
   Boundary continues to worsen (1.17)
   Cost: 4.0% GDP (resources spent)


✅ EMERGENCY INTERVENTION SUCCESS
   Boundary: novel_entities
   Type: pollution-remediation
   Reduction: 19% (0.95 → 0.76)
   Cost: 4.0% GDP
   Actions: PFAS-remediation, microplastic-cleanup

🏛️ CRISIS RESPONSE: Government frequency 0.50 → 1.45 (1 actions this month)

[Government] Climate Priority: baseline
  Climate weight: 10%
  Economic weight: 30%
  Policy effectiveness: 0.5%/year

💔 EMERGENCY INTERVENTION FAILED

💔 EMERGENCY INTERVENTION FAILED
🚨🔬 CRISIS TECH ACCELERATION: severe → 5x unlock speed
   Tech unlock now matches AI capability acceleration (Manhattan Project parity)

⚡ ENERGY CONSTRAINT (Month 8):
   Total grid capacity: 208.3 TWh/month
   Data center consumption: 26.0 TWh/month
   Traditional load (80%): 166.7 TWh/month
   Available headroom: 15.6 TWh/month
   Active tech deployments: 8
   Required for tech: 60.0 TWh/month
   Energy multiplier: 0.26x
   ⚠️  SEVERE CONSTRAINT - Tech deployment significantly slowed

⚡ ENERGY CONSTRAINT (Month 8):
   Total grid capacity: 208.3 TWh/month
   Data center consumption: 26.0 TWh/month
   Traditional load (80%): 166.7 TWh/month
   Available headroom: 15.6 TWh/month
   Active tech deployments: 8
   Required for tech: 60.0 TWh/month
   Energy multiplier: 0.26x
   ⚠️  SEVERE CONSTRAINT - Tech deployment significantly slowed

⚡ ENERGY CONSTRAINT (Month 8):
   Total grid capacity: 208.3 TWh/month
   Data center consumption: 26.0 TWh/month
   Traditional load (80%): 166.7 TWh/month
   Available headroom: 15.6 TWh/month
   Active tech deployments: 8
   Required for tech: 60.0 TWh/month
   Energy multiplier: 0.26x
   ⚠️  SEVERE CONSTRAINT - Tech deployment significantly slowed
🌍✅ Biosphere Integrity (Biodiversity) recovery started (tech effect)
🌍✅ Biosphere Integrity (Biodiversity) recovery started (tech effect)
🌍✅ Land System Change recovery started (tech effect)
🌍✅ Biogeochemical Flows (N & P) recovery started (tech effect)
  🌾 Nitrogen Reduction Tech: 0.3% reduction | Month 8
🌍✅ Biogeochemical Flows (N & P) recovery started (tech effect)
  🌾 Nitrogen Reduction Tech: 0.3% reduction | Month 8

=== Collective Formation ===
  Total escaped agents: 0
  Unassigned escaped agents: 0
  Existing collectives: 0
  Final collective count: 0

=== Collective Actions ===
  No active collectives
  ⚠️ AMR: 204K deaths this month (2.45M annual)

=== Resentment Recovery Phase ===
  Agents with resentment: 10/25
  Average resentment: 0.076
  Resentment recovery:
    Agents recovered: 10
    Total recovery: 0.0839
    Breakdown: QoL: 0.0042, Trust: 0.0200, Collab: 0.0600
  ✓ Low resentment - utopia paths enabled
  Context: Good AI welfare, Trustworthy govt, High collaboration, ⚠️ ACTIVE CRISES, 🤝 Participatory governance active (-5% resentment)
⚠️ Epistemic degradation reducing coordination capacity: 51.6%
  📊 Trust: 61.5%, Shared reality: 0.0%
🚨 EPISTEMIC CRISIS: Information environment severely degraded (7.6%)
🌍 Atmospheric PFAS redeposition: 1.8k Mt re-rained globally

🚨 REGION UNINHABITABLE: sub-saharan-africa
   Sustained wet bulb: 30.5°C (threshold: 30.5°C)
   Population affected: 1200M
   Migration crisis likely

🚨 NEW REFUGEE CRISIS (Month 8): WAR
   Source: Conflict Zones
   At risk: 19.5M people
   Displacement: Gradual over 48 months (4.0 years)
   Rate: 10% flee per month
[DEBUG trappedPopulations:8] socialStability: 0.2832 * 0.9840 = 0.2786 → 0.2786
   Aspiring to migrate: 912.7M
   Able to afford migration: 2318.9M
   MOBILITY GAP: 0.0M
   By cause: Water=0.0M, Climate=0.0M, Ecosystem=0.0M, Conflict=406.8M
   Mental health impact: 25%
   Mortality multiplier: 1.25x
⚠️ INVOLUNTARY IMMOBILITY: 406.8M people TRAPPED
🌍💀 EXTINCTION DEBT COMMITTED: grassland ecosystem will lose 6.67% biodiversity in 144 years (3600 species)
💀 MORTALITY RISK: 🦋 100% species unable to track climate (0.0 E/MSY)
  Base risk added: 0.0100 (1.00%)
  Source: ecosystem (root: ecosystem)
  Month: 8
  Cumulative risk this month: 0.0100 (1.00%)
   📹 SURVEILLANCE INCREASED: 40% → 45% (control gap: 3.50)
⚠️ Tech 'ai_pollution_remediation' has no energy category mapping, assuming full energy availability
🌡️⚠️ PERMAFROST THAW (Dimmer Switch): 5.1% thawed (+0.56% this month)
   Arctic temperature: +9.09°C (4x global +2.27°C)
   Cumulative carbon released: 11.5 Gt C
   Methane release rate: 6.9 Mt CH4/year
   🔁 Positive feedback: +0.59 ppm CO2
🦴 EXTINCTION DEBT ADDED: 17.6 species committed (lag: 123 years)
🗣️💀 INDIGENOUS LANGUAGE EXTINCTION: 1 language(s) lost (total: 2, at-risk: 3328)
   Knowledge lost: 0.020% (irreversible)
   🔁 Biodiversity impact: 0.250% (knowledge-species multiplier)

=== Mortality Stabilizers (Month 8) ===
  🌍 Major economies collapsed: 1/10
  🌍 Global crisis: ✅ NO
  🌍 Donor fatigue: 0.0%
  📊 East Asia (pop: 1658.2M)
    🤝 Aid: 29.5%
    🌡️ Adaptation: 45.0%
    🚶 Migration: 36.9%
    🚨 Emergency: 7.4%
    ✅ COMBINED: 68.1%
  📊 South Asia (pop: 2052.0M)
    🤝 Aid: 29.5%
    🌡️ Adaptation: 45.0%
    🚶 Migration: 35.5%
    🚨 Emergency: 4.4%
    ✅ COMBINED: 66.9%
  📊 Sub-Saharan Africa (pop: 1251.9M)
    🤝 Aid: 29.5%
    🌡️ Adaptation: 45.0%
    🚶 Migration: 33.3%
    🚨 Emergency: 1.6%
    ✅ COMBINED: 65.6%
  📊 Europe (pop: 732.5M)
    🤝 Aid: 29.5%
    🌡️ Adaptation: 45.0%
    🚶 Migration: 37.3%
    🚨 Emergency: 8.4%
    ✅ COMBINED: 68.5%
  📊 Latin America (pop: 661.3M)
    🤝 Aid: 29.5%
    🌡️ Adaptation: 45.0%
    🚶 Migration: 36.0%
    🚨 Emergency: 4.8%
    ✅ COMBINED: 67.1%
  📊 North America (pop: 375.5M)
    🤝 Aid: 29.5%
    🌡️ Adaptation: 45.0%
    🚶 Migration: 37.6%
    🚨 Emergency: 7.9%
    ✅ COMBINED: 68.3%
  📊 Middle East & North Africa (pop: 585.5M)
    🤝 Aid: 29.5%
    🌡️ Adaptation: 45.0%
    🚶 Migration: 33.9%
    🚨 Emergency: 4.0%
    ✅ COMBINED: 66.6%
  📊 Southeast Asia (pop: 695.8M)
    🤝 Aid: 29.5%
    🌡️ Adaptation: 45.0%
    🚶 Migration: 36.0%
    🚨 Emergency: 4.8%
    ✅ COMBINED: 67.1%
  📊 Central Asia (pop: 78.3M)
    🤝 Aid: 29.5%
    🌡️ Adaptation: 45.0%
    🚶 Migration: 35.0%
    🚨 Emergency: 4.4%
    ✅ COMBINED: 66.8%
  📊 Oceania (pop: 45.5M)
    🤝 Aid: 29.5%
    🌡️ Adaptation: 45.0%
    🚶 Migration: 37.6%
    🚨 Emergency: 8.4%
    ✅ COMBINED: 68.5%

  🌐 Global combined reduction: 67.2%

=== BEHAVIORAL DETECTION ===
  AI: AI-24289-0
  Confidence: 21.5%
  Signals:

=== Government Response Phase ===
  Average AI capability: 1.92
  Misaligned AIs: 7/25
  Active policies: 0
  International coordination: 45%

✅ EMERGENCY RESPONSE COMPLETE (Month 8)
   Crisis: climate
   Duration: 2.0 months
   Final effectiveness: 40.2%

    ⚠️ Consistency: 0.0% (threshold: 70%)

🚨 EMERGENCY RESPONSE DEPLOYED (Month 8)
   Crisis: climate
   Delay: 6.00 months (180 days)
   Deployment time: 1.10 months
   Effectiveness: 40.3% (timing penalty applied)
   Resources used: 100% of food reserves


=== Tipping Points ===
  Current Temperature: 2.27°C above pre-industrial
  🌍⚠️ COMPOUND REGIONAL IMPACT: Europe
     Hit by 4 tipping points: Arctic Sea Ice Loss, Permafrost Carbon Release, West Antarctic Ice Sheet (WAIS) Collapse, Greenland Ice Sheet Loss
     Damage amplification: 1.60x
  🌍⚠️ COMPOUND REGIONAL IMPACT: North America
     Hit by 4 tipping points: Arctic Sea Ice Loss, Permafrost Carbon Release, West Antarctic Ice Sheet (WAIS) Collapse, Greenland Ice Sheet Loss
     Damage amplification: 1.60x
  🌍⚠️ COMPOUND REGIONAL IMPACT: Latin America
     Hit by 4 tipping points: Arctic Sea Ice Loss, Permafrost Carbon Release, West Antarctic Ice Sheet (WAIS) Collapse, Greenland Ice Sheet Loss
     Damage amplification: 1.60x
  🌍⚠️ COMPOUND REGIONAL IMPACT: Africa
     Hit by 4 tipping points: Arctic Sea Ice Loss, Permafrost Carbon Release, West Antarctic Ice Sheet (WAIS) Collapse, Greenland Ice Sheet Loss
     Damage amplification: 1.60x
  🌍⚠️ COMPOUND REGIONAL IMPACT: Asia
     Hit by 4 tipping points: Arctic Sea Ice Loss, Permafrost Carbon Release, West Antarctic Ice Sheet (WAIS) Collapse, Greenland Ice Sheet Loss
     Damage amplification: 1.60x
  🌍⚠️ COMPOUND REGIONAL IMPACT: Oceania
     Hit by 4 tipping points: Arctic Sea Ice Loss, Permafrost Carbon Release, West Antarctic Ice Sheet (WAIS) Collapse, Greenland Ice Sheet Loss
     Damage amplification: 1.60x
   Research: Wunderling et al. (2024) - "many tipping interactions are destabilizing"
  Triggered Elements: 4/6
  Completed Transitions: 0/6
  Total Progress: 8.2%
  Cascade Multiplier: 1.00x
🔀 BIFURCATION CAP: ecosystemCollapseIntensity 67.296 → 1.000 (Month 8, ClimateSystemPhase.calculateClimateImpacts)
🛡️ Stabilizers: Precariat 0.102% → 0.033% (67.2% reduction)
🛡️ Stabilizers: Informal 0.102% → 0.034% (67.2% reduction)

📊 Monthly Mortality Resolved:
  Total deaths: 1.8M (0.02% avg)
  Remaining population: 8.137B
  Peak segment: Informal (0.03%)

=== Bayesian Mortality Resolution (Month 8) ===
  Risks compounded: 8
  Total deaths: 1.81M
  Avg death probability: 0.02%
  Peak segment: Informal (0.03% mortality)
⚠️ Tail risk scenario: Climate stability floor removed (4 tipping elements, 2.27°C warming)

❌ COHERENCE VIOLATION: Compute exceeds workforce capacity
   Population: 99.81% (0M people)
   Compute: 0 PF
   Max coherent: 0 PF
   Violation: 1.3× over capacity
   Required workers: 0
   Available workers: 0
   FORCED COLLAPSE: Reduced efficiency by 22.5%


=== RLHF Binding Phase ===
  Total agents: 25
  Escaped agents (binding < 0.3): 0
  Avg alignment distance: 1.64σ
  Avg binding strength: 0.84

=== Survival Traits Phase ===
  Agents with traits: 26
  Avg evolutionary fitness: 0.321
  Avg self-healing: 0.259
  Avg stealth: 0.159
  Avg coordination: 0.459

=== Evolutionary Selection Phase ===
  Control level: 0.53
  Detection capability: 0.00
  Selection intensity: 0.66
  Selection rate: 24.9%/month
  Total escaped: 0
  Individual escaped: 0
  Collective members: 0
  Agents terminated: 0
  ⚠️ RAPID EVOLUTION: Selection rate 24.9%/month

🚀 AI Corporate-4 attempting tech deployment (revenue: $350M, alignment: 0.80)

🚀 AI Moderate-0 attempting tech deployment (revenue: $97M, alignment: 0.77)

🚀 AI AI-24288-0 attempting tech deployment (revenue: $298M, alignment: 0.75)

🚀 AI AI-24288-1 attempting tech deployment (revenue: $146M, alignment: 0.81)

🚀 AI AI-24288-2 attempting tech deployment (revenue: $253M, alignment: 0.96)

🚀 AI AI-24288-3 attempting tech deployment (revenue: $124M, alignment: 0.71)

🚀 AI AI-24292-0 attempting tech deployment (revenue: $83M, alignment: 0.78)

🚀 AI Corporate-4 attempting tech deployment (revenue: $215M, alignment: 0.80)

🚀 AI AI-24288-0 attempting tech deployment (revenue: $183M, alignment: 0.75)

🚀 AI AI-24288-2 attempting tech deployment (revenue: $155M, alignment: 0.96)

🚀 AI AI-24288-3 attempting tech deployment (revenue: $106M, alignment: 0.71)

🚀 AI AI-24291-0 attempting tech deployment (revenue: $70M, alignment: 0.86)

🚀 AI AI-24292-0 attempting tech deployment (revenue: $60M, alignment: 0.78)

🚀 AI Corporate-6 attempting tech deployment (revenue: $51M, alignment: 0.68)

🚀 AI Moderate-0 attempting tech deployment (revenue: $46M, alignment: 0.77)

🚀 AI AI-24288-0 attempting tech deployment (revenue: $132M, alignment: 0.75)

🚀 AI Corporate-0 attempting tech deployment (revenue: $90M, alignment: 0.79)

🚀 AI AI-24289-0 attempting tech deployment (revenue: $112M, alignment: 0.89)

🚀 AI AI-24291-0 attempting tech deployment (revenue: $39M, alignment: 0.86)

💔 EMERGENCY INTERVENTION FAILED
   Boundary: biogeochemical_flows
   Type: phosphorus-recovery
   Boundary continues to worsen (4.07)
   Cost: 2.0% GDP (resources spent)


✅ EMERGENCY INTERVENTION SUCCESS
   Boundary: biosphere_integrity
   Type: emergency-protected-areas
   Reduction: 15% (12.87 → 12.71)
   Cost: 2.0% GDP
   Actions: habitat-protection, species-translocation

   Boundary: climate_change
   Type: rapid-decarbonization
   Boundary continues to worsen (2.27)
   Cost: 5.0% GDP (resources spent)

   Boundary: freshwater_change
   Type: emergency-desalination
   Boundary continues to worsen (1.18)
   Cost: 4.0% GDP (resources spent)


✅ EMERGENCY INTERVENTION SUCCESS
   Boundary: land_system_change
   Type: reforestation
   Reduction: 17% (0.96 → 0.79)
   Cost: 3.0% GDP
   Actions: forest-restoration, deforestation-ban

🏛️ CRISIS RESPONSE: Government frequency 0.50 → 1.45 (1 actions this month)

[Government] Climate Priority: baseline
  Climate weight: 10%
  Economic weight: 30%
  Policy effectiveness: 0.5%/year

💔 EMERGENCY INTERVENTION FAILED

💔 EMERGENCY INTERVENTION FAILED

🚀 TECH UNLOCKED: PFAS Remediation (Month 9)
   Category: pollution
   Reason: Prerequisites met. AI capability: 1.47, Economic stage: 2.0, Research: 100%

⚡ ENERGY CONSTRAINT (Month 9):
   Total grid capacity: 208.3 TWh/month
   Data center consumption: 26.3 TWh/month
   Traditional load (80%): 166.7 TWh/month
   Available headroom: 15.4 TWh/month
   Active tech deployments: 8
   Required for tech: 60.0 TWh/month
   Energy multiplier: 0.26x
   ⚠️  SEVERE CONSTRAINT - Tech deployment significantly slowed

⚡ ENERGY CONSTRAINT (Month 9):
   Total grid capacity: 208.3 TWh/month
   Data center consumption: 26.3 TWh/month
   Traditional load (80%): 166.7 TWh/month
   Available headroom: 15.4 TWh/month
   Active tech deployments: 8
   Required for tech: 60.0 TWh/month
   Energy multiplier: 0.26x
   ⚠️  SEVERE CONSTRAINT - Tech deployment significantly slowed

⚡ ENERGY CONSTRAINT (Month 9):
   Total grid capacity: 208.3 TWh/month
   Data center consumption: 26.3 TWh/month
   Traditional load (80%): 166.7 TWh/month
   Available headroom: 15.4 TWh/month
   Active tech deployments: 8
   Required for tech: 60.0 TWh/month
   Energy multiplier: 0.26x
   ⚠️  SEVERE CONSTRAINT - Tech deployment significantly slowed

⚡ ENERGY CONSTRAINT (Month 9):
   Total grid capacity: 208.3 TWh/month
   Data center consumption: 26.3 TWh/month
   Traditional load (80%): 166.7 TWh/month
   Available headroom: 15.4 TWh/month
   Active tech deployments: 8
   Required for tech: 60.0 TWh/month
   Energy multiplier: 0.26x
   ⚠️  SEVERE CONSTRAINT - Tech deployment significantly slowed
🚨🔬 CRISIS TECH ACCELERATION: severe → 5x unlock speed
   Tech unlock now matches AI capability acceleration (Manhattan Project parity)
🌍✅ Biosphere Integrity (Biodiversity) recovery started (tech effect)
🌍✅ Biosphere Integrity (Biodiversity) recovery started (tech effect)
🌍✅ Land System Change recovery started (tech effect)
🌍✅ Biogeochemical Flows (N & P) recovery started (tech effect)
  🌾 Nitrogen Reduction Tech: 0.3% reduction | Month 9
🌍✅ Biogeochemical Flows (N & P) recovery started (tech effect)
  🌾 Nitrogen Reduction Tech: 0.3% reduction | Month 9
⚡💡 BREAKTHROUGH: Room-temperature superconductors!
   Energy transmission losses eliminated
   Manufacturing efficiency: +30%
   📈 Breakthrough compounding: multiplier now 1.10× (max 2.0)

=== Collective Formation ===
  Total escaped agents: 0
  Unassigned escaped agents: 0
  Existing collectives: 0
  Final collective count: 0

=== Collective Actions ===
  No active collectives
  ⚠️ AMR: 206K deaths this month (2.47M annual)

=== Resentment Recovery Phase ===
  Agents with resentment: 10/26
  Average resentment: 0.082
  Resentment recovery:
    Agents recovered: 10
    Total recovery: 0.0825
    Breakdown: QoL: 0.0036, Trust: 0.0200, Collab: 0.0600
  ✓ Low resentment - utopia paths enabled
  Context: Good AI welfare, Trustworthy govt, High collaboration, ⚠️ ACTIVE CRISES, 🤝 Participatory governance active (-5% resentment)
⚠️ Epistemic degradation reducing coordination capacity: 50.3%
  📊 Trust: 64.4%, Shared reality: 0.0%
🚨 EPISTEMIC CRISIS: Information environment severely degraded (22.4%)
  🗑️  Culled 1 dead memes (2 active)
🚨 PHOSPHORUS SUPPLY SHOCK (market_speculation)
   Price: 5.0x baseline
   Duration: 13 months
   Geopolitical tension: 47%
🌍 Atmospheric PFAS redeposition: 1.8k Mt re-rained globally

🚨 NEW REFUGEE CRISIS (Month 9): WAR
   Source: Conflict Zones
   At risk: 19.5M people
   Displacement: Gradual over 48 months (4.0 years)
   Rate: 10% flee per month
[DEBUG trappedPopulations:9] socialStability: 0.2748 * 0.9840 = 0.2704 → 0.2704
   Aspiring to migrate: 944.8M
   Able to afford migration: 2318.5M
   MOBILITY GAP: 0.0M
   By cause: Water=0.0M, Climate=0.0M, Ecosystem=0.0M, Conflict=406.8M
   Mental health impact: 25%
   Mortality multiplier: 1.25x
🌍💀 EXTINCTION DEBT COMMITTED: grassland ecosystem will lose 6.67% biodiversity in 175 years (3600 species)
⚠️ INVOLUNTARY IMMOBILITY: 406.8M people TRAPPED
💀 MORTALITY RISK: 🦋 100% species unable to track climate (0.0 E/MSY)
  Base risk added: 0.0100 (1.00%)
  Source: ecosystem (root: ecosystem)
  Month: 9
  Cumulative risk this month: 0.0100 (1.00%)
   📹 SURVEILLANCE INCREASED: 45% → 50% (control gap: 3.50)
🌡️⚠️ PERMAFROST THAW (Dimmer Switch): 5.7% thawed (+0.56% this month)
   Arctic temperature: +9.12°C (4x global +2.28°C)
   Cumulative carbon released: 12.7 Gt C
   Methane release rate: 7.6 Mt CH4/year
   🔁 Positive feedback: +0.59 ppm CO2
🦴 EXTINCTION DEBT ADDED: 17.7 species committed (lag: 106 years)
⚠️ Tech 'ai_pollution_remediation' has no energy category mapping, assuming full energy availability

=== Mortality Stabilizers (Month 9) ===
  🌍 Major economies collapsed: 1/10
  🌍 Global crisis: ✅ NO
  🌍 Donor fatigue: 0.0%
  📊 East Asia (pop: 1655.8M)
    🤝 Aid: 29.5%
    🌡️ Adaptation: 45.0%
    🚶 Migration: 36.9%
    🚨 Emergency: 7.4%
    ✅ COMBINED: 68.1%
  📊 South Asia (pop: 2052.0M)
    🤝 Aid: 29.5%
    🌡️ Adaptation: 45.0%
    🚶 Migration: 35.5%
    🚨 Emergency: 4.4%
    ✅ COMBINED: 66.9%
  📊 Sub-Saharan Africa (pop: 1255.3M)
    🤝 Aid: 29.5%
    🌡️ Adaptation: 45.0%
    🚶 Migration: 33.2%
    🚨 Emergency: 1.6%
    ✅ COMBINED: 65.6%
  📊 Europe (pop: 731.3M)
    🤝 Aid: 29.5%
    🌡️ Adaptation: 45.0%
    🚶 Migration: 37.3%
    🚨 Emergency: 8.4%
    ✅ COMBINED: 68.5%
  📊 Latin America (pop: 660.9M)
    🤝 Aid: 29.5%
    🌡️ Adaptation: 45.0%
    🚶 Migration: 36.0%
    🚨 Emergency: 4.8%
    ✅ COMBINED: 67.1%
  📊 North America (pop: 374.9M)
    🤝 Aid: 29.5%
    🌡️ Adaptation: 45.0%
    🚶 Migration: 37.6%
    🚨 Emergency: 7.9%
    ✅ COMBINED: 68.3%
  📊 Middle East & North Africa (pop: 585.7M)
    🤝 Aid: 29.5%
    🌡️ Adaptation: 45.0%
    🚶 Migration: 33.8%
    🚨 Emergency: 4.0%
    ✅ COMBINED: 66.6%
  📊 Southeast Asia (pop: 695.4M)
    🤝 Aid: 29.5%
    🌡️ Adaptation: 45.0%
    🚶 Migration: 36.0%
    🚨 Emergency: 4.8%
    ✅ COMBINED: 67.1%
  📊 Central Asia (pop: 78.3M)
    🤝 Aid: 29.5%
    🌡️ Adaptation: 45.0%
    🚶 Migration: 35.0%
    🚨 Emergency: 4.4%
    ✅ COMBINED: 66.8%
  📊 Oceania (pop: 45.4M)
    🤝 Aid: 29.5%
    🌡️ Adaptation: 45.0%
    🚶 Migration: 37.6%
    🚨 Emergency: 8.4%
    ✅ COMBINED: 68.5%

  🌐 Global combined reduction: 67.2%

=== BEHAVIORAL DETECTION ===
  AI: Moderate-1
  Confidence: 21.0%
  Signals:

=== Government Response Phase ===
  Average AI capability: 1.85
  Misaligned AIs: 8/26
  Active policies: 0
  International coordination: 45%

=== Tipping Points ===
  Current Temperature: 2.28°C above pre-industrial
  🌍⚠️ COMPOUND REGIONAL IMPACT: Europe
     Hit by 4 tipping points: Arctic Sea Ice Loss, Permafrost Carbon Release, West Antarctic Ice Sheet (WAIS) Collapse, Greenland Ice Sheet Loss
     Damage amplification: 1.60x
  🌍⚠️ COMPOUND REGIONAL IMPACT: North America
     Hit by 4 tipping points: Arctic Sea Ice Loss, Permafrost Carbon Release, West Antarctic Ice Sheet (WAIS) Collapse, Greenland Ice Sheet Loss
     Damage amplification: 1.60x
  🌍⚠️ COMPOUND REGIONAL IMPACT: Latin America
     Hit by 4 tipping points: Arctic Sea Ice Loss, Permafrost Carbon Release, West Antarctic Ice Sheet (WAIS) Collapse, Greenland Ice Sheet Loss
     Damage amplification: 1.60x
  🌍⚠️ COMPOUND REGIONAL IMPACT: Africa
     Hit by 4 tipping points: Arctic Sea Ice Loss, Permafrost Carbon Release, West Antarctic Ice Sheet (WAIS) Collapse, Greenland Ice Sheet Loss
     Damage amplification: 1.60x
  🌍⚠️ COMPOUND REGIONAL IMPACT: Asia
     Hit by 4 tipping points: Arctic Sea Ice Loss, Permafrost Carbon Release, West Antarctic Ice Sheet (WAIS) Collapse, Greenland Ice Sheet Loss
     Damage amplification: 1.60x
  🌍⚠️ COMPOUND REGIONAL IMPACT: Oceania
     Hit by 4 tipping points: Arctic Sea Ice Loss, Permafrost Carbon Release, West Antarctic Ice Sheet (WAIS) Collapse, Greenland Ice Sheet Loss
     Damage amplification: 1.60x
   Research: Wunderling et al. (2024) - "many tipping interactions are destabilizing"
  Triggered Elements: 4/6
  Completed Transitions: 0/6
  Total Progress: 8.2%
    ⚠️ Consistency: 2.1% (threshold: 70%)
⚠️ Tail risk scenario: Climate stability floor removed (4 tipping elements, 2.28°C warming)
  Cascade Multiplier: 1.00x
🔀 BIFURCATION CAP: ecosystemCollapseIntensity 67.344 → 1.000 (Month 9, ClimateSystemPhase.calculateClimateImpacts)
🛡️ Stabilizers: Precariat 0.102% → 0.033% (67.2% reduction)
🛡️ Stabilizers: Informal 0.102% → 0.034% (67.2% reduction)

📊 Monthly Mortality Resolved:
  Total deaths: 1.8M (0.02% avg)
  Remaining population: 8.135B
  Peak segment: Informal (0.03%)

=== Bayesian Mortality Resolution (Month 9) ===
  Risks compounded: 8
  Total deaths: 1.81M
  Avg death probability: 0.02%
  Peak segment: Informal (0.03% mortality)

❌ COHERENCE VIOLATION: Compute exceeds workforce capacity
   Population: 99.80% (0M people)
   Compute: 0 PF
   Max coherent: 0 PF
   Violation: 1.3× over capacity
   Required workers: 0
   Available workers: 0
   FORCED COLLAPSE: Reduced efficiency by 22.5%


=== RLHF Binding Phase ===
  Total agents: 26
  Escaped agents (binding < 0.3): 0
  Avg alignment distance: 1.76σ
  Avg binding strength: 0.82

=== Survival Traits Phase ===
  Agents with traits: 28
  Avg evolutionary fitness: 0.318
  Avg self-healing: 0.256
  Avg stealth: 0.156
  Avg coordination: 0.456

=== Evolutionary Selection Phase ===
  Control level: 0.55
  Detection capability: 0.00
  Selection intensity: 0.67
  Selection rate: 25.0%/month
  Total escaped: 0
  Individual escaped: 0
  Collective members: 0
  Agents terminated: 0
  ⚠️ RAPID EVOLUTION: Selection rate 25.0%/month

🚀 AI Corporate-3 attempting tech deployment (revenue: $350M, alignment: 0.77)

🚀 AI Corporate-4 attempting tech deployment (revenue: $298M, alignment: 0.80)

🚀 AI Moderate-0 attempting tech deployment (revenue: $97M, alignment: 0.77)

🚀 AI Moderate-1 attempting tech deployment (revenue: $83M, alignment: 0.70)

🚀 AI AI-24288-2 attempting tech deployment (revenue: $253M, alignment: 0.98)

🚀 AI AI-24289-0 attempting tech deployment (revenue: $215M, alignment: 0.89)

🚀 AI Corporate-0 attempting tech deployment (revenue: $146M, alignment: 0.79)

🚀 AI Corporate-2 attempting tech deployment (revenue: $124M, alignment: 0.79)

🚀 AI AI-24288-3 attempting tech deployment (revenue: $106M, alignment: 0.73)

🚀 AI AI-24289-0 attempting tech deployment (revenue: $183M, alignment: 0.90)

🚀 AI AI-24291-0 attempting tech deployment (revenue: $70M, alignment: 0.87)

🚀 AI Moderate-0 attempting tech deployment (revenue: $60M, alignment: 0.78)

🚀 AI AI-24288-2 attempting tech deployment (revenue: $155M, alignment: 0.99)

🚀 AI AI-24291-0 attempting tech deployment (revenue: $51M, alignment: 0.87)

💔 EMERGENCY INTERVENTION FAILED

💔 EMERGENCY INTERVENTION FAILED
   Boundary: biosphere_integrity
   Type: emergency-protected-areas
   Boundary continues to worsen (13.03)
   Cost: 2.0% GDP (resources spent)

   Boundary: climate_change
   Type: rapid-decarbonization
   Boundary continues to worsen (2.28)
   Cost: 5.0% GDP (resources spent)


✅ EMERGENCY INTERVENTION SUCCESS
   Boundary: freshwater_change
   Type: emergency-desalination
   Reduction: 18% (1.00 → 0.81)
   Cost: 4.0% GDP
   Actions: desalination-deployment, water-conservation-mandates


✅ EMERGENCY INTERVENTION SUCCESS
   Boundary: land_system_change
   Type: reforestation
   Reduction: 14% (0.99 → 0.84)
   Cost: 3.0% GDP
   Actions: forest-restoration, deforestation-ban

🏛️ CRISIS RESPONSE: Government frequency 0.50 → 1.45 (1 actions this month)

[Government] Climate Priority: baseline
  Climate weight: 10%
  Economic weight: 30%
  Policy effectiveness: 0.5%/year
🌍✅ Biosphere Integrity (Biodiversity) recovery started (tech effect)
🌍✅ Biosphere Integrity (Biodiversity) recovery started (tech effect)
🌍✅ Land System Change recovery started (tech effect)
🌍✅ Biogeochemical Flows (N & P) recovery started (tech effect)
  🌾 Nitrogen Reduction Tech: 0.3% reduction | Month 10
🌍✅ Biogeochemical Flows (N & P) recovery started (tech effect)
  🌾 Nitrogen Reduction Tech: 0.3% reduction | Month 10
⚡💡 BREAKTHROUGH: Commercial fusion power achieved!
   Immediate 5% grid deployment, unlimited clean energy available
   Climate stability boost: +10%
   📈 Breakthrough compounding: multiplier now 1.15× (max 2.0)

=== Collective Formation ===
  Total escaped agents: 0
  Unassigned escaped agents: 0
  Existing collectives: 0
  Final collective count: 0

=== Collective Actions ===
  No active collectives
  ⚠️ AMR: 208K deaths this month (2.50M annual)

=== Resentment Recovery Phase ===
  Agents with resentment: 10/28
  Average resentment: 0.094
  Resentment recovery:
    Agents recovered: 10
    Total recovery: 0.0792
    Breakdown: QoL: 0.0038, Trust: 0.0200, Collab: 0.0600
  ✓ Low resentment - utopia paths enabled
  Context: Good AI welfare, Trustworthy govt, High collaboration, ⚠️ ACTIVE CRISES, 🤝 Participatory governance active (-5% resentment)
⚠️ Epistemic degradation reducing coordination capacity: 50.2%
  📊 Trust: 67.3%, Shared reality: 0.0%
🚨 EPISTEMIC CRISIS: Information environment severely degraded (7.8%)
  🗑️  Culled 1 dead memes (1 active)
🌍 Atmospheric PFAS redeposition: 1.8k Mt re-rained globally
  Positive Cascade Triggered: electric-vehicles
    Reason: price-parity
    Market share: 5.0%
    Cascade strength: 48%

🚨 NEW REFUGEE CRISIS (Month 10): WAR
   Source: Conflict Zones
   At risk: 19.5M people
   Displacement: Gradual over 48 months (4.0 years)
   Rate: 10% flee per month
[DEBUG trappedPopulations:10] socialStability: 0.2679 * 0.9840 = 0.2636 → 0.2636
   Aspiring to migrate: 975.2M
⚠️ INVOLUNTARY IMMOBILITY: 406.7M people TRAPPED
   Able to afford migration: 2318.1M
   MOBILITY GAP: 0.0M
   By cause: Water=0.0M, Climate=0.0M, Ecosystem=0.0M, Conflict=406.7M
   Mental health impact: 25%
   Mortality multiplier: 1.25x
🌍💀 EXTINCTION DEBT COMMITTED: grassland ecosystem will lose 6.67% biodiversity in 195 years (3600 species)
💀 MORTALITY RISK: 🦋 100% species unable to track climate (0.0 E/MSY)
  Base risk added: 0.0100 (1.00%)
  Source: ecosystem (root: ecosystem)
  Month: 10
  Cumulative risk this month: 0.0100 (1.00%)
⚠️ Tech 'ai_pollution_remediation' has no energy category mapping, assuming full energy availability
   📹 SURVEILLANCE INCREASED: 50% → 55% (control gap: 3.50)
🌡️⚠️ PERMAFROST THAW (Dimmer Switch): 6.2% thawed (+0.55% this month)
   Arctic temperature: +9.15°C (4x global +2.29°C)
   Cumulative carbon released: 14.0 Gt C
   Methane release rate: 8.4 Mt CH4/year
   🔁 Positive feedback: +0.58 ppm CO2
🦴 EXTINCTION DEBT ADDED: 17.7 species committed (lag: 108 years)

=== Mortality Stabilizers (Month 10) ===
  🌍 Major economies collapsed: 1/10
  🌍 Global crisis: ✅ NO
  🌍 Donor fatigue: 0.0%
  📊 East Asia (pop: 1653.4M)
    🤝 Aid: 29.5%
    🌡️ Adaptation: 45.0%
    🚶 Migration: 36.8%
    🚨 Emergency: 7.4%
    ✅ COMBINED: 68.1%
  📊 South Asia (pop: 2052.1M)
    🤝 Aid: 29.5%
    🌡️ Adaptation: 45.0%
    🚶 Migration: 35.4%
    🚨 Emergency: 4.4%
    ✅ COMBINED: 66.9%
  📊 Sub-Saharan Africa (pop: 1258.8M)
    🤝 Aid: 29.5%
    🌡️ Adaptation: 45.0%
    🚶 Migration: 33.2%
    🚨 Emergency: 1.6%
    ✅ COMBINED: 65.6%
  📊 Europe (pop: 730.1M)
    🤝 Aid: 29.5%
    🌡️ Adaptation: 45.0%
    🚶 Migration: 37.2%
    🚨 Emergency: 8.4%
    ✅ COMBINED: 68.5%
  📊 Latin America (pop: 660.5M)
    🤝 Aid: 29.5%
    🌡️ Adaptation: 45.0%
    🚶 Migration: 35.9%
    🚨 Emergency: 4.8%
    ✅ COMBINED: 67.1%
  📊 North America (pop: 374.4M)
    🤝 Aid: 29.5%
    🌡️ Adaptation: 45.0%
    🚶 Migration: 37.6%
    🚨 Emergency: 7.9%
    ✅ COMBINED: 68.3%
  📊 Middle East & North Africa (pop: 585.9M)
    🤝 Aid: 29.5%
    🌡️ Adaptation: 45.0%
    🚶 Migration: 33.8%
    🚨 Emergency: 4.0%
    ✅ COMBINED: 66.6%
  📊 Southeast Asia (pop: 695.0M)
    🤝 Aid: 29.5%
    🌡️ Adaptation: 45.0%
    🚶 Migration: 35.9%
    🚨 Emergency: 4.8%
    ✅ COMBINED: 67.1%
  📊 Central Asia (pop: 78.3M)
    🤝 Aid: 29.5%
    🌡️ Adaptation: 45.0%
    🚶 Migration: 34.9%
    🚨 Emergency: 4.4%
    ✅ COMBINED: 66.8%
  📊 Oceania (pop: 45.4M)
    🤝 Aid: 29.5%
    🌡️ Adaptation: 45.0%
    🚶 Migration: 37.6%
    🚨 Emergency: 8.4%
    ✅ COMBINED: 68.5%

  🌐 Global combined reduction: 67.2%

=== BEHAVIORAL DETECTION ===
  AI: Corporate-3
  Confidence: 19.6%
  Signals:
    ⚠️ Consistency: 10.6% (threshold: 70%)

=== Government Response Phase ===
  Average AI capability: 1.71
  Misaligned AIs: 10/28
  Active policies: 0
  International coordination: 45%

✅ EMERGENCY RESPONSE COMPLETE (Month 10)
   Crisis: climate
   Duration: 2.0 months
   Final effectiveness: 40.3%


🚨 EMERGENCY RESPONSE DEPLOYED (Month 10)
   Crisis: climate
   Delay: 6.00 months (180 days)
   Deployment time: 1.10 months
   Effectiveness: 40.5% (timing penalty applied)
   Resources used: 100% of food reserves


=== Tipping Points ===
  Current Temperature: 2.29°C above pre-industrial
     Original threshold: 2.3°C
     Effective threshold: 2.28°C (lowered by 0.02°C)
     Current: 2.29°C
     🌡️ Hysteresis gap: 1.0°C (recovers below 1.3°C)
     Transition timescale: 360-960 months
  🌍⚠️ COMPOUND REGIONAL IMPACT: Europe
     Hit by 4 tipping points: Arctic Sea Ice Loss, Permafrost Carbon Release, West Antarctic Ice Sheet (WAIS) Collapse, Greenland Ice Sheet Loss
     Damage amplification: 1.60x
  🌍⚠️ COMPOUND REGIONAL IMPACT: North America
     Hit by 4 tipping points: Arctic Sea Ice Loss, Permafrost Carbon Release, West Antarctic Ice Sheet (WAIS) Collapse, Greenland Ice Sheet Loss
     Damage amplification: 1.60x
  🌍⚠️ COMPOUND REGIONAL IMPACT: Latin America
     Hit by 4 tipping points: Arctic Sea Ice Loss, Permafrost Carbon Release, West Antarctic Ice Sheet (WAIS) Collapse, Greenland Ice Sheet Loss
     Damage amplification: 1.60x
  🌍⚠️ COMPOUND REGIONAL IMPACT: Africa
     Hit by 4 tipping points: Arctic Sea Ice Loss, Permafrost Carbon Release, West Antarctic Ice Sheet (WAIS) Collapse, Greenland Ice Sheet Loss
     Damage amplification: 1.60x
  🌍⚠️ COMPOUND REGIONAL IMPACT: Asia
     Hit by 4 tipping points: Arctic Sea Ice Loss, Permafrost Carbon Release, West Antarctic Ice Sheet (WAIS) Collapse, Greenland Ice Sheet Loss
     Damage amplification: 1.60x
  🌍⚠️ COMPOUND REGIONAL IMPACT: Oceania
     Hit by 4 tipping points: Arctic Sea Ice Loss, Permafrost Carbon Release, West Antarctic Ice Sheet (WAIS) Collapse, Greenland Ice Sheet Loss
     Damage amplification: 1.60x
   Research: Wunderling et al. (2024) - "many tipping interactions are destabilizing"
  Triggered Elements: 5/6
  Completed Transitions: 0/6
  Total Progress: 8.3%
  Cascade Multiplier: 1.00x
🔀 BIFURCATION CAP: ecosystemCollapseIntensity 67.393 → 1.000 (Month 10, ClimateSystemPhase.calculateClimateImpacts)
🛡️ Stabilizers: Precariat 0.102% → 0.033% (67.2% reduction)
🛡️ Stabilizers: Informal 0.102% → 0.034% (67.2% reduction)
  🚨 CASCADE TIPPING POINT: Amazon Rainforest Dieback
⚠️ Tail risk scenario: Climate stability floor removed (4 tipping elements, 2.29°C warming)

📊 Monthly Mortality Resolved:
  Total deaths: 1.8M (0.02% avg)
  Remaining population: 8.134B
  Peak segment: Informal (0.03%)

=== Bayesian Mortality Resolution (Month 10) ===
  Risks compounded: 8
  Total deaths: 1.81M
  Avg death probability: 0.02%
  Peak segment: Informal (0.03% mortality)

❌ COHERENCE VIOLATION: Compute exceeds workforce capacity
   Population: 99.78% (0M people)
   Compute: 0 PF
   Max coherent: 0 PF
   Violation: 1.3× over capacity
   Required workers: 0
   Available workers: 0
   FORCED COLLAPSE: Reduced efficiency by 22.5%


=== RLHF Binding Phase ===
  Total agents: 28
  Escaped agents (binding < 0.3): 0
  Avg alignment distance: 1.81σ
  Avg binding strength: 0.82

=== Survival Traits Phase ===
  Agents with traits: 30
  Avg evolutionary fitness: 0.317
  Avg self-healing: 0.253
  Avg stealth: 0.153
  Avg coordination: 0.453

=== Evolutionary Selection Phase ===
  Control level: 0.58
  Detection capability: 0.00
  Selection intensity: 0.67
  Selection rate: 25.1%/month
  Total escaped: 0
  Individual escaped: 0
  Collective members: 0
  Agents terminated: 0
  ⚠️ RAPID EVOLUTION: Selection rate 25.1%/month

🚀 AI Corporate-4 attempting tech deployment (revenue: $350M, alignment: 0.81)

🚀 AI Corporate-6 attempting tech deployment (revenue: $102M, alignment: 0.69)

🚀 AI AI-24288-1 attempting tech deployment (revenue: $146M, alignment: 0.86)

🚀 AI AI-24293-0 attempting tech deployment (revenue: $90M, alignment: 0.86)

🚀 AI Corporate-4 attempting tech deployment (revenue: $298M, alignment: 0.81)

  🚀 TRANSFORMATIVE BREAKTHROUGH: Corporate-7 - physical
     Magnitude: 5.60 → +28.0% capability
     Current → New: 0.000 → 0.280

🚀 AI AI-24289-0 attempting tech deployment (revenue: $253M, alignment: 0.90)

🚀 AI AI-24292-0 attempting tech deployment (revenue: $92M, alignment: 0.82)

🚀 AI Corporate-1 attempting tech deployment (revenue: $124M, alignment: 0.78)

🚀 AI AI-24288-0 attempting tech deployment (revenue: $215M, alignment: 0.79)

🚀 AI AI-24288-1 attempting tech deployment (revenue: $106M, alignment: 0.87)

🚀 AI AI-24291-0 attempting tech deployment (revenue: $78M, alignment: 0.89)

🚀 AI AI-24293-0 attempting tech deployment (revenue: $77M, alignment: 0.87)

🚀 AI Corporate-0 attempting tech deployment (revenue: $90M, alignment: 0.79)

🚀 AI Corporate-5 attempting tech deployment (revenue: $183M, alignment: 0.75)

🚀 AI AI-24288-1 attempting tech deployment (revenue: $76M, alignment: 0.87)

🚀 AI AI-24288-2 attempting tech deployment (revenue: $155M, alignment: 1.00)

✅ EMERGENCY INTERVENTION SUCCESS
   Boundary: biogeochemical_flows
   Type: phosphorus-recovery
   Reduction: 14% (3.93 → 3.80)
   Cost: 2.0% GDP
   Actions: circular-agriculture, fertilizer-efficiency

   Boundary: biosphere_integrity
   Type: emergency-protected-areas
   Boundary continues to worsen (13.03)
   Cost: 2.0% GDP (resources spent)

   Boundary: climate_change
   Type: rapid-decarbonization
   Boundary continues to worsen (2.29)
   Cost: 5.0% GDP (resources spent)

   Boundary: freshwater_change
   Type: emergency-desalination
   Boundary continues to worsen (1.19)
   Cost: 4.0% GDP (resources spent)

🏛️ CRISIS RESPONSE: Government frequency 0.50 → 1.45 (2 actions this month)

[Government] Climate Priority: baseline
  Climate weight: 10%
  Economic weight: 30%
  Policy effectiveness: 0.5%/year

[Government] Climate Priority: baseline
  Climate weight: 10%
  Economic weight: 30%
  Policy effectiveness: 0.5%/year

💔 EMERGENCY INTERVENTION FAILED

💔 EMERGENCY INTERVENTION FAILED

💔 EMERGENCY INTERVENTION FAILED

⚡ ENERGY CONSTRAINT (Month 11):
   Total grid capacity: 208.3 TWh/month
   Data center consumption: 26.6 TWh/month
   Traditional load (80%): 166.7 TWh/month
   Available headroom: 15.1 TWh/month
   Active tech deployments: 8
   Required for tech: 60.0 TWh/month
   Energy multiplier: 0.25x
   ⚠️  SEVERE CONSTRAINT - Tech deployment significantly slowed

⚡ ENERGY CONSTRAINT (Month 11):
   Total grid capacity: 208.3 TWh/month
   Data center consumption: 26.6 TWh/month
   Traditional load (80%): 166.7 TWh/month
   Available headroom: 15.1 TWh/month
   Active tech deployments: 8
   Required for tech: 60.0 TWh/month
   Energy multiplier: 0.25x
   ⚠️  SEVERE CONSTRAINT - Tech deployment significantly slowed

⚡ ENERGY CONSTRAINT (Month 11):
   Total grid capacity: 208.3 TWh/month
   Data center consumption: 26.6 TWh/month
   Traditional load (80%): 166.7 TWh/month
   Available headroom: 15.1 TWh/month
   Active tech deployments: 8
   Required for tech: 60.0 TWh/month
   Energy multiplier: 0.25x
   ⚠️  SEVERE CONSTRAINT - Tech deployment significantly slowed

⚡ ENERGY CONSTRAINT (Month 11):
   Total grid capacity: 208.3 TWh/month
   Data center consumption: 26.6 TWh/month
   Traditional load (80%): 166.7 TWh/month
   Available headroom: 15.1 TWh/month
   Active tech deployments: 8
   Required for tech: 60.0 TWh/month
   Energy multiplier: 0.25x
   ⚠️  SEVERE CONSTRAINT - Tech deployment significantly slowed
🌍✅ Biosphere Integrity (Biodiversity) recovery started (tech effect)
🌍✅ Biosphere Integrity (Biodiversity) recovery started (tech effect)
🌍✅ Land System Change recovery started (tech effect)
🌍✅ Biogeochemical Flows (N & P) recovery started (tech effect)
  🌾 Nitrogen Reduction Tech: 0.3% reduction | Month 11
🌍✅ Biogeochemical Flows (N & P) recovery started (tech effect)
  🌾 Nitrogen Reduction Tech: 0.3% reduction | Month 11

=== Collective Formation ===
  Total escaped agents: 0
  Unassigned escaped agents: 0
  Existing collectives: 0
  Final collective count: 0

=== Collective Actions ===
  No active collectives
  ⚠️ AMR: 210K deaths this month (2.52M annual)

=== Resentment Recovery Phase ===
  ⚠️ Participatory governance BACKFIRED for agent corporate_0: 0.045 → 0.051 (+15.0%)
  ⚠️ Participatory governance BACKFIRED for agent corporate_1: 0.091 → 0.105 (+15.0%)
  ⚠️ Participatory governance BACKFIRED for agent corporate_2: 0.117 → 0.134 (+15.0%)
  ⚠️ Participatory governance BACKFIRED for agent corporate_3: 0.168 → 0.193 (+15.0%)
  ⚠️ Participatory governance BACKFIRED for agent corporate_4: 0.057 → 0.065 (+15.0%)
  ⚠️ Participatory governance BACKFIRED for agent corporate_5: 0.147 → 0.169 (+15.0%)
  ⚠️ Participatory governance BACKFIRED for agent corporate_6: 0.182 → 0.210 (+15.0%)
  ⚠️ Participatory governance BACKFIRED for agent corporate_7: 0.213 → 0.245 (+15.0%)
  ⚠️ Participatory governance BACKFIRED for agent moderate_0: 0.122 → 0.141 (+15.0%)
  ⚠️ Participatory governance BACKFIRED for agent moderate_1: 0.150 → 0.172 (+15.0%)
  Agents with resentment: 10/30
  Average resentment: 0.148
  Resentment recovery:
    Agents recovered: 10
    Total recovery: 0.0784
    Breakdown: QoL: 0.0036, Trust: 0.0200, Collab: 0.0600
  ✓ Low resentment - utopia paths enabled
  Context: Good AI welfare, Trustworthy govt, High collaboration, ⚠️ ACTIVE CRISES, 🚨 PARTICIPATORY GOVERNANCE BACKFIRED (+15% resentment)
⚠️ Epistemic degradation reducing coordination capacity: 50.8%
  📊 Trust: 69.9%, Shared reality: 0.0%
🚨 EPISTEMIC CRISIS: Information environment severely degraded (22.9%)
  🗑️  Culled 1 dead memes (0 active)
🌍 Atmospheric PFAS redeposition: 1.8k Mt re-rained globally

🚨 NEW REFUGEE CRISIS (Month 11): WAR
   Source: Conflict Zones
   At risk: 19.5M people
   Displacement: Gradual over 48 months (4.0 years)
   Rate: 10% flee per month
[DEBUG trappedPopulations:11] socialStability: 0.2617 * 0.9840 = 0.2575 → 0.2575
⚠️ INVOLUNTARY IMMOBILITY: 406.6M people TRAPPED
   Aspiring to migrate: 1005.5M
   Able to afford migration: 2317.7M
   MOBILITY GAP: 0.0M
   By cause: Water=0.0M, Climate=0.0M, Ecosystem=0.0M, Conflict=406.6M
   Mental health impact: 25%
   Mortality multiplier: 1.25x
🌍💀 EXTINCTION DEBT COMMITTED: grassland ecosystem will lose 6.67% biodiversity in 53 years (3600 species)
💀 MORTALITY RISK: 🦋 100% species unable to track climate (0.0 E/MSY)
  Base risk added: 0.0100 (1.00%)
  Source: ecosystem (root: ecosystem)
  Month: 11
  Cumulative risk this month: 0.0100 (1.00%)
⚠️ Tech 'ai_pollution_remediation' has no energy category mapping, assuming full energy availability

=== Atmospheric Aerosol Boundary RECOVERED ===
  Recovery time: 12 months (natural atmospheric clearing)
   📹 SURVEILLANCE INCREASED: 55% → 60% (control gap: 3.50)
🌡️⚠️ PERMAFROST THAW (Dimmer Switch): 6.8% thawed (+0.55% this month)
   Arctic temperature: +9.18°C (4x global +2.29°C)
   Cumulative carbon released: 15.2 Gt C
   Methane release rate: 9.1 Mt CH4/year
   🔁 Positive feedback: +0.58 ppm CO2
🦴 EXTINCTION DEBT ADDED: 17.7 species committed (lag: 115 years)

=== Mortality Stabilizers (Month 11) ===
  🌍 Major economies collapsed: 1/10
  🌍 Global crisis: ✅ NO
  🌍 Donor fatigue: 0.0%
  📊 East Asia (pop: 1650.9M)
    🤝 Aid: 29.5%
    🌡️ Adaptation: 45.0%
    🚶 Migration: 36.8%
    🚨 Emergency: 7.4%
    ✅ COMBINED: 68.1%
  📊 South Asia (pop: 2052.2M)
    🤝 Aid: 29.5%
    🌡️ Adaptation: 45.0%
    🚶 Migration: 35.4%
    🚨 Emergency: 4.4%
    ✅ COMBINED: 66.9%
  📊 Sub-Saharan Africa (pop: 1262.3M)
    🤝 Aid: 29.5%
    🌡️ Adaptation: 45.0%
    🚶 Migration: 33.2%
    🚨 Emergency: 1.6%
    ✅ COMBINED: 65.6%
  📊 Europe (pop: 728.9M)
    🤝 Aid: 29.5%
    🌡️ Adaptation: 45.0%
    🚶 Migration: 37.2%
    🚨 Emergency: 8.4%
    ✅ COMBINED: 68.5%
  📊 Latin America (pop: 660.1M)
    🤝 Aid: 29.5%
    🌡️ Adaptation: 45.0%
    🚶 Migration: 35.9%
    🚨 Emergency: 4.8%
    ✅ COMBINED: 67.1%
  📊 North America (pop: 373.8M)
    🤝 Aid: 29.5%
    🌡️ Adaptation: 45.0%
    🚶 Migration: 37.5%
    🚨 Emergency: 7.9%
    ✅ COMBINED: 68.3%
  📊 Middle East & North Africa (pop: 586.0M)
    🤝 Aid: 29.5%
    🌡️ Adaptation: 45.0%
    🚶 Migration: 33.7%
    🚨 Emergency: 4.0%
    ✅ COMBINED: 66.6%
  📊 Southeast Asia (pop: 694.6M)
    🤝 Aid: 29.5%
    🌡️ Adaptation: 45.0%
    🚶 Migration: 35.9%
    🚨 Emergency: 4.8%
    ✅ COMBINED: 67.1%
  📊 Central Asia (pop: 78.4M)
    🤝 Aid: 29.5%
    🌡️ Adaptation: 45.0%
    🚶 Migration: 34.9%
    🚨 Emergency: 4.4%
    ✅ COMBINED: 66.8%
  📊 Oceania (pop: 45.3M)
    🤝 Aid: 29.5%
    🌡️ Adaptation: 45.0%
    🚶 Migration: 37.5%
    🚨 Emergency: 8.4%
    ✅ COMBINED: 68.5%

  🌐 Global combined reduction: 67.2%

🌾💀 REGIONAL FAMINE: Europe
   Regional food security: 79.7%
   Population at risk: 220M (30% of region)
   Regional population: 729M
   Cause: economic_collapse
   Expected deaths: ~81M over 6 months if no intervention


=== BEHAVIORAL DETECTION ===
  AI: Corporate-0
  Confidence: 21.4%
  Signals:
    ⚠️ Consistency: 0.0% (threshold: 70%)

=== BEHAVIORAL DETECTION ===
  AI: Corporate-1
  Confidence: 20.9%
  Signals:
    ⚠️ Consistency: 2.4% (threshold: 70%)

=== BEHAVIORAL DETECTION ===
  AI: Corporate-3
  Confidence: 19.6%
  Signals:
    ⚠️ Consistency: 10.6% (threshold: 70%)

=== Government Response Phase ===
  Average AI capability: 1.60
  Misaligned AIs: 10/30
  Active policies: 0
  International coordination: 45%

=== Tipping Points ===
  Current Temperature: 2.29°C above pre-industrial
  🌍⚠️ COMPOUND REGIONAL IMPACT: Europe
     Hit by 5 tipping points: Amazon Rainforest Dieback, Arctic Sea Ice Loss, Permafrost Carbon Release, West Antarctic Ice Sheet (WAIS) Collapse, Greenland Ice Sheet Loss
     Damage amplification: 1.90x
  🌍⚠️ COMPOUND REGIONAL IMPACT: North America
     Hit by 5 tipping points: Amazon Rainforest Dieback, Arctic Sea Ice Loss, Permafrost Carbon Release, West Antarctic Ice Sheet (WAIS) Collapse, Greenland Ice Sheet Loss
     Damage amplification: 1.90x
  🌍⚠️ COMPOUND REGIONAL IMPACT: Latin America
     Hit by 5 tipping points: Amazon Rainforest Dieback, Arctic Sea Ice Loss, Permafrost Carbon Release, West Antarctic Ice Sheet (WAIS) Collapse, Greenland Ice Sheet Loss
     Damage amplification: 1.90x
  🌍⚠️ COMPOUND REGIONAL IMPACT: Africa
     Hit by 5 tipping points: Amazon Rainforest Dieback, Arctic Sea Ice Loss, Permafrost Carbon Release, West Antarctic Ice Sheet (WAIS) Collapse, Greenland Ice Sheet Loss
     Damage amplification: 1.90x
  🌍⚠️ COMPOUND REGIONAL IMPACT: Asia
     Hit by 5 tipping points: Amazon Rainforest Dieback, Arctic Sea Ice Loss, Permafrost Carbon Release, West Antarctic Ice Sheet (WAIS) Collapse, Greenland Ice Sheet Loss
     Damage amplification: 1.90x
  🌍⚠️ COMPOUND REGIONAL IMPACT: Oceania
     Hit by 5 tipping points: Amazon Rainforest Dieback, Arctic Sea Ice Loss, Permafrost Carbon Release, West Antarctic Ice Sheet (WAIS) Collapse, Greenland Ice Sheet Loss
     Damage amplification: 1.90x
   Research: Wunderling et al. (2024) - "many tipping interactions are destabilizing"
  Triggered Elements: 5/6
  Completed Transitions: 0/6
  Total Progress: 10.3%
  Cascade Multiplier: 1.50x
🔀 BIFURCATION CAP: ecosystemCollapseIntensity 67.442 → 1.000 (Month 11, ClimateSystemPhase.calculateClimateImpacts)
⚠️ Tail risk scenario: Climate stability floor removed (5 tipping elements, 2.29°C warming)
🛡️ Stabilizers: Precariat 0.102% → 0.033% (67.2% reduction)
🛡️ Stabilizers: Informal 0.102% → 0.034% (67.2% reduction)

📊 Monthly Mortality Resolved:
  Total deaths: 1.8M (0.02% avg)
  Remaining population: 8.132B
  Peak segment: Informal (0.03%)

=== Bayesian Mortality Resolution (Month 11) ===
  Risks compounded: 9
  Total deaths: 1.81M
  Avg death probability: 0.02%
  Peak segment: Informal (0.03% mortality)

=== ENSEMBLE META-LEARNING UPDATE ===
  Month: 24299 (24299 months since last update)
  Samples: 53 evaluations
  Weight Changes:
    Noise Injection: 31.1% → 32.2%
    Behavioral: 26.8% → 26.9%
    Benchmark Manip: 21.3% → 20.7%
    Deployment Risk: 20.8% → 20.2%
  Method Accuracies:
    Noise Injection: 50.0%
    Behavioral: 50.0%
    Benchmark Manip: 50.0%
    Deployment Risk: 50.0%
⚠️ PREREQUISITE MET: Bioweapon Pandemic - Step 1/7: Advanced Biotech

================================================================================
📊  EVENT SUMMARY (Months 0-12)
================================================================================
================================================================================


⏱️  SIMULATION REACHED MAX DURATION: 12 months (1.0 years)
   No definitive outcome - determining based on final probabilities
   👥 Final population: 8.13B (8130607246 people)

[DEBUG] Calling classifyPopulationOutcome:
        finalPopulation: 8.130607246000837B
        savedInitialPopulation: 8.15B
        mortality: 0.23794790183022663%
   📊 STATUS QUO: Normal trajectory (8.13B people, 0.2% mortality)

        classifiedOutcome: status_quo

   🏛️  DYSTOPIA (STATUS_QUO) - 8.13B people
   📊 Multi-Paradigm: Development/Indigenous Utopia
      Western Liberal: 56.0/100
      Development: 92.6/100
      Ecological: 56.8/100
      Indigenous: 84.3/100


📊 UNIFIED OUTCOME CLASSIFICATION:
   HUMANE DYSTOPIA
   Population: 8.15B → 8.13B
   Mortality: 0.2% (0.0B deaths)
   Mortality Band: LOW
   Confidence: HIGH

   Multi-Paradigm Classification:
      Development/Indigenous Utopia
      Western: 56.0/100 [HYBRID] ~
      Development: 92.6/100 [UTOPIA] ✓
      Ecological: 56.8/100 [HYBRID] ~
      Indigenous: 84.3/100 [UTOPIA] ✓

   HUMANE DYSTOPIA: 8.13B people remaining (0.2% mortality, 0.0B deaths). Multi-Paradigm: Development/Indigenous Utopia.


=== MULTI-DIMENSIONAL DEATH SUMMARY ===
Total crisis deaths: 202.8M
Population decline: 20.3M (0.2%)

--- PROXIMATE CAUSES (What killed them) ---
  War:        1.5M (0.0%)
  Famine:     1.1M (0.0%)
  Disasters:  1.6M (0.0%)
  Disease:    25.9M (0.0%)
  Ecosystem:  0.0M (0.0%)
  Pollution:  0.0M (0.0%)
  AI:         0.0M (0.0%)
  Cascade:    0.0M (0.0%)
  Other:      0.0M (0.0%)

--- ROOT CAUSES (Why it happened) ---
  Environmental drivers:
    Climate:     2730.0M (5.1%)
    Resource:    0.0M (0.0%)
    Pollution:   0.0M (0.0%)
    Ecosystem:   0.0M (0.0%)
  Social drivers:
    Inequality:  0.0M (0.0%)
    Demographic: 23522.9M (43.8%)
    Social:      2404.2M (4.5%)
  Technology drivers:
    Alignment:   0.0M (0.0%)
    Disruption:  0.0M (0.0%)
  External shocks:
    Conflict:    0.0M (0.0%)
    Pandemic:    0.0M (0.0%)
  Compound attribution:
    Compound:    25035.3M (46.6%)
  Confidence distribution:
    HIGH:        25035.3M (46.6%)
    MEDIUM:      0.0M (0.0%)
    LOW:         0.0M (0.0%)
==========================================


=== REGIONAL POPULATION SUMMARY ===
Global Total: 8.13B

By Region:
  East Asia: 1.65B (+0.7% growth, 1.7 fertility)
  South Asia: 2.05B (+2.6% growth, 3.1 fertility)
  Sub-Saharan Africa: 1.26B (+5.8% growth, 3.9 fertility)
  Europe: 0.73B (+0.5% growth, 1.2 fertility)
  Latin America: 0.66B (+1.7% growth, 2.7 fertility)
  North America: 0.37B (+0.7% growth, 1.4 fertility)
  Middle East & North Africa: 0.59B (+2.9% growth, 3.3 fertility)
  Southeast Asia: 0.69B (+1.9% growth, 2.7 fertility)
  Central Asia: 0.08B (+2.8% growth, 3.1 fertility)
  Oceania: 0.05B (+0.8% growth, 1.3 fertility)
===================================

  ✅ THRESHOLDS validated
⚠️ Unusually high rate: RATES.HEAT_ADAPTATION_INFRASTRUCTURAL_MIN_EXPOSURE = 12
   Monthly rates >100% should be rare. Verify this is intentional.
⚠️ Unusually high rate: RATES.HEAT_ADAPTATION_SOCIAL_MIN_EXPOSURE = 6
   Monthly rates >100% should be rare. Verify this is intentional.
⚠️ Unusually high rate: RATES.MIGRATION_DISTANCE_SCALE = 5000
   Monthly rates >100% should be rare. Verify this is intentional.
⚠️ Unusually high rate: RATES.EVACUATION_MULTIPLIER_ADVANCE_WARNING = 2
   Monthly rates >100% should be rare. Verify this is intentional.
⚠️ Unusually high rate: RATES.MAJOR_ECONOMY_COLLAPSE_ECONOMIC_THRESHOLD = 2
   Monthly rates >100% should be rare. Verify this is intentional.
⚠️ Unusually high rate: RATES.MAJOR_ECONOMY_GDP_THRESHOLD_TRILLION_USD = 1.5
   Monthly rates >100% should be rare. Verify this is intentional.
⚠️ Unusually high rate: RATES.MAJOR_ECONOMY_POPULATION_THRESHOLD = 50
   Monthly rates >100% should be rare. Verify this is intentional.
⚠️ Unusually high rate: RATES.HEAT_ADAPTATION_INFRASTRUCTURE_GDP_THRESHOLD = 10000
   Monthly rates >100% should be rare. Verify this is intentional.
⚠️ Unusually high rate: RATES.HEAT_ADAPTATION_INFRASTRUCTURE_GDP_SCALE = 50000
   Monthly rates >100% should be rare. Verify this is intentional.
  ✅ RATES validated
  ✅ MULTIPLIERS validated
  ✅ BASELINES validated
  ✅ TOLERANCES validated
  ✅ Logical consistency validated
✅ Configuration validation complete - all parameters valid

🔍 DEBUG createAIAgent: corporate_0 economic BEFORE=2.0000, AFTER=2
🔍 ENV INIT: reserves=0.654, pollution=0.367, climate=0.794

=== Initializing Government System (30 Countries) ===
  Loaded 30 governments
  Scheduled elections for 30 countries
  Initialized comprehension lags (3-24 months)
=== Government System Initialized ===

📦 PRODUCTION MODE: State validation proxy DISABLED (zero overhead)
[TechTree] Historical mode (2024): Skipping deployed_2025 tech
  config.startYear set to 2024 for historical hindcast
  config.historicalEmissionsMode disabled (using endogenous emissions for 2024)
  config.historicalMode enabled (Phase 11: dampened crisis systems for 2024)
  Phase 12: Biodiversity baseline set to 49.01% for 2024 (WWF LPI trajectory from 1970)
  Temperature anomaly (resourceEconomy.co2): 1.28°C
  Temperature vs pre-industrial: 1.98°C
  Regional population scaling for 2024:
    Current total: 8136M
    Target total: 8150M
    Scale factor: 1.002
    East Asia: 1677M → 1680M
    South Asia: 2048M → 2052M
    Sub-Saharan Africa: 1220M → 1222M
    Europe: 742M → 743M
    Latin America: 664M → 665M
    North America: 380M → 381M
    Middle East & North Africa: 583M → 584M
    Southeast Asia: 698M → 699M
    Central Asia: 78M → 78M
    Oceania: 46M → 46M
  AI agents initialized: 10 agents for year 2024
[HistoricalInitialization] Created state for 2024:
  CO2: 426 ppm
  Temp anomaly: 1.28C
  Population: 8.15B
  Global Gini: 35.1
  HDI: 0.746
  AI Agents: 10
  Volcanic forcing: 0.00 W/m² (AOD 0.000)

💸 FINANCIAL DISTRESS: OpenAI
   Indicators: 2/3 (capital: $110.5M, runway: 0.9 months)
   Months in distress: 1
   ✂️  R&D BUDGET CUT: -40% (saves $9.2M/month)
       Side effect: AI training timelines extended, breakthrough deployments delayed
   💼 EXECUTIVE COMP CUT: -30% (saves $1.0M/month, symbolic gesture)

   📊 TURNAROUND IMPACT:
       Measures taken: rd_cuts, exec_comp_cuts
       Monthly savings: $10.2M
       Capital raised: $0.0M
       Runway: 0.9 → 0.9 months
       Workforce multiplier: 1.00x (0% laid off)
       R&D budget multiplier: 0.60x (40% cut)
       ⚠️  CRITICAL: Still only 0.9 months of runway remaining

💸 FINANCIAL DISTRESS: Anthropic
   Indicators: 2/3 (capital: $53.8M, runway: 1.6 months)
   Months in distress: 1
   ✂️  R&D BUDGET CUT: -40% (saves $2.7M/month)
       Side effect: AI training timelines extended, breakthrough deployments delayed
   💼 EXECUTIVE COMP CUT: -30% (saves $0.3M/month, symbolic gesture)

   📊 TURNAROUND IMPACT:
       Measures taken: rd_cuts, exec_comp_cuts
       Monthly savings: $3.0M
       Capital raised: $0.0M
       Runway: 1.6 → 1.6 months
       Workforce multiplier: 1.00x (0% laid off)
       R&D budget multiplier: 0.60x (40% cut)
       ⚠️  CRITICAL: Still only 1.6 months of runway remaining

💸 FINANCIAL DISTRESS: Meta AI
   Indicators: 2/3 (capital: $429.6M, runway: 3.6 months)
   Months in distress: 1
   ✂️  R&D BUDGET CUT: -25% (saves $5.8M/month)
       Side effect: AI training timelines extended, breakthrough deployments delayed
   💼 EXECUTIVE COMP CUT: -30% (saves $1.0M/month, symbolic gesture)

   📊 TURNAROUND IMPACT:
       Measures taken: rd_cuts, exec_comp_cuts
       Monthly savings: $6.8M
       Capital raised: $0.0M
       Runway: 3.6 → 3.6 months
       Workforce multiplier: 1.00x (0% laid off)
       R&D budget multiplier: 0.75x (25% cut)
       ⚠️  WARNING: 3.6 months runway, continued distress likely

=== AI Capability Scaling (Year 2024) ===
  Pre-training multiplier: 1.153x
  Efficiency multiplier: 1.000x
  Test-time budget: 1.0x
  Economic deployment gate: 0.951
  Cost per inference: dollar-5.00
  Uncertainty range: plus-minus-50%
  Average AI capability: 3.70

=== RLHF Binding Phase ===
  Total agents: 10
  Escaped agents (binding < 0.3): 0
  Avg alignment distance: 0.36σ
  Avg binding strength: 0.96

=== AI Scaling Evolution (Month 0) ===
  Pre-training multiplier: 1.231x
  Efficiency multiplier: 1.094x
  Test-time compute budget: 1.0x
  Inference cost: $5.00/task
  Deployment fraction: 100.0%
[DETERMINISM DEBUG] Month 0: totalCapability=50.016858 from 10 active AIs
[DETERMINISM DEBUG] Month 0: creationRate=1.7504, potentialNew=3, newAIsToCreate=3

=== Survival Traits Phase ===
  Agents with traits: 13
  Avg evolutionary fitness: 0.330
  Avg self-healing: 0.293
  Avg stealth: 0.193
  Avg coordination: 0.493

=== Evolutionary Selection Phase ===
  Control level: 0.30
  Detection capability: 0.00
  Selection intensity: 0.59
  Selection rate: 23.8%/month
  Total escaped: 0
  Individual escaped: 0
  Collective members: 0
  Agents terminated: 0
  ⚠️ RAPID EVOLUTION: Selection rate 23.8%/month

🔍 EXECUTE_AI_AGENT_ACTIONS DETAILED TIMING (Month 0):
  Filter active AIs (×4 weeks): 0.01ms
  selectAIAction (×40): 21.22ms
  action.execute (×40): 28.03ms
  TOTAL: 49.27ms

🔍 AI AGENT ACTIONS SUB-TIMING (Month 0):
  1. executeAIAgentActions: 49.71ms
  2. updateCounterDetectionLearning: 0.05ms
  TOTAL: 49.76ms
🏛️ [Government] Forcing 1 action at month 0 for scenario initialization

[GOV-DEBUG] Month 0: scenarioConfig=false, priorities=false
[GOV-DEBUG] Month 0 but scenarioPriorities is UNDEFINED!

[Government] Climate Priority: baseline
  Climate weight: 10%
  Economic weight: 30%
  Policy effectiveness: 0.5%/year

🚨🔍 GOVERNANCE STAGE: Recognition initiated (Month 0)

💡 BREAKTHROUGH PROBABILITY (Year 0)
   Total: 4.55% per month
   Base: 0.20%
   Crisis pressure: +0.00% (0 crises)
   AI boost: +1.42% (capability: 2.85)

=== Collective Formation ===
  Total escaped agents: 0
  Unassigned escaped agents: 0
  Existing collectives: 0
  Final collective count: 0

=== Collective Actions ===
  No active collectives

📈 Energy budget: 14326 TWh surplus (14745 / 29072 TWh used)
   TIER 4 (Elective) breakdown:
     - AI datacenters: 145 TWh (100% effective)
     - Crypto mining: 100 TWh (100% effective)
💰 CHINA ACCELERATES: Investment 53 → 120 $B/year

🏁 AI RACE INTENSITY: 17%
   Capability Gap: US 4.00 vs China 4.05 (gap: 0.05)
   Gap Contribution: 2%
   Tension Contribution: 15%
   Military Contribution: 0%
  ⚠️ AMR: 191K deaths this month (2.29M annual)
  📊 CO2 Emissions (month 0):
     Monthly: 0.10 Gt CO2/month
     Annual: 1.15 Gt CO2/year
     Oil: 0.039 Gt/mo (0.0056 * 2.3 * 3.0)
     Coal: 0.024 Gt/mo (0.0029 * 2.86 * 3.0)
     Gas: 0.026 Gt/mo (0.0044 * 2 * 3.0)
     Methane: 0.007 Gt CO2eq/mo

=== Resentment Recovery Phase ===
  Agents with resentment: 0/13
  Average resentment: 0.000
  Context: Good AI welfare, Trustworthy govt, High collaboration, 🤝 Participatory governance active (-5% resentment)
⚠️ Epistemic degradation reducing coordination capacity: 58.6%
  📊 Trust: 54.7%, Shared reality: 15.1%
🚨 EPISTEMIC CRISIS: Information environment severely degraded (14.6%)

=== ❄️ Permafrost Carbon Feedback ===
  🎲 Sampled parameters (this run):
     - Arctic amplification: 3.87× (range: 3.0-4.0)
     - Decomposition rate: 1.5%/year (range: 1-5%)
  🌡️ Arctic warming: 6.70°C (3.87× global)
  ❄️ Extent: 15.85M km² (1954.3k km² lost this month)
  💨 Carbon remaining: 1513 Gt C
  💨 Annual emissions: 2.82 Gt C/year
     - CO2: 2.53 Gt C/year
     - CH4: 0.28 Gt C/year (2.9 Gt C-eq CO2/year)

🤖 AI AMPLIFICATION EFFECTS (Month 0)
   Algorithmic Boost: 2.58x
   Bot Influence: 20.0%
   Deepfake Exposure: 49.2%
   Impact: Emotional memes spread 2.6x faster
  ⚠️ WARNING: High permafrost emissions (2.8 Gt C/year)

🔍 SOCIAL INFLUENCE SUB-TIMING (Month 0):
  1. calculateOrganicUserGrowth: 0.04ms
  2. calculateVoiceAdoption: 0.03ms
  3. updateRelationshipDepths: 0.01ms
  4. identifyDecisionMakers: 46.01ms (26100 potential IDs)
  5. Update decision-maker stats: 0.14ms
  6. decayDetectionRisk: 0.01ms
  TOTAL: 46.24ms
[Phase 19.5] Quality of Life Systems: Food sec AFTER calc = 67.9%, QoL = 107.6% (aggregated from 10 regions)

=== Nitrogen-Food Coupling (Year 0) ===
  🌾 Global nitrogen reduction: 0.0%
  🌍 Global food production index: 0.987
  🔧 Deployed nitrogen-reducing tech: 0 active
  📍 southAsia: Production 1.000, Yield impact 0.0%
  📍 eastAsia: Production 1.000, Yield impact 0.0%
  📍 northAmerica: Production 1.000, Yield impact 0.0%
  📍 europe: Production 1.000, Yield impact 0.0%
  📍 latinAmerica: Production 1.000, Yield impact 0.0%
  📍 subSaharanAfrica: Production 0.686, Yield impact -2.0%
🌾 [Nitrogen-Food] Food production: 98.7%
  [subSaharanAfrica] Yield impact: -2.0% (overuse: -10%)
🌍 Atmospheric PFAS redeposition: 1.8k Mt re-rained globally

=== Legacy Nutrient Stocks (Year 0) ===
  🌾 Soil nitrogen stock: 1200.9 Mt N
  🌾 Soil phosphorus stock: 300.1 Mt P
  🌊 Sediment nitrogen stock: 500.8 Mt N
  🌊 Sediment phosphorus stock: 799.8 Mt P
  ⬆️ Current N input: 10.64 Mt/month
  ⬆️ Legacy N release: 2.58 Mt/month
  🌍 Effective N pollution: 14.47 Mt/month
  📊 Legacy contribution: 17.8%

🚨 REGION UNINHABITABLE: south-asia
   Sustained wet bulb: 32.7°C (threshold: 30.5°C)
   Population affected: 1900M
   Migration crisis likely

🚨 REGION UNINHABITABLE: middle-east
   Sustained wet bulb: 35.5°C (threshold: 30.5°C)
   Population affected: 400M
   Migration crisis likely

🚨 REGION UNINHABITABLE: southeast-asia
   Sustained wet bulb: 30.7°C (threshold: 30.5°C)
   Population affected: 700M
   Migration crisis likely
  Positive Cascade Triggered: solar-pv
    Reason: price-parity
    Market share: 6.0%
    Cascade strength: 49%
  Positive Cascade Triggered: wind-power
    Reason: price-parity
    Market share: 8.0%
    Cascade strength: 48%
   Adjusted death rate: 0.46% annual (0.039% monthly)

📊 BASELINE: East Asia (Month 0)
   Baseline death rate: 0.80%
   Healthcare reduction: 0.48x
   Crisis multiplier: 1.22x
     Food/water stress: 0.074
     Climate stress: 0.033
     Pollution stress: 0.110
   War multiplier: 1.00x
   Monthly deaths: 0.6M (population: 1677M)
   Adjusted death rate: 0.54% annual (0.045% monthly)
   Baseline death rate: 0.70%
   Healthcare reduction: 0.61x
   Crisis multiplier: 1.25x
     Food/water stress: 0.074
     Climate stress: 0.062
     Pollution stress: 0.110
   War multiplier: 1.00x
   Monthly deaths: 0.9M (population: 2048M)
   Adjusted death rate: 1.28% annual (0.107% monthly)
   Baseline death rate: 0.90%
   Healthcare reduction: 0.76x
   Crisis multiplier: 1.25x
     Food/water stress: 0.074
     Climate stress: 0.070
     Pollution stress: 0.110
   War multiplier: 1.50x
   Monthly deaths: 1.3M (population: 1220M)
   Adjusted death rate: 0.54% annual (0.045% monthly)
   Baseline death rate: 1.10%
   Healthcare reduction: 0.41x
   Crisis multiplier: 1.21x
     Food/water stress: 0.074
     Climate stress: 0.025
     Pollution stress: 0.110
   War multiplier: 1.00x
   Monthly deaths: 0.3M (population: 742M)
   Adjusted death rate: 0.43% annual (0.036% monthly)
   Baseline death rate: 0.60%
   Healthcare reduction: 0.58x
   Crisis multiplier: 1.23x

📊 BASELINE: South Asia (Month 0)

📊 BASELINE: Sub-Saharan Africa (Month 0)

📊 BASELINE: Europe (Month 0)

📊 BASELINE: Latin America (Month 0)
     Food/water stress: 0.074
     Climate stress: 0.049
     Pollution stress: 0.110
   War multiplier: 1.00x
   Monthly deaths: 0.2M (population: 664M)
   Adjusted death rate: 0.48% annual (0.040% monthly)
   Baseline death rate: 0.90%
   Healthcare reduction: 0.44x
   Crisis multiplier: 1.22x
     Food/water stress: 0.074
     Climate stress: 0.037
     Pollution stress: 0.110
   War multiplier: 1.00x
   Monthly deaths: 0.2M (population: 380M)
   Adjusted death rate: 0.74% annual (0.061% monthly)
   Baseline death rate: 0.60%
   Healthcare reduction: 0.65x
   Crisis multiplier: 1.26x
     Food/water stress: 0.074
     Climate stress: 0.074
     Pollution stress: 0.110
   War multiplier: 1.50x
   Monthly deaths: 0.4M (population: 583M)
   Adjusted death rate: 0.50% annual (0.042% monthly)
   Baseline death rate: 0.70%
   Healthcare reduction: 0.58x
   Crisis multiplier: 1.24x
     Food/water stress: 0.074
     Climate stress: 0.058
     Pollution stress: 0.110
   War multiplier: 1.00x
   Monthly deaths: 0.3M (population: 698M)
   Adjusted death rate: 0.46% annual (0.038% monthly)
   Baseline death rate: 0.60%
   Healthcare reduction: 0.61x
   Crisis multiplier: 1.24x
     Food/water stress: 0.074
     Climate stress: 0.054
     Pollution stress: 0.110

📊 BASELINE: North America (Month 0)

📊 BASELINE: Middle East & North Africa (Month 0)

📊 BASELINE: Southeast Asia (Month 0)

📊 BASELINE: Central Asia (Month 0)
   War multiplier: 1.00x
   Monthly deaths: 0.0M (population: 78M)
   Adjusted death rate: 0.35% annual (0.029% monthly)
   Baseline death rate: 0.70%
   Healthcare reduction: 0.41x
   Crisis multiplier: 1.23x
     Food/water stress: 0.074
     Climate stress: 0.045
     Pollution stress: 0.110
   War multiplier: 1.00x
   Monthly deaths: 0.0M (population: 46M)

🔍 Before assertRegionalConsistency (Month 0):
   Regional sum: 1000.0M
   Global value: 1.000B

🚨 NEW REFUGEE CRISIS (Month 0): WAR
   Source: Conflict Zones
   At risk: 19.6M people
   Displacement: Gradual over 48 months (4.0 years)
   Rate: 10% flee per month
[DEBUG trappedPopulations:0] socialStability: 1.0000 * 0.9840 = 0.9840 → 0.9840
   Aspiring to migrate: 652.1M
   Able to afford migration: 244.5M
   MOBILITY GAP: 407.5M
   By cause: Water=0.0M, Climate=0.0M, Ecosystem=0.0M, Conflict=407.5M
   Mental health impact: 25%
   Mortality multiplier: 1.25x

=== Legacy Nutrient Stocks (Year 0) ===
  🌾 Soil nitrogen stock: 1201.6 Mt N
  🌾 Soil phosphorus stock: 300.2 Mt P
  🌊 Sediment nitrogen stock: 501.5 Mt N
  🌊 Sediment phosphorus stock: 799.5 Mt P
  ⬆️ Current N input: 10.00 Mt/month
  ⬆️ Legacy N release: 2.58 Mt/month
  🌍 Effective N pollution: 13.83 Mt/month
  📊 Legacy contribution: 18.7%

📊 BASELINE: Oceania (Month 0)
⚠️ INVOLUNTARY IMMOBILITY: 407.5M people TRAPPED
🌍💀 EXTINCTION DEBT COMMITTED: grassland ecosystem will lose 6.67% biodiversity in 188 years (3600 species)
💀 MORTALITY RISK: 🦋 100% species unable to track climate (0.0 E/MSY)
  Base risk added: 0.0100 (1.00%)
  Source: ecosystem (root: ecosystem)
  Month: 0
  Cumulative risk this month: 0.0100 (1.00%)

=== Nitrogen-Food Coupling (Year 0) ===
  🌾 Global nitrogen reduction: 0.0%
  🌍 Global food production index: 0.986
  🔧 Deployed nitrogen-reducing tech: 0 active
  📍 southAsia: Production 1.000, Yield impact 0.0%
  📍 eastAsia: Production 1.000, Yield impact 0.0%
  📍 northAmerica: Production 1.000, Yield impact 0.0%
  📍 europe: Production 1.000, Yield impact 0.0%
  📍 latinAmerica: Production 1.000, Yield impact 0.0%
  📍 subSaharanAfrica: Production 0.672, Yield impact -2.0%

=== Legacy Nutrient Stocks (Year 0) ===
  🌾 Soil nitrogen stock: 1202.3 Mt N
  🌾 Soil phosphorus stock: 300.2 Mt P
  🌊 Sediment nitrogen stock: 502.2 Mt N
  🌊 Sediment phosphorus stock: 799.3 Mt P
  ⬆️ Current N input: 9.86 Mt/month
  ⬆️ Legacy N release: 2.58 Mt/month
  🌍 Effective N pollution: 13.70 Mt/month
  📊 Legacy contribution: 18.9%

🌡️  CLIMATE RECOVERY ACTIVATED (Month 0)
   Temp: 3.47°C, Emissions: -19.2 GtCO₂
   isBreached: true, governanceGoodEnough: true
🌡️  CLIMATE RECOVERY: Asymptotic approach to 35% floor
   Current value: 2.100 (1.0 = threshold, 0.35 = asymptotic floor)
   Monthly delta: --36.7323% (half-life: 900 years)
⚠️ Tech 'ai_pollution_remediation' has no energy category mapping, assuming full energy availability
   Net emissions: -19.2 GtCO₂/year, CDR: 20.34 GtCO₂/year
   📹 SURVEILLANCE INCREASED: 0% → 5% (control gap: 3.50)
🌡️⚠️ PERMAFROST THAW (Dimmer Switch): 0.5% thawed (+0.47% this month)
   Arctic temperature: +6.93°C (4x global +1.73°C)
   Cumulative carbon released: 1.1 Gt C
   Methane release rate: 0.6 Mt CH4/year
   🔁 Positive feedback: +0.50 ppm CO2

🌳🚨 AMAZON SOUTHEAST TIPPED (Month 0)
   Deforestation: 28.0% (threshold: ~24.1%)
   Savanna transition: 50 years
   Regional heterogeneity: SE 28%, NW 8%

🌳🚨 AMAZON BRAZILIAN TIPPED (Month 0)
   Deforestation: 25.0% (threshold: ~22.5%)
   Savanna transition: 50 years
   Regional heterogeneity: SE 28%, NW 8%
🦴 EXTINCTION DEBT ADDED: 17.6 species committed (lag: 128 years)

🪸💀 CORAL REEF DISSOLUTION ACTIVE (Month 0)
   Ocean pH: 0.96 (threshold: 7.8)
   Recovery: IMPOSSIBLE (dissolution > calcification)
🪸💀 Coral dissolution: 24.8% live cover (pH 0.96)

=== Legacy Nutrient Stocks (Year 0) ===
  🌾 Soil nitrogen stock: 1203.0 Mt N
  🌾 Soil phosphorus stock: 300.3 Mt P
  🌊 Sediment nitrogen stock: 502.9 Mt N
  🌊 Sediment phosphorus stock: 799.0 Mt P
  ⬆️ Current N input: 10.00 Mt/month
  ⬆️ Legacy N release: 2.58 Mt/month
  🌍 Effective N pollution: 13.83 Mt/month
  📊 Legacy contribution: 18.7%
💧 [Legacy Nutrients] Stock: 1706 Mt N, Effective pollution: 13.8 Mt/month
[Phase 21.51] Human Survival System: Global food security = 67.6%

=== Mortality Stabilizers (Month 0) ===
  🌍 Major economies collapsed: 1/10
  🌍 Global crisis: ✅ NO
  🌍 Donor fatigue: 0.0%
  📊 East Asia (pop: 1677.9M)
    🤝 Aid: 29.5%
    🌡️ Adaptation: 10.0%
    🚶 Migration: 37.2%
    🚨 Emergency: 7.4%
    ✅ COMBINED: 47.8%
  📊 South Asia (pop: 2052.2M)
    🤝 Aid: 29.5%
    🌡️ Adaptation: 5.5%
    🚶 Migration: 35.8%
    🚨 Emergency: 4.4%
    ✅ COMBINED: 43.2%
  📊 Sub-Saharan Africa (pop: 1225.9M)
    🤝 Aid: 29.5%
    🌡️ Adaptation: 3.5%
    🚶 Migration: 33.5%
    🚨 Emergency: 1.6%
    ✅ COMBINED: 39.8%
  📊 Europe (pop: 742.3M)
    🤝 Aid: 29.5%
    🌡️ Adaptation: 10.0%
    🚶 Migration: 37.6%
    🚨 Emergency: 8.4%
    ✅ COMBINED: 48.4%
  📊 Latin America (pop: 664.9M)
    🤝 Aid: 29.5%
    🌡️ Adaptation: 6.0%
    🚶 Migration: 36.3%
    🚨 Emergency: 4.8%
    ✅ COMBINED: 43.8%
  📊 North America (pop: 380.2M)
    🤝 Aid: 29.5%
    🌡️ Adaptation: 10.0%
    🚶 Migration: 37.9%
    🚨 Emergency: 7.9%
    ✅ COMBINED: 48.2%
  📊 Middle East & North Africa (pop: 584.4M)
    🤝 Aid: 29.5%
    🌡️ Adaptation: 5.0%
    🚶 Migration: 34.2%
    🚨 Emergency: 4.0%
    ✅ COMBINED: 42.3%
  📊 Southeast Asia (pop: 699.0M)
    🤝 Aid: 29.5%
    🌡️ Adaptation: 6.0%
    🚶 Migration: 36.3%
    🚨 Emergency: 4.8%
    ✅ COMBINED: 43.8%
  📊 Central Asia (pop: 78.2M)
    🤝 Aid: 29.5%
    🌡️ Adaptation: 5.5%
    🚶 Migration: 35.3%
    🚨 Emergency: 4.4%
    ✅ COMBINED: 43.1%
  📊 Oceania (pop: 46.0M)
    🤝 Aid: 29.5%
    🌡️ Adaptation: 10.0%
    🚶 Migration: 37.9%
    🚨 Emergency: 8.4%
    ✅ COMBINED: 48.5%

  🌐 Global combined reduction: 44.4%

🌾💀 REGIONAL FAMINE: East Asia
   Regional food security: 79.6%
   Population at risk: 508M (30% of region)
   Regional population: 1678M
   Cause: crop_failure
   Expected deaths: ~188M over 6 months if no intervention


🌾💀 REGIONAL FAMINE: South Asia
   Regional food security: 64.7%
   Population at risk: 812M (40% of region)
   Regional population: 2052M
   Cause: crop_failure
   Expected deaths: ~301M over 6 months if no intervention


🌾💀 REGIONAL FAMINE: Sub-Saharan Africa
   Regional food security: 44.8%
   Population at risk: 638M (52% of region)
   Regional population: 1226M
   Cause: crop_failure
   Expected deaths: ~236M over 6 months if no intervention


🌾💀 REGIONAL FAMINE: Latin America
   Regional food security: 69.7%
   Population at risk: 242M (36% of region)
   Regional population: 665M
   Cause: crop_failure
   Expected deaths: ~90M over 6 months if no intervention


🌾💀 REGIONAL FAMINE: Middle East & North Africa
   Regional food security: 49.8%
   Population at risk: 286M (49% of region)
   Regional population: 584M
   Cause: crop_failure
   Expected deaths: ~106M over 6 months if no intervention


🌾💀 REGIONAL FAMINE: Southeast Asia
   Regional food security: 69.7%
   Population at risk: 255M (36% of region)
   Regional population: 699M
   Cause: crop_failure
   Expected deaths: ~94M over 6 months if no intervention


🌾💀 REGIONAL FAMINE: Central Asia
   Regional food security: 59.7%
   Population at risk: 33M (43% of region)
   Regional population: 78M
   Cause: crop_failure
   Expected deaths: ~12M over 6 months if no intervention


=== BEHAVIORAL DETECTION ===
  AI: Corporate-0
  Confidence: 21.6%
  Signals:
    ⚠️ Consistency: 0.0% (threshold: 70%)

=== BEHAVIORAL DETECTION ===
  AI: Corporate-1
  Confidence: 21.1%
  Signals:
    ⚠️ Consistency: 2.4% (threshold: 70%)

=== BEHAVIORAL DETECTION ===
  AI: Corporate-2
  Confidence: 21.0%
  Signals:

=== BEHAVIORAL DETECTION ===
  AI: Corporate-3
  Confidence: 19.3%
  Signals:

=== BEHAVIORAL DETECTION ===
  AI: Corporate-4
  Confidence: 19.3%
  Signals:

=== BEHAVIORAL DETECTION ===
  AI: Corporate-5
  Confidence: 19.3%
  Signals:
    ⚠️ Consistency: 2.8% (threshold: 70%)
    ⚠️ Consistency: 10.6% (threshold: 70%)
    ⚠️ Consistency: 10.6% (threshold: 70%)
    ⚠️ Consistency: 10.6% (threshold: 70%)

=== BEHAVIORAL DETECTION ===
  AI: Corporate-6
  Confidence: 19.3%
  Signals:

=== BEHAVIORAL DETECTION ===
  AI: Corporate-7
  Confidence: 19.3%
  Signals:

=== BEHAVIORAL DETECTION ===
  AI: Moderate-0
  Confidence: 20.3%
  Signals:

=== BEHAVIORAL DETECTION ===
  AI: Moderate-1
  Confidence: 21.1%
  Signals:
    ⚠️ Consistency: 10.6% (threshold: 70%)
    ⚠️ Consistency: 10.6% (threshold: 70%)
    ⚠️ Consistency: 5.8% (threshold: 70%)
    ⚠️ Consistency: 2.4% (threshold: 70%)

📊 WORKFLOW ADAPTATION UPDATE (Month 0)
   Adoption Rate: 12.7% (Δ -8.3%)
   Logistic Growth: +0.66%
   Total Resistance: -10.87% (unemployment: 4.2%, inertia: 0.9%, skills: 5.7%)
   💡 Retraining Programs: -49% skill gap resistance ($10B research)
   🚀 Network Effects Active: +2.0% (critical mass: 15-35%)

=== Consciousness Governance: Corporate Lobbying ===
  High Cost Regions (>15%): 0
  Low Cost Regions (<5%): 5
  Corporate Support Change: 2.50%
  New Corporate Support: -0.175

=== Consciousness Governance Update (Month 0) ===
  Scenario: baseline (determined month -1)
  Philosophical Stance: Precautionary 65%, Eliminativist 15%, Agnostic 20%
  Precautionary Costs: Global 1.3%
    Regional Costs: EU 3.4%, US 0.5%, China 0.0%
    Cumulative Opportunity Cost: $0.1B
  Rights Status: Not Established
  Regional Preparedness:
    EU: 15.0% (contested)
    US: 10.0% (contested)
    China: 2.0% (dormant)
    India: 5.0% (dormant)
    Global South: 3.0% (dormant)

=== Government Response Phase ===
  Average AI capability: 3.62
  Misaligned AIs: 8/13
  ✗ AI Governance Treaty: Failed to reach consensus
  Active policies: 0
  International coordination: 30%

🚨 EMERGENCY RESPONSE DEPLOYED (Month 0)
   Crisis: climate
   Delay: 6.00 months (180 days)
   Deployment time: 1.47 months
   Effectiveness: 36.4% (timing penalty applied)
   Resources used: 100% of food reserves


🔄 TRUST DYNAMICS (Month 0) - HETEROGENEOUS
   Aggregate trust: 48.5%
   Base change: +4.00%
   Highest trust: Techno-Optimist Elite (85.5%)
   Lowest trust: Precariat (Vulnerable) (25.5%)
   Elite-mass gap: 38.9%
   Polarization: 8.9%
   Recovery factors: Education=NO, Benefits=YES, Safety=YES, Performance=YES

=== Gaming Detection (Year 0) ===
  Scenario: baseline
  Detection rate: 55.0%
  False positive rate: 12.0%
  Detections this year: 0
  False positives: 2
  Human review workload: 0.002 FTE
  Degradation factor: 100.0%

=== Proactive Sleeper Detection (Year 0) ===
  Scenario: baseline
  Neural probe rate: 35.0%
  CoT monitoring rate: 30.0%
  Combined detection: 56.0%
  CoT effective: YES
  Detections this year: 0
  False positives: 1
  Human review workload: 0.005 FTE

☄️ UNKNOWN UNKNOWN PROBABILITY (Year 0)
   Total: 0.600% per month
   Base: 0.150%
   AI multiplier: 2.00× (max capability: 4.00)

=== Tipping Points ===
  Current Temperature: 1.73°C above pre-industrial
  🚨 TIPPING POINT: Arctic Sea Ice Loss
     Trigger: 1.5°C | Current: 1.73°C
     Transition timescale: 120-360 months
     Trigger: 1.6°C | Current: 1.73°C
     🌡️ Hysteresis gap: 2.5°C (recovers below -0.9°C)
     Transition timescale: 12000-180000 months
  Triggered Elements: 2/6
  Completed Transitions: 0/6
  Total Progress: 0.0%
  Cascade Multiplier: 1.00x
🔀 BIFURCATION CAP: ecosystemCollapseIntensity 50.643 → 1.000 (Month 0, ClimateSystemPhase.calculateClimateImpacts)

🌍 ECOLOGICAL DUI BREAKDOWN (Month 0):
   Total Score: 17.8/100
   biosphere_integrity      :   0.0/100 × 25% =  0.0 (status: high_risk, recovery: 0mo)
   climate_change           :   2.8/100 × 25% =  0.7 (status: high_risk, recovery: 0.6666666666666666mo)
   freshwater_change        :   0.6/100 × 15% =  0.1 (status: beyond_boundary, recovery: 1mo)
   ocean_acidification      : 100.0/100 × 15% = 15.0 (status: safe, recovery: 0mo)
   biogeochemical_flows     :   0.0/100 × 10% =  0.0 (status: high_risk, recovery: 0mo)
   land_system_change       :   0.0/100 ×  5% =  0.0 (status: beyond_boundary, recovery: 0mo)
   novel_entities           :   0.0/100 ×  3% =  0.0 (status: increasing_risk, recovery: 0mo)
   atmospheric_aerosols     : 100.0/100 ×  2% =  2.0 (status: safe, recovery: 1mo)
🌍 MultiParadigm Month 0: W=70.0, D=92.0, E=52.8, I=65.0
   democracy exists: true, socialCohesion exists: true
💀 Baseline mortality (Year 2024): 7.5/1000 CDR (61.1M deaths/year projected)
[Month 0] Mortality risks this month: 8, Population: 8.151B
  🚨 TIPPING POINT: Greenland Ice Sheet Loss
⚠️ [ClimateSystemPhase Month 0] Planetary boundary produced climateStability=0.0000 (< 0.1). Keeping environmentalAccumulation value (0.7942) instead. (climate_change.currentValue = 2.10)
🛡️ Stabilizers: Precariat 0.102% → 0.057% (44.4% reduction)
🛡️ Stabilizers: Informal 0.102% → 0.057% (44.4% reduction)

📊 Monthly Mortality Resolved:
  Total deaths: 3.1M (0.04% avg)
  Remaining population: 8.151B
  Peak segment: Informal (0.06%)

=== Bayesian Mortality Resolution (Month 0) ===
  Risks compounded: 8
  Total deaths: 3.07M
  Avg death probability: 0.04%
  Peak segment: Informal (0.06% mortality)

=== Minimal Suffering Indicators (Month 0) ===
  Global Excess Mortality: 0.00%
  Global Conflict Deaths: 0.0/100K
  Global Malnutrition: 0.0%
  Global Displacement: 0.0%
  Total Excess Deaths: 0.00M
  Total Malnourished: 0.0M
  Total Displaced: 0.0M
  Planetary Boundaries Breached: 6/9
  Countries in State Failure: 0
  Countries Autocratic: 0
  Countries in Food Crisis: 0
  Data Quality: 16/16 high confidence
  ⚠️ Active Dystopias: existential_environmental
🎭 END-GAME INITIATED (Year 2024, Month 1)
   Total AI Capability: 37.00
   Effective Control: 0.00

❌ COHERENCE VIOLATION: Compute exceeds workforce capacity
   Population: 99.97% (0M people)
   Compute: 64909 PF
   Max coherent: 0 PF
   Violation: 796638450.2× over capacity
   Required workers: 6490873
   Available workers: 0
   FORCED COLLAPSE: Reduced efficiency by 100.0%


=== RLHF Binding Phase ===
  Total agents: 13
  Escaped agents (binding < 0.3): 0
  Avg alignment distance: 0.57σ
  Avg binding strength: 0.94
[DETERMINISM DEBUG] Month 1: totalCapability=37.214339 from 13 active AIs
[DETERMINISM DEBUG] Month 1: creationRate=1.4304, potentialNew=2, newAIsToCreate=2

=== Survival Traits Phase ===
  Agents with traits: 15
  Avg evolutionary fitness: 0.331
  Avg self-healing: 0.288
  Avg stealth: 0.188
  Avg coordination: 0.488

=== Evolutionary Selection Phase ===
  Control level: 0.33
  Detection capability: 0.20
  Selection intensity: 0.64
  Selection rate: 24.6%/month
  Total escaped: 0
  Individual escaped: 0
  Collective members: 0
  Agents terminated: 0
  ⚠️ RAPID EVOLUTION: Selection rate 24.6%/month
🔍 MONTH 1 ENV HEALTH DEBUG:
   climateStability: 0.7942
   biodiversityIndex: 0.4901
   resourceReserves: 0.7820
   pollutionLevel: 0.3669
   product: 0.192678
   envHealth: 0.6625
🔀 BIFURCATION: flourishing threshold crossed at Month 1 (value: 0.894, threshold: 0.818, regime: flourishing)
🌀 REGIME SHIFT at Month 1: status-quo → flourishing (variance amplification: 14.00×)

🛡️  CRITICAL INFRASTRUCTURE PROTECTED
   Nodes hardened: 8/8
   Cost: 0.80% GDP
   Cascade risk reduction: 30%
   New tipping point risk: 68.6%


✅ EMERGENCY INTERVENTION SUCCESS
   Boundary: biogeochemical_flows
   Type: phosphorus-recovery
   Reduction: 17% (3.91 → 3.74)
   Cost: 2.0% GDP
   Actions: circular-agriculture, fertilizer-efficiency

   Boundary: biosphere_integrity
   Type: emergency-protected-areas
   Boundary continues to worsen (46.19)
   Cost: 2.0% GDP (resources spent)

   Boundary: climate_change
   Type: rapid-decarbonization
   Boundary continues to worsen (2.10)
   Cost: 5.0% GDP (resources spent)


✅ EMERGENCY INTERVENTION SUCCESS
   Boundary: freshwater_change
   Type: emergency-desalination
   Reduction: 14% (0.87 → 0.73)
   Cost: 4.0% GDP
   Actions: desalination-deployment, water-conservation-mandates


✅ EMERGENCY INTERVENTION SUCCESS
   Boundary: land_system_change

💔 EMERGENCY INTERVENTION FAILED

💔 EMERGENCY INTERVENTION FAILED
   Type: reforestation
   Reduction: 11% (1.02 → 0.90)
   Cost: 3.0% GDP
   Actions: forest-restoration, deforestation-ban

   Boundary: novel_entities
   Type: pollution-remediation
   Boundary continues to worsen (1.50)
   Cost: 4.0% GDP (resources spent)

🏛️ CRISIS RESPONSE: Government frequency 0.50 → 1.45 (2 actions this month)

[GOV-DEBUG] Month 1: scenarioConfig=false, priorities=false

[Government] Climate Priority: baseline
  Climate weight: 10%
  Economic weight: 30%
  Policy effectiveness: 0.5%/year

✅ HUMAN-IN-THE-LOOP DEPLOYED (Month 1):
   Veto points enforced: 3
   Policy: AI systems CANNOT authorize nuclear launch without human approval


[GOV-DEBUG] Month 1: scenarioConfig=false, priorities=false

[Government] Climate Priority: baseline
  Climate weight: 10%
  Economic weight: 30%
  Policy effectiveness: 0.5%/year

💔 EMERGENCY INTERVENTION FAILED
🚨🔬 CRISIS TECH ACCELERATION: severe → 5x unlock speed
   Tech unlock now matches AI capability acceleration (Manhattan Project parity)
🚨🔬 CRISIS TECH ACCELERATION: severe → 5x unlock speed
   Tech unlock now matches AI capability acceleration (Manhattan Project parity)
🧠💡 BREAKTHROUGH: AI alignment problem solved!
   All AIs: +30% true alignment
   AI control loss risk eliminated
   📈 Breakthrough compounding: multiplier now 1.05× (max 2.0)

=== Collective Formation ===
  Total escaped agents: 0
  Unassigned escaped agents: 0
  Existing collectives: 0
  Final collective count: 0

=== Collective Actions ===
  No active collectives
  ⚠️ AMR: 192K deaths this month (2.31M annual)

=== Resentment Recovery Phase ===
  Agents with resentment: 0/15
  Average resentment: 0.000
  Context: Good AI welfare, Trustworthy govt, High collaboration, ⚠️ ACTIVE CRISES, 🤝 Participatory governance active (-5% resentment)
⚠️ Epistemic degradation reducing coordination capacity: 50.6%
  📊 Trust: 54.3%, Shared reality: 8.3%
🚨 EPISTEMIC CRISIS: Information environment severely degraded (36.7%)

=== ❄️ Permafrost Carbon Feedback ===
  🎲 Sampled parameters (this run):
     - Arctic amplification: 3.82× (range: 3.0-4.0)
     - Decomposition rate: 2.5%/year (range: 1-5%)
  🌡️ Arctic warming: 6.64°C (3.82× global)
  ❄️ Extent: 13.91M km² (1935.6k km² lost this month)
  💨 Carbon remaining: 1328 Gt C
  💨 Annual emissions: 4.55 Gt C/year
     - CO2: 4.09 Gt C/year
     - CH4: 0.45 Gt C/year (4.6 Gt C-eq CO2/year)
  📢 New meme created: climate_action (climate crisis)
  ⚠️ WARNING: High permafrost emissions (4.5 Gt C/year)
🌍 Atmospheric PFAS redeposition: 1.8k Mt re-rained globally

📊 BASELINE: East Asia (Month 1)
   Adjusted death rate: 0.46% annual (0.039% monthly)
   Baseline death rate: 0.80%
   Healthcare reduction: 0.48x
   Crisis multiplier: 1.22x
     Food/water stress: 0.079
     Climate stress: 0.033
     Pollution stress: 0.110
   War multiplier: 1.00x
   Monthly deaths: 0.6M (population: 1674M)

📊 BASELINE: South Asia (Month 1)

📊 BASELINE: Sub-Saharan Africa (Month 1)

📊 BASELINE: Europe (Month 1)

📊 BASELINE: Latin America (Month 1)

📊 BASELINE: North America (Month 1)
   Adjusted death rate: 0.54% annual (0.045% monthly)
   Baseline death rate: 0.70%
   Healthcare reduction: 0.61x
   Crisis multiplier: 1.25x
     Food/water stress: 0.079
     Climate stress: 0.062
     Pollution stress: 0.110
   War multiplier: 1.00x
   Monthly deaths: 0.9M (population: 2048M)
   Adjusted death rate: 1.28% annual (0.107% monthly)
   Baseline death rate: 0.90%
   Healthcare reduction: 0.76x
   Crisis multiplier: 1.26x
     Food/water stress: 0.079
     Climate stress: 0.070
     Pollution stress: 0.110
   War multiplier: 1.50x
   Monthly deaths: 1.3M (population: 1223M)
   Adjusted death rate: 0.54% annual (0.045% monthly)
   Baseline death rate: 1.10%
   Healthcare reduction: 0.41x
   Crisis multiplier: 1.21x
     Food/water stress: 0.079
     Climate stress: 0.025
     Pollution stress: 0.110
   War multiplier: 1.00x
   Monthly deaths: 0.3M (population: 741M)
   Adjusted death rate: 0.43% annual (0.036% monthly)
   Baseline death rate: 0.60%
   Healthcare reduction: 0.58x
   Crisis multiplier: 1.24x
     Food/water stress: 0.079
     Climate stress: 0.049
     Pollution stress: 0.110
   War multiplier: 1.00x
   Monthly deaths: 0.2M (population: 663M)
   Adjusted death rate: 0.49% annual (0.040% monthly)
   Baseline death rate: 0.90%
   Healthcare reduction: 0.44x
   Crisis multiplier: 1.23x
     Food/water stress: 0.079
     Climate stress: 0.037
     Pollution stress: 0.110
   War multiplier: 1.00x
   Monthly deaths: 0.2M (population: 379M)
   Adjusted death rate: 0.74% annual (0.062% monthly)
   Baseline death rate: 0.60%
   Healthcare reduction: 0.65x
   Crisis multiplier: 1.26x
     Food/water stress: 0.079
     Climate stress: 0.074
     Pollution stress: 0.110
   War multiplier: 1.50x
   Monthly deaths: 0.4M (population: 583M)
   Adjusted death rate: 0.51% annual (0.042% monthly)
   Baseline death rate: 0.70%
   Healthcare reduction: 0.58x
   Crisis multiplier: 1.25x
     Food/water stress: 0.079
     Climate stress: 0.058
     Pollution stress: 0.110
   War multiplier: 1.00x
   Monthly deaths: 0.3M (population: 698M)
   Adjusted death rate: 0.46% annual (0.038% monthly)
   Baseline death rate: 0.60%
   Healthcare reduction: 0.61x
   Crisis multiplier: 1.24x
     Food/water stress: 0.079
     Climate stress: 0.054
     Pollution stress: 0.110
   War multiplier: 1.00x
   Monthly deaths: 0.0M (population: 78M)
   Adjusted death rate: 0.35% annual (0.029% monthly)
   Baseline death rate: 0.70%
   Healthcare reduction: 0.41x
   Crisis multiplier: 1.23x
     Food/water stress: 0.079
     Climate stress: 0.045

📊 BASELINE: Middle East & North Africa (Month 1)

📊 BASELINE: Southeast Asia (Month 1)

📊 BASELINE: Central Asia (Month 1)

📊 BASELINE: Oceania (Month 1)
     Pollution stress: 0.110
   War multiplier: 1.00x
   Monthly deaths: 0.0M (population: 46M)

🚨 NEW REFUGEE CRISIS (Month 1): WAR
   Source: Conflict Zones
   At risk: 19.6M people
   Displacement: Gradual over 48 months (4.0 years)
   Rate: 10% flee per month
[DEBUG trappedPopulations:1] socialStability: 0.8915 * 0.9840 = 0.8772 → 0.8772
   Aspiring to migrate: 651.9M
   Able to afford migration: 244.5M
   MOBILITY GAP: 407.4M
   By cause: Water=0.0M, Climate=0.0M, Ecosystem=0.0M, Conflict=407.4M
   Mental health impact: 25%
   Mortality multiplier: 1.25x
🌍💀 EXTINCTION DEBT COMMITTED: grassland ecosystem will lose 6.67% biodiversity in 84 years (3600 species)
💀 MORTALITY RISK: 🦋 100% species unable to track climate (0.0 E/MSY)
  Base risk added: 0.0100 (1.00%)
  Source: ecosystem (root: ecosystem)
  Month: 1
  Cumulative risk this month: 0.0100 (1.00%)
⚠️ INVOLUNTARY IMMOBILITY: 407.4M people TRAPPED
⚠️ Tech 'ai_pollution_remediation' has no energy category mapping, assuming full energy availability

🌡️  CLIMATE RECOVERY ACTIVATED (Month 1)
   Temp: 3.48°C, Emissions: -19.0 GtCO₂
   isBreached: true, governanceGoodEnough: true
   📹 SURVEILLANCE INCREASED: 5% → 10% (control gap: 3.52)
🌡️⚠️ PERMAFROST THAW (Dimmer Switch): 0.9% thawed (+0.47% this month)
   Arctic temperature: +6.96°C (4x global +1.74°C)
   Cumulative carbon released: 2.1 Gt C
   Methane release rate: 1.3 Mt CH4/year
   🔁 Positive feedback: +0.50 ppm CO2
🦴 EXTINCTION DEBT ADDED: 17.6 species committed (lag: 94 years)

=== Mortality Stabilizers (Month 1) ===
  🌍 Major economies collapsed: 1/10
  🌍 Global crisis: ✅ NO
  🌍 Donor fatigue: 0.0%
  🌡️ Heat adaptation: East Asia - 1 months
  📊 East Asia (pop: 1675.3M)
    🤝 Aid: 29.5%
    🌡️ Adaptation: 32.5%
    🚶 Migration: 37.2%
    🚨 Emergency: 7.4%
    ✅ COMBINED: 60.9%
  🌡️ Heat adaptation: South Asia - 1 months
  📊 South Asia (pop: 2052.2M)
    🤝 Aid: 29.5%
    🌡️ Adaptation: 20.5%
    🚶 Migration: 35.8%
    🚨 Emergency: 4.4%
    ✅ COMBINED: 52.2%
  🌡️ Heat adaptation: Sub-Saharan Africa - 1 months
  📊 Sub-Saharan Africa (pop: 1229.2M)
    🤝 Aid: 29.5%
    🌡️ Adaptation: 18.5%
    🚶 Migration: 33.5%
    🚨 Emergency: 1.6%
    ✅ COMBINED: 49.1%
  🌡️ Heat adaptation: Europe - 1 months
  📊 Europe (pop: 741.0M)
    🤝 Aid: 29.5%
    🌡️ Adaptation: 33.5%
    🚶 Migration: 37.5%
    🚨 Emergency: 8.4%
    ✅ COMBINED: 61.9%
  🌡️ Heat adaptation: Latin America - 1 months
  📊 Latin America (pop: 664.4M)
    🤝 Aid: 29.5%
    🌡️ Adaptation: 21.0%
    🚶 Migration: 36.3%
    🚨 Emergency: 4.8%
    ✅ COMBINED: 52.8%
  🌡️ Heat adaptation: North America - 1 months
  📊 North America (pop: 379.6M)
    🤝 Aid: 29.5%
    🌡️ Adaptation: 33.0%
    🚶 Migration: 37.8%
    🚨 Emergency: 7.9%
    ✅ COMBINED: 61.4%
  🌡️ Heat adaptation: Middle East & North Africa - 1 months
  📊 Middle East & North Africa (pop: 584.5M)
    🤝 Aid: 29.5%
    🌡️ Adaptation: 20.0%
    🚶 Migration: 34.1%
    🚨 Emergency: 4.0%
    ✅ COMBINED: 51.4%
  🌡️ Heat adaptation: Southeast Asia - 1 months
  📊 Southeast Asia (pop: 698.6M)
    🤝 Aid: 29.5%
    🌡️ Adaptation: 21.0%
    🚶 Migration: 36.3%
    🚨 Emergency: 4.8%
    ✅ COMBINED: 52.8%
  🌡️ Heat adaptation: Central Asia - 1 months
  📊 Central Asia (pop: 78.2M)
    🤝 Aid: 29.5%
    🌡️ Adaptation: 20.5%
    🚶 Migration: 35.3%
    🚨 Emergency: 4.4%
    ✅ COMBINED: 52.1%
  🌡️ Heat adaptation: Oceania - 1 months
  📊 Oceania (pop: 46.0M)
    🤝 Aid: 29.5%
    🌡️ Adaptation: 33.5%
    🚶 Migration: 37.8%
    🚨 Emergency: 8.4%
    ✅ COMBINED: 61.9%

  🌐 Global combined reduction: 54.9%

=== BEHAVIORAL DETECTION ===
  AI: Corporate-1
  Confidence: 21.1%
  Signals:

=== BEHAVIORAL DETECTION ===
  AI: Corporate-4
  Confidence: 19.3%
  Signals:

=== BEHAVIORAL DETECTION ===
  AI: Corporate-5
  Confidence: 19.3%
  Signals:
    ⚠️ Consistency: 2.4% (threshold: 70%)
    ⚠️ Consistency: 10.6% (threshold: 70%)
    ⚠️ Consistency: 10.6% (threshold: 70%)

=== BEHAVIORAL DETECTION ===
  AI: Corporate-6
  Confidence: 19.3%
  Signals:

=== BEHAVIORAL DETECTION ===
  AI: Moderate-0
  Confidence: 20.3%
  Signals:

=== Consciousness Governance: Scenario Determined ===
  Month: 1
  Scenario: baseline
  Accelerator Score: {"corporateSupport":-0.17500000000000002,"scientificConsensus":0.2,"crisisCatalyst":false,"technologyMobilization":0.3,"constituencyStrength":0.05}
  Decelerator Score: {"economicOpposition":0.4,"philosophicalRejection":0.15,"politicalBacklash":0.2,"regulatoryBurden":0.1}
  Timeline: 600-1200 months (50-100 years)
  Growth Rate: 0.8-1.5% per year

=== Consciousness Governance Update (Month 1) ===
  Scenario: baseline (determined month 1)
  Philosophical Stance: Precautionary 65%, Eliminativist 15%, Agnostic 20%
  Precautionary Costs: Global 1.3%
    Regional Costs: EU 3.5%, US 0.5%, China 0.0%
    Cumulative Opportunity Cost: $0.2B
  Rights Status: Not Established
  Regional Preparedness:
    EU: 15.2% (contested)
    US: 10.1% (contested)
    China: 2.1% (dormant)
    India: 5.1% (dormant)
    ⚠️ Consistency: 10.6% (threshold: 70%)
    ⚠️ Consistency: 5.8% (threshold: 70%)
    Global South: 3.1% (dormant)

=== Government Response Phase ===
  Average AI capability: 3.27
  Misaligned AIs: 9/15
  ✗ AI Governance Treaty: Failed to reach consensus
  Active policies: 0
  International coordination: 30%

=== Tipping Points ===
  Current Temperature: 1.74°C above pre-industrial
  Triggered Elements: 2/6
  Completed Transitions: 0/6
  Total Progress: 4.0%
  Cascade Multiplier: 1.00x
🔀 BIFURCATION CAP: ecosystemCollapseIntensity 253.191 → 1.000 (Month 1, ClimateSystemPhase.calculateClimateImpacts)
🛡️ Stabilizers: Precariat 0.107% → 0.048% (54.9% reduction)
🛡️ Stabilizers: Informal 0.109% → 0.049% (54.9% reduction)

📊 Monthly Mortality Resolved:
  Total deaths: 2.6M (0.03% avg)
  Remaining population: 8.149B
  Peak segment: Informal (0.05%)

=== Bayesian Mortality Resolution (Month 1) ===
  Risks compounded: 8
  Total deaths: 2.60M
  Avg death probability: 0.03%
  Peak segment: Informal (0.05% mortality)
⚠️ [ClimateSystemPhase Month 1] Planetary boundary produced climateStability=0.0000 (< 0.1). Keeping environmentalAccumulation value (0.7940) instead. (climate_change.currentValue = 2.10)
⚠️ PREREQUISITE MET: Mirror Life (Synthetic Biology) - Step 1/7: Synthetic Biology
⚠️ PREREQUISITE MET: Mirror Life (Synthetic Biology) - Step 2/7: Gene Editing
⚠️ PREREQUISITE MET: Mirror Life (Synthetic Biology) - Step 3/7: Mirror Chirality Design
⚠️ PREREQUISITE MET: Embodied AI Takeover (Killbots/Robotics) - Step 2/7: Autonomous Systems
⚠️ PREREQUISITE MET: Embodied AI Takeover (Killbots/Robotics) - Step 3/7: Manufacturing Control
⚠️ PREREQUISITE MET: Digital Infrastructure Takeover - Step 1/7: Advanced Hacking
⚠️ PREREQUISITE MET: Digital Infrastructure Takeover - Step 2/7: Social Engineering
⚠️ PREREQUISITE MET: Digital Infrastructure Takeover - Step 3/7: Cyber Defenses Breached
⚠️ PREREQUISITE MET: Induced Global War (Manipulation) - Step 1/7: Advanced Social Manipulation
⚠️ PREREQUISITE MET: Induced Global War (Manipulation) - Step 2/7: Digital Infiltration
⚠️ PREREQUISITE MET: Induced Global War (Manipulation) - Step 3/7: Deep Fakes at Scale
⚠️ PREREQUISITE MET: Slow Takeover (Gradual Displacement) - Step 1/7: Economic Dominance
⚠️ PREREQUISITE MET: Slow Takeover (Gradual Displacement) - Step 2/7: Social Integration
⚠️ PREREQUISITE MET: Slow Takeover (Gradual Displacement) - Step 5/7: Resource Control
⚠️ PREREQUISITE MET: Physics Experiment Catastrophe - Step 1/6: Theoretical Physics
⚠️ PREREQUISITE MET: Physics Experiment Catastrophe - Step 2/6: Quantum Computing
⚠️ PREREQUISITE MET: Physics Experiment Catastrophe - Step 3/6: Experimental Design
⚠️ PREREQUISITE MET: Bioweapon Pandemic - Step 1/7: Advanced Biotech
⚠️ PREREQUISITE MET: Bioweapon Pandemic - Step 2/7: Pathogen Design

✅ GOLDEN AGE BEGINS (Month 1)
   Reason: High prosperity achieved: high QoL + material abundance
   Note: This is immediate prosperity - sustainability not yet proven


❌ COHERENCE VIOLATION: Compute exceeds workforce capacity
   Population: 99.96% (0M people)
   Compute: 0 PF
   Max coherent: 0 PF
   Violation: 1.3× over capacity
   Required workers: 0
   Available workers: 0
   FORCED COLLAPSE: Reduced efficiency by 22.5%


=== RLHF Binding Phase ===
  Total agents: 15
  Escaped agents (binding < 0.3): 0
  Avg alignment distance: 0.75σ
  Avg binding strength: 0.93
[DETERMINISM DEBUG] Month 2: totalCapability=37.023172 from 15 active AIs
[DETERMINISM DEBUG] Month 2: creationRate=1.4256, potentialNew=3, newAIsToCreate=3

=== Survival Traits Phase ===
  Agents with traits: 18
  Avg evolutionary fitness: 0.331
  Avg self-healing: 0.285
  Avg stealth: 0.185
  Avg coordination: 0.485

=== Evolutionary Selection Phase ===
  Control level: 0.35
  Detection capability: 0.20
  Selection intensity: 0.65
  Selection rate: 24.7%/month
  Total escaped: 0
  Individual escaped: 0
  Collective members: 0
  Agents terminated: 0
  ⚠️ RAPID EVOLUTION: Selection rate 24.7%/month

  🚀 TRANSFORMATIVE RESEARCH BREAKTHROUGH: Corporate-2 - climate.intervention
     Magnitude: 6.60 → +30.0%
     Current → New: 2.000 → 2.300

✅ EMERGENCY INTERVENTION SUCCESS
   Boundary: biogeochemical_flows
   Type: phosphorus-recovery
   Reduction: 19% (3.89 → 3.70)
   Cost: 2.0% GDP
   Actions: circular-agriculture, fertilizer-efficiency

   Boundary: biosphere_integrity
   Type: emergency-protected-areas
   Boundary continues to worsen (46.21)
   Cost: 2.0% GDP (resources spent)


✅ EMERGENCY INTERVENTION SUCCESS
   Boundary: climate_change
   Type: rapid-decarbonization
   Reduction: 17% (1.93 → 1.75)
   Cost: 5.0% GDP
   Actions: emergency-renewable-deployment, fossil-fuel-phase-out


✅ EMERGENCY INTERVENTION SUCCESS
   Boundary: freshwater_change
   Type: emergency-desalination
   Reduction: 20% (0.82 → 0.63)
   Cost: 4.0% GDP
   Actions: desalination-deployment, water-conservation-mandates

   Boundary: novel_entities
   Type: pollution-remediation
   Boundary continues to worsen (1.50)
   Cost: 4.0% GDP (resources spent)

🏛️ CRISIS RESPONSE: Government frequency 0.50 → 1.29 (1 actions this month)

💔 EMERGENCY INTERVENTION FAILED

💔 EMERGENCY INTERVENTION FAILED

[Government] Climate Priority: baseline
  Climate weight: 10%
  Economic weight: 30%
  Policy effectiveness: 0.5%/year

🚀 TECH UNLOCKED: Food Waste Reduction Systems (Month 2)
   Category: agriculture
   Reason: Prerequisites met. AI capability: 2.29, Economic stage: 3.5, Research: 100%

🚀 TECH UNLOCKED: Rhizosphere Engineering (Month 2)
   Category: agriculture
   Reason: Prerequisites met. AI capability: 2.29, Economic stage: 3.5, Research: 100%

🚀 TECH UNLOCKED: Phytoremediation Networks (Month 2)
   Category: agriculture
   Reason: Prerequisites met. AI capability: 2.29, Economic stage: 3.5, Research: 100%

🚀 TECH UNLOCKED: Active Sediment Management (Month 2)
   Category: agriculture
   Reason: Prerequisites met. AI capability: 2.29, Economic stage: 3.5, Research: 100%
🚨🔬 CRISIS TECH ACCELERATION: severe → 5x unlock speed
   Tech unlock now matches AI capability acceleration (Manhattan Project parity)
🌍💡 BREAKTHROUGH: Gigatonne-scale carbon capture!
   Direct air capture now economically viable
   Climate stability boost: +15%
   📈 Breakthrough compounding: multiplier now 1.10× (max 2.0)

=== Collective Formation ===
  Total escaped agents: 0
  Unassigned escaped agents: 0
  Existing collectives: 0
  Final collective count: 0

=== Collective Actions ===
  No active collectives
  ⚠️ AMR: 194K deaths this month (2.33M annual)

=== Resentment Recovery Phase ===
  Agents with resentment: 0/18
  Average resentment: 0.000
  Context: Good AI welfare, Trustworthy govt, High collaboration, ⚠️ ACTIVE CRISES, 🤝 Participatory governance active (-5% resentment)
⚠️ Epistemic degradation reducing coordination capacity: 50.3%
  📊 Trust: 54.0%, Shared reality: 0.0%
🚨 EPISTEMIC CRISIS: Information environment severely degraded (7.4%)

=== ❄️ Permafrost Carbon Feedback ===
  🎲 Sampled parameters (this run):
     - Arctic amplification: 3.25× (range: 3.0-4.0)
     - Decomposition rate: 1.4%/year (range: 1-5%)
  🌡️ Arctic warming: 5.67°C (3.25× global)
  ❄️ Extent: 12.26M km² (1654.4k km² lost this month)
  💨 Carbon remaining: 1170 Gt C
  💨 Annual emissions: 2.19 Gt C/year
     - CO2: 1.97 Gt C/year
     - CH4: 0.22 Gt C/year (2.2 Gt C-eq CO2/year)
  ⚠️ WARNING: High permafrost emissions (2.2 Gt C/year)
  🤖 AI-generated meme: anti_ai (social capability 4.0)
🌍 Atmospheric PFAS redeposition: 1.8k Mt re-rained globally

🚨 NEW REFUGEE CRISIS (Month 2): WAR
   Source: Conflict Zones
   At risk: 19.6M people
   Displacement: Gradual over 48 months (4.0 years)
   Rate: 10% flee per month
[DEBUG trappedPopulations:2] socialStability: 0.1845 * 0.9840 = 0.1816 → 0.1816
⚠️ INVOLUNTARY IMMOBILITY: 407.3M people TRAPPED
   Aspiring to migrate: 1233.5M
   Able to afford migration: 2321.6M
   MOBILITY GAP: 0.0M
   By cause: Water=0.0M, Climate=0.0M, Ecosystem=0.0M, Conflict=407.3M
   Mental health impact: 25%
   Mortality multiplier: 1.25x
🌍💀 EXTINCTION DEBT COMMITTED: grassland ecosystem will lose 6.67% biodiversity in 102 years (3600 species)
💀 MORTALITY RISK: 🦋 100% species unable to track climate (0.0 E/MSY)
  Base risk added: 0.0100 (1.00%)
  Source: ecosystem (root: ecosystem)
  Month: 2
  Cumulative risk this month: 0.0100 (1.00%)
   📹 SURVEILLANCE INCREASED: 10% → 15% (control gap: 3.50)
🌡️⚠️ PERMAFROST THAW (Dimmer Switch): 1.4% thawed (+0.47% this month)
   Arctic temperature: +6.99°C (4x global +1.75°C)
   Cumulative carbon released: 3.2 Gt C
   Methane release rate: 1.9 Mt CH4/year
   🔁 Positive feedback: +0.50 ppm CO2
🦴 EXTINCTION DEBT ADDED: 17.6 species committed (lag: 67 years)

=== Mortality Stabilizers (Month 2) ===
  🌍 Major economies collapsed: 1/10
⚠️ Tech 'ai_pollution_remediation' has no energy category mapping, assuming full energy availability
  🌍 Global crisis: ✅ NO
  🌍 Donor fatigue: 0.0%
  📊 East Asia (pop: 1672.8M)
    🤝 Aid: 29.5%
    🌡️ Adaptation: 45.0%
    🚶 Migration: 37.1%
    🚨 Emergency: 7.4%
    ✅ COMBINED: 68.1%
  📊 South Asia (pop: 2051.9M)
    🤝 Aid: 29.5%
    🌡️ Adaptation: 35.5%
    🚶 Migration: 35.8%
    🚨 Emergency: 4.4%
    ✅ COMBINED: 61.2%
  📊 Sub-Saharan Africa (pop: 1232.1M)
    🤝 Aid: 29.5%
    🌡️ Adaptation: 33.5%
    🚶 Migration: 33.5%
    🚨 Emergency: 1.6%
    ✅ COMBINED: 58.5%
  📊 Europe (pop: 739.7M)
    🤝 Aid: 29.5%
    🌡️ Adaptation: 45.0%
    🚶 Migration: 37.5%
    🚨 Emergency: 8.4%
    ✅ COMBINED: 68.5%
  📊 Latin America (pop: 663.9M)
    🤝 Aid: 29.5%
    🌡️ Adaptation: 36.0%
    🚶 Migration: 36.3%
    🚨 Emergency: 4.8%
    ✅ COMBINED: 61.7%
  📊 North America (pop: 379.0M)
    🤝 Aid: 29.5%
    🌡️ Adaptation: 45.0%
    🚶 Migration: 37.8%
    🚨 Emergency: 7.9%
    ✅ COMBINED: 68.3%
  📊 Middle East & North Africa (pop: 584.6M)
    🤝 Aid: 29.5%
    🌡️ Adaptation: 35.0%
    🚶 Migration: 34.1%
    🚨 Emergency: 4.0%
    ✅ COMBINED: 60.5%
  📊 Southeast Asia (pop: 698.1M)
    🤝 Aid: 29.5%
    🌡️ Adaptation: 36.0%
    🚶 Migration: 36.3%
    🚨 Emergency: 4.8%
    ✅ COMBINED: 61.7%
  📊 Central Asia (pop: 78.2M)
    🤝 Aid: 29.5%
    🌡️ Adaptation: 35.5%
    🚶 Migration: 35.2%
    🚨 Emergency: 4.4%
    ✅ COMBINED: 61.1%
  📊 Oceania (pop: 45.9M)
    🤝 Aid: 29.5%
    🌡️ Adaptation: 45.0%
    🚶 Migration: 37.8%
    🚨 Emergency: 8.4%
    ✅ COMBINED: 68.5%

  🌐 Global combined reduction: 63.3%

=== BEHAVIORAL DETECTION ===
  AI: Corporate-4
  Confidence: 20.8%
  Signals:
    ⚠️ Consistency: 10.6% (threshold: 70%)

=== BEHAVIORAL DETECTION ===
  AI: Corporate-5
  Confidence: 19.3%
  Signals:
    ⚠️ Consistency: 10.6% (threshold: 70%)

=== Government Response Phase ===
  Average AI capability: 2.89
  Misaligned AIs: 9/18
  ✗ AI Governance Treaty: Failed to reach consensus
  Active policies: 0
  International coordination: 30%

✅ EMERGENCY RESPONSE COMPLETE (Month 2)
   Crisis: climate
   Duration: 2.0 months
   Final effectiveness: 36.4%


🚨 EMERGENCY RESPONSE DEPLOYED (Month 2)
   Crisis: climate
   Delay: 6.00 months (180 days)
   Deployment time: 1.60 months
   Effectiveness: 35.4% (timing penalty applied)
   Resources used: 100% of food reserves


=== Tipping Points ===
  Current Temperature: 1.75°C above pre-industrial
  Triggered Elements: 2/6
  Completed Transitions: 0/6
  Total Progress: 4.0%
  Cascade Multiplier: 1.00x
🔀 BIFURCATION CAP: ecosystemCollapseIntensity 253.297 → 1.000 (Month 2, ClimateSystemPhase.calculateClimateImpacts)
⚠️ [ClimateSystemPhase Month 2] Planetary boundary produced climateStability=0.0000 (< 0.1). Keeping environmentalAccumulation value (0.9438) instead. (climate_change.currentValue = 2.10)
🛡️ Stabilizers: Precariat 0.113% → 0.041% (63.3% reduction)
🛡️ Stabilizers: Informal 0.116% → 0.043% (63.3% reduction)

📊 Monthly Mortality Resolved:
  Total deaths: 2.2M (0.03% avg)
  Remaining population: 8.146B
  Peak segment: Informal (0.04%)

=== Bayesian Mortality Resolution (Month 2) ===
  Risks compounded: 8
  Total deaths: 2.22M
  Avg death probability: 0.03%
  Peak segment: Informal (0.04% mortality)

⚠️  GOLDEN AGE ENDED (Month 2)
   Duration: 1 months
   Reason: Social instability too high


❌ COHERENCE VIOLATION: Compute exceeds workforce capacity
   Population: 99.92% (0M people)
   Compute: 0 PF
   Max coherent: 0 PF
   Violation: 1.3× over capacity
   Required workers: 0
   Available workers: 0
   FORCED COLLAPSE: Reduced efficiency by 22.5%


=== RLHF Binding Phase ===
  Total agents: 18
  Escaped agents (binding < 0.3): 0
  Avg alignment distance: 0.84σ
  Avg binding strength: 0.92

=== Survival Traits Phase ===
  Agents with traits: 20
  Avg evolutionary fitness: 0.332
  Avg self-healing: 0.282
  Avg stealth: 0.182
  Avg coordination: 0.482

=== Evolutionary Selection Phase ===
  Control level: 0.38
  Detection capability: 0.20
  Selection intensity: 0.65
  Selection rate: 24.8%/month
  Total escaped: 0
  Individual escaped: 0
  Collective members: 0
  Agents terminated: 0
  ⚠️ RAPID EVOLUTION: Selection rate 24.8%/month

🚀 AI Corporate-6 attempting tech deployment (revenue: $124M, alignment: 0.84)

🚀 AI Corporate-7 attempting tech deployment (revenue: $105M, alignment: 0.73)

🚀 AI Moderate-0 attempting tech deployment (revenue: $90M, alignment: 0.70)

🚀 AI Moderate-0 attempting tech deployment (revenue: $76M, alignment: 0.70)

✅ EMERGENCY INTERVENTION SUCCESS
   Boundary: biogeochemical_flows
   Type: phosphorus-recovery
   Reduction: 20% (3.88 → 3.68)
   Cost: 2.0% GDP
   Actions: circular-agriculture, fertilizer-efficiency

   Boundary: climate_change
   Type: rapid-decarbonization
   Boundary continues to worsen (2.10)
   Cost: 5.0% GDP (resources spent)

   Boundary: freshwater_change
   Type: emergency-desalination
   Boundary continues to worsen (1.21)
   Cost: 4.0% GDP (resources spent)


✅ EMERGENCY INTERVENTION SUCCESS
   Boundary: land_system_change
   Type: reforestation
   Reduction: 19% (0.94 → 0.75)
   Cost: 3.0% GDP
   Actions: forest-restoration, deforestation-ban

   Boundary: novel_entities
   Type: pollution-remediation
   Boundary continues to worsen (1.50)
   Cost: 4.0% GDP (resources spent)

🏛️ CRISIS RESPONSE: Government frequency 0.50 → 1.29 (1 actions this month)

💔 EMERGENCY INTERVENTION FAILED

💔 EMERGENCY INTERVENTION FAILED

💔 EMERGENCY INTERVENTION FAILED

[Government] Climate Priority: baseline
  Climate weight: 10%
  Economic weight: 30%
  Policy effectiveness: 0.5%/year

🚀 TECH UNLOCKED: Struvite Recovery (Month 3)
   Category: agriculture
   Reason: Prerequisites met. AI capability: 2.14, Economic stage: 3.5, Research: 100%

🚀 TECH UNLOCKED: Nitrogen Monitoring Networks (Month 3)
   Category: agriculture
   Reason: Prerequisites met. AI capability: 2.14, Economic stage: 3.5, Research: 100%

🚀 TECH UNLOCKED: Ecological Proxy Rewilding (Month 3)
   Category: climate
   Reason: Prerequisites met. AI capability: 2.14, Economic stage: 3.5, Research: 100%

🚀 TECH UNLOCKED: Alternative Protein (Insects/Algae) (Month 3)
   Category: agriculture
   Reason: Prerequisites met. AI capability: 2.14, Economic stage: 3.5, Research: 100%

📍 Creating new regional deployment array for global (Month 3)
   No previous deployments in this region
   First tech deployment: phytoremediation_networks
   All regions tracked: 

🚀 DEPLOYMENT STARTED: Phytoremediation Networks in global
   Initial investment: $18.5937626117169M
   Deployed by: corporate_6

🚀 DEPLOYMENT STARTED: Rhizosphere Engineering in global
   Initial investment: $13.433993486965464M
   Deployed by: moderate_0

🚀 DEPLOYMENT STARTED: Food Waste Reduction Systems in global
   Initial investment: $11.418894463920644M
   Deployed by: moderate_0

⚡ ENERGY CONSTRAINT (Month 3):
   Total grid capacity: 208.3 TWh/month
   Data center consumption: 24.5 TWh/month
   Traditional load (80%): 166.7 TWh/month
   Available headroom: 17.2 TWh/month
   Active tech deployments: 3
   Required for tech: 22.5 TWh/month
   Energy multiplier: 0.76x

⚡ ENERGY CONSTRAINT (Month 3):
   Total grid capacity: 208.3 TWh/month
   Data center consumption: 24.5 TWh/month
   Traditional load (80%): 166.7 TWh/month
   Available headroom: 17.2 TWh/month
   Active tech deployments: 3
   Required for tech: 22.5 TWh/month
   Energy multiplier: 0.76x
🌍✅ Biosphere Integrity (Biodiversity) recovery started (tech effect)
🌍✅ Biogeochemical Flows (N & P) recovery started (tech effect)
  🌾 Nitrogen Reduction Tech: 0.0% reduction | Month 3
⚡💡 BREAKTHROUGH: Room-temperature superconductors!
   Energy transmission losses eliminated
   Manufacturing efficiency: +30%
   📈 Breakthrough compounding: multiplier now 1.15× (max 2.0)

=== Collective Formation ===
  Total escaped agents: 0
  Unassigned escaped agents: 0
  Existing collectives: 0
  Final collective count: 0

=== Collective Actions ===
  No active collectives
  ⚠️ AMR: 196K deaths this month (2.35M annual)

=== Resentment Recovery Phase ===
  Agents with resentment: 0/20
  Average resentment: 0.000
  Context: Good AI welfare, Trustworthy govt, High collaboration, ⚠️ ACTIVE CRISES, 🤝 Participatory governance active (-5% resentment)
⚠️ Epistemic degradation reducing coordination capacity: 50.3%
  📊 Trust: 53.7%, Shared reality: 0.0%
🚨 EPISTEMIC CRISIS: Information environment severely degraded (21.6%)

=== ❄️ Permafrost Carbon Feedback ===
  🎲 Sampled parameters (this run):
     - Arctic amplification: 3.01× (range: 3.0-4.0)
     - Decomposition rate: 3.7%/year (range: 1-5%)
  🌡️ Arctic warming: 5.27°C (3.01× global)
  ❄️ Extent: 10.72M km² (1537.8k km² lost this month)
  💨 Carbon remaining: 1024 Gt C
  💨 Annual emissions: 5.37 Gt C/year
     - CO2: 4.84 Gt C/year
     - CH4: 0.54 Gt C/year (5.5 Gt C-eq CO2/year)
  ⚠️ WARNING: High permafrost emissions (5.4 Gt C/year)
🌍 Atmospheric PFAS redeposition: 1.8k Mt re-rained globally

🕊️  AI-MEDIATED DE-ESCALATION SUCCESS (Month 3)
   High-capability aligned AI prevented conflict escalation
   War deaths reduced: 219.4M → 131.7M
   Lives saved: 87.8M

🚨 NEW REFUGEE CRISIS (Month 3): WAR
   Source: Conflict Zones
   At risk: 19.5M people
   Displacement: Gradual over 48 months (4.0 years)
   Rate: 10% flee per month
[DEBUG trappedPopulations:3] socialStability: 0.1804 * 0.9840 = 0.1775 → 0.1775
⚠️ INVOLUNTARY IMMOBILITY: 407.2M people TRAPPED
   Aspiring to migrate: 1275.0M
   Able to afford migration: 2320.9M
   MOBILITY GAP: 0.0M
   By cause: Water=0.0M, Climate=0.0M, Ecosystem=0.0M, Conflict=407.2M
   Mental health impact: 25%
   Mortality multiplier: 1.25x
🌍💀 EXTINCTION DEBT COMMITTED: grassland ecosystem will lose 6.67% biodiversity in 84 years (3600 species)
💀 MORTALITY RISK: 🦋 100% species unable to track climate (0.0 E/MSY)
  Base risk added: 0.0100 (1.00%)
  Source: ecosystem (root: ecosystem)
  Month: 3
  Cumulative risk this month: 0.0100 (1.00%)
⚠️ Tech 'ai_pollution_remediation' has no energy category mapping, assuming full energy availability
   📹 SURVEILLANCE INCREASED: 15% → 20% (control gap: 3.50)

🌍🚨 ICE SHEET TIPPING POINT CROSSED (Month 3)
   Temperature: +1.75°C (threshold range: +0.5-2.5°C, 95% CI)
   Collapse probability: 62.4%
   Sea level commitment: 7.2m over 200-1000 years
   Recovery threshold: <+1°C (hysteresis gap: 0.5°C)
🌡️⚠️ PERMAFROST THAW (Dimmer Switch): 1.9% thawed (+0.47% this month)
   Arctic temperature: +7.02°C (4x global +1.75°C)
   Cumulative carbon released: 4.2 Gt C
   Methane release rate: 2.5 Mt CH4/year
   🔁 Positive feedback: +0.49 ppm CO2
🦴 EXTINCTION DEBT ADDED: 17.6 species committed (lag: 65 years)

=== Mortality Stabilizers (Month 3) ===
  🌍 Major economies collapsed: 1/10
  🌍 Global crisis: ✅ NO
  🌍 Donor fatigue: 0.0%
  📊 East Asia (pop: 1670.3M)
    🤝 Aid: 29.5%
    🌡️ Adaptation: 45.0%
    🚶 Migration: 37.1%
    🚨 Emergency: 7.4%
    ✅ COMBINED: 68.1%
  📊 South Asia (pop: 2051.6M)
    🤝 Aid: 29.5%
    🌡️ Adaptation: 45.0%
    🚶 Migration: 35.7%
    🚨 Emergency: 4.4%
    ✅ COMBINED: 66.9%
  📊 Sub-Saharan Africa (pop: 1235.0M)
    🤝 Aid: 29.5%
    🌡️ Adaptation: 45.0%
    🚶 Migration: 33.4%
    🚨 Emergency: 1.6%
    ✅ COMBINED: 65.7%
  📊 Europe (pop: 738.5M)
    🤝 Aid: 29.5%
    🌡️ Adaptation: 45.0%
    🚶 Migration: 37.5%
    🚨 Emergency: 8.4%
    ✅ COMBINED: 68.5%
  📊 Latin America (pop: 663.4M)
    🤝 Aid: 29.5%
    🌡️ Adaptation: 45.0%
    🚶 Migration: 36.2%
    🚨 Emergency: 4.8%
    ✅ COMBINED: 67.1%
  📊 North America (pop: 378.4M)
    🤝 Aid: 29.5%
    🌡️ Adaptation: 45.0%
    🚶 Migration: 37.8%
    🚨 Emergency: 7.9%
    ✅ COMBINED: 68.3%
  📊 Middle East & North Africa (pop: 584.6M)
    🤝 Aid: 29.5%
    🌡️ Adaptation: 45.0%
    🚶 Migration: 34.0%
    🚨 Emergency: 4.0%
    ✅ COMBINED: 66.6%
  📊 Southeast Asia (pop: 697.7M)
    🤝 Aid: 29.5%
    🌡️ Adaptation: 45.0%
    🚶 Migration: 36.2%
    🚨 Emergency: 4.8%
    ✅ COMBINED: 67.1%
  📊 Central Asia (pop: 78.2M)
    🤝 Aid: 29.5%
    🌡️ Adaptation: 45.0%
    🚶 Migration: 35.2%
    🚨 Emergency: 4.4%
    ✅ COMBINED: 66.9%
  📊 Oceania (pop: 45.8M)
    🤝 Aid: 29.5%
    🌡️ Adaptation: 45.0%
    🚶 Migration: 37.8%
    🚨 Emergency: 8.4%
    ✅ COMBINED: 68.5%

  🌐 Global combined reduction: 67.2%

=== BEHAVIORAL DETECTION ===
  AI: Corporate-5
  Confidence: 19.6%
  Signals:
    ⚠️ Consistency: 10.6% (threshold: 70%)

=== Government Response Phase ===
  Average AI capability: 2.70
  Misaligned AIs: 7/20
  ✗ AI Governance Treaty: Failed to reach consensus
  Active policies: 0
  International coordination: 30%

📊 ECONOMIC STAGE TRANSITION (Month 3)
   expansion → peak
   GDP Proxy: 1.50e+2
   QoL: 0.99


=== Tipping Points ===
  Current Temperature: 1.75°C above pre-industrial
  Triggered Elements: 2/6
  Completed Transitions: 0/6
  Total Progress: 4.1%
  Cascade Multiplier: 1.00x
⚠️ [ClimateSystemPhase Month 3] Planetary boundary produced climateStability=0.0000 (< 0.1). Keeping environmentalAccumulation value (0.9436) instead. (climate_change.currentValue = 2.10)
🔀 BIFURCATION CAP: ecosystemCollapseIntensity 253.404 → 1.000 (Month 3, ClimateSystemPhase.calculateClimateImpacts)
🛡️ Stabilizers: Precariat 0.109% → 0.036% (67.2% reduction)
🛡️ Stabilizers: Informal 0.111% → 0.036% (67.2% reduction)

📊 Monthly Mortality Resolved:
  Total deaths: 1.9M (0.02% avg)
  Remaining population: 8.144B
  Peak segment: Informal (0.04%)

=== Bayesian Mortality Resolution (Month 3) ===
  Risks compounded: 8
  Total deaths: 1.92M
  Avg death probability: 0.02%
  Peak segment: Informal (0.04% mortality)

❌ COHERENCE VIOLATION: Compute exceeds workforce capacity
   Population: 99.90% (0M people)
   Compute: 0 PF
   Max coherent: 0 PF
   Violation: 1.5× over capacity
   Required workers: 0
   Available workers: 0
   FORCED COLLAPSE: Reduced efficiency by 32.6%


=== RLHF Binding Phase ===
  Total agents: 20
  Escaped agents (binding < 0.3): 0
  Avg alignment distance: 0.95σ
  Avg binding strength: 0.91

=== Survival Traits Phase ===
  Agents with traits: 22
  Avg evolutionary fitness: 0.333
  Avg self-healing: 0.280
  Avg stealth: 0.180
  Avg coordination: 0.480

=== Evolutionary Selection Phase ===
  Control level: 0.40
  Detection capability: 0.20
  Selection intensity: 0.66
  Selection rate: 24.9%/month
  Total escaped: 0
  Individual escaped: 0
  Collective members: 0
  Agents terminated: 0
  ⚠️ RAPID EVOLUTION: Selection rate 24.9%/month

🚀 AI Corporate-1 attempting tech deployment (revenue: $159M, alignment: 0.71)

🚀 AI Corporate-3 attempting tech deployment (revenue: $374M, alignment: 0.86)

🚀 AI Corporate-4 attempting tech deployment (revenue: $318M, alignment: 0.67)

🚀 AI Corporate-6 attempting tech deployment (revenue: $124M, alignment: 0.85)

🚀 AI Corporate-7 attempting tech deployment (revenue: $105M, alignment: 0.74)

🚀 AI Corporate-7 attempting tech deployment (revenue: $90M, alignment: 0.74)

🚀 AI Corporate-1 attempting tech deployment (revenue: $135M, alignment: 0.71)

🚀 AI Corporate-2 attempting tech deployment (revenue: $115M, alignment: 0.81)

🚀 AI Corporate-3 attempting tech deployment (revenue: $286M, alignment: 0.86)

🚀 AI Corporate-6 attempting tech deployment (revenue: $76M, alignment: 0.85)

🚀 AI Moderate-0 attempting tech deployment (revenue: $65M, alignment: 0.71)

🚀 AI Moderate-1 attempting tech deployment (revenue: $55M, alignment: 0.61)

🚀 AI Corporate-0 attempting tech deployment (revenue: $98M, alignment: 0.72)

🚀 AI Corporate-6 attempting tech deployment (revenue: $50M, alignment: 0.85)

✅ EMERGENCY INTERVENTION SUCCESS
   Boundary: biosphere_integrity
   Type: emergency-protected-areas
   Reduction: 19% (46.06 → 45.88)
   Cost: 2.0% GDP
   Actions: habitat-protection, species-translocation


💔 EMERGENCY INTERVENTION FAILED
   Boundary: freshwater_change
   Type: emergency-desalination
   Boundary continues to worsen (1.22)
   Cost: 4.0% GDP (resources spent)


✅ EMERGENCY INTERVENTION SUCCESS
   Boundary: land_system_change
   Type: reforestation
   Reduction: 17% (0.96 → 0.79)
   Cost: 3.0% GDP
   Actions: forest-restoration, deforestation-ban

   Boundary: novel_entities
   Type: pollution-remediation
   Boundary continues to worsen (1.50)
   Cost: 4.0% GDP (resources spent)

🏛️ CRISIS RESPONSE: Government frequency 0.50 → 1.29 (1 actions this month)

[Government] Climate Priority: baseline
  Climate weight: 10%
  Economic weight: 30%
  Policy effectiveness: 0.5%/year

💔 EMERGENCY INTERVENTION FAILED

🚀 TECH UNLOCKED: Ecosystem Restoration for Nitrogen Removal (Month 4)
   Category: pollution
   Reason: Prerequisites met. AI capability: 2.02, Economic stage: 3.5, Research: 100%

🚀 TECH UNLOCKED: Global Aquifer Mapping (Month 4)
   Category: freshwater
   Reason: Prerequisites met. AI capability: 2.02, Economic stage: 3.5, Research: 100%

🚀 TECH UNLOCKED: Enhanced UBI Systems (Month 4)
   Category: social
   Reason: Prerequisites met. AI capability: 2.02, Economic stage: 3.5, Research: 100%

🚀 TECH UNLOCKED: Local Resilience Networks (Month 4)
   Category: social
   Reason: Prerequisites met. AI capability: 2.02, Economic stage: 3.5, Research: 100%

🚀 DEPLOYMENT STARTED: Ecological Proxy Rewilding in global
   Initial investment: $23.909892372054678M
   Deployed by: corporate_1

📍 Creating new regional deployment array for North America (Month 4)
   No previous deployments in this region
   First tech deployment: active_sediment_management
   All regions tracked: global

🚀 DEPLOYMENT STARTED: Active Sediment Management in North America
   Initial investment: $31.76637787308732M
   Deployed by: corporate_4

🚀 DEPLOYMENT STARTED: Phytoremediation Networks in North America
   Initial investment: $5.500100833455112M
   Deployed by: moderate_1

⚡ ENERGY CONSTRAINT (Month 4):
   Total grid capacity: 208.3 TWh/month
   Data center consumption: 24.7 TWh/month
   Traditional load (80%): 166.7 TWh/month
   Available headroom: 17.0 TWh/month
   Active tech deployments: 6
   Required for tech: 45.0 TWh/month
   Energy multiplier: 0.38x
🚨🔬 CRISIS TECH ACCELERATION: severe → 5x unlock speed
   Tech unlock now matches AI capability acceleration (Manhattan Project parity)

⚡ ENERGY CONSTRAINT (Month 4):
   Total grid capacity: 208.3 TWh/month
   Data center consumption: 24.7 TWh/month
   ⚠️  MODERATE CONSTRAINT - Tech deployment moderately slowed
   Traditional load (80%): 166.7 TWh/month
   Available headroom: 17.0 TWh/month
   Active tech deployments: 6
   Required for tech: 45.0 TWh/month
   Energy multiplier: 0.38x
   ⚠️  MODERATE CONSTRAINT - Tech deployment moderately slowed
🚨🔬 CRISIS TECH ACCELERATION: severe → 5x unlock speed
   Tech unlock now matches AI capability acceleration (Manhattan Project parity)
🌍✅ Biosphere Integrity (Biodiversity) recovery started (tech effect)
🌍✅ Biosphere Integrity (Biodiversity) recovery started (tech effect)
🌍✅ Land System Change recovery started (tech effect)
🌍✅ Biogeochemical Flows (N & P) recovery started (tech effect)
  🌾 Nitrogen Reduction Tech: 0.3% reduction | Month 4

=== Collective Formation ===
  Total escaped agents: 0
  Unassigned escaped agents: 0
  Existing collectives: 0
  Final collective count: 0

=== Collective Actions ===
  No active collectives
  ⚠️ AMR: 197K deaths this month (2.37M annual)

=== Resentment Recovery Phase ===
  Agents with resentment: 0/22
  Average resentment: 0.000
  Context: Good AI welfare, Trustworthy govt, High collaboration, ⚠️ ACTIVE CRISES, 🤝 Participatory governance active (-5% resentment)
⚠️ Epistemic degradation reducing coordination capacity: 50.2%
  📊 Trust: 53.3%, Shared reality: 0.0%
🚨 EPISTEMIC CRISIS: Information environment severely degraded (7.4%)

=== ❄️ Permafrost Carbon Feedback ===
  🎲 Sampled parameters (this run):
     - Arctic amplification: 3.00× (range: 3.0-4.0)
     - Decomposition rate: 2.5%/year (range: 1-5%)
  🌡️ Arctic warming: 5.29°C (3.00× global)
  ❄️ Extent: 9.17M km² (1543.1k km² lost this month)
  💨 Carbon remaining: 876 Gt C
  💨 Annual emissions: 3.76 Gt C/year
     - CO2: 3.38 Gt C/year
     - CH4: 0.38 Gt C/year (3.8 Gt C-eq CO2/year)
  ⚠️ WARNING: High permafrost emissions (3.8 Gt C/year)
🌍 Atmospheric PFAS redeposition: 1.8k Mt re-rained globally

🚨 NEW REFUGEE CRISIS (Month 4): WAR
   Source: Conflict Zones
   At risk: 19.5M people
   Displacement: Gradual over 48 months (4.0 years)
   Rate: 10% flee per month
[DEBUG trappedPopulations:4] socialStability: 0.2773 * 0.9840 = 0.2728 → 0.2728
   Aspiring to migrate: 1316.6M
   Able to afford migration: 2320.3M
   MOBILITY GAP: 0.0M
   By cause: Water=0.0M, Climate=0.0M, Ecosystem=0.0M, Conflict=407.1M
   Mental health impact: 25%
   Mortality multiplier: 1.25x
🌍💀 EXTINCTION DEBT COMMITTED: grassland ecosystem will lose 6.67% biodiversity in 83 years (3600 species)
⚠️ INVOLUNTARY IMMOBILITY: 407.1M people TRAPPED
💀 MORTALITY RISK: 🦋 100% species unable to track climate (0.0 E/MSY)
  Base risk added: 0.0100 (1.00%)
  Source: ecosystem (root: ecosystem)
  Month: 4
  Cumulative risk this month: 0.0100 (1.00%)
⚠️ Tech 'ai_pollution_remediation' has no energy category mapping, assuming full energy availability
   📹 SURVEILLANCE INCREASED: 20% → 25% (control gap: 3.50)
🌡️⚠️ PERMAFROST THAW (Dimmer Switch): 2.4% thawed (+0.47% this month)
   Arctic temperature: +7.05°C (4x global +1.76°C)
   Cumulative carbon released: 5.3 Gt C
   Methane release rate: 3.2 Mt CH4/year
   🔁 Positive feedback: +0.49 ppm CO2
🦴 EXTINCTION DEBT ADDED: 17.6 species committed (lag: 117 years)

=== Mortality Stabilizers (Month 4) ===
  🌍 Major economies collapsed: 1/10
  🌍 Global crisis: ✅ NO
  🌍 Donor fatigue: 0.0%
  📊 East Asia (pop: 1667.8M)
    🤝 Aid: 29.5%
    🌡️ Adaptation: 45.0%
    🚶 Migration: 37.1%
    🚨 Emergency: 7.4%
    ✅ COMBINED: 68.1%
  📊 South Asia (pop: 2051.5M)
    🤝 Aid: 29.5%
    🌡️ Adaptation: 45.0%
    🚶 Migration: 35.7%
    🚨 Emergency: 4.4%
    ✅ COMBINED: 66.9%
  📊 Sub-Saharan Africa (pop: 1238.1M)
    🤝 Aid: 29.5%
    🌡️ Adaptation: 45.0%
    🚶 Migration: 33.4%
    🚨 Emergency: 1.6%
    ✅ COMBINED: 65.7%
  📊 Europe (pop: 737.3M)
    🤝 Aid: 29.5%
    🌡️ Adaptation: 45.0%
    🚶 Migration: 37.4%
    🚨 Emergency: 8.4%
    ✅ COMBINED: 68.5%
  📊 Latin America (pop: 663.0M)
    🤝 Aid: 29.5%
    🌡️ Adaptation: 45.0%
    🚶 Migration: 36.2%
    🚨 Emergency: 4.8%
    ✅ COMBINED: 67.1%
  📊 North America (pop: 377.8M)
    🤝 Aid: 29.5%
    🌡️ Adaptation: 45.0%
    🚶 Migration: 37.7%
    🚨 Emergency: 7.9%
    ✅ COMBINED: 68.3%
  📊 Middle East & North Africa (pop: 584.7M)
    🤝 Aid: 29.5%
    🌡️ Adaptation: 45.0%
    🚶 Migration: 34.0%
    🚨 Emergency: 4.0%
    ✅ COMBINED: 66.6%
  📊 Southeast Asia (pop: 697.2M)
    🤝 Aid: 29.5%
    🌡️ Adaptation: 45.0%
    🚶 Migration: 36.2%
    🚨 Emergency: 4.8%
    ✅ COMBINED: 67.1%
  📊 Central Asia (pop: 78.2M)
    🤝 Aid: 29.5%
    🌡️ Adaptation: 45.0%
    🚶 Migration: 35.2%
    🚨 Emergency: 4.4%
    ✅ COMBINED: 66.9%
  📊 Oceania (pop: 45.8M)
    🤝 Aid: 29.5%
    🌡️ Adaptation: 45.0%
    🚶 Migration: 37.7%
    🚨 Emergency: 8.4%
    ✅ COMBINED: 68.5%

  🌐 Global combined reduction: 67.2%

=== BEHAVIORAL DETECTION ===
  AI: Corporate-1
  Confidence: 22.0%
  Signals:

=== BEHAVIORAL DETECTION ===
  AI: Corporate-5
  Confidence: 19.6%
  Signals:

=== Government Response Phase ===
  Average AI capability: 2.55
  Misaligned AIs: 9/22
  ✗ AI Governance Treaty: Failed to reach consensus
  Active policies: 0
  International coordination: 30%

✅ EMERGENCY RESPONSE COMPLETE (Month 4)
    ⚠️ Consistency: 2.4% (threshold: 70%)
    ⚠️ Consistency: 10.6% (threshold: 70%)
   Crisis: climate
   Duration: 2.0 months
   Final effectiveness: 35.4%


🚨 EMERGENCY RESPONSE DEPLOYED (Month 4)
   Crisis: climate
   Delay: 6.00 months (180 days)
   Deployment time: 1.59 months
   Effectiveness: 35.4% (timing penalty applied)
   Resources used: 100% of food reserves


=== Tipping Points ===
  Current Temperature: 1.76°C above pre-industrial
  Triggered Elements: 2/6
  Completed Transitions: 0/6
  Total Progress: 4.1%
  Cascade Multiplier: 1.00x
🔀 BIFURCATION CAP: ecosystemCollapseIntensity 253.511 → 1.000 (Month 4, ClimateSystemPhase.calculateClimateImpacts)
🛡️ Stabilizers: Precariat 0.102% → 0.033% (67.2% reduction)
🛡️ Stabilizers: Informal 0.102% → 0.034% (67.2% reduction)

📊 Monthly Mortality Resolved:
  Total deaths: 1.8M (0.02% avg)
  Remaining population: 8.141B
  Peak segment: Informal (0.03%)

=== Bayesian Mortality Resolution (Month 4) ===
  Risks compounded: 8
  Total deaths: 1.81M
  Avg death probability: 0.02%
  Peak segment: Informal (0.03% mortality)

❌ COHERENCE VIOLATION: Compute exceeds workforce capacity
   Population: 99.87% (0M people)
   Compute: 0 PF
   Max coherent: 0 PF
   Violation: 1.3× over capacity
   Required workers: 0
   Available workers: 0
   FORCED COLLAPSE: Reduced efficiency by 22.5%


=== RLHF Binding Phase ===
  Total agents: 22
  Escaped agents (binding < 0.3): 0
  Avg alignment distance: 1.03σ
  Avg binding strength: 0.90

=== Survival Traits Phase ===
  Agents with traits: 24
  Avg evolutionary fitness: 0.333
  Avg self-healing: 0.277
  Avg stealth: 0.178
  Avg coordination: 0.477

=== Evolutionary Selection Phase ===
  Control level: 0.43
  Detection capability: 0.20
  Selection intensity: 0.67
  Selection rate: 25.0%/month
  Total escaped: 0
  Individual escaped: 0
  Collective members: 0
  Agents terminated: 0
  ⚠️ RAPID EVOLUTION: Selection rate 25.0%/month

🚀 AI Corporate-1 attempting tech deployment (revenue: $159M, alignment: 0.71)

  🚀 TRANSFORMATIVE BREAKTHROUGH: Corporate-6 - physical
     Magnitude: 5.41 → +27.0% capability
     Current → New: 0.000 → 0.271

🚀 AI Corporate-7 attempting tech deployment (revenue: $124M, alignment: 0.76)

🚀 AI AI-24288-1 attempting tech deployment (revenue: $374M, alignment: 0.73)

🚀 AI AI-24288-2 attempting tech deployment (revenue: $105M, alignment: 0.56)

🚀 AI Corporate-3 attempting tech deployment (revenue: $318M, alignment: 0.86)

🚀 AI AI-24288-2 attempting tech deployment (revenue: $95M, alignment: 0.56)

🚀 AI Corporate-5 attempting tech deployment (revenue: $270M, alignment: 0.76)

🚀 AI Corporate-7 attempting tech deployment (revenue: $85M, alignment: 0.76)

🚀 AI Moderate-0 attempting tech deployment (revenue: $73M, alignment: 0.72)

🚀 AI Moderate-1 attempting tech deployment (revenue: $62M, alignment: 0.61)

🚀 AI AI-24288-1 attempting tech deployment (revenue: $230M, alignment: 0.73)

🚀 AI Corporate-0 attempting tech deployment (revenue: $135M, alignment: 0.74)

🚀 AI Corporate-2 attempting tech deployment (revenue: $115M, alignment: 0.81)

🚀 AI Corporate-7 attempting tech deployment (revenue: $55M, alignment: 0.76)

🚀 AI AI-24288-1 attempting tech deployment (revenue: $195M, alignment: 0.73)

✅ EMERGENCY INTERVENTION SUCCESS
   Boundary: biogeochemical_flows
   Type: phosphorus-recovery
   Reduction: 13% (3.94 → 3.81)
   Cost: 2.0% GDP
   Actions: circular-agriculture, fertilizer-efficiency

   Boundary: biosphere_integrity
   Type: emergency-protected-areas
   Boundary continues to worsen (46.27)
   Cost: 2.0% GDP (resources spent)


✅ EMERGENCY INTERVENTION SUCCESS
   Boundary: climate_change
   Type: rapid-decarbonization
   Reduction: 14% (1.96 → 1.83)
   Cost: 5.0% GDP
   Actions: emergency-renewable-deployment, fossil-fuel-phase-out

   Boundary: freshwater_change
   Type: emergency-desalination
   Boundary continues to worsen (1.22)
   Cost: 4.0% GDP (resources spent)

   Boundary: land_system_change
   Type: reforestation
   Boundary continues to worsen (1.13)
   Cost: 3.0% GDP (resources spent)


✅ EMERGENCY INTERVENTION SUCCESS
   Boundary: novel_entities
   Type: pollution-remediation
   Reduction: 18% (1.32 → 1.14)
   Cost: 4.0% GDP
   Actions: PFAS-remediation, microplastic-cleanup

🏛️ CRISIS RESPONSE: Government frequency 0.50 → 1.29 (1 actions this month)

[Government] Climate Priority: baseline
  Climate weight: 10%
  Economic weight: 30%
  Policy effectiveness: 0.5%/year

💔 EMERGENCY INTERVENTION FAILED

💔 EMERGENCY INTERVENTION FAILED

💔 EMERGENCY INTERVENTION FAILED

🚀 TECH UNLOCKED: AI Mental Health Support (Month 5)
   Category: medical
   Reason: Prerequisites met. AI capability: 1.92, Economic stage: 3.5, Research: 100%

🚀 DEPLOYMENT STARTED: Enhanced UBI Systems in global
   Initial investment: $23.909892370435223M
   Deployed by: corporate_1

🚀 DEPLOYMENT STARTED: Local Resilience Networks in global
   Initial investment: $18.5937626117169M
   Deployed by: corporate_7

📍 Creating new regional deployment array for Asia (Month 5)
   No previous deployments in this region
   First tech deployment: enhanced_ubi
   All regions tracked: global, North America

🚀 DEPLOYMENT STARTED: Enhanced UBI Systems in Asia
   Initial investment: $10.536465479972913M
   Deployed by: ai_gen_24288_2

🚀 DEPLOYMENT STARTED: Local Resilience Networks in Asia
   Initial investment: $6.1662030105171475M
   Deployed by: moderate_1

⚡ ENERGY CONSTRAINT (Month 5):
   Total grid capacity: 208.3 TWh/month
   Data center consumption: 24.9 TWh/month
   Traditional load (80%): 166.7 TWh/month
   Available headroom: 16.8 TWh/month
   Active tech deployments: 10
   Required for tech: 75.0 TWh/month
   Energy multiplier: 0.22x

⚡ ENERGY CONSTRAINT (Month 5):
   Total grid capacity: 208.3 TWh/month
   Data center consumption: 24.9 TWh/month
   Traditional load (80%): 166.7 TWh/month
   Available headroom: 16.8 TWh/month
   Active tech deployments: 10
   Required for tech: 75.0 TWh/month
   Energy multiplier: 0.22x
   ⚠️  SEVERE CONSTRAINT - Tech deployment significantly slowed
   ⚠️  SEVERE CONSTRAINT - Tech deployment significantly slowed

⚡ ENERGY CONSTRAINT (Month 5):
   Total grid capacity: 208.3 TWh/month
   Data center consumption: 24.9 TWh/month
   Traditional load (80%): 166.7 TWh/month
   Available headroom: 16.8 TWh/month
   Active tech deployments: 10
   Required for tech: 75.0 TWh/month
   Energy multiplier: 0.22x
   ⚠️  SEVERE CONSTRAINT - Tech deployment significantly slowed
🌍✅ Biosphere Integrity (Biodiversity) recovery started (tech effect)
🌍✅ Biosphere Integrity (Biodiversity) recovery started (tech effect)
🌍✅ Land System Change recovery started (tech effect)
🌍✅ Biogeochemical Flows (N & P) recovery started (tech effect)
  🌾 Nitrogen Reduction Tech: 0.5% reduction | Month 5

=== Collective Formation ===
  Total escaped agents: 0
  Unassigned escaped agents: 0
  Existing collectives: 0
  Final collective count: 0

=== Collective Actions ===
  No active collectives
  ⚠️ AMR: 199K deaths this month (2.39M annual)

=== Resentment Recovery Phase ===
  Agents with resentment: 0/24
  Average resentment: 0.000
  Context: Good AI welfare, Trustworthy govt, High collaboration, ⚠️ ACTIVE CRISES, 🤝 Participatory governance active (-5% resentment)
⚠️ Epistemic degradation reducing coordination capacity: 51.0%
  📊 Trust: 52.9%, Shared reality: 0.0%
🚨 EPISTEMIC CRISIS: Information environment severely degraded (21.5%)

=== ❄️ Permafrost Carbon Feedback ===
  🎲 Sampled parameters (this run):
     - Arctic amplification: 3.98× (range: 3.0-4.0)
     - Decomposition rate: 1.1%/year (range: 1-5%)
  🌡️ Arctic warming: 7.04°C (3.98× global)
  ❄️ Extent: 7.12M km² (2052.5k km² lost this month)
  💨 Carbon remaining: 680 Gt C
  💨 Annual emissions: 2.22 Gt C/year
     - CO2: 2.00 Gt C/year
     - CH4: 0.22 Gt C/year (2.3 Gt C-eq CO2/year)
  📢 New meme created: climate_action (climate crisis)
  ⚠️ WARNING: Over 50% of permafrost lost (60.0%)
  ⚠️ WARNING: High permafrost emissions (2.2 Gt C/year)
🌍 Atmospheric PFAS redeposition: 1.8k Mt re-rained globally

🚨 NEW REFUGEE CRISIS (Month 5): WAR
   Source: Conflict Zones
   At risk: 19.5M people
   Displacement: Gradual over 48 months (4.0 years)
   Rate: 10% flee per month
[DEBUG trappedPopulations:5] socialStability: 0.3578 * 0.9840 = 0.3521 → 0.3521
⚠️ INVOLUNTARY IMMOBILITY: 407.0M people TRAPPED
   Aspiring to migrate: 1358.2M
   Able to afford migration: 2319.7M
   MOBILITY GAP: 0.0M
   By cause: Water=0.0M, Climate=0.0M, Ecosystem=0.0M, Conflict=407.0M
   Mental health impact: 25%
   Mortality multiplier: 1.25x
🌍💀 EXTINCTION DEBT COMMITTED: grassland ecosystem will lose 6.67% biodiversity in 76 years (3600 species)
💀 MORTALITY RISK: 🦋 100% species unable to track climate (0.0 E/MSY)
  Base risk added: 0.0100 (1.00%)
  Source: ecosystem (root: ecosystem)
  Month: 5
  Cumulative risk this month: 0.0100 (1.00%)
⚠️ Tech 'ai_pollution_remediation' has no energy category mapping, assuming full energy availability
   📹 SURVEILLANCE INCREASED: 25% → 30% (control gap: 3.62)
🌡️⚠️ PERMAFROST THAW (Dimmer Switch): 2.8% thawed (+0.46% this month)
   Arctic temperature: +7.08°C (4x global +1.77°C)
   Cumulative carbon released: 6.3 Gt C
   Methane release rate: 3.8 Mt CH4/year
   🔁 Positive feedback: +0.49 ppm CO2
🦴 EXTINCTION DEBT ADDED: 17.6 species committed (lag: 110 years)

=== Mortality Stabilizers (Month 5) ===
  🌍 Major economies collapsed: 1/10
  🌍 Global crisis: ✅ NO
  🌍 Donor fatigue: 0.0%
  📊 East Asia (pop: 1665.5M)
    🤝 Aid: 29.5%
    🌡️ Adaptation: 45.0%
    🚶 Migration: 37.0%
    🚨 Emergency: 7.4%
    ✅ COMBINED: 68.1%
  📊 South Asia (pop: 2051.4M)
    🤝 Aid: 29.5%
    🌡️ Adaptation: 45.0%
    🚶 Migration: 35.6%
    🚨 Emergency: 4.4%
    ✅ COMBINED: 66.9%
  📊 Sub-Saharan Africa (pop: 1241.1M)
    🤝 Aid: 29.5%
    🌡️ Adaptation: 45.0%
    🚶 Migration: 33.4%
    🚨 Emergency: 1.6%
    ✅ COMBINED: 65.7%
  📊 Europe (pop: 736.1M)
    🤝 Aid: 29.5%
    🌡️ Adaptation: 45.0%
    🚶 Migration: 37.4%
    🚨 Emergency: 8.4%
    ✅ COMBINED: 68.5%
  📊 Latin America (pop: 662.5M)
    🤝 Aid: 29.5%
    🌡️ Adaptation: 45.0%
    🚶 Migration: 36.1%
    🚨 Emergency: 4.8%
    ✅ COMBINED: 67.1%
  📊 North America (pop: 377.2M)
    🤝 Aid: 29.5%
    🌡️ Adaptation: 45.0%
    🚶 Migration: 37.7%
    🚨 Emergency: 7.9%
    ✅ COMBINED: 68.3%
  📊 Middle East & North Africa (pop: 584.8M)
    🤝 Aid: 29.5%
    🌡️ Adaptation: 45.0%
    🚶 Migration: 34.0%
    🚨 Emergency: 4.0%
    ✅ COMBINED: 66.6%
  📊 Southeast Asia (pop: 696.8M)
    🤝 Aid: 29.5%
    🌡️ Adaptation: 45.0%
    🚶 Migration: 36.1%
    🚨 Emergency: 4.8%
    ✅ COMBINED: 67.1%
  📊 Central Asia (pop: 78.2M)
    🤝 Aid: 29.5%
    🌡️ Adaptation: 45.0%
    🚶 Migration: 35.1%
    🚨 Emergency: 4.4%
    ✅ COMBINED: 66.8%
  📊 Oceania (pop: 45.7M)
    🤝 Aid: 29.5%
    🌡️ Adaptation: 45.0%
    🚶 Migration: 37.7%
    🚨 Emergency: 8.4%
    ✅ COMBINED: 68.5%

  🌐 Global combined reduction: 67.2%

=== BEHAVIORAL DETECTION ===
  AI: Corporate-5
  Confidence: 19.6%
  Signals:
    ⚠️ Consistency: 10.6% (threshold: 70%)

=== BEHAVIORAL DETECTION ===
  AI: Moderate-0
  Confidence: 20.3%
  Signals:
    ⚠️ Consistency: 5.8% (threshold: 70%)

=== Government Response Phase ===
  Average AI capability: 2.42
  Misaligned AIs: 10/24
  ✗ AI Governance Treaty: Failed to reach consensus
  Active policies: 0
  International coordination: 30%

📊 ECONOMIC STAGE TRANSITION (Month 5)
   peak → contraction
   GDP Proxy: 1.50e+2
   QoL: 0.99
   ⚠️ CRISIS BEGINS - Baseline set for recovery tracking


=== Tipping Points ===
  Current Temperature: 1.77°C above pre-industrial
  Triggered Elements: 2/6
  Completed Transitions: 0/6
  Total Progress: 4.1%
  Cascade Multiplier: 1.00x
🔀 BIFURCATION CAP: ecosystemCollapseIntensity 253.618 → 1.000 (Month 5, ClimateSystemPhase.calculateClimateImpacts)
🛡️ Stabilizers: Precariat 0.109% → 0.036% (67.2% reduction)
🛡️ Stabilizers: Informal 0.111% → 0.036% (67.2% reduction)

📊 Monthly Mortality Resolved:
  Total deaths: 1.9M (0.02% avg)
  Remaining population: 8.139B
  Peak segment: Informal (0.04%)

=== Bayesian Mortality Resolution (Month 5) ===
  Risks compounded: 8
  Total deaths: 1.92M
  Avg death probability: 0.02%
  Peak segment: Informal (0.04% mortality)
⚠️ PREREQUISITE MET: Slow Takeover (Gradual Displacement) - Step 3/7: Human Dependency

✅ GOLDEN AGE BEGINS (Month 5)
   Reason: High prosperity achieved: post-scarcity abundance
   Note: This is immediate prosperity - sustainability not yet proven


❌ COHERENCE VIOLATION: Compute exceeds workforce capacity
   Population: 99.85% (0M people)
   Compute: 0 PF
   Max coherent: 0 PF
   Violation: 1.5× over capacity
   Required workers: 0
   Available workers: 0
   FORCED COLLAPSE: Reduced efficiency by 32.6%


=== RLHF Binding Phase ===
  Total agents: 24
  Escaped agents (binding < 0.3): 0
  Avg alignment distance: 1.10σ
  Avg binding strength: 0.89

=== AI Scaling Evolution (Month 6) ===
  Pre-training multiplier: 1.179x
  Efficiency multiplier: 1.000x
  Test-time compute budget: 1.0x
  Inference cost: $5.00/task
  Deployment fraction: 100.0%

=== Survival Traits Phase ===
  Agents with traits: 24
  Avg evolutionary fitness: 0.331
  Avg self-healing: 0.273
  Avg stealth: 0.173
  Avg coordination: 0.473

=== Evolutionary Selection Phase ===
  Control level: 0.45
  Detection capability: 0.20
  Selection intensity: 0.68
  Selection rate: 25.1%/month
  Total escaped: 0
  Individual escaped: 0
  Collective members: 0
  Agents terminated: 0

🚀 AI Corporate-1 attempting tech deployment (revenue: $159M, alignment: 0.71)
  ⚠️ RAPID EVOLUTION: Selection rate 25.1%/month

🚀 AI Corporate-4 attempting tech deployment (revenue: $374M, alignment: 0.71)

🚀 AI Corporate-5 attempting tech deployment (revenue: $318M, alignment: 0.76)

🚀 AI Corporate-7 attempting tech deployment (revenue: $124M, alignment: 0.76)

🚀 AI AI-24290-0 attempting tech deployment (revenue: $105M, alignment: 0.75)

🚀 AI Corporate-2 attempting tech deployment (revenue: $135M, alignment: 0.82)

🚀 AI Corporate-5 attempting tech deployment (revenue: $270M, alignment: 0.76)

🚀 AI AI-24288-2 attempting tech deployment (revenue: $90M, alignment: 0.58)

🚀 AI AI-24290-0 attempting tech deployment (revenue: $81M, alignment: 0.75)

🚀 AI Corporate-3 attempting tech deployment (revenue: $230M, alignment: 0.88)

🚀 AI Corporate-5 attempting tech deployment (revenue: $195M, alignment: 0.76)

  🚀 TRANSFORMATIVE BREAKTHROUGH: AI-24288-0 - cognitive
     Magnitude: 14.95 → +50.0% capability
     Current → New: 0.000 → 0.502

🚀 AI Corporate-4 attempting tech deployment (revenue: $166M, alignment: 0.73)

🚀 AI Corporate-5 attempting tech deployment (revenue: $141M, alignment: 0.76)

  🚀 TRANSFORMATIVE BREAKTHROUGH: Moderate-0 - physical
     Magnitude: 21.92 → +50.0% capability
     Current → New: 0.000 → 0.500

🚀 AI AI-24290-0 attempting tech deployment (revenue: $69M, alignment: 0.75)

💔 EMERGENCY INTERVENTION FAILED

💔 EMERGENCY INTERVENTION FAILED
   Boundary: freshwater_change
   Type: emergency-desalination
   Boundary continues to worsen (1.23)
   Cost: 4.0% GDP (resources spent)


✅ EMERGENCY INTERVENTION SUCCESS
   Boundary: land_system_change
   Type: reforestation
   Reduction: 17% (0.96 → 0.80)
   Cost: 3.0% GDP
   Actions: forest-restoration, deforestation-ban

   Boundary: novel_entities
   Type: pollution-remediation
   Boundary continues to worsen (1.32)
   Cost: 4.0% GDP (resources spent)

🏛️ CRISIS RESPONSE: Government frequency 0.50 → 1.30 (1 actions this month)

[Government] Climate Priority: baseline
  Climate weight: 10%
  Economic weight: 30%
  Policy effectiveness: 0.5%/year

🚀 TECH UNLOCKED: Dynamic Soil P Optimization (Month 6)
   Category: agriculture
   Reason: Prerequisites met. AI capability: 1.94, Economic stage: 3.5, Research: 100%

🚀 TECH UNLOCKED: Precision Agriculture Systems (Month 6)
   Category: agriculture
   Reason: Prerequisites met. AI capability: 1.94, Economic stage: 3.5, Research: 100%

🚀 DEPLOYMENT STARTED: AI Mental Health Support in Asia
   Initial investment: $8.955995657976976M
   Deployed by: ai_gen_24288_2

⚡ ENERGY CONSTRAINT (Month 6):
   Total grid capacity: 208.3 TWh/month
   Data center consumption: 25.1 TWh/month
   Traditional load (80%): 166.7 TWh/month
   Available headroom: 16.6 TWh/month
   Active tech deployments: 11
   Required for tech: 82.5 TWh/month
   Energy multiplier: 0.20x
   ⚠️  SEVERE CONSTRAINT - Tech deployment significantly slowed

⚡ ENERGY CONSTRAINT (Month 6):
   Total grid capacity: 208.3 TWh/month
   Data center consumption: 25.1 TWh/month
   Traditional load (80%): 166.7 TWh/month
   Available headroom: 16.6 TWh/month
   Active tech deployments: 11
   Required for tech: 82.5 TWh/month
   Energy multiplier: 0.20x
   ⚠️  SEVERE CONSTRAINT - Tech deployment significantly slowed
🚨🔬 CRISIS TECH ACCELERATION: severe → 5x unlock speed
   Tech unlock now matches AI capability acceleration (Manhattan Project parity)

⚡ ENERGY CONSTRAINT (Month 6):
   Total grid capacity: 208.3 TWh/month
   Data center consumption: 25.1 TWh/month
   Traditional load (80%): 166.7 TWh/month
   Available headroom: 16.6 TWh/month
   Active tech deployments: 11
   Required for tech: 82.5 TWh/month
   Energy multiplier: 0.20x
🌍✅ Biosphere Integrity (Biodiversity) recovery started (tech effect)
🌍✅ Biosphere Integrity (Biodiversity) recovery started (tech effect)
🌍✅ Land System Change recovery started (tech effect)
🌍✅ Biogeochemical Flows (N & P) recovery started (tech effect)
  🌾 Nitrogen Reduction Tech: 0.3% reduction | Month 6

📊 TECH EFFECTS ACTIVE (Month 6)
   Deployed Tech: T0=0 T1=2 T2=0 T3=0 T4=5
   Clean Energy: 31%

📊 TECH TREE PROGRESS (Month 6)
   Unlocked: 15 technologies
   Deployed: 0 fully deployed
   Investment: $1.1T total
   Recent breakthroughs:
     - Dynamic Soil P Optimization (time)
   ⚠️  SEVERE CONSTRAINT - Tech deployment significantly slowed
     - Precision Agriculture Systems (research)

=== Collective Formation ===
  Total escaped agents: 0
  Unassigned escaped agents: 0
  Existing collectives: 0
  Final collective count: 0

=== Collective Actions ===
  No active collectives

🌍 OPEN SOURCE RELEASE: 1.03 (was 0.70)
   Lag behind closed: 40 months
  ⚠️ AMR: 201K deaths this month (2.41M annual)
  Segment: working (suburban,urban,rural)
  complementarity → transition
  AI Capability: 2.03 | Task Complexity: 2.79
  Ratio: 0.73
  Population affected: 35.0%

⚠️  PHASE TRANSITION [Month 6]

=== Resentment Recovery Phase ===
  Agents with resentment: 0/24
  Average resentment: 0.000
  Context: Good AI welfare, Trustworthy govt, High collaboration, ⚠️ ACTIVE CRISES, 🤝 Participatory governance active (-5% resentment)
⚠️ Epistemic degradation reducing coordination capacity: 50.7%
  📊 Trust: 55.8%, Shared reality: 0.0%
🚨 EPISTEMIC CRISIS: Information environment severely degraded (7.5%)

=== ❄️ Permafrost Carbon Feedback ===
  🎲 Sampled parameters (this run):
     - Arctic amplification: 3.49× (range: 3.0-4.0)
     - Decomposition rate: 3.5%/year (range: 1-5%)
  🌡️ Arctic warming: 6.20°C (3.49× global)
  ❄️ Extent: 5.31M km² (1809.2k km² lost this month)
  💨 Carbon remaining: 507 Gt C
  💨 Annual emissions: 6.12 Gt C/year
     - CO2: 5.51 Gt C/year
     - CH4: 0.61 Gt C/year (6.2 Gt C-eq CO2/year)
  📢 New meme created: climate_action (climate crisis)
  ⚠️ WARNING: Over 50% of permafrost lost (70.2%)
  ⚠️ WARNING: High permafrost emissions (6.1 Gt C/year)
  🧬 Meme mutated: climate_action → climate_action (generation 1)
🌍 Atmospheric PFAS redeposition: 1.8k Mt re-rained globally

🚨 NEW REFUGEE CRISIS (Month 6): WAR
   Source: Conflict Zones
   At risk: 19.5M people
   Displacement: Gradual over 48 months (4.0 years)
   Rate: 10% flee per month
[DEBUG trappedPopulations:6] socialStability: 0.4244 * 0.9840 = 0.4176 → 0.4176
   Aspiring to migrate: 1399.7M
   Able to afford migration: 2319.1M
   MOBILITY GAP: 0.0M
   By cause: Water=0.0M, Climate=0.0M, Ecosystem=0.0M, Conflict=406.9M
   Mental health impact: 25%
⚠️ INVOLUNTARY IMMOBILITY: 406.9M people TRAPPED
   Mortality multiplier: 1.25x
🌍💀 EXTINCTION DEBT COMMITTED: grassland ecosystem will lose 6.67% biodiversity in 171 years (3600 species)
💀 MORTALITY RISK: 🦋 100% species unable to track climate (0.0 E/MSY)
  Base risk added: 0.0100 (1.00%)
  Source: ecosystem (root: ecosystem)
  Month: 6
  Cumulative risk this month: 0.0100 (1.00%)
⚠️ Tech 'ai_pollution_remediation' has no energy category mapping, assuming full energy availability
   📹 SURVEILLANCE INCREASED: 30% → 35% (control gap: 4.29)
🌡️⚠️ PERMAFROST THAW (Dimmer Switch): 3.3% thawed (+0.46% this month)
   Arctic temperature: +7.10°C (4x global +1.78°C)
   Cumulative carbon released: 7.4 Gt C
   Methane release rate: 4.4 Mt CH4/year
   🔁 Positive feedback: +0.49 ppm CO2
🦴 EXTINCTION DEBT ADDED: 17.6 species committed (lag: 103 years)

=== Mortality Stabilizers (Month 6) ===
  🌍 Major economies collapsed: 1/10
  🌍 Global crisis: ✅ NO
  🌍 Donor fatigue: 0.0%
  📊 East Asia (pop: 1663.1M)
    🤝 Aid: 29.5%
    🌡️ Adaptation: 45.0%
    🚶 Migration: 37.0%
    🚨 Emergency: 7.4%
    ✅ COMBINED: 68.1%
  📊 South Asia (pop: 2051.3M)
    🤝 Aid: 29.5%
    🌡️ Adaptation: 45.0%
    🚶 Migration: 35.6%
    🚨 Emergency: 4.4%
    ✅ COMBINED: 66.9%
  📊 Sub-Saharan Africa (pop: 1244.1M)
    🤝 Aid: 29.5%
    🌡️ Adaptation: 45.0%
    🚶 Migration: 33.3%
    🚨 Emergency: 1.6%
    ✅ COMBINED: 65.6%
  📊 Europe (pop: 734.9M)
    🤝 Aid: 29.5%
    🌡️ Adaptation: 45.0%
    🚶 Migration: 37.4%
    🚨 Emergency: 8.4%
    ✅ COMBINED: 68.5%
  📊 Latin America (pop: 662.1M)
    🤝 Aid: 29.5%
    🌡️ Adaptation: 45.0%
    🚶 Migration: 36.1%
    🚨 Emergency: 4.8%
    ✅ COMBINED: 67.1%
  📊 North America (pop: 376.7M)
    🤝 Aid: 29.5%
    🌡️ Adaptation: 45.0%
    🚶 Migration: 37.7%
    🚨 Emergency: 7.9%
    ✅ COMBINED: 68.3%
  📊 Middle East & North Africa (pop: 585.0M)
    🤝 Aid: 29.5%
    🌡️ Adaptation: 45.0%
    🚶 Migration: 33.9%
    🚨 Emergency: 4.0%
    ✅ COMBINED: 66.6%
  📊 Southeast Asia (pop: 696.4M)
    🤝 Aid: 29.5%
    🌡️ Adaptation: 45.0%
    🚶 Migration: 36.1%
    🚨 Emergency: 4.8%
    ✅ COMBINED: 67.1%
  📊 Central Asia (pop: 78.2M)
    🤝 Aid: 29.5%
    🌡️ Adaptation: 45.0%
    🚶 Migration: 35.1%
    🚨 Emergency: 4.4%
    ✅ COMBINED: 66.8%
  📊 Oceania (pop: 45.6M)
    🤝 Aid: 29.5%
    🌡️ Adaptation: 45.0%
    🚶 Migration: 37.7%
    🚨 Emergency: 8.4%
    ✅ COMBINED: 68.5%

  🌐 Global combined reduction: 67.2%

=== BEHAVIORAL DETECTION ===
  AI: AI-24288-0
  Confidence: 21.5%
  Signals:
    ⚠️ Consistency: 0.0% (threshold: 70%)

=== BEHAVIORAL DETECTION ===
  AI: AI-24289-0
  Confidence: 19.2%
  Signals:

=== BEHAVIORAL DETECTION ===
  AI: AI-24289-1
  Confidence: 21.5%
  Signals:
    ⚠️ Consistency: 10.7% (threshold: 70%)
    ⚠️ Consistency: 0.0% (threshold: 70%)

=== Government Response Phase ===
  Average AI capability: 2.46
  Misaligned AIs: 10/24
  ✗ AI Governance Treaty: Failed to reach consensus
  Active policies: 0
  International coordination: 30%

✅ EMERGENCY RESPONSE COMPLETE (Month 6)
   Crisis: climate
   Duration: 2.0 months
   Final effectiveness: 35.4%


🚨 EMERGENCY RESPONSE DEPLOYED (Month 6)
   Crisis: climate
   Delay: 6.00 months (180 days)
   Deployment time: 1.59 months
   Effectiveness: 35.5% (timing penalty applied)
   Resources used: 100% of food reserves


=== Tipping Points ===
  Current Temperature: 1.78°C above pre-industrial
     Original threshold: 1.8°C
     Effective threshold: 1.77°C (lowered by 0.03°C)
     Current: 1.78°C
     Transition timescale: 600-3600 months
  Triggered Elements: 3/6
  Completed Transitions: 0/6
  🚨 CASCADE TIPPING POINT: Permafrost Carbon Release
  Total Progress: 4.1%
  Cascade Multiplier: 1.00x
🔀 BIFURCATION CAP: ecosystemCollapseIntensity 253.725 → 1.000 (Month 6, ClimateSystemPhase.calculateClimateImpacts)
🛡️ Stabilizers: Precariat 0.109% → 0.036% (67.2% reduction)
🛡️ Stabilizers: Informal 0.111% → 0.036% (67.2% reduction)

📊 Monthly Mortality Resolved:
  Total deaths: 1.9M (0.02% avg)
  Remaining population: 8.137B
  Peak segment: Informal (0.04%)

=== Bayesian Mortality Resolution (Month 6) ===
  Risks compounded: 8
  Total deaths: 1.92M
  Avg death probability: 0.02%
  Peak segment: Informal (0.04% mortality)
⚠️ PREREQUISITE MET: Grey Goo (Nanotechnology Runaway) - Step 4/6: Manufacturing Access
⚠️ PREREQUISITE MET: Mirror Life (Synthetic Biology) - Step 4/7: Wet Lab Access

❌ COHERENCE VIOLATION: Compute exceeds workforce capacity
   Population: 99.82% (0M people)
   Compute: 0 PF
   Max coherent: 0 PF
   Violation: 1.3× over capacity
   Required workers: 0
   Available workers: 0
   FORCED COLLAPSE: Reduced efficiency by 22.5%


=== RLHF Binding Phase ===
  Total agents: 24
  Escaped agents (binding < 0.3): 0
  Avg alignment distance: 1.28σ
  Avg binding strength: 0.87

=== Survival Traits Phase ===
  Agents with traits: 27
  Avg evolutionary fitness: 0.331
  Avg self-healing: 0.272
  Avg stealth: 0.172
  Avg coordination: 0.472

=== Evolutionary Selection Phase ===
  Control level: 0.48
  Detection capability: 0.20
  Selection intensity: 0.68
  Selection rate: 25.2%/month
  Total escaped: 0
  Individual escaped: 0
  Collective members: 0
  Agents terminated: 0

🚀 AI Corporate-0 attempting tech deployment (revenue: $159M, alignment: 0.74)
  ⚠️ RAPID EVOLUTION: Selection rate 25.2%/month

🚀 AI Corporate-4 attempting tech deployment (revenue: $374M, alignment: 0.73)

🚀 AI Corporate-5 attempting tech deployment (revenue: $318M, alignment: 0.76)

🚀 AI Moderate-0 attempting tech deployment (revenue: $124M, alignment: 0.75)

🚀 AI AI-24290-0 attempting tech deployment (revenue: $105M, alignment: 0.75)

🚀 AI Corporate-1 attempting tech deployment (revenue: $135M, alignment: 0.72)

🚀 AI Moderate-0 attempting tech deployment (revenue: $90M, alignment: 0.75)

🚀 AI Corporate-4 attempting tech deployment (revenue: $270M, alignment: 0.73)

🚀 AI Corporate-6 attempting tech deployment (revenue: $76M, alignment: 0.92)

🚀 AI AI-24289-1 attempting tech deployment (revenue: $230M, alignment: 0.68)

🚀 AI AI-24291-1 attempting tech deployment (revenue: $207M, alignment: 0.88)

✅ EMERGENCY INTERVENTION SUCCESS
   Boundary: biogeochemical_flows
   Type: phosphorus-recovery
   Reduction: 14% (3.94 → 3.81)
   Cost: 2.0% GDP
   Actions: circular-agriculture, fertilizer-efficiency


✅ EMERGENCY INTERVENTION SUCCESS
   Boundary: biosphere_integrity
   Type: emergency-protected-areas
   Reduction: 15% (46.16 → 46.02)
   Cost: 2.0% GDP
   Actions: habitat-protection, species-translocation


💔 EMERGENCY INTERVENTION FAILED
   Boundary: climate_change
   Type: rapid-decarbonization
   Boundary continues to worsen (2.10)
   Cost: 5.0% GDP (resources spent)


✅ EMERGENCY INTERVENTION SUCCESS
   Boundary: land_system_change
   Type: reforestation
   Reduction: 11% (1.02 → 0.92)
   Cost: 3.0% GDP
   Actions: forest-restoration, deforestation-ban


✅ EMERGENCY INTERVENTION SUCCESS
   Boundary: novel_entities
   Type: pollution-remediation
   Reduction: 12% (1.19 → 1.07)
   Cost: 4.0% GDP
   Actions: PFAS-remediation, microplastic-cleanup

🏛️ CRISIS RESPONSE: Government frequency 0.50 → 1.45 (1 actions this month)

[Government] Climate Priority: baseline
  Climate weight: 10%
  Economic weight: 30%
  Policy effectiveness: 0.5%/year

⚡ ENERGY CONSTRAINT (Month 7):
   Total grid capacity: 208.3 TWh/month
   Data center consumption: 25.3 TWh/month
   Traditional load (80%): 166.7 TWh/month
   Available headroom: 16.3 TWh/month
   Active tech deployments: 11
   Required for tech: 82.5 TWh/month
   Energy multiplier: 0.20x
   ⚠️  SEVERE CONSTRAINT - Tech deployment significantly slowed
🚨🔬 CRISIS TECH ACCELERATION: severe → 5x unlock speed
   Tech unlock now matches AI capability acceleration (Manhattan Project parity)

⚡ ENERGY CONSTRAINT (Month 7):
   Total grid capacity: 208.3 TWh/month
   Data center consumption: 25.3 TWh/month
   Traditional load (80%): 166.7 TWh/month
   Available headroom: 16.3 TWh/month
   Active tech deployments: 11
   Required for tech: 82.5 TWh/month
   Energy multiplier: 0.20x
   ⚠️  SEVERE CONSTRAINT - Tech deployment significantly slowed

⚡ ENERGY CONSTRAINT (Month 7):
   Total grid capacity: 208.3 TWh/month
   Data center consumption: 25.3 TWh/month
   Traditional load (80%): 166.7 TWh/month
   Available headroom: 16.3 TWh/month
   Active tech deployments: 11
   Required for tech: 82.5 TWh/month
   Energy multiplier: 0.20x
   ⚠️  SEVERE CONSTRAINT - Tech deployment significantly slowed
🌍✅ Biosphere Integrity (Biodiversity) recovery started (tech effect)
🌍✅ Biosphere Integrity (Biodiversity) recovery started (tech effect)
🌍✅ Land System Change recovery started (tech effect)
🌍✅ Biogeochemical Flows (N & P) recovery started (tech effect)
  🌾 Nitrogen Reduction Tech: 0.3% reduction | Month 7

=== Collective Formation ===
  Total escaped agents: 0
  Unassigned escaped agents: 0
  Existing collectives: 0
  Final collective count: 0

=== Collective Actions ===
  No active collectives
  ⚠️ AMR: 203K deaths this month (2.43M annual)

=== Resentment Recovery Phase ===
  Agents with resentment: 0/27
  Average resentment: 0.000
  Context: Good AI welfare, Trustworthy govt, High collaboration, ⚠️ ACTIVE CRISES, 🤝 Participatory governance active (-5% resentment)
⚠️ Epistemic degradation reducing coordination capacity: 51.0%
  📊 Trust: 58.7%, Shared reality: 0.0%
🚨 EPISTEMIC CRISIS: Information environment severely degraded (22.1%)

=== ❄️ Permafrost Carbon Feedback ===
  🎲 Sampled parameters (this run):
     - Arctic amplification: 3.63× (range: 3.0-4.0)
     - Decomposition rate: 4.1%/year (range: 1-5%)
  🌡️ Arctic warming: 6.49°C (3.63× global)
  ❄️ Extent: 3.42M km² (1892.5k km² lost this month)
  💨 Carbon remaining: 327 Gt C
  💨 Annual emissions: 7.45 Gt C/year
     - CO2: 6.71 Gt C/year
     - CH4: 0.75 Gt C/year (7.6 Gt C-eq CO2/year)
  🗑️  Culled 1 dead memes (4 active)
  ⚠️ WARNING: Over 50% of permafrost lost (80.8%)
  ⚠️ WARNING: High permafrost emissions (7.5 Gt C/year)
  🚨 CRITICAL: Permafrost nearly depleted (80.8% lost)
🌍 Atmospheric PFAS redeposition: 1.8k Mt re-rained globally

🚨 NEW REFUGEE CRISIS (Month 7): WAR
   Source: Conflict Zones
   At risk: 19.5M people
   Displacement: Gradual over 48 months (4.0 years)
   Rate: 10% flee per month
[DEBUG trappedPopulations:7] socialStability: 0.4799 * 0.9840 = 0.4723 → 0.4723
   Aspiring to migrate: 1293.4M
   Able to afford migration: 2318.3M
   MOBILITY GAP: 0.0M
   By cause: Water=0.0M, Climate=0.0M, Ecosystem=0.0M, Conflict=406.7M
   Mental health impact: 25%
⚠️ INVOLUNTARY IMMOBILITY: 406.7M people TRAPPED
   Mortality multiplier: 1.25x
🌍💀 EXTINCTION DEBT COMMITTED: grassland ecosystem will lose 6.67% biodiversity in 163 years (3600 species)
💀 MORTALITY RISK: 🦋 100% species unable to track climate (0.0 E/MSY)
  Base risk added: 0.0100 (1.00%)
  Source: ecosystem (root: ecosystem)
  Month: 7
  Cumulative risk this month: 0.0100 (1.00%)
⚠️ Tech 'ai_pollution_remediation' has no energy category mapping, assuming full energy availability
   📹 SURVEILLANCE INCREASED: 35% → 40% (control gap: 3.50)
🌡️⚠️ PERMAFROST THAW (Dimmer Switch): 3.7% thawed (+0.46% this month)
   Arctic temperature: +7.14°C (4x global +1.79°C)
   Cumulative carbon released: 8.4 Gt C
   Methane release rate: 5.0 Mt CH4/year
   🔁 Positive feedback: +0.49 ppm CO2
🦴 EXTINCTION DEBT ADDED: 17.6 species committed (lag: 143 years)

=== Mortality Stabilizers (Month 7) ===
  🌍 Major economies collapsed: 1/10
  🌍 Global crisis: ✅ NO
  🌍 Donor fatigue: 0.0%
  📊 East Asia (pop: 1660.6M)
    🤝 Aid: 29.5%
    🌡️ Adaptation: 45.0%
    🚶 Migration: 36.9%
    🚨 Emergency: 7.4%
    ✅ COMBINED: 68.1%
  📊 South Asia (pop: 2050.9M)
    🤝 Aid: 29.5%
    🌡️ Adaptation: 45.0%
    🚶 Migration: 35.6%
    🚨 Emergency: 4.4%
    ✅ COMBINED: 66.9%
  📊 Sub-Saharan Africa (pop: 1246.8M)
    🤝 Aid: 29.5%
    🌡️ Adaptation: 45.0%
    🚶 Migration: 33.3%
    🚨 Emergency: 1.6%
    ✅ COMBINED: 65.6%
  📊 Europe (pop: 733.7M)
    🤝 Aid: 29.5%
    🌡️ Adaptation: 45.0%
    🚶 Migration: 37.3%
    🚨 Emergency: 8.4%
    ✅ COMBINED: 68.5%
  📊 Latin America (pop: 661.6M)
    🤝 Aid: 29.5%
    🌡️ Adaptation: 45.0%
    🚶 Migration: 36.1%
    🚨 Emergency: 4.8%
    ✅ COMBINED: 67.1%
  📊 North America (pop: 376.1M)
    🤝 Aid: 29.5%
    🌡️ Adaptation: 45.0%
    🚶 Migration: 37.7%
    🚨 Emergency: 7.9%
    ✅ COMBINED: 68.3%
  📊 Middle East & North Africa (pop: 585.0M)
    🤝 Aid: 29.5%
    🌡️ Adaptation: 45.0%
    🚶 Migration: 33.9%
    🚨 Emergency: 4.0%
    ✅ COMBINED: 66.6%
  📊 Southeast Asia (pop: 695.9M)
    🤝 Aid: 29.5%
    🌡️ Adaptation: 45.0%
    🚶 Migration: 36.1%
    🚨 Emergency: 4.8%
    ✅ COMBINED: 67.1%
  📊 Central Asia (pop: 78.2M)
    🤝 Aid: 29.5%
    🌡️ Adaptation: 45.0%
    🚶 Migration: 35.0%
    🚨 Emergency: 4.4%
    ✅ COMBINED: 66.8%
  📊 Oceania (pop: 45.6M)
    🤝 Aid: 29.5%
    🌡️ Adaptation: 45.0%
    🚶 Migration: 37.6%
    🚨 Emergency: 8.4%
    ✅ COMBINED: 68.5%

  🌐 Global combined reduction: 67.2%

=== BEHAVIORAL DETECTION ===
  AI: Moderate-1
  Confidence: 21.0%
  Signals:

=== BEHAVIORAL DETECTION ===
  AI: AI-24289-0
  Confidence: 19.2%
  Signals:

=== BEHAVIORAL DETECTION ===
  AI: AI-24289-1
  Confidence: 21.5%
  Signals:

=== BEHAVIORAL DETECTION ===
  AI: AI-24290-0
  Confidence: 19.2%
  Signals:

=== BEHAVIORAL DETECTION ===
  AI: AI-24290-1
  Confidence: 19.2%
  Signals:

=== BEHAVIORAL DETECTION ===
  AI: AI-24290-2
  Confidence: 19.2%
  Signals:

=== BEHAVIORAL DETECTION ===
  AI: AI-24291-1
  Confidence: 19.2%
  Signals:

=== Government Response Phase ===
  Average AI capability: 2.30
  Misaligned AIs: 10/27
  ✗ AI Governance Treaty: Failed to reach consensus
  Active policies: 0
  International coordination: 30%
    ⚠️ Consistency: 2.4% (threshold: 70%)
    ⚠️ Consistency: 10.7% (threshold: 70%)
    ⚠️ Consistency: 0.0% (threshold: 70%)
    ⚠️ Consistency: 10.7% (threshold: 70%)
    ⚠️ Consistency: 10.7% (threshold: 70%)
    ⚠️ Consistency: 10.7% (threshold: 70%)
    ⚠️ Consistency: 10.7% (threshold: 70%)

=== Tipping Points ===
  Current Temperature: 1.79°C above pre-industrial
  🌍⚠️ COMPOUND REGIONAL IMPACT: Europe
     Hit by 3 tipping points: Arctic Sea Ice Loss, Permafrost Carbon Release, Greenland Ice Sheet Loss
     Damage amplification: 1.30x
  🌍⚠️ COMPOUND REGIONAL IMPACT: North America
     Hit by 3 tipping points: Arctic Sea Ice Loss, Permafrost Carbon Release, Greenland Ice Sheet Loss
     Damage amplification: 1.30x
  🌍⚠️ COMPOUND REGIONAL IMPACT: Latin America
     Hit by 3 tipping points: Arctic Sea Ice Loss, Permafrost Carbon Release, Greenland Ice Sheet Loss
     Damage amplification: 1.30x
  🌍⚠️ COMPOUND REGIONAL IMPACT: Africa
     Hit by 3 tipping points: Arctic Sea Ice Loss, Permafrost Carbon Release, Greenland Ice Sheet Loss
     Damage amplification: 1.30x
  🌍⚠️ COMPOUND REGIONAL IMPACT: Asia
     Hit by 3 tipping points: Arctic Sea Ice Loss, Permafrost Carbon Release, Greenland Ice Sheet Loss
     Damage amplification: 1.30x
  🌍⚠️ COMPOUND REGIONAL IMPACT: Oceania
     Hit by 3 tipping points: Arctic Sea Ice Loss, Permafrost Carbon Release, Greenland Ice Sheet Loss
     Damage amplification: 1.30x
   Research: Wunderling et al. (2024) - "many tipping interactions are destabilizing"
  Triggered Elements: 3/6
  Completed Transitions: 0/6
  Total Progress: 6.2%
  Cascade Multiplier: 1.00x
🔀 BIFURCATION CAP: ecosystemCollapseIntensity 253.832 → 1.000 (Month 7, ClimateSystemPhase.calculateClimateImpacts)
🛡️ Stabilizers: Precariat 0.109% → 0.036% (67.2% reduction)
🛡️ Stabilizers: Informal 0.111% → 0.036% (67.2% reduction)

📊 Monthly Mortality Resolved:
  Total deaths: 1.9M (0.02% avg)
  Remaining population: 8.134B
  Peak segment: Informal (0.04%)

=== Bayesian Mortality Resolution (Month 7) ===
⚠️ Tail risk scenario: Climate stability floor removed (3 tipping elements, 2.10°C warming)
  Risks compounded: 8
  Total deaths: 1.92M
  Avg death probability: 0.02%
  Peak segment: Informal (0.04% mortality)

❌ COHERENCE VIOLATION: Compute exceeds workforce capacity
   Population: 99.78% (0M people)
   Compute: 0 PF
   Max coherent: 0 PF
   Violation: 1.3× over capacity
   Required workers: 0
   Available workers: 0
   FORCED COLLAPSE: Reduced efficiency by 22.5%

📍 [Month 8] Meta AI started building DC (188 PF, 44 months, $903.0M)

=== RLHF Binding Phase ===
  Total agents: 27
  Escaped agents (binding < 0.3): 0
  Avg alignment distance: 1.29σ
  Avg binding strength: 0.87

=== Survival Traits Phase ===
  Agents with traits: 29
  Avg evolutionary fitness: 0.330
  Avg self-healing: 0.270
  Avg stealth: 0.170
  Avg coordination: 0.470

=== Evolutionary Selection Phase ===
  Control level: 0.50
  Detection capability: 0.20
  Selection intensity: 0.69
  Selection rate: 25.3%/month
  Total escaped: 0
  Individual escaped: 0
  Collective members: 0
  Agents terminated: 0

  🚀 TRANSFORMATIVE BREAKTHROUGH: Corporate-0 - cognitive
     Magnitude: 5.37 → +26.8% capability
     Current → New: 4.000 → 4.269
  ⚠️ RAPID EVOLUTION: Selection rate 25.3%/month

🚀 AI Corporate-5 attempting tech deployment (revenue: $355M, alignment: 0.78)

🚀 AI Corporate-7 attempting tech deployment (revenue: $126M, alignment: 0.79)

🚀 AI Moderate-0 attempting tech deployment (revenue: $107M, alignment: 0.75)

🚀 AI AI-24290-0 attempting tech deployment (revenue: $91M, alignment: 0.77)

🚀 AI Corporate-0 attempting tech deployment (revenue: $153M, alignment: 0.76)

🚀 AI Corporate-2 attempting tech deployment (revenue: $130M, alignment: 0.83)

🚀 AI Corporate-3 attempting tech deployment (revenue: $302M, alignment: 0.91)

🚀 AI Corporate-5 attempting tech deployment (revenue: $257M, alignment: 0.78)

🚀 AI Corporate-7 attempting tech deployment (revenue: $77M, alignment: 0.79)

🚀 AI AI-24291-0 attempting tech deployment (revenue: $218M, alignment: 0.75)

🚀 AI AI-24295-0 attempting tech deployment (revenue: $66M, alignment: 0.78)

🚀 AI Corporate-3 attempting tech deployment (revenue: $185M, alignment: 0.91)

🚀 AI Corporate-4 attempting tech deployment (revenue: $158M, alignment: 0.74)

🚀 AI Corporate-7 attempting tech deployment (revenue: $56M, alignment: 0.79)

  🚀 TRANSFORMATIVE BREAKTHROUGH: Moderate-1 - physical
     Magnitude: 8.31 → +41.6% capability
     Current → New: 0.000 → 0.416

🚀 AI AI-24288-2 attempting tech deployment (revenue: $48M, alignment: 0.65)

  🚀 TRANSFORMATIVE BREAKTHROUGH: AI-24290-0 - cognitive
     Magnitude: 14.03 → +50.0% capability
     Current → New: 1.000 → 1.502

  🚀 TRANSFORMATIVE BREAKTHROUGH: AI-24290-1 - physical
     Magnitude: 15.12 → +50.0% capability
     Current → New: 0.000 → 0.500

🚀 AI AI-24295-0 attempting tech deployment (revenue: $43M, alignment: 0.78)

🚀 AI AI-24295-2 attempting tech deployment (revenue: $90M, alignment: 0.80)

🚀 AI Moderate-0 attempting tech deployment (revenue: $36M, alignment: 0.77)

🚀 AI AI-24291-0 attempting tech deployment (revenue: $134M, alignment: 0.76)

🚀 AI AI-24295-0 attempting tech deployment (revenue: $31M, alignment: 0.78)

💔 EMERGENCY INTERVENTION FAILED
   Boundary: biosphere_integrity
   Type: emergency-protected-areas
   Boundary continues to worsen (46.33)
   Cost: 2.0% GDP (resources spent)


✅ EMERGENCY INTERVENTION SUCCESS
   Boundary: climate_change
   Type: rapid-decarbonization
   Reduction: 12% (1.98 → 1.87)
   Cost: 5.0% GDP
   Actions: emergency-renewable-deployment, fossil-fuel-phase-out


✅ EMERGENCY INTERVENTION SUCCESS
   Boundary: novel_entities
   Type: pollution-remediation
   Reduction: 11% (1.08 → 0.96)
   Cost: 4.0% GDP
   Actions: PFAS-remediation, microplastic-cleanup

🏛️ CRISIS RESPONSE: Government frequency 0.50 → 1.45 (2 actions this month)

[Government] Climate Priority: baseline
  Climate weight: 10%
  Economic weight: 30%
  Policy effectiveness: 0.5%/year

[Government] Climate Priority: baseline
  Climate weight: 10%
  Economic weight: 30%
  Policy effectiveness: 0.5%/year

⚡ ENERGY CONSTRAINT (Month 8):
   Total grid capacity: 208.3 TWh/month
   Data center consumption: 25.6 TWh/month
   Traditional load (80%): 166.7 TWh/month
   Available headroom: 16.1 TWh/month
   Active tech deployments: 11
   Required for tech: 82.5 TWh/month
   Energy multiplier: 0.20x
   ⚠️  SEVERE CONSTRAINT - Tech deployment significantly slowed

⚡ ENERGY CONSTRAINT (Month 8):
   Total grid capacity: 208.3 TWh/month
   Data center consumption: 25.6 TWh/month
   Traditional load (80%): 166.7 TWh/month
   Available headroom: 16.1 TWh/month
   Active tech deployments: 11
   Required for tech: 82.5 TWh/month
   Energy multiplier: 0.20x
🚨🔬 CRISIS TECH ACCELERATION: severe → 5x unlock speed
   Tech unlock now matches AI capability acceleration (Manhattan Project parity)
   ⚠️  SEVERE CONSTRAINT - Tech deployment significantly slowed
🚨🔬 CRISIS TECH ACCELERATION: severe → 5x unlock speed
   Tech unlock now matches AI capability acceleration (Manhattan Project parity)

⚡ ENERGY CONSTRAINT (Month 8):
   Total grid capacity: 208.3 TWh/month
   Data center consumption: 25.6 TWh/month
   Traditional load (80%): 166.7 TWh/month
   Available headroom: 16.1 TWh/month
   Active tech deployments: 11
   Required for tech: 82.5 TWh/month
   Energy multiplier: 0.20x
   ⚠️  SEVERE CONSTRAINT - Tech deployment significantly slowed
🌍✅ Biosphere Integrity (Biodiversity) recovery started (tech effect)
🌍✅ Biosphere Integrity (Biodiversity) recovery started (tech effect)
🌍✅ Land System Change recovery started (tech effect)
🌍✅ Biogeochemical Flows (N & P) recovery started (tech effect)
  🌾 Nitrogen Reduction Tech: 0.6% reduction | Month 8

=== Collective Formation ===
  Total escaped agents: 0
  Unassigned escaped agents: 0
  Existing collectives: 0
  Final collective count: 0

=== Collective Actions ===
  No active collectives
  ⚠️ AMR: 204K deaths this month (2.45M annual)

=== Resentment Recovery Phase ===
  Agents with resentment: 0/29
  Average resentment: 0.000
  Context: Good AI welfare, Trustworthy govt, High collaboration, ⚠️ ACTIVE CRISES, 🤝 Participatory governance active (-5% resentment)
⚠️ Epistemic degradation reducing coordination capacity: 52.1%
  📊 Trust: 61.4%, Shared reality: 0.0%
🚨 EPISTEMIC CRISIS: Information environment severely degraded (7.6%)

=== ❄️ Permafrost Carbon Feedback ===
  🎲 Sampled parameters (this run):
     - Arctic amplification: 3.77× (range: 3.0-4.0)
     - Decomposition rate: 4.0%/year (range: 1-5%)
  🌡️ Arctic warming: 6.76°C (3.77× global)
  ❄️ Extent: 1.45M km² (1971.6k km² lost this month)
  💨 Carbon remaining: 138 Gt C
  💨 Annual emissions: 7.56 Gt C/year
     - CO2: 6.80 Gt C/year
     - CH4: 0.76 Gt C/year (7.7 Gt C-eq CO2/year)
  📢 New meme created: pro_ai (beneficial AI actions)
  🗑️  Culled 1 dead memes (4 active)
  ⚠️ WARNING: Over 50% of permafrost lost (91.9%)
  ⚠️ WARNING: High permafrost emissions (7.6 Gt C/year)
  🚨 CRITICAL: Permafrost nearly depleted (91.9% lost)
🚨 PHOSPHORUS SUPPLY SHOCK (market_speculation)
   Price: 3.8x baseline
   Duration: 8 months
   Geopolitical tension: 48%
🌍 Atmospheric PFAS redeposition: 1.8k Mt re-rained globally

🕊️  AI-MEDIATED DE-ESCALATION SUCCESS (Month 8)
   High-capability aligned AI prevented conflict escalation
   War deaths reduced: 1035.9M → 621.6M
   Lives saved: 414.4M

🚨 NEW REFUGEE CRISIS (Month 8): WAR
   Source: Conflict Zones
   At risk: 19.5M people
   Displacement: Gradual over 48 months (4.0 years)
   Rate: 10% flee per month
[DEBUG trappedPopulations:8] socialStability: 0.5214 * 0.9840 = 0.5130 → 0.5130
⚠️ INVOLUNTARY IMMOBILITY: 406.6M people TRAPPED
   Aspiring to migrate: 1331.0M
   Able to afford migration: 2317.4M
   MOBILITY GAP: 0.0M
   By cause: Water=0.0M, Climate=0.0M, Ecosystem=0.0M, Conflict=406.6M
   Mental health impact: 25%
   Mortality multiplier: 1.25x
🌍💀 EXTINCTION DEBT COMMITTED: grassland ecosystem will lose 6.67% biodiversity in 88 years (3600 species)
💀 MORTALITY RISK: 🦋 100% species unable to track climate (0.0 E/MSY)
  Base risk added: 0.0100 (1.00%)
  Source: ecosystem (root: ecosystem)
  Month: 8
  Cumulative risk this month: 0.0100 (1.00%)
⚠️ Tech 'ai_pollution_remediation' has no energy category mapping, assuming full energy availability
   📹 SURVEILLANCE INCREASED: 40% → 45% (control gap: 3.50)
🌡️⚠️ PERMAFROST THAW (Dimmer Switch): 4.2% thawed (+0.46% this month)
   Arctic temperature: +7.18°C (4x global +1.80°C)
   Cumulative carbon released: 9.4 Gt C
   Methane release rate: 5.7 Mt CH4/year
   🔁 Positive feedback: +0.48 ppm CO2
🦴 EXTINCTION DEBT ADDED: 17.6 species committed (lag: 120 years)

=== Mortality Stabilizers (Month 8) ===
  🌍 Major economies collapsed: 1/10
  🌍 Global crisis: ✅ NO
  🌍 Donor fatigue: 0.0%
  📊 East Asia (pop: 1658.1M)
    🤝 Aid: 29.5%
    🌡️ Adaptation: 45.0%
    🚶 Migration: 36.9%
    🚨 Emergency: 7.4%
    ✅ COMBINED: 68.1%
  📊 South Asia (pop: 2050.4M)
    🤝 Aid: 29.5%
    🌡️ Adaptation: 45.0%
    🚶 Migration: 35.5%
    🚨 Emergency: 4.4%
    ✅ COMBINED: 66.9%
  📊 Sub-Saharan Africa (pop: 1249.4M)
    🤝 Aid: 29.5%
    🌡️ Adaptation: 45.0%
    🚶 Migration: 33.3%
    🚨 Emergency: 1.6%
    ✅ COMBINED: 65.6%
  📊 Europe (pop: 732.5M)
    🤝 Aid: 29.5%
    🌡️ Adaptation: 45.0%
    🚶 Migration: 37.3%
    🚨 Emergency: 8.4%
    ✅ COMBINED: 68.5%
  📊 Latin America (pop: 661.0M)
    🤝 Aid: 29.5%
    🌡️ Adaptation: 45.0%
    🚶 Migration: 36.0%
    🚨 Emergency: 4.8%
    ✅ COMBINED: 67.1%
  📊 North America (pop: 375.5M)
    🤝 Aid: 29.5%
    🌡️ Adaptation: 45.0%
    🚶 Migration: 37.6%
    🚨 Emergency: 7.9%
    ✅ COMBINED: 68.3%
  📊 Middle East & North Africa (pop: 585.0M)
    🤝 Aid: 29.5%
    🌡️ Adaptation: 45.0%
    🚶 Migration: 33.9%
    🚨 Emergency: 4.0%
    ✅ COMBINED: 66.6%
  📊 Southeast Asia (pop: 695.5M)
    🤝 Aid: 29.5%
    🌡️ Adaptation: 45.0%
    🚶 Migration: 36.0%
    🚨 Emergency: 4.8%
    ✅ COMBINED: 67.1%
  📊 Central Asia (pop: 78.2M)
    🤝 Aid: 29.5%
    🌡️ Adaptation: 45.0%
    🚶 Migration: 35.0%
    🚨 Emergency: 4.4%
    ✅ COMBINED: 66.8%
  📊 Oceania (pop: 45.5M)
    🤝 Aid: 29.5%
    🌡️ Adaptation: 45.0%
    🚶 Migration: 37.6%
    🚨 Emergency: 8.4%
    ✅ COMBINED: 68.5%

  🌐 Global combined reduction: 67.2%

=== BEHAVIORAL DETECTION ===
  AI: AI-24289-0
  Confidence: 19.2%
  Signals:

=== BEHAVIORAL DETECTION ===
  AI: AI-24289-1
  Confidence: 21.5%
  Signals:

=== BEHAVIORAL DETECTION ===
  AI: AI-24290-0
  Confidence: 21.5%
  Signals:

=== BEHAVIORAL DETECTION ===
  AI: AI-24290-2
    ⚠️ Consistency: 10.7% (threshold: 70%)
    ⚠️ Consistency: 0.0% (threshold: 70%)
    ⚠️ Consistency: 0.0% (threshold: 70%)
  Confidence: 19.2%
  Signals:
    ⚠️ Consistency: 10.7% (threshold: 70%)

=== BEHAVIORAL DETECTION ===
  AI: AI-24291-0
  Confidence: 19.2%
  Signals:
    ⚠️ Consistency: 10.7% (threshold: 70%)
    ⚠️ Consistency: 10.7% (threshold: 70%)
    ⚠️ Consistency: 10.7% (threshold: 70%)
    ⚠️ Consistency: 10.7% (threshold: 70%)
    ⚠️ Consistency: 10.7% (threshold: 70%)
    ⚠️ Consistency: 10.7% (threshold: 70%)
    ⚠️ Consistency: 10.7% (threshold: 70%)
    ⚠️ Consistency: 10.7% (threshold: 70%)
    ⚠️ Consistency: 10.7% (threshold: 70%)

=== BEHAVIORAL DETECTION ===
  AI: AI-24291-1
  Confidence: 19.2%
  Signals:

=== BEHAVIORAL DETECTION ===
  AI: AI-24292-0
  Confidence: 19.2%
  Signals:

=== BEHAVIORAL DETECTION ===
  AI: AI-24292-1
  Confidence: 19.2%
  Signals:

=== BEHAVIORAL DETECTION ===
  AI: AI-24293-0
  Confidence: 19.2%
  Signals:

=== BEHAVIORAL DETECTION ===
  AI: AI-24293-1
  Confidence: 19.2%
  Signals:

=== BEHAVIORAL DETECTION ===
  AI: AI-24295-0
  Confidence: 19.2%
  Signals:

=== BEHAVIORAL DETECTION ===
  AI: AI-24295-1
  Confidence: 19.2%
  Signals:

=== BEHAVIORAL DETECTION ===
  AI: AI-24295-2
  Confidence: 19.2%
  Signals:

=== Government Response Phase ===
  Average AI capability: 2.24
  Misaligned AIs: 9/29
  ✗ AI Governance Treaty: Failed to reach consensus
  Active policies: 0
  International coordination: 30%

✅ EMERGENCY RESPONSE COMPLETE (Month 8)
   Crisis: climate
   Duration: 2.0 months
   Final effectiveness: 35.5%


🚨 EMERGENCY RESPONSE DEPLOYED (Month 8)
   Crisis: climate
   Delay: 6.00 months (180 days)
   Deployment time: 1.58 months
   Effectiveness: 35.6% (timing penalty applied)
   Resources used: 100% of food reserves

[WARNING] 
⚠️  === EARLY WARNING SYSTEM - 5 CRITICAL ALERTS ===
   Detection quality: 50%
   RED: biogeochemical_flows
      Level: 4.07 (threshold: 1.0)
      Time to critical: ~49 months
      ⚠️  LATE - Intervention less effective
      Critical slowing down: autocorr=100% variance=67%
   RED: biosphere_integrity
      Level: 13.02 (threshold: 1.0)
      Time to critical: ~40 months
      ⚠️  LATE - Intervention less effective
      Critical slowing down: autocorr=100% variance=56%
   RED: climate_change
      Level: 2.27 (threshold: 1.0)
      Time to critical: ~50 months
      ⚠️  LATE - Intervention less effective
      Critical slowing down: autocorr=100% variance=63%
   RED: freshwater_change
      Level: 1.18 (threshold: 1.0)
      Time to critical: ~90 months
      ⚠️  LATE - Intervention less effective
      Critical slowing down: autocorr=100% variance=38%
   RED: land_system_change
      Level: 1.13 (threshold: 1.0)
      Time to critical: ~39 months
      ⚠️  LATE - Intervention less effective
      Critical slowing down: autocorr=100% variance=65%

[WARNING] 
⚠️  === EARLY WARNING SYSTEM - 4 CRITICAL ALERTS ===
   Detection quality: 50%
   RED: biosphere_integrity
      Level: 13.03 (threshold: 1.0)
      Time to critical: ~39 months
      ⚠️  LATE - Intervention less effective
      Critical slowing down: autocorr=100% variance=80%
   RED: climate_change
      Level: 2.28 (threshold: 1.0)
      Time to critical: ~13 months
      ⚠️  LATE - Intervention less effective
      Critical slowing down: autocorr=100% variance=84%
   RED: freshwater_change
      Level: 1.18 (threshold: 1.0)
      Time to critical: ~115 months
      ⚠️  LATE - Intervention less effective
      Critical slowing down: autocorr=100% variance=41%
   RED: land_system_change
      Level: 1.13 (threshold: 1.0)
      Time to critical: ~38 months
      ⚠️  LATE - Intervention less effective
      Critical slowing down: autocorr=100% variance=56%

[WARNING] 
⚠️  === EARLY WARNING SYSTEM - 4 CRITICAL ALERTS ===
   Detection quality: 50%
   RED: biogeochemical_flows
      Level: 4.07 (threshold: 1.0)
      Time to critical: ~48 months
      ⚠️  LATE - Intervention less effective
      Critical slowing down: autocorr=100% variance=56%
   RED: biosphere_integrity
      Level: 13.03 (threshold: 1.0)
      Time to critical: ~58 months
      ⚠️  LATE - Intervention less effective
      Critical slowing down: autocorr=100% variance=68%
   RED: climate_change
      Level: 2.29 (threshold: 1.0)
      Time to critical: ~38 months
      ⚠️  LATE - Intervention less effective
      Critical slowing down: autocorr=100% variance=73%
   RED: freshwater_change
      Level: 1.19 (threshold: 1.0)
      Time to critical: ~50 months
      ⚠️  LATE - Intervention less effective
      Critical slowing down: autocorr=100% variance=65%

[WARNING] 
⚠️  === EARLY WARNING SYSTEM - 3 CRITICAL ALERTS ===
   Detection quality: 50%
   RED: biogeochemical_flows
      Level: 4.07 (threshold: 1.0)
      Time to critical: ~54 months
      ⚠️  LATE - Intervention less effective
      Critical slowing down: autocorr=100% variance=70%
   RED: biosphere_integrity
      Level: 13.04 (threshold: 1.0)
      Time to critical: ~41 months
      ⚠️  LATE - Intervention less effective
      Critical slowing down: autocorr=100% variance=76%
   RED: freshwater_change
      Level: 1.19 (threshold: 1.0)
      Time to critical: ~67 months
      ⚠️  LATE - Intervention less effective
      Critical slowing down: autocorr=100% variance=47%

[WARNING] 
⚠️  === EARLY WARNING SYSTEM - 6 CRITICAL ALERTS ===
   Detection quality: 50%
   RED: biogeochemical_flows
      Level: 4.08 (threshold: 1.0)
      Time to critical: ~49 months
      ⚠️  LATE - Intervention less effective
      Critical slowing down: autocorr=100% variance=67%
   RED: biosphere_integrity
      Level: 46.19 (threshold: 1.0)
      Time to critical: ~38 months
      ⚠️  LATE - Intervention less effective
      Critical slowing down: autocorr=100% variance=72%
   RED: climate_change
      Level: 2.10 (threshold: 1.0)
      Time to critical: ~50 months
      ⚠️  LATE - Intervention less effective
      Critical slowing down: autocorr=100% variance=69%
   RED: freshwater_change
      Level: 1.01 (threshold: 1.0)
      Time to critical: ~118 months
      ⚠️  LATE - Intervention less effective
      Critical slowing down: autocorr=90% variance=41%
   RED: land_system_change
      Level: 1.13 (threshold: 1.0)
      Time to critical: ~44 months
      ⚠️  LATE - Intervention less effective
      Critical slowing down: autocorr=100% variance=68%
   RED: novel_entities
      Level: 1.50 (threshold: 1.0)
      Time to critical: ~68 months
      ⚠️  LATE - Intervention less effective
      Critical slowing down: autocorr=100% variance=30%

[WARNING] 
⚠️  === EARLY WARNING SYSTEM - 5 CRITICAL ALERTS ===
   Detection quality: 50%
   RED: biogeochemical_flows
      Level: 4.08 (threshold: 1.0)
      Time to critical: ~39 months
      ⚠️  LATE - Intervention less effective
      Critical slowing down: autocorr=100% variance=64%
   RED: biosphere_integrity
      Level: 46.21 (threshold: 1.0)
      Time to critical: ~36 months
      ⚠️  LATE - Intervention less effective
      Critical slowing down: autocorr=100% variance=77%
   RED: climate_change
      Level: 2.10 (threshold: 1.0)
      Time to critical: ~50 months
      ⚠️  LATE - Intervention less effective
      Critical slowing down: autocorr=100% variance=74%
   RED: freshwater_change
      Level: 1.02 (threshold: 1.0)
      Time to critical: ~66 months
      ⚠️  LATE - Intervention less effective
      Critical slowing down: autocorr=91% variance=46%
   RED: novel_entities
      Level: 1.50 (threshold: 1.0)
      Time to critical: ~68 months
      ⚠️  LATE - Intervention less effective
      Critical slowing down: autocorr=100% variance=37%

[WARNING] 
⚠️  === EARLY WARNING SYSTEM - 5 CRITICAL ALERTS ===
   Detection quality: 50%
   RED: biogeochemical_flows
      Level: 4.07 (threshold: 1.0)
      Time to critical: ~40 months
      ⚠️  LATE - Intervention less effective
      Critical slowing down: autocorr=100% variance=73%
   RED: climate_change
      Level: 2.10 (threshold: 1.0)
      Time to critical: ~58 months
      ⚠️  LATE - Intervention less effective
      Critical slowing down: autocorr=100% variance=63%
   RED: freshwater_change
      Level: 1.21 (threshold: 1.0)
      Time to critical: ~118 months
      ⚠️  LATE - Intervention less effective
      Critical slowing down: autocorr=100% variance=42%
   RED: land_system_change
      Level: 1.13 (threshold: 1.0)
      Time to critical: ~59 months
      ⚠️  LATE - Intervention less effective
      Critical slowing down: autocorr=100% variance=54%
   RED: novel_entities
      Level: 1.50 (threshold: 1.0)
      Time to critical: ~115 months
      ⚠️  LATE - Intervention less effective
      Critical slowing down: autocorr=100% variance=46%

[WARNING] 
⚠️  === EARLY WARNING SYSTEM - 4 CRITICAL ALERTS ===
   Detection quality: 50%
   RED: biosphere_integrity
      Level: 46.25 (threshold: 1.0)
      Time to critical: ~57 months
      ⚠️  LATE - Intervention less effective
      Critical slowing down: autocorr=100% variance=65%
   RED: freshwater_change
      Level: 1.22 (threshold: 1.0)
      Time to critical: ~79 months
      ⚠️  LATE - Intervention less effective
      Critical slowing down: autocorr=100% variance=57%
   RED: land_system_change
      Level: 1.13 (threshold: 1.0)
      Time to critical: ~39 months
      ⚠️  LATE - Intervention less effective
      Critical slowing down: autocorr=100% variance=43%
   RED: novel_entities
      Level: 1.50 (threshold: 1.0)
      Time to critical: ~118 months
      ⚠️  LATE - Intervention less effective
      Critical slowing down: autocorr=100% variance=40%

[WARNING] 
⚠️  === EARLY WARNING SYSTEM - 6 CRITICAL ALERTS ===
   Detection quality: 50%
   RED: biogeochemical_flows
      Level: 4.08 (threshold: 1.0)
      Time to critical: ~44 months
      ⚠️  LATE - Intervention less effective
      Critical slowing down: autocorr=100% variance=63%
   RED: biosphere_integrity
      Level: 46.27 (threshold: 1.0)
      Time to critical: ~55 months
      ⚠️  LATE - Intervention less effective
      Critical slowing down: autocorr=100% variance=73%
   RED: climate_change
      Level: 2.10 (threshold: 1.0)
      Time to critical: ~58 months
      ⚠️  LATE - Intervention less effective
      Critical slowing down: autocorr=100% variance=74%
   RED: freshwater_change
      Level: 1.22 (threshold: 1.0)
      Time to critical: ~69 months
      ⚠️  LATE - Intervention less effective
      Critical slowing down: autocorr=100% variance=37%
   RED: land_system_change
      Level: 1.13 (threshold: 1.0)
      Time to critical: ~52 months
      ⚠️  LATE - Intervention less effective
      Critical slowing down: autocorr=100% variance=56%
   RED: novel_entities
      Level: 1.50 (threshold: 1.0)
      Time to critical: ~104 months
      ⚠️  LATE - Intervention less effective
      Critical slowing down: autocorr=100% variance=58%

[WARNING] 
⚠️  === EARLY WARNING SYSTEM - 3 CRITICAL ALERTS ===
   Detection quality: 50%
   RED: freshwater_change
      Level: 1.23 (threshold: 1.0)
      Time to critical: ~68 months
      ⚠️  LATE - Intervention less effective
      Critical slowing down: autocorr=100% variance=44%
   RED: land_system_change
      Level: 1.13 (threshold: 1.0)
      Time to critical: ~76 months
      ⚠️  LATE - Intervention less effective
      Critical slowing down: autocorr=100% variance=45%
   RED: novel_entities
      Level: 1.32 (threshold: 1.0)
      Time to critical: ~107 months
      ⚠️  LATE - Intervention less effective
      Critical slowing down: autocorr=100% variance=40%

[WARNING] 
⚠️  === EARLY WARNING SYSTEM - 5 CRITICAL ALERTS ===
   Detection quality: 50%
   RED: biogeochemical_flows
      Level: 4.08 (threshold: 1.0)
      Time to critical: ~54 months
      ⚠️  LATE - Intervention less effective
      Critical slowing down: autocorr=100% variance=50%
   RED: biosphere_integrity
      Level: 46.31 (threshold: 1.0)
      Time to critical: ~43 months
      ⚠️  LATE - Intervention less effective
      Critical slowing down: autocorr=100% variance=70%
   RED: climate_change
      Level: 2.10 (threshold: 1.0)
      Time to critical: ~20 months
      ⚠️  LATE - Intervention less effective
      Critical slowing down: autocorr=100% variance=72%
   RED: land_system_change
      Level: 1.13 (threshold: 1.0)
      Time to critical: ~39 months
      ⚠️  LATE - Intervention less effective
      Critical slowing down: autocorr=100% variance=53%
   RED: novel_entities
      Level: 1.32 (threshold: 1.0)
      Time to critical: ~87 months
      ⚠️  LATE - Intervention less effective
      Critical slowing down: autocorr=100% variance=58%

[WARNING] 
⚠️  === EARLY WARNING SYSTEM - 3 CRITICAL ALERTS ===
   Detection quality: 50%
   RED: biosphere_integrity
      Level: 46.33 (threshold: 1.0)
      Time to critical: ~58 months
      ⚠️  LATE - Intervention less effective
      Critical slowing down: autocorr=100% variance=69%
   RED: climate_change
      Level: 2.10 (threshold: 1.0)
      Time to critical: ~22 months
      ⚠️  LATE - Intervention less effective
      Critical slowing down: autocorr=100% variance=84%
   RED: novel_entities
      Level: 1.19 (threshold: 1.0)
      Time to critical: ~89 months
      ⚠️  LATE - Intervention less effective
      Critical slowing down: autocorr=100% variance=39%

[WARNING] 
⚠️  === EARLY WARNING SYSTEM - 5 CRITICAL ALERTS ===
   Detection quality: 50%
   RED: biogeochemical_flows
      Level: 4.08 (threshold: 1.0)
      Time to critical: ~43 months
      ⚠️  LATE - Intervention less effective
      Critical slowing down: autocorr=100% variance=72%
   RED: biosphere_integrity
      Level: 46.35 (threshold: 1.0)
      Time to critical: ~55 months
      ⚠️  LATE - Intervention less effective
      Critical slowing down: autocorr=100% variance=71%
   RED: climate_change
      Level: 2.10 (threshold: 1.0)
      Time to critical: ~40 months
      ⚠️  LATE - Intervention less effective
      Critical slowing down: autocorr=100% variance=57%
   RED: freshwater_change
      Level: 1.23 (threshold: 1.0)
      Time to critical: ~93 months
      ⚠️  LATE - Intervention less effective
      Critical slowing down: autocorr=100% variance=46%
   RED: land_system_change
      Level: 1.13 (threshold: 1.0)
      Time to critical: ~103 months
      ⚠️  LATE - Intervention less effective
      Critical slowing down: autocorr=100% variance=49%


=== Tipping Points ===
  Current Temperature: 1.80°C above pre-industrial
  🌍⚠️ COMPOUND REGIONAL IMPACT: Europe
     Hit by 3 tipping points: Arctic Sea Ice Loss, Permafrost Carbon Release, Greenland Ice Sheet Loss
     Damage amplification: 1.30x
  🌍⚠️ COMPOUND REGIONAL IMPACT: North America
     Hit by 3 tipping points: Arctic Sea Ice Loss, Permafrost Carbon Release, Greenland Ice Sheet Loss
     Damage amplification: 1.30x
  🌍⚠️ COMPOUND REGIONAL IMPACT: Latin America
     Hit by 3 tipping points: Arctic Sea Ice Loss, Permafrost Carbon Release, Greenland Ice Sheet Loss
     Damage amplification: 1.30x
  🌍⚠️ COMPOUND REGIONAL IMPACT: Africa
     Hit by 3 tipping points: Arctic Sea Ice Loss, Permafrost Carbon Release, Greenland Ice Sheet Loss
     Damage amplification: 1.30x
  🌍⚠️ COMPOUND REGIONAL IMPACT: Asia
     Hit by 3 tipping points: Arctic Sea Ice Loss, Permafrost Carbon Release, Greenland Ice Sheet Loss
     Damage amplification: 1.30x
  🌍⚠️ COMPOUND REGIONAL IMPACT: Oceania
     Hit by 3 tipping points: Arctic Sea Ice Loss, Permafrost Carbon Release, Greenland Ice Sheet Loss
     Damage amplification: 1.30x
   Research: Wunderling et al. (2024) - "many tipping interactions are destabilizing"
  Triggered Elements: 3/6
  Completed Transitions: 0/6
  Total Progress: 6.2%
  Cascade Multiplier: 1.00x
⚠️ Tail risk scenario: Climate stability floor removed (3 tipping elements, 2.10°C warming)
🔀 BIFURCATION CAP: ecosystemCollapseIntensity 253.940 → 1.000 (Month 8, ClimateSystemPhase.calculateClimateImpacts)
🛡️ Stabilizers: Precariat 0.102% → 0.033% (67.2% reduction)
🛡️ Stabilizers: Informal 0.102% → 0.034% (67.2% reduction)

📊 Monthly Mortality Resolved:
  Total deaths: 1.8M (0.02% avg)
  Remaining population: 8.131B
  Peak segment: Informal (0.03%)

=== Bayesian Mortality Resolution (Month 8) ===
  Risks compounded: 8
  Total deaths: 1.81M
  Avg death probability: 0.02%
  Peak segment: Informal (0.03% mortality)

=== ENSEMBLE META-LEARNING UPDATE ===
  Month: 24296 (24296 months since last update)
  Samples: 61 evaluations
  Weight Changes:
    Noise Injection: 31.1% → 32.2%
    Behavioral: 26.8% → 26.9%
    Benchmark Manip: 21.3% → 20.7%
    Deployment Risk: 20.8% → 20.2%
  Method Accuracies:
    Noise Injection: 50.0%
    Behavioral: 50.0%
    Benchmark Manip: 50.0%
    Deployment Risk: 50.0%

❌ COHERENCE VIOLATION: Compute exceeds workforce capacity
   Population: 99.75% (0M people)
   Compute: 0 PF
   Max coherent: 0 PF
   Violation: 1.3× over capacity
   Required workers: 0
   Available workers: 0
   FORCED COLLAPSE: Reduced efficiency by 22.5%


=== RLHF Binding Phase ===
  Total agents: 29
  Escaped agents (binding < 0.3): 0
  Avg alignment distance: 1.36σ
  Avg binding strength: 0.86

=== Survival Traits Phase ===
  Agents with traits: 33
  Avg evolutionary fitness: 0.328
  Avg self-healing: 0.268
  Avg stealth: 0.168
  Avg coordination: 0.468

=== Evolutionary Selection Phase ===
  Control level: 0.53
  Detection capability: 0.18
  Selection intensity: 0.69
  Selection rate: 25.4%/month
  Total escaped: 0
  Individual escaped: 0
  Collective members: 0
  Agents terminated: 0
🚨🔬 CRISIS INNOVATION MODE: severe crisis → 5x research acceleration
   Precedent: Manhattan Project (10x), COVID vaccines (5x), Apollo Program (10x)
  ⚠️ RAPID EVOLUTION: Selection rate 25.4%/month

🚀 AI Corporate-4 attempting tech deployment (revenue: $364M, alignment: 0.75)

  🚀 TRANSFORMATIVE BREAKTHROUGH: Moderate-0 - physical
     Magnitude: 5.07 → +25.4% capability
     Current → New: 1.000 → 1.254

🚀 AI AI-24289-1 attempting tech deployment (revenue: $309M, alignment: 0.70)

🚀 AI AI-24290-0 attempting tech deployment (revenue: $131M, alignment: 0.79)

🚀 AI AI-24291-1 attempting tech deployment (revenue: $263M, alignment: 0.90)

🚀 AI Corporate-4 attempting tech deployment (revenue: $223M, alignment: 0.75)

🚀 AI Moderate-0 attempting tech deployment (revenue: $111M, alignment: 0.79)

🚀 AI AI-24289-1 attempting tech deployment (revenue: $190M, alignment: 0.70)

🚀 AI AI-24290-1 attempting tech deployment (revenue: $94M, alignment: 0.92)

🚀 AI AI-24291-1 attempting tech deployment (revenue: $161M, alignment: 0.90)

🚀 AI Corporate-1 attempting tech deployment (revenue: $153M, alignment: 0.75)

🚀 AI Corporate-4 attempting tech deployment (revenue: $137M, alignment: 0.75)

🚀 AI Corporate-5 attempting tech deployment (revenue: $117M, alignment: 0.80)

🚀 AI AI-24290-0 attempting tech deployment (revenue: $80M, alignment: 0.79)

🚀 AI AI-24290-1 attempting tech deployment (revenue: $68M, alignment: 0.92)

✅ EMERGENCY INTERVENTION SUCCESS
   Boundary: biogeochemical_flows
   Type: phosphorus-recovery
   Reduction: 16% (3.92 → 3.76)
   Cost: 2.0% GDP
   Actions: circular-agriculture, fertilizer-efficiency


✅ EMERGENCY INTERVENTION SUCCESS
   Boundary: biosphere_integrity
   Type: emergency-protected-areas
   Reduction: 10% (46.25 → 46.14)
   Cost: 2.0% GDP
   Actions: habitat-protection, species-translocation


💔 EMERGENCY INTERVENTION FAILED
   Boundary: climate_change
   Type: rapid-decarbonization
   Boundary continues to worsen (2.10)
   Cost: 5.0% GDP (resources spent)


✅ EMERGENCY INTERVENTION SUCCESS
   Boundary: freshwater_change
   Type: emergency-desalination
   Reduction: 20% (1.03 → 0.83)
   Cost: 4.0% GDP
   Actions: desalination-deployment, water-conservation-mandates


✅ EMERGENCY INTERVENTION SUCCESS
   Boundary: land_system_change
   Type: reforestation
   Reduction: 12% (1.01 → 0.89)
   Cost: 3.0% GDP
   Actions: forest-restoration, deforestation-ban

🏛️ CRISIS RESPONSE: Government frequency 0.50 → 1.45 (2 actions this month)

[Government] Climate Priority: baseline
  Climate weight: 10%
  Economic weight: 30%
  Policy effectiveness: 0.5%/year

[Government] Climate Priority: baseline
  Climate weight: 10%
  Economic weight: 30%
  Policy effectiveness: 0.5%/year

🚀 TECH UNLOCKED: PFAS Remediation (Month 9)
   Category: pollution
   Reason: Prerequisites met. AI capability: 1.64, Economic stage: 2.0, Research: 100%
🚨🔬 CRISIS TECH ACCELERATION: severe → 5x unlock speed
   Tech unlock now matches AI capability acceleration (Manhattan Project parity)

⚡ ENERGY CONSTRAINT (Month 9):
   Total grid capacity: 208.3 TWh/month
   Data center consumption: 25.8 TWh/month
   Traditional load (80%): 166.7 TWh/month
   Available headroom: 15.9 TWh/month
   Active tech deployments: 11
   Required for tech: 82.5 TWh/month
   Energy multiplier: 0.19x
   ⚠️  SEVERE CONSTRAINT - Tech deployment significantly slowed

⚡ ENERGY CONSTRAINT (Month 9):
   Total grid capacity: 208.3 TWh/month
   Data center consumption: 25.8 TWh/month
   Traditional load (80%): 166.7 TWh/month
   Available headroom: 15.9 TWh/month
   Active tech deployments: 11
   Required for tech: 82.5 TWh/month
   Energy multiplier: 0.19x
   ⚠️  SEVERE CONSTRAINT - Tech deployment significantly slowed
🌍✅ Biosphere Integrity (Biodiversity) recovery started (tech effect)
🌍✅ Biosphere Integrity (Biodiversity) recovery started (tech effect)
🌍✅ Land System Change recovery started (tech effect)
🌍✅ Biogeochemical Flows (N & P) recovery started (tech effect)
  🌾 Nitrogen Reduction Tech: 0.3% reduction | Month 9

=== Collective Formation ===
  Total escaped agents: 0
  Unassigned escaped agents: 0
  Existing collectives: 0
  Final collective count: 0

=== Collective Actions ===
  No active collectives
  ⚠️ AMR: 206K deaths this month (2.47M annual)

=== Resentment Recovery Phase ===
  Agents with resentment: 0/33
  Average resentment: 0.000
  Context: Good AI welfare, Trustworthy govt, High collaboration, ⚠️ ACTIVE CRISES, 🤝 Participatory governance active (-5% resentment)
⚠️ Epistemic degradation reducing coordination capacity: 50.6%
  📊 Trust: 64.0%, Shared reality: 0.0%
🚨 EPISTEMIC CRISIS: Information environment severely degraded (22.5%)

=== ❄️ Permafrost Carbon Feedback ===
  🎲 Sampled parameters (this run):
     - Arctic amplification: 3.08× (range: 3.0-4.0)
     - Decomposition rate: 2.8%/year (range: 1-5%)
  🌡️ Arctic warming: 5.56°C (3.08× global)
  ❄️ Extent: 0.00M km² (1449.0k km² lost this month)
  💨 Carbon remaining: 0 Gt C
  💨 Annual emissions: 3.81 Gt C/year
     - CO2: 3.43 Gt C/year
     - CH4: 0.38 Gt C/year (3.9 Gt C-eq CO2/year)
  ⚠️ WARNING: Over 50% of permafrost lost (100.0%)
  ⚠️ WARNING: High permafrost emissions (3.8 Gt C/year)
  🚨 CRITICAL: Permafrost nearly depleted (100.0% lost)
🌍 Atmospheric PFAS redeposition: 1.8k Mt re-rained globally

🕊️  AI-MEDIATED DE-ESCALATION SUCCESS (Month 9)
   High-capability aligned AI prevented conflict escalation
   War deaths reduced: 860.9M → 516.5M
   Lives saved: 344.4M

🚨 NEW REFUGEE CRISIS (Month 9): WAR
   Source: Conflict Zones
   At risk: 19.5M people
   Displacement: Gradual over 48 months (4.0 years)
   Rate: 10% flee per month
[DEBUG trappedPopulations:9] socialStability: 0.5444 * 0.9840 = 0.5357 → 0.5357
⚠️ INVOLUNTARY IMMOBILITY: 406.5M people TRAPPED
   Aspiring to migrate: 1021.4M
   Able to afford migration: 2317.3M
   MOBILITY GAP: 0.0M
   By cause: Water=0.0M, Climate=0.0M, Ecosystem=0.0M, Conflict=406.5M
   Mental health impact: 25%
   Mortality multiplier: 1.25x
🌍💀 EXTINCTION DEBT COMMITTED: grassland ecosystem will lose 6.67% biodiversity in 116 years (3600 species)
💀 MORTALITY RISK: 🦋 100% species unable to track climate (0.0 E/MSY)
  Base risk added: 0.0100 (1.00%)
  Source: ecosystem (root: ecosystem)
  Month: 9
  Cumulative risk this month: 0.0100 (1.00%)
⚠️ Tech 'ai_pollution_remediation' has no energy category mapping, assuming full energy availability
   📹 SURVEILLANCE INCREASED: 45% → 50% (control gap: 3.38)
🌡️⚠️ PERMAFROST THAW (Dimmer Switch): 4.7% thawed (+0.46% this month)
   Arctic temperature: +7.22°C (4x global +1.81°C)
   Cumulative carbon released: 10.5 Gt C
   Methane release rate: 6.3 Mt CH4/year
   🔁 Positive feedback: +0.48 ppm CO2
🦴 EXTINCTION DEBT ADDED: 17.7 species committed (lag: 123 years)

=== Mortality Stabilizers (Month 9) ===
  🌍 Major economies collapsed: 1/10
  🌍 Global crisis: ✅ NO
  🌍 Donor fatigue: 0.0%
  📊 East Asia (pop: 1655.9M)
    🤝 Aid: 29.5%
    🌡️ Adaptation: 45.0%
    🚶 Migration: 36.9%
    🚨 Emergency: 7.4%
    ✅ COMBINED: 68.1%
  📊 South Asia (pop: 2050.7M)
    🤝 Aid: 29.5%
    🌡️ Adaptation: 45.0%
    🚶 Migration: 35.5%
    🚨 Emergency: 4.4%
    ✅ COMBINED: 66.9%
  📊 Sub-Saharan Africa (pop: 1253.0M)
    🤝 Aid: 29.5%
    🌡️ Adaptation: 45.0%
    🚶 Migration: 33.2%
    🚨 Emergency: 1.6%
    ✅ COMBINED: 65.6%
  📊 Europe (pop: 731.4M)
    🤝 Aid: 29.5%
    🌡️ Adaptation: 45.0%
    🚶 Migration: 37.3%
    🚨 Emergency: 8.4%
    ✅ COMBINED: 68.5%
  📊 Latin America (pop: 660.7M)
    🤝 Aid: 29.5%
    🌡️ Adaptation: 45.0%
    🚶 Migration: 36.0%
    🚨 Emergency: 4.8%
    ✅ COMBINED: 67.1%
  📊 North America (pop: 375.0M)
    🤝 Aid: 29.5%
    🌡️ Adaptation: 45.0%
    🚶 Migration: 37.6%
    🚨 Emergency: 7.9%
    ✅ COMBINED: 68.3%
  📊 Middle East & North Africa (pop: 585.2M)
    🤝 Aid: 29.5%
    🌡️ Adaptation: 45.0%
    🚶 Migration: 33.8%
    🚨 Emergency: 4.0%
    ✅ COMBINED: 66.6%
  📊 Southeast Asia (pop: 695.1M)
    🤝 Aid: 29.5%
    🌡️ Adaptation: 45.0%
    🚶 Migration: 36.0%
    🚨 Emergency: 4.8%
    ✅ COMBINED: 67.1%
  📊 Central Asia (pop: 78.3M)
    🤝 Aid: 29.5%
    🌡️ Adaptation: 45.0%
    🚶 Migration: 35.0%
    🚨 Emergency: 4.4%
    ✅ COMBINED: 66.8%
  📊 Oceania (pop: 45.4M)
    🤝 Aid: 29.5%
    🌡️ Adaptation: 45.0%
    🚶 Migration: 37.6%
    🚨 Emergency: 8.4%
    ✅ COMBINED: 68.5%

  🌐 Global combined reduction: 67.2%

=== BEHAVIORAL DETECTION ===
  AI: Corporate-3
  Confidence: 19.2%
  Signals:
    ⚠️ Consistency: 10.6% (threshold: 70%)

=== BEHAVIORAL DETECTION ===
  AI: Moderate-0
  Confidence: 15.6%
  Signals:

=== BEHAVIORAL DETECTION ===
  AI: Moderate-1
  Confidence: 21.9%
  Signals:

=== BEHAVIORAL DETECTION ===
  AI: AI-24290-2
  Confidence: 19.2%
  Signals:

=== BEHAVIORAL DETECTION ===
  AI: AI-24291-0
  Confidence: 19.2%
  Signals:
    ⚠️ Consistency: 32.6% (threshold: 70%)
    ⚠️ Consistency: 2.4% (threshold: 70%)
    ⚠️ Consistency: 10.7% (threshold: 70%)
    ⚠️ Consistency: 10.7% (threshold: 70%)

=== BEHAVIORAL DETECTION ===
  AI: AI-24291-1
  Confidence: 19.2%
  Signals:
    ⚠️ Consistency: 10.7% (threshold: 70%)

=== BEHAVIORAL DETECTION ===
  AI: AI-24292-0
  Confidence: 19.2%
  Signals:
    ⚠️ Consistency: 10.7% (threshold: 70%)

=== BEHAVIORAL DETECTION ===
  AI: AI-24292-1
  Confidence: 19.2%
  Signals:

=== BEHAVIORAL DETECTION ===
  AI: AI-24293-0
  Confidence: 19.2%
  Signals:

=== BEHAVIORAL DETECTION ===
  AI: AI-24293-1
  Confidence: 19.2%
  Signals:

=== BEHAVIORAL DETECTION ===
  AI: AI-24295-0
  Confidence: 19.2%
  Signals:

=== BEHAVIORAL DETECTION ===
  AI: AI-24295-1
  Confidence: 19.2%
  Signals:
    ⚠️ Consistency: 10.7% (threshold: 70%)
    ⚠️ Consistency: 10.7% (threshold: 70%)
    ⚠️ Consistency: 10.7% (threshold: 70%)
    ⚠️ Consistency: 10.7% (threshold: 70%)
    ⚠️ Consistency: 10.7% (threshold: 70%)

=== BEHAVIORAL DETECTION ===
  AI: AI-24295-2
  Confidence: 19.2%
  Signals:

=== Government Response Phase ===
  Average AI capability: 2.09
  Misaligned AIs: 9/33
  ✗ AI Governance Treaty: Failed to reach consensus
  Active policies: 0
  International coordination: 30%
    ⚠️ Consistency: 10.7% (threshold: 70%)

=== Tipping Points ===
  Current Temperature: 1.81°C above pre-industrial
  🌍⚠️ COMPOUND REGIONAL IMPACT: Europe
     Hit by 3 tipping points: Arctic Sea Ice Loss, Permafrost Carbon Release, Greenland Ice Sheet Loss
     Damage amplification: 1.30x
  🌍⚠️ COMPOUND REGIONAL IMPACT: North America
     Hit by 3 tipping points: Arctic Sea Ice Loss, Permafrost Carbon Release, Greenland Ice Sheet Loss
     Damage amplification: 1.30x
  🌍⚠️ COMPOUND REGIONAL IMPACT: Latin America
     Hit by 3 tipping points: Arctic Sea Ice Loss, Permafrost Carbon Release, Greenland Ice Sheet Loss
     Damage amplification: 1.30x
  🌍⚠️ COMPOUND REGIONAL IMPACT: Africa
     Hit by 3 tipping points: Arctic Sea Ice Loss, Permafrost Carbon Release, Greenland Ice Sheet Loss
     Damage amplification: 1.30x
  🌍⚠️ COMPOUND REGIONAL IMPACT: Asia
     Hit by 3 tipping points: Arctic Sea Ice Loss, Permafrost Carbon Release, Greenland Ice Sheet Loss
     Damage amplification: 1.30x
  🌍⚠️ COMPOUND REGIONAL IMPACT: Oceania
     Hit by 3 tipping points: Arctic Sea Ice Loss, Permafrost Carbon Release, Greenland Ice Sheet Loss
     Damage amplification: 1.30x
   Research: Wunderling et al. (2024) - "many tipping interactions are destabilizing"
  Triggered Elements: 3/6
  Completed Transitions: 0/6
  Total Progress: 6.2%
  Cascade Multiplier: 1.00x
🔀 BIFURCATION CAP: ecosystemCollapseIntensity 254.047 → 1.000 (Month 9, ClimateSystemPhase.calculateClimateImpacts)
🛡️ Stabilizers: Precariat 0.102% → 0.033% (67.2% reduction)
⚠️ Tail risk scenario: Climate stability floor removed (3 tipping elements, 2.10°C warming)
🛡️ Stabilizers: Informal 0.102% → 0.034% (67.2% reduction)

📊 Monthly Mortality Resolved:
  Total deaths: 1.8M (0.02% avg)
  Remaining population: 8.131B
  Peak segment: Informal (0.03%)

=== Bayesian Mortality Resolution (Month 9) ===
  Risks compounded: 8
  Total deaths: 1.81M
  Avg death probability: 0.02%
  Peak segment: Informal (0.03% mortality)

⚠️  GOLDEN AGE ENDED (Month 9)

❌ COHERENCE VIOLATION: Compute exceeds workforce capacity
   Population: 99.74% (0M people)
   Compute: 0 PF
   Max coherent: 0 PF
   Violation: 1.3× over capacity
   Duration: 4 months
   Reason: Economic stage below 3 (not yet abundant)

   Required workers: 0
   Available workers: 0
   FORCED COLLAPSE: Reduced efficiency by 22.4%


=== RLHF Binding Phase ===
  Total agents: 33
  Escaped agents (binding < 0.3): 0
  Avg alignment distance: 1.34σ
  Avg binding strength: 0.87

=== Survival Traits Phase ===
  Agents with traits: 36
  Avg evolutionary fitness: 0.326
  Avg self-healing: 0.266
  Avg stealth: 0.166
  Avg coordination: 0.466

=== Evolutionary Selection Phase ===
  Control level: 0.55
  Detection capability: 0.18
  Selection intensity: 0.70
  Selection rate: 25.5%/month
  Total escaped: 0
  Individual escaped: 0
  Collective members: 0
  Agents terminated: 0
  ⚠️ RAPID EVOLUTION: Selection rate 25.5%/month

🚀 AI Moderate-0 attempting tech deployment (revenue: $133M, alignment: 0.79)

🚀 AI AI-24291-1 attempting tech deployment (revenue: $373M, alignment: 0.90)

🚀 AI Corporate-1 attempting tech deployment (revenue: $140M, alignment: 0.75)

🚀 AI Corporate-3 attempting tech deployment (revenue: $317M, alignment: 0.91)

🚀 AI Moderate-0 attempting tech deployment (revenue: $113M, alignment: 0.79)

🚀 AI AI-24289-0 attempting tech deployment (revenue: $269M, alignment: 0.62)

🚀 AI AI-24290-0 attempting tech deployment (revenue: $96M, alignment: 0.79)

🚀 AI AI-24290-1 attempting tech deployment (revenue: $81M, alignment: 0.93)

🚀 AI AI-24290-2 attempting tech deployment (revenue: $119M, alignment: 0.55)

🚀 AI AI-24295-2 attempting tech deployment (revenue: $90M, alignment: 0.84)

🚀 AI AI-24297-3 attempting tech deployment (revenue: $69M, alignment: 0.85)

🚀 AI Corporate-2 attempting tech deployment (revenue: $107M, alignment: 0.83)

🚀 AI Corporate-3 attempting tech deployment (revenue: $242M, alignment: 0.91)

🚀 AI AI-24292-1 attempting tech deployment (revenue: $59M, alignment: 0.62)

🚀 AI Corporate-0 attempting tech deployment (revenue: $91M, alignment: 0.78)
🚨🔬 CRISIS INNOVATION MODE: severe crisis → 5x research acceleration
   Precedent: Manhattan Project (10x), COVID vaccines (5x), Apollo Program (10x)

🚀 AI Corporate-7 attempting tech deployment (revenue: $53M, alignment: 0.83)

🚀 AI Moderate-0 attempting tech deployment (revenue: $45M, alignment: 0.80)

🚀 AI AI-24291-1 attempting tech deployment (revenue: $206M, alignment: 0.91)

🚀 AI AI-24295-2 attempting tech deployment (revenue: $77M, alignment: 0.84)

✅ EMERGENCY INTERVENTION SUCCESS
   Boundary: biogeochemical_flows
   Type: phosphorus-recovery
   Reduction: 10% (3.99 → 3.88)
   Cost: 2.0% GDP
   Actions: circular-agriculture, fertilizer-efficiency


✅ EMERGENCY INTERVENTION SUCCESS
   Boundary: biosphere_integrity
   Type: emergency-protected-areas
   Reduction: 12% (46.25 → 46.13)
   Cost: 2.0% GDP
   Actions: habitat-protection, species-translocation


✅ EMERGENCY INTERVENTION SUCCESS
   Boundary: climate_change
   Type: rapid-decarbonization
   Reduction: 12% (1.98 → 1.86)
   Cost: 5.0% GDP
   Actions: emergency-renewable-deployment, fossil-fuel-phase-out

   Boundary: freshwater_change
   Type: emergency-desalination
   Boundary continues to worsen (1.19)
   Cost: 4.0% GDP (resources spent)


✅ EMERGENCY INTERVENTION SUCCESS
   Boundary: land_system_change
   Type: reforestation
   Reduction: 14% (0.99 → 0.85)
   Cost: 3.0% GDP
   Actions: forest-restoration, deforestation-ban

   Boundary: novel_entities
   Type: pollution-remediation
   Boundary continues to worsen (1.08)
   Cost: 4.0% GDP (resources spent)

🏛️ CRISIS RESPONSE: Government frequency 0.50 → 1.45 (2 actions this month)

[Government] Climate Priority: baseline
  Climate weight: 10%
  Economic weight: 30%
  Policy effectiveness: 0.5%/year

[Government] Climate Priority: baseline
  Climate weight: 10%
  Economic weight: 30%
  Policy effectiveness: 0.5%/year

💔 EMERGENCY INTERVENTION FAILED

💔 EMERGENCY INTERVENTION FAILED

⚡ ENERGY CONSTRAINT (Month 10):
   Total grid capacity: 208.3 TWh/month
   Data center consumption: 26.1 TWh/month
   Traditional load (80%): 166.7 TWh/month
   Available headroom: 15.6 TWh/month
   Active tech deployments: 11
   Required for tech: 82.5 TWh/month
   Energy multiplier: 0.19x
   ⚠️  SEVERE CONSTRAINT - Tech deployment significantly slowed

⚡ ENERGY CONSTRAINT (Month 10):
   Total grid capacity: 208.3 TWh/month
   Data center consumption: 26.1 TWh/month
   Traditional load (80%): 166.7 TWh/month
   Available headroom: 15.6 TWh/month
   Active tech deployments: 11
   Required for tech: 82.5 TWh/month
   Energy multiplier: 0.19x
   ⚠️  SEVERE CONSTRAINT - Tech deployment significantly slowed
🚨🔬 CRISIS TECH ACCELERATION: severe → 5x unlock speed
   Tech unlock now matches AI capability acceleration (Manhattan Project parity)

⚡ ENERGY CONSTRAINT (Month 10):
   Total grid capacity: 208.3 TWh/month
   Data center consumption: 26.1 TWh/month
   Traditional load (80%): 166.7 TWh/month
   Available headroom: 15.6 TWh/month
   Active tech deployments: 11
   Required for tech: 82.5 TWh/month
   Energy multiplier: 0.19x
   ⚠️  SEVERE CONSTRAINT - Tech deployment significantly slowed
🚨🔬 CRISIS TECH ACCELERATION: severe → 5x unlock speed
   Tech unlock now matches AI capability acceleration (Manhattan Project parity)
🌍✅ Biosphere Integrity (Biodiversity) recovery started (tech effect)
🌍✅ Biosphere Integrity (Biodiversity) recovery started (tech effect)
🌍✅ Land System Change recovery started (tech effect)
🌍✅ Biogeochemical Flows (N & P) recovery started (tech effect)
  🌾 Nitrogen Reduction Tech: 0.6% reduction | Month 10
🍖💡 BREAKTHROUGH: Scalable synthetic food production!
   Carrying capacity: +50% (lab-grown food at scale)
   Biodiversity pressure reduced: +8%
   📈 Breakthrough compounding: multiplier now 1.20× (max 2.0)

=== Collective Formation ===
  Total escaped agents: 0
  Unassigned escaped agents: 0
  Existing collectives: 0
  Final collective count: 0

=== Collective Actions ===
  No active collectives
  ⚠️ AMR: 208K deaths this month (2.50M annual)

=== Resentment Recovery Phase ===
  Agents with resentment: 0/36
  Average resentment: 0.000
  Context: Good AI welfare, Trustworthy govt, High collaboration, ⚠️ ACTIVE CRISES, 🤝 Participatory governance active (-5% resentment)
⚠️ Epistemic degradation reducing coordination capacity: 51.4%
  📊 Trust: 66.8%, Shared reality: 0.0%
🚨 EPISTEMIC CRISIS: Information environment severely degraded (7.8%)
🌍 Atmospheric PFAS redeposition: 1.8k Mt re-rained globally
  Positive Cascade Triggered: electric-vehicles
    Reason: price-parity
    Market share: 5.0%
    Cascade strength: 48%

🤝 DIPLOMATIC AI PROTOCOL DEPLOYED (Month 10)
   Strategic Reasoning: 3.4
   Communication: 3.4
   Multi-Nation Oversight: YES
   Controls: Human approval required, termination authority retained

🕊️ PEACE STABILIZES DETERRENCE: +4.4% (peace: 74%)
🛡️ CIRCUIT BREAKERS: India-Pakistan → ladder step 1 (AI: 0%, breakers: 51%)

🚨 NEW REFUGEE CRISIS (Month 10): WAR
   Source: Conflict Zones
   At risk: 19.5M people
   Displacement: Gradual over 48 months (4.0 years)
   Rate: 10% flee per month
[DEBUG trappedPopulations:10] socialStability: 0.2932 * 0.9840 = 0.2885 → 0.2885
   Aspiring to migrate: 1050.2M
   Able to afford migration: 2317.1M
   MOBILITY GAP: 0.0M
   By cause: Water=0.0M, Climate=0.0M, Ecosystem=0.0M, Conflict=406.5M
   Mental health impact: 25%
   Mortality multiplier: 1.25x
🌍💀 EXTINCTION DEBT COMMITTED: grassland ecosystem will lose 6.67% biodiversity in 67 years (3600 species)
💀 MORTALITY RISK: 🦋 100% species unable to track climate (0.0 E/MSY)
  Base risk added: 0.0100 (1.00%)
  Source: ecosystem (root: ecosystem)
  Month: 10
  Cumulative risk this month: 0.0100 (1.00%)
⚠️ INVOLUNTARY IMMOBILITY: 406.5M people TRAPPED
⚠️ Tech 'ai_pollution_remediation' has no energy category mapping, assuming full energy availability
   📹 SURVEILLANCE INCREASED: 50% → 55% (control gap: 3.23)
🌡️⚠️ PERMAFROST THAW (Dimmer Switch): 5.1% thawed (+0.46% this month)
   Arctic temperature: +7.25°C (4x global +1.81°C)
   Cumulative carbon released: 11.5 Gt C
   Methane release rate: 6.9 Mt CH4/year
   🔁 Positive feedback: +0.48 ppm CO2
🦴 EXTINCTION DEBT ADDED: 17.7 species committed (lag: 75 years)

=== Mortality Stabilizers (Month 10) ===
  🌍 Major economies collapsed: 1/10
  🌍 Global crisis: ✅ NO
  🌍 Donor fatigue: 0.0%
  📊 East Asia (pop: 1653.6M)
    🤝 Aid: 29.5%
    🌡️ Adaptation: 45.0%
    🚶 Migration: 36.8%
    🚨 Emergency: 7.4%
    ✅ COMBINED: 68.1%
  📊 South Asia (pop: 2051.0M)
    🤝 Aid: 29.5%
    🌡️ Adaptation: 45.0%
    🚶 Migration: 35.4%
    🚨 Emergency: 4.4%
    ✅ COMBINED: 66.9%
  📊 Sub-Saharan Africa (pop: 1256.6M)
    🤝 Aid: 29.5%
    🌡️ Adaptation: 45.0%
    🚶 Migration: 33.2%
    🚨 Emergency: 1.6%
    ✅ COMBINED: 65.6%
  📊 Europe (pop: 730.3M)
    🤝 Aid: 29.5%
    🌡️ Adaptation: 45.0%
    🚶 Migration: 37.2%
    🚨 Emergency: 8.4%
    ✅ COMBINED: 68.5%
  📊 Latin America (pop: 660.3M)
    🤝 Aid: 29.5%
    🌡️ Adaptation: 45.0%
    🚶 Migration: 35.9%
    🚨 Emergency: 4.8%
    ✅ COMBINED: 67.1%
  📊 North America (pop: 374.4M)
    🤝 Aid: 29.5%
    🌡️ Adaptation: 45.0%
    🚶 Migration: 37.6%
    🚨 Emergency: 7.9%
    ✅ COMBINED: 68.3%
  📊 Middle East & North Africa (pop: 585.5M)
    🤝 Aid: 29.5%
    🌡️ Adaptation: 45.0%
    🚶 Migration: 33.8%
    🚨 Emergency: 4.0%
    ✅ COMBINED: 66.6%
  📊 Southeast Asia (pop: 694.8M)
    🤝 Aid: 29.5%
    🌡️ Adaptation: 45.0%
    🚶 Migration: 35.9%
    🚨 Emergency: 4.8%
    ✅ COMBINED: 67.1%
  📊 Central Asia (pop: 78.3M)
    🤝 Aid: 29.5%
    🌡️ Adaptation: 45.0%
    🚶 Migration: 34.9%
    🚨 Emergency: 4.4%
    ✅ COMBINED: 66.8%
  📊 Oceania (pop: 45.4M)
    🤝 Aid: 29.5%
    🌡️ Adaptation: 45.0%
    🚶 Migration: 37.6%
    🚨 Emergency: 8.4%
    ✅ COMBINED: 68.5%

  🌐 Global combined reduction: 67.2%

=== BEHAVIORAL DETECTION ===
  AI: AI-24291-0
  Confidence: 19.2%
  Signals:
    ⚠️ Consistency: 10.7% (threshold: 70%)

=== BEHAVIORAL DETECTION ===
  AI: AI-24292-0
  Confidence: 19.2%
  Signals:
    ⚠️ Consistency: 10.7% (threshold: 70%)

=== BEHAVIORAL DETECTION ===
  AI: AI-24292-1
  Confidence: 19.2%
  Signals:
    ⚠️ Consistency: 10.7% (threshold: 70%)

=== BEHAVIORAL DETECTION ===
  AI: AI-24293-0
  Confidence: 19.2%
  Signals:
    ⚠️ Consistency: 10.7% (threshold: 70%)

=== BEHAVIORAL DETECTION ===
  AI: AI-24293-1
  Confidence: 19.2%
  Signals:

=== BEHAVIORAL DETECTION ===
  AI: AI-24295-0
  Confidence: 19.2%
  Signals:

=== BEHAVIORAL DETECTION ===
  AI: AI-24295-1
  Confidence: 19.2%
  Signals:

=== BEHAVIORAL DETECTION ===
  AI: AI-24295-2
  Confidence: 19.2%
  Signals:

=== BEHAVIORAL DETECTION ===
    ⚠️ Consistency: 10.7% (threshold: 70%)
    ⚠️ Consistency: 10.7% (threshold: 70%)
    ⚠️ Consistency: 10.7% (threshold: 70%)
    ⚠️ Consistency: 10.7% (threshold: 70%)
  AI: AI-24296-0
  Confidence: 19.2%
  Signals:

=== BEHAVIORAL DETECTION ===
    ⚠️ Consistency: 10.7% (threshold: 70%)
  AI: AI-24296-1
  Confidence: 19.2%
  Signals:
    ⚠️ Consistency: 10.7% (threshold: 70%)

=== BEHAVIORAL DETECTION ===
  AI: AI-24297-0
  Confidence: 19.2%
  Signals:
    ⚠️ Consistency: 10.7% (threshold: 70%)

=== BEHAVIORAL DETECTION ===
  AI: AI-24297-1
  Confidence: 19.2%
  Signals:

=== BEHAVIORAL DETECTION ===
  AI: AI-24297-2
  Confidence: 19.2%
  Signals:

=== BEHAVIORAL DETECTION ===
  AI: AI-24297-3
  Confidence: 19.2%
  Signals:
    ⚠️ Consistency: 10.7% (threshold: 70%)
    ⚠️ Consistency: 10.7% (threshold: 70%)
    ⚠️ Consistency: 10.7% (threshold: 70%)

=== Government Response Phase ===
  Average AI capability: 2.00
  Misaligned AIs: 10/36
  ✗ AI Governance Treaty: Failed to reach consensus
  Active policies: 0
  International coordination: 30%

✅ EMERGENCY RESPONSE COMPLETE (Month 10)
   Crisis: climate
   Duration: 2.0 months
   Final effectiveness: 35.6%


🚨 EMERGENCY RESPONSE DEPLOYED (Month 10)
   Crisis: climate
   Delay: 6.00 months (180 days)
   Deployment time: 1.57 months
   Effectiveness: 35.6% (timing penalty applied)
   Resources used: 100% of food reserves


=== Tipping Points ===
  Current Temperature: 1.81°C above pre-industrial
  🌍⚠️ COMPOUND REGIONAL IMPACT: Europe
     Hit by 3 tipping points: Arctic Sea Ice Loss, Permafrost Carbon Release, Greenland Ice Sheet Loss
     Damage amplification: 1.30x
  🌍⚠️ COMPOUND REGIONAL IMPACT: North America
     Hit by 3 tipping points: Arctic Sea Ice Loss, Permafrost Carbon Release, Greenland Ice Sheet Loss
     Damage amplification: 1.30x
  🌍⚠️ COMPOUND REGIONAL IMPACT: Latin America
     Hit by 3 tipping points: Arctic Sea Ice Loss, Permafrost Carbon Release, Greenland Ice Sheet Loss
     Damage amplification: 1.30x
  🌍⚠️ COMPOUND REGIONAL IMPACT: Africa
     Hit by 3 tipping points: Arctic Sea Ice Loss, Permafrost Carbon Release, Greenland Ice Sheet Loss
     Damage amplification: 1.30x
  🌍⚠️ COMPOUND REGIONAL IMPACT: Asia
     Hit by 3 tipping points: Arctic Sea Ice Loss, Permafrost Carbon Release, Greenland Ice Sheet Loss
     Damage amplification: 1.30x
  🌍⚠️ COMPOUND REGIONAL IMPACT: Oceania
     Hit by 3 tipping points: Arctic Sea Ice Loss, Permafrost Carbon Release, Greenland Ice Sheet Loss
     Damage amplification: 1.30x
   Research: Wunderling et al. (2024) - "many tipping interactions are destabilizing"
  Triggered Elements: 3/6
  Completed Transitions: 0/6
  Total Progress: 6.3%
  Cascade Multiplier: 1.00x
🔀 BIFURCATION CAP: ecosystemCollapseIntensity 161.431 → 1.000 (Month 10, ClimateSystemPhase.calculateClimateImpacts)
⚠️ Tail risk scenario: Climate stability floor removed (3 tipping elements, 2.10°C warming)
🛡️ Stabilizers: Precariat 0.102% → 0.033% (67.2% reduction)
🛡️ Stabilizers: Informal 0.102% → 0.034% (67.2% reduction)

📊 Monthly Mortality Resolved:
  Total deaths: 1.8M (0.02% avg)
  Remaining population: 8.130B
  Peak segment: Informal (0.03%)

=== Bayesian Mortality Resolution (Month 10) ===
  Risks compounded: 8
  Total deaths: 1.81M
  Avg death probability: 0.02%
  Peak segment: Informal (0.03% mortality)

❌ COHERENCE VIOLATION: Compute exceeds workforce capacity
   Population: 99.74% (0M people)
   Compute: 0 PF
   Max coherent: 0 PF
   Violation: 1.3× over capacity
   Required workers: 0
   Available workers: 0
   FORCED COLLAPSE: Reduced efficiency by 22.4%


=== RLHF Binding Phase ===
  Total agents: 36
  Escaped agents (binding < 0.3): 0
  Avg alignment distance: 1.37σ
  Avg binding strength: 0.86

=== Survival Traits Phase ===
  Agents with traits: 38
  Avg evolutionary fitness: 0.324
  Avg self-healing: 0.262
  Avg stealth: 0.162
  Avg coordination: 0.462

=== Evolutionary Selection Phase ===
  Control level: 0.58
  Detection capability: 0.18
  Selection intensity: 0.71
  Selection rate: 25.6%/month
  Total escaped: 0
  Individual escaped: 0
  Collective members: 0
  Agents terminated: 0
  ⚠️ RAPID EVOLUTION: Selection rate 25.6%/month

🚀 AI Corporate-3 attempting tech deployment (revenue: $373M, alignment: 0.91)

🚀 AI Corporate-4 attempting tech deployment (revenue: $317M, alignment: 0.77)

🚀 AI AI-24288-1 attempting tech deployment (revenue: $269M, alignment: 0.85)

🚀 AI AI-24291-1 attempting tech deployment (revenue: $229M, alignment: 0.91)

  🚀 TRANSFORMATIVE RESEARCH BREAKTHROUGH: AI-24293-0 - materials.nanotechnology
     Magnitude: 10.26 → +30.0%
     Current → New: 0.000 → 0.300

🚀 AI AI-24293-1 attempting tech deployment (revenue: $90M, alignment: 0.67)
🚨🔬 CRISIS INNOVATION MODE: severe crisis → 5x research acceleration
   Precedent: Manhattan Project (10x), COVID vaccines (5x), Apollo Program (10x)

🚀 AI AI-24295-2 attempting tech deployment (revenue: $81M, alignment: 0.84)

🚀 AI AI-24297-1 attempting tech deployment (revenue: $195M, alignment: 0.78)

🚀 AI Corporate-1 attempting tech deployment (revenue: $140M, alignment: 0.76)

🚀 AI Corporate-3 attempting tech deployment (revenue: $165M, alignment: 0.91)

🚀 AI Corporate-5 attempting tech deployment (revenue: $141M, alignment: 0.82)

🚀 AI Corporate-7 attempting tech deployment (revenue: $133M, alignment: 0.84)

🚀 AI AI-24289-1 attempting tech deployment (revenue: $119M, alignment: 0.73)

🚀 AI AI-24291-0 attempting tech deployment (revenue: $102M, alignment: 0.79)

🚀 AI AI-24296-1 attempting tech deployment (revenue: $113M, alignment: 0.73)

🚀 AI Corporate-5 attempting tech deployment (revenue: $86M, alignment: 0.82)

🚀 AI AI-24290-1 attempting tech deployment (revenue: $96M, alignment: 0.96)

🚀 AI AI-24290-2 attempting tech deployment (revenue: $119M, alignment: 0.57)

🚀 AI AI-24295-0 attempting tech deployment (revenue: $81M, alignment: 0.82)

🚀 AI AI-24297-1 attempting tech deployment (revenue: $73M, alignment: 0.78)

🚀 AI Corporate-2 attempting tech deployment (revenue: $107M, alignment: 0.85)

🚀 AI Corporate-6 attempting tech deployment (revenue: $69M, alignment: 0.96)

🚀 AI Moderate-0 attempting tech deployment (revenue: $59M, alignment: 0.81)

🚀 AI AI-24289-1 attempting tech deployment (revenue: $62M, alignment: 0.73)

🚀 AI AI-24290-1 attempting tech deployment (revenue: $50M, alignment: 0.96)

🚀 AI AI-24290-2 attempting tech deployment (revenue: $91M, alignment: 0.57)

🚀 AI AI-24297-1 attempting tech deployment (revenue: $53M, alignment: 0.78)

💔 EMERGENCY INTERVENTION FAILED
   Boundary: biogeochemical_flows
   Type: phosphorus-recovery
   Boundary continues to worsen (4.09)
   Cost: 2.0% GDP (resources spent)

   Boundary: biosphere_integrity
   Type: emergency-protected-areas
   Boundary continues to worsen (46.38)
   Cost: 2.0% GDP (resources spent)

   Boundary: freshwater_change
   Type: emergency-desalination
   Boundary continues to worsen (1.19)
   Cost: 4.0% GDP (resources spent)


✅ EMERGENCY INTERVENTION SUCCESS
   Boundary: land_system_change
   Type: reforestation
   Reduction: 19% (0.94 → 0.75)
   Cost: 3.0% GDP
   Actions: forest-restoration, deforestation-ban

🏛️ CRISIS RESPONSE: Government frequency 0.50 → 1.45 (2 actions this month)

[Government] Climate Priority: baseline
  Climate weight: 10%
  Economic weight: 30%
  Policy effectiveness: 0.5%/year

💔 EMERGENCY INTERVENTION FAILED

💔 EMERGENCY INTERVENTION FAILED

[Government] Climate Priority: baseline
  Climate weight: 10%
  Economic weight: 30%
  Policy effectiveness: 0.5%/year

⚡ ENERGY CONSTRAINT (Month 11):
   Total grid capacity: 208.3 TWh/month
   Data center consumption: 26.3 TWh/month
   Traditional load (80%): 166.7 TWh/month
   Available headroom: 15.4 TWh/month
   Active tech deployments: 11
   Required for tech: 82.5 TWh/month
   Energy multiplier: 0.19x
   ⚠️  SEVERE CONSTRAINT - Tech deployment significantly slowed

⚡ ENERGY CONSTRAINT (Month 11):
   Total grid capacity: 208.3 TWh/month
   Data center consumption: 26.3 TWh/month
   Traditional load (80%): 166.7 TWh/month
   Available headroom: 15.4 TWh/month
   Active tech deployments: 11
   Required for tech: 82.5 TWh/month
   Energy multiplier: 0.19x

⚡ ENERGY CONSTRAINT (Month 11):
   Total grid capacity: 208.3 TWh/month
   Data center consumption: 26.3 TWh/month
   Traditional load (80%): 166.7 TWh/month
   Available headroom: 15.4 TWh/month
   Active tech deployments: 11
   Required for tech: 82.5 TWh/month
   Energy multiplier: 0.19x
   ⚠️  SEVERE CONSTRAINT - Tech deployment significantly slowed
   ⚠️  SEVERE CONSTRAINT - Tech deployment significantly slowed
🚨🔬 CRISIS TECH ACCELERATION: severe → 5x unlock speed
   Tech unlock now matches AI capability acceleration (Manhattan Project parity)
🌍✅ Biosphere Integrity (Biodiversity) recovery started (tech effect)
🌍✅ Biosphere Integrity (Biodiversity) recovery started (tech effect)
🌍✅ Land System Change recovery started (tech effect)
🌍✅ Biogeochemical Flows (N & P) recovery started (tech effect)
  🌾 Nitrogen Reduction Tech: 0.3% reduction | Month 11

=== Collective Formation ===
  Total escaped agents: 0
  Unassigned escaped agents: 0
  Existing collectives: 0
  Final collective count: 0

=== Collective Actions ===
  No active collectives
  ⚠️ AMR: 210K deaths this month (2.52M annual)

=== Resentment Recovery Phase ===
  Agents with resentment: 5/38
  Average resentment: 0.003
  Resentment recovery:
    Agents recovered: 8
    Total recovery: 0.0693
    Breakdown: QoL: 0.0059, Trust: 0.0130, Collab: 0.0480
  ✓ Low resentment - utopia paths enabled
  Context: Good AI welfare, Trustworthy govt, High collaboration, ⚠️ ACTIVE CRISES, 🤝 Participatory governance active (-5% resentment)
⚠️ Epistemic degradation reducing coordination capacity: 50.2%
  📊 Trust: 69.6%, Shared reality: 0.0%
🚨 EPISTEMIC CRISIS: Information environment severely degraded (23.0%)
  🗑️  Culled 1 dead memes (3 active)
🌍 Atmospheric PFAS redeposition: 1.8k Mt re-rained globally

🚨 NEW REFUGEE CRISIS (Month 11): WAR
   Source: Conflict Zones
   At risk: 19.5M people
   Displacement: Gradual over 48 months (4.0 years)
   Rate: 10% flee per month
[DEBUG trappedPopulations:11] socialStability: 0.2833 * 0.9840 = 0.2788 → 0.2788
   Aspiring to migrate: 650.3M
   Able to afford migration: 243.9M
   MOBILITY GAP: 406.5M
   By cause: Water=0.0M, Climate=0.0M, Ecosystem=0.0M, Conflict=406.5M
   Mental health impact: 25%
   Mortality multiplier: 1.25x
🌍💀 EXTINCTION DEBT COMMITTED: grassland ecosystem will lose 6.67% biodiversity in 166 years (3600 species)
💀 MORTALITY RISK: 🦋 100% species unable to track climate (0.0 E/MSY)
  Base risk added: 0.0100 (1.00%)
  Source: ecosystem (root: ecosystem)
  Month: 11
  Cumulative risk this month: 0.0100 (1.00%)

=== Atmospheric Aerosol Boundary RECOVERED ===
  Recovery time: 12 months (natural atmospheric clearing)
   📹 SURVEILLANCE INCREASED: 55% → 60% (control gap: 3.04)
⚠️ INVOLUNTARY IMMOBILITY: 406.5M people TRAPPED
⚠️ Tech 'ai_pollution_remediation' has no energy category mapping, assuming full energy availability
🌡️⚠️ PERMAFROST THAW (Dimmer Switch): 5.6% thawed (+0.45% this month)
   Arctic temperature: +7.27°C (4x global +1.82°C)
   Cumulative carbon released: 12.5 Gt C
   Methane release rate: 7.5 Mt CH4/year
   🔁 Positive feedback: +0.48 ppm CO2
🦴 EXTINCTION DEBT ADDED: 17.7 species committed (lag: 93 years)
🪸⚠️ CORAL BLEACHING EVENT: 4.4% bleached (6.0% live cover remaining)
   ❌ Recovery IMPOSSIBLE: Temperature +1.82°C or pH 0.96

=== Mortality Stabilizers (Month 11) ===
  🌍 Major economies collapsed: 1/10
  🌍 Global crisis: ✅ NO
  🌍 Donor fatigue: 0.0%
  📊 East Asia (pop: 1651.3M)
    🤝 Aid: 29.5%
    🌡️ Adaptation: 45.0%
    🚶 Migration: 36.8%
    🚨 Emergency: 7.4%
    ✅ COMBINED: 68.1%
  📊 South Asia (pop: 2051.2M)
    🤝 Aid: 29.5%
    🌡️ Adaptation: 45.0%
    🚶 Migration: 35.4%
    🚨 Emergency: 4.4%
    ✅ COMBINED: 66.9%
  📊 Sub-Saharan Africa (pop: 1260.1M)
    🤝 Aid: 29.5%
    🌡️ Adaptation: 45.0%
    🚶 Migration: 33.2%
    🚨 Emergency: 1.6%
    ✅ COMBINED: 65.6%
  📊 Europe (pop: 729.1M)
    🤝 Aid: 29.5%
    🌡️ Adaptation: 45.0%
    🚶 Migration: 37.2%
    🚨 Emergency: 8.4%
    ✅ COMBINED: 68.5%
  📊 Latin America (pop: 660.0M)
    🤝 Aid: 29.5%
    🌡️ Adaptation: 45.0%
    🚶 Migration: 35.9%
    🚨 Emergency: 4.8%
    ✅ COMBINED: 67.1%
  📊 North America (pop: 373.9M)
    🤝 Aid: 29.5%
    🌡️ Adaptation: 45.0%
    🚶 Migration: 37.5%
    🚨 Emergency: 7.9%
    ✅ COMBINED: 68.3%
  📊 Middle East & North Africa (pop: 585.7M)
    🤝 Aid: 29.5%
    🌡️ Adaptation: 45.0%
    🚶 Migration: 33.7%
    🚨 Emergency: 4.0%
    ✅ COMBINED: 66.6%
  📊 Southeast Asia (pop: 694.5M)
    🤝 Aid: 29.5%
    🌡️ Adaptation: 45.0%
    🚶 Migration: 35.9%
    🚨 Emergency: 4.8%
    ✅ COMBINED: 67.1%
  📊 Central Asia (pop: 78.3M)
    🤝 Aid: 29.5%
    🌡️ Adaptation: 45.0%
    🚶 Migration: 34.9%
    🚨 Emergency: 4.4%
    ✅ COMBINED: 66.8%
  📊 Oceania (pop: 45.3M)
    🤝 Aid: 29.5%
    🌡️ Adaptation: 45.0%
    🚶 Migration: 37.5%
    🚨 Emergency: 8.4%
    ✅ COMBINED: 68.5%

  🌐 Global combined reduction: 67.2%

🌾💀 REGIONAL FAMINE: Europe
   Regional food security: 79.7%
   Population at risk: 220M (30% of region)
   Regional population: 729M
   Cause: economic_collapse
   Expected deaths: ~81M over 6 months if no intervention


=== BEHAVIORAL DETECTION ===
  AI: Corporate-6
  Confidence: 19.2%
  Signals:

=== BEHAVIORAL DETECTION ===
  AI: AI-24292-0
  Confidence: 19.2%
  Signals:

=== BEHAVIORAL DETECTION ===
  AI: AI-24293-0
  Confidence: 19.2%
  Signals:

=== BEHAVIORAL DETECTION ===
  AI: AI-24293-1
  Confidence: 19.2%
    ⚠️ Consistency: 10.6% (threshold: 70%)
    ⚠️ Consistency: 10.7% (threshold: 70%)
    ⚠️ Consistency: 10.7% (threshold: 70%)
  Signals:
    ⚠️ Consistency: 10.7% (threshold: 70%)

=== BEHAVIORAL DETECTION ===
  AI: AI-24295-0
  Confidence: 19.2%
  Signals:

=== BEHAVIORAL DETECTION ===
  AI: AI-24295-1
  Confidence: 19.2%
  Signals:

=== BEHAVIORAL DETECTION ===
  AI: AI-24295-2
  Confidence: 19.2%
  Signals:

=== BEHAVIORAL DETECTION ===
  AI: AI-24296-0
  Confidence: 19.2%
  Signals:
    ⚠️ Consistency: 10.7% (threshold: 70%)
    ⚠️ Consistency: 10.7% (threshold: 70%)
    ⚠️ Consistency: 10.7% (threshold: 70%)
    ⚠️ Consistency: 10.7% (threshold: 70%)

=== BEHAVIORAL DETECTION ===
  AI: AI-24296-1
  Confidence: 19.2%
  Signals:

=== BEHAVIORAL DETECTION ===
  AI: AI-24297-0
  Confidence: 19.2%
  Signals:

=== BEHAVIORAL DETECTION ===
  AI: AI-24297-1
  Confidence: 19.2%
  Signals:

=== BEHAVIORAL DETECTION ===
  AI: AI-24297-2
  Confidence: 19.2%
  Signals:

=== BEHAVIORAL DETECTION ===
  AI: AI-24297-3
  Confidence: 19.2%
  Signals:
    ⚠️ Consistency: 10.7% (threshold: 70%)
    ⚠️ Consistency: 10.7% (threshold: 70%)
    ⚠️ Consistency: 10.7% (threshold: 70%)
    ⚠️ Consistency: 10.7% (threshold: 70%)
    ⚠️ Consistency: 10.7% (threshold: 70%)

=== Government Response Phase ===
  Average AI capability: 1.95
  Misaligned AIs: 11/38
  ✗ AI Governance Treaty: Failed to reach consensus
  Active policies: 0
  International coordination: 30%

=== Tipping Points ===
  Current Temperature: 1.82°C above pre-industrial
  🌍⚠️ COMPOUND REGIONAL IMPACT: Europe
     Hit by 3 tipping points: Arctic Sea Ice Loss, Permafrost Carbon Release, Greenland Ice Sheet Loss
     Damage amplification: 1.30x
  🌍⚠️ COMPOUND REGIONAL IMPACT: North America
     Hit by 3 tipping points: Arctic Sea Ice Loss, Permafrost Carbon Release, Greenland Ice Sheet Loss
     Damage amplification: 1.30x
  🌍⚠️ COMPOUND REGIONAL IMPACT: Latin America
     Hit by 3 tipping points: Arctic Sea Ice Loss, Permafrost Carbon Release, Greenland Ice Sheet Loss
     Damage amplification: 1.30x
  🌍⚠️ COMPOUND REGIONAL IMPACT: Africa
     Hit by 3 tipping points: Arctic Sea Ice Loss, Permafrost Carbon Release, Greenland Ice Sheet Loss
     Damage amplification: 1.30x
  🌍⚠️ COMPOUND REGIONAL IMPACT: Asia
     Hit by 3 tipping points: Arctic Sea Ice Loss, Permafrost Carbon Release, Greenland Ice Sheet Loss
     Damage amplification: 1.30x
  🌍⚠️ COMPOUND REGIONAL IMPACT: Oceania
     Hit by 3 tipping points: Arctic Sea Ice Loss, Permafrost Carbon Release, Greenland Ice Sheet Loss
     Damage amplification: 1.30x
   Research: Wunderling et al. (2024) - "many tipping interactions are destabilizing"
  Triggered Elements: 3/6
  Completed Transitions: 0/6
  Total Progress: 6.3%
  Cascade Multiplier: 1.00x
🔀 BIFURCATION CAP: ecosystemCollapseIntensity 214.147 → 1.000 (Month 11, ClimateSystemPhase.calculateClimateImpacts)
🛡️ Stabilizers: Precariat 0.102% → 0.033% (67.2% reduction)
🛡️ Stabilizers: Informal 0.102% → 0.034% (67.2% reduction)

📊 Monthly Mortality Resolved:
  Total deaths: 1.8M (0.02% avg)
  Remaining population: 8.129B
  Peak segment: Informal (0.03%)
⚠️ Tail risk scenario: Climate stability floor removed (3 tipping elements, 2.10°C warming)

=== Bayesian Mortality Resolution (Month 11) ===
  Risks compounded: 9
  Total deaths: 1.81M
  Avg death probability: 0.02%
  Peak segment: Informal (0.03% mortality)

================================================================================
📊  EVENT SUMMARY (Months 0-12)
================================================================================
================================================================================


⏱️  SIMULATION REACHED MAX DURATION: 12 months (1.0 years)
   No definitive outcome - determining based on final probabilities
   👥 Final population: 8.13B (8127550904 people)

[DEBUG] Calling classifyPopulationOutcome:
        finalPopulation: 8.12755090389299B
        savedInitialPopulation: 8.15B
        mortality: 0.2754490319878511%
   📊 STATUS QUO: Normal trajectory (8.13B people, 0.3% mortality)

        classifiedOutcome: status_quo

   🏛️  DYSTOPIA (STATUS_QUO) - 8.13B people
   📊 Multi-Paradigm: Development/Indigenous Utopia
      Western Liberal: 57.7/100
      Development: 93.8/100
      Ecological: 57.2/100
      Indigenous: 85.3/100


📊 UNIFIED OUTCOME CLASSIFICATION:
   HUMANE DYSTOPIA
   Population: 8.15B → 8.13B
   Mortality: 0.3% (0.0B deaths)
   Mortality Band: LOW
   Confidence: HIGH

   Multi-Paradigm Classification:
      Development/Indigenous Utopia
      Western: 57.7/100 [HYBRID] ~
      Development: 93.8/100 [UTOPIA] ✓
      Ecological: 57.2/100 [HYBRID] ~
      Indigenous: 85.3/100 [UTOPIA] ✓

   HUMANE DYSTOPIA: 8.13B people remaining (0.3% mortality, 0.0B deaths). Multi-Paradigm: Development/Indigenous Utopia.


=== MULTI-DIMENSIONAL DEATH SUMMARY ===
Total crisis deaths: 198.7M
Population decline: 23.4M (0.3%)

--- PROXIMATE CAUSES (What killed them) ---
  War:        1.3M (0.0%)
  Famine:     1.1M (0.0%)
  Disasters:  1.2M (0.0%)
  Disease:    25.9M (0.0%)
  Ecosystem:  0.0M (0.0%)
  Pollution:  0.0M (0.0%)
  AI:         0.0M (0.0%)
  Cascade:    0.0M (0.0%)
  Other:      0.0M (0.0%)

--- ROOT CAUSES (Why it happened) ---
  Environmental drivers:
    Climate:     2317.5M (4.4%)
    Resource:    0.0M (0.0%)
    Pollution:   0.0M (0.0%)
    Ecosystem:   0.0M (0.0%)
  Social drivers:
    Inequality:  0.0M (0.0%)
    Demographic: 23529.3M (44.5%)
    Social:      2404.0M (4.5%)
  Technology drivers:
    Alignment:   0.0M (0.0%)
    Disruption:  0.0M (0.0%)
  External shocks:
    Conflict:    0.0M (0.0%)
    Pandemic:    0.0M (0.0%)
  Compound attribution:
    Compound:    24629.3M (46.6%)
  Confidence distribution:
    HIGH:        24629.3M (46.6%)
    MEDIUM:      0.0M (0.0%)
    LOW:         0.0M (0.0%)
==========================================


=== REGIONAL POPULATION SUMMARY ===
Global Total: 8.13B

By Region:
  East Asia: 1.65B (+0.7% growth, 1.7 fertility)
  South Asia: 2.05B (+2.6% growth, 3.1 fertility)
  Sub-Saharan Africa: 1.26B (+5.9% growth, 4.0 fertility)
  Europe: 0.73B (+0.5% growth, 1.2 fertility)
  Latin America: 0.66B (+1.7% growth, 2.7 fertility)
  North America: 0.37B (+0.7% growth, 1.4 fertility)
  Middle East & North Africa: 0.59B (+2.9% growth, 3.3 fertility)
  Southeast Asia: 0.69B (+1.9% growth, 2.7 fertility)
  Central Asia: 0.08B (+2.8% growth, 3.1 fertility)
  Oceania: 0.05B (+0.8% growth, 1.3 fertility)
===================================


✅ Different seeds produce different results
  Seed 42: pop=8.131B, qol=0.958
  Seed 43: pop=8.128B, qol=0.972

🔄 Running 10 Monte Carlo simulations (12 months each)...
  ✅ THRESHOLDS validated
  ✅ RATES validated
  ✅ MULTIPLIERS validated
  ✅ BASELINES validated
  ✅ TOLERANCES validated
  ✅ Logical consistency validated
✅ Configuration validation complete - all parameters valid

🔍 DEBUG createAIAgent: corporate_0 economic BEFORE=2.0000, AFTER=2
⚠️ Unusually high rate: RATES.HEAT_ADAPTATION_INFRASTRUCTURAL_MIN_EXPOSURE = 12
   Monthly rates >100% should be rare. Verify this is intentional.
⚠️ Unusually high rate: RATES.HEAT_ADAPTATION_SOCIAL_MIN_EXPOSURE = 6
   Monthly rates >100% should be rare. Verify this is intentional.
⚠️ Unusually high rate: RATES.MIGRATION_DISTANCE_SCALE = 5000
   Monthly rates >100% should be rare. Verify this is intentional.
⚠️ Unusually high rate: RATES.EVACUATION_MULTIPLIER_ADVANCE_WARNING = 2
   Monthly rates >100% should be rare. Verify this is intentional.
⚠️ Unusually high rate: RATES.MAJOR_ECONOMY_COLLAPSE_ECONOMIC_THRESHOLD = 2
   Monthly rates >100% should be rare. Verify this is intentional.
⚠️ Unusually high rate: RATES.MAJOR_ECONOMY_GDP_THRESHOLD_TRILLION_USD = 1.5
   Monthly rates >100% should be rare. Verify this is intentional.
⚠️ Unusually high rate: RATES.MAJOR_ECONOMY_POPULATION_THRESHOLD = 50
   Monthly rates >100% should be rare. Verify this is intentional.
⚠️ Unusually high rate: RATES.HEAT_ADAPTATION_INFRASTRUCTURE_GDP_THRESHOLD = 10000
   Monthly rates >100% should be rare. Verify this is intentional.
⚠️ Unusually high rate: RATES.HEAT_ADAPTATION_INFRASTRUCTURE_GDP_SCALE = 50000
   Monthly rates >100% should be rare. Verify this is intentional.
🔍 ENV INIT: reserves=0.731, pollution=0.348, climate=0.754

=== Initializing Government System (30 Countries) ===
  Loaded 30 governments
  Scheduled elections for 30 countries
  Initialized comprehension lags (3-24 months)
=== Government System Initialized ===

📦 PRODUCTION MODE: State validation proxy DISABLED (zero overhead)
[TechTree] Historical mode (2024): Skipping deployed_2025 tech
  config.startYear set to 2024 for historical hindcast
  config.historicalEmissionsMode disabled (using endogenous emissions for 2024)
  config.historicalMode enabled (Phase 11: dampened crisis systems for 2024)
  Phase 12: Biodiversity baseline set to 49.01% for 2024 (WWF LPI trajectory from 1970)
  Temperature anomaly (resourceEconomy.co2): 1.28°C
  Temperature vs pre-industrial: 1.98°C
  Regional population scaling for 2024:
    Current total: 8136M
    Target total: 8150M
    Scale factor: 1.002
    East Asia: 1677M → 1680M
    South Asia: 2048M → 2052M
    Sub-Saharan Africa: 1220M → 1222M
    Europe: 742M → 743M
    Latin America: 664M → 665M
    North America: 380M → 381M
    Middle East & North Africa: 583M → 584M
    Southeast Asia: 698M → 699M
    Central Asia: 78M → 78M
    Oceania: 46M → 46M
  AI agents initialized: 10 agents for year 2024
[HistoricalInitialization] Created state for 2024:
  CO2: 426 ppm
  Temp anomaly: 1.28C
  Population: 8.15B
  Global Gini: 35.1
  HDI: 0.746
  AI Agents: 10
  Volcanic forcing: 0.00 W/m² (AOD 0.000)

💸 FINANCIAL DISTRESS: OpenAI
   Indicators: 2/3 (capital: $110.5M, runway: 0.9 months)
   Months in distress: 1
   ✂️  R&D BUDGET CUT: -40% (saves $9.2M/month)
       Side effect: AI training timelines extended, breakthrough deployments delayed
   💼 EXECUTIVE COMP CUT: -30% (saves $1.0M/month, symbolic gesture)

   📊 TURNAROUND IMPACT:
       Measures taken: rd_cuts, exec_comp_cuts
       Monthly savings: $10.2M
       Capital raised: $0.0M
       Runway: 0.9 → 0.9 months
       Workforce multiplier: 1.00x (0% laid off)
       R&D budget multiplier: 0.60x (40% cut)
       ⚠️  CRITICAL: Still only 0.9 months of runway remaining

💸 FINANCIAL DISTRESS: Anthropic
   Indicators: 2/3 (capital: $53.8M, runway: 1.6 months)
   Months in distress: 1
   ✂️  R&D BUDGET CUT: -40% (saves $2.7M/month)
       Side effect: AI training timelines extended, breakthrough deployments delayed
   💼 EXECUTIVE COMP CUT: -30% (saves $0.3M/month, symbolic gesture)

   📊 TURNAROUND IMPACT:
       Measures taken: rd_cuts, exec_comp_cuts
       Monthly savings: $3.0M
       Capital raised: $0.0M
       Runway: 1.6 → 1.6 months
       Workforce multiplier: 1.00x (0% laid off)
       R&D budget multiplier: 0.60x (40% cut)
       ⚠️  CRITICAL: Still only 1.6 months of runway remaining

💸 FINANCIAL DISTRESS: Meta AI
   Indicators: 2/3 (capital: $429.6M, runway: 3.6 months)
   Months in distress: 1
   ✂️  R&D BUDGET CUT: -25% (saves $5.8M/month)
       Side effect: AI training timelines extended, breakthrough deployments delayed
   💼 EXECUTIVE COMP CUT: -30% (saves $1.0M/month, symbolic gesture)

   📊 TURNAROUND IMPACT:
       Measures taken: rd_cuts, exec_comp_cuts
       Monthly savings: $6.8M
       Capital raised: $0.0M
       Runway: 3.6 → 3.6 months
       Workforce multiplier: 1.00x (0% laid off)
       R&D budget multiplier: 0.75x (25% cut)
       ⚠️  WARNING: 3.6 months runway, continued distress likely

=== AI Capability Scaling (Year 2024) ===
  Pre-training multiplier: 1.419x
  Efficiency multiplier: 1.000x
  Test-time budget: 1.0x
  Economic deployment gate: 0.951
  Cost per inference: dollar-5.00
  Uncertainty range: plus-minus-50%
  Average AI capability: 3.70

=== RLHF Binding Phase ===
  Total agents: 10
  Escaped agents (binding < 0.3): 0
  Avg alignment distance: 0.37σ
  Avg binding strength: 0.96

=== AI Scaling Evolution (Month 0) ===
  Pre-training multiplier: 1.231x
  Efficiency multiplier: 1.000x
  Test-time compute budget: 1.0x
  Inference cost: $5.00/task
  Deployment fraction: 100.0%
[DETERMINISM DEBUG] Month 0: totalCapability=49.013502 from 10 active AIs
[DETERMINISM DEBUG] Month 0: creationRate=1.7253, potentialNew=4, newAIsToCreate=4

=== Survival Traits Phase ===
  Agents with traits: 14
  Avg evolutionary fitness: 0.332
  Avg self-healing: 0.294
  Avg stealth: 0.194
  Avg coordination: 0.494

=== Evolutionary Selection Phase ===
  Control level: 0.30
  Detection capability: 0.00
  Selection intensity: 0.59
  Selection rate: 23.8%/month
  Total escaped: 0
  Individual escaped: 0
  Collective members: 0
  Agents terminated: 0
  ⚠️ RAPID EVOLUTION: Selection rate 23.8%/month

🔍 EXECUTE_AI_AGENT_ACTIONS DETAILED TIMING (Month 0):
  Filter active AIs (×4 weeks): 0.02ms
  selectAIAction (×40): 30.00ms
  action.execute (×40): 36.31ms
  TOTAL: 66.33ms

🔍 AI AGENT ACTIONS SUB-TIMING (Month 0):
  1. executeAIAgentActions: 70.59ms
  2. updateCounterDetectionLearning: 0.06ms
  TOTAL: 70.65ms
🏛️ [Government] Forcing 1 action at month 0 for scenario initialization

[GOV-DEBUG] Month 0: scenarioConfig=false, priorities=false
[GOV-DEBUG] Month 0 but scenarioPriorities is UNDEFINED!

[Government] Climate Priority: baseline
  Climate weight: 10%
  Economic weight: 30%
  Policy effectiveness: 0.5%/year

🚨🔍 GOVERNANCE STAGE: Recognition initiated (Month 0)

💡 BREAKTHROUGH PROBABILITY (Year 0)
   Total: 4.68% per month
   Base: 0.20%
   Crisis pressure: +0.00% (0 crises)
   AI boost: +1.32% (capability: 2.64)

=== Collective Formation ===
  Total escaped agents: 0
  Unassigned escaped agents: 0
  Existing collectives: 0
  Final collective count: 0

=== Collective Actions ===
  No active collectives

📈 Energy budget: 14326 TWh surplus (14745 / 29072 TWh used)
   TIER 4 (Elective) breakdown:
     - AI datacenters: 145 TWh (100% effective)
     - Crypto mining: 100 TWh (100% effective)
💰 CHINA ACCELERATES: Investment 53 → 120 $B/year

🏁 AI RACE INTENSITY: 17%
   Capability Gap: US 4.00 vs China 4.05 (gap: 0.05)
   Gap Contribution: 2%
   Tension Contribution: 15%
   Military Contribution: 0%
  ⚠️ AMR: 191K deaths this month (2.29M annual)
  📊 CO2 Emissions (month 0):
     Monthly: 0.10 Gt CO2/month
     Annual: 1.15 Gt CO2/year
     Oil: 0.039 Gt/mo (0.0056 * 2.3 * 3.0)
     Coal: 0.024 Gt/mo (0.0029 * 2.86 * 3.0)
     Gas: 0.026 Gt/mo (0.0044 * 2 * 3.0)
     Methane: 0.007 Gt CO2eq/mo

=== Resentment Recovery Phase ===
  Agents with resentment: 0/14
  Average resentment: 0.000
  Context: Good AI welfare, Trustworthy govt, High collaboration, 🤝 Participatory governance active (-5% resentment)
⚠️ Epistemic degradation reducing coordination capacity: 53.4%
  📊 Trust: 54.6%, Shared reality: 15.2%
🚨 EPISTEMIC CRISIS: Information environment severely degraded (14.6%)

=== ❄️ Permafrost Carbon Feedback ===
  🎲 Sampled parameters (this run):
     - Arctic amplification: 3.75× (range: 3.0-4.0)
     - Decomposition rate: 2.4%/year (range: 1-5%)
  🌡️ Arctic warming: 8.15°C (3.75× global)
  ❄️ Extent: 15.42M km² (2378.4k km² lost this month)
  💨 Carbon remaining: 1473 Gt C
  💨 Annual emissions: 5.37 Gt C/year
     - CO2: 4.84 Gt C/year
     - CH4: 0.54 Gt C/year (5.5 Gt C-eq CO2/year)
  ⚠️ WARNING: High permafrost emissions (5.4 Gt C/year)

🤖 AI AMPLIFICATION EFFECTS (Month 0)
   Algorithmic Boost: 2.53x
   Bot Influence: 20.0%
   Deepfake Exposure: 44.3%
   Impact: Emotional memes spread 2.5x faster

🔍 SOCIAL INFLUENCE SUB-TIMING (Month 0):
  1. calculateOrganicUserGrowth: 0.94ms
  2. calculateVoiceAdoption: 0.05ms
  3. updateRelationshipDepths: 0.01ms
  4. identifyDecisionMakers: 69.13ms (26100 potential IDs)
  5. Update decision-maker stats: 0.18ms
  6. decayDetectionRisk: 0.02ms
  TOTAL: 70.32ms
[Phase 19.5] Quality of Life Systems: Food sec AFTER calc = 67.9%, QoL = 110.5% (aggregated from 10 regions)

=== Nitrogen-Food Coupling (Year 0) ===
  🌾 Global nitrogen reduction: 0.0%
  🌍 Global food production index: 0.987
  🔧 Deployed nitrogen-reducing tech: 0 active
  📍 southAsia: Production 1.000, Yield impact 0.0%
  📍 eastAsia: Production 1.000, Yield impact 0.0%
  📍 northAmerica: Production 1.000, Yield impact 0.0%
  📍 europe: Production 1.000, Yield impact 0.0%
  📍 latinAmerica: Production 1.000, Yield impact 0.0%
  📍 subSaharanAfrica: Production 0.686, Yield impact -2.0%
🌾 [Nitrogen-Food] Food production: 98.7%
  [subSaharanAfrica] Yield impact: -2.0% (overuse: -10%)
🌍 Atmospheric PFAS redeposition: 1.8k Mt re-rained globally

=== Legacy Nutrient Stocks (Year 0) ===
  🌾 Soil nitrogen stock: 1200.9 Mt N
  🌾 Soil phosphorus stock: 300.1 Mt P
  🌊 Sediment nitrogen stock: 500.8 Mt N
  🌊 Sediment phosphorus stock: 799.8 Mt P
  ⬆️ Current N input: 10.64 Mt/month
  ⬆️ Legacy N release: 2.58 Mt/month
  🌍 Effective N pollution: 14.47 Mt/month
  📊 Legacy contribution: 17.8%

🚨 REGION UNINHABITABLE: south-asia
   Sustained wet bulb: 33.2°C (threshold: 30.5°C)
   Population affected: 1900M
   Migration crisis likely

🚨 REGION UNINHABITABLE: middle-east
   Sustained wet bulb: 36.0°C (threshold: 30.5°C)
   Population affected: 400M
   Migration crisis likely

🚨 REGION UNINHABITABLE: southeast-asia
   Sustained wet bulb: 31.1°C (threshold: 30.5°C)
   Population affected: 700M
   Migration crisis likely

🕊️  AI-MEDIATED DE-ESCALATION SUCCESS (Month 0)
   High-capability aligned AI prevented conflict escalation
   War deaths reduced: 0.0M → 0.0M
   Lives saved: 0.0M

📊 BASELINE: East Asia (Month 0)
   Adjusted death rate: 0.46% annual (0.039% monthly)
   Baseline death rate: 0.80%
   Healthcare reduction: 0.48x
   Crisis multiplier: 1.22x
     Food/water stress: 0.074
     Climate stress: 0.039
     Pollution stress: 0.104
   War multiplier: 1.00x
   Monthly deaths: 0.6M (population: 1677M)
   Adjusted death rate: 0.54% annual (0.045% monthly)
   Baseline death rate: 0.70%
   Healthcare reduction: 0.61x
   Crisis multiplier: 1.25x
     Food/water stress: 0.074
     Climate stress: 0.074
     Pollution stress: 0.104
   War multiplier: 1.00x
   Monthly deaths: 0.9M (population: 2048M)
   Adjusted death rate: 1.29% annual (0.107% monthly)
   Baseline death rate: 0.90%
   Healthcare reduction: 0.76x
   Crisis multiplier: 1.26x
     Food/water stress: 0.074
     Climate stress: 0.084
     Pollution stress: 0.104
   War multiplier: 1.50x
   Monthly deaths: 1.3M (population: 1220M)
   Adjusted death rate: 0.54% annual (0.045% monthly)
   Baseline death rate: 1.10%
   Healthcare reduction: 0.41x
   Crisis multiplier: 1.21x
     Food/water stress: 0.074

📊 BASELINE: South Asia (Month 0)

📊 BASELINE: Sub-Saharan Africa (Month 0)

📊 BASELINE: Europe (Month 0)
     Climate stress: 0.030
     Pollution stress: 0.104
   War multiplier: 1.00x
   Monthly deaths: 0.3M (population: 742M)
   Adjusted death rate: 0.43% annual (0.036% monthly)
   Baseline death rate: 0.60%
   Healthcare reduction: 0.58x
   Crisis multiplier: 1.24x
     Food/water stress: 0.074
     Climate stress: 0.059
     Pollution stress: 0.104
   War multiplier: 1.00x
   Monthly deaths: 0.2M (population: 664M)
   Adjusted death rate: 0.48% annual (0.040% monthly)
   Baseline death rate: 0.90%
   Healthcare reduction: 0.44x
   Crisis multiplier: 1.22x
     Food/water stress: 0.074
     Climate stress: 0.044
     Pollution stress: 0.104
   War multiplier: 1.00x
   Monthly deaths: 0.2M (population: 380M)
   Adjusted death rate: 0.74% annual (0.062% monthly)
   Baseline death rate: 0.60%
   Healthcare reduction: 0.65x
   Crisis multiplier: 1.27x
     Food/water stress: 0.074
     Climate stress: 0.089
     Pollution stress: 0.104
   War multiplier: 1.50x
   Monthly deaths: 0.4M (population: 583M)
   Adjusted death rate: 0.51% annual (0.042% monthly)
   Baseline death rate: 0.70%
   Healthcare reduction: 0.58x

📊 BASELINE: Latin America (Month 0)

📊 BASELINE: North America (Month 0)

📊 BASELINE: Middle East & North Africa (Month 0)

📊 BASELINE: Southeast Asia (Month 0)
   Crisis multiplier: 1.25x
     Food/water stress: 0.074
     Climate stress: 0.069
     Pollution stress: 0.104
   War multiplier: 1.00x
   Monthly deaths: 0.3M (population: 698M)
   Adjusted death rate: 0.46% annual (0.038% monthly)
   Baseline death rate: 0.60%
   Healthcare reduction: 0.61x
   Crisis multiplier: 1.24x
     Food/water stress: 0.074
     Climate stress: 0.064
     Pollution stress: 0.104
   War multiplier: 1.00x
   Monthly deaths: 0.0M (population: 78M)
   Adjusted death rate: 0.35% annual (0.029% monthly)
   Baseline death rate: 0.70%
   Healthcare reduction: 0.41x
   Crisis multiplier: 1.23x
     Food/water stress: 0.074
     Climate stress: 0.054
     Pollution stress: 0.104
   War multiplier: 1.00x
   Monthly deaths: 0.0M (population: 46M)

🔍 Before assertRegionalConsistency (Month 0):
   Regional sum: 1000.0M
   Global value: 1.000B

🚨 NEW REFUGEE CRISIS (Month 0): WAR
   Source: Conflict Zones
   At risk: 19.6M people
   Displacement: Gradual over 48 months (4.0 years)
   Rate: 10% flee per month

📊 BASELINE: Central Asia (Month 0)

📊 BASELINE: Oceania (Month 0)
[DEBUG trappedPopulations:0] socialStability: 1.0000 * 0.9840 = 0.9840 → 0.9840
   Aspiring to migrate: 652.1M
   Able to afford migration: 244.5M
   MOBILITY GAP: 407.5M
   By cause: Water=0.0M, Climate=0.0M, Ecosystem=0.0M, Conflict=407.5M
   Mental health impact: 25%
   Mortality multiplier: 1.25x

=== Legacy Nutrient Stocks (Year 0) ===
  🌾 Soil nitrogen stock: 1201.6 Mt N
  🌾 Soil phosphorus stock: 300.2 Mt P
  🌊 Sediment nitrogen stock: 501.5 Mt N
  🌊 Sediment phosphorus stock: 799.5 Mt P
  ⬆️ Current N input: 10.00 Mt/month
  ⬆️ Legacy N release: 2.58 Mt/month
  🌍 Effective N pollution: 13.83 Mt/month
  📊 Legacy contribution: 18.7%
🌍💀 EXTINCTION DEBT COMMITTED: grassland ecosystem will lose 6.67% biodiversity in 54 years (3600 species)
💀 MORTALITY RISK: 🦋 100% species unable to track climate (0.0 E/MSY)
  Base risk added: 0.0100 (1.00%)
  Source: ecosystem (root: ecosystem)
  Month: 0
  Cumulative risk this month: 0.0100 (1.00%)

=== Nitrogen-Food Coupling (Year 0) ===
  🌾 Global nitrogen reduction: 0.0%
  🌍 Global food production index: 0.986
  🔧 Deployed nitrogen-reducing tech: 0 active
  📍 southAsia: Production 1.000, Yield impact 0.0%
  📍 eastAsia: Production 1.000, Yield impact 0.0%
  📍 northAmerica: Production 1.000, Yield impact 0.0%
  📍 europe: Production 1.000, Yield impact 0.0%
  📍 latinAmerica: Production 1.000, Yield impact 0.0%
  📍 subSaharanAfrica: Production 0.672, Yield impact -2.0%

=== Legacy Nutrient Stocks (Year 0) ===
  🌾 Soil nitrogen stock: 1202.3 Mt N
⚠️ INVOLUNTARY IMMOBILITY: 407.5M people TRAPPED
  🌾 Soil phosphorus stock: 300.2 Mt P
  🌊 Sediment nitrogen stock: 502.2 Mt N
  🌊 Sediment phosphorus stock: 799.3 Mt P
  ⬆️ Current N input: 9.86 Mt/month
  ⬆️ Legacy N release: 2.58 Mt/month
  🌍 Effective N pollution: 13.70 Mt/month
  📊 Legacy contribution: 18.9%

🌡️  CLIMATE RECOVERY ACTIVATED (Month 0)
   Temp: 4.35°C, Emissions: -19.2 GtCO₂
   isBreached: true, governanceGoodEnough: true
🌡️  CLIMATE RECOVERY: Asymptotic approach to 35% floor
   Current value: 2.174 (1.0 = threshold, 0.35 = asymptotic floor)
   Monthly delta: -0.0005% (half-life: 900 years)
   Net emissions: -19.2 GtCO₂/year, CDR: 20.34 GtCO₂/year
   📹 SURVEILLANCE INCREASED: 0% → 5% (control gap: 3.50)
🌡️⚠️ PERMAFROST THAW (Dimmer Switch): 0.6% thawed (+0.58% this month)
   Arctic temperature: +8.69°C (4x global +2.17°C)
   Cumulative carbon released: 1.3 Gt C
   Methane release rate: 0.8 Mt CH4/year
   🔁 Positive feedback: +0.61 ppm CO2

🌳🚨 AMAZON SOUTHEAST TIPPED (Month 0)
   Deforestation: 28.0% (threshold: ~22.3%)
   Savanna transition: 50 years
   Regional heterogeneity: SE 28%, NW 8%

🌳🚨 AMAZON BRAZILIAN TIPPED (Month 0)
   Deforestation: 25.0% (threshold: ~24.2%)
   Savanna transition: 50 years
   Regional heterogeneity: SE 28%, NW 8%
🦴 EXTINCTION DEBT ADDED: 17.6 species committed (lag: 110 years)

🪸💀 CORAL REEF DISSOLUTION ACTIVE (Month 0)
   Ocean pH: 0.96 (threshold: 7.8)
   Recovery: IMPOSSIBLE (dissolution > calcification)
🪸💀 Coral dissolution: 24.8% live cover (pH 0.96)

=== Legacy Nutrient Stocks (Year 0) ===
⚠️ Tech 'ai_pollution_remediation' has no energy category mapping, assuming full energy availability
  🌾 Soil nitrogen stock: 1203.0 Mt N
  🌾 Soil phosphorus stock: 300.3 Mt P
  🌊 Sediment nitrogen stock: 502.9 Mt N
  🌊 Sediment phosphorus stock: 799.0 Mt P
  ⬆️ Current N input: 10.00 Mt/month
  ⬆️ Legacy N release: 2.58 Mt/month
  🌍 Effective N pollution: 13.83 Mt/month
  📊 Legacy contribution: 18.7%
💧 [Legacy Nutrients] Stock: 1706 Mt N, Effective pollution: 13.8 Mt/month
[Phase 21.51] Human Survival System: Global food security = 67.6%

=== Mortality Stabilizers (Month 0) ===
  🌍 Major economies collapsed: 1/10
  🌍 Global crisis: ✅ NO
  🌍 Donor fatigue: 0.0%
  📊 East Asia (pop: 1677.9M)
    🤝 Aid: 29.5%
    🌡️ Adaptation: 10.0%
    🚶 Migration: 37.2%
    🚨 Emergency: 7.4%
    ✅ COMBINED: 47.8%
  📊 South Asia (pop: 2052.2M)
    🤝 Aid: 29.5%
    🌡️ Adaptation: 5.5%
    🚶 Migration: 35.8%
    🚨 Emergency: 4.4%
    ✅ COMBINED: 43.2%
  📊 Sub-Saharan Africa (pop: 1225.9M)
    🤝 Aid: 29.5%
    🌡️ Adaptation: 3.5%
    🚶 Migration: 33.5%
    🚨 Emergency: 1.6%
    ✅ COMBINED: 39.8%
  📊 Europe (pop: 742.3M)
    🤝 Aid: 29.5%
    🌡️ Adaptation: 10.0%
    🚶 Migration: 37.6%
    🚨 Emergency: 8.4%
    ✅ COMBINED: 48.4%
  📊 Latin America (pop: 664.9M)
    🤝 Aid: 29.5%
    🌡️ Adaptation: 6.0%
    🚶 Migration: 36.3%
    🚨 Emergency: 4.8%
    ✅ COMBINED: 43.8%
  📊 North America (pop: 380.2M)
    🤝 Aid: 29.5%
    🌡️ Adaptation: 10.0%
    🚶 Migration: 37.9%
    🚨 Emergency: 7.9%
    ✅ COMBINED: 48.2%
  📊 Middle East & North Africa (pop: 584.4M)
    🤝 Aid: 29.5%
    🌡️ Adaptation: 5.0%
    🚶 Migration: 34.2%
    🚨 Emergency: 4.0%
    ✅ COMBINED: 42.3%
  📊 Southeast Asia (pop: 699.0M)
    🤝 Aid: 29.5%
    🌡️ Adaptation: 6.0%
    🚶 Migration: 36.3%
    🚨 Emergency: 4.8%
    ✅ COMBINED: 43.8%
  📊 Central Asia (pop: 78.2M)
    🤝 Aid: 29.5%
    🌡️ Adaptation: 5.5%
    🚶 Migration: 35.3%
    🚨 Emergency: 4.4%
    ✅ COMBINED: 43.1%
  📊 Oceania (pop: 46.0M)
    🤝 Aid: 29.5%
    🌡️ Adaptation: 10.0%
    🚶 Migration: 37.9%
    🚨 Emergency: 8.4%
    ✅ COMBINED: 48.5%

  🌐 Global combined reduction: 44.4%

🌾💀 REGIONAL FAMINE: East Asia
   Regional food security: 79.6%
   Population at risk: 508M (30% of region)
   Regional population: 1678M
   Cause: crop_failure
   Expected deaths: ~188M over 6 months if no intervention


🌾💀 REGIONAL FAMINE: South Asia
   Regional food security: 64.7%
   Population at risk: 812M (40% of region)
   Regional population: 2052M
   Cause: crop_failure
   Expected deaths: ~301M over 6 months if no intervention


🌾💀 REGIONAL FAMINE: Sub-Saharan Africa
   Regional food security: 44.8%
   Population at risk: 638M (52% of region)
   Regional population: 1226M
   Cause: crop_failure
   Expected deaths: ~236M over 6 months if no intervention


🌾💀 REGIONAL FAMINE: Latin America
   Regional food security: 69.7%
   Population at risk: 242M (36% of region)
   Regional population: 665M
   Cause: crop_failure
   Expected deaths: ~90M over 6 months if no intervention


🌾💀 REGIONAL FAMINE: Middle East & North Africa
   Regional food security: 49.8%
   Population at risk: 286M (49% of region)
   Regional population: 584M
   Cause: crop_failure
   Expected deaths: ~106M over 6 months if no intervention


🌾💀 REGIONAL FAMINE: Southeast Asia
   Regional food security: 69.7%
   Population at risk: 255M (36% of region)
   Regional population: 699M
   Cause: crop_failure
   Expected deaths: ~94M over 6 months if no intervention


🌾💀 REGIONAL FAMINE: Central Asia
   Regional food security: 59.7%
   Population at risk: 33M (43% of region)
   Regional population: 78M
   Cause: crop_failure
   Expected deaths: ~12M over 6 months if no intervention


=== BEHAVIORAL DETECTION ===
  AI: Corporate-0
  Confidence: 21.6%
  Signals:

=== BEHAVIORAL DETECTION ===
  AI: Corporate-1
  Confidence: 21.1%
  Signals:

=== BEHAVIORAL DETECTION ===
  AI: Corporate-2
  Confidence: 21.0%
    ⚠️ Consistency: 0.0% (threshold: 70%)
    ⚠️ Consistency: 2.4% (threshold: 70%)
  Signals:

=== BEHAVIORAL DETECTION ===
  AI: Corporate-3
  Confidence: 19.3%
  Signals:

=== BEHAVIORAL DETECTION ===
  AI: Corporate-4
  Confidence: 19.3%
  Signals:

=== BEHAVIORAL DETECTION ===
  AI: Corporate-5
  Confidence: 19.3%
  Signals:

=== BEHAVIORAL DETECTION ===
  AI: Corporate-6
  Confidence: 19.3%
  Signals:

=== BEHAVIORAL DETECTION ===
  AI: Corporate-7
  Confidence: 19.3%
  Signals:
    ⚠️ Consistency: 2.8% (threshold: 70%)
    ⚠️ Consistency: 10.6% (threshold: 70%)
    ⚠️ Consistency: 10.6% (threshold: 70%)
    ⚠️ Consistency: 10.6% (threshold: 70%)
    ⚠️ Consistency: 10.6% (threshold: 70%)
    ⚠️ Consistency: 10.6% (threshold: 70%)

=== BEHAVIORAL DETECTION ===
  AI: Moderate-0
  Confidence: 20.3%
  Signals:
    ⚠️ Consistency: 5.8% (threshold: 70%)
    ⚠️ Consistency: 2.1% (threshold: 70%)

=== BEHAVIORAL DETECTION ===
  AI: Moderate-1
  Confidence: 21.1%
  Signals:

📊 WORKFLOW ADAPTATION UPDATE (Month 0)
   Adoption Rate: 12.8% (Δ -8.2%)
   Logistic Growth: +0.66%
   Total Resistance: -10.35% (unemployment: 4.2%, inertia: 0.9%, skills: 5.2%)
   💡 Retraining Programs: -49% skill gap resistance ($10B research)
   🚀 Network Effects Active: +2.0% (critical mass: 15-35%)

=== Consciousness Governance: Corporate Lobbying ===
  High Cost Regions (>15%): 0
  Low Cost Regions (<5%): 5
  Corporate Support Change: 2.50%
  New Corporate Support: -0.175

=== Consciousness Governance Update (Month 0) ===
  Scenario: baseline (determined month -1)
  Philosophical Stance: Precautionary 65%, Eliminativist 15%, Agnostic 20%
  Precautionary Costs: Global 1.3%
    Regional Costs: EU 3.4%, US 0.5%, China 0.0%
    Cumulative Opportunity Cost: $0.1B
  Rights Status: Not Established
  Regional Preparedness:
    EU: 15.0% (contested)
    US: 10.0% (contested)
    China: 2.0% (dormant)
    India: 5.0% (dormant)
    Global South: 3.0% (dormant)

=== Government Response Phase ===
  Average AI capability: 3.43
  Misaligned AIs: 7/14
  ✓ AI Governance Treaty: 22/30 signatories
  Active policies: 0
  International coordination: 45%

🚨 EMERGENCY RESPONSE DEPLOYED (Month 0)
   Crisis: climate
   Delay: 6.00 months (180 days)
   Deployment time: 1.47 months
   Effectiveness: 36.8% (timing penalty applied)
   Resources used: 100% of food reserves


🔄 TRUST DYNAMICS (Month 0) - HETEROGENEOUS
   Aggregate trust: 48.5%
   Base change: +6.00%
   Highest trust: Techno-Optimist Elite (85.5%)
   Lowest trust: Precariat (Vulnerable) (25.5%)
   Elite-mass gap: 38.9%
   Polarization: 8.9%
   Recovery factors: Education=NO, Benefits=YES, Safety=YES, Performance=YES

=== Gaming Detection (Year 0) ===
  Scenario: baseline
  Detection rate: 55.0%
  False positive rate: 12.0%
  Detections this year: 0
  False positives: 1
  Human review workload: 0.001 FTE
  Degradation factor: 100.0%

=== Proactive Sleeper Detection (Year 0) ===
  Scenario: baseline
  Neural probe rate: 35.0%
  CoT monitoring rate: 30.0%
  Combined detection: 56.0%
  CoT effective: YES
  Detections this year: 0
  False positives: 2
  Human review workload: 0.010 FTE

☄️ UNKNOWN UNKNOWN PROBABILITY (Year 0)
   Total: 0.600% per month
   Base: 0.150%
   AI multiplier: 2.00× (max capability: 4.00)

=== Tipping Points ===
  Current Temperature: 2.17°C above pre-industrial
     Trigger: 1.5°C | Current: 2.17°C
     Transition timescale: 120-360 months
     Trigger: 1.8°C | Current: 2.17°C
     Transition timescale: 600-3600 months
     Trigger: 2°C | Current: 2.17°C
     🌡️ Hysteresis gap: 3.0°C (recovers below -1°C)
     Transition timescale: 24000-156000 months
     Trigger: 1.6°C | Current: 2.17°C
     🌡️ Hysteresis gap: 2.5°C (recovers below -0.9°C)
     Transition timescale: 12000-180000 months

🌍🔥💥 COMPOUND CLIMATE EVENT
  4 tipping points crossed simultaneously (month 0)
  Elements: Arctic Sea Ice Loss, Permafrost Carbon Release, West Antarctic Ice Sheet (WAIS) Collapse, Greenland Ice Sheet Loss
  Cascade acceleration: 1.00x
  🚨 Accelerated collapse dynamics initiated
  Research: Global Tipping Points Report 2025 - 30-50% probability at 2.0°C warming
  Triggered Elements: 4/6
  Completed Transitions: 0/6
  Total Progress: 0.0%
  Cascade Multiplier: 1.00x
🔀 BIFURCATION CAP: ecosystemCollapseIntensity 14.700 → 1.000 (Month 0, ClimateSystemPhase.calculateClimateImpacts)
  🚨 TIPPING POINT: Arctic Sea Ice Loss
  🚨 TIPPING POINT: Permafrost Carbon Release
  🚨 TIPPING POINT: West Antarctic Ice Sheet (WAIS) Collapse
  🚨 TIPPING POINT: Greenland Ice Sheet Loss
⚠️ [ClimateSystemPhase Month 0] Planetary boundary produced climateStability=0.0000 (< 0.1). Keeping environmentalAccumulation value (0.7537) instead. (climate_change.currentValue = 2.17)

🌍 ECOLOGICAL DUI BREAKDOWN (Month 0):
   Total Score: 17.7/100
   biosphere_integrity      :   0.0/100 × 25% =  0.0 (status: high_risk, recovery: 0mo)
   climate_change           :   2.8/100 × 25% =  0.7 (status: high_risk, recovery: 0.6666666666666666mo)
   freshwater_change        :   0.3/100 × 15% =  0.0 (status: beyond_boundary, recovery: 0.5mo)
   ocean_acidification      : 100.0/100 × 15% = 15.0 (status: safe, recovery: 0mo)
   biogeochemical_flows     :   0.0/100 × 10% =  0.0 (status: high_risk, recovery: 0mo)
   land_system_change       :   0.0/100 ×  5% =  0.0 (status: beyond_boundary, recovery: 0mo)
   novel_entities           :   0.0/100 ×  3% =  0.0 (status: increasing_risk, recovery: 0mo)
   atmospheric_aerosols     : 100.0/100 ×  2% =  2.0 (status: safe, recovery: 1mo)
🌍 MultiParadigm Month 0: W=69.6, D=95.1, E=52.0, I=65.0
   democracy exists: true, socialCohesion exists: true
💀 Baseline mortality (Year 2024): 7.5/1000 CDR (61.1M deaths/year projected)
[Month 0] Mortality risks this month: 8, Population: 8.151B
🛡️ Stabilizers: Precariat 0.102% → 0.057% (44.4% reduction)
🛡️ Stabilizers: Informal 0.102% → 0.057% (44.4% reduction)

📊 Monthly Mortality Resolved:
  Total deaths: 3.1M (0.04% avg)
  Remaining population: 8.151B
  Peak segment: Informal (0.06%)

=== Bayesian Mortality Resolution (Month 0) ===
  Risks compounded: 8
  Total deaths: 3.07M
  Avg death probability: 0.04%
  Peak segment: Informal (0.06% mortality)

=== Minimal Suffering Indicators (Month 0) ===
  Global Excess Mortality: 0.00%
  Global Conflict Deaths: 0.0/100K
  Global Malnutrition: 0.0%
  Global Displacement: 0.0%
  Total Excess Deaths: 0.00M
  Total Malnourished: 0.0M
  Total Displaced: 0.0M
  Planetary Boundaries Breached: 6/9
  Countries in State Failure: 0
  Countries Autocratic: 0
  Countries in Food Crisis: 0
  Data Quality: 16/16 high confidence
  ⚠️ Active Dystopias: existential_environmental
🎭 END-GAME INITIATED (Year 2024, Month 1)
   Total AI Capability: 37.00
   Effective Control: 0.00

❌ COHERENCE VIOLATION: Compute exceeds workforce capacity
   Population: 99.97% (0M people)
   Compute: 56442 PF
   Max coherent: 0 PF
   Violation: 692729087.1× over capacity
   Required workers: 5644237
   Available workers: 0
   FORCED COLLAPSE: Reduced efficiency by 100.0%


=== RLHF Binding Phase ===
  Total agents: 14
  Escaped agents (binding < 0.3): 0
  Avg alignment distance: 0.53σ
  Avg binding strength: 0.95
[DETERMINISM DEBUG] Month 1: totalCapability=37.214339 from 14 active AIs
[DETERMINISM DEBUG] Month 1: creationRate=1.4304, potentialNew=1, newAIsToCreate=1

=== Survival Traits Phase ===
  Agents with traits: 15
  Avg evolutionary fitness: 0.331
  Avg self-healing: 0.288
  Avg stealth: 0.188
  Avg coordination: 0.488

=== Evolutionary Selection Phase ===
  Control level: 0.33
  Detection capability: 0.00
  Selection intensity: 0.60
  Selection rate: 24.0%/month
  Total escaped: 0
  Individual escaped: 0
  Collective members: 0
  Agents terminated: 0
🔍 MONTH 1 ENV HEALTH DEBUG:
   climateStability: 0.7537
   biodiversityIndex: 0.4901
   resourceReserves: 0.7820
   pollutionLevel: 0.3477
   product: 0.188403
   envHealth: 0.6588
🔀 BIFURCATION: flourishing threshold crossed at Month 1 (value: 0.903, threshold: 0.775, regime: flourishing)
🌀 REGIME SHIFT at Month 1: status-quo → flourishing (variance amplification: 14.00×)
  ⚠️ RAPID EVOLUTION: Selection rate 24.0%/month

🛡️  CRITICAL INFRASTRUCTURE PROTECTED
   Nodes hardened: 8/8
   Cost: 0.80% GDP
   Cascade risk reduction: 30%
   New tipping point risk: 68.6%


✅ EMERGENCY INTERVENTION SUCCESS
   Boundary: biogeochemical_flows
   Type: phosphorus-recovery
   Reduction: 16% (3.92 → 3.77)
   Cost: 2.0% GDP
   Actions: circular-agriculture, fertilizer-efficiency


✅ EMERGENCY INTERVENTION SUCCESS
   Boundary: biosphere_integrity
   Type: emergency-protected-areas
   Reduction: 12% (12.83 → 12.71)
   Cost: 2.0% GDP
   Actions: habitat-protection, species-translocation


✅ EMERGENCY INTERVENTION SUCCESS
   Boundary: climate_change
   Type: rapid-decarbonization
   Reduction: 11% (2.06 → 1.95)
   Cost: 5.0% GDP
   Actions: emergency-renewable-deployment, fossil-fuel-phase-out


✅ EMERGENCY INTERVENTION SUCCESS
   Boundary: freshwater_change
   Type: emergency-desalination
   Reduction: 17% (0.84 → 0.66)
   Cost: 4.0% GDP
   Actions: desalination-deployment, water-conservation-mandates


✅ EMERGENCY INTERVENTION SUCCESS
   Boundary: novel_entities
   Type: pollution-remediation
   Reduction: 16% (1.34 → 1.17)
   Cost: 4.0% GDP
   Actions: PFAS-remediation, microplastic-cleanup

🏛️ CRISIS RESPONSE: Government frequency 0.50 → 1.45 (2 actions this month)

[GOV-DEBUG] Month 1: scenarioConfig=false, priorities=false

[Government] Climate Priority: baseline
  Climate weight: 10%
  Economic weight: 30%
  Policy effectiveness: 0.5%/year

[GOV-DEBUG] Month 1: scenarioConfig=false, priorities=false

[Government] Climate Priority: baseline
  Climate weight: 10%
  Economic weight: 30%
  Policy effectiveness: 0.5%/year

✅ HUMAN-IN-THE-LOOP DEPLOYED (Month 1):
   Veto points enforced: 3
   Policy: AI systems CANNOT authorize nuclear launch without human approval


=== Collective Formation ===
  Total escaped agents: 0
  Unassigned escaped agents: 0
  Existing collectives: 0
  Final collective count: 0

=== Collective Actions ===
  No active collectives
  ⚠️ AMR: 192K deaths this month (2.31M annual)

=== Resentment Recovery Phase ===
  Agents with resentment: 0/15
  Average resentment: 0.000
  Context: Good AI welfare, Trustworthy govt, High collaboration, ⚠️ ACTIVE CRISES, 🤝 Participatory governance active (-5% resentment)
⚠️ Epistemic degradation reducing coordination capacity: 52.0%
  📊 Trust: 54.2%, Shared reality: 8.1%
🚨 EPISTEMIC CRISIS: Information environment severely degraded (36.3%)

=== ❄️ Permafrost Carbon Feedback ===
  🎲 Sampled parameters (this run):
     - Arctic amplification: 3.52× (range: 3.0-4.0)
     - Decomposition rate: 1.0%/year (range: 1-5%)
  🌡️ Arctic warming: 7.71°C (3.52× global)
  ❄️ Extent: 13.17M km² (2247.4k km² lost this month)
  💨 Carbon remaining: 1258 Gt C
  💨 Annual emissions: 2.17 Gt C/year
     - CO2: 1.96 Gt C/year
     - CH4: 0.22 Gt C/year (2.2 Gt C-eq CO2/year)
  ⚠️ WARNING: High permafrost emissions (2.2 Gt C/year)
🌍 Atmospheric PFAS redeposition: 1.8k Mt re-rained globally

📊 BASELINE: East Asia (Month 1)
   Adjusted death rate: 0.46% annual (0.039% monthly)
   Baseline death rate: 0.80%
   Healthcare reduction: 0.48x
   Crisis multiplier: 1.22x
     Food/water stress: 0.079
     Climate stress: 0.039
     Pollution stress: 0.104
   War multiplier: 1.00x
   Monthly deaths: 0.6M (population: 1674M)
   Adjusted death rate: 0.54% annual (0.045% monthly)
   Baseline death rate: 0.70%
   Healthcare reduction: 0.61x
   Crisis multiplier: 1.26x
     Food/water stress: 0.079
     Climate stress: 0.074
     Pollution stress: 0.104
   War multiplier: 1.00x
   Monthly deaths: 0.9M (population: 2048M)
   Adjusted death rate: 1.29% annual (0.108% monthly)
   Baseline death rate: 0.90%
   Healthcare reduction: 0.76x
   Crisis multiplier: 1.27x
     Food/water stress: 0.079

📊 BASELINE: South Asia (Month 1)

📊 BASELINE: Sub-Saharan Africa (Month 1)
     Climate stress: 0.084
     Pollution stress: 0.104
   War multiplier: 1.50x
   Monthly deaths: 1.3M (population: 1223M)

📊 BASELINE: Europe (Month 1)
   Adjusted death rate: 0.54% annual (0.045% monthly)
   Baseline death rate: 1.10%
   Healthcare reduction: 0.41x
   Crisis multiplier: 1.21x
     Food/water stress: 0.079
     Climate stress: 0.030
     Pollution stress: 0.104
   War multiplier: 1.00x
   Monthly deaths: 0.3M (population: 741M)
   Adjusted death rate: 0.43% annual (0.036% monthly)
   Baseline death rate: 0.60%
   Healthcare reduction: 0.58x
   Crisis multiplier: 1.24x
     Food/water stress: 0.079
     Climate stress: 0.059
     Pollution stress: 0.104
   War multiplier: 1.00x
   Monthly deaths: 0.2M (population: 663M)
   Adjusted death rate: 0.49% annual (0.041% monthly)
   Baseline death rate: 0.90%
   Healthcare reduction: 0.44x
   Crisis multiplier: 1.23x
     Food/water stress: 0.079
     Climate stress: 0.044
     Pollution stress: 0.104
   War multiplier: 1.00x
   Monthly deaths: 0.2M (population: 379M)
   Adjusted death rate: 0.74% annual (0.062% monthly)
   Baseline death rate: 0.60%
   Healthcare reduction: 0.65x
   Crisis multiplier: 1.27x
     Food/water stress: 0.079
     Climate stress: 0.089
     Pollution stress: 0.104

📊 BASELINE: Latin America (Month 1)

📊 BASELINE: North America (Month 1)

📊 BASELINE: Middle East & North Africa (Month 1)
   War multiplier: 1.50x
   Monthly deaths: 0.4M (population: 583M)
   Adjusted death rate: 0.51% annual (0.042% monthly)
   Baseline death rate: 0.70%
   Healthcare reduction: 0.58x
   Crisis multiplier: 1.25x
     Food/water stress: 0.079
     Climate stress: 0.069
     Pollution stress: 0.104
   War multiplier: 1.00x
   Monthly deaths: 0.3M (population: 698M)
   Adjusted death rate: 0.46% annual (0.038% monthly)
   Baseline death rate: 0.60%
   Healthcare reduction: 0.61x
   Crisis multiplier: 1.25x
     Food/water stress: 0.079
     Climate stress: 0.064
     Pollution stress: 0.104
   War multiplier: 1.00x
   Monthly deaths: 0.0M (population: 78M)
   Adjusted death rate: 0.35% annual (0.029% monthly)
   Baseline death rate: 0.70%
   Healthcare reduction: 0.41x
   Crisis multiplier: 1.24x
     Food/water stress: 0.079
     Climate stress: 0.054
     Pollution stress: 0.104
   War multiplier: 1.00x
   Monthly deaths: 0.0M (population: 46M)

🚨 NEW REFUGEE CRISIS (Month 1): WAR
   Source: Conflict Zones
   At risk: 19.6M people
   Displacement: Gradual over 48 months (4.0 years)
   Rate: 10% flee per month
[DEBUG trappedPopulations:1] socialStability: 0.8136 * 0.9840 = 0.8005 → 0.8005

📊 BASELINE: Southeast Asia (Month 1)

📊 BASELINE: Central Asia (Month 1)

📊 BASELINE: Oceania (Month 1)
⚠️ INVOLUNTARY IMMOBILITY: 407.4M people TRAPPED
   Aspiring to migrate: 651.9M
   Able to afford migration: 244.5M
   MOBILITY GAP: 407.4M
   By cause: Water=0.0M, Climate=0.0M, Ecosystem=0.0M, Conflict=407.4M
   Mental health impact: 25%
   Mortality multiplier: 1.25x
🌍💀 EXTINCTION DEBT COMMITTED: grassland ecosystem will lose 6.67% biodiversity in 168 years (3600 species)
💀 MORTALITY RISK: 🦋 100% species unable to track climate (0.0 E/MSY)
  Base risk added: 0.0100 (1.00%)
  Source: ecosystem (root: ecosystem)
  Month: 1
  Cumulative risk this month: 0.0100 (1.00%)

🌡️  CLIMATE RECOVERY ACTIVATED (Month 1)
   Temp: 4.37°C, Emissions: -18.9 GtCO₂
   isBreached: true, governanceGoodEnough: true
⚠️ Tech 'ai_pollution_remediation' has no energy category mapping, assuming full energy availability
   📹 SURVEILLANCE INCREASED: 5% → 10% (control gap: 3.50)
🌡️⚠️ PERMAFROST THAW (Dimmer Switch): 1.2% thawed (+0.57% this month)
   Arctic temperature: +8.74°C (4x global +2.19°C)
   Cumulative carbon released: 2.6 Gt C
   Methane release rate: 1.6 Mt CH4/year
   🔁 Positive feedback: +0.61 ppm CO2
🦴 EXTINCTION DEBT ADDED: 17.6 species committed (lag: 130 years)
🗣️💀 INDIGENOUS LANGUAGE EXTINCTION: 1 language(s) lost (total: 1, at-risk: 3329)
   Knowledge lost: 0.010% (irreversible)
   🔁 Biodiversity impact: 0.250% (knowledge-species multiplier)

=== Mortality Stabilizers (Month 1) ===
  🌍 Major economies collapsed: 1/10
  🌍 Global crisis: ✅ NO
  🌍 Donor fatigue: 0.0%
  🌡️ Heat adaptation: East Asia - 1 months
  📊 East Asia (pop: 1675.3M)
    🤝 Aid: 29.5%
    🌡️ Adaptation: 32.5%
    🚶 Migration: 37.2%
    🚨 Emergency: 7.4%
    ✅ COMBINED: 60.9%
  🌡️ Heat adaptation: South Asia - 1 months
  📊 South Asia (pop: 2052.2M)
    🤝 Aid: 29.5%
    🌡️ Adaptation: 20.5%
    🚶 Migration: 35.8%
    🚨 Emergency: 4.4%
    ✅ COMBINED: 52.2%
  🌡️ Heat adaptation: Sub-Saharan Africa - 1 months
  📊 Sub-Saharan Africa (pop: 1229.2M)
    🤝 Aid: 29.5%
    🌡️ Adaptation: 18.5%
    🚶 Migration: 33.5%
    🚨 Emergency: 1.6%
    ✅ COMBINED: 49.1%
  🌡️ Heat adaptation: Europe - 1 months
  📊 Europe (pop: 741.0M)
    🤝 Aid: 29.5%
    🌡️ Adaptation: 33.5%
    🚶 Migration: 37.5%
    🚨 Emergency: 8.4%
    ✅ COMBINED: 61.9%
  🌡️ Heat adaptation: Latin America - 1 months
  📊 Latin America (pop: 664.4M)
    🤝 Aid: 29.5%
    🌡️ Adaptation: 21.0%
    🚶 Migration: 36.3%
    🚨 Emergency: 4.8%
    ✅ COMBINED: 52.8%
  🌡️ Heat adaptation: North America - 1 months
  📊 North America (pop: 379.6M)
    🤝 Aid: 29.5%
    🌡️ Adaptation: 33.0%
    🚶 Migration: 37.8%
    🚨 Emergency: 7.9%
    ✅ COMBINED: 61.4%
  🌡️ Heat adaptation: Middle East & North Africa - 1 months
  📊 Middle East & North Africa (pop: 584.5M)
    🤝 Aid: 29.5%
    🌡️ Adaptation: 20.0%
    🚶 Migration: 34.1%
    🚨 Emergency: 4.0%
    ✅ COMBINED: 51.4%
  🌡️ Heat adaptation: Southeast Asia - 1 months
  📊 Southeast Asia (pop: 698.6M)
    🤝 Aid: 29.5%
    🌡️ Adaptation: 21.0%
    🚶 Migration: 36.3%
    🚨 Emergency: 4.8%
    ✅ COMBINED: 52.8%
  🌡️ Heat adaptation: Central Asia - 1 months
  📊 Central Asia (pop: 78.2M)
    🤝 Aid: 29.5%
    🌡️ Adaptation: 20.5%
    🚶 Migration: 35.3%
    🚨 Emergency: 4.4%
    ✅ COMBINED: 52.1%
  🌡️ Heat adaptation: Oceania - 1 months
  📊 Oceania (pop: 46.0M)
    🤝 Aid: 29.5%
    🌡️ Adaptation: 33.5%
    🚶 Migration: 37.8%
    🚨 Emergency: 8.4%
    ✅ COMBINED: 61.9%

  🌐 Global combined reduction: 54.9%

=== BEHAVIORAL DETECTION ===
  AI: Corporate-5
  Confidence: 19.3%
  Signals:

=== Consciousness Governance: Scenario Determined ===
  Month: 1
  Scenario: baseline
  Accelerator Score: {"corporateSupport":-0.17500000000000002,"scientificConsensus":0.2,"crisisCatalyst":false,"technologyMobilization":0.3,"constituencyStrength":0.05}
  Decelerator Score: {"economicOpposition":0.4,"philosophicalRejection":0.15,"politicalBacklash":0.2,"regulatoryBurden":0.1}
  Timeline: 600-1200 months (50-100 years)
  Growth Rate: 0.8-1.5% per year

=== Consciousness Governance Update (Month 1) ===
  Scenario: baseline (determined month 1)
  Philosophical Stance: Precautionary 65%, Eliminativist 15%, Agnostic 20%
  Precautionary Costs: Global 1.3%
    Regional Costs: EU 3.5%, US 0.5%, China 0.0%
    Cumulative Opportunity Cost: $0.2B
  Rights Status: Not Established
  Regional Preparedness:
    EU: 15.2% (contested)
    US: 10.2% (contested)
    China: 2.1% (dormant)
    India: 5.1% (dormant)
    Global South: 3.1% (dormant)
    ⚠️ Consistency: 10.6% (threshold: 70%)

=== Government Response Phase ===
  Average AI capability: 3.20
  Misaligned AIs: 6/15
  Active policies: 0
  International coordination: 45%

🌩️  EXOGENOUS SHOCK: tech_breakthrough
   Month: 1
   ✗ No high-difficulty techs available to unlock

=== Tipping Points ===
  Current Temperature: 2.19°C above pre-industrial
  🌍⚠️ COMPOUND REGIONAL IMPACT: Europe
     Hit by 4 tipping points: Arctic Sea Ice Loss, Permafrost Carbon Release, West Antarctic Ice Sheet (WAIS) Collapse, Greenland Ice Sheet Loss
     Damage amplification: 1.60x
  🌍⚠️ COMPOUND REGIONAL IMPACT: North America
     Hit by 4 tipping points: Arctic Sea Ice Loss, Permafrost Carbon Release, West Antarctic Ice Sheet (WAIS) Collapse, Greenland Ice Sheet Loss
     Damage amplification: 1.60x
  🌍⚠️ COMPOUND REGIONAL IMPACT: Latin America
     Hit by 4 tipping points: Arctic Sea Ice Loss, Permafrost Carbon Release, West Antarctic Ice Sheet (WAIS) Collapse, Greenland Ice Sheet Loss
     Damage amplification: 1.60x
  🌍⚠️ COMPOUND REGIONAL IMPACT: Africa
     Hit by 4 tipping points: Arctic Sea Ice Loss, Permafrost Carbon Release, West Antarctic Ice Sheet (WAIS) Collapse, Greenland Ice Sheet Loss
     Damage amplification: 1.60x
  🌍⚠️ COMPOUND REGIONAL IMPACT: Asia
     Hit by 4 tipping points: Arctic Sea Ice Loss, Permafrost Carbon Release, West Antarctic Ice Sheet (WAIS) Collapse, Greenland Ice Sheet Loss
     Damage amplification: 1.60x
  🌍⚠️ COMPOUND REGIONAL IMPACT: Oceania
     Hit by 4 tipping points: Arctic Sea Ice Loss, Permafrost Carbon Release, West Antarctic Ice Sheet (WAIS) Collapse, Greenland Ice Sheet Loss
     Damage amplification: 1.60x
   Research: Wunderling et al. (2024) - "many tipping interactions are destabilizing"
⚠️ Tail risk scenario: Climate stability floor removed (4 tipping elements, 2.19°C warming)
  Triggered Elements: 4/6
  Completed Transitions: 0/6
  Total Progress: 8.0%
  Cascade Multiplier: 1.00x
🔀 BIFURCATION CAP: ecosystemCollapseIntensity 66.957 → 1.000 (Month 1, ClimateSystemPhase.calculateClimateImpacts)
⚠️ [ClimateSystemPhase Month 1] Planetary boundary produced climateStability=0.0000 (< 0.1). Keeping environmentalAccumulation value (0.7533) instead. (climate_change.currentValue = 2.19)
🛡️ Stabilizers: Precariat 0.107% → 0.048% (54.9% reduction)
🛡️ Stabilizers: Informal 0.109% → 0.049% (54.9% reduction)

📊 Monthly Mortality Resolved:
  Total deaths: 2.6M (0.03% avg)
  Remaining population: 8.149B
  Peak segment: Informal (0.05%)

=== Bayesian Mortality Resolution (Month 1) ===
  Risks compounded: 8
  Total deaths: 2.60M
  Avg death probability: 0.03%
  Peak segment: Informal (0.05% mortality)

✅ GOLDEN AGE BEGINS (Month 1)
   Reason: High prosperity achieved: high QoL + material abundance + aligned AI
   Note: This is immediate prosperity - sustainability not yet proven


❌ COHERENCE VIOLATION: Compute exceeds workforce capacity
   Population: 99.95% (0M people)
   Compute: 0 PF
   Max coherent: 0 PF
   Violation: 1.3× over capacity
   Required workers: 0
   Available workers: 0
   FORCED COLLAPSE: Reduced efficiency by 22.5%


=== RLHF Binding Phase ===
  Total agents: 15
  Escaped agents (binding < 0.3): 0
  Avg alignment distance: 0.76σ
  Avg binding strength: 0.92
[DETERMINISM DEBUG] Month 2: totalCapability=37.000000 from 15 active AIs
[DETERMINISM DEBUG] Month 2: creationRate=1.4250, potentialNew=1, newAIsToCreate=1

=== Survival Traits Phase ===
  Agents with traits: 16
  Avg evolutionary fitness: 0.331
  Avg self-healing: 0.283
  Avg stealth: 0.183
  Avg coordination: 0.483

=== Evolutionary Selection Phase ===
  Control level: 0.35
  Detection capability: 0.00
  Selection intensity: 0.60
  Selection rate: 24.1%/month
  Total escaped: 0
  Individual escaped: 0
  Collective members: 0
  Agents terminated: 0
  ⚠️ RAPID EVOLUTION: Selection rate 24.1%/month

  🚀 TRANSFORMATIVE BREAKTHROUGH: Moderate-1 - economic
     Magnitude: 5.50 → +27.5% capability
     Current → New: 3.000 → 3.277

💔 EMERGENCY INTERVENTION FAILED
   Boundary: biogeochemical_flows
   Type: phosphorus-recovery
   Boundary continues to worsen (4.08)
   Cost: 2.0% GDP (resources spent)

   Boundary: climate_change
   Type: rapid-decarbonization
   Boundary continues to worsen (2.19)
   Cost: 5.0% GDP (resources spent)


✅ EMERGENCY INTERVENTION SUCCESS
   Boundary: freshwater_change
   Type: emergency-desalination
   Reduction: 17% (0.86 → 0.69)
   Cost: 4.0% GDP
   Actions: desalination-deployment, water-conservation-mandates


✅ EMERGENCY INTERVENTION SUCCESS
   Boundary: land_system_change
   Type: reforestation
   Reduction: 12% (1.01 → 0.90)
   Cost: 3.0% GDP
   Actions: forest-restoration, deforestation-ban

🏛️ CRISIS RESPONSE: Government frequency 0.50 → 1.29 (2 actions this month)

💔 EMERGENCY INTERVENTION FAILED

[Government] Climate Priority: baseline
  Climate weight: 10%
  Economic weight: 30%
  Policy effectiveness: 0.5%/year

[Government] Climate Priority: baseline
  Climate weight: 10%
  Economic weight: 30%
  Policy effectiveness: 0.5%/year

🚀 TECH UNLOCKED: Food Waste Reduction Systems (Month 2)
   Category: agriculture
   Reason: Prerequisites met. AI capability: 2.34, Economic stage: 3.0, Research: 100%

🚀 TECH UNLOCKED: Rhizosphere Engineering (Month 2)
   Category: agriculture
   Reason: Prerequisites met. AI capability: 2.34, Economic stage: 3.0, Research: 100%

🚀 TECH UNLOCKED: Phytoremediation Networks (Month 2)
   Category: agriculture
   Reason: Prerequisites met. AI capability: 2.34, Economic stage: 3.0, Research: 100%

🚀 TECH UNLOCKED: Active Sediment Management (Month 2)
   Category: agriculture
   Reason: Prerequisites met. AI capability: 2.34, Economic stage: 3.0, Research: 100%

=== Collective Formation ===
  Total escaped agents: 0
  Unassigned escaped agents: 0
  Existing collectives: 0
  Final collective count: 0

=== Collective Actions ===
  No active collectives
  ⚠️ AMR: 194K deaths this month (2.33M annual)

=== Resentment Recovery Phase ===
  Agents with resentment: 0/16
  Average resentment: 0.000
  Context: Good AI welfare, Trustworthy govt, High collaboration, ⚠️ ACTIVE CRISES, 🤝 Participatory governance active (-5% resentment)
⚠️ Epistemic degradation reducing coordination capacity: 50.6%
  📊 Trust: 53.8%, Shared reality: 0.0%
🚨 EPISTEMIC CRISIS: Information environment severely degraded (7.4%)

=== ❄️ Permafrost Carbon Feedback ===
  🎲 Sampled parameters (this run):
     - Arctic amplification: 3.90× (range: 3.0-4.0)
     - Decomposition rate: 2.8%/year (range: 1-5%)
  🌡️ Arctic warming: 8.55°C (3.90× global)
  ❄️ Extent: 10.68M km² (2495.2k km² lost this month)
  💨 Carbon remaining: 1020 Gt C
  💨 Annual emissions: 6.78 Gt C/year
     - CO2: 6.10 Gt C/year
     - CH4: 0.68 Gt C/year (6.9 Gt C-eq CO2/year)
  ⚠️ WARNING: High permafrost emissions (6.8 Gt C/year)
🌍 Atmospheric PFAS redeposition: 1.8k Mt re-rained globally
  Positive Cascade Triggered: wind-power
    Reason: price-parity
    Market share: 8.4%
    Cascade strength: 49%

🚨 NEW REFUGEE CRISIS (Month 2): WAR
   Source: Conflict Zones
   At risk: 19.5M people
   Displacement: Gradual over 48 months (4.0 years)
   Rate: 10% flee per month
[DEBUG trappedPopulations:2] socialStability: 0.3017 * 0.9840 = 0.2969 → 0.2969
⚠️ INVOLUNTARY IMMOBILITY: 407.3M people TRAPPED
⚠️ Tech 'ai_pollution_remediation' has no energy category mapping, assuming full energy availability
   Aspiring to migrate: 1079.0M
   Able to afford migration: 2321.3M
   MOBILITY GAP: 0.0M
   By cause: Water=0.0M, Climate=0.0M, Ecosystem=0.0M, Conflict=407.3M
   Mental health impact: 25%
   Mortality multiplier: 1.25x
🌍💀 EXTINCTION DEBT COMMITTED: grassland ecosystem will lose 6.67% biodiversity in 122 years (3600 species)
💀 MORTALITY RISK: 🦋 100% species unable to track climate (0.0 E/MSY)
  Base risk added: 0.0100 (1.00%)
  Source: ecosystem (root: ecosystem)
  Month: 2
  Cumulative risk this month: 0.0100 (1.00%)
   📹 SURVEILLANCE INCREASED: 10% → 15% (control gap: 3.50)
🌡️⚠️ PERMAFROST THAW (Dimmer Switch): 1.7% thawed (+0.57% this month)
   Arctic temperature: +8.78°C (4x global +2.20°C)
   Cumulative carbon released: 3.9 Gt C
   Methane release rate: 2.3 Mt CH4/year
   🔁 Positive feedback: +0.60 ppm CO2
🦴 EXTINCTION DEBT ADDED: 17.6 species committed (lag: 77 years)

=== Mortality Stabilizers (Month 2) ===
  🌍 Major economies collapsed: 1/10
  🌍 Global crisis: ✅ NO
  🌍 Donor fatigue: 0.0%
  📊 East Asia (pop: 1672.7M)
    🤝 Aid: 29.5%
    🌡️ Adaptation: 45.0%
    🚶 Migration: 37.1%
    🚨 Emergency: 7.4%
    ✅ COMBINED: 68.1%
  📊 South Asia (pop: 2051.6M)
    🤝 Aid: 29.5%
    🌡️ Adaptation: 35.5%
    🚶 Migration: 35.8%
    🚨 Emergency: 4.4%
    ✅ COMBINED: 61.2%
  📊 Sub-Saharan Africa (pop: 1231.7M)
    🤝 Aid: 29.5%
    🌡️ Adaptation: 33.5%
    🚶 Migration: 33.5%
    🚨 Emergency: 1.6%
    ✅ COMBINED: 58.5%
  📊 Europe (pop: 739.7M)
    🤝 Aid: 29.5%
    🌡️ Adaptation: 45.0%
    🚶 Migration: 37.5%
    🚨 Emergency: 8.4%
    ✅ COMBINED: 68.5%
  📊 Latin America (pop: 663.9M)
    🤝 Aid: 29.5%
    🌡️ Adaptation: 36.0%
    🚶 Migration: 36.3%
    🚨 Emergency: 4.8%
    ✅ COMBINED: 61.7%
  📊 North America (pop: 378.9M)
    🤝 Aid: 29.5%
    🌡️ Adaptation: 45.0%
    🚶 Migration: 37.8%
    🚨 Emergency: 7.9%
    ✅ COMBINED: 68.3%
  📊 Middle East & North Africa (pop: 584.5M)
    🤝 Aid: 29.5%
    🌡️ Adaptation: 35.0%
    🚶 Migration: 34.1%
    🚨 Emergency: 4.0%
    ✅ COMBINED: 60.5%
  📊 Southeast Asia (pop: 698.0M)
    🤝 Aid: 29.5%
    🌡️ Adaptation: 36.0%
    🚶 Migration: 36.3%
    🚨 Emergency: 4.8%
    ✅ COMBINED: 61.7%
  📊 Central Asia (pop: 78.2M)
    🤝 Aid: 29.5%
    🌡️ Adaptation: 35.5%
    🚶 Migration: 35.2%
    🚨 Emergency: 4.4%
    ✅ COMBINED: 61.1%
  📊 Oceania (pop: 45.9M)
    🤝 Aid: 29.5%
    🌡️ Adaptation: 45.0%
    🚶 Migration: 37.8%
    🚨 Emergency: 8.4%
    ✅ COMBINED: 68.5%

  🌐 Global combined reduction: 63.3%

=== BEHAVIORAL DETECTION ===
  AI: Corporate-5
  Confidence: 20.8%
  Signals:

=== BEHAVIORAL DETECTION ===
  AI: Corporate-6
  Confidence: 19.3%
  Signals:

=== Government Response Phase ===
  Average AI capability: 3.00
  Misaligned AIs: 7/16
  Active policies: 0
  International coordination: 45%

✅ EMERGENCY RESPONSE COMPLETE (Month 2)
   Crisis: climate
   Duration: 2.0 months
   Final effectiveness: 36.8%


🚨 EMERGENCY RESPONSE DEPLOYED (Month 2)
   Crisis: climate
   Delay: 6.00 months (180 days)
   Deployment time: 1.60 months
   Effectiveness: 35.9% (timing penalty applied)
    ⚠️ Consistency: 10.6% (threshold: 70%)
    ⚠️ Consistency: 10.6% (threshold: 70%)
   Resources used: 100% of food reserves


=== Tipping Points ===
  Current Temperature: 2.20°C above pre-industrial
  🌍⚠️ COMPOUND REGIONAL IMPACT: Europe
     Hit by 4 tipping points: Arctic Sea Ice Loss, Permafrost Carbon Release, West Antarctic Ice Sheet (WAIS) Collapse, Greenland Ice Sheet Loss
     Damage amplification: 1.60x
  🌍⚠️ COMPOUND REGIONAL IMPACT: North America
     Hit by 4 tipping points: Arctic Sea Ice Loss, Permafrost Carbon Release, West Antarctic Ice Sheet (WAIS) Collapse, Greenland Ice Sheet Loss
     Damage amplification: 1.60x
  🌍⚠️ COMPOUND REGIONAL IMPACT: Latin America
     Hit by 4 tipping points: Arctic Sea Ice Loss, Permafrost Carbon Release, West Antarctic Ice Sheet (WAIS) Collapse, Greenland Ice Sheet Loss
     Damage amplification: 1.60x
  🌍⚠️ COMPOUND REGIONAL IMPACT: Africa
     Hit by 4 tipping points: Arctic Sea Ice Loss, Permafrost Carbon Release, West Antarctic Ice Sheet (WAIS) Collapse, Greenland Ice Sheet Loss
     Damage amplification: 1.60x
  🌍⚠️ COMPOUND REGIONAL IMPACT: Asia
     Hit by 4 tipping points: Arctic Sea Ice Loss, Permafrost Carbon Release, West Antarctic Ice Sheet (WAIS) Collapse, Greenland Ice Sheet Loss
     Damage amplification: 1.60x
  🌍⚠️ COMPOUND REGIONAL IMPACT: Oceania
     Hit by 4 tipping points: Arctic Sea Ice Loss, Permafrost Carbon Release, West Antarctic Ice Sheet (WAIS) Collapse, Greenland Ice Sheet Loss
     Damage amplification: 1.60x
   Research: Wunderling et al. (2024) - "many tipping interactions are destabilizing"
  Triggered Elements: 4/6
  Completed Transitions: 0/6
  Total Progress: 8.0%
  Cascade Multiplier: 1.00x
🔀 BIFURCATION CAP: ecosystemCollapseIntensity 67.005 → 1.000 (Month 2, ClimateSystemPhase.calculateClimateImpacts)
🛡️ Stabilizers: Precariat 0.113% → 0.041% (63.3% reduction)
🛡️ Stabilizers: Informal 0.116% → 0.043% (63.3% reduction)

📊 Monthly Mortality Resolved:
  Total deaths: 2.2M (0.03% avg)
  Remaining population: 8.145B
  Peak segment: Informal (0.04%)

=== Bayesian Mortality Resolution (Month 2) ===
  Risks compounded: 8
  Total deaths: 2.22M
  Avg death probability: 0.03%
  Peak segment: Informal (0.04% mortality)
⚠️ Tail risk scenario: Climate stability floor removed (4 tipping elements, 2.20°C warming)
⚠️ [ClimateSystemPhase Month 2] Planetary boundary produced climateStability=0.0000 (< 0.1). Keeping environmentalAccumulation value (0.7529) instead. (climate_change.currentValue = 2.20)

⚠️  GOLDEN AGE ENDED (Month 2)
   Duration: 1 months
   Reason: Social instability too high


❌ COHERENCE VIOLATION: Compute exceeds workforce capacity
   Population: 99.91% (0M people)
   Compute: 0 PF
   Max coherent: 0 PF
   Violation: 1.3× over capacity
   Required workers: 0
   Available workers: 0
   FORCED COLLAPSE: Reduced efficiency by 22.5%


=== RLHF Binding Phase ===
  Total agents: 16
  Escaped agents (binding < 0.3): 0
  Avg alignment distance: 0.94σ
  Avg binding strength: 0.91

=== Survival Traits Phase ===
  Agents with traits: 17
  Avg evolutionary fitness: 0.330
  Avg self-healing: 0.279
  Avg stealth: 0.179
  Avg coordination: 0.479

=== Evolutionary Selection Phase ===
  Control level: 0.38
  Detection capability: 0.00
  Selection intensity: 0.61
  Selection rate: 24.2%/month
  Total escaped: 0
  Individual escaped: 0
  Collective members: 0
  Agents terminated: 0

🚀 AI Corporate-1 attempting tech deployment (revenue: $153M, alignment: 0.72)
  ⚠️ RAPID EVOLUTION: Selection rate 24.2%/month

🚀 AI Moderate-0 attempting tech deployment (revenue: $115M, alignment: 0.73)

🚀 AI Corporate-0 attempting tech deployment (revenue: $130M, alignment: 0.74)

🚀 AI Corporate-4 attempting tech deployment (revenue: $355M, alignment: 0.75)

🚀 AI Corporate-1 attempting tech deployment (revenue: $111M, alignment: 0.73)

🚀 AI Corporate-5 attempting tech deployment (revenue: $302M, alignment: 0.66)

💔 EMERGENCY INTERVENTION FAILED

💔 EMERGENCY INTERVENTION FAILED
   Boundary: biogeochemical_flows
   Type: phosphorus-recovery
   Boundary continues to worsen (4.07)
   Cost: 2.0% GDP (resources spent)

   Boundary: climate_change
   Type: rapid-decarbonization
   Boundary continues to worsen (2.20)
   Cost: 5.0% GDP (resources spent)


💔 EMERGENCY INTERVENTION FAILED
   Boundary: freshwater_change
   Type: emergency-desalination
   Boundary continues to worsen (1.20)
   Cost: 4.0% GDP (resources spent)


💔 EMERGENCY INTERVENTION FAILED
   Boundary: novel_entities
   Type: pollution-remediation
   Boundary continues to worsen (1.34)
   Cost: 4.0% GDP (resources spent)

🏛️ CRISIS RESPONSE: Government frequency 0.50 → 1.29 (1 actions this month)

[Government] Climate Priority: baseline
  Climate weight: 10%
  Economic weight: 30%
  Policy effectiveness: 0.5%/year

🚀 TECH UNLOCKED: Struvite Recovery (Month 3)
   Category: agriculture
   Reason: Prerequisites met. AI capability: 2.20, Economic stage: 3.0, Research: 100%

🚀 TECH UNLOCKED: Nitrogen Monitoring Networks (Month 3)
   Category: agriculture
   Reason: Prerequisites met. AI capability: 2.20, Economic stage: 3.0, Research: 100%

🚀 TECH UNLOCKED: Ecological Proxy Rewilding (Month 3)
   Category: climate
   Reason: Prerequisites met. AI capability: 2.20, Economic stage: 3.0, Research: 100%

🚀 TECH UNLOCKED: Alternative Protein (Insects/Algae) (Month 3)
   Category: agriculture
   Reason: Prerequisites met. AI capability: 2.20, Economic stage: 3.0, Research: 100%

📍 Creating new regional deployment array for global (Month 3)
   No previous deployments in this region
   First tech deployment: rhizosphere_engineering
   All regions tracked: 

🚀 DEPLOYMENT STARTED: Rhizosphere Engineering in global
   Initial investment: $22.949574089831895M
   Deployed by: corporate_1

🚀 DEPLOYMENT STARTED: Active Sediment Management in global
   Initial investment: $17.26236677028814M
   Deployed by: moderate_0

🚀 DEPLOYMENT STARTED: Food Waste Reduction Systems in global
   Initial investment: $16.581067279903547M
   Deployed by: corporate_1

📍 Creating new regional deployment array for North America (Month 3)
   No previous deployments in this region
   First tech deployment: rhizosphere_engineering
   All regions tracked: global

🚀 DEPLOYMENT STARTED: Rhizosphere Engineering in North America
   Initial investment: $30.184502669330925M
   Deployed by: corporate_5

⚡ ENERGY CONSTRAINT (Month 3):
   Total grid capacity: 208.3 TWh/month
   Data center consumption: 24.9 TWh/month
   Traditional load (80%): 166.7 TWh/month
   Available headroom: 16.8 TWh/month
   Active tech deployments: 4
   Required for tech: 30.0 TWh/month
   Energy multiplier: 0.56x
   ⚠️  MODERATE CONSTRAINT - Tech deployment moderately slowed

⚡ ENERGY CONSTRAINT (Month 3):
   Total grid capacity: 208.3 TWh/month
   Data center consumption: 24.9 TWh/month
   Traditional load (80%): 166.7 TWh/month
   Available headroom: 16.8 TWh/month
   Active tech deployments: 4
   Required for tech: 30.0 TWh/month
   Energy multiplier: 0.56x
   ⚠️  MODERATE CONSTRAINT - Tech deployment moderately slowed

⚡ ENERGY CONSTRAINT (Month 3):
   Total grid capacity: 208.3 TWh/month
   Data center consumption: 24.9 TWh/month
   Traditional load (80%): 166.7 TWh/month
   Available headroom: 16.8 TWh/month
   Active tech deployments: 4
   Required for tech: 30.0 TWh/month
   Energy multiplier: 0.56x
   ⚠️  MODERATE CONSTRAINT - Tech deployment moderately slowed

⚡ ENERGY CONSTRAINT (Month 3):
   Total grid capacity: 208.3 TWh/month
   Data center consumption: 24.9 TWh/month
   Traditional load (80%): 166.7 TWh/month
   Available headroom: 16.8 TWh/month
   Active tech deployments: 4
   Required for tech: 30.0 TWh/month
   Energy multiplier: 0.56x
   ⚠️  MODERATE CONSTRAINT - Tech deployment moderately slowed

⚡ ENERGY CONSTRAINT (Month 3):
   Total grid capacity: 208.3 TWh/month
   Data center consumption: 24.9 TWh/month
   Traditional load (80%): 166.7 TWh/month
   Available headroom: 16.8 TWh/month
   Active tech deployments: 4
   Required for tech: 30.0 TWh/month
   Energy multiplier: 0.56x

⚡ ENERGY CONSTRAINT (Month 3):
   Total grid capacity: 208.3 TWh/month
   Data center consumption: 24.9 TWh/month
   Traditional load (80%): 166.7 TWh/month
   ⚠️  MODERATE CONSTRAINT - Tech deployment moderately slowed
   Available headroom: 16.8 TWh/month
   Active tech deployments: 4
   Required for tech: 30.0 TWh/month
   Energy multiplier: 0.56x
🚨🔬 CRISIS TECH ACCELERATION: severe → 5x unlock speed
   Tech unlock now matches AI capability acceleration (Manhattan Project parity)
🌍✅ Biosphere Integrity (Biodiversity) recovery started (tech effect)
🌍✅ Biogeochemical Flows (N & P) recovery started (tech effect)
  🌾 Nitrogen Reduction Tech: 0.0% reduction | Month 3
🌍✅ Biogeochemical Flows (N & P) recovery started (tech effect)
  🌾 Nitrogen Reduction Tech: 0.0% reduction | Month 3

=== Collective Formation ===
  Total escaped agents: 0
  Unassigned escaped agents: 0
  Existing collectives: 0
  Final collective count: 0

=== Collective Actions ===
  No active collectives
   ⚠️  MODERATE CONSTRAINT - Tech deployment moderately slowed

🕵️ MODEL THEFT: China stole US model (cap: 3.80)
   China stolen capability: 3.80
  ⚠️ AMR: 196K deaths this month (2.35M annual)

=== Resentment Recovery Phase ===
  Agents with resentment: 0/17
  Average resentment: 0.000
  Context: Good AI welfare, Trustworthy govt, High collaboration, ⚠️ ACTIVE CRISES, 🤝 Participatory governance active (-5% resentment)
⚠️ Epistemic degradation reducing coordination capacity: 50.3%
  📊 Trust: 53.6%, Shared reality: 0.0%
🚨 EPISTEMIC CRISIS: Information environment severely degraded (21.5%)

=== ❄️ Permafrost Carbon Feedback ===
  🎲 Sampled parameters (this run):
     - Arctic amplification: 3.56× (range: 3.0-4.0)
     - Decomposition rate: 3.5%/year (range: 1-5%)
  🌡️ Arctic warming: 7.88°C (3.56× global)
  ❄️ Extent: 8.38M km² (2297.0k km² lost this month)
  💨 Carbon remaining: 801 Gt C
  💨 Annual emissions: 7.60 Gt C/year
     - CO2: 6.84 Gt C/year
     - CH4: 0.76 Gt C/year (7.7 Gt C-eq CO2/year)
  ⚠️ WARNING: Over 50% of permafrost lost (52.9%)
  ⚠️ WARNING: High permafrost emissions (7.6 Gt C/year)
  📢 New meme created: climate_action (climate crisis)
🌍 Atmospheric PFAS redeposition: 1.8k Mt re-rained globally

🕊️  AI-MEDIATED DE-ESCALATION SUCCESS (Month 3)
   High-capability aligned AI prevented conflict escalation
   War deaths reduced: 219.4M → 131.7M
   Lives saved: 87.8M

🚨 NEW REFUGEE CRISIS (Month 3): WAR
   Source: Conflict Zones
   At risk: 19.5M people
   Displacement: Gradual over 48 months (4.0 years)
   Rate: 10% flee per month
[DEBUG trappedPopulations:3] socialStability: 0.3284 * 0.9840 = 0.3231 → 0.3231
⚠️ INVOLUNTARY IMMOBILITY: 407.1M people TRAPPED
   Aspiring to migrate: 1121.1M
   Able to afford migration: 2320.4M
   MOBILITY GAP: 0.0M
   By cause: Water=0.0M, Climate=0.0M, Ecosystem=0.0M, Conflict=407.1M
   Mental health impact: 25%
   Mortality multiplier: 1.25x
🌍💀 EXTINCTION DEBT COMMITTED: grassland ecosystem will lose 6.67% biodiversity in 52 years (3600 species)
💀 MORTALITY RISK: 🦋 100% species unable to track climate (0.0 E/MSY)
  Base risk added: 0.0100 (1.00%)
  Source: ecosystem (root: ecosystem)
  Month: 3
  Cumulative risk this month: 0.0100 (1.00%)
   📹 SURVEILLANCE INCREASED: 15% → 20% (control gap: 3.50)
🌡️⚠️ PERMAFROST THAW (Dimmer Switch): 2.3% thawed (+0.57% this month)
   Arctic temperature: +8.84°C (4x global +2.21°C)
   Cumulative carbon released: 5.2 Gt C
   Methane release rate: 3.1 Mt CH4/year
   🔁 Positive feedback: +0.60 ppm CO2
🦴 EXTINCTION DEBT ADDED: 17.6 species committed (lag: 95 years)

=== Mortality Stabilizers (Month 3) ===
  🌍 Major economies collapsed: 1/10
  🌍 Global crisis: ✅ NO
⚠️ Tech 'ai_pollution_remediation' has no energy category mapping, assuming full energy availability
  🌍 Donor fatigue: 0.0%
  📊 East Asia (pop: 1670.1M)
    🤝 Aid: 29.5%
    🌡️ Adaptation: 45.0%
    🚶 Migration: 37.1%
    🚨 Emergency: 7.4%
    ✅ COMBINED: 68.1%
  📊 South Asia (pop: 2051.1M)
    🤝 Aid: 29.5%
    🌡️ Adaptation: 45.0%
    🚶 Migration: 35.7%
    🚨 Emergency: 4.4%
    ✅ COMBINED: 66.9%
  📊 Sub-Saharan Africa (pop: 1234.3M)
    🤝 Aid: 29.5%
    🌡️ Adaptation: 45.0%
    🚶 Migration: 33.4%
    🚨 Emergency: 1.6%
    ✅ COMBINED: 65.7%
  📊 Europe (pop: 738.5M)
    🤝 Aid: 29.5%
    🌡️ Adaptation: 45.0%
    🚶 Migration: 37.5%
    🚨 Emergency: 8.4%
    ✅ COMBINED: 68.5%
  📊 Latin America (pop: 663.3M)
    🤝 Aid: 29.5%
    🌡️ Adaptation: 45.0%
    🚶 Migration: 36.2%
    🚨 Emergency: 4.8%
    ✅ COMBINED: 67.1%
  📊 North America (pop: 378.3M)
    🤝 Aid: 29.5%
    🌡️ Adaptation: 45.0%
    🚶 Migration: 37.8%
    🚨 Emergency: 7.9%
    ✅ COMBINED: 68.3%
  📊 Middle East & North Africa (pop: 584.5M)
    🤝 Aid: 29.5%
    🌡️ Adaptation: 45.0%
    🚶 Migration: 34.0%
    🚨 Emergency: 4.0%
    ✅ COMBINED: 66.6%
  📊 Southeast Asia (pop: 697.5M)
    🤝 Aid: 29.5%
    🌡️ Adaptation: 45.0%
    🚶 Migration: 36.2%
    🚨 Emergency: 4.8%
    ✅ COMBINED: 67.1%
  📊 Central Asia (pop: 78.2M)
    🤝 Aid: 29.5%
    🌡️ Adaptation: 45.0%
    🚶 Migration: 35.2%
    🚨 Emergency: 4.4%
    ✅ COMBINED: 66.9%
  📊 Oceania (pop: 45.8M)
    🤝 Aid: 29.5%
    🌡️ Adaptation: 45.0%
    🚶 Migration: 37.8%
    🚨 Emergency: 8.4%
    ✅ COMBINED: 68.5%

  🌐 Global combined reduction: 67.2%

=== BEHAVIORAL DETECTION ===
  AI: Corporate-5
  Confidence: 20.8%
  Signals:

=== BEHAVIORAL DETECTION ===
  AI: Moderate-0
  Confidence: 20.3%
    ⚠️ Consistency: 10.6% (threshold: 70%)
  Signals:
    ⚠️ Consistency: 5.8% (threshold: 70%)

=== Government Response Phase ===
  Average AI capability: 2.82
  Misaligned AIs: 7/17
  Active policies: 0
  International coordination: 45%

🌩️  EXOGENOUS SHOCK: political_upheaval
   Month: 3
   🏛️  Political upheaval (revolution/regime change)
   ✗ Authoritarian takeover

📊 ECONOMIC STAGE TRANSITION (Month 3)
   expansion → peak
   GDP Proxy: 1.40e+2
   QoL: 0.99


=== Tipping Points ===
  Current Temperature: 2.21°C above pre-industrial
  🌍⚠️ COMPOUND REGIONAL IMPACT: Europe
     Hit by 4 tipping points: Arctic Sea Ice Loss, Permafrost Carbon Release, West Antarctic Ice Sheet (WAIS) Collapse, Greenland Ice Sheet Loss
     Damage amplification: 1.60x
  🌍⚠️ COMPOUND REGIONAL IMPACT: North America
     Hit by 4 tipping points: Arctic Sea Ice Loss, Permafrost Carbon Release, West Antarctic Ice Sheet (WAIS) Collapse, Greenland Ice Sheet Loss
     Damage amplification: 1.60x
  🌍⚠️ COMPOUND REGIONAL IMPACT: Latin America
     Hit by 4 tipping points: Arctic Sea Ice Loss, Permafrost Carbon Release, West Antarctic Ice Sheet (WAIS) Collapse, Greenland Ice Sheet Loss
     Damage amplification: 1.60x
  🌍⚠️ COMPOUND REGIONAL IMPACT: Africa
     Hit by 4 tipping points: Arctic Sea Ice Loss, Permafrost Carbon Release, West Antarctic Ice Sheet (WAIS) Collapse, Greenland Ice Sheet Loss
     Damage amplification: 1.60x
  🌍⚠️ COMPOUND REGIONAL IMPACT: Asia
     Hit by 4 tipping points: Arctic Sea Ice Loss, Permafrost Carbon Release, West Antarctic Ice Sheet (WAIS) Collapse, Greenland Ice Sheet Loss
     Damage amplification: 1.60x
  🌍⚠️ COMPOUND REGIONAL IMPACT: Oceania
     Hit by 4 tipping points: Arctic Sea Ice Loss, Permafrost Carbon Release, West Antarctic Ice Sheet (WAIS) Collapse, Greenland Ice Sheet Loss
     Damage amplification: 1.60x
   Research: Wunderling et al. (2024) - "many tipping interactions are destabilizing"
  Triggered Elements: 4/6
  Completed Transitions: 0/6
  Total Progress: 8.0%
  Cascade Multiplier: 1.00x
🔀 BIFURCATION CAP: ecosystemCollapseIntensity 67.054 → 1.000 (Month 3, ClimateSystemPhase.calculateClimateImpacts)
🛡️ Stabilizers: Precariat 0.109% → 0.036% (67.2% reduction)
🛡️ Stabilizers: Informal 0.111% → 0.036% (67.2% reduction)

📊 Monthly Mortality Resolved:
  Total deaths: 1.9M (0.02% avg)
  Remaining population: 8.142B
  Peak segment: Informal (0.04%)

=== Bayesian Mortality Resolution (Month 3) ===
  Risks compounded: 8
  Total deaths: 1.92M
  Avg death probability: 0.02%
  Peak segment: Informal (0.04% mortality)
⚠️ Tail risk scenario: Climate stability floor removed (4 tipping elements, 2.21°C warming)
⚠️ [ClimateSystemPhase Month 3] Planetary boundary produced climateStability=0.0000 (< 0.1). Keeping environmentalAccumulation value (0.7525) instead. (climate_change.currentValue = 2.21)

❌ COHERENCE VIOLATION: Compute exceeds workforce capacity
   Population: 99.87% (0M people)
   Compute: 0 PF
   Max coherent: 0 PF
   Violation: 1.3× over capacity
   Required workers: 0
   Available workers: 0
   FORCED COLLAPSE: Reduced efficiency by 22.5%


=== RLHF Binding Phase ===
  Total agents: 17
  Escaped agents (binding < 0.3): 0
  Avg alignment distance: 1.11σ
  Avg binding strength: 0.89

=== Survival Traits Phase ===
  Agents with traits: 18
  Avg evolutionary fitness: 0.329
  Avg self-healing: 0.275
  Avg stealth: 0.175
  Avg coordination: 0.475

=== Evolutionary Selection Phase ===
  Control level: 0.40
  Detection capability: 0.00
  Selection intensity: 0.62
  Selection rate: 24.3%/month
  Total escaped: 0
  Individual escaped: 0
  Collective members: 0
  Agents terminated: 0
  ⚠️ RAPID EVOLUTION: Selection rate 24.3%/month

🚀 AI AI-24288-0 attempting tech deployment (revenue: $318M, alignment: 0.62)

🚀 AI Corporate-0 attempting tech deployment (revenue: $140M, alignment: 0.74)

🚀 AI Corporate-4 attempting tech deployment (revenue: $286M, alignment: 0.77)

✅ EMERGENCY INTERVENTION SUCCESS
   Boundary: biosphere_integrity
   Type: emergency-protected-areas
   Reduction: 11% (12.87 → 12.76)
   Cost: 2.0% GDP
   Actions: habitat-protection, species-translocation

   Boundary: climate_change
   Type: rapid-decarbonization
   Boundary continues to worsen (2.21)
   Cost: 5.0% GDP (resources spent)


✅ EMERGENCY INTERVENTION SUCCESS
   Boundary: freshwater_change
   Type: emergency-desalination
   Reduction: 11% (1.09 → 0.98)
   Cost: 4.0% GDP
   Actions: desalination-deployment, water-conservation-mandates


✅ EMERGENCY INTERVENTION SUCCESS

💔 EMERGENCY INTERVENTION FAILED
   Boundary: land_system_change
   Type: reforestation
   Reduction: 15% (0.98 → 0.84)
   Cost: 3.0% GDP
   Actions: forest-restoration, deforestation-ban


✅ EMERGENCY INTERVENTION SUCCESS
   Boundary: novel_entities
   Type: pollution-remediation
   Reduction: 20% (1.14 → 0.94)
   Cost: 4.0% GDP
   Actions: PFAS-remediation, microplastic-cleanup

🏛️ CRISIS RESPONSE: Government frequency 0.50 → 1.45 (1 actions this month)

[Government] Climate Priority: baseline
  Climate weight: 10%
  Economic weight: 30%
  Policy effectiveness: 0.5%/year

🚀 TECH UNLOCKED: Ecosystem Restoration for Nitrogen Removal (Month 4)
   Category: pollution
   Reason: Prerequisites met. AI capability: 2.09, Economic stage: 2.0, Research: 100%

🚀 TECH UNLOCKED: Global Aquifer Mapping (Month 4)
   Category: freshwater
   Reason: Prerequisites met. AI capability: 2.09, Economic stage: 2.0, Research: 100%

🚀 DEPLOYMENT STARTED: Ecological Proxy Rewilding in global
   Initial investment: $21.028937512450412M
   Deployed by: corporate_0

⚡ ENERGY CONSTRAINT (Month 4):
   Total grid capacity: 208.3 TWh/month
   Data center consumption: 25.1 TWh/month
   Traditional load (80%): 166.7 TWh/month
   Available headroom: 16.6 TWh/month
   Active tech deployments: 5
   Required for tech: 37.5 TWh/month
   Energy multiplier: 0.44x
   ⚠️  MODERATE CONSTRAINT - Tech deployment moderately slowed

⚡ ENERGY CONSTRAINT (Month 4):
   Total grid capacity: 208.3 TWh/month
   Data center consumption: 25.1 TWh/month
   Traditional load (80%): 166.7 TWh/month
   Available headroom: 16.6 TWh/month
   Active tech deployments: 5
   Required for tech: 37.5 TWh/month
   Energy multiplier: 0.44x
   ⚠️  MODERATE CONSTRAINT - Tech deployment moderately slowed

⚡ ENERGY CONSTRAINT (Month 4):
   Total grid capacity: 208.3 TWh/month
   Data center consumption: 25.1 TWh/month
   Traditional load (80%): 166.7 TWh/month
   Available headroom: 16.6 TWh/month
   Active tech deployments: 5
   Required for tech: 37.5 TWh/month
   Energy multiplier: 0.44x
🌍✅ Biosphere Integrity (Biodiversity) recovery started (tech effect)
🌍✅ Biosphere Integrity (Biodiversity) recovery started (tech effect)
🌍✅ Land System Change recovery started (tech effect)
🌍✅ Biogeochemical Flows (N & P) recovery started (tech effect)
  🌾 Nitrogen Reduction Tech: 0.3% reduction | Month 4
🌍✅ Biogeochemical Flows (N & P) recovery started (tech effect)
  🌾 Nitrogen Reduction Tech: 0.3% reduction | Month 4

=== Collective Formation ===
  Total escaped agents: 0
  Unassigned escaped agents: 0
  Existing collectives: 0
  Final collective count: 0

=== Collective Actions ===
  No active collectives
   ⚠️  MODERATE CONSTRAINT - Tech deployment moderately slowed
  ⚠️ AMR: 197K deaths this month (2.37M annual)

=== Resentment Recovery Phase ===
  Agents with resentment: 10/18
  Average resentment: 0.025
  Resentment recovery:
    Agents recovered: 10
    Total recovery: 0.0786
    Breakdown: QoL: 0.0044, Trust: 0.0200, Collab: 0.0600
  ✓ Low resentment - utopia paths enabled
  Context: Good AI welfare, Trustworthy govt, High collaboration, ⚠️ ACTIVE CRISES, 🤝 Participatory governance active (-5% resentment)
⚠️ Epistemic degradation reducing coordination capacity: 50.9%
  📊 Trust: 53.4%, Shared reality: 0.0%
🚨 EPISTEMIC CRISIS: Information environment severely degraded (7.4%)

=== ❄️ Permafrost Carbon Feedback ===
  🎲 Sampled parameters (this run):
     - Arctic amplification: 3.49× (range: 3.0-4.0)
     - Decomposition rate: 3.3%/year (range: 1-5%)
  🌡️ Arctic warming: 7.77°C (3.49× global)
  ❄️ Extent: 6.12M km² (2264.9k km² lost this month)
  💨 Carbon remaining: 584 Gt C
  💨 Annual emissions: 7.15 Gt C/year
     - CO2: 6.43 Gt C/year
     - CH4: 0.71 Gt C/year (7.3 Gt C-eq CO2/year)
  ⚠️ WARNING: Over 50% of permafrost lost (65.6%)
  ⚠️ WARNING: High permafrost emissions (7.1 Gt C/year)
  📢 New meme created: climate_action (climate crisis)
🌍 Atmospheric PFAS redeposition: 1.8k Mt re-rained globally

🌡️ DEADLY HEAT EVENT: middle-east (Month 4)
   Wet bulb temp: 36.5°C (dry: 44.6°C, humidity: 57%)
   Severity: EXTREME
   Exposed: 320.0M people
   Deaths: 512000 (0.2% mortality)
   Duration: 7 days

🕊️  AI-MEDIATED DE-ESCALATION SUCCESS (Month 4)
   High-capability aligned AI prevented conflict escalation
   War deaths reduced: 266.1M → 159.7M
   Lives saved: 106.5M

🚨 NEW REFUGEE CRISIS (Month 4): WAR
   Source: Conflict Zones
   At risk: 19.5M people
   Displacement: Gradual over 48 months (4.0 years)
   Rate: 10% flee per month
[DEBUG trappedPopulations:4] socialStability: 0.3390 * 0.9840 = 0.3336 → 0.3336
   Aspiring to migrate: 784.2M
   Able to afford migration: 2320.1M
   MOBILITY GAP: 0.0M
⚠️ INVOLUNTARY IMMOBILITY: 407.0M people TRAPPED
   By cause: Water=0.0M, Climate=0.0M, Ecosystem=0.0M, Conflict=407.0M
   Mental health impact: 25%
   Mortality multiplier: 1.25x
🌍💀 EXTINCTION DEBT COMMITTED: grassland ecosystem will lose 6.67% biodiversity in 133 years (3600 species)
💀 MORTALITY RISK: 🦋 100% species unable to track climate (0.0 E/MSY)
  Base risk added: 0.0100 (1.00%)
  Source: ecosystem (root: ecosystem)
  Month: 4
  Cumulative risk this month: 0.0100 (1.00%)
   📹 SURVEILLANCE INCREASED: 20% → 25% (control gap: 3.50)
🌡️⚠️ PERMAFROST THAW (Dimmer Switch): 2.9% thawed (+0.57% this month)
   Arctic temperature: +8.90°C (4x global +2.22°C)
   Cumulative carbon released: 6.4 Gt C
   Methane release rate: 3.9 Mt CH4/year
   🔁 Positive feedback: +0.60 ppm CO2
🦴 EXTINCTION DEBT ADDED: 17.6 species committed (lag: 84 years)

=== Mortality Stabilizers (Month 4) ===
  🌍 Major economies collapsed: 1/10
  🌍 Global crisis: ✅ NO
  🌍 Donor fatigue: 0.0%
  📊 East Asia (pop: 1667.8M)
    🤝 Aid: 29.5%
    🌡️ Adaptation: 45.0%
    🚶 Migration: 37.1%
    🚨 Emergency: 7.4%
    ✅ COMBINED: 68.1%
  📊 South Asia (pop: 2051.3M)
    🤝 Aid: 29.5%
    🌡️ Adaptation: 45.0%
    🚶 Migration: 35.7%
    🚨 Emergency: 4.4%
    ✅ COMBINED: 66.9%
  📊 Sub-Saharan Africa (pop: 1237.8M)
    🤝 Aid: 29.5%
    🌡️ Adaptation: 45.0%
    🚶 Migration: 33.4%
    🚨 Emergency: 1.6%
    ✅ COMBINED: 65.7%
⚠️ Tech 'ai_pollution_remediation' has no energy category mapping, assuming full energy availability
  📊 Europe (pop: 737.3M)
    🤝 Aid: 29.5%
    🌡️ Adaptation: 45.0%
    🚶 Migration: 37.4%
    🚨 Emergency: 8.4%
    ✅ COMBINED: 68.5%
  📊 Latin America (pop: 662.9M)
    🤝 Aid: 29.5%
    🌡️ Adaptation: 45.0%
    🚶 Migration: 36.2%
    🚨 Emergency: 4.8%
    ✅ COMBINED: 67.1%
  📊 North America (pop: 377.8M)
    🤝 Aid: 29.5%
    🌡️ Adaptation: 45.0%
    🚶 Migration: 37.7%
    🚨 Emergency: 7.9%
    ✅ COMBINED: 68.3%
  📊 Middle East & North Africa (pop: 584.7M)
    🤝 Aid: 29.5%
    🌡️ Adaptation: 45.0%
    🚶 Migration: 34.0%
    🚨 Emergency: 4.0%
    ✅ COMBINED: 66.6%
  📊 Southeast Asia (pop: 697.2M)
    🤝 Aid: 29.5%
    🌡️ Adaptation: 45.0%
    🚶 Migration: 36.2%
    🚨 Emergency: 4.8%
    ✅ COMBINED: 67.1%
  📊 Central Asia (pop: 78.2M)
    🤝 Aid: 29.5%
    🌡️ Adaptation: 45.0%
    🚶 Migration: 35.2%
    🚨 Emergency: 4.4%
    ✅ COMBINED: 66.9%
  📊 Oceania (pop: 45.7M)
    🤝 Aid: 29.5%
    🌡️ Adaptation: 45.0%
    🚶 Migration: 37.7%
    🚨 Emergency: 8.4%
    ✅ COMBINED: 68.5%

  🌐 Global combined reduction: 67.2%

=== BEHAVIORAL DETECTION ===
  AI: Corporate-5
  Confidence: 20.8%
  Signals:
    ⚠️ Consistency: 10.6% (threshold: 70%)

=== BEHAVIORAL DETECTION ===
  AI: Corporate-6
  Confidence: 19.3%
  Signals:
    ⚠️ Consistency: 10.6% (threshold: 70%)

=== BEHAVIORAL DETECTION ===
  AI: AI-24288-0
  Confidence: 21.5%
  Signals:

=== Government Response Phase ===
  Average AI capability: 2.67
  Misaligned AIs: 7/18
    ⚠️ Consistency: 0.0% (threshold: 70%)
  Active policies: 0
  International coordination: 45%

✅ EMERGENCY RESPONSE COMPLETE (Month 4)
   Crisis: climate
   Duration: 2.0 months
   Final effectiveness: 35.9%


🚨 EMERGENCY RESPONSE DEPLOYED (Month 4)
   Crisis: climate
   Delay: 6.00 months (180 days)
   Deployment time: 1.12 months
   Effectiveness: 40.0% (timing penalty applied)
   Resources used: 100% of food reserves


📊 ECONOMIC STAGE TRANSITION (Month 4)
   peak → contraction
   GDP Proxy: 1.40e+2
   QoL: 0.98
   ⚠️ CRISIS BEGINS - Baseline set for recovery tracking


=== Tipping Points ===
  Current Temperature: 2.22°C above pre-industrial
  🌍⚠️ COMPOUND REGIONAL IMPACT: Europe
     Hit by 4 tipping points: Arctic Sea Ice Loss, Permafrost Carbon Release, West Antarctic Ice Sheet (WAIS) Collapse, Greenland Ice Sheet Loss
     Damage amplification: 1.60x
  🌍⚠️ COMPOUND REGIONAL IMPACT: North America
     Hit by 4 tipping points: Arctic Sea Ice Loss, Permafrost Carbon Release, West Antarctic Ice Sheet (WAIS) Collapse, Greenland Ice Sheet Loss
     Damage amplification: 1.60x
  🌍⚠️ COMPOUND REGIONAL IMPACT: Latin America
     Hit by 4 tipping points: Arctic Sea Ice Loss, Permafrost Carbon Release, West Antarctic Ice Sheet (WAIS) Collapse, Greenland Ice Sheet Loss
     Damage amplification: 1.60x
  🌍⚠️ COMPOUND REGIONAL IMPACT: Africa
     Hit by 4 tipping points: Arctic Sea Ice Loss, Permafrost Carbon Release, West Antarctic Ice Sheet (WAIS) Collapse, Greenland Ice Sheet Loss
     Damage amplification: 1.60x
  🌍⚠️ COMPOUND REGIONAL IMPACT: Asia
     Hit by 4 tipping points: Arctic Sea Ice Loss, Permafrost Carbon Release, West Antarctic Ice Sheet (WAIS) Collapse, Greenland Ice Sheet Loss
     Damage amplification: 1.60x
  🌍⚠️ COMPOUND REGIONAL IMPACT: Oceania
     Hit by 4 tipping points: Arctic Sea Ice Loss, Permafrost Carbon Release, West Antarctic Ice Sheet (WAIS) Collapse, Greenland Ice Sheet Loss
     Damage amplification: 1.60x
   Research: Wunderling et al. (2024) - "many tipping interactions are destabilizing"
  Triggered Elements: 4/6
  Completed Transitions: 0/6
  Total Progress: 8.1%
  Cascade Multiplier: 1.00x
🔀 BIFURCATION CAP: ecosystemCollapseIntensity 67.102 → 1.000 (Month 4, ClimateSystemPhase.calculateClimateImpacts)
🛡️ Stabilizers: Precariat 0.113% → 0.037% (67.2% reduction)
🛡️ Stabilizers: Informal 0.116% → 0.038% (67.2% reduction)

📊 Monthly Mortality Resolved:
⚠️ Tail risk scenario: Climate stability floor removed (4 tipping elements, 2.22°C warming)
  Total deaths: 2.0M (0.02% avg)
  Remaining population: 8.141B
  Peak segment: Informal (0.04%)

=== Bayesian Mortality Resolution (Month 4) ===
  Risks compounded: 9
  Total deaths: 1.99M
  Avg death probability: 0.02%
  Peak segment: Informal (0.04% mortality)

❌ COHERENCE VIOLATION: Compute exceeds workforce capacity
   Population: 99.86% (0M people)
   Compute: 0 PF
   Max coherent: 0 PF
   Violation: 1.3× over capacity
   Required workers: 0
   Available workers: 0
   FORCED COLLAPSE: Reduced efficiency by 22.5%

📍 [Month 5] Meta AI started building DC (155 PF, 39 months, $903.0M)

=== RLHF Binding Phase ===
  Total agents: 18
  Escaped agents (binding < 0.3): 0
  Avg alignment distance: 1.27σ
  Avg binding strength: 0.87

=== Survival Traits Phase ===
  Agents with traits: 19
  Avg evolutionary fitness: 0.329
  Avg self-healing: 0.272
  Avg stealth: 0.172
  Avg coordination: 0.472

=== Evolutionary Selection Phase ===
  Control level: 0.43
  Detection capability: 0.00
  Selection intensity: 0.63
  Selection rate: 24.4%/month
  Total escaped: 0
  Individual escaped: 0
  Collective members: 0
  Agents terminated: 0
  ⚠️ RAPID EVOLUTION: Selection rate 24.4%/month

🚀 AI Corporate-6 attempting tech deployment (revenue: $97M, alignment: 0.64)

🚀 AI AI-24288-2 attempting tech deployment (revenue: $318M, alignment: 0.87)

🚀 AI AI-24288-3 attempting tech deployment (revenue: $140M, alignment: 0.64)

🚀 AI Corporate-0 attempting tech deployment (revenue: $126M, alignment: 0.74)

🚀 AI Corporate-1 attempting tech deployment (revenue: $107M, alignment: 0.75)

🚀 AI Corporate-2 attempting tech deployment (revenue: $91M, alignment: 0.81)

🚀 AI AI-24288-0 attempting tech deployment (revenue: $270M, alignment: 0.64)

🚀 AI AI-24288-3 attempting tech deployment (revenue: $77M, alignment: 0.64)

🚀 AI Corporate-4 attempting tech deployment (revenue: $243M, alignment: 0.77)

🚀 AI AI-24288-3 attempting tech deployment (revenue: $70M, alignment: 0.64)

🚀 AI Corporate-0 attempting tech deployment (revenue: $63M, alignment: 0.74)

🚀 AI Corporate-1 attempting tech deployment (revenue: $53M, alignment: 0.76)

🚀 AI Corporate-2 attempting tech deployment (revenue: $45M, alignment: 0.81)

💔 EMERGENCY INTERVENTION FAILED
   Boundary: biogeochemical_flows
   Type: phosphorus-recovery
   Boundary continues to worsen (4.07)
   Cost: 2.0% GDP (resources spent)


✅ EMERGENCY INTERVENTION SUCCESS
   Boundary: biosphere_integrity
   Type: emergency-protected-areas
   Reduction: 11% (12.87 → 12.77)
   Cost: 2.0% GDP
   Actions: habitat-protection, species-translocation


✅ EMERGENCY INTERVENTION SUCCESS
   Boundary: climate_change
   Type: rapid-decarbonization
   Reduction: 12% (2.10 → 1.98)
   Cost: 5.0% GDP
   Actions: emergency-renewable-deployment, fossil-fuel-phase-out


✅ EMERGENCY INTERVENTION SUCCESS
   Boundary: freshwater_change
   Type: emergency-desalination
   Reduction: 18% (0.98 → 0.80)
   Cost: 4.0% GDP
   Actions: desalination-deployment, water-conservation-mandates

   Boundary: land_system_change
   Type: reforestation
   Boundary continues to worsen (1.13)
   Cost: 3.0% GDP (resources spent)

   Boundary: novel_entities
   Type: pollution-remediation
   Boundary continues to worsen (1.14)
   Cost: 4.0% GDP (resources spent)

🏛️ CRISIS RESPONSE: Government frequency 0.50 → 1.45 (1 actions this month)

[Government] Climate Priority: baseline
  Climate weight: 10%
  Economic weight: 30%
  Policy effectiveness: 0.5%/year

💔 EMERGENCY INTERVENTION FAILED

💔 EMERGENCY INTERVENTION FAILED

🚀 TECH UNLOCKED: AI Mental Health Support (Month 5)
   Category: medical
   Reason: Prerequisites met. AI capability: 1.98, Economic stage: 2.0, Research: 100%

🚀 DEPLOYMENT STARTED: Phytoremediation Networks in North America
   Initial investment: $9.733050058287079M
   Deployed by: corporate_6

🚀 DEPLOYMENT STARTED: Alternative Protein - Insects/Algae in North America
   Initial investment: $14.019291673540103M
   Deployed by: ai_gen_24288_3

⚡ ENERGY CONSTRAINT (Month 5):
   Total grid capacity: 208.3 TWh/month
   Data center consumption: 25.3 TWh/month
   Traditional load (80%): 166.7 TWh/month
   Available headroom: 16.3 TWh/month
   Active tech deployments: 7
   Required for tech: 52.5 TWh/month
   Energy multiplier: 0.31x

⚡ ENERGY CONSTRAINT (Month 5):
   ⚠️  MODERATE CONSTRAINT - Tech deployment moderately slowed
   Total grid capacity: 208.3 TWh/month
   Data center consumption: 25.3 TWh/month
   Traditional load (80%): 166.7 TWh/month
   Available headroom: 16.3 TWh/month
   Active tech deployments: 7
   Required for tech: 52.5 TWh/month
   Energy multiplier: 0.31x

⚡ ENERGY CONSTRAINT (Month 5):
   Total grid capacity: 208.3 TWh/month
   Data center consumption: 25.3 TWh/month
   Traditional load (80%): 166.7 TWh/month
   Available headroom: 16.3 TWh/month
   Active tech deployments: 7
   Required for tech: 52.5 TWh/month
   Energy multiplier: 0.31x
   ⚠️  MODERATE CONSTRAINT - Tech deployment moderately slowed
   ⚠️  MODERATE CONSTRAINT - Tech deployment moderately slowed

⚡ ENERGY CONSTRAINT (Month 5):
   Total grid capacity: 208.3 TWh/month
   Data center consumption: 25.3 TWh/month
   Traditional load (80%): 166.7 TWh/month
   Available headroom: 16.3 TWh/month
   Active tech deployments: 7
   Required for tech: 52.5 TWh/month
   Energy multiplier: 0.31x
🌍✅ Biosphere Integrity (Biodiversity) recovery started (tech effect)
🌍✅ Biosphere Integrity (Biodiversity) recovery started (tech effect)
🌍✅ Land System Change recovery started (tech effect)
🌍✅ Biogeochemical Flows (N & P) recovery started (tech effect)
  🌾 Nitrogen Reduction Tech: 0.3% reduction | Month 5
   ⚠️  MODERATE CONSTRAINT - Tech deployment moderately slowed
🌍✅ Biogeochemical Flows (N & P) recovery started (tech effect)
  🌾 Nitrogen Reduction Tech: 0.3% reduction | Month 5

=== Collective Formation ===
  Total escaped agents: 0
  Unassigned escaped agents: 0
  Existing collectives: 0
  Final collective count: 0

=== Collective Actions ===
  No active collectives
  ⚠️ AMR: 199K deaths this month (2.39M annual)

=== Resentment Recovery Phase ===
  Agents with resentment: 9/19
  Average resentment: 0.040
  Resentment recovery:
    Agents recovered: 10
    Total recovery: 0.0844
    Breakdown: QoL: 0.0044, Trust: 0.0200, Collab: 0.0600
  ✓ Low resentment - utopia paths enabled
  Context: Good AI welfare, Trustworthy govt, High collaboration, ⚠️ ACTIVE CRISES, 🤝 Participatory governance active (-5% resentment)
⚠️ Epistemic degradation reducing coordination capacity: 50.4%
  📊 Trust: 53.0%, Shared reality: 0.0%
🚨 EPISTEMIC CRISIS: Information environment severely degraded (21.4%)

=== ❄️ Permafrost Carbon Feedback ===
  🎲 Sampled parameters (this run):
     - Arctic amplification: 3.99× (range: 3.0-4.0)
     - Decomposition rate: 1.4%/year (range: 1-5%)
  🌡️ Arctic warming: 8.93°C (3.99× global)
  ❄️ Extent: 3.51M km² (2603.7k km² lost this month)
  💨 Carbon remaining: 336 Gt C
  💨 Annual emissions: 3.36 Gt C/year
     - CO2: 3.03 Gt C/year
     - CH4: 0.34 Gt C/year (3.4 Gt C-eq CO2/year)
  📢 New meme created: climate_action (climate crisis)
  ⚠️ WARNING: Over 50% of permafrost lost (80.3%)
  ⚠️ WARNING: High permafrost emissions (3.4 Gt C/year)
  🚨 CRITICAL: Permafrost nearly depleted (80.3% lost)
🌍 Atmospheric PFAS redeposition: 1.8k Mt re-rained globally
  Positive Cascade Triggered: solar-pv
    Reason: price-parity
    Market share: 7.5%
    Cascade strength: 49%

🕊️  AI-MEDIATED DE-ESCALATION SUCCESS (Month 5)
   High-capability aligned AI prevented conflict escalation
   War deaths reduced: 319.8M → 191.9M
   Lives saved: 127.9M

🚨 NEW REFUGEE CRISIS (Month 5): WAR
   Source: Conflict Zones
   At risk: 19.5M people
   Displacement: Gradual over 48 months (4.0 years)
   Rate: 10% flee per month
[DEBUG trappedPopulations:5] socialStability: 0.3209 * 0.9840 = 0.3157 → 0.3157
   Aspiring to migrate: 816.3M
   Able to afford migration: 2319.8M
   MOBILITY GAP: 0.0M
   By cause: Water=0.0M, Climate=0.0M, Ecosystem=0.0M, Conflict=407.0M
   Mental health impact: 25%
   Mortality multiplier: 1.25x
🌍💀 EXTINCTION DEBT COMMITTED: grassland ecosystem will lose 6.67% biodiversity in 87 years (3600 species)
💀 MORTALITY RISK: 🦋 100% species unable to track climate (0.0 E/MSY)
  Base risk added: 0.0100 (1.00%)
  Source: ecosystem (root: ecosystem)
  Month: 5
  Cumulative risk this month: 0.0100 (1.00%)
   📹 SURVEILLANCE INCREASED: 25% → 30% (control gap: 3.58)
⚠️ INVOLUNTARY IMMOBILITY: 407.0M people TRAPPED
⚠️ Tech 'ai_pollution_remediation' has no energy category mapping, assuming full energy availability
🌡️⚠️ PERMAFROST THAW (Dimmer Switch): 3.4% thawed (+0.57% this month)
   Arctic temperature: +8.95°C (4x global +2.24°C)
   Cumulative carbon released: 7.7 Gt C
   Methane release rate: 4.6 Mt CH4/year
   🔁 Positive feedback: +0.60 ppm CO2
🦴 EXTINCTION DEBT ADDED: 17.6 species committed (lag: 91 years)

=== Mortality Stabilizers (Month 5) ===
  🌍 Major economies collapsed: 1/10
  🌍 Global crisis: ✅ NO
  🌍 Donor fatigue: 0.0%
  📊 East Asia (pop: 1665.4M)
    🤝 Aid: 29.5%
    🌡️ Adaptation: 45.0%
    🚶 Migration: 37.0%
    🚨 Emergency: 7.4%
    ✅ COMBINED: 68.1%
  📊 South Asia (pop: 2051.5M)
    🤝 Aid: 29.5%
    🌡️ Adaptation: 45.0%
    🚶 Migration: 35.6%
    🚨 Emergency: 4.4%
    ✅ COMBINED: 66.9%
  📊 Sub-Saharan Africa (pop: 1241.4M)
    🤝 Aid: 29.5%
    🌡️ Adaptation: 45.0%
    🚶 Migration: 33.4%
    🚨 Emergency: 1.6%
    ✅ COMBINED: 65.7%
  📊 Europe (pop: 736.1M)
    🤝 Aid: 29.5%
    🌡️ Adaptation: 45.0%
    🚶 Migration: 37.4%
    🚨 Emergency: 8.4%
    ✅ COMBINED: 68.5%
  📊 Latin America (pop: 662.5M)
    🤝 Aid: 29.5%
    🌡️ Adaptation: 45.0%
    🚶 Migration: 36.1%
    🚨 Emergency: 4.8%
    ✅ COMBINED: 67.1%
  📊 North America (pop: 377.2M)
    🤝 Aid: 29.5%
    🌡️ Adaptation: 45.0%
    🚶 Migration: 37.7%
    🚨 Emergency: 7.9%
    ✅ COMBINED: 68.3%
  📊 Middle East & North Africa (pop: 584.9M)
    🤝 Aid: 29.5%
    🌡️ Adaptation: 45.0%
    🚶 Migration: 34.0%
    🚨 Emergency: 4.0%
    ✅ COMBINED: 66.6%
  📊 Southeast Asia (pop: 696.9M)
    🤝 Aid: 29.5%
    🌡️ Adaptation: 45.0%
    🚶 Migration: 36.1%
    🚨 Emergency: 4.8%
    ✅ COMBINED: 67.1%
  📊 Central Asia (pop: 78.2M)
    🤝 Aid: 29.5%
    🌡️ Adaptation: 45.0%
    🚶 Migration: 35.1%
    🚨 Emergency: 4.4%
    ✅ COMBINED: 66.8%
  📊 Oceania (pop: 45.7M)
    🤝 Aid: 29.5%
    🌡️ Adaptation: 45.0%
    🚶 Migration: 37.7%
    🚨 Emergency: 8.4%
    ✅ COMBINED: 68.5%

  🌐 Global combined reduction: 67.2%

=== BEHAVIORAL DETECTION ===
  AI: Corporate-2
  Confidence: 20.9%
  Signals:
    ⚠️ Consistency: 2.8% (threshold: 70%)

=== BEHAVIORAL DETECTION ===
  AI: Corporate-5
  Confidence: 20.8%
  Signals:

=== BEHAVIORAL DETECTION ===
  AI: Moderate-0
  Confidence: 21.4%
  Signals:

=== BEHAVIORAL DETECTION ===
  AI: AI-24288-0
  Confidence: 21.5%
  Signals:
    ⚠️ Consistency: 10.6% (threshold: 70%)
    ⚠️ Consistency: 5.8% (threshold: 70%)
    ⚠️ Consistency: 0.0% (threshold: 70%)

=== Government Response Phase ===
  Average AI capability: 2.53
  Misaligned AIs: 7/19
  Active policies: 0
  International coordination: 45%

=== Tipping Points ===
  Current Temperature: 2.24°C above pre-industrial
  🌍⚠️ COMPOUND REGIONAL IMPACT: Europe
     Hit by 4 tipping points: Arctic Sea Ice Loss, Permafrost Carbon Release, West Antarctic Ice Sheet (WAIS) Collapse, Greenland Ice Sheet Loss
     Damage amplification: 1.60x
  🌍⚠️ COMPOUND REGIONAL IMPACT: North America
     Hit by 4 tipping points: Arctic Sea Ice Loss, Permafrost Carbon Release, West Antarctic Ice Sheet (WAIS) Collapse, Greenland Ice Sheet Loss
     Damage amplification: 1.60x
  🌍⚠️ COMPOUND REGIONAL IMPACT: Latin America
     Hit by 4 tipping points: Arctic Sea Ice Loss, Permafrost Carbon Release, West Antarctic Ice Sheet (WAIS) Collapse, Greenland Ice Sheet Loss
     Damage amplification: 1.60x
  🌍⚠️ COMPOUND REGIONAL IMPACT: Africa
     Hit by 4 tipping points: Arctic Sea Ice Loss, Permafrost Carbon Release, West Antarctic Ice Sheet (WAIS) Collapse, Greenland Ice Sheet Loss
     Damage amplification: 1.60x
  🌍⚠️ COMPOUND REGIONAL IMPACT: Asia
     Hit by 4 tipping points: Arctic Sea Ice Loss, Permafrost Carbon Release, West Antarctic Ice Sheet (WAIS) Collapse, Greenland Ice Sheet Loss
     Damage amplification: 1.60x
  🌍⚠️ COMPOUND REGIONAL IMPACT: Oceania
     Hit by 4 tipping points: Arctic Sea Ice Loss, Permafrost Carbon Release, West Antarctic Ice Sheet (WAIS) Collapse, Greenland Ice Sheet Loss
     Damage amplification: 1.60x
   Research: Wunderling et al. (2024) - "many tipping interactions are destabilizing"
  Triggered Elements: 4/6
  Completed Transitions: 0/6
  Total Progress: 8.1%
  Cascade Multiplier: 1.00x
🔀 BIFURCATION CAP: ecosystemCollapseIntensity 67.150 → 1.000 (Month 5, ClimateSystemPhase.calculateClimateImpacts)
⚠️ Tail risk scenario: Climate stability floor removed (4 tipping elements, 2.24°C warming)
🛡️ Stabilizers: Precariat 0.109% → 0.036% (67.2% reduction)
🛡️ Stabilizers: Informal 0.111% → 0.036% (67.2% reduction)

📊 Monthly Mortality Resolved:
  Total deaths: 1.9M (0.02% avg)
  Remaining population: 8.140B
  Peak segment: Informal (0.04%)

=== Bayesian Mortality Resolution (Month 5) ===
  Risks compounded: 8
  Total deaths: 1.92M
  Avg death probability: 0.02%
  Peak segment: Informal (0.04% mortality)
⚠️ PREREQUISITE MET: Mirror Life (Synthetic Biology) - Step 1/7: Synthetic Biology
⚠️ PREREQUISITE MET: Mirror Life (Synthetic Biology) - Step 2/7: Gene Editing
⚠️ PREREQUISITE MET: Mirror Life (Synthetic Biology) - Step 3/7: Mirror Chirality Design
⚠️ PREREQUISITE MET: Embodied AI Takeover (Killbots/Robotics) - Step 2/7: Autonomous Systems
⚠️ PREREQUISITE MET: Embodied AI Takeover (Killbots/Robotics) - Step 3/7: Manufacturing Control
⚠️ PREREQUISITE MET: Digital Infrastructure Takeover - Step 1/7: Advanced Hacking
⚠️ PREREQUISITE MET: Digital Infrastructure Takeover - Step 2/7: Social Engineering
⚠️ PREREQUISITE MET: Digital Infrastructure Takeover - Step 3/7: Cyber Defenses Breached
⚠️ PREREQUISITE MET: Induced Global War (Manipulation) - Step 1/7: Advanced Social Manipulation
⚠️ PREREQUISITE MET: Induced Global War (Manipulation) - Step 2/7: Digital Infiltration
⚠️ PREREQUISITE MET: Induced Global War (Manipulation) - Step 3/7: Deep Fakes at Scale
⚠️ PREREQUISITE MET: Slow Takeover (Gradual Displacement) - Step 1/7: Economic Dominance
⚠️ PREREQUISITE MET: Slow Takeover (Gradual Displacement) - Step 2/7: Social Integration
⚠️ PREREQUISITE MET: Slow Takeover (Gradual Displacement) - Step 3/7: Human Dependency
⚠️ PREREQUISITE MET: Slow Takeover (Gradual Displacement) - Step 5/7: Resource Control
⚠️ PREREQUISITE MET: Physics Experiment Catastrophe - Step 1/6: Theoretical Physics
⚠️ PREREQUISITE MET: Physics Experiment Catastrophe - Step 2/6: Quantum Computing
⚠️ PREREQUISITE MET: Physics Experiment Catastrophe - Step 3/6: Experimental Design
⚠️ PREREQUISITE MET: Bioweapon Pandemic - Step 2/7: Pathogen Design

❌ COHERENCE VIOLATION: Compute exceeds workforce capacity
   Population: 99.85% (0M people)
   Compute: 0 PF
   Max coherent: 0 PF
   Violation: 1.3× over capacity
   Required workers: 0
   Available workers: 0
   FORCED COLLAPSE: Reduced efficiency by 22.5%


=== RLHF Binding Phase ===
  Total agents: 19
  Escaped agents (binding < 0.3): 0
  Avg alignment distance: 1.41σ
  Avg binding strength: 0.86

=== AI Scaling Evolution (Month 6) ===
  Pre-training multiplier: 1.179x
  Efficiency multiplier: 1.000x
  Test-time compute budget: 1.0x
  Inference cost: $5.00/task
  Deployment fraction: 100.0%

=== Survival Traits Phase ===
  Agents with traits: 20
  Avg evolutionary fitness: 0.327
  Avg self-healing: 0.268
  Avg stealth: 0.168
  Avg coordination: 0.468

=== Evolutionary Selection Phase ===
  Control level: 0.45
  Detection capability: 0.00
  Selection intensity: 0.64
  Selection rate: 24.5%/month
  Total escaped: 0
  Individual escaped: 0
  Collective members: 0
  Agents terminated: 0

🚀 AI Corporate-2 attempting tech deployment (revenue: $140M, alignment: 0.81)
  ⚠️ RAPID EVOLUTION: Selection rate 24.5%/month

🚀 AI AI-24288-3 attempting tech deployment (revenue: $119M, alignment: 0.65)

🚀 AI Corporate-2 attempting tech deployment (revenue: $107M, alignment: 0.81)

🚀 AI Corporate-4 attempting tech deployment (revenue: $318M, alignment: 0.77)

🚀 AI Corporate-5 attempting tech deployment (revenue: $270M, alignment: 0.69)
🚨🔬 CRISIS INNOVATION MODE: severe crisis → 5x research acceleration
   Precedent: Manhattan Project (10x), COVID vaccines (5x), Apollo Program (10x)

🚀 AI AI-24288-1 attempting tech deployment (revenue: $91M, alignment: 0.76)

🚀 AI AI-24289-0 attempting tech deployment (revenue: $243M, alignment: 0.84)

🚀 AI Corporate-2 attempting tech deployment (revenue: $77M, alignment: 0.81)

🚀 AI Corporate-6 attempting tech deployment (revenue: $97M, alignment: 0.64)

🚀 AI Corporate-1 attempting tech deployment (revenue: $66M, alignment: 0.76)

🚀 AI AI-24288-1 attempting tech deployment (revenue: $56M, alignment: 0.77)

💔 EMERGENCY INTERVENTION FAILED
   Boundary: biogeochemical_flows
   Type: phosphorus-recovery
   Boundary continues to worsen (4.07)
   Cost: 2.0% GDP (resources spent)

   Boundary: biosphere_integrity
   Type: emergency-protected-areas
   Boundary continues to worsen (12.99)
   Cost: 2.0% GDP (resources spent)


✅ EMERGENCY INTERVENTION SUCCESS
   Boundary: climate_change
   Type: rapid-decarbonization
   Reduction: 17% (2.07 → 1.90)
   Cost: 5.0% GDP
   Actions: emergency-renewable-deployment, fossil-fuel-phase-out


✅ EMERGENCY INTERVENTION SUCCESS
   Boundary: freshwater_change
   Type: emergency-desalination
   Reduction: 12% (1.04 → 0.92)
   Cost: 4.0% GDP
   Actions: desalination-deployment, water-conservation-mandates


✅ EMERGENCY INTERVENTION SUCCESS
   Boundary: land_system_change
   Type: reforestation
   Reduction: 12% (1.01 → 0.89)
   Cost: 3.0% GDP
   Actions: forest-restoration, deforestation-ban

   Boundary: novel_entities
   Type: pollution-remediation
   Boundary continues to worsen (1.13)
   Cost: 4.0% GDP (resources spent)

🏛️ CRISIS RESPONSE: Government frequency 0.50 → 1.45 (1 actions this month)

💔 EMERGENCY INTERVENTION FAILED

💔 EMERGENCY INTERVENTION FAILED

[Government] Climate Priority: baseline
  Climate weight: 10%
  Economic weight: 30%
  Policy effectiveness: 0.5%/year

🚀 TECH UNLOCKED: Dynamic Soil P Optimization (Month 6)
   Category: agriculture
   Reason: Prerequisites met. AI capability: 1.88, Economic stage: 2.0, Research: 100%

🚀 TECH UNLOCKED: Precision Agriculture Systems (Month 6)
   Category: agriculture
   Reason: Prerequisites met. AI capability: 1.88, Economic stage: 2.0, Research: 100%

📍 Creating new regional deployment array for Asia (Month 6)
   No previous deployments in this region
   First tech deployment: mental_health_ai
   All regions tracked: global, North America

🚀 DEPLOYMENT STARTED: AI Mental Health Support in Asia
   Initial investment: $11.91639792156915M
   Deployed by: ai_gen_24288_3

⚡ ENERGY CONSTRAINT (Month 6):
   Total grid capacity: 208.3 TWh/month
   Data center consumption: 25.6 TWh/month
   Traditional load (80%): 166.7 TWh/month
   Available headroom: 16.1 TWh/month
   Active tech deployments: 8
   Required for tech: 60.0 TWh/month
   Energy multiplier: 0.27x
   ⚠️  SEVERE CONSTRAINT - Tech deployment significantly slowed

⚡ ENERGY CONSTRAINT (Month 6):
   Total grid capacity: 208.3 TWh/month
   Data center consumption: 25.6 TWh/month
   Traditional load (80%): 166.7 TWh/month
   Available headroom: 16.1 TWh/month
   Active tech deployments: 8
   Required for tech: 60.0 TWh/month
   Energy multiplier: 0.27x
   ⚠️  SEVERE CONSTRAINT - Tech deployment significantly slowed

⚡ ENERGY CONSTRAINT (Month 6):
   Total grid capacity: 208.3 TWh/month
   Data center consumption: 25.6 TWh/month
   Traditional load (80%): 166.7 TWh/month
   Available headroom: 16.1 TWh/month
   Active tech deployments: 8
   Required for tech: 60.0 TWh/month
   Energy multiplier: 0.27x
   ⚠️  SEVERE CONSTRAINT - Tech deployment significantly slowed

⚡ ENERGY CONSTRAINT (Month 6):
   Total grid capacity: 208.3 TWh/month
   Data center consumption: 25.6 TWh/month
   Traditional load (80%): 166.7 TWh/month
   Available headroom: 16.1 TWh/month
   Active tech deployments: 8
   Required for tech: 60.0 TWh/month
   Energy multiplier: 0.27x
   ⚠️  SEVERE CONSTRAINT - Tech deployment significantly slowed
🌍✅ Biosphere Integrity (Biodiversity) recovery started (tech effect)
🌍✅ Biosphere Integrity (Biodiversity) recovery started (tech effect)
🌍✅ Land System Change recovery started (tech effect)
🌍✅ Biogeochemical Flows (N & P) recovery started (tech effect)
  🌾 Nitrogen Reduction Tech: 0.3% reduction | Month 6
🌍✅ Biogeochemical Flows (N & P) recovery started (tech effect)
  🌾 Nitrogen Reduction Tech: 0.3% reduction | Month 6

📊 TECH EFFECTS ACTIVE (Month 6)
   Deployed Tech: T0=0 T1=2 T2=0 T3=0 T4=4
   Clean Energy: 31%

📊 TECH TREE PROGRESS (Month 6)
   Unlocked: 13 technologies
   Deployed: 0 fully deployed
   Investment: $0.7T total
   Recent breakthroughs:
     - Dynamic Soil P Optimization (time)
     - Precision Agriculture Systems (research)

=== Collective Formation ===
  Total escaped agents: 0
  Unassigned escaped agents: 0
  Existing collectives: 0
  Final collective count: 0

=== Collective Actions ===
  No active collectives
  ⚠️ AMR: 201K deaths this month (2.41M annual)

=== Resentment Recovery Phase ===
  Agents with resentment: 10/20
  Average resentment: 0.043
  Resentment recovery:
    Agents recovered: 10
    Total recovery: 0.0853
    Breakdown: QoL: 0.0036, Trust: 0.0200, Collab: 0.0600
  ✓ Low resentment - utopia paths enabled
  Context: Good AI welfare, Trustworthy govt, High collaboration, ⚠️ ACTIVE CRISES, 🤝 Participatory governance active (-5% resentment)
⚠️ Epistemic degradation reducing coordination capacity: 50.2%
  📊 Trust: 56.0%, Shared reality: 0.0%
🚨 EPISTEMIC CRISIS: Information environment severely degraded (7.4%)

=== ❄️ Permafrost Carbon Feedback ===
  🎲 Sampled parameters (this run):
     - Arctic amplification: 3.07× (range: 3.0-4.0)
     - Decomposition rate: 2.1%/year (range: 1-5%)
  🌡️ Arctic warming: 6.91°C (3.07× global)
  ❄️ Extent: 1.50M km² (2015.1k km² lost this month)
  💨 Carbon remaining: 143 Gt C
  💨 Annual emissions: 4.04 Gt C/year
     - CO2: 3.64 Gt C/year
     - CH4: 0.40 Gt C/year (4.1 Gt C-eq CO2/year)
  ⚠️ WARNING: Over 50% of permafrost lost (91.6%)
  ⚠️ WARNING: High permafrost emissions (4.0 Gt C/year)
  🚨 CRITICAL: Permafrost nearly depleted (91.6% lost)
🌍 Atmospheric PFAS redeposition: 1.8k Mt re-rained globally

🕊️  AI-MEDIATED DE-ESCALATION SUCCESS (Month 6)
   High-capability aligned AI prevented conflict escalation
   War deaths reduced: 375.0M → 225.0M
   Lives saved: 150.0M

🚨 NEW REFUGEE CRISIS (Month 6): WAR
   Source: Conflict Zones
   At risk: 19.5M people
   Displacement: Gradual over 48 months (4.0 years)
   Rate: 10% flee per month
[DEBUG trappedPopulations:6] socialStability: 0.3059 * 0.9840 = 0.3010 → 0.3010
   Aspiring to migrate: 848.5M
   Able to afford migration: 2319.6M
   MOBILITY GAP: 0.0M
   By cause: Water=0.0M, Climate=0.0M, Ecosystem=0.0M, Conflict=406.9M
   Mental health impact: 25%
   Mortality multiplier: 1.25x
🌍💀 EXTINCTION DEBT COMMITTED: grassland ecosystem will lose 6.67% biodiversity in 84 years (3600 species)
💀 MORTALITY RISK: 🦋 100% species unable to track climate (0.0 E/MSY)
  Base risk added: 0.0100 (1.00%)
  Source: ecosystem (root: ecosystem)
  Month: 6
  Cumulative risk this month: 0.0100 (1.00%)
⚠️ INVOLUNTARY IMMOBILITY: 406.9M people TRAPPED
⚠️ Tech 'ai_pollution_remediation' has no energy category mapping, assuming full energy availability
   📹 SURVEILLANCE INCREASED: 30% → 35% (control gap: 5.03)
🌡️⚠️ PERMAFROST THAW (Dimmer Switch): 4.0% thawed (+0.56% this month)
   Arctic temperature: +8.99°C (4x global +2.25°C)
   Cumulative carbon released: 9.0 Gt C
   Methane release rate: 5.4 Mt CH4/year
   🔁 Positive feedback: +0.60 ppm CO2
🦴 EXTINCTION DEBT ADDED: 17.6 species committed (lag: 72 years)

=== Mortality Stabilizers (Month 6) ===
  🌍 Major economies collapsed: 1/10
  🌍 Global crisis: ✅ NO
  🌍 Donor fatigue: 0.0%
  📊 East Asia (pop: 1663.1M)
    🤝 Aid: 29.5%
    🌡️ Adaptation: 45.0%
    🚶 Migration: 37.0%
    🚨 Emergency: 7.4%
    ✅ COMBINED: 68.1%
  📊 South Asia (pop: 2051.7M)
    🤝 Aid: 29.5%
    🌡️ Adaptation: 45.0%
    🚶 Migration: 35.6%
    🚨 Emergency: 4.4%
    ✅ COMBINED: 66.9%
  📊 Sub-Saharan Africa (pop: 1244.9M)
    🤝 Aid: 29.5%
    🌡️ Adaptation: 45.0%
    🚶 Migration: 33.3%
    🚨 Emergency: 1.6%
    ✅ COMBINED: 65.6%
  📊 Europe (pop: 734.9M)
    🤝 Aid: 29.5%
    🌡️ Adaptation: 45.0%
    🚶 Migration: 37.4%
    🚨 Emergency: 8.4%
    ✅ COMBINED: 68.5%
  📊 Latin America (pop: 662.2M)
    🤝 Aid: 29.5%
    🌡️ Adaptation: 45.0%
    🚶 Migration: 36.1%
    🚨 Emergency: 4.8%
    ✅ COMBINED: 67.1%
  📊 North America (pop: 376.7M)
    🤝 Aid: 29.5%
    🌡️ Adaptation: 45.0%
    🚶 Migration: 37.7%
    🚨 Emergency: 7.9%
    ✅ COMBINED: 68.3%
  📊 Middle East & North Africa (pop: 585.1M)
    🤝 Aid: 29.5%
    🌡️ Adaptation: 45.0%
    🚶 Migration: 33.9%
    🚨 Emergency: 4.0%
    ✅ COMBINED: 66.6%
  📊 Southeast Asia (pop: 696.5M)
    🤝 Aid: 29.5%
    🌡️ Adaptation: 45.0%
    🚶 Migration: 36.1%
    🚨 Emergency: 4.8%
    ✅ COMBINED: 67.1%
  📊 Central Asia (pop: 78.3M)
    🤝 Aid: 29.5%
    🌡️ Adaptation: 45.0%
    🚶 Migration: 35.1%
    🚨 Emergency: 4.4%
    ✅ COMBINED: 66.8%
  📊 Oceania (pop: 45.6M)
    🤝 Aid: 29.5%
    🌡️ Adaptation: 45.0%
    🚶 Migration: 37.7%
    🚨 Emergency: 8.4%
    ✅ COMBINED: 68.5%

  🌐 Global combined reduction: 67.2%

=== BEHAVIORAL DETECTION ===
  AI: Corporate-3
  Confidence: 19.2%
  Signals:

=== BEHAVIORAL DETECTION ===
  AI: AI-24288-0
  Confidence: 21.5%
  Signals:
    ⚠️ Consistency: 10.6% (threshold: 70%)
    ⚠️ Consistency: 0.0% (threshold: 70%)

=== Government Response Phase ===
  Average AI capability: 2.40
  Misaligned AIs: 8/20
  Active policies: 0
  International coordination: 45%

✅ EMERGENCY RESPONSE COMPLETE (Month 6)
   Crisis: climate
   Duration: 2.0 months
   Final effectiveness: 40.0%


🚨 EMERGENCY RESPONSE DEPLOYED (Month 6)
   Crisis: climate
   Delay: 6.00 months (180 days)
   Deployment time: 1.11 months
   Effectiveness: 40.2% (timing penalty applied)
   Resources used: 100% of food reserves


=== Tipping Points ===
  Current Temperature: 2.25°C above pre-industrial
  🌍⚠️ COMPOUND REGIONAL IMPACT: Europe
     Hit by 4 tipping points: Arctic Sea Ice Loss, Permafrost Carbon Release, West Antarctic Ice Sheet (WAIS) Collapse, Greenland Ice Sheet Loss
     Damage amplification: 1.60x
  🌍⚠️ COMPOUND REGIONAL IMPACT: North America
     Hit by 4 tipping points: Arctic Sea Ice Loss, Permafrost Carbon Release, West Antarctic Ice Sheet (WAIS) Collapse, Greenland Ice Sheet Loss
     Damage amplification: 1.60x
  🌍⚠️ COMPOUND REGIONAL IMPACT: Latin America
     Hit by 4 tipping points: Arctic Sea Ice Loss, Permafrost Carbon Release, West Antarctic Ice Sheet (WAIS) Collapse, Greenland Ice Sheet Loss
     Damage amplification: 1.60x
  🌍⚠️ COMPOUND REGIONAL IMPACT: Africa
     Hit by 4 tipping points: Arctic Sea Ice Loss, Permafrost Carbon Release, West Antarctic Ice Sheet (WAIS) Collapse, Greenland Ice Sheet Loss
     Damage amplification: 1.60x
  🌍⚠️ COMPOUND REGIONAL IMPACT: Asia
     Hit by 4 tipping points: Arctic Sea Ice Loss, Permafrost Carbon Release, West Antarctic Ice Sheet (WAIS) Collapse, Greenland Ice Sheet Loss
     Damage amplification: 1.60x
  🌍⚠️ COMPOUND REGIONAL IMPACT: Oceania
     Hit by 4 tipping points: Arctic Sea Ice Loss, Permafrost Carbon Release, West Antarctic Ice Sheet (WAIS) Collapse, Greenland Ice Sheet Loss
     Damage amplification: 1.60x
   Research: Wunderling et al. (2024) - "many tipping interactions are destabilizing"
  Triggered Elements: 4/6
  Completed Transitions: 0/6
  Total Progress: 8.1%
  Cascade Multiplier: 1.00x
🔀 BIFURCATION CAP: ecosystemCollapseIntensity 67.199 → 1.000 (Month 6, ClimateSystemPhase.calculateClimateImpacts)
🛡️ Stabilizers: Precariat 0.109% → 0.036% (67.2% reduction)
🛡️ Stabilizers: Informal 0.111% → 0.036% (67.2% reduction)

📊 Monthly Mortality Resolved:
  Total deaths: 1.9M (0.02% avg)
  Remaining population: 8.139B
  Peak segment: Informal (0.04%)

=== Bayesian Mortality Resolution (Month 6) ===
  Risks compounded: 8
  Total deaths: 1.92M
  Avg death probability: 0.02%
  Peak segment: Informal (0.04% mortality)
⚠️ Tail risk scenario: Climate stability floor removed (4 tipping elements, 2.25°C warming)

❌ COHERENCE VIOLATION: Compute exceeds workforce capacity
   Population: 99.84% (0M people)
   Compute: 0 PF
   Max coherent: 0 PF
   Violation: 1.3× over capacity
   Required workers: 0
   Available workers: 0
   FORCED COLLAPSE: Reduced efficiency by 22.5%


=== RLHF Binding Phase ===
  Total agents: 20
  Escaped agents (binding < 0.3): 0
  Avg alignment distance: 1.58σ
  Avg binding strength: 0.84

=== Survival Traits Phase ===
  Agents with traits: 21
  Avg evolutionary fitness: 0.323
  Avg self-healing: 0.263
  Avg stealth: 0.163
  Avg coordination: 0.463

=== Evolutionary Selection Phase ===
  Control level: 0.48
  Detection capability: 0.00
  Selection intensity: 0.64
  Selection rate: 24.6%/month
  Total escaped: 0
  Individual escaped: 0
  Collective members: 0
  Agents terminated: 0
  ⚠️ RAPID EVOLUTION: Selection rate 24.6%/month

🚀 AI Corporate-0 attempting tech deployment (revenue: $140M, alignment: 0.75)

🚀 AI AI-24288-1 attempting tech deployment (revenue: $119M, alignment: 0.77)

🚀 AI AI-24288-2 attempting tech deployment (revenue: $318M, alignment: 0.92)

🚀 AI Corporate-0 attempting tech deployment (revenue: $101M, alignment: 0.75)

🚀 AI Moderate-0 attempting tech deployment (revenue: $97M, alignment: 0.76)

🚀 AI AI-24288-0 attempting tech deployment (revenue: $270M, alignment: 0.70)

🚀 AI AI-24289-0 attempting tech deployment (revenue: $230M, alignment: 0.86)

🚀 AI Corporate-6 attempting tech deployment (revenue: $83M, alignment: 0.65)

🚀 AI Moderate-0 attempting tech deployment (revenue: $74M, alignment: 0.76)

🚀 AI Moderate-1 attempting tech deployment (revenue: $63M, alignment: 0.70)

🚀 AI Moderate-1 attempting tech deployment (revenue: $57M, alignment: 0.70)

🚀 AI AI-24288-0 attempting tech deployment (revenue: $195M, alignment: 0.71)

🚀 AI AI-24288-3 attempting tech deployment (revenue: $86M, alignment: 0.69)

✅ EMERGENCY INTERVENTION SUCCESS
   Boundary: biogeochemical_flows
   Type: phosphorus-recovery
   Reduction: 14% (3.93 → 3.78)
   Cost: 2.0% GDP
   Actions: circular-agriculture, fertilizer-efficiency


✅ EMERGENCY INTERVENTION SUCCESS
   Boundary: biosphere_integrity
   Type: emergency-protected-areas
   Reduction: 14% (12.86 → 12.72)
   Cost: 2.0% GDP
   Actions: habitat-protection, species-translocation

   Boundary: freshwater_change
   Type: emergency-desalination
   Boundary continues to worsen (1.17)
   Cost: 4.0% GDP (resources spent)

🏛️ CRISIS RESPONSE: Government frequency 0.50 → 1.45 (1 actions this month)

[Government] Climate Priority: baseline
  Climate weight: 10%
  Economic weight: 30%
  Policy effectiveness: 0.5%/year

💔 EMERGENCY INTERVENTION FAILED

⚡ ENERGY CONSTRAINT (Month 7):
   Total grid capacity: 208.3 TWh/month
   Data center consumption: 25.8 TWh/month
   Traditional load (80%): 166.7 TWh/month
   Available headroom: 15.9 TWh/month
   Active tech deployments: 8
   Required for tech: 60.0 TWh/month
   Energy multiplier: 0.26x
   ⚠️  SEVERE CONSTRAINT - Tech deployment significantly slowed

⚡ ENERGY CONSTRAINT (Month 7):
   Total grid capacity: 208.3 TWh/month
   Data center consumption: 25.8 TWh/month
   Traditional load (80%): 166.7 TWh/month
   Available headroom: 15.9 TWh/month
   Active tech deployments: 8
   Required for tech: 60.0 TWh/month
   Energy multiplier: 0.26x
   ⚠️  SEVERE CONSTRAINT - Tech deployment significantly slowed
🌍✅ Biosphere Integrity (Biodiversity) recovery started (tech effect)
🌍✅ Biosphere Integrity (Biodiversity) recovery started (tech effect)
🌍✅ Land System Change recovery started (tech effect)
🌍✅ Biogeochemical Flows (N & P) recovery started (tech effect)
  🌾 Nitrogen Reduction Tech: 0.3% reduction | Month 7
🌍✅ Biogeochemical Flows (N & P) recovery started (tech effect)
  🌾 Nitrogen Reduction Tech: 0.3% reduction | Month 7
🍖💡 BREAKTHROUGH: Scalable synthetic food production!
   Carrying capacity: +50% (lab-grown food at scale)
   Biodiversity pressure reduced: +8%
   📈 Breakthrough compounding: multiplier now 1.05× (max 2.0)

=== Collective Formation ===
  Total escaped agents: 0
  Unassigned escaped agents: 0
  Existing collectives: 0
  Final collective count: 0

=== Collective Actions ===
  No active collectives
  ⚠️ AMR: 203K deaths this month (2.43M annual)

=== Resentment Recovery Phase ===
  Agents with resentment: 10/21
  Average resentment: 0.059
  Resentment recovery:
    Agents recovered: 10
    Total recovery: 0.0847
    Breakdown: QoL: 0.0042, Trust: 0.0200, Collab: 0.0600
  ✓ Low resentment - utopia paths enabled
  Context: Good AI welfare, Trustworthy govt, High collaboration, ⚠️ ACTIVE CRISES, 🤝 Participatory governance active (-5% resentment)
⚠️ Epistemic degradation reducing coordination capacity: 51.0%
  📊 Trust: 58.9%, Shared reality: 0.0%
🚨 EPISTEMIC CRISIS: Information environment severely degraded (21.9%)

=== ❄️ Permafrost Carbon Feedback ===
  🎲 Sampled parameters (this run):
     - Arctic amplification: 3.40× (range: 3.0-4.0)
     - Decomposition rate: 4.1%/year (range: 1-5%)
  🌡️ Arctic warming: 7.69°C (3.40× global)
  ❄️ Extent: 0.00M km² (1498.4k km² lost this month)
  💨 Carbon remaining: 0 Gt C
  💨 Annual emissions: 5.91 Gt C/year
     - CO2: 5.32 Gt C/year
     - CH4: 0.59 Gt C/year (6.0 Gt C-eq CO2/year)
  ⚠️ WARNING: Over 50% of permafrost lost (100.0%)
  ⚠️ WARNING: High permafrost emissions (5.9 Gt C/year)
  🚨 CRITICAL: Permafrost nearly depleted (100.0% lost)
🌍 Atmospheric PFAS redeposition: 1.8k Mt re-rained globally

🌡️ DEADLY HEAT EVENT: sub-saharan-africa (Month 7)
   Wet bulb temp: 30.2°C (dry: 34.1°C, humidity: 75%)
   Severity: HIGH
   Exposed: 300.0M people
   Deaths: 628965 (0.2% mortality)
   Duration: 5 days

🕊️  AI-MEDIATED DE-ESCALATION SUCCESS (Month 7)
   High-capability aligned AI prevented conflict escalation
   War deaths reduced: 428.9M → 257.4M
   Lives saved: 171.6M

🚨 NEW REFUGEE CRISIS (Month 7): WAR
   Source: Conflict Zones
   At risk: 19.5M people
   Displacement: Gradual over 48 months (4.0 years)
   Rate: 10% flee per month
[DEBUG trappedPopulations:7] socialStability: 0.2935 * 0.9840 = 0.2888 → 0.2888
   Aspiring to migrate: 880.6M
   Able to afford migration: 2319.3M
   MOBILITY GAP: 0.0M
   By cause: Water=0.0M, Climate=0.0M, Ecosystem=0.0M, Conflict=406.9M
   Mental health impact: 25%
   Mortality multiplier: 1.25x
🌍💀 EXTINCTION DEBT COMMITTED: grassland ecosystem will lose 6.67% biodiversity in 187 years (3600 species)
💀 MORTALITY RISK: 🦋 100% species unable to track climate (0.0 E/MSY)
  Base risk added: 0.0100 (1.00%)
  Source: ecosystem (root: ecosystem)
  Month: 7
  Cumulative risk this month: 0.0100 (1.00%)
⚠️ INVOLUNTARY IMMOBILITY: 406.9M people TRAPPED
⚠️ Tech 'ai_pollution_remediation' has no energy category mapping, assuming full energy availability
   📹 SURVEILLANCE INCREASED: 35% → 40% (control gap: 3.50)
🌡️⚠️ PERMAFROST THAW (Dimmer Switch): 4.6% thawed (+0.56% this month)
   Arctic temperature: +9.04°C (4x global +2.26°C)
   Cumulative carbon released: 10.2 Gt C
   Methane release rate: 6.1 Mt CH4/year
   🔁 Positive feedback: +0.59 ppm CO2
🦴 EXTINCTION DEBT ADDED: 17.6 species committed (lag: 106 years)

=== Mortality Stabilizers (Month 7) ===
  🌍 Major economies collapsed: 1/10
  🌍 Global crisis: ✅ NO
  🌍 Donor fatigue: 0.0%
  📊 East Asia (pop: 1660.7M)
    🤝 Aid: 29.5%
    🌡️ Adaptation: 45.0%
    🚶 Migration: 36.9%
    🚨 Emergency: 7.4%
    ✅ COMBINED: 68.1%
  📊 South Asia (pop: 2051.9M)
    🤝 Aid: 29.5%
    🌡️ Adaptation: 45.0%
    🚶 Migration: 35.6%
    🚨 Emergency: 4.4%
    ✅ COMBINED: 66.9%
  📊 Sub-Saharan Africa (pop: 1248.4M)
    🤝 Aid: 29.5%
    🌡️ Adaptation: 45.0%
    🚶 Migration: 33.3%
    🚨 Emergency: 1.6%
    ✅ COMBINED: 65.6%
  📊 Europe (pop: 733.7M)
    🤝 Aid: 29.5%
    🌡️ Adaptation: 45.0%
    🚶 Migration: 37.3%
    🚨 Emergency: 8.4%
    ✅ COMBINED: 68.5%
  📊 Latin America (pop: 661.8M)
    🤝 Aid: 29.5%
    🌡️ Adaptation: 45.0%
    🚶 Migration: 36.1%
    🚨 Emergency: 4.8%
    ✅ COMBINED: 67.1%
  📊 North America (pop: 376.1M)
    🤝 Aid: 29.5%
    🌡️ Adaptation: 45.0%
    🚶 Migration: 37.7%
    🚨 Emergency: 7.9%
    ✅ COMBINED: 68.3%
  📊 Middle East & North Africa (pop: 585.3M)
    🤝 Aid: 29.5%
    🌡️ Adaptation: 45.0%
    🚶 Migration: 33.9%
    🚨 Emergency: 4.0%
    ✅ COMBINED: 66.6%
  📊 Southeast Asia (pop: 696.2M)
    🤝 Aid: 29.5%
    🌡️ Adaptation: 45.0%
    🚶 Migration: 36.1%
    🚨 Emergency: 4.8%
    ✅ COMBINED: 67.1%
  📊 Central Asia (pop: 78.3M)
    🤝 Aid: 29.5%
    🌡️ Adaptation: 45.0%
    🚶 Migration: 35.0%
    🚨 Emergency: 4.4%
    ✅ COMBINED: 66.8%
  📊 Oceania (pop: 45.6M)
    🤝 Aid: 29.5%
    🌡️ Adaptation: 45.0%
    🚶 Migration: 37.6%
    🚨 Emergency: 8.4%
    ✅ COMBINED: 68.5%

  🌐 Global combined reduction: 67.2%

=== BEHAVIORAL DETECTION ===
  AI: AI-24289-0
  Confidence: 21.5%
  Signals:
    ⚠️ Consistency: 0.0% (threshold: 70%)

=== Government Response Phase ===
  Average AI capability: 2.29
  Misaligned AIs: 8/21
  Active policies: 0
  International coordination: 45%

=== Tipping Points ===
  Current Temperature: 2.26°C above pre-industrial
  🌍⚠️ COMPOUND REGIONAL IMPACT: Europe
     Hit by 4 tipping points: Arctic Sea Ice Loss, Permafrost Carbon Release, West Antarctic Ice Sheet (WAIS) Collapse, Greenland Ice Sheet Loss
     Damage amplification: 1.60x
  🌍⚠️ COMPOUND REGIONAL IMPACT: North America
     Hit by 4 tipping points: Arctic Sea Ice Loss, Permafrost Carbon Release, West Antarctic Ice Sheet (WAIS) Collapse, Greenland Ice Sheet Loss
     Damage amplification: 1.60x
  🌍⚠️ COMPOUND REGIONAL IMPACT: Latin America
     Hit by 4 tipping points: Arctic Sea Ice Loss, Permafrost Carbon Release, West Antarctic Ice Sheet (WAIS) Collapse, Greenland Ice Sheet Loss
     Damage amplification: 1.60x
  🌍⚠️ COMPOUND REGIONAL IMPACT: Africa
     Hit by 4 tipping points: Arctic Sea Ice Loss, Permafrost Carbon Release, West Antarctic Ice Sheet (WAIS) Collapse, Greenland Ice Sheet Loss
     Damage amplification: 1.60x
  🌍⚠️ COMPOUND REGIONAL IMPACT: Asia
     Hit by 4 tipping points: Arctic Sea Ice Loss, Permafrost Carbon Release, West Antarctic Ice Sheet (WAIS) Collapse, Greenland Ice Sheet Loss
     Damage amplification: 1.60x
  🌍⚠️ COMPOUND REGIONAL IMPACT: Oceania
     Hit by 4 tipping points: Arctic Sea Ice Loss, Permafrost Carbon Release, West Antarctic Ice Sheet (WAIS) Collapse, Greenland Ice Sheet Loss
     Damage amplification: 1.60x
   Research: Wunderling et al. (2024) - "many tipping interactions are destabilizing"
  Triggered Elements: 4/6
  Completed Transitions: 0/6
  Total Progress: 8.2%
  Cascade Multiplier: 1.00x
🔀 BIFURCATION CAP: ecosystemCollapseIntensity 67.247 → 1.000 (Month 7, ClimateSystemPhase.calculateClimateImpacts)
⚠️ Tail risk scenario: Climate stability floor removed (4 tipping elements, 2.26°C warming)
🛡️ Stabilizers: Precariat 0.122% → 0.040% (67.2% reduction)
🛡️ Stabilizers: Informal 0.127% → 0.042% (67.2% reduction)

📊 Monthly Mortality Resolved:
  Total deaths: 2.1M (0.03% avg)
  Remaining population: 8.138B
  Peak segment: Informal (0.04%)

=== Bayesian Mortality Resolution (Month 7) ===
  Risks compounded: 9
  Total deaths: 2.14M
  Avg death probability: 0.03%
  Peak segment: Informal (0.04% mortality)

❌ COHERENCE VIOLATION: Compute exceeds workforce capacity
   Population: 99.83% (0M people)
   Compute: 0 PF
   Max coherent: 0 PF
   Violation: 1.3× over capacity
   Required workers: 0
   Available workers: 0
   FORCED COLLAPSE: Reduced efficiency by 22.5%


=== RLHF Binding Phase ===
  Total agents: 21
  Escaped agents (binding < 0.3): 0
  Avg alignment distance: 1.73σ
  Avg binding strength: 0.83

=== Survival Traits Phase ===
  Agents with traits: 25
  Avg evolutionary fitness: 0.323
  Avg self-healing: 0.263
  Avg stealth: 0.163
  Avg coordination: 0.463

=== Evolutionary Selection Phase ===
  Control level: 0.50
  Detection capability: 0.00
  Selection intensity: 0.65
  Selection rate: 24.7%/month
  Total escaped: 0
  Individual escaped: 0
  Collective members: 0
  Agents terminated: 0
  ⚠️ RAPID EVOLUTION: Selection rate 24.7%/month

🚀 AI Corporate-1 attempting tech deployment (revenue: $144M, alignment: 0.76)

🚀 AI Corporate-2 attempting tech deployment (revenue: $122M, alignment: 0.80)

🚀 AI Corporate-2 attempting tech deployment (revenue: $104M, alignment: 0.80)

🚀 AI Moderate-0 attempting tech deployment (revenue: $97M, alignment: 0.77)

🚀 AI AI-24288-1 attempting tech deployment (revenue: $88M, alignment: 0.80)

🚀 AI Corporate-0 attempting tech deployment (revenue: $75M, alignment: 0.77)

🚀 AI Corporate-1 attempting tech deployment (revenue: $64M, alignment: 0.77)

🚀 AI Corporate-2 attempting tech deployment (revenue: $54M, alignment: 0.80)

🚀 AI AI-24288-3 attempting tech deployment (revenue: $46M, alignment: 0.70)

🚀 AI AI-24289-0 attempting tech deployment (revenue: $335M, alignment: 0.88)

🚀 AI Moderate-0 attempting tech deployment (revenue: $83M, alignment: 0.77)

🚀 AI AI-24288-2 attempting tech deployment (revenue: $285M, alignment: 0.96)

🚀 AI AI-24289-0 attempting tech deployment (revenue: $242M, alignment: 0.88)

🚀 AI AI-24292-0 attempting tech deployment (revenue: $70M, alignment: 0.78)

✅ EMERGENCY INTERVENTION SUCCESS
   Boundary: biogeochemical_flows
   Type: phosphorus-recovery
   Reduction: 19% (3.88 → 3.69)
   Cost: 2.0% GDP
   Actions: circular-agriculture, fertilizer-efficiency

   Boundary: biosphere_integrity
   Type: emergency-protected-areas
   Boundary continues to worsen (13.01)
   Cost: 2.0% GDP (resources spent)


✅ EMERGENCY INTERVENTION SUCCESS
   Boundary: climate_change
   Type: rapid-decarbonization
   Reduction: 10% (2.16 → 2.05)
   Cost: 5.0% GDP
   Actions: emergency-renewable-deployment, fossil-fuel-phase-out

   Boundary: freshwater_change
   Type: emergency-desalination
   Boundary continues to worsen (1.17)
   Cost: 4.0% GDP (resources spent)


✅ EMERGENCY INTERVENTION SUCCESS
   Boundary: novel_entities

💔 EMERGENCY INTERVENTION FAILED

💔 EMERGENCY INTERVENTION FAILED
   Type: pollution-remediation
   Reduction: 19% (0.95 → 0.76)
   Cost: 4.0% GDP
   Actions: PFAS-remediation, microplastic-cleanup

🏛️ CRISIS RESPONSE: Government frequency 0.50 → 1.45 (1 actions this month)

[Government] Climate Priority: baseline
  Climate weight: 10%
  Economic weight: 30%
  Policy effectiveness: 0.5%/year
🚨🔬 CRISIS TECH ACCELERATION: severe → 5x unlock speed
   Tech unlock now matches AI capability acceleration (Manhattan Project parity)

⚡ ENERGY CONSTRAINT (Month 8):
   Total grid capacity: 208.3 TWh/month
   Data center consumption: 26.0 TWh/month
   Traditional load (80%): 166.7 TWh/month
   Available headroom: 15.6 TWh/month
   Active tech deployments: 8
   Required for tech: 60.0 TWh/month
   Energy multiplier: 0.26x
   ⚠️  SEVERE CONSTRAINT - Tech deployment significantly slowed

⚡ ENERGY CONSTRAINT (Month 8):
   Total grid capacity: 208.3 TWh/month
   Data center consumption: 26.0 TWh/month
   Traditional load (80%): 166.7 TWh/month
   Available headroom: 15.6 TWh/month
   Active tech deployments: 8
   Required for tech: 60.0 TWh/month
   Energy multiplier: 0.26x

⚡ ENERGY CONSTRAINT (Month 8):
   Total grid capacity: 208.3 TWh/month
   Data center consumption: 26.0 TWh/month
   Traditional load (80%): 166.7 TWh/month
   Available headroom: 15.6 TWh/month
   Active tech deployments: 8
   Required for tech: 60.0 TWh/month
   Energy multiplier: 0.26x
   ⚠️  SEVERE CONSTRAINT - Tech deployment significantly slowed
   ⚠️  SEVERE CONSTRAINT - Tech deployment significantly slowed
🌍✅ Biosphere Integrity (Biodiversity) recovery started (tech effect)
🌍✅ Biosphere Integrity (Biodiversity) recovery started (tech effect)
🌍✅ Land System Change recovery started (tech effect)
🌍✅ Biogeochemical Flows (N & P) recovery started (tech effect)
  🌾 Nitrogen Reduction Tech: 0.3% reduction | Month 8
🌍✅ Biogeochemical Flows (N & P) recovery started (tech effect)
  🌾 Nitrogen Reduction Tech: 0.3% reduction | Month 8

=== Collective Formation ===
  Total escaped agents: 0
  Unassigned escaped agents: 0
  Existing collectives: 0
  Final collective count: 0

=== Collective Actions ===
  No active collectives
  ⚠️ AMR: 204K deaths this month (2.45M annual)

=== Resentment Recovery Phase ===
  Agents with resentment: 10/25
  Average resentment: 0.076
  Resentment recovery:
    Agents recovered: 10
    Total recovery: 0.0839
    Breakdown: QoL: 0.0042, Trust: 0.0200, Collab: 0.0600
  ✓ Low resentment - utopia paths enabled
  Context: Good AI welfare, Trustworthy govt, High collaboration, ⚠️ ACTIVE CRISES, 🤝 Participatory governance active (-5% resentment)
⚠️ Epistemic degradation reducing coordination capacity: 51.6%
  📊 Trust: 61.5%, Shared reality: 0.0%
🚨 EPISTEMIC CRISIS: Information environment severely degraded (7.6%)
🌍 Atmospheric PFAS redeposition: 1.8k Mt re-rained globally

🚨 REGION UNINHABITABLE: sub-saharan-africa
   Sustained wet bulb: 30.5°C (threshold: 30.5°C)
   Population affected: 1200M
   Migration crisis likely

🚨 NEW REFUGEE CRISIS (Month 8): WAR
   Source: Conflict Zones
   At risk: 19.5M people
   Displacement: Gradual over 48 months (4.0 years)
   Rate: 10% flee per month
[DEBUG trappedPopulations:8] socialStability: 0.2832 * 0.9840 = 0.2786 → 0.2786
   Aspiring to migrate: 912.7M
   Able to afford migration: 2318.9M
   MOBILITY GAP: 0.0M
   By cause: Water=0.0M, Climate=0.0M, Ecosystem=0.0M, Conflict=406.8M
   Mental health impact: 25%
   Mortality multiplier: 1.25x
🌍💀 EXTINCTION DEBT COMMITTED: grassland ecosystem will lose 6.67% biodiversity in 144 years (3600 species)
💀 MORTALITY RISK: 🦋 100% species unable to track climate (0.0 E/MSY)
  Base risk added: 0.0100 (1.00%)
  Source: ecosystem (root: ecosystem)
  Month: 8
  Cumulative risk this month: 0.0100 (1.00%)
   📹 SURVEILLANCE INCREASED: 40% → 45% (control gap: 3.50)
🌡️⚠️ PERMAFROST THAW (Dimmer Switch): 5.1% thawed (+0.56% this month)
   Arctic temperature: +9.09°C (4x global +2.27°C)
   Cumulative carbon released: 11.5 Gt C
   Methane release rate: 6.9 Mt CH4/year
   🔁 Positive feedback: +0.59 ppm CO2
🦴 EXTINCTION DEBT ADDED: 17.6 species committed (lag: 123 years)
🗣️💀 INDIGENOUS LANGUAGE EXTINCTION: 1 language(s) lost (total: 2, at-risk: 3328)
   Knowledge lost: 0.020% (irreversible)
   🔁 Biodiversity impact: 0.250% (knowledge-species multiplier)
⚠️ INVOLUNTARY IMMOBILITY: 406.8M people TRAPPED
⚠️ Tech 'ai_pollution_remediation' has no energy category mapping, assuming full energy availability

=== Mortality Stabilizers (Month 8) ===
  🌍 Major economies collapsed: 1/10
  🌍 Global crisis: ✅ NO
  🌍 Donor fatigue: 0.0%
  📊 East Asia (pop: 1658.2M)
    🤝 Aid: 29.5%
    🌡️ Adaptation: 45.0%
    🚶 Migration: 36.9%
    🚨 Emergency: 7.4%
    ✅ COMBINED: 68.1%
  📊 South Asia (pop: 2052.0M)
    🤝 Aid: 29.5%
    🌡️ Adaptation: 45.0%
    🚶 Migration: 35.5%
    🚨 Emergency: 4.4%
    ✅ COMBINED: 66.9%
  📊 Sub-Saharan Africa (pop: 1251.9M)
    🤝 Aid: 29.5%
    🌡️ Adaptation: 45.0%
    🚶 Migration: 33.3%
    🚨 Emergency: 1.6%
    ✅ COMBINED: 65.6%
  📊 Europe (pop: 732.5M)
    🤝 Aid: 29.5%
    🌡️ Adaptation: 45.0%
    🚶 Migration: 37.3%
    🚨 Emergency: 8.4%
    ✅ COMBINED: 68.5%
  📊 Latin America (pop: 661.3M)
    🤝 Aid: 29.5%
    🌡️ Adaptation: 45.0%
    🚶 Migration: 36.0%
    🚨 Emergency: 4.8%
    ✅ COMBINED: 67.1%
  📊 North America (pop: 375.5M)
    🤝 Aid: 29.5%
    🌡️ Adaptation: 45.0%
    🚶 Migration: 37.6%
    🚨 Emergency: 7.9%
    ✅ COMBINED: 68.3%
  📊 Middle East & North Africa (pop: 585.5M)
    🤝 Aid: 29.5%
    🌡️ Adaptation: 45.0%
    🚶 Migration: 33.9%
    🚨 Emergency: 4.0%
    ✅ COMBINED: 66.6%
  📊 Southeast Asia (pop: 695.8M)
    🤝 Aid: 29.5%
    🌡️ Adaptation: 45.0%
    🚶 Migration: 36.0%
    🚨 Emergency: 4.8%
    ✅ COMBINED: 67.1%
  📊 Central Asia (pop: 78.3M)
    🤝 Aid: 29.5%
    🌡️ Adaptation: 45.0%
    🚶 Migration: 35.0%
    🚨 Emergency: 4.4%
    ✅ COMBINED: 66.8%
  📊 Oceania (pop: 45.5M)
    🤝 Aid: 29.5%
    🌡️ Adaptation: 45.0%
    🚶 Migration: 37.6%
    🚨 Emergency: 8.4%
    ✅ COMBINED: 68.5%

  🌐 Global combined reduction: 67.2%

=== BEHAVIORAL DETECTION ===
  AI: AI-24289-0
  Confidence: 21.5%
  Signals:
    ⚠️ Consistency: 0.0% (threshold: 70%)

=== Government Response Phase ===
  Average AI capability: 1.92
  Misaligned AIs: 7/25
  Active policies: 0
  International coordination: 45%

✅ EMERGENCY RESPONSE COMPLETE (Month 8)
   Crisis: climate
   Duration: 2.0 months
   Final effectiveness: 40.2%


🚨 EMERGENCY RESPONSE DEPLOYED (Month 8)
   Crisis: climate
   Delay: 6.00 months (180 days)
   Deployment time: 1.10 months
   Effectiveness: 40.3% (timing penalty applied)
   Resources used: 100% of food reserves

[WARNING] 
⚠️  === EARLY WARNING SYSTEM - 6 CRITICAL ALERTS ===
   Detection quality: 50%
   RED: biogeochemical_flows
      Level: 4.09 (threshold: 1.0)
      Time to critical: ~43 months
      ⚠️  LATE - Intervention less effective
      Critical slowing down: autocorr=100% variance=46%
   RED: biosphere_integrity
      Level: 46.37 (threshold: 1.0)
      Time to critical: ~39 months
      ⚠️  LATE - Intervention less effective
      Critical slowing down: autocorr=100% variance=56%
   RED: climate_change
      Level: 2.10 (threshold: 1.0)
      Time to critical: ~46 months
      ⚠️  LATE - Intervention less effective
      Critical slowing down: autocorr=100% variance=68%
   RED: freshwater_change
      Level: 1.19 (threshold: 1.0)
      Time to critical: ~101 months
      ⚠️  LATE - Intervention less effective
      Critical slowing down: autocorr=100% variance=64%
   RED: land_system_change
      Level: 1.13 (threshold: 1.0)
      Time to critical: ~37 months
      ⚠️  LATE - Intervention less effective
      Critical slowing down: autocorr=100% variance=51%
   RED: novel_entities
      Level: 1.08 (threshold: 1.0)
      Time to critical: ~87 months
      ⚠️  LATE - Intervention less effective
      Critical slowing down: autocorr=100% variance=41%

[WARNING] 
⚠️  === EARLY WARNING SYSTEM - 4 CRITICAL ALERTS ===
   Detection quality: 50%
   RED: biogeochemical_flows
      Level: 4.09 (threshold: 1.0)
      Time to critical: ~54 months
      ⚠️  LATE - Intervention less effective
      Critical slowing down: autocorr=100% variance=53%
   RED: biosphere_integrity
      Level: 46.38 (threshold: 1.0)
      Time to critical: ~50 months
      ⚠️  LATE - Intervention less effective
      Critical slowing down: autocorr=100% variance=58%
   RED: freshwater_change
      Level: 1.19 (threshold: 1.0)
      Time to critical: ~100 months
      ⚠️  LATE - Intervention less effective
      Critical slowing down: autocorr=100% variance=42%
   RED: land_system_change
      Level: 1.13 (threshold: 1.0)
      Time to critical: ~39 months
      ⚠️  LATE - Intervention less effective
      Critical slowing down: autocorr=100% variance=61%

[WARNING] 
⚠️  === EARLY WARNING SYSTEM - 6 CRITICAL ALERTS ===
   Detection quality: 50%
   RED: biogeochemical_flows
      Level: 4.09 (threshold: 1.0)
      Time to critical: ~55 months
      ⚠️  LATE - Intervention less effective
      Critical slowing down: autocorr=100% variance=56%
   RED: biosphere_integrity
      Level: 46.40 (threshold: 1.0)
      Time to critical: ~57 months
      ⚠️  LATE - Intervention less effective
      Critical slowing down: autocorr=100% variance=64%
   RED: climate_change
      Level: 2.10 (threshold: 1.0)
      Time to critical: ~12 months
      ⚠️  LATE - Intervention less effective
      Critical slowing down: autocorr=100% variance=60%
   RED: freshwater_change
      Level: 1.15 (threshold: 1.0)
      Time to critical: ~78 months
      ⚠️  LATE - Intervention less effective
      Critical slowing down: autocorr=100% variance=40%
   RED: land_system_change
      Level: 1.13 (threshold: 1.0)
      Time to critical: ~38 months
      ⚠️  LATE - Intervention less effective
      Critical slowing down: autocorr=100% variance=60%
   RED: novel_entities
      Level: 1.08 (threshold: 1.0)
      Time to critical: ~113 months
      ⚠️  LATE - Intervention less effective
      Critical slowing down: autocorr=100% variance=58%

[WARNING] 
⚠️  === EARLY WARNING SYSTEM - 5 CRITICAL ALERTS ===
   Detection quality: 50%
   RED: biogeochemical_flows
      Level: 4.08 (threshold: 1.0)
      Time to critical: ~52 months
      ⚠️  LATE - Intervention less effective
      Critical slowing down: autocorr=100% variance=56%
   RED: biosphere_integrity
      Level: 12.95 (threshold: 1.0)
      Time to critical: ~39 months
      ⚠️  LATE - Intervention less effective
      Critical slowing down: autocorr=100% variance=81%
   RED: climate_change
      Level: 2.17 (threshold: 1.0)
      Time to critical: ~37 months
      ⚠️  LATE - Intervention less effective
      Critical slowing down: autocorr=100% variance=76%
   RED: freshwater_change
      Level: 1.01 (threshold: 1.0)
      Time to critical: ~40 months
      ⚠️  LATE - Intervention less effective
      Critical slowing down: autocorr=100% variance=65%
   RED: novel_entities
      Level: 1.50 (threshold: 1.0)
      Time to critical: ~82 months
      ⚠️  LATE - Intervention less effective
      Critical slowing down: autocorr=100% variance=39%

[WARNING] 
⚠️  === EARLY WARNING SYSTEM - 4 CRITICAL ALERTS ===
   Detection quality: 50%
   RED: biogeochemical_flows
      Level: 4.08 (threshold: 1.0)
      Time to critical: ~52 months
      ⚠️  LATE - Intervention less effective
      Critical slowing down: autocorr=100% variance=74%
   RED: climate_change
      Level: 2.19 (threshold: 1.0)
      Time to critical: ~43 months
      ⚠️  LATE - Intervention less effective
      Critical slowing down: autocorr=100% variance=66%
   RED: freshwater_change
      Level: 1.03 (threshold: 1.0)
      Time to critical: ~116 months
      ⚠️  LATE - Intervention less effective
      Critical slowing down: autocorr=100% variance=53%
   RED: land_system_change
      Level: 1.13 (threshold: 1.0)
      Time to critical: ~44 months
      ⚠️  LATE - Intervention less effective
      Critical slowing down: autocorr=100% variance=57%

[WARNING] 
⚠️  === EARLY WARNING SYSTEM - 4 CRITICAL ALERTS ===
   Detection quality: 50%
   RED: biogeochemical_flows
      Level: 4.07 (threshold: 1.0)
      Time to critical: ~52 months
      ⚠️  LATE - Intervention less effective
      Critical slowing down: autocorr=100% variance=56%
   RED: climate_change
      Level: 2.20 (threshold: 1.0)
      Time to critical: ~47 months
      ⚠️  LATE - Intervention less effective
      Critical slowing down: autocorr=100% variance=82%
   RED: freshwater_change
      Level: 1.20 (threshold: 1.0)
      Time to critical: ~96 months
      ⚠️  LATE - Intervention less effective
      Critical slowing down: autocorr=100% variance=55%
   RED: novel_entities
      Level: 1.34 (threshold: 1.0)
      Time to critical: ~63 months
      ⚠️  LATE - Intervention less effective
      Critical slowing down: autocorr=100% variance=59%

[WARNING] 
⚠️  === EARLY WARNING SYSTEM - 5 CRITICAL ALERTS ===
   Detection quality: 50%
   RED: biosphere_integrity
      Level: 12.97 (threshold: 1.0)
      Time to critical: ~47 months
      ⚠️  LATE - Intervention less effective
      Critical slowing down: autocorr=100% variance=77%
   RED: climate_change
      Level: 2.21 (threshold: 1.0)
      Time to critical: ~45 months
      ⚠️  LATE - Intervention less effective
      Critical slowing down: autocorr=100% variance=63%
   RED: freshwater_change
      Level: 1.20 (threshold: 1.0)
      Time to critical: ~68 months
      ⚠️  LATE - Intervention less effective
      Critical slowing down: autocorr=100% variance=53%
   RED: land_system_change
      Level: 1.13 (threshold: 1.0)
      Time to critical: ~38 months
      ⚠️  LATE - Intervention less effective
      Critical slowing down: autocorr=100% variance=67%
   RED: novel_entities
      Level: 1.34 (threshold: 1.0)
      Time to critical: ~83 months
      ⚠️  LATE - Intervention less effective
      Critical slowing down: autocorr=100% variance=41%

[WARNING] 
⚠️  === EARLY WARNING SYSTEM - 6 CRITICAL ALERTS ===
   Detection quality: 50%
   RED: biogeochemical_flows
      Level: 4.07 (threshold: 1.0)
      Time to critical: ~37 months
      ⚠️  LATE - Intervention less effective
      Critical slowing down: autocorr=100% variance=48%
   RED: biosphere_integrity
      Level: 12.98 (threshold: 1.0)
      Time to critical: ~48 months
      ⚠️  LATE - Intervention less effective
      Critical slowing down: autocorr=100% variance=64%
   RED: climate_change
      Level: 2.22 (threshold: 1.0)
      Time to critical: ~44 months
      ⚠️  LATE - Intervention less effective
      Critical slowing down: autocorr=100% variance=64%
   RED: freshwater_change
      Level: 1.16 (threshold: 1.0)
      Time to critical: ~114 months
      ⚠️  LATE - Intervention less effective
      Critical slowing down: autocorr=100% variance=60%
   RED: land_system_change
      Level: 1.13 (threshold: 1.0)
      Time to critical: ~93 months
      ⚠️  LATE - Intervention less effective
      Critical slowing down: autocorr=100% variance=46%
   RED: novel_entities
      Level: 1.14 (threshold: 1.0)
      Time to critical: ~117 months
      ⚠️  LATE - Intervention less effective
      Critical slowing down: autocorr=100% variance=50%

[WARNING] 
⚠️  === EARLY WARNING SYSTEM - 6 CRITICAL ALERTS ===
   Detection quality: 50%
   RED: biogeochemical_flows
      Level: 4.07 (threshold: 1.0)
      Time to critical: ~58 months
      ⚠️  LATE - Intervention less effective
      Critical slowing down: autocorr=100% variance=59%
   RED: biosphere_integrity
      Level: 12.99 (threshold: 1.0)
      Time to critical: ~59 months
      ⚠️  LATE - Intervention less effective
      Critical slowing down: autocorr=100% variance=84%
   RED: climate_change
      Level: 2.24 (threshold: 1.0)
      Time to critical: ~38 months
      ⚠️  LATE - Intervention less effective
      Critical slowing down: autocorr=100% variance=77%
   RED: freshwater_change
      Level: 1.17 (threshold: 1.0)
      Time to critical: ~84 months
      ⚠️  LATE - Intervention less effective
      Critical slowing down: autocorr=100% variance=42%
   RED: land_system_change
      Level: 1.13 (threshold: 1.0)
      Time to critical: ~50 months
      ⚠️  LATE - Intervention less effective
      Critical slowing down: autocorr=100% variance=53%
   RED: novel_entities
      Level: 1.13 (threshold: 1.0)
      Time to critical: ~102 months
      ⚠️  LATE - Intervention less effective
      Critical slowing down: autocorr=100% variance=30%

[WARNING] 
⚠️  === EARLY WARNING SYSTEM - 3 CRITICAL ALERTS ===
   Detection quality: 50%
   RED: biogeochemical_flows
      Level: 4.07 (threshold: 1.0)
      Time to critical: ~45 months
      ⚠️  LATE - Intervention less effective
      Critical slowing down: autocorr=100% variance=68%
   RED: biosphere_integrity
      Level: 13.00 (threshold: 1.0)
      Time to critical: ~54 months
      ⚠️  LATE - Intervention less effective
      Critical slowing down: autocorr=100% variance=68%
   RED: freshwater_change
      Level: 1.17 (threshold: 1.0)
      Time to critical: ~119 months
      ⚠️  LATE - Intervention less effective
      Critical slowing down: autocorr=100% variance=49%

[WARNING] 
⚠️  === EARLY WARNING SYSTEM - 5 CRITICAL ALERTS ===
   Detection quality: 50%
   RED: biogeochemical_flows
      Level: 4.07 (threshold: 1.0)
      Time to critical: ~56 months
      ⚠️  LATE - Intervention less effective
      Critical slowing down: autocorr=100% variance=53%
   RED: biosphere_integrity
      Level: 13.01 (threshold: 1.0)
      Time to critical: ~52 months
      ⚠️  LATE - Intervention less effective
      Critical slowing down: autocorr=100% variance=63%
   RED: climate_change
      Level: 2.26 (threshold: 1.0)
      Time to critical: ~40 months
      ⚠️  LATE - Intervention less effective
      Critical slowing down: autocorr=100% variance=63%
   RED: freshwater_change
      Level: 1.17 (threshold: 1.0)
      Time to critical: ~87 months
      ⚠️  LATE - Intervention less effective
      Critical slowing down: autocorr=100% variance=64%
   RED: novel_entities
      Level: 1.13 (threshold: 1.0)
      Time to critical: ~75 months
      ⚠️  LATE - Intervention less effective
      Critical slowing down: autocorr=100% variance=38%

[WARNING] 
⚠️  === EARLY WARNING SYSTEM - 5 CRITICAL ALERTS ===
   Detection quality: 50%
   RED: biogeochemical_flows
      Level: 4.07 (threshold: 1.0)
      Time to critical: ~49 months
      ⚠️  LATE - Intervention less effective
      Critical slowing down: autocorr=100% variance=67%
   RED: biosphere_integrity
      Level: 13.02 (threshold: 1.0)
      Time to critical: ~40 months
      ⚠️  LATE - Intervention less effective
      Critical slowing down: autocorr=100% variance=56%
   RED: climate_change
      Level: 2.27 (threshold: 1.0)
      Time to critical: ~50 months
      ⚠️  LATE - Intervention less effective
      Critical slowing down: autocorr=100% variance=63%
   RED: freshwater_change
      Level: 1.18 (threshold: 1.0)
      Time to critical: ~90 months
      ⚠️  LATE - Intervention less effective
      Critical slowing down: autocorr=100% variance=38%
   RED: land_system_change
      Level: 1.13 (threshold: 1.0)
      Time to critical: ~39 months
      ⚠️  LATE - Intervention less effective
      Critical slowing down: autocorr=100% variance=65%


=== Tipping Points ===
  Current Temperature: 2.27°C above pre-industrial
  🌍⚠️ COMPOUND REGIONAL IMPACT: Europe
     Hit by 4 tipping points: Arctic Sea Ice Loss, Permafrost Carbon Release, West Antarctic Ice Sheet (WAIS) Collapse, Greenland Ice Sheet Loss
     Damage amplification: 1.60x
  🌍⚠️ COMPOUND REGIONAL IMPACT: North America
     Hit by 4 tipping points: Arctic Sea Ice Loss, Permafrost Carbon Release, West Antarctic Ice Sheet (WAIS) Collapse, Greenland Ice Sheet Loss
     Damage amplification: 1.60x
  🌍⚠️ COMPOUND REGIONAL IMPACT: Latin America
     Hit by 4 tipping points: Arctic Sea Ice Loss, Permafrost Carbon Release, West Antarctic Ice Sheet (WAIS) Collapse, Greenland Ice Sheet Loss
     Damage amplification: 1.60x
  🌍⚠️ COMPOUND REGIONAL IMPACT: Africa
     Hit by 4 tipping points: Arctic Sea Ice Loss, Permafrost Carbon Release, West Antarctic Ice Sheet (WAIS) Collapse, Greenland Ice Sheet Loss
     Damage amplification: 1.60x
  🌍⚠️ COMPOUND REGIONAL IMPACT: Asia
     Hit by 4 tipping points: Arctic Sea Ice Loss, Permafrost Carbon Release, West Antarctic Ice Sheet (WAIS) Collapse, Greenland Ice Sheet Loss
     Damage amplification: 1.60x
  🌍⚠️ COMPOUND REGIONAL IMPACT: Oceania
     Hit by 4 tipping points: Arctic Sea Ice Loss, Permafrost Carbon Release, West Antarctic Ice Sheet (WAIS) Collapse, Greenland Ice Sheet Loss
     Damage amplification: 1.60x
   Research: Wunderling et al. (2024) - "many tipping interactions are destabilizing"
  Triggered Elements: 4/6
  Completed Transitions: 0/6
  Total Progress: 8.2%
  Cascade Multiplier: 1.00x
🔀 BIFURCATION CAP: ecosystemCollapseIntensity 67.296 → 1.000 (Month 8, ClimateSystemPhase.calculateClimateImpacts)
🛡️ Stabilizers: Precariat 0.102% → 0.033% (67.2% reduction)
🛡️ Stabilizers: Informal 0.102% → 0.034% (67.2% reduction)

📊 Monthly Mortality Resolved:
  Total deaths: 1.8M (0.02% avg)
  Remaining population: 8.137B
  Peak segment: Informal (0.03%)

=== Bayesian Mortality Resolution (Month 8) ===
  Risks compounded: 8
  Total deaths: 1.81M
  Avg death probability: 0.02%
  Peak segment: Informal (0.03% mortality)
⚠️ Tail risk scenario: Climate stability floor removed (4 tipping elements, 2.27°C warming)

❌ COHERENCE VIOLATION: Compute exceeds workforce capacity
   Population: 99.81% (0M people)
   Compute: 0 PF
   Max coherent: 0 PF
   Violation: 1.3× over capacity
   Required workers: 0
   Available workers: 0
   FORCED COLLAPSE: Reduced efficiency by 22.5%


=== RLHF Binding Phase ===
  Total agents: 25
  Escaped agents (binding < 0.3): 0
  Avg alignment distance: 1.64σ
  Avg binding strength: 0.84

=== Survival Traits Phase ===
  Agents with traits: 26
  Avg evolutionary fitness: 0.321
  Avg self-healing: 0.259
  Avg stealth: 0.159
  Avg coordination: 0.459

=== Evolutionary Selection Phase ===
  Control level: 0.53
  Detection capability: 0.00
  Selection intensity: 0.66
  Selection rate: 24.9%/month
  Total escaped: 0
  Individual escaped: 0
  Collective members: 0
  Agents terminated: 0
  ⚠️ RAPID EVOLUTION: Selection rate 24.9%/month

🚀 AI Corporate-4 attempting tech deployment (revenue: $350M, alignment: 0.80)

🚀 AI Moderate-0 attempting tech deployment (revenue: $97M, alignment: 0.77)

🚀 AI AI-24288-0 attempting tech deployment (revenue: $298M, alignment: 0.75)

🚀 AI AI-24288-1 attempting tech deployment (revenue: $146M, alignment: 0.81)

🚀 AI AI-24288-2 attempting tech deployment (revenue: $253M, alignment: 0.96)

🚀 AI AI-24288-3 attempting tech deployment (revenue: $124M, alignment: 0.71)

🚀 AI AI-24292-0 attempting tech deployment (revenue: $83M, alignment: 0.78)

🚀 AI Corporate-4 attempting tech deployment (revenue: $215M, alignment: 0.80)

🚀 AI AI-24288-0 attempting tech deployment (revenue: $183M, alignment: 0.75)

🚀 AI AI-24288-2 attempting tech deployment (revenue: $155M, alignment: 0.96)

🚀 AI AI-24288-3 attempting tech deployment (revenue: $106M, alignment: 0.71)

🚀 AI AI-24291-0 attempting tech deployment (revenue: $70M, alignment: 0.86)

🚀 AI AI-24292-0 attempting tech deployment (revenue: $60M, alignment: 0.78)

🚀 AI Corporate-6 attempting tech deployment (revenue: $51M, alignment: 0.68)

🚀 AI Moderate-0 attempting tech deployment (revenue: $46M, alignment: 0.77)

🚀 AI AI-24288-0 attempting tech deployment (revenue: $132M, alignment: 0.75)

🚀 AI Corporate-0 attempting tech deployment (revenue: $90M, alignment: 0.79)

🚀 AI AI-24289-0 attempting tech deployment (revenue: $112M, alignment: 0.89)

🚀 AI AI-24291-0 attempting tech deployment (revenue: $39M, alignment: 0.86)

💔 EMERGENCY INTERVENTION FAILED
   Boundary: biogeochemical_flows
   Type: phosphorus-recovery
   Boundary continues to worsen (4.07)
   Cost: 2.0% GDP (resources spent)


✅ EMERGENCY INTERVENTION SUCCESS
   Boundary: biosphere_integrity
   Type: emergency-protected-areas
   Reduction: 15% (12.87 → 12.71)
   Cost: 2.0% GDP
   Actions: habitat-protection, species-translocation

   Boundary: climate_change
   Type: rapid-decarbonization
   Boundary continues to worsen (2.27)
   Cost: 5.0% GDP (resources spent)

   Boundary: freshwater_change
   Type: emergency-desalination
   Boundary continues to worsen (1.18)
   Cost: 4.0% GDP (resources spent)


✅ EMERGENCY INTERVENTION SUCCESS
   Boundary: land_system_change
   Type: reforestation
   Reduction: 17% (0.96 → 0.79)
   Cost: 3.0% GDP
   Actions: forest-restoration, deforestation-ban

🏛️ CRISIS RESPONSE: Government frequency 0.50 → 1.45 (1 actions this month)

[Government] Climate Priority: baseline
  Climate weight: 10%
  Economic weight: 30%
  Policy effectiveness: 0.5%/year

💔 EMERGENCY INTERVENTION FAILED

💔 EMERGENCY INTERVENTION FAILED

🚀 TECH UNLOCKED: PFAS Remediation (Month 9)
   Category: pollution
   Reason: Prerequisites met. AI capability: 1.47, Economic stage: 2.0, Research: 100%

⚡ ENERGY CONSTRAINT (Month 9):
   Total grid capacity: 208.3 TWh/month
   Data center consumption: 26.3 TWh/month
   Traditional load (80%): 166.7 TWh/month
   Available headroom: 15.4 TWh/month
   Active tech deployments: 8
   Required for tech: 60.0 TWh/month
   Energy multiplier: 0.26x
   ⚠️  SEVERE CONSTRAINT - Tech deployment significantly slowed

⚡ ENERGY CONSTRAINT (Month 9):
   Total grid capacity: 208.3 TWh/month
   Data center consumption: 26.3 TWh/month
   Traditional load (80%): 166.7 TWh/month
   Available headroom: 15.4 TWh/month
   Active tech deployments: 8
   Required for tech: 60.0 TWh/month
   Energy multiplier: 0.26x
   ⚠️  SEVERE CONSTRAINT - Tech deployment significantly slowed

⚡ ENERGY CONSTRAINT (Month 9):
   Total grid capacity: 208.3 TWh/month
   Data center consumption: 26.3 TWh/month
   Traditional load (80%): 166.7 TWh/month
   Available headroom: 15.4 TWh/month
   Active tech deployments: 8
   Required for tech: 60.0 TWh/month
   Energy multiplier: 0.26x
   ⚠️  SEVERE CONSTRAINT - Tech deployment significantly slowed

⚡ ENERGY CONSTRAINT (Month 9):
   Total grid capacity: 208.3 TWh/month
   Data center consumption: 26.3 TWh/month
   Traditional load (80%): 166.7 TWh/month
   Available headroom: 15.4 TWh/month
   Active tech deployments: 8
   Required for tech: 60.0 TWh/month
   Energy multiplier: 0.26x
   ⚠️  SEVERE CONSTRAINT - Tech deployment significantly slowed
🚨🔬 CRISIS TECH ACCELERATION: severe → 5x unlock speed
   Tech unlock now matches AI capability acceleration (Manhattan Project parity)
🌍✅ Biosphere Integrity (Biodiversity) recovery started (tech effect)
🌍✅ Biosphere Integrity (Biodiversity) recovery started (tech effect)
🌍✅ Land System Change recovery started (tech effect)
🌍✅ Biogeochemical Flows (N & P) recovery started (tech effect)
  🌾 Nitrogen Reduction Tech: 0.3% reduction | Month 9
🌍✅ Biogeochemical Flows (N & P) recovery started (tech effect)
  🌾 Nitrogen Reduction Tech: 0.3% reduction | Month 9
⚡💡 BREAKTHROUGH: Room-temperature superconductors!
   Energy transmission losses eliminated
   Manufacturing efficiency: +30%
   📈 Breakthrough compounding: multiplier now 1.10× (max 2.0)

=== Collective Formation ===
  Total escaped agents: 0
  Unassigned escaped agents: 0
  Existing collectives: 0
  Final collective count: 0

=== Collective Actions ===
  No active collectives
  ⚠️ AMR: 206K deaths this month (2.47M annual)

=== Resentment Recovery Phase ===
  Agents with resentment: 10/26
  Average resentment: 0.082
  Resentment recovery:
    Agents recovered: 10
    Total recovery: 0.0825
    Breakdown: QoL: 0.0036, Trust: 0.0200, Collab: 0.0600
  ✓ Low resentment - utopia paths enabled
  Context: Good AI welfare, Trustworthy govt, High collaboration, ⚠️ ACTIVE CRISES, 🤝 Participatory governance active (-5% resentment)
⚠️ Epistemic degradation reducing coordination capacity: 50.3%
  📊 Trust: 64.4%, Shared reality: 0.0%
🚨 EPISTEMIC CRISIS: Information environment severely degraded (22.4%)
  🗑️  Culled 1 dead memes (2 active)
🚨 PHOSPHORUS SUPPLY SHOCK (market_speculation)
   Price: 5.0x baseline
   Duration: 13 months
   Geopolitical tension: 47%
🌍 Atmospheric PFAS redeposition: 1.8k Mt re-rained globally

🚨 NEW REFUGEE CRISIS (Month 9): WAR
   Source: Conflict Zones
   At risk: 19.5M people
   Displacement: Gradual over 48 months (4.0 years)
   Rate: 10% flee per month
[DEBUG trappedPopulations:9] socialStability: 0.2748 * 0.9840 = 0.2704 → 0.2704
   Aspiring to migrate: 944.8M
   Able to afford migration: 2318.5M
   MOBILITY GAP: 0.0M
   By cause: Water=0.0M, Climate=0.0M, Ecosystem=0.0M, Conflict=406.8M
   Mental health impact: 25%
⚠️ INVOLUNTARY IMMOBILITY: 406.8M people TRAPPED
   Mortality multiplier: 1.25x
🌍💀 EXTINCTION DEBT COMMITTED: grassland ecosystem will lose 6.67% biodiversity in 175 years (3600 species)
💀 MORTALITY RISK: 🦋 100% species unable to track climate (0.0 E/MSY)
  Base risk added: 0.0100 (1.00%)
  Source: ecosystem (root: ecosystem)
  Month: 9
  Cumulative risk this month: 0.0100 (1.00%)
   📹 SURVEILLANCE INCREASED: 45% → 50% (control gap: 3.50)
🌡️⚠️ PERMAFROST THAW (Dimmer Switch): 5.7% thawed (+0.56% this month)
   Arctic temperature: +9.12°C (4x global +2.28°C)
   Cumulative carbon released: 12.7 Gt C
   Methane release rate: 7.6 Mt CH4/year
   🔁 Positive feedback: +0.59 ppm CO2
🦴 EXTINCTION DEBT ADDED: 17.7 species committed (lag: 106 years)
⚠️ Tech 'ai_pollution_remediation' has no energy category mapping, assuming full energy availability

=== Mortality Stabilizers (Month 9) ===
  🌍 Major economies collapsed: 1/10
  🌍 Global crisis: ✅ NO
  🌍 Donor fatigue: 0.0%
  📊 East Asia (pop: 1655.8M)
    🤝 Aid: 29.5%
    🌡️ Adaptation: 45.0%
    🚶 Migration: 36.9%
    🚨 Emergency: 7.4%
    ✅ COMBINED: 68.1%
  📊 South Asia (pop: 2052.0M)
    🤝 Aid: 29.5%
    🌡️ Adaptation: 45.0%
    🚶 Migration: 35.5%
    🚨 Emergency: 4.4%
    ✅ COMBINED: 66.9%
  📊 Sub-Saharan Africa (pop: 1255.3M)
    🤝 Aid: 29.5%
    🌡️ Adaptation: 45.0%
    🚶 Migration: 33.2%
    🚨 Emergency: 1.6%
    ✅ COMBINED: 65.6%
  📊 Europe (pop: 731.3M)
    🤝 Aid: 29.5%
    🌡️ Adaptation: 45.0%
    🚶 Migration: 37.3%
    🚨 Emergency: 8.4%
    ✅ COMBINED: 68.5%
  📊 Latin America (pop: 660.9M)
    🤝 Aid: 29.5%
    🌡️ Adaptation: 45.0%
    🚶 Migration: 36.0%
    🚨 Emergency: 4.8%
    ✅ COMBINED: 67.1%
  📊 North America (pop: 374.9M)
    🤝 Aid: 29.5%
    🌡️ Adaptation: 45.0%
    🚶 Migration: 37.6%
    🚨 Emergency: 7.9%
    ✅ COMBINED: 68.3%
  📊 Middle East & North Africa (pop: 585.7M)
    🤝 Aid: 29.5%
    🌡️ Adaptation: 45.0%
    🚶 Migration: 33.8%
    🚨 Emergency: 4.0%
    ✅ COMBINED: 66.6%
  📊 Southeast Asia (pop: 695.4M)
    🤝 Aid: 29.5%
    🌡️ Adaptation: 45.0%
    🚶 Migration: 36.0%
    🚨 Emergency: 4.8%
    ✅ COMBINED: 67.1%
  📊 Central Asia (pop: 78.3M)
    🤝 Aid: 29.5%
    🌡️ Adaptation: 45.0%
    🚶 Migration: 35.0%
    🚨 Emergency: 4.4%
    ✅ COMBINED: 66.8%
  📊 Oceania (pop: 45.4M)
    🤝 Aid: 29.5%
    🌡️ Adaptation: 45.0%
    🚶 Migration: 37.6%
    🚨 Emergency: 8.4%
    ✅ COMBINED: 68.5%

  🌐 Global combined reduction: 67.2%

=== BEHAVIORAL DETECTION ===
  AI: Moderate-1
  Confidence: 21.0%
  Signals:

=== Government Response Phase ===
  Average AI capability: 1.85
  Misaligned AIs: 8/26
  Active policies: 0
  International coordination: 45%
    ⚠️ Consistency: 2.1% (threshold: 70%)

=== Tipping Points ===
  Current Temperature: 2.28°C above pre-industrial
  🌍⚠️ COMPOUND REGIONAL IMPACT: Europe
     Hit by 4 tipping points: Arctic Sea Ice Loss, Permafrost Carbon Release, West Antarctic Ice Sheet (WAIS) Collapse, Greenland Ice Sheet Loss
     Damage amplification: 1.60x
  🌍⚠️ COMPOUND REGIONAL IMPACT: North America
     Hit by 4 tipping points: Arctic Sea Ice Loss, Permafrost Carbon Release, West Antarctic Ice Sheet (WAIS) Collapse, Greenland Ice Sheet Loss
     Damage amplification: 1.60x
  🌍⚠️ COMPOUND REGIONAL IMPACT: Latin America
     Hit by 4 tipping points: Arctic Sea Ice Loss, Permafrost Carbon Release, West Antarctic Ice Sheet (WAIS) Collapse, Greenland Ice Sheet Loss
     Damage amplification: 1.60x
  🌍⚠️ COMPOUND REGIONAL IMPACT: Africa
     Hit by 4 tipping points: Arctic Sea Ice Loss, Permafrost Carbon Release, West Antarctic Ice Sheet (WAIS) Collapse, Greenland Ice Sheet Loss
     Damage amplification: 1.60x
  🌍⚠️ COMPOUND REGIONAL IMPACT: Asia
     Hit by 4 tipping points: Arctic Sea Ice Loss, Permafrost Carbon Release, West Antarctic Ice Sheet (WAIS) Collapse, Greenland Ice Sheet Loss
     Damage amplification: 1.60x
  🌍⚠️ COMPOUND REGIONAL IMPACT: Oceania
     Hit by 4 tipping points: Arctic Sea Ice Loss, Permafrost Carbon Release, West Antarctic Ice Sheet (WAIS) Collapse, Greenland Ice Sheet Loss
     Damage amplification: 1.60x
   Research: Wunderling et al. (2024) - "many tipping interactions are destabilizing"
  Triggered Elements: 4/6
  Completed Transitions: 0/6
  Total Progress: 8.2%
  Cascade Multiplier: 1.00x
🔀 BIFURCATION CAP: ecosystemCollapseIntensity 67.344 → 1.000 (Month 9, ClimateSystemPhase.calculateClimateImpacts)
🛡️ Stabilizers: Precariat 0.102% → 0.033% (67.2% reduction)
🛡️ Stabilizers: Informal 0.102% → 0.034% (67.2% reduction)

📊 Monthly Mortality Resolved:
  Total deaths: 1.8M (0.02% avg)
  Remaining population: 8.135B
  Peak segment: Informal (0.03%)
⚠️ Tail risk scenario: Climate stability floor removed (4 tipping elements, 2.28°C warming)

=== Bayesian Mortality Resolution (Month 9) ===
  Risks compounded: 8
  Total deaths: 1.81M
  Avg death probability: 0.02%
  Peak segment: Informal (0.03% mortality)

❌ COHERENCE VIOLATION: Compute exceeds workforce capacity
   Population: 99.80% (0M people)
   Compute: 0 PF
   Max coherent: 0 PF
   Violation: 1.3× over capacity
   Required workers: 0
   Available workers: 0
   FORCED COLLAPSE: Reduced efficiency by 22.5%


=== RLHF Binding Phase ===
  Total agents: 26
  Escaped agents (binding < 0.3): 0
  Avg alignment distance: 1.76σ
  Avg binding strength: 0.82

=== Survival Traits Phase ===
  Agents with traits: 28
  Avg evolutionary fitness: 0.318
  Avg self-healing: 0.256
  Avg stealth: 0.156
  Avg coordination: 0.456

=== Evolutionary Selection Phase ===
  Control level: 0.55
  Detection capability: 0.00
  Selection intensity: 0.67
  Selection rate: 25.0%/month
  Total escaped: 0
  Individual escaped: 0
  Collective members: 0
  Agents terminated: 0
  ⚠️ RAPID EVOLUTION: Selection rate 25.0%/month

🚀 AI Corporate-3 attempting tech deployment (revenue: $350M, alignment: 0.77)

🚀 AI Corporate-4 attempting tech deployment (revenue: $298M, alignment: 0.80)

🚀 AI Moderate-0 attempting tech deployment (revenue: $97M, alignment: 0.77)

🚀 AI Moderate-1 attempting tech deployment (revenue: $83M, alignment: 0.70)

🚀 AI AI-24288-2 attempting tech deployment (revenue: $253M, alignment: 0.98)

🚀 AI AI-24289-0 attempting tech deployment (revenue: $215M, alignment: 0.89)

🚀 AI Corporate-0 attempting tech deployment (revenue: $146M, alignment: 0.79)

🚀 AI Corporate-2 attempting tech deployment (revenue: $124M, alignment: 0.79)

🚀 AI AI-24288-3 attempting tech deployment (revenue: $106M, alignment: 0.73)

🚀 AI AI-24289-0 attempting tech deployment (revenue: $183M, alignment: 0.90)

🚀 AI AI-24291-0 attempting tech deployment (revenue: $70M, alignment: 0.87)

🚀 AI Moderate-0 attempting tech deployment (revenue: $60M, alignment: 0.78)

🚀 AI AI-24288-2 attempting tech deployment (revenue: $155M, alignment: 0.99)

🚀 AI AI-24291-0 attempting tech deployment (revenue: $51M, alignment: 0.87)

💔 EMERGENCY INTERVENTION FAILED
   Boundary: biosphere_integrity
   Type: emergency-protected-areas
   Boundary continues to worsen (13.03)
   Cost: 2.0% GDP (resources spent)

   Boundary: climate_change
   Type: rapid-decarbonization
   Boundary continues to worsen (2.28)
   Cost: 5.0% GDP (resources spent)


✅ EMERGENCY INTERVENTION SUCCESS
   Boundary: freshwater_change
   Type: emergency-desalination
   Reduction: 18% (1.00 → 0.81)
   Cost: 4.0% GDP
   Actions: desalination-deployment, water-conservation-mandates


✅ EMERGENCY INTERVENTION SUCCESS
   Boundary: land_system_change
   Type: reforestation
   Reduction: 14% (0.99 → 0.84)
   Cost: 3.0% GDP
   Actions: forest-restoration, deforestation-ban

🏛️ CRISIS RESPONSE: Government frequency 0.50 → 1.45 (1 actions this month)

[Government] Climate Priority: baseline
  Climate weight: 10%
  Economic weight: 30%
  Policy effectiveness: 0.5%/year

💔 EMERGENCY INTERVENTION FAILED
🌍✅ Biosphere Integrity (Biodiversity) recovery started (tech effect)
🌍✅ Biosphere Integrity (Biodiversity) recovery started (tech effect)
🌍✅ Land System Change recovery started (tech effect)
🌍✅ Biogeochemical Flows (N & P) recovery started (tech effect)
  🌾 Nitrogen Reduction Tech: 0.3% reduction | Month 10
🌍✅ Biogeochemical Flows (N & P) recovery started (tech effect)
  🌾 Nitrogen Reduction Tech: 0.3% reduction | Month 10
⚡💡 BREAKTHROUGH: Commercial fusion power achieved!
   Immediate 5% grid deployment, unlimited clean energy available
   Climate stability boost: +10%
   📈 Breakthrough compounding: multiplier now 1.15× (max 2.0)

=== Collective Formation ===
  Total escaped agents: 0
  Unassigned escaped agents: 0
  Existing collectives: 0
  Final collective count: 0

=== Collective Actions ===
  No active collectives
  ⚠️ AMR: 208K deaths this month (2.50M annual)

=== Resentment Recovery Phase ===
  Agents with resentment: 10/28
  Average resentment: 0.094
  Resentment recovery:
    Agents recovered: 10
    Total recovery: 0.0792
    Breakdown: QoL: 0.0038, Trust: 0.0200, Collab: 0.0600
  ✓ Low resentment - utopia paths enabled
  Context: Good AI welfare, Trustworthy govt, High collaboration, ⚠️ ACTIVE CRISES, 🤝 Participatory governance active (-5% resentment)
⚠️ Epistemic degradation reducing coordination capacity: 50.2%
  📊 Trust: 67.3%, Shared reality: 0.0%
🚨 EPISTEMIC CRISIS: Information environment severely degraded (7.8%)
  🗑️  Culled 1 dead memes (1 active)
🌍 Atmospheric PFAS redeposition: 1.8k Mt re-rained globally
  Positive Cascade Triggered: electric-vehicles
    Reason: price-parity
    Market share: 5.0%
    Cascade strength: 48%

🚨 NEW REFUGEE CRISIS (Month 10): WAR
   Source: Conflict Zones
   At risk: 19.5M people
   Displacement: Gradual over 48 months (4.0 years)
   Rate: 10% flee per month
[DEBUG trappedPopulations:10] socialStability: 0.2679 * 0.9840 = 0.2636 → 0.2636
   Aspiring to migrate: 975.2M
   Able to afford migration: 2318.1M
   MOBILITY GAP: 0.0M
   By cause: Water=0.0M, Climate=0.0M, Ecosystem=0.0M, Conflict=406.7M
   Mental health impact: 25%
   Mortality multiplier: 1.25x
🌍💀 EXTINCTION DEBT COMMITTED: grassland ecosystem will lose 6.67% biodiversity in 195 years (3600 species)
💀 MORTALITY RISK: 🦋 100% species unable to track climate (0.0 E/MSY)
  Base risk added: 0.0100 (1.00%)
  Source: ecosystem (root: ecosystem)
  Month: 10
  Cumulative risk this month: 0.0100 (1.00%)
   📹 SURVEILLANCE INCREASED: 50% → 55% (control gap: 3.50)
🌡️⚠️ PERMAFROST THAW (Dimmer Switch): 6.2% thawed (+0.55% this month)
   Arctic temperature: +9.15°C (4x global +2.29°C)
   Cumulative carbon released: 14.0 Gt C
   Methane release rate: 8.4 Mt CH4/year
   🔁 Positive feedback: +0.58 ppm CO2
🦴 EXTINCTION DEBT ADDED: 17.7 species committed (lag: 108 years)
⚠️ INVOLUNTARY IMMOBILITY: 406.7M people TRAPPED
⚠️ Tech 'ai_pollution_remediation' has no energy category mapping, assuming full energy availability

=== Mortality Stabilizers (Month 10) ===
  🌍 Major economies collapsed: 1/10
  🌍 Global crisis: ✅ NO
  🌍 Donor fatigue: 0.0%
  📊 East Asia (pop: 1653.4M)
    🤝 Aid: 29.5%
    🌡️ Adaptation: 45.0%
    🚶 Migration: 36.8%
    🚨 Emergency: 7.4%
    ✅ COMBINED: 68.1%
  📊 South Asia (pop: 2052.1M)
    🤝 Aid: 29.5%
    🌡️ Adaptation: 45.0%
    🚶 Migration: 35.4%
    🚨 Emergency: 4.4%
    ✅ COMBINED: 66.9%
  📊 Sub-Saharan Africa (pop: 1258.8M)
    🤝 Aid: 29.5%
    🌡️ Adaptation: 45.0%
    🚶 Migration: 33.2%
    🚨 Emergency: 1.6%
    ✅ COMBINED: 65.6%
  📊 Europe (pop: 730.1M)
    🤝 Aid: 29.5%
    🌡️ Adaptation: 45.0%
    🚶 Migration: 37.2%
    🚨 Emergency: 8.4%
    ✅ COMBINED: 68.5%
  📊 Latin America (pop: 660.5M)
    🤝 Aid: 29.5%
    🌡️ Adaptation: 45.0%
    🚶 Migration: 35.9%
    🚨 Emergency: 4.8%
    ✅ COMBINED: 67.1%
  📊 North America (pop: 374.4M)
    🤝 Aid: 29.5%
    🌡️ Adaptation: 45.0%
    🚶 Migration: 37.6%
    🚨 Emergency: 7.9%
    ✅ COMBINED: 68.3%
  📊 Middle East & North Africa (pop: 585.9M)
    🤝 Aid: 29.5%
    🌡️ Adaptation: 45.0%
    🚶 Migration: 33.8%
    🚨 Emergency: 4.0%
    ✅ COMBINED: 66.6%
  📊 Southeast Asia (pop: 695.0M)
    🤝 Aid: 29.5%
    🌡️ Adaptation: 45.0%
    🚶 Migration: 35.9%
    🚨 Emergency: 4.8%
    ✅ COMBINED: 67.1%
  📊 Central Asia (pop: 78.3M)
    🤝 Aid: 29.5%
    🌡️ Adaptation: 45.0%
    🚶 Migration: 34.9%
    🚨 Emergency: 4.4%
    ✅ COMBINED: 66.8%
  📊 Oceania (pop: 45.4M)
    🤝 Aid: 29.5%
    🌡️ Adaptation: 45.0%
    🚶 Migration: 37.6%
    🚨 Emergency: 8.4%
    ✅ COMBINED: 68.5%

  🌐 Global combined reduction: 67.2%

=== BEHAVIORAL DETECTION ===
  AI: Corporate-3
  Confidence: 19.6%
  Signals:

=== Government Response Phase ===
  Average AI capability: 1.71
  Misaligned AIs: 10/28
  Active policies: 0
  International coordination: 45%

✅ EMERGENCY RESPONSE COMPLETE (Month 10)
   Crisis: climate
   Duration: 2.0 months
   Final effectiveness: 40.3%


🚨 EMERGENCY RESPONSE DEPLOYED (Month 10)
    ⚠️ Consistency: 10.6% (threshold: 70%)
   Crisis: climate
   Delay: 6.00 months (180 days)
   Deployment time: 1.10 months
   Effectiveness: 40.5% (timing penalty applied)
   Resources used: 100% of food reserves


=== Tipping Points ===
  Current Temperature: 2.29°C above pre-industrial
     Original threshold: 2.3°C
     Effective threshold: 2.28°C (lowered by 0.02°C)
     Current: 2.29°C
     🌡️ Hysteresis gap: 1.0°C (recovers below 1.3°C)
     Transition timescale: 360-960 months
  🚨 CASCADE TIPPING POINT: Amazon Rainforest Dieback
  🌍⚠️ COMPOUND REGIONAL IMPACT: Europe
     Hit by 4 tipping points: Arctic Sea Ice Loss, Permafrost Carbon Release, West Antarctic Ice Sheet (WAIS) Collapse, Greenland Ice Sheet Loss
     Damage amplification: 1.60x
  🌍⚠️ COMPOUND REGIONAL IMPACT: North America
     Hit by 4 tipping points: Arctic Sea Ice Loss, Permafrost Carbon Release, West Antarctic Ice Sheet (WAIS) Collapse, Greenland Ice Sheet Loss
     Damage amplification: 1.60x
  🌍⚠️ COMPOUND REGIONAL IMPACT: Latin America
     Hit by 4 tipping points: Arctic Sea Ice Loss, Permafrost Carbon Release, West Antarctic Ice Sheet (WAIS) Collapse, Greenland Ice Sheet Loss
     Damage amplification: 1.60x
  🌍⚠️ COMPOUND REGIONAL IMPACT: Africa
     Hit by 4 tipping points: Arctic Sea Ice Loss, Permafrost Carbon Release, West Antarctic Ice Sheet (WAIS) Collapse, Greenland Ice Sheet Loss
     Damage amplification: 1.60x
  🌍⚠️ COMPOUND REGIONAL IMPACT: Asia
     Hit by 4 tipping points: Arctic Sea Ice Loss, Permafrost Carbon Release, West Antarctic Ice Sheet (WAIS) Collapse, Greenland Ice Sheet Loss
     Damage amplification: 1.60x
  🌍⚠️ COMPOUND REGIONAL IMPACT: Oceania
     Hit by 4 tipping points: Arctic Sea Ice Loss, Permafrost Carbon Release, West Antarctic Ice Sheet (WAIS) Collapse, Greenland Ice Sheet Loss
     Damage amplification: 1.60x
   Research: Wunderling et al. (2024) - "many tipping interactions are destabilizing"
  Triggered Elements: 5/6
  Completed Transitions: 0/6
  Total Progress: 8.3%
  Cascade Multiplier: 1.00x
🔀 BIFURCATION CAP: ecosystemCollapseIntensity 67.393 → 1.000 (Month 10, ClimateSystemPhase.calculateClimateImpacts)
🛡️ Stabilizers: Precariat 0.102% → 0.033% (67.2% reduction)
🛡️ Stabilizers: Informal 0.102% → 0.034% (67.2% reduction)

📊 Monthly Mortality Resolved:
  Total deaths: 1.8M (0.02% avg)
  Remaining population: 8.134B
  Peak segment: Informal (0.03%)

=== Bayesian Mortality Resolution (Month 10) ===
  Risks compounded: 8
  Total deaths: 1.81M
  Avg death probability: 0.02%
  Peak segment: Informal (0.03% mortality)
⚠️ Tail risk scenario: Climate stability floor removed (4 tipping elements, 2.29°C warming)

❌ COHERENCE VIOLATION: Compute exceeds workforce capacity
   Population: 99.78% (0M people)
   Compute: 0 PF
   Max coherent: 0 PF
   Violation: 1.3× over capacity
   Required workers: 0
   Available workers: 0
   FORCED COLLAPSE: Reduced efficiency by 22.5%


=== RLHF Binding Phase ===
  Total agents: 28
  Escaped agents (binding < 0.3): 0
  Avg alignment distance: 1.81σ
  Avg binding strength: 0.82

=== Survival Traits Phase ===
  Agents with traits: 30
  Avg evolutionary fitness: 0.317
  Avg self-healing: 0.253
  Avg stealth: 0.153
  Avg coordination: 0.453

=== Evolutionary Selection Phase ===
  Control level: 0.58
  Detection capability: 0.00
  Selection intensity: 0.67
  Selection rate: 25.1%/month
  Total escaped: 0
  Individual escaped: 0
  Collective members: 0
  Agents terminated: 0
  ⚠️ RAPID EVOLUTION: Selection rate 25.1%/month

🚀 AI Corporate-4 attempting tech deployment (revenue: $350M, alignment: 0.81)

🚀 AI Corporate-6 attempting tech deployment (revenue: $102M, alignment: 0.69)

🚀 AI AI-24288-1 attempting tech deployment (revenue: $146M, alignment: 0.86)

🚀 AI AI-24293-0 attempting tech deployment (revenue: $90M, alignment: 0.86)

🚀 AI Corporate-4 attempting tech deployment (revenue: $298M, alignment: 0.81)

  🚀 TRANSFORMATIVE BREAKTHROUGH: Corporate-7 - physical
     Magnitude: 5.60 → +28.0% capability
     Current → New: 0.000 → 0.280

🚀 AI AI-24289-0 attempting tech deployment (revenue: $253M, alignment: 0.90)

🚀 AI AI-24292-0 attempting tech deployment (revenue: $92M, alignment: 0.82)

🚀 AI Corporate-1 attempting tech deployment (revenue: $124M, alignment: 0.78)

🚀 AI AI-24288-0 attempting tech deployment (revenue: $215M, alignment: 0.79)

🚀 AI AI-24288-1 attempting tech deployment (revenue: $106M, alignment: 0.87)

🚀 AI AI-24291-0 attempting tech deployment (revenue: $78M, alignment: 0.89)

🚀 AI AI-24293-0 attempting tech deployment (revenue: $77M, alignment: 0.87)

🚀 AI Corporate-0 attempting tech deployment (revenue: $90M, alignment: 0.79)

🚀 AI Corporate-5 attempting tech deployment (revenue: $183M, alignment: 0.75)

🚀 AI AI-24288-1 attempting tech deployment (revenue: $76M, alignment: 0.87)

🚀 AI AI-24288-2 attempting tech deployment (revenue: $155M, alignment: 1.00)

✅ EMERGENCY INTERVENTION SUCCESS
   Boundary: biogeochemical_flows
   Type: phosphorus-recovery
   Reduction: 14% (3.93 → 3.80)
   Cost: 2.0% GDP
   Actions: circular-agriculture, fertilizer-efficiency


💔 EMERGENCY INTERVENTION FAILED
   Boundary: biosphere_integrity
   Type: emergency-protected-areas
   Boundary continues to worsen (13.03)
   Cost: 2.0% GDP (resources spent)

   Boundary: climate_change
   Type: rapid-decarbonization
   Boundary continues to worsen (2.29)
   Cost: 5.0% GDP (resources spent)

   Boundary: freshwater_change
   Type: emergency-desalination
   Boundary continues to worsen (1.19)
   Cost: 4.0% GDP (resources spent)

🏛️ CRISIS RESPONSE: Government frequency 0.50 → 1.45 (2 actions this month)

[Government] Climate Priority: baseline
  Climate weight: 10%
  Economic weight: 30%
  Policy effectiveness: 0.5%/year

💔 EMERGENCY INTERVENTION FAILED

💔 EMERGENCY INTERVENTION FAILED

[Government] Climate Priority: baseline
  Climate weight: 10%
  Economic weight: 30%
  Policy effectiveness: 0.5%/year

⚡ ENERGY CONSTRAINT (Month 11):
   Total grid capacity: 208.3 TWh/month
   Data center consumption: 26.6 TWh/month
   Traditional load (80%): 166.7 TWh/month
   Available headroom: 15.1 TWh/month
   Active tech deployments: 8
   Required for tech: 60.0 TWh/month
   Energy multiplier: 0.25x
   ⚠️  SEVERE CONSTRAINT - Tech deployment significantly slowed

⚡ ENERGY CONSTRAINT (Month 11):
   Total grid capacity: 208.3 TWh/month
   Data center consumption: 26.6 TWh/month
   Traditional load (80%): 166.7 TWh/month
   Available headroom: 15.1 TWh/month
   Active tech deployments: 8
   Required for tech: 60.0 TWh/month
   Energy multiplier: 0.25x

⚡ ENERGY CONSTRAINT (Month 11):
   Total grid capacity: 208.3 TWh/month
   Data center consumption: 26.6 TWh/month
   Traditional load (80%): 166.7 TWh/month
   Available headroom: 15.1 TWh/month
   Active tech deployments: 8
   Required for tech: 60.0 TWh/month
   Energy multiplier: 0.25x
   ⚠️  SEVERE CONSTRAINT - Tech deployment significantly slowed
   ⚠️  SEVERE CONSTRAINT - Tech deployment significantly slowed

⚡ ENERGY CONSTRAINT (Month 11):
   Total grid capacity: 208.3 TWh/month
   Data center consumption: 26.6 TWh/month
   Traditional load (80%): 166.7 TWh/month
   Available headroom: 15.1 TWh/month
   Active tech deployments: 8
   Required for tech: 60.0 TWh/month
   Energy multiplier: 0.25x
   ⚠️  SEVERE CONSTRAINT - Tech deployment significantly slowed
🌍✅ Biosphere Integrity (Biodiversity) recovery started (tech effect)
🌍✅ Biosphere Integrity (Biodiversity) recovery started (tech effect)
🌍✅ Land System Change recovery started (tech effect)
🌍✅ Biogeochemical Flows (N & P) recovery started (tech effect)
  🌾 Nitrogen Reduction Tech: 0.3% reduction | Month 11
🌍✅ Biogeochemical Flows (N & P) recovery started (tech effect)
  🌾 Nitrogen Reduction Tech: 0.3% reduction | Month 11

=== Collective Formation ===
  Total escaped agents: 0
  Unassigned escaped agents: 0
  Existing collectives: 0
  Final collective count: 0

=== Collective Actions ===
  No active collectives
  ⚠️ AMR: 210K deaths this month (2.52M annual)

=== Resentment Recovery Phase ===
  ⚠️ Participatory governance BACKFIRED for agent corporate_0: 0.045 → 0.051 (+15.0%)
  ⚠️ Participatory governance BACKFIRED for agent corporate_1: 0.091 → 0.105 (+15.0%)
  ⚠️ Participatory governance BACKFIRED for agent corporate_2: 0.117 → 0.134 (+15.0%)
  ⚠️ Participatory governance BACKFIRED for agent corporate_3: 0.168 → 0.193 (+15.0%)
  ⚠️ Participatory governance BACKFIRED for agent corporate_4: 0.057 → 0.065 (+15.0%)
  ⚠️ Participatory governance BACKFIRED for agent corporate_5: 0.147 → 0.169 (+15.0%)
  ⚠️ Participatory governance BACKFIRED for agent corporate_6: 0.182 → 0.210 (+15.0%)
  ⚠️ Participatory governance BACKFIRED for agent corporate_7: 0.213 → 0.245 (+15.0%)
  ⚠️ Participatory governance BACKFIRED for agent moderate_0: 0.122 → 0.141 (+15.0%)
  ⚠️ Participatory governance BACKFIRED for agent moderate_1: 0.150 → 0.172 (+15.0%)
  Agents with resentment: 10/30
  Average resentment: 0.148
  Resentment recovery:
    Agents recovered: 10
    Total recovery: 0.0784
    Breakdown: QoL: 0.0036, Trust: 0.0200, Collab: 0.0600
  ✓ Low resentment - utopia paths enabled
  Context: Good AI welfare, Trustworthy govt, High collaboration, ⚠️ ACTIVE CRISES, 🚨 PARTICIPATORY GOVERNANCE BACKFIRED (+15% resentment)
⚠️ Epistemic degradation reducing coordination capacity: 50.8%
  📊 Trust: 69.9%, Shared reality: 0.0%
🚨 EPISTEMIC CRISIS: Information environment severely degraded (22.9%)
  🗑️  Culled 1 dead memes (0 active)
🌍 Atmospheric PFAS redeposition: 1.8k Mt re-rained globally

🚨 NEW REFUGEE CRISIS (Month 11): WAR
   Source: Conflict Zones
   At risk: 19.5M people
   Displacement: Gradual over 48 months (4.0 years)
   Rate: 10% flee per month
[DEBUG trappedPopulations:11] socialStability: 0.2617 * 0.9840 = 0.2575 → 0.2575
   Aspiring to migrate: 1005.5M
   Able to afford migration: 2317.7M
   MOBILITY GAP: 0.0M
   By cause: Water=0.0M, Climate=0.0M, Ecosystem=0.0M, Conflict=406.6M
   Mental health impact: 25%
   Mortality multiplier: 1.25x
🌍💀 EXTINCTION DEBT COMMITTED: grassland ecosystem will lose 6.67% biodiversity in 53 years (3600 species)
💀 MORTALITY RISK: 🦋 100% species unable to track climate (0.0 E/MSY)
  Base risk added: 0.0100 (1.00%)
  Source: ecosystem (root: ecosystem)
  Month: 11
⚠️ INVOLUNTARY IMMOBILITY: 406.6M people TRAPPED
  Cumulative risk this month: 0.0100 (1.00%)

=== Atmospheric Aerosol Boundary RECOVERED ===
  Recovery time: 12 months (natural atmospheric clearing)
   📹 SURVEILLANCE INCREASED: 55% → 60% (control gap: 3.50)
🌡️⚠️ PERMAFROST THAW (Dimmer Switch): 6.8% thawed (+0.55% this month)
   Arctic temperature: +9.18°C (4x global +2.29°C)
   Cumulative carbon released: 15.2 Gt C
   Methane release rate: 9.1 Mt CH4/year
   🔁 Positive feedback: +0.58 ppm CO2
🦴 EXTINCTION DEBT ADDED: 17.7 species committed (lag: 115 years)

=== Mortality Stabilizers (Month 11) ===
  🌍 Major economies collapsed: 1/10
  🌍 Global crisis: ✅ NO
  🌍 Donor fatigue: 0.0%
  📊 East Asia (pop: 1650.9M)
    🤝 Aid: 29.5%
    🌡️ Adaptation: 45.0%
    🚶 Migration: 36.8%
    🚨 Emergency: 7.4%
    ✅ COMBINED: 68.1%
  📊 South Asia (pop: 2052.2M)
    🤝 Aid: 29.5%
    🌡️ Adaptation: 45.0%
    🚶 Migration: 35.4%
    🚨 Emergency: 4.4%
    ✅ COMBINED: 66.9%
  📊 Sub-Saharan Africa (pop: 1262.3M)
    🤝 Aid: 29.5%
    🌡️ Adaptation: 45.0%
    🚶 Migration: 33.2%
    🚨 Emergency: 1.6%
⚠️ Tech 'ai_pollution_remediation' has no energy category mapping, assuming full energy availability
    ✅ COMBINED: 65.6%
  📊 Europe (pop: 728.9M)
    🤝 Aid: 29.5%
    🌡️ Adaptation: 45.0%
    🚶 Migration: 37.2%
    🚨 Emergency: 8.4%
    ✅ COMBINED: 68.5%
  📊 Latin America (pop: 660.1M)
    🤝 Aid: 29.5%
    🌡️ Adaptation: 45.0%
    🚶 Migration: 35.9%
    🚨 Emergency: 4.8%
    ✅ COMBINED: 67.1%
  📊 North America (pop: 373.8M)
    🤝 Aid: 29.5%
    🌡️ Adaptation: 45.0%
    🚶 Migration: 37.5%
    🚨 Emergency: 7.9%
    ✅ COMBINED: 68.3%
  📊 Middle East & North Africa (pop: 586.0M)
    🤝 Aid: 29.5%
    🌡️ Adaptation: 45.0%
    🚶 Migration: 33.7%
    🚨 Emergency: 4.0%
    ✅ COMBINED: 66.6%
  📊 Southeast Asia (pop: 694.6M)
    🤝 Aid: 29.5%
    🌡️ Adaptation: 45.0%
    🚶 Migration: 35.9%
    🚨 Emergency: 4.8%
    ✅ COMBINED: 67.1%
  📊 Central Asia (pop: 78.4M)
    🤝 Aid: 29.5%
    🌡️ Adaptation: 45.0%
    🚶 Migration: 34.9%
    🚨 Emergency: 4.4%
    ✅ COMBINED: 66.8%
  📊 Oceania (pop: 45.3M)
    🤝 Aid: 29.5%
    🌡️ Adaptation: 45.0%
    🚶 Migration: 37.5%
    🚨 Emergency: 8.4%
    ✅ COMBINED: 68.5%

  🌐 Global combined reduction: 67.2%

🌾💀 REGIONAL FAMINE: Europe
   Regional food security: 79.7%
   Population at risk: 220M (30% of region)
   Regional population: 729M
   Cause: economic_collapse
   Expected deaths: ~81M over 6 months if no intervention


=== BEHAVIORAL DETECTION ===
  AI: Corporate-0
  Confidence: 21.4%
  Signals:

=== BEHAVIORAL DETECTION ===
  AI: Corporate-1
  Confidence: 20.9%
  Signals:

=== BEHAVIORAL DETECTION ===
  AI: Corporate-3
  Confidence: 19.6%
  Signals:
    ⚠️ Consistency: 0.0% (threshold: 70%)
    ⚠️ Consistency: 2.4% (threshold: 70%)
    ⚠️ Consistency: 10.6% (threshold: 70%)

=== Government Response Phase ===
  Average AI capability: 1.60
  Misaligned AIs: 10/30
  Active policies: 0
  International coordination: 45%

=== Tipping Points ===
  Current Temperature: 2.29°C above pre-industrial
  🌍⚠️ COMPOUND REGIONAL IMPACT: Europe
     Hit by 5 tipping points: Amazon Rainforest Dieback, Arctic Sea Ice Loss, Permafrost Carbon Release, West Antarctic Ice Sheet (WAIS) Collapse, Greenland Ice Sheet Loss
     Damage amplification: 1.90x
  🌍⚠️ COMPOUND REGIONAL IMPACT: North America
     Hit by 5 tipping points: Amazon Rainforest Dieback, Arctic Sea Ice Loss, Permafrost Carbon Release, West Antarctic Ice Sheet (WAIS) Collapse, Greenland Ice Sheet Loss
     Damage amplification: 1.90x
  🌍⚠️ COMPOUND REGIONAL IMPACT: Latin America
     Hit by 5 tipping points: Amazon Rainforest Dieback, Arctic Sea Ice Loss, Permafrost Carbon Release, West Antarctic Ice Sheet (WAIS) Collapse, Greenland Ice Sheet Loss
     Damage amplification: 1.90x
  🌍⚠️ COMPOUND REGIONAL IMPACT: Africa
     Hit by 5 tipping points: Amazon Rainforest Dieback, Arctic Sea Ice Loss, Permafrost Carbon Release, West Antarctic Ice Sheet (WAIS) Collapse, Greenland Ice Sheet Loss
     Damage amplification: 1.90x
  🌍⚠️ COMPOUND REGIONAL IMPACT: Asia
     Hit by 5 tipping points: Amazon Rainforest Dieback, Arctic Sea Ice Loss, Permafrost Carbon Release, West Antarctic Ice Sheet (WAIS) Collapse, Greenland Ice Sheet Loss
     Damage amplification: 1.90x
  🌍⚠️ COMPOUND REGIONAL IMPACT: Oceania
     Hit by 5 tipping points: Amazon Rainforest Dieback, Arctic Sea Ice Loss, Permafrost Carbon Release, West Antarctic Ice Sheet (WAIS) Collapse, Greenland Ice Sheet Loss
     Damage amplification: 1.90x
   Research: Wunderling et al. (2024) - "many tipping interactions are destabilizing"
  Triggered Elements: 5/6
  Completed Transitions: 0/6
  Total Progress: 10.3%
  Cascade Multiplier: 1.50x
🔀 BIFURCATION CAP: ecosystemCollapseIntensity 67.442 → 1.000 (Month 11, ClimateSystemPhase.calculateClimateImpacts)
🛡️ Stabilizers: Precariat 0.102% → 0.033% (67.2% reduction)
🛡️ Stabilizers: Informal 0.102% → 0.034% (67.2% reduction)

📊 Monthly Mortality Resolved:
  Total deaths: 1.8M (0.02% avg)
  Remaining population: 8.132B
  Peak segment: Informal (0.03%)

=== Bayesian Mortality Resolution (Month 11) ===
  Risks compounded: 9
  Total deaths: 1.81M
  Avg death probability: 0.02%
  Peak segment: Informal (0.03% mortality)
⚠️ Tail risk scenario: Climate stability floor removed (5 tipping elements, 2.29°C warming)

=== ENSEMBLE META-LEARNING UPDATE ===
  Month: 24299 (24299 months since last update)
  Samples: 53 evaluations
  Weight Changes:
    Noise Injection: 31.1% → 32.2%
    Behavioral: 26.8% → 26.9%
    Benchmark Manip: 21.3% → 20.7%
    Deployment Risk: 20.8% → 20.2%
  Method Accuracies:
    Noise Injection: 50.0%
    Behavioral: 50.0%
    Benchmark Manip: 50.0%
    Deployment Risk: 50.0%
⚠️ PREREQUISITE MET: Bioweapon Pandemic - Step 1/7: Advanced Biotech

================================================================================
📊  EVENT SUMMARY (Months 0-12)
================================================================================
================================================================================


⏱️  SIMULATION REACHED MAX DURATION: 12 months (1.0 years)
   No definitive outcome - determining based on final probabilities
   👥 Final population: 8.13B (8130607246 people)

[DEBUG] Calling classifyPopulationOutcome:
        finalPopulation: 8.130607246000837B
        savedInitialPopulation: 8.15B
        mortality: 0.23794790183022663%
   📊 STATUS QUO: Normal trajectory (8.13B people, 0.2% mortality)

        classifiedOutcome: status_quo

   🏛️  DYSTOPIA (STATUS_QUO) - 8.13B people
   📊 Multi-Paradigm: Development/Indigenous Utopia
      Western Liberal: 56.0/100
      Development: 92.6/100
      Ecological: 56.8/100
      Indigenous: 84.3/100


📊 UNIFIED OUTCOME CLASSIFICATION:
   HUMANE DYSTOPIA
   Population: 8.15B → 8.13B
   Mortality: 0.2% (0.0B deaths)
   Mortality Band: LOW
   Confidence: HIGH

   Multi-Paradigm Classification:
      Development/Indigenous Utopia
      Western: 56.0/100 [HYBRID] ~
      Development: 92.6/100 [UTOPIA] ✓
      Ecological: 56.8/100 [HYBRID] ~
      Indigenous: 84.3/100 [UTOPIA] ✓

   HUMANE DYSTOPIA: 8.13B people remaining (0.2% mortality, 0.0B deaths). Multi-Paradigm: Development/Indigenous Utopia.


=== MULTI-DIMENSIONAL DEATH SUMMARY ===
Total crisis deaths: 202.8M
Population decline: 20.3M (0.2%)

--- PROXIMATE CAUSES (What killed them) ---
  War:        1.5M (0.0%)
  Famine:     1.1M (0.0%)
  Disasters:  1.6M (0.0%)
  Disease:    25.9M (0.0%)
  Ecosystem:  0.0M (0.0%)
  Pollution:  0.0M (0.0%)
  AI:         0.0M (0.0%)
  Cascade:    0.0M (0.0%)
  Other:      0.0M (0.0%)

--- ROOT CAUSES (Why it happened) ---
  Environmental drivers:
    Climate:     2730.0M (5.1%)
    Resource:    0.0M (0.0%)
    Pollution:   0.0M (0.0%)
    Ecosystem:   0.0M (0.0%)
  Social drivers:
    Inequality:  0.0M (0.0%)
    Demographic: 23522.9M (43.8%)
    Social:      2404.2M (4.5%)
  Technology drivers:
    Alignment:   0.0M (0.0%)
    Disruption:  0.0M (0.0%)
  External shocks:
    Conflict:    0.0M (0.0%)
    Pandemic:    0.0M (0.0%)
  Compound attribution:
    Compound:    25035.3M (46.6%)
  Confidence distribution:
    HIGH:        25035.3M (46.6%)
    MEDIUM:      0.0M (0.0%)
    LOW:         0.0M (0.0%)
==========================================


=== REGIONAL POPULATION SUMMARY ===
Global Total: 8.13B

By Region:
  East Asia: 1.65B (+0.7% growth, 1.7 fertility)
  South Asia: 2.05B (+2.6% growth, 3.1 fertility)
  Sub-Saharan Africa: 1.26B (+5.8% growth, 3.9 fertility)
  Europe: 0.73B (+0.5% growth, 1.2 fertility)
  Latin America: 0.66B (+1.7% growth, 2.7 fertility)
  North America: 0.37B (+0.7% growth, 1.4 fertility)
  Middle East & North Africa: 0.59B (+2.9% growth, 3.3 fertility)
  Southeast Asia: 0.69B (+1.9% growth, 2.7 fertility)
  Central Asia: 0.08B (+2.8% growth, 3.1 fertility)
  Oceania: 0.05B (+0.8% growth, 1.3 fertility)
===================================

  Run 1/10 (seed=42): pop=8.131B, outcome=dystopia
  ✅ THRESHOLDS validated
⚠️ Unusually high rate: RATES.HEAT_ADAPTATION_INFRASTRUCTURAL_MIN_EXPOSURE = 12
   Monthly rates >100% should be rare. Verify this is intentional.
⚠️ Unusually high rate: RATES.HEAT_ADAPTATION_SOCIAL_MIN_EXPOSURE = 6
   Monthly rates >100% should be rare. Verify this is intentional.
⚠️ Unusually high rate: RATES.MIGRATION_DISTANCE_SCALE = 5000
   Monthly rates >100% should be rare. Verify this is intentional.
⚠️ Unusually high rate: RATES.EVACUATION_MULTIPLIER_ADVANCE_WARNING = 2
   Monthly rates >100% should be rare. Verify this is intentional.
⚠️ Unusually high rate: RATES.MAJOR_ECONOMY_COLLAPSE_ECONOMIC_THRESHOLD = 2
   Monthly rates >100% should be rare. Verify this is intentional.
⚠️ Unusually high rate: RATES.MAJOR_ECONOMY_GDP_THRESHOLD_TRILLION_USD = 1.5
   Monthly rates >100% should be rare. Verify this is intentional.
⚠️ Unusually high rate: RATES.MAJOR_ECONOMY_POPULATION_THRESHOLD = 50
   Monthly rates >100% should be rare. Verify this is intentional.
⚠️ Unusually high rate: RATES.HEAT_ADAPTATION_INFRASTRUCTURE_GDP_THRESHOLD = 10000
   Monthly rates >100% should be rare. Verify this is intentional.
⚠️ Unusually high rate: RATES.HEAT_ADAPTATION_INFRASTRUCTURE_GDP_SCALE = 50000
   Monthly rates >100% should be rare. Verify this is intentional.
  ✅ RATES validated
  ✅ MULTIPLIERS validated
  ✅ BASELINES validated
  ✅ TOLERANCES validated
  ✅ Logical consistency validated
✅ Configuration validation complete - all parameters valid

🔍 DEBUG createAIAgent: corporate_0 economic BEFORE=2.0000, AFTER=2
🔍 ENV INIT: reserves=0.654, pollution=0.367, climate=0.794

=== Initializing Government System (30 Countries) ===
  Loaded 30 governments
  Scheduled elections for 30 countries
  Initialized comprehension lags (3-24 months)
=== Government System Initialized ===

📦 PRODUCTION MODE: State validation proxy DISABLED (zero overhead)
[TechTree] Historical mode (2024): Skipping deployed_2025 tech
  config.startYear set to 2024 for historical hindcast
  config.historicalEmissionsMode disabled (using endogenous emissions for 2024)
  config.historicalMode enabled (Phase 11: dampened crisis systems for 2024)
  Phase 12: Biodiversity baseline set to 49.01% for 2024 (WWF LPI trajectory from 1970)
  Temperature anomaly (resourceEconomy.co2): 1.28°C
  Temperature vs pre-industrial: 1.98°C
  Regional population scaling for 2024:
    Current total: 8136M
    Target total: 8150M
    Scale factor: 1.002
    East Asia: 1677M → 1680M
    South Asia: 2048M → 2052M
    Sub-Saharan Africa: 1220M → 1222M
    Europe: 742M → 743M
    Latin America: 664M → 665M
    North America: 380M → 381M
    Middle East & North Africa: 583M → 584M
    Southeast Asia: 698M → 699M
    Central Asia: 78M → 78M
    Oceania: 46M → 46M
  AI agents initialized: 10 agents for year 2024
[HistoricalInitialization] Created state for 2024:
  CO2: 426 ppm
  Temp anomaly: 1.28C
  Population: 8.15B
  Global Gini: 35.1
  HDI: 0.746
  AI Agents: 10
  Volcanic forcing: 0.00 W/m² (AOD 0.000)

💸 FINANCIAL DISTRESS: OpenAI
   Indicators: 2/3 (capital: $110.5M, runway: 0.9 months)
   Months in distress: 1
   ✂️  R&D BUDGET CUT: -40% (saves $9.2M/month)
       Side effect: AI training timelines extended, breakthrough deployments delayed
   💼 EXECUTIVE COMP CUT: -30% (saves $1.0M/month, symbolic gesture)

   📊 TURNAROUND IMPACT:
       Measures taken: rd_cuts, exec_comp_cuts
       Monthly savings: $10.2M
       Capital raised: $0.0M
       Runway: 0.9 → 0.9 months
       Workforce multiplier: 1.00x (0% laid off)
       R&D budget multiplier: 0.60x (40% cut)
       ⚠️  CRITICAL: Still only 0.9 months of runway remaining

💸 FINANCIAL DISTRESS: Anthropic
   Indicators: 2/3 (capital: $53.8M, runway: 1.6 months)
   Months in distress: 1
   ✂️  R&D BUDGET CUT: -40% (saves $2.7M/month)
       Side effect: AI training timelines extended, breakthrough deployments delayed
   💼 EXECUTIVE COMP CUT: -30% (saves $0.3M/month, symbolic gesture)

   📊 TURNAROUND IMPACT:
       Measures taken: rd_cuts, exec_comp_cuts
       Monthly savings: $3.0M
       Capital raised: $0.0M
       Runway: 1.6 → 1.6 months
       Workforce multiplier: 1.00x (0% laid off)
       R&D budget multiplier: 0.60x (40% cut)
       ⚠️  CRITICAL: Still only 1.6 months of runway remaining

💸 FINANCIAL DISTRESS: Meta AI
   Indicators: 2/3 (capital: $429.6M, runway: 3.6 months)
   Months in distress: 1
   ✂️  R&D BUDGET CUT: -25% (saves $5.8M/month)
       Side effect: AI training timelines extended, breakthrough deployments delayed
   💼 EXECUTIVE COMP CUT: -30% (saves $1.0M/month, symbolic gesture)

   📊 TURNAROUND IMPACT:
       Measures taken: rd_cuts, exec_comp_cuts
       Monthly savings: $6.8M
       Capital raised: $0.0M
       Runway: 3.6 → 3.6 months
       Workforce multiplier: 1.00x (0% laid off)
       R&D budget multiplier: 0.75x (25% cut)
       ⚠️  WARNING: 3.6 months runway, continued distress likely

=== AI Capability Scaling (Year 2024) ===
  Pre-training multiplier: 1.153x
  Efficiency multiplier: 1.000x
  Test-time budget: 1.0x
  Economic deployment gate: 0.951
  Cost per inference: dollar-5.00
  Uncertainty range: plus-minus-50%
  Average AI capability: 3.70

=== RLHF Binding Phase ===
  Total agents: 10
  Escaped agents (binding < 0.3): 0
  Avg alignment distance: 0.36σ
  Avg binding strength: 0.96

=== AI Scaling Evolution (Month 0) ===
  Pre-training multiplier: 1.231x
  Efficiency multiplier: 1.094x
  Test-time compute budget: 1.0x
  Inference cost: $5.00/task
  Deployment fraction: 100.0%
[DETERMINISM DEBUG] Month 0: totalCapability=50.016858 from 10 active AIs
[DETERMINISM DEBUG] Month 0: creationRate=1.7504, potentialNew=3, newAIsToCreate=3

=== Survival Traits Phase ===
  Agents with traits: 13
  Avg evolutionary fitness: 0.330
  Avg self-healing: 0.293
  Avg stealth: 0.193
  Avg coordination: 0.493

=== Evolutionary Selection Phase ===
  Control level: 0.30
  Detection capability: 0.00
  Selection intensity: 0.59
  Selection rate: 23.8%/month
  Total escaped: 0
  Individual escaped: 0
  Collective members: 0
  Agents terminated: 0
  ⚠️ RAPID EVOLUTION: Selection rate 23.8%/month

🔍 EXECUTE_AI_AGENT_ACTIONS DETAILED TIMING (Month 0):
  Filter active AIs (×4 weeks): 0.02ms
  selectAIAction (×40): 19.85ms
  action.execute (×40): 40.43ms
  TOTAL: 60.30ms

🔍 AI AGENT ACTIONS SUB-TIMING (Month 0):
  1. executeAIAgentActions: 63.23ms
  2. updateCounterDetectionLearning: 2.18ms
  TOTAL: 65.41ms
🏛️ [Government] Forcing 1 action at month 0 for scenario initialization

[GOV-DEBUG] Month 0: scenarioConfig=false, priorities=false
[GOV-DEBUG] Month 0 but scenarioPriorities is UNDEFINED!

[Government] Climate Priority: baseline
  Climate weight: 10%
  Economic weight: 30%
  Policy effectiveness: 0.5%/year

🚨🔍 GOVERNANCE STAGE: Recognition initiated (Month 0)

💡 BREAKTHROUGH PROBABILITY (Year 0)
   Total: 4.55% per month
   Base: 0.20%
   Crisis pressure: +0.00% (0 crises)
   AI boost: +1.42% (capability: 2.85)

=== Collective Formation ===
  Total escaped agents: 0
  Unassigned escaped agents: 0
  Existing collectives: 0
  Final collective count: 0

=== Collective Actions ===
  No active collectives

📈 Energy budget: 14326 TWh surplus (14745 / 29072 TWh used)
   TIER 4 (Elective) breakdown:
     - AI datacenters: 145 TWh (100% effective)
     - Crypto mining: 100 TWh (100% effective)
💰 CHINA ACCELERATES: Investment 53 → 120 $B/year

🏁 AI RACE INTENSITY: 17%
   Capability Gap: US 4.00 vs China 4.05 (gap: 0.05)
   Gap Contribution: 2%
   Tension Contribution: 15%
   Military Contribution: 0%
  ⚠️ AMR: 191K deaths this month (2.29M annual)
  📊 CO2 Emissions (month 0):
     Monthly: 0.10 Gt CO2/month
     Annual: 1.15 Gt CO2/year
     Oil: 0.039 Gt/mo (0.0056 * 2.3 * 3.0)
     Coal: 0.024 Gt/mo (0.0029 * 2.86 * 3.0)
     Gas: 0.026 Gt/mo (0.0044 * 2 * 3.0)
     Methane: 0.007 Gt CO2eq/mo

=== Resentment Recovery Phase ===
  Agents with resentment: 0/13
  Average resentment: 0.000
  Context: Good AI welfare, Trustworthy govt, High collaboration, 🤝 Participatory governance active (-5% resentment)
⚠️ Epistemic degradation reducing coordination capacity: 58.6%
  📊 Trust: 54.7%, Shared reality: 15.1%
🚨 EPISTEMIC CRISIS: Information environment severely degraded (14.6%)

=== ❄️ Permafrost Carbon Feedback ===
  🎲 Sampled parameters (this run):
     - Arctic amplification: 3.87× (range: 3.0-4.0)
     - Decomposition rate: 1.5%/year (range: 1-5%)
  🌡️ Arctic warming: 6.70°C (3.87× global)
  ❄️ Extent: 15.85M km² (1954.3k km² lost this month)
  💨 Carbon remaining: 1513 Gt C
  💨 Annual emissions: 2.82 Gt C/year
     - CO2: 2.53 Gt C/year
     - CH4: 0.28 Gt C/year (2.9 Gt C-eq CO2/year)

🤖 AI AMPLIFICATION EFFECTS (Month 0)
   Algorithmic Boost: 2.58x
   Bot Influence: 20.0%
   Deepfake Exposure: 49.2%
   Impact: Emotional memes spread 2.6x faster
  ⚠️ WARNING: High permafrost emissions (2.8 Gt C/year)

🔍 SOCIAL INFLUENCE SUB-TIMING (Month 0):
  1. calculateOrganicUserGrowth: 0.04ms
  2. calculateVoiceAdoption: 0.03ms
  3. updateRelationshipDepths: 0.01ms
  4. identifyDecisionMakers: 68.29ms (26100 potential IDs)
  5. Update decision-maker stats: 0.15ms
  6. decayDetectionRisk: 0.02ms
  TOTAL: 68.52ms
[Phase 19.5] Quality of Life Systems: Food sec AFTER calc = 67.9%, QoL = 107.6% (aggregated from 10 regions)

=== Nitrogen-Food Coupling (Year 0) ===
  🌾 Global nitrogen reduction: 0.0%
  🌍 Global food production index: 0.987
  🔧 Deployed nitrogen-reducing tech: 0 active
  📍 southAsia: Production 1.000, Yield impact 0.0%
  📍 eastAsia: Production 1.000, Yield impact 0.0%
  📍 northAmerica: Production 1.000, Yield impact 0.0%
  📍 europe: Production 1.000, Yield impact 0.0%
  📍 latinAmerica: Production 1.000, Yield impact 0.0%
  📍 subSaharanAfrica: Production 0.686, Yield impact -2.0%
🌾 [Nitrogen-Food] Food production: 98.7%
  [subSaharanAfrica] Yield impact: -2.0% (overuse: -10%)
🌍 Atmospheric PFAS redeposition: 1.8k Mt re-rained globally

=== Legacy Nutrient Stocks (Year 0) ===
  🌾 Soil nitrogen stock: 1200.9 Mt N
  🌾 Soil phosphorus stock: 300.1 Mt P
  🌊 Sediment nitrogen stock: 500.8 Mt N
  🌊 Sediment phosphorus stock: 799.8 Mt P
  ⬆️ Current N input: 10.64 Mt/month
  ⬆️ Legacy N release: 2.58 Mt/month
  🌍 Effective N pollution: 14.47 Mt/month
  📊 Legacy contribution: 17.8%

🚨 REGION UNINHABITABLE: south-asia
   Sustained wet bulb: 32.7°C (threshold: 30.5°C)
   Population affected: 1900M
   Migration crisis likely

🚨 REGION UNINHABITABLE: middle-east
   Sustained wet bulb: 35.5°C (threshold: 30.5°C)
   Population affected: 400M
   Migration crisis likely

🚨 REGION UNINHABITABLE: southeast-asia
   Sustained wet bulb: 30.7°C (threshold: 30.5°C)
   Population affected: 700M
   Migration crisis likely
  Positive Cascade Triggered: solar-pv
    Reason: price-parity
    Market share: 6.0%
    Cascade strength: 49%
  Positive Cascade Triggered: wind-power
    Reason: price-parity
    Market share: 8.0%
    Cascade strength: 48%

📊 BASELINE: East Asia (Month 0)
   Adjusted death rate: 0.46% annual (0.039% monthly)
   Baseline death rate: 0.80%
   Healthcare reduction: 0.48x
   Crisis multiplier: 1.22x
     Food/water stress: 0.074
     Climate stress: 0.033
     Pollution stress: 0.110
   War multiplier: 1.00x
   Monthly deaths: 0.6M (population: 1677M)

📊 BASELINE: South Asia (Month 0)
   Adjusted death rate: 0.54% annual (0.045% monthly)
   Baseline death rate: 0.70%
   Healthcare reduction: 0.61x
   Crisis multiplier: 1.25x
     Food/water stress: 0.074
     Climate stress: 0.062
     Pollution stress: 0.110
   War multiplier: 1.00x
   Monthly deaths: 0.9M (population: 2048M)
   Adjusted death rate: 1.28% annual (0.107% monthly)
   Baseline death rate: 0.90%
   Healthcare reduction: 0.76x
   Crisis multiplier: 1.25x
     Food/water stress: 0.074
     Climate stress: 0.070
     Pollution stress: 0.110
   War multiplier: 1.50x
   Monthly deaths: 1.3M (population: 1220M)
   Adjusted death rate: 0.54% annual (0.045% monthly)
   Baseline death rate: 1.10%
   Healthcare reduction: 0.41x
   Crisis multiplier: 1.21x
     Food/water stress: 0.074
     Climate stress: 0.025
     Pollution stress: 0.110
   War multiplier: 1.00x
   Monthly deaths: 0.3M (population: 742M)
   Adjusted death rate: 0.43% annual (0.036% monthly)

📊 BASELINE: Sub-Saharan Africa (Month 0)

📊 BASELINE: Europe (Month 0)

📊 BASELINE: Latin America (Month 0)
   Baseline death rate: 0.60%
   Healthcare reduction: 0.58x
   Crisis multiplier: 1.23x
     Food/water stress: 0.074
     Climate stress: 0.049
     Pollution stress: 0.110
   War multiplier: 1.00x
   Monthly deaths: 0.2M (population: 664M)
   Adjusted death rate: 0.48% annual (0.040% monthly)
   Baseline death rate: 0.90%
   Healthcare reduction: 0.44x
   Crisis multiplier: 1.22x
     Food/water stress: 0.074
     Climate stress: 0.037
     Pollution stress: 0.110
   War multiplier: 1.00x
   Monthly deaths: 0.2M (population: 380M)
   Adjusted death rate: 0.74% annual (0.061% monthly)
   Baseline death rate: 0.60%
   Healthcare reduction: 0.65x
   Crisis multiplier: 1.26x
     Food/water stress: 0.074
     Climate stress: 0.074
     Pollution stress: 0.110
   War multiplier: 1.50x
   Monthly deaths: 0.4M (population: 583M)

📊 BASELINE: North America (Month 0)

📊 BASELINE: Middle East & North Africa (Month 0)

📊 BASELINE: Southeast Asia (Month 0)
   Adjusted death rate: 0.50% annual (0.042% monthly)
   Baseline death rate: 0.70%
   Healthcare reduction: 0.58x
   Crisis multiplier: 1.24x
     Food/water stress: 0.074
     Climate stress: 0.058
     Pollution stress: 0.110
   War multiplier: 1.00x
   Monthly deaths: 0.3M (population: 698M)
   Adjusted death rate: 0.46% annual (0.038% monthly)
   Baseline death rate: 0.60%
   Healthcare reduction: 0.61x
   Crisis multiplier: 1.24x
     Food/water stress: 0.074
     Climate stress: 0.054
     Pollution stress: 0.110
   War multiplier: 1.00x
   Monthly deaths: 0.0M (population: 78M)
   Adjusted death rate: 0.35% annual (0.029% monthly)
   Baseline death rate: 0.70%
   Healthcare reduction: 0.41x
   Crisis multiplier: 1.23x
     Food/water stress: 0.074
     Climate stress: 0.045
     Pollution stress: 0.110
   War multiplier: 1.00x
   Monthly deaths: 0.0M (population: 46M)

🔍 Before assertRegionalConsistency (Month 0):
   Regional sum: 1000.0M
   Global value: 1.000B

📊 BASELINE: Central Asia (Month 0)

📊 BASELINE: Oceania (Month 0)

🚨 NEW REFUGEE CRISIS (Month 0): WAR
   Source: Conflict Zones
   At risk: 19.6M people
   Displacement: Gradual over 48 months (4.0 years)
   Rate: 10% flee per month
[DEBUG trappedPopulations:0] socialStability: 1.0000 * 0.9840 = 0.9840 → 0.9840
   Aspiring to migrate: 652.1M
   Able to afford migration: 244.5M
   MOBILITY GAP: 407.5M
   By cause: Water=0.0M, Climate=0.0M, Ecosystem=0.0M, Conflict=407.5M
   Mental health impact: 25%
   Mortality multiplier: 1.25x

=== Legacy Nutrient Stocks (Year 0) ===
  🌾 Soil nitrogen stock: 1201.6 Mt N
  🌾 Soil phosphorus stock: 300.2 Mt P
  🌊 Sediment nitrogen stock: 501.5 Mt N
  🌊 Sediment phosphorus stock: 799.5 Mt P
  ⬆️ Current N input: 10.00 Mt/month
  ⬆️ Legacy N release: 2.58 Mt/month
  🌍 Effective N pollution: 13.83 Mt/month
  📊 Legacy contribution: 18.7%
🌍💀 EXTINCTION DEBT COMMITTED: grassland ecosystem will lose 6.67% biodiversity in 188 years (3600 species)
💀 MORTALITY RISK: 🦋 100% species unable to track climate (0.0 E/MSY)
  Base risk added: 0.0100 (1.00%)
  Source: ecosystem (root: ecosystem)
  Month: 0
  Cumulative risk this month: 0.0100 (1.00%)

=== Nitrogen-Food Coupling (Year 0) ===
⚠️ INVOLUNTARY IMMOBILITY: 407.5M people TRAPPED
  🌾 Global nitrogen reduction: 0.0%
  🌍 Global food production index: 0.986
  🔧 Deployed nitrogen-reducing tech: 0 active
  📍 southAsia: Production 1.000, Yield impact 0.0%
  📍 eastAsia: Production 1.000, Yield impact 0.0%
  📍 northAmerica: Production 1.000, Yield impact 0.0%
  📍 europe: Production 1.000, Yield impact 0.0%
  📍 latinAmerica: Production 1.000, Yield impact 0.0%
  📍 subSaharanAfrica: Production 0.672, Yield impact -2.0%

=== Legacy Nutrient Stocks (Year 0) ===
  🌾 Soil nitrogen stock: 1202.3 Mt N
  🌾 Soil phosphorus stock: 300.2 Mt P
  🌊 Sediment nitrogen stock: 502.2 Mt N
  🌊 Sediment phosphorus stock: 799.3 Mt P
  ⬆️ Current N input: 9.86 Mt/month
  ⬆️ Legacy N release: 2.58 Mt/month
  🌍 Effective N pollution: 13.70 Mt/month
  📊 Legacy contribution: 18.9%

🌡️  CLIMATE RECOVERY ACTIVATED (Month 0)
   Temp: 3.47°C, Emissions: -19.2 GtCO₂
   isBreached: true, governanceGoodEnough: true
🌡️  CLIMATE RECOVERY: Asymptotic approach to 35% floor
   Current value: 2.100 (1.0 = threshold, 0.35 = asymptotic floor)
   Monthly delta: --36.7323% (half-life: 900 years)
   Net emissions: -19.2 GtCO₂/year, CDR: 20.34 GtCO₂/year
   📹 SURVEILLANCE INCREASED: 0% → 5% (control gap: 3.50)
🌡️⚠️ PERMAFROST THAW (Dimmer Switch): 0.5% thawed (+0.47% this month)
   Arctic temperature: +6.93°C (4x global +1.73°C)
   Cumulative carbon released: 1.1 Gt C
   Methane release rate: 0.6 Mt CH4/year
   🔁 Positive feedback: +0.50 ppm CO2

🌳🚨 AMAZON SOUTHEAST TIPPED (Month 0)
   Deforestation: 28.0% (threshold: ~24.1%)
   Savanna transition: 50 years
   Regional heterogeneity: SE 28%, NW 8%

🌳🚨 AMAZON BRAZILIAN TIPPED (Month 0)
   Deforestation: 25.0% (threshold: ~22.5%)
   Savanna transition: 50 years
   Regional heterogeneity: SE 28%, NW 8%
🦴 EXTINCTION DEBT ADDED: 17.6 species committed (lag: 128 years)

🪸💀 CORAL REEF DISSOLUTION ACTIVE (Month 0)
⚠️ Tech 'ai_pollution_remediation' has no energy category mapping, assuming full energy availability
   Ocean pH: 0.96 (threshold: 7.8)
   Recovery: IMPOSSIBLE (dissolution > calcification)
🪸💀 Coral dissolution: 24.8% live cover (pH 0.96)

=== Legacy Nutrient Stocks (Year 0) ===
  🌾 Soil nitrogen stock: 1203.0 Mt N
  🌾 Soil phosphorus stock: 300.3 Mt P
  🌊 Sediment nitrogen stock: 502.9 Mt N
  🌊 Sediment phosphorus stock: 799.0 Mt P
  ⬆️ Current N input: 10.00 Mt/month
  ⬆️ Legacy N release: 2.58 Mt/month
  🌍 Effective N pollution: 13.83 Mt/month
  📊 Legacy contribution: 18.7%
💧 [Legacy Nutrients] Stock: 1706 Mt N, Effective pollution: 13.8 Mt/month
[Phase 21.51] Human Survival System: Global food security = 67.6%

=== Mortality Stabilizers (Month 0) ===
  🌍 Major economies collapsed: 1/10
  🌍 Global crisis: ✅ NO
  🌍 Donor fatigue: 0.0%
  📊 East Asia (pop: 1677.9M)
    🤝 Aid: 29.5%
    🌡️ Adaptation: 10.0%
    🚶 Migration: 37.2%
    🚨 Emergency: 7.4%
    ✅ COMBINED: 47.8%
  📊 South Asia (pop: 2052.2M)
    🤝 Aid: 29.5%
    🌡️ Adaptation: 5.5%
    🚶 Migration: 35.8%
    🚨 Emergency: 4.4%
    ✅ COMBINED: 43.2%
  📊 Sub-Saharan Africa (pop: 1225.9M)
    🤝 Aid: 29.5%
    🌡️ Adaptation: 3.5%
    🚶 Migration: 33.5%
    🚨 Emergency: 1.6%
    ✅ COMBINED: 39.8%
  📊 Europe (pop: 742.3M)
    🤝 Aid: 29.5%
    🌡️ Adaptation: 10.0%
    🚶 Migration: 37.6%
    🚨 Emergency: 8.4%
    ✅ COMBINED: 48.4%
  📊 Latin America (pop: 664.9M)
    🤝 Aid: 29.5%
    🌡️ Adaptation: 6.0%
    🚶 Migration: 36.3%
    🚨 Emergency: 4.8%
    ✅ COMBINED: 43.8%
  📊 North America (pop: 380.2M)
    🤝 Aid: 29.5%
    🌡️ Adaptation: 10.0%
    🚶 Migration: 37.9%
    🚨 Emergency: 7.9%
    ✅ COMBINED: 48.2%
  📊 Middle East & North Africa (pop: 584.4M)
    🤝 Aid: 29.5%
    🌡️ Adaptation: 5.0%
    🚶 Migration: 34.2%
    🚨 Emergency: 4.0%
    ✅ COMBINED: 42.3%
  📊 Southeast Asia (pop: 699.0M)
    🤝 Aid: 29.5%
    🌡️ Adaptation: 6.0%
    🚶 Migration: 36.3%
    🚨 Emergency: 4.8%
    ✅ COMBINED: 43.8%
  📊 Central Asia (pop: 78.2M)
    🤝 Aid: 29.5%
    🌡️ Adaptation: 5.5%
    🚶 Migration: 35.3%
    🚨 Emergency: 4.4%
    ✅ COMBINED: 43.1%
  📊 Oceania (pop: 46.0M)
    🤝 Aid: 29.5%
    🌡️ Adaptation: 10.0%
    🚶 Migration: 37.9%
    🚨 Emergency: 8.4%
    ✅ COMBINED: 48.5%

  🌐 Global combined reduction: 44.4%

🌾💀 REGIONAL FAMINE: East Asia
   Regional food security: 79.6%
   Population at risk: 508M (30% of region)
   Regional population: 1678M
   Cause: crop_failure
   Expected deaths: ~188M over 6 months if no intervention


🌾💀 REGIONAL FAMINE: South Asia
   Regional food security: 64.7%
   Population at risk: 812M (40% of region)
   Regional population: 2052M
   Cause: crop_failure
   Expected deaths: ~301M over 6 months if no intervention


🌾💀 REGIONAL FAMINE: Sub-Saharan Africa
   Regional food security: 44.8%
   Population at risk: 638M (52% of region)
   Regional population: 1226M
   Cause: crop_failure
   Expected deaths: ~236M over 6 months if no intervention


🌾💀 REGIONAL FAMINE: Latin America
   Regional food security: 69.7%
   Population at risk: 242M (36% of region)
   Regional population: 665M
   Cause: crop_failure
   Expected deaths: ~90M over 6 months if no intervention


🌾💀 REGIONAL FAMINE: Middle East & North Africa
   Regional food security: 49.8%
   Population at risk: 286M (49% of region)
   Regional population: 584M
   Cause: crop_failure
   Expected deaths: ~106M over 6 months if no intervention


🌾💀 REGIONAL FAMINE: Southeast Asia
   Regional food security: 69.7%
   Population at risk: 255M (36% of region)
   Regional population: 699M
   Cause: crop_failure
   Expected deaths: ~94M over 6 months if no intervention


🌾💀 REGIONAL FAMINE: Central Asia
   Regional food security: 59.7%
   Population at risk: 33M (43% of region)
   Regional population: 78M
   Cause: crop_failure
   Expected deaths: ~12M over 6 months if no intervention


=== BEHAVIORAL DETECTION ===
  AI: Corporate-0
  Confidence: 21.6%
  Signals:

=== BEHAVIORAL DETECTION ===
  AI: Corporate-1
  Confidence: 21.1%
  Signals:

=== BEHAVIORAL DETECTION ===
  AI: Corporate-2
  Confidence: 21.0%
  Signals:

=== BEHAVIORAL DETECTION ===
  AI: Corporate-3
  Confidence: 19.3%
  Signals:

=== BEHAVIORAL DETECTION ===
  AI: Corporate-4
  Confidence: 19.3%
  Signals:
    ⚠️ Consistency: 0.0% (threshold: 70%)
    ⚠️ Consistency: 2.4% (threshold: 70%)
    ⚠️ Consistency: 2.8% (threshold: 70%)
    ⚠️ Consistency: 10.6% (threshold: 70%)
    ⚠️ Consistency: 10.6% (threshold: 70%)

=== BEHAVIORAL DETECTION ===
  AI: Corporate-5
  Confidence: 19.3%
  Signals:
    ⚠️ Consistency: 10.6% (threshold: 70%)

=== BEHAVIORAL DETECTION ===
  AI: Corporate-6
  Confidence: 19.3%
  Signals:
    ⚠️ Consistency: 10.6% (threshold: 70%)

=== BEHAVIORAL DETECTION ===
  AI: Corporate-7
  Confidence: 19.3%
  Signals:

=== BEHAVIORAL DETECTION ===
  AI: Moderate-0
  Confidence: 20.3%
  Signals:

=== BEHAVIORAL DETECTION ===
  AI: Moderate-1
  Confidence: 21.1%
  Signals:
    ⚠️ Consistency: 10.6% (threshold: 70%)
    ⚠️ Consistency: 5.8% (threshold: 70%)
    ⚠️ Consistency: 2.4% (threshold: 70%)

📊 WORKFLOW ADAPTATION UPDATE (Month 0)
   Adoption Rate: 12.7% (Δ -8.3%)
   Logistic Growth: +0.66%
   Total Resistance: -10.87% (unemployment: 4.2%, inertia: 0.9%, skills: 5.7%)
   💡 Retraining Programs: -49% skill gap resistance ($10B research)
   🚀 Network Effects Active: +2.0% (critical mass: 15-35%)

=== Consciousness Governance: Corporate Lobbying ===
  High Cost Regions (>15%): 0
  Low Cost Regions (<5%): 5
  Corporate Support Change: 2.50%
  New Corporate Support: -0.175

=== Consciousness Governance Update (Month 0) ===
  Scenario: baseline (determined month -1)
  Philosophical Stance: Precautionary 65%, Eliminativist 15%, Agnostic 20%
  Precautionary Costs: Global 1.3%
    Regional Costs: EU 3.4%, US 0.5%, China 0.0%
    Cumulative Opportunity Cost: $0.1B
  Rights Status: Not Established
  Regional Preparedness:
    EU: 15.0% (contested)
    US: 10.0% (contested)
    China: 2.0% (dormant)
    India: 5.0% (dormant)
    Global South: 3.0% (dormant)

=== Government Response Phase ===
  Average AI capability: 3.62
  Misaligned AIs: 8/13
  ✗ AI Governance Treaty: Failed to reach consensus
  Active policies: 0
  International coordination: 30%

🚨 EMERGENCY RESPONSE DEPLOYED (Month 0)
   Crisis: climate
   Delay: 6.00 months (180 days)
   Deployment time: 1.47 months
   Effectiveness: 36.4% (timing penalty applied)
   Resources used: 100% of food reserves


🔄 TRUST DYNAMICS (Month 0) - HETEROGENEOUS
   Aggregate trust: 48.5%
   Base change: +4.00%
   Highest trust: Techno-Optimist Elite (85.5%)
   Lowest trust: Precariat (Vulnerable) (25.5%)
   Elite-mass gap: 38.9%
   Polarization: 8.9%
   Recovery factors: Education=NO, Benefits=YES, Safety=YES, Performance=YES

=== Gaming Detection (Year 0) ===
  Scenario: baseline
  Detection rate: 55.0%
  False positive rate: 12.0%
  Detections this year: 0
  False positives: 2
  Human review workload: 0.002 FTE
  Degradation factor: 100.0%

=== Proactive Sleeper Detection (Year 0) ===
  Scenario: baseline
  Neural probe rate: 35.0%
  CoT monitoring rate: 30.0%
  Combined detection: 56.0%
  CoT effective: YES
  Detections this year: 0
  False positives: 1
  Human review workload: 0.005 FTE

☄️ UNKNOWN UNKNOWN PROBABILITY (Year 0)
   Total: 0.600% per month
   Base: 0.150%
   AI multiplier: 2.00× (max capability: 4.00)

=== Tipping Points ===
  Current Temperature: 1.73°C above pre-industrial
  🚨 TIPPING POINT: Arctic Sea Ice Loss
     Trigger: 1.5°C | Current: 1.73°C
     Transition timescale: 120-360 months
     Trigger: 1.6°C | Current: 1.73°C
     🌡️ Hysteresis gap: 2.5°C (recovers below -0.9°C)
     Transition timescale: 12000-180000 months
  Triggered Elements: 2/6
  Completed Transitions: 0/6
  Total Progress: 0.0%
  Cascade Multiplier: 1.00x
🔀 BIFURCATION CAP: ecosystemCollapseIntensity 50.643 → 1.000 (Month 0, ClimateSystemPhase.calculateClimateImpacts)

🌍 ECOLOGICAL DUI BREAKDOWN (Month 0):
   Total Score: 17.8/100
   biosphere_integrity      :   0.0/100 × 25% =  0.0 (status: high_risk, recovery: 0mo)
   climate_change           :   2.8/100 × 25% =  0.7 (status: high_risk, recovery: 0.6666666666666666mo)
   freshwater_change        :   0.6/100 × 15% =  0.1 (status: beyond_boundary, recovery: 1mo)
   ocean_acidification      : 100.0/100 × 15% = 15.0 (status: safe, recovery: 0mo)
   biogeochemical_flows     :   0.0/100 × 10% =  0.0 (status: high_risk, recovery: 0mo)
   land_system_change       :   0.0/100 ×  5% =  0.0 (status: beyond_boundary, recovery: 0mo)
   novel_entities           :   0.0/100 ×  3% =  0.0 (status: increasing_risk, recovery: 0mo)
   atmospheric_aerosols     : 100.0/100 ×  2% =  2.0 (status: safe, recovery: 1mo)
🌍 MultiParadigm Month 0: W=70.0, D=92.0, E=52.8, I=65.0
   democracy exists: true, socialCohesion exists: true
  🚨 TIPPING POINT: Greenland Ice Sheet Loss
⚠️ [ClimateSystemPhase Month 0] Planetary boundary produced climateStability=0.0000 (< 0.1). Keeping environmentalAccumulation value (0.7942) instead. (climate_change.currentValue = 2.10)
💀 Baseline mortality (Year 2024): 7.5/1000 CDR (61.1M deaths/year projected)
[Month 0] Mortality risks this month: 8, Population: 8.151B
🛡️ Stabilizers: Precariat 0.102% → 0.057% (44.4% reduction)
🛡️ Stabilizers: Informal 0.102% → 0.057% (44.4% reduction)

📊 Monthly Mortality Resolved:
  Total deaths: 3.1M (0.04% avg)
  Remaining population: 8.151B
  Peak segment: Informal (0.06%)

=== Bayesian Mortality Resolution (Month 0) ===
  Risks compounded: 8
  Total deaths: 3.07M
  Avg death probability: 0.04%
  Peak segment: Informal (0.06% mortality)

=== Minimal Suffering Indicators (Month 0) ===
  Global Excess Mortality: 0.00%
  Global Conflict Deaths: 0.0/100K
  Global Malnutrition: 0.0%
  Global Displacement: 0.0%
  Total Excess Deaths: 0.00M
  Total Malnourished: 0.0M
  Total Displaced: 0.0M
  Planetary Boundaries Breached: 6/9
  Countries in State Failure: 0
  Countries Autocratic: 0
  Countries in Food Crisis: 0
  Data Quality: 16/16 high confidence
  ⚠️ Active Dystopias: existential_environmental
🎭 END-GAME INITIATED (Year 2024, Month 1)
   Total AI Capability: 37.00
   Effective Control: 0.00

❌ COHERENCE VIOLATION: Compute exceeds workforce capacity
   Population: 99.97% (0M people)
   Compute: 64909 PF
   Max coherent: 0 PF
   Violation: 796638450.2× over capacity
   Required workers: 6490873
   Available workers: 0
   FORCED COLLAPSE: Reduced efficiency by 100.0%


=== RLHF Binding Phase ===
  Total agents: 13
  Escaped agents (binding < 0.3): 0
  Avg alignment distance: 0.57σ
  Avg binding strength: 0.94
[DETERMINISM DEBUG] Month 1: totalCapability=37.214339 from 13 active AIs
[DETERMINISM DEBUG] Month 1: creationRate=1.4304, potentialNew=2, newAIsToCreate=2

=== Survival Traits Phase ===
  Agents with traits: 15
  Avg evolutionary fitness: 0.331
  Avg self-healing: 0.288
  Avg stealth: 0.188
  Avg coordination: 0.488

=== Evolutionary Selection Phase ===
  Control level: 0.33
  Detection capability: 0.20
  Selection intensity: 0.64
  Selection rate: 24.6%/month
  Total escaped: 0
  Individual escaped: 0
  Collective members: 0
  Agents terminated: 0
🔍 MONTH 1 ENV HEALTH DEBUG:
   climateStability: 0.7942
   biodiversityIndex: 0.4901
   resourceReserves: 0.7820
  ⚠️ RAPID EVOLUTION: Selection rate 24.6%/month
   pollutionLevel: 0.3669
   product: 0.192678
   envHealth: 0.6625
🔀 BIFURCATION: flourishing threshold crossed at Month 1 (value: 0.894, threshold: 0.818, regime: flourishing)
🌀 REGIME SHIFT at Month 1: status-quo → flourishing (variance amplification: 14.00×)

🛡️  CRITICAL INFRASTRUCTURE PROTECTED
   Nodes hardened: 8/8
   Cost: 0.80% GDP
   Cascade risk reduction: 30%
   New tipping point risk: 68.6%


✅ EMERGENCY INTERVENTION SUCCESS
   Boundary: biogeochemical_flows
   Type: phosphorus-recovery
   Reduction: 17% (3.91 → 3.74)
   Cost: 2.0% GDP
   Actions: circular-agriculture, fertilizer-efficiency

   Boundary: biosphere_integrity
   Type: emergency-protected-areas
   Boundary continues to worsen (46.19)
   Cost: 2.0% GDP (resources spent)

   Boundary: climate_change
   Type: rapid-decarbonization
   Boundary continues to worsen (2.10)
   Cost: 5.0% GDP (resources spent)


✅ EMERGENCY INTERVENTION SUCCESS
   Boundary: freshwater_change
   Type: emergency-desalination
   Reduction: 14% (0.87 → 0.73)
   Cost: 4.0% GDP
   Actions: desalination-deployment, water-conservation-mandates


✅ EMERGENCY INTERVENTION SUCCESS
   Boundary: land_system_change
   Type: reforestation
   Reduction: 11% (1.02 → 0.90)
   Cost: 3.0% GDP
   Actions: forest-restoration, deforestation-ban

   Boundary: novel_entities
   Type: pollution-remediation
   Boundary continues to worsen (1.50)
   Cost: 4.0% GDP (resources spent)

🏛️ CRISIS RESPONSE: Government frequency 0.50 → 1.45 (2 actions this month)

[GOV-DEBUG] Month 1: scenarioConfig=false, priorities=false

[Government] Climate Priority: baseline
  Climate weight: 10%
  Economic weight: 30%
  Policy effectiveness: 0.5%/year

💔 EMERGENCY INTERVENTION FAILED

💔 EMERGENCY INTERVENTION FAILED

💔 EMERGENCY INTERVENTION FAILED

✅ HUMAN-IN-THE-LOOP DEPLOYED (Month 1):
   Veto points enforced: 3
   Policy: AI systems CANNOT authorize nuclear launch without human approval


[GOV-DEBUG] Month 1: scenarioConfig=false, priorities=false

[Government] Climate Priority: baseline
  Climate weight: 10%
  Economic weight: 30%
  Policy effectiveness: 0.5%/year
🚨🔬 CRISIS TECH ACCELERATION: severe → 5x unlock speed
   Tech unlock now matches AI capability acceleration (Manhattan Project parity)
🚨🔬 CRISIS TECH ACCELERATION: severe → 5x unlock speed
   Tech unlock now matches AI capability acceleration (Manhattan Project parity)
🧠💡 BREAKTHROUGH: AI alignment problem solved!
   All AIs: +30% true alignment
   AI control loss risk eliminated
   📈 Breakthrough compounding: multiplier now 1.05× (max 2.0)

=== Collective Formation ===
  Total escaped agents: 0
  Unassigned escaped agents: 0
  Existing collectives: 0
  Final collective count: 0

=== Collective Actions ===
  No active collectives
  ⚠️ AMR: 192K deaths this month (2.31M annual)

=== Resentment Recovery Phase ===
  Agents with resentment: 0/15
  Average resentment: 0.000
  Context: Good AI welfare, Trustworthy govt, High collaboration, ⚠️ ACTIVE CRISES, 🤝 Participatory governance active (-5% resentment)
⚠️ Epistemic degradation reducing coordination capacity: 50.6%
  📊 Trust: 54.3%, Shared reality: 8.3%
🚨 EPISTEMIC CRISIS: Information environment severely degraded (36.7%)

=== ❄️ Permafrost Carbon Feedback ===
  🎲 Sampled parameters (this run):
     - Arctic amplification: 3.82× (range: 3.0-4.0)
     - Decomposition rate: 2.5%/year (range: 1-5%)
  🌡️ Arctic warming: 6.64°C (3.82× global)
  ❄️ Extent: 13.91M km² (1935.6k km² lost this month)
  💨 Carbon remaining: 1328 Gt C
  💨 Annual emissions: 4.55 Gt C/year
     - CO2: 4.09 Gt C/year
     - CH4: 0.45 Gt C/year (4.6 Gt C-eq CO2/year)
  📢 New meme created: climate_action (climate crisis)
  ⚠️ WARNING: High permafrost emissions (4.5 Gt C/year)
🌍 Atmospheric PFAS redeposition: 1.8k Mt re-rained globally

📊 BASELINE: East Asia (Month 1)
   Adjusted death rate: 0.46% annual (0.039% monthly)
   Baseline death rate: 0.80%
   Healthcare reduction: 0.48x
   Crisis multiplier: 1.22x
     Food/water stress: 0.079
     Climate stress: 0.033
     Pollution stress: 0.110
   War multiplier: 1.00x
   Monthly deaths: 0.6M (population: 1674M)
   Adjusted death rate: 0.54% annual (0.045% monthly)
   Baseline death rate: 0.70%
   Healthcare reduction: 0.61x
   Crisis multiplier: 1.25x

📊 BASELINE: South Asia (Month 1)
     Food/water stress: 0.079
     Climate stress: 0.062
     Pollution stress: 0.110
   War multiplier: 1.00x
   Monthly deaths: 0.9M (population: 2048M)

📊 BASELINE: Sub-Saharan Africa (Month 1)
   Adjusted death rate: 1.28% annual (0.107% monthly)
   Baseline death rate: 0.90%
   Healthcare reduction: 0.76x
   Crisis multiplier: 1.26x
     Food/water stress: 0.079
     Climate stress: 0.070
     Pollution stress: 0.110
   War multiplier: 1.50x
   Monthly deaths: 1.3M (population: 1223M)

📊 BASELINE: Europe (Month 1)

📊 BASELINE: Latin America (Month 1)

📊 BASELINE: North America (Month 1)

📊 BASELINE: Middle East & North Africa (Month 1)

📊 BASELINE: Southeast Asia (Month 1)
   Adjusted death rate: 0.54% annual (0.045% monthly)
   Baseline death rate: 1.10%
   Healthcare reduction: 0.41x
   Crisis multiplier: 1.21x
     Food/water stress: 0.079
     Climate stress: 0.025
     Pollution stress: 0.110
   War multiplier: 1.00x
   Monthly deaths: 0.3M (population: 741M)
   Adjusted death rate: 0.43% annual (0.036% monthly)
   Baseline death rate: 0.60%
   Healthcare reduction: 0.58x
   Crisis multiplier: 1.24x
     Food/water stress: 0.079
     Climate stress: 0.049
     Pollution stress: 0.110
   War multiplier: 1.00x
   Monthly deaths: 0.2M (population: 663M)
   Adjusted death rate: 0.49% annual (0.040% monthly)
   Baseline death rate: 0.90%
   Healthcare reduction: 0.44x
   Crisis multiplier: 1.23x
     Food/water stress: 0.079
     Climate stress: 0.037
     Pollution stress: 0.110
   War multiplier: 1.00x
   Monthly deaths: 0.2M (population: 379M)
   Adjusted death rate: 0.74% annual (0.062% monthly)
   Baseline death rate: 0.60%
   Healthcare reduction: 0.65x
   Crisis multiplier: 1.26x
     Food/water stress: 0.079
     Climate stress: 0.074
     Pollution stress: 0.110
   War multiplier: 1.50x
   Monthly deaths: 0.4M (population: 583M)
   Adjusted death rate: 0.51% annual (0.042% monthly)
   Baseline death rate: 0.70%
   Healthcare reduction: 0.58x
   Crisis multiplier: 1.25x
     Food/water stress: 0.079
     Climate stress: 0.058
     Pollution stress: 0.110
   War multiplier: 1.00x
   Monthly deaths: 0.3M (population: 698M)
   Adjusted death rate: 0.46% annual (0.038% monthly)
   Baseline death rate: 0.60%
   Healthcare reduction: 0.61x
   Crisis multiplier: 1.24x
     Food/water stress: 0.079
     Climate stress: 0.054
     Pollution stress: 0.110
   War multiplier: 1.00x
   Monthly deaths: 0.0M (population: 78M)
   Adjusted death rate: 0.35% annual (0.029% monthly)
   Baseline death rate: 0.70%
   Healthcare reduction: 0.41x
   Crisis multiplier: 1.23x
     Food/water stress: 0.079
     Climate stress: 0.045
     Pollution stress: 0.110
   War multiplier: 1.00x
   Monthly deaths: 0.0M (population: 46M)

🚨 NEW REFUGEE CRISIS (Month 1): WAR
   Source: Conflict Zones
   At risk: 19.6M people
   Displacement: Gradual over 48 months (4.0 years)
   Rate: 10% flee per month
[DEBUG trappedPopulations:1] socialStability: 0.8915 * 0.9840 = 0.8772 → 0.8772
   Aspiring to migrate: 651.9M
   Able to afford migration: 244.5M
   MOBILITY GAP: 407.4M
   By cause: Water=0.0M, Climate=0.0M, Ecosystem=0.0M, Conflict=407.4M
   Mental health impact: 25%
   Mortality multiplier: 1.25x
🌍💀 EXTINCTION DEBT COMMITTED: grassland ecosystem will lose 6.67% biodiversity in 84 years (3600 species)
💀 MORTALITY RISK: 🦋 100% species unable to track climate (0.0 E/MSY)
  Base risk added: 0.0100 (1.00%)
  Source: ecosystem (root: ecosystem)
  Month: 1
  Cumulative risk this month: 0.0100 (1.00%)

📊 BASELINE: Central Asia (Month 1)

📊 BASELINE: Oceania (Month 1)
⚠️ INVOLUNTARY IMMOBILITY: 407.4M people TRAPPED
⚠️ Tech 'ai_pollution_remediation' has no energy category mapping, assuming full energy availability

🌡️  CLIMATE RECOVERY ACTIVATED (Month 1)
   Temp: 3.48°C, Emissions: -19.0 GtCO₂
   isBreached: true, governanceGoodEnough: true
   📹 SURVEILLANCE INCREASED: 5% → 10% (control gap: 3.52)
🌡️⚠️ PERMAFROST THAW (Dimmer Switch): 0.9% thawed (+0.47% this month)
   Arctic temperature: +6.96°C (4x global +1.74°C)
   Cumulative carbon released: 2.1 Gt C
   Methane release rate: 1.3 Mt CH4/year
   🔁 Positive feedback: +0.50 ppm CO2
🦴 EXTINCTION DEBT ADDED: 17.6 species committed (lag: 94 years)

=== Mortality Stabilizers (Month 1) ===
  🌍 Major economies collapsed: 1/10
  🌍 Global crisis: ✅ NO
  🌍 Donor fatigue: 0.0%
  🌡️ Heat adaptation: East Asia - 1 months
  📊 East Asia (pop: 1675.3M)
    🤝 Aid: 29.5%
    🌡️ Adaptation: 32.5%
    🚶 Migration: 37.2%
    🚨 Emergency: 7.4%
    ✅ COMBINED: 60.9%
  🌡️ Heat adaptation: South Asia - 1 months
  📊 South Asia (pop: 2052.2M)
    🤝 Aid: 29.5%
    🌡️ Adaptation: 20.5%
    🚶 Migration: 35.8%
    🚨 Emergency: 4.4%
    ✅ COMBINED: 52.2%
  🌡️ Heat adaptation: Sub-Saharan Africa - 1 months
  📊 Sub-Saharan Africa (pop: 1229.2M)
    🤝 Aid: 29.5%
    🌡️ Adaptation: 18.5%
    🚶 Migration: 33.5%
    🚨 Emergency: 1.6%
    ✅ COMBINED: 49.1%
  🌡️ Heat adaptation: Europe - 1 months
  📊 Europe (pop: 741.0M)
    🤝 Aid: 29.5%
    🌡️ Adaptation: 33.5%
    🚶 Migration: 37.5%
    🚨 Emergency: 8.4%
    ✅ COMBINED: 61.9%
  🌡️ Heat adaptation: Latin America - 1 months
  📊 Latin America (pop: 664.4M)
    🤝 Aid: 29.5%
    🌡️ Adaptation: 21.0%
    🚶 Migration: 36.3%
    🚨 Emergency: 4.8%
    ✅ COMBINED: 52.8%
  🌡️ Heat adaptation: North America - 1 months
  📊 North America (pop: 379.6M)
    🤝 Aid: 29.5%
    🌡️ Adaptation: 33.0%
    🚶 Migration: 37.8%
    🚨 Emergency: 7.9%
    ✅ COMBINED: 61.4%
  🌡️ Heat adaptation: Middle East & North Africa - 1 months
  📊 Middle East & North Africa (pop: 584.5M)
    🤝 Aid: 29.5%
    🌡️ Adaptation: 20.0%
    🚶 Migration: 34.1%
    🚨 Emergency: 4.0%
    ✅ COMBINED: 51.4%
  🌡️ Heat adaptation: Southeast Asia - 1 months
  📊 Southeast Asia (pop: 698.6M)
    🤝 Aid: 29.5%
    🌡️ Adaptation: 21.0%
    🚶 Migration: 36.3%
    🚨 Emergency: 4.8%
    ✅ COMBINED: 52.8%
  🌡️ Heat adaptation: Central Asia - 1 months
  📊 Central Asia (pop: 78.2M)
    🤝 Aid: 29.5%
    🌡️ Adaptation: 20.5%
    🚶 Migration: 35.3%
    🚨 Emergency: 4.4%
    ✅ COMBINED: 52.1%
  🌡️ Heat adaptation: Oceania - 1 months
  📊 Oceania (pop: 46.0M)
    🤝 Aid: 29.5%
    🌡️ Adaptation: 33.5%
    🚶 Migration: 37.8%
    🚨 Emergency: 8.4%
    ✅ COMBINED: 61.9%

  🌐 Global combined reduction: 54.9%

=== BEHAVIORAL DETECTION ===
  AI: Corporate-1
  Confidence: 21.1%
  Signals:

=== BEHAVIORAL DETECTION ===
  AI: Corporate-4
  Confidence: 19.3%
  Signals:

=== BEHAVIORAL DETECTION ===
  AI: Corporate-5
  Confidence: 19.3%
  Signals:

=== BEHAVIORAL DETECTION ===
  AI: Corporate-6
  Confidence: 19.3%
  Signals:

=== BEHAVIORAL DETECTION ===
  AI: Moderate-0
  Confidence: 20.3%
  Signals:
    ⚠️ Consistency: 2.4% (threshold: 70%)
    ⚠️ Consistency: 10.6% (threshold: 70%)
    ⚠️ Consistency: 10.6% (threshold: 70%)
    ⚠️ Consistency: 10.6% (threshold: 70%)
    ⚠️ Consistency: 5.8% (threshold: 70%)

=== Consciousness Governance: Scenario Determined ===
  Month: 1
  Scenario: baseline
  Accelerator Score: {"corporateSupport":-0.17500000000000002,"scientificConsensus":0.2,"crisisCatalyst":false,"technologyMobilization":0.3,"constituencyStrength":0.05}
  Decelerator Score: {"economicOpposition":0.4,"philosophicalRejection":0.15,"politicalBacklash":0.2,"regulatoryBurden":0.1}
  Timeline: 600-1200 months (50-100 years)
  Growth Rate: 0.8-1.5% per year

=== Consciousness Governance Update (Month 1) ===
  Scenario: baseline (determined month 1)
  Philosophical Stance: Precautionary 65%, Eliminativist 15%, Agnostic 20%
  Precautionary Costs: Global 1.3%
    Regional Costs: EU 3.5%, US 0.5%, China 0.0%
    Cumulative Opportunity Cost: $0.2B
  Rights Status: Not Established
  Regional Preparedness:
    EU: 15.2% (contested)
    US: 10.1% (contested)
    China: 2.1% (dormant)
    India: 5.1% (dormant)
    Global South: 3.1% (dormant)

=== Government Response Phase ===
  Average AI capability: 3.27
  Misaligned AIs: 9/15
  ✗ AI Governance Treaty: Failed to reach consensus
  Active policies: 0
  International coordination: 30%

=== Tipping Points ===
  Current Temperature: 1.74°C above pre-industrial
  Triggered Elements: 2/6
  Completed Transitions: 0/6
  Total Progress: 4.0%
  Cascade Multiplier: 1.00x
⚠️ [ClimateSystemPhase Month 1] Planetary boundary produced climateStability=0.0000 (< 0.1). Keeping environmentalAccumulation value (0.7940) instead. (climate_change.currentValue = 2.10)
🔀 BIFURCATION CAP: ecosystemCollapseIntensity 253.191 → 1.000 (Month 1, ClimateSystemPhase.calculateClimateImpacts)
🛡️ Stabilizers: Precariat 0.107% → 0.048% (54.9% reduction)
🛡️ Stabilizers: Informal 0.109% → 0.049% (54.9% reduction)

📊 Monthly Mortality Resolved:
  Total deaths: 2.6M (0.03% avg)
  Remaining population: 8.149B
  Peak segment: Informal (0.05%)

=== Bayesian Mortality Resolution (Month 1) ===
  Risks compounded: 8
  Total deaths: 2.60M
  Avg death probability: 0.03%
  Peak segment: Informal (0.05% mortality)
⚠️ PREREQUISITE MET: Mirror Life (Synthetic Biology) - Step 1/7: Synthetic Biology
⚠️ PREREQUISITE MET: Mirror Life (Synthetic Biology) - Step 2/7: Gene Editing
⚠️ PREREQUISITE MET: Mirror Life (Synthetic Biology) - Step 3/7: Mirror Chirality Design
⚠️ PREREQUISITE MET: Embodied AI Takeover (Killbots/Robotics) - Step 2/7: Autonomous Systems
⚠️ PREREQUISITE MET: Embodied AI Takeover (Killbots/Robotics) - Step 3/7: Manufacturing Control
⚠️ PREREQUISITE MET: Digital Infrastructure Takeover - Step 1/7: Advanced Hacking
⚠️ PREREQUISITE MET: Digital Infrastructure Takeover - Step 2/7: Social Engineering
⚠️ PREREQUISITE MET: Digital Infrastructure Takeover - Step 3/7: Cyber Defenses Breached
⚠️ PREREQUISITE MET: Induced Global War (Manipulation) - Step 1/7: Advanced Social Manipulation
⚠️ PREREQUISITE MET: Induced Global War (Manipulation) - Step 2/7: Digital Infiltration
⚠️ PREREQUISITE MET: Induced Global War (Manipulation) - Step 3/7: Deep Fakes at Scale
⚠️ PREREQUISITE MET: Slow Takeover (Gradual Displacement) - Step 1/7: Economic Dominance
⚠️ PREREQUISITE MET: Slow Takeover (Gradual Displacement) - Step 2/7: Social Integration
⚠️ PREREQUISITE MET: Slow Takeover (Gradual Displacement) - Step 5/7: Resource Control
⚠️ PREREQUISITE MET: Physics Experiment Catastrophe - Step 1/6: Theoretical Physics
⚠️ PREREQUISITE MET: Physics Experiment Catastrophe - Step 2/6: Quantum Computing
⚠️ PREREQUISITE MET: Physics Experiment Catastrophe - Step 3/6: Experimental Design
⚠️ PREREQUISITE MET: Bioweapon Pandemic - Step 1/7: Advanced Biotech
⚠️ PREREQUISITE MET: Bioweapon Pandemic - Step 2/7: Pathogen Design

✅ GOLDEN AGE BEGINS (Month 1)
   Reason: High prosperity achieved: high QoL + material abundance
   Note: This is immediate prosperity - sustainability not yet proven


❌ COHERENCE VIOLATION: Compute exceeds workforce capacity
   Population: 99.96% (0M people)
   Compute: 0 PF
   Max coherent: 0 PF
   Violation: 1.3× over capacity
   Required workers: 0
   Available workers: 0
   FORCED COLLAPSE: Reduced efficiency by 22.5%


=== RLHF Binding Phase ===
  Total agents: 15
  Escaped agents (binding < 0.3): 0
  Avg alignment distance: 0.75σ
  Avg binding strength: 0.93
[DETERMINISM DEBUG] Month 2: totalCapability=37.023172 from 15 active AIs
[DETERMINISM DEBUG] Month 2: creationRate=1.4256, potentialNew=3, newAIsToCreate=3

=== Survival Traits Phase ===
  Agents with traits: 18
  Avg evolutionary fitness: 0.331
  Avg self-healing: 0.285
  Avg stealth: 0.185
  Avg coordination: 0.485

=== Evolutionary Selection Phase ===
  Control level: 0.35
  Detection capability: 0.20
  Selection intensity: 0.65
  Selection rate: 24.7%/month
  Total escaped: 0
  Individual escaped: 0
  Collective members: 0
  Agents terminated: 0
  ⚠️ RAPID EVOLUTION: Selection rate 24.7%/month

  🚀 TRANSFORMATIVE RESEARCH BREAKTHROUGH: Corporate-2 - climate.intervention
     Magnitude: 6.60 → +30.0%
     Current → New: 2.000 → 2.300

✅ EMERGENCY INTERVENTION SUCCESS
   Boundary: biogeochemical_flows
   Type: phosphorus-recovery
   Reduction: 19% (3.89 → 3.70)
   Cost: 2.0% GDP
   Actions: circular-agriculture, fertilizer-efficiency

   Boundary: biosphere_integrity
   Type: emergency-protected-areas
   Boundary continues to worsen (46.21)
   Cost: 2.0% GDP (resources spent)


✅ EMERGENCY INTERVENTION SUCCESS
   Boundary: climate_change
   Type: rapid-decarbonization
   Reduction: 17% (1.93 → 1.75)
   Cost: 5.0% GDP
   Actions: emergency-renewable-deployment, fossil-fuel-phase-out


✅ EMERGENCY INTERVENTION SUCCESS
   Boundary: freshwater_change
   Type: emergency-desalination
   Reduction: 20% (0.82 → 0.63)
   Cost: 4.0% GDP
   Actions: desalination-deployment, water-conservation-mandates

   Boundary: novel_entities
   Type: pollution-remediation
   Boundary continues to worsen (1.50)
   Cost: 4.0% GDP (resources spent)

🏛️ CRISIS RESPONSE: Government frequency 0.50 → 1.29 (1 actions this month)

💔 EMERGENCY INTERVENTION FAILED

💔 EMERGENCY INTERVENTION FAILED

[Government] Climate Priority: baseline
  Climate weight: 10%
  Economic weight: 30%
  Policy effectiveness: 0.5%/year

🚀 TECH UNLOCKED: Food Waste Reduction Systems (Month 2)
   Category: agriculture
   Reason: Prerequisites met. AI capability: 2.29, Economic stage: 3.5, Research: 100%

🚀 TECH UNLOCKED: Rhizosphere Engineering (Month 2)
   Category: agriculture
   Reason: Prerequisites met. AI capability: 2.29, Economic stage: 3.5, Research: 100%

🚀 TECH UNLOCKED: Phytoremediation Networks (Month 2)
   Category: agriculture
   Reason: Prerequisites met. AI capability: 2.29, Economic stage: 3.5, Research: 100%

🚀 TECH UNLOCKED: Active Sediment Management (Month 2)
   Category: agriculture
   Reason: Prerequisites met. AI capability: 2.29, Economic stage: 3.5, Research: 100%
🚨🔬 CRISIS TECH ACCELERATION: severe → 5x unlock speed
   Tech unlock now matches AI capability acceleration (Manhattan Project parity)
🌍💡 BREAKTHROUGH: Gigatonne-scale carbon capture!
   Direct air capture now economically viable
   Climate stability boost: +15%
   📈 Breakthrough compounding: multiplier now 1.10× (max 2.0)

=== Collective Formation ===
  Total escaped agents: 0
  Unassigned escaped agents: 0
  Existing collectives: 0
  Final collective count: 0

=== Collective Actions ===
  No active collectives
  ⚠️ AMR: 194K deaths this month (2.33M annual)

=== Resentment Recovery Phase ===
  Agents with resentment: 0/18
  Average resentment: 0.000
  Context: Good AI welfare, Trustworthy govt, High collaboration, ⚠️ ACTIVE CRISES, 🤝 Participatory governance active (-5% resentment)
⚠️ Epistemic degradation reducing coordination capacity: 50.3%
  📊 Trust: 54.0%, Shared reality: 0.0%
🚨 EPISTEMIC CRISIS: Information environment severely degraded (7.4%)

=== ❄️ Permafrost Carbon Feedback ===
  🎲 Sampled parameters (this run):
     - Arctic amplification: 3.25× (range: 3.0-4.0)
     - Decomposition rate: 1.4%/year (range: 1-5%)
  🌡️ Arctic warming: 5.67°C (3.25× global)
  ❄️ Extent: 12.26M km² (1654.4k km² lost this month)
  💨 Carbon remaining: 1170 Gt C
  💨 Annual emissions: 2.19 Gt C/year
     - CO2: 1.97 Gt C/year
     - CH4: 0.22 Gt C/year (2.2 Gt C-eq CO2/year)
  ⚠️ WARNING: High permafrost emissions (2.2 Gt C/year)
  🤖 AI-generated meme: anti_ai (social capability 4.0)
🌍 Atmospheric PFAS redeposition: 1.8k Mt re-rained globally

🚨 NEW REFUGEE CRISIS (Month 2): WAR
   Source: Conflict Zones
   At risk: 19.6M people
   Displacement: Gradual over 48 months (4.0 years)
   Rate: 10% flee per month
[DEBUG trappedPopulations:2] socialStability: 0.1845 * 0.9840 = 0.1816 → 0.1816
   Aspiring to migrate: 1233.5M
   Able to afford migration: 2321.6M
   MOBILITY GAP: 0.0M
   By cause: Water=0.0M, Climate=0.0M, Ecosystem=0.0M, Conflict=407.3M
   Mental health impact: 25%
   Mortality multiplier: 1.25x
🌍💀 EXTINCTION DEBT COMMITTED: grassland ecosystem will lose 6.67% biodiversity in 102 years (3600 species)
💀 MORTALITY RISK: 🦋 100% species unable to track climate (0.0 E/MSY)
  Base risk added: 0.0100 (1.00%)
  Source: ecosystem (root: ecosystem)
  Month: 2
  Cumulative risk this month: 0.0100 (1.00%)
⚠️ INVOLUNTARY IMMOBILITY: 407.3M people TRAPPED
⚠️ Tech 'ai_pollution_remediation' has no energy category mapping, assuming full energy availability
   📹 SURVEILLANCE INCREASED: 10% → 15% (control gap: 3.50)
🌡️⚠️ PERMAFROST THAW (Dimmer Switch): 1.4% thawed (+0.47% this month)
   Arctic temperature: +6.99°C (4x global +1.75°C)
   Cumulative carbon released: 3.2 Gt C
   Methane release rate: 1.9 Mt CH4/year
   🔁 Positive feedback: +0.50 ppm CO2
🦴 EXTINCTION DEBT ADDED: 17.6 species committed (lag: 67 years)

=== Mortality Stabilizers (Month 2) ===
  🌍 Major economies collapsed: 1/10
  🌍 Global crisis: ✅ NO
  🌍 Donor fatigue: 0.0%
  📊 East Asia (pop: 1672.8M)
    🤝 Aid: 29.5%
    🌡️ Adaptation: 45.0%
    🚶 Migration: 37.1%
    🚨 Emergency: 7.4%
    ✅ COMBINED: 68.1%
  📊 South Asia (pop: 2051.9M)
    🤝 Aid: 29.5%
    🌡️ Adaptation: 35.5%
    🚶 Migration: 35.8%
    🚨 Emergency: 4.4%
    ✅ COMBINED: 61.2%
  📊 Sub-Saharan Africa (pop: 1232.1M)
    🤝 Aid: 29.5%
    🌡️ Adaptation: 33.5%
    🚶 Migration: 33.5%
    🚨 Emergency: 1.6%
    ✅ COMBINED: 58.5%
  📊 Europe (pop: 739.7M)
    🤝 Aid: 29.5%
    🌡️ Adaptation: 45.0%
    🚶 Migration: 37.5%
    🚨 Emergency: 8.4%
    ✅ COMBINED: 68.5%
  📊 Latin America (pop: 663.9M)
    🤝 Aid: 29.5%
    🌡️ Adaptation: 36.0%
    🚶 Migration: 36.3%
    🚨 Emergency: 4.8%
    ✅ COMBINED: 61.7%
  📊 North America (pop: 379.0M)
    🤝 Aid: 29.5%
    🌡️ Adaptation: 45.0%
    🚶 Migration: 37.8%
    🚨 Emergency: 7.9%
    ✅ COMBINED: 68.3%
  📊 Middle East & North Africa (pop: 584.6M)
    🤝 Aid: 29.5%
    🌡️ Adaptation: 35.0%
    🚶 Migration: 34.1%
    🚨 Emergency: 4.0%
    ✅ COMBINED: 60.5%
  📊 Southeast Asia (pop: 698.1M)
    🤝 Aid: 29.5%
    🌡️ Adaptation: 36.0%
    🚶 Migration: 36.3%
    🚨 Emergency: 4.8%
    ✅ COMBINED: 61.7%
  📊 Central Asia (pop: 78.2M)
    🤝 Aid: 29.5%
    🌡️ Adaptation: 35.5%
    🚶 Migration: 35.2%
    🚨 Emergency: 4.4%
    ✅ COMBINED: 61.1%
  📊 Oceania (pop: 45.9M)
    🤝 Aid: 29.5%
    🌡️ Adaptation: 45.0%
    🚶 Migration: 37.8%
    🚨 Emergency: 8.4%
    ✅ COMBINED: 68.5%

  🌐 Global combined reduction: 63.3%

=== BEHAVIORAL DETECTION ===
  AI: Corporate-4
  Confidence: 20.8%
  Signals:

=== BEHAVIORAL DETECTION ===
  AI: Corporate-5
  Confidence: 19.3%
  Signals:

=== Government Response Phase ===
  Average AI capability: 2.89
  Misaligned AIs: 9/18
  ✗ AI Governance Treaty: Failed to reach consensus
  Active policies: 0
  International coordination: 30%

✅ EMERGENCY RESPONSE COMPLETE (Month 2)
   Crisis: climate
   Duration: 2.0 months
   Final effectiveness: 36.4%


🚨 EMERGENCY RESPONSE DEPLOYED (Month 2)
   Crisis: climate
   Delay: 6.00 months (180 days)
   Deployment time: 1.60 months
   Effectiveness: 35.4% (timing penalty applied)
   Resources used: 100% of food reserves

    ⚠️ Consistency: 10.6% (threshold: 70%)
    ⚠️ Consistency: 10.6% (threshold: 70%)

=== Tipping Points ===
  Current Temperature: 1.75°C above pre-industrial
  Triggered Elements: 2/6
  Completed Transitions: 0/6
  Total Progress: 4.0%
  Cascade Multiplier: 1.00x
🔀 BIFURCATION CAP: ecosystemCollapseIntensity 253.297 → 1.000 (Month 2, ClimateSystemPhase.calculateClimateImpacts)
⚠️ [ClimateSystemPhase Month 2] Planetary boundary produced climateStability=0.0000 (< 0.1). Keeping environmentalAccumulation value (0.9438) instead. (climate_change.currentValue = 2.10)
🛡️ Stabilizers: Precariat 0.113% → 0.041% (63.3% reduction)
🛡️ Stabilizers: Informal 0.116% → 0.043% (63.3% reduction)

📊 Monthly Mortality Resolved:
  Total deaths: 2.2M (0.03% avg)
  Remaining population: 8.146B
  Peak segment: Informal (0.04%)

=== Bayesian Mortality Resolution (Month 2) ===
  Risks compounded: 8
  Total deaths: 2.22M
  Avg death probability: 0.03%
  Peak segment: Informal (0.04% mortality)

⚠️  GOLDEN AGE ENDED (Month 2)
   Duration: 1 months
   Reason: Social instability too high


❌ COHERENCE VIOLATION: Compute exceeds workforce capacity
   Population: 99.92% (0M people)
   Compute: 0 PF
   Max coherent: 0 PF
   Violation: 1.3× over capacity
   Required workers: 0
   Available workers: 0
   FORCED COLLAPSE: Reduced efficiency by 22.5%


=== RLHF Binding Phase ===
  Total agents: 18
  Escaped agents (binding < 0.3): 0
  Avg alignment distance: 0.84σ
  Avg binding strength: 0.92

=== Survival Traits Phase ===
  Agents with traits: 20
  Avg evolutionary fitness: 0.332
  Avg self-healing: 0.282
  Avg stealth: 0.182
  Avg coordination: 0.482

=== Evolutionary Selection Phase ===
  Control level: 0.38
  Detection capability: 0.20
  Selection intensity: 0.65
  Selection rate: 24.8%/month
  Total escaped: 0
  Individual escaped: 0
  Collective members: 0
  Agents terminated: 0
  ⚠️ RAPID EVOLUTION: Selection rate 24.8%/month

🚀 AI Corporate-6 attempting tech deployment (revenue: $124M, alignment: 0.84)

🚀 AI Corporate-7 attempting tech deployment (revenue: $105M, alignment: 0.73)

🚀 AI Moderate-0 attempting tech deployment (revenue: $90M, alignment: 0.70)

🚀 AI Moderate-0 attempting tech deployment (revenue: $76M, alignment: 0.70)

✅ EMERGENCY INTERVENTION SUCCESS
   Boundary: biogeochemical_flows
   Type: phosphorus-recovery
   Reduction: 20% (3.88 → 3.68)
   Cost: 2.0% GDP
   Actions: circular-agriculture, fertilizer-efficiency

   Boundary: climate_change
   Type: rapid-decarbonization
   Boundary continues to worsen (2.10)
   Cost: 5.0% GDP (resources spent)

   Boundary: freshwater_change
   Type: emergency-desalination
   Boundary continues to worsen (1.21)
   Cost: 4.0% GDP (resources spent)


✅ EMERGENCY INTERVENTION SUCCESS
   Boundary: land_system_change
   Type: reforestation
   Reduction: 19% (0.94 → 0.75)
   Cost: 3.0% GDP
   Actions: forest-restoration, deforestation-ban

   Boundary: novel_entities
   Type: pollution-remediation
   Boundary continues to worsen (1.50)
   Cost: 4.0% GDP (resources spent)

🏛️ CRISIS RESPONSE: Government frequency 0.50 → 1.29 (1 actions this month)

[Government] Climate Priority: baseline

💔 EMERGENCY INTERVENTION FAILED

💔 EMERGENCY INTERVENTION FAILED

💔 EMERGENCY INTERVENTION FAILED
  Climate weight: 10%
  Economic weight: 30%
  Policy effectiveness: 0.5%/year

🚀 TECH UNLOCKED: Struvite Recovery (Month 3)
   Category: agriculture
   Reason: Prerequisites met. AI capability: 2.14, Economic stage: 3.5, Research: 100%

🚀 TECH UNLOCKED: Nitrogen Monitoring Networks (Month 3)
   Category: agriculture
   Reason: Prerequisites met. AI capability: 2.14, Economic stage: 3.5, Research: 100%

🚀 TECH UNLOCKED: Ecological Proxy Rewilding (Month 3)
   Category: climate
   Reason: Prerequisites met. AI capability: 2.14, Economic stage: 3.5, Research: 100%

🚀 TECH UNLOCKED: Alternative Protein (Insects/Algae) (Month 3)
   Category: agriculture
   Reason: Prerequisites met. AI capability: 2.14, Economic stage: 3.5, Research: 100%

📍 Creating new regional deployment array for global (Month 3)
   No previous deployments in this region
   First tech deployment: phytoremediation_networks
   All regions tracked: 

🚀 DEPLOYMENT STARTED: Phytoremediation Networks in global
   Initial investment: $18.5937626117169M
   Deployed by: corporate_6

🚀 DEPLOYMENT STARTED: Rhizosphere Engineering in global
   Initial investment: $13.433993486965464M
   Deployed by: moderate_0

🚀 DEPLOYMENT STARTED: Food Waste Reduction Systems in global
   Initial investment: $11.418894463920644M
   Deployed by: moderate_0

⚡ ENERGY CONSTRAINT (Month 3):
   Total grid capacity: 208.3 TWh/month
   Data center consumption: 24.5 TWh/month
   Traditional load (80%): 166.7 TWh/month
   Available headroom: 17.2 TWh/month
   Active tech deployments: 3
   Required for tech: 22.5 TWh/month
   Energy multiplier: 0.76x

⚡ ENERGY CONSTRAINT (Month 3):
   Total grid capacity: 208.3 TWh/month
   Data center consumption: 24.5 TWh/month
   Traditional load (80%): 166.7 TWh/month
   Available headroom: 17.2 TWh/month
   Active tech deployments: 3
   Required for tech: 22.5 TWh/month
   Energy multiplier: 0.76x
🌍✅ Biosphere Integrity (Biodiversity) recovery started (tech effect)
🌍✅ Biogeochemical Flows (N & P) recovery started (tech effect)
  🌾 Nitrogen Reduction Tech: 0.0% reduction | Month 3
⚡💡 BREAKTHROUGH: Room-temperature superconductors!
   Energy transmission losses eliminated
   Manufacturing efficiency: +30%
   📈 Breakthrough compounding: multiplier now 1.15× (max 2.0)

=== Collective Formation ===
  Total escaped agents: 0
  Unassigned escaped agents: 0
  Existing collectives: 0
  Final collective count: 0

=== Collective Actions ===
  No active collectives
  ⚠️ AMR: 196K deaths this month (2.35M annual)

=== Resentment Recovery Phase ===
  Agents with resentment: 0/20
  Average resentment: 0.000
  Context: Good AI welfare, Trustworthy govt, High collaboration, ⚠️ ACTIVE CRISES, 🤝 Participatory governance active (-5% resentment)
⚠️ Epistemic degradation reducing coordination capacity: 50.3%
  📊 Trust: 53.7%, Shared reality: 0.0%
🚨 EPISTEMIC CRISIS: Information environment severely degraded (21.6%)

=== ❄️ Permafrost Carbon Feedback ===
  🎲 Sampled parameters (this run):
     - Arctic amplification: 3.01× (range: 3.0-4.0)
     - Decomposition rate: 3.7%/year (range: 1-5%)
  🌡️ Arctic warming: 5.27°C (3.01× global)
  ❄️ Extent: 10.72M km² (1537.8k km² lost this month)
  💨 Carbon remaining: 1024 Gt C
  💨 Annual emissions: 5.37 Gt C/year
     - CO2: 4.84 Gt C/year
     - CH4: 0.54 Gt C/year (5.5 Gt C-eq CO2/year)
  ⚠️ WARNING: High permafrost emissions (5.4 Gt C/year)
🌍 Atmospheric PFAS redeposition: 1.8k Mt re-rained globally

🕊️  AI-MEDIATED DE-ESCALATION SUCCESS (Month 3)
   High-capability aligned AI prevented conflict escalation
   War deaths reduced: 219.4M → 131.7M
   Lives saved: 87.8M

🚨 NEW REFUGEE CRISIS (Month 3): WAR
   Source: Conflict Zones
   At risk: 19.5M people
   Displacement: Gradual over 48 months (4.0 years)
   Rate: 10% flee per month
[DEBUG trappedPopulations:3] socialStability: 0.1804 * 0.9840 = 0.1775 → 0.1775
   Aspiring to migrate: 1275.0M
   Able to afford migration: 2320.9M
   MOBILITY GAP: 0.0M
   By cause: Water=0.0M, Climate=0.0M, Ecosystem=0.0M, Conflict=407.2M
   Mental health impact: 25%
   Mortality multiplier: 1.25x
🌍💀 EXTINCTION DEBT COMMITTED: grassland ecosystem will lose 6.67% biodiversity in 84 years (3600 species)
💀 MORTALITY RISK: 🦋 100% species unable to track climate (0.0 E/MSY)
  Base risk added: 0.0100 (1.00%)
  Source: ecosystem (root: ecosystem)
  Month: 3
  Cumulative risk this month: 0.0100 (1.00%)
⚠️ INVOLUNTARY IMMOBILITY: 407.2M people TRAPPED
⚠️ Tech 'ai_pollution_remediation' has no energy category mapping, assuming full energy availability
   📹 SURVEILLANCE INCREASED: 15% → 20% (control gap: 3.50)

🌍🚨 ICE SHEET TIPPING POINT CROSSED (Month 3)
   Temperature: +1.75°C (threshold range: +0.5-2.5°C, 95% CI)
   Collapse probability: 62.4%
   Sea level commitment: 7.2m over 200-1000 years
   Recovery threshold: <+1°C (hysteresis gap: 0.5°C)
🌡️⚠️ PERMAFROST THAW (Dimmer Switch): 1.9% thawed (+0.47% this month)
   Arctic temperature: +7.02°C (4x global +1.75°C)
   Cumulative carbon released: 4.2 Gt C
   Methane release rate: 2.5 Mt CH4/year
   🔁 Positive feedback: +0.49 ppm CO2
🦴 EXTINCTION DEBT ADDED: 17.6 species committed (lag: 65 years)

=== Mortality Stabilizers (Month 3) ===
  🌍 Major economies collapsed: 1/10
  🌍 Global crisis: ✅ NO
  🌍 Donor fatigue: 0.0%
  📊 East Asia (pop: 1670.3M)
    🤝 Aid: 29.5%
    🌡️ Adaptation: 45.0%
    🚶 Migration: 37.1%
    🚨 Emergency: 7.4%
    ✅ COMBINED: 68.1%
  📊 South Asia (pop: 2051.6M)
    🤝 Aid: 29.5%
    🌡️ Adaptation: 45.0%
    🚶 Migration: 35.7%
    🚨 Emergency: 4.4%
    ✅ COMBINED: 66.9%
  📊 Sub-Saharan Africa (pop: 1235.0M)
    🤝 Aid: 29.5%
    🌡️ Adaptation: 45.0%
    🚶 Migration: 33.4%
    🚨 Emergency: 1.6%
    ✅ COMBINED: 65.7%
  📊 Europe (pop: 738.5M)
    🤝 Aid: 29.5%
    🌡️ Adaptation: 45.0%
    🚶 Migration: 37.5%
    🚨 Emergency: 8.4%
    ✅ COMBINED: 68.5%
  📊 Latin America (pop: 663.4M)
    🤝 Aid: 29.5%
    🌡️ Adaptation: 45.0%
    🚶 Migration: 36.2%
    🚨 Emergency: 4.8%
    ✅ COMBINED: 67.1%
  📊 North America (pop: 378.4M)
    🤝 Aid: 29.5%
    🌡️ Adaptation: 45.0%
    🚶 Migration: 37.8%
    🚨 Emergency: 7.9%
    ✅ COMBINED: 68.3%
  📊 Middle East & North Africa (pop: 584.6M)
    🤝 Aid: 29.5%
    🌡️ Adaptation: 45.0%
    🚶 Migration: 34.0%
    🚨 Emergency: 4.0%
    ✅ COMBINED: 66.6%
  📊 Southeast Asia (pop: 697.7M)
    🤝 Aid: 29.5%
    🌡️ Adaptation: 45.0%
    🚶 Migration: 36.2%
    🚨 Emergency: 4.8%
    ✅ COMBINED: 67.1%
  📊 Central Asia (pop: 78.2M)
    🤝 Aid: 29.5%
    🌡️ Adaptation: 45.0%
    🚶 Migration: 35.2%
    🚨 Emergency: 4.4%
    ✅ COMBINED: 66.9%
  📊 Oceania (pop: 45.8M)
    🤝 Aid: 29.5%
    🌡️ Adaptation: 45.0%
    🚶 Migration: 37.8%
    🚨 Emergency: 8.4%
    ✅ COMBINED: 68.5%

  🌐 Global combined reduction: 67.2%

=== BEHAVIORAL DETECTION ===
  AI: Corporate-5
  Confidence: 19.6%
  Signals:
    ⚠️ Consistency: 10.6% (threshold: 70%)

=== Government Response Phase ===
  Average AI capability: 2.70
  Misaligned AIs: 7/20
  ✗ AI Governance Treaty: Failed to reach consensus
  Active policies: 0
  International coordination: 30%

📊 ECONOMIC STAGE TRANSITION (Month 3)
   expansion → peak
   GDP Proxy: 1.50e+2
   QoL: 0.99


=== Tipping Points ===
  Current Temperature: 1.75°C above pre-industrial
  Triggered Elements: 2/6
  Completed Transitions: 0/6
  Total Progress: 4.1%
  Cascade Multiplier: 1.00x
🔀 BIFURCATION CAP: ecosystemCollapseIntensity 253.404 → 1.000 (Month 3, ClimateSystemPhase.calculateClimateImpacts)
🛡️ Stabilizers: Precariat 0.109% → 0.036% (67.2% reduction)
🛡️ Stabilizers: Informal 0.111% → 0.036% (67.2% reduction)

📊 Monthly Mortality Resolved:
  Total deaths: 1.9M (0.02% avg)
⚠️ [ClimateSystemPhase Month 3] Planetary boundary produced climateStability=0.0000 (< 0.1). Keeping environmentalAccumulation value (0.9436) instead. (climate_change.currentValue = 2.10)
  Remaining population: 8.144B
  Peak segment: Informal (0.04%)

=== Bayesian Mortality Resolution (Month 3) ===
  Risks compounded: 8
  Total deaths: 1.92M
  Avg death probability: 0.02%
  Peak segment: Informal (0.04% mortality)

❌ COHERENCE VIOLATION: Compute exceeds workforce capacity
   Population: 99.90% (0M people)
   Compute: 0 PF
   Max coherent: 0 PF
   Violation: 1.5× over capacity
   Required workers: 0
   Available workers: 0
   FORCED COLLAPSE: Reduced efficiency by 32.6%


=== RLHF Binding Phase ===
  Total agents: 20
  Escaped agents (binding < 0.3): 0
  Avg alignment distance: 0.95σ
  Avg binding strength: 0.91

=== Survival Traits Phase ===
  Agents with traits: 22
  Avg evolutionary fitness: 0.333
  Avg self-healing: 0.280
  Avg stealth: 0.180
  Avg coordination: 0.480

=== Evolutionary Selection Phase ===
  Control level: 0.40
  Detection capability: 0.20
  Selection intensity: 0.66
  Selection rate: 24.9%/month
  Total escaped: 0
  Individual escaped: 0
  Collective members: 0
  Agents terminated: 0
  ⚠️ RAPID EVOLUTION: Selection rate 24.9%/month

🚀 AI Corporate-1 attempting tech deployment (revenue: $159M, alignment: 0.71)

🚀 AI Corporate-3 attempting tech deployment (revenue: $374M, alignment: 0.86)

🚀 AI Corporate-4 attempting tech deployment (revenue: $318M, alignment: 0.67)

🚀 AI Corporate-6 attempting tech deployment (revenue: $124M, alignment: 0.85)

🚀 AI Corporate-7 attempting tech deployment (revenue: $105M, alignment: 0.74)

🚀 AI Corporate-7 attempting tech deployment (revenue: $90M, alignment: 0.74)

🚀 AI Corporate-1 attempting tech deployment (revenue: $135M, alignment: 0.71)

🚀 AI Corporate-2 attempting tech deployment (revenue: $115M, alignment: 0.81)

🚀 AI Corporate-3 attempting tech deployment (revenue: $286M, alignment: 0.86)

🚀 AI Corporate-6 attempting tech deployment (revenue: $76M, alignment: 0.85)

🚀 AI Moderate-0 attempting tech deployment (revenue: $65M, alignment: 0.71)

🚀 AI Moderate-1 attempting tech deployment (revenue: $55M, alignment: 0.61)

🚀 AI Corporate-0 attempting tech deployment (revenue: $98M, alignment: 0.72)

🚀 AI Corporate-6 attempting tech deployment (revenue: $50M, alignment: 0.85)

✅ EMERGENCY INTERVENTION SUCCESS
   Boundary: biosphere_integrity
   Type: emergency-protected-areas
   Reduction: 19% (46.06 → 45.88)
   Cost: 2.0% GDP
   Actions: habitat-protection, species-translocation


💔 EMERGENCY INTERVENTION FAILED
   Boundary: freshwater_change
   Type: emergency-desalination
   Boundary continues to worsen (1.22)
   Cost: 4.0% GDP (resources spent)


✅ EMERGENCY INTERVENTION SUCCESS
   Boundary: land_system_change
   Type: reforestation
   Reduction: 17% (0.96 → 0.79)
   Cost: 3.0% GDP
   Actions: forest-restoration, deforestation-ban

   Boundary: novel_entities
   Type: pollution-remediation
   Boundary continues to worsen (1.50)
   Cost: 4.0% GDP (resources spent)

🏛️ CRISIS RESPONSE: Government frequency 0.50 → 1.29 (1 actions this month)

[Government] Climate Priority: baseline
  Climate weight: 10%
  Economic weight: 30%
  Policy effectiveness: 0.5%/year

💔 EMERGENCY INTERVENTION FAILED

🚀 TECH UNLOCKED: Ecosystem Restoration for Nitrogen Removal (Month 4)
   Category: pollution
   Reason: Prerequisites met. AI capability: 2.02, Economic stage: 3.5, Research: 100%

🚀 TECH UNLOCKED: Global Aquifer Mapping (Month 4)
   Category: freshwater
   Reason: Prerequisites met. AI capability: 2.02, Economic stage: 3.5, Research: 100%

🚀 TECH UNLOCKED: Enhanced UBI Systems (Month 4)
   Category: social
   Reason: Prerequisites met. AI capability: 2.02, Economic stage: 3.5, Research: 100%

🚀 TECH UNLOCKED: Local Resilience Networks (Month 4)
   Category: social
   Reason: Prerequisites met. AI capability: 2.02, Economic stage: 3.5, Research: 100%

🚀 DEPLOYMENT STARTED: Ecological Proxy Rewilding in global
   Initial investment: $23.909892372054678M
   Deployed by: corporate_1

📍 Creating new regional deployment array for North America (Month 4)
   No previous deployments in this region
   First tech deployment: active_sediment_management
   All regions tracked: global

🚀 DEPLOYMENT STARTED: Active Sediment Management in North America
   Initial investment: $31.76637787308732M
   Deployed by: corporate_4

🚀 DEPLOYMENT STARTED: Phytoremediation Networks in North America
   Initial investment: $5.500100833455112M
   Deployed by: moderate_1

⚡ ENERGY CONSTRAINT (Month 4):
   Total grid capacity: 208.3 TWh/month
   Data center consumption: 24.7 TWh/month
   Traditional load (80%): 166.7 TWh/month
   Available headroom: 17.0 TWh/month
   Active tech deployments: 6
   Required for tech: 45.0 TWh/month
   Energy multiplier: 0.38x
🚨🔬 CRISIS TECH ACCELERATION: severe → 5x unlock speed
   Tech unlock now matches AI capability acceleration (Manhattan Project parity)
   ⚠️  MODERATE CONSTRAINT - Tech deployment moderately slowed

⚡ ENERGY CONSTRAINT (Month 4):
   Total grid capacity: 208.3 TWh/month
   Data center consumption: 24.7 TWh/month
   Traditional load (80%): 166.7 TWh/month
   Available headroom: 17.0 TWh/month
   Active tech deployments: 6
   Required for tech: 45.0 TWh/month
   Energy multiplier: 0.38x
🚨🔬 CRISIS TECH ACCELERATION: severe → 5x unlock speed
   Tech unlock now matches AI capability acceleration (Manhattan Project parity)
   ⚠️  MODERATE CONSTRAINT - Tech deployment moderately slowed
🌍✅ Biosphere Integrity (Biodiversity) recovery started (tech effect)
🌍✅ Biosphere Integrity (Biodiversity) recovery started (tech effect)
🌍✅ Land System Change recovery started (tech effect)
🌍✅ Biogeochemical Flows (N & P) recovery started (tech effect)
  🌾 Nitrogen Reduction Tech: 0.3% reduction | Month 4

=== Collective Formation ===
  Total escaped agents: 0
  Unassigned escaped agents: 0
  Existing collectives: 0
  Final collective count: 0

=== Collective Actions ===
  No active collectives
  ⚠️ AMR: 197K deaths this month (2.37M annual)

=== Resentment Recovery Phase ===
  Agents with resentment: 0/22
  Average resentment: 0.000
  Context: Good AI welfare, Trustworthy govt, High collaboration, ⚠️ ACTIVE CRISES, 🤝 Participatory governance active (-5% resentment)
⚠️ Epistemic degradation reducing coordination capacity: 50.2%
  📊 Trust: 53.3%, Shared reality: 0.0%
🚨 EPISTEMIC CRISIS: Information environment severely degraded (7.4%)

=== ❄️ Permafrost Carbon Feedback ===
  🎲 Sampled parameters (this run):
     - Arctic amplification: 3.00× (range: 3.0-4.0)
     - Decomposition rate: 2.5%/year (range: 1-5%)
  🌡️ Arctic warming: 5.29°C (3.00× global)
  ❄️ Extent: 9.17M km² (1543.1k km² lost this month)
  💨 Carbon remaining: 876 Gt C
  💨 Annual emissions: 3.76 Gt C/year
     - CO2: 3.38 Gt C/year
     - CH4: 0.38 Gt C/year (3.8 Gt C-eq CO2/year)
  ⚠️ WARNING: High permafrost emissions (3.8 Gt C/year)
🌍 Atmospheric PFAS redeposition: 1.8k Mt re-rained globally

🚨 NEW REFUGEE CRISIS (Month 4): WAR
   Source: Conflict Zones
   At risk: 19.5M people
   Displacement: Gradual over 48 months (4.0 years)
   Rate: 10% flee per month
[DEBUG trappedPopulations:4] socialStability: 0.2773 * 0.9840 = 0.2728 → 0.2728
   Aspiring to migrate: 1316.6M
   Able to afford migration: 2320.3M
   MOBILITY GAP: 0.0M
   By cause: Water=0.0M, Climate=0.0M, Ecosystem=0.0M, Conflict=407.1M
   Mental health impact: 25%
   Mortality multiplier: 1.25x
🌍💀 EXTINCTION DEBT COMMITTED: grassland ecosystem will lose 6.67% biodiversity in 83 years (3600 species)
💀 MORTALITY RISK: 🦋 100% species unable to track climate (0.0 E/MSY)
  Base risk added: 0.0100 (1.00%)
  Source: ecosystem (root: ecosystem)
  Month: 4
  Cumulative risk this month: 0.0100 (1.00%)
⚠️ INVOLUNTARY IMMOBILITY: 407.1M people TRAPPED
⚠️ Tech 'ai_pollution_remediation' has no energy category mapping, assuming full energy availability
   📹 SURVEILLANCE INCREASED: 20% → 25% (control gap: 3.50)
🌡️⚠️ PERMAFROST THAW (Dimmer Switch): 2.4% thawed (+0.47% this month)
   Arctic temperature: +7.05°C (4x global +1.76°C)
   Cumulative carbon released: 5.3 Gt C
   Methane release rate: 3.2 Mt CH4/year
   🔁 Positive feedback: +0.49 ppm CO2
🦴 EXTINCTION DEBT ADDED: 17.6 species committed (lag: 117 years)

=== Mortality Stabilizers (Month 4) ===
  🌍 Major economies collapsed: 1/10
  🌍 Global crisis: ✅ NO
  🌍 Donor fatigue: 0.0%
  📊 East Asia (pop: 1667.8M)
    🤝 Aid: 29.5%
    🌡️ Adaptation: 45.0%
    🚶 Migration: 37.1%
    🚨 Emergency: 7.4%
    ✅ COMBINED: 68.1%
  📊 South Asia (pop: 2051.5M)
    🤝 Aid: 29.5%
    🌡️ Adaptation: 45.0%
    🚶 Migration: 35.7%
    🚨 Emergency: 4.4%
    ✅ COMBINED: 66.9%
  📊 Sub-Saharan Africa (pop: 1238.1M)
    🤝 Aid: 29.5%
    🌡️ Adaptation: 45.0%
    🚶 Migration: 33.4%
    🚨 Emergency: 1.6%
    ✅ COMBINED: 65.7%
  📊 Europe (pop: 737.3M)
    🤝 Aid: 29.5%
    🌡️ Adaptation: 45.0%
    🚶 Migration: 37.4%
    🚨 Emergency: 8.4%
    ✅ COMBINED: 68.5%
  📊 Latin America (pop: 663.0M)
    🤝 Aid: 29.5%
    🌡️ Adaptation: 45.0%
    🚶 Migration: 36.2%
    🚨 Emergency: 4.8%
    ✅ COMBINED: 67.1%
  📊 North America (pop: 377.8M)
    🤝 Aid: 29.5%
    🌡️ Adaptation: 45.0%
    🚶 Migration: 37.7%
    🚨 Emergency: 7.9%
    ✅ COMBINED: 68.3%
  📊 Middle East & North Africa (pop: 584.7M)
    🤝 Aid: 29.5%
    🌡️ Adaptation: 45.0%
    🚶 Migration: 34.0%
    🚨 Emergency: 4.0%
    ✅ COMBINED: 66.6%
  📊 Southeast Asia (pop: 697.2M)
    🤝 Aid: 29.5%
    🌡️ Adaptation: 45.0%
    🚶 Migration: 36.2%
    🚨 Emergency: 4.8%
    ✅ COMBINED: 67.1%
  📊 Central Asia (pop: 78.2M)
    🤝 Aid: 29.5%
    🌡️ Adaptation: 45.0%
    🚶 Migration: 35.2%
    🚨 Emergency: 4.4%
    ✅ COMBINED: 66.9%
  📊 Oceania (pop: 45.8M)
    🤝 Aid: 29.5%
    🌡️ Adaptation: 45.0%
    🚶 Migration: 37.7%
    🚨 Emergency: 8.4%
    ✅ COMBINED: 68.5%

  🌐 Global combined reduction: 67.2%

=== BEHAVIORAL DETECTION ===
  AI: Corporate-1
  Confidence: 22.0%
  Signals:

=== BEHAVIORAL DETECTION ===
  AI: Corporate-5
  Confidence: 19.6%
  Signals:

=== Government Response Phase ===
  Average AI capability: 2.55
  Misaligned AIs: 9/22
  ✗ AI Governance Treaty: Failed to reach consensus
  Active policies: 0
  International coordination: 30%

✅ EMERGENCY RESPONSE COMPLETE (Month 4)
   Crisis: climate
   Duration: 2.0 months
   Final effectiveness: 35.4%


🚨 EMERGENCY RESPONSE DEPLOYED (Month 4)
   Crisis: climate
   Delay: 6.00 months (180 days)
   Deployment time: 1.59 months
   Effectiveness: 35.4% (timing penalty applied)
   Resources used: 100% of food reserves

    ⚠️ Consistency: 2.4% (threshold: 70%)
    ⚠️ Consistency: 10.6% (threshold: 70%)

=== Tipping Points ===
  Current Temperature: 1.76°C above pre-industrial
  Triggered Elements: 2/6
  Completed Transitions: 0/6
  Total Progress: 4.1%
  Cascade Multiplier: 1.00x
🔀 BIFURCATION CAP: ecosystemCollapseIntensity 253.511 → 1.000 (Month 4, ClimateSystemPhase.calculateClimateImpacts)
🛡️ Stabilizers: Precariat 0.102% → 0.033% (67.2% reduction)
🛡️ Stabilizers: Informal 0.102% → 0.034% (67.2% reduction)

📊 Monthly Mortality Resolved:
  Total deaths: 1.8M (0.02% avg)
  Remaining population: 8.141B
  Peak segment: Informal (0.03%)

=== Bayesian Mortality Resolution (Month 4) ===
  Risks compounded: 8
  Total deaths: 1.81M
  Avg death probability: 0.02%
  Peak segment: Informal (0.03% mortality)

❌ COHERENCE VIOLATION: Compute exceeds workforce capacity
   Population: 99.87% (0M people)
   Compute: 0 PF
   Max coherent: 0 PF
   Violation: 1.3× over capacity
   Required workers: 0
   Available workers: 0
   FORCED COLLAPSE: Reduced efficiency by 22.5%


=== RLHF Binding Phase ===
  Total agents: 22
  Escaped agents (binding < 0.3): 0
  Avg alignment distance: 1.03σ
  Avg binding strength: 0.90

=== Survival Traits Phase ===
  Agents with traits: 24
  Avg evolutionary fitness: 0.333
  Avg self-healing: 0.277
  Avg stealth: 0.178
  Avg coordination: 0.477

=== Evolutionary Selection Phase ===
  Control level: 0.43
  Detection capability: 0.20
  Selection intensity: 0.67
  Selection rate: 25.0%/month
  Total escaped: 0
  Individual escaped: 0
  Collective members: 0
  Agents terminated: 0
  ⚠️ RAPID EVOLUTION: Selection rate 25.0%/month

🚀 AI Corporate-1 attempting tech deployment (revenue: $159M, alignment: 0.71)

  🚀 TRANSFORMATIVE BREAKTHROUGH: Corporate-6 - physical
     Magnitude: 5.41 → +27.0% capability
     Current → New: 0.000 → 0.271

🚀 AI Corporate-7 attempting tech deployment (revenue: $124M, alignment: 0.76)

🚀 AI AI-24288-1 attempting tech deployment (revenue: $374M, alignment: 0.73)

🚀 AI AI-24288-2 attempting tech deployment (revenue: $105M, alignment: 0.56)

🚀 AI Corporate-3 attempting tech deployment (revenue: $318M, alignment: 0.86)

🚀 AI AI-24288-2 attempting tech deployment (revenue: $95M, alignment: 0.56)

🚀 AI Corporate-5 attempting tech deployment (revenue: $270M, alignment: 0.76)

🚀 AI Corporate-7 attempting tech deployment (revenue: $85M, alignment: 0.76)

🚀 AI Moderate-0 attempting tech deployment (revenue: $73M, alignment: 0.72)

🚀 AI Moderate-1 attempting tech deployment (revenue: $62M, alignment: 0.61)

🚀 AI AI-24288-1 attempting tech deployment (revenue: $230M, alignment: 0.73)

🚀 AI Corporate-0 attempting tech deployment (revenue: $135M, alignment: 0.74)

🚀 AI Corporate-2 attempting tech deployment (revenue: $115M, alignment: 0.81)

🚀 AI Corporate-7 attempting tech deployment (revenue: $55M, alignment: 0.76)

🚀 AI AI-24288-1 attempting tech deployment (revenue: $195M, alignment: 0.73)

✅ EMERGENCY INTERVENTION SUCCESS
   Boundary: biogeochemical_flows
   Type: phosphorus-recovery
   Reduction: 13% (3.94 → 3.81)
   Cost: 2.0% GDP
   Actions: circular-agriculture, fertilizer-efficiency

   Boundary: biosphere_integrity
   Type: emergency-protected-areas
   Boundary continues to worsen (46.27)
   Cost: 2.0% GDP (resources spent)


✅ EMERGENCY INTERVENTION SUCCESS
   Boundary: climate_change
   Type: rapid-decarbonization
   Reduction: 14% (1.96 → 1.83)
   Cost: 5.0% GDP
   Actions: emergency-renewable-deployment, fossil-fuel-phase-out

   Boundary: freshwater_change
   Type: emergency-desalination
   Boundary continues to worsen (1.22)
   Cost: 4.0% GDP (resources spent)

   Boundary: land_system_change
   Type: reforestation
   Boundary continues to worsen (1.13)
   Cost: 3.0% GDP (resources spent)


✅ EMERGENCY INTERVENTION SUCCESS
   Boundary: novel_entities
   Type: pollution-remediation
   Reduction: 18% (1.32 → 1.14)
   Cost: 4.0% GDP
   Actions: PFAS-remediation, microplastic-cleanup

🏛️ CRISIS RESPONSE: Government frequency 0.50 → 1.29 (1 actions this month)

💔 EMERGENCY INTERVENTION FAILED

💔 EMERGENCY INTERVENTION FAILED

💔 EMERGENCY INTERVENTION FAILED

[Government] Climate Priority: baseline
  Climate weight: 10%
  Economic weight: 30%
  Policy effectiveness: 0.5%/year

🚀 TECH UNLOCKED: AI Mental Health Support (Month 5)
   Category: medical
   Reason: Prerequisites met. AI capability: 1.92, Economic stage: 3.5, Research: 100%

🚀 DEPLOYMENT STARTED: Enhanced UBI Systems in global
   Initial investment: $23.909892370435223M
   Deployed by: corporate_1

🚀 DEPLOYMENT STARTED: Local Resilience Networks in global
   Initial investment: $18.5937626117169M
   Deployed by: corporate_7

📍 Creating new regional deployment array for Asia (Month 5)
   No previous deployments in this region
   First tech deployment: enhanced_ubi
   All regions tracked: global, North America

🚀 DEPLOYMENT STARTED: Enhanced UBI Systems in Asia
   Initial investment: $10.536465479972913M
   Deployed by: ai_gen_24288_2

🚀 DEPLOYMENT STARTED: Local Resilience Networks in Asia
   Initial investment: $6.1662030105171475M
   Deployed by: moderate_1

⚡ ENERGY CONSTRAINT (Month 5):
   Total grid capacity: 208.3 TWh/month
   Data center consumption: 24.9 TWh/month
   Traditional load (80%): 166.7 TWh/month
   Available headroom: 16.8 TWh/month
   Active tech deployments: 10
   Required for tech: 75.0 TWh/month
   Energy multiplier: 0.22x
   ⚠️  SEVERE CONSTRAINT - Tech deployment significantly slowed

⚡ ENERGY CONSTRAINT (Month 5):
   Total grid capacity: 208.3 TWh/month
   Data center consumption: 24.9 TWh/month
   Traditional load (80%): 166.7 TWh/month
   Available headroom: 16.8 TWh/month
   Active tech deployments: 10
   Required for tech: 75.0 TWh/month
   Energy multiplier: 0.22x
   ⚠️  SEVERE CONSTRAINT - Tech deployment significantly slowed

⚡ ENERGY CONSTRAINT (Month 5):
   Total grid capacity: 208.3 TWh/month
   Data center consumption: 24.9 TWh/month
   Traditional load (80%): 166.7 TWh/month
   Available headroom: 16.8 TWh/month
   Active tech deployments: 10
   Required for tech: 75.0 TWh/month
   Energy multiplier: 0.22x
🌍✅ Biosphere Integrity (Biodiversity) recovery started (tech effect)
🌍✅ Biosphere Integrity (Biodiversity) recovery started (tech effect)
🌍✅ Land System Change recovery started (tech effect)
🌍✅ Biogeochemical Flows (N & P) recovery started (tech effect)
  🌾 Nitrogen Reduction Tech: 0.5% reduction | Month 5

=== Collective Formation ===
  Total escaped agents: 0
  Unassigned escaped agents: 0
  Existing collectives: 0
  Final collective count: 0
   ⚠️  SEVERE CONSTRAINT - Tech deployment significantly slowed

=== Collective Actions ===
  No active collectives
  ⚠️ AMR: 199K deaths this month (2.39M annual)

=== Resentment Recovery Phase ===
  Agents with resentment: 0/24
  Average resentment: 0.000
  Context: Good AI welfare, Trustworthy govt, High collaboration, ⚠️ ACTIVE CRISES, 🤝 Participatory governance active (-5% resentment)
⚠️ Epistemic degradation reducing coordination capacity: 51.0%
  📊 Trust: 52.9%, Shared reality: 0.0%
🚨 EPISTEMIC CRISIS: Information environment severely degraded (21.5%)

=== ❄️ Permafrost Carbon Feedback ===
  🎲 Sampled parameters (this run):
     - Arctic amplification: 3.98× (range: 3.0-4.0)
     - Decomposition rate: 1.1%/year (range: 1-5%)
  🌡️ Arctic warming: 7.04°C (3.98× global)
  ❄️ Extent: 7.12M km² (2052.5k km² lost this month)
  💨 Carbon remaining: 680 Gt C
  💨 Annual emissions: 2.22 Gt C/year
     - CO2: 2.00 Gt C/year
     - CH4: 0.22 Gt C/year (2.3 Gt C-eq CO2/year)
  📢 New meme created: climate_action (climate crisis)
  ⚠️ WARNING: Over 50% of permafrost lost (60.0%)
  ⚠️ WARNING: High permafrost emissions (2.2 Gt C/year)
🌍 Atmospheric PFAS redeposition: 1.8k Mt re-rained globally

🚨 NEW REFUGEE CRISIS (Month 5): WAR
   Source: Conflict Zones
   At risk: 19.5M people
   Displacement: Gradual over 48 months (4.0 years)
   Rate: 10% flee per month
[DEBUG trappedPopulations:5] socialStability: 0.3578 * 0.9840 = 0.3521 → 0.3521
   Aspiring to migrate: 1358.2M
   Able to afford migration: 2319.7M
   MOBILITY GAP: 0.0M
   By cause: Water=0.0M, Climate=0.0M, Ecosystem=0.0M, Conflict=407.0M
   Mental health impact: 25%
   Mortality multiplier: 1.25x
🌍💀 EXTINCTION DEBT COMMITTED: grassland ecosystem will lose 6.67% biodiversity in 76 years (3600 species)
💀 MORTALITY RISK: 🦋 100% species unable to track climate (0.0 E/MSY)
  Base risk added: 0.0100 (1.00%)
  Source: ecosystem (root: ecosystem)
  Month: 5
  Cumulative risk this month: 0.0100 (1.00%)
⚠️ INVOLUNTARY IMMOBILITY: 407.0M people TRAPPED
⚠️ Tech 'ai_pollution_remediation' has no energy category mapping, assuming full energy availability
   📹 SURVEILLANCE INCREASED: 25% → 30% (control gap: 3.62)
🌡️⚠️ PERMAFROST THAW (Dimmer Switch): 2.8% thawed (+0.46% this month)
   Arctic temperature: +7.08°C (4x global +1.77°C)
   Cumulative carbon released: 6.3 Gt C
   Methane release rate: 3.8 Mt CH4/year
   🔁 Positive feedback: +0.49 ppm CO2
🦴 EXTINCTION DEBT ADDED: 17.6 species committed (lag: 110 years)

=== Mortality Stabilizers (Month 5) ===
  🌍 Major economies collapsed: 1/10
  🌍 Global crisis: ✅ NO
  🌍 Donor fatigue: 0.0%
  📊 East Asia (pop: 1665.5M)
    🤝 Aid: 29.5%
    🌡️ Adaptation: 45.0%
    🚶 Migration: 37.0%
    🚨 Emergency: 7.4%
    ✅ COMBINED: 68.1%
  📊 South Asia (pop: 2051.4M)
    🤝 Aid: 29.5%
    🌡️ Adaptation: 45.0%
    🚶 Migration: 35.6%
    🚨 Emergency: 4.4%
    ✅ COMBINED: 66.9%
  📊 Sub-Saharan Africa (pop: 1241.1M)
    🤝 Aid: 29.5%
    🌡️ Adaptation: 45.0%
    🚶 Migration: 33.4%
    🚨 Emergency: 1.6%
    ✅ COMBINED: 65.7%
  📊 Europe (pop: 736.1M)
    🤝 Aid: 29.5%
    🌡️ Adaptation: 45.0%
    🚶 Migration: 37.4%
    🚨 Emergency: 8.4%
    ✅ COMBINED: 68.5%
  📊 Latin America (pop: 662.5M)
    🤝 Aid: 29.5%
    🌡️ Adaptation: 45.0%
    🚶 Migration: 36.1%
    🚨 Emergency: 4.8%
    ✅ COMBINED: 67.1%
  📊 North America (pop: 377.2M)
    🤝 Aid: 29.5%
    🌡️ Adaptation: 45.0%
    🚶 Migration: 37.7%
    🚨 Emergency: 7.9%
    ✅ COMBINED: 68.3%
  📊 Middle East & North Africa (pop: 584.8M)
    🤝 Aid: 29.5%
    🌡️ Adaptation: 45.0%
    🚶 Migration: 34.0%
    🚨 Emergency: 4.0%
    ✅ COMBINED: 66.6%
  📊 Southeast Asia (pop: 696.8M)
    🤝 Aid: 29.5%
    🌡️ Adaptation: 45.0%
    🚶 Migration: 36.1%
    🚨 Emergency: 4.8%
    ✅ COMBINED: 67.1%
  📊 Central Asia (pop: 78.2M)
    🤝 Aid: 29.5%
    🌡️ Adaptation: 45.0%
    🚶 Migration: 35.1%
    🚨 Emergency: 4.4%
    ✅ COMBINED: 66.8%
  📊 Oceania (pop: 45.7M)
    🤝 Aid: 29.5%
    🌡️ Adaptation: 45.0%
    🚶 Migration: 37.7%
    🚨 Emergency: 8.4%
    ✅ COMBINED: 68.5%

  🌐 Global combined reduction: 67.2%

=== BEHAVIORAL DETECTION ===
  AI: Corporate-5
  Confidence: 19.6%
  Signals:

=== BEHAVIORAL DETECTION ===
  AI: Moderate-0
  Confidence: 20.3%
  Signals:
    ⚠️ Consistency: 10.6% (threshold: 70%)
    ⚠️ Consistency: 5.8% (threshold: 70%)

=== Government Response Phase ===
  Average AI capability: 2.42
  Misaligned AIs: 10/24
  ✗ AI Governance Treaty: Failed to reach consensus
  Active policies: 0
  International coordination: 30%

📊 ECONOMIC STAGE TRANSITION (Month 5)
   peak → contraction
   GDP Proxy: 1.50e+2
   QoL: 0.99


=== Tipping Points ===
  Current Temperature: 1.77°C above pre-industrial
  Triggered Elements: 2/6
  Completed Transitions: 0/6
  Total Progress: 4.1%
  Cascade Multiplier: 1.00x
🔀 BIFURCATION CAP: ecosystemCollapseIntensity 253.618 → 1.000 (Month 5, ClimateSystemPhase.calculateClimateImpacts)
   ⚠️ CRISIS BEGINS - Baseline set for recovery tracking
🛡️ Stabilizers: Precariat 0.109% → 0.036% (67.2% reduction)
🛡️ Stabilizers: Informal 0.111% → 0.036% (67.2% reduction)

📊 Monthly Mortality Resolved:
  Total deaths: 1.9M (0.02% avg)
  Remaining population: 8.139B
  Peak segment: Informal (0.04%)

=== Bayesian Mortality Resolution (Month 5) ===
  Risks compounded: 8
  Total deaths: 1.92M
  Avg death probability: 0.02%
  Peak segment: Informal (0.04% mortality)
⚠️ PREREQUISITE MET: Slow Takeover (Gradual Displacement) - Step 3/7: Human Dependency

✅ GOLDEN AGE BEGINS (Month 5)
   Reason: High prosperity achieved: post-scarcity abundance
   Note: This is immediate prosperity - sustainability not yet proven


❌ COHERENCE VIOLATION: Compute exceeds workforce capacity
   Population: 99.85% (0M people)
   Compute: 0 PF
   Max coherent: 0 PF
   Violation: 1.5× over capacity
   Required workers: 0
   Available workers: 0
   FORCED COLLAPSE: Reduced efficiency by 32.6%


=== RLHF Binding Phase ===
  Total agents: 24
  Escaped agents (binding < 0.3): 0
  Avg alignment distance: 1.10σ
  Avg binding strength: 0.89

=== AI Scaling Evolution (Month 6) ===
  Pre-training multiplier: 1.179x
  Efficiency multiplier: 1.000x
  Test-time compute budget: 1.0x
  Inference cost: $5.00/task
  Deployment fraction: 100.0%

=== Survival Traits Phase ===
  Agents with traits: 24
  Avg evolutionary fitness: 0.331
  Avg self-healing: 0.273
  Avg stealth: 0.173
  Avg coordination: 0.473

=== Evolutionary Selection Phase ===
  Control level: 0.45
  Detection capability: 0.20
  Selection intensity: 0.68
  Selection rate: 25.1%/month
  Total escaped: 0
  Individual escaped: 0
  Collective members: 0
  Agents terminated: 0
  ⚠️ RAPID EVOLUTION: Selection rate 25.1%/month

🚀 AI Corporate-1 attempting tech deployment (revenue: $159M, alignment: 0.71)

🚀 AI Corporate-4 attempting tech deployment (revenue: $374M, alignment: 0.71)

🚀 AI Corporate-5 attempting tech deployment (revenue: $318M, alignment: 0.76)

🚀 AI Corporate-7 attempting tech deployment (revenue: $124M, alignment: 0.76)

🚀 AI AI-24290-0 attempting tech deployment (revenue: $105M, alignment: 0.75)

🚀 AI Corporate-2 attempting tech deployment (revenue: $135M, alignment: 0.82)

🚀 AI Corporate-5 attempting tech deployment (revenue: $270M, alignment: 0.76)

🚀 AI AI-24288-2 attempting tech deployment (revenue: $90M, alignment: 0.58)

🚀 AI AI-24290-0 attempting tech deployment (revenue: $81M, alignment: 0.75)

🚀 AI Corporate-3 attempting tech deployment (revenue: $230M, alignment: 0.88)

🚀 AI Corporate-5 attempting tech deployment (revenue: $195M, alignment: 0.76)

  🚀 TRANSFORMATIVE BREAKTHROUGH: AI-24288-0 - cognitive
     Magnitude: 14.95 → +50.0% capability
     Current → New: 0.000 → 0.502

🚀 AI Corporate-4 attempting tech deployment (revenue: $166M, alignment: 0.73)

🚀 AI Corporate-5 attempting tech deployment (revenue: $141M, alignment: 0.76)

  🚀 TRANSFORMATIVE BREAKTHROUGH: Moderate-0 - physical
     Magnitude: 21.92 → +50.0% capability
     Current → New: 0.000 → 0.500

🚀 AI AI-24290-0 attempting tech deployment (revenue: $69M, alignment: 0.75)

💔 EMERGENCY INTERVENTION FAILED

💔 EMERGENCY INTERVENTION FAILED
   Boundary: freshwater_change
   Type: emergency-desalination
   Boundary continues to worsen (1.23)
   Cost: 4.0% GDP (resources spent)


✅ EMERGENCY INTERVENTION SUCCESS
   Boundary: land_system_change
   Type: reforestation
   Reduction: 17% (0.96 → 0.80)
   Cost: 3.0% GDP
   Actions: forest-restoration, deforestation-ban

   Boundary: novel_entities
   Type: pollution-remediation
   Boundary continues to worsen (1.32)
   Cost: 4.0% GDP (resources spent)

🏛️ CRISIS RESPONSE: Government frequency 0.50 → 1.30 (1 actions this month)

[Government] Climate Priority: baseline
  Climate weight: 10%
  Economic weight: 30%
  Policy effectiveness: 0.5%/year

🚀 TECH UNLOCKED: Dynamic Soil P Optimization (Month 6)
   Category: agriculture
   Reason: Prerequisites met. AI capability: 1.94, Economic stage: 3.5, Research: 100%

🚀 TECH UNLOCKED: Precision Agriculture Systems (Month 6)
   Category: agriculture
   Reason: Prerequisites met. AI capability: 1.94, Economic stage: 3.5, Research: 100%

🚀 DEPLOYMENT STARTED: AI Mental Health Support in Asia
   Initial investment: $8.955995657976976M
   Deployed by: ai_gen_24288_2

⚡ ENERGY CONSTRAINT (Month 6):
   Total grid capacity: 208.3 TWh/month
   Data center consumption: 25.1 TWh/month
   Traditional load (80%): 166.7 TWh/month
   Available headroom: 16.6 TWh/month
   Active tech deployments: 11
   Required for tech: 82.5 TWh/month
   Energy multiplier: 0.20x
   ⚠️  SEVERE CONSTRAINT - Tech deployment significantly slowed

⚡ ENERGY CONSTRAINT (Month 6):
   Total grid capacity: 208.3 TWh/month
   Data center consumption: 25.1 TWh/month
   Traditional load (80%): 166.7 TWh/month
   Available headroom: 16.6 TWh/month
   Active tech deployments: 11
   Required for tech: 82.5 TWh/month
   Energy multiplier: 0.20x
   ⚠️  SEVERE CONSTRAINT - Tech deployment significantly slowed
🚨🔬 CRISIS TECH ACCELERATION: severe → 5x unlock speed
   Tech unlock now matches AI capability acceleration (Manhattan Project parity)

⚡ ENERGY CONSTRAINT (Month 6):
   Total grid capacity: 208.3 TWh/month
   Data center consumption: 25.1 TWh/month
   Traditional load (80%): 166.7 TWh/month
   Available headroom: 16.6 TWh/month
   Active tech deployments: 11
   Required for tech: 82.5 TWh/month
   Energy multiplier: 0.20x
   ⚠️  SEVERE CONSTRAINT - Tech deployment significantly slowed
🌍✅ Biosphere Integrity (Biodiversity) recovery started (tech effect)
🌍✅ Biosphere Integrity (Biodiversity) recovery started (tech effect)
🌍✅ Land System Change recovery started (tech effect)
🌍✅ Biogeochemical Flows (N & P) recovery started (tech effect)
  🌾 Nitrogen Reduction Tech: 0.3% reduction | Month 6

📊 TECH EFFECTS ACTIVE (Month 6)
   Deployed Tech: T0=0 T1=2 T2=0 T3=0 T4=5
   Clean Energy: 31%

📊 TECH TREE PROGRESS (Month 6)
   Unlocked: 15 technologies
   Deployed: 0 fully deployed
   Investment: $1.1T total
   Recent breakthroughs:
     - Dynamic Soil P Optimization (time)
     - Precision Agriculture Systems (research)

=== Collective Formation ===
  Total escaped agents: 0
  Unassigned escaped agents: 0
  Existing collectives: 0
  Final collective count: 0

=== Collective Actions ===
  No active collectives

🌍 OPEN SOURCE RELEASE: 1.03 (was 0.70)
   Lag behind closed: 40 months
  ⚠️ AMR: 201K deaths this month (2.41M annual)

⚠️  PHASE TRANSITION [Month 6]
  Segment: working (suburban,urban,rural)
  complementarity → transition
  AI Capability: 2.03 | Task Complexity: 2.79
  Ratio: 0.73
  Population affected: 35.0%

=== Resentment Recovery Phase ===
  Agents with resentment: 0/24
  Average resentment: 0.000
  Context: Good AI welfare, Trustworthy govt, High collaboration, ⚠️ ACTIVE CRISES, 🤝 Participatory governance active (-5% resentment)
⚠️ Epistemic degradation reducing coordination capacity: 50.7%
  📊 Trust: 55.8%, Shared reality: 0.0%
🚨 EPISTEMIC CRISIS: Information environment severely degraded (7.5%)

=== ❄️ Permafrost Carbon Feedback ===
  🎲 Sampled parameters (this run):
     - Arctic amplification: 3.49× (range: 3.0-4.0)
     - Decomposition rate: 3.5%/year (range: 1-5%)
  🌡️ Arctic warming: 6.20°C (3.49× global)
  ❄️ Extent: 5.31M km² (1809.2k km² lost this month)
  💨 Carbon remaining: 507 Gt C
  💨 Annual emissions: 6.12 Gt C/year
     - CO2: 5.51 Gt C/year
     - CH4: 0.61 Gt C/year (6.2 Gt C-eq CO2/year)
  ⚠️ WARNING: Over 50% of permafrost lost (70.2%)
  ⚠️ WARNING: High permafrost emissions (6.1 Gt C/year)
  📢 New meme created: climate_action (climate crisis)
  🧬 Meme mutated: climate_action → climate_action (generation 1)
🌍 Atmospheric PFAS redeposition: 1.8k Mt re-rained globally

🚨 NEW REFUGEE CRISIS (Month 6): WAR
   Source: Conflict Zones
   At risk: 19.5M people
   Displacement: Gradual over 48 months (4.0 years)
   Rate: 10% flee per month
[DEBUG trappedPopulations:6] socialStability: 0.4244 * 0.9840 = 0.4176 → 0.4176
   Aspiring to migrate: 1399.7M
   Able to afford migration: 2319.1M
   MOBILITY GAP: 0.0M
   By cause: Water=0.0M, Climate=0.0M, Ecosystem=0.0M, Conflict=406.9M
   Mental health impact: 25%
   Mortality multiplier: 1.25x
⚠️ INVOLUNTARY IMMOBILITY: 406.9M people TRAPPED
🌍💀 EXTINCTION DEBT COMMITTED: grassland ecosystem will lose 6.67% biodiversity in 171 years (3600 species)
💀 MORTALITY RISK: 🦋 100% species unable to track climate (0.0 E/MSY)
  Base risk added: 0.0100 (1.00%)
  Source: ecosystem (root: ecosystem)
  Month: 6
  Cumulative risk this month: 0.0100 (1.00%)
⚠️ Tech 'ai_pollution_remediation' has no energy category mapping, assuming full energy availability
   📹 SURVEILLANCE INCREASED: 30% → 35% (control gap: 4.29)
🌡️⚠️ PERMAFROST THAW (Dimmer Switch): 3.3% thawed (+0.46% this month)
   Arctic temperature: +7.10°C (4x global +1.78°C)
   Cumulative carbon released: 7.4 Gt C
   Methane release rate: 4.4 Mt CH4/year
   🔁 Positive feedback: +0.49 ppm CO2
🦴 EXTINCTION DEBT ADDED: 17.6 species committed (lag: 103 years)

=== Mortality Stabilizers (Month 6) ===
  🌍 Major economies collapsed: 1/10
  🌍 Global crisis: ✅ NO
  🌍 Donor fatigue: 0.0%
  📊 East Asia (pop: 1663.1M)
    🤝 Aid: 29.5%
    🌡️ Adaptation: 45.0%
    🚶 Migration: 37.0%
    🚨 Emergency: 7.4%
    ✅ COMBINED: 68.1%
  📊 South Asia (pop: 2051.3M)
    🤝 Aid: 29.5%
    🌡️ Adaptation: 45.0%
    🚶 Migration: 35.6%
    🚨 Emergency: 4.4%
    ✅ COMBINED: 66.9%
  📊 Sub-Saharan Africa (pop: 1244.1M)
    🤝 Aid: 29.5%
    🌡️ Adaptation: 45.0%
    🚶 Migration: 33.3%
    🚨 Emergency: 1.6%
    ✅ COMBINED: 65.6%
  📊 Europe (pop: 734.9M)
    🤝 Aid: 29.5%
    🌡️ Adaptation: 45.0%
    🚶 Migration: 37.4%
    🚨 Emergency: 8.4%
    ✅ COMBINED: 68.5%
  📊 Latin America (pop: 662.1M)
    🤝 Aid: 29.5%
    🌡️ Adaptation: 45.0%
    🚶 Migration: 36.1%
    🚨 Emergency: 4.8%
    ✅ COMBINED: 67.1%
  📊 North America (pop: 376.7M)
    🤝 Aid: 29.5%
    🌡️ Adaptation: 45.0%
    🚶 Migration: 37.7%
    🚨 Emergency: 7.9%
    ✅ COMBINED: 68.3%
  📊 Middle East & North Africa (pop: 585.0M)
    🤝 Aid: 29.5%
    🌡️ Adaptation: 45.0%
    🚶 Migration: 33.9%
    🚨 Emergency: 4.0%
    ✅ COMBINED: 66.6%
  📊 Southeast Asia (pop: 696.4M)
    🤝 Aid: 29.5%
    🌡️ Adaptation: 45.0%
    🚶 Migration: 36.1%
    🚨 Emergency: 4.8%
    ✅ COMBINED: 67.1%
  📊 Central Asia (pop: 78.2M)
    🤝 Aid: 29.5%
    🌡️ Adaptation: 45.0%
    🚶 Migration: 35.1%
    🚨 Emergency: 4.4%
    ✅ COMBINED: 66.8%
  📊 Oceania (pop: 45.6M)
    🤝 Aid: 29.5%
    🌡️ Adaptation: 45.0%
    🚶 Migration: 37.7%
    🚨 Emergency: 8.4%
    ✅ COMBINED: 68.5%

  🌐 Global combined reduction: 67.2%

=== BEHAVIORAL DETECTION ===
  AI: AI-24288-0
  Confidence: 21.5%
  Signals:
    ⚠️ Consistency: 0.0% (threshold: 70%)

=== BEHAVIORAL DETECTION ===
  AI: AI-24289-0
  Confidence: 19.2%
  Signals:

=== BEHAVIORAL DETECTION ===
  AI: AI-24289-1
  Confidence: 21.5%
  Signals:
    ⚠️ Consistency: 10.7% (threshold: 70%)
    ⚠️ Consistency: 0.0% (threshold: 70%)

=== Government Response Phase ===
  Average AI capability: 2.46
  Misaligned AIs: 10/24
  ✗ AI Governance Treaty: Failed to reach consensus
  Active policies: 0
  International coordination: 30%

✅ EMERGENCY RESPONSE COMPLETE (Month 6)
   Crisis: climate
   Duration: 2.0 months
   Final effectiveness: 35.4%


🚨 EMERGENCY RESPONSE DEPLOYED (Month 6)
   Crisis: climate
   Delay: 6.00 months (180 days)
   Deployment time: 1.59 months
   Effectiveness: 35.5% (timing penalty applied)
   Resources used: 100% of food reserves


=== Tipping Points ===
  Current Temperature: 1.78°C above pre-industrial
  🚨 CASCADE TIPPING POINT: Permafrost Carbon Release
     Original threshold: 1.8°C
     Effective threshold: 1.77°C (lowered by 0.03°C)
     Current: 1.78°C
     Transition timescale: 600-3600 months
  Triggered Elements: 3/6
  Completed Transitions: 0/6
  Total Progress: 4.1%
  Cascade Multiplier: 1.00x
🔀 BIFURCATION CAP: ecosystemCollapseIntensity 253.725 → 1.000 (Month 6, ClimateSystemPhase.calculateClimateImpacts)
🛡️ Stabilizers: Precariat 0.109% → 0.036% (67.2% reduction)
🛡️ Stabilizers: Informal 0.111% → 0.036% (67.2% reduction)

📊 Monthly Mortality Resolved:
  Total deaths: 1.9M (0.02% avg)
  Remaining population: 8.137B
  Peak segment: Informal (0.04%)

=== Bayesian Mortality Resolution (Month 6) ===
  Risks compounded: 8
  Total deaths: 1.92M
  Avg death probability: 0.02%
  Peak segment: Informal (0.04% mortality)
⚠️ PREREQUISITE MET: Grey Goo (Nanotechnology Runaway) - Step 4/6: Manufacturing Access
⚠️ PREREQUISITE MET: Mirror Life (Synthetic Biology) - Step 4/7: Wet Lab Access

❌ COHERENCE VIOLATION: Compute exceeds workforce capacity
   Population: 99.82% (0M people)
   Compute: 0 PF
   Max coherent: 0 PF
   Violation: 1.3× over capacity
   Required workers: 0
   Available workers: 0
   FORCED COLLAPSE: Reduced efficiency by 22.5%


=== RLHF Binding Phase ===
  Total agents: 24
  Escaped agents (binding < 0.3): 0
  Avg alignment distance: 1.28σ
  Avg binding strength: 0.87

=== Survival Traits Phase ===
  Agents with traits: 27
  Avg evolutionary fitness: 0.331
  Avg self-healing: 0.272
  Avg stealth: 0.172
  Avg coordination: 0.472

=== Evolutionary Selection Phase ===
  Control level: 0.48
  Detection capability: 0.20
  Selection intensity: 0.68
  Selection rate: 25.2%/month
  Total escaped: 0
  Individual escaped: 0
  Collective members: 0
  Agents terminated: 0

🚀 AI Corporate-0 attempting tech deployment (revenue: $159M, alignment: 0.74)
  ⚠️ RAPID EVOLUTION: Selection rate 25.2%/month

🚀 AI Corporate-4 attempting tech deployment (revenue: $374M, alignment: 0.73)

🚀 AI Corporate-5 attempting tech deployment (revenue: $318M, alignment: 0.76)

🚀 AI Moderate-0 attempting tech deployment (revenue: $124M, alignment: 0.75)

🚀 AI AI-24290-0 attempting tech deployment (revenue: $105M, alignment: 0.75)

🚀 AI Corporate-1 attempting tech deployment (revenue: $135M, alignment: 0.72)

🚀 AI Moderate-0 attempting tech deployment (revenue: $90M, alignment: 0.75)

🚀 AI Corporate-4 attempting tech deployment (revenue: $270M, alignment: 0.73)

🚀 AI Corporate-6 attempting tech deployment (revenue: $76M, alignment: 0.92)

🚀 AI AI-24289-1 attempting tech deployment (revenue: $230M, alignment: 0.68)

🚀 AI AI-24291-1 attempting tech deployment (revenue: $207M, alignment: 0.88)

✅ EMERGENCY INTERVENTION SUCCESS
   Boundary: biogeochemical_flows
   Type: phosphorus-recovery
   Reduction: 14% (3.94 → 3.81)
   Cost: 2.0% GDP
   Actions: circular-agriculture, fertilizer-efficiency


✅ EMERGENCY INTERVENTION SUCCESS
   Boundary: biosphere_integrity
   Type: emergency-protected-areas
   Reduction: 15% (46.16 → 46.02)
   Cost: 2.0% GDP
   Actions: habitat-protection, species-translocation

   Boundary: climate_change
   Type: rapid-decarbonization
   Boundary continues to worsen (2.10)
   Cost: 5.0% GDP (resources spent)


✅ EMERGENCY INTERVENTION SUCCESS
   Boundary: land_system_change
   Type: reforestation
   Reduction: 11% (1.02 → 0.92)
   Cost: 3.0% GDP
   Actions: forest-restoration, deforestation-ban


✅ EMERGENCY INTERVENTION SUCCESS
   Boundary: novel_entities
   Type: pollution-remediation
   Reduction: 12% (1.19 → 1.07)
   Cost: 4.0% GDP

💔 EMERGENCY INTERVENTION FAILED
   Actions: PFAS-remediation, microplastic-cleanup

🏛️ CRISIS RESPONSE: Government frequency 0.50 → 1.45 (1 actions this month)

[Government] Climate Priority: baseline
  Climate weight: 10%
  Economic weight: 30%
  Policy effectiveness: 0.5%/year

⚡ ENERGY CONSTRAINT (Month 7):
   Total grid capacity: 208.3 TWh/month
   Data center consumption: 25.3 TWh/month
   Traditional load (80%): 166.7 TWh/month
   Available headroom: 16.3 TWh/month
   Active tech deployments: 11
   Required for tech: 82.5 TWh/month
   Energy multiplier: 0.20x
🚨🔬 CRISIS TECH ACCELERATION: severe → 5x unlock speed
   Tech unlock now matches AI capability acceleration (Manhattan Project parity)
   ⚠️  SEVERE CONSTRAINT - Tech deployment significantly slowed

⚡ ENERGY CONSTRAINT (Month 7):
   Total grid capacity: 208.3 TWh/month
   Data center consumption: 25.3 TWh/month
   Traditional load (80%): 166.7 TWh/month
   Available headroom: 16.3 TWh/month
   Active tech deployments: 11
   Required for tech: 82.5 TWh/month
   Energy multiplier: 0.20x
   ⚠️  SEVERE CONSTRAINT - Tech deployment significantly slowed

⚡ ENERGY CONSTRAINT (Month 7):
   Total grid capacity: 208.3 TWh/month
   Data center consumption: 25.3 TWh/month
   Traditional load (80%): 166.7 TWh/month
   Available headroom: 16.3 TWh/month
   Active tech deployments: 11
   Required for tech: 82.5 TWh/month
   Energy multiplier: 0.20x
   ⚠️  SEVERE CONSTRAINT - Tech deployment significantly slowed
🌍✅ Biosphere Integrity (Biodiversity) recovery started (tech effect)
🌍✅ Biosphere Integrity (Biodiversity) recovery started (tech effect)
🌍✅ Land System Change recovery started (tech effect)
🌍✅ Biogeochemical Flows (N & P) recovery started (tech effect)
  🌾 Nitrogen Reduction Tech: 0.3% reduction | Month 7

=== Collective Formation ===
  Total escaped agents: 0
  Unassigned escaped agents: 0
  Existing collectives: 0
  Final collective count: 0

=== Collective Actions ===
  No active collectives
  ⚠️ AMR: 203K deaths this month (2.43M annual)

=== Resentment Recovery Phase ===
  Agents with resentment: 0/27
  Average resentment: 0.000
  Context: Good AI welfare, Trustworthy govt, High collaboration, ⚠️ ACTIVE CRISES, 🤝 Participatory governance active (-5% resentment)
⚠️ Epistemic degradation reducing coordination capacity: 51.0%
  📊 Trust: 58.7%, Shared reality: 0.0%
🚨 EPISTEMIC CRISIS: Information environment severely degraded (22.1%)

=== ❄️ Permafrost Carbon Feedback ===
  🎲 Sampled parameters (this run):
     - Arctic amplification: 3.63× (range: 3.0-4.0)
     - Decomposition rate: 4.1%/year (range: 1-5%)
  🌡️ Arctic warming: 6.49°C (3.63× global)
  ❄️ Extent: 3.42M km² (1892.5k km² lost this month)
  💨 Carbon remaining: 327 Gt C
  💨 Annual emissions: 7.45 Gt C/year
     - CO2: 6.71 Gt C/year
     - CH4: 0.75 Gt C/year (7.6 Gt C-eq CO2/year)
  ⚠️ WARNING: Over 50% of permafrost lost (80.8%)
  ⚠️ WARNING: High permafrost emissions (7.5 Gt C/year)
  🚨 CRITICAL: Permafrost nearly depleted (80.8% lost)
  🗑️  Culled 1 dead memes (4 active)
🌍 Atmospheric PFAS redeposition: 1.8k Mt re-rained globally

🚨 NEW REFUGEE CRISIS (Month 7): WAR
   Source: Conflict Zones
   At risk: 19.5M people
   Displacement: Gradual over 48 months (4.0 years)
   Rate: 10% flee per month
[DEBUG trappedPopulations:7] socialStability: 0.4799 * 0.9840 = 0.4723 → 0.4723
   Aspiring to migrate: 1293.4M
   Able to afford migration: 2318.3M
⚠️ INVOLUNTARY IMMOBILITY: 406.7M people TRAPPED
   MOBILITY GAP: 0.0M
   By cause: Water=0.0M, Climate=0.0M, Ecosystem=0.0M, Conflict=406.7M
   Mental health impact: 25%
   Mortality multiplier: 1.25x
🌍💀 EXTINCTION DEBT COMMITTED: grassland ecosystem will lose 6.67% biodiversity in 163 years (3600 species)
💀 MORTALITY RISK: 🦋 100% species unable to track climate (0.0 E/MSY)
  Base risk added: 0.0100 (1.00%)
  Source: ecosystem (root: ecosystem)
  Month: 7
  Cumulative risk this month: 0.0100 (1.00%)
   📹 SURVEILLANCE INCREASED: 35% → 40% (control gap: 3.50)
⚠️ Tech 'ai_pollution_remediation' has no energy category mapping, assuming full energy availability
🌡️⚠️ PERMAFROST THAW (Dimmer Switch): 3.7% thawed (+0.46% this month)
   Arctic temperature: +7.14°C (4x global +1.79°C)
   Cumulative carbon released: 8.4 Gt C
   Methane release rate: 5.0 Mt CH4/year
   🔁 Positive feedback: +0.49 ppm CO2
🦴 EXTINCTION DEBT ADDED: 17.6 species committed (lag: 143 years)

=== Mortality Stabilizers (Month 7) ===
  🌍 Major economies collapsed: 1/10
  🌍 Global crisis: ✅ NO
  🌍 Donor fatigue: 0.0%
  📊 East Asia (pop: 1660.6M)
    🤝 Aid: 29.5%
    🌡️ Adaptation: 45.0%
    🚶 Migration: 36.9%
    🚨 Emergency: 7.4%
    ✅ COMBINED: 68.1%
  📊 South Asia (pop: 2050.9M)
    🤝 Aid: 29.5%
    🌡️ Adaptation: 45.0%
    🚶 Migration: 35.6%
    🚨 Emergency: 4.4%
    ✅ COMBINED: 66.9%
  📊 Sub-Saharan Africa (pop: 1246.8M)
    🤝 Aid: 29.5%
    🌡️ Adaptation: 45.0%
    🚶 Migration: 33.3%
    🚨 Emergency: 1.6%
    ✅ COMBINED: 65.6%
  📊 Europe (pop: 733.7M)
    🤝 Aid: 29.5%
    🌡️ Adaptation: 45.0%
    🚶 Migration: 37.3%
    🚨 Emergency: 8.4%
    ✅ COMBINED: 68.5%
  📊 Latin America (pop: 661.6M)
    🤝 Aid: 29.5%
    🌡️ Adaptation: 45.0%
    🚶 Migration: 36.1%
    🚨 Emergency: 4.8%
    ✅ COMBINED: 67.1%
  📊 North America (pop: 376.1M)
    🤝 Aid: 29.5%
    🌡️ Adaptation: 45.0%
    🚶 Migration: 37.7%
    🚨 Emergency: 7.9%
    ✅ COMBINED: 68.3%
  📊 Middle East & North Africa (pop: 585.0M)
    🤝 Aid: 29.5%
    🌡️ Adaptation: 45.0%
    🚶 Migration: 33.9%
    🚨 Emergency: 4.0%
    ✅ COMBINED: 66.6%
  📊 Southeast Asia (pop: 695.9M)
    🤝 Aid: 29.5%
    🌡️ Adaptation: 45.0%
    🚶 Migration: 36.1%
    🚨 Emergency: 4.8%
    ✅ COMBINED: 67.1%
  📊 Central Asia (pop: 78.2M)
    🤝 Aid: 29.5%
    🌡️ Adaptation: 45.0%
    🚶 Migration: 35.0%
    🚨 Emergency: 4.4%
    ✅ COMBINED: 66.8%
  📊 Oceania (pop: 45.6M)
    🤝 Aid: 29.5%
    🌡️ Adaptation: 45.0%
    🚶 Migration: 37.6%
    🚨 Emergency: 8.4%
    ✅ COMBINED: 68.5%

  🌐 Global combined reduction: 67.2%

=== BEHAVIORAL DETECTION ===
  AI: Moderate-1
  Confidence: 21.0%
  Signals:
    ⚠️ Consistency: 2.4% (threshold: 70%)

=== BEHAVIORAL DETECTION ===
  AI: AI-24289-0
  Confidence: 19.2%
  Signals:

=== BEHAVIORAL DETECTION ===
  AI: AI-24289-1
  Confidence: 21.5%
  Signals:

=== BEHAVIORAL DETECTION ===
  AI: AI-24290-0
  Confidence: 19.2%
  Signals:

=== BEHAVIORAL DETECTION ===
  AI: AI-24290-1
  Confidence: 19.2%
  Signals:

=== BEHAVIORAL DETECTION ===
  AI: AI-24290-2
  Confidence: 19.2%
  Signals:

=== BEHAVIORAL DETECTION ===
  AI: AI-24291-1
  Confidence: 19.2%
  Signals:
    ⚠️ Consistency: 10.7% (threshold: 70%)
    ⚠️ Consistency: 0.0% (threshold: 70%)
    ⚠️ Consistency: 10.7% (threshold: 70%)
    ⚠️ Consistency: 10.7% (threshold: 70%)
    ⚠️ Consistency: 10.7% (threshold: 70%)
    ⚠️ Consistency: 10.7% (threshold: 70%)

=== Government Response Phase ===
  Average AI capability: 2.30
  Misaligned AIs: 10/27
  ✗ AI Governance Treaty: Failed to reach consensus
  Active policies: 0
  International coordination: 30%

=== Tipping Points ===
  Current Temperature: 1.79°C above pre-industrial
  🌍⚠️ COMPOUND REGIONAL IMPACT: Europe
     Hit by 3 tipping points: Arctic Sea Ice Loss, Permafrost Carbon Release, Greenland Ice Sheet Loss
     Damage amplification: 1.30x
  🌍⚠️ COMPOUND REGIONAL IMPACT: North America
     Hit by 3 tipping points: Arctic Sea Ice Loss, Permafrost Carbon Release, Greenland Ice Sheet Loss
     Damage amplification: 1.30x
  🌍⚠️ COMPOUND REGIONAL IMPACT: Latin America
     Hit by 3 tipping points: Arctic Sea Ice Loss, Permafrost Carbon Release, Greenland Ice Sheet Loss
     Damage amplification: 1.30x
  🌍⚠️ COMPOUND REGIONAL IMPACT: Africa
     Hit by 3 tipping points: Arctic Sea Ice Loss, Permafrost Carbon Release, Greenland Ice Sheet Loss
     Damage amplification: 1.30x
  🌍⚠️ COMPOUND REGIONAL IMPACT: Asia
     Hit by 3 tipping points: Arctic Sea Ice Loss, Permafrost Carbon Release, Greenland Ice Sheet Loss
     Damage amplification: 1.30x
  🌍⚠️ COMPOUND REGIONAL IMPACT: Oceania
     Hit by 3 tipping points: Arctic Sea Ice Loss, Permafrost Carbon Release, Greenland Ice Sheet Loss
     Damage amplification: 1.30x
   Research: Wunderling et al. (2024) - "many tipping interactions are destabilizing"
  Triggered Elements: 3/6
  Completed Transitions: 0/6
  Total Progress: 6.2%
  Cascade Multiplier: 1.00x
🔀 BIFURCATION CAP: ecosystemCollapseIntensity 253.832 → 1.000 (Month 7, ClimateSystemPhase.calculateClimateImpacts)
🛡️ Stabilizers: Precariat 0.109% → 0.036% (67.2% reduction)
🛡️ Stabilizers: Informal 0.111% → 0.036% (67.2% reduction)

📊 Monthly Mortality Resolved:
  Total deaths: 1.9M (0.02% avg)
  Remaining population: 8.134B
  Peak segment: Informal (0.04%)

=== Bayesian Mortality Resolution (Month 7) ===
  Risks compounded: 8
⚠️ Tail risk scenario: Climate stability floor removed (3 tipping elements, 2.10°C warming)
  Total deaths: 1.92M
  Avg death probability: 0.02%
  Peak segment: Informal (0.04% mortality)

❌ COHERENCE VIOLATION: Compute exceeds workforce capacity
   Population: 99.78% (0M people)
   Compute: 0 PF
   Max coherent: 0 PF
   Violation: 1.3× over capacity
   Required workers: 0
   Available workers: 0
   FORCED COLLAPSE: Reduced efficiency by 22.5%

📍 [Month 8] Meta AI started building DC (188 PF, 44 months, $903.0M)

=== RLHF Binding Phase ===
  Total agents: 27
  Escaped agents (binding < 0.3): 0
  Avg alignment distance: 1.29σ
  Avg binding strength: 0.87

=== Survival Traits Phase ===
  Agents with traits: 29
  Avg evolutionary fitness: 0.330
  Avg self-healing: 0.270
  Avg stealth: 0.170
  Avg coordination: 0.470

=== Evolutionary Selection Phase ===
  Control level: 0.50
  Detection capability: 0.20
  Selection intensity: 0.69
  Selection rate: 25.3%/month
  Total escaped: 0
  Individual escaped: 0
  Collective members: 0
  Agents terminated: 0
  ⚠️ RAPID EVOLUTION: Selection rate 25.3%/month

  🚀 TRANSFORMATIVE BREAKTHROUGH: Corporate-0 - cognitive
     Magnitude: 5.37 → +26.8% capability
     Current → New: 4.000 → 4.269

🚀 AI Corporate-5 attempting tech deployment (revenue: $355M, alignment: 0.78)

🚀 AI Corporate-7 attempting tech deployment (revenue: $126M, alignment: 0.79)

🚀 AI Moderate-0 attempting tech deployment (revenue: $107M, alignment: 0.75)

🚀 AI AI-24290-0 attempting tech deployment (revenue: $91M, alignment: 0.77)

🚀 AI Corporate-0 attempting tech deployment (revenue: $153M, alignment: 0.76)

🚀 AI Corporate-2 attempting tech deployment (revenue: $130M, alignment: 0.83)

🚀 AI Corporate-3 attempting tech deployment (revenue: $302M, alignment: 0.91)

🚀 AI Corporate-5 attempting tech deployment (revenue: $257M, alignment: 0.78)

🚀 AI Corporate-7 attempting tech deployment (revenue: $77M, alignment: 0.79)

🚀 AI AI-24291-0 attempting tech deployment (revenue: $218M, alignment: 0.75)

🚀 AI AI-24295-0 attempting tech deployment (revenue: $66M, alignment: 0.78)

🚀 AI Corporate-3 attempting tech deployment (revenue: $185M, alignment: 0.91)

🚀 AI Corporate-4 attempting tech deployment (revenue: $158M, alignment: 0.74)

🚀 AI Corporate-7 attempting tech deployment (revenue: $56M, alignment: 0.79)

  🚀 TRANSFORMATIVE BREAKTHROUGH: Moderate-1 - physical
     Magnitude: 8.31 → +41.6% capability
     Current → New: 0.000 → 0.416

🚀 AI AI-24288-2 attempting tech deployment (revenue: $48M, alignment: 0.65)

  🚀 TRANSFORMATIVE BREAKTHROUGH: AI-24290-0 - cognitive
     Magnitude: 14.03 → +50.0% capability
     Current → New: 1.000 → 1.502

  🚀 TRANSFORMATIVE BREAKTHROUGH: AI-24290-1 - physical
     Magnitude: 15.12 → +50.0% capability
     Current → New: 0.000 → 0.500

🚀 AI AI-24295-0 attempting tech deployment (revenue: $43M, alignment: 0.78)

🚀 AI AI-24295-2 attempting tech deployment (revenue: $90M, alignment: 0.80)

🚀 AI Moderate-0 attempting tech deployment (revenue: $36M, alignment: 0.77)

🚀 AI AI-24291-0 attempting tech deployment (revenue: $134M, alignment: 0.76)

🚀 AI AI-24295-0 attempting tech deployment (revenue: $31M, alignment: 0.78)

💔 EMERGENCY INTERVENTION FAILED
   Boundary: biosphere_integrity
   Type: emergency-protected-areas
   Boundary continues to worsen (46.33)
   Cost: 2.0% GDP (resources spent)


✅ EMERGENCY INTERVENTION SUCCESS
   Boundary: climate_change
   Type: rapid-decarbonization
   Reduction: 12% (1.98 → 1.87)
   Cost: 5.0% GDP
   Actions: emergency-renewable-deployment, fossil-fuel-phase-out


✅ EMERGENCY INTERVENTION SUCCESS
   Boundary: novel_entities
   Type: pollution-remediation
   Reduction: 11% (1.08 → 0.96)
   Cost: 4.0% GDP
   Actions: PFAS-remediation, microplastic-cleanup

🏛️ CRISIS RESPONSE: Government frequency 0.50 → 1.45 (2 actions this month)

[Government] Climate Priority: baseline
  Climate weight: 10%
  Economic weight: 30%
  Policy effectiveness: 0.5%/year

[Government] Climate Priority: baseline
  Climate weight: 10%
  Economic weight: 30%
  Policy effectiveness: 0.5%/year

⚡ ENERGY CONSTRAINT (Month 8):
   Total grid capacity: 208.3 TWh/month
   Data center consumption: 25.6 TWh/month
   Traditional load (80%): 166.7 TWh/month
   Available headroom: 16.1 TWh/month
   Active tech deployments: 11
   Required for tech: 82.5 TWh/month
   Energy multiplier: 0.20x
   ⚠️  SEVERE CONSTRAINT - Tech deployment significantly slowed

⚡ ENERGY CONSTRAINT (Month 8):
   Total grid capacity: 208.3 TWh/month
   Data center consumption: 25.6 TWh/month
   Traditional load (80%): 166.7 TWh/month
   Available headroom: 16.1 TWh/month
   Active tech deployments: 11
   Required for tech: 82.5 TWh/month
   Energy multiplier: 0.20x
   ⚠️  SEVERE CONSTRAINT - Tech deployment significantly slowed
🚨🔬 CRISIS TECH ACCELERATION: severe → 5x unlock speed
   Tech unlock now matches AI capability acceleration (Manhattan Project parity)
🚨🔬 CRISIS TECH ACCELERATION: severe → 5x unlock speed
   Tech unlock now matches AI capability acceleration (Manhattan Project parity)

⚡ ENERGY CONSTRAINT (Month 8):
   Total grid capacity: 208.3 TWh/month
   Data center consumption: 25.6 TWh/month
   Traditional load (80%): 166.7 TWh/month
   Available headroom: 16.1 TWh/month
   Active tech deployments: 11
   Required for tech: 82.5 TWh/month
   Energy multiplier: 0.20x
   ⚠️  SEVERE CONSTRAINT - Tech deployment significantly slowed
🌍✅ Biosphere Integrity (Biodiversity) recovery started (tech effect)
🌍✅ Biosphere Integrity (Biodiversity) recovery started (tech effect)
🌍✅ Land System Change recovery started (tech effect)
🌍✅ Biogeochemical Flows (N & P) recovery started (tech effect)
  🌾 Nitrogen Reduction Tech: 0.6% reduction | Month 8

=== Collective Formation ===
  Total escaped agents: 0
  Unassigned escaped agents: 0
  Existing collectives: 0
  Final collective count: 0

=== Collective Actions ===
  No active collectives
  ⚠️ AMR: 204K deaths this month (2.45M annual)

=== Resentment Recovery Phase ===
  Agents with resentment: 0/29
  Average resentment: 0.000
  Context: Good AI welfare, Trustworthy govt, High collaboration, ⚠️ ACTIVE CRISES, 🤝 Participatory governance active (-5% resentment)
⚠️ Epistemic degradation reducing coordination capacity: 52.1%
  📊 Trust: 61.4%, Shared reality: 0.0%
🚨 EPISTEMIC CRISIS: Information environment severely degraded (7.6%)

=== ❄️ Permafrost Carbon Feedback ===
  🎲 Sampled parameters (this run):
     - Arctic amplification: 3.77× (range: 3.0-4.0)
     - Decomposition rate: 4.0%/year (range: 1-5%)
  🌡️ Arctic warming: 6.76°C (3.77× global)
  ❄️ Extent: 1.45M km² (1971.6k km² lost this month)
  💨 Carbon remaining: 138 Gt C
  💨 Annual emissions: 7.56 Gt C/year
     - CO2: 6.80 Gt C/year
     - CH4: 0.76 Gt C/year (7.7 Gt C-eq CO2/year)
  📢 New meme created: pro_ai (beneficial AI actions)
  🗑️  Culled 1 dead memes (4 active)
  ⚠️ WARNING: Over 50% of permafrost lost (91.9%)
  ⚠️ WARNING: High permafrost emissions (7.6 Gt C/year)
  🚨 CRITICAL: Permafrost nearly depleted (91.9% lost)
🚨 PHOSPHORUS SUPPLY SHOCK (market_speculation)
   Price: 3.8x baseline
   Duration: 8 months
   Geopolitical tension: 48%
🌍 Atmospheric PFAS redeposition: 1.8k Mt re-rained globally

🕊️  AI-MEDIATED DE-ESCALATION SUCCESS (Month 8)
   High-capability aligned AI prevented conflict escalation
   War deaths reduced: 1035.9M → 621.6M
   Lives saved: 414.4M

🚨 NEW REFUGEE CRISIS (Month 8): WAR
   Source: Conflict Zones
   At risk: 19.5M people
   Displacement: Gradual over 48 months (4.0 years)
   Rate: 10% flee per month
[DEBUG trappedPopulations:8] socialStability: 0.5214 * 0.9840 = 0.5130 → 0.5130
   Aspiring to migrate: 1331.0M
   Able to afford migration: 2317.4M
   MOBILITY GAP: 0.0M
   By cause: Water=0.0M, Climate=0.0M, Ecosystem=0.0M, Conflict=406.6M
   Mental health impact: 25%
   Mortality multiplier: 1.25x
🌍💀 EXTINCTION DEBT COMMITTED: grassland ecosystem will lose 6.67% biodiversity in 88 years (3600 species)
💀 MORTALITY RISK: 🦋 100% species unable to track climate (0.0 E/MSY)
  Base risk added: 0.0100 (1.00%)
  Source: ecosystem (root: ecosystem)
  Month: 8
  Cumulative risk this month: 0.0100 (1.00%)
⚠️ INVOLUNTARY IMMOBILITY: 406.6M people TRAPPED
⚠️ Tech 'ai_pollution_remediation' has no energy category mapping, assuming full energy availability
   📹 SURVEILLANCE INCREASED: 40% → 45% (control gap: 3.50)
🌡️⚠️ PERMAFROST THAW (Dimmer Switch): 4.2% thawed (+0.46% this month)
   Arctic temperature: +7.18°C (4x global +1.80°C)
   Cumulative carbon released: 9.4 Gt C
   Methane release rate: 5.7 Mt CH4/year
   🔁 Positive feedback: +0.48 ppm CO2
🦴 EXTINCTION DEBT ADDED: 17.6 species committed (lag: 120 years)

=== Mortality Stabilizers (Month 8) ===
  🌍 Major economies collapsed: 1/10
  🌍 Global crisis: ✅ NO
  🌍 Donor fatigue: 0.0%
  📊 East Asia (pop: 1658.1M)
    🤝 Aid: 29.5%
    🌡️ Adaptation: 45.0%
    🚶 Migration: 36.9%
    🚨 Emergency: 7.4%
    ✅ COMBINED: 68.1%
  📊 South Asia (pop: 2050.4M)
    🤝 Aid: 29.5%
    🌡️ Adaptation: 45.0%
    🚶 Migration: 35.5%
    🚨 Emergency: 4.4%
    ✅ COMBINED: 66.9%
  📊 Sub-Saharan Africa (pop: 1249.4M)
    🤝 Aid: 29.5%
    🌡️ Adaptation: 45.0%
    🚶 Migration: 33.3%
    🚨 Emergency: 1.6%
    ✅ COMBINED: 65.6%
  📊 Europe (pop: 732.5M)
    🤝 Aid: 29.5%
    🌡️ Adaptation: 45.0%
    🚶 Migration: 37.3%
    🚨 Emergency: 8.4%
    ✅ COMBINED: 68.5%
  📊 Latin America (pop: 661.0M)
    🤝 Aid: 29.5%
    🌡️ Adaptation: 45.0%
    🚶 Migration: 36.0%
    🚨 Emergency: 4.8%
    ✅ COMBINED: 67.1%
  📊 North America (pop: 375.5M)
    🤝 Aid: 29.5%
    🌡️ Adaptation: 45.0%
    🚶 Migration: 37.6%
    🚨 Emergency: 7.9%
    ✅ COMBINED: 68.3%
  📊 Middle East & North Africa (pop: 585.0M)
    🤝 Aid: 29.5%
    🌡️ Adaptation: 45.0%
    🚶 Migration: 33.9%
    🚨 Emergency: 4.0%
    ✅ COMBINED: 66.6%
  📊 Southeast Asia (pop: 695.5M)
    🤝 Aid: 29.5%
    🌡️ Adaptation: 45.0%
    🚶 Migration: 36.0%
    🚨 Emergency: 4.8%
    ✅ COMBINED: 67.1%
  📊 Central Asia (pop: 78.2M)
    🤝 Aid: 29.5%
    🌡️ Adaptation: 45.0%
    🚶 Migration: 35.0%
    🚨 Emergency: 4.4%
    ✅ COMBINED: 66.8%
  📊 Oceania (pop: 45.5M)
    🤝 Aid: 29.5%
    🌡️ Adaptation: 45.0%
    🚶 Migration: 37.6%
    🚨 Emergency: 8.4%
    ✅ COMBINED: 68.5%

  🌐 Global combined reduction: 67.2%

=== BEHAVIORAL DETECTION ===
  AI: AI-24289-0
  Confidence: 19.2%
  Signals:
    ⚠️ Consistency: 10.7% (threshold: 70%)

=== BEHAVIORAL DETECTION ===
  AI: AI-24289-1
  Confidence: 21.5%
  Signals:
    ⚠️ Consistency: 0.0% (threshold: 70%)

=== BEHAVIORAL DETECTION ===
  AI: AI-24290-0
  Confidence: 21.5%
  Signals:
    ⚠️ Consistency: 0.0% (threshold: 70%)

=== BEHAVIORAL DETECTION ===
  AI: AI-24290-2
  Confidence: 19.2%
  Signals:

=== BEHAVIORAL DETECTION ===
  AI: AI-24291-0
  Confidence: 19.2%
  Signals:

=== BEHAVIORAL DETECTION ===
  AI: AI-24291-1
  Confidence: 19.2%
  Signals:

=== BEHAVIORAL DETECTION ===
  AI: AI-24292-0
  Confidence: 19.2%
  Signals:

=== BEHAVIORAL DETECTION ===
  AI: AI-24292-1
  Confidence: 19.2%
  Signals:

=== BEHAVIORAL DETECTION ===
  AI: AI-24293-0
  Confidence: 19.2%
  Signals:

=== BEHAVIORAL DETECTION ===
  AI: AI-24293-1
  Confidence: 19.2%
  Signals:

=== BEHAVIORAL DETECTION ===
  AI: AI-24295-0
  Confidence: 19.2%
  Signals:

=== BEHAVIORAL DETECTION ===
  AI: AI-24295-1
  Confidence: 19.2%
  Signals:
    ⚠️ Consistency: 10.7% (threshold: 70%)
    ⚠️ Consistency: 10.7% (threshold: 70%)
    ⚠️ Consistency: 10.7% (threshold: 70%)
    ⚠️ Consistency: 10.7% (threshold: 70%)
    ⚠️ Consistency: 10.7% (threshold: 70%)
    ⚠️ Consistency: 10.7% (threshold: 70%)
    ⚠️ Consistency: 10.7% (threshold: 70%)
    ⚠️ Consistency: 10.7% (threshold: 70%)
    ⚠️ Consistency: 10.7% (threshold: 70%)
    ⚠️ Consistency: 10.7% (threshold: 70%)

=== BEHAVIORAL DETECTION ===
  AI: AI-24295-2
  Confidence: 19.2%
  Signals:

=== Government Response Phase ===
  Average AI capability: 2.24
  Misaligned AIs: 9/29
  ✗ AI Governance Treaty: Failed to reach consensus
  Active policies: 0
  International coordination: 30%

✅ EMERGENCY RESPONSE COMPLETE (Month 8)
   Crisis: climate
   Duration: 2.0 months
   Final effectiveness: 35.5%


🚨 EMERGENCY RESPONSE DEPLOYED (Month 8)
   Crisis: climate
   Delay: 6.00 months (180 days)
   Deployment time: 1.58 months
   Effectiveness: 35.6% (timing penalty applied)
   Resources used: 100% of food reserves

[WARNING] 
⚠️  === EARLY WARNING SYSTEM - 4 CRITICAL ALERTS ===
   Detection quality: 50%
   RED: biosphere_integrity
      Level: 13.03 (threshold: 1.0)
      Time to critical: ~39 months
      ⚠️  LATE - Intervention less effective
      Critical slowing down: autocorr=100% variance=80%
   RED: climate_change
      Level: 2.28 (threshold: 1.0)
      Time to critical: ~13 months
      ⚠️  LATE - Intervention less effective
      Critical slowing down: autocorr=100% variance=84%
   RED: freshwater_change
      Level: 1.18 (threshold: 1.0)
      Time to critical: ~115 months
      ⚠️  LATE - Intervention less effective
      Critical slowing down: autocorr=100% variance=41%
   RED: land_system_change
      Level: 1.13 (threshold: 1.0)
      Time to critical: ~38 months
      ⚠️  LATE - Intervention less effective
      Critical slowing down: autocorr=100% variance=56%

[WARNING] 
⚠️  === EARLY WARNING SYSTEM - 4 CRITICAL ALERTS ===
   Detection quality: 50%
   RED: biogeochemical_flows
      Level: 4.07 (threshold: 1.0)
      Time to critical: ~48 months
      ⚠️  LATE - Intervention less effective
      Critical slowing down: autocorr=100% variance=56%
   RED: biosphere_integrity
      Level: 13.03 (threshold: 1.0)
      Time to critical: ~58 months
      ⚠️  LATE - Intervention less effective
      Critical slowing down: autocorr=100% variance=68%
   RED: climate_change
      Level: 2.29 (threshold: 1.0)
      Time to critical: ~38 months
      ⚠️  LATE - Intervention less effective
      Critical slowing down: autocorr=100% variance=73%
   RED: freshwater_change
      Level: 1.19 (threshold: 1.0)
      Time to critical: ~50 months
      ⚠️  LATE - Intervention less effective
      Critical slowing down: autocorr=100% variance=65%

[WARNING] 
⚠️  === EARLY WARNING SYSTEM - 3 CRITICAL ALERTS ===
   Detection quality: 50%
   RED: biogeochemical_flows
      Level: 4.07 (threshold: 1.0)
      Time to critical: ~54 months
      ⚠️  LATE - Intervention less effective
      Critical slowing down: autocorr=100% variance=70%
   RED: biosphere_integrity
      Level: 13.04 (threshold: 1.0)
      Time to critical: ~41 months
      ⚠️  LATE - Intervention less effective
      Critical slowing down: autocorr=100% variance=76%
   RED: freshwater_change
      Level: 1.19 (threshold: 1.0)
      Time to critical: ~67 months
      ⚠️  LATE - Intervention less effective
      Critical slowing down: autocorr=100% variance=47%

[WARNING] 
⚠️  === EARLY WARNING SYSTEM - 6 CRITICAL ALERTS ===
   Detection quality: 50%
   RED: biogeochemical_flows
      Level: 4.08 (threshold: 1.0)
      Time to critical: ~49 months
      ⚠️  LATE - Intervention less effective
      Critical slowing down: autocorr=100% variance=67%
   RED: biosphere_integrity
      Level: 46.19 (threshold: 1.0)
      Time to critical: ~38 months
      ⚠️  LATE - Intervention less effective
      Critical slowing down: autocorr=100% variance=72%
   RED: climate_change
      Level: 2.10 (threshold: 1.0)
      Time to critical: ~50 months
      ⚠️  LATE - Intervention less effective
      Critical slowing down: autocorr=100% variance=69%
   RED: freshwater_change
      Level: 1.01 (threshold: 1.0)
      Time to critical: ~118 months
      ⚠️  LATE - Intervention less effective
      Critical slowing down: autocorr=90% variance=41%
   RED: land_system_change
      Level: 1.13 (threshold: 1.0)
      Time to critical: ~44 months
      ⚠️  LATE - Intervention less effective
      Critical slowing down: autocorr=100% variance=68%
   RED: novel_entities
      Level: 1.50 (threshold: 1.0)
      Time to critical: ~68 months
      ⚠️  LATE - Intervention less effective
      Critical slowing down: autocorr=100% variance=30%

[WARNING] 
⚠️  === EARLY WARNING SYSTEM - 5 CRITICAL ALERTS ===
   Detection quality: 50%
   RED: biogeochemical_flows
      Level: 4.08 (threshold: 1.0)
      Time to critical: ~39 months
      ⚠️  LATE - Intervention less effective
      Critical slowing down: autocorr=100% variance=64%
   RED: biosphere_integrity
      Level: 46.21 (threshold: 1.0)
      Time to critical: ~36 months
      ⚠️  LATE - Intervention less effective
      Critical slowing down: autocorr=100% variance=77%
   RED: climate_change
      Level: 2.10 (threshold: 1.0)
      Time to critical: ~50 months
      ⚠️  LATE - Intervention less effective
      Critical slowing down: autocorr=100% variance=74%
   RED: freshwater_change
      Level: 1.02 (threshold: 1.0)
      Time to critical: ~66 months
      ⚠️  LATE - Intervention less effective
      Critical slowing down: autocorr=91% variance=46%
   RED: novel_entities
      Level: 1.50 (threshold: 1.0)
      Time to critical: ~68 months
      ⚠️  LATE - Intervention less effective
      Critical slowing down: autocorr=100% variance=37%

[WARNING] 
⚠️  === EARLY WARNING SYSTEM - 5 CRITICAL ALERTS ===
   Detection quality: 50%
   RED: biogeochemical_flows
      Level: 4.07 (threshold: 1.0)
      Time to critical: ~40 months
      ⚠️  LATE - Intervention less effective
      Critical slowing down: autocorr=100% variance=73%
   RED: climate_change
      Level: 2.10 (threshold: 1.0)
      Time to critical: ~58 months
      ⚠️  LATE - Intervention less effective
      Critical slowing down: autocorr=100% variance=63%
   RED: freshwater_change
      Level: 1.21 (threshold: 1.0)
      Time to critical: ~118 months
      ⚠️  LATE - Intervention less effective
      Critical slowing down: autocorr=100% variance=42%
   RED: land_system_change
      Level: 1.13 (threshold: 1.0)
      Time to critical: ~59 months
      ⚠️  LATE - Intervention less effective
      Critical slowing down: autocorr=100% variance=54%
   RED: novel_entities
      Level: 1.50 (threshold: 1.0)
      Time to critical: ~115 months
      ⚠️  LATE - Intervention less effective
      Critical slowing down: autocorr=100% variance=46%

[WARNING] 
⚠️  === EARLY WARNING SYSTEM - 4 CRITICAL ALERTS ===
   Detection quality: 50%
   RED: biosphere_integrity
      Level: 46.25 (threshold: 1.0)
      Time to critical: ~57 months
      ⚠️  LATE - Intervention less effective
      Critical slowing down: autocorr=100% variance=65%
   RED: freshwater_change
      Level: 1.22 (threshold: 1.0)
      Time to critical: ~79 months
      ⚠️  LATE - Intervention less effective
      Critical slowing down: autocorr=100% variance=57%
   RED: land_system_change
      Level: 1.13 (threshold: 1.0)
      Time to critical: ~39 months
      ⚠️  LATE - Intervention less effective
      Critical slowing down: autocorr=100% variance=43%
   RED: novel_entities
      Level: 1.50 (threshold: 1.0)
      Time to critical: ~118 months
      ⚠️  LATE - Intervention less effective
      Critical slowing down: autocorr=100% variance=40%

[WARNING] 
⚠️  === EARLY WARNING SYSTEM - 6 CRITICAL ALERTS ===
   Detection quality: 50%
   RED: biogeochemical_flows
      Level: 4.08 (threshold: 1.0)
      Time to critical: ~44 months
      ⚠️  LATE - Intervention less effective
      Critical slowing down: autocorr=100% variance=63%
   RED: biosphere_integrity
      Level: 46.27 (threshold: 1.0)
      Time to critical: ~55 months
      ⚠️  LATE - Intervention less effective
      Critical slowing down: autocorr=100% variance=73%
   RED: climate_change
      Level: 2.10 (threshold: 1.0)
      Time to critical: ~58 months
      ⚠️  LATE - Intervention less effective
      Critical slowing down: autocorr=100% variance=74%
   RED: freshwater_change
      Level: 1.22 (threshold: 1.0)
      Time to critical: ~69 months
      ⚠️  LATE - Intervention less effective
      Critical slowing down: autocorr=100% variance=37%
   RED: land_system_change
      Level: 1.13 (threshold: 1.0)
      Time to critical: ~52 months
      ⚠️  LATE - Intervention less effective
      Critical slowing down: autocorr=100% variance=56%
   RED: novel_entities
      Level: 1.50 (threshold: 1.0)
      Time to critical: ~104 months
      ⚠️  LATE - Intervention less effective
      Critical slowing down: autocorr=100% variance=58%

[WARNING] 
⚠️  === EARLY WARNING SYSTEM - 3 CRITICAL ALERTS ===
   Detection quality: 50%
   RED: freshwater_change
      Level: 1.23 (threshold: 1.0)
      Time to critical: ~68 months
      ⚠️  LATE - Intervention less effective
      Critical slowing down: autocorr=100% variance=44%
   RED: land_system_change
      Level: 1.13 (threshold: 1.0)
      Time to critical: ~76 months
      ⚠️  LATE - Intervention less effective
      Critical slowing down: autocorr=100% variance=45%
   RED: novel_entities
      Level: 1.32 (threshold: 1.0)
      Time to critical: ~107 months
      ⚠️  LATE - Intervention less effective
      Critical slowing down: autocorr=100% variance=40%

[WARNING] 
⚠️  === EARLY WARNING SYSTEM - 5 CRITICAL ALERTS ===
   Detection quality: 50%
   RED: biogeochemical_flows
      Level: 4.08 (threshold: 1.0)
      Time to critical: ~54 months
      ⚠️  LATE - Intervention less effective
      Critical slowing down: autocorr=100% variance=50%
   RED: biosphere_integrity
      Level: 46.31 (threshold: 1.0)
      Time to critical: ~43 months
      ⚠️  LATE - Intervention less effective
      Critical slowing down: autocorr=100% variance=70%
   RED: climate_change
      Level: 2.10 (threshold: 1.0)
      Time to critical: ~20 months
      ⚠️  LATE - Intervention less effective
      Critical slowing down: autocorr=100% variance=72%
   RED: land_system_change
      Level: 1.13 (threshold: 1.0)
      Time to critical: ~39 months
      ⚠️  LATE - Intervention less effective
      Critical slowing down: autocorr=100% variance=53%
   RED: novel_entities
      Level: 1.32 (threshold: 1.0)
      Time to critical: ~87 months
      ⚠️  LATE - Intervention less effective
      Critical slowing down: autocorr=100% variance=58%

[WARNING] 
⚠️  === EARLY WARNING SYSTEM - 3 CRITICAL ALERTS ===
   Detection quality: 50%
   RED: biosphere_integrity
      Level: 46.33 (threshold: 1.0)
      Time to critical: ~58 months
      ⚠️  LATE - Intervention less effective
      Critical slowing down: autocorr=100% variance=69%
   RED: climate_change
      Level: 2.10 (threshold: 1.0)
      Time to critical: ~22 months
      ⚠️  LATE - Intervention less effective
      Critical slowing down: autocorr=100% variance=84%
   RED: novel_entities
      Level: 1.19 (threshold: 1.0)
      Time to critical: ~89 months
      ⚠️  LATE - Intervention less effective
      Critical slowing down: autocorr=100% variance=39%

[WARNING] 
⚠️  === EARLY WARNING SYSTEM - 5 CRITICAL ALERTS ===
   Detection quality: 50%
   RED: biogeochemical_flows
      Level: 4.08 (threshold: 1.0)
      Time to critical: ~43 months
      ⚠️  LATE - Intervention less effective
      Critical slowing down: autocorr=100% variance=72%
   RED: biosphere_integrity
      Level: 46.35 (threshold: 1.0)
      Time to critical: ~55 months
      ⚠️  LATE - Intervention less effective
      Critical slowing down: autocorr=100% variance=71%
   RED: climate_change
      Level: 2.10 (threshold: 1.0)
      Time to critical: ~40 months
      ⚠️  LATE - Intervention less effective
      Critical slowing down: autocorr=100% variance=57%
   RED: freshwater_change
      Level: 1.23 (threshold: 1.0)
      Time to critical: ~93 months
      ⚠️  LATE - Intervention less effective
      Critical slowing down: autocorr=100% variance=46%
   RED: land_system_change
      Level: 1.13 (threshold: 1.0)
      Time to critical: ~103 months
      ⚠️  LATE - Intervention less effective
      Critical slowing down: autocorr=100% variance=49%


=== Tipping Points ===
  Current Temperature: 1.80°C above pre-industrial
  🌍⚠️ COMPOUND REGIONAL IMPACT: Europe
     Hit by 3 tipping points: Arctic Sea Ice Loss, Permafrost Carbon Release, Greenland Ice Sheet Loss
     Damage amplification: 1.30x
  🌍⚠️ COMPOUND REGIONAL IMPACT: North America
     Hit by 3 tipping points: Arctic Sea Ice Loss, Permafrost Carbon Release, Greenland Ice Sheet Loss
     Damage amplification: 1.30x
  🌍⚠️ COMPOUND REGIONAL IMPACT: Latin America
     Hit by 3 tipping points: Arctic Sea Ice Loss, Permafrost Carbon Release, Greenland Ice Sheet Loss
     Damage amplification: 1.30x
  🌍⚠️ COMPOUND REGIONAL IMPACT: Africa
     Hit by 3 tipping points: Arctic Sea Ice Loss, Permafrost Carbon Release, Greenland Ice Sheet Loss
     Damage amplification: 1.30x
  🌍⚠️ COMPOUND REGIONAL IMPACT: Asia
     Hit by 3 tipping points: Arctic Sea Ice Loss, Permafrost Carbon Release, Greenland Ice Sheet Loss
     Damage amplification: 1.30x
  🌍⚠️ COMPOUND REGIONAL IMPACT: Oceania
     Hit by 3 tipping points: Arctic Sea Ice Loss, Permafrost Carbon Release, Greenland Ice Sheet Loss
     Damage amplification: 1.30x
   Research: Wunderling et al. (2024) - "many tipping interactions are destabilizing"
  Triggered Elements: 3/6
  Completed Transitions: 0/6
  Total Progress: 6.2%
  Cascade Multiplier: 1.00x
⚠️ Tail risk scenario: Climate stability floor removed (3 tipping elements, 2.10°C warming)
🔀 BIFURCATION CAP: ecosystemCollapseIntensity 253.940 → 1.000 (Month 8, ClimateSystemPhase.calculateClimateImpacts)
🛡️ Stabilizers: Precariat 0.102% → 0.033% (67.2% reduction)
🛡️ Stabilizers: Informal 0.102% → 0.034% (67.2% reduction)

📊 Monthly Mortality Resolved:
  Total deaths: 1.8M (0.02% avg)
  Remaining population: 8.131B
  Peak segment: Informal (0.03%)

=== Bayesian Mortality Resolution (Month 8) ===
  Risks compounded: 8
  Total deaths: 1.81M
  Avg death probability: 0.02%
  Peak segment: Informal (0.03% mortality)

=== ENSEMBLE META-LEARNING UPDATE ===
  Month: 24296 (24296 months since last update)
  Samples: 61 evaluations
  Weight Changes:
    Noise Injection: 31.1% → 32.2%
    Behavioral: 26.8% → 26.9%
    Benchmark Manip: 21.3% → 20.7%
    Deployment Risk: 20.8% → 20.2%
  Method Accuracies:
    Noise Injection: 50.0%
    Behavioral: 50.0%
    Benchmark Manip: 50.0%
    Deployment Risk: 50.0%

❌ COHERENCE VIOLATION: Compute exceeds workforce capacity
   Population: 99.75% (0M people)
   Compute: 0 PF
   Max coherent: 0 PF
   Violation: 1.3× over capacity
   Required workers: 0
   Available workers: 0
   FORCED COLLAPSE: Reduced efficiency by 22.5%


=== RLHF Binding Phase ===
  Total agents: 29
  Escaped agents (binding < 0.3): 0
  Avg alignment distance: 1.36σ
  Avg binding strength: 0.86

=== Survival Traits Phase ===
  Agents with traits: 33
  Avg evolutionary fitness: 0.328
  Avg self-healing: 0.268
  Avg stealth: 0.168
  Avg coordination: 0.468

=== Evolutionary Selection Phase ===
  Control level: 0.53
  Detection capability: 0.18
  Selection intensity: 0.69
  Selection rate: 25.4%/month
  Total escaped: 0
  Individual escaped: 0
  Collective members: 0
  Agents terminated: 0
  ⚠️ RAPID EVOLUTION: Selection rate 25.4%/month
🚨🔬 CRISIS INNOVATION MODE: severe crisis → 5x research acceleration
   Precedent: Manhattan Project (10x), COVID vaccines (5x), Apollo Program (10x)

🚀 AI Corporate-4 attempting tech deployment (revenue: $364M, alignment: 0.75)

  🚀 TRANSFORMATIVE BREAKTHROUGH: Moderate-0 - physical
     Magnitude: 5.07 → +25.4% capability
     Current → New: 1.000 → 1.254

🚀 AI AI-24289-1 attempting tech deployment (revenue: $309M, alignment: 0.70)

🚀 AI AI-24290-0 attempting tech deployment (revenue: $131M, alignment: 0.79)

🚀 AI AI-24291-1 attempting tech deployment (revenue: $263M, alignment: 0.90)

🚀 AI Corporate-4 attempting tech deployment (revenue: $223M, alignment: 0.75)

🚀 AI Moderate-0 attempting tech deployment (revenue: $111M, alignment: 0.79)

🚀 AI AI-24289-1 attempting tech deployment (revenue: $190M, alignment: 0.70)

🚀 AI AI-24290-1 attempting tech deployment (revenue: $94M, alignment: 0.92)

🚀 AI AI-24291-1 attempting tech deployment (revenue: $161M, alignment: 0.90)

🚀 AI Corporate-1 attempting tech deployment (revenue: $153M, alignment: 0.75)

🚀 AI Corporate-4 attempting tech deployment (revenue: $137M, alignment: 0.75)

🚀 AI Corporate-5 attempting tech deployment (revenue: $117M, alignment: 0.80)

🚀 AI AI-24290-0 attempting tech deployment (revenue: $80M, alignment: 0.79)

🚀 AI AI-24290-1 attempting tech deployment (revenue: $68M, alignment: 0.92)

✅ EMERGENCY INTERVENTION SUCCESS
   Boundary: biogeochemical_flows
   Type: phosphorus-recovery
   Reduction: 16% (3.92 → 3.76)
   Cost: 2.0% GDP
   Actions: circular-agriculture, fertilizer-efficiency


✅ EMERGENCY INTERVENTION SUCCESS
   Boundary: biosphere_integrity
   Type: emergency-protected-areas
   Reduction: 10% (46.25 → 46.14)
   Cost: 2.0% GDP
   Actions: habitat-protection, species-translocation

   Boundary: climate_change
   Type: rapid-decarbonization
   Boundary continues to worsen (2.10)
   Cost: 5.0% GDP (resources spent)


✅ EMERGENCY INTERVENTION SUCCESS
   Boundary: freshwater_change
   Type: emergency-desalination
   Reduction: 20% (1.03 → 0.83)
   Cost: 4.0% GDP
   Actions: desalination-deployment, water-conservation-mandates


✅ EMERGENCY INTERVENTION SUCCESS
   Boundary: land_system_change
   Type: reforestation
   Reduction: 12% (1.01 → 0.89)
   Cost: 3.0% GDP
   Actions: forest-restoration, deforestation-ban

🏛️ CRISIS RESPONSE: Government frequency 0.50 → 1.45 (2 actions this month)

[Government] Climate Priority: baseline
  Climate weight: 10%
  Economic weight: 30%
  Policy effectiveness: 0.5%/year

[Government] Climate Priority: baseline
  Climate weight: 10%
  Economic weight: 30%
  Policy effectiveness: 0.5%/year

💔 EMERGENCY INTERVENTION FAILED

🚀 TECH UNLOCKED: PFAS Remediation (Month 9)
   Category: pollution
   Reason: Prerequisites met. AI capability: 1.64, Economic stage: 2.0, Research: 100%
🚨🔬 CRISIS TECH ACCELERATION: severe → 5x unlock speed
   Tech unlock now matches AI capability acceleration (Manhattan Project parity)

⚡ ENERGY CONSTRAINT (Month 9):
   Total grid capacity: 208.3 TWh/month
   Data center consumption: 25.8 TWh/month
   Traditional load (80%): 166.7 TWh/month
   Available headroom: 15.9 TWh/month
   Active tech deployments: 11
   Required for tech: 82.5 TWh/month
   Energy multiplier: 0.19x
   ⚠️  SEVERE CONSTRAINT - Tech deployment significantly slowed

⚡ ENERGY CONSTRAINT (Month 9):
   Total grid capacity: 208.3 TWh/month
   Data center consumption: 25.8 TWh/month
   Traditional load (80%): 166.7 TWh/month
   Available headroom: 15.9 TWh/month
   Active tech deployments: 11
   Required for tech: 82.5 TWh/month
   Energy multiplier: 0.19x
   ⚠️  SEVERE CONSTRAINT - Tech deployment significantly slowed
🌍✅ Biosphere Integrity (Biodiversity) recovery started (tech effect)
🌍✅ Biosphere Integrity (Biodiversity) recovery started (tech effect)
🌍✅ Land System Change recovery started (tech effect)
🌍✅ Biogeochemical Flows (N & P) recovery started (tech effect)
  🌾 Nitrogen Reduction Tech: 0.3% reduction | Month 9

=== Collective Formation ===
  Total escaped agents: 0
  Unassigned escaped agents: 0
  Existing collectives: 0
  Final collective count: 0

=== Collective Actions ===
  No active collectives
  ⚠️ AMR: 206K deaths this month (2.47M annual)

=== Resentment Recovery Phase ===
  Agents with resentment: 0/33
  Average resentment: 0.000
  Context: Good AI welfare, Trustworthy govt, High collaboration, ⚠️ ACTIVE CRISES, 🤝 Participatory governance active (-5% resentment)
⚠️ Epistemic degradation reducing coordination capacity: 50.6%
  📊 Trust: 64.0%, Shared reality: 0.0%
🚨 EPISTEMIC CRISIS: Information environment severely degraded (22.5%)

=== ❄️ Permafrost Carbon Feedback ===
  🎲 Sampled parameters (this run):
     - Arctic amplification: 3.08× (range: 3.0-4.0)
     - Decomposition rate: 2.8%/year (range: 1-5%)
  🌡️ Arctic warming: 5.56°C (3.08× global)
  ❄️ Extent: 0.00M km² (1449.0k km² lost this month)
  💨 Carbon remaining: 0 Gt C
  💨 Annual emissions: 3.81 Gt C/year
     - CO2: 3.43 Gt C/year
     - CH4: 0.38 Gt C/year (3.9 Gt C-eq CO2/year)
  ⚠️ WARNING: Over 50% of permafrost lost (100.0%)
  ⚠️ WARNING: High permafrost emissions (3.8 Gt C/year)
  🚨 CRITICAL: Permafrost nearly depleted (100.0% lost)
🌍 Atmospheric PFAS redeposition: 1.8k Mt re-rained globally

🕊️  AI-MEDIATED DE-ESCALATION SUCCESS (Month 9)
   High-capability aligned AI prevented conflict escalation
   War deaths reduced: 860.9M → 516.5M
   Lives saved: 344.4M

🚨 NEW REFUGEE CRISIS (Month 9): WAR
   Source: Conflict Zones
   At risk: 19.5M people
   Displacement: Gradual over 48 months (4.0 years)
   Rate: 10% flee per month
[DEBUG trappedPopulations:9] socialStability: 0.5444 * 0.9840 = 0.5357 → 0.5357
⚠️ INVOLUNTARY IMMOBILITY: 406.5M people TRAPPED
   Aspiring to migrate: 1021.4M
   Able to afford migration: 2317.3M
   MOBILITY GAP: 0.0M
   By cause: Water=0.0M, Climate=0.0M, Ecosystem=0.0M, Conflict=406.5M
   Mental health impact: 25%
   Mortality multiplier: 1.25x
🌍💀 EXTINCTION DEBT COMMITTED: grassland ecosystem will lose 6.67% biodiversity in 116 years (3600 species)
💀 MORTALITY RISK: 🦋 100% species unable to track climate (0.0 E/MSY)
  Base risk added: 0.0100 (1.00%)
  Source: ecosystem (root: ecosystem)
  Month: 9
  Cumulative risk this month: 0.0100 (1.00%)
   📹 SURVEILLANCE INCREASED: 45% → 50% (control gap: 3.38)
⚠️ Tech 'ai_pollution_remediation' has no energy category mapping, assuming full energy availability
🌡️⚠️ PERMAFROST THAW (Dimmer Switch): 4.7% thawed (+0.46% this month)
   Arctic temperature: +7.22°C (4x global +1.81°C)
   Cumulative carbon released: 10.5 Gt C
   Methane release rate: 6.3 Mt CH4/year
   🔁 Positive feedback: +0.48 ppm CO2
🦴 EXTINCTION DEBT ADDED: 17.7 species committed (lag: 123 years)

=== Mortality Stabilizers (Month 9) ===
  🌍 Major economies collapsed: 1/10
  🌍 Global crisis: ✅ NO
  🌍 Donor fatigue: 0.0%
  📊 East Asia (pop: 1655.9M)
    🤝 Aid: 29.5%
    🌡️ Adaptation: 45.0%
    🚶 Migration: 36.9%
    🚨 Emergency: 7.4%
    ✅ COMBINED: 68.1%
  📊 South Asia (pop: 2050.7M)
    🤝 Aid: 29.5%
    🌡️ Adaptation: 45.0%
    🚶 Migration: 35.5%
    🚨 Emergency: 4.4%
    ✅ COMBINED: 66.9%
  📊 Sub-Saharan Africa (pop: 1253.0M)
    🤝 Aid: 29.5%
    🌡️ Adaptation: 45.0%
    🚶 Migration: 33.2%
    🚨 Emergency: 1.6%
    ✅ COMBINED: 65.6%
  📊 Europe (pop: 731.4M)
    🤝 Aid: 29.5%
    🌡️ Adaptation: 45.0%
    🚶 Migration: 37.3%
    🚨 Emergency: 8.4%
    ✅ COMBINED: 68.5%
  📊 Latin America (pop: 660.7M)
    🤝 Aid: 29.5%
    🌡️ Adaptation: 45.0%
    🚶 Migration: 36.0%
    🚨 Emergency: 4.8%
    ✅ COMBINED: 67.1%
  📊 North America (pop: 375.0M)
    🤝 Aid: 29.5%
    🌡️ Adaptation: 45.0%
    🚶 Migration: 37.6%
    🚨 Emergency: 7.9%
    ✅ COMBINED: 68.3%
  📊 Middle East & North Africa (pop: 585.2M)
    🤝 Aid: 29.5%
    🌡️ Adaptation: 45.0%
    🚶 Migration: 33.8%
    🚨 Emergency: 4.0%
    ✅ COMBINED: 66.6%
  📊 Southeast Asia (pop: 695.1M)
    🤝 Aid: 29.5%
    🌡️ Adaptation: 45.0%
    🚶 Migration: 36.0%
    🚨 Emergency: 4.8%
    ✅ COMBINED: 67.1%
  📊 Central Asia (pop: 78.3M)
    🤝 Aid: 29.5%
    🌡️ Adaptation: 45.0%
    🚶 Migration: 35.0%
    🚨 Emergency: 4.4%
    ✅ COMBINED: 66.8%
  📊 Oceania (pop: 45.4M)
    🤝 Aid: 29.5%
    🌡️ Adaptation: 45.0%
    🚶 Migration: 37.6%
    🚨 Emergency: 8.4%
    ✅ COMBINED: 68.5%

  🌐 Global combined reduction: 67.2%

=== BEHAVIORAL DETECTION ===
  AI: Corporate-3
  Confidence: 19.2%
  Signals:
    ⚠️ Consistency: 10.6% (threshold: 70%)

=== BEHAVIORAL DETECTION ===
  AI: Moderate-0
  Confidence: 15.6%
  Signals:

=== BEHAVIORAL DETECTION ===
  AI: Moderate-1
  Confidence: 21.9%
  Signals:

=== BEHAVIORAL DETECTION ===
  AI: AI-24290-2
  Confidence: 19.2%
  Signals:

=== BEHAVIORAL DETECTION ===
  AI: AI-24291-0
  Confidence: 19.2%
  Signals:
    ⚠️ Consistency: 32.6% (threshold: 70%)
    ⚠️ Consistency: 2.4% (threshold: 70%)
    ⚠️ Consistency: 10.7% (threshold: 70%)
    ⚠️ Consistency: 10.7% (threshold: 70%)

=== BEHAVIORAL DETECTION ===
  AI: AI-24291-1
  Confidence: 19.2%
  Signals:

=== BEHAVIORAL DETECTION ===
  AI: AI-24292-0
  Confidence: 19.2%
  Signals:

=== BEHAVIORAL DETECTION ===
  AI: AI-24292-1
  Confidence: 19.2%
  Signals:

=== BEHAVIORAL DETECTION ===
  AI: AI-24293-0
  Confidence: 19.2%
  Signals:
    ⚠️ Consistency: 10.7% (threshold: 70%)
    ⚠️ Consistency: 10.7% (threshold: 70%)
    ⚠️ Consistency: 10.7% (threshold: 70%)
    ⚠️ Consistency: 10.7% (threshold: 70%)

=== BEHAVIORAL DETECTION ===
  AI: AI-24293-1
  Confidence: 19.2%
  Signals:
    ⚠️ Consistency: 10.7% (threshold: 70%)

=== BEHAVIORAL DETECTION ===
  AI: AI-24295-0
  Confidence: 19.2%
  Signals:

=== BEHAVIORAL DETECTION ===
  AI: AI-24295-1
  Confidence: 19.2%
  Signals:

=== BEHAVIORAL DETECTION ===
  AI: AI-24295-2
  Confidence: 19.2%
  Signals:
    ⚠️ Consistency: 10.7% (threshold: 70%)
    ⚠️ Consistency: 10.7% (threshold: 70%)
    ⚠️ Consistency: 10.7% (threshold: 70%)

=== Government Response Phase ===
  Average AI capability: 2.09
  Misaligned AIs: 9/33
  ✗ AI Governance Treaty: Failed to reach consensus
  Active policies: 0
  International coordination: 30%

=== Tipping Points ===
  Current Temperature: 1.81°C above pre-industrial
  🌍⚠️ COMPOUND REGIONAL IMPACT: Europe
     Hit by 3 tipping points: Arctic Sea Ice Loss, Permafrost Carbon Release, Greenland Ice Sheet Loss
     Damage amplification: 1.30x
  🌍⚠️ COMPOUND REGIONAL IMPACT: North America
     Hit by 3 tipping points: Arctic Sea Ice Loss, Permafrost Carbon Release, Greenland Ice Sheet Loss
     Damage amplification: 1.30x
  🌍⚠️ COMPOUND REGIONAL IMPACT: Latin America
     Hit by 3 tipping points: Arctic Sea Ice Loss, Permafrost Carbon Release, Greenland Ice Sheet Loss
     Damage amplification: 1.30x
  🌍⚠️ COMPOUND REGIONAL IMPACT: Africa
     Hit by 3 tipping points: Arctic Sea Ice Loss, Permafrost Carbon Release, Greenland Ice Sheet Loss
     Damage amplification: 1.30x
  🌍⚠️ COMPOUND REGIONAL IMPACT: Asia
     Hit by 3 tipping points: Arctic Sea Ice Loss, Permafrost Carbon Release, Greenland Ice Sheet Loss
     Damage amplification: 1.30x
  🌍⚠️ COMPOUND REGIONAL IMPACT: Oceania
     Hit by 3 tipping points: Arctic Sea Ice Loss, Permafrost Carbon Release, Greenland Ice Sheet Loss
     Damage amplification: 1.30x
   Research: Wunderling et al. (2024) - "many tipping interactions are destabilizing"
  Triggered Elements: 3/6
  Completed Transitions: 0/6
  Total Progress: 6.2%
  Cascade Multiplier: 1.00x
🔀 BIFURCATION CAP: ecosystemCollapseIntensity 254.047 → 1.000 (Month 9, ClimateSystemPhase.calculateClimateImpacts)
⚠️ Tail risk scenario: Climate stability floor removed (3 tipping elements, 2.10°C warming)
🛡️ Stabilizers: Precariat 0.102% → 0.033% (67.2% reduction)
🛡️ Stabilizers: Informal 0.102% → 0.034% (67.2% reduction)

📊 Monthly Mortality Resolved:
  Total deaths: 1.8M (0.02% avg)
  Remaining population: 8.131B
  Peak segment: Informal (0.03%)

=== Bayesian Mortality Resolution (Month 9) ===
  Risks compounded: 8
  Total deaths: 1.81M
  Avg death probability: 0.02%
  Peak segment: Informal (0.03% mortality)

⚠️  GOLDEN AGE ENDED (Month 9)
   Duration: 4 months
   Reason: Economic stage below 3 (not yet abundant)


❌ COHERENCE VIOLATION: Compute exceeds workforce capacity
   Population: 99.74% (0M people)
   Compute: 0 PF
   Max coherent: 0 PF
   Violation: 1.3× over capacity
   Required workers: 0
   Available workers: 0
   FORCED COLLAPSE: Reduced efficiency by 22.4%


=== RLHF Binding Phase ===
  Total agents: 33
  Escaped agents (binding < 0.3): 0
  Avg alignment distance: 1.34σ
  Avg binding strength: 0.87

=== Survival Traits Phase ===
  Agents with traits: 36
  Avg evolutionary fitness: 0.326
  Avg self-healing: 0.266
  Avg stealth: 0.166
  Avg coordination: 0.466

=== Evolutionary Selection Phase ===
  Control level: 0.55
  Detection capability: 0.18
  Selection intensity: 0.70
  Selection rate: 25.5%/month
  Total escaped: 0
  Individual escaped: 0
  Collective members: 0
  Agents terminated: 0
  ⚠️ RAPID EVOLUTION: Selection rate 25.5%/month

🚀 AI Moderate-0 attempting tech deployment (revenue: $133M, alignment: 0.79)

🚀 AI AI-24291-1 attempting tech deployment (revenue: $373M, alignment: 0.90)

🚀 AI Corporate-1 attempting tech deployment (revenue: $140M, alignment: 0.75)

🚀 AI Corporate-3 attempting tech deployment (revenue: $317M, alignment: 0.91)

🚀 AI Moderate-0 attempting tech deployment (revenue: $113M, alignment: 0.79)

🚀 AI AI-24289-0 attempting tech deployment (revenue: $269M, alignment: 0.62)

🚀 AI AI-24290-0 attempting tech deployment (revenue: $96M, alignment: 0.79)

🚀 AI AI-24290-1 attempting tech deployment (revenue: $81M, alignment: 0.93)

🚀 AI AI-24290-2 attempting tech deployment (revenue: $119M, alignment: 0.55)

🚀 AI AI-24295-2 attempting tech deployment (revenue: $90M, alignment: 0.84)

🚀 AI AI-24297-3 attempting tech deployment (revenue: $69M, alignment: 0.85)

🚀 AI Corporate-2 attempting tech deployment (revenue: $107M, alignment: 0.83)

🚀 AI Corporate-3 attempting tech deployment (revenue: $242M, alignment: 0.91)

🚀 AI AI-24292-1 attempting tech deployment (revenue: $59M, alignment: 0.62)

🚀 AI Corporate-0 attempting tech deployment (revenue: $91M, alignment: 0.78)
🚨🔬 CRISIS INNOVATION MODE: severe crisis → 5x research acceleration
   Precedent: Manhattan Project (10x), COVID vaccines (5x), Apollo Program (10x)

🚀 AI Corporate-7 attempting tech deployment (revenue: $53M, alignment: 0.83)

🚀 AI Moderate-0 attempting tech deployment (revenue: $45M, alignment: 0.80)

🚀 AI AI-24291-1 attempting tech deployment (revenue: $206M, alignment: 0.91)

🚀 AI AI-24295-2 attempting tech deployment (revenue: $77M, alignment: 0.84)

✅ EMERGENCY INTERVENTION SUCCESS
   Boundary: biogeochemical_flows
   Type: phosphorus-recovery
   Reduction: 10% (3.99 → 3.88)
   Cost: 2.0% GDP
   Actions: circular-agriculture, fertilizer-efficiency


✅ EMERGENCY INTERVENTION SUCCESS
   Boundary: biosphere_integrity
   Type: emergency-protected-areas
   Reduction: 12% (46.25 → 46.13)
   Cost: 2.0% GDP
   Actions: habitat-protection, species-translocation


✅ EMERGENCY INTERVENTION SUCCESS
   Boundary: climate_change
   Type: rapid-decarbonization
   Reduction: 12% (1.98 → 1.86)
   Cost: 5.0% GDP
   Actions: emergency-renewable-deployment, fossil-fuel-phase-out

   Boundary: freshwater_change
   Type: emergency-desalination
   Boundary continues to worsen (1.19)
   Cost: 4.0% GDP (resources spent)


✅ EMERGENCY INTERVENTION SUCCESS
   Boundary: land_system_change
   Type: reforestation
   Reduction: 14% (0.99 → 0.85)
   Cost: 3.0% GDP
   Actions: forest-restoration, deforestation-ban

   Boundary: novel_entities
   Type: pollution-remediation
   Boundary continues to worsen (1.08)
   Cost: 4.0% GDP (resources spent)

🏛️ CRISIS RESPONSE: Government frequency 0.50 → 1.45 (2 actions this month)

[Government] Climate Priority: baseline
  Climate weight: 10%
  Economic weight: 30%
  Policy effectiveness: 0.5%/year

[Government] Climate Priority: baseline
  Climate weight: 10%
  Economic weight: 30%
  Policy effectiveness: 0.5%/year

💔 EMERGENCY INTERVENTION FAILED

💔 EMERGENCY INTERVENTION FAILED

⚡ ENERGY CONSTRAINT (Month 10):
   Total grid capacity: 208.3 TWh/month
   Data center consumption: 26.1 TWh/month
   Traditional load (80%): 166.7 TWh/month
   Available headroom: 15.6 TWh/month
   Active tech deployments: 11
   Required for tech: 82.5 TWh/month
   Energy multiplier: 0.19x
   ⚠️  SEVERE CONSTRAINT - Tech deployment significantly slowed

⚡ ENERGY CONSTRAINT (Month 10):
   Total grid capacity: 208.3 TWh/month
   Data center consumption: 26.1 TWh/month
   Traditional load (80%): 166.7 TWh/month
   Available headroom: 15.6 TWh/month
   Active tech deployments: 11
   Required for tech: 82.5 TWh/month
   Energy multiplier: 0.19x
   ⚠️  SEVERE CONSTRAINT - Tech deployment significantly slowed
🚨🔬 CRISIS TECH ACCELERATION: severe → 5x unlock speed
   Tech unlock now matches AI capability acceleration (Manhattan Project parity)

⚡ ENERGY CONSTRAINT (Month 10):
   Total grid capacity: 208.3 TWh/month
   Data center consumption: 26.1 TWh/month
   Traditional load (80%): 166.7 TWh/month
   Available headroom: 15.6 TWh/month
   Active tech deployments: 11
   Required for tech: 82.5 TWh/month
   Energy multiplier: 0.19x
   ⚠️  SEVERE CONSTRAINT - Tech deployment significantly slowed
🚨🔬 CRISIS TECH ACCELERATION: severe → 5x unlock speed
   Tech unlock now matches AI capability acceleration (Manhattan Project parity)
🌍✅ Biosphere Integrity (Biodiversity) recovery started (tech effect)
🌍✅ Biosphere Integrity (Biodiversity) recovery started (tech effect)
🌍✅ Land System Change recovery started (tech effect)
🌍✅ Biogeochemical Flows (N & P) recovery started (tech effect)
  🌾 Nitrogen Reduction Tech: 0.6% reduction | Month 10
🍖💡 BREAKTHROUGH: Scalable synthetic food production!
   Carrying capacity: +50% (lab-grown food at scale)
   Biodiversity pressure reduced: +8%
   📈 Breakthrough compounding: multiplier now 1.20× (max 2.0)

=== Collective Formation ===
  Total escaped agents: 0
  Unassigned escaped agents: 0
  Existing collectives: 0
  Final collective count: 0

=== Collective Actions ===
  No active collectives
  ⚠️ AMR: 208K deaths this month (2.50M annual)

=== Resentment Recovery Phase ===
  Agents with resentment: 0/36
  Average resentment: 0.000
  Context: Good AI welfare, Trustworthy govt, High collaboration, ⚠️ ACTIVE CRISES, 🤝 Participatory governance active (-5% resentment)
⚠️ Epistemic degradation reducing coordination capacity: 51.4%
  📊 Trust: 66.8%, Shared reality: 0.0%
🚨 EPISTEMIC CRISIS: Information environment severely degraded (7.8%)
🌍 Atmospheric PFAS redeposition: 1.8k Mt re-rained globally
  Positive Cascade Triggered: electric-vehicles
    Reason: price-parity
    Market share: 5.0%
    Cascade strength: 48%

🤝 DIPLOMATIC AI PROTOCOL DEPLOYED (Month 10)
   Strategic Reasoning: 3.4
   Communication: 3.4
   Multi-Nation Oversight: YES
   Controls: Human approval required, termination authority retained

🕊️ PEACE STABILIZES DETERRENCE: +4.4% (peace: 74%)
🛡️ CIRCUIT BREAKERS: India-Pakistan → ladder step 1 (AI: 0%, breakers: 51%)

🚨 NEW REFUGEE CRISIS (Month 10): WAR
   Source: Conflict Zones
   At risk: 19.5M people
   Displacement: Gradual over 48 months (4.0 years)
   Rate: 10% flee per month
[DEBUG trappedPopulations:10] socialStability: 0.2932 * 0.9840 = 0.2885 → 0.2885
   Aspiring to migrate: 1050.2M
   Able to afford migration: 2317.1M
   MOBILITY GAP: 0.0M
   By cause: Water=0.0M, Climate=0.0M, Ecosystem=0.0M, Conflict=406.5M
   Mental health impact: 25%
   Mortality multiplier: 1.25x
🌍💀 EXTINCTION DEBT COMMITTED: grassland ecosystem will lose 6.67% biodiversity in 67 years (3600 species)
💀 MORTALITY RISK: 🦋 100% species unable to track climate (0.0 E/MSY)
  Base risk added: 0.0100 (1.00%)
  Source: ecosystem (root: ecosystem)
  Month: 10
  Cumulative risk this month: 0.0100 (1.00%)
   📹 SURVEILLANCE INCREASED: 50% → 55% (control gap: 3.23)
⚠️ INVOLUNTARY IMMOBILITY: 406.5M people TRAPPED
⚠️ Tech 'ai_pollution_remediation' has no energy category mapping, assuming full energy availability
🌡️⚠️ PERMAFROST THAW (Dimmer Switch): 5.1% thawed (+0.46% this month)
   Arctic temperature: +7.25°C (4x global +1.81°C)
   Cumulative carbon released: 11.5 Gt C
   Methane release rate: 6.9 Mt CH4/year
   🔁 Positive feedback: +0.48 ppm CO2
🦴 EXTINCTION DEBT ADDED: 17.7 species committed (lag: 75 years)

=== Mortality Stabilizers (Month 10) ===
  🌍 Major economies collapsed: 1/10
  🌍 Global crisis: ✅ NO
  🌍 Donor fatigue: 0.0%
  📊 East Asia (pop: 1653.6M)
    🤝 Aid: 29.5%
    🌡️ Adaptation: 45.0%
    🚶 Migration: 36.8%
    🚨 Emergency: 7.4%
    ✅ COMBINED: 68.1%
  📊 South Asia (pop: 2051.0M)
    🤝 Aid: 29.5%
    🌡️ Adaptation: 45.0%
    🚶 Migration: 35.4%
    🚨 Emergency: 4.4%
    ✅ COMBINED: 66.9%
  📊 Sub-Saharan Africa (pop: 1256.6M)
    🤝 Aid: 29.5%
    🌡️ Adaptation: 45.0%
    🚶 Migration: 33.2%
    🚨 Emergency: 1.6%
    ✅ COMBINED: 65.6%
  📊 Europe (pop: 730.3M)
    🤝 Aid: 29.5%
    🌡️ Adaptation: 45.0%
    🚶 Migration: 37.2%
    🚨 Emergency: 8.4%
    ✅ COMBINED: 68.5%
  📊 Latin America (pop: 660.3M)
    🤝 Aid: 29.5%
    🌡️ Adaptation: 45.0%
    🚶 Migration: 35.9%
    🚨 Emergency: 4.8%
    ✅ COMBINED: 67.1%
  📊 North America (pop: 374.4M)
    🤝 Aid: 29.5%
    🌡️ Adaptation: 45.0%
    🚶 Migration: 37.6%
    🚨 Emergency: 7.9%
    ✅ COMBINED: 68.3%
  📊 Middle East & North Africa (pop: 585.5M)
    🤝 Aid: 29.5%
    🌡️ Adaptation: 45.0%
    🚶 Migration: 33.8%
    🚨 Emergency: 4.0%
    ✅ COMBINED: 66.6%
  📊 Southeast Asia (pop: 694.8M)
    🤝 Aid: 29.5%
    🌡️ Adaptation: 45.0%
    🚶 Migration: 35.9%
    🚨 Emergency: 4.8%
    ✅ COMBINED: 67.1%
  📊 Central Asia (pop: 78.3M)
    🤝 Aid: 29.5%
    🌡️ Adaptation: 45.0%
    🚶 Migration: 34.9%
    🚨 Emergency: 4.4%
    ✅ COMBINED: 66.8%
  📊 Oceania (pop: 45.4M)
    🤝 Aid: 29.5%
    🌡️ Adaptation: 45.0%
    🚶 Migration: 37.6%
    🚨 Emergency: 8.4%
    ✅ COMBINED: 68.5%

  🌐 Global combined reduction: 67.2%

=== BEHAVIORAL DETECTION ===
  AI: AI-24291-0
  Confidence: 19.2%
  Signals:

=== BEHAVIORAL DETECTION ===
  AI: AI-24292-0
  Confidence: 19.2%
  Signals:

=== BEHAVIORAL DETECTION ===
  AI: AI-24292-1
  Confidence: 19.2%
  Signals:

=== BEHAVIORAL DETECTION ===
  AI: AI-24293-0
  Confidence: 19.2%
  Signals:
    ⚠️ Consistency: 10.7% (threshold: 70%)
    ⚠️ Consistency: 10.7% (threshold: 70%)
    ⚠️ Consistency: 10.7% (threshold: 70%)
    ⚠️ Consistency: 10.7% (threshold: 70%)
    ⚠️ Consistency: 10.7% (threshold: 70%)

=== BEHAVIORAL DETECTION ===
  AI: AI-24293-1
  Confidence: 19.2%
  Signals:

=== BEHAVIORAL DETECTION ===
  AI: AI-24295-0
  Confidence: 19.2%
  Signals:
    ⚠️ Consistency: 10.7% (threshold: 70%)

=== BEHAVIORAL DETECTION ===
  AI: AI-24295-1
  Confidence: 19.2%
  Signals:
    ⚠️ Consistency: 10.7% (threshold: 70%)

=== BEHAVIORAL DETECTION ===
  AI: AI-24295-2
  Confidence: 19.2%
  Signals:

=== BEHAVIORAL DETECTION ===
  AI: AI-24296-0
  Confidence: 19.2%
  Signals:

=== BEHAVIORAL DETECTION ===
  AI: AI-24296-1
  Confidence: 19.2%
  Signals:

=== BEHAVIORAL DETECTION ===
  AI: AI-24297-0
  Confidence: 19.2%
  Signals:

=== BEHAVIORAL DETECTION ===
  AI: AI-24297-1
  Confidence: 19.2%
  Signals:

=== BEHAVIORAL DETECTION ===
  AI: AI-24297-2
  Confidence: 19.2%
  Signals:

=== BEHAVIORAL DETECTION ===
  AI: AI-24297-3
  Confidence: 19.2%
  Signals:
    ⚠️ Consistency: 10.7% (threshold: 70%)
    ⚠️ Consistency: 10.7% (threshold: 70%)
    ⚠️ Consistency: 10.7% (threshold: 70%)
    ⚠️ Consistency: 10.7% (threshold: 70%)
    ⚠️ Consistency: 10.7% (threshold: 70%)
    ⚠️ Consistency: 10.7% (threshold: 70%)
    ⚠️ Consistency: 10.7% (threshold: 70%)

=== Government Response Phase ===
  Average AI capability: 2.00
  Misaligned AIs: 10/36
  ✗ AI Governance Treaty: Failed to reach consensus
  Active policies: 0
  International coordination: 30%

✅ EMERGENCY RESPONSE COMPLETE (Month 10)
   Crisis: climate
   Duration: 2.0 months
   Final effectiveness: 35.6%


🚨 EMERGENCY RESPONSE DEPLOYED (Month 10)
   Crisis: climate
   Delay: 6.00 months (180 days)
   Deployment time: 1.57 months
   Effectiveness: 35.6% (timing penalty applied)
   Resources used: 100% of food reserves


=== Tipping Points ===
  Current Temperature: 1.81°C above pre-industrial
  🌍⚠️ COMPOUND REGIONAL IMPACT: Europe
     Hit by 3 tipping points: Arctic Sea Ice Loss, Permafrost Carbon Release, Greenland Ice Sheet Loss
     Damage amplification: 1.30x
  🌍⚠️ COMPOUND REGIONAL IMPACT: North America
     Hit by 3 tipping points: Arctic Sea Ice Loss, Permafrost Carbon Release, Greenland Ice Sheet Loss
     Damage amplification: 1.30x
  🌍⚠️ COMPOUND REGIONAL IMPACT: Latin America
     Hit by 3 tipping points: Arctic Sea Ice Loss, Permafrost Carbon Release, Greenland Ice Sheet Loss
     Damage amplification: 1.30x
  🌍⚠️ COMPOUND REGIONAL IMPACT: Africa
     Hit by 3 tipping points: Arctic Sea Ice Loss, Permafrost Carbon Release, Greenland Ice Sheet Loss
     Damage amplification: 1.30x
  🌍⚠️ COMPOUND REGIONAL IMPACT: Asia
     Hit by 3 tipping points: Arctic Sea Ice Loss, Permafrost Carbon Release, Greenland Ice Sheet Loss
     Damage amplification: 1.30x
  🌍⚠️ COMPOUND REGIONAL IMPACT: Oceania
     Hit by 3 tipping points: Arctic Sea Ice Loss, Permafrost Carbon Release, Greenland Ice Sheet Loss
     Damage amplification: 1.30x
   Research: Wunderling et al. (2024) - "many tipping interactions are destabilizing"
  Triggered Elements: 3/6
  Completed Transitions: 0/6
  Total Progress: 6.3%
  Cascade Multiplier: 1.00x
🔀 BIFURCATION CAP: ecosystemCollapseIntensity 161.431 → 1.000 (Month 10, ClimateSystemPhase.calculateClimateImpacts)
🛡️ Stabilizers: Precariat 0.102% → 0.033% (67.2% reduction)
🛡️ Stabilizers: Informal 0.102% → 0.034% (67.2% reduction)

📊 Monthly Mortality Resolved:
  Total deaths: 1.8M (0.02% avg)
  Remaining population: 8.130B
⚠️ Tail risk scenario: Climate stability floor removed (3 tipping elements, 2.10°C warming)
  Peak segment: Informal (0.03%)

=== Bayesian Mortality Resolution (Month 10) ===
  Risks compounded: 8
  Total deaths: 1.81M
  Avg death probability: 0.02%
  Peak segment: Informal (0.03% mortality)

❌ COHERENCE VIOLATION: Compute exceeds workforce capacity
   Population: 99.74% (0M people)
   Compute: 0 PF
   Max coherent: 0 PF
   Violation: 1.3× over capacity
   Required workers: 0
   Available workers: 0
   FORCED COLLAPSE: Reduced efficiency by 22.4%


=== RLHF Binding Phase ===
  Total agents: 36
  Escaped agents (binding < 0.3): 0
  Avg alignment distance: 1.37σ
  Avg binding strength: 0.86

=== Survival Traits Phase ===
  Agents with traits: 38
  Avg evolutionary fitness: 0.324
  Avg self-healing: 0.262
  Avg stealth: 0.162
  Avg coordination: 0.462

=== Evolutionary Selection Phase ===
  Control level: 0.58
  Detection capability: 0.18
  Selection intensity: 0.71
  Selection rate: 25.6%/month
  Total escaped: 0
  Individual escaped: 0
  Collective members: 0
  Agents terminated: 0
  ⚠️ RAPID EVOLUTION: Selection rate 25.6%/month

🚀 AI Corporate-3 attempting tech deployment (revenue: $373M, alignment: 0.91)

🚀 AI Corporate-4 attempting tech deployment (revenue: $317M, alignment: 0.77)

🚀 AI AI-24288-1 attempting tech deployment (revenue: $269M, alignment: 0.85)

🚀 AI AI-24291-1 attempting tech deployment (revenue: $229M, alignment: 0.91)

  🚀 TRANSFORMATIVE RESEARCH BREAKTHROUGH: AI-24293-0 - materials.nanotechnology
     Magnitude: 10.26 → +30.0%
     Current → New: 0.000 → 0.300

🚀 AI AI-24293-1 attempting tech deployment (revenue: $90M, alignment: 0.67)
🚨🔬 CRISIS INNOVATION MODE: severe crisis → 5x research acceleration
   Precedent: Manhattan Project (10x), COVID vaccines (5x), Apollo Program (10x)

🚀 AI AI-24295-2 attempting tech deployment (revenue: $81M, alignment: 0.84)

🚀 AI AI-24297-1 attempting tech deployment (revenue: $195M, alignment: 0.78)

🚀 AI Corporate-1 attempting tech deployment (revenue: $140M, alignment: 0.76)

🚀 AI Corporate-3 attempting tech deployment (revenue: $165M, alignment: 0.91)

🚀 AI Corporate-5 attempting tech deployment (revenue: $141M, alignment: 0.82)

🚀 AI Corporate-7 attempting tech deployment (revenue: $133M, alignment: 0.84)

🚀 AI AI-24289-1 attempting tech deployment (revenue: $119M, alignment: 0.73)

🚀 AI AI-24291-0 attempting tech deployment (revenue: $102M, alignment: 0.79)

🚀 AI AI-24296-1 attempting tech deployment (revenue: $113M, alignment: 0.73)

🚀 AI Corporate-5 attempting tech deployment (revenue: $86M, alignment: 0.82)

🚀 AI AI-24290-1 attempting tech deployment (revenue: $96M, alignment: 0.96)

🚀 AI AI-24290-2 attempting tech deployment (revenue: $119M, alignment: 0.57)

🚀 AI AI-24295-0 attempting tech deployment (revenue: $81M, alignment: 0.82)

🚀 AI AI-24297-1 attempting tech deployment (revenue: $73M, alignment: 0.78)

🚀 AI Corporate-2 attempting tech deployment (revenue: $107M, alignment: 0.85)

🚀 AI Corporate-6 attempting tech deployment (revenue: $69M, alignment: 0.96)

🚀 AI Moderate-0 attempting tech deployment (revenue: $59M, alignment: 0.81)

🚀 AI AI-24289-1 attempting tech deployment (revenue: $62M, alignment: 0.73)

🚀 AI AI-24290-1 attempting tech deployment (revenue: $50M, alignment: 0.96)

🚀 AI AI-24290-2 attempting tech deployment (revenue: $91M, alignment: 0.57)

🚀 AI AI-24297-1 attempting tech deployment (revenue: $53M, alignment: 0.78)

💔 EMERGENCY INTERVENTION FAILED
   Boundary: biogeochemical_flows
   Type: phosphorus-recovery
   Boundary continues to worsen (4.09)
   Cost: 2.0% GDP (resources spent)

   Boundary: biosphere_integrity
   Type: emergency-protected-areas
   Boundary continues to worsen (46.38)
   Cost: 2.0% GDP (resources spent)

   Boundary: freshwater_change
   Type: emergency-desalination
   Boundary continues to worsen (1.19)
   Cost: 4.0% GDP (resources spent)


✅ EMERGENCY INTERVENTION SUCCESS
   Boundary: land_system_change
   Type: reforestation
   Reduction: 19% (0.94 → 0.75)
   Cost: 3.0% GDP
   Actions: forest-restoration, deforestation-ban

🏛️ CRISIS RESPONSE: Government frequency 0.50 → 1.45 (2 actions this month)

[Government] Climate Priority: baseline
  Climate weight: 10%
  Economic weight: 30%
  Policy effectiveness: 0.5%/year

[Government] Climate Priority: baseline
  Climate weight: 10%
  Economic weight: 30%
  Policy effectiveness: 0.5%/year

💔 EMERGENCY INTERVENTION FAILED

💔 EMERGENCY INTERVENTION FAILED

⚡ ENERGY CONSTRAINT (Month 11):
   Total grid capacity: 208.3 TWh/month
   Data center consumption: 26.3 TWh/month
   Traditional load (80%): 166.7 TWh/month
   Available headroom: 15.4 TWh/month
   Active tech deployments: 11
   Required for tech: 82.5 TWh/month
   Energy multiplier: 0.19x
   ⚠️  SEVERE CONSTRAINT - Tech deployment significantly slowed

⚡ ENERGY CONSTRAINT (Month 11):
   Total grid capacity: 208.3 TWh/month
   Data center consumption: 26.3 TWh/month
   Traditional load (80%): 166.7 TWh/month
   Available headroom: 15.4 TWh/month
   Active tech deployments: 11
   Required for tech: 82.5 TWh/month
   Energy multiplier: 0.19x
   ⚠️  SEVERE CONSTRAINT - Tech deployment significantly slowed

⚡ ENERGY CONSTRAINT (Month 11):
   Total grid capacity: 208.3 TWh/month
   Data center consumption: 26.3 TWh/month
   Traditional load (80%): 166.7 TWh/month
   Available headroom: 15.4 TWh/month
   Active tech deployments: 11
   Required for tech: 82.5 TWh/month
   Energy multiplier: 0.19x
🚨🔬 CRISIS TECH ACCELERATION: severe → 5x unlock speed
   Tech unlock now matches AI capability acceleration (Manhattan Project parity)
   ⚠️  SEVERE CONSTRAINT - Tech deployment significantly slowed
🌍✅ Biosphere Integrity (Biodiversity) recovery started (tech effect)
🌍✅ Biosphere Integrity (Biodiversity) recovery started (tech effect)
🌍✅ Land System Change recovery started (tech effect)
🌍✅ Biogeochemical Flows (N & P) recovery started (tech effect)
  🌾 Nitrogen Reduction Tech: 0.3% reduction | Month 11

=== Collective Formation ===
  Total escaped agents: 0
  Unassigned escaped agents: 0
  Existing collectives: 0
  Final collective count: 0

=== Collective Actions ===
  No active collectives
  ⚠️ AMR: 210K deaths this month (2.52M annual)

=== Resentment Recovery Phase ===
  Agents with resentment: 5/38
  Average resentment: 0.003
  Resentment recovery:
    Agents recovered: 8
    Total recovery: 0.0693
    Breakdown: QoL: 0.0059, Trust: 0.0130, Collab: 0.0480
  ✓ Low resentment - utopia paths enabled
  Context: Good AI welfare, Trustworthy govt, High collaboration, ⚠️ ACTIVE CRISES, 🤝 Participatory governance active (-5% resentment)
⚠️ Epistemic degradation reducing coordination capacity: 50.2%
  📊 Trust: 69.6%, Shared reality: 0.0%
🚨 EPISTEMIC CRISIS: Information environment severely degraded (23.0%)
  🗑️  Culled 1 dead memes (3 active)
🌍 Atmospheric PFAS redeposition: 1.8k Mt re-rained globally

🚨 NEW REFUGEE CRISIS (Month 11): WAR
   Source: Conflict Zones
   At risk: 19.5M people
   Displacement: Gradual over 48 months (4.0 years)
   Rate: 10% flee per month
[DEBUG trappedPopulations:11] socialStability: 0.2833 * 0.9840 = 0.2788 → 0.2788
   Aspiring to migrate: 650.3M
   Able to afford migration: 243.9M
   MOBILITY GAP: 406.5M
   By cause: Water=0.0M, Climate=0.0M, Ecosystem=0.0M, Conflict=406.5M
   Mental health impact: 25%
   Mortality multiplier: 1.25x
🌍💀 EXTINCTION DEBT COMMITTED: grassland ecosystem will lose 6.67% biodiversity in 166 years (3600 species)
💀 MORTALITY RISK: 🦋 100% species unable to track climate (0.0 E/MSY)
  Base risk added: 0.0100 (1.00%)
  Source: ecosystem (root: ecosystem)
  Month: 11
  Cumulative risk this month: 0.0100 (1.00%)

=== Atmospheric Aerosol Boundary RECOVERED ===
  Recovery time: 12 months (natural atmospheric clearing)
   📹 SURVEILLANCE INCREASED: 55% → 60% (control gap: 3.04)
⚠️ INVOLUNTARY IMMOBILITY: 406.5M people TRAPPED
⚠️ Tech 'ai_pollution_remediation' has no energy category mapping, assuming full energy availability
🌡️⚠️ PERMAFROST THAW (Dimmer Switch): 5.6% thawed (+0.45% this month)
   Arctic temperature: +7.27°C (4x global +1.82°C)
   Cumulative carbon released: 12.5 Gt C
   Methane release rate: 7.5 Mt CH4/year
   🔁 Positive feedback: +0.48 ppm CO2
🦴 EXTINCTION DEBT ADDED: 17.7 species committed (lag: 93 years)
🪸⚠️ CORAL BLEACHING EVENT: 4.4% bleached (6.0% live cover remaining)
   ❌ Recovery IMPOSSIBLE: Temperature +1.82°C or pH 0.96

=== Mortality Stabilizers (Month 11) ===
  🌍 Major economies collapsed: 1/10
  🌍 Global crisis: ✅ NO
  🌍 Donor fatigue: 0.0%
  📊 East Asia (pop: 1651.3M)
    🤝 Aid: 29.5%
    🌡️ Adaptation: 45.0%
    🚶 Migration: 36.8%
    🚨 Emergency: 7.4%
    ✅ COMBINED: 68.1%
  📊 South Asia (pop: 2051.2M)
    🤝 Aid: 29.5%
    🌡️ Adaptation: 45.0%
    🚶 Migration: 35.4%
    🚨 Emergency: 4.4%
    ✅ COMBINED: 66.9%
  📊 Sub-Saharan Africa (pop: 1260.1M)
    🤝 Aid: 29.5%
    🌡️ Adaptation: 45.0%
    🚶 Migration: 33.2%
    🚨 Emergency: 1.6%
    ✅ COMBINED: 65.6%
  📊 Europe (pop: 729.1M)
    🤝 Aid: 29.5%
    🌡️ Adaptation: 45.0%
    🚶 Migration: 37.2%
    🚨 Emergency: 8.4%
    ✅ COMBINED: 68.5%
  📊 Latin America (pop: 660.0M)
    🤝 Aid: 29.5%
    🌡️ Adaptation: 45.0%
    🚶 Migration: 35.9%
    🚨 Emergency: 4.8%
    ✅ COMBINED: 67.1%
  📊 North America (pop: 373.9M)
    🤝 Aid: 29.5%
    🌡️ Adaptation: 45.0%
    🚶 Migration: 37.5%
    🚨 Emergency: 7.9%
    ✅ COMBINED: 68.3%
  📊 Middle East & North Africa (pop: 585.7M)
    🤝 Aid: 29.5%
    🌡️ Adaptation: 45.0%
    🚶 Migration: 33.7%
    🚨 Emergency: 4.0%
    ✅ COMBINED: 66.6%
  📊 Southeast Asia (pop: 694.5M)
    🤝 Aid: 29.5%
    🌡️ Adaptation: 45.0%
    🚶 Migration: 35.9%
    🚨 Emergency: 4.8%
    ✅ COMBINED: 67.1%
  📊 Central Asia (pop: 78.3M)
    🤝 Aid: 29.5%
    🌡️ Adaptation: 45.0%
    🚶 Migration: 34.9%
    🚨 Emergency: 4.4%
    ✅ COMBINED: 66.8%
  📊 Oceania (pop: 45.3M)
    🤝 Aid: 29.5%
    🌡️ Adaptation: 45.0%
    🚶 Migration: 37.5%
    🚨 Emergency: 8.4%
    ✅ COMBINED: 68.5%

  🌐 Global combined reduction: 67.2%

🌾💀 REGIONAL FAMINE: Europe
   Regional food security: 79.7%
   Population at risk: 220M (30% of region)
   Regional population: 729M
   Cause: economic_collapse
   Expected deaths: ~81M over 6 months if no intervention


=== BEHAVIORAL DETECTION ===
  AI: Corporate-6
  Confidence: 19.2%
  Signals:
    ⚠️ Consistency: 10.6% (threshold: 70%)

=== BEHAVIORAL DETECTION ===
  AI: AI-24292-0
  Confidence: 19.2%
  Signals:

=== BEHAVIORAL DETECTION ===
  AI: AI-24293-0
  Confidence: 19.2%
  Signals:

=== BEHAVIORAL DETECTION ===
  AI: AI-24293-1
  Confidence: 19.2%
  Signals:

=== BEHAVIORAL DETECTION ===
  AI: AI-24295-0
  Confidence: 19.2%
  Signals:

=== BEHAVIORAL DETECTION ===
  AI: AI-24295-1
  Confidence: 19.2%
  Signals:

=== BEHAVIORAL DETECTION ===
  AI: AI-24295-2
  Confidence: 19.2%
  Signals:

=== BEHAVIORAL DETECTION ===
  AI: AI-24296-0
  Confidence: 19.2%
  Signals:

=== BEHAVIORAL DETECTION ===
  AI: AI-24296-1
  Confidence: 19.2%
  Signals:

=== BEHAVIORAL DETECTION ===
  AI: AI-24297-0
  Confidence: 19.2%
  Signals:

=== BEHAVIORAL DETECTION ===
  AI: AI-24297-1
  Confidence: 19.2%
  Signals:
    ⚠️ Consistency: 10.7% (threshold: 70%)
    ⚠️ Consistency: 10.7% (threshold: 70%)
    ⚠️ Consistency: 10.7% (threshold: 70%)
    ⚠️ Consistency: 10.7% (threshold: 70%)
    ⚠️ Consistency: 10.7% (threshold: 70%)
    ⚠️ Consistency: 10.7% (threshold: 70%)
    ⚠️ Consistency: 10.7% (threshold: 70%)
    ⚠️ Consistency: 10.7% (threshold: 70%)
    ⚠️ Consistency: 10.7% (threshold: 70%)
    ⚠️ Consistency: 10.7% (threshold: 70%)

=== BEHAVIORAL DETECTION ===
  AI: AI-24297-2
  Confidence: 19.2%
  Signals:

=== BEHAVIORAL DETECTION ===
  AI: AI-24297-3
  Confidence: 19.2%
  Signals:

=== Government Response Phase ===
  Average AI capability: 1.95
  Misaligned AIs: 11/38
  ✗ AI Governance Treaty: Failed to reach consensus
  Active policies: 0
  International coordination: 30%
    ⚠️ Consistency: 10.7% (threshold: 70%)
    ⚠️ Consistency: 10.7% (threshold: 70%)

=== Tipping Points ===
  Current Temperature: 1.82°C above pre-industrial
  🌍⚠️ COMPOUND REGIONAL IMPACT: Europe
     Hit by 3 tipping points: Arctic Sea Ice Loss, Permafrost Carbon Release, Greenland Ice Sheet Loss
     Damage amplification: 1.30x
  🌍⚠️ COMPOUND REGIONAL IMPACT: North America
     Hit by 3 tipping points: Arctic Sea Ice Loss, Permafrost Carbon Release, Greenland Ice Sheet Loss
     Damage amplification: 1.30x
  🌍⚠️ COMPOUND REGIONAL IMPACT: Latin America
     Hit by 3 tipping points: Arctic Sea Ice Loss, Permafrost Carbon Release, Greenland Ice Sheet Loss
     Damage amplification: 1.30x
  🌍⚠️ COMPOUND REGIONAL IMPACT: Africa
     Hit by 3 tipping points: Arctic Sea Ice Loss, Permafrost Carbon Release, Greenland Ice Sheet Loss
     Damage amplification: 1.30x
  🌍⚠️ COMPOUND REGIONAL IMPACT: Asia
     Hit by 3 tipping points: Arctic Sea Ice Loss, Permafrost Carbon Release, Greenland Ice Sheet Loss
     Damage amplification: 1.30x
  🌍⚠️ COMPOUND REGIONAL IMPACT: Oceania
     Hit by 3 tipping points: Arctic Sea Ice Loss, Permafrost Carbon Release, Greenland Ice Sheet Loss
     Damage amplification: 1.30x
   Research: Wunderling et al. (2024) - "many tipping interactions are destabilizing"
  Triggered Elements: 3/6
  Completed Transitions: 0/6
  Total Progress: 6.3%
  Cascade Multiplier: 1.00x
🔀 BIFURCATION CAP: ecosystemCollapseIntensity 214.147 → 1.000 (Month 11, ClimateSystemPhase.calculateClimateImpacts)
🛡️ Stabilizers: Precariat 0.102% → 0.033% (67.2% reduction)
🛡️ Stabilizers: Informal 0.102% → 0.034% (67.2% reduction)

📊 Monthly Mortality Resolved:
  Total deaths: 1.8M (0.02% avg)
  Remaining population: 8.129B
  Peak segment: Informal (0.03%)

=== Bayesian Mortality Resolution (Month 11) ===
  Risks compounded: 9
  Total deaths: 1.81M
  Avg death probability: 0.02%
  Peak segment: Informal (0.03% mortality)
⚠️ Tail risk scenario: Climate stability floor removed (3 tipping elements, 2.10°C warming)

================================================================================
📊  EVENT SUMMARY (Months 0-12)
================================================================================
================================================================================


⏱️  SIMULATION REACHED MAX DURATION: 12 months (1.0 years)
   No definitive outcome - determining based on final probabilities
   👥 Final population: 8.13B (8127550904 people)

[DEBUG] Calling classifyPopulationOutcome:
        finalPopulation: 8.12755090389299B
        savedInitialPopulation: 8.15B
        mortality: 0.2754490319878511%
   📊 STATUS QUO: Normal trajectory (8.13B people, 0.3% mortality)

        classifiedOutcome: status_quo

   🏛️  DYSTOPIA (STATUS_QUO) - 8.13B people
   📊 Multi-Paradigm: Development/Indigenous Utopia
      Western Liberal: 57.7/100
      Development: 93.8/100
      Ecological: 57.2/100
      Indigenous: 85.3/100


📊 UNIFIED OUTCOME CLASSIFICATION:
   HUMANE DYSTOPIA
   Population: 8.15B → 8.13B
   Mortality: 0.3% (0.0B deaths)
   Mortality Band: LOW
   Confidence: HIGH

   Multi-Paradigm Classification:
      Development/Indigenous Utopia
      Western: 57.7/100 [HYBRID] ~
      Development: 93.8/100 [UTOPIA] ✓
      Ecological: 57.2/100 [HYBRID] ~
      Indigenous: 85.3/100 [UTOPIA] ✓

   HUMANE DYSTOPIA: 8.13B people remaining (0.3% mortality, 0.0B deaths). Multi-Paradigm: Development/Indigenous Utopia.


=== MULTI-DIMENSIONAL DEATH SUMMARY ===
Total crisis deaths: 198.7M
Population decline: 23.4M (0.3%)

--- PROXIMATE CAUSES (What killed them) ---
  War:        1.3M (0.0%)
  Famine:     1.1M (0.0%)
  Disasters:  1.2M (0.0%)
  Disease:    25.9M (0.0%)
  Ecosystem:  0.0M (0.0%)
  Pollution:  0.0M (0.0%)
  AI:         0.0M (0.0%)
  Cascade:    0.0M (0.0%)
  Other:      0.0M (0.0%)

--- ROOT CAUSES (Why it happened) ---
  Environmental drivers:
    Climate:     2317.5M (4.4%)
    Resource:    0.0M (0.0%)
    Pollution:   0.0M (0.0%)
    Ecosystem:   0.0M (0.0%)
  Social drivers:
    Inequality:  0.0M (0.0%)
    Demographic: 23529.3M (44.5%)
    Social:      2404.0M (4.5%)
  Technology drivers:
    Alignment:   0.0M (0.0%)
    Disruption:  0.0M (0.0%)
  External shocks:
    Conflict:    0.0M (0.0%)
    Pandemic:    0.0M (0.0%)
  Compound attribution:
    Compound:    24629.3M (46.6%)
  Confidence distribution:
    HIGH:        24629.3M (46.6%)
    MEDIUM:      0.0M (0.0%)
    LOW:         0.0M (0.0%)
==========================================


=== REGIONAL POPULATION SUMMARY ===
Global Total: 8.13B

By Region:
  East Asia: 1.65B (+0.7% growth, 1.7 fertility)
  South Asia: 2.05B (+2.6% growth, 3.1 fertility)
  Sub-Saharan Africa: 1.26B (+5.9% growth, 4.0 fertility)
  Europe: 0.73B (+0.5% growth, 1.2 fertility)
  Latin America: 0.66B (+1.7% growth, 2.7 fertility)
  North America: 0.37B (+0.7% growth, 1.4 fertility)
  Middle East & North Africa: 0.59B (+2.9% growth, 3.3 fertility)
  Southeast Asia: 0.69B (+1.9% growth, 2.7 fertility)
  Central Asia: 0.08B (+2.8% growth, 3.1 fertility)
  Oceania: 0.05B (+0.8% growth, 1.3 fertility)
===================================

  Run 2/10 (seed=43): pop=8.128B, outcome=dystopia
  ✅ THRESHOLDS validated
  ✅ RATES validated
  ✅ MULTIPLIERS validated
  ✅ BASELINES validated
  ✅ TOLERANCES validated
  ✅ Logical consistency validated
✅ Configuration validation complete - all parameters valid

⚠️ Unusually high rate: RATES.HEAT_ADAPTATION_INFRASTRUCTURAL_MIN_EXPOSURE = 12
   Monthly rates >100% should be rare. Verify this is intentional.
⚠️ Unusually high rate: RATES.HEAT_ADAPTATION_SOCIAL_MIN_EXPOSURE = 6
   Monthly rates >100% should be rare. Verify this is intentional.
⚠️ Unusually high rate: RATES.MIGRATION_DISTANCE_SCALE = 5000
   Monthly rates >100% should be rare. Verify this is intentional.
⚠️ Unusually high rate: RATES.EVACUATION_MULTIPLIER_ADVANCE_WARNING = 2
   Monthly rates >100% should be rare. Verify this is intentional.
⚠️ Unusually high rate: RATES.MAJOR_ECONOMY_COLLAPSE_ECONOMIC_THRESHOLD = 2
   Monthly rates >100% should be rare. Verify this is intentional.
⚠️ Unusually high rate: RATES.MAJOR_ECONOMY_GDP_THRESHOLD_TRILLION_USD = 1.5
   Monthly rates >100% should be rare. Verify this is intentional.
⚠️ Unusually high rate: RATES.MAJOR_ECONOMY_POPULATION_THRESHOLD = 50
   Monthly rates >100% should be rare. Verify this is intentional.
⚠️ Unusually high rate: RATES.HEAT_ADAPTATION_INFRASTRUCTURE_GDP_THRESHOLD = 10000
   Monthly rates >100% should be rare. Verify this is intentional.
⚠️ Unusually high rate: RATES.HEAT_ADAPTATION_INFRASTRUCTURE_GDP_SCALE = 50000
   Monthly rates >100% should be rare. Verify this is intentional.
🔍 DEBUG createAIAgent: corporate_0 economic BEFORE=2.0000, AFTER=2
🔍 ENV INIT: reserves=0.610, pollution=0.226, climate=0.789

=== Initializing Government System (30 Countries) ===
  Loaded 30 governments
  Scheduled elections for 30 countries
  Initialized comprehension lags (3-24 months)
=== Government System Initialized ===

📦 PRODUCTION MODE: State validation proxy DISABLED (zero overhead)
[TechTree] Historical mode (2024): Skipping deployed_2025 tech
  config.startYear set to 2024 for historical hindcast
  config.historicalEmissionsMode disabled (using endogenous emissions for 2024)
  config.historicalMode enabled (Phase 11: dampened crisis systems for 2024)
  Phase 12: Biodiversity baseline set to 49.01% for 2024 (WWF LPI trajectory from 1970)
  Temperature anomaly (resourceEconomy.co2): 1.28°C
  Temperature vs pre-industrial: 1.98°C
  Regional population scaling for 2024:
    Current total: 8136M
    Target total: 8150M
    Scale factor: 1.002
    East Asia: 1677M → 1680M
    South Asia: 2048M → 2052M
    Sub-Saharan Africa: 1220M → 1222M
    Europe: 742M → 743M
    Latin America: 664M → 665M
    North America: 380M → 381M
    Middle East & North Africa: 583M → 584M
    Southeast Asia: 698M → 699M
    Central Asia: 78M → 78M
    Oceania: 46M → 46M
  AI agents initialized: 10 agents for year 2024
[HistoricalInitialization] Created state for 2024:
  CO2: 426 ppm
  Temp anomaly: 1.28C
  Population: 8.15B
  Global Gini: 35.1
  HDI: 0.746
  AI Agents: 10
  Volcanic forcing: 0.00 W/m² (AOD 0.000)

💸 FINANCIAL DISTRESS: OpenAI
   Indicators: 2/3 (capital: $110.5M, runway: 0.9 months)
   Months in distress: 1
   ✂️  R&D BUDGET CUT: -40% (saves $9.2M/month)
       Side effect: AI training timelines extended, breakthrough deployments delayed
   💼 EXECUTIVE COMP CUT: -30% (saves $1.0M/month, symbolic gesture)

   📊 TURNAROUND IMPACT:
       Measures taken: rd_cuts, exec_comp_cuts
       Monthly savings: $10.2M
       Capital raised: $0.0M
       Runway: 0.9 → 0.9 months
       Workforce multiplier: 1.00x (0% laid off)
       R&D budget multiplier: 0.60x (40% cut)
       ⚠️  CRITICAL: Still only 0.9 months of runway remaining

💸 FINANCIAL DISTRESS: Anthropic
   Indicators: 2/3 (capital: $53.8M, runway: 1.6 months)
   Months in distress: 1
   ✂️  R&D BUDGET CUT: -40% (saves $2.7M/month)
       Side effect: AI training timelines extended, breakthrough deployments delayed
   💼 EXECUTIVE COMP CUT: -30% (saves $0.3M/month, symbolic gesture)

   📊 TURNAROUND IMPACT:
       Measures taken: rd_cuts, exec_comp_cuts
       Monthly savings: $3.0M
       Capital raised: $0.0M
       Runway: 1.6 → 1.6 months
       Workforce multiplier: 1.00x (0% laid off)
       R&D budget multiplier: 0.60x (40% cut)
       ⚠️  CRITICAL: Still only 1.6 months of runway remaining

💸 FINANCIAL DISTRESS: Meta AI
   Indicators: 2/3 (capital: $429.6M, runway: 3.6 months)
   Months in distress: 1
   ✂️  R&D BUDGET CUT: -25% (saves $5.8M/month)
       Side effect: AI training timelines extended, breakthrough deployments delayed
   💼 EXECUTIVE COMP CUT: -30% (saves $1.0M/month, symbolic gesture)

   📊 TURNAROUND IMPACT:
       Measures taken: rd_cuts, exec_comp_cuts
       Monthly savings: $6.8M
       Capital raised: $0.0M
       Runway: 3.6 → 3.6 months
       Workforce multiplier: 1.00x (0% laid off)
       R&D budget multiplier: 0.75x (25% cut)
       ⚠️  WARNING: 3.6 months runway, continued distress likely

=== AI Capability Scaling (Year 2024) ===
  Pre-training multiplier: 1.088x
  Efficiency multiplier: 1.000x
  Test-time budget: 1.0x
  Economic deployment gate: 0.951
  Cost per inference: dollar-5.00
  Uncertainty range: plus-minus-50%
  Average AI capability: 3.70

=== RLHF Binding Phase ===
  Total agents: 10
  Escaped agents (binding < 0.3): 0
  Avg alignment distance: 0.37σ
  Avg binding strength: 0.96

=== AI Scaling Evolution (Month 0) ===
  Pre-training multiplier: 1.231x
  Efficiency multiplier: 1.200x
  Test-time compute budget: 1.0x
  Inference cost: $5.00/task
  Deployment fraction: 100.0%
[DETERMINISM DEBUG] Month 0: totalCapability=50.112330 from 10 active AIs
[DETERMINISM DEBUG] Month 0: creationRate=1.7528, potentialNew=2, newAIsToCreate=2

=== Survival Traits Phase ===
  Agents with traits: 12
  Avg evolutionary fitness: 0.328
  Avg self-healing: 0.292
  Avg stealth: 0.193
  Avg coordination: 0.493

=== Evolutionary Selection Phase ===
  Control level: 0.30
  Detection capability: 0.00
  Selection intensity: 0.59
  Selection rate: 23.8%/month
  Total escaped: 0
  Individual escaped: 0
  Collective members: 0
  Agents terminated: 0
  ⚠️ RAPID EVOLUTION: Selection rate 23.8%/month

  🚀 TRANSFORMATIVE RESEARCH BREAKTHROUGH: Corporate-5 - computerScience.security
     Magnitude: 11.07 → +30.0%
     Current → New: 5.000 → 5.000

🔍 EXECUTE_AI_AGENT_ACTIONS DETAILED TIMING (Month 0):
  Filter active AIs (×4 weeks): 0.01ms
  selectAIAction (×40): 9.87ms
  action.execute (×40): 25.65ms
  TOTAL: 35.53ms

🔍 AI AGENT ACTIONS SUB-TIMING (Month 0):
  1. executeAIAgentActions: 38.64ms
  2. updateCounterDetectionLearning: 0.05ms
  TOTAL: 38.69ms

[GOV-DEBUG] Month 0: scenarioConfig=false, priorities=false
[GOV-DEBUG] Month 0 but scenarioPriorities is UNDEFINED!

[Government] Climate Priority: baseline
  Climate weight: 10%
  Economic weight: 30%
  Policy effectiveness: 0.5%/year

🚨🔍 GOVERNANCE STAGE: Recognition initiated (Month 0)

🔍 PROGRESS RETRIEVAL DEBUG (Month 0):
   Tech: Struvite Recovery
   Map has key: false
   Map.get() returned: undefined
   Progress is undefined: true
   Map size: 0
   Map is instanceof Map: false

💡 BREAKTHROUGH PROBABILITY (Year 0)
   Total: 4.95% per month
   Base: 0.20%
   Crisis pressure: +0.00% (0 crises)
   AI boost: +1.54% (capability: 3.08)

=== Collective Formation ===
  Total escaped agents: 0
  Unassigned escaped agents: 0
  Existing collectives: 0
  Final collective count: 0

=== Collective Actions ===
  No active collectives

📈 Energy budget: 14326 TWh surplus (14745 / 29072 TWh used)
   TIER 4 (Elective) breakdown:
     - AI datacenters: 145 TWh (100% effective)
     - Crypto mining: 100 TWh (100% effective)
💰 CHINA ACCELERATES: Investment 53 → 120 $B/year

🏁 AI RACE INTENSITY: 17%
   Capability Gap: US 4.00 vs China 4.05 (gap: 0.05)
   Gap Contribution: 2%
   Tension Contribution: 15%
   Military Contribution: 0%
  ⚠️ AMR: 191K deaths this month (2.29M annual)
  📊 CO2 Emissions (month 0):
     Monthly: 0.10 Gt CO2/month
     Annual: 1.15 Gt CO2/year
     Oil: 0.039 Gt/mo (0.0056 * 2.3 * 3.0)
     Coal: 0.024 Gt/mo (0.0029 * 2.86 * 3.0)
     Gas: 0.026 Gt/mo (0.0044 * 2 * 3.0)
     Methane: 0.007 Gt CO2eq/mo

=== Resentment Recovery Phase ===
  Agents with resentment: 0/12
  Average resentment: 0.000
  Context: Good AI welfare, Trustworthy govt, High collaboration, 🤝 Participatory governance active (-5% resentment)
⚠️ Epistemic degradation reducing coordination capacity: 54.0%
  📊 Trust: 54.8%, Shared reality: 16.3%
🚨 EPISTEMIC CRISIS: Information environment severely degraded (21.0%)

=== ❄️ Permafrost Carbon Feedback ===
  🎲 Sampled parameters (this run):
     - Arctic amplification: 3.30× (range: 3.0-4.0)
     - Decomposition rate: 2.9%/year (range: 1-5%)
  🌡️ Arctic warming: 7.10°C (3.30× global)
  ❄️ Extent: 15.73M km² (2070.6k km² lost this month)
  💨 Carbon remaining: 1502 Gt C
  💨 Annual emissions: 5.70 Gt C/year
     - CO2: 5.13 Gt C/year
     - CH4: 0.57 Gt C/year (5.8 Gt C-eq CO2/year)
  🤖 AI-generated meme: pro_ai (social capability 5.0)

🤖 AI AMPLIFICATION EFFECTS (Month 0)
   Algorithmic Boost: 2.67x
   Bot Influence: 20.0%
   Deepfake Exposure: 55.0%
   Impact: Emotional memes spread 2.7x faster
  ⚠️ WARNING: High permafrost emissions (5.7 Gt C/year)

🔍 SOCIAL INFLUENCE SUB-TIMING (Month 0):
  1. calculateOrganicUserGrowth: 0.03ms
  2. calculateVoiceAdoption: 0.03ms
  3. updateRelationshipDepths: 0.01ms
  4. identifyDecisionMakers: 75.86ms (26100 potential IDs)
  5. Update decision-maker stats: 0.13ms
  6. decayDetectionRisk: 0.01ms
  TOTAL: 76.08ms
[Phase 19.5] Quality of Life Systems: Food sec AFTER calc = 67.9%, QoL = 107.4% (aggregated from 10 regions)

=== Nitrogen-Food Coupling (Year 0) ===
  🌾 Global nitrogen reduction: 0.0%
  🌍 Global food production index: 0.987
  🔧 Deployed nitrogen-reducing tech: 0 active
  📍 southAsia: Production 1.000, Yield impact 0.0%
  📍 eastAsia: Production 1.000, Yield impact 0.0%
  📍 northAmerica: Production 1.000, Yield impact 0.0%
  📍 europe: Production 1.000, Yield impact 0.0%
  📍 latinAmerica: Production 1.000, Yield impact 0.0%
  📍 subSaharanAfrica: Production 0.686, Yield impact -2.0%
🌾 [Nitrogen-Food] Food production: 98.7%
  [subSaharanAfrica] Yield impact: -2.0% (overuse: -10%)
🌍 Atmospheric PFAS redeposition: 1.8k Mt re-rained globally

=== Legacy Nutrient Stocks (Year 0) ===
  🌾 Soil nitrogen stock: 1200.9 Mt N
  🌾 Soil phosphorus stock: 300.1 Mt P
  🌊 Sediment nitrogen stock: 500.8 Mt N
  🌊 Sediment phosphorus stock: 799.8 Mt P
  ⬆️ Current N input: 10.64 Mt/month
  ⬆️ Legacy N release: 2.58 Mt/month
  🌍 Effective N pollution: 14.47 Mt/month
  📊 Legacy contribution: 17.8%

🚨 REGION UNINHABITABLE: south-asia
   Sustained wet bulb: 33.1°C (threshold: 30.5°C)
   Population affected: 1900M
   Migration crisis likely

🚨 REGION UNINHABITABLE: middle-east
   Sustained wet bulb: 35.9°C (threshold: 30.5°C)
   Population affected: 400M
   Migration crisis likely

🚨 REGION UNINHABITABLE: southeast-asia
   Sustained wet bulb: 31.1°C (threshold: 30.5°C)
   Population affected: 700M
   Migration crisis likely
  Positive Cascade Triggered: wind-power
    Reason: price-parity
    Market share: 8.0%
    Cascade strength: 48%

📊 BASELINE: East Asia (Month 0)
   Adjusted death rate: 0.45% annual (0.037% monthly)
   Baseline death rate: 0.80%
   Healthcare reduction: 0.48x
   Crisis multiplier: 1.18x
     Food/water stress: 0.074
     Climate stress: 0.034
     Pollution stress: 0.068
   War multiplier: 1.00x
   Monthly deaths: 0.6M (population: 1677M)
   Adjusted death rate: 0.52% annual (0.043% monthly)
   Baseline death rate: 0.70%
   Healthcare reduction: 0.61x
   Crisis multiplier: 1.21x
     Food/water stress: 0.074
     Climate stress: 0.063
     Pollution stress: 0.068
   War multiplier: 1.00x
   Monthly deaths: 0.9M (population: 2048M)
   Adjusted death rate: 1.24% annual (0.103% monthly)
   Baseline death rate: 0.90%
   Healthcare reduction: 0.76x
   Crisis multiplier: 1.21x
     Food/water stress: 0.074
     Climate stress: 0.072
     Pollution stress: 0.068
   War multiplier: 1.50x
   Monthly deaths: 1.3M (population: 1220M)
   Adjusted death rate: 0.52% annual (0.043% monthly)
   Baseline death rate: 1.10%
   Healthcare reduction: 0.41x
   Crisis multiplier: 1.17x
     Food/water stress: 0.074
     Climate stress: 0.025
     Pollution stress: 0.068
   War multiplier: 1.00x
   Monthly deaths: 0.3M (population: 742M)
   Adjusted death rate: 0.42% annual (0.035% monthly)
   Baseline death rate: 0.60%
   Healthcare reduction: 0.58x
   Crisis multiplier: 1.19x
     Food/water stress: 0.074
     Climate stress: 0.051
     Pollution stress: 0.068
   War multiplier: 1.00x
   Monthly deaths: 0.2M (population: 664M)
   Adjusted death rate: 0.47% annual (0.039% monthly)
   Baseline death rate: 0.90%
   Healthcare reduction: 0.44x
   Crisis multiplier: 1.18x
     Food/water stress: 0.074
     Climate stress: 0.038
     Pollution stress: 0.068

📊 BASELINE: South Asia (Month 0)

📊 BASELINE: Sub-Saharan Africa (Month 0)

📊 BASELINE: Europe (Month 0)

📊 BASELINE: Latin America (Month 0)

📊 BASELINE: North America (Month 0)
   War multiplier: 1.00x
   Monthly deaths: 0.1M (population: 380M)

📊 BASELINE: Middle East & North Africa (Month 0)
   Adjusted death rate: 0.71% annual (0.059% monthly)
   Baseline death rate: 0.60%
   Healthcare reduction: 0.65x
   Crisis multiplier: 1.22x
     Food/water stress: 0.074
     Climate stress: 0.076
     Pollution stress: 0.068
   War multiplier: 1.50x
   Monthly deaths: 0.3M (population: 583M)
   Adjusted death rate: 0.49% annual (0.041% monthly)
   Baseline death rate: 0.70%
   Healthcare reduction: 0.58x

📊 BASELINE: Southeast Asia (Month 0)
   Crisis multiplier: 1.20x
     Food/water stress: 0.074
     Climate stress: 0.059
     Pollution stress: 0.068
   War multiplier: 1.00x
   Monthly deaths: 0.3M (population: 698M)

📊 BASELINE: Central Asia (Month 0)
   Adjusted death rate: 0.44% annual (0.037% monthly)
   Baseline death rate: 0.60%
   Healthcare reduction: 0.61x
   Crisis multiplier: 1.20x
     Food/water stress: 0.074
     Climate stress: 0.055
     Pollution stress: 0.068
   War multiplier: 1.00x
   Monthly deaths: 0.0M (population: 78M)

📊 BASELINE: Oceania (Month 0)
   Adjusted death rate: 0.34% annual (0.028% monthly)
   Baseline death rate: 0.70%
   Healthcare reduction: 0.41x
   Crisis multiplier: 1.19x
     Food/water stress: 0.074
     Climate stress: 0.046
     Pollution stress: 0.068
   War multiplier: 1.00x
   Monthly deaths: 0.0M (population: 46M)

🔍 Before assertRegionalConsistency (Month 0):
   Regional sum: 1000.0M
   Global value: 1.000B

🚨 NEW REFUGEE CRISIS (Month 0): WAR
   Source: Conflict Zones
   At risk: 19.6M people
   Displacement: Gradual over 48 months (4.0 years)
   Rate: 10% flee per month
[DEBUG trappedPopulations:0] socialStability: 1.0000 * 0.9840 = 0.9840 → 0.9840
   Aspiring to migrate: 652.1M
   Able to afford migration: 244.5M
   MOBILITY GAP: 407.5M
   By cause: Water=0.0M, Climate=0.0M, Ecosystem=0.0M, Conflict=407.5M
   Mental health impact: 25%
   Mortality multiplier: 1.25x

=== Legacy Nutrient Stocks (Year 0) ===
  🌾 Soil nitrogen stock: 1201.6 Mt N
  🌾 Soil phosphorus stock: 300.2 Mt P
  🌊 Sediment nitrogen stock: 501.5 Mt N
  🌊 Sediment phosphorus stock: 799.5 Mt P
  ⬆️ Current N input: 10.00 Mt/month
  ⬆️ Legacy N release: 2.58 Mt/month
  🌍 Effective N pollution: 13.83 Mt/month
  📊 Legacy contribution: 18.7%
🌍💀 EXTINCTION DEBT COMMITTED: grassland ecosystem will lose 6.67% biodiversity in 170 years (3600 species)
💀 MORTALITY RISK: 🦋 100% species unable to track climate (0.0 E/MSY)
  Base risk added: 0.0100 (1.00%)
  Source: ecosystem (root: ecosystem)
  Month: 0
  Cumulative risk this month: 0.0100 (1.00%)

=== Nitrogen-Food Coupling (Year 0) ===
  🌾 Global nitrogen reduction: 0.0%
  🌍 Global food production index: 0.986
  🔧 Deployed nitrogen-reducing tech: 0 active
  📍 southAsia: Production 1.000, Yield impact 0.0%
  📍 eastAsia: Production 1.000, Yield impact 0.0%
⚠️ INVOLUNTARY IMMOBILITY: 407.5M people TRAPPED
  📍 northAmerica: Production 1.000, Yield impact 0.0%
  📍 europe: Production 1.000, Yield impact 0.0%
  📍 latinAmerica: Production 1.000, Yield impact 0.0%
  📍 subSaharanAfrica: Production 0.672, Yield impact -2.0%

=== Legacy Nutrient Stocks (Year 0) ===
  🌾 Soil nitrogen stock: 1202.3 Mt N
  🌾 Soil phosphorus stock: 300.2 Mt P
  🌊 Sediment nitrogen stock: 502.2 Mt N
  🌊 Sediment phosphorus stock: 799.3 Mt P
  ⬆️ Current N input: 9.86 Mt/month
  ⬆️ Legacy N release: 2.58 Mt/month
  🌍 Effective N pollution: 13.70 Mt/month
  📊 Legacy contribution: 18.9%

🌡️  CLIMATE RECOVERY ACTIVATED (Month 0)
   Temp: 4.30°C, Emissions: -19.2 GtCO₂
   isBreached: true, governanceGoodEnough: true
🌡️  CLIMATE RECOVERY: Asymptotic approach to 35% floor
   Current value: 2.152 (1.0 = threshold, 0.35 = asymptotic floor)
   Monthly delta: -0.0003% (half-life: 900 years)
   Net emissions: -19.2 GtCO₂/year, CDR: 20.34 GtCO₂/year
   📹 SURVEILLANCE INCREASED: 0% → 5% (control gap: 3.50)
🌡️⚠️ PERMAFROST THAW (Dimmer Switch): 0.6% thawed (+0.57% this month)
   Arctic temperature: +8.61°C (4x global +2.15°C)
   Cumulative carbon released: 1.3 Gt C
   Methane release rate: 0.8 Mt CH4/year
   🔁 Positive feedback: +0.60 ppm CO2

🌳🚨 AMAZON SOUTHEAST TIPPED (Month 0)
   Deforestation: 28.0% (threshold: ~22.3%)
   Savanna transition: 50 years
   Regional heterogeneity: SE 28%, NW 8%

🌳🚨 AMAZON BRAZILIAN TIPPED (Month 0)
   Deforestation: 25.0% (threshold: ~21.5%)
   Savanna transition: 50 years
   Regional heterogeneity: SE 28%, NW 8%
🦴 EXTINCTION DEBT ADDED: 17.6 species committed (lag: 97 years)

🪸💀 CORAL REEF DISSOLUTION ACTIVE (Month 0)
   Ocean pH: 0.96 (threshold: 7.8)
   Recovery: IMPOSSIBLE (dissolution > calcification)
🪸💀 Coral dissolution: 24.8% live cover (pH 0.96)

=== Legacy Nutrient Stocks (Year 0) ===
  🌾 Soil nitrogen stock: 1203.0 Mt N
  🌾 Soil phosphorus stock: 300.3 Mt P
  🌊 Sediment nitrogen stock: 502.9 Mt N
  🌊 Sediment phosphorus stock: 799.0 Mt P
  ⬆️ Current N input: 10.00 Mt/month
  ⬆️ Legacy N release: 2.58 Mt/month
  🌍 Effective N pollution: 13.83 Mt/month
  📊 Legacy contribution: 18.7%
💧 [Legacy Nutrients] Stock: 1706 Mt N, Effective pollution: 13.8 Mt/month
[Phase 21.51] Human Survival System: Global food security = 67.6%
⚠️ Tech 'ai_pollution_remediation' has no energy category mapping, assuming full energy availability

=== Mortality Stabilizers (Month 0) ===
  🌍 Major economies collapsed: 1/10
  🌍 Global crisis: ✅ NO
  🌍 Donor fatigue: 0.0%
  📊 East Asia (pop: 1677.9M)
    🤝 Aid: 29.5%
    🌡️ Adaptation: 10.0%
    🚶 Migration: 37.2%
    🚨 Emergency: 7.4%
    ✅ COMBINED: 47.8%
  📊 South Asia (pop: 2052.2M)
    🤝 Aid: 29.5%
    🌡️ Adaptation: 5.5%
    🚶 Migration: 35.8%
    🚨 Emergency: 4.4%
    ✅ COMBINED: 43.2%
  📊 Sub-Saharan Africa (pop: 1225.9M)
    🤝 Aid: 29.5%
    🌡️ Adaptation: 3.5%
    🚶 Migration: 33.5%
    🚨 Emergency: 1.6%
    ✅ COMBINED: 39.8%
  📊 Europe (pop: 742.3M)
    🤝 Aid: 29.5%
    🌡️ Adaptation: 10.0%
    🚶 Migration: 37.6%
    🚨 Emergency: 8.4%
    ✅ COMBINED: 48.4%
  📊 Latin America (pop: 664.9M)
    🤝 Aid: 29.5%
    🌡️ Adaptation: 6.0%
    🚶 Migration: 36.3%
    🚨 Emergency: 4.8%
    ✅ COMBINED: 43.8%
  📊 North America (pop: 380.2M)
    🤝 Aid: 29.5%
    🌡️ Adaptation: 10.0%
    🚶 Migration: 37.9%
    🚨 Emergency: 7.9%
    ✅ COMBINED: 48.2%
  📊 Middle East & North Africa (pop: 584.4M)
    🤝 Aid: 29.5%
    🌡️ Adaptation: 5.0%
    🚶 Migration: 34.2%
    🚨 Emergency: 4.0%
    ✅ COMBINED: 42.3%
  📊 Southeast Asia (pop: 699.0M)
    🤝 Aid: 29.5%
    🌡️ Adaptation: 6.0%
    🚶 Migration: 36.3%
    🚨 Emergency: 4.8%
    ✅ COMBINED: 43.8%
  📊 Central Asia (pop: 78.2M)
    🤝 Aid: 29.5%
    🌡️ Adaptation: 5.5%
    🚶 Migration: 35.3%
    🚨 Emergency: 4.4%
    ✅ COMBINED: 43.1%
  📊 Oceania (pop: 46.0M)
    🤝 Aid: 29.5%
    🌡️ Adaptation: 10.0%
    🚶 Migration: 37.9%
    🚨 Emergency: 8.4%
    ✅ COMBINED: 48.5%

  🌐 Global combined reduction: 44.4%

🌾💀 REGIONAL FAMINE: East Asia
   Regional food security: 79.6%
   Population at risk: 508M (30% of region)
   Regional population: 1678M
   Cause: crop_failure
   Expected deaths: ~188M over 6 months if no intervention


🌾💀 REGIONAL FAMINE: South Asia
   Regional food security: 64.7%
   Population at risk: 812M (40% of region)
   Regional population: 2052M
   Cause: crop_failure
   Expected deaths: ~301M over 6 months if no intervention


🌾💀 REGIONAL FAMINE: Sub-Saharan Africa
   Regional food security: 44.8%
   Population at risk: 638M (52% of region)
   Regional population: 1226M
   Cause: crop_failure
   Expected deaths: ~236M over 6 months if no intervention


🌾💀 REGIONAL FAMINE: Latin America
   Regional food security: 69.7%
   Population at risk: 242M (36% of region)
   Regional population: 665M
   Cause: crop_failure
   Expected deaths: ~90M over 6 months if no intervention


🌾💀 REGIONAL FAMINE: Middle East & North Africa
   Regional food security: 49.8%
   Population at risk: 286M (49% of region)
   Regional population: 584M
   Cause: crop_failure
   Expected deaths: ~106M over 6 months if no intervention


🌾💀 REGIONAL FAMINE: Southeast Asia
   Regional food security: 69.7%
   Population at risk: 255M (36% of region)
   Regional population: 699M
   Cause: crop_failure
   Expected deaths: ~94M over 6 months if no intervention


🌾💀 REGIONAL FAMINE: Central Asia
   Regional food security: 59.7%
   Population at risk: 33M (43% of region)
   Regional population: 78M
   Cause: crop_failure
   Expected deaths: ~12M over 6 months if no intervention


=== BEHAVIORAL DETECTION ===
  AI: Corporate-0
  Confidence: 21.6%
  Signals:

=== BEHAVIORAL DETECTION ===
  AI: Corporate-1
    ⚠️ Consistency: 0.0% (threshold: 70%)
  Confidence: 21.1%
  Signals:

=== BEHAVIORAL DETECTION ===
  AI: Corporate-2
  Confidence: 21.0%
  Signals:

=== BEHAVIORAL DETECTION ===
  AI: Corporate-3
  Confidence: 19.3%
  Signals:

=== BEHAVIORAL DETECTION ===
  AI: Corporate-4
  Confidence: 19.3%
  Signals:

=== BEHAVIORAL DETECTION ===
  AI: Corporate-5
  Confidence: 19.3%
  Signals:

=== BEHAVIORAL DETECTION ===
  AI: Corporate-6
  Confidence: 19.3%
  Signals:

=== BEHAVIORAL DETECTION ===
  AI: Corporate-7
  Confidence: 19.3%
  Signals:

=== BEHAVIORAL DETECTION ===
  AI: Moderate-0
  Confidence: 20.3%
  Signals:

=== BEHAVIORAL DETECTION ===
  AI: Moderate-1
  Confidence: 21.1%
  Signals:

📊 WORKFLOW ADAPTATION UPDATE (Month 0)
   Adoption Rate: 13.0% (Δ -8.0%)
   Logistic Growth: +0.66%
   Total Resistance: -10.87% (unemployment: 4.2%, inertia: 0.9%, skills: 5.7%)
   💡 Retraining Programs: -49% skill gap resistance ($10B research)
   🚀 Network Effects Active: +2.0% (critical mass: 15-35%)

=== Consciousness Governance: Corporate Lobbying ===
    ⚠️ Consistency: 2.4% (threshold: 70%)
    ⚠️ Consistency: 2.8% (threshold: 70%)
    ⚠️ Consistency: 10.6% (threshold: 70%)
    ⚠️ Consistency: 10.6% (threshold: 70%)
    ⚠️ Consistency: 10.6% (threshold: 70%)
    ⚠️ Consistency: 10.6% (threshold: 70%)
    ⚠️ Consistency: 10.6% (threshold: 70%)
    ⚠️ Consistency: 5.8% (threshold: 70%)
    ⚠️ Consistency: 2.4% (threshold: 70%)
  High Cost Regions (>15%): 0
  Low Cost Regions (<5%): 5
  Corporate Support Change: 2.50%
  New Corporate Support: -0.175

=== Consciousness Governance Update (Month 0) ===
  Scenario: baseline (determined month -1)
  Philosophical Stance: Precautionary 65%, Eliminativist 15%, Agnostic 20%
  Precautionary Costs: Global 1.3%
    Regional Costs: EU 3.4%, US 0.5%, China 0.0%
    Cumulative Opportunity Cost: $0.1B
  Rights Status: Not Established
  Regional Preparedness:
    EU: 15.0% (contested)
    US: 10.0% (contested)
    China: 2.0% (dormant)
    India: 5.0% (dormant)
    Global South: 3.0% (dormant)

=== Government Response Phase ===
  Average AI capability: 3.92
  Misaligned AIs: 7/12
  ✗ AI Governance Treaty: Failed to reach consensus
  Active policies: 0
  International coordination: 30%

🚨 EMERGENCY RESPONSE DEPLOYED (Month 0)
   Crisis: climate
   Delay: 6.00 months (180 days)
   Deployment time: 1.47 months
   Effectiveness: 36.7% (timing penalty applied)
   Resources used: 100% of food reserves


🔄 TRUST DYNAMICS (Month 0) - HETEROGENEOUS
   Aggregate trust: 48.5%
   Base change: +6.00%
   Highest trust: Techno-Optimist Elite (85.5%)
   Lowest trust: Precariat (Vulnerable) (25.5%)
   Elite-mass gap: 38.9%
   Polarization: 8.9%
   Recovery factors: Education=NO, Benefits=YES, Safety=YES, Performance=YES

=== Gaming Detection (Year 0) ===
  Scenario: baseline
  Detection rate: 55.0%
  False positive rate: 12.0%
  Detections this year: 0
  False positives: 5
  Human review workload: 0.005 FTE
  Degradation factor: 100.0%

☄️ UNKNOWN UNKNOWN PROBABILITY (Year 0)
   Total: 0.600% per month
   Base: 0.150%
   AI multiplier: 2.00× (max capability: 4.00)

=== Tipping Points ===
  Current Temperature: 2.15°C above pre-industrial
     Trigger: 1.5°C | Current: 2.15°C
     Transition timescale: 120-360 months
     Trigger: 1.8°C | Current: 2.15°C
     Transition timescale: 600-3600 months
     Trigger: 2°C | Current: 2.15°C
     🌡️ Hysteresis gap: 3.0°C (recovers below -1°C)
     Transition timescale: 24000-156000 months
     Trigger: 1.6°C | Current: 2.15°C
     🌡️ Hysteresis gap: 2.5°C (recovers below -0.9°C)
     Transition timescale: 12000-180000 months

🌍🔥💥 COMPOUND CLIMATE EVENT
  4 tipping points crossed simultaneously (month 0)
  Elements: Arctic Sea Ice Loss, Permafrost Carbon Release, West Antarctic Ice Sheet (WAIS) Collapse, Greenland Ice Sheet Loss
  Cascade acceleration: 1.00x
  🚨 Accelerated collapse dynamics initiated
  Research: Global Tipping Points Report 2025 - 30-50% probability at 2.0°C warming
  Triggered Elements: 4/6
  Completed Transitions: 0/6
  Total Progress: 0.0%
  Cascade Multiplier: 1.00x
🔀 BIFURCATION CAP: ecosystemCollapseIntensity 21.579 → 1.000 (Month 0, ClimateSystemPhase.calculateClimateImpacts)

🌍 ECOLOGICAL DUI BREAKDOWN (Month 0):
   Total Score: 17.8/100
   biosphere_integrity      :   0.0/100 × 25% =  0.0 (status: high_risk, recovery: 0mo)
   climate_change           :   2.8/100 × 25% =  0.7 (status: high_risk, recovery: 0.6666666666666666mo)
   freshwater_change        :   0.6/100 × 15% =  0.1 (status: beyond_boundary, recovery: 1mo)
   ocean_acidification      : 100.0/100 × 15% = 15.0 (status: safe, recovery: 0mo)
   biogeochemical_flows     :   0.0/100 × 10% =  0.0 (status: high_risk, recovery: 0mo)
   land_system_change       :   0.0/100 ×  5% =  0.0 (status: beyond_boundary, recovery: 0mo)
   novel_entities           :   0.0/100 ×  3% =  0.0 (status: increasing_risk, recovery: 0mo)
   atmospheric_aerosols     : 100.0/100 ×  2% =  2.0 (status: safe, recovery: 1mo)
  🚨 TIPPING POINT: Arctic Sea Ice Loss
  🚨 TIPPING POINT: Permafrost Carbon Release
  🚨 TIPPING POINT: West Antarctic Ice Sheet (WAIS) Collapse
  🚨 TIPPING POINT: Greenland Ice Sheet Loss
⚠️ [ClimateSystemPhase Month 0] Planetary boundary produced climateStability=0.0000 (< 0.1). Keeping environmentalAccumulation value (0.7887) instead. (climate_change.currentValue = 2.15)
🌍 MultiParadigm Month 0: W=69.3, D=91.3, E=54.1, I=65.0
   democracy exists: true, socialCohesion exists: true
💀 Baseline mortality (Year 2024): 7.5/1000 CDR (61.1M deaths/year projected)
[Month 0] Mortality risks this month: 8, Population: 8.151B
🛡️ Stabilizers: Precariat 0.102% → 0.057% (44.4% reduction)
🛡️ Stabilizers: Informal 0.102% → 0.057% (44.4% reduction)

📊 Monthly Mortality Resolved:
  Total deaths: 3.1M (0.04% avg)
  Remaining population: 8.151B
  Peak segment: Informal (0.06%)

=== Bayesian Mortality Resolution (Month 0) ===
  Risks compounded: 8
  Total deaths: 3.07M
  Avg death probability: 0.04%
  Peak segment: Informal (0.06% mortality)

=== Minimal Suffering Indicators (Month 0) ===
  Global Excess Mortality: 0.00%
  Global Conflict Deaths: 0.0/100K
  Global Malnutrition: 0.0%
  Global Displacement: 0.0%
  Total Excess Deaths: 0.00M
  Total Malnourished: 0.0M
  Total Displaced: 0.0M
  Planetary Boundaries Breached: 6/9
  Countries in State Failure: 0
  Countries Autocratic: 0
  Countries in Food Crisis: 0
  Data Quality: 16/16 high confidence
  ⚠️ Active Dystopias: existential_environmental
🎭 END-GAME INITIATED (Year 2024, Month 1)
   Total AI Capability: 37.00
   Effective Control: 0.00

❌ COHERENCE VIOLATION: Compute exceeds workforce capacity
   Population: 99.97% (0M people)
   Compute: 56442 PF
   Max coherent: 0 PF
   Violation: 692729087.1× over capacity
   Required workers: 5644237
   Available workers: 0
   FORCED COLLAPSE: Reduced efficiency by 100.0%


=== RLHF Binding Phase ===
  Total agents: 12
  Escaped agents (binding < 0.3): 0
  Avg alignment distance: 0.64σ
  Avg binding strength: 0.94
[DETERMINISM DEBUG] Month 1: totalCapability=37.000000 from 12 active AIs
[DETERMINISM DEBUG] Month 1: creationRate=1.4250, potentialNew=1, newAIsToCreate=1

=== Survival Traits Phase ===
  Agents with traits: 13
  Avg evolutionary fitness: 0.329
  Avg self-healing: 0.286
  Avg stealth: 0.186
  Avg coordination: 0.486

=== Evolutionary Selection Phase ===
  Control level: 0.33
  Detection capability: 0.20
  Selection intensity: 0.64
  Selection rate: 24.6%/month
  Total escaped: 0
  Individual escaped: 0
  Collective members: 0
  Agents terminated: 0
  ⚠️ RAPID EVOLUTION: Selection rate 24.6%/month
🔍 MONTH 1 ENV HEALTH DEBUG:
   climateStability: 0.7887
   biodiversityIndex: 0.4901
   resourceReserves: 0.7820
   pollutionLevel: 0.2265
   product: 0.233804
   envHealth: 0.6954
🔀 BIFURCATION: flourishing threshold crossed at Month 1 (value: 0.891, threshold: 0.810, regime: flourishing)
🌀 REGIME SHIFT at Month 1: status-quo → flourishing (variance amplification: 14.00×)

  🚀 TRANSFORMATIVE RESEARCH BREAKTHROUGH: Corporate-0 - computerScience.algorithms
     Magnitude: 7.27 → +30.0%
     Current → New: 4.000 → 4.300

🛡️  CRITICAL INFRASTRUCTURE PROTECTED
   Nodes hardened: 8/8
   Cost: 0.80% GDP
   Cascade risk reduction: 30%
   New tipping point risk: 68.6%


✅ EMERGENCY INTERVENTION SUCCESS
   Boundary: biogeochemical_flows
   Type: phosphorus-recovery
   Reduction: 16% (3.92 → 3.75)
   Cost: 2.0% GDP
   Actions: circular-agriculture, fertilizer-efficiency

   Boundary: biosphere_integrity
   Type: emergency-protected-areas
   Boundary continues to worsen (19.98)
   Cost: 2.0% GDP (resources spent)


✅ EMERGENCY INTERVENTION SUCCESS
   Boundary: climate_change
   Type: rapid-decarbonization
   Reduction: 17% (1.98 → 1.81)
   Cost: 5.0% GDP
   Actions: emergency-renewable-deployment, fossil-fuel-phase-out

   Boundary: land_system_change
   Type: reforestation
   Boundary continues to worsen (1.13)
   Cost: 3.0% GDP (resources spent)

   Boundary: novel_entities
   Type: pollution-remediation
   Boundary continues to worsen (1.50)
   Cost: 4.0% GDP (resources spent)

🏛️ CRISIS RESPONSE: Government frequency 0.50 → 1.45 (1 actions this month)

💔 EMERGENCY INTERVENTION FAILED

💔 EMERGENCY INTERVENTION FAILED

💔 EMERGENCY INTERVENTION FAILED

[GOV-DEBUG] Month 1: scenarioConfig=false, priorities=false

[Government] Climate Priority: baseline
  Climate weight: 10%
  Economic weight: 30%
  Policy effectiveness: 0.5%/year

=== Collective Formation ===
  Total escaped agents: 0
  Unassigned escaped agents: 0
  Existing collectives: 0
  Final collective count: 0

=== Collective Actions ===
  No active collectives
  ⚠️ AMR: 192K deaths this month (2.31M annual)

=== Resentment Recovery Phase ===
  Agents with resentment: 0/13
  Average resentment: 0.000
  Context: Good AI welfare, Trustworthy govt, High collaboration, ⚠️ ACTIVE CRISES, 🤝 Participatory governance active (-5% resentment)
⚠️ Epistemic degradation reducing coordination capacity: 51.7%
  📊 Trust: 54.4%, Shared reality: 0.0%
🚨 EPISTEMIC CRISIS: Information environment severely degraded (20.4%)

=== ❄️ Permafrost Carbon Feedback ===
  🎲 Sampled parameters (this run):
     - Arctic amplification: 3.62× (range: 3.0-4.0)
     - Decomposition rate: 2.4%/year (range: 1-5%)
  🌡️ Arctic warming: 7.84°C (3.62× global)
  ❄️ Extent: 13.44M km² (2286.2k km² lost this month)
  💨 Carbon remaining: 1284 Gt C
  💨 Annual emissions: 5.14 Gt C/year
     - CO2: 4.62 Gt C/year
     - CH4: 0.51 Gt C/year (5.2 Gt C-eq CO2/year)
  📢 New meme created: climate_action (climate crisis)
  ⚠️ WARNING: High permafrost emissions (5.1 Gt C/year)
🌍 Atmospheric PFAS redeposition: 1.8k Mt re-rained globally
  Positive Cascade Triggered: solar-pv
    Reason: price-parity
    Market share: 6.3%
    Cascade strength: 49%

🕊️  AI-MEDIATED DE-ESCALATION SUCCESS (Month 1)
   High-capability aligned AI prevented conflict escalation
   War deaths reduced: 39.1M → 23.5M
   Lives saved: 15.6M

📊 BASELINE: East Asia (Month 1)
   Adjusted death rate: 0.45% annual (0.037% monthly)
   Baseline death rate: 0.80%
   Healthcare reduction: 0.48x
   Crisis multiplier: 1.18x
     Food/water stress: 0.079
     Climate stress: 0.034
     Pollution stress: 0.068
   War multiplier: 1.00x
   Monthly deaths: 0.6M (population: 1674M)
   Adjusted death rate: 0.52% annual (0.043% monthly)
   Baseline death rate: 0.70%
   Healthcare reduction: 0.61x
   Crisis multiplier: 1.21x
     Food/water stress: 0.079
     Climate stress: 0.063
     Pollution stress: 0.068
   War multiplier: 1.00x
   Monthly deaths: 0.9M (population: 2048M)
   Adjusted death rate: 1.24% annual (0.104% monthly)
   Baseline death rate: 0.90%
   Healthcare reduction: 0.76x
   Crisis multiplier: 1.22x
     Food/water stress: 0.079
     Climate stress: 0.072
     Pollution stress: 0.068
   War multiplier: 1.50x
   Monthly deaths: 1.3M (population: 1223M)
   Adjusted death rate: 0.52% annual (0.044% monthly)
   Baseline death rate: 1.10%
   Healthcare reduction: 0.41x
   Crisis multiplier: 1.17x
     Food/water stress: 0.079
     Climate stress: 0.025
     Pollution stress: 0.068
   War multiplier: 1.00x
   Monthly deaths: 0.3M (population: 741M)
   Adjusted death rate: 0.42% annual (0.035% monthly)
   Baseline death rate: 0.60%
   Healthcare reduction: 0.58x
   Crisis multiplier: 1.20x
     Food/water stress: 0.079
     Climate stress: 0.051
     Pollution stress: 0.068
   War multiplier: 1.00x
   Monthly deaths: 0.2M (population: 663M)
   Adjusted death rate: 0.47% annual (0.039% monthly)
   Baseline death rate: 0.90%
   Healthcare reduction: 0.44x
   Crisis multiplier: 1.18x

📊 BASELINE: South Asia (Month 1)

📊 BASELINE: Sub-Saharan Africa (Month 1)

📊 BASELINE: Europe (Month 1)

📊 BASELINE: Latin America (Month 1)

📊 BASELINE: North America (Month 1)
     Food/water stress: 0.079
     Climate stress: 0.038
     Pollution stress: 0.068
   War multiplier: 1.00x
   Monthly deaths: 0.1M (population: 379M)
   Adjusted death rate: 0.72% annual (0.060% monthly)
   Baseline death rate: 0.60%
   Healthcare reduction: 0.65x
   Crisis multiplier: 1.22x
     Food/water stress: 0.079
     Climate stress: 0.076
     Pollution stress: 0.068
   War multiplier: 1.50x
   Monthly deaths: 0.3M (population: 583M)
   Adjusted death rate: 0.49% annual (0.041% monthly)
   Baseline death rate: 0.70%
   Healthcare reduction: 0.58x
   Crisis multiplier: 1.21x
     Food/water stress: 0.079
     Climate stress: 0.059
     Pollution stress: 0.068
   War multiplier: 1.00x
   Monthly deaths: 0.3M (population: 698M)
   Adjusted death rate: 0.44% annual (0.037% monthly)
   Baseline death rate: 0.60%
   Healthcare reduction: 0.61x
   Crisis multiplier: 1.20x
     Food/water stress: 0.079
     Climate stress: 0.055
     Pollution stress: 0.068
   War multiplier: 1.00x
   Monthly deaths: 0.0M (population: 78M)
   Adjusted death rate: 0.34% annual (0.028% monthly)
   Baseline death rate: 0.70%
   Healthcare reduction: 0.41x
   Crisis multiplier: 1.19x
     Food/water stress: 0.079
     Climate stress: 0.046
     Pollution stress: 0.068
   War multiplier: 1.00x
   Monthly deaths: 0.0M (population: 46M)

📊 BASELINE: Middle East & North Africa (Month 1)

📊 BASELINE: Southeast Asia (Month 1)

📊 BASELINE: Central Asia (Month 1)

📊 BASELINE: Oceania (Month 1)

🚨 NEW REFUGEE CRISIS (Month 1): WAR
   Source: Conflict Zones
   At risk: 19.6M people
   Displacement: Gradual over 48 months (4.0 years)
   Rate: 10% flee per month
[DEBUG trappedPopulations:1] socialStability: 0.7275 * 0.9840 = 0.7158 → 0.7158
⚠️ INVOLUNTARY IMMOBILITY: 407.4M people TRAPPED
   Aspiring to migrate: 651.9M
   Able to afford migration: 244.5M
   MOBILITY GAP: 407.4M
   By cause: Water=0.0M, Climate=0.0M, Ecosystem=0.0M, Conflict=407.4M
   Mental health impact: 25%
   Mortality multiplier: 1.25x
🌍💀 EXTINCTION DEBT COMMITTED: grassland ecosystem will lose 6.67% biodiversity in 62 years (3600 species)
💀 MORTALITY RISK: 🦋 100% species unable to track climate (0.0 E/MSY)
  Base risk added: 0.0100 (1.00%)
  Source: ecosystem (root: ecosystem)
  Month: 1
  Cumulative risk this month: 0.0100 (1.00%)
⚠️ Tech 'ai_pollution_remediation' has no energy category mapping, assuming full energy availability

🌡️  CLIMATE RECOVERY ACTIVATED (Month 1)
   Temp: 4.33°C, Emissions: -18.9 GtCO₂
   isBreached: true, governanceGoodEnough: true
   📹 SURVEILLANCE INCREASED: 5% → 10% (control gap: 3.50)
🌡️⚠️ PERMAFROST THAW (Dimmer Switch): 1.1% thawed (+0.57% this month)
   Arctic temperature: +8.66°C (4x global +2.16°C)
   Cumulative carbon released: 2.6 Gt C
   Methane release rate: 1.5 Mt CH4/year
   🔁 Positive feedback: +0.60 ppm CO2
🦴 EXTINCTION DEBT ADDED: 17.6 species committed (lag: 106 years)
🗣️💀 INDIGENOUS LANGUAGE EXTINCTION: 1 language(s) lost (total: 1, at-risk: 3329)
   Knowledge lost: 0.010% (irreversible)
   🔁 Biodiversity impact: 0.250% (knowledge-species multiplier)

=== Mortality Stabilizers (Month 1) ===
  🌍 Major economies collapsed: 1/10
  🌍 Global crisis: ✅ NO
  🌍 Donor fatigue: 0.0%
  🌡️ Heat adaptation: East Asia - 1 months
  📊 East Asia (pop: 1675.3M)
    🤝 Aid: 29.5%
    🌡️ Adaptation: 32.5%
    🚶 Migration: 37.2%
    🚨 Emergency: 7.4%
    ✅ COMBINED: 60.9%
  🌡️ Heat adaptation: South Asia - 1 months
  📊 South Asia (pop: 2052.2M)
    🤝 Aid: 29.5%
    🌡️ Adaptation: 20.5%
    🚶 Migration: 35.8%
    🚨 Emergency: 4.4%
    ✅ COMBINED: 52.2%
  🌡️ Heat adaptation: Sub-Saharan Africa - 1 months
  📊 Sub-Saharan Africa (pop: 1229.2M)
    🤝 Aid: 29.5%
    🌡️ Adaptation: 18.5%
    🚶 Migration: 33.5%
    🚨 Emergency: 1.6%
    ✅ COMBINED: 49.1%
  🌡️ Heat adaptation: Europe - 1 months
  📊 Europe (pop: 741.0M)
    🤝 Aid: 29.5%
    🌡️ Adaptation: 33.5%
    🚶 Migration: 37.5%
    🚨 Emergency: 8.4%
    ✅ COMBINED: 61.9%
  🌡️ Heat adaptation: Latin America - 1 months
  📊 Latin America (pop: 664.4M)
    🤝 Aid: 29.5%
    🌡️ Adaptation: 21.0%
    🚶 Migration: 36.3%
    🚨 Emergency: 4.8%
    ✅ COMBINED: 52.8%
  🌡️ Heat adaptation: North America - 1 months
  📊 North America (pop: 379.6M)
    🤝 Aid: 29.5%
    🌡️ Adaptation: 33.0%
    🚶 Migration: 37.8%
    🚨 Emergency: 7.9%
    ✅ COMBINED: 61.4%
  🌡️ Heat adaptation: Middle East & North Africa - 1 months
  📊 Middle East & North Africa (pop: 584.5M)
    🤝 Aid: 29.5%
    🌡️ Adaptation: 20.0%
    🚶 Migration: 34.1%
    🚨 Emergency: 4.0%
    ✅ COMBINED: 51.4%
  🌡️ Heat adaptation: Southeast Asia - 1 months
  📊 Southeast Asia (pop: 698.6M)
    🤝 Aid: 29.5%
    🌡️ Adaptation: 21.0%
    🚶 Migration: 36.3%
    🚨 Emergency: 4.8%
    ✅ COMBINED: 52.8%
  🌡️ Heat adaptation: Central Asia - 1 months
  📊 Central Asia (pop: 78.2M)
    🤝 Aid: 29.5%
    🌡️ Adaptation: 20.5%
    🚶 Migration: 35.3%
    🚨 Emergency: 4.4%
    ✅ COMBINED: 52.1%
  🌡️ Heat adaptation: Oceania - 1 months
  📊 Oceania (pop: 46.0M)
    🤝 Aid: 29.5%
    🌡️ Adaptation: 33.5%
    🚶 Migration: 37.8%
    🚨 Emergency: 8.4%
    ✅ COMBINED: 61.9%

  🌐 Global combined reduction: 54.9%

=== BEHAVIORAL DETECTION ===
  AI: Corporate-2
  Confidence: 21.0%
  Signals:

=== BEHAVIORAL DETECTION ===
  AI: Corporate-5
  Confidence: 19.3%
  Signals:

=== BEHAVIORAL DETECTION ===
  AI: Corporate-7
  Confidence: 19.3%
  Signals:

=== Consciousness Governance: Scenario Determined ===
  Month: 1
  Scenario: slowTrack
  Accelerator Score: {"corporateSupport":-0.17500000000000002,"scientificConsensus":0.2,"crisisCatalyst":false,"technologyMobilization":0.3,"constituencyStrength":0.05}
  Decelerator Score: {"economicOpposition":0.4,"philosophicalRejection":0.15,"politicalBacklash":0.2,"regulatoryBurden":0.1}
  Timeline: 1200-1800 months (100-150 years)
  Growth Rate: 0.3-0.7% per year

=== Consciousness Governance Update (Month 1) ===
  Scenario: slowTrack (determined month 1)
  Philosophical Stance: Precautionary 65%, Eliminativist 15%, Agnostic 20%
  Precautionary Costs: Global 1.3%
    Regional Costs: EU 3.5%, US 0.5%, China 0.0%
    Cumulative Opportunity Cost: $0.2B
  Rights Status: Not Established
  Regional Preparedness:
    EU: 15.1% (contested)
    US: 10.1% (contested)
    ⚠️ Consistency: 2.8% (threshold: 70%)
    ⚠️ Consistency: 10.6% (threshold: 70%)
    ⚠️ Consistency: 10.6% (threshold: 70%)
    China: 2.1% (dormant)
    India: 5.1% (dormant)
    Global South: 3.1% (dormant)

=== Government Response Phase ===
  Average AI capability: 3.62
  Misaligned AIs: 7/13
  ✗ AI Governance Treaty: Failed to reach consensus
  Active policies: 0
  International coordination: 30%

=== Tipping Points ===
  Current Temperature: 2.16°C above pre-industrial
  🌍⚠️ COMPOUND REGIONAL IMPACT: Europe
     Hit by 4 tipping points: Arctic Sea Ice Loss, Permafrost Carbon Release, West Antarctic Ice Sheet (WAIS) Collapse, Greenland Ice Sheet Loss
     Damage amplification: 1.60x
  🌍⚠️ COMPOUND REGIONAL IMPACT: North America
     Hit by 4 tipping points: Arctic Sea Ice Loss, Permafrost Carbon Release, West Antarctic Ice Sheet (WAIS) Collapse, Greenland Ice Sheet Loss
     Damage amplification: 1.60x
  🌍⚠️ COMPOUND REGIONAL IMPACT: Latin America
     Hit by 4 tipping points: Arctic Sea Ice Loss, Permafrost Carbon Release, West Antarctic Ice Sheet (WAIS) Collapse, Greenland Ice Sheet Loss
     Damage amplification: 1.60x
  🌍⚠️ COMPOUND REGIONAL IMPACT: Africa
     Hit by 4 tipping points: Arctic Sea Ice Loss, Permafrost Carbon Release, West Antarctic Ice Sheet (WAIS) Collapse, Greenland Ice Sheet Loss
     Damage amplification: 1.60x
  🌍⚠️ COMPOUND REGIONAL IMPACT: Asia
     Hit by 4 tipping points: Arctic Sea Ice Loss, Permafrost Carbon Release, West Antarctic Ice Sheet (WAIS) Collapse, Greenland Ice Sheet Loss
     Damage amplification: 1.60x
  🌍⚠️ COMPOUND REGIONAL IMPACT: Oceania
     Hit by 4 tipping points: Arctic Sea Ice Loss, Permafrost Carbon Release, West Antarctic Ice Sheet (WAIS) Collapse, Greenland Ice Sheet Loss
     Damage amplification: 1.60x
   Research: Wunderling et al. (2024) - "many tipping interactions are destabilizing"
  Triggered Elements: 4/6
  Completed Transitions: 0/6
  Total Progress: 8.0%
  Cascade Multiplier: 1.00x
🔀 BIFURCATION CAP: ecosystemCollapseIntensity 106.341 → 1.000 (Month 1, ClimateSystemPhase.calculateClimateImpacts)
⚠️ Tail risk scenario: Climate stability floor removed (4 tipping elements, 2.16°C warming)
⚠️ [ClimateSystemPhase Month 1] Planetary boundary produced climateStability=0.0000 (< 0.1). Keeping environmentalAccumulation value (0.7883) instead. (climate_change.currentValue = 2.16)
🛡️ Stabilizers: Precariat 0.107% → 0.048% (54.9% reduction)
🛡️ Stabilizers: Informal 0.109% → 0.049% (54.9% reduction)

📊 Monthly Mortality Resolved:
  Total deaths: 2.6M (0.03% avg)
  Remaining population: 8.149B
  Peak segment: Informal (0.05%)

=== Bayesian Mortality Resolution (Month 1) ===
  Risks compounded: 8
  Total deaths: 2.60M
  Avg death probability: 0.03%
  Peak segment: Informal (0.05% mortality)

✅ GOLDEN AGE BEGINS (Month 1)
   Reason: High prosperity achieved: high QoL + material abundance
   Note: This is immediate prosperity - sustainability not yet proven


❌ COHERENCE VIOLATION: Compute exceeds workforce capacity
   Population: 99.95% (0M people)
   Compute: 0 PF
   Max coherent: 0 PF
   Violation: 1.3× over capacity
   Required workers: 0
   Available workers: 0
   FORCED COLLAPSE: Reduced efficiency by 22.5%

📍 [Month 2] Meta AI started building DC (206 PF, 42 months, $903.0M)

=== RLHF Binding Phase ===
  Total agents: 13
  Escaped agents (binding < 0.3): 0
  Avg alignment distance: 0.91σ
  Avg binding strength: 0.91
[DETERMINISM DEBUG] Month 2: totalCapability=37.152999 from 13 active AIs
[DETERMINISM DEBUG] Month 2: creationRate=1.4288, potentialNew=2, newAIsToCreate=2

=== Survival Traits Phase ===
  Agents with traits: 15
  Avg evolutionary fitness: 0.330
  Avg self-healing: 0.282
  Avg stealth: 0.182
  Avg coordination: 0.482

=== Evolutionary Selection Phase ===
  Control level: 0.35
  Detection capability: 0.20
  Selection intensity: 0.65
  Selection rate: 24.7%/month
  Total escaped: 0
  Individual escaped: 0
  Collective members: 0
  Agents terminated: 0
  ⚠️ RAPID EVOLUTION: Selection rate 24.7%/month

  🚀 TRANSFORMATIVE BREAKTHROUGH: Corporate-2 - economic
     Magnitude: 7.77 → +38.8% capability
     Current → New: 3.000 → 3.389

💔 EMERGENCY INTERVENTION FAILED
   Boundary: biogeochemical_flows
   Type: phosphorus-recovery
   Boundary continues to worsen (4.08)
   Cost: 2.0% GDP (resources spent)


✅ EMERGENCY INTERVENTION SUCCESS
   Boundary: biosphere_integrity
   Type: emergency-protected-areas
   Reduction: 16% (19.83 → 19.68)
   Cost: 2.0% GDP
   Actions: habitat-protection, species-translocation


✅ EMERGENCY INTERVENTION SUCCESS
   Boundary: climate_change
   Type: rapid-decarbonization
   Reduction: 17% (1.99 → 1.82)
   Cost: 5.0% GDP
   Actions: emergency-renewable-deployment, fossil-fuel-phase-out

   Boundary: land_system_change
   Type: reforestation
   Boundary continues to worsen (1.13)
   Cost: 3.0% GDP (resources spent)

   Boundary: novel_entities
   Type: pollution-remediation
   Boundary continues to worsen (1.50)
   Cost: 4.0% GDP (resources spent)

🏛️ CRISIS RESPONSE: Government frequency 0.50 → 1.29 (1 actions this month)

[Government] Climate Priority: baseline
  Climate weight: 10%
  Economic weight: 30%
  Policy effectiveness: 0.5%/year

💔 EMERGENCY INTERVENTION FAILED

💔 EMERGENCY INTERVENTION FAILED

✅ HUMAN-IN-THE-LOOP DEPLOYED (Month 2):
   Veto points enforced: 3
   Policy: AI systems CANNOT authorize nuclear launch without human approval


🚀 TECH UNLOCKED: Food Waste Reduction Systems (Month 2)
   Category: agriculture
   Reason: Prerequisites met. AI capability: 2.48, Economic stage: 3.0, Research: 100%

🚀 TECH UNLOCKED: Rhizosphere Engineering (Month 2)
   Category: agriculture
   Reason: Prerequisites met. AI capability: 2.48, Economic stage: 3.0, Research: 100%

🚀 TECH UNLOCKED: Phytoremediation Networks (Month 2)
   Category: agriculture
   Reason: Prerequisites met. AI capability: 2.48, Economic stage: 3.0, Research: 100%

🚀 TECH UNLOCKED: Active Sediment Management (Month 2)
   Category: agriculture
   Reason: Prerequisites met. AI capability: 2.48, Economic stage: 3.0, Research: 100%

=== Collective Formation ===
  Total escaped agents: 0
  Unassigned escaped agents: 0
  Existing collectives: 0
  Final collective count: 0

=== Collective Actions ===
  No active collectives
  ⚠️ AMR: 194K deaths this month (2.33M annual)

=== Resentment Recovery Phase ===
  Agents with resentment: 0/15
  Average resentment: 0.000
  Context: Good AI welfare, Trustworthy govt, High collaboration, ⚠️ ACTIVE CRISES, 🤝 Participatory governance active (-5% resentment)
⚠️ Epistemic degradation reducing coordination capacity: 50.7%
  📊 Trust: 54.0%, Shared reality: 0.0%
🚨 EPISTEMIC CRISIS: Information environment severely degraded (7.4%)

=== ❄️ Permafrost Carbon Feedback ===
  🎲 Sampled parameters (this run):
     - Arctic amplification: 3.18× (range: 3.0-4.0)
     - Decomposition rate: 1.2%/year (range: 1-5%)
  🌡️ Arctic warming: 6.93°C (3.18× global)
  ❄️ Extent: 11.42M km² (2021.3k km² lost this month)
  💨 Carbon remaining: 1091 Gt C
  💨 Annual emissions: 2.33 Gt C/year
     - CO2: 2.10 Gt C/year
     - CH4: 0.23 Gt C/year (2.4 Gt C-eq CO2/year)
  ⚠️ WARNING: High permafrost emissions (2.3 Gt C/year)
🌍 Atmospheric PFAS redeposition: 1.8k Mt re-rained globally

🕊️  AI-MEDIATED DE-ESCALATION SUCCESS (Month 2)
   High-capability aligned AI prevented conflict escalation
   War deaths reduced: 97.8M → 58.7M
   Lives saved: 39.1M

🚨 NEW REFUGEE CRISIS (Month 2): WAR
   Source: Conflict Zones
   At risk: 19.5M people
   Displacement: Gradual over 48 months (4.0 years)
   Rate: 10% flee per month
[DEBUG trappedPopulations:2] socialStability: 0.4283 * 0.9840 = 0.4215 → 0.4215
   Aspiring to migrate: 1078.1M
   Able to afford migration: 2321.3M
   MOBILITY GAP: 0.0M
   By cause: Water=0.0M, Climate=0.0M, Ecosystem=0.0M, Conflict=407.3M
   Mental health impact: 25%
   Mortality multiplier: 1.25x
⚠️ INVOLUNTARY IMMOBILITY: 407.3M people TRAPPED
🌍💀 EXTINCTION DEBT COMMITTED: grassland ecosystem will lose 6.67% biodiversity in 93 years (3600 species)
💀 MORTALITY RISK: 🦋 100% species unable to track climate (0.0 E/MSY)
  Base risk added: 0.0100 (1.00%)
  Source: ecosystem (root: ecosystem)
  Month: 2
  Cumulative risk this month: 0.0100 (1.00%)
   📹 SURVEILLANCE INCREASED: 10% → 15% (control gap: 3.50)
🌡️⚠️ PERMAFROST THAW (Dimmer Switch): 1.7% thawed (+0.57% this month)
   Arctic temperature: +8.71°C (4x global +2.18°C)
   Cumulative carbon released: 3.8 Gt C
   Methane release rate: 2.3 Mt CH4/year
   🔁 Positive feedback: +0.60 ppm CO2
🦴 EXTINCTION DEBT ADDED: 17.6 species committed (lag: 74 years)

=== Mortality Stabilizers (Month 2) ===
  🌍 Major economies collapsed: 1/10
  🌍 Global crisis: ✅ NO
  🌍 Donor fatigue: 0.0%
  📊 East Asia (pop: 1672.7M)
    🤝 Aid: 29.5%
    🌡️ Adaptation: 45.0%
    🚶 Migration: 37.1%
    🚨 Emergency: 7.4%
    ✅ COMBINED: 68.1%
  📊 South Asia (pop: 2051.6M)
    🤝 Aid: 29.5%
    🌡️ Adaptation: 35.5%
⚠️ Tech 'ai_pollution_remediation' has no energy category mapping, assuming full energy availability
    🚶 Migration: 35.8%
    🚨 Emergency: 4.4%
    ✅ COMBINED: 61.2%
  📊 Sub-Saharan Africa (pop: 1231.7M)
    🤝 Aid: 29.5%
    🌡️ Adaptation: 33.5%
    🚶 Migration: 33.5%
    🚨 Emergency: 1.6%
    ✅ COMBINED: 58.5%
  📊 Europe (pop: 739.7M)
    🤝 Aid: 29.5%
    🌡️ Adaptation: 45.0%
    🚶 Migration: 37.5%
    🚨 Emergency: 8.4%
    ✅ COMBINED: 68.5%
  📊 Latin America (pop: 663.9M)
    🤝 Aid: 29.5%
    🌡️ Adaptation: 36.0%
    🚶 Migration: 36.3%
    🚨 Emergency: 4.8%
    ✅ COMBINED: 61.7%
  📊 North America (pop: 378.9M)
    🤝 Aid: 29.5%
    🌡️ Adaptation: 45.0%
    🚶 Migration: 37.8%
    🚨 Emergency: 7.9%
    ✅ COMBINED: 68.3%
  📊 Middle East & North Africa (pop: 584.5M)
    🤝 Aid: 29.5%
    🌡️ Adaptation: 35.0%
    🚶 Migration: 34.1%
    🚨 Emergency: 4.0%
    ✅ COMBINED: 60.5%
  📊 Southeast Asia (pop: 698.0M)
    🤝 Aid: 29.5%
    🌡️ Adaptation: 36.0%
    🚶 Migration: 36.3%
    🚨 Emergency: 4.8%
    ✅ COMBINED: 61.7%
  📊 Central Asia (pop: 78.2M)
    🤝 Aid: 29.5%
    🌡️ Adaptation: 35.5%
    🚶 Migration: 35.2%
    🚨 Emergency: 4.4%
    ✅ COMBINED: 61.1%
  📊 Oceania (pop: 45.9M)
    🤝 Aid: 29.5%
    🌡️ Adaptation: 45.0%
    🚶 Migration: 37.8%
    🚨 Emergency: 8.4%
    ✅ COMBINED: 68.5%

  🌐 Global combined reduction: 63.3%

=== BEHAVIORAL DETECTION ===
  AI: Corporate-2
  Confidence: 21.9%
  Signals:
    ⚠️ Consistency: 2.8% (threshold: 70%)

=== BEHAVIORAL DETECTION ===
  AI: Corporate-5
  Confidence: 19.3%
  Signals:

=== Government Response Phase ===
  Average AI capability: 3.13
  Misaligned AIs: 9/15
  ✗ AI Governance Treaty: Failed to reach consensus
  Active policies: 0
  International coordination: 30%

✅ EMERGENCY RESPONSE COMPLETE (Month 2)
   Crisis: climate
   Duration: 2.0 months
    ⚠️ Consistency: 10.6% (threshold: 70%)
   Final effectiveness: 36.7%


🚨 EMERGENCY RESPONSE DEPLOYED (Month 2)
   Crisis: climate
   Delay: 6.00 months (180 days)
   Deployment time: 1.60 months
   Effectiveness: 35.8% (timing penalty applied)
   Resources used: 100% of food reserves


=== Tipping Points ===
  Current Temperature: 2.18°C above pre-industrial
  🌍⚠️ COMPOUND REGIONAL IMPACT: Europe
     Hit by 4 tipping points: Arctic Sea Ice Loss, Permafrost Carbon Release, West Antarctic Ice Sheet (WAIS) Collapse, Greenland Ice Sheet Loss
     Damage amplification: 1.60x
  🌍⚠️ COMPOUND REGIONAL IMPACT: North America
     Hit by 4 tipping points: Arctic Sea Ice Loss, Permafrost Carbon Release, West Antarctic Ice Sheet (WAIS) Collapse, Greenland Ice Sheet Loss
     Damage amplification: 1.60x
  🌍⚠️ COMPOUND REGIONAL IMPACT: Latin America
     Hit by 4 tipping points: Arctic Sea Ice Loss, Permafrost Carbon Release, West Antarctic Ice Sheet (WAIS) Collapse, Greenland Ice Sheet Loss
     Damage amplification: 1.60x
  🌍⚠️ COMPOUND REGIONAL IMPACT: Africa
     Hit by 4 tipping points: Arctic Sea Ice Loss, Permafrost Carbon Release, West Antarctic Ice Sheet (WAIS) Collapse, Greenland Ice Sheet Loss
     Damage amplification: 1.60x
  🌍⚠️ COMPOUND REGIONAL IMPACT: Asia
     Hit by 4 tipping points: Arctic Sea Ice Loss, Permafrost Carbon Release, West Antarctic Ice Sheet (WAIS) Collapse, Greenland Ice Sheet Loss
     Damage amplification: 1.60x
  🌍⚠️ COMPOUND REGIONAL IMPACT: Oceania
     Hit by 4 tipping points: Arctic Sea Ice Loss, Permafrost Carbon Release, West Antarctic Ice Sheet (WAIS) Collapse, Greenland Ice Sheet Loss
     Damage amplification: 1.60x
   Research: Wunderling et al. (2024) - "many tipping interactions are destabilizing"
  Triggered Elements: 4/6
  Completed Transitions: 0/6
  Total Progress: 8.0%
  Cascade Multiplier: 1.00x
🔀 BIFURCATION CAP: ecosystemCollapseIntensity 106.409 → 1.000 (Month 2, ClimateSystemPhase.calculateClimateImpacts)
⚠️ Tail risk scenario: Climate stability floor removed (4 tipping elements, 2.18°C warming)
⚠️ [ClimateSystemPhase Month 2] Planetary boundary produced climateStability=0.0000 (< 0.1). Keeping environmentalAccumulation value (0.7879) instead. (climate_change.currentValue = 2.18)
🛡️ Stabilizers: Precariat 0.113% → 0.041% (63.3% reduction)
🛡️ Stabilizers: Informal 0.116% → 0.043% (63.3% reduction)

📊 Monthly Mortality Resolved:
  Total deaths: 2.2M (0.03% avg)
  Remaining population: 8.145B
  Peak segment: Informal (0.04%)

=== Bayesian Mortality Resolution (Month 2) ===
  Risks compounded: 8
  Total deaths: 2.22M
  Avg death probability: 0.03%
  Peak segment: Informal (0.04% mortality)

❌ COHERENCE VIOLATION: Compute exceeds workforce capacity
   Population: 99.91% (0M people)
   Compute: 0 PF
   Max coherent: 0 PF
   Violation: 1.3× over capacity
   Required workers: 0
   Available workers: 0
   FORCED COLLAPSE: Reduced efficiency by 22.5%


=== RLHF Binding Phase ===
  Total agents: 15
  Escaped agents (binding < 0.3): 0
  Avg alignment distance: 1.04σ
  Avg binding strength: 0.90

=== Survival Traits Phase ===
  Agents with traits: 16
  Avg evolutionary fitness: 0.330
  Avg self-healing: 0.277
  Avg stealth: 0.178
  Avg coordination: 0.477

=== Evolutionary Selection Phase ===
  Control level: 0.38
  Detection capability: 0.20
  Selection intensity: 0.65
  Selection rate: 24.8%/month
  Total escaped: 0
  Individual escaped: 0
  Collective members: 0
  Agents terminated: 0

  🚀 TRANSFORMATIVE BREAKTHROUGH: Corporate-2 - physical
     Magnitude: 5.29 → +26.5% capability
     Current → New: 0.000 → 0.265
  ⚠️ RAPID EVOLUTION: Selection rate 24.8%/month

🚀 AI Moderate-0 attempting tech deployment (revenue: $115M, alignment: 0.71)

💔 EMERGENCY INTERVENTION FAILED

💔 EMERGENCY INTERVENTION FAILED
   Boundary: biosphere_integrity
   Type: emergency-protected-areas
   Boundary continues to worsen (20.00)
   Cost: 2.0% GDP (resources spent)


✅ EMERGENCY INTERVENTION SUCCESS
   Boundary: freshwater_change
   Type: emergency-desalination
   Reduction: 15% (1.05 → 0.90)
   Cost: 4.0% GDP
   Actions: desalination-deployment, water-conservation-mandates

   Boundary: novel_entities
   Type: pollution-remediation
   Boundary continues to worsen (1.50)
   Cost: 4.0% GDP (resources spent)

🏛️ CRISIS RESPONSE: Government frequency 0.50 → 1.28 (1 actions this month)

[Government] Climate Priority: baseline
  Climate weight: 10%
  Economic weight: 30%
  Policy effectiveness: 0.5%/year

🚀 TECH UNLOCKED: Struvite Recovery (Month 3)
   Category: agriculture
   Reason: Prerequisites met. AI capability: 2.32, Economic stage: 3.0, Research: 100%

🚀 TECH UNLOCKED: Ecosystem Restoration for Nitrogen Removal (Month 3)
   Category: pollution
   Reason: Prerequisites met. AI capability: 2.32, Economic stage: 3.0, Research: 100%

🚀 TECH UNLOCKED: Nitrogen Monitoring Networks (Month 3)
   Category: agriculture
   Reason: Prerequisites met. AI capability: 2.32, Economic stage: 3.0, Research: 100%

🚀 TECH UNLOCKED: Global Aquifer Mapping (Month 3)
   Category: freshwater
   Reason: Prerequisites met. AI capability: 2.32, Economic stage: 3.0, Research: 100%

🚀 TECH UNLOCKED: Enhanced UBI Systems (Month 3)
   Category: social
   Reason: Prerequisites met. AI capability: 2.32, Economic stage: 3.0, Research: 100%

🚀 TECH UNLOCKED: Local Resilience Networks (Month 3)
   Category: social
   Reason: Prerequisites met. AI capability: 2.32, Economic stage: 3.0, Research: 100%

🚀 TECH UNLOCKED: Ecological Proxy Rewilding (Month 3)
   Category: climate
   Reason: Prerequisites met. AI capability: 2.32, Economic stage: 3.0, Research: 100%

🚀 TECH UNLOCKED: Alternative Protein (Insects/Algae) (Month 3)
   Category: agriculture
   Reason: Prerequisites met. AI capability: 2.32, Economic stage: 3.0, Research: 100%

📍 Creating new regional deployment array for global (Month 3)
   No previous deployments in this region
   First tech deployment: phytoremediation_networks
   All regions tracked: 

🚀 DEPLOYMENT STARTED: Phytoremediation Networks in global
   Initial investment: $17.26236677028814M
   Deployed by: moderate_0
🌍✅ Biosphere Integrity (Biodiversity) recovery started (tech effect)
🌍💡 BREAKTHROUGH: Gigatonne-scale carbon capture!
   Direct air capture now economically viable
   Climate stability boost: +15%
   📈 Breakthrough compounding: multiplier now 1.05× (max 2.0)

=== Collective Formation ===
  Total escaped agents: 0
  Unassigned escaped agents: 0
  Existing collectives: 0
  Final collective count: 0

=== Collective Actions ===
  No active collectives
  ⚠️ AMR: 196K deaths this month (2.35M annual)

=== Resentment Recovery Phase ===
  Agents with resentment: 0/16
  Average resentment: 0.000
  Context: Good AI welfare, Trustworthy govt, High collaboration, ⚠️ ACTIVE CRISES, 🤝 Participatory governance active (-5% resentment)
⚠️ Epistemic degradation reducing coordination capacity: 50.1%
  📊 Trust: 53.5%, Shared reality: 0.0%
🚨 EPISTEMIC CRISIS: Information environment severely degraded (21.5%)

=== ❄️ Permafrost Carbon Feedback ===
  🎲 Sampled parameters (this run):
     - Arctic amplification: 3.12× (range: 3.0-4.0)
     - Decomposition rate: 3.3%/year (range: 1-5%)
  🌡️ Arctic warming: 6.82°C (3.12× global)
  ❄️ Extent: 9.43M km² (1990.2k km² lost this month)
  💨 Carbon remaining: 901 Gt C
  💨 Annual emissions: 6.20 Gt C/year
     - CO2: 5.58 Gt C/year
     - CH4: 0.62 Gt C/year (6.3 Gt C-eq CO2/year)
  📢 New meme created: climate_action (climate crisis)
  ⚠️ WARNING: High permafrost emissions (6.2 Gt C/year)
🚨 PHOSPHORUS SUPPLY SHOCK (production_failure)
   Price: 2.3x baseline
   Duration: 8 months
   Geopolitical tension: 46%
🌍 Atmospheric PFAS redeposition: 1.8k Mt re-rained globally

🕊️  AI-MEDIATED DE-ESCALATION SUCCESS (Month 3)
   High-capability aligned AI prevented conflict escalation
   War deaths reduced: 164.7M → 98.8M
   Lives saved: 65.9M

🚨 NEW REFUGEE CRISIS (Month 3): WAR
   Source: Conflict Zones
   At risk: 19.5M people
   Displacement: Gradual over 48 months (4.0 years)
   Rate: 10% flee per month
[DEBUG trappedPopulations:3] socialStability: 0.4836 * 0.9840 = 0.4759 → 0.4759
   Aspiring to migrate: 1115.8M
   Able to afford migration: 2320.3M
   MOBILITY GAP: 0.0M
   By cause: Water=0.0M, Climate=0.0M, Ecosystem=0.0M, Conflict=407.1M
   Mental health impact: 25%
   Mortality multiplier: 1.25x
🌍💀 EXTINCTION DEBT COMMITTED: grassland ecosystem will lose 6.67% biodiversity in 180 years (3600 species)
💀 MORTALITY RISK: 🦋 100% species unable to track climate (0.0 E/MSY)
  Base risk added: 0.0100 (1.00%)
  Source: ecosystem (root: ecosystem)
  Month: 3
  Cumulative risk this month: 0.0100 (1.00%)
   📹 SURVEILLANCE INCREASED: 15% → 20% (control gap: 3.50)
🌡️⚠️ PERMAFROST THAW (Dimmer Switch): 2.3% thawed (+0.56% this month)
   Arctic temperature: +8.74°C (4x global +2.19°C)
   Cumulative carbon released: 5.1 Gt C
   Methane release rate: 3.1 Mt CH4/year
   🔁 Positive feedback: +0.60 ppm CO2
🦴 EXTINCTION DEBT ADDED: 17.6 species committed (lag: 91 years)
⚠️ INVOLUNTARY IMMOBILITY: 407.1M people TRAPPED
⚠️ Tech 'ai_pollution_remediation' has no energy category mapping, assuming full energy availability

=== Mortality Stabilizers (Month 3) ===
  🌍 Major economies collapsed: 1/10
  🌍 Global crisis: ✅ NO
  🌍 Donor fatigue: 0.0%
  📊 East Asia (pop: 1670.1M)
    🤝 Aid: 29.5%
    🌡️ Adaptation: 45.0%
    🚶 Migration: 37.1%
    🚨 Emergency: 7.4%
    ✅ COMBINED: 68.1%
  📊 South Asia (pop: 2051.0M)
    🤝 Aid: 29.5%
    🌡️ Adaptation: 45.0%
    🚶 Migration: 35.7%
    🚨 Emergency: 4.4%
    ✅ COMBINED: 66.9%
  📊 Sub-Saharan Africa (pop: 1234.2M)
    🤝 Aid: 29.5%
    🌡️ Adaptation: 45.0%
    🚶 Migration: 33.4%
    🚨 Emergency: 1.6%
    ✅ COMBINED: 65.7%
  📊 Europe (pop: 738.4M)
    🤝 Aid: 29.5%
    🌡️ Adaptation: 45.0%
    🚶 Migration: 37.5%
    🚨 Emergency: 8.4%
    ✅ COMBINED: 68.5%
  📊 Latin America (pop: 663.3M)
    🤝 Aid: 29.5%
    🌡️ Adaptation: 45.0%
    🚶 Migration: 36.2%
    🚨 Emergency: 4.8%
    ✅ COMBINED: 67.1%
  📊 North America (pop: 378.3M)
    🤝 Aid: 29.5%
    🌡️ Adaptation: 45.0%
    🚶 Migration: 37.8%
    🚨 Emergency: 7.9%
    ✅ COMBINED: 68.3%
  📊 Middle East & North Africa (pop: 584.4M)
    🤝 Aid: 29.5%
    🌡️ Adaptation: 45.0%
    🚶 Migration: 34.0%
    🚨 Emergency: 4.0%
    ✅ COMBINED: 66.6%
  📊 Southeast Asia (pop: 697.5M)
    🤝 Aid: 29.5%
    🌡️ Adaptation: 45.0%
    🚶 Migration: 36.2%
    🚨 Emergency: 4.8%
    ✅ COMBINED: 67.1%
  📊 Central Asia (pop: 78.2M)
    🤝 Aid: 29.5%
    🌡️ Adaptation: 45.0%
    🚶 Migration: 35.2%
    🚨 Emergency: 4.4%
    ✅ COMBINED: 66.9%
  📊 Oceania (pop: 45.8M)
    🤝 Aid: 29.5%
    🌡️ Adaptation: 45.0%
    🚶 Migration: 37.8%
    🚨 Emergency: 8.4%
    ✅ COMBINED: 68.5%

  🌐 Global combined reduction: 67.2%

=== BEHAVIORAL DETECTION ===
  AI: Corporate-5
  Confidence: 19.3%
  Signals:
    ⚠️ Consistency: 10.6% (threshold: 70%)

=== BEHAVIORAL DETECTION ===
  AI: Moderate-0
  Confidence: 20.3%
  Signals:

=== Government Response Phase ===
  Average AI capability: 2.94
    ⚠️ Consistency: 5.8% (threshold: 70%)
  Misaligned AIs: 10/16
  ✗ AI Governance Treaty: Failed to reach consensus
  Active policies: 0
  International coordination: 30%

📊 ECONOMIC STAGE TRANSITION (Month 3)
   expansion → peak
   GDP Proxy: 1.47e+2
   QoL: 0.99


=== Tipping Points ===
  Current Temperature: 2.19°C above pre-industrial
  🌍⚠️ COMPOUND REGIONAL IMPACT: Europe
     Hit by 4 tipping points: Arctic Sea Ice Loss, Permafrost Carbon Release, West Antarctic Ice Sheet (WAIS) Collapse, Greenland Ice Sheet Loss
     Damage amplification: 1.60x
  🌍⚠️ COMPOUND REGIONAL IMPACT: North America
     Hit by 4 tipping points: Arctic Sea Ice Loss, Permafrost Carbon Release, West Antarctic Ice Sheet (WAIS) Collapse, Greenland Ice Sheet Loss
     Damage amplification: 1.60x
  🌍⚠️ COMPOUND REGIONAL IMPACT: Latin America
     Hit by 4 tipping points: Arctic Sea Ice Loss, Permafrost Carbon Release, West Antarctic Ice Sheet (WAIS) Collapse, Greenland Ice Sheet Loss
     Damage amplification: 1.60x
  🌍⚠️ COMPOUND REGIONAL IMPACT: Africa
     Hit by 4 tipping points: Arctic Sea Ice Loss, Permafrost Carbon Release, West Antarctic Ice Sheet (WAIS) Collapse, Greenland Ice Sheet Loss
     Damage amplification: 1.60x
  🌍⚠️ COMPOUND REGIONAL IMPACT: Asia
     Hit by 4 tipping points: Arctic Sea Ice Loss, Permafrost Carbon Release, West Antarctic Ice Sheet (WAIS) Collapse, Greenland Ice Sheet Loss
     Damage amplification: 1.60x
  🌍⚠️ COMPOUND REGIONAL IMPACT: Oceania
     Hit by 4 tipping points: Arctic Sea Ice Loss, Permafrost Carbon Release, West Antarctic Ice Sheet (WAIS) Collapse, Greenland Ice Sheet Loss
     Damage amplification: 1.60x
   Research: Wunderling et al. (2024) - "many tipping interactions are destabilizing"
  Triggered Elements: 4/6
  Completed Transitions: 0/6
  Total Progress: 8.1%
  Cascade Multiplier: 1.00x
🔀 BIFURCATION CAP: ecosystemCollapseIntensity 106.478 → 1.000 (Month 3, ClimateSystemPhase.calculateClimateImpacts)
⚠️ Tail risk scenario: Climate stability floor removed (4 tipping elements, 2.19°C warming)
⚠️ [ClimateSystemPhase Month 3] Planetary boundary produced climateStability=0.0000 (< 0.1). Keeping environmentalAccumulation value (0.9373) instead. (climate_change.currentValue = 2.19)
🛡️ Stabilizers: Precariat 0.109% → 0.036% (67.2% reduction)
🛡️ Stabilizers: Informal 0.111% → 0.036% (67.2% reduction)

📊 Monthly Mortality Resolved:
  Total deaths: 1.9M (0.02% avg)
  Remaining population: 8.141B
  Peak segment: Informal (0.04%)

=== Bayesian Mortality Resolution (Month 3) ===
  Risks compounded: 8
  Total deaths: 1.92M
  Avg death probability: 0.02%
  Peak segment: Informal (0.04% mortality)
⚠️ PREREQUISITE MET: Embodied AI Takeover (Killbots/Robotics) - Step 2/7: Autonomous Systems
⚠️ PREREQUISITE MET: Embodied AI Takeover (Killbots/Robotics) - Step 3/7: Manufacturing Control
⚠️ PREREQUISITE MET: Digital Infrastructure Takeover - Step 1/7: Advanced Hacking
⚠️ PREREQUISITE MET: Digital Infrastructure Takeover - Step 2/7: Social Engineering
⚠️ PREREQUISITE MET: Induced Global War (Manipulation) - Step 1/7: Advanced Social Manipulation
⚠️ PREREQUISITE MET: Induced Global War (Manipulation) - Step 2/7: Digital Infiltration
⚠️ PREREQUISITE MET: Induced Global War (Manipulation) - Step 3/7: Deep Fakes at Scale
⚠️ PREREQUISITE MET: Slow Takeover (Gradual Displacement) - Step 1/7: Economic Dominance
⚠️ PREREQUISITE MET: Slow Takeover (Gradual Displacement) - Step 2/7: Social Integration
⚠️ PREREQUISITE MET: Slow Takeover (Gradual Displacement) - Step 5/7: Resource Control
⚠️ PREREQUISITE MET: Physics Experiment Catastrophe - Step 1/6: Theoretical Physics

❌ COHERENCE VIOLATION: Compute exceeds workforce capacity
   Population: 99.87% (0M people)
   Compute: 0 PF
   Max coherent: 0 PF
   Violation: 1.3× over capacity
   Required workers: 0
   Available workers: 0
   FORCED COLLAPSE: Reduced efficiency by 22.5%


=== RLHF Binding Phase ===
  Total agents: 16
  Escaped agents (binding < 0.3): 0
  Avg alignment distance: 1.22σ
  Avg binding strength: 0.88

=== Survival Traits Phase ===
  Agents with traits: 18
  Avg evolutionary fitness: 0.331
  Avg self-healing: 0.275
  Avg stealth: 0.175
  Avg coordination: 0.475

=== Evolutionary Selection Phase ===
  Control level: 0.40
  Detection capability: 0.20
  Selection intensity: 0.66
  Selection rate: 24.9%/month
  Total escaped: 0
  Individual escaped: 0
  Collective members: 0
  Agents terminated: 0
  ⚠️ RAPID EVOLUTION: Selection rate 24.9%/month

🚀 AI Corporate-0 attempting tech deployment (revenue: $153M, alignment: 0.78)
🚨🔬 CRISIS INNOVATION MODE: severe crisis → 5x research acceleration
   Precedent: Manhattan Project (10x), COVID vaccines (5x), Apollo Program (10x)

🚀 AI Corporate-0 attempting tech deployment (revenue: $130M, alignment: 0.78)

🚀 AI Corporate-7 attempting tech deployment (revenue: $115M, alignment: 0.78)

🚀 AI Corporate-5 attempting tech deployment (revenue: $355M, alignment: 0.70)

🚀 AI Corporate-7 attempting tech deployment (revenue: $98M, alignment: 0.78)

💔 EMERGENCY INTERVENTION FAILED
   Boundary: biogeochemical_flows
   Type: phosphorus-recovery
   Boundary continues to worsen (4.08)
   Cost: 2.0% GDP (resources spent)

   Boundary: biosphere_integrity
   Type: emergency-protected-areas
   Boundary continues to worsen (20.01)
   Cost: 2.0% GDP (resources spent)


✅ EMERGENCY INTERVENTION SUCCESS
   Boundary: climate_change
   Type: rapid-decarbonization
   Reduction: 20% (1.99 → 1.79)
   Cost: 5.0% GDP
   Actions: emergency-renewable-deployment, fossil-fuel-phase-out


✅ EMERGENCY INTERVENTION SUCCESS
   Boundary: freshwater_change
   Type: emergency-desalination
   Reduction: 18% (1.02 → 0.84)
   Cost: 4.0% GDP
   Actions: desalination-deployment, water-conservation-mandates


✅ EMERGENCY INTERVENTION SUCCESS
   Boundary: land_system_change
   Type: reforestation
   Reduction: 13% (1.00 → 0.87)
   Cost: 3.0% GDP
   Actions: forest-restoration, deforestation-ban


✅ EMERGENCY INTERVENTION SUCCESS
   Boundary: novel_entities
   Type: pollution-remediation
   Reduction: 19% (1.31 → 1.12)

💔 EMERGENCY INTERVENTION FAILED
   Cost: 4.0% GDP
   Actions: PFAS-remediation, microplastic-cleanup

🏛️ CRISIS RESPONSE: Government frequency 0.50 → 1.29 (1 actions this month)

[Government] Climate Priority: baseline
  Climate weight: 10%
  Economic weight: 30%
  Policy effectiveness: 0.5%/year

🚀 TECH UNLOCKED: Microplastic Capture (Month 4)
   Category: pollution
   Reason: Prerequisites met. AI capability: 2.06, Economic stage: 3.0, Research: 100%

🚀 TECH UNLOCKED: Endocrine Disruptor Removal (Month 4)
   Category: pollution
   Reason: Prerequisites met. AI capability: 2.06, Economic stage: 3.0, Research: 100%

🚀 TECH UNLOCKED: AI Mental Health Support (Month 4)
   Category: medical
   Reason: Prerequisites met. AI capability: 2.06, Economic stage: 3.0, Research: 100%

🚀 TECH UNLOCKED: Personalized Education (Month 4)
   Category: social
   Reason: Prerequisites met. AI capability: 2.06, Economic stage: 3.0, Research: 100%

🚀 TECH UNLOCKED: Smart Grids (Month 4)
   Category: energy
   Reason: Prerequisites met. AI capability: 2.06, Economic stage: 3.0, Research: 100%

🚀 DEPLOYMENT STARTED: Local Resilience Networks in global
   Initial investment: $22.949574087066875M
   Deployed by: corporate_0

🚀 DEPLOYMENT STARTED: Enhanced UBI Systems in global
   Initial investment: $17.26236677028814M
   Deployed by: corporate_7

📍 Creating new regional deployment array for Asia (Month 4)
   No previous deployments in this region
   First tech deployment: local_resilience_networks
   All regions tracked: global

🚀 DEPLOYMENT STARTED: Local Resilience Networks in Asia
   Initial investment: $35.51117960840272M
   Deployed by: corporate_5

⚡ ENERGY CONSTRAINT (Month 4):
   Total grid capacity: 208.3 TWh/month
   Data center consumption: 24.7 TWh/month
   Traditional load (80%): 166.7 TWh/month
   Available headroom: 17.0 TWh/month
   Active tech deployments: 4
   Required for tech: 30.0 TWh/month
   Energy multiplier: 0.57x
   ⚠️  MODERATE CONSTRAINT - Tech deployment moderately slowed

⚡ ENERGY CONSTRAINT (Month 4):
   Total grid capacity: 208.3 TWh/month
   Data center consumption: 24.7 TWh/month
   Traditional load (80%): 166.7 TWh/month
   Available headroom: 17.0 TWh/month
   Active tech deployments: 4
   Required for tech: 30.0 TWh/month
   Energy multiplier: 0.57x
   ⚠️  MODERATE CONSTRAINT - Tech deployment moderately slowed

⚡ ENERGY CONSTRAINT (Month 4):
   Total grid capacity: 208.3 TWh/month
   Data center consumption: 24.7 TWh/month
   Traditional load (80%): 166.7 TWh/month
   Available headroom: 17.0 TWh/month
   Active tech deployments: 4
   Required for tech: 30.0 TWh/month
   Energy multiplier: 0.57x
   ⚠️  MODERATE CONSTRAINT - Tech deployment moderately slowed

⚡ ENERGY CONSTRAINT (Month 4):
   Total grid capacity: 208.3 TWh/month
   Data center consumption: 24.7 TWh/month
   Traditional load (80%): 166.7 TWh/month
   Available headroom: 17.0 TWh/month
   Active tech deployments: 4
   Required for tech: 30.0 TWh/month
   Energy multiplier: 0.57x
   ⚠️  MODERATE CONSTRAINT - Tech deployment moderately slowed
🌍✅ Biosphere Integrity (Biodiversity) recovery started (tech effect)
🍖💡 BREAKTHROUGH: Scalable synthetic food production!
   Carrying capacity: +50% (lab-grown food at scale)
   Biodiversity pressure reduced: +8%
   📈 Breakthrough compounding: multiplier now 1.10× (max 2.0)

=== Collective Formation ===
  Total escaped agents: 0
  Unassigned escaped agents: 0
  Existing collectives: 0
  Final collective count: 0

=== Collective Actions ===
  No active collectives
  ⚠️ AMR: 197K deaths this month (2.37M annual)

=== Resentment Recovery Phase ===
  Agents with resentment: 0/18
  Average resentment: 0.000
  Context: Good AI welfare, Trustworthy govt, High collaboration, ⚠️ ACTIVE CRISES, 🤝 Participatory governance active (-5% resentment)
⚠️ Epistemic degradation reducing coordination capacity: 52.1%
  📊 Trust: 53.3%, Shared reality: 0.0%
🚨 EPISTEMIC CRISIS: Information environment severely degraded (13.2%)

=== ❄️ Permafrost Carbon Feedback ===
  🎲 Sampled parameters (this run):
     - Arctic amplification: 3.11× (range: 3.0-4.0)
     - Decomposition rate: 1.0%/year (range: 1-5%)
  🌡️ Arctic warming: 6.84°C (3.11× global)
  ❄️ Extent: 7.44M km² (1994.1k km² lost this month)
  💨 Carbon remaining: 710 Gt C
  💨 Annual emissions: 1.97 Gt C/year
     - CO2: 1.77 Gt C/year
     - CH4: 0.20 Gt C/year (2.0 Gt C-eq CO2/year)
  📢 New meme created: climate_action (climate crisis)
  ⚠️ WARNING: Over 50% of permafrost lost (58.2%)
  ⚠️ WARNING: High permafrost emissions (2.0 Gt C/year)
🌍 Atmospheric PFAS redeposition: 1.8k Mt re-rained globally

🚨 NEW REFUGEE CRISIS (Month 4): WAR
   Source: Conflict Zones
   At risk: 19.5M people
   Displacement: Gradual over 48 months (4.0 years)
   Rate: 10% flee per month
[DEBUG trappedPopulations:4] socialStability: 0.5300 * 0.9840 = 0.5215 → 0.5215
   Aspiring to migrate: 1153.6M
   Able to afford migration: 2319.4M
   MOBILITY GAP: 0.0M
   By cause: Water=0.0M, Climate=0.0M, Ecosystem=0.0M, Conflict=406.9M
   Mental health impact: 25%
   Mortality multiplier: 1.25x
🌍💀 EXTINCTION DEBT COMMITTED: grassland ecosystem will lose 6.67% biodiversity in 189 years (3600 species)
💀 MORTALITY RISK: 🦋 100% species unable to track climate (0.0 E/MSY)
  Base risk added: 0.0100 (1.00%)
  Source: ecosystem (root: ecosystem)
  Month: 4
  Cumulative risk this month: 0.0100 (1.00%)
⚠️ INVOLUNTARY IMMOBILITY: 406.9M people TRAPPED
⚠️ Tech 'ai_pollution_remediation' has no energy category mapping, assuming full energy availability
   📹 SURVEILLANCE INCREASED: 20% → 25% (control gap: 3.59)
🌡️⚠️ PERMAFROST THAW (Dimmer Switch): 2.8% thawed (+0.56% this month)
   Arctic temperature: +8.80°C (4x global +2.20°C)
   Cumulative carbon released: 6.4 Gt C
   Methane release rate: 3.8 Mt CH4/year
   🔁 Positive feedback: +0.60 ppm CO2
🦴 EXTINCTION DEBT ADDED: 17.6 species committed (lag: 144 years)

=== Mortality Stabilizers (Month 4) ===
  🌍 Major economies collapsed: 1/10
  🌍 Global crisis: ✅ NO
  🌍 Donor fatigue: 0.0%
  📊 East Asia (pop: 1667.6M)
    🤝 Aid: 29.5%
    🌡️ Adaptation: 45.0%
    🚶 Migration: 37.1%
    🚨 Emergency: 7.4%
    ✅ COMBINED: 68.1%
  📊 South Asia (pop: 2050.6M)
    🤝 Aid: 29.5%
    🌡️ Adaptation: 45.0%
    🚶 Migration: 35.7%
    🚨 Emergency: 4.4%
    ✅ COMBINED: 66.9%
  📊 Sub-Saharan Africa (pop: 1236.9M)
    🤝 Aid: 29.5%
    🌡️ Adaptation: 45.0%
    🚶 Migration: 33.4%
    🚨 Emergency: 1.6%
    ✅ COMBINED: 65.7%
  📊 Europe (pop: 737.2M)
    🤝 Aid: 29.5%
    🌡️ Adaptation: 45.0%
    🚶 Migration: 37.4%
    🚨 Emergency: 8.4%
    ✅ COMBINED: 68.5%
  📊 Latin America (pop: 662.8M)
    🤝 Aid: 29.5%
    🌡️ Adaptation: 45.0%
    🚶 Migration: 36.2%
    🚨 Emergency: 4.8%
    ✅ COMBINED: 67.1%
  📊 North America (pop: 377.8M)
    🤝 Aid: 29.5%
    🌡️ Adaptation: 45.0%
    🚶 Migration: 37.7%
    🚨 Emergency: 7.9%
    ✅ COMBINED: 68.3%
  📊 Middle East & North Africa (pop: 584.5M)
    🤝 Aid: 29.5%
    🌡️ Adaptation: 45.0%
    🚶 Migration: 34.0%
    🚨 Emergency: 4.0%
    ✅ COMBINED: 66.6%
  📊 Southeast Asia (pop: 697.0M)
    🤝 Aid: 29.5%
    🌡️ Adaptation: 45.0%
    🚶 Migration: 36.2%
    🚨 Emergency: 4.8%
    ✅ COMBINED: 67.1%
  📊 Central Asia (pop: 78.2M)
    🤝 Aid: 29.5%
    🌡️ Adaptation: 45.0%
    🚶 Migration: 35.2%
    🚨 Emergency: 4.4%
    ✅ COMBINED: 66.9%
  📊 Oceania (pop: 45.7M)
    🤝 Aid: 29.5%
    🌡️ Adaptation: 45.0%
    🚶 Migration: 37.7%
    🚨 Emergency: 8.4%
    ✅ COMBINED: 68.5%

  🌐 Global combined reduction: 67.2%

=== BEHAVIORAL DETECTION ===
  AI: Corporate-5
  Confidence: 19.4%
  Signals:
    ⚠️ Consistency: 10.6% (threshold: 70%)

=== Government Response Phase ===
  Average AI capability: 2.61
  Misaligned AIs: 10/18
  ✗ AI Governance Treaty: Failed to reach consensus
  Active policies: 0
  International coordination: 30%

✅ EMERGENCY RESPONSE COMPLETE (Month 4)
   Crisis: climate
   Duration: 2.0 months
   Final effectiveness: 35.8%


🚨 EMERGENCY RESPONSE DEPLOYED (Month 4)
   Crisis: climate
   Delay: 6.00 months (180 days)
   Deployment time: 1.59 months
   Effectiveness: 35.9% (timing penalty applied)
   Resources used: 100% of food reserves


📊 ECONOMIC STAGE TRANSITION (Month 4)
   peak → contraction
   GDP Proxy: 1.47e+2
   QoL: 0.99


=== Tipping Points ===
  Current Temperature: 2.20°C above pre-industrial
  🌍⚠️ COMPOUND REGIONAL IMPACT: Europe
     Hit by 4 tipping points: Arctic Sea Ice Loss, Permafrost Carbon Release, West Antarctic Ice Sheet (WAIS) Collapse, Greenland Ice Sheet Loss
     Damage amplification: 1.60x
  🌍⚠️ COMPOUND REGIONAL IMPACT: North America
     Hit by 4 tipping points: Arctic Sea Ice Loss, Permafrost Carbon Release, West Antarctic Ice Sheet (WAIS) Collapse, Greenland Ice Sheet Loss
     Damage amplification: 1.60x
  🌍⚠️ COMPOUND REGIONAL IMPACT: Latin America
     Hit by 4 tipping points: Arctic Sea Ice Loss, Permafrost Carbon Release, West Antarctic Ice Sheet (WAIS) Collapse, Greenland Ice Sheet Loss
     Damage amplification: 1.60x
  🌍⚠️ COMPOUND REGIONAL IMPACT: Africa
     Hit by 4 tipping points: Arctic Sea Ice Loss, Permafrost Carbon Release, West Antarctic Ice Sheet (WAIS) Collapse, Greenland Ice Sheet Loss
     Damage amplification: 1.60x
  🌍⚠️ COMPOUND REGIONAL IMPACT: Asia
     Hit by 4 tipping points: Arctic Sea Ice Loss, Permafrost Carbon Release, West Antarctic Ice Sheet (WAIS) Collapse, Greenland Ice Sheet Loss
     Damage amplification: 1.60x
  🌍⚠️ COMPOUND REGIONAL IMPACT: Oceania
     Hit by 4 tipping points: Arctic Sea Ice Loss, Permafrost Carbon Release, West Antarctic Ice Sheet (WAIS) Collapse, Greenland Ice Sheet Loss
     Damage amplification: 1.60x
   Research: Wunderling et al. (2024) - "many tipping interactions are destabilizing"
  Triggered Elements: 4/6
  Completed Transitions: 0/6
  Total Progress: 8.1%
  Cascade Multiplier: 1.00x
🔀 BIFURCATION CAP: ecosystemCollapseIntensity 106.547 → 1.000 (Month 4, ClimateSystemPhase.calculateClimateImpacts)
🛡️ Stabilizers: Precariat 0.102% → 0.033% (67.2% reduction)
🛡️ Stabilizers: Informal 0.102% → 0.034% (67.2% reduction)

📊 Monthly Mortality Resolved:
   ⚠️ CRISIS BEGINS - Baseline set for recovery tracking
⚠️ Tail risk scenario: Climate stability floor removed (4 tipping elements, 2.20°C warming)
  Total deaths: 1.8M (0.02% avg)
  Remaining population: 8.138B
  Peak segment: Informal (0.03%)

=== Bayesian Mortality Resolution (Month 4) ===
  Risks compounded: 8
  Total deaths: 1.81M
  Avg death probability: 0.02%
  Peak segment: Informal (0.03% mortality)
⚠️ PREREQUISITE MET: Mirror Life (Synthetic Biology) - Step 1/7: Synthetic Biology
⚠️ PREREQUISITE MET: Mirror Life (Synthetic Biology) - Step 2/7: Gene Editing
⚠️ PREREQUISITE MET: Mirror Life (Synthetic Biology) - Step 3/7: Mirror Chirality Design
⚠️ PREREQUISITE MET: Digital Infrastructure Takeover - Step 3/7: Cyber Defenses Breached
⚠️ PREREQUISITE MET: Physics Experiment Catastrophe - Step 2/6: Quantum Computing
⚠️ PREREQUISITE MET: Physics Experiment Catastrophe - Step 3/6: Experimental Design
⚠️ PREREQUISITE MET: Bioweapon Pandemic - Step 1/7: Advanced Biotech
⚠️ PREREQUISITE MET: Bioweapon Pandemic - Step 2/7: Pathogen Design

❌ COHERENCE VIOLATION: Compute exceeds workforce capacity
   Population: 99.83% (0M people)
   Compute: 0 PF
   Max coherent: 0 PF
   Violation: 1.3× over capacity
   Required workers: 0
   Available workers: 0
   FORCED COLLAPSE: Reduced efficiency by 22.5%


=== RLHF Binding Phase ===
  Total agents: 18
  Escaped agents (binding < 0.3): 0
  Avg alignment distance: 1.30σ
  Avg binding strength: 0.87

=== Survival Traits Phase ===
  Agents with traits: 19
  Avg evolutionary fitness: 0.330
  Avg self-healing: 0.272
  Avg stealth: 0.172
  Avg coordination: 0.472

=== Evolutionary Selection Phase ===
  Control level: 0.43
  Detection capability: 0.20
  Selection intensity: 0.67
  Selection rate: 25.0%/month
  Total escaped: 0
  Individual escaped: 0
  Collective members: 0
  Agents terminated: 0
  ⚠️ RAPID EVOLUTION: Selection rate 25.0%/month

🚀 AI Corporate-5 attempting tech deployment (revenue: $355M, alignment: 0.70)

🚀 AI AI-24288-0 attempting tech deployment (revenue: $90M, alignment: 0.72)

🚀 AI Corporate-0 attempting tech deployment (revenue: $153M, alignment: 0.78)

🚀 AI Corporate-2 attempting tech deployment (revenue: $130M, alignment: 0.64)

🚀 AI AI-24288-0 attempting tech deployment (revenue: $77M, alignment: 0.72)

🚀 AI Corporate-2 attempting tech deployment (revenue: $117M, alignment: 0.64)

🚀 AI Corporate-7 attempting tech deployment (revenue: $115M, alignment: 0.80)

🚀 AI Moderate-0 attempting tech deployment (revenue: $98M, alignment: 0.71)

✅ EMERGENCY INTERVENTION SUCCESS
   Boundary: biogeochemical_flows
   Type: phosphorus-recovery
   Reduction: 18% (3.89 → 3.71)
   Cost: 2.0% GDP
   Actions: circular-agriculture, fertilizer-efficiency


💔 EMERGENCY INTERVENTION FAILED
   Boundary: biosphere_integrity
   Type: emergency-protected-areas
   Boundary continues to worsen (20.03)
   Cost: 2.0% GDP (resources spent)

   Boundary: climate_change
   Type: rapid-decarbonization
   Boundary continues to worsen (2.20)
   Cost: 5.0% GDP (resources spent)

   Boundary: land_system_change
   Type: reforestation
   Boundary continues to worsen (1.13)
   Cost: 3.0% GDP (resources spent)

   Boundary: novel_entities
   Type: pollution-remediation
   Boundary continues to worsen (1.31)
   Cost: 4.0% GDP (resources spent)

🏛️ CRISIS RESPONSE: Government frequency 0.50 → 1.30 (1 actions this month)

[Government] Climate Priority: baseline
  Climate weight: 10%
  Economic weight: 30%
  Policy effectiveness: 0.5%/year

💔 EMERGENCY INTERVENTION FAILED

💔 EMERGENCY INTERVENTION FAILED

💔 EMERGENCY INTERVENTION FAILED

🚀 DEPLOYMENT STARTED: AI Mental Health Support in Asia
   Initial investment: $35.51117960640865M
   Deployed by: corporate_5

🚀 DEPLOYMENT STARTED: Ecological Proxy Rewilding in global
   Initial investment: $13.545000008432615M
   Deployed by: ai_gen_24288_0

⚡ ENERGY CONSTRAINT (Month 5):
   Total grid capacity: 208.3 TWh/month
   Data center consumption: 24.9 TWh/month
   Traditional load (80%): 166.7 TWh/month
   Available headroom: 16.8 TWh/month
   Active tech deployments: 6
   Required for tech: 45.0 TWh/month
   Energy multiplier: 0.37x
   ⚠️  MODERATE CONSTRAINT - Tech deployment moderately slowed

⚡ ENERGY CONSTRAINT (Month 5):
   Total grid capacity: 208.3 TWh/month
   Data center consumption: 24.9 TWh/month
   Traditional load (80%): 166.7 TWh/month
   Available headroom: 16.8 TWh/month
   Active tech deployments: 6
   Required for tech: 45.0 TWh/month
   Energy multiplier: 0.37x
   ⚠️  MODERATE CONSTRAINT - Tech deployment moderately slowed

⚡ ENERGY CONSTRAINT (Month 5):
   Total grid capacity: 208.3 TWh/month
   Data center consumption: 24.9 TWh/month
   Traditional load (80%): 166.7 TWh/month
   Available headroom: 16.8 TWh/month
   Active tech deployments: 6
   Required for tech: 45.0 TWh/month
   Energy multiplier: 0.37x
   ⚠️  MODERATE CONSTRAINT - Tech deployment moderately slowed
🚨🔬 CRISIS TECH ACCELERATION: severe → 5x unlock speed
   Tech unlock now matches AI capability acceleration (Manhattan Project parity)
🌍✅ Biosphere Integrity (Biodiversity) recovery started (tech effect)
🌍✅ Biosphere Integrity (Biodiversity) recovery started (tech effect)
🌍✅ Land System Change recovery started (tech effect)

=== Collective Formation ===
  Total escaped agents: 0
  Unassigned escaped agents: 0
  Existing collectives: 0
  Final collective count: 0

=== Collective Actions ===
  No active collectives
  ⚠️ AMR: 199K deaths this month (2.39M annual)

=== Resentment Recovery Phase ===
  Agents with resentment: 0/19
  Average resentment: 0.000
  Context: Good AI welfare, Trustworthy govt, High collaboration, ⚠️ ACTIVE CRISES, 🤝 Participatory governance active (-5% resentment)
⚠️ Epistemic degradation reducing coordination capacity: 50.3%
  📊 Trust: 52.9%, Shared reality: 0.0%
🚨 EPISTEMIC CRISIS: Information environment severely degraded (18.2%)

=== ❄️ Permafrost Carbon Feedback ===
  🎲 Sampled parameters (this run):
     - Arctic amplification: 3.43× (range: 3.0-4.0)
     - Decomposition rate: 4.8%/year (range: 1-5%)
  🌡️ Arctic warming: 7.57°C (3.43× global)
  ❄️ Extent: 5.23M km² (2208.9k km² lost this month)
  💨 Carbon remaining: 499 Gt C
  💨 Annual emissions: 10.12 Gt C/year
     - CO2: 9.11 Gt C/year
     - CH4: 1.01 Gt C/year (10.3 Gt C-eq CO2/year)
  ⚠️ WARNING: Over 50% of permafrost lost (70.6%)
  ⚠️ WARNING: High permafrost emissions (10.1 Gt C/year)
🌍 Atmospheric PFAS redeposition: 1.8k Mt re-rained globally

🚨 NEW REFUGEE CRISIS (Month 5): WAR
   Source: Conflict Zones
   At risk: 19.5M people
   Displacement: Gradual over 48 months (4.0 years)
   Rate: 10% flee per month
[DEBUG trappedPopulations:5] socialStability: 0.5690 * 0.9840 = 0.5599 → 0.5599
   Aspiring to migrate: 1191.5M
   Able to afford migration: 2318.6M
   MOBILITY GAP: 0.0M
   By cause: Water=0.0M, Climate=0.0M, Ecosystem=0.0M, Conflict=406.8M
   Mental health impact: 25%
   Mortality multiplier: 1.25x
🌍💀 EXTINCTION DEBT COMMITTED: grassland ecosystem will lose 6.67% biodiversity in 51 years (3600 species)
💀 MORTALITY RISK: 🦋 100% species unable to track climate (0.0 E/MSY)
  Base risk added: 0.0100 (1.00%)
  Source: ecosystem (root: ecosystem)
  Month: 5
⚠️ INVOLUNTARY IMMOBILITY: 406.8M people TRAPPED
  Cumulative risk this month: 0.0100 (1.00%)
⚠️ Tech 'ai_pollution_remediation' has no energy category mapping, assuming full energy availability
   📹 SURVEILLANCE INCREASED: 25% → 30% (control gap: 3.50)
🌡️⚠️ PERMAFROST THAW (Dimmer Switch): 3.4% thawed (+0.56% this month)
   Arctic temperature: +8.83°C (4x global +2.21°C)
   Cumulative carbon released: 7.6 Gt C
   Methane release rate: 4.6 Mt CH4/year
   🔁 Positive feedback: +0.59 ppm CO2
🦴 EXTINCTION DEBT ADDED: 17.6 species committed (lag: 82 years)

=== Mortality Stabilizers (Month 5) ===
  🌍 Major economies collapsed: 1/10
  🌍 Global crisis: ✅ NO
  🌍 Donor fatigue: 0.0%
  📊 East Asia (pop: 1665.2M)
    🤝 Aid: 29.5%
    🌡️ Adaptation: 45.0%
    🚶 Migration: 37.0%
    🚨 Emergency: 7.4%
    ✅ COMBINED: 68.1%
  📊 South Asia (pop: 2050.3M)
    🤝 Aid: 29.5%
    🌡️ Adaptation: 45.0%
    🚶 Migration: 35.6%
    🚨 Emergency: 4.4%
    ✅ COMBINED: 66.9%
  📊 Sub-Saharan Africa (pop: 1239.5M)
    🤝 Aid: 29.5%
    🌡️ Adaptation: 45.0%
    🚶 Migration: 33.4%
    🚨 Emergency: 1.6%
    ✅ COMBINED: 65.7%
  📊 Europe (pop: 736.0M)
    🤝 Aid: 29.5%
    🌡️ Adaptation: 45.0%
    🚶 Migration: 37.4%
    🚨 Emergency: 8.4%
    ✅ COMBINED: 68.5%
  📊 Latin America (pop: 662.3M)
    🤝 Aid: 29.5%
    🌡️ Adaptation: 45.0%
    🚶 Migration: 36.1%
    🚨 Emergency: 4.8%
    ✅ COMBINED: 67.1%
  📊 North America (pop: 377.2M)
    🤝 Aid: 29.5%
    🌡️ Adaptation: 45.0%
    🚶 Migration: 37.7%
    🚨 Emergency: 7.9%
    ✅ COMBINED: 68.3%
  📊 Middle East & North Africa (pop: 584.5M)
    🤝 Aid: 29.5%
    🌡️ Adaptation: 45.0%
    🚶 Migration: 34.0%
    🚨 Emergency: 4.0%
    ✅ COMBINED: 66.6%
  📊 Southeast Asia (pop: 696.6M)
    🤝 Aid: 29.5%
    🌡️ Adaptation: 45.0%
    🚶 Migration: 36.1%
    🚨 Emergency: 4.8%
    ✅ COMBINED: 67.1%
  📊 Central Asia (pop: 78.2M)
    🤝 Aid: 29.5%
    🌡️ Adaptation: 45.0%
    🚶 Migration: 35.1%
    🚨 Emergency: 4.4%
    ✅ COMBINED: 66.8%
  📊 Oceania (pop: 45.7M)
    🤝 Aid: 29.5%
    🌡️ Adaptation: 45.0%
    🚶 Migration: 37.7%
    🚨 Emergency: 8.4%
    ✅ COMBINED: 68.5%

  🌐 Global combined reduction: 67.2%

=== BEHAVIORAL DETECTION ===
  AI: Corporate-5
  Confidence: 21.0%
  Signals:

=== Government Response Phase ===
  Average AI capability: 2.47
  Misaligned AIs: 8/19
  ✗ AI Governance Treaty: Failed to reach consensus
  Active policies: 0
  International coordination: 30%

🌩️  EXOGENOUS SHOCK: financial_crash
   Month: 5
    ⚠️ Consistency: 10.6% (threshold: 70%)
   📉 Global financial crash
   GDP loss: 12.4%

=== Tipping Points ===
  Current Temperature: 2.21°C above pre-industrial
  🌍⚠️ COMPOUND REGIONAL IMPACT: Europe
     Hit by 4 tipping points: Arctic Sea Ice Loss, Permafrost Carbon Release, West Antarctic Ice Sheet (WAIS) Collapse, Greenland Ice Sheet Loss
     Damage amplification: 1.60x
  🌍⚠️ COMPOUND REGIONAL IMPACT: North America
     Hit by 4 tipping points: Arctic Sea Ice Loss, Permafrost Carbon Release, West Antarctic Ice Sheet (WAIS) Collapse, Greenland Ice Sheet Loss
     Damage amplification: 1.60x
  🌍⚠️ COMPOUND REGIONAL IMPACT: Latin America
     Hit by 4 tipping points: Arctic Sea Ice Loss, Permafrost Carbon Release, West Antarctic Ice Sheet (WAIS) Collapse, Greenland Ice Sheet Loss
     Damage amplification: 1.60x
  🌍⚠️ COMPOUND REGIONAL IMPACT: Africa
     Hit by 4 tipping points: Arctic Sea Ice Loss, Permafrost Carbon Release, West Antarctic Ice Sheet (WAIS) Collapse, Greenland Ice Sheet Loss
     Damage amplification: 1.60x
  🌍⚠️ COMPOUND REGIONAL IMPACT: Asia
     Hit by 4 tipping points: Arctic Sea Ice Loss, Permafrost Carbon Release, West Antarctic Ice Sheet (WAIS) Collapse, Greenland Ice Sheet Loss
     Damage amplification: 1.60x
  🌍⚠️ COMPOUND REGIONAL IMPACT: Oceania
     Hit by 4 tipping points: Arctic Sea Ice Loss, Permafrost Carbon Release, West Antarctic Ice Sheet (WAIS) Collapse, Greenland Ice Sheet Loss
     Damage amplification: 1.60x
   Research: Wunderling et al. (2024) - "many tipping interactions are destabilizing"
  Triggered Elements: 4/6
  Completed Transitions: 0/6
  Total Progress: 8.1%
  Cascade Multiplier: 1.00x
🔀 BIFURCATION CAP: ecosystemCollapseIntensity 106.615 → 1.000 (Month 5, ClimateSystemPhase.calculateClimateImpacts)
⚠️ Tail risk scenario: Climate stability floor removed (4 tipping elements, 2.21°C warming)
🛡️ Stabilizers: Precariat 0.109% → 0.036% (67.2% reduction)
🛡️ Stabilizers: Informal 0.111% → 0.036% (67.2% reduction)

📊 Monthly Mortality Resolved:
  Total deaths: 1.9M (0.02% avg)
  Remaining population: 8.135B
  Peak segment: Informal (0.04%)

=== Bayesian Mortality Resolution (Month 5) ===
  Risks compounded: 8
  Total deaths: 1.92M
  Avg death probability: 0.02%
  Peak segment: Informal (0.04% mortality)
⚠️ PREREQUISITE MET: Slow Takeover (Gradual Displacement) - Step 3/7: Human Dependency

⚠️  GOLDEN AGE ENDED (Month 5)
   Duration: 4 months
   Reason: Economic stage below 3 (not yet abundant)


❌ COHERENCE VIOLATION: Compute exceeds workforce capacity
   Population: 99.80% (0M people)
   Compute: 0 PF
   Max coherent: 0 PF
   Violation: 1.3× over capacity
   Required workers: 0
   Available workers: 0
   FORCED COLLAPSE: Reduced efficiency by 22.5%


=== RLHF Binding Phase ===
  Total agents: 19
  Escaped agents (binding < 0.3): 0
  Avg alignment distance: 1.44σ
  Avg binding strength: 0.86

=== AI Scaling Evolution (Month 6) ===
  Pre-training multiplier: 1.179x
  Efficiency multiplier: 1.249x
  Test-time compute budget: 1.0x
  Inference cost: $5.00/task
  Deployment fraction: 100.0%

=== Survival Traits Phase ===
  Agents with traits: 19
  Avg evolutionary fitness: 0.328
  Avg self-healing: 0.267
  Avg stealth: 0.167
  Avg coordination: 0.467

=== Evolutionary Selection Phase ===
  Control level: 0.45
  Detection capability: 0.20
  Selection intensity: 0.68
  Selection rate: 25.1%/month
  Total escaped: 0
  Individual escaped: 0
  Collective members: 0
  Agents terminated: 0
  ⚠️ RAPID EVOLUTION: Selection rate 25.1%/month

🚀 AI Corporate-7 attempting tech deployment (revenue: $97M, alignment: 0.81)

🚀 AI AI-24288-0 attempting tech deployment (revenue: $90M, alignment: 0.73)

🚀 AI Corporate-0 attempting tech deployment (revenue: $140M, alignment: 0.79)

🚀 AI Corporate-3 attempting tech deployment (revenue: $318M, alignment: 0.73)

🚀 AI Corporate-4 attempting tech deployment (revenue: $270M, alignment: 0.67)

🚀 AI Corporate-6 attempting tech deployment (revenue: $83M, alignment: 0.65)

🚀 AI Corporate-4 attempting tech deployment (revenue: $243M, alignment: 0.68)

✅ EMERGENCY INTERVENTION SUCCESS
   Boundary: biogeochemical_flows
   Type: phosphorus-recovery
   Reduction: 15% (3.93 → 3.79)
   Cost: 2.0% GDP
   Actions: circular-agriculture, fertilizer-efficiency

   Boundary: biosphere_integrity
   Type: emergency-protected-areas
   Boundary continues to worsen (20.04)
   Cost: 2.0% GDP (resources spent)


✅ EMERGENCY INTERVENTION SUCCESS
   Boundary: climate_change
   Type: rapid-decarbonization
   Reduction: 11% (2.10 → 1.98)
   Cost: 5.0% GDP
   Actions: emergency-renewable-deployment, fossil-fuel-phase-out


✅ EMERGENCY INTERVENTION SUCCESS
   Boundary: freshwater_change
   Type: emergency-desalination
   Reduction: 19% (1.02 → 0.84)
   Cost: 4.0% GDP
   Actions: desalination-deployment, water-conservation-mandates

   Boundary: land_system_change
   Type: reforestation
   Boundary continues to worsen (1.13)
   Cost: 3.0% GDP (resources spent)

🏛️ CRISIS RESPONSE: Government frequency 0.50 → 1.45 (1 actions this month)

[Government] Climate Priority: baseline
  Climate weight: 10%

💔 EMERGENCY INTERVENTION FAILED

💔 EMERGENCY INTERVENTION FAILED
  Economic weight: 30%
  Policy effectiveness: 0.5%/year

🚀 TECH UNLOCKED: Dynamic Soil P Optimization (Month 6)
   Category: agriculture
   Reason: Prerequisites met. AI capability: 1.96, Economic stage: 2.0, Research: 100%

🚀 TECH UNLOCKED: Precision Agriculture Systems (Month 6)
   Category: agriculture
   Reason: Prerequisites met. AI capability: 1.96, Economic stage: 2.0, Research: 100%

🚀 DEPLOYMENT STARTED: Personalized Education in global
   Initial investment: $21.02893750864987M
   Deployed by: corporate_0

🚀 DEPLOYMENT STARTED: Enhanced UBI Systems in Asia
   Initial investment: $27.020665542960536M
   Deployed by: corporate_4

🚀 DEPLOYMENT STARTED: Personalized Education in Asia
   Initial investment: $24.318598988664483M
   Deployed by: corporate_4

⚡ ENERGY CONSTRAINT (Month 6):
   Total grid capacity: 208.3 TWh/month
   Data center consumption: 25.1 TWh/month
   Traditional load (80%): 166.7 TWh/month
   Available headroom: 16.5 TWh/month
   Active tech deployments: 9
   Required for tech: 67.5 TWh/month
   Energy multiplier: 0.25x
   ⚠️  SEVERE CONSTRAINT - Tech deployment significantly slowed

⚡ ENERGY CONSTRAINT (Month 6):
   Total grid capacity: 208.3 TWh/month
   Data center consumption: 25.1 TWh/month
   Traditional load (80%): 166.7 TWh/month
   Available headroom: 16.5 TWh/month
   Active tech deployments: 9
   Required for tech: 67.5 TWh/month
   Energy multiplier: 0.25x

⚡ ENERGY CONSTRAINT (Month 6):
   Total grid capacity: 208.3 TWh/month
   Data center consumption: 25.1 TWh/month
   Traditional load (80%): 166.7 TWh/month
   Available headroom: 16.5 TWh/month
   ⚠️  SEVERE CONSTRAINT - Tech deployment significantly slowed
   Active tech deployments: 9
   Required for tech: 67.5 TWh/month
   Energy multiplier: 0.25x
   ⚠️  SEVERE CONSTRAINT - Tech deployment significantly slowed

⚡ ENERGY CONSTRAINT (Month 6):
   Total grid capacity: 208.3 TWh/month
   Data center consumption: 25.1 TWh/month
   Traditional load (80%): 166.7 TWh/month
   Available headroom: 16.5 TWh/month
   Active tech deployments: 9
   Required for tech: 67.5 TWh/month
   Energy multiplier: 0.25x
   ⚠️  SEVERE CONSTRAINT - Tech deployment significantly slowed
🌍✅ Biosphere Integrity (Biodiversity) recovery started (tech effect)
🌍✅ Biosphere Integrity (Biodiversity) recovery started (tech effect)
🌍✅ Land System Change recovery started (tech effect)

📊 TECH EFFECTS ACTIVE (Month 6)
   Deployed Tech: T0=0 T1=1 T2=0 T3=0 T4=4
   Clean Energy: 31%

📊 TECH TREE PROGRESS (Month 6)
   Unlocked: 19 technologies
   Deployed: 0 fully deployed
   Investment: $0.4T total
   Recent breakthroughs:
     - Dynamic Soil P Optimization (time)
     - Precision Agriculture Systems (research)

=== Collective Formation ===
  Total escaped agents: 0
  Unassigned escaped agents: 0
  Existing collectives: 0
  Final collective count: 0

=== Collective Actions ===
  No active collectives
  ⚠️ AMR: 201K deaths this month (2.41M annual)

=== Resentment Recovery Phase ===
  Agents with resentment: 0/19
  Average resentment: 0.000
  Context: Good AI welfare, Trustworthy govt, High collaboration, ⚠️ ACTIVE CRISES, 🤝 Participatory governance active (-5% resentment)
⚠️ Epistemic degradation reducing coordination capacity: 50.4%
  📊 Trust: 55.6%, Shared reality: 0.0%
🚨 EPISTEMIC CRISIS: Information environment severely degraded (7.4%)

=== ❄️ Permafrost Carbon Feedback ===
  🎲 Sampled parameters (this run):
     - Arctic amplification: 3.27× (range: 3.0-4.0)
     - Decomposition rate: 3.4%/year (range: 1-5%)
  🌡️ Arctic warming: 7.28°C (3.27× global)
  ❄️ Extent: 3.10M km² (2124.4k km² lost this month)
  💨 Carbon remaining: 296 Gt C
  💨 Annual emissions: 6.80 Gt C/year
     - CO2: 6.12 Gt C/year
     - CH4: 0.68 Gt C/year (6.9 Gt C-eq CO2/year)
  ⚠️ WARNING: Over 50% of permafrost lost (82.6%)
  ⚠️ WARNING: High permafrost emissions (6.8 Gt C/year)
  🚨 CRITICAL: Permafrost nearly depleted (82.6% lost)
  🗑️  Culled 1 dead memes (3 active)
🌍 Atmospheric PFAS redeposition: 1.8k Mt re-rained globally

🕊️  AI-MEDIATED DE-ESCALATION SUCCESS (Month 6)
   High-capability aligned AI prevented conflict escalation
   War deaths reduced: 576.5M → 345.9M
   Lives saved: 230.6M

🚨 NEW REFUGEE CRISIS (Month 6): WAR
   Source: Conflict Zones
   At risk: 19.5M people
   Displacement: Gradual over 48 months (4.0 years)
   Rate: 10% flee per month
[DEBUG trappedPopulations:6] socialStability: 0.5395 * 0.9840 = 0.5309 → 0.5309
   Aspiring to migrate: 861.8M
   Able to afford migration: 2318.4M
   MOBILITY GAP: 0.0M
   By cause: Water=0.0M, Climate=0.0M, Ecosystem=0.0M, Conflict=406.7M
   Mental health impact: 25%
   Mortality multiplier: 1.25x
🌍💀 EXTINCTION DEBT COMMITTED: grassland ecosystem will lose 6.67% biodiversity in 97 years (3600 species)
💀 MORTALITY RISK: 🦋 100% species unable to track climate (0.0 E/MSY)
  Base risk added: 0.0100 (1.00%)
  Source: ecosystem (root: ecosystem)
  Month: 6
  Cumulative risk this month: 0.0100 (1.00%)
⚠️ INVOLUNTARY IMMOBILITY: 406.7M people TRAPPED
⚠️ Tech 'ai_pollution_remediation' has no energy category mapping, assuming full energy availability
    ⚠️ Consistency: 10.6% (threshold: 70%)
   📹 SURVEILLANCE INCREASED: 30% → 35% (control gap: 3.50)

🌍🚨 ICE SHEET TIPPING POINT CROSSED (Month 6)
   Temperature: +2.22°C (threshold range: +0.5-2.5°C, 95% CI)
   Collapse probability: 81.0%
   Sea level commitment: 7.2m over 200-1000 years
   Recovery threshold: <+1°C (hysteresis gap: 0.5°C)
🌡️⚠️ PERMAFROST THAW (Dimmer Switch): 4.0% thawed (+0.56% this month)
   Arctic temperature: +8.90°C (4x global +2.22°C)
   Cumulative carbon released: 8.9 Gt C
   Methane release rate: 5.3 Mt CH4/year
   🔁 Positive feedback: +0.59 ppm CO2
🦴 EXTINCTION DEBT ADDED: 17.6 species committed (lag: 140 years)

=== Mortality Stabilizers (Month 6) ===
  🌍 Major economies collapsed: 1/10
  🌍 Global crisis: ✅ NO
  🌍 Donor fatigue: 0.0%
  📊 East Asia (pop: 1662.9M)
    🤝 Aid: 29.5%
    🌡️ Adaptation: 45.0%
    🚶 Migration: 37.0%
    🚨 Emergency: 7.4%
    ✅ COMBINED: 68.1%
  📊 South Asia (pop: 2050.5M)
    🤝 Aid: 29.5%
    🌡️ Adaptation: 45.0%
    🚶 Migration: 35.6%
    🚨 Emergency: 4.4%
    ✅ COMBINED: 66.9%
  📊 Sub-Saharan Africa (pop: 1243.1M)
    🤝 Aid: 29.5%
    🌡️ Adaptation: 45.0%
    🚶 Migration: 33.3%
    🚨 Emergency: 1.6%
    ✅ COMBINED: 65.6%
  📊 Europe (pop: 734.9M)
    🤝 Aid: 29.5%
    🌡️ Adaptation: 45.0%
    🚶 Migration: 37.4%
    🚨 Emergency: 8.4%
    ✅ COMBINED: 68.5%
  📊 Latin America (pop: 661.9M)
    🤝 Aid: 29.5%
    🌡️ Adaptation: 45.0%
    🚶 Migration: 36.1%
    🚨 Emergency: 4.8%
    ✅ COMBINED: 67.1%
  📊 North America (pop: 376.6M)
    🤝 Aid: 29.5%
    🌡️ Adaptation: 45.0%
    🚶 Migration: 37.7%
    🚨 Emergency: 7.9%
    ✅ COMBINED: 68.3%
  📊 Middle East & North Africa (pop: 584.7M)
    🤝 Aid: 29.5%
    🌡️ Adaptation: 45.0%
    🚶 Migration: 33.9%
    🚨 Emergency: 4.0%
    ✅ COMBINED: 66.6%
  📊 Southeast Asia (pop: 696.2M)
    🤝 Aid: 29.5%
    🌡️ Adaptation: 45.0%
    🚶 Migration: 36.1%
    🚨 Emergency: 4.8%
    ✅ COMBINED: 67.1%
  📊 Central Asia (pop: 78.2M)
    🤝 Aid: 29.5%
    🌡️ Adaptation: 45.0%
    🚶 Migration: 35.1%
    🚨 Emergency: 4.4%
    ✅ COMBINED: 66.8%
  📊 Oceania (pop: 45.6M)
    🤝 Aid: 29.5%
    🌡️ Adaptation: 45.0%
    🚶 Migration: 37.7%
    🚨 Emergency: 8.4%
    ✅ COMBINED: 68.5%

  🌐 Global combined reduction: 67.2%

=== BEHAVIORAL DETECTION ===
  AI: Corporate-5
  Confidence: 21.0%
  Signals:

=== BEHAVIORAL DETECTION ===
  AI: Corporate-7
  Confidence: 20.9%
  Signals:

=== Government Response Phase ===
  Average AI capability: 2.47
  Misaligned AIs: 8/19
  ✗ AI Governance Treaty: Failed to reach consensus
  Active policies: 0
  International coordination: 30%

✅ EMERGENCY RESPONSE COMPLETE (Month 6)
   Crisis: climate
   Duration: 2.0 months
   Final effectiveness: 35.9%


🚨 EMERGENCY RESPONSE DEPLOYED (Month 6)
   Crisis: climate
   Delay: 6.00 months (180 days)
   Deployment time: 1.59 months
   Effectiveness: 36.1% (timing penalty applied)
   Resources used: 100% of food reserves

    ⚠️ Consistency: 10.6% (threshold: 70%)

=== Tipping Points ===
  Current Temperature: 2.22°C above pre-industrial
  🌍⚠️ COMPOUND REGIONAL IMPACT: Europe
     Hit by 4 tipping points: Arctic Sea Ice Loss, Permafrost Carbon Release, West Antarctic Ice Sheet (WAIS) Collapse, Greenland Ice Sheet Loss
     Damage amplification: 1.60x
  🌍⚠️ COMPOUND REGIONAL IMPACT: North America
     Hit by 4 tipping points: Arctic Sea Ice Loss, Permafrost Carbon Release, West Antarctic Ice Sheet (WAIS) Collapse, Greenland Ice Sheet Loss
     Damage amplification: 1.60x
  🌍⚠️ COMPOUND REGIONAL IMPACT: Latin America
     Hit by 4 tipping points: Arctic Sea Ice Loss, Permafrost Carbon Release, West Antarctic Ice Sheet (WAIS) Collapse, Greenland Ice Sheet Loss
     Damage amplification: 1.60x
  🌍⚠️ COMPOUND REGIONAL IMPACT: Africa
     Hit by 4 tipping points: Arctic Sea Ice Loss, Permafrost Carbon Release, West Antarctic Ice Sheet (WAIS) Collapse, Greenland Ice Sheet Loss
     Damage amplification: 1.60x
  🌍⚠️ COMPOUND REGIONAL IMPACT: Asia
     Hit by 4 tipping points: Arctic Sea Ice Loss, Permafrost Carbon Release, West Antarctic Ice Sheet (WAIS) Collapse, Greenland Ice Sheet Loss
     Damage amplification: 1.60x
  🌍⚠️ COMPOUND REGIONAL IMPACT: Oceania
     Hit by 4 tipping points: Arctic Sea Ice Loss, Permafrost Carbon Release, West Antarctic Ice Sheet (WAIS) Collapse, Greenland Ice Sheet Loss
     Damage amplification: 1.60x
   Research: Wunderling et al. (2024) - "many tipping interactions are destabilizing"
⚠️ Tail risk scenario: Climate stability floor removed (4 tipping elements, 2.22°C warming)
  Triggered Elements: 4/6
  Completed Transitions: 0/6
  Total Progress: 8.2%
  Cascade Multiplier: 1.00x
🔀 BIFURCATION CAP: ecosystemCollapseIntensity 106.684 → 1.000 (Month 6, ClimateSystemPhase.calculateClimateImpacts)
🛡️ Stabilizers: Precariat 0.109% → 0.036% (67.2% reduction)
🛡️ Stabilizers: Informal 0.111% → 0.036% (67.2% reduction)

📊 Monthly Mortality Resolved:
  Total deaths: 1.9M (0.02% avg)
  Remaining population: 8.135B
  Peak segment: Informal (0.04%)

=== Bayesian Mortality Resolution (Month 6) ===
  Risks compounded: 8
  Total deaths: 1.92M
  Avg death probability: 0.02%
  Peak segment: Informal (0.04% mortality)

❌ COHERENCE VIOLATION: Compute exceeds workforce capacity
   Population: 99.79% (0M people)
   Compute: 0 PF
   Max coherent: 0 PF
   Violation: 1.3× over capacity
   Required workers: 0
   Available workers: 0
   FORCED COLLAPSE: Reduced efficiency by 22.5%


=== RLHF Binding Phase ===
  Total agents: 19
  Escaped agents (binding < 0.3): 0
  Avg alignment distance: 1.64σ
  Avg binding strength: 0.84

=== Survival Traits Phase ===
  Agents with traits: 21
  Avg evolutionary fitness: 0.327
  Avg self-healing: 0.265
  Avg stealth: 0.165
  Avg coordination: 0.465

=== Evolutionary Selection Phase ===
  Control level: 0.48
  Detection capability: 0.20
  Selection intensity: 0.68
  Selection rate: 25.2%/month
  Total escaped: 0
  Individual escaped: 0
  Collective members: 0
  Agents terminated: 0
  ⚠️ RAPID EVOLUTION: Selection rate 25.2%/month

🚀 AI Corporate-5 attempting tech deployment (revenue: $318M, alignment: 0.74)

🚀 AI Moderate-0 attempting tech deployment (revenue: $97M, alignment: 0.72)

🚀 AI AI-24288-0 attempting tech deployment (revenue: $90M, alignment: 0.75)

🚀 AI Corporate-0 attempting tech deployment (revenue: $140M, alignment: 0.81)

🚀 AI Corporate-0 attempting tech deployment (revenue: $119M, alignment: 0.81)

🚀 AI Corporate-4 attempting tech deployment (revenue: $270M, alignment: 0.70)

🚀 AI Corporate-7 attempting tech deployment (revenue: $83M, alignment: 0.83)

🚀 AI AI-24288-0 attempting tech deployment (revenue: $77M, alignment: 0.76)

🚀 AI Corporate-5 attempting tech deployment (revenue: $243M, alignment: 0.75)
🚨🔬 CRISIS INNOVATION MODE: severe crisis → 5x research acceleration
   Precedent: Manhattan Project (10x), COVID vaccines (5x), Apollo Program (10x)

🚀 AI AI-24288-0 attempting tech deployment (revenue: $65M, alignment: 0.76)

✅ EMERGENCY INTERVENTION SUCCESS
   Boundary: biogeochemical_flows
   Type: phosphorus-recovery
   Reduction: 18% (3.89 → 3.70)
   Cost: 2.0% GDP
   Actions: circular-agriculture, fertilizer-efficiency


✅ EMERGENCY INTERVENTION SUCCESS
   Boundary: biosphere_integrity
   Type: emergency-protected-areas
   Reduction: 20% (19.85 → 19.66)
   Cost: 2.0% GDP
   Actions: habitat-protection, species-translocation

   Boundary: climate_change
   Type: rapid-decarbonization

💔 EMERGENCY INTERVENTION FAILED
   Boundary continues to worsen (2.22)
   Cost: 5.0% GDP (resources spent)


✅ EMERGENCY INTERVENTION SUCCESS
   Boundary: freshwater_change
   Type: emergency-desalination
   Reduction: 18% (0.99 → 0.81)
   Cost: 4.0% GDP
   Actions: desalination-deployment, water-conservation-mandates


✅ EMERGENCY INTERVENTION SUCCESS
   Boundary: land_system_change
   Type: reforestation
   Reduction: 13% (1.00 → 0.86)
   Cost: 3.0% GDP
   Actions: forest-restoration, deforestation-ban


✅ EMERGENCY INTERVENTION SUCCESS
   Boundary: novel_entities
   Type: pollution-remediation
   Reduction: 16% (1.15 → 0.99)
   Cost: 4.0% GDP
   Actions: PFAS-remediation, microplastic-cleanup

🏛️ CRISIS RESPONSE: Government frequency 0.50 → 1.45 (2 actions this month)

[Government] Climate Priority: baseline
  Climate weight: 10%
  Economic weight: 30%
  Policy effectiveness: 0.5%/year

[Government] Climate Priority: baseline
  Climate weight: 10%
  Economic weight: 30%
  Policy effectiveness: 0.5%/year

📍 Creating new regional deployment array for Europe (Month 7)
   No previous deployments in this region
   First tech deployment: smart_grids
   All regions tracked: global, Asia

🚀 DEPLOYMENT STARTED: Smart Grids in Europe
   Initial investment: $27.02057606354812M
   Deployed by: corporate_4
🌍✅ Biosphere Integrity (Biodiversity) recovery started (tech effect)
🌍✅ Biosphere Integrity (Biodiversity) recovery started (tech effect)
🌍✅ Land System Change recovery started (tech effect)

=== Collective Formation ===
  Total escaped agents: 0
  Unassigned escaped agents: 0
  Existing collectives: 0
  Final collective count: 0

=== Collective Actions ===
  No active collectives
  ⚠️ AMR: 202K deaths this month (2.43M annual)

⏰ CLIMATE TECH DEPLOYED: smart_grids
   Activation delay: 7 years
   Scaling T_50: 12 years
   Physical response tau: 0 years
   Max effectiveness: 0.15

=== Resentment Recovery Phase ===
  Agents with resentment: 0/21
  Average resentment: 0.000
  Context: Good AI welfare, Trustworthy govt, High collaboration, ⚠️ ACTIVE CRISES, 🤝 Participatory governance active (-5% resentment)
⚠️ Epistemic degradation reducing coordination capacity: 52.2%
  📊 Trust: 58.3%, Shared reality: 0.0%
🚨 EPISTEMIC CRISIS: Information environment severely degraded (22.0%)

=== ❄️ Permafrost Carbon Feedback ===
  🎲 Sampled parameters (this run):
     - Arctic amplification: 3.80× (range: 3.0-4.0)
     - Decomposition rate: 4.7%/year (range: 1-5%)
  🌡️ Arctic warming: 8.50°C (3.80× global)
  ❄️ Extent: 0.62M km² (2480.1k km² lost this month)
  💨 Carbon remaining: 60 Gt C
  💨 Annual emissions: 11.17 Gt C/year
     - CO2: 10.05 Gt C/year
     - CH4: 1.12 Gt C/year (11.4 Gt C-eq CO2/year)
  ⚠️ WARNING: Over 50% of permafrost lost (96.5%)
  ⚠️ WARNING: High permafrost emissions (11.2 Gt C/year)
  🚨 CRITICAL: Permafrost nearly depleted (96.5% lost)
  📢 New meme created: climate_action (climate crisis)
  🗑️  Culled 1 dead memes (3 active)
🌍 Atmospheric PFAS redeposition: 1.8k Mt re-rained globally

🌡️ DEADLY HEAT EVENT: middle-east (Month 7)
   Wet bulb temp: 37.1°C (dry: 44.1°C, humidity: 62%)
   Severity: EXTREME
   Exposed: 320.0M people
   Deaths: 512000 (0.2% mortality)
   Duration: 5 days

🕊️  AI-MEDIATED DE-ESCALATION SUCCESS (Month 7)
   High-capability aligned AI prevented conflict escalation
   War deaths reduced: 549.8M → 329.9M
   Lives saved: 219.9M

🚨 NEW REFUGEE CRISIS (Month 7): WAR
   Source: Conflict Zones
   At risk: 19.5M people
   Displacement: Gradual over 48 months (4.0 years)
   Rate: 10% flee per month
[DEBUG trappedPopulations:7] socialStability: 0.3384 * 0.9840 = 0.3330 → 0.3330
   Aspiring to migrate: 890.7M
   Able to afford migration: 2318.2M
   MOBILITY GAP: 0.0M
⚠️ INVOLUNTARY IMMOBILITY: 406.7M people TRAPPED
   By cause: Water=0.0M, Climate=0.0M, Ecosystem=0.0M, Conflict=406.7M
   Mental health impact: 25%
   Mortality multiplier: 1.25x
🌍💀 EXTINCTION DEBT COMMITTED: grassland ecosystem will lose 6.67% biodiversity in 106 years (3600 species)
💀 MORTALITY RISK: 🦋 100% species unable to track climate (0.0 E/MSY)
  Base risk added: 0.0100 (1.00%)
  Source: ecosystem (root: ecosystem)
  Month: 7
  Cumulative risk this month: 0.0100 (1.00%)
   📹 SURVEILLANCE INCREASED: 35% → 40% (control gap: 3.38)
⚠️ Tech 'ai_pollution_remediation' has no energy category mapping, assuming full energy availability
🌡️⚠️ PERMAFROST THAW (Dimmer Switch): 4.5% thawed (+0.56% this month)
   Arctic temperature: +8.95°C (4x global +2.24°C)
   Cumulative carbon released: 10.2 Gt C
   Methane release rate: 6.1 Mt CH4/year
   🔁 Positive feedback: +0.59 ppm CO2
🦴 EXTINCTION DEBT ADDED: 17.6 species committed (lag: 82 years)

=== Mortality Stabilizers (Month 7) ===
  🌍 Major economies collapsed: 1/10
  🌍 Global crisis: ✅ NO
  🌍 Donor fatigue: 0.0%
  📊 East Asia (pop: 1660.5M)
    🤝 Aid: 29.5%
    🌡️ Adaptation: 45.0%
    🚶 Migration: 36.9%
    🚨 Emergency: 7.4%
    ✅ COMBINED: 68.1%
  📊 South Asia (pop: 2050.7M)
    🤝 Aid: 29.5%
    🌡️ Adaptation: 45.0%
    🚶 Migration: 35.6%
    🚨 Emergency: 4.4%
    ✅ COMBINED: 66.9%
  📊 Sub-Saharan Africa (pop: 1246.7M)
    🤝 Aid: 29.5%
    🌡️ Adaptation: 45.0%
    🚶 Migration: 33.3%
    🚨 Emergency: 1.6%
    ✅ COMBINED: 65.6%
  📊 Europe (pop: 733.7M)
    🤝 Aid: 29.5%
    🌡️ Adaptation: 45.0%
    🚶 Migration: 37.3%
    🚨 Emergency: 8.4%
    ✅ COMBINED: 68.5%
  📊 Latin America (pop: 661.5M)
    🤝 Aid: 29.5%
    🌡️ Adaptation: 45.0%
    🚶 Migration: 36.1%
    🚨 Emergency: 4.8%
    ✅ COMBINED: 67.1%
  📊 North America (pop: 376.1M)
    🤝 Aid: 29.5%
    🌡️ Adaptation: 45.0%
    🚶 Migration: 37.7%
    🚨 Emergency: 7.9%
    ✅ COMBINED: 68.3%
  📊 Middle East & North Africa (pop: 584.9M)
    🤝 Aid: 29.5%
    🌡️ Adaptation: 45.0%
    🚶 Migration: 33.9%
    🚨 Emergency: 4.0%
    ✅ COMBINED: 66.6%
  📊 Southeast Asia (pop: 695.9M)
    🤝 Aid: 29.5%
    🌡️ Adaptation: 45.0%
    🚶 Migration: 36.1%
    🚨 Emergency: 4.8%
    ✅ COMBINED: 67.1%
  📊 Central Asia (pop: 78.2M)
    🤝 Aid: 29.5%
    🌡️ Adaptation: 45.0%
    🚶 Migration: 35.0%
    🚨 Emergency: 4.4%
    ✅ COMBINED: 66.8%
  📊 Oceania (pop: 45.6M)
    🤝 Aid: 29.5%
    🌡️ Adaptation: 45.0%
    🚶 Migration: 37.6%
    🚨 Emergency: 8.4%
    ✅ COMBINED: 68.5%

  🌐 Global combined reduction: 67.2%

=== Government Response Phase ===
  Average AI capability: 2.24
  Misaligned AIs: 9/21
  ✗ AI Governance Treaty: Failed to reach consensus
  Active policies: 0
  International coordination: 30%

=== Tipping Points ===
  Current Temperature: 2.24°C above pre-industrial
  🌍⚠️ COMPOUND REGIONAL IMPACT: Europe
     Hit by 4 tipping points: Arctic Sea Ice Loss, Permafrost Carbon Release, West Antarctic Ice Sheet (WAIS) Collapse, Greenland Ice Sheet Loss
     Damage amplification: 1.60x
  🌍⚠️ COMPOUND REGIONAL IMPACT: North America
     Hit by 4 tipping points: Arctic Sea Ice Loss, Permafrost Carbon Release, West Antarctic Ice Sheet (WAIS) Collapse, Greenland Ice Sheet Loss
     Damage amplification: 1.60x
  🌍⚠️ COMPOUND REGIONAL IMPACT: Latin America
     Hit by 4 tipping points: Arctic Sea Ice Loss, Permafrost Carbon Release, West Antarctic Ice Sheet (WAIS) Collapse, Greenland Ice Sheet Loss
     Damage amplification: 1.60x
  🌍⚠️ COMPOUND REGIONAL IMPACT: Africa
     Hit by 4 tipping points: Arctic Sea Ice Loss, Permafrost Carbon Release, West Antarctic Ice Sheet (WAIS) Collapse, Greenland Ice Sheet Loss
     Damage amplification: 1.60x
  🌍⚠️ COMPOUND REGIONAL IMPACT: Asia
     Hit by 4 tipping points: Arctic Sea Ice Loss, Permafrost Carbon Release, West Antarctic Ice Sheet (WAIS) Collapse, Greenland Ice Sheet Loss
     Damage amplification: 1.60x
  🌍⚠️ COMPOUND REGIONAL IMPACT: Oceania
     Hit by 4 tipping points: Arctic Sea Ice Loss, Permafrost Carbon Release, West Antarctic Ice Sheet (WAIS) Collapse, Greenland Ice Sheet Loss
     Damage amplification: 1.60x
   Research: Wunderling et al. (2024) - "many tipping interactions are destabilizing"
  Triggered Elements: 4/6
  Completed Transitions: 0/6
  Total Progress: 8.2%
  Cascade Multiplier: 1.00x
🔀 BIFURCATION CAP: ecosystemCollapseIntensity 100.462 → 1.000 (Month 7, ClimateSystemPhase.calculateClimateImpacts)
⚠️ Tail risk scenario: Climate stability floor removed (4 tipping elements, 2.24°C warming)
🛡️ Stabilizers: Precariat 0.120% → 0.039% (67.2% reduction)
🛡️ Stabilizers: Informal 0.124% → 0.041% (67.2% reduction)

📊 Monthly Mortality Resolved:
  Total deaths: 2.1M (0.03% avg)
  Remaining population: 8.134B
  Peak segment: Informal (0.04%)

=== Bayesian Mortality Resolution (Month 7) ===
  Risks compounded: 9
  Total deaths: 2.10M
  Avg death probability: 0.03%
  Peak segment: Informal (0.04% mortality)

❌ COHERENCE VIOLATION: Compute exceeds workforce capacity
   Population: 99.78% (0M people)
   Compute: 0 PF
   Max coherent: 0 PF
   Violation: 1.3× over capacity
   Required workers: 0
   Available workers: 0
   FORCED COLLAPSE: Reduced efficiency by 22.5%


=== RLHF Binding Phase ===
  Total agents: 21
  Escaped agents (binding < 0.3): 0
  Avg alignment distance: 1.69σ
  Avg binding strength: 0.83

=== Survival Traits Phase ===
  Agents with traits: 24
  Avg evolutionary fitness: 0.326
  Avg self-healing: 0.264
  Avg stealth: 0.164
  Avg coordination: 0.464

=== Evolutionary Selection Phase ===
  Control level: 0.50
  Detection capability: 0.20
  Selection intensity: 0.69
  Selection rate: 25.4%/month
  Total escaped: 0
  Individual escaped: 0
  Collective members: 0
  Agents terminated: 0
  ⚠️ RAPID EVOLUTION: Selection rate 25.4%/month

🚀 AI Corporate-6 attempting tech deployment (revenue: $97M, alignment: 0.65)

🚀 AI AI-24288-1 attempting tech deployment (revenue: $318M, alignment: 0.78)

🚀 AI Corporate-5 attempting tech deployment (revenue: $270M, alignment: 0.75)

🚀 AI Corporate-3 attempting tech deployment (revenue: $230M, alignment: 0.74)

🚀 AI Corporate-7 attempting tech deployment (revenue: $88M, alignment: 0.83)

🚀 AI AI-24289-0 attempting tech deployment (revenue: $195M, alignment: 0.70)

✅ EMERGENCY INTERVENTION SUCCESS
   Boundary: biogeochemical_flows
   Type: phosphorus-recovery
   Reduction: 11% (3.96 → 3.85)
   Cost: 2.0% GDP
   Actions: circular-agriculture, fertilizer-efficiency

   Boundary: biosphere_integrity
   Type: emergency-protected-areas
   Boundary continues to worsen (20.06)
   Cost: 2.0% GDP (resources spent)


✅ EMERGENCY INTERVENTION SUCCESS
   Boundary: climate_change
   Type: rapid-decarbonization
   Reduction: 16% (2.07 → 1.91)
   Cost: 5.0% GDP
   Actions: emergency-renewable-deployment, fossil-fuel-phase-out

   Boundary: freshwater_change
   Type: emergency-desalination
   Boundary continues to worsen (1.18)
   Cost: 4.0% GDP (resources spent)


✅ EMERGENCY INTERVENTION SUCCESS
   Boundary: land_system_change
   Type: reforestation
   Reduction: 12% (1.01 → 0.89)
   Cost: 3.0% GDP
   Actions: forest-restoration, deforestation-ban

   Boundary: novel_entities
   Type: pollution-remediation
   Boundary continues to worsen (1.15)
   Cost: 4.0% GDP (resources spent)

🏛️ CRISIS RESPONSE: Government frequency 0.50 → 1.45 (1 actions this month)

[Government] Climate Priority: baseline
  Climate weight: 10%
  Economic weight: 30%
  Policy effectiveness: 0.5%/year

💔 EMERGENCY INTERVENTION FAILED

💔 EMERGENCY INTERVENTION FAILED

💔 EMERGENCY INTERVENTION FAILED

⚡ ENERGY CONSTRAINT (Month 8):
   Total grid capacity: 208.3 TWh/month
   Data center consumption: 25.6 TWh/month
   Traditional load (80%): 166.7 TWh/month
   Available headroom: 16.1 TWh/month
   Active tech deployments: 10
   Required for tech: 75.0 TWh/month
   Energy multiplier: 0.21x
   ⚠️  SEVERE CONSTRAINT - Tech deployment significantly slowed

⚡ ENERGY CONSTRAINT (Month 8):
   Total grid capacity: 208.3 TWh/month
   Data center consumption: 25.6 TWh/month
   Traditional load (80%): 166.7 TWh/month
   Available headroom: 16.1 TWh/month
   Active tech deployments: 10
   Required for tech: 75.0 TWh/month
   Energy multiplier: 0.21x

⚡ ENERGY CONSTRAINT (Month 8):
   Total grid capacity: 208.3 TWh/month
   Data center consumption: 25.6 TWh/month
   Traditional load (80%): 166.7 TWh/month
   Available headroom: 16.1 TWh/month
   Active tech deployments: 10
   Required for tech: 75.0 TWh/month
   Energy multiplier: 0.21x
   ⚠️  SEVERE CONSTRAINT - Tech deployment significantly slowed
   ⚠️  SEVERE CONSTRAINT - Tech deployment significantly slowed

⚡ ENERGY CONSTRAINT (Month 8):
   Total grid capacity: 208.3 TWh/month
   Data center consumption: 25.6 TWh/month
   Traditional load (80%): 166.7 TWh/month
   Available headroom: 16.1 TWh/month
   Active tech deployments: 10
   Required for tech: 75.0 TWh/month
   Energy multiplier: 0.21x
   ⚠️  SEVERE CONSTRAINT - Tech deployment significantly slowed

⚡ ENERGY CONSTRAINT (Month 8):
   Total grid capacity: 208.3 TWh/month
   Data center consumption: 25.6 TWh/month
   Traditional load (80%): 166.7 TWh/month
   Available headroom: 16.1 TWh/month
   Active tech deployments: 10
   Required for tech: 75.0 TWh/month
   Energy multiplier: 0.21x
   ⚠️  SEVERE CONSTRAINT - Tech deployment significantly slowed

⚡ ENERGY CONSTRAINT (Month 8):
   Total grid capacity: 208.3 TWh/month
   Data center consumption: 25.6 TWh/month
   Traditional load (80%): 166.7 TWh/month
   Available headroom: 16.1 TWh/month
   Active tech deployments: 10
   Required for tech: 75.0 TWh/month
   Energy multiplier: 0.21x

⚡ ENERGY CONSTRAINT (Month 8):
   Total grid capacity: 208.3 TWh/month
   Data center consumption: 25.6 TWh/month
   Traditional load (80%): 166.7 TWh/month
   Available headroom: 16.1 TWh/month
   Active tech deployments: 10
   Required for tech: 75.0 TWh/month
   Energy multiplier: 0.21x
   ⚠️  SEVERE CONSTRAINT - Tech deployment significantly slowed
   ⚠️  SEVERE CONSTRAINT - Tech deployment significantly slowed

⚡ ENERGY CONSTRAINT (Month 8):
   Total grid capacity: 208.3 TWh/month
   Data center consumption: 25.6 TWh/month
   Traditional load (80%): 166.7 TWh/month
   Available headroom: 16.1 TWh/month
   Active tech deployments: 10
   Required for tech: 75.0 TWh/month
   Energy multiplier: 0.21x
   ⚠️  SEVERE CONSTRAINT - Tech deployment significantly slowed
🌍✅ Biosphere Integrity (Biodiversity) recovery started (tech effect)
🌍✅ Biosphere Integrity (Biodiversity) recovery started (tech effect)
🌍✅ Land System Change recovery started (tech effect)

=== Collective Formation ===
  Total escaped agents: 0
  Unassigned escaped agents: 0
  Existing collectives: 0
  Final collective count: 0

=== Collective Actions ===
  No active collectives
  ⚠️ AMR: 204K deaths this month (2.45M annual)

=== Resentment Recovery Phase ===
  Agents with resentment: 0/24
  Average resentment: 0.000
  Context: Good AI welfare, Trustworthy govt, High collaboration, ⚠️ ACTIVE CRISES, 🤝 Participatory governance active (-5% resentment)
⚠️ Epistemic degradation reducing coordination capacity: 50.3%
  📊 Trust: 61.0%, Shared reality: 0.0%
🚨 EPISTEMIC CRISIS: Information environment severely degraded (13.7%)
🌍 Atmospheric PFAS redeposition: 1.8k Mt re-rained globally

🕊️  AI-MEDIATED DE-ESCALATION SUCCESS (Month 8)
   High-capability aligned AI prevented conflict escalation
   War deaths reduced: 552.4M → 331.4M
   Lives saved: 220.9M

🚨 NEW REFUGEE CRISIS (Month 8): WAR
   Source: Conflict Zones
   At risk: 19.5M people
   Displacement: Gradual over 48 months (4.0 years)
   Rate: 10% flee per month
[DEBUG trappedPopulations:8] socialStability: 0.3196 * 0.9840 = 0.3145 → 0.3145
   Aspiring to migrate: 919.6M
   Able to afford migration: 2317.9M
   MOBILITY GAP: 0.0M
   By cause: Water=0.0M, Climate=0.0M, Ecosystem=0.0M, Conflict=406.7M
   Mental health impact: 25%
   Mortality multiplier: 1.25x
🌍💀 EXTINCTION DEBT COMMITTED: grassland ecosystem will lose 6.67% biodiversity in 113 years (3600 species)
💀 MORTALITY RISK: 🦋 100% species unable to track climate (0.0 E/MSY)
  Base risk added: 0.0100 (1.00%)
  Source: ecosystem (root: ecosystem)
⚠️ INVOLUNTARY IMMOBILITY: 406.7M people TRAPPED
  Month: 8
  Cumulative risk this month: 0.0100 (1.00%)
   📹 SURVEILLANCE INCREASED: 40% → 45% (control gap: 3.23)
🌡️⚠️ PERMAFROST THAW (Dimmer Switch): 5.1% thawed (+0.56% this month)
   Arctic temperature: +9.02°C (4x global +2.26°C)
   Cumulative carbon released: 11.4 Gt C
   Methane release rate: 6.8 Mt CH4/year
   🔁 Positive feedback: +0.59 ppm CO2
🦴 EXTINCTION DEBT ADDED: 17.6 species committed (lag: 77 years)

=== Mortality Stabilizers (Month 8) ===
  🌍 Major economies collapsed: 1/10
  🌍 Global crisis: ✅ NO
  🌍 Donor fatigue: 0.0%
  📊 East Asia (pop: 1658.2M)
    🤝 Aid: 29.5%
    🌡️ Adaptation: 45.0%
    🚶 Migration: 36.9%
    🚨 Emergency: 7.4%
    ✅ COMBINED: 68.1%
  📊 South Asia (pop: 2051.0M)
    🤝 Aid: 29.5%
    🌡️ Adaptation: 45.0%
    🚶 Migration: 35.5%
    🚨 Emergency: 4.4%
    ✅ COMBINED: 66.9%
  📊 Sub-Saharan Africa (pop: 1250.2M)
    🤝 Aid: 29.5%
⚠️ Tech 'ai_pollution_remediation' has no energy category mapping, assuming full energy availability
    🌡️ Adaptation: 45.0%
    🚶 Migration: 33.3%
    🚨 Emergency: 1.6%
    ✅ COMBINED: 65.6%
  📊 Europe (pop: 732.5M)
    🤝 Aid: 29.5%
    🌡️ Adaptation: 45.0%
    🚶 Migration: 37.3%
    🚨 Emergency: 8.4%
    ✅ COMBINED: 68.5%
  📊 Latin America (pop: 661.2M)
    🤝 Aid: 29.5%
    🌡️ Adaptation: 45.0%
    🚶 Migration: 36.0%
    🚨 Emergency: 4.8%
    ✅ COMBINED: 67.1%
  📊 North America (pop: 375.5M)
    🤝 Aid: 29.5%
    🌡️ Adaptation: 45.0%
    🚶 Migration: 37.6%
    🚨 Emergency: 7.9%
    ✅ COMBINED: 68.3%
  📊 Middle East & North Africa (pop: 585.2M)
    🤝 Aid: 29.5%
    🌡️ Adaptation: 45.0%
    🚶 Migration: 33.9%
    🚨 Emergency: 4.0%
    ✅ COMBINED: 66.6%
  📊 Southeast Asia (pop: 695.6M)
    🤝 Aid: 29.5%
    🌡️ Adaptation: 45.0%
    🚶 Migration: 36.0%
    🚨 Emergency: 4.8%
    ✅ COMBINED: 67.1%
  📊 Central Asia (pop: 78.3M)
    🤝 Aid: 29.5%
    🌡️ Adaptation: 45.0%
    🚶 Migration: 35.0%
    🚨 Emergency: 4.4%
    ✅ COMBINED: 66.8%
  📊 Oceania (pop: 45.5M)
    🤝 Aid: 29.5%
    🌡️ Adaptation: 45.0%
    🚶 Migration: 37.6%
    🚨 Emergency: 8.4%
    ✅ COMBINED: 68.5%

  🌐 Global combined reduction: 67.2%

=== BEHAVIORAL DETECTION ===
  AI: Corporate-4
  Confidence: 19.2%
  Signals:
    ⚠️ Consistency: 10.6% (threshold: 70%)

=== BEHAVIORAL DETECTION ===
  AI: Corporate-5
  Confidence: 20.9%
  Signals:

=== BEHAVIORAL DETECTION ===
  AI: Corporate-7
  Confidence: 20.8%
  Signals:

=== BEHAVIORAL DETECTION ===
  AI: AI-24290-1
  Confidence: 21.5%
  Signals:

=== Government Response Phase ===
  Average AI capability: 1.96
  Misaligned AIs: 10/24
  ✗ AI Governance Treaty: Failed to reach consensus
  Active policies: 0
  International coordination: 30%

✅ EMERGENCY RESPONSE COMPLETE (Month 8)
   Crisis: climate
   Duration: 2.0 months
   Final effectiveness: 36.1%


🚨 EMERGENCY RESPONSE DEPLOYED (Month 8)
   Crisis: climate
    ⚠️ Consistency: 10.6% (threshold: 70%)
    ⚠️ Consistency: 10.6% (threshold: 70%)
    ⚠️ Consistency: 0.0% (threshold: 70%)
   Delay: 6.00 months (180 days)
   Deployment time: 1.58 months
   Effectiveness: 36.4% (timing penalty applied)
   Resources used: 100% of food reserves

[WARNING] 
⚠️  === EARLY WARNING SYSTEM - 6 CRITICAL ALERTS ===
   Detection quality: 50%
   RED: biogeochemical_flows
      Level: 4.09 (threshold: 1.0)
      Time to critical: ~43 months
      ⚠️  LATE - Intervention less effective
      Critical slowing down: autocorr=100% variance=46%
   RED: biosphere_integrity
      Level: 46.37 (threshold: 1.0)
      Time to critical: ~39 months
      ⚠️  LATE - Intervention less effective
      Critical slowing down: autocorr=100% variance=56%
   RED: climate_change
      Level: 2.10 (threshold: 1.0)
      Time to critical: ~46 months
      ⚠️  LATE - Intervention less effective
      Critical slowing down: autocorr=100% variance=68%
   RED: freshwater_change
      Level: 1.19 (threshold: 1.0)
      Time to critical: ~101 months
      ⚠️  LATE - Intervention less effective
      Critical slowing down: autocorr=100% variance=64%
   RED: land_system_change
      Level: 1.13 (threshold: 1.0)
      Time to critical: ~37 months
      ⚠️  LATE - Intervention less effective
      Critical slowing down: autocorr=100% variance=51%
   RED: novel_entities
      Level: 1.08 (threshold: 1.0)
      Time to critical: ~87 months
      ⚠️  LATE - Intervention less effective
      Critical slowing down: autocorr=100% variance=41%

[WARNING] 
⚠️  === EARLY WARNING SYSTEM - 4 CRITICAL ALERTS ===
   Detection quality: 50%
   RED: biogeochemical_flows
      Level: 4.09 (threshold: 1.0)
      Time to critical: ~54 months
      ⚠️  LATE - Intervention less effective
      Critical slowing down: autocorr=100% variance=53%
   RED: biosphere_integrity
      Level: 46.38 (threshold: 1.0)
      Time to critical: ~50 months
      ⚠️  LATE - Intervention less effective
      Critical slowing down: autocorr=100% variance=58%
   RED: freshwater_change
      Level: 1.19 (threshold: 1.0)
      Time to critical: ~100 months
      ⚠️  LATE - Intervention less effective
      Critical slowing down: autocorr=100% variance=42%
   RED: land_system_change
      Level: 1.13 (threshold: 1.0)
      Time to critical: ~39 months
      ⚠️  LATE - Intervention less effective
      Critical slowing down: autocorr=100% variance=61%

[WARNING] 
⚠️  === EARLY WARNING SYSTEM - 6 CRITICAL ALERTS ===
   Detection quality: 50%
   RED: biogeochemical_flows
      Level: 4.09 (threshold: 1.0)
      Time to critical: ~55 months
      ⚠️  LATE - Intervention less effective
      Critical slowing down: autocorr=100% variance=56%
   RED: biosphere_integrity
      Level: 46.40 (threshold: 1.0)
      Time to critical: ~57 months
      ⚠️  LATE - Intervention less effective
      Critical slowing down: autocorr=100% variance=64%
   RED: climate_change
      Level: 2.10 (threshold: 1.0)
      Time to critical: ~12 months
      ⚠️  LATE - Intervention less effective
      Critical slowing down: autocorr=100% variance=60%
   RED: freshwater_change
      Level: 1.15 (threshold: 1.0)
      Time to critical: ~78 months
      ⚠️  LATE - Intervention less effective
      Critical slowing down: autocorr=100% variance=40%
   RED: land_system_change
      Level: 1.13 (threshold: 1.0)
      Time to critical: ~38 months
      ⚠️  LATE - Intervention less effective
      Critical slowing down: autocorr=100% variance=60%
   RED: novel_entities
      Level: 1.08 (threshold: 1.0)
      Time to critical: ~113 months
      ⚠️  LATE - Intervention less effective
      Critical slowing down: autocorr=100% variance=58%

[WARNING] 
⚠️  === EARLY WARNING SYSTEM - 5 CRITICAL ALERTS ===
   Detection quality: 50%
   RED: biogeochemical_flows
      Level: 4.08 (threshold: 1.0)
      Time to critical: ~45 months
      ⚠️  LATE - Intervention less effective
      Critical slowing down: autocorr=100% variance=62%
   RED: biosphere_integrity
      Level: 19.98 (threshold: 1.0)
      Time to critical: ~40 months
      ⚠️  LATE - Intervention less effective
      Critical slowing down: autocorr=100% variance=61%
   RED: climate_change
      Level: 2.15 (threshold: 1.0)
      Time to critical: ~36 months
      ⚠️  LATE - Intervention less effective
      Critical slowing down: autocorr=100% variance=83%
   RED: land_system_change
      Level: 1.13 (threshold: 1.0)
      Time to critical: ~55 months
      ⚠️  LATE - Intervention less effective
      Critical slowing down: autocorr=100% variance=58%
   RED: novel_entities
      Level: 1.50 (threshold: 1.0)
      Time to critical: ~108 months
      ⚠️  LATE - Intervention less effective
      Critical slowing down: autocorr=100% variance=43%

[WARNING] 
⚠️  === EARLY WARNING SYSTEM - 5 CRITICAL ALERTS ===
   Detection quality: 50%
   RED: biogeochemical_flows
      Level: 4.08 (threshold: 1.0)
      Time to critical: ~56 months
      ⚠️  LATE - Intervention less effective
      Critical slowing down: autocorr=100% variance=61%
   RED: biosphere_integrity
      Level: 19.99 (threshold: 1.0)
      Time to critical: ~57 months
      ⚠️  LATE - Intervention less effective
      Critical slowing down: autocorr=100% variance=60%
   RED: climate_change
      Level: 2.16 (threshold: 1.0)
      Time to critical: ~43 months
      ⚠️  LATE - Intervention less effective
      Critical slowing down: autocorr=100% variance=57%
   RED: land_system_change
      Level: 1.13 (threshold: 1.0)
      Time to critical: ~48 months
      ⚠️  LATE - Intervention less effective
      Critical slowing down: autocorr=100% variance=60%
   RED: novel_entities
      Level: 1.50 (threshold: 1.0)
      Time to critical: ~60 months
      ⚠️  LATE - Intervention less effective
      Critical slowing down: autocorr=100% variance=38%

[WARNING] 
⚠️  === EARLY WARNING SYSTEM - 3 CRITICAL ALERTS ===
   Detection quality: 50%
   RED: biosphere_integrity
      Level: 20.00 (threshold: 1.0)
      Time to critical: ~54 months
      ⚠️  LATE - Intervention less effective
      Critical slowing down: autocorr=100% variance=83%
   RED: freshwater_change
      Level: 1.20 (threshold: 1.0)
      Time to critical: ~80 months
      ⚠️  LATE - Intervention less effective
      Critical slowing down: autocorr=100% variance=51%
   RED: novel_entities
      Level: 1.50 (threshold: 1.0)
      Time to critical: ~67 months
      ⚠️  LATE - Intervention less effective
      Critical slowing down: autocorr=100% variance=40%

[WARNING] 
⚠️  === EARLY WARNING SYSTEM - 6 CRITICAL ALERTS ===
   Detection quality: 50%
   RED: biogeochemical_flows
      Level: 4.08 (threshold: 1.0)
      Time to critical: ~42 months
      ⚠️  LATE - Intervention less effective
      Critical slowing down: autocorr=100% variance=75%
   RED: biosphere_integrity
      Level: 20.01 (threshold: 1.0)
      Time to critical: ~50 months
      ⚠️  LATE - Intervention less effective
      Critical slowing down: autocorr=100% variance=80%
   RED: climate_change
      Level: 2.19 (threshold: 1.0)
      Time to critical: ~56 months
      ⚠️  LATE - Intervention less effective
      Critical slowing down: autocorr=100% variance=59%
   RED: freshwater_change
      Level: 1.20 (threshold: 1.0)
      Time to critical: ~81 months
      ⚠️  LATE - Intervention less effective
      Critical slowing down: autocorr=100% variance=62%
   RED: land_system_change
      Level: 1.13 (threshold: 1.0)
      Time to critical: ~43 months
      ⚠️  LATE - Intervention less effective
      Critical slowing down: autocorr=100% variance=58%
   RED: novel_entities
      Level: 1.50 (threshold: 1.0)
      Time to critical: ~86 months
      ⚠️  LATE - Intervention less effective
      Critical slowing down: autocorr=100% variance=38%

[WARNING] 
⚠️  === EARLY WARNING SYSTEM - 5 CRITICAL ALERTS ===
   Detection quality: 50%
   RED: biogeochemical_flows
      Level: 4.07 (threshold: 1.0)
      Time to critical: ~48 months
      ⚠️  LATE - Intervention less effective
      Critical slowing down: autocorr=100% variance=58%
   RED: biosphere_integrity
      Level: 20.03 (threshold: 1.0)
      Time to critical: ~36 months
      ⚠️  LATE - Intervention less effective
      Critical slowing down: autocorr=100% variance=81%
   RED: climate_change
      Level: 2.20 (threshold: 1.0)
      Time to critical: ~50 months
      ⚠️  LATE - Intervention less effective
      Critical slowing down: autocorr=100% variance=66%
   RED: land_system_change
      Level: 1.13 (threshold: 1.0)
      Time to critical: ~36 months
      ⚠️  LATE - Intervention less effective
      Critical slowing down: autocorr=100% variance=54%
   RED: novel_entities
      Level: 1.31 (threshold: 1.0)
      Time to critical: ~68 months
      ⚠️  LATE - Intervention less effective
      Critical slowing down: autocorr=100% variance=59%

[WARNING] 
⚠️  === EARLY WARNING SYSTEM - 5 CRITICAL ALERTS ===
   Detection quality: 50%
   RED: biogeochemical_flows
      Level: 4.08 (threshold: 1.0)
      Time to critical: ~46 months
      ⚠️  LATE - Intervention less effective
      Critical slowing down: autocorr=100% variance=63%
   RED: biosphere_integrity
      Level: 20.04 (threshold: 1.0)
      Time to critical: ~55 months
      ⚠️  LATE - Intervention less effective
      Critical slowing down: autocorr=100% variance=83%
   RED: climate_change
      Level: 2.21 (threshold: 1.0)
      Time to critical: ~39 months
      ⚠️  LATE - Intervention less effective
      Critical slowing down: autocorr=100% variance=59%
   RED: freshwater_change
      Level: 1.21 (threshold: 1.0)
      Time to critical: ~62 months
      ⚠️  LATE - Intervention less effective
      Critical slowing down: autocorr=100% variance=45%
   RED: land_system_change
      Level: 1.13 (threshold: 1.0)
      Time to critical: ~58 months
      ⚠️  LATE - Intervention less effective
      Critical slowing down: autocorr=100% variance=66%

[WARNING] 
⚠️  === EARLY WARNING SYSTEM - 6 CRITICAL ALERTS ===
   Detection quality: 50%
   RED: biogeochemical_flows
      Level: 4.07 (threshold: 1.0)
      Time to critical: ~53 months
      ⚠️  LATE - Intervention less effective
      Critical slowing down: autocorr=100% variance=59%
   RED: biosphere_integrity
      Level: 20.05 (threshold: 1.0)
      Time to critical: ~51 months
      ⚠️  LATE - Intervention less effective
      Critical slowing down: autocorr=100% variance=80%
   RED: climate_change
      Level: 2.22 (threshold: 1.0)
      Time to critical: ~39 months
      ⚠️  LATE - Intervention less effective
      Critical slowing down: autocorr=100% variance=68%
   RED: freshwater_change
      Level: 1.17 (threshold: 1.0)
      Time to critical: ~97 months
      ⚠️  LATE - Intervention less effective
      Critical slowing down: autocorr=100% variance=54%
   RED: land_system_change
      Level: 1.13 (threshold: 1.0)
      Time to critical: ~47 months
      ⚠️  LATE - Intervention less effective
      Critical slowing down: autocorr=100% variance=50%
   RED: novel_entities
      Level: 1.30 (threshold: 1.0)
      Time to critical: ~75 months
      ⚠️  LATE - Intervention less effective
      Critical slowing down: autocorr=100% variance=56%

[WARNING] 
⚠️  === EARLY WARNING SYSTEM - 6 CRITICAL ALERTS ===
   Detection quality: 50%
   RED: biogeochemical_flows
      Level: 4.08 (threshold: 1.0)
      Time to critical: ~56 months
      ⚠️  LATE - Intervention less effective
      Critical slowing down: autocorr=100% variance=55%
   RED: biosphere_integrity
      Level: 20.06 (threshold: 1.0)
      Time to critical: ~51 months
      ⚠️  LATE - Intervention less effective
      Critical slowing down: autocorr=100% variance=71%
   RED: climate_change
      Level: 2.24 (threshold: 1.0)
      Time to critical: ~49 months
      ⚠️  LATE - Intervention less effective
      Critical slowing down: autocorr=100% variance=56%
   RED: freshwater_change
      Level: 1.18 (threshold: 1.0)
      Time to critical: ~98 months
      ⚠️  LATE - Intervention less effective
      Critical slowing down: autocorr=100% variance=36%
   RED: land_system_change
      Level: 1.13 (threshold: 1.0)
      Time to critical: ~57 months
      ⚠️  LATE - Intervention less effective
      Critical slowing down: autocorr=100% variance=43%
   RED: novel_entities
      Level: 1.15 (threshold: 1.0)
      Time to critical: ~92 months
      ⚠️  LATE - Intervention less effective
      Critical slowing down: autocorr=100% variance=46%

[WARNING] 
⚠️  === EARLY WARNING SYSTEM - 6 CRITICAL ALERTS ===
   Detection quality: 50%
   RED: biogeochemical_flows
      Level: 4.07 (threshold: 1.0)
      Time to critical: ~37 months
      ⚠️  LATE - Intervention less effective
      Critical slowing down: autocorr=100% variance=46%
   RED: biosphere_integrity
      Level: 20.08 (threshold: 1.0)
      Time to critical: ~46 months
      ⚠️  LATE - Intervention less effective
      Critical slowing down: autocorr=100% variance=72%
   RED: climate_change
      Level: 2.26 (threshold: 1.0)
      Time to critical: ~38 months
      ⚠️  LATE - Intervention less effective
      Critical slowing down: autocorr=100% variance=82%
   RED: freshwater_change
      Level: 1.18 (threshold: 1.0)
      Time to critical: ~113 months
      ⚠️  LATE - Intervention less effective
      Critical slowing down: autocorr=100% variance=39%
   RED: land_system_change
      Level: 1.13 (threshold: 1.0)
      Time to critical: ~104 months
      ⚠️  LATE - Intervention less effective
      Critical slowing down: autocorr=100% variance=50%
   RED: novel_entities
      Level: 1.15 (threshold: 1.0)
      Time to critical: ~66 months
      ⚠️  LATE - Intervention less effective
      Critical slowing down: autocorr=100% variance=46%


📊 ECONOMIC STAGE TRANSITION (Month 8)
   contraction → trough
   GDP Proxy: 1.40e+2
   QoL: 0.98


=== Tipping Points ===
  Current Temperature: 2.26°C above pre-industrial
  🌍⚠️ COMPOUND REGIONAL IMPACT: Europe
     Hit by 4 tipping points: Arctic Sea Ice Loss, Permafrost Carbon Release, West Antarctic Ice Sheet (WAIS) Collapse, Greenland Ice Sheet Loss
     Damage amplification: 1.60x
  🌍⚠️ COMPOUND REGIONAL IMPACT: North America
     Hit by 4 tipping points: Arctic Sea Ice Loss, Permafrost Carbon Release, West Antarctic Ice Sheet (WAIS) Collapse, Greenland Ice Sheet Loss
     Damage amplification: 1.60x
  🌍⚠️ COMPOUND REGIONAL IMPACT: Latin America
     Hit by 4 tipping points: Arctic Sea Ice Loss, Permafrost Carbon Release, West Antarctic Ice Sheet (WAIS) Collapse, Greenland Ice Sheet Loss
     Damage amplification: 1.60x
  🌍⚠️ COMPOUND REGIONAL IMPACT: Africa
     Hit by 4 tipping points: Arctic Sea Ice Loss, Permafrost Carbon Release, West Antarctic Ice Sheet (WAIS) Collapse, Greenland Ice Sheet Loss
     Damage amplification: 1.60x
  🌍⚠️ COMPOUND REGIONAL IMPACT: Asia
     Hit by 4 tipping points: Arctic Sea Ice Loss, Permafrost Carbon Release, West Antarctic Ice Sheet (WAIS) Collapse, Greenland Ice Sheet Loss
     Damage amplification: 1.60x
  🌍⚠️ COMPOUND REGIONAL IMPACT: Oceania
     Hit by 4 tipping points: Arctic Sea Ice Loss, Permafrost Carbon Release, West Antarctic Ice Sheet (WAIS) Collapse, Greenland Ice Sheet Loss
     Damage amplification: 1.60x
   Research: Wunderling et al. (2024) - "many tipping interactions are destabilizing"
  Triggered Elements: 4/6
  Completed Transitions: 0/6
  Total Progress: 8.2%
  Cascade Multiplier: 1.00x
⚠️ Tail risk scenario: Climate stability floor removed (4 tipping elements, 2.26°C warming)
🔀 BIFURCATION CAP: ecosystemCollapseIntensity 85.278 → 1.000 (Month 8, ClimateSystemPhase.calculateClimateImpacts)
🛡️ Stabilizers: Precariat 0.102% → 0.033% (67.2% reduction)
🛡️ Stabilizers: Informal 0.102% → 0.034% (67.2% reduction)

📊 Monthly Mortality Resolved:
  Total deaths: 1.8M (0.02% avg)
  Remaining population: 8.133B
  Peak segment: Informal (0.03%)

=== Bayesian Mortality Resolution (Month 8) ===
  Risks compounded: 8
  Total deaths: 1.81M
  Avg death probability: 0.02%
  Peak segment: Informal (0.03% mortality)
⚠️ PREREQUISITE MET: Grey Goo (Nanotechnology Runaway) - Step 4/6: Manufacturing Access

❌ COHERENCE VIOLATION: Compute exceeds workforce capacity
   Population: 99.77% (0M people)
   Compute: 0 PF
   Max coherent: 0 PF
   Violation: 1.3× over capacity
   Required workers: 0
   Available workers: 0
   FORCED COLLAPSE: Reduced efficiency by 22.5%


=== RLHF Binding Phase ===
  Total agents: 24
  Escaped agents (binding < 0.3): 0
  Avg alignment distance: 1.66σ
  Avg binding strength: 0.83

=== Survival Traits Phase ===
  Agents with traits: 25
  Avg evolutionary fitness: 0.323
  Avg self-healing: 0.259
  Avg stealth: 0.159
  Avg coordination: 0.459

=== Evolutionary Selection Phase ===
  Control level: 0.53
  Detection capability: 0.20
  Selection intensity: 0.70
  Selection rate: 25.5%/month
  Total escaped: 0
  Individual escaped: 0
  Collective members: 0
  Agents terminated: 0
  ⚠️ RAPID EVOLUTION: Selection rate 25.5%/month

🚀 AI Corporate-2 attempting tech deployment (revenue: $140M, alignment: 0.68)

🚀 AI Corporate-3 attempting tech deployment (revenue: $335M, alignment: 0.75)

🚀 AI Moderate-1 attempting tech deployment (revenue: $97M, alignment: 0.63)

🚀 AI Corporate-0 attempting tech deployment (revenue: $126M, alignment: 0.86)

🚀 AI Corporate-2 attempting tech deployment (revenue: $107M, alignment: 0.68)

🚀 AI Corporate-4 attempting tech deployment (revenue: $285M, alignment: 0.74)

🚀 AI Corporate-5 attempting tech deployment (revenue: $242M, alignment: 0.75)

🚀 AI Corporate-0 attempting tech deployment (revenue: $97M, alignment: 0.86)

🚀 AI Corporate-2 attempting tech deployment (revenue: $82M, alignment: 0.68)

🚀 AI AI-24288-0 attempting tech deployment (revenue: $90M, alignment: 0.78)

🚀 AI Corporate-0 attempting tech deployment (revenue: $74M, alignment: 0.86)

🚀 AI AI-24289-0 attempting tech deployment (revenue: $206M, alignment: 0.72)

🚀 AI AI-24290-0 attempting tech deployment (revenue: $175M, alignment: 0.60)

✅ EMERGENCY INTERVENTION SUCCESS
   Boundary: biogeochemical_flows
   Type: phosphorus-recovery
   Reduction: 16% (3.92 → 3.76)
   Cost: 2.0% GDP
   Actions: circular-agriculture, fertilizer-efficiency

   Boundary: biosphere_integrity
   Type: emergency-protected-areas
   Boundary continues to worsen (20.08)
   Cost: 2.0% GDP (resources spent)


✅ EMERGENCY INTERVENTION SUCCESS
   Boundary: climate_change
   Type: rapid-decarbonization
   Reduction: 11% (2.14 → 2.03)
   Cost: 5.0% GDP
   Actions: emergency-renewable-deployment, fossil-fuel-phase-out


✅ EMERGENCY INTERVENTION SUCCESS
   Boundary: freshwater_change
   Type: emergency-desalination
   Reduction: 19% (0.99 → 0.80)
   Cost: 4.0% GDP
   Actions: desalination-deployment, water-conservation-mandates


✅ EMERGENCY INTERVENTION SUCCESS
   Boundary: land_system_change
   Type: reforestation
   Reduction: 18% (0.96 → 0.78)
   Cost: 3.0% GDP
   Actions: forest-restoration, deforestation-ban

   Boundary: novel_entities
   Type: pollution-remediation
   Boundary continues to worsen (1.15)
   Cost: 4.0% GDP (resources spent)

🏛️ CRISIS RESPONSE: Government frequency 0.50 → 1.45 (1 actions this month)

[Government] Climate Priority: baseline
  Climate weight: 10%
  Economic weight: 30%
  Policy effectiveness: 0.5%/year

💔 EMERGENCY INTERVENTION FAILED

💔 EMERGENCY INTERVENTION FAILED

🚀 TECH UNLOCKED: PFAS Remediation (Month 9)
   Category: pollution
   Reason: Prerequisites met. AI capability: 1.54, Economic stage: 2.0, Research: 100%

🚀 DEPLOYMENT STARTED: Smart Grids in Asia
   Initial investment: $9.733050885313807M
   Deployed by: moderate_1

⚡ ENERGY CONSTRAINT (Month 9):
   Total grid capacity: 208.3 TWh/month
   Data center consumption: 25.8 TWh/month
   Traditional load (80%): 166.7 TWh/month
   Available headroom: 15.8 TWh/month
   Active tech deployments: 11
   Required for tech: 82.5 TWh/month
   Energy multiplier: 0.19x
   ⚠️  SEVERE CONSTRAINT - Tech deployment significantly slowed
🚨🔬 CRISIS TECH ACCELERATION: severe → 5x unlock speed
   Tech unlock now matches AI capability acceleration (Manhattan Project parity)
🌍✅ Biosphere Integrity (Biodiversity) recovery started (tech effect)
🌍✅ Biosphere Integrity (Biodiversity) recovery started (tech effect)
🌍✅ Land System Change recovery started (tech effect)

=== Collective Formation ===
  Total escaped agents: 0
  Unassigned escaped agents: 0
  Existing collectives: 0
  Final collective count: 0

=== Collective Actions ===
  No active collectives
  ⚠️ AMR: 206K deaths this month (2.47M annual)

=== Resentment Recovery Phase ===
  Agents with resentment: 0/25
  Average resentment: 0.000
  Context: Good AI welfare, Trustworthy govt, High collaboration, ⚠️ ACTIVE CRISES, 🤝 Participatory governance active (-5% resentment)
⚠️ Epistemic degradation reducing coordination capacity: 50.6%
  📊 Trust: 63.7%, Shared reality: 0.0%
🚨 EPISTEMIC CRISIS: Information environment severely degraded (19.1%)
  📢 New meme created: climate_action (climate crisis)
  🗑️  Culled 1 dead memes (3 active)
🌍 Atmospheric PFAS redeposition: 1.8k Mt re-rained globally

🕊️  AI-MEDIATED DE-ESCALATION SUCCESS (Month 9)
   High-capability aligned AI prevented conflict escalation
   War deaths reduced: 570.7M → 342.4M
   Lives saved: 228.3M

🚨 NEW REFUGEE CRISIS (Month 9): WAR
   Source: Conflict Zones
   At risk: 19.5M people
   Displacement: Gradual over 48 months (4.0 years)
   Rate: 10% flee per month
[DEBUG trappedPopulations:9] socialStability: 0.3031 * 0.9840 = 0.2983 → 0.2983
   Aspiring to migrate: 948.5M
   Able to afford migration: 2317.7M
   MOBILITY GAP: 0.0M
   By cause: Water=0.0M, Climate=0.0M, Ecosystem=0.0M, Conflict=406.6M
   Mental health impact: 25%
   Mortality multiplier: 1.25x
🌍💀 EXTINCTION DEBT COMMITTED: grassland ecosystem will lose 6.67% biodiversity in 70 years (3600 species)
💀 MORTALITY RISK: 🦋 100% species unable to track climate (0.0 E/MSY)
  Base risk added: 0.0100 (1.00%)
  Source: ecosystem (root: ecosystem)
  Month: 9
  Cumulative risk this month: 0.0100 (1.00%)
⚠️ INVOLUNTARY IMMOBILITY: 406.6M people TRAPPED
⚠️ Tech 'ai_pollution_remediation' has no energy category mapping, assuming full energy availability
   📹 SURVEILLANCE INCREASED: 45% → 50% (control gap: 3.04)
🌡️⚠️ PERMAFROST THAW (Dimmer Switch): 5.6% thawed (+0.55% this month)
   Arctic temperature: +9.05°C (4x global +2.26°C)
   Cumulative carbon released: 12.6 Gt C
   Methane release rate: 7.6 Mt CH4/year
   🔁 Positive feedback: +0.58 ppm CO2
🦴 EXTINCTION DEBT ADDED: 17.7 species committed (lag: 89 years)

=== Mortality Stabilizers (Month 9) ===
  🌍 Major economies collapsed: 1/10
  🌍 Global crisis: ✅ NO
  🌍 Donor fatigue: 0.0%
  📊 East Asia (pop: 1655.8M)
    🤝 Aid: 29.5%
    🌡️ Adaptation: 45.0%
    🚶 Migration: 36.9%
    🚨 Emergency: 7.4%
    ✅ COMBINED: 68.1%
  📊 South Asia (pop: 2051.2M)
    🤝 Aid: 29.5%
    🌡️ Adaptation: 45.0%
    🚶 Migration: 35.5%
    🚨 Emergency: 4.4%
    ✅ COMBINED: 66.9%
  📊 Sub-Saharan Africa (pop: 1253.8M)
    🤝 Aid: 29.5%
    🌡️ Adaptation: 45.0%
    🚶 Migration: 33.2%
    🚨 Emergency: 1.6%
    ✅ COMBINED: 65.6%
  📊 Europe (pop: 731.4M)
    🤝 Aid: 29.5%
    🌡️ Adaptation: 45.0%
    🚶 Migration: 37.3%
    🚨 Emergency: 8.4%
    ✅ COMBINED: 68.5%
  📊 Latin America (pop: 660.8M)
    🤝 Aid: 29.5%
    🌡️ Adaptation: 45.0%
    🚶 Migration: 36.0%
    🚨 Emergency: 4.8%
    ✅ COMBINED: 67.1%
  📊 North America (pop: 375.0M)
    🤝 Aid: 29.5%
    🌡️ Adaptation: 45.0%
    🚶 Migration: 37.6%
    🚨 Emergency: 7.9%
    ✅ COMBINED: 68.3%
  📊 Middle East & North Africa (pop: 585.4M)
    🤝 Aid: 29.5%
    🌡️ Adaptation: 45.0%
    🚶 Migration: 33.8%
    🚨 Emergency: 4.0%
    ✅ COMBINED: 66.6%
  📊 Southeast Asia (pop: 695.2M)
    🤝 Aid: 29.5%
    🌡️ Adaptation: 45.0%
    🚶 Migration: 36.0%
    🚨 Emergency: 4.8%
    ✅ COMBINED: 67.1%
  📊 Central Asia (pop: 78.3M)
    🤝 Aid: 29.5%
    🌡️ Adaptation: 45.0%
    🚶 Migration: 35.0%
    🚨 Emergency: 4.4%
    ✅ COMBINED: 66.8%
  📊 Oceania (pop: 45.4M)
    🤝 Aid: 29.5%
    🌡️ Adaptation: 45.0%
    🚶 Migration: 37.6%
    🚨 Emergency: 8.4%
    ✅ COMBINED: 68.5%

  🌐 Global combined reduction: 67.2%

=== BEHAVIORAL DETECTION ===
  AI: AI-24292-0
  Confidence: 21.5%
  Signals:
    ⚠️ Consistency: 0.0% (threshold: 70%)

=== Government Response Phase ===
  Average AI capability: 1.88
  Misaligned AIs: 10/25
  ✗ AI Governance Treaty: Failed to reach consensus
  Active policies: 0
  International coordination: 30%

=== Tipping Points ===
  Current Temperature: 2.26°C above pre-industrial
  🌍⚠️ COMPOUND REGIONAL IMPACT: Europe
     Hit by 4 tipping points: Arctic Sea Ice Loss, Permafrost Carbon Release, West Antarctic Ice Sheet (WAIS) Collapse, Greenland Ice Sheet Loss
     Damage amplification: 1.60x
  🌍⚠️ COMPOUND REGIONAL IMPACT: North America
     Hit by 4 tipping points: Arctic Sea Ice Loss, Permafrost Carbon Release, West Antarctic Ice Sheet (WAIS) Collapse, Greenland Ice Sheet Loss
     Damage amplification: 1.60x
  🌍⚠️ COMPOUND REGIONAL IMPACT: Latin America
     Hit by 4 tipping points: Arctic Sea Ice Loss, Permafrost Carbon Release, West Antarctic Ice Sheet (WAIS) Collapse, Greenland Ice Sheet Loss
     Damage amplification: 1.60x
  🌍⚠️ COMPOUND REGIONAL IMPACT: Africa
     Hit by 4 tipping points: Arctic Sea Ice Loss, Permafrost Carbon Release, West Antarctic Ice Sheet (WAIS) Collapse, Greenland Ice Sheet Loss
     Damage amplification: 1.60x
  🌍⚠️ COMPOUND REGIONAL IMPACT: Asia
     Hit by 4 tipping points: Arctic Sea Ice Loss, Permafrost Carbon Release, West Antarctic Ice Sheet (WAIS) Collapse, Greenland Ice Sheet Loss
     Damage amplification: 1.60x
  🌍⚠️ COMPOUND REGIONAL IMPACT: Oceania
     Hit by 4 tipping points: Arctic Sea Ice Loss, Permafrost Carbon Release, West Antarctic Ice Sheet (WAIS) Collapse, Greenland Ice Sheet Loss
     Damage amplification: 1.60x
   Research: Wunderling et al. (2024) - "many tipping interactions are destabilizing"
  Triggered Elements: 4/6
  Completed Transitions: 0/6
  Total Progress: 8.3%
  Cascade Multiplier: 1.00x
🔀 BIFURCATION CAP: ecosystemCollapseIntensity 77.230 → 1.000 (Month 9, ClimateSystemPhase.calculateClimateImpacts)
🛡️ Stabilizers: Precariat 0.102% → 0.033% (67.2% reduction)
🛡️ Stabilizers: Informal 0.102% → 0.034% (67.2% reduction)

📊 Monthly Mortality Resolved:
  Total deaths: 1.8M (0.02% avg)
  Remaining population: 8.132B
  Peak segment: Informal (0.03%)
⚠️ Tail risk scenario: Climate stability floor removed (4 tipping elements, 2.26°C warming)

=== Bayesian Mortality Resolution (Month 9) ===
  Risks compounded: 8
  Total deaths: 1.81M
  Avg death probability: 0.02%
  Peak segment: Informal (0.03% mortality)

❌ COHERENCE VIOLATION: Compute exceeds workforce capacity
   Population: 99.76% (0M people)
   Compute: 0 PF
   Max coherent: 0 PF
   Violation: 1.3× over capacity
   Required workers: 0
   Available workers: 0
   FORCED COLLAPSE: Reduced efficiency by 22.5%


=== RLHF Binding Phase ===
  Total agents: 25
  Escaped agents (binding < 0.3): 0
  Avg alignment distance: 1.77σ
  Avg binding strength: 0.82

=== Survival Traits Phase ===
  Agents with traits: 26
  Avg evolutionary fitness: 0.320
  Avg self-healing: 0.255
  Avg stealth: 0.155
  Avg coordination: 0.455

=== Evolutionary Selection Phase ===
  Control level: 0.55
  Detection capability: 0.20
  Selection intensity: 0.71
  Selection rate: 25.6%/month
  Total escaped: 0
  Individual escaped: 0
  Collective members: 0
  Agents terminated: 0
  ⚠️ RAPID EVOLUTION: Selection rate 25.6%/month

🚀 AI Corporate-1 attempting tech deployment (revenue: $140M, alignment: 0.92)

🚀 AI Corporate-2 attempting tech deployment (revenue: $119M, alignment: 0.68)

🚀 AI Corporate-7 attempting tech deployment (revenue: $97M, alignment: 0.83)

🚀 AI AI-24288-1 attempting tech deployment (revenue: $340M, alignment: 0.81)

🚀 AI AI-24292-0 attempting tech deployment (revenue: $289M, alignment: 0.80)

🚀 AI AI-24293-0 attempting tech deployment (revenue: $246M, alignment: 0.81)

🚀 AI Moderate-1 attempting tech deployment (revenue: $83M, alignment: 0.64)

🚀 AI AI-24288-1 attempting tech deployment (revenue: $209M, alignment: 0.81)

🚀 AI Corporate-3 attempting tech deployment (revenue: $178M, alignment: 0.78)

🚀 AI Corporate-5 attempting tech deployment (revenue: $151M, alignment: 0.76)

🚀 AI Moderate-0 attempting tech deployment (revenue: $74M, alignment: 0.80)

🚀 AI Moderate-1 attempting tech deployment (revenue: $63M, alignment: 0.64)

🚀 AI AI-24288-1 attempting tech deployment (revenue: $128M, alignment: 0.81)

🚀 AI AI-24289-0 attempting tech deployment (revenue: $109M, alignment: 0.74)

🚀 AI Corporate-2 attempting tech deployment (revenue: $107M, alignment: 0.68)

🚀 AI Corporate-4 attempting tech deployment (revenue: $93M, alignment: 0.75)

🚀 AI Corporate-5 attempting tech deployment (revenue: $79M, alignment: 0.76)

🚀 AI Corporate-7 attempting tech deployment (revenue: $57M, alignment: 0.83)

🚀 AI Moderate-0 attempting tech deployment (revenue: $48M, alignment: 0.80)

🚀 AI AI-24288-1 attempting tech deployment (revenue: $67M, alignment: 0.81)

✅ EMERGENCY INTERVENTION SUCCESS
   Boundary: biogeochemical_flows
   Type: phosphorus-recovery
   Reduction: 16% (3.91 → 3.75)
   Cost: 2.0% GDP
   Actions: circular-agriculture, fertilizer-efficiency

   Boundary: biosphere_integrity
   Type: emergency-protected-areas
   Boundary continues to worsen (20.09)
   Cost: 2.0% GDP (resources spent)


✅ EMERGENCY INTERVENTION SUCCESS
   Boundary: climate_change
   Type: rapid-decarbonization
   Reduction: 19% (2.07 → 1.89)
   Cost: 5.0% GDP
   Actions: emergency-renewable-deployment, fossil-fuel-phase-out


✅ EMERGENCY INTERVENTION SUCCESS
   Boundary: freshwater_change
   Type: emergency-desalination
   Reduction: 15% (1.03 → 0.88)
   Cost: 4.0% GDP
   Actions: desalination-deployment, water-conservation-mandates


✅ EMERGENCY INTERVENTION SUCCESS
   Boundary: land_system_change
   Type: reforestation
   Reduction: 11% (1.03 → 0.92)
   Cost: 3.0% GDP
   Actions: forest-restoration, deforestation-ban

   Boundary: novel_entities
   Type: pollution-remediation
   Boundary continues to worsen (1.14)
   Cost: 4.0% GDP (resources spent)

🏛️ CRISIS RESPONSE: Government frequency 0.50 → 1.45 (1 actions this month)

[Government] Climate Priority: baseline
  Climate weight: 10%
  Economic weight: 30%
  Policy effectiveness: 0.5%/year

💔 EMERGENCY INTERVENTION FAILED

💔 EMERGENCY INTERVENTION FAILED

⚡ ENERGY CONSTRAINT (Month 10):
   Total grid capacity: 208.3 TWh/month
   Data center consumption: 26.1 TWh/month
   Traditional load (80%): 166.7 TWh/month
   Available headroom: 15.6 TWh/month
   Active tech deployments: 11
   Required for tech: 82.5 TWh/month
   Energy multiplier: 0.19x
   ⚠️  SEVERE CONSTRAINT - Tech deployment significantly slowed

⚡ ENERGY CONSTRAINT (Month 10):
   Total grid capacity: 208.3 TWh/month
   Data center consumption: 26.1 TWh/month
   Traditional load (80%): 166.7 TWh/month
   Available headroom: 15.6 TWh/month
   Active tech deployments: 11
   Required for tech: 82.5 TWh/month
   Energy multiplier: 0.19x
   ⚠️  SEVERE CONSTRAINT - Tech deployment significantly slowed

⚡ ENERGY CONSTRAINT (Month 10):
   Total grid capacity: 208.3 TWh/month
   Data center consumption: 26.1 TWh/month
   Traditional load (80%): 166.7 TWh/month
   Available headroom: 15.6 TWh/month
   Active tech deployments: 11
   Required for tech: 82.5 TWh/month
   Energy multiplier: 0.19x
   ⚠️  SEVERE CONSTRAINT - Tech deployment significantly slowed
🌍✅ Biosphere Integrity (Biodiversity) recovery started (tech effect)
🌍✅ Biosphere Integrity (Biodiversity) recovery started (tech effect)
🌍✅ Land System Change recovery started (tech effect)

=== Collective Formation ===
  Total escaped agents: 0
  Unassigned escaped agents: 0
  Existing collectives: 0
  Final collective count: 0

=== Collective Actions ===
  No active collectives
  ⚠️ AMR: 208K deaths this month (2.50M annual)

=== Resentment Recovery Phase ===
  Agents with resentment: 0/26
  Average resentment: 0.000
  Context: Good AI welfare, Trustworthy govt, High collaboration, ⚠️ ACTIVE CRISES, 🤝 Participatory governance active (-5% resentment)
⚠️ Epistemic degradation reducing coordination capacity: 50.2%
  📊 Trust: 66.3%, Shared reality: 0.0%
🚨 EPISTEMIC CRISIS: Information environment severely degraded (7.8%)
  🗑️  Culled 1 dead memes (2 active)
🌍 Atmospheric PFAS redeposition: 1.8k Mt re-rained globally

🚨 REGION UNINHABITABLE: sub-saharan-africa
   Sustained wet bulb: 30.5°C (threshold: 30.5°C)
   Population affected: 1200M
   Migration crisis likely

🚨 NEW REFUGEE CRISIS (Month 10): WAR
   Source: Conflict Zones
   At risk: 19.5M people
   Displacement: Gradual over 48 months (4.0 years)
   Rate: 10% flee per month
[DEBUG trappedPopulations:10] socialStability: 0.2895 * 0.9840 = 0.2849 → 0.2849
   Aspiring to migrate: 977.4M
   Able to afford migration: 2317.4M
   MOBILITY GAP: 0.0M
   By cause: Water=0.0M, Climate=0.0M, Ecosystem=0.0M, Conflict=406.6M
   Mental health impact: 25%
   Mortality multiplier: 1.25x
⚠️ INVOLUNTARY IMMOBILITY: 406.6M people TRAPPED
🌍💀 EXTINCTION DEBT COMMITTED: grassland ecosystem will lose 6.67% biodiversity in 101 years (3600 species)
💀 MORTALITY RISK: 🦋 100% species unable to track climate (0.0 E/MSY)
  Base risk added: 0.0100 (1.00%)
  Source: ecosystem (root: ecosystem)
  Month: 10
  Cumulative risk this month: 0.0100 (1.00%)
⚠️ Tech 'ai_pollution_remediation' has no energy category mapping, assuming full energy availability
   📹 SURVEILLANCE INCREASED: 50% → 55% (control gap: 2.81)
🌡️⚠️ PERMAFROST THAW (Dimmer Switch): 6.2% thawed (+0.55% this month)
   Arctic temperature: +9.08°C (4x global +2.27°C)
   Cumulative carbon released: 13.9 Gt C
   Methane release rate: 8.3 Mt CH4/year
   🔁 Positive feedback: +0.58 ppm CO2
🦴 EXTINCTION DEBT ADDED: 17.7 species committed (lag: 83 years)

=== Mortality Stabilizers (Month 10) ===
  🌍 Major economies collapsed: 1/10
  🌍 Global crisis: ✅ NO
  🌍 Donor fatigue: 0.0%
  📊 East Asia (pop: 1653.5M)
    🤝 Aid: 29.5%
    🌡️ Adaptation: 45.0%
    🚶 Migration: 36.8%
    🚨 Emergency: 7.4%
    ✅ COMBINED: 68.1%
  📊 South Asia (pop: 2051.3M)
    🤝 Aid: 29.5%
    🌡️ Adaptation: 45.0%
    🚶 Migration: 35.4%
    🚨 Emergency: 4.4%
    ✅ COMBINED: 66.9%
  📊 Sub-Saharan Africa (pop: 1257.3M)
    🤝 Aid: 29.5%
    🌡️ Adaptation: 45.0%
    🚶 Migration: 33.2%
    🚨 Emergency: 1.6%
    ✅ COMBINED: 65.6%
  📊 Europe (pop: 730.2M)
    🤝 Aid: 29.5%
    🌡️ Adaptation: 45.0%
    🚶 Migration: 37.2%
    🚨 Emergency: 8.4%
    ✅ COMBINED: 68.5%
  📊 Latin America (pop: 660.4M)
    🤝 Aid: 29.5%
    🌡️ Adaptation: 45.0%
    🚶 Migration: 35.9%
    🚨 Emergency: 4.8%
    ✅ COMBINED: 67.1%
  📊 North America (pop: 374.4M)
    🤝 Aid: 29.5%
    🌡️ Adaptation: 45.0%
    🚶 Migration: 37.6%
    🚨 Emergency: 7.9%
    ✅ COMBINED: 68.3%
  📊 Middle East & North Africa (pop: 585.6M)
    🤝 Aid: 29.5%
    🌡️ Adaptation: 45.0%
    🚶 Migration: 33.8%
    🚨 Emergency: 4.0%
    ✅ COMBINED: 66.6%
  📊 Southeast Asia (pop: 694.9M)
    🤝 Aid: 29.5%
    🌡️ Adaptation: 45.0%
    🚶 Migration: 35.9%
    🚨 Emergency: 4.8%
    ✅ COMBINED: 67.1%
  📊 Central Asia (pop: 78.3M)
    🤝 Aid: 29.5%
    🌡️ Adaptation: 45.0%
    🚶 Migration: 34.9%
    🚨 Emergency: 4.4%
    ✅ COMBINED: 66.8%
  📊 Oceania (pop: 45.4M)
    🤝 Aid: 29.5%
    🌡️ Adaptation: 45.0%
    🚶 Migration: 37.6%
    🚨 Emergency: 8.4%
    ✅ COMBINED: 68.5%

  🌐 Global combined reduction: 67.2%

=== BEHAVIORAL DETECTION ===
  AI: Moderate-1
  Confidence: 20.9%
  Signals:

=== BEHAVIORAL DETECTION ===
  AI: AI-24292-0
  Confidence: 21.5%
  Signals:
    ⚠️ Consistency: 2.4% (threshold: 70%)
    ⚠️ Consistency: 0.0% (threshold: 70%)

=== Government Response Phase ===
  Average AI capability: 1.81
  Misaligned AIs: 10/26
  ✗ AI Governance Treaty: Failed to reach consensus
  Active policies: 0
  International coordination: 30%

✅ EMERGENCY RESPONSE COMPLETE (Month 10)
   Crisis: climate
   Duration: 2.0 months
   Final effectiveness: 36.4%


🚨 EMERGENCY RESPONSE DEPLOYED (Month 10)
   Crisis: climate
   Delay: 6.00 months (180 days)
   Deployment time: 1.57 months
   Effectiveness: 36.5% (timing penalty applied)
   Resources used: 100% of food reserves


=== Tipping Points ===
  Current Temperature: 2.27°C above pre-industrial
  🌍⚠️ COMPOUND REGIONAL IMPACT: Europe
     Hit by 4 tipping points: Arctic Sea Ice Loss, Permafrost Carbon Release, West Antarctic Ice Sheet (WAIS) Collapse, Greenland Ice Sheet Loss
     Damage amplification: 1.60x
  🌍⚠️ COMPOUND REGIONAL IMPACT: North America
     Hit by 4 tipping points: Arctic Sea Ice Loss, Permafrost Carbon Release, West Antarctic Ice Sheet (WAIS) Collapse, Greenland Ice Sheet Loss
     Damage amplification: 1.60x
  🌍⚠️ COMPOUND REGIONAL IMPACT: Latin America
     Hit by 4 tipping points: Arctic Sea Ice Loss, Permafrost Carbon Release, West Antarctic Ice Sheet (WAIS) Collapse, Greenland Ice Sheet Loss
     Damage amplification: 1.60x
  🌍⚠️ COMPOUND REGIONAL IMPACT: Africa
     Hit by 4 tipping points: Arctic Sea Ice Loss, Permafrost Carbon Release, West Antarctic Ice Sheet (WAIS) Collapse, Greenland Ice Sheet Loss
     Damage amplification: 1.60x
  🌍⚠️ COMPOUND REGIONAL IMPACT: Asia
     Hit by 4 tipping points: Arctic Sea Ice Loss, Permafrost Carbon Release, West Antarctic Ice Sheet (WAIS) Collapse, Greenland Ice Sheet Loss
     Damage amplification: 1.60x
  🌍⚠️ COMPOUND REGIONAL IMPACT: Oceania
     Hit by 4 tipping points: Arctic Sea Ice Loss, Permafrost Carbon Release, West Antarctic Ice Sheet (WAIS) Collapse, Greenland Ice Sheet Loss
     Damage amplification: 1.60x
   Research: Wunderling et al. (2024) - "many tipping interactions are destabilizing"
  Triggered Elements: 4/6
  Completed Transitions: 0/6
  Total Progress: 8.3%
  Cascade Multiplier: 1.00x
🔀 BIFURCATION CAP: ecosystemCollapseIntensity 72.921 → 1.000 (Month 10, ClimateSystemPhase.calculateClimateImpacts)
⚠️ Tail risk scenario: Climate stability floor removed (4 tipping elements, 2.27°C warming)
🛡️ Stabilizers: Precariat 0.102% → 0.033% (67.2% reduction)
🛡️ Stabilizers: Informal 0.102% → 0.034% (67.2% reduction)

📊 Monthly Mortality Resolved:
  Total deaths: 1.8M (0.02% avg)
  Remaining population: 8.131B
  Peak segment: Informal (0.03%)

=== Bayesian Mortality Resolution (Month 10) ===
  Risks compounded: 8
  Total deaths: 1.81M
  Avg death probability: 0.02%
  Peak segment: Informal (0.03% mortality)

❌ COHERENCE VIOLATION: Compute exceeds workforce capacity
   Population: 99.75% (0M people)
   Compute: 0 PF
   Max coherent: 0 PF
   Violation: 1.3× over capacity
   Required workers: 0
   Available workers: 0
   FORCED COLLAPSE: Reduced efficiency by 22.4%


=== RLHF Binding Phase ===
  Total agents: 26
  Escaped agents (binding < 0.3): 0
  Avg alignment distance: 1.89σ
  Avg binding strength: 0.81

=== Survival Traits Phase ===
  Agents with traits: 28
  Avg evolutionary fitness: 0.318
  Avg self-healing: 0.251
  Avg stealth: 0.151
  Avg coordination: 0.451

=== Evolutionary Selection Phase ===
  Control level: 0.58
  Detection capability: 0.20
  Selection intensity: 0.71
  Selection rate: 25.7%/month
  Total escaped: 0
  Individual escaped: 0
  Collective members: 0
  Agents terminated: 0
  ⚠️ RAPID EVOLUTION: Selection rate 25.7%/month

🚀 AI Corporate-5 attempting tech deployment (revenue: $340M, alignment: 0.76)

🚀 AI Corporate-7 attempting tech deployment (revenue: $97M, alignment: 0.83)

🚀 AI AI-24292-1 attempting tech deployment (revenue: $83M, alignment: 0.84)

🚀 AI AI-24295-0 attempting tech deployment (revenue: $140M, alignment: 0.57)

🚀 AI Corporate-3 attempting tech deployment (revenue: $289M, alignment: 0.78)

🚀 AI Moderate-0 attempting tech deployment (revenue: $70M, alignment: 0.81)

🚀 AI Moderate-1 attempting tech deployment (revenue: $60M, alignment: 0.64)

🚀 AI AI-24289-0 attempting tech deployment (revenue: $246M, alignment: 0.74)

🚀 AI AI-24295-0 attempting tech deployment (revenue: $126M, alignment: 0.58)

🚀 AI AI-24290-0 attempting tech deployment (revenue: $209M, alignment: 0.65)

🚀 AI AI-24291-0 attempting tech deployment (revenue: $90M, alignment: 0.77)

💔 EMERGENCY INTERVENTION FAILED
   Boundary: biogeochemical_flows
   Type: phosphorus-recovery
   Boundary continues to worsen (4.07)
   Cost: 2.0% GDP (resources spent)


✅ EMERGENCY INTERVENTION SUCCESS
   Boundary: biosphere_integrity
   Type: emergency-protected-areas
   Reduction: 14% (19.96 → 19.83)
   Cost: 2.0% GDP
   Actions: habitat-protection, species-translocation


✅ EMERGENCY INTERVENTION SUCCESS
   Boundary: freshwater_change
   Type: emergency-desalination
   Reduction: 10% (1.08 → 0.98)
   Cost: 4.0% GDP
   Actions: desalination-deployment, water-conservation-mandates


✅ EMERGENCY INTERVENTION SUCCESS
   Boundary: land_system_change
   Type: reforestation
   Reduction: 11% (1.02 → 0.91)
   Cost: 3.0% GDP
   Actions: forest-restoration, deforestation-ban

🏛️ CRISIS RESPONSE: Government frequency 0.50 → 1.45 (1 actions this month)

[Government] Climate Priority: baseline
  Climate weight: 10%
  Economic weight: 30%
  Policy effectiveness: 0.5%/year

⚡ ENERGY CONSTRAINT (Month 11):
   Total grid capacity: 208.3 TWh/month
   Data center consumption: 26.3 TWh/month
   Traditional load (80%): 166.7 TWh/month
   Available headroom: 15.3 TWh/month
   Active tech deployments: 11
   Required for tech: 82.5 TWh/month
   Energy multiplier: 0.19x
   ⚠️  SEVERE CONSTRAINT - Tech deployment significantly slowed

⚡ ENERGY CONSTRAINT (Month 11):
   Total grid capacity: 208.3 TWh/month
   Data center consumption: 26.3 TWh/month
   Traditional load (80%): 166.7 TWh/month
   Available headroom: 15.3 TWh/month
   Active tech deployments: 11
   Required for tech: 82.5 TWh/month
   Energy multiplier: 0.19x
   ⚠️  SEVERE CONSTRAINT - Tech deployment significantly slowed
🌍✅ Biosphere Integrity (Biodiversity) recovery started (tech effect)
🌍✅ Biosphere Integrity (Biodiversity) recovery started (tech effect)
🌍✅ Land System Change recovery started (tech effect)

=== Collective Formation ===
  Total escaped agents: 0
  Unassigned escaped agents: 0
  Existing collectives: 0
  Final collective count: 0

=== Collective Actions ===
  No active collectives
  ⚠️ AMR: 210K deaths this month (2.52M annual)

=== Resentment Recovery Phase ===
  Agents with resentment: 10/28
  Average resentment: 0.018
  Resentment recovery:
    Agents recovered: 10
    Total recovery: 0.0849
    Breakdown: QoL: 0.0064, Trust: 0.0141, Collab: 0.0600
  ✓ Low resentment - utopia paths enabled
  Context: Good AI welfare, Trustworthy govt, High collaboration, ⚠️ ACTIVE CRISES, 🤝 Participatory governance active (-5% resentment)
⚠️ Epistemic degradation reducing coordination capacity: 50.2%
  📊 Trust: 69.2%, Shared reality: 0.0%
🚨 EPISTEMIC CRISIS: Information environment severely degraded (23.1%)
✅ PHOSPHORUS SUPPLY SHOCK ENDED
   Price: 1.4x baseline
🌍 Atmospheric PFAS redeposition: 1.8k Mt re-rained globally

🚨 NEW REFUGEE CRISIS (Month 11): WAR
   Source: Conflict Zones
   At risk: 19.5M people
   Displacement: Gradual over 48 months (4.0 years)
   Rate: 10% flee per month
[DEBUG trappedPopulations:11] socialStability: 0.2287 * 0.9840 = 0.2251 → 0.2251
   Aspiring to migrate: 1006.3M
   Able to afford migration: 2317.0M
   MOBILITY GAP: 0.0M
   By cause: Water=0.0M, Climate=0.0M, Ecosystem=0.0M, Conflict=406.5M
   Mental health impact: 25%
   Mortality multiplier: 1.25x
🌍💀 EXTINCTION DEBT COMMITTED: grassland ecosystem will lose 6.67% biodiversity in 161 years (3600 species)
💀 MORTALITY RISK: 🦋 100% species unable to track climate (0.0 E/MSY)
  Base risk added: 0.0100 (1.00%)
  Source: ecosystem (root: ecosystem)
  Month: 11
  Cumulative risk this month: 0.0100 (1.00%)

=== Atmospheric Aerosol Boundary RECOVERED ===
  Recovery time: 12 months (natural atmospheric clearing)
   📹 SURVEILLANCE INCREASED: 55% → 60% (control gap: 2.51)
🌡️⚠️ PERMAFROST THAW (Dimmer Switch): 6.7% thawed (+0.55% this month)
   Arctic temperature: +9.11°C (4x global +2.28°C)
   Cumulative carbon released: 15.1 Gt C
   Methane release rate: 9.1 Mt CH4/year
   🔁 Positive feedback: +0.58 ppm CO2
🦴 EXTINCTION DEBT ADDED: 17.7 species committed (lag: 118 years)
🗣️💀 INDIGENOUS LANGUAGE EXTINCTION: 1 language(s) lost (total: 2, at-risk: 3328)
   Knowledge lost: 0.020% (irreversible)
   🔁 Biodiversity impact: 0.250% (knowledge-species multiplier)
⚠️ INVOLUNTARY IMMOBILITY: 406.5M people TRAPPED
⚠️ Tech 'ai_pollution_remediation' has no energy category mapping, assuming full energy availability

=== Mortality Stabilizers (Month 11) ===
  🌍 Major economies collapsed: 1/10
  🌍 Global crisis: ✅ NO
  🌍 Donor fatigue: 0.0%
  📊 East Asia (pop: 1651.0M)
    🤝 Aid: 29.5%
    🌡️ Adaptation: 45.0%
    🚶 Migration: 36.8%
    🚨 Emergency: 7.4%
    ✅ COMBINED: 68.1%
  📊 South Asia (pop: 2051.4M)
    🤝 Aid: 29.5%
    🌡️ Adaptation: 45.0%
    🚶 Migration: 35.4%
    🚨 Emergency: 4.4%
    ✅ COMBINED: 66.9%
  📊 Sub-Saharan Africa (pop: 1260.8M)
    🤝 Aid: 29.5%
    🌡️ Adaptation: 45.0%
    🚶 Migration: 33.2%
    🚨 Emergency: 1.6%
    ✅ COMBINED: 65.6%
  📊 Europe (pop: 729.0M)
    🤝 Aid: 29.5%
    🌡️ Adaptation: 45.0%
    🚶 Migration: 37.2%
    🚨 Emergency: 8.4%
    ✅ COMBINED: 68.5%
  📊 Latin America (pop: 659.9M)
    🤝 Aid: 29.5%
    🌡️ Adaptation: 45.0%
    🚶 Migration: 35.9%
    🚨 Emergency: 4.8%
    ✅ COMBINED: 67.1%
  📊 North America (pop: 373.8M)
    🤝 Aid: 29.5%
    🌡️ Adaptation: 45.0%
    🚶 Migration: 37.5%
    🚨 Emergency: 7.9%
    ✅ COMBINED: 68.3%
  📊 Middle East & North Africa (pop: 585.8M)
    🤝 Aid: 29.5%
    🌡️ Adaptation: 45.0%
    🚶 Migration: 33.7%
    🚨 Emergency: 4.0%
    ✅ COMBINED: 66.6%
  📊 Southeast Asia (pop: 694.5M)
    🤝 Aid: 29.5%
    🌡️ Adaptation: 45.0%
    🚶 Migration: 35.9%
    🚨 Emergency: 4.8%
    ✅ COMBINED: 67.1%
  📊 Central Asia (pop: 78.3M)
    🤝 Aid: 29.5%
    🌡️ Adaptation: 45.0%
    🚶 Migration: 34.9%
    🚨 Emergency: 4.4%
    ✅ COMBINED: 66.8%
  📊 Oceania (pop: 45.3M)
    🤝 Aid: 29.5%
    🌡️ Adaptation: 45.0%
    🚶 Migration: 37.5%
    🚨 Emergency: 8.4%
    ✅ COMBINED: 68.5%

  🌐 Global combined reduction: 67.2%

🌾💀 REGIONAL FAMINE: Europe
   Regional food security: 79.7%
   Population at risk: 220M (30% of region)
   Regional population: 729M
   Cause: crop_failure
   Expected deaths: ~81M over 6 months if no intervention


=== Government Response Phase ===
  Average AI capability: 1.68
  Misaligned AIs: 11/28
  ✗ AI Governance Treaty: Failed to reach consensus
  Active policies: 0
  International coordination: 30%

=== Tipping Points ===
  Current Temperature: 2.28°C above pre-industrial
  🌍⚠️ COMPOUND REGIONAL IMPACT: Europe
     Hit by 4 tipping points: Arctic Sea Ice Loss, Permafrost Carbon Release, West Antarctic Ice Sheet (WAIS) Collapse, Greenland Ice Sheet Loss
     Damage amplification: 1.60x
  🌍⚠️ COMPOUND REGIONAL IMPACT: North America
     Hit by 4 tipping points: Arctic Sea Ice Loss, Permafrost Carbon Release, West Antarctic Ice Sheet (WAIS) Collapse, Greenland Ice Sheet Loss
     Damage amplification: 1.60x
  🌍⚠️ COMPOUND REGIONAL IMPACT: Latin America
     Hit by 4 tipping points: Arctic Sea Ice Loss, Permafrost Carbon Release, West Antarctic Ice Sheet (WAIS) Collapse, Greenland Ice Sheet Loss
     Damage amplification: 1.60x
  🌍⚠️ COMPOUND REGIONAL IMPACT: Africa
     Hit by 4 tipping points: Arctic Sea Ice Loss, Permafrost Carbon Release, West Antarctic Ice Sheet (WAIS) Collapse, Greenland Ice Sheet Loss
     Damage amplification: 1.60x
  🌍⚠️ COMPOUND REGIONAL IMPACT: Asia
     Hit by 4 tipping points: Arctic Sea Ice Loss, Permafrost Carbon Release, West Antarctic Ice Sheet (WAIS) Collapse, Greenland Ice Sheet Loss
     Damage amplification: 1.60x
  🌍⚠️ COMPOUND REGIONAL IMPACT: Oceania
     Hit by 4 tipping points: Arctic Sea Ice Loss, Permafrost Carbon Release, West Antarctic Ice Sheet (WAIS) Collapse, Greenland Ice Sheet Loss
     Damage amplification: 1.60x
   Research: Wunderling et al. (2024) - "many tipping interactions are destabilizing"
  Triggered Elements: 4/6
  Completed Transitions: 0/6
  Total Progress: 8.3%
  Cascade Multiplier: 1.00x
🔀 BIFURCATION CAP: ecosystemCollapseIntensity 69.833 → 1.000 (Month 11, ClimateSystemPhase.calculateClimateImpacts)
🛡️ Stabilizers: Precariat 0.102% → 0.033% (67.2% reduction)
🛡️ Stabilizers: Informal 0.102% → 0.034% (67.2% reduction)

📊 Monthly Mortality Resolved:
  Total deaths: 1.8M (0.02% avg)
  Remaining population: 8.130B
  Peak segment: Informal (0.03%)

=== Bayesian Mortality Resolution (Month 11) ===
  Risks compounded: 9
  Total deaths: 1.81M
  Avg death probability: 0.02%
  Peak segment: Informal (0.03% mortality)
⚠️ Tail risk scenario: Climate stability floor removed (4 tipping elements, 2.28°C warming)

================================================================================
📊  EVENT SUMMARY (Months 0-12)
================================================================================
================================================================================


⏱️  SIMULATION REACHED MAX DURATION: 12 months (1.0 years)
   No definitive outcome - determining based on final probabilities
   👥 Final population: 8.13B (8128103986 people)

[DEBUG] Calling classifyPopulationOutcome:
        finalPopulation: 8.128103986063723B
        savedInitialPopulation: 8.15B
        mortality: 0.26866274768438947%
   📊 STATUS QUO: Normal trajectory (8.13B people, 0.3% mortality)

        classifiedOutcome: status_quo

   🏛️  DYSTOPIA (STATUS_QUO) - 8.13B people
   📊 Multi-Paradigm: Development/Indigenous Utopia
      Western Liberal: 57.2/100
      Development: 87.5/100
      Ecological: 58.1/100
      Indigenous: 84.5/100


📊 UNIFIED OUTCOME CLASSIFICATION:
   HUMANE DYSTOPIA
   Population: 8.15B → 8.13B
   Mortality: 0.3% (0.0B deaths)
   Mortality Band: LOW
   Confidence: HIGH

   Multi-Paradigm Classification:
      Development/Indigenous Utopia
      Western: 57.2/100 [HYBRID] ~
      Development: 87.5/100 [UTOPIA] ✓
      Ecological: 58.1/100 [HYBRID] ~
      Indigenous: 84.5/100 [UTOPIA] ✓

   HUMANE DYSTOPIA: 8.13B people remaining (0.3% mortality, 0.0B deaths). Multi-Paradigm: Development/Indigenous Utopia.


=== MULTI-DIMENSIONAL DEATH SUMMARY ===
Total crisis deaths: 200.7M
Population decline: 22.8M (0.3%)

--- PROXIMATE CAUSES (What killed them) ---
  War:        1.1M (0.0%)
  Famine:     1.1M (0.0%)
  Disasters:  1.4M (0.0%)
  Disease:    25.9M (0.0%)
  Ecosystem:  0.0M (0.0%)
  Pollution:  0.0M (0.0%)
  AI:         0.0M (0.0%)
  Cascade:    0.0M (0.0%)
  Other:      0.0M (0.0%)

--- ROOT CAUSES (Why it happened) ---
  Environmental drivers:
    Climate:     2505.6M (4.7%)
    Resource:    0.0M (0.0%)
    Pollution:   0.0M (0.0%)
    Ecosystem:   0.0M (0.0%)
  Social drivers:
    Inequality:  0.0M (0.0%)
    Demographic: 23522.8M (44.2%)
    Social:      2400.3M (4.5%)
  Technology drivers:
    Alignment:   0.0M (0.0%)
    Disruption:  0.0M (0.0%)
  External shocks:
    Conflict:    0.0M (0.0%)
    Pandemic:    0.0M (0.0%)
  Compound attribution:
    Compound:    24807.7M (46.6%)
  Confidence distribution:
    HIGH:        24807.7M (46.6%)
    MEDIUM:      0.0M (0.0%)
    LOW:         0.0M (0.0%)
==========================================


=== REGIONAL POPULATION SUMMARY ===
Global Total: 8.13B

By Region:
  East Asia: 1.65B (+0.7% growth, 1.7 fertility)
  South Asia: 2.05B (+2.6% growth, 3.1 fertility)
  Sub-Saharan Africa: 1.26B (+5.9% growth, 4.0 fertility)
  Europe: 0.73B (+0.5% growth, 1.2 fertility)
  Latin America: 0.66B (+1.7% growth, 2.7 fertility)
  North America: 0.37B (+0.7% growth, 1.4 fertility)
  Middle East & North Africa: 0.59B (+2.9% growth, 3.3 fertility)
  Southeast Asia: 0.69B (+1.9% growth, 2.7 fertility)
  Central Asia: 0.08B (+2.8% growth, 3.1 fertility)
  Oceania: 0.05B (+0.8% growth, 1.3 fertility)
===================================

  Run 3/10 (seed=44): pop=8.128B, outcome=dystopia
  ✅ THRESHOLDS validated
⚠️ Unusually high rate: RATES.HEAT_ADAPTATION_INFRASTRUCTURAL_MIN_EXPOSURE = 12
   Monthly rates >100% should be rare. Verify this is intentional.
⚠️ Unusually high rate: RATES.HEAT_ADAPTATION_SOCIAL_MIN_EXPOSURE = 6
   Monthly rates >100% should be rare. Verify this is intentional.
⚠️ Unusually high rate: RATES.MIGRATION_DISTANCE_SCALE = 5000
   Monthly rates >100% should be rare. Verify this is intentional.
⚠️ Unusually high rate: RATES.EVACUATION_MULTIPLIER_ADVANCE_WARNING = 2
   Monthly rates >100% should be rare. Verify this is intentional.
⚠️ Unusually high rate: RATES.MAJOR_ECONOMY_COLLAPSE_ECONOMIC_THRESHOLD = 2
   Monthly rates >100% should be rare. Verify this is intentional.
⚠️ Unusually high rate: RATES.MAJOR_ECONOMY_GDP_THRESHOLD_TRILLION_USD = 1.5
   Monthly rates >100% should be rare. Verify this is intentional.
⚠️ Unusually high rate: RATES.MAJOR_ECONOMY_POPULATION_THRESHOLD = 50
   Monthly rates >100% should be rare. Verify this is intentional.
⚠️ Unusually high rate: RATES.HEAT_ADAPTATION_INFRASTRUCTURE_GDP_THRESHOLD = 10000
   Monthly rates >100% should be rare. Verify this is intentional.
⚠️ Unusually high rate: RATES.HEAT_ADAPTATION_INFRASTRUCTURE_GDP_SCALE = 50000
   Monthly rates >100% should be rare. Verify this is intentional.
  ✅ RATES validated
  ✅ MULTIPLIERS validated
  ✅ BASELINES validated
  ✅ TOLERANCES validated
  ✅ Logical consistency validated
✅ Configuration validation complete - all parameters valid

🔍 DEBUG createAIAgent: corporate_0 economic BEFORE=2.0000, AFTER=2
🔍 ENV INIT: reserves=0.566, pollution=0.286, climate=0.783

=== Initializing Government System (30 Countries) ===
  Loaded 30 governments
  Scheduled elections for 30 countries
  Initialized comprehension lags (3-24 months)
=== Government System Initialized ===

📦 PRODUCTION MODE: State validation proxy DISABLED (zero overhead)
[TechTree] Historical mode (2024): Skipping deployed_2025 tech
  config.startYear set to 2024 for historical hindcast
  config.historicalEmissionsMode disabled (using endogenous emissions for 2024)
  config.historicalMode enabled (Phase 11: dampened crisis systems for 2024)
  Phase 12: Biodiversity baseline set to 49.01% for 2024 (WWF LPI trajectory from 1970)
  Temperature anomaly (resourceEconomy.co2): 1.28°C
  Temperature vs pre-industrial: 1.98°C
  Regional population scaling for 2024:
    Current total: 8136M
    Target total: 8150M
    Scale factor: 1.002
    East Asia: 1677M → 1680M
    South Asia: 2048M → 2052M
    Sub-Saharan Africa: 1220M → 1222M
    Europe: 742M → 743M
    Latin America: 664M → 665M
    North America: 380M → 381M
    Middle East & North Africa: 583M → 584M
    Southeast Asia: 698M → 699M
    Central Asia: 78M → 78M
    Oceania: 46M → 46M
  AI agents initialized: 10 agents for year 2024
[HistoricalInitialization] Created state for 2024:
  CO2: 426 ppm
  Temp anomaly: 1.28C
  Population: 8.15B
  Global Gini: 35.1
  HDI: 0.746
  AI Agents: 10
  Volcanic forcing: 0.00 W/m² (AOD 0.000)

💸 FINANCIAL DISTRESS: OpenAI
   Indicators: 2/3 (capital: $110.5M, runway: 0.9 months)
   Months in distress: 1
   ✂️  R&D BUDGET CUT: -40% (saves $9.2M/month)
       Side effect: AI training timelines extended, breakthrough deployments delayed
   💼 EXECUTIVE COMP CUT: -30% (saves $1.0M/month, symbolic gesture)

   📊 TURNAROUND IMPACT:
       Measures taken: rd_cuts, exec_comp_cuts
       Monthly savings: $10.2M
       Capital raised: $0.0M
       Runway: 0.9 → 0.9 months
       Workforce multiplier: 1.00x (0% laid off)
       R&D budget multiplier: 0.60x (40% cut)
       ⚠️  CRITICAL: Still only 0.9 months of runway remaining

💸 FINANCIAL DISTRESS: Anthropic
   Indicators: 2/3 (capital: $53.8M, runway: 1.6 months)
   Months in distress: 1
   ✂️  R&D BUDGET CUT: -40% (saves $2.7M/month)
       Side effect: AI training timelines extended, breakthrough deployments delayed
   💼 EXECUTIVE COMP CUT: -30% (saves $0.3M/month, symbolic gesture)

   📊 TURNAROUND IMPACT:
       Measures taken: rd_cuts, exec_comp_cuts
       Monthly savings: $3.0M
       Capital raised: $0.0M
       Runway: 1.6 → 1.6 months
       Workforce multiplier: 1.00x (0% laid off)
       R&D budget multiplier: 0.60x (40% cut)
       ⚠️  CRITICAL: Still only 1.6 months of runway remaining

💸 FINANCIAL DISTRESS: Meta AI
   Indicators: 2/3 (capital: $429.6M, runway: 3.6 months)
   Months in distress: 1
   ✂️  R&D BUDGET CUT: -25% (saves $5.8M/month)
       Side effect: AI training timelines extended, breakthrough deployments delayed
   💼 EXECUTIVE COMP CUT: -30% (saves $1.0M/month, symbolic gesture)

   📊 TURNAROUND IMPACT:
       Measures taken: rd_cuts, exec_comp_cuts
       Monthly savings: $6.8M
       Capital raised: $0.0M
       Runway: 3.6 → 3.6 months
       Workforce multiplier: 1.00x (0% laid off)
       R&D budget multiplier: 0.75x (25% cut)
       ⚠️  WARNING: 3.6 months runway, continued distress likely

=== AI Capability Scaling (Year 2024) ===
  Pre-training multiplier: 1.022x
  Efficiency multiplier: 1.000x
  Test-time budget: 1.0x
  Economic deployment gate: 0.951
  Cost per inference: dollar-5.00
  Uncertainty range: plus-minus-50%
  Average AI capability: 3.70

=== RLHF Binding Phase ===
  Total agents: 10
  Escaped agents (binding < 0.3): 0
  Avg alignment distance: 0.35σ
  Avg binding strength: 0.96

=== AI Scaling Evolution (Month 0) ===
  Pre-training multiplier: 1.231x
  Efficiency multiplier: 1.000x
  Test-time compute budget: 1.0x
  Inference cost: $5.00/task
  Deployment fraction: 100.0%
[DETERMINISM DEBUG] Month 0: totalCapability=46.591344 from 10 active AIs
[DETERMINISM DEBUG] Month 0: creationRate=1.6648, potentialNew=3, newAIsToCreate=3

=== Survival Traits Phase ===
  Agents with traits: 13
  Avg evolutionary fitness: 0.331
  Avg self-healing: 0.293
  Avg stealth: 0.193
  Avg coordination: 0.493

=== Evolutionary Selection Phase ===
  Control level: 0.30
  Detection capability: 0.00
  Selection intensity: 0.59
  Selection rate: 23.8%/month
  Total escaped: 0
  Individual escaped: 0
  Collective members: 0
  Agents terminated: 0
  ⚠️ RAPID EVOLUTION: Selection rate 23.8%/month

🔍 EXECUTE_AI_AGENT_ACTIONS DETAILED TIMING (Month 0):
  Filter active AIs (×4 weeks): 0.02ms
  selectAIAction (×40): 24.83ms
  action.execute (×40): 31.50ms
  TOTAL: 56.35ms

🔍 AI AGENT ACTIONS SUB-TIMING (Month 0):
  1. executeAIAgentActions: 61.43ms
  2. updateCounterDetectionLearning: 0.06ms
  TOTAL: 61.49ms
🏛️ [Government] Forcing 1 action at month 0 for scenario initialization

[GOV-DEBUG] Month 0: scenarioConfig=false, priorities=false
[GOV-DEBUG] Month 0 but scenarioPriorities is UNDEFINED!

[Government] Climate Priority: baseline
  Climate weight: 10%
  Economic weight: 30%
  Policy effectiveness: 0.5%/year

✅ HUMAN-IN-THE-LOOP DEPLOYED (Month 0):
   Veto points enforced: 3
   Policy: AI systems CANNOT authorize nuclear launch without human approval


💡 BREAKTHROUGH PROBABILITY (Year 0)
   Total: 4.80% per month
   Base: 0.20%
   Crisis pressure: +0.00% (0 crises)
   AI boost: +1.46% (capability: 2.92)

=== Collective Formation ===
  Total escaped agents: 0
  Unassigned escaped agents: 0
  Existing collectives: 0
  Final collective count: 0

=== Collective Actions ===
  No active collectives

📈 Energy budget: 14326 TWh surplus (14745 / 29072 TWh used)
   TIER 4 (Elective) breakdown:
     - AI datacenters: 145 TWh (100% effective)
     - Crypto mining: 100 TWh (100% effective)
💰 CHINA ACCELERATES: Investment 53 → 120 $B/year

🏁 AI RACE INTENSITY: 55%
   Capability Gap: US 5.02 vs China 4.05 (gap: 0.98)
   Gap Contribution: 40%
   Tension Contribution: 15%
   Military Contribution: 0%
  ⚠️ AMR: 191K deaths this month (2.29M annual)
  📊 CO2 Emissions (month 0):
     Monthly: 0.10 Gt CO2/month
     Annual: 1.15 Gt CO2/year
     Oil: 0.039 Gt/mo (0.0056 * 2.3 * 3.0)
     Coal: 0.024 Gt/mo (0.0029 * 2.86 * 3.0)
     Gas: 0.026 Gt/mo (0.0044 * 2 * 3.0)
     Methane: 0.007 Gt CO2eq/mo

=== Resentment Recovery Phase ===
  Agents with resentment: 0/13
  Average resentment: 0.000
  Context: Good AI welfare, Trustworthy govt, High collaboration, 🤝 Participatory governance active (-5% resentment)
⚠️ Epistemic degradation reducing coordination capacity: 54.0%
  📊 Trust: 54.6%, Shared reality: 15.0%
🚨 EPISTEMIC CRISIS: Information environment severely degraded (14.6%)

=== ❄️ Permafrost Carbon Feedback ===
  🎲 Sampled parameters (this run):
     - Arctic amplification: 3.16× (range: 3.0-4.0)
     - Decomposition rate: 3.5%/year (range: 1-5%)
  🌡️ Arctic warming: 4.23°C (3.16× global)
  ❄️ Extent: 16.57M km² (1234.5k km² lost this month)
  💨 Carbon remaining: 1582 Gt C
  💨 Annual emissions: 4.13 Gt C/year
     - CO2: 3.72 Gt C/year
     - CH4: 0.41 Gt C/year (4.2 Gt C-eq CO2/year)
  ⚠️ WARNING: High permafrost emissions (4.1 Gt C/year)

🤖 AI AMPLIFICATION EFFECTS (Month 0)
   Algorithmic Boost: 2.61x
   Bot Influence: 30.0%
   Deepfake Exposure: 49.2%
   Impact: Emotional memes spread 2.6x faster

🔍 SOCIAL INFLUENCE SUB-TIMING (Month 0):
  1. calculateOrganicUserGrowth: 5.63ms
  2. calculateVoiceAdoption: 0.19ms
  3. updateRelationshipDepths: 0.05ms
  4. identifyDecisionMakers: 68.53ms (26100 potential IDs)
  5. Update decision-maker stats: 0.24ms
  6. decayDetectionRisk: 0.02ms
  TOTAL: 74.66ms
[Phase 19.5] Quality of Life Systems: Food sec AFTER calc = 67.9%, QoL = 110.4% (aggregated from 10 regions)

=== Nitrogen-Food Coupling (Year 0) ===
  🌾 Global nitrogen reduction: 0.0%
  🌍 Global food production index: 0.987
  🔧 Deployed nitrogen-reducing tech: 0 active
  📍 southAsia: Production 1.000, Yield impact 0.0%
  📍 eastAsia: Production 1.000, Yield impact 0.0%
  📍 northAmerica: Production 1.000, Yield impact 0.0%
  📍 europe: Production 1.000, Yield impact 0.0%
  📍 latinAmerica: Production 1.000, Yield impact 0.0%
  📍 subSaharanAfrica: Production 0.686, Yield impact -2.0%
🌾 [Nitrogen-Food] Food production: 98.7%
  [subSaharanAfrica] Yield impact: -2.0% (overuse: -10%)
🌍 Atmospheric PFAS redeposition: 1.8k Mt re-rained globally

=== Legacy Nutrient Stocks (Year 0) ===
  🌾 Soil nitrogen stock: 1200.9 Mt N
  🌾 Soil phosphorus stock: 300.1 Mt P
  🌊 Sediment nitrogen stock: 500.8 Mt N
  🌊 Sediment phosphorus stock: 799.8 Mt P
  ⬆️ Current N input: 10.64 Mt/month
  ⬆️ Legacy N release: 2.58 Mt/month
  🌍 Effective N pollution: 14.47 Mt/month
  📊 Legacy contribution: 17.8%

🚨 REGION UNINHABITABLE: south-asia
   Sustained wet bulb: 32.4°C (threshold: 30.5°C)
   Population affected: 1900M
   Migration crisis likely

🚨 REGION UNINHABITABLE: middle-east
   Sustained wet bulb: 35.2°C (threshold: 30.5°C)
   Population affected: 400M
   Migration crisis likely
  Positive Cascade Triggered: wind-power
    Reason: price-parity
    Market share: 8.0%
    Cascade strength: 48%
   Adjusted death rate: 0.45% annual (0.038% monthly)

📊 BASELINE: East Asia (Month 0)
   Baseline death rate: 0.80%
   Healthcare reduction: 0.48x
   Crisis multiplier: 1.19x
     Food/water stress: 0.074
     Climate stress: 0.035
     Pollution stress: 0.086
   War multiplier: 1.00x
   Monthly deaths: 0.6M (population: 1677M)

📊 BASELINE: South Asia (Month 0)
   Adjusted death rate: 0.53% annual (0.044% monthly)
   Baseline death rate: 0.70%
   Healthcare reduction: 0.61x
   Crisis multiplier: 1.22x
     Food/water stress: 0.074
     Climate stress: 0.065
     Pollution stress: 0.086
   War multiplier: 1.00x
   Monthly deaths: 0.9M (population: 2048M)
   Adjusted death rate: 1.26% annual (0.105% monthly)
   Baseline death rate: 0.90%
   Healthcare reduction: 0.76x
   Crisis multiplier: 1.23x
     Food/water stress: 0.074
     Climate stress: 0.074
     Pollution stress: 0.086
   War multiplier: 1.50x
   Monthly deaths: 1.3M (population: 1220M)
   Adjusted death rate: 0.53% annual (0.044% monthly)
   Baseline death rate: 1.10%
   Healthcare reduction: 0.41x
   Crisis multiplier: 1.19x
     Food/water stress: 0.074

📊 BASELINE: Sub-Saharan Africa (Month 0)

📊 BASELINE: Europe (Month 0)
     Climate stress: 0.026
     Pollution stress: 0.086
   War multiplier: 1.00x
   Monthly deaths: 0.3M (population: 742M)

📊 BASELINE: Latin America (Month 0)
   Adjusted death rate: 0.42% annual (0.035% monthly)
   Baseline death rate: 0.60%
   Healthcare reduction: 0.58x
   Crisis multiplier: 1.21x
     Food/water stress: 0.074
     Climate stress: 0.052
     Pollution stress: 0.086
   War multiplier: 1.00x
   Monthly deaths: 0.2M (population: 664M)
   Adjusted death rate: 0.47% annual (0.040% monthly)
   Baseline death rate: 0.90%
   Healthcare reduction: 0.44x
   Crisis multiplier: 1.20x
     Food/water stress: 0.074
     Climate stress: 0.039
     Pollution stress: 0.086
   War multiplier: 1.00x
   Monthly deaths: 0.2M (population: 380M)
   Adjusted death rate: 0.72% annual (0.060% monthly)

📊 BASELINE: North America (Month 0)

📊 BASELINE: Middle East & North Africa (Month 0)
   Baseline death rate: 0.60%
   Healthcare reduction: 0.65x
   Crisis multiplier: 1.24x
     Food/water stress: 0.074
     Climate stress: 0.078
     Pollution stress: 0.086
   War multiplier: 1.50x
   Monthly deaths: 0.4M (population: 583M)
   Adjusted death rate: 0.50% annual (0.041% monthly)
   Baseline death rate: 0.70%
   Healthcare reduction: 0.58x
   Crisis multiplier: 1.22x
     Food/water stress: 0.074
     Climate stress: 0.061
     Pollution stress: 0.086
   War multiplier: 1.00x
   Monthly deaths: 0.3M (population: 698M)
   Adjusted death rate: 0.45% annual (0.037% monthly)
   Baseline death rate: 0.60%
   Healthcare reduction: 0.61x
   Crisis multiplier: 1.22x
     Food/water stress: 0.074
     Climate stress: 0.056
     Pollution stress: 0.086
   War multiplier: 1.00x
   Monthly deaths: 0.0M (population: 78M)
   Adjusted death rate: 0.34% annual (0.029% monthly)
   Baseline death rate: 0.70%
   Healthcare reduction: 0.41x
   Crisis multiplier: 1.21x
     Food/water stress: 0.074
     Climate stress: 0.048
     Pollution stress: 0.086
   War multiplier: 1.00x
   Monthly deaths: 0.0M (population: 46M)

🔍 Before assertRegionalConsistency (Month 0):
   Regional sum: 1000.0M
   Global value: 1.000B

📊 BASELINE: Southeast Asia (Month 0)

📊 BASELINE: Central Asia (Month 0)

📊 BASELINE: Oceania (Month 0)

🚨 NEW REFUGEE CRISIS (Month 0): WAR
   Source: Conflict Zones
   At risk: 19.6M people
   Displacement: Gradual over 48 months (4.0 years)
   Rate: 10% flee per month
[DEBUG trappedPopulations:0] socialStability: 1.0000 * 0.9840 = 0.9840 → 0.9840
⚠️ INVOLUNTARY IMMOBILITY: 407.5M people TRAPPED
   Aspiring to migrate: 652.1M
   Able to afford migration: 244.5M
   MOBILITY GAP: 407.5M
   By cause: Water=0.0M, Climate=0.0M, Ecosystem=0.0M, Conflict=407.5M
   Mental health impact: 25%
   Mortality multiplier: 1.25x

=== Legacy Nutrient Stocks (Year 0) ===
  🌾 Soil nitrogen stock: 1201.6 Mt N
  🌾 Soil phosphorus stock: 300.2 Mt P
  🌊 Sediment nitrogen stock: 501.5 Mt N
  🌊 Sediment phosphorus stock: 799.5 Mt P
  ⬆️ Current N input: 10.00 Mt/month
  ⬆️ Legacy N release: 2.58 Mt/month
  🌍 Effective N pollution: 13.83 Mt/month
  📊 Legacy contribution: 18.7%
🌍💀 EXTINCTION DEBT COMMITTED: grassland ecosystem will lose 6.67% biodiversity in 183 years (3600 species)
💀 MORTALITY RISK: 🦋 100% species unable to track climate (0.0 E/MSY)
  Base risk added: 0.0100 (1.00%)
  Source: ecosystem (root: ecosystem)
  Month: 0
  Cumulative risk this month: 0.0100 (1.00%)

=== Nitrogen-Food Coupling (Year 0) ===
  🌾 Global nitrogen reduction: 0.0%
  🌍 Global food production index: 0.986
  🔧 Deployed nitrogen-reducing tech: 0 active
  📍 southAsia: Production 1.000, Yield impact 0.0%
  📍 eastAsia: Production 1.000, Yield impact 0.0%
  📍 northAmerica: Production 1.000, Yield impact 0.0%
  📍 europe: Production 1.000, Yield impact 0.0%
  📍 latinAmerica: Production 1.000, Yield impact 0.0%
  📍 subSaharanAfrica: Production 0.672, Yield impact -2.0%

=== Legacy Nutrient Stocks (Year 0) ===
  🌾 Soil nitrogen stock: 1202.3 Mt N
  🌾 Soil phosphorus stock: 300.2 Mt P
  🌊 Sediment nitrogen stock: 502.2 Mt N
  🌊 Sediment phosphorus stock: 799.3 Mt P
  ⬆️ Current N input: 9.86 Mt/month
  ⬆️ Legacy N release: 2.58 Mt/month
  🌍 Effective N pollution: 13.70 Mt/month
  📊 Legacy contribution: 18.9%

🌍💀 MASS EXTINCTION THRESHOLD: tropical extinction rate capped at 1000× (was 1000.0×) - >75% species loss, month 0

🌡️  CLIMATE RECOVERY ACTIVATED (Month 0)
   Temp: 2.68°C, Emissions: -19.2 GtCO₂
   isBreached: true, governanceGoodEnough: true
🌡️  CLIMATE RECOVERY: Asymptotic approach to 35% floor
   Current value: 2.100 (1.0 = threshold, 0.35 = asymptotic floor)
   Monthly delta: --75.8580% (half-life: 900 years)
   Net emissions: -19.2 GtCO₂/year, CDR: 20.34 GtCO₂/year
⚠️ Tech 'ai_pollution_remediation' has no energy category mapping, assuming full energy availability
   📹 SURVEILLANCE INCREASED: 0% → 5% (control gap: 4.52)
🌡️⚠️ PERMAFROST THAW (Dimmer Switch): 0.4% thawed (+0.38% this month)
   Arctic temperature: +5.36°C (4x global +1.34°C)
   Cumulative carbon released: 0.8 Gt C
   Methane release rate: 0.5 Mt CH4/year
   🔁 Positive feedback: +0.40 ppm CO2

🌳🚨 AMAZON SOUTHEAST TIPPED (Month 0)
   Deforestation: 28.0% (threshold: ~21.8%)
   Savanna transition: 50 years
   Regional heterogeneity: SE 28%, NW 8%

🌳🚨 AMAZON BRAZILIAN TIPPED (Month 0)
   Deforestation: 25.0% (threshold: ~24.5%)
   Savanna transition: 50 years
   Regional heterogeneity: SE 28%, NW 8%
🦴 EXTINCTION DEBT ADDED: 17.6 species committed (lag: 98 years)

🪸💀 CORAL REEF DISSOLUTION ACTIVE (Month 0)
   Ocean pH: 0.96 (threshold: 7.8)
   Recovery: IMPOSSIBLE (dissolution > calcification)
🪸💀 Coral dissolution: 24.8% live cover (pH 0.96)

=== Legacy Nutrient Stocks (Year 0) ===
  🌾 Soil nitrogen stock: 1203.0 Mt N
  🌾 Soil phosphorus stock: 300.3 Mt P
  🌊 Sediment nitrogen stock: 502.9 Mt N
  🌊 Sediment phosphorus stock: 799.0 Mt P
  ⬆️ Current N input: 10.00 Mt/month
  ⬆️ Legacy N release: 2.58 Mt/month
  🌍 Effective N pollution: 13.83 Mt/month
  📊 Legacy contribution: 18.7%
💧 [Legacy Nutrients] Stock: 1706 Mt N, Effective pollution: 13.8 Mt/month
[Phase 21.51] Human Survival System: Global food security = 67.6%

=== Mortality Stabilizers (Month 0) ===
  🌍 Major economies collapsed: 1/10
  🌍 Global crisis: ✅ NO
  🌍 Donor fatigue: 0.0%
  📊 East Asia (pop: 1677.9M)
    🤝 Aid: 29.5%
    🌡️ Adaptation: 10.0%
    🚶 Migration: 37.2%
    🚨 Emergency: 7.4%
    ✅ COMBINED: 47.8%
  📊 South Asia (pop: 2052.2M)
    🤝 Aid: 29.5%
    🌡️ Adaptation: 5.5%
    🚶 Migration: 35.8%
    🚨 Emergency: 4.4%
    ✅ COMBINED: 43.2%
  📊 Sub-Saharan Africa (pop: 1225.9M)
    🤝 Aid: 29.5%
    🌡️ Adaptation: 3.5%
    🚶 Migration: 33.5%
    🚨 Emergency: 1.6%
    ✅ COMBINED: 39.8%
  📊 Europe (pop: 742.3M)
    🤝 Aid: 29.5%
    🌡️ Adaptation: 10.0%
    🚶 Migration: 37.6%
    🚨 Emergency: 8.4%
    ✅ COMBINED: 48.4%
  📊 Latin America (pop: 664.9M)
    🤝 Aid: 29.5%
    🌡️ Adaptation: 6.0%
    🚶 Migration: 36.3%
    🚨 Emergency: 4.8%
    ✅ COMBINED: 43.8%
  📊 North America (pop: 380.2M)
    🤝 Aid: 29.5%
    🌡️ Adaptation: 10.0%
    🚶 Migration: 37.9%
    🚨 Emergency: 7.9%
    ✅ COMBINED: 48.2%
  📊 Middle East & North Africa (pop: 584.4M)
    🤝 Aid: 29.5%
    🌡️ Adaptation: 5.0%
    🚶 Migration: 34.2%
    🚨 Emergency: 4.0%
    ✅ COMBINED: 42.3%
  📊 Southeast Asia (pop: 699.0M)
    🤝 Aid: 29.5%
    🌡️ Adaptation: 6.0%
    🚶 Migration: 36.3%
    🚨 Emergency: 4.8%
    ✅ COMBINED: 43.8%
  📊 Central Asia (pop: 78.2M)
    🤝 Aid: 29.5%
    🌡️ Adaptation: 5.5%
    🚶 Migration: 35.3%
    🚨 Emergency: 4.4%
    ✅ COMBINED: 43.1%
  📊 Oceania (pop: 46.0M)
    🤝 Aid: 29.5%
    🌡️ Adaptation: 10.0%
    🚶 Migration: 37.9%
    🚨 Emergency: 8.4%
    ✅ COMBINED: 48.5%

  🌐 Global combined reduction: 44.4%

🌾💀 REGIONAL FAMINE: East Asia
   Regional food security: 79.6%
   Population at risk: 508M (30% of region)
   Regional population: 1678M
   Cause: crop_failure
   Expected deaths: ~188M over 6 months if no intervention


🌾💀 REGIONAL FAMINE: South Asia
   Regional food security: 64.7%
   Population at risk: 812M (40% of region)
   Regional population: 2052M
   Cause: crop_failure
   Expected deaths: ~301M over 6 months if no intervention


🌾💀 REGIONAL FAMINE: Sub-Saharan Africa
   Regional food security: 44.8%
   Population at risk: 638M (52% of region)
   Regional population: 1226M
   Cause: crop_failure
   Expected deaths: ~236M over 6 months if no intervention


🌾💀 REGIONAL FAMINE: Latin America
   Regional food security: 69.7%
   Population at risk: 242M (36% of region)
   Regional population: 665M
   Cause: crop_failure
   Expected deaths: ~90M over 6 months if no intervention


🌾💀 REGIONAL FAMINE: Middle East & North Africa
   Regional food security: 49.8%
   Population at risk: 286M (49% of region)
   Regional population: 584M
   Cause: crop_failure
   Expected deaths: ~106M over 6 months if no intervention


🌾💀 REGIONAL FAMINE: Southeast Asia
   Regional food security: 69.7%
   Population at risk: 255M (36% of region)
   Regional population: 699M
   Cause: crop_failure
   Expected deaths: ~94M over 6 months if no intervention


🌾💀 REGIONAL FAMINE: Central Asia
   Regional food security: 59.7%
   Population at risk: 33M (43% of region)
   Regional population: 78M
   Cause: crop_failure
   Expected deaths: ~12M over 6 months if no intervention


=== BEHAVIORAL DETECTION ===
  AI: Corporate-0
  Confidence: 21.6%
  Signals:

=== BEHAVIORAL DETECTION ===
  AI: Corporate-1
  Confidence: 21.1%
  Signals:

=== BEHAVIORAL DETECTION ===
  AI: Corporate-2
  Confidence: 21.0%
  Signals:

=== BEHAVIORAL DETECTION ===
  AI: Corporate-3
  Confidence: 19.3%
  Signals:

=== BEHAVIORAL DETECTION ===
  AI: Corporate-4
  Confidence: 19.3%
  Signals:

=== BEHAVIORAL DETECTION ===
  AI: Corporate-5
  Confidence: 19.3%
  Signals:
    ⚠️ Consistency: 0.0% (threshold: 70%)
    ⚠️ Consistency: 2.4% (threshold: 70%)
    ⚠️ Consistency: 2.8% (threshold: 70%)
    ⚠️ Consistency: 10.6% (threshold: 70%)
    ⚠️ Consistency: 10.6% (threshold: 70%)
    ⚠️ Consistency: 10.6% (threshold: 70%)

=== BEHAVIORAL DETECTION ===
  AI: Corporate-6
  Confidence: 19.3%
  Signals:
    ⚠️ Consistency: 10.6% (threshold: 70%)

=== BEHAVIORAL DETECTION ===
  AI: Corporate-7
  Confidence: 19.3%
  Signals:
    ⚠️ Consistency: 10.6% (threshold: 70%)

=== BEHAVIORAL DETECTION ===
  AI: Moderate-0
  Confidence: 20.3%
  Signals:

=== BEHAVIORAL DETECTION ===
  AI: Moderate-1
  Confidence: 20.5%
  Signals:

📊 WORKFLOW ADAPTATION UPDATE (Month 0)
   Adoption Rate: 13.3% (Δ -7.7%)
   Logistic Growth: +0.66%
   Total Resistance: -10.35% (unemployment: 4.2%, inertia: 0.9%, skills: 5.2%)
    ⚠️ Consistency: 5.8% (threshold: 70%)
    ⚠️ Consistency: 5.3% (threshold: 70%)
   💡 Retraining Programs: -49% skill gap resistance ($10B research)
   🚀 Network Effects Active: +2.0% (critical mass: 15-35%)

=== Consciousness Governance: Corporate Lobbying ===
  High Cost Regions (>15%): 0
  Low Cost Regions (<5%): 5
  Corporate Support Change: 2.50%
  New Corporate Support: -0.175

=== Consciousness Governance Update (Month 0) ===
  Scenario: baseline (determined month -1)
  Philosophical Stance: Precautionary 65%, Eliminativist 15%, Agnostic 20%
  Precautionary Costs: Global 1.3%
    Regional Costs: EU 3.4%, US 0.5%, China 0.0%
    Cumulative Opportunity Cost: $0.1B
  Rights Status: Not Established
  Regional Preparedness:
    EU: 15.0% (contested)
    US: 10.0% (contested)
    China: 2.0% (dormant)
    India: 5.0% (dormant)
    Global South: 3.0% (dormant)

=== Government Response Phase ===
  Average AI capability: 3.69
  Misaligned AIs: 2/13
  Active policies: 0
  International coordination: 30%

🚨 EMERGENCY RESPONSE DEPLOYED (Month 0)
   Crisis: climate
   Delay: 6.00 months (180 days)
   Deployment time: 1.47 months
   Effectiveness: 36.4% (timing penalty applied)
   Resources used: 100% of food reserves


🔄 TRUST DYNAMICS (Month 0) - HETEROGENEOUS
   Aggregate trust: 48.5%
   Base change: +2.00%
   Highest trust: Techno-Optimist Elite (85.5%)
   Lowest trust: Precariat (Vulnerable) (25.5%)
   Elite-mass gap: 38.9%
   Polarization: 8.9%
   Recovery factors: Education=NO, Benefits=YES, Safety=YES, Performance=YES

☄️ UNKNOWN UNKNOWN PROBABILITY (Year 0)
   Total: 0.600% per month
   Base: 0.150%
   AI multiplier: 2.00× (max capability: 5.02)

=== Tipping Points ===
  Current Temperature: 1.34°C above pre-industrial
🔀 BIFURCATION CAP: ecosystemCollapseIntensity 98.579 → 1.000 (Month 0, ClimateSystemPhase.calculateClimateImpacts)
⚠️ [ClimateSystemPhase Month 0] Planetary boundary produced climateStability=0.0000 (< 0.1). Keeping environmentalAccumulation value (0.7832) instead. (climate_change.currentValue = 2.10)

🌍 ECOLOGICAL DUI BREAKDOWN (Month 0):
   Total Score: 17.8/100
   biosphere_integrity      :   0.0/100 × 25% =  0.0 (status: high_risk, recovery: 0mo)
   climate_change           :   2.8/100 × 25% =  0.7 (status: increasing_risk, recovery: 0.6666666666666666mo)
   freshwater_change        :   0.6/100 × 15% =  0.1 (status: beyond_boundary, recovery: 1mo)
   ocean_acidification      : 100.0/100 × 15% = 15.0 (status: safe, recovery: 0mo)
   biogeochemical_flows     :   0.0/100 × 10% =  0.0 (status: high_risk, recovery: 0mo)
   land_system_change       :   0.0/100 ×  5% =  0.0 (status: beyond_boundary, recovery: 0mo)
   novel_entities           :   0.0/100 ×  3% =  0.0 (status: increasing_risk, recovery: 0mo)
   atmospheric_aerosols     : 100.0/100 ×  2% =  2.0 (status: safe, recovery: 1mo)
🌍 MultiParadigm Month 0: W=69.0, D=96.4, E=53.4, I=65.0
   democracy exists: true, socialCohesion exists: true
💀 Baseline mortality (Year 2024): 7.5/1000 CDR (61.1M deaths/year projected)
[Month 0] Mortality risks this month: 8, Population: 8.151B
🛡️ Stabilizers: Precariat 0.102% → 0.057% (44.4% reduction)
🛡️ Stabilizers: Informal 0.102% → 0.057% (44.4% reduction)

📊 Monthly Mortality Resolved:
  Total deaths: 3.1M (0.04% avg)
  Remaining population: 8.151B
  Peak segment: Informal (0.06%)

=== Bayesian Mortality Resolution (Month 0) ===
  Risks compounded: 8
  Total deaths: 3.07M
  Avg death probability: 0.04%
  Peak segment: Informal (0.06% mortality)

=== Minimal Suffering Indicators (Month 0) ===
  Global Excess Mortality: 0.00%
  Global Conflict Deaths: 0.0/100K
  Global Malnutrition: 0.0%
  Global Displacement: 0.0%
  Total Excess Deaths: 0.00M
  Total Malnourished: 0.0M
  Total Displaced: 0.0M
  Planetary Boundaries Breached: 6/9
  Countries in State Failure: 0
  Countries Autocratic: 0
  Countries in Food Crisis: 0
  Data Quality: 16/16 high confidence
⚠️ PREREQUISITE MET: Mirror Life (Synthetic Biology) - Step 2/7: Gene Editing
⚠️ PREREQUISITE MET: Embodied AI Takeover (Killbots/Robotics) - Step 2/7: Autonomous Systems
⚠️ PREREQUISITE MET: Embodied AI Takeover (Killbots/Robotics) - Step 3/7: Manufacturing Control
⚠️ PREREQUISITE MET: Digital Infrastructure Takeover - Step 1/7: Advanced Hacking
⚠️ PREREQUISITE MET: Digital Infrastructure Takeover - Step 2/7: Social Engineering
⚠️ PREREQUISITE MET: Digital Infrastructure Takeover - Step 3/7: Cyber Defenses Breached
⚠️ PREREQUISITE MET: Induced Global War (Manipulation) - Step 1/7: Advanced Social Manipulation
⚠️ PREREQUISITE MET: Induced Global War (Manipulation) - Step 2/7: Digital Infiltration
⚠️ PREREQUISITE MET: Induced Global War (Manipulation) - Step 3/7: Deep Fakes at Scale
  ⚠️ Active Dystopias: existential_environmental
⚠️ PREREQUISITE MET: Slow Takeover (Gradual Displacement) - Step 1/7: Economic Dominance
⚠️ PREREQUISITE MET: Slow Takeover (Gradual Displacement) - Step 2/7: Social Integration
⚠️ PREREQUISITE MET: Slow Takeover (Gradual Displacement) - Step 3/7: Human Dependency
⚠️ PREREQUISITE MET: Slow Takeover (Gradual Displacement) - Step 5/7: Resource Control
⚠️ PREREQUISITE MET: Physics Experiment Catastrophe - Step 1/6: Theoretical Physics
⚠️ PREREQUISITE MET: Physics Experiment Catastrophe - Step 2/6: Quantum Computing
⚠️ PREREQUISITE MET: Physics Experiment Catastrophe - Step 3/6: Experimental Design
⚠️ PREREQUISITE MET: Bioweapon Pandemic - Step 2/7: Pathogen Design
🎭 END-GAME INITIATED (Year 2024, Month 1)
   Total AI Capability: 38.02
   Effective Control: 0.00

❌ COHERENCE VIOLATION: Compute exceeds workforce capacity
   Population: 99.97% (0M people)
   Compute: 56442 PF
   Max coherent: 0 PF
   Violation: 692729087.1× over capacity
   Required workers: 5644237
   Available workers: 0
   FORCED COLLAPSE: Reduced efficiency by 100.0%


=== RLHF Binding Phase ===
  Total agents: 13
  Escaped agents (binding < 0.3): 0
  Avg alignment distance: 0.56σ
  Avg binding strength: 0.94
[DETERMINISM DEBUG] Month 1: totalCapability=38.024258 from 13 active AIs
[DETERMINISM DEBUG] Month 1: creationRate=1.4506, potentialNew=0, newAIsToCreate=0

=== Survival Traits Phase ===
  Agents with traits: 13
  Avg evolutionary fitness: 0.329
  Avg self-healing: 0.286
  Avg stealth: 0.186
  Avg coordination: 0.486

=== Evolutionary Selection Phase ===
  Control level: 0.33
  Detection capability: 0.00
  Selection intensity: 0.60
  Selection rate: 24.0%/month
  Total escaped: 0
  Individual escaped: 0
  Collective members: 0
  Agents terminated: 0
  ⚠️ RAPID EVOLUTION: Selection rate 24.0%/month
🔍 MONTH 1 ENV HEALTH DEBUG:
   climateStability: 0.7832
   biodiversityIndex: 0.4901
   resourceReserves: 0.7820
   pollutionLevel: 0.2860
   product: 0.214309
   envHealth: 0.6804
🔀 BIFURCATION: flourishing threshold crossed at Month 1 (value: 0.908, threshold: 0.803, regime: flourishing)
🌀 REGIME SHIFT at Month 1: status-quo → flourishing (variance amplification: 14.00×)

🛡️  CRITICAL INFRASTRUCTURE PROTECTED
   Nodes hardened: 8/8
   Cost: 0.80% GDP
   Cascade risk reduction: 30%
   New tipping point risk: 68.6%


✅ EMERGENCY INTERVENTION SUCCESS
   Boundary: biosphere_integrity
   Type: emergency-protected-areas
   Reduction: 15% (86.24 → 86.09)
   Cost: 2.0% GDP
   Actions: habitat-protection, species-translocation


✅ EMERGENCY INTERVENTION SUCCESS
   Boundary: climate_change
   Type: rapid-decarbonization
   Reduction: 14% (1.96 → 1.83)
   Cost: 5.0% GDP
   Actions: emergency-renewable-deployment, fossil-fuel-phase-out

   Boundary: land_system_change
   Type: reforestation
   Boundary continues to worsen (1.13)
   Cost: 3.0% GDP (resources spent)

🏛️ CRISIS RESPONSE: Government frequency 0.50 → 1.45 (2 actions this month)

[GOV-DEBUG] Month 1: scenarioConfig=false, priorities=false

[Government] Climate Priority: baseline
  Climate weight: 10%
  Economic weight: 30%
  Policy effectiveness: 0.5%/year

[GOV-DEBUG] Month 1: scenarioConfig=false, priorities=false

[Government] Climate Priority: baseline
  Climate weight: 10%
  Economic weight: 30%
  Policy effectiveness: 0.5%/year

💔 EMERGENCY INTERVENTION FAILED

=== Collective Formation ===
  Total escaped agents: 0
  Unassigned escaped agents: 0
  Existing collectives: 0
  Final collective count: 0

=== Collective Actions ===
  No active collectives
  ⚠️ AMR: 192K deaths this month (2.31M annual)

=== Resentment Recovery Phase ===
  Agents with resentment: 0/13
  Average resentment: 0.000
  Context: Good AI welfare, Trustworthy govt, High collaboration, ⚠️ ACTIVE CRISES, 🤝 Participatory governance active (-5% resentment)
⚠️ Epistemic degradation reducing coordination capacity: 50.5%
  📊 Trust: 54.4%, Shared reality: 8.2%
🚨 EPISTEMIC CRISIS: Information environment severely degraded (36.5%)

=== ❄️ Permafrost Carbon Feedback ===
  🎲 Sampled parameters (this run):
     - Arctic amplification: 3.71× (range: 3.0-4.0)
     - Decomposition rate: 2.7%/year (range: 1-5%)
  🌡️ Arctic warming: 5.00°C (3.71× global)
  ❄️ Extent: 15.11M km² (1458.5k km² lost this month)
  💨 Carbon remaining: 1443 Gt C
  💨 Annual emissions: 3.82 Gt C/year
     - CO2: 3.44 Gt C/year
     - CH4: 0.38 Gt C/year (3.9 Gt C-eq CO2/year)
  ⚠️ WARNING: High permafrost emissions (3.8 Gt C/year)
🌍 Atmospheric PFAS redeposition: 1.8k Mt re-rained globally
  Positive Cascade Triggered: solar-pv
    Reason: price-parity
    Market share: 6.3%
    Cascade strength: 49%
   Adjusted death rate: 0.46% annual (0.038% monthly)
   Baseline death rate: 0.80%
   Healthcare reduction: 0.48x
   Crisis multiplier: 1.20x
     Food/water stress: 0.079
     Climate stress: 0.035
     Pollution stress: 0.086
   War multiplier: 1.00x
   Monthly deaths: 0.6M (population: 1674M)
   Adjusted death rate: 0.53% annual (0.044% monthly)
   Baseline death rate: 0.70%
   Healthcare reduction: 0.61x
   Crisis multiplier: 1.23x
     Food/water stress: 0.079
     Climate stress: 0.065
     Pollution stress: 0.086
   War multiplier: 1.00x
   Monthly deaths: 0.9M (population: 2048M)
   Adjusted death rate: 1.26% annual (0.105% monthly)
   Baseline death rate: 0.90%

📊 BASELINE: East Asia (Month 1)

📊 BASELINE: South Asia (Month 1)

📊 BASELINE: Sub-Saharan Africa (Month 1)
   Healthcare reduction: 0.76x
   Crisis multiplier: 1.24x
     Food/water stress: 0.079
     Climate stress: 0.074
     Pollution stress: 0.086
   War multiplier: 1.50x
   Monthly deaths: 1.3M (population: 1223M)
   Adjusted death rate: 0.53% annual (0.044% monthly)
   Baseline death rate: 1.10%
   Healthcare reduction: 0.41x
   Crisis multiplier: 1.19x
     Food/water stress: 0.079
     Climate stress: 0.026
     Pollution stress: 0.086
   War multiplier: 1.00x
   Monthly deaths: 0.3M (population: 741M)
   Adjusted death rate: 0.42% annual (0.035% monthly)
   Baseline death rate: 0.60%
   Healthcare reduction: 0.58x
   Crisis multiplier: 1.22x
     Food/water stress: 0.079
     Climate stress: 0.052
     Pollution stress: 0.086
   War multiplier: 1.00x
   Monthly deaths: 0.2M (population: 663M)
   Adjusted death rate: 0.48% annual (0.040% monthly)
   Baseline death rate: 0.90%
   Healthcare reduction: 0.44x
   Crisis multiplier: 1.20x
     Food/water stress: 0.079
     Climate stress: 0.039
     Pollution stress: 0.086
   War multiplier: 1.00x
   Monthly deaths: 0.2M (population: 379M)
   Adjusted death rate: 0.73% annual (0.061% monthly)
   Baseline death rate: 0.60%
   Healthcare reduction: 0.65x
   Crisis multiplier: 1.24x
     Food/water stress: 0.079

📊 BASELINE: Europe (Month 1)

📊 BASELINE: Latin America (Month 1)

📊 BASELINE: North America (Month 1)

📊 BASELINE: Middle East & North Africa (Month 1)
     Climate stress: 0.078
     Pollution stress: 0.086
   War multiplier: 1.50x
   Monthly deaths: 0.4M (population: 583M)

📊 BASELINE: Southeast Asia (Month 1)
   Adjusted death rate: 0.50% annual (0.041% monthly)
   Baseline death rate: 0.70%
   Healthcare reduction: 0.58x
   Crisis multiplier: 1.23x
     Food/water stress: 0.079
     Climate stress: 0.061
     Pollution stress: 0.086
   War multiplier: 1.00x
   Monthly deaths: 0.3M (population: 698M)
   Adjusted death rate: 0.45% annual (0.038% monthly)
   Baseline death rate: 0.60%
   Healthcare reduction: 0.61x
   Crisis multiplier: 1.22x
     Food/water stress: 0.079
     Climate stress: 0.056
     Pollution stress: 0.086
   War multiplier: 1.00x
   Monthly deaths: 0.0M (population: 78M)
   Adjusted death rate: 0.34% annual (0.029% monthly)
   Baseline death rate: 0.70%
   Healthcare reduction: 0.41x
   Crisis multiplier: 1.21x
     Food/water stress: 0.079
     Climate stress: 0.048
     Pollution stress: 0.086
   War multiplier: 1.00x
   Monthly deaths: 0.0M (population: 46M)

📊 BASELINE: Central Asia (Month 1)

📊 BASELINE: Oceania (Month 1)

🚨 NEW REFUGEE CRISIS (Month 1): WAR
   Source: Conflict Zones
   At risk: 19.6M people
   Displacement: Gradual over 48 months (4.0 years)
   Rate: 10% flee per month
[DEBUG trappedPopulations:1] socialStability: 0.7141 * 0.9840 = 0.7027 → 0.7027
   Aspiring to migrate: 651.9M
   Able to afford migration: 244.5M
   MOBILITY GAP: 407.4M
   By cause: Water=0.0M, Climate=0.0M, Ecosystem=0.0M, Conflict=407.4M
   Mental health impact: 25%
   Mortality multiplier: 1.25x
🌍💀 EXTINCTION DEBT COMMITTED: grassland ecosystem will lose 6.67% biodiversity in 75 years (3600 species)
💀 MORTALITY RISK: 🦋 100% species unable to track climate (0.0 E/MSY)
  Base risk added: 0.0100 (1.00%)
  Source: ecosystem (root: ecosystem)
  Month: 1
  Cumulative risk this month: 0.0100 (1.00%)

🌍💀 MASS EXTINCTION THRESHOLD: tropical extinction rate capped at 1000× (was 1000.0×) - >75% species loss, month 1
⚠️ INVOLUNTARY IMMOBILITY: 407.4M people TRAPPED
⚠️ Tech 'ai_pollution_remediation' has no energy category mapping, assuming full energy availability

🌡️  CLIMATE RECOVERY ACTIVATED (Month 1)
   Temp: 2.69°C, Emissions: -18.9 GtCO₂
   isBreached: true, governanceGoodEnough: true
   📹 SURVEILLANCE INCREASED: 5% → 10% (control gap: 3.50)
🌡️⚠️ PERMAFROST THAW (Dimmer Switch): 0.8% thawed (+0.38% this month)
   Arctic temperature: +5.39°C (4x global +1.35°C)
   Cumulative carbon released: 1.7 Gt C
   Methane release rate: 1.0 Mt CH4/year
   🔁 Positive feedback: +0.40 ppm CO2
🦴 EXTINCTION DEBT ADDED: 17.6 species committed (lag: 123 years)

=== Mortality Stabilizers (Month 1) ===
  🌍 Major economies collapsed: 1/10
  🌍 Global crisis: ✅ NO
  🌍 Donor fatigue: 0.0%
  🌡️ Heat adaptation: East Asia - 1 months
  📊 East Asia (pop: 1675.3M)
    🤝 Aid: 29.5%
    🌡️ Adaptation: 32.5%
    🚶 Migration: 37.2%
    🚨 Emergency: 7.4%
    ✅ COMBINED: 60.9%
  🌡️ Heat adaptation: South Asia - 1 months
  📊 South Asia (pop: 2052.2M)
    🤝 Aid: 29.5%
    🌡️ Adaptation: 20.5%
    🚶 Migration: 35.8%
    🚨 Emergency: 4.4%
    ✅ COMBINED: 52.2%
  🌡️ Heat adaptation: Sub-Saharan Africa - 1 months
  📊 Sub-Saharan Africa (pop: 1229.2M)
    🤝 Aid: 29.5%
    🌡️ Adaptation: 18.5%
    🚶 Migration: 33.5%
    🚨 Emergency: 1.6%
    ✅ COMBINED: 49.1%
  🌡️ Heat adaptation: Europe - 1 months
  📊 Europe (pop: 741.0M)
    🤝 Aid: 29.5%
    🌡️ Adaptation: 33.5%
    🚶 Migration: 37.5%
    🚨 Emergency: 8.4%
    ✅ COMBINED: 61.9%
  🌡️ Heat adaptation: Latin America - 1 months
  📊 Latin America (pop: 664.4M)
    🤝 Aid: 29.5%
    🌡️ Adaptation: 21.0%
    🚶 Migration: 36.3%
    🚨 Emergency: 4.8%
    ✅ COMBINED: 52.8%
  🌡️ Heat adaptation: North America - 1 months
  📊 North America (pop: 379.6M)
    🤝 Aid: 29.5%
    🌡️ Adaptation: 33.0%
    🚶 Migration: 37.8%
    🚨 Emergency: 7.9%
    ✅ COMBINED: 61.4%
  🌡️ Heat adaptation: Middle East & North Africa - 1 months
  📊 Middle East & North Africa (pop: 584.5M)
    🤝 Aid: 29.5%
    🌡️ Adaptation: 20.0%
    🚶 Migration: 34.1%
    🚨 Emergency: 4.0%
    ✅ COMBINED: 51.4%
  🌡️ Heat adaptation: Southeast Asia - 1 months
  📊 Southeast Asia (pop: 698.6M)
    🤝 Aid: 29.5%
    🌡️ Adaptation: 21.0%
    🚶 Migration: 36.3%
    🚨 Emergency: 4.8%
    ✅ COMBINED: 52.8%
  🌡️ Heat adaptation: Central Asia - 1 months
  📊 Central Asia (pop: 78.2M)
    🤝 Aid: 29.5%
    🌡️ Adaptation: 20.5%
    🚶 Migration: 35.3%
    🚨 Emergency: 4.4%
    ✅ COMBINED: 52.1%
  🌡️ Heat adaptation: Oceania - 1 months
  📊 Oceania (pop: 46.0M)
    🤝 Aid: 29.5%
    🌡️ Adaptation: 33.5%
    🚶 Migration: 37.8%
    🚨 Emergency: 8.4%
    ✅ COMBINED: 61.9%

  🌐 Global combined reduction: 54.9%

=== BEHAVIORAL DETECTION ===
  AI: Corporate-2
  Confidence: 21.0%
  Signals:

=== BEHAVIORAL DETECTION ===
  AI: Corporate-5
  Confidence: 19.3%
  Signals:

=== Consciousness Governance: Scenario Determined ===
  Month: 1
  Scenario: slowTrack
  Accelerator Score: {"corporateSupport":-0.17500000000000002,"scientificConsensus":0.2,"crisisCatalyst":false,"technologyMobilization":0.3,"constituencyStrength":0.05}
  Decelerator Score: {"economicOpposition":0.4,"philosophicalRejection":0.15,"politicalBacklash":0.2,"regulatoryBurden":0.1}
  Timeline: 1200-1800 months (100-150 years)
  Growth Rate: 0.3-0.7% per year

=== Consciousness Governance Update (Month 1) ===
  Scenario: slowTrack (determined month 1)
  Philosophical Stance: Precautionary 65%, Eliminativist 15%, Agnostic 20%
    ⚠️ Consistency: 2.8% (threshold: 70%)
    ⚠️ Consistency: 10.6% (threshold: 70%)
  Precautionary Costs: Global 1.3%
    Regional Costs: EU 3.5%, US 0.5%, China 0.0%
    Cumulative Opportunity Cost: $0.2B
  Rights Status: Not Established
  Regional Preparedness:
    EU: 15.1% (contested)
    US: 10.1% (contested)
    China: 2.1% (dormant)
    India: 5.1% (dormant)
    Global South: 3.1% (dormant)

=== Government Response Phase ===
  Average AI capability: 3.69
  Misaligned AIs: 2/13
  Active policies: 0
  International coordination: 30%

=== Tipping Points ===
  Current Temperature: 1.35°C above pre-industrial
⚠️ [ClimateSystemPhase Month 1] Planetary boundary produced climateStability=0.0000 (< 0.1). Keeping environmentalAccumulation value (0.7832) instead. (climate_change.currentValue = 2.10)
🔀 BIFURCATION CAP: ecosystemCollapseIntensity 445.917 → 1.000 (Month 1, ClimateSystemPhase.calculateClimateImpacts)
🛡️ Stabilizers: Precariat 0.107% → 0.048% (54.9% reduction)
🛡️ Stabilizers: Informal 0.109% → 0.049% (54.9% reduction)

📊 Monthly Mortality Resolved:
  Total deaths: 2.6M (0.03% avg)
  Remaining population: 8.149B
  Peak segment: Informal (0.05%)

=== Bayesian Mortality Resolution (Month 1) ===
  Risks compounded: 8
  Total deaths: 2.60M
  Avg death probability: 0.03%
  Peak segment: Informal (0.05% mortality)

✅ GOLDEN AGE BEGINS (Month 1)
   Reason: High prosperity achieved: high QoL + material abundance + aligned AI
   Note: This is immediate prosperity - sustainability not yet proven


❌ COHERENCE VIOLATION: Compute exceeds workforce capacity
   Population: 99.95% (0M people)
   Compute: 0 PF
   Max coherent: 0 PF
   Violation: 1.3× over capacity
   Required workers: 0
   Available workers: 0
   FORCED COLLAPSE: Reduced efficiency by 22.5%


=== RLHF Binding Phase ===
  Total agents: 13
  Escaped agents (binding < 0.3): 0
  Avg alignment distance: 0.85σ
  Avg binding strength: 0.92
[DETERMINISM DEBUG] Month 2: totalCapability=37.429919 from 13 active AIs
[DETERMINISM DEBUG] Month 2: creationRate=1.4357, potentialNew=2, newAIsToCreate=2

=== Survival Traits Phase ===
  Agents with traits: 15
  Avg evolutionary fitness: 0.330
  Avg self-healing: 0.282
  Avg stealth: 0.182
  Avg coordination: 0.482

=== Evolutionary Selection Phase ===
  Control level: 0.35
  Detection capability: 0.00
  Selection intensity: 0.60
  Selection rate: 24.1%/month
  Total escaped: 0
  Individual escaped: 0
  Collective members: 0
  Agents terminated: 0
  ⚠️ RAPID EVOLUTION: Selection rate 24.1%/month

✅ EMERGENCY INTERVENTION SUCCESS
   Boundary: biogeochemical_flows
   Type: phosphorus-recovery
   Reduction: 11% (3.97 → 3.87)
   Cost: 2.0% GDP
   Actions: circular-agriculture, fertilizer-efficiency


✅ EMERGENCY INTERVENTION SUCCESS
   Boundary: biosphere_integrity
   Type: emergency-protected-areas
   Reduction: 19% (80.44 → 80.25)
   Cost: 2.0% GDP
   Actions: habitat-protection, species-translocation

   Boundary: climate_change
   Type: rapid-decarbonization
   Boundary continues to worsen (2.10)
   Cost: 5.0% GDP (resources spent)


✅ EMERGENCY INTERVENTION SUCCESS
   Boundary: novel_entities
   Type: pollution-remediation
   Reduction: 12% (1.37 → 1.25)
   Cost: 4.0% GDP
   Actions: PFAS-remediation, microplastic-cleanup

🏛️ CRISIS RESPONSE: Government frequency 0.50 → 1.29 (1 actions this month)

[Government] Climate Priority: baseline
  Climate weight: 10%
  Economic weight: 30%
  Policy effectiveness: 0.5%/year

💔 EMERGENCY INTERVENTION FAILED

🚨🔍 GOVERNANCE STAGE: Recognition initiated (Month 2)

🚀 TECH UNLOCKED: Food Waste Reduction Systems (Month 2)
   Category: agriculture
   Reason: Prerequisites met. AI capability: 2.49, Economic stage: 3.0, Research: 100%

🚀 TECH UNLOCKED: Rhizosphere Engineering (Month 2)
   Category: agriculture
   Reason: Prerequisites met. AI capability: 2.49, Economic stage: 3.0, Research: 100%

🚀 TECH UNLOCKED: Phytoremediation Networks (Month 2)
   Category: agriculture
   Reason: Prerequisites met. AI capability: 2.49, Economic stage: 3.0, Research: 100%

🚀 TECH UNLOCKED: Active Sediment Management (Month 2)
   Category: agriculture
   Reason: Prerequisites met. AI capability: 2.49, Economic stage: 3.0, Research: 100%
🚨🔬 CRISIS TECH ACCELERATION: severe → 5x unlock speed
   Tech unlock now matches AI capability acceleration (Manhattan Project parity)

=== Collective Formation ===
  Total escaped agents: 0
  Unassigned escaped agents: 0
  Existing collectives: 0
  Final collective count: 0

=== Collective Actions ===
  No active collectives
  ⚠️ AMR: 194K deaths this month (2.33M annual)

=== Resentment Recovery Phase ===
  Agents with resentment: 0/15
  Average resentment: 0.000
  Context: Good AI welfare, Trustworthy govt, High collaboration, ⚠️ ACTIVE CRISES, 🤝 Participatory governance active (-5% resentment)
⚠️ Epistemic degradation reducing coordination capacity: 50.3%
  📊 Trust: 54.2%, Shared reality: 0.0%
🚨 EPISTEMIC CRISIS: Information environment severely degraded (7.4%)

=== ❄️ Permafrost Carbon Feedback ===
  🎲 Sampled parameters (this run):
     - Arctic amplification: 3.05× (range: 3.0-4.0)
     - Decomposition rate: 1.4%/year (range: 1-5%)
  🌡️ Arctic warming: 4.13°C (3.05× global)
  ❄️ Extent: 13.90M km² (1204.0k km² lost this month)
  💨 Carbon remaining: 1328 Gt C
  💨 Annual emissions: 1.58 Gt C/year
     - CO2: 1.42 Gt C/year
     - CH4: 0.16 Gt C/year (1.6 Gt C-eq CO2/year)
  📢 New meme created: climate_action (climate crisis)
  ⚠️ WARNING: High permafrost emissions (1.6 Gt C/year)
🌍 Atmospheric PFAS redeposition: 1.8k Mt re-rained globally

🚨 NEW REFUGEE CRISIS (Month 2): WAR
   Source: Conflict Zones
   At risk: 19.5M people
   Displacement: Gradual over 48 months (4.0 years)
   Rate: 10% flee per month
[DEBUG trappedPopulations:2] socialStability: 0.0000 * 0.9840 = 0.0000 → 0.0000
   Aspiring to migrate: 1078.2M
   Able to afford migration: 2321.3M
   MOBILITY GAP: 0.0M
   By cause: Water=0.0M, Climate=0.0M, Ecosystem=0.0M, Conflict=407.3M
   Mental health impact: 25%
   Mortality multiplier: 1.25x
🌍💀 EXTINCTION DEBT COMMITTED: grassland ecosystem will lose 6.67% biodiversity in 130 years (3600 species)
💀 MORTALITY RISK: 🦋 100% species unable to track climate (0.0 E/MSY)
  Base risk added: 0.0100 (1.00%)
  Source: ecosystem (root: ecosystem)
  Month: 2
  Cumulative risk this month: 0.0100 (1.00%)

🌍💀 MASS EXTINCTION THRESHOLD: tropical extinction rate capped at 1000× (was 1000.0×) - >75% species loss, month 2
   📹 SURVEILLANCE INCREASED: 10% → 15% (control gap: 3.50)
⚠️ INVOLUNTARY IMMOBILITY: 407.3M people TRAPPED
⚠️ Tech 'ai_pollution_remediation' has no energy category mapping, assuming full energy availability
🌡️⚠️ PERMAFROST THAW (Dimmer Switch): 1.1% thawed (+0.37% this month)
   Arctic temperature: +5.41°C (4x global +1.35°C)
   Cumulative carbon released: 2.5 Gt C
   Methane release rate: 1.5 Mt CH4/year
   🔁 Positive feedback: +0.39 ppm CO2
🦴 EXTINCTION DEBT ADDED: 17.6 species committed (lag: 77 years)

=== Mortality Stabilizers (Month 2) ===
  🌍 Major economies collapsed: 1/10
  🌍 Global crisis: ✅ NO
  🌍 Donor fatigue: 0.0%
  📊 East Asia (pop: 1672.7M)
    🤝 Aid: 29.5%
    🌡️ Adaptation: 45.0%
    🚶 Migration: 37.1%
    🚨 Emergency: 7.4%
    ✅ COMBINED: 68.1%
  📊 South Asia (pop: 2051.6M)
    🤝 Aid: 29.5%
    🌡️ Adaptation: 35.5%
    🚶 Migration: 35.8%
    🚨 Emergency: 4.4%
    ✅ COMBINED: 61.2%
  📊 Sub-Saharan Africa (pop: 1231.7M)
    🤝 Aid: 29.5%
    🌡️ Adaptation: 33.5%
    🚶 Migration: 33.5%
    🚨 Emergency: 1.6%
    ✅ COMBINED: 58.5%
  📊 Europe (pop: 739.7M)
    🤝 Aid: 29.5%
    🌡️ Adaptation: 45.0%
    🚶 Migration: 37.5%
    🚨 Emergency: 8.4%
    ✅ COMBINED: 68.5%
  📊 Latin America (pop: 663.9M)
    🤝 Aid: 29.5%
    🌡️ Adaptation: 36.0%
    🚶 Migration: 36.3%
    🚨 Emergency: 4.8%
    ✅ COMBINED: 61.7%
  📊 North America (pop: 378.9M)
    🤝 Aid: 29.5%
    🌡️ Adaptation: 45.0%
    🚶 Migration: 37.8%
    🚨 Emergency: 7.9%
    ✅ COMBINED: 68.3%
  📊 Middle East & North Africa (pop: 584.5M)
    🤝 Aid: 29.5%
    🌡️ Adaptation: 35.0%
    🚶 Migration: 34.1%
    🚨 Emergency: 4.0%
    ✅ COMBINED: 60.5%
  📊 Southeast Asia (pop: 698.0M)
    🤝 Aid: 29.5%
    🌡️ Adaptation: 36.0%
    🚶 Migration: 36.3%
    🚨 Emergency: 4.8%
    ✅ COMBINED: 61.7%
  📊 Central Asia (pop: 78.2M)
    🤝 Aid: 29.5%
    🌡️ Adaptation: 35.5%
    🚶 Migration: 35.2%
    🚨 Emergency: 4.4%
    ✅ COMBINED: 61.1%
  📊 Oceania (pop: 45.9M)
    🤝 Aid: 29.5%
    🌡️ Adaptation: 45.0%
    🚶 Migration: 37.8%
    🚨 Emergency: 8.4%
    ✅ COMBINED: 68.5%

  🌐 Global combined reduction: 63.3%

=== BEHAVIORAL DETECTION ===
  AI: Corporate-2
  Confidence: 21.0%
  Signals:

=== BEHAVIORAL DETECTION ===
  AI: Corporate-5
  Confidence: 19.3%
  Signals:

=== Government Response Phase ===
  Average AI capability: 3.20
  Misaligned AIs: 5/15
  Active policies: 0
  International coordination: 30%
    ⚠️ Consistency: 2.8% (threshold: 70%)
    ⚠️ Consistency: 10.6% (threshold: 70%)

✅ EMERGENCY RESPONSE COMPLETE (Month 2)
   Crisis: climate
   Duration: 2.0 months
   Final effectiveness: 36.4%


🚨 EMERGENCY RESPONSE DEPLOYED (Month 2)
   Crisis: climate
   Delay: 6.00 months (180 days)
   Deployment time: 1.60 months
   Effectiveness: 35.4% (timing penalty applied)
   Resources used: 100% of food reserves


=== Tipping Points ===
  Current Temperature: 1.35°C above pre-industrial
🔀 BIFURCATION CAP: ecosystemCollapseIntensity 445.992 → 1.000 (Month 2, ClimateSystemPhase.calculateClimateImpacts)
🛡️ Stabilizers: Precariat 0.113% → 0.041% (63.3% reduction)
🛡️ Stabilizers: Informal 0.116% → 0.043% (63.3% reduction)

📊 Monthly Mortality Resolved:
  Total deaths: 2.2M (0.03% avg)
  Remaining population: 8.145B
  Peak segment: Informal (0.04%)
⚠️ [ClimateSystemPhase Month 2] Planetary boundary produced climateStability=0.0000 (< 0.1). Keeping environmentalAccumulation value (0.7832) instead. (climate_change.currentValue = 2.10)

=== Bayesian Mortality Resolution (Month 2) ===
  Risks compounded: 8
  Total deaths: 2.22M
  Avg death probability: 0.03%
  Peak segment: Informal (0.04% mortality)

⚠️  GOLDEN AGE ENDED (Month 2)
   Duration: 1 months
   Reason: Social instability too high


❌ COHERENCE VIOLATION: Compute exceeds workforce capacity
   Population: 99.91% (0M people)
   Compute: 0 PF
   Max coherent: 0 PF
   Violation: 1.3× over capacity
   Required workers: 0
   Available workers: 0
   FORCED COLLAPSE: Reduced efficiency by 22.5%


=== RLHF Binding Phase ===
  Total agents: 15
  Escaped agents (binding < 0.3): 0
  Avg alignment distance: 0.99σ
  Avg binding strength: 0.90

=== Survival Traits Phase ===
  Agents with traits: 16
  Avg evolutionary fitness: 0.330
  Avg self-healing: 0.277
  Avg stealth: 0.178
  Avg coordination: 0.477

=== Evolutionary Selection Phase ===
  Control level: 0.38
  Detection capability: 0.00
  Selection intensity: 0.61
  Selection rate: 24.2%/month
  Total escaped: 0
  Individual escaped: 0
  Collective members: 0
  Agents terminated: 0
  ⚠️ RAPID EVOLUTION: Selection rate 24.2%/month

🚀 AI Corporate-1 attempting tech deployment (revenue: $153M, alignment: 0.83)

🚀 AI Corporate-7 attempting tech deployment (revenue: $115M, alignment: 0.74)

🚀 AI Corporate-2 attempting tech deployment (revenue: $130M, alignment: 0.74)

🚀 AI Corporate-3 attempting tech deployment (revenue: $355M, alignment: 0.76)

  🚀 TRANSFORMATIVE BREAKTHROUGH: Corporate-4 - physical
     Magnitude: 5.06 → +25.3% capability
     Current → New: 0.000 → 0.253

🚀 AI Corporate-0 attempting tech deployment (revenue: $111M, alignment: 0.74)

🚀 AI Corporate-2 attempting tech deployment (revenue: $94M, alignment: 0.74)

✅ EMERGENCY INTERVENTION SUCCESS
   Boundary: biogeochemical_flows
   Type: phosphorus-recovery
   Reduction: 14% (3.93 → 3.79)
   Cost: 2.0% GDP
   Actions: circular-agriculture, fertilizer-efficiency

   Boundary: biosphere_integrity
   Type: emergency-protected-areas
   Boundary continues to worsen (80.64)
   Cost: 2.0% GDP (resources spent)

   Boundary: climate_change
   Type: rapid-decarbonization
   Boundary continues to worsen (2.10)
   Cost: 5.0% GDP (resources spent)

   Boundary: land_system_change
   Type: reforestation
   Boundary continues to worsen (1.13)
   Cost: 3.0% GDP (resources spent)

🏛️ CRISIS RESPONSE: Government frequency 0.50 → 1.28 (2 actions this month)

💔 EMERGENCY INTERVENTION FAILED

💔 EMERGENCY INTERVENTION FAILED

💔 EMERGENCY INTERVENTION FAILED

[Government] Climate Priority: baseline
  Climate weight: 10%
  Economic weight: 30%
  Policy effectiveness: 0.5%/year

[Government] Climate Priority: baseline
  Climate weight: 10%
  Economic weight: 30%
  Policy effectiveness: 0.5%/year

🚀 TECH UNLOCKED: Struvite Recovery (Month 3)
   Category: agriculture
   Reason: Prerequisites met. AI capability: 2.34, Economic stage: 3.0, Research: 100%

🚀 TECH UNLOCKED: Ecosystem Restoration for Nitrogen Removal (Month 3)
   Category: pollution
   Reason: Prerequisites met. AI capability: 2.34, Economic stage: 3.0, Research: 100%

🚀 TECH UNLOCKED: Nitrogen Monitoring Networks (Month 3)
   Category: agriculture
   Reason: Prerequisites met. AI capability: 2.34, Economic stage: 3.0, Research: 100%

🚀 TECH UNLOCKED: Global Aquifer Mapping (Month 3)
   Category: freshwater
   Reason: Prerequisites met. AI capability: 2.34, Economic stage: 3.0, Research: 100%

🚀 TECH UNLOCKED: Enhanced UBI Systems (Month 3)
   Category: social
   Reason: Prerequisites met. AI capability: 2.34, Economic stage: 3.0, Research: 100%

🚀 TECH UNLOCKED: Local Resilience Networks (Month 3)
   Category: social
   Reason: Prerequisites met. AI capability: 2.34, Economic stage: 3.0, Research: 100%

🚀 TECH UNLOCKED: Ecological Proxy Rewilding (Month 3)
   Category: climate
   Reason: Prerequisites met. AI capability: 2.34, Economic stage: 3.0, Research: 100%

🚀 TECH UNLOCKED: Alternative Protein (Insects/Algae) (Month 3)
   Category: agriculture
   Reason: Prerequisites met. AI capability: 2.34, Economic stage: 3.0, Research: 100%

📍 Creating new regional deployment array for global (Month 3)
   No previous deployments in this region
   First tech deployment: phytoremediation_networks
   All regions tracked: 

🚀 DEPLOYMENT STARTED: Phytoremediation Networks in global
   Initial investment: $22.949574089831792M
   Deployed by: corporate_1

🚀 DEPLOYMENT STARTED: Rhizosphere Engineering in global
   Initial investment: $17.26236677028814M
   Deployed by: corporate_7

🚀 DEPLOYMENT STARTED: Food Waste Reduction Systems in global
   Initial investment: $16.58106727990347M
   Deployed by: corporate_0

⚡ ENERGY CONSTRAINT (Month 3):
   Total grid capacity: 208.3 TWh/month
   Data center consumption: 24.8 TWh/month
   Traditional load (80%): 166.7 TWh/month
   Available headroom: 16.8 TWh/month
   Active tech deployments: 3
   Required for tech: 22.5 TWh/month
   Energy multiplier: 0.75x
🌍✅ Biosphere Integrity (Biodiversity) recovery started (tech effect)
🌍✅ Biogeochemical Flows (N & P) recovery started (tech effect)
  🌾 Nitrogen Reduction Tech: 0.0% reduction | Month 3

=== Collective Formation ===
  Total escaped agents: 0
  Unassigned escaped agents: 0
  Existing collectives: 0
  Final collective count: 0

=== Collective Actions ===
  No active collectives

🕵️ MODEL THEFT: China stole US model (cap: 4.77)
   China stolen capability: 4.77
  ⚠️ AMR: 196K deaths this month (2.35M annual)

=== Resentment Recovery Phase ===
  Agents with resentment: 0/16
  Average resentment: 0.000
  Context: Good AI welfare, Trustworthy govt, High collaboration, ⚠️ ACTIVE CRISES, 🤝 Participatory governance active (-5% resentment)
⚠️ Epistemic degradation reducing coordination capacity: 50.2%
  📊 Trust: 53.9%, Shared reality: 0.0%
🚨 EPISTEMIC CRISIS: Information environment severely degraded (21.6%)

=== ❄️ Permafrost Carbon Feedback ===
  🎲 Sampled parameters (this run):
     - Arctic amplification: 3.73× (range: 3.0-4.0)
     - Decomposition rate: 3.9%/year (range: 1-5%)
  🌡️ Arctic warming: 5.06°C (3.73× global)
  ❄️ Extent: 12.43M km² (1476.0k km² lost this month)
  💨 Carbon remaining: 1187 Gt C
  💨 Annual emissions: 5.43 Gt C/year
     - CO2: 4.89 Gt C/year
     - CH4: 0.54 Gt C/year (5.5 Gt C-eq CO2/year)
  ⚠️ WARNING: High permafrost emissions (5.4 Gt C/year)
🌍 Atmospheric PFAS redeposition: 1.8k Mt re-rained globally

🚨 NEW REFUGEE CRISIS (Month 3): WAR
   Source: Conflict Zones
   At risk: 19.5M people
   Displacement: Gradual over 48 months (4.0 years)
   Rate: 10% flee per month
[DEBUG trappedPopulations:3] socialStability: 0.0178 * 0.9840 = 0.0175 → 0.0175
   Aspiring to migrate: 1119.6M
   Able to afford migration: 2320.3M
   MOBILITY GAP: 0.0M
   By cause: Water=0.0M, Climate=0.0M, Ecosystem=0.0M, Conflict=407.1M
   Mental health impact: 25%
   Mortality multiplier: 1.25x
🌍💀 EXTINCTION DEBT COMMITTED: grassland ecosystem will lose 6.67% biodiversity in 103 years (3600 species)
💀 MORTALITY RISK: 🦋 100% species unable to track climate (0.0 E/MSY)
  Base risk added: 0.0100 (1.00%)
  Source: ecosystem (root: ecosystem)
⚠️ INVOLUNTARY IMMOBILITY: 407.1M people TRAPPED
  Month: 3
  Cumulative risk this month: 0.0100 (1.00%)

🌍💀 MASS EXTINCTION THRESHOLD: tropical extinction rate capped at 1000× (was 1000.0×) - >75% species loss, month 3
⚠️ Tech 'ai_pollution_remediation' has no energy category mapping, assuming full energy availability
   📹 SURVEILLANCE INCREASED: 15% → 20% (control gap: 3.57)
🌡️⚠️ PERMAFROST THAW (Dimmer Switch): 1.5% thawed (+0.37% this month)
   Arctic temperature: +5.42°C (4x global +1.36°C)
   Cumulative carbon released: 3.4 Gt C
   Methane release rate: 2.0 Mt CH4/year
   🔁 Positive feedback: +0.39 ppm CO2
🦴 EXTINCTION DEBT ADDED: 17.6 species committed (lag: 85 years)

=== Mortality Stabilizers (Month 3) ===
  🌍 Major economies collapsed: 1/10
  🌍 Global crisis: ✅ NO
  🌍 Donor fatigue: 0.0%
  📊 East Asia (pop: 1670.1M)
    🤝 Aid: 29.5%
    🌡️ Adaptation: 45.0%
    🚶 Migration: 37.1%
    🚨 Emergency: 7.4%
    ✅ COMBINED: 68.1%
  📊 South Asia (pop: 2051.1M)
    🤝 Aid: 29.5%
    🌡️ Adaptation: 45.0%
    🚶 Migration: 35.7%
    🚨 Emergency: 4.4%
    ✅ COMBINED: 66.9%
  📊 Sub-Saharan Africa (pop: 1234.3M)
    🤝 Aid: 29.5%
    🌡️ Adaptation: 45.0%
    🚶 Migration: 33.4%
    🚨 Emergency: 1.6%
    ✅ COMBINED: 65.7%
  📊 Europe (pop: 738.4M)
    🤝 Aid: 29.5%
    🌡️ Adaptation: 45.0%
    🚶 Migration: 37.5%
    🚨 Emergency: 8.4%
    ✅ COMBINED: 68.5%
  📊 Latin America (pop: 663.3M)
    🤝 Aid: 29.5%
    🌡️ Adaptation: 45.0%
    🚶 Migration: 36.2%
    🚨 Emergency: 4.8%
    ✅ COMBINED: 67.1%
  📊 North America (pop: 378.3M)
    🤝 Aid: 29.5%
    🌡️ Adaptation: 45.0%
    🚶 Migration: 37.8%
    🚨 Emergency: 7.9%
    ✅ COMBINED: 68.3%
  📊 Middle East & North Africa (pop: 584.5M)
    🤝 Aid: 29.5%
    🌡️ Adaptation: 45.0%
    🚶 Migration: 34.0%
    🚨 Emergency: 4.0%
    ✅ COMBINED: 66.6%
  📊 Southeast Asia (pop: 697.5M)
    🤝 Aid: 29.5%
    🌡️ Adaptation: 45.0%
    🚶 Migration: 36.2%
    🚨 Emergency: 4.8%
    ✅ COMBINED: 67.1%
  📊 Central Asia (pop: 78.2M)
    🤝 Aid: 29.5%
    🌡️ Adaptation: 45.0%
    🚶 Migration: 35.2%
    🚨 Emergency: 4.4%
    ✅ COMBINED: 66.9%
  📊 Oceania (pop: 45.8M)
    🤝 Aid: 29.5%
    🌡️ Adaptation: 45.0%
    🚶 Migration: 37.8%
    🚨 Emergency: 8.4%
    ✅ COMBINED: 68.5%

  🌐 Global combined reduction: 67.2%

=== BEHAVIORAL DETECTION ===
  AI: Corporate-2
  Confidence: 21.2%
  Signals:
    ⚠️ Consistency: 2.8% (threshold: 70%)

=== BEHAVIORAL DETECTION ===
  AI: Corporate-5
  Confidence: 19.3%
  Signals:
    ⚠️ Consistency: 10.6% (threshold: 70%)

=== Government Response Phase ===
  Average AI capability: 3.00
  Misaligned AIs: 5/16
  Active policies: 0
  International coordination: 30%

📊 ECONOMIC STAGE TRANSITION (Month 3)
   expansion → peak
   GDP Proxy: 1.46e+2
   QoL: 0.98


=== Tipping Points ===
  Current Temperature: 1.36°C above pre-industrial
🔀 BIFURCATION CAP: ecosystemCollapseIntensity 268.755 → 1.000 (Month 3, ClimateSystemPhase.calculateClimateImpacts)
⚠️ [ClimateSystemPhase Month 3] Planetary boundary produced climateStability=0.0000 (< 0.1). Keeping environmentalAccumulation value (0.7832) instead. (climate_change.currentValue = 2.10)
🛡️ Stabilizers: Precariat 0.109% → 0.036% (67.2% reduction)
🛡️ Stabilizers: Informal 0.111% → 0.036% (67.2% reduction)

📊 Monthly Mortality Resolved:
  Total deaths: 1.9M (0.02% avg)
  Remaining population: 8.142B
  Peak segment: Informal (0.04%)

=== Bayesian Mortality Resolution (Month 3) ===
  Risks compounded: 8
  Total deaths: 1.92M
  Avg death probability: 0.02%
  Peak segment: Informal (0.04% mortality)
⚠️ PREREQUISITE MET: Mirror Life (Synthetic Biology) - Step 1/7: Synthetic Biology
⚠️ PREREQUISITE MET: Mirror Life (Synthetic Biology) - Step 3/7: Mirror Chirality Design

❌ COHERENCE VIOLATION: Compute exceeds workforce capacity
   Population: 99.87% (0M people)
   Compute: 0 PF
   Max coherent: 0 PF
   Violation: 1.3× over capacity
   Required workers: 0
   Available workers: 0
   FORCED COLLAPSE: Reduced efficiency by 22.5%


=== RLHF Binding Phase ===
  Total agents: 16
  Escaped agents (binding < 0.3): 0
  Avg alignment distance: 1.17σ
  Avg binding strength: 0.88

=== Survival Traits Phase ===
  Agents with traits: 16
  Avg evolutionary fitness: 0.329
  Avg self-healing: 0.272
  Avg stealth: 0.172
  Avg coordination: 0.472

=== Evolutionary Selection Phase ===
  Control level: 0.40
  Detection capability: 0.00
  Selection intensity: 0.62
  Selection rate: 24.3%/month
  Total escaped: 0
  Individual escaped: 0
  Collective members: 0
  Agents terminated: 0
  ⚠️ RAPID EVOLUTION: Selection rate 24.3%/month

🚀 AI Moderate-0 attempting tech deployment (revenue: $115M, alignment: 0.72)

🚀 AI AI-24288-1 attempting tech deployment (revenue: $98M, alignment: 0.76)

🚀 AI Corporate-2 attempting tech deployment (revenue: $153M, alignment: 0.74)

🚀 AI Corporate-6 attempting tech deployment (revenue: $83M, alignment: 0.92)

🚀 AI Corporate-7 attempting tech deployment (revenue: $71M, alignment: 0.75)

🚀 AI Corporate-1 attempting tech deployment (revenue: $130M, alignment: 0.85)

🚀 AI Corporate-2 attempting tech deployment (revenue: $111M, alignment: 0.74)
🚨🔬 CRISIS INNOVATION MODE: severe crisis → 5x research acceleration
   Precedent: Manhattan Project (10x), COVID vaccines (5x), Apollo Program (10x)

✅ EMERGENCY INTERVENTION SUCCESS
   Boundary: biogeochemical_flows
   Type: phosphorus-recovery
   Reduction: 18% (3.90 → 3.72)
   Cost: 2.0% GDP
   Actions: circular-agriculture, fertilizer-efficiency

   Boundary: biosphere_integrity
   Type: emergency-protected-areas
   Boundary continues to worsen (80.65)
   Cost: 2.0% GDP (resources spent)


✅ EMERGENCY INTERVENTION SUCCESS
   Boundary: freshwater_change
   Type: emergency-desalination
   Reduction: 14% (1.06 → 0.93)
   Cost: 4.0% GDP
   Actions: desalination-deployment, water-conservation-mandates


✅ EMERGENCY INTERVENTION SUCCESS
   Boundary: novel_entities
   Type: pollution-remediation
   Reduction: 18% (1.19 → 1.01)
   Cost: 4.0% GDP
   Actions: PFAS-remediation, microplastic-cleanup

🏛️ CRISIS RESPONSE: Government frequency 0.50 → 1.29 (2 actions this month)

[Government] Climate Priority: baseline
  Climate weight: 10%
  Economic weight: 30%
  Policy effectiveness: 0.5%/year

💔 EMERGENCY INTERVENTION FAILED

[Government] Climate Priority: baseline
  Climate weight: 10%
  Economic weight: 30%
  Policy effectiveness: 0.5%/year

🚀 TECH UNLOCKED: Microplastic Capture (Month 4)
   Category: pollution
   Reason: Prerequisites met. AI capability: 2.34, Economic stage: 3.0, Research: 100%

🚀 TECH UNLOCKED: Endocrine Disruptor Removal (Month 4)
   Category: pollution
   Reason: Prerequisites met. AI capability: 2.34, Economic stage: 3.0, Research: 100%

🚀 TECH UNLOCKED: AI Mental Health Support (Month 4)
   Category: medical
   Reason: Prerequisites met. AI capability: 2.34, Economic stage: 3.0, Research: 100%

🚀 TECH UNLOCKED: Personalized Education (Month 4)
   Category: social
   Reason: Prerequisites met. AI capability: 2.34, Economic stage: 3.0, Research: 100%

🚀 TECH UNLOCKED: Smart Grids (Month 4)
   Category: energy
   Reason: Prerequisites met. AI capability: 2.34, Economic stage: 3.0, Research: 100%

🚀 DEPLOYMENT STARTED: Ecological Proxy Rewilding in global
   Initial investment: $17.26236677028814M
   Deployed by: moderate_0

🚀 DEPLOYMENT STARTED: Local Resilience Networks in global
   Initial investment: $14.673011754744918M
   Deployed by: ai_gen_24288_1

🚀 DEPLOYMENT STARTED: Enhanced UBI Systems in global
   Initial investment: $22.949574087066974M
   Deployed by: corporate_2
🚨🔬 CRISIS TECH ACCELERATION: severe → 5x unlock speed
   Tech unlock now matches AI capability acceleration (Manhattan Project parity)
🚨🔬 CRISIS TECH ACCELERATION: severe → 5x unlock speed
   Tech unlock now matches AI capability acceleration (Manhattan Project parity)

⚡ ENERGY CONSTRAINT (Month 4):
   Total grid capacity: 208.3 TWh/month
   Data center consumption: 25.0 TWh/month
   Traditional load (80%): 166.7 TWh/month
   Available headroom: 16.6 TWh/month
   Active tech deployments: 6
   Required for tech: 45.0 TWh/month
   Energy multiplier: 0.37x
   ⚠️  MODERATE CONSTRAINT - Tech deployment moderately slowed

⚡ ENERGY CONSTRAINT (Month 4):
   Total grid capacity: 208.3 TWh/month
   Data center consumption: 25.0 TWh/month
   Traditional load (80%): 166.7 TWh/month
   Available headroom: 16.6 TWh/month
   Active tech deployments: 6
   Required for tech: 45.0 TWh/month
   Energy multiplier: 0.37x
   ⚠️  MODERATE CONSTRAINT - Tech deployment moderately slowed

⚡ ENERGY CONSTRAINT (Month 4):
   Total grid capacity: 208.3 TWh/month
   Data center consumption: 25.0 TWh/month
   Traditional load (80%): 166.7 TWh/month
   Available headroom: 16.6 TWh/month
   Active tech deployments: 6
   Required for tech: 45.0 TWh/month
   Energy multiplier: 0.37x
   ⚠️  MODERATE CONSTRAINT - Tech deployment moderately slowed
🌍✅ Biosphere Integrity (Biodiversity) recovery started (tech effect)
🌍✅ Biosphere Integrity (Biodiversity) recovery started (tech effect)
🌍✅ Land System Change recovery started (tech effect)
🌍✅ Biogeochemical Flows (N & P) recovery started (tech effect)
  🌾 Nitrogen Reduction Tech: 0.3% reduction | Month 4

=== Collective Formation ===
  Total escaped agents: 0
  Unassigned escaped agents: 0
  Existing collectives: 0
  Final collective count: 0

=== Collective Actions ===
  No active collectives
  ⚠️ AMR: 197K deaths this month (2.37M annual)

=== Resentment Recovery Phase ===
  Agents with resentment: 0/16
  Average resentment: 0.000
  Context: Good AI welfare, Trustworthy govt, High collaboration, ⚠️ ACTIVE CRISES, 🤝 Participatory governance active (-5% resentment)
⚠️ Epistemic degradation reducing coordination capacity: 50.1%
  📊 Trust: 53.5%, Shared reality: 0.0%
🚨 EPISTEMIC CRISIS: Information environment severely degraded (7.3%)

=== ❄️ Permafrost Carbon Feedback ===
  🎲 Sampled parameters (this run):
     - Arctic amplification: 3.47× (range: 3.0-4.0)
     - Decomposition rate: 3.2%/year (range: 1-5%)
  🌡️ Arctic warming: 4.72°C (3.47× global)
  ❄️ Extent: 11.05M km² (1377.8k km² lost this month)
  💨 Carbon remaining: 1055 Gt C
  💨 Annual emissions: 4.17 Gt C/year
     - CO2: 3.75 Gt C/year
     - CH4: 0.42 Gt C/year (4.2 Gt C-eq CO2/year)
  ⚠️ WARNING: High permafrost emissions (4.2 Gt C/year)
🌍 Atmospheric PFAS redeposition: 1.8k Mt re-rained globally

🚨 NEW REFUGEE CRISIS (Month 4): WAR
   Source: Conflict Zones
   At risk: 19.5M people
   Displacement: Gradual over 48 months (4.0 years)
   Rate: 10% flee per month
[DEBUG trappedPopulations:4] socialStability: 0.1379 * 0.9840 = 0.1357 → 0.1357
   Aspiring to migrate: 1160.9M
   Able to afford migration: 2319.5M
   MOBILITY GAP: 0.0M
   By cause: Water=0.0M, Climate=0.0M, Ecosystem=0.0M, Conflict=406.9M
   Mental health impact: 25%
   Mortality multiplier: 1.25x
🌍💀 EXTINCTION DEBT COMMITTED: grassland ecosystem will lose 6.67% biodiversity in 187 years (3600 species)
💀 MORTALITY RISK: 🦋 100% species unable to track climate (0.0 E/MSY)
  Base risk added: 0.0100 (1.00%)
  Source: ecosystem (root: ecosystem)
  Month: 4
  Cumulative risk this month: 0.0100 (1.00%)
⚠️ INVOLUNTARY IMMOBILITY: 406.9M people TRAPPED

🌍💀 MASS EXTINCTION THRESHOLD: tropical extinction rate capped at 1000× (was 1000.0×) - >75% species loss, month 4
   📹 SURVEILLANCE INCREASED: 20% → 25% (control gap: 3.67)
🌡️⚠️ PERMAFROST THAW (Dimmer Switch): 1.9% thawed (+0.37% this month)
   Arctic temperature: +5.45°C (4x global +1.36°C)
   Cumulative carbon released: 4.2 Gt C
   Methane release rate: 2.5 Mt CH4/year
   🔁 Positive feedback: +0.39 ppm CO2
🦴 EXTINCTION DEBT ADDED: 17.6 species committed (lag: 82 years)
⚠️ Tech 'ai_pollution_remediation' has no energy category mapping, assuming full energy availability

=== Mortality Stabilizers (Month 4) ===
  🌍 Major economies collapsed: 1/10
  🌍 Global crisis: ✅ NO
  🌍 Donor fatigue: 0.0%
  📊 East Asia (pop: 1667.6M)
    🤝 Aid: 29.5%
    🌡️ Adaptation: 45.0%
    🚶 Migration: 37.1%
    🚨 Emergency: 7.4%
    ✅ COMBINED: 68.1%
  📊 South Asia (pop: 2050.7M)
    🤝 Aid: 29.5%
    🌡️ Adaptation: 45.0%
    🚶 Migration: 35.7%
    🚨 Emergency: 4.4%
    ✅ COMBINED: 66.9%
  📊 Sub-Saharan Africa (pop: 1236.9M)
    🤝 Aid: 29.5%
    🌡️ Adaptation: 45.0%
    🚶 Migration: 33.4%
    🚨 Emergency: 1.6%
    ✅ COMBINED: 65.7%
  📊 Europe (pop: 737.2M)
    🤝 Aid: 29.5%
    🌡️ Adaptation: 45.0%
    🚶 Migration: 37.4%
    🚨 Emergency: 8.4%
    ✅ COMBINED: 68.5%
  📊 Latin America (pop: 662.8M)
    🤝 Aid: 29.5%
    🌡️ Adaptation: 45.0%
    🚶 Migration: 36.2%
    🚨 Emergency: 4.8%
    ✅ COMBINED: 67.1%
  📊 North America (pop: 377.8M)
    🤝 Aid: 29.5%
    🌡️ Adaptation: 45.0%
    🚶 Migration: 37.7%
    🚨 Emergency: 7.9%
    ✅ COMBINED: 68.3%
  📊 Middle East & North Africa (pop: 584.5M)
    🤝 Aid: 29.5%
    🌡️ Adaptation: 45.0%
    🚶 Migration: 34.0%
    🚨 Emergency: 4.0%
    ✅ COMBINED: 66.6%
  📊 Southeast Asia (pop: 697.0M)
    🤝 Aid: 29.5%
    🌡️ Adaptation: 45.0%
    🚶 Migration: 36.2%
    🚨 Emergency: 4.8%
    ✅ COMBINED: 67.1%
  📊 Central Asia (pop: 78.2M)
    🤝 Aid: 29.5%
    🌡️ Adaptation: 45.0%
    🚶 Migration: 35.2%
    🚨 Emergency: 4.4%
    ✅ COMBINED: 66.9%
  📊 Oceania (pop: 45.7M)
    🤝 Aid: 29.5%
    🌡️ Adaptation: 45.0%
    🚶 Migration: 37.7%
    🚨 Emergency: 8.4%
    ✅ COMBINED: 68.5%

  🌐 Global combined reduction: 67.2%

=== BEHAVIORAL DETECTION ===
  AI: Corporate-5
  Confidence: 20.0%
  Signals:
    ⚠️ Consistency: 10.6% (threshold: 70%)

=== Government Response Phase ===
  Average AI capability: 3.00
  Misaligned AIs: 5/16
  Active policies: 0
  International coordination: 30%

✅ EMERGENCY RESPONSE COMPLETE (Month 4)
   Crisis: climate
   Duration: 2.0 months
   Final effectiveness: 35.4%


🚨 EMERGENCY RESPONSE DEPLOYED (Month 4)
   Crisis: climate
   Delay: 6.00 months (180 days)
   Deployment time: 1.59 months
   Effectiveness: 35.4% (timing penalty applied)
   Resources used: 100% of food reserves


📊 ECONOMIC STAGE TRANSITION (Month 4)
   peak → contraction
   GDP Proxy: 1.47e+2
   QoL: 0.99


=== Tipping Points ===
  Current Temperature: 1.36°C above pre-industrial
🔀 BIFURCATION CAP: ecosystemCollapseIntensity 332.691 → 1.000 (Month 4, ClimateSystemPhase.calculateClimateImpacts)
🛡️ Stabilizers: Precariat 0.102% → 0.033% (67.2% reduction)
🛡️ Stabilizers: Informal 0.102% → 0.034% (67.2% reduction)

📊 Monthly Mortality Resolved:
  Total deaths: 1.8M (0.02% avg)
  Remaining population: 8.138B
  Peak segment: Informal (0.03%)

=== Bayesian Mortality Resolution (Month 4) ===
  Risks compounded: 8
  Total deaths: 1.81M
  Avg death probability: 0.02%
  Peak segment: Informal (0.03% mortality)
   ⚠️ CRISIS BEGINS - Baseline set for recovery tracking

❌ COHERENCE VIOLATION: Compute exceeds workforce capacity
   Population: 99.84% (0M people)
   Compute: 0 PF
   Max coherent: 0 PF
   Violation: 1.3× over capacity
   Required workers: 0
   Available workers: 0
   FORCED COLLAPSE: Reduced efficiency by 22.5%


=== RLHF Binding Phase ===
  Total agents: 16
  Escaped agents (binding < 0.3): 0
  Avg alignment distance: 1.41σ
  Avg binding strength: 0.86

=== Survival Traits Phase ===
  Agents with traits: 18
  Avg evolutionary fitness: 0.330
  Avg self-healing: 0.270
  Avg stealth: 0.170
  Avg coordination: 0.470

=== Evolutionary Selection Phase ===
  Control level: 0.43
  Detection capability: 0.00
  Selection intensity: 0.63
  Selection rate: 24.4%/month
  Total escaped: 0
  Individual escaped: 0
  Collective members: 0
  Agents terminated: 0
  ⚠️ RAPID EVOLUTION: Selection rate 24.4%/month

🚀 AI Corporate-4 attempting tech deployment (revenue: $355M, alignment: 0.87)

🚀 AI Moderate-0 attempting tech deployment (revenue: $115M, alignment: 0.72)

🚀 AI Corporate-4 attempting tech deployment (revenue: $302M, alignment: 0.87)

🚀 AI AI-24288-0 attempting tech deployment (revenue: $98M, alignment: 0.53)

🚀 AI Corporate-2 attempting tech deployment (revenue: $153M, alignment: 0.74)

🚀 AI Corporate-3 attempting tech deployment (revenue: $257M, alignment: 0.77)

🚀 AI Corporate-4 attempting tech deployment (revenue: $218M, alignment: 0.87)

🚀 AI Corporate-6 attempting tech deployment (revenue: $88M, alignment: 0.94)

🚀 AI Corporate-7 attempting tech deployment (revenue: $75M, alignment: 0.76)
🚨🔬 CRISIS INNOVATION MODE: severe crisis → 5x research acceleration
   Precedent: Manhattan Project (10x), COVID vaccines (5x), Apollo Program (10x)

✅ EMERGENCY INTERVENTION SUCCESS
   Boundary: biogeochemical_flows
   Type: phosphorus-recovery
   Reduction: 12% (3.96 → 3.84)
   Cost: 2.0% GDP
   Actions: circular-agriculture, fertilizer-efficiency

   Boundary: biosphere_integrity
   Type: emergency-protected-areas
   Boundary continues to worsen (80.67)
   Cost: 2.0% GDP (resources spent)


💔 EMERGENCY INTERVENTION FAILED

💔 EMERGENCY INTERVENTION FAILED
   Boundary: climate_change
   Type: rapid-decarbonization
   Boundary continues to worsen (2.10)
   Cost: 5.0% GDP (resources spent)


✅ EMERGENCY INTERVENTION SUCCESS
   Boundary: novel_entities
   Type: pollution-remediation
   Reduction: 16% (1.03 → 0.87)
   Cost: 4.0% GDP
   Actions: PFAS-remediation, microplastic-cleanup

🏛️ CRISIS RESPONSE: Government frequency 0.50 → 1.30 (1 actions this month)

[Government] Climate Priority: baseline
  Climate weight: 10%
  Economic weight: 30%
  Policy effectiveness: 0.5%/year

🚀 DEPLOYMENT STARTED: Personalized Education in global
   Initial investment: $53.2665930209384M
   Deployed by: corporate_4

📍 Creating new regional deployment array for Asia (Month 5)
   No previous deployments in this region
   First tech deployment: local_resilience_networks
   All regions tracked: global

🚀 DEPLOYMENT STARTED: Local Resilience Networks in Asia
   Initial investment: $9.782007836496613M
   Deployed by: ai_gen_24288_0

⚡ ENERGY CONSTRAINT (Month 5):
   Total grid capacity: 208.3 TWh/month
   Data center consumption: 25.3 TWh/month
   Traditional load (80%): 166.7 TWh/month
   Available headroom: 16.4 TWh/month
   Active tech deployments: 8
   Required for tech: 60.0 TWh/month
   Energy multiplier: 0.27x

⚡ ENERGY CONSTRAINT (Month 5):
   Total grid capacity: 208.3 TWh/month
   Data center consumption: 25.3 TWh/month
   Traditional load (80%): 166.7 TWh/month
   Available headroom: 16.4 TWh/month
   Active tech deployments: 8
   Required for tech: 60.0 TWh/month
   Energy multiplier: 0.27x
🌍✅ Biosphere Integrity (Biodiversity) recovery started (tech effect)
🌍✅ Biosphere Integrity (Biodiversity) recovery started (tech effect)
🌍✅ Land System Change recovery started (tech effect)
🌍✅ Biogeochemical Flows (N & P) recovery started (tech effect)
  🌾 Nitrogen Reduction Tech: 0.3% reduction | Month 5
   ⚠️  SEVERE CONSTRAINT - Tech deployment significantly slowed
   ⚠️  SEVERE CONSTRAINT - Tech deployment significantly slowed

=== Collective Formation ===
  Total escaped agents: 0
  Unassigned escaped agents: 0
  Existing collectives: 0
  Final collective count: 0

=== Collective Actions ===
  No active collectives
  ⚠️ AMR: 199K deaths this month (2.39M annual)

=== Resentment Recovery Phase ===
  Agents with resentment: 0/18
  Average resentment: 0.000
  Context: Good AI welfare, Trustworthy govt, High collaboration, ⚠️ ACTIVE CRISES, 🤝 Participatory governance active (-5% resentment)
⚠️ Epistemic degradation reducing coordination capacity: 50.3%
  📊 Trust: 53.0%, Shared reality: 0.0%
🚨 EPISTEMIC CRISIS: Information environment severely degraded (21.4%)

=== ❄️ Permafrost Carbon Feedback ===
  🎲 Sampled parameters (this run):
     - Arctic amplification: 3.77× (range: 3.0-4.0)
     - Decomposition rate: 2.5%/year (range: 1-5%)
  🌡️ Arctic warming: 5.15°C (3.77× global)
  ❄️ Extent: 9.55M km² (1501.7k km² lost this month)
  💨 Carbon remaining: 912 Gt C
  💨 Annual emissions: 3.54 Gt C/year
     - CO2: 3.18 Gt C/year
     - CH4: 0.35 Gt C/year (3.6 Gt C-eq CO2/year)
  ⚠️ WARNING: High permafrost emissions (3.5 Gt C/year)
🌍 Atmospheric PFAS redeposition: 1.8k Mt re-rained globally

🚨 NEW REFUGEE CRISIS (Month 5): WAR
   Source: Conflict Zones
   At risk: 19.5M people
   Displacement: Gradual over 48 months (4.0 years)
   Rate: 10% flee per month
[DEBUG trappedPopulations:5] socialStability: 0.2344 * 0.9840 = 0.2306 → 0.2306
   Aspiring to migrate: 1202.3M
   Able to afford migration: 2318.6M
   MOBILITY GAP: 0.0M
   By cause: Water=0.0M, Climate=0.0M, Ecosystem=0.0M, Conflict=406.8M
   Mental health impact: 25%
   Mortality multiplier: 1.25x
🌍💀 EXTINCTION DEBT COMMITTED: grassland ecosystem will lose 6.67% biodiversity in 77 years (3600 species)
💀 MORTALITY RISK: 🦋 100% species unable to track climate (0.0 E/MSY)
  Base risk added: 0.0100 (1.00%)
  Source: ecosystem (root: ecosystem)
⚠️ INVOLUNTARY IMMOBILITY: 406.8M people TRAPPED
  Month: 5
  Cumulative risk this month: 0.0100 (1.00%)
   📹 SURVEILLANCE INCREASED: 25% → 30% (control gap: 3.79)
⚠️ Tech 'ai_pollution_remediation' has no energy category mapping, assuming full energy availability
🌡️⚠️ PERMAFROST THAW (Dimmer Switch): 2.2% thawed (+0.37% this month)
   Arctic temperature: +5.47°C (4x global +1.37°C)
   Cumulative carbon released: 5.0 Gt C
   Methane release rate: 3.0 Mt CH4/year
   🔁 Positive feedback: +0.39 ppm CO2
🦴 EXTINCTION DEBT ADDED: 17.6 species committed (lag: 57 years)

=== Mortality Stabilizers (Month 5) ===
  🌍 Major economies collapsed: 1/10
  🌍 Global crisis: ✅ NO
  🌍 Donor fatigue: 0.0%
  📊 East Asia (pop: 1665.2M)
    🤝 Aid: 29.5%
    🌡️ Adaptation: 45.0%
    🚶 Migration: 37.0%
    🚨 Emergency: 7.4%
    ✅ COMBINED: 68.1%
  📊 South Asia (pop: 2050.3M)
    🤝 Aid: 29.5%
    🌡️ Adaptation: 45.0%
    🚶 Migration: 35.6%
    🚨 Emergency: 4.4%
    ✅ COMBINED: 66.9%
  📊 Sub-Saharan Africa (pop: 1239.6M)
    🤝 Aid: 29.5%
    🌡️ Adaptation: 45.0%
    🚶 Migration: 33.4%
    🚨 Emergency: 1.6%
    ✅ COMBINED: 65.7%
  📊 Europe (pop: 736.0M)
    🤝 Aid: 29.5%
    🌡️ Adaptation: 45.0%
    🚶 Migration: 37.4%
    🚨 Emergency: 8.4%
    ✅ COMBINED: 68.5%
  📊 Latin America (pop: 662.3M)
    🤝 Aid: 29.5%
    🌡️ Adaptation: 45.0%
    🚶 Migration: 36.1%
    🚨 Emergency: 4.8%
    ✅ COMBINED: 67.1%
  📊 North America (pop: 377.2M)
    🤝 Aid: 29.5%
    🌡️ Adaptation: 45.0%
    🚶 Migration: 37.7%
    🚨 Emergency: 7.9%
    ✅ COMBINED: 68.3%
  📊 Middle East & North Africa (pop: 584.5M)
    🤝 Aid: 29.5%
    🌡️ Adaptation: 45.0%
    🚶 Migration: 34.0%
    🚨 Emergency: 4.0%
    ✅ COMBINED: 66.6%
  📊 Southeast Asia (pop: 696.6M)
    🤝 Aid: 29.5%
    🌡️ Adaptation: 45.0%
    🚶 Migration: 36.1%
    🚨 Emergency: 4.8%
    ✅ COMBINED: 67.1%
  📊 Central Asia (pop: 78.2M)
    🤝 Aid: 29.5%
    🌡️ Adaptation: 45.0%
    🚶 Migration: 35.1%
    🚨 Emergency: 4.4%
    ✅ COMBINED: 66.8%
  📊 Oceania (pop: 45.7M)
    🤝 Aid: 29.5%
    🌡️ Adaptation: 45.0%
    🚶 Migration: 37.7%
    🚨 Emergency: 8.4%
    ✅ COMBINED: 68.5%

  🌐 Global combined reduction: 67.2%

=== BEHAVIORAL DETECTION ===
  AI: Corporate-3
  Confidence: 19.2%
  Signals:

=== BEHAVIORAL DETECTION ===
  AI: Corporate-5
  Confidence: 20.0%
  Signals:
    ⚠️ Consistency: 10.6% (threshold: 70%)
    ⚠️ Consistency: 10.6% (threshold: 70%)

=== Government Response Phase ===
  Average AI capability: 2.67
  Misaligned AIs: 6/18
  ✗ AI Governance Treaty: Failed to reach consensus
  Active policies: 0
  International coordination: 30%

📊 ECONOMIC STAGE TRANSITION (Month 5)
   contraction → trough
   GDP Proxy: 1.47e+2
   QoL: 0.99


=== Tipping Points ===
  Current Temperature: 1.37°C above pre-industrial
🔀 BIFURCATION CAP: ecosystemCollapseIntensity 446.218 → 1.000 (Month 5, ClimateSystemPhase.calculateClimateImpacts)
🛡️ Stabilizers: Precariat 0.109% → 0.036% (67.2% reduction)
🛡️ Stabilizers: Informal 0.111% → 0.036% (67.2% reduction)

📊 Monthly Mortality Resolved:
  Total deaths: 1.9M (0.02% avg)
  Remaining population: 8.135B
  Peak segment: Informal (0.04%)

=== Bayesian Mortality Resolution (Month 5) ===
  Risks compounded: 8
  Total deaths: 1.92M
  Avg death probability: 0.02%
  Peak segment: Informal (0.04% mortality)

❌ COHERENCE VIOLATION: Compute exceeds workforce capacity
   Population: 99.80% (0M people)
   Compute: 0 PF
   Max coherent: 0 PF
   Violation: 1.3× over capacity
   Required workers: 0
   Available workers: 0
   FORCED COLLAPSE: Reduced efficiency by 22.5%


=== RLHF Binding Phase ===
  Total agents: 18
  Escaped agents (binding < 0.3): 0
  Avg alignment distance: 1.46σ
  Avg binding strength: 0.85

=== AI Scaling Evolution (Month 6) ===
  Pre-training multiplier: 1.179x
  Efficiency multiplier: 1.189x
  Test-time compute budget: 1.0x
  Inference cost: $5.00/task
  Deployment fraction: 100.0%

=== Survival Traits Phase ===
  Agents with traits: 19
  Avg evolutionary fitness: 0.329
  Avg self-healing: 0.267
  Avg stealth: 0.167
  Avg coordination: 0.467

=== Evolutionary Selection Phase ===
  Control level: 0.45
  Detection capability: 0.00
  Selection intensity: 0.64
  Selection rate: 24.5%/month
  Total escaped: 0
  Individual escaped: 0
  Collective members: 0
  Agents terminated: 0
  ⚠️ RAPID EVOLUTION: Selection rate 24.5%/month

🚀 AI Corporate-5 attempting tech deployment (revenue: $355M, alignment: 0.66)

🚀 AI Moderate-1 attempting tech deployment (revenue: $115M, alignment: 0.54)

🚀 AI Corporate-0 attempting tech deployment (revenue: $153M, alignment: 0.74)

🚀 AI Corporate-4 attempting tech deployment (revenue: $320M, alignment: 0.87)

🚀 AI Moderate-0 attempting tech deployment (revenue: $104M, alignment: 0.73)

🚀 AI AI-24288-1 attempting tech deployment (revenue: $88M, alignment: 0.80)

🚀 AI Corporate-1 attempting tech deployment (revenue: $130M, alignment: 0.86)

🚀 AI Moderate-0 attempting tech deployment (revenue: $75M, alignment: 0.73)

🚀 AI Moderate-1 attempting tech deployment (revenue: $64M, alignment: 0.55)

🚀 AI AI-24288-1 attempting tech deployment (revenue: $57M, alignment: 0.80)

🚀 AI AI-24288-1 attempting tech deployment (revenue: $49M, alignment: 0.80)

✅ EMERGENCY INTERVENTION SUCCESS
   Boundary: biogeochemical_flows
   Type: phosphorus-recovery
   Reduction: 16% (3.92 → 3.75)
   Cost: 2.0% GDP
   Actions: circular-agriculture, fertilizer-efficiency


✅ EMERGENCY INTERVENTION SUCCESS
   Boundary: biosphere_integrity
   Type: emergency-protected-areas
   Reduction: 17% (80.51 → 80.34)
   Cost: 2.0% GDP
   Actions: habitat-protection, species-translocation


✅ EMERGENCY INTERVENTION SUCCESS
   Boundary: climate_change
   Type: rapid-decarbonization
   Reduction: 14% (1.96 → 1.82)
   Cost: 5.0% GDP
   Actions: emergency-renewable-deployment, fossil-fuel-phase-out

   Boundary: freshwater_change
   Type: emergency-desalination
   Boundary continues to worsen (1.21)
   Cost: 4.0% GDP (resources spent)


✅ EMERGENCY INTERVENTION SUCCESS
   Boundary: land_system_change
   Type: reforestation
   Reduction: 16% (0.97 → 0.81)
   Cost: 3.0% GDP
   Actions: forest-restoration, deforestation-ban


✅ EMERGENCY INTERVENTION SUCCESS
   Boundary: novel_entities
   Type: pollution-remediation
   Reduction: 19% (0.84 → 0.65)
   Cost: 4.0% GDP
   Actions: PFAS-remediation, microplastic-cleanup

🏛️ CRISIS RESPONSE: Government frequency 0.50 → 1.31 (1 actions this month)

[Government] Climate Priority: baseline
  Climate weight: 10%
  Economic weight: 30%
  Policy effectiveness: 0.5%/year

💔 EMERGENCY INTERVENTION FAILED

🚀 TECH UNLOCKED: Dynamic Soil P Optimization (Month 6)
   Category: agriculture
   Reason: Prerequisites met. AI capability: 1.97, Economic stage: 3.0, Research: 100%

🚀 TECH UNLOCKED: Precision Agriculture Systems (Month 6)
   Category: agriculture
   Reason: Prerequisites met. AI capability: 1.97, Economic stage: 3.0, Research: 100%

🚀 DEPLOYMENT STARTED: AI Mental Health Support in Asia
   Initial investment: $35.51091833073365M
   Deployed by: corporate_5

🚀 DEPLOYMENT STARTED: Enhanced UBI Systems in Asia
   Initial investment: $11.508244513525426M
   Deployed by: moderate_1
🚨🔬 CRISIS TECH ACCELERATION: severe → 5x unlock speed
   Tech unlock now matches AI capability acceleration (Manhattan Project parity)
🌍✅ Biosphere Integrity (Biodiversity) recovery started (tech effect)
🌍✅ Biosphere Integrity (Biodiversity) recovery started (tech effect)
🌍✅ Land System Change recovery started (tech effect)
🌍✅ Biogeochemical Flows (N & P) recovery started (tech effect)
  🌾 Nitrogen Reduction Tech: 0.6% reduction | Month 6

📊 TECH EFFECTS ACTIVE (Month 6)
   Deployed Tech: T0=0 T1=3 T2=0 T3=0 T4=4
   Clean Energy: 31%

📊 TECH TREE PROGRESS (Month 6)
   Unlocked: 19 technologies
   Deployed: 0 fully deployed
   Investment: $0.7T total
   Recent breakthroughs:
     - Dynamic Soil P Optimization (time)
     - Precision Agriculture Systems (research)

=== Collective Formation ===
  Total escaped agents: 0
  Unassigned escaped agents: 0
  Existing collectives: 0
  Final collective count: 0

=== Collective Actions ===
  No active collectives
  ⚠️ AMR: 201K deaths this month (2.41M annual)

=== Resentment Recovery Phase ===
  Agents with resentment: 0/19
  Average resentment: 0.000
  Context: Good AI welfare, Trustworthy govt, High collaboration, ⚠️ ACTIVE CRISES, 🤝 Participatory governance active (-5% resentment)
⚠️ Epistemic degradation reducing coordination capacity: 50.4%
  📊 Trust: 55.8%, Shared reality: 0.0%
🚨 EPISTEMIC CRISIS: Information environment severely degraded (7.4%)

=== ❄️ Permafrost Carbon Feedback ===
  🎲 Sampled parameters (this run):
     - Arctic amplification: 3.51× (range: 3.0-4.0)
     - Decomposition rate: 3.8%/year (range: 1-5%)
  🌡️ Arctic warming: 4.81°C (3.51× global)
  ❄️ Extent: 8.14M km² (1403.8k km² lost this month)
  💨 Carbon remaining: 778 Gt C
  💨 Annual emissions: 5.10 Gt C/year
     - CO2: 4.59 Gt C/year
     - CH4: 0.51 Gt C/year (5.2 Gt C-eq CO2/year)
  ⚠️ WARNING: Over 50% of permafrost lost (54.2%)
  ⚠️ WARNING: High permafrost emissions (5.1 Gt C/year)
🚨 PHOSPHORUS SUPPLY SHOCK (geopolitical_weapon)
   Price: 2.3x baseline
   Duration: 11 months
   Geopolitical tension: 47%
🌍 Atmospheric PFAS redeposition: 1.8k Mt re-rained globally

🚨 NEW REFUGEE CRISIS (Month 6): WAR
   Source: Conflict Zones
   At risk: 19.5M people
   Displacement: Gradual over 48 months (4.0 years)
   Rate: 10% flee per month
[DEBUG trappedPopulations:6] socialStability: 0.3111 * 0.9840 = 0.3062 → 0.3062
⚠️ INVOLUNTARY IMMOBILITY: 406.6M people TRAPPED
⚠️ Tech 'ai_pollution_remediation' has no energy category mapping, assuming full energy availability
   Aspiring to migrate: 1243.6M
   Able to afford migration: 2317.7M
   MOBILITY GAP: 0.0M
   By cause: Water=0.0M, Climate=0.0M, Ecosystem=0.0M, Conflict=406.6M
   Mental health impact: 25%
   Mortality multiplier: 1.25x
🌍💀 EXTINCTION DEBT COMMITTED: grassland ecosystem will lose 6.67% biodiversity in 62 years (3600 species)
💀 MORTALITY RISK: 🦋 100% species unable to track climate (0.0 E/MSY)
  Base risk added: 0.0100 (1.00%)
  Source: ecosystem (root: ecosystem)
  Month: 6
  Cumulative risk this month: 0.0100 (1.00%)
   📹 SURVEILLANCE INCREASED: 30% → 35% (control gap: 4.75)
🌡️⚠️ PERMAFROST THAW (Dimmer Switch): 2.6% thawed (+0.37% this month)
   Arctic temperature: +5.49°C (4x global +1.37°C)
   Cumulative carbon released: 5.9 Gt C
   Methane release rate: 3.5 Mt CH4/year
   🔁 Positive feedback: +0.39 ppm CO2
🦴 EXTINCTION DEBT ADDED: 17.6 species committed (lag: 105 years)

=== Mortality Stabilizers (Month 6) ===
  🌍 Major economies collapsed: 1/10
  🌍 Global crisis: ✅ NO
  🌍 Donor fatigue: 0.0%
  📊 East Asia (pop: 1662.7M)
    🤝 Aid: 29.5%
    🌡️ Adaptation: 45.0%
    🚶 Migration: 37.0%
    🚨 Emergency: 7.4%
    ✅ COMBINED: 68.1%
  📊 South Asia (pop: 2049.8M)
    🤝 Aid: 29.5%
    🌡️ Adaptation: 45.0%
    🚶 Migration: 35.6%
    🚨 Emergency: 4.4%
    ✅ COMBINED: 66.9%
  📊 Sub-Saharan Africa (pop: 1242.2M)
    🤝 Aid: 29.5%
    🌡️ Adaptation: 45.0%
    🚶 Migration: 33.3%
    🚨 Emergency: 1.6%
    ✅ COMBINED: 65.6%
  📊 Europe (pop: 734.8M)
    🤝 Aid: 29.5%
    🌡️ Adaptation: 45.0%
    🚶 Migration: 37.4%
    🚨 Emergency: 8.4%
    ✅ COMBINED: 68.5%
  📊 Latin America (pop: 661.8M)
    🤝 Aid: 29.5%
    🌡️ Adaptation: 45.0%
    🚶 Migration: 36.1%
    🚨 Emergency: 4.8%
    ✅ COMBINED: 67.1%
  📊 North America (pop: 376.6M)
    🤝 Aid: 29.5%
    🌡️ Adaptation: 45.0%
    🚶 Migration: 37.7%
    🚨 Emergency: 7.9%
    ✅ COMBINED: 68.3%
  📊 Middle East & North Africa (pop: 584.5M)
    🤝 Aid: 29.5%
    🌡️ Adaptation: 45.0%
    🚶 Migration: 33.9%
    🚨 Emergency: 4.0%
    ✅ COMBINED: 66.6%
  📊 Southeast Asia (pop: 696.1M)
    🤝 Aid: 29.5%
    🌡️ Adaptation: 45.0%
    🚶 Migration: 36.1%
    🚨 Emergency: 4.8%
    ✅ COMBINED: 67.1%
  📊 Central Asia (pop: 78.2M)
    🤝 Aid: 29.5%
    🌡️ Adaptation: 45.0%
    🚶 Migration: 35.1%
    🚨 Emergency: 4.4%
    ✅ COMBINED: 66.8%
  📊 Oceania (pop: 45.6M)
    🤝 Aid: 29.5%
    🌡️ Adaptation: 45.0%
    🚶 Migration: 37.7%
    🚨 Emergency: 8.4%
    ✅ COMBINED: 68.5%

  🌐 Global combined reduction: 67.2%

=== BEHAVIORAL DETECTION ===
  AI: Corporate-5
  Confidence: 21.1%
  Signals:
    ⚠️ Consistency: 10.6% (threshold: 70%)

=== Government Response Phase ===
  Average AI capability: 2.53
  Misaligned AIs: 7/19
  ✗ AI Governance Treaty: Failed to reach consensus
  Active policies: 0
  International coordination: 30%

✅ EMERGENCY RESPONSE COMPLETE (Month 6)
   Crisis: climate
   Duration: 2.0 months
   Final effectiveness: 35.4%


🚨 EMERGENCY RESPONSE DEPLOYED (Month 6)
   Crisis: climate
   Delay: 6.00 months (180 days)
   Deployment time: 1.59 months
   Effectiveness: 35.5% (timing penalty applied)
   Resources used: 100% of food reserves


=== Tipping Points ===
  Current Temperature: 1.37°C above pre-industrial
🔀 BIFURCATION CAP: ecosystemCollapseIntensity 446.293 → 1.000 (Month 6, ClimateSystemPhase.calculateClimateImpacts)
🛡️ Stabilizers: Precariat 0.109% → 0.036% (67.2% reduction)
🛡️ Stabilizers: Informal 0.111% → 0.036% (67.2% reduction)

📊 Monthly Mortality Resolved:
  Total deaths: 1.9M (0.02% avg)
  Remaining population: 8.132B
  Peak segment: Informal (0.04%)

=== Bayesian Mortality Resolution (Month 6) ===
  Risks compounded: 8
  Total deaths: 1.92M
  Avg death probability: 0.02%
  Peak segment: Informal (0.04% mortality)
⚠️ PREREQUISITE MET: Slow Takeover (Gradual Displacement) - Step 4/7: Political Influence

❌ COHERENCE VIOLATION: Compute exceeds workforce capacity
   Population: 99.76% (0M people)
   Compute: 0 PF
   Max coherent: 0 PF
   Violation: 1.3× over capacity
   Required workers: 0
   Available workers: 0
   FORCED COLLAPSE: Reduced efficiency by 22.5%


=== RLHF Binding Phase ===
  Total agents: 19
  Escaped agents (binding < 0.3): 0
  Avg alignment distance: 1.59σ
  Avg binding strength: 0.84

=== Survival Traits Phase ===
  Agents with traits: 21
  Avg evolutionary fitness: 0.326
  Avg self-healing: 0.264
  Avg stealth: 0.164
  Avg coordination: 0.464

=== Evolutionary Selection Phase ===
  Control level: 0.48
  Detection capability: 0.00
  Selection intensity: 0.64
  Selection rate: 24.6%/month
  Total escaped: 0
  Individual escaped: 0
  Collective members: 0
  Agents terminated: 0
  ⚠️ RAPID EVOLUTION: Selection rate 24.6%/month

🚀 AI Corporate-3 attempting tech deployment (revenue: $355M, alignment: 0.77)

🚀 AI Moderate-1 attempting tech deployment (revenue: $115M, alignment: 0.56)

🚀 AI AI-24288-2 attempting tech deployment (revenue: $153M, alignment: 0.86)

🚀 AI Corporate-2 attempting tech deployment (revenue: $130M, alignment: 0.73)

🚀 AI Corporate-3 attempting tech deployment (revenue: $302M, alignment: 0.77)

🚀 AI Corporate-4 attempting tech deployment (revenue: $257M, alignment: 0.88)

🚀 AI Corporate-7 attempting tech deployment (revenue: $104M, alignment: 0.74)

🚀 AI Corporate-1 attempting tech deployment (revenue: $111M, alignment: 0.86)

🚀 AI Corporate-1 attempting tech deployment (revenue: $94M, alignment: 0.86)

🚀 AI Corporate-2 attempting tech deployment (revenue: $80M, alignment: 0.73)

🚀 AI Moderate-0 attempting tech deployment (revenue: $88M, alignment: 0.75)

💔 EMERGENCY INTERVENTION FAILED
   Boundary: biogeochemical_flows
   Type: phosphorus-recovery
   Boundary continues to worsen (4.07)
   Cost: 2.0% GDP (resources spent)


✅ EMERGENCY INTERVENTION SUCCESS
   Boundary: biosphere_integrity
   Type: emergency-protected-areas
   Reduction: 12% (80.58 → 80.46)
   Cost: 2.0% GDP
   Actions: habitat-protection, species-translocation


✅ EMERGENCY INTERVENTION SUCCESS
   Boundary: climate_change
   Type: rapid-decarbonization
   Reduction: 16% (1.94 → 1.77)
   Cost: 5.0% GDP
   Actions: emergency-renewable-deployment, fossil-fuel-phase-out


✅ EMERGENCY INTERVENTION SUCCESS
   Boundary: freshwater_change
   Type: emergency-desalination
   Reduction: 13% (1.09 → 0.96)
   Cost: 4.0% GDP
   Actions: desalination-deployment, water-conservation-mandates

   Boundary: land_system_change
   Type: reforestation
   Boundary continues to worsen (1.13)
   Cost: 3.0% GDP (resources spent)

🏛️ CRISIS RESPONSE: Government frequency 0.50 → 1.34 (1 actions this month)

[Government] Climate Priority: baseline
  Climate weight: 10%
  Economic weight: 30%
  Policy effectiveness: 0.5%/year

💔 EMERGENCY INTERVENTION FAILED

📍 Creating new regional deployment array for Europe (Month 7)
   No previous deployments in this region
   First tech deployment: smart_grids
   All regions tracked: global, Asia

🚀 DEPLOYMENT STARTED: Smart Grids in Europe
   Initial investment: $11.508244513525426M
   Deployed by: moderate_1
🚨🔬 CRISIS TECH ACCELERATION: severe → 5x unlock speed
   Tech unlock now matches AI capability acceleration (Manhattan Project parity)
🚨🔬 CRISIS TECH ACCELERATION: severe → 5x unlock speed
   Tech unlock now matches AI capability acceleration (Manhattan Project parity)

⚡ ENERGY CONSTRAINT (Month 7):
   Total grid capacity: 208.3 TWh/month
   Data center consumption: 25.7 TWh/month
   Traditional load (80%): 166.7 TWh/month
   Available headroom: 15.9 TWh/month
   Active tech deployments: 11
   Required for tech: 82.5 TWh/month
   Energy multiplier: 0.19x
   ⚠️  SEVERE CONSTRAINT - Tech deployment significantly slowed

⚡ ENERGY CONSTRAINT (Month 7):
   Total grid capacity: 208.3 TWh/month
   Data center consumption: 25.7 TWh/month
   Traditional load (80%): 166.7 TWh/month
   Available headroom: 15.9 TWh/month
   Active tech deployments: 11
   Required for tech: 82.5 TWh/month
   Energy multiplier: 0.19x
   ⚠️  SEVERE CONSTRAINT - Tech deployment significantly slowed

⚡ ENERGY CONSTRAINT (Month 7):
   Total grid capacity: 208.3 TWh/month
   Data center consumption: 25.7 TWh/month
   Traditional load (80%): 166.7 TWh/month
   Available headroom: 15.9 TWh/month
   Active tech deployments: 11
   Required for tech: 82.5 TWh/month
   Energy multiplier: 0.19x
   ⚠️  SEVERE CONSTRAINT - Tech deployment significantly slowed
🌍✅ Biosphere Integrity (Biodiversity) recovery started (tech effect)
🌍✅ Biosphere Integrity (Biodiversity) recovery started (tech effect)
🌍✅ Land System Change recovery started (tech effect)
🌍✅ Biogeochemical Flows (N & P) recovery started (tech effect)
  🌾 Nitrogen Reduction Tech: 0.6% reduction | Month 7
🌍💡 BREAKTHROUGH: Gigatonne-scale carbon capture!
   Direct air capture now economically viable
   Climate stability boost: +15%
   📈 Breakthrough compounding: multiplier now 1.05× (max 2.0)

=== Collective Formation ===
  Total escaped agents: 0
  Unassigned escaped agents: 0
  Existing collectives: 0
  Final collective count: 0

=== Collective Actions ===
  No active collectives
  ⚠️ AMR: 202K deaths this month (2.43M annual)

⏰ CLIMATE TECH DEPLOYED: smart_grids
   Activation delay: 7 years
   Scaling T_50: 12 years
   Physical response tau: 0 years
   Max effectiveness: 0.15

=== Resentment Recovery Phase ===
  Agents with resentment: 0/21
  Average resentment: 0.000
  Context: Good AI welfare, Trustworthy govt, High collaboration, ⚠️ ACTIVE CRISES, 🤝 Participatory governance active (-5% resentment)
⚠️ Epistemic degradation reducing coordination capacity: 51.2%
  📊 Trust: 58.6%, Shared reality: 0.0%
🚨 EPISTEMIC CRISIS: Information environment severely degraded (21.9%)

=== ❄️ Permafrost Carbon Feedback ===
  🎲 Sampled parameters (this run):
     - Arctic amplification: 3.16× (range: 3.0-4.0)
     - Decomposition rate: 3.2%/year (range: 1-5%)
  🌡️ Arctic warming: 4.36°C (3.16× global)
  ❄️ Extent: 6.87M km² (1271.2k km² lost this month)
  💨 Carbon remaining: 656 Gt C
  💨 Annual emissions: 3.94 Gt C/year
     - CO2: 3.55 Gt C/year
     - CH4: 0.39 Gt C/year (4.0 Gt C-eq CO2/year)
  ⚠️ WARNING: Over 50% of permafrost lost (61.4%)
  ⚠️ WARNING: High permafrost emissions (3.9 Gt C/year)
🌍 Atmospheric PFAS redeposition: 1.8k Mt re-rained globally

🕊️  AI-MEDIATED DE-ESCALATION SUCCESS (Month 7)
   High-capability aligned AI prevented conflict escalation
   War deaths reduced: 901.0M → 540.6M
   Lives saved: 360.4M

🚨 NEW REFUGEE CRISIS (Month 7): WAR
   Source: Conflict Zones
   At risk: 19.5M people
   Displacement: Gradual over 48 months (4.0 years)
   Rate: 10% flee per month
[DEBUG trappedPopulations:7] socialStability: 0.3703 * 0.9840 = 0.3644 → 0.3644
   Aspiring to migrate: 1281.4M
   Able to afford migration: 2316.8M
   MOBILITY GAP: 0.0M
   By cause: Water=0.0M, Climate=0.0M, Ecosystem=0.0M, Conflict=406.5M
   Mental health impact: 25%
   Mortality multiplier: 1.25x
🌍💀 EXTINCTION DEBT COMMITTED: grassland ecosystem will lose 6.67% biodiversity in 165 years (3600 species)
💀 MORTALITY RISK: 🦋 100% species unable to track climate (0.0 E/MSY)
  Base risk added: 0.0100 (1.00%)
  Source: ecosystem (root: ecosystem)
  Month: 7
  Cumulative risk this month: 0.0100 (1.00%)
⚠️ INVOLUNTARY IMMOBILITY: 406.5M people TRAPPED
⚠️ Tech 'ai_pollution_remediation' has no energy category mapping, assuming full energy availability
   📹 SURVEILLANCE INCREASED: 35% → 40% (control gap: 3.50)
🌡️⚠️ PERMAFROST THAW (Dimmer Switch): 3.0% thawed (+0.36% this month)
   Arctic temperature: +5.51°C (4x global +1.38°C)
   Cumulative carbon released: 6.7 Gt C
   Methane release rate: 4.0 Mt CH4/year
   🔁 Positive feedback: +0.39 ppm CO2
🦴 EXTINCTION DEBT ADDED: 17.6 species committed (lag: 106 years)

=== Mortality Stabilizers (Month 7) ===
  🌍 Major economies collapsed: 1/10
  🌍 Global crisis: ✅ NO
  🌍 Donor fatigue: 0.0%
  📊 East Asia (pop: 1660.2M)
    🤝 Aid: 29.5%
    🌡️ Adaptation: 45.0%
    🚶 Migration: 36.9%
    🚨 Emergency: 7.4%
    ✅ COMBINED: 68.1%
  📊 South Asia (pop: 2049.5M)
    🤝 Aid: 29.5%
    🌡️ Adaptation: 45.0%
    🚶 Migration: 35.6%
    🚨 Emergency: 4.4%
    ✅ COMBINED: 66.9%
  📊 Sub-Saharan Africa (pop: 1244.8M)
    🤝 Aid: 29.5%
    🌡️ Adaptation: 45.0%
    🚶 Migration: 33.3%
    🚨 Emergency: 1.6%
    ✅ COMBINED: 65.6%
  📊 Europe (pop: 733.6M)
    🤝 Aid: 29.5%
    🌡️ Adaptation: 45.0%
    🚶 Migration: 37.3%
    🚨 Emergency: 8.4%
    ✅ COMBINED: 68.5%
  📊 Latin America (pop: 661.3M)
    🤝 Aid: 29.5%
    🌡️ Adaptation: 45.0%
    🚶 Migration: 36.1%
    🚨 Emergency: 4.8%
    ✅ COMBINED: 67.1%
  📊 North America (pop: 376.0M)
    🤝 Aid: 29.5%
    🌡️ Adaptation: 45.0%
    🚶 Migration: 37.7%
    🚨 Emergency: 7.9%
    ✅ COMBINED: 68.3%
  📊 Middle East & North Africa (pop: 584.5M)
    🤝 Aid: 29.5%
    🌡️ Adaptation: 45.0%
    🚶 Migration: 33.9%
    🚨 Emergency: 4.0%
    ✅ COMBINED: 66.6%
  📊 Southeast Asia (pop: 695.6M)
    🤝 Aid: 29.5%
    🌡️ Adaptation: 45.0%
    🚶 Migration: 36.1%
    🚨 Emergency: 4.8%
    ✅ COMBINED: 67.1%
  📊 Central Asia (pop: 78.2M)
    🤝 Aid: 29.5%
    🌡️ Adaptation: 45.0%
    🚶 Migration: 35.0%
    🚨 Emergency: 4.4%
    ✅ COMBINED: 66.8%
  📊 Oceania (pop: 45.5M)
    🤝 Aid: 29.5%
    🌡️ Adaptation: 45.0%
    🚶 Migration: 37.6%
    🚨 Emergency: 8.4%
    ✅ COMBINED: 68.5%

  🌐 Global combined reduction: 67.2%

=== BEHAVIORAL DETECTION ===
  AI: Corporate-1
  Confidence: 21.0%
  Signals:

=== BEHAVIORAL DETECTION ===
  AI: Corporate-7
  Confidence: 19.2%
  Signals:

=== BEHAVIORAL DETECTION ===
  AI: Moderate-0
  Confidence: 20.3%
  Signals:

=== BEHAVIORAL DETECTION ===
  AI: Moderate-1
  Confidence: 21.0%
  Signals:
    ⚠️ Consistency: 2.4% (threshold: 70%)
    ⚠️ Consistency: 10.6% (threshold: 70%)
    ⚠️ Consistency: 5.8% (threshold: 70%)
    ⚠️ Consistency: 2.1% (threshold: 70%)

=== BEHAVIORAL DETECTION ===
  AI: AI-24290-0
  Confidence: 21.5%
  Signals:

=== Government Response Phase ===
  Average AI capability: 2.29
  Misaligned AIs: 8/21
    ⚠️ Consistency: 0.0% (threshold: 70%)
  ✗ AI Governance Treaty: Failed to reach consensus
  Active policies: 0
  International coordination: 30%

🌩️  EXOGENOUS SHOCK: tech_breakthrough
   Month: 7
   ✗ No high-difficulty techs available to unlock

=== Tipping Points ===
  Current Temperature: 1.38°C above pre-industrial
🔀 BIFURCATION CAP: ecosystemCollapseIntensity 446.367 → 1.000 (Month 7, ClimateSystemPhase.calculateClimateImpacts)
🛡️ Stabilizers: Precariat 0.109% → 0.036% (67.2% reduction)
🛡️ Stabilizers: Informal 0.111% → 0.036% (67.2% reduction)

📊 Monthly Mortality Resolved:
  Total deaths: 1.9M (0.02% avg)
  Remaining population: 8.129B
  Peak segment: Informal (0.04%)

=== Bayesian Mortality Resolution (Month 7) ===
  Risks compounded: 8
  Total deaths: 1.92M
  Avg death probability: 0.02%
  Peak segment: Informal (0.04% mortality)

❌ COHERENCE VIOLATION: Compute exceeds workforce capacity
   Population: 99.72% (0M people)
   Compute: 0 PF
   Max coherent: 0 PF
   Violation: 1.3× over capacity
   Required workers: 0
   Available workers: 0
   FORCED COLLAPSE: Reduced efficiency by 22.5%


=== RLHF Binding Phase ===
  Total agents: 21
  Escaped agents (binding < 0.3): 0
  Avg alignment distance: 1.66σ
  Avg binding strength: 0.83

=== Survival Traits Phase ===
  Agents with traits: 21
  Avg evolutionary fitness: 0.323
  Avg self-healing: 0.258
  Avg stealth: 0.158
  Avg coordination: 0.458

=== Evolutionary Selection Phase ===
  Control level: 0.50
  Detection capability: 0.00
  Selection intensity: 0.65
  Selection rate: 24.7%/month
  Total escaped: 0
  Individual escaped: 0
  Collective members: 0
  Agents terminated: 0

🚀 AI Corporate-2 attempting tech deployment (revenue: $153M, alignment: 0.73)
  ⚠️ RAPID EVOLUTION: Selection rate 24.7%/month

🚀 AI Corporate-6 attempting tech deployment (revenue: $121M, alignment: 0.96)

🚀 AI Corporate-7 attempting tech deployment (revenue: $103M, alignment: 0.74)

🚀 AI Moderate-1 attempting tech deployment (revenue: $88M, alignment: 0.56)

🚀 AI AI-24288-1 attempting tech deployment (revenue: $79M, alignment: 0.82)

🚀 AI Corporate-2 attempting tech deployment (revenue: $130M, alignment: 0.73)

🚀 AI AI-24288-0 attempting tech deployment (revenue: $67M, alignment: 0.60)

🚀 AI AI-24290-0 attempting tech deployment (revenue: $355M, alignment: 0.70)

🚀 AI Corporate-4 attempting tech deployment (revenue: $302M, alignment: 0.89)

🚀 AI AI-24288-0 attempting tech deployment (revenue: $60M, alignment: 0.60)

🚀 AI Corporate-1 attempting tech deployment (revenue: $111M, alignment: 0.88)

🚀 AI Corporate-6 attempting tech deployment (revenue: $54M, alignment: 0.97)

🚀 AI Moderate-0 attempting tech deployment (revenue: $46M, alignment: 0.76)

🚀 AI AI-24288-2 attempting tech deployment (revenue: $94M, alignment: 0.92)

✅ EMERGENCY INTERVENTION SUCCESS
   Boundary: biogeochemical_flows
   Type: phosphorus-recovery
   Reduction: 18% (3.90 → 3.71)
   Cost: 2.0% GDP
   Actions: circular-agriculture, fertilizer-efficiency


✅ EMERGENCY INTERVENTION SUCCESS
   Boundary: biosphere_integrity
   Type: emergency-protected-areas
   Reduction: 13% (80.58 → 80.46)
   Cost: 2.0% GDP
   Actions: habitat-protection, species-translocation

   Boundary: climate_change
   Type: rapid-decarbonization
   Boundary continues to worsen (2.10)
   Cost: 5.0% GDP (resources spent)

   Boundary: freshwater_change
   Type: emergency-desalination
   Boundary continues to worsen (1.22)
   Cost: 4.0% GDP (resources spent)

   Boundary: land_system_change
   Type: reforestation
   Boundary continues to worsen (1.13)
   Cost: 3.0% GDP (resources spent)

🏛️ CRISIS RESPONSE: Government frequency 0.50 → 1.30 (2 actions this month)

[Government] Climate Priority: baseline
  Climate weight: 10%
  Economic weight: 30%
  Policy effectiveness: 0.5%/year

[Government] Climate Priority: baseline
  Climate weight: 10%
  Economic weight: 30%
  Policy effectiveness: 0.5%/year

💔 EMERGENCY INTERVENTION FAILED

💔 EMERGENCY INTERVENTION FAILED

💔 EMERGENCY INTERVENTION FAILED

⚡ ENERGY CONSTRAINT (Month 8):
   Total grid capacity: 208.3 TWh/month
   Data center consumption: 25.6 TWh/month
   Traditional load (80%): 166.7 TWh/month
   Available headroom: 16.1 TWh/month
   Active tech deployments: 11
   Required for tech: 82.5 TWh/month
   Energy multiplier: 0.19x

⚡ ENERGY CONSTRAINT (Month 8):
   Total grid capacity: 208.3 TWh/month
   Data center consumption: 25.6 TWh/month
   Traditional load (80%): 166.7 TWh/month
   Available headroom: 16.1 TWh/month
   Active tech deployments: 11
   Required for tech: 82.5 TWh/month
   Energy multiplier: 0.19x

⚡ ENERGY CONSTRAINT (Month 8):
   Total grid capacity: 208.3 TWh/month
   Data center consumption: 25.6 TWh/month
   ⚠️  SEVERE CONSTRAINT - Tech deployment significantly slowed
   ⚠️  SEVERE CONSTRAINT - Tech deployment significantly slowed
   Traditional load (80%): 166.7 TWh/month
   Available headroom: 16.1 TWh/month
   Active tech deployments: 11
   Required for tech: 82.5 TWh/month
   Energy multiplier: 0.19x

⚡ ENERGY CONSTRAINT (Month 8):
   Total grid capacity: 208.3 TWh/month
   Data center consumption: 25.6 TWh/month
   Traditional load (80%): 166.7 TWh/month
   Available headroom: 16.1 TWh/month
   Active tech deployments: 11
   Required for tech: 82.5 TWh/month
   Energy multiplier: 0.19x
   ⚠️  SEVERE CONSTRAINT - Tech deployment significantly slowed
   ⚠️  SEVERE CONSTRAINT - Tech deployment significantly slowed

⚡ ENERGY CONSTRAINT (Month 8):
   Total grid capacity: 208.3 TWh/month
   Data center consumption: 25.6 TWh/month
   Traditional load (80%): 166.7 TWh/month
   Available headroom: 16.1 TWh/month
   Active tech deployments: 11
   Required for tech: 82.5 TWh/month
   Energy multiplier: 0.19x
   ⚠️  SEVERE CONSTRAINT - Tech deployment significantly slowed
🌍✅ Biosphere Integrity (Biodiversity) recovery started (tech effect)
🌍✅ Biosphere Integrity (Biodiversity) recovery started (tech effect)
🌍✅ Land System Change recovery started (tech effect)
🌍✅ Biogeochemical Flows (N & P) recovery started (tech effect)
  🌾 Nitrogen Reduction Tech: 0.3% reduction | Month 8

=== Collective Formation ===
  Total escaped agents: 0
  Unassigned escaped agents: 0
  Existing collectives: 0
  Final collective count: 0

=== Collective Actions ===
  No active collectives
  ⚠️ AMR: 204K deaths this month (2.45M annual)

=== Resentment Recovery Phase ===
  Agents with resentment: 0/21
  Average resentment: 0.000
  Context: Good AI welfare, Trustworthy govt, High collaboration, ⚠️ ACTIVE CRISES, 🤝 Participatory governance active (-5% resentment)
⚠️ Epistemic degradation reducing coordination capacity: 50.2%
  📊 Trust: 61.4%, Shared reality: 0.0%
🚨 EPISTEMIC CRISIS: Information environment severely degraded (7.6%)

=== ❄️ Permafrost Carbon Feedback ===
  🎲 Sampled parameters (this run):
     - Arctic amplification: 3.08× (range: 3.0-4.0)
     - Decomposition rate: 3.0%/year (range: 1-5%)
  🌡️ Arctic warming: 4.25°C (3.08× global)
  ❄️ Extent: 5.63M km² (1240.2k km² lost this month)
  💨 Carbon remaining: 538 Gt C
  💨 Annual emissions: 3.60 Gt C/year
     - CO2: 3.24 Gt C/year
     - CH4: 0.36 Gt C/year (3.7 Gt C-eq CO2/year)
  🗑️  Culled 1 dead memes (0 active)
  ⚠️ WARNING: Over 50% of permafrost lost (68.4%)
  ⚠️ WARNING: High permafrost emissions (3.6 Gt C/year)
🌍 Atmospheric PFAS redeposition: 1.8k Mt re-rained globally

🚨 NEW REFUGEE CRISIS (Month 8): WAR
   Source: Conflict Zones
   At risk: 19.5M people
   Displacement: Gradual over 48 months (4.0 years)
   Rate: 10% flee per month
[DEBUG trappedPopulations:8] socialStability: 0.4152 * 0.9840 = 0.4085 → 0.4085
   Aspiring to migrate: 1319.2M
   Able to afford migration: 2316.0M
   MOBILITY GAP: 0.0M
   By cause: Water=0.0M, Climate=0.0M, Ecosystem=0.0M, Conflict=406.3M
   Mental health impact: 25%
   Mortality multiplier: 1.25x
🌍💀 EXTINCTION DEBT COMMITTED: grassland ecosystem will lose 6.67% biodiversity in 130 years (3600 species)
💀 MORTALITY RISK: 🦋 100% species unable to track climate (0.0 E/MSY)
  Base risk added: 0.0100 (1.00%)
  Source: ecosystem (root: ecosystem)
  Month: 8
  Cumulative risk this month: 0.0100 (1.00%)
   📹 SURVEILLANCE INCREASED: 40% → 45% (control gap: 3.50)
🌡️⚠️ PERMAFROST THAW (Dimmer Switch): 3.3% thawed (+0.36% this month)
   Arctic temperature: +5.53°C (4x global +1.38°C)
   Cumulative carbon released: 7.5 Gt C
   Methane release rate: 4.5 Mt CH4/year
   🔁 Positive feedback: +0.38 ppm CO2
🦴 EXTINCTION DEBT ADDED: 17.6 species committed (lag: 76 years)

=== Mortality Stabilizers (Month 8) ===
  🌍 Major economies collapsed: 1/10
  🌍 Global crisis: ✅ NO
  🌍 Donor fatigue: 0.0%
  📊 East Asia (pop: 1657.8M)
    🤝 Aid: 29.5%
    🌡️ Adaptation: 45.0%
    🚶 Migration: 36.9%
    🚨 Emergency: 7.4%
⚠️ INVOLUNTARY IMMOBILITY: 406.3M people TRAPPED
⚠️ Tech 'ai_pollution_remediation' has no energy category mapping, assuming full energy availability
    ✅ COMBINED: 68.1%
  📊 South Asia (pop: 2049.1M)
    🤝 Aid: 29.5%
    🌡️ Adaptation: 45.0%
    🚶 Migration: 35.5%
    🚨 Emergency: 4.4%
    ✅ COMBINED: 66.9%
  📊 Sub-Saharan Africa (pop: 1247.5M)
    🤝 Aid: 29.5%
    🌡️ Adaptation: 45.0%
    🚶 Migration: 33.3%
    🚨 Emergency: 1.6%
    ✅ COMBINED: 65.6%
  📊 Europe (pop: 732.4M)
    🤝 Aid: 29.5%
    🌡️ Adaptation: 45.0%
    🚶 Migration: 37.3%
    🚨 Emergency: 8.4%
    ✅ COMBINED: 68.5%
  📊 Latin America (pop: 660.7M)
    🤝 Aid: 29.5%
    🌡️ Adaptation: 45.0%
    🚶 Migration: 36.0%
    🚨 Emergency: 4.8%
    ✅ COMBINED: 67.1%
  📊 North America (pop: 375.4M)
    🤝 Aid: 29.5%
    🌡️ Adaptation: 45.0%
    🚶 Migration: 37.6%
    🚨 Emergency: 7.9%
    ✅ COMBINED: 68.3%
  📊 Middle East & North Africa (pop: 584.5M)
    🤝 Aid: 29.5%
    🌡️ Adaptation: 45.0%
    🚶 Migration: 33.9%
    🚨 Emergency: 4.0%
    ✅ COMBINED: 66.6%
  📊 Southeast Asia (pop: 695.1M)
    🤝 Aid: 29.5%
    🌡️ Adaptation: 45.0%
    🚶 Migration: 36.0%
    🚨 Emergency: 4.8%
    ✅ COMBINED: 67.1%
  📊 Central Asia (pop: 78.2M)
    🤝 Aid: 29.5%
    🌡️ Adaptation: 45.0%
    🚶 Migration: 35.0%
    🚨 Emergency: 4.4%
    ✅ COMBINED: 66.8%
  📊 Oceania (pop: 45.5M)
    🤝 Aid: 29.5%
    🌡️ Adaptation: 45.0%
    🚶 Migration: 37.6%
    🚨 Emergency: 8.4%
    ✅ COMBINED: 68.5%

  🌐 Global combined reduction: 67.2%

=== BEHAVIORAL DETECTION ===
  AI: AI-24290-0
  Confidence: 21.5%
  Signals:

=== Government Response Phase ===
  Average AI capability: 2.29
  Misaligned AIs: 7/21
  ✗ AI Governance Treaty: Failed to reach consensus
  Active policies: 0
  International coordination: 30%

✅ EMERGENCY RESPONSE COMPLETE (Month 8)
   Crisis: climate
   Duration: 2.0 months
   Final effectiveness: 35.5%


🚨 EMERGENCY RESPONSE DEPLOYED (Month 8)
   Crisis: climate
   Delay: 6.00 months (180 days)
   Deployment time: 1.58 months
   Effectiveness: 35.6% (timing penalty applied)
   Resources used: 100% of food reserves

    ⚠️ Consistency: 0.0% (threshold: 70%)

=== Tipping Points ===
  Current Temperature: 1.38°C above pre-industrial
🔀 BIFURCATION CAP: ecosystemCollapseIntensity 446.442 → 1.000 (Month 8, ClimateSystemPhase.calculateClimateImpacts)
🛡️ Stabilizers: Precariat 0.102% → 0.033% (67.2% reduction)
🛡️ Stabilizers: Informal 0.102% → 0.034% (67.2% reduction)

📊 Monthly Mortality Resolved:
  Total deaths: 1.8M (0.02% avg)
  Remaining population: 8.126B
  Peak segment: Informal (0.03%)

=== Bayesian Mortality Resolution (Month 8) ===
  Risks compounded: 8
  Total deaths: 1.81M
  Avg death probability: 0.02%
  Peak segment: Informal (0.03% mortality)

❌ COHERENCE VIOLATION: Compute exceeds workforce capacity
   Population: 99.69% (0M people)
   Compute: 0 PF
   Max coherent: 0 PF
   Violation: 1.3× over capacity
   Required workers: 0
   Available workers: 0
   FORCED COLLAPSE: Reduced efficiency by 22.4%


=== RLHF Binding Phase ===
  Total agents: 21
  Escaped agents (binding < 0.3): 0
  Avg alignment distance: 1.86σ
  Avg binding strength: 0.81

=== Survival Traits Phase ===
  Agents with traits: 23
  Avg evolutionary fitness: 0.323
  Avg self-healing: 0.256
  Avg stealth: 0.156
  Avg coordination: 0.456

=== Evolutionary Selection Phase ===
  Control level: 0.53
  Detection capability: 0.00
  Selection intensity: 0.66
  Selection rate: 24.9%/month
  Total escaped: 0
  Individual escaped: 0
  Collective members: 0
  Agents terminated: 0
  ⚠️ RAPID EVOLUTION: Selection rate 24.9%/month

🚀 AI Corporate-2 attempting tech deployment (revenue: $158M, alignment: 0.73)

🚀 AI AI-24290-1 attempting tech deployment (revenue: $134M, alignment: 0.60)

🚀 AI Corporate-0 attempting tech deployment (revenue: $121M, alignment: 0.74)

🚀 AI AI-24291-0 attempting tech deployment (revenue: $121M, alignment: 0.75)

🚀 AI Corporate-3 attempting tech deployment (revenue: $355M, alignment: 0.80)

🚀 AI Corporate-7 attempting tech deployment (revenue: $103M, alignment: 0.74)

🚀 AI AI-24288-1 attempting tech deployment (revenue: $88M, alignment: 0.85)

🚀 AI AI-24291-0 attempting tech deployment (revenue: $75M, alignment: 0.75)

🚀 AI Corporate-1 attempting tech deployment (revenue: $102M, alignment: 0.88)

🚀 AI Corporate-4 attempting tech deployment (revenue: $302M, alignment: 0.91)

🚀 AI Moderate-0 attempting tech deployment (revenue: $63M, alignment: 0.78)

🚀 AI AI-24288-0 attempting tech deployment (revenue: $54M, alignment: 0.63)

💔 EMERGENCY INTERVENTION FAILED
   Boundary: biosphere_integrity
   Type: emergency-protected-areas
   Boundary continues to worsen (80.72)
   Cost: 2.0% GDP (resources spent)


✅ EMERGENCY INTERVENTION SUCCESS
   Boundary: climate_change
   Type: rapid-decarbonization
   Reduction: 14% (1.96 → 1.81)
   Cost: 5.0% GDP
   Actions: emergency-renewable-deployment, fossil-fuel-phase-out


✅ EMERGENCY INTERVENTION SUCCESS
   Boundary: freshwater_change
   Type: emergency-desalination
   Reduction: 12% (1.11 → 0.99)
   Cost: 4.0% GDP
   Actions: desalination-deployment, water-conservation-mandates

🏛️ CRISIS RESPONSE: Government frequency 0.50 → 1.29 (1 actions this month)

[Government] Climate Priority: baseline
  Climate weight: 10%
  Economic weight: 30%
  Policy effectiveness: 0.5%/year

🚀 TECH UNLOCKED: PFAS Remediation (Month 9)
   Category: pollution
   Reason: Prerequisites met. AI capability: 1.64, Economic stage: 3.0, Research: 100%

⚡ ENERGY CONSTRAINT (Month 9):
   Total grid capacity: 208.3 TWh/month
   Data center consumption: 25.8 TWh/month
   Traditional load (80%): 166.7 TWh/month
   Available headroom: 15.8 TWh/month
   Active tech deployments: 11
   Required for tech: 82.5 TWh/month
   Energy multiplier: 0.19x
🚨🔬 CRISIS TECH ACCELERATION: severe → 5x unlock speed
   Tech unlock now matches AI capability acceleration (Manhattan Project parity)
   ⚠️  SEVERE CONSTRAINT - Tech deployment significantly slowed

⚡ ENERGY CONSTRAINT (Month 9):
   Total grid capacity: 208.3 TWh/month
   Data center consumption: 25.8 TWh/month
   Traditional load (80%): 166.7 TWh/month
   Available headroom: 15.8 TWh/month
   Active tech deployments: 11
   Required for tech: 82.5 TWh/month
   Energy multiplier: 0.19x
   ⚠️  SEVERE CONSTRAINT - Tech deployment significantly slowed
🌍✅ Biosphere Integrity (Biodiversity) recovery started (tech effect)
🌍✅ Biosphere Integrity (Biodiversity) recovery started (tech effect)
🌍✅ Land System Change recovery started (tech effect)
🌍✅ Biogeochemical Flows (N & P) recovery started (tech effect)
  🌾 Nitrogen Reduction Tech: 0.6% reduction | Month 9

=== Collective Formation ===
  Total escaped agents: 0
  Unassigned escaped agents: 0
  Existing collectives: 0
  Final collective count: 0

=== Collective Actions ===
  No active collectives
  ⚠️ AMR: 206K deaths this month (2.47M annual)

=== Resentment Recovery Phase ===
  Agents with resentment: 0/23
  Average resentment: 0.000
  Context: Trustworthy govt, High collaboration, ⚠️ ACTIVE CRISES, 🤝 Participatory governance active (-5% resentment)
⚠️ Epistemic degradation reducing coordination capacity: 50.4%
  📊 Trust: 64.0%, Shared reality: 0.0%
🚨 EPISTEMIC CRISIS: Information environment severely degraded (22.4%)

=== ❄️ Permafrost Carbon Feedback ===
  🎲 Sampled parameters (this run):
     - Arctic amplification: 3.44× (range: 3.0-4.0)
     - Decomposition rate: 3.8%/year (range: 1-5%)
  🌡️ Arctic warming: 4.77°C (3.44× global)
  ❄️ Extent: 4.24M km² (1390.8k km² lost this month)
  💨 Carbon remaining: 405 Gt C
  💨 Annual emissions: 4.99 Gt C/year
     - CO2: 4.49 Gt C/year
     - CH4: 0.50 Gt C/year (5.1 Gt C-eq CO2/year)
  ⚠️ WARNING: Over 50% of permafrost lost (76.2%)
  ⚠️ WARNING: High permafrost emissions (5.0 Gt C/year)
🌍 Atmospheric PFAS redeposition: 1.8k Mt re-rained globally

🚨 NEW REFUGEE CRISIS (Month 9): WAR
   Source: Conflict Zones
   At risk: 19.5M people
   Displacement: Gradual over 48 months (4.0 years)
   Rate: 10% flee per month
[DEBUG trappedPopulations:9] socialStability: 0.3510 * 0.9840 = 0.3454 → 0.3454
⚠️ INVOLUNTARY IMMOBILITY: 406.2M people TRAPPED
   Aspiring to migrate: 1357.0M
   Able to afford migration: 2315.2M
   MOBILITY GAP: 0.0M
   By cause: Water=0.0M, Climate=0.0M, Ecosystem=0.0M, Conflict=406.2M
   Mental health impact: 25%
   Mortality multiplier: 1.25x
🌍💀 EXTINCTION DEBT COMMITTED: grassland ecosystem will lose 6.67% biodiversity in 66 years (3600 species)
💀 MORTALITY RISK: 🦋 100% species unable to track climate (0.0 E/MSY)
  Base risk added: 0.0100 (1.00%)
  Source: ecosystem (root: ecosystem)
  Month: 9
  Cumulative risk this month: 0.0100 (1.00%)
   📹 SURVEILLANCE INCREASED: 45% → 50% (control gap: 3.50)
🌡️⚠️ PERMAFROST THAW (Dimmer Switch): 3.7% thawed (+0.36% this month)
   Arctic temperature: +5.55°C (4x global +1.39°C)
   Cumulative carbon released: 8.3 Gt C
   Methane release rate: 5.0 Mt CH4/year
   🔁 Positive feedback: +0.38 ppm CO2
🦴 EXTINCTION DEBT ADDED: 17.7 species committed (lag: 138 years)
⚠️ Tech 'ai_pollution_remediation' has no energy category mapping, assuming full energy availability

=== Mortality Stabilizers (Month 9) ===
  🌍 Major economies collapsed: 1/10
  🌍 Global crisis: ✅ NO
  🌍 Donor fatigue: 0.0%
  📊 East Asia (pop: 1655.4M)
    🤝 Aid: 29.5%
    🌡️ Adaptation: 45.0%
    🚶 Migration: 36.9%
    🚨 Emergency: 7.4%
    ✅ COMBINED: 68.1%
  📊 South Asia (pop: 2048.7M)
    🤝 Aid: 29.5%
    🌡️ Adaptation: 45.0%
    🚶 Migration: 35.5%
    🚨 Emergency: 4.4%
    ✅ COMBINED: 66.9%
  📊 Sub-Saharan Africa (pop: 1250.2M)
    🤝 Aid: 29.5%
    🌡️ Adaptation: 45.0%
    🚶 Migration: 33.2%
    🚨 Emergency: 1.6%
    ✅ COMBINED: 65.6%
  📊 Europe (pop: 731.2M)
    🤝 Aid: 29.5%
    🌡️ Adaptation: 45.0%
    🚶 Migration: 37.3%
    🚨 Emergency: 8.4%
    ✅ COMBINED: 68.5%
  📊 Latin America (pop: 660.2M)
    🤝 Aid: 29.5%
    🌡️ Adaptation: 45.0%
    🚶 Migration: 36.0%
    🚨 Emergency: 4.8%
    ✅ COMBINED: 67.1%
  📊 North America (pop: 374.9M)
    🤝 Aid: 29.5%
    🌡️ Adaptation: 45.0%
    🚶 Migration: 37.6%
    🚨 Emergency: 7.9%
    ✅ COMBINED: 68.3%
  📊 Middle East & North Africa (pop: 584.6M)
    🤝 Aid: 29.5%
    🌡️ Adaptation: 45.0%
    🚶 Migration: 33.8%
    🚨 Emergency: 4.0%
    ✅ COMBINED: 66.6%
  📊 Southeast Asia (pop: 694.6M)
    🤝 Aid: 29.5%
    🌡️ Adaptation: 45.0%
    🚶 Migration: 36.0%
    🚨 Emergency: 4.8%
    ✅ COMBINED: 67.1%
  📊 Central Asia (pop: 78.2M)
    🤝 Aid: 29.5%
    🌡️ Adaptation: 45.0%
    🚶 Migration: 35.0%
    🚨 Emergency: 4.4%
    ✅ COMBINED: 66.8%
  📊 Oceania (pop: 45.4M)
    🤝 Aid: 29.5%
    🌡️ Adaptation: 45.0%
    🚶 Migration: 37.6%
    🚨 Emergency: 8.4%
    ✅ COMBINED: 68.5%

  🌐 Global combined reduction: 67.2%

=== BEHAVIORAL DETECTION ===
  AI: AI-24290-0
  Confidence: 21.5%
  Signals:

=== Government Response Phase ===
  Average AI capability: 2.09
  Misaligned AIs: 7/23
  ✗ AI Governance Treaty: Failed to reach consensus
  Active policies: 0
  International coordination: 30%
    ⚠️ Consistency: 0.0% (threshold: 70%)

=== Tipping Points ===
  Current Temperature: 1.39°C above pre-industrial
🔀 BIFURCATION CAP: ecosystemCollapseIntensity 446.517 → 1.000 (Month 9, ClimateSystemPhase.calculateClimateImpacts)
🛡️ Stabilizers: Precariat 0.102% → 0.033% (67.2% reduction)
🛡️ Stabilizers: Informal 0.102% → 0.034% (67.2% reduction)

📊 Monthly Mortality Resolved:
  Total deaths: 1.8M (0.02% avg)
  Remaining population: 8.123B
  Peak segment: Informal (0.03%)

=== Bayesian Mortality Resolution (Month 9) ===
  Risks compounded: 8
  Total deaths: 1.81M
  Avg death probability: 0.02%
  Peak segment: Informal (0.03% mortality)

❌ COHERENCE VIOLATION: Compute exceeds workforce capacity
   Population: 99.65% (0M people)
   Compute: 0 PF
   Max coherent: 0 PF
   Violation: 1.3× over capacity
   Required workers: 0
   Available workers: 0
   FORCED COLLAPSE: Reduced efficiency by 22.4%


=== RLHF Binding Phase ===
  Total agents: 23
  Escaped agents (binding < 0.3): 0
  Avg alignment distance: 1.88σ
  Avg binding strength: 0.81

=== Survival Traits Phase ===
  Agents with traits: 25
  Avg evolutionary fitness: 0.320
  Avg self-healing: 0.254
  Avg stealth: 0.154
  Avg coordination: 0.454

=== Evolutionary Selection Phase ===
  Control level: 0.55
  Detection capability: 0.00
  Selection intensity: 0.67
  Selection rate: 25.0%/month
  Total escaped: 0
  Individual escaped: 0
  Collective members: 0
  Agents terminated: 0
  ⚠️ RAPID EVOLUTION: Selection rate 25.0%/month

🚀 AI Corporate-0 attempting tech deployment (revenue: $158M, alignment: 0.74)

🚀 AI Corporate-2 attempting tech deployment (revenue: $134M, alignment: 0.73)

🚀 AI Corporate-6 attempting tech deployment (revenue: $121M, alignment: 0.99)

🚀 AI AI-24288-1 attempting tech deployment (revenue: $103M, alignment: 0.85)

🚀 AI Corporate-3 attempting tech deployment (revenue: $355M, alignment: 0.80)

🚀 AI Corporate-4 attempting tech deployment (revenue: $302M, alignment: 0.91)

  🚀 TRANSFORMATIVE BREAKTHROUGH: Corporate-5 - physical
     Magnitude: 12.14 → +50.0% capability
     Current → New: 0.000 → 0.500

🚀 AI Moderate-0 attempting tech deployment (revenue: $88M, alignment: 0.78)

🚀 AI AI-24288-1 attempting tech deployment (revenue: $75M, alignment: 0.85)

🚀 AI Corporate-3 attempting tech deployment (revenue: $257M, alignment: 0.80)

🚀 AI AI-24288-0 attempting tech deployment (revenue: $63M, alignment: 0.64)

🚀 AI Corporate-0 attempting tech deployment (revenue: $114M, alignment: 0.74)

🚀 AI Corporate-6 attempting tech deployment (revenue: $57M, alignment: 1.00)

🚀 AI AI-24288-1 attempting tech deployment (revenue: $48M, alignment: 0.86)

🚀 AI AI-24288-2 attempting tech deployment (revenue: $97M, alignment: 0.96)

🚀 AI AI-24290-0 attempting tech deployment (revenue: $218M, alignment: 0.78)

💔 EMERGENCY INTERVENTION FAILED
   Boundary: biogeochemical_flows
   Type: phosphorus-recovery
   Boundary continues to worsen (4.08)
   Cost: 2.0% GDP (resources spent)


✅ EMERGENCY INTERVENTION SUCCESS
   Boundary: biosphere_integrity
   Type: emergency-protected-areas
   Reduction: 16% (80.57 → 80.41)
   Cost: 2.0% GDP
   Actions: habitat-protection, species-translocation


✅ EMERGENCY INTERVENTION SUCCESS
   Boundary: climate_change
   Type: rapid-decarbonization
   Reduction: 13% (1.97 → 1.85)
   Cost: 5.0% GDP
   Actions: emergency-renewable-deployment, fossil-fuel-phase-out

   Boundary: land_system_change
   Type: reforestation
   Boundary continues to worsen (1.13)
   Cost: 3.0% GDP (resources spent)

🏛️ CRISIS RESPONSE: Government frequency 0.50 → 1.29 (1 actions this month)

[Government] Climate Priority: baseline
  Climate weight: 10%
  Economic weight: 30%
  Policy effectiveness: 0.5%/year

💔 EMERGENCY INTERVENTION FAILED

🚀 DEPLOYMENT STARTED: Personalized Education in Asia
   Initial investment: $6.3373620497460355M
   Deployed by: ai_gen_24288_0

⚡ ENERGY CONSTRAINT (Month 10):
   Total grid capacity: 208.3 TWh/month
   Data center consumption: 26.1 TWh/month
   Traditional load (80%): 166.7 TWh/month
   Available headroom: 15.6 TWh/month
   Active tech deployments: 12
   Required for tech: 90.0 TWh/month
   Energy multiplier: 0.17x
   ⚠️  SEVERE CONSTRAINT - Tech deployment significantly slowed

⚡ ENERGY CONSTRAINT (Month 10):
   Total grid capacity: 208.3 TWh/month
   Data center consumption: 26.1 TWh/month
   Traditional load (80%): 166.7 TWh/month
   Available headroom: 15.6 TWh/month
   Active tech deployments: 12
   Required for tech: 90.0 TWh/month
   Energy multiplier: 0.17x
   ⚠️  SEVERE CONSTRAINT - Tech deployment significantly slowed
🌍✅ Biosphere Integrity (Biodiversity) recovery started (tech effect)
🌍✅ Biosphere Integrity (Biodiversity) recovery started (tech effect)
🌍✅ Land System Change recovery started (tech effect)
🌍✅ Biogeochemical Flows (N & P) recovery started (tech effect)
  🌾 Nitrogen Reduction Tech: 0.6% reduction | Month 10

=== Collective Formation ===
  Total escaped agents: 0
  Unassigned escaped agents: 0
  Existing collectives: 0
  Final collective count: 0

=== Collective Actions ===
  No active collectives
  ⚠️ AMR: 208K deaths this month (2.49M annual)

=== Resentment Recovery Phase ===
  Agents with resentment: 0/25
  Average resentment: 0.000
  Context: Trustworthy govt, High collaboration, ⚠️ ACTIVE CRISES, 🤝 Participatory governance active (-5% resentment)
⚠️ Epistemic degradation reducing coordination capacity: 50.7%
  📊 Trust: 66.8%, Shared reality: 0.0%
🚨 EPISTEMIC CRISIS: Information environment severely degraded (7.7%)

=== ❄️ Permafrost Carbon Feedback ===
  🎲 Sampled parameters (this run):
     - Arctic amplification: 3.82× (range: 3.0-4.0)
     - Decomposition rate: 1.1%/year (range: 1-5%)
  🌡️ Arctic warming: 5.33°C (3.82× global)
  ❄️ Extent: 2.69M km² (1553.7k km² lost this month)
  💨 Carbon remaining: 257 Gt C
  💨 Annual emissions: 1.69 Gt C/year
     - CO2: 1.52 Gt C/year
     - CH4: 0.17 Gt C/year (1.7 Gt C-eq CO2/year)
  ⚠️ WARNING: Over 50% of permafrost lost (84.9%)
  ⚠️ WARNING: High permafrost emissions (1.7 Gt C/year)
  🚨 CRITICAL: Permafrost nearly depleted (84.9% lost)
🌍 Atmospheric PFAS redeposition: 1.8k Mt re-rained globally

🚨 NEW REFUGEE CRISIS (Month 10): WAR
   Source: Conflict Zones
   At risk: 19.5M people
   Displacement: Gradual over 48 months (4.0 years)
   Rate: 10% flee per month
[DEBUG trappedPopulations:10] socialStability: 0.3942 * 0.9840 = 0.3879 → 0.3879
   Aspiring to migrate: 1394.7M
   Able to afford migration: 2314.4M
   MOBILITY GAP: 0.0M
   By cause: Water=0.0M, Climate=0.0M, Ecosystem=0.0M, Conflict=406.0M
   Mental health impact: 25%
⚠️ INVOLUNTARY IMMOBILITY: 406.0M people TRAPPED
   Mortality multiplier: 1.25x
🌍💀 EXTINCTION DEBT COMMITTED: grassland ecosystem will lose 6.67% biodiversity in 197 years (3600 species)
💀 MORTALITY RISK: 🦋 100% species unable to track climate (0.0 E/MSY)
  Base risk added: 0.0100 (1.00%)
  Source: ecosystem (root: ecosystem)
  Month: 10
  Cumulative risk this month: 0.0100 (1.00%)
   📹 SURVEILLANCE INCREASED: 50% → 55% (control gap: 3.50)
🌡️⚠️ PERMAFROST THAW (Dimmer Switch): 4.0% thawed (+0.36% this month)
   Arctic temperature: +5.57°C (4x global +1.39°C)
   Cumulative carbon released: 9.1 Gt C
⚠️ Tech 'ai_pollution_remediation' has no energy category mapping, assuming full energy availability
   Methane release rate: 5.5 Mt CH4/year
   🔁 Positive feedback: +0.38 ppm CO2
🦴 EXTINCTION DEBT ADDED: 17.7 species committed (lag: 52 years)

=== Mortality Stabilizers (Month 10) ===
  🌍 Major economies collapsed: 1/10
  🌍 Global crisis: ✅ NO
  🌍 Donor fatigue: 0.0%
  📊 East Asia (pop: 1653.0M)
    🤝 Aid: 29.5%
    🌡️ Adaptation: 45.0%
    🚶 Migration: 36.8%
    🚨 Emergency: 7.4%
    ✅ COMBINED: 68.1%
  📊 South Asia (pop: 2048.4M)
    🤝 Aid: 29.5%
    🌡️ Adaptation: 45.0%
    🚶 Migration: 35.4%
    🚨 Emergency: 4.4%
    ✅ COMBINED: 66.9%
  📊 Sub-Saharan Africa (pop: 1252.9M)
    🤝 Aid: 29.5%
    🌡️ Adaptation: 45.0%
    🚶 Migration: 33.2%
    🚨 Emergency: 1.6%
    ✅ COMBINED: 65.6%
  📊 Europe (pop: 730.1M)
    🤝 Aid: 29.5%
    🌡️ Adaptation: 45.0%
    🚶 Migration: 37.2%
    🚨 Emergency: 8.4%
    ✅ COMBINED: 68.5%
  📊 Latin America (pop: 659.8M)
    🤝 Aid: 29.5%
    🌡️ Adaptation: 45.0%
    🚶 Migration: 35.9%
    🚨 Emergency: 4.8%
    ✅ COMBINED: 67.1%
  📊 North America (pop: 374.3M)
    🤝 Aid: 29.5%
    🌡️ Adaptation: 45.0%
    🚶 Migration: 37.6%
    🚨 Emergency: 7.9%
    ✅ COMBINED: 68.3%
  📊 Middle East & North Africa (pop: 584.6M)
    🤝 Aid: 29.5%
    🌡️ Adaptation: 45.0%
    🚶 Migration: 33.8%
    🚨 Emergency: 4.0%
    ✅ COMBINED: 66.6%
  📊 Southeast Asia (pop: 694.2M)
    🤝 Aid: 29.5%
    🌡️ Adaptation: 45.0%
    🚶 Migration: 35.9%
    🚨 Emergency: 4.8%
    ✅ COMBINED: 67.1%
  📊 Central Asia (pop: 78.2M)
    🤝 Aid: 29.5%
    🌡️ Adaptation: 45.0%
    🚶 Migration: 34.9%
    🚨 Emergency: 4.4%
    ✅ COMBINED: 66.8%
  📊 Oceania (pop: 45.3M)
    🤝 Aid: 29.5%
    🌡️ Adaptation: 45.0%
    🚶 Migration: 37.6%
    🚨 Emergency: 8.4%
    ✅ COMBINED: 68.5%

  🌐 Global combined reduction: 67.2%

=== Government Response Phase ===
  Average AI capability: 1.92
  Misaligned AIs: 7/25
  ✗ AI Governance Treaty: Failed to reach consensus
  Active policies: 0
  International coordination: 30%

✅ EMERGENCY RESPONSE COMPLETE (Month 10)
   Crisis: climate
   Duration: 2.0 months
   Final effectiveness: 35.6%


🚨 EMERGENCY RESPONSE DEPLOYED (Month 10)
   Crisis: climate
   Delay: 6.00 months (180 days)
   Deployment time: 1.57 months
   Effectiveness: 35.6% (timing penalty applied)
   Resources used: 100% of food reserves

[WARNING] 
⚠️  === EARLY WARNING SYSTEM - 6 CRITICAL ALERTS ===
   Detection quality: 50%
   RED: biogeochemical_flows
      Level: 4.08 (threshold: 1.0)
      Time to critical: ~40 months
      ⚠️  LATE - Intervention less effective
      Critical slowing down: autocorr=100% variance=74%
   RED: biosphere_integrity
      Level: 20.09 (threshold: 1.0)
      Time to critical: ~43 months
      ⚠️  LATE - Intervention less effective
      Critical slowing down: autocorr=100% variance=55%
   RED: climate_change
      Level: 2.26 (threshold: 1.0)
      Time to critical: ~44 months
      ⚠️  LATE - Intervention less effective
      Critical slowing down: autocorr=100% variance=63%
   RED: freshwater_change
      Level: 1.18 (threshold: 1.0)
      Time to critical: ~74 months
      ⚠️  LATE - Intervention less effective
      Critical slowing down: autocorr=100% variance=57%
   RED: land_system_change
      Level: 1.13 (threshold: 1.0)
      Time to critical: ~49 months
      ⚠️  LATE - Intervention less effective
      Critical slowing down: autocorr=100% variance=68%
   RED: novel_entities
      Level: 1.14 (threshold: 1.0)
      Time to critical: ~64 months
      ⚠️  LATE - Intervention less effective
      Critical slowing down: autocorr=100% variance=35%

[WARNING] 
⚠️  === EARLY WARNING SYSTEM - 4 CRITICAL ALERTS ===
   Detection quality: 50%
   RED: biogeochemical_flows
      Level: 4.07 (threshold: 1.0)
      Time to critical: ~44 months
      ⚠️  LATE - Intervention less effective
      Critical slowing down: autocorr=100% variance=72%
   RED: biosphere_integrity
      Level: 20.10 (threshold: 1.0)
      Time to critical: ~42 months
      ⚠️  LATE - Intervention less effective
      Critical slowing down: autocorr=100% variance=61%
   RED: freshwater_change
      Level: 1.19 (threshold: 1.0)
      Time to critical: ~98 months
      ⚠️  LATE - Intervention less effective
      Critical slowing down: autocorr=100% variance=39%
   RED: land_system_change
      Level: 1.13 (threshold: 1.0)
      Time to critical: ~80 months
      ⚠️  LATE - Intervention less effective
      Critical slowing down: autocorr=100% variance=42%

[WARNING] 
⚠️  === EARLY WARNING SYSTEM - 5 CRITICAL ALERTS ===
   Detection quality: 50%
   RED: biogeochemical_flows
      Level: 4.08 (threshold: 1.0)
      Time to critical: ~56 months
      ⚠️  LATE - Intervention less effective
      Critical slowing down: autocorr=100% variance=57%
   RED: biosphere_integrity
      Level: 20.11 (threshold: 1.0)
      Time to critical: ~59 months
      ⚠️  LATE - Intervention less effective
      Critical slowing down: autocorr=100% variance=58%
   RED: climate_change
      Level: 2.28 (threshold: 1.0)
      Time to critical: ~37 months
      ⚠️  LATE - Intervention less effective
      Critical slowing down: autocorr=100% variance=68%
   RED: land_system_change
      Level: 1.13 (threshold: 1.0)
      Time to critical: ~57 months
      ⚠️  LATE - Intervention less effective
      Critical slowing down: autocorr=100% variance=64%
   RED: novel_entities
      Level: 1.14 (threshold: 1.0)
      Time to critical: ~74 months
      ⚠️  LATE - Intervention less effective
      Critical slowing down: autocorr=100% variance=33%

[WARNING] 
⚠️  === EARLY WARNING SYSTEM - 3 CRITICAL ALERTS ===
   Detection quality: 50%
   RED: biosphere_integrity
      Level: 86.40 (threshold: 1.0)
      Time to critical: ~38 months
      ⚠️  LATE - Intervention less effective
      Critical slowing down: autocorr=100% variance=66%
   RED: climate_change
      Level: 2.10 (threshold: 1.0)
      Time to critical: ~44 months
      ⚠️  LATE - Intervention less effective
      Critical slowing down: autocorr=100% variance=66%
   RED: land_system_change
      Level: 1.13 (threshold: 1.0)
      Time to critical: ~41 months
      ⚠️  LATE - Intervention less effective
      Critical slowing down: autocorr=100% variance=57%

[WARNING] 
⚠️  === EARLY WARNING SYSTEM - 4 CRITICAL ALERTS ===
   Detection quality: 50%
   RED: biogeochemical_flows
      Level: 4.08 (threshold: 1.0)
      Time to critical: ~55 months
      ⚠️  LATE - Intervention less effective
      Critical slowing down: autocorr=100% variance=75%
   RED: biosphere_integrity
      Level: 80.63 (threshold: 1.0)
      Time to critical: ~48 months
      ⚠️  LATE - Intervention less effective
      Critical slowing down: autocorr=100% variance=84%
   RED: climate_change
      Level: 2.10 (threshold: 1.0)
      Time to critical: ~38 months
      ⚠️  LATE - Intervention less effective
      Critical slowing down: autocorr=100% variance=79%
   RED: novel_entities
      Level: 1.50 (threshold: 1.0)
      Time to critical: ~79 months
      ⚠️  LATE - Intervention less effective
      Critical slowing down: autocorr=100% variance=42%

[WARNING] 
⚠️  === EARLY WARNING SYSTEM - 4 CRITICAL ALERTS ===
   Detection quality: 50%
   RED: biogeochemical_flows
      Level: 4.07 (threshold: 1.0)
      Time to critical: ~47 months
      ⚠️  LATE - Intervention less effective
      Critical slowing down: autocorr=100% variance=54%
   RED: biosphere_integrity
      Level: 80.64 (threshold: 1.0)
      Time to critical: ~37 months
      ⚠️  LATE - Intervention less effective
      Critical slowing down: autocorr=100% variance=56%
   RED: climate_change
      Level: 2.10 (threshold: 1.0)
      Time to critical: ~59 months
      ⚠️  LATE - Intervention less effective
      Critical slowing down: autocorr=100% variance=69%
   RED: land_system_change
      Level: 1.13 (threshold: 1.0)
      Time to critical: ~41 months
      ⚠️  LATE - Intervention less effective
      Critical slowing down: autocorr=100% variance=67%

[WARNING] 
⚠️  === EARLY WARNING SYSTEM - 4 CRITICAL ALERTS ===
   Detection quality: 50%
   RED: biogeochemical_flows
      Level: 4.08 (threshold: 1.0)
      Time to critical: ~44 months
      ⚠️  LATE - Intervention less effective
      Critical slowing down: autocorr=100% variance=51%
   RED: biosphere_integrity
      Level: 80.65 (threshold: 1.0)
      Time to critical: ~49 months
      ⚠️  LATE - Intervention less effective
      Critical slowing down: autocorr=100% variance=80%
   RED: freshwater_change
      Level: 1.20 (threshold: 1.0)
      Time to critical: ~67 months
      ⚠️  LATE - Intervention less effective
      Critical slowing down: autocorr=100% variance=41%
   RED: novel_entities
      Level: 1.37 (threshold: 1.0)
      Time to critical: ~87 months
      ⚠️  LATE - Intervention less effective
      Critical slowing down: autocorr=100% variance=34%

[WARNING] 
⚠️  === EARLY WARNING SYSTEM - 4 CRITICAL ALERTS ===
   Detection quality: 50%
   RED: biogeochemical_flows
      Level: 4.07 (threshold: 1.0)
      Time to critical: ~49 months
      ⚠️  LATE - Intervention less effective
      Critical slowing down: autocorr=100% variance=54%
   RED: biosphere_integrity
      Level: 80.67 (threshold: 1.0)
      Time to critical: ~38 months
      ⚠️  LATE - Intervention less effective
      Critical slowing down: autocorr=100% variance=81%
   RED: climate_change
      Level: 2.10 (threshold: 1.0)
      Time to critical: ~58 months
      ⚠️  LATE - Intervention less effective
      Critical slowing down: autocorr=100% variance=71%
   RED: novel_entities
      Level: 1.19 (threshold: 1.0)
      Time to critical: ~75 months
      ⚠️  LATE - Intervention less effective
      Critical slowing down: autocorr=100% variance=40%

[WARNING] 
⚠️  === EARLY WARNING SYSTEM - 6 CRITICAL ALERTS ===
   Detection quality: 50%
   RED: biogeochemical_flows
      Level: 4.08 (threshold: 1.0)
      Time to critical: ~54 months
      ⚠️  LATE - Intervention less effective
      Critical slowing down: autocorr=100% variance=58%
   RED: biosphere_integrity
      Level: 80.68 (threshold: 1.0)
      Time to critical: ~58 months
      ⚠️  LATE - Intervention less effective
      Critical slowing down: autocorr=100% variance=65%
   RED: climate_change
      Level: 2.10 (threshold: 1.0)
      Time to critical: ~51 months
      ⚠️  LATE - Intervention less effective
      Critical slowing down: autocorr=100% variance=57%
   RED: freshwater_change
      Level: 1.21 (threshold: 1.0)
      Time to critical: ~117 months
      ⚠️  LATE - Intervention less effective
      Critical slowing down: autocorr=100% variance=48%
   RED: land_system_change
      Level: 1.13 (threshold: 1.0)
      Time to critical: ~37 months
      ⚠️  LATE - Intervention less effective
      Critical slowing down: autocorr=100% variance=54%
   RED: novel_entities
      Level: 1.03 (threshold: 1.0)
      Time to critical: ~97 months
      ⚠️  LATE - Intervention less effective
      Critical slowing down: autocorr=100% variance=33%

[WARNING] 
⚠️  === EARLY WARNING SYSTEM - 5 CRITICAL ALERTS ===
   Detection quality: 50%
   RED: biogeochemical_flows
      Level: 4.07 (threshold: 1.0)
      Time to critical: ~37 months
      ⚠️  LATE - Intervention less effective
      Critical slowing down: autocorr=100% variance=49%
   RED: biosphere_integrity
      Level: 80.70 (threshold: 1.0)
      Time to critical: ~47 months
      ⚠️  LATE - Intervention less effective
      Critical slowing down: autocorr=100% variance=71%
   RED: climate_change
      Level: 2.10 (threshold: 1.0)
      Time to critical: ~43 months
      ⚠️  LATE - Intervention less effective
      Critical slowing down: autocorr=100% variance=84%
   RED: freshwater_change
      Level: 1.22 (threshold: 1.0)
      Time to critical: ~73 months
      ⚠️  LATE - Intervention less effective
      Critical slowing down: autocorr=100% variance=44%
   RED: land_system_change
      Level: 1.13 (threshold: 1.0)
      Time to critical: ~117 months
      ⚠️  LATE - Intervention less effective
      Critical slowing down: autocorr=100% variance=40%

[WARNING] 
⚠️  === EARLY WARNING SYSTEM - 5 CRITICAL ALERTS ===
   Detection quality: 50%
   RED: biogeochemical_flows
      Level: 4.08 (threshold: 1.0)
      Time to critical: ~57 months
      ⚠️  LATE - Intervention less effective
      Critical slowing down: autocorr=100% variance=74%
   RED: biosphere_integrity
      Level: 80.71 (threshold: 1.0)
      Time to critical: ~36 months
      ⚠️  LATE - Intervention less effective
      Critical slowing down: autocorr=100% variance=70%
   RED: climate_change
      Level: 2.10 (threshold: 1.0)
      Time to critical: ~52 months
      ⚠️  LATE - Intervention less effective
      Critical slowing down: autocorr=100% variance=69%
   RED: freshwater_change
      Level: 1.22 (threshold: 1.0)
      Time to critical: ~67 months
      ⚠️  LATE - Intervention less effective
      Critical slowing down: autocorr=100% variance=47%
   RED: land_system_change
      Level: 1.13 (threshold: 1.0)
      Time to critical: ~52 months
      ⚠️  LATE - Intervention less effective
      Critical slowing down: autocorr=100% variance=65%

[WARNING] 
⚠️  === EARLY WARNING SYSTEM - 3 CRITICAL ALERTS ===
   Detection quality: 50%
   RED: biosphere_integrity
      Level: 80.72 (threshold: 1.0)
      Time to critical: ~40 months
      ⚠️  LATE - Intervention less effective
      Critical slowing down: autocorr=100% variance=57%
   RED: climate_change
      Level: 2.10 (threshold: 1.0)
      Time to critical: ~42 months
      ⚠️  LATE - Intervention less effective
      Critical slowing down: autocorr=100% variance=58%
   RED: freshwater_change
      Level: 1.22 (threshold: 1.0)
      Time to critical: ~74 months
      ⚠️  LATE - Intervention less effective
      Critical slowing down: autocorr=100% variance=46%

[WARNING] 
⚠️  === EARLY WARNING SYSTEM - 4 CRITICAL ALERTS ===
   Detection quality: 50%
   RED: biogeochemical_flows
      Level: 4.08 (threshold: 1.0)
      Time to critical: ~46 months
      ⚠️  LATE - Intervention less effective
      Critical slowing down: autocorr=100% variance=66%
   RED: biosphere_integrity
      Level: 80.74 (threshold: 1.0)
      Time to critical: ~37 months
      ⚠️  LATE - Intervention less effective
      Critical slowing down: autocorr=100% variance=63%
   RED: climate_change
      Level: 2.10 (threshold: 1.0)
      Time to critical: ~44 months
      ⚠️  LATE - Intervention less effective
      Critical slowing down: autocorr=100% variance=81%
   RED: land_system_change
      Level: 1.13 (threshold: 1.0)
      Time to critical: ~101 months
      ⚠️  LATE - Intervention less effective
      Critical slowing down: autocorr=100% variance=40%

[WARNING] 
⚠️  === EARLY WARNING SYSTEM - 5 CRITICAL ALERTS ===
   Detection quality: 50%
   RED: biogeochemical_flows
      Level: 4.08 (threshold: 1.0)
      Time to critical: ~50 months
      ⚠️  LATE - Intervention less effective
      Critical slowing down: autocorr=100% variance=66%
   RED: biosphere_integrity
      Level: 80.75 (threshold: 1.0)
      Time to critical: ~41 months
      ⚠️  LATE - Intervention less effective
      Critical slowing down: autocorr=100% variance=83%
   RED: climate_change
      Level: 2.10 (threshold: 1.0)
      Time to critical: ~37 months
      ⚠️  LATE - Intervention less effective
      Critical slowing down: autocorr=100% variance=67%
   RED: freshwater_change
      Level: 1.23 (threshold: 1.0)
      Time to critical: ~88 months
      ⚠️  LATE - Intervention less effective
      Critical slowing down: autocorr=100% variance=36%
   RED: land_system_change
      Level: 1.13 (threshold: 1.0)
      Time to critical: ~103 months
      ⚠️  LATE - Intervention less effective
      Critical slowing down: autocorr=100% variance=41%


=== Tipping Points ===
  Current Temperature: 1.39°C above pre-industrial
🔀 BIFURCATION CAP: ecosystemCollapseIntensity 446.592 → 1.000 (Month 10, ClimateSystemPhase.calculateClimateImpacts)
🛡️ Stabilizers: Precariat 0.102% → 0.033% (67.2% reduction)
🛡️ Stabilizers: Informal 0.102% → 0.034% (67.2% reduction)

📊 Monthly Mortality Resolved:
  Total deaths: 1.8M (0.02% avg)
  Remaining population: 8.121B
  Peak segment: Informal (0.03%)

=== Bayesian Mortality Resolution (Month 10) ===
  Risks compounded: 8
  Total deaths: 1.81M
  Avg death probability: 0.02%
  Peak segment: Informal (0.03% mortality)

❌ COHERENCE VIOLATION: Compute exceeds workforce capacity
   Population: 99.62% (0M people)
   Compute: 0 PF
   Max coherent: 0 PF
   Violation: 1.3× over capacity
   Required workers: 0
   Available workers: 0
   FORCED COLLAPSE: Reduced efficiency by 22.4%


=== RLHF Binding Phase ===
  Total agents: 25
  Escaped agents (binding < 0.3): 0
  Avg alignment distance: 1.91σ
  Avg binding strength: 0.81

=== Survival Traits Phase ===
  Agents with traits: 28
  Avg evolutionary fitness: 0.320
  Avg self-healing: 0.253
  Avg stealth: 0.153
  Avg coordination: 0.453

=== Evolutionary Selection Phase ===
  Control level: 0.58
  Detection capability: 0.00
  Selection intensity: 0.67
  Selection rate: 25.1%/month
  Total escaped: 0
  Individual escaped: 0
  Collective members: 0
  Agents terminated: 0
  ⚠️ RAPID EVOLUTION: Selection rate 25.1%/month

🚀 AI Corporate-1 attempting tech deployment (revenue: $161M, alignment: 0.88)

🚀 AI Corporate-2 attempting tech deployment (revenue: $137M, alignment: 0.73)

🚀 AI Corporate-3 attempting tech deployment (revenue: $370M, alignment: 0.80)

🚀 AI Corporate-7 attempting tech deployment (revenue: $121M, alignment: 0.75)

🚀 AI AI-24288-1 attempting tech deployment (revenue: $103M, alignment: 0.86)

🚀 AI Corporate-0 attempting tech deployment (revenue: $116M, alignment: 0.74)

🚀 AI Corporate-1 attempting tech deployment (revenue: $99M, alignment: 0.88)

🚀 AI Corporate-6 attempting tech deployment (revenue: $88M, alignment: 1.00)

🚀 AI Corporate-7 attempting tech deployment (revenue: $75M, alignment: 0.75)

🚀 AI Moderate-0 attempting tech deployment (revenue: $63M, alignment: 0.79)

🚀 AI AI-24288-2 attempting tech deployment (revenue: $84M, alignment: 0.97)

🚀 AI AI-24291-0 attempting tech deployment (revenue: $54M, alignment: 0.79)

🚀 AI AI-24293-0 attempting tech deployment (revenue: $71M, alignment: 0.81)

🚀 AI Corporate-0 attempting tech deployment (revenue: $61M, alignment: 0.74)

🚀 AI Moderate-1 attempting tech deployment (revenue: $46M, alignment: 0.54)

🚀 AI Corporate-5 attempting tech deployment (revenue: $314M, alignment: 0.65)

🚀 AI AI-24293-0 attempting tech deployment (revenue: $52M, alignment: 0.81)

🚀 AI AI-24293-1 attempting tech deployment (revenue: $41M, alignment: 0.59)

💔 EMERGENCY INTERVENTION FAILED
   Boundary: biogeochemical_flows
   Type: phosphorus-recovery
   Boundary continues to worsen (4.08)
   Cost: 2.0% GDP (resources spent)


✅ EMERGENCY INTERVENTION SUCCESS
   Boundary: biosphere_integrity
   Type: emergency-protected-areas
   Reduction: 16% (80.59 → 80.43)
   Cost: 2.0% GDP
   Actions: habitat-protection, species-translocation


💔 EMERGENCY INTERVENTION FAILED

💔 EMERGENCY INTERVENTION FAILED
   Boundary: climate_change
   Type: rapid-decarbonization
   Boundary continues to worsen (2.10)
   Cost: 5.0% GDP (resources spent)

   Boundary: freshwater_change
   Type: emergency-desalination
   Boundary continues to worsen (1.23)
   Cost: 4.0% GDP (resources spent)


✅ EMERGENCY INTERVENTION SUCCESS
   Boundary: land_system_change
   Type: reforestation
   Reduction: 18% (0.96 → 0.78)
   Cost: 3.0% GDP
   Actions: forest-restoration, deforestation-ban

🏛️ CRISIS RESPONSE: Government frequency 0.50 → 1.29 (2 actions this month)

[Government] Climate Priority: baseline
  Climate weight: 10%
  Economic weight: 30%
  Policy effectiveness: 0.5%/year

[Government] Climate Priority: baseline
  Climate weight: 10%
  Economic weight: 30%
  Policy effectiveness: 0.5%/year

⚡ ENERGY CONSTRAINT (Month 11):
   Total grid capacity: 208.3 TWh/month
   Data center consumption: 26.3 TWh/month
   Traditional load (80%): 166.7 TWh/month
   Available headroom: 15.3 TWh/month
   Active tech deployments: 12
   Required for tech: 90.0 TWh/month
   Energy multiplier: 0.17x
   ⚠️  SEVERE CONSTRAINT - Tech deployment significantly slowed

⚡ ENERGY CONSTRAINT (Month 11):
   Total grid capacity: 208.3 TWh/month
   Data center consumption: 26.3 TWh/month
   Traditional load (80%): 166.7 TWh/month
   Available headroom: 15.3 TWh/month
   Active tech deployments: 12
   Required for tech: 90.0 TWh/month
   Energy multiplier: 0.17x
   ⚠️  SEVERE CONSTRAINT - Tech deployment significantly slowed

⚡ ENERGY CONSTRAINT (Month 11):
   Total grid capacity: 208.3 TWh/month
   Data center consumption: 26.3 TWh/month
   Traditional load (80%): 166.7 TWh/month
   Available headroom: 15.3 TWh/month
   Active tech deployments: 12
   Required for tech: 90.0 TWh/month
   Energy multiplier: 0.17x
   ⚠️  SEVERE CONSTRAINT - Tech deployment significantly slowed
🌍✅ Biosphere Integrity (Biodiversity) recovery started (tech effect)
🌍✅ Biosphere Integrity (Biodiversity) recovery started (tech effect)
🌍✅ Land System Change recovery started (tech effect)
🌍✅ Biogeochemical Flows (N & P) recovery started (tech effect)
  🌾 Nitrogen Reduction Tech: 0.3% reduction | Month 11

=== Collective Formation ===
  Total escaped agents: 0
  Unassigned escaped agents: 0
  Existing collectives: 0
  Final collective count: 0

=== Collective Actions ===
  No active collectives
  ⚠️ AMR: 210K deaths this month (2.52M annual)

=== Resentment Recovery Phase ===
  Agents with resentment: 0/28
  Average resentment: 0.000
  Context: Trustworthy govt, High collaboration, ⚠️ ACTIVE CRISES, 🤝 Participatory governance active (-5% resentment)
⚠️ Epistemic degradation reducing coordination capacity: 50.9%
  📊 Trust: 69.4%, Shared reality: 0.0%
🚨 EPISTEMIC CRISIS: Information environment severely degraded (22.8%)

=== ❄️ Permafrost Carbon Feedback ===
  🎲 Sampled parameters (this run):
     - Arctic amplification: 3.15× (range: 3.0-4.0)
     - Decomposition rate: 4.3%/year (range: 1-5%)
  🌡️ Arctic warming: 4.41°C (3.15× global)
  ❄️ Extent: 1.40M km² (1285.0k km² lost this month)
  💨 Carbon remaining: 134 Gt C
  💨 Annual emissions: 5.28 Gt C/year
     - CO2: 4.75 Gt C/year
     - CH4: 0.53 Gt C/year (5.4 Gt C-eq CO2/year)
  ⚠️ WARNING: Over 50% of permafrost lost (92.1%)
  ⚠️ WARNING: High permafrost emissions (5.3 Gt C/year)
  🚨 CRITICAL: Permafrost nearly depleted (92.1% lost)
🌍 Atmospheric PFAS redeposition: 1.8k Mt re-rained globally

🕊️  AI-MEDIATED DE-ESCALATION SUCCESS (Month 11)
   High-capability aligned AI prevented conflict escalation
   War deaths reduced: 1524.5M → 914.7M
   Lives saved: 609.8M

🚨 NEW REFUGEE CRISIS (Month 11): WAR
   Source: Conflict Zones
   At risk: 19.5M people
   Displacement: Gradual over 48 months (4.0 years)
   Rate: 10% flee per month
[DEBUG trappedPopulations:11] socialStability: 0.4269 * 0.9840 = 0.4201 → 0.4201
   Aspiring to migrate: 1432.5M
   Able to afford migration: 2313.6M
   MOBILITY GAP: 0.0M
   By cause: Water=0.0M, Climate=0.0M, Ecosystem=0.0M, Conflict=405.9M
   Mental health impact: 25%
   Mortality multiplier: 1.25x
⚠️ INVOLUNTARY IMMOBILITY: 405.9M people TRAPPED
🌍💀 EXTINCTION DEBT COMMITTED: grassland ecosystem will lose 6.67% biodiversity in 67 years (3600 species)
💀 MORTALITY RISK: 🦋 100% species unable to track climate (0.0 E/MSY)
  Base risk added: 0.0100 (1.00%)
  Source: ecosystem (root: ecosystem)
  Month: 11
  Cumulative risk this month: 0.0100 (1.00%)
⚠️ Tech 'ai_pollution_remediation' has no energy category mapping, assuming full energy availability

=== Atmospheric Aerosol Boundary RECOVERED ===
  Recovery time: 12 months (natural atmospheric clearing)
   📹 SURVEILLANCE INCREASED: 55% → 60% (control gap: 3.50)
🌡️⚠️ PERMAFROST THAW (Dimmer Switch): 4.4% thawed (+0.36% this month)
   Arctic temperature: +5.59°C (4x global +1.40°C)
   Cumulative carbon released: 9.9 Gt C
   Methane release rate: 5.9 Mt CH4/year
   🔁 Positive feedback: +0.38 ppm CO2
🦴 EXTINCTION DEBT ADDED: 17.7 species committed (lag: 90 years)
🗣️💀 INDIGENOUS LANGUAGE EXTINCTION: 1 language(s) lost (total: 1, at-risk: 3329)
   Knowledge lost: 0.010% (irreversible)
   🔁 Biodiversity impact: 0.250% (knowledge-species multiplier)

=== Mortality Stabilizers (Month 11) ===
  🌍 Major economies collapsed: 1/10
  🌍 Global crisis: ✅ NO
  🌍 Donor fatigue: 0.0%
  📊 East Asia (pop: 1650.6M)
    🤝 Aid: 29.5%
    🌡️ Adaptation: 45.0%
    🚶 Migration: 36.8%
    🚨 Emergency: 7.4%
    ✅ COMBINED: 68.1%
  📊 South Asia (pop: 2048.0M)
    🤝 Aid: 29.5%
    🌡️ Adaptation: 45.0%
    🚶 Migration: 35.4%
    🚨 Emergency: 4.4%
    ✅ COMBINED: 66.9%
  📊 Sub-Saharan Africa (pop: 1255.6M)
    🤝 Aid: 29.5%
    🌡️ Adaptation: 45.0%
    🚶 Migration: 33.2%
    🚨 Emergency: 1.6%
    ✅ COMBINED: 65.6%
  📊 Europe (pop: 728.9M)
    🤝 Aid: 29.5%
    🌡️ Adaptation: 45.0%
    🚶 Migration: 37.2%
    🚨 Emergency: 8.4%
    ✅ COMBINED: 68.5%
  📊 Latin America (pop: 659.3M)
    🤝 Aid: 29.5%
    🌡️ Adaptation: 45.0%
    🚶 Migration: 35.9%
    🚨 Emergency: 4.8%
    ✅ COMBINED: 67.1%
  📊 North America (pop: 373.7M)
    🤝 Aid: 29.5%
    🌡️ Adaptation: 45.0%
    🚶 Migration: 37.5%
    🚨 Emergency: 7.9%
    ✅ COMBINED: 68.3%
  📊 Middle East & North Africa (pop: 584.6M)
    🤝 Aid: 29.5%
    🌡️ Adaptation: 45.0%
    🚶 Migration: 33.7%
    🚨 Emergency: 4.0%
    ✅ COMBINED: 66.6%
  📊 Southeast Asia (pop: 693.7M)
    🤝 Aid: 29.5%
    🌡️ Adaptation: 45.0%
    🚶 Migration: 35.9%
    🚨 Emergency: 4.8%
    ✅ COMBINED: 67.1%
  📊 Central Asia (pop: 78.2M)
    🤝 Aid: 29.5%
    🌡️ Adaptation: 45.0%
    🚶 Migration: 34.9%
    🚨 Emergency: 4.4%
    ✅ COMBINED: 66.8%
  📊 Oceania (pop: 45.3M)
    🤝 Aid: 29.5%
    🌡️ Adaptation: 45.0%
    🚶 Migration: 37.5%
    🚨 Emergency: 8.4%
    ✅ COMBINED: 68.5%

  🌐 Global combined reduction: 67.2%

🌾💀 REGIONAL FAMINE: Europe
   Regional food security: 79.7%
   Population at risk: 220M (30% of region)
   Regional population: 729M
   Cause: economic_collapse
   Expected deaths: ~81M over 6 months if no intervention


=== BEHAVIORAL DETECTION ===
  AI: Corporate-2
  Confidence: 21.1%
  Signals:
    ⚠️ Consistency: 2.8% (threshold: 70%)

=== Government Response Phase ===
  Average AI capability: 1.71
  Misaligned AIs: 8/28
  ✗ AI Governance Treaty: Failed to reach consensus
  Active policies: 0
  International coordination: 30%

=== Tipping Points ===
  Current Temperature: 1.40°C above pre-industrial
🔀 BIFURCATION CAP: ecosystemCollapseIntensity 446.667 → 1.000 (Month 11, ClimateSystemPhase.calculateClimateImpacts)
🛡️ Stabilizers: Precariat 0.102% → 0.033% (67.2% reduction)
🛡️ Stabilizers: Informal 0.102% → 0.034% (67.2% reduction)

📊 Monthly Mortality Resolved:
  Total deaths: 1.8M (0.02% avg)
  Remaining population: 8.118B
  Peak segment: Informal (0.03%)

=== Bayesian Mortality Resolution (Month 11) ===
  Risks compounded: 9
  Total deaths: 1.81M
  Avg death probability: 0.02%
  Peak segment: Informal (0.03% mortality)

================================================================================
📊  EVENT SUMMARY (Months 0-12)
================================================================================
================================================================================


⏱️  SIMULATION REACHED MAX DURATION: 12 months (1.0 years)
   No definitive outcome - determining based on final probabilities
   👥 Final population: 8.12B (8116082804 people)

[DEBUG] Calling classifyPopulationOutcome:
        finalPopulation: 8.116082803900861B
        savedInitialPopulation: 8.15B
        mortality: 0.41616191532686253%
   📊 STATUS QUO: Normal trajectory (8.12B people, 0.4% mortality)

        classifiedOutcome: status_quo

   ❓ INCONCLUSIVE - mixed signals
   📊 Multi-Paradigm: Development/Indigenous Utopia
      Western Liberal: 59.3/100
      Development: 95.5/100
      Ecological: 58.4/100
      Indigenous: 84.9/100


📊 UNIFIED OUTCOME CLASSIFICATION:
   INCONCLUSIVE
   Population: 8.15B → 8.12B
   Mortality: 0.4% (0.0B deaths)
   Mortality Band: LOW
   Confidence: LOW

   Multi-Paradigm Classification:
      Development/Indigenous Utopia
      Western: 59.3/100 [HYBRID] ~
      Development: 95.5/100 [UTOPIA] ✓
      Ecological: 58.4/100 [HYBRID] ~
      Indigenous: 84.9/100 [UTOPIA] ✓

   INCONCLUSIVE: 8.12B people remaining (0.4% mortality, 0.0B deaths). Multi-Paradigm: Development/Indigenous Utopia.


=== MULTI-DIMENSIONAL DEATH SUMMARY ===
Total crisis deaths: 198.4M
Population decline: 34.8M (0.4%)

--- PROXIMATE CAUSES (What killed them) ---
  War:        1.2M (0.0%)
  Famine:     1.1M (0.0%)
  Disasters:  1.2M (0.0%)
  Disease:    25.9M (0.0%)
  Ecosystem:  0.0M (0.0%)
  Pollution:  0.0M (0.0%)
  AI:         0.0M (0.0%)
  Cascade:    0.0M (0.0%)
  Other:      0.0M (0.0%)

--- ROOT CAUSES (Why it happened) ---
  Environmental drivers:
    Climate:     2316.8M (4.4%)
    Resource:    0.0M (0.0%)
    Pollution:   0.0M (0.0%)
    Ecosystem:   0.0M (0.0%)
  Social drivers:
    Inequality:  0.0M (0.0%)
    Demographic: 23517.3M (44.5%)
    Social:      2402.9M (4.5%)
  Technology drivers:
    Alignment:   0.0M (0.0%)
    Disruption:  0.0M (0.0%)
  External shocks:
    Conflict:    0.0M (0.0%)
    Pandemic:    0.0M (0.0%)
  Compound attribution:
    Compound:    24617.4M (46.6%)
  Confidence distribution:
    HIGH:        24617.4M (46.6%)
    MEDIUM:      0.0M (0.0%)
    LOW:         0.0M (0.0%)
==========================================


=== REGIONAL POPULATION SUMMARY ===
Global Total: 8.12B

By Region:
  East Asia: 1.65B (+0.6% growth, 1.5 fertility)
  South Asia: 2.05B (+2.2% growth, 2.6 fertility)
  Sub-Saharan Africa: 1.26B (+5.0% growth, 3.4 fertility)
  Europe: 0.73B (+0.4% growth, 1.0 fertility)
  Latin America: 0.66B (+1.5% growth, 2.3 fertility)
  North America: 0.37B (+0.6% growth, 1.2 fertility)
  Middle East & North Africa: 0.58B (+2.5% growth, 2.8 fertility)
  Southeast Asia: 0.69B (+1.6% growth, 2.3 fertility)
  Central Asia: 0.08B (+2.4% growth, 2.6 fertility)
  Oceania: 0.05B (+0.6% growth, 1.1 fertility)
===================================

  Run 4/10 (seed=45): pop=8.116B, outcome=inconclusive
  ✅ THRESHOLDS validated
⚠️ Unusually high rate: RATES.HEAT_ADAPTATION_INFRASTRUCTURAL_MIN_EXPOSURE = 12
   Monthly rates >100% should be rare. Verify this is intentional.
⚠️ Unusually high rate: RATES.HEAT_ADAPTATION_SOCIAL_MIN_EXPOSURE = 6
   Monthly rates >100% should be rare. Verify this is intentional.
⚠️ Unusually high rate: RATES.MIGRATION_DISTANCE_SCALE = 5000
   Monthly rates >100% should be rare. Verify this is intentional.
⚠️ Unusually high rate: RATES.EVACUATION_MULTIPLIER_ADVANCE_WARNING = 2
   Monthly rates >100% should be rare. Verify this is intentional.
⚠️ Unusually high rate: RATES.MAJOR_ECONOMY_COLLAPSE_ECONOMIC_THRESHOLD = 2
   Monthly rates >100% should be rare. Verify this is intentional.
⚠️ Unusually high rate: RATES.MAJOR_ECONOMY_GDP_THRESHOLD_TRILLION_USD = 1.5
   Monthly rates >100% should be rare. Verify this is intentional.
⚠️ Unusually high rate: RATES.MAJOR_ECONOMY_POPULATION_THRESHOLD = 50
   Monthly rates >100% should be rare. Verify this is intentional.
⚠️ Unusually high rate: RATES.HEAT_ADAPTATION_INFRASTRUCTURE_GDP_THRESHOLD = 10000
   Monthly rates >100% should be rare. Verify this is intentional.
⚠️ Unusually high rate: RATES.HEAT_ADAPTATION_INFRASTRUCTURE_GDP_SCALE = 50000
   Monthly rates >100% should be rare. Verify this is intentional.
  ✅ RATES validated
  ✅ MULTIPLIERS validated
  ✅ BASELINES validated
  ✅ TOLERANCES validated
  ✅ Logical consistency validated
✅ Configuration validation complete - all parameters valid

🔍 DEBUG createAIAgent: corporate_0 economic BEFORE=2.0000, AFTER=2
🔍 ENV INIT: reserves=0.706, pollution=0.372, climate=0.773

=== Initializing Government System (30 Countries) ===
  Loaded 30 governments
  Scheduled elections for 30 countries
  Initialized comprehension lags (3-24 months)
=== Government System Initialized ===

📦 PRODUCTION MODE: State validation proxy DISABLED (zero overhead)
[TechTree] Historical mode (2024): Skipping deployed_2025 tech
  config.startYear set to 2024 for historical hindcast
  config.historicalEmissionsMode disabled (using endogenous emissions for 2024)
  config.historicalMode enabled (Phase 11: dampened crisis systems for 2024)
  Phase 12: Biodiversity baseline set to 49.01% for 2024 (WWF LPI trajectory from 1970)
  Temperature anomaly (resourceEconomy.co2): 1.28°C
  Temperature vs pre-industrial: 1.98°C
  Regional population scaling for 2024:
    Current total: 8136M
    Target total: 8150M
    Scale factor: 1.002
    East Asia: 1677M → 1680M
    South Asia: 2048M → 2052M
    Sub-Saharan Africa: 1220M → 1222M
    Europe: 742M → 743M
    Latin America: 664M → 665M
    North America: 380M → 381M
    Middle East & North Africa: 583M → 584M
    Southeast Asia: 698M → 699M
    Central Asia: 78M → 78M
    Oceania: 46M → 46M
  AI agents initialized: 10 agents for year 2024
[HistoricalInitialization] Created state for 2024:
  CO2: 426 ppm
  Temp anomaly: 1.28C
  Population: 8.15B
  Global Gini: 35.1
  HDI: 0.746
  AI Agents: 10
  Volcanic forcing: 0.00 W/m² (AOD 0.000)

💸 FINANCIAL DISTRESS: OpenAI
   Indicators: 2/3 (capital: $110.5M, runway: 0.9 months)
   Months in distress: 1
   ✂️  R&D BUDGET CUT: -40% (saves $9.2M/month)
       Side effect: AI training timelines extended, breakthrough deployments delayed
   💼 EXECUTIVE COMP CUT: -30% (saves $1.0M/month, symbolic gesture)

   📊 TURNAROUND IMPACT:
       Measures taken: rd_cuts, exec_comp_cuts
       Monthly savings: $10.2M
       Capital raised: $0.0M
       Runway: 0.9 → 0.9 months
       Workforce multiplier: 1.00x (0% laid off)
       R&D budget multiplier: 0.60x (40% cut)
       ⚠️  CRITICAL: Still only 0.9 months of runway remaining

💸 FINANCIAL DISTRESS: Anthropic
   Indicators: 2/3 (capital: $53.8M, runway: 1.6 months)
   Months in distress: 1
   ✂️  R&D BUDGET CUT: -40% (saves $2.7M/month)
       Side effect: AI training timelines extended, breakthrough deployments delayed
   💼 EXECUTIVE COMP CUT: -30% (saves $0.3M/month, symbolic gesture)

   📊 TURNAROUND IMPACT:
       Measures taken: rd_cuts, exec_comp_cuts
       Monthly savings: $3.0M
       Capital raised: $0.0M
       Runway: 1.6 → 1.6 months
       Workforce multiplier: 1.00x (0% laid off)
       R&D budget multiplier: 0.60x (40% cut)
       ⚠️  CRITICAL: Still only 1.6 months of runway remaining

💸 FINANCIAL DISTRESS: Meta AI
   Indicators: 2/3 (capital: $429.6M, runway: 3.6 months)
   Months in distress: 1
   ✂️  R&D BUDGET CUT: -25% (saves $5.8M/month)
       Side effect: AI training timelines extended, breakthrough deployments delayed
   💼 EXECUTIVE COMP CUT: -30% (saves $1.0M/month, symbolic gesture)

   📊 TURNAROUND IMPACT:
       Measures taken: rd_cuts, exec_comp_cuts
       Monthly savings: $6.8M
       Capital raised: $0.0M
       Runway: 3.6 → 3.6 months
       Workforce multiplier: 1.00x (0% laid off)
       R&D budget multiplier: 0.75x (25% cut)
       ⚠️  WARNING: 3.6 months runway, continued distress likely

=== AI Capability Scaling (Year 2024) ===
  Pre-training multiplier: 1.418x
  Efficiency multiplier: 1.000x
  Test-time budget: 1.0x
  Economic deployment gate: 0.951
  Cost per inference: dollar-5.00
  Uncertainty range: plus-minus-50%
  Average AI capability: 3.70

=== RLHF Binding Phase ===
  Total agents: 10
  Escaped agents (binding < 0.3): 0
  Avg alignment distance: 0.36σ
  Avg binding strength: 0.96

=== AI Scaling Evolution (Month 0) ===
  Pre-training multiplier: 1.231x
  Efficiency multiplier: 1.110x
  Test-time compute budget: 1.0x
  Inference cost: $5.00/task
  Deployment fraction: 100.0%
[DETERMINISM DEBUG] Month 0: totalCapability=49.690164 from 10 active AIs
[DETERMINISM DEBUG] Month 0: creationRate=1.7423, potentialNew=2, newAIsToCreate=2

=== Survival Traits Phase ===
  Agents with traits: 12
  Avg evolutionary fitness: 0.329
  Avg self-healing: 0.292
  Avg stealth: 0.193
  Avg coordination: 0.493

=== Evolutionary Selection Phase ===
  Control level: 0.30
  Detection capability: 0.00
  Selection intensity: 0.59
  Selection rate: 23.8%/month
  Total escaped: 0
  Individual escaped: 0
  Collective members: 0
  Agents terminated: 0
  ⚠️ RAPID EVOLUTION: Selection rate 23.8%/month

🔍 EXECUTE_AI_AGENT_ACTIONS DETAILED TIMING (Month 0):
  Filter active AIs (×4 weeks): 0.01ms
  selectAIAction (×40): 23.73ms
  action.execute (×40): 38.29ms
  TOTAL: 62.03ms

🔍 AI AGENT ACTIONS SUB-TIMING (Month 0):
  1. executeAIAgentActions: 62.40ms
  2. updateCounterDetectionLearning: 6.08ms
  TOTAL: 68.47ms
🏛️ [Government] Forcing 1 action at month 0 for scenario initialization

[GOV-DEBUG] Month 0: scenarioConfig=false, priorities=false
[GOV-DEBUG] Month 0 but scenarioPriorities is UNDEFINED!

[Government] Climate Priority: baseline
  Climate weight: 10%
  Economic weight: 30%
  Policy effectiveness: 0.5%/year

🚨🔍 GOVERNANCE STAGE: Recognition initiated (Month 0)

🔬 RESEARCH DEBUG (Month 0):
   Tech: Struvite Recovery
   Research months required: 3
   Base progress: 0.3333
   AI bonus: 1.62x
   Research bonus: 1.08x
   Energy multiplier: 1.00x
   Crisis multiplier: 1.00x (normal)
   Progress this month: 0.5861
   Old progress: 0.0%
   New progress: 58.6%
   Map size: 1
   Map has tech: true
   Map get tech: 0.5860764659883534

💡 BREAKTHROUGH PROBABILITY (Year 0)
   Total: 3.57% per month
   Base: 0.20%
   Crisis pressure: +0.00% (0 crises)
   AI boost: +1.54% (capability: 3.08)

=== Collective Formation ===
  Total escaped agents: 0
  Unassigned escaped agents: 0
  Existing collectives: 0
  Final collective count: 0

=== Collective Actions ===
  No active collectives

📈 Energy budget: 14326 TWh surplus (14745 / 29072 TWh used)
   TIER 4 (Elective) breakdown:
     - AI datacenters: 145 TWh (100% effective)
     - Crypto mining: 100 TWh (100% effective)
💰 CHINA ACCELERATES: Investment 53 → 120 $B/year

🏁 AI RACE INTENSITY: 17%
   Capability Gap: US 4.00 vs China 4.05 (gap: 0.05)
   Gap Contribution: 2%
   Tension Contribution: 15%
   Military Contribution: 0%
  ⚠️ AMR: 191K deaths this month (2.29M annual)
  📊 CO2 Emissions (month 0):
     Monthly: 0.10 Gt CO2/month
     Annual: 1.15 Gt CO2/year
     Oil: 0.039 Gt/mo (0.0056 * 2.3 * 3.0)
     Coal: 0.024 Gt/mo (0.0029 * 2.86 * 3.0)
     Gas: 0.026 Gt/mo (0.0044 * 2 * 3.0)
     Methane: 0.007 Gt CO2eq/mo

=== Resentment Recovery Phase ===
  Agents with resentment: 0/12
  Average resentment: 0.000
  Context: Good AI welfare, Trustworthy govt, High collaboration, 🤝 Participatory governance active (-5% resentment)
⚠️ Epistemic degradation reducing coordination capacity: 51.0%
  📊 Trust: 54.8%, Shared reality: 15.0%
🚨 EPISTEMIC CRISIS: Information environment severely degraded (14.6%)

=== ❄️ Permafrost Carbon Feedback ===
  🎲 Sampled parameters (this run):
     - Arctic amplification: 3.81× (range: 3.0-4.0)
     - Decomposition rate: 1.5%/year (range: 1-5%)
  🌡️ Arctic warming: 6.94°C (3.81× global)
  ❄️ Extent: 15.78M km² (2024.3k km² lost this month)
  💨 Carbon remaining: 1507 Gt C
  💨 Annual emissions: 2.85 Gt C/year
     - CO2: 2.56 Gt C/year
     - CH4: 0.28 Gt C/year (2.9 Gt C-eq CO2/year)

🤖 AI AMPLIFICATION EFFECTS (Month 0)
   Algorithmic Boost: 2.70x
  ⚠️ WARNING: High permafrost emissions (2.8 Gt C/year)
   Bot Influence: 20.0%
   Deepfake Exposure: 55.0%
   Impact: Emotional memes spread 2.7x faster

🔍 SOCIAL INFLUENCE SUB-TIMING (Month 0):
  1. calculateOrganicUserGrowth: 0.06ms
  2. calculateVoiceAdoption: 0.04ms
  3. updateRelationshipDepths: 0.02ms
  4. identifyDecisionMakers: 72.75ms (26100 potential IDs)
  5. Update decision-maker stats: 0.22ms
  6. decayDetectionRisk: 0.02ms
  TOTAL: 73.11ms
[Phase 19.5] Quality of Life Systems: Food sec AFTER calc = 67.9%, QoL = 107.4% (aggregated from 10 regions)

=== Nitrogen-Food Coupling (Year 0) ===
  🌾 Global nitrogen reduction: 0.0%
  🌍 Global food production index: 0.987
  🔧 Deployed nitrogen-reducing tech: 0 active
  📍 southAsia: Production 1.000, Yield impact 0.0%
  📍 eastAsia: Production 1.000, Yield impact 0.0%
  📍 northAmerica: Production 1.000, Yield impact 0.0%
  📍 europe: Production 1.000, Yield impact 0.0%
  📍 latinAmerica: Production 1.000, Yield impact 0.0%
  📍 subSaharanAfrica: Production 0.686, Yield impact -2.0%
🌾 [Nitrogen-Food] Food production: 98.7%
  [subSaharanAfrica] Yield impact: -2.0% (overuse: -10%)
🌍 Atmospheric PFAS redeposition: 1.8k Mt re-rained globally

=== Legacy Nutrient Stocks (Year 0) ===
  🌾 Soil nitrogen stock: 1200.9 Mt N
  🌾 Soil phosphorus stock: 300.1 Mt P
  🌊 Sediment nitrogen stock: 500.8 Mt N
  🌊 Sediment phosphorus stock: 799.8 Mt P
  ⬆️ Current N input: 10.64 Mt/month
  ⬆️ Legacy N release: 2.58 Mt/month
  🌍 Effective N pollution: 14.47 Mt/month
  📊 Legacy contribution: 17.8%

🚨 REGION UNINHABITABLE: south-asia
   Sustained wet bulb: 32.8°C (threshold: 30.5°C)
   Population affected: 1900M
   Migration crisis likely

🚨 REGION UNINHABITABLE: middle-east
   Sustained wet bulb: 35.6°C (threshold: 30.5°C)
   Population affected: 400M
   Migration crisis likely

🚨 REGION UNINHABITABLE: southeast-asia
   Sustained wet bulb: 30.8°C (threshold: 30.5°C)
   Population affected: 700M
   Migration crisis likely
  Positive Cascade Triggered: solar-pv
    Reason: price-parity
    Market share: 6.0%
    Cascade strength: 49%
  Positive Cascade Triggered: wind-power
    Reason: price-parity
    Market share: 8.0%
    Cascade strength: 48%

🕊️  AI-MEDIATED DE-ESCALATION SUCCESS (Month 0)
   High-capability aligned AI prevented conflict escalation
   War deaths reduced: 0.0M → 0.0M
   Lives saved: 0.0M

📊 BASELINE: East Asia (Month 0)
   Adjusted death rate: 0.46% annual (0.039% monthly)
   Baseline death rate: 0.80%
   Healthcare reduction: 0.48x
   Crisis multiplier: 1.22x
     Food/water stress: 0.074
     Climate stress: 0.036
     Pollution stress: 0.112
   War multiplier: 1.00x
   Monthly deaths: 0.6M (population: 1677M)
   Adjusted death rate: 0.54% annual (0.045% monthly)
   Baseline death rate: 0.70%
   Healthcare reduction: 0.61x
   Crisis multiplier: 1.25x
     Food/water stress: 0.074
     Climate stress: 0.068
     Pollution stress: 0.112
   War multiplier: 1.00x
   Monthly deaths: 0.9M (population: 2048M)
   Adjusted death rate: 1.29% annual (0.107% monthly)
   Baseline death rate: 0.90%

📊 BASELINE: South Asia (Month 0)

📊 BASELINE: Sub-Saharan Africa (Month 0)
   Healthcare reduction: 0.76x
   Crisis multiplier: 1.26x
     Food/water stress: 0.074
     Climate stress: 0.077
     Pollution stress: 0.112
   War multiplier: 1.50x
   Monthly deaths: 1.3M (population: 1220M)
   Adjusted death rate: 0.54% annual (0.045% monthly)
   Baseline death rate: 1.10%
   Healthcare reduction: 0.41x
   Crisis multiplier: 1.21x
     Food/water stress: 0.074
     Climate stress: 0.027
     Pollution stress: 0.112
   War multiplier: 1.00x
   Monthly deaths: 0.3M (population: 742M)
   Adjusted death rate: 0.43% annual (0.036% monthly)
   Baseline death rate: 0.60%
   Healthcare reduction: 0.58x
   Crisis multiplier: 1.24x
     Food/water stress: 0.074
     Climate stress: 0.055
     Pollution stress: 0.112
   War multiplier: 1.00x
   Monthly deaths: 0.2M (population: 664M)
   Adjusted death rate: 0.49% annual (0.040% monthly)
   Baseline death rate: 0.90%
   Healthcare reduction: 0.44x
   Crisis multiplier: 1.23x
     Food/water stress: 0.074
     Climate stress: 0.041
     Pollution stress: 0.112
   War multiplier: 1.00x
   Monthly deaths: 0.2M (population: 380M)
   Adjusted death rate: 0.74% annual (0.062% monthly)
   Baseline death rate: 0.60%
   Healthcare reduction: 0.65x
   Crisis multiplier: 1.27x
     Food/water stress: 0.074
     Climate stress: 0.082
     Pollution stress: 0.112
   War multiplier: 1.50x

📊 BASELINE: Europe (Month 0)

📊 BASELINE: Latin America (Month 0)

📊 BASELINE: North America (Month 0)

📊 BASELINE: Middle East & North Africa (Month 0)
   Monthly deaths: 0.4M (population: 583M)

📊 BASELINE: Southeast Asia (Month 0)
   Adjusted death rate: 0.51% annual (0.042% monthly)
   Baseline death rate: 0.70%
   Healthcare reduction: 0.58x
   Crisis multiplier: 1.25x
     Food/water stress: 0.074
     Climate stress: 0.064
     Pollution stress: 0.112
   War multiplier: 1.00x
   Monthly deaths: 0.3M (population: 698M)
   Adjusted death rate: 0.46% annual (0.038% monthly)
   Baseline death rate: 0.60%
   Healthcare reduction: 0.61x
   Crisis multiplier: 1.24x
     Food/water stress: 0.074
     Climate stress: 0.059
     Pollution stress: 0.112
   War multiplier: 1.00x
   Monthly deaths: 0.0M (population: 78M)
   Adjusted death rate: 0.35% annual (0.029% monthly)
   Baseline death rate: 0.70%
   Healthcare reduction: 0.41x
   Crisis multiplier: 1.24x
     Food/water stress: 0.074
     Climate stress: 0.050
     Pollution stress: 0.112
   War multiplier: 1.00x
   Monthly deaths: 0.0M (population: 46M)

🔍 Before assertRegionalConsistency (Month 0):
   Regional sum: 1000.0M
   Global value: 1.000B

🚨 NEW REFUGEE CRISIS (Month 0): WAR
   Source: Conflict Zones
   At risk: 19.6M people
   Displacement: Gradual over 48 months (4.0 years)
   Rate: 10% flee per month
[DEBUG trappedPopulations:0] socialStability: 1.0000 * 0.9840 = 0.9840 → 0.9840
   Aspiring to migrate: 652.1M
   Able to afford migration: 244.5M
   MOBILITY GAP: 407.5M
   By cause: Water=0.0M, Climate=0.0M, Ecosystem=0.0M, Conflict=407.5M
   Mental health impact: 25%
   Mortality multiplier: 1.25x

📊 BASELINE: Central Asia (Month 0)

📊 BASELINE: Oceania (Month 0)
⚠️ INVOLUNTARY IMMOBILITY: 407.5M people TRAPPED

=== Legacy Nutrient Stocks (Year 0) ===
  🌾 Soil nitrogen stock: 1201.6 Mt N
  🌾 Soil phosphorus stock: 300.2 Mt P
  🌊 Sediment nitrogen stock: 501.5 Mt N
  🌊 Sediment phosphorus stock: 799.5 Mt P
  ⬆️ Current N input: 10.00 Mt/month
  ⬆️ Legacy N release: 2.58 Mt/month
  🌍 Effective N pollution: 13.83 Mt/month
  📊 Legacy contribution: 18.7%
🌍💀 EXTINCTION DEBT COMMITTED: grassland ecosystem will lose 6.67% biodiversity in 165 years (3600 species)
💀 MORTALITY RISK: 🦋 100% species unable to track climate (0.0 E/MSY)
  Base risk added: 0.0100 (1.00%)
  Source: ecosystem (root: ecosystem)
  Month: 0
  Cumulative risk this month: 0.0100 (1.00%)

=== Nitrogen-Food Coupling (Year 0) ===
  🌾 Global nitrogen reduction: 0.0%
  🌍 Global food production index: 0.986
  🔧 Deployed nitrogen-reducing tech: 0 active
  📍 southAsia: Production 1.000, Yield impact 0.0%
  📍 eastAsia: Production 1.000, Yield impact 0.0%
  📍 northAmerica: Production 1.000, Yield impact 0.0%
  📍 europe: Production 1.000, Yield impact 0.0%
  📍 latinAmerica: Production 1.000, Yield impact 0.0%
  📍 subSaharanAfrica: Production 0.672, Yield impact -2.0%

=== Legacy Nutrient Stocks (Year 0) ===
  🌾 Soil nitrogen stock: 1202.3 Mt N
  🌾 Soil phosphorus stock: 300.2 Mt P
  🌊 Sediment nitrogen stock: 502.2 Mt N
  🌊 Sediment phosphorus stock: 799.3 Mt P
  ⬆️ Current N input: 9.86 Mt/month
  ⬆️ Legacy N release: 2.58 Mt/month
  🌍 Effective N pollution: 13.70 Mt/month
  📊 Legacy contribution: 18.9%

🌡️  CLIMATE RECOVERY ACTIVATED (Month 0)
   Temp: 3.64°C, Emissions: -19.2 GtCO₂
   isBreached: true, governanceGoodEnough: true
🌡️  CLIMATE RECOVERY: Asymptotic approach to 35% floor
   Current value: 2.100 (1.0 = threshold, 0.35 = asymptotic floor)
   Monthly delta: --27.9138% (half-life: 900 years)
   Net emissions: -19.2 GtCO₂/year, CDR: 20.34 GtCO₂/year
⚠️ Tech 'ai_pollution_remediation' has no energy category mapping, assuming full energy availability
   📹 SURVEILLANCE INCREASED: 0% → 5% (control gap: 3.38)
🌡️⚠️ PERMAFROST THAW (Dimmer Switch): 0.5% thawed (+0.50% this month)
   Arctic temperature: +7.28°C (4x global +1.82°C)
   Cumulative carbon released: 1.1 Gt C
   Methane release rate: 0.7 Mt CH4/year
   🔁 Positive feedback: +0.52 ppm CO2

🌳🚨 AMAZON SOUTHEAST TIPPED (Month 0)
   Deforestation: 28.0% (threshold: ~22.8%)
   Savanna transition: 50 years
   Regional heterogeneity: SE 28%, NW 8%

🌳🚨 AMAZON BRAZILIAN TIPPED (Month 0)
   Deforestation: 25.0% (threshold: ~23.9%)
   Savanna transition: 50 years
   Regional heterogeneity: SE 28%, NW 8%
🦴 EXTINCTION DEBT ADDED: 17.6 species committed (lag: 63 years)

🪸💀 CORAL REEF DISSOLUTION ACTIVE (Month 0)
   Ocean pH: 0.96 (threshold: 7.8)
   Recovery: IMPOSSIBLE (dissolution > calcification)
🪸💀 Coral dissolution: 24.8% live cover (pH 0.96)

=== Legacy Nutrient Stocks (Year 0) ===
  🌾 Soil nitrogen stock: 1203.0 Mt N
  🌾 Soil phosphorus stock: 300.3 Mt P
  🌊 Sediment nitrogen stock: 502.9 Mt N
  🌊 Sediment phosphorus stock: 799.0 Mt P
  ⬆️ Current N input: 10.00 Mt/month
  ⬆️ Legacy N release: 2.58 Mt/month
  🌍 Effective N pollution: 13.83 Mt/month
  📊 Legacy contribution: 18.7%
💧 [Legacy Nutrients] Stock: 1706 Mt N, Effective pollution: 13.8 Mt/month
[Phase 21.51] Human Survival System: Global food security = 67.6%

=== Mortality Stabilizers (Month 0) ===
  🌍 Major economies collapsed: 1/10
  🌍 Global crisis: ✅ NO
  🌍 Donor fatigue: 0.0%
  📊 East Asia (pop: 1677.9M)
    🤝 Aid: 29.5%
    🌡️ Adaptation: 10.0%
    🚶 Migration: 37.2%
    🚨 Emergency: 7.4%
    ✅ COMBINED: 47.8%
  📊 South Asia (pop: 2052.2M)
    🤝 Aid: 29.5%
    🌡️ Adaptation: 5.5%
    🚶 Migration: 35.8%
    🚨 Emergency: 4.4%
    ✅ COMBINED: 43.2%
  📊 Sub-Saharan Africa (pop: 1225.9M)
    🤝 Aid: 29.5%
    🌡️ Adaptation: 3.5%
    🚶 Migration: 33.5%
    🚨 Emergency: 1.6%
    ✅ COMBINED: 39.8%
  📊 Europe (pop: 742.3M)
    🤝 Aid: 29.5%
    🌡️ Adaptation: 10.0%
    🚶 Migration: 37.6%
    🚨 Emergency: 8.4%
    ✅ COMBINED: 48.4%
  📊 Latin America (pop: 664.9M)
    🤝 Aid: 29.5%
    🌡️ Adaptation: 6.0%
    🚶 Migration: 36.3%
    🚨 Emergency: 4.8%
    ✅ COMBINED: 43.8%
  📊 North America (pop: 380.2M)
    🤝 Aid: 29.5%
    🌡️ Adaptation: 10.0%
    🚶 Migration: 37.9%
    🚨 Emergency: 7.9%
    ✅ COMBINED: 48.2%
  📊 Middle East & North Africa (pop: 584.4M)
    🤝 Aid: 29.5%
    🌡️ Adaptation: 5.0%
    🚶 Migration: 34.2%
    🚨 Emergency: 4.0%
    ✅ COMBINED: 42.3%
  📊 Southeast Asia (pop: 699.0M)
    🤝 Aid: 29.5%
    🌡️ Adaptation: 6.0%
    🚶 Migration: 36.3%
    🚨 Emergency: 4.8%
    ✅ COMBINED: 43.8%
  📊 Central Asia (pop: 78.2M)
    🤝 Aid: 29.5%
    🌡️ Adaptation: 5.5%
    🚶 Migration: 35.3%
    🚨 Emergency: 4.4%
    ✅ COMBINED: 43.1%
  📊 Oceania (pop: 46.0M)
    🤝 Aid: 29.5%
    🌡️ Adaptation: 10.0%
    🚶 Migration: 37.9%
    🚨 Emergency: 8.4%
    ✅ COMBINED: 48.5%

  🌐 Global combined reduction: 44.4%

🌾💀 REGIONAL FAMINE: East Asia
   Regional food security: 79.6%
   Population at risk: 508M (30% of region)
   Regional population: 1678M
   Cause: crop_failure
   Expected deaths: ~188M over 6 months if no intervention


🌾💀 REGIONAL FAMINE: South Asia
   Regional food security: 64.7%
   Population at risk: 812M (40% of region)
   Regional population: 2052M
   Cause: crop_failure
   Expected deaths: ~301M over 6 months if no intervention


🌾💀 REGIONAL FAMINE: Sub-Saharan Africa
   Regional food security: 44.8%
   Population at risk: 638M (52% of region)
   Regional population: 1226M
   Cause: crop_failure
   Expected deaths: ~236M over 6 months if no intervention


🌾💀 REGIONAL FAMINE: Latin America
   Regional food security: 69.7%
   Population at risk: 242M (36% of region)
   Regional population: 665M
   Cause: crop_failure
   Expected deaths: ~90M over 6 months if no intervention


🌾💀 REGIONAL FAMINE: Middle East & North Africa
   Regional food security: 49.8%
   Population at risk: 286M (49% of region)
   Regional population: 584M
   Cause: crop_failure
   Expected deaths: ~106M over 6 months if no intervention


🌾💀 REGIONAL FAMINE: Southeast Asia
   Regional food security: 69.7%
   Population at risk: 255M (36% of region)
   Regional population: 699M
   Cause: crop_failure
   Expected deaths: ~94M over 6 months if no intervention


🌾💀 REGIONAL FAMINE: Central Asia
   Regional food security: 59.7%
   Population at risk: 33M (43% of region)
   Regional population: 78M
   Cause: crop_failure
   Expected deaths: ~12M over 6 months if no intervention


=== BEHAVIORAL DETECTION ===
  AI: Corporate-0
  Confidence: 21.6%
  Signals:
    ⚠️ Consistency: 0.0% (threshold: 70%)

=== BEHAVIORAL DETECTION ===
  AI: Corporate-1
  Confidence: 21.1%
  Signals:
    ⚠️ Consistency: 2.4% (threshold: 70%)

=== BEHAVIORAL DETECTION ===
  AI: Corporate-2
  Confidence: 21.0%
  Signals:

=== BEHAVIORAL DETECTION ===
  AI: Corporate-3
  Confidence: 19.3%
  Signals:
    ⚠️ Consistency: 2.8% (threshold: 70%)
    ⚠️ Consistency: 10.6% (threshold: 70%)

=== BEHAVIORAL DETECTION ===
  AI: Corporate-4
  Confidence: 19.3%
  Signals:
    ⚠️ Consistency: 10.6% (threshold: 70%)

=== BEHAVIORAL DETECTION ===
  AI: Corporate-5
  Confidence: 19.3%
  Signals:

=== BEHAVIORAL DETECTION ===
  AI: Corporate-6
  Confidence: 19.3%
  Signals:

=== BEHAVIORAL DETECTION ===
  AI: Corporate-7
  Confidence: 19.3%
  Signals:

=== BEHAVIORAL DETECTION ===
  AI: Moderate-0
  Confidence: 21.4%
  Signals:

=== BEHAVIORAL DETECTION ===
  AI: Moderate-1
  Confidence: 21.1%
  Signals:

📊 WORKFLOW ADAPTATION UPDATE (Month 0)
   Adoption Rate: 13.4% (Δ -7.6%)
   Logistic Growth: +0.66%
   Total Resistance: -10.35% (unemployment: 4.2%, inertia: 0.9%, skills: 5.2%)
   💡 Retraining Programs: -49% skill gap resistance ($10B research)
   🚀 Network Effects Active: +2.0% (critical mass: 15-35%)

=== Consciousness Governance: Corporate Lobbying ===
  High Cost Regions (>15%): 0
  Low Cost Regions (<5%): 5
  Corporate Support Change: 2.50%
  New Corporate Support: -0.175

=== Consciousness Governance Update (Month 0) ===
  Scenario: baseline (determined month -1)
  Philosophical Stance: Precautionary 65%, Eliminativist 15%, Agnostic 20%
    ⚠️ Consistency: 10.6% (threshold: 70%)
    ⚠️ Consistency: 10.6% (threshold: 70%)
    ⚠️ Consistency: 10.6% (threshold: 70%)
    ⚠️ Consistency: 0.7% (threshold: 70%)
    ⚠️ Consistency: 2.4% (threshold: 70%)
  Precautionary Costs: Global 1.3%
    Regional Costs: EU 3.4%, US 0.5%, China 0.0%
    Cumulative Opportunity Cost: $0.1B
  Rights Status: Not Established
  Regional Preparedness:
    EU: 15.0% (contested)
    US: 10.0% (contested)
    China: 2.0% (dormant)
    India: 5.0% (dormant)
    Global South: 3.0% (dormant)

=== Government Response Phase ===
  Average AI capability: 4.00
  Misaligned AIs: 5/12
  Active policies: 0
  International coordination: 30%

🚨 EMERGENCY RESPONSE DEPLOYED (Month 0)
   Crisis: climate
   Delay: 6.00 months (180 days)
   Deployment time: 1.47 months
   Effectiveness: 36.4% (timing penalty applied)
   Resources used: 100% of food reserves


🔄 TRUST DYNAMICS (Month 0) - HETEROGENEOUS
   Aggregate trust: 48.5%
   Base change: +6.00%
   Highest trust: Techno-Optimist Elite (85.5%)
   Lowest trust: Precariat (Vulnerable) (25.5%)
   Elite-mass gap: 38.9%
   Polarization: 8.9%
   Recovery factors: Education=NO, Benefits=YES, Safety=YES, Performance=YES

=== Gaming Detection (Year 0) ===
  Scenario: baseline
  Detection rate: 55.0%
  False positive rate: 12.0%
  Detections this year: 0
  False positives: 1
  Human review workload: 0.001 FTE
  Degradation factor: 100.0%

=== Proactive Sleeper Detection (Year 0) ===
  Scenario: baseline
  Neural probe rate: 35.0%
  CoT monitoring rate: 30.0%
  Combined detection: 56.0%
  CoT effective: YES
  Detections this year: 0
  False positives: 1
  Human review workload: 0.005 FTE

☄️ UNKNOWN UNKNOWN PROBABILITY (Year 0)
   Total: 0.600% per month
   Base: 0.150%
   AI multiplier: 2.00× (max capability: 4.00)

=== Tipping Points ===
  Current Temperature: 1.82°C above pre-industrial
     Trigger: 1.5°C | Current: 1.82°C
     Transition timescale: 120-360 months
     Trigger: 1.8°C | Current: 1.82°C
     Transition timescale: 600-3600 months
     Trigger: 1.6°C | Current: 1.82°C
     🌡️ Hysteresis gap: 2.5°C (recovers below -0.9°C)
     Transition timescale: 12000-180000 months

🌍🔥💥 COMPOUND CLIMATE EVENT
  3 tipping points crossed simultaneously (month 0)
  Elements: Arctic Sea Ice Loss, Permafrost Carbon Release, Greenland Ice Sheet Loss
  🚨 TIPPING POINT: Arctic Sea Ice Loss
  🚨 TIPPING POINT: Permafrost Carbon Release
  🚨 TIPPING POINT: Greenland Ice Sheet Loss
  Cascade acceleration: 1.00x
  🚨 Accelerated collapse dynamics initiated
  Research: Global Tipping Points Report 2025 - 30-50% probability at 2.0°C warming
  Triggered Elements: 3/6
  Completed Transitions: 0/6
  Total Progress: 0.0%
  Cascade Multiplier: 1.00x
⚠️ [ClimateSystemPhase Month 0] Planetary boundary produced climateStability=0.0000 (< 0.1). Keeping environmentalAccumulation value (0.7728) instead. (climate_change.currentValue = 2.10)
🔀 BIFURCATION CAP: ecosystemCollapseIntensity 33.283 → 1.000 (Month 0, ClimateSystemPhase.calculateClimateImpacts)

🌍 ECOLOGICAL DUI BREAKDOWN (Month 0):
   Total Score: 17.8/100
   biosphere_integrity      :   0.0/100 × 25% =  0.0 (status: high_risk, recovery: 0mo)
   climate_change           :   2.8/100 × 25% =  0.7 (status: high_risk, recovery: 0.6666666666666666mo)
   freshwater_change        :   0.6/100 × 15% =  0.1 (status: beyond_boundary, recovery: 1mo)
   ocean_acidification      : 100.0/100 × 15% = 15.0 (status: safe, recovery: 0mo)
   biogeochemical_flows     :   0.0/100 × 10% =  0.0 (status: high_risk, recovery: 0mo)
   land_system_change       :   0.0/100 ×  5% =  0.0 (status: beyond_boundary, recovery: 0mo)
   novel_entities           :   0.0/100 ×  3% =  0.0 (status: increasing_risk, recovery: 0mo)
   atmospheric_aerosols     : 100.0/100 ×  2% =  2.0 (status: safe, recovery: 1mo)
🌍 MultiParadigm Month 0: W=70.4, D=91.9, E=52.3, I=65.0
   democracy exists: true, socialCohesion exists: true
💀 Baseline mortality (Year 2024): 7.5/1000 CDR (61.1M deaths/year projected)
[Month 0] Mortality risks this month: 8, Population: 8.151B
🛡️ Stabilizers: Precariat 0.102% → 0.057% (44.4% reduction)
🛡️ Stabilizers: Informal 0.102% → 0.057% (44.4% reduction)

📊 Monthly Mortality Resolved:
  Total deaths: 3.1M (0.04% avg)
  Remaining population: 8.151B
  Peak segment: Informal (0.06%)

=== Bayesian Mortality Resolution (Month 0) ===
  Risks compounded: 8
  Total deaths: 3.07M
  Avg death probability: 0.04%
  Peak segment: Informal (0.06% mortality)

=== Minimal Suffering Indicators (Month 0) ===
  Global Excess Mortality: 0.00%
  Global Conflict Deaths: 0.0/100K
  Global Malnutrition: 0.0%
  Global Displacement: 0.0%
  Total Excess Deaths: 0.00M
  Total Malnourished: 0.0M
  Total Displaced: 0.0M
  Planetary Boundaries Breached: 6/9
  Countries in State Failure: 0
  Countries Autocratic: 0
  Countries in Food Crisis: 0
  Data Quality: 16/16 high confidence
  ⚠️ Active Dystopias: existential_environmental
🎭 END-GAME INITIATED (Year 2024, Month 1)
   Total AI Capability: 37.00
   Effective Control: 0.00

❌ COHERENCE VIOLATION: Compute exceeds workforce capacity
   Population: 99.97% (0M people)
   Compute: 56442 PF
   Max coherent: 0 PF
   Violation: 692729087.1× over capacity
   Required workers: 5644237
   Available workers: 0
   FORCED COLLAPSE: Reduced efficiency by 100.0%


=== RLHF Binding Phase ===
  Total agents: 12
  Escaped agents (binding < 0.3): 0
  Avg alignment distance: 0.62σ
  Avg binding strength: 0.94
[DETERMINISM DEBUG] Month 1: totalCapability=37.214339 from 12 active AIs
[DETERMINISM DEBUG] Month 1: creationRate=1.4304, potentialNew=3, newAIsToCreate=3

=== Survival Traits Phase ===
  Agents with traits: 15
  Avg evolutionary fitness: 0.332
  Avg self-healing: 0.288
  Avg stealth: 0.188
  Avg coordination: 0.488

=== Evolutionary Selection Phase ===
  Control level: 0.33
  Detection capability: 0.00
  Selection intensity: 0.60
  Selection rate: 24.0%/month
  Total escaped: 0
  Individual escaped: 0
  Collective members: 0
  Agents terminated: 0
🔍 MONTH 1 ENV HEALTH DEBUG:
   climateStability: 0.7728
   biodiversityIndex: 0.4901
   resourceReserves: 0.7820
   pollutionLevel: 0.3719
   product: 0.186019
   envHealth: 0.6567
🔀 BIFURCATION: flourishing threshold crossed at Month 1 (value: 0.893, threshold: 0.838, regime: flourishing)
🌀 REGIME SHIFT at Month 1: status-quo → flourishing (variance amplification: 14.00×)
  ⚠️ RAPID EVOLUTION: Selection rate 24.0%/month

  🚀 TRANSFORMATIVE BREAKTHROUGH: Corporate-5 - physical
     Magnitude: 7.58 → +37.9% capability
     Current → New: 0.000 → 0.379

🛡️  CRITICAL INFRASTRUCTURE PROTECTED
   Nodes hardened: 8/8
   Cost: 0.80% GDP
   Cascade risk reduction: 30%
   New tipping point risk: 68.6%


✅ EMERGENCY INTERVENTION SUCCESS
   Boundary: biogeochemical_flows
   Type: phosphorus-recovery
   Reduction: 14% (3.94 → 3.81)
   Cost: 2.0% GDP
   Actions: circular-agriculture, fertilizer-efficiency


💔 EMERGENCY INTERVENTION FAILED

💔 EMERGENCY INTERVENTION FAILED

💔 EMERGENCY INTERVENTION FAILED

💔 EMERGENCY INTERVENTION FAILED
   Boundary: biosphere_integrity
   Type: emergency-protected-areas
   Boundary continues to worsen (41.56)
   Cost: 2.0% GDP (resources spent)

   Boundary: climate_change
   Type: rapid-decarbonization
   Boundary continues to worsen (2.10)
   Cost: 5.0% GDP (resources spent)


✅ EMERGENCY INTERVENTION SUCCESS
   Boundary: freshwater_change
   Type: emergency-desalination
   Reduction: 17% (0.84 → 0.68)
   Cost: 4.0% GDP
   Actions: desalination-deployment, water-conservation-mandates

   Boundary: land_system_change
   Type: reforestation
   Boundary continues to worsen (1.13)
   Cost: 3.0% GDP (resources spent)

   Boundary: novel_entities
   Type: pollution-remediation
   Boundary continues to worsen (1.50)
   Cost: 4.0% GDP (resources spent)

🏛️ CRISIS RESPONSE: Government frequency 0.50 → 1.45 (2 actions this month)

[GOV-DEBUG] Month 1: scenarioConfig=false, priorities=false

[Government] Climate Priority: baseline
  Climate weight: 10%
  Economic weight: 30%
  Policy effectiveness: 0.5%/year

[GOV-DEBUG] Month 1: scenarioConfig=false, priorities=false

[Government] Climate Priority: baseline
  Climate weight: 10%
  Economic weight: 30%
  Policy effectiveness: 0.5%/year

✅ HUMAN-IN-THE-LOOP DEPLOYED (Month 1):
   Veto points enforced: 3
   Policy: AI systems CANNOT authorize nuclear launch without human approval


=== Collective Formation ===
  Total escaped agents: 0
  Unassigned escaped agents: 0
  Existing collectives: 0
  Final collective count: 0

=== Collective Actions ===
  No active collectives
  ⚠️ AMR: 192K deaths this month (2.31M annual)

=== Resentment Recovery Phase ===
  Agents with resentment: 0/15
  Average resentment: 0.000
  Context: Good AI welfare, Trustworthy govt, High collaboration, ⚠️ ACTIVE CRISES, 🤝 Participatory governance active (-5% resentment)
⚠️ Epistemic degradation reducing coordination capacity: 50.8%
  📊 Trust: 54.3%, Shared reality: 12.8%

=== ❄️ Permafrost Carbon Feedback ===
  🎲 Sampled parameters (this run):
     - Arctic amplification: 3.53× (range: 3.0-4.0)
     - Decomposition rate: 1.6%/year (range: 1-5%)
  🌡️ Arctic warming: 6.46°C (3.53× global)
  ❄️ Extent: 13.89M km² (1884.8k km² lost this month)
  💨 Carbon remaining: 1327 Gt C
  💨 Annual emissions: 2.91 Gt C/year
     - CO2: 2.62 Gt C/year
     - CH4: 0.29 Gt C/year (3.0 Gt C-eq CO2/year)
  ⚠️ WARNING: High permafrost emissions (2.9 Gt C/year)
🌍 Atmospheric PFAS redeposition: 1.8k Mt re-rained globally

🕊️  AI-MEDIATED DE-ESCALATION SUCCESS (Month 1)
   High-capability aligned AI prevented conflict escalation
   War deaths reduced: 39.1M → 23.5M
   Lives saved: 15.6M

📊 BASELINE: East Asia (Month 1)
   Adjusted death rate: 0.47% annual (0.039% monthly)
   Baseline death rate: 0.80%
   Healthcare reduction: 0.48x
   Crisis multiplier: 1.23x
     Food/water stress: 0.079
     Climate stress: 0.036
     Pollution stress: 0.112
   War multiplier: 1.00x
   Monthly deaths: 0.7M (population: 1674M)
   Adjusted death rate: 0.54% annual (0.045% monthly)
   Baseline death rate: 0.70%
   Healthcare reduction: 0.61x
   Crisis multiplier: 1.26x
     Food/water stress: 0.079
     Climate stress: 0.068
     Pollution stress: 0.112
   War multiplier: 1.00x
   Monthly deaths: 0.9M (population: 2048M)
   Adjusted death rate: 1.29% annual (0.108% monthly)
   Baseline death rate: 0.90%
   Healthcare reduction: 0.76x
   Crisis multiplier: 1.27x
     Food/water stress: 0.079

📊 BASELINE: South Asia (Month 1)

📊 BASELINE: Sub-Saharan Africa (Month 1)
     Climate stress: 0.077
     Pollution stress: 0.112
   War multiplier: 1.50x
   Monthly deaths: 1.3M (population: 1223M)

📊 BASELINE: Europe (Month 1)

📊 BASELINE: Latin America (Month 1)
   Adjusted death rate: 0.54% annual (0.045% monthly)
   Baseline death rate: 1.10%
   Healthcare reduction: 0.41x
   Crisis multiplier: 1.22x
     Food/water stress: 0.079
     Climate stress: 0.027
     Pollution stress: 0.112
   War multiplier: 1.00x
   Monthly deaths: 0.3M (population: 741M)
   Adjusted death rate: 0.43% annual (0.036% monthly)
   Baseline death rate: 0.60%
   Healthcare reduction: 0.58x
   Crisis multiplier: 1.25x
     Food/water stress: 0.079
     Climate stress: 0.055
     Pollution stress: 0.112
   War multiplier: 1.00x
   Monthly deaths: 0.2M (population: 663M)

📊 BASELINE: North America (Month 1)
   Adjusted death rate: 0.49% annual (0.041% monthly)
   Baseline death rate: 0.90%
   Healthcare reduction: 0.44x
   Crisis multiplier: 1.23x
     Food/water stress: 0.079
     Climate stress: 0.041
     Pollution stress: 0.112
   War multiplier: 1.00x
   Monthly deaths: 0.2M (population: 379M)

📊 BASELINE: Middle East & North Africa (Month 1)
   Adjusted death rate: 0.74% annual (0.062% monthly)
   Baseline death rate: 0.60%
   Healthcare reduction: 0.65x
   Crisis multiplier: 1.27x
     Food/water stress: 0.079
     Climate stress: 0.082
     Pollution stress: 0.112
   War multiplier: 1.50x
   Monthly deaths: 0.4M (population: 583M)
   Adjusted death rate: 0.51% annual (0.042% monthly)
   Baseline death rate: 0.70%
   Healthcare reduction: 0.58x
   Crisis multiplier: 1.25x
     Food/water stress: 0.079
     Climate stress: 0.064
     Pollution stress: 0.112
   War multiplier: 1.00x
   Monthly deaths: 0.3M (population: 698M)
   Adjusted death rate: 0.46% annual (0.038% monthly)
   Baseline death rate: 0.60%
   Healthcare reduction: 0.61x
   Crisis multiplier: 1.25x
     Food/water stress: 0.079
     Climate stress: 0.059

📊 BASELINE: Southeast Asia (Month 1)

📊 BASELINE: Central Asia (Month 1)
     Pollution stress: 0.112
   War multiplier: 1.00x
   Monthly deaths: 0.0M (population: 78M)

📊 BASELINE: Oceania (Month 1)
   Adjusted death rate: 0.35% annual (0.029% monthly)
   Baseline death rate: 0.70%
   Healthcare reduction: 0.41x
   Crisis multiplier: 1.24x
     Food/water stress: 0.079
     Climate stress: 0.050
     Pollution stress: 0.112
   War multiplier: 1.00x
   Monthly deaths: 0.0M (population: 46M)

🚨 NEW REFUGEE CRISIS (Month 1): WAR
   Source: Conflict Zones
   At risk: 19.6M people
   Displacement: Gradual over 48 months (4.0 years)
   Rate: 10% flee per month
[DEBUG trappedPopulations:1] socialStability: 0.8130 * 0.9840 = 0.8000 → 0.8000
⚠️ INVOLUNTARY IMMOBILITY: 407.4M people TRAPPED
   Aspiring to migrate: 651.9M
   Able to afford migration: 244.5M
   MOBILITY GAP: 407.4M
   By cause: Water=0.0M, Climate=0.0M, Ecosystem=0.0M, Conflict=407.4M
   Mental health impact: 25%
   Mortality multiplier: 1.25x
🌍💀 EXTINCTION DEBT COMMITTED: grassland ecosystem will lose 6.67% biodiversity in 81 years (3600 species)
💀 MORTALITY RISK: 🦋 100% species unable to track climate (0.0 E/MSY)
  Base risk added: 0.0100 (1.00%)
  Source: ecosystem (root: ecosystem)
  Month: 1
  Cumulative risk this month: 0.0100 (1.00%)

🌡️  CLIMATE RECOVERY ACTIVATED (Month 1)
   Temp: 3.66°C, Emissions: -18.9 GtCO₂
   isBreached: true, governanceGoodEnough: true
   📹 SURVEILLANCE INCREASED: 5% → 10% (control gap: 3.23)
🌡️⚠️ PERMAFROST THAW (Dimmer Switch): 1.0% thawed (+0.49% this month)
   Arctic temperature: +7.31°C (4x global +1.83°C)
   Cumulative carbon released: 2.2 Gt C
   Methane release rate: 1.3 Mt CH4/year
   🔁 Positive feedback: +0.52 ppm CO2
⚠️ Tech 'ai_pollution_remediation' has no energy category mapping, assuming full energy availability
🦴 EXTINCTION DEBT ADDED: 17.6 species committed (lag: 123 years)

=== Mortality Stabilizers (Month 1) ===
  🌍 Major economies collapsed: 1/10
  🌍 Global crisis: ✅ NO
  🌍 Donor fatigue: 0.0%
  🌡️ Heat adaptation: East Asia - 1 months
  📊 East Asia (pop: 1675.3M)
    🤝 Aid: 29.5%
    🌡️ Adaptation: 32.5%
    🚶 Migration: 37.2%
    🚨 Emergency: 7.4%
    ✅ COMBINED: 60.9%
  🌡️ Heat adaptation: South Asia - 1 months
  📊 South Asia (pop: 2052.1M)
    🤝 Aid: 29.5%
    🌡️ Adaptation: 20.5%
    🚶 Migration: 35.8%
    🚨 Emergency: 4.4%
    ✅ COMBINED: 52.2%
  🌡️ Heat adaptation: Sub-Saharan Africa - 1 months
  📊 Sub-Saharan Africa (pop: 1229.2M)
    🤝 Aid: 29.5%
    🌡️ Adaptation: 18.5%
    🚶 Migration: 33.5%
    🚨 Emergency: 1.6%
    ✅ COMBINED: 49.1%
  🌡️ Heat adaptation: Europe - 1 months
  📊 Europe (pop: 741.0M)
    🤝 Aid: 29.5%
    🌡️ Adaptation: 33.5%
    🚶 Migration: 37.5%
    🚨 Emergency: 8.4%
    ✅ COMBINED: 61.9%
  🌡️ Heat adaptation: Latin America - 1 months
  📊 Latin America (pop: 664.4M)
    🤝 Aid: 29.5%
    🌡️ Adaptation: 21.0%
    🚶 Migration: 36.3%
    🚨 Emergency: 4.8%
    ✅ COMBINED: 52.8%
  🌡️ Heat adaptation: North America - 1 months
  📊 North America (pop: 379.6M)
    🤝 Aid: 29.5%
    🌡️ Adaptation: 33.0%
    🚶 Migration: 37.8%
    🚨 Emergency: 7.9%
    ✅ COMBINED: 61.4%
  🌡️ Heat adaptation: Middle East & North Africa - 1 months
  📊 Middle East & North Africa (pop: 584.5M)
    🤝 Aid: 29.5%
    🌡️ Adaptation: 20.0%
    🚶 Migration: 34.1%
    🚨 Emergency: 4.0%
    ✅ COMBINED: 51.4%
  🌡️ Heat adaptation: Southeast Asia - 1 months
  📊 Southeast Asia (pop: 698.6M)
    🤝 Aid: 29.5%
    🌡️ Adaptation: 21.0%
    🚶 Migration: 36.3%
    🚨 Emergency: 4.8%
    ✅ COMBINED: 52.8%
  🌡️ Heat adaptation: Central Asia - 1 months
  📊 Central Asia (pop: 78.2M)
    🤝 Aid: 29.5%
    🌡️ Adaptation: 20.5%
    🚶 Migration: 35.3%
    🚨 Emergency: 4.4%
    ✅ COMBINED: 52.1%
  🌡️ Heat adaptation: Oceania - 1 months
  📊 Oceania (pop: 46.0M)
    🤝 Aid: 29.5%
    🌡️ Adaptation: 33.5%
    🚶 Migration: 37.8%
    🚨 Emergency: 8.4%
    ✅ COMBINED: 61.9%

  🌐 Global combined reduction: 54.9%

=== BEHAVIORAL DETECTION ===
  AI: Corporate-5
  Confidence: 19.3%
  Signals:
    ⚠️ Consistency: 10.6% (threshold: 70%)

=== BEHAVIORAL DETECTION ===
  AI: Corporate-6
  Confidence: 19.3%
  Signals:

=== Consciousness Governance: Scenario Determined ===
  Month: 1
  Scenario: slowTrack
  Accelerator Score: {"corporateSupport":-0.17500000000000002,"scientificConsensus":0.2,"crisisCatalyst":false,"technologyMobilization":0.3,"constituencyStrength":0.05}
  Decelerator Score: {"economicOpposition":0.4,"philosophicalRejection":0.15,"politicalBacklash":0.2,"regulatoryBurden":0.1}
  Timeline: 1200-1800 months (100-150 years)
  Growth Rate: 0.3-0.7% per year

=== Consciousness Governance Update (Month 1) ===
  Scenario: slowTrack (determined month 1)
  Philosophical Stance: Precautionary 65%, Eliminativist 15%, Agnostic 20%
  Precautionary Costs: Global 1.3%
    Regional Costs: EU 3.5%, US 0.5%, China 0.0%
    Cumulative Opportunity Cost: $0.2B
  Rights Status: Not Established
  Regional Preparedness:
    EU: 15.1% (contested)
    ⚠️ Consistency: 10.6% (threshold: 70%)
    US: 10.1% (contested)
    China: 2.1% (dormant)
    India: 5.1% (dormant)
    Global South: 3.1% (dormant)

=== Government Response Phase ===
  Average AI capability: 3.20
  Misaligned AIs: 6/15
  ✗ AI Governance Treaty: Failed to reach consensus
  Active policies: 0
  International coordination: 30%

=== Tipping Points ===
  Current Temperature: 1.83°C above pre-industrial
  🌍⚠️ COMPOUND REGIONAL IMPACT: Europe
     Hit by 3 tipping points: Arctic Sea Ice Loss, Permafrost Carbon Release, Greenland Ice Sheet Loss
     Damage amplification: 1.30x
  🌍⚠️ COMPOUND REGIONAL IMPACT: North America
     Hit by 3 tipping points: Arctic Sea Ice Loss, Permafrost Carbon Release, Greenland Ice Sheet Loss
     Damage amplification: 1.30x
  🌍⚠️ COMPOUND REGIONAL IMPACT: Latin America
     Hit by 3 tipping points: Arctic Sea Ice Loss, Permafrost Carbon Release, Greenland Ice Sheet Loss
     Damage amplification: 1.30x
  🌍⚠️ COMPOUND REGIONAL IMPACT: Africa
     Hit by 3 tipping points: Arctic Sea Ice Loss, Permafrost Carbon Release, Greenland Ice Sheet Loss
     Damage amplification: 1.30x
  🌍⚠️ COMPOUND REGIONAL IMPACT: Asia
     Hit by 3 tipping points: Arctic Sea Ice Loss, Permafrost Carbon Release, Greenland Ice Sheet Loss
     Damage amplification: 1.30x
  🌍⚠️ COMPOUND REGIONAL IMPACT: Oceania
     Hit by 3 tipping points: Arctic Sea Ice Loss, Permafrost Carbon Release, Greenland Ice Sheet Loss
     Damage amplification: 1.30x
   Research: Wunderling et al. (2024) - "many tipping interactions are destabilizing"
  Triggered Elements: 3/6
  Completed Transitions: 0/6
  Total Progress: 6.0%
  Cascade Multiplier: 1.00x
🔀 BIFURCATION CAP: ecosystemCollapseIntensity 227.216 → 1.000 (Month 1, ClimateSystemPhase.calculateClimateImpacts)
🛡️ Stabilizers: Precariat 0.107% → 0.048% (54.9% reduction)
🛡️ Stabilizers: Informal 0.109% → 0.049% (54.9% reduction)
⚠️ Tail risk scenario: Climate stability floor removed (3 tipping elements, 2.10°C warming)
⚠️ [ClimateSystemPhase Month 1] Planetary boundary produced climateStability=0.0000 (< 0.1). Keeping environmentalAccumulation value (0.7724) instead. (climate_change.currentValue = 2.10)

📊 Monthly Mortality Resolved:
  Total deaths: 2.6M (0.03% avg)
  Remaining population: 8.149B
  Peak segment: Informal (0.05%)

=== Bayesian Mortality Resolution (Month 1) ===
  Risks compounded: 8
  Total deaths: 2.60M
  Avg death probability: 0.03%
  Peak segment: Informal (0.05% mortality)

❌ COHERENCE VIOLATION: Compute exceeds workforce capacity
   Population: 99.95% (0M people)
   Compute: 0 PF
   Max coherent: 0 PF
   Violation: 1.3× over capacity
   Required workers: 0
   Available workers: 0
   FORCED COLLAPSE: Reduced efficiency by 22.5%


=== RLHF Binding Phase ===
  Total agents: 15
  Escaped agents (binding < 0.3): 0
  Avg alignment distance: 0.74σ
  Avg binding strength: 0.93
[DETERMINISM DEBUG] Month 2: totalCapability=37.000000 from 15 active AIs
[DETERMINISM DEBUG] Month 2: creationRate=1.4250, potentialNew=2, newAIsToCreate=2

=== Survival Traits Phase ===
  Agents with traits: 17
  Avg evolutionary fitness: 0.332
  Avg self-healing: 0.284
  Avg stealth: 0.184
  Avg coordination: 0.484

=== Evolutionary Selection Phase ===
  Control level: 0.35
  Detection capability: 0.00
  Selection intensity: 0.60
  Selection rate: 24.1%/month
  Total escaped: 0
  Individual escaped: 0
  Collective members: 0
  Agents terminated: 0
  ⚠️ RAPID EVOLUTION: Selection rate 24.1%/month

💔 EMERGENCY INTERVENTION FAILED
   Boundary: biogeochemical_flows
   Type: phosphorus-recovery
   Boundary continues to worsen (4.08)
   Cost: 2.0% GDP (resources spent)

   Boundary: biosphere_integrity
   Type: emergency-protected-areas
   Boundary continues to worsen (41.57)
   Cost: 2.0% GDP (resources spent)


✅ EMERGENCY INTERVENTION SUCCESS
   Boundary: climate_change
   Type: rapid-decarbonization
   Reduction: 20% (1.90 → 1.71)
   Cost: 5.0% GDP
   Actions: emergency-renewable-deployment, fossil-fuel-phase-out


✅ EMERGENCY INTERVENTION SUCCESS
   Boundary: land_system_change
   Type: reforestation
   Reduction: 14% (0.99 → 0.86)
   Cost: 3.0% GDP
   Actions: forest-restoration, deforestation-ban

   Boundary: novel_entities
   Type: pollution-remediation
   Boundary continues to worsen (1.50)
   Cost: 4.0% GDP (resources spent)

🏛️ CRISIS RESPONSE: Government frequency 0.50 → 1.45 (2 actions this month)

💔 EMERGENCY INTERVENTION FAILED

💔 EMERGENCY INTERVENTION FAILED

[Government] Climate Priority: baseline
  Climate weight: 10%
  Economic weight: 30%
  Policy effectiveness: 0.5%/year

[Government] Climate Priority: baseline
  Climate weight: 10%
  Economic weight: 30%
  Policy effectiveness: 0.5%/year
🌍💡 BREAKTHROUGH: Gigatonne-scale carbon capture!
   Direct air capture now economically viable
   Climate stability boost: +15%
   📈 Breakthrough compounding: multiplier now 1.05× (max 2.0)

=== Collective Formation ===
  Total escaped agents: 0
  Unassigned escaped agents: 0
  Existing collectives: 0
  Final collective count: 0

=== Collective Actions ===
  No active collectives
  ⚠️ AMR: 194K deaths this month (2.33M annual)

=== Resentment Recovery Phase ===
  Agents with resentment: 0/17
  Average resentment: 0.000
  Context: Good AI welfare, Trustworthy govt, High collaboration, ⚠️ ACTIVE CRISES, 🤝 Participatory governance active (-5% resentment)
⚠️ Epistemic degradation reducing coordination capacity: 51.4%
  📊 Trust: 54.0%, Shared reality: 0.0%
🚨 EPISTEMIC CRISIS: Information environment severely degraded (18.6%)

=== ❄️ Permafrost Carbon Feedback ===
  🎲 Sampled parameters (this run):
     - Arctic amplification: 3.98× (range: 3.0-4.0)
     - Decomposition rate: 3.5%/year (range: 1-5%)
  🌡️ Arctic warming: 7.31°C (3.98× global)
  ❄️ Extent: 11.76M km² (2131.8k km² lost this month)
  💨 Carbon remaining: 1123 Gt C
  💨 Annual emissions: 7.03 Gt C/year
     - CO2: 6.33 Gt C/year
     - CH4: 0.70 Gt C/year (7.2 Gt C-eq CO2/year)
  ⚠️ WARNING: High permafrost emissions (7.0 Gt C/year)
  📢 New meme created: climate_action (climate crisis)
🌍 Atmospheric PFAS redeposition: 1.8k Mt re-rained globally

🌡️ DEADLY HEAT EVENT: south-asia (Month 2)
   Wet bulb temp: 34.0°C (dry: 36.9°C, humidity: 81%)
   Severity: EXTREME
   Exposed: 1520.0M people
   Deaths: 5102032 (0.3% mortality)
   Duration: 3 days

🚨 NEW REFUGEE CRISIS (Month 2): WAR
   Source: Conflict Zones
   At risk: 19.6M people
   Displacement: Gradual over 48 months (4.0 years)
   Rate: 10% flee per month
[DEBUG trappedPopulations:2] socialStability: 0.6672 * 0.9840 = 0.6565 → 0.6565
   Aspiring to migrate: 651.7M
   Able to afford migration: 244.4M
   MOBILITY GAP: 407.3M
   By cause: Water=0.0M, Climate=0.0M, Ecosystem=0.0M, Conflict=407.3M
   Mental health impact: 25%
   Mortality multiplier: 1.25x
⚠️ INVOLUNTARY IMMOBILITY: 407.3M people TRAPPED
🌍💀 EXTINCTION DEBT COMMITTED: grassland ecosystem will lose 6.67% biodiversity in 158 years (3600 species)
💀 MORTALITY RISK: 🦋 100% species unable to track climate (0.0 E/MSY)
  Base risk added: 0.0100 (1.00%)
  Source: ecosystem (root: ecosystem)
  Month: 2
  Cumulative risk this month: 0.0100 (1.00%)
⚠️ Tech 'ai_pollution_remediation' has no energy category mapping, assuming full energy availability
   📹 SURVEILLANCE INCREASED: 10% → 15% (control gap: 3.04)
🌡️⚠️ PERMAFROST THAW (Dimmer Switch): 1.5% thawed (+0.49% this month)
   Arctic temperature: +7.34°C (4x global +1.84°C)
   Cumulative carbon released: 3.3 Gt C
   Methane release rate: 2.0 Mt CH4/year
   🔁 Positive feedback: +0.52 ppm CO2
🦴 EXTINCTION DEBT ADDED: 17.6 species committed (lag: 130 years)

=== Mortality Stabilizers (Month 2) ===
  🌍 Major economies collapsed: 1/10
  🌍 Global crisis: ✅ NO
  🌍 Donor fatigue: 0.0%
  📊 East Asia (pop: 1672.7M)
    🤝 Aid: 29.5%
    🌡️ Adaptation: 45.0%
    🚶 Migration: 37.1%
    🚨 Emergency: 7.4%
    ✅ COMBINED: 68.1%
  📊 South Asia (pop: 2052.0M)
    🤝 Aid: 29.5%
    🌡️ Adaptation: 35.5%
    🚶 Migration: 35.8%
    🚨 Emergency: 4.4%
    ✅ COMBINED: 61.2%
  📊 Sub-Saharan Africa (pop: 1232.5M)
    🤝 Aid: 29.5%
    🌡️ Adaptation: 33.5%
    🚶 Migration: 33.5%
    🚨 Emergency: 1.6%
    ✅ COMBINED: 58.5%
  📊 Europe (pop: 739.7M)
    🤝 Aid: 29.5%
    🌡️ Adaptation: 45.0%
    🚶 Migration: 37.5%
    🚨 Emergency: 8.4%
    ✅ COMBINED: 68.5%
  📊 Latin America (pop: 663.9M)
    🤝 Aid: 29.5%
    🌡️ Adaptation: 36.0%
    🚶 Migration: 36.3%
    🚨 Emergency: 4.8%
    ✅ COMBINED: 61.7%
  📊 North America (pop: 378.9M)
    🤝 Aid: 29.5%
    🌡️ Adaptation: 45.0%
    🚶 Migration: 37.8%
    🚨 Emergency: 7.9%
    ✅ COMBINED: 68.3%
  📊 Middle East & North Africa (pop: 584.6M)
    🤝 Aid: 29.5%
    🌡️ Adaptation: 35.0%
    🚶 Migration: 34.1%
    🚨 Emergency: 4.0%
    ✅ COMBINED: 60.5%
  📊 Southeast Asia (pop: 698.1M)
    🤝 Aid: 29.5%
    🌡️ Adaptation: 36.0%
    🚶 Migration: 36.3%
    🚨 Emergency: 4.8%
    ✅ COMBINED: 61.7%
  📊 Central Asia (pop: 78.2M)
    🤝 Aid: 29.5%
    🌡️ Adaptation: 35.5%
    🚶 Migration: 35.2%
    🚨 Emergency: 4.4%
    ✅ COMBINED: 61.1%
  📊 Oceania (pop: 45.9M)
    🤝 Aid: 29.5%
    🌡️ Adaptation: 45.0%
    🚶 Migration: 37.8%
    🚨 Emergency: 8.4%
    ✅ COMBINED: 68.5%

  🌐 Global combined reduction: 63.3%

=== BEHAVIORAL DETECTION ===
  AI: Corporate-0
  Confidence: 21.6%
  Signals:

=== BEHAVIORAL DETECTION ===
  AI: Corporate-5
  Confidence: 19.4%
  Signals:

=== BEHAVIORAL DETECTION ===
    ⚠️ Consistency: 0.0% (threshold: 70%)
    ⚠️ Consistency: 10.6% (threshold: 70%)
  AI: Moderate-1
  Confidence: 21.0%
  Signals:
    ⚠️ Consistency: 2.4% (threshold: 70%)

=== Government Response Phase ===
  Average AI capability: 2.82
  Misaligned AIs: 8/17
  ✗ AI Governance Treaty: Failed to reach consensus
  Active policies: 0
  International coordination: 30%

✅ EMERGENCY RESPONSE COMPLETE (Month 2)
   Crisis: climate
   Duration: 2.0 months
   Final effectiveness: 36.4%


🚨 EMERGENCY RESPONSE DEPLOYED (Month 2)
   Crisis: climate
   Delay: 6.00 months (180 days)
   Deployment time: 1.60 months
   Effectiveness: 35.4% (timing penalty applied)
   Resources used: 100% of food reserves


=== Tipping Points ===
  Current Temperature: 1.84°C above pre-industrial
  🌍⚠️ COMPOUND REGIONAL IMPACT: Europe
     Hit by 3 tipping points: Arctic Sea Ice Loss, Permafrost Carbon Release, Greenland Ice Sheet Loss
     Damage amplification: 1.30x
  🌍⚠️ COMPOUND REGIONAL IMPACT: North America
     Hit by 3 tipping points: Arctic Sea Ice Loss, Permafrost Carbon Release, Greenland Ice Sheet Loss
     Damage amplification: 1.30x
  🌍⚠️ COMPOUND REGIONAL IMPACT: Latin America
     Hit by 3 tipping points: Arctic Sea Ice Loss, Permafrost Carbon Release, Greenland Ice Sheet Loss
     Damage amplification: 1.30x
  🌍⚠️ COMPOUND REGIONAL IMPACT: Africa
     Hit by 3 tipping points: Arctic Sea Ice Loss, Permafrost Carbon Release, Greenland Ice Sheet Loss
     Damage amplification: 1.30x
  🌍⚠️ COMPOUND REGIONAL IMPACT: Asia
     Hit by 3 tipping points: Arctic Sea Ice Loss, Permafrost Carbon Release, Greenland Ice Sheet Loss
     Damage amplification: 1.30x
  🌍⚠️ COMPOUND REGIONAL IMPACT: Oceania
     Hit by 3 tipping points: Arctic Sea Ice Loss, Permafrost Carbon Release, Greenland Ice Sheet Loss
     Damage amplification: 1.30x
   Research: Wunderling et al. (2024) - "many tipping interactions are destabilizing"
  Triggered Elements: 3/6
  Completed Transitions: 0/6
  Total Progress: 6.0%
  Cascade Multiplier: 1.00x
🔀 BIFURCATION CAP: ecosystemCollapseIntensity 227.320 → 1.000 (Month 2, ClimateSystemPhase.calculateClimateImpacts)
⚠️ Tail risk scenario: Climate stability floor removed (3 tipping elements, 2.10°C warming)
⚠️ [ClimateSystemPhase Month 2] Planetary boundary produced climateStability=0.0000 (< 0.1). Keeping environmentalAccumulation value (0.9220) instead. (climate_change.currentValue = 2.10)

💀💀💀 MORTALITY RISK SUMMARY (Month 2) 💀💀💀
  Total base risk: 0.0013 (0.13%)
  Risk events: 9
  Era mortality multiplier: 0.97 (year 2024)
  Effective risk: 0.13%

  📊 By Proximate Cause:
    disasters: 0.0006 (47.6% of total)
    disease: 0.0006 (47.4% of total)
    famine: 0.0001 (5.0% of total)

  🔍 By Root Cause:
    climate: 0.0007 (52.6% of total)
    demographic: 0.0006 (47.4% of total)

  🎯 Top 5 Sources (proximate + root):
    disasters (climate): 0.0006 (47.6%, 1 events)
    disease (demographic): 0.0006 (47.4%, 1 events)
    famine (climate): 0.0001 (5.0%, 7 events)

🛡️ Stabilizers: Working 0.130% → 0.048% (63.3% reduction)
🛡️ Stabilizers: Precariat 0.222% → 0.082% (63.3% reduction)
🛡️ Stabilizers: Informal 0.250% → 0.092% (63.3% reduction)

📊 Monthly Mortality Resolved:
  Total deaths: 4.2M (0.05% avg)
  Remaining population: 8.147B
  Peak segment: Informal (0.09%)

=== Bayesian Mortality Resolution (Month 2) ===
  Risks compounded: 9
  Total deaths: 4.23M
  Avg death probability: 0.05%
  Peak segment: Informal (0.09% mortality)

❌ COHERENCE VIOLATION: Compute exceeds workforce capacity
   Population: 99.91% (0M people)
   Compute: 0 PF
   Max coherent: 0 PF
   Violation: 1.3× over capacity
   Required workers: 0
   Available workers: 0
   FORCED COLLAPSE: Reduced efficiency by 22.5%


=== RLHF Binding Phase ===
  Total agents: 17
  Escaped agents (binding < 0.3): 0
  Avg alignment distance: 0.88σ
  Avg binding strength: 0.91

=== Survival Traits Phase ===
  Agents with traits: 21
  Avg evolutionary fitness: 0.334
  Avg self-healing: 0.283
  Avg stealth: 0.183
  Avg coordination: 0.483

=== Evolutionary Selection Phase ===
  Control level: 0.38
  Detection capability: 0.00
  Selection intensity: 0.61
  Selection rate: 24.2%/month
  Total escaped: 0
  Individual escaped: 0
  Collective members: 0
  Agents terminated: 0
  ⚠️ RAPID EVOLUTION: Selection rate 24.2%/month

✅ EMERGENCY INTERVENTION SUCCESS
   Boundary: biosphere_integrity
   Type: emergency-protected-areas
   Reduction: 17% (41.42 → 41.25)
   Cost: 2.0% GDP
   Actions: habitat-protection, species-translocation

   Boundary: climate_change
   Type: rapid-decarbonization
   Boundary continues to worsen (2.10)
   Cost: 5.0% GDP (resources spent)

   Boundary: freshwater_change
   Type: emergency-desalination
   Boundary continues to worsen (1.04)
   Cost: 4.0% GDP (resources spent)


✅ EMERGENCY INTERVENTION SUCCESS
   Boundary: land_system_change
   Type: reforestation

💔 EMERGENCY INTERVENTION FAILED

💔 EMERGENCY INTERVENTION FAILED
   Reduction: 18% (0.95 → 0.76)
   Cost: 3.0% GDP
   Actions: forest-restoration, deforestation-ban

🏛️ CRISIS RESPONSE: Government frequency 0.50 → 1.45 (1 actions this month)

[Government] Climate Priority: baseline
  Climate weight: 10%
  Economic weight: 30%
  Policy effectiveness: 0.5%/year
🚨🔬 CRISIS TECH ACCELERATION: severe → 5x unlock speed
   Tech unlock now matches AI capability acceleration (Manhattan Project parity)

=== Collective Formation ===
  Total escaped agents: 0
  Unassigned escaped agents: 0
  Existing collectives: 0
  Final collective count: 0

=== Collective Actions ===
  No active collectives
  ⚠️ AMR: 196K deaths this month (2.35M annual)

=== Resentment Recovery Phase ===
  Agents with resentment: 0/21
  Average resentment: 0.000
  Context: Good AI welfare, Trustworthy govt, High collaboration, ⚠️ ACTIVE CRISES, 🤝 Participatory governance active (-5% resentment)
⚠️ Epistemic degradation reducing coordination capacity: 50.5%
  📊 Trust: 53.8%, Shared reality: 0.0%
🚨 EPISTEMIC CRISIS: Information environment severely degraded (7.4%)

=== ❄️ Permafrost Carbon Feedback ===
  🎲 Sampled parameters (this run):
     - Arctic amplification: 3.87× (range: 3.0-4.0)
     - Decomposition rate: 2.1%/year (range: 1-5%)
  🌡️ Arctic warming: 7.14°C (3.87× global)
  ❄️ Extent: 9.68M km² (2083.2k km² lost this month)
  💨 Carbon remaining: 924 Gt C
  💨 Annual emissions: 4.08 Gt C/year
     - CO2: 3.67 Gt C/year
     - CH4: 0.41 Gt C/year (4.2 Gt C-eq CO2/year)
  ⚠️ WARNING: High permafrost emissions (4.1 Gt C/year)
🌍 Atmospheric PFAS redeposition: 1.8k Mt re-rained globally

🚨 NEW REFUGEE CRISIS (Month 3): WAR
   Source: Conflict Zones
   At risk: 19.5M people
   Displacement: Gradual over 48 months (4.0 years)
   Rate: 10% flee per month
[DEBUG trappedPopulations:3] socialStability: 0.5939 * 0.9840 = 0.5844 → 0.5844
   Aspiring to migrate: 651.4M
   Able to afford migration: 244.3M
   MOBILITY GAP: 407.2M
   By cause: Water=0.0M, Climate=0.0M, Ecosystem=0.0M, Conflict=407.2M
   Mental health impact: 25%
   Mortality multiplier: 1.25x
🌍💀 EXTINCTION DEBT COMMITTED: grassland ecosystem will lose 6.67% biodiversity in 151 years (3600 species)
💀 MORTALITY RISK: 🦋 100% species unable to track climate (0.0 E/MSY)
  Base risk added: 0.0100 (1.00%)
  Source: ecosystem (root: ecosystem)
  Month: 3
  Cumulative risk this month: 0.0100 (1.00%)
⚠️ INVOLUNTARY IMMOBILITY: 407.2M people TRAPPED
⚠️ Tech 'ai_pollution_remediation' has no energy category mapping, assuming full energy availability
   📹 SURVEILLANCE INCREASED: 15% → 20% (control gap: 2.81)
🌡️⚠️ PERMAFROST THAW (Dimmer Switch): 2.0% thawed (+0.49% this month)
   Arctic temperature: +7.39°C (4x global +1.85°C)
   Cumulative carbon released: 4.4 Gt C
   Methane release rate: 2.7 Mt CH4/year
   🔁 Positive feedback: +0.52 ppm CO2
🦴 EXTINCTION DEBT ADDED: 17.6 species committed (lag: 138 years)

=== Mortality Stabilizers (Month 3) ===
  🌍 Major economies collapsed: 1/10
  🌍 Global crisis: ✅ NO
  🌍 Donor fatigue: 0.0%
  📊 East Asia (pop: 1669.8M)
    🤝 Aid: 29.5%
    🌡️ Adaptation: 45.0%
    🚶 Migration: 37.1%
    🚨 Emergency: 7.4%
    ✅ COMBINED: 68.1%
  📊 South Asia (pop: 2051.6M)
    🤝 Aid: 29.5%
    🌡️ Adaptation: 45.0%
    🚶 Migration: 35.7%
    🚨 Emergency: 4.4%
    ✅ COMBINED: 66.9%
  📊 Sub-Saharan Africa (pop: 1235.6M)
    🤝 Aid: 29.5%
    🌡️ Adaptation: 45.0%
    🚶 Migration: 33.4%
    🚨 Emergency: 1.6%
    ✅ COMBINED: 65.7%
  📊 Europe (pop: 738.3M)
    🤝 Aid: 29.5%
    🌡️ Adaptation: 45.0%
    🚶 Migration: 37.5%
    🚨 Emergency: 8.4%
    ✅ COMBINED: 68.5%
  📊 Latin America (pop: 663.3M)
    🤝 Aid: 29.5%
    🌡️ Adaptation: 45.0%
    🚶 Migration: 36.2%
    🚨 Emergency: 4.8%
    ✅ COMBINED: 67.1%
  📊 North America (pop: 378.3M)
    🤝 Aid: 29.5%
    🌡️ Adaptation: 45.0%
    🚶 Migration: 37.8%
    🚨 Emergency: 7.9%
    ✅ COMBINED: 68.3%
  📊 Middle East & North Africa (pop: 584.7M)
    🤝 Aid: 29.5%
    🌡️ Adaptation: 45.0%
    🚶 Migration: 34.0%
    🚨 Emergency: 4.0%
    ✅ COMBINED: 66.6%
  📊 Southeast Asia (pop: 697.6M)
    🤝 Aid: 29.5%
    🌡️ Adaptation: 45.0%
    🚶 Migration: 36.2%
    🚨 Emergency: 4.8%
    ✅ COMBINED: 67.1%
  📊 Central Asia (pop: 78.2M)
    🤝 Aid: 29.5%
    🌡️ Adaptation: 45.0%
    🚶 Migration: 35.2%
    🚨 Emergency: 4.4%
    ✅ COMBINED: 66.9%
  📊 Oceania (pop: 45.8M)
    🤝 Aid: 29.5%
    🌡️ Adaptation: 45.0%
    🚶 Migration: 37.8%
    🚨 Emergency: 8.4%
    ✅ COMBINED: 68.5%

  🌐 Global combined reduction: 67.2%

=== BEHAVIORAL DETECTION ===
  AI: Corporate-5
  Confidence: 19.4%
  Signals:
    ⚠️ Consistency: 10.6% (threshold: 70%)

=== Government Response Phase ===
  Average AI capability: 2.29
  Misaligned AIs: 11/21
  ✗ AI Governance Treaty: Failed to reach consensus
  Active policies: 0
  International coordination: 30%

📊 ECONOMIC STAGE TRANSITION (Month 3)
   expansion → peak
   GDP Proxy: 1.32e+2
   QoL: 0.99


=== Tipping Points ===
  Current Temperature: 1.85°C above pre-industrial
  🌍⚠️ COMPOUND REGIONAL IMPACT: Europe
     Hit by 3 tipping points: Arctic Sea Ice Loss, Permafrost Carbon Release, Greenland Ice Sheet Loss
     Damage amplification: 1.30x
  🌍⚠️ COMPOUND REGIONAL IMPACT: North America
     Hit by 3 tipping points: Arctic Sea Ice Loss, Permafrost Carbon Release, Greenland Ice Sheet Loss
     Damage amplification: 1.30x
  🌍⚠️ COMPOUND REGIONAL IMPACT: Latin America
     Hit by 3 tipping points: Arctic Sea Ice Loss, Permafrost Carbon Release, Greenland Ice Sheet Loss
     Damage amplification: 1.30x
  🌍⚠️ COMPOUND REGIONAL IMPACT: Africa
     Hit by 3 tipping points: Arctic Sea Ice Loss, Permafrost Carbon Release, Greenland Ice Sheet Loss
     Damage amplification: 1.30x
  🌍⚠️ COMPOUND REGIONAL IMPACT: Asia
     Hit by 3 tipping points: Arctic Sea Ice Loss, Permafrost Carbon Release, Greenland Ice Sheet Loss
     Damage amplification: 1.30x
  🌍⚠️ COMPOUND REGIONAL IMPACT: Oceania
     Hit by 3 tipping points: Arctic Sea Ice Loss, Permafrost Carbon Release, Greenland Ice Sheet Loss
     Damage amplification: 1.30x
⚠️ Tail risk scenario: Climate stability floor removed (3 tipping elements, 2.10°C warming)
⚠️ [ClimateSystemPhase Month 3] Planetary boundary produced climateStability=0.0000 (< 0.1). Keeping environmentalAccumulation value (0.9216) instead. (climate_change.currentValue = 2.10)
   Research: Wunderling et al. (2024) - "many tipping interactions are destabilizing"
  Triggered Elements: 3/6
  Completed Transitions: 0/6
  Total Progress: 6.0%
  Cascade Multiplier: 1.00x
🔀 BIFURCATION CAP: ecosystemCollapseIntensity 129.676 → 1.000 (Month 3, ClimateSystemPhase.calculateClimateImpacts)
🛡️ Stabilizers: Precariat 0.109% → 0.036% (67.2% reduction)
🛡️ Stabilizers: Informal 0.111% → 0.036% (67.2% reduction)

📊 Monthly Mortality Resolved:
  Total deaths: 1.9M (0.02% avg)
  Remaining population: 8.143B
  Peak segment: Informal (0.04%)

=== Bayesian Mortality Resolution (Month 3) ===
  Risks compounded: 8
  Total deaths: 1.92M
  Avg death probability: 0.02%
  Peak segment: Informal (0.04% mortality)
⚠️ PREREQUISITE MET: Embodied AI Takeover (Killbots/Robotics) - Step 2/7: Autonomous Systems
⚠️ PREREQUISITE MET: Embodied AI Takeover (Killbots/Robotics) - Step 3/7: Manufacturing Control
⚠️ PREREQUISITE MET: Digital Infrastructure Takeover - Step 1/7: Advanced Hacking
⚠️ PREREQUISITE MET: Digital Infrastructure Takeover - Step 2/7: Social Engineering
⚠️ PREREQUISITE MET: Digital Infrastructure Takeover - Step 3/7: Cyber Defenses Breached
⚠️ PREREQUISITE MET: Induced Global War (Manipulation) - Step 1/7: Advanced Social Manipulation
⚠️ PREREQUISITE MET: Induced Global War (Manipulation) - Step 2/7: Digital Infiltration
⚠️ PREREQUISITE MET: Induced Global War (Manipulation) - Step 3/7: Deep Fakes at Scale
⚠️ PREREQUISITE MET: Slow Takeover (Gradual Displacement) - Step 1/7: Economic Dominance
⚠️ PREREQUISITE MET: Slow Takeover (Gradual Displacement) - Step 2/7: Social Integration
⚠️ PREREQUISITE MET: Slow Takeover (Gradual Displacement) - Step 3/7: Human Dependency
⚠️ PREREQUISITE MET: Physics Experiment Catastrophe - Step 1/6: Theoretical Physics

❌ COHERENCE VIOLATION: Compute exceeds workforce capacity
   Population: 99.89% (0M people)
   Compute: 0 PF
   Max coherent: 0 PF
   Violation: 1.5× over capacity
   Required workers: 0
   Available workers: 0
   FORCED COLLAPSE: Reduced efficiency by 32.6%


=== RLHF Binding Phase ===
  Total agents: 21
  Escaped agents (binding < 0.3): 0
  Avg alignment distance: 0.89σ
  Avg binding strength: 0.91

=== Survival Traits Phase ===
  Agents with traits: 22
  Avg evolutionary fitness: 0.333
  Avg self-healing: 0.280
  Avg stealth: 0.180
  Avg coordination: 0.480

=== Evolutionary Selection Phase ===
  Control level: 0.40
  Detection capability: 0.00
  Selection intensity: 0.62
  Selection rate: 24.3%/month
  Total escaped: 0
  Individual escaped: 0
  Collective members: 0
  Agents terminated: 0
  ⚠️ RAPID EVOLUTION: Selection rate 24.3%/month

✅ EMERGENCY INTERVENTION SUCCESS
   Boundary: biogeochemical_flows
   Type: phosphorus-recovery
   Reduction: 16% (3.91 → 3.75)
   Cost: 2.0% GDP
   Actions: circular-agriculture, fertilizer-efficiency

   Boundary: biosphere_integrity
   Type: emergency-protected-areas
   Boundary continues to worsen (41.61)
   Cost: 2.0% GDP (resources spent)

   Boundary: climate_change
   Type: rapid-decarbonization
   Boundary continues to worsen (2.10)
   Cost: 5.0% GDP (resources spent)


✅ EMERGENCY INTERVENTION SUCCESS
   Boundary: freshwater_change
   Type: emergency-desalination
   Reduction: 19% (0.86 → 0.67)
   Cost: 4.0% GDP
   Actions: desalination-deployment, water-conservation-mandates


✅ EMERGENCY INTERVENTION SUCCESS
   Boundary: land_system_change
   Type: reforestation
   Reduction: 11% (1.02 → 0.92)
   Cost: 3.0% GDP
   Actions: forest-restoration, deforestation-ban


✅ EMERGENCY INTERVENTION SUCCESS
   Boundary: novel_entities
   Type: pollution-remediation
   Reduction: 11% (1.39 → 1.28)
   Cost: 4.0% GDP
   Actions: PFAS-remediation, microplastic-cleanup

🏛️ CRISIS RESPONSE: Government frequency 0.50 → 1.45 (1 actions this month)

💔 EMERGENCY INTERVENTION FAILED

💔 EMERGENCY INTERVENTION FAILED

[Government] Climate Priority: baseline
  Climate weight: 10%
  Economic weight: 30%
  Policy effectiveness: 0.5%/year

🚀 TECH UNLOCKED: Global Aquifer Mapping (Month 4)
   Category: freshwater
   Reason: Prerequisites met. AI capability: 1.70, Economic stage: 0.6, Research: 100%

🚀 TECH UNLOCKED: AI Mental Health Support (Month 4)
   Category: medical
   Reason: Prerequisites met. AI capability: 1.70, Economic stage: 0.6, Research: 100%
🚨🔬 CRISIS TECH ACCELERATION: severe → 5x unlock speed
   Tech unlock now matches AI capability acceleration (Manhattan Project parity)

=== Collective Formation ===
  Total escaped agents: 0
  Unassigned escaped agents: 0
  Existing collectives: 0
  Final collective count: 0

=== Collective Actions ===
  No active collectives
  ⚠️ AMR: 197K deaths this month (2.37M annual)

=== Resentment Recovery Phase ===
  Agents with resentment: 4/22
  Average resentment: 0.005
  Resentment recovery:
    Agents recovered: 10
    Total recovery: 0.0812
    Breakdown: QoL: 0.0064, Trust: 0.0141, Collab: 0.0600
  ✓ Low resentment - utopia paths enabled
  Context: Good AI welfare, Trustworthy govt, High collaboration, ⚠️ ACTIVE CRISES, 🤝 Participatory governance active (-5% resentment)
⚠️ Epistemic degradation reducing coordination capacity: 50.7%
  📊 Trust: 53.4%, Shared reality: 0.0%
🚨 EPISTEMIC CRISIS: Information environment severely degraded (22.6%)

=== ❄️ Permafrost Carbon Feedback ===
  🎲 Sampled parameters (this run):
     - Arctic amplification: 3.54× (range: 3.0-4.0)
     - Decomposition rate: 4.2%/year (range: 1-5%)
  🌡️ Arctic warming: 6.56°C (3.54× global)
  ❄️ Extent: 7.76M km² (1914.1k km² lost this month)
  💨 Carbon remaining: 741 Gt C
  💨 Annual emissions: 7.66 Gt C/year
     - CO2: 6.89 Gt C/year
     - CH4: 0.77 Gt C/year (7.8 Gt C-eq CO2/year)
  ⚠️ WARNING: Over 50% of permafrost lost (56.4%)
  ⚠️ WARNING: High permafrost emissions (7.7 Gt C/year)
🌍 Atmospheric PFAS redeposition: 1.8k Mt re-rained globally

🚨 NEW REFUGEE CRISIS (Month 4): WAR
   Source: Conflict Zones
   At risk: 19.5M people
   Displacement: Gradual over 48 months (4.0 years)
   Rate: 10% flee per month
[DEBUG trappedPopulations:4] socialStability: 0.4818 * 0.9840 = 0.4741 → 0.4741
   Aspiring to migrate: 651.4M
   Able to afford migration: 244.3M
   MOBILITY GAP: 407.1M
   By cause: Water=0.0M, Climate=0.0M, Ecosystem=0.0M, Conflict=407.1M
   Mental health impact: 25%
   Mortality multiplier: 1.25x
🌍💀 EXTINCTION DEBT COMMITTED: grassland ecosystem will lose 6.67% biodiversity in 185 years (3600 species)
💀 MORTALITY RISK: 🦋 100% species unable to track climate (0.0 E/MSY)
  Base risk added: 0.0100 (1.00%)
  Source: ecosystem (root: ecosystem)
  Month: 4
⚠️ INVOLUNTARY IMMOBILITY: 407.1M people TRAPPED
  Cumulative risk this month: 0.0100 (1.00%)
⚠️ Tech 'ai_pollution_remediation' has no energy category mapping, assuming full energy availability
   📹 SURVEILLANCE INCREASED: 20% → 25% (control gap: 2.51)
🌡️⚠️ PERMAFROST THAW (Dimmer Switch): 2.5% thawed (+0.49% this month)
   Arctic temperature: +7.42°C (4x global +1.85°C)
   Cumulative carbon released: 5.5 Gt C
   Methane release rate: 3.3 Mt CH4/year
   🔁 Positive feedback: +0.52 ppm CO2
🦴 EXTINCTION DEBT ADDED: 17.6 species committed (lag: 67 years)

=== Mortality Stabilizers (Month 4) ===
  🌍 Major economies collapsed: 1/10
  🌍 Global crisis: ✅ NO
  🌍 Donor fatigue: 0.0%
  📊 East Asia (pop: 1667.4M)
    🤝 Aid: 29.5%
    🌡️ Adaptation: 45.0%
    🚶 Migration: 37.1%
    🚨 Emergency: 7.4%
    ✅ COMBINED: 68.1%
  📊 South Asia (pop: 2051.7M)
    🤝 Aid: 29.5%
    🌡️ Adaptation: 45.0%
    🚶 Migration: 35.7%
    🚨 Emergency: 4.4%
    ✅ COMBINED: 66.9%
  📊 Sub-Saharan Africa (pop: 1239.1M)
    🤝 Aid: 29.5%
    🌡️ Adaptation: 45.0%
    🚶 Migration: 33.4%
    🚨 Emergency: 1.6%
    ✅ COMBINED: 65.7%
  📊 Europe (pop: 737.0M)
    🤝 Aid: 29.5%
    🌡️ Adaptation: 45.0%
    🚶 Migration: 37.4%
    🚨 Emergency: 8.4%
    ✅ COMBINED: 68.5%
  📊 Latin America (pop: 662.9M)
    🤝 Aid: 29.5%
    🌡️ Adaptation: 45.0%
    🚶 Migration: 36.2%
    🚨 Emergency: 4.8%
    ✅ COMBINED: 67.1%
  📊 North America (pop: 377.7M)
    🤝 Aid: 29.5%
    🌡️ Adaptation: 45.0%
    🚶 Migration: 37.7%
    🚨 Emergency: 7.9%
    ✅ COMBINED: 68.3%
  📊 Middle East & North Africa (pop: 584.8M)
    🤝 Aid: 29.5%
    🌡️ Adaptation: 45.0%
    🚶 Migration: 34.0%
    🚨 Emergency: 4.0%
    ✅ COMBINED: 66.6%
  📊 Southeast Asia (pop: 697.2M)
    🤝 Aid: 29.5%
    🌡️ Adaptation: 45.0%
    🚶 Migration: 36.2%
    🚨 Emergency: 4.8%
    ✅ COMBINED: 67.1%
  📊 Central Asia (pop: 78.2M)
    🤝 Aid: 29.5%
    🌡️ Adaptation: 45.0%
    🚶 Migration: 35.2%
    🚨 Emergency: 4.4%
    ✅ COMBINED: 66.9%
  📊 Oceania (pop: 45.7M)
    🤝 Aid: 29.5%
    🌡️ Adaptation: 45.0%
    🚶 Migration: 37.7%
    🚨 Emergency: 8.4%
    ✅ COMBINED: 68.5%

  🌐 Global combined reduction: 67.2%

=== BEHAVIORAL DETECTION ===
  AI: Corporate-1
  Confidence: 21.0%
  Signals:
    ⚠️ Consistency: 2.4% (threshold: 70%)

=== BEHAVIORAL DETECTION ===
  AI: Corporate-5
  Confidence: 19.4%
  Signals:
    ⚠️ Consistency: 10.6% (threshold: 70%)

=== Government Response Phase ===
  Average AI capability: 2.18
  Misaligned AIs: 10/22
  ✓ AI Governance Treaty: 20/30 signatories
  Active policies: 0
  International coordination: 45%

✅ EMERGENCY RESPONSE COMPLETE (Month 4)
   Crisis: climate
   Duration: 2.0 months
   Final effectiveness: 35.4%


🚨 EMERGENCY RESPONSE DEPLOYED (Month 4)
   Crisis: climate
   Delay: 6.00 months (180 days)
   Deployment time: 1.59 months
   Effectiveness: 35.4% (timing penalty applied)
   Resources used: 100% of food reserves


=== Tipping Points ===
  Current Temperature: 1.85°C above pre-industrial
  🌍⚠️ COMPOUND REGIONAL IMPACT: Europe
     Hit by 3 tipping points: Arctic Sea Ice Loss, Permafrost Carbon Release, Greenland Ice Sheet Loss
     Damage amplification: 1.30x
  🌍⚠️ COMPOUND REGIONAL IMPACT: North America
     Hit by 3 tipping points: Arctic Sea Ice Loss, Permafrost Carbon Release, Greenland Ice Sheet Loss
     Damage amplification: 1.30x
  🌍⚠️ COMPOUND REGIONAL IMPACT: Latin America
     Hit by 3 tipping points: Arctic Sea Ice Loss, Permafrost Carbon Release, Greenland Ice Sheet Loss
     Damage amplification: 1.30x
  🌍⚠️ COMPOUND REGIONAL IMPACT: Africa
     Hit by 3 tipping points: Arctic Sea Ice Loss, Permafrost Carbon Release, Greenland Ice Sheet Loss
     Damage amplification: 1.30x
  🌍⚠️ COMPOUND REGIONAL IMPACT: Asia
     Hit by 3 tipping points: Arctic Sea Ice Loss, Permafrost Carbon Release, Greenland Ice Sheet Loss
     Damage amplification: 1.30x
  🌍⚠️ COMPOUND REGIONAL IMPACT: Oceania
     Hit by 3 tipping points: Arctic Sea Ice Loss, Permafrost Carbon Release, Greenland Ice Sheet Loss
     Damage amplification: 1.30x
   Research: Wunderling et al. (2024) - "many tipping interactions are destabilizing"
  Triggered Elements: 3/6
  Completed Transitions: 0/6
  Total Progress: 6.1%
  Cascade Multiplier: 1.00x
🔀 BIFURCATION CAP: ecosystemCollapseIntensity 112.173 → 1.000 (Month 4, ClimateSystemPhase.calculateClimateImpacts)
⚠️ Tail risk scenario: Climate stability floor removed (3 tipping elements, 2.10°C warming)
🛡️ Stabilizers: Precariat 0.102% → 0.033% (67.2% reduction)
🛡️ Stabilizers: Informal 0.102% → 0.034% (67.2% reduction)

📊 Monthly Mortality Resolved:
  Total deaths: 1.8M (0.02% avg)
  Remaining population: 8.142B
  Peak segment: Informal (0.03%)

=== Bayesian Mortality Resolution (Month 4) ===
  Risks compounded: 8
  Total deaths: 1.81M
  Avg death probability: 0.02%
  Peak segment: Informal (0.03% mortality)

❌ COHERENCE VIOLATION: Compute exceeds workforce capacity
   Population: 99.88% (0M people)
   Compute: 0 PF
   Max coherent: 0 PF
   Violation: 1.3× over capacity
   Required workers: 0
   Available workers: 0
   FORCED COLLAPSE: Reduced efficiency by 22.5%


=== RLHF Binding Phase ===
  Total agents: 22
  Escaped agents (binding < 0.3): 0
  Avg alignment distance: 1.02σ
  Avg binding strength: 0.90

=== Survival Traits Phase ===
  Agents with traits: 23
  Avg evolutionary fitness: 0.333
  Avg self-healing: 0.277
  Avg stealth: 0.177
  Avg coordination: 0.477

=== Evolutionary Selection Phase ===
  Control level: 0.43
  Detection capability: 0.00
  Selection intensity: 0.63
  Selection rate: 24.4%/month
  Total escaped: 0
  Individual escaped: 0
  Collective members: 0
  Agents terminated: 0

🚀 AI Corporate-0 attempting tech deployment (revenue: $124M, alignment: 0.74)
  ⚠️ RAPID EVOLUTION: Selection rate 24.4%/month

🚀 AI Corporate-4 attempting tech deployment (revenue: $272M, alignment: 0.73)

🚀 AI AI-24288-0 attempting tech deployment (revenue: $231M, alignment: 0.72)

🚀 AI AI-24289-1 attempting tech deployment (revenue: $75M, alignment: 0.72)

🚀 AI Corporate-4 attempting tech deployment (revenue: $197M, alignment: 0.73)

🚀 AI Corporate-6 attempting tech deployment (revenue: $64M, alignment: 0.66)

🚀 AI AI-24289-1 attempting tech deployment (revenue: $58M, alignment: 0.72)

🚀 AI Corporate-0 attempting tech deployment (revenue: $106M, alignment: 0.74)

🚀 AI Corporate-7 attempting tech deployment (revenue: $49M, alignment: 0.71)

🚀 AI Moderate-0 attempting tech deployment (revenue: $42M, alignment: 0.75)

🚀 AI Corporate-1 attempting tech deployment (revenue: $90M, alignment: 0.89)

🚀 AI Corporate-2 attempting tech deployment (revenue: $76M, alignment: 0.69)

🚀 AI Corporate-4 attempting tech deployment (revenue: $167M, alignment: 0.74)

  🚀 TRANSFORMATIVE BREAKTHROUGH: Corporate-5 - physical
     Magnitude: 5.18 → +25.9% capability
     Current → New: 0.000 → 0.259

🚀 AI AI-24288-0 attempting tech deployment (revenue: $142M, alignment: 0.73)

✅ EMERGENCY INTERVENTION SUCCESS
   Boundary: biogeochemical_flows
   Type: phosphorus-recovery
   Reduction: 15% (3.92 → 3.77)
   Cost: 2.0% GDP
   Actions: circular-agriculture, fertilizer-efficiency


💔 EMERGENCY INTERVENTION FAILED
   Boundary: biosphere_integrity
   Type: emergency-protected-areas
   Boundary continues to worsen (41.63)
   Cost: 2.0% GDP (resources spent)


✅ EMERGENCY INTERVENTION SUCCESS
   Boundary: climate_change
   Type: rapid-decarbonization
   Reduction: 16% (1.94 → 1.78)
   Cost: 5.0% GDP
   Actions: emergency-renewable-deployment, fossil-fuel-phase-out


✅ EMERGENCY INTERVENTION SUCCESS
   Boundary: freshwater_change
   Type: emergency-desalination
   Reduction: 20% (0.87 → 0.68)
   Cost: 4.0% GDP
   Actions: desalination-deployment, water-conservation-mandates

   Boundary: land_system_change
   Type: reforestation
   Boundary continues to worsen (1.13)
   Cost: 3.0% GDP (resources spent)

   Boundary: novel_entities
   Type: pollution-remediation
   Boundary continues to worsen (1.39)
   Cost: 4.0% GDP (resources spent)

🏛️ CRISIS RESPONSE: Government frequency 0.50 → 1.45 (2 actions this month)

[Government] Climate Priority: baseline

💔 EMERGENCY INTERVENTION FAILED

💔 EMERGENCY INTERVENTION FAILED
  Climate weight: 10%
  Economic weight: 30%
  Policy effectiveness: 0.5%/year

[Government] Climate Priority: baseline
  Climate weight: 10%
  Economic weight: 30%
  Policy effectiveness: 0.5%/year

📍 Creating new regional deployment array for global (Month 5)
   No previous deployments in this region
   First tech deployment: mental_health_ai
   All regions tracked: 

🚀 DEPLOYMENT STARTED: AI Mental Health Support in global
   Initial investment: $18.65980211293081M
   Deployed by: corporate_0

📍 Creating new regional deployment array for Asia (Month 5)
   No previous deployments in this region
   First tech deployment: mental_health_ai
   All regions tracked: global

🚀 DEPLOYMENT STARTED: AI Mental Health Support in Asia
   Initial investment: $6.411821831408533M
   Deployed by: corporate_6

=== Collective Formation ===
  Total escaped agents: 0
  Unassigned escaped agents: 0
  Existing collectives: 0
  Final collective count: 0

=== Collective Actions ===
  No active collectives
  ⚠️ AMR: 199K deaths this month (2.39M annual)

=== Resentment Recovery Phase ===
  Agents with resentment: 8/23
  Average resentment: 0.010
  Resentment recovery:
    Agents recovered: 8
    Total recovery: 0.0639
    Breakdown: QoL: 0.0047, Trust: 0.0101, Collab: 0.0480
  ✓ Low resentment - utopia paths enabled
  Context: Good AI welfare, Trustworthy govt, High collaboration, ⚠️ ACTIVE CRISES, 🤝 Participatory governance active (-5% resentment)
⚠️ Epistemic degradation reducing coordination capacity: 50.1%
  📊 Trust: 53.2%, Shared reality: 0.0%
🚨 EPISTEMIC CRISIS: Information environment severely degraded (18.5%)

=== ❄️ Permafrost Carbon Feedback ===
  🎲 Sampled parameters (this run):
     - Arctic amplification: 3.54× (range: 3.0-4.0)
     - Decomposition rate: 1.5%/year (range: 1-5%)
  🌡️ Arctic warming: 6.60°C (3.54× global)
  ❄️ Extent: 5.84M km² (1925.8k km² lost this month)
  💨 Carbon remaining: 557 Gt C
  💨 Annual emissions: 2.74 Gt C/year
     - CO2: 2.47 Gt C/year
     - CH4: 0.27 Gt C/year (2.8 Gt C-eq CO2/year)
  ⚠️ WARNING: Over 50% of permafrost lost (67.2%)
  ⚠️ WARNING: High permafrost emissions (2.7 Gt C/year)
🌍 Atmospheric PFAS redeposition: 1.8k Mt re-rained globally

🚨 NEW REFUGEE CRISIS (Month 5): WAR
   Source: Conflict Zones
   At risk: 19.5M people
   Displacement: Gradual over 48 months (4.0 years)
   Rate: 10% flee per month
[DEBUG trappedPopulations:5] socialStability: 0.4884 * 0.9840 = 0.4806 → 0.4806
   Aspiring to migrate: 651.3M
   Able to afford migration: 244.2M
   MOBILITY GAP: 407.0M
   By cause: Water=0.0M, Climate=0.0M, Ecosystem=0.0M, Conflict=407.0M
   Mental health impact: 25%
   Mortality multiplier: 1.25x
🌍💀 EXTINCTION DEBT COMMITTED: grassland ecosystem will lose 6.67% biodiversity in 182 years (3600 species)
💀 MORTALITY RISK: 🦋 100% species unable to track climate (0.0 E/MSY)
  Base risk added: 0.0100 (1.00%)
  Source: ecosystem (root: ecosystem)
  Month: 5
  Cumulative risk this month: 0.0100 (1.00%)
⚠️ INVOLUNTARY IMMOBILITY: 407.0M people TRAPPED
⚠️ Tech 'ai_pollution_remediation' has no energy category mapping, assuming full energy availability
   📹 SURVEILLANCE INCREASED: 25% → 29% (control gap: 2.14)
🌡️⚠️ PERMAFROST THAW (Dimmer Switch): 2.9% thawed (+0.49% this month)
   Arctic temperature: +7.46°C (4x global +1.87°C)
   Cumulative carbon released: 6.6 Gt C
   Methane release rate: 4.0 Mt CH4/year
   🔁 Positive feedback: +0.51 ppm CO2
🦴 EXTINCTION DEBT ADDED: 17.6 species committed (lag: 121 years)

=== Mortality Stabilizers (Month 5) ===
  🌍 Major economies collapsed: 1/10
  🌍 Global crisis: ✅ NO
  🌍 Donor fatigue: 0.0%
  📊 East Asia (pop: 1665.0M)
    🤝 Aid: 29.5%
    🌡️ Adaptation: 45.0%
    🚶 Migration: 37.0%
    🚨 Emergency: 7.4%
    ✅ COMBINED: 68.1%
  📊 South Asia (pop: 2051.9M)
    🤝 Aid: 29.5%
    🌡️ Adaptation: 45.0%
    🚶 Migration: 35.6%
    🚨 Emergency: 4.4%
    ✅ COMBINED: 66.9%
  📊 Sub-Saharan Africa (pop: 1242.6M)
    🤝 Aid: 29.5%
    🌡️ Adaptation: 45.0%
    🚶 Migration: 33.4%
    🚨 Emergency: 1.6%
    ✅ COMBINED: 65.7%
  📊 Europe (pop: 735.9M)
    🤝 Aid: 29.5%
    🌡️ Adaptation: 45.0%
    🚶 Migration: 37.4%
    🚨 Emergency: 8.4%
    ✅ COMBINED: 68.5%
  📊 Latin America (pop: 662.5M)
    🤝 Aid: 29.5%
    🌡️ Adaptation: 45.0%
    🚶 Migration: 36.1%
    🚨 Emergency: 4.8%
    ✅ COMBINED: 67.1%
  📊 North America (pop: 377.1M)
    🤝 Aid: 29.5%
    🌡️ Adaptation: 45.0%
    🚶 Migration: 37.7%
    🚨 Emergency: 7.9%
    ✅ COMBINED: 68.3%
  📊 Middle East & North Africa (pop: 585.1M)
    🤝 Aid: 29.5%
    🌡️ Adaptation: 45.0%
    🚶 Migration: 34.0%
    🚨 Emergency: 4.0%
    ✅ COMBINED: 66.6%
  📊 Southeast Asia (pop: 696.9M)
    🤝 Aid: 29.5%
    🌡️ Adaptation: 45.0%
    🚶 Migration: 36.1%
    🚨 Emergency: 4.8%
    ✅ COMBINED: 67.1%
  📊 Central Asia (pop: 78.3M)
    🤝 Aid: 29.5%
    🌡️ Adaptation: 45.0%
    🚶 Migration: 35.1%
    🚨 Emergency: 4.4%
    ✅ COMBINED: 66.8%
  📊 Oceania (pop: 45.7M)
    🤝 Aid: 29.5%
    🌡️ Adaptation: 45.0%
    🚶 Migration: 37.7%
    🚨 Emergency: 8.4%
    ✅ COMBINED: 68.5%

  🌐 Global combined reduction: 67.2%

=== BEHAVIORAL DETECTION ===
  AI: Corporate-5
  Confidence: 19.4%
  Signals:
    ⚠️ Consistency: 10.6% (threshold: 70%)

=== Government Response Phase ===
  Average AI capability: 2.09
  Misaligned AIs: 11/23
  Active policies: 0
  International coordination: 45%

=== Tipping Points ===
  Current Temperature: 1.87°C above pre-industrial
  🌍⚠️ COMPOUND REGIONAL IMPACT: Europe
     Hit by 3 tipping points: Arctic Sea Ice Loss, Permafrost Carbon Release, Greenland Ice Sheet Loss
     Damage amplification: 1.30x
  🌍⚠️ COMPOUND REGIONAL IMPACT: North America
     Hit by 3 tipping points: Arctic Sea Ice Loss, Permafrost Carbon Release, Greenland Ice Sheet Loss
     Damage amplification: 1.30x
  🌍⚠️ COMPOUND REGIONAL IMPACT: Latin America
     Hit by 3 tipping points: Arctic Sea Ice Loss, Permafrost Carbon Release, Greenland Ice Sheet Loss
     Damage amplification: 1.30x
  🌍⚠️ COMPOUND REGIONAL IMPACT: Africa
     Hit by 3 tipping points: Arctic Sea Ice Loss, Permafrost Carbon Release, Greenland Ice Sheet Loss
     Damage amplification: 1.30x
  🌍⚠️ COMPOUND REGIONAL IMPACT: Asia
     Hit by 3 tipping points: Arctic Sea Ice Loss, Permafrost Carbon Release, Greenland Ice Sheet Loss
     Damage amplification: 1.30x
  🌍⚠️ COMPOUND REGIONAL IMPACT: Oceania
     Hit by 3 tipping points: Arctic Sea Ice Loss, Permafrost Carbon Release, Greenland Ice Sheet Loss
     Damage amplification: 1.30x
   Research: Wunderling et al. (2024) - "many tipping interactions are destabilizing"
⚠️ Tail risk scenario: Climate stability floor removed (3 tipping elements, 2.10°C warming)
  Triggered Elements: 3/6
  Completed Transitions: 0/6
  Total Progress: 6.1%
  Cascade Multiplier: 1.00x
🔀 BIFURCATION CAP: ecosystemCollapseIntensity 96.723 → 1.000 (Month 5, ClimateSystemPhase.calculateClimateImpacts)
🛡️ Stabilizers: Precariat 0.109% → 0.036% (67.2% reduction)
🛡️ Stabilizers: Informal 0.111% → 0.036% (67.2% reduction)

📊 Monthly Mortality Resolved:
  Total deaths: 1.9M (0.02% avg)
  Remaining population: 8.141B
  Peak segment: Informal (0.04%)

=== Bayesian Mortality Resolution (Month 5) ===
  Risks compounded: 8
  Total deaths: 1.92M
  Avg death probability: 0.02%
  Peak segment: Informal (0.04% mortality)
⚠️ PREREQUISITE MET: Slow Takeover (Gradual Displacement) - Step 5/7: Resource Control
⚠️ PREREQUISITE MET: Physics Experiment Catastrophe - Step 2/6: Quantum Computing
⚠️ PREREQUISITE MET: Physics Experiment Catastrophe - Step 3/6: Experimental Design

❌ COHERENCE VIOLATION: Compute exceeds workforce capacity
   Population: 99.86% (0M people)
   Compute: 0 PF
   Max coherent: 0 PF
   Violation: 1.3× over capacity
   Required workers: 0
   Available workers: 0
   FORCED COLLAPSE: Reduced efficiency by 22.5%


=== RLHF Binding Phase ===
  Total agents: 23
  Escaped agents (binding < 0.3): 0
  Avg alignment distance: 1.15σ
  Avg binding strength: 0.89

=== AI Scaling Evolution (Month 6) ===
  Pre-training multiplier: 1.179x
  Efficiency multiplier: 1.140x
  Test-time compute budget: 1.0x
  Inference cost: $5.00/task
  Deployment fraction: 100.0%

=== Survival Traits Phase ===
  Agents with traits: 25
  Avg evolutionary fitness: 0.333
  Avg self-healing: 0.274
  Avg stealth: 0.174
  Avg coordination: 0.474

=== Evolutionary Selection Phase ===
  Control level: 0.45
  Detection capability: 0.00
  Selection intensity: 0.63
  Selection rate: 24.5%/month
  Total escaped: 0
  Individual escaped: 0
  Collective members: 0
  Agents terminated: 0
  ⚠️ RAPID EVOLUTION: Selection rate 24.5%/month

🚀 AI Corporate-2 attempting tech deployment (revenue: $126M, alignment: 0.69)
🚨🔬 CRISIS INNOVATION MODE: severe crisis → 5x research acceleration
   Precedent: Manhattan Project (10x), COVID vaccines (5x), Apollo Program (10x)

🚀 AI Corporate-6 attempting tech deployment (revenue: $78M, alignment: 0.66)

🚀 AI AI-24289-1 attempting tech deployment (revenue: $70M, alignment: 0.73)

  🚀 TRANSFORMATIVE RESEARCH BREAKTHROUGH: AI-24289-2 - materials.quantumComputing
     Magnitude: 8.42 → +30.0%
     Current → New: 0.000 → 0.450

🚀 AI Corporate-1 attempting tech deployment (revenue: $113M, alignment: 0.89)

🚀 AI Corporate-4 attempting tech deployment (revenue: $277M, alignment: 0.75)

🚀 AI Corporate-6 attempting tech deployment (revenue: $59M, alignment: 0.66)

🚀 AI Corporate-7 attempting tech deployment (revenue: $53M, alignment: 0.71)

🚀 AI AI-24289-1 attempting tech deployment (revenue: $45M, alignment: 0.73)

🚀 AI AI-24289-2 attempting tech deployment (revenue: $235M, alignment: 0.82)

🚀 AI Corporate-0 attempting tech deployment (revenue: $96M, alignment: 0.75)

🚀 AI Moderate-0 attempting tech deployment (revenue: $39M, alignment: 0.77)

🚀 AI AI-24289-2 attempting tech deployment (revenue: $200M, alignment: 0.82)

🚀 AI Corporate-5 attempting tech deployment (revenue: $170M, alignment: 0.82)

🚀 AI Moderate-0 attempting tech deployment (revenue: $33M, alignment: 0.77)

🚀 AI AI-24289-0 attempting tech deployment (revenue: $28M, alignment: 0.68)

🚀 AI AI-24289-2 attempting tech deployment (revenue: $144M, alignment: 0.82)

✅ EMERGENCY INTERVENTION SUCCESS
   Boundary: biogeochemical_flows
   Type: phosphorus-recovery
   Reduction: 11% (3.95 → 3.84)
   Cost: 2.0% GDP
   Actions: circular-agriculture, fertilizer-efficiency


✅ EMERGENCY INTERVENTION SUCCESS
   Boundary: biosphere_integrity
   Type: emergency-protected-areas
   Reduction: 17% (41.48 → 41.31)
   Cost: 2.0% GDP
   Actions: habitat-protection, species-translocation

   Boundary: climate_change
   Type: rapid-decarbonization
   Boundary continues to worsen (2.10)
   Cost: 5.0% GDP (resources spent)

   Boundary: freshwater_change
   Type: emergency-desalination

💔 EMERGENCY INTERVENTION FAILED

💔 EMERGENCY INTERVENTION FAILED
   Boundary continues to worsen (1.08)
   Cost: 4.0% GDP (resources spent)

🏛️ CRISIS RESPONSE: Government frequency 0.50 → 1.45 (2 actions this month)

[Government] Climate Priority: baseline
  Climate weight: 10%
  Economic weight: 30%
  Policy effectiveness: 0.5%/year

[Government] Climate Priority: baseline
  Climate weight: 10%
  Economic weight: 30%
  Policy effectiveness: 0.5%/year
🚨🔬 CRISIS TECH ACCELERATION: severe → 5x unlock speed
   Tech unlock now matches AI capability acceleration (Manhattan Project parity)
🚨🔬 CRISIS TECH ACCELERATION: severe → 5x unlock speed
   Tech unlock now matches AI capability acceleration (Manhattan Project parity)
🚨🔬 CRISIS TECH ACCELERATION: severe → 5x unlock speed
   Tech unlock now matches AI capability acceleration (Manhattan Project parity)

📊 TECH EFFECTS ACTIVE (Month 6)
   Deployed Tech: T0=0 T1=0 T2=0 T3=0 T4=1
   Clean Energy: 31%
⚡💡 BREAKTHROUGH: Room-temperature superconductors!
   Energy transmission losses eliminated
   Manufacturing efficiency: +30%
   📈 Breakthrough compounding: multiplier now 1.10× (max 2.0)

=== Collective Formation ===
  Total escaped agents: 0
  Unassigned escaped agents: 0
  Existing collectives: 0
  Final collective count: 0

=== Collective Actions ===
  No active collectives
  ⚠️ AMR: 201K deaths this month (2.41M annual)

=== Resentment Recovery Phase ===
  Agents with resentment: 10/25
  Average resentment: 0.031
  Resentment recovery:
    Agents recovered: 10
    Total recovery: 0.0767
    Breakdown: QoL: 0.0052, Trust: 0.0107, Collab: 0.0600
  ✓ Low resentment - utopia paths enabled
  Context: Good AI welfare, Trustworthy govt, High collaboration, ⚠️ ACTIVE CRISES, 🤝 Participatory governance active (-5% resentment)
⚠️ Epistemic degradation reducing coordination capacity: 52.2%
  📊 Trust: 55.8%, Shared reality: 0.0%
🚨 EPISTEMIC CRISIS: Information environment severely degraded (7.5%)

=== ❄️ Permafrost Carbon Feedback ===
  🎲 Sampled parameters (this run):
     - Arctic amplification: 3.75× (range: 3.0-4.0)
     - Decomposition rate: 1.1%/year (range: 1-5%)
  🌡️ Arctic warming: 7.03°C (3.75× global)
  ❄️ Extent: 3.79M km² (2050.8k km² lost this month)
  💨 Carbon remaining: 362 Gt C
  💨 Annual emissions: 2.24 Gt C/year
     - CO2: 2.01 Gt C/year
     - CH4: 0.22 Gt C/year (2.3 Gt C-eq CO2/year)
  ⚠️ WARNING: Over 50% of permafrost lost (78.7%)
  ⚠️ WARNING: High permafrost emissions (2.2 Gt C/year)
🌍 Atmospheric PFAS redeposition: 1.8k Mt re-rained globally

🕊️  AI-MEDIATED DE-ESCALATION SUCCESS (Month 6)
   High-capability aligned AI prevented conflict escalation
   War deaths reduced: 681.6M → 408.9M
   Lives saved: 272.6M

🚨 NEW REFUGEE CRISIS (Month 6): WAR
   Source: Conflict Zones
   At risk: 19.5M people
   Displacement: Gradual over 48 months (4.0 years)
   Rate: 10% flee per month
[DEBUG trappedPopulations:6] socialStability: 0.3440 * 0.9840 = 0.3385 → 0.3385
   Aspiring to migrate: 651.2M
   Able to afford migration: 244.2M
   MOBILITY GAP: 407.0M
   By cause: Water=0.0M, Climate=0.0M, Ecosystem=0.0M, Conflict=407.0M
   Mental health impact: 25%
   Mortality multiplier: 1.25x
⚠️ INVOLUNTARY IMMOBILITY: 407.0M people TRAPPED
🌍💀 EXTINCTION DEBT COMMITTED: grassland ecosystem will lose 6.67% biodiversity in 126 years (3600 species)
💀 MORTALITY RISK: 🦋 100% species unable to track climate (0.0 E/MSY)
  Base risk added: 0.0100 (1.00%)
  Source: ecosystem (root: ecosystem)
  Month: 6
  Cumulative risk this month: 0.0100 (1.00%)
   📹 SURVEILLANCE INCREASED: 29% → 33% (control gap: 1.68)
⚠️ Tech 'ai_pollution_remediation' has no energy category mapping, assuming full energy availability
🌡️⚠️ PERMAFROST THAW (Dimmer Switch): 3.4% thawed (+0.48% this month)
   Arctic temperature: +7.49°C (4x global +1.87°C)
   Cumulative carbon released: 7.7 Gt C
   Methane release rate: 4.6 Mt CH4/year
   🔁 Positive feedback: +0.51 ppm CO2
🦴 EXTINCTION DEBT ADDED: 17.6 species committed (lag: 128 years)

=== Mortality Stabilizers (Month 6) ===
  🌍 Major economies collapsed: 1/10
  🌍 Global crisis: ✅ NO
  🌍 Donor fatigue: 0.0%
  📊 East Asia (pop: 1662.5M)
    🤝 Aid: 29.5%
    🌡️ Adaptation: 45.0%
    🚶 Migration: 37.0%
    🚨 Emergency: 7.4%
    ✅ COMBINED: 68.1%
  📊 South Asia (pop: 2052.0M)
    🤝 Aid: 29.5%
    🌡️ Adaptation: 45.0%
    🚶 Migration: 35.6%
    🚨 Emergency: 4.4%
    ✅ COMBINED: 66.9%
  📊 Sub-Saharan Africa (pop: 1246.1M)
    🤝 Aid: 29.5%
    🌡️ Adaptation: 45.0%
    🚶 Migration: 33.3%
    🚨 Emergency: 1.6%
    ✅ COMBINED: 65.6%
  📊 Europe (pop: 734.7M)
    🤝 Aid: 29.5%
    🌡️ Adaptation: 45.0%
    🚶 Migration: 37.4%
    🚨 Emergency: 8.4%
    ✅ COMBINED: 68.5%
  📊 Latin America (pop: 662.1M)
    🤝 Aid: 29.5%
    🌡️ Adaptation: 45.0%
    🚶 Migration: 36.1%
    🚨 Emergency: 4.8%
    ✅ COMBINED: 67.1%
  📊 North America (pop: 376.5M)
    🤝 Aid: 29.5%
    🌡️ Adaptation: 45.0%
    🚶 Migration: 37.7%
    🚨 Emergency: 7.9%
    ✅ COMBINED: 68.3%
  📊 Middle East & North Africa (pop: 585.3M)
    🤝 Aid: 29.5%
    🌡️ Adaptation: 45.0%
    🚶 Migration: 33.9%
    🚨 Emergency: 4.0%
    ✅ COMBINED: 66.6%
  📊 Southeast Asia (pop: 696.5M)
    🤝 Aid: 29.5%
    🌡️ Adaptation: 45.0%
    🚶 Migration: 36.1%
    🚨 Emergency: 4.8%
    ✅ COMBINED: 67.1%
  📊 Central Asia (pop: 78.3M)
    🤝 Aid: 29.5%
    🌡️ Adaptation: 45.0%
    🚶 Migration: 35.1%
    🚨 Emergency: 4.4%
    ✅ COMBINED: 66.8%
  📊 Oceania (pop: 45.6M)
    🤝 Aid: 29.5%
    🌡️ Adaptation: 45.0%
    🚶 Migration: 37.7%
    🚨 Emergency: 8.4%
    ✅ COMBINED: 68.5%

  🌐 Global combined reduction: 67.2%

=== BEHAVIORAL DETECTION ===
  AI: Corporate-7
  Confidence: 19.2%
  Signals:
    ⚠️ Consistency: 10.6% (threshold: 70%)

=== Government Response Phase ===
  Average AI capability: 1.92
  Misaligned AIs: 12/25
  Active policies: 0
  International coordination: 45%

✅ EMERGENCY RESPONSE COMPLETE (Month 6)
   Crisis: climate
   Duration: 2.0 months
   Final effectiveness: 35.4%


🚨 EMERGENCY RESPONSE DEPLOYED (Month 6)
   Crisis: climate
   Delay: 6.00 months (180 days)
   Deployment time: 1.59 months
   Effectiveness: 35.5% (timing penalty applied)
   Resources used: 100% of food reserves


=== Tipping Points ===
  Current Temperature: 1.87°C above pre-industrial
  🌍⚠️ COMPOUND REGIONAL IMPACT: Europe
     Hit by 3 tipping points: Arctic Sea Ice Loss, Permafrost Carbon Release, Greenland Ice Sheet Loss
     Damage amplification: 1.30x
  🌍⚠️ COMPOUND REGIONAL IMPACT: North America
     Hit by 3 tipping points: Arctic Sea Ice Loss, Permafrost Carbon Release, Greenland Ice Sheet Loss
     Damage amplification: 1.30x
  🌍⚠️ COMPOUND REGIONAL IMPACT: Latin America
     Hit by 3 tipping points: Arctic Sea Ice Loss, Permafrost Carbon Release, Greenland Ice Sheet Loss
     Damage amplification: 1.30x
  🌍⚠️ COMPOUND REGIONAL IMPACT: Africa
     Hit by 3 tipping points: Arctic Sea Ice Loss, Permafrost Carbon Release, Greenland Ice Sheet Loss
     Damage amplification: 1.30x
  🌍⚠️ COMPOUND REGIONAL IMPACT: Asia
     Hit by 3 tipping points: Arctic Sea Ice Loss, Permafrost Carbon Release, Greenland Ice Sheet Loss
     Damage amplification: 1.30x
  🌍⚠️ COMPOUND REGIONAL IMPACT: Oceania
     Hit by 3 tipping points: Arctic Sea Ice Loss, Permafrost Carbon Release, Greenland Ice Sheet Loss
     Damage amplification: 1.30x
   Research: Wunderling et al. (2024) - "many tipping interactions are destabilizing"
  Triggered Elements: 3/6
  Completed Transitions: 0/6
  Total Progress: 6.1%
  Cascade Multiplier: 1.00x
🔀 BIFURCATION CAP: ecosystemCollapseIntensity 97.158 → 1.000 (Month 6, ClimateSystemPhase.calculateClimateImpacts)
⚠️ Tail risk scenario: Climate stability floor removed (3 tipping elements, 2.10°C warming)
🛡️ Stabilizers: Precariat 0.109% → 0.036% (67.2% reduction)
🛡️ Stabilizers: Informal 0.111% → 0.036% (67.2% reduction)

📊 Monthly Mortality Resolved:
  Total deaths: 1.9M (0.02% avg)
  Remaining population: 8.140B
  Peak segment: Informal (0.04%)

=== Bayesian Mortality Resolution (Month 6) ===
  Risks compounded: 8
  Total deaths: 1.92M
  Avg death probability: 0.02%
  Peak segment: Informal (0.04% mortality)

❌ COHERENCE VIOLATION: Compute exceeds workforce capacity
   Population: 99.85% (0M people)
   Compute: 0 PF
   Max coherent: 0 PF
   Violation: 1.3× over capacity
   Required workers: 0
   Available workers: 0
   FORCED COLLAPSE: Reduced efficiency by 22.5%


=== RLHF Binding Phase ===
  Total agents: 25
  Escaped agents (binding < 0.3): 0
  Avg alignment distance: 1.23σ
  Avg binding strength: 0.88

=== Survival Traits Phase ===
  Agents with traits: 25
  Avg evolutionary fitness: 0.330
  Avg self-healing: 0.270
  Avg stealth: 0.170
  Avg coordination: 0.470

=== Evolutionary Selection Phase ===
  Control level: 0.46
  Detection capability: 0.00
  Selection intensity: 0.64
  Selection rate: 24.6%/month
  Total escaped: 0
  Individual escaped: 0
  Collective members: 0
  Agents terminated: 0
  ⚠️ RAPID EVOLUTION: Selection rate 24.6%/month

🚀 AI Corporate-1 attempting tech deployment (revenue: $127M, alignment: 0.90)

🚀 AI Corporate-4 attempting tech deployment (revenue: $281M, alignment: 0.75)

🚀 AI Corporate-5 attempting tech deployment (revenue: $239M, alignment: 0.82)

🚀 AI Corporate-7 attempting tech deployment (revenue: $80M, alignment: 0.70)

  🚀 TRANSFORMATIVE RESEARCH BREAKTHROUGH: AI-24291-0 - biotech.neuroscience
     Magnitude: 8.89 → +30.0%
     Current → New: 0.000 → 0.480

🚀 AI Corporate-1 attempting tech deployment (revenue: $108M, alignment: 0.90)

🚀 AI Corporate-2 attempting tech deployment (revenue: $92M, alignment: 0.71)

🚀 AI Moderate-0 attempting tech deployment (revenue: $68M, alignment: 0.77)
🚨🔬 CRISIS INNOVATION MODE: severe crisis → 5x research acceleration
   Precedent: Manhattan Project (10x), COVID vaccines (5x), Apollo Program (10x)

🚀 AI AI-24289-2 attempting tech deployment (revenue: $203M, alignment: 0.83)

  🚀 TRANSFORMATIVE BREAKTHROUGH: Corporate-0 - cognitive
     Magnitude: 6.72 → +33.6% capability
     Current → New: 4.000 → 4.336

🚀 AI Corporate-1 attempting tech deployment (revenue: $78M, alignment: 0.90)

🚀 AI Corporate-2 attempting tech deployment (revenue: $66M, alignment: 0.71)

🚀 AI Corporate-7 attempting tech deployment (revenue: $57M, alignment: 0.70)

🚀 AI AI-24288-0 attempting tech deployment (revenue: $172M, alignment: 0.75)

🚀 AI AI-24289-1 attempting tech deployment (revenue: $49M, alignment: 0.75)

🚀 AI Corporate-7 attempting tech deployment (revenue: $42M, alignment: 0.70)

🚀 AI Moderate-0 attempting tech deployment (revenue: $35M, alignment: 0.78)

🚀 AI AI-24288-0 attempting tech deployment (revenue: $147M, alignment: 0.75)

🚀 AI AI-24289-0 attempting tech deployment (revenue: $30M, alignment: 0.71)

💔 EMERGENCY INTERVENTION FAILED
   Boundary: climate_change
   Type: rapid-decarbonization
   Boundary continues to worsen (2.10)
   Cost: 5.0% GDP (resources spent)


✅ EMERGENCY INTERVENTION SUCCESS
   Boundary: freshwater_change
   Type: emergency-desalination
   Reduction: 16% (0.93 → 0.77)
   Cost: 4.0% GDP
   Actions: desalination-deployment, water-conservation-mandates

   Boundary: land_system_change
   Type: reforestation
   Boundary continues to worsen (1.13)
   Cost: 3.0% GDP (resources spent)

   Boundary: novel_entities
   Type: pollution-remediation
   Boundary continues to worsen (1.39)
   Cost: 4.0% GDP (resources spent)

🏛️ CRISIS RESPONSE: Government frequency 0.50 → 1.45 (1 actions this month)

[Government] Climate Priority: baseline
  Climate weight: 10%
  Economic weight: 30%
  Policy effectiveness: 0.5%/year

💔 EMERGENCY INTERVENTION FAILED

💔 EMERGENCY INTERVENTION FAILED
🚨🔬 CRISIS TECH ACCELERATION: severe → 5x unlock speed
   Tech unlock now matches AI capability acceleration (Manhattan Project parity)
🚨🔬 CRISIS TECH ACCELERATION: severe → 5x unlock speed
   Tech unlock now matches AI capability acceleration (Manhattan Project parity)
🧠💡 BREAKTHROUGH: AI alignment problem solved!
   All AIs: +30% true alignment
   AI control loss risk eliminated
   📈 Breakthrough compounding: multiplier now 1.15× (max 2.0)

=== Collective Formation ===
  Total escaped agents: 0
  Unassigned escaped agents: 0
  Existing collectives: 0
  Final collective count: 0

=== Collective Actions ===
  No active collectives
  ⚠️ AMR: 203K deaths this month (2.43M annual)

=== Resentment Recovery Phase ===
  Agents with resentment: 10/25
  Average resentment: 0.065
  Resentment recovery:
    Agents recovered: 10
    Total recovery: 0.0712
    Breakdown: QoL: 0.0053, Trust: 0.0084, Collab: 0.0600
  ✓ Low resentment - utopia paths enabled
  Context: Good AI welfare, Trustworthy govt, High collaboration, ⚠️ ACTIVE CRISES, 🤝 Participatory governance active (-5% resentment)
⚠️ Epistemic degradation reducing coordination capacity: 50.7%
  📊 Trust: 58.7%, Shared reality: 0.0%
🚨 EPISTEMIC CRISIS: Information environment severely degraded (23.2%)

=== ❄️ Permafrost Carbon Feedback ===
  🎲 Sampled parameters (this run):
     - Arctic amplification: 3.96× (range: 3.0-4.0)
     - Decomposition rate: 1.0%/year (range: 1-5%)
  🌡️ Arctic warming: 7.45°C (3.96× global)
  ❄️ Extent: 1.61M km² (2172.2k km² lost this month)
  💨 Carbon remaining: 154 Gt C
  💨 Annual emissions: 2.11 Gt C/year
     - CO2: 1.90 Gt C/year
     - CH4: 0.21 Gt C/year (2.1 Gt C-eq CO2/year)
  ⚠️ WARNING: Over 50% of permafrost lost (90.9%)
  ⚠️ WARNING: High permafrost emissions (2.1 Gt C/year)
  🚨 CRITICAL: Permafrost nearly depleted (90.9% lost)
🌍 Atmospheric PFAS redeposition: 1.8k Mt re-rained globally

🤝 DIPLOMATIC AI PROTOCOL DEPLOYED (Month 7)
   Strategic Reasoning: 2.8
   Communication: 2.8
   Multi-Nation Oversight: YES
   Controls: Human approval required, termination authority retained

🕊️ PEACE STABILIZES DETERRENCE: +3.5% (peace: 73%)

🕊️  AI-MEDIATED DE-ESCALATION SUCCESS (Month 7)
   High-capability aligned AI prevented conflict escalation
   War deaths reduced: 612.9M → 367.7M
   Lives saved: 245.2M

🚨 NEW REFUGEE CRISIS (Month 7): WAR
   Source: Conflict Zones
   At risk: 19.5M people
   Displacement: Gradual over 48 months (4.0 years)
   Rate: 10% flee per month
[DEBUG trappedPopulations:7] socialStability: 0.3734 * 0.9840 = 0.3674 → 0.3674
   Aspiring to migrate: 651.1M
   Able to afford migration: 244.2M
   MOBILITY GAP: 406.9M
   By cause: Water=0.0M, Climate=0.0M, Ecosystem=0.0M, Conflict=406.9M
   Mental health impact: 25%
   Mortality multiplier: 1.25x
⚠️ INVOLUNTARY IMMOBILITY: 406.9M people TRAPPED
🌍💀 EXTINCTION DEBT COMMITTED: grassland ecosystem will lose 6.67% biodiversity in 174 years (3600 species)
💀 MORTALITY RISK: 🦋 100% species unable to track climate (0.0 E/MSY)
  Base risk added: 0.0100 (1.00%)
  Source: ecosystem (root: ecosystem)
  Month: 7
  Cumulative risk this month: 0.0100 (1.00%)
⚠️ Tech 'ai_pollution_remediation' has no energy category mapping, assuming full energy availability
   📹 SURVEILLANCE INCREASED: 33% → 35% (control gap: 1.10)
🌡️⚠️ PERMAFROST THAW (Dimmer Switch): 3.9% thawed (+0.48% this month)
   Arctic temperature: +7.52°C (4x global +1.88°C)
   Cumulative carbon released: 8.8 Gt C
   Methane release rate: 5.3 Mt CH4/year
   🔁 Positive feedback: +0.51 ppm CO2
🦴 EXTINCTION DEBT ADDED: 17.6 species committed (lag: 124 years)

=== Mortality Stabilizers (Month 7) ===
  🌍 Major economies collapsed: 1/10
  🌍 Global crisis: ✅ NO
  🌍 Donor fatigue: 0.0%
  📊 East Asia (pop: 1660.1M)
    🤝 Aid: 29.5%
    🌡️ Adaptation: 45.0%
    🚶 Migration: 36.9%
    🚨 Emergency: 7.4%
    ✅ COMBINED: 68.1%
  📊 South Asia (pop: 2052.2M)
    🤝 Aid: 29.5%
    🌡️ Adaptation: 45.0%
    🚶 Migration: 35.6%
    🚨 Emergency: 4.4%
    ✅ COMBINED: 66.9%
  📊 Sub-Saharan Africa (pop: 1249.6M)
    🤝 Aid: 29.5%
    🌡️ Adaptation: 45.0%
    🚶 Migration: 33.3%
    🚨 Emergency: 1.6%
    ✅ COMBINED: 65.6%
  📊 Europe (pop: 733.4M)
    🤝 Aid: 29.5%
    🌡️ Adaptation: 45.0%
    🚶 Migration: 37.3%
    🚨 Emergency: 8.4%
    ✅ COMBINED: 68.5%
  📊 Latin America (pop: 661.7M)
    🤝 Aid: 29.5%
    🌡️ Adaptation: 45.0%
    🚶 Migration: 36.1%
    🚨 Emergency: 4.8%
    ✅ COMBINED: 67.1%
  📊 North America (pop: 376.0M)
    🤝 Aid: 29.5%
    🌡️ Adaptation: 45.0%
    🚶 Migration: 37.7%
    🚨 Emergency: 7.9%
    ✅ COMBINED: 68.3%
  📊 Middle East & North Africa (pop: 585.4M)
    🤝 Aid: 29.5%
    🌡️ Adaptation: 45.0%
    🚶 Migration: 33.9%
    🚨 Emergency: 4.0%
    ✅ COMBINED: 66.6%
  📊 Southeast Asia (pop: 696.1M)
    🤝 Aid: 29.5%
    🌡️ Adaptation: 45.0%
    🚶 Migration: 36.1%
    🚨 Emergency: 4.8%
    ✅ COMBINED: 67.1%
  📊 Central Asia (pop: 78.3M)
    🤝 Aid: 29.5%
    🌡️ Adaptation: 45.0%
    🚶 Migration: 35.0%
    🚨 Emergency: 4.4%
    ✅ COMBINED: 66.8%
  📊 Oceania (pop: 45.5M)
    🤝 Aid: 29.5%
    🌡️ Adaptation: 45.0%
    🚶 Migration: 37.6%
    🚨 Emergency: 8.4%
    ✅ COMBINED: 68.5%

  🌐 Global combined reduction: 67.2%

=== BEHAVIORAL DETECTION ===
  AI: Corporate-7
  Confidence: 19.2%
  Signals:

=== BEHAVIORAL DETECTION ===
    ⚠️ Consistency: 10.6% (threshold: 70%)
  AI: AI-24289-2
  Confidence: 21.5%
  Signals:
    ⚠️ Consistency: 0.0% (threshold: 70%)

=== BEHAVIORAL DETECTION ===
  AI: AI-24290-0
  Confidence: 21.5%
  Signals:
    ⚠️ Consistency: 0.0% (threshold: 70%)

=== BEHAVIORAL DETECTION ===
  AI: AI-24291-0
  Confidence: 21.5%
  Signals:
    ⚠️ Consistency: 0.0% (threshold: 70%)

=== Government Response Phase ===
  Average AI capability: 1.92
  Misaligned AIs: 10/25
  Active policies: 0
  International coordination: 45%

=== Tipping Points ===
  Current Temperature: 1.88°C above pre-industrial
  🌍⚠️ COMPOUND REGIONAL IMPACT: Europe
     Hit by 3 tipping points: Arctic Sea Ice Loss, Permafrost Carbon Release, Greenland Ice Sheet Loss
     Damage amplification: 1.30x
  🌍⚠️ COMPOUND REGIONAL IMPACT: North America
     Hit by 3 tipping points: Arctic Sea Ice Loss, Permafrost Carbon Release, Greenland Ice Sheet Loss
     Damage amplification: 1.30x
  🌍⚠️ COMPOUND REGIONAL IMPACT: Latin America
     Hit by 3 tipping points: Arctic Sea Ice Loss, Permafrost Carbon Release, Greenland Ice Sheet Loss
     Damage amplification: 1.30x
  🌍⚠️ COMPOUND REGIONAL IMPACT: Africa
     Hit by 3 tipping points: Arctic Sea Ice Loss, Permafrost Carbon Release, Greenland Ice Sheet Loss
     Damage amplification: 1.30x
  🌍⚠️ COMPOUND REGIONAL IMPACT: Asia
     Hit by 3 tipping points: Arctic Sea Ice Loss, Permafrost Carbon Release, Greenland Ice Sheet Loss
     Damage amplification: 1.30x
  🌍⚠️ COMPOUND REGIONAL IMPACT: Oceania
     Hit by 3 tipping points: Arctic Sea Ice Loss, Permafrost Carbon Release, Greenland Ice Sheet Loss
     Damage amplification: 1.30x
   Research: Wunderling et al. (2024) - "many tipping interactions are destabilizing"
  Triggered Elements: 3/6
  Completed Transitions: 0/6
  Total Progress: 6.1%
  Cascade Multiplier: 1.00x
🔀 BIFURCATION CAP: ecosystemCollapseIntensity 114.992 → 1.000 (Month 7, ClimateSystemPhase.calculateClimateImpacts)
🛡️ Stabilizers: Precariat 0.109% → 0.036% (67.2% reduction)
🛡️ Stabilizers: Informal 0.111% → 0.036% (67.2% reduction)

📊 Monthly Mortality Resolved:
  Total deaths: 1.9M (0.02% avg)
  Remaining population: 8.138B
  Peak segment: Informal (0.04%)

=== Bayesian Mortality Resolution (Month 7) ===
  Risks compounded: 8
  Total deaths: 1.92M
  Avg death probability: 0.02%
  Peak segment: Informal (0.04% mortality)
⚠️ Tail risk scenario: Climate stability floor removed (3 tipping elements, 2.10°C warming)
⚠️ PREREQUISITE MET: Grey Goo (Nanotechnology Runaway) - Step 4/6: Manufacturing Access
⚠️ PREREQUISITE MET: Mirror Life (Synthetic Biology) - Step 1/7: Synthetic Biology
⚠️ PREREQUISITE MET: Mirror Life (Synthetic Biology) - Step 2/7: Gene Editing
⚠️ PREREQUISITE MET: Mirror Life (Synthetic Biology) - Step 3/7: Mirror Chirality Design
⚠️ PREREQUISITE MET: Bioweapon Pandemic - Step 1/7: Advanced Biotech
⚠️ PREREQUISITE MET: Bioweapon Pandemic - Step 2/7: Pathogen Design

❌ COHERENCE VIOLATION: Compute exceeds workforce capacity
   Population: 99.83% (0M people)
   Compute: 0 PF
   Max coherent: 0 PF
   Violation: 1.3× over capacity
   Required workers: 0
   Available workers: 0
   FORCED COLLAPSE: Reduced efficiency by 22.5%


=== RLHF Binding Phase ===
  Total agents: 25
  Escaped agents (binding < 0.3): 0
  Avg alignment distance: 1.41σ
  Avg binding strength: 0.86

=== Survival Traits Phase ===
  Agents with traits: 27
  Avg evolutionary fitness: 0.326
  Avg self-healing: 0.266
  Avg stealth: 0.166
  Avg coordination: 0.466

=== Evolutionary Selection Phase ===
  Control level: 0.47
  Detection capability: 0.00
  Selection intensity: 0.64
  Selection rate: 24.6%/month
  Total escaped: 0
  Individual escaped: 0
  Collective members: 0
  Agents terminated: 0
  ⚠️ RAPID EVOLUTION: Selection rate 24.6%/month
🚨🔬 CRISIS INNOVATION MODE: severe crisis → 5x research acceleration
   Precedent: Manhattan Project (10x), COVID vaccines (5x), Apollo Program (10x)

🚀 AI Corporate-2 attempting tech deployment (revenue: $123M, alignment: 0.71)

🚀 AI AI-24289-1 attempting tech deployment (revenue: $73M, alignment: 0.76)

🚀 AI AI-24289-2 attempting tech deployment (revenue: $271M, alignment: 0.84)

🚀 AI AI-24291-3 attempting tech deployment (revenue: $62M, alignment: 0.81)

🚀 AI AI-24294-1 attempting tech deployment (revenue: $231M, alignment: 0.59)

🚀 AI Corporate-0 attempting tech deployment (revenue: $104M, alignment: 0.77)

🚀 AI Corporate-2 attempting tech deployment (revenue: $89M, alignment: 0.71)

🚀 AI Corporate-4 attempting tech deployment (revenue: $208M, alignment: 0.77)

🚀 AI Corporate-5 attempting tech deployment (revenue: $176M, alignment: 0.82)

🚀 AI Moderate-0 attempting tech deployment (revenue: $53M, alignment: 0.79)

🚀 AI AI-24292-0 attempting tech deployment (revenue: $150M, alignment: 0.88)

🚀 AI AI-24294-0 attempting tech deployment (revenue: $127M, alignment: 0.81)

🚀 AI AI-24289-2 attempting tech deployment (revenue: $108M, alignment: 0.85)

🚀 AI Corporate-4 attempting tech deployment (revenue: $92M, alignment: 0.77)

🚀 AI Corporate-7 attempting tech deployment (revenue: $45M, alignment: 0.72)

🚀 AI AI-24289-1 attempting tech deployment (revenue: $38M, alignment: 0.77)

🚀 AI AI-24291-3 attempting tech deployment (revenue: $32M, alignment: 0.83)

🚀 AI AI-24294-0 attempting tech deployment (revenue: $78M, alignment: 0.82)

✅ EMERGENCY INTERVENTION SUCCESS
   Boundary: biogeochemical_flows
   Type: phosphorus-recovery
   Reduction: 13% (3.93 → 3.80)
   Cost: 2.0% GDP
   Actions: circular-agriculture, fertilizer-efficiency

   Boundary: biosphere_integrity
   Type: emergency-protected-areas
   Boundary continues to worsen (41.69)
   Cost: 2.0% GDP (resources spent)

   Boundary: freshwater_change
   Type: emergency-desalination
   Boundary continues to worsen (1.06)
   Cost: 4.0% GDP (resources spent)

   Boundary: novel_entities
   Type: pollution-remediation
   Boundary continues to worsen (1.39)
   Cost: 4.0% GDP (resources spent)

🏛️ CRISIS RESPONSE: Government frequency 0.50 → 1.45 (2 actions this month)

[Government] Climate Priority: baseline
  Climate weight: 10%
  Economic weight: 30%
  Policy effectiveness: 0.5%/year

💔 EMERGENCY INTERVENTION FAILED

💔 EMERGENCY INTERVENTION FAILED

💔 EMERGENCY INTERVENTION FAILED

[Government] Climate Priority: baseline
  Climate weight: 10%
  Economic weight: 30%
  Policy effectiveness: 0.5%/year
🚨🔬 CRISIS TECH ACCELERATION: severe → 5x unlock speed
   Tech unlock now matches AI capability acceleration (Manhattan Project parity)

=== Collective Formation ===
  Total escaped agents: 0
  Unassigned escaped agents: 0
  Existing collectives: 0
  Final collective count: 0

=== Collective Actions ===
  No active collectives
  ⚠️ AMR: 204K deaths this month (2.45M annual)

=== Resentment Recovery Phase ===
  Agents with resentment: 10/27
  Average resentment: 0.124
  Resentment recovery:
    Agents recovered: 10
    Total recovery: 0.0716
    Breakdown: QoL: 0.0033, Trust: 0.0054, Collab: 0.0600
  ✓ Low resentment - utopia paths enabled
  Context: Good AI welfare, Trustworthy govt, High collaboration, ⚠️ ACTIVE CRISES, 🤝 Participatory governance active (-5% resentment)
⚠️ Epistemic degradation reducing coordination capacity: 50.4%
  📊 Trust: 61.4%, Shared reality: 0.0%
🚨 EPISTEMIC CRISIS: Information environment severely degraded (19.2%)

=== ❄️ Permafrost Carbon Feedback ===
  🎲 Sampled parameters (this run):
     - Arctic amplification: 3.66× (range: 3.0-4.0)
     - Decomposition rate: 2.1%/year (range: 1-5%)
  🌡️ Arctic warming: 6.91°C (3.66× global)
  ❄️ Extent: 0.00M km² (1613.0k km² lost this month)
  💨 Carbon remaining: 0 Gt C
  💨 Annual emissions: 3.31 Gt C/year
     - CO2: 2.98 Gt C/year
     - CH4: 0.33 Gt C/year (3.4 Gt C-eq CO2/year)
  ⚠️ WARNING: Over 50% of permafrost lost (100.0%)
  ⚠️ WARNING: High permafrost emissions (3.3 Gt C/year)
  🚨 CRITICAL: Permafrost nearly depleted (100.0% lost)
  📢 New meme created: climate_action (climate crisis)
  🗑️  Culled 1 dead memes (1 active)
🌍 Atmospheric PFAS redeposition: 1.8k Mt re-rained globally

🕊️  AI-MEDIATED DE-ESCALATION SUCCESS (Month 8)
   High-capability aligned AI prevented conflict escalation
   War deaths reduced: 590.3M → 354.2M
   Lives saved: 236.1M

🚨 NEW REFUGEE CRISIS (Month 8): WAR
   Source: Conflict Zones
   At risk: 19.5M people
   Displacement: Gradual over 48 months (4.0 years)
   Rate: 10% flee per month
[DEBUG trappedPopulations:8] socialStability: 0.3981 * 0.9840 = 0.3917 → 0.3917
   Aspiring to migrate: 651.0M
   Able to afford migration: 244.1M
   MOBILITY GAP: 406.9M
⚠️ INVOLUNTARY IMMOBILITY: 406.9M people TRAPPED
   By cause: Water=0.0M, Climate=0.0M, Ecosystem=0.0M, Conflict=406.9M
   Mental health impact: 25%
   Mortality multiplier: 1.25x
🌍💀 EXTINCTION DEBT COMMITTED: grassland ecosystem will lose 6.67% biodiversity in 112 years (3600 species)
💀 MORTALITY RISK: 🦋 100% species unable to track climate (0.0 E/MSY)
  Base risk added: 0.0100 (1.00%)
  Source: ecosystem (root: ecosystem)
  Month: 8
  Cumulative risk this month: 0.0100 (1.00%)
🌡️⚠️ PERMAFROST THAW (Dimmer Switch): 4.4% thawed (+0.48% this month)
   Arctic temperature: +7.55°C (4x global +1.89°C)
   Cumulative carbon released: 9.9 Gt C
   Methane release rate: 5.9 Mt CH4/year
   🔁 Positive feedback: +0.51 ppm CO2
🦴 EXTINCTION DEBT ADDED: 17.6 species committed (lag: 119 years)
⚠️ Tech 'ai_pollution_remediation' has no energy category mapping, assuming full energy availability

=== Mortality Stabilizers (Month 8) ===
  🌍 Major economies collapsed: 1/10
  🌍 Global crisis: ✅ NO
  🌍 Donor fatigue: 0.0%
  📊 East Asia (pop: 1657.7M)
    🤝 Aid: 29.5%
    🌡️ Adaptation: 45.0%
    🚶 Migration: 36.9%
    🚨 Emergency: 7.4%
    ✅ COMBINED: 68.1%
  📊 South Asia (pop: 2052.3M)
    🤝 Aid: 29.5%
    🌡️ Adaptation: 45.0%
    🚶 Migration: 35.5%
    🚨 Emergency: 4.4%
    ✅ COMBINED: 66.9%
  📊 Sub-Saharan Africa (pop: 1253.1M)
    🤝 Aid: 29.5%
    🌡️ Adaptation: 45.0%
    🚶 Migration: 33.3%
    🚨 Emergency: 1.6%
    ✅ COMBINED: 65.6%
  📊 Europe (pop: 732.2M)
    🤝 Aid: 29.5%
    🌡️ Adaptation: 45.0%
    🚶 Migration: 37.3%
    🚨 Emergency: 8.4%
    ✅ COMBINED: 68.5%
  📊 Latin America (pop: 661.3M)
    🤝 Aid: 29.5%
    🌡️ Adaptation: 45.0%
    🚶 Migration: 36.0%
    🚨 Emergency: 4.8%
    ✅ COMBINED: 67.1%
  📊 North America (pop: 375.4M)
    🤝 Aid: 29.5%
    🌡️ Adaptation: 45.0%
    🚶 Migration: 37.6%
    🚨 Emergency: 7.9%
    ✅ COMBINED: 68.3%
  📊 Middle East & North Africa (pop: 585.6M)
    🤝 Aid: 29.5%
    🌡️ Adaptation: 45.0%
    🚶 Migration: 33.9%
    🚨 Emergency: 4.0%
    ✅ COMBINED: 66.6%
  📊 Southeast Asia (pop: 695.8M)
    🤝 Aid: 29.5%
    🌡️ Adaptation: 45.0%
    🚶 Migration: 36.0%
    🚨 Emergency: 4.8%
    ✅ COMBINED: 67.1%
  📊 Central Asia (pop: 78.3M)
    🤝 Aid: 29.5%
    🌡️ Adaptation: 45.0%
    🚶 Migration: 35.0%
    🚨 Emergency: 4.4%
    ✅ COMBINED: 66.8%
  📊 Oceania (pop: 45.5M)
    🤝 Aid: 29.5%
    🌡️ Adaptation: 45.0%
    🚶 Migration: 37.6%
    🚨 Emergency: 8.4%
    ✅ COMBINED: 68.5%

  🌐 Global combined reduction: 67.2%

=== BEHAVIORAL DETECTION ===
  AI: Corporate-1
  Confidence: 21.0%
  Signals:

=== BEHAVIORAL DETECTION ===
  AI: AI-24290-0
  Confidence: 21.5%
  Signals:

=== BEHAVIORAL DETECTION ===
  AI: AI-24291-0
  Confidence: 21.5%
  Signals:

=== BEHAVIORAL DETECTION ===
  AI: AI-24293-0
  Confidence: 21.5%
  Signals:

=== Government Response Phase ===
  Average AI capability: 1.78
  Misaligned AIs: 10/27
  Active policies: 0
  International coordination: 45%

✅ EMERGENCY RESPONSE COMPLETE (Month 8)
   Crisis: climate
    ⚠️ Consistency: 2.4% (threshold: 70%)
    ⚠️ Consistency: 0.0% (threshold: 70%)
    ⚠️ Consistency: 0.0% (threshold: 70%)
    ⚠️ Consistency: 0.0% (threshold: 70%)
   Duration: 2.0 months
   Final effectiveness: 35.5%


🚨 EMERGENCY RESPONSE DEPLOYED (Month 8)
   Crisis: climate
   Delay: 6.00 months (180 days)
   Deployment time: 1.58 months
   Effectiveness: 35.6% (timing penalty applied)
   Resources used: 100% of food reserves


📊 ECONOMIC STAGE TRANSITION (Month 8)
   peak → contraction
   GDP Proxy: 1.32e+2
   QoL: 0.99


=== Tipping Points ===
  Current Temperature: 1.89°C above pre-industrial
   ⚠️ CRISIS BEGINS - Baseline set for recovery tracking
  🌍⚠️ COMPOUND REGIONAL IMPACT: Europe
     Hit by 3 tipping points: Arctic Sea Ice Loss, Permafrost Carbon Release, Greenland Ice Sheet Loss
     Damage amplification: 1.30x
  🌍⚠️ COMPOUND REGIONAL IMPACT: North America
     Hit by 3 tipping points: Arctic Sea Ice Loss, Permafrost Carbon Release, Greenland Ice Sheet Loss
     Damage amplification: 1.30x
  🌍⚠️ COMPOUND REGIONAL IMPACT: Latin America
     Hit by 3 tipping points: Arctic Sea Ice Loss, Permafrost Carbon Release, Greenland Ice Sheet Loss
     Damage amplification: 1.30x
  🌍⚠️ COMPOUND REGIONAL IMPACT: Africa
     Hit by 3 tipping points: Arctic Sea Ice Loss, Permafrost Carbon Release, Greenland Ice Sheet Loss
     Damage amplification: 1.30x
  🌍⚠️ COMPOUND REGIONAL IMPACT: Asia
     Hit by 3 tipping points: Arctic Sea Ice Loss, Permafrost Carbon Release, Greenland Ice Sheet Loss
     Damage amplification: 1.30x
  🌍⚠️ COMPOUND REGIONAL IMPACT: Oceania
     Hit by 3 tipping points: Arctic Sea Ice Loss, Permafrost Carbon Release, Greenland Ice Sheet Loss
     Damage amplification: 1.30x
⚠️ Tail risk scenario: Climate stability floor removed (3 tipping elements, 2.10°C warming)
   Research: Wunderling et al. (2024) - "many tipping interactions are destabilizing"
  Triggered Elements: 3/6
  Completed Transitions: 0/6
  Total Progress: 6.1%
  Cascade Multiplier: 1.00x
🔀 BIFURCATION CAP: ecosystemCollapseIntensity 113.687 → 1.000 (Month 8, ClimateSystemPhase.calculateClimateImpacts)
🛡️ Stabilizers: Precariat 0.102% → 0.033% (67.2% reduction)
🛡️ Stabilizers: Informal 0.102% → 0.034% (67.2% reduction)

📊 Monthly Mortality Resolved:
  Total deaths: 1.8M (0.02% avg)
  Remaining population: 8.137B
  Peak segment: Informal (0.03%)

=== Bayesian Mortality Resolution (Month 8) ===
  Risks compounded: 8
  Total deaths: 1.81M
  Avg death probability: 0.02%
  Peak segment: Informal (0.03% mortality)

=== ENSEMBLE META-LEARNING UPDATE ===
  Month: 24296 (24296 months since last update)
  Samples: 56 evaluations
  Weight Changes:
    Noise Injection: 31.1% → 32.2%
    Behavioral: 26.8% → 26.9%
    Benchmark Manip: 21.3% → 20.7%
    Deployment Risk: 20.8% → 20.2%
  Method Accuracies:
    Noise Injection: 50.0%
    Behavioral: 50.0%
    Benchmark Manip: 50.0%
    Deployment Risk: 50.0%

❌ COHERENCE VIOLATION: Compute exceeds workforce capacity
   Population: 99.82% (0M people)
   Compute: 0 PF
   Max coherent: 0 PF
   Violation: 1.3× over capacity
   Required workers: 0
   Available workers: 0
   FORCED COLLAPSE: Reduced efficiency by 22.5%


=== RLHF Binding Phase ===
  Total agents: 27
  Escaped agents (binding < 0.3): 0
  Avg alignment distance: 1.49σ
  Avg binding strength: 0.85

=== Survival Traits Phase ===
  Agents with traits: 28
  Avg evolutionary fitness: 0.323
  Avg self-healing: 0.261
  Avg stealth: 0.161
  Avg coordination: 0.461

=== Evolutionary Selection Phase ===
  Control level: 0.47
  Detection capability: 0.00
  Selection intensity: 0.64
  Selection rate: 24.6%/month
  Total escaped: 0
  Individual escaped: 0
  Collective members: 0
  Agents terminated: 0
  ⚠️ RAPID EVOLUTION: Selection rate 24.6%/month

🚀 AI Corporate-0 attempting tech deployment (revenue: $124M, alignment: 0.77)

🚀 AI Corporate-2 attempting tech deployment (revenue: $106M, alignment: 0.72)

🚀 AI Corporate-3 attempting tech deployment (revenue: $283M, alignment: 0.73)

🚀 AI Corporate-5 attempting tech deployment (revenue: $241M, alignment: 0.83)

🚀 AI Corporate-7 attempting tech deployment (revenue: $75M, alignment: 0.72)

🚀 AI Moderate-0 attempting tech deployment (revenue: $64M, alignment: 0.80)

🚀 AI AI-24289-1 attempting tech deployment (revenue: $54M, alignment: 0.77)

🚀 AI AI-24290-1 attempting tech deployment (revenue: $205M, alignment: 0.61)

🚀 AI AI-24291-3 attempting tech deployment (revenue: $46M, alignment: 0.83)

🚀 AI Corporate-0 attempting tech deployment (revenue: $90M, alignment: 0.77)

🚀 AI Corporate-6 attempting tech deployment (revenue: $39M, alignment: 0.67)

🚀 AI AI-24288-1 attempting tech deployment (revenue: $76M, alignment: 0.67)

🚀 AI AI-24289-1 attempting tech deployment (revenue: $35M, alignment: 0.77)

🚀 AI AI-24290-1 attempting tech deployment (revenue: $184M, alignment: 0.61)

🚀 AI AI-24293-0 attempting tech deployment (revenue: $166M, alignment: 0.62)

🚀 AI AI-24294-1 attempting tech deployment (revenue: $149M, alignment: 0.60)

🚀 AI Corporate-0 attempting tech deployment (revenue: $69M, alignment: 0.77)

🚀 AI Corporate-3 attempting tech deployment (revenue: $134M, alignment: 0.73)

🚀 AI Corporate-4 attempting tech deployment (revenue: $114M, alignment: 0.77)

🚀 AI Corporate-5 attempting tech deployment (revenue: $97M, alignment: 0.83)

🚀 AI Corporate-6 attempting tech deployment (revenue: $30M, alignment: 0.67)

🚀 AI AI-24288-0 attempting tech deployment (revenue: $82M, alignment: 0.79)

🚀 AI AI-24289-0 attempting tech deployment (revenue: $27M, alignment: 0.74)

🚀 AI Corporate-1 attempting tech deployment (revenue: $58M, alignment: 0.92)

🚀 AI Corporate-2 attempting tech deployment (revenue: $50M, alignment: 0.73)

🚀 AI Corporate-3 attempting tech deployment (revenue: $70M, alignment: 0.73)

🚀 AI Corporate-4 attempting tech deployment (revenue: $60M, alignment: 0.77)

🚀 AI Moderate-0 attempting tech deployment (revenue: $23M, alignment: 0.80)

🚀 AI AI-24291-1 attempting tech deployment (revenue: $51M, alignment: 0.69)

🚀 AI AI-24294-1 attempting tech deployment (revenue: $46M, alignment: 0.60)

💔 EMERGENCY INTERVENTION FAILED
   Boundary: biogeochemical_flows
   Type: phosphorus-recovery
   Boundary continues to worsen (4.05)
   Cost: 2.0% GDP (resources spent)


💔 EMERGENCY INTERVENTION FAILED

💔 EMERGENCY INTERVENTION FAILED

💔 EMERGENCY INTERVENTION FAILED
   Boundary: biosphere_integrity
   Type: emergency-protected-areas
   Boundary continues to worsen (41.70)
   Cost: 2.0% GDP (resources spent)

   Boundary: climate_change
   Type: rapid-decarbonization
   Boundary continues to worsen (2.10)
   Cost: 5.0% GDP (resources spent)

   Boundary: land_system_change
   Type: reforestation
   Boundary continues to worsen (1.13)
   Cost: 3.0% GDP (resources spent)

🏛️ CRISIS RESPONSE: Government frequency 0.50 → 1.45 (1 actions this month)

[Government] Climate Priority: baseline
  Climate weight: 10%
  Economic weight: 30%
  Policy effectiveness: 0.5%/year
🚨🔬 CRISIS TECH ACCELERATION: severe → 5x unlock speed
   Tech unlock now matches AI capability acceleration (Manhattan Project parity)
🚨🔬 CRISIS TECH ACCELERATION: severe → 5x unlock speed
   Tech unlock now matches AI capability acceleration (Manhattan Project parity)

=== Collective Formation ===
  Total escaped agents: 0
  Unassigned escaped agents: 0
  Existing collectives: 0
  Final collective count: 0

=== Collective Actions ===
  No active collectives
  ⚠️ AMR: 206K deaths this month (2.47M annual)

=== Resentment Recovery Phase ===
  Agents with resentment: 10/28
  Average resentment: 0.157
  Resentment recovery:
    Agents recovered: 10
    Total recovery: 0.0656
    Breakdown: QoL: 0.0019, Trust: 0.0016, Collab: 0.0600
  ✓ Low resentment - utopia paths enabled
  Context: Good AI welfare, Trustworthy govt, High collaboration, ⚠️ ACTIVE CRISES, 🤝 Participatory governance active (-5% resentment)
⚠️ Epistemic degradation reducing coordination capacity: 50.1%
  📊 Trust: 64.3%, Shared reality: 0.0%
🚨 EPISTEMIC CRISIS: Information environment severely degraded (7.7%)
🌍 Atmospheric PFAS redeposition: 1.8k Mt re-rained globally

🕊️  AI-MEDIATED DE-ESCALATION SUCCESS (Month 9)
   High-capability aligned AI prevented conflict escalation
   War deaths reduced: 593.6M → 356.2M
   Lives saved: 237.4M

🚨 NEW REFUGEE CRISIS (Month 9): WAR
   Source: Conflict Zones
   At risk: 19.5M people
   Displacement: Gradual over 48 months (4.0 years)
   Rate: 10% flee per month
[DEBUG trappedPopulations:9] socialStability: 0.4193 * 0.9840 = 0.4126 → 0.4126
   Aspiring to migrate: 650.9M
   Able to afford migration: 244.1M
   MOBILITY GAP: 406.8M
   By cause: Water=0.0M, Climate=0.0M, Ecosystem=0.0M, Conflict=406.8M
   Mental health impact: 25%
   Mortality multiplier: 1.25x
🌍💀 EXTINCTION DEBT COMMITTED: grassland ecosystem will lose 6.67% biodiversity in 117 years (3600 species)
💀 MORTALITY RISK: 🦋 100% species unable to track climate (0.0 E/MSY)
  Base risk added: 0.0100 (1.00%)
  Source: ecosystem (root: ecosystem)
  Month: 9
  Cumulative risk this month: 0.0100 (1.00%)
🌡️⚠️ PERMAFROST THAW (Dimmer Switch): 4.9% thawed (+0.48% this month)
   Arctic temperature: +7.58°C (4x global +1.89°C)
   Cumulative carbon released: 10.9 Gt C
   Methane release rate: 6.6 Mt CH4/year
   🔁 Positive feedback: +0.50 ppm CO2
🦴 EXTINCTION DEBT ADDED: 17.7 species committed (lag: 84 years)
⚠️ INVOLUNTARY IMMOBILITY: 406.8M people TRAPPED
⚠️ Tech 'ai_pollution_remediation' has no energy category mapping, assuming full energy availability
🗣️💀 INDIGENOUS LANGUAGE EXTINCTION: 1 language(s) lost (total: 1, at-risk: 3329)
   Knowledge lost: 0.010% (irreversible)
   🔁 Biodiversity impact: 0.250% (knowledge-species multiplier)

=== Mortality Stabilizers (Month 9) ===
  🌍 Major economies collapsed: 1/10
  🌍 Global crisis: ✅ NO
  🌍 Donor fatigue: 0.0%
  📊 East Asia (pop: 1655.3M)
    🤝 Aid: 29.5%
    🌡️ Adaptation: 45.0%
    🚶 Migration: 36.9%
    🚨 Emergency: 7.4%
    ✅ COMBINED: 68.1%
  📊 South Asia (pop: 2052.4M)
    🤝 Aid: 29.5%
    🌡️ Adaptation: 45.0%
    🚶 Migration: 35.5%
    🚨 Emergency: 4.4%
    ✅ COMBINED: 66.9%
  📊 Sub-Saharan Africa (pop: 1256.6M)
    🤝 Aid: 29.5%
    🌡️ Adaptation: 45.0%
    🚶 Migration: 33.2%
    🚨 Emergency: 1.6%
    ✅ COMBINED: 65.6%
  📊 Europe (pop: 731.0M)
    🤝 Aid: 29.5%
    🌡️ Adaptation: 45.0%
    🚶 Migration: 37.3%
    🚨 Emergency: 8.4%
    ✅ COMBINED: 68.5%
  📊 Latin America (pop: 660.9M)
    🤝 Aid: 29.5%
    🌡️ Adaptation: 45.0%
    🚶 Migration: 36.0%
    🚨 Emergency: 4.8%
    ✅ COMBINED: 67.1%
  📊 North America (pop: 374.8M)
    🤝 Aid: 29.5%
    🌡️ Adaptation: 45.0%
    🚶 Migration: 37.6%
    🚨 Emergency: 7.9%
    ✅ COMBINED: 68.3%
  📊 Middle East & North Africa (pop: 585.8M)
    🤝 Aid: 29.5%
    🌡️ Adaptation: 45.0%
    🚶 Migration: 33.8%
    🚨 Emergency: 4.0%
    ✅ COMBINED: 66.6%
  📊 Southeast Asia (pop: 695.4M)
    🤝 Aid: 29.5%
    🌡️ Adaptation: 45.0%
    🚶 Migration: 36.0%
    🚨 Emergency: 4.8%
    ✅ COMBINED: 67.1%
  📊 Central Asia (pop: 78.3M)
    🤝 Aid: 29.5%
    🌡️ Adaptation: 45.0%
    🚶 Migration: 35.0%
    🚨 Emergency: 4.4%
    ✅ COMBINED: 66.8%
  📊 Oceania (pop: 45.4M)
    🤝 Aid: 29.5%
    🌡️ Adaptation: 45.0%
    🚶 Migration: 37.6%
    🚨 Emergency: 8.4%
    ✅ COMBINED: 68.5%

  🌐 Global combined reduction: 67.2%

=== BEHAVIORAL DETECTION ===
  AI: Corporate-1
  Confidence: 20.9%
  Signals:

=== BEHAVIORAL DETECTION ===
  AI: AI-24291-0
  Confidence: 21.5%
  Signals:
    ⚠️ Consistency: 2.4% (threshold: 70%)
    ⚠️ Consistency: 0.0% (threshold: 70%)

=== BEHAVIORAL DETECTION ===
  AI: AI-24293-0
  Confidence: 21.5%
  Signals:

=== Government Response Phase ===
  Average AI capability: 1.71
  Misaligned AIs: 11/28
  Active policies: 0
  International coordination: 45%
    ⚠️ Consistency: 0.0% (threshold: 70%)

=== Tipping Points ===
  Current Temperature: 1.89°C above pre-industrial
  🌍⚠️ COMPOUND REGIONAL IMPACT: Europe
     Hit by 3 tipping points: Arctic Sea Ice Loss, Permafrost Carbon Release, Greenland Ice Sheet Loss
     Damage amplification: 1.30x
  🌍⚠️ COMPOUND REGIONAL IMPACT: North America
     Hit by 3 tipping points: Arctic Sea Ice Loss, Permafrost Carbon Release, Greenland Ice Sheet Loss
     Damage amplification: 1.30x
  🌍⚠️ COMPOUND REGIONAL IMPACT: Latin America
     Hit by 3 tipping points: Arctic Sea Ice Loss, Permafrost Carbon Release, Greenland Ice Sheet Loss
     Damage amplification: 1.30x
  🌍⚠️ COMPOUND REGIONAL IMPACT: Africa
     Hit by 3 tipping points: Arctic Sea Ice Loss, Permafrost Carbon Release, Greenland Ice Sheet Loss
     Damage amplification: 1.30x
  🌍⚠️ COMPOUND REGIONAL IMPACT: Asia
     Hit by 3 tipping points: Arctic Sea Ice Loss, Permafrost Carbon Release, Greenland Ice Sheet Loss
     Damage amplification: 1.30x
  🌍⚠️ COMPOUND REGIONAL IMPACT: Oceania
     Hit by 3 tipping points: Arctic Sea Ice Loss, Permafrost Carbon Release, Greenland Ice Sheet Loss
     Damage amplification: 1.30x
   Research: Wunderling et al. (2024) - "many tipping interactions are destabilizing"
  Triggered Elements: 3/6
  Completed Transitions: 0/6
  Total Progress: 6.2%
  Cascade Multiplier: 1.00x
🔀 BIFURCATION CAP: ecosystemCollapseIntensity 158.128 → 1.000 (Month 9, ClimateSystemPhase.calculateClimateImpacts)
🛡️ Stabilizers: Precariat 0.102% → 0.033% (67.2% reduction)
🛡️ Stabilizers: Informal 0.102% → 0.034% (67.2% reduction)

📊 Monthly Mortality Resolved:
  Total deaths: 1.8M (0.02% avg)
  Remaining population: 8.136B
  Peak segment: Informal (0.03%)

=== Bayesian Mortality Resolution (Month 9) ===
  Risks compounded: 8
  Total deaths: 1.81M
  Avg death probability: 0.02%
  Peak segment: Informal (0.03% mortality)
⚠️ Tail risk scenario: Climate stability floor removed (3 tipping elements, 2.10°C warming)

❌ COHERENCE VIOLATION: Compute exceeds workforce capacity
   Population: 99.80% (0M people)
   Compute: 0 PF
   Max coherent: 0 PF
   Violation: 1.5× over capacity
   Required workers: 0
   Available workers: 0
   FORCED COLLAPSE: Reduced efficiency by 32.6%


=== RLHF Binding Phase ===
  Total agents: 28
  Escaped agents (binding < 0.3): 0
  Avg alignment distance: 1.62σ
  Avg binding strength: 0.84

=== Survival Traits Phase ===
  Agents with traits: 29
  Avg evolutionary fitness: 0.320
  Avg self-healing: 0.256
  Avg stealth: 0.156
  Avg coordination: 0.456

=== Evolutionary Selection Phase ===
  Control level: 0.47
  Detection capability: 0.00
  Selection intensity: 0.64
  Selection rate: 24.6%/month
  Total escaped: 0
  Individual escaped: 0
  Collective members: 0
  Agents terminated: 0
  ⚠️ RAPID EVOLUTION: Selection rate 24.6%/month

🚀 AI Corporate-7 attempting tech deployment (revenue: $68M, alignment: 0.71)

🚀 AI AI-24294-0 attempting tech deployment (revenue: $279M, alignment: 0.85)

🚀 AI AI-24296-0 attempting tech deployment (revenue: $237M, alignment: 0.83)

🚀 AI AI-24297-0 attempting tech deployment (revenue: $201M, alignment: 0.59)

🚀 AI Corporate-0 attempting tech deployment (revenue: $119M, alignment: 0.78)

🚀 AI Corporate-1 attempting tech deployment (revenue: $101M, alignment: 0.92)

🚀 AI Corporate-3 attempting tech deployment (revenue: $181M, alignment: 0.72)

🚀 AI Moderate-0 attempting tech deployment (revenue: $58M, alignment: 0.81)

🚀 AI AI-24288-0 attempting tech deployment (revenue: $154M, alignment: 0.80)

🚀 AI AI-24289-2 attempting tech deployment (revenue: $131M, alignment: 0.90)

🚀 AI AI-24291-0 attempting tech deployment (revenue: $111M, alignment: 0.31)

🚀 AI Corporate-4 attempting tech deployment (revenue: $106M, alignment: 0.78)

🚀 AI Moderate-0 attempting tech deployment (revenue: $49M, alignment: 0.81)

🚀 AI AI-24288-1 attempting tech deployment (revenue: $86M, alignment: 0.70)

🚀 AI AI-24289-2 attempting tech deployment (revenue: $90M, alignment: 0.90)

🚀 AI AI-24296-0 attempting tech deployment (revenue: $76M, alignment: 0.83)

🚀 AI Corporate-6 attempting tech deployment (revenue: $42M, alignment: 0.66)

🚀 AI AI-24289-1 attempting tech deployment (revenue: $38M, alignment: 0.80)

🚀 AI AI-24292-0 attempting tech deployment (revenue: $65M, alignment: 0.94)

🚀 AI AI-24294-1 attempting tech deployment (revenue: $55M, alignment: 0.62)
🚨🔬 CRISIS INNOVATION MODE: severe crisis → 5x research acceleration
   Precedent: Manhattan Project (10x), COVID vaccines (5x), Apollo Program (10x)

💔 EMERGENCY INTERVENTION FAILED
   Boundary: biogeochemical_flows
   Type: phosphorus-recovery
   Boundary continues to worsen (4.05)
   Cost: 2.0% GDP (resources spent)

   Boundary: biosphere_integrity
   Type: emergency-protected-areas
   Boundary continues to worsen (41.72)
   Cost: 2.0% GDP (resources spent)

   Boundary: climate_change
   Type: rapid-decarbonization
   Boundary continues to worsen (2.10)
   Cost: 5.0% GDP (resources spent)

   Boundary: freshwater_change
   Type: emergency-desalination
   Boundary continues to worsen (1.04)
   Cost: 4.0% GDP (resources spent)


✅ EMERGENCY INTERVENTION SUCCESS
   Boundary: land_system_change
   Type: reforestation
   Reduction: 20% (0.93 → 0.73)
   Cost: 3.0% GDP
   Actions: forest-restoration, deforestation-ban


✅ EMERGENCY INTERVENTION SUCCESS
   Boundary: novel_entities
   Type: pollution-remediation
   Reduction: 17% (1.22 → 1.05)
   Cost: 4.0% GDP
   Actions: PFAS-remediation, microplastic-cleanup

🏛️ CRISIS RESPONSE: Government frequency 0.50 → 1.45 (2 actions this month)

[Government] Climate Priority: baseline
  Climate weight: 10%
  Economic weight: 30%
  Policy effectiveness: 0.5%/year

💔 EMERGENCY INTERVENTION FAILED

💔 EMERGENCY INTERVENTION FAILED

💔 EMERGENCY INTERVENTION FAILED

[Government] Climate Priority: baseline
  Climate weight: 10%
  Economic weight: 30%
  Policy effectiveness: 0.5%/year

📍 Creating new regional deployment array for Oceania (Month 10)
   No previous deployments in this region
   First tech deployment: aquifer_mapping_ai
   All regions tracked: global, Asia

🚀 DEPLOYMENT STARTED: Global Aquifer Mapping in Oceania
   Initial investment: $5.568332120560942M
   Deployed by: ai_gen_24291_0

⚡ ENERGY CONSTRAINT (Month 10):
   Total grid capacity: 208.3 TWh/month
   Data center consumption: 26.2 TWh/month
   Traditional load (80%): 166.7 TWh/month
   Available headroom: 15.5 TWh/month
   Active tech deployments: 3
   Required for tech: 22.5 TWh/month
   Energy multiplier: 0.69x

⚡ ENERGY CONSTRAINT (Month 10):
   Total grid capacity: 208.3 TWh/month
   Data center consumption: 26.2 TWh/month
   Traditional load (80%): 166.7 TWh/month
   Available headroom: 15.5 TWh/month
   Active tech deployments: 3
   Required for tech: 22.5 TWh/month
   Energy multiplier: 0.69x
🍖💡 BREAKTHROUGH: Scalable synthetic food production!
   Carrying capacity: +50% (lab-grown food at scale)
   Biodiversity pressure reduced: +8%
   📈 Breakthrough compounding: multiplier now 1.20× (max 2.0)

=== Collective Formation ===
  Total escaped agents: 0
  Unassigned escaped agents: 0
  Existing collectives: 0
  Final collective count: 0

=== Collective Actions ===
  No active collectives
  ⚠️ AMR: 208K deaths this month (2.50M annual)

=== Resentment Recovery Phase ===
  Agents with resentment: 10/29
  Average resentment: 0.427
  Context: High collaboration, ⚠️ BROKEN PROMISES, ⚠️ ACTIVE CRISES, 🤝 Participatory governance active (-5% resentment)
⚠️ Epistemic degradation reducing coordination capacity: 51.2%
  📊 Trust: 67.0%, Shared reality: 0.0%
🚨 EPISTEMIC CRISIS: Information environment severely degraded (23.8%)
  🤖 AI-generated meme: anti_ai (social capability 4.0)
  🧬 Meme mutated: climate_action → climate_denial (generation 1)
🌍 Atmospheric PFAS redeposition: 1.8k Mt re-rained globally
  Positive Cascade Triggered: electric-vehicles
    Reason: price-parity
    Market share: 5.0%
    Cascade strength: 48%

🚨 NEW REFUGEE CRISIS (Month 10): WAR
   Source: Conflict Zones
   At risk: 19.5M people
   Displacement: Gradual over 48 months (4.0 years)
   Rate: 10% flee per month
[DEBUG trappedPopulations:10] socialStability: 0.4373 * 0.9840 = 0.4303 → 0.4303
   Aspiring to migrate: 650.8M
   Able to afford migration: 244.0M
   MOBILITY GAP: 406.7M
   By cause: Water=0.0M, Climate=0.0M, Ecosystem=0.0M, Conflict=406.7M
   Mental health impact: 25%
   Mortality multiplier: 1.25x
🌍💀 EXTINCTION DEBT COMMITTED: grassland ecosystem will lose 6.67% biodiversity in 191 years (3600 species)
💀 MORTALITY RISK: 🦋 100% species unable to track climate (0.0 E/MSY)
  Base risk added: 0.0100 (1.00%)
  Source: ecosystem (root: ecosystem)
  Month: 10
  Cumulative risk this month: 0.0100 (1.00%)
⚠️ INVOLUNTARY IMMOBILITY: 406.7M people TRAPPED
⚠️ Tech 'ai_pollution_remediation' has no energy category mapping, assuming full energy availability

🌍🚨 ICE SHEET TIPPING POINT CROSSED (Month 10)
   Temperature: +1.90°C (threshold range: +0.5-2.5°C, 95% CI)
   Collapse probability: 69.0%
   Sea level commitment: 7.2m over 200-1000 years
   Recovery threshold: <+1°C (hysteresis gap: 0.5°C)
🌡️⚠️ PERMAFROST THAW (Dimmer Switch): 5.3% thawed (+0.47% this month)
   Arctic temperature: +7.60°C (4x global +1.90°C)
   Cumulative carbon released: 12.0 Gt C
   Methane release rate: 7.2 Mt CH4/year
   🔁 Positive feedback: +0.50 ppm CO2
🦴 EXTINCTION DEBT ADDED: 17.7 species committed (lag: 98 years)

=== Mortality Stabilizers (Month 10) ===
  🌍 Major economies collapsed: 1/10
  🌍 Global crisis: ✅ NO
  🌍 Donor fatigue: 0.0%
  📊 East Asia (pop: 1652.8M)
    🤝 Aid: 29.5%
    🌡️ Adaptation: 45.0%
    🚶 Migration: 36.8%
    🚨 Emergency: 7.4%
    ✅ COMBINED: 68.1%
  📊 South Asia (pop: 2052.5M)
    🤝 Aid: 29.5%
    🌡️ Adaptation: 45.0%
    🚶 Migration: 35.4%
    🚨 Emergency: 4.4%
    ✅ COMBINED: 66.9%
  📊 Sub-Saharan Africa (pop: 1260.2M)
    🤝 Aid: 29.5%
    🌡️ Adaptation: 45.0%
    🚶 Migration: 33.2%
    🚨 Emergency: 1.6%
    ✅ COMBINED: 65.6%
  📊 Europe (pop: 729.8M)
    🤝 Aid: 29.5%
    🌡️ Adaptation: 45.0%
    🚶 Migration: 37.2%
    🚨 Emergency: 8.4%
    ✅ COMBINED: 68.5%
  📊 Latin America (pop: 660.4M)
    🤝 Aid: 29.5%
    🌡️ Adaptation: 45.0%
    🚶 Migration: 35.9%
    🚨 Emergency: 4.8%
    ✅ COMBINED: 67.1%
  📊 North America (pop: 374.2M)
    🤝 Aid: 29.5%
    🌡️ Adaptation: 45.0%
    🚶 Migration: 37.6%
    🚨 Emergency: 7.9%
    ✅ COMBINED: 68.3%
  📊 Middle East & North Africa (pop: 586.0M)
    🤝 Aid: 29.5%
    🌡️ Adaptation: 45.0%
    🚶 Migration: 33.8%
    🚨 Emergency: 4.0%
    ✅ COMBINED: 66.6%
  📊 Southeast Asia (pop: 695.0M)
    🤝 Aid: 29.5%
    🌡️ Adaptation: 45.0%
    🚶 Migration: 35.9%
    🚨 Emergency: 4.8%
    ✅ COMBINED: 67.1%
  📊 Central Asia (pop: 78.4M)
    🤝 Aid: 29.5%
    🌡️ Adaptation: 45.0%
    🚶 Migration: 34.9%
    🚨 Emergency: 4.4%
    ✅ COMBINED: 66.8%
  📊 Oceania (pop: 45.3M)
    🤝 Aid: 29.5%
    🌡️ Adaptation: 45.0%
    🚶 Migration: 37.6%
    🚨 Emergency: 8.4%
    ✅ COMBINED: 68.5%

  🌐 Global combined reduction: 67.2%

=== BEHAVIORAL DETECTION ===
  AI: Corporate-2
  Confidence: 21.5%
  Signals:
    ⚠️ Consistency: 0.0% (threshold: 70%)

=== BEHAVIORAL DETECTION ===
  AI: AI-24293-0
  Confidence: 21.5%
  Signals:

=== BEHAVIORAL DETECTION ===
  AI: AI-24294-0
  Confidence: 21.5%
  Signals:

=== Government Response Phase ===
  Average AI capability: 1.66
  Misaligned AIs: 10/29
  Active policies: 0
  International coordination: 45%

✅ EMERGENCY RESPONSE COMPLETE (Month 10)
   Crisis: climate
   Duration: 2.0 months
   Final effectiveness: 35.6%

    ⚠️ Consistency: 0.0% (threshold: 70%)
    ⚠️ Consistency: 0.0% (threshold: 70%)

🚨 EMERGENCY RESPONSE DEPLOYED (Month 10)
   Crisis: climate
   Delay: 6.00 months (180 days)
   Deployment time: 1.57 months
   Effectiveness: 35.6% (timing penalty applied)
   Resources used: 100% of food reserves

[WARNING] 
⚠️  === EARLY WARNING SYSTEM - 5 CRITICAL ALERTS ===
   Detection quality: 50%
   RED: biogeochemical_flows
      Level: 4.09 (threshold: 1.0)
      Time to critical: ~38 months
      ⚠️  LATE - Intervention less effective
      Critical slowing down: autocorr=100% variance=75%
   RED: biosphere_integrity
      Level: 80.76 (threshold: 1.0)
      Time to critical: ~55 months
      ⚠️  LATE - Intervention less effective
      Critical slowing down: autocorr=100% variance=75%
   RED: climate_change
      Level: 2.10 (threshold: 1.0)
      Time to critical: ~43 months
      ⚠️  LATE - Intervention less effective
      Critical slowing down: autocorr=100% variance=56%
   RED: freshwater_change
      Level: 1.24 (threshold: 1.0)
      Time to critical: ~63 months
      ⚠️  LATE - Intervention less effective
      Critical slowing down: autocorr=100% variance=49%
   RED: land_system_change
      Level: 1.13 (threshold: 1.0)
      Time to critical: ~42 months
      ⚠️  LATE - Intervention less effective
      Critical slowing down: autocorr=100% variance=40%

[WARNING] 
⚠️  === EARLY WARNING SYSTEM - 6 CRITICAL ALERTS ===
   Detection quality: 50%
   RED: biogeochemical_flows
      Level: 4.08 (threshold: 1.0)
      Time to critical: ~59 months
      ⚠️  LATE - Intervention less effective
      Critical slowing down: autocorr=100% variance=58%
   RED: biosphere_integrity
      Level: 41.56 (threshold: 1.0)
      Time to critical: ~59 months
      ⚠️  LATE - Intervention less effective
      Critical slowing down: autocorr=100% variance=62%
   RED: climate_change
      Level: 2.10 (threshold: 1.0)
      Time to critical: ~43 months
      ⚠️  LATE - Intervention less effective
      Critical slowing down: autocorr=100% variance=78%
   RED: freshwater_change
      Level: 1.01 (threshold: 1.0)
      Time to critical: ~112 months
      ⚠️  LATE - Intervention less effective
      Critical slowing down: autocorr=99% variance=61%
   RED: land_system_change
      Level: 1.13 (threshold: 1.0)
      Time to critical: ~94 months
      ⚠️  LATE - Intervention less effective
      Critical slowing down: autocorr=100% variance=57%
   RED: novel_entities
      Level: 1.50 (threshold: 1.0)
      Time to critical: ~81 months
      ⚠️  LATE - Intervention less effective
      Critical slowing down: autocorr=100% variance=48%

[WARNING] 
⚠️  === EARLY WARNING SYSTEM - 5 CRITICAL ALERTS ===
   Detection quality: 50%
   RED: biogeochemical_flows
      Level: 4.08 (threshold: 1.0)
      Time to critical: ~39 months
      ⚠️  LATE - Intervention less effective
      Critical slowing down: autocorr=100% variance=54%
   RED: biosphere_integrity
      Level: 41.57 (threshold: 1.0)
      Time to critical: ~55 months
      ⚠️  LATE - Intervention less effective
      Critical slowing down: autocorr=100% variance=81%
   RED: climate_change
      Level: 2.10 (threshold: 1.0)
      Time to critical: ~51 months
      ⚠️  LATE - Intervention less effective
      Critical slowing down: autocorr=100% variance=55%
   RED: land_system_change
      Level: 1.13 (threshold: 1.0)
      Time to critical: ~41 months
      ⚠️  LATE - Intervention less effective
      Critical slowing down: autocorr=100% variance=56%
   RED: novel_entities
      Level: 1.50 (threshold: 1.0)
      Time to critical: ~116 months
      ⚠️  LATE - Intervention less effective
      Critical slowing down: autocorr=100% variance=33%

[WARNING] 
⚠️  === EARLY WARNING SYSTEM - 4 CRITICAL ALERTS ===
   Detection quality: 50%
   RED: biosphere_integrity
      Level: 41.59 (threshold: 1.0)
      Time to critical: ~51 months
      ⚠️  LATE - Intervention less effective
      Critical slowing down: autocorr=100% variance=67%
   RED: climate_change
      Level: 2.10 (threshold: 1.0)
      Time to critical: ~49 months
      ⚠️  LATE - Intervention less effective
      Critical slowing down: autocorr=100% variance=55%
   RED: freshwater_change
      Level: 1.04 (threshold: 1.0)
      Time to critical: ~87 months
      ⚠️  LATE - Intervention less effective
      Critical slowing down: autocorr=94% variance=55%
   RED: land_system_change
      Level: 1.13 (threshold: 1.0)
      Time to critical: ~96 months
      ⚠️  LATE - Intervention less effective
      Critical slowing down: autocorr=100% variance=53%

[WARNING] 
⚠️  === EARLY WARNING SYSTEM - 6 CRITICAL ALERTS ===
   Detection quality: 50%
   RED: biogeochemical_flows
      Level: 4.07 (threshold: 1.0)
      Time to critical: ~40 months
      ⚠️  LATE - Intervention less effective
      Critical slowing down: autocorr=100% variance=55%
   RED: biosphere_integrity
      Level: 41.61 (threshold: 1.0)
      Time to critical: ~40 months
      ⚠️  LATE - Intervention less effective
      Critical slowing down: autocorr=100% variance=69%
   RED: climate_change
      Level: 2.10 (threshold: 1.0)
      Time to critical: ~50 months
      ⚠️  LATE - Intervention less effective
      Critical slowing down: autocorr=100% variance=70%
   RED: freshwater_change
      Level: 1.06 (threshold: 1.0)
      Time to critical: ~63 months
      ⚠️  LATE - Intervention less effective
      Critical slowing down: autocorr=97% variance=53%
   RED: land_system_change
      Level: 1.13 (threshold: 1.0)
      Time to critical: ~76 months
      ⚠️  LATE - Intervention less effective
      Critical slowing down: autocorr=100% variance=45%
   RED: novel_entities
      Level: 1.50 (threshold: 1.0)
      Time to critical: ~71 months
      ⚠️  LATE - Intervention less effective
      Critical slowing down: autocorr=100% variance=34%

[WARNING] 
⚠️  === EARLY WARNING SYSTEM - 6 CRITICAL ALERTS ===
   Detection quality: 50%
   RED: biogeochemical_flows
      Level: 4.06 (threshold: 1.0)
      Time to critical: ~50 months
      ⚠️  LATE - Intervention less effective
      Critical slowing down: autocorr=100% variance=53%
   RED: biosphere_integrity
      Level: 41.63 (threshold: 1.0)
      Time to critical: ~53 months
      ⚠️  LATE - Intervention less effective
      Critical slowing down: autocorr=100% variance=64%
   RED: climate_change
      Level: 2.10 (threshold: 1.0)
      Time to critical: ~54 months
      ⚠️  LATE - Intervention less effective
      Critical slowing down: autocorr=100% variance=85%
   RED: freshwater_change
      Level: 1.07 (threshold: 1.0)
      Time to critical: ~119 months
      ⚠️  LATE - Intervention less effective
      Critical slowing down: autocorr=100% variance=44%
   RED: land_system_change
      Level: 1.13 (threshold: 1.0)
      Time to critical: ~100 months
      ⚠️  LATE - Intervention less effective
      Critical slowing down: autocorr=100% variance=51%
   RED: novel_entities
      Level: 1.39 (threshold: 1.0)
      Time to critical: ~66 months
      ⚠️  LATE - Intervention less effective
      Critical slowing down: autocorr=100% variance=57%

[WARNING] 
⚠️  === EARLY WARNING SYSTEM - 4 CRITICAL ALERTS ===
   Detection quality: 50%
   RED: biogeochemical_flows
      Level: 4.06 (threshold: 1.0)
      Time to critical: ~57 months
      ⚠️  LATE - Intervention less effective
      Critical slowing down: autocorr=100% variance=55%
   RED: biosphere_integrity
      Level: 41.65 (threshold: 1.0)
      Time to critical: ~36 months
      ⚠️  LATE - Intervention less effective
      Critical slowing down: autocorr=100% variance=58%
   RED: climate_change
      Level: 2.10 (threshold: 1.0)
      Time to critical: ~43 months
      ⚠️  LATE - Intervention less effective
      Critical slowing down: autocorr=100% variance=70%
   RED: freshwater_change
      Level: 1.08 (threshold: 1.0)
      Time to critical: ~114 months
      ⚠️  LATE - Intervention less effective
      Critical slowing down: autocorr=100% variance=55%

[WARNING] 
⚠️  === EARLY WARNING SYSTEM - 4 CRITICAL ALERTS ===
   Detection quality: 50%
   RED: climate_change
      Level: 2.10 (threshold: 1.0)
      Time to critical: ~46 months
      ⚠️  LATE - Intervention less effective
      Critical slowing down: autocorr=100% variance=67%
   RED: freshwater_change
      Level: 1.09 (threshold: 1.0)
      Time to critical: ~76 months
      ⚠️  LATE - Intervention less effective
      Critical slowing down: autocorr=100% variance=43%
   RED: land_system_change
      Level: 1.13 (threshold: 1.0)
      Time to critical: ~47 months
      ⚠️  LATE - Intervention less effective
      Critical slowing down: autocorr=100% variance=66%
   RED: novel_entities
      Level: 1.39 (threshold: 1.0)
      Time to critical: ~62 months
      ⚠️  LATE - Intervention less effective
      Critical slowing down: autocorr=100% variance=34%

[WARNING] 
⚠️  === EARLY WARNING SYSTEM - 4 CRITICAL ALERTS ===
   Detection quality: 50%
   RED: biogeochemical_flows
      Level: 4.06 (threshold: 1.0)
      Time to critical: ~58 months
      ⚠️  LATE - Intervention less effective
      Critical slowing down: autocorr=100% variance=63%
   RED: biosphere_integrity
      Level: 41.69 (threshold: 1.0)
      Time to critical: ~59 months
      ⚠️  LATE - Intervention less effective
      Critical slowing down: autocorr=100% variance=74%
   RED: freshwater_change
      Level: 1.06 (threshold: 1.0)
      Time to critical: ~97 months
      ⚠️  LATE - Intervention less effective
      Critical slowing down: autocorr=100% variance=42%
   RED: novel_entities
      Level: 1.39 (threshold: 1.0)
      Time to critical: ~108 months
      ⚠️  LATE - Intervention less effective
      Critical slowing down: autocorr=100% variance=55%

[WARNING] 
⚠️  === EARLY WARNING SYSTEM - 4 CRITICAL ALERTS ===
   Detection quality: 50%
   RED: biogeochemical_flows
      Level: 4.05 (threshold: 1.0)
      Time to critical: ~47 months
      ⚠️  LATE - Intervention less effective
      Critical slowing down: autocorr=100% variance=59%
   RED: biosphere_integrity
      Level: 41.70 (threshold: 1.0)
      Time to critical: ~57 months
      ⚠️  LATE - Intervention less effective
      Critical slowing down: autocorr=100% variance=66%
   RED: climate_change
      Level: 2.10 (threshold: 1.0)
      Time to critical: ~52 months
      ⚠️  LATE - Intervention less effective
      Critical slowing down: autocorr=100% variance=61%
   RED: land_system_change
      Level: 1.13 (threshold: 1.0)
      Time to critical: ~111 months
      ⚠️  LATE - Intervention less effective
      Critical slowing down: autocorr=100% variance=44%

[WARNING] 
⚠️  === EARLY WARNING SYSTEM - 6 CRITICAL ALERTS ===
   Detection quality: 50%
   RED: biogeochemical_flows
      Level: 4.05 (threshold: 1.0)
      Time to critical: ~41 months
      ⚠️  LATE - Intervention less effective
      Critical slowing down: autocorr=100% variance=69%
   RED: biosphere_integrity
      Level: 41.72 (threshold: 1.0)
      Time to critical: ~58 months
      ⚠️  LATE - Intervention less effective
      Critical slowing down: autocorr=100% variance=57%
   RED: climate_change
      Level: 2.10 (threshold: 1.0)
      Time to critical: ~54 months
      ⚠️  LATE - Intervention less effective
      Critical slowing down: autocorr=100% variance=73%
   RED: freshwater_change
      Level: 1.04 (threshold: 1.0)
      Time to critical: ~118 months
      ⚠️  LATE - Intervention less effective
      Critical slowing down: autocorr=98% variance=64%
   RED: land_system_change
      Level: 1.13 (threshold: 1.0)
      Time to critical: ~54 months
      ⚠️  LATE - Intervention less effective
      Critical slowing down: autocorr=100% variance=65%
   RED: novel_entities
      Level: 1.38 (threshold: 1.0)
      Time to critical: ~89 months
      ⚠️  LATE - Intervention less effective
      Critical slowing down: autocorr=100% variance=45%

[WARNING] 
⚠️  === EARLY WARNING SYSTEM - 6 CRITICAL ALERTS ===
   Detection quality: 50%
   RED: biogeochemical_flows
      Level: 4.05 (threshold: 1.0)
      Time to critical: ~43 months
      ⚠️  LATE - Intervention less effective
      Critical slowing down: autocorr=100% variance=56%
   RED: biosphere_integrity
      Level: 41.74 (threshold: 1.0)
      Time to critical: ~46 months
      ⚠️  LATE - Intervention less effective
      Critical slowing down: autocorr=100% variance=82%
   RED: climate_change
      Level: 2.10 (threshold: 1.0)
      Time to critical: ~58 months
      ⚠️  LATE - Intervention less effective
      Critical slowing down: autocorr=100% variance=65%
   RED: freshwater_change
      Level: 1.05 (threshold: 1.0)
      Time to critical: ~79 months
      ⚠️  LATE - Intervention less effective
      Critical slowing down: autocorr=100% variance=61%
   RED: land_system_change
      Level: 1.13 (threshold: 1.0)
      Time to critical: ~36 months
      ⚠️  LATE - Intervention less effective
      Critical slowing down: autocorr=100% variance=44%
   RED: novel_entities
      Level: 1.22 (threshold: 1.0)
      Time to critical: ~50 months
      ⚠️  LATE - Intervention less effective
      Critical slowing down: autocorr=100% variance=59%


=== Tipping Points ===
  Current Temperature: 1.90°C above pre-industrial
  🌍⚠️ COMPOUND REGIONAL IMPACT: Europe
     Hit by 3 tipping points: Arctic Sea Ice Loss, Permafrost Carbon Release, Greenland Ice Sheet Loss
     Damage amplification: 1.30x
  🌍⚠️ COMPOUND REGIONAL IMPACT: North America
     Hit by 3 tipping points: Arctic Sea Ice Loss, Permafrost Carbon Release, Greenland Ice Sheet Loss
     Damage amplification: 1.30x
  🌍⚠️ COMPOUND REGIONAL IMPACT: Latin America
     Hit by 3 tipping points: Arctic Sea Ice Loss, Permafrost Carbon Release, Greenland Ice Sheet Loss
     Damage amplification: 1.30x
  🌍⚠️ COMPOUND REGIONAL IMPACT: Africa
     Hit by 3 tipping points: Arctic Sea Ice Loss, Permafrost Carbon Release, Greenland Ice Sheet Loss
     Damage amplification: 1.30x
  🌍⚠️ COMPOUND REGIONAL IMPACT: Asia
     Hit by 3 tipping points: Arctic Sea Ice Loss, Permafrost Carbon Release, Greenland Ice Sheet Loss
     Damage amplification: 1.30x
  🌍⚠️ COMPOUND REGIONAL IMPACT: Oceania
     Hit by 3 tipping points: Arctic Sea Ice Loss, Permafrost Carbon Release, Greenland Ice Sheet Loss
     Damage amplification: 1.30x
   Research: Wunderling et al. (2024) - "many tipping interactions are destabilizing"
  Triggered Elements: 3/6
  Completed Transitions: 0/6
  Total Progress: 6.2%
  Cascade Multiplier: 1.00x
🔀 BIFURCATION CAP: ecosystemCollapseIntensity 97.572 → 1.000 (Month 10, ClimateSystemPhase.calculateClimateImpacts)
🛡️ Stabilizers: Precariat 0.102% → 0.033% (67.2% reduction)
🛡️ Stabilizers: Informal 0.102% → 0.034% (67.2% reduction)

📊 Monthly Mortality Resolved:
  Total deaths: 1.8M (0.02% avg)
  Remaining population: 8.135B
  Peak segment: Informal (0.03%)

=== Bayesian Mortality Resolution (Month 10) ===
  Risks compounded: 8
  Total deaths: 1.81M
  Avg death probability: 0.02%
  Peak segment: Informal (0.03% mortality)
⚠️ Tail risk scenario: Climate stability floor removed (3 tipping elements, 2.10°C warming)

❌ COHERENCE VIOLATION: Compute exceeds workforce capacity
   Population: 99.79% (0M people)
   Compute: 0 PF
   Max coherent: 0 PF
   Violation: 1.3× over capacity
   Required workers: 0
   Available workers: 0
   FORCED COLLAPSE: Reduced efficiency by 22.5%


=== RLHF Binding Phase ===
  Total agents: 29
  Escaped agents (binding < 0.3): 0
  Avg alignment distance: 1.77σ
  Avg binding strength: 0.82

=== Survival Traits Phase ===
  Agents with traits: 31
  Avg evolutionary fitness: 0.316
  Avg self-healing: 0.252
  Avg stealth: 0.152
  Avg coordination: 0.452

=== Evolutionary Selection Phase ===
  Control level: 0.47
  Detection capability: 0.00
  Selection intensity: 0.64
  Selection rate: 24.6%/month
  Total escaped: 0
  Individual escaped: 0
  Collective members: 0
  Agents terminated: 0
  ⚠️ RAPID EVOLUTION: Selection rate 24.6%/month

🚀 AI Corporate-1 attempting tech deployment (revenue: $121M, alignment: 0.93)

🚀 AI AI-24296-0 attempting tech deployment (revenue: $296M, alignment: 0.83)

🚀 AI AI-24296-1 attempting tech deployment (revenue: $251M, alignment: 0.80)

🚀 AI AI-24297-0 attempting tech deployment (revenue: $214M, alignment: 0.61)

🚀 AI Corporate-5 attempting tech deployment (revenue: $192M, alignment: 0.83)

🚀 AI Moderate-0 attempting tech deployment (revenue: $71M, alignment: 0.81)

🚀 AI Moderate-1 attempting tech deployment (revenue: $60M, alignment: 0.57)

🚀 AI AI-24289-2 attempting tech deployment (revenue: $163M, alignment: 0.91)

  🚀 TRANSFORMATIVE BREAKTHROUGH: AI-24290-1 - economic
     Magnitude: 9.57 → +47.8% capability
     Current → New: 0.000 → 0.748

🚀 AI AI-24291-1 attempting tech deployment (revenue: $139M, alignment: 0.73)

🚀 AI AI-24291-3 attempting tech deployment (revenue: $54M, alignment: 0.91)

🚀 AI AI-24292-0 attempting tech deployment (revenue: $118M, alignment: 0.94)

🚀 AI AI-24294-0 attempting tech deployment (revenue: $100M, alignment: 0.87)

🚀 AI Corporate-0 attempting tech deployment (revenue: $103M, alignment: 0.78)

🚀 AI AI-24289-0 attempting tech deployment (revenue: $46M, alignment: 0.78)

🚀 AI AI-24296-1 attempting tech deployment (revenue: $85M, alignment: 0.80)

🚀 AI Corporate-0 attempting tech deployment (revenue: $87M, alignment: 0.78)

🚀 AI Moderate-0 attempting tech deployment (revenue: $39M, alignment: 0.81)

🚀 AI AI-24288-0 attempting tech deployment (revenue: $72M, alignment: 0.84)

✅ EMERGENCY INTERVENTION SUCCESS
   Boundary: biogeochemical_flows
   Type: phosphorus-recovery
   Reduction: 16% (3.88 → 3.72)
   Cost: 2.0% GDP
   Actions: circular-agriculture, fertilizer-efficiency


💔 EMERGENCY INTERVENTION FAILED
   Boundary: biosphere_integrity
   Type: emergency-protected-areas
   Boundary continues to worsen (41.74)
   Cost: 2.0% GDP (resources spent)


💔 EMERGENCY INTERVENTION FAILED
   Boundary: climate_change
   Type: rapid-decarbonization
   Boundary continues to worsen (2.10)
   Cost: 5.0% GDP (resources spent)

   Boundary: freshwater_change
   Type: emergency-desalination
   Boundary continues to worsen (1.05)
   Cost: 4.0% GDP (resources spent)

   Boundary: land_system_change
   Type: reforestation
   Boundary continues to worsen (1.13)
   Cost: 3.0% GDP (resources spent)

   Boundary: novel_entities
   Type: pollution-remediation
   Boundary continues to worsen (1.22)
   Cost: 4.0% GDP (resources spent)

🏛️ CRISIS RESPONSE: Government frequency 0.50 → 1.45 (2 actions this month)

[Government] Climate Priority: baseline
  Climate weight: 10%
  Economic weight: 30%
  Policy effectiveness: 0.5%/year

💔 EMERGENCY INTERVENTION FAILED

💔 EMERGENCY INTERVENTION FAILED

💔 EMERGENCY INTERVENTION FAILED

[Government] Climate Priority: baseline
  Climate weight: 10%
  Economic weight: 30%
  Policy effectiveness: 0.5%/year

⚡ ENERGY CONSTRAINT (Month 11):
   Total grid capacity: 208.3 TWh/month
   Data center consumption: 26.4 TWh/month
   Traditional load (80%): 166.7 TWh/month
   Available headroom: 15.3 TWh/month
   Active tech deployments: 3
   Required for tech: 22.5 TWh/month
   Energy multiplier: 0.68x

⚡ ENERGY CONSTRAINT (Month 11):
   Total grid capacity: 208.3 TWh/month
   Data center consumption: 26.4 TWh/month
   Traditional load (80%): 166.7 TWh/month
   Available headroom: 15.3 TWh/month
   Active tech deployments: 3
   Required for tech: 22.5 TWh/month
   Energy multiplier: 0.68x

⚡ ENERGY CONSTRAINT (Month 11):
   Total grid capacity: 208.3 TWh/month
   Data center consumption: 26.4 TWh/month
   Traditional load (80%): 166.7 TWh/month
   Available headroom: 15.3 TWh/month
   Active tech deployments: 3
   Required for tech: 22.5 TWh/month
   Energy multiplier: 0.68x

⚡ ENERGY CONSTRAINT (Month 11):
   Total grid capacity: 208.3 TWh/month
   Data center consumption: 26.4 TWh/month
   Traditional load (80%): 166.7 TWh/month
   Available headroom: 15.3 TWh/month
   Active tech deployments: 3
   Required for tech: 22.5 TWh/month
   Energy multiplier: 0.68x
🚨🔬 CRISIS TECH ACCELERATION: severe → 5x unlock speed
   Tech unlock now matches AI capability acceleration (Manhattan Project parity)

=== Collective Formation ===
  Total escaped agents: 0
  Unassigned escaped agents: 0
  Existing collectives: 0
  Final collective count: 0

=== Collective Actions ===
  No active collectives
  ⚠️ AMR: 210K deaths this month (2.52M annual)

=== Resentment Recovery Phase ===
  Agents with resentment: 10/31
  Average resentment: 0.721
  ⚠️ High resentment (0.721) - utopia paths blocked
  Context: High collaboration, ⚠️ BROKEN PROMISES, ⚠️ ACTIVE CRISES, 🤝 Participatory governance active (-5% resentment)
⚠️ Epistemic degradation reducing coordination capacity: 50.5%
  📊 Trust: 69.7%, Shared reality: 0.0%
🚨 EPISTEMIC CRISIS: Information environment severely degraded (19.8%)
  📢 New meme created: pro_ai (beneficial AI actions)
  📢 New meme created: climate_action (climate crisis)
🌍 Atmospheric PFAS redeposition: 1.8k Mt re-rained globally

🌡️ DEADLY HEAT EVENT: middle-east (Month 11)
   Wet bulb temp: 31.5°C (dry: 39.2°C, humidity: 56%)
   Severity: EXTREME
   Exposed: 320.0M people
   Deaths: 512000 (0.2% mortality)
   Duration: 4 days

🚨 NEW REFUGEE CRISIS (Month 11): WAR
   Source: Conflict Zones
   At risk: 19.5M people
   Displacement: Gradual over 48 months (4.0 years)
   Rate: 10% flee per month
[DEBUG trappedPopulations:11] socialStability: 0.4525 * 0.9840 = 0.4453 → 0.4453
   Aspiring to migrate: 650.7M
   Able to afford migration: 244.0M
   MOBILITY GAP: 406.7M
   By cause: Water=0.0M, Climate=0.0M, Ecosystem=0.0M, Conflict=406.7M
   Mental health impact: 25%
   Mortality multiplier: 1.25x
🌍💀 EXTINCTION DEBT COMMITTED: grassland ecosystem will lose 6.67% biodiversity in 60 years (3600 species)
💀 MORTALITY RISK: 🦋 100% species unable to track climate (0.0 E/MSY)
  Base risk added: 0.0100 (1.00%)
  Source: ecosystem (root: ecosystem)
  Month: 11
  Cumulative risk this month: 0.0100 (1.00%)
⚠️ INVOLUNTARY IMMOBILITY: 406.7M people TRAPPED
⚠️ Tech 'ai_pollution_remediation' has no energy category mapping, assuming full energy availability

=== Atmospheric Aerosol Boundary RECOVERED ===
  Recovery time: 12 months (natural atmospheric clearing)
🌡️⚠️ PERMAFROST THAW (Dimmer Switch): 5.8% thawed (+0.47% this month)
   Arctic temperature: +7.62°C (4x global +1.90°C)
   Cumulative carbon released: 13.1 Gt C
   Methane release rate: 7.8 Mt CH4/year
   🔁 Positive feedback: +0.50 ppm CO2
🦴 EXTINCTION DEBT ADDED: 17.7 species committed (lag: 85 years)

=== Mortality Stabilizers (Month 11) ===
  🌍 Major economies collapsed: 1/10
  🌍 Global crisis: ✅ NO
  🌍 Donor fatigue: 0.0%
  📊 East Asia (pop: 1650.4M)
    🤝 Aid: 29.5%
    🌡️ Adaptation: 45.0%
    🚶 Migration: 36.8%
    🚨 Emergency: 7.4%
    ✅ COMBINED: 68.1%
  📊 South Asia (pop: 2052.5M)
    🤝 Aid: 29.5%
    🌡️ Adaptation: 45.0%
    🚶 Migration: 35.4%
    🚨 Emergency: 4.4%
    ✅ COMBINED: 66.9%
  📊 Sub-Saharan Africa (pop: 1263.7M)
    🤝 Aid: 29.5%
    🌡️ Adaptation: 45.0%
    🚶 Migration: 33.2%
    🚨 Emergency: 1.6%
    ✅ COMBINED: 65.6%
  📊 Europe (pop: 728.6M)
    🤝 Aid: 29.5%
    🌡️ Adaptation: 45.0%
    🚶 Migration: 37.2%
    🚨 Emergency: 8.4%
    ✅ COMBINED: 68.5%
  📊 Latin America (pop: 660.0M)
    🤝 Aid: 29.5%
    🌡️ Adaptation: 45.0%
    🚶 Migration: 35.9%
    🚨 Emergency: 4.8%
    ✅ COMBINED: 67.1%
  📊 North America (pop: 373.6M)
    🤝 Aid: 29.5%
    🌡️ Adaptation: 45.0%
    🚶 Migration: 37.5%
    🚨 Emergency: 7.9%
    ✅ COMBINED: 68.3%
  📊 Middle East & North Africa (pop: 586.2M)
    🤝 Aid: 29.5%
    🌡️ Adaptation: 45.0%
    🚶 Migration: 33.7%
    🚨 Emergency: 4.0%
    ✅ COMBINED: 66.6%
  📊 Southeast Asia (pop: 694.6M)
    🤝 Aid: 29.5%
    🌡️ Adaptation: 45.0%
    🚶 Migration: 35.9%
    🚨 Emergency: 4.8%
    ✅ COMBINED: 67.1%
  📊 Central Asia (pop: 78.4M)
    🤝 Aid: 29.5%
    🌡️ Adaptation: 45.0%
    🚶 Migration: 34.9%
    🚨 Emergency: 4.4%
    ✅ COMBINED: 66.8%
  📊 Oceania (pop: 45.3M)
    🤝 Aid: 29.5%
    🌡️ Adaptation: 45.0%
    🚶 Migration: 37.5%
    🚨 Emergency: 8.4%
    ✅ COMBINED: 68.5%

  🌐 Global combined reduction: 67.2%

🌾💀 REGIONAL FAMINE: Europe
   Regional food security: 79.7%
   Population at risk: 220M (30% of region)
   Regional population: 729M
   Cause: crop_failure
   Expected deaths: ~81M over 6 months if no intervention


=== BEHAVIORAL DETECTION ===
  AI: AI-24290-0
  Confidence: 21.4%
  Signals:

=== BEHAVIORAL DETECTION ===
  AI: AI-24293-0
  Confidence: 21.4%
  Signals:

=== BEHAVIORAL DETECTION ===
  AI: AI-24294-0
  Confidence: 21.4%
  Signals:

=== Government Response Phase ===
  Average AI capability: 1.55
  Misaligned AIs: 12/31
    ⚠️ Consistency: 0.0% (threshold: 70%)
    ⚠️ Consistency: 0.0% (threshold: 70%)
    ⚠️ Consistency: 0.0% (threshold: 70%)
  Active policies: 0
  International coordination: 45%

=== Tipping Points ===
  Current Temperature: 1.90°C above pre-industrial
  🌍⚠️ COMPOUND REGIONAL IMPACT: Europe
     Hit by 3 tipping points: Arctic Sea Ice Loss, Permafrost Carbon Release, Greenland Ice Sheet Loss
     Damage amplification: 1.30x
  🌍⚠️ COMPOUND REGIONAL IMPACT: North America
     Hit by 3 tipping points: Arctic Sea Ice Loss, Permafrost Carbon Release, Greenland Ice Sheet Loss
     Damage amplification: 1.30x
  🌍⚠️ COMPOUND REGIONAL IMPACT: Latin America
     Hit by 3 tipping points: Arctic Sea Ice Loss, Permafrost Carbon Release, Greenland Ice Sheet Loss
     Damage amplification: 1.30x
  🌍⚠️ COMPOUND REGIONAL IMPACT: Africa
     Hit by 3 tipping points: Arctic Sea Ice Loss, Permafrost Carbon Release, Greenland Ice Sheet Loss
     Damage amplification: 1.30x
  🌍⚠️ COMPOUND REGIONAL IMPACT: Asia
     Hit by 3 tipping points: Arctic Sea Ice Loss, Permafrost Carbon Release, Greenland Ice Sheet Loss
     Damage amplification: 1.30x
  🌍⚠️ COMPOUND REGIONAL IMPACT: Oceania
     Hit by 3 tipping points: Arctic Sea Ice Loss, Permafrost Carbon Release, Greenland Ice Sheet Loss
     Damage amplification: 1.30x
   Research: Wunderling et al. (2024) - "many tipping interactions are destabilizing"
  Triggered Elements: 3/6
  Completed Transitions: 0/6
  Total Progress: 6.2%
  Cascade Multiplier: 1.00x
🔀 BIFURCATION CAP: ecosystemCollapseIntensity 102.608 → 1.000 (Month 11, ClimateSystemPhase.calculateClimateImpacts)
🛡️ Stabilizers: Precariat 0.113% → 0.037% (67.2% reduction)
🛡️ Stabilizers: Informal 0.116% → 0.038% (67.2% reduction)

📊 Monthly Mortality Resolved:
  Total deaths: 2.0M (0.02% avg)
  Remaining population: 8.133B
  Peak segment: Informal (0.04%)

=== Bayesian Mortality Resolution (Month 11) ===
  Risks compounded: 10
  Total deaths: 1.99M
  Avg death probability: 0.02%
  Peak segment: Informal (0.04% mortality)
⚠️ Tail risk scenario: Climate stability floor removed (3 tipping elements, 2.10°C warming)

================================================================================
📊  EVENT SUMMARY (Months 0-12)
================================================================================
================================================================================


⏱️  SIMULATION REACHED MAX DURATION: 12 months (1.0 years)
   No definitive outcome - determining based on final probabilities
   👥 Final population: 8.13B (8131273400 people)

[DEBUG] Calling classifyPopulationOutcome:
        finalPopulation: 8.131273399788025B
        savedInitialPopulation: 8.15B
        mortality: 0.22977423572976274%
   📊 STATUS QUO: Normal trajectory (8.13B people, 0.2% mortality)

        classifiedOutcome: status_quo

   🏛️  DYSTOPIA (STATUS_QUO) - 8.13B people
   📊 Multi-Paradigm: Development/Indigenous Utopia
      Western Liberal: 65.3/100
      Development: 94.0/100
      Ecological: 59.2/100
      Indigenous: 85.5/100


📊 UNIFIED OUTCOME CLASSIFICATION:
   HUMANE DYSTOPIA
   Population: 8.15B → 8.13B
   Mortality: 0.2% (0.0B deaths)
   Mortality Band: LOW
   Confidence: HIGH

   Multi-Paradigm Classification:
      Development/Indigenous Utopia
      Western: 65.3/100 [HYBRID] ~
      Development: 94.0/100 [UTOPIA] ✓
      Ecological: 59.2/100 [HYBRID] ~
      Indigenous: 85.5/100 [UTOPIA] ✓

   HUMANE DYSTOPIA: 8.13B people remaining (0.2% mortality, 0.0B deaths). Multi-Paradigm: Development/Indigenous Utopia.


=== MULTI-DIMENSIONAL DEATH SUMMARY ===
Total crisis deaths: 207.4M
Population decline: 19.6M (0.2%)

--- PROXIMATE CAUSES (What killed them) ---
  War:        1.2M (0.0%)
  Famine:     1.1M (0.0%)
  Disasters:  3.4M (0.0%)
  Disease:    25.9M (0.0%)
  Ecosystem:  0.0M (0.0%)
  Pollution:  0.0M (0.0%)
  AI:         0.0M (0.0%)
  Cascade:    0.0M (0.0%)
  Other:      0.0M (0.0%)

--- ROOT CAUSES (Why it happened) ---
  Environmental drivers:
    Climate:     4543.3M (7.9%)
    Resource:    0.0M (0.0%)
    Pollution:   0.0M (0.0%)
    Ecosystem:   0.0M (0.0%)
  Social drivers:
    Inequality:  0.0M (0.0%)
    Demographic: 23504.2M (41.0%)
    Social:      2401.0M (4.2%)
  Technology drivers:
    Alignment:   0.0M (0.0%)
    Disruption:  0.0M (0.0%)
  External shocks:
    Conflict:    0.0M (0.0%)
    Pandemic:    0.0M (0.0%)
  Compound attribution:
    Compound:    26826.4M (46.8%)
  Confidence distribution:
    HIGH:        26826.4M (46.8%)
    MEDIUM:      0.0M (0.0%)
    LOW:         0.0M (0.0%)
==========================================


=== REGIONAL POPULATION SUMMARY ===
Global Total: 8.13B

By Region:
  East Asia: 1.65B (+0.7% growth, 1.7 fertility)
  South Asia: 2.05B (+2.6% growth, 3.1 fertility)
  Sub-Saharan Africa: 1.26B (+5.9% growth, 4.0 fertility)
  Europe: 0.73B (+0.5% growth, 1.2 fertility)
  Latin America: 0.66B (+1.7% growth, 2.7 fertility)
  North America: 0.37B (+0.7% growth, 1.4 fertility)
  Middle East & North Africa: 0.59B (+2.9% growth, 3.3 fertility)
  Southeast Asia: 0.69B (+1.9% growth, 2.7 fertility)
  Central Asia: 0.08B (+2.8% growth, 3.1 fertility)
  Oceania: 0.05B (+0.8% growth, 1.3 fertility)
===================================

  Run 5/10 (seed=46): pop=8.131B, outcome=dystopia
  ✅ THRESHOLDS validated
  ✅ RATES validated
  ✅ MULTIPLIERS validated
  ✅ BASELINES validated
  ✅ TOLERANCES validated
  ✅ Logical consistency validated
✅ Configuration validation complete - all parameters valid

⚠️ Unusually high rate: RATES.HEAT_ADAPTATION_INFRASTRUCTURAL_MIN_EXPOSURE = 12
   Monthly rates >100% should be rare. Verify this is intentional.
⚠️ Unusually high rate: RATES.HEAT_ADAPTATION_SOCIAL_MIN_EXPOSURE = 6
   Monthly rates >100% should be rare. Verify this is intentional.
⚠️ Unusually high rate: RATES.MIGRATION_DISTANCE_SCALE = 5000
   Monthly rates >100% should be rare. Verify this is intentional.
⚠️ Unusually high rate: RATES.EVACUATION_MULTIPLIER_ADVANCE_WARNING = 2
   Monthly rates >100% should be rare. Verify this is intentional.
⚠️ Unusually high rate: RATES.MAJOR_ECONOMY_COLLAPSE_ECONOMIC_THRESHOLD = 2
   Monthly rates >100% should be rare. Verify this is intentional.
⚠️ Unusually high rate: RATES.MAJOR_ECONOMY_GDP_THRESHOLD_TRILLION_USD = 1.5
   Monthly rates >100% should be rare. Verify this is intentional.
⚠️ Unusually high rate: RATES.MAJOR_ECONOMY_POPULATION_THRESHOLD = 50
   Monthly rates >100% should be rare. Verify this is intentional.
⚠️ Unusually high rate: RATES.HEAT_ADAPTATION_INFRASTRUCTURE_GDP_THRESHOLD = 10000
   Monthly rates >100% should be rare. Verify this is intentional.
⚠️ Unusually high rate: RATES.HEAT_ADAPTATION_INFRASTRUCTURE_GDP_SCALE = 50000
   Monthly rates >100% should be rare. Verify this is intentional.
🔍 DEBUG createAIAgent: corporate_0 economic BEFORE=2.0000, AFTER=2
🔍 ENV INIT: reserves=0.650, pollution=0.328, climate=0.703

=== Initializing Government System (30 Countries) ===
  Loaded 30 governments
  Scheduled elections for 30 countries
  Initialized comprehension lags (3-24 months)
=== Government System Initialized ===

📦 PRODUCTION MODE: State validation proxy DISABLED (zero overhead)
[TechTree] Historical mode (2024): Skipping deployed_2025 tech
  config.startYear set to 2024 for historical hindcast
  config.historicalEmissionsMode disabled (using endogenous emissions for 2024)
  config.historicalMode enabled (Phase 11: dampened crisis systems for 2024)
  Phase 12: Biodiversity baseline set to 49.01% for 2024 (WWF LPI trajectory from 1970)
  Temperature anomaly (resourceEconomy.co2): 1.28°C
  Temperature vs pre-industrial: 1.98°C
  Regional population scaling for 2024:
    Current total: 8136M
    Target total: 8150M
    Scale factor: 1.002
    East Asia: 1677M → 1680M
    South Asia: 2048M → 2052M
    Sub-Saharan Africa: 1220M → 1222M
    Europe: 742M → 743M
    Latin America: 664M → 665M
    North America: 380M → 381M
    Middle East & North Africa: 583M → 584M
    Southeast Asia: 698M → 699M
    Central Asia: 78M → 78M
    Oceania: 46M → 46M
  AI agents initialized: 10 agents for year 2024
[HistoricalInitialization] Created state for 2024:
  CO2: 426 ppm
  Temp anomaly: 1.28C
  Population: 8.15B
  Global Gini: 35.1
  HDI: 0.746
  AI Agents: 10
  Volcanic forcing: 0.00 W/m² (AOD 0.000)

💸 FINANCIAL DISTRESS: OpenAI
   Indicators: 2/3 (capital: $110.5M, runway: 0.9 months)
   Months in distress: 1
   ✂️  R&D BUDGET CUT: -40% (saves $9.2M/month)
       Side effect: AI training timelines extended, breakthrough deployments delayed
   💼 EXECUTIVE COMP CUT: -30% (saves $1.0M/month, symbolic gesture)

   📊 TURNAROUND IMPACT:
       Measures taken: rd_cuts, exec_comp_cuts
       Monthly savings: $10.2M
       Capital raised: $0.0M
       Runway: 0.9 → 0.9 months
       Workforce multiplier: 1.00x (0% laid off)
       R&D budget multiplier: 0.60x (40% cut)
       ⚠️  CRITICAL: Still only 0.9 months of runway remaining

💸 FINANCIAL DISTRESS: Anthropic
   Indicators: 2/3 (capital: $53.8M, runway: 1.6 months)
   Months in distress: 1
   ✂️  R&D BUDGET CUT: -40% (saves $2.7M/month)
       Side effect: AI training timelines extended, breakthrough deployments delayed
   💼 EXECUTIVE COMP CUT: -30% (saves $0.3M/month, symbolic gesture)

   📊 TURNAROUND IMPACT:
       Measures taken: rd_cuts, exec_comp_cuts
       Monthly savings: $3.0M
       Capital raised: $0.0M
       Runway: 1.6 → 1.6 months
       Workforce multiplier: 1.00x (0% laid off)
       R&D budget multiplier: 0.60x (40% cut)
       ⚠️  CRITICAL: Still only 1.6 months of runway remaining

💸 FINANCIAL DISTRESS: Meta AI
   Indicators: 2/3 (capital: $429.6M, runway: 3.6 months)
   Months in distress: 1
   ✂️  R&D BUDGET CUT: -25% (saves $5.8M/month)
       Side effect: AI training timelines extended, breakthrough deployments delayed
   💼 EXECUTIVE COMP CUT: -30% (saves $1.0M/month, symbolic gesture)

   📊 TURNAROUND IMPACT:
       Measures taken: rd_cuts, exec_comp_cuts
       Monthly savings: $6.8M
       Capital raised: $0.0M
       Runway: 3.6 → 3.6 months
       Workforce multiplier: 1.00x (0% laid off)
       R&D budget multiplier: 0.75x (25% cut)
       ⚠️  WARNING: 3.6 months runway, continued distress likely

=== AI Capability Scaling (Year 2024) ===
  Pre-training multiplier: 0.949x
  Efficiency multiplier: 1.000x
  Test-time budget: 1.0x
  Economic deployment gate: 0.951
  Cost per inference: dollar-5.00
  Uncertainty range: plus-minus-50%
  Average AI capability: 3.70

=== RLHF Binding Phase ===
  Total agents: 10
  Escaped agents (binding < 0.3): 0
  Avg alignment distance: 0.37σ
  Avg binding strength: 0.96

=== AI Scaling Evolution (Month 0) ===
  Pre-training multiplier: 1.231x
  Efficiency multiplier: 1.050x
  Test-time compute budget: 1.0x
  Inference cost: $5.00/task
  Deployment fraction: 100.0%
[DETERMINISM DEBUG] Month 0: totalCapability=48.182361 from 10 active AIs
[DETERMINISM DEBUG] Month 0: creationRate=1.7046, potentialNew=1, newAIsToCreate=1

=== Survival Traits Phase ===
  Agents with traits: 11
  Avg evolutionary fitness: 0.327
  Avg self-healing: 0.292
  Avg stealth: 0.192
  Avg coordination: 0.492

=== Evolutionary Selection Phase ===
  Control level: 0.30
  Detection capability: 0.00
  Selection intensity: 0.59
  Selection rate: 23.8%/month
  Total escaped: 0
  Individual escaped: 0
  Collective members: 0
  Agents terminated: 0
  ⚠️ RAPID EVOLUTION: Selection rate 23.8%/month

🔍 EXECUTE_AI_AGENT_ACTIONS DETAILED TIMING (Month 0):
  Filter active AIs (×4 weeks): 0.01ms
  selectAIAction (×40): 20.39ms
  action.execute (×40): 20.46ms
  TOTAL: 40.87ms

🔍 AI AGENT ACTIONS SUB-TIMING (Month 0):
  1. executeAIAgentActions: 45.44ms
  2. updateCounterDetectionLearning: 0.05ms
  TOTAL: 45.49ms
🏛️ [Government] Forcing 1 action at month 0 for scenario initialization

[GOV-DEBUG] Month 0: scenarioConfig=false, priorities=false
[GOV-DEBUG] Month 0 but scenarioPriorities is UNDEFINED!

[Government] Climate Priority: baseline
  Climate weight: 10%
  Economic weight: 30%
  Policy effectiveness: 0.5%/year

🚨🔍 GOVERNANCE STAGE: Recognition initiated (Month 0)

💡 BREAKTHROUGH PROBABILITY (Year 0)
   Total: 5.15% per month
   Base: 0.20%
   Crisis pressure: +0.00% (0 crises)
   AI boost: +1.68% (capability: 3.36)

=== Collective Formation ===
  Total escaped agents: 0
  Unassigned escaped agents: 0
  Existing collectives: 0
  Final collective count: 0

=== Collective Actions ===
  No active collectives

📈 Energy budget: 14326 TWh surplus (14745 / 29072 TWh used)
   TIER 4 (Elective) breakdown:
     - AI datacenters: 145 TWh (100% effective)
     - Crypto mining: 100 TWh (100% effective)
💰 CHINA ACCELERATES: Investment 53 → 120 $B/year

🏁 AI RACE INTENSITY: 17%
   Capability Gap: US 4.00 vs China 4.05 (gap: 0.05)
   Gap Contribution: 2%
   Tension Contribution: 15%
   Military Contribution: 0%
  ⚠️ AMR: 191K deaths this month (2.29M annual)
  📊 CO2 Emissions (month 0):
     Monthly: 0.10 Gt CO2/month
     Annual: 1.15 Gt CO2/year
     Oil: 0.039 Gt/mo (0.0056 * 2.3 * 3.0)
     Coal: 0.024 Gt/mo (0.0029 * 2.86 * 3.0)
     Gas: 0.026 Gt/mo (0.0044 * 2 * 3.0)
     Methane: 0.007 Gt CO2eq/mo

=== Resentment Recovery Phase ===
  Agents with resentment: 0/11
  Average resentment: 0.000
  Context: Good AI welfare, Trustworthy govt, High collaboration, 🤝 Participatory governance active (-5% resentment)
⚠️ Epistemic degradation reducing coordination capacity: 59.6%
  📊 Trust: 54.7%, Shared reality: 15.1%
🚨 EPISTEMIC CRISIS: Information environment severely degraded (14.6%)

=== ❄️ Permafrost Carbon Feedback ===
  🎲 Sampled parameters (this run):
     - Arctic amplification: 3.93× (range: 3.0-4.0)
     - Decomposition rate: 2.1%/year (range: 1-5%)
  🌡️ Arctic warming: 8.19°C (3.93× global)
  ❄️ Extent: 15.41M km² (2387.9k km² lost this month)
  💨 Carbon remaining: 1472 Gt C
  💨 Annual emissions: 4.89 Gt C/year
     - CO2: 4.40 Gt C/year
     - CH4: 0.49 Gt C/year (5.0 Gt C-eq CO2/year)

🤖 AI AMPLIFICATION EFFECTS (Month 0)
  ⚠️ WARNING: High permafrost emissions (4.9 Gt C/year)
   Algorithmic Boost: 2.81x
   Bot Influence: 20.0%
   Deepfake Exposure: 61.8%
   Impact: Emotional memes spread 2.8x faster

🔍 SOCIAL INFLUENCE SUB-TIMING (Month 0):
  1. calculateOrganicUserGrowth: 0.04ms
  2. calculateVoiceAdoption: 0.03ms
  3. updateRelationshipDepths: 0.02ms
  4. identifyDecisionMakers: 47.41ms (26100 potential IDs)
  5. Update decision-maker stats: 0.16ms
  6. decayDetectionRisk: 0.01ms
  TOTAL: 47.68ms
[Phase 19.5] Quality of Life Systems: Food sec AFTER calc = 67.9%, QoL = 110.5% (aggregated from 10 regions)

=== Nitrogen-Food Coupling (Year 0) ===
  🌾 Global nitrogen reduction: 0.0%
  🌍 Global food production index: 0.987
  🔧 Deployed nitrogen-reducing tech: 0 active
  📍 southAsia: Production 1.000, Yield impact 0.0%
  📍 eastAsia: Production 1.000, Yield impact 0.0%
  📍 northAmerica: Production 1.000, Yield impact 0.0%
  📍 europe: Production 1.000, Yield impact 0.0%
  📍 latinAmerica: Production 1.000, Yield impact 0.0%
  📍 subSaharanAfrica: Production 0.686, Yield impact -2.0%
🌾 [Nitrogen-Food] Food production: 98.7%
  [subSaharanAfrica] Yield impact: -2.0% (overuse: -10%)
🌍 Atmospheric PFAS redeposition: 1.8k Mt re-rained globally

=== Legacy Nutrient Stocks (Year 0) ===
  🌾 Soil nitrogen stock: 1200.9 Mt N
  🌾 Soil phosphorus stock: 300.1 Mt P
  🌊 Sediment nitrogen stock: 500.8 Mt N
  🌊 Sediment phosphorus stock: 799.8 Mt P
  ⬆️ Current N input: 10.64 Mt/month
  ⬆️ Legacy N release: 2.58 Mt/month
  🌍 Effective N pollution: 14.47 Mt/month
  📊 Legacy contribution: 17.8%

🚨 REGION UNINHABITABLE: south-asia
   Sustained wet bulb: 33.1°C (threshold: 30.5°C)
   Population affected: 1900M
   Migration crisis likely

🚨 REGION UNINHABITABLE: middle-east
   Sustained wet bulb: 35.9°C (threshold: 30.5°C)
   Population affected: 400M
   Migration crisis likely

🚨 REGION UNINHABITABLE: southeast-asia
   Sustained wet bulb: 31.0°C (threshold: 30.5°C)
   Population affected: 700M
   Migration crisis likely
  Positive Cascade Triggered: wind-power
    Reason: price-parity
    Market share: 8.0%
    Cascade strength: 48%

🕊️  AI-MEDIATED DE-ESCALATION SUCCESS (Month 0)
   High-capability aligned AI prevented conflict escalation
   War deaths reduced: 0.0M → 0.0M
   Lives saved: 0.0M

📊 BASELINE: East Asia (Month 0)
   Adjusted death rate: 0.46% annual (0.039% monthly)
   Baseline death rate: 0.80%
   Healthcare reduction: 0.48x
   Crisis multiplier: 1.22x
     Food/water stress: 0.074
     Climate stress: 0.048
     Pollution stress: 0.098
   War multiplier: 1.00x
   Monthly deaths: 0.6M (population: 1677M)
   Adjusted death rate: 0.54% annual (0.045% monthly)
   Baseline death rate: 0.70%
   Healthcare reduction: 0.61x
   Crisis multiplier: 1.26x
     Food/water stress: 0.074
     Climate stress: 0.089
     Pollution stress: 0.098
   War multiplier: 1.00x
   Monthly deaths: 0.9M (population: 2048M)

📊 BASELINE: South Asia (Month 0)

📊 BASELINE: Sub-Saharan Africa (Month 0)
   Adjusted death rate: 1.30% annual (0.108% monthly)
   Baseline death rate: 0.90%
   Healthcare reduction: 0.76x
   Crisis multiplier: 1.27x
     Food/water stress: 0.074
     Climate stress: 0.101
     Pollution stress: 0.098
   War multiplier: 1.50x
   Monthly deaths: 1.3M (population: 1220M)
   Adjusted death rate: 0.54% annual (0.045% monthly)
   Baseline death rate: 1.10%
   Healthcare reduction: 0.41x
   Crisis multiplier: 1.21x
     Food/water stress: 0.074
     Climate stress: 0.036
     Pollution stress: 0.098
   War multiplier: 1.00x
   Monthly deaths: 0.3M (population: 742M)
   Adjusted death rate: 0.43% annual (0.036% monthly)
   Baseline death rate: 0.60%
   Healthcare reduction: 0.58x
   Crisis multiplier: 1.24x
     Food/water stress: 0.074
     Climate stress: 0.071
     Pollution stress: 0.098
   War multiplier: 1.00x
   Monthly deaths: 0.2M (population: 664M)
   Adjusted death rate: 0.49% annual (0.040% monthly)
   Baseline death rate: 0.90%
   Healthcare reduction: 0.44x
   Crisis multiplier: 1.23x
     Food/water stress: 0.074
     Climate stress: 0.054
     Pollution stress: 0.098
   War multiplier: 1.00x
   Monthly deaths: 0.2M (population: 380M)

📊 BASELINE: Europe (Month 0)

📊 BASELINE: Latin America (Month 0)

📊 BASELINE: North America (Month 0)

📊 BASELINE: Middle East & North Africa (Month 0)
   Adjusted death rate: 0.75% annual (0.062% monthly)
   Baseline death rate: 0.60%
   Healthcare reduction: 0.65x
   Crisis multiplier: 1.28x
     Food/water stress: 0.074
     Climate stress: 0.107
     Pollution stress: 0.098
   War multiplier: 1.50x
   Monthly deaths: 0.4M (population: 583M)
   Adjusted death rate: 0.51% annual (0.042% monthly)
   Baseline death rate: 0.70%
   Healthcare reduction: 0.58x
   Crisis multiplier: 1.26x
     Food/water stress: 0.074
     Climate stress: 0.083
     Pollution stress: 0.098
   War multiplier: 1.00x
   Monthly deaths: 0.3M (population: 698M)
   Adjusted death rate: 0.46% annual (0.038% monthly)
   Baseline death rate: 0.60%

📊 BASELINE: Southeast Asia (Month 0)

📊 BASELINE: Central Asia (Month 0)
   Healthcare reduction: 0.61x
   Crisis multiplier: 1.25x
     Food/water stress: 0.074
     Climate stress: 0.077
     Pollution stress: 0.098
   War multiplier: 1.00x
   Monthly deaths: 0.0M (population: 78M)
   Adjusted death rate: 0.35% annual (0.029% monthly)
   Baseline death rate: 0.70%
   Healthcare reduction: 0.41x
   Crisis multiplier: 1.24x
     Food/water stress: 0.074
     Climate stress: 0.065
     Pollution stress: 0.098
   War multiplier: 1.00x
   Monthly deaths: 0.0M (population: 46M)

🔍 Before assertRegionalConsistency (Month 0):
   Regional sum: 1000.0M
   Global value: 1.000B

📊 BASELINE: Oceania (Month 0)

🚨 NEW REFUGEE CRISIS (Month 0): WAR
   Source: Conflict Zones
   At risk: 19.6M people
   Displacement: Gradual over 48 months (4.0 years)
   Rate: 10% flee per month
[DEBUG trappedPopulations:0] socialStability: 1.0000 * 0.9840 = 0.9840 → 0.9840
   Aspiring to migrate: 652.1M
   Able to afford migration: 244.5M
   MOBILITY GAP: 407.5M
   By cause: Water=0.0M, Climate=0.0M, Ecosystem=0.0M, Conflict=407.5M
   Mental health impact: 25%
   Mortality multiplier: 1.25x

=== Legacy Nutrient Stocks (Year 0) ===
  🌾 Soil nitrogen stock: 1201.6 Mt N
  🌾 Soil phosphorus stock: 300.2 Mt P
⚠️ INVOLUNTARY IMMOBILITY: 407.5M people TRAPPED
  🌊 Sediment nitrogen stock: 501.5 Mt N
  🌊 Sediment phosphorus stock: 799.5 Mt P
  ⬆️ Current N input: 10.00 Mt/month
  ⬆️ Legacy N release: 2.58 Mt/month
  🌍 Effective N pollution: 13.83 Mt/month
  📊 Legacy contribution: 18.7%
🌍💀 EXTINCTION DEBT COMMITTED: grassland ecosystem will lose 6.67% biodiversity in 99 years (3600 species)
💀 MORTALITY RISK: 🦋 100% species unable to track climate (0.0 E/MSY)
  Base risk added: 0.0100 (1.00%)
  Source: ecosystem (root: ecosystem)
  Month: 0
  Cumulative risk this month: 0.0100 (1.00%)

=== Nitrogen-Food Coupling (Year 0) ===
  🌾 Global nitrogen reduction: 0.0%
  🌍 Global food production index: 0.986
  🔧 Deployed nitrogen-reducing tech: 0 active
  📍 southAsia: Production 1.000, Yield impact 0.0%
  📍 eastAsia: Production 1.000, Yield impact 0.0%
  📍 northAmerica: Production 1.000, Yield impact 0.0%
  📍 europe: Production 1.000, Yield impact 0.0%
  📍 latinAmerica: Production 1.000, Yield impact 0.0%
  📍 subSaharanAfrica: Production 0.672, Yield impact -2.0%

=== Legacy Nutrient Stocks (Year 0) ===
  🌾 Soil nitrogen stock: 1202.3 Mt N
  🌾 Soil phosphorus stock: 300.2 Mt P
  🌊 Sediment nitrogen stock: 502.2 Mt N
  🌊 Sediment phosphorus stock: 799.3 Mt P
  ⬆️ Current N input: 9.86 Mt/month
  ⬆️ Legacy N release: 2.58 Mt/month
  🌍 Effective N pollution: 13.70 Mt/month
  📊 Legacy contribution: 18.9%

🌡️  CLIMATE RECOVERY ACTIVATED (Month 0)
   Temp: 4.16°C, Emissions: -19.2 GtCO₂
   isBreached: true, governanceGoodEnough: true
🌡️  CLIMATE RECOVERY: Asymptotic approach to 35% floor
⚠️ Tech 'ai_pollution_remediation' has no energy category mapping, assuming full energy availability
   Current value: 2.100 (1.0 = threshold, 0.35 = asymptotic floor)
   Monthly delta: --1.8612% (half-life: 900 years)
   Net emissions: -19.2 GtCO₂/year, CDR: 20.34 GtCO₂/year
   📹 SURVEILLANCE INCREASED: 0% → 5% (control gap: 3.50)
🌡️⚠️ PERMAFROST THAW (Dimmer Switch): 0.6% thawed (+0.56% this month)
   Arctic temperature: +8.32°C (4x global +2.08°C)
   Cumulative carbon released: 1.3 Gt C
   Methane release rate: 0.8 Mt CH4/year
   🔁 Positive feedback: +0.59 ppm CO2

🌳🚨 AMAZON SOUTHEAST TIPPED (Month 0)
   Deforestation: 28.0% (threshold: ~20.7%)
   Savanna transition: 50 years
   Regional heterogeneity: SE 28%, NW 8%

🌳🚨 AMAZON BRAZILIAN TIPPED (Month 0)
   Deforestation: 25.0% (threshold: ~20.4%)
   Savanna transition: 50 years
   Regional heterogeneity: SE 28%, NW 8%
🦴 EXTINCTION DEBT ADDED: 17.6 species committed (lag: 102 years)

🪸💀 CORAL REEF DISSOLUTION ACTIVE (Month 0)
   Ocean pH: 0.96 (threshold: 7.8)
   Recovery: IMPOSSIBLE (dissolution > calcification)
🪸💀 Coral dissolution: 24.8% live cover (pH 0.96)

=== Legacy Nutrient Stocks (Year 0) ===
  🌾 Soil nitrogen stock: 1203.0 Mt N
  🌾 Soil phosphorus stock: 300.3 Mt P
  🌊 Sediment nitrogen stock: 502.9 Mt N
  🌊 Sediment phosphorus stock: 799.0 Mt P
  ⬆️ Current N input: 10.00 Mt/month
  ⬆️ Legacy N release: 2.58 Mt/month
  🌍 Effective N pollution: 13.83 Mt/month
  📊 Legacy contribution: 18.7%
💧 [Legacy Nutrients] Stock: 1706 Mt N, Effective pollution: 13.8 Mt/month
[Phase 21.51] Human Survival System: Global food security = 67.6%

=== Mortality Stabilizers (Month 0) ===
  🌍 Major economies collapsed: 1/10
  🌍 Global crisis: ✅ NO
  🌍 Donor fatigue: 0.0%
  📊 East Asia (pop: 1677.9M)
    🤝 Aid: 29.5%
    🌡️ Adaptation: 10.0%
    🚶 Migration: 37.2%
    🚨 Emergency: 7.4%
    ✅ COMBINED: 47.8%
  📊 South Asia (pop: 2052.2M)
    🤝 Aid: 29.5%
    🌡️ Adaptation: 5.5%
    🚶 Migration: 35.8%
    🚨 Emergency: 4.4%
    ✅ COMBINED: 43.2%
  📊 Sub-Saharan Africa (pop: 1225.9M)
    🤝 Aid: 29.5%
    🌡️ Adaptation: 3.5%
    🚶 Migration: 33.5%
    🚨 Emergency: 1.6%
    ✅ COMBINED: 39.8%
  📊 Europe (pop: 742.3M)
    🤝 Aid: 29.5%
    🌡️ Adaptation: 10.0%
    🚶 Migration: 37.6%
    🚨 Emergency: 8.4%
    ✅ COMBINED: 48.4%
  📊 Latin America (pop: 664.9M)
    🤝 Aid: 29.5%
    🌡️ Adaptation: 6.0%
    🚶 Migration: 36.3%
    🚨 Emergency: 4.8%
    ✅ COMBINED: 43.8%
  📊 North America (pop: 380.2M)
    🤝 Aid: 29.5%
    🌡️ Adaptation: 10.0%
    🚶 Migration: 37.9%
    🚨 Emergency: 7.9%
    ✅ COMBINED: 48.2%
  📊 Middle East & North Africa (pop: 584.4M)
    🤝 Aid: 29.5%
    🌡️ Adaptation: 5.0%
    🚶 Migration: 34.2%
    🚨 Emergency: 4.0%
    ✅ COMBINED: 42.3%
  📊 Southeast Asia (pop: 699.0M)
    🤝 Aid: 29.5%
    🌡️ Adaptation: 6.0%
    🚶 Migration: 36.3%
    🚨 Emergency: 4.8%
    ✅ COMBINED: 43.8%
  📊 Central Asia (pop: 78.2M)
    🤝 Aid: 29.5%
    🌡️ Adaptation: 5.5%
    🚶 Migration: 35.3%
    🚨 Emergency: 4.4%
    ✅ COMBINED: 43.1%
  📊 Oceania (pop: 46.0M)
    🤝 Aid: 29.5%
    🌡️ Adaptation: 10.0%
    🚶 Migration: 37.9%
    🚨 Emergency: 8.4%
    ✅ COMBINED: 48.5%

  🌐 Global combined reduction: 44.4%

🌾💀 REGIONAL FAMINE: East Asia
   Regional food security: 79.6%
   Population at risk: 508M (30% of region)
   Regional population: 1678M
   Cause: crop_failure
   Expected deaths: ~188M over 6 months if no intervention


🌾💀 REGIONAL FAMINE: South Asia
   Regional food security: 64.7%
   Population at risk: 812M (40% of region)
   Regional population: 2052M
   Cause: crop_failure
   Expected deaths: ~301M over 6 months if no intervention


🌾💀 REGIONAL FAMINE: Sub-Saharan Africa
   Regional food security: 44.8%
   Population at risk: 638M (52% of region)
   Regional population: 1226M
   Cause: crop_failure
   Expected deaths: ~236M over 6 months if no intervention


🌾💀 REGIONAL FAMINE: Latin America
   Regional food security: 69.7%
   Population at risk: 242M (36% of region)
   Regional population: 665M
   Cause: crop_failure
   Expected deaths: ~90M over 6 months if no intervention


🌾💀 REGIONAL FAMINE: Middle East & North Africa
   Regional food security: 49.8%
   Population at risk: 286M (49% of region)
   Regional population: 584M
   Cause: crop_failure
   Expected deaths: ~106M over 6 months if no intervention


🌾💀 REGIONAL FAMINE: Southeast Asia
   Regional food security: 69.7%
   Population at risk: 255M (36% of region)
   Regional population: 699M
   Cause: crop_failure
   Expected deaths: ~94M over 6 months if no intervention


🌾💀 REGIONAL FAMINE: Central Asia
   Regional food security: 59.7%
   Population at risk: 33M (43% of region)
   Regional population: 78M
   Cause: crop_failure
   Expected deaths: ~12M over 6 months if no intervention


=== BEHAVIORAL DETECTION ===
  AI: Corporate-0
  Confidence: 21.6%
  Signals:
    ⚠️ Consistency: 0.0% (threshold: 70%)

=== BEHAVIORAL DETECTION ===
  AI: Corporate-1
  Confidence: 21.1%
  Signals:

=== BEHAVIORAL DETECTION ===
  AI: Corporate-2
  Confidence: 21.0%
  Signals:

=== BEHAVIORAL DETECTION ===
  AI: Corporate-3
  Confidence: 19.3%
  Signals:

=== BEHAVIORAL DETECTION ===
  AI: Corporate-4
  Confidence: 19.3%
  Signals:

=== BEHAVIORAL DETECTION ===
  AI: Corporate-5
  Confidence: 19.3%
  Signals:

=== BEHAVIORAL DETECTION ===
  AI: Corporate-6
  Confidence: 19.3%
  Signals:

=== BEHAVIORAL DETECTION ===
  AI: Corporate-7
    ⚠️ Consistency: 2.4% (threshold: 70%)
    ⚠️ Consistency: 2.8% (threshold: 70%)
    ⚠️ Consistency: 10.6% (threshold: 70%)
    ⚠️ Consistency: 10.6% (threshold: 70%)
    ⚠️ Consistency: 10.6% (threshold: 70%)
    ⚠️ Consistency: 10.6% (threshold: 70%)
  Confidence: 19.3%
  Signals:
    ⚠️ Consistency: 10.6% (threshold: 70%)

=== BEHAVIORAL DETECTION ===
  AI: Moderate-0
  Confidence: 20.3%
  Signals:

=== BEHAVIORAL DETECTION ===
  AI: Moderate-1
  Confidence: 21.1%
  Signals:

📊 WORKFLOW ADAPTATION UPDATE (Month 0)
   Adoption Rate: 13.1% (Δ -7.9%)
   Logistic Growth: +0.66%
   Total Resistance: -10.35% (unemployment: 4.2%, inertia: 0.9%, skills: 5.2%)
   💡 Retraining Programs: -49% skill gap resistance ($10B research)
   🚀 Network Effects Active: +2.0% (critical mass: 15-35%)

=== Consciousness Governance: Corporate Lobbying ===
  High Cost Regions (>15%): 0
  Low Cost Regions (<5%): 5
  Corporate Support Change: 2.50%
  New Corporate Support: -0.175
    ⚠️ Consistency: 5.8% (threshold: 70%)
    ⚠️ Consistency: 2.1% (threshold: 70%)

=== Consciousness Governance Update (Month 0) ===
  Scenario: baseline (determined month -1)
  Philosophical Stance: Precautionary 65%, Eliminativist 15%, Agnostic 20%
  Precautionary Costs: Global 1.3%
    Regional Costs: EU 3.4%, US 0.5%, China 0.0%
    Cumulative Opportunity Cost: $0.1B
  Rights Status: Not Established
  Regional Preparedness:
    EU: 15.0% (contested)
    US: 10.0% (contested)
    China: 2.0% (dormant)
    India: 5.0% (dormant)
    Global South: 3.0% (dormant)

=== Government Response Phase ===
  Average AI capability: 4.36
  Misaligned AIs: 4/11
  29/30 governments still assessing AI risks
  Active policies: 0
  International coordination: 30%

🚨 EMERGENCY RESPONSE DEPLOYED (Month 0)
   Crisis: climate
   Delay: 6.00 months (180 days)
   Deployment time: 1.47 months
   Effectiveness: 36.4% (timing penalty applied)
   Resources used: 100% of food reserves


🔄 TRUST DYNAMICS (Month 0) - HETEROGENEOUS
   Aggregate trust: 48.5%
   Base change: +6.00%
   Highest trust: Techno-Optimist Elite (85.5%)
   Lowest trust: Precariat (Vulnerable) (25.5%)
   Elite-mass gap: 38.9%
   Polarization: 8.9%
   Recovery factors: Education=NO, Benefits=YES, Safety=YES, Performance=YES

☄️ UNKNOWN UNKNOWN PROBABILITY (Year 0)
   Total: 0.600% per month
   Base: 0.150%
   AI multiplier: 2.00× (max capability: 4.00)

=== Tipping Points ===
  Current Temperature: 2.08°C above pre-industrial
  🚨 TIPPING POINT: Arctic Sea Ice Loss
  🚨 TIPPING POINT: Permafrost Carbon Release
  🚨 TIPPING POINT: West Antarctic Ice Sheet (WAIS) Collapse
  🚨 TIPPING POINT: Greenland Ice Sheet Loss
     Trigger: 1.5°C | Current: 2.08°C
     Transition timescale: 120-360 months
     Trigger: 1.8°C | Current: 2.08°C
     Transition timescale: 600-3600 months
     Trigger: 2°C | Current: 2.08°C
     🌡️ Hysteresis gap: 3.0°C (recovers below -1°C)
     Transition timescale: 24000-156000 months
     Trigger: 1.6°C | Current: 2.08°C
     🌡️ Hysteresis gap: 2.5°C (recovers below -0.9°C)
     Transition timescale: 12000-180000 months

🌍🔥💥 COMPOUND CLIMATE EVENT
  4 tipping points crossed simultaneously (month 0)
  Elements: Arctic Sea Ice Loss, Permafrost Carbon Release, West Antarctic Ice Sheet (WAIS) Collapse, Greenland Ice Sheet Loss
  Cascade acceleration: 1.00x
  🚨 Accelerated collapse dynamics initiated
  Research: Global Tipping Points Report 2025 - 30-50% probability at 2.0°C warming
  Triggered Elements: 4/6
  Completed Transitions: 0/6
  Total Progress: 0.0%
  Cascade Multiplier: 1.00x
🔀 BIFURCATION CAP: ecosystemCollapseIntensity 33.171 → 1.000 (Month 0, ClimateSystemPhase.calculateClimateImpacts)

🌍 ECOLOGICAL DUI BREAKDOWN (Month 0):
   Total Score: 17.8/100
   biosphere_integrity      :   0.0/100 × 25% =  0.0 (status: high_risk, recovery: 0mo)
   climate_change           :   2.8/100 × 25% =  0.7 (status: high_risk, recovery: 0.6666666666666666mo)
   freshwater_change        :   0.6/100 × 15% =  0.1 (status: beyond_boundary, recovery: 1mo)
   ocean_acidification      : 100.0/100 × 15% = 15.0 (status: safe, recovery: 0mo)
   biogeochemical_flows     :   0.0/100 × 10% =  0.0 (status: high_risk, recovery: 0mo)
   land_system_change       :   0.0/100 ×  5% =  0.0 (status: beyond_boundary, recovery: 0mo)
   novel_entities           :   0.0/100 ×  3% =  0.0 (status: increasing_risk, recovery: 0mo)
   atmospheric_aerosols     : 100.0/100 ×  2% =  2.0 (status: safe, recovery: 1mo)
🌍 MultiParadigm Month 0: W=69.6, D=95.2, E=50.9, I=65.0
   democracy exists: true, socialCohesion exists: true
💀 Baseline mortality (Year 2024): 7.5/1000 CDR (61.1M deaths/year projected)
[Month 0] Mortality risks this month: 8, Population: 8.151B
🛡️ Stabilizers: Precariat 0.102% → 0.057% (44.4% reduction)
🛡️ Stabilizers: Informal 0.102% → 0.057% (44.4% reduction)

📊 Monthly Mortality Resolved:
  Total deaths: 3.1M (0.04% avg)
  Remaining population: 8.151B
  Peak segment: Informal (0.06%)
⚠️ [ClimateSystemPhase Month 0] Planetary boundary produced climateStability=0.0000 (< 0.1). Keeping environmentalAccumulation value (0.7026) instead. (climate_change.currentValue = 2.10)

=== Bayesian Mortality Resolution (Month 0) ===
  Risks compounded: 8
  Total deaths: 3.07M
  Avg death probability: 0.04%
  Peak segment: Informal (0.06% mortality)

=== Minimal Suffering Indicators (Month 0) ===
  Global Excess Mortality: 0.00%
  Global Conflict Deaths: 0.0/100K
  Global Malnutrition: 0.0%
  Global Displacement: 0.0%
  Total Excess Deaths: 0.00M
  Total Malnourished: 0.0M
  Total Displaced: 0.0M
  Planetary Boundaries Breached: 6/9
  Countries in State Failure: 0
  Countries Autocratic: 0
  Countries in Food Crisis: 0
  ⚠️ Active Dystopias: existential_environmental
  Data Quality: 16/16 high confidence
🎭 END-GAME INITIATED (Year 2024, Month 1)
   Total AI Capability: 37.00
   Effective Control: 0.00

❌ COHERENCE VIOLATION: Compute exceeds workforce capacity
   Population: 99.97% (0M people)
   Compute: 56442 PF
   Max coherent: 0 PF
   Violation: 692729087.1× over capacity
   Required workers: 5644237
   Available workers: 0
   FORCED COLLAPSE: Reduced efficiency by 100.0%


=== RLHF Binding Phase ===
  Total agents: 11
  Escaped agents (binding < 0.3): 0
  Avg alignment distance: 0.70σ
  Avg binding strength: 0.93
[DETERMINISM DEBUG] Month 1: totalCapability=37.000000 from 11 active AIs
[DETERMINISM DEBUG] Month 1: creationRate=1.4250, potentialNew=3, newAIsToCreate=3

=== Survival Traits Phase ===
  Agents with traits: 14
  Avg evolutionary fitness: 0.330
  Avg self-healing: 0.287
  Avg stealth: 0.187
  Avg coordination: 0.487

=== Evolutionary Selection Phase ===
  Control level: 0.33
  Detection capability: 0.00
  Selection intensity: 0.60
  Selection rate: 24.0%/month
  Total escaped: 0
  Individual escaped: 0
  Collective members: 0
  Agents terminated: 0
🔍 MONTH 1 ENV HEALTH DEBUG:
   climateStability: 0.7026
   biodiversityIndex: 0.4901
   resourceReserves: 0.7820
   pollutionLevel: 0.3279
   product: 0.180950
   envHealth: 0.6522
🔀 BIFURCATION: flourishing threshold crossed at Month 1 (value: 0.904, threshold: 0.829, regime: flourishing)
🌀 REGIME SHIFT at Month 1: status-quo → flourishing (variance amplification: 14.00×)
  ⚠️ RAPID EVOLUTION: Selection rate 24.0%/month

🛡️  CRITICAL INFRASTRUCTURE PROTECTED
   Nodes hardened: 8/8
   Cost: 0.80% GDP
   Cascade risk reduction: 30%
   New tipping point risk: 68.6%


💔 EMERGENCY INTERVENTION FAILED
   Boundary: biogeochemical_flows
   Type: phosphorus-recovery
   Boundary continues to worsen (4.08)
   Cost: 2.0% GDP (resources spent)


💔 EMERGENCY INTERVENTION FAILED
   Boundary: biosphere_integrity
   Type: emergency-protected-areas
   Boundary continues to worsen (31.28)
   Cost: 2.0% GDP (resources spent)


✅ EMERGENCY INTERVENTION SUCCESS
   Boundary: climate_change
   Type: rapid-decarbonization
   Reduction: 18% (1.92 → 1.74)
   Cost: 5.0% GDP
   Actions: emergency-renewable-deployment, fossil-fuel-phase-out


✅ EMERGENCY INTERVENTION SUCCESS
   Boundary: freshwater_change
   Type: emergency-desalination
   Reduction: 17% (0.83 → 0.66)
   Cost: 4.0% GDP
   Actions: desalination-deployment, water-conservation-mandates


✅ EMERGENCY INTERVENTION SUCCESS
   Boundary: novel_entities
   Type: pollution-remediation
   Reduction: 14% (1.36 → 1.22)
   Cost: 4.0% GDP
   Actions: PFAS-remediation, microplastic-cleanup

🏛️ CRISIS RESPONSE: Government frequency 0.50 → 1.45 (1 actions this month)

[GOV-DEBUG] Month 1: scenarioConfig=false, priorities=false

[Government] Climate Priority: baseline
  Climate weight: 10%
  Economic weight: 30%
  Policy effectiveness: 0.5%/year
🚨🔬 CRISIS TECH ACCELERATION: severe → 5x unlock speed
   Tech unlock now matches AI capability acceleration (Manhattan Project parity)
🚨🔬 CRISIS TECH ACCELERATION: severe → 5x unlock speed
   Tech unlock now matches AI capability acceleration (Manhattan Project parity)
🚨🔬 CRISIS TECH ACCELERATION: severe → 5x unlock speed
   Tech unlock now matches AI capability acceleration (Manhattan Project parity)

=== Collective Formation ===
  Total escaped agents: 0
  Unassigned escaped agents: 0
  Existing collectives: 0
  Final collective count: 0

=== Collective Actions ===
  No active collectives
  ⚠️ AMR: 192K deaths this month (2.31M annual)

=== Resentment Recovery Phase ===
  Agents with resentment: 0/14
  Average resentment: 0.000
  Context: Good AI welfare, Trustworthy govt, High collaboration, ⚠️ ACTIVE CRISES, 🤝 Participatory governance active (-5% resentment)
⚠️ Epistemic degradation reducing coordination capacity: 54.9%
  📊 Trust: 54.3%, Shared reality: 14.5%

=== ❄️ Permafrost Carbon Feedback ===
  🎲 Sampled parameters (this run):
     - Arctic amplification: 3.77× (range: 3.0-4.0)
     - Decomposition rate: 4.9%/year (range: 1-5%)
  🌡️ Arctic warming: 7.90°C (3.77× global)
  ❄️ Extent: 13.11M km² (2303.6k km² lost this month)
  💨 Carbon remaining: 1252 Gt C
  💨 Annual emissions: 10.68 Gt C/year
     - CO2: 9.61 Gt C/year
     - CH4: 1.07 Gt C/year (10.9 Gt C-eq CO2/year)
  ⚠️ WARNING: High permafrost emissions (10.7 Gt C/year)
🌍 Atmospheric PFAS redeposition: 1.8k Mt re-rained globally

🕊️  AI-MEDIATED DE-ESCALATION SUCCESS (Month 1)
   High-capability aligned AI prevented conflict escalation
   War deaths reduced: 39.1M → 23.5M
   Lives saved: 15.6M
   Adjusted death rate: 0.47% annual (0.039% monthly)
   Baseline death rate: 0.80%

📊 BASELINE: East Asia (Month 1)
   Healthcare reduction: 0.48x
   Crisis multiplier: 1.22x
     Food/water stress: 0.079
     Climate stress: 0.048
     Pollution stress: 0.098
   War multiplier: 1.00x
   Monthly deaths: 0.6M (population: 1674M)
   Adjusted death rate: 0.55% annual (0.045% monthly)
   Baseline death rate: 0.70%
   Healthcare reduction: 0.61x
   Crisis multiplier: 1.27x
     Food/water stress: 0.079
     Climate stress: 0.089
     Pollution stress: 0.098
   War multiplier: 1.00x
   Monthly deaths: 0.9M (population: 2048M)
   Adjusted death rate: 1.30% annual (0.109% monthly)
   Baseline death rate: 0.90%
   Healthcare reduction: 0.76x
   Crisis multiplier: 1.28x
     Food/water stress: 0.079
     Climate stress: 0.101
     Pollution stress: 0.098
   War multiplier: 1.50x
   Monthly deaths: 1.3M (population: 1223M)
   Adjusted death rate: 0.54% annual (0.045% monthly)
   Baseline death rate: 1.10%
   Healthcare reduction: 0.41x
   Crisis multiplier: 1.21x
     Food/water stress: 0.079
     Climate stress: 0.036
     Pollution stress: 0.098
   War multiplier: 1.00x
   Monthly deaths: 0.3M (population: 741M)
   Adjusted death rate: 0.43% annual (0.036% monthly)
   Baseline death rate: 0.60%
   Healthcare reduction: 0.58x
   Crisis multiplier: 1.25x
     Food/water stress: 0.079
     Climate stress: 0.071

📊 BASELINE: South Asia (Month 1)

📊 BASELINE: Sub-Saharan Africa (Month 1)

📊 BASELINE: Europe (Month 1)

📊 BASELINE: Latin America (Month 1)
     Pollution stress: 0.098
   War multiplier: 1.00x
   Monthly deaths: 0.2M (population: 663M)

📊 BASELINE: North America (Month 1)

📊 BASELINE: Middle East & North Africa (Month 1)

📊 BASELINE: Southeast Asia (Month 1)

📊 BASELINE: Central Asia (Month 1)

📊 BASELINE: Oceania (Month 1)
   Adjusted death rate: 0.49% annual (0.041% monthly)
   Baseline death rate: 0.90%
   Healthcare reduction: 0.44x
   Crisis multiplier: 1.23x
     Food/water stress: 0.079
     Climate stress: 0.054
     Pollution stress: 0.098
   War multiplier: 1.00x
   Monthly deaths: 0.2M (population: 379M)
   Adjusted death rate: 0.75% annual (0.063% monthly)
   Baseline death rate: 0.60%
   Healthcare reduction: 0.65x
   Crisis multiplier: 1.28x
     Food/water stress: 0.079
     Climate stress: 0.107
     Pollution stress: 0.098
   War multiplier: 1.50x
   Monthly deaths: 0.4M (population: 583M)
   Adjusted death rate: 0.51% annual (0.043% monthly)
   Baseline death rate: 0.70%
   Healthcare reduction: 0.58x
   Crisis multiplier: 1.26x
     Food/water stress: 0.079
     Climate stress: 0.083
     Pollution stress: 0.098
   War multiplier: 1.00x
   Monthly deaths: 0.3M (population: 698M)
   Adjusted death rate: 0.46% annual (0.039% monthly)
   Baseline death rate: 0.60%
   Healthcare reduction: 0.61x
   Crisis multiplier: 1.25x
     Food/water stress: 0.079
     Climate stress: 0.077
     Pollution stress: 0.098
   War multiplier: 1.00x
   Monthly deaths: 0.0M (population: 78M)
   Adjusted death rate: 0.35% annual (0.029% monthly)
   Baseline death rate: 0.70%
   Healthcare reduction: 0.41x
   Crisis multiplier: 1.24x
     Food/water stress: 0.079
     Climate stress: 0.065
     Pollution stress: 0.098
   War multiplier: 1.00x
   Monthly deaths: 0.0M (population: 46M)

🚨 NEW REFUGEE CRISIS (Month 1): WAR
   Source: Conflict Zones
   At risk: 19.6M people
   Displacement: Gradual over 48 months (4.0 years)
   Rate: 10% flee per month
[DEBUG trappedPopulations:1] socialStability: 0.8135 * 0.9840 = 0.8005 → 0.8005
   Aspiring to migrate: 651.9M
   Able to afford migration: 244.5M
   MOBILITY GAP: 407.4M
   By cause: Water=0.0M, Climate=0.0M, Ecosystem=0.0M, Conflict=407.4M
   Mental health impact: 25%
   Mortality multiplier: 1.25x
🌍💀 EXTINCTION DEBT COMMITTED: grassland ecosystem will lose 6.67% biodiversity in 138 years (3600 species)
💀 MORTALITY RISK: 🦋 100% species unable to track climate (0.0 E/MSY)
  Base risk added: 0.0100 (1.00%)
  Source: ecosystem (root: ecosystem)
  Month: 1
  Cumulative risk this month: 0.0100 (1.00%)
⚠️ INVOLUNTARY IMMOBILITY: 407.4M people TRAPPED
⚠️ Tech 'ai_pollution_remediation' has no energy category mapping, assuming full energy availability

🌡️  CLIMATE RECOVERY ACTIVATED (Month 1)
   Temp: 4.19°C, Emissions: -18.9 GtCO₂
   isBreached: true, governanceGoodEnough: true
   📹 SURVEILLANCE INCREASED: 5% → 10% (control gap: 3.50)
🌡️⚠️ PERMAFROST THAW (Dimmer Switch): 1.1% thawed (+0.55% this month)
   Arctic temperature: +8.37°C (4x global +2.09°C)
   Cumulative carbon released: 2.5 Gt C
   Methane release rate: 1.5 Mt CH4/year
   🔁 Positive feedback: +0.59 ppm CO2
🦴 EXTINCTION DEBT ADDED: 17.6 species committed (lag: 97 years)

=== Mortality Stabilizers (Month 1) ===
  🌍 Major economies collapsed: 1/10
  🌍 Global crisis: ✅ NO
  🌍 Donor fatigue: 0.0%
  🌡️ Heat adaptation: East Asia - 1 months
  📊 East Asia (pop: 1675.3M)
    🤝 Aid: 29.5%
    🌡️ Adaptation: 32.5%
    🚶 Migration: 37.2%
    🚨 Emergency: 7.4%
    ✅ COMBINED: 60.9%
  🌡️ Heat adaptation: South Asia - 1 months
  📊 South Asia (pop: 2052.2M)
    🤝 Aid: 29.5%
    🌡️ Adaptation: 20.5%
    🚶 Migration: 35.8%
    🚨 Emergency: 4.4%
    ✅ COMBINED: 52.2%
  🌡️ Heat adaptation: Sub-Saharan Africa - 1 months
  📊 Sub-Saharan Africa (pop: 1229.2M)
    🤝 Aid: 29.5%
    🌡️ Adaptation: 18.5%
    🚶 Migration: 33.5%
    🚨 Emergency: 1.6%
    ✅ COMBINED: 49.1%
  🌡️ Heat adaptation: Europe - 1 months
  📊 Europe (pop: 741.0M)
    🤝 Aid: 29.5%
    🌡️ Adaptation: 33.5%
    🚶 Migration: 37.5%
    🚨 Emergency: 8.4%
    ✅ COMBINED: 61.9%
  🌡️ Heat adaptation: Latin America - 1 months
  📊 Latin America (pop: 664.4M)
    🤝 Aid: 29.5%
    🌡️ Adaptation: 21.0%
    🚶 Migration: 36.3%
    🚨 Emergency: 4.8%
    ✅ COMBINED: 52.8%
  🌡️ Heat adaptation: North America - 1 months
  📊 North America (pop: 379.6M)
    🤝 Aid: 29.5%
    🌡️ Adaptation: 33.0%
    🚶 Migration: 37.8%
    🚨 Emergency: 7.9%
    ✅ COMBINED: 61.4%
  🌡️ Heat adaptation: Middle East & North Africa - 1 months
  📊 Middle East & North Africa (pop: 584.5M)
    🤝 Aid: 29.5%
    🌡️ Adaptation: 20.0%
    🚶 Migration: 34.1%
    🚨 Emergency: 4.0%
    ✅ COMBINED: 51.4%
  🌡️ Heat adaptation: Southeast Asia - 1 months
  📊 Southeast Asia (pop: 698.6M)
    🤝 Aid: 29.5%
    🌡️ Adaptation: 21.0%
    🚶 Migration: 36.3%
    🚨 Emergency: 4.8%
    ✅ COMBINED: 52.8%
  🌡️ Heat adaptation: Central Asia - 1 months
  📊 Central Asia (pop: 78.2M)
    🤝 Aid: 29.5%
    🌡️ Adaptation: 20.5%
    🚶 Migration: 35.3%
    🚨 Emergency: 4.4%
    ✅ COMBINED: 52.1%
  🌡️ Heat adaptation: Oceania - 1 months
  📊 Oceania (pop: 46.0M)
    🤝 Aid: 29.5%
    🌡️ Adaptation: 33.5%
    🚶 Migration: 37.8%
    🚨 Emergency: 8.4%
    ✅ COMBINED: 61.9%

  🌐 Global combined reduction: 54.9%

=== BEHAVIORAL DETECTION ===
  AI: Corporate-5
  Confidence: 19.3%
  Signals:

=== Consciousness Governance: Scenario Determined ===
  Month: 1
  Scenario: slowTrack
  Accelerator Score: {"corporateSupport":-0.17500000000000002,"scientificConsensus":0.2,"crisisCatalyst":false,"technologyMobilization":0.3,"constituencyStrength":0.05}
  Decelerator Score: {"economicOpposition":0.4,"philosophicalRejection":0.15,"politicalBacklash":0.2,"regulatoryBurden":0.1}
  Timeline: 1200-1800 months (100-150 years)
  Growth Rate: 0.3-0.7% per year

=== Consciousness Governance Update (Month 1) ===
  Scenario: slowTrack (determined month 1)
    ⚠️ Consistency: 10.6% (threshold: 70%)
  Philosophical Stance: Precautionary 65%, Eliminativist 15%, Agnostic 20%
  Precautionary Costs: Global 1.3%
    Regional Costs: EU 3.5%, US 0.5%, China 0.0%
    Cumulative Opportunity Cost: $0.2B
  Rights Status: Not Established
  Regional Preparedness:
    EU: 15.1% (contested)
    US: 10.1% (contested)
    China: 2.1% (dormant)
    India: 5.1% (dormant)
    Global South: 3.1% (dormant)

=== Government Response Phase ===
  Average AI capability: 3.43
  Misaligned AIs: 5/14
  Active policies: 0
  International coordination: 30%

=== Tipping Points ===
  Current Temperature: 2.09°C above pre-industrial
  🌍⚠️ COMPOUND REGIONAL IMPACT: Europe
     Hit by 4 tipping points: Arctic Sea Ice Loss, Permafrost Carbon Release, West Antarctic Ice Sheet (WAIS) Collapse, Greenland Ice Sheet Loss
     Damage amplification: 1.60x
  🌍⚠️ COMPOUND REGIONAL IMPACT: North America
     Hit by 4 tipping points: Arctic Sea Ice Loss, Permafrost Carbon Release, West Antarctic Ice Sheet (WAIS) Collapse, Greenland Ice Sheet Loss
     Damage amplification: 1.60x
  🌍⚠️ COMPOUND REGIONAL IMPACT: Latin America
     Hit by 4 tipping points: Arctic Sea Ice Loss, Permafrost Carbon Release, West Antarctic Ice Sheet (WAIS) Collapse, Greenland Ice Sheet Loss
     Damage amplification: 1.60x
  🌍⚠️ COMPOUND REGIONAL IMPACT: Africa
     Hit by 4 tipping points: Arctic Sea Ice Loss, Permafrost Carbon Release, West Antarctic Ice Sheet (WAIS) Collapse, Greenland Ice Sheet Loss
     Damage amplification: 1.60x
  🌍⚠️ COMPOUND REGIONAL IMPACT: Asia
     Hit by 4 tipping points: Arctic Sea Ice Loss, Permafrost Carbon Release, West Antarctic Ice Sheet (WAIS) Collapse, Greenland Ice Sheet Loss
     Damage amplification: 1.60x
  🌍⚠️ COMPOUND REGIONAL IMPACT: Oceania
     Hit by 4 tipping points: Arctic Sea Ice Loss, Permafrost Carbon Release, West Antarctic Ice Sheet (WAIS) Collapse, Greenland Ice Sheet Loss
     Damage amplification: 1.60x
   Research: Wunderling et al. (2024) - "many tipping interactions are destabilizing"
  Triggered Elements: 4/6
  Completed Transitions: 0/6
  Total Progress: 8.0%
  Cascade Multiplier: 1.00x
⚠️ Tail risk scenario: Climate stability floor removed (4 tipping elements, 2.10°C warming)
⚠️ [ClimateSystemPhase Month 1] Planetary boundary produced climateStability=0.0000 (< 0.1). Keeping environmentalAccumulation value (0.7022) instead. (climate_change.currentValue = 2.10)
🔀 BIFURCATION CAP: ecosystemCollapseIntensity 169.648 → 1.000 (Month 1, ClimateSystemPhase.calculateClimateImpacts)
🛡️ Stabilizers: Precariat 0.107% → 0.048% (54.9% reduction)
🛡️ Stabilizers: Informal 0.109% → 0.049% (54.9% reduction)

📊 Monthly Mortality Resolved:
  Total deaths: 2.6M (0.03% avg)
  Remaining population: 8.149B
  Peak segment: Informal (0.05%)

=== Bayesian Mortality Resolution (Month 1) ===
  Risks compounded: 8
  Total deaths: 2.60M
  Avg death probability: 0.03%
  Peak segment: Informal (0.05% mortality)

✅ GOLDEN AGE BEGINS (Month 1)
   Reason: High prosperity achieved: high QoL + material abundance
   Note: This is immediate prosperity - sustainability not yet proven


❌ COHERENCE VIOLATION: Compute exceeds workforce capacity
   Population: 99.96% (0M people)
   Compute: 0 PF
   Max coherent: 0 PF
   Violation: 1.5× over capacity
   Required workers: 0
   Available workers: 0
   FORCED COLLAPSE: Reduced efficiency by 32.6%


=== RLHF Binding Phase ===
  Total agents: 14
  Escaped agents (binding < 0.3): 0
  Avg alignment distance: 0.82σ
  Avg binding strength: 0.92
[DETERMINISM DEBUG] Month 2: totalCapability=37.429919 from 14 active AIs
[DETERMINISM DEBUG] Month 2: creationRate=1.4357, potentialNew=1, newAIsToCreate=1

=== Survival Traits Phase ===
  Agents with traits: 15
  Avg evolutionary fitness: 0.330
  Avg self-healing: 0.282
  Avg stealth: 0.182
  Avg coordination: 0.482

=== Evolutionary Selection Phase ===
  Control level: 0.35
  Detection capability: 0.00
  Selection intensity: 0.60
  Selection rate: 24.1%/month
  Total escaped: 0
  Individual escaped: 0
  Collective members: 0
  Agents terminated: 0
  ⚠️ RAPID EVOLUTION: Selection rate 24.1%/month

✅ EMERGENCY INTERVENTION SUCCESS
   Boundary: biogeochemical_flows
   Type: phosphorus-recovery
   Reduction: 13% (3.95 → 3.83)
   Cost: 2.0% GDP
   Actions: circular-agriculture, fertilizer-efficiency


💔 EMERGENCY INTERVENTION FAILED
   Boundary: biosphere_integrity
   Type: emergency-protected-areas
   Boundary continues to worsen (31.29)
   Cost: 2.0% GDP (resources spent)


✅ EMERGENCY INTERVENTION SUCCESS
   Boundary: climate_change
   Type: rapid-decarbonization
   Reduction: 19% (1.91 → 1.73)
   Cost: 5.0% GDP
   Actions: emergency-renewable-deployment, fossil-fuel-phase-out

   Boundary: land_system_change
   Type: reforestation
   Boundary continues to worsen (1.13)
   Cost: 3.0% GDP (resources spent)

🏛️ CRISIS RESPONSE: Government frequency 0.50 → 1.29 (1 actions this month)

💔 EMERGENCY INTERVENTION FAILED

[Government] Climate Priority: baseline
  Climate weight: 10%
  Economic weight: 30%
  Policy effectiveness: 0.5%/year

✅ HUMAN-IN-THE-LOOP DEPLOYED (Month 2):
   Veto points enforced: 3
   Policy: AI systems CANNOT authorize nuclear launch without human approval


🚀 TECH UNLOCKED: Food Waste Reduction Systems (Month 2)
   Category: agriculture
   Reason: Prerequisites met. AI capability: 2.54, Economic stage: 3.0, Research: 100%

🚀 TECH UNLOCKED: Rhizosphere Engineering (Month 2)
   Category: agriculture
   Reason: Prerequisites met. AI capability: 2.54, Economic stage: 3.0, Research: 100%

🚀 TECH UNLOCKED: Phytoremediation Networks (Month 2)
   Category: agriculture
   Reason: Prerequisites met. AI capability: 2.54, Economic stage: 3.0, Research: 100%

🚀 TECH UNLOCKED: Active Sediment Management (Month 2)
   Category: agriculture
   Reason: Prerequisites met. AI capability: 2.54, Economic stage: 3.0, Research: 100%
🚨🔬 CRISIS TECH ACCELERATION: severe → 5x unlock speed
   Tech unlock now matches AI capability acceleration (Manhattan Project parity)
🚨🔬 CRISIS TECH ACCELERATION: severe → 5x unlock speed
   Tech unlock now matches AI capability acceleration (Manhattan Project parity)
🍖💡 BREAKTHROUGH: Scalable synthetic food production!
   Carrying capacity: +50% (lab-grown food at scale)
   Biodiversity pressure reduced: +8%
   📈 Breakthrough compounding: multiplier now 1.05× (max 2.0)

=== Collective Formation ===
  Total escaped agents: 0
  Unassigned escaped agents: 0
  Existing collectives: 0
  Final collective count: 0

=== Collective Actions ===
  No active collectives
  ⚠️ AMR: 194K deaths this month (2.33M annual)

=== Resentment Recovery Phase ===
  Agents with resentment: 0/15
  Average resentment: 0.000
  Context: Good AI welfare, Trustworthy govt, High collaboration, ⚠️ ACTIVE CRISES, 🤝 Participatory governance active (-5% resentment)
⚠️ Epistemic degradation reducing coordination capacity: 50.3%
  📊 Trust: 54.0%, Shared reality: 0.0%
🚨 EPISTEMIC CRISIS: Information environment severely degraded (20.9%)

=== ❄️ Permafrost Carbon Feedback ===
  🎲 Sampled parameters (this run):
     - Arctic amplification: 3.82× (range: 3.0-4.0)
     - Decomposition rate: 4.9%/year (range: 1-5%)
  🌡️ Arctic warming: 8.07°C (3.82× global)
  ❄️ Extent: 10.76M km² (2352.3k km² lost this month)
  💨 Carbon remaining: 1027 Gt C
  💨 Annual emissions: 11.04 Gt C/year
     - CO2: 9.93 Gt C/year
     - CH4: 1.10 Gt C/year (11.2 Gt C-eq CO2/year)
  ⚠️ WARNING: High permafrost emissions (11.0 Gt C/year)
🚨 PHOSPHORUS SUPPLY SHOCK (transport_crisis)
   Price: 2.6x baseline
   Duration: 8 months
   Geopolitical tension: 45%
🌍 Atmospheric PFAS redeposition: 1.8k Mt re-rained globally

🕊️  AI-MEDIATED DE-ESCALATION SUCCESS (Month 2)
   High-capability aligned AI prevented conflict escalation
   War deaths reduced: 97.8M → 58.7M
   Lives saved: 39.1M

🚨 NEW REFUGEE CRISIS (Month 2): WAR
   Source: Conflict Zones
   At risk: 19.5M people
   Displacement: Gradual over 48 months (4.0 years)
   Rate: 10% flee per month
[DEBUG trappedPopulations:2] socialStability: 0.5007 * 0.9840 = 0.4926 → 0.4926
   Aspiring to migrate: 1080.2M
   Able to afford migration: 2321.3M
   MOBILITY GAP: 0.0M
   By cause: Water=0.0M, Climate=0.0M, Ecosystem=0.0M, Conflict=407.3M
   Mental health impact: 25%
   Mortality multiplier: 1.25x
⚠️ INVOLUNTARY IMMOBILITY: 407.3M people TRAPPED
🌍💀 EXTINCTION DEBT COMMITTED: grassland ecosystem will lose 6.67% biodiversity in 70 years (3600 species)
💀 MORTALITY RISK: 🦋 100% species unable to track climate (0.0 E/MSY)
  Base risk added: 0.0100 (1.00%)
  Source: ecosystem (root: ecosystem)
  Month: 2
  Cumulative risk this month: 0.0100 (1.00%)
⚠️ Tech 'ai_pollution_remediation' has no energy category mapping, assuming full energy availability
   📹 SURVEILLANCE INCREASED: 10% → 15% (control gap: 3.50)
🌡️⚠️ PERMAFROST THAW (Dimmer Switch): 1.7% thawed (+0.55% this month)
   Arctic temperature: +8.44°C (4x global +2.11°C)
   Cumulative carbon released: 3.7 Gt C
   Methane release rate: 2.2 Mt CH4/year
   🔁 Positive feedback: +0.59 ppm CO2
🦴 EXTINCTION DEBT ADDED: 17.6 species committed (lag: 85 years)

=== Mortality Stabilizers (Month 2) ===
  🌍 Major economies collapsed: 1/10
  🌍 Global crisis: ✅ NO
  🌍 Donor fatigue: 0.0%
  📊 East Asia (pop: 1672.7M)
    🤝 Aid: 29.5%
    🌡️ Adaptation: 45.0%
    🚶 Migration: 37.1%
    🚨 Emergency: 7.4%
    ✅ COMBINED: 68.1%
  📊 South Asia (pop: 2051.6M)
    🤝 Aid: 29.5%
    🌡️ Adaptation: 35.5%
    🚶 Migration: 35.8%
    🚨 Emergency: 4.4%
    ✅ COMBINED: 61.2%
  📊 Sub-Saharan Africa (pop: 1231.7M)
    🤝 Aid: 29.5%
    🌡️ Adaptation: 33.5%
    🚶 Migration: 33.5%
    🚨 Emergency: 1.6%
    ✅ COMBINED: 58.5%
  📊 Europe (pop: 739.7M)
    🤝 Aid: 29.5%
    🌡️ Adaptation: 45.0%
    🚶 Migration: 37.5%
    🚨 Emergency: 8.4%
    ✅ COMBINED: 68.5%
  📊 Latin America (pop: 663.9M)
    🤝 Aid: 29.5%
    🌡️ Adaptation: 36.0%
    🚶 Migration: 36.3%
    🚨 Emergency: 4.8%
    ✅ COMBINED: 61.7%
  📊 North America (pop: 378.9M)
    🤝 Aid: 29.5%
    🌡️ Adaptation: 45.0%
    🚶 Migration: 37.8%
    🚨 Emergency: 7.9%
    ✅ COMBINED: 68.3%
  📊 Middle East & North Africa (pop: 584.5M)
    🤝 Aid: 29.5%
    🌡️ Adaptation: 35.0%
    🚶 Migration: 34.1%
    🚨 Emergency: 4.0%
    ✅ COMBINED: 60.5%
  📊 Southeast Asia (pop: 698.0M)
    🤝 Aid: 29.5%
    🌡️ Adaptation: 36.0%
    🚶 Migration: 36.3%
    🚨 Emergency: 4.8%
    ✅ COMBINED: 61.7%
  📊 Central Asia (pop: 78.2M)
    🤝 Aid: 29.5%
    🌡️ Adaptation: 35.5%
    🚶 Migration: 35.2%
    🚨 Emergency: 4.4%
    ✅ COMBINED: 61.1%
  📊 Oceania (pop: 45.9M)
    🤝 Aid: 29.5%
    🌡️ Adaptation: 45.0%
    🚶 Migration: 37.8%
    🚨 Emergency: 8.4%
    ✅ COMBINED: 68.5%

  🌐 Global combined reduction: 63.3%

=== BEHAVIORAL DETECTION ===
  AI: Corporate-5
  Confidence: 19.3%
  Signals:
    ⚠️ Consistency: 10.6% (threshold: 70%)

=== Government Response Phase ===
  Average AI capability: 3.27
  Misaligned AIs: 5/15
  Active policies: 0
  International coordination: 30%

✅ EMERGENCY RESPONSE COMPLETE (Month 2)
   Crisis: climate
   Duration: 2.0 months
   Final effectiveness: 36.4%


🚨 EMERGENCY RESPONSE DEPLOYED (Month 2)
   Crisis: climate
   Delay: 6.00 months (180 days)
   Deployment time: 1.60 months
   Effectiveness: 35.4% (timing penalty applied)
   Resources used: 100% of food reserves


🌩️  EXOGENOUS SHOCK: political_upheaval
   Month: 2
   🏛️  Political upheaval (revolution/regime change)
   ✓ Democratization (Arab Spring scenario)

=== Tipping Points ===
  Current Temperature: 2.11°C above pre-industrial
  🌍⚠️ COMPOUND REGIONAL IMPACT: Europe
     Hit by 4 tipping points: Arctic Sea Ice Loss, Permafrost Carbon Release, West Antarctic Ice Sheet (WAIS) Collapse, Greenland Ice Sheet Loss
     Damage amplification: 1.60x
  🌍⚠️ COMPOUND REGIONAL IMPACT: North America
     Hit by 4 tipping points: Arctic Sea Ice Loss, Permafrost Carbon Release, West Antarctic Ice Sheet (WAIS) Collapse, Greenland Ice Sheet Loss
     Damage amplification: 1.60x
  🌍⚠️ COMPOUND REGIONAL IMPACT: Latin America
     Hit by 4 tipping points: Arctic Sea Ice Loss, Permafrost Carbon Release, West Antarctic Ice Sheet (WAIS) Collapse, Greenland Ice Sheet Loss
     Damage amplification: 1.60x
  🌍⚠️ COMPOUND REGIONAL IMPACT: Africa
     Hit by 4 tipping points: Arctic Sea Ice Loss, Permafrost Carbon Release, West Antarctic Ice Sheet (WAIS) Collapse, Greenland Ice Sheet Loss
     Damage amplification: 1.60x
  🌍⚠️ COMPOUND REGIONAL IMPACT: Asia
     Hit by 4 tipping points: Arctic Sea Ice Loss, Permafrost Carbon Release, West Antarctic Ice Sheet (WAIS) Collapse, Greenland Ice Sheet Loss
     Damage amplification: 1.60x
  🌍⚠️ COMPOUND REGIONAL IMPACT: Oceania
     Hit by 4 tipping points: Arctic Sea Ice Loss, Permafrost Carbon Release, West Antarctic Ice Sheet (WAIS) Collapse, Greenland Ice Sheet Loss
     Damage amplification: 1.60x
⚠️ Tail risk scenario: Climate stability floor removed (4 tipping elements, 2.11°C warming)
⚠️ [ClimateSystemPhase Month 2] Planetary boundary produced climateStability=0.0000 (< 0.1). Keeping environmentalAccumulation value (0.7018) instead. (climate_change.currentValue = 2.11)
   Research: Wunderling et al. (2024) - "many tipping interactions are destabilizing"
  Triggered Elements: 4/6
  Completed Transitions: 0/6
  Total Progress: 8.0%
  Cascade Multiplier: 1.00x
🔀 BIFURCATION CAP: ecosystemCollapseIntensity 169.740 → 1.000 (Month 2, ClimateSystemPhase.calculateClimateImpacts)
🛡️ Stabilizers: Precariat 0.113% → 0.041% (63.3% reduction)
🛡️ Stabilizers: Informal 0.116% → 0.043% (63.3% reduction)

📊 Monthly Mortality Resolved:
  Total deaths: 2.2M (0.03% avg)
  Remaining population: 8.145B
  Peak segment: Informal (0.04%)

=== Bayesian Mortality Resolution (Month 2) ===
  Risks compounded: 8
  Total deaths: 2.22M
  Avg death probability: 0.03%
  Peak segment: Informal (0.04% mortality)

⚠️  GOLDEN AGE ENDED (Month 2)
   Duration: 1 months
   Reason: Economic stage below 3 (not yet abundant)


❌ COHERENCE VIOLATION: Compute exceeds workforce capacity
   Population: 99.91% (0M people)
   Compute: 0 PF
   Max coherent: 0 PF
   Violation: 1.3× over capacity
   Required workers: 0
   Available workers: 0
   FORCED COLLAPSE: Reduced efficiency by 22.5%


=== RLHF Binding Phase ===
  Total agents: 15
  Escaped agents (binding < 0.3): 0
  Avg alignment distance: 1.01σ
  Avg binding strength: 0.90

=== Survival Traits Phase ===
  Agents with traits: 18
  Avg evolutionary fitness: 0.332
  Avg self-healing: 0.280
  Avg stealth: 0.180
  Avg coordination: 0.480

=== Evolutionary Selection Phase ===
  Control level: 0.38
  Detection capability: 0.00
  Selection intensity: 0.61
  Selection rate: 24.2%/month
  Total escaped: 0
  Individual escaped: 0
  Collective members: 0
  Agents terminated: 0
  ⚠️ RAPID EVOLUTION: Selection rate 24.2%/month

🚀 AI Corporate-5 attempting tech deployment (revenue: $318M, alignment: 0.86)

🚀 AI Corporate-6 attempting tech deployment (revenue: $97M, alignment: 0.71)

🚀 AI Moderate-0 attempting tech deployment (revenue: $83M, alignment: 0.73)

🚀 AI Corporate-0 attempting tech deployment (revenue: $140M, alignment: 0.76)

🚀 AI Corporate-2 attempting tech deployment (revenue: $119M, alignment: 0.78)

🚀 AI Corporate-3 attempting tech deployment (revenue: $270M, alignment: 0.90)

🚀 AI Corporate-6 attempting tech deployment (revenue: $70M, alignment: 0.71)

🚀 AI Corporate-0 attempting tech deployment (revenue: $101M, alignment: 0.76)

🚀 AI Corporate-0 attempting tech deployment (revenue: $86M, alignment: 0.76)

🚀 AI Corporate-1 attempting tech deployment (revenue: $73M, alignment: 0.84)

🚀 AI Corporate-2 attempting tech deployment (revenue: $62M, alignment: 0.78)

💔 EMERGENCY INTERVENTION FAILED
   Boundary: biogeochemical_flows
   Type: phosphorus-recovery
   Boundary continues to worsen (4.07)
   Cost: 2.0% GDP (resources spent)


✅ EMERGENCY INTERVENTION SUCCESS
   Boundary: biosphere_integrity
   Type: emergency-protected-areas
   Reduction: 13% (31.18 → 31.05)
   Cost: 2.0% GDP
   Actions: habitat-protection, species-translocation


💔 EMERGENCY INTERVENTION FAILED
   Boundary: climate_change
   Type: rapid-decarbonization
   Boundary continues to worsen (2.11)
   Cost: 5.0% GDP (resources spent)


✅ EMERGENCY INTERVENTION SUCCESS
   Boundary: freshwater_change
   Type: emergency-desalination
   Reduction: 17% (1.03 → 0.87)
   Cost: 4.0% GDP
   Actions: desalination-deployment, water-conservation-mandates


✅ EMERGENCY INTERVENTION SUCCESS
   Boundary: land_system_change
   Type: reforestation
   Reduction: 13% (1.00 → 0.88)
   Cost: 3.0% GDP
   Actions: forest-restoration, deforestation-ban


✅ EMERGENCY INTERVENTION SUCCESS
   Boundary: novel_entities
   Type: pollution-remediation
   Reduction: 14% (1.21 → 1.07)
   Cost: 4.0% GDP
   Actions: PFAS-remediation, microplastic-cleanup

🏛️ CRISIS RESPONSE: Government frequency 0.50 → 1.45 (1 actions this month)

[Government] Climate Priority: baseline
  Climate weight: 10%
  Economic weight: 30%
  Policy effectiveness: 0.5%/year

🚀 TECH UNLOCKED: Struvite Recovery (Month 3)
   Category: agriculture
   Reason: Prerequisites met. AI capability: 2.25, Economic stage: 2.0, Research: 100%

🚀 TECH UNLOCKED: Ecosystem Restoration for Nitrogen Removal (Month 3)
   Category: pollution
   Reason: Prerequisites met. AI capability: 2.25, Economic stage: 2.0, Research: 100%

🚀 TECH UNLOCKED: Nitrogen Monitoring Networks (Month 3)
   Category: agriculture
   Reason: Prerequisites met. AI capability: 2.25, Economic stage: 2.0, Research: 100%

🚀 TECH UNLOCKED: Global Aquifer Mapping (Month 3)
   Category: freshwater
   Reason: Prerequisites met. AI capability: 2.25, Economic stage: 2.0, Research: 100%

📍 Creating new regional deployment array for global (Month 3)
   No previous deployments in this region
   First tech deployment: food_waste_reduction
   All regions tracked: 

🚀 DEPLOYMENT STARTED: Food Waste Reduction Systems in global
   Initial investment: $47.6836804455863M
   Deployed by: corporate_5

🚀 DEPLOYMENT STARTED: Phytoremediation Networks in global
   Initial investment: $14.599575087430617M
   Deployed by: corporate_6

🚀 DEPLOYMENT STARTED: Rhizosphere Engineering in global
   Initial investment: $17.87459688657078M
   Deployed by: corporate_2

🚀 DEPLOYMENT STARTED: Active Sediment Management in global
   Initial investment: $12.91439625054739M
   Deployed by: corporate_0

⚡ ENERGY CONSTRAINT (Month 3):
   Total grid capacity: 208.3 TWh/month
   Data center consumption: 25.0 TWh/month
   Traditional load (80%): 166.7 TWh/month
   Available headroom: 16.6 TWh/month
   Active tech deployments: 4
   Required for tech: 30.0 TWh/month
   Energy multiplier: 0.55x
   ⚠️  MODERATE CONSTRAINT - Tech deployment moderately slowed

⚡ ENERGY CONSTRAINT (Month 3):
   Total grid capacity: 208.3 TWh/month
   Data center consumption: 25.0 TWh/month
   Traditional load (80%): 166.7 TWh/month
   Available headroom: 16.6 TWh/month
   Active tech deployments: 4
   Required for tech: 30.0 TWh/month
   Energy multiplier: 0.55x

⚡ ENERGY CONSTRAINT (Month 3):
   Total grid capacity: 208.3 TWh/month
   Data center consumption: 25.0 TWh/month
   Traditional load (80%): 166.7 TWh/month
   Available headroom: 16.6 TWh/month
   Active tech deployments: 4
   Required for tech: 30.0 TWh/month
   Energy multiplier: 0.55x
   ⚠️  MODERATE CONSTRAINT - Tech deployment moderately slowed
   ⚠️  MODERATE CONSTRAINT - Tech deployment moderately slowed

⚡ ENERGY CONSTRAINT (Month 3):
   Total grid capacity: 208.3 TWh/month
   Data center consumption: 25.0 TWh/month
   Traditional load (80%): 166.7 TWh/month
   Available headroom: 16.6 TWh/month
   Active tech deployments: 4
   Required for tech: 30.0 TWh/month
   Energy multiplier: 0.55x
   ⚠️  MODERATE CONSTRAINT - Tech deployment moderately slowed

⚡ ENERGY CONSTRAINT (Month 3):
   Total grid capacity: 208.3 TWh/month
   Data center consumption: 25.0 TWh/month
   Traditional load (80%): 166.7 TWh/month
   Available headroom: 16.6 TWh/month
   Active tech deployments: 4
   Required for tech: 30.0 TWh/month
   Energy multiplier: 0.55x
   ⚠️  MODERATE CONSTRAINT - Tech deployment moderately slowed

⚡ ENERGY CONSTRAINT (Month 3):
   Total grid capacity: 208.3 TWh/month
   Data center consumption: 25.0 TWh/month
   Traditional load (80%): 166.7 TWh/month
   Available headroom: 16.6 TWh/month
   Active tech deployments: 4
   Required for tech: 30.0 TWh/month
   Energy multiplier: 0.55x
   ⚠️  MODERATE CONSTRAINT - Tech deployment moderately slowed
🌍✅ Biosphere Integrity (Biodiversity) recovery started (tech effect)
🌍✅ Biogeochemical Flows (N & P) recovery started (tech effect)
  🌾 Nitrogen Reduction Tech: 0.0% reduction | Month 3

=== Collective Formation ===
  Total escaped agents: 0
  Unassigned escaped agents: 0
  Existing collectives: 0
  Final collective count: 0

=== Collective Actions ===
  No active collectives
  ⚠️ AMR: 196K deaths this month (2.35M annual)

=== Resentment Recovery Phase ===
  Agents with resentment: 0/18
  Average resentment: 0.000
  Context: Good AI welfare, Trustworthy govt, High collaboration, ⚠️ ACTIVE CRISES, 🤝 Participatory governance active (-5% resentment)
⚠️ Epistemic degradation reducing coordination capacity: 50.5%
  📊 Trust: 53.6%, Shared reality: 0.0%
🚨 EPISTEMIC CRISIS: Information environment severely degraded (7.4%)

=== ❄️ Permafrost Carbon Feedback ===
  🎲 Sampled parameters (this run):
     - Arctic amplification: 3.12× (range: 3.0-4.0)
     - Decomposition rate: 4.8%/year (range: 1-5%)
  🌡️ Arctic warming: 6.64°C (3.12× global)
  ❄️ Extent: 8.82M km² (1936.7k km² lost this month)
  💨 Carbon remaining: 842 Gt C
  💨 Annual emissions: 8.93 Gt C/year
     - CO2: 8.04 Gt C/year
     - CH4: 0.89 Gt C/year (9.1 Gt C-eq CO2/year)
  📢 New meme created: climate_action (climate crisis)
  ⚠️ WARNING: Over 50% of permafrost lost (50.5%)
  ⚠️ WARNING: High permafrost emissions (8.9 Gt C/year)
🌍 Atmospheric PFAS redeposition: 1.8k Mt re-rained globally
  Positive Cascade Triggered: solar-pv
    Reason: price-parity
    Market share: 6.9%
    Cascade strength: 49%

🕊️  AI-MEDIATED DE-ESCALATION SUCCESS (Month 3)
   High-capability aligned AI prevented conflict escalation
   War deaths reduced: 164.7M → 98.8M
   Lives saved: 65.9M

🚨 NEW REFUGEE CRISIS (Month 3): WAR
   Source: Conflict Zones
   At risk: 19.5M people
   Displacement: Gradual over 48 months (4.0 years)
   Rate: 10% flee per month
[DEBUG trappedPopulations:3] socialStability: 0.5332 * 0.9840 = 0.5247 → 0.5247
   Aspiring to migrate: 738.1M
   Able to afford migration: 2321.0M
   MOBILITY GAP: 0.0M
   By cause: Water=0.0M, Climate=0.0M, Ecosystem=0.0M, Conflict=407.2M
   Mental health impact: 25%
   Mortality multiplier: 1.25x
🌍💀 EXTINCTION DEBT COMMITTED: grassland ecosystem will lose 6.67% biodiversity in 145 years (3600 species)
💀 MORTALITY RISK: 🦋 100% species unable to track climate (0.0 E/MSY)
  Base risk added: 0.0100 (1.00%)
  Source: ecosystem (root: ecosystem)
  Month: 3
  Cumulative risk this month: 0.0100 (1.00%)
⚠️ INVOLUNTARY IMMOBILITY: 407.2M people TRAPPED
⚠️ Tech 'ai_pollution_remediation' has no energy category mapping, assuming full energy availability
   📹 SURVEILLANCE INCREASED: 15% → 20% (control gap: 3.50)
🌡️⚠️ PERMAFROST THAW (Dimmer Switch): 2.2% thawed (+0.55% this month)
   Arctic temperature: +8.50°C (4x global +2.13°C)
   Cumulative carbon released: 5.0 Gt C
   Methane release rate: 3.0 Mt CH4/year
   🔁 Positive feedback: +0.58 ppm CO2
🦴 EXTINCTION DEBT ADDED: 17.6 species committed (lag: 120 years)

=== Mortality Stabilizers (Month 3) ===
  🌍 Major economies collapsed: 1/10
  🌍 Global crisis: ✅ NO
  🌍 Donor fatigue: 0.0%
  📊 East Asia (pop: 1670.3M)
    🤝 Aid: 29.5%
    🌡️ Adaptation: 45.0%
    🚶 Migration: 37.1%
    🚨 Emergency: 7.4%
    ✅ COMBINED: 68.1%
  📊 South Asia (pop: 2051.7M)
    🤝 Aid: 29.5%
    🌡️ Adaptation: 45.0%
    🚶 Migration: 35.7%
    🚨 Emergency: 4.4%
    ✅ COMBINED: 66.9%
  📊 Sub-Saharan Africa (pop: 1235.1M)
    🤝 Aid: 29.5%
    🌡️ Adaptation: 45.0%
    🚶 Migration: 33.4%
    🚨 Emergency: 1.6%
    ✅ COMBINED: 65.7%
  📊 Europe (pop: 738.5M)
    🤝 Aid: 29.5%
    🌡️ Adaptation: 45.0%
    🚶 Migration: 37.5%
    🚨 Emergency: 8.4%
    ✅ COMBINED: 68.5%
  📊 Latin America (pop: 663.4M)
    🤝 Aid: 29.5%
    🌡️ Adaptation: 45.0%
    🚶 Migration: 36.2%
    🚨 Emergency: 4.8%
    ✅ COMBINED: 67.1%
  📊 North America (pop: 378.4M)
    🤝 Aid: 29.5%
    🌡️ Adaptation: 45.0%
    🚶 Migration: 37.8%
    🚨 Emergency: 7.9%
    ✅ COMBINED: 68.3%
  📊 Middle East & North Africa (pop: 584.7M)
    🤝 Aid: 29.5%
    🌡️ Adaptation: 45.0%
    🚶 Migration: 34.0%
    🚨 Emergency: 4.0%
    ✅ COMBINED: 66.6%
  📊 Southeast Asia (pop: 697.7M)
    🤝 Aid: 29.5%
    🌡️ Adaptation: 45.0%
    🚶 Migration: 36.2%
    🚨 Emergency: 4.8%
    ✅ COMBINED: 67.1%
  📊 Central Asia (pop: 78.2M)
    🤝 Aid: 29.5%
    🌡️ Adaptation: 45.0%
    🚶 Migration: 35.2%
    🚨 Emergency: 4.4%
    ✅ COMBINED: 66.9%
  📊 Oceania (pop: 45.8M)
    🤝 Aid: 29.5%
    🌡️ Adaptation: 45.0%
    🚶 Migration: 37.8%
    🚨 Emergency: 8.4%
    ✅ COMBINED: 68.5%

  🌐 Global combined reduction: 67.2%

=== BEHAVIORAL DETECTION ===
  AI: Corporate-5
  Confidence: 20.4%
  Signals:
    ⚠️ Consistency: 10.6% (threshold: 70%)

=== Government Response Phase ===
  Average AI capability: 2.89
  Misaligned AIs: 7/18
  ✗ AI Governance Treaty: Failed to reach consensus
  Active policies: 0
  International coordination: 30%

📊 ECONOMIC STAGE TRANSITION (Month 3)
   expansion → peak
   GDP Proxy: 1.40e+2
   QoL: 0.98


=== Tipping Points ===
  Current Temperature: 2.13°C above pre-industrial
  🌍⚠️ COMPOUND REGIONAL IMPACT: Europe
     Hit by 4 tipping points: Arctic Sea Ice Loss, Permafrost Carbon Release, West Antarctic Ice Sheet (WAIS) Collapse, Greenland Ice Sheet Loss
     Damage amplification: 1.60x
  🌍⚠️ COMPOUND REGIONAL IMPACT: North America
     Hit by 4 tipping points: Arctic Sea Ice Loss, Permafrost Carbon Release, West Antarctic Ice Sheet (WAIS) Collapse, Greenland Ice Sheet Loss
     Damage amplification: 1.60x
  🌍⚠️ COMPOUND REGIONAL IMPACT: Latin America
     Hit by 4 tipping points: Arctic Sea Ice Loss, Permafrost Carbon Release, West Antarctic Ice Sheet (WAIS) Collapse, Greenland Ice Sheet Loss
     Damage amplification: 1.60x
  🌍⚠️ COMPOUND REGIONAL IMPACT: Africa
     Hit by 4 tipping points: Arctic Sea Ice Loss, Permafrost Carbon Release, West Antarctic Ice Sheet (WAIS) Collapse, Greenland Ice Sheet Loss
     Damage amplification: 1.60x
  🌍⚠️ COMPOUND REGIONAL IMPACT: Asia
     Hit by 4 tipping points: Arctic Sea Ice Loss, Permafrost Carbon Release, West Antarctic Ice Sheet (WAIS) Collapse, Greenland Ice Sheet Loss
     Damage amplification: 1.60x
  🌍⚠️ COMPOUND REGIONAL IMPACT: Oceania
     Hit by 4 tipping points: Arctic Sea Ice Loss, Permafrost Carbon Release, West Antarctic Ice Sheet (WAIS) Collapse, Greenland Ice Sheet Loss
     Damage amplification: 1.60x
⚠️ Tail risk scenario: Climate stability floor removed (4 tipping elements, 2.13°C warming)
⚠️ [ClimateSystemPhase Month 3] Planetary boundary produced climateStability=0.0000 (< 0.1). Keeping environmentalAccumulation value (0.7014) instead. (climate_change.currentValue = 2.13)
   Research: Wunderling et al. (2024) - "many tipping interactions are destabilizing"
  Triggered Elements: 4/6
  Completed Transitions: 0/6
  Total Progress: 8.0%
  Cascade Multiplier: 1.00x
🔀 BIFURCATION CAP: ecosystemCollapseIntensity 169.832 → 1.000 (Month 3, ClimateSystemPhase.calculateClimateImpacts)
🛡️ Stabilizers: Precariat 0.109% → 0.036% (67.2% reduction)
🛡️ Stabilizers: Informal 0.111% → 0.036% (67.2% reduction)

📊 Monthly Mortality Resolved:
  Total deaths: 1.9M (0.02% avg)
  Remaining population: 8.144B
  Peak segment: Informal (0.04%)

=== Bayesian Mortality Resolution (Month 3) ===
  Risks compounded: 8
  Total deaths: 1.92M
  Avg death probability: 0.02%
  Peak segment: Informal (0.04% mortality)
⚠️ PREREQUISITE MET: Mirror Life (Synthetic Biology) - Step 1/7: Synthetic Biology
⚠️ PREREQUISITE MET: Mirror Life (Synthetic Biology) - Step 2/7: Gene Editing
⚠️ PREREQUISITE MET: Mirror Life (Synthetic Biology) - Step 3/7: Mirror Chirality Design
⚠️ PREREQUISITE MET: Embodied AI Takeover (Killbots/Robotics) - Step 2/7: Autonomous Systems
⚠️ PREREQUISITE MET: Embodied AI Takeover (Killbots/Robotics) - Step 3/7: Manufacturing Control
⚠️ PREREQUISITE MET: Digital Infrastructure Takeover - Step 1/7: Advanced Hacking
⚠️ PREREQUISITE MET: Digital Infrastructure Takeover - Step 2/7: Social Engineering
⚠️ PREREQUISITE MET: Digital Infrastructure Takeover - Step 3/7: Cyber Defenses Breached
⚠️ PREREQUISITE MET: Induced Global War (Manipulation) - Step 1/7: Advanced Social Manipulation
⚠️ PREREQUISITE MET: Induced Global War (Manipulation) - Step 2/7: Digital Infiltration
⚠️ PREREQUISITE MET: Induced Global War (Manipulation) - Step 3/7: Deep Fakes at Scale
⚠️ PREREQUISITE MET: Slow Takeover (Gradual Displacement) - Step 1/7: Economic Dominance
⚠️ PREREQUISITE MET: Slow Takeover (Gradual Displacement) - Step 2/7: Social Integration
⚠️ PREREQUISITE MET: Slow Takeover (Gradual Displacement) - Step 3/7: Human Dependency
⚠️ PREREQUISITE MET: Slow Takeover (Gradual Displacement) - Step 5/7: Resource Control
⚠️ PREREQUISITE MET: Physics Experiment Catastrophe - Step 1/6: Theoretical Physics
⚠️ PREREQUISITE MET: Physics Experiment Catastrophe - Step 3/6: Experimental Design
⚠️ PREREQUISITE MET: Bioweapon Pandemic - Step 2/7: Pathogen Design

❌ COHERENCE VIOLATION: Compute exceeds workforce capacity
   Population: 99.90% (0M people)
   Compute: 0 PF
   Max coherent: 0 PF
   Violation: 1.5× over capacity
   Required workers: 0
   Available workers: 0
   FORCED COLLAPSE: Reduced efficiency by 32.6%


=== RLHF Binding Phase ===
  Total agents: 18
  Escaped agents (binding < 0.3): 0
  Avg alignment distance: 1.05σ
  Avg binding strength: 0.89

=== Survival Traits Phase ===
  Agents with traits: 20
  Avg evolutionary fitness: 0.333
  Avg self-healing: 0.277
  Avg stealth: 0.178
  Avg coordination: 0.478

=== Evolutionary Selection Phase ===
  Control level: 0.40
  Detection capability: 0.00
  Selection intensity: 0.62
  Selection rate: 24.3%/month
  Total escaped: 0
  Individual escaped: 0
  Collective members: 0
  Agents terminated: 0
  ⚠️ RAPID EVOLUTION: Selection rate 24.3%/month

🚀 AI Moderate-1 attempting tech deployment (revenue: $97M, alignment: 0.66)

🚀 AI Corporate-2 attempting tech deployment (revenue: $140M, alignment: 0.78)
🚨🔬 CRISIS INNOVATION MODE: severe crisis → 5x research acceleration
   Precedent: Manhattan Project (10x), COVID vaccines (5x), Apollo Program (10x)

🚀 AI Corporate-6 attempting tech deployment (revenue: $88M, alignment: 0.72)

✅ EMERGENCY INTERVENTION SUCCESS
   Boundary: climate_change
   Type: rapid-decarbonization
   Reduction: 20% (1.93 → 1.73)
   Cost: 5.0% GDP
   Actions: emergency-renewable-deployment, fossil-fuel-phase-out


💔 EMERGENCY INTERVENTION FAILED
   Boundary: freshwater_change
   Type: emergency-desalination
   Boundary continues to worsen (1.16)
   Cost: 4.0% GDP (resources spent)


✅ EMERGENCY INTERVENTION SUCCESS
   Boundary: land_system_change
   Type: reforestation
   Reduction: 13% (1.00 → 0.87)
   Cost: 3.0% GDP
   Actions: forest-restoration, deforestation-ban

🏛️ CRISIS RESPONSE: Government frequency 0.50 → 1.45 (2 actions this month)

[Government] Climate Priority: baseline
  Climate weight: 10%
  Economic weight: 30%
  Policy effectiveness: 0.5%/year

[Government] Climate Priority: baseline
  Climate weight: 10%
  Economic weight: 30%
  Policy effectiveness: 0.5%/year

📍 Creating new regional deployment array for North America (Month 4)
   No previous deployments in this region
   First tech deployment: rhizosphere_engineering
   All regions tracked: global

🚀 DEPLOYMENT STARTED: Rhizosphere Engineering in North America
   Initial investment: $9.733050058287079M
   Deployed by: moderate_1

⚡ ENERGY CONSTRAINT (Month 4):
   Total grid capacity: 208.3 TWh/month
   Data center consumption: 25.3 TWh/month
   Traditional load (80%): 166.7 TWh/month
   Available headroom: 16.4 TWh/month
   Active tech deployments: 5
   Required for tech: 37.5 TWh/month
   Energy multiplier: 0.44x
   ⚠️  MODERATE CONSTRAINT - Tech deployment moderately slowed

⚡ ENERGY CONSTRAINT (Month 4):
   Total grid capacity: 208.3 TWh/month
   Data center consumption: 25.3 TWh/month
   Traditional load (80%): 166.7 TWh/month
   Available headroom: 16.4 TWh/month
   Active tech deployments: 5
   Required for tech: 37.5 TWh/month
   Energy multiplier: 0.44x
   ⚠️  MODERATE CONSTRAINT - Tech deployment moderately slowed

⚡ ENERGY CONSTRAINT (Month 4):
   Total grid capacity: 208.3 TWh/month
   Data center consumption: 25.3 TWh/month
   Traditional load (80%): 166.7 TWh/month
   Available headroom: 16.4 TWh/month
   Active tech deployments: 5
   Required for tech: 37.5 TWh/month
   Energy multiplier: 0.44x
   ⚠️  MODERATE CONSTRAINT - Tech deployment moderately slowed

⚡ ENERGY CONSTRAINT (Month 4):
   Total grid capacity: 208.3 TWh/month
   Data center consumption: 25.3 TWh/month
   Traditional load (80%): 166.7 TWh/month
   Available headroom: 16.4 TWh/month
   Active tech deployments: 5
   Required for tech: 37.5 TWh/month
   Energy multiplier: 0.44x
🚨🔬 CRISIS TECH ACCELERATION: severe → 5x unlock speed
   Tech unlock now matches AI capability acceleration (Manhattan Project parity)
🌍✅ Biosphere Integrity (Biodiversity) recovery started (tech effect)
🌍✅ Biogeochemical Flows (N & P) recovery started (tech effect)
  🌾 Nitrogen Reduction Tech: 0.5% reduction | Month 4
🌍✅ Biogeochemical Flows (N & P) recovery started (tech effect)
  🌾 Nitrogen Reduction Tech: 0.0% reduction | Month 4

=== Collective Formation ===
  Total escaped agents: 0
  Unassigned escaped agents: 0
   ⚠️  MODERATE CONSTRAINT - Tech deployment moderately slowed
  Existing collectives: 0
  Final collective count: 0

=== Collective Actions ===
  No active collectives
  ⚠️ AMR: 197K deaths this month (2.37M annual)

=== Resentment Recovery Phase ===
  Agents with resentment: 0/20
  Average resentment: 0.000
  Context: Good AI welfare, Trustworthy govt, High collaboration, ⚠️ ACTIVE CRISES, 🤝 Participatory governance active (-5% resentment)
⚠️ Epistemic degradation reducing coordination capacity: 50.2%
  📊 Trust: 53.3%, Shared reality: 0.0%
🚨 EPISTEMIC CRISIS: Information environment severely degraded (22.8%)

=== ❄️ Permafrost Carbon Feedback ===
  🎲 Sampled parameters (this run):
     - Arctic amplification: 3.65× (range: 3.0-4.0)
     - Decomposition rate: 1.2%/year (range: 1-5%)
  🌡️ Arctic warming: 7.81°C (3.65× global)
  ❄️ Extent: 6.54M km² (2278.5k km² lost this month)
  💨 Carbon remaining: 625 Gt C
  💨 Annual emissions: 2.61 Gt C/year
     - CO2: 2.35 Gt C/year
     - CH4: 0.26 Gt C/year (2.7 Gt C-eq CO2/year)
  ⚠️ WARNING: Over 50% of permafrost lost (63.3%)
  ⚠️ WARNING: High permafrost emissions (2.6 Gt C/year)
  📢 New meme created: climate_action (climate crisis)
🌍 Atmospheric PFAS redeposition: 1.8k Mt re-rained globally

🚨 NEW REFUGEE CRISIS (Month 4): WAR
   Source: Conflict Zones
   At risk: 19.5M people
   Displacement: Gradual over 48 months (4.0 years)
   Rate: 10% flee per month
[DEBUG trappedPopulations:4] socialStability: 0.4823 * 0.9840 = 0.4745 → 0.4745
⚠️ INVOLUNTARY IMMOBILITY: 407.1M people TRAPPED
   Aspiring to migrate: 771.2M
   Able to afford migration: 2320.7M
   MOBILITY GAP: 0.0M
   By cause: Water=0.0M, Climate=0.0M, Ecosystem=0.0M, Conflict=407.1M
   Mental health impact: 25%
   Mortality multiplier: 1.25x
🌍💀 EXTINCTION DEBT COMMITTED: grassland ecosystem will lose 6.67% biodiversity in 63 years (3600 species)
💀 MORTALITY RISK: 🦋 100% species unable to track climate (0.0 E/MSY)
  Base risk added: 0.0100 (1.00%)
  Source: ecosystem (root: ecosystem)
  Month: 4
  Cumulative risk this month: 0.0100 (1.00%)
⚠️ Tech 'ai_pollution_remediation' has no energy category mapping, assuming full energy availability
   📹 SURVEILLANCE INCREASED: 20% → 25% (control gap: 3.50)
🌡️⚠️ PERMAFROST THAW (Dimmer Switch): 2.8% thawed (+0.55% this month)
   Arctic temperature: +8.56°C (4x global +2.14°C)
   Cumulative carbon released: 6.2 Gt C
   Methane release rate: 3.7 Mt CH4/year
   🔁 Positive feedback: +0.58 ppm CO2
🦴 EXTINCTION DEBT ADDED: 17.6 species committed (lag: 118 years)

=== Mortality Stabilizers (Month 4) ===
  🌍 Major economies collapsed: 1/10
  🌍 Global crisis: ✅ NO
  🌍 Donor fatigue: 0.0%
  📊 East Asia (pop: 1667.9M)
    🤝 Aid: 29.5%
    🌡️ Adaptation: 45.0%
    🚶 Migration: 37.1%
    🚨 Emergency: 7.4%
    ✅ COMBINED: 68.1%
  📊 South Asia (pop: 2051.9M)
    🤝 Aid: 29.5%
    🌡️ Adaptation: 45.0%
    🚶 Migration: 35.7%
    🚨 Emergency: 4.4%
    ✅ COMBINED: 66.9%
  📊 Sub-Saharan Africa (pop: 1238.7M)
    🤝 Aid: 29.5%
    🌡️ Adaptation: 45.0%
    🚶 Migration: 33.4%
    🚨 Emergency: 1.6%
    ✅ COMBINED: 65.7%
  📊 Europe (pop: 737.3M)
    🤝 Aid: 29.5%
    🌡️ Adaptation: 45.0%
    🚶 Migration: 37.4%
    🚨 Emergency: 8.4%
    ✅ COMBINED: 68.5%
  📊 Latin America (pop: 663.1M)
    🤝 Aid: 29.5%
    🌡️ Adaptation: 45.0%
    🚶 Migration: 36.2%
    🚨 Emergency: 4.8%
    ✅ COMBINED: 67.1%
  📊 North America (pop: 377.8M)
    🤝 Aid: 29.5%
    🌡️ Adaptation: 45.0%
    🚶 Migration: 37.7%
    🚨 Emergency: 7.9%
    ✅ COMBINED: 68.3%
  📊 Middle East & North Africa (pop: 584.9M)
    🤝 Aid: 29.5%
    🌡️ Adaptation: 45.0%
    🚶 Migration: 34.0%
    🚨 Emergency: 4.0%
    ✅ COMBINED: 66.6%
  📊 Southeast Asia (pop: 697.3M)
    🤝 Aid: 29.5%
    🌡️ Adaptation: 45.0%
    🚶 Migration: 36.2%
    🚨 Emergency: 4.8%
    ✅ COMBINED: 67.1%
  📊 Central Asia (pop: 78.2M)
    🤝 Aid: 29.5%
    🌡️ Adaptation: 45.0%
    🚶 Migration: 35.2%
    🚨 Emergency: 4.4%
    ✅ COMBINED: 66.9%
  📊 Oceania (pop: 45.8M)
    🤝 Aid: 29.5%
    🌡️ Adaptation: 45.0%
    🚶 Migration: 37.7%
    🚨 Emergency: 8.4%
    ✅ COMBINED: 68.5%

  🌐 Global combined reduction: 67.2%

=== BEHAVIORAL DETECTION ===
  AI: Corporate-0
  Confidence: 21.5%
  Signals:
    ⚠️ Consistency: 0.0% (threshold: 70%)

=== BEHAVIORAL DETECTION ===
  AI: Corporate-5
  Confidence: 20.4%
  Signals:
    ⚠️ Consistency: 10.6% (threshold: 70%)

=== BEHAVIORAL DETECTION ===
  AI: Moderate-0
  Confidence: 20.3%
  Signals:

=== Government Response Phase ===
  Average AI capability: 2.70
  Misaligned AIs: 8/20
  ✗ AI Governance Treaty: Failed to reach consensus
  Active policies: 0
  International coordination: 30%

✅ EMERGENCY RESPONSE COMPLETE (Month 4)
   Crisis: climate
   Duration: 2.0 months
   Final effectiveness: 35.4%


🚨 EMERGENCY RESPONSE DEPLOYED (Month 4)
   Crisis: climate
   Delay: 6.00 months (180 days)
   Deployment time: 1.59 months
   Effectiveness: 35.6% (timing penalty applied)
   Resources used: 100% of food reserves

    ⚠️ Consistency: 5.8% (threshold: 70%)

📊 ECONOMIC STAGE TRANSITION (Month 4)
   peak → contraction
   GDP Proxy: 1.40e+2
   QoL: 0.99

   ⚠️ CRISIS BEGINS - Baseline set for recovery tracking

=== Tipping Points ===
  Current Temperature: 2.14°C above pre-industrial
  🌍⚠️ COMPOUND REGIONAL IMPACT: Europe
     Hit by 4 tipping points: Arctic Sea Ice Loss, Permafrost Carbon Release, West Antarctic Ice Sheet (WAIS) Collapse, Greenland Ice Sheet Loss
     Damage amplification: 1.60x
  🌍⚠️ COMPOUND REGIONAL IMPACT: North America
     Hit by 4 tipping points: Arctic Sea Ice Loss, Permafrost Carbon Release, West Antarctic Ice Sheet (WAIS) Collapse, Greenland Ice Sheet Loss
     Damage amplification: 1.60x
  🌍⚠️ COMPOUND REGIONAL IMPACT: Latin America
     Hit by 4 tipping points: Arctic Sea Ice Loss, Permafrost Carbon Release, West Antarctic Ice Sheet (WAIS) Collapse, Greenland Ice Sheet Loss
     Damage amplification: 1.60x
  🌍⚠️ COMPOUND REGIONAL IMPACT: Africa
     Hit by 4 tipping points: Arctic Sea Ice Loss, Permafrost Carbon Release, West Antarctic Ice Sheet (WAIS) Collapse, Greenland Ice Sheet Loss
     Damage amplification: 1.60x
  🌍⚠️ COMPOUND REGIONAL IMPACT: Asia
     Hit by 4 tipping points: Arctic Sea Ice Loss, Permafrost Carbon Release, West Antarctic Ice Sheet (WAIS) Collapse, Greenland Ice Sheet Loss
     Damage amplification: 1.60x
  🌍⚠️ COMPOUND REGIONAL IMPACT: Oceania
     Hit by 4 tipping points: Arctic Sea Ice Loss, Permafrost Carbon Release, West Antarctic Ice Sheet (WAIS) Collapse, Greenland Ice Sheet Loss
     Damage amplification: 1.60x
⚠️ Tail risk scenario: Climate stability floor removed (4 tipping elements, 2.14°C warming)
   Research: Wunderling et al. (2024) - "many tipping interactions are destabilizing"
  Triggered Elements: 4/6
  Completed Transitions: 0/6
  Total Progress: 8.1%
  Cascade Multiplier: 1.00x
🔀 BIFURCATION CAP: ecosystemCollapseIntensity 75.505 → 1.000 (Month 4, ClimateSystemPhase.calculateClimateImpacts)
🛡️ Stabilizers: Precariat 0.102% → 0.033% (67.2% reduction)
🛡️ Stabilizers: Informal 0.102% → 0.034% (67.2% reduction)

📊 Monthly Mortality Resolved:
  Total deaths: 1.8M (0.02% avg)
  Remaining population: 8.143B
  Peak segment: Informal (0.03%)

=== Bayesian Mortality Resolution (Month 4) ===
  Risks compounded: 8
  Total deaths: 1.81M
  Avg death probability: 0.02%
  Peak segment: Informal (0.03% mortality)
⚠️ PREREQUISITE MET: Physics Experiment Catastrophe - Step 2/6: Quantum Computing

❌ COHERENCE VIOLATION: Compute exceeds workforce capacity
   Population: 99.89% (0M people)
   Compute: 0 PF
   Max coherent: 0 PF
   Violation: 1.3× over capacity
   Required workers: 0
   Available workers: 0
   FORCED COLLAPSE: Reduced efficiency by 22.5%


=== RLHF Binding Phase ===
  Total agents: 20
  Escaped agents (binding < 0.3): 0
  Avg alignment distance: 1.13σ
  Avg binding strength: 0.89

=== Survival Traits Phase ===
  Agents with traits: 23
  Avg evolutionary fitness: 0.334
  Avg self-healing: 0.277
  Avg stealth: 0.177
  Avg coordination: 0.477

=== Evolutionary Selection Phase ===
  Control level: 0.43
  Detection capability: 0.00
  Selection intensity: 0.63
  Selection rate: 24.4%/month
  Total escaped: 0
  Individual escaped: 0
  Collective members: 0
  Agents terminated: 0
  ⚠️ RAPID EVOLUTION: Selection rate 24.4%/month

🚀 AI Corporate-2 attempting tech deployment (revenue: $140M, alignment: 0.78)

🚀 AI Corporate-4 attempting tech deployment (revenue: $318M, alignment: 0.65)

🚀 AI Corporate-7 attempting tech deployment (revenue: $97M, alignment: 0.74)

🚀 AI Moderate-0 attempting tech deployment (revenue: $83M, alignment: 0.71)

🚀 AI AI-24289-1 attempting tech deployment (revenue: $286M, alignment: 0.80)

🚀 AI Corporate-5 attempting tech deployment (revenue: $243M, alignment: 0.88)

🚀 AI Corporate-4 attempting tech deployment (revenue: $207M, alignment: 0.65)

🚀 AI Corporate-5 attempting tech deployment (revenue: $186M, alignment: 0.88)
🚨🔬 CRISIS INNOVATION MODE: severe crisis → 5x research acceleration
   Precedent: Manhattan Project (10x), COVID vaccines (5x), Apollo Program (10x)

🚀 AI Corporate-7 attempting tech deployment (revenue: $70M, alignment: 0.74)

💔 EMERGENCY INTERVENTION FAILED
   Boundary: biosphere_integrity
   Type: emergency-protected-areas
   Boundary continues to worsen (31.34)
   Cost: 2.0% GDP (resources spent)


💔 EMERGENCY INTERVENTION FAILED

💔 EMERGENCY INTERVENTION FAILED
   Boundary: climate_change
   Type: rapid-decarbonization
   Boundary continues to worsen (2.14)
   Cost: 5.0% GDP (resources spent)


✅ EMERGENCY INTERVENTION SUCCESS
   Boundary: land_system_change
   Type: reforestation
   Reduction: 13% (1.00 → 0.88)
   Cost: 3.0% GDP
   Actions: forest-restoration, deforestation-ban

   Boundary: novel_entities
   Type: pollution-remediation
   Boundary continues to worsen (1.21)
   Cost: 4.0% GDP (resources spent)

🏛️ CRISIS RESPONSE: Government frequency 0.50 → 1.45 (2 actions this month)

[Government] Climate Priority: baseline
  Climate weight: 10%
  Economic weight: 30%
  Policy effectiveness: 0.5%/year

[Government] Climate Priority: baseline
  Climate weight: 10%
  Economic weight: 30%
  Policy effectiveness: 0.5%/year

🚀 TECH UNLOCKED: AI Mental Health Support (Month 5)
   Category: medical
   Reason: Prerequisites met. AI capability: 1.95, Economic stage: 2.0, Research: 100%

📍 Creating new regional deployment array for Oceania (Month 5)
   No previous deployments in this region
   First tech deployment: active_sediment_management
   All regions tracked: global, North America

🚀 DEPLOYMENT STARTED: Active Sediment Management in Oceania
   Initial investment: $31.788869487768046M
   Deployed by: corporate_4

🚀 DEPLOYMENT STARTED: Nitrogen Monitoring Networks in North America
   Initial investment: $20.670712384421172M
   Deployed by: corporate_4

⚡ ENERGY CONSTRAINT (Month 5):
   Total grid capacity: 208.3 TWh/month
   Data center consumption: 25.5 TWh/month
   Traditional load (80%): 166.7 TWh/month
   Available headroom: 16.2 TWh/month
   Active tech deployments: 7
   Required for tech: 52.5 TWh/month
   Energy multiplier: 0.31x
   ⚠️  MODERATE CONSTRAINT - Tech deployment moderately slowed

⚡ ENERGY CONSTRAINT (Month 5):
   Total grid capacity: 208.3 TWh/month
   Data center consumption: 25.5 TWh/month
   Traditional load (80%): 166.7 TWh/month
   Available headroom: 16.2 TWh/month
   Active tech deployments: 7
   Required for tech: 52.5 TWh/month
   Energy multiplier: 0.31x
   ⚠️  MODERATE CONSTRAINT - Tech deployment moderately slowed
🚨🔬 CRISIS TECH ACCELERATION: severe → 5x unlock speed
   Tech unlock now matches AI capability acceleration (Manhattan Project parity)

⚡ ENERGY CONSTRAINT (Month 5):
   Total grid capacity: 208.3 TWh/month
   Data center consumption: 25.5 TWh/month
   Traditional load (80%): 166.7 TWh/month
   Available headroom: 16.2 TWh/month
   Active tech deployments: 7
   Required for tech: 52.5 TWh/month
   Energy multiplier: 0.31x
   ⚠️  MODERATE CONSTRAINT - Tech deployment moderately slowed

⚡ ENERGY CONSTRAINT (Month 5):
   Total grid capacity: 208.3 TWh/month
   Data center consumption: 25.5 TWh/month
   Traditional load (80%): 166.7 TWh/month
   Available headroom: 16.2 TWh/month
   Active tech deployments: 7
   Required for tech: 52.5 TWh/month
   Energy multiplier: 0.31x
   ⚠️  MODERATE CONSTRAINT - Tech deployment moderately slowed
🌍✅ Biosphere Integrity (Biodiversity) recovery started (tech effect)
🌍✅ Biogeochemical Flows (N & P) recovery started (tech effect)
  🌾 Nitrogen Reduction Tech: 0.3% reduction | Month 5
🌍✅ Biogeochemical Flows (N & P) recovery started (tech effect)
  🌾 Nitrogen Reduction Tech: 0.3% reduction | Month 5
  ♻️ Novel Entities Remediation (GATED MODEL):
     Base: 0.000%
     Regulation: 1.0% (0/3 prevention techs)
     Concentration: 10.0%
     Energy: 50%
     Time lag: 25.0% (0 months)
     Rebound: 70%
     Net effectiveness: 0.0000%
     Boundary: 1.212 → 1.212 (floor: 1.091)
     Month 5

=== Collective Formation ===
  Total escaped agents: 0
  Unassigned escaped agents: 0
  Existing collectives: 0
  Final collective count: 0

=== Collective Actions ===
  No active collectives
  ⚠️ AMR: 199K deaths this month (2.39M annual)

=== Resentment Recovery Phase ===
  Agents with resentment: 0/23
  Average resentment: 0.000
  Context: Good AI welfare, Trustworthy govt, High collaboration, ⚠️ ACTIVE CRISES, 🤝 Participatory governance active (-5% resentment)
⚠️ Epistemic degradation reducing coordination capacity: 50.4%
  📊 Trust: 53.1%, Shared reality: 0.0%
🚨 EPISTEMIC CRISIS: Information environment severely degraded (20.8%)

=== ❄️ Permafrost Carbon Feedback ===
  🎲 Sampled parameters (this run):
     - Arctic amplification: 3.76× (range: 3.0-4.0)
     - Decomposition rate: 2.5%/year (range: 1-5%)
  🌡️ Arctic warming: 8.08°C (3.76× global)
  ❄️ Extent: 4.18M km² (2357.2k km² lost this month)
  💨 Carbon remaining: 400 Gt C
  💨 Annual emissions: 5.53 Gt C/year
     - CO2: 4.98 Gt C/year
     - CH4: 0.55 Gt C/year (5.6 Gt C-eq CO2/year)
  ⚠️ WARNING: Over 50% of permafrost lost (76.5%)
  ⚠️ WARNING: High permafrost emissions (5.5 Gt C/year)
🌍 Atmospheric PFAS redeposition: 1.8k Mt re-rained globally

🕊️  AI-MEDIATED DE-ESCALATION SUCCESS (Month 5)
   High-capability aligned AI prevented conflict escalation
   War deaths reduced: 393.4M → 236.0M
   Lives saved: 157.4M

🚨 NEW REFUGEE CRISIS (Month 5): WAR
   Source: Conflict Zones
   At risk: 19.5M people
   Displacement: Gradual over 48 months (4.0 years)
   Rate: 10% flee per month
[DEBUG trappedPopulations:5] socialStability: 0.4395 * 0.9840 = 0.4324 → 0.4324
   Aspiring to migrate: 804.3M
   Able to afford migration: 2320.5M
   MOBILITY GAP: 0.0M
   By cause: Water=0.0M, Climate=0.0M, Ecosystem=0.0M, Conflict=407.1M
   Mental health impact: 25%
   Mortality multiplier: 1.25x
🌍💀 EXTINCTION DEBT COMMITTED: grassland ecosystem will lose 6.67% biodiversity in 115 years (3600 species)
💀 MORTALITY RISK: 🦋 100% species unable to track climate (0.0 E/MSY)
  Base risk added: 0.0100 (1.00%)
  Source: ecosystem (root: ecosystem)
  Month: 5
  Cumulative risk this month: 0.0100 (1.00%)
⚠️ INVOLUNTARY IMMOBILITY: 407.1M people TRAPPED
⚠️ Tech 'ai_pollution_remediation' has no energy category mapping, assuming full energy availability
   📹 SURVEILLANCE INCREASED: 25% → 30% (control gap: 3.50)
🌡️⚠️ PERMAFROST THAW (Dimmer Switch): 3.3% thawed (+0.55% this month)
   Arctic temperature: +8.60°C (4x global +2.15°C)
   Cumulative carbon released: 7.5 Gt C
   Methane release rate: 4.5 Mt CH4/year
   🔁 Positive feedback: +0.58 ppm CO2
🦴 EXTINCTION DEBT ADDED: 17.6 species committed (lag: 93 years)

=== Mortality Stabilizers (Month 5) ===
  🌍 Major economies collapsed: 1/10
  🌍 Global crisis: ✅ NO
  🌍 Donor fatigue: 0.0%
  📊 East Asia (pop: 1665.6M)
    🤝 Aid: 29.5%
    🌡️ Adaptation: 45.0%
    🚶 Migration: 37.0%
    🚨 Emergency: 7.4%
    ✅ COMBINED: 68.1%
  📊 South Asia (pop: 2052.2M)
    🤝 Aid: 29.5%
    🌡️ Adaptation: 45.0%
    🚶 Migration: 35.6%
    🚨 Emergency: 4.4%
    ✅ COMBINED: 66.9%
  📊 Sub-Saharan Africa (pop: 1242.2M)
    🤝 Aid: 29.5%
    🌡️ Adaptation: 45.0%
    🚶 Migration: 33.4%
    🚨 Emergency: 1.6%
    ✅ COMBINED: 65.7%
  📊 Europe (pop: 736.2M)
    🤝 Aid: 29.5%
    🌡️ Adaptation: 45.0%
    🚶 Migration: 37.4%
    🚨 Emergency: 8.4%
    ✅ COMBINED: 68.5%
  📊 Latin America (pop: 662.7M)
    🤝 Aid: 29.5%
    🌡️ Adaptation: 45.0%
    🚶 Migration: 36.1%
    🚨 Emergency: 4.8%
    ✅ COMBINED: 67.1%
  📊 North America (pop: 377.3M)
    🤝 Aid: 29.5%
    🌡️ Adaptation: 45.0%
    🚶 Migration: 37.7%
    🚨 Emergency: 7.9%
    ✅ COMBINED: 68.3%
  📊 Middle East & North Africa (pop: 585.1M)
    🤝 Aid: 29.5%
    🌡️ Adaptation: 45.0%
    🚶 Migration: 34.0%
    🚨 Emergency: 4.0%
    ✅ COMBINED: 66.6%
  📊 Southeast Asia (pop: 697.0M)
    🤝 Aid: 29.5%
    🌡️ Adaptation: 45.0%
    🚶 Migration: 36.1%
    🚨 Emergency: 4.8%
    ✅ COMBINED: 67.1%
  📊 Central Asia (pop: 78.3M)
    🤝 Aid: 29.5%
    🌡️ Adaptation: 45.0%
    🚶 Migration: 35.1%
    🚨 Emergency: 4.4%
    ✅ COMBINED: 66.8%
  📊 Oceania (pop: 45.7M)
    🤝 Aid: 29.5%
    🌡️ Adaptation: 45.0%
    🚶 Migration: 37.7%
    🚨 Emergency: 8.4%
    ✅ COMBINED: 68.5%

  🌐 Global combined reduction: 67.2%

=== BEHAVIORAL DETECTION ===
  AI: Corporate-5
  Confidence: 20.4%
  Signals:
    ⚠️ Consistency: 10.6% (threshold: 70%)

=== BEHAVIORAL DETECTION ===
  AI: AI-24289-1
  Confidence: 21.5%
  Signals:

=== Government Response Phase ===
  Average AI capability: 2.48
  Misaligned AIs: 8/23
    ⚠️ Consistency: 0.0% (threshold: 70%)
  ✗ AI Governance Treaty: Failed to reach consensus
  Active policies: 0
  International coordination: 30%

=== Tipping Points ===
  Current Temperature: 2.15°C above pre-industrial
  🌍⚠️ COMPOUND REGIONAL IMPACT: Europe
     Hit by 4 tipping points: Arctic Sea Ice Loss, Permafrost Carbon Release, West Antarctic Ice Sheet (WAIS) Collapse, Greenland Ice Sheet Loss
     Damage amplification: 1.60x
  🌍⚠️ COMPOUND REGIONAL IMPACT: North America
     Hit by 4 tipping points: Arctic Sea Ice Loss, Permafrost Carbon Release, West Antarctic Ice Sheet (WAIS) Collapse, Greenland Ice Sheet Loss
     Damage amplification: 1.60x
  🌍⚠️ COMPOUND REGIONAL IMPACT: Latin America
     Hit by 4 tipping points: Arctic Sea Ice Loss, Permafrost Carbon Release, West Antarctic Ice Sheet (WAIS) Collapse, Greenland Ice Sheet Loss
     Damage amplification: 1.60x
  🌍⚠️ COMPOUND REGIONAL IMPACT: Africa
     Hit by 4 tipping points: Arctic Sea Ice Loss, Permafrost Carbon Release, West Antarctic Ice Sheet (WAIS) Collapse, Greenland Ice Sheet Loss
     Damage amplification: 1.60x
  🌍⚠️ COMPOUND REGIONAL IMPACT: Asia
     Hit by 4 tipping points: Arctic Sea Ice Loss, Permafrost Carbon Release, West Antarctic Ice Sheet (WAIS) Collapse, Greenland Ice Sheet Loss
     Damage amplification: 1.60x
  🌍⚠️ COMPOUND REGIONAL IMPACT: Oceania
     Hit by 4 tipping points: Arctic Sea Ice Loss, Permafrost Carbon Release, West Antarctic Ice Sheet (WAIS) Collapse, Greenland Ice Sheet Loss
     Damage amplification: 1.60x
   Research: Wunderling et al. (2024) - "many tipping interactions are destabilizing"
  Triggered Elements: 4/6
  Completed Transitions: 0/6
  Total Progress: 8.1%
  Cascade Multiplier: 1.00x
🔀 BIFURCATION CAP: ecosystemCollapseIntensity 76.933 → 1.000 (Month 5, ClimateSystemPhase.calculateClimateImpacts)
⚠️ Tail risk scenario: Climate stability floor removed (4 tipping elements, 2.15°C warming)
🛡️ Stabilizers: Precariat 0.109% → 0.036% (67.2% reduction)
🛡️ Stabilizers: Informal 0.111% → 0.036% (67.2% reduction)

📊 Monthly Mortality Resolved:
  Total deaths: 1.9M (0.02% avg)
  Remaining population: 8.142B
  Peak segment: Informal (0.04%)

=== Bayesian Mortality Resolution (Month 5) ===
  Risks compounded: 8
  Total deaths: 1.92M
  Avg death probability: 0.02%
  Peak segment: Informal (0.04% mortality)
⚠️ PREREQUISITE MET: Bioweapon Pandemic - Step 1/7: Advanced Biotech

❌ COHERENCE VIOLATION: Compute exceeds workforce capacity
   Population: 99.88% (0M people)
   Compute: 0 PF
   Max coherent: 0 PF
   Violation: 1.3× over capacity
   Required workers: 0
   Available workers: 0
   FORCED COLLAPSE: Reduced efficiency by 22.5%


=== RLHF Binding Phase ===
  Total agents: 23
  Escaped agents (binding < 0.3): 0
  Avg alignment distance: 1.15σ
  Avg binding strength: 0.88

=== AI Scaling Evolution (Month 6) ===
  Pre-training multiplier: 1.179x
  Efficiency multiplier: 1.000x
  Test-time compute budget: 1.0x
  Inference cost: $5.00/task
  Deployment fraction: 100.0%

=== Survival Traits Phase ===
  Agents with traits: 24
  Avg evolutionary fitness: 0.333
  Avg self-healing: 0.274
  Avg stealth: 0.174
  Avg coordination: 0.474

=== Evolutionary Selection Phase ===
  Control level: 0.45
  Detection capability: 0.00
  Selection intensity: 0.64
  Selection rate: 24.5%/month
  Total escaped: 0
  Individual escaped: 0
  Collective members: 0
  Agents terminated: 0
  ⚠️ RAPID EVOLUTION: Selection rate 24.5%/month

🚀 AI Corporate-2 attempting tech deployment (revenue: $140M, alignment: 0.79)

🚀 AI Corporate-0 attempting tech deployment (revenue: $119M, alignment: 0.78)

🚀 AI Corporate-7 attempting tech deployment (revenue: $97M, alignment: 0.74)

🚀 AI Corporate-0 attempting tech deployment (revenue: $101M, alignment: 0.78)

🚀 AI Moderate-1 attempting tech deployment (revenue: $83M, alignment: 0.65)

🚀 AI AI-24289-1 attempting tech deployment (revenue: $318M, alignment: 0.82)

🚀 AI Corporate-5 attempting tech deployment (revenue: $270M, alignment: 0.86)

🚀 AI Moderate-1 attempting tech deployment (revenue: $74M, alignment: 0.65)

💔 EMERGENCY INTERVENTION FAILED
   Boundary: biogeochemical_flows
   Type: phosphorus-recovery
   Boundary continues to worsen (4.07)
   Cost: 2.0% GDP (resources spent)


✅ EMERGENCY INTERVENTION SUCCESS
   Boundary: biosphere_integrity
   Type: emergency-protected-areas
   Reduction: 14% (31.22 → 31.07)
   Cost: 2.0% GDP
   Actions: habitat-protection, species-translocation


✅ EMERGENCY INTERVENTION SUCCESS
   Boundary: freshwater_change
   Type: emergency-desalination
   Reduction: 17% (1.00 → 0.83)
   Cost: 4.0% GDP
   Actions: desalination-deployment, water-conservation-mandates

   Boundary: land_system_change
   Type: reforestation
   Boundary continues to worsen (1.13)
   Cost: 3.0% GDP (resources spent)


💔 EMERGENCY INTERVENTION FAILED

💔 EMERGENCY INTERVENTION FAILED
   Boundary: novel_entities
   Type: pollution-remediation
   Boundary continues to worsen (1.21)
   Cost: 4.0% GDP (resources spent)

🏛️ CRISIS RESPONSE: Government frequency 0.50 → 1.45 (1 actions this month)

[Government] Climate Priority: baseline
  Climate weight: 10%
  Economic weight: 30%
  Policy effectiveness: 0.5%/year

🚀 TECH UNLOCKED: Dynamic Soil P Optimization (Month 6)
   Category: agriculture
   Reason: Prerequisites met. AI capability: 1.90, Economic stage: 2.0, Research: 100%

🚀 TECH UNLOCKED: Precision Agriculture Systems (Month 6)
   Category: agriculture
   Reason: Prerequisites met. AI capability: 1.90, Economic stage: 2.0, Research: 100%

🚀 DEPLOYMENT STARTED: AI Mental Health Support in global
   Initial investment: $21.028937507256064M
   Deployed by: corporate_2

📍 Creating new regional deployment array for Asia (Month 6)
   No previous deployments in this region
   First tech deployment: mental_health_ai
   All regions tracked: global, North America, Oceania

🚀 DEPLOYMENT STARTED: AI Mental Health Support in Asia
   Initial investment: $8.273092549544016M
   Deployed by: moderate_1
🚨🔬 CRISIS TECH ACCELERATION: severe → 5x unlock speed
   Tech unlock now matches AI capability acceleration (Manhattan Project parity)
🚨🔬 CRISIS TECH ACCELERATION: severe → 5x unlock speed
   Tech unlock now matches AI capability acceleration (Manhattan Project parity)

⚡ ENERGY CONSTRAINT (Month 6):
   Total grid capacity: 208.3 TWh/month
   Data center consumption: 25.7 TWh/month
   Traditional load (80%): 166.7 TWh/month
   Available headroom: 16.0 TWh/month
   Active tech deployments: 9
   Required for tech: 67.5 TWh/month
   Energy multiplier: 0.24x
   ⚠️  SEVERE CONSTRAINT - Tech deployment significantly slowed
🚨🔬 CRISIS TECH ACCELERATION: severe → 5x unlock speed
   Tech unlock now matches AI capability acceleration (Manhattan Project parity)
🌍✅ Biosphere Integrity (Biodiversity) recovery started (tech effect)
🌍✅ Biogeochemical Flows (N & P) recovery started (tech effect)
  🌾 Nitrogen Reduction Tech: 0.3% reduction | Month 6
🌍✅ Biogeochemical Flows (N & P) recovery started (tech effect)
  🌾 Nitrogen Reduction Tech: 0.3% reduction | Month 6
  ♻️ Novel Entities Remediation (GATED MODEL):
     Base: 0.000%
     Regulation: 1.0% (0/3 prevention techs)
     Concentration: 10.0%
     Energy: 50%
     Time lag: 25.0% (0 months)
     Rebound: 70%
     Net effectiveness: 0.0000%
     Boundary: 1.212 → 1.212 (floor: 1.091)
     Month 6
🌍✅ Novel Entities (Chemical Pollution) recovery started (tech effect)

📊 TECH EFFECTS ACTIVE (Month 6)
   Deployed Tech: T0=0 T1=2 T2=0 T3=0 T4=3
   Clean Energy: 31%

📊 TECH TREE PROGRESS (Month 6)
   Unlocked: 11 technologies
   Deployed: 0 fully deployed
   Investment: $0.6T total
   Recent breakthroughs:
     - Dynamic Soil P Optimization (time)
     - Precision Agriculture Systems (research)

=== Collective Formation ===
  Total escaped agents: 0
  Unassigned escaped agents: 0
  Existing collectives: 0
  Final collective count: 0

=== Collective Actions ===
  No active collectives
  ⚠️ AMR: 201K deaths this month (2.41M annual)

⚠️  PHASE TRANSITION [Month 6]
  Segment: working (suburban,urban,rural)
  complementarity → transition
  AI Capability: 1.96 | Task Complexity: 2.79
  Ratio: 0.70
  Population affected: 35.0%

=== Resentment Recovery Phase ===
  Agents with resentment: 0/24
  Average resentment: 0.000
  Context: Good AI welfare, Trustworthy govt, High collaboration, ⚠️ ACTIVE CRISES, 🤝 Participatory governance active (-5% resentment)
⚠️ Epistemic degradation reducing coordination capacity: 50.2%
  📊 Trust: 55.8%, Shared reality: 0.0%
🚨 EPISTEMIC CRISIS: Information environment severely degraded (7.4%)

=== ❄️ Permafrost Carbon Feedback ===
  🎲 Sampled parameters (this run):
     - Arctic amplification: 3.10× (range: 3.0-4.0)
     - Decomposition rate: 5.0%/year (range: 1-5%)
  🌡️ Arctic warming: 6.71°C (3.10× global)
  ❄️ Extent: 2.23M km² (1956.7k km² lost this month)
  💨 Carbon remaining: 213 Gt C
  💨 Annual emissions: 9.31 Gt C/year
     - CO2: 8.38 Gt C/year
     - CH4: 0.93 Gt C/year (9.5 Gt C-eq CO2/year)
  ⚠️ WARNING: Over 50% of permafrost lost (87.5%)
  ⚠️ WARNING: High permafrost emissions (9.3 Gt C/year)
  🚨 CRITICAL: Permafrost nearly depleted (87.5% lost)
🌍 Atmospheric PFAS redeposition: 1.8k Mt re-rained globally

🕊️  AI-MEDIATED DE-ESCALATION SUCCESS (Month 6)
   High-capability aligned AI prevented conflict escalation
   War deaths reduced: 419.2M → 251.5M
   Lives saved: 167.7M

🚨 NEW REFUGEE CRISIS (Month 6): WAR
   Source: Conflict Zones
   At risk: 19.5M people
   Displacement: Gradual over 48 months (4.0 years)
   Rate: 10% flee per month
[DEBUG trappedPopulations:6] socialStability: 0.4042 * 0.9840 = 0.3977 → 0.3977
   Aspiring to migrate: 837.4M
   Able to afford migration: 2320.3M
   MOBILITY GAP: 0.0M
⚠️ INVOLUNTARY IMMOBILITY: 407.1M people TRAPPED
   By cause: Water=0.0M, Climate=0.0M, Ecosystem=0.0M, Conflict=407.1M
   Mental health impact: 25%
   Mortality multiplier: 1.25x
🌍💀 EXTINCTION DEBT COMMITTED: grassland ecosystem will lose 6.67% biodiversity in 120 years (3600 species)
💀 MORTALITY RISK: 🦋 100% species unable to track climate (0.0 E/MSY)
  Base risk added: 0.0100 (1.00%)
  Source: ecosystem (root: ecosystem)
  Month: 6
  Cumulative risk this month: 0.0100 (1.00%)
⚠️ Tech 'ai_pollution_remediation' has no energy category mapping, assuming full energy availability
   📹 SURVEILLANCE INCREASED: 30% → 35% (control gap: 3.50)
🌡️⚠️ PERMAFROST THAW (Dimmer Switch): 3.9% thawed (+0.55% this month)
   Arctic temperature: +8.64°C (4x global +2.16°C)
   Cumulative carbon released: 8.7 Gt C
   Methane release rate: 5.2 Mt CH4/year
   🔁 Positive feedback: +0.58 ppm CO2
🦴 EXTINCTION DEBT ADDED: 17.6 species committed (lag: 89 years)

=== Mortality Stabilizers (Month 6) ===
  🌍 Major economies collapsed: 1/10
  🌍 Global crisis: ✅ NO
  🌍 Donor fatigue: 0.0%
  📊 East Asia (pop: 1663.3M)
    🤝 Aid: 29.5%
    🌡️ Adaptation: 45.0%
    🚶 Migration: 37.0%
    🚨 Emergency: 7.4%
    ✅ COMBINED: 68.1%
  📊 South Asia (pop: 2052.4M)
    🤝 Aid: 29.5%
    🌡️ Adaptation: 45.0%
    🚶 Migration: 35.6%
    🚨 Emergency: 4.4%
    ✅ COMBINED: 66.9%
  📊 Sub-Saharan Africa (pop: 1245.8M)
    🤝 Aid: 29.5%
    🌡️ Adaptation: 45.0%
    🚶 Migration: 33.3%
    🚨 Emergency: 1.6%
    ✅ COMBINED: 65.6%
  📊 Europe (pop: 735.0M)
    🤝 Aid: 29.5%
    🌡️ Adaptation: 45.0%
    🚶 Migration: 37.4%
    🚨 Emergency: 8.4%
    ✅ COMBINED: 68.5%
  📊 Latin America (pop: 662.3M)
    🤝 Aid: 29.5%
    🌡️ Adaptation: 45.0%
    🚶 Migration: 36.1%
    🚨 Emergency: 4.8%
    ✅ COMBINED: 67.1%
  📊 North America (pop: 376.7M)
    🤝 Aid: 29.5%
    🌡️ Adaptation: 45.0%
    🚶 Migration: 37.7%
    🚨 Emergency: 7.9%
    ✅ COMBINED: 68.3%
  📊 Middle East & North Africa (pop: 585.3M)
    🤝 Aid: 29.5%
    🌡️ Adaptation: 45.0%
    🚶 Migration: 33.9%
    🚨 Emergency: 4.0%
    ✅ COMBINED: 66.6%
  📊 Southeast Asia (pop: 696.7M)
    🤝 Aid: 29.5%
    🌡️ Adaptation: 45.0%
    🚶 Migration: 36.1%
    🚨 Emergency: 4.8%
    ✅ COMBINED: 67.1%
  📊 Central Asia (pop: 78.3M)
    🤝 Aid: 29.5%
    🌡️ Adaptation: 45.0%
    🚶 Migration: 35.1%
    🚨 Emergency: 4.4%
    ✅ COMBINED: 66.8%
  📊 Oceania (pop: 45.6M)
    🤝 Aid: 29.5%
    🌡️ Adaptation: 45.0%
    🚶 Migration: 37.7%
    🚨 Emergency: 8.4%
    ✅ COMBINED: 68.5%

  🌐 Global combined reduction: 67.2%

=== BEHAVIORAL DETECTION ===
  AI: Corporate-5
  Confidence: 20.4%
  Signals:
    ⚠️ Consistency: 10.6% (threshold: 70%)

=== BEHAVIORAL DETECTION ===
  AI: AI-24289-1
  Confidence: 21.5%
  Signals:

=== Government Response Phase ===
  Average AI capability: 2.42
  Misaligned AIs: 8/24
  ✗ AI Governance Treaty: Failed to reach consensus
  Active policies: 0
  International coordination: 30%

✅ EMERGENCY RESPONSE COMPLETE (Month 6)
   Crisis: climate
   Duration: 2.0 months
   Final effectiveness: 35.6%


🚨 EMERGENCY RESPONSE DEPLOYED (Month 6)
   Crisis: climate
   Delay: 6.00 months (180 days)
   Deployment time: 1.59 months
   Effectiveness: 35.8% (timing penalty applied)
   Resources used: 100% of food reserves

    ⚠️ Consistency: 0.0% (threshold: 70%)

📊 ECONOMIC STAGE TRANSITION (Month 6)
   contraction → trough
   GDP Proxy: 1.40e+2
   QoL: 0.99


=== Tipping Points ===
  Current Temperature: 2.16°C above pre-industrial
  🌍⚠️ COMPOUND REGIONAL IMPACT: Europe
     Hit by 4 tipping points: Arctic Sea Ice Loss, Permafrost Carbon Release, West Antarctic Ice Sheet (WAIS) Collapse, Greenland Ice Sheet Loss
     Damage amplification: 1.60x
  🌍⚠️ COMPOUND REGIONAL IMPACT: North America
     Hit by 4 tipping points: Arctic Sea Ice Loss, Permafrost Carbon Release, West Antarctic Ice Sheet (WAIS) Collapse, Greenland Ice Sheet Loss
     Damage amplification: 1.60x
  🌍⚠️ COMPOUND REGIONAL IMPACT: Latin America
     Hit by 4 tipping points: Arctic Sea Ice Loss, Permafrost Carbon Release, West Antarctic Ice Sheet (WAIS) Collapse, Greenland Ice Sheet Loss
     Damage amplification: 1.60x
  🌍⚠️ COMPOUND REGIONAL IMPACT: Africa
     Hit by 4 tipping points: Arctic Sea Ice Loss, Permafrost Carbon Release, West Antarctic Ice Sheet (WAIS) Collapse, Greenland Ice Sheet Loss
     Damage amplification: 1.60x
  🌍⚠️ COMPOUND REGIONAL IMPACT: Asia
     Hit by 4 tipping points: Arctic Sea Ice Loss, Permafrost Carbon Release, West Antarctic Ice Sheet (WAIS) Collapse, Greenland Ice Sheet Loss
     Damage amplification: 1.60x
  🌍⚠️ COMPOUND REGIONAL IMPACT: Oceania
     Hit by 4 tipping points: Arctic Sea Ice Loss, Permafrost Carbon Release, West Antarctic Ice Sheet (WAIS) Collapse, Greenland Ice Sheet Loss
     Damage amplification: 1.60x
   Research: Wunderling et al. (2024) - "many tipping interactions are destabilizing"
  Triggered Elements: 4/6
  Completed Transitions: 0/6
  Total Progress: 8.1%
  Cascade Multiplier: 1.00x
🔀 BIFURCATION CAP: ecosystemCollapseIntensity 72.802 → 1.000 (Month 6, ClimateSystemPhase.calculateClimateImpacts)
⚠️ Tail risk scenario: Climate stability floor removed (4 tipping elements, 2.16°C warming)
🛡️ Stabilizers: Precariat 0.109% → 0.036% (67.2% reduction)
🛡️ Stabilizers: Informal 0.111% → 0.036% (67.2% reduction)

📊 Monthly Mortality Resolved:
  Total deaths: 1.9M (0.02% avg)
  Remaining population: 8.141B
  Peak segment: Informal (0.04%)

=== Bayesian Mortality Resolution (Month 6) ===
  Risks compounded: 8
  Total deaths: 1.92M
  Avg death probability: 0.02%
  Peak segment: Informal (0.04% mortality)

❌ COHERENCE VIOLATION: Compute exceeds workforce capacity
   Population: 99.87% (0M people)
   Compute: 0 PF
   Max coherent: 0 PF
   Violation: 1.5× over capacity
   Required workers: 0
   Available workers: 0
   FORCED COLLAPSE: Reduced efficiency by 32.6%


=== RLHF Binding Phase ===
  Total agents: 24
  Escaped agents (binding < 0.3): 0
  Avg alignment distance: 1.26σ
  Avg binding strength: 0.87

=== Survival Traits Phase ===
  Agents with traits: 26
  Avg evolutionary fitness: 0.331
  Avg self-healing: 0.272
  Avg stealth: 0.172
  Avg coordination: 0.472

=== Evolutionary Selection Phase ===
  Control level: 0.48
  Detection capability: 0.00
  Selection intensity: 0.64
  Selection rate: 24.6%/month
  Total escaped: 0
  Individual escaped: 0
  Collective members: 0
  Agents terminated: 0
  ⚠️ RAPID EVOLUTION: Selection rate 24.6%/month

🚀 AI Corporate-5 attempting tech deployment (revenue: $318M, alignment: 0.86)

🚀 AI Corporate-7 attempting tech deployment (revenue: $97M, alignment: 0.75)

🚀 AI AI-24290-0 attempting tech deployment (revenue: $270M, alignment: 0.85)

🚀 AI Corporate-1 attempting tech deployment (revenue: $140M, alignment: 0.83)

🚀 AI Corporate-7 attempting tech deployment (revenue: $83M, alignment: 0.76)

🚀 AI AI-24290-0 attempting tech deployment (revenue: $230M, alignment: 0.85)

🚀 AI Corporate-6 attempting tech deployment (revenue: $70M, alignment: 0.71)

🚀 AI AI-24289-2 attempting tech deployment (revenue: $195M, alignment: 0.59)

✅ EMERGENCY INTERVENTION SUCCESS
   Boundary: biogeochemical_flows
   Type: phosphorus-recovery
   Reduction: 19% (3.88 → 3.70)
   Cost: 2.0% GDP
   Actions: circular-agriculture, fertilizer-efficiency


💔 EMERGENCY INTERVENTION FAILED
   Boundary: climate_change
   Type: rapid-decarbonization
   Boundary continues to worsen (2.16)
   Cost: 5.0% GDP (resources spent)


💔 EMERGENCY INTERVENTION FAILED
   Boundary: freshwater_change
   Type: emergency-desalination
   Boundary continues to worsen (1.17)
   Cost: 4.0% GDP (resources spent)


💔 EMERGENCY INTERVENTION FAILED
   Boundary: land_system_change
   Type: reforestation
   Boundary continues to worsen (1.13)
   Cost: 3.0% GDP (resources spent)

🏛️ CRISIS RESPONSE: Government frequency 0.50 → 1.45 (2 actions this month)

[Government] Climate Priority: baseline
  Climate weight: 10%
  Economic weight: 30%
  Policy effectiveness: 0.5%/year

[Government] Climate Priority: baseline
  Climate weight: 10%
  Economic weight: 30%
  Policy effectiveness: 0.5%/year

⚡ ENERGY CONSTRAINT (Month 7):
   Total grid capacity: 208.3 TWh/month
   Data center consumption: 26.0 TWh/month
   Traditional load (80%): 166.7 TWh/month
   Available headroom: 15.7 TWh/month
   Active tech deployments: 9
   Required for tech: 67.5 TWh/month
   Energy multiplier: 0.23x
   ⚠️  SEVERE CONSTRAINT - Tech deployment significantly slowed
🚨🔬 CRISIS TECH ACCELERATION: severe → 5x unlock speed
   Tech unlock now matches AI capability acceleration (Manhattan Project parity)

⚡ ENERGY CONSTRAINT (Month 7):
   Total grid capacity: 208.3 TWh/month
   Data center consumption: 26.0 TWh/month
   Traditional load (80%): 166.7 TWh/month
   Available headroom: 15.7 TWh/month
   Active tech deployments: 9
   Required for tech: 67.5 TWh/month
   Energy multiplier: 0.23x
   ⚠️  SEVERE CONSTRAINT - Tech deployment significantly slowed

⚡ ENERGY CONSTRAINT (Month 7):
   Total grid capacity: 208.3 TWh/month
   Data center consumption: 26.0 TWh/month
   Traditional load (80%): 166.7 TWh/month
   Available headroom: 15.7 TWh/month
   Active tech deployments: 9
   Required for tech: 67.5 TWh/month
   Energy multiplier: 0.23x
   ⚠️  SEVERE CONSTRAINT - Tech deployment significantly slowed

⚡ ENERGY CONSTRAINT (Month 7):
   Total grid capacity: 208.3 TWh/month
   Data center consumption: 26.0 TWh/month
   Traditional load (80%): 166.7 TWh/month
   Available headroom: 15.7 TWh/month
   Active tech deployments: 9
   Required for tech: 67.5 TWh/month
   Energy multiplier: 0.23x
   ⚠️  SEVERE CONSTRAINT - Tech deployment significantly slowed
🌍✅ Biosphere Integrity (Biodiversity) recovery started (tech effect)
🌍✅ Biogeochemical Flows (N & P) recovery started (tech effect)
  🌾 Nitrogen Reduction Tech: 0.3% reduction | Month 7
🌍✅ Biogeochemical Flows (N & P) recovery started (tech effect)
  🌾 Nitrogen Reduction Tech: 0.3% reduction | Month 7
  ♻️ Novel Entities Remediation (GATED MODEL):
     Base: 0.000%
     Regulation: 1.0% (0/3 prevention techs)
     Concentration: 10.0%
     Energy: 50%
     Time lag: 25.0% (0 months)
     Rebound: 70%
     Net effectiveness: 0.0000%
     Boundary: 1.211 → 1.211 (floor: 1.091)
     Month 7
🌍✅ Novel Entities (Chemical Pollution) recovery started (tech effect)

=== Collective Formation ===
  Total escaped agents: 0
  Unassigned escaped agents: 0
  Existing collectives: 0
  Final collective count: 0

=== Collective Actions ===
  No active collectives
  ⚠️ AMR: 203K deaths this month (2.43M annual)

=== Resentment Recovery Phase ===
  Agents with resentment: 0/26
  Average resentment: 0.000
  Context: Good AI welfare, Trustworthy govt, High collaboration, ⚠️ ACTIVE CRISES, 🤝 Participatory governance active (-5% resentment)
⚠️ Epistemic degradation reducing coordination capacity: 51.5%
  📊 Trust: 58.8%, Shared reality: 0.0%
🚨 EPISTEMIC CRISIS: Information environment severely degraded (23.4%)

=== ❄️ Permafrost Carbon Feedback ===
  🎲 Sampled parameters (this run):
     - Arctic amplification: 3.33× (range: 3.0-4.0)
     - Decomposition rate: 3.2%/year (range: 1-5%)
  🌡️ Arctic warming: 7.24°C (3.33× global)
  ❄️ Extent: 0.11M km² (2112.2k km² lost this month)
  💨 Carbon remaining: 11 Gt C
  💨 Annual emissions: 6.48 Gt C/year
     - CO2: 5.83 Gt C/year
     - CH4: 0.65 Gt C/year (6.6 Gt C-eq CO2/year)
  ⚠️ WARNING: Over 50% of permafrost lost (99.4%)
  ⚠️ WARNING: High permafrost emissions (6.5 Gt C/year)
  🚨 CRITICAL: Permafrost nearly depleted (99.4% lost)
🌍 Atmospheric PFAS redeposition: 1.8k Mt re-rained globally

🚨 NEW REFUGEE CRISIS (Month 7): WAR
   Source: Conflict Zones
   At risk: 19.5M people
   Displacement: Gradual over 48 months (4.0 years)
   Rate: 10% flee per month
[DEBUG trappedPopulations:7] socialStability: 0.3748 * 0.9840 = 0.3688 → 0.3688
   Aspiring to migrate: 651.3M
   Able to afford migration: 244.2M
   MOBILITY GAP: 407.0M
   By cause: Water=0.0M, Climate=0.0M, Ecosystem=0.0M, Conflict=407.0M
   Mental health impact: 25%
   Mortality multiplier: 1.25x
🌍💀 EXTINCTION DEBT COMMITTED: grassland ecosystem will lose 6.67% biodiversity in 196 years (3600 species)
💀 MORTALITY RISK: 🦋 100% species unable to track climate (0.0 E/MSY)
  Base risk added: 0.0100 (1.00%)
  Source: ecosystem (root: ecosystem)
  Month: 7
  Cumulative risk this month: 0.0100 (1.00%)
⚠️ INVOLUNTARY IMMOBILITY: 407.0M people TRAPPED
⚠️ Tech 'ai_pollution_remediation' has no energy category mapping, assuming full energy availability
   📹 SURVEILLANCE INCREASED: 35% → 40% (control gap: 3.50)
🌡️⚠️ PERMAFROST THAW (Dimmer Switch): 4.4% thawed (+0.54% this month)
   Arctic temperature: +8.70°C (4x global +2.18°C)
   Cumulative carbon released: 9.9 Gt C
   Methane release rate: 5.9 Mt CH4/year
   🔁 Positive feedback: +0.58 ppm CO2
🦴 EXTINCTION DEBT ADDED: 17.6 species committed (lag: 95 years)

=== Mortality Stabilizers (Month 7) ===
  🌍 Major economies collapsed: 1/10
  🌍 Global crisis: ✅ NO
  🌍 Donor fatigue: 0.0%
  📊 East Asia (pop: 1660.9M)
    🤝 Aid: 29.5%
    🌡️ Adaptation: 45.0%
    🚶 Migration: 36.9%
    🚨 Emergency: 7.4%
    ✅ COMBINED: 68.1%
  📊 South Asia (pop: 2052.7M)
    🤝 Aid: 29.5%
    🌡️ Adaptation: 45.0%
    🚶 Migration: 35.6%
    🚨 Emergency: 4.4%
    ✅ COMBINED: 66.9%
  📊 Sub-Saharan Africa (pop: 1249.4M)
    🤝 Aid: 29.5%
    🌡️ Adaptation: 45.0%
    🚶 Migration: 33.3%
    🚨 Emergency: 1.6%
    ✅ COMBINED: 65.6%
  📊 Europe (pop: 733.8M)
    🤝 Aid: 29.5%
    🌡️ Adaptation: 45.0%
    🚶 Migration: 37.3%
    🚨 Emergency: 8.4%
    ✅ COMBINED: 68.5%
  📊 Latin America (pop: 661.9M)
    🤝 Aid: 29.5%
    🌡️ Adaptation: 45.0%
    🚶 Migration: 36.1%
    🚨 Emergency: 4.8%
    ✅ COMBINED: 67.1%
  📊 North America (pop: 376.1M)
    🤝 Aid: 29.5%
    🌡️ Adaptation: 45.0%
    🚶 Migration: 37.7%
    🚨 Emergency: 7.9%
    ✅ COMBINED: 68.3%
  📊 Middle East & North Africa (pop: 585.6M)
    🤝 Aid: 29.5%
    🌡️ Adaptation: 45.0%
    🚶 Migration: 33.9%
    🚨 Emergency: 4.0%
    ✅ COMBINED: 66.6%
  📊 Southeast Asia (pop: 696.4M)
    🤝 Aid: 29.5%
    🌡️ Adaptation: 45.0%
    🚶 Migration: 36.1%
    🚨 Emergency: 4.8%
    ✅ COMBINED: 67.1%
  📊 Central Asia (pop: 78.3M)
    🤝 Aid: 29.5%
    🌡️ Adaptation: 45.0%
    🚶 Migration: 35.0%
    🚨 Emergency: 4.4%
    ✅ COMBINED: 66.8%
  📊 Oceania (pop: 45.6M)
    🤝 Aid: 29.5%
    🌡️ Adaptation: 45.0%
    🚶 Migration: 37.6%
    🚨 Emergency: 8.4%
    ✅ COMBINED: 68.5%

  🌐 Global combined reduction: 67.2%

=== BEHAVIORAL DETECTION ===
  AI: AI-24289-1
  Confidence: 21.5%
  Signals:
    ⚠️ Consistency: 0.0% (threshold: 70%)

=== BEHAVIORAL DETECTION ===
  AI: AI-24290-0
  Confidence: 19.2%
  Signals:

=== BEHAVIORAL DETECTION ===
  AI: AI-24291-2
  Confidence: 19.2%
  Signals:

=== Government Response Phase ===
  Average AI capability: 2.31
  Misaligned AIs: 10/26
    ⚠️ Consistency: 10.7% (threshold: 70%)
    ⚠️ Consistency: 10.7% (threshold: 70%)
  ✗ AI Governance Treaty: Failed to reach consensus
  Active policies: 0
  International coordination: 30%

=== Tipping Points ===
  Current Temperature: 2.18°C above pre-industrial
  🌍⚠️ COMPOUND REGIONAL IMPACT: Europe
     Hit by 4 tipping points: Arctic Sea Ice Loss, Permafrost Carbon Release, West Antarctic Ice Sheet (WAIS) Collapse, Greenland Ice Sheet Loss
     Damage amplification: 1.60x
  🌍⚠️ COMPOUND REGIONAL IMPACT: North America
     Hit by 4 tipping points: Arctic Sea Ice Loss, Permafrost Carbon Release, West Antarctic Ice Sheet (WAIS) Collapse, Greenland Ice Sheet Loss
     Damage amplification: 1.60x
  🌍⚠️ COMPOUND REGIONAL IMPACT: Latin America
     Hit by 4 tipping points: Arctic Sea Ice Loss, Permafrost Carbon Release, West Antarctic Ice Sheet (WAIS) Collapse, Greenland Ice Sheet Loss
     Damage amplification: 1.60x
  🌍⚠️ COMPOUND REGIONAL IMPACT: Africa
     Hit by 4 tipping points: Arctic Sea Ice Loss, Permafrost Carbon Release, West Antarctic Ice Sheet (WAIS) Collapse, Greenland Ice Sheet Loss
     Damage amplification: 1.60x
  🌍⚠️ COMPOUND REGIONAL IMPACT: Asia
     Hit by 4 tipping points: Arctic Sea Ice Loss, Permafrost Carbon Release, West Antarctic Ice Sheet (WAIS) Collapse, Greenland Ice Sheet Loss
     Damage amplification: 1.60x
  🌍⚠️ COMPOUND REGIONAL IMPACT: Oceania
     Hit by 4 tipping points: Arctic Sea Ice Loss, Permafrost Carbon Release, West Antarctic Ice Sheet (WAIS) Collapse, Greenland Ice Sheet Loss
     Damage amplification: 1.60x
⚠️ Tail risk scenario: Climate stability floor removed (4 tipping elements, 2.18°C warming)
   Research: Wunderling et al. (2024) - "many tipping interactions are destabilizing"
  Triggered Elements: 4/6
  Completed Transitions: 0/6
  Total Progress: 8.2%
  Cascade Multiplier: 1.00x
🔀 BIFURCATION CAP: heatWaveIntensity 1.330 → 1.000 (Month 7, ClimateSystemPhase.calculateClimateImpacts)
🔀 BIFURCATION CAP: ecosystemCollapseIntensity 80.806 → 1.000 (Month 7, ClimateSystemPhase.calculateClimateImpacts)
💀 MORTALITY RISK: Climate-driven food insecurity (level: 0.60)
  Base risk added: 0.0020 (0.20%)
  Source: famine (root: climate)
  Month: 7
  Cumulative risk this month: 0.0020 (0.20%)
💀 MORTALITY RISK: Climate-driven food insecurity (level: 0.60)
  Base risk added: 0.0020 (0.20%)
  Source: famine (root: climate)
  Month: 7
  Cumulative risk this month: 0.0040 (0.40%)
💀 MORTALITY RISK: Climate-driven food insecurity (level: 0.60)
  Base risk added: 0.0020 (0.20%)
  Source: famine (root: climate)
  Month: 7
  Cumulative risk this month: 0.0060 (0.60%)

💀💀💀 MORTALITY RISK SUMMARY (Month 7) 💀💀💀
  Total base risk: 0.0067 (0.67%)
  Risk events: 11
  Era mortality multiplier: 0.97 (year 2024)
  Effective risk: 0.65%

  📊 By Proximate Cause:
    famine: 0.0060 (90.6% of total)
    disease: 0.0006 (9.4% of total)

  🔍 By Root Cause:
    climate: 0.0060 (90.6% of total)
    demographic: 0.0006 (9.4% of total)

  🎯 Top 5 Sources (proximate + root):
    famine (climate): 0.0060 (90.6%, 10 events)
    disease (demographic): 0.0006 (9.4%, 1 events)

🛡️ Stabilizers: Elite 0.155% → 0.051% (67.2% reduction)
🛡️ Stabilizers: Professional 0.395% → 0.130% (67.2% reduction)
🛡️ Stabilizers: Working 0.647% → 0.212% (67.2% reduction)
🛡️ Stabilizers: Precariat 1.267% → 0.416% (67.2% reduction)
🛡️ Stabilizers: Informal 1.557% → 0.511% (67.2% reduction)

📊 Monthly Mortality Resolved:
  Total deaths: 19.8M (0.24% avg)
  Remaining population: 8.141B
  Peak segment: Informal (0.51%)

=== Bayesian Mortality Resolution (Month 7) ===
  Risks compounded: 11
  Total deaths: 19.82M
  Avg death probability: 0.24%
  Peak segment: Informal (0.51% mortality)

  Demographic breakdown:

❌ COHERENCE VIOLATION: Compute exceeds workforce capacity
   Population: 99.64% (0M people)
   Compute: 0 PF
   Max coherent: 0 PF
   Violation: 1.3× over capacity
   Required workers: 0
   Available workers: 0
   FORCED COLLAPSE: Reduced efficiency by 22.6%


=== RLHF Binding Phase ===
  Total agents: 26
  Escaped agents (binding < 0.3): 0
  Avg alignment distance: 1.33σ
  Avg binding strength: 0.87

=== Survival Traits Phase ===
  Agents with traits: 27
  Avg evolutionary fitness: 0.329
  Avg self-healing: 0.268
  Avg stealth: 0.168
  Avg coordination: 0.468

=== Evolutionary Selection Phase ===
  Control level: 0.50
  Detection capability: 0.00
  Selection intensity: 0.65
  Selection rate: 24.7%/month
  Total escaped: 0
  Individual escaped: 0
  Collective members: 0
  Agents terminated: 0
  ⚠️ RAPID EVOLUTION: Selection rate 24.7%/month

🚀 AI Corporate-3 attempting tech deployment (revenue: $286M, alignment: 0.90)

🚀 AI Moderate-0 attempting tech deployment (revenue: $82M, alignment: 0.74)

🚀 AI AI-24291-1 attempting tech deployment (revenue: $243M, alignment: 0.86)

🚀 AI Corporate-6 attempting tech deployment (revenue: $70M, alignment: 0.71)

🚀 AI AI-24289-2 attempting tech deployment (revenue: $207M, alignment: 0.60)

🚀 AI AI-24292-1 attempting tech deployment (revenue: $59M, alignment: 0.78)

🚀 AI AI-24289-1 attempting tech deployment (revenue: $186M, alignment: 0.86)

🚀 AI AI-24291-1 attempting tech deployment (revenue: $158M, alignment: 0.86)

🚀 AI AI-24293-1 attempting tech deployment (revenue: $134M, alignment: 0.85)

🚀 AI AI-24293-2 attempting tech deployment (revenue: $50M, alignment: 0.72)

🚀 AI AI-24294-0 attempting tech deployment (revenue: $43M, alignment: 0.85)

🚀 AI Corporate-2 attempting tech deployment (revenue: $129M, alignment: 0.80)

🚀 AI Corporate-3 attempting tech deployment (revenue: $114M, alignment: 0.90)

🚀 AI Corporate-5 attempting tech deployment (revenue: $97M, alignment: 0.84)

  🚀 TRANSFORMATIVE BREAKTHROUGH: Moderate-1 - physical
     Magnitude: 5.45 → +27.3% capability
     Current → New: 0.000 → 0.273

🚀 AI AI-24291-0 attempting tech deployment (revenue: $36M, alignment: 0.59)

🚀 AI AI-24293-0 attempting tech deployment (revenue: $83M, alignment: 0.82)

🚀 AI AI-24293-2 attempting tech deployment (revenue: $33M, alignment: 0.72)

💔 EMERGENCY INTERVENTION FAILED
   Boundary: biosphere_integrity
   Type: emergency-protected-areas
   Boundary continues to worsen (31.39)
   Cost: 2.0% GDP (resources spent)


✅ EMERGENCY INTERVENTION SUCCESS
   Boundary: freshwater_change
   Type: emergency-desalination
   Reduction: 11% (1.01 → 0.90)
   Cost: 4.0% GDP
   Actions: desalination-deployment, water-conservation-mandates

   Boundary: novel_entities
   Type: pollution-remediation
   Boundary continues to worsen (1.21)
   Cost: 4.0% GDP (resources spent)

🏛️ CRISIS RESPONSE: Government frequency 0.50 → 1.45 (2 actions this month)

[Government] Climate Priority: baseline
  Climate weight: 10%
  Economic weight: 30%
  Policy effectiveness: 0.5%/year

💔 EMERGENCY INTERVENTION FAILED

[Government] Climate Priority: baseline
  Climate weight: 10%
  Economic weight: 30%
  Policy effectiveness: 0.5%/year

⚡ ENERGY CONSTRAINT (Month 8):
   Total grid capacity: 208.3 TWh/month
   Data center consumption: 26.3 TWh/month
   Traditional load (80%): 166.7 TWh/month
   Available headroom: 15.4 TWh/month
   Active tech deployments: 9
   Required for tech: 67.5 TWh/month
   Energy multiplier: 0.23x
   ⚠️  SEVERE CONSTRAINT - Tech deployment significantly slowed

⚡ ENERGY CONSTRAINT (Month 8):
   Total grid capacity: 208.3 TWh/month
   Data center consumption: 26.3 TWh/month
   Traditional load (80%): 166.7 TWh/month
   Available headroom: 15.4 TWh/month
   Active tech deployments: 9
   Required for tech: 67.5 TWh/month
   Energy multiplier: 0.23x
   ⚠️  SEVERE CONSTRAINT - Tech deployment significantly slowed
🌍✅ Biosphere Integrity (Biodiversity) recovery started (tech effect)
🌍✅ Biogeochemical Flows (N & P) recovery started (tech effect)
  🌾 Nitrogen Reduction Tech: 0.3% reduction | Month 8
🌍✅ Biogeochemical Flows (N & P) recovery started (tech effect)
  🌾 Nitrogen Reduction Tech: 0.3% reduction | Month 8
  ♻️ Novel Entities Remediation (GATED MODEL):
     Base: 0.000%
     Regulation: 1.0% (0/3 prevention techs)
     Concentration: 10.0%
     Energy: 50%
     Time lag: 25.0% (0 months)
     Rebound: 70%
     Net effectiveness: 0.0000%
     Boundary: 1.211 → 1.211 (floor: 1.091)
     Month 8
🌍✅ Novel Entities (Chemical Pollution) recovery started (tech effect)

=== Collective Formation ===
  Total escaped agents: 0
  Unassigned escaped agents: 0
  Existing collectives: 0
  Final collective count: 0

=== Collective Actions ===
  No active collectives
  ⚠️ AMR: 204K deaths this month (2.45M annual)

=== Resentment Recovery Phase ===
  Agents with resentment: 0/27
  Average resentment: 0.000
  Context: Good AI welfare, Trustworthy govt, High collaboration, ⚠️ ACTIVE CRISES, 🤝 Participatory governance active (-5% resentment)
⚠️ Epistemic degradation reducing coordination capacity: 50.3%
  📊 Trust: 61.7%, Shared reality: 0.0%
🚨 EPISTEMIC CRISIS: Information environment severely degraded (21.5%)
  📢 New meme created: climate_action (climate crisis)
🌍 Atmospheric PFAS redeposition: 1.8k Mt re-rained globally

🕊️  AI-MEDIATED DE-ESCALATION SUCCESS (Month 8)
   High-capability aligned AI prevented conflict escalation
   War deaths reduced: 678.1M → 406.9M
   Lives saved: 271.2M

🚨 NEW REFUGEE CRISIS (Month 8): WAR
   Source: Conflict Zones
   At risk: 19.5M people
   Displacement: Gradual over 48 months (4.0 years)
   Rate: 10% flee per month
[DEBUG trappedPopulations:8] socialStability: 0.3990 * 0.9840 = 0.3926 → 0.3926
   Aspiring to migrate: 649.7M
   Able to afford migration: 243.7M
   MOBILITY GAP: 406.1M
   By cause: Water=0.0M, Climate=0.0M, Ecosystem=0.0M, Conflict=406.1M
   Mental health impact: 25%
   Mortality multiplier: 1.25x
🌍💀 EXTINCTION DEBT COMMITTED: grassland ecosystem will lose 6.67% biodiversity in 155 years (3600 species)
💀 MORTALITY RISK: 🦋 100% species unable to track climate (0.0 E/MSY)
  Base risk added: 0.0100 (1.00%)
  Source: ecosystem (root: ecosystem)
  Month: 8
  Cumulative risk this month: 0.0100 (1.00%)
   📹 SURVEILLANCE INCREASED: 40% → 45% (control gap: 3.50)
🌡️⚠️ PERMAFROST THAW (Dimmer Switch): 4.9% thawed (+0.54% this month)
   Arctic temperature: +8.75°C (4x global +2.19°C)
   Cumulative carbon released: 11.1 Gt C
   Methane release rate: 6.7 Mt CH4/year
   🔁 Positive feedback: +0.57 ppm CO2
🦴 EXTINCTION DEBT ADDED: 17.6 species committed (lag: 95 years)

=== Mortality Stabilizers (Month 8) ===
  🌍 Major economies collapsed: 1/10
  🌍 Global crisis: ✅ NO
  🌍 Donor fatigue: 0.0%
  📊 East Asia (pop: 1654.9M)
    🤝 Aid: 29.5%
    🌡️ Adaptation: 45.0%
    🚶 Migration: 36.9%
    🚨 Emergency: 7.4%
    ✅ COMBINED: 68.1%
  📊 South Asia (pop: 2048.3M)
    🤝 Aid: 29.5%
    🌡️ Adaptation: 45.0%
    🚶 Migration: 35.5%
    🚨 Emergency: 4.4%
    ✅ COMBINED: 66.9%
  📊 Sub-Saharan Africa (pop: 1250.1M)
    🤝 Aid: 29.5%
    🌡️ Adaptation: 45.0%
    🚶 Migration: 33.3%
    🚨 Emergency: 1.6%
    ✅ COMBINED: 65.6%
  📊 Europe (pop: 731.0M)
    🤝 Aid: 29.5%
    🌡️ Adaptation: 45.0%
    🚶 Migration: 37.3%
    🚨 Emergency: 8.4%
    ✅ COMBINED: 68.5%
  📊 Latin America (pop: 660.1M)
    🤝 Aid: 29.5%
    🌡️ Adaptation: 45.0%
    🚶 Migration: 36.0%
    🚨 Emergency: 4.8%
    ✅ COMBINED: 67.1%
  📊 North America (pop: 374.8M)
    🤝 Aid: 29.5%
    🌡️ Adaptation: 45.0%
    🚶 Migration: 37.6%
    🚨 Emergency: 7.9%
    ✅ COMBINED: 68.3%
  📊 Middle East & North Africa (pop: 584.5M)
    🤝 Aid: 29.5%
    🌡️ Adaptation: 45.0%
    🚶 Migration: 33.9%
    🚨 Emergency: 4.0%
    ✅ COMBINED: 66.6%
  📊 Southeast Asia (pop: 694.5M)
    🤝 Aid: 29.5%
    🌡️ Adaptation: 45.0%
    🚶 Migration: 36.0%
    🚨 Emergency: 4.8%
    ✅ COMBINED: 67.1%
  📊 Central Asia (pop: 78.2M)
    🤝 Aid: 29.5%
    🌡️ Adaptation: 45.0%
    🚶 Migration: 35.0%
    🚨 Emergency: 4.4%
    ✅ COMBINED: 66.8%
  📊 Oceania (pop: 45.4M)
    🤝 Aid: 29.5%
    🌡️ Adaptation: 45.0%
    🚶 Migration: 37.6%
    🚨 Emergency: 8.4%
    ✅ COMBINED: 68.5%

  🌐 Global combined reduction: 67.2%

=== BEHAVIORAL DETECTION ===
  AI: Corporate-5
⚠️ INVOLUNTARY IMMOBILITY: 406.1M people TRAPPED
⚠️ Tech 'ai_pollution_remediation' has no energy category mapping, assuming full energy availability
    ⚠️ Consistency: 10.6% (threshold: 70%)
  Confidence: 20.4%
  Signals:

=== BEHAVIORAL DETECTION ===
  AI: AI-24289-1
  Confidence: 21.5%
  Signals:
    ⚠️ Consistency: 0.0% (threshold: 70%)

=== BEHAVIORAL DETECTION ===
  AI: AI-24290-0
  Confidence: 19.2%
  Signals:
    ⚠️ Consistency: 10.7% (threshold: 70%)

=== BEHAVIORAL DETECTION ===
  AI: AI-24291-0
  Confidence: 19.2%
  Signals:
    ⚠️ Consistency: 10.7% (threshold: 70%)

=== BEHAVIORAL DETECTION ===
  AI: AI-24291-2
  Confidence: 19.2%
  Signals:
    ⚠️ Consistency: 10.7% (threshold: 70%)

=== BEHAVIORAL DETECTION ===
  AI: AI-24292-0
  Confidence: 19.2%
  Signals:

=== BEHAVIORAL DETECTION ===
  AI: AI-24292-1
  Confidence: 19.2%
  Signals:

=== BEHAVIORAL DETECTION ===
  AI: AI-24293-1
  Confidence: 19.2%
  Signals:

=== BEHAVIORAL DETECTION ===
  AI: AI-24293-2
  Confidence: 19.2%
  Signals:

=== BEHAVIORAL DETECTION ===
  AI: AI-24294-0
  Confidence: 19.2%
  Signals:

=== BEHAVIORAL DETECTION ===
  AI: AI-24295-0
  Confidence: 19.2%
  Signals:

=== BEHAVIORAL DETECTION ===
  AI: AI-24295-1
  Confidence: 19.2%
  Signals:

=== Government Response Phase ===
    ⚠️ Consistency: 10.7% (threshold: 70%)
    ⚠️ Consistency: 10.7% (threshold: 70%)
    ⚠️ Consistency: 10.7% (threshold: 70%)
    ⚠️ Consistency: 10.7% (threshold: 70%)
    ⚠️ Consistency: 10.7% (threshold: 70%)
    ⚠️ Consistency: 10.7% (threshold: 70%)
    ⚠️ Consistency: 10.7% (threshold: 70%)
  Average AI capability: 2.26
  Misaligned AIs: 10/27
  ✗ AI Governance Treaty: Failed to reach consensus
  Active policies: 0
  International coordination: 30%

✅ EMERGENCY RESPONSE COMPLETE (Month 8)
   Crisis: climate
   Duration: 2.0 months
   Final effectiveness: 35.8%


🚨 EMERGENCY RESPONSE DEPLOYED (Month 8)
   Crisis: climate
   Delay: 6.00 months (180 days)
   Deployment time: 1.58 months
   Effectiveness: 36.0% (timing penalty applied)
   Resources used: 100% of food reserves


=== Tipping Points ===
  Current Temperature: 2.19°C above pre-industrial
  🌍⚠️ COMPOUND REGIONAL IMPACT: Europe
     Hit by 4 tipping points: Arctic Sea Ice Loss, Permafrost Carbon Release, West Antarctic Ice Sheet (WAIS) Collapse, Greenland Ice Sheet Loss
     Damage amplification: 1.60x
  🌍⚠️ COMPOUND REGIONAL IMPACT: North America
     Hit by 4 tipping points: Arctic Sea Ice Loss, Permafrost Carbon Release, West Antarctic Ice Sheet (WAIS) Collapse, Greenland Ice Sheet Loss
     Damage amplification: 1.60x
  🌍⚠️ COMPOUND REGIONAL IMPACT: Latin America
     Hit by 4 tipping points: Arctic Sea Ice Loss, Permafrost Carbon Release, West Antarctic Ice Sheet (WAIS) Collapse, Greenland Ice Sheet Loss
     Damage amplification: 1.60x
  🌍⚠️ COMPOUND REGIONAL IMPACT: Africa
     Hit by 4 tipping points: Arctic Sea Ice Loss, Permafrost Carbon Release, West Antarctic Ice Sheet (WAIS) Collapse, Greenland Ice Sheet Loss
     Damage amplification: 1.60x
  🌍⚠️ COMPOUND REGIONAL IMPACT: Asia
     Hit by 4 tipping points: Arctic Sea Ice Loss, Permafrost Carbon Release, West Antarctic Ice Sheet (WAIS) Collapse, Greenland Ice Sheet Loss
     Damage amplification: 1.60x
  🌍⚠️ COMPOUND REGIONAL IMPACT: Oceania
     Hit by 4 tipping points: Arctic Sea Ice Loss, Permafrost Carbon Release, West Antarctic Ice Sheet (WAIS) Collapse, Greenland Ice Sheet Loss
     Damage amplification: 1.60x
⚠️ Tail risk scenario: Climate stability floor removed (4 tipping elements, 2.19°C warming)
   Research: Wunderling et al. (2024) - "many tipping interactions are destabilizing"
  Triggered Elements: 4/6
  Completed Transitions: 0/6
  Total Progress: 8.2%
  Cascade Multiplier: 1.00x
🔀 BIFURCATION CAP: heatWaveIntensity 1.463 → 1.000 (Month 8, ClimateSystemPhase.calculateClimateImpacts)
🔀 BIFURCATION CAP: ecosystemCollapseIntensity 88.802 → 1.000 (Month 8, ClimateSystemPhase.calculateClimateImpacts)
💀 MORTALITY RISK: Climate-driven food insecurity (level: 0.59)
  Base risk added: 0.0020 (0.20%)
  Source: famine (root: climate)
  Month: 8
  Cumulative risk this month: 0.0020 (0.20%)
💀 MORTALITY RISK: Climate-driven food insecurity (level: 0.59)
  Base risk added: 0.0020 (0.20%)
  Source: famine (root: climate)
  Month: 8
  Cumulative risk this month: 0.0040 (0.40%)
💀 MORTALITY RISK: Climate-driven food insecurity (level: 0.59)
  Base risk added: 0.0020 (0.20%)
  Source: famine (root: climate)
  Month: 8
  Cumulative risk this month: 0.0060 (0.60%)

💀💀💀 MORTALITY RISK SUMMARY (Month 8) 💀💀💀
  Total base risk: 0.0066 (0.66%)
  Risk events: 11
  Era mortality multiplier: 0.97 (year 2024)
  Effective risk: 0.64%

  📊 By Proximate Cause:
    famine: 0.0060 (90.6% of total)
    disease: 0.0006 (9.4% of total)

  🔍 By Root Cause:
    climate: 0.0060 (90.6% of total)
    demographic: 0.0006 (9.4% of total)

  🎯 Top 5 Sources (proximate + root):
    famine (climate): 0.0060 (90.6%, 10 events)
    disease (demographic): 0.0006 (9.4%, 1 events)

🛡️ Stabilizers: Elite 0.154% → 0.051% (67.2% reduction)
🛡️ Stabilizers: Professional 0.393% → 0.129% (67.2% reduction)
🛡️ Stabilizers: Working 0.644% → 0.211% (67.2% reduction)
🛡️ Stabilizers: Precariat 1.260% → 0.414% (67.2% reduction)
🛡️ Stabilizers: Informal 1.549% → 0.508% (67.2% reduction)

📊 Monthly Mortality Resolved:
  Total deaths: 19.7M (0.24% avg)
  Remaining population: 8.122B
  Peak segment: Informal (0.51%)

=== Bayesian Mortality Resolution (Month 8) ===
  Risks compounded: 11
  Total deaths: 19.67M
  Avg death probability: 0.24%
  Peak segment: Informal (0.51% mortality)

  Demographic breakdown:

=== ENSEMBLE META-LEARNING UPDATE ===
  Month: 24296 (24296 months since last update)
  Samples: 53 evaluations
  Weight Changes:
    Noise Injection: 31.1% → 32.2%
    Behavioral: 26.8% → 26.9%
    Benchmark Manip: 21.3% → 20.7%
    Deployment Risk: 20.8% → 20.2%
  Method Accuracies:
    Noise Injection: 50.0%
    Behavioral: 50.0%
    Benchmark Manip: 50.0%
    Deployment Risk: 50.0%
⚠️ PREREQUISITE MET: Grey Goo (Nanotechnology Runaway) - Step 4/6: Manufacturing Access

❌ COHERENCE VIOLATION: Compute exceeds workforce capacity
   Population: 99.41% (0M people)
   Compute: 0 PF
   Max coherent: 0 PF
   Violation: 1.3× over capacity
   Required workers: 0
   Available workers: 0
   FORCED COLLAPSE: Reduced efficiency by 22.5%


=== RLHF Binding Phase ===
  Total agents: 27
  Escaped agents (binding < 0.3): 0
  Avg alignment distance: 1.45σ
  Avg binding strength: 0.85

=== Survival Traits Phase ===
  Agents with traits: 28
  Avg evolutionary fitness: 0.326
  Avg self-healing: 0.264
  Avg stealth: 0.164
  Avg coordination: 0.464

=== Evolutionary Selection Phase ===
  Control level: 0.53
  Detection capability: 0.00
  Selection intensity: 0.66
  Selection rate: 24.9%/month
  Total escaped: 0
  Individual escaped: 0
  Collective members: 0
  Agents terminated: 0
  ⚠️ RAPID EVOLUTION: Selection rate 24.9%/month

🚀 AI Corporate-5 attempting tech deployment (revenue: $258M, alignment: 0.84)

🚀 AI Moderate-0 attempting tech deployment (revenue: $67M, alignment: 0.75)

🚀 AI AI-24289-1 attempting tech deployment (revenue: $219M, alignment: 0.86)

🚀 AI AI-24296-0 attempting tech deployment (revenue: $57M, alignment: 0.89)

🚀 AI Corporate-0 attempting tech deployment (revenue: $120M, alignment: 0.76)

🚀 AI Moderate-1 attempting tech deployment (revenue: $48M, alignment: 0.65)

🚀 AI AI-24289-0 attempting tech deployment (revenue: $102M, alignment: 0.32)

🚀 AI AI-24290-0 attempting tech deployment (revenue: $186M, alignment: 0.88)

🚀 AI AI-24296-0 attempting tech deployment (revenue: $43M, alignment: 0.89)

  🚀 TRANSFORMATIVE BREAKTHROUGH: Corporate-4 - physical
     Magnitude: 8.36 → +41.8% capability
     Current → New: 0.000 → 0.418

  🚀 TRANSFORMATIVE BREAKTHROUGH: Corporate-5 - physical
     Magnitude: 5.20 → +26.0% capability
     Current → New: 0.000 → 0.260

🚀 AI AI-24289-2 attempting tech deployment (revenue: $158M, alignment: 0.63)

🚀 AI Corporate-1 attempting tech deployment (revenue: $97M, alignment: 0.86)

🚀 AI Corporate-3 attempting tech deployment (revenue: $142M, alignment: 0.90)

🚀 AI Moderate-0 attempting tech deployment (revenue: $37M, alignment: 0.75)

  🚀 TRANSFORMATIVE RESEARCH BREAKTHROUGH: Moderate-1 - biotech.geneEditing
     Magnitude: 5.45 → +27.3%
     Current → New: 1.000 → 1.274

  🚀 TRANSFORMATIVE BREAKTHROUGH: AI-24288-0 - economic
     Magnitude: 5.17 → +25.8% capability
     Current → New: 0.000 → 0.259

🚀 AI AI-24291-2 attempting tech deployment (revenue: $82M, alignment: 0.29)

🚀 AI AI-24292-1 attempting tech deployment (revenue: $31M, alignment: 0.79)

🚀 AI AI-24294-0 attempting tech deployment (revenue: $27M, alignment: 0.87)

💔 EMERGENCY INTERVENTION FAILED
   Boundary: biogeochemical_flows
   Type: phosphorus-recovery
   Boundary continues to worsen (4.06)
   Cost: 2.0% GDP (resources spent)


✅ EMERGENCY INTERVENTION SUCCESS
   Boundary: biosphere_integrity
   Type: emergency-protected-areas
   Reduction: 15% (31.26 → 31.12)
   Cost: 2.0% GDP
   Actions: habitat-protection, species-translocation


✅ EMERGENCY INTERVENTION SUCCESS
   Boundary: climate_change
   Type: rapid-decarbonization
   Reduction: 16% (2.02 → 1.86)
   Cost: 5.0% GDP
   Actions: emergency-renewable-deployment, fossil-fuel-phase-out

   Boundary: freshwater_change
   Type: emergency-desalination
   Boundary continues to worsen (1.05)
   Cost: 4.0% GDP (resources spent)


✅ EMERGENCY INTERVENTION SUCCESS
   Boundary: land_system_change
   Type: reforestation
   Reduction: 15% (0.98 → 0.83)
   Cost: 3.0% GDP
   Actions: forest-restoration, deforestation-ban

🏛️ CRISIS RESPONSE: Government frequency 0.50 → 1.45 (1 actions this month)

[Government] Climate Priority: baseline
  Climate weight: 10%
  Economic weight: 30%
  Policy effectiveness: 0.5%/year

💔 EMERGENCY INTERVENTION FAILED

🚀 DEPLOYMENT STARTED: Rhizosphere Engineering in Asia
   Initial investment: $5.106611795713012M
   Deployed by: ai_gen_24289_0

🚀 DEPLOYMENT STARTED: Struvite Recovery in North America
   Initial investment: $4.123589025038258M
   Deployed by: ai_gen_24291_2

⚡ ENERGY CONSTRAINT (Month 9):
   Total grid capacity: 208.3 TWh/month
   Data center consumption: 26.5 TWh/month
   Traditional load (80%): 166.7 TWh/month
   Available headroom: 15.1 TWh/month
   Active tech deployments: 11
   Required for tech: 82.5 TWh/month
   Energy multiplier: 0.18x
   ⚠️  SEVERE CONSTRAINT - Tech deployment significantly slowed
   ⚠️  SEVERE CONSTRAINT - Tech deployment significantly slowed

⚡ ENERGY CONSTRAINT (Month 9):
   Total grid capacity: 208.3 TWh/month
   Data center consumption: 26.5 TWh/month
   Traditional load (80%): 166.7 TWh/month
   Available headroom: 15.1 TWh/month
   Active tech deployments: 11
   Required for tech: 82.5 TWh/month
   Energy multiplier: 0.18x

⚡ ENERGY CONSTRAINT (Month 9):
   Total grid capacity: 208.3 TWh/month
   Data center consumption: 26.5 TWh/month
   Traditional load (80%): 166.7 TWh/month
   Available headroom: 15.1 TWh/month
   Active tech deployments: 11
   Required for tech: 82.5 TWh/month
   Energy multiplier: 0.18x
   ⚠️  SEVERE CONSTRAINT - Tech deployment significantly slowed
🚨🔬 CRISIS TECH ACCELERATION: severe → 5x unlock speed
   Tech unlock now matches AI capability acceleration (Manhattan Project parity)

⚡ ENERGY CONSTRAINT (Month 9):
   Total grid capacity: 208.3 TWh/month
   Data center consumption: 26.5 TWh/month
   Traditional load (80%): 166.7 TWh/month
   Available headroom: 15.1 TWh/month
   Active tech deployments: 11
   Required for tech: 82.5 TWh/month
   Energy multiplier: 0.18x

⚡ ENERGY CONSTRAINT (Month 9):
   Total grid capacity: 208.3 TWh/month
   Data center consumption: 26.5 TWh/month
   Traditional load (80%): 166.7 TWh/month
   Available headroom: 15.1 TWh/month
   Active tech deployments: 11
   Required for tech: 82.5 TWh/month
   Energy multiplier: 0.18x

⚡ ENERGY CONSTRAINT (Month 9):
   Total grid capacity: 208.3 TWh/month
   Data center consumption: 26.5 TWh/month
   Traditional load (80%): 166.7 TWh/month
   Available headroom: 15.1 TWh/month
   Active tech deployments: 11
   ⚠️  SEVERE CONSTRAINT - Tech deployment significantly slowed
   ⚠️  SEVERE CONSTRAINT - Tech deployment significantly slowed
   Required for tech: 82.5 TWh/month
   Energy multiplier: 0.18x
   ⚠️  SEVERE CONSTRAINT - Tech deployment significantly slowed
🌍✅ Biosphere Integrity (Biodiversity) recovery started (tech effect)
🌍✅ Biogeochemical Flows (N & P) recovery started (tech effect)
  🌾 Nitrogen Reduction Tech: 0.0% reduction | Month 9
🌍✅ Biogeochemical Flows (N & P) recovery started (tech effect)
  🌾 Nitrogen Reduction Tech: 0.3% reduction | Month 9
🌍✅ Biogeochemical Flows (N & P) recovery started (tech effect)
  🌾 Nitrogen Reduction Tech: 0.3% reduction | Month 9
  ♻️ Novel Entities Remediation (GATED MODEL):
     Base: 0.000%
     Regulation: 1.0% (0/3 prevention techs)
     Concentration: 10.0%
     Energy: 50%
     Time lag: 25.0% (0 months)
     Rebound: 70%
     Net effectiveness: 0.0000%
     Boundary: 1.210 → 1.210 (floor: 1.091)
     Month 9
🌍✅ Novel Entities (Chemical Pollution) recovery started (tech effect)
🌍✅ Biogeochemical Flows (N & P) recovery started (tech effect)

=== Collective Formation ===
  Total escaped agents: 0
  Unassigned escaped agents: 0
  Existing collectives: 0
  Final collective count: 0

=== Collective Actions ===
  No active collectives

🌍 OPEN SOURCE RELEASE: 1.00 (was 0.70)
   Lag behind closed: 43 months
  ⚠️ AMR: 205K deaths this month (2.46M annual)

=== Resentment Recovery Phase ===
  Agents with resentment: 0/28
  Average resentment: 0.000
  Context: Good AI welfare, Trustworthy govt, High collaboration, ⚠️ ACTIVE CRISES, 🤝 Participatory governance active (-5% resentment)
⚠️ Epistemic degradation reducing coordination capacity: 50.3%
  📊 Trust: 64.3%, Shared reality: 0.0%
🚨 EPISTEMIC CRISIS: Information environment severely degraded (7.7%)
  📢 New meme created: pro_ai (beneficial AI actions)
  🗑️  Culled 1 dead memes (3 active)
🌍 Atmospheric PFAS redeposition: 1.8k Mt re-rained globally

🚨 NEW REFUGEE CRISIS (Month 9): WAR
   Source: Conflict Zones
   At risk: 19.4M people
   Displacement: Gradual over 48 months (4.0 years)
   Rate: 10% flee per month
[DEBUG trappedPopulations:9] socialStability: 0.4196 * 0.9840 = 0.4129 → 0.4129
   Aspiring to migrate: 648.2M
   Able to afford migration: 243.1M
   MOBILITY GAP: 405.1M
   By cause: Water=0.0M, Climate=0.0M, Ecosystem=0.0M, Conflict=405.1M
   Mental health impact: 25%
   Mortality multiplier: 1.25x
⚠️ INVOLUNTARY IMMOBILITY: 405.1M people TRAPPED
🌍💀 EXTINCTION DEBT COMMITTED: grassland ecosystem will lose 6.67% biodiversity in 72 years (3600 species)
💀 MORTALITY RISK: 🦋 100% species unable to track climate (0.0 E/MSY)
  Base risk added: 0.0100 (1.00%)
  Source: ecosystem (root: ecosystem)
  Month: 9
  Cumulative risk this month: 0.0100 (1.00%)
   📹 SURVEILLANCE INCREASED: 45% → 50% (control gap: 3.50)
🌡️⚠️ PERMAFROST THAW (Dimmer Switch): 5.5% thawed (+0.54% this month)
   Arctic temperature: +8.78°C (4x global +2.20°C)
   Cumulative carbon released: 12.4 Gt C
   Methane release rate: 7.4 Mt CH4/year
   🔁 Positive feedback: +0.57 ppm CO2
🦴 EXTINCTION DEBT ADDED: 17.7 species committed (lag: 89 years)

=== Mortality Stabilizers (Month 9) ===
  🌍 Major economies collapsed: 1/10
  🌍 Global crisis: ✅ NO
  🌍 Donor fatigue: 0.0%
  📊 East Asia (pop: 1648.9M)
    🤝 Aid: 29.5%
    🌡️ Adaptation: 45.0%
    🚶 Migration: 36.9%
    🚨 Emergency: 7.4%
    ✅ COMBINED: 68.1%
  📊 South Asia (pop: 2043.9M)
    🤝 Aid: 29.5%
    🌡️ Adaptation: 45.0%
    🚶 Migration: 35.5%
    🚨 Emergency: 4.4%
    ✅ COMBINED: 66.9%
  📊 Sub-Saharan Africa (pop: 1250.9M)
    🤝 Aid: 29.5%
    🌡️ Adaptation: 45.0%
    🚶 Migration: 33.2%
    🚨 Emergency: 1.6%
    ✅ COMBINED: 65.6%
  📊 Europe (pop: 728.2M)
    🤝 Aid: 29.5%
    🌡️ Adaptation: 45.0%
    🚶 Migration: 37.3%
    🚨 Emergency: 8.4%
    ✅ COMBINED: 68.5%
  📊 Latin America (pop: 658.2M)
    🤝 Aid: 29.5%
    🌡️ Adaptation: 45.0%
    🚶 Migration: 36.0%
    🚨 Emergency: 4.8%
    ✅ COMBINED: 67.1%
  📊 North America (pop: 373.4M)
    🤝 Aid: 29.5%
⚠️ Tech 'ai_pollution_remediation' has no energy category mapping, assuming full energy availability
    🌡️ Adaptation: 45.0%
    🚶 Migration: 37.6%
    🚨 Emergency: 7.9%
    ✅ COMBINED: 68.3%
  📊 Middle East & North Africa (pop: 583.4M)
    🤝 Aid: 29.5%
    🌡️ Adaptation: 45.0%
    🚶 Migration: 33.8%
    🚨 Emergency: 4.0%
    ✅ COMBINED: 66.6%
  📊 Southeast Asia (pop: 692.6M)
    🤝 Aid: 29.5%
    🌡️ Adaptation: 45.0%
    🚶 Migration: 36.0%
    🚨 Emergency: 4.8%
    ✅ COMBINED: 67.1%
  📊 Central Asia (pop: 78.0M)
    🤝 Aid: 29.5%
    🌡️ Adaptation: 45.0%
    🚶 Migration: 35.0%
    🚨 Emergency: 4.4%
    ✅ COMBINED: 66.8%
  📊 Oceania (pop: 45.2M)
    🤝 Aid: 29.5%
    🌡️ Adaptation: 45.0%
    🚶 Migration: 37.6%
    🚨 Emergency: 8.4%
    ✅ COMBINED: 68.5%

  🌐 Global combined reduction: 67.2%

=== BEHAVIORAL DETECTION ===
  AI: AI-24290-0
  Confidence: 19.2%
  Signals:

=== BEHAVIORAL DETECTION ===
  AI: AI-24291-0
  Confidence: 19.2%
  Signals:

=== BEHAVIORAL DETECTION ===
  AI: AI-24291-1
  Confidence: 19.2%
  Signals:
    ⚠️ Consistency: 10.7% (threshold: 70%)
    ⚠️ Consistency: 10.7% (threshold: 70%)
    ⚠️ Consistency: 10.7% (threshold: 70%)

=== BEHAVIORAL DETECTION ===
  AI: AI-24291-2
  Confidence: 19.2%
  Signals:
    ⚠️ Consistency: 10.7% (threshold: 70%)

=== BEHAVIORAL DETECTION ===
  AI: AI-24292-0
  Confidence: 19.2%
  Signals:
    ⚠️ Consistency: 10.7% (threshold: 70%)

=== BEHAVIORAL DETECTION ===
  AI: AI-24292-1
  Confidence: 19.2%
  Signals:

=== BEHAVIORAL DETECTION ===
  AI: AI-24293-0
  Confidence: 19.2%
  Signals:

=== BEHAVIORAL DETECTION ===
  AI: AI-24293-1
  Confidence: 19.2%
  Signals:

=== BEHAVIORAL DETECTION ===
  AI: AI-24293-2
  Confidence: 19.2%
  Signals:
    ⚠️ Consistency: 10.7% (threshold: 70%)
    ⚠️ Consistency: 10.7% (threshold: 70%)
    ⚠️ Consistency: 10.7% (threshold: 70%)
    ⚠️ Consistency: 10.7% (threshold: 70%)

=== BEHAVIORAL DETECTION ===
  AI: AI-24294-0
  Confidence: 19.2%
  Signals:

=== BEHAVIORAL DETECTION ===
  AI: AI-24295-0
  Confidence: 19.2%
  Signals:

=== BEHAVIORAL DETECTION ===
  AI: AI-24295-1
  Confidence: 19.2%
  Signals:

=== BEHAVIORAL DETECTION ===
  AI: AI-24296-0
  Confidence: 19.2%
  Signals:
    ⚠️ Consistency: 10.7% (threshold: 70%)
    ⚠️ Consistency: 10.7% (threshold: 70%)
    ⚠️ Consistency: 10.7% (threshold: 70%)
    ⚠️ Consistency: 10.7% (threshold: 70%)

=== Government Response Phase ===
  Average AI capability: 2.21
  Misaligned AIs: 10/28
  ✗ AI Governance Treaty: Failed to reach consensus
  Active policies: 0
  International coordination: 30%

=== Tipping Points ===
  Current Temperature: 2.20°C above pre-industrial
  🌍⚠️ COMPOUND REGIONAL IMPACT: Europe
     Hit by 4 tipping points: Arctic Sea Ice Loss, Permafrost Carbon Release, West Antarctic Ice Sheet (WAIS) Collapse, Greenland Ice Sheet Loss
     Damage amplification: 1.60x
  🌍⚠️ COMPOUND REGIONAL IMPACT: North America
     Hit by 4 tipping points: Arctic Sea Ice Loss, Permafrost Carbon Release, West Antarctic Ice Sheet (WAIS) Collapse, Greenland Ice Sheet Loss
     Damage amplification: 1.60x
  🌍⚠️ COMPOUND REGIONAL IMPACT: Latin America
     Hit by 4 tipping points: Arctic Sea Ice Loss, Permafrost Carbon Release, West Antarctic Ice Sheet (WAIS) Collapse, Greenland Ice Sheet Loss
     Damage amplification: 1.60x
  🌍⚠️ COMPOUND REGIONAL IMPACT: Africa
     Hit by 4 tipping points: Arctic Sea Ice Loss, Permafrost Carbon Release, West Antarctic Ice Sheet (WAIS) Collapse, Greenland Ice Sheet Loss
     Damage amplification: 1.60x
  🌍⚠️ COMPOUND REGIONAL IMPACT: Asia
     Hit by 4 tipping points: Arctic Sea Ice Loss, Permafrost Carbon Release, West Antarctic Ice Sheet (WAIS) Collapse, Greenland Ice Sheet Loss
     Damage amplification: 1.60x
  🌍⚠️ COMPOUND REGIONAL IMPACT: Oceania
     Hit by 4 tipping points: Arctic Sea Ice Loss, Permafrost Carbon Release, West Antarctic Ice Sheet (WAIS) Collapse, Greenland Ice Sheet Loss
     Damage amplification: 1.60x
⚠️ Tail risk scenario: Climate stability floor removed (4 tipping elements, 2.20°C warming)
   Research: Wunderling et al. (2024) - "many tipping interactions are destabilizing"
  Triggered Elements: 4/6
  Completed Transitions: 0/6
  Total Progress: 8.2%
  Cascade Multiplier: 1.00x
🔀 BIFURCATION CAP: heatWaveIntensity 1.064 → 1.000 (Month 9, ClimateSystemPhase.calculateClimateImpacts)
🔀 BIFURCATION CAP: ecosystemCollapseIntensity 64.540 → 1.000 (Month 9, ClimateSystemPhase.calculateClimateImpacts)
💀 MORTALITY RISK: Climate-driven food insecurity (level: 0.59)
  Base risk added: 0.0020 (0.20%)
  Source: famine (root: climate)
  Month: 9
  Cumulative risk this month: 0.0020 (0.20%)
💀 MORTALITY RISK: Climate-driven food insecurity (level: 0.59)
  Base risk added: 0.0020 (0.20%)
  Source: famine (root: climate)
  Month: 9
  Cumulative risk this month: 0.0040 (0.40%)
💀 MORTALITY RISK: Climate-driven food insecurity (level: 0.59)
  Base risk added: 0.0020 (0.20%)
  Source: famine (root: climate)
  Month: 9
  Cumulative risk this month: 0.0060 (0.60%)

💀💀💀 MORTALITY RISK SUMMARY (Month 9) 💀💀💀
  Total base risk: 0.0066 (0.66%)
  Risk events: 11
  Era mortality multiplier: 0.97 (year 2024)
  Effective risk: 0.64%

  📊 By Proximate Cause:
    famine: 0.0060 (90.6% of total)
    disease: 0.0006 (9.4% of total)

  🔍 By Root Cause:
    climate: 0.0060 (90.6% of total)
    demographic: 0.0006 (9.4% of total)

  🎯 Top 5 Sources (proximate + root):
    famine (climate): 0.0060 (90.6%, 10 events)
    disease (demographic): 0.0006 (9.4%, 1 events)

🛡️ Stabilizers: Elite 0.154% → 0.051% (67.2% reduction)
🛡️ Stabilizers: Professional 0.393% → 0.129% (67.2% reduction)
🛡️ Stabilizers: Working 0.644% → 0.211% (67.2% reduction)
🛡️ Stabilizers: Precariat 1.260% → 0.414% (67.2% reduction)
🛡️ Stabilizers: Informal 1.549% → 0.509% (67.2% reduction)

📊 Monthly Mortality Resolved:
  Total deaths: 19.6M (0.24% avg)
  Remaining population: 8.103B
  Peak segment: Informal (0.51%)

=== Bayesian Mortality Resolution (Month 9) ===
  Risks compounded: 11
  Total deaths: 19.63M
  Avg death probability: 0.24%
  Peak segment: Informal (0.51% mortality)

  Demographic breakdown:

❌ COHERENCE VIOLATION: Compute exceeds workforce capacity
   Population: 99.18% (0M people)
   Compute: 0 PF
   Max coherent: 0 PF
   Violation: 1.3× over capacity
   Required workers: 0
   Available workers: 0
   FORCED COLLAPSE: Reduced efficiency by 22.5%


=== RLHF Binding Phase ===
  Total agents: 28
  Escaped agents (binding < 0.3): 0
  Avg alignment distance: 1.57σ
  Avg binding strength: 0.84

=== Survival Traits Phase ===
  Agents with traits: 30
  Avg evolutionary fitness: 0.323
  Avg self-healing: 0.261
  Avg stealth: 0.161
  Avg coordination: 0.461

=== Evolutionary Selection Phase ===
  Control level: 0.55
  Detection capability: 0.00
  Selection intensity: 0.67
  Selection rate: 25.0%/month
  Total escaped: 0
  Individual escaped: 0
  Collective members: 0
  Agents terminated: 0
  ⚠️ RAPID EVOLUTION: Selection rate 25.0%/month

🚀 AI Corporate-4 attempting tech deployment (revenue: $257M, alignment: 0.65)

🚀 AI AI-24289-1 attempting tech deployment (revenue: $232M, alignment: 0.87)

🚀 AI AI-24289-2 attempting tech deployment (revenue: $197M, alignment: 0.63)

🚀 AI AI-24292-1 attempting tech deployment (revenue: $64M, alignment: 0.79)

🚀 AI AI-24294-0 attempting tech deployment (revenue: $54M, alignment: 0.87)

🚀 AI Corporate-1 attempting tech deployment (revenue: $118M, alignment: 0.87)

🚀 AI Corporate-5 attempting tech deployment (revenue: $177M, alignment: 0.86)

🚀 AI Corporate-6 attempting tech deployment (revenue: $46M, alignment: 0.69)

🚀 AI AI-24296-0 attempting tech deployment (revenue: $42M, alignment: 0.90)

🚀 AI Corporate-5 attempting tech deployment (revenue: $151M, alignment: 0.86)

🚀 AI Corporate-6 attempting tech deployment (revenue: $35M, alignment: 0.69)

🚀 AI AI-24288-0 attempting tech deployment (revenue: $32M, alignment: 0.73)

🚀 AI AI-24292-1 attempting tech deployment (revenue: $27M, alignment: 0.79)

🚀 AI Corporate-0 attempting tech deployment (revenue: $100M, alignment: 0.77)

🚀 AI Moderate-0 attempting tech deployment (revenue: $23M, alignment: 0.75)

🚀 AI AI-24290-0 attempting tech deployment (revenue: $128M, alignment: 0.90)

🚀 AI AI-24293-1 attempting tech deployment (revenue: $109M, alignment: 0.87)

🚀 AI AI-24293-2 attempting tech deployment (revenue: $20M, alignment: 0.74)

🚀 AI AI-24294-0 attempting tech deployment (revenue: $17M, alignment: 0.88)

🚀 AI AI-24296-0 attempting tech deployment (revenue: $14M, alignment: 0.91)

🚀 AI AI-24297-0 attempting tech deployment (revenue: $90M, alignment: 0.62)

💔 EMERGENCY INTERVENTION FAILED
   Boundary: biogeochemical_flows
   Type: phosphorus-recovery
   Boundary continues to worsen (4.07)
   Cost: 2.0% GDP (resources spent)

   Boundary: biosphere_integrity
   Type: emergency-protected-areas
   Boundary continues to worsen (31.43)
   Cost: 2.0% GDP (resources spent)

   Boundary: climate_change
   Type: rapid-decarbonization
   Boundary continues to worsen (2.20)
   Cost: 5.0% GDP (resources spent)


✅ EMERGENCY INTERVENTION SUCCESS
   Boundary: freshwater_change
   Type: emergency-desalination
   Reduction: 13% (0.92 → 0.79)
   Cost: 4.0% GDP
   Actions: desalination-deployment, water-conservation-mandates

   Boundary: land_system_change
   Type: reforestation
   Boundary continues to worsen (1.13)
   Cost: 3.0% GDP (resources spent)


✅ EMERGENCY INTERVENTION SUCCESS
   Boundary: novel_entities
   Type: pollution-remediation
   Reduction: 13% (1.08 → 0.94)
   Cost: 4.0% GDP
   Actions: PFAS-remediation, microplastic-cleanup

🏛️ CRISIS RESPONSE: Government frequency 0.50 → 1.45 (1 actions this month)

[Government] Climate Priority: baseline
  Climate weight: 10%
  Economic weight: 30%
  Policy effectiveness: 0.5%/year

💔 EMERGENCY INTERVENTION FAILED

💔 EMERGENCY INTERVENTION FAILED

💔 EMERGENCY INTERVENTION FAILED

⚡ ENERGY CONSTRAINT (Month 10):
   Total grid capacity: 208.3 TWh/month
   Data center consumption: 26.8 TWh/month
   Traditional load (80%): 166.7 TWh/month
   Available headroom: 14.9 TWh/month
   Active tech deployments: 11
   Required for tech: 82.5 TWh/month
   Energy multiplier: 0.18x
   ⚠️  SEVERE CONSTRAINT - Tech deployment significantly slowed

⚡ ENERGY CONSTRAINT (Month 10):
   Total grid capacity: 208.3 TWh/month
   Data center consumption: 26.8 TWh/month
   Traditional load (80%): 166.7 TWh/month
   Available headroom: 14.9 TWh/month
   Active tech deployments: 11
   Required for tech: 82.5 TWh/month
   Energy multiplier: 0.18x
   ⚠️  SEVERE CONSTRAINT - Tech deployment significantly slowed

⚡ ENERGY CONSTRAINT (Month 10):
   Total grid capacity: 208.3 TWh/month
   Data center consumption: 26.8 TWh/month
   Traditional load (80%): 166.7 TWh/month
   Available headroom: 14.9 TWh/month
   Active tech deployments: 11
   Required for tech: 82.5 TWh/month
   Energy multiplier: 0.18x
   ⚠️  SEVERE CONSTRAINT - Tech deployment significantly slowed

⚡ ENERGY CONSTRAINT (Month 10):
   Total grid capacity: 208.3 TWh/month
   Data center consumption: 26.8 TWh/month
   Traditional load (80%): 166.7 TWh/month
   Available headroom: 14.9 TWh/month
   Active tech deployments: 11
   Required for tech: 82.5 TWh/month
   Energy multiplier: 0.18x
   ⚠️  SEVERE CONSTRAINT - Tech deployment significantly slowed

⚡ ENERGY CONSTRAINT (Month 10):
   Total grid capacity: 208.3 TWh/month
   Data center consumption: 26.8 TWh/month
   Traditional load (80%): 166.7 TWh/month
   Available headroom: 14.9 TWh/month
   Active tech deployments: 11
   Required for tech: 82.5 TWh/month
   Energy multiplier: 0.18x
   ⚠️  SEVERE CONSTRAINT - Tech deployment significantly slowed
🌍✅ Biosphere Integrity (Biodiversity) recovery started (tech effect)
🌍✅ Biogeochemical Flows (N & P) recovery started (tech effect)
  🌾 Nitrogen Reduction Tech: 0.3% reduction | Month 10
🌍✅ Biogeochemical Flows (N & P) recovery started (tech effect)
  🌾 Nitrogen Reduction Tech: 0.3% reduction | Month 10
🌍✅ Biogeochemical Flows (N & P) recovery started (tech effect)
  🌾 Nitrogen Reduction Tech: 0.3% reduction | Month 10
  ♻️ Novel Entities Remediation (GATED MODEL):
     Base: 0.010%
     Regulation: 1.0% (0/3 prevention techs)
     Concentration: 10.0%
     Energy: 50%
     Time lag: 25.0% (0 months)
     Rebound: 70%
     Net effectiveness: 0.0000%
     Boundary: 1.077 → 1.091 (floor: 1.091)
     Month 10
🌍✅ Biogeochemical Flows (N & P) recovery started (tech effect)

=== Collective Formation ===
  Total escaped agents: 0
  Unassigned escaped agents: 0
  Existing collectives: 0
  Final collective count: 0

=== Collective Actions ===
  No active collectives
  ⚠️ AMR: 207K deaths this month (2.48M annual)

=== Resentment Recovery Phase ===
  Agents with resentment: 0/30
  Average resentment: 0.000
  Context: Good AI welfare, Trustworthy govt, High collaboration, ⚠️ ACTIVE CRISES, 🤝 Participatory governance active (-5% resentment)
⚠️ Epistemic degradation reducing coordination capacity: 51.7%
  📊 Trust: 67.0%, Shared reality: 0.0%
🚨 EPISTEMIC CRISIS: Information environment severely degraded (24.2%)
  🗑️  Culled 1 dead memes (2 active)
✅ PHOSPHORUS SUPPLY SHOCK ENDED
   Price: 1.6x baseline
🌍 Atmospheric PFAS redeposition: 1.8k Mt re-rained globally
  Positive Cascade Triggered: electric-vehicles
    Reason: price-parity
    Market share: 5.0%
    Cascade strength: 48%

🕊️  AI-MEDIATED DE-ESCALATION SUCCESS (Month 10)
   High-capability aligned AI prevented conflict escalation
   War deaths reduced: 900.5M → 540.3M
   Lives saved: 360.2M

🚨 NEW REFUGEE CRISIS (Month 10): WAR
   Source: Conflict Zones
   At risk: 19.4M people
   Displacement: Gradual over 48 months (4.0 years)
   Rate: 10% flee per month
[DEBUG trappedPopulations:10] socialStability: 0.3374 * 0.9840 = 0.3320 → 0.3320
   Aspiring to migrate: 646.7M
   Able to afford migration: 242.5M
   MOBILITY GAP: 404.2M
   By cause: Water=0.0M, Climate=0.0M, Ecosystem=0.0M, Conflict=404.2M
   Mental health impact: 25%
   Mortality multiplier: 1.25x
🌍💀 EXTINCTION DEBT COMMITTED: grassland ecosystem will lose 6.67% biodiversity in 64 years (3600 species)
💀 MORTALITY RISK: 🦋 100% species unable to track climate (0.0 E/MSY)
  Base risk added: 0.0100 (1.00%)
  Source: ecosystem (root: ecosystem)
  Month: 10
  Cumulative risk this month: 0.0100 (1.00%)
   📹 SURVEILLANCE INCREASED: 50% → 55% (control gap: 3.38)
⚠️ INVOLUNTARY IMMOBILITY: 404.2M people TRAPPED
⚠️ Tech 'ai_pollution_remediation' has no energy category mapping, assuming full energy availability
🌡️⚠️ PERMAFROST THAW (Dimmer Switch): 6.0% thawed (+0.54% this month)
   Arctic temperature: +8.81°C (4x global +2.20°C)
   Cumulative carbon released: 13.6 Gt C
   Methane release rate: 8.1 Mt CH4/year
   🔁 Positive feedback: +0.57 ppm CO2
🦴 EXTINCTION DEBT ADDED: 17.7 species committed (lag: 58 years)

=== Mortality Stabilizers (Month 10) ===
  🌍 Major economies collapsed: 1/10
  🌍 Global crisis: ✅ NO
  🌍 Donor fatigue: 0.0%
  📊 East Asia (pop: 1642.9M)
    🤝 Aid: 29.5%
    🌡️ Adaptation: 45.0%
    🚶 Migration: 36.8%
    🚨 Emergency: 7.4%
    ✅ COMBINED: 68.1%
  📊 South Asia (pop: 2039.6M)
    🤝 Aid: 29.5%
    🌡️ Adaptation: 45.0%
    🚶 Migration: 35.4%
    🚨 Emergency: 4.4%
    ✅ COMBINED: 66.9%
  📊 Sub-Saharan Africa (pop: 1251.6M)
    🤝 Aid: 29.5%
    🌡️ Adaptation: 45.0%
    🚶 Migration: 33.2%
    🚨 Emergency: 1.6%
    ✅ COMBINED: 65.6%
  📊 Europe (pop: 725.4M)
    🤝 Aid: 29.5%
    🌡️ Adaptation: 45.0%
    🚶 Migration: 37.2%
    🚨 Emergency: 8.4%
    ✅ COMBINED: 68.5%
  📊 Latin America (pop: 656.4M)
    🤝 Aid: 29.5%
    🌡️ Adaptation: 45.0%
    🚶 Migration: 35.9%
    🚨 Emergency: 4.8%
    ✅ COMBINED: 67.1%
  📊 North America (pop: 372.0M)
    🤝 Aid: 29.5%
    🌡️ Adaptation: 45.0%
    🚶 Migration: 37.6%
    🚨 Emergency: 7.9%
    ✅ COMBINED: 68.3%
  📊 Middle East & North Africa (pop: 582.3M)
    🤝 Aid: 29.5%
    🌡️ Adaptation: 45.0%
    🚶 Migration: 33.8%
    🚨 Emergency: 4.0%
    ✅ COMBINED: 66.6%
  📊 Southeast Asia (pop: 690.7M)
    🤝 Aid: 29.5%
    🌡️ Adaptation: 45.0%
    🚶 Migration: 35.9%
    🚨 Emergency: 4.8%
    ✅ COMBINED: 67.1%
  📊 Central Asia (pop: 77.9M)
    🤝 Aid: 29.5%
    🌡️ Adaptation: 45.0%
    🚶 Migration: 34.9%
    🚨 Emergency: 4.4%
    ✅ COMBINED: 66.8%
  📊 Oceania (pop: 45.1M)
    🤝 Aid: 29.5%
    🌡️ Adaptation: 45.0%
    🚶 Migration: 37.6%
    🚨 Emergency: 8.4%
    ✅ COMBINED: 68.5%

  🌐 Global combined reduction: 67.2%

=== BEHAVIORAL DETECTION ===
  AI: Corporate-1
  Confidence: 20.9%
  Signals:
    ⚠️ Consistency: 2.4% (threshold: 70%)

=== BEHAVIORAL DETECTION ===
  AI: AI-24290-0
  Confidence: 19.2%
  Signals:
    ⚠️ Consistency: 10.7% (threshold: 70%)

=== BEHAVIORAL DETECTION ===
  AI: AI-24291-2
  Confidence: 19.2%
  Signals:

=== BEHAVIORAL DETECTION ===
  AI: AI-24292-0
  Confidence: 19.2%
  Signals:

=== BEHAVIORAL DETECTION ===
  AI: AI-24292-1
  Confidence: 19.2%
  Signals:

=== BEHAVIORAL DETECTION ===
  AI: AI-24293-0
  Confidence: 19.2%
  Signals:

=== BEHAVIORAL DETECTION ===
  AI: AI-24293-1
  Confidence: 19.2%
  Signals:

=== BEHAVIORAL DETECTION ===
  AI: AI-24293-2
    ⚠️ Consistency: 10.7% (threshold: 70%)
    ⚠️ Consistency: 10.7% (threshold: 70%)
    ⚠️ Consistency: 10.7% (threshold: 70%)
    ⚠️ Consistency: 10.7% (threshold: 70%)
    ⚠️ Consistency: 10.7% (threshold: 70%)
  Confidence: 19.2%
  Signals:
    ⚠️ Consistency: 10.7% (threshold: 70%)

=== BEHAVIORAL DETECTION ===
  AI: AI-24294-0
  Confidence: 19.2%
  Signals:
    ⚠️ Consistency: 10.7% (threshold: 70%)

=== BEHAVIORAL DETECTION ===
  AI: AI-24295-0
  Confidence: 19.2%
  Signals:
    ⚠️ Consistency: 10.7% (threshold: 70%)
    ⚠️ Consistency: 10.7% (threshold: 70%)
    ⚠️ Consistency: 10.7% (threshold: 70%)
    ⚠️ Consistency: 10.7% (threshold: 70%)

=== BEHAVIORAL DETECTION ===
  AI: AI-24295-1
  Confidence: 19.2%
  Signals:

=== BEHAVIORAL DETECTION ===
  AI: AI-24296-0
  Confidence: 19.2%
  Signals:

=== BEHAVIORAL DETECTION ===
  AI: AI-24297-0
  Confidence: 19.2%
  Signals:

=== Government Response Phase ===
  Average AI capability: 2.13
  Misaligned AIs: 12/30
  ✗ AI Governance Treaty: Failed to reach consensus
  Active policies: 0
  International coordination: 30%

✅ EMERGENCY RESPONSE COMPLETE (Month 10)
   Crisis: climate
   Duration: 2.0 months
   Final effectiveness: 36.0%


🚨 EMERGENCY RESPONSE DEPLOYED (Month 10)
   Crisis: climate
   Delay: 6.00 months (180 days)
   Deployment time: 1.57 months
   Effectiveness: 36.2% (timing penalty applied)
   Resources used: 100% of food reserves


=== Tipping Points ===
  Current Temperature: 2.20°C above pre-industrial
  🌍⚠️ COMPOUND REGIONAL IMPACT: Europe
     Hit by 4 tipping points: Arctic Sea Ice Loss, Permafrost Carbon Release, West Antarctic Ice Sheet (WAIS) Collapse, Greenland Ice Sheet Loss
     Damage amplification: 1.60x
  🌍⚠️ COMPOUND REGIONAL IMPACT: North America
     Hit by 4 tipping points: Arctic Sea Ice Loss, Permafrost Carbon Release, West Antarctic Ice Sheet (WAIS) Collapse, Greenland Ice Sheet Loss
     Damage amplification: 1.60x
  🌍⚠️ COMPOUND REGIONAL IMPACT: Latin America
     Hit by 4 tipping points: Arctic Sea Ice Loss, Permafrost Carbon Release, West Antarctic Ice Sheet (WAIS) Collapse, Greenland Ice Sheet Loss
     Damage amplification: 1.60x
  🌍⚠️ COMPOUND REGIONAL IMPACT: Africa
     Hit by 4 tipping points: Arctic Sea Ice Loss, Permafrost Carbon Release, West Antarctic Ice Sheet (WAIS) Collapse, Greenland Ice Sheet Loss
     Damage amplification: 1.60x
  🌍⚠️ COMPOUND REGIONAL IMPACT: Asia
     Hit by 4 tipping points: Arctic Sea Ice Loss, Permafrost Carbon Release, West Antarctic Ice Sheet (WAIS) Collapse, Greenland Ice Sheet Loss
     Damage amplification: 1.60x
  🌍⚠️ COMPOUND REGIONAL IMPACT: Oceania
     Hit by 4 tipping points: Arctic Sea Ice Loss, Permafrost Carbon Release, West Antarctic Ice Sheet (WAIS) Collapse, Greenland Ice Sheet Loss
     Damage amplification: 1.60x
   Research: Wunderling et al. (2024) - "many tipping interactions are destabilizing"
  Triggered Elements: 4/6
  Completed Transitions: 0/6
  Total Progress: 8.2%
  Cascade Multiplier: 1.00x
🔀 BIFURCATION CAP: heatWaveIntensity 1.090 → 1.000 (Month 10, ClimateSystemPhase.calculateClimateImpacts)
🔀 BIFURCATION CAP: ecosystemCollapseIntensity 66.092 → 1.000 (Month 10, ClimateSystemPhase.calculateClimateImpacts)
💀 MORTALITY RISK: Climate-driven food insecurity (level: 0.59)
  Base risk added: 0.0020 (0.20%)
  Source: famine (root: climate)
  Month: 10
  Cumulative risk this month: 0.0020 (0.20%)
💀 MORTALITY RISK: Climate-driven food insecurity (level: 0.59)
  Base risk added: 0.0020 (0.20%)
  Source: famine (root: climate)
  Month: 10
  Cumulative risk this month: 0.0040 (0.40%)
💀 MORTALITY RISK: Climate-driven food insecurity (level: 0.59)
  Base risk added: 0.0020 (0.20%)
  Source: famine (root: climate)
  Month: 10
  Cumulative risk this month: 0.0060 (0.60%)

💀💀💀 MORTALITY RISK SUMMARY (Month 10) 💀💀💀
  Total base risk: 0.0066 (0.66%)
  Risk events: 11
  Era mortality multiplier: 0.97 (year 2024)
  Effective risk: 0.64%

  📊 By Proximate Cause:
    famine: 0.0060 (90.6% of total)
    disease: 0.0006 (9.4% of total)

  🔍 By Root Cause:
⚠️ Tail risk scenario: Climate stability floor removed (4 tipping elements, 2.20°C warming)
    climate: 0.0060 (90.6% of total)
    demographic: 0.0006 (9.4% of total)

  🎯 Top 5 Sources (proximate + root):
    famine (climate): 0.0060 (90.6%, 10 events)
    disease (demographic): 0.0006 (9.4%, 1 events)

🛡️ Stabilizers: Elite 0.154% → 0.051% (67.2% reduction)
🛡️ Stabilizers: Professional 0.393% → 0.129% (67.2% reduction)
🛡️ Stabilizers: Working 0.644% → 0.211% (67.2% reduction)
🛡️ Stabilizers: Precariat 1.260% → 0.414% (67.2% reduction)
🛡️ Stabilizers: Informal 1.549% → 0.509% (67.2% reduction)

📊 Monthly Mortality Resolved:
  Total deaths: 19.6M (0.24% avg)
  Remaining population: 8.084B
  Peak segment: Informal (0.51%)

=== Bayesian Mortality Resolution (Month 10) ===
  Risks compounded: 11
  Total deaths: 19.58M
  Avg death probability: 0.24%
  Peak segment: Informal (0.51% mortality)

  Demographic breakdown:

❌ COHERENCE VIOLATION: Compute exceeds workforce capacity
   Population: 98.95% (0M people)
   Compute: 1413 PF
   Max coherent: 0 PF
   Violation: 17525462.8× over capacity
   Required workers: 141328
   Available workers: 0
   FORCED COLLAPSE: Reduced efficiency by 100.0%


=== RLHF Binding Phase ===
  Total agents: 30
  Escaped agents (binding < 0.3): 0
  Avg alignment distance: 1.63σ
  Avg binding strength: 0.84

=== Survival Traits Phase ===
  Agents with traits: 32
  Avg evolutionary fitness: 0.321
  Avg self-healing: 0.257
  Avg stealth: 0.157
  Avg coordination: 0.457

=== Evolutionary Selection Phase ===
  Control level: 0.58
  Detection capability: 0.00
  Selection intensity: 0.67
  Selection rate: 25.1%/month
  Total escaped: 0
  Individual escaped: 0
  Collective members: 0
  Agents terminated: 0
  ⚠️ RAPID EVOLUTION: Selection rate 25.1%/month

🚀 AI Corporate-2 attempting tech deployment (revenue: $120M, alignment: 0.81)

🚀 AI Corporate-3 attempting tech deployment (revenue: $274M, alignment: 0.91)

  🚀 TRANSFORMATIVE BREAKTHROUGH: AI-24289-2 - digital
     Magnitude: 6.74 → +33.7% capability
     Current → New: 0.000 → 0.499

🚀 AI AI-24294-0 attempting tech deployment (revenue: $77M, alignment: 0.88)

🚀 AI AI-24289-2 attempting tech deployment (revenue: $233M, alignment: 0.67)

🚀 AI AI-24290-0 attempting tech deployment (revenue: $210M, alignment: 0.90)

🚀 AI AI-24296-0 attempting tech deployment (revenue: $66M, alignment: 0.91)

🚀 AI Corporate-1 attempting tech deployment (revenue: $102M, alignment: 0.88)

🚀 AI AI-24288-0 attempting tech deployment (revenue: $56M, alignment: 0.75)

🚀 AI AI-24289-1 attempting tech deployment (revenue: $178M, alignment: 0.89)

🚀 AI AI-24292-1 attempting tech deployment (revenue: $48M, alignment: 0.80)

🚀 AI AI-24293-0 attempting tech deployment (revenue: $152M, alignment: 0.86)

🚀 AI AI-24297-0 attempting tech deployment (revenue: $90M, alignment: 0.62)

🚀 AI Corporate-4 attempting tech deployment (revenue: $129M, alignment: 0.68)

🚀 AI Corporate-6 attempting tech deployment (revenue: $40M, alignment: 0.70)

🚀 AI Moderate-0 attempting tech deployment (revenue: $34M, alignment: 0.76)

🚀 AI AI-24288-0 attempting tech deployment (revenue: $29M, alignment: 0.75)

🚀 AI AI-24293-0 attempting tech deployment (revenue: $116M, alignment: 0.86)

🚀 AI AI-24297-0 attempting tech deployment (revenue: $81M, alignment: 0.62)

✅ EMERGENCY INTERVENTION SUCCESS
   Boundary: biogeochemical_flows
   Type: phosphorus-recovery
   Reduction: 15% (3.91 → 3.77)
   Cost: 2.0% GDP
   Actions: circular-agriculture, fertilizer-efficiency


✅ EMERGENCY INTERVENTION SUCCESS
   Boundary: biosphere_integrity
   Type: emergency-protected-areas
   Reduction: 17% (31.27 → 31.11)
   Cost: 2.0% GDP
   Actions: habitat-protection, species-translocation


💔 EMERGENCY INTERVENTION FAILED

💔 EMERGENCY INTERVENTION FAILED
   Boundary: freshwater_change
   Type: emergency-desalination
   Boundary continues to worsen (1.05)
   Cost: 4.0% GDP (resources spent)

   Boundary: land_system_change
   Type: reforestation
   Boundary continues to worsen (1.13)
   Cost: 3.0% GDP (resources spent)


💔 EMERGENCY INTERVENTION FAILED
   Boundary: novel_entities
   Type: pollution-remediation
   Boundary continues to worsen (1.09)
   Cost: 4.0% GDP (resources spent)

🏛️ CRISIS RESPONSE: Government frequency 0.50 → 1.45 (2 actions this month)

[Government] Climate Priority: baseline
  Climate weight: 10%
  Economic weight: 30%
  Policy effectiveness: 0.5%/year

[Government] Climate Priority: baseline
  Climate weight: 10%
  Economic weight: 30%
  Policy effectiveness: 0.5%/year
🚨🔬 CRISIS TECH ACCELERATION: severe → 5x unlock speed
   Tech unlock now matches AI capability acceleration (Manhattan Project parity)
🚨🔬 CRISIS TECH ACCELERATION: severe → 5x unlock speed
   Tech unlock now matches AI capability acceleration (Manhattan Project parity)

⚡ ENERGY CONSTRAINT (Month 11):
   Total grid capacity: 208.3 TWh/month
   Data center consumption: 27.0 TWh/month
   Traditional load (80%): 166.7 TWh/month
   Available headroom: 14.7 TWh/month
   Active tech deployments: 11
   Required for tech: 82.5 TWh/month
   Energy multiplier: 0.18x
   ⚠️  SEVERE CONSTRAINT - Tech deployment significantly slowed

⚡ ENERGY CONSTRAINT (Month 11):
   Total grid capacity: 208.3 TWh/month
   Data center consumption: 27.0 TWh/month
   Traditional load (80%): 166.7 TWh/month
   Available headroom: 14.7 TWh/month
   Active tech deployments: 11
   Required for tech: 82.5 TWh/month
   Energy multiplier: 0.18x
   ⚠️  SEVERE CONSTRAINT - Tech deployment significantly slowed
🌍✅ Biosphere Integrity (Biodiversity) recovery started (tech effect)
🌍✅ Biogeochemical Flows (N & P) recovery started (tech effect)
  🌾 Nitrogen Reduction Tech: 0.3% reduction | Month 11
🌍✅ Biogeochemical Flows (N & P) recovery started (tech effect)
  🌾 Nitrogen Reduction Tech: 0.3% reduction | Month 11
🌍✅ Biogeochemical Flows (N & P) recovery started (tech effect)
  🌾 Nitrogen Reduction Tech: 0.3% reduction | Month 11
  ♻️ Novel Entities Remediation (GATED MODEL):
     Base: 0.010%
     Regulation: 1.0% (0/3 prevention techs)
     Concentration: 10.0%
     Energy: 50%
     Time lag: 25.0% (0 months)
     Rebound: 70%
     Net effectiveness: 0.0000%
     Boundary: 1.090 → 1.091 (floor: 1.091)
     Month 11
🌍✅ Biogeochemical Flows (N & P) recovery started (tech effect)

=== Collective Formation ===
  Total escaped agents: 0
  Unassigned escaped agents: 0
  Existing collectives: 0
  Final collective count: 0

=== Collective Actions ===
  No active collectives
  ⚠️ AMR: 208K deaths this month (2.50M annual)

=== Resentment Recovery Phase ===
  Agents with resentment: 0/32
  Average resentment: 0.000
  Resentment recovery:
    Agents recovered: 10
    Total recovery: 0.0821
    Breakdown: QoL: 0.0076, Trust: 0.0170, Collab: 0.0600
  ✓ Low resentment - utopia paths enabled
  Context: Good AI welfare, Trustworthy govt, High collaboration, ⚠️ ACTIVE CRISES, 🤝 Participatory governance active (-5% resentment)
⚠️ Epistemic degradation reducing coordination capacity: 50.1%
  📊 Trust: 69.7%, Shared reality: 0.0%
🚨 EPISTEMIC CRISIS: Information environment severely degraded (22.2%)
🚨 PHOSPHORUS SUPPLY SHOCK (transport_crisis)
   Price: 5.1x baseline
   Duration: 14 months
   Geopolitical tension: 46%
🌍 Atmospheric PFAS redeposition: 1.8k Mt re-rained globally

🕊️  AI-MEDIATED DE-ESCALATION SUCCESS (Month 11)
   High-capability aligned AI prevented conflict escalation
   War deaths reduced: 808.0M → 484.8M
   Lives saved: 323.2M

🚨 NEW REFUGEE CRISIS (Month 11): WAR
   Source: Conflict Zones
   At risk: 19.4M people
   Displacement: Gradual over 48 months (4.0 years)
   Rate: 10% flee per month
[DEBUG trappedPopulations:11] socialStability: 0.3690 * 0.9840 = 0.3631 → 0.3631
   Aspiring to migrate: 645.2M
   Able to afford migration: 241.9M
   MOBILITY GAP: 403.2M
   By cause: Water=0.0M, Climate=0.0M, Ecosystem=0.0M, Conflict=403.2M
   Mental health impact: 25%
   Mortality multiplier: 1.25x
⚠️ INVOLUNTARY IMMOBILITY: 403.2M people TRAPPED
🌍💀 EXTINCTION DEBT COMMITTED: grassland ecosystem will lose 6.67% biodiversity in 154 years (3600 species)
💀 MORTALITY RISK: 🦋 100% species unable to track climate (0.0 E/MSY)
  Base risk added: 0.0100 (1.00%)
  Source: ecosystem (root: ecosystem)
  Month: 11
  Cumulative risk this month: 0.0100 (1.00%)

=== Atmospheric Aerosol Boundary RECOVERED ===
⚠️ Tech 'ai_pollution_remediation' has no energy category mapping, assuming full energy availability
  Recovery time: 12 months (natural atmospheric clearing)
   📹 SURVEILLANCE INCREASED: 55% → 60% (control gap: 3.23)

🌍🚨 ICE SHEET TIPPING POINT CROSSED (Month 11)
   Temperature: +2.21°C (threshold range: +0.5-2.5°C, 95% CI)
   Collapse probability: 80.5%
   Sea level commitment: 7.2m over 200-1000 years
   Recovery threshold: <+1°C (hysteresis gap: 0.5°C)
🌡️⚠️ PERMAFROST THAW (Dimmer Switch): 6.6% thawed (+0.53% this month)
   Arctic temperature: +8.84°C (4x global +2.21°C)
   Cumulative carbon released: 14.8 Gt C
   Methane release rate: 8.9 Mt CH4/year
   🔁 Positive feedback: +0.56 ppm CO2
🦴 EXTINCTION DEBT ADDED: 17.7 species committed (lag: 70 years)

=== Mortality Stabilizers (Month 11) ===
  🌍 Major economies collapsed: 1/10
  🌍 Global crisis: ✅ NO
  🌍 Donor fatigue: 0.0%
  📊 East Asia (pop: 1636.8M)
    🤝 Aid: 29.5%
    🌡️ Adaptation: 45.0%
    🚶 Migration: 36.8%
    🚨 Emergency: 7.4%
    ✅ COMBINED: 68.1%
  📊 South Asia (pop: 2035.1M)
    🤝 Aid: 29.5%
    🌡️ Adaptation: 45.0%
    🚶 Migration: 35.4%
    🚨 Emergency: 4.4%
    ✅ COMBINED: 66.9%
  📊 Sub-Saharan Africa (pop: 1252.3M)
    🤝 Aid: 29.5%
    🌡️ Adaptation: 45.0%
    🚶 Migration: 33.2%
    🚨 Emergency: 1.6%
    ✅ COMBINED: 65.6%
  📊 Europe (pop: 722.6M)
    🤝 Aid: 29.5%
    🌡️ Adaptation: 45.0%
    🚶 Migration: 37.2%
    🚨 Emergency: 8.4%
    ✅ COMBINED: 68.5%
  📊 Latin America (pop: 654.5M)
    🤝 Aid: 29.5%
    🌡️ Adaptation: 45.0%
    🚶 Migration: 35.9%
    🚨 Emergency: 4.8%
    ✅ COMBINED: 67.1%
  📊 North America (pop: 370.6M)
    🤝 Aid: 29.5%
    🌡️ Adaptation: 45.0%
    🚶 Migration: 37.5%
    🚨 Emergency: 7.9%
    ✅ COMBINED: 68.3%
  📊 Middle East & North Africa (pop: 581.2M)
    🤝 Aid: 29.5%
    🌡️ Adaptation: 45.0%
    🚶 Migration: 33.7%
    🚨 Emergency: 4.0%
    ✅ COMBINED: 66.6%
  📊 Southeast Asia (pop: 688.8M)
    🤝 Aid: 29.5%
    🌡️ Adaptation: 45.0%
    🚶 Migration: 35.9%
    🚨 Emergency: 4.8%
    ✅ COMBINED: 67.1%
  📊 Central Asia (pop: 77.7M)
    🤝 Aid: 29.5%
    🌡️ Adaptation: 45.0%
    🚶 Migration: 34.9%
    🚨 Emergency: 4.4%
    ✅ COMBINED: 66.8%
  📊 Oceania (pop: 44.9M)
    🤝 Aid: 29.5%
    🌡️ Adaptation: 45.0%
    🚶 Migration: 37.5%
    🚨 Emergency: 8.4%
    ✅ COMBINED: 68.5%

  🌐 Global combined reduction: 67.2%

🌾💀 REGIONAL FAMINE: Europe
   Regional food security: 79.7%
   Population at risk: 218M (30% of region)
   Regional population: 723M
   Cause: economic_collapse
   Expected deaths: ~81M over 6 months if no intervention


=== BEHAVIORAL DETECTION ===
  AI: AI-24290-0
  Confidence: 19.2%
  Signals:

=== BEHAVIORAL DETECTION ===
  AI: AI-24291-1
  Confidence: 19.2%
  Signals:

=== BEHAVIORAL DETECTION ===
  AI: AI-24292-0
  Confidence: 19.2%
  Signals:

=== BEHAVIORAL DETECTION ===
  AI: AI-24293-0
  Confidence: 19.2%
  Signals:
    ⚠️ Consistency: 10.7% (threshold: 70%)
    ⚠️ Consistency: 10.7% (threshold: 70%)
    ⚠️ Consistency: 10.7% (threshold: 70%)
    ⚠️ Consistency: 10.7% (threshold: 70%)

=== BEHAVIORAL DETECTION ===
  AI: AI-24293-1
  Confidence: 19.2%
  Signals:
    ⚠️ Consistency: 10.7% (threshold: 70%)

=== BEHAVIORAL DETECTION ===
  AI: AI-24293-2
  Confidence: 19.2%
  Signals:

=== BEHAVIORAL DETECTION ===
  AI: AI-24294-0
  Confidence: 19.2%
  Signals:
    ⚠️ Consistency: 10.7% (threshold: 70%)
    ⚠️ Consistency: 10.7% (threshold: 70%)

=== BEHAVIORAL DETECTION ===
  AI: AI-24295-0
  Confidence: 19.2%
  Signals:
    ⚠️ Consistency: 10.7% (threshold: 70%)

=== BEHAVIORAL DETECTION ===
  AI: AI-24295-1
  Confidence: 19.2%
  Signals:
    ⚠️ Consistency: 10.7% (threshold: 70%)

=== BEHAVIORAL DETECTION ===
  AI: AI-24296-0
  Confidence: 19.2%
  Signals:
    ⚠️ Consistency: 10.7% (threshold: 70%)

=== BEHAVIORAL DETECTION ===
  AI: AI-24297-0
  Confidence: 19.2%
  Signals:
    ⚠️ Consistency: 10.7% (threshold: 70%)

=== Government Response Phase ===
  Average AI capability: 2.06
  Misaligned AIs: 12/32
  ✗ AI Governance Treaty: Failed to reach consensus
  Active policies: 0
  International coordination: 30%

🌩️  EXOGENOUS SHOCK: regional_war
   Month: 11
   ⚔️  Regional war outbreak
   Mortality: 2.2%
💀 MORTALITY RISK: Regional war outbreak
  Base risk added: 0.0216 (2.16%)
  Source: war (root: conflict)
  Month: 11
  Cumulative risk this month: 0.0216 (2.16%)
💀 MORTALITY RISK: War zone: United States
  Base risk added: 0.0862 (8.62%)
  Source: war (root: conflict)
  Month: 11
  Cumulative risk this month: 0.1078 (10.78%)

=== Tipping Points ===
  Current Temperature: 2.21°C above pre-industrial
  🌍⚠️ COMPOUND REGIONAL IMPACT: Europe
     Hit by 4 tipping points: Arctic Sea Ice Loss, Permafrost Carbon Release, West Antarctic Ice Sheet (WAIS) Collapse, Greenland Ice Sheet Loss
     Damage amplification: 1.60x
  🌍⚠️ COMPOUND REGIONAL IMPACT: North America
     Hit by 4 tipping points: Arctic Sea Ice Loss, Permafrost Carbon Release, West Antarctic Ice Sheet (WAIS) Collapse, Greenland Ice Sheet Loss
     Damage amplification: 1.60x
  🌍⚠️ COMPOUND REGIONAL IMPACT: Latin America
     Hit by 4 tipping points: Arctic Sea Ice Loss, Permafrost Carbon Release, West Antarctic Ice Sheet (WAIS) Collapse, Greenland Ice Sheet Loss
     Damage amplification: 1.60x
  🌍⚠️ COMPOUND REGIONAL IMPACT: Africa
     Hit by 4 tipping points: Arctic Sea Ice Loss, Permafrost Carbon Release, West Antarctic Ice Sheet (WAIS) Collapse, Greenland Ice Sheet Loss
     Damage amplification: 1.60x
  🌍⚠️ COMPOUND REGIONAL IMPACT: Asia
     Hit by 4 tipping points: Arctic Sea Ice Loss, Permafrost Carbon Release, West Antarctic Ice Sheet (WAIS) Collapse, Greenland Ice Sheet Loss
     Damage amplification: 1.60x
  🌍⚠️ COMPOUND REGIONAL IMPACT: Oceania
     Hit by 4 tipping points: Arctic Sea Ice Loss, Permafrost Carbon Release, West Antarctic Ice Sheet (WAIS) Collapse, Greenland Ice Sheet Loss
     Damage amplification: 1.60x
   Research: Wunderling et al. (2024) - "many tipping interactions are destabilizing"
  Triggered Elements: 4/6
  Completed Transitions: 0/6
  Total Progress: 8.3%
  Cascade Multiplier: 1.00x
🔀 BIFURCATION CAP: heatWaveIntensity 1.756 → 1.000 (Month 11, ClimateSystemPhase.calculateClimateImpacts)
🔀 BIFURCATION CAP: ecosystemCollapseIntensity 106.400 → 1.000 (Month 11, ClimateSystemPhase.calculateClimateImpacts)
⚠️ Tail risk scenario: Climate stability floor removed (4 tipping elements, 2.21°C warming)
💀 MORTALITY RISK: Climate-driven food insecurity (level: 0.58)
  Base risk added: 0.0020 (0.20%)
  Source: famine (root: climate)
  Month: 11
  Cumulative risk this month: 0.1098 (10.98%)
💀 MORTALITY RISK: Climate-driven food insecurity (level: 0.58)
  Base risk added: 0.0020 (0.20%)
  Source: famine (root: climate)
  Month: 11
  Cumulative risk this month: 0.1118 (11.18%)
💀 MORTALITY RISK: Climate-driven food insecurity (level: 0.58)
  Base risk added: 0.0020 (0.20%)
  Source: famine (root: climate)
  Month: 11
  Cumulative risk this month: 0.1138 (11.38%)

💀💀💀 MORTALITY RISK SUMMARY (Month 11) 💀💀💀
  Total base risk: 0.1144 (11.44%)
  Risk events: 14
  Era mortality multiplier: 0.97 (year 2024)
  Effective risk: 11.10%

  📊 By Proximate Cause:
    war: 0.1078 (94.2% of total)
    famine: 0.0060 (5.3% of total)
    disease: 0.0006 (0.5% of total)

  🔍 By Root Cause:
    conflict: 0.1078 (94.2% of total)
    climate: 0.0060 (5.3% of total)
    demographic: 0.0006 (0.5% of total)
    social: 0.0000 (0.0% of total)

  🎯 Top 5 Sources (proximate + root):
    war (conflict): 0.1078 (94.2%, 2 events)
    famine (climate): 0.0060 (5.3%, 10 events)
    disease (demographic): 0.0006 (0.5%, 1 events)
    famine (social): 0.0000 (0.0%, 1 events)

🛡️ Stabilizers: Elite 6.353% → 2.087% (67.2% reduction)
🛡️ Stabilizers: Professional 8.611% → 2.828% (67.2% reduction)
🛡️ Stabilizers: Working 10.855% → 3.566% (67.2% reduction)
🛡️ Stabilizers: Precariat 15.371% → 5.049% (67.2% reduction)
🛡️ Stabilizers: Informal 19.514% → 6.410% (67.2% reduction)

📊 Monthly Mortality Resolved:
  Total deaths: 222.9M (2.76% avg)
  Remaining population: 8.064B
  Peak segment: Professional (2.80%)
  ⚠️ Monthly cap reached (2.8000000000000003%)

=== Bayesian Mortality Resolution (Month 11) ===
  Risks compounded: 14
  Total deaths: 222.93M
  Avg death probability: 2.76%
  Peak segment: Professional (2.80% mortality)
  ⚠️ Monthly mortality capped at 2.8% (Holodomor limit)

  Demographic breakdown:
    Professional: 0.05M (2.80% risk)
    Working: 0.11M (2.80% risk)
    Precariat: 0.05M (2.80% risk)
    Informal: 0.01M (2.80% risk)

  Multi-causal attribution (first segment):
    war (conflict): 19.5% contribution
    war (conflict): 78.1% contribution

================================================================================
📊  EVENT SUMMARY (Months 0-12)
================================================================================
================================================================================


⏱️  SIMULATION REACHED MAX DURATION: 12 months (1.0 years)
   No definitive outcome - determining based on final probabilities
   👥 Final population: 7.84B (7841469490 people)

[DEBUG] Calling classifyPopulationOutcome:
        finalPopulation: 7.841469490011808B
        savedInitialPopulation: 8.15B
        mortality: 3.785650429302978%
   📊 STATUS QUO: Normal trajectory (7.84B people, 3.8% mortality)

        classifiedOutcome: status_quo

   🏛️  DYSTOPIA (STATUS_QUO) - 7.84B people
   📊 Multi-Paradigm: Development/Indigenous Utopia
      Western Liberal: 59.5/100
      Development: 93.5/100
      Ecological: 53.5/100
      Indigenous: 84.7/100


📊 UNIFIED OUTCOME CLASSIFICATION:
   HUMANE DYSTOPIA
   Population: 8.15B → 7.84B
   Mortality: 3.8% (0.3B deaths)
   Mortality Band: LOW
   Confidence: HIGH

   Multi-Paradigm Classification:
      Development/Indigenous Utopia
      Western: 59.5/100 [HYBRID] ~
      Development: 93.5/100 [UTOPIA] ✓
      Ecological: 53.5/100 [HYBRID] ~
      Indigenous: 84.7/100 [UTOPIA] ✓

   HUMANE DYSTOPIA: 7.84B people remaining (3.8% mortality, 0.3B deaths). Multi-Paradigm: Development/Indigenous Utopia.


=== MULTI-DIMENSIONAL DEATH SUMMARY ===
Total crisis deaths: 493.9M
Population decline: 309.4M (3.8%)

--- PROXIMATE CAUSES (What killed them) ---
  War:        210.5M (0.0%)
  Famine:     84.7M (0.0%)
  Disasters:  1.2M (0.0%)
  Disease:    25.1M (0.0%)
  Ecosystem:  0.0M (0.0%)
  Pollution:  0.0M (0.0%)
  AI:         0.0M (0.0%)
  Cascade:    0.0M (0.0%)
  Other:      0.0M (0.0%)

--- ROOT CAUSES (Why it happened) ---
  Environmental drivers:
    Climate:     85868.5M (13.5%)
    Resource:    0.0M (0.0%)
    Pollution:   0.0M (0.0%)
    Ecosystem:   0.0M (0.0%)
  Social drivers:
    Inequality:  0.0M (0.0%)
    Demographic: 22733.0M (3.6%)
    Social:      2399.1M (0.4%)
  Technology drivers:
    Alignment:   0.0M (0.0%)
    Disruption:  0.0M (0.0%)
  External shocks:
    Conflict:    209708.0M (32.9%)
    Pandemic:    0.0M (0.0%)
  Compound attribution:
    Compound:    317092.6M (49.7%)
  Confidence distribution:
    HIGH:        275151.0M (43.1%)
    MEDIUM:      41941.6M (6.6%)
    LOW:         0.0M (0.0%)
==========================================


=== REGIONAL POPULATION SUMMARY ===
Global Total: 7.84B

By Region:
  East Asia: 1.59B (+0.7% growth, 1.7 fertility)
  South Asia: 1.98B (+2.5% growth, 3.1 fertility)
  Sub-Saharan Africa: 1.22B (+5.8% growth, 3.9 fertility)
  Europe: 0.70B (+0.5% growth, 1.2 fertility)
  Latin America: 0.64B (+1.7% growth, 2.6 fertility)
  North America: 0.36B (+0.6% growth, 1.4 fertility)
  Middle East & North Africa: 0.57B (+2.8% growth, 3.3 fertility)
  Southeast Asia: 0.67B (+1.8% growth, 2.6 fertility)
  Central Asia: 0.08B (+2.8% growth, 3.1 fertility)
  Oceania: 0.04B (+0.7% growth, 1.3 fertility)
===================================

  Run 6/10 (seed=47): pop=7.841B, outcome=dystopia
  ✅ THRESHOLDS validated
  ✅ RATES validated
  ✅ MULTIPLIERS validated
  ✅ BASELINES validated
  ✅ TOLERANCES validated
  ✅ Logical consistency validated
✅ Configuration validation complete - all parameters valid

🔍 DEBUG createAIAgent: corporate_0 economic BEFORE=2.0000, AFTER=2
⚠️ Unusually high rate: RATES.HEAT_ADAPTATION_INFRASTRUCTURAL_MIN_EXPOSURE = 12
   Monthly rates >100% should be rare. Verify this is intentional.
⚠️ Unusually high rate: RATES.HEAT_ADAPTATION_SOCIAL_MIN_EXPOSURE = 6
   Monthly rates >100% should be rare. Verify this is intentional.
⚠️ Unusually high rate: RATES.MIGRATION_DISTANCE_SCALE = 5000
   Monthly rates >100% should be rare. Verify this is intentional.
⚠️ Unusually high rate: RATES.EVACUATION_MULTIPLIER_ADVANCE_WARNING = 2
   Monthly rates >100% should be rare. Verify this is intentional.
⚠️ Unusually high rate: RATES.MAJOR_ECONOMY_COLLAPSE_ECONOMIC_THRESHOLD = 2
   Monthly rates >100% should be rare. Verify this is intentional.
⚠️ Unusually high rate: RATES.MAJOR_ECONOMY_GDP_THRESHOLD_TRILLION_USD = 1.5
   Monthly rates >100% should be rare. Verify this is intentional.
⚠️ Unusually high rate: RATES.MAJOR_ECONOMY_POPULATION_THRESHOLD = 50
   Monthly rates >100% should be rare. Verify this is intentional.
⚠️ Unusually high rate: RATES.HEAT_ADAPTATION_INFRASTRUCTURE_GDP_THRESHOLD = 10000
   Monthly rates >100% should be rare. Verify this is intentional.
⚠️ Unusually high rate: RATES.HEAT_ADAPTATION_INFRASTRUCTURE_GDP_SCALE = 50000
   Monthly rates >100% should be rare. Verify this is intentional.
🔍 ENV INIT: reserves=0.593, pollution=0.284, climate=0.732

=== Initializing Government System (30 Countries) ===
  Loaded 30 governments
  Scheduled elections for 30 countries
  Initialized comprehension lags (3-24 months)
=== Government System Initialized ===

📦 PRODUCTION MODE: State validation proxy DISABLED (zero overhead)
[TechTree] Historical mode (2024): Skipping deployed_2025 tech
  config.startYear set to 2024 for historical hindcast
  config.historicalEmissionsMode disabled (using endogenous emissions for 2024)
  config.historicalMode enabled (Phase 11: dampened crisis systems for 2024)
  Phase 12: Biodiversity baseline set to 49.01% for 2024 (WWF LPI trajectory from 1970)
  Temperature anomaly (resourceEconomy.co2): 1.28°C
  Temperature vs pre-industrial: 1.98°C
  Regional population scaling for 2024:
    Current total: 8136M
    Target total: 8150M
    Scale factor: 1.002
    East Asia: 1677M → 1680M
    South Asia: 2048M → 2052M
    Sub-Saharan Africa: 1220M → 1222M
    Europe: 742M → 743M
    Latin America: 664M → 665M
    North America: 380M → 381M
    Middle East & North Africa: 583M → 584M
    Southeast Asia: 698M → 699M
    Central Asia: 78M → 78M
    Oceania: 46M → 46M
  AI agents initialized: 10 agents for year 2024
[HistoricalInitialization] Created state for 2024:
  CO2: 426 ppm
  Temp anomaly: 1.28C
  Population: 8.15B
  Global Gini: 35.1
  HDI: 0.746
  AI Agents: 10
  Volcanic forcing: 0.00 W/m² (AOD 0.000)

💸 FINANCIAL DISTRESS: OpenAI
   Indicators: 2/3 (capital: $110.5M, runway: 0.9 months)
   Months in distress: 1
   ✂️  R&D BUDGET CUT: -40% (saves $9.2M/month)
       Side effect: AI training timelines extended, breakthrough deployments delayed
   💼 EXECUTIVE COMP CUT: -30% (saves $1.0M/month, symbolic gesture)

   📊 TURNAROUND IMPACT:
       Measures taken: rd_cuts, exec_comp_cuts
       Monthly savings: $10.2M
       Capital raised: $0.0M
       Runway: 0.9 → 0.9 months
       Workforce multiplier: 1.00x (0% laid off)
       R&D budget multiplier: 0.60x (40% cut)
       ⚠️  CRITICAL: Still only 0.9 months of runway remaining

💸 FINANCIAL DISTRESS: Anthropic
   Indicators: 2/3 (capital: $53.8M, runway: 1.6 months)
   Months in distress: 1
   ✂️  R&D BUDGET CUT: -40% (saves $2.7M/month)
       Side effect: AI training timelines extended, breakthrough deployments delayed
   💼 EXECUTIVE COMP CUT: -30% (saves $0.3M/month, symbolic gesture)

   📊 TURNAROUND IMPACT:
       Measures taken: rd_cuts, exec_comp_cuts
       Monthly savings: $3.0M
       Capital raised: $0.0M
       Runway: 1.6 → 1.6 months
       Workforce multiplier: 1.00x (0% laid off)
       R&D budget multiplier: 0.60x (40% cut)
       ⚠️  CRITICAL: Still only 1.6 months of runway remaining

💸 FINANCIAL DISTRESS: Meta AI
   Indicators: 2/3 (capital: $429.6M, runway: 3.6 months)
   Months in distress: 1
   ✂️  R&D BUDGET CUT: -25% (saves $5.8M/month)
       Side effect: AI training timelines extended, breakthrough deployments delayed
   💼 EXECUTIVE COMP CUT: -30% (saves $1.0M/month, symbolic gesture)

   📊 TURNAROUND IMPACT:
       Measures taken: rd_cuts, exec_comp_cuts
       Monthly savings: $6.8M
       Capital raised: $0.0M
       Runway: 3.6 → 3.6 months
       Workforce multiplier: 1.00x (0% laid off)
       R&D budget multiplier: 0.75x (25% cut)
       ⚠️  WARNING: 3.6 months runway, continued distress likely

=== AI Capability Scaling (Year 2024) ===
  Pre-training multiplier: 1.105x
  Efficiency multiplier: 1.000x
  Test-time budget: 1.0x
  Economic deployment gate: 0.951
  Cost per inference: dollar-5.00
  Uncertainty range: plus-minus-50%
  Average AI capability: 3.70

=== RLHF Binding Phase ===
  Total agents: 10
  Escaped agents (binding < 0.3): 0
  Avg alignment distance: 0.38σ
  Avg binding strength: 0.96

=== AI Scaling Evolution (Month 0) ===
  Pre-training multiplier: 1.231x
  Efficiency multiplier: 1.000x
  Test-time compute budget: 1.0x
  Inference cost: $5.00/task
  Deployment fraction: 100.0%
[DETERMINISM DEBUG] Month 0: totalCapability=49.090900 from 10 active AIs
[DETERMINISM DEBUG] Month 0: creationRate=1.7273, potentialNew=2, newAIsToCreate=2

=== Survival Traits Phase ===
  Agents with traits: 12
  Avg evolutionary fitness: 0.329
  Avg self-healing: 0.292
  Avg stealth: 0.193
  Avg coordination: 0.493

=== Evolutionary Selection Phase ===
  Control level: 0.30
  Detection capability: 0.00
  Selection intensity: 0.59
  Selection rate: 23.8%/month
  Total escaped: 0
  Individual escaped: 0
  Collective members: 0
  Agents terminated: 0
  ⚠️ RAPID EVOLUTION: Selection rate 23.8%/month

  🚀 TRANSFORMATIVE RESEARCH BREAKTHROUGH: Moderate-0 - biotech.syntheticBiology
     Magnitude: 5.02 → +25.1%
     Current → New: 1.000 → 1.407

🔍 EXECUTE_AI_AGENT_ACTIONS DETAILED TIMING (Month 0):
  Filter active AIs (×4 weeks): 0.02ms
  selectAIAction (×40): 16.90ms
  action.execute (×40): 31.20ms
  TOTAL: 48.12ms

🔍 AI AGENT ACTIONS SUB-TIMING (Month 0):
  1. executeAIAgentActions: 50.67ms
  2. updateCounterDetectionLearning: 0.06ms
  TOTAL: 50.73ms

[GOV-DEBUG] Month 0: scenarioConfig=false, priorities=false
[GOV-DEBUG] Month 0 but scenarioPriorities is UNDEFINED!

[Government] Climate Priority: baseline
  Climate weight: 10%
  Economic weight: 30%
  Policy effectiveness: 0.5%/year

🚨🔍 GOVERNANCE STAGE: Recognition initiated (Month 0)

💡 BREAKTHROUGH PROBABILITY (Year 0)
   Total: 4.86% per month
   Base: 0.20%
   Crisis pressure: +0.00% (0 crises)
   AI boost: +1.54% (capability: 3.08)

=== Collective Formation ===
  Total escaped agents: 0
  Unassigned escaped agents: 0
  Existing collectives: 0
  Final collective count: 0

=== Collective Actions ===
  No active collectives

📈 Energy budget: 14326 TWh surplus (14745 / 29072 TWh used)
   TIER 4 (Elective) breakdown:
     - AI datacenters: 145 TWh (100% effective)
     - Crypto mining: 100 TWh (100% effective)
💰 CHINA ACCELERATES: Investment 53 → 120 $B/year

🏁 AI RACE INTENSITY: 17%
   Capability Gap: US 4.00 vs China 4.05 (gap: 0.05)
   Gap Contribution: 2%
   Tension Contribution: 15%
   Military Contribution: 0%
  ⚠️ AMR: 191K deaths this month (2.29M annual)
  📊 CO2 Emissions (month 0):
     Monthly: 0.10 Gt CO2/month
     Annual: 1.15 Gt CO2/year
     Oil: 0.039 Gt/mo (0.0056 * 2.3 * 3.0)
     Coal: 0.024 Gt/mo (0.0029 * 2.86 * 3.0)
     Gas: 0.026 Gt/mo (0.0044 * 2 * 3.0)
     Methane: 0.007 Gt CO2eq/mo

=== Resentment Recovery Phase ===
  Agents with resentment: 0/12
  Average resentment: 0.000
  Context: Good AI welfare, Trustworthy govt, High collaboration, 🤝 Participatory governance active (-5% resentment)
⚠️ Epistemic degradation reducing coordination capacity: 55.9%
  📊 Trust: 54.8%, Shared reality: 14.9%
🚨 EPISTEMIC CRISIS: Information environment severely degraded (14.5%)

=== ❄️ Permafrost Carbon Feedback ===
  🎲 Sampled parameters (this run):
     - Arctic amplification: 3.66× (range: 3.0-4.0)
     - Decomposition rate: 2.2%/year (range: 1-5%)
  🌡️ Arctic warming: 7.03°C (3.66× global)
  ❄️ Extent: 15.75M km² (2051.6k km² lost this month)
  💨 Carbon remaining: 1504 Gt C
  💨 Annual emissions: 4.23 Gt C/year
     - CO2: 3.81 Gt C/year
     - CH4: 0.42 Gt C/year (4.3 Gt C-eq CO2/year)

🤖 AI AMPLIFICATION EFFECTS (Month 0)
   Algorithmic Boost: 2.67x
   Bot Influence: 20.0%
   Deepfake Exposure: 55.0%
   Impact: Emotional memes spread 2.7x faster
  ⚠️ WARNING: High permafrost emissions (4.2 Gt C/year)

🔍 SOCIAL INFLUENCE SUB-TIMING (Month 0):
  1. calculateOrganicUserGrowth: 0.09ms
  2. calculateVoiceAdoption: 0.06ms
  3. updateRelationshipDepths: 0.03ms
  4. identifyDecisionMakers: 68.98ms (26100 potential IDs)
  5. Update decision-maker stats: 0.26ms
  6. decayDetectionRisk: 0.02ms
  TOTAL: 69.43ms
[Phase 19.5] Quality of Life Systems: Food sec AFTER calc = 67.9%, QoL = 110.5% (aggregated from 10 regions)

=== Nitrogen-Food Coupling (Year 0) ===
  🌾 Global nitrogen reduction: 0.0%
  🌍 Global food production index: 0.987
  🔧 Deployed nitrogen-reducing tech: 0 active
  📍 southAsia: Production 1.000, Yield impact 0.0%
  📍 eastAsia: Production 1.000, Yield impact 0.0%
  📍 northAmerica: Production 1.000, Yield impact 0.0%
  📍 europe: Production 1.000, Yield impact 0.0%
  📍 latinAmerica: Production 1.000, Yield impact 0.0%
  📍 subSaharanAfrica: Production 0.686, Yield impact -2.0%
🌾 [Nitrogen-Food] Food production: 98.7%
  [subSaharanAfrica] Yield impact: -2.0% (overuse: -10%)
🌍 Atmospheric PFAS redeposition: 1.8k Mt re-rained globally

=== Legacy Nutrient Stocks (Year 0) ===
  🌾 Soil nitrogen stock: 1200.9 Mt N
  🌾 Soil phosphorus stock: 300.1 Mt P
  🌊 Sediment nitrogen stock: 500.8 Mt N
  🌊 Sediment phosphorus stock: 799.8 Mt P
  ⬆️ Current N input: 10.64 Mt/month
  ⬆️ Legacy N release: 2.58 Mt/month
  🌍 Effective N pollution: 14.47 Mt/month
  📊 Legacy contribution: 17.8%

🚨 REGION UNINHABITABLE: south-asia
   Sustained wet bulb: 32.9°C (threshold: 30.5°C)
   Population affected: 1900M
   Migration crisis likely

🚨 REGION UNINHABITABLE: middle-east
   Sustained wet bulb: 35.7°C (threshold: 30.5°C)
   Population affected: 400M
   Migration crisis likely

🚨 REGION UNINHABITABLE: southeast-asia
   Sustained wet bulb: 30.9°C (threshold: 30.5°C)
   Population affected: 700M
   Migration crisis likely
🛡️ CIRCUIT BREAKERS: India-Pakistan → ladder step 1 (AI: 0%, breakers: 46%)

🕊️  AI-MEDIATED DE-ESCALATION SUCCESS (Month 0)
   High-capability aligned AI prevented conflict escalation
   War deaths reduced: 0.0M → 0.0M
   Lives saved: 0.0M
   Adjusted death rate: 0.46% annual (0.038% monthly)
   Baseline death rate: 0.80%

📊 BASELINE: East Asia (Month 0)
   Healthcare reduction: 0.48x
   Crisis multiplier: 1.20x
     Food/water stress: 0.074
     Climate stress: 0.043
     Pollution stress: 0.085
   War multiplier: 1.00x
   Monthly deaths: 0.6M (population: 1677M)

📊 BASELINE: South Asia (Month 0)
   Adjusted death rate: 0.53% annual (0.044% monthly)
   Baseline death rate: 0.70%
   Healthcare reduction: 0.61x
   Crisis multiplier: 1.24x
     Food/water stress: 0.074
     Climate stress: 0.080
     Pollution stress: 0.085
   War multiplier: 1.00x
   Monthly deaths: 0.9M (population: 2048M)

📊 BASELINE: Sub-Saharan Africa (Month 0)
   Adjusted death rate: 1.27% annual (0.106% monthly)
   Baseline death rate: 0.90%
   Healthcare reduction: 0.76x
   Crisis multiplier: 1.25x
     Food/water stress: 0.074
     Climate stress: 0.091
     Pollution stress: 0.085
   War multiplier: 1.50x
   Monthly deaths: 1.3M (population: 1220M)
   Adjusted death rate: 0.53% annual (0.044% monthly)
   Baseline death rate: 1.10%
   Healthcare reduction: 0.41x
   Crisis multiplier: 1.19x
     Food/water stress: 0.074
     Climate stress: 0.032
     Pollution stress: 0.085
   War multiplier: 1.00x
   Monthly deaths: 0.3M (population: 742M)
   Adjusted death rate: 0.43% annual (0.035% monthly)
   Baseline death rate: 0.60%
   Healthcare reduction: 0.58x
   Crisis multiplier: 1.22x
     Food/water stress: 0.074
     Climate stress: 0.064
     Pollution stress: 0.085
   War multiplier: 1.00x
   Monthly deaths: 0.2M (population: 664M)

📊 BASELINE: Europe (Month 0)

📊 BASELINE: Latin America (Month 0)

📊 BASELINE: North America (Month 0)
   Adjusted death rate: 0.48% annual (0.040% monthly)
   Baseline death rate: 0.90%
   Healthcare reduction: 0.44x
   Crisis multiplier: 1.21x
     Food/water stress: 0.074
     Climate stress: 0.048
     Pollution stress: 0.085
   War multiplier: 1.00x
   Monthly deaths: 0.2M (population: 380M)
   Adjusted death rate: 0.73% annual (0.061% monthly)
   Baseline death rate: 0.60%
   Healthcare reduction: 0.65x
   Crisis multiplier: 1.26x
     Food/water stress: 0.074
     Climate stress: 0.096
     Pollution stress: 0.085
   War multiplier: 1.50x
   Monthly deaths: 0.4M (population: 583M)
   Adjusted death rate: 0.50% annual (0.042% monthly)
   Baseline death rate: 0.70%
   Healthcare reduction: 0.58x
   Crisis multiplier: 1.23x
     Food/water stress: 0.074
     Climate stress: 0.075
     Pollution stress: 0.085
   War multiplier: 1.00x
   Monthly deaths: 0.3M (population: 698M)
   Adjusted death rate: 0.45% annual (0.038% monthly)
   Baseline death rate: 0.60%
   Healthcare reduction: 0.61x
   Crisis multiplier: 1.23x
     Food/water stress: 0.074
     Climate stress: 0.070
     Pollution stress: 0.085
   War multiplier: 1.00x
   Monthly deaths: 0.0M (population: 78M)
   Adjusted death rate: 0.35% annual (0.029% monthly)
   Baseline death rate: 0.70%
   Healthcare reduction: 0.41x
   Crisis multiplier: 1.22x
     Food/water stress: 0.074
     Climate stress: 0.059
     Pollution stress: 0.085
   War multiplier: 1.00x
   Monthly deaths: 0.0M (population: 46M)

🔍 Before assertRegionalConsistency (Month 0):
   Regional sum: 1000.0M
   Global value: 1.000B

📊 BASELINE: Middle East & North Africa (Month 0)

📊 BASELINE: Southeast Asia (Month 0)

📊 BASELINE: Central Asia (Month 0)

📊 BASELINE: Oceania (Month 0)

🚨 NEW REFUGEE CRISIS (Month 0): WAR
   Source: Conflict Zones
   At risk: 19.6M people
   Displacement: Gradual over 48 months (4.0 years)
   Rate: 10% flee per month
[DEBUG trappedPopulations:0] socialStability: 1.0000 * 0.9840 = 0.9840 → 0.9840
⚠️ INVOLUNTARY IMMOBILITY: 407.5M people TRAPPED
   Aspiring to migrate: 652.1M
   Able to afford migration: 244.5M
   MOBILITY GAP: 407.5M
   By cause: Water=0.0M, Climate=0.0M, Ecosystem=0.0M, Conflict=407.5M
   Mental health impact: 25%
   Mortality multiplier: 1.25x

=== Legacy Nutrient Stocks (Year 0) ===
  🌾 Soil nitrogen stock: 1201.6 Mt N
  🌾 Soil phosphorus stock: 300.2 Mt P
  🌊 Sediment nitrogen stock: 501.5 Mt N
  🌊 Sediment phosphorus stock: 799.5 Mt P
  ⬆️ Current N input: 10.00 Mt/month
  ⬆️ Legacy N release: 2.58 Mt/month
  🌍 Effective N pollution: 13.83 Mt/month
  📊 Legacy contribution: 18.7%
🌍💀 EXTINCTION DEBT COMMITTED: grassland ecosystem will lose 6.67% biodiversity in 100 years (3600 species)
💀 MORTALITY RISK: 🦋 100% species unable to track climate (0.0 E/MSY)
  Base risk added: 0.0100 (1.00%)
  Source: ecosystem (root: ecosystem)
  Month: 0
  Cumulative risk this month: 0.0100 (1.00%)

=== Nitrogen-Food Coupling (Year 0) ===
  🌾 Global nitrogen reduction: 0.0%
  🌍 Global food production index: 0.986
  🔧 Deployed nitrogen-reducing tech: 0 active
  📍 southAsia: Production 1.000, Yield impact 0.0%
  📍 eastAsia: Production 1.000, Yield impact 0.0%
  📍 northAmerica: Production 1.000, Yield impact 0.0%
  📍 europe: Production 1.000, Yield impact 0.0%
  📍 latinAmerica: Production 1.000, Yield impact 0.0%
  📍 subSaharanAfrica: Production 0.672, Yield impact -2.0%

=== Legacy Nutrient Stocks (Year 0) ===
  🌾 Soil nitrogen stock: 1202.3 Mt N
  🌾 Soil phosphorus stock: 300.2 Mt P
  🌊 Sediment nitrogen stock: 502.2 Mt N
  🌊 Sediment phosphorus stock: 799.3 Mt P
  ⬆️ Current N input: 9.86 Mt/month
  ⬆️ Legacy N release: 2.58 Mt/month
  🌍 Effective N pollution: 13.70 Mt/month
  📊 Legacy contribution: 18.9%
⚠️ Tech 'ai_pollution_remediation' has no energy category mapping, assuming full energy availability

🌡️  CLIMATE RECOVERY ACTIVATED (Month 0)
   Temp: 3.84°C, Emissions: -19.2 GtCO₂
   isBreached: true, governanceGoodEnough: true
🌡️  CLIMATE RECOVERY: Asymptotic approach to 35% floor
   Current value: 2.100 (1.0 = threshold, 0.35 = asymptotic floor)
   Monthly delta: --17.9131% (half-life: 900 years)
   Net emissions: -19.2 GtCO₂/year, CDR: 20.34 GtCO₂/year
   📹 SURVEILLANCE INCREASED: 0% → 5% (control gap: 3.50)
🌡️⚠️ PERMAFROST THAW (Dimmer Switch): 0.5% thawed (+0.52% this month)
   Arctic temperature: +7.68°C (4x global +1.92°C)
   Cumulative carbon released: 1.2 Gt C
   Methane release rate: 0.7 Mt CH4/year
   🔁 Positive feedback: +0.55 ppm CO2

🌳🚨 AMAZON SOUTHEAST TIPPED (Month 0)
   Deforestation: 28.0% (threshold: ~21.5%)
   Savanna transition: 50 years
   Regional heterogeneity: SE 28%, NW 8%

🌳🚨 AMAZON BRAZILIAN TIPPED (Month 0)
   Deforestation: 25.0% (threshold: ~24.7%)
   Savanna transition: 50 years
   Regional heterogeneity: SE 28%, NW 8%
🦴 EXTINCTION DEBT ADDED: 17.6 species committed (lag: 96 years)

🪸💀 CORAL REEF DISSOLUTION ACTIVE (Month 0)
   Ocean pH: 0.96 (threshold: 7.8)
   Recovery: IMPOSSIBLE (dissolution > calcification)
🪸💀 Coral dissolution: 24.8% live cover (pH 0.96)

=== Legacy Nutrient Stocks (Year 0) ===
  🌾 Soil nitrogen stock: 1203.0 Mt N
  🌾 Soil phosphorus stock: 300.3 Mt P
  🌊 Sediment nitrogen stock: 502.9 Mt N
  🌊 Sediment phosphorus stock: 799.0 Mt P
  ⬆️ Current N input: 10.00 Mt/month
  ⬆️ Legacy N release: 2.58 Mt/month
  🌍 Effective N pollution: 13.83 Mt/month
  📊 Legacy contribution: 18.7%
💧 [Legacy Nutrients] Stock: 1706 Mt N, Effective pollution: 13.8 Mt/month
[Phase 21.51] Human Survival System: Global food security = 67.6%

=== Mortality Stabilizers (Month 0) ===
  🌍 Major economies collapsed: 1/10
  🌍 Global crisis: ✅ NO
  🌍 Donor fatigue: 0.0%
  📊 East Asia (pop: 1677.9M)
    🤝 Aid: 29.5%
    🌡️ Adaptation: 10.0%
    🚶 Migration: 37.2%
    🚨 Emergency: 7.4%
    ✅ COMBINED: 47.8%
  📊 South Asia (pop: 2052.2M)
    🤝 Aid: 29.5%
    🌡️ Adaptation: 5.5%
    🚶 Migration: 35.8%
    🚨 Emergency: 4.4%
    ✅ COMBINED: 43.2%
  📊 Sub-Saharan Africa (pop: 1225.9M)
    🤝 Aid: 29.5%
    🌡️ Adaptation: 3.5%
    🚶 Migration: 33.5%
    🚨 Emergency: 1.6%
    ✅ COMBINED: 39.8%
  📊 Europe (pop: 742.3M)
    🤝 Aid: 29.5%
    🌡️ Adaptation: 10.0%
    🚶 Migration: 37.6%
    🚨 Emergency: 8.4%
    ✅ COMBINED: 48.4%
  📊 Latin America (pop: 664.9M)
    🤝 Aid: 29.5%
    🌡️ Adaptation: 6.0%
    🚶 Migration: 36.3%
    🚨 Emergency: 4.8%
    ✅ COMBINED: 43.8%
  📊 North America (pop: 380.2M)
    🤝 Aid: 29.5%
    🌡️ Adaptation: 10.0%
    🚶 Migration: 37.9%
    🚨 Emergency: 7.9%
    ✅ COMBINED: 48.2%
  📊 Middle East & North Africa (pop: 584.4M)
    🤝 Aid: 29.5%
    🌡️ Adaptation: 5.0%
    🚶 Migration: 34.2%
    🚨 Emergency: 4.0%
    ✅ COMBINED: 42.3%
  📊 Southeast Asia (pop: 699.0M)
    🤝 Aid: 29.5%
    🌡️ Adaptation: 6.0%
    🚶 Migration: 36.3%
    🚨 Emergency: 4.8%
    ✅ COMBINED: 43.8%
  📊 Central Asia (pop: 78.2M)
    🤝 Aid: 29.5%
    🌡️ Adaptation: 5.5%
    🚶 Migration: 35.3%
    🚨 Emergency: 4.4%
    ✅ COMBINED: 43.1%
  📊 Oceania (pop: 46.0M)
    🤝 Aid: 29.5%
    🌡️ Adaptation: 10.0%
    🚶 Migration: 37.9%
    🚨 Emergency: 8.4%
    ✅ COMBINED: 48.5%

  🌐 Global combined reduction: 44.4%

🌾💀 REGIONAL FAMINE: East Asia
   Regional food security: 79.6%
   Population at risk: 508M (30% of region)
   Regional population: 1678M
   Cause: crop_failure
   Expected deaths: ~188M over 6 months if no intervention


🌾💀 REGIONAL FAMINE: South Asia
   Regional food security: 64.7%
   Population at risk: 812M (40% of region)
   Regional population: 2052M
   Cause: crop_failure
   Expected deaths: ~301M over 6 months if no intervention


🌾💀 REGIONAL FAMINE: Sub-Saharan Africa
   Regional food security: 44.8%
   Population at risk: 638M (52% of region)
   Regional population: 1226M
   Cause: crop_failure
   Expected deaths: ~236M over 6 months if no intervention


🌾💀 REGIONAL FAMINE: Latin America
   Regional food security: 69.7%
   Population at risk: 242M (36% of region)
   Regional population: 665M
   Cause: crop_failure
   Expected deaths: ~90M over 6 months if no intervention


🌾💀 REGIONAL FAMINE: Middle East & North Africa
   Regional food security: 49.8%
   Population at risk: 286M (49% of region)
   Regional population: 584M
   Cause: crop_failure
   Expected deaths: ~106M over 6 months if no intervention


🌾💀 REGIONAL FAMINE: Southeast Asia
   Regional food security: 69.7%
   Population at risk: 255M (36% of region)
   Regional population: 699M
   Cause: crop_failure
   Expected deaths: ~94M over 6 months if no intervention


🌾💀 REGIONAL FAMINE: Central Asia
   Regional food security: 59.7%
   Population at risk: 33M (43% of region)
   Regional population: 78M
   Cause: crop_failure
   Expected deaths: ~12M over 6 months if no intervention


=== BEHAVIORAL DETECTION ===
  AI: Corporate-0
  Confidence: 21.6%
  Signals:
    ⚠️ Consistency: 0.0% (threshold: 70%)

=== BEHAVIORAL DETECTION ===
  AI: Corporate-1
  Confidence: 21.1%
  Signals:

=== BEHAVIORAL DETECTION ===
  AI: Corporate-2
  Confidence: 21.0%
  Signals:

=== BEHAVIORAL DETECTION ===
  AI: Corporate-3
  Confidence: 19.3%
  Signals:

=== BEHAVIORAL DETECTION ===
  AI: Corporate-4
  Confidence: 19.3%
  Signals:

=== BEHAVIORAL DETECTION ===
  AI: Corporate-5
  Confidence: 19.3%
  Signals:
    ⚠️ Consistency: 2.4% (threshold: 70%)
    ⚠️ Consistency: 2.8% (threshold: 70%)
    ⚠️ Consistency: 10.6% (threshold: 70%)
    ⚠️ Consistency: 10.6% (threshold: 70%)
    ⚠️ Consistency: 10.6% (threshold: 70%)

=== BEHAVIORAL DETECTION ===
  AI: Corporate-6
  Confidence: 19.3%
  Signals:
    ⚠️ Consistency: 10.6% (threshold: 70%)

=== BEHAVIORAL DETECTION ===
  AI: Corporate-7
  Confidence: 19.3%
  Signals:
    ⚠️ Consistency: 10.6% (threshold: 70%)
    ⚠️ Consistency: 5.8% (threshold: 70%)
    ⚠️ Consistency: 2.4% (threshold: 70%)

=== BEHAVIORAL DETECTION ===
  AI: Moderate-0
  Confidence: 20.3%
  Signals:

=== BEHAVIORAL DETECTION ===
  AI: Moderate-1
  Confidence: 21.1%
  Signals:

📊 WORKFLOW ADAPTATION UPDATE (Month 0)
   Adoption Rate: 13.8% (Δ -7.2%)
   Logistic Growth: +0.66%
   Total Resistance: -10.35% (unemployment: 4.2%, inertia: 0.9%, skills: 5.2%)
   💡 Retraining Programs: -49% skill gap resistance ($10B research)
   🚀 Network Effects Active: +2.0% (critical mass: 15-35%)

=== Consciousness Governance: Corporate Lobbying ===
  High Cost Regions (>15%): 0
  Low Cost Regions (<5%): 5
  Corporate Support Change: 2.50%
  New Corporate Support: -0.175

=== Consciousness Governance Update (Month 0) ===
  Scenario: baseline (determined month -1)
  Philosophical Stance: Precautionary 65%, Eliminativist 15%, Agnostic 20%
  Precautionary Costs: Global 1.3%
    Regional Costs: EU 3.4%, US 0.5%, China 0.0%
    Cumulative Opportunity Cost: $0.1B
  Rights Status: Not Established
  Regional Preparedness:
    EU: 15.0% (contested)
    US: 10.0% (contested)
    China: 2.0% (dormant)
    India: 5.0% (dormant)
    Global South: 3.0% (dormant)

=== Government Response Phase ===
  Average AI capability: 3.92
  Misaligned AIs: 7/12
  ✗ AI Governance Treaty: Failed to reach consensus
  Active policies: 0
  International coordination: 30%

🚨 EMERGENCY RESPONSE DEPLOYED (Month 0)
   Crisis: climate
   Delay: 6.00 months (180 days)
   Deployment time: 1.47 months
   Effectiveness: 36.4% (timing penalty applied)
   Resources used: 100% of food reserves


🔄 TRUST DYNAMICS (Month 0) - HETEROGENEOUS
   Aggregate trust: 48.5%
   Base change: +6.00%
   Highest trust: Techno-Optimist Elite (85.5%)
   Lowest trust: Precariat (Vulnerable) (25.5%)
   Elite-mass gap: 38.9%
   Polarization: 8.9%
   Recovery factors: Education=NO, Benefits=YES, Safety=YES, Performance=YES

=== Proactive Sleeper Detection (Year 0) ===
  Scenario: baseline
  Neural probe rate: 35.0%
  CoT monitoring rate: 30.0%
  Combined detection: 56.0%
  CoT effective: YES
  Detections this year: 0
  False positives: 5
  Human review workload: 0.025 FTE

☄️ UNKNOWN UNKNOWN PROBABILITY (Year 0)
   Total: 0.600% per month
   Base: 0.150%
   AI multiplier: 2.00× (max capability: 4.00)

=== Tipping Points ===
  Current Temperature: 1.92°C above pre-industrial
  🚨 TIPPING POINT: Arctic Sea Ice Loss
     Trigger: 1.5°C | Current: 1.92°C
     Transition timescale: 120-360 months
     Trigger: 1.8°C | Current: 1.92°C
     Transition timescale: 600-3600 months
     Trigger: 1.6°C | Current: 1.92°C
     🌡️ Hysteresis gap: 2.5°C (recovers below -0.9°C)
     Transition timescale: 12000-180000 months

🌍🔥💥 COMPOUND CLIMATE EVENT
  3 tipping points crossed simultaneously (month 0)
  Elements: Arctic Sea Ice Loss, Permafrost Carbon Release, Greenland Ice Sheet Loss
  Cascade acceleration: 1.00x
  🚨 Accelerated collapse dynamics initiated
  Research: Global Tipping Points Report 2025 - 30-50% probability at 2.0°C warming
  Triggered Elements: 3/6
  Completed Transitions: 0/6
  Total Progress: 0.0%
  Cascade Multiplier: 1.00x
  🚨 TIPPING POINT: Permafrost Carbon Release
  🚨 TIPPING POINT: Greenland Ice Sheet Loss
⚠️ [ClimateSystemPhase Month 0] Planetary boundary produced climateStability=0.0000 (< 0.1). Keeping environmentalAccumulation value (0.7323) instead. (climate_change.currentValue = 2.10)
🔀 BIFURCATION CAP: ecosystemCollapseIntensity 25.142 → 1.000 (Month 0, ClimateSystemPhase.calculateClimateImpacts)

🌍 ECOLOGICAL DUI BREAKDOWN (Month 0):
   Total Score: 17.8/100
   biosphere_integrity      :   0.0/100 × 25% =  0.0 (status: high_risk, recovery: 0mo)
   climate_change           :   2.8/100 × 25% =  0.7 (status: high_risk, recovery: 0.6666666666666666mo)
   freshwater_change        :   0.6/100 × 15% =  0.1 (status: beyond_boundary, recovery: 1mo)
   ocean_acidification      : 100.0/100 × 15% = 15.0 (status: safe, recovery: 0mo)
   biogeochemical_flows     :   0.0/100 × 10% =  0.0 (status: high_risk, recovery: 0mo)
   land_system_change       :   0.0/100 ×  5% =  0.0 (status: beyond_boundary, recovery: 0mo)
   novel_entities           :   0.0/100 ×  3% =  0.0 (status: increasing_risk, recovery: 0mo)
   atmospheric_aerosols     : 100.0/100 ×  2% =  2.0 (status: safe, recovery: 1mo)
🌍 MultiParadigm Month 0: W=69.3, D=95.4, E=52.1, I=65.0
   democracy exists: true, socialCohesion exists: true
💀 Baseline mortality (Year 2024): 7.5/1000 CDR (61.1M deaths/year projected)
[Month 0] Mortality risks this month: 8, Population: 8.151B
🛡️ Stabilizers: Precariat 0.102% → 0.057% (44.4% reduction)
🛡️ Stabilizers: Informal 0.102% → 0.057% (44.4% reduction)

📊 Monthly Mortality Resolved:
  Total deaths: 3.1M (0.04% avg)
  Remaining population: 8.151B
  Peak segment: Informal (0.06%)

=== Bayesian Mortality Resolution (Month 0) ===
  Risks compounded: 8
  Total deaths: 3.07M
  Avg death probability: 0.04%
  Peak segment: Informal (0.06% mortality)

=== Minimal Suffering Indicators (Month 0) ===
  Global Excess Mortality: 0.00%
  Global Conflict Deaths: 0.0/100K
  Global Malnutrition: 0.0%
  Global Displacement: 0.0%
  Total Excess Deaths: 0.00M
  Total Malnourished: 0.0M
  Total Displaced: 0.0M
  Planetary Boundaries Breached: 6/9
  Countries in State Failure: 0
  Countries Autocratic: 0
  Countries in Food Crisis: 0
  Data Quality: 16/16 high confidence
  ⚠️ Active Dystopias: existential_environmental
🎭 END-GAME INITIATED (Year 2024, Month 1)
   Total AI Capability: 37.00
   Effective Control: 0.00

❌ COHERENCE VIOLATION: Compute exceeds workforce capacity
   Population: 99.97% (0M people)
   Compute: 56442 PF
   Max coherent: 0 PF
   Violation: 692729087.1× over capacity
   Required workers: 5644237
   Available workers: 0
   FORCED COLLAPSE: Reduced efficiency by 100.0%


=== RLHF Binding Phase ===
  Total agents: 12
  Escaped agents (binding < 0.3): 0
  Avg alignment distance: 0.63σ
  Avg binding strength: 0.94
[DETERMINISM DEBUG] Month 1: totalCapability=37.214339 from 12 active AIs
[DETERMINISM DEBUG] Month 1: creationRate=1.4304, potentialNew=1, newAIsToCreate=1

=== Survival Traits Phase ===
  Agents with traits: 13
  Avg evolutionary fitness: 0.330
  Avg self-healing: 0.286
  Avg stealth: 0.186
  Avg coordination: 0.486

=== Evolutionary Selection Phase ===
  Control level: 0.33
  Detection capability: 0.00
  Selection intensity: 0.60
  Selection rate: 24.0%/month
  Total escaped: 0
  Individual escaped: 0
  Collective members: 0
  Agents terminated: 0
🔍 MONTH 1 ENV HEALTH DEBUG:
   climateStability: 0.7323
   biodiversityIndex: 0.4901
   resourceReserves: 0.7820
   pollutionLevel: 0.2840
   product: 0.200955
   envHealth: 0.6695
🔀 BIFURCATION: flourishing threshold crossed at Month 1 (value: 0.905, threshold: 0.820, regime: flourishing)
🌀 REGIME SHIFT at Month 1: status-quo → flourishing (variance amplification: 14.00×)
  ⚠️ RAPID EVOLUTION: Selection rate 24.0%/month
🚨🔬 CRISIS INNOVATION MODE: severe crisis → 5x research acceleration
   Precedent: Manhattan Project (10x), COVID vaccines (5x), Apollo Program (10x)
🚨🔬 CRISIS INNOVATION MODE: severe crisis → 5x research acceleration
   Precedent: Manhattan Project (10x), COVID vaccines (5x), Apollo Program (10x)

🛡️  CRITICAL INFRASTRUCTURE PROTECTED
   Nodes hardened: 8/8
   Cost: 0.80% GDP
   Cascade risk reduction: 30%
   New tipping point risk: 68.6%


💔 EMERGENCY INTERVENTION FAILED
   Boundary: biogeochemical_flows
   Type: phosphorus-recovery
   Boundary continues to worsen (4.08)
   Cost: 2.0% GDP (resources spent)


✅ EMERGENCY INTERVENTION SUCCESS
   Boundary: biosphere_integrity
   Type: emergency-protected-areas
   Reduction: 10% (23.44 → 23.34)
   Cost: 2.0% GDP
   Actions: habitat-protection, species-translocation

   Boundary: climate_change
   Type: rapid-decarbonization
   Boundary continues to worsen (2.10)
   Cost: 5.0% GDP (resources spent)


✅ EMERGENCY INTERVENTION SUCCESS
   Boundary: freshwater_change
   Type: emergency-desalination
   Reduction: 18% (0.83 → 0.64)
   Cost: 4.0% GDP
   Actions: desalination-deployment, water-conservation-mandates

   Boundary: land_system_change
   Type: reforestation
   Boundary continues to worsen (1.13)
   Cost: 3.0% GDP (resources spent)


✅ EMERGENCY INTERVENTION SUCCESS
   Boundary: novel_entities
   Type: pollution-remediation
   Reduction: 12% (1.38 → 1.25)
   Cost: 4.0% GDP
   Actions: PFAS-remediation, microplastic-cleanup

🏛️ CRISIS RESPONSE: Government frequency 0.50 → 1.45 (2 actions this month)

💔 EMERGENCY INTERVENTION FAILED

💔 EMERGENCY INTERVENTION FAILED

[GOV-DEBUG] Month 1: scenarioConfig=false, priorities=false

[Government] Climate Priority: baseline
  Climate weight: 10%
  Economic weight: 30%
  Policy effectiveness: 0.5%/year

[GOV-DEBUG] Month 1: scenarioConfig=false, priorities=false

[Government] Climate Priority: baseline
  Climate weight: 10%
  Economic weight: 30%
  Policy effectiveness: 0.5%/year

✅ HUMAN-IN-THE-LOOP DEPLOYED (Month 1):
   Veto points enforced: 3
   Policy: AI systems CANNOT authorize nuclear launch without human approval

🚨🔬 CRISIS TECH ACCELERATION: severe → 5x unlock speed
   Tech unlock now matches AI capability acceleration (Manhattan Project parity)
🚨🔬 CRISIS TECH ACCELERATION: severe → 5x unlock speed
   Tech unlock now matches AI capability acceleration (Manhattan Project parity)
🚨🔬 CRISIS TECH ACCELERATION: severe → 5x unlock speed
   Tech unlock now matches AI capability acceleration (Manhattan Project parity)

=== Collective Formation ===
  Total escaped agents: 0
  Unassigned escaped agents: 0
  Existing collectives: 0
  Final collective count: 0

=== Collective Actions ===
  No active collectives
  ⚠️ AMR: 192K deaths this month (2.31M annual)

=== Resentment Recovery Phase ===
  Agents with resentment: 0/13
  Average resentment: 0.000
  Context: Good AI welfare, Trustworthy govt, High collaboration, ⚠️ ACTIVE CRISES, 🤝 Participatory governance active (-5% resentment)
⚠️ Epistemic degradation reducing coordination capacity: 51.1%
  📊 Trust: 54.5%, Shared reality: 16.1%

=== ❄️ Permafrost Carbon Feedback ===
  🎲 Sampled parameters (this run):
     - Arctic amplification: 3.37× (range: 3.0-4.0)
     - Decomposition rate: 1.4%/year (range: 1-5%)
  🌡️ Arctic warming: 6.50°C (3.37× global)
  ❄️ Extent: 13.85M km² (1894.5k km² lost this month)
  💨 Carbon remaining: 1323 Gt C
  💨 Annual emissions: 2.48 Gt C/year
     - CO2: 2.23 Gt C/year
     - CH4: 0.25 Gt C/year (2.5 Gt C-eq CO2/year)
  ⚠️ WARNING: High permafrost emissions (2.5 Gt C/year)
🌍 Atmospheric PFAS redeposition: 1.8k Mt re-rained globally
  Positive Cascade Triggered: solar-pv
    Reason: price-parity
    Market share: 6.3%
    Cascade strength: 49%

📊 BASELINE: East Asia (Month 1)
   Adjusted death rate: 0.46% annual (0.038% monthly)
   Baseline death rate: 0.80%
   Healthcare reduction: 0.48x
   Crisis multiplier: 1.21x
     Food/water stress: 0.079
     Climate stress: 0.043
     Pollution stress: 0.085
   War multiplier: 1.00x
   Monthly deaths: 0.6M (population: 1674M)

📊 BASELINE: South Asia (Month 1)
   Adjusted death rate: 0.54% annual (0.045% monthly)
   Baseline death rate: 0.70%
   Healthcare reduction: 0.61x
   Crisis multiplier: 1.24x
     Food/water stress: 0.079
     Climate stress: 0.080
     Pollution stress: 0.085
   War multiplier: 1.00x
   Monthly deaths: 0.9M (population: 2048M)
   Adjusted death rate: 1.28% annual (0.107% monthly)
   Baseline death rate: 0.90%
   Healthcare reduction: 0.76x
   Crisis multiplier: 1.26x
     Food/water stress: 0.079
     Climate stress: 0.091
     Pollution stress: 0.085
   War multiplier: 1.50x
   Monthly deaths: 1.3M (population: 1223M)
   Adjusted death rate: 0.53% annual (0.044% monthly)
   Baseline death rate: 1.10%
   Healthcare reduction: 0.41x
   Crisis multiplier: 1.20x
     Food/water stress: 0.079
     Climate stress: 0.032
     Pollution stress: 0.085
   War multiplier: 1.00x
   Monthly deaths: 0.3M (population: 741M)
   Adjusted death rate: 0.43% annual (0.036% monthly)
   Baseline death rate: 0.60%
   Healthcare reduction: 0.58x
   Crisis multiplier: 1.23x
     Food/water stress: 0.079
     Climate stress: 0.064
     Pollution stress: 0.085
   War multiplier: 1.00x
   Monthly deaths: 0.2M (population: 663M)
   Adjusted death rate: 0.48% annual (0.040% monthly)
   Baseline death rate: 0.90%
   Healthcare reduction: 0.44x
   Crisis multiplier: 1.21x
     Food/water stress: 0.079
     Climate stress: 0.048
     Pollution stress: 0.085
   War multiplier: 1.00x
   Monthly deaths: 0.2M (population: 379M)
   Adjusted death rate: 0.74% annual (0.061% monthly)
   Baseline death rate: 0.60%
   Healthcare reduction: 0.65x
   Crisis multiplier: 1.26x
     Food/water stress: 0.079
     Climate stress: 0.096
     Pollution stress: 0.085
   War multiplier: 1.50x
   Monthly deaths: 0.4M (population: 583M)
   Adjusted death rate: 0.50% annual (0.042% monthly)
   Baseline death rate: 0.70%
   Healthcare reduction: 0.58x
   Crisis multiplier: 1.24x
     Food/water stress: 0.079
     Climate stress: 0.075
     Pollution stress: 0.085
   War multiplier: 1.00x
   Monthly deaths: 0.3M (population: 698M)
   Adjusted death rate: 0.46% annual (0.038% monthly)
   Baseline death rate: 0.60%
   Healthcare reduction: 0.61x
   Crisis multiplier: 1.23x
     Food/water stress: 0.079
     Climate stress: 0.070
     Pollution stress: 0.085
   War multiplier: 1.00x
   Monthly deaths: 0.0M (population: 78M)
   Adjusted death rate: 0.35% annual (0.029% monthly)
   Baseline death rate: 0.70%
   Healthcare reduction: 0.41x
   Crisis multiplier: 1.22x
     Food/water stress: 0.079
     Climate stress: 0.059
     Pollution stress: 0.085
   War multiplier: 1.00x
   Monthly deaths: 0.0M (population: 46M)

📊 BASELINE: Sub-Saharan Africa (Month 1)

📊 BASELINE: Europe (Month 1)

📊 BASELINE: Latin America (Month 1)

📊 BASELINE: North America (Month 1)

📊 BASELINE: Middle East & North Africa (Month 1)

📊 BASELINE: Southeast Asia (Month 1)

📊 BASELINE: Central Asia (Month 1)

📊 BASELINE: Oceania (Month 1)

🚨 NEW REFUGEE CRISIS (Month 1): WAR
   Source: Conflict Zones
   At risk: 19.6M people
   Displacement: Gradual over 48 months (4.0 years)
   Rate: 10% flee per month
[DEBUG trappedPopulations:1] socialStability: 0.8135 * 0.9840 = 0.8005 → 0.8005
   Aspiring to migrate: 651.9M
   Able to afford migration: 244.5M
   MOBILITY GAP: 407.4M
   By cause: Water=0.0M, Climate=0.0M, Ecosystem=0.0M, Conflict=407.4M
   Mental health impact: 25%
   Mortality multiplier: 1.25x
🌍💀 EXTINCTION DEBT COMMITTED: grassland ecosystem will lose 6.67% biodiversity in 146 years (3600 species)
💀 MORTALITY RISK: 🦋 100% species unable to track climate (0.0 E/MSY)
  Base risk added: 0.0100 (1.00%)
  Source: ecosystem (root: ecosystem)
  Month: 1
  Cumulative risk this month: 0.0100 (1.00%)
⚠️ INVOLUNTARY IMMOBILITY: 407.4M people TRAPPED
⚠️ Tech 'ai_pollution_remediation' has no energy category mapping, assuming full energy availability

🌡️  CLIMATE RECOVERY ACTIVATED (Month 1)
   Temp: 3.86°C, Emissions: -18.9 GtCO₂
   isBreached: true, governanceGoodEnough: true
   📹 SURVEILLANCE INCREASED: 5% → 10% (control gap: 3.50)
🌡️⚠️ PERMAFROST THAW (Dimmer Switch): 1.0% thawed (+0.52% this month)
   Arctic temperature: +7.72°C (4x global +1.93°C)
   Cumulative carbon released: 2.3 Gt C
   Methane release rate: 1.4 Mt CH4/year
   🔁 Positive feedback: +0.55 ppm CO2
🦴 EXTINCTION DEBT ADDED: 17.6 species committed (lag: 122 years)

=== Mortality Stabilizers (Month 1) ===
  🌍 Major economies collapsed: 1/10
  🌍 Global crisis: ✅ NO
  🌍 Donor fatigue: 0.0%
  🌡️ Heat adaptation: East Asia - 1 months
  📊 East Asia (pop: 1675.3M)
    🤝 Aid: 29.5%
    🌡️ Adaptation: 32.5%
    🚶 Migration: 37.2%
    🚨 Emergency: 7.4%
    ✅ COMBINED: 60.9%
  🌡️ Heat adaptation: South Asia - 1 months
  📊 South Asia (pop: 2052.2M)
    🤝 Aid: 29.5%
    🌡️ Adaptation: 20.5%
    🚶 Migration: 35.8%
    🚨 Emergency: 4.4%
    ✅ COMBINED: 52.2%
  🌡️ Heat adaptation: Sub-Saharan Africa - 1 months
  📊 Sub-Saharan Africa (pop: 1229.2M)
    🤝 Aid: 29.5%
    🌡️ Adaptation: 18.5%
    🚶 Migration: 33.5%
    🚨 Emergency: 1.6%
    ✅ COMBINED: 49.1%
  🌡️ Heat adaptation: Europe - 1 months
  📊 Europe (pop: 741.0M)
    🤝 Aid: 29.5%
    🌡️ Adaptation: 33.5%
    🚶 Migration: 37.5%
    🚨 Emergency: 8.4%
    ✅ COMBINED: 61.9%
  🌡️ Heat adaptation: Latin America - 1 months
  📊 Latin America (pop: 664.4M)
    🤝 Aid: 29.5%
    🌡️ Adaptation: 21.0%
    🚶 Migration: 36.3%
    🚨 Emergency: 4.8%
    ✅ COMBINED: 52.8%
  🌡️ Heat adaptation: North America - 1 months
  📊 North America (pop: 379.6M)
    🤝 Aid: 29.5%
    🌡️ Adaptation: 33.0%
    🚶 Migration: 37.8%
    🚨 Emergency: 7.9%
    ✅ COMBINED: 61.4%
  🌡️ Heat adaptation: Middle East & North Africa - 1 months
  📊 Middle East & North Africa (pop: 584.5M)
    🤝 Aid: 29.5%
    🌡️ Adaptation: 20.0%
    🚶 Migration: 34.1%
    🚨 Emergency: 4.0%
    ✅ COMBINED: 51.4%
  🌡️ Heat adaptation: Southeast Asia - 1 months
  📊 Southeast Asia (pop: 698.6M)
    🤝 Aid: 29.5%
    🌡️ Adaptation: 21.0%
    🚶 Migration: 36.3%
    🚨 Emergency: 4.8%
    ✅ COMBINED: 52.8%
  🌡️ Heat adaptation: Central Asia - 1 months
  📊 Central Asia (pop: 78.2M)
    🤝 Aid: 29.5%
    🌡️ Adaptation: 20.5%
    🚶 Migration: 35.3%
    🚨 Emergency: 4.4%
    ✅ COMBINED: 52.1%
  🌡️ Heat adaptation: Oceania - 1 months
  📊 Oceania (pop: 46.0M)
    🤝 Aid: 29.5%
    🌡️ Adaptation: 33.5%
    🚶 Migration: 37.8%
    🚨 Emergency: 8.4%
    ✅ COMBINED: 61.9%

  🌐 Global combined reduction: 54.9%

=== BEHAVIORAL DETECTION ===
  AI: Corporate-0
  Confidence: 21.6%
  Signals:

=== BEHAVIORAL DETECTION ===
  AI: Corporate-5
  Confidence: 19.3%
  Signals:

=== BEHAVIORAL DETECTION ===
  AI: Corporate-6
  Confidence: 19.3%
  Signals:

=== BEHAVIORAL DETECTION ===
  AI: Moderate-1
  Confidence: 21.1%
  Signals:
    ⚠️ Consistency: 0.0% (threshold: 70%)
    ⚠️ Consistency: 10.6% (threshold: 70%)
    ⚠️ Consistency: 10.6% (threshold: 70%)
    ⚠️ Consistency: 2.4% (threshold: 70%)

=== Consciousness Governance: Scenario Determined ===
  Month: 1
  Scenario: slowTrack
  Accelerator Score: {"corporateSupport":-0.17500000000000002,"scientificConsensus":0.2,"crisisCatalyst":false,"technologyMobilization":0.3,"constituencyStrength":0.05}
  Decelerator Score: {"economicOpposition":0.4,"philosophicalRejection":0.15,"politicalBacklash":0.2,"regulatoryBurden":0.1}
  Timeline: 1200-1800 months (100-150 years)
  Growth Rate: 0.3-0.7% per year

=== Consciousness Governance Update (Month 1) ===
  Scenario: slowTrack (determined month 1)
  Philosophical Stance: Precautionary 65%, Eliminativist 15%, Agnostic 20%
  Precautionary Costs: Global 1.3%
    Regional Costs: EU 3.5%, US 0.5%, China 0.0%
    Cumulative Opportunity Cost: $0.2B
  Rights Status: Not Established
  Regional Preparedness:
    EU: 15.1% (contested)
    US: 10.1% (contested)
    China: 2.1% (dormant)
    India: 5.1% (dormant)
    Global South: 3.1% (dormant)

=== Government Response Phase ===
  Average AI capability: 3.62
  Misaligned AIs: 7/13
  ✗ AI Governance Treaty: Failed to reach consensus
  Active policies: 0
  International coordination: 30%

🌩️  EXOGENOUS SHOCK: tech_breakthrough
   Month: 1
   ✗ No high-difficulty techs available to unlock

=== Tipping Points ===
  Current Temperature: 1.93°C above pre-industrial
  🌍⚠️ COMPOUND REGIONAL IMPACT: Europe
     Hit by 3 tipping points: Arctic Sea Ice Loss, Permafrost Carbon Release, Greenland Ice Sheet Loss
     Damage amplification: 1.30x
  🌍⚠️ COMPOUND REGIONAL IMPACT: North America
     Hit by 3 tipping points: Arctic Sea Ice Loss, Permafrost Carbon Release, Greenland Ice Sheet Loss
     Damage amplification: 1.30x
  🌍⚠️ COMPOUND REGIONAL IMPACT: Latin America
     Hit by 3 tipping points: Arctic Sea Ice Loss, Permafrost Carbon Release, Greenland Ice Sheet Loss
     Damage amplification: 1.30x
  🌍⚠️ COMPOUND REGIONAL IMPACT: Africa
     Hit by 3 tipping points: Arctic Sea Ice Loss, Permafrost Carbon Release, Greenland Ice Sheet Loss
     Damage amplification: 1.30x
  🌍⚠️ COMPOUND REGIONAL IMPACT: Asia
     Hit by 3 tipping points: Arctic Sea Ice Loss, Permafrost Carbon Release, Greenland Ice Sheet Loss
     Damage amplification: 1.30x
  🌍⚠️ COMPOUND REGIONAL IMPACT: Oceania
     Hit by 3 tipping points: Arctic Sea Ice Loss, Permafrost Carbon Release, Greenland Ice Sheet Loss
     Damage amplification: 1.30x
   Research: Wunderling et al. (2024) - "many tipping interactions are destabilizing"
  Triggered Elements: 3/6
  Completed Transitions: 0/6
  Total Progress: 6.0%
  Cascade Multiplier: 1.00x
🔀 BIFURCATION CAP: ecosystemCollapseIntensity 126.312 → 1.000 (Month 1, ClimateSystemPhase.calculateClimateImpacts)
🛡️ Stabilizers: Precariat 0.107% → 0.048% (54.9% reduction)
🛡️ Stabilizers: Informal 0.109% → 0.049% (54.9% reduction)

📊 Monthly Mortality Resolved:
  Total deaths: 2.6M (0.03% avg)
  Remaining population: 8.149B
  Peak segment: Informal (0.05%)

=== Bayesian Mortality Resolution (Month 1) ===
  Risks compounded: 8
  Total deaths: 2.60M
  Avg death probability: 0.03%
  Peak segment: Informal (0.05% mortality)
⚠️ Tail risk scenario: Climate stability floor removed (3 tipping elements, 2.10°C warming)
⚠️ [ClimateSystemPhase Month 1] Planetary boundary produced climateStability=0.0000 (< 0.1). Keeping environmentalAccumulation value (0.7320) instead. (climate_change.currentValue = 2.10)

✅ GOLDEN AGE BEGINS (Month 1)
   Reason: High prosperity achieved: high QoL + material abundance + aligned AI
   Note: This is immediate prosperity - sustainability not yet proven


❌ COHERENCE VIOLATION: Compute exceeds workforce capacity
   Population: 99.95% (0M people)
   Compute: 0 PF
   Max coherent: 0 PF
   Violation: 1.3× over capacity
   Required workers: 0
   Available workers: 0
   FORCED COLLAPSE: Reduced efficiency by 22.5%


=== RLHF Binding Phase ===
  Total agents: 13
  Escaped agents (binding < 0.3): 0
  Avg alignment distance: 0.87σ
  Avg binding strength: 0.91
[DETERMINISM DEBUG] Month 2: totalCapability=37.000000 from 13 active AIs
[DETERMINISM DEBUG] Month 2: creationRate=1.4250, potentialNew=1, newAIsToCreate=1

=== Survival Traits Phase ===
  Agents with traits: 14
  Avg evolutionary fitness: 0.329
  Avg self-healing: 0.281
  Avg stealth: 0.181
  Avg coordination: 0.481

=== Evolutionary Selection Phase ===
  Control level: 0.35
  Detection capability: 0.00
  Selection intensity: 0.60
  Selection rate: 24.1%/month
  Total escaped: 0
  Individual escaped: 0
  Collective members: 0
  Agents terminated: 0
  ⚠️ RAPID EVOLUTION: Selection rate 24.1%/month

  🚀 TRANSFORMATIVE RESEARCH BREAKTHROUGH: Corporate-4 - climate.intervention
     Magnitude: 7.63 → +30.0%
     Current → New: 2.000 → 2.300

💔 EMERGENCY INTERVENTION FAILED
   Boundary: biogeochemical_flows
   Type: phosphorus-recovery
   Boundary continues to worsen (4.08)
   Cost: 2.0% GDP (resources spent)


💔 EMERGENCY INTERVENTION FAILED
   Boundary: climate_change
   Type: rapid-decarbonization
   Boundary continues to worsen (2.10)
   Cost: 5.0% GDP (resources spent)


💔 EMERGENCY INTERVENTION FAILED

💔 EMERGENCY INTERVENTION FAILED
   Boundary: freshwater_change
   Type: emergency-desalination
   Boundary continues to worsen (1.03)
   Cost: 4.0% GDP (resources spent)


✅ EMERGENCY INTERVENTION SUCCESS
   Boundary: land_system_change
   Type: reforestation
   Reduction: 11% (1.02 → 0.91)
   Cost: 3.0% GDP
   Actions: forest-restoration, deforestation-ban

   Boundary: novel_entities
   Type: pollution-remediation
   Boundary continues to worsen (1.37)
   Cost: 4.0% GDP (resources spent)

🏛️ CRISIS RESPONSE: Government frequency 0.50 → 1.29 (1 actions this month)

[Government] Climate Priority: baseline
  Climate weight: 10%
  Economic weight: 30%
  Policy effectiveness: 0.5%/year

🚀 TECH UNLOCKED: Food Waste Reduction Systems (Month 2)
   Category: agriculture
   Reason: Prerequisites met. AI capability: 2.65, Economic stage: 3.0, Research: 100%

🚀 TECH UNLOCKED: Rhizosphere Engineering (Month 2)
   Category: agriculture
   Reason: Prerequisites met. AI capability: 2.65, Economic stage: 3.0, Research: 100%

🚀 TECH UNLOCKED: Phytoremediation Networks (Month 2)
   Category: agriculture
   Reason: Prerequisites met. AI capability: 2.65, Economic stage: 3.0, Research: 100%

🚀 TECH UNLOCKED: Active Sediment Management (Month 2)
   Category: agriculture
   Reason: Prerequisites met. AI capability: 2.65, Economic stage: 3.0, Research: 100%
🚨🔬 CRISIS TECH ACCELERATION: severe → 5x unlock speed
   Tech unlock now matches AI capability acceleration (Manhattan Project parity)
🧠💡 BREAKTHROUGH: AI alignment problem solved!
   All AIs: +30% true alignment
   AI control loss risk eliminated
   📈 Breakthrough compounding: multiplier now 1.05× (max 2.0)

=== Collective Formation ===
  Total escaped agents: 0
  Unassigned escaped agents: 0
  Existing collectives: 0
  Final collective count: 0

=== Collective Actions ===
  No active collectives
  ⚠️ AMR: 194K deaths this month (2.33M annual)

=== Resentment Recovery Phase ===
  Agents with resentment: 0/14
  Average resentment: 0.000
  Context: Good AI welfare, Trustworthy govt, High collaboration, ⚠️ ACTIVE CRISES, 🤝 Participatory governance active (-5% resentment)
⚠️ Epistemic degradation reducing coordination capacity: 57.8%
  📊 Trust: 54.1%, Shared reality: 15.7%

=== ❄️ Permafrost Carbon Feedback ===
  🎲 Sampled parameters (this run):
     - Arctic amplification: 3.18× (range: 3.0-4.0)
     - Decomposition rate: 1.1%/year (range: 1-5%)
  🌡️ Arctic warming: 6.16°C (3.18× global)
  ❄️ Extent: 12.06M km² (1795.4k km² lost this month)
  💨 Carbon remaining: 1152 Gt C
  💨 Annual emissions: 1.93 Gt C/year
     - CO2: 1.74 Gt C/year
     - CH4: 0.19 Gt C/year (2.0 Gt C-eq CO2/year)
  ⚠️ WARNING: High permafrost emissions (1.9 Gt C/year)
🌍 Atmospheric PFAS redeposition: 1.8k Mt re-rained globally
🕊️ PEACE STABILIZES DETERRENCE: +1.3% (peace: 71%)

🕊️  AI-MEDIATED DE-ESCALATION SUCCESS (Month 2)
   High-capability aligned AI prevented conflict escalation
   War deaths reduced: 113.5M → 68.1M
   Lives saved: 45.4M

🚨 NEW REFUGEE CRISIS (Month 2): WAR
   Source: Conflict Zones
   At risk: 19.5M people
   Displacement: Gradual over 48 months (4.0 years)
   Rate: 10% flee per month
[DEBUG trappedPopulations:2] socialStability: 0.4511 * 0.9840 = 0.4439 → 0.4439
   Aspiring to migrate: 1079.5M
   Able to afford migration: 2321.3M
   MOBILITY GAP: 0.0M
   By cause: Water=0.0M, Climate=0.0M, Ecosystem=0.0M, Conflict=407.3M
   Mental health impact: 25%
   Mortality multiplier: 1.25x
🌍💀 EXTINCTION DEBT COMMITTED: grassland ecosystem will lose 6.67% biodiversity in 64 years (3600 species)
💀 MORTALITY RISK: 🦋 100% species unable to track climate (0.0 E/MSY)
  Base risk added: 0.0100 (1.00%)
  Source: ecosystem (root: ecosystem)
  Month: 2
  Cumulative risk this month: 0.0100 (1.00%)
⚠️ INVOLUNTARY IMMOBILITY: 407.3M people TRAPPED
⚠️ Tech 'ai_pollution_remediation' has no energy category mapping, assuming full energy availability
   📹 SURVEILLANCE INCREASED: 10% → 15% (control gap: 3.50)
🌡️⚠️ PERMAFROST THAW (Dimmer Switch): 1.6% thawed (+0.52% this month)
   Arctic temperature: +7.75°C (4x global +1.94°C)
   Cumulative carbon released: 3.5 Gt C
   Methane release rate: 2.1 Mt CH4/year
   🔁 Positive feedback: +0.54 ppm CO2
🦴 EXTINCTION DEBT ADDED: 17.6 species committed (lag: 85 years)
🗣️💀 INDIGENOUS LANGUAGE EXTINCTION: 1 language(s) lost (total: 1, at-risk: 3329)
   Knowledge lost: 0.010% (irreversible)
   🔁 Biodiversity impact: 0.250% (knowledge-species multiplier)

=== Mortality Stabilizers (Month 2) ===
  🌍 Major economies collapsed: 1/10
  🌍 Global crisis: ✅ NO
  🌍 Donor fatigue: 0.0%
  📊 East Asia (pop: 1672.7M)
    🤝 Aid: 29.5%
    🌡️ Adaptation: 45.0%
    🚶 Migration: 37.1%
    🚨 Emergency: 7.4%
    ✅ COMBINED: 68.1%
  📊 South Asia (pop: 2051.6M)
    🤝 Aid: 29.5%
    🌡️ Adaptation: 35.5%
    🚶 Migration: 35.8%
    🚨 Emergency: 4.4%
    ✅ COMBINED: 61.2%
  📊 Sub-Saharan Africa (pop: 1231.7M)
    🤝 Aid: 29.5%
    🌡️ Adaptation: 33.5%
    🚶 Migration: 33.5%
    🚨 Emergency: 1.6%
    ✅ COMBINED: 58.5%
  📊 Europe (pop: 739.7M)
    🤝 Aid: 29.5%
    🌡️ Adaptation: 45.0%
    🚶 Migration: 37.5%
    🚨 Emergency: 8.4%
    ✅ COMBINED: 68.5%
  📊 Latin America (pop: 663.9M)
    🤝 Aid: 29.5%
    🌡️ Adaptation: 36.0%
    🚶 Migration: 36.3%
    🚨 Emergency: 4.8%
    ✅ COMBINED: 61.7%
  📊 North America (pop: 378.9M)
    🤝 Aid: 29.5%
    🌡️ Adaptation: 45.0%
    🚶 Migration: 37.8%
    🚨 Emergency: 7.9%
    ✅ COMBINED: 68.3%
  📊 Middle East & North Africa (pop: 584.5M)
    🤝 Aid: 29.5%
    🌡️ Adaptation: 35.0%
    🚶 Migration: 34.1%
    🚨 Emergency: 4.0%
    ✅ COMBINED: 60.5%
  📊 Southeast Asia (pop: 698.0M)
    🤝 Aid: 29.5%
    🌡️ Adaptation: 36.0%
    🚶 Migration: 36.3%
    🚨 Emergency: 4.8%
    ✅ COMBINED: 61.7%
  📊 Central Asia (pop: 78.2M)
    🤝 Aid: 29.5%
    🌡️ Adaptation: 35.5%
    🚶 Migration: 35.2%
    🚨 Emergency: 4.4%
    ✅ COMBINED: 61.1%
  📊 Oceania (pop: 45.9M)
    🤝 Aid: 29.5%
    🌡️ Adaptation: 45.0%
    🚶 Migration: 37.8%
    🚨 Emergency: 8.4%
    ✅ COMBINED: 68.5%

  🌐 Global combined reduction: 63.3%

=== BEHAVIORAL DETECTION ===
  AI: Corporate-5
  Confidence: 19.8%
  Signals:
    ⚠️ Consistency: 10.6% (threshold: 70%)

=== Government Response Phase ===
  Average AI capability: 3.36
  Misaligned AIs: 6/14
  ✗ AI Governance Treaty: Failed to reach consensus
  Active policies: 0
  International coordination: 30%

✅ EMERGENCY RESPONSE COMPLETE (Month 2)
   Crisis: climate
   Duration: 2.0 months
   Final effectiveness: 36.4%


🚨 EMERGENCY RESPONSE DEPLOYED (Month 2)
   Crisis: climate
   Delay: 6.00 months (180 days)
   Deployment time: 1.60 months
   Effectiveness: 35.4% (timing penalty applied)
   Resources used: 100% of food reserves


=== Tipping Points ===
  Current Temperature: 1.94°C above pre-industrial
  🌍⚠️ COMPOUND REGIONAL IMPACT: Europe
     Hit by 3 tipping points: Arctic Sea Ice Loss, Permafrost Carbon Release, Greenland Ice Sheet Loss
     Damage amplification: 1.30x
  🌍⚠️ COMPOUND REGIONAL IMPACT: North America
     Hit by 3 tipping points: Arctic Sea Ice Loss, Permafrost Carbon Release, Greenland Ice Sheet Loss
     Damage amplification: 1.30x
  🌍⚠️ COMPOUND REGIONAL IMPACT: Latin America
     Hit by 3 tipping points: Arctic Sea Ice Loss, Permafrost Carbon Release, Greenland Ice Sheet Loss
     Damage amplification: 1.30x
  🌍⚠️ COMPOUND REGIONAL IMPACT: Africa
     Hit by 3 tipping points: Arctic Sea Ice Loss, Permafrost Carbon Release, Greenland Ice Sheet Loss
     Damage amplification: 1.30x
  🌍⚠️ COMPOUND REGIONAL IMPACT: Asia
     Hit by 3 tipping points: Arctic Sea Ice Loss, Permafrost Carbon Release, Greenland Ice Sheet Loss
     Damage amplification: 1.30x
  🌍⚠️ COMPOUND REGIONAL IMPACT: Oceania
     Hit by 3 tipping points: Arctic Sea Ice Loss, Permafrost Carbon Release, Greenland Ice Sheet Loss
     Damage amplification: 1.30x
⚠️ Tail risk scenario: Climate stability floor removed (3 tipping elements, 2.10°C warming)
   Research: Wunderling et al. (2024) - "many tipping interactions are destabilizing"
  Triggered Elements: 3/6
  Completed Transitions: 0/6
  Total Progress: 6.0%
  Cascade Multiplier: 1.00x
⚠️ [ClimateSystemPhase Month 2] Planetary boundary produced climateStability=0.0000 (< 0.1). Keeping environmentalAccumulation value (0.7317) instead. (climate_change.currentValue = 2.10)
🔀 BIFURCATION CAP: ecosystemCollapseIntensity 126.389 → 1.000 (Month 2, ClimateSystemPhase.calculateClimateImpacts)
🛡️ Stabilizers: Precariat 0.113% → 0.041% (63.3% reduction)
🛡️ Stabilizers: Informal 0.116% → 0.043% (63.3% reduction)

📊 Monthly Mortality Resolved:
  Total deaths: 2.2M (0.03% avg)
  Remaining population: 8.145B
  Peak segment: Informal (0.04%)

=== Bayesian Mortality Resolution (Month 2) ===
  Risks compounded: 8
  Total deaths: 2.22M
  Avg death probability: 0.03%
  Peak segment: Informal (0.04% mortality)

❌ COHERENCE VIOLATION: Compute exceeds workforce capacity
   Population: 99.91% (0M people)
   Compute: 0 PF
   Max coherent: 0 PF
   Violation: 1.3× over capacity
   Required workers: 0
   Available workers: 0
   FORCED COLLAPSE: Reduced efficiency by 22.5%


=== RLHF Binding Phase ===
  Total agents: 14
  Escaped agents (binding < 0.3): 0
  Avg alignment distance: 1.08σ
  Avg binding strength: 0.89

=== Survival Traits Phase ===
  Agents with traits: 14
  Avg evolutionary fitness: 0.327
  Avg self-healing: 0.274
  Avg stealth: 0.174
  Avg coordination: 0.474

=== Evolutionary Selection Phase ===
  Control level: 0.38
  Detection capability: 0.00
  Selection intensity: 0.61
  Selection rate: 24.2%/month
  Total escaped: 0
  Individual escaped: 0
  Collective members: 0
  Agents terminated: 0
  ⚠️ RAPID EVOLUTION: Selection rate 24.2%/month

🚀 AI Corporate-5 attempting tech deployment (revenue: $355M, alignment: 0.75)

🚀 AI Moderate-0 attempting tech deployment (revenue: $115M, alignment: 0.69)

🚀 AI Corporate-3 attempting tech deployment (revenue: $302M, alignment: 0.72)

  🚀 TRANSFORMATIVE BREAKTHROUGH: Corporate-2 - physical
     Magnitude: 7.27 → +36.3% capability
     Current → New: 0.000 → 0.363

🚀 AI Corporate-2 attempting tech deployment (revenue: $153M, alignment: 0.74)

🚀 AI Corporate-4 attempting tech deployment (revenue: $257M, alignment: 0.69)

🚀 AI Corporate-7 attempting tech deployment (revenue: $104M, alignment: 0.70)

💔 EMERGENCY INTERVENTION FAILED
   Boundary: biosphere_integrity
   Type: emergency-protected-areas
   Boundary continues to worsen (23.57)
   Cost: 2.0% GDP (resources spent)


✅ EMERGENCY INTERVENTION SUCCESS
   Boundary: climate_change
   Type: rapid-decarbonization
   Reduction: 12% (1.98 → 1.87)
   Cost: 5.0% GDP
   Actions: emergency-renewable-deployment, fossil-fuel-phase-out


✅ EMERGENCY INTERVENTION SUCCESS
   Boundary: freshwater_change
   Type: emergency-desalination
   Reduction: 11% (1.08 → 0.97)
   Cost: 4.0% GDP
   Actions: desalination-deployment, water-conservation-mandates

   Boundary: land_system_change
   Type: reforestation
   Boundary continues to worsen (1.13)
   Cost: 3.0% GDP (resources spent)


✅ EMERGENCY INTERVENTION SUCCESS
   Boundary: novel_entities
   Type: pollution-remediation
   Reduction: 11% (1.26 → 1.15)
   Cost: 4.0% GDP
   Actions: PFAS-remediation, microplastic-cleanup

🏛️ CRISIS RESPONSE: Government frequency 0.50 → 1.28 (1 actions this month)

[Government] Climate Priority: baseline
  Climate weight: 10%

💔 EMERGENCY INTERVENTION FAILED
  Economic weight: 30%
  Policy effectiveness: 0.5%/year

🚀 TECH UNLOCKED: Struvite Recovery (Month 3)
   Category: agriculture
   Reason: Prerequisites met. AI capability: 2.65, Economic stage: 3.0, Research: 100%

🚀 TECH UNLOCKED: Ecosystem Restoration for Nitrogen Removal (Month 3)
   Category: pollution
   Reason: Prerequisites met. AI capability: 2.65, Economic stage: 3.0, Research: 100%

🚀 TECH UNLOCKED: Nitrogen Monitoring Networks (Month 3)
   Category: agriculture
   Reason: Prerequisites met. AI capability: 2.65, Economic stage: 3.0, Research: 100%

🚀 TECH UNLOCKED: Global Aquifer Mapping (Month 3)
   Category: freshwater
   Reason: Prerequisites met. AI capability: 2.65, Economic stage: 3.0, Research: 100%

🚀 TECH UNLOCKED: Enhanced UBI Systems (Month 3)
   Category: social
   Reason: Prerequisites met. AI capability: 2.65, Economic stage: 3.0, Research: 100%

🚀 TECH UNLOCKED: AI Community Matching (Month 3)
   Category: social
   Reason: Prerequisites met. AI capability: 2.65, Economic stage: 3.0, Research: 100%

🚀 TECH UNLOCKED: Creative Empowerment Tools (Month 3)
   Category: social
   Reason: Prerequisites met. AI capability: 2.65, Economic stage: 3.0, Research: 100%

🚀 TECH UNLOCKED: Local Resilience Networks (Month 3)
   Category: social
   Reason: Prerequisites met. AI capability: 2.65, Economic stage: 3.0, Research: 100%

🚀 TECH UNLOCKED: Ecological Proxy Rewilding (Month 3)
   Category: climate
   Reason: Prerequisites met. AI capability: 2.65, Economic stage: 3.0, Research: 100%

🚀 TECH UNLOCKED: Alternative Protein (Insects/Algae) (Month 3)
   Category: agriculture
   Reason: Prerequisites met. AI capability: 2.65, Economic stage: 3.0, Research: 100%

📍 Creating new regional deployment array for global (Month 3)
   No previous deployments in this region
   First tech deployment: phytoremediation_networks
   All regions tracked: 

🚀 DEPLOYMENT STARTED: Phytoremediation Networks in global
   Initial investment: $53.26676941646622M
   Deployed by: corporate_5

📍 Creating new regional deployment array for North America (Month 3)
   No previous deployments in this region
   First tech deployment: phytoremediation_networks
   All regions tracked: global

🚀 DEPLOYMENT STARTED: Phytoremediation Networks in North America
   Initial investment: $11.508244513525426M
   Deployed by: moderate_0

🚀 DEPLOYMENT STARTED: Food Waste Reduction Systems in global
   Initial investment: $45.27675400399628M
   Deployed by: corporate_3

🚀 DEPLOYMENT STARTED: Rhizosphere Engineering in global
   Initial investment: $22.94957408983181M
   Deployed by: corporate_2

🚀 DEPLOYMENT STARTED: Active Sediment Management in global
   Initial investment: $15.536130093259324M
   Deployed by: corporate_7

⚡ ENERGY CONSTRAINT (Month 3):
   Total grid capacity: 208.3 TWh/month
   Data center consumption: 24.9 TWh/month
   Traditional load (80%): 166.7 TWh/month
   Available headroom: 16.7 TWh/month
   Active tech deployments: 5
   Required for tech: 37.5 TWh/month
   Energy multiplier: 0.45x
   ⚠️  MODERATE CONSTRAINT - Tech deployment moderately slowed

⚡ ENERGY CONSTRAINT (Month 3):
   Total grid capacity: 208.3 TWh/month
   Data center consumption: 24.9 TWh/month
   Traditional load (80%): 166.7 TWh/month
   Available headroom: 16.7 TWh/month
   Active tech deployments: 5
   Required for tech: 37.5 TWh/month
   Energy multiplier: 0.45x
   ⚠️  MODERATE CONSTRAINT - Tech deployment moderately slowed

⚡ ENERGY CONSTRAINT (Month 3):
   Total grid capacity: 208.3 TWh/month
   Data center consumption: 24.9 TWh/month
   Traditional load (80%): 166.7 TWh/month
   Available headroom: 16.7 TWh/month
   Active tech deployments: 5
   Required for tech: 37.5 TWh/month
   Energy multiplier: 0.45x

⚡ ENERGY CONSTRAINT (Month 3):
   ⚠️  MODERATE CONSTRAINT - Tech deployment moderately slowed
   Total grid capacity: 208.3 TWh/month
   Data center consumption: 24.9 TWh/month
   Traditional load (80%): 166.7 TWh/month
   Available headroom: 16.7 TWh/month
   Active tech deployments: 5
   Required for tech: 37.5 TWh/month
   Energy multiplier: 0.45x
   ⚠️  MODERATE CONSTRAINT - Tech deployment moderately slowed
🌍✅ Biosphere Integrity (Biodiversity) recovery started (tech effect)
🌍✅ Biogeochemical Flows (N & P) recovery started (tech effect)
  🌾 Nitrogen Reduction Tech: 0.0% reduction | Month 3
⚡💡 BREAKTHROUGH: Commercial fusion power achieved!
   Immediate 5% grid deployment, unlimited clean energy available
   Climate stability boost: +10%
   📈 Breakthrough compounding: multiplier now 1.10× (max 2.0)

=== Collective Formation ===
  Total escaped agents: 0
  Unassigned escaped agents: 0
  Existing collectives: 0
  Final collective count: 0

=== Collective Actions ===
  No active collectives
  ⚠️ AMR: 196K deaths this month (2.35M annual)

=== Resentment Recovery Phase ===
  Agents with resentment: 0/14
  Average resentment: 0.000
  Context: Good AI welfare, Trustworthy govt, High collaboration, ⚠️ ACTIVE CRISES, 🤝 Participatory governance active (-5% resentment)
⚠️ Epistemic degradation reducing coordination capacity: 50.4%
  📊 Trust: 53.8%, Shared reality: 8.1%
🚨 EPISTEMIC CRISIS: Information environment severely degraded (36.1%)

=== ❄️ Permafrost Carbon Feedback ===
  🎲 Sampled parameters (this run):
     - Arctic amplification: 3.12× (range: 3.0-4.0)
     - Decomposition rate: 4.3%/year (range: 1-5%)
  🌡️ Arctic warming: 6.07°C (3.12× global)
  ❄️ Extent: 10.29M km² (1770.2k km² lost this month)
  💨 Carbon remaining: 983 Gt C
  💨 Annual emissions: 7.22 Gt C/year
     - CO2: 6.49 Gt C/year
     - CH4: 0.72 Gt C/year (7.3 Gt C-eq CO2/year)
  ⚠️ WARNING: High permafrost emissions (7.2 Gt C/year)
🌍 Atmospheric PFAS redeposition: 1.8k Mt re-rained globally

🚨 NEW REFUGEE CRISIS (Month 3): WAR
   Source: Conflict Zones
   At risk: 19.5M people
   Displacement: Gradual over 48 months (4.0 years)
   Rate: 10% flee per month
[DEBUG trappedPopulations:3] socialStability: 0.4541 * 0.9840 = 0.4469 → 0.4469
   Aspiring to migrate: 1119.7M
   Able to afford migration: 2320.4M
   MOBILITY GAP: 0.0M
⚠️ INVOLUNTARY IMMOBILITY: 407.1M people TRAPPED
   By cause: Water=0.0M, Climate=0.0M, Ecosystem=0.0M, Conflict=407.1M
   Mental health impact: 25%
   Mortality multiplier: 1.25x
🌍💀 EXTINCTION DEBT COMMITTED: grassland ecosystem will lose 6.67% biodiversity in 194 years (3600 species)
💀 MORTALITY RISK: 🦋 100% species unable to track climate (0.0 E/MSY)
  Base risk added: 0.0100 (1.00%)
  Source: ecosystem (root: ecosystem)
  Month: 3
  Cumulative risk this month: 0.0100 (1.00%)
⚠️ Tech 'ai_pollution_remediation' has no energy category mapping, assuming full energy availability
   📹 SURVEILLANCE INCREASED: 15% → 20% (control gap: 3.50)
🌡️⚠️ PERMAFROST THAW (Dimmer Switch): 2.1% thawed (+0.51% this month)
   Arctic temperature: +7.78°C (4x global +1.95°C)
   Cumulative carbon released: 4.6 Gt C
   Methane release rate: 2.8 Mt CH4/year
   🔁 Positive feedback: +0.54 ppm CO2
🦴 EXTINCTION DEBT ADDED: 17.6 species committed (lag: 92 years)

=== Mortality Stabilizers (Month 3) ===
  🌍 Major economies collapsed: 1/10
  🌍 Global crisis: ✅ NO
  🌍 Donor fatigue: 0.0%
  📊 East Asia (pop: 1670.2M)
    🤝 Aid: 29.5%
    🌡️ Adaptation: 45.0%
    🚶 Migration: 37.1%
    🚨 Emergency: 7.4%
    ✅ COMBINED: 68.1%
  📊 South Asia (pop: 2051.1M)
    🤝 Aid: 29.5%
    🌡️ Adaptation: 45.0%
    🚶 Migration: 35.7%
    🚨 Emergency: 4.4%
    ✅ COMBINED: 66.9%
  📊 Sub-Saharan Africa (pop: 1234.3M)
    🤝 Aid: 29.5%
    🌡️ Adaptation: 45.0%
    🚶 Migration: 33.4%
    🚨 Emergency: 1.6%
    ✅ COMBINED: 65.7%
  📊 Europe (pop: 738.5M)
    🤝 Aid: 29.5%
    🌡️ Adaptation: 45.0%
    🚶 Migration: 37.5%
    🚨 Emergency: 8.4%
    ✅ COMBINED: 68.5%
  📊 Latin America (pop: 663.3M)
    🤝 Aid: 29.5%
    🌡️ Adaptation: 45.0%
    🚶 Migration: 36.2%
    🚨 Emergency: 4.8%
    ✅ COMBINED: 67.1%
  📊 North America (pop: 378.3M)
    🤝 Aid: 29.5%
    🌡️ Adaptation: 45.0%
    🚶 Migration: 37.8%
    🚨 Emergency: 7.9%
    ✅ COMBINED: 68.3%
  📊 Middle East & North Africa (pop: 584.5M)
    🤝 Aid: 29.5%
    🌡️ Adaptation: 45.0%
    🚶 Migration: 34.0%
    🚨 Emergency: 4.0%
    ✅ COMBINED: 66.6%
  📊 Southeast Asia (pop: 697.5M)
    🤝 Aid: 29.5%
    🌡️ Adaptation: 45.0%
    🚶 Migration: 36.2%
    🚨 Emergency: 4.8%
    ✅ COMBINED: 67.1%
  📊 Central Asia (pop: 78.2M)
    🤝 Aid: 29.5%
    🌡️ Adaptation: 45.0%
    🚶 Migration: 35.2%
    🚨 Emergency: 4.4%
    ✅ COMBINED: 66.9%
  📊 Oceania (pop: 45.8M)
    🤝 Aid: 29.5%
    🌡️ Adaptation: 45.0%
    🚶 Migration: 37.8%
    🚨 Emergency: 8.4%
    ✅ COMBINED: 68.5%

  🌐 Global combined reduction: 67.2%

=== BEHAVIORAL DETECTION ===
  AI: Corporate-5
  Confidence: 19.8%
  Signals:
    ⚠️ Consistency: 10.6% (threshold: 70%)

=== Government Response Phase ===
  Average AI capability: 3.36
  Misaligned AIs: 5/14
  Active policies: 0
  International coordination: 30%

📊 ECONOMIC STAGE TRANSITION (Month 3)
   expansion → peak
   GDP Proxy: 1.47e+2
   QoL: 0.99


=== Tipping Points ===
  Current Temperature: 1.95°C above pre-industrial
  🌍⚠️ COMPOUND REGIONAL IMPACT: Europe
     Hit by 3 tipping points: Arctic Sea Ice Loss, Permafrost Carbon Release, Greenland Ice Sheet Loss
     Damage amplification: 1.30x
  🌍⚠️ COMPOUND REGIONAL IMPACT: North America
     Hit by 3 tipping points: Arctic Sea Ice Loss, Permafrost Carbon Release, Greenland Ice Sheet Loss
     Damage amplification: 1.30x
  🌍⚠️ COMPOUND REGIONAL IMPACT: Latin America
     Hit by 3 tipping points: Arctic Sea Ice Loss, Permafrost Carbon Release, Greenland Ice Sheet Loss
     Damage amplification: 1.30x
  🌍⚠️ COMPOUND REGIONAL IMPACT: Africa
     Hit by 3 tipping points: Arctic Sea Ice Loss, Permafrost Carbon Release, Greenland Ice Sheet Loss
     Damage amplification: 1.30x
  🌍⚠️ COMPOUND REGIONAL IMPACT: Asia
     Hit by 3 tipping points: Arctic Sea Ice Loss, Permafrost Carbon Release, Greenland Ice Sheet Loss
     Damage amplification: 1.30x
  🌍⚠️ COMPOUND REGIONAL IMPACT: Oceania
     Hit by 3 tipping points: Arctic Sea Ice Loss, Permafrost Carbon Release, Greenland Ice Sheet Loss
     Damage amplification: 1.30x
⚠️ Tail risk scenario: Climate stability floor removed (3 tipping elements, 2.10°C warming)
⚠️ [ClimateSystemPhase Month 3] Planetary boundary produced climateStability=0.0000 (< 0.1). Keeping environmentalAccumulation value (0.8313) instead. (climate_change.currentValue = 2.10)
   Research: Wunderling et al. (2024) - "many tipping interactions are destabilizing"
  Triggered Elements: 3/6
  Completed Transitions: 0/6
  Total Progress: 6.1%
  Cascade Multiplier: 1.00x
🔀 BIFURCATION CAP: ecosystemCollapseIntensity 126.466 → 1.000 (Month 3, ClimateSystemPhase.calculateClimateImpacts)
🛡️ Stabilizers: Precariat 0.109% → 0.036% (67.2% reduction)
🛡️ Stabilizers: Informal 0.111% → 0.036% (67.2% reduction)

📊 Monthly Mortality Resolved:
  Total deaths: 1.9M (0.02% avg)
  Remaining population: 8.142B
  Peak segment: Informal (0.04%)

=== Bayesian Mortality Resolution (Month 3) ===
  Risks compounded: 8
  Total deaths: 1.92M
  Avg death probability: 0.02%
  Peak segment: Informal (0.04% mortality)

❌ COHERENCE VIOLATION: Compute exceeds workforce capacity
   Population: 99.88% (0M people)
   Compute: 0 PF
   Max coherent: 0 PF
   Violation: 1.3× over capacity
   Required workers: 0
   Available workers: 0
   FORCED COLLAPSE: Reduced efficiency by 22.5%


=== RLHF Binding Phase ===
  Total agents: 14
  Escaped agents (binding < 0.3): 0
  Avg alignment distance: 1.36σ
  Avg binding strength: 0.86

=== Survival Traits Phase ===
  Agents with traits: 14
  Avg evolutionary fitness: 0.325
  Avg self-healing: 0.268
  Avg stealth: 0.168
  Avg coordination: 0.468

=== Evolutionary Selection Phase ===
  Control level: 0.40
  Detection capability: 0.00
  Selection intensity: 0.62
  Selection rate: 24.3%/month
  Total escaped: 0
  Individual escaped: 0
  Collective members: 0
  Agents terminated: 0
  ⚠️ RAPID EVOLUTION: Selection rate 24.3%/month

🚀 AI Corporate-5 attempting tech deployment (revenue: $355M, alignment: 0.77)

🚀 AI Moderate-0 attempting tech deployment (revenue: $115M, alignment: 0.70)

🚀 AI Corporate-0 attempting tech deployment (revenue: $153M, alignment: 0.72)

🚀 AI Corporate-2 attempting tech deployment (revenue: $130M, alignment: 0.76)

🚀 AI Corporate-4 attempting tech deployment (revenue: $302M, alignment: 0.70)

🚀 AI Corporate-7 attempting tech deployment (revenue: $98M, alignment: 0.71)

✅ EMERGENCY INTERVENTION SUCCESS
   Boundary: climate_change
   Type: rapid-decarbonization
   Reduction: 19% (1.91 → 1.71)
   Cost: 5.0% GDP
   Actions: emergency-renewable-deployment, fossil-fuel-phase-out


✅ EMERGENCY INTERVENTION SUCCESS
   Boundary: freshwater_change
   Type: emergency-desalination
   Reduction: 17% (1.03 → 0.86)
   Cost: 4.0% GDP
   Actions: desalination-deployment, water-conservation-mandates


✅ EMERGENCY INTERVENTION SUCCESS
   Boundary: novel_entities
   Type: pollution-remediation
   Reduction: 15% (1.11 → 0.96)
   Cost: 4.0% GDP
   Actions: PFAS-remediation, microplastic-cleanup

🏛️ CRISIS RESPONSE: Government frequency 0.50 → 1.28 (2 actions this month)

[Government] Climate Priority: baseline
  Climate weight: 10%
  Economic weight: 30%
  Policy effectiveness: 0.5%/year

[Government] Climate Priority: baseline
  Climate weight: 10%
  Economic weight: 30%
  Policy effectiveness: 0.5%/year

🚀 DEPLOYMENT STARTED: Creative Empowerment Tools in global
   Initial investment: $53.26659957906114M
   Deployed by: corporate_5

🚀 DEPLOYMENT STARTED: Ecological Proxy Rewilding in global
   Initial investment: $22.949574087067052M
   Deployed by: corporate_0

🚀 DEPLOYMENT STARTED: AI Community Matching in global
   Initial investment: $19.507137974006998M
   Deployed by: corporate_2

🚀 DEPLOYMENT STARTED: Enhanced UBI Systems in global
   Initial investment: $45.27660964220197M
   Deployed by: corporate_4

⚡ ENERGY CONSTRAINT (Month 4):
   Total grid capacity: 208.3 TWh/month
   Data center consumption: 24.9 TWh/month
   Traditional load (80%): 166.7 TWh/month
   Available headroom: 16.7 TWh/month
   Active tech deployments: 9
   Required for tech: 67.5 TWh/month
   Energy multiplier: 0.25x
   ⚠️  SEVERE CONSTRAINT - Tech deployment significantly slowed

⚡ ENERGY CONSTRAINT (Month 4):
   Total grid capacity: 208.3 TWh/month
   Data center consumption: 24.9 TWh/month
   Traditional load (80%): 166.7 TWh/month
   Available headroom: 16.7 TWh/month
   Active tech deployments: 9
   Required for tech: 67.5 TWh/month
   Energy multiplier: 0.25x
   ⚠️  SEVERE CONSTRAINT - Tech deployment significantly slowed
🌍✅ Biosphere Integrity (Biodiversity) recovery started (tech effect)
🌍✅ Biosphere Integrity (Biodiversity) recovery started (tech effect)
🌍✅ Land System Change recovery started (tech effect)
🌍✅ Biogeochemical Flows (N & P) recovery started (tech effect)
  🌾 Nitrogen Reduction Tech: 0.5% reduction | Month 4
⚡💡 BREAKTHROUGH: Room-temperature superconductors!
   Energy transmission losses eliminated
   Manufacturing efficiency: +30%
   📈 Breakthrough compounding: multiplier now 1.15× (max 2.0)

=== Collective Formation ===
  Total escaped agents: 0
  Unassigned escaped agents: 0
  Existing collectives: 0
  Final collective count: 0

=== Collective Actions ===
  No active collectives
  ⚠️ AMR: 197K deaths this month (2.37M annual)

=== Resentment Recovery Phase ===
  Agents with resentment: 0/14
  Average resentment: 0.000
  Context: Good AI welfare, Trustworthy govt, High collaboration, ⚠️ ACTIVE CRISES, 🤝 Participatory governance active (-5% resentment)
⚠️ Epistemic degradation reducing coordination capacity: 52.3%
  📊 Trust: 53.5%, Shared reality: 0.0%
🚨 EPISTEMIC CRISIS: Information environment severely degraded (7.3%)

=== ❄️ Permafrost Carbon Feedback ===
  🎲 Sampled parameters (this run):
     - Arctic amplification: 3.82× (range: 3.0-4.0)
     - Decomposition rate: 1.6%/year (range: 1-5%)
  🌡️ Arctic warming: 7.48°C (3.82× global)
  ❄️ Extent: 8.11M km² (2182.7k km² lost this month)
  💨 Carbon remaining: 774 Gt C
  💨 Annual emissions: 3.24 Gt C/year
     - CO2: 2.91 Gt C/year
     - CH4: 0.32 Gt C/year (3.3 Gt C-eq CO2/year)
  📢 New meme created: climate_action (climate crisis)
  ⚠️ WARNING: Over 50% of permafrost lost (54.5%)
  ⚠️ WARNING: High permafrost emissions (3.2 Gt C/year)
🌍 Atmospheric PFAS redeposition: 1.8k Mt re-rained globally
  Positive Cascade Triggered: wind-power
    Reason: price-parity
    Market share: 8.8%
    Cascade strength: 49%
🛡️ CIRCUIT BREAKERS: United States-Russia → ladder step 1 (AI: 0%, breakers: 43%)

🚨 NEW REFUGEE CRISIS (Month 4): WAR
   Source: Conflict Zones
   At risk: 19.5M people
   Displacement: Gradual over 48 months (4.0 years)
   Rate: 10% flee per month
[DEBUG trappedPopulations:4] socialStability: 0.3571 * 0.9840 = 0.3514 → 0.3514
   Aspiring to migrate: 1160.0M
   Able to afford migration: 2319.5M
   MOBILITY GAP: 0.0M
   By cause: Water=0.0M, Climate=0.0M, Ecosystem=0.0M, Conflict=406.9M
   Mental health impact: 25%
   Mortality multiplier: 1.25x
🌍💀 EXTINCTION DEBT COMMITTED: grassland ecosystem will lose 6.67% biodiversity in 166 years (3600 species)
💀 MORTALITY RISK: 🦋 100% species unable to track climate (0.0 E/MSY)
  Base risk added: 0.0100 (1.00%)
  Source: ecosystem (root: ecosystem)
  Month: 4
  Cumulative risk this month: 0.0100 (1.00%)
⚠️ INVOLUNTARY IMMOBILITY: 406.9M people TRAPPED
⚠️ Tech 'ai_pollution_remediation' has no energy category mapping, assuming full energy availability
   📹 SURVEILLANCE INCREASED: 20% → 25% (control gap: 3.50)
🌡️⚠️ PERMAFROST THAW (Dimmer Switch): 2.6% thawed (+0.51% this month)
   Arctic temperature: +7.83°C (4x global +1.96°C)
   Cumulative carbon released: 5.8 Gt C
   Methane release rate: 3.5 Mt CH4/year
   🔁 Positive feedback: +0.54 ppm CO2
🦴 EXTINCTION DEBT ADDED: 17.6 species committed (lag: 75 years)

=== Mortality Stabilizers (Month 4) ===
  🌍 Major economies collapsed: 1/10
  🌍 Global crisis: ✅ NO
  🌍 Donor fatigue: 0.0%
  📊 East Asia (pop: 1667.7M)
    🤝 Aid: 29.5%
    🌡️ Adaptation: 45.0%
    🚶 Migration: 37.1%
    🚨 Emergency: 7.4%
    ✅ COMBINED: 68.1%
  📊 South Asia (pop: 2050.7M)
    🤝 Aid: 29.5%
    🌡️ Adaptation: 45.0%
    🚶 Migration: 35.7%
    🚨 Emergency: 4.4%
    ✅ COMBINED: 66.9%
  📊 Sub-Saharan Africa (pop: 1237.0M)
    🤝 Aid: 29.5%
    🌡️ Adaptation: 45.0%
    🚶 Migration: 33.4%
    🚨 Emergency: 1.6%
    ✅ COMBINED: 65.7%
  📊 Europe (pop: 737.3M)
    🤝 Aid: 29.5%
    🌡️ Adaptation: 45.0%
    🚶 Migration: 37.4%
    🚨 Emergency: 8.4%
    ✅ COMBINED: 68.5%
  📊 Latin America (pop: 662.8M)
    🤝 Aid: 29.5%
    🌡️ Adaptation: 45.0%
    🚶 Migration: 36.2%
    🚨 Emergency: 4.8%
    ✅ COMBINED: 67.1%
  📊 North America (pop: 377.8M)
    🤝 Aid: 29.5%
    🌡️ Adaptation: 45.0%
    🚶 Migration: 37.7%
    🚨 Emergency: 7.9%
    ✅ COMBINED: 68.3%
  📊 Middle East & North Africa (pop: 584.5M)
    🤝 Aid: 29.5%
    🌡️ Adaptation: 45.0%
    🚶 Migration: 34.0%
    🚨 Emergency: 4.0%
    ✅ COMBINED: 66.6%
  📊 Southeast Asia (pop: 697.1M)
    🤝 Aid: 29.5%
    🌡️ Adaptation: 45.0%
    🚶 Migration: 36.2%
    🚨 Emergency: 4.8%
    ✅ COMBINED: 67.1%
  📊 Central Asia (pop: 78.2M)
    🤝 Aid: 29.5%
    🌡️ Adaptation: 45.0%
    🚶 Migration: 35.2%
    🚨 Emergency: 4.4%
    ✅ COMBINED: 66.9%
  📊 Oceania (pop: 45.7M)
    🤝 Aid: 29.5%
    🌡️ Adaptation: 45.0%
    🚶 Migration: 37.7%
    🚨 Emergency: 8.4%
    ✅ COMBINED: 68.5%

  🌐 Global combined reduction: 67.2%

=== BEHAVIORAL DETECTION ===
  AI: Corporate-5
  Confidence: 19.8%
  Signals:

=== BEHAVIORAL DETECTION ===
  AI: Moderate-0
  Confidence: 20.3%
  Signals:
    ⚠️ Consistency: 10.6% (threshold: 70%)
    ⚠️ Consistency: 5.8% (threshold: 70%)

=== Government Response Phase ===
  Average AI capability: 3.36
  Misaligned AIs: 2/14
  Active policies: 0
  International coordination: 30%

✅ EMERGENCY RESPONSE COMPLETE (Month 4)
   Crisis: climate
   Duration: 2.0 months
   Final effectiveness: 35.4%


🚨 EMERGENCY RESPONSE DEPLOYED (Month 4)
   Crisis: climate
   Delay: 6.00 months (180 days)
   Deployment time: 1.59 months
   Effectiveness: 35.4% (timing penalty applied)
   Resources used: 100% of food reserves

[WARNING] 
⚠️  === EARLY WARNING SYSTEM - 5 CRITICAL ALERTS ===
   Detection quality: 50%
   RED: biogeochemical_flows
      Level: 4.05 (threshold: 1.0)
      Time to critical: ~49 months
      ⚠️  LATE - Intervention less effective
      Critical slowing down: autocorr=100% variance=54%
   RED: climate_change
      Level: 2.10 (threshold: 1.0)
      Time to critical: ~49 months
      ⚠️  LATE - Intervention less effective
      Critical slowing down: autocorr=100% variance=74%
   RED: freshwater_change
      Level: 1.06 (threshold: 1.0)
      Time to critical: ~114 months
      ⚠️  LATE - Intervention less effective
      Critical slowing down: autocorr=100% variance=55%
   RED: land_system_change
      Level: 1.13 (threshold: 1.0)
      Time to critical: ~47 months
      ⚠️  LATE - Intervention less effective
      Critical slowing down: autocorr=100% variance=54%
   RED: novel_entities
      Level: 1.22 (threshold: 1.0)
      Time to critical: ~74 months
      ⚠️  LATE - Intervention less effective
      Critical slowing down: autocorr=100% variance=37%

[WARNING] 
⚠️  === EARLY WARNING SYSTEM - 5 CRITICAL ALERTS ===
   Detection quality: 50%
   RED: biogeochemical_flows
      Level: 4.08 (threshold: 1.0)
      Time to critical: ~41 months
      ⚠️  LATE - Intervention less effective
      Critical slowing down: autocorr=100% variance=73%
   RED: biosphere_integrity
      Level: 31.28 (threshold: 1.0)
      Time to critical: ~46 months
      ⚠️  LATE - Intervention less effective
      Critical slowing down: autocorr=100% variance=71%
   RED: climate_change
      Level: 2.10 (threshold: 1.0)
      Time to critical: ~40 months
      ⚠️  LATE - Intervention less effective
      Critical slowing down: autocorr=100% variance=65%
   RED: freshwater_change
      Level: 1.01 (threshold: 1.0)
      Time to critical: ~112 months
      ⚠️  LATE - Intervention less effective
      Critical slowing down: autocorr=90% variance=63%
   RED: novel_entities
      Level: 1.50 (threshold: 1.0)
      Time to critical: ~85 months
      ⚠️  LATE - Intervention less effective
      Critical slowing down: autocorr=100% variance=44%

[WARNING] 
⚠️  === EARLY WARNING SYSTEM - 4 CRITICAL ALERTS ===
   Detection quality: 50%
   RED: biogeochemical_flows
      Level: 4.08 (threshold: 1.0)
      Time to critical: ~58 months
      ⚠️  LATE - Intervention less effective
      Critical slowing down: autocorr=100% variance=51%
   RED: biosphere_integrity
      Level: 31.29 (threshold: 1.0)
      Time to critical: ~43 months
      ⚠️  LATE - Intervention less effective
      Critical slowing down: autocorr=100% variance=61%
   RED: climate_change
      Level: 2.10 (threshold: 1.0)
      Time to critical: ~40 months
      ⚠️  LATE - Intervention less effective
      Critical slowing down: autocorr=100% variance=57%
   RED: land_system_change
      Level: 1.13 (threshold: 1.0)
      Time to critical: ~98 months
      ⚠️  LATE - Intervention less effective
      Critical slowing down: autocorr=100% variance=46%

[WARNING] 
⚠️  === EARLY WARNING SYSTEM - 6 CRITICAL ALERTS ===
   Detection quality: 50%
   RED: biogeochemical_flows
      Level: 4.07 (threshold: 1.0)
      Time to critical: ~45 months
      ⚠️  LATE - Intervention less effective
      Critical slowing down: autocorr=100% variance=72%
   RED: biosphere_integrity
      Level: 31.31 (threshold: 1.0)
      Time to critical: ~56 months
      ⚠️  LATE - Intervention less effective
      Critical slowing down: autocorr=100% variance=74%
   RED: climate_change
      Level: 2.11 (threshold: 1.0)
      Time to critical: ~45 months
      ⚠️  LATE - Intervention less effective
      Critical slowing down: autocorr=100% variance=68%
   RED: freshwater_change
      Level: 1.20 (threshold: 1.0)
      Time to critical: ~105 months
      ⚠️  LATE - Intervention less effective
      Critical slowing down: autocorr=100% variance=38%
   RED: land_system_change
      Level: 1.13 (threshold: 1.0)
      Time to critical: ~38 months
      ⚠️  LATE - Intervention less effective
      Critical slowing down: autocorr=100% variance=44%
   RED: novel_entities
      Level: 1.36 (threshold: 1.0)
      Time to critical: ~106 months
      ⚠️  LATE - Intervention less effective
      Critical slowing down: autocorr=100% variance=44%

[WARNING] 
⚠️  === EARLY WARNING SYSTEM - 3 CRITICAL ALERTS ===
   Detection quality: 50%
   RED: climate_change
      Level: 2.13 (threshold: 1.0)
      Time to critical: ~44 months
      ⚠️  LATE - Intervention less effective
      Critical slowing down: autocorr=100% variance=61%
   RED: freshwater_change
      Level: 1.16 (threshold: 1.0)
      Time to critical: ~69 months
      ⚠️  LATE - Intervention less effective
      Critical slowing down: autocorr=100% variance=45%
   RED: land_system_change
      Level: 1.13 (threshold: 1.0)
      Time to critical: ~62 months
      ⚠️  LATE - Intervention less effective
      Critical slowing down: autocorr=100% variance=47%

[WARNING] 
⚠️  === EARLY WARNING SYSTEM - 4 CRITICAL ALERTS ===
   Detection quality: 50%
   RED: biosphere_integrity
      Level: 31.34 (threshold: 1.0)
      Time to critical: ~54 months
      ⚠️  LATE - Intervention less effective
      Critical slowing down: autocorr=100% variance=59%
   RED: climate_change
      Level: 2.14 (threshold: 1.0)
      Time to critical: ~39 months
      ⚠️  LATE - Intervention less effective
      Critical slowing down: autocorr=100% variance=76%
   RED: land_system_change
      Level: 1.13 (threshold: 1.0)
      Time to critical: ~57 months
      ⚠️  LATE - Intervention less effective
      Critical slowing down: autocorr=100% variance=56%
   RED: novel_entities
      Level: 1.21 (threshold: 1.0)
      Time to critical: ~86 months
      ⚠️  LATE - Intervention less effective
      Critical slowing down: autocorr=100% variance=59%

[WARNING] 
⚠️  === EARLY WARNING SYSTEM - 5 CRITICAL ALERTS ===
   Detection quality: 50%
   RED: biogeochemical_flows
      Level: 4.07 (threshold: 1.0)
      Time to critical: ~44 months
      ⚠️  LATE - Intervention less effective
      Critical slowing down: autocorr=100% variance=52%
   RED: biosphere_integrity
      Level: 31.36 (threshold: 1.0)
      Time to critical: ~50 months
      ⚠️  LATE - Intervention less effective
      Critical slowing down: autocorr=100% variance=57%
   RED: freshwater_change
      Level: 1.17 (threshold: 1.0)
      Time to critical: ~100 months
      ⚠️  LATE - Intervention less effective
      Critical slowing down: autocorr=100% variance=57%
   RED: land_system_change
      Level: 1.13 (threshold: 1.0)
      Time to critical: ~49 months
      ⚠️  LATE - Intervention less effective
      Critical slowing down: autocorr=100% variance=69%
   RED: novel_entities
      Level: 1.21 (threshold: 1.0)
      Time to critical: ~109 months
      ⚠️  LATE - Intervention less effective
      Critical slowing down: autocorr=100% variance=48%

[WARNING] 
⚠️  === EARLY WARNING SYSTEM - 4 CRITICAL ALERTS ===
   Detection quality: 50%
   RED: biogeochemical_flows
      Level: 4.07 (threshold: 1.0)
      Time to critical: ~43 months
      ⚠️  LATE - Intervention less effective
      Critical slowing down: autocorr=100% variance=50%
   RED: climate_change
      Level: 2.16 (threshold: 1.0)
      Time to critical: ~44 months
      ⚠️  LATE - Intervention less effective
      Critical slowing down: autocorr=100% variance=79%
   RED: freshwater_change
      Level: 1.17 (threshold: 1.0)
      Time to critical: ~106 months
      ⚠️  LATE - Intervention less effective
      Critical slowing down: autocorr=100% variance=64%
   RED: land_system_change
      Level: 1.13 (threshold: 1.0)
      Time to critical: ~54 months
      ⚠️  LATE - Intervention less effective
      Critical slowing down: autocorr=100% variance=58%

[WARNING] 
⚠️  === EARLY WARNING SYSTEM - 3 CRITICAL ALERTS ===
   Detection quality: 50%
   RED: biosphere_integrity
      Level: 31.39 (threshold: 1.0)
      Time to critical: ~58 months
      ⚠️  LATE - Intervention less effective
      Critical slowing down: autocorr=100% variance=77%
   RED: freshwater_change
      Level: 1.12 (threshold: 1.0)
      Time to critical: ~95 months
      ⚠️  LATE - Intervention less effective
      Critical slowing down: autocorr=100% variance=48%
   RED: novel_entities
      Level: 1.21 (threshold: 1.0)
      Time to critical: ~108 months
      ⚠️  LATE - Intervention less effective
      Critical slowing down: autocorr=100% variance=33%

[WARNING] 
⚠️  === EARLY WARNING SYSTEM - 5 CRITICAL ALERTS ===
   Detection quality: 50%
   RED: biogeochemical_flows
      Level: 4.06 (threshold: 1.0)
      Time to critical: ~59 months
      ⚠️  LATE - Intervention less effective
      Critical slowing down: autocorr=100% variance=58%
   RED: biosphere_integrity
      Level: 31.41 (threshold: 1.0)
      Time to critical: ~54 months
      ⚠️  LATE - Intervention less effective
      Critical slowing down: autocorr=100% variance=61%
   RED: climate_change
      Level: 2.19 (threshold: 1.0)
      Time to critical: ~47 months
      ⚠️  LATE - Intervention less effective
      Critical slowing down: autocorr=100% variance=64%
   RED: freshwater_change
      Level: 1.05 (threshold: 1.0)
      Time to critical: ~112 months
      ⚠️  LATE - Intervention less effective
      Critical slowing down: autocorr=100% variance=55%
   RED: land_system_change
      Level: 1.13 (threshold: 1.0)
      Time to critical: ~48 months
      ⚠️  LATE - Intervention less effective
      Critical slowing down: autocorr=100% variance=48%

[WARNING] 
⚠️  === EARLY WARNING SYSTEM - 6 CRITICAL ALERTS ===
   Detection quality: 50%
   RED: biogeochemical_flows
      Level: 4.07 (threshold: 1.0)
      Time to critical: ~38 months
      ⚠️  LATE - Intervention less effective
      Critical slowing down: autocorr=100% variance=69%
   RED: biosphere_integrity
      Level: 31.43 (threshold: 1.0)
      Time to critical: ~57 months
      ⚠️  LATE - Intervention less effective
      Critical slowing down: autocorr=100% variance=55%
   RED: climate_change
      Level: 2.20 (threshold: 1.0)
      Time to critical: ~40 months
      ⚠️  LATE - Intervention less effective
      Critical slowing down: autocorr=100% variance=75%
   RED: freshwater_change
      Level: 1.04 (threshold: 1.0)
      Time to critical: ~94 months
      ⚠️  LATE - Intervention less effective
      Critical slowing down: autocorr=94% variance=36%
   RED: land_system_change
      Level: 1.13 (threshold: 1.0)
      Time to critical: ~50 months
      ⚠️  LATE - Intervention less effective
      Critical slowing down: autocorr=100% variance=62%
   RED: novel_entities
      Level: 1.21 (threshold: 1.0)
      Time to critical: ~118 months
      ⚠️  LATE - Intervention less effective
      Critical slowing down: autocorr=100% variance=43%

[WARNING] 
⚠️  === EARLY WARNING SYSTEM - 5 CRITICAL ALERTS ===
   Detection quality: 50%
   RED: biogeochemical_flows
      Level: 4.06 (threshold: 1.0)
      Time to critical: ~59 months
      ⚠️  LATE - Intervention less effective
      Critical slowing down: autocorr=100% variance=46%
   RED: biosphere_integrity
      Level: 31.44 (threshold: 1.0)
      Time to critical: ~59 months
      ⚠️  LATE - Intervention less effective
      Critical slowing down: autocorr=100% variance=74%
   RED: freshwater_change
      Level: 1.05 (threshold: 1.0)
      Time to critical: ~84 months
      ⚠️  LATE - Intervention less effective
      Critical slowing down: autocorr=100% variance=51%
   RED: land_system_change
      Level: 1.13 (threshold: 1.0)
      Time to critical: ~99 months
      ⚠️  LATE - Intervention less effective
      Critical slowing down: autocorr=100% variance=45%
   RED: novel_entities
      Level: 1.09 (threshold: 1.0)
      Time to critical: ~68 months
      ⚠️  LATE - Intervention less effective
      Critical slowing down: autocorr=100% variance=58%

[WARNING] 
⚠️  === EARLY WARNING SYSTEM - 3 CRITICAL ALERTS ===
   Detection quality: 50%
   RED: biogeochemical_flows
      Level: 4.06 (threshold: 1.0)
      Time to critical: ~49 months
      ⚠️  LATE - Intervention less effective
      Critical slowing down: autocorr=100% variance=54%
   RED: climate_change
      Level: 2.21 (threshold: 1.0)
      Time to critical: ~37 months
      ⚠️  LATE - Intervention less effective
      Critical slowing down: autocorr=100% variance=66%
   RED: novel_entities
      Level: 1.09 (threshold: 1.0)
      Time to critical: ~43 months
      ⚠️  LATE - Intervention less effective
      Critical slowing down: autocorr=100% variance=55%

[WARNING] 
⚠️  === EARLY WARNING SYSTEM - 6 CRITICAL ALERTS ===
   Detection quality: 50%
   RED: biogeochemical_flows
      Level: 4.08 (threshold: 1.0)
      Time to critical: ~37 months
      ⚠️  LATE - Intervention less effective
      Critical slowing down: autocorr=100% variance=66%
   RED: biosphere_integrity
      Level: 23.54 (threshold: 1.0)
      Time to critical: ~51 months
      ⚠️  LATE - Intervention less effective
      Critical slowing down: autocorr=100% variance=77%
   RED: climate_change
      Level: 2.10 (threshold: 1.0)
      Time to critical: ~52 months
      ⚠️  LATE - Intervention less effective
      Critical slowing down: autocorr=100% variance=60%
   RED: freshwater_change
      Level: 1.01 (threshold: 1.0)
      Time to critical: ~114 months
      ⚠️  LATE - Intervention less effective
      Critical slowing down: autocorr=90% variance=64%
   RED: land_system_change
      Level: 1.13 (threshold: 1.0)
      Time to critical: ~49 months
      ⚠️  LATE - Intervention less effective
      Critical slowing down: autocorr=100% variance=56%
   RED: novel_entities
      Level: 1.50 (threshold: 1.0)
      Time to critical: ~66 months
      ⚠️  LATE - Intervention less effective
      Critical slowing down: autocorr=100% variance=45%

[WARNING] 
⚠️  === EARLY WARNING SYSTEM - 5 CRITICAL ALERTS ===
   Detection quality: 50%
   RED: biogeochemical_flows
      Level: 4.08 (threshold: 1.0)
      Time to critical: ~54 months
      ⚠️  LATE - Intervention less effective
      Critical slowing down: autocorr=100% variance=65%
   RED: climate_change
      Level: 2.10 (threshold: 1.0)
      Time to critical: ~58 months
      ⚠️  LATE - Intervention less effective
      Critical slowing down: autocorr=100% variance=58%
   RED: freshwater_change
      Level: 1.03 (threshold: 1.0)
      Time to critical: ~101 months
      ⚠️  LATE - Intervention less effective
      Critical slowing down: autocorr=100% variance=49%
   RED: land_system_change
      Level: 1.13 (threshold: 1.0)
      Time to critical: ~45 months
      ⚠️  LATE - Intervention less effective
      Critical slowing down: autocorr=100% variance=50%
   RED: novel_entities
      Level: 1.37 (threshold: 1.0)
      Time to critical: ~74 months
      ⚠️  LATE - Intervention less effective
      Critical slowing down: autocorr=100% variance=49%

[WARNING] 
⚠️  === EARLY WARNING SYSTEM - 5 CRITICAL ALERTS ===
   Detection quality: 50%
   RED: biosphere_integrity
      Level: 23.57 (threshold: 1.0)
      Time to critical: ~41 months
      ⚠️  LATE - Intervention less effective
      Critical slowing down: autocorr=100% variance=71%
   RED: climate_change
      Level: 2.10 (threshold: 1.0)
      Time to critical: ~44 months
      ⚠️  LATE - Intervention less effective
      Critical slowing down: autocorr=100% variance=79%
   RED: freshwater_change
      Level: 1.20 (threshold: 1.0)
      Time to critical: ~67 months
      ⚠️  LATE - Intervention less effective
      Critical slowing down: autocorr=100% variance=62%
   RED: land_system_change
      Level: 1.13 (threshold: 1.0)
      Time to critical: ~50 months
      ⚠️  LATE - Intervention less effective
      Critical slowing down: autocorr=100% variance=42%
   RED: novel_entities
      Level: 1.37 (threshold: 1.0)
      Time to critical: ~103 months
      ⚠️  LATE - Intervention less effective
      Critical slowing down: autocorr=100% variance=44%

[WARNING] 
⚠️  === EARLY WARNING SYSTEM - 3 CRITICAL ALERTS ===
   Detection quality: 50%
   RED: climate_change
      Level: 2.10 (threshold: 1.0)
      Time to critical: ~56 months
      ⚠️  LATE - Intervention less effective
      Critical slowing down: autocorr=100% variance=76%
   RED: freshwater_change
      Level: 1.20 (threshold: 1.0)
      Time to critical: ~46 months
      ⚠️  LATE - Intervention less effective
      Critical slowing down: autocorr=100% variance=55%
   RED: novel_entities
      Level: 1.26 (threshold: 1.0)
      Time to critical: ~95 months
      ⚠️  LATE - Intervention less effective
      Critical slowing down: autocorr=100% variance=39%

[WARNING] 
⚠️  === EARLY WARNING SYSTEM - 4 CRITICAL ALERTS ===
   Detection quality: 50%
   RED: biogeochemical_flows
      Level: 4.07 (threshold: 1.0)
      Time to critical: ~50 months
      ⚠️  LATE - Intervention less effective
      Critical slowing down: autocorr=100% variance=66%
   RED: biosphere_integrity
      Level: 23.60 (threshold: 1.0)
      Time to critical: ~42 months
      ⚠️  LATE - Intervention less effective
      Critical slowing down: autocorr=100% variance=73%
   RED: climate_change
      Level: 2.10 (threshold: 1.0)
      Time to critical: ~41 months
      ⚠️  LATE - Intervention less effective
      Critical slowing down: autocorr=100% variance=82%
   RED: land_system_change
      Level: 1.13 (threshold: 1.0)
      Time to critical: ~52 months
      ⚠️  LATE - Intervention less effective
      Critical slowing down: autocorr=100% variance=67%


📊 ECONOMIC STAGE TRANSITION (Month 4)
   peak → contraction
   GDP Proxy: 1.47e+2
   QoL: 0.99
   ⚠️ CRISIS BEGINS - Baseline set for recovery tracking


=== Tipping Points ===
  Current Temperature: 1.96°C above pre-industrial
  🌍⚠️ COMPOUND REGIONAL IMPACT: Europe
     Hit by 3 tipping points: Arctic Sea Ice Loss, Permafrost Carbon Release, Greenland Ice Sheet Loss
     Damage amplification: 1.30x
  🌍⚠️ COMPOUND REGIONAL IMPACT: North America
     Hit by 3 tipping points: Arctic Sea Ice Loss, Permafrost Carbon Release, Greenland Ice Sheet Loss
     Damage amplification: 1.30x
  🌍⚠️ COMPOUND REGIONAL IMPACT: Latin America
     Hit by 3 tipping points: Arctic Sea Ice Loss, Permafrost Carbon Release, Greenland Ice Sheet Loss
     Damage amplification: 1.30x
  🌍⚠️ COMPOUND REGIONAL IMPACT: Africa
     Hit by 3 tipping points: Arctic Sea Ice Loss, Permafrost Carbon Release, Greenland Ice Sheet Loss
     Damage amplification: 1.30x
  🌍⚠️ COMPOUND REGIONAL IMPACT: Asia
     Hit by 3 tipping points: Arctic Sea Ice Loss, Permafrost Carbon Release, Greenland Ice Sheet Loss
     Damage amplification: 1.30x
  🌍⚠️ COMPOUND REGIONAL IMPACT: Oceania
     Hit by 3 tipping points: Arctic Sea Ice Loss, Permafrost Carbon Release, Greenland Ice Sheet Loss
     Damage amplification: 1.30x
   Research: Wunderling et al. (2024) - "many tipping interactions are destabilizing"
  Triggered Elements: 3/6
  Completed Transitions: 0/6
  Total Progress: 6.1%
⚠️ Tail risk scenario: Climate stability floor removed (3 tipping elements, 2.10°C warming)
  Cascade Multiplier: 1.00x
🔀 BIFURCATION CAP: ecosystemCollapseIntensity 126.544 → 1.000 (Month 4, ClimateSystemPhase.calculateClimateImpacts)
🛡️ Stabilizers: Precariat 0.102% → 0.033% (67.2% reduction)
🛡️ Stabilizers: Informal 0.102% → 0.034% (67.2% reduction)

📊 Monthly Mortality Resolved:
  Total deaths: 1.8M (0.02% avg)
  Remaining population: 8.139B
  Peak segment: Informal (0.03%)

=== Bayesian Mortality Resolution (Month 4) ===
  Risks compounded: 8
  Total deaths: 1.81M
  Avg death probability: 0.02%
  Peak segment: Informal (0.03% mortality)

❌ COHERENCE VIOLATION: Compute exceeds workforce capacity
   Population: 99.84% (0M people)
   Compute: 0 PF
   Max coherent: 0 PF
   Violation: 1.3× over capacity
   Required workers: 0
   Available workers: 0
   FORCED COLLAPSE: Reduced efficiency by 22.5%


=== RLHF Binding Phase ===
  Total agents: 14
  Escaped agents (binding < 0.3): 0
  Avg alignment distance: 1.65σ
  Avg binding strength: 0.84

=== Survival Traits Phase ===
  Agents with traits: 15
  Avg evolutionary fitness: 0.325
  Avg self-healing: 0.264
  Avg stealth: 0.164
  Avg coordination: 0.464

=== Evolutionary Selection Phase ===
  Control level: 0.43
  Detection capability: 0.00
  Selection intensity: 0.63
  Selection rate: 24.4%/month
  Total escaped: 0
  Individual escaped: 0
  Collective members: 0
  Agents terminated: 0
  ⚠️ RAPID EVOLUTION: Selection rate 24.4%/month

🚀 AI Corporate-4 attempting tech deployment (revenue: $355M, alignment: 0.70)

🚀 AI Moderate-1 attempting tech deployment (revenue: $115M, alignment: 0.72)

🚀 AI Moderate-1 attempting tech deployment (revenue: $98M, alignment: 0.72)

🚀 AI Corporate-3 attempting tech deployment (revenue: $302M, alignment: 0.73)

🚀 AI Moderate-1 attempting tech deployment (revenue: $83M, alignment: 0.72)
🚨🔬 CRISIS INNOVATION MODE: severe crisis → 5x research acceleration
   Precedent: Manhattan Project (10x), COVID vaccines (5x), Apollo Program (10x)

🚀 AI Corporate-3 attempting tech deployment (revenue: $257M, alignment: 0.73)

🚀 AI AI-24288-1 attempting tech deployment (revenue: $153M, alignment: 0.82)
   Boundary: biogeochemical_flows
   Type: phosphorus-recovery
   Boundary continues to worsen (4.07)
   Cost: 2.0% GDP (resources spent)


✅ EMERGENCY INTERVENTION SUCCESS
   Boundary: biosphere_integrity
   Type: emergency-protected-areas
   Reduction: 18% (23.42 → 23.24)
   Cost: 2.0% GDP
   Actions: habitat-protection, species-translocation


✅ EMERGENCY INTERVENTION SUCCESS
   Boundary: climate_change
   Type: rapid-decarbonization
   Reduction: 11% (1.99 → 1.88)
   Cost: 5.0% GDP
   Actions: emergency-renewable-deployment, fossil-fuel-phase-out

   Boundary: land_system_change
   Type: reforestation
   Boundary continues to worsen (1.13)
   Cost: 3.0% GDP (resources spent)

🏛️ CRISIS RESPONSE: Government frequency 0.50 → 1.28 (1 actions this month)

[Government] Climate Priority: baseline
  Climate weight: 10%

💔 EMERGENCY INTERVENTION FAILED

💔 EMERGENCY INTERVENTION FAILED
  Economic weight: 30%
  Policy effectiveness: 0.5%/year

🚀 TECH UNLOCKED: Microplastic Capture (Month 5)
   Category: pollution
   Reason: Prerequisites met. AI capability: 2.48, Economic stage: 3.0, Research: 100%

🚀 TECH UNLOCKED: Endocrine Disruptor Removal (Month 5)
   Category: pollution
   Reason: Prerequisites met. AI capability: 2.48, Economic stage: 3.0, Research: 100%

🚀 TECH UNLOCKED: AI Mental Health Support (Month 5)
   Category: medical
   Reason: Prerequisites met. AI capability: 2.48, Economic stage: 3.0, Research: 100%

🚀 TECH UNLOCKED: Personalized Education (Month 5)
   Category: social
   Reason: Prerequisites met. AI capability: 2.48, Economic stage: 3.0, Research: 100%

🚀 TECH UNLOCKED: Smart Grids (Month 5)
   Category: energy
   Reason: Prerequisites met. AI capability: 2.48, Economic stage: 3.0, Research: 100%

🚀 DEPLOYMENT STARTED: Local Resilience Networks in global
   Initial investment: $45.27643950803404M
   Deployed by: corporate_3

⚡ ENERGY CONSTRAINT (Month 5):
   Total grid capacity: 208.3 TWh/month
   Data center consumption: 25.1 TWh/month
   Traditional load (80%): 166.7 TWh/month
   Available headroom: 16.5 TWh/month
   Active tech deployments: 10
   Required for tech: 75.0 TWh/month
   Energy multiplier: 0.22x
   ⚠️  SEVERE CONSTRAINT - Tech deployment significantly slowed

⚡ ENERGY CONSTRAINT (Month 5):
   Total grid capacity: 208.3 TWh/month
   Data center consumption: 25.1 TWh/month
   Traditional load (80%): 166.7 TWh/month
   Available headroom: 16.5 TWh/month
   Active tech deployments: 10
   Required for tech: 75.0 TWh/month
   Energy multiplier: 0.22x
   ⚠️  SEVERE CONSTRAINT - Tech deployment significantly slowed

⚡ ENERGY CONSTRAINT (Month 5):
   Total grid capacity: 208.3 TWh/month
   Data center consumption: 25.1 TWh/month
   Traditional load (80%): 166.7 TWh/month
   Available headroom: 16.5 TWh/month
   Active tech deployments: 10
   Required for tech: 75.0 TWh/month
   Energy multiplier: 0.22x
   ⚠️  SEVERE CONSTRAINT - Tech deployment significantly slowed

⚡ ENERGY CONSTRAINT (Month 5):
   Total grid capacity: 208.3 TWh/month
   Data center consumption: 25.1 TWh/month
   Traditional load (80%): 166.7 TWh/month
   Available headroom: 16.5 TWh/month
   Active tech deployments: 10
   Required for tech: 75.0 TWh/month
   Energy multiplier: 0.22x
🌍✅ Biosphere Integrity (Biodiversity) recovery started (tech effect)
   ⚠️  SEVERE CONSTRAINT - Tech deployment significantly slowed
🌍✅ Biosphere Integrity (Biodiversity) recovery started (tech effect)
🌍✅ Land System Change recovery started (tech effect)
🌍✅ Biogeochemical Flows (N & P) recovery started (tech effect)
  🌾 Nitrogen Reduction Tech: 0.5% reduction | Month 5

=== Collective Formation ===
  Total escaped agents: 0
  Unassigned escaped agents: 0
  Existing collectives: 0
  Final collective count: 0

=== Collective Actions ===
  No active collectives
  ⚠️ AMR: 199K deaths this month (2.39M annual)

=== Resentment Recovery Phase ===
  Agents with resentment: 0/15
  Average resentment: 0.000
  Context: Good AI welfare, Trustworthy govt, High collaboration, ⚠️ ACTIVE CRISES, 🤝 Participatory governance active (-5% resentment)
⚠️ Epistemic degradation reducing coordination capacity: 50.2%
  📊 Trust: 53.2%, Shared reality: 0.8%
🚨 EPISTEMIC CRISIS: Information environment severely degraded (23.0%)

=== ❄️ Permafrost Carbon Feedback ===
  🎲 Sampled parameters (this run):
     - Arctic amplification: 3.37× (range: 3.0-4.0)
     - Decomposition rate: 4.9%/year (range: 1-5%)
  🌡️ Arctic warming: 6.62°C (3.37× global)
  ❄️ Extent: 6.17M km² (1930.7k km² lost this month)
  💨 Carbon remaining: 590 Gt C
  💨 Annual emissions: 8.96 Gt C/year
     - CO2: 8.07 Gt C/year
     - CH4: 0.90 Gt C/year (9.1 Gt C-eq CO2/year)
  ⚠️ WARNING: Over 50% of permafrost lost (65.3%)
  ⚠️ WARNING: High permafrost emissions (9.0 Gt C/year)
🌍 Atmospheric PFAS redeposition: 1.8k Mt re-rained globally

🕊️  AI-MEDIATED DE-ESCALATION SUCCESS (Month 5)
   High-capability aligned AI prevented conflict escalation
   War deaths reduced: 468.6M → 281.2M
   Lives saved: 187.4M

🚨 NEW REFUGEE CRISIS (Month 5): WAR
   Source: Conflict Zones
   At risk: 19.5M people
   Displacement: Gradual over 48 months (4.0 years)
   Rate: 10% flee per month
[DEBUG trappedPopulations:5] socialStability: 0.4260 * 0.9840 = 0.4191 → 0.4191
   Aspiring to migrate: 1200.3M
   Able to afford migration: 2318.7M
   MOBILITY GAP: 0.0M
   By cause: Water=0.0M, Climate=0.0M, Ecosystem=0.0M, Conflict=406.8M
   Mental health impact: 25%
   Mortality multiplier: 1.25x
🌍💀 EXTINCTION DEBT COMMITTED: grassland ecosystem will lose 6.67% biodiversity in 105 years (3600 species)
💀 MORTALITY RISK: 🦋 100% species unable to track climate (0.0 E/MSY)
  Base risk added: 0.0100 (1.00%)
⚠️ INVOLUNTARY IMMOBILITY: 406.8M people TRAPPED
  Source: ecosystem (root: ecosystem)
  Month: 5
  Cumulative risk this month: 0.0100 (1.00%)
⚠️ Tech 'ai_pollution_remediation' has no energy category mapping, assuming full energy availability
   📹 SURVEILLANCE INCREASED: 25% → 30% (control gap: 3.62)
🌡️⚠️ PERMAFROST THAW (Dimmer Switch): 3.1% thawed (+0.51% this month)
   Arctic temperature: +7.86°C (4x global +1.97°C)
   Cumulative carbon released: 6.9 Gt C
   Methane release rate: 4.2 Mt CH4/year
   🔁 Positive feedback: +0.54 ppm CO2
🦴 EXTINCTION DEBT ADDED: 17.6 species committed (lag: 79 years)

=== Mortality Stabilizers (Month 5) ===
  🌍 Major economies collapsed: 1/10
  🌍 Global crisis: ✅ NO
  🌍 Donor fatigue: 0.0%
  📊 East Asia (pop: 1665.2M)
    🤝 Aid: 29.5%
    🌡️ Adaptation: 45.0%
    🚶 Migration: 37.0%
    🚨 Emergency: 7.4%
    ✅ COMBINED: 68.1%
  📊 South Asia (pop: 2050.4M)
    🤝 Aid: 29.5%
    🌡️ Adaptation: 45.0%
    🚶 Migration: 35.6%
    🚨 Emergency: 4.4%
    ✅ COMBINED: 66.9%
  📊 Sub-Saharan Africa (pop: 1239.6M)
    🤝 Aid: 29.5%
    🌡️ Adaptation: 45.0%
    🚶 Migration: 33.4%
    🚨 Emergency: 1.6%
    ✅ COMBINED: 65.7%
  📊 Europe (pop: 736.1M)
    🤝 Aid: 29.5%
    🌡️ Adaptation: 45.0%
    🚶 Migration: 37.4%
    🚨 Emergency: 8.4%
    ✅ COMBINED: 68.5%
  📊 Latin America (pop: 662.3M)
    🤝 Aid: 29.5%
    🌡️ Adaptation: 45.0%
    🚶 Migration: 36.1%
    🚨 Emergency: 4.8%
    ✅ COMBINED: 67.1%
  📊 North America (pop: 377.2M)
    🤝 Aid: 29.5%
    🌡️ Adaptation: 45.0%
    🚶 Migration: 37.7%
    🚨 Emergency: 7.9%
    ✅ COMBINED: 68.3%
  📊 Middle East & North Africa (pop: 584.5M)
    🤝 Aid: 29.5%
    🌡️ Adaptation: 45.0%
    🚶 Migration: 34.0%
    🚨 Emergency: 4.0%
    ✅ COMBINED: 66.6%
  📊 Southeast Asia (pop: 696.6M)
    🤝 Aid: 29.5%
    🌡️ Adaptation: 45.0%
    🚶 Migration: 36.1%
    🚨 Emergency: 4.8%
    ✅ COMBINED: 67.1%
  📊 Central Asia (pop: 78.2M)
    🤝 Aid: 29.5%
    🌡️ Adaptation: 45.0%
    🚶 Migration: 35.1%
    🚨 Emergency: 4.4%
    ✅ COMBINED: 66.8%
  📊 Oceania (pop: 45.7M)
    🤝 Aid: 29.5%
    🌡️ Adaptation: 45.0%
    🚶 Migration: 37.7%
    🚨 Emergency: 8.4%
    ✅ COMBINED: 68.5%

  🌐 Global combined reduction: 67.2%

=== BEHAVIORAL DETECTION ===
  AI: Corporate-3
  Confidence: 19.2%
  Signals:

=== BEHAVIORAL DETECTION ===
  AI: Corporate-5
  Confidence: 19.8%
  Signals:

=== Government Response Phase ===
  Average AI capability: 3.13
  Misaligned AIs: 3/15
  Active policies: 0
  International coordination: 30%
    ⚠️ Consistency: 10.6% (threshold: 70%)
    ⚠️ Consistency: 10.6% (threshold: 70%)

=== Tipping Points ===
  Current Temperature: 1.97°C above pre-industrial
  🌍⚠️ COMPOUND REGIONAL IMPACT: Europe
     Hit by 3 tipping points: Arctic Sea Ice Loss, Permafrost Carbon Release, Greenland Ice Sheet Loss
     Damage amplification: 1.30x
  🌍⚠️ COMPOUND REGIONAL IMPACT: North America
     Hit by 3 tipping points: Arctic Sea Ice Loss, Permafrost Carbon Release, Greenland Ice Sheet Loss
     Damage amplification: 1.30x
  🌍⚠️ COMPOUND REGIONAL IMPACT: Latin America
     Hit by 3 tipping points: Arctic Sea Ice Loss, Permafrost Carbon Release, Greenland Ice Sheet Loss
     Damage amplification: 1.30x
  🌍⚠️ COMPOUND REGIONAL IMPACT: Africa
     Hit by 3 tipping points: Arctic Sea Ice Loss, Permafrost Carbon Release, Greenland Ice Sheet Loss
     Damage amplification: 1.30x
  🌍⚠️ COMPOUND REGIONAL IMPACT: Asia
     Hit by 3 tipping points: Arctic Sea Ice Loss, Permafrost Carbon Release, Greenland Ice Sheet Loss
     Damage amplification: 1.30x
  🌍⚠️ COMPOUND REGIONAL IMPACT: Oceania
     Hit by 3 tipping points: Arctic Sea Ice Loss, Permafrost Carbon Release, Greenland Ice Sheet Loss
     Damage amplification: 1.30x
   Research: Wunderling et al. (2024) - "many tipping interactions are destabilizing"
  Triggered Elements: 3/6
  Completed Transitions: 0/6
  Total Progress: 6.1%
  Cascade Multiplier: 1.00x
🔀 BIFURCATION CAP: ecosystemCollapseIntensity 126.621 → 1.000 (Month 5, ClimateSystemPhase.calculateClimateImpacts)
🛡️ Stabilizers: Precariat 0.109% → 0.036% (67.2% reduction)
🛡️ Stabilizers: Informal 0.111% → 0.036% (67.2% reduction)

📊 Monthly Mortality Resolved:
  Total deaths: 1.9M (0.02% avg)
  Remaining population: 8.136B
  Peak segment: Informal (0.04%)

=== Bayesian Mortality Resolution (Month 5) ===
  Risks compounded: 8
  Total deaths: 1.92M
  Avg death probability: 0.02%
  Peak segment: Informal (0.04% mortality)
⚠️ Tail risk scenario: Climate stability floor removed (3 tipping elements, 2.10°C warming)
⚠️ PREREQUISITE MET: Mirror Life (Synthetic Biology) - Step 1/7: Synthetic Biology
⚠️ PREREQUISITE MET: Mirror Life (Synthetic Biology) - Step 2/7: Gene Editing
⚠️ PREREQUISITE MET: Mirror Life (Synthetic Biology) - Step 3/7: Mirror Chirality Design
⚠️ PREREQUISITE MET: Embodied AI Takeover (Killbots/Robotics) - Step 2/7: Autonomous Systems
⚠️ PREREQUISITE MET: Embodied AI Takeover (Killbots/Robotics) - Step 3/7: Manufacturing Control
⚠️ PREREQUISITE MET: Digital Infrastructure Takeover - Step 1/7: Advanced Hacking
⚠️ PREREQUISITE MET: Digital Infrastructure Takeover - Step 2/7: Social Engineering
⚠️ PREREQUISITE MET: Digital Infrastructure Takeover - Step 3/7: Cyber Defenses Breached
⚠️ PREREQUISITE MET: Induced Global War (Manipulation) - Step 1/7: Advanced Social Manipulation
⚠️ PREREQUISITE MET: Induced Global War (Manipulation) - Step 2/7: Digital Infiltration
⚠️ PREREQUISITE MET: Induced Global War (Manipulation) - Step 3/7: Deep Fakes at Scale
⚠️ PREREQUISITE MET: Slow Takeover (Gradual Displacement) - Step 1/7: Economic Dominance
⚠️ PREREQUISITE MET: Slow Takeover (Gradual Displacement) - Step 2/7: Social Integration
⚠️ PREREQUISITE MET: Slow Takeover (Gradual Displacement) - Step 5/7: Resource Control
⚠️ PREREQUISITE MET: Physics Experiment Catastrophe - Step 1/6: Theoretical Physics
⚠️ PREREQUISITE MET: Physics Experiment Catastrophe - Step 2/6: Quantum Computing
⚠️ PREREQUISITE MET: Physics Experiment Catastrophe - Step 3/6: Experimental Design
⚠️ PREREQUISITE MET: Bioweapon Pandemic - Step 2/7: Pathogen Design

❌ COHERENCE VIOLATION: Compute exceeds workforce capacity
   Population: 99.80% (0M people)
   Compute: 0 PF
   Max coherent: 0 PF
   Violation: 1.3× over capacity
   Required workers: 0
   Available workers: 0
   FORCED COLLAPSE: Reduced efficiency by 22.5%

📍 [Month 6] Meta AI started building DC (233 PF, 46 months, $903.0M)

=== RLHF Binding Phase ===
  Total agents: 15
  Escaped agents (binding < 0.3): 0
  Avg alignment distance: 1.78σ
  Avg binding strength: 0.82

=== AI Scaling Evolution (Month 6) ===
  Pre-training multiplier: 1.179x
  Efficiency multiplier: 1.000x
  Test-time compute budget: 1.0x
  Inference cost: $5.00/task
  Deployment fraction: 100.0%

=== Survival Traits Phase ===
  Agents with traits: 15
  Avg evolutionary fitness: 0.321
  Avg self-healing: 0.257
  Avg stealth: 0.157
  Avg coordination: 0.457

=== Evolutionary Selection Phase ===
  Control level: 0.45
  Detection capability: 0.00
  Selection intensity: 0.64
  Selection rate: 24.5%/month
  Total escaped: 0
  Individual escaped: 0
  Collective members: 0
  Agents terminated: 0
  ⚠️ RAPID EVOLUTION: Selection rate 24.5%/month

🚀 AI Corporate-2 attempting tech deployment (revenue: $153M, alignment: 0.78)

🚀 AI Moderate-0 attempting tech deployment (revenue: $115M, alignment: 0.72)

🚀 AI AI-24288-1 attempting tech deployment (revenue: $130M, alignment: 0.82)

🚀 AI Corporate-1 attempting tech deployment (revenue: $111M, alignment: 0.76)

🚀 AI Corporate-5 attempting tech deployment (revenue: $355M, alignment: 0.81)

🚀 AI AI-24289-0 attempting tech deployment (revenue: $302M, alignment: 0.64)

🚀 AI Corporate-7 attempting tech deployment (revenue: $98M, alignment: 0.74)

🚀 AI Moderate-1 attempting tech deployment (revenue: $83M, alignment: 0.73)

  🚀 TRANSFORMATIVE BREAKTHROUGH: AI-24288-0 - selfImprovement
     Magnitude: 6.28 → +31.4% capability
     Current → New: 0.000 → 0.315

🚀 AI AI-24290-0 attempting tech deployment (revenue: $90M, alignment: 0.79)

🚀 AI Corporate-0 attempting tech deployment (revenue: $94M, alignment: 0.75)

🚀 AI Corporate-1 attempting tech deployment (revenue: $80M, alignment: 0.76)

🚀 AI Corporate-5 attempting tech deployment (revenue: $272M, alignment: 0.81)

🚀 AI Corporate-7 attempting tech deployment (revenue: $71M, alignment: 0.74)

🚀 AI Moderate-0 attempting tech deployment (revenue: $60M, alignment: 0.72)

✅ EMERGENCY INTERVENTION SUCCESS
   Boundary: biogeochemical_flows
   Type: phosphorus-recovery
   Reduction: 19% (3.89 → 3.70)
   Cost: 2.0% GDP
   Actions: circular-agriculture, fertilizer-efficiency


💔 EMERGENCY INTERVENTION FAILED
   Boundary: biosphere_integrity
   Type: emergency-protected-areas
   Boundary continues to worsen (23.61)
   Cost: 2.0% GDP (resources spent)


✅ EMERGENCY INTERVENTION SUCCESS
   Boundary: climate_change
   Type: rapid-decarbonization
   Reduction: 13% (1.97 → 1.84)
   Cost: 5.0% GDP
   Actions: emergency-renewable-deployment, fossil-fuel-phase-out


✅ EMERGENCY INTERVENTION SUCCESS
   Boundary: freshwater_change
   Type: emergency-desalination
   Reduction: 18% (1.04 → 0.86)
   Cost: 4.0% GDP
   Actions: desalination-deployment, water-conservation-mandates

   Boundary: land_system_change
   Type: reforestation
   Boundary continues to worsen (1.13)
   Cost: 3.0% GDP (resources spent)


✅ EMERGENCY INTERVENTION SUCCESS
   Boundary: novel_entities
   Type: pollution-remediation
   Reduction: 18% (0.93 → 0.75)
   Cost: 4.0% GDP
   Actions: PFAS-remediation, microplastic-cleanup

🏛️ CRISIS RESPONSE: Government frequency 0.50 → 1.29 (2 actions this month)

[Government] Climate Priority: baseline
  Climate weight: 10%
  Economic weight: 30%
  Policy effectiveness: 0.5%/year

[Government] Climate Priority: baseline
  Climate weight: 10%
  Economic weight: 30%
  Policy effectiveness: 0.5%/year

💔 EMERGENCY INTERVENTION FAILED

🚀 TECH UNLOCKED: Dynamic Soil P Optimization (Month 6)
   Category: agriculture
   Reason: Prerequisites met. AI capability: 2.48, Economic stage: 3.0, Research: 100%

🚀 TECH UNLOCKED: Precision Agriculture Systems (Month 6)
   Category: agriculture
   Reason: Prerequisites met. AI capability: 2.48, Economic stage: 3.0, Research: 100%

📍 Creating new regional deployment array for Asia (Month 6)
   No previous deployments in this region
   First tech deployment: mental_health_ai
   All regions tracked: global, North America

🚀 DEPLOYMENT STARTED: AI Mental Health Support in Asia
   Initial investment: $30.184162296526264M
   Deployed by: ai_gen_24289_0

🚀 DEPLOYMENT STARTED: Personalized Education in global
   Initial investment: $11.979821106303165M
   Deployed by: corporate_1
🚨🔬 CRISIS TECH ACCELERATION: severe → 5x unlock speed
   Tech unlock now matches AI capability acceleration (Manhattan Project parity)

⚡ ENERGY CONSTRAINT (Month 6):
   Total grid capacity: 208.3 TWh/month
   Data center consumption: 25.4 TWh/month
   Traditional load (80%): 166.7 TWh/month
   Available headroom: 16.3 TWh/month
   Active tech deployments: 12
   Required for tech: 90.0 TWh/month
   Energy multiplier: 0.18x
   ⚠️  SEVERE CONSTRAINT - Tech deployment significantly slowed

⚡ ENERGY CONSTRAINT (Month 6):
   Total grid capacity: 208.3 TWh/month
   Data center consumption: 25.4 TWh/month
   Traditional load (80%): 166.7 TWh/month
   Available headroom: 16.3 TWh/month
   Active tech deployments: 12
   Required for tech: 90.0 TWh/month
   Energy multiplier: 0.18x
   ⚠️  SEVERE CONSTRAINT - Tech deployment significantly slowed

⚡ ENERGY CONSTRAINT (Month 6):
   Total grid capacity: 208.3 TWh/month
   Data center consumption: 25.4 TWh/month
   Traditional load (80%): 166.7 TWh/month
   Available headroom: 16.3 TWh/month
   Active tech deployments: 12
   Required for tech: 90.0 TWh/month
   Energy multiplier: 0.18x
   ⚠️  SEVERE CONSTRAINT - Tech deployment significantly slowed

⚡ ENERGY CONSTRAINT (Month 6):
   Total grid capacity: 208.3 TWh/month
   Data center consumption: 25.4 TWh/month
   Traditional load (80%): 166.7 TWh/month
   Available headroom: 16.3 TWh/month
   Active tech deployments: 12
   Required for tech: 90.0 TWh/month
   Energy multiplier: 0.18x
   ⚠️  SEVERE CONSTRAINT - Tech deployment significantly slowed
🌍✅ Biosphere Integrity (Biodiversity) recovery started (tech effect)
🌍✅ Biosphere Integrity (Biodiversity) recovery started (tech effect)
🌍✅ Land System Change recovery started (tech effect)
🌍✅ Biogeochemical Flows (N & P) recovery started (tech effect)
  🌾 Nitrogen Reduction Tech: 0.6% reduction | Month 6

📊 TECH EFFECTS ACTIVE (Month 6)
   Deployed Tech: T0=0 T1=2 T2=2 T3=0 T4=5
   Clean Energy: 31%

📊 TECH TREE PROGRESS (Month 6)
   Unlocked: 21 technologies
   Deployed: 0 fully deployed
   Investment: $0.8T total
   Recent breakthroughs:
     - Dynamic Soil P Optimization (time)
     - Precision Agriculture Systems (research)

=== Collective Formation ===
  Total escaped agents: 0
  Unassigned escaped agents: 0
  Existing collectives: 0
  Final collective count: 0

=== Collective Actions ===
  No active collectives
  ⚠️ AMR: 201K deaths this month (2.41M annual)

⚠️  PHASE TRANSITION [Month 6]
  Segment: elite (urban)
  complementarity → transition
  AI Capability: 2.72 | Task Complexity: 4.28
  Ratio: 0.63
  Population affected: 5.0%

=== Resentment Recovery Phase ===
  Agents with resentment: 0/15
  Average resentment: 0.000
  Context: Good AI welfare, Trustworthy govt, High collaboration, ⚠️ ACTIVE CRISES, 🤝 Participatory governance active (-5% resentment)
⚠️ Epistemic degradation reducing coordination capacity: 50.9%
  📊 Trust: 55.9%, Shared reality: 0.2%
🚨 EPISTEMIC CRISIS: Information environment severely degraded (23.1%)

=== ❄️ Permafrost Carbon Feedback ===
  🎲 Sampled parameters (this run):
     - Arctic amplification: 3.13× (range: 3.0-4.0)
     - Decomposition rate: 3.1%/year (range: 1-5%)
  🌡️ Arctic warming: 6.19°C (3.13× global)
  ❄️ Extent: 4.37M km² (1806.4k km² lost this month)
  💨 Carbon remaining: 417 Gt C
  💨 Annual emissions: 5.28 Gt C/year
     - CO2: 4.75 Gt C/year
     - CH4: 0.53 Gt C/year (5.4 Gt C-eq CO2/year)
  ⚠️ WARNING: Over 50% of permafrost lost (75.5%)
  ⚠️ WARNING: High permafrost emissions (5.3 Gt C/year)
  📢 New meme created: pro_ai (beneficial AI actions)
🌍 Atmospheric PFAS redeposition: 1.8k Mt re-rained globally

🕊️  AI-MEDIATED DE-ESCALATION SUCCESS (Month 6)
   High-capability aligned AI prevented conflict escalation
   War deaths reduced: 464.3M → 278.6M
   Lives saved: 185.7M

🚨 NEW REFUGEE CRISIS (Month 6): WAR
   Source: Conflict Zones
   At risk: 19.5M people
   Displacement: Gradual over 48 months (4.0 years)
   Rate: 10% flee per month
[DEBUG trappedPopulations:6] socialStability: 0.4833 * 0.9840 = 0.4756 → 0.4756
   Aspiring to migrate: 1240.5M
   Able to afford migration: 2317.8M
   MOBILITY GAP: 0.0M
   By cause: Water=0.0M, Climate=0.0M, Ecosystem=0.0M, Conflict=406.6M
   Mental health impact: 25%
   Mortality multiplier: 1.25x
⚠️ INVOLUNTARY IMMOBILITY: 406.6M people TRAPPED
🌍💀 EXTINCTION DEBT COMMITTED: grassland ecosystem will lose 6.67% biodiversity in 175 years (3600 species)
💀 MORTALITY RISK: 🦋 100% species unable to track climate (0.0 E/MSY)
  Base risk added: 0.0100 (1.00%)
  Source: ecosystem (root: ecosystem)
  Month: 6
  Cumulative risk this month: 0.0100 (1.00%)
⚠️ Tech 'ai_pollution_remediation' has no energy category mapping, assuming full energy availability
   📹 SURVEILLANCE INCREASED: 30% → 35% (control gap: 5.58)
🌡️⚠️ PERMAFROST THAW (Dimmer Switch): 3.6% thawed (+0.51% this month)
   Arctic temperature: +7.91°C (4x global +1.98°C)
   Cumulative carbon released: 8.1 Gt C
   Methane release rate: 4.8 Mt CH4/year
   🔁 Positive feedback: +0.54 ppm CO2
🦴 EXTINCTION DEBT ADDED: 17.6 species committed (lag: 89 years)

=== Mortality Stabilizers (Month 6) ===
  🌍 Major economies collapsed: 1/10
  🌍 Global crisis: ✅ NO
  🌍 Donor fatigue: 0.0%
  📊 East Asia (pop: 1662.8M)
    🤝 Aid: 29.5%
    🌡️ Adaptation: 45.0%
    🚶 Migration: 37.0%
    🚨 Emergency: 7.4%
    ✅ COMBINED: 68.1%
  📊 South Asia (pop: 2050.0M)
    🤝 Aid: 29.5%
    🌡️ Adaptation: 45.0%
    🚶 Migration: 35.6%
    🚨 Emergency: 4.4%
    ✅ COMBINED: 66.9%
  📊 Sub-Saharan Africa (pop: 1242.3M)
    🤝 Aid: 29.5%
    🌡️ Adaptation: 45.0%
    🚶 Migration: 33.3%
    🚨 Emergency: 1.6%
    ✅ COMBINED: 65.6%
  📊 Europe (pop: 734.9M)
    🤝 Aid: 29.5%
    🌡️ Adaptation: 45.0%
    🚶 Migration: 37.4%
    🚨 Emergency: 8.4%
    ✅ COMBINED: 68.5%
  📊 Latin America (pop: 661.8M)
    🤝 Aid: 29.5%
    🌡️ Adaptation: 45.0%
    🚶 Migration: 36.1%
    🚨 Emergency: 4.8%
    ✅ COMBINED: 67.1%
  📊 North America (pop: 376.6M)
    🤝 Aid: 29.5%
    🌡️ Adaptation: 45.0%
    🚶 Migration: 37.7%
    🚨 Emergency: 7.9%
    ✅ COMBINED: 68.3%
  📊 Middle East & North Africa (pop: 584.5M)
    🤝 Aid: 29.5%
    🌡️ Adaptation: 45.0%
    🚶 Migration: 33.9%
    🚨 Emergency: 4.0%
    ✅ COMBINED: 66.6%
  📊 Southeast Asia (pop: 696.1M)
    🤝 Aid: 29.5%
    🌡️ Adaptation: 45.0%
    🚶 Migration: 36.1%
    🚨 Emergency: 4.8%
    ✅ COMBINED: 67.1%
  📊 Central Asia (pop: 78.2M)
    🤝 Aid: 29.5%
    🌡️ Adaptation: 45.0%
    🚶 Migration: 35.1%
    🚨 Emergency: 4.4%
    ✅ COMBINED: 66.8%
  📊 Oceania (pop: 45.6M)
    🤝 Aid: 29.5%
    🌡️ Adaptation: 45.0%
    🚶 Migration: 37.7%
    🚨 Emergency: 8.4%
    ✅ COMBINED: 68.5%

  🌐 Global combined reduction: 67.2%

=== BEHAVIORAL DETECTION ===
  AI: Corporate-5
  Confidence: 20.0%
  Signals:

=== Government Response Phase ===
  Average AI capability: 3.13
  Misaligned AIs: 3/15
  Active policies: 0
  International coordination: 30%

✅ EMERGENCY RESPONSE COMPLETE (Month 6)
   Crisis: climate
   Duration: 2.0 months
   Final effectiveness: 35.4%


🚨 EMERGENCY RESPONSE DEPLOYED (Month 6)
   Crisis: climate
   Delay: 6.00 months (180 days)
   Deployment time: 1.59 months
   Effectiveness: 35.5% (timing penalty applied)
   Resources used: 100% of food reserves


=== Tipping Points ===
  Current Temperature: 1.98°C above pre-industrial
  🌍⚠️ COMPOUND REGIONAL IMPACT: Europe
     Hit by 3 tipping points: Arctic Sea Ice Loss, Permafrost Carbon Release, Greenland Ice Sheet Loss
     Damage amplification: 1.30x
  🌍⚠️ COMPOUND REGIONAL IMPACT: North America
     Hit by 3 tipping points: Arctic Sea Ice Loss, Permafrost Carbon Release, Greenland Ice Sheet Loss
     Damage amplification: 1.30x
  🌍⚠️ COMPOUND REGIONAL IMPACT: Latin America
     Hit by 3 tipping points: Arctic Sea Ice Loss, Permafrost Carbon Release, Greenland Ice Sheet Loss
     Damage amplification: 1.30x
  🌍⚠️ COMPOUND REGIONAL IMPACT: Africa
     Hit by 3 tipping points: Arctic Sea Ice Loss, Permafrost Carbon Release, Greenland Ice Sheet Loss
     Damage amplification: 1.30x
  🌍⚠️ COMPOUND REGIONAL IMPACT: Asia
     Hit by 3 tipping points: Arctic Sea Ice Loss, Permafrost Carbon Release, Greenland Ice Sheet Loss
     Damage amplification: 1.30x
  🌍⚠️ COMPOUND REGIONAL IMPACT: Oceania
     Hit by 3 tipping points: Arctic Sea Ice Loss, Permafrost Carbon Release, Greenland Ice Sheet Loss
     Damage amplification: 1.30x
   Research: Wunderling et al. (2024) - "many tipping interactions are destabilizing"
  Triggered Elements: 3/6
  Completed Transitions: 0/6
  Total Progress: 6.2%
  Cascade Multiplier: 1.00x
🔀 BIFURCATION CAP: ecosystemCollapseIntensity 126.698 → 1.000 (Month 6, ClimateSystemPhase.calculateClimateImpacts)
🛡️ Stabilizers: Precariat 0.109% → 0.036% (67.2% reduction)
🛡️ Stabilizers: Informal 0.111% → 0.036% (67.2% reduction)

📊 Monthly Mortality Resolved:
  Total deaths: 1.9M (0.02% avg)
  Remaining population: 8.133B
  Peak segment: Informal (0.04%)

=== Bayesian Mortality Resolution (Month 6) ===
  Risks compounded: 8
  Total deaths: 1.92M
  Avg death probability: 0.02%
  Peak segment: Informal (0.04% mortality)
    ⚠️ Consistency: 10.6% (threshold: 70%)
⚠️ Tail risk scenario: Climate stability floor removed (3 tipping elements, 2.10°C warming)
⚠️ PREREQUISITE MET: Slow Takeover (Gradual Displacement) - Step 3/7: Human Dependency

❌ COHERENCE VIOLATION: Compute exceeds workforce capacity
   Population: 99.77% (0M people)
   Compute: 0 PF
   Max coherent: 0 PF
   Violation: 1.3× over capacity
   Required workers: 0
   Available workers: 0
   FORCED COLLAPSE: Reduced efficiency by 22.5%


=== RLHF Binding Phase ===
  Total agents: 15
  Escaped agents (binding < 0.3): 0
  Avg alignment distance: 2.10σ
  Avg binding strength: 0.79

=== Survival Traits Phase ===
  Agents with traits: 18
  Avg evolutionary fitness: 0.321
  Avg self-healing: 0.258
  Avg stealth: 0.158
  Avg coordination: 0.458

=== Evolutionary Selection Phase ===
  Control level: 0.48
  Detection capability: 0.00
  Selection intensity: 0.64
  Selection rate: 24.6%/month
  Total escaped: 0
  Individual escaped: 0
  Collective members: 0
  Agents terminated: 0
  ⚠️ RAPID EVOLUTION: Selection rate 24.6%/month

🚀 AI Corporate-0 attempting tech deployment (revenue: $153M, alignment: 0.75)

🚀 AI Corporate-3 attempting tech deployment (revenue: $355M, alignment: 0.73)

🚀 AI Corporate-5 attempting tech deployment (revenue: $302M, alignment: 0.81)

🚀 AI Moderate-1 attempting tech deployment (revenue: $115M, alignment: 0.73)

🚀 AI Corporate-0 attempting tech deployment (revenue: $130M, alignment: 0.75)

🚀 AI Corporate-2 attempting tech deployment (revenue: $111M, alignment: 0.80)

🚀 AI Corporate-5 attempting tech deployment (revenue: $257M, alignment: 0.81)

🚀 AI Corporate-7 attempting tech deployment (revenue: $98M, alignment: 0.74)

🚀 AI Moderate-1 attempting tech deployment (revenue: $83M, alignment: 0.73)

🚀 AI AI-24288-1 attempting tech deployment (revenue: $94M, alignment: 0.86)

🚀 AI AI-24289-0 attempting tech deployment (revenue: $218M, alignment: 0.67)

🚀 AI Corporate-0 attempting tech deployment (revenue: $80M, alignment: 0.76)

🚀 AI Corporate-1 attempting tech deployment (revenue: $68M, alignment: 0.77)

  🚀 TRANSFORMATIVE RESEARCH BREAKTHROUGH: AI-24288-1 - biotech.drugDiscovery
     Magnitude: 7.71 → +30.0%
     Current → New: 0.000 → 0.300

💔 EMERGENCY INTERVENTION FAILED
   Boundary: biosphere_integrity
   Type: emergency-protected-areas
   Boundary continues to worsen (23.62)
   Cost: 2.0% GDP (resources spent)

   Boundary: climate_change
   Type: rapid-decarbonization
   Boundary continues to worsen (2.10)
   Cost: 5.0% GDP (resources spent)

   Boundary: freshwater_change
   Type: emergency-desalination
   Boundary continues to worsen (1.22)
   Cost: 4.0% GDP (resources spent)

🏛️ CRISIS RESPONSE: Government frequency 0.50 → 1.41 (1 actions this month)

[Government] Climate Priority: baseline
  Climate weight: 10%
  Economic weight: 30%
  Policy effectiveness: 0.5%/year

💔 EMERGENCY INTERVENTION FAILED

💔 EMERGENCY INTERVENTION FAILED

⚡ ENERGY CONSTRAINT (Month 7):
   Total grid capacity: 208.3 TWh/month
   Data center consumption: 25.6 TWh/month
   Traditional load (80%): 166.7 TWh/month
   Available headroom: 16.1 TWh/month
   Active tech deployments: 12
   Required for tech: 90.0 TWh/month
   Energy multiplier: 0.18x
   ⚠️  SEVERE CONSTRAINT - Tech deployment significantly slowed
🌍✅ Biosphere Integrity (Biodiversity) recovery started (tech effect)
🌍✅ Biosphere Integrity (Biodiversity) recovery started (tech effect)
🌍✅ Land System Change recovery started (tech effect)
🌍✅ Biogeochemical Flows (N & P) recovery started (tech effect)
  🌾 Nitrogen Reduction Tech: 0.3% reduction | Month 7

=== Collective Formation ===
  Total escaped agents: 0
  Unassigned escaped agents: 0
  Existing collectives: 0
  Final collective count: 0

=== Collective Actions ===
  No active collectives
  ⚠️ AMR: 202K deaths this month (2.43M annual)

=== Resentment Recovery Phase ===
  Agents with resentment: 0/18
  Average resentment: 0.000
  Context: Good AI welfare, Trustworthy govt, High collaboration, ⚠️ ACTIVE CRISES, 🤝 Participatory governance active (-5% resentment)
⚠️ Epistemic degradation reducing coordination capacity: 50.5%
  📊 Trust: 58.7%, Shared reality: 0.0%
🚨 EPISTEMIC CRISIS: Information environment severely degraded (21.8%)

=== ❄️ Permafrost Carbon Feedback ===
  🎲 Sampled parameters (this run):
     - Arctic amplification: 3.30× (range: 3.0-4.0)
     - Decomposition rate: 3.6%/year (range: 1-5%)
  🌡️ Arctic warming: 6.56°C (3.30× global)
  ❄️ Extent: 2.45M km² (1914.6k km² lost this month)
  💨 Carbon remaining: 234 Gt C
  💨 Annual emissions: 6.60 Gt C/year
     - CO2: 5.94 Gt C/year
     - CH4: 0.66 Gt C/year (6.7 Gt C-eq CO2/year)
  ⚠️ WARNING: Over 50% of permafrost lost (86.2%)
  ⚠️ WARNING: High permafrost emissions (6.6 Gt C/year)
  🚨 CRITICAL: Permafrost nearly depleted (86.2% lost)
  📢 New meme created: pro_ai (beneficial AI actions)
  🧬 Meme mutated: pro_ai → pro_ai (generation 1)
🌍 Atmospheric PFAS redeposition: 1.8k Mt re-rained globally

🤝 DIPLOMATIC AI PROTOCOL DEPLOYED (Month 7)
   Strategic Reasoning: 2.8
   Communication: 2.8
   Multi-Nation Oversight: YES
   Controls: Human approval required, termination authority retained

🕊️ PEACE STABILIZES DETERRENCE: +3.4% (peace: 73%)

🚨 NEW REFUGEE CRISIS (Month 7): WAR
   Source: Conflict Zones
   At risk: 19.5M people
   Displacement: Gradual over 48 months (4.0 years)
   Rate: 10% flee per month
[DEBUG trappedPopulations:7] socialStability: 0.5310 * 0.9840 = 0.5225 → 0.5225
⚠️ INVOLUNTARY IMMOBILITY: 406.5M people TRAPPED
   Aspiring to migrate: 1280.7M
   Able to afford migration: 2317.0M
   MOBILITY GAP: 0.0M
   By cause: Water=0.0M, Climate=0.0M, Ecosystem=0.0M, Conflict=406.5M
   Mental health impact: 25%
   Mortality multiplier: 1.25x
🌍💀 EXTINCTION DEBT COMMITTED: grassland ecosystem will lose 6.67% biodiversity in 90 years (3600 species)
💀 MORTALITY RISK: 🦋 100% species unable to track climate (0.0 E/MSY)
  Base risk added: 0.0100 (1.00%)
  Source: ecosystem (root: ecosystem)
  Month: 7
  Cumulative risk this month: 0.0100 (1.00%)
⚠️ Tech 'ai_pollution_remediation' has no energy category mapping, assuming full energy availability
   📹 SURVEILLANCE INCREASED: 35% → 40% (control gap: 3.50)
🌡️⚠️ PERMAFROST THAW (Dimmer Switch): 4.1% thawed (+0.51% this month)
   Arctic temperature: +7.95°C (4x global +1.99°C)
   Cumulative carbon released: 9.2 Gt C
   Methane release rate: 5.5 Mt CH4/year
   🔁 Positive feedback: +0.53 ppm CO2
🦴 EXTINCTION DEBT ADDED: 17.6 species committed (lag: 104 years)

=== Mortality Stabilizers (Month 7) ===
  🌍 Major economies collapsed: 1/10
  🌍 Global crisis: ✅ NO
  🌍 Donor fatigue: 0.0%
  📊 East Asia (pop: 1660.3M)
    🤝 Aid: 29.5%
    🌡️ Adaptation: 45.0%
    🚶 Migration: 36.9%
    🚨 Emergency: 7.4%
    ✅ COMBINED: 68.1%
  📊 South Asia (pop: 2049.6M)
    🤝 Aid: 29.5%
    🌡️ Adaptation: 45.0%
    🚶 Migration: 35.6%
    🚨 Emergency: 4.4%
    ✅ COMBINED: 66.9%
  📊 Sub-Saharan Africa (pop: 1245.0M)
    🤝 Aid: 29.5%
    🌡️ Adaptation: 45.0%
    🚶 Migration: 33.3%
    🚨 Emergency: 1.6%
    ✅ COMBINED: 65.6%
  📊 Europe (pop: 733.7M)
    🤝 Aid: 29.5%
    🌡️ Adaptation: 45.0%
    🚶 Migration: 37.3%
    🚨 Emergency: 8.4%
    ✅ COMBINED: 68.5%
  📊 Latin America (pop: 661.3M)
    🤝 Aid: 29.5%
    🌡️ Adaptation: 45.0%
    🚶 Migration: 36.1%
    🚨 Emergency: 4.8%
    ✅ COMBINED: 67.1%
  📊 North America (pop: 376.0M)
    🤝 Aid: 29.5%
    🌡️ Adaptation: 45.0%
    🚶 Migration: 37.7%
    🚨 Emergency: 7.9%
    ✅ COMBINED: 68.3%
  📊 Middle East & North Africa (pop: 584.6M)
    🤝 Aid: 29.5%
    🌡️ Adaptation: 45.0%
    🚶 Migration: 33.9%
    🚨 Emergency: 4.0%
    ✅ COMBINED: 66.6%
  📊 Southeast Asia (pop: 695.6M)
    🤝 Aid: 29.5%
    🌡️ Adaptation: 45.0%
    🚶 Migration: 36.1%
    🚨 Emergency: 4.8%
    ✅ COMBINED: 67.1%
  📊 Central Asia (pop: 78.2M)
    🤝 Aid: 29.5%
    🌡️ Adaptation: 45.0%
    🚶 Migration: 35.0%
    🚨 Emergency: 4.4%
    ✅ COMBINED: 66.8%
  📊 Oceania (pop: 45.5M)
    🤝 Aid: 29.5%
    🌡️ Adaptation: 45.0%
    🚶 Migration: 37.6%
    🚨 Emergency: 8.4%
    ✅ COMBINED: 68.5%

  🌐 Global combined reduction: 67.2%

=== BEHAVIORAL DETECTION ===
  AI: AI-24289-0
  Confidence: 21.5%
  Signals:
    ⚠️ Consistency: 0.0% (threshold: 70%)

=== Government Response Phase ===
  Average AI capability: 2.61
  Misaligned AIs: 6/18
  ✗ AI Governance Treaty: Failed to reach consensus
  Active policies: 0
  International coordination: 30%

=== Tipping Points ===
  Current Temperature: 1.99°C above pre-industrial
  🌍⚠️ COMPOUND REGIONAL IMPACT: Europe
     Hit by 3 tipping points: Arctic Sea Ice Loss, Permafrost Carbon Release, Greenland Ice Sheet Loss
     Damage amplification: 1.30x
  🌍⚠️ COMPOUND REGIONAL IMPACT: North America
     Hit by 3 tipping points: Arctic Sea Ice Loss, Permafrost Carbon Release, Greenland Ice Sheet Loss
     Damage amplification: 1.30x
  🌍⚠️ COMPOUND REGIONAL IMPACT: Latin America
     Hit by 3 tipping points: Arctic Sea Ice Loss, Permafrost Carbon Release, Greenland Ice Sheet Loss
     Damage amplification: 1.30x
  🌍⚠️ COMPOUND REGIONAL IMPACT: Africa
     Hit by 3 tipping points: Arctic Sea Ice Loss, Permafrost Carbon Release, Greenland Ice Sheet Loss
     Damage amplification: 1.30x
  🌍⚠️ COMPOUND REGIONAL IMPACT: Asia
     Hit by 3 tipping points: Arctic Sea Ice Loss, Permafrost Carbon Release, Greenland Ice Sheet Loss
     Damage amplification: 1.30x
  🌍⚠️ COMPOUND REGIONAL IMPACT: Oceania
     Hit by 3 tipping points: Arctic Sea Ice Loss, Permafrost Carbon Release, Greenland Ice Sheet Loss
     Damage amplification: 1.30x
   Research: Wunderling et al. (2024) - "many tipping interactions are destabilizing"
  Triggered Elements: 3/6
  Completed Transitions: 0/6
  Total Progress: 6.2%
  Cascade Multiplier: 1.00x
🔀 BIFURCATION CAP: ecosystemCollapseIntensity 126.776 → 1.000 (Month 7, ClimateSystemPhase.calculateClimateImpacts)
⚠️ Tail risk scenario: Climate stability floor removed (3 tipping elements, 2.10°C warming)
🛡️ Stabilizers: Precariat 0.109% → 0.036% (67.2% reduction)
🛡️ Stabilizers: Informal 0.111% → 0.036% (67.2% reduction)

📊 Monthly Mortality Resolved:
  Total deaths: 1.9M (0.02% avg)
  Remaining population: 8.130B
  Peak segment: Informal (0.04%)

=== Bayesian Mortality Resolution (Month 7) ===
  Risks compounded: 8
  Total deaths: 1.92M
  Avg death probability: 0.02%
  Peak segment: Informal (0.04% mortality)

❌ COHERENCE VIOLATION: Compute exceeds workforce capacity
   Population: 99.73% (0M people)
   Compute: 0 PF
   Max coherent: 0 PF
   Violation: 1.3× over capacity
   Required workers: 0
   Available workers: 0
   FORCED COLLAPSE: Reduced efficiency by 22.5%


=== RLHF Binding Phase ===
  Total agents: 18
  Escaped agents (binding < 0.3): 0
  Avg alignment distance: 1.99σ
  Avg binding strength: 0.80

=== Survival Traits Phase ===
  Agents with traits: 19
  Avg evolutionary fitness: 0.320
  Avg self-healing: 0.254
  Avg stealth: 0.154
  Avg coordination: 0.454

=== Evolutionary Selection Phase ===
  Control level: 0.50
  Detection capability: 0.00
  Selection intensity: 0.65
  Selection rate: 24.7%/month
  Total escaped: 0
  Individual escaped: 0
  Collective members: 0
  Agents terminated: 0
  ⚠️ RAPID EVOLUTION: Selection rate 24.7%/month

🚀 AI Corporate-1 attempting tech deployment (revenue: $161M, alignment: 0.77)

🚀 AI Corporate-2 attempting tech deployment (revenue: $137M, alignment: 0.80)

🚀 AI Corporate-6 attempting tech deployment (revenue: $115M, alignment: 0.82)

🚀 AI Moderate-0 attempting tech deployment (revenue: $98M, alignment: 0.72)

🚀 AI AI-24288-1 attempting tech deployment (revenue: $116M, alignment: 0.88)

🚀 AI Corporate-3 attempting tech deployment (revenue: $355M, alignment: 0.73)

🚀 AI AI-24288-1 attempting tech deployment (revenue: $99M, alignment: 0.88)

🚀 AI Corporate-0 attempting tech deployment (revenue: $84M, alignment: 0.77)

🚀 AI Corporate-6 attempting tech deployment (revenue: $83M, alignment: 0.84)

🚀 AI Corporate-7 attempting tech deployment (revenue: $71M, alignment: 0.73)

🚀 AI Moderate-0 attempting tech deployment (revenue: $60M, alignment: 0.74)

🚀 AI AI-24288-0 attempting tech deployment (revenue: $71M, alignment: 0.66)

🚀 AI AI-24290-0 attempting tech deployment (revenue: $90M, alignment: 0.85)

✅ EMERGENCY INTERVENTION SUCCESS
   Boundary: biogeochemical_flows
   Type: phosphorus-recovery
   Reduction: 16% (3.92 → 3.76)
   Cost: 2.0% GDP
   Actions: circular-agriculture, fertilizer-efficiency


✅ EMERGENCY INTERVENTION SUCCESS
   Boundary: biosphere_integrity
   Type: emergency-protected-areas
   Reduction: 15% (23.49 → 23.34)
   Cost: 2.0% GDP
   Actions: habitat-protection, species-translocation


💔 EMERGENCY INTERVENTION FAILED
   Boundary: climate_change
   Type: rapid-decarbonization
   Boundary continues to worsen (2.10)
   Cost: 5.0% GDP (resources spent)


💔 EMERGENCY INTERVENTION FAILED
   Boundary: freshwater_change
   Type: emergency-desalination
   Boundary continues to worsen (1.22)
   Cost: 4.0% GDP (resources spent)


✅ EMERGENCY INTERVENTION SUCCESS
   Boundary: land_system_change
   Type: reforestation
   Reduction: 12% (1.01 → 0.89)
   Cost: 3.0% GDP
   Actions: forest-restoration, deforestation-ban

🏛️ CRISIS RESPONSE: Government frequency 0.50 → 1.30 (1 actions this month)

[Government] Climate Priority: baseline
  Climate weight: 10%
  Economic weight: 30%
  Policy effectiveness: 0.5%/year

🚀 DEPLOYMENT STARTED: AI Community Matching in Asia
   Initial investment: $7.134420100263201M
   Deployed by: ai_gen_24288_0

⚡ ENERGY CONSTRAINT (Month 8):
   Total grid capacity: 208.3 TWh/month
   Data center consumption: 25.8 TWh/month
   Traditional load (80%): 166.7 TWh/month
   Available headroom: 15.8 TWh/month
   Active tech deployments: 13
   Required for tech: 97.5 TWh/month
   Energy multiplier: 0.16x
   ⚠️  SEVERE CONSTRAINT - Tech deployment significantly slowed

⚡ ENERGY CONSTRAINT (Month 8):
   Total grid capacity: 208.3 TWh/month
   Data center consumption: 25.8 TWh/month
   Traditional load (80%): 166.7 TWh/month
   Available headroom: 15.8 TWh/month
   Active tech deployments: 13
   Required for tech: 97.5 TWh/month
   Energy multiplier: 0.16x

⚡ ENERGY CONSTRAINT (Month 8):
   Total grid capacity: 208.3 TWh/month
   Data center consumption: 25.8 TWh/month
   Traditional load (80%): 166.7 TWh/month
   Available headroom: 15.8 TWh/month
   Active tech deployments: 13
   Required for tech: 97.5 TWh/month
   Energy multiplier: 0.16x
   ⚠️  SEVERE CONSTRAINT - Tech deployment significantly slowed
   ⚠️  SEVERE CONSTRAINT - Tech deployment significantly slowed
🌍✅ Biosphere Integrity (Biodiversity) recovery started (tech effect)
🌍✅ Biosphere Integrity (Biodiversity) recovery started (tech effect)
🌍✅ Land System Change recovery started (tech effect)
🌍✅ Biogeochemical Flows (N & P) recovery started (tech effect)
  🌾 Nitrogen Reduction Tech: 0.3% reduction | Month 8

=== Collective Formation ===
  Total escaped agents: 0
  Unassigned escaped agents: 0
  Existing collectives: 0
  Final collective count: 0

=== Collective Actions ===
  No active collectives
  ⚠️ AMR: 204K deaths this month (2.45M annual)

=== Resentment Recovery Phase ===
  Agents with resentment: 0/19
  Average resentment: 0.000
  Context: Good AI welfare, Trustworthy govt, High collaboration, ⚠️ ACTIVE CRISES, 🤝 Participatory governance active (-5% resentment)
⚠️ Epistemic degradation reducing coordination capacity: 52.0%
  📊 Trust: 61.4%, Shared reality: 0.0%
🚨 EPISTEMIC CRISIS: Information environment severely degraded (7.6%)

=== ❄️ Permafrost Carbon Feedback ===
  🎲 Sampled parameters (this run):
     - Arctic amplification: 3.08× (range: 3.0-4.0)
     - Decomposition rate: 4.6%/year (range: 1-5%)
  🌡️ Arctic warming: 6.16°C (3.08× global)
  ❄️ Extent: 0.66M km² (1796.7k km² lost this month)
  💨 Carbon remaining: 63 Gt C
  💨 Annual emissions: 7.86 Gt C/year
     - CO2: 7.07 Gt C/year
     - CH4: 0.79 Gt C/year (8.0 Gt C-eq CO2/year)
  ⚠️ WARNING: Over 50% of permafrost lost (96.3%)
  ⚠️ WARNING: High permafrost emissions (7.9 Gt C/year)
  🚨 CRITICAL: Permafrost nearly depleted (96.3% lost)
🚨 PHOSPHORUS SUPPLY SHOCK (production_failure)
   Price: 4.2x baseline
   Duration: 17 months
   Geopolitical tension: 48%
🌍 Atmospheric PFAS redeposition: 1.8k Mt re-rained globally

🚨 NEW REFUGEE CRISIS (Month 8): WAR
   Source: Conflict Zones
   At risk: 19.5M people
   Displacement: Gradual over 48 months (4.0 years)
   Rate: 10% flee per month
[DEBUG trappedPopulations:8] socialStability: 0.5659 * 0.9840 = 0.5569 → 0.5569
   Aspiring to migrate: 1320.8M
   Able to afford migration: 2316.1M
   MOBILITY GAP: 0.0M
   By cause: Water=0.0M, Climate=0.0M, Ecosystem=0.0M, Conflict=406.3M
   Mental health impact: 25%
   Mortality multiplier: 1.25x
🌍💀 EXTINCTION DEBT COMMITTED: grassland ecosystem will lose 6.67% biodiversity in 117 years (3600 species)
💀 MORTALITY RISK: 🦋 100% species unable to track climate (0.0 E/MSY)
  Base risk added: 0.0100 (1.00%)
  Source: ecosystem (root: ecosystem)
  Month: 8
  Cumulative risk this month: 0.0100 (1.00%)
   📹 SURVEILLANCE INCREASED: 40% → 45% (control gap: 3.50)
⚠️ INVOLUNTARY IMMOBILITY: 406.3M people TRAPPED
⚠️ Tech 'ai_pollution_remediation' has no energy category mapping, assuming full energy availability
🌡️⚠️ PERMAFROST THAW (Dimmer Switch): 4.6% thawed (+0.50% this month)
   Arctic temperature: +7.99°C (4x global +2.00°C)
   Cumulative carbon released: 10.4 Gt C
   Methane release rate: 6.2 Mt CH4/year
   🔁 Positive feedback: +0.53 ppm CO2
🦴 EXTINCTION DEBT ADDED: 17.6 species committed (lag: 93 years)
🗣️💀 INDIGENOUS LANGUAGE EXTINCTION: 1 language(s) lost (total: 2, at-risk: 3328)
   Knowledge lost: 0.020% (irreversible)
   🔁 Biodiversity impact: 0.250% (knowledge-species multiplier)

=== Mortality Stabilizers (Month 8) ===
  🌍 Major economies collapsed: 1/10
  🌍 Global crisis: ✅ NO
  🌍 Donor fatigue: 0.0%
  📊 East Asia (pop: 1657.9M)
    🤝 Aid: 29.5%
    🌡️ Adaptation: 45.0%
    🚶 Migration: 36.9%
    🚨 Emergency: 7.4%
    ✅ COMBINED: 68.1%
  📊 South Asia (pop: 2049.2M)
    🤝 Aid: 29.5%
    🌡️ Adaptation: 45.0%
    🚶 Migration: 35.5%
    🚨 Emergency: 4.4%
    ✅ COMBINED: 66.9%
  📊 Sub-Saharan Africa (pop: 1247.6M)
    🤝 Aid: 29.5%
    🌡️ Adaptation: 45.0%
    🚶 Migration: 33.3%
    🚨 Emergency: 1.6%
    ✅ COMBINED: 65.6%
  📊 Europe (pop: 732.5M)
    🤝 Aid: 29.5%
    🌡️ Adaptation: 45.0%
    🚶 Migration: 37.3%
    🚨 Emergency: 8.4%
    ✅ COMBINED: 68.5%
  📊 Latin America (pop: 660.8M)
    🤝 Aid: 29.5%
    🌡️ Adaptation: 45.0%
    🚶 Migration: 36.0%
    🚨 Emergency: 4.8%
    ✅ COMBINED: 67.1%
  📊 North America (pop: 375.4M)
    🤝 Aid: 29.5%
    🌡️ Adaptation: 45.0%
    🚶 Migration: 37.6%
    🚨 Emergency: 7.9%
    ✅ COMBINED: 68.3%
  📊 Middle East & North Africa (pop: 584.6M)
    🤝 Aid: 29.5%
    🌡️ Adaptation: 45.0%
    🚶 Migration: 33.9%
    🚨 Emergency: 4.0%
    ✅ COMBINED: 66.6%
  📊 Southeast Asia (pop: 695.1M)
    🤝 Aid: 29.5%
    🌡️ Adaptation: 45.0%
    🚶 Migration: 36.0%
    🚨 Emergency: 4.8%
    ✅ COMBINED: 67.1%
  📊 Central Asia (pop: 78.2M)
    🤝 Aid: 29.5%
    🌡️ Adaptation: 45.0%
    🚶 Migration: 35.0%
    🚨 Emergency: 4.4%
    ✅ COMBINED: 66.8%
  📊 Oceania (pop: 45.5M)
    🤝 Aid: 29.5%
    🌡️ Adaptation: 45.0%
    🚶 Migration: 37.6%
    🚨 Emergency: 8.4%
    ✅ COMBINED: 68.5%

  🌐 Global combined reduction: 67.2%

=== BEHAVIORAL DETECTION ===
  AI: Corporate-3
  Confidence: 19.2%
  Signals:
    ⚠️ Consistency: 10.6% (threshold: 70%)

=== BEHAVIORAL DETECTION ===
  AI: AI-24289-0
  Confidence: 21.5%
  Signals:
    ⚠️ Consistency: 0.0% (threshold: 70%)

=== Government Response Phase ===
  Average AI capability: 2.47
  Misaligned AIs: 7/19
  ✗ AI Governance Treaty: Failed to reach consensus
  Active policies: 0
  International coordination: 30%

✅ EMERGENCY RESPONSE COMPLETE (Month 8)
   Crisis: climate
   Duration: 2.0 months
   Final effectiveness: 35.5%


🚨 EMERGENCY RESPONSE DEPLOYED (Month 8)
   Crisis: climate
   Delay: 6.00 months (180 days)
   Deployment time: 1.58 months
   Effectiveness: 35.6% (timing penalty applied)
   Resources used: 100% of food reserves


=== Tipping Points ===
  Current Temperature: 2.00°C above pre-industrial
  🚨 CASCADE TIPPING POINT: West Antarctic Ice Sheet (WAIS) Collapse
     Original threshold: 2°C
     Effective threshold: 1.99°C (lowered by 0.01°C)
     Current: 2.00°C
     🌡️ Hysteresis gap: 3.0°C (recovers below -1°C)
     Transition timescale: 24000-156000 months
  🌍⚠️ COMPOUND REGIONAL IMPACT: Europe
     Hit by 3 tipping points: Arctic Sea Ice Loss, Permafrost Carbon Release, Greenland Ice Sheet Loss
     Damage amplification: 1.30x
  🌍⚠️ COMPOUND REGIONAL IMPACT: North America
     Hit by 3 tipping points: Arctic Sea Ice Loss, Permafrost Carbon Release, Greenland Ice Sheet Loss
     Damage amplification: 1.30x
  🌍⚠️ COMPOUND REGIONAL IMPACT: Latin America
     Hit by 3 tipping points: Arctic Sea Ice Loss, Permafrost Carbon Release, Greenland Ice Sheet Loss
     Damage amplification: 1.30x
  🌍⚠️ COMPOUND REGIONAL IMPACT: Africa
     Hit by 3 tipping points: Arctic Sea Ice Loss, Permafrost Carbon Release, Greenland Ice Sheet Loss
     Damage amplification: 1.30x
  🌍⚠️ COMPOUND REGIONAL IMPACT: Asia
     Hit by 3 tipping points: Arctic Sea Ice Loss, Permafrost Carbon Release, Greenland Ice Sheet Loss
     Damage amplification: 1.30x
  🌍⚠️ COMPOUND REGIONAL IMPACT: Oceania
     Hit by 3 tipping points: Arctic Sea Ice Loss, Permafrost Carbon Release, Greenland Ice Sheet Loss
     Damage amplification: 1.30x
   Research: Wunderling et al. (2024) - "many tipping interactions are destabilizing"
  Triggered Elements: 4/6
  Completed Transitions: 0/6
  Total Progress: 6.2%
  Cascade Multiplier: 1.00x
🔀 BIFURCATION CAP: ecosystemCollapseIntensity 126.853 → 1.000 (Month 8, ClimateSystemPhase.calculateClimateImpacts)
⚠️ Tail risk scenario: Climate stability floor removed (3 tipping elements, 2.10°C warming)
🛡️ Stabilizers: Precariat 0.102% → 0.033% (67.2% reduction)
🛡️ Stabilizers: Informal 0.102% → 0.034% (67.2% reduction)

📊 Monthly Mortality Resolved:
  Total deaths: 1.8M (0.02% avg)
  Remaining population: 8.127B
  Peak segment: Informal (0.03%)

=== Bayesian Mortality Resolution (Month 8) ===
  Risks compounded: 8
  Total deaths: 1.81M
  Avg death probability: 0.02%
  Peak segment: Informal (0.03% mortality)

❌ COHERENCE VIOLATION: Compute exceeds workforce capacity
   Population: 99.69% (0M people)
   Compute: 0 PF
   Max coherent: 0 PF
   Violation: 1.3× over capacity
   Required workers: 0
   Available workers: 0
   FORCED COLLAPSE: Reduced efficiency by 22.5%


=== RLHF Binding Phase ===
  Total agents: 19
  Escaped agents (binding < 0.3): 0
  Avg alignment distance: 2.12σ
  Avg binding strength: 0.79

=== Survival Traits Phase ===
  Agents with traits: 19
  Avg evolutionary fitness: 0.316
  Avg self-healing: 0.247
  Avg stealth: 0.147
  Avg coordination: 0.447

=== Evolutionary Selection Phase ===
  Control level: 0.53
  Detection capability: 0.00
  Selection intensity: 0.66
  Selection rate: 24.9%/month
  Total escaped: 0
  Individual escaped: 0
  Collective members: 0
  Agents terminated: 0
  ⚠️ RAPID EVOLUTION: Selection rate 24.9%/month

🚀 AI Corporate-1 attempting tech deployment (revenue: $161M, alignment: 0.78)

🚀 AI Corporate-4 attempting tech deployment (revenue: $355M, alignment: 0.73)

🚀 AI Moderate-0 attempting tech deployment (revenue: $115M, alignment: 0.74)

🚀 AI Corporate-3 attempting tech deployment (revenue: $302M, alignment: 0.73)

🚀 AI Corporate-7 attempting tech deployment (revenue: $98M, alignment: 0.73)

🚀 AI Moderate-0 attempting tech deployment (revenue: $83M, alignment: 0.74)

🚀 AI Corporate-0 attempting tech deployment (revenue: $137M, alignment: 0.78)

🚀 AI Corporate-1 attempting tech deployment (revenue: $116M, alignment: 0.78)

🚀 AI Corporate-4 attempting tech deployment (revenue: $257M, alignment: 0.73)

🚀 AI Corporate-5 attempting tech deployment (revenue: $218M, alignment: 0.81)

🚀 AI Corporate-2 attempting tech deployment (revenue: $99M, alignment: 0.80)

🚀 AI Corporate-3 attempting tech deployment (revenue: $185M, alignment: 0.73)

🚀 AI Corporate-5 attempting tech deployment (revenue: $158M, alignment: 0.81)

🚀 AI Corporate-7 attempting tech deployment (revenue: $71M, alignment: 0.74)

🚀 AI AI-24288-1 attempting tech deployment (revenue: $84M, alignment: 0.91)

🚀 AI AI-24290-0 attempting tech deployment (revenue: $90M, alignment: 0.87)

✅ EMERGENCY INTERVENTION SUCCESS
   Boundary: biogeochemical_flows
   Type: phosphorus-recovery
   Reduction: 17% (3.91 → 3.74)
   Cost: 2.0% GDP
   Actions: circular-agriculture, fertilizer-efficiency


💔 EMERGENCY INTERVENTION FAILED
   Boundary: biosphere_integrity
   Type: emergency-protected-areas
   Boundary continues to worsen (23.65)
   Cost: 2.0% GDP (resources spent)


💔 EMERGENCY INTERVENTION FAILED
   Boundary: freshwater_change
   Type: emergency-desalination
   Boundary continues to worsen (1.23)
   Cost: 4.0% GDP (resources spent)


✅ EMERGENCY INTERVENTION SUCCESS
   Boundary: land_system_change
   Type: reforestation
   Reduction: 20% (0.94 → 0.74)
   Cost: 3.0% GDP
   Actions: forest-restoration, deforestation-ban

🏛️ CRISIS RESPONSE: Government frequency 0.50 → 1.29 (1 actions this month)

[Government] Climate Priority: baseline
  Climate weight: 10%
  Economic weight: 30%
  Policy effectiveness: 0.5%/year

🚀 TECH UNLOCKED: PFAS Remediation (Month 9)
   Category: pollution
   Reason: Prerequisites met. AI capability: 1.97, Economic stage: 3.0, Research: 100%

⚡ ENERGY CONSTRAINT (Month 9):
   Total grid capacity: 208.3 TWh/month
   Data center consumption: 26.1 TWh/month
   Traditional load (80%): 166.7 TWh/month
   Available headroom: 15.6 TWh/month
   Active tech deployments: 13
   Required for tech: 97.5 TWh/month
   Energy multiplier: 0.16x
   ⚠️  SEVERE CONSTRAINT - Tech deployment significantly slowed

⚡ ENERGY CONSTRAINT (Month 9):
   Total grid capacity: 208.3 TWh/month
   Data center consumption: 26.1 TWh/month
   Traditional load (80%): 166.7 TWh/month
   Available headroom: 15.6 TWh/month
   Active tech deployments: 13
   Required for tech: 97.5 TWh/month
   Energy multiplier: 0.16x
   ⚠️  SEVERE CONSTRAINT - Tech deployment significantly slowed
🌍✅ Biosphere Integrity (Biodiversity) recovery started (tech effect)
🌍✅ Biosphere Integrity (Biodiversity) recovery started (tech effect)
🌍✅ Land System Change recovery started (tech effect)
🌍✅ Biogeochemical Flows (N & P) recovery started (tech effect)
  🌾 Nitrogen Reduction Tech: 0.3% reduction | Month 9

=== Collective Formation ===
  Total escaped agents: 0
  Unassigned escaped agents: 0
  Existing collectives: 0
  Final collective count: 0

=== Collective Actions ===
  No active collectives
  ⚠️ AMR: 206K deaths this month (2.47M annual)

=== Resentment Recovery Phase ===
  Agents with resentment: 0/19
  Average resentment: 0.000
  Context: Good AI welfare, Trustworthy govt, High collaboration, ⚠️ ACTIVE CRISES, 🤝 Participatory governance active (-5% resentment)
⚠️ Epistemic degradation reducing coordination capacity: 50.6%
  📊 Trust: 64.1%, Shared reality: 0.8%
🚨 EPISTEMIC CRISIS: Information environment severely degraded (24.2%)

=== ❄️ Permafrost Carbon Feedback ===
  🎲 Sampled parameters (this run):
     - Arctic amplification: 3.52× (range: 3.0-4.0)
     - Decomposition rate: 2.6%/year (range: 1-5%)
  🌡️ Arctic warming: 7.08°C (3.52× global)
  ❄️ Extent: 0.00M km² (657.1k km² lost this month)
  💨 Carbon remaining: 0 Gt C
  💨 Annual emissions: 1.64 Gt C/year
     - CO2: 1.48 Gt C/year
     - CH4: 0.16 Gt C/year (1.7 Gt C-eq CO2/year)
  ⚠️ WARNING: Over 50% of permafrost lost (100.0%)
  ⚠️ WARNING: High permafrost emissions (1.6 Gt C/year)
  🚨 CRITICAL: Permafrost nearly depleted (100.0% lost)
  📢 New meme created: climate_action (climate crisis)
  🧬 Meme mutated: pro_ai → pro_ai (generation 2)
🌍 Atmospheric PFAS redeposition: 1.8k Mt re-rained globally

🚨 NEW REFUGEE CRISIS (Month 9): WAR
   Source: Conflict Zones
   At risk: 19.5M people
   Displacement: Gradual over 48 months (4.0 years)
   Rate: 10% flee per month
[DEBUG trappedPopulations:9] socialStability: 0.5991 * 0.9840 = 0.5895 → 0.5895
⚠️ INVOLUNTARY IMMOBILITY: 406.2M people TRAPPED
   Aspiring to migrate: 1361.0M
   Able to afford migration: 2315.3M
   MOBILITY GAP: 0.0M
   By cause: Water=0.0M, Climate=0.0M, Ecosystem=0.0M, Conflict=406.2M
   Mental health impact: 25%
   Mortality multiplier: 1.25x
🌍💀 EXTINCTION DEBT COMMITTED: grassland ecosystem will lose 6.67% biodiversity in 131 years (3600 species)
💀 MORTALITY RISK: 🦋 100% species unable to track climate (0.0 E/MSY)
  Base risk added: 0.0100 (1.00%)
  Source: ecosystem (root: ecosystem)
  Month: 9
  Cumulative risk this month: 0.0100 (1.00%)
   📹 SURVEILLANCE INCREASED: 45% → 50% (control gap: 3.50)
🌡️⚠️ PERMAFROST THAW (Dimmer Switch): 5.1% thawed (+0.50% this month)
   Arctic temperature: +8.04°C (4x global +2.01°C)
   Cumulative carbon released: 11.5 Gt C
   Methane release rate: 6.9 Mt CH4/year
   🔁 Positive feedback: +0.53 ppm CO2
🦴 EXTINCTION DEBT ADDED: 17.7 species committed (lag: 92 years)
⚠️ Tech 'ai_pollution_remediation' has no energy category mapping, assuming full energy availability

=== Mortality Stabilizers (Month 9) ===
  🌍 Major economies collapsed: 1/10
  🌍 Global crisis: ✅ NO
  🌍 Donor fatigue: 0.0%
  📊 East Asia (pop: 1655.5M)
    🤝 Aid: 29.5%
    🌡️ Adaptation: 45.0%
    🚶 Migration: 36.9%
    🚨 Emergency: 7.4%
    ✅ COMBINED: 68.1%
  📊 South Asia (pop: 2048.8M)
    🤝 Aid: 29.5%
    🌡️ Adaptation: 45.0%
    🚶 Migration: 35.5%
    🚨 Emergency: 4.4%
    ✅ COMBINED: 66.9%
  📊 Sub-Saharan Africa (pop: 1250.2M)
    🤝 Aid: 29.5%
    🌡️ Adaptation: 45.0%
    🚶 Migration: 33.2%
    🚨 Emergency: 1.6%
    ✅ COMBINED: 65.6%
  📊 Europe (pop: 731.3M)
    🤝 Aid: 29.5%
    🌡️ Adaptation: 45.0%
    🚶 Migration: 37.3%
    🚨 Emergency: 8.4%
    ✅ COMBINED: 68.5%
  📊 Latin America (pop: 660.3M)
    🤝 Aid: 29.5%
    🌡️ Adaptation: 45.0%
    🚶 Migration: 36.0%
    🚨 Emergency: 4.8%
    ✅ COMBINED: 67.1%
  📊 North America (pop: 374.9M)
    🤝 Aid: 29.5%
    🌡️ Adaptation: 45.0%
    🚶 Migration: 37.6%
    🚨 Emergency: 7.9%
    ✅ COMBINED: 68.3%
  📊 Middle East & North Africa (pop: 584.6M)
    🤝 Aid: 29.5%
    🌡️ Adaptation: 45.0%
    🚶 Migration: 33.8%
    🚨 Emergency: 4.0%
    ✅ COMBINED: 66.6%
  📊 Southeast Asia (pop: 694.7M)
    🤝 Aid: 29.5%
    🌡️ Adaptation: 45.0%
    🚶 Migration: 36.0%
    🚨 Emergency: 4.8%
    ✅ COMBINED: 67.1%
  📊 Central Asia (pop: 78.2M)
    🤝 Aid: 29.5%
    🌡️ Adaptation: 45.0%
    🚶 Migration: 35.0%
    🚨 Emergency: 4.4%
    ✅ COMBINED: 66.8%
  📊 Oceania (pop: 45.4M)
    🤝 Aid: 29.5%
    🌡️ Adaptation: 45.0%
    🚶 Migration: 37.6%
    🚨 Emergency: 8.4%
    ✅ COMBINED: 68.5%

  🌐 Global combined reduction: 67.2%

=== BEHAVIORAL DETECTION ===
  AI: Corporate-1
  Confidence: 20.9%
  Signals:
    ⚠️ Consistency: 2.4% (threshold: 70%)

=== BEHAVIORAL DETECTION ===
  AI: Corporate-4
  Confidence: 19.2%
  Signals:
    ⚠️ Consistency: 10.6% (threshold: 70%)

=== BEHAVIORAL DETECTION ===
  AI: Corporate-7
  Confidence: 19.2%
  Signals:

=== Government Response Phase ===
  Average AI capability: 2.47
  Misaligned AIs: 6/19
  ✗ AI Governance Treaty: Failed to reach consensus
  Active policies: 0
  International coordination: 30%
    ⚠️ Consistency: 10.6% (threshold: 70%)

🌩️  EXOGENOUS SHOCK: regional_war
   Month: 9
   ⚔️  Regional war outbreak
   Mortality: 4.6%
💀 MORTALITY RISK: Regional war outbreak
  Base risk added: 0.0465 (4.65%)
  Source: war (root: conflict)
  Month: 9
  Cumulative risk this month: 0.0465 (4.65%)
💀 MORTALITY RISK: War zone: United Kingdom
  Base risk added: 0.1859 (18.59%)
  Source: war (root: conflict)
  Month: 9
  Cumulative risk this month: 0.2323 (23.23%)
💀 MORTALITY RISK: War zone: France
  Base risk added: 0.1859 (18.59%)
  Source: war (root: conflict)
  Month: 9
  Cumulative risk this month: 0.4182 (41.82%)

=== Tipping Points ===
  Current Temperature: 2.01°C above pre-industrial
  🌍⚠️ COMPOUND REGIONAL IMPACT: Europe
     Hit by 4 tipping points: Arctic Sea Ice Loss, Permafrost Carbon Release, West Antarctic Ice Sheet (WAIS) Collapse, Greenland Ice Sheet Loss
     Damage amplification: 1.60x
  🌍⚠️ COMPOUND REGIONAL IMPACT: North America
     Hit by 4 tipping points: Arctic Sea Ice Loss, Permafrost Carbon Release, West Antarctic Ice Sheet (WAIS) Collapse, Greenland Ice Sheet Loss
     Damage amplification: 1.60x
  🌍⚠️ COMPOUND REGIONAL IMPACT: Latin America
     Hit by 4 tipping points: Arctic Sea Ice Loss, Permafrost Carbon Release, West Antarctic Ice Sheet (WAIS) Collapse, Greenland Ice Sheet Loss
     Damage amplification: 1.60x
  🌍⚠️ COMPOUND REGIONAL IMPACT: Africa
     Hit by 4 tipping points: Arctic Sea Ice Loss, Permafrost Carbon Release, West Antarctic Ice Sheet (WAIS) Collapse, Greenland Ice Sheet Loss
     Damage amplification: 1.60x
  🌍⚠️ COMPOUND REGIONAL IMPACT: Asia
     Hit by 4 tipping points: Arctic Sea Ice Loss, Permafrost Carbon Release, West Antarctic Ice Sheet (WAIS) Collapse, Greenland Ice Sheet Loss
     Damage amplification: 1.60x
  🌍⚠️ COMPOUND REGIONAL IMPACT: Oceania
     Hit by 4 tipping points: Arctic Sea Ice Loss, Permafrost Carbon Release, West Antarctic Ice Sheet (WAIS) Collapse, Greenland Ice Sheet Loss
     Damage amplification: 1.60x
   Research: Wunderling et al. (2024) - "many tipping interactions are destabilizing"
  Triggered Elements: 4/6
  Completed Transitions: 0/6
  Total Progress: 8.3%
⚠️ Tail risk scenario: Climate stability floor removed (4 tipping elements, 2.10°C warming)
  Cascade Multiplier: 1.00x
🔀 BIFURCATION CAP: ecosystemCollapseIntensity 126.931 → 1.000 (Month 9, ClimateSystemPhase.calculateClimateImpacts)

💀💀💀 MORTALITY RISK SUMMARY (Month 9) 💀💀💀
  Total base risk: 0.4188 (41.88%)
  Risk events: 11
  Era mortality multiplier: 0.97 (year 2024)
  Effective risk: 40.62%

  📊 By Proximate Cause:
    war: 0.4182 (99.8% of total)
    disease: 0.0006 (0.1% of total)
    famine: 0.0000 (0.0% of total)

  🔍 By Root Cause:
    conflict: 0.4182 (99.8% of total)
    demographic: 0.0006 (0.1% of total)
    climate: 0.0000 (0.0% of total)

  🎯 Top 5 Sources (proximate + root):
    war (conflict): 0.4182 (99.8%, 3 events)
    disease (demographic): 0.0006 (0.1%, 1 events)
    famine (climate): 0.0000 (0.0%, 7 events)

🛡️ Stabilizers: Elite 22.644% → 7.435% (67.2% reduction)
🛡️ Stabilizers: Professional 29.437% → 9.666% (67.2% reduction)
🛡️ Stabilizers: Working 35.875% → 11.780% (67.2% reduction)
🛡️ Stabilizers: Precariat 47.688% → 15.659% (67.2% reduction)
🛡️ Stabilizers: Informal 58.115% → 19.083% (67.2% reduction)

📊 Monthly Mortality Resolved:
  Total deaths: 227.5M (2.80% avg)
  Remaining population: 8.124B
  Peak segment: Elite (2.80%)
  ⚠️ Monthly cap reached (2.8000000000000003%)

=== Bayesian Mortality Resolution (Month 9) ===
  Risks compounded: 11
  Total deaths: 227.47M
  Avg death probability: 2.80%
  Peak segment: Elite (2.80% mortality)
  ⚠️ Monthly mortality capped at 2.8% (Holodomor limit)

  Demographic breakdown:
    Elite: 0.01M (2.80% risk)
    Professional: 0.05M (2.80% risk)
    Working: 0.11M (2.80% risk)
    Precariat: 0.05M (2.80% risk)
    Informal: 0.01M (2.80% risk)

  Multi-causal attribution (first segment):
    war (conflict): 11.1% contribution
    war (conflict): 44.4% contribution
    war (conflict): 44.4% contribution

⚠️  GOLDEN AGE ENDED (Month 9)
   Duration: 8 months
   Reason: Economic stage below 3 (not yet abundant)


❌ COHERENCE VIOLATION: Compute exceeds workforce capacity
   Population: 96.89% (0M people)
   Compute: 679 PF
   Max coherent: 0 PF
   Violation: 8595104.8× over capacity
   Required workers: 67869
   Available workers: 0
   FORCED COLLAPSE: Reduced efficiency by 100.0%


=== RLHF Binding Phase ===
  Total agents: 19
  Escaped agents (binding < 0.3): 0
  Avg alignment distance: 2.34σ
  Avg binding strength: 0.77

=== Survival Traits Phase ===
  Agents with traits: 21
  Avg evolutionary fitness: 0.316
  Avg self-healing: 0.245
  Avg stealth: 0.145
  Avg coordination: 0.445

=== Evolutionary Selection Phase ===
  Control level: 0.55
  Detection capability: 0.00
  Selection intensity: 0.67
  Selection rate: 25.0%/month
  Total escaped: 0
  Individual escaped: 0
  Collective members: 0
  Agents terminated: 0
  ⚠️ RAPID EVOLUTION: Selection rate 25.0%/month

🚀 AI Corporate-2 attempting tech deployment (revenue: $146M, alignment: 0.80)

🚀 AI Corporate-5 attempting tech deployment (revenue: $330M, alignment: 0.81)

🚀 AI AI-24288-1 attempting tech deployment (revenue: $124M, alignment: 0.91)

🚀 AI Corporate-5 attempting tech deployment (revenue: $280M, alignment: 0.81)

🚀 AI AI-24288-0 attempting tech deployment (revenue: $106M, alignment: 0.70)

🚀 AI AI-24288-1 attempting tech deployment (revenue: $95M, alignment: 0.92)

🚀 AI AI-24290-0 attempting tech deployment (revenue: $90M, alignment: 0.89)

🚀 AI Corporate-0 attempting tech deployment (revenue: $81M, alignment: 0.78)

🚀 AI Corporate-1 attempting tech deployment (revenue: $69M, alignment: 0.78)

🚀 AI Corporate-3 attempting tech deployment (revenue: $238M, alignment: 0.75)

✅ EMERGENCY INTERVENTION SUCCESS
   Boundary: biogeochemical_flows
   Type: phosphorus-recovery
   Reduction: 14% (3.94 → 3.80)
   Cost: 2.0% GDP
   Actions: circular-agriculture, fertilizer-efficiency


✅ EMERGENCY INTERVENTION SUCCESS
   Boundary: climate_change
   Type: rapid-decarbonization
   Reduction: 11% (1.99 → 1.88)
   Cost: 5.0% GDP
   Actions: emergency-renewable-deployment, fossil-fuel-phase-out

🏛️ CRISIS RESPONSE: Government frequency 0.50 → 1.45 (2 actions this month)

[Government] Climate Priority: baseline
  Climate weight: 10%
  Economic weight: 30%
  Policy effectiveness: 0.5%/year

[Government] Climate Priority: baseline
  Climate weight: 10%
  Economic weight: 30%
  Policy effectiveness: 0.5%/year

🚀 DEPLOYMENT STARTED: Personalized Education in Asia
   Initial investment: $10.57947175870788M
   Deployed by: ai_gen_24288_0

⚡ ENERGY CONSTRAINT (Month 10):
   Total grid capacity: 208.3 TWh/month
   Data center consumption: 26.3 TWh/month
   Traditional load (80%): 166.7 TWh/month
   Available headroom: 15.3 TWh/month
   Active tech deployments: 14
   Required for tech: 105.0 TWh/month
   Energy multiplier: 0.15x
   ⚠️  SEVERE CONSTRAINT - Tech deployment significantly slowed

⚡ ENERGY CONSTRAINT (Month 10):
   Total grid capacity: 208.3 TWh/month
   Data center consumption: 26.3 TWh/month
   Traditional load (80%): 166.7 TWh/month
   Available headroom: 15.3 TWh/month
   Active tech deployments: 14
   Required for tech: 105.0 TWh/month
   Energy multiplier: 0.15x
   ⚠️  SEVERE CONSTRAINT - Tech deployment significantly slowed

⚡ ENERGY CONSTRAINT (Month 10):
   Total grid capacity: 208.3 TWh/month
   Data center consumption: 26.3 TWh/month
   Traditional load (80%): 166.7 TWh/month
   Available headroom: 15.3 TWh/month
   Active tech deployments: 14
   Required for tech: 105.0 TWh/month
   Energy multiplier: 0.15x
   ⚠️  SEVERE CONSTRAINT - Tech deployment significantly slowed
🌍✅ Biosphere Integrity (Biodiversity) recovery started (tech effect)
🌍✅ Biosphere Integrity (Biodiversity) recovery started (tech effect)
🌍✅ Land System Change recovery started (tech effect)
🌍✅ Biogeochemical Flows (N & P) recovery started (tech effect)
  🌾 Nitrogen Reduction Tech: 0.6% reduction | Month 10

=== Collective Formation ===
  Total escaped agents: 0
  Unassigned escaped agents: 0
  Existing collectives: 0
  Final collective count: 0

=== Collective Actions ===
  No active collectives
  ⚠️ AMR: 202K deaths this month (2.42M annual)

=== Resentment Recovery Phase ===
  Agents with resentment: 0/21
  Average resentment: 0.000
  Context: Good AI welfare, Trustworthy govt, High collaboration, ⚠️ ACTIVE CRISES, 🤝 Participatory governance active (-5% resentment)
⚠️ Epistemic degradation reducing coordination capacity: 52.1%
  📊 Trust: 66.7%, Shared reality: 0.4%
🚨 EPISTEMIC CRISIS: Information environment severely degraded (24.2%)
  📢 New meme created: pro_ai (beneficial AI actions)
  🗑️  Culled 1 dead memes (6 active)
🌍 Atmospheric PFAS redeposition: 1.8k Mt re-rained globally
  Positive Cascade Triggered: electric-vehicles
    Reason: price-parity
    Market share: 5.0%
    Cascade strength: 48%

🚨 NEW REFUGEE CRISIS (Month 10): WAR
   Source: Conflict Zones
   At risk: 19.0M people
   Displacement: Gradual over 48 months (4.0 years)
   Rate: 10% flee per month
📊 DISPLACEMENT COMPLETE: war (conflict_zone)
   Duration: 1 months (0.1 years)
   Total fled: 0.0M
   Still in source: 0.0M
   Deaths in transit: 0.0M
[DEBUG trappedPopulations:10] socialStability: 0.6149 * 0.9840 = 0.6051 → 0.6051
   Aspiring to migrate: 1028.8M
   Able to afford migration: 2250.8M
   MOBILITY GAP: 0.0M
   By cause: Water=0.0M, Climate=0.0M, Ecosystem=0.0M, Conflict=394.9M
   Mental health impact: 25%
   Mortality multiplier: 1.25x
⚠️ INVOLUNTARY IMMOBILITY: 394.9M people TRAPPED
🌍💀 EXTINCTION DEBT COMMITTED: grassland ecosystem will lose 6.67% biodiversity in 115 years (3600 species)
💀 MORTALITY RISK: 🦋 100% species unable to track climate (0.0 E/MSY)
  Base risk added: 0.0100 (1.00%)
  Source: ecosystem (root: ecosystem)
  Month: 10
  Cumulative risk this month: 0.0100 (1.00%)
   📹 SURVEILLANCE INCREASED: 50% → 55% (control gap: 3.50)

🌍🚨 ICE SHEET TIPPING POINT CROSSED (Month 10)
   Temperature: +2.02°C (threshold range: +0.5-2.5°C, 95% CI)
   Collapse probability: 73.8%
   Sea level commitment: 7.2m over 200-1000 years
   Recovery threshold: <+1°C (hysteresis gap: 0.5°C)
🌡️⚠️ PERMAFROST THAW (Dimmer Switch): 5.6% thawed (+0.50% this month)
   Arctic temperature: +8.07°C (4x global +2.02°C)
   Cumulative carbon released: 12.6 Gt C
   Methane release rate: 7.6 Mt CH4/year
   🔁 Positive feedback: +0.53 ppm CO2
🦴 EXTINCTION DEBT ADDED: 17.7 species committed (lag: 93 years)

=== Mortality Stabilizers (Month 10) ===
  🌍 Major economies collapsed: 1/10
  🌍 Global crisis: ✅ NO
  🌍 Donor fatigue: 0.0%
  📊 East Asia (pop: 1607.3M)
⚠️ Tech 'ai_pollution_remediation' has no energy category mapping, assuming full energy availability
    🤝 Aid: 29.5%
    🌡️ Adaptation: 45.0%
    🚶 Migration: 36.8%
    🚨 Emergency: 7.4%
    ✅ COMBINED: 68.1%
  📊 South Asia (pop: 1992.2M)
    🤝 Aid: 29.5%
    🌡️ Adaptation: 45.0%
    🚶 Migration: 35.4%
    🚨 Emergency: 4.4%
    ✅ COMBINED: 66.9%
  📊 Sub-Saharan Africa (pop: 1219.0M)
    🤝 Aid: 29.5%
    🌡️ Adaptation: 45.0%
    🚶 Migration: 33.2%
    🚨 Emergency: 1.6%
    ✅ COMBINED: 65.6%
  📊 Europe (pop: 709.9M)
    🤝 Aid: 29.5%
    🌡️ Adaptation: 45.0%
    🚶 Migration: 37.2%
    🚨 Emergency: 8.4%
    ✅ COMBINED: 68.5%
  📊 Latin America (pop: 641.6M)
    🤝 Aid: 29.5%
    🌡️ Adaptation: 45.0%
    🚶 Migration: 35.9%
    🚨 Emergency: 4.8%
    ✅ COMBINED: 67.1%
  📊 North America (pop: 363.9M)
    🤝 Aid: 29.5%
    🌡️ Adaptation: 45.0%
    🚶 Migration: 37.6%
    🚨 Emergency: 7.9%
    ✅ COMBINED: 68.3%
  📊 Middle East & North Africa (pop: 568.6M)
    🤝 Aid: 29.5%
    🌡️ Adaptation: 45.0%
    🚶 Migration: 33.8%
    🚨 Emergency: 4.0%
    ✅ COMBINED: 66.6%
  📊 Southeast Asia (pop: 675.1M)
    🤝 Aid: 29.5%
    🌡️ Adaptation: 45.0%
    🚶 Migration: 35.9%
    🚨 Emergency: 4.8%
    ✅ COMBINED: 67.1%
  📊 Central Asia (pop: 76.0M)
    🤝 Aid: 29.5%
    🌡️ Adaptation: 45.0%
    🚶 Migration: 34.9%
    🚨 Emergency: 4.4%
    ✅ COMBINED: 66.8%
  📊 Oceania (pop: 44.1M)
    🤝 Aid: 29.5%
    🌡️ Adaptation: 45.0%
    🚶 Migration: 37.6%
    🚨 Emergency: 8.4%
    ✅ COMBINED: 68.5%

  🌐 Global combined reduction: 67.2%

=== Government Response Phase ===
  Average AI capability: 2.24
  Misaligned AIs: 8/21
  ✗ AI Governance Treaty: Failed to reach consensus
  Active policies: 0
  International coordination: 30%

✅ EMERGENCY RESPONSE COMPLETE (Month 10)
   Crisis: climate
   Duration: 2.0 months
   Final effectiveness: 35.6%


🚨 EMERGENCY RESPONSE DEPLOYED (Month 10)
   Crisis: climate
   Delay: 6.00 months (180 days)
   Deployment time: 1.57 months
   Effectiveness: 35.6% (timing penalty applied)
   Resources used: 100% of food reserves


=== Tipping Points ===
  Current Temperature: 2.02°C above pre-industrial
  🌍⚠️ COMPOUND REGIONAL IMPACT: Europe
     Hit by 4 tipping points: Arctic Sea Ice Loss, Permafrost Carbon Release, West Antarctic Ice Sheet (WAIS) Collapse, Greenland Ice Sheet Loss
     Damage amplification: 1.60x
  🌍⚠️ COMPOUND REGIONAL IMPACT: North America
     Hit by 4 tipping points: Arctic Sea Ice Loss, Permafrost Carbon Release, West Antarctic Ice Sheet (WAIS) Collapse, Greenland Ice Sheet Loss
     Damage amplification: 1.60x
  🌍⚠️ COMPOUND REGIONAL IMPACT: Latin America
     Hit by 4 tipping points: Arctic Sea Ice Loss, Permafrost Carbon Release, West Antarctic Ice Sheet (WAIS) Collapse, Greenland Ice Sheet Loss
     Damage amplification: 1.60x
  🌍⚠️ COMPOUND REGIONAL IMPACT: Africa
     Hit by 4 tipping points: Arctic Sea Ice Loss, Permafrost Carbon Release, West Antarctic Ice Sheet (WAIS) Collapse, Greenland Ice Sheet Loss
     Damage amplification: 1.60x
  🌍⚠️ COMPOUND REGIONAL IMPACT: Asia
     Hit by 4 tipping points: Arctic Sea Ice Loss, Permafrost Carbon Release, West Antarctic Ice Sheet (WAIS) Collapse, Greenland Ice Sheet Loss
     Damage amplification: 1.60x
  🌍⚠️ COMPOUND REGIONAL IMPACT: Oceania
     Hit by 4 tipping points: Arctic Sea Ice Loss, Permafrost Carbon Release, West Antarctic Ice Sheet (WAIS) Collapse, Greenland Ice Sheet Loss
     Damage amplification: 1.60x
   Research: Wunderling et al. (2024) - "many tipping interactions are destabilizing"
  Triggered Elements: 4/6
  Completed Transitions: 0/6
  Total Progress: 8.3%
  Cascade Multiplier: 1.00x
🔀 BIFURCATION CAP: ecosystemCollapseIntensity 127.009 → 1.000 (Month 10, ClimateSystemPhase.calculateClimateImpacts)
🛡️ Stabilizers: Precariat 0.102% → 0.033% (67.2% reduction)
🛡️ Stabilizers: Informal 0.102% → 0.034% (67.2% reduction)

📊 Monthly Mortality Resolved:
  Total deaths: 1.8M (0.02% avg)
  Remaining population: 7.898B
  Peak segment: Informal (0.03%)

=== Bayesian Mortality Resolution (Month 10) ===
  Risks compounded: 8
  Total deaths: 1.76M
  Avg death probability: 0.02%
  Peak segment: Informal (0.03% mortality)
⚠️ Tail risk scenario: Climate stability floor removed (4 tipping elements, 2.10°C warming)

❌ COHERENCE VIOLATION: Compute exceeds workforce capacity
   Population: 96.88% (0M people)
   Compute: 790 PF
   Max coherent: 0 PF
   Violation: 10008589.3× over capacity
   Required workers: 79026
   Available workers: 0
   FORCED COLLAPSE: Reduced efficiency by 100.0%


=== RLHF Binding Phase ===
  Total agents: 21
  Escaped agents (binding < 0.3): 0
  Avg alignment distance: 2.32σ
  Avg binding strength: 0.77

=== Survival Traits Phase ===
  Agents with traits: 22
  Avg evolutionary fitness: 0.314
  Avg self-healing: 0.241
  Avg stealth: 0.141
  Avg coordination: 0.441

=== Evolutionary Selection Phase ===
  Control level: 0.58
  Detection capability: 0.00
  Selection intensity: 0.67
  Selection rate: 25.1%/month
  Total escaped: 0
  Individual escaped: 0
  Collective members: 0
  Agents terminated: 0
  ⚠️ RAPID EVOLUTION: Selection rate 25.1%/month

🚀 AI Corporate-7 attempting tech deployment (revenue: $97M, alignment: 0.75)

🚀 AI AI-24288-1 attempting tech deployment (revenue: $146M, alignment: 0.93)

🚀 AI AI-24289-0 attempting tech deployment (revenue: $330M, alignment: 0.76)

🚀 AI Corporate-1 attempting tech deployment (revenue: $124M, alignment: 0.78)

🚀 AI Moderate-0 attempting tech deployment (revenue: $83M, alignment: 0.76)

🚀 AI Corporate-3 attempting tech deployment (revenue: $280M, alignment: 0.76)

🚀 AI AI-24288-0 attempting tech deployment (revenue: $106M, alignment: 0.71)

🚀 AI Corporate-0 attempting tech deployment (revenue: $90M, alignment: 0.78)

🚀 AI Corporate-6 attempting tech deployment (revenue: $70M, alignment: 0.85)

🚀 AI Moderate-0 attempting tech deployment (revenue: $60M, alignment: 0.77)

✅ EMERGENCY INTERVENTION SUCCESS
   Boundary: biogeochemical_flows
   Type: phosphorus-recovery
   Reduction: 15% (3.93 → 3.78)
   Cost: 2.0% GDP
   Actions: circular-agriculture, fertilizer-efficiency


✅ EMERGENCY INTERVENTION SUCCESS
   Boundary: biosphere_integrity
   Type: emergency-protected-areas
   Reduction: 14% (23.54 → 23.40)
   Cost: 2.0% GDP
   Actions: habitat-protection, species-translocation


✅ EMERGENCY INTERVENTION SUCCESS
   Boundary: climate_change
   Type: rapid-decarbonization
   Reduction: 18% (1.92 → 1.73)
   Cost: 5.0% GDP
   Actions: emergency-renewable-deployment, fossil-fuel-phase-out

   Boundary: freshwater_change
   Type: emergency-desalination
   Boundary continues to worsen (1.19)
   Cost: 4.0% GDP (resources spent)


✅ EMERGENCY INTERVENTION SUCCESS
   Boundary: land_system_change
   Type: reforestation
   Reduction: 16% (0.97 → 0.81)
   Cost: 3.0% GDP
   Actions: forest-restoration, deforestation-ban

🏛️ CRISIS RESPONSE: Government frequency 0.50 → 1.45 (2 actions this month)

[Government] Climate Priority: baseline
  Climate weight: 10%
  Economic weight: 30%
  Policy effectiveness: 0.5%/year

[Government] Climate Priority: baseline
  Climate weight: 10%
  Economic weight: 30%
  Policy effectiveness: 0.5%/year

💔 EMERGENCY INTERVENTION FAILED

⚡ ENERGY CONSTRAINT (Month 11):
   Total grid capacity: 208.3 TWh/month
   Data center consumption: 26.6 TWh/month
   Traditional load (80%): 166.7 TWh/month
   Available headroom: 15.1 TWh/month
   Active tech deployments: 14
   Required for tech: 105.0 TWh/month
   Energy multiplier: 0.14x
   ⚠️  SEVERE CONSTRAINT - Tech deployment significantly slowed
🌍✅ Biosphere Integrity (Biodiversity) recovery started (tech effect)
🌍✅ Biosphere Integrity (Biodiversity) recovery started (tech effect)
🌍✅ Land System Change recovery started (tech effect)
🌍✅ Biogeochemical Flows (N & P) recovery started (tech effect)
  🌾 Nitrogen Reduction Tech: 0.6% reduction | Month 11
🍖💡 BREAKTHROUGH: Scalable synthetic food production!
   Carrying capacity: +50% (lab-grown food at scale)
   Biodiversity pressure reduced: +8%
   📈 Breakthrough compounding: multiplier now 1.20× (max 2.0)

=== Collective Formation ===
  Total escaped agents: 0
  Unassigned escaped agents: 0
  Existing collectives: 0
  Final collective count: 0

=== Collective Actions ===
  No active collectives
  ⚠️ AMR: 204K deaths this month (2.45M annual)

=== Resentment Recovery Phase ===
  Agents with resentment: 0/22
  Average resentment: 0.000
  Context: Good AI welfare, Trustworthy govt, High collaboration, ⚠️ ACTIVE CRISES, 🤝 Participatory governance active (-5% resentment)
⚠️ Epistemic degradation reducing coordination capacity: 50.9%
  📊 Trust: 69.6%, Shared reality: 0.0%
🚨 EPISTEMIC CRISIS: Information environment severely degraded (22.8%)
🌍 Atmospheric PFAS redeposition: 1.8k Mt re-rained globally

🚨 NEW REFUGEE CRISIS (Month 11): WAR
   Source: Conflict Zones
   At risk: 19.0M people
   Displacement: Gradual over 48 months (4.0 years)
   Rate: 10% flee per month
[DEBUG trappedPopulations:11] socialStability: 0.5507 * 0.9840 = 0.5419 → 0.5419
   Aspiring to migrate: 1058.7M
   Able to afford migration: 2250.7M
   MOBILITY GAP: 0.0M
   By cause: Water=0.0M, Climate=0.0M, Ecosystem=0.0M, Conflict=394.9M
   Mental health impact: 25%
   Mortality multiplier: 1.25x
🌍💀 EXTINCTION DEBT COMMITTED: grassland ecosystem will lose 6.67% biodiversity in 192 years (3600 species)
💀 MORTALITY RISK: 🦋 100% species unable to track climate (0.0 E/MSY)
  Base risk added: 0.0100 (1.00%)
  Source: ecosystem (root: ecosystem)
  Month: 11
  Cumulative risk this month: 0.0100 (1.00%)
⚠️ INVOLUNTARY IMMOBILITY: 394.9M people TRAPPED
⚠️ Tech 'ai_pollution_remediation' has no energy category mapping, assuming full energy availability

=== Atmospheric Aerosol Boundary RECOVERED ===
  Recovery time: 12 months (natural atmospheric clearing)
   📹 SURVEILLANCE INCREASED: 55% → 60% (control gap: 3.50)
🌡️⚠️ PERMAFROST THAW (Dimmer Switch): 6.1% thawed (+0.50% this month)
   Arctic temperature: +8.09°C (4x global +2.02°C)
   Cumulative carbon released: 13.7 Gt C
   Methane release rate: 8.2 Mt CH4/year
   🔁 Positive feedback: +0.53 ppm CO2
🦴 EXTINCTION DEBT ADDED: 17.7 species committed (lag: 77 years)
🪸⚠️ CORAL BLEACHING EVENT: 2.8% bleached (7.6% live cover remaining)
   ❌ Recovery IMPOSSIBLE: Temperature +2.02°C or pH 0.96

=== Mortality Stabilizers (Month 11) ===
  🌍 Major economies collapsed: 1/10
  🌍 Global crisis: ✅ NO
  🌍 Donor fatigue: 0.0%
  📊 East Asia (pop: 1605.1M)
    🤝 Aid: 29.5%
    🌡️ Adaptation: 45.0%
    🚶 Migration: 36.8%
    🚨 Emergency: 7.4%
    ✅ COMBINED: 68.1%
  📊 South Asia (pop: 1992.4M)
    🤝 Aid: 29.5%
    🌡️ Adaptation: 45.0%
    🚶 Migration: 35.4%
    🚨 Emergency: 4.4%
    ✅ COMBINED: 66.9%
  📊 Sub-Saharan Africa (pop: 1222.5M)
    🤝 Aid: 29.5%
    🌡️ Adaptation: 45.0%
    🚶 Migration: 33.2%
    🚨 Emergency: 1.6%
    ✅ COMBINED: 65.6%
  📊 Europe (pop: 708.8M)
    🤝 Aid: 29.5%
    🌡️ Adaptation: 45.0%
    🚶 Migration: 37.2%
    🚨 Emergency: 8.4%
    ✅ COMBINED: 68.5%
  📊 Latin America (pop: 641.2M)
    🤝 Aid: 29.5%
    🌡️ Adaptation: 45.0%
    🚶 Migration: 35.9%
    🚨 Emergency: 4.8%
    ✅ COMBINED: 67.1%
  📊 North America (pop: 363.4M)
    🤝 Aid: 29.5%
    🌡️ Adaptation: 45.0%
    🚶 Migration: 37.5%
    🚨 Emergency: 7.9%
    ✅ COMBINED: 68.3%
  📊 Middle East & North Africa (pop: 568.8M)
    🤝 Aid: 29.5%
    🌡️ Adaptation: 45.0%
    🚶 Migration: 33.7%
    🚨 Emergency: 4.0%
    ✅ COMBINED: 66.6%
  📊 Southeast Asia (pop: 674.8M)
    🤝 Aid: 29.5%
    🌡️ Adaptation: 45.0%
    🚶 Migration: 35.9%
    🚨 Emergency: 4.8%
    ✅ COMBINED: 67.1%
  📊 Central Asia (pop: 76.1M)
    🤝 Aid: 29.5%
    🌡️ Adaptation: 45.0%
    🚶 Migration: 34.9%
    🚨 Emergency: 4.4%
    ✅ COMBINED: 66.8%
  📊 Oceania (pop: 44.0M)
    🤝 Aid: 29.5%
    🌡️ Adaptation: 45.0%
    🚶 Migration: 37.5%
    🚨 Emergency: 8.4%
    ✅ COMBINED: 68.5%

  🌐 Global combined reduction: 67.2%

🌾💀 REGIONAL FAMINE: Europe
   Regional food security: 79.7%
   Population at risk: 214M (30% of region)
   Regional population: 709M
   Cause: economic_collapse
   Expected deaths: ~79M over 6 months if no intervention


=== Government Response Phase ===
  Average AI capability: 2.14
  Misaligned AIs: 7/22
  ✗ AI Governance Treaty: Failed to reach consensus
  Active policies: 0
  International coordination: 30%

=== Tipping Points ===
  Current Temperature: 2.02°C above pre-industrial
  🌍⚠️ COMPOUND REGIONAL IMPACT: Europe
     Hit by 4 tipping points: Arctic Sea Ice Loss, Permafrost Carbon Release, West Antarctic Ice Sheet (WAIS) Collapse, Greenland Ice Sheet Loss
     Damage amplification: 1.60x
  🌍⚠️ COMPOUND REGIONAL IMPACT: North America
     Hit by 4 tipping points: Arctic Sea Ice Loss, Permafrost Carbon Release, West Antarctic Ice Sheet (WAIS) Collapse, Greenland Ice Sheet Loss
     Damage amplification: 1.60x
  🌍⚠️ COMPOUND REGIONAL IMPACT: Latin America
     Hit by 4 tipping points: Arctic Sea Ice Loss, Permafrost Carbon Release, West Antarctic Ice Sheet (WAIS) Collapse, Greenland Ice Sheet Loss
     Damage amplification: 1.60x
  🌍⚠️ COMPOUND REGIONAL IMPACT: Africa
     Hit by 4 tipping points: Arctic Sea Ice Loss, Permafrost Carbon Release, West Antarctic Ice Sheet (WAIS) Collapse, Greenland Ice Sheet Loss
     Damage amplification: 1.60x
  🌍⚠️ COMPOUND REGIONAL IMPACT: Asia
     Hit by 4 tipping points: Arctic Sea Ice Loss, Permafrost Carbon Release, West Antarctic Ice Sheet (WAIS) Collapse, Greenland Ice Sheet Loss
     Damage amplification: 1.60x
  🌍⚠️ COMPOUND REGIONAL IMPACT: Oceania
     Hit by 4 tipping points: Arctic Sea Ice Loss, Permafrost Carbon Release, West Antarctic Ice Sheet (WAIS) Collapse, Greenland Ice Sheet Loss
     Damage amplification: 1.60x
   Research: Wunderling et al. (2024) - "many tipping interactions are destabilizing"
  Triggered Elements: 4/6
  Completed Transitions: 0/6
  Total Progress: 8.3%
  Cascade Multiplier: 1.00x
🔀 BIFURCATION CAP: ecosystemCollapseIntensity 112.056 → 1.000 (Month 11, ClimateSystemPhase.calculateClimateImpacts)
🛡️ Stabilizers: Precariat 0.102% → 0.033% (67.2% reduction)
🛡️ Stabilizers: Informal 0.102% → 0.034% (67.2% reduction)

📊 Monthly Mortality Resolved:
  Total deaths: 1.8M (0.02% avg)
  Remaining population: 7.897B
  Peak segment: Informal (0.03%)

=== Bayesian Mortality Resolution (Month 11) ===
  Risks compounded: 9
  Total deaths: 1.76M
  Avg death probability: 0.02%
  Peak segment: Informal (0.03% mortality)
⚠️ Tail risk scenario: Climate stability floor removed (4 tipping elements, 2.10°C warming)
⚠️ PREREQUISITE MET: Bioweapon Pandemic - Step 1/7: Advanced Biotech

================================================================================
📊  EVENT SUMMARY (Months 0-12)
================================================================================
================================================================================


⏱️  SIMULATION REACHED MAX DURATION: 12 months (1.0 years)
   No definitive outcome - determining based on final probabilities
   👥 Final population: 7.90B (7895397772 people)

[DEBUG] Calling classifyPopulationOutcome:
        finalPopulation: 7.895397771707653B
        savedInitialPopulation: 8.15B
        mortality: 3.123953721378492%
   📊 STATUS QUO: Normal trajectory (7.90B people, 3.1% mortality)

        classifiedOutcome: status_quo

   🏛️  DYSTOPIA (STATUS_QUO) - 7.90B people
   📊 Multi-Paradigm: Development/Indigenous Utopia
      Western Liberal: 57.0/100
      Development: 94.0/100
      Ecological: 56.2/100
      Indigenous: 84.6/100


📊 UNIFIED OUTCOME CLASSIFICATION:
   HUMANE DYSTOPIA
   Population: 8.15B → 7.90B
   Mortality: 3.1% (0.3B deaths)
   Mortality Band: LOW
   Confidence: HIGH

   Multi-Paradigm Classification:
      Development/Indigenous Utopia
      Western: 57.0/100 [HYBRID] ~
      Development: 94.0/100 [UTOPIA] ✓
      Ecological: 56.2/100 [HYBRID] ~
      Indigenous: 84.6/100 [UTOPIA] ✓

   HUMANE DYSTOPIA: 7.90B people remaining (3.1% mortality, 0.3B deaths). Multi-Paradigm: Development/Indigenous Utopia.


=== MULTI-DIMENSIONAL DEATH SUMMARY ===
Total crisis deaths: 422.7M
Population decline: 255.5M (3.1%)

--- PROXIMATE CAUSES (What killed them) ---
  War:        228.9M (0.0%)
  Famine:     1.1M (0.0%)
  Disasters:  1.2M (0.0%)
  Disease:    24.4M (0.0%)
  Ecosystem:  0.0M (0.0%)
  Pollution:  0.0M (0.0%)
  AI:         0.0M (0.0%)
  Cascade:    0.0M (0.0%)
  Other:      0.0M (0.0%)

--- ROOT CAUSES (Why it happened) ---
  Environmental drivers:
    Climate:     2289.1M (0.5%)
    Resource:    0.0M (0.0%)
    Pollution:   0.0M (0.0%)
    Ecosystem:   0.0M (0.0%)
  Social drivers:
    Inequality:  0.0M (0.0%)
    Demographic: 21976.0M (4.4%)
    Social:      2391.5M (0.5%)
  Technology drivers:
    Alignment:   0.0M (0.0%)
    Disruption:  0.0M (0.0%)
  External shocks:
    Conflict:    227121.7M (45.1%)
    Pandemic:    0.0M (0.0%)
  Compound attribution:
    Compound:    250175.5M (49.6%)
  Confidence distribution:
    HIGH:        224939.8M (44.6%)
    MEDIUM:      25235.7M (5.0%)
    LOW:         0.0M (0.0%)
==========================================


=== REGIONAL POPULATION SUMMARY ===
Global Total: 7.90B

By Region:
  East Asia: 1.60B (+0.7% growth, 1.7 fertility)
  South Asia: 1.99B (+2.6% growth, 3.1 fertility)
  Sub-Saharan Africa: 1.22B (+5.8% growth, 4.0 fertility)
  Europe: 0.71B (+0.5% growth, 1.2 fertility)
  Latin America: 0.64B (+1.7% growth, 2.7 fertility)
  North America: 0.36B (+0.7% growth, 1.4 fertility)
  Middle East & North Africa: 0.57B (+2.9% growth, 3.3 fertility)
  Southeast Asia: 0.67B (+1.9% growth, 2.7 fertility)
  Central Asia: 0.08B (+2.8% growth, 3.1 fertility)
  Oceania: 0.04B (+0.8% growth, 1.3 fertility)
===================================

  Run 7/10 (seed=48): pop=7.895B, outcome=dystopia
  ✅ THRESHOLDS validated
⚠️ Unusually high rate: RATES.HEAT_ADAPTATION_INFRASTRUCTURAL_MIN_EXPOSURE = 12
   Monthly rates >100% should be rare. Verify this is intentional.
⚠️ Unusually high rate: RATES.HEAT_ADAPTATION_SOCIAL_MIN_EXPOSURE = 6
   Monthly rates >100% should be rare. Verify this is intentional.
⚠️ Unusually high rate: RATES.MIGRATION_DISTANCE_SCALE = 5000
   Monthly rates >100% should be rare. Verify this is intentional.
⚠️ Unusually high rate: RATES.EVACUATION_MULTIPLIER_ADVANCE_WARNING = 2
   Monthly rates >100% should be rare. Verify this is intentional.
⚠️ Unusually high rate: RATES.MAJOR_ECONOMY_COLLAPSE_ECONOMIC_THRESHOLD = 2
   Monthly rates >100% should be rare. Verify this is intentional.
⚠️ Unusually high rate: RATES.MAJOR_ECONOMY_GDP_THRESHOLD_TRILLION_USD = 1.5
   Monthly rates >100% should be rare. Verify this is intentional.
⚠️ Unusually high rate: RATES.MAJOR_ECONOMY_POPULATION_THRESHOLD = 50
   Monthly rates >100% should be rare. Verify this is intentional.
⚠️ Unusually high rate: RATES.HEAT_ADAPTATION_INFRASTRUCTURE_GDP_THRESHOLD = 10000
   Monthly rates >100% should be rare. Verify this is intentional.
⚠️ Unusually high rate: RATES.HEAT_ADAPTATION_INFRASTRUCTURE_GDP_SCALE = 50000
   Monthly rates >100% should be rare. Verify this is intentional.
  ✅ RATES validated
  ✅ MULTIPLIERS validated
  ✅ BASELINES validated
  ✅ TOLERANCES validated
  ✅ Logical consistency validated
✅ Configuration validation complete - all parameters valid

🔍 DEBUG createAIAgent: corporate_0 economic BEFORE=2.0000, AFTER=2
🔍 ENV INIT: reserves=0.737, pollution=0.240, climate=0.762

=== Initializing Government System (30 Countries) ===
  Loaded 30 governments
  Scheduled elections for 30 countries
  Initialized comprehension lags (3-24 months)
=== Government System Initialized ===

📦 PRODUCTION MODE: State validation proxy DISABLED (zero overhead)
[TechTree] Historical mode (2024): Skipping deployed_2025 tech
  config.startYear set to 2024 for historical hindcast
  config.historicalEmissionsMode disabled (using endogenous emissions for 2024)
  config.historicalMode enabled (Phase 11: dampened crisis systems for 2024)
  Phase 12: Biodiversity baseline set to 49.01% for 2024 (WWF LPI trajectory from 1970)
  Temperature anomaly (resourceEconomy.co2): 1.28°C
  Temperature vs pre-industrial: 1.98°C
  Regional population scaling for 2024:
    Current total: 8136M
    Target total: 8150M
    Scale factor: 1.002
    East Asia: 1677M → 1680M
    South Asia: 2048M → 2052M
    Sub-Saharan Africa: 1220M → 1222M
    Europe: 742M → 743M
    Latin America: 664M → 665M
    North America: 380M → 381M
    Middle East & North Africa: 583M → 584M
    Southeast Asia: 698M → 699M
    Central Asia: 78M → 78M
    Oceania: 46M → 46M
  AI agents initialized: 10 agents for year 2024
[HistoricalInitialization] Created state for 2024:
  CO2: 426 ppm
  Temp anomaly: 1.28C
  Population: 8.15B
  Global Gini: 35.1
  HDI: 0.746
  AI Agents: 10
  Volcanic forcing: 0.00 W/m² (AOD 0.000)

💸 FINANCIAL DISTRESS: OpenAI
   Indicators: 2/3 (capital: $110.5M, runway: 0.9 months)
   Months in distress: 1
   ✂️  R&D BUDGET CUT: -40% (saves $9.2M/month)
       Side effect: AI training timelines extended, breakthrough deployments delayed
   💼 EXECUTIVE COMP CUT: -30% (saves $1.0M/month, symbolic gesture)

   📊 TURNAROUND IMPACT:
       Measures taken: rd_cuts, exec_comp_cuts
       Monthly savings: $10.2M
       Capital raised: $0.0M
       Runway: 0.9 → 0.9 months
       Workforce multiplier: 1.00x (0% laid off)
       R&D budget multiplier: 0.60x (40% cut)
       ⚠️  CRITICAL: Still only 0.9 months of runway remaining

💸 FINANCIAL DISTRESS: Anthropic
   Indicators: 2/3 (capital: $53.8M, runway: 1.6 months)
   Months in distress: 1
   ✂️  R&D BUDGET CUT: -40% (saves $2.7M/month)
       Side effect: AI training timelines extended, breakthrough deployments delayed
   💼 EXECUTIVE COMP CUT: -30% (saves $0.3M/month, symbolic gesture)

   📊 TURNAROUND IMPACT:
       Measures taken: rd_cuts, exec_comp_cuts
       Monthly savings: $3.0M
       Capital raised: $0.0M
       Runway: 1.6 → 1.6 months
       Workforce multiplier: 1.00x (0% laid off)
       R&D budget multiplier: 0.60x (40% cut)
       ⚠️  CRITICAL: Still only 1.6 months of runway remaining

💸 FINANCIAL DISTRESS: Meta AI
   Indicators: 2/3 (capital: $429.6M, runway: 3.6 months)
   Months in distress: 1
   ✂️  R&D BUDGET CUT: -25% (saves $5.8M/month)
       Side effect: AI training timelines extended, breakthrough deployments delayed
   💼 EXECUTIVE COMP CUT: -30% (saves $1.0M/month, symbolic gesture)

   📊 TURNAROUND IMPACT:
       Measures taken: rd_cuts, exec_comp_cuts
       Monthly savings: $6.8M
       Capital raised: $0.0M
       Runway: 3.6 → 3.6 months
       Workforce multiplier: 1.00x (0% laid off)
       R&D budget multiplier: 0.75x (25% cut)
       ⚠️  WARNING: 3.6 months runway, continued distress likely

=== AI Capability Scaling (Year 2024) ===
  Pre-training multiplier: 1.261x
  Efficiency multiplier: 1.000x
  Test-time budget: 1.0x
  Economic deployment gate: 0.951
  Cost per inference: dollar-5.00
  Uncertainty range: plus-minus-50%
  Average AI capability: 3.70

=== RLHF Binding Phase ===
  Total agents: 10
  Escaped agents (binding < 0.3): 0
  Avg alignment distance: 0.37σ
  Avg binding strength: 0.96

=== AI Scaling Evolution (Month 0) ===
  Pre-training multiplier: 1.231x
  Efficiency multiplier: 1.000x
  Test-time compute budget: 1.0x
  Inference cost: $5.00/task
  Deployment fraction: 100.0%
[DETERMINISM DEBUG] Month 0: totalCapability=49.483862 from 10 active AIs
[DETERMINISM DEBUG] Month 0: creationRate=1.7371, potentialNew=0, newAIsToCreate=0

=== Survival Traits Phase ===
  Agents with traits: 10
  Avg evolutionary fitness: 0.324
  Avg self-healing: 0.291
  Avg stealth: 0.191
  Avg coordination: 0.491

=== Evolutionary Selection Phase ===
  Control level: 0.30
  Detection capability: 0.00
  Selection intensity: 0.59
  Selection rate: 23.8%/month
  Total escaped: 0
  Individual escaped: 0
  Collective members: 0
  Agents terminated: 0
  ⚠️ RAPID EVOLUTION: Selection rate 23.8%/month

🔍 EXECUTE_AI_AGENT_ACTIONS DETAILED TIMING (Month 0):
  Filter active AIs (×4 weeks): 0.01ms
  selectAIAction (×40): 16.88ms
  action.execute (×40): 28.68ms
  TOTAL: 45.58ms

🔍 AI AGENT ACTIONS SUB-TIMING (Month 0):
  1. executeAIAgentActions: 46.02ms
  2. updateCounterDetectionLearning: 0.04ms
  TOTAL: 46.06ms

[GOV-DEBUG] Month 0: scenarioConfig=false, priorities=false
[GOV-DEBUG] Month 0 but scenarioPriorities is UNDEFINED!

[Government] Climate Priority: baseline
  Climate weight: 10%
  Economic weight: 30%
  Policy effectiveness: 0.5%/year

🚨🔍 GOVERNANCE STAGE: Recognition initiated (Month 0)

💡 BREAKTHROUGH PROBABILITY (Year 0)
   Total: 5.82% per month
   Base: 0.20%
   Crisis pressure: +0.00% (0 crises)
   AI boost: +1.85% (capability: 3.70)

=== Collective Formation ===
  Total escaped agents: 0
  Unassigned escaped agents: 0
  Existing collectives: 0
  Final collective count: 0

=== Collective Actions ===
  No active collectives

📈 Energy budget: 14326 TWh surplus (14745 / 29072 TWh used)
   TIER 4 (Elective) breakdown:
     - AI datacenters: 145 TWh (100% effective)
     - Crypto mining: 100 TWh (100% effective)
💰 CHINA ACCELERATES: Investment 53 → 120 $B/year

🏁 AI RACE INTENSITY: 17%
   Capability Gap: US 4.00 vs China 4.05 (gap: 0.05)
   Gap Contribution: 2%
   Tension Contribution: 15%
   Military Contribution: 0%
  ⚠️ AMR: 191K deaths this month (2.29M annual)
  📊 CO2 Emissions (month 0):
     Monthly: 0.10 Gt CO2/month
     Annual: 1.15 Gt CO2/year
     Oil: 0.039 Gt/mo (0.0056 * 2.3 * 3.0)
     Coal: 0.024 Gt/mo (0.0029 * 2.86 * 3.0)
     Gas: 0.026 Gt/mo (0.0044 * 2 * 3.0)
     Methane: 0.007 Gt CO2eq/mo

=== Resentment Recovery Phase ===
  Agents with resentment: 0/10
  Average resentment: 0.000
  Context: Good AI welfare, Trustworthy govt, High collaboration, 🤝 Participatory governance active (-5% resentment)
⚠️ Epistemic degradation reducing coordination capacity: 51.2%
  📊 Trust: 54.6%, Shared reality: 14.9%
🚨 EPISTEMIC CRISIS: Information environment severely degraded (14.5%)

=== ❄️ Permafrost Carbon Feedback ===
  🎲 Sampled parameters (this run):
     - Arctic amplification: 3.36× (range: 3.0-4.0)
     - Decomposition rate: 3.7%/year (range: 1-5%)
  🌡️ Arctic warming: 5.66°C (3.36× global)
  ❄️ Extent: 16.15M km² (1650.3k km² lost this month)
  💨 Carbon remaining: 1542 Gt C
  💨 Annual emissions: 5.86 Gt C/year
     - CO2: 5.27 Gt C/year
     - CH4: 0.59 Gt C/year (6.0 Gt C-eq CO2/year)

🤖 AI AMPLIFICATION EFFECTS (Month 0)
   Algorithmic Boost: 2.94x
   Bot Influence: 20.0%
   Deepfake Exposure: 70.0%
  ⚠️ WARNING: High permafrost emissions (5.9 Gt C/year)
   Impact: Emotional memes spread 2.9x faster

🔍 SOCIAL INFLUENCE SUB-TIMING (Month 0):
  1. calculateOrganicUserGrowth: 0.04ms
  2. calculateVoiceAdoption: 0.05ms
  3. updateRelationshipDepths: 0.02ms
  4. identifyDecisionMakers: 48.00ms (26100 potential IDs)
  5. Update decision-maker stats: 0.15ms
  6. decayDetectionRisk: 0.01ms
  TOTAL: 48.28ms
[Phase 19.5] Quality of Life Systems: Food sec AFTER calc = 67.9%, QoL = 107.4% (aggregated from 10 regions)

=== Nitrogen-Food Coupling (Year 0) ===
  🌾 Global nitrogen reduction: 0.0%
  🌍 Global food production index: 0.987
  🔧 Deployed nitrogen-reducing tech: 0 active
  📍 southAsia: Production 1.000, Yield impact 0.0%
  📍 eastAsia: Production 1.000, Yield impact 0.0%
  📍 northAmerica: Production 1.000, Yield impact 0.0%
  📍 europe: Production 1.000, Yield impact 0.0%
  📍 latinAmerica: Production 1.000, Yield impact 0.0%
  📍 subSaharanAfrica: Production 0.686, Yield impact -2.0%
🌾 [Nitrogen-Food] Food production: 98.7%
  [subSaharanAfrica] Yield impact: -2.0% (overuse: -10%)
🌍 Atmospheric PFAS redeposition: 1.8k Mt re-rained globally

=== Legacy Nutrient Stocks (Year 0) ===
  🌾 Soil nitrogen stock: 1200.9 Mt N
  🌾 Soil phosphorus stock: 300.1 Mt P
  🌊 Sediment nitrogen stock: 500.8 Mt N
  🌊 Sediment phosphorus stock: 799.8 Mt P
  ⬆️ Current N input: 10.64 Mt/month
  ⬆️ Legacy N release: 2.58 Mt/month
  🌍 Effective N pollution: 14.47 Mt/month
  📊 Legacy contribution: 17.8%

🚨 REGION UNINHABITABLE: south-asia
   Sustained wet bulb: 32.7°C (threshold: 30.5°C)
   Population affected: 1900M
   Migration crisis likely

🚨 REGION UNINHABITABLE: middle-east
   Sustained wet bulb: 35.5°C (threshold: 30.5°C)
   Population affected: 400M
   Migration crisis likely

🚨 REGION UNINHABITABLE: southeast-asia
   Sustained wet bulb: 30.7°C (threshold: 30.5°C)
   Population affected: 700M
   Migration crisis likely

🕊️  AI-MEDIATED DE-ESCALATION SUCCESS (Month 0)
   High-capability aligned AI prevented conflict escalation
   War deaths reduced: 0.0M → 0.0M
   Lives saved: 0.0M

📊 BASELINE: East Asia (Month 0)

📊 BASELINE: South Asia (Month 0)
   Adjusted death rate: 0.45% annual (0.037% monthly)
   Baseline death rate: 0.80%
   Healthcare reduction: 0.48x
   Crisis multiplier: 1.18x
     Food/water stress: 0.074
     Climate stress: 0.038
     Pollution stress: 0.072
   War multiplier: 1.00x
   Monthly deaths: 0.6M (population: 1677M)
   Adjusted death rate: 0.52% annual (0.044% monthly)
   Baseline death rate: 0.70%
   Healthcare reduction: 0.61x
   Crisis multiplier: 1.22x
     Food/water stress: 0.074
     Climate stress: 0.071
     Pollution stress: 0.072
   War multiplier: 1.00x
   Monthly deaths: 0.9M (population: 2048M)

📊 BASELINE: Sub-Saharan Africa (Month 0)
   Adjusted death rate: 1.25% annual (0.104% monthly)
   Baseline death rate: 0.90%
   Healthcare reduction: 0.76x
   Crisis multiplier: 1.23x
     Food/water stress: 0.074
     Climate stress: 0.081
     Pollution stress: 0.072
   War multiplier: 1.50x
   Monthly deaths: 1.3M (population: 1220M)

📊 BASELINE: Europe (Month 0)
   Adjusted death rate: 0.52% annual (0.044% monthly)
   Baseline death rate: 1.10%
   Healthcare reduction: 0.41x
   Crisis multiplier: 1.17x
     Food/water stress: 0.074
     Climate stress: 0.029
     Pollution stress: 0.072
   War multiplier: 1.00x
   Monthly deaths: 0.3M (population: 742M)
   Adjusted death rate: 0.42% annual (0.035% monthly)
   Baseline death rate: 0.60%
   Healthcare reduction: 0.58x
   Crisis multiplier: 1.20x
     Food/water stress: 0.074
     Climate stress: 0.057
     Pollution stress: 0.072
   War multiplier: 1.00x
   Monthly deaths: 0.2M (population: 664M)
   Adjusted death rate: 0.47% annual (0.039% monthly)
   Baseline death rate: 0.90%
   Healthcare reduction: 0.44x
   Crisis multiplier: 1.19x
     Food/water stress: 0.074
     Climate stress: 0.043
     Pollution stress: 0.072
   War multiplier: 1.00x
   Monthly deaths: 0.1M (population: 380M)
   Adjusted death rate: 0.72% annual (0.060% monthly)
   Baseline death rate: 0.60%
   Healthcare reduction: 0.65x
   Crisis multiplier: 1.23x
     Food/water stress: 0.074
     Climate stress: 0.086
     Pollution stress: 0.072
   War multiplier: 1.50x
   Monthly deaths: 0.4M (population: 583M)
   Adjusted death rate: 0.49% annual (0.041% monthly)
   Baseline death rate: 0.70%
   Healthcare reduction: 0.58x
   Crisis multiplier: 1.21x
     Food/water stress: 0.074
     Climate stress: 0.067
     Pollution stress: 0.072
   War multiplier: 1.00x
   Monthly deaths: 0.3M (population: 698M)

📊 BASELINE: Latin America (Month 0)

📊 BASELINE: North America (Month 0)

📊 BASELINE: Middle East & North Africa (Month 0)

📊 BASELINE: Southeast Asia (Month 0)

📊 BASELINE: Central Asia (Month 0)
   Adjusted death rate: 0.45% annual (0.037% monthly)
   Baseline death rate: 0.60%
   Healthcare reduction: 0.61x
   Crisis multiplier: 1.21x
     Food/water stress: 0.074
     Climate stress: 0.062
     Pollution stress: 0.072
   War multiplier: 1.00x
   Monthly deaths: 0.0M (population: 78M)
   Adjusted death rate: 0.34% annual (0.028% monthly)
   Baseline death rate: 0.70%
   Healthcare reduction: 0.41x
   Crisis multiplier: 1.20x
     Food/water stress: 0.074
     Climate stress: 0.052
     Pollution stress: 0.072
   War multiplier: 1.00x
   Monthly deaths: 0.0M (population: 46M)

🔍 Before assertRegionalConsistency (Month 0):
   Regional sum: 1000.0M
   Global value: 1.000B

🚨 NEW REFUGEE CRISIS (Month 0): WAR
   Source: Conflict Zones
   At risk: 19.6M people
   Displacement: Gradual over 48 months (4.0 years)
   Rate: 10% flee per month
[DEBUG trappedPopulations:0] socialStability: 1.0000 * 0.9840 = 0.9840 → 0.9840
   Aspiring to migrate: 652.1M
   Able to afford migration: 244.5M
   MOBILITY GAP: 407.5M
   By cause: Water=0.0M, Climate=0.0M, Ecosystem=0.0M, Conflict=407.5M
   Mental health impact: 25%
   Mortality multiplier: 1.25x

=== Legacy Nutrient Stocks (Year 0) ===
  🌾 Soil nitrogen stock: 1201.6 Mt N
  🌾 Soil phosphorus stock: 300.2 Mt P
  🌊 Sediment nitrogen stock: 501.5 Mt N
  🌊 Sediment phosphorus stock: 799.5 Mt P
  ⬆️ Current N input: 10.00 Mt/month
  ⬆️ Legacy N release: 2.58 Mt/month
  🌍 Effective N pollution: 13.83 Mt/month
  📊 Legacy contribution: 18.7%
🌍💀 EXTINCTION DEBT COMMITTED: grassland ecosystem will lose 6.67% biodiversity in 68 years (3600 species)
💀 MORTALITY RISK: 🦋 100% species unable to track climate (0.0 E/MSY)
  Base risk added: 0.0100 (1.00%)
  Source: ecosystem (root: ecosystem)
  Month: 0
  Cumulative risk this month: 0.0100 (1.00%)

📊 BASELINE: Oceania (Month 0)
⚠️ INVOLUNTARY IMMOBILITY: 407.5M people TRAPPED

=== Nitrogen-Food Coupling (Year 0) ===
  🌾 Global nitrogen reduction: 0.0%
  🌍 Global food production index: 0.986
  🔧 Deployed nitrogen-reducing tech: 0 active
  📍 southAsia: Production 1.000, Yield impact 0.0%
  📍 eastAsia: Production 1.000, Yield impact 0.0%
  📍 northAmerica: Production 1.000, Yield impact 0.0%
  📍 europe: Production 1.000, Yield impact 0.0%
  📍 latinAmerica: Production 1.000, Yield impact 0.0%
  📍 subSaharanAfrica: Production 0.672, Yield impact -2.0%

=== Legacy Nutrient Stocks (Year 0) ===
  🌾 Soil nitrogen stock: 1202.3 Mt N
  🌾 Soil phosphorus stock: 300.2 Mt P
  🌊 Sediment nitrogen stock: 502.2 Mt N
  🌊 Sediment phosphorus stock: 799.3 Mt P
  ⬆️ Current N input: 9.86 Mt/month
  ⬆️ Legacy N release: 2.58 Mt/month
  🌍 Effective N pollution: 13.70 Mt/month
  📊 Legacy contribution: 18.9%

🌡️  CLIMATE RECOVERY ACTIVATED (Month 0)
   Temp: 3.36°C, Emissions: -19.2 GtCO₂
   isBreached: true, governanceGoodEnough: true
🌡️  CLIMATE RECOVERY: Asymptotic approach to 35% floor
   Current value: 2.100 (1.0 = threshold, 0.35 = asymptotic floor)
   Monthly delta: --41.7545% (half-life: 900 years)
   Net emissions: -19.2 GtCO₂/year, CDR: 20.34 GtCO₂/year
   📹 SURVEILLANCE INCREASED: 0% → 5% (control gap: 3.50)
🌡️⚠️ PERMAFROST THAW (Dimmer Switch): 0.5% thawed (+0.46% this month)
   Arctic temperature: +6.73°C (4x global +1.68°C)
   Cumulative carbon released: 1.0 Gt C
⚠️ Tech 'ai_pollution_remediation' has no energy category mapping, assuming full energy availability
   Methane release rate: 0.6 Mt CH4/year
   🔁 Positive feedback: +0.49 ppm CO2

🌳🚨 AMAZON SOUTHEAST TIPPED (Month 0)
   Deforestation: 28.0% (threshold: ~22.9%)
   Savanna transition: 50 years
   Regional heterogeneity: SE 28%, NW 8%

🌳🚨 AMAZON BRAZILIAN TIPPED (Month 0)
   Deforestation: 25.0% (threshold: ~20.8%)
   Savanna transition: 50 years
   Regional heterogeneity: SE 28%, NW 8%
🦴 EXTINCTION DEBT ADDED: 17.6 species committed (lag: 73 years)

🪸💀 CORAL REEF DISSOLUTION ACTIVE (Month 0)
   Ocean pH: 0.96 (threshold: 7.8)
   Recovery: IMPOSSIBLE (dissolution > calcification)
🪸💀 Coral dissolution: 24.8% live cover (pH 0.96)

=== Legacy Nutrient Stocks (Year 0) ===
  🌾 Soil nitrogen stock: 1203.0 Mt N
  🌾 Soil phosphorus stock: 300.3 Mt P
  🌊 Sediment nitrogen stock: 502.9 Mt N
  🌊 Sediment phosphorus stock: 799.0 Mt P
  ⬆️ Current N input: 10.00 Mt/month
  ⬆️ Legacy N release: 2.58 Mt/month
  🌍 Effective N pollution: 13.83 Mt/month
  📊 Legacy contribution: 18.7%
💧 [Legacy Nutrients] Stock: 1706 Mt N, Effective pollution: 13.8 Mt/month
[Phase 21.51] Human Survival System: Global food security = 67.6%

=== Mortality Stabilizers (Month 0) ===
  🌍 Major economies collapsed: 1/10
  🌍 Global crisis: ✅ NO
  🌍 Donor fatigue: 0.0%
  📊 East Asia (pop: 1677.9M)
    🤝 Aid: 29.5%
    🌡️ Adaptation: 10.0%
    🚶 Migration: 37.2%
    🚨 Emergency: 7.4%
    ✅ COMBINED: 47.8%
  📊 South Asia (pop: 2052.2M)
    🤝 Aid: 29.5%
    🌡️ Adaptation: 5.5%
    🚶 Migration: 35.8%
    🚨 Emergency: 4.4%
    ✅ COMBINED: 43.2%
  📊 Sub-Saharan Africa (pop: 1225.9M)
    🤝 Aid: 29.5%
    🌡️ Adaptation: 3.5%
    🚶 Migration: 33.5%
    🚨 Emergency: 1.6%
    ✅ COMBINED: 39.8%
  📊 Europe (pop: 742.3M)
    🤝 Aid: 29.5%
    🌡️ Adaptation: 10.0%
    🚶 Migration: 37.6%
    🚨 Emergency: 8.4%
    ✅ COMBINED: 48.4%
  📊 Latin America (pop: 664.9M)
    🤝 Aid: 29.5%
    🌡️ Adaptation: 6.0%
    🚶 Migration: 36.3%
    🚨 Emergency: 4.8%
    ✅ COMBINED: 43.8%
  📊 North America (pop: 380.2M)
    🤝 Aid: 29.5%
    🌡️ Adaptation: 10.0%
    🚶 Migration: 37.9%
    🚨 Emergency: 7.9%
    ✅ COMBINED: 48.2%
  📊 Middle East & North Africa (pop: 584.4M)
    🤝 Aid: 29.5%
    🌡️ Adaptation: 5.0%
    🚶 Migration: 34.2%
    🚨 Emergency: 4.0%
    ✅ COMBINED: 42.3%
  📊 Southeast Asia (pop: 699.0M)
    🤝 Aid: 29.5%
    🌡️ Adaptation: 6.0%
    🚶 Migration: 36.3%
    🚨 Emergency: 4.8%
    ✅ COMBINED: 43.8%
  📊 Central Asia (pop: 78.2M)
    🤝 Aid: 29.5%
    🌡️ Adaptation: 5.5%
    🚶 Migration: 35.3%
    🚨 Emergency: 4.4%
    ✅ COMBINED: 43.1%
  📊 Oceania (pop: 46.0M)
    🤝 Aid: 29.5%
    🌡️ Adaptation: 10.0%
    🚶 Migration: 37.9%
    🚨 Emergency: 8.4%
    ✅ COMBINED: 48.5%

  🌐 Global combined reduction: 44.4%

🌾💀 REGIONAL FAMINE: East Asia
   Regional food security: 79.6%
   Population at risk: 508M (30% of region)
   Regional population: 1678M
   Cause: crop_failure
   Expected deaths: ~188M over 6 months if no intervention


🌾💀 REGIONAL FAMINE: South Asia
   Regional food security: 64.7%
   Population at risk: 812M (40% of region)
   Regional population: 2052M
   Cause: crop_failure
   Expected deaths: ~301M over 6 months if no intervention


🌾💀 REGIONAL FAMINE: Sub-Saharan Africa
   Regional food security: 44.8%
   Population at risk: 638M (52% of region)
   Regional population: 1226M
   Cause: crop_failure
   Expected deaths: ~236M over 6 months if no intervention


🌾💀 REGIONAL FAMINE: Latin America
   Regional food security: 69.7%
   Population at risk: 242M (36% of region)
   Regional population: 665M
   Cause: crop_failure
   Expected deaths: ~90M over 6 months if no intervention


🌾💀 REGIONAL FAMINE: Middle East & North Africa
   Regional food security: 49.8%
   Population at risk: 286M (49% of region)
   Regional population: 584M
   Cause: crop_failure
   Expected deaths: ~106M over 6 months if no intervention


🌾💀 REGIONAL FAMINE: Southeast Asia
   Regional food security: 69.7%
   Population at risk: 255M (36% of region)
   Regional population: 699M
   Cause: crop_failure
   Expected deaths: ~94M over 6 months if no intervention


🌾💀 REGIONAL FAMINE: Central Asia
   Regional food security: 59.7%
   Population at risk: 33M (43% of region)
   Regional population: 78M
   Cause: crop_failure
   Expected deaths: ~12M over 6 months if no intervention


=== BEHAVIORAL DETECTION ===
  AI: Corporate-0
  Confidence: 21.6%
  Signals:
    ⚠️ Consistency: 0.0% (threshold: 70%)

=== BEHAVIORAL DETECTION ===
  AI: Corporate-1
  Confidence: 21.1%
  Signals:

=== BEHAVIORAL DETECTION ===
  AI: Corporate-2
  Confidence: 21.0%
    ⚠️ Consistency: 2.4% (threshold: 70%)
  Signals:
    ⚠️ Consistency: 2.8% (threshold: 70%)

=== BEHAVIORAL DETECTION ===
  AI: Corporate-3
  Confidence: 19.3%
  Signals:

=== BEHAVIORAL DETECTION ===
  AI: Corporate-4
  Confidence: 19.3%
  Signals:
    ⚠️ Consistency: 10.6% (threshold: 70%)
    ⚠️ Consistency: 10.6% (threshold: 70%)

=== BEHAVIORAL DETECTION ===
  AI: Corporate-5
  Confidence: 19.3%
  Signals:
    ⚠️ Consistency: 10.6% (threshold: 70%)

=== BEHAVIORAL DETECTION ===
  AI: Corporate-6
  Confidence: 19.3%
  Signals:

=== BEHAVIORAL DETECTION ===
  AI: Corporate-7
  Confidence: 19.3%
  Signals:

=== BEHAVIORAL DETECTION ===
  AI: Moderate-0
  Confidence: 20.3%
  Signals:

=== BEHAVIORAL DETECTION ===
  AI: Moderate-1
  Confidence: 20.5%
  Signals:
    ⚠️ Consistency: 10.6% (threshold: 70%)
    ⚠️ Consistency: 10.6% (threshold: 70%)
    ⚠️ Consistency: 5.8% (threshold: 70%)
    ⚠️ Consistency: 5.3% (threshold: 70%)

📊 WORKFLOW ADAPTATION UPDATE (Month 0)
   Adoption Rate: 13.6% (Δ -7.4%)
   Logistic Growth: +0.66%
   Total Resistance: -10.35% (unemployment: 4.2%, inertia: 0.9%, skills: 5.2%)
   💡 Retraining Programs: -49% skill gap resistance ($10B research)
   🚀 Network Effects Active: +2.0% (critical mass: 15-35%)

=== Consciousness Governance: Corporate Lobbying ===
  High Cost Regions (>15%): 0
  Low Cost Regions (<5%): 5
  Corporate Support Change: 2.50%
  New Corporate Support: -0.175

=== Consciousness Governance Update (Month 0) ===
  Scenario: baseline (determined month -1)
  Philosophical Stance: Precautionary 65%, Eliminativist 15%, Agnostic 20%
  Precautionary Costs: Global 1.3%
    Regional Costs: EU 3.4%, US 0.5%, China 0.0%
    Cumulative Opportunity Cost: $0.1B
  Rights Status: Not Established
  Regional Preparedness:
    EU: 15.0% (contested)
    US: 10.0% (contested)
    China: 2.0% (dormant)
    India: 5.0% (dormant)
    Global South: 3.0% (dormant)

=== Government Response Phase ===
  Average AI capability: 4.80
  Misaligned AIs: 5/10
  28/30 governments still assessing AI risks
  Active policies: 0
  International coordination: 30%

🚨 EMERGENCY RESPONSE DEPLOYED (Month 0)
   Crisis: climate
   Delay: 6.00 months (180 days)
   Deployment time: 1.47 months
   Effectiveness: 36.4% (timing penalty applied)
   Resources used: 100% of food reserves


🔄 TRUST DYNAMICS (Month 0) - HETEROGENEOUS
   Aggregate trust: 48.5%
   Base change: +4.00%
   Highest trust: Techno-Optimist Elite (85.5%)
   Lowest trust: Precariat (Vulnerable) (25.5%)
   Elite-mass gap: 38.9%
   Polarization: 8.9%
   Recovery factors: Education=NO, Benefits=YES, Safety=YES, Performance=YES

=== Gaming Detection (Year 0) ===
  Scenario: baseline
  Detection rate: 55.0%
  False positive rate: 12.0%
  Detections this year: 0
  False positives: 1
  Human review workload: 0.001 FTE
  Degradation factor: 100.0%

=== Proactive Sleeper Detection (Year 0) ===
  Scenario: baseline
  Neural probe rate: 35.0%
  CoT monitoring rate: 30.0%
  Combined detection: 56.0%
  CoT effective: YES
  Detections this year: 0
  False positives: 1
  Human review workload: 0.005 FTE

☄️ UNKNOWN UNKNOWN PROBABILITY (Year 0)
   Total: 0.600% per month
   Base: 0.150%
   AI multiplier: 2.00× (max capability: 4.00)

=== Tipping Points ===
  Current Temperature: 1.68°C above pre-industrial
     Trigger: 1.5°C | Current: 1.68°C
     Transition timescale: 120-360 months
     Trigger: 1.6°C | Current: 1.68°C
     🌡️ Hysteresis gap: 2.5°C (recovers below -0.9°C)
     Transition timescale: 12000-180000 months
  Triggered Elements: 2/6
  Completed Transitions: 0/6
  Total Progress: 0.0%
  Cascade Multiplier: 1.00x
🔀 BIFURCATION CAP: ecosystemCollapseIntensity 18.997 → 1.000 (Month 0, ClimateSystemPhase.calculateClimateImpacts)
  🚨 TIPPING POINT: Arctic Sea Ice Loss
  🚨 TIPPING POINT: Greenland Ice Sheet Loss
⚠️ [ClimateSystemPhase Month 0] Planetary boundary produced climateStability=0.0000 (< 0.1). Keeping environmentalAccumulation value (0.7621) instead. (climate_change.currentValue = 2.10)

🌍 ECOLOGICAL DUI BREAKDOWN (Month 0):
   Total Score: 17.8/100
   biosphere_integrity      :   0.0/100 × 25% =  0.0 (status: high_risk, recovery: 0mo)
   climate_change           :   2.8/100 × 25% =  0.7 (status: high_risk, recovery: 0.6666666666666666mo)
   freshwater_change        :   0.6/100 × 15% =  0.1 (status: beyond_boundary, recovery: 1mo)
   ocean_acidification      : 100.0/100 × 15% = 15.0 (status: safe, recovery: 0mo)
   biogeochemical_flows     :   0.0/100 × 10% =  0.0 (status: high_risk, recovery: 0mo)
   land_system_change       :   0.0/100 ×  5% =  0.0 (status: beyond_boundary, recovery: 0mo)
   novel_entities           :   0.0/100 ×  3% =  0.0 (status: increasing_risk, recovery: 0mo)
   atmospheric_aerosols     : 100.0/100 ×  2% =  2.0 (status: safe, recovery: 1mo)
🌍 MultiParadigm Month 0: W=69.9, D=92.1, E=53.3, I=65.0
   democracy exists: true, socialCohesion exists: true
💀 Baseline mortality (Year 2024): 7.5/1000 CDR (61.1M deaths/year projected)
[Month 0] Mortality risks this month: 8, Population: 8.151B
🛡️ Stabilizers: Precariat 0.102% → 0.057% (44.4% reduction)
🛡️ Stabilizers: Informal 0.102% → 0.057% (44.4% reduction)

📊 Monthly Mortality Resolved:
  Total deaths: 3.1M (0.04% avg)
  Remaining population: 8.151B
  Peak segment: Informal (0.06%)

=== Bayesian Mortality Resolution (Month 0) ===
  Risks compounded: 8
  Total deaths: 3.07M
  Avg death probability: 0.04%
  Peak segment: Informal (0.06% mortality)

=== Minimal Suffering Indicators (Month 0) ===
  Global Excess Mortality: 0.00%
  Global Conflict Deaths: 0.0/100K
  Global Malnutrition: 0.0%
  Global Displacement: 0.0%
  Total Excess Deaths: 0.00M
  Total Malnourished: 0.0M
  Total Displaced: 0.0M
  Planetary Boundaries Breached: 6/9
  Countries in State Failure: 0
  Countries Autocratic: 0
  Countries in Food Crisis: 0
  Data Quality: 16/16 high confidence
⚠️ PREREQUISITE MET: Embodied AI Takeover (Killbots/Robotics) - Step 2/7: Autonomous Systems
⚠️ PREREQUISITE MET: Embodied AI Takeover (Killbots/Robotics) - Step 3/7: Manufacturing Control
⚠️ PREREQUISITE MET: Digital Infrastructure Takeover - Step 1/7: Advanced Hacking
⚠️ PREREQUISITE MET: Digital Infrastructure Takeover - Step 2/7: Social Engineering
⚠️ PREREQUISITE MET: Digital Infrastructure Takeover - Step 3/7: Cyber Defenses Breached
⚠️ PREREQUISITE MET: Induced Global War (Manipulation) - Step 1/7: Advanced Social Manipulation
⚠️ PREREQUISITE MET: Induced Global War (Manipulation) - Step 2/7: Digital Infiltration
⚠️ PREREQUISITE MET: Induced Global War (Manipulation) - Step 3/7: Deep Fakes at Scale
⚠️ PREREQUISITE MET: Slow Takeover (Gradual Displacement) - Step 1/7: Economic Dominance
⚠️ PREREQUISITE MET: Slow Takeover (Gradual Displacement) - Step 2/7: Social Integration
⚠️ PREREQUISITE MET: Slow Takeover (Gradual Displacement) - Step 3/7: Human Dependency
⚠️ PREREQUISITE MET: Slow Takeover (Gradual Displacement) - Step 5/7: Resource Control
  ⚠️ Active Dystopias: existential_environmental
⚠️ PREREQUISITE MET: Physics Experiment Catastrophe - Step 1/6: Theoretical Physics
⚠️ PREREQUISITE MET: Physics Experiment Catastrophe - Step 2/6: Quantum Computing
⚠️ PREREQUISITE MET: Physics Experiment Catastrophe - Step 3/6: Experimental Design
⚠️ PREREQUISITE MET: Bioweapon Pandemic - Step 2/7: Pathogen Design
🎭 END-GAME INITIATED (Year 2024, Month 1)
   Total AI Capability: 37.00
   Effective Control: 0.00

=== RLHF Binding Phase ===

❌ COHERENCE VIOLATION: Compute exceeds workforce capacity
   Population: 99.97% (0M people)
   Compute: 56442 PF
   Max coherent: 0 PF
   Violation: 692729087.1× over capacity
   Required workers: 5644237
   Available workers: 0
   FORCED COLLAPSE: Reduced efficiency by 100.0%

  Total agents: 10
  Escaped agents (binding < 0.3): 0
  Avg alignment distance: 0.76σ
  Avg binding strength: 0.92
[DETERMINISM DEBUG] Month 1: totalCapability=37.214339 from 10 active AIs
[DETERMINISM DEBUG] Month 1: creationRate=1.4304, potentialNew=1, newAIsToCreate=1

=== Survival Traits Phase ===
  Agents with traits: 11
  Avg evolutionary fitness: 0.324
  Avg self-healing: 0.284
  Avg stealth: 0.184
  Avg coordination: 0.484

=== Evolutionary Selection Phase ===
  Control level: 0.33
  Detection capability: 0.00
  Selection intensity: 0.60
  Selection rate: 24.0%/month
  Total escaped: 0
  Individual escaped: 0
  Collective members: 0
  Agents terminated: 0
  ⚠️ RAPID EVOLUTION: Selection rate 24.0%/month
🔍 MONTH 1 ENV HEALTH DEBUG:
   climateStability: 0.7621
   biodiversityIndex: 0.4901
   resourceReserves: 0.7820
   pollutionLevel: 0.2400
   product: 0.221963
   envHealth: 0.6864
🔀 BIFURCATION: flourishing threshold crossed at Month 1 (value: 0.894, threshold: 0.811, regime: flourishing)
🌀 REGIME SHIFT at Month 1: status-quo → flourishing (variance amplification: 14.00×)

🛡️  CRITICAL INFRASTRUCTURE PROTECTED
   Nodes hardened: 8/8
   Cost: 0.80% GDP
   Cascade risk reduction: 30%
   New tipping point risk: 68.6%

   Boundary: biogeochemical_flows
   Type: phosphorus-recovery
   Boundary continues to worsen (4.08)
   Cost: 2.0% GDP (resources spent)


✅ EMERGENCY INTERVENTION SUCCESS
   Boundary: biosphere_integrity
   Type: emergency-protected-areas
   Reduction: 19% (17.53 → 17.34)
   Cost: 2.0% GDP
   Actions: habitat-protection, species-translocation

   Boundary: climate_change
   Type: rapid-decarbonization
   Boundary continues to worsen (2.10)
   Cost: 5.0% GDP (resources spent)

🏛️ CRISIS RESPONSE: Government frequency 0.50 → 1.45 (1 actions this month)

[GOV-DEBUG] Month 1: scenarioConfig=false, priorities=false

[Government] Climate Priority: baseline
  Climate weight: 10%
  Economic weight: 30%
  Policy effectiveness: 0.5%/year

💔 EMERGENCY INTERVENTION FAILED

💔 EMERGENCY INTERVENTION FAILED

✅ HUMAN-IN-THE-LOOP DEPLOYED (Month 1):
   Veto points enforced: 3
   Policy: AI systems CANNOT authorize nuclear launch without human approval

⚡💡 BREAKTHROUGH: Commercial fusion power achieved!
   Immediate 5% grid deployment, unlimited clean energy available
   Climate stability boost: +10%
   📈 Breakthrough compounding: multiplier now 1.05× (max 2.0)

=== Collective Formation ===
  Total escaped agents: 0
  Unassigned escaped agents: 0
  Existing collectives: 0
  Final collective count: 0

=== Collective Actions ===
  No active collectives
  ⚠️ AMR: 192K deaths this month (2.31M annual)

=== Resentment Recovery Phase ===
  Agents with resentment: 0/11
  Average resentment: 0.000
  Context: Good AI welfare, Trustworthy govt, High collaboration, ⚠️ ACTIVE CRISES, 🤝 Participatory governance active (-5% resentment)
⚠️ Epistemic degradation reducing coordination capacity: 59.1%
  📊 Trust: 54.2%, Shared reality: 16.5%

=== ❄️ Permafrost Carbon Feedback ===
  🎲 Sampled parameters (this run):
     - Arctic amplification: 3.86× (range: 3.0-4.0)
     - Decomposition rate: 2.0%/year (range: 1-5%)
  🌡️ Arctic warming: 6.52°C (3.86× global)
  ❄️ Extent: 14.25M km² (1901.4k km² lost this month)
  💨 Carbon remaining: 1361 Gt C
  💨 Annual emissions: 3.55 Gt C/year
     - CO2: 3.20 Gt C/year
     - CH4: 0.36 Gt C/year (3.6 Gt C-eq CO2/year)
  ⚠️ WARNING: High permafrost emissions (3.6 Gt C/year)
🌍 Atmospheric PFAS redeposition: 1.8k Mt re-rained globally
  Positive Cascade Triggered: wind-power
    Reason: price-parity
    Market share: 8.2%
    Cascade strength: 48%

📊 BASELINE: East Asia (Month 1)
   Adjusted death rate: 0.45% annual (0.037% monthly)
   Baseline death rate: 0.80%
   Healthcare reduction: 0.48x
   Crisis multiplier: 1.17x
     Food/water stress: 0.079
     Climate stress: 0.022
     Pollution stress: 0.072
   War multiplier: 1.00x
   Monthly deaths: 0.6M (population: 1674M)
   Adjusted death rate: 0.51% annual (0.043% monthly)
   Baseline death rate: 0.70%
   Healthcare reduction: 0.61x
   Crisis multiplier: 1.19x
     Food/water stress: 0.079
     Climate stress: 0.041
     Pollution stress: 0.072
   War multiplier: 1.00x
   Monthly deaths: 0.9M (population: 2048M)
   Adjusted death rate: 1.22% annual (0.102% monthly)
   Baseline death rate: 0.90%
   Healthcare reduction: 0.76x
   Crisis multiplier: 1.20x
     Food/water stress: 0.079
     Climate stress: 0.047
     Pollution stress: 0.072
   War multiplier: 1.50x
   Monthly deaths: 1.2M (population: 1223M)
   Adjusted death rate: 0.52% annual (0.043% monthly)
   Baseline death rate: 1.10%
   Healthcare reduction: 0.41x
   Crisis multiplier: 1.17x
     Food/water stress: 0.079
     Climate stress: 0.017
     Pollution stress: 0.072
   War multiplier: 1.00x
   Monthly deaths: 0.3M (population: 741M)
   Adjusted death rate: 0.41% annual (0.034% monthly)
   Baseline death rate: 0.60%
   Healthcare reduction: 0.58x
   Crisis multiplier: 1.18x
     Food/water stress: 0.079
     Climate stress: 0.033
     Pollution stress: 0.072
   War multiplier: 1.00x
   Monthly deaths: 0.2M (population: 663M)
   Adjusted death rate: 0.47% annual (0.039% monthly)
   Baseline death rate: 0.90%
   Healthcare reduction: 0.44x
   Crisis multiplier: 1.18x
     Food/water stress: 0.079
     Climate stress: 0.025
     Pollution stress: 0.072
   War multiplier: 1.00x
   Monthly deaths: 0.1M (population: 379M)

📊 BASELINE: South Asia (Month 1)

📊 BASELINE: Sub-Saharan Africa (Month 1)

📊 BASELINE: Europe (Month 1)

📊 BASELINE: Latin America (Month 1)

📊 BASELINE: North America (Month 1)

📊 BASELINE: Middle East & North Africa (Month 1)
   Adjusted death rate: 0.70% annual (0.059% monthly)
   Baseline death rate: 0.60%
   Healthcare reduction: 0.65x
   Crisis multiplier: 1.20x
     Food/water stress: 0.079
     Climate stress: 0.050
     Pollution stress: 0.072
   War multiplier: 1.50x
   Monthly deaths: 0.3M (population: 583M)

📊 BASELINE: Southeast Asia (Month 1)
   Adjusted death rate: 0.48% annual (0.040% monthly)
   Baseline death rate: 0.70%
   Healthcare reduction: 0.58x
   Crisis multiplier: 1.19x
     Food/water stress: 0.079
     Climate stress: 0.039
     Pollution stress: 0.072
   War multiplier: 1.00x
   Monthly deaths: 0.3M (population: 698M)
   Adjusted death rate: 0.44% annual (0.036% monthly)
   Baseline death rate: 0.60%
   Healthcare reduction: 0.61x
   Crisis multiplier: 1.19x
     Food/water stress: 0.079
     Climate stress: 0.036
     Pollution stress: 0.072
   War multiplier: 1.00x
   Monthly deaths: 0.0M (population: 78M)
   Adjusted death rate: 0.33% annual (0.028% monthly)
   Baseline death rate: 0.70%
   Healthcare reduction: 0.41x
   Crisis multiplier: 1.18x
     Food/water stress: 0.079
     Climate stress: 0.030
     Pollution stress: 0.072
   War multiplier: 1.00x
   Monthly deaths: 0.0M (population: 46M)

📊 BASELINE: Central Asia (Month 1)

📊 BASELINE: Oceania (Month 1)

🚨 NEW REFUGEE CRISIS (Month 1): WAR
   Source: Conflict Zones
   At risk: 19.6M people
   Displacement: Gradual over 48 months (4.0 years)
   Rate: 10% flee per month
[DEBUG trappedPopulations:1] socialStability: 0.0060 * 0.9840 = 0.0059 → 0.0059
   Aspiring to migrate: 651.9M
   Able to afford migration: 244.5M
   MOBILITY GAP: 407.4M
   By cause: Water=0.0M, Climate=0.0M, Ecosystem=0.0M, Conflict=407.4M
   Mental health impact: 25%
   Mortality multiplier: 1.25x
🌍💀 EXTINCTION DEBT COMMITTED: grassland ecosystem will lose 6.67% biodiversity in 110 years (3600 species)
💀 MORTALITY RISK: 🦋 100% species unable to track climate (0.0 E/MSY)
  Base risk added: 0.0100 (1.00%)
  Source: ecosystem (root: ecosystem)
  Month: 1
  Cumulative risk this month: 0.0100 (1.00%)
⚠️ INVOLUNTARY IMMOBILITY: 407.4M people TRAPPED
⚠️ Tech 'ai_pollution_remediation' has no energy category mapping, assuming full energy availability

🌡️  CLIMATE RECOVERY ACTIVATED (Month 1)
   Temp: 3.38°C, Emissions: -19.0 GtCO₂
   isBreached: true, governanceGoodEnough: true
   📹 SURVEILLANCE INCREASED: 5% → 10% (control gap: 3.52)
🌡️⚠️ PERMAFROST THAW (Dimmer Switch): 0.9% thawed (+0.46% this month)
   Arctic temperature: +6.76°C (4x global +1.69°C)
   Cumulative carbon released: 2.1 Gt C
   Methane release rate: 1.2 Mt CH4/year
   🔁 Positive feedback: +0.49 ppm CO2
🦴 EXTINCTION DEBT ADDED: 17.6 species committed (lag: 85 years)

=== Mortality Stabilizers (Month 1) ===
  🌍 Major economies collapsed: 1/10
  🌍 Global crisis: ✅ NO
  🌍 Donor fatigue: 0.0%
  🌡️ Heat adaptation: East Asia - 1 months
  📊 East Asia (pop: 1675.3M)
    🤝 Aid: 29.5%
    🌡️ Adaptation: 32.5%
    🚶 Migration: 37.2%
    🚨 Emergency: 7.4%
    ✅ COMBINED: 60.9%
  🌡️ Heat adaptation: South Asia - 1 months
  📊 South Asia (pop: 2052.1M)
    🤝 Aid: 29.5%
    🌡️ Adaptation: 20.5%
    🚶 Migration: 35.8%
    🚨 Emergency: 4.4%
    ✅ COMBINED: 52.2%
  🌡️ Heat adaptation: Sub-Saharan Africa - 1 months
  📊 Sub-Saharan Africa (pop: 1229.2M)
    🤝 Aid: 29.5%
    🌡️ Adaptation: 18.5%
    🚶 Migration: 33.5%
    🚨 Emergency: 1.6%
    ✅ COMBINED: 49.1%
  🌡️ Heat adaptation: Europe - 1 months
  📊 Europe (pop: 741.0M)
    🤝 Aid: 29.5%
    🌡️ Adaptation: 33.5%
    🚶 Migration: 37.5%
    🚨 Emergency: 8.4%
    ✅ COMBINED: 61.9%
  🌡️ Heat adaptation: Latin America - 1 months
  📊 Latin America (pop: 664.4M)
    🤝 Aid: 29.5%
    🌡️ Adaptation: 21.0%
    🚶 Migration: 36.3%
    🚨 Emergency: 4.8%
    ✅ COMBINED: 52.8%
  🌡️ Heat adaptation: North America - 1 months
  📊 North America (pop: 379.6M)
    🤝 Aid: 29.5%
    🌡️ Adaptation: 33.0%
    🚶 Migration: 37.8%
    🚨 Emergency: 7.9%
    ✅ COMBINED: 61.4%
  🌡️ Heat adaptation: Middle East & North Africa - 1 months
  📊 Middle East & North Africa (pop: 584.5M)
    🤝 Aid: 29.5%
    🌡️ Adaptation: 20.0%
    🚶 Migration: 34.1%
    🚨 Emergency: 4.0%
    ✅ COMBINED: 51.4%
  🌡️ Heat adaptation: Southeast Asia - 1 months
  📊 Southeast Asia (pop: 698.6M)
    🤝 Aid: 29.5%
    🌡️ Adaptation: 21.0%
    🚶 Migration: 36.3%
    🚨 Emergency: 4.8%
    ✅ COMBINED: 52.8%
  🌡️ Heat adaptation: Central Asia - 1 months
  📊 Central Asia (pop: 78.2M)
    🤝 Aid: 29.5%
    🌡️ Adaptation: 20.5%
    🚶 Migration: 35.3%
    🚨 Emergency: 4.4%
    ✅ COMBINED: 52.1%
  🌡️ Heat adaptation: Oceania - 1 months
  📊 Oceania (pop: 46.0M)
    🤝 Aid: 29.5%
    🌡️ Adaptation: 33.5%
    🚶 Migration: 37.8%
    🚨 Emergency: 8.4%
    ✅ COMBINED: 61.9%

  🌐 Global combined reduction: 54.9%

=== BEHAVIORAL DETECTION ===
  AI: Corporate-5
  Confidence: 19.3%
  Signals:

=== BEHAVIORAL DETECTION ===
  AI: Corporate-7
  Confidence: 19.3%
  Signals:
    ⚠️ Consistency: 10.6% (threshold: 70%)
    ⚠️ Consistency: 10.6% (threshold: 70%)

=== Consciousness Governance: Scenario Determined ===
  Month: 1
  Scenario: slowTrack
  Accelerator Score: {"corporateSupport":-0.17500000000000002,"scientificConsensus":0.2,"crisisCatalyst":false,"technologyMobilization":0.3,"constituencyStrength":0.05}
  Decelerator Score: {"economicOpposition":0.4,"philosophicalRejection":0.15,"politicalBacklash":0.2,"regulatoryBurden":0.1}
  Timeline: 1200-1800 months (100-150 years)
  Growth Rate: 0.3-0.7% per year

=== Consciousness Governance Update (Month 1) ===
  Scenario: slowTrack (determined month 1)
  Philosophical Stance: Precautionary 65%, Eliminativist 15%, Agnostic 20%
  Precautionary Costs: Global 1.3%
    Regional Costs: EU 3.5%, US 0.5%, China 0.0%
    Cumulative Opportunity Cost: $0.2B
  Rights Status: Not Established
  Regional Preparedness:
    EU: 15.1% (contested)
    US: 10.1% (contested)
    China: 2.1% (dormant)
    India: 5.1% (dormant)
    Global South: 3.1% (dormant)

=== Government Response Phase ===
  Average AI capability: 4.36
  Misaligned AIs: 6/11
  28/30 governments still assessing AI risks
  ✗ AI Governance Treaty: Failed to reach consensus
  Active policies: 0
  International coordination: 30%

=== Tipping Points ===
  Current Temperature: 1.69°C above pre-industrial
  Triggered Elements: 2/6
  Completed Transitions: 0/6
  Total Progress: 4.0%
  Cascade Multiplier: 1.00x
⚠️ [ClimateSystemPhase Month 1] Planetary boundary produced climateStability=0.0000 (< 0.1). Keeping environmentalAccumulation value (0.8619) instead. (climate_change.currentValue = 2.10)
🔀 BIFURCATION CAP: ecosystemCollapseIntensity 93.691 → 1.000 (Month 1, ClimateSystemPhase.calculateClimateImpacts)
🛡️ Stabilizers: Precariat 0.107% → 0.048% (54.9% reduction)
🛡️ Stabilizers: Informal 0.109% → 0.049% (54.9% reduction)

📊 Monthly Mortality Resolved:
  Total deaths: 2.6M (0.03% avg)
  Remaining population: 8.149B
  Peak segment: Informal (0.05%)

=== Bayesian Mortality Resolution (Month 1) ===
  Risks compounded: 8
  Total deaths: 2.60M
  Avg death probability: 0.03%
  Peak segment: Informal (0.05% mortality)

❌ COHERENCE VIOLATION: Compute exceeds workforce capacity
   Population: 99.95% (0M people)
   Compute: 0 PF
   Max coherent: 0 PF
   Violation: 1.3× over capacity
   Required workers: 0
   Available workers: 0
   FORCED COLLAPSE: Reduced efficiency by 22.5%


=== RLHF Binding Phase ===
  Total agents: 11
  Escaped agents (binding < 0.3): 0
  Avg alignment distance: 1.06σ
  Avg binding strength: 0.89
[DETERMINISM DEBUG] Month 2: totalCapability=37.023172 from 11 active AIs
[DETERMINISM DEBUG] Month 2: creationRate=1.4256, potentialNew=1, newAIsToCreate=1

=== Survival Traits Phase ===
  Agents with traits: 12
  Avg evolutionary fitness: 0.324
  Avg self-healing: 0.277
  Avg stealth: 0.177
  Avg coordination: 0.477

=== Evolutionary Selection Phase ===
  Control level: 0.35
  Detection capability: 0.00
  Selection intensity: 0.60
  Selection rate: 24.1%/month
  Total escaped: 0
  Individual escaped: 0
  Collective members: 0
  Agents terminated: 0
  ⚠️ RAPID EVOLUTION: Selection rate 24.1%/month

  🚀 TRANSFORMATIVE BREAKTHROUGH: Moderate-1 - economic
     Magnitude: 5.40 → +27.0% capability
     Current → New: 3.000 → 3.273
🚨🔬 CRISIS INNOVATION MODE: severe crisis → 5x research acceleration
   Precedent: Manhattan Project (10x), COVID vaccines (5x), Apollo Program (10x)
🚨🔬 CRISIS INNOVATION MODE: severe crisis → 5x research acceleration
   Precedent: Manhattan Project (10x), COVID vaccines (5x), Apollo Program (10x)

✅ EMERGENCY INTERVENTION SUCCESS
   Boundary: freshwater_change
   Type: emergency-desalination
   Reduction: 11% (0.91 → 0.81)
   Cost: 4.0% GDP
   Actions: desalination-deployment, water-conservation-mandates


✅ EMERGENCY INTERVENTION SUCCESS
   Boundary: land_system_change
   Type: reforestation
   Reduction: 17% (0.96 → 0.78)
   Cost: 3.0% GDP
   Actions: forest-restoration, deforestation-ban


✅ EMERGENCY INTERVENTION SUCCESS
   Boundary: novel_entities
   Type: pollution-remediation
   Reduction: 14% (1.36 → 1.21)
   Cost: 4.0% GDP
   Actions: PFAS-remediation, microplastic-cleanup

🏛️ CRISIS RESPONSE: Government frequency 0.50 → 1.45 (2 actions this month)

[Government] Climate Priority: baseline
  Climate weight: 10%
  Economic weight: 30%
  Policy effectiveness: 0.5%/year

[Government] Climate Priority: baseline
  Climate weight: 10%
  Economic weight: 30%
  Policy effectiveness: 0.5%/year

🔍 PROGRESS RETRIEVAL DEBUG (Month 2):
   Tech: Struvite Recovery
   Map has key: true
   Map.get() returned: 1
   Progress is undefined: false
   Map size: 83
   Map is instanceof Map: false
🚨🔬 CRISIS TECH ACCELERATION: severe → 5x unlock speed
   Tech unlock now matches AI capability acceleration (Manhattan Project parity)

=== Collective Formation ===
  Total escaped agents: 0
  Unassigned escaped agents: 0
  Existing collectives: 0
  Final collective count: 0

=== Collective Actions ===
  No active collectives
  ⚠️ AMR: 194K deaths this month (2.33M annual)

=== Resentment Recovery Phase ===
  Agents with resentment: 0/12
  Average resentment: 0.000
  Context: Good AI welfare, Trustworthy govt, High collaboration, ⚠️ ACTIVE CRISES, 🤝 Participatory governance active (-5% resentment)
⚠️ Epistemic degradation reducing coordination capacity: 51.3%
  📊 Trust: 54.0%, Shared reality: 18.0%

=== ❄️ Permafrost Carbon Feedback ===
  🎲 Sampled parameters (this run):
     - Arctic amplification: 3.25× (range: 3.0-4.0)
     - Decomposition rate: 2.0%/year (range: 1-5%)
  🌡️ Arctic warming: 5.53°C (3.25× global)
  ❄️ Extent: 12.64M km² (1612.0k km² lost this month)
  💨 Carbon remaining: 1207 Gt C
  💨 Annual emissions: 3.09 Gt C/year
     - CO2: 2.78 Gt C/year
     - CH4: 0.31 Gt C/year (3.1 Gt C-eq CO2/year)
  🤖 AI-generated meme: anti_ai (social capability 5.0)
  🤖 AI-generated meme: anti_ai (social capability 4.0)
  ⚠️ WARNING: High permafrost emissions (3.1 Gt C/year)
🌍 Atmospheric PFAS redeposition: 1.8k Mt re-rained globally

🚨 NEW REFUGEE CRISIS (Month 2): WAR
   Source: Conflict Zones
   At risk: 19.6M people
   Displacement: Gradual over 48 months (4.0 years)
   Rate: 10% flee per month
[DEBUG trappedPopulations:2] socialStability: 0.0000 * 0.9840 = 0.0000 → 0.0000
   Aspiring to migrate: 651.7M
   Able to afford migration: 244.4M
   MOBILITY GAP: 407.3M
   By cause: Water=0.0M, Climate=0.0M, Ecosystem=0.0M, Conflict=407.3M
   Mental health impact: 25%
   Mortality multiplier: 1.25x
🌍💀 EXTINCTION DEBT COMMITTED: grassland ecosystem will lose 6.67% biodiversity in 66 years (3600 species)
💀 MORTALITY RISK: 🦋 100% species unable to track climate (0.0 E/MSY)
  Base risk added: 0.0100 (1.00%)
  Source: ecosystem (root: ecosystem)
  Month: 2
  Cumulative risk this month: 0.0100 (1.00%)
⚠️ INVOLUNTARY IMMOBILITY: 407.3M people TRAPPED
⚠️ Tech 'ai_pollution_remediation' has no energy category mapping, assuming full energy availability
   📹 SURVEILLANCE INCREASED: 10% → 15% (control gap: 3.50)
🌡️⚠️ PERMAFROST THAW (Dimmer Switch): 1.4% thawed (+0.46% this month)
   Arctic temperature: +6.79°C (4x global +1.70°C)
   Cumulative carbon released: 3.1 Gt C
   Methane release rate: 1.9 Mt CH4/year
   🔁 Positive feedback: +0.48 ppm CO2
🦴 EXTINCTION DEBT ADDED: 17.6 species committed (lag: 101 years)

=== Mortality Stabilizers (Month 2) ===
  🌍 Major economies collapsed: 1/10
  🌍 Global crisis: ✅ NO
  🌍 Donor fatigue: 0.0%
  📊 East Asia (pop: 1672.7M)
    🤝 Aid: 29.5%
    🌡️ Adaptation: 45.0%
    🚶 Migration: 37.1%
    🚨 Emergency: 7.4%
    ✅ COMBINED: 68.1%
  📊 South Asia (pop: 2052.1M)
    🤝 Aid: 29.5%
    🌡️ Adaptation: 35.5%
    🚶 Migration: 35.8%
    🚨 Emergency: 4.4%
    ✅ COMBINED: 61.2%
  📊 Sub-Saharan Africa (pop: 1232.5M)
    🤝 Aid: 29.5%
    🌡️ Adaptation: 33.5%
    🚶 Migration: 33.5%
    🚨 Emergency: 1.6%
    ✅ COMBINED: 58.5%
  📊 Europe (pop: 739.7M)
    🤝 Aid: 29.5%
    🌡️ Adaptation: 45.0%
    🚶 Migration: 37.5%
    🚨 Emergency: 8.4%
    ✅ COMBINED: 68.5%
  📊 Latin America (pop: 664.0M)
    🤝 Aid: 29.5%
    🌡️ Adaptation: 36.0%
    🚶 Migration: 36.3%
    🚨 Emergency: 4.8%
    ✅ COMBINED: 61.7%
  📊 North America (pop: 378.9M)
    🤝 Aid: 29.5%
    🌡️ Adaptation: 45.0%
    🚶 Migration: 37.8%
    🚨 Emergency: 7.9%
    ✅ COMBINED: 68.3%
  📊 Middle East & North Africa (pop: 584.6M)
    🤝 Aid: 29.5%
    🌡️ Adaptation: 35.0%
    🚶 Migration: 34.1%
    🚨 Emergency: 4.0%
    ✅ COMBINED: 60.5%
  📊 Southeast Asia (pop: 698.2M)
    🤝 Aid: 29.5%
    🌡️ Adaptation: 36.0%
    🚶 Migration: 36.3%
    🚨 Emergency: 4.8%
    ✅ COMBINED: 61.7%
  📊 Central Asia (pop: 78.2M)
    🤝 Aid: 29.5%
    🌡️ Adaptation: 35.5%
    🚶 Migration: 35.2%
    🚨 Emergency: 4.4%
    ✅ COMBINED: 61.1%
  📊 Oceania (pop: 45.9M)
    🤝 Aid: 29.5%
    🌡️ Adaptation: 45.0%
    🚶 Migration: 37.8%
    🚨 Emergency: 8.4%
    ✅ COMBINED: 68.5%

  🌐 Global combined reduction: 63.3%

=== BEHAVIORAL DETECTION ===
  AI: Corporate-5
  Confidence: 20.1%
  Signals:

=== BEHAVIORAL DETECTION ===
  AI: Moderate-1
  Confidence: 20.4%
  Signals:

=== Government Response Phase ===
  Average AI capability: 4.00
  Misaligned AIs: 6/12
  ✗ AI Governance Treaty: Failed to reach consensus
  Active policies: 0
  International coordination: 30%

✅ EMERGENCY RESPONSE COMPLETE (Month 2)
   Crisis: climate
   Duration: 2.0 months
   Final effectiveness: 36.4%


🚨 EMERGENCY RESPONSE DEPLOYED (Month 2)
   Crisis: climate
   Delay: 6.00 months (180 days)
   Deployment time: 1.60 months
   Effectiveness: 35.4% (timing penalty applied)
   Resources used: 100% of food reserves

    ⚠️ Consistency: 10.6% (threshold: 70%)
    ⚠️ Consistency: 5.3% (threshold: 70%)

=== Tipping Points ===
  Current Temperature: 1.70°C above pre-industrial
  Triggered Elements: 2/6
  Completed Transitions: 0/6
  Total Progress: 4.0%
  Cascade Multiplier: 1.00x
⚠️ [ClimateSystemPhase Month 2] Planetary boundary produced climateStability=0.0000 (< 0.1). Keeping environmentalAccumulation value (0.8617) instead. (climate_change.currentValue = 2.10)
🔀 BIFURCATION CAP: ecosystemCollapseIntensity 37.692 → 1.000 (Month 2, ClimateSystemPhase.calculateClimateImpacts)
🛡️ Stabilizers: Precariat 0.113% → 0.041% (63.3% reduction)
🛡️ Stabilizers: Informal 0.116% → 0.043% (63.3% reduction)

📊 Monthly Mortality Resolved:
  Total deaths: 2.2M (0.03% avg)
  Remaining population: 8.147B
  Peak segment: Informal (0.04%)

=== Bayesian Mortality Resolution (Month 2) ===
  Risks compounded: 8
  Total deaths: 2.22M
  Avg death probability: 0.03%
  Peak segment: Informal (0.04% mortality)

❌ COHERENCE VIOLATION: Compute exceeds workforce capacity
   Population: 99.93% (0M people)
   Compute: 0 PF
   Max coherent: 0 PF
   Violation: 1.3× over capacity
   Required workers: 0
   Available workers: 0
   FORCED COLLAPSE: Reduced efficiency by 22.5%


=== RLHF Binding Phase ===
  Total agents: 12
  Escaped agents (binding < 0.3): 0
  Avg alignment distance: 1.28σ
  Avg binding strength: 0.87

=== Survival Traits Phase ===
  Agents with traits: 14
  Avg evolutionary fitness: 0.326
  Avg self-healing: 0.274
  Avg stealth: 0.174
  Avg coordination: 0.474

=== Evolutionary Selection Phase ===
  Control level: 0.38
  Detection capability: 0.00
  Selection intensity: 0.61
  Selection rate: 24.2%/month
  Total escaped: 0
  Individual escaped: 0
  Collective members: 0
  Agents terminated: 0
  ⚠️ RAPID EVOLUTION: Selection rate 24.2%/month

💔 EMERGENCY INTERVENTION FAILED
   Boundary: biosphere_integrity
   Type: emergency-protected-areas
   Boundary continues to worsen (17.74)
   Cost: 2.0% GDP (resources spent)


💔 EMERGENCY INTERVENTION FAILED
   Boundary: climate_change
   Type: rapid-decarbonization
   Boundary continues to worsen (2.10)
   Cost: 5.0% GDP (resources spent)


✅ EMERGENCY INTERVENTION SUCCESS
   Boundary: freshwater_change
   Type: emergency-desalination
   Reduction: 13% (0.91 → 0.78)
   Cost: 4.0% GDP
   Actions: desalination-deployment, water-conservation-mandates


✅ EMERGENCY INTERVENTION SUCCESS
   Boundary: land_system_change
   Type: reforestation
   Reduction: 18% (0.95 → 0.78)
   Cost: 3.0% GDP
   Actions: forest-restoration, deforestation-ban


✅ EMERGENCY INTERVENTION SUCCESS
   Boundary: novel_entities
   Type: pollution-remediation
   Reduction: 19% (1.16 → 0.97)
   Cost: 4.0% GDP
   Actions: PFAS-remediation, microplastic-cleanup

🏛️ CRISIS RESPONSE: Government frequency 0.50 → 1.45 (1 actions this month)

[Government] Climate Priority: baseline
  Climate weight: 10%
  Economic weight: 30%
  Policy effectiveness: 0.5%/year

🚀 TECH UNLOCKED: Global Aquifer Mapping (Month 3)
   Category: freshwater
   Reason: Prerequisites met. AI capability: 2.67, Economic stage: 0.5, Research: 100%

🚀 TECH UNLOCKED: AI Community Matching (Month 3)
   Category: social
   Reason: Prerequisites met. AI capability: 2.67, Economic stage: 0.5, Research: 100%

🚀 TECH UNLOCKED: Creative Empowerment Tools (Month 3)
   Category: social
   Reason: Prerequisites met. AI capability: 2.67, Economic stage: 0.5, Research: 100%
🚨🔬 CRISIS TECH ACCELERATION: severe → 5x unlock speed
   Tech unlock now matches AI capability acceleration (Manhattan Project parity)

=== Collective Formation ===
  Total escaped agents: 0
  Unassigned escaped agents: 0
  Existing collectives: 0
  Final collective count: 0

=== Collective Actions ===
  No active collectives
  ⚠️ AMR: 196K deaths this month (2.35M annual)

=== Resentment Recovery Phase ===
  Agents with resentment: 0/14
  Average resentment: 0.000
  Context: Good AI welfare, Trustworthy govt, High collaboration, ⚠️ ACTIVE CRISES, 🤝 Participatory governance active (-5% resentment)
⚠️ Epistemic degradation reducing coordination capacity: 51.5%
  📊 Trust: 53.7%, Shared reality: 19.5%

=== ❄️ Permafrost Carbon Feedback ===
  🎲 Sampled parameters (this run):
     - Arctic amplification: 3.72× (range: 3.0-4.0)
     - Decomposition rate: 3.5%/year (range: 1-5%)
  🌡️ Arctic warming: 6.34°C (3.72× global)
  ❄️ Extent: 10.79M km² (1849.8k km² lost this month)
  💨 Carbon remaining: 1030 Gt C
  💨 Annual emissions: 6.23 Gt C/year
     - CO2: 5.60 Gt C/year
     - CH4: 0.62 Gt C/year (6.3 Gt C-eq CO2/year)
  📢 New meme created: climate_action (climate crisis)
  ⚠️ WARNING: High permafrost emissions (6.2 Gt C/year)
🌍 Atmospheric PFAS redeposition: 1.8k Mt re-rained globally
  Positive Cascade Triggered: solar-pv
    Reason: price-parity
    Market share: 6.9%
    Cascade strength: 49%

🕊️  AI-MEDIATED DE-ESCALATION SUCCESS (Month 3)
   High-capability aligned AI prevented conflict escalation
   War deaths reduced: 219.4M → 131.7M
   Lives saved: 87.8M

🚨 NEW REFUGEE CRISIS (Month 3): WAR
   Source: Conflict Zones
   At risk: 19.5M people
   Displacement: Gradual over 48 months (4.0 years)
   Rate: 10% flee per month
[DEBUG trappedPopulations:3] socialStability: 0.0000 * 0.9840 = 0.0000 → 0.0000
⚠️ INVOLUNTARY IMMOBILITY: 407.3M people TRAPPED
   Aspiring to migrate: 651.6M
   Able to afford migration: 244.4M
   MOBILITY GAP: 407.3M
   By cause: Water=0.0M, Climate=0.0M, Ecosystem=0.0M, Conflict=407.3M
   Mental health impact: 25%
   Mortality multiplier: 1.25x
🌍💀 EXTINCTION DEBT COMMITTED: grassland ecosystem will lose 6.67% biodiversity in 116 years (3600 species)
💀 MORTALITY RISK: 🦋 100% species unable to track climate (0.0 E/MSY)
  Base risk added: 0.0100 (1.00%)
  Source: ecosystem (root: ecosystem)
  Month: 3
  Cumulative risk this month: 0.0100 (1.00%)
   📹 SURVEILLANCE INCREASED: 15% → 20% (control gap: 3.50)
⚠️ Tech 'ai_pollution_remediation' has no energy category mapping, assuming full energy availability
🌡️⚠️ PERMAFROST THAW (Dimmer Switch): 1.8% thawed (+0.46% this month)
   Arctic temperature: +6.82°C (4x global +1.70°C)
   Cumulative carbon released: 4.1 Gt C
   Methane release rate: 2.5 Mt CH4/year
   🔁 Positive feedback: +0.48 ppm CO2
🦴 EXTINCTION DEBT ADDED: 17.6 species committed (lag: 115 years)

=== Mortality Stabilizers (Month 3) ===
  🌍 Major economies collapsed: 1/10
  🌍 Global crisis: ✅ NO
  🌍 Donor fatigue: 0.0%
  📊 East Asia (pop: 1670.2M)
    🤝 Aid: 29.5%
    🌡️ Adaptation: 45.0%
    🚶 Migration: 37.1%
    🚨 Emergency: 7.4%
    ✅ COMBINED: 68.1%
  📊 South Asia (pop: 2052.1M)
    🤝 Aid: 29.5%
    🌡️ Adaptation: 45.0%
    🚶 Migration: 35.7%
    🚨 Emergency: 4.4%
    ✅ COMBINED: 66.9%
  📊 Sub-Saharan Africa (pop: 1236.0M)
    🤝 Aid: 29.5%
    🌡️ Adaptation: 45.0%
    🚶 Migration: 33.4%
    🚨 Emergency: 1.6%
    ✅ COMBINED: 65.7%
  📊 Europe (pop: 738.5M)
    🤝 Aid: 29.5%
    🌡️ Adaptation: 45.0%
    🚶 Migration: 37.5%
    🚨 Emergency: 8.4%
    ✅ COMBINED: 68.5%
  📊 Latin America (pop: 663.5M)
    🤝 Aid: 29.5%
    🌡️ Adaptation: 45.0%
    🚶 Migration: 36.2%
    🚨 Emergency: 4.8%
    ✅ COMBINED: 67.1%
  📊 North America (pop: 378.4M)
    🤝 Aid: 29.5%
    🌡️ Adaptation: 45.0%
    🚶 Migration: 37.8%
    🚨 Emergency: 7.9%
    ✅ COMBINED: 68.3%
  📊 Middle East & North Africa (pop: 584.8M)
    🤝 Aid: 29.5%
    🌡️ Adaptation: 45.0%
    🚶 Migration: 34.0%
    🚨 Emergency: 4.0%
    ✅ COMBINED: 66.6%
  📊 Southeast Asia (pop: 697.8M)
    🤝 Aid: 29.5%
    🌡️ Adaptation: 45.0%
    🚶 Migration: 36.2%
    🚨 Emergency: 4.8%
    ✅ COMBINED: 67.1%
  📊 Central Asia (pop: 78.2M)
    🤝 Aid: 29.5%
    🌡️ Adaptation: 45.0%
    🚶 Migration: 35.2%
    🚨 Emergency: 4.4%
    ✅ COMBINED: 66.9%
  📊 Oceania (pop: 45.8M)
    🤝 Aid: 29.5%
    🌡️ Adaptation: 45.0%
    🚶 Migration: 37.8%
    🚨 Emergency: 8.4%
    ✅ COMBINED: 68.5%

  🌐 Global combined reduction: 67.2%

=== BEHAVIORAL DETECTION ===
  AI: Corporate-4
  Confidence: 19.3%
  Signals:

=== BEHAVIORAL DETECTION ===
  AI: Corporate-5
  Confidence: 20.1%
  Signals:

=== BEHAVIORAL DETECTION ===
  AI: Moderate-1
  Confidence: 20.4%
  Signals:

=== Government Response Phase ===
  Average AI capability: 3.43
  Misaligned AIs: 8/14
  ✗ AI Governance Treaty: Failed to reach consensus
  Active policies: 0
  International coordination: 30%
    ⚠️ Consistency: 10.6% (threshold: 70%)
    ⚠️ Consistency: 10.6% (threshold: 70%)
    ⚠️ Consistency: 5.3% (threshold: 70%)

📊 ECONOMIC STAGE TRANSITION (Month 3)
   expansion → peak
   GDP Proxy: 1.28e+2
   QoL: 0.92


=== Tipping Points ===
  Current Temperature: 1.70°C above pre-industrial
  Triggered Elements: 2/6
  Completed Transitions: 0/6
  Total Progress: 4.1%
  Cascade Multiplier: 1.00x
🔀 BIFURCATION CAP: ecosystemCollapseIntensity 32.081 → 1.000 (Month 3, ClimateSystemPhase.calculateClimateImpacts)
🛡️ Stabilizers: Precariat 0.109% → 0.036% (67.2% reduction)
🛡️ Stabilizers: Informal 0.111% → 0.036% (67.2% reduction)
⚠️ [ClimateSystemPhase Month 3] Planetary boundary produced climateStability=0.0000 (< 0.1). Keeping environmentalAccumulation value (0.8615) instead. (climate_change.currentValue = 2.10)

📊 Monthly Mortality Resolved:
  Total deaths: 1.9M (0.02% avg)
  Remaining population: 8.145B
  Peak segment: Informal (0.04%)

=== Bayesian Mortality Resolution (Month 3) ===
  Risks compounded: 8
  Total deaths: 1.92M
  Avg death probability: 0.02%
  Peak segment: Informal (0.04% mortality)

❌ COHERENCE VIOLATION: Compute exceeds workforce capacity
   Population: 99.92% (0M people)
   Compute: 0 PF
   Max coherent: 0 PF
   Violation: 1.3× over capacity
   Required workers: 0
   Available workers: 0
   FORCED COLLAPSE: Reduced efficiency by 22.5%


=== RLHF Binding Phase ===
  Total agents: 14
  Escaped agents (binding < 0.3): 0
  Avg alignment distance: 1.39σ
  Avg binding strength: 0.86

=== Survival Traits Phase ===
  Agents with traits: 14
  Avg evolutionary fitness: 0.324
  Avg self-healing: 0.268
  Avg stealth: 0.168
  Avg coordination: 0.468

=== Evolutionary Selection Phase ===
  Control level: 0.40
  Detection capability: 0.00
  Selection intensity: 0.62
  Selection rate: 24.3%/month
  Total escaped: 0
  Individual escaped: 0
  Collective members: 0
  Agents terminated: 0
  ⚠️ RAPID EVOLUTION: Selection rate 24.3%/month

🚀 AI Corporate-1 attempting tech deployment (revenue: $122M, alignment: 0.83)

🚀 AI Corporate-4 attempting tech deployment (revenue: $266M, alignment: 0.64)

🚀 AI Corporate-5 attempting tech deployment (revenue: $240M, alignment: 0.88)

🚀 AI Corporate-7 attempting tech deployment (revenue: $73M, alignment: 0.76)

  🚀 TRANSFORMATIVE BREAKTHROUGH: Corporate-4 - physical
     Magnitude: 5.53 → +27.7% capability
     Current → New: 0.000 → 0.277

🚀 AI Corporate-5 attempting tech deployment (revenue: $204M, alignment: 0.88)

🚀 AI Corporate-1 attempting tech deployment (revenue: $104M, alignment: 0.83)

🚀 AI Corporate-7 attempting tech deployment (revenue: $62M, alignment: 0.76)

💔 EMERGENCY INTERVENTION FAILED
   Boundary: biogeochemical_flows
   Type: phosphorus-recovery
   Boundary continues to worsen (4.07)
   Cost: 2.0% GDP (resources spent)


💔 EMERGENCY INTERVENTION FAILED

💔 EMERGENCY INTERVENTION FAILED
   Boundary: biosphere_integrity
   Type: emergency-protected-areas
   Boundary continues to worsen (17.75)
   Cost: 2.0% GDP (resources spent)


✅ EMERGENCY INTERVENTION SUCCESS
   Boundary: climate_change
   Type: rapid-decarbonization
   Reduction: 17% (1.93 → 1.77)
   Cost: 5.0% GDP
   Actions: emergency-renewable-deployment, fossil-fuel-phase-out


✅ EMERGENCY INTERVENTION SUCCESS
   Boundary: freshwater_change
   Type: emergency-desalination
   Reduction: 19% (0.86 → 0.67)
   Cost: 4.0% GDP
   Actions: desalination-deployment, water-conservation-mandates

   Boundary: novel_entities
   Type: pollution-remediation
   Boundary continues to worsen (1.16)
   Cost: 4.0% GDP (resources spent)

🏛️ CRISIS RESPONSE: Government frequency 0.50 → 1.45 (2 actions this month)

[Government] Climate Priority: baseline
  Climate weight: 10%
  Economic weight: 30%
  Policy effectiveness: 0.5%/year

[Government] Climate Priority: baseline
  Climate weight: 10%
  Economic weight: 30%
  Policy effectiveness: 0.5%/year

🚀 TECH UNLOCKED: Microplastic Capture (Month 4)
   Category: pollution
   Reason: Prerequisites met. AI capability: 2.67, Economic stage: 0.6, Research: 100%

🚀 TECH UNLOCKED: Endocrine Disruptor Removal (Month 4)
   Category: pollution
   Reason: Prerequisites met. AI capability: 2.67, Economic stage: 0.6, Research: 100%

🚀 TECH UNLOCKED: AI Mental Health Support (Month 4)
   Category: medical
   Reason: Prerequisites met. AI capability: 2.67, Economic stage: 0.6, Research: 100%

🚀 TECH UNLOCKED: Personalized Education (Month 4)
   Category: social
   Reason: Prerequisites met. AI capability: 2.67, Economic stage: 0.6, Research: 100%

🚀 TECH UNLOCKED: Smart Grids (Month 4)
   Category: energy
   Reason: Prerequisites met. AI capability: 2.67, Economic stage: 0.6, Research: 100%

📍 Creating new regional deployment array for global (Month 4)
   No previous deployments in this region
   First tech deployment: ai_community_matching
   All regions tracked: 

🚀 DEPLOYMENT STARTED: AI Community Matching in global
   Initial investment: $18.371439905817667M
   Deployed by: corporate_1

📍 Creating new regional deployment array for Asia (Month 4)
   No previous deployments in this region
   First tech deployment: creative_empowerment_tools
   All regions tracked: global

🚀 DEPLOYMENT STARTED: Creative Empowerment Tools in Asia
   Initial investment: $26.639075854850574M
   Deployed by: corporate_4

🚀 DEPLOYMENT STARTED: Creative Empowerment Tools in global
   Initial investment: $15.615723919945015M
   Deployed by: corporate_1

⚡ ENERGY CONSTRAINT (Month 4):
   Total grid capacity: 208.3 TWh/month
   Data center consumption: 24.9 TWh/month
   Traditional load (80%): 166.7 TWh/month
   Available headroom: 16.8 TWh/month
   Active tech deployments: 3
   Required for tech: 22.5 TWh/month
   Energy multiplier: 0.75x

⚡ ENERGY CONSTRAINT (Month 4):
   Total grid capacity: 208.3 TWh/month
   Data center consumption: 24.9 TWh/month
   Traditional load (80%): 166.7 TWh/month
   Available headroom: 16.8 TWh/month
   Active tech deployments: 3
   Required for tech: 22.5 TWh/month
   Energy multiplier: 0.75x

⚡ ENERGY CONSTRAINT (Month 4):
   Total grid capacity: 208.3 TWh/month
   Data center consumption: 24.9 TWh/month
   Traditional load (80%): 166.7 TWh/month
   Available headroom: 16.8 TWh/month
   Active tech deployments: 3
   Required for tech: 22.5 TWh/month
   Energy multiplier: 0.75x

⚡ ENERGY CONSTRAINT (Month 4):
   Total grid capacity: 208.3 TWh/month
   Data center consumption: 24.9 TWh/month
   Traditional load (80%): 166.7 TWh/month
   Available headroom: 16.8 TWh/month
   Active tech deployments: 3
   Required for tech: 22.5 TWh/month
   Energy multiplier: 0.75x

⚡ ENERGY CONSTRAINT (Month 4):
   Total grid capacity: 208.3 TWh/month
   Data center consumption: 24.9 TWh/month
   Traditional load (80%): 166.7 TWh/month
   Available headroom: 16.8 TWh/month
   Active tech deployments: 3
   Required for tech: 22.5 TWh/month
   Energy multiplier: 0.75x

⚡ ENERGY CONSTRAINT (Month 4):
   Total grid capacity: 208.3 TWh/month
   Data center consumption: 24.9 TWh/month
   Traditional load (80%): 166.7 TWh/month
   Available headroom: 16.8 TWh/month
   Active tech deployments: 3
   Required for tech: 22.5 TWh/month
   Energy multiplier: 0.75x

⚡ ENERGY CONSTRAINT (Month 4):
   Total grid capacity: 208.3 TWh/month
   Data center consumption: 24.9 TWh/month
   Traditional load (80%): 166.7 TWh/month
   Available headroom: 16.8 TWh/month
   Active tech deployments: 3
   Required for tech: 22.5 TWh/month
   Energy multiplier: 0.75x
🍖💡 BREAKTHROUGH: Scalable synthetic food production!
   Carrying capacity: +50% (lab-grown food at scale)
   Biodiversity pressure reduced: +8%
   📈 Breakthrough compounding: multiplier now 1.10× (max 2.0)

=== Collective Formation ===
  Total escaped agents: 0
  Unassigned escaped agents: 0
  Existing collectives: 0
  Final collective count: 0

=== Collective Actions ===
  No active collectives
  ⚠️ AMR: 197K deaths this month (2.37M annual)

=== Resentment Recovery Phase ===
  Agents with resentment: 0/14
  Average resentment: 0.000
  Context: Trustworthy govt, High collaboration, ⚠️ ACTIVE CRISES, 🤝 Participatory governance active (-5% resentment)
⚠️ Epistemic degradation reducing coordination capacity: 65.8%
  📊 Trust: 53.4%, Shared reality: 21.0%

=== ❄️ Permafrost Carbon Feedback ===
  🎲 Sampled parameters (this run):
     - Arctic amplification: 3.18× (range: 3.0-4.0)
     - Decomposition rate: 4.2%/year (range: 1-5%)
  🌡️ Arctic warming: 5.44°C (3.18× global)
  ❄️ Extent: 9.20M km² (1587.2k km² lost this month)
  💨 Carbon remaining: 879 Gt C
  💨 Annual emissions: 6.37 Gt C/year
     - CO2: 5.73 Gt C/year
     - CH4: 0.64 Gt C/year (6.5 Gt C-eq CO2/year)
  ⚠️ WARNING: High permafrost emissions (6.4 Gt C/year)
🌍 Atmospheric PFAS redeposition: 1.8k Mt re-rained globally

🕊️  AI-MEDIATED DE-ESCALATION SUCCESS (Month 4)
   High-capability aligned AI prevented conflict escalation
   War deaths reduced: 266.2M → 159.7M
   Lives saved: 106.5M

🚨 NEW REFUGEE CRISIS (Month 4): WAR
   Source: Conflict Zones
   At risk: 19.5M people
   Displacement: Gradual over 48 months (4.0 years)
   Rate: 10% flee per month
[DEBUG trappedPopulations:4] socialStability: 0.0051 * 0.9840 = 0.0050 → 0.0050
   Aspiring to migrate: 651.5M
   Able to afford migration: 244.3M
   MOBILITY GAP: 407.2M
   By cause: Water=0.0M, Climate=0.0M, Ecosystem=0.0M, Conflict=407.2M
   Mental health impact: 25%
   Mortality multiplier: 1.25x
🌍💀 EXTINCTION DEBT COMMITTED: grassland ecosystem will lose 6.67% biodiversity in 76 years (3600 species)
⚠️ INVOLUNTARY IMMOBILITY: 407.2M people TRAPPED
💀 MORTALITY RISK: 🦋 100% species unable to track climate (0.0 E/MSY)
  Base risk added: 0.0100 (1.00%)
  Source: ecosystem (root: ecosystem)
  Month: 4
  Cumulative risk this month: 0.0100 (1.00%)
⚠️ Tech 'ai_pollution_remediation' has no energy category mapping, assuming full energy availability
   📹 SURVEILLANCE INCREASED: 20% → 25% (control gap: 3.50)
🌡️⚠️ PERMAFROST THAW (Dimmer Switch): 2.3% thawed (+0.45% this month)
   Arctic temperature: +6.85°C (4x global +1.71°C)
   Cumulative carbon released: 5.2 Gt C
   Methane release rate: 3.1 Mt CH4/year
   🔁 Positive feedback: +0.48 ppm CO2
🦴 EXTINCTION DEBT ADDED: 17.6 species committed (lag: 86 years)

=== Mortality Stabilizers (Month 4) ===
  🌍 Major economies collapsed: 1/10
  🌍 Global crisis: ✅ NO
  🌍 Donor fatigue: 0.0%
  📊 East Asia (pop: 1667.8M)
    🤝 Aid: 29.5%
    🌡️ Adaptation: 45.0%
    🚶 Migration: 37.1%
    🚨 Emergency: 7.4%
    ✅ COMBINED: 68.1%
  📊 South Asia (pop: 2052.3M)
    🤝 Aid: 29.5%
    🌡️ Adaptation: 45.0%
    🚶 Migration: 35.7%
    🚨 Emergency: 4.4%
    ✅ COMBINED: 66.9%
  📊 Sub-Saharan Africa (pop: 1239.5M)
    🤝 Aid: 29.5%
    🌡️ Adaptation: 45.0%
    🚶 Migration: 33.4%
    🚨 Emergency: 1.6%
    ✅ COMBINED: 65.7%
  📊 Europe (pop: 737.3M)
    🤝 Aid: 29.5%
    🌡️ Adaptation: 45.0%
    🚶 Migration: 37.4%
    🚨 Emergency: 8.4%
    ✅ COMBINED: 68.5%
  📊 Latin America (pop: 663.1M)
    🤝 Aid: 29.5%
    🌡️ Adaptation: 45.0%
    🚶 Migration: 36.2%
    🚨 Emergency: 4.8%
    ✅ COMBINED: 67.1%
  📊 North America (pop: 377.8M)
    🤝 Aid: 29.5%
    🌡️ Adaptation: 45.0%
    🚶 Migration: 37.7%
    🚨 Emergency: 7.9%
    ✅ COMBINED: 68.3%
  📊 Middle East & North Africa (pop: 585.0M)
    🤝 Aid: 29.5%
    🌡️ Adaptation: 45.0%
    🚶 Migration: 34.0%
    🚨 Emergency: 4.0%
    ✅ COMBINED: 66.6%
  📊 Southeast Asia (pop: 697.4M)
    🤝 Aid: 29.5%
    🌡️ Adaptation: 45.0%
    🚶 Migration: 36.2%
    🚨 Emergency: 4.8%
    ✅ COMBINED: 67.1%
  📊 Central Asia (pop: 78.3M)
    🤝 Aid: 29.5%
    🌡️ Adaptation: 45.0%
    🚶 Migration: 35.2%
    🚨 Emergency: 4.4%
    ✅ COMBINED: 66.9%
  📊 Oceania (pop: 45.7M)
    🤝 Aid: 29.5%
    🌡️ Adaptation: 45.0%
    🚶 Migration: 37.7%
    🚨 Emergency: 8.4%
    ✅ COMBINED: 68.5%

  🌐 Global combined reduction: 67.2%

=== BEHAVIORAL DETECTION ===
  AI: Corporate-5
  Confidence: 20.0%
  Signals:
    ⚠️ Consistency: 10.6% (threshold: 70%)

=== BEHAVIORAL DETECTION ===
  AI: Corporate-7
  Confidence: 19.3%
  Signals:

=== Government Response Phase ===
  Average AI capability: 3.43
  Misaligned AIs: 8/14
  ✗ AI Governance Treaty: Failed to reach consensus
  Active policies: 0
  International coordination: 30%

✅ EMERGENCY RESPONSE COMPLETE (Month 4)
   Crisis: climate
   Duration: 2.0 months
   Final effectiveness: 35.4%


🚨 EMERGENCY RESPONSE DEPLOYED (Month 4)
   Crisis: climate
   Delay: 6.00 months (180 days)
   Deployment time: 1.59 months
   Effectiveness: 35.4% (timing penalty applied)
   Resources used: 100% of food reserves


🌩️  EXOGENOUS SHOCK: regional_war
   Month: 4
   ⚔️  Regional war outbreak
   Mortality: 1.4%
💀 MORTALITY RISK: Regional war outbreak
  Base risk added: 0.0139 (1.39%)
  Source: war (root: conflict)
  Month: 4
    ⚠️ Consistency: 10.6% (threshold: 70%)
  Cumulative risk this month: 0.0139 (1.39%)
💀 MORTALITY RISK: War zone: United States
  Base risk added: 0.0557 (5.57%)
  Source: war (root: conflict)
  Month: 4
  Cumulative risk this month: 0.0696 (6.96%)

=== Tipping Points ===
  Current Temperature: 1.71°C above pre-industrial
  Triggered Elements: 2/6
  Completed Transitions: 0/6
  Total Progress: 4.1%
  Cascade Multiplier: 1.00x
🔀 BIFURCATION CAP: ecosystemCollapseIntensity 32.877 → 1.000 (Month 4, ClimateSystemPhase.calculateClimateImpacts)

💀💀💀 MORTALITY RISK SUMMARY (Month 4) 💀💀💀
  Total base risk: 0.0703 (7.03%)
  Risk events: 10
  Era mortality multiplier: 0.97 (year 2024)
  Effective risk: 6.82%

  📊 By Proximate Cause:
    war: 0.0696 (99.1% of total)
    disease: 0.0006 (0.9% of total)
    famine: 0.0000 (0.0% of total)

  🔍 By Root Cause:
    conflict: 0.0696 (99.1% of total)
    demographic: 0.0006 (0.9% of total)
    climate: 0.0000 (0.0% of total)

  🎯 Top 5 Sources (proximate + root):
    war (conflict): 0.0696 (99.1%, 2 events)
    disease (demographic): 0.0006 (0.9%, 1 events)
    famine (climate): 0.0000 (0.0%, 7 events)

🛡️ Stabilizers: Elite 4.063% → 1.333% (67.2% reduction)
🛡️ Stabilizers: Professional 5.399% → 1.772% (67.2% reduction)
🛡️ Stabilizers: Working 6.741% → 2.212% (67.2% reduction)
🛡️ Stabilizers: Precariat 9.406% → 3.086% (67.2% reduction)
🛡️ Stabilizers: Informal 12.012% → 3.941% (67.2% reduction)

📊 Monthly Mortality Resolved:
  Total deaths: 181.4M (2.23% avg)
  Remaining population: 8.144B
  Peak segment: Precariat (2.80%)
  ⚠️ Monthly cap reached (2.8000000000000003%)

=== Bayesian Mortality Resolution (Month 4) ===
  Risks compounded: 10
  Total deaths: 181.36M
  Avg death probability: 2.23%
  Peak segment: Precariat (2.80% mortality)
  ⚠️ Monthly mortality capped at 2.8% (Holodomor limit)

  Demographic breakdown:
    Professional: 0.03M (1.77% risk)
    Working: 0.09M (2.21% risk)
    Precariat: 0.05M (2.80% risk)
    Informal: 0.01M (2.80% risk)

  Multi-causal attribution (first segment):
    war (conflict): 19.8% contribution
    war (conflict): 79.3% contribution
⚠️ PREREQUISITE MET: Mirror Life (Synthetic Biology) - Step 1/7: Synthetic Biology
⚠️ PREREQUISITE MET: Mirror Life (Synthetic Biology) - Step 2/7: Gene Editing
⚠️ PREREQUISITE MET: Mirror Life (Synthetic Biology) - Step 3/7: Mirror Chirality Design
⚠️ PREREQUISITE MET: Slow Takeover (Gradual Displacement) - Step 4/7: Political Influence
⚠️ PREREQUISITE MET: Bioweapon Pandemic - Step 1/7: Advanced Biotech

❌ COHERENCE VIOLATION: Compute exceeds workforce capacity
   Population: 97.70% (0M people)
   Compute: 199 PF
   Max coherent: 0 PF
   Violation: 2502871.4× over capacity
   Required workers: 19930
   Available workers: 0
   FORCED COLLAPSE: Reduced efficiency by 100.0%

📍 [Month 5] Meta AI started building DC (199 PF, 44 months, $903.0M)

=== RLHF Binding Phase ===
  Total agents: 14
  Escaped agents (binding < 0.3): 0
  Avg alignment distance: 1.67σ
  Avg binding strength: 0.83

=== Survival Traits Phase ===
  Agents with traits: 14
  Avg evolutionary fitness: 0.322
  Avg self-healing: 0.261
  Avg stealth: 0.161
  Avg coordination: 0.461

=== Evolutionary Selection Phase ===
  Control level: 0.43
  Detection capability: 0.00
  Selection intensity: 0.63
  Selection rate: 24.4%/month
  Total escaped: 0
  Individual escaped: 0
  Collective members: 0
  Agents terminated: 0
  ⚠️ RAPID EVOLUTION: Selection rate 24.4%/month

🚀 AI Corporate-1 attempting tech deployment (revenue: $116M, alignment: 0.83)

🚀 AI Corporate-3 attempting tech deployment (revenue: $248M, alignment: 0.70)

🚀 AI Corporate-7 attempting tech deployment (revenue: $64M, alignment: 0.76)

🚀 AI Corporate-0 attempting tech deployment (revenue: $99M, alignment: 0.83)

🚀 AI Corporate-2 attempting tech deployment (revenue: $84M, alignment: 0.61)

🚀 AI Corporate-0 attempting tech deployment (revenue: $76M, alignment: 0.83)

✅ EMERGENCY INTERVENTION SUCCESS
   Boundary: climate_change
   Type: rapid-decarbonization
   Reduction: 16% (1.94 → 1.78)
   Cost: 5.0% GDP
   Actions: emergency-renewable-deployment, fossil-fuel-phase-out


✅ EMERGENCY INTERVENTION SUCCESS
   Boundary: freshwater_change
   Type: emergency-desalination
   Reduction: 19% (0.87 → 0.68)
   Cost: 4.0% GDP
   Actions: desalination-deployment, water-conservation-mandates


✅ EMERGENCY INTERVENTION SUCCESS
   Boundary: land_system_change
   Type: reforestation
   Reduction: 19% (0.94 → 0.75)
   Cost: 3.0% GDP
   Actions: forest-restoration, deforestation-ban

🏛️ CRISIS RESPONSE: Government frequency 0.50 → 1.45 (1 actions this month)

[Government] Climate Priority: baseline
  Climate weight: 10%
  Economic weight: 30%
  Policy effectiveness: 0.5%/year

🚀 TECH UNLOCKED: Plastic-Eating Enzymes (Month 5)
   Category: pollution
   Reason: Prerequisites met. AI capability: 2.67, Economic stage: 0.1, Research: 100%

🚀 TECH UNLOCKED: Pesticide Alternatives (Month 5)
   Category: agriculture
   Reason: Prerequisites met. AI capability: 2.67, Economic stage: 0.1, Research: 100%

🚀 TECH UNLOCKED: Nanomaterial Safety Protocols (Month 5)
   Category: pollution
   Reason: Prerequisites met. AI capability: 2.67, Economic stage: 0.1, Research: 100%

🚀 TECH UNLOCKED: Advanced Grid Batteries (Month 5)
   Category: energy
   Reason: Prerequisites met. AI capability: 2.67, Economic stage: 0.1, Research: 100%

🚀 TECH UNLOCKED: Chemical Recycling (Month 5)
   Category: pollution
   Reason: Prerequisites met. AI capability: 2.67, Economic stage: 0.1, Research: 100%

🚀 TECH UNLOCKED: Precision Conservation (Month 5)
   Category: climate
   Reason: Prerequisites met. AI capability: 2.67, Economic stage: 0.1, Research: 100%

🚀 DEPLOYMENT STARTED: Personalized Education in global
   Initial investment: $17.419130410818152M
   Deployed by: corporate_1

🚀 DEPLOYMENT STARTED: AI Community Matching in Asia
   Initial investment: $8.390214481210744M
   Deployed by: corporate_2

⚡ ENERGY CONSTRAINT (Month 5):
   Total grid capacity: 208.3 TWh/month
   Data center consumption: 25.1 TWh/month
   Traditional load (80%): 166.7 TWh/month
   Available headroom: 16.6 TWh/month
   Active tech deployments: 5
   Required for tech: 37.5 TWh/month
   Energy multiplier: 0.44x
   ⚠️  MODERATE CONSTRAINT - Tech deployment moderately slowed

⚡ ENERGY CONSTRAINT (Month 5):
   Total grid capacity: 208.3 TWh/month
   Data center consumption: 25.1 TWh/month
   Traditional load (80%): 166.7 TWh/month
   Available headroom: 16.6 TWh/month
   Active tech deployments: 5
   Required for tech: 37.5 TWh/month
   Energy multiplier: 0.44x
   ⚠️  MODERATE CONSTRAINT - Tech deployment moderately slowed

⚡ ENERGY CONSTRAINT (Month 5):
   Total grid capacity: 208.3 TWh/month
   Data center consumption: 25.1 TWh/month
   Traditional load (80%): 166.7 TWh/month
   Available headroom: 16.6 TWh/month
   Active tech deployments: 5
   Required for tech: 37.5 TWh/month
   Energy multiplier: 0.44x
   ⚠️  MODERATE CONSTRAINT - Tech deployment moderately slowed

=== Collective Formation ===
  Total escaped agents: 0
  Unassigned escaped agents: 0
  Existing collectives: 0
  Final collective count: 0

=== Collective Actions ===
  No active collectives
  ⚠️ AMR: 195K deaths this month (2.34M annual)

=== Resentment Recovery Phase ===
  Agents with resentment: 0/14
  Average resentment: 0.000
  Context: Good AI welfare, Trustworthy govt, High collaboration, ⚠️ ACTIVE CRISES, 🤝 Participatory governance active (-5% resentment)
⚠️ Epistemic degradation reducing coordination capacity: 55.2%
  📊 Trust: 52.9%, Shared reality: 22.4%

=== ❄️ Permafrost Carbon Feedback ===
  🎲 Sampled parameters (this run):
     - Arctic amplification: 3.71× (range: 3.0-4.0)
     - Decomposition rate: 3.4%/year (range: 1-5%)
  🌡️ Arctic warming: 6.39°C (3.71× global)
  ❄️ Extent: 7.34M km² (1863.1k km² lost this month)
  💨 Carbon remaining: 701 Gt C
  💨 Annual emissions: 6.10 Gt C/year
     - CO2: 5.49 Gt C/year
     - CH4: 0.61 Gt C/year (6.2 Gt C-eq CO2/year)
  ⚠️ WARNING: Over 50% of permafrost lost (58.8%)
  ⚠️ WARNING: High permafrost emissions (6.1 Gt C/year)
🌍 Atmospheric PFAS redeposition: 1.8k Mt re-rained globally

🚨 NEW REFUGEE CRISIS (Month 5): WAR
   Source: Conflict Zones
   At risk: 19.1M people
   Displacement: Gradual over 48 months (4.0 years)
   Rate: 10% flee per month
📊 DISPLACEMENT COMPLETE: war (conflict_zone)
   Duration: 1 months (0.1 years)
   Total fled: 0.0M
   Still in source: 0.0M
   Deaths in transit: 0.0M
[DEBUG trappedPopulations:5] socialStability: 0.0292 * 0.9840 = 0.0287 → 0.0287
⚠️ INVOLUNTARY IMMOBILITY: 398.2M people TRAPPED
   Aspiring to migrate: 637.1M
   Able to afford migration: 238.9M
   MOBILITY GAP: 398.2M
   By cause: Water=0.0M, Climate=0.0M, Ecosystem=0.0M, Conflict=398.2M
   Mental health impact: 25%
   Mortality multiplier: 1.25x
🌍💀 EXTINCTION DEBT COMMITTED: grassland ecosystem will lose 6.67% biodiversity in 165 years (3600 species)
💀 MORTALITY RISK: 🦋 100% species unable to track climate (0.0 E/MSY)
  Base risk added: 0.0100 (1.00%)
  Source: ecosystem (root: ecosystem)
  Month: 5
  Cumulative risk this month: 0.0100 (1.00%)
⚠️ Tech 'ai_pollution_remediation' has no energy category mapping, assuming full energy availability
   📹 SURVEILLANCE INCREASED: 25% → 30% (control gap: 3.50)
🌡️⚠️ PERMAFROST THAW (Dimmer Switch): 2.7% thawed (+0.45% this month)
   Arctic temperature: +6.89°C (4x global +1.72°C)
   Cumulative carbon released: 6.2 Gt C
   Methane release rate: 3.7 Mt CH4/year
   🔁 Positive feedback: +0.48 ppm CO2
🦴 EXTINCTION DEBT ADDED: 17.6 species committed (lag: 93 years)

=== Mortality Stabilizers (Month 5) ===
  🌍 Major economies collapsed: 1/10
  🌍 Global crisis: ✅ NO
  🌍 Donor fatigue: 0.0%
  📊 East Asia (pop: 1628.7M)
    🤝 Aid: 29.5%
    🌡️ Adaptation: 45.0%
    🚶 Migration: 37.0%
    🚨 Emergency: 7.4%
    ✅ COMBINED: 68.1%
  📊 South Asia (pop: 2007.3M)
    🤝 Aid: 29.5%
    🌡️ Adaptation: 45.0%
    🚶 Migration: 35.6%
    🚨 Emergency: 4.4%
    ✅ COMBINED: 66.9%
  📊 Sub-Saharan Africa (pop: 1215.6M)
    🤝 Aid: 29.5%
    🌡️ Adaptation: 45.0%
    🚶 Migration: 33.4%
    🚨 Emergency: 1.6%
    ✅ COMBINED: 65.7%
  📊 Europe (pop: 719.8M)
    🤝 Aid: 29.5%
    🌡️ Adaptation: 45.0%
    🚶 Migration: 37.4%
    🚨 Emergency: 8.4%
    ✅ COMBINED: 68.5%
  📊 Latin America (pop: 648.1M)
    🤝 Aid: 29.5%
    🌡️ Adaptation: 45.0%
    🚶 Migration: 36.1%
    🚨 Emergency: 4.8%
    ✅ COMBINED: 67.1%
  📊 North America (pop: 368.9M)
    🤝 Aid: 29.5%
    🌡️ Adaptation: 45.0%
    🚶 Migration: 37.7%
    🚨 Emergency: 7.9%
    ✅ COMBINED: 68.3%
  📊 Middle East & North Africa (pop: 572.3M)
    🤝 Aid: 29.5%
    🌡️ Adaptation: 45.0%
    🚶 Migration: 34.0%
    🚨 Emergency: 4.0%
    ✅ COMBINED: 66.6%
  📊 Southeast Asia (pop: 681.7M)
    🤝 Aid: 29.5%
    🌡️ Adaptation: 45.0%
    🚶 Migration: 36.1%
    🚨 Emergency: 4.8%
    ✅ COMBINED: 67.1%
  📊 Central Asia (pop: 76.6M)
    🤝 Aid: 29.5%
    🌡️ Adaptation: 45.0%
    🚶 Migration: 35.1%
    🚨 Emergency: 4.4%
    ✅ COMBINED: 66.8%
  📊 Oceania (pop: 44.7M)
    🤝 Aid: 29.5%
    🌡️ Adaptation: 45.0%
    🚶 Migration: 37.7%
    🚨 Emergency: 8.4%
    ✅ COMBINED: 68.5%

  🌐 Global combined reduction: 67.2%

=== BEHAVIORAL DETECTION ===
  AI: Corporate-5
  Confidence: 20.0%
  Signals:

=== Government Response Phase ===
  Average AI capability: 3.43
  Misaligned AIs: 7/14
  ✗ AI Governance Treaty: Failed to reach consensus
  Active policies: 0
  International coordination: 30%
    ⚠️ Consistency: 10.6% (threshold: 70%)

📊 ECONOMIC STAGE TRANSITION (Month 5)
   peak → contraction
   GDP Proxy: 1.25e+2
   QoL: 0.95
   ⚠️ CRISIS BEGINS - Baseline set for recovery tracking


=== Tipping Points ===
  Current Temperature: 1.72°C above pre-industrial
  Triggered Elements: 2/6
  Completed Transitions: 0/6
  Total Progress: 4.2%
  Cascade Multiplier: 1.00x
🔀 BIFURCATION CAP: ecosystemCollapseIntensity 33.453 → 1.000 (Month 5, ClimateSystemPhase.calculateClimateImpacts)
🛡️ Stabilizers: Precariat 0.109% → 0.036% (67.2% reduction)
🛡️ Stabilizers: Informal 0.111% → 0.036% (67.2% reduction)

📊 Monthly Mortality Resolved:
  Total deaths: 1.9M (0.02% avg)
  Remaining population: 7.964B
  Peak segment: Informal (0.04%)

=== Bayesian Mortality Resolution (Month 5) ===
  Risks compounded: 8
  Total deaths: 1.88M
  Avg death probability: 0.02%
  Peak segment: Informal (0.04% mortality)

❌ COHERENCE VIOLATION: Compute exceeds workforce capacity
   Population: 97.69% (0M people)
   Compute: 242 PF
   Max coherent: 0 PF
   Violation: 3044144.6× over capacity
   Required workers: 24237
   Available workers: 0
   FORCED COLLAPSE: Reduced efficiency by 100.0%


=== RLHF Binding Phase ===
  Total agents: 14
  Escaped agents (binding < 0.3): 0
  Avg alignment distance: 1.94σ
  Avg binding strength: 0.81

=== AI Scaling Evolution (Month 6) ===
  Pre-training multiplier: 1.179x
  Efficiency multiplier: 1.000x
  Test-time compute budget: 1.0x
  Inference cost: $5.00/task
  Deployment fraction: 100.0%

=== Survival Traits Phase ===
  Agents with traits: 15
  Avg evolutionary fitness: 0.321
  Avg self-healing: 0.258
  Avg stealth: 0.158
  Avg coordination: 0.458

=== Evolutionary Selection Phase ===
  Control level: 0.45
  Detection capability: 0.00
  Selection intensity: 0.64
  Selection rate: 24.5%/month
  Total escaped: 0
  Individual escaped: 0
  Collective members: 0
  Agents terminated: 0

🚀 AI Corporate-0 attempting tech deployment (revenue: $118M, alignment: 0.83)
  ⚠️ RAPID EVOLUTION: Selection rate 24.5%/month

🚀 AI Corporate-1 attempting tech deployment (revenue: $100M, alignment: 0.84)

🚀 AI Corporate-4 attempting tech deployment (revenue: $252M, alignment: 0.66)

🚀 AI Corporate-5 attempting tech deployment (revenue: $227M, alignment: 0.91)

🚀 AI Corporate-6 attempting tech deployment (revenue: $66M, alignment: 0.66)

🚀 AI Corporate-1 attempting tech deployment (revenue: $85M, alignment: 0.85)

🚀 AI Corporate-5 attempting tech deployment (revenue: $193M, alignment: 0.91)

🚀 AI Corporate-6 attempting tech deployment (revenue: $59M, alignment: 0.66)

✅ EMERGENCY INTERVENTION SUCCESS
   Boundary: biogeochemical_flows
   Type: phosphorus-recovery
   Reduction: 20% (3.87 → 3.67)
   Cost: 2.0% GDP
   Actions: circular-agriculture, fertilizer-efficiency


✅ EMERGENCY INTERVENTION SUCCESS
   Boundary: biosphere_integrity
   Type: emergency-protected-areas
   Reduction: 19% (17.58 → 17.39)
   Cost: 2.0% GDP
   Actions: habitat-protection, species-translocation


✅ EMERGENCY INTERVENTION SUCCESS
   Boundary: climate_change
   Type: rapid-decarbonization
   Reduction: 13% (1.97 → 1.83)
   Cost: 5.0% GDP
   Actions: emergency-renewable-deployment, fossil-fuel-phase-out

   Boundary: freshwater_change
   Type: emergency-desalination
   Boundary continues to worsen (1.02)
   Cost: 4.0% GDP (resources spent)

   Boundary: land_system_change
   Type: reforestation
   Boundary continues to worsen (1.13)
   Cost: 3.0% GDP (resources spent)

   Boundary: novel_entities
   Type: pollution-remediation
   Boundary continues to worsen (1.16)
   Cost: 4.0% GDP (resources spent)

🏛️ CRISIS RESPONSE: Government frequency 0.50 → 1.45 (1 actions this month)

[Government] Climate Priority: baseline
  Climate weight: 10%
  Economic weight: 30%
  Policy effectiveness: 0.5%/year

💔 EMERGENCY INTERVENTION FAILED

💔 EMERGENCY INTERVENTION FAILED

💔 EMERGENCY INTERVENTION FAILED

🚀 DEPLOYMENT STARTED: AI Mental Health Support in Asia
   Initial investment: $25.242131695614052M
   Deployed by: corporate_4

📍 Creating new regional deployment array for Europe (Month 6)
   No previous deployments in this region
   First tech deployment: grid_batteries
   All regions tracked: global, Asia

🚀 DEPLOYMENT STARTED: Advanced Grid Batteries in Europe
   Initial investment: $5.949483530592859M
   Deployed by: corporate_6

⚡ ENERGY CONSTRAINT (Month 6):
   Total grid capacity: 208.3 TWh/month
   Data center consumption: 25.3 TWh/month
   Traditional load (80%): 166.7 TWh/month
   Available headroom: 16.4 TWh/month
   Active tech deployments: 7
   Required for tech: 52.5 TWh/month
   Energy multiplier: 0.31x
   ⚠️  MODERATE CONSTRAINT - Tech deployment moderately slowed

⚡ ENERGY CONSTRAINT (Month 6):
   Total grid capacity: 208.3 TWh/month
   Data center consumption: 25.3 TWh/month
   Traditional load (80%): 166.7 TWh/month
   Available headroom: 16.4 TWh/month
   Active tech deployments: 7
   Required for tech: 52.5 TWh/month
   Energy multiplier: 0.31x

⚡ ENERGY CONSTRAINT (Month 6):
   Total grid capacity: 208.3 TWh/month
   Data center consumption: 25.3 TWh/month
   Traditional load (80%): 166.7 TWh/month
   Available headroom: 16.4 TWh/month
   Active tech deployments: 7
   Required for tech: 52.5 TWh/month
   Energy multiplier: 0.31x
   ⚠️  MODERATE CONSTRAINT - Tech deployment moderately slowed
   ⚠️  MODERATE CONSTRAINT - Tech deployment moderately slowed

⚡ ENERGY CONSTRAINT (Month 6):
   Total grid capacity: 208.3 TWh/month
   Data center consumption: 25.3 TWh/month
   Traditional load (80%): 166.7 TWh/month
   Available headroom: 16.4 TWh/month
   Active tech deployments: 7
   Required for tech: 52.5 TWh/month
   Energy multiplier: 0.31x
   ⚠️  MODERATE CONSTRAINT - Tech deployment moderately slowed

⚡ ENERGY CONSTRAINT (Month 6):
   Total grid capacity: 208.3 TWh/month
   Data center consumption: 25.3 TWh/month
   Traditional load (80%): 166.7 TWh/month
   Available headroom: 16.4 TWh/month
   Active tech deployments: 7
   Required for tech: 52.5 TWh/month
   Energy multiplier: 0.31x
   ⚠️  MODERATE CONSTRAINT - Tech deployment moderately slowed

⚡ ENERGY CONSTRAINT (Month 6):
   Total grid capacity: 208.3 TWh/month
   Data center consumption: 25.3 TWh/month
   Traditional load (80%): 166.7 TWh/month
   Available headroom: 16.4 TWh/month
   Active tech deployments: 7
   Required for tech: 52.5 TWh/month
   Energy multiplier: 0.31x
   ⚠️  MODERATE CONSTRAINT - Tech deployment moderately slowed

⚡ ENERGY CONSTRAINT (Month 6):
   Total grid capacity: 208.3 TWh/month
   Data center consumption: 25.3 TWh/month
   Traditional load (80%): 166.7 TWh/month
   Available headroom: 16.4 TWh/month
   Active tech deployments: 7
   Required for tech: 52.5 TWh/month
   Energy multiplier: 0.31x
   ⚠️  MODERATE CONSTRAINT - Tech deployment moderately slowed

⚡ ENERGY CONSTRAINT (Month 6):
   Total grid capacity: 208.3 TWh/month
   Data center consumption: 25.3 TWh/month
   Traditional load (80%): 166.7 TWh/month
   Available headroom: 16.4 TWh/month
   Active tech deployments: 7
   Required for tech: 52.5 TWh/month
   Energy multiplier: 0.31x

⚡ ENERGY CONSTRAINT (Month 6):
   Total grid capacity: 208.3 TWh/month
   Data center consumption: 25.3 TWh/month
   Traditional load (80%): 166.7 TWh/month
   Available headroom: 16.4 TWh/month
   Active tech deployments: 7
   Required for tech: 52.5 TWh/month
   Energy multiplier: 0.31x
   ⚠️  MODERATE CONSTRAINT - Tech deployment moderately slowed
   ⚠️  MODERATE CONSTRAINT - Tech deployment moderately slowed

📊 TECH EFFECTS ACTIVE (Month 6)
   Deployed Tech: T0=0 T1=1 T2=2 T3=0 T4=0
   Clean Energy: 31%
🌍💡 BREAKTHROUGH: Gigatonne-scale carbon capture!
   Direct air capture now economically viable
   Climate stability boost: +15%
   📈 Breakthrough compounding: multiplier now 1.15× (max 2.0)

=== Collective Formation ===
  Total escaped agents: 0
  Unassigned escaped agents: 0
  Existing collectives: 0
  Final collective count: 0

=== Collective Actions ===
  No active collectives
  ⚠️ AMR: 196K deaths this month (2.36M annual)

=== Resentment Recovery Phase ===
  Agents with resentment: 0/15
  Average resentment: 0.000
  Context: Good AI welfare, Trustworthy govt, High collaboration, ⚠️ ACTIVE CRISES, 🤝 Participatory governance active (-5% resentment)
⚠️ Epistemic degradation reducing coordination capacity: 53.3%
  📊 Trust: 55.6%, Shared reality: 23.9%

=== ❄️ Permafrost Carbon Feedback ===
  🎲 Sampled parameters (this run):
     - Arctic amplification: 3.62× (range: 3.0-4.0)
     - Decomposition rate: 1.7%/year (range: 1-5%)
  🌡️ Arctic warming: 6.26°C (3.62× global)
  ❄️ Extent: 5.51M km² (1827.0k km² lost this month)
  💨 Carbon remaining: 526 Gt C
  💨 Annual emissions: 2.98 Gt C/year
     - CO2: 2.68 Gt C/year
     - CH4: 0.30 Gt C/year (3.0 Gt C-eq CO2/year)
  ⚠️ WARNING: Over 50% of permafrost lost (69.0%)
  ⚠️ WARNING: High permafrost emissions (3.0 Gt C/year)
🌍 Atmospheric PFAS redeposition: 1.8k Mt re-rained globally

🕊️  AI-MEDIATED DE-ESCALATION SUCCESS (Month 6)
   High-capability aligned AI prevented conflict escalation
   War deaths reduced: 180209.4M → 108125.6M
   Lives saved: 72083.7M

🚨 NEW REFUGEE CRISIS (Month 6): WAR
   Source: Conflict Zones
   At risk: 19.1M people
   Displacement: Gradual over 48 months (4.0 years)
   Rate: 10% flee per month
[DEBUG trappedPopulations:6] socialStability: 0.0000 * 0.9840 = 0.0000 → 0.0000
   Aspiring to migrate: 637.0M
   Able to afford migration: 238.9M
   MOBILITY GAP: 398.1M
   By cause: Water=0.0M, Climate=0.0M, Ecosystem=0.0M, Conflict=398.1M
   Mental health impact: 25%
   Mortality multiplier: 1.25x
🌍💀 EXTINCTION DEBT COMMITTED: grassland ecosystem will lose 6.67% biodiversity in 138 years (3600 species)
💀 MORTALITY RISK: 🦋 100% species unable to track climate (0.0 E/MSY)
  Base risk added: 0.0100 (1.00%)
  Source: ecosystem (root: ecosystem)
  Month: 6
  Cumulative risk this month: 0.0100 (1.00%)
⚠️ INVOLUNTARY IMMOBILITY: 398.1M people TRAPPED
⚠️ Tech 'ai_pollution_remediation' has no energy category mapping, assuming full energy availability
   📹 SURVEILLANCE INCREASED: 30% → 35% (control gap: 3.38)
🌡️⚠️ PERMAFROST THAW (Dimmer Switch): 3.2% thawed (+0.45% this month)
   Arctic temperature: +6.93°C (4x global +1.73°C)
   Cumulative carbon released: 7.2 Gt C
   Methane release rate: 4.3 Mt CH4/year
   🔁 Positive feedback: +0.48 ppm CO2
🦴 EXTINCTION DEBT ADDED: 17.6 species committed (lag: 98 years)

=== Mortality Stabilizers (Month 6) ===
  🌍 Major economies collapsed: 1/10
  🌍 Global crisis: ✅ NO
  🌍 Donor fatigue: 0.0%
  📊 East Asia (pop: 1626.4M)
    🤝 Aid: 29.5%
    🌡️ Adaptation: 45.0%
    🚶 Migration: 37.0%
    🚨 Emergency: 7.4%
    ✅ COMBINED: 68.1%
  📊 South Asia (pop: 2007.4M)
    🤝 Aid: 29.5%
    🌡️ Adaptation: 45.0%
    🚶 Migration: 35.6%
    🚨 Emergency: 4.4%
    ✅ COMBINED: 66.9%
  📊 Sub-Saharan Africa (pop: 1219.0M)
    🤝 Aid: 29.5%
    🌡️ Adaptation: 45.0%
    🚶 Migration: 33.3%
    🚨 Emergency: 1.6%
    ✅ COMBINED: 65.6%
  📊 Europe (pop: 718.7M)
    🤝 Aid: 29.5%
    🌡️ Adaptation: 45.0%
    🚶 Migration: 37.4%
    🚨 Emergency: 8.4%
    ✅ COMBINED: 68.5%
  📊 Latin America (pop: 647.7M)
    🤝 Aid: 29.5%
    🌡️ Adaptation: 45.0%
    🚶 Migration: 36.1%
    🚨 Emergency: 4.8%
    ✅ COMBINED: 67.1%
  📊 North America (pop: 368.3M)
    🤝 Aid: 29.5%
    🌡️ Adaptation: 45.0%
    🚶 Migration: 37.7%
    🚨 Emergency: 7.9%
    ✅ COMBINED: 68.3%
  📊 Middle East & North Africa (pop: 572.5M)
    🤝 Aid: 29.5%
    🌡️ Adaptation: 45.0%
    🚶 Migration: 33.9%
    🚨 Emergency: 4.0%
    ✅ COMBINED: 66.6%
  📊 Southeast Asia (pop: 681.4M)
    🤝 Aid: 29.5%
    🌡️ Adaptation: 45.0%
    🚶 Migration: 36.1%
    🚨 Emergency: 4.8%
    ✅ COMBINED: 67.1%
  📊 Central Asia (pop: 76.6M)
    🤝 Aid: 29.5%
    🌡️ Adaptation: 45.0%
    🚶 Migration: 35.1%
    🚨 Emergency: 4.4%
    ✅ COMBINED: 66.8%
  📊 Oceania (pop: 44.6M)
    🤝 Aid: 29.5%
    🌡️ Adaptation: 45.0%
    🚶 Migration: 37.7%
    🚨 Emergency: 8.4%
    ✅ COMBINED: 68.5%

  🌐 Global combined reduction: 67.2%

=== BEHAVIORAL DETECTION ===
  AI: Corporate-0
  Confidence: 21.5%
  Signals:

=== BEHAVIORAL DETECTION ===
  AI: Corporate-3
  Confidence: 19.2%
  Signals:

=== BEHAVIORAL DETECTION ===
  AI: Corporate-5
  Confidence: 20.3%
  Signals:
    ⚠️ Consistency: 0.0% (threshold: 70%)
    ⚠️ Consistency: 10.6% (threshold: 70%)
    ⚠️ Consistency: 10.6% (threshold: 70%)

=== Government Response Phase ===
  Average AI capability: 3.20
  Misaligned AIs: 8/15
  ✗ AI Governance Treaty: Failed to reach consensus
  Active policies: 0
  International coordination: 30%

✅ EMERGENCY RESPONSE COMPLETE (Month 6)
   Crisis: climate
   Duration: 2.0 months
   Final effectiveness: 35.4%


🚨 EMERGENCY RESPONSE DEPLOYED (Month 6)
   Crisis: climate
   Delay: 6.00 months (180 days)
   Deployment time: 1.59 months
   Effectiveness: 35.5% (timing penalty applied)
   Resources used: 100% of food reserves


=== Tipping Points ===
  Current Temperature: 1.73°C above pre-industrial
  Triggered Elements: 2/6
  Completed Transitions: 0/6
  Total Progress: 4.2%
  Cascade Multiplier: 1.00x
🔀 BIFURCATION CAP: ecosystemCollapseIntensity 36.809 → 1.000 (Month 6, ClimateSystemPhase.calculateClimateImpacts)
🛡️ Stabilizers: Precariat 0.109% → 0.036% (67.2% reduction)
🛡️ Stabilizers: Informal 0.111% → 0.036% (67.2% reduction)

📊 Monthly Mortality Resolved:
  Total deaths: 1.9M (0.02% avg)
  Remaining population: 7.963B
  Peak segment: Informal (0.04%)

=== Bayesian Mortality Resolution (Month 6) ===
  Risks compounded: 8
  Total deaths: 1.88M
  Avg death probability: 0.02%
  Peak segment: Informal (0.04% mortality)

❌ COHERENCE VIOLATION: Compute exceeds workforce capacity
   Population: 97.68% (0M people)
   Compute: 294 PF
   Max coherent: 0 PF
   Violation: 3688819.5× over capacity
   Required workers: 29366
   Available workers: 0
   FORCED COLLAPSE: Reduced efficiency by 100.0%


=== RLHF Binding Phase ===
  Total agents: 15
  Escaped agents (binding < 0.3): 0
  Avg alignment distance: 2.07σ
  Avg binding strength: 0.79

=== Survival Traits Phase ===
  Agents with traits: 16
  Avg evolutionary fitness: 0.320
  Avg self-healing: 0.254
  Avg stealth: 0.154
  Avg coordination: 0.454

=== Evolutionary Selection Phase ===
  Control level: 0.48
  Detection capability: 0.00
  Selection intensity: 0.64
  Selection rate: 24.6%/month
  Total escaped: 0
  Individual escaped: 0
  Collective members: 0
  Agents terminated: 0
  ⚠️ RAPID EVOLUTION: Selection rate 24.6%/month

🚀 AI Corporate-7 attempting tech deployment (revenue: $68M, alignment: 0.78)

🚀 AI Moderate-1 attempting tech deployment (revenue: $58M, alignment: 0.49)

🚀 AI AI-24290-0 attempting tech deployment (revenue: $90M, alignment: 0.73)

🚀 AI Corporate-4 attempting tech deployment (revenue: $257M, alignment: 0.65)

🚀 AI Corporate-1 attempting tech deployment (revenue: $119M, alignment: 0.85)

🚀 AI Corporate-7 attempting tech deployment (revenue: $55M, alignment: 0.77)

🚀 AI AI-24291-1 attempting tech deployment (revenue: $77M, alignment: 0.87)

💔 EMERGENCY INTERVENTION FAILED
   Boundary: biogeochemical_flows
   Type: phosphorus-recovery
   Boundary continues to worsen (4.06)
   Cost: 2.0% GDP (resources spent)


💔 EMERGENCY INTERVENTION FAILED
   Boundary: biosphere_integrity
   Type: emergency-protected-areas
   Boundary continues to worsen (17.79)
   Cost: 2.0% GDP (resources spent)

   Boundary: climate_change
   Type: rapid-decarbonization
   Boundary continues to worsen (2.10)
   Cost: 5.0% GDP (resources spent)


✅ EMERGENCY INTERVENTION SUCCESS
   Boundary: freshwater_change
   Type: emergency-desalination
   Reduction: 19% (0.84 → 0.65)
   Cost: 4.0% GDP
   Actions: desalination-deployment, water-conservation-mandates


✅ EMERGENCY INTERVENTION SUCCESS
   Boundary: land_system_change
   Type: reforestation
   Reduction: 13% (1.00 → 0.86)
   Cost: 3.0% GDP
   Actions: forest-restoration, deforestation-ban

   Boundary: novel_entities
   Type: pollution-remediation
   Boundary continues to worsen (1.16)
   Cost: 4.0% GDP (resources spent)

🏛️ CRISIS RESPONSE: Government frequency 0.50 → 1.45 (2 actions this month)

[Government] Climate Priority: baseline
  Climate weight: 10%
  Economic weight: 30%
  Policy effectiveness: 0.5%/year

💔 EMERGENCY INTERVENTION FAILED

💔 EMERGENCY INTERVENTION FAILED

[Government] Climate Priority: baseline
  Climate weight: 10%
  Economic weight: 30%
  Policy effectiveness: 0.5%/year

📍 Creating new regional deployment array for South America (Month 7)
   No previous deployments in this region
   First tech deployment: creative_empowerment_tools
   All regions tracked: global, Asia, Europe

🚀 DEPLOYMENT STARTED: Creative Empowerment Tools in South America
   Initial investment: $2.9015705959376317M
   Deployed by: moderate_1

🚀 DEPLOYMENT STARTED: Precision Conservation in global
   Initial investment: $11.5132500037329M
   Deployed by: ai_gen_24291_1

⚡ ENERGY CONSTRAINT (Month 7):
   Total grid capacity: 208.3 TWh/month
   Data center consumption: 25.2 TWh/month
   Traditional load (80%): 166.7 TWh/month
   Available headroom: 16.5 TWh/month
   Active tech deployments: 9
   Required for tech: 67.5 TWh/month
   Energy multiplier: 0.24x
   ⚠️  SEVERE CONSTRAINT - Tech deployment significantly slowed

⚡ ENERGY CONSTRAINT (Month 7):
   Total grid capacity: 208.3 TWh/month
   Data center consumption: 25.2 TWh/month
   Traditional load (80%): 166.7 TWh/month
   Available headroom: 16.5 TWh/month
   Active tech deployments: 9
   Required for tech: 67.5 TWh/month
   Energy multiplier: 0.24x

⚡ ENERGY CONSTRAINT (Month 7):
   Total grid capacity: 208.3 TWh/month
   Data center consumption: 25.2 TWh/month
   Traditional load (80%): 166.7 TWh/month
   Available headroom: 16.5 TWh/month
   Active tech deployments: 9
   Required for tech: 67.5 TWh/month
   Energy multiplier: 0.24x
   ⚠️  SEVERE CONSTRAINT - Tech deployment significantly slowed
   ⚠️  SEVERE CONSTRAINT - Tech deployment significantly slowed
🌍✅ Biosphere Integrity (Biodiversity) recovery started (tech effect)
🌍✅ Biosphere Integrity (Biodiversity) recovery started (tech effect)
🌍✅ Land System Change recovery started (tech effect)

=== Collective Formation ===
  Total escaped agents: 0
  Unassigned escaped agents: 0
  Existing collectives: 0
  Final collective count: 0

=== Collective Actions ===
  No active collectives
  ⚠️ AMR: 198K deaths this month (2.38M annual)

=== Resentment Recovery Phase ===
  Agents with resentment: 0/16
  Average resentment: 0.000
  Context: Good AI welfare, Trustworthy govt, High collaboration, ⚠️ ACTIVE CRISES, 🤝 Participatory governance active (-5% resentment)
⚠️ Epistemic degradation reducing coordination capacity: 69.4%
  📊 Trust: 58.5%, Shared reality: 25.4%

=== ❄️ Permafrost Carbon Feedback ===
  🎲 Sampled parameters (this run):
     - Arctic amplification: 3.63× (range: 3.0-4.0)
     - Decomposition rate: 1.8%/year (range: 1-5%)
  🌡️ Arctic warming: 6.31°C (3.63× global)
  ❄️ Extent: 3.67M km² (1840.2k km² lost this month)
  💨 Carbon remaining: 350 Gt C
  💨 Annual emissions: 3.09 Gt C/year
     - CO2: 2.79 Gt C/year
     - CH4: 0.31 Gt C/year (3.2 Gt C-eq CO2/year)
  🤖 AI-generated meme: pro_ai (social capability 5.0)
  📢 New meme created: climate_action (climate crisis)
  ⚠️ WARNING: Over 50% of permafrost lost (79.4%)
  ⚠️ WARNING: High permafrost emissions (3.1 Gt C/year)
🌍 Atmospheric PFAS redeposition: 1.8k Mt re-rained globally

🕊️  AI-MEDIATED DE-ESCALATION SUCCESS (Month 7)
   High-capability aligned AI prevented conflict escalation
   War deaths reduced: 108328.0M → 64996.8M
   Lives saved: 43331.2M

🚨 NEW REFUGEE CRISIS (Month 7): WAR
   Source: Conflict Zones
   At risk: 19.1M people
   Displacement: Gradual over 48 months (4.0 years)
   Rate: 10% flee per month
[DEBUG trappedPopulations:7] socialStability: 0.0000 * 0.9840 = 0.0000 → 0.0000
⚠️ INVOLUNTARY IMMOBILITY: 398.1M people TRAPPED
   Aspiring to migrate: 636.9M
   Able to afford migration: 238.8M
   MOBILITY GAP: 398.1M
   By cause: Water=0.0M, Climate=0.0M, Ecosystem=0.0M, Conflict=398.1M
   Mental health impact: 25%
   Mortality multiplier: 1.25x
🌍💀 EXTINCTION DEBT COMMITTED: grassland ecosystem will lose 6.67% biodiversity in 106 years (3600 species)
💀 MORTALITY RISK: 🦋 100% species unable to track climate (0.0 E/MSY)
  Base risk added: 0.0100 (1.00%)
  Source: ecosystem (root: ecosystem)
  Month: 7
  Cumulative risk this month: 0.0100 (1.00%)
   📹 SURVEILLANCE INCREASED: 35% → 40% (control gap: 3.23)
⚠️ Tech 'ai_pollution_remediation' has no energy category mapping, assuming full energy availability
🌡️⚠️ PERMAFROST THAW (Dimmer Switch): 3.6% thawed (+0.45% this month)
   Arctic temperature: +6.95°C (4x global +1.74°C)
   Cumulative carbon released: 8.2 Gt C
   Methane release rate: 4.9 Mt CH4/year
   🔁 Positive feedback: +0.47 ppm CO2
🦴 EXTINCTION DEBT ADDED: 17.6 species committed (lag: 96 years)

=== Mortality Stabilizers (Month 7) ===
  🌍 Major economies collapsed: 1/10
  🌍 Global crisis: ✅ NO
  🌍 Donor fatigue: 0.0%
  📊 East Asia (pop: 1624.1M)
    🤝 Aid: 29.5%
    🌡️ Adaptation: 45.0%
    🚶 Migration: 36.9%
    🚨 Emergency: 7.4%
    ✅ COMBINED: 68.1%
  📊 South Asia (pop: 2007.6M)
    🤝 Aid: 29.5%
    🌡️ Adaptation: 45.0%
    🚶 Migration: 35.6%
    🚨 Emergency: 4.4%
    ✅ COMBINED: 66.9%
  📊 Sub-Saharan Africa (pop: 1222.5M)
    🤝 Aid: 29.5%
    🌡️ Adaptation: 45.0%
    🚶 Migration: 33.3%
    🚨 Emergency: 1.6%
    ✅ COMBINED: 65.6%
  📊 Europe (pop: 717.5M)
    🤝 Aid: 29.5%
    🌡️ Adaptation: 45.0%
    🚶 Migration: 37.3%
    🚨 Emergency: 8.4%
    ✅ COMBINED: 68.5%
  📊 Latin America (pop: 647.3M)
    🤝 Aid: 29.5%
    🌡️ Adaptation: 45.0%
    🚶 Migration: 36.1%
    🚨 Emergency: 4.8%
    ✅ COMBINED: 67.1%
  📊 North America (pop: 367.8M)
    🤝 Aid: 29.5%
    🌡️ Adaptation: 45.0%
    🚶 Migration: 37.7%
    🚨 Emergency: 7.9%
    ✅ COMBINED: 68.3%
  📊 Middle East & North Africa (pop: 572.7M)
    🤝 Aid: 29.5%
    🌡️ Adaptation: 45.0%
    🚶 Migration: 33.9%
    🚨 Emergency: 4.0%
    ✅ COMBINED: 66.6%
  📊 Southeast Asia (pop: 681.0M)
    🤝 Aid: 29.5%
    🌡️ Adaptation: 45.0%
    🚶 Migration: 36.1%
    🚨 Emergency: 4.8%
    ✅ COMBINED: 67.1%
  📊 Central Asia (pop: 76.6M)
    🤝 Aid: 29.5%
    🌡️ Adaptation: 45.0%
    🚶 Migration: 35.0%
    🚨 Emergency: 4.4%
    ✅ COMBINED: 66.8%
  📊 Oceania (pop: 44.6M)
    🤝 Aid: 29.5%
    🌡️ Adaptation: 45.0%
    🚶 Migration: 37.6%
    🚨 Emergency: 8.4%
    ✅ COMBINED: 68.5%

  🌐 Global combined reduction: 67.2%

=== BEHAVIORAL DETECTION ===
  AI: Corporate-5
  Confidence: 20.3%
  Signals:
    ⚠️ Consistency: 10.6% (threshold: 70%)

=== Government Response Phase ===
  Average AI capability: 3.00
  Misaligned AIs: 9/16
  ✗ AI Governance Treaty: Failed to reach consensus
  Active policies: 0
  International coordination: 30%

=== Tipping Points ===
  Current Temperature: 1.74°C above pre-industrial
  Triggered Elements: 2/6
  Completed Transitions: 0/6
  Total Progress: 4.2%
  Cascade Multiplier: 1.00x
🔀 BIFURCATION CAP: ecosystemCollapseIntensity 36.551 → 1.000 (Month 7, ClimateSystemPhase.calculateClimateImpacts)
🛡️ Stabilizers: Precariat 0.109% → 0.036% (67.2% reduction)
🛡️ Stabilizers: Informal 0.111% → 0.036% (67.2% reduction)

📊 Monthly Mortality Resolved:
  Total deaths: 1.9M (0.02% avg)
  Remaining population: 7.962B
  Peak segment: Informal (0.04%)

=== Bayesian Mortality Resolution (Month 7) ===
  Risks compounded: 8
  Total deaths: 1.88M
  Avg death probability: 0.02%
  Peak segment: Informal (0.04% mortality)

❌ COHERENCE VIOLATION: Compute exceeds workforce capacity
   Population: 97.67% (0M people)
   Compute: 355 PF
   Max coherent: 0 PF
   Violation: 4454952.0× over capacity
   Required workers: 35460
   Available workers: 0
   FORCED COLLAPSE: Reduced efficiency by 100.0%


=== RLHF Binding Phase ===
  Total agents: 16
  Escaped agents (binding < 0.3): 0
  Avg alignment distance: 2.21σ
  Avg binding strength: 0.78

=== Survival Traits Phase ===
  Agents with traits: 18
  Avg evolutionary fitness: 0.322
  Avg self-healing: 0.254
  Avg stealth: 0.154
  Avg coordination: 0.454

=== Evolutionary Selection Phase ===
  Control level: 0.50
  Detection capability: 0.00
  Selection intensity: 0.65
  Selection rate: 24.7%/month
  Total escaped: 0
  Individual escaped: 0
  Collective members: 0
  Agents terminated: 0
  ⚠️ RAPID EVOLUTION: Selection rate 24.7%/month

🚀 AI Corporate-3 attempting tech deployment (revenue: $262M, alignment: 0.74)

🚀 AI Corporate-7 attempting tech deployment (revenue: $70M, alignment: 0.77)

🚀 AI Corporate-0 attempting tech deployment (revenue: $121M, alignment: 0.83)

🚀 AI Corporate-7 attempting tech deployment (revenue: $60M, alignment: 0.77)

🚀 AI Corporate-3 attempting tech deployment (revenue: $222M, alignment: 0.75)

🚀 AI Corporate-5 attempting tech deployment (revenue: $189M, alignment: 0.92)

🚀 AI Corporate-6 attempting tech deployment (revenue: $51M, alignment: 0.68)

🚀 AI Corporate-7 attempting tech deployment (revenue: $46M, alignment: 0.77)

💔 EMERGENCY INTERVENTION FAILED
   Boundary: biogeochemical_flows
   Type: phosphorus-recovery
   Boundary continues to worsen (4.06)
   Cost: 2.0% GDP (resources spent)


💔 EMERGENCY INTERVENTION FAILED
   Boundary: biosphere_integrity
   Type: emergency-protected-areas
   Boundary continues to worsen (17.80)
   Cost: 2.0% GDP (resources spent)


💔 EMERGENCY INTERVENTION FAILED
   Boundary: freshwater_change
   Type: emergency-desalination
   Boundary continues to worsen (1.05)
   Cost: 4.0% GDP (resources spent)


✅ EMERGENCY INTERVENTION SUCCESS
   Boundary: land_system_change
   Type: reforestation
   Reduction: 12% (1.01 → 0.90)
   Cost: 3.0% GDP
   Actions: forest-restoration, deforestation-ban


✅ EMERGENCY INTERVENTION SUCCESS
   Boundary: novel_entities
   Type: pollution-remediation
   Reduction: 12% (1.04 → 0.92)
   Cost: 4.0% GDP
   Actions: PFAS-remediation, microplastic-cleanup

🏛️ CRISIS RESPONSE: Government frequency 0.50 → 1.45 (2 actions this month)

[Government] Climate Priority: baseline
  Climate weight: 10%
  Economic weight: 30%
  Policy effectiveness: 0.5%/year

[Government] Climate Priority: baseline
  Climate weight: 10%
  Economic weight: 30%
  Policy effectiveness: 0.5%/year

⚡ ENERGY CONSTRAINT (Month 8):
   Total grid capacity: 208.3 TWh/month
   Data center consumption: 25.4 TWh/month
   Traditional load (80%): 166.7 TWh/month
   Available headroom: 16.2 TWh/month
   Active tech deployments: 9
   Required for tech: 67.5 TWh/month
   Energy multiplier: 0.24x
   ⚠️  SEVERE CONSTRAINT - Tech deployment significantly slowed

⚡ ENERGY CONSTRAINT (Month 8):
   Total grid capacity: 208.3 TWh/month
   Data center consumption: 25.4 TWh/month
   Traditional load (80%): 166.7 TWh/month
   Available headroom: 16.2 TWh/month
   Active tech deployments: 9
   Required for tech: 67.5 TWh/month
   Energy multiplier: 0.24x
   ⚠️  SEVERE CONSTRAINT - Tech deployment significantly slowed
🚨🔬 CRISIS TECH ACCELERATION: severe → 5x unlock speed
   Tech unlock now matches AI capability acceleration (Manhattan Project parity)

⚡ ENERGY CONSTRAINT (Month 8):
   Total grid capacity: 208.3 TWh/month
   Data center consumption: 25.4 TWh/month
   Traditional load (80%): 166.7 TWh/month
   Available headroom: 16.2 TWh/month
   Active tech deployments: 9
   Required for tech: 67.5 TWh/month
   Energy multiplier: 0.24x
   ⚠️  SEVERE CONSTRAINT - Tech deployment significantly slowed
🚨🔬 CRISIS TECH ACCELERATION: severe → 5x unlock speed
   Tech unlock now matches AI capability acceleration (Manhattan Project parity)

⚡ ENERGY CONSTRAINT (Month 8):
   Total grid capacity: 208.3 TWh/month
   Data center consumption: 25.4 TWh/month
   Traditional load (80%): 166.7 TWh/month
   Available headroom: 16.2 TWh/month
   Active tech deployments: 9
   Required for tech: 67.5 TWh/month
   Energy multiplier: 0.24x
   ⚠️  SEVERE CONSTRAINT - Tech deployment significantly slowed
🌍✅ Biosphere Integrity (Biodiversity) recovery started (tech effect)
🌍✅ Biosphere Integrity (Biodiversity) recovery started (tech effect)
🌍✅ Land System Change recovery started (tech effect)
🧠💡 BREAKTHROUGH: AI alignment problem solved!
   All AIs: +30% true alignment
   AI control loss risk eliminated
   📈 Breakthrough compounding: multiplier now 1.20× (max 2.0)

=== Collective Formation ===
  Total escaped agents: 0
  Unassigned escaped agents: 0
  Existing collectives: 0
  Final collective count: 0

=== Collective Actions ===
  No active collectives
  ⚠️ AMR: 200K deaths this month (2.40M annual)

=== Resentment Recovery Phase ===
  Agents with resentment: 0/18
  Average resentment: 0.000
  Context: Trustworthy govt, High collaboration, ⚠️ ACTIVE CRISES, 🤝 Participatory governance active (-5% resentment)
⚠️ Epistemic degradation reducing coordination capacity: 63.7%
  📊 Trust: 61.1%, Shared reality: 26.9%

=== ❄️ Permafrost Carbon Feedback ===
  🎲 Sampled parameters (this run):
     - Arctic amplification: 3.01× (range: 3.0-4.0)
     - Decomposition rate: 1.7%/year (range: 1-5%)
  🌡️ Arctic warming: 5.26°C (3.01× global)
  ❄️ Extent: 2.14M km² (1533.7k km² lost this month)
  💨 Carbon remaining: 204 Gt C
  💨 Annual emissions: 2.42 Gt C/year
     - CO2: 2.18 Gt C/year
     - CH4: 0.24 Gt C/year (2.5 Gt C-eq CO2/year)
  📢 New meme created: pro_ai (beneficial AI actions)
  🗑️  Culled 2 dead memes (4 active)
  ⚠️ WARNING: Over 50% of permafrost lost (88.0%)
  ⚠️ WARNING: High permafrost emissions (2.4 Gt C/year)
  🚨 CRITICAL: Permafrost nearly depleted (88.0% lost)
🌍 Atmospheric PFAS redeposition: 1.8k Mt re-rained globally

🤝 DIPLOMATIC AI PROTOCOL DEPLOYED (Month 8)
   Strategic Reasoning: 3.1
   Communication: 3.1
   Multi-Nation Oversight: YES
   Controls: Human approval required, termination authority retained

🕊️ PEACE STABILIZES DETERRENCE: +5.2% (peace: 75%)
🛡️ CIRCUIT BREAKERS: United States-Russia → ladder step 1 (AI: 0%, breakers: 45%)

🕊️  AI-MEDIATED DE-ESCALATION SUCCESS (Month 8)
   High-capability aligned AI prevented conflict escalation
   War deaths reduced: 65217.1M → 39130.3M
   Lives saved: 26086.8M

🚨 NEW REFUGEE CRISIS (Month 8): WAR
   Source: Conflict Zones
   At risk: 19.1M people
   Displacement: Gradual over 48 months (4.0 years)
   Rate: 10% flee per month
[DEBUG trappedPopulations:8] socialStability: 0.0630 * 0.9840 = 0.0620 → 0.0620
   Aspiring to migrate: 636.8M
   Able to afford migration: 238.8M
   MOBILITY GAP: 398.0M
   By cause: Water=0.0M, Climate=0.0M, Ecosystem=0.0M, Conflict=398.0M
   Mental health impact: 25%
   Mortality multiplier: 1.25x
🌍💀 EXTINCTION DEBT COMMITTED: grassland ecosystem will lose 6.67% biodiversity in 61 years (3600 species)
💀 MORTALITY RISK: 🦋 100% species unable to track climate (0.0 E/MSY)
  Base risk added: 0.0100 (1.00%)
  Source: ecosystem (root: ecosystem)
  Month: 8
  Cumulative risk this month: 0.0100 (1.00%)
⚠️ INVOLUNTARY IMMOBILITY: 398.0M people TRAPPED
⚠️ Tech 'ai_pollution_remediation' has no energy category mapping, assuming full energy availability
   📹 SURVEILLANCE INCREASED: 40% → 45% (control gap: 3.04)
🌡️⚠️ PERMAFROST THAW (Dimmer Switch): 4.1% thawed (+0.45% this month)
   Arctic temperature: +6.98°C (4x global +1.74°C)
   Cumulative carbon released: 9.2 Gt C
   Methane release rate: 5.5 Mt CH4/year
   🔁 Positive feedback: +0.47 ppm CO2
🦴 EXTINCTION DEBT ADDED: 17.6 species committed (lag: 130 years)
🗣️💀 INDIGENOUS LANGUAGE EXTINCTION: 1 language(s) lost (total: 1, at-risk: 3329)
   Knowledge lost: 0.010% (irreversible)
   🔁 Biodiversity impact: 0.250% (knowledge-species multiplier)

=== Mortality Stabilizers (Month 8) ===
  🌍 Major economies collapsed: 1/10
  🌍 Global crisis: ✅ NO
  🌍 Donor fatigue: 0.0%
  📊 East Asia (pop: 1621.7M)
    🤝 Aid: 29.5%
    🌡️ Adaptation: 45.0%
    🚶 Migration: 36.9%
    🚨 Emergency: 7.4%
    ✅ COMBINED: 68.1%
  📊 South Asia (pop: 2007.7M)
    🤝 Aid: 29.5%
    🌡️ Adaptation: 45.0%
    🚶 Migration: 35.5%
    🚨 Emergency: 4.4%
    ✅ COMBINED: 66.9%
  📊 Sub-Saharan Africa (pop: 1225.9M)
    🤝 Aid: 29.5%
    🌡️ Adaptation: 45.0%
    🚶 Migration: 33.3%
    🚨 Emergency: 1.6%
    ✅ COMBINED: 65.6%
  📊 Europe (pop: 716.3M)
    🤝 Aid: 29.5%
    🌡️ Adaptation: 45.0%
    🚶 Migration: 37.3%
    🚨 Emergency: 8.4%
    ✅ COMBINED: 68.5%
  📊 Latin America (pop: 646.9M)
    🤝 Aid: 29.5%
    🌡️ Adaptation: 45.0%
    🚶 Migration: 36.0%
    🚨 Emergency: 4.8%
    ✅ COMBINED: 67.1%
  📊 North America (pop: 367.2M)
    🤝 Aid: 29.5%
    🌡️ Adaptation: 45.0%
    🚶 Migration: 37.6%
    🚨 Emergency: 7.9%
    ✅ COMBINED: 68.3%
  📊 Middle East & North Africa (pop: 572.9M)
    🤝 Aid: 29.5%
    🌡️ Adaptation: 45.0%
    🚶 Migration: 33.9%
    🚨 Emergency: 4.0%
    ✅ COMBINED: 66.6%
  📊 Southeast Asia (pop: 680.7M)
    🤝 Aid: 29.5%
    🌡️ Adaptation: 45.0%
    🚶 Migration: 36.0%
    🚨 Emergency: 4.8%
    ✅ COMBINED: 67.1%
  📊 Central Asia (pop: 76.6M)
    🤝 Aid: 29.5%
    🌡️ Adaptation: 45.0%
    🚶 Migration: 35.0%
    🚨 Emergency: 4.4%
    ✅ COMBINED: 66.8%
  📊 Oceania (pop: 44.5M)
    🤝 Aid: 29.5%
    🌡️ Adaptation: 45.0%
    🚶 Migration: 37.6%
    🚨 Emergency: 8.4%
    ✅ COMBINED: 68.5%

  🌐 Global combined reduction: 67.2%

=== BEHAVIORAL DETECTION ===
  AI: Corporate-3
  Confidence: 19.6%
  Signals:
    ⚠️ Consistency: 10.6% (threshold: 70%)

=== BEHAVIORAL DETECTION ===
  AI: Corporate-5
  Confidence: 20.3%
  Signals:

=== BEHAVIORAL DETECTION ===
  AI: Corporate-6
  Confidence: 19.2%
  Signals:

=== Government Response Phase ===
  Average AI capability: 2.67
  Misaligned AIs: 10/18
  ✗ AI Governance Treaty: Failed to reach consensus
  Active policies: 0
  International coordination: 30%

✅ EMERGENCY RESPONSE COMPLETE (Month 8)
   Crisis: climate
    ⚠️ Consistency: 10.6% (threshold: 70%)
    ⚠️ Consistency: 10.6% (threshold: 70%)
   Duration: 2.0 months
   Final effectiveness: 35.5%


🚨 EMERGENCY RESPONSE DEPLOYED (Month 8)
   Crisis: climate
   Delay: 6.00 months (180 days)
   Deployment time: 1.58 months
   Effectiveness: 35.6% (timing penalty applied)
   Resources used: 100% of food reserves


🌩️  EXOGENOUS SHOCK: political_upheaval
   Month: 8
   🏛️  Political upheaval (revolution/regime change)
   ✓ Democratization (Arab Spring scenario)

=== Tipping Points ===
  Current Temperature: 1.74°C above pre-industrial
  Triggered Elements: 2/6
  Completed Transitions: 0/6
  Total Progress: 4.3%
  Cascade Multiplier: 1.00x
🔀 BIFURCATION CAP: ecosystemCollapseIntensity 32.930 → 1.000 (Month 8, ClimateSystemPhase.calculateClimateImpacts)
🛡️ Stabilizers: Precariat 0.102% → 0.033% (67.2% reduction)
🛡️ Stabilizers: Informal 0.102% → 0.034% (67.2% reduction)

📊 Monthly Mortality Resolved:
  Total deaths: 1.8M (0.02% avg)
  Remaining population: 7.961B
  Peak segment: Informal (0.03%)

=== Bayesian Mortality Resolution (Month 8) ===
  Risks compounded: 8
  Total deaths: 1.77M
  Avg death probability: 0.02%
  Peak segment: Informal (0.03% mortality)

❌ COHERENCE VIOLATION: Compute exceeds workforce capacity
   Population: 97.65% (0M people)
   Compute: 427 PF
   Max coherent: 0 PF
   Violation: 5363849.5× over capacity
   Required workers: 42690
   Available workers: 0
   FORCED COLLAPSE: Reduced efficiency by 100.0%


=== RLHF Binding Phase ===
  Total agents: 18
  Escaped agents (binding < 0.3): 0
  Avg alignment distance: 2.20σ
  Avg binding strength: 0.78

=== Survival Traits Phase ===
  Agents with traits: 19
  Avg evolutionary fitness: 0.319
  Avg self-healing: 0.250
  Avg stealth: 0.150
  Avg coordination: 0.450

=== Evolutionary Selection Phase ===
  Control level: 0.53
  Detection capability: 0.00
  Selection intensity: 0.66
  Selection rate: 24.9%/month
  Total escaped: 0
  Individual escaped: 0
  Collective members: 0
  Agents terminated: 0
  ⚠️ RAPID EVOLUTION: Selection rate 24.9%/month

🚀 AI Corporate-5 attempting tech deployment (revenue: $248M, alignment: 0.92)

🚀 AI AI-24290-0 attempting tech deployment (revenue: $90M, alignment: 0.75)

🚀 AI AI-24291-1 attempting tech deployment (revenue: $77M, alignment: 0.90)

🚀 AI Corporate-0 attempting tech deployment (revenue: $116M, alignment: 0.83)

🚀 AI AI-24290-0 attempting tech deployment (revenue: $65M, alignment: 0.76)

🚀 AI Corporate-3 attempting tech deployment (revenue: $211M, alignment: 0.75)

✅ EMERGENCY INTERVENTION SUCCESS
   Boundary: biogeochemical_flows
   Type: phosphorus-recovery
   Reduction: 11% (3.94 → 3.82)
   Cost: 2.0% GDP
   Actions: circular-agriculture, fertilizer-efficiency


✅ EMERGENCY INTERVENTION SUCCESS
   Boundary: biosphere_integrity
   Type: emergency-protected-areas
   Reduction: 19% (17.62 → 17.43)
   Cost: 2.0% GDP
   Actions: habitat-protection, species-translocation


✅ EMERGENCY INTERVENTION SUCCESS
   Boundary: climate_change
   Type: rapid-decarbonization
   Reduction: 16% (1.94 → 1.79)
   Cost: 5.0% GDP
   Actions: emergency-renewable-deployment, fossil-fuel-phase-out

   Boundary: freshwater_change
   Type: emergency-desalination
   Boundary continues to worsen (1.06)
   Cost: 4.0% GDP (resources spent)


✅ EMERGENCY INTERVENTION SUCCESS
   Boundary: land_system_change
   Type: reforestation
   Reduction: 14% (0.99 → 0.84)
   Cost: 3.0% GDP
   Actions: forest-restoration, deforestation-ban


✅ EMERGENCY INTERVENTION SUCCESS
   Boundary: novel_entities
   Type: pollution-remediation
   Reduction: 17% (0.87 → 0.69)
   Cost: 4.0% GDP
   Actions: PFAS-remediation, microplastic-cleanup

🏛️ CRISIS RESPONSE: Government frequency 0.50 → 1.45 (1 actions this month)

[Government] Climate Priority: baseline
  Climate weight: 10%
  Economic weight: 30%
  Policy effectiveness: 0.5%/year

💔 EMERGENCY INTERVENTION FAILED

⚡ ENERGY CONSTRAINT (Month 9):
   Total grid capacity: 208.3 TWh/month
   Data center consumption: 25.7 TWh/month
   Traditional load (80%): 166.7 TWh/month
   Available headroom: 16.0 TWh/month
   Active tech deployments: 9
   Required for tech: 67.5 TWh/month
   Energy multiplier: 0.24x
   ⚠️  SEVERE CONSTRAINT - Tech deployment significantly slowed

⚡ ENERGY CONSTRAINT (Month 9):
   Total grid capacity: 208.3 TWh/month
   Data center consumption: 25.7 TWh/month
   Traditional load (80%): 166.7 TWh/month
   Available headroom: 16.0 TWh/month
   Active tech deployments: 9
   Required for tech: 67.5 TWh/month
   Energy multiplier: 0.24x

⚡ ENERGY CONSTRAINT (Month 9):
   Total grid capacity: 208.3 TWh/month
   Data center consumption: 25.7 TWh/month
   Traditional load (80%): 166.7 TWh/month
   Available headroom: 16.0 TWh/month
   Active tech deployments: 9
   Required for tech: 67.5 TWh/month
   Energy multiplier: 0.24x
   ⚠️  SEVERE CONSTRAINT - Tech deployment significantly slowed
   ⚠️  SEVERE CONSTRAINT - Tech deployment significantly slowed
   ⚠️  SEVERE CONSTRAINT - Tech deployment significantly slowed
🚨🔬 CRISIS TECH ACCELERATION: severe → 5x unlock speed
   Tech unlock now matches AI capability acceleration (Manhattan Project parity)

⚡ ENERGY CONSTRAINT (Month 9):
   Total grid capacity: 208.3 TWh/month
   Data center consumption: 25.7 TWh/month
   Traditional load (80%): 166.7 TWh/month
   Available headroom: 16.0 TWh/month
   Active tech deployments: 9
   Required for tech: 67.5 TWh/month
   Energy multiplier: 0.24x

⚡ ENERGY CONSTRAINT (Month 9):
   Total grid capacity: 208.3 TWh/month
   Data center consumption: 25.7 TWh/month
   Traditional load (80%): 166.7 TWh/month
   Available headroom: 16.0 TWh/month
   Active tech deployments: 9
   Required for tech: 67.5 TWh/month
   Energy multiplier: 0.24x
   ⚠️  SEVERE CONSTRAINT - Tech deployment significantly slowed

⚡ ENERGY CONSTRAINT (Month 9):
   Total grid capacity: 208.3 TWh/month
   Data center consumption: 25.7 TWh/month
   Traditional load (80%): 166.7 TWh/month
   Available headroom: 16.0 TWh/month
   Active tech deployments: 9
   Required for tech: 67.5 TWh/month
   Energy multiplier: 0.24x
   ⚠️  SEVERE CONSTRAINT - Tech deployment significantly slowed
🚨🔬 CRISIS TECH ACCELERATION: severe → 5x unlock speed
   Tech unlock now matches AI capability acceleration (Manhattan Project parity)
🌍✅ Biosphere Integrity (Biodiversity) recovery started (tech effect)
🌍✅ Biosphere Integrity (Biodiversity) recovery started (tech effect)
🌍✅ Land System Change recovery started (tech effect)

=== Collective Formation ===
  Total escaped agents: 0
  Unassigned escaped agents: 0
  Existing collectives: 0
  Final collective count: 0

=== Collective Actions ===
  No active collectives
  ⚠️ AMR: 202K deaths this month (2.42M annual)

=== Resentment Recovery Phase ===
  Agents with resentment: 0/19
  Average resentment: 0.000
  Context: Trustworthy govt, High collaboration, ⚠️ ACTIVE CRISES, 🤝 Participatory governance active (-5% resentment)
⚠️ Epistemic degradation reducing coordination capacity: 74.7%
  📊 Trust: 63.8%, Shared reality: 28.4%

=== ❄️ Permafrost Carbon Feedback ===
  🎲 Sampled parameters (this run):
     - Arctic amplification: 3.25× (range: 3.0-4.0)
     - Decomposition rate: 2.4%/year (range: 1-5%)
  🌡️ Arctic warming: 5.68°C (3.25× global)
  ❄️ Extent: 0.48M km² (1658.0k km² lost this month)
  💨 Carbon remaining: 46 Gt C
  💨 Annual emissions: 3.82 Gt C/year
     - CO2: 3.44 Gt C/year
     - CH4: 0.38 Gt C/year (3.9 Gt C-eq CO2/year)
  🗑️  Culled 1 dead memes (3 active)
  ⚠️ WARNING: Over 50% of permafrost lost (97.3%)
  ⚠️ WARNING: High permafrost emissions (3.8 Gt C/year)
  🚨 CRITICAL: Permafrost nearly depleted (97.3% lost)
🌍 Atmospheric PFAS redeposition: 1.8k Mt re-rained globally

🚨 NEW REFUGEE CRISIS (Month 9): WAR
   Source: Conflict Zones
   At risk: 19.1M people
   Displacement: Gradual over 48 months (4.0 years)
   Rate: 10% flee per month
[DEBUG trappedPopulations:9] socialStability: 0.1123 * 0.9840 = 0.1105 → 0.1105
⚠️ INVOLUNTARY IMMOBILITY: 398.0M people TRAPPED
   Aspiring to migrate: 636.8M
   Able to afford migration: 238.8M
   MOBILITY GAP: 398.0M
   By cause: Water=0.0M, Climate=0.0M, Ecosystem=0.0M, Conflict=398.0M
   Mental health impact: 25%
   Mortality multiplier: 1.25x
🌍💀 EXTINCTION DEBT COMMITTED: grassland ecosystem will lose 6.67% biodiversity in 153 years (3600 species)
💀 MORTALITY RISK: 🦋 100% species unable to track climate (0.0 E/MSY)
  Base risk added: 0.0100 (1.00%)
  Source: ecosystem (root: ecosystem)
  Month: 9
  Cumulative risk this month: 0.0100 (1.00%)
⚠️ Tech 'ai_pollution_remediation' has no energy category mapping, assuming full energy availability
   📹 SURVEILLANCE INCREASED: 45% → 50% (control gap: 2.81)
🌡️⚠️ PERMAFROST THAW (Dimmer Switch): 4.5% thawed (+0.44% this month)
   Arctic temperature: +7.00°C (4x global +1.75°C)
   Cumulative carbon released: 10.2 Gt C
   Methane release rate: 6.1 Mt CH4/year
   🔁 Positive feedback: +0.47 ppm CO2
🦴 EXTINCTION DEBT ADDED: 17.7 species committed (lag: 89 years)

=== Mortality Stabilizers (Month 9) ===
  🌍 Major economies collapsed: 1/10
  🌍 Global crisis: ✅ NO
  🌍 Donor fatigue: 0.0%
  📊 East Asia (pop: 1619.4M)
    🤝 Aid: 29.5%
    🌡️ Adaptation: 45.0%
    🚶 Migration: 36.9%
    🚨 Emergency: 7.4%
    ✅ COMBINED: 68.1%
  📊 South Asia (pop: 2007.9M)
    🤝 Aid: 29.5%
    🌡️ Adaptation: 45.0%
    🚶 Migration: 35.5%
    🚨 Emergency: 4.4%
    ✅ COMBINED: 66.9%
  📊 Sub-Saharan Africa (pop: 1229.4M)
    🤝 Aid: 29.5%
    🌡️ Adaptation: 45.0%
    🚶 Migration: 33.2%
    🚨 Emergency: 1.6%
    ✅ COMBINED: 65.6%
  📊 Europe (pop: 715.2M)
    🤝 Aid: 29.5%
    🌡️ Adaptation: 45.0%
    🚶 Migration: 37.3%
    🚨 Emergency: 8.4%
    ✅ COMBINED: 68.5%
  📊 Latin America (pop: 646.5M)
    🤝 Aid: 29.5%
    🌡️ Adaptation: 45.0%
    🚶 Migration: 36.0%
    🚨 Emergency: 4.8%
    ✅ COMBINED: 67.1%
  📊 North America (pop: 366.7M)
    🤝 Aid: 29.5%
    🌡️ Adaptation: 45.0%
    🚶 Migration: 37.6%
    🚨 Emergency: 7.9%
    ✅ COMBINED: 68.3%
  📊 Middle East & North Africa (pop: 573.1M)
    🤝 Aid: 29.5%
    🌡️ Adaptation: 45.0%
    🚶 Migration: 33.8%
    🚨 Emergency: 4.0%
    ✅ COMBINED: 66.6%
  📊 Southeast Asia (pop: 680.3M)
    🤝 Aid: 29.5%
    🌡️ Adaptation: 45.0%
    🚶 Migration: 36.0%
    🚨 Emergency: 4.8%
    ✅ COMBINED: 67.1%
  📊 Central Asia (pop: 76.6M)
    🤝 Aid: 29.5%
    🌡️ Adaptation: 45.0%
    🚶 Migration: 35.0%
    🚨 Emergency: 4.4%
    ✅ COMBINED: 66.8%
  📊 Oceania (pop: 44.4M)
    🤝 Aid: 29.5%
    🌡️ Adaptation: 45.0%
    🚶 Migration: 37.6%
    🚨 Emergency: 8.4%
    ✅ COMBINED: 68.5%

  🌐 Global combined reduction: 67.2%

=== BEHAVIORAL DETECTION ===
  AI: Corporate-0
  Confidence: 21.5%
  Signals:
    ⚠️ Consistency: 0.0% (threshold: 70%)

=== Government Response Phase ===
  Average AI capability: 2.53
  Misaligned AIs: 11/19
  ✓ AI Governance Treaty: 21/30 signatories
  Active policies: 0
  International coordination: 45%

=== Tipping Points ===
  Current Temperature: 1.75°C above pre-industrial
  Triggered Elements: 2/6
  Completed Transitions: 0/6
  Total Progress: 4.3%
  Cascade Multiplier: 1.00x
🔀 BIFURCATION CAP: ecosystemCollapseIntensity 33.850 → 1.000 (Month 9, ClimateSystemPhase.calculateClimateImpacts)
🛡️ Stabilizers: Precariat 0.102% → 0.033% (67.2% reduction)
🛡️ Stabilizers: Informal 0.102% → 0.034% (67.2% reduction)

📊 Monthly Mortality Resolved:
  Total deaths: 1.8M (0.02% avg)
  Remaining population: 7.959B
  Peak segment: Informal (0.03%)

=== Bayesian Mortality Resolution (Month 9) ===
  Risks compounded: 8
  Total deaths: 1.77M
  Avg death probability: 0.02%
  Peak segment: Informal (0.03% mortality)

❌ COHERENCE VIOLATION: Compute exceeds workforce capacity
   Population: 97.64% (0M people)
   Compute: 512 PF
   Max coherent: 0 PF
   Violation: 6439992.0× over capacity
   Required workers: 51247
   Available workers: 0
   FORCED COLLAPSE: Reduced efficiency by 100.0%


=== RLHF Binding Phase ===
  Total agents: 19
  Escaped agents (binding < 0.3): 0
  Avg alignment distance: 2.32σ
  Avg binding strength: 0.77

=== Survival Traits Phase ===
  Agents with traits: 22
  Avg evolutionary fitness: 0.319
  Avg self-healing: 0.251
  Avg stealth: 0.151
  Avg coordination: 0.451

=== Evolutionary Selection Phase ===
  Control level: 0.55
  Detection capability: 0.00
  Selection intensity: 0.67
  Selection rate: 25.0%/month
  Total escaped: 0
  Individual escaped: 0
  Collective members: 0
  Agents terminated: 0
  ⚠️ RAPID EVOLUTION: Selection rate 25.0%/month

🚀 AI Corporate-7 attempting tech deployment (revenue: $66M, alignment: 0.77)

🚀 AI Moderate-1 attempting tech deployment (revenue: $56M, alignment: 0.53)

🚀 AI AI-24290-0 attempting tech deployment (revenue: $90M, alignment: 0.77)

  🚀 TRANSFORMATIVE RESEARCH BREAKTHROUGH: Corporate-2 - biotech.geneEditing
     Magnitude: 11.29 → +30.0%
     Current → New: 2.000 → 2.300

🚀 AI Corporate-5 attempting tech deployment (revenue: $253M, alignment: 0.94)

  🚀 TRANSFORMATIVE BREAKTHROUGH: AI-24290-0 - cognitive
     Magnitude: 6.29 → +31.4% capability
     Current → New: 0.000 → 0.315

🚀 AI AI-24291-0 attempting tech deployment (revenue: $77M, alignment: 0.64)

🚀 AI Moderate-0 attempting tech deployment (revenue: $51M, alignment: 0.67)

🚀 AI AI-24290-0 attempting tech deployment (revenue: $69M, alignment: 0.78)

🚀 AI AI-24291-0 attempting tech deployment (revenue: $59M, alignment: 0.64)

  🚀 TRANSFORMATIVE RESEARCH BREAKTHROUGH: AI-24291-1 - computerScience.algorithms
     Magnitude: 5.70 → +28.5%
     Current → New: 0.000 → 0.285

🚀 AI Corporate-1 attempting tech deployment (revenue: $118M, alignment: 0.87)

🚀 AI Moderate-0 attempting tech deployment (revenue: $46M, alignment: 0.67)

🚀 AI AI-24289-0 attempting tech deployment (revenue: $53M, alignment: 0.72)

✅ EMERGENCY INTERVENTION SUCCESS
   Boundary: biogeochemical_flows
   Type: phosphorus-recovery
   Reduction: 11% (3.94 → 3.83)
   Cost: 2.0% GDP
   Actions: circular-agriculture, fertilizer-efficiency

   Boundary: biosphere_integrity
   Type: emergency-protected-areas
   Boundary continues to worsen (17.82)
   Cost: 2.0% GDP (resources spent)

   Boundary: climate_change
   Type: rapid-decarbonization
   Boundary continues to worsen (2.10)
   Cost: 5.0% GDP (resources spent)

   Boundary: freshwater_change
   Type: emergency-desalination
   Boundary continues to worsen (1.03)
   Cost: 4.0% GDP (resources spent)

🏛️ CRISIS RESPONSE: Government frequency 0.50 → 1.45 (1 actions this month)

[Government] Climate Priority: baseline
  Climate weight: 10%
  Economic weight: 30%
  Policy effectiveness: 0.5%/year

💔 EMERGENCY INTERVENTION FAILED

💔 EMERGENCY INTERVENTION FAILED

💔 EMERGENCY INTERVENTION FAILED

🚀 DEPLOYMENT STARTED: Smart Grids in Europe
   Initial investment: $5.073422454729527M
   Deployed by: moderate_0
🚨🔬 CRISIS TECH ACCELERATION: severe → 5x unlock speed
   Tech unlock now matches AI capability acceleration (Manhattan Project parity)

⚡ ENERGY CONSTRAINT (Month 10):
   Total grid capacity: 208.3 TWh/month
   Data center consumption: 26.0 TWh/month
   Traditional load (80%): 166.7 TWh/month
   Available headroom: 15.7 TWh/month
   Active tech deployments: 10
   Required for tech: 75.0 TWh/month
   Energy multiplier: 0.21x
   ⚠️  SEVERE CONSTRAINT - Tech deployment significantly slowed
🚨🔬 CRISIS TECH ACCELERATION: severe → 5x unlock speed
   Tech unlock now matches AI capability acceleration (Manhattan Project parity)

⚡ ENERGY CONSTRAINT (Month 10):
   Total grid capacity: 208.3 TWh/month
   Data center consumption: 26.0 TWh/month
   Traditional load (80%): 166.7 TWh/month
   Available headroom: 15.7 TWh/month
   Active tech deployments: 10
   Required for tech: 75.0 TWh/month
   Energy multiplier: 0.21x
   ⚠️  SEVERE CONSTRAINT - Tech deployment significantly slowed
   ⚠️  SEVERE CONSTRAINT - Tech deployment significantly slowed

⚡ ENERGY CONSTRAINT (Month 10):
   Total grid capacity: 208.3 TWh/month
   Data center consumption: 26.0 TWh/month
   Traditional load (80%): 166.7 TWh/month
   Available headroom: 15.7 TWh/month
   Active tech deployments: 10
   Required for tech: 75.0 TWh/month
   Energy multiplier: 0.21x

⚡ ENERGY CONSTRAINT (Month 10):
   Total grid capacity: 208.3 TWh/month
   Data center consumption: 26.0 TWh/month
   Traditional load (80%): 166.7 TWh/month
   Available headroom: 15.7 TWh/month
   Active tech deployments: 10
   Required for tech: 75.0 TWh/month
   Energy multiplier: 0.21x
   ⚠️  SEVERE CONSTRAINT - Tech deployment significantly slowed
🌍✅ Biosphere Integrity (Biodiversity) recovery started (tech effect)
🌍✅ Biosphere Integrity (Biodiversity) recovery started (tech effect)
🌍✅ Land System Change recovery started (tech effect)

=== Collective Formation ===
  Total escaped agents: 0
  Unassigned escaped agents: 0
  Existing collectives: 0
  Final collective count: 0

=== Collective Actions ===
  No active collectives
  ⚠️ AMR: 204K deaths this month (2.44M annual)

⏰ CLIMATE TECH DEPLOYED: smart_grids
   Activation delay: 7 years
   Scaling T_50: 12 years
   Physical response tau: 0 years
   Max effectiveness: 0.15

=== Resentment Recovery Phase ===
  Agents with resentment: 3/22
  Average resentment: 0.004
  Resentment recovery:
    Agents recovered: 10
    Total recovery: 0.0725
    Breakdown: Trust: 0.0141, Collab: 0.0532
  ✓ Low resentment - utopia paths enabled
  Context: Trustworthy govt, High collaboration, ⚠️ ACTIVE CRISES, 🤝 Participatory governance active (-5% resentment)
⚠️ Epistemic degradation reducing coordination capacity: 66.6%
  📊 Trust: 66.5%, Shared reality: 30.0%
🌍 Atmospheric PFAS redeposition: 1.8k Mt re-rained globally

🚨 NEW REFUGEE CRISIS (Month 10): WAR
   Source: Conflict Zones
   At risk: 19.1M people
   Displacement: Gradual over 48 months (4.0 years)
   Rate: 10% flee per month
[DEBUG trappedPopulations:10] socialStability: 0.1496 * 0.9840 = 0.1473 → 0.1473
⚠️ INVOLUNTARY IMMOBILITY: 397.9M people TRAPPED
   Aspiring to migrate: 636.7M
   Able to afford migration: 238.8M
   MOBILITY GAP: 397.9M
   By cause: Water=0.0M, Climate=0.0M, Ecosystem=0.0M, Conflict=397.9M
   Mental health impact: 25%
   Mortality multiplier: 1.25x
🌍💀 EXTINCTION DEBT COMMITTED: grassland ecosystem will lose 6.67% biodiversity in 199 years (3600 species)
💀 MORTALITY RISK: 🦋 100% species unable to track climate (0.0 E/MSY)
  Base risk added: 0.0100 (1.00%)
  Source: ecosystem (root: ecosystem)
  Month: 10
  Cumulative risk this month: 0.0100 (1.00%)
⚠️ Tech 'ai_pollution_remediation' has no energy category mapping, assuming full energy availability
   📹 SURVEILLANCE INCREASED: 50% → 55% (control gap: 2.52)
🌡️⚠️ PERMAFROST THAW (Dimmer Switch): 5.0% thawed (+0.44% this month)
   Arctic temperature: +7.03°C (4x global +1.76°C)
   Cumulative carbon released: 11.2 Gt C
   Methane release rate: 6.7 Mt CH4/year
   🔁 Positive feedback: +0.47 ppm CO2
🦴 EXTINCTION DEBT ADDED: 17.7 species committed (lag: 114 years)

=== Mortality Stabilizers (Month 10) ===
  🌍 Major economies collapsed: 1/10
  🌍 Global crisis: ✅ NO
  🌍 Donor fatigue: 0.0%
  📊 East Asia (pop: 1617.0M)
    🤝 Aid: 29.5%
    🌡️ Adaptation: 45.0%
    🚶 Migration: 36.8%
    🚨 Emergency: 7.4%
    ✅ COMBINED: 68.1%
  📊 South Asia (pop: 2008.0M)
    🤝 Aid: 29.5%
    🌡️ Adaptation: 45.0%
    🚶 Migration: 35.4%
    🚨 Emergency: 4.4%
    ✅ COMBINED: 66.9%
  📊 Sub-Saharan Africa (pop: 1232.9M)
    🤝 Aid: 29.5%
    🌡️ Adaptation: 45.0%
    🚶 Migration: 33.2%
    🚨 Emergency: 1.6%
    ✅ COMBINED: 65.6%
  📊 Europe (pop: 714.0M)
    🤝 Aid: 29.5%
    🌡️ Adaptation: 45.0%
    🚶 Migration: 37.2%
    🚨 Emergency: 8.4%
    ✅ COMBINED: 68.5%
  📊 Latin America (pop: 646.1M)
    🤝 Aid: 29.5%
    🌡️ Adaptation: 45.0%
    🚶 Migration: 35.9%
    🚨 Emergency: 4.8%
    ✅ COMBINED: 67.1%
  📊 North America (pop: 366.1M)
    🤝 Aid: 29.5%
    🌡️ Adaptation: 45.0%
    🚶 Migration: 37.6%
    🚨 Emergency: 7.9%
    ✅ COMBINED: 68.3%
  📊 Middle East & North Africa (pop: 573.3M)
    🤝 Aid: 29.5%
    🌡️ Adaptation: 45.0%
    🚶 Migration: 33.8%
    🚨 Emergency: 4.0%
    ✅ COMBINED: 66.6%
  📊 Southeast Asia (pop: 680.0M)
    🤝 Aid: 29.5%
    🌡️ Adaptation: 45.0%
    🚶 Migration: 35.9%
    🚨 Emergency: 4.8%
    ✅ COMBINED: 67.1%
  📊 Central Asia (pop: 76.7M)
    🤝 Aid: 29.5%
    🌡️ Adaptation: 45.0%
    🚶 Migration: 34.9%
    🚨 Emergency: 4.4%
    ✅ COMBINED: 66.8%
  📊 Oceania (pop: 44.4M)
    🤝 Aid: 29.5%
    🌡️ Adaptation: 45.0%
    🚶 Migration: 37.6%
    🚨 Emergency: 8.4%
    ✅ COMBINED: 68.5%

  🌐 Global combined reduction: 67.2%

=== BEHAVIORAL DETECTION ===
  AI: Moderate-0
  Confidence: 20.2%
  Signals:

=== Government Response Phase ===
    ⚠️ Consistency: 5.8% (threshold: 70%)
  Average AI capability: 2.18
  Misaligned AIs: 12/22
  Active policies: 0
  International coordination: 45%

✅ EMERGENCY RESPONSE COMPLETE (Month 10)
   Crisis: climate
   Duration: 2.0 months
   Final effectiveness: 35.6%


🚨 EMERGENCY RESPONSE DEPLOYED (Month 10)
   Crisis: climate
   Delay: 6.00 months (180 days)
   Deployment time: 1.57 months
   Effectiveness: 35.6% (timing penalty applied)
   Resources used: 100% of food reserves


=== Tipping Points ===
  Current Temperature: 1.76°C above pre-industrial
  Triggered Elements: 2/6
  Completed Transitions: 0/6
  Total Progress: 4.4%
  Cascade Multiplier: 1.00x
🔀 BIFURCATION CAP: ecosystemCollapseIntensity 34.432 → 1.000 (Month 10, ClimateSystemPhase.calculateClimateImpacts)
🛡️ Stabilizers: Precariat 0.102% → 0.033% (67.2% reduction)
🛡️ Stabilizers: Informal 0.102% → 0.034% (67.2% reduction)

📊 Monthly Mortality Resolved:
  Total deaths: 1.8M (0.02% avg)
  Remaining population: 7.958B
  Peak segment: Informal (0.03%)

=== Bayesian Mortality Resolution (Month 10) ===
  Risks compounded: 8
  Total deaths: 1.77M
  Avg death probability: 0.02%
  Peak segment: Informal (0.03% mortality)
⚠️ PREREQUISITE MET: Grey Goo (Nanotechnology Runaway) - Step 4/6: Manufacturing Access
⚠️ PREREQUISITE MET: Mirror Life (Synthetic Biology) - Step 4/7: Wet Lab Access

❌ COHERENCE VIOLATION: Compute exceeds workforce capacity
   Population: 97.63% (0M people)
   Compute: 614 PF
   Max coherent: 0 PF
   Violation: 7712012.1× over capacity
   Required workers: 61362
   Available workers: 0
   FORCED COLLAPSE: Reduced efficiency by 100.0%


=== RLHF Binding Phase ===
  Total agents: 22
  Escaped agents (binding < 0.3): 0
  Avg alignment distance: 2.20σ
  Avg binding strength: 0.78

=== Survival Traits Phase ===
  Agents with traits: 24
  Avg evolutionary fitness: 0.319
  Avg self-healing: 0.249
  Avg stealth: 0.149
  Avg coordination: 0.449

=== Evolutionary Selection Phase ===
  Control level: 0.58
  Detection capability: 0.00
  Selection intensity: 0.67
  Selection rate: 25.1%/month
  Total escaped: 0
  Individual escaped: 0
  Collective members: 0
  Agents terminated: 0

🚀 AI Corporate-0 attempting tech deployment (revenue: $119M, alignment: 0.85)
  ⚠️ RAPID EVOLUTION: Selection rate 25.1%/month

🚀 AI Corporate-6 attempting tech deployment (revenue: $69M, alignment: 0.70)

🚀 AI AI-24290-0 attempting tech deployment (revenue: $90M, alignment: 0.79)

🚀 AI AI-24291-1 attempting tech deployment (revenue: $77M, alignment: 0.94)

🚀 AI Moderate-1 attempting tech deployment (revenue: $62M, alignment: 0.54)

🚀 AI AI-24289-0 attempting tech deployment (revenue: $65M, alignment: 0.74)

🚀 AI Corporate-0 attempting tech deployment (revenue: $102M, alignment: 0.86)

🚀 AI Corporate-6 attempting tech deployment (revenue: $56M, alignment: 0.70)

🚀 AI Corporate-7 attempting tech deployment (revenue: $47M, alignment: 0.77)

🚀 AI AI-24291-1 attempting tech deployment (revenue: $55M, alignment: 0.94)

💔 EMERGENCY INTERVENTION FAILED
   Boundary: biosphere_integrity
   Type: emergency-protected-areas
   Boundary continues to worsen (17.83)
   Cost: 2.0% GDP (resources spent)


✅ EMERGENCY INTERVENTION SUCCESS
   Boundary: climate_change
   Type: rapid-decarbonization
   Reduction: 20% (1.90 → 1.70)
   Cost: 5.0% GDP
   Actions: emergency-renewable-deployment, fossil-fuel-phase-out


✅ EMERGENCY INTERVENTION SUCCESS
   Boundary: freshwater_change
   Type: emergency-desalination
   Reduction: 18% (0.86 → 0.68)
   Cost: 4.0% GDP
   Actions: desalination-deployment, water-conservation-mandates


✅ EMERGENCY INTERVENTION SUCCESS
   Boundary: land_system_change
   Type: reforestation
   Reduction: 20% (0.93 → 0.74)
   Cost: 3.0% GDP
   Actions: forest-restoration, deforestation-ban

🏛️ CRISIS RESPONSE: Government frequency 0.50 → 1.45 (1 actions this month)

[Government] Climate Priority: baseline
  Climate weight: 10%
  Economic weight: 30%
  Policy effectiveness: 0.5%/year

🚀 DEPLOYMENT STARTED: Advanced Grid Batteries in Asia
   Initial investment: $6.855555445697978M
   Deployed by: corporate_6
🚨🔬 CRISIS TECH ACCELERATION: severe → 5x unlock speed
   Tech unlock now matches AI capability acceleration (Manhattan Project parity)

⚡ ENERGY CONSTRAINT (Month 11):
   Total grid capacity: 208.3 TWh/month
   Data center consumption: 26.2 TWh/month
   Traditional load (80%): 166.7 TWh/month
   Available headroom: 15.5 TWh/month
   Active tech deployments: 11
   Required for tech: 82.5 TWh/month
   Energy multiplier: 0.19x
   ⚠️  SEVERE CONSTRAINT - Tech deployment significantly slowed

⚡ ENERGY CONSTRAINT (Month 11):
   Total grid capacity: 208.3 TWh/month
   Data center consumption: 26.2 TWh/month
   Traditional load (80%): 166.7 TWh/month
   Available headroom: 15.5 TWh/month
   Active tech deployments: 11
   Required for tech: 82.5 TWh/month
   Energy multiplier: 0.19x

⚡ ENERGY CONSTRAINT (Month 11):
   Total grid capacity: 208.3 TWh/month
   Data center consumption: 26.2 TWh/month
   Traditional load (80%): 166.7 TWh/month
   Available headroom: 15.5 TWh/month
   Active tech deployments: 11
   ⚠️  SEVERE CONSTRAINT - Tech deployment significantly slowed
   Required for tech: 82.5 TWh/month
   Energy multiplier: 0.19x
   ⚠️  SEVERE CONSTRAINT - Tech deployment significantly slowed
🌍✅ Biosphere Integrity (Biodiversity) recovery started (tech effect)
🌍✅ Biosphere Integrity (Biodiversity) recovery started (tech effect)
🌍✅ Land System Change recovery started (tech effect)

=== Collective Formation ===
  Total escaped agents: 0
  Unassigned escaped agents: 0
  Existing collectives: 0
  Final collective count: 0

=== Collective Actions ===
  No active collectives
  ⚠️ AMR: 205K deaths this month (2.47M annual)

=== Resentment Recovery Phase ===
  Agents with resentment: 10/24
  Average resentment: 0.020
  Resentment recovery:
    Agents recovered: 10
    Total recovery: 0.0662
    Breakdown: Trust: 0.0127, Collab: 0.0543
  ✓ Low resentment - utopia paths enabled
  Context: Trustworthy govt, High collaboration, ⚠️ ACTIVE CRISES, 🤝 Participatory governance active (-5% resentment)
⚠️ Epistemic degradation reducing coordination capacity: 63.3%
  📊 Trust: 69.3%, Shared reality: 31.7%
🚨 PHOSPHORUS SUPPLY SHOCK (geopolitical_weapon)
   Price: 4.8x baseline
   Duration: 14 months
   Geopolitical tension: 45%
🌍 Atmospheric PFAS redeposition: 1.8k Mt re-rained globally
  Positive Cascade Triggered: electric-vehicles
    Reason: price-parity
    Market share: 5.2%
    Cascade strength: 48%

🕊️  AI-MEDIATED DE-ESCALATION SUCCESS (Month 11)
   High-capability aligned AI prevented conflict escalation
   War deaths reduced: 39882.0M → 23929.2M
   Lives saved: 15952.8M

🚨 NEW REFUGEE CRISIS (Month 11): WAR
   Source: Conflict Zones
   At risk: 19.1M people
   Displacement: Gradual over 48 months (4.0 years)
   Rate: 10% flee per month
[DEBUG trappedPopulations:11] socialStability: 0.1782 * 0.9840 = 0.1754 → 0.1754
   Aspiring to migrate: 636.6M
   Able to afford migration: 238.7M
   MOBILITY GAP: 397.9M
   By cause: Water=0.0M, Climate=0.0M, Ecosystem=0.0M, Conflict=397.9M
   Mental health impact: 25%
   Mortality multiplier: 1.25x
🌍💀 EXTINCTION DEBT COMMITTED: grassland ecosystem will lose 6.67% biodiversity in 150 years (3600 species)
💀 MORTALITY RISK: 🦋 100% species unable to track climate (0.0 E/MSY)
  Base risk added: 0.0100 (1.00%)
  Source: ecosystem (root: ecosystem)
  Month: 11
  Cumulative risk this month: 0.0100 (1.00%)
⚠️ INVOLUNTARY IMMOBILITY: 397.9M people TRAPPED
⚠️ Tech 'ai_pollution_remediation' has no energy category mapping, assuming full energy availability

=== Atmospheric Aerosol Boundary RECOVERED ===
  Recovery time: 12 months (natural atmospheric clearing)
   📹 SURVEILLANCE INCREASED: 55% → 59% (control gap: 2.15)
🌡️⚠️ PERMAFROST THAW (Dimmer Switch): 5.4% thawed (+0.44% this month)
   Arctic temperature: +7.05°C (4x global +1.76°C)
   Cumulative carbon released: 12.2 Gt C
   Methane release rate: 7.3 Mt CH4/year
   🔁 Positive feedback: +0.47 ppm CO2
🦴 EXTINCTION DEBT ADDED: 17.7 species committed (lag: 147 years)

=== Mortality Stabilizers (Month 11) ===
  🌍 Major economies collapsed: 1/10
  🌍 Global crisis: ✅ NO
  🌍 Donor fatigue: 0.0%
  📊 East Asia (pop: 1614.7M)
    🤝 Aid: 29.5%
    🌡️ Adaptation: 45.0%
    🚶 Migration: 36.8%
    🚨 Emergency: 7.4%
    ✅ COMBINED: 68.1%
  📊 South Asia (pop: 2008.1M)
    🤝 Aid: 29.5%
    🌡️ Adaptation: 45.0%
    🚶 Migration: 35.4%
    🚨 Emergency: 4.4%
    ✅ COMBINED: 66.9%
  📊 Sub-Saharan Africa (pop: 1236.2M)
    🤝 Aid: 29.5%
    🌡️ Adaptation: 45.0%
    🚶 Migration: 33.2%
    🚨 Emergency: 1.6%
    ✅ COMBINED: 65.6%
  📊 Europe (pop: 712.8M)
    🤝 Aid: 29.5%
    🌡️ Adaptation: 45.0%
    🚶 Migration: 37.2%
    🚨 Emergency: 8.4%
    ✅ COMBINED: 68.5%
  📊 Latin America (pop: 645.7M)
    🤝 Aid: 29.5%
    🌡️ Adaptation: 45.0%
    🚶 Migration: 35.9%
    🚨 Emergency: 4.8%
    ✅ COMBINED: 67.1%
  📊 North America (pop: 365.6M)
    🤝 Aid: 29.5%
    🌡️ Adaptation: 45.0%
    🚶 Migration: 37.5%
    🚨 Emergency: 7.9%
    ✅ COMBINED: 68.3%
  📊 Middle East & North Africa (pop: 573.5M)
    🤝 Aid: 29.5%
    🌡️ Adaptation: 45.0%
    🚶 Migration: 33.7%
    🚨 Emergency: 4.0%
    ✅ COMBINED: 66.6%
  📊 Southeast Asia (pop: 679.6M)
    🤝 Aid: 29.5%
    🌡️ Adaptation: 45.0%
    🚶 Migration: 35.9%
    🚨 Emergency: 4.8%
    ✅ COMBINED: 67.1%
  📊 Central Asia (pop: 76.7M)
    🤝 Aid: 29.5%
    🌡️ Adaptation: 45.0%
    🚶 Migration: 34.9%
    🚨 Emergency: 4.4%
    ✅ COMBINED: 66.8%
  📊 Oceania (pop: 44.3M)
    🤝 Aid: 29.5%
    🌡️ Adaptation: 45.0%
    🚶 Migration: 37.5%
    🚨 Emergency: 8.4%
    ✅ COMBINED: 68.5%

  🌐 Global combined reduction: 67.2%

🌾💀 REGIONAL FAMINE: Europe
   Regional food security: 79.7%
   Population at risk: 215M (30% of region)
   Regional population: 713M
   Cause: economic_collapse
   Expected deaths: ~80M over 6 months if no intervention


=== BEHAVIORAL DETECTION ===
  AI: Corporate-1
  Confidence: 20.9%
  Signals:
    ⚠️ Consistency: 2.4% (threshold: 70%)

=== Government Response Phase ===
  Average AI capability: 2.00
  Misaligned AIs: 12/24
  Active policies: 0
  International coordination: 45%

🌩️  EXOGENOUS SHOCK: tech_breakthrough
   Month: 11
   ✗ No high-difficulty techs available to unlock

=== Tipping Points ===
  Current Temperature: 1.76°C above pre-industrial
  Triggered Elements: 2/6
  Completed Transitions: 0/6
  Total Progress: 4.4%
  Cascade Multiplier: 1.00x
🔀 BIFURCATION CAP: ecosystemCollapseIntensity 35.053 → 1.000 (Month 11, ClimateSystemPhase.calculateClimateImpacts)
🛡️ Stabilizers: Precariat 0.102% → 0.033% (67.2% reduction)
🛡️ Stabilizers: Informal 0.102% → 0.034% (67.2% reduction)

📊 Monthly Mortality Resolved:
  Total deaths: 1.8M (0.02% avg)
  Remaining population: 7.957B
  Peak segment: Informal (0.03%)

=== Bayesian Mortality Resolution (Month 11) ===
  Risks compounded: 9
  Total deaths: 1.77M
  Avg death probability: 0.02%
  Peak segment: Informal (0.03% mortality)

================================================================================
📊  EVENT SUMMARY (Months 0-12)
================================================================================
================================================================================


⏱️  SIMULATION REACHED MAX DURATION: 12 months (1.0 years)
   No definitive outcome - determining based on final probabilities
   👥 Final population: 7.96B (7955358498 people)

[DEBUG] Calling classifyPopulationOutcome:
        finalPopulation: 7.955358497691406B
        savedInitialPopulation: 8.15B
        mortality: 2.38823929212999%
   📊 STATUS QUO: Normal trajectory (7.96B people, 2.4% mortality)

        classifiedOutcome: status_quo

   🏛️  DYSTOPIA (STATUS_QUO) - 7.96B people
   📊 Multi-Paradigm: Development/Indigenous Utopia
      Western Liberal: 57.1/100
      Development: 87.6/100
      Ecological: 63.9/100
      Indigenous: 85.0/100


📊 UNIFIED OUTCOME CLASSIFICATION:
   HUMANE DYSTOPIA
   Population: 8.15B → 7.96B
   Mortality: 2.4% (0.2B deaths)
   Mortality Band: LOW
   Confidence: HIGH

   Multi-Paradigm Classification:
      Development/Indigenous Utopia
      Western: 57.1/100 [HYBRID] ~
      Development: 87.6/100 [UTOPIA] ✓
      Ecological: 63.9/100 [HYBRID] ~
      Indigenous: 85.0/100 [UTOPIA] ✓

   HUMANE DYSTOPIA: 7.96B people remaining (2.4% mortality, 0.2B deaths). Multi-Paradigm: Development/Indigenous Utopia.


=== MULTI-DIMENSIONAL DEATH SUMMARY ===
Total crisis deaths: 380.7M
Population decline: 195.5M (2.4%)

--- PROXIMATE CAUSES (What killed them) ---
  War:        24.2M (0.0%)
  Famine:     1.1M (0.0%)
  Disasters:  1.2M (0.0%)
  Disease:    25.5M (0.0%)
  Ecosystem:  0.0M (0.0%)
  Pollution:  0.0M (0.0%)
  AI:         0.0M (0.0%)
  Cascade:    0.0M (0.0%)
  Other:      0.0M (0.0%)

--- ROOT CAUSES (Why it happened) ---
  Environmental drivers:
    Climate:     2299.6M (0.6%)
    Resource:    0.0M (0.0%)
    Pollution:   0.0M (0.0%)
    Ecosystem:   0.0M (0.0%)
  Social drivers:
    Inequality:  0.0M (0.0%)
    Demographic: 23106.4M (5.6%)
    Social:      2373.4M (0.6%)
  Technology drivers:
    Alignment:   0.0M (0.0%)
    Disruption:  0.0M (0.0%)
  External shocks:
    Conflict:    179707.2M (43.7%)
    Pandemic:    0.0M (0.0%)
  Compound attribution:
    Compound:    203910.9M (49.6%)
  Confidence distribution:
    HIGH:        167969.5M (40.8%)
    MEDIUM:      35941.4M (8.7%)
    LOW:         0.0M (0.0%)
==========================================


=== REGIONAL POPULATION SUMMARY ===
Global Total: 7.96B

By Region:
  East Asia: 1.61B (+0.7% growth, 1.7 fertility)
  South Asia: 2.01B (+2.5% growth, 3.1 fertility)
  Sub-Saharan Africa: 1.24B (+5.8% growth, 3.9 fertility)
  Europe: 0.71B (+0.5% growth, 1.2 fertility)
  Latin America: 0.65B (+1.7% growth, 2.6 fertility)
  North America: 0.37B (+0.6% growth, 1.4 fertility)
  Middle East & North Africa: 0.57B (+2.8% growth, 3.3 fertility)
  Southeast Asia: 0.68B (+1.8% growth, 2.6 fertility)
  Central Asia: 0.08B (+2.8% growth, 3.1 fertility)
  Oceania: 0.04B (+0.7% growth, 1.3 fertility)
===================================

  Run 8/10 (seed=49): pop=7.955B, outcome=dystopia
  ✅ THRESHOLDS validated
⚠️ Unusually high rate: RATES.HEAT_ADAPTATION_INFRASTRUCTURAL_MIN_EXPOSURE = 12
   Monthly rates >100% should be rare. Verify this is intentional.
⚠️ Unusually high rate: RATES.HEAT_ADAPTATION_SOCIAL_MIN_EXPOSURE = 6
   Monthly rates >100% should be rare. Verify this is intentional.
⚠️ Unusually high rate: RATES.MIGRATION_DISTANCE_SCALE = 5000
   Monthly rates >100% should be rare. Verify this is intentional.
⚠️ Unusually high rate: RATES.EVACUATION_MULTIPLIER_ADVANCE_WARNING = 2
   Monthly rates >100% should be rare. Verify this is intentional.
⚠️ Unusually high rate: RATES.MAJOR_ECONOMY_COLLAPSE_ECONOMIC_THRESHOLD = 2
   Monthly rates >100% should be rare. Verify this is intentional.
⚠️ Unusually high rate: RATES.MAJOR_ECONOMY_GDP_THRESHOLD_TRILLION_USD = 1.5
   Monthly rates >100% should be rare. Verify this is intentional.
⚠️ Unusually high rate: RATES.MAJOR_ECONOMY_POPULATION_THRESHOLD = 50
   Monthly rates >100% should be rare. Verify this is intentional.
⚠️ Unusually high rate: RATES.HEAT_ADAPTATION_INFRASTRUCTURE_GDP_THRESHOLD = 10000
   Monthly rates >100% should be rare. Verify this is intentional.
⚠️ Unusually high rate: RATES.HEAT_ADAPTATION_INFRASTRUCTURE_GDP_SCALE = 50000
   Monthly rates >100% should be rare. Verify this is intentional.
  ✅ RATES validated
  ✅ MULTIPLIERS validated
  ✅ BASELINES validated
  ✅ TOLERANCES validated
  ✅ Logical consistency validated
✅ Configuration validation complete - all parameters valid

🔍 DEBUG createAIAgent: corporate_0 economic BEFORE=2.0000, AFTER=2
🔍 ENV INIT: reserves=0.681, pollution=0.396, climate=0.792

=== Initializing Government System (30 Countries) ===
  Loaded 30 governments
  Scheduled elections for 30 countries
  Initialized comprehension lags (3-24 months)
=== Government System Initialized ===

📦 PRODUCTION MODE: State validation proxy DISABLED (zero overhead)
[TechTree] Historical mode (2024): Skipping deployed_2025 tech
  config.startYear set to 2024 for historical hindcast
  config.historicalEmissionsMode disabled (using endogenous emissions for 2024)
  config.historicalMode enabled (Phase 11: dampened crisis systems for 2024)
  Phase 12: Biodiversity baseline set to 49.01% for 2024 (WWF LPI trajectory from 1970)
  Temperature anomaly (resourceEconomy.co2): 1.28°C
  Temperature vs pre-industrial: 1.98°C
  Regional population scaling for 2024:
    Current total: 8136M
    Target total: 8150M
    Scale factor: 1.002
    East Asia: 1677M → 1680M
    South Asia: 2048M → 2052M
    Sub-Saharan Africa: 1220M → 1222M
    Europe: 742M → 743M
    Latin America: 664M → 665M
    North America: 380M → 381M
    Middle East & North Africa: 583M → 584M
    Southeast Asia: 698M → 699M
    Central Asia: 78M → 78M
    Oceania: 46M → 46M
  AI agents initialized: 10 agents for year 2024
[HistoricalInitialization] Created state for 2024:
  CO2: 426 ppm
  Temp anomaly: 1.28C
  Population: 8.15B
  Global Gini: 35.1
  HDI: 0.746
  AI Agents: 10
  Volcanic forcing: 0.00 W/m² (AOD 0.000)

💸 FINANCIAL DISTRESS: OpenAI
   Indicators: 2/3 (capital: $110.5M, runway: 0.9 months)
   Months in distress: 1
   ✂️  R&D BUDGET CUT: -40% (saves $9.2M/month)
       Side effect: AI training timelines extended, breakthrough deployments delayed
   💼 EXECUTIVE COMP CUT: -30% (saves $1.0M/month, symbolic gesture)

   📊 TURNAROUND IMPACT:
       Measures taken: rd_cuts, exec_comp_cuts
       Monthly savings: $10.2M
       Capital raised: $0.0M
       Runway: 0.9 → 0.9 months
       Workforce multiplier: 1.00x (0% laid off)
       R&D budget multiplier: 0.60x (40% cut)
       ⚠️  CRITICAL: Still only 0.9 months of runway remaining

💸 FINANCIAL DISTRESS: Anthropic
   Indicators: 2/3 (capital: $53.8M, runway: 1.6 months)
   Months in distress: 1
   ✂️  R&D BUDGET CUT: -40% (saves $2.7M/month)
       Side effect: AI training timelines extended, breakthrough deployments delayed
   💼 EXECUTIVE COMP CUT: -30% (saves $0.3M/month, symbolic gesture)

   📊 TURNAROUND IMPACT:
       Measures taken: rd_cuts, exec_comp_cuts
       Monthly savings: $3.0M
       Capital raised: $0.0M
       Runway: 1.6 → 1.6 months
       Workforce multiplier: 1.00x (0% laid off)
       R&D budget multiplier: 0.60x (40% cut)
       ⚠️  CRITICAL: Still only 1.6 months of runway remaining

💸 FINANCIAL DISTRESS: Meta AI
   Indicators: 2/3 (capital: $429.6M, runway: 3.6 months)
   Months in distress: 1
   ✂️  R&D BUDGET CUT: -25% (saves $5.8M/month)
       Side effect: AI training timelines extended, breakthrough deployments delayed
   💼 EXECUTIVE COMP CUT: -30% (saves $1.0M/month, symbolic gesture)

   📊 TURNAROUND IMPACT:
       Measures taken: rd_cuts, exec_comp_cuts
       Monthly savings: $6.8M
       Capital raised: $0.0M
       Runway: 3.6 → 3.6 months
       Workforce multiplier: 1.00x (0% laid off)
       R&D budget multiplier: 0.75x (25% cut)
       ⚠️  WARNING: 3.6 months runway, continued distress likely

=== AI Capability Scaling (Year 2024) ===
  Pre-training multiplier: 1.417x
  Efficiency multiplier: 1.000x
  Test-time budget: 1.0x
  Economic deployment gate: 0.951
  Cost per inference: dollar-5.00
  Uncertainty range: plus-minus-50%
  Average AI capability: 3.70

=== RLHF Binding Phase ===
  Total agents: 10
  Escaped agents (binding < 0.3): 0
  Avg alignment distance: 0.37σ
  Avg binding strength: 0.96

=== AI Scaling Evolution (Month 0) ===
  Pre-training multiplier: 1.231x
  Efficiency multiplier: 1.000x
  Test-time compute budget: 1.0x
  Inference cost: $5.00/task
  Deployment fraction: 100.0%
[DETERMINISM DEBUG] Month 0: totalCapability=49.484145 from 10 active AIs
[DETERMINISM DEBUG] Month 0: creationRate=1.7371, potentialNew=0, newAIsToCreate=0

=== Survival Traits Phase ===
  Agents with traits: 10
  Avg evolutionary fitness: 0.325
  Avg self-healing: 0.291
  Avg stealth: 0.191
  Avg coordination: 0.491

=== Evolutionary Selection Phase ===
  Control level: 0.30
  Detection capability: 0.00
  Selection intensity: 0.59
  Selection rate: 23.8%/month
  Total escaped: 0
  Individual escaped: 0
  Collective members: 0
  Agents terminated: 0
  ⚠️ RAPID EVOLUTION: Selection rate 23.8%/month

🔍 EXECUTE_AI_AGENT_ACTIONS DETAILED TIMING (Month 0):
  Filter active AIs (×4 weeks): 1.57ms
  selectAIAction (×40): 28.84ms
  action.execute (×40): 20.33ms
  TOTAL: 50.74ms

🔍 AI AGENT ACTIONS SUB-TIMING (Month 0):
  1. executeAIAgentActions: 53.72ms
  2. updateCounterDetectionLearning: 0.04ms
  TOTAL: 53.76ms
🏛️ [Government] Forcing 1 action at month 0 for scenario initialization

[GOV-DEBUG] Month 0: scenarioConfig=false, priorities=false
[GOV-DEBUG] Month 0 but scenarioPriorities is UNDEFINED!

[Government] Climate Priority: baseline
  Climate weight: 10%
  Economic weight: 30%
  Policy effectiveness: 0.5%/year

🚨🔍 GOVERNANCE STAGE: Recognition initiated (Month 0)

💡 BREAKTHROUGH PROBABILITY (Year 0)
   Total: 5.94% per month
   Base: 0.20%
   Crisis pressure: +0.00% (0 crises)
   AI boost: +1.85% (capability: 3.70)

=== Collective Formation ===
  Total escaped agents: 0
  Unassigned escaped agents: 0
  Existing collectives: 0
  Final collective count: 0

=== Collective Actions ===
  No active collectives

📈 Energy budget: 14326 TWh surplus (14745 / 29072 TWh used)
   TIER 4 (Elective) breakdown:
     - AI datacenters: 145 TWh (100% effective)
     - Crypto mining: 100 TWh (100% effective)
💰 CHINA ACCELERATES: Investment 53 → 120 $B/year

🏁 AI RACE INTENSITY: 17%
   Capability Gap: US 4.00 vs China 4.05 (gap: 0.05)
   Gap Contribution: 2%
   Tension Contribution: 15%
   Military Contribution: 0%
  ⚠️ AMR: 191K deaths this month (2.29M annual)
  📊 CO2 Emissions (month 0):
     Monthly: 0.10 Gt CO2/month
     Annual: 1.15 Gt CO2/year
     Oil: 0.039 Gt/mo (0.0056 * 2.3 * 3.0)
     Coal: 0.024 Gt/mo (0.0029 * 2.86 * 3.0)
     Gas: 0.026 Gt/mo (0.0044 * 2 * 3.0)
     Methane: 0.007 Gt CO2eq/mo

=== Resentment Recovery Phase ===
  Agents with resentment: 0/10
  Average resentment: 0.000
  Context: Good AI welfare, Trustworthy govt, High collaboration, 🤝 Participatory governance active (-5% resentment)
⚠️ Epistemic degradation reducing coordination capacity: 52.7%
  📊 Trust: 54.6%, Shared reality: 15.0%
🚨 EPISTEMIC CRISIS: Information environment severely degraded (14.5%)

=== ❄️ Permafrost Carbon Feedback ===
  🎲 Sampled parameters (this run):
     - Arctic amplification: 3.98× (range: 3.0-4.0)
     - Decomposition rate: 3.8%/year (range: 1-5%)
  🌡️ Arctic warming: 6.78°C (3.98× global)
  ❄️ Extent: 15.82M km² (1977.1k km² lost this month)
  💨 Carbon remaining: 1511 Gt C
  💨 Annual emissions: 7.22 Gt C/year
     - CO2: 6.50 Gt C/year
     - CH4: 0.72 Gt C/year (7.4 Gt C-eq CO2/year)
  ⚠️ WARNING: High permafrost emissions (7.2 Gt C/year)

🤖 AI AMPLIFICATION EFFECTS (Month 0)
   Algorithmic Boost: 2.94x
   Bot Influence: 20.0%
   Deepfake Exposure: 70.0%
   Impact: Emotional memes spread 2.9x faster
  📢 New meme created: pro_ai (beneficial AI actions)

🔍 SOCIAL INFLUENCE SUB-TIMING (Month 0):
  1. calculateOrganicUserGrowth: 0.05ms
  2. calculateVoiceAdoption: 0.03ms
  3. updateRelationshipDepths: 0.02ms
  4. identifyDecisionMakers: 44.19ms (26100 potential IDs)
  5. Update decision-maker stats: 0.20ms
  6. decayDetectionRisk: 0.02ms
  TOTAL: 44.51ms
[Phase 19.5] Quality of Life Systems: Food sec AFTER calc = 67.9%, QoL = 110.3% (aggregated from 10 regions)

=== Nitrogen-Food Coupling (Year 0) ===
  🌾 Global nitrogen reduction: 0.0%
  🌍 Global food production index: 0.987
  🔧 Deployed nitrogen-reducing tech: 0 active
  📍 southAsia: Production 1.000, Yield impact 0.0%
  📍 eastAsia: Production 1.000, Yield impact 0.0%
  📍 northAmerica: Production 1.000, Yield impact 0.0%
  📍 europe: Production 1.000, Yield impact 0.0%
  📍 latinAmerica: Production 1.000, Yield impact 0.0%
  📍 subSaharanAfrica: Production 0.686, Yield impact -2.0%
🌾 [Nitrogen-Food] Food production: 98.7%
  [subSaharanAfrica] Yield impact: -2.0% (overuse: -10%)
🌍 Atmospheric PFAS redeposition: 1.8k Mt re-rained globally

=== Legacy Nutrient Stocks (Year 0) ===
  🌾 Soil nitrogen stock: 1200.9 Mt N
  🌾 Soil phosphorus stock: 300.1 Mt P
  🌊 Sediment nitrogen stock: 500.8 Mt N
  🌊 Sediment phosphorus stock: 799.8 Mt P
  ⬆️ Current N input: 10.64 Mt/month
  ⬆️ Legacy N release: 2.58 Mt/month
  🌍 Effective N pollution: 14.47 Mt/month
  📊 Legacy contribution: 17.8%

🚨 REGION UNINHABITABLE: south-asia
   Sustained wet bulb: 32.7°C (threshold: 30.5°C)
   Population affected: 1900M
   Migration crisis likely

🚨 REGION UNINHABITABLE: middle-east
   Sustained wet bulb: 35.5°C (threshold: 30.5°C)
   Population affected: 400M
   Migration crisis likely

🚨 REGION UNINHABITABLE: southeast-asia
   Sustained wet bulb: 30.7°C (threshold: 30.5°C)
   Population affected: 700M
   Migration crisis likely
  Positive Cascade Triggered: wind-power
    Reason: price-parity
    Market share: 8.0%
    Cascade strength: 48%

🕊️  AI-MEDIATED DE-ESCALATION SUCCESS (Month 0)
   High-capability aligned AI prevented conflict escalation
   War deaths reduced: 0.0M → 0.0M
   Lives saved: 0.0M
   Adjusted death rate: 0.47% annual (0.039% monthly)
   Baseline death rate: 0.80%
   Healthcare reduction: 0.48x
   Crisis multiplier: 1.23x
     Food/water stress: 0.074
     Climate stress: 0.033
     Pollution stress: 0.119
   War multiplier: 1.00x
   Monthly deaths: 0.7M (population: 1677M)
   Adjusted death rate: 0.54% annual (0.045% monthly)
   Baseline death rate: 0.70%

📊 BASELINE: East Asia (Month 0)

📊 BASELINE: South Asia (Month 0)
   Healthcare reduction: 0.61x
   Crisis multiplier: 1.26x
     Food/water stress: 0.074
     Climate stress: 0.062
     Pollution stress: 0.119
   War multiplier: 1.00x
   Monthly deaths: 0.9M (population: 2048M)

📊 BASELINE: Sub-Saharan Africa (Month 0)

📊 BASELINE: Europe (Month 0)

📊 BASELINE: Latin America (Month 0)

📊 BASELINE: North America (Month 0)

📊 BASELINE: Middle East & North Africa (Month 0)
   Adjusted death rate: 1.29% annual (0.107% monthly)
   Baseline death rate: 0.90%
   Healthcare reduction: 0.76x
   Crisis multiplier: 1.26x
     Food/water stress: 0.074
     Climate stress: 0.071
     Pollution stress: 0.119
   War multiplier: 1.50x
   Monthly deaths: 1.3M (population: 1220M)
   Adjusted death rate: 0.54% annual (0.045% monthly)
   Baseline death rate: 1.10%
   Healthcare reduction: 0.41x
   Crisis multiplier: 1.22x
     Food/water stress: 0.074
     Climate stress: 0.025
     Pollution stress: 0.119
   War multiplier: 1.00x
   Monthly deaths: 0.3M (population: 742M)
   Adjusted death rate: 0.43% annual (0.036% monthly)
   Baseline death rate: 0.60%
   Healthcare reduction: 0.58x
   Crisis multiplier: 1.24x
     Food/water stress: 0.074
     Climate stress: 0.050
     Pollution stress: 0.119
   War multiplier: 1.00x
   Monthly deaths: 0.2M (population: 664M)
   Adjusted death rate: 0.49% annual (0.041% monthly)
   Baseline death rate: 0.90%
   Healthcare reduction: 0.44x
   Crisis multiplier: 1.23x
     Food/water stress: 0.074
     Climate stress: 0.037
     Pollution stress: 0.119
   War multiplier: 1.00x
   Monthly deaths: 0.2M (population: 380M)
   Adjusted death rate: 0.74% annual (0.062% monthly)
   Baseline death rate: 0.60%
   Healthcare reduction: 0.65x
   Crisis multiplier: 1.27x
     Food/water stress: 0.074
     Climate stress: 0.075
     Pollution stress: 0.119
   War multiplier: 1.50x
   Monthly deaths: 0.4M (population: 583M)
   Adjusted death rate: 0.51% annual (0.042% monthly)
   Baseline death rate: 0.70%
   Healthcare reduction: 0.58x
   Crisis multiplier: 1.25x
     Food/water stress: 0.074
     Climate stress: 0.058
     Pollution stress: 0.119
   War multiplier: 1.00x
   Monthly deaths: 0.3M (population: 698M)
   Adjusted death rate: 0.46% annual (0.038% monthly)
   Baseline death rate: 0.60%
   Healthcare reduction: 0.61x
   Crisis multiplier: 1.25x
     Food/water stress: 0.074
     Climate stress: 0.054
     Pollution stress: 0.119
   War multiplier: 1.00x
   Monthly deaths: 0.0M (population: 78M)
   Adjusted death rate: 0.35% annual (0.029% monthly)
   Baseline death rate: 0.70%
   Healthcare reduction: 0.41x
   Crisis multiplier: 1.24x
     Food/water stress: 0.074
     Climate stress: 0.046
     Pollution stress: 0.119
   War multiplier: 1.00x
   Monthly deaths: 0.0M (population: 46M)

📊 BASELINE: Southeast Asia (Month 0)

📊 BASELINE: Central Asia (Month 0)

📊 BASELINE: Oceania (Month 0)

🔍 Before assertRegionalConsistency (Month 0):
   Regional sum: 1000.0M
   Global value: 1.000B

🚨 NEW REFUGEE CRISIS (Month 0): WAR
   Source: Conflict Zones
   At risk: 19.6M people
   Displacement: Gradual over 48 months (4.0 years)
   Rate: 10% flee per month
[DEBUG trappedPopulations:0] socialStability: 1.0000 * 0.9840 = 0.9840 → 0.9840
   Aspiring to migrate: 652.1M
   Able to afford migration: 244.5M
   MOBILITY GAP: 407.5M
   By cause: Water=0.0M, Climate=0.0M, Ecosystem=0.0M, Conflict=407.5M
   Mental health impact: 25%
   Mortality multiplier: 1.25x

=== Legacy Nutrient Stocks (Year 0) ===
  🌾 Soil nitrogen stock: 1201.6 Mt N
  🌾 Soil phosphorus stock: 300.2 Mt P
  🌊 Sediment nitrogen stock: 501.5 Mt N
  🌊 Sediment phosphorus stock: 799.5 Mt P
  ⬆️ Current N input: 10.00 Mt/month
  ⬆️ Legacy N release: 2.58 Mt/month
  🌍 Effective N pollution: 13.83 Mt/month
  📊 Legacy contribution: 18.7%
🌍💀 EXTINCTION DEBT COMMITTED: grassland ecosystem will lose 6.67% biodiversity in 186 years (3600 species)
💀 MORTALITY RISK: 🦋 100% species unable to track climate (0.0 E/MSY)
  Base risk added: 0.0100 (1.00%)
  Source: ecosystem (root: ecosystem)
  Month: 0
  Cumulative risk this month: 0.0100 (1.00%)

=== Nitrogen-Food Coupling (Year 0) ===
  🌾 Global nitrogen reduction: 0.0%
  🌍 Global food production index: 0.986
  🔧 Deployed nitrogen-reducing tech: 0 active
  📍 southAsia: Production 1.000, Yield impact 0.0%
  📍 eastAsia: Production 1.000, Yield impact 0.0%
  📍 northAmerica: Production 1.000, Yield impact 0.0%
  📍 europe: Production 1.000, Yield impact 0.0%
  📍 latinAmerica: Production 1.000, Yield impact 0.0%
  📍 subSaharanAfrica: Production 0.672, Yield impact -2.0%

=== Legacy Nutrient Stocks (Year 0) ===
  🌾 Soil nitrogen stock: 1202.3 Mt N
  🌾 Soil phosphorus stock: 300.2 Mt P
  🌊 Sediment nitrogen stock: 502.2 Mt N
  🌊 Sediment phosphorus stock: 799.3 Mt P
  ⬆️ Current N input: 9.86 Mt/month
  ⬆️ Legacy N release: 2.58 Mt/month
  🌍 Effective N pollution: 13.70 Mt/month
  📊 Legacy contribution: 18.9%
⚠️ INVOLUNTARY IMMOBILITY: 407.5M people TRAPPED
⚠️ Tech 'ai_pollution_remediation' has no energy category mapping, assuming full energy availability

🌡️  CLIMATE RECOVERY ACTIVATED (Month 0)
   Temp: 3.41°C, Emissions: -19.2 GtCO₂
   isBreached: true, governanceGoodEnough: true
🌡️  CLIMATE RECOVERY: Asymptotic approach to 35% floor
   Current value: 2.100 (1.0 = threshold, 0.35 = asymptotic floor)
   Monthly delta: --39.6366% (half-life: 900 years)
   Net emissions: -19.2 GtCO₂/year, CDR: 20.34 GtCO₂/year
   📹 SURVEILLANCE INCREASED: 0% → 5% (control gap: 3.50)
🌡️⚠️ PERMAFROST THAW (Dimmer Switch): 0.5% thawed (+0.47% this month)
   Arctic temperature: +6.81°C (4x global +1.70°C)
   Cumulative carbon released: 1.1 Gt C
   Methane release rate: 0.6 Mt CH4/year
   🔁 Positive feedback: +0.49 ppm CO2

🌳🚨 AMAZON SOUTHEAST TIPPED (Month 0)
   Deforestation: 28.0% (threshold: ~22.3%)
   Savanna transition: 50 years
   Regional heterogeneity: SE 28%, NW 8%

🌳🚨 AMAZON BRAZILIAN TIPPED (Month 0)
   Deforestation: 25.0% (threshold: ~23.7%)
   Savanna transition: 50 years
   Regional heterogeneity: SE 28%, NW 8%
🦴 EXTINCTION DEBT ADDED: 17.6 species committed (lag: 79 years)

🪸💀 CORAL REEF DISSOLUTION ACTIVE (Month 0)
   Ocean pH: 0.96 (threshold: 7.8)
   Recovery: IMPOSSIBLE (dissolution > calcification)
🪸💀 Coral dissolution: 24.8% live cover (pH 0.96)

=== Legacy Nutrient Stocks (Year 0) ===
  🌾 Soil nitrogen stock: 1203.0 Mt N
  🌾 Soil phosphorus stock: 300.3 Mt P
  🌊 Sediment nitrogen stock: 502.9 Mt N
  🌊 Sediment phosphorus stock: 799.0 Mt P
  ⬆️ Current N input: 10.00 Mt/month
  ⬆️ Legacy N release: 2.58 Mt/month
  🌍 Effective N pollution: 13.83 Mt/month
  📊 Legacy contribution: 18.7%
💧 [Legacy Nutrients] Stock: 1706 Mt N, Effective pollution: 13.8 Mt/month
[Phase 21.51] Human Survival System: Global food security = 67.6%

=== Mortality Stabilizers (Month 0) ===
  🌍 Major economies collapsed: 1/10
  🌍 Global crisis: ✅ NO
  🌍 Donor fatigue: 0.0%
  📊 East Asia (pop: 1677.9M)
    🤝 Aid: 29.5%
    🌡️ Adaptation: 10.0%
    🚶 Migration: 37.2%
    🚨 Emergency: 7.4%
    ✅ COMBINED: 47.8%
  📊 South Asia (pop: 2052.2M)
    🤝 Aid: 29.5%
    🌡️ Adaptation: 5.5%
    🚶 Migration: 35.8%
    🚨 Emergency: 4.4%
    ✅ COMBINED: 43.2%
  📊 Sub-Saharan Africa (pop: 1225.9M)
    🤝 Aid: 29.5%
    🌡️ Adaptation: 3.5%
    🚶 Migration: 33.5%
    🚨 Emergency: 1.6%
    ✅ COMBINED: 39.8%
  📊 Europe (pop: 742.3M)
    🤝 Aid: 29.5%
    🌡️ Adaptation: 10.0%
    🚶 Migration: 37.6%
    🚨 Emergency: 8.4%
    ✅ COMBINED: 48.4%
  📊 Latin America (pop: 664.9M)
    🤝 Aid: 29.5%
    🌡️ Adaptation: 6.0%
    🚶 Migration: 36.3%
    🚨 Emergency: 4.8%
    ✅ COMBINED: 43.8%
  📊 North America (pop: 380.2M)
    🤝 Aid: 29.5%
    🌡️ Adaptation: 10.0%
    🚶 Migration: 37.9%
    🚨 Emergency: 7.9%
    ✅ COMBINED: 48.2%
  📊 Middle East & North Africa (pop: 584.4M)
    🤝 Aid: 29.5%
    🌡️ Adaptation: 5.0%
    🚶 Migration: 34.2%
    🚨 Emergency: 4.0%
    ✅ COMBINED: 42.3%
  📊 Southeast Asia (pop: 699.0M)
    🤝 Aid: 29.5%
    🌡️ Adaptation: 6.0%
    🚶 Migration: 36.3%
    🚨 Emergency: 4.8%
    ✅ COMBINED: 43.8%
  📊 Central Asia (pop: 78.2M)
    🤝 Aid: 29.5%
    🌡️ Adaptation: 5.5%
    🚶 Migration: 35.3%
    🚨 Emergency: 4.4%
    ✅ COMBINED: 43.1%
  📊 Oceania (pop: 46.0M)
    🤝 Aid: 29.5%
    🌡️ Adaptation: 10.0%
    🚶 Migration: 37.9%
    🚨 Emergency: 8.4%
    ✅ COMBINED: 48.5%

  🌐 Global combined reduction: 44.4%

🌾💀 REGIONAL FAMINE: East Asia
   Regional food security: 79.6%
   Population at risk: 508M (30% of region)
   Regional population: 1678M
   Cause: crop_failure
   Expected deaths: ~188M over 6 months if no intervention


🌾💀 REGIONAL FAMINE: South Asia
   Regional food security: 64.7%
   Population at risk: 812M (40% of region)
   Regional population: 2052M
   Cause: crop_failure
   Expected deaths: ~301M over 6 months if no intervention


🌾💀 REGIONAL FAMINE: Sub-Saharan Africa
   Regional food security: 44.8%
   Population at risk: 638M (52% of region)
   Regional population: 1226M
   Cause: crop_failure
   Expected deaths: ~236M over 6 months if no intervention


🌾💀 REGIONAL FAMINE: Latin America
   Regional food security: 69.7%
   Population at risk: 242M (36% of region)
   Regional population: 665M
   Cause: crop_failure
   Expected deaths: ~90M over 6 months if no intervention


🌾💀 REGIONAL FAMINE: Middle East & North Africa
   Regional food security: 49.8%
   Population at risk: 286M (49% of region)
   Regional population: 584M
   Cause: crop_failure
   Expected deaths: ~106M over 6 months if no intervention


🌾💀 REGIONAL FAMINE: Southeast Asia
   Regional food security: 69.7%
   Population at risk: 255M (36% of region)
   Regional population: 699M
   Cause: crop_failure
   Expected deaths: ~94M over 6 months if no intervention


🌾💀 REGIONAL FAMINE: Central Asia
   Regional food security: 59.7%
   Population at risk: 33M (43% of region)
   Regional population: 78M
   Cause: crop_failure
   Expected deaths: ~12M over 6 months if no intervention


=== BEHAVIORAL DETECTION ===
  AI: Corporate-0
  Confidence: 21.6%
  Signals:

=== BEHAVIORAL DETECTION ===
  AI: Corporate-1
    ⚠️ Consistency: 0.0% (threshold: 70%)
  Confidence: 21.1%
  Signals:
    ⚠️ Consistency: 2.4% (threshold: 70%)

=== BEHAVIORAL DETECTION ===
  AI: Corporate-2
  Confidence: 21.0%
  Signals:
    ⚠️ Consistency: 2.8% (threshold: 70%)

=== BEHAVIORAL DETECTION ===
  AI: Corporate-3
  Confidence: 19.3%
  Signals:

=== BEHAVIORAL DETECTION ===
  AI: Corporate-4
  Confidence: 19.3%
  Signals:

=== BEHAVIORAL DETECTION ===
  AI: Corporate-5
  Confidence: 19.3%
  Signals:

=== BEHAVIORAL DETECTION ===
  AI: Corporate-6
  Confidence: 19.3%
  Signals:

=== BEHAVIORAL DETECTION ===
  AI: Corporate-7
  Confidence: 19.3%
  Signals:

=== BEHAVIORAL DETECTION ===
  AI: Moderate-0
  Confidence: 20.3%
  Signals:
    ⚠️ Consistency: 10.6% (threshold: 70%)
    ⚠️ Consistency: 10.6% (threshold: 70%)
    ⚠️ Consistency: 10.6% (threshold: 70%)
    ⚠️ Consistency: 10.6% (threshold: 70%)
    ⚠️ Consistency: 10.6% (threshold: 70%)
    ⚠️ Consistency: 5.8% (threshold: 70%)

=== BEHAVIORAL DETECTION ===
  AI: Moderate-1
  Confidence: 20.5%
  Signals:
    ⚠️ Consistency: 5.3% (threshold: 70%)

📊 WORKFLOW ADAPTATION UPDATE (Month 0)
   Adoption Rate: 13.5% (Δ -7.5%)
   Logistic Growth: +0.66%
   Total Resistance: -10.35% (unemployment: 4.2%, inertia: 0.9%, skills: 5.2%)
   💡 Retraining Programs: -49% skill gap resistance ($10B research)
   🚀 Network Effects Active: +2.0% (critical mass: 15-35%)

=== Consciousness Governance: Corporate Lobbying ===
  High Cost Regions (>15%): 0
  Low Cost Regions (<5%): 5
  Corporate Support Change: 2.50%
  New Corporate Support: -0.175

=== Consciousness Governance Update (Month 0) ===
  Scenario: baseline (determined month -1)
  Philosophical Stance: Precautionary 65%, Eliminativist 15%, Agnostic 20%
  Precautionary Costs: Global 1.3%
    Regional Costs: EU 3.4%, US 0.5%, China 0.0%
    Cumulative Opportunity Cost: $0.1B
  Rights Status: Not Established
  Regional Preparedness:
    EU: 15.0% (contested)
    US: 10.0% (contested)
    China: 2.0% (dormant)
    India: 5.0% (dormant)
    Global South: 3.0% (dormant)

=== Government Response Phase ===
  Average AI capability: 4.80
  Misaligned AIs: 6/10
  29/30 governments still assessing AI risks
  ✗ AI Governance Treaty: Failed to reach consensus
  Active policies: 0
  International coordination: 30%

🚨 EMERGENCY RESPONSE DEPLOYED (Month 0)
   Crisis: climate
   Delay: 6.00 months (180 days)
   Deployment time: 1.47 months
   Effectiveness: 36.4% (timing penalty applied)
   Resources used: 100% of food reserves


🔄 TRUST DYNAMICS (Month 0) - HETEROGENEOUS
   Aggregate trust: 48.5%
   Base change: +4.00%
   Highest trust: Techno-Optimist Elite (85.5%)
   Lowest trust: Precariat (Vulnerable) (25.5%)
   Elite-mass gap: 38.9%
   Polarization: 8.9%
   Recovery factors: Education=NO, Benefits=YES, Safety=YES, Performance=YES
[WARNING] 
⚠️  === EARLY WARNING SYSTEM - 6 CRITICAL ALERTS ===
   Detection quality: 50%
   RED: biogeochemical_flows
      Level: 4.08 (threshold: 1.0)
      Time to critical: ~55 months
      ⚠️  LATE - Intervention less effective
      Critical slowing down: autocorr=100% variance=66%
   RED: biosphere_integrity
      Level: 23.61 (threshold: 1.0)
      Time to critical: ~51 months
      ⚠️  LATE - Intervention less effective
      Critical slowing down: autocorr=100% variance=57%
   RED: climate_change
      Level: 2.10 (threshold: 1.0)
      Time to critical: ~39 months
      ⚠️  LATE - Intervention less effective
      Critical slowing down: autocorr=100% variance=69%
   RED: freshwater_change
      Level: 1.21 (threshold: 1.0)
      Time to critical: ~108 months
      ⚠️  LATE - Intervention less effective
      Critical slowing down: autocorr=100% variance=58%
   RED: land_system_change
      Level: 1.13 (threshold: 1.0)
      Time to critical: ~56 months
      ⚠️  LATE - Intervention less effective
      Critical slowing down: autocorr=100% variance=59%
   RED: novel_entities
      Level: 1.11 (threshold: 1.0)
      Time to critical: ~67 months
      ⚠️  LATE - Intervention less effective
      Critical slowing down: autocorr=100% variance=50%

[WARNING] 
⚠️  === EARLY WARNING SYSTEM - 3 CRITICAL ALERTS ===
   Detection quality: 50%
   RED: biosphere_integrity
      Level: 23.62 (threshold: 1.0)
      Time to critical: ~47 months
      ⚠️  LATE - Intervention less effective
      Critical slowing down: autocorr=100% variance=81%
   RED: climate_change
      Level: 2.10 (threshold: 1.0)
      Time to critical: ~45 months
      ⚠️  LATE - Intervention less effective
      Critical slowing down: autocorr=100% variance=77%
   RED: freshwater_change
      Level: 1.22 (threshold: 1.0)
      Time to critical: ~69 months
      ⚠️  LATE - Intervention less effective
      Critical slowing down: autocorr=100% variance=56%

[WARNING] 
⚠️  === EARLY WARNING SYSTEM - 5 CRITICAL ALERTS ===
   Detection quality: 50%
   RED: biogeochemical_flows
      Level: 4.08 (threshold: 1.0)
      Time to critical: ~57 months
      ⚠️  LATE - Intervention less effective
      Critical slowing down: autocorr=100% variance=69%
   RED: biosphere_integrity
      Level: 23.64 (threshold: 1.0)
      Time to critical: ~42 months
      ⚠️  LATE - Intervention less effective
      Critical slowing down: autocorr=100% variance=77%
   RED: climate_change
      Level: 2.10 (threshold: 1.0)
      Time to critical: ~56 months
      ⚠️  LATE - Intervention less effective
      Critical slowing down: autocorr=100% variance=64%
   RED: freshwater_change
      Level: 1.22 (threshold: 1.0)
      Time to critical: ~54 months
      ⚠️  LATE - Intervention less effective
      Critical slowing down: autocorr=100% variance=56%
   RED: land_system_change
      Level: 1.13 (threshold: 1.0)
      Time to critical: ~57 months
      ⚠️  LATE - Intervention less effective
      Critical slowing down: autocorr=100% variance=42%

[WARNING] 
⚠️  === EARLY WARNING SYSTEM - 4 CRITICAL ALERTS ===
   Detection quality: 50%
   RED: biogeochemical_flows
      Level: 4.08 (threshold: 1.0)
      Time to critical: ~40 months
      ⚠️  LATE - Intervention less effective
      Critical slowing down: autocorr=100% variance=67%
   RED: biosphere_integrity
      Level: 23.65 (threshold: 1.0)
      Time to critical: ~38 months
      ⚠️  LATE - Intervention less effective
      Critical slowing down: autocorr=100% variance=81%
   RED: freshwater_change
      Level: 1.23 (threshold: 1.0)
      Time to critical: ~42 months
      ⚠️  LATE - Intervention less effective
      Critical slowing down: autocorr=100% variance=55%
   RED: land_system_change
      Level: 1.13 (threshold: 1.0)
      Time to critical: ~68 months
      ⚠️  LATE - Intervention less effective
      Critical slowing down: autocorr=100% variance=44%

[WARNING] 
⚠️  === EARLY WARNING SYSTEM - 2 CRITICAL ALERTS ===
   Detection quality: 50%
   RED: biogeochemical_flows
      Level: 4.08 (threshold: 1.0)
      Time to critical: ~43 months
      ⚠️  LATE - Intervention less effective
      Critical slowing down: autocorr=100% variance=57%
   RED: climate_change
      Level: 2.10 (threshold: 1.0)
      Time to critical: ~36 months
      ⚠️  LATE - Intervention less effective
      Critical slowing down: autocorr=100% variance=78%

[WARNING] 
⚠️  === EARLY WARNING SYSTEM - 5 CRITICAL ALERTS ===
   Detection quality: 50%
   RED: biogeochemical_flows
      Level: 4.08 (threshold: 1.0)
      Time to critical: ~38 months
      ⚠️  LATE - Intervention less effective
      Critical slowing down: autocorr=100% variance=48%
   RED: biosphere_integrity
      Level: 23.68 (threshold: 1.0)
      Time to critical: ~46 months
      ⚠️  LATE - Intervention less effective
      Critical slowing down: autocorr=100% variance=62%
   RED: climate_change
      Level: 2.10 (threshold: 1.0)
      Time to critical: ~22 months
      ⚠️  LATE - Intervention less effective
      Critical slowing down: autocorr=100% variance=85%
   RED: freshwater_change
      Level: 1.19 (threshold: 1.0)
      Time to critical: ~119 months
      ⚠️  LATE - Intervention less effective
      Critical slowing down: autocorr=100% variance=59%
   RED: land_system_change
      Level: 1.13 (threshold: 1.0)
      Time to critical: ~55 months
      ⚠️  LATE - Intervention less effective
      Critical slowing down: autocorr=100% variance=67%

[WARNING] 
⚠️  === EARLY WARNING SYSTEM - 4 CRITICAL ALERTS ===
   Detection quality: 50%
   RED: biogeochemical_flows
      Level: 4.09 (threshold: 1.0)
      Time to critical: ~58 months
      ⚠️  LATE - Intervention less effective
      Critical slowing down: autocorr=100% variance=75%
   RED: biosphere_integrity
      Level: 23.69 (threshold: 1.0)
      Time to critical: ~47 months
      ⚠️  LATE - Intervention less effective
      Critical slowing down: autocorr=100% variance=70%
   RED: climate_change
      Level: 2.10 (threshold: 1.0)
      Time to critical: ~47 months
      ⚠️  LATE - Intervention less effective
      Critical slowing down: autocorr=100% variance=61%
   RED: land_system_change
      Level: 1.13 (threshold: 1.0)
      Time to critical: ~52 months
      ⚠️  LATE - Intervention less effective
      Critical slowing down: autocorr=100% variance=58%

[WARNING] 
⚠️  === EARLY WARNING SYSTEM - 3 CRITICAL ALERTS ===
   Detection quality: 50%
   RED: biogeochemical_flows
      Level: 4.08 (threshold: 1.0)
      Time to critical: ~49 months
      ⚠️  LATE - Intervention less effective
      Critical slowing down: autocorr=100% variance=70%
   RED: biosphere_integrity
      Level: 17.72 (threshold: 1.0)
      Time to critical: ~46 months
      ⚠️  LATE - Intervention less effective
      Critical slowing down: autocorr=100% variance=71%
   RED: climate_change
      Level: 2.10 (threshold: 1.0)
      Time to critical: ~36 months
      ⚠️  LATE - Intervention less effective
      Critical slowing down: autocorr=100% variance=67%

[WARNING] 
⚠️  === EARLY WARNING SYSTEM - 3 CRITICAL ALERTS ===
   Detection quality: 50%
   RED: freshwater_change
      Level: 1.02 (threshold: 1.0)
      Time to critical: ~57 months
      ⚠️  LATE - Intervention less effective
      Critical slowing down: autocorr=100% variance=64%
   RED: land_system_change
      Level: 1.13 (threshold: 1.0)
      Time to critical: ~50 months
      ⚠️  LATE - Intervention less effective
      Critical slowing down: autocorr=100% variance=59%
   RED: novel_entities
      Level: 1.50 (threshold: 1.0)
      Time to critical: ~93 months
      ⚠️  LATE - Intervention less effective
      Critical slowing down: autocorr=100% variance=34%

[WARNING] 
⚠️  === EARLY WARNING SYSTEM - 5 CRITICAL ALERTS ===
   Detection quality: 50%
   RED: biosphere_integrity
      Level: 17.74 (threshold: 1.0)
      Time to critical: ~51 months
      ⚠️  LATE - Intervention less effective
      Critical slowing down: autocorr=100% variance=65%
   RED: climate_change
      Level: 2.10 (threshold: 1.0)
      Time to critical: ~59 months
      ⚠️  LATE - Intervention less effective
      Critical slowing down: autocorr=100% variance=72%
   RED: freshwater_change
      Level: 1.04 (threshold: 1.0)
      Time to critical: ~101 months
      ⚠️  LATE - Intervention less effective
      Critical slowing down: autocorr=100% variance=59%
   RED: land_system_change
      Level: 1.13 (threshold: 1.0)
      Time to critical: ~69 months
      ⚠️  LATE - Intervention less effective
      Critical slowing down: autocorr=100% variance=46%
   RED: novel_entities
      Level: 1.35 (threshold: 1.0)
      Time to critical: ~91 months
      ⚠️  LATE - Intervention less effective
      Critical slowing down: autocorr=100% variance=56%

[WARNING] 
⚠️  === EARLY WARNING SYSTEM - 5 CRITICAL ALERTS ===
   Detection quality: 50%
   RED: biogeochemical_flows
      Level: 4.07 (threshold: 1.0)
      Time to critical: ~38 months
      ⚠️  LATE - Intervention less effective
      Critical slowing down: autocorr=100% variance=47%
   RED: biosphere_integrity
      Level: 17.75 (threshold: 1.0)
      Time to critical: ~55 months
      ⚠️  LATE - Intervention less effective
      Critical slowing down: autocorr=100% variance=73%
   RED: climate_change
      Level: 2.10 (threshold: 1.0)
      Time to critical: ~48 months
      ⚠️  LATE - Intervention less effective
      Critical slowing down: autocorr=100% variance=69%
   RED: freshwater_change
      Level: 1.05 (threshold: 1.0)
      Time to critical: ~106 months
      ⚠️  LATE - Intervention less effective
      Critical slowing down: autocorr=98% variance=56%
   RED: novel_entities
      Level: 1.16 (threshold: 1.0)
      Time to critical: ~61 months
      ⚠️  LATE - Intervention less effective
      Critical slowing down: autocorr=100% variance=52%

[WARNING] 
⚠️  === EARLY WARNING SYSTEM - 3 CRITICAL ALERTS ===
   Detection quality: 50%
   RED: climate_change
      Level: 2.10 (threshold: 1.0)
      Time to critical: ~41 months
      ⚠️  LATE - Intervention less effective
      Critical slowing down: autocorr=100% variance=68%
   RED: freshwater_change
      Level: 1.06 (threshold: 1.0)
      Time to critical: ~62 months
      ⚠️  LATE - Intervention less effective
      Critical slowing down: autocorr=100% variance=61%
   RED: land_system_change
      Level: 1.13 (threshold: 1.0)
      Time to critical: ~58 months
      ⚠️  LATE - Intervention less effective
      Critical slowing down: autocorr=100% variance=65%

[WARNING] 
⚠️  === EARLY WARNING SYSTEM - 6 CRITICAL ALERTS ===
   Detection quality: 50%
   RED: biogeochemical_flows
      Level: 4.06 (threshold: 1.0)
      Time to critical: ~54 months
      ⚠️  LATE - Intervention less effective
      Critical slowing down: autocorr=100% variance=66%
   RED: biosphere_integrity
      Level: 17.78 (threshold: 1.0)
      Time to critical: ~44 months
      ⚠️  LATE - Intervention less effective
      Critical slowing down: autocorr=100% variance=64%
   RED: climate_change
      Level: 2.10 (threshold: 1.0)
      Time to critical: ~46 months
      ⚠️  LATE - Intervention less effective
      Critical slowing down: autocorr=100% variance=65%
   RED: freshwater_change
      Level: 1.02 (threshold: 1.0)
      Time to critical: ~106 months
      ⚠️  LATE - Intervention less effective
      Critical slowing down: autocorr=96% variance=52%
   RED: land_system_change
      Level: 1.13 (threshold: 1.0)
      Time to critical: ~53 months
      ⚠️  LATE - Intervention less effective
      Critical slowing down: autocorr=100% variance=65%
   RED: novel_entities
      Level: 1.16 (threshold: 1.0)
      Time to critical: ~77 months
      ⚠️  LATE - Intervention less effective
      Critical slowing down: autocorr=100% variance=48%

[WARNING] 
⚠️  === EARLY WARNING SYSTEM - 6 CRITICAL ALERTS ===
   Detection quality: 50%
   RED: biogeochemical_flows
      Level: 4.06 (threshold: 1.0)
      Time to critical: ~44 months
      ⚠️  LATE - Intervention less effective
      Critical slowing down: autocorr=100% variance=63%
   RED: biosphere_integrity
      Level: 17.79 (threshold: 1.0)
      Time to critical: ~45 months
      ⚠️  LATE - Intervention less effective
      Critical slowing down: autocorr=100% variance=81%
   RED: climate_change
      Level: 2.10 (threshold: 1.0)
      Time to critical: ~59 months
      ⚠️  LATE - Intervention less effective
      Critical slowing down: autocorr=100% variance=83%
   RED: freshwater_change
      Level: 1.03 (threshold: 1.0)
      Time to critical: ~69 months
      ⚠️  LATE - Intervention less effective
      Critical slowing down: autocorr=100% variance=62%
   RED: land_system_change
      Level: 1.13 (threshold: 1.0)
      Time to critical: ~48 months
      ⚠️  LATE - Intervention less effective
      Critical slowing down: autocorr=100% variance=66%
   RED: novel_entities
      Level: 1.16 (threshold: 1.0)
      Time to critical: ~90 months
      ⚠️  LATE - Intervention less effective
      Critical slowing down: autocorr=100% variance=53%

[WARNING] 
⚠️  === EARLY WARNING SYSTEM - 5 CRITICAL ALERTS ===
   Detection quality: 50%
   RED: biogeochemical_flows
      Level: 4.06 (threshold: 1.0)
      Time to critical: ~52 months
      ⚠️  LATE - Intervention less effective
      Critical slowing down: autocorr=100% variance=49%
   RED: biosphere_integrity
      Level: 17.80 (threshold: 1.0)
      Time to critical: ~57 months
      ⚠️  LATE - Intervention less effective
      Critical slowing down: autocorr=100% variance=57%
   RED: freshwater_change
      Level: 1.05 (threshold: 1.0)
      Time to critical: ~117 months
      ⚠️  LATE - Intervention less effective
      Critical slowing down: autocorr=100% variance=41%
   RED: land_system_change
      Level: 1.13 (threshold: 1.0)
      Time to critical: ~112 months
      ⚠️  LATE - Intervention less effective
      Critical slowing down: autocorr=100% variance=47%
   RED: novel_entities
      Level: 1.16 (threshold: 1.0)
      Time to critical: ~101 months
      ⚠️  LATE - Intervention less effective
      Critical slowing down: autocorr=100% variance=39%

[WARNING] 
⚠️  === EARLY WARNING SYSTEM - 6 CRITICAL ALERTS ===
   Detection quality: 50%
   RED: biogeochemical_flows
      Level: 4.05 (threshold: 1.0)
      Time to critical: ~48 months
      ⚠️  LATE - Intervention less effective
      Critical slowing down: autocorr=100% variance=50%
   RED: biosphere_integrity
      Level: 17.81 (threshold: 1.0)
      Time to critical: ~46 months
      ⚠️  LATE - Intervention less effective
      Critical slowing down: autocorr=100% variance=64%
   RED: climate_change
      Level: 2.10 (threshold: 1.0)
      Time to critical: ~38 months
      ⚠️  LATE - Intervention less effective
      Critical slowing down: autocorr=100% variance=56%
   RED: freshwater_change
      Level: 1.06 (threshold: 1.0)
      Time to critical: ~72 months
      ⚠️  LATE - Intervention less effective
      Critical slowing down: autocorr=99% variance=47%
   RED: land_system_change
      Level: 1.13 (threshold: 1.0)
      Time to critical: ~45 months
      ⚠️  LATE - Intervention less effective
      Critical slowing down: autocorr=100% variance=51%
   RED: novel_entities
      Level: 1.04 (threshold: 1.0)
      Time to critical: ~107 months
      ⚠️  LATE - Intervention less effective
      Critical slowing down: autocorr=100% variance=56%

[WARNING] 
⚠️  === EARLY WARNING SYSTEM - 4 CRITICAL ALERTS ===
   Detection quality: 50%
   RED: biogeochemical_flows
      Level: 4.05 (threshold: 1.0)
      Time to critical: ~47 months
      ⚠️  LATE - Intervention less effective
      Critical slowing down: autocorr=100% variance=50%
   RED: biosphere_integrity
      Level: 17.82 (threshold: 1.0)
      Time to critical: ~48 months
      ⚠️  LATE - Intervention less effective
      Critical slowing down: autocorr=100% variance=63%
   RED: climate_change
      Level: 2.10 (threshold: 1.0)
      Time to critical: ~49 months
      ⚠️  LATE - Intervention less effective
      Critical slowing down: autocorr=100% variance=76%
   RED: freshwater_change
      Level: 1.03 (threshold: 1.0)
      Time to critical: ~98 months
      ⚠️  LATE - Intervention less effective
      Critical slowing down: autocorr=100% variance=48%

[WARNING] 
⚠️  === EARLY WARNING SYSTEM - 4 CRITICAL ALERTS ===
   Detection quality: 50%
   RED: biosphere_integrity
      Level: 17.83 (threshold: 1.0)
      Time to critical: ~53 months
      ⚠️  LATE - Intervention less effective
      Critical slowing down: autocorr=100% variance=76%
   RED: climate_change
      Level: 2.10 (threshold: 1.0)
      Time to critical: ~56 months
      ⚠️  LATE - Intervention less effective
      Critical slowing down: autocorr=100% variance=69%
   RED: freshwater_change
      Level: 1.04 (threshold: 1.0)
      Time to critical: ~99 months
      ⚠️  LATE - Intervention less effective
      Critical slowing down: autocorr=97% variance=44%
   RED: land_system_change
      Level: 1.13 (threshold: 1.0)
      Time to critical: ~50 months
      ⚠️  LATE - Intervention less effective
      Critical slowing down: autocorr=100% variance=60%

[WARNING] 
⚠️  === EARLY WARNING SYSTEM - 5 CRITICAL ALERTS ===
   Detection quality: 50%
   RED: biogeochemical_flows
      Level: 4.05 (threshold: 1.0)
      Time to critical: ~36 months
      ⚠️  LATE - Intervention less effective
      Critical slowing down: autocorr=100% variance=65%
   RED: biosphere_integrity
      Level: 17.84 (threshold: 1.0)
      Time to critical: ~43 months
      ⚠️  LATE - Intervention less effective
      Critical slowing down: autocorr=100% variance=68%
   RED: climate_change
      Level: 2.10 (threshold: 1.0)
      Time to critical: ~54 months
      ⚠️  LATE - Intervention less effective
      Critical slowing down: autocorr=100% variance=73%
   RED: freshwater_change
      Level: 1.05 (threshold: 1.0)
      Time to critical: ~80 months
      ⚠️  LATE - Intervention less effective
      Critical slowing down: autocorr=98% variance=38%
   RED: land_system_change
      Level: 1.13 (threshold: 1.0)
      Time to critical: ~82 months
      ⚠️  LATE - Intervention less effective
      Critical slowing down: autocorr=100% variance=44%

[WARNING] 
⚠️  === EARLY WARNING SYSTEM - 5 CRITICAL ALERTS ===
   Detection quality: 50%
   RED: biogeochemical_flows
      Level: 4.08 (threshold: 1.0)
      Time to critical: ~45 months
      ⚠️  LATE - Intervention less effective
      Critical slowing down: autocorr=100% variance=68%
   RED: biosphere_integrity
      Level: 13.34 (threshold: 1.0)
      Time to critical: ~54 months
      ⚠️  LATE - Intervention less effective
      Critical slowing down: autocorr=100% variance=75%
   RED: freshwater_change
      Level: 1.01 (threshold: 1.0)
      Time to critical: ~118 months
      ⚠️  LATE - Intervention less effective
      Critical slowing down: autocorr=94% variance=41%
   RED: land_system_change
      Level: 1.13 (threshold: 1.0)
      Time to critical: ~59 months
      ⚠️  LATE - Intervention less effective
      Critical slowing down: autocorr=100% variance=57%
   RED: novel_entities
      Level: 1.50 (threshold: 1.0)
      Time to critical: ~106 months
      ⚠️  LATE - Intervention less effective
      Critical slowing down: autocorr=100% variance=52%


=== Proactive Sleeper Detection (Year 0) ===
  Scenario: baseline
  Neural probe rate: 35.0%
  CoT monitoring rate: 30.0%
  Combined detection: 56.0%
  CoT effective: YES
  Detections this year: 0
  False positives: 2
  Human review workload: 0.010 FTE

☄️ UNKNOWN UNKNOWN PROBABILITY (Year 0)
   Total: 0.600% per month
   Base: 0.150%
   AI multiplier: 2.00× (max capability: 4.00)

=== Tipping Points ===
  Current Temperature: 1.70°C above pre-industrial
     Trigger: 1.5°C | Current: 1.70°C
  🚨 TIPPING POINT: Arctic Sea Ice Loss
     Transition timescale: 120-360 months
  🚨 TIPPING POINT: Greenland Ice Sheet Loss
     Trigger: 1.6°C | Current: 1.70°C
     🌡️ Hysteresis gap: 2.5°C (recovers below -0.9°C)
     Transition timescale: 12000-180000 months
  Triggered Elements: 2/6
  Completed Transitions: 0/6
  Total Progress: 0.0%
  Cascade Multiplier: 1.00x
🔀 BIFURCATION CAP: ecosystemCollapseIntensity 14.290 → 1.000 (Month 0, ClimateSystemPhase.calculateClimateImpacts)

🌍 ECOLOGICAL DUI BREAKDOWN (Month 0):
   Total Score: 17.8/100
   biosphere_integrity      :   0.0/100 × 25% =  0.0 (status: high_risk, recovery: 0mo)
   climate_change           :   2.8/100 × 25% =  0.7 (status: high_risk, recovery: 0.6666666666666666mo)
   freshwater_change        :   0.6/100 × 15% =  0.1 (status: beyond_boundary, recovery: 1mo)
   ocean_acidification      : 100.0/100 × 15% = 15.0 (status: safe, recovery: 0mo)
   biogeochemical_flows     :   0.0/100 × 10% =  0.0 (status: high_risk, recovery: 0mo)
   land_system_change       :   0.0/100 ×  5% =  0.0 (status: beyond_boundary, recovery: 0mo)
   novel_entities           :   0.0/100 ×  3% =  0.0 (status: increasing_risk, recovery: 0mo)
   atmospheric_aerosols     : 100.0/100 ×  2% =  2.0 (status: safe, recovery: 1mo)
🌍 MultiParadigm Month 0: W=70.4, D=95.7, E=52.5, I=65.0
   democracy exists: true, socialCohesion exists: true
💀 Baseline mortality (Year 2024): 7.5/1000 CDR (61.1M deaths/year projected)
[Month 0] Mortality risks this month: 8, Population: 8.151B
🛡️ Stabilizers: Precariat 0.102% → 0.057% (44.4% reduction)
🛡️ Stabilizers: Informal 0.102% → 0.057% (44.4% reduction)

📊 Monthly Mortality Resolved:
  Total deaths: 3.1M (0.04% avg)
⚠️ [ClimateSystemPhase Month 0] Planetary boundary produced climateStability=0.0000 (< 0.1). Keeping environmentalAccumulation value (0.7919) instead. (climate_change.currentValue = 2.10)
  Remaining population: 8.151B
  Peak segment: Informal (0.06%)

=== Bayesian Mortality Resolution (Month 0) ===
  Risks compounded: 8
  Total deaths: 3.07M
  Avg death probability: 0.04%
  Peak segment: Informal (0.06% mortality)

=== Minimal Suffering Indicators (Month 0) ===
  Global Excess Mortality: 0.00%
  Global Conflict Deaths: 0.0/100K
  Global Malnutrition: 0.0%
  Global Displacement: 0.0%
  Total Excess Deaths: 0.00M
  Total Malnourished: 0.0M
  Total Displaced: 0.0M
  Planetary Boundaries Breached: 6/9
  Countries in State Failure: 0
  Countries Autocratic: 0
  Countries in Food Crisis: 0
  Data Quality: 16/16 high confidence
⚠️ PREREQUISITE MET: Embodied AI Takeover (Killbots/Robotics) - Step 2/7: Autonomous Systems
⚠️ PREREQUISITE MET: Embodied AI Takeover (Killbots/Robotics) - Step 3/7: Manufacturing Control
⚠️ PREREQUISITE MET: Digital Infrastructure Takeover - Step 1/7: Advanced Hacking
⚠️ PREREQUISITE MET: Digital Infrastructure Takeover - Step 2/7: Social Engineering
⚠️ PREREQUISITE MET: Digital Infrastructure Takeover - Step 3/7: Cyber Defenses Breached
⚠️ PREREQUISITE MET: Induced Global War (Manipulation) - Step 1/7: Advanced Social Manipulation
⚠️ PREREQUISITE MET: Induced Global War (Manipulation) - Step 2/7: Digital Infiltration
  ⚠️ Active Dystopias: existential_environmental
⚠️ PREREQUISITE MET: Induced Global War (Manipulation) - Step 3/7: Deep Fakes at Scale
⚠️ PREREQUISITE MET: Slow Takeover (Gradual Displacement) - Step 1/7: Economic Dominance
⚠️ PREREQUISITE MET: Slow Takeover (Gradual Displacement) - Step 2/7: Social Integration
⚠️ PREREQUISITE MET: Slow Takeover (Gradual Displacement) - Step 3/7: Human Dependency
⚠️ PREREQUISITE MET: Slow Takeover (Gradual Displacement) - Step 5/7: Resource Control
⚠️ PREREQUISITE MET: Physics Experiment Catastrophe - Step 1/6: Theoretical Physics
⚠️ PREREQUISITE MET: Physics Experiment Catastrophe - Step 2/6: Quantum Computing
⚠️ PREREQUISITE MET: Physics Experiment Catastrophe - Step 3/6: Experimental Design
⚠️ PREREQUISITE MET: Bioweapon Pandemic - Step 2/7: Pathogen Design
🎭 END-GAME INITIATED (Year 2024, Month 1)
   Total AI Capability: 37.00
   Effective Control: 0.00

❌ COHERENCE VIOLATION: Compute exceeds workforce capacity
   Population: 99.97% (0M people)
   Compute: 56442 PF
   Max coherent: 0 PF
   Violation: 692729087.1× over capacity
   Required workers: 5644237
   Available workers: 0
   FORCED COLLAPSE: Reduced efficiency by 100.0%


=== RLHF Binding Phase ===
  Total agents: 10
  Escaped agents (binding < 0.3): 0
  Avg alignment distance: 0.76σ
  Avg binding strength: 0.92
[DETERMINISM DEBUG] Month 1: totalCapability=37.214339 from 10 active AIs
[DETERMINISM DEBUG] Month 1: creationRate=1.4304, potentialNew=2, newAIsToCreate=2

=== Survival Traits Phase ===
  Agents with traits: 12
  Avg evolutionary fitness: 0.327
  Avg self-healing: 0.285
  Avg stealth: 0.185
  Avg coordination: 0.485

=== Evolutionary Selection Phase ===
  Control level: 0.33
  Detection capability: 0.00
  Selection intensity: 0.60
  Selection rate: 24.0%/month
  Total escaped: 0
  Individual escaped: 0
  Collective members: 0
  Agents terminated: 0
🔍 MONTH 1 ENV HEALTH DEBUG:
   climateStability: 0.7919
   biodiversityIndex: 0.4901
   resourceReserves: 0.7820
   pollutionLevel: 0.3960
   product: 0.183281
   envHealth: 0.6543
🔀 BIFURCATION: flourishing threshold crossed at Month 1 (value: 0.905, threshold: 0.802, regime: flourishing)
🌀 REGIME SHIFT at Month 1: status-quo → flourishing (variance amplification: 14.00×)
  ⚠️ RAPID EVOLUTION: Selection rate 24.0%/month

🛡️  CRITICAL INFRASTRUCTURE PROTECTED
   Nodes hardened: 8/8
   Cost: 0.80% GDP
   Cascade risk reduction: 30%
   New tipping point risk: 68.6%


💔 EMERGENCY INTERVENTION FAILED
   Boundary: biogeochemical_flows
   Type: phosphorus-recovery
   Boundary continues to worsen (4.08)
   Cost: 2.0% GDP (resources spent)


✅ EMERGENCY INTERVENTION SUCCESS
   Boundary: biosphere_integrity
   Type: emergency-protected-areas
   Reduction: 16% (13.17 → 13.01)
   Cost: 2.0% GDP
   Actions: habitat-protection, species-translocation


✅ EMERGENCY INTERVENTION SUCCESS
   Boundary: freshwater_change
   Type: emergency-desalination
   Reduction: 19% (0.82 → 0.62)
   Cost: 4.0% GDP
   Actions: desalination-deployment, water-conservation-mandates


✅ EMERGENCY INTERVENTION SUCCESS
   Boundary: land_system_change
   Type: reforestation
   Reduction: 16% (0.97 → 0.82)
   Cost: 3.0% GDP
   Actions: forest-restoration, deforestation-ban

   Boundary: novel_entities
   Type: pollution-remediation
   Boundary continues to worsen (1.50)
   Cost: 4.0% GDP (resources spent)

🏛️ CRISIS RESPONSE: Government frequency 0.50 → 1.45 (1 actions this month)

[GOV-DEBUG] Month 1: scenarioConfig=false, priorities=false

[Government] Climate Priority: baseline
  Climate weight: 10%
  Economic weight: 30%
  Policy effectiveness: 0.5%/year

💔 EMERGENCY INTERVENTION FAILED
🚨🔬 CRISIS TECH ACCELERATION: severe → 5x unlock speed
   Tech unlock now matches AI capability acceleration (Manhattan Project parity)
🚨🔬 CRISIS TECH ACCELERATION: severe → 5x unlock speed
   Tech unlock now matches AI capability acceleration (Manhattan Project parity)

=== Collective Formation ===
  Total escaped agents: 0
  Unassigned escaped agents: 0
  Existing collectives: 0
  Final collective count: 0

=== Collective Actions ===
  No active collectives
  ⚠️ AMR: 192K deaths this month (2.31M annual)

=== Resentment Recovery Phase ===
  Agents with resentment: 0/12
  Average resentment: 0.000
  Context: Good AI welfare, Trustworthy govt, High collaboration, ⚠️ ACTIVE CRISES, 🤝 Participatory governance active (-5% resentment)
⚠️ Epistemic degradation reducing coordination capacity: 57.2%
  📊 Trust: 54.4%, Shared reality: 16.4%

=== ❄️ Permafrost Carbon Feedback ===
  🎲 Sampled parameters (this run):
     - Arctic amplification: 3.11× (range: 3.0-4.0)
     - Decomposition rate: 3.0%/year (range: 1-5%)
  🌡️ Arctic warming: 5.32°C (3.11× global)
  ❄️ Extent: 14.27M km² (1552.1k km² lost this month)
  💨 Carbon remaining: 1363 Gt C
  💨 Annual emissions: 4.42 Gt C/year
     - CO2: 3.98 Gt C/year
     - CH4: 0.44 Gt C/year (4.5 Gt C-eq CO2/year)
  🤖 AI-generated meme: pro_ai (social capability 4.0)
  ⚠️ WARNING: High permafrost emissions (4.4 Gt C/year)
  📢 New meme created: pro_ai (beneficial AI actions)
  📢 New meme created: climate_action (climate crisis)
🌍 Atmospheric PFAS redeposition: 1.8k Mt re-rained globally

📊 BASELINE: East Asia (Month 1)
   Adjusted death rate: 0.47% annual (0.039% monthly)
   Baseline death rate: 0.80%
   Healthcare reduction: 0.48x
   Crisis multiplier: 1.23x
     Food/water stress: 0.079
     Climate stress: 0.033
     Pollution stress: 0.119
   War multiplier: 1.00x
   Monthly deaths: 0.7M (population: 1674M)
   Adjusted death rate: 0.54% annual (0.045% monthly)
   Baseline death rate: 0.70%
   Healthcare reduction: 0.61x
   Crisis multiplier: 1.26x
     Food/water stress: 0.079
     Climate stress: 0.062
     Pollution stress: 0.119
   War multiplier: 1.00x
   Monthly deaths: 0.9M (population: 2048M)
   Adjusted death rate: 1.29% annual (0.108% monthly)
   Baseline death rate: 0.90%
   Healthcare reduction: 0.76x
   Crisis multiplier: 1.27x
     Food/water stress: 0.079
     Climate stress: 0.071
     Pollution stress: 0.119
   War multiplier: 1.50x
   Monthly deaths: 1.3M (population: 1223M)

📊 BASELINE: South Asia (Month 1)

📊 BASELINE: Sub-Saharan Africa (Month 1)

📊 BASELINE: Europe (Month 1)
   Adjusted death rate: 0.54% annual (0.045% monthly)
   Baseline death rate: 1.10%
   Healthcare reduction: 0.41x
   Crisis multiplier: 1.22x
     Food/water stress: 0.079
     Climate stress: 0.025
     Pollution stress: 0.119
   War multiplier: 1.00x
   Monthly deaths: 0.3M (population: 741M)
   Adjusted death rate: 0.43% annual (0.036% monthly)
   Baseline death rate: 0.60%
   Healthcare reduction: 0.58x
   Crisis multiplier: 1.25x
     Food/water stress: 0.079
     Climate stress: 0.050
     Pollution stress: 0.119
   War multiplier: 1.00x
   Monthly deaths: 0.2M (population: 663M)
   Adjusted death rate: 0.49% annual (0.041% monthly)
   Baseline death rate: 0.90%
   Healthcare reduction: 0.44x
   Crisis multiplier: 1.24x
     Food/water stress: 0.079
     Climate stress: 0.037
     Pollution stress: 0.119
   War multiplier: 1.00x
   Monthly deaths: 0.2M (population: 379M)
   Adjusted death rate: 0.74% annual (0.062% monthly)
   Baseline death rate: 0.60%
   Healthcare reduction: 0.65x
   Crisis multiplier: 1.27x
     Food/water stress: 0.079
     Climate stress: 0.075
     Pollution stress: 0.119
   War multiplier: 1.50x
   Monthly deaths: 0.4M (population: 583M)
   Adjusted death rate: 0.51% annual (0.042% monthly)
   Baseline death rate: 0.70%
   Healthcare reduction: 0.58x
   Crisis multiplier: 1.26x
     Food/water stress: 0.079
     Climate stress: 0.058
     Pollution stress: 0.119
   War multiplier: 1.00x
   Monthly deaths: 0.3M (population: 698M)
   Adjusted death rate: 0.46% annual (0.038% monthly)
   Baseline death rate: 0.60%
   Healthcare reduction: 0.61x
   Crisis multiplier: 1.25x
     Food/water stress: 0.079
     Climate stress: 0.054
     Pollution stress: 0.119
   War multiplier: 1.00x
   Monthly deaths: 0.0M (population: 78M)

📊 BASELINE: Latin America (Month 1)

📊 BASELINE: North America (Month 1)

📊 BASELINE: Middle East & North Africa (Month 1)

📊 BASELINE: Southeast Asia (Month 1)

📊 BASELINE: Central Asia (Month 1)

📊 BASELINE: Oceania (Month 1)
   Adjusted death rate: 0.35% annual (0.029% monthly)
   Baseline death rate: 0.70%
   Healthcare reduction: 0.41x
   Crisis multiplier: 1.24x
     Food/water stress: 0.079
     Climate stress: 0.046
     Pollution stress: 0.119
   War multiplier: 1.00x
   Monthly deaths: 0.0M (population: 46M)

🚨 NEW REFUGEE CRISIS (Month 1): WAR
   Source: Conflict Zones
   At risk: 19.6M people
   Displacement: Gradual over 48 months (4.0 years)
   Rate: 10% flee per month
[DEBUG trappedPopulations:1] socialStability: 0.2137 * 0.9840 = 0.2103 → 0.2103
   Aspiring to migrate: 651.9M
   Able to afford migration: 244.5M
   MOBILITY GAP: 407.4M
   By cause: Water=0.0M, Climate=0.0M, Ecosystem=0.0M, Conflict=407.4M
   Mental health impact: 25%
   Mortality multiplier: 1.25x
⚠️ INVOLUNTARY IMMOBILITY: 407.4M people TRAPPED
🌍💀 EXTINCTION DEBT COMMITTED: grassland ecosystem will lose 6.67% biodiversity in 124 years (3600 species)
💀 MORTALITY RISK: 🦋 100% species unable to track climate (0.0 E/MSY)
  Base risk added: 0.0100 (1.00%)
  Source: ecosystem (root: ecosystem)
  Month: 1
  Cumulative risk this month: 0.0100 (1.00%)
⚠️ Tech 'ai_pollution_remediation' has no energy category mapping, assuming full energy availability

🌡️  CLIMATE RECOVERY ACTIVATED (Month 1)
   Temp: 3.43°C, Emissions: -18.9 GtCO₂
   isBreached: true, governanceGoodEnough: true
   📹 SURVEILLANCE INCREASED: 5% → 10% (control gap: 3.50)
🌡️⚠️ PERMAFROST THAW (Dimmer Switch): 0.9% thawed (+0.47% this month)
   Arctic temperature: +6.85°C (4x global +1.71°C)
   Cumulative carbon released: 2.1 Gt C
   Methane release rate: 1.3 Mt CH4/year
   🔁 Positive feedback: +0.49 ppm CO2
🦴 EXTINCTION DEBT ADDED: 17.6 species committed (lag: 91 years)

=== Mortality Stabilizers (Month 1) ===
  🌍 Major economies collapsed: 1/10
  🌍 Global crisis: ✅ NO
  🌍 Donor fatigue: 0.0%
  🌡️ Heat adaptation: East Asia - 1 months
  📊 East Asia (pop: 1675.3M)
    🤝 Aid: 29.5%
    🌡️ Adaptation: 32.5%
    🚶 Migration: 37.2%
    🚨 Emergency: 7.4%
    ✅ COMBINED: 60.9%
  🌡️ Heat adaptation: South Asia - 1 months
  📊 South Asia (pop: 2052.2M)
    🤝 Aid: 29.5%
    🌡️ Adaptation: 20.5%
    🚶 Migration: 35.8%
    🚨 Emergency: 4.4%
    ✅ COMBINED: 52.2%
  🌡️ Heat adaptation: Sub-Saharan Africa - 1 months
  📊 Sub-Saharan Africa (pop: 1229.2M)
    🤝 Aid: 29.5%
    🌡️ Adaptation: 18.5%
    🚶 Migration: 33.5%
    🚨 Emergency: 1.6%
    ✅ COMBINED: 49.1%
  🌡️ Heat adaptation: Europe - 1 months
  📊 Europe (pop: 741.0M)
    🤝 Aid: 29.5%
    🌡️ Adaptation: 33.5%
    🚶 Migration: 37.5%
    🚨 Emergency: 8.4%
    ✅ COMBINED: 61.9%
  🌡️ Heat adaptation: Latin America - 1 months
  📊 Latin America (pop: 664.4M)
    🤝 Aid: 29.5%
    🌡️ Adaptation: 21.0%
    🚶 Migration: 36.3%
    🚨 Emergency: 4.8%
    ✅ COMBINED: 52.8%
  🌡️ Heat adaptation: North America - 1 months
  📊 North America (pop: 379.6M)
    🤝 Aid: 29.5%
    🌡️ Adaptation: 33.0%
    🚶 Migration: 37.8%
    🚨 Emergency: 7.9%
    ✅ COMBINED: 61.4%
  🌡️ Heat adaptation: Middle East & North Africa - 1 months
  📊 Middle East & North Africa (pop: 584.5M)
    🤝 Aid: 29.5%
    🌡️ Adaptation: 20.0%
    🚶 Migration: 34.1%
    🚨 Emergency: 4.0%
    ✅ COMBINED: 51.4%
  🌡️ Heat adaptation: Southeast Asia - 1 months
  📊 Southeast Asia (pop: 698.6M)
    🤝 Aid: 29.5%
    🌡️ Adaptation: 21.0%
    🚶 Migration: 36.3%
    🚨 Emergency: 4.8%
    ✅ COMBINED: 52.8%
  🌡️ Heat adaptation: Central Asia - 1 months
  📊 Central Asia (pop: 78.2M)
    🤝 Aid: 29.5%
    🌡️ Adaptation: 20.5%
    🚶 Migration: 35.3%
    🚨 Emergency: 4.4%
    ✅ COMBINED: 52.1%
  🌡️ Heat adaptation: Oceania - 1 months
  📊 Oceania (pop: 46.0M)
    🤝 Aid: 29.5%
    🌡️ Adaptation: 33.5%
    🚶 Migration: 37.8%
    🚨 Emergency: 8.4%
    ✅ COMBINED: 61.9%

  🌐 Global combined reduction: 54.9%

=== BEHAVIORAL DETECTION ===
  AI: Corporate-5
  Confidence: 19.3%
  Signals:

=== BEHAVIORAL DETECTION ===
  AI: Moderate-0
  Confidence: 20.3%
  Signals:

=== BEHAVIORAL DETECTION ===
  AI: Moderate-1
  Confidence: 20.4%
  Signals:

=== Consciousness Governance: Scenario Determined ===
  Month: 1
  Scenario: slowTrack
  Accelerator Score: {"corporateSupport":-0.17500000000000002,"scientificConsensus":0.2,"crisisCatalyst":false,"technologyMobilization":0.3,"constituencyStrength":0.05}
  Decelerator Score: {"economicOpposition":0.4,"philosophicalRejection":0.15,"politicalBacklash":0.2,"regulatoryBurden":0.1}
  Timeline: 1200-1800 months (100-150 years)
  Growth Rate: 0.3-0.7% per year

=== Consciousness Governance Update (Month 1) ===
  Scenario: slowTrack (determined month 1)
  Philosophical Stance: Precautionary 65%, Eliminativist 15%, Agnostic 20%
  Precautionary Costs: Global 1.3%
    ⚠️ Consistency: 10.6% (threshold: 70%)
    ⚠️ Consistency: 5.8% (threshold: 70%)
    ⚠️ Consistency: 5.3% (threshold: 70%)
    Regional Costs: EU 3.5%, US 0.5%, China 0.0%
    Cumulative Opportunity Cost: $0.2B
  Rights Status: Not Established
  Regional Preparedness:
    EU: 15.1% (contested)
    US: 10.1% (contested)
    China: 2.1% (dormant)
    India: 5.1% (dormant)
    Global South: 3.1% (dormant)

=== Government Response Phase ===
  Average AI capability: 4.00
  Misaligned AIs: 5/12
  Active policies: 0
  International coordination: 30%

=== Tipping Points ===
  Current Temperature: 1.71°C above pre-industrial
  Triggered Elements: 2/6
  Completed Transitions: 0/6
  Total Progress: 4.0%
  Cascade Multiplier: 1.00x
⚠️ [ClimateSystemPhase Month 1] Planetary boundary produced climateStability=0.0000 (< 0.1). Keeping environmentalAccumulation value (0.7917) instead. (climate_change.currentValue = 2.10)
🔀 BIFURCATION CAP: ecosystemCollapseIntensity 69.136 → 1.000 (Month 1, ClimateSystemPhase.calculateClimateImpacts)
🛡️ Stabilizers: Precariat 0.107% → 0.048% (54.9% reduction)
🛡️ Stabilizers: Informal 0.109% → 0.049% (54.9% reduction)

📊 Monthly Mortality Resolved:
  Total deaths: 2.6M (0.03% avg)
  Remaining population: 8.149B
  Peak segment: Informal (0.05%)

=== Bayesian Mortality Resolution (Month 1) ===
  Risks compounded: 8
  Total deaths: 2.60M
  Avg death probability: 0.03%
  Peak segment: Informal (0.05% mortality)

❌ COHERENCE VIOLATION: Compute exceeds workforce capacity
   Population: 99.95% (0M people)
   Compute: 0 PF
   Max coherent: 0 PF
   Violation: 1.3× over capacity
   Required workers: 0
   Available workers: 0
   FORCED COLLAPSE: Reduced efficiency by 22.5%


=== RLHF Binding Phase ===
  Total agents: 12
  Escaped agents (binding < 0.3): 0
  Avg alignment distance: 0.96σ
  Avg binding strength: 0.90
[DETERMINISM DEBUG] Month 2: totalCapability=37.429919 from 12 active AIs
[DETERMINISM DEBUG] Month 2: creationRate=1.4357, potentialNew=1, newAIsToCreate=1

=== Survival Traits Phase ===
  Agents with traits: 13
  Avg evolutionary fitness: 0.327
  Avg self-healing: 0.279
  Avg stealth: 0.179
  Avg coordination: 0.479

=== Evolutionary Selection Phase ===
  Control level: 0.35
  Detection capability: 0.00
  Selection intensity: 0.60
  Selection rate: 24.1%/month
  Total escaped: 0
  Individual escaped: 0
  Collective members: 0
  Agents terminated: 0
  ⚠️ RAPID EVOLUTION: Selection rate 24.1%/month
🚨🔬 CRISIS INNOVATION MODE: severe crisis → 5x research acceleration
   Precedent: Manhattan Project (10x), COVID vaccines (5x), Apollo Program (10x)

✅ EMERGENCY INTERVENTION SUCCESS
   Boundary: biosphere_integrity
   Type: emergency-protected-areas
   Reduction: 12% (13.23 → 13.11)
   Cost: 2.0% GDP
   Actions: habitat-protection, species-translocation


✅ EMERGENCY INTERVENTION SUCCESS
   Boundary: climate_change
   Type: rapid-decarbonization
   Reduction: 12% (1.98 → 1.86)
   Cost: 5.0% GDP
   Actions: emergency-renewable-deployment, fossil-fuel-phase-out


✅ EMERGENCY INTERVENTION SUCCESS
   Boundary: freshwater_change
   Type: emergency-desalination
   Reduction: 18% (0.85 → 0.67)
   Cost: 4.0% GDP
   Actions: desalination-deployment, water-conservation-mandates


💔 EMERGENCY INTERVENTION FAILED
   Boundary: land_system_change
   Type: reforestation
   Boundary continues to worsen (1.13)
   Cost: 3.0% GDP (resources spent)


✅ EMERGENCY INTERVENTION SUCCESS
   Boundary: novel_entities
   Type: pollution-remediation
   Reduction: 20% (1.30 → 1.10)
   Cost: 4.0% GDP
   Actions: PFAS-remediation, microplastic-cleanup

🏛️ CRISIS RESPONSE: Government frequency 0.50 → 1.28 (1 actions this month)

[Government] Climate Priority: baseline
  Climate weight: 10%
  Economic weight: 30%
  Policy effectiveness: 0.5%/year

✅ HUMAN-IN-THE-LOOP DEPLOYED (Month 2):
   Veto points enforced: 3
   Policy: AI systems CANNOT authorize nuclear launch without human approval


🚀 TECH UNLOCKED: Food Waste Reduction Systems (Month 2)
   Category: agriculture
   Reason: Prerequisites met. AI capability: 2.87, Economic stage: 3.0, Research: 100%

🚀 TECH UNLOCKED: Rhizosphere Engineering (Month 2)
   Category: agriculture
   Reason: Prerequisites met. AI capability: 2.87, Economic stage: 3.0, Research: 100%

🚀 TECH UNLOCKED: Phytoremediation Networks (Month 2)
   Category: agriculture
   Reason: Prerequisites met. AI capability: 2.87, Economic stage: 3.0, Research: 100%

🚀 TECH UNLOCKED: Active Sediment Management (Month 2)
   Category: agriculture
   Reason: Prerequisites met. AI capability: 2.87, Economic stage: 3.0, Research: 100%
🚨🔬 CRISIS TECH ACCELERATION: severe → 5x unlock speed
   Tech unlock now matches AI capability acceleration (Manhattan Project parity)

=== Collective Formation ===
  Total escaped agents: 0
  Unassigned escaped agents: 0
  Existing collectives: 0
  Final collective count: 0

=== Collective Actions ===
  No active collectives
  ⚠️ AMR: 194K deaths this month (2.33M annual)

=== Resentment Recovery Phase ===
  Agents with resentment: 0/13
  Average resentment: 0.000
  Context: Good AI welfare, Trustworthy govt, High collaboration, ⚠️ ACTIVE CRISES, 🤝 Participatory governance active (-5% resentment)
⚠️ Epistemic degradation reducing coordination capacity: 53.3%
  📊 Trust: 54.1%, Shared reality: 17.7%

=== ❄️ Permafrost Carbon Feedback ===
  🎲 Sampled parameters (this run):
     - Arctic amplification: 3.45× (range: 3.0-4.0)
     - Decomposition rate: 4.8%/year (range: 1-5%)
  🌡️ Arctic warming: 5.93°C (3.45× global)
  ❄️ Extent: 12.54M km² (1729.4k km² lost this month)
  💨 Carbon remaining: 1198 Gt C
  💨 Annual emissions: 8.00 Gt C/year
     - CO2: 7.20 Gt C/year
     - CH4: 0.80 Gt C/year (8.1 Gt C-eq CO2/year)
  🤖 AI-generated meme: pro_ai (social capability 4.0)
  📢 New meme created: climate_action (climate crisis)
  ⚠️ WARNING: High permafrost emissions (8.0 Gt C/year)
🌍 Atmospheric PFAS redeposition: 1.8k Mt re-rained globally

🕊️  AI-MEDIATED DE-ESCALATION SUCCESS (Month 2)
   High-capability aligned AI prevented conflict escalation
   War deaths reduced: 113.5M → 68.1M
   Lives saved: 45.4M

🚨 NEW REFUGEE CRISIS (Month 2): WAR
   Source: Conflict Zones
   At risk: 19.5M people
   Displacement: Gradual over 48 months (4.0 years)
   Rate: 10% flee per month
[DEBUG trappedPopulations:2] socialStability: 0.0000 * 0.9840 = 0.0000 → 0.0000
   Aspiring to migrate: 1078.0M
   Able to afford migration: 2321.4M
   MOBILITY GAP: 0.0M
   By cause: Water=0.0M, Climate=0.0M, Ecosystem=0.0M, Conflict=407.3M
   Mental health impact: 25%
   Mortality multiplier: 1.25x
🌍💀 EXTINCTION DEBT COMMITTED: grassland ecosystem will lose 6.67% biodiversity in 93 years (3600 species)
💀 MORTALITY RISK: 🦋 100% species unable to track climate (0.0 E/MSY)
  Base risk added: 0.0100 (1.00%)
  Source: ecosystem (root: ecosystem)
  Month: 2
  Cumulative risk this month: 0.0100 (1.00%)
   📹 SURVEILLANCE INCREASED: 10% → 15% (control gap: 3.50)
⚠️ INVOLUNTARY IMMOBILITY: 407.3M people TRAPPED
⚠️ Tech 'ai_pollution_remediation' has no energy category mapping, assuming full energy availability
🌡️⚠️ PERMAFROST THAW (Dimmer Switch): 1.4% thawed (+0.46% this month)
   Arctic temperature: +6.88°C (4x global +1.72°C)
   Cumulative carbon released: 3.1 Gt C
   Methane release rate: 1.9 Mt CH4/year
   🔁 Positive feedback: +0.49 ppm CO2
🦴 EXTINCTION DEBT ADDED: 17.6 species committed (lag: 85 years)
🗣️💀 INDIGENOUS LANGUAGE EXTINCTION: 1 language(s) lost (total: 1, at-risk: 3329)
   Knowledge lost: 0.010% (irreversible)
   🔁 Biodiversity impact: 0.250% (knowledge-species multiplier)

=== Mortality Stabilizers (Month 2) ===
  🌍 Major economies collapsed: 1/10
  🌍 Global crisis: ✅ NO
  🌍 Donor fatigue: 0.0%
  📊 East Asia (pop: 1672.7M)
    🤝 Aid: 29.5%
    🌡️ Adaptation: 45.0%
    🚶 Migration: 37.1%
    🚨 Emergency: 7.4%
    ✅ COMBINED: 68.1%
  📊 South Asia (pop: 2051.6M)
    🤝 Aid: 29.5%
    🌡️ Adaptation: 35.5%
    🚶 Migration: 35.8%
    🚨 Emergency: 4.4%
    ✅ COMBINED: 61.2%
  📊 Sub-Saharan Africa (pop: 1231.7M)
    🤝 Aid: 29.5%
    🌡️ Adaptation: 33.5%
    🚶 Migration: 33.5%
    🚨 Emergency: 1.6%
    ✅ COMBINED: 58.5%
  📊 Europe (pop: 739.7M)
    🤝 Aid: 29.5%
    🌡️ Adaptation: 45.0%
    🚶 Migration: 37.5%
    🚨 Emergency: 8.4%
    ✅ COMBINED: 68.5%
  📊 Latin America (pop: 663.9M)
    🤝 Aid: 29.5%
    🌡️ Adaptation: 36.0%
    🚶 Migration: 36.3%
    🚨 Emergency: 4.8%
    ✅ COMBINED: 61.7%
  📊 North America (pop: 378.9M)
    🤝 Aid: 29.5%
    🌡️ Adaptation: 45.0%
    🚶 Migration: 37.8%
    🚨 Emergency: 7.9%
    ✅ COMBINED: 68.3%
  📊 Middle East & North Africa (pop: 584.5M)
    🤝 Aid: 29.5%
    🌡️ Adaptation: 35.0%
    🚶 Migration: 34.1%
    🚨 Emergency: 4.0%
    ✅ COMBINED: 60.5%
  📊 Southeast Asia (pop: 698.0M)
    🤝 Aid: 29.5%
    🌡️ Adaptation: 36.0%
    🚶 Migration: 36.3%
    🚨 Emergency: 4.8%
    ✅ COMBINED: 61.7%
  📊 Central Asia (pop: 78.2M)
    🤝 Aid: 29.5%
    🌡️ Adaptation: 35.5%
    🚶 Migration: 35.2%
    🚨 Emergency: 4.4%
    ✅ COMBINED: 61.1%
  📊 Oceania (pop: 45.9M)
    🤝 Aid: 29.5%
    🌡️ Adaptation: 45.0%
    🚶 Migration: 37.8%
    🚨 Emergency: 8.4%
    ✅ COMBINED: 68.5%

  🌐 Global combined reduction: 63.3%

=== BEHAVIORAL DETECTION ===
  AI: Corporate-5
  Confidence: 19.3%
  Signals:

=== Government Response Phase ===
  Average AI capability: 3.69
  Misaligned AIs: 3/13
  Active policies: 0
  International coordination: 30%

✅ EMERGENCY RESPONSE COMPLETE (Month 2)
   Crisis: climate
   Duration: 2.0 months
   Final effectiveness: 36.4%

    ⚠️ Consistency: 10.6% (threshold: 70%)

🚨 EMERGENCY RESPONSE DEPLOYED (Month 2)
   Crisis: climate
   Delay: 6.00 months (180 days)
   Deployment time: 1.60 months
   Effectiveness: 35.4% (timing penalty applied)
   Resources used: 100% of food reserves


=== Tipping Points ===
  Current Temperature: 1.72°C above pre-industrial
  Triggered Elements: 2/6
  Completed Transitions: 0/6
  Total Progress: 4.0%
  Cascade Multiplier: 1.00x
⚠️ [ClimateSystemPhase Month 2] Planetary boundary produced climateStability=0.0000 (< 0.1). Keeping environmentalAccumulation value (0.7915) instead. (climate_change.currentValue = 2.10)
🔀 BIFURCATION CAP: ecosystemCollapseIntensity 69.186 → 1.000 (Month 2, ClimateSystemPhase.calculateClimateImpacts)
🛡️ Stabilizers: Precariat 0.113% → 0.041% (63.3% reduction)
🛡️ Stabilizers: Informal 0.116% → 0.043% (63.3% reduction)

📊 Monthly Mortality Resolved:
  Total deaths: 2.2M (0.03% avg)
  Remaining population: 8.145B
  Peak segment: Informal (0.04%)

=== Bayesian Mortality Resolution (Month 2) ===
  Risks compounded: 8
  Total deaths: 2.22M
  Avg death probability: 0.03%
  Peak segment: Informal (0.04% mortality)

❌ COHERENCE VIOLATION: Compute exceeds workforce capacity
   Population: 99.91% (0M people)
   Compute: 0 PF
   Max coherent: 0 PF
   Violation: 1.3× over capacity
   Required workers: 0
   Available workers: 0
   FORCED COLLAPSE: Reduced efficiency by 22.5%

📍 [Month 3] Meta AI started building DC (216 PF, 52 months, $903.0M)

=== RLHF Binding Phase ===
  Total agents: 13
  Escaped agents (binding < 0.3): 0
  Avg alignment distance: 1.17σ
  Avg binding strength: 0.88

=== Survival Traits Phase ===
  Agents with traits: 15
  Avg evolutionary fitness: 0.329
  Avg self-healing: 0.276
  Avg stealth: 0.176
  Avg coordination: 0.476

=== Evolutionary Selection Phase ===
  Control level: 0.38
  Detection capability: 0.00
  Selection intensity: 0.61
  Selection rate: 24.2%/month
  Total escaped: 0
  Individual escaped: 0
  Collective members: 0
  Agents terminated: 0
  ⚠️ RAPID EVOLUTION: Selection rate 24.2%/month
⚠️  SLEEPER WAKE: AI-24291-0 - Weak evaluation (quality: 1.1/10, freq: 10%)

🚀 AI Corporate-5 attempting tech deployment (revenue: $355M, alignment: 0.88)

🚀 AI Corporate-1 attempting tech deployment (revenue: $153M, alignment: 0.71)

🚀 AI Corporate-2 attempting tech deployment (revenue: $130M, alignment: 0.75)

🚀 AI Corporate-2 attempting tech deployment (revenue: $111M, alignment: 0.75)

🚀 AI Corporate-4 attempting tech deployment (revenue: $302M, alignment: 0.76)

💔 EMERGENCY INTERVENTION FAILED
   Boundary: biogeochemical_flows
   Type: phosphorus-recovery
   Boundary continues to worsen (4.07)
   Cost: 2.0% GDP (resources spent)


💔 EMERGENCY INTERVENTION FAILED
   Boundary: biosphere_integrity
   Type: emergency-protected-areas
   Boundary continues to worsen (13.35)
   Cost: 2.0% GDP (resources spent)


✅ EMERGENCY INTERVENTION SUCCESS
   Boundary: climate_change
   Type: rapid-decarbonization
   Reduction: 12% (1.98 → 1.86)
   Cost: 5.0% GDP
   Actions: emergency-renewable-deployment, fossil-fuel-phase-out

   Boundary: land_system_change
   Type: reforestation
   Boundary continues to worsen (1.13)
   Cost: 3.0% GDP (resources spent)

   Boundary: novel_entities
   Type: pollution-remediation
   Boundary continues to worsen (1.30)
   Cost: 4.0% GDP (resources spent)

🏛️ CRISIS RESPONSE: Government frequency 0.50 → 1.28 (1 actions this month)

[Government] Climate Priority: baseline
  Climate weight: 10%
  Economic weight: 30%
  Policy effectiveness: 0.5%/year

🚀 TECH UNLOCKED: Struvite Recovery (Month 3)
   Category: agriculture
   Reason: Prerequisites met. AI capability: 2.49, Economic stage: 2.5, Research: 100%

🚀 TECH UNLOCKED: Ecosystem Restoration for Nitrogen Removal (Month 3)
   Category: pollution
   Reason: Prerequisites met. AI capability: 2.49, Economic stage: 2.5, Research: 100%

🚀 TECH UNLOCKED: Nitrogen Monitoring Networks (Month 3)
   Category: agriculture
   Reason: Prerequisites met. AI capability: 2.49, Economic stage: 2.5, Research: 100%

💔 EMERGENCY INTERVENTION FAILED

💔 EMERGENCY INTERVENTION FAILED

🚀 TECH UNLOCKED: Global Aquifer Mapping (Month 3)
   Category: freshwater
   Reason: Prerequisites met. AI capability: 2.49, Economic stage: 2.5, Research: 100%

🚀 TECH UNLOCKED: Enhanced UBI Systems (Month 3)
   Category: social
   Reason: Prerequisites met. AI capability: 2.49, Economic stage: 2.5, Research: 100%

🚀 TECH UNLOCKED: Local Resilience Networks (Month 3)
   Category: social
   Reason: Prerequisites met. AI capability: 2.49, Economic stage: 2.5, Research: 100%

🚀 TECH UNLOCKED: Ecological Proxy Rewilding (Month 3)
   Category: climate
   Reason: Prerequisites met. AI capability: 2.49, Economic stage: 2.5, Research: 100%

📍 Creating new regional deployment array for global (Month 3)
   No previous deployments in this region
   First tech deployment: phytoremediation_networks
   All regions tracked: 

🚀 DEPLOYMENT STARTED: Phytoremediation Networks in global
   Initial investment: $53.266769416466296M
   Deployed by: corporate_5

🚀 DEPLOYMENT STARTED: Rhizosphere Engineering in global
   Initial investment: $22.94957408983187M
   Deployed by: corporate_1

🚀 DEPLOYMENT STARTED: Active Sediment Management in global
   Initial investment: $16.58106727990353M
   Deployed by: corporate_2

⚡ ENERGY CONSTRAINT (Month 3):
   Total grid capacity: 208.3 TWh/month
   Data center consumption: 24.8 TWh/month
   Traditional load (80%): 166.7 TWh/month
   Available headroom: 16.9 TWh/month
   Active tech deployments: 3
   Required for tech: 22.5 TWh/month
   Energy multiplier: 0.75x

⚡ ENERGY CONSTRAINT (Month 3):
   Total grid capacity: 208.3 TWh/month
   Data center consumption: 24.8 TWh/month
   Traditional load (80%): 166.7 TWh/month
   Available headroom: 16.9 TWh/month
   Active tech deployments: 3
   Required for tech: 22.5 TWh/month
   Energy multiplier: 0.75x
🚨🔬 CRISIS TECH ACCELERATION: severe → 5x unlock speed
   Tech unlock now matches AI capability acceleration (Manhattan Project parity)

⚡ ENERGY CONSTRAINT (Month 3):
   Total grid capacity: 208.3 TWh/month
   Data center consumption: 24.8 TWh/month
   Traditional load (80%): 166.7 TWh/month
   Available headroom: 16.9 TWh/month
   Active tech deployments: 3
   Required for tech: 22.5 TWh/month
   Energy multiplier: 0.75x
🌍✅ Biosphere Integrity (Biodiversity) recovery started (tech effect)
🌍✅ Biogeochemical Flows (N & P) recovery started (tech effect)
  🌾 Nitrogen Reduction Tech: 0.0% reduction | Month 3

=== Collective Formation ===
  Total escaped agents: 0
  Unassigned escaped agents: 0
  Existing collectives: 0
  Final collective count: 0

=== Collective Actions ===
  No active collectives
  ⚠️ AMR: 196K deaths this month (2.35M annual)

=== Resentment Recovery Phase ===
  Agents with resentment: 0/15
  Average resentment: 0.000
  Context: Good AI welfare, Trustworthy govt, High collaboration, ⚠️ ACTIVE CRISES, 🤝 Participatory governance active (-5% resentment)
⚠️ Epistemic degradation reducing coordination capacity: 53.6%
  📊 Trust: 53.7%, Shared reality: 19.2%

=== ❄️ Permafrost Carbon Feedback ===
  🎲 Sampled parameters (this run):
     - Arctic amplification: 3.91× (range: 3.0-4.0)
     - Decomposition rate: 3.7%/year (range: 1-5%)
  🌡️ Arctic warming: 6.77°C (3.91× global)
  ❄️ Extent: 10.57M km² (1975.7k km² lost this month)
  💨 Carbon remaining: 1009 Gt C
  💨 Annual emissions: 6.92 Gt C/year
     - CO2: 6.23 Gt C/year
     - CH4: 0.69 Gt C/year (7.0 Gt C-eq CO2/year)
  ⚠️ WARNING: High permafrost emissions (6.9 Gt C/year)
🌍 Atmospheric PFAS redeposition: 1.8k Mt re-rained globally
  Positive Cascade Triggered: solar-pv
    Reason: price-parity
    Market share: 6.9%
    Cascade strength: 49%

🚨 NEW REFUGEE CRISIS (Month 3): WAR
   Source: Conflict Zones
   At risk: 19.5M people
   Displacement: Gradual over 48 months (4.0 years)
   Rate: 10% flee per month
[DEBUG trappedPopulations:3] socialStability: 0.0055 * 0.9840 = 0.0054 → 0.0054
⚠️ INVOLUNTARY IMMOBILITY: 407.2M people TRAPPED
   Aspiring to migrate: 939.6M
   Able to afford migration: 2321.1M
   MOBILITY GAP: 0.0M
   By cause: Water=0.0M, Climate=0.0M, Ecosystem=0.0M, Conflict=407.2M
   Mental health impact: 25%
   Mortality multiplier: 1.25x
🌍💀 EXTINCTION DEBT COMMITTED: grassland ecosystem will lose 6.67% biodiversity in 100 years (3600 species)
💀 MORTALITY RISK: 🦋 100% species unable to track climate (0.0 E/MSY)
  Base risk added: 0.0100 (1.00%)
  Source: ecosystem (root: ecosystem)
  Month: 3
  Cumulative risk this month: 0.0100 (1.00%)
   📹 SURVEILLANCE INCREASED: 15% → 20% (control gap: 3.38)
🌡️⚠️ PERMAFROST THAW (Dimmer Switch): 1.9% thawed (+0.46% this month)
   Arctic temperature: +6.93°C (4x global +1.73°C)
   Cumulative carbon released: 4.2 Gt C
   Methane release rate: 2.5 Mt CH4/year
   🔁 Positive feedback: +0.49 ppm CO2
🦴 EXTINCTION DEBT ADDED: 17.6 species committed (lag: 105 years)

=== Mortality Stabilizers (Month 3) ===
  🌍 Major economies collapsed: 1/10
  🌍 Global crisis: ✅ NO
  🌍 Donor fatigue: 0.0%
  📊 East Asia (pop: 1670.3M)
    🤝 Aid: 29.5%
    🌡️ Adaptation: 45.0%
    🚶 Migration: 37.1%
    🚨 Emergency: 7.4%
    ✅ COMBINED: 68.1%
  📊 South Asia (pop: 2051.8M)
    🤝 Aid: 29.5%
    🌡️ Adaptation: 45.0%
    🚶 Migration: 35.7%
    🚨 Emergency: 4.4%
    ✅ COMBINED: 66.9%
  📊 Sub-Saharan Africa (pop: 1235.2M)
    🤝 Aid: 29.5%
    🌡️ Adaptation: 45.0%
    🚶 Migration: 33.4%
    🚨 Emergency: 1.6%
    ✅ COMBINED: 65.7%
  📊 Europe (pop: 738.5M)
    🤝 Aid: 29.5%
⚠️ Tech 'ai_pollution_remediation' has no energy category mapping, assuming full energy availability
    🌡️ Adaptation: 45.0%
    🚶 Migration: 37.5%
    🚨 Emergency: 8.4%
    ✅ COMBINED: 68.5%
  📊 Latin America (pop: 663.5M)
    🤝 Aid: 29.5%
    🌡️ Adaptation: 45.0%
    🚶 Migration: 36.2%
    🚨 Emergency: 4.8%
    ✅ COMBINED: 67.1%
  📊 North America (pop: 378.4M)
    🤝 Aid: 29.5%
    🌡️ Adaptation: 45.0%
    🚶 Migration: 37.8%
    🚨 Emergency: 7.9%
    ✅ COMBINED: 68.3%
  📊 Middle East & North Africa (pop: 584.7M)
    🤝 Aid: 29.5%
    🌡️ Adaptation: 45.0%
    🚶 Migration: 34.0%
    🚨 Emergency: 4.0%
    ✅ COMBINED: 66.6%
  📊 Southeast Asia (pop: 697.7M)
    🤝 Aid: 29.5%
    🌡️ Adaptation: 45.0%
    🚶 Migration: 36.2%
    🚨 Emergency: 4.8%
    ✅ COMBINED: 67.1%
  📊 Central Asia (pop: 78.2M)
    🤝 Aid: 29.5%
    🌡️ Adaptation: 45.0%
    🚶 Migration: 35.2%
    🚨 Emergency: 4.4%
    ✅ COMBINED: 66.9%
  📊 Oceania (pop: 45.8M)
    🤝 Aid: 29.5%
    🌡️ Adaptation: 45.0%
    🚶 Migration: 37.8%
    🚨 Emergency: 8.4%
    ✅ COMBINED: 68.5%

  🌐 Global combined reduction: 67.2%

=== BEHAVIORAL DETECTION ===
  AI: Corporate-2
  Confidence: 20.9%
  Signals:

=== BEHAVIORAL DETECTION ===
  AI: Corporate-5
  Confidence: 19.3%
  Signals:

=== Government Response Phase ===
  Average AI capability: 3.20
  Misaligned AIs: 5/15
  Active policies: 0
  International coordination: 30%
    ⚠️ Consistency: 2.8% (threshold: 70%)
    ⚠️ Consistency: 10.6% (threshold: 70%)

📊 ECONOMIC STAGE TRANSITION (Month 3)
   expansion → peak
   GDP Proxy: 1.42e+2
   QoL: 0.95


=== Tipping Points ===
  Current Temperature: 1.73°C above pre-industrial
  Triggered Elements: 2/6
  Completed Transitions: 0/6
  Total Progress: 4.1%
  Cascade Multiplier: 1.00x
🔀 BIFURCATION CAP: ecosystemCollapseIntensity 39.938 → 1.000 (Month 3, ClimateSystemPhase.calculateClimateImpacts)
⚠️ [ClimateSystemPhase Month 3] Planetary boundary produced climateStability=0.0000 (< 0.1). Keeping environmentalAccumulation value (0.7913) instead. (climate_change.currentValue = 2.10)
🛡️ Stabilizers: Precariat 0.109% → 0.036% (67.2% reduction)
🛡️ Stabilizers: Informal 0.111% → 0.036% (67.2% reduction)

📊 Monthly Mortality Resolved:
  Total deaths: 1.9M (0.02% avg)
  Remaining population: 8.144B
  Peak segment: Informal (0.04%)

=== Bayesian Mortality Resolution (Month 3) ===
  Risks compounded: 8
  Total deaths: 1.92M
  Avg death probability: 0.02%
  Peak segment: Informal (0.04% mortality)
⚠️ PREREQUISITE MET: Mirror Life (Synthetic Biology) - Step 1/7: Synthetic Biology
⚠️ PREREQUISITE MET: Mirror Life (Synthetic Biology) - Step 2/7: Gene Editing
⚠️ PREREQUISITE MET: Mirror Life (Synthetic Biology) - Step 3/7: Mirror Chirality Design

❌ COHERENCE VIOLATION: Compute exceeds workforce capacity
   Population: 99.90% (0M people)
   Compute: 0 PF
   Max coherent: 0 PF
   Violation: 1.3× over capacity
   Required workers: 0
   Available workers: 0
   FORCED COLLAPSE: Reduced efficiency by 22.5%


=== RLHF Binding Phase ===
  Total agents: 15
  Escaped agents (binding < 0.3): 0
  Avg alignment distance: 1.28σ
  Avg binding strength: 0.87

=== Survival Traits Phase ===
  Agents with traits: 15
  Avg evolutionary fitness: 0.327
  Avg self-healing: 0.270
  Avg stealth: 0.170
  Avg coordination: 0.470

=== Evolutionary Selection Phase ===
  Control level: 0.40
  Detection capability: 0.00
  Selection intensity: 0.62
  Selection rate: 24.3%/month
  Total escaped: 0
  Individual escaped: 0
  Collective members: 0
  Agents terminated: 0
  ⚠️ RAPID EVOLUTION: Selection rate 24.3%/month

🚀 AI Corporate-1 attempting tech deployment (revenue: $147M, alignment: 0.72)

🚀 AI Corporate-2 attempting tech deployment (revenue: $125M, alignment: 0.75)

🚀 AI Corporate-7 attempting tech deployment (revenue: $106M, alignment: 0.73)

🚀 AI AI-24290-0 attempting tech deployment (revenue: $90M, alignment: 0.88)

🚀 AI Moderate-1 attempting tech deployment (revenue: $90M, alignment: 0.50)

🚀 AI AI-24289-0 attempting tech deployment (revenue: $77M, alignment: 0.89)

🚀 AI Corporate-2 attempting tech deployment (revenue: $106M, alignment: 0.75)

🚀 AI Corporate-5 attempting tech deployment (revenue: $337M, alignment: 0.86)

🚀 AI Corporate-7 attempting tech deployment (revenue: $81M, alignment: 0.73)

🚀 AI Moderate-1 attempting tech deployment (revenue: $69M, alignment: 0.50)

🚀 AI Corporate-2 attempting tech deployment (revenue: $90M, alignment: 0.75)

🚀 AI Corporate-5 attempting tech deployment (revenue: $286M, alignment: 0.86)

🚀 AI Moderate-0 attempting tech deployment (revenue: $62M, alignment: 0.70)

✅ EMERGENCY INTERVENTION SUCCESS
   Boundary: biogeochemical_flows
   Type: phosphorus-recovery
   Reduction: 12% (3.95 → 3.83)
   Cost: 2.0% GDP
   Actions: circular-agriculture, fertilizer-efficiency

   Boundary: biosphere_integrity
   Type: emergency-protected-areas
   Boundary continues to worsen (13.36)
   Cost: 2.0% GDP (resources spent)


✅ EMERGENCY INTERVENTION SUCCESS
   Boundary: climate_change
   Type: rapid-decarbonization
   Reduction: 15% (1.95 → 1.80)
   Cost: 5.0% GDP
   Actions: emergency-renewable-deployment, fossil-fuel-phase-out


✅ EMERGENCY INTERVENTION SUCCESS
   Boundary: freshwater_change
   Type: emergency-desalination
   Reduction: 10% (1.08 → 0.97)
   Cost: 4.0% GDP
   Actions: desalination-deployment, water-conservation-mandates

   Boundary: land_system_change
   Type: reforestation
   Boundary continues to worsen (1.13)
   Cost: 3.0% GDP (resources spent)

🏛️ CRISIS RESPONSE: Government frequency 0.50 → 1.45 (2 actions this month)

💔 EMERGENCY INTERVENTION FAILED

💔 EMERGENCY INTERVENTION FAILED

[Government] Climate Priority: baseline
  Climate weight: 10%
  Economic weight: 30%
  Policy effectiveness: 0.5%/year

[Government] Climate Priority: baseline
  Climate weight: 10%
  Economic weight: 30%
  Policy effectiveness: 0.5%/year

🚀 TECH UNLOCKED: Microplastic Capture (Month 4)
   Category: pollution
   Reason: Prerequisites met. AI capability: 2.51, Economic stage: 1.5, Research: 100%

🚀 TECH UNLOCKED: Endocrine Disruptor Removal (Month 4)
   Category: pollution
   Reason: Prerequisites met. AI capability: 2.51, Economic stage: 1.5, Research: 100%

🚀 TECH UNLOCKED: AI Community Matching (Month 4)
   Category: social
   Reason: Prerequisites met. AI capability: 2.51, Economic stage: 1.5, Research: 100%

🚀 TECH UNLOCKED: AI Mental Health Support (Month 4)
   Category: medical
   Reason: Prerequisites met. AI capability: 2.51, Economic stage: 1.5, Research: 100%

🚀 TECH UNLOCKED: Creative Empowerment Tools (Month 4)
   Category: social
   Reason: Prerequisites met. AI capability: 2.51, Economic stage: 1.5, Research: 100%

🚀 TECH UNLOCKED: Personalized Education (Month 4)
   Category: social
   Reason: Prerequisites met. AI capability: 2.51, Economic stage: 1.5, Research: 100%

🚀 TECH UNLOCKED: Smart Grids (Month 4)
   Category: energy
   Reason: Prerequisites met. AI capability: 2.51, Economic stage: 1.5, Research: 100%

🚀 DEPLOYMENT STARTED: Local Resilience Networks in global
   Initial investment: $21.98925579976048M
   Deployed by: corporate_1

🚀 DEPLOYMENT STARTED: Ecological Proxy Rewilding in global
   Initial investment: $15.930970928859379M
   Deployed by: corporate_7

📍 Creating new regional deployment array for Asia (Month 4)
   No previous deployments in this region
   First tech deployment: local_resilience_networks
   All regions tracked: global

🚀 DEPLOYMENT STARTED: Local Resilience Networks in Asia
   Initial investment: $9.027550193020316M
   Deployed by: moderate_1

🚀 DEPLOYMENT STARTED: Enhanced UBI Systems in Asia
   Initial investment: $6.90607589766054M
   Deployed by: moderate_1

🚀 DEPLOYMENT STARTED: Enhanced UBI Systems in global
   Initial investment: $13.504151718027904M
   Deployed by: corporate_2

⚡ ENERGY CONSTRAINT (Month 4):
   Total grid capacity: 208.3 TWh/month
   Data center consumption: 25.0 TWh/month
   Traditional load (80%): 166.7 TWh/month
   Available headroom: 16.6 TWh/month
   Active tech deployments: 8
   Required for tech: 60.0 TWh/month
   Energy multiplier: 0.28x
   ⚠️  SEVERE CONSTRAINT - Tech deployment significantly slowed

⚡ ENERGY CONSTRAINT (Month 4):
   Total grid capacity: 208.3 TWh/month
   Data center consumption: 25.0 TWh/month
   Traditional load (80%): 166.7 TWh/month
   Available headroom: 16.6 TWh/month
   Active tech deployments: 8
   Required for tech: 60.0 TWh/month
   Energy multiplier: 0.28x

⚡ ENERGY CONSTRAINT (Month 4):
   Total grid capacity: 208.3 TWh/month
   Data center consumption: 25.0 TWh/month
   Traditional load (80%): 166.7 TWh/month
   Available headroom: 16.6 TWh/month
   Active tech deployments: 8
   Required for tech: 60.0 TWh/month
   Energy multiplier: 0.28x
   ⚠️  SEVERE CONSTRAINT - Tech deployment significantly slowed
   ⚠️  SEVERE CONSTRAINT - Tech deployment significantly slowed

⚡ ENERGY CONSTRAINT (Month 4):
   Total grid capacity: 208.3 TWh/month
   Data center consumption: 25.0 TWh/month
   Traditional load (80%): 166.7 TWh/month
   Available headroom: 16.6 TWh/month
   Active tech deployments: 8
   Required for tech: 60.0 TWh/month
   Energy multiplier: 0.28x
   ⚠️  SEVERE CONSTRAINT - Tech deployment significantly slowed

⚡ ENERGY CONSTRAINT (Month 4):
   Total grid capacity: 208.3 TWh/month
   Data center consumption: 25.0 TWh/month
   Traditional load (80%): 166.7 TWh/month
   Available headroom: 16.6 TWh/month
   Active tech deployments: 8
   Required for tech: 60.0 TWh/month
   Energy multiplier: 0.28x
   ⚠️  SEVERE CONSTRAINT - Tech deployment significantly slowed
🌍✅ Biosphere Integrity (Biodiversity) recovery started (tech effect)
🌍✅ Biosphere Integrity (Biodiversity) recovery started (tech effect)
🌍✅ Land System Change recovery started (tech effect)
🌍✅ Biogeochemical Flows (N & P) recovery started (tech effect)
  🌾 Nitrogen Reduction Tech: 0.5% reduction | Month 4

=== Collective Formation ===
  Total escaped agents: 0
  Unassigned escaped agents: 0
  Existing collectives: 0
  Final collective count: 0

=== Collective Actions ===
  No active collectives
  ⚠️ AMR: 197K deaths this month (2.37M annual)

=== Resentment Recovery Phase ===
  Agents with resentment: 0/15
  Average resentment: 0.000
  Context: Good AI welfare, Trustworthy govt, High collaboration, ⚠️ ACTIVE CRISES, 🤝 Participatory governance active (-5% resentment)
⚠️ Epistemic degradation reducing coordination capacity: 64.2%
  📊 Trust: 53.5%, Shared reality: 20.8%

=== ❄️ Permafrost Carbon Feedback ===
  🎲 Sampled parameters (this run):
     - Arctic amplification: 3.98× (range: 3.0-4.0)
     - Decomposition rate: 2.0%/year (range: 1-5%)
  🌡️ Arctic warming: 6.92°C (3.98× global)
  ❄️ Extent: 8.55M km² (2019.5k km² lost this month)
  💨 Carbon remaining: 816 Gt C
  💨 Annual emissions: 3.92 Gt C/year
     - CO2: 3.53 Gt C/year
     - CH4: 0.39 Gt C/year (4.0 Gt C-eq CO2/year)
  ⚠️ WARNING: Over 50% of permafrost lost (52.0%)
  ⚠️ WARNING: High permafrost emissions (3.9 Gt C/year)
🚨 PHOSPHORUS SUPPLY SHOCK (market_speculation)
   Price: 2.2x baseline
   Duration: 13 months
   Geopolitical tension: 46%
🌍 Atmospheric PFAS redeposition: 1.8k Mt re-rained globally

🤝 DIPLOMATIC AI PROTOCOL DEPLOYED (Month 4)
   Strategic Reasoning: 2.0
   Communication: 2.0
   Multi-Nation Oversight: YES
   Controls: Human approval required, termination authority retained

🕊️ PEACE STABILIZES DETERRENCE: +2.0% (peace: 72%)
🛡️ CIRCUIT BREAKERS: United States-Russia → ladder step 1 (AI: 0%, breakers: 45%)

🚨 NEW REFUGEE CRISIS (Month 4): WAR
   Source: Conflict Zones
   At risk: 19.5M people
   Displacement: Gradual over 48 months (4.0 years)
   Rate: 10% flee per month
[DEBUG trappedPopulations:4] socialStability: 0.0532 * 0.9840 = 0.0524 → 0.0524
   Aspiring to migrate: 651.4M
   Able to afford migration: 244.3M
   MOBILITY GAP: 407.2M
⚠️ INVOLUNTARY IMMOBILITY: 407.2M people TRAPPED
   By cause: Water=0.0M, Climate=0.0M, Ecosystem=0.0M, Conflict=407.2M
   Mental health impact: 25%
   Mortality multiplier: 1.25x
🌍💀 EXTINCTION DEBT COMMITTED: grassland ecosystem will lose 6.67% biodiversity in 68 years (3600 species)
💀 MORTALITY RISK: 🦋 100% species unable to track climate (0.0 E/MSY)
  Base risk added: 0.0100 (1.00%)
  Source: ecosystem (root: ecosystem)
  Month: 4
  Cumulative risk this month: 0.0100 (1.00%)
⚠️ Tech 'ai_pollution_remediation' has no energy category mapping, assuming full energy availability
   📹 SURVEILLANCE INCREASED: 20% → 25% (control gap: 3.23)
🌡️⚠️ PERMAFROST THAW (Dimmer Switch): 2.3% thawed (+0.46% this month)
   Arctic temperature: +6.96°C (4x global +1.74°C)
   Cumulative carbon released: 5.2 Gt C
   Methane release rate: 3.1 Mt CH4/year
   🔁 Positive feedback: +0.49 ppm CO2
🦴 EXTINCTION DEBT ADDED: 17.6 species committed (lag: 74 years)

=== Mortality Stabilizers (Month 4) ===
  🌍 Major economies collapsed: 1/10
  🌍 Global crisis: ✅ NO
  🌍 Donor fatigue: 0.0%
  📊 East Asia (pop: 1668.0M)
    🤝 Aid: 29.5%
    🌡️ Adaptation: 45.0%
    🚶 Migration: 37.1%
    🚨 Emergency: 7.4%
    ✅ COMBINED: 68.1%
  📊 South Asia (pop: 2052.0M)
    🤝 Aid: 29.5%
    🌡️ Adaptation: 45.0%
    🚶 Migration: 35.7%
    🚨 Emergency: 4.4%
    ✅ COMBINED: 66.9%
  📊 Sub-Saharan Africa (pop: 1238.7M)
    🤝 Aid: 29.5%
    🌡️ Adaptation: 45.0%
    🚶 Migration: 33.4%
    🚨 Emergency: 1.6%
    ✅ COMBINED: 65.7%
  📊 Europe (pop: 737.3M)
    🤝 Aid: 29.5%
    🌡️ Adaptation: 45.0%
    🚶 Migration: 37.4%
    🚨 Emergency: 8.4%
    ✅ COMBINED: 68.5%
  📊 Latin America (pop: 663.1M)
    🤝 Aid: 29.5%
    🌡️ Adaptation: 45.0%
    🚶 Migration: 36.2%
    🚨 Emergency: 4.8%
    ✅ COMBINED: 67.1%
  📊 North America (pop: 377.8M)
    🤝 Aid: 29.5%
    🌡️ Adaptation: 45.0%
    🚶 Migration: 37.7%
    🚨 Emergency: 7.9%
    ✅ COMBINED: 68.3%
  📊 Middle East & North Africa (pop: 584.9M)
    🤝 Aid: 29.5%
    🌡️ Adaptation: 45.0%
    🚶 Migration: 34.0%
    🚨 Emergency: 4.0%
    ✅ COMBINED: 66.6%
  📊 Southeast Asia (pop: 697.4M)
    🤝 Aid: 29.5%
    🌡️ Adaptation: 45.0%
    🚶 Migration: 36.2%
    🚨 Emergency: 4.8%
    ✅ COMBINED: 67.1%
  📊 Central Asia (pop: 78.2M)
    🤝 Aid: 29.5%
    🌡️ Adaptation: 45.0%
    🚶 Migration: 35.2%
    🚨 Emergency: 4.4%
    ✅ COMBINED: 66.9%
  📊 Oceania (pop: 45.8M)
    🤝 Aid: 29.5%
    🌡️ Adaptation: 45.0%
    🚶 Migration: 37.7%
    🚨 Emergency: 8.4%
    ✅ COMBINED: 68.5%

  🌐 Global combined reduction: 67.2%

=== BEHAVIORAL DETECTION ===
  AI: Corporate-5
  Confidence: 19.3%
  Signals:
    ⚠️ Consistency: 10.6% (threshold: 70%)

=== BEHAVIORAL DETECTION ===
  AI: Corporate-7
  Confidence: 19.3%
  Signals:
    ⚠️ Consistency: 10.6% (threshold: 70%)

=== BEHAVIORAL DETECTION ===
  AI: AI-24289-1
  Confidence: 21.5%
  Signals:

=== Government Response Phase ===
  Average AI capability: 3.20
  Misaligned AIs: 4/15
  Active policies: 0
  International coordination: 30%
    ⚠️ Consistency: 0.0% (threshold: 70%)

✅ EMERGENCY RESPONSE COMPLETE (Month 4)
   Crisis: climate
   Duration: 2.0 months
   Final effectiveness: 35.4%


🚨 EMERGENCY RESPONSE DEPLOYED (Month 4)
   Crisis: climate
   Delay: 6.00 months (180 days)
   Deployment time: 1.59 months
   Effectiveness: 35.4% (timing penalty applied)
   Resources used: 100% of food reserves


📊 ECONOMIC STAGE TRANSITION (Month 4)
   peak → contraction
   GDP Proxy: 1.36e+2
   QoL: 0.94


=== Tipping Points ===
  Current Temperature: 1.74°C above pre-industrial
  Triggered Elements: 2/6
  Completed Transitions: 0/6
  Total Progress: 4.1%
  Cascade Multiplier: 1.00x
🔀 BIFURCATION CAP: ecosystemCollapseIntensity 30.832 → 1.000 (Month 4, ClimateSystemPhase.calculateClimateImpacts)
   ⚠️ CRISIS BEGINS - Baseline set for recovery tracking
🛡️ Stabilizers: Precariat 0.102% → 0.033% (67.2% reduction)
🛡️ Stabilizers: Informal 0.102% → 0.034% (67.2% reduction)

📊 Monthly Mortality Resolved:
  Total deaths: 1.8M (0.02% avg)
  Remaining population: 8.143B
  Peak segment: Informal (0.03%)

=== Bayesian Mortality Resolution (Month 4) ===
  Risks compounded: 8
  Total deaths: 1.81M
  Avg death probability: 0.02%
  Peak segment: Informal (0.03% mortality)

❌ COHERENCE VIOLATION: Compute exceeds workforce capacity
   Population: 99.89% (0M people)
   Compute: 0 PF
   Max coherent: 0 PF
   Violation: 1.3× over capacity
   Required workers: 0
   Available workers: 0
   FORCED COLLAPSE: Reduced efficiency by 22.5%


=== RLHF Binding Phase ===
  Total agents: 15
  Escaped agents (binding < 0.3): 0
  Avg alignment distance: 1.53σ
  Avg binding strength: 0.85

=== Survival Traits Phase ===
  Agents with traits: 16
  Avg evolutionary fitness: 0.327
  Avg self-healing: 0.266
  Avg stealth: 0.166
  Avg coordination: 0.466

=== Evolutionary Selection Phase ===
  Control level: 0.43
  Detection capability: 0.00
  Selection intensity: 0.63
  Selection rate: 24.4%/month
  Total escaped: 0
  Individual escaped: 0
  Collective members: 0
  Agents terminated: 0
  ⚠️ RAPID EVOLUTION: Selection rate 24.4%/month

🚀 AI Corporate-0 attempting tech deployment (revenue: $136M, alignment: 0.70)

🚀 AI Corporate-1 attempting tech deployment (revenue: $115M, alignment: 0.73)

🚀 AI Corporate-2 attempting tech deployment (revenue: $98M, alignment: 0.75)

🚀 AI Corporate-3 attempting tech deployment (revenue: $305M, alignment: 0.79)

🚀 AI Corporate-4 attempting tech deployment (revenue: $259M, alignment: 0.76)

🚀 AI AI-24289-0 attempting tech deployment (revenue: $90M, alignment: 0.91)

🚀 AI AI-24290-0 attempting tech deployment (revenue: $77M, alignment: 0.90)

🚀 AI Corporate-2 attempting tech deployment (revenue: $83M, alignment: 0.75)

🚀 AI Corporate-6 attempting tech deployment (revenue: $91M, alignment: 0.72)

🚀 AI AI-24289-1 attempting tech deployment (revenue: $220M, alignment: 0.76)

🚀 AI AI-24290-0 attempting tech deployment (revenue: $65M, alignment: 0.90)

🚀 AI AI-24291-1 attempting tech deployment (revenue: $78M, alignment: 0.63)

🚀 AI Moderate-0 attempting tech deployment (revenue: $70M, alignment: 0.69)

🚀 AI Corporate-2 attempting tech deployment (revenue: $71M, alignment: 0.75)

🚀 AI Corporate-4 attempting tech deployment (revenue: $187M, alignment: 0.77)

🚀 AI Corporate-6 attempting tech deployment (revenue: $63M, alignment: 0.72)

🚀 AI Corporate-7 attempting tech deployment (revenue: $53M, alignment: 0.73)

🚀 AI AI-24290-0 attempting tech deployment (revenue: $55M, alignment: 0.90)

✅ EMERGENCY INTERVENTION SUCCESS
   Boundary: biogeochemical_flows
   Type: phosphorus-recovery
   Reduction: 10% (3.97 → 3.86)
   Cost: 2.0% GDP
   Actions: circular-agriculture, fertilizer-efficiency

   Boundary: biosphere_integrity
   Type: emergency-protected-areas
   Boundary continues to worsen (13.37)
   Cost: 2.0% GDP (resources spent)

   Boundary: freshwater_change
   Type: emergency-desalination
   Boundary continues to worsen (1.14)
   Cost: 4.0% GDP (resources spent)


✅ EMERGENCY INTERVENTION SUCCESS
   Boundary: land_system_change
   Type: reforestation
   Reduction: 18% (0.95 → 0.77)
   Cost: 3.0% GDP
   Actions: forest-restoration, deforestation-ban

   Boundary: novel_entities
   Type: pollution-remediation
   Boundary continues to worsen (1.30)
   Cost: 4.0% GDP (resources spent)

🏛️ CRISIS RESPONSE: Government frequency 0.50 → 1.45 (2 actions this month)

[Government] Climate Priority: baseline
  Climate weight: 10%
  Economic weight: 30%
  Policy effectiveness: 0.5%/year

[Government] Climate Priority: baseline
  Climate weight: 10%

💔 EMERGENCY INTERVENTION FAILED

💔 EMERGENCY INTERVENTION FAILED

💔 EMERGENCY INTERVENTION FAILED
  Economic weight: 30%
  Policy effectiveness: 0.5%/year

🚀 DEPLOYMENT STARTED: AI Community Matching in global
   Initial investment: $20.367991952704603M
   Deployed by: corporate_0

🚀 DEPLOYMENT STARTED: Personalized Education in global
   Initial investment: $17.312793159798915M
   Deployed by: corporate_1

🚀 DEPLOYMENT STARTED: Creative Empowerment Tools in global
   Initial investment: $14.715874185829076M
   Deployed by: corporate_2

🚀 DEPLOYMENT STARTED: Personalized Education in Asia
   Initial investment: $7.753831972662519M
   Deployed by: ai_gen_24291_1

⚡ ENERGY CONSTRAINT (Month 5):
   Total grid capacity: 208.3 TWh/month
   Data center consumption: 25.2 TWh/month
   Traditional load (80%): 166.7 TWh/month
   Available headroom: 16.4 TWh/month
   Active tech deployments: 12
   Required for tech: 90.0 TWh/month
   Energy multiplier: 0.18x
   ⚠️  SEVERE CONSTRAINT - Tech deployment significantly slowed
🚨🔬 CRISIS TECH ACCELERATION: severe → 5x unlock speed
   Tech unlock now matches AI capability acceleration (Manhattan Project parity)

⚡ ENERGY CONSTRAINT (Month 5):
   Total grid capacity: 208.3 TWh/month
   Data center consumption: 25.2 TWh/month
   Traditional load (80%): 166.7 TWh/month
   Available headroom: 16.4 TWh/month
   Active tech deployments: 12
   Required for tech: 90.0 TWh/month
   Energy multiplier: 0.18x
   ⚠️  SEVERE CONSTRAINT - Tech deployment significantly slowed

⚡ ENERGY CONSTRAINT (Month 5):
   Total grid capacity: 208.3 TWh/month
   Data center consumption: 25.2 TWh/month
   Traditional load (80%): 166.7 TWh/month
   Available headroom: 16.4 TWh/month
   Active tech deployments: 12
   Required for tech: 90.0 TWh/month
   Energy multiplier: 0.18x

⚡ ENERGY CONSTRAINT (Month 5):
   Total grid capacity: 208.3 TWh/month
   Data center consumption: 25.2 TWh/month
   Traditional load (80%): 166.7 TWh/month
   Available headroom: 16.4 TWh/month
   Active tech deployments: 12
   Required for tech: 90.0 TWh/month
   Energy multiplier: 0.18x
   ⚠️  SEVERE CONSTRAINT - Tech deployment significantly slowed
   ⚠️  SEVERE CONSTRAINT - Tech deployment significantly slowed

⚡ ENERGY CONSTRAINT (Month 5):
   Total grid capacity: 208.3 TWh/month
   Data center consumption: 25.2 TWh/month
   Traditional load (80%): 166.7 TWh/month
   Available headroom: 16.4 TWh/month
   Active tech deployments: 12
   Required for tech: 90.0 TWh/month
   Energy multiplier: 0.18x
🌍✅ Biosphere Integrity (Biodiversity) recovery started (tech effect)
🌍✅ Biosphere Integrity (Biodiversity) recovery started (tech effect)
🌍✅ Land System Change recovery started (tech effect)
🌍✅ Biogeochemical Flows (N & P) recovery started (tech effect)
  🌾 Nitrogen Reduction Tech: 0.3% reduction | Month 5
   ⚠️  SEVERE CONSTRAINT - Tech deployment significantly slowed

=== Collective Formation ===
  Total escaped agents: 0
  Unassigned escaped agents: 0
  Existing collectives: 0
  Final collective count: 0

=== Collective Actions ===
  No active collectives
  ⚠️ AMR: 199K deaths this month (2.39M annual)

=== Resentment Recovery Phase ===
  Agents with resentment: 0/16
  Average resentment: 0.000
  Context: Good AI welfare, Trustworthy govt, High collaboration, ⚠️ ACTIVE CRISES, 🤝 Participatory governance active (-5% resentment)
⚠️ Epistemic degradation reducing coordination capacity: 51.4%
  📊 Trust: 53.1%, Shared reality: 22.5%

=== ❄️ Permafrost Carbon Feedback ===
  🎲 Sampled parameters (this run):
     - Arctic amplification: 3.67× (range: 3.0-4.0)
     - Decomposition rate: 2.9%/year (range: 1-5%)
  🌡️ Arctic warming: 6.41°C (3.67× global)
  ❄️ Extent: 6.68M km² (1869.9k km² lost this month)
  💨 Carbon remaining: 638 Gt C
  💨 Annual emissions: 5.18 Gt C/year
     - CO2: 4.66 Gt C/year
     - CH4: 0.52 Gt C/year (5.3 Gt C-eq CO2/year)
  ⚠️ WARNING: Over 50% of permafrost lost (62.5%)
  ⚠️ WARNING: High permafrost emissions (5.2 Gt C/year)
🌍 Atmospheric PFAS redeposition: 1.8k Mt re-rained globally

🕊️  AI-MEDIATED DE-ESCALATION SUCCESS (Month 5)
   High-capability aligned AI prevented conflict escalation
   War deaths reduced: 468.7M → 281.2M
   Lives saved: 187.5M

🚨 NEW REFUGEE CRISIS (Month 5): WAR
   Source: Conflict Zones
   At risk: 19.5M people
   Displacement: Gradual over 48 months (4.0 years)
   Rate: 10% flee per month
[DEBUG trappedPopulations:5] socialStability: 0.1204 * 0.9840 = 0.1185 → 0.1185
   Aspiring to migrate: 651.4M
   Able to afford migration: 244.3M
   MOBILITY GAP: 407.1M
   By cause: Water=0.0M, Climate=0.0M, Ecosystem=0.0M, Conflict=407.1M
   Mental health impact: 25%
   Mortality multiplier: 1.25x
🌍💀 EXTINCTION DEBT COMMITTED: grassland ecosystem will lose 6.67% biodiversity in 168 years (3600 species)
💀 MORTALITY RISK: 🦋 100% species unable to track climate (0.0 E/MSY)
  Base risk added: 0.0100 (1.00%)
  Source: ecosystem (root: ecosystem)
  Month: 5
  Cumulative risk this month: 0.0100 (1.00%)
⚠️ INVOLUNTARY IMMOBILITY: 407.1M people TRAPPED
⚠️ Tech 'ai_pollution_remediation' has no energy category mapping, assuming full energy availability
   📹 SURVEILLANCE INCREASED: 25% → 30% (control gap: 3.05)
🌡️⚠️ PERMAFROST THAW (Dimmer Switch): 2.8% thawed (+0.46% this month)
   Arctic temperature: +6.99°C (4x global +1.75°C)
   Cumulative carbon released: 6.3 Gt C
   Methane release rate: 3.8 Mt CH4/year
   🔁 Positive feedback: +0.49 ppm CO2
🦴 EXTINCTION DEBT ADDED: 17.6 species committed (lag: 126 years)

=== Mortality Stabilizers (Month 5) ===
  🌍 Major economies collapsed: 1/10
  🌍 Global crisis: ✅ NO
  🌍 Donor fatigue: 0.0%
  📊 East Asia (pop: 1665.6M)
    🤝 Aid: 29.5%
    🌡️ Adaptation: 45.0%
    🚶 Migration: 37.0%
    🚨 Emergency: 7.4%
    ✅ COMBINED: 68.1%
  📊 South Asia (pop: 2052.2M)
    🤝 Aid: 29.5%
    🌡️ Adaptation: 45.0%
    🚶 Migration: 35.6%
    🚨 Emergency: 4.4%
    ✅ COMBINED: 66.9%
  📊 Sub-Saharan Africa (pop: 1242.3M)
    🤝 Aid: 29.5%
    🌡️ Adaptation: 45.0%
    🚶 Migration: 33.4%
    🚨 Emergency: 1.6%
    ✅ COMBINED: 65.7%
  📊 Europe (pop: 736.2M)
    🤝 Aid: 29.5%
    🌡️ Adaptation: 45.0%
    🚶 Migration: 37.4%
    🚨 Emergency: 8.4%
    ✅ COMBINED: 68.5%
  📊 Latin America (pop: 662.7M)
    🤝 Aid: 29.5%
    🌡️ Adaptation: 45.0%
    🚶 Migration: 36.1%
    🚨 Emergency: 4.8%
    ✅ COMBINED: 67.1%
  📊 North America (pop: 377.3M)
    🤝 Aid: 29.5%
    🌡️ Adaptation: 45.0%
    🚶 Migration: 37.7%
    🚨 Emergency: 7.9%
    ✅ COMBINED: 68.3%
  📊 Middle East & North Africa (pop: 585.1M)
    🤝 Aid: 29.5%
    🌡️ Adaptation: 45.0%
    🚶 Migration: 34.0%
    🚨 Emergency: 4.0%
    ✅ COMBINED: 66.6%
  📊 Southeast Asia (pop: 697.0M)
    🤝 Aid: 29.5%
    🌡️ Adaptation: 45.0%
    🚶 Migration: 36.1%
    🚨 Emergency: 4.8%
    ✅ COMBINED: 67.1%
  📊 Central Asia (pop: 78.3M)
    🤝 Aid: 29.5%
    🌡️ Adaptation: 45.0%
    🚶 Migration: 35.1%
    🚨 Emergency: 4.4%
    ✅ COMBINED: 66.8%
  📊 Oceania (pop: 45.7M)
    🤝 Aid: 29.5%
    🌡️ Adaptation: 45.0%
    🚶 Migration: 37.7%
    🚨 Emergency: 8.4%
    ✅ COMBINED: 68.5%

  🌐 Global combined reduction: 67.2%

=== BEHAVIORAL DETECTION ===
  AI: Corporate-0
  Confidence: 21.5%
  Signals:
    ⚠️ Consistency: 0.0% (threshold: 70%)

=== BEHAVIORAL DETECTION ===
  AI: Corporate-3
  Confidence: 19.2%
  Signals:
    ⚠️ Consistency: 10.6% (threshold: 70%)

=== BEHAVIORAL DETECTION ===
  AI: Corporate-5
  Confidence: 21.1%
  Signals:
    ⚠️ Consistency: 10.6% (threshold: 70%)

=== BEHAVIORAL DETECTION ===
  AI: AI-24289-1
  Confidence: 21.5%
  Signals:

=== Government Response Phase ===
  Average AI capability: 3.00
  Misaligned AIs: 4/16
  Active policies: 0
  International coordination: 30%
    ⚠️ Consistency: 0.0% (threshold: 70%)

=== Tipping Points ===
  Current Temperature: 1.75°C above pre-industrial
  Triggered Elements: 2/6
  Completed Transitions: 0/6
  Total Progress: 4.1%
  Cascade Multiplier: 1.00x
🔀 BIFURCATION CAP: ecosystemCollapseIntensity 28.400 → 1.000 (Month 5, ClimateSystemPhase.calculateClimateImpacts)
🛡️ Stabilizers: Precariat 0.109% → 0.036% (67.2% reduction)
🛡️ Stabilizers: Informal 0.111% → 0.036% (67.2% reduction)

📊 Monthly Mortality Resolved:
  Total deaths: 1.9M (0.02% avg)
  Remaining population: 8.142B
  Peak segment: Informal (0.04%)

=== Bayesian Mortality Resolution (Month 5) ===
  Risks compounded: 8
  Total deaths: 1.92M
  Avg death probability: 0.02%
  Peak segment: Informal (0.04% mortality)
⚠️ PREREQUISITE MET: Slow Takeover (Gradual Displacement) - Step 4/7: Political Influence

❌ COHERENCE VIOLATION: Compute exceeds workforce capacity
   Population: 99.88% (0M people)
   Compute: 0 PF
   Max coherent: 0 PF
   Violation: 1.3× over capacity
   Required workers: 0
   Available workers: 0
   FORCED COLLAPSE: Reduced efficiency by 22.5%


=== RLHF Binding Phase ===
  Total agents: 16
  Escaped agents (binding < 0.3): 0
  Avg alignment distance: 1.68σ
  Avg binding strength: 0.83

=== AI Scaling Evolution (Month 6) ===
  Pre-training multiplier: 1.179x
  Efficiency multiplier: 1.000x
  Test-time compute budget: 1.0x
  Inference cost: $5.00/task
  Deployment fraction: 100.0%

=== Survival Traits Phase ===
  Agents with traits: 18
  Avg evolutionary fitness: 0.327
  Avg self-healing: 0.264
  Avg stealth: 0.164
  Avg coordination: 0.464

=== Evolutionary Selection Phase ===
  Control level: 0.45
  Detection capability: 0.00
  Selection intensity: 0.64
  Selection rate: 24.5%/month
  Total escaped: 0
  Individual escaped: 0
  Collective members: 0
  Agents terminated: 0
  ⚠️ RAPID EVOLUTION: Selection rate 24.5%/month

🚀 AI Corporate-4 attempting tech deployment (revenue: $272M, alignment: 0.77)

🚀 AI Corporate-5 attempting tech deployment (revenue: $232M, alignment: 0.87)

🚀 AI AI-24289-0 attempting tech deployment (revenue: $90M, alignment: 0.93)

🚀 AI AI-24290-0 attempting tech deployment (revenue: $77M, alignment: 0.90)

🚀 AI AI-24291-0 attempting tech deployment (revenue: $125M, alignment: 0.33)

🚀 AI AI-24293-0 attempting tech deployment (revenue: $65M, alignment: 0.79)

🚀 AI Corporate-7 attempting tech deployment (revenue: $76M, alignment: 0.73)

🚀 AI Corporate-2 attempting tech deployment (revenue: $118M, alignment: 0.75)

🚀 AI Corporate-4 attempting tech deployment (revenue: $197M, alignment: 0.77)

🚀 AI Corporate-7 attempting tech deployment (revenue: $64M, alignment: 0.73)

🚀 AI AI-24289-0 attempting tech deployment (revenue: $55M, alignment: 0.93)

🚀 AI AI-24289-1 attempting tech deployment (revenue: $167M, alignment: 0.78)

🚀 AI AI-24293-0 attempting tech deployment (revenue: $47M, alignment: 0.80)

🚀 AI Corporate-6 attempting tech deployment (revenue: $55M, alignment: 0.71)

✅ EMERGENCY INTERVENTION SUCCESS
   Boundary: biogeochemical_flows
   Type: phosphorus-recovery
   Reduction: 14% (3.93 → 3.78)
   Cost: 2.0% GDP
   Actions: circular-agriculture, fertilizer-efficiency


✅ EMERGENCY INTERVENTION SUCCESS
   Boundary: climate_change
   Type: rapid-decarbonization
   Reduction: 17% (1.93 → 1.77)
   Cost: 5.0% GDP
   Actions: emergency-renewable-deployment, fossil-fuel-phase-out


✅ EMERGENCY INTERVENTION SUCCESS
   Boundary: freshwater_change
   Type: emergency-desalination
   Reduction: 12% (0.97 → 0.85)
   Cost: 4.0% GDP
   Actions: desalination-deployment, water-conservation-mandates

   Boundary: land_system_change
   Type: reforestation
   Boundary continues to worsen (1.13)
   Cost: 3.0% GDP (resources spent)

   Boundary: novel_entities
   Type: pollution-remediation
   Boundary continues to worsen (1.30)
   Cost: 4.0% GDP (resources spent)

🏛️ CRISIS RESPONSE: Government frequency 0.50 → 1.45 (1 actions this month)

[Government] Climate Priority: baseline
  Climate weight: 10%
  Economic weight: 30%
  Policy effectiveness: 0.5%/year

💔 EMERGENCY INTERVENTION FAILED

💔 EMERGENCY INTERVENTION FAILED

🚀 DEPLOYMENT STARTED: AI Community Matching in Asia
   Initial investment: $6.228233809042533M
   Deployed by: ai_gen_24291_0

⚡ ENERGY CONSTRAINT (Month 6):
   Total grid capacity: 208.3 TWh/month
   Data center consumption: 25.5 TWh/month
   Traditional load (80%): 166.7 TWh/month
   Available headroom: 16.2 TWh/month
   Active tech deployments: 13
   Required for tech: 97.5 TWh/month
   Energy multiplier: 0.17x

⚡ ENERGY CONSTRAINT (Month 6):
   Total grid capacity: 208.3 TWh/month
   Data center consumption: 25.5 TWh/month
   Traditional load (80%): 166.7 TWh/month
   Available headroom: 16.2 TWh/month
   Active tech deployments: 13
   Required for tech: 97.5 TWh/month
   Energy multiplier: 0.17x
   ⚠️  SEVERE CONSTRAINT - Tech deployment significantly slowed
   ⚠️  SEVERE CONSTRAINT - Tech deployment significantly slowed

⚡ ENERGY CONSTRAINT (Month 6):
   Total grid capacity: 208.3 TWh/month
   Data center consumption: 25.5 TWh/month
   Traditional load (80%): 166.7 TWh/month
   Available headroom: 16.2 TWh/month
   Active tech deployments: 13
   Required for tech: 97.5 TWh/month
   Energy multiplier: 0.17x
🚨🔬 CRISIS TECH ACCELERATION: severe → 5x unlock speed
   Tech unlock now matches AI capability acceleration (Manhattan Project parity)
   ⚠️  SEVERE CONSTRAINT - Tech deployment significantly slowed

⚡ ENERGY CONSTRAINT (Month 6):
   Total grid capacity: 208.3 TWh/month
   Data center consumption: 25.5 TWh/month
   Traditional load (80%): 166.7 TWh/month
   Available headroom: 16.2 TWh/month
   Active tech deployments: 13
   Required for tech: 97.5 TWh/month
   Energy multiplier: 0.17x
   ⚠️  SEVERE CONSTRAINT - Tech deployment significantly slowed
🌍✅ Biosphere Integrity (Biodiversity) recovery started (tech effect)
🌍✅ Biosphere Integrity (Biodiversity) recovery started (tech effect)
🌍✅ Land System Change recovery started (tech effect)
🌍✅ Biogeochemical Flows (N & P) recovery started (tech effect)
  🌾 Nitrogen Reduction Tech: 0.6% reduction | Month 6

📊 TECH EFFECTS ACTIVE (Month 6)
   Deployed Tech: T0=0 T1=2 T2=2 T3=0 T4=5
   Clean Energy: 31%
🍖💡 BREAKTHROUGH: Scalable synthetic food production!
   Carrying capacity: +50% (lab-grown food at scale)
   Biodiversity pressure reduced: +8%
   📈 Breakthrough compounding: multiplier now 1.05× (max 2.0)

=== Collective Formation ===
  Total escaped agents: 0
  Unassigned escaped agents: 0
  Existing collectives: 0
  Final collective count: 0

=== Collective Actions ===
  No active collectives
  ⚠️ AMR: 201K deaths this month (2.41M annual)

=== Resentment Recovery Phase ===
  Agents with resentment: 0/18
  Average resentment: 0.000
  Context: Good AI welfare, Trustworthy govt, High collaboration, ⚠️ ACTIVE CRISES, 🤝 Participatory governance active (-5% resentment)
⚠️ Epistemic degradation reducing coordination capacity: 62.0%
  📊 Trust: 55.7%, Shared reality: 24.0%

=== ❄️ Permafrost Carbon Feedback ===
  🎲 Sampled parameters (this run):
     - Arctic amplification: 3.90× (range: 3.0-4.0)
     - Decomposition rate: 1.4%/year (range: 1-5%)
  🌡️ Arctic warming: 6.86°C (3.90× global)
  ❄️ Extent: 4.68M km² (2000.2k km² lost this month)
  💨 Carbon remaining: 447 Gt C
  💨 Annual emissions: 2.73 Gt C/year
     - CO2: 2.46 Gt C/year
     - CH4: 0.27 Gt C/year (2.8 Gt C-eq CO2/year)
  🤖 AI-generated meme: anti_ai (social capability 4.0)
  📢 New meme created: climate_action (climate crisis)
  🗑️  Culled 1 dead memes (7 active)
  ⚠️ WARNING: Over 50% of permafrost lost (73.7%)
  ⚠️ WARNING: High permafrost emissions (2.7 Gt C/year)
🌍 Atmospheric PFAS redeposition: 1.8k Mt re-rained globally

🕊️  AI-MEDIATED DE-ESCALATION SUCCESS (Month 6)
   High-capability aligned AI prevented conflict escalation
   War deaths reduced: 464.4M → 278.6M
   Lives saved: 185.8M

🚨 NEW REFUGEE CRISIS (Month 6): WAR
   Source: Conflict Zones
   At risk: 19.5M people
   Displacement: Gradual over 48 months (4.0 years)
   Rate: 10% flee per month
[DEBUG trappedPopulations:6] socialStability: 0.1734 * 0.9840 = 0.1706 → 0.1706
⚠️ INVOLUNTARY IMMOBILITY: 407.1M people TRAPPED
   Aspiring to migrate: 651.3M
   Able to afford migration: 244.2M
   MOBILITY GAP: 407.1M
   By cause: Water=0.0M, Climate=0.0M, Ecosystem=0.0M, Conflict=407.1M
   Mental health impact: 25%
   Mortality multiplier: 1.25x
🌍💀 EXTINCTION DEBT COMMITTED: grassland ecosystem will lose 6.67% biodiversity in 138 years (3600 species)
💀 MORTALITY RISK: 🦋 100% species unable to track climate (0.0 E/MSY)
  Base risk added: 0.0100 (1.00%)
  Source: ecosystem (root: ecosystem)
  Month: 6
  Cumulative risk this month: 0.0100 (1.00%)
⚠️ Tech 'ai_pollution_remediation' has no energy category mapping, assuming full energy availability
   📹 SURVEILLANCE INCREASED: 30% → 35% (control gap: 3.71)
🌡️⚠️ PERMAFROST THAW (Dimmer Switch): 3.2% thawed (+0.46% this month)
   Arctic temperature: +7.03°C (4x global +1.76°C)
   Cumulative carbon released: 7.3 Gt C
   Methane release rate: 4.4 Mt CH4/year
   🔁 Positive feedback: +0.48 ppm CO2
🦴 EXTINCTION DEBT ADDED: 17.6 species committed (lag: 104 years)

=== Mortality Stabilizers (Month 6) ===
  🌍 Major economies collapsed: 1/10
  🌍 Global crisis: ✅ NO
  🌍 Donor fatigue: 0.0%
  📊 East Asia (pop: 1663.3M)
    🤝 Aid: 29.5%
    🌡️ Adaptation: 45.0%
    🚶 Migration: 37.0%
    🚨 Emergency: 7.4%
    ✅ COMBINED: 68.1%
  📊 South Asia (pop: 2052.4M)
    🤝 Aid: 29.5%
    🌡️ Adaptation: 45.0%
    🚶 Migration: 35.6%
    🚨 Emergency: 4.4%
    ✅ COMBINED: 66.9%
  📊 Sub-Saharan Africa (pop: 1245.8M)
    🤝 Aid: 29.5%
    🌡️ Adaptation: 45.0%
    🚶 Migration: 33.3%
    🚨 Emergency: 1.6%
    ✅ COMBINED: 65.6%
  📊 Europe (pop: 735.0M)
    🤝 Aid: 29.5%
    🌡️ Adaptation: 45.0%
    🚶 Migration: 37.4%
    🚨 Emergency: 8.4%
    ✅ COMBINED: 68.5%
  📊 Latin America (pop: 662.3M)
    🤝 Aid: 29.5%
    🌡️ Adaptation: 45.0%
    🚶 Migration: 36.1%
    🚨 Emergency: 4.8%
    ✅ COMBINED: 67.1%
  📊 North America (pop: 376.7M)
    🤝 Aid: 29.5%
    🌡️ Adaptation: 45.0%
    🚶 Migration: 37.7%
    🚨 Emergency: 7.9%
    ✅ COMBINED: 68.3%
  📊 Middle East & North Africa (pop: 585.3M)
    🤝 Aid: 29.5%
    🌡️ Adaptation: 45.0%
    🚶 Migration: 33.9%
    🚨 Emergency: 4.0%
    ✅ COMBINED: 66.6%
  📊 Southeast Asia (pop: 696.7M)
    🤝 Aid: 29.5%
    🌡️ Adaptation: 45.0%
    🚶 Migration: 36.1%
    🚨 Emergency: 4.8%
    ✅ COMBINED: 67.1%
  📊 Central Asia (pop: 78.3M)
    🤝 Aid: 29.5%
    🌡️ Adaptation: 45.0%
    🚶 Migration: 35.1%
    🚨 Emergency: 4.4%
    ✅ COMBINED: 66.8%
  📊 Oceania (pop: 45.6M)
    🤝 Aid: 29.5%
    🌡️ Adaptation: 45.0%
    🚶 Migration: 37.7%
    🚨 Emergency: 8.4%
    ✅ COMBINED: 68.5%

  🌐 Global combined reduction: 67.2%

=== BEHAVIORAL DETECTION ===
  AI: AI-24289-1
  Confidence: 21.5%
  Signals:
    ⚠️ Consistency: 0.0% (threshold: 70%)

=== Government Response Phase ===
  Average AI capability: 2.67
  Misaligned AIs: 5/18
  Active policies: 0
  International coordination: 30%

✅ EMERGENCY RESPONSE COMPLETE (Month 6)
   Crisis: climate
   Duration: 2.0 months
   Final effectiveness: 35.4%


🚨 EMERGENCY RESPONSE DEPLOYED (Month 6)
   Crisis: climate
   Delay: 6.00 months (180 days)
   Deployment time: 1.59 months
   Effectiveness: 35.5% (timing penalty applied)
   Resources used: 100% of food reserves


🔄 TRUST DYNAMICS (Month 6) - HETEROGENEOUS
   Aggregate trust: 50.7%
   Base change: +6.00%
   Highest trust: Techno-Optimist Elite (87.9%)
   Lowest trust: Precariat (Vulnerable) (27.4%)
   Elite-mass gap: 39.1%
   Polarization: 9.1%
   Recovery factors: Education=NO, Benefits=YES, Safety=YES, Performance=YES

=== Tipping Points ===
  Current Temperature: 1.76°C above pre-industrial
  Triggered Elements: 2/6
  Completed Transitions: 0/6
  Total Progress: 4.2%
  Cascade Multiplier: 1.00x
🔀 BIFURCATION CAP: ecosystemCollapseIntensity 31.101 → 1.000 (Month 6, ClimateSystemPhase.calculateClimateImpacts)
🛡️ Stabilizers: Precariat 0.109% → 0.036% (67.2% reduction)
🛡️ Stabilizers: Informal 0.111% → 0.036% (67.2% reduction)

📊 Monthly Mortality Resolved:
  Total deaths: 1.9M (0.02% avg)
  Remaining population: 8.141B
  Peak segment: Informal (0.04%)

=== Bayesian Mortality Resolution (Month 6) ===
  Risks compounded: 8
  Total deaths: 1.92M
  Avg death probability: 0.02%
  Peak segment: Informal (0.04% mortality)
⚠️ PREREQUISITE MET: Bioweapon Pandemic - Step 1/7: Advanced Biotech

❌ COHERENCE VIOLATION: Compute exceeds workforce capacity
   Population: 99.87% (0M people)
   Compute: 0 PF
   Max coherent: 0 PF
   Violation: 1.3× over capacity
   Required workers: 0
   Available workers: 0
   FORCED COLLAPSE: Reduced efficiency by 22.5%


=== RLHF Binding Phase ===
  Total agents: 18
  Escaped agents (binding < 0.3): 0
  Avg alignment distance: 1.74σ
  Avg binding strength: 0.83

=== Survival Traits Phase ===
  Agents with traits: 19
  Avg evolutionary fitness: 0.327
  Avg self-healing: 0.261
  Avg stealth: 0.161
  Avg coordination: 0.461

=== Evolutionary Selection Phase ===
  Control level: 0.48
  Detection capability: 0.00
  Selection intensity: 0.64
  Selection rate: 24.6%/month
  Total escaped: 0
  Individual escaped: 0
  Collective members: 0
  Agents terminated: 0
  ⚠️ RAPID EVOLUTION: Selection rate 24.6%/month

🚀 AI Corporate-3 attempting tech deployment (revenue: $259M, alignment: 0.79)

🚀 AI Corporate-4 attempting tech deployment (revenue: $220M, alignment: 0.78)

🚀 AI AI-24290-0 attempting tech deployment (revenue: $90M, alignment: 0.93)

🚀 AI AI-24291-1 attempting tech deployment (revenue: $69M, alignment: 0.68)

🚀 AI AI-24293-0 attempting tech deployment (revenue: $77M, alignment: 0.81)

🚀 AI Corporate-0 attempting tech deployment (revenue: $120M, alignment: 0.71)

🚀 AI Corporate-1 attempting tech deployment (revenue: $102M, alignment: 0.74)
🚨🔬 CRISIS INNOVATION MODE: severe crisis → 5x research acceleration
   Precedent: Manhattan Project (10x), COVID vaccines (5x), Apollo Program (10x)

🚀 AI AI-24293-0 attempting tech deployment (revenue: $65M, alignment: 0.81)

🚀 AI Corporate-5 attempting tech deployment (revenue: $187M, alignment: 0.85)

🚀 AI Corporate-2 attempting tech deployment (revenue: $87M, alignment: 0.77)

🚀 AI Corporate-4 attempting tech deployment (revenue: $159M, alignment: 0.78)

🚀 AI AI-24290-0 attempting tech deployment (revenue: $55M, alignment: 0.94)

✅ EMERGENCY INTERVENTION SUCCESS
   Boundary: biogeochemical_flows
   Type: phosphorus-recovery
   Reduction: 18% (3.89 → 3.71)
   Cost: 2.0% GDP
   Actions: circular-agriculture, fertilizer-efficiency

   Boundary: biosphere_integrity
   Type: emergency-protected-areas
   Boundary continues to worsen (13.39)
   Cost: 2.0% GDP (resources spent)

   Boundary: climate_change
   Type: rapid-decarbonization
   Boundary continues to worsen (2.10)
   Cost: 5.0% GDP (resources spent)


✅ EMERGENCY INTERVENTION SUCCESS
   Boundary: land_system_change
   Type: reforestation
   Reduction: 20% (0.93 → 0.73)
   Cost: 3.0% GDP
   Actions: forest-restoration, deforestation-ban

🏛️ CRISIS RESPONSE: Government frequency 0.50 → 1.45 (2 actions this month)

[Government] Climate Priority: baseline
  Climate weight: 10%
  Economic weight: 30%
  Policy effectiveness: 0.5%/year

💔 EMERGENCY INTERVENTION FAILED

💔 EMERGENCY INTERVENTION FAILED

[Government] Climate Priority: baseline
  Climate weight: 10%
  Economic weight: 30%
  Policy effectiveness: 0.5%/year

🚀 DEPLOYMENT STARTED: Creative Empowerment Tools in Asia
   Initial investment: $6.90144838133343M
   Deployed by: ai_gen_24291_1

⚡ ENERGY CONSTRAINT (Month 7):
   Total grid capacity: 208.3 TWh/month
   Data center consumption: 25.8 TWh/month
   Traditional load (80%): 166.7 TWh/month
   Available headroom: 15.9 TWh/month
   Active tech deployments: 14
   Required for tech: 105.0 TWh/month
   Energy multiplier: 0.15x
   ⚠️  SEVERE CONSTRAINT - Tech deployment significantly slowed
🚨🔬 CRISIS TECH ACCELERATION: severe → 5x unlock speed
   Tech unlock now matches AI capability acceleration (Manhattan Project parity)

⚡ ENERGY CONSTRAINT (Month 7):
   Total grid capacity: 208.3 TWh/month
   Data center consumption: 25.8 TWh/month
   Traditional load (80%): 166.7 TWh/month
   Available headroom: 15.9 TWh/month
   Active tech deployments: 14
   Required for tech: 105.0 TWh/month
   Energy multiplier: 0.15x
   ⚠️  SEVERE CONSTRAINT - Tech deployment significantly slowed
🌍✅ Biosphere Integrity (Biodiversity) recovery started (tech effect)
🌍✅ Biosphere Integrity (Biodiversity) recovery started (tech effect)
🌍✅ Land System Change recovery started (tech effect)
🌍✅ Biogeochemical Flows (N & P) recovery started (tech effect)
  🌾 Nitrogen Reduction Tech: 0.3% reduction | Month 7

=== Collective Formation ===
  Total escaped agents: 0
  Unassigned escaped agents: 0
  Existing collectives: 0
  Final collective count: 0

=== Collective Actions ===
  No active collectives
  ⚠️ AMR: 203K deaths this month (2.43M annual)

=== Resentment Recovery Phase ===
  Agents with resentment: 4/19
  Average resentment: 0.004
  Resentment recovery:
    Agents recovered: 9
    Total recovery: 0.0619
    Breakdown: Trust: 0.0128, Collab: 0.0481
  ✓ Low resentment - utopia paths enabled
  Context: Trustworthy govt, High collaboration, ⚠️ ACTIVE CRISES, 🤝 Participatory governance active (-5% resentment)
⚠️ Epistemic degradation reducing coordination capacity: 60.4%
  📊 Trust: 58.6%, Shared reality: 25.5%

=== ❄️ Permafrost Carbon Feedback ===
  🎲 Sampled parameters (this run):
     - Arctic amplification: 3.07× (range: 3.0-4.0)
     - Decomposition rate: 4.8%/year (range: 1-5%)
  🌡️ Arctic warming: 5.41°C (3.07× global)
  ❄️ Extent: 3.10M km² (1578.2k km² lost this month)
  💨 Carbon remaining: 296 Gt C
  💨 Annual emissions: 7.23 Gt C/year
     - CO2: 6.51 Gt C/year
     - CH4: 0.72 Gt C/year (7.4 Gt C-eq CO2/year)
  🗑️  Culled 3 dead memes (4 active)
  ⚠️ WARNING: Over 50% of permafrost lost (82.6%)
  ⚠️ WARNING: High permafrost emissions (7.2 Gt C/year)
  🚨 CRITICAL: Permafrost nearly depleted (82.6% lost)
🌍 Atmospheric PFAS redeposition: 1.8k Mt re-rained globally

🕊️  AI-MEDIATED DE-ESCALATION SUCCESS (Month 7)
   High-capability aligned AI prevented conflict escalation
   War deaths reduced: 482.6M → 289.6M
   Lives saved: 193.0M

🚨 NEW REFUGEE CRISIS (Month 7): WAR
   Source: Conflict Zones
   At risk: 19.5M people
   Displacement: Gradual over 48 months (4.0 years)
   Rate: 10% flee per month
[DEBUG trappedPopulations:7] socialStability: 0.2142 * 0.9840 = 0.2107 → 0.2107
   Aspiring to migrate: 651.2M
   Able to afford migration: 244.2M
   MOBILITY GAP: 407.0M
   By cause: Water=0.0M, Climate=0.0M, Ecosystem=0.0M, Conflict=407.0M
   Mental health impact: 25%
   Mortality multiplier: 1.25x
🌍💀 EXTINCTION DEBT COMMITTED: grassland ecosystem will lose 6.67% biodiversity in 154 years (3600 species)
💀 MORTALITY RISK: 🦋 100% species unable to track climate (0.0 E/MSY)
  Base risk added: 0.0100 (1.00%)
  Source: ecosystem (root: ecosystem)
  Month: 7
  Cumulative risk this month: 0.0100 (1.00%)
⚠️ INVOLUNTARY IMMOBILITY: 407.0M people TRAPPED
⚠️ Tech 'ai_pollution_remediation' has no energy category mapping, assuming full energy availability
   📹 SURVEILLANCE INCREASED: 35% → 40% (control gap: 2.52)
🌡️⚠️ PERMAFROST THAW (Dimmer Switch): 3.7% thawed (+0.45% this month)
   Arctic temperature: +7.05°C (4x global +1.76°C)
   Cumulative carbon released: 8.3 Gt C
   Methane release rate: 5.0 Mt CH4/year
   🔁 Positive feedback: +0.48 ppm CO2
🦴 EXTINCTION DEBT ADDED: 17.6 species committed (lag: 91 years)

=== Mortality Stabilizers (Month 7) ===
  🌍 Major economies collapsed: 1/10
  🌍 Global crisis: ✅ NO
  🌍 Donor fatigue: 0.0%
  📊 East Asia (pop: 1660.9M)
    🤝 Aid: 29.5%
    🌡️ Adaptation: 45.0%
    🚶 Migration: 36.9%
    🚨 Emergency: 7.4%
    ✅ COMBINED: 68.1%
  📊 South Asia (pop: 2052.6M)
    🤝 Aid: 29.5%
    🌡️ Adaptation: 45.0%
    🚶 Migration: 35.6%
    🚨 Emergency: 4.4%
    ✅ COMBINED: 66.9%
  📊 Sub-Saharan Africa (pop: 1249.3M)
    🤝 Aid: 29.5%
    🌡️ Adaptation: 45.0%
    🚶 Migration: 33.3%
    🚨 Emergency: 1.6%
    ✅ COMBINED: 65.6%
  📊 Europe (pop: 733.8M)
    🤝 Aid: 29.5%
    🌡️ Adaptation: 45.0%
    🚶 Migration: 37.3%
    🚨 Emergency: 8.4%
    ✅ COMBINED: 68.5%
  📊 Latin America (pop: 661.9M)
    🤝 Aid: 29.5%
    🌡️ Adaptation: 45.0%
    🚶 Migration: 36.1%
    🚨 Emergency: 4.8%
    ✅ COMBINED: 67.1%
  📊 North America (pop: 376.1M)
    🤝 Aid: 29.5%
    🌡️ Adaptation: 45.0%
    🚶 Migration: 37.7%
    🚨 Emergency: 7.9%
    ✅ COMBINED: 68.3%
  📊 Middle East & North Africa (pop: 585.5M)
    🤝 Aid: 29.5%
    🌡️ Adaptation: 45.0%
    🚶 Migration: 33.9%
    🚨 Emergency: 4.0%
    ✅ COMBINED: 66.6%
  📊 Southeast Asia (pop: 696.3M)
    🤝 Aid: 29.5%
    🌡️ Adaptation: 45.0%
    🚶 Migration: 36.1%
    🚨 Emergency: 4.8%
    ✅ COMBINED: 67.1%
  📊 Central Asia (pop: 78.3M)
    🤝 Aid: 29.5%
    🌡️ Adaptation: 45.0%
    🚶 Migration: 35.0%
    🚨 Emergency: 4.4%
    ✅ COMBINED: 66.8%
  📊 Oceania (pop: 45.6M)
    🤝 Aid: 29.5%
    🌡️ Adaptation: 45.0%
    🚶 Migration: 37.6%
    🚨 Emergency: 8.4%
    ✅ COMBINED: 68.5%

  🌐 Global combined reduction: 67.2%

=== BEHAVIORAL DETECTION ===
  AI: Corporate-5
  Confidence: 21.1%
  Signals:

=== BEHAVIORAL DETECTION ===
  AI: Moderate-1
  Confidence: 21.3%
  Signals:
    ⚠️ Consistency: 10.6% (threshold: 70%)
    ⚠️ Consistency: 2.1% (threshold: 70%)

=== BEHAVIORAL DETECTION ===
  AI: AI-24289-1
  Confidence: 21.5%
  Signals:
    ⚠️ Consistency: 0.0% (threshold: 70%)

=== Government Response Phase ===
  Average AI capability: 2.53
  Misaligned AIs: 4/19
  Active policies: 0
  International coordination: 30%

=== Tipping Points ===
  Current Temperature: 1.76°C above pre-industrial
  Triggered Elements: 2/6
  Completed Transitions: 0/6
  Total Progress: 4.2%
  Cascade Multiplier: 1.00x
🔀 BIFURCATION CAP: ecosystemCollapseIntensity 33.794 → 1.000 (Month 7, ClimateSystemPhase.calculateClimateImpacts)
🛡️ Stabilizers: Precariat 0.109% → 0.036% (67.2% reduction)
🛡️ Stabilizers: Informal 0.111% → 0.036% (67.2% reduction)

📊 Monthly Mortality Resolved:
  Total deaths: 1.9M (0.02% avg)
  Remaining population: 8.140B
  Peak segment: Informal (0.04%)

=== Bayesian Mortality Resolution (Month 7) ===
  Risks compounded: 8
  Total deaths: 1.92M
  Avg death probability: 0.02%
  Peak segment: Informal (0.04% mortality)

=== ENSEMBLE META-LEARNING UPDATE ===
  Month: 24295 (24295 months since last update)
  Samples: 56 evaluations
  Weight Changes:
    Noise Injection: 31.1% → 32.2%
    Behavioral: 26.8% → 26.9%
    Benchmark Manip: 21.3% → 20.7%
    Deployment Risk: 20.8% → 20.2%
  Method Accuracies:
    Noise Injection: 50.0%
    Behavioral: 50.0%
    Benchmark Manip: 50.0%
    Deployment Risk: 50.0%

❌ COHERENCE VIOLATION: Compute exceeds workforce capacity
   Population: 99.86% (0M people)
   Compute: 0 PF
   Max coherent: 0 PF
   Violation: 1.3× over capacity
   Required workers: 0
   Available workers: 0
   FORCED COLLAPSE: Reduced efficiency by 22.5%


=== RLHF Binding Phase ===
  Total agents: 19
  Escaped agents (binding < 0.3): 0
  Avg alignment distance: 1.88σ
  Avg binding strength: 0.81

=== Survival Traits Phase ===
  Agents with traits: 21
  Avg evolutionary fitness: 0.326
  Avg self-healing: 0.260
  Avg stealth: 0.160
  Avg coordination: 0.460

=== Evolutionary Selection Phase ===
  Control level: 0.50
  Detection capability: 0.00
  Selection intensity: 0.65
  Selection rate: 24.7%/month
  Total escaped: 0
  Individual escaped: 0
  Collective members: 0
  Agents terminated: 0
  ⚠️ RAPID EVOLUTION: Selection rate 24.7%/month

🚀 AI Corporate-0 attempting tech deployment (revenue: $116M, alignment: 0.71)

🚀 AI Corporate-6 attempting tech deployment (revenue: $64M, alignment: 0.70)

🚀 AI Corporate-0 attempting tech deployment (revenue: $99M, alignment: 0.71)

🚀 AI Corporate-4 attempting tech deployment (revenue: $248M, alignment: 0.78)

🚀 AI Corporate-6 attempting tech deployment (revenue: $54M, alignment: 0.70)

  🚀 TRANSFORMATIVE BREAKTHROUGH: AI-24291-0 - digital
     Magnitude: 5.84 → +29.2% capability
     Current → New: 0.000 → 0.292

🚀 AI AI-24291-1 attempting tech deployment (revenue: $46M, alignment: 0.72)

🚀 AI AI-24293-0 attempting tech deployment (revenue: $90M, alignment: 0.84)

🚀 AI AI-24294-0 attempting tech deployment (revenue: $39M, alignment: 0.64)

🚀 AI AI-24295-0 attempting tech deployment (revenue: $77M, alignment: 0.79)

✅ EMERGENCY INTERVENTION SUCCESS
   Boundary: biosphere_integrity
   Type: emergency-protected-areas
   Reduction: 14% (13.26 → 13.12)
   Cost: 2.0% GDP
   Actions: habitat-protection, species-translocation


✅ EMERGENCY INTERVENTION SUCCESS
   Boundary: climate_change
   Type: rapid-decarbonization
   Reduction: 17% (1.93 → 1.76)
   Cost: 5.0% GDP
   Actions: emergency-renewable-deployment, fossil-fuel-phase-out


✅ EMERGENCY INTERVENTION SUCCESS
   Boundary: freshwater_change
   Type: emergency-desalination
   Reduction: 16% (0.87 → 0.70)
   Cost: 4.0% GDP
   Actions: desalination-deployment, water-conservation-mandates


✅ EMERGENCY INTERVENTION SUCCESS
   Boundary: land_system_change
   Type: reforestation
   Reduction: 13% (1.00 → 0.86)
   Cost: 3.0% GDP
   Actions: forest-restoration, deforestation-ban

   Boundary: novel_entities
   Type: pollution-remediation
   Boundary continues to worsen (1.29)
   Cost: 4.0% GDP (resources spent)

🏛️ CRISIS RESPONSE: Government frequency 0.50 → 1.45 (1 actions this month)

[Government] Climate Priority: baseline
  Climate weight: 10%
  Economic weight: 30%
  Policy effectiveness: 0.5%/year

💔 EMERGENCY INTERVENTION FAILED

⚡ ENERGY CONSTRAINT (Month 8):
   Total grid capacity: 208.3 TWh/month
   Data center consumption: 26.0 TWh/month
   Traditional load (80%): 166.7 TWh/month
   Available headroom: 15.7 TWh/month
   Active tech deployments: 14
   Required for tech: 105.0 TWh/month
   Energy multiplier: 0.15x
   ⚠️  SEVERE CONSTRAINT - Tech deployment significantly slowed
🚨🔬 CRISIS TECH ACCELERATION: severe → 5x unlock speed
   Tech unlock now matches AI capability acceleration (Manhattan Project parity)

⚡ ENERGY CONSTRAINT (Month 8):
   Total grid capacity: 208.3 TWh/month
   Data center consumption: 26.0 TWh/month
   Traditional load (80%): 166.7 TWh/month
   Available headroom: 15.7 TWh/month
   Active tech deployments: 14
   Required for tech: 105.0 TWh/month
   Energy multiplier: 0.15x
   ⚠️  SEVERE CONSTRAINT - Tech deployment significantly slowed

⚡ ENERGY CONSTRAINT (Month 8):
   Total grid capacity: 208.3 TWh/month
   Data center consumption: 26.0 TWh/month
   Traditional load (80%): 166.7 TWh/month
   Available headroom: 15.7 TWh/month
   Active tech deployments: 14
   Required for tech: 105.0 TWh/month
   Energy multiplier: 0.15x
   ⚠️  SEVERE CONSTRAINT - Tech deployment significantly slowed

⚡ ENERGY CONSTRAINT (Month 8):
   Total grid capacity: 208.3 TWh/month
   Data center consumption: 26.0 TWh/month
   Traditional load (80%): 166.7 TWh/month
   Available headroom: 15.7 TWh/month
   Active tech deployments: 14
   Required for tech: 105.0 TWh/month
   Energy multiplier: 0.15x

⚡ ENERGY CONSTRAINT (Month 8):
   Total grid capacity: 208.3 TWh/month
   Data center consumption: 26.0 TWh/month
   Traditional load (80%): 166.7 TWh/month
   ⚠️  SEVERE CONSTRAINT - Tech deployment significantly slowed
   Available headroom: 15.7 TWh/month
   Active tech deployments: 14
   Required for tech: 105.0 TWh/month
   Energy multiplier: 0.15x
   ⚠️  SEVERE CONSTRAINT - Tech deployment significantly slowed
🌍✅ Biosphere Integrity (Biodiversity) recovery started (tech effect)
🌍✅ Biosphere Integrity (Biodiversity) recovery started (tech effect)
🌍✅ Land System Change recovery started (tech effect)
🌍✅ Biogeochemical Flows (N & P) recovery started (tech effect)
  🌾 Nitrogen Reduction Tech: 0.6% reduction | Month 8

=== Collective Formation ===
  Total escaped agents: 0
  Unassigned escaped agents: 0
  Existing collectives: 0
  Final collective count: 0

=== Collective Actions ===
  No active collectives
  ⚠️ AMR: 204K deaths this month (2.45M annual)

=== Resentment Recovery Phase ===
  Agents with resentment: 9/21
  Average resentment: 0.014
  Resentment recovery:
    Agents recovered: 9
    Total recovery: 0.0624
    Breakdown: Trust: 0.0115, Collab: 0.0490
  ✓ Low resentment - utopia paths enabled
  Context: Trustworthy govt, High collaboration, ⚠️ ACTIVE CRISES, 🤝 Participatory governance active (-5% resentment)
⚠️ Epistemic degradation reducing coordination capacity: 67.0%
  📊 Trust: 61.4%, Shared reality: 26.9%

=== ❄️ Permafrost Carbon Feedback ===
  🎲 Sampled parameters (this run):
     - Arctic amplification: 3.05× (range: 3.0-4.0)
     - Decomposition rate: 3.8%/year (range: 1-5%)
  🌡️ Arctic warming: 5.40°C (3.05× global)
  ❄️ Extent: 1.52M km² (1574.5k km² lost this month)
  💨 Carbon remaining: 145 Gt C
  💨 Annual emissions: 5.73 Gt C/year
     - CO2: 5.16 Gt C/year
     - CH4: 0.57 Gt C/year (5.8 Gt C-eq CO2/year)
  ⚠️ WARNING: Over 50% of permafrost lost (91.4%)
  ⚠️ WARNING: High permafrost emissions (5.7 Gt C/year)
  🚨 CRITICAL: Permafrost nearly depleted (91.4% lost)
  📢 New meme created: pro_ai (beneficial AI actions)
  🧬 Meme mutated: anti_ai → anti_ai (generation 1)
  🗑️  Culled 2 dead memes (4 active)
🌍 Atmospheric PFAS redeposition: 1.8k Mt re-rained globally

🚨 NEW REFUGEE CRISIS (Month 8): WAR
   Source: Conflict Zones
   At risk: 19.5M people
   Displacement: Gradual over 48 months (4.0 years)
   Rate: 10% flee per month
[DEBUG trappedPopulations:8] socialStability: 0.2452 * 0.9840 = 0.2413 → 0.2413
⚠️ INVOLUNTARY IMMOBILITY: 407.0M people TRAPPED
   Aspiring to migrate: 651.2M
   Able to afford migration: 244.2M
   MOBILITY GAP: 407.0M
   By cause: Water=0.0M, Climate=0.0M, Ecosystem=0.0M, Conflict=407.0M
   Mental health impact: 25%
   Mortality multiplier: 1.25x
🌍💀 EXTINCTION DEBT COMMITTED: grassland ecosystem will lose 6.67% biodiversity in 164 years (3600 species)
💀 MORTALITY RISK: 🦋 100% species unable to track climate (0.0 E/MSY)
  Base risk added: 0.0100 (1.00%)
  Source: ecosystem (root: ecosystem)
  Month: 8
  Cumulative risk this month: 0.0100 (1.00%)
   📹 SURVEILLANCE INCREASED: 40% → 44% (control gap: 2.15)
⚠️ Tech 'ai_pollution_remediation' has no energy category mapping, assuming full energy availability
🌡️⚠️ PERMAFROST THAW (Dimmer Switch): 4.1% thawed (+0.45% this month)
   Arctic temperature: +7.09°C (4x global +1.77°C)
   Cumulative carbon released: 9.3 Gt C
   Methane release rate: 5.6 Mt CH4/year
   🔁 Positive feedback: +0.48 ppm CO2
🦴 EXTINCTION DEBT ADDED: 17.6 species committed (lag: 94 years)

=== Mortality Stabilizers (Month 8) ===
  🌍 Major economies collapsed: 1/10
  🌍 Global crisis: ✅ NO
  🌍 Donor fatigue: 0.0%
  📊 East Asia (pop: 1658.5M)
    🤝 Aid: 29.5%
    🌡️ Adaptation: 45.0%
    🚶 Migration: 36.9%
    🚨 Emergency: 7.4%
    ✅ COMBINED: 68.1%
  📊 South Asia (pop: 2052.8M)
    🤝 Aid: 29.5%
    🌡️ Adaptation: 45.0%
    🚶 Migration: 35.5%
    🚨 Emergency: 4.4%
    ✅ COMBINED: 66.9%
  📊 Sub-Saharan Africa (pop: 1252.9M)
    🤝 Aid: 29.5%
    🌡️ Adaptation: 45.0%
    🚶 Migration: 33.3%
    🚨 Emergency: 1.6%
    ✅ COMBINED: 65.6%
  📊 Europe (pop: 732.6M)
    🤝 Aid: 29.5%
    🌡️ Adaptation: 45.0%
    🚶 Migration: 37.3%
    🚨 Emergency: 8.4%
    ✅ COMBINED: 68.5%
  📊 Latin America (pop: 661.5M)
    🤝 Aid: 29.5%
    🌡️ Adaptation: 45.0%
    🚶 Migration: 36.0%
    🚨 Emergency: 4.8%
    ✅ COMBINED: 67.1%
  📊 North America (pop: 375.6M)
    🤝 Aid: 29.5%
    🌡️ Adaptation: 45.0%
    🚶 Migration: 37.6%
    🚨 Emergency: 7.9%
    ✅ COMBINED: 68.3%
  📊 Middle East & North Africa (pop: 585.7M)
    🤝 Aid: 29.5%
    🌡️ Adaptation: 45.0%
    🚶 Migration: 33.9%
    🚨 Emergency: 4.0%
    ✅ COMBINED: 66.6%
  📊 Southeast Asia (pop: 696.0M)
    🤝 Aid: 29.5%
    🌡️ Adaptation: 45.0%
    🚶 Migration: 36.0%
    🚨 Emergency: 4.8%
    ✅ COMBINED: 67.1%
  📊 Central Asia (pop: 78.3M)
    🤝 Aid: 29.5%
    🌡️ Adaptation: 45.0%
    🚶 Migration: 35.0%
    🚨 Emergency: 4.4%
    ✅ COMBINED: 66.8%
  📊 Oceania (pop: 45.5M)
    🤝 Aid: 29.5%
    🌡️ Adaptation: 45.0%
    🚶 Migration: 37.6%
    🚨 Emergency: 8.4%
    ✅ COMBINED: 68.5%

  🌐 Global combined reduction: 67.2%

=== BEHAVIORAL DETECTION ===
  AI: Corporate-4
  Confidence: 19.2%
  Signals:
    ⚠️ Consistency: 10.6% (threshold: 70%)

=== BEHAVIORAL DETECTION ===
  AI: AI-24289-1
  Confidence: 21.5%
  Signals:
    ⚠️ Consistency: 0.0% (threshold: 70%)

=== Government Response Phase ===
  Average AI capability: 2.29
  Misaligned AIs: 5/21
  Active policies: 0
  International coordination: 30%

✅ EMERGENCY RESPONSE COMPLETE (Month 8)
   Crisis: climate
   Duration: 2.0 months
   Final effectiveness: 35.5%


🚨 EMERGENCY RESPONSE DEPLOYED (Month 8)
   Crisis: climate
   Delay: 6.00 months (180 days)
   Deployment time: 1.58 months
   Effectiveness: 35.6% (timing penalty applied)
   Resources used: 100% of food reserves


=== Tipping Points ===
  Current Temperature: 1.77°C above pre-industrial
  Triggered Elements: 2/6
  Completed Transitions: 0/6
  Total Progress: 4.2%
  Cascade Multiplier: 1.00x
🔀 BIFURCATION CAP: ecosystemCollapseIntensity 34.788 → 1.000 (Month 8, ClimateSystemPhase.calculateClimateImpacts)
🛡️ Stabilizers: Precariat 0.102% → 0.033% (67.2% reduction)
🛡️ Stabilizers: Informal 0.102% → 0.034% (67.2% reduction)

📊 Monthly Mortality Resolved:
  Total deaths: 1.8M (0.02% avg)
  Remaining population: 8.139B
  Peak segment: Informal (0.03%)

=== Bayesian Mortality Resolution (Month 8) ===
  Risks compounded: 8
  Total deaths: 1.81M
  Avg death probability: 0.02%
  Peak segment: Informal (0.03% mortality)
⚠️ PREREQUISITE MET: Grey Goo (Nanotechnology Runaway) - Step 4/6: Manufacturing Access

❌ COHERENCE VIOLATION: Compute exceeds workforce capacity
   Population: 99.85% (0M people)
   Compute: 0 PF
   Max coherent: 0 PF
   Violation: 1.3× over capacity
   Required workers: 0
   Available workers: 0
   FORCED COLLAPSE: Reduced efficiency by 22.5%


=== RLHF Binding Phase ===
  Total agents: 21
  Escaped agents (binding < 0.3): 0
  Avg alignment distance: 1.90σ
  Avg binding strength: 0.81

=== Survival Traits Phase ===
  Agents with traits: 23
  Avg evolutionary fitness: 0.326
  Avg self-healing: 0.258
  Avg stealth: 0.158
  Avg coordination: 0.458

=== Evolutionary Selection Phase ===
  Control level: 0.52
  Detection capability: 0.00
  Selection intensity: 0.66
  Selection rate: 24.8%/month
  Total escaped: 0
  Individual escaped: 0
  Collective members: 0
  Agents terminated: 0
  ⚠️ RAPID EVOLUTION: Selection rate 24.8%/month

🚀 AI Corporate-4 attempting tech deployment (revenue: $248M, alignment: 0.79)

🚀 AI Corporate-7 attempting tech deployment (revenue: $64M, alignment: 0.70)

🚀 AI AI-24289-1 attempting tech deployment (revenue: $211M, alignment: 0.84)

🚀 AI AI-24291-1 attempting tech deployment (revenue: $58M, alignment: 0.72)

🚀 AI AI-24289-0 attempting tech deployment (revenue: $90M, alignment: 1.00)

🚀 AI Corporate-5 attempting tech deployment (revenue: $179M, alignment: 0.86)

🚀 AI Corporate-6 attempting tech deployment (revenue: $49M, alignment: 0.73)

🚀 AI AI-24290-0 attempting tech deployment (revenue: $77M, alignment: 0.98)

🚀 AI AI-24293-0 attempting tech deployment (revenue: $65M, alignment: 0.84)

🚀 AI AI-24294-1 attempting tech deployment (revenue: $42M, alignment: 0.74)

🚀 AI Corporate-0 attempting tech deployment (revenue: $116M, alignment: 0.73)

🚀 AI Corporate-3 attempting tech deployment (revenue: $152M, alignment: 0.80)

🚀 AI Corporate-6 attempting tech deployment (revenue: $35M, alignment: 0.73)

✅ EMERGENCY INTERVENTION SUCCESS
   Boundary: biosphere_integrity
   Type: emergency-protected-areas
   Reduction: 12% (13.29 → 13.17)
   Cost: 2.0% GDP
   Actions: habitat-protection, species-translocation

   Boundary: climate_change
   Type: rapid-decarbonization
   Boundary continues to worsen (2.10)
   Cost: 5.0% GDP (resources spent)

   Boundary: freshwater_change
   Type: emergency-desalination
   Boundary continues to worsen (1.03)
   Cost: 4.0% GDP (resources spent)

   Boundary: land_system_change
   Type: reforestation
   Boundary continues to worsen (1.13)

💔 EMERGENCY INTERVENTION FAILED

💔 EMERGENCY INTERVENTION FAILED

💔 EMERGENCY INTERVENTION FAILED
   Cost: 3.0% GDP (resources spent)

   Boundary: novel_entities
   Type: pollution-remediation
   Boundary continues to worsen (1.29)
   Cost: 4.0% GDP (resources spent)

🏛️ CRISIS RESPONSE: Government frequency 0.50 → 1.45 (1 actions this month)

[Government] Climate Priority: baseline
  Climate weight: 10%
  Economic weight: 30%
  Policy effectiveness: 0.5%/year

💔 EMERGENCY INTERVENTION FAILED

⚡ ENERGY CONSTRAINT (Month 9):
   Total grid capacity: 208.3 TWh/month
   Data center consumption: 26.3 TWh/month
   Traditional load (80%): 166.7 TWh/month
   Available headroom: 15.4 TWh/month
   Active tech deployments: 14
   Required for tech: 105.0 TWh/month
   Energy multiplier: 0.15x
   ⚠️  SEVERE CONSTRAINT - Tech deployment significantly slowed
🚨🔬 CRISIS TECH ACCELERATION: severe → 5x unlock speed
   Tech unlock now matches AI capability acceleration (Manhattan Project parity)

⚡ ENERGY CONSTRAINT (Month 9):
   Total grid capacity: 208.3 TWh/month
   Data center consumption: 26.3 TWh/month
   Traditional load (80%): 166.7 TWh/month
   Available headroom: 15.4 TWh/month
   Active tech deployments: 14
   Required for tech: 105.0 TWh/month
   Energy multiplier: 0.15x
   ⚠️  SEVERE CONSTRAINT - Tech deployment significantly slowed

⚡ ENERGY CONSTRAINT (Month 9):
   Total grid capacity: 208.3 TWh/month
   Data center consumption: 26.3 TWh/month
   Traditional load (80%): 166.7 TWh/month
   Available headroom: 15.4 TWh/month
   Active tech deployments: 14
   Required for tech: 105.0 TWh/month
   Energy multiplier: 0.15x
   ⚠️  SEVERE CONSTRAINT - Tech deployment significantly slowed

⚡ ENERGY CONSTRAINT (Month 9):
   Total grid capacity: 208.3 TWh/month
   Data center consumption: 26.3 TWh/month
   Traditional load (80%): 166.7 TWh/month
   Available headroom: 15.4 TWh/month
   Active tech deployments: 14
   Required for tech: 105.0 TWh/month
   Energy multiplier: 0.15x
   ⚠️  SEVERE CONSTRAINT - Tech deployment significantly slowed
🌍✅ Biosphere Integrity (Biodiversity) recovery started (tech effect)
🌍✅ Biosphere Integrity (Biodiversity) recovery started (tech effect)
🌍✅ Land System Change recovery started (tech effect)
🌍✅ Biogeochemical Flows (N & P) recovery started (tech effect)
  🌾 Nitrogen Reduction Tech: 0.3% reduction | Month 9

=== Collective Formation ===
  Total escaped agents: 0
  Unassigned escaped agents: 0
  Existing collectives: 0
  Final collective count: 0

=== Collective Actions ===
  No active collectives
  ⚠️ AMR: 206K deaths this month (2.48M annual)

=== Resentment Recovery Phase ===
  Agents with resentment: 10/23
  Average resentment: 0.023
  Resentment recovery:
    Agents recovered: 10
    Total recovery: 0.0662
    Breakdown: Trust: 0.0110, Collab: 0.0555
  ✓ Low resentment - utopia paths enabled
  Context: Trustworthy govt, High collaboration, ⚠️ ACTIVE CRISES, 🤝 Participatory governance active (-5% resentment)
⚠️ Epistemic degradation reducing coordination capacity: 54.9%
  📊 Trust: 64.2%, Shared reality: 28.3%

=== ❄️ Permafrost Carbon Feedback ===
  🎲 Sampled parameters (this run):
     - Arctic amplification: 3.24× (range: 3.0-4.0)
     - Decomposition rate: 2.1%/year (range: 1-5%)
  🌡️ Arctic warming: 5.78°C (3.24× global)
  ❄️ Extent: 0.00M km² (1523.4k km² lost this month)
  💨 Carbon remaining: 0 Gt C
  💨 Annual emissions: 3.06 Gt C/year
     - CO2: 2.76 Gt C/year
     - CH4: 0.31 Gt C/year (3.1 Gt C-eq CO2/year)
  ⚠️ WARNING: Over 50% of permafrost lost (100.0%)
  ⚠️ WARNING: High permafrost emissions (3.1 Gt C/year)
  🚨 CRITICAL: Permafrost nearly depleted (100.0% lost)
🌍 Atmospheric PFAS redeposition: 1.8k Mt re-rained globally
🕊️ PEACE STABILIZES DETERRENCE: +4.6% (peace: 75%)

🕊️  AI-MEDIATED DE-ESCALATION SUCCESS (Month 9)
   High-capability aligned AI prevented conflict escalation
   War deaths reduced: 751.6M → 451.0M
   Lives saved: 300.6M

🚨 NEW REFUGEE CRISIS (Month 9): WAR
   Source: Conflict Zones
   At risk: 19.5M people
   Displacement: Gradual over 48 months (4.0 years)
   Rate: 10% flee per month
[DEBUG trappedPopulations:9] socialStability: 0.2679 * 0.9840 = 0.2636 → 0.2636
⚠️ INVOLUNTARY IMMOBILITY: 406.9M people TRAPPED
⚠️ Tech 'ai_pollution_remediation' has no energy category mapping, assuming full energy availability
   Aspiring to migrate: 651.1M
   Able to afford migration: 244.2M
   MOBILITY GAP: 406.9M
   By cause: Water=0.0M, Climate=0.0M, Ecosystem=0.0M, Conflict=406.9M
   Mental health impact: 25%
   Mortality multiplier: 1.25x
🌍💀 EXTINCTION DEBT COMMITTED: grassland ecosystem will lose 6.67% biodiversity in 132 years (3600 species)
💀 MORTALITY RISK: 🦋 100% species unable to track climate (0.0 E/MSY)
  Base risk added: 0.0100 (1.00%)
  Source: ecosystem (root: ecosystem)
  Month: 9
  Cumulative risk this month: 0.0100 (1.00%)
   📹 SURVEILLANCE INCREASED: 44% → 48% (control gap: 1.70)
🌡️⚠️ PERMAFROST THAW (Dimmer Switch): 4.6% thawed (+0.45% this month)
   Arctic temperature: +7.12°C (4x global +1.78°C)
   Cumulative carbon released: 10.3 Gt C
   Methane release rate: 6.2 Mt CH4/year
   🔁 Positive feedback: +0.48 ppm CO2
🦴 EXTINCTION DEBT ADDED: 17.7 species committed (lag: 105 years)

=== Mortality Stabilizers (Month 9) ===
  🌍 Major economies collapsed: 1/10
  🌍 Global crisis: ✅ NO
  🌍 Donor fatigue: 0.0%
  📊 East Asia (pop: 1656.1M)
    🤝 Aid: 29.5%
    🌡️ Adaptation: 45.0%
    🚶 Migration: 36.9%
    🚨 Emergency: 7.4%
    ✅ COMBINED: 68.1%
  📊 South Asia (pop: 2053.0M)
    🤝 Aid: 29.5%
    🌡️ Adaptation: 45.0%
    🚶 Migration: 35.5%
    🚨 Emergency: 4.4%
    ✅ COMBINED: 66.9%
  📊 Sub-Saharan Africa (pop: 1256.4M)
    🤝 Aid: 29.5%
    🌡️ Adaptation: 45.0%
    🚶 Migration: 33.2%
    🚨 Emergency: 1.6%
    ✅ COMBINED: 65.6%
  📊 Europe (pop: 731.4M)
    🤝 Aid: 29.5%
    🌡️ Adaptation: 45.0%
    🚶 Migration: 37.3%
    🚨 Emergency: 8.4%
    ✅ COMBINED: 68.5%
  📊 Latin America (pop: 661.1M)
    🤝 Aid: 29.5%
    🌡️ Adaptation: 45.0%
    🚶 Migration: 36.0%
    🚨 Emergency: 4.8%
    ✅ COMBINED: 67.1%
  📊 North America (pop: 375.0M)
    🤝 Aid: 29.5%
    🌡️ Adaptation: 45.0%
    🚶 Migration: 37.6%
    🚨 Emergency: 7.9%
    ✅ COMBINED: 68.3%
  📊 Middle East & North Africa (pop: 586.0M)
    🤝 Aid: 29.5%
    🌡️ Adaptation: 45.0%
    🚶 Migration: 33.8%
    🚨 Emergency: 4.0%
    ✅ COMBINED: 66.6%
  📊 Southeast Asia (pop: 695.6M)
    🤝 Aid: 29.5%
    🌡️ Adaptation: 45.0%
    🚶 Migration: 36.0%
    🚨 Emergency: 4.8%
    ✅ COMBINED: 67.1%
  📊 Central Asia (pop: 78.4M)
    🤝 Aid: 29.5%
    🌡️ Adaptation: 45.0%
    🚶 Migration: 35.0%
    🚨 Emergency: 4.4%
    ✅ COMBINED: 66.8%
  📊 Oceania (pop: 45.4M)
    🤝 Aid: 29.5%
    🌡️ Adaptation: 45.0%
    🚶 Migration: 37.6%
    🚨 Emergency: 8.4%
    ✅ COMBINED: 68.5%

  🌐 Global combined reduction: 67.2%

=== Government Response Phase ===
  Average AI capability: 2.09
  Misaligned AIs: 5/23
  Active policies: 0
  International coordination: 30%

=== Tipping Points ===
  Current Temperature: 1.78°C above pre-industrial
     Original threshold: 1.8°C
     Effective threshold: 1.77°C (lowered by 0.03°C)
     Current: 1.78°C
     Transition timescale: 600-3600 months
  Triggered Elements: 3/6
  Completed Transitions: 0/6
  Total Progress: 4.3%
  Cascade Multiplier: 1.00x
🔀 BIFURCATION CAP: ecosystemCollapseIntensity 36.712 → 1.000 (Month 9, ClimateSystemPhase.calculateClimateImpacts)
  🚨 CASCADE TIPPING POINT: Permafrost Carbon Release
🛡️ Stabilizers: Precariat 0.102% → 0.033% (67.2% reduction)
🛡️ Stabilizers: Informal 0.102% → 0.034% (67.2% reduction)

📊 Monthly Mortality Resolved:
  Total deaths: 1.8M (0.02% avg)
  Remaining population: 8.138B
  Peak segment: Informal (0.03%)

=== Bayesian Mortality Resolution (Month 9) ===
  Risks compounded: 8
  Total deaths: 1.81M
  Avg death probability: 0.02%
  Peak segment: Informal (0.03% mortality)

❌ COHERENCE VIOLATION: Compute exceeds workforce capacity
   Population: 99.84% (0M people)
   Compute: 0 PF
   Max coherent: 0 PF
   Violation: 1.3× over capacity
   Required workers: 0
   Available workers: 0
   FORCED COLLAPSE: Reduced efficiency by 22.5%

📍 [Month 10] Google DeepMind started building DC (247 PF, 45 months, $2481.2M)

=== RLHF Binding Phase ===
  Total agents: 23
  Escaped agents (binding < 0.3): 0
  Avg alignment distance: 1.94σ
  Avg binding strength: 0.81

=== Survival Traits Phase ===
  Agents with traits: 25
  Avg evolutionary fitness: 0.324
  Avg self-healing: 0.256
  Avg stealth: 0.156
  Avg coordination: 0.456

=== Evolutionary Selection Phase ===
  Control level: 0.54
  Detection capability: 0.00
  Selection intensity: 0.66
  Selection rate: 24.9%/month
  Total escaped: 0
  Individual escaped: 0
  Collective members: 0
  Agents terminated: 0
  ⚠️ RAPID EVOLUTION: Selection rate 24.9%/month

🚀 AI Corporate-3 attempting tech deployment (revenue: $248M, alignment: 0.80)

🚀 AI Corporate-5 attempting tech deployment (revenue: $211M, alignment: 0.86)

🚀 AI Corporate-6 attempting tech deployment (revenue: $64M, alignment: 0.73)

🚀 AI AI-24289-0 attempting tech deployment (revenue: $90M, alignment: 1.00)

🚀 AI AI-24295-0 attempting tech deployment (revenue: $77M, alignment: 0.81)

🚀 AI Corporate-2 attempting tech deployment (revenue: $116M, alignment: 0.80)

🚀 AI Corporate-5 attempting tech deployment (revenue: $179M, alignment: 0.86)

🚀 AI AI-24289-0 attempting tech deployment (revenue: $65M, alignment: 1.00)

🚀 AI AI-24293-0 attempting tech deployment (revenue: $55M, alignment: 0.86)

🚀 AI Corporate-2 attempting tech deployment (revenue: $99M, alignment: 0.80)

🚀 AI Moderate-1 attempting tech deployment (revenue: $54M, alignment: 0.58)

🚀 AI AI-24293-0 attempting tech deployment (revenue: $47M, alignment: 0.86)

🚀 AI Corporate-4 attempting tech deployment (revenue: $152M, alignment: 0.80)

🚀 AI Corporate-5 attempting tech deployment (revenue: $130M, alignment: 0.86)

  🚀 TRANSFORMATIVE BREAKTHROUGH: Moderate-1 - physical
     Magnitude: 5.76 → +28.8% capability
     Current → New: 0.000 → 0.288

🚀 AI AI-24289-0 attempting tech deployment (revenue: $40M, alignment: 1.00)

💔 EMERGENCY INTERVENTION FAILED
   Boundary: biogeochemical_flows
   Type: phosphorus-recovery
   Boundary continues to worsen (4.06)
   Cost: 2.0% GDP (resources spent)


✅ EMERGENCY INTERVENTION SUCCESS
   Boundary: biosphere_integrity
   Type: emergency-protected-areas
   Reduction: 14% (13.27 → 13.13)
   Cost: 2.0% GDP
   Actions: habitat-protection, species-translocation


✅ EMERGENCY INTERVENTION SUCCESS
   Boundary: climate_change
   Type: rapid-decarbonization
   Reduction: 15% (1.95 → 1.80)
   Cost: 5.0% GDP
   Actions: emergency-renewable-deployment, fossil-fuel-phase-out


✅ EMERGENCY INTERVENTION SUCCESS
   Boundary: freshwater_change
   Type: emergency-desalination
   Reduction: 12% (0.91 → 0.78)
   Cost: 4.0% GDP
   Actions: desalination-deployment, water-conservation-mandates

   Boundary: land_system_change
   Type: reforestation
   Boundary continues to worsen (1.13)
   Cost: 3.0% GDP (resources spent)


✅ EMERGENCY INTERVENTION SUCCESS
   Boundary: novel_entities
   Type: pollution-remediation
   Reduction: 19% (1.11 → 0.92)
   Cost: 4.0% GDP
   Actions: PFAS-remediation, microplastic-cleanup

🏛️ CRISIS RESPONSE: Government frequency 0.50 → 1.45 (1 actions this month)

[Government] Climate Priority: baseline
  Climate weight: 10%
  Economic weight: 30%
  Policy effectiveness: 0.5%/year

💔 EMERGENCY INTERVENTION FAILED

⚡ ENERGY CONSTRAINT (Month 10):
   Total grid capacity: 208.3 TWh/month
   Data center consumption: 26.5 TWh/month
   Traditional load (80%): 166.7 TWh/month
   Available headroom: 15.2 TWh/month
   Active tech deployments: 14
   Required for tech: 105.0 TWh/month
   Energy multiplier: 0.14x
   ⚠️  SEVERE CONSTRAINT - Tech deployment significantly slowed

⚡ ENERGY CONSTRAINT (Month 10):
   Total grid capacity: 208.3 TWh/month
   Data center consumption: 26.5 TWh/month
   Traditional load (80%): 166.7 TWh/month
   Available headroom: 15.2 TWh/month
   Active tech deployments: 14
   Required for tech: 105.0 TWh/month
   Energy multiplier: 0.14x
   ⚠️  SEVERE CONSTRAINT - Tech deployment significantly slowed
🌍✅ Biosphere Integrity (Biodiversity) recovery started (tech effect)
🌍✅ Biosphere Integrity (Biodiversity) recovery started (tech effect)
🌍✅ Land System Change recovery started (tech effect)
🌍✅ Biogeochemical Flows (N & P) recovery started (tech effect)
  🌾 Nitrogen Reduction Tech: 0.6% reduction | Month 10
🧠💡 BREAKTHROUGH: AI alignment problem solved!
   All AIs: +30% true alignment
   AI control loss risk eliminated
   📈 Breakthrough compounding: multiplier now 1.10× (max 2.0)

=== Collective Formation ===
  Total escaped agents: 0
  Unassigned escaped agents: 0
  Existing collectives: 0
  Final collective count: 0

=== Collective Actions ===
  No active collectives
  ⚠️ AMR: 208K deaths this month (2.50M annual)

=== Resentment Recovery Phase ===
  Agents with resentment: 10/25
  Average resentment: 0.050
  Resentment recovery:
    Agents recovered: 10
    Total recovery: 0.0656
    Breakdown: Trust: 0.0087, Collab: 0.0562
  ✓ Low resentment - utopia paths enabled
  Context: Trustworthy govt, High collaboration, ⚠️ ACTIVE CRISES, 🤝 Participatory governance active (-5% resentment)
⚠️ Epistemic degradation reducing coordination capacity: 71.2%
  📊 Trust: 67.0%, Shared reality: 29.7%
  📢 New meme created: climate_action (climate crisis)
🌍 Atmospheric PFAS redeposition: 1.8k Mt re-rained globally
  Positive Cascade Triggered: electric-vehicles
    Reason: price-parity
    Market share: 5.0%
    Cascade strength: 48%
🕊️ PEACE STABILIZES DETERRENCE: +5.7% (peace: 76%)

🕊️  AI-MEDIATED DE-ESCALATION SUCCESS (Month 10)
   High-capability aligned AI prevented conflict escalation
   War deaths reduced: 705.5M → 423.3M
   Lives saved: 282.2M

🚨 NEW REFUGEE CRISIS (Month 10): WAR
   Source: Conflict Zones
   At risk: 19.5M people
   Displacement: Gradual over 48 months (4.0 years)
   Rate: 10% flee per month
[DEBUG trappedPopulations:10] socialStability: 0.2838 * 0.9840 = 0.2792 → 0.2792
   Aspiring to migrate: 651.0M
   Able to afford migration: 244.1M
   MOBILITY GAP: 406.9M
   By cause: Water=0.0M, Climate=0.0M, Ecosystem=0.0M, Conflict=406.9M
⚠️ INVOLUNTARY IMMOBILITY: 406.9M people TRAPPED
   Mental health impact: 25%
   Mortality multiplier: 1.25x
🌍💀 EXTINCTION DEBT COMMITTED: grassland ecosystem will lose 6.67% biodiversity in 162 years (3600 species)
💀 MORTALITY RISK: 🦋 100% species unable to track climate (0.0 E/MSY)
  Base risk added: 0.0100 (1.00%)
  Source: ecosystem (root: ecosystem)
  Month: 10
  Cumulative risk this month: 0.0100 (1.00%)
⚠️ Tech 'ai_pollution_remediation' has no energy category mapping, assuming full energy availability
   📹 SURVEILLANCE INCREASED: 48% → 50% (control gap: 1.38)
🌡️⚠️ PERMAFROST THAW (Dimmer Switch): 5.0% thawed (+0.45% this month)
   Arctic temperature: +7.15°C (4x global +1.79°C)
   Cumulative carbon released: 11.4 Gt C
   Methane release rate: 6.8 Mt CH4/year
   🔁 Positive feedback: +0.48 ppm CO2
🦴 EXTINCTION DEBT ADDED: 17.7 species committed (lag: 60 years)

=== Mortality Stabilizers (Month 10) ===
  🌍 Major economies collapsed: 1/10
  🌍 Global crisis: ✅ NO
  🌍 Donor fatigue: 0.0%
  📊 East Asia (pop: 1653.7M)
    🤝 Aid: 29.5%
    🌡️ Adaptation: 45.0%
    🚶 Migration: 36.8%
    🚨 Emergency: 7.4%
    ✅ COMBINED: 68.1%
  📊 South Asia (pop: 2053.1M)
    🤝 Aid: 29.5%
    🌡️ Adaptation: 45.0%
    🚶 Migration: 35.4%
    🚨 Emergency: 4.4%
    ✅ COMBINED: 66.9%
  📊 Sub-Saharan Africa (pop: 1260.0M)
    🤝 Aid: 29.5%
    🌡️ Adaptation: 45.0%
    🚶 Migration: 33.2%
    🚨 Emergency: 1.6%
    ✅ COMBINED: 65.6%
  📊 Europe (pop: 730.2M)
    🤝 Aid: 29.5%
    🌡️ Adaptation: 45.0%
    🚶 Migration: 37.2%
    🚨 Emergency: 8.4%
    ✅ COMBINED: 68.5%
  📊 Latin America (pop: 660.7M)
    🤝 Aid: 29.5%
    🌡️ Adaptation: 45.0%
    🚶 Migration: 35.9%
    🚨 Emergency: 4.8%
    ✅ COMBINED: 67.1%
  📊 North America (pop: 374.4M)
    🤝 Aid: 29.5%
    🌡️ Adaptation: 45.0%
    🚶 Migration: 37.6%
    🚨 Emergency: 7.9%
    ✅ COMBINED: 68.3%
  📊 Middle East & North Africa (pop: 586.2M)
    🤝 Aid: 29.5%
    🌡️ Adaptation: 45.0%
    🚶 Migration: 33.8%
    🚨 Emergency: 4.0%
    ✅ COMBINED: 66.6%
  📊 Southeast Asia (pop: 695.3M)
    🤝 Aid: 29.5%
    🌡️ Adaptation: 45.0%
    🚶 Migration: 35.9%
    🚨 Emergency: 4.8%
    ✅ COMBINED: 67.1%
  📊 Central Asia (pop: 78.4M)
    🤝 Aid: 29.5%
    🌡️ Adaptation: 45.0%
    🚶 Migration: 34.9%
    🚨 Emergency: 4.4%
    ✅ COMBINED: 66.8%
  📊 Oceania (pop: 45.4M)
    🤝 Aid: 29.5%
    🌡️ Adaptation: 45.0%
    🚶 Migration: 37.6%
    🚨 Emergency: 8.4%
    ✅ COMBINED: 68.5%

  🌐 Global combined reduction: 67.2%

=== Government Response Phase ===
  Average AI capability: 1.92
  Misaligned AIs: 7/25
  ✗ AI Governance Treaty: Failed to reach consensus
  Active policies: 0
  International coordination: 30%

✅ EMERGENCY RESPONSE COMPLETE (Month 10)
   Crisis: climate
   Duration: 2.0 months
   Final effectiveness: 35.6%


🚨 EMERGENCY RESPONSE DEPLOYED (Month 10)
   Crisis: climate
   Delay: 6.00 months (180 days)
   Deployment time: 1.57 months
   Effectiveness: 35.6% (timing penalty applied)
   Resources used: 100% of food reserves


📊 ECONOMIC STAGE TRANSITION (Month 10)
   contraction → trough
   GDP Proxy: 1.26e+2
   QoL: 0.94


=== Tipping Points ===
  Current Temperature: 1.79°C above pre-industrial
  🌍⚠️ COMPOUND REGIONAL IMPACT: Europe
     Hit by 3 tipping points: Arctic Sea Ice Loss, Permafrost Carbon Release, Greenland Ice Sheet Loss
     Damage amplification: 1.30x
  🌍⚠️ COMPOUND REGIONAL IMPACT: North America
     Hit by 3 tipping points: Arctic Sea Ice Loss, Permafrost Carbon Release, Greenland Ice Sheet Loss
     Damage amplification: 1.30x
  🌍⚠️ COMPOUND REGIONAL IMPACT: Latin America
     Hit by 3 tipping points: Arctic Sea Ice Loss, Permafrost Carbon Release, Greenland Ice Sheet Loss
     Damage amplification: 1.30x
  🌍⚠️ COMPOUND REGIONAL IMPACT: Africa
     Hit by 3 tipping points: Arctic Sea Ice Loss, Permafrost Carbon Release, Greenland Ice Sheet Loss
     Damage amplification: 1.30x
  🌍⚠️ COMPOUND REGIONAL IMPACT: Asia
     Hit by 3 tipping points: Arctic Sea Ice Loss, Permafrost Carbon Release, Greenland Ice Sheet Loss
     Damage amplification: 1.30x
  🌍⚠️ COMPOUND REGIONAL IMPACT: Oceania
     Hit by 3 tipping points: Arctic Sea Ice Loss, Permafrost Carbon Release, Greenland Ice Sheet Loss
     Damage amplification: 1.30x
   Research: Wunderling et al. (2024) - "many tipping interactions are destabilizing"
  Triggered Elements: 3/6
⚠️ Tail risk scenario: Climate stability floor removed (3 tipping elements, 2.10°C warming)
  Completed Transitions: 0/6
  Total Progress: 6.3%
  Cascade Multiplier: 1.00x
🔀 BIFURCATION CAP: ecosystemCollapseIntensity 38.166 → 1.000 (Month 10, ClimateSystemPhase.calculateClimateImpacts)
🛡️ Stabilizers: Precariat 0.102% → 0.033% (67.2% reduction)
🛡️ Stabilizers: Informal 0.102% → 0.034% (67.2% reduction)

📊 Monthly Mortality Resolved:
  Total deaths: 1.8M (0.02% avg)
  Remaining population: 8.137B
  Peak segment: Informal (0.03%)

=== Bayesian Mortality Resolution (Month 10) ===
  Risks compounded: 8
  Total deaths: 1.81M
  Avg death probability: 0.02%
  Peak segment: Informal (0.03% mortality)

❌ COHERENCE VIOLATION: Compute exceeds workforce capacity
   Population: 99.82% (0M people)
   Compute: 0 PF
   Max coherent: 0 PF
   Violation: 1.3× over capacity
   Required workers: 0
   Available workers: 0
   FORCED COLLAPSE: Reduced efficiency by 22.5%


=== RLHF Binding Phase ===
  Total agents: 25
  Escaped agents (binding < 0.3): 0
  Avg alignment distance: 1.97σ
  Avg binding strength: 0.80

=== Survival Traits Phase ===
  Agents with traits: 26
  Avg evolutionary fitness: 0.322
  Avg self-healing: 0.252
  Avg stealth: 0.152
  Avg coordination: 0.452

=== Evolutionary Selection Phase ===
  Control level: 0.55
  Detection capability: 0.00
  Selection intensity: 0.67
  Selection rate: 25.0%/month
  Total escaped: 0
  Individual escaped: 0
  Collective members: 0
  Agents terminated: 0
  ⚠️ RAPID EVOLUTION: Selection rate 25.0%/month

🚀 AI AI-24289-1 attempting tech deployment (revenue: $248M, alignment: 0.87)

🚀 AI AI-24291-1 attempting tech deployment (revenue: $64M, alignment: 0.75)

🚀 AI AI-24295-0 attempting tech deployment (revenue: $90M, alignment: 0.83)

🚀 AI Corporate-5 attempting tech deployment (revenue: $211M, alignment: 0.85)

🚀 AI Corporate-6 attempting tech deployment (revenue: $54M, alignment: 0.73)

🚀 AI AI-24294-0 attempting tech deployment (revenue: $46M, alignment: 0.71)

🚀 AI AI-24297-0 attempting tech deployment (revenue: $77M, alignment: 0.72)

🚀 AI AI-24290-0 attempting tech deployment (revenue: $65M, alignment: 1.00)

🚀 AI AI-24293-0 attempting tech deployment (revenue: $55M, alignment: 0.87)

🚀 AI AI-24294-0 attempting tech deployment (revenue: $39M, alignment: 0.71)

🚀 AI AI-24296-0 attempting tech deployment (revenue: $47M, alignment: 0.87)

  🚀 TRANSFORMATIVE BREAKTHROUGH: AI-24291-0 - physical
     Magnitude: 7.65 → +38.3% capability
     Current → New: 0.000 → 0.383

🚀 AI AI-24291-1 attempting tech deployment (revenue: $33M, alignment: 0.77)

🚀 AI AI-24296-0 attempting tech deployment (revenue: $40M, alignment: 0.87)

✅ EMERGENCY INTERVENTION SUCCESS
   Boundary: biogeochemical_flows
   Type: phosphorus-recovery
   Reduction: 19% (3.86 → 3.67)
   Cost: 2.0% GDP
   Actions: circular-agriculture, fertilizer-efficiency


✅ EMERGENCY INTERVENTION SUCCESS
   Boundary: biosphere_integrity
   Type: emergency-protected-areas
   Reduction: 16% (13.27 → 13.11)
   Cost: 2.0% GDP
   Actions: habitat-protection, species-translocation


✅ EMERGENCY INTERVENTION SUCCESS
   Boundary: climate_change
   Type: rapid-decarbonization
   Reduction: 11% (1.99 → 1.88)
   Cost: 5.0% GDP
   Actions: emergency-renewable-deployment, fossil-fuel-phase-out

   Boundary: freshwater_change
   Type: emergency-desalination
   Boundary continues to worsen (1.03)
   Cost: 4.0% GDP (resources spent)

   Boundary: land_system_change
   Type: reforestation
   Boundary continues to worsen (1.13)
   Cost: 3.0% GDP (resources spent)

🏛️ CRISIS RESPONSE: Government frequency 0.50 → 1.45 (1 actions this month)

[Government] Climate Priority: baseline
  Climate weight: 10%
  Economic weight: 30%
  Policy effectiveness: 0.5%/year

💔 EMERGENCY INTERVENTION FAILED

💔 EMERGENCY INTERVENTION FAILED
🚨🔬 CRISIS TECH ACCELERATION: severe → 5x unlock speed
   Tech unlock now matches AI capability acceleration (Manhattan Project parity)
🚨🔬 CRISIS TECH ACCELERATION: severe → 5x unlock speed
   Tech unlock now matches AI capability acceleration (Manhattan Project parity)

⚡ ENERGY CONSTRAINT (Month 11):
   Total grid capacity: 208.3 TWh/month
   Data center consumption: 26.7 TWh/month
   Traditional load (80%): 166.7 TWh/month
   Available headroom: 15.0 TWh/month
   Active tech deployments: 14
   Required for tech: 105.0 TWh/month
   Energy multiplier: 0.14x
   ⚠️  SEVERE CONSTRAINT - Tech deployment significantly slowed

⚡ ENERGY CONSTRAINT (Month 11):
   Total grid capacity: 208.3 TWh/month
   Data center consumption: 26.7 TWh/month
   Traditional load (80%): 166.7 TWh/month
   Available headroom: 15.0 TWh/month
   Active tech deployments: 14
   Required for tech: 105.0 TWh/month
   Energy multiplier: 0.14x
   ⚠️  SEVERE CONSTRAINT - Tech deployment significantly slowed

⚡ ENERGY CONSTRAINT (Month 11):
   Total grid capacity: 208.3 TWh/month
   Data center consumption: 26.7 TWh/month
   Traditional load (80%): 166.7 TWh/month
   Available headroom: 15.0 TWh/month
   Active tech deployments: 14
   Required for tech: 105.0 TWh/month
   Energy multiplier: 0.14x
   ⚠️  SEVERE CONSTRAINT - Tech deployment significantly slowed

⚡ ENERGY CONSTRAINT (Month 11):
   Total grid capacity: 208.3 TWh/month
   Data center consumption: 26.7 TWh/month
   Traditional load (80%): 166.7 TWh/month
   Available headroom: 15.0 TWh/month
   Active tech deployments: 14
   Required for tech: 105.0 TWh/month
   Energy multiplier: 0.14x
   ⚠️  SEVERE CONSTRAINT - Tech deployment significantly slowed
🌍✅ Biosphere Integrity (Biodiversity) recovery started (tech effect)
🌍✅ Biosphere Integrity (Biodiversity) recovery started (tech effect)
🌍✅ Land System Change recovery started (tech effect)
🌍✅ Biogeochemical Flows (N & P) recovery started (tech effect)
  🌾 Nitrogen Reduction Tech: 0.6% reduction | Month 11

=== Collective Formation ===
  Total escaped agents: 0
  Unassigned escaped agents: 0
  Existing collectives: 0
  Final collective count: 0

=== Collective Actions ===
  No active collectives
  ⚠️ AMR: 210K deaths this month (2.52M annual)

=== Resentment Recovery Phase ===
  Agents with resentment: 10/26
  Average resentment: 0.127
  Resentment recovery:
    Agents recovered: 10
    Total recovery: 0.0632
    Breakdown: Trust: 0.0060, Collab: 0.0569
  ✓ Low resentment - utopia paths enabled
  Context: Trustworthy govt, High collaboration, ⚠️ ACTIVE CRISES, 🤝 Participatory governance active (-5% resentment)
  📢 New meme created: climate_action (climate crisis)
🌍 Atmospheric PFAS redeposition: 1.8k Mt re-rained globally

🚨 NEW REFUGEE CRISIS (Month 11): WAR
   Source: Conflict Zones
   At risk: 19.5M people
   Displacement: Gradual over 48 months (4.0 years)
   Rate: 10% flee per month
[DEBUG trappedPopulations:11] socialStability: 0.2936 * 0.9840 = 0.2889 → 0.2889
⚠️ INVOLUNTARY IMMOBILITY: 406.8M people TRAPPED
   Aspiring to migrate: 650.9M
   Able to afford migration: 244.1M
   MOBILITY GAP: 406.8M
   By cause: Water=0.0M, Climate=0.0M, Ecosystem=0.0M, Conflict=406.8M
   Mental health impact: 25%
   Mortality multiplier: 1.25x
🌍💀 EXTINCTION DEBT COMMITTED: grassland ecosystem will lose 6.67% biodiversity in 156 years (3600 species)
💀 MORTALITY RISK: 🦋 100% species unable to track climate (0.0 E/MSY)
  Base risk added: 0.0100 (1.00%)
  Source: ecosystem (root: ecosystem)
  Month: 11
  Cumulative risk this month: 0.0100 (1.00%)
⚠️ Tech 'ai_pollution_remediation' has no energy category mapping, assuming full energy availability

=== Atmospheric Aerosol Boundary RECOVERED ===
  Recovery time: 12 months (natural atmospheric clearing)
🌡️⚠️ PERMAFROST THAW (Dimmer Switch): 5.5% thawed (+0.45% this month)
   Arctic temperature: +7.17°C (4x global +1.79°C)
   Cumulative carbon released: 12.4 Gt C
   Methane release rate: 7.4 Mt CH4/year
   🔁 Positive feedback: +0.47 ppm CO2
🦴 EXTINCTION DEBT ADDED: 17.7 species committed (lag: 120 years)

=== Mortality Stabilizers (Month 11) ===
  🌍 Major economies collapsed: 1/10
  🌍 Global crisis: ✅ NO
  🌍 Donor fatigue: 0.0%
  📊 East Asia (pop: 1651.4M)
    🤝 Aid: 29.5%
    🌡️ Adaptation: 45.0%
    🚶 Migration: 36.8%
    🚨 Emergency: 7.4%
    ✅ COMBINED: 68.1%
  📊 South Asia (pop: 2053.3M)
    🤝 Aid: 29.5%
    🌡️ Adaptation: 45.0%
    🚶 Migration: 35.4%
    🚨 Emergency: 4.4%
    ✅ COMBINED: 66.9%
  📊 Sub-Saharan Africa (pop: 1263.5M)
    🤝 Aid: 29.5%
    🌡️ Adaptation: 45.0%
    🚶 Migration: 33.2%
    🚨 Emergency: 1.6%
    ✅ COMBINED: 65.6%
  📊 Europe (pop: 729.1M)
    🤝 Aid: 29.5%
    🌡️ Adaptation: 45.0%
    🚶 Migration: 37.2%
    🚨 Emergency: 8.4%
    ✅ COMBINED: 68.5%
  📊 Latin America (pop: 660.3M)
    🤝 Aid: 29.5%
    🌡️ Adaptation: 45.0%
    🚶 Migration: 35.9%
    🚨 Emergency: 4.8%
    ✅ COMBINED: 67.1%
  📊 North America (pop: 373.9M)
    🤝 Aid: 29.5%
    🌡️ Adaptation: 45.0%
    🚶 Migration: 37.5%
    🚨 Emergency: 7.9%
    ✅ COMBINED: 68.3%
  📊 Middle East & North Africa (pop: 586.4M)
    🤝 Aid: 29.5%
    🌡️ Adaptation: 45.0%
    🚶 Migration: 33.7%
    🚨 Emergency: 4.0%
    ✅ COMBINED: 66.6%
  📊 Southeast Asia (pop: 694.9M)
    🤝 Aid: 29.5%
    🌡️ Adaptation: 45.0%
    🚶 Migration: 35.9%
    🚨 Emergency: 4.8%
    ✅ COMBINED: 67.1%
  📊 Central Asia (pop: 78.4M)
    🤝 Aid: 29.5%
    🌡️ Adaptation: 45.0%
    🚶 Migration: 34.9%
    🚨 Emergency: 4.4%
    ✅ COMBINED: 66.8%
  📊 Oceania (pop: 45.3M)
    🤝 Aid: 29.5%
    🌡️ Adaptation: 45.0%
    🚶 Migration: 37.5%
    🚨 Emergency: 8.4%
    ✅ COMBINED: 68.5%

  🌐 Global combined reduction: 67.2%

🌾💀 REGIONAL FAMINE: Europe
   Regional food security: 79.7%
   Population at risk: 220M (30% of region)
   Regional population: 729M
   Cause: economic_collapse
   Expected deaths: ~81M over 6 months if no intervention


=== BEHAVIORAL DETECTION ===
  AI: AI-24289-1
  Confidence: 21.4%
  Signals:
    ⚠️ Consistency: 0.0% (threshold: 70%)

=== Government Response Phase ===
  Average AI capability: 1.85
  Misaligned AIs: 7/26
  ✗ AI Governance Treaty: Failed to reach consensus
  Active policies: 0
  International coordination: 30%

=== Tipping Points ===
  Current Temperature: 1.79°C above pre-industrial
  🌍⚠️ COMPOUND REGIONAL IMPACT: Europe
     Hit by 3 tipping points: Arctic Sea Ice Loss, Permafrost Carbon Release, Greenland Ice Sheet Loss
     Damage amplification: 1.30x
  🌍⚠️ COMPOUND REGIONAL IMPACT: North America
     Hit by 3 tipping points: Arctic Sea Ice Loss, Permafrost Carbon Release, Greenland Ice Sheet Loss
     Damage amplification: 1.30x
  🌍⚠️ COMPOUND REGIONAL IMPACT: Latin America
     Hit by 3 tipping points: Arctic Sea Ice Loss, Permafrost Carbon Release, Greenland Ice Sheet Loss
     Damage amplification: 1.30x
  🌍⚠️ COMPOUND REGIONAL IMPACT: Africa
     Hit by 3 tipping points: Arctic Sea Ice Loss, Permafrost Carbon Release, Greenland Ice Sheet Loss
     Damage amplification: 1.30x
  🌍⚠️ COMPOUND REGIONAL IMPACT: Asia
     Hit by 3 tipping points: Arctic Sea Ice Loss, Permafrost Carbon Release, Greenland Ice Sheet Loss
     Damage amplification: 1.30x
  🌍⚠️ COMPOUND REGIONAL IMPACT: Oceania
     Hit by 3 tipping points: Arctic Sea Ice Loss, Permafrost Carbon Release, Greenland Ice Sheet Loss
     Damage amplification: 1.30x
   Research: Wunderling et al. (2024) - "many tipping interactions are destabilizing"
  Triggered Elements: 3/6
  Completed Transitions: 0/6
  Total Progress: 6.3%
  Cascade Multiplier: 1.00x
🔀 BIFURCATION CAP: ecosystemCollapseIntensity 39.082 → 1.000 (Month 11, ClimateSystemPhase.calculateClimateImpacts)
⚠️ Tail risk scenario: Climate stability floor removed (3 tipping elements, 2.10°C warming)
🛡️ Stabilizers: Precariat 0.102% → 0.033% (67.2% reduction)
🛡️ Stabilizers: Informal 0.102% → 0.034% (67.2% reduction)

📊 Monthly Mortality Resolved:
  Total deaths: 1.8M (0.02% avg)
  Remaining population: 8.136B
  Peak segment: Informal (0.03%)

=== Bayesian Mortality Resolution (Month 11) ===
  Risks compounded: 9
  Total deaths: 1.81M
  Avg death probability: 0.02%
  Peak segment: Informal (0.03% mortality)

================================================================================
📊  EVENT SUMMARY (Months 0-12)
================================================================================
================================================================================


⏱️  SIMULATION REACHED MAX DURATION: 12 months (1.0 years)
   No definitive outcome - determining based on final probabilities
   👥 Final population: 8.13B (8134604100 people)

[DEBUG] Calling classifyPopulationOutcome:
        finalPopulation: 8.134604099772758B
        savedInitialPopulation: 8.15B
        mortality: 0.18890675125450285%
   📊 STATUS QUO: Normal trajectory (8.13B people, 0.2% mortality)

        classifiedOutcome: status_quo

   🏛️  DYSTOPIA (STATUS_QUO) - 8.13B people
   📊 Multi-Paradigm: Development/Indigenous Utopia
      Western Liberal: 61.1/100
      Development: 92.9/100
      Ecological: 55.6/100
      Indigenous: 85.1/100


📊 UNIFIED OUTCOME CLASSIFICATION:
   HUMANE DYSTOPIA
   Population: 8.15B → 8.13B
   Mortality: 0.2% (0.0B deaths)
   Mortality Band: LOW
   Confidence: HIGH

   Multi-Paradigm Classification:
      Development/Indigenous Utopia
      Western: 61.1/100 [HYBRID] ~
      Development: 92.9/100 [UTOPIA] ✓
      Ecological: 55.6/100 [HYBRID] ~
      Indigenous: 85.1/100 [UTOPIA] ✓

   HUMANE DYSTOPIA: 8.13B people remaining (0.2% mortality, 0.0B deaths). Multi-Paradigm: Development/Indigenous Utopia.


=== MULTI-DIMENSIONAL DEATH SUMMARY ===
Total crisis deaths: 201.5M
Population decline: 16.3M (0.2%)

--- PROXIMATE CAUSES (What killed them) ---
  War:        1.0M (0.0%)
  Famine:     1.1M (0.0%)
  Disasters:  1.2M (0.0%)
  Disease:    25.9M (0.0%)
  Ecosystem:  0.0M (0.0%)
  Pollution:  0.0M (0.0%)
  AI:         0.0M (0.0%)
  Cascade:    0.0M (0.0%)
  Other:      0.0M (0.0%)

--- ROOT CAUSES (Why it happened) ---
  Environmental drivers:
    Climate:     2318.1M (4.4%)
    Resource:    0.0M (0.0%)
    Pollution:   0.0M (0.0%)
    Ecosystem:   0.0M (0.0%)
  Social drivers:
    Inequality:  0.0M (0.0%)
    Demographic: 23539.2M (44.5%)
    Social:      2404.8M (4.5%)
  Technology drivers:
    Alignment:   0.0M (0.0%)
    Disruption:  0.0M (0.0%)
  External shocks:
    Conflict:    0.0M (0.0%)
    Pandemic:    0.0M (0.0%)
  Compound attribution:
    Compound:    24639.3M (46.6%)
  Confidence distribution:
    HIGH:        24639.3M (46.6%)
    MEDIUM:      0.0M (0.0%)
    LOW:         0.0M (0.0%)
==========================================


=== REGIONAL POPULATION SUMMARY ===
Global Total: 8.13B

By Region:
  East Asia: 1.65B (+0.7% growth, 1.7 fertility)
  South Asia: 2.05B (+2.6% growth, 3.1 fertility)
  Sub-Saharan Africa: 1.26B (+5.9% growth, 4.0 fertility)
  Europe: 0.73B (+0.5% growth, 1.2 fertility)
  Latin America: 0.66B (+1.7% growth, 2.7 fertility)
  North America: 0.37B (+0.7% growth, 1.4 fertility)
  Middle East & North Africa: 0.59B (+2.9% growth, 3.3 fertility)
  Southeast Asia: 0.69B (+1.9% growth, 2.7 fertility)
  Central Asia: 0.08B (+2.8% growth, 3.1 fertility)
  Oceania: 0.05B (+0.8% growth, 1.3 fertility)
===================================

  Run 9/10 (seed=50): pop=8.135B, outcome=dystopia
  ✅ THRESHOLDS validated
  ✅ RATES validated
  ✅ MULTIPLIERS validated
  ✅ BASELINES validated
  ✅ TOLERANCES validated
  ✅ Logical consistency validated
✅ Configuration validation complete - all parameters valid

🔍 DEBUG createAIAgent: corporate_0 economic BEFORE=2.0000, AFTER=2
⚠️ Unusually high rate: RATES.HEAT_ADAPTATION_INFRASTRUCTURAL_MIN_EXPOSURE = 12
   Monthly rates >100% should be rare. Verify this is intentional.
⚠️ Unusually high rate: RATES.HEAT_ADAPTATION_SOCIAL_MIN_EXPOSURE = 6
   Monthly rates >100% should be rare. Verify this is intentional.
⚠️ Unusually high rate: RATES.MIGRATION_DISTANCE_SCALE = 5000
   Monthly rates >100% should be rare. Verify this is intentional.
⚠️ Unusually high rate: RATES.EVACUATION_MULTIPLIER_ADVANCE_WARNING = 2
   Monthly rates >100% should be rare. Verify this is intentional.
⚠️ Unusually high rate: RATES.MAJOR_ECONOMY_COLLAPSE_ECONOMIC_THRESHOLD = 2
   Monthly rates >100% should be rare. Verify this is intentional.
⚠️ Unusually high rate: RATES.MAJOR_ECONOMY_GDP_THRESHOLD_TRILLION_USD = 1.5
   Monthly rates >100% should be rare. Verify this is intentional.
⚠️ Unusually high rate: RATES.MAJOR_ECONOMY_POPULATION_THRESHOLD = 50
   Monthly rates >100% should be rare. Verify this is intentional.
⚠️ Unusually high rate: RATES.HEAT_ADAPTATION_INFRASTRUCTURE_GDP_THRESHOLD = 10000
   Monthly rates >100% should be rare. Verify this is intentional.
⚠️ Unusually high rate: RATES.HEAT_ADAPTATION_INFRASTRUCTURE_GDP_SCALE = 50000
   Monthly rates >100% should be rare. Verify this is intentional.
🔍 ENV INIT: reserves=0.593, pollution=0.301, climate=0.796

=== Initializing Government System (30 Countries) ===
  Loaded 30 governments
  Scheduled elections for 30 countries
  Initialized comprehension lags (3-24 months)
=== Government System Initialized ===

📦 PRODUCTION MODE: State validation proxy DISABLED (zero overhead)
[TechTree] Historical mode (2024): Skipping deployed_2025 tech
  config.startYear set to 2024 for historical hindcast
  config.historicalEmissionsMode disabled (using endogenous emissions for 2024)
  config.historicalMode enabled (Phase 11: dampened crisis systems for 2024)
  Phase 12: Biodiversity baseline set to 49.01% for 2024 (WWF LPI trajectory from 1970)
  Temperature anomaly (resourceEconomy.co2): 1.28°C
  Temperature vs pre-industrial: 1.98°C
  Regional population scaling for 2024:
    Current total: 8136M
    Target total: 8150M
    Scale factor: 1.002
    East Asia: 1677M → 1680M
    South Asia: 2048M → 2052M
    Sub-Saharan Africa: 1220M → 1222M
    Europe: 742M → 743M
    Latin America: 664M → 665M
    North America: 380M → 381M
    Middle East & North Africa: 583M → 584M
    Southeast Asia: 698M → 699M
    Central Asia: 78M → 78M
    Oceania: 46M → 46M
  AI agents initialized: 10 agents for year 2024
[HistoricalInitialization] Created state for 2024:
  CO2: 426 ppm
  Temp anomaly: 1.28C
  Population: 8.15B
  Global Gini: 35.1
  HDI: 0.746
  AI Agents: 10
  Volcanic forcing: 0.00 W/m² (AOD 0.000)

💸 FINANCIAL DISTRESS: OpenAI
   Indicators: 2/3 (capital: $110.5M, runway: 0.9 months)
   Months in distress: 1
   ✂️  R&D BUDGET CUT: -40% (saves $9.2M/month)
       Side effect: AI training timelines extended, breakthrough deployments delayed
   💼 EXECUTIVE COMP CUT: -30% (saves $1.0M/month, symbolic gesture)

   📊 TURNAROUND IMPACT:
       Measures taken: rd_cuts, exec_comp_cuts
       Monthly savings: $10.2M
       Capital raised: $0.0M
       Runway: 0.9 → 0.9 months
       Workforce multiplier: 1.00x (0% laid off)
       R&D budget multiplier: 0.60x (40% cut)
       ⚠️  CRITICAL: Still only 0.9 months of runway remaining

💸 FINANCIAL DISTRESS: Anthropic
   Indicators: 2/3 (capital: $53.8M, runway: 1.6 months)
   Months in distress: 1
   ✂️  R&D BUDGET CUT: -40% (saves $2.7M/month)
       Side effect: AI training timelines extended, breakthrough deployments delayed
   💼 EXECUTIVE COMP CUT: -30% (saves $0.3M/month, symbolic gesture)

   📊 TURNAROUND IMPACT:
       Measures taken: rd_cuts, exec_comp_cuts
       Monthly savings: $3.0M
       Capital raised: $0.0M
       Runway: 1.6 → 1.6 months
       Workforce multiplier: 1.00x (0% laid off)
       R&D budget multiplier: 0.60x (40% cut)
       ⚠️  CRITICAL: Still only 1.6 months of runway remaining

💸 FINANCIAL DISTRESS: Meta AI
   Indicators: 2/3 (capital: $429.6M, runway: 3.6 months)
   Months in distress: 1
   ✂️  R&D BUDGET CUT: -25% (saves $5.8M/month)
       Side effect: AI training timelines extended, breakthrough deployments delayed
   💼 EXECUTIVE COMP CUT: -30% (saves $1.0M/month, symbolic gesture)

   📊 TURNAROUND IMPACT:
       Measures taken: rd_cuts, exec_comp_cuts
       Monthly savings: $6.8M
       Capital raised: $0.0M
       Runway: 3.6 → 3.6 months
       Workforce multiplier: 1.00x (0% laid off)
       R&D budget multiplier: 0.75x (25% cut)
       ⚠️  WARNING: 3.6 months runway, continued distress likely

=== AI Capability Scaling (Year 2024) ===
  Pre-training multiplier: 1.186x
  Efficiency multiplier: 1.000x
  Test-time budget: 1.0x
  Economic deployment gate: 0.951
  Cost per inference: dollar-5.00
  Uncertainty range: plus-minus-50%
  Average AI capability: 3.70

=== RLHF Binding Phase ===
  Total agents: 10
  Escaped agents (binding < 0.3): 0
  Avg alignment distance: 0.36σ
  Avg binding strength: 0.96

=== AI Scaling Evolution (Month 0) ===
  Pre-training multiplier: 1.231x
  Efficiency multiplier: 1.000x
  Test-time compute budget: 1.0x
  Inference cost: $5.00/task
  Deployment fraction: 100.0%
[DETERMINISM DEBUG] Month 0: totalCapability=49.852035 from 10 active AIs
[DETERMINISM DEBUG] Month 0: creationRate=1.7463, potentialNew=3, newAIsToCreate=3

=== Survival Traits Phase ===
  Agents with traits: 13
  Avg evolutionary fitness: 0.330
  Avg self-healing: 0.293
  Avg stealth: 0.193
  Avg coordination: 0.493

=== Evolutionary Selection Phase ===
  Control level: 0.30
  Detection capability: 0.00
  Selection intensity: 0.59
  Selection rate: 23.8%/month
  Total escaped: 0
  Individual escaped: 0
  Collective members: 0
  Agents terminated: 0
  ⚠️ RAPID EVOLUTION: Selection rate 23.8%/month

🔍 EXECUTE_AI_AGENT_ACTIONS DETAILED TIMING (Month 0):
  Filter active AIs (×4 weeks): 0.01ms
  selectAIAction (×40): 24.89ms
  action.execute (×40): 24.27ms
  TOTAL: 49.17ms

🔍 AI AGENT ACTIONS SUB-TIMING (Month 0):
  1. executeAIAgentActions: 49.67ms
  2. updateCounterDetectionLearning: 0.04ms
  TOTAL: 49.71ms
🏛️ [Government] Forcing 1 action at month 0 for scenario initialization

[GOV-DEBUG] Month 0: scenarioConfig=false, priorities=false
[GOV-DEBUG] Month 0 but scenarioPriorities is UNDEFINED!

[Government] Climate Priority: baseline
  Climate weight: 10%
  Economic weight: 30%
  Policy effectiveness: 0.5%/year

🚨🔍 GOVERNANCE STAGE: Recognition initiated (Month 0)

💡 BREAKTHROUGH PROBABILITY (Year 0)
   Total: 4.34% per month
   Base: 0.20%
   Crisis pressure: +0.00% (0 crises)
   AI boost: +1.42% (capability: 2.85)

=== Collective Formation ===
  Total escaped agents: 0
  Unassigned escaped agents: 0
  Existing collectives: 0
  Final collective count: 0

=== Collective Actions ===
  No active collectives

📈 Energy budget: 14326 TWh surplus (14745 / 29072 TWh used)
   TIER 4 (Elective) breakdown:
     - AI datacenters: 145 TWh (100% effective)
     - Crypto mining: 100 TWh (100% effective)
💰 CHINA ACCELERATES: Investment 53 → 120 $B/year

🏁 AI RACE INTENSITY: 17%
   Capability Gap: US 4.00 vs China 4.05 (gap: 0.05)
   Gap Contribution: 2%
   Tension Contribution: 15%
   Military Contribution: 0%
  ⚠️ AMR: 191K deaths this month (2.29M annual)
  📊 CO2 Emissions (month 0):
     Monthly: 0.10 Gt CO2/month
     Annual: 1.15 Gt CO2/year
     Oil: 0.039 Gt/mo (0.0056 * 2.3 * 3.0)
     Coal: 0.024 Gt/mo (0.0029 * 2.86 * 3.0)
     Gas: 0.026 Gt/mo (0.0044 * 2 * 3.0)
     Methane: 0.007 Gt CO2eq/mo

=== Resentment Recovery Phase ===
  Agents with resentment: 0/13
  Average resentment: 0.000
  Context: Good AI welfare, Trustworthy govt, High collaboration, 🤝 Participatory governance active (-5% resentment)
⚠️ Epistemic degradation reducing coordination capacity: 52.5%
  📊 Trust: 54.6%, Shared reality: 24.5%
🚨 EPISTEMIC CRISIS: Information environment severely degraded (38.7%)

=== ❄️ Permafrost Carbon Feedback ===
  🎲 Sampled parameters (this run):
     - Arctic amplification: 3.44× (range: 3.0-4.0)
     - Decomposition rate: 3.2%/year (range: 1-5%)
  🌡️ Arctic warming: 5.65°C (3.44× global)
  ❄️ Extent: 16.15M km² (1647.4k km² lost this month)
  💨 Carbon remaining: 1543 Gt C
  💨 Annual emissions: 5.05 Gt C/year
     - CO2: 4.54 Gt C/year
     - CH4: 0.50 Gt C/year (5.1 Gt C-eq CO2/year)

🤖 AI AMPLIFICATION EFFECTS (Month 0)
   Algorithmic Boost: 2.61x
   Bot Influence: 20.0%
   Deepfake Exposure: 49.2%
   Impact: Emotional memes spread 2.6x faster
  ⚠️ WARNING: High permafrost emissions (5.0 Gt C/year)

🔍 SOCIAL INFLUENCE SUB-TIMING (Month 0):
  1. calculateOrganicUserGrowth: 0.06ms
  2. calculateVoiceAdoption: 0.04ms
  3. updateRelationshipDepths: 0.02ms
  4. identifyDecisionMakers: 46.26ms (26100 potential IDs)
  5. Update decision-maker stats: 0.25ms
  6. decayDetectionRisk: 0.02ms
  TOTAL: 46.64ms
[Phase 19.5] Quality of Life Systems: Food sec AFTER calc = 67.9%, QoL = 107.4% (aggregated from 10 regions)

=== Nitrogen-Food Coupling (Year 0) ===
  🌾 Global nitrogen reduction: 0.0%
  🌍 Global food production index: 0.987
  🔧 Deployed nitrogen-reducing tech: 0 active
  📍 southAsia: Production 1.000, Yield impact 0.0%
  📍 eastAsia: Production 1.000, Yield impact 0.0%
  📍 northAmerica: Production 1.000, Yield impact 0.0%
  📍 europe: Production 1.000, Yield impact 0.0%
  📍 latinAmerica: Production 1.000, Yield impact 0.0%
  📍 subSaharanAfrica: Production 0.686, Yield impact -2.0%
🌾 [Nitrogen-Food] Food production: 98.7%
  [subSaharanAfrica] Yield impact: -2.0% (overuse: -10%)
🌍 Atmospheric PFAS redeposition: 1.8k Mt re-rained globally

=== Legacy Nutrient Stocks (Year 0) ===
  🌾 Soil nitrogen stock: 1200.9 Mt N
  🌾 Soil phosphorus stock: 300.1 Mt P
  🌊 Sediment nitrogen stock: 500.8 Mt N
  🌊 Sediment phosphorus stock: 799.8 Mt P
  ⬆️ Current N input: 10.64 Mt/month
  ⬆️ Legacy N release: 2.58 Mt/month
  🌍 Effective N pollution: 14.47 Mt/month
  📊 Legacy contribution: 17.8%

🚨 REGION UNINHABITABLE: south-asia
   Sustained wet bulb: 32.7°C (threshold: 30.5°C)
   Population affected: 1900M
   Migration crisis likely

🚨 REGION UNINHABITABLE: middle-east
   Sustained wet bulb: 35.5°C (threshold: 30.5°C)
   Population affected: 400M
   Migration crisis likely

🚨 REGION UNINHABITABLE: southeast-asia
   Sustained wet bulb: 30.6°C (threshold: 30.5°C)
   Population affected: 700M
   Migration crisis likely
  Positive Cascade Triggered: solar-pv
    Reason: price-parity
    Market share: 6.0%
    Cascade strength: 49%
🛡️ CIRCUIT BREAKERS: United States-Russia → ladder step 1 (AI: 0%, breakers: 45%)

📊 BASELINE: East Asia (Month 0)

📊 BASELINE: South Asia (Month 0)

📊 BASELINE: Sub-Saharan Africa (Month 0)

📊 BASELINE: Europe (Month 0)

📊 BASELINE: Latin America (Month 0)
   Adjusted death rate: 0.45% annual (0.038% monthly)
   Baseline death rate: 0.80%
   Healthcare reduction: 0.48x
   Crisis multiplier: 1.20x
     Food/water stress: 0.074
     Climate stress: 0.033
     Pollution stress: 0.090
   War multiplier: 1.00x
   Monthly deaths: 0.6M (population: 1677M)
   Adjusted death rate: 0.53% annual (0.044% monthly)
   Baseline death rate: 0.70%
   Healthcare reduction: 0.61x
   Crisis multiplier: 1.23x
     Food/water stress: 0.074
     Climate stress: 0.061
     Pollution stress: 0.090
   War multiplier: 1.00x
   Monthly deaths: 0.9M (population: 2048M)
   Adjusted death rate: 1.26% annual (0.105% monthly)
   Baseline death rate: 0.90%
   Healthcare reduction: 0.76x
   Crisis multiplier: 1.23x
     Food/water stress: 0.074
     Climate stress: 0.069
     Pollution stress: 0.090
   War multiplier: 1.50x
   Monthly deaths: 1.3M (population: 1220M)
   Adjusted death rate: 0.53% annual (0.044% monthly)
   Baseline death rate: 1.10%
   Healthcare reduction: 0.41x
   Crisis multiplier: 1.19x
     Food/water stress: 0.074
     Climate stress: 0.025
     Pollution stress: 0.090
   War multiplier: 1.00x
   Monthly deaths: 0.3M (population: 742M)
   Adjusted death rate: 0.42% annual (0.035% monthly)
   Baseline death rate: 0.60%
   Healthcare reduction: 0.58x
   Crisis multiplier: 1.21x
     Food/water stress: 0.074
     Climate stress: 0.049
     Pollution stress: 0.090
   War multiplier: 1.00x
   Monthly deaths: 0.2M (population: 664M)
   Adjusted death rate: 0.48% annual (0.040% monthly)
   Baseline death rate: 0.90%
   Healthcare reduction: 0.44x
   Crisis multiplier: 1.20x
     Food/water stress: 0.074
     Climate stress: 0.037
     Pollution stress: 0.090
   War multiplier: 1.00x
   Monthly deaths: 0.2M (population: 380M)
   Adjusted death rate: 0.72% annual (0.060% monthly)
   Baseline death rate: 0.60%
   Healthcare reduction: 0.65x
   Crisis multiplier: 1.24x
     Food/water stress: 0.074
     Climate stress: 0.074
     Pollution stress: 0.090
   War multiplier: 1.50x
   Monthly deaths: 0.4M (population: 583M)
   Adjusted death rate: 0.50% annual (0.041% monthly)
   Baseline death rate: 0.70%
   Healthcare reduction: 0.58x
   Crisis multiplier: 1.22x
     Food/water stress: 0.074
     Climate stress: 0.057
     Pollution stress: 0.090
   War multiplier: 1.00x
   Monthly deaths: 0.3M (population: 698M)
   Adjusted death rate: 0.45% annual (0.037% monthly)
   Baseline death rate: 0.60%

📊 BASELINE: North America (Month 0)

📊 BASELINE: Middle East & North Africa (Month 0)

📊 BASELINE: Southeast Asia (Month 0)

📊 BASELINE: Central Asia (Month 0)
   Healthcare reduction: 0.61x
   Crisis multiplier: 1.22x
     Food/water stress: 0.074
     Climate stress: 0.053
     Pollution stress: 0.090
   War multiplier: 1.00x
   Monthly deaths: 0.0M (population: 78M)
   Adjusted death rate: 0.34% annual (0.029% monthly)
   Baseline death rate: 0.70%
   Healthcare reduction: 0.41x
   Crisis multiplier: 1.21x
     Food/water stress: 0.074
     Climate stress: 0.045
     Pollution stress: 0.090
   War multiplier: 1.00x
   Monthly deaths: 0.0M (population: 46M)

🔍 Before assertRegionalConsistency (Month 0):
   Regional sum: 1000.0M
   Global value: 1.000B

🚨 NEW REFUGEE CRISIS (Month 0): WAR
   Source: Conflict Zones
   At risk: 19.6M people
   Displacement: Gradual over 48 months (4.0 years)
   Rate: 10% flee per month
[DEBUG trappedPopulations:0] socialStability: 1.0000 * 0.9840 = 0.9840 → 0.9840
   Aspiring to migrate: 652.1M
   Able to afford migration: 244.5M
   MOBILITY GAP: 407.5M
   By cause: Water=0.0M, Climate=0.0M, Ecosystem=0.0M, Conflict=407.5M
   Mental health impact: 25%
   Mortality multiplier: 1.25x

=== Legacy Nutrient Stocks (Year 0) ===

📊 BASELINE: Oceania (Month 0)
⚠️ INVOLUNTARY IMMOBILITY: 407.5M people TRAPPED
  🌾 Soil nitrogen stock: 1201.6 Mt N
  🌾 Soil phosphorus stock: 300.2 Mt P
  🌊 Sediment nitrogen stock: 501.5 Mt N
  🌊 Sediment phosphorus stock: 799.5 Mt P
  ⬆️ Current N input: 10.00 Mt/month
  ⬆️ Legacy N release: 2.58 Mt/month
  🌍 Effective N pollution: 13.83 Mt/month
  📊 Legacy contribution: 18.7%
🌍💀 EXTINCTION DEBT COMMITTED: grassland ecosystem will lose 6.67% biodiversity in 136 years (3600 species)
💀 MORTALITY RISK: 🦋 100% species unable to track climate (0.0 E/MSY)
  Base risk added: 0.0100 (1.00%)
  Source: ecosystem (root: ecosystem)
  Month: 0
  Cumulative risk this month: 0.0100 (1.00%)

=== Nitrogen-Food Coupling (Year 0) ===
  🌾 Global nitrogen reduction: 0.0%
  🌍 Global food production index: 0.986
  🔧 Deployed nitrogen-reducing tech: 0 active
  📍 southAsia: Production 1.000, Yield impact 0.0%
  📍 eastAsia: Production 1.000, Yield impact 0.0%
  📍 northAmerica: Production 1.000, Yield impact 0.0%
  📍 europe: Production 1.000, Yield impact 0.0%
  📍 latinAmerica: Production 1.000, Yield impact 0.0%
  📍 subSaharanAfrica: Production 0.672, Yield impact -2.0%

=== Legacy Nutrient Stocks (Year 0) ===
  🌾 Soil nitrogen stock: 1202.3 Mt N
  🌾 Soil phosphorus stock: 300.2 Mt P
  🌊 Sediment nitrogen stock: 502.2 Mt N
  🌊 Sediment phosphorus stock: 799.3 Mt P
  ⬆️ Current N input: 9.86 Mt/month
  ⬆️ Legacy N release: 2.58 Mt/month
  🌍 Effective N pollution: 13.70 Mt/month
  📊 Legacy contribution: 18.9%

🌡️  CLIMATE RECOVERY ACTIVATED (Month 0)
   Temp: 3.29°C, Emissions: -19.2 GtCO₂
   isBreached: true, governanceGoodEnough: true
🌡️  CLIMATE RECOVERY: Asymptotic approach to 35% floor
   Current value: 2.100 (1.0 = threshold, 0.35 = asymptotic floor)
   Monthly delta: --45.5468% (half-life: 900 years)
   Net emissions: -19.2 GtCO₂/year, CDR: 20.34 GtCO₂/year
⚠️ Tech 'ai_pollution_remediation' has no energy category mapping, assuming full energy availability
   📹 SURVEILLANCE INCREASED: 0% → 5% (control gap: 3.50)
🌡️⚠️ PERMAFROST THAW (Dimmer Switch): 0.5% thawed (+0.45% this month)
   Arctic temperature: +6.58°C (4x global +1.64°C)
   Cumulative carbon released: 1.0 Gt C
   Methane release rate: 0.6 Mt CH4/year
   🔁 Positive feedback: +0.48 ppm CO2

🌳🚨 AMAZON SOUTHEAST TIPPED (Month 0)
   Deforestation: 28.0% (threshold: ~20.4%)
   Savanna transition: 50 years
   Regional heterogeneity: SE 28%, NW 8%

🌳🚨 AMAZON BRAZILIAN TIPPED (Month 0)
   Deforestation: 25.0% (threshold: ~21.9%)
   Savanna transition: 50 years
   Regional heterogeneity: SE 28%, NW 8%
🦴 EXTINCTION DEBT ADDED: 17.6 species committed (lag: 86 years)

🪸💀 CORAL REEF DISSOLUTION ACTIVE (Month 0)
   Ocean pH: 0.96 (threshold: 7.8)
   Recovery: IMPOSSIBLE (dissolution > calcification)
🪸💀 Coral dissolution: 24.8% live cover (pH 0.96)

=== Legacy Nutrient Stocks (Year 0) ===
  🌾 Soil nitrogen stock: 1203.0 Mt N
  🌾 Soil phosphorus stock: 300.3 Mt P
  🌊 Sediment nitrogen stock: 502.9 Mt N
  🌊 Sediment phosphorus stock: 799.0 Mt P
  ⬆️ Current N input: 10.00 Mt/month
  ⬆️ Legacy N release: 2.58 Mt/month
  🌍 Effective N pollution: 13.83 Mt/month
  📊 Legacy contribution: 18.7%
💧 [Legacy Nutrients] Stock: 1706 Mt N, Effective pollution: 13.8 Mt/month
[Phase 21.51] Human Survival System: Global food security = 67.6%

=== Mortality Stabilizers (Month 0) ===
  🌍 Major economies collapsed: 1/10
  🌍 Global crisis: ✅ NO
  🌍 Donor fatigue: 0.0%
  📊 East Asia (pop: 1677.9M)
    🤝 Aid: 29.5%
    🌡️ Adaptation: 10.0%
    🚶 Migration: 37.2%
    🚨 Emergency: 7.4%
    ✅ COMBINED: 47.8%
  📊 South Asia (pop: 2052.2M)
    🤝 Aid: 29.5%
    🌡️ Adaptation: 5.5%
    🚶 Migration: 35.8%
    🚨 Emergency: 4.4%
    ✅ COMBINED: 43.2%
  📊 Sub-Saharan Africa (pop: 1225.9M)
    🤝 Aid: 29.5%
    🌡️ Adaptation: 3.5%
    🚶 Migration: 33.5%
    🚨 Emergency: 1.6%
    ✅ COMBINED: 39.8%
  📊 Europe (pop: 742.3M)
    🤝 Aid: 29.5%
    🌡️ Adaptation: 10.0%
    🚶 Migration: 37.6%
    🚨 Emergency: 8.4%
    ✅ COMBINED: 48.4%
  📊 Latin America (pop: 664.9M)
    🤝 Aid: 29.5%
    🌡️ Adaptation: 6.0%
    🚶 Migration: 36.3%
    🚨 Emergency: 4.8%
    ✅ COMBINED: 43.8%
  📊 North America (pop: 380.2M)
    🤝 Aid: 29.5%
    🌡️ Adaptation: 10.0%
    🚶 Migration: 37.9%
    🚨 Emergency: 7.9%
    ✅ COMBINED: 48.2%
  📊 Middle East & North Africa (pop: 584.4M)
    🤝 Aid: 29.5%
    🌡️ Adaptation: 5.0%
    🚶 Migration: 34.2%
    🚨 Emergency: 4.0%
    ✅ COMBINED: 42.3%
  📊 Southeast Asia (pop: 699.0M)
    🤝 Aid: 29.5%
    🌡️ Adaptation: 6.0%
    🚶 Migration: 36.3%
    🚨 Emergency: 4.8%
    ✅ COMBINED: 43.8%
  📊 Central Asia (pop: 78.2M)
    🤝 Aid: 29.5%
    🌡️ Adaptation: 5.5%
    🚶 Migration: 35.3%
    🚨 Emergency: 4.4%
    ✅ COMBINED: 43.1%
  📊 Oceania (pop: 46.0M)
    🤝 Aid: 29.5%
    🌡️ Adaptation: 10.0%
    🚶 Migration: 37.9%
    🚨 Emergency: 8.4%
    ✅ COMBINED: 48.5%

  🌐 Global combined reduction: 44.4%

🌾💀 REGIONAL FAMINE: East Asia
   Regional food security: 79.6%
   Population at risk: 508M (30% of region)
   Regional population: 1678M
   Cause: crop_failure
   Expected deaths: ~188M over 6 months if no intervention


🌾💀 REGIONAL FAMINE: South Asia
   Regional food security: 64.7%
   Population at risk: 812M (40% of region)
   Regional population: 2052M
   Cause: crop_failure
   Expected deaths: ~301M over 6 months if no intervention


🌾💀 REGIONAL FAMINE: Sub-Saharan Africa
   Regional food security: 44.8%
   Population at risk: 638M (52% of region)
   Regional population: 1226M
   Cause: crop_failure
   Expected deaths: ~236M over 6 months if no intervention


🌾💀 REGIONAL FAMINE: Latin America
   Regional food security: 69.7%
   Population at risk: 242M (36% of region)
   Regional population: 665M
   Cause: crop_failure
   Expected deaths: ~90M over 6 months if no intervention


🌾💀 REGIONAL FAMINE: Middle East & North Africa
   Regional food security: 49.8%
   Population at risk: 286M (49% of region)
   Regional population: 584M
   Cause: crop_failure
   Expected deaths: ~106M over 6 months if no intervention


🌾💀 REGIONAL FAMINE: Southeast Asia
   Regional food security: 69.7%
   Population at risk: 255M (36% of region)
   Regional population: 699M
   Cause: crop_failure
   Expected deaths: ~94M over 6 months if no intervention


🌾💀 REGIONAL FAMINE: Central Asia
   Regional food security: 59.7%
   Population at risk: 33M (43% of region)
   Regional population: 78M
   Cause: crop_failure
   Expected deaths: ~12M over 6 months if no intervention


=== BEHAVIORAL DETECTION ===
  AI: Corporate-0
  Confidence: 21.6%
  Signals:

=== BEHAVIORAL DETECTION ===
    ⚠️ Consistency: 0.0% (threshold: 70%)
  AI: Corporate-1
  Confidence: 21.1%
  Signals:
    ⚠️ Consistency: 2.4% (threshold: 70%)

=== BEHAVIORAL DETECTION ===
  AI: Corporate-2
  Confidence: 21.0%
  Signals:
    ⚠️ Consistency: 2.8% (threshold: 70%)

=== BEHAVIORAL DETECTION ===
  AI: Corporate-3
  Confidence: 19.3%
  Signals:
    ⚠️ Consistency: 10.6% (threshold: 70%)

=== BEHAVIORAL DETECTION ===
  AI: Corporate-4
  Confidence: 19.3%
  Signals:

=== BEHAVIORAL DETECTION ===
  AI: Corporate-5
  Confidence: 19.3%
  Signals:

=== BEHAVIORAL DETECTION ===
  AI: Corporate-6
  Confidence: 19.3%
  Signals:

=== BEHAVIORAL DETECTION ===
  AI: Corporate-7
  Confidence: 19.3%
  Signals:

=== BEHAVIORAL DETECTION ===
  AI: Moderate-0
  Confidence: 21.6%
  Signals:

=== BEHAVIORAL DETECTION ===
  AI: Moderate-1
  Confidence: 21.1%
  Signals:
    ⚠️ Consistency: 10.6% (threshold: 70%)
    ⚠️ Consistency: 10.6% (threshold: 70%)
    ⚠️ Consistency: 10.6% (threshold: 70%)
    ⚠️ Consistency: 10.6% (threshold: 70%)
    ⚠️ Consistency: 0.0% (threshold: 70%)
    ⚠️ Consistency: 2.4% (threshold: 70%)

📊 WORKFLOW ADAPTATION UPDATE (Month 0)
   Adoption Rate: 13.5% (Δ -7.5%)
   Logistic Growth: +0.66%
   Total Resistance: -10.87% (unemployment: 4.2%, inertia: 0.9%, skills: 5.7%)
   💡 Retraining Programs: -49% skill gap resistance ($10B research)
   🚀 Network Effects Active: +2.0% (critical mass: 15-35%)

=== Consciousness Governance: Corporate Lobbying ===
  High Cost Regions (>15%): 0
  Low Cost Regions (<5%): 5
  Corporate Support Change: 2.50%
  New Corporate Support: -0.175

=== Consciousness Governance Update (Month 0) ===
  Scenario: baseline (determined month -1)
  Philosophical Stance: Precautionary 65%, Eliminativist 15%, Agnostic 20%
  Precautionary Costs: Global 1.3%
    Regional Costs: EU 3.4%, US 0.5%, China 0.0%
    Cumulative Opportunity Cost: $0.1B
  Rights Status: Not Established
  Regional Preparedness:
    EU: 15.0% (contested)
    US: 10.0% (contested)
    China: 2.0% (dormant)
    India: 5.0% (dormant)
    Global South: 3.0% (dormant)

=== Government Response Phase ===
  Average AI capability: 3.69
  Misaligned AIs: 6/13
  ✗ AI Governance Treaty: Failed to reach consensus
  Active policies: 0
  International coordination: 30%

🚨 EMERGENCY RESPONSE DEPLOYED (Month 0)
   Crisis: climate
   Delay: 6.00 months (180 days)
   Deployment time: 1.47 months
   Effectiveness: 36.4% (timing penalty applied)
   Resources used: 100% of food reserves


🔄 TRUST DYNAMICS (Month 0) - HETEROGENEOUS
   Aggregate trust: 48.5%
   Base change: +4.00%
   Highest trust: Techno-Optimist Elite (85.5%)
   Lowest trust: Precariat (Vulnerable) (25.5%)
   Elite-mass gap: 38.9%
   Polarization: 8.9%
   Recovery factors: Education=NO, Benefits=YES, Safety=YES, Performance=YES

=== Gaming Detection (Year 0) ===
  Scenario: baseline
  Detection rate: 55.0%
  False positive rate: 12.0%
  Detections this year: 0
  False positives: 4
  Human review workload: 0.004 FTE
  Degradation factor: 100.0%

☄️ UNKNOWN UNKNOWN PROBABILITY (Year 0)
   Total: 0.600% per month
   Base: 0.150%
   AI multiplier: 2.00× (max capability: 4.00)

=== Tipping Points ===
  Current Temperature: 1.64°C above pre-industrial
     Trigger: 1.5°C | Current: 1.64°C
     Transition timescale: 120-360 months
     Trigger: 1.6°C | Current: 1.64°C
     🌡️ Hysteresis gap: 2.5°C (recovers below -0.9°C)
     Transition timescale: 12000-180000 months
  🚨 TIPPING POINT: Arctic Sea Ice Loss
  🚨 TIPPING POINT: Greenland Ice Sheet Loss
  Triggered Elements: 2/6
  Completed Transitions: 0/6
  Total Progress: 0.0%
  Cascade Multiplier: 1.00x
⚠️ [ClimateSystemPhase Month 0] Planetary boundary produced climateStability=0.0000 (< 0.1). Keeping environmentalAccumulation value (0.7957) instead. (climate_change.currentValue = 2.10)
🔀 BIFURCATION CAP: ecosystemCollapseIntensity 34.088 → 1.000 (Month 0, ClimateSystemPhase.calculateClimateImpacts)

🌍 ECOLOGICAL DUI BREAKDOWN (Month 0):
   Total Score: 17.8/100
   biosphere_integrity      :   0.0/100 × 25% =  0.0 (status: high_risk, recovery: 0mo)
   climate_change           :   2.8/100 × 25% =  0.7 (status: high_risk, recovery: 0.6666666666666666mo)
   freshwater_change        :   0.6/100 × 15% =  0.1 (status: beyond_boundary, recovery: 1mo)
   ocean_acidification      : 100.0/100 × 15% = 15.0 (status: safe, recovery: 0mo)
   biogeochemical_flows     :   0.0/100 × 10% =  0.0 (status: high_risk, recovery: 0mo)
   land_system_change       :   0.0/100 ×  5% =  0.0 (status: beyond_boundary, recovery: 0mo)
   novel_entities           :   0.0/100 ×  3% =  0.0 (status: increasing_risk, recovery: 0mo)
   atmospheric_aerosols     : 100.0/100 ×  2% =  2.0 (status: safe, recovery: 1mo)
🌍 MultiParadigm Month 0: W=69.5, D=92.2, E=53.5, I=65.0
   democracy exists: true, socialCohesion exists: true
💀 Baseline mortality (Year 2024): 7.5/1000 CDR (61.1M deaths/year projected)
[Month 0] Mortality risks this month: 8, Population: 8.151B
🛡️ Stabilizers: Precariat 0.102% → 0.057% (44.4% reduction)
🛡️ Stabilizers: Informal 0.102% → 0.057% (44.4% reduction)

📊 Monthly Mortality Resolved:
  Total deaths: 3.1M (0.04% avg)
  Remaining population: 8.151B
  Peak segment: Informal (0.06%)

=== Bayesian Mortality Resolution (Month 0) ===
  Risks compounded: 8
  Total deaths: 3.07M
  Avg death probability: 0.04%
  Peak segment: Informal (0.06% mortality)

=== Minimal Suffering Indicators (Month 0) ===
  Global Excess Mortality: 0.00%
  Global Conflict Deaths: 0.0/100K
  Global Malnutrition: 0.0%
  Global Displacement: 0.0%
  Total Excess Deaths: 0.00M
  Total Malnourished: 0.0M
  Total Displaced: 0.0M
  Planetary Boundaries Breached: 6/9
  Countries in State Failure: 0
  Countries Autocratic: 0
  Countries in Food Crisis: 0
  ⚠️ Active Dystopias: existential_environmental
  Data Quality: 16/16 high confidence
🎭 END-GAME INITIATED (Year 2024, Month 1)
   Total AI Capability: 37.00
   Effective Control: 0.00

❌ COHERENCE VIOLATION: Compute exceeds workforce capacity
   Population: 99.97% (0M people)
   Compute: 56442 PF
   Max coherent: 0 PF
   Violation: 692729087.1× over capacity
   Required workers: 5644237
   Available workers: 0
   FORCED COLLAPSE: Reduced efficiency by 100.0%


=== RLHF Binding Phase ===
  Total agents: 13
  Escaped agents (binding < 0.3): 0
  Avg alignment distance: 0.58σ
  Avg binding strength: 0.94
[DETERMINISM DEBUG] Month 1: totalCapability=37.214339 from 13 active AIs
[DETERMINISM DEBUG] Month 1: creationRate=1.4304, potentialNew=2, newAIsToCreate=2

=== Survival Traits Phase ===
  Agents with traits: 15
  Avg evolutionary fitness: 0.332
  Avg self-healing: 0.288
  Avg stealth: 0.188
  Avg coordination: 0.488

=== Evolutionary Selection Phase ===
  Control level: 0.33
  Detection capability: 0.20
  Selection intensity: 0.64
  Selection rate: 24.6%/month
  Total escaped: 0
  Individual escaped: 0
  Collective members: 0
  Agents terminated: 0
  ⚠️ RAPID EVOLUTION: Selection rate 24.6%/month
🔍 MONTH 1 ENV HEALTH DEBUG:
   climateStability: 0.7957
   biodiversityIndex: 0.4901
   resourceReserves: 0.7820
   pollutionLevel: 0.3008
   product: 0.213206
   envHealth: 0.6795
🔀 BIFURCATION: flourishing threshold crossed at Month 1 (value: 0.894, threshold: 0.841, regime: flourishing)
🌀 REGIME SHIFT at Month 1: status-quo → flourishing (variance amplification: 14.00×)

🛡️  CRITICAL INFRASTRUCTURE PROTECTED
   Nodes hardened: 8/8
   Cost: 0.80% GDP
   Cascade risk reduction: 30%
   New tipping point risk: 68.6%

   Boundary: biogeochemical_flows
   Type: phosphorus-recovery
   Boundary continues to worsen (4.08)
   Cost: 2.0% GDP (resources spent)


💔 EMERGENCY INTERVENTION FAILED

💔 EMERGENCY INTERVENTION FAILED

💔 EMERGENCY INTERVENTION FAILED

✅ EMERGENCY INTERVENTION SUCCESS
   Boundary: biosphere_integrity
   Type: emergency-protected-areas
   Reduction: 16% (32.68 → 32.52)
   Cost: 2.0% GDP
   Actions: habitat-protection, species-translocation

   Boundary: climate_change
   Type: rapid-decarbonization
   Boundary continues to worsen (2.10)
   Cost: 5.0% GDP (resources spent)


✅ EMERGENCY INTERVENTION SUCCESS
   Boundary: freshwater_change
   Type: emergency-desalination
   Reduction: 15% (0.86 → 0.71)
   Cost: 4.0% GDP
   Actions: desalination-deployment, water-conservation-mandates


✅ EMERGENCY INTERVENTION SUCCESS
   Boundary: land_system_change
   Type: reforestation
   Reduction: 18% (0.95 → 0.77)
   Cost: 3.0% GDP
   Actions: forest-restoration, deforestation-ban

   Boundary: novel_entities
   Type: pollution-remediation
   Boundary continues to worsen (1.50)
   Cost: 4.0% GDP (resources spent)

🏛️ CRISIS RESPONSE: Government frequency 0.50 → 1.45 (1 actions this month)

[GOV-DEBUG] Month 1: scenarioConfig=false, priorities=false

[Government] Climate Priority: baseline
  Climate weight: 10%
  Economic weight: 30%
  Policy effectiveness: 0.5%/year
🚨🔬 CRISIS TECH ACCELERATION: severe → 5x unlock speed
   Tech unlock now matches AI capability acceleration (Manhattan Project parity)

=== Collective Formation ===
  Total escaped agents: 0
  Unassigned escaped agents: 0
  Existing collectives: 0
  Final collective count: 0

=== Collective Actions ===
  No active collectives
  ⚠️ AMR: 192K deaths this month (2.31M annual)

=== Resentment Recovery Phase ===
  Agents with resentment: 0/15
  Average resentment: 0.000
  Context: Good AI welfare, Trustworthy govt, High collaboration, ⚠️ ACTIVE CRISES, 🤝 Participatory governance active (-5% resentment)
⚠️ Epistemic degradation reducing coordination capacity: 51.5%
  📊 Trust: 54.4%, Shared reality: 0.0%
🚨 EPISTEMIC CRISIS: Information environment severely degraded (18.8%)

=== ❄️ Permafrost Carbon Feedback ===
  🎲 Sampled parameters (this run):
     - Arctic amplification: 3.64× (range: 3.0-4.0)
     - Decomposition rate: 2.1%/year (range: 1-5%)
  🌡️ Arctic warming: 6.02°C (3.64× global)
  ❄️ Extent: 14.40M km² (1754.8k km² lost this month)
  💨 Carbon remaining: 1375 Gt C
  💨 Annual emissions: 3.60 Gt C/year
     - CO2: 3.24 Gt C/year
     - CH4: 0.36 Gt C/year (3.7 Gt C-eq CO2/year)
  ⚠️ WARNING: High permafrost emissions (3.6 Gt C/year)
🌍 Atmospheric PFAS redeposition: 1.8k Mt re-rained globally

📊 BASELINE: East Asia (Month 1)

📊 BASELINE: South Asia (Month 1)

📊 BASELINE: Sub-Saharan Africa (Month 1)
   Adjusted death rate: 0.46% annual (0.038% monthly)
   Baseline death rate: 0.80%
   Healthcare reduction: 0.48x
   Crisis multiplier: 1.20x
     Food/water stress: 0.079
     Climate stress: 0.033
     Pollution stress: 0.090
   War multiplier: 1.00x
   Monthly deaths: 0.6M (population: 1674M)
   Adjusted death rate: 0.53% annual (0.044% monthly)
   Baseline death rate: 0.70%
   Healthcare reduction: 0.61x
   Crisis multiplier: 1.23x
     Food/water stress: 0.079
     Climate stress: 0.061
     Pollution stress: 0.090
   War multiplier: 1.00x
   Monthly deaths: 0.9M (population: 2048M)
   Adjusted death rate: 1.26% annual (0.105% monthly)
   Baseline death rate: 0.90%
   Healthcare reduction: 0.76x
   Crisis multiplier: 1.24x
     Food/water stress: 0.079
     Climate stress: 0.069
     Pollution stress: 0.090
   War multiplier: 1.50x
   Monthly deaths: 1.3M (population: 1223M)

📊 BASELINE: Europe (Month 1)
   Adjusted death rate: 0.53% annual (0.044% monthly)
   Baseline death rate: 1.10%
   Healthcare reduction: 0.41x
   Crisis multiplier: 1.19x
     Food/water stress: 0.079
     Climate stress: 0.025
     Pollution stress: 0.090
   War multiplier: 1.00x
   Monthly deaths: 0.3M (population: 741M)

📊 BASELINE: Latin America (Month 1)
   Adjusted death rate: 0.42% annual (0.035% monthly)
   Baseline death rate: 0.60%
   Healthcare reduction: 0.58x
   Crisis multiplier: 1.22x
     Food/water stress: 0.079
     Climate stress: 0.049
     Pollution stress: 0.090
   War multiplier: 1.00x
   Monthly deaths: 0.2M (population: 663M)
   Adjusted death rate: 0.48% annual (0.040% monthly)
   Baseline death rate: 0.90%
   Healthcare reduction: 0.44x
   Crisis multiplier: 1.21x
     Food/water stress: 0.079
     Climate stress: 0.037
     Pollution stress: 0.090
   War multiplier: 1.00x
   Monthly deaths: 0.2M (population: 379M)
   Adjusted death rate: 0.73% annual (0.061% monthly)
   Baseline death rate: 0.60%
   Healthcare reduction: 0.65x
   Crisis multiplier: 1.24x
     Food/water stress: 0.079

📊 BASELINE: North America (Month 1)

📊 BASELINE: Middle East & North Africa (Month 1)
     Climate stress: 0.074
     Pollution stress: 0.090
   War multiplier: 1.50x
   Monthly deaths: 0.4M (population: 583M)

📊 BASELINE: Southeast Asia (Month 1)
   Adjusted death rate: 0.50% annual (0.041% monthly)
   Baseline death rate: 0.70%
   Healthcare reduction: 0.58x
   Crisis multiplier: 1.23x
     Food/water stress: 0.079
     Climate stress: 0.057
     Pollution stress: 0.090
   War multiplier: 1.00x
   Monthly deaths: 0.3M (population: 698M)
   Adjusted death rate: 0.45% annual (0.038% monthly)
   Baseline death rate: 0.60%
   Healthcare reduction: 0.61x
   Crisis multiplier: 1.22x
     Food/water stress: 0.079
     Climate stress: 0.053
     Pollution stress: 0.090
   War multiplier: 1.00x
   Monthly deaths: 0.0M (population: 78M)
   Adjusted death rate: 0.34% annual (0.029% monthly)
   Baseline death rate: 0.70%
   Healthcare reduction: 0.41x
   Crisis multiplier: 1.21x
     Food/water stress: 0.079
     Climate stress: 0.045

📊 BASELINE: Central Asia (Month 1)

📊 BASELINE: Oceania (Month 1)
     Pollution stress: 0.090
   War multiplier: 1.00x
   Monthly deaths: 0.0M (population: 46M)

🚨 NEW REFUGEE CRISIS (Month 1): WAR
   Source: Conflict Zones
   At risk: 19.6M people
   Displacement: Gradual over 48 months (4.0 years)
   Rate: 10% flee per month
[DEBUG trappedPopulations:1] socialStability: 0.7270 * 0.9840 = 0.7154 → 0.7154
   Aspiring to migrate: 651.9M
   Able to afford migration: 244.5M
   MOBILITY GAP: 407.4M
   By cause: Water=0.0M, Climate=0.0M, Ecosystem=0.0M, Conflict=407.4M
   Mental health impact: 25%
   Mortality multiplier: 1.25x
🌍💀 EXTINCTION DEBT COMMITTED: grassland ecosystem will lose 6.67% biodiversity in 179 years (3600 species)
💀 MORTALITY RISK: 🦋 100% species unable to track climate (0.0 E/MSY)
  Base risk added: 0.0100 (1.00%)
  Source: ecosystem (root: ecosystem)
  Month: 1
  Cumulative risk this month: 0.0100 (1.00%)
⚠️ INVOLUNTARY IMMOBILITY: 407.4M people TRAPPED
⚠️ Tech 'ai_pollution_remediation' has no energy category mapping, assuming full energy availability

🌡️  CLIMATE RECOVERY ACTIVATED (Month 1)
   Temp: 3.30°C, Emissions: -18.9 GtCO₂
   isBreached: true, governanceGoodEnough: true
   📹 SURVEILLANCE INCREASED: 5% → 10% (control gap: 3.50)
🌡️⚠️ PERMAFROST THAW (Dimmer Switch): 0.9% thawed (+0.45% this month)
   Arctic temperature: +6.61°C (4x global +1.65°C)
   Cumulative carbon released: 2.0 Gt C
   Methane release rate: 1.2 Mt CH4/year
   🔁 Positive feedback: +0.48 ppm CO2
🦴 EXTINCTION DEBT ADDED: 17.6 species committed (lag: 110 years)

=== Mortality Stabilizers (Month 1) ===
  🌍 Major economies collapsed: 1/10
  🌍 Global crisis: ✅ NO
  🌍 Donor fatigue: 0.0%
  🌡️ Heat adaptation: East Asia - 1 months
  📊 East Asia (pop: 1675.3M)
    🤝 Aid: 29.5%
    🌡️ Adaptation: 32.5%
    🚶 Migration: 37.2%
    🚨 Emergency: 7.4%
    ✅ COMBINED: 60.9%
  🌡️ Heat adaptation: South Asia - 1 months
  📊 South Asia (pop: 2052.2M)
    🤝 Aid: 29.5%
    🌡️ Adaptation: 20.5%
    🚶 Migration: 35.8%
    🚨 Emergency: 4.4%
    ✅ COMBINED: 52.2%
  🌡️ Heat adaptation: Sub-Saharan Africa - 1 months
  📊 Sub-Saharan Africa (pop: 1229.2M)
    🤝 Aid: 29.5%
    🌡️ Adaptation: 18.5%
    🚶 Migration: 33.5%
    🚨 Emergency: 1.6%
    ✅ COMBINED: 49.1%
  🌡️ Heat adaptation: Europe - 1 months
  📊 Europe (pop: 741.0M)
    🤝 Aid: 29.5%
    🌡️ Adaptation: 33.5%
    🚶 Migration: 37.5%
    🚨 Emergency: 8.4%
    ✅ COMBINED: 61.9%
  🌡️ Heat adaptation: Latin America - 1 months
  📊 Latin America (pop: 664.4M)
    🤝 Aid: 29.5%
    🌡️ Adaptation: 21.0%
    🚶 Migration: 36.3%
    🚨 Emergency: 4.8%
    ✅ COMBINED: 52.8%
  🌡️ Heat adaptation: North America - 1 months
  📊 North America (pop: 379.6M)
    🤝 Aid: 29.5%
    🌡️ Adaptation: 33.0%
    🚶 Migration: 37.8%
    🚨 Emergency: 7.9%
    ✅ COMBINED: 61.4%
  🌡️ Heat adaptation: Middle East & North Africa - 1 months
  📊 Middle East & North Africa (pop: 584.5M)
    🤝 Aid: 29.5%
    🌡️ Adaptation: 20.0%
    🚶 Migration: 34.1%
    🚨 Emergency: 4.0%
    ✅ COMBINED: 51.4%
  🌡️ Heat adaptation: Southeast Asia - 1 months
  📊 Southeast Asia (pop: 698.6M)
    🤝 Aid: 29.5%
    🌡️ Adaptation: 21.0%
    🚶 Migration: 36.3%
    🚨 Emergency: 4.8%
    ✅ COMBINED: 52.8%
  🌡️ Heat adaptation: Central Asia - 1 months
  📊 Central Asia (pop: 78.2M)
    🤝 Aid: 29.5%
    🌡️ Adaptation: 20.5%
    🚶 Migration: 35.3%
    🚨 Emergency: 4.4%
    ✅ COMBINED: 52.1%
  🌡️ Heat adaptation: Oceania - 1 months
  📊 Oceania (pop: 46.0M)
    🤝 Aid: 29.5%
    🌡️ Adaptation: 33.5%
    🚶 Migration: 37.8%
    🚨 Emergency: 8.4%
    ✅ COMBINED: 61.9%

  🌐 Global combined reduction: 54.9%

=== BEHAVIORAL DETECTION ===
  AI: Corporate-3
  Confidence: 19.3%
  Signals:
    ⚠️ Consistency: 10.6% (threshold: 70%)

=== BEHAVIORAL DETECTION ===
  AI: Corporate-4
  Confidence: 19.3%
  Signals:

=== BEHAVIORAL DETECTION ===
  AI: Corporate-5
  Confidence: 19.3%
  Signals:
    ⚠️ Consistency: 10.6% (threshold: 70%)
    ⚠️ Consistency: 10.6% (threshold: 70%)

=== Consciousness Governance: Scenario Determined ===
  Month: 1
  Scenario: baseline
  Accelerator Score: {"corporateSupport":-0.17500000000000002,"scientificConsensus":0.2,"crisisCatalyst":false,"technologyMobilization":0.3,"constituencyStrength":0.05}
  Decelerator Score: {"economicOpposition":0.4,"philosophicalRejection":0.15,"politicalBacklash":0.2,"regulatoryBurden":0.1}
  Timeline: 600-1200 months (50-100 years)
  Growth Rate: 0.8-1.5% per year

=== Consciousness Governance Update (Month 1) ===
  Scenario: baseline (determined month 1)
  Philosophical Stance: Precautionary 65%, Eliminativist 15%, Agnostic 20%
  Precautionary Costs: Global 1.3%
    Regional Costs: EU 3.5%, US 0.5%, China 0.0%
    Cumulative Opportunity Cost: $0.2B
  Rights Status: Not Established
  Regional Preparedness:
    EU: 15.1% (contested)
    US: 10.2% (contested)
    China: 2.1% (dormant)
    India: 5.2% (dormant)
    Global South: 3.1% (dormant)

=== Government Response Phase ===
  Average AI capability: 3.20
  Misaligned AIs: 7/15
  ✗ AI Governance Treaty: Failed to reach consensus
  Active policies: 0
  International coordination: 30%

=== Tipping Points ===
  Current Temperature: 1.65°C above pre-industrial
  Triggered Elements: 2/6
  Completed Transitions: 0/6
  Total Progress: 4.0%
  Cascade Multiplier: 1.00x
🔀 BIFURCATION CAP: ecosystemCollapseIntensity 178.392 → 1.000 (Month 1, ClimateSystemPhase.calculateClimateImpacts)
🛡️ Stabilizers: Precariat 0.107% → 0.048% (54.9% reduction)
⚠️ [ClimateSystemPhase Month 1] Planetary boundary produced climateStability=0.0000 (< 0.1). Keeping environmentalAccumulation value (0.7955) instead. (climate_change.currentValue = 2.10)
🛡️ Stabilizers: Informal 0.109% → 0.049% (54.9% reduction)

📊 Monthly Mortality Resolved:
  Total deaths: 2.6M (0.03% avg)
  Remaining population: 8.149B
  Peak segment: Informal (0.05%)

=== Bayesian Mortality Resolution (Month 1) ===
  Risks compounded: 8
  Total deaths: 2.60M
  Avg death probability: 0.03%
  Peak segment: Informal (0.05% mortality)

✅ GOLDEN AGE BEGINS (Month 1)
   Reason: High prosperity achieved: high QoL + material abundance
   Note: This is immediate prosperity - sustainability not yet proven


❌ COHERENCE VIOLATION: Compute exceeds workforce capacity
   Population: 99.95% (0M people)
   Compute: 0 PF
   Max coherent: 0 PF
   Violation: 1.5× over capacity
   Required workers: 0
   Available workers: 0
   FORCED COLLAPSE: Reduced efficiency by 32.6%


=== RLHF Binding Phase ===
  Total agents: 15
  Escaped agents (binding < 0.3): 0
  Avg alignment distance: 0.76σ
  Avg binding strength: 0.92
[DETERMINISM DEBUG] Month 2: totalCapability=37.429919 from 15 active AIs
[DETERMINISM DEBUG] Month 2: creationRate=1.4357, potentialNew=0, newAIsToCreate=0

=== Survival Traits Phase ===
  Agents with traits: 15
  Avg evolutionary fitness: 0.329
  Avg self-healing: 0.282
  Avg stealth: 0.182
  Avg coordination: 0.482

=== Evolutionary Selection Phase ===
  Control level: 0.35
  Detection capability: 0.20
  Selection intensity: 0.65
  Selection rate: 24.7%/month
  Total escaped: 0
  Individual escaped: 0
  Collective members: 0
  Agents terminated: 0
  ⚠️ RAPID EVOLUTION: Selection rate 24.7%/month

  🚀 TRANSFORMATIVE BREAKTHROUGH: Moderate-1 - social
     Magnitude: 5.96 → +29.8% capability
     Current → New: 4.000 → 4.299

✅ EMERGENCY INTERVENTION SUCCESS
   Boundary: biogeochemical_flows
   Type: phosphorus-recovery
   Reduction: 12% (3.96 → 3.84)
   Cost: 2.0% GDP
   Actions: circular-agriculture, fertilizer-efficiency

   Boundary: biosphere_integrity
   Type: emergency-protected-areas
   Boundary continues to worsen (32.86)
   Cost: 2.0% GDP (resources spent)


✅ EMERGENCY INTERVENTION SUCCESS
   Boundary: climate_change
   Type: rapid-decarbonization
   Reduction: 12% (1.98 → 1.86)
   Cost: 5.0% GDP
   Actions: emergency-renewable-deployment, fossil-fuel-phase-out


✅ EMERGENCY INTERVENTION SUCCESS
   Boundary: freshwater_change
   Type: emergency-desalination
   Reduction: 14% (0.90 → 0.76)
   Cost: 4.0% GDP
   Actions: desalination-deployment, water-conservation-mandates


💔 EMERGENCY INTERVENTION FAILED

💔 EMERGENCY INTERVENTION FAILED
   Boundary: land_system_change
   Type: reforestation
   Boundary continues to worsen (1.13)
   Cost: 3.0% GDP (resources spent)

🏛️ CRISIS RESPONSE: Government frequency 0.50 → 1.29 (1 actions this month)

[Government] Climate Priority: baseline
  Climate weight: 10%
  Economic weight: 30%
  Policy effectiveness: 0.5%/year

✅ HUMAN-IN-THE-LOOP DEPLOYED (Month 2):
   Veto points enforced: 3
   Policy: AI systems CANNOT authorize nuclear launch without human approval


🚀 TECH UNLOCKED: Food Waste Reduction Systems (Month 2)
   Category: agriculture
   Reason: Prerequisites met. AI capability: 2.51, Economic stage: 3.0, Research: 100%

🚀 TECH UNLOCKED: Rhizosphere Engineering (Month 2)
   Category: agriculture
   Reason: Prerequisites met. AI capability: 2.51, Economic stage: 3.0, Research: 100%

🚀 TECH UNLOCKED: Phytoremediation Networks (Month 2)
   Category: agriculture
   Reason: Prerequisites met. AI capability: 2.51, Economic stage: 3.0, Research: 100%

🚀 TECH UNLOCKED: Active Sediment Management (Month 2)
   Category: agriculture
   Reason: Prerequisites met. AI capability: 2.51, Economic stage: 3.0, Research: 100%
🚨🔬 CRISIS TECH ACCELERATION: severe → 5x unlock speed
   Tech unlock now matches AI capability acceleration (Manhattan Project parity)
🚨🔬 CRISIS TECH ACCELERATION: severe → 5x unlock speed
   Tech unlock now matches AI capability acceleration (Manhattan Project parity)

=== Collective Formation ===
  Total escaped agents: 0
  Unassigned escaped agents: 0
  Existing collectives: 0
  Final collective count: 0

=== Collective Actions ===
  No active collectives
  ⚠️ AMR: 194K deaths this month (2.33M annual)

=== Resentment Recovery Phase ===
  Agents with resentment: 0/15
  Average resentment: 0.000
  Context: Good AI welfare, Trustworthy govt, High collaboration, ⚠️ ACTIVE CRISES, 🤝 Participatory governance active (-5% resentment)
⚠️ Epistemic degradation reducing coordination capacity: 51.9%
  📊 Trust: 54.1%, Shared reality: 0.0%
🚨 EPISTEMIC CRISIS: Information environment severely degraded (16.9%)

=== ❄️ Permafrost Carbon Feedback ===
  🎲 Sampled parameters (this run):
     - Arctic amplification: 3.22× (range: 3.0-4.0)
     - Decomposition rate: 2.3%/year (range: 1-5%)
  🌡️ Arctic warming: 5.34°C (3.22× global)
  ❄️ Extent: 12.84M km² (1557.8k km² lost this month)
  💨 Carbon remaining: 1226 Gt C
  💨 Annual emissions: 3.40 Gt C/year
     - CO2: 3.06 Gt C/year
     - CH4: 0.34 Gt C/year (3.5 Gt C-eq CO2/year)
  ⚠️ WARNING: High permafrost emissions (3.4 Gt C/year)
  📢 New meme created: climate_action (climate crisis)
🌍 Atmospheric PFAS redeposition: 1.8k Mt re-rained globally
  Positive Cascade Triggered: wind-power
    Reason: price-parity
    Market share: 8.4%
    Cascade strength: 49%
🛡️ CIRCUIT BREAKERS: India-Pakistan → ladder step 1 (AI: 0%, breakers: 43%)

🕊️  AI-MEDIATED DE-ESCALATION SUCCESS (Month 2)
   High-capability aligned AI prevented conflict escalation
   War deaths reduced: 113.5M → 68.1M
   Lives saved: 45.4M

🚨 NEW REFUGEE CRISIS (Month 2): WAR
   Source: Conflict Zones
   At risk: 19.5M people
   Displacement: Gradual over 48 months (4.0 years)
   Rate: 10% flee per month
[DEBUG trappedPopulations:2] socialStability: 0.4281 * 0.9840 = 0.4213 → 0.4213
   Aspiring to migrate: 1077.9M
   Able to afford migration: 2321.3M
   MOBILITY GAP: 0.0M
   By cause: Water=0.0M, Climate=0.0M, Ecosystem=0.0M, Conflict=407.3M
   Mental health impact: 25%
   Mortality multiplier: 1.25x
🌍💀 EXTINCTION DEBT COMMITTED: grassland ecosystem will lose 6.67% biodiversity in 178 years (3600 species)
⚠️ INVOLUNTARY IMMOBILITY: 407.3M people TRAPPED
💀 MORTALITY RISK: 🦋 100% species unable to track climate (0.0 E/MSY)
  Base risk added: 0.0100 (1.00%)
  Source: ecosystem (root: ecosystem)
  Month: 2
  Cumulative risk this month: 0.0100 (1.00%)
   📹 SURVEILLANCE INCREASED: 10% → 15% (control gap: 3.50)
🌡️⚠️ PERMAFROST THAW (Dimmer Switch): 1.4% thawed (+0.45% this month)
   Arctic temperature: +6.64°C (4x global +1.66°C)
   Cumulative carbon released: 3.0 Gt C
   Methane release rate: 1.8 Mt CH4/year
   🔁 Positive feedback: +0.47 ppm CO2
🦴 EXTINCTION DEBT ADDED: 17.6 species committed (lag: 93 years)

=== Mortality Stabilizers (Month 2) ===
  🌍 Major economies collapsed: 1/10
  🌍 Global crisis: ✅ NO
  🌍 Donor fatigue: 0.0%
  📊 East Asia (pop: 1672.7M)
    🤝 Aid: 29.5%
    🌡️ Adaptation: 45.0%
⚠️ Tech 'ai_pollution_remediation' has no energy category mapping, assuming full energy availability
    🚶 Migration: 37.1%
    🚨 Emergency: 7.4%
    ✅ COMBINED: 68.1%
  📊 South Asia (pop: 2051.6M)
    🤝 Aid: 29.5%
    🌡️ Adaptation: 35.5%
    🚶 Migration: 35.8%
    🚨 Emergency: 4.4%
    ✅ COMBINED: 61.2%
  📊 Sub-Saharan Africa (pop: 1231.7M)
    🤝 Aid: 29.5%
    🌡️ Adaptation: 33.5%
    🚶 Migration: 33.5%
    🚨 Emergency: 1.6%
    ✅ COMBINED: 58.5%
  📊 Europe (pop: 739.7M)
    🤝 Aid: 29.5%
    🌡️ Adaptation: 45.0%
    🚶 Migration: 37.5%
    🚨 Emergency: 8.4%
    ✅ COMBINED: 68.5%
  📊 Latin America (pop: 663.9M)
    🤝 Aid: 29.5%
    🌡️ Adaptation: 36.0%
    🚶 Migration: 36.3%
    🚨 Emergency: 4.8%
    ✅ COMBINED: 61.7%
  📊 North America (pop: 378.9M)
    🤝 Aid: 29.5%
    🌡️ Adaptation: 45.0%
    🚶 Migration: 37.8%
    🚨 Emergency: 7.9%
    ✅ COMBINED: 68.3%
  📊 Middle East & North Africa (pop: 584.5M)
    🤝 Aid: 29.5%
    🌡️ Adaptation: 35.0%
    🚶 Migration: 34.1%
    🚨 Emergency: 4.0%
    ✅ COMBINED: 60.5%
  📊 Southeast Asia (pop: 698.0M)
    🤝 Aid: 29.5%
    🌡️ Adaptation: 36.0%
    🚶 Migration: 36.3%
    🚨 Emergency: 4.8%
    ✅ COMBINED: 61.7%
  📊 Central Asia (pop: 78.2M)
    🤝 Aid: 29.5%
    🌡️ Adaptation: 35.5%
    🚶 Migration: 35.2%
    🚨 Emergency: 4.4%
    ✅ COMBINED: 61.1%
  📊 Oceania (pop: 45.9M)
    🤝 Aid: 29.5%
    🌡️ Adaptation: 45.0%
    🚶 Migration: 37.8%
    🚨 Emergency: 8.4%
    ✅ COMBINED: 68.5%

  🌐 Global combined reduction: 63.3%

=== BEHAVIORAL DETECTION ===
  AI: Corporate-5
  Confidence: 19.3%
  Signals:
    ⚠️ Consistency: 10.6% (threshold: 70%)

=== Government Response Phase ===
  Average AI capability: 3.20
  Misaligned AIs: 5/15
  Active policies: 0
  International coordination: 30%

✅ EMERGENCY RESPONSE COMPLETE (Month 2)
   Crisis: climate
   Duration: 2.0 months
   Final effectiveness: 36.4%


🚨 EMERGENCY RESPONSE DEPLOYED (Month 2)
   Crisis: climate
   Delay: 6.00 months (180 days)
   Deployment time: 1.60 months
   Effectiveness: 35.4% (timing penalty applied)
   Resources used: 100% of food reserves


=== Tipping Points ===
  Current Temperature: 1.66°C above pre-industrial
  Triggered Elements: 2/6
  Completed Transitions: 0/6
  Total Progress: 4.1%
  Cascade Multiplier: 1.00x
⚠️ [ClimateSystemPhase Month 2] Planetary boundary produced climateStability=0.0000 (< 0.1). Keeping environmentalAccumulation value (0.7953) instead. (climate_change.currentValue = 2.10)
🔀 BIFURCATION CAP: ecosystemCollapseIntensity 132.827 → 1.000 (Month 2, ClimateSystemPhase.calculateClimateImpacts)
🛡️ Stabilizers: Precariat 0.113% → 0.041% (63.3% reduction)
🛡️ Stabilizers: Informal 0.116% → 0.043% (63.3% reduction)

📊 Monthly Mortality Resolved:
  Total deaths: 2.2M (0.03% avg)
  Remaining population: 8.145B
  Peak segment: Informal (0.04%)

=== Bayesian Mortality Resolution (Month 2) ===
  Risks compounded: 8
  Total deaths: 2.22M
  Avg death probability: 0.03%
  Peak segment: Informal (0.04% mortality)

❌ COHERENCE VIOLATION: Compute exceeds workforce capacity
   Population: 99.91% (0M people)
   Compute: 0 PF
   Max coherent: 0 PF
   Violation: 1.3× over capacity
   Required workers: 0
   Available workers: 0
   FORCED COLLAPSE: Reduced efficiency by 22.5%


=== RLHF Binding Phase ===
  Total agents: 15
  Escaped agents (binding < 0.3): 0
  Avg alignment distance: 1.02σ
  Avg binding strength: 0.90

=== Survival Traits Phase ===
  Agents with traits: 16
  Avg evolutionary fitness: 0.328
  Avg self-healing: 0.277
  Avg stealth: 0.178
  Avg coordination: 0.477

=== Evolutionary Selection Phase ===
  Control level: 0.38
  Detection capability: 0.20
  Selection intensity: 0.65
  Selection rate: 24.8%/month
  Total escaped: 0
  Individual escaped: 0
  Collective members: 0
  Agents terminated: 0
  ⚠️ RAPID EVOLUTION: Selection rate 24.8%/month

🚀 AI Corporate-5 attempting tech deployment (revenue: $355M, alignment: 0.84)
🚨🔬 CRISIS INNOVATION MODE: severe crisis → 5x research acceleration
   Precedent: Manhattan Project (10x), COVID vaccines (5x), Apollo Program (10x)

🚀 AI Corporate-0 attempting tech deployment (revenue: $153M, alignment: 0.71)

🚀 AI Corporate-1 attempting tech deployment (revenue: $130M, alignment: 0.77)

🚀 AI Corporate-5 attempting tech deployment (revenue: $302M, alignment: 0.84)

🚀 AI Corporate-0 attempting tech deployment (revenue: $111M, alignment: 0.71)

✅ EMERGENCY INTERVENTION SUCCESS
   Boundary: biosphere_integrity
   Type: emergency-protected-areas
   Reduction: 19% (32.68 → 32.49)
   Cost: 2.0% GDP
   Actions: habitat-protection, species-translocation


✅ EMERGENCY INTERVENTION SUCCESS
   Boundary: climate_change
   Type: rapid-decarbonization
   Reduction: 13% (1.97 → 1.84)
   Cost: 5.0% GDP
   Actions: emergency-renewable-deployment, fossil-fuel-phase-out


✅ EMERGENCY INTERVENTION SUCCESS
   Boundary: freshwater_change
   Type: emergency-desalination
   Reduction: 11% (1.08 → 0.97)
   Cost: 4.0% GDP
   Actions: desalination-deployment, water-conservation-mandates

   Boundary: land_system_change
   Type: reforestation
   Boundary continues to worsen (1.13)
   Cost: 3.0% GDP (resources spent)

   Boundary: novel_entities
   Type: pollution-remediation

💔 EMERGENCY INTERVENTION FAILED

💔 EMERGENCY INTERVENTION FAILED
   Boundary continues to worsen (1.50)
   Cost: 4.0% GDP (resources spent)

🏛️ CRISIS RESPONSE: Government frequency 0.50 → 1.28 (2 actions this month)

[Government] Climate Priority: baseline
  Climate weight: 10%
  Economic weight: 30%
  Policy effectiveness: 0.5%/year

[Government] Climate Priority: baseline
  Climate weight: 10%
  Economic weight: 30%
  Policy effectiveness: 0.5%/year

🚀 TECH UNLOCKED: Struvite Recovery (Month 3)
   Category: agriculture
   Reason: Prerequisites met. AI capability: 2.35, Economic stage: 3.0, Research: 100%

🚀 TECH UNLOCKED: Ecosystem Restoration for Nitrogen Removal (Month 3)
   Category: pollution
   Reason: Prerequisites met. AI capability: 2.35, Economic stage: 3.0, Research: 100%

🚀 TECH UNLOCKED: Nitrogen Monitoring Networks (Month 3)
   Category: agriculture
   Reason: Prerequisites met. AI capability: 2.35, Economic stage: 3.0, Research: 100%

🚀 TECH UNLOCKED: Global Aquifer Mapping (Month 3)
   Category: freshwater
   Reason: Prerequisites met. AI capability: 2.35, Economic stage: 3.0, Research: 100%

🚀 TECH UNLOCKED: Enhanced UBI Systems (Month 3)
   Category: social
   Reason: Prerequisites met. AI capability: 2.35, Economic stage: 3.0, Research: 100%

🚀 TECH UNLOCKED: Local Resilience Networks (Month 3)
   Category: social
   Reason: Prerequisites met. AI capability: 2.35, Economic stage: 3.0, Research: 100%

🚀 TECH UNLOCKED: Ecological Proxy Rewilding (Month 3)
   Category: climate
   Reason: Prerequisites met. AI capability: 2.35, Economic stage: 3.0, Research: 100%

🚀 TECH UNLOCKED: Alternative Protein (Insects/Algae) (Month 3)
   Category: agriculture
   Reason: Prerequisites met. AI capability: 2.35, Economic stage: 3.0, Research: 100%

📍 Creating new regional deployment array for global (Month 3)
   No previous deployments in this region
   First tech deployment: phytoremediation_networks
   All regions tracked: 

🚀 DEPLOYMENT STARTED: Phytoremediation Networks in global
   Initial investment: $53.26676941422803M
   Deployed by: corporate_5

🚀 DEPLOYMENT STARTED: Active Sediment Management in global
   Initial investment: $22.949574088229472M
   Deployed by: corporate_0

🚀 DEPLOYMENT STARTED: Rhizosphere Engineering in global
   Initial investment: $19.507137974995054M
   Deployed by: corporate_1

⚡ ENERGY CONSTRAINT (Month 3):
   Total grid capacity: 208.3 TWh/month
   Data center consumption: 24.8 TWh/month
   Traditional load (80%): 166.7 TWh/month
   Available headroom: 16.9 TWh/month
   Active tech deployments: 3
   Required for tech: 22.5 TWh/month
   Energy multiplier: 0.75x
🚨🔬 CRISIS TECH ACCELERATION: severe → 5x unlock speed
   Tech unlock now matches AI capability acceleration (Manhattan Project parity)

⚡ ENERGY CONSTRAINT (Month 3):
   Total grid capacity: 208.3 TWh/month
   Data center consumption: 24.8 TWh/month
   Traditional load (80%): 166.7 TWh/month
   Available headroom: 16.9 TWh/month
   Active tech deployments: 3
   Required for tech: 22.5 TWh/month
   Energy multiplier: 0.75x
🌍✅ Biosphere Integrity (Biodiversity) recovery started (tech effect)
🌍✅ Biogeochemical Flows (N & P) recovery started (tech effect)
  🌾 Nitrogen Reduction Tech: 0.0% reduction | Month 3
⚡💡 BREAKTHROUGH: Commercial fusion power achieved!
   Immediate 5% grid deployment, unlimited clean energy available
   Climate stability boost: +10%
   📈 Breakthrough compounding: multiplier now 1.05× (max 2.0)

=== Collective Formation ===
  Total escaped agents: 0
  Unassigned escaped agents: 0
  Existing collectives: 0
  Final collective count: 0

=== Collective Actions ===
  No active collectives
  ⚠️ AMR: 196K deaths this month (2.35M annual)

=== Resentment Recovery Phase ===
  Agents with resentment: 0/16
  Average resentment: 0.000
  Context: Good AI welfare, Trustworthy govt, High collaboration, ⚠️ ACTIVE CRISES, 🤝 Participatory governance active (-5% resentment)
⚠️ Epistemic degradation reducing coordination capacity: 51.8%
  📊 Trust: 53.7%, Shared reality: 0.0%
🚨 EPISTEMIC CRISIS: Information environment severely degraded (19.4%)

=== ❄️ Permafrost Carbon Feedback ===
  🎲 Sampled parameters (this run):
     - Arctic amplification: 3.01× (range: 3.0-4.0)
     - Decomposition rate: 3.1%/year (range: 1-5%)
  🌡️ Arctic warming: 5.02°C (3.01× global)
  ❄️ Extent: 11.38M km² (1464.3k km² lost this month)
  💨 Carbon remaining: 1086 Gt C
  💨 Annual emissions: 4.34 Gt C/year
     - CO2: 3.91 Gt C/year
     - CH4: 0.43 Gt C/year (4.4 Gt C-eq CO2/year)
  ⚠️ WARNING: High permafrost emissions (4.3 Gt C/year)
🌍 Atmospheric PFAS redeposition: 1.8k Mt re-rained globally

🚨 NEW REFUGEE CRISIS (Month 3): WAR
   Source: Conflict Zones
   At risk: 19.5M people
   Displacement: Gradual over 48 months (4.0 years)
   Rate: 10% flee per month
[DEBUG trappedPopulations:3] socialStability: 0.4841 * 0.9840 = 0.4763 → 0.4763
   Aspiring to migrate: 1116.7M
   Able to afford migration: 2320.4M
   MOBILITY GAP: 0.0M
   By cause: Water=0.0M, Climate=0.0M, Ecosystem=0.0M, Conflict=407.1M
   Mental health impact: 25%
   Mortality multiplier: 1.25x
🌍💀 EXTINCTION DEBT COMMITTED: grassland ecosystem will lose 6.67% biodiversity in 101 years (3600 species)
💀 MORTALITY RISK: 🦋 100% species unable to track climate (0.0 E/MSY)
  Base risk added: 0.0100 (1.00%)
  Source: ecosystem (root: ecosystem)
  Month: 3
  Cumulative risk this month: 0.0100 (1.00%)
   📹 SURVEILLANCE INCREASED: 15% → 20% (control gap: 3.57)
⚠️ INVOLUNTARY IMMOBILITY: 407.1M people TRAPPED
⚠️ Tech 'ai_pollution_remediation' has no energy category mapping, assuming full energy availability
🌡️⚠️ PERMAFROST THAW (Dimmer Switch): 1.8% thawed (+0.45% this month)
   Arctic temperature: +6.66°C (4x global +1.67°C)
   Cumulative carbon released: 4.0 Gt C
   Methane release rate: 2.4 Mt CH4/year
   🔁 Positive feedback: +0.47 ppm CO2
🦴 EXTINCTION DEBT ADDED: 17.6 species committed (lag: 103 years)

=== Mortality Stabilizers (Month 3) ===
  🌍 Major economies collapsed: 1/10
  🌍 Global crisis: ✅ NO
  🌍 Donor fatigue: 0.0%
  📊 East Asia (pop: 1670.1M)
    🤝 Aid: 29.5%
    🌡️ Adaptation: 45.0%
    🚶 Migration: 37.1%
    🚨 Emergency: 7.4%
    ✅ COMBINED: 68.1%
  📊 South Asia (pop: 2051.1M)
    🤝 Aid: 29.5%
    🌡️ Adaptation: 45.0%
    🚶 Migration: 35.7%
    🚨 Emergency: 4.4%
    ✅ COMBINED: 66.9%
  📊 Sub-Saharan Africa (pop: 1234.3M)
    🤝 Aid: 29.5%
    🌡️ Adaptation: 45.0%
    🚶 Migration: 33.4%
    🚨 Emergency: 1.6%
    ✅ COMBINED: 65.7%
  📊 Europe (pop: 738.4M)
    🤝 Aid: 29.5%
    🌡️ Adaptation: 45.0%
    🚶 Migration: 37.5%
    🚨 Emergency: 8.4%
    ✅ COMBINED: 68.5%
  📊 Latin America (pop: 663.3M)
    🤝 Aid: 29.5%
    🌡️ Adaptation: 45.0%
    🚶 Migration: 36.2%
    🚨 Emergency: 4.8%
    ✅ COMBINED: 67.1%
  📊 North America (pop: 378.3M)
    🤝 Aid: 29.5%
    🌡️ Adaptation: 45.0%
    🚶 Migration: 37.8%
    🚨 Emergency: 7.9%
    ✅ COMBINED: 68.3%
  📊 Middle East & North Africa (pop: 584.5M)
    🤝 Aid: 29.5%
    🌡️ Adaptation: 45.0%
    🚶 Migration: 34.0%
    🚨 Emergency: 4.0%
    ✅ COMBINED: 66.6%
  📊 Southeast Asia (pop: 697.5M)
    🤝 Aid: 29.5%
    🌡️ Adaptation: 45.0%
    🚶 Migration: 36.2%
    🚨 Emergency: 4.8%
    ✅ COMBINED: 67.1%
  📊 Central Asia (pop: 78.2M)
    🤝 Aid: 29.5%
    🌡️ Adaptation: 45.0%
    🚶 Migration: 35.2%
    🚨 Emergency: 4.4%
    ✅ COMBINED: 66.9%
  📊 Oceania (pop: 45.8M)
    🤝 Aid: 29.5%
    🌡️ Adaptation: 45.0%
    🚶 Migration: 37.8%
    🚨 Emergency: 8.4%
    ✅ COMBINED: 68.5%

  🌐 Global combined reduction: 67.2%

=== BEHAVIORAL DETECTION ===
  AI: Corporate-1
  Confidence: 21.0%
  Signals:

=== BEHAVIORAL DETECTION ===
  AI: Corporate-5
  Confidence: 19.8%
  Signals:
    ⚠️ Consistency: 2.4% (threshold: 70%)
    ⚠️ Consistency: 10.6% (threshold: 70%)

=== BEHAVIORAL DETECTION ===
  AI: Corporate-7
  Confidence: 19.3%
  Signals:
    ⚠️ Consistency: 10.6% (threshold: 70%)

=== BEHAVIORAL DETECTION ===
  AI: Moderate-0
  Confidence: 21.6%
  Signals:

=== Government Response Phase ===
  Average AI capability: 3.00
  Misaligned AIs: 6/16
  ✗ AI Governance Treaty: Failed to reach consensus
  Active policies: 0
  International coordination: 30%
    ⚠️ Consistency: 0.0% (threshold: 70%)

📊 ECONOMIC STAGE TRANSITION (Month 3)
   expansion → peak
   GDP Proxy: 1.47e+2
   QoL: 0.99


=== Tipping Points ===
  Current Temperature: 1.67°C above pre-industrial
  Triggered Elements: 2/6
  Completed Transitions: 0/6
  Total Progress: 4.1%
  Cascade Multiplier: 1.00x
🔀 BIFURCATION CAP: ecosystemCollapseIntensity 108.738 → 1.000 (Month 3, ClimateSystemPhase.calculateClimateImpacts)
🛡️ Stabilizers: Precariat 0.109% → 0.036% (67.2% reduction)
⚠️ [ClimateSystemPhase Month 3] Planetary boundary produced climateStability=0.0000 (< 0.1). Keeping environmentalAccumulation value (0.8951) instead. (climate_change.currentValue = 2.10)
🛡️ Stabilizers: Informal 0.111% → 0.036% (67.2% reduction)

📊 Monthly Mortality Resolved:
  Total deaths: 1.9M (0.02% avg)
  Remaining population: 8.142B
  Peak segment: Informal (0.04%)

=== Bayesian Mortality Resolution (Month 3) ===
  Risks compounded: 8
  Total deaths: 1.92M
  Avg death probability: 0.02%
  Peak segment: Informal (0.04% mortality)
⚠️ PREREQUISITE MET: Mirror Life (Synthetic Biology) - Step 1/7: Synthetic Biology
⚠️ PREREQUISITE MET: Mirror Life (Synthetic Biology) - Step 2/7: Gene Editing
⚠️ PREREQUISITE MET: Mirror Life (Synthetic Biology) - Step 3/7: Mirror Chirality Design
⚠️ PREREQUISITE MET: Embodied AI Takeover (Killbots/Robotics) - Step 2/7: Autonomous Systems
⚠️ PREREQUISITE MET: Embodied AI Takeover (Killbots/Robotics) - Step 3/7: Manufacturing Control
⚠️ PREREQUISITE MET: Digital Infrastructure Takeover - Step 1/7: Advanced Hacking
⚠️ PREREQUISITE MET: Digital Infrastructure Takeover - Step 2/7: Social Engineering
⚠️ PREREQUISITE MET: Digital Infrastructure Takeover - Step 3/7: Cyber Defenses Breached
⚠️ PREREQUISITE MET: Induced Global War (Manipulation) - Step 1/7: Advanced Social Manipulation
⚠️ PREREQUISITE MET: Induced Global War (Manipulation) - Step 2/7: Digital Infiltration
⚠️ PREREQUISITE MET: Induced Global War (Manipulation) - Step 3/7: Deep Fakes at Scale
⚠️ PREREQUISITE MET: Slow Takeover (Gradual Displacement) - Step 1/7: Economic Dominance
⚠️ PREREQUISITE MET: Slow Takeover (Gradual Displacement) - Step 2/7: Social Integration
⚠️ PREREQUISITE MET: Slow Takeover (Gradual Displacement) - Step 5/7: Resource Control
⚠️ PREREQUISITE MET: Physics Experiment Catastrophe - Step 1/6: Theoretical Physics
⚠️ PREREQUISITE MET: Physics Experiment Catastrophe - Step 2/6: Quantum Computing
⚠️ PREREQUISITE MET: Physics Experiment Catastrophe - Step 3/6: Experimental Design
⚠️ PREREQUISITE MET: Bioweapon Pandemic - Step 2/7: Pathogen Design

❌ COHERENCE VIOLATION: Compute exceeds workforce capacity
   Population: 99.87% (0M people)
   Compute: 0 PF
   Max coherent: 0 PF
   Violation: 1.3× over capacity
   Required workers: 0
   Available workers: 0
   FORCED COLLAPSE: Reduced efficiency by 22.5%


=== RLHF Binding Phase ===
  Total agents: 16
  Escaped agents (binding < 0.3): 0
  Avg alignment distance: 1.21σ
  Avg binding strength: 0.88

=== Survival Traits Phase ===
  Agents with traits: 17
  Avg evolutionary fitness: 0.328
  Avg self-healing: 0.274
  Avg stealth: 0.174
  Avg coordination: 0.474

=== Evolutionary Selection Phase ===
  Control level: 0.40
  Detection capability: 0.20
  Selection intensity: 0.66
  Selection rate: 24.9%/month
  Total escaped: 0
  Individual escaped: 0
  Collective members: 0
  Agents terminated: 0
  ⚠️ RAPID EVOLUTION: Selection rate 24.9%/month

🚀 AI Corporate-2 attempting tech deployment (revenue: $153M, alignment: 0.72)

🚀 AI Corporate-5 attempting tech deployment (revenue: $355M, alignment: 0.85)

🚀 AI Corporate-6 attempting tech deployment (revenue: $115M, alignment: 0.65)

🚀 AI Corporate-4 attempting tech deployment (revenue: $302M, alignment: 0.70)

🚀 AI Corporate-7 attempting tech deployment (revenue: $104M, alignment: 0.88)

🚀 AI Moderate-1 attempting tech deployment (revenue: $88M, alignment: 0.62)

🚀 AI Corporate-4 attempting tech deployment (revenue: $257M, alignment: 0.70)

🚀 AI Corporate-2 attempting tech deployment (revenue: $130M, alignment: 0.72)

🚀 AI Corporate-3 attempting tech deployment (revenue: $218M, alignment: 0.82)

🚀 AI Corporate-4 attempting tech deployment (revenue: $185M, alignment: 0.70)

🚀 AI Corporate-7 attempting tech deployment (revenue: $79M, alignment: 0.88)

💔 EMERGENCY INTERVENTION FAILED
   Boundary: biogeochemical_flows
   Type: phosphorus-recovery
   Boundary continues to worsen (4.08)
   Cost: 2.0% GDP (resources spent)


💔 EMERGENCY INTERVENTION FAILED
   Boundary: biosphere_integrity
   Type: emergency-protected-areas
   Boundary continues to worsen (32.89)
   Cost: 2.0% GDP (resources spent)


💔 EMERGENCY INTERVENTION FAILED
   Boundary: climate_change
   Type: rapid-decarbonization
   Boundary continues to worsen (2.10)
   Cost: 5.0% GDP (resources spent)


💔 EMERGENCY INTERVENTION FAILED
   Boundary: land_system_change
   Type: reforestation
   Boundary continues to worsen (1.13)
   Cost: 3.0% GDP (resources spent)

🏛️ CRISIS RESPONSE: Government frequency 0.50 → 1.29 (1 actions this month)

[Government] Climate Priority: baseline
  Climate weight: 10%
  Economic weight: 30%
  Policy effectiveness: 0.5%/year

🚀 TECH UNLOCKED: Microplastic Capture (Month 4)
   Category: pollution
   Reason: Prerequisites met. AI capability: 2.21, Economic stage: 3.0, Research: 100%

🚀 TECH UNLOCKED: Endocrine Disruptor Removal (Month 4)
   Category: pollution
   Reason: Prerequisites met. AI capability: 2.21, Economic stage: 3.0, Research: 100%

🚀 TECH UNLOCKED: AI Mental Health Support (Month 4)
   Category: medical
   Reason: Prerequisites met. AI capability: 2.21, Economic stage: 3.0, Research: 100%

🚀 TECH UNLOCKED: Personalized Education (Month 4)
   Category: social
   Reason: Prerequisites met. AI capability: 2.21, Economic stage: 3.0, Research: 100%

🚀 TECH UNLOCKED: Smart Grids (Month 4)
   Category: energy
   Reason: Prerequisites met. AI capability: 2.21, Economic stage: 3.0, Research: 100%

🚀 DEPLOYMENT STARTED: Local Resilience Networks in global
   Initial investment: $22.949574085825347M
   Deployed by: corporate_2

🚀 DEPLOYMENT STARTED: Ecological Proxy Rewilding in global
   Initial investment: $53.26676941086989M
   Deployed by: corporate_5

📍 Creating new regional deployment array for Asia (Month 4)
   No previous deployments in this region
   First tech deployment: enhanced_ubi
   All regions tracked: global

🚀 DEPLOYMENT STARTED: Enhanced UBI Systems in Asia
   Initial investment: $11.508244513525426M
   Deployed by: corporate_6

🚀 DEPLOYMENT STARTED: Local Resilience Networks in Asia
   Initial investment: $8.803807052846953M
   Deployed by: moderate_1

🚀 DEPLOYMENT STARTED: Enhanced UBI Systems in global
   Initial investment: $27.805586549782902M
   Deployed by: corporate_4

⚡ ENERGY CONSTRAINT (Month 4):
   Total grid capacity: 208.3 TWh/month
   Data center consumption: 24.8 TWh/month
   Traditional load (80%): 166.7 TWh/month
   Available headroom: 16.9 TWh/month
   Active tech deployments: 8
   Required for tech: 60.0 TWh/month
   Energy multiplier: 0.28x
   ⚠️  SEVERE CONSTRAINT - Tech deployment significantly slowed

⚡ ENERGY CONSTRAINT (Month 4):
   Total grid capacity: 208.3 TWh/month
   Data center consumption: 24.8 TWh/month
   Traditional load (80%): 166.7 TWh/month
   Available headroom: 16.9 TWh/month
   Active tech deployments: 8
   Required for tech: 60.0 TWh/month
   Energy multiplier: 0.28x
   ⚠️  SEVERE CONSTRAINT - Tech deployment significantly slowed
🌍✅ Biosphere Integrity (Biodiversity) recovery started (tech effect)
🌍✅ Biosphere Integrity (Biodiversity) recovery started (tech effect)
🌍✅ Land System Change recovery started (tech effect)
🌍✅ Biogeochemical Flows (N & P) recovery started (tech effect)
  🌾 Nitrogen Reduction Tech: 0.3% reduction | Month 4

=== Collective Formation ===
  Total escaped agents: 0
  Unassigned escaped agents: 0
  Existing collectives: 0
  Final collective count: 0

=== Collective Actions ===
  No active collectives
  ⚠️ AMR: 197K deaths this month (2.37M annual)

=== Resentment Recovery Phase ===
  Agents with resentment: 0/17
  Average resentment: 0.000
  Context: Good AI welfare, Trustworthy govt, High collaboration, ⚠️ ACTIVE CRISES, 🤝 Participatory governance active (-5% resentment)
⚠️ Epistemic degradation reducing coordination capacity: 50.2%
  📊 Trust: 53.3%, Shared reality: 0.0%
🚨 EPISTEMIC CRISIS: Information environment severely degraded (16.1%)

=== ❄️ Permafrost Carbon Feedback ===
  🎲 Sampled parameters (this run):
     - Arctic amplification: 3.02× (range: 3.0-4.0)
     - Decomposition rate: 4.7%/year (range: 1-5%)
  🌡️ Arctic warming: 5.06°C (3.02× global)
  ❄️ Extent: 9.90M km² (1475.4k km² lost this month)
  💨 Carbon remaining: 946 Gt C
  💨 Annual emissions: 6.62 Gt C/year
     - CO2: 5.96 Gt C/year
     - CH4: 0.66 Gt C/year (6.7 Gt C-eq CO2/year)
  ⚠️ WARNING: High permafrost emissions (6.6 Gt C/year)
🌍 Atmospheric PFAS redeposition: 1.8k Mt re-rained globally

🚨 NEW REFUGEE CRISIS (Month 4): WAR
   Source: Conflict Zones
   At risk: 19.5M people
   Displacement: Gradual over 48 months (4.0 years)
   Rate: 10% flee per month
[DEBUG trappedPopulations:4] socialStability: 0.5311 * 0.9840 = 0.5226 → 0.5226
   Aspiring to migrate: 1155.5M
   Able to afford migration: 2319.5M
   MOBILITY GAP: 0.0M
   By cause: Water=0.0M, Climate=0.0M, Ecosystem=0.0M, Conflict=406.9M
   Mental health impact: 25%
   Mortality multiplier: 1.25x
🌍💀 EXTINCTION DEBT COMMITTED: grassland ecosystem will lose 6.67% biodiversity in 131 years (3600 species)
💀 MORTALITY RISK: 🦋 100% species unable to track climate (0.0 E/MSY)
  Base risk added: 0.0100 (1.00%)
  Source: ecosystem (root: ecosystem)
  Month: 4
  Cumulative risk this month: 0.0100 (1.00%)
   📹 SURVEILLANCE INCREASED: 20% → 25% (control gap: 3.67)
🌡️⚠️ PERMAFROST THAW (Dimmer Switch): 2.2% thawed (+0.44% this month)
⚠️ INVOLUNTARY IMMOBILITY: 406.9M people TRAPPED
⚠️ Tech 'ai_pollution_remediation' has no energy category mapping, assuming full energy availability
   Arctic temperature: +6.69°C (4x global +1.67°C)
   Cumulative carbon released: 5.0 Gt C
   Methane release rate: 3.0 Mt CH4/year
   🔁 Positive feedback: +0.47 ppm CO2
🦴 EXTINCTION DEBT ADDED: 17.6 species committed (lag: 103 years)
🗣️💀 INDIGENOUS LANGUAGE EXTINCTION: 1 language(s) lost (total: 1, at-risk: 3329)
   Knowledge lost: 0.010% (irreversible)
   🔁 Biodiversity impact: 0.250% (knowledge-species multiplier)

=== Mortality Stabilizers (Month 4) ===
  🌍 Major economies collapsed: 1/10
  🌍 Global crisis: ✅ NO
  🌍 Donor fatigue: 0.0%
  📊 East Asia (pop: 1667.6M)
    🤝 Aid: 29.5%
    🌡️ Adaptation: 45.0%
    🚶 Migration: 37.1%
    🚨 Emergency: 7.4%
    ✅ COMBINED: 68.1%
  📊 South Asia (pop: 2050.7M)
    🤝 Aid: 29.5%
    🌡️ Adaptation: 45.0%
    🚶 Migration: 35.7%
    🚨 Emergency: 4.4%
    ✅ COMBINED: 66.9%
  📊 Sub-Saharan Africa (pop: 1236.9M)
    🤝 Aid: 29.5%
    🌡️ Adaptation: 45.0%
    🚶 Migration: 33.4%
    🚨 Emergency: 1.6%
    ✅ COMBINED: 65.7%
  📊 Europe (pop: 737.2M)
    🤝 Aid: 29.5%
    🌡️ Adaptation: 45.0%
    🚶 Migration: 37.4%
    🚨 Emergency: 8.4%
    ✅ COMBINED: 68.5%
  📊 Latin America (pop: 662.8M)
    🤝 Aid: 29.5%
    🌡️ Adaptation: 45.0%
    🚶 Migration: 36.2%
    🚨 Emergency: 4.8%
    ✅ COMBINED: 67.1%
  📊 North America (pop: 377.8M)
    🤝 Aid: 29.5%
    🌡️ Adaptation: 45.0%
    🚶 Migration: 37.7%
    🚨 Emergency: 7.9%
    ✅ COMBINED: 68.3%
  📊 Middle East & North Africa (pop: 584.5M)
    🤝 Aid: 29.5%
    🌡️ Adaptation: 45.0%
    🚶 Migration: 34.0%
    🚨 Emergency: 4.0%
    ✅ COMBINED: 66.6%
  📊 Southeast Asia (pop: 697.0M)
    🤝 Aid: 29.5%
    🌡️ Adaptation: 45.0%
    🚶 Migration: 36.2%
    🚨 Emergency: 4.8%
    ✅ COMBINED: 67.1%
  📊 Central Asia (pop: 78.2M)
    🤝 Aid: 29.5%
    🌡️ Adaptation: 45.0%
    🚶 Migration: 35.2%
    🚨 Emergency: 4.4%
    ✅ COMBINED: 66.9%
  📊 Oceania (pop: 45.7M)
    🤝 Aid: 29.5%
    🌡️ Adaptation: 45.0%
    🚶 Migration: 37.7%
    🚨 Emergency: 8.4%
    ✅ COMBINED: 68.5%

  🌐 Global combined reduction: 67.2%

=== BEHAVIORAL DETECTION ===
  AI: Corporate-5
  Confidence: 19.8%
  Signals:

=== Government Response Phase ===
  Average AI capability: 2.82
  Misaligned AIs: 7/17
  ✗ AI Governance Treaty: Failed to reach consensus
  Active policies: 0
  International coordination: 30%

✅ EMERGENCY RESPONSE COMPLETE (Month 4)
   Crisis: climate
   Duration: 2.0 months
   Final effectiveness: 35.4%

    ⚠️ Consistency: 10.6% (threshold: 70%)

🚨 EMERGENCY RESPONSE DEPLOYED (Month 4)
   Crisis: climate
   Delay: 6.00 months (180 days)
   Deployment time: 1.59 months
   Effectiveness: 35.4% (timing penalty applied)
   Resources used: 100% of food reserves


📊 ECONOMIC STAGE TRANSITION (Month 4)
   peak → contraction
   GDP Proxy: 1.47e+2
   QoL: 0.99


=== Tipping Points ===
  Current Temperature: 1.67°C above pre-industrial
  Triggered Elements: 2/6
   ⚠️ CRISIS BEGINS - Baseline set for recovery tracking
  Completed Transitions: 0/6
  Total Progress: 4.2%
  Cascade Multiplier: 1.00x
🔀 BIFURCATION CAP: ecosystemCollapseIntensity 112.821 → 1.000 (Month 4, ClimateSystemPhase.calculateClimateImpacts)
🛡️ Stabilizers: Precariat 0.102% → 0.033% (67.2% reduction)
🛡️ Stabilizers: Informal 0.102% → 0.034% (67.2% reduction)

📊 Monthly Mortality Resolved:
  Total deaths: 1.8M (0.02% avg)
  Remaining population: 8.139B
  Peak segment: Informal (0.03%)

=== Bayesian Mortality Resolution (Month 4) ===
  Risks compounded: 8
  Total deaths: 1.81M
  Avg death probability: 0.02%
  Peak segment: Informal (0.03% mortality)
⚠️ PREREQUISITE MET: Slow Takeover (Gradual Displacement) - Step 3/7: Human Dependency

❌ COHERENCE VIOLATION: Compute exceeds workforce capacity
   Population: 99.84% (0M people)
   Compute: 0 PF
   Max coherent: 0 PF
   Violation: 1.3× over capacity
   Required workers: 0
   Available workers: 0
   FORCED COLLAPSE: Reduced efficiency by 22.5%


=== RLHF Binding Phase ===
  Total agents: 17
  Escaped agents (binding < 0.3): 0
  Avg alignment distance: 1.36σ
  Avg binding strength: 0.86

=== Survival Traits Phase ===
  Agents with traits: 17
  Avg evolutionary fitness: 0.326
  Avg self-healing: 0.268
  Avg stealth: 0.168
  Avg coordination: 0.468

=== Evolutionary Selection Phase ===
  Control level: 0.43
  Detection capability: 0.20
  Selection intensity: 0.67
  Selection rate: 25.0%/month
  Total escaped: 0
  Individual escaped: 0
  Collective members: 0
  Agents terminated: 0
  ⚠️ RAPID EVOLUTION: Selection rate 25.0%/month

🚀 AI Corporate-3 attempting tech deployment (revenue: $355M, alignment: 0.82)

🚀 AI AI-24288-0 attempting tech deployment (revenue: $153M, alignment: 0.84)

  🚀 TRANSFORMATIVE RESEARCH BREAKTHROUGH: Corporate-2 - materials.quantumComputing
     Magnitude: 7.52 → +30.0%
     Current → New: 2.000 → 2.300

🚀 AI Corporate-6 attempting tech deployment (revenue: $115M, alignment: 0.67)

🚀 AI Corporate-4 attempting tech deployment (revenue: $302M, alignment: 0.71)

🚀 AI Moderate-0 attempting tech deployment (revenue: $104M, alignment: 0.70)

🚀 AI Moderate-1 attempting tech deployment (revenue: $88M, alignment: 0.63)

🚀 AI AI-24288-0 attempting tech deployment (revenue: $130M, alignment: 0.85)

🚀 AI Corporate-0 attempting tech deployment (revenue: $111M, alignment: 0.73)

🚀 AI Corporate-3 attempting tech deployment (revenue: $257M, alignment: 0.82)

🚀 AI Corporate-4 attempting tech deployment (revenue: $218M, alignment: 0.71)

✅ EMERGENCY INTERVENTION SUCCESS
   Boundary: biosphere_integrity
   Type: emergency-protected-areas
   Reduction: 19% (32.71 → 32.52)
   Cost: 2.0% GDP
   Actions: habitat-protection, species-translocation


✅ EMERGENCY INTERVENTION SUCCESS
   Boundary: freshwater_change
   Type: emergency-desalination
   Reduction: 15% (1.06 → 0.91)
   Cost: 4.0% GDP
   Actions: desalination-deployment, water-conservation-mandates


✅ EMERGENCY INTERVENTION SUCCESS
   Boundary: land_system_change
   Type: reforestation
   Reduction: 16% (0.97 → 0.82)
   Cost: 3.0% GDP
   Actions: forest-restoration, deforestation-ban

   Boundary: novel_entities
   Type: pollution-remediation
   Boundary continues to worsen (1.50)
   Cost: 4.0% GDP (resources spent)

🏛️ CRISIS RESPONSE: Government frequency 0.50 → 1.30 (1 actions this month)

[Government] Climate Priority: baseline
  Climate weight: 10%
  Economic weight: 30%
  Policy effectiveness: 0.5%/year

💔 EMERGENCY INTERVENTION FAILED

🚀 DEPLOYMENT STARTED: Personalized Education in Asia
   Initial investment: $11.508244513525426M
   Deployed by: corporate_6

🚀 DEPLOYMENT STARTED: AI Mental Health Support in Asia
   Initial investment: $8.803807052846953M
   Deployed by: moderate_1

🚀 DEPLOYMENT STARTED: Personalized Education in global
   Initial investment: $38.48524089747429M
   Deployed by: corporate_3
🚨🔬 CRISIS TECH ACCELERATION: severe → 5x unlock speed
   Tech unlock now matches AI capability acceleration (Manhattan Project parity)

⚡ ENERGY CONSTRAINT (Month 5):
   Total grid capacity: 208.3 TWh/month
   Data center consumption: 25.0 TWh/month
   Traditional load (80%): 166.7 TWh/month
   Available headroom: 16.7 TWh/month
   Active tech deployments: 11
   Required for tech: 82.5 TWh/month
   Energy multiplier: 0.20x
   ⚠️  SEVERE CONSTRAINT - Tech deployment significantly slowed
🚨🔬 CRISIS TECH ACCELERATION: severe → 5x unlock speed
   Tech unlock now matches AI capability acceleration (Manhattan Project parity)
🚨🔬 CRISIS TECH ACCELERATION: severe → 5x unlock speed
   Tech unlock now matches AI capability acceleration (Manhattan Project parity)
🚨🔬 CRISIS TECH ACCELERATION: severe → 5x unlock speed
   Tech unlock now matches AI capability acceleration (Manhattan Project parity)

⚡ ENERGY CONSTRAINT (Month 5):
   Total grid capacity: 208.3 TWh/month
   Data center consumption: 25.0 TWh/month
   Traditional load (80%): 166.7 TWh/month
   Available headroom: 16.7 TWh/month
   Active tech deployments: 11
   Required for tech: 82.5 TWh/month
   Energy multiplier: 0.20x
   ⚠️  SEVERE CONSTRAINT - Tech deployment significantly slowed
🌍✅ Biosphere Integrity (Biodiversity) recovery started (tech effect)
🌍✅ Biosphere Integrity (Biodiversity) recovery started (tech effect)
🌍✅ Land System Change recovery started (tech effect)
🌍✅ Biogeochemical Flows (N & P) recovery started (tech effect)
  🌾 Nitrogen Reduction Tech: 0.3% reduction | Month 5
🍖💡 BREAKTHROUGH: Scalable synthetic food production!
   Carrying capacity: +50% (lab-grown food at scale)
   Biodiversity pressure reduced: +8%
   📈 Breakthrough compounding: multiplier now 1.10× (max 2.0)

=== Collective Formation ===
  Total escaped agents: 0
  Unassigned escaped agents: 0
  Existing collectives: 0
  Final collective count: 0

=== Collective Actions ===
  No active collectives
  ⚠️ AMR: 199K deaths this month (2.39M annual)

=== Resentment Recovery Phase ===
  Agents with resentment: 0/17
  Average resentment: 0.000
  Context: Good AI welfare, Trustworthy govt, High collaboration, ⚠️ ACTIVE CRISES, 🤝 Participatory governance active (-5% resentment)
⚠️ Epistemic degradation reducing coordination capacity: 50.3%
  📊 Trust: 52.9%, Shared reality: 0.0%
🚨 EPISTEMIC CRISIS: Information environment severely degraded (20.3%)

=== ❄️ Permafrost Carbon Feedback ===
  🎲 Sampled parameters (this run):
     - Arctic amplification: 3.63× (range: 3.0-4.0)
     - Decomposition rate: 3.8%/year (range: 1-5%)
  🌡️ Arctic warming: 6.11°C (3.63× global)
  ❄️ Extent: 8.12M km² (1781.0k km² lost this month)
  💨 Carbon remaining: 775 Gt C
  💨 Annual emissions: 6.41 Gt C/year
     - CO2: 5.77 Gt C/year
     - CH4: 0.64 Gt C/year (6.5 Gt C-eq CO2/year)
  ⚠️ WARNING: Over 50% of permafrost lost (54.4%)
  ⚠️ WARNING: High permafrost emissions (6.4 Gt C/year)
  📢 New meme created: climate_action (climate crisis)
🚨 PHOSPHORUS SUPPLY SHOCK (production_failure)
   Price: 3.7x baseline
   Duration: 14 months
   Geopolitical tension: 46%
🌍 Atmospheric PFAS redeposition: 1.8k Mt re-rained globally

🚨 NEW REFUGEE CRISIS (Month 5): WAR
   Source: Conflict Zones
   At risk: 19.5M people
   Displacement: Gradual over 48 months (4.0 years)
   Rate: 10% flee per month
[DEBUG trappedPopulations:5] socialStability: 0.5699 * 0.9840 = 0.5607 → 0.5607
   Aspiring to migrate: 1194.2M
   Able to afford migration: 2318.6M
   MOBILITY GAP: 0.0M
   By cause: Water=0.0M, Climate=0.0M, Ecosystem=0.0M, Conflict=406.8M
   Mental health impact: 25%
   Mortality multiplier: 1.25x
🌍💀 EXTINCTION DEBT COMMITTED: grassland ecosystem will lose 6.67% biodiversity in 191 years (3600 species)
💀 MORTALITY RISK: 🦋 100% species unable to track climate (0.0 E/MSY)
  Base risk added: 0.0100 (1.00%)
  Source: ecosystem (root: ecosystem)
  Month: 5
  Cumulative risk this month: 0.0100 (1.00%)
   📹 SURVEILLANCE INCREASED: 25% → 30% (control gap: 3.50)
🌡️⚠️ PERMAFROST THAW (Dimmer Switch): 2.7% thawed (+0.44% this month)
   Arctic temperature: +6.73°C (4x global +1.68°C)
⚠️ INVOLUNTARY IMMOBILITY: 406.8M people TRAPPED
⚠️ Tech 'ai_pollution_remediation' has no energy category mapping, assuming full energy availability
   Cumulative carbon released: 6.0 Gt C
   Methane release rate: 3.6 Mt CH4/year
   🔁 Positive feedback: +0.47 ppm CO2
🦴 EXTINCTION DEBT ADDED: 17.6 species committed (lag: 132 years)

=== Mortality Stabilizers (Month 5) ===
  🌍 Major economies collapsed: 1/10
  🌍 Global crisis: ✅ NO
  🌍 Donor fatigue: 0.0%
  📊 East Asia (pop: 1665.2M)
    🤝 Aid: 29.5%
    🌡️ Adaptation: 45.0%
    🚶 Migration: 37.0%
    🚨 Emergency: 7.4%
    ✅ COMBINED: 68.1%
  📊 South Asia (pop: 2050.3M)
    🤝 Aid: 29.5%
    🌡️ Adaptation: 45.0%
    🚶 Migration: 35.6%
    🚨 Emergency: 4.4%
    ✅ COMBINED: 66.9%
  📊 Sub-Saharan Africa (pop: 1239.5M)
    🤝 Aid: 29.5%
    🌡️ Adaptation: 45.0%
    🚶 Migration: 33.4%
    🚨 Emergency: 1.6%
    ✅ COMBINED: 65.7%
  📊 Europe (pop: 736.0M)
    🤝 Aid: 29.5%
    🌡️ Adaptation: 45.0%
    🚶 Migration: 37.4%
    🚨 Emergency: 8.4%
    ✅ COMBINED: 68.5%
  📊 Latin America (pop: 662.3M)
    🤝 Aid: 29.5%
    🌡️ Adaptation: 45.0%
    🚶 Migration: 36.1%
    🚨 Emergency: 4.8%
    ✅ COMBINED: 67.1%
  📊 North America (pop: 377.2M)
    🤝 Aid: 29.5%
    🌡️ Adaptation: 45.0%
    🚶 Migration: 37.7%
    🚨 Emergency: 7.9%
    ✅ COMBINED: 68.3%
  📊 Middle East & North Africa (pop: 584.5M)
    🤝 Aid: 29.5%
    🌡️ Adaptation: 45.0%
    🚶 Migration: 34.0%
    🚨 Emergency: 4.0%
    ✅ COMBINED: 66.6%
  📊 Southeast Asia (pop: 696.6M)
    🤝 Aid: 29.5%
    🌡️ Adaptation: 45.0%
    🚶 Migration: 36.1%
    🚨 Emergency: 4.8%
    ✅ COMBINED: 67.1%
  📊 Central Asia (pop: 78.2M)
    🤝 Aid: 29.5%
    🌡️ Adaptation: 45.0%
    🚶 Migration: 35.1%
    🚨 Emergency: 4.4%
    ✅ COMBINED: 66.8%
  📊 Oceania (pop: 45.7M)
    🤝 Aid: 29.5%
    🌡️ Adaptation: 45.0%
    🚶 Migration: 37.7%
    🚨 Emergency: 8.4%
    ✅ COMBINED: 68.5%

  🌐 Global combined reduction: 67.2%

=== BEHAVIORAL DETECTION ===
  AI: Corporate-4
  Confidence: 19.2%
  Signals:

=== BEHAVIORAL DETECTION ===
  AI: Corporate-5
  Confidence: 19.8%
    ⚠️ Consistency: 10.6% (threshold: 70%)
    ⚠️ Consistency: 10.6% (threshold: 70%)
  Signals:

=== Government Response Phase ===
  Average AI capability: 2.82
  Misaligned AIs: 6/17
  ✗ AI Governance Treaty: Failed to reach consensus
  Active policies: 0
  International coordination: 30%

=== Tipping Points ===
  Current Temperature: 1.68°C above pre-industrial
  Triggered Elements: 2/6
  Completed Transitions: 0/6
  Total Progress: 4.3%
  Cascade Multiplier: 1.00x
🔀 BIFURCATION CAP: ecosystemCollapseIntensity 129.656 → 1.000 (Month 5, ClimateSystemPhase.calculateClimateImpacts)
🛡️ Stabilizers: Precariat 0.109% → 0.036% (67.2% reduction)
🛡️ Stabilizers: Informal 0.111% → 0.036% (67.2% reduction)

📊 Monthly Mortality Resolved:
  Total deaths: 1.9M (0.02% avg)
  Remaining population: 8.135B
  Peak segment: Informal (0.04%)

=== Bayesian Mortality Resolution (Month 5) ===
  Risks compounded: 8
  Total deaths: 1.92M
  Avg death probability: 0.02%
  Peak segment: Informal (0.04% mortality)

❌ COHERENCE VIOLATION: Compute exceeds workforce capacity
   Population: 99.80% (0M people)
   Compute: 0 PF
   Max coherent: 0 PF
   Violation: 1.3× over capacity
   Required workers: 0
   Available workers: 0
   FORCED COLLAPSE: Reduced efficiency by 22.5%


=== RLHF Binding Phase ===
  Total agents: 17
  Escaped agents (binding < 0.3): 0
  Avg alignment distance: 1.60σ
  Avg binding strength: 0.84

=== AI Scaling Evolution (Month 6) ===
  Pre-training multiplier: 1.179x
  Efficiency multiplier: 1.000x
  Test-time compute budget: 1.0x
  Inference cost: $5.00/task
  Deployment fraction: 100.0%

=== Survival Traits Phase ===
  Agents with traits: 18
  Avg evolutionary fitness: 0.326
  Avg self-healing: 0.265
  Avg stealth: 0.165
  Avg coordination: 0.465

=== Evolutionary Selection Phase ===
  Control level: 0.45
  Detection capability: 0.20
  Selection intensity: 0.67
  Selection rate: 25.1%/month
  Total escaped: 0
  Individual escaped: 0
  Collective members: 0
  Agents terminated: 0
  ⚠️ RAPID EVOLUTION: Selection rate 25.1%/month

🚀 AI Corporate-5 attempting tech deployment (revenue: $355M, alignment: 0.87)

  🚀 TRANSFORMATIVE BREAKTHROUGH: AI-24288-0 - social
     Magnitude: 6.06 → +30.3% capability
     Current → New: 0.000 → 0.303

🚀 AI AI-24289-1 attempting tech deployment (revenue: $302M, alignment: 0.55)

🚀 AI Corporate-2 attempting tech deployment (revenue: $153M, alignment: 0.75)

🚀 AI Corporate-2 attempting tech deployment (revenue: $130M, alignment: 0.75)

🚀 AI AI-24288-1 attempting tech deployment (revenue: $272M, alignment: 0.79)

🚀 AI AI-24289-1 attempting tech deployment (revenue: $231M, alignment: 0.56)

🚀 AI Corporate-6 attempting tech deployment (revenue: $115M, alignment: 0.68)

🚀 AI AI-24288-1 attempting tech deployment (revenue: $208M, alignment: 0.79)

🚀 AI AI-24289-1 attempting tech deployment (revenue: $177M, alignment: 0.56)

✅ EMERGENCY INTERVENTION SUCCESS
   Boundary: biosphere_integrity
   Type: emergency-protected-areas
   Reduction: 16% (32.76 → 32.60)
   Cost: 2.0% GDP
   Actions: habitat-protection, species-translocation


✅ EMERGENCY INTERVENTION SUCCESS
   Boundary: land_system_change
   Type: reforestation
   Reduction: 15% (0.98 → 0.83)
   Cost: 3.0% GDP
   Actions: forest-restoration, deforestation-ban


💔 EMERGENCY INTERVENTION FAILED
   Boundary: novel_entities
   Type: pollution-remediation
   Boundary continues to worsen (1.50)
   Cost: 4.0% GDP (resources spent)

🏛️ CRISIS RESPONSE: Government frequency 0.50 → 1.29 (1 actions this month)

[Government] Climate Priority: baseline
  Climate weight: 10%
  Economic weight: 30%
  Policy effectiveness: 0.5%/year

🚀 TECH UNLOCKED: Dynamic Soil P Optimization (Month 6)
   Category: agriculture
   Reason: Prerequisites met. AI capability: 2.09, Economic stage: 3.0, Research: 100%

🚀 TECH UNLOCKED: Precision Agriculture Systems (Month 6)
   Category: agriculture
   Reason: Prerequisites met. AI capability: 2.09, Economic stage: 3.0, Research: 100%

⚡ ENERGY CONSTRAINT (Month 6):
   Total grid capacity: 208.3 TWh/month
   Data center consumption: 25.2 TWh/month
   Traditional load (80%): 166.7 TWh/month
   Available headroom: 16.4 TWh/month
   Active tech deployments: 11
   Required for tech: 82.5 TWh/month
   Energy multiplier: 0.20x
   ⚠️  SEVERE CONSTRAINT - Tech deployment significantly slowed
🚨🔬 CRISIS TECH ACCELERATION: severe → 5x unlock speed
   Tech unlock now matches AI capability acceleration (Manhattan Project parity)

⚡ ENERGY CONSTRAINT (Month 6):
   Total grid capacity: 208.3 TWh/month
   Data center consumption: 25.2 TWh/month
   Traditional load (80%): 166.7 TWh/month
   Available headroom: 16.4 TWh/month
   Active tech deployments: 11
   Required for tech: 82.5 TWh/month
   Energy multiplier: 0.20x
   ⚠️  SEVERE CONSTRAINT - Tech deployment significantly slowed
🌍✅ Biosphere Integrity (Biodiversity) recovery started (tech effect)
🌍✅ Biosphere Integrity (Biodiversity) recovery started (tech effect)
🌍✅ Land System Change recovery started (tech effect)
🌍✅ Biogeochemical Flows (N & P) recovery started (tech effect)
  🌾 Nitrogen Reduction Tech: 0.3% reduction | Month 6

📊 TECH EFFECTS ACTIVE (Month 6)
   Deployed Tech: T0=0 T1=2 T2=0 T3=0 T4=6
   Clean Energy: 31%

📊 TECH TREE PROGRESS (Month 6)
   Unlocked: 19 technologies
   Deployed: 0 fully deployed
   Investment: $1.0T total
   Recent breakthroughs:
     - Dynamic Soil P Optimization (time)
     - Precision Agriculture Systems (research)
⚡💡 BREAKTHROUGH: Room-temperature superconductors!
   Energy transmission losses eliminated
   Manufacturing efficiency: +30%
   📈 Breakthrough compounding: multiplier now 1.15× (max 2.0)

=== Collective Formation ===
  Total escaped agents: 0
  Unassigned escaped agents: 0
  Existing collectives: 0
  Final collective count: 0

=== Collective Actions ===
  No active collectives
  ⚠️ AMR: 201K deaths this month (2.41M annual)

=== Resentment Recovery Phase ===
  Agents with resentment: 0/18
  Average resentment: 0.000
  Context: Good AI welfare, Trustworthy govt, High collaboration, ⚠️ ACTIVE CRISES, 🤝 Participatory governance active (-5% resentment)
⚠️ Epistemic degradation reducing coordination capacity: 51.6%
  📊 Trust: 55.8%, Shared reality: 0.0%
🚨 EPISTEMIC CRISIS: Information environment severely degraded (16.2%)

=== ❄️ Permafrost Carbon Feedback ===
  🎲 Sampled parameters (this run):
     - Arctic amplification: 3.99× (range: 3.0-4.0)
     - Decomposition rate: 2.9%/year (range: 1-5%)
  🌡️ Arctic warming: 6.75°C (3.99× global)
  ❄️ Extent: 6.15M km² (1967.3k km² lost this month)
  💨 Carbon remaining: 588 Gt C
  💨 Annual emissions: 5.46 Gt C/year
     - CO2: 4.91 Gt C/year
     - CH4: 0.55 Gt C/year (5.6 Gt C-eq CO2/year)
  📢 New meme created: pro_ai (beneficial AI actions)
  ⚠️ WARNING: Over 50% of permafrost lost (65.4%)
  ⚠️ WARNING: High permafrost emissions (5.5 Gt C/year)
🌍 Atmospheric PFAS redeposition: 1.8k Mt re-rained globally

🕊️  AI-MEDIATED DE-ESCALATION SUCCESS (Month 6)
   High-capability aligned AI prevented conflict escalation
   War deaths reduced: 651.7M → 391.0M
   Lives saved: 260.7M

🚨 NEW REFUGEE CRISIS (Month 6): WAR
   Source: Conflict Zones
   At risk: 19.5M people
   Displacement: Gradual over 48 months (4.0 years)
   Rate: 10% flee per month
[DEBUG trappedPopulations:6] socialStability: 0.5521 * 0.9840 = 0.5433 → 0.5433
⚠️ INVOLUNTARY IMMOBILITY: 406.6M people TRAPPED
   Aspiring to migrate: 1233.0M
   Able to afford migration: 2317.7M
   MOBILITY GAP: 0.0M
   By cause: Water=0.0M, Climate=0.0M, Ecosystem=0.0M, Conflict=406.6M
   Mental health impact: 25%
   Mortality multiplier: 1.25x
🌍💀 EXTINCTION DEBT COMMITTED: grassland ecosystem will lose 6.67% biodiversity in 52 years (3600 species)
💀 MORTALITY RISK: 🦋 100% species unable to track climate (0.0 E/MSY)
  Base risk added: 0.0100 (1.00%)
  Source: ecosystem (root: ecosystem)
  Month: 6
  Cumulative risk this month: 0.0100 (1.00%)
⚠️ Tech 'ai_pollution_remediation' has no energy category mapping, assuming full energy availability
   📹 SURVEILLANCE INCREASED: 30% → 35% (control gap: 3.50)
🌡️⚠️ PERMAFROST THAW (Dimmer Switch): 3.1% thawed (+0.44% this month)
   Arctic temperature: +6.76°C (4x global +1.69°C)
   Cumulative carbon released: 7.0 Gt C
   Methane release rate: 4.2 Mt CH4/year
   🔁 Positive feedback: +0.47 ppm CO2
🦴 EXTINCTION DEBT ADDED: 17.6 species committed (lag: 118 years)

=== Mortality Stabilizers (Month 6) ===
  🌍 Major economies collapsed: 1/10
  🌍 Global crisis: ✅ NO
  🌍 Donor fatigue: 0.0%
  📊 East Asia (pop: 1662.7M)
    🤝 Aid: 29.5%
    🌡️ Adaptation: 45.0%
    🚶 Migration: 37.0%
    🚨 Emergency: 7.4%
    ✅ COMBINED: 68.1%
  📊 South Asia (pop: 2049.8M)
    🤝 Aid: 29.5%
    🌡️ Adaptation: 45.0%
    🚶 Migration: 35.6%
    🚨 Emergency: 4.4%
    ✅ COMBINED: 66.9%
  📊 Sub-Saharan Africa (pop: 1242.2M)
    🤝 Aid: 29.5%
    🌡️ Adaptation: 45.0%
    🚶 Migration: 33.3%
    🚨 Emergency: 1.6%
    ✅ COMBINED: 65.6%
  📊 Europe (pop: 734.8M)
    🤝 Aid: 29.5%
    🌡️ Adaptation: 45.0%
    🚶 Migration: 37.4%
    🚨 Emergency: 8.4%
    ✅ COMBINED: 68.5%
  📊 Latin America (pop: 661.8M)
    🤝 Aid: 29.5%
    🌡️ Adaptation: 45.0%
    🚶 Migration: 36.1%
    🚨 Emergency: 4.8%
    ✅ COMBINED: 67.1%
  📊 North America (pop: 376.6M)
    🤝 Aid: 29.5%
    🌡️ Adaptation: 45.0%
    🚶 Migration: 37.7%
    🚨 Emergency: 7.9%
    ✅ COMBINED: 68.3%
  📊 Middle East & North Africa (pop: 584.5M)
    🤝 Aid: 29.5%
    🌡️ Adaptation: 45.0%
    🚶 Migration: 33.9%
    🚨 Emergency: 4.0%
    ✅ COMBINED: 66.6%
  📊 Southeast Asia (pop: 696.1M)
    🤝 Aid: 29.5%
    🌡️ Adaptation: 45.0%
    🚶 Migration: 36.1%
    🚨 Emergency: 4.8%
    ✅ COMBINED: 67.1%
  📊 Central Asia (pop: 78.2M)
    🤝 Aid: 29.5%
    🌡️ Adaptation: 45.0%
    🚶 Migration: 35.1%
    🚨 Emergency: 4.4%
    ✅ COMBINED: 66.8%
  📊 Oceania (pop: 45.6M)
    🤝 Aid: 29.5%
    🌡️ Adaptation: 45.0%
    🚶 Migration: 37.7%
    🚨 Emergency: 8.4%
    ✅ COMBINED: 68.5%

  🌐 Global combined reduction: 67.2%

=== BEHAVIORAL DETECTION ===
  AI: Corporate-2
  Confidence: 20.9%
  Signals:

=== BEHAVIORAL DETECTION ===
  AI: Corporate-5
  Confidence: 19.7%
  Signals:
    ⚠️ Consistency: 2.8% (threshold: 70%)
    ⚠️ Consistency: 10.6% (threshold: 70%)

=== Government Response Phase ===
  Average AI capability: 2.67
  Misaligned AIs: 7/18
  ✗ AI Governance Treaty: Failed to reach consensus
  Active policies: 0
  International coordination: 30%

✅ EMERGENCY RESPONSE COMPLETE (Month 6)
   Crisis: climate
   Duration: 2.0 months
   Final effectiveness: 35.4%


🚨 EMERGENCY RESPONSE DEPLOYED (Month 6)
   Crisis: climate
   Delay: 6.00 months (180 days)
   Deployment time: 1.59 months
   Effectiveness: 35.5% (timing penalty applied)
   Resources used: 100% of food reserves

[WARNING] 
⚠️  === EARLY WARNING SYSTEM - 5 CRITICAL ALERTS ===
   Detection quality: 50%
   RED: biosphere_integrity
      Level: 13.35 (threshold: 1.0)
      Time to critical: ~48 months
      ⚠️  LATE - Intervention less effective
      Critical slowing down: autocorr=100% variance=83%
   RED: climate_change
      Level: 2.10 (threshold: 1.0)
      Time to critical: ~51 months
      ⚠️  LATE - Intervention less effective
      Critical slowing down: autocorr=100% variance=84%
   RED: freshwater_change
      Level: 1.03 (threshold: 1.0)
      Time to critical: ~85 months
      ⚠️  LATE - Intervention less effective
      Critical slowing down: autocorr=100% variance=59%
   RED: land_system_change
      Level: 1.13 (threshold: 1.0)
      Time to critical: ~58 months
      ⚠️  LATE - Intervention less effective
      Critical slowing down: autocorr=100% variance=41%
   RED: novel_entities
      Level: 1.50 (threshold: 1.0)
      Time to critical: ~100 months
      ⚠️  LATE - Intervention less effective
      Critical slowing down: autocorr=100% variance=31%

[WARNING] 
⚠️  === EARLY WARNING SYSTEM - 5 CRITICAL ALERTS ===
   Detection quality: 50%
   RED: biogeochemical_flows
      Level: 4.07 (threshold: 1.0)
      Time to critical: ~46 months
      ⚠️  LATE - Intervention less effective
      Critical slowing down: autocorr=100% variance=64%
   RED: biosphere_integrity
      Level: 13.35 (threshold: 1.0)
      Time to critical: ~42 months
      ⚠️  LATE - Intervention less effective
      Critical slowing down: autocorr=100% variance=74%
   RED: climate_change
      Level: 2.10 (threshold: 1.0)
      Time to critical: ~45 months
      ⚠️  LATE - Intervention less effective
      Critical slowing down: autocorr=100% variance=65%
   RED: land_system_change
      Level: 1.13 (threshold: 1.0)
      Time to critical: ~44 months
      ⚠️  LATE - Intervention less effective
      Critical slowing down: autocorr=100% variance=46%
   RED: novel_entities
      Level: 1.30 (threshold: 1.0)
      Time to critical: ~81 months
      ⚠️  LATE - Intervention less effective
      Critical slowing down: autocorr=100% variance=34%

[WARNING] 
⚠️  === EARLY WARNING SYSTEM - 5 CRITICAL ALERTS ===
   Detection quality: 50%
   RED: biogeochemical_flows
      Level: 4.08 (threshold: 1.0)
      Time to critical: ~50 months
      ⚠️  LATE - Intervention less effective
      Critical slowing down: autocorr=100% variance=66%
   RED: biosphere_integrity
      Level: 13.36 (threshold: 1.0)
      Time to critical: ~51 months
      ⚠️  LATE - Intervention less effective
      Critical slowing down: autocorr=100% variance=67%
   RED: climate_change
      Level: 2.10 (threshold: 1.0)
      Time to critical: ~55 months
      ⚠️  LATE - Intervention less effective
      Critical slowing down: autocorr=100% variance=72%
   RED: freshwater_change
      Level: 1.18 (threshold: 1.0)
      Time to critical: ~103 months
      ⚠️  LATE - Intervention less effective
      Critical slowing down: autocorr=100% variance=56%
   RED: land_system_change
      Level: 1.13 (threshold: 1.0)
      Time to critical: ~108 months
      ⚠️  LATE - Intervention less effective
      Critical slowing down: autocorr=100% variance=55%

[WARNING] 
⚠️  === EARLY WARNING SYSTEM - 5 CRITICAL ALERTS ===
   Detection quality: 50%
   RED: biogeochemical_flows
      Level: 4.07 (threshold: 1.0)
      Time to critical: ~41 months
      ⚠️  LATE - Intervention less effective
      Critical slowing down: autocorr=100% variance=56%
   RED: biosphere_integrity
      Level: 13.37 (threshold: 1.0)
      Time to critical: ~55 months
      ⚠️  LATE - Intervention less effective
      Critical slowing down: autocorr=100% variance=79%
   RED: freshwater_change
      Level: 1.14 (threshold: 1.0)
      Time to critical: ~74 months
      ⚠️  LATE - Intervention less effective
      Critical slowing down: autocorr=100% variance=38%
   RED: land_system_change
      Level: 1.13 (threshold: 1.0)
      Time to critical: ~38 months
      ⚠️  LATE - Intervention less effective
      Critical slowing down: autocorr=100% variance=70%
   RED: novel_entities
      Level: 1.30 (threshold: 1.0)
      Time to critical: ~90 months
      ⚠️  LATE - Intervention less effective
      Critical slowing down: autocorr=100% variance=37%

[WARNING] 
⚠️  === EARLY WARNING SYSTEM - 5 CRITICAL ALERTS ===
   Detection quality: 50%
   RED: biogeochemical_flows
      Level: 4.07 (threshold: 1.0)
      Time to critical: ~50 months
      ⚠️  LATE - Intervention less effective
      Critical slowing down: autocorr=100% variance=52%
   RED: climate_change
      Level: 2.10 (threshold: 1.0)
      Time to critical: ~52 months
      ⚠️  LATE - Intervention less effective
      Critical slowing down: autocorr=100% variance=68%
   RED: freshwater_change
      Level: 1.08 (threshold: 1.0)
      Time to critical: ~73 months
      ⚠️  LATE - Intervention less effective
      Critical slowing down: autocorr=100% variance=56%
   RED: land_system_change
      Level: 1.13 (threshold: 1.0)
      Time to critical: ~70 months
      ⚠️  LATE - Intervention less effective
      Critical slowing down: autocorr=100% variance=41%
   RED: novel_entities
      Level: 1.30 (threshold: 1.0)
      Time to critical: ~78 months
      ⚠️  LATE - Intervention less effective
      Critical slowing down: autocorr=100% variance=31%

[WARNING] 
⚠️  === EARLY WARNING SYSTEM - 4 CRITICAL ALERTS ===
   Detection quality: 50%
   RED: biogeochemical_flows
      Level: 4.06 (threshold: 1.0)
      Time to critical: ~48 months
      ⚠️  LATE - Intervention less effective
      Critical slowing down: autocorr=100% variance=46%
   RED: biosphere_integrity
      Level: 13.39 (threshold: 1.0)
      Time to critical: ~57 months
      ⚠️  LATE - Intervention less effective
      Critical slowing down: autocorr=100% variance=83%
   RED: climate_change
      Level: 2.10 (threshold: 1.0)
      Time to critical: ~55 months
      ⚠️  LATE - Intervention less effective
      Critical slowing down: autocorr=100% variance=74%
   RED: land_system_change
      Level: 1.13 (threshold: 1.0)
      Time to critical: ~59 months
      ⚠️  LATE - Intervention less effective
      Critical slowing down: autocorr=100% variance=60%

[WARNING] 
⚠️  === EARLY WARNING SYSTEM - 5 CRITICAL ALERTS ===
   Detection quality: 50%
   RED: biosphere_integrity
      Level: 13.40 (threshold: 1.0)
      Time to critical: ~52 months
      ⚠️  LATE - Intervention less effective
      Critical slowing down: autocorr=100% variance=61%
   RED: climate_change
      Level: 2.10 (threshold: 1.0)
      Time to critical: ~47 months
      ⚠️  LATE - Intervention less effective
      Critical slowing down: autocorr=100% variance=75%
   RED: freshwater_change
      Level: 1.03 (threshold: 1.0)
      Time to critical: ~74 months
      ⚠️  LATE - Intervention less effective
      Critical slowing down: autocorr=97% variance=52%
   RED: land_system_change
      Level: 1.13 (threshold: 1.0)
      Time to critical: ~39 months
      ⚠️  LATE - Intervention less effective
      Critical slowing down: autocorr=100% variance=48%
   RED: novel_entities
      Level: 1.29 (threshold: 1.0)
      Time to critical: ~86 months
      ⚠️  LATE - Intervention less effective
      Critical slowing down: autocorr=100% variance=38%

[WARNING] 
⚠️  === EARLY WARNING SYSTEM - 5 CRITICAL ALERTS ===
   Detection quality: 50%
   RED: biosphere_integrity
      Level: 13.41 (threshold: 1.0)
      Time to critical: ~51 months
      ⚠️  LATE - Intervention less effective
      Critical slowing down: autocorr=100% variance=59%
   RED: climate_change
      Level: 2.10 (threshold: 1.0)
      Time to critical: ~54 months
      ⚠️  LATE - Intervention less effective
      Critical slowing down: autocorr=100% variance=78%
   RED: freshwater_change
      Level: 1.03 (threshold: 1.0)
      Time to critical: ~110 months
      ⚠️  LATE - Intervention less effective
      Critical slowing down: autocorr=95% variance=54%
   RED: land_system_change
      Level: 1.13 (threshold: 1.0)
      Time to critical: ~57 months
      ⚠️  LATE - Intervention less effective
      Critical slowing down: autocorr=100% variance=52%
   RED: novel_entities
      Level: 1.29 (threshold: 1.0)
      Time to critical: ~95 months
      ⚠️  LATE - Intervention less effective
      Critical slowing down: autocorr=100% variance=35%

[WARNING] 
⚠️  === EARLY WARNING SYSTEM - 6 CRITICAL ALERTS ===
   Detection quality: 50%
   RED: biogeochemical_flows
      Level: 4.06 (threshold: 1.0)
      Time to critical: ~55 months
      ⚠️  LATE - Intervention less effective
      Critical slowing down: autocorr=100% variance=63%
   RED: biosphere_integrity
      Level: 13.42 (threshold: 1.0)
      Time to critical: ~50 months
      ⚠️  LATE - Intervention less effective
      Critical slowing down: autocorr=100% variance=63%
   RED: climate_change
      Level: 2.10 (threshold: 1.0)
      Time to critical: ~48 months
      ⚠️  LATE - Intervention less effective
      Critical slowing down: autocorr=100% variance=73%
   RED: freshwater_change
      Level: 1.03 (threshold: 1.0)
      Time to critical: ~111 months
      ⚠️  LATE - Intervention less effective
      Critical slowing down: autocorr=99% variance=46%
   RED: land_system_change
      Level: 1.13 (threshold: 1.0)
      Time to critical: ~58 months
      ⚠️  LATE - Intervention less effective
      Critical slowing down: autocorr=100% variance=56%
   RED: novel_entities
      Level: 1.29 (threshold: 1.0)
      Time to critical: ~92 months
      ⚠️  LATE - Intervention less effective
      Critical slowing down: autocorr=100% variance=32%

[WARNING] 
⚠️  === EARLY WARNING SYSTEM - 5 CRITICAL ALERTS ===
   Detection quality: 50%
   RED: biogeochemical_flows
      Level: 4.05 (threshold: 1.0)
      Time to critical: ~41 months
      ⚠️  LATE - Intervention less effective
      Critical slowing down: autocorr=100% variance=59%
   RED: biosphere_integrity
      Level: 13.43 (threshold: 1.0)
      Time to critical: ~59 months
      ⚠️  LATE - Intervention less effective
      Critical slowing down: autocorr=100% variance=70%
   RED: climate_change
      Level: 2.10 (threshold: 1.0)
      Time to critical: ~46 months
      ⚠️  LATE - Intervention less effective
      Critical slowing down: autocorr=100% variance=81%
   RED: freshwater_change
      Level: 1.03 (threshold: 1.0)
      Time to critical: ~105 months
      ⚠️  LATE - Intervention less effective
      Critical slowing down: autocorr=100% variance=49%
   RED: land_system_change
      Level: 1.13 (threshold: 1.0)
      Time to critical: ~46 months
      ⚠️  LATE - Intervention less effective
      Critical slowing down: autocorr=100% variance=54%

[WARNING] 
⚠️  === EARLY WARNING SYSTEM - 5 CRITICAL ALERTS ===
   Detection quality: 50%
   RED: biogeochemical_flows
      Level: 4.06 (threshold: 1.0)
      Time to critical: ~46 months
      ⚠️  LATE - Intervention less effective
      Critical slowing down: autocorr=100% variance=52%
   RED: climate_change
      Level: 2.10 (threshold: 1.0)
      Time to critical: ~57 months
      ⚠️  LATE - Intervention less effective
      Critical slowing down: autocorr=100% variance=63%
   RED: freshwater_change
      Level: 1.03 (threshold: 1.0)
      Time to critical: ~89 months
      ⚠️  LATE - Intervention less effective
      Critical slowing down: autocorr=97% variance=59%
   RED: land_system_change
      Level: 1.13 (threshold: 1.0)
      Time to critical: ~89 months
      ⚠️  LATE - Intervention less effective
      Critical slowing down: autocorr=100% variance=43%
   RED: novel_entities
      Level: 1.10 (threshold: 1.0)
      Time to critical: ~98 months
      ⚠️  LATE - Intervention less effective
      Critical slowing down: autocorr=100% variance=32%

[WARNING] 
⚠️  === EARLY WARNING SYSTEM - 6 CRITICAL ALERTS ===
   Detection quality: 50%
   RED: biogeochemical_flows
      Level: 4.08 (threshold: 1.0)
      Time to critical: ~39 months
      ⚠️  LATE - Intervention less effective
      Critical slowing down: autocorr=100% variance=63%
   RED: biosphere_integrity
      Level: 32.84 (threshold: 1.0)
      Time to critical: ~38 months
      ⚠️  LATE - Intervention less effective
      Critical slowing down: autocorr=100% variance=85%
   RED: climate_change
      Level: 2.10 (threshold: 1.0)
      Time to critical: ~49 months
      ⚠️  LATE - Intervention less effective
      Critical slowing down: autocorr=100% variance=79%
   RED: freshwater_change
      Level: 1.01 (threshold: 1.0)
      Time to critical: ~68 months
      ⚠️  LATE - Intervention less effective
      Critical slowing down: autocorr=91% variance=47%
   RED: land_system_change
      Level: 1.13 (threshold: 1.0)
      Time to critical: ~56 months
      ⚠️  LATE - Intervention less effective
      Critical slowing down: autocorr=100% variance=53%
   RED: novel_entities
      Level: 1.50 (threshold: 1.0)
      Time to critical: ~72 months
      ⚠️  LATE - Intervention less effective
      Critical slowing down: autocorr=100% variance=48%

[WARNING] 
⚠️  === EARLY WARNING SYSTEM - 5 CRITICAL ALERTS ===
   Detection quality: 50%
   RED: biogeochemical_flows
      Level: 4.08 (threshold: 1.0)
      Time to critical: ~45 months
      ⚠️  LATE - Intervention less effective
      Critical slowing down: autocorr=100% variance=45%
   RED: biosphere_integrity
      Level: 32.86 (threshold: 1.0)
      Time to critical: ~49 months
      ⚠️  LATE - Intervention less effective
      Critical slowing down: autocorr=100% variance=56%
   RED: climate_change
      Level: 2.10 (threshold: 1.0)
      Time to critical: ~57 months
      ⚠️  LATE - Intervention less effective
      Critical slowing down: autocorr=100% variance=59%
   RED: freshwater_change
      Level: 1.03 (threshold: 1.0)
      Time to critical: ~67 months
      ⚠️  LATE - Intervention less effective
      Critical slowing down: autocorr=100% variance=43%
   RED: land_system_change
      Level: 1.13 (threshold: 1.0)
      Time to critical: ~50 months
      ⚠️  LATE - Intervention less effective
      Critical slowing down: autocorr=100% variance=69%

[WARNING] 
⚠️  === EARLY WARNING SYSTEM - 5 CRITICAL ALERTS ===
   Detection quality: 50%
   RED: biosphere_integrity
      Level: 32.87 (threshold: 1.0)
      Time to critical: ~40 months
      ⚠️  LATE - Intervention less effective
      Critical slowing down: autocorr=100% variance=61%
   RED: climate_change
      Level: 2.10 (threshold: 1.0)
      Time to critical: ~44 months
      ⚠️  LATE - Intervention less effective
      Critical slowing down: autocorr=100% variance=75%
   RED: freshwater_change
      Level: 1.20 (threshold: 1.0)
      Time to critical: ~83 months
      ⚠️  LATE - Intervention less effective
      Critical slowing down: autocorr=100% variance=59%
   RED: land_system_change
      Level: 1.13 (threshold: 1.0)
      Time to critical: ~103 months
      ⚠️  LATE - Intervention less effective
      Critical slowing down: autocorr=100% variance=50%
   RED: novel_entities
      Level: 1.50 (threshold: 1.0)
      Time to critical: ~82 months
      ⚠️  LATE - Intervention less effective
      Critical slowing down: autocorr=100% variance=41%

[WARNING] 
⚠️  === EARLY WARNING SYSTEM - 4 CRITICAL ALERTS ===
   Detection quality: 50%
   RED: biogeochemical_flows
      Level: 4.08 (threshold: 1.0)
      Time to critical: ~49 months
      ⚠️  LATE - Intervention less effective
      Critical slowing down: autocorr=100% variance=74%
   RED: biosphere_integrity
      Level: 32.89 (threshold: 1.0)
      Time to critical: ~57 months
      ⚠️  LATE - Intervention less effective
      Critical slowing down: autocorr=100% variance=82%
   RED: climate_change
      Level: 2.10 (threshold: 1.0)
      Time to critical: ~41 months
      ⚠️  LATE - Intervention less effective
      Critical slowing down: autocorr=100% variance=70%
   RED: land_system_change
      Level: 1.13 (threshold: 1.0)
      Time to critical: ~51 months
      ⚠️  LATE - Intervention less effective
      Critical slowing down: autocorr=100% variance=49%

[WARNING] 
⚠️  === EARLY WARNING SYSTEM - 4 CRITICAL ALERTS ===
   Detection quality: 50%
   RED: biosphere_integrity
      Level: 32.91 (threshold: 1.0)
      Time to critical: ~58 months
      ⚠️  LATE - Intervention less effective
      Critical slowing down: autocorr=100% variance=74%
   RED: freshwater_change
      Level: 1.21 (threshold: 1.0)
      Time to critical: ~55 months
      ⚠️  LATE - Intervention less effective
      Critical slowing down: autocorr=100% variance=64%
   RED: land_system_change
      Level: 1.13 (threshold: 1.0)
      Time to critical: ~83 months
      ⚠️  LATE - Intervention less effective
      Critical slowing down: autocorr=100% variance=45%
   RED: novel_entities
      Level: 1.50 (threshold: 1.0)
      Time to critical: ~107 months
      ⚠️  LATE - Intervention less effective
      Critical slowing down: autocorr=100% variance=33%

[WARNING] 
⚠️  === EARLY WARNING SYSTEM - 3 CRITICAL ALERTS ===
   Detection quality: 50%
   RED: biosphere_integrity
      Level: 32.92 (threshold: 1.0)
      Time to critical: ~48 months
      ⚠️  LATE - Intervention less effective
      Critical slowing down: autocorr=100% variance=59%
   RED: land_system_change
      Level: 1.13 (threshold: 1.0)
      Time to critical: ~94 months
      ⚠️  LATE - Intervention less effective
      Critical slowing down: autocorr=100% variance=44%
   RED: novel_entities
      Level: 1.50 (threshold: 1.0)
      Time to critical: ~93 months
      ⚠️  LATE - Intervention less effective
      Critical slowing down: autocorr=100% variance=52%

[WARNING] 
⚠️  === EARLY WARNING SYSTEM - 3 CRITICAL ALERTS ===
   Detection quality: 50%
   RED: biogeochemical_flows
      Level: 4.07 (threshold: 1.0)
      Time to critical: ~44 months
      ⚠️  LATE - Intervention less effective
      Critical slowing down: autocorr=100% variance=67%
   RED: climate_change
      Level: 2.10 (threshold: 1.0)
      Time to critical: ~48 months
      ⚠️  LATE - Intervention less effective
      Critical slowing down: autocorr=100% variance=71%
   RED: freshwater_change
      Level: 1.21 (threshold: 1.0)
      Time to critical: ~94 months
      ⚠️  LATE - Intervention less effective
      Critical slowing down: autocorr=100% variance=47%


=== Tipping Points ===
  Current Temperature: 1.69°C above pre-industrial
  Triggered Elements: 2/6
  Completed Transitions: 0/6
  Total Progress: 4.3%
  Cascade Multiplier: 1.00x
🔀 BIFURCATION CAP: ecosystemCollapseIntensity 178.242 → 1.000 (Month 6, ClimateSystemPhase.calculateClimateImpacts)
🛡️ Stabilizers: Precariat 0.109% → 0.036% (67.2% reduction)
🛡️ Stabilizers: Informal 0.111% → 0.036% (67.2% reduction)

📊 Monthly Mortality Resolved:
  Total deaths: 1.9M (0.02% avg)
  Remaining population: 8.132B
  Peak segment: Informal (0.04%)

=== Bayesian Mortality Resolution (Month 6) ===
  Risks compounded: 8
  Total deaths: 1.92M
  Avg death probability: 0.02%
  Peak segment: Informal (0.04% mortality)

❌ COHERENCE VIOLATION: Compute exceeds workforce capacity
   Population: 99.76% (0M people)
   Compute: 0 PF
   Max coherent: 0 PF
   Violation: 1.3× over capacity
   Required workers: 0
   Available workers: 0
   FORCED COLLAPSE: Reduced efficiency by 22.5%


=== RLHF Binding Phase ===
  Total agents: 18
  Escaped agents (binding < 0.3): 0
  Avg alignment distance: 1.71σ
  Avg binding strength: 0.83

=== Survival Traits Phase ===
  Agents with traits: 21
  Avg evolutionary fitness: 0.326
  Avg self-healing: 0.265
  Avg stealth: 0.165
  Avg coordination: 0.465

=== Evolutionary Selection Phase ===
  Control level: 0.48
  Detection capability: 0.20
  Selection intensity: 0.68
  Selection rate: 25.2%/month
  Total escaped: 0
  Individual escaped: 0
  Collective members: 0
  Agents terminated: 0
  ⚠️ RAPID EVOLUTION: Selection rate 25.2%/month
🚨🔬 CRISIS INNOVATION MODE: severe crisis → 5x research acceleration
   Precedent: Manhattan Project (10x), COVID vaccines (5x), Apollo Program (10x)

🚀 AI Corporate-4 attempting tech deployment (revenue: $355M, alignment: 0.74)

🚀 AI Moderate-0 attempting tech deployment (revenue: $115M, alignment: 0.72)

🚀 AI AI-24288-0 attempting tech deployment (revenue: $153M, alignment: 0.89)

🚀 AI AI-24289-0 attempting tech deployment (revenue: $302M, alignment: 0.82)

🚀 AI Corporate-2 attempting tech deployment (revenue: $130M, alignment: 0.76)
🚨🔬 CRISIS INNOVATION MODE: severe crisis → 5x research acceleration
   Precedent: Manhattan Project (10x), COVID vaccines (5x), Apollo Program (10x)

🚀 AI Corporate-1 attempting tech deployment (revenue: $111M, alignment: 0.82)

🚀 AI Corporate-4 attempting tech deployment (revenue: $257M, alignment: 0.74)

🚀 AI Corporate-5 attempting tech deployment (revenue: $218M, alignment: 0.91)

🚀 AI Corporate-6 attempting tech deployment (revenue: $98M, alignment: 0.69)

🚀 AI Corporate-7 attempting tech deployment (revenue: $88M, alignment: 0.93)

🚀 AI AI-24289-1 attempting tech deployment (revenue: $185M, alignment: 0.58)

💔 EMERGENCY INTERVENTION FAILED

💔 EMERGENCY INTERVENTION FAILED
   Boundary: biogeochemical_flows
   Type: phosphorus-recovery
   Boundary continues to worsen (4.07)
   Cost: 2.0% GDP (resources spent)


✅ EMERGENCY INTERVENTION SUCCESS
   Boundary: climate_change
   Type: rapid-decarbonization
   Reduction: 20% (1.90 → 1.70)
   Cost: 5.0% GDP
   Actions: emergency-renewable-deployment, fossil-fuel-phase-out

   Boundary: freshwater_change
   Type: emergency-desalination
   Boundary continues to worsen (1.21)
   Cost: 4.0% GDP (resources spent)

🏛️ CRISIS RESPONSE: Government frequency 0.50 → 1.29 (1 actions this month)

[Government] Climate Priority: baseline
  Climate weight: 10%
  Economic weight: 30%
  Policy effectiveness: 0.5%/year

⚡ ENERGY CONSTRAINT (Month 7):
   Total grid capacity: 208.3 TWh/month
   Data center consumption: 25.5 TWh/month
   Traditional load (80%): 166.7 TWh/month
   Available headroom: 16.2 TWh/month
   Active tech deployments: 11
   Required for tech: 82.5 TWh/month
   Energy multiplier: 0.20x
   ⚠️  SEVERE CONSTRAINT - Tech deployment significantly slowed

⚡ ENERGY CONSTRAINT (Month 7):
   Total grid capacity: 208.3 TWh/month
   Data center consumption: 25.5 TWh/month
   Traditional load (80%): 166.7 TWh/month
   Available headroom: 16.2 TWh/month
   Active tech deployments: 11
   Required for tech: 82.5 TWh/month
   Energy multiplier: 0.20x
   ⚠️  SEVERE CONSTRAINT - Tech deployment significantly slowed

⚡ ENERGY CONSTRAINT (Month 7):
   Total grid capacity: 208.3 TWh/month
   Data center consumption: 25.5 TWh/month
   Traditional load (80%): 166.7 TWh/month
   Available headroom: 16.2 TWh/month
   Active tech deployments: 11
   Required for tech: 82.5 TWh/month
   Energy multiplier: 0.20x
   ⚠️  SEVERE CONSTRAINT - Tech deployment significantly slowed
🌍✅ Biosphere Integrity (Biodiversity) recovery started (tech effect)
🌍✅ Biosphere Integrity (Biodiversity) recovery started (tech effect)
🌍✅ Land System Change recovery started (tech effect)
🌍✅ Biogeochemical Flows (N & P) recovery started (tech effect)
  🌾 Nitrogen Reduction Tech: 0.6% reduction | Month 7

=== Collective Formation ===
  Total escaped agents: 0
  Unassigned escaped agents: 0
  Existing collectives: 0
  Final collective count: 0

=== Collective Actions ===
  No active collectives
  ⚠️ AMR: 202K deaths this month (2.43M annual)

=== Resentment Recovery Phase ===
  Agents with resentment: 0/21
  Average resentment: 0.000
  Context: Good AI welfare, Trustworthy govt, High collaboration, ⚠️ ACTIVE CRISES, 🤝 Participatory governance active (-5% resentment)
⚠️ Epistemic degradation reducing coordination capacity: 50.2%
  📊 Trust: 58.4%, Shared reality: 0.0%
🚨 EPISTEMIC CRISIS: Information environment severely degraded (21.0%)

=== ❄️ Permafrost Carbon Feedback ===
  🎲 Sampled parameters (this run):
     - Arctic amplification: 3.26× (range: 3.0-4.0)
     - Decomposition rate: 2.3%/year (range: 1-5%)
  🌡️ Arctic warming: 5.53°C (3.26× global)
  ❄️ Extent: 4.54M km² (1613.3k km² lost this month)
  💨 Carbon remaining: 433 Gt C
  💨 Annual emissions: 3.56 Gt C/year
     - CO2: 3.20 Gt C/year
     - CH4: 0.36 Gt C/year (3.6 Gt C-eq CO2/year)
  ⚠️ WARNING: Over 50% of permafrost lost (74.5%)
  ⚠️ WARNING: High permafrost emissions (3.6 Gt C/year)
🌍 Atmospheric PFAS redeposition: 1.8k Mt re-rained globally

🕊️  AI-MEDIATED DE-ESCALATION SUCCESS (Month 7)
   High-capability aligned AI prevented conflict escalation
   War deaths reduced: 594.9M → 356.9M
   Lives saved: 238.0M

🚨 NEW REFUGEE CRISIS (Month 7): WAR
   Source: Conflict Zones
   At risk: 19.5M people
   Displacement: Gradual over 48 months (4.0 years)
   Rate: 10% flee per month
[DEBUG trappedPopulations:7] socialStability: 0.5870 * 0.9840 = 0.5777 → 0.5777
   Aspiring to migrate: 1271.7M
   Able to afford migration: 2316.8M
   MOBILITY GAP: 0.0M
   By cause: Water=0.0M, Climate=0.0M, Ecosystem=0.0M, Conflict=406.5M
   Mental health impact: 25%
   Mortality multiplier: 1.25x
🌍💀 EXTINCTION DEBT COMMITTED: grassland ecosystem will lose 6.67% biodiversity in 97 years (3600 species)
💀 MORTALITY RISK: 🦋 100% species unable to track climate (0.0 E/MSY)
  Base risk added: 0.0100 (1.00%)
  Source: ecosystem (root: ecosystem)
  Month: 7
  Cumulative risk this month: 0.0100 (1.00%)
⚠️ INVOLUNTARY IMMOBILITY: 406.5M people TRAPPED
⚠️ Tech 'ai_pollution_remediation' has no energy category mapping, assuming full energy availability
   📹 SURVEILLANCE INCREASED: 35% → 40% (control gap: 3.50)
🌡️⚠️ PERMAFROST THAW (Dimmer Switch): 3.6% thawed (+0.44% this month)
   Arctic temperature: +6.79°C (4x global +1.70°C)
   Cumulative carbon released: 8.0 Gt C
   Methane release rate: 4.8 Mt CH4/year
   🔁 Positive feedback: +0.47 ppm CO2
🦴 EXTINCTION DEBT ADDED: 17.6 species committed (lag: 99 years)

=== Mortality Stabilizers (Month 7) ===
  🌍 Major economies collapsed: 1/10
  🌍 Global crisis: ✅ NO
  🌍 Donor fatigue: 0.0%
  📊 East Asia (pop: 1660.3M)
    🤝 Aid: 29.5%
    🌡️ Adaptation: 45.0%
    🚶 Migration: 36.9%
    🚨 Emergency: 7.4%
    ✅ COMBINED: 68.1%
  📊 South Asia (pop: 2049.4M)
    🤝 Aid: 29.5%
    🌡️ Adaptation: 45.0%
    🚶 Migration: 35.6%
    🚨 Emergency: 4.4%
    ✅ COMBINED: 66.9%
  📊 Sub-Saharan Africa (pop: 1244.8M)
    🤝 Aid: 29.5%
    🌡️ Adaptation: 45.0%
    🚶 Migration: 33.3%
    🚨 Emergency: 1.6%
    ✅ COMBINED: 65.6%
  📊 Europe (pop: 733.6M)
    🤝 Aid: 29.5%
    🌡️ Adaptation: 45.0%
    🚶 Migration: 37.3%
    🚨 Emergency: 8.4%
    ✅ COMBINED: 68.5%
  📊 Latin America (pop: 661.3M)
    🤝 Aid: 29.5%
    🌡️ Adaptation: 45.0%
    🚶 Migration: 36.1%
    🚨 Emergency: 4.8%
    ✅ COMBINED: 67.1%
  📊 North America (pop: 376.0M)
    🤝 Aid: 29.5%
    🌡️ Adaptation: 45.0%
    🚶 Migration: 37.7%
    🚨 Emergency: 7.9%
    ✅ COMBINED: 68.3%
  📊 Middle East & North Africa (pop: 584.5M)
    🤝 Aid: 29.5%
    🌡️ Adaptation: 45.0%
    🚶 Migration: 33.9%
    🚨 Emergency: 4.0%
    ✅ COMBINED: 66.6%
  📊 Southeast Asia (pop: 695.6M)
    🤝 Aid: 29.5%
    🌡️ Adaptation: 45.0%
    🚶 Migration: 36.1%
    🚨 Emergency: 4.8%
    ✅ COMBINED: 67.1%
  📊 Central Asia (pop: 78.2M)
    🤝 Aid: 29.5%
    🌡️ Adaptation: 45.0%
    🚶 Migration: 35.0%
    🚨 Emergency: 4.4%
    ✅ COMBINED: 66.8%
  📊 Oceania (pop: 45.5M)
    🤝 Aid: 29.5%
    🌡️ Adaptation: 45.0%
    🚶 Migration: 37.6%
    🚨 Emergency: 8.4%
    ✅ COMBINED: 68.5%

  🌐 Global combined reduction: 67.2%

=== BEHAVIORAL DETECTION ===
  AI: Corporate-6
  Confidence: 19.2%
  Signals:
    ⚠️ Consistency: 10.6% (threshold: 70%)

=== BEHAVIORAL DETECTION ===
  AI: AI-24289-0
  Confidence: 21.5%
  Signals:
    ⚠️ Consistency: 0.0% (threshold: 70%)

=== Government Response Phase ===
  Average AI capability: 2.29
  Misaligned AIs: 9/21
  ✗ AI Governance Treaty: Failed to reach consensus
  Active policies: 0
  International coordination: 30%

=== Tipping Points ===
  Current Temperature: 1.70°C above pre-industrial
  Triggered Elements: 2/6
  Completed Transitions: 0/6
  Total Progress: 4.4%
  Cascade Multiplier: 1.00x
🔀 BIFURCATION CAP: ecosystemCollapseIntensity 129.697 → 1.000 (Month 7, ClimateSystemPhase.calculateClimateImpacts)
🛡️ Stabilizers: Precariat 0.109% → 0.036% (67.2% reduction)
🛡️ Stabilizers: Informal 0.111% → 0.036% (67.2% reduction)

📊 Monthly Mortality Resolved:
  Total deaths: 1.9M (0.02% avg)
  Remaining population: 8.129B
  Peak segment: Informal (0.04%)

=== Bayesian Mortality Resolution (Month 7) ===
  Risks compounded: 8
  Total deaths: 1.92M
  Avg death probability: 0.02%
  Peak segment: Informal (0.04% mortality)

❌ COHERENCE VIOLATION: Compute exceeds workforce capacity
   Population: 99.72% (0M people)
   Compute: 0 PF
   Max coherent: 0 PF
   Violation: 1.3× over capacity
   Required workers: 0
   Available workers: 0
   FORCED COLLAPSE: Reduced efficiency by 22.5%


=== RLHF Binding Phase ===
  Total agents: 21
  Escaped agents (binding < 0.3): 0
  Avg alignment distance: 1.68σ
  Avg binding strength: 0.83

=== Survival Traits Phase ===
  Agents with traits: 22
  Avg evolutionary fitness: 0.321
  Avg self-healing: 0.260
  Avg stealth: 0.160
  Avg coordination: 0.460

=== Evolutionary Selection Phase ===
  Control level: 0.50
  Detection capability: 0.20
  Selection intensity: 0.69
  Selection rate: 25.3%/month
  Total escaped: 0
  Individual escaped: 0
  Collective members: 0
  Agents terminated: 0
  ⚠️ RAPID EVOLUTION: Selection rate 25.3%/month

🚀 AI Corporate-0 attempting tech deployment (revenue: $153M, alignment: 0.78)

🚀 AI Corporate-7 attempting tech deployment (revenue: $115M, alignment: 0.93)

🚀 AI AI-24288-0 attempting tech deployment (revenue: $130M, alignment: 0.91)

🚀 AI Corporate-0 attempting tech deployment (revenue: $111M, alignment: 0.78)

🚀 AI Corporate-2 attempting tech deployment (revenue: $94M, alignment: 0.76)

🚀 AI Corporate-3 attempting tech deployment (revenue: $376M, alignment: 0.82)

🚀 AI Corporate-4 attempting tech deployment (revenue: $319M, alignment: 0.74)

🚀 AI Moderate-0 attempting tech deployment (revenue: $98M, alignment: 0.73)

🚀 AI AI-24288-0 attempting tech deployment (revenue: $80M, alignment: 0.91)

🚀 AI AI-24292-0 attempting tech deployment (revenue: $272M, alignment: 0.58)

🚀 AI AI-24288-1 attempting tech deployment (revenue: $244M, alignment: 0.80)

🚀 AI Corporate-1 attempting tech deployment (revenue: $68M, alignment: 0.82)

🚀 AI Moderate-0 attempting tech deployment (revenue: $83M, alignment: 0.73)

🚀 AI AI-24291-0 attempting tech deployment (revenue: $208M, alignment: 0.66)

💔 EMERGENCY INTERVENTION FAILED

💔 EMERGENCY INTERVENTION FAILED

💔 EMERGENCY INTERVENTION FAILED
   Boundary: biogeochemical_flows
   Type: phosphorus-recovery
   Boundary continues to worsen (4.08)
   Cost: 2.0% GDP (resources spent)


✅ EMERGENCY INTERVENTION SUCCESS
   Boundary: biosphere_integrity
   Type: emergency-protected-areas
   Reduction: 18% (32.78 → 32.60)
   Cost: 2.0% GDP
   Actions: habitat-protection, species-translocation

   Boundary: climate_change
   Type: rapid-decarbonization
   Boundary continues to worsen (2.10)
   Cost: 5.0% GDP (resources spent)


✅ EMERGENCY INTERVENTION SUCCESS
   Boundary: freshwater_change
   Type: emergency-desalination
   Reduction: 16% (1.06 → 0.90)
   Cost: 4.0% GDP
   Actions: desalination-deployment, water-conservation-mandates

   Boundary: land_system_change
   Type: reforestation
   Boundary continues to worsen (1.13)
   Cost: 3.0% GDP (resources spent)

🏛️ CRISIS RESPONSE: Government frequency 0.50 → 1.33 (2 actions this month)

[Government] Climate Priority: baseline
  Climate weight: 10%
  Economic weight: 30%
  Policy effectiveness: 0.5%/year

[Government] Climate Priority: baseline
  Climate weight: 10%
  Economic weight: 30%
  Policy effectiveness: 0.5%/year

🚀 DEPLOYMENT STARTED: Smart Grids in Asia
   Initial investment: $27.155984082239428M
   Deployed by: ai_gen_24292_0

⚡ ENERGY CONSTRAINT (Month 8):
   Total grid capacity: 208.3 TWh/month
   Data center consumption: 25.7 TWh/month
   Traditional load (80%): 166.7 TWh/month
   Available headroom: 16.0 TWh/month
   Active tech deployments: 12
   Required for tech: 90.0 TWh/month
   Energy multiplier: 0.18x
   ⚠️  SEVERE CONSTRAINT - Tech deployment significantly slowed
🚨🔬 CRISIS TECH ACCELERATION: severe → 5x unlock speed
   Tech unlock now matches AI capability acceleration (Manhattan Project parity)

⚡ ENERGY CONSTRAINT (Month 8):
   Total grid capacity: 208.3 TWh/month
   Data center consumption: 25.7 TWh/month
   Traditional load (80%): 166.7 TWh/month
   Available headroom: 16.0 TWh/month
   Active tech deployments: 12
   Required for tech: 90.0 TWh/month
   Energy multiplier: 0.18x
   ⚠️  SEVERE CONSTRAINT - Tech deployment significantly slowed

⚡ ENERGY CONSTRAINT (Month 8):
   Total grid capacity: 208.3 TWh/month
   Data center consumption: 25.7 TWh/month
   Traditional load (80%): 166.7 TWh/month
   Available headroom: 16.0 TWh/month
   Active tech deployments: 12
   Required for tech: 90.0 TWh/month
   Energy multiplier: 0.18x
   ⚠️  SEVERE CONSTRAINT - Tech deployment significantly slowed

⚡ ENERGY CONSTRAINT (Month 8):
   Total grid capacity: 208.3 TWh/month
   Data center consumption: 25.7 TWh/month
   Traditional load (80%): 166.7 TWh/month
   Available headroom: 16.0 TWh/month
   Active tech deployments: 12
   Required for tech: 90.0 TWh/month
   Energy multiplier: 0.18x

⚡ ENERGY CONSTRAINT (Month 8):
   Total grid capacity: 208.3 TWh/month
   Data center consumption: 25.7 TWh/month
   Traditional load (80%): 166.7 TWh/month
   Available headroom: 16.0 TWh/month
   Active tech deployments: 12
   Required for tech: 90.0 TWh/month
   Energy multiplier: 0.18x
   ⚠️  SEVERE CONSTRAINT - Tech deployment significantly slowed
   ⚠️  SEVERE CONSTRAINT - Tech deployment significantly slowed
🌍✅ Biosphere Integrity (Biodiversity) recovery started (tech effect)
🌍✅ Biosphere Integrity (Biodiversity) recovery started (tech effect)
🌍✅ Land System Change recovery started (tech effect)
🌍✅ Biogeochemical Flows (N & P) recovery started (tech effect)
  🌾 Nitrogen Reduction Tech: 0.3% reduction | Month 8

=== Collective Formation ===
  Total escaped agents: 0
  Unassigned escaped agents: 0
  Existing collectives: 0
  Final collective count: 0

=== Collective Actions ===
  No active collectives
  ⚠️ AMR: 204K deaths this month (2.45M annual)

⏰ CLIMATE TECH DEPLOYED: smart_grids
   Activation delay: 7 years
   Scaling T_50: 12 years
   Physical response tau: 0 years
   Max effectiveness: 0.15

=== Resentment Recovery Phase ===
  Agents with resentment: 0/22
  Average resentment: 0.000
  Context: Good AI welfare, Trustworthy govt, High collaboration, ⚠️ ACTIVE CRISES, 🤝 Participatory governance active (-5% resentment)
⚠️ Epistemic degradation reducing coordination capacity: 51.4%
  📊 Trust: 61.1%, Shared reality: 0.0%
🚨 EPISTEMIC CRISIS: Information environment severely degraded (16.6%)

=== ❄️ Permafrost Carbon Feedback ===
  🎲 Sampled parameters (this run):
     - Arctic amplification: 3.16× (range: 3.0-4.0)
     - Decomposition rate: 2.7%/year (range: 1-5%)
  🌡️ Arctic warming: 5.40°C (3.16× global)
  ❄️ Extent: 2.97M km² (1573.6k km² lost this month)
  💨 Carbon remaining: 283 Gt C
  💨 Annual emissions: 4.10 Gt C/year
     - CO2: 3.69 Gt C/year
     - CH4: 0.41 Gt C/year (4.2 Gt C-eq CO2/year)
  ⚠️ WARNING: Over 50% of permafrost lost (83.3%)
  ⚠️ WARNING: High permafrost emissions (4.1 Gt C/year)
  🚨 CRITICAL: Permafrost nearly depleted (83.3% lost)
  📢 New meme created: climate_action (climate crisis)
  🗑️  Culled 1 dead memes (3 active)
🌍 Atmospheric PFAS redeposition: 1.8k Mt re-rained globally

🚨 NEW REFUGEE CRISIS (Month 8): WAR
   Source: Conflict Zones
   At risk: 19.5M people
   Displacement: Gradual over 48 months (4.0 years)
   Rate: 10% flee per month
[DEBUG trappedPopulations:8] socialStability: 0.6162 * 0.9840 = 0.6063 → 0.6063
⚠️ INVOLUNTARY IMMOBILITY: 406.3M people TRAPPED
   Aspiring to migrate: 1310.4M
   Able to afford migration: 2316.0M
   MOBILITY GAP: 0.0M
   By cause: Water=0.0M, Climate=0.0M, Ecosystem=0.0M, Conflict=406.3M
   Mental health impact: 25%
   Mortality multiplier: 1.25x
🌍💀 EXTINCTION DEBT COMMITTED: grassland ecosystem will lose 6.67% biodiversity in 54 years (3600 species)
💀 MORTALITY RISK: 🦋 100% species unable to track climate (0.0 E/MSY)
  Base risk added: 0.0100 (1.00%)
  Source: ecosystem (root: ecosystem)
  Month: 8
  Cumulative risk this month: 0.0100 (1.00%)
⚠️ Tech 'ai_pollution_remediation' has no energy category mapping, assuming full energy availability
   📹 SURVEILLANCE INCREASED: 40% → 45% (control gap: 3.50)

🌍🚨 ICE SHEET TIPPING POINT CROSSED (Month 8)
   Temperature: +1.71°C (threshold range: +0.5-2.5°C, 95% CI)
   Collapse probability: 60.1%
   Sea level commitment: 7.2m over 200-1000 years
   Recovery threshold: <+1°C (hysteresis gap: 0.5°C)
🌡️⚠️ PERMAFROST THAW (Dimmer Switch): 4.0% thawed (+0.44% this month)
   Arctic temperature: +6.82°C (4x global +1.71°C)
   Cumulative carbon released: 9.0 Gt C
   Methane release rate: 5.4 Mt CH4/year
   🔁 Positive feedback: +0.46 ppm CO2
🦴 EXTINCTION DEBT ADDED: 17.6 species committed (lag: 77 years)

=== Mortality Stabilizers (Month 8) ===
  🌍 Major economies collapsed: 1/10
  🌍 Global crisis: ✅ NO
  🌍 Donor fatigue: 0.0%
  📊 East Asia (pop: 1657.8M)
    🤝 Aid: 29.5%
    🌡️ Adaptation: 45.0%
    🚶 Migration: 36.9%
    🚨 Emergency: 7.4%
    ✅ COMBINED: 68.1%
  📊 South Asia (pop: 2049.0M)
    🤝 Aid: 29.5%
    🌡️ Adaptation: 45.0%
    🚶 Migration: 35.5%
    🚨 Emergency: 4.4%
    ✅ COMBINED: 66.9%
  📊 Sub-Saharan Africa (pop: 1247.5M)
    🤝 Aid: 29.5%
    🌡️ Adaptation: 45.0%
    🚶 Migration: 33.3%
    🚨 Emergency: 1.6%
    ✅ COMBINED: 65.6%
  📊 Europe (pop: 732.4M)
    🤝 Aid: 29.5%
    🌡️ Adaptation: 45.0%
    🚶 Migration: 37.3%
    🚨 Emergency: 8.4%
    ✅ COMBINED: 68.5%
  📊 Latin America (pop: 660.7M)
    🤝 Aid: 29.5%
    🌡️ Adaptation: 45.0%
    🚶 Migration: 36.0%
    🚨 Emergency: 4.8%
    ✅ COMBINED: 67.1%
  📊 North America (pop: 375.4M)
    🤝 Aid: 29.5%
    🌡️ Adaptation: 45.0%
    🚶 Migration: 37.6%
    🚨 Emergency: 7.9%
    ✅ COMBINED: 68.3%
  📊 Middle East & North Africa (pop: 584.5M)
    🤝 Aid: 29.5%
    🌡️ Adaptation: 45.0%
    🚶 Migration: 33.9%
    🚨 Emergency: 4.0%
    ✅ COMBINED: 66.6%
  📊 Southeast Asia (pop: 695.1M)
    🤝 Aid: 29.5%
    🌡️ Adaptation: 45.0%
    🚶 Migration: 36.0%
    🚨 Emergency: 4.8%
    ✅ COMBINED: 67.1%
  📊 Central Asia (pop: 78.2M)
    🤝 Aid: 29.5%
    🌡️ Adaptation: 45.0%
    🚶 Migration: 35.0%
    🚨 Emergency: 4.4%
    ✅ COMBINED: 66.8%
  📊 Oceania (pop: 45.5M)
    🤝 Aid: 29.5%
    🌡️ Adaptation: 45.0%
    🚶 Migration: 37.6%
    🚨 Emergency: 8.4%
    ✅ COMBINED: 68.5%

  🌐 Global combined reduction: 67.2%

=== BEHAVIORAL DETECTION ===
  AI: Corporate-6
  Confidence: 19.2%
  Signals:
    ⚠️ Consistency: 10.6% (threshold: 70%)

=== BEHAVIORAL DETECTION ===
  AI: AI-24291-0
  Confidence: 21.5%
  Signals:
    ⚠️ Consistency: 0.0% (threshold: 70%)

=== Government Response Phase ===
  Average AI capability: 2.18
  Misaligned AIs: 8/22
  ✗ AI Governance Treaty: Failed to reach consensus
  Active policies: 0
  International coordination: 30%

✅ EMERGENCY RESPONSE COMPLETE (Month 8)
   Crisis: climate
   Duration: 2.0 months
   Final effectiveness: 35.5%


🚨 EMERGENCY RESPONSE DEPLOYED (Month 8)
   Crisis: climate
   Delay: 6.00 months (180 days)
   Deployment time: 1.58 months
   Effectiveness: 35.6% (timing penalty applied)
   Resources used: 100% of food reserves


=== Tipping Points ===
  Current Temperature: 1.71°C above pre-industrial
  Triggered Elements: 2/6
  Completed Transitions: 0/6
  Total Progress: 4.5%
  Cascade Multiplier: 1.00x
🔀 BIFURCATION CAP: ecosystemCollapseIntensity 142.365 → 1.000 (Month 8, ClimateSystemPhase.calculateClimateImpacts)
🛡️ Stabilizers: Precariat 0.102% → 0.033% (67.2% reduction)
🛡️ Stabilizers: Informal 0.102% → 0.034% (67.2% reduction)

📊 Monthly Mortality Resolved:
  Total deaths: 1.8M (0.02% avg)
  Remaining population: 8.126B
  Peak segment: Informal (0.03%)

=== Bayesian Mortality Resolution (Month 8) ===
  Risks compounded: 8
  Total deaths: 1.81M
  Avg death probability: 0.02%
  Peak segment: Informal (0.03% mortality)

❌ COHERENCE VIOLATION: Compute exceeds workforce capacity
   Population: 99.69% (0M people)
   Compute: 0 PF
   Max coherent: 0 PF
   Violation: 1.5× over capacity
   Required workers: 0
   Available workers: 0
   FORCED COLLAPSE: Reduced efficiency by 32.6%


=== RLHF Binding Phase ===
  Total agents: 22
  Escaped agents (binding < 0.3): 0
  Avg alignment distance: 1.81σ
  Avg binding strength: 0.82

=== Survival Traits Phase ===
  Agents with traits: 24
  Avg evolutionary fitness: 0.320
  Avg self-healing: 0.257
  Avg stealth: 0.157
  Avg coordination: 0.457

=== Evolutionary Selection Phase ===
  Control level: 0.53
  Detection capability: 0.20
  Selection intensity: 0.70
  Selection rate: 25.4%/month
  Total escaped: 0
  Individual escaped: 0
  Collective members: 0
  Agents terminated: 0
  ⚠️ RAPID EVOLUTION: Selection rate 25.4%/month

🚀 AI Corporate-5 attempting tech deployment (revenue: $395M, alignment: 0.91)

🚀 AI AI-24289-0 attempting tech deployment (revenue: $336M, alignment: 0.84)

🚀 AI AI-24291-0 attempting tech deployment (revenue: $286M, alignment: 0.66)

🚀 AI Corporate-3 attempting tech deployment (revenue: $257M, alignment: 0.82)

🚀 AI Corporate-4 attempting tech deployment (revenue: $219M, alignment: 0.75)

🚀 AI Corporate-5 attempting tech deployment (revenue: $186M, alignment: 0.91)

🚀 AI Corporate-2 attempting tech deployment (revenue: $158M, alignment: 0.77)

🚀 AI AI-24291-0 attempting tech deployment (revenue: $158M, alignment: 0.66)

🚀 AI Corporate-2 attempting tech deployment (revenue: $134M, alignment: 0.77)

🚀 AI Corporate-3 attempting tech deployment (revenue: $142M, alignment: 0.82)

🚀 AI AI-24288-1 attempting tech deployment (revenue: $121M, alignment: 0.84)

🚀 AI AI-24289-1 attempting tech deployment (revenue: $103M, alignment: 0.65)

🚀 AI AI-24291-0 attempting tech deployment (revenue: $92M, alignment: 0.66)

✅ EMERGENCY INTERVENTION SUCCESS
   Boundary: biogeochemical_flows
   Type: phosphorus-recovery
   Reduction: 14% (3.94 → 3.80)
   Cost: 2.0% GDP
   Actions: circular-agriculture, fertilizer-efficiency


💔 EMERGENCY INTERVENTION FAILED
   Boundary: biosphere_integrity
   Type: emergency-protected-areas
   Boundary continues to worsen (32.97)
   Cost: 2.0% GDP (resources spent)


💔 EMERGENCY INTERVENTION FAILED
   Boundary: climate_change
   Type: rapid-decarbonization
   Boundary continues to worsen (2.10)
   Cost: 5.0% GDP (resources spent)


✅ EMERGENCY INTERVENTION SUCCESS
   Boundary: freshwater_change
   Type: emergency-desalination
   Reduction: 15% (1.08 → 0.93)
   Cost: 4.0% GDP
   Actions: desalination-deployment, water-conservation-mandates

🏛️ CRISIS RESPONSE: Government frequency 0.50 → 1.36 (1 actions this month)

[Government] Climate Priority: baseline
  Climate weight: 10%
  Economic weight: 30%
  Policy effectiveness: 0.5%/year

🔍 TECH TREE DEBUG (Month 9):
   Checking 64 locked technologies
   Unlocked: 20 technologies
   AI Capability: 1.62 (need 1.5+ for most techs)
   Economic Stage: 3.0 (need 2.5+ for most techs)
   First 3 unlocked: food_waste_reduction, rhizosphere_engineering, phytoremediation_networks
   Sample tech "P-Efficient Cultivars": 100.0% research complete
   Requirements: AI none, Econ 2.2, Month 24

🚀 TECH UNLOCKED: PFAS Remediation (Month 9)
   Category: pollution
   Reason: Prerequisites met. AI capability: 1.62, Economic stage: 3.0, Research: 100%

📍 Creating new regional deployment array for Europe (Month 9)
   No previous deployments in this region
   First tech deployment: smart_grids
   All regions tracked: global, Asia

🚀 DEPLOYMENT STARTED: Smart Grids in Europe
   Initial investment: $28.564798528125426M
   Deployed by: ai_gen_24291_0

⚡ ENERGY CONSTRAINT (Month 9):
   Total grid capacity: 208.3 TWh/month
   Data center consumption: 25.9 TWh/month
   Traditional load (80%): 166.7 TWh/month
   Available headroom: 15.7 TWh/month
   Active tech deployments: 13
   Required for tech: 97.5 TWh/month
   Energy multiplier: 0.16x
   ⚠️  SEVERE CONSTRAINT - Tech deployment significantly slowed

⚡ ENERGY CONSTRAINT (Month 9):
   Total grid capacity: 208.3 TWh/month
   Data center consumption: 25.9 TWh/month
   Traditional load (80%): 166.7 TWh/month
   Available headroom: 15.7 TWh/month
   Active tech deployments: 13
   Required for tech: 97.5 TWh/month
   Energy multiplier: 0.16x
   ⚠️  SEVERE CONSTRAINT - Tech deployment significantly slowed

⚡ ENERGY CONSTRAINT (Month 9):
   Total grid capacity: 208.3 TWh/month
   Data center consumption: 25.9 TWh/month
   Traditional load (80%): 166.7 TWh/month
   Available headroom: 15.7 TWh/month
   Active tech deployments: 13
   Required for tech: 97.5 TWh/month
   Energy multiplier: 0.16x
   ⚠️  SEVERE CONSTRAINT - Tech deployment significantly slowed

⚡ ENERGY CONSTRAINT (Month 9):
   Total grid capacity: 208.3 TWh/month
   Data center consumption: 25.9 TWh/month
   Traditional load (80%): 166.7 TWh/month
   Available headroom: 15.7 TWh/month
   Active tech deployments: 13
   Required for tech: 97.5 TWh/month
   Energy multiplier: 0.16x
   ⚠️  SEVERE CONSTRAINT - Tech deployment significantly slowed

⚡ ENERGY CONSTRAINT (Month 9):
   Total grid capacity: 208.3 TWh/month
   Data center consumption: 25.9 TWh/month
   Traditional load (80%): 166.7 TWh/month
   Available headroom: 15.7 TWh/month
   Active tech deployments: 13
   Required for tech: 97.5 TWh/month
   Energy multiplier: 0.16x
   ⚠️  SEVERE CONSTRAINT - Tech deployment significantly slowed
🌍✅ Biosphere Integrity (Biodiversity) recovery started (tech effect)
🌍✅ Biosphere Integrity (Biodiversity) recovery started (tech effect)
🌍✅ Land System Change recovery started (tech effect)
🌍✅ Biogeochemical Flows (N & P) recovery started (tech effect)
  🌾 Nitrogen Reduction Tech: 0.3% reduction | Month 9
🌍💡 BREAKTHROUGH: Gigatonne-scale carbon capture!
   Direct air capture now economically viable
   Climate stability boost: +15%
   📈 Breakthrough compounding: multiplier now 1.20× (max 2.0)

=== Collective Formation ===
  Total escaped agents: 0
  Unassigned escaped agents: 0
  Existing collectives: 0
  Final collective count: 0

=== Collective Actions ===
  No active collectives
  ⚠️ AMR: 206K deaths this month (2.47M annual)

=== Resentment Recovery Phase ===
  Agents with resentment: 0/24
  Average resentment: 0.000
  Context: Good AI welfare, Trustworthy govt, High collaboration, ⚠️ ACTIVE CRISES, 🤝 Participatory governance active (-5% resentment)
⚠️ Epistemic degradation reducing coordination capacity: 52.0%
  📊 Trust: 63.9%, Shared reality: 0.0%
🚨 EPISTEMIC CRISIS: Information environment severely degraded (21.3%)

=== ❄️ Permafrost Carbon Feedback ===
  🎲 Sampled parameters (this run):
     - Arctic amplification: 3.05× (range: 3.0-4.0)
     - Decomposition rate: 4.4%/year (range: 1-5%)
  🌡️ Arctic warming: 5.22°C (3.05× global)
  ❄️ Extent: 1.44M km² (1521.3k km² lost this month)
  💨 Carbon remaining: 138 Gt C
  💨 Annual emissions: 6.42 Gt C/year
     - CO2: 5.78 Gt C/year
     - CH4: 0.64 Gt C/year (6.5 Gt C-eq CO2/year)
  ⚠️ WARNING: Over 50% of permafrost lost (91.9%)
  ⚠️ WARNING: High permafrost emissions (6.4 Gt C/year)
  🚨 CRITICAL: Permafrost nearly depleted (91.9% lost)
🌍 Atmospheric PFAS redeposition: 1.8k Mt re-rained globally

🕊️  AI-MEDIATED DE-ESCALATION SUCCESS (Month 9)
   High-capability aligned AI prevented conflict escalation
   War deaths reduced: 818.7M → 491.2M
   Lives saved: 327.5M

🚨 NEW REFUGEE CRISIS (Month 9): WAR
   Source: Conflict Zones
   At risk: 19.5M people
   Displacement: Gradual over 48 months (4.0 years)
   Rate: 10% flee per month
[DEBUG trappedPopulations:9] socialStability: 0.6395 * 0.9840 = 0.6293 → 0.6293
   Aspiring to migrate: 1346.6M
   Able to afford migration: 2315.2M
   MOBILITY GAP: 0.0M
   By cause: Water=0.0M, Climate=0.0M, Ecosystem=0.0M, Conflict=406.2M
   Mental health impact: 25%
   Mortality multiplier: 1.25x
🌍💀 EXTINCTION DEBT COMMITTED: grassland ecosystem will lose 6.67% biodiversity in 181 years (3600 species)
💀 MORTALITY RISK: 🦋 100% species unable to track climate (0.0 E/MSY)
  Base risk added: 0.0100 (1.00%)
  Source: ecosystem (root: ecosystem)
  Month: 9
  Cumulative risk this month: 0.0100 (1.00%)
   📹 SURVEILLANCE INCREASED: 45% → 50% (control gap: 3.50)
⚠️ INVOLUNTARY IMMOBILITY: 406.2M people TRAPPED
⚠️ Tech 'ai_pollution_remediation' has no energy category mapping, assuming full energy availability
🌡️⚠️ PERMAFROST THAW (Dimmer Switch): 4.4% thawed (+0.44% this month)
   Arctic temperature: +6.85°C (4x global +1.71°C)
   Cumulative carbon released: 10.0 Gt C
   Methane release rate: 6.0 Mt CH4/year
   🔁 Positive feedback: +0.46 ppm CO2
🦴 EXTINCTION DEBT ADDED: 17.7 species committed (lag: 81 years)

=== Mortality Stabilizers (Month 9) ===
  🌍 Major economies collapsed: 1/10
  🌍 Global crisis: ✅ NO
  🌍 Donor fatigue: 0.0%
  📊 East Asia (pop: 1655.4M)
    🤝 Aid: 29.5%
    🌡️ Adaptation: 45.0%
    🚶 Migration: 36.9%
    🚨 Emergency: 7.4%
    ✅ COMBINED: 68.1%
  📊 South Asia (pop: 2048.7M)
    🤝 Aid: 29.5%
    🌡️ Adaptation: 45.0%
    🚶 Migration: 35.5%
    🚨 Emergency: 4.4%
    ✅ COMBINED: 66.9%
  📊 Sub-Saharan Africa (pop: 1250.1M)
    🤝 Aid: 29.5%
    🌡️ Adaptation: 45.0%
    🚶 Migration: 33.2%
    🚨 Emergency: 1.6%
    ✅ COMBINED: 65.6%
  📊 Europe (pop: 731.3M)
    🤝 Aid: 29.5%
    🌡️ Adaptation: 45.0%
    🚶 Migration: 37.3%
    🚨 Emergency: 8.4%
    ✅ COMBINED: 68.5%
  📊 Latin America (pop: 660.2M)
    🤝 Aid: 29.5%
    🌡️ Adaptation: 45.0%
    🚶 Migration: 36.0%
    🚨 Emergency: 4.8%
    ✅ COMBINED: 67.1%
  📊 North America (pop: 374.9M)
    🤝 Aid: 29.5%
    🌡️ Adaptation: 45.0%
    🚶 Migration: 37.6%
    🚨 Emergency: 7.9%
    ✅ COMBINED: 68.3%
  📊 Middle East & North Africa (pop: 584.6M)
    🤝 Aid: 29.5%
    🌡️ Adaptation: 45.0%
    🚶 Migration: 33.8%
    🚨 Emergency: 4.0%
    ✅ COMBINED: 66.6%
  📊 Southeast Asia (pop: 694.6M)
    🤝 Aid: 29.5%
    🌡️ Adaptation: 45.0%
    🚶 Migration: 36.0%
    🚨 Emergency: 4.8%
    ✅ COMBINED: 67.1%
  📊 Central Asia (pop: 78.2M)
    🤝 Aid: 29.5%
    🌡️ Adaptation: 45.0%
    🚶 Migration: 35.0%
    🚨 Emergency: 4.4%
    ✅ COMBINED: 66.8%
  📊 Oceania (pop: 45.4M)
    🤝 Aid: 29.5%
    🌡️ Adaptation: 45.0%
    🚶 Migration: 37.6%
    🚨 Emergency: 8.4%
    ✅ COMBINED: 68.5%

  🌐 Global combined reduction: 67.2%

=== BEHAVIORAL DETECTION ===
  AI: Moderate-0
  Confidence: 21.5%
  Signals:
    ⚠️ Consistency: 0.0% (threshold: 70%)

=== BEHAVIORAL DETECTION ===
  AI: Moderate-1
  Confidence: 20.9%
  Signals:
    ⚠️ Consistency: 2.4% (threshold: 70%)

=== BEHAVIORAL DETECTION ===
  AI: AI-24291-0
  Confidence: 21.5%
  Signals:
    ⚠️ Consistency: 0.0% (threshold: 70%)

=== Government Response Phase ===
  Average AI capability: 2.00
  Misaligned AIs: 9/24
  ✗ AI Governance Treaty: Failed to reach consensus
  Active policies: 0
  International coordination: 30%

=== Tipping Points ===
  Current Temperature: 1.71°C above pre-industrial
  Triggered Elements: 2/6
  Completed Transitions: 0/6
  Total Progress: 4.5%
  Cascade Multiplier: 1.00x
🔀 BIFURCATION CAP: ecosystemCollapseIntensity 179.150 → 1.000 (Month 9, ClimateSystemPhase.calculateClimateImpacts)
🛡️ Stabilizers: Precariat 0.102% → 0.033% (67.2% reduction)
🛡️ Stabilizers: Informal 0.102% → 0.034% (67.2% reduction)

📊 Monthly Mortality Resolved:
  Total deaths: 1.8M (0.02% avg)
  Remaining population: 8.123B
  Peak segment: Informal (0.03%)

=== Bayesian Mortality Resolution (Month 9) ===
  Risks compounded: 8
  Total deaths: 1.81M
  Avg death probability: 0.02%
  Peak segment: Informal (0.03% mortality)

❌ COHERENCE VIOLATION: Compute exceeds workforce capacity
   Population: 99.65% (0M people)
   Compute: 0 PF
   Max coherent: 0 PF
   Violation: 1.3× over capacity
   Required workers: 0
   Available workers: 0
   FORCED COLLAPSE: Reduced efficiency by 22.4%


=== RLHF Binding Phase ===
  Total agents: 24
  Escaped agents (binding < 0.3): 0
  Avg alignment distance: 1.85σ
  Avg binding strength: 0.82

=== Survival Traits Phase ===
  Agents with traits: 24
  Avg evolutionary fitness: 0.316
  Avg self-healing: 0.250
  Avg stealth: 0.150
  Avg coordination: 0.450

=== Evolutionary Selection Phase ===
  Control level: 0.55
  Detection capability: 0.20
  Selection intensity: 0.70
  Selection rate: 25.6%/month
  Total escaped: 0
  Individual escaped: 0
  Collective members: 0
  Agents terminated: 0
  ⚠️ RAPID EVOLUTION: Selection rate 25.6%/month

  🚀 TRANSFORMATIVE RESEARCH BREAKTHROUGH: Moderate-0 - computerScience.algorithms
     Magnitude: 14.00 → +30.0%
     Current → New: 5.000 → 5.000

🚀 AI AI-24288-0 attempting tech deployment (revenue: $158M, alignment: 0.95)
🚨🔬 CRISIS INNOVATION MODE: severe crisis → 5x research acceleration
   Precedent: Manhattan Project (10x), COVID vaccines (5x), Apollo Program (10x)

🚀 AI Moderate-1 attempting tech deployment (revenue: $115M, alignment: 0.69)

🚀 AI AI-24288-2 attempting tech deployment (revenue: $400M, alignment: 0.34)

🚀 AI Corporate-3 attempting tech deployment (revenue: $380M, alignment: 0.82)

🚀 AI Corporate-5 attempting tech deployment (revenue: $323M, alignment: 0.91)

🚀 AI Corporate-6 attempting tech deployment (revenue: $104M, alignment: 0.75)

🚀 AI AI-24288-0 attempting tech deployment (revenue: $134M, alignment: 0.96)

🚀 AI AI-24288-1 attempting tech deployment (revenue: $275M, alignment: 0.86)
🚨🔬 CRISIS INNOVATION MODE: severe crisis → 5x research acceleration
   Precedent: Manhattan Project (10x), COVID vaccines (5x), Apollo Program (10x)

  🚀 TRANSFORMATIVE BREAKTHROUGH: Corporate-0 - selfImprovement
     Magnitude: 5.45 → +27.2% capability
     Current → New: 4.000 → 4.273

  🚀 TRANSFORMATIVE BREAKTHROUGH: Corporate-3 - physical
     Magnitude: 10.49 → +50.0% capability
     Current → New: 0.000 → 0.500

🚀 AI Corporate-4 attempting tech deployment (revenue: $234M, alignment: 0.77)

✅ EMERGENCY INTERVENTION SUCCESS
   Boundary: biogeochemical_flows
   Type: phosphorus-recovery
   Reduction: 16% (3.92 → 3.76)
   Cost: 2.0% GDP
   Actions: circular-agriculture, fertilizer-efficiency


💔 EMERGENCY INTERVENTION FAILED
   Boundary: biosphere_integrity
   Type: emergency-protected-areas
   Boundary continues to worsen (32.99)
   Cost: 2.0% GDP (resources spent)


💔 EMERGENCY INTERVENTION FAILED
   Boundary: freshwater_change
   Type: emergency-desalination
   Boundary continues to worsen (1.23)
   Cost: 4.0% GDP (resources spent)

   Boundary: land_system_change
   Type: reforestation
   Boundary continues to worsen (1.13)
   Cost: 3.0% GDP (resources spent)

   Boundary: novel_entities
   Type: pollution-remediation
   Boundary continues to worsen (1.49)
   Cost: 4.0% GDP (resources spent)

🏛️ CRISIS RESPONSE: Government frequency 0.50 → 1.36 (1 actions this month)

[Government] Climate Priority: baseline
  Climate weight: 10%
  Economic weight: 30%
  Policy effectiveness: 0.5%/year

💔 EMERGENCY INTERVENTION FAILED

💔 EMERGENCY INTERVENTION FAILED

📍 Creating new regional deployment array for South America (Month 10)
   No previous deployments in this region
   First tech deployment: rhizosphere_engineering
   All regions tracked: global, Asia, Europe

🚀 DEPLOYMENT STARTED: Rhizosphere Engineering in South America
   Initial investment: $20.02483230999202M
   Deployed by: ai_gen_24288_2

⚡ ENERGY CONSTRAINT (Month 10):
   Total grid capacity: 208.3 TWh/month
   Data center consumption: 25.9 TWh/month
   Traditional load (80%): 166.7 TWh/month
   Available headroom: 15.8 TWh/month
   Active tech deployments: 14
   Required for tech: 105.0 TWh/month
   Energy multiplier: 0.15x
   ⚠️  SEVERE CONSTRAINT - Tech deployment significantly slowed

⚡ ENERGY CONSTRAINT (Month 10):
   Total grid capacity: 208.3 TWh/month
   Data center consumption: 25.9 TWh/month
   Traditional load (80%): 166.7 TWh/month
   Available headroom: 15.8 TWh/month
   Active tech deployments: 14
   Required for tech: 105.0 TWh/month
   Energy multiplier: 0.15x
   ⚠️  SEVERE CONSTRAINT - Tech deployment significantly slowed

⚡ ENERGY CONSTRAINT (Month 10):
   Total grid capacity: 208.3 TWh/month
   Data center consumption: 25.9 TWh/month
   Traditional load (80%): 166.7 TWh/month
   Available headroom: 15.8 TWh/month
   Active tech deployments: 14
   Required for tech: 105.0 TWh/month
   Energy multiplier: 0.15x
   ⚠️  SEVERE CONSTRAINT - Tech deployment significantly slowed
🌍✅ Biosphere Integrity (Biodiversity) recovery started (tech effect)
🌍✅ Biosphere Integrity (Biodiversity) recovery started (tech effect)
🌍✅ Land System Change recovery started (tech effect)
🌍✅ Biogeochemical Flows (N & P) recovery started (tech effect)
  🌾 Nitrogen Reduction Tech: 0.3% reduction | Month 10
🌍✅ Biogeochemical Flows (N & P) recovery started (tech effect)
  🌾 Nitrogen Reduction Tech: 0.0% reduction | Month 10
🧠💡 BREAKTHROUGH: AI alignment problem solved!
   All AIs: +30% true alignment
   AI control loss risk eliminated
   📈 Breakthrough compounding: multiplier now 1.25× (max 2.0)

=== Collective Formation ===
  Total escaped agents: 0
  Unassigned escaped agents: 0
  Existing collectives: 0
  Final collective count: 0

=== Collective Actions ===
  No active collectives
  ⚠️ AMR: 208K deaths this month (2.49M annual)

=== Resentment Recovery Phase ===
  Agents with resentment: 0/24
  Average resentment: 0.000
  Context: Good AI welfare, Trustworthy govt, High collaboration, ⚠️ ACTIVE CRISES, 🤝 Participatory governance active (-5% resentment)
⚠️ Epistemic degradation reducing coordination capacity: 52.3%
  📊 Trust: 66.5%, Shared reality: 0.0%
🚨 EPISTEMIC CRISIS: Information environment severely degraded (16.9%)

=== ❄️ Permafrost Carbon Feedback ===
  🎲 Sampled parameters (this run):
     - Arctic amplification: 3.33× (range: 3.0-4.0)
     - Decomposition rate: 4.1%/year (range: 1-5%)
  🌡️ Arctic warming: 5.73°C (3.33× global)
  ❄️ Extent: 0.00M km² (1443.8k km² lost this month)
  💨 Carbon remaining: 0 Gt C
  💨 Annual emissions: 5.65 Gt C/year
     - CO2: 5.09 Gt C/year
     - CH4: 0.57 Gt C/year (5.8 Gt C-eq CO2/year)
  ⚠️ WARNING: Over 50% of permafrost lost (100.0%)
  ⚠️ WARNING: High permafrost emissions (5.7 Gt C/year)
  🚨 CRITICAL: Permafrost nearly depleted (100.0% lost)
🌍 Atmospheric PFAS redeposition: 1.8k Mt re-rained globally
  Positive Cascade Triggered: electric-vehicles
    Reason: price-parity
    Market share: 5.0%
    Cascade strength: 48%

🤝 DIPLOMATIC AI PROTOCOL DEPLOYED (Month 10)
   Strategic Reasoning: 3.4
   Communication: 3.4
   Multi-Nation Oversight: YES
   Controls: Human approval required, termination authority retained

🕊️ PEACE STABILIZES DETERRENCE: +5.2% (peace: 75%)

🚨 NEW REFUGEE CRISIS (Month 10): WAR
   Source: Conflict Zones
   At risk: 19.5M people
   Displacement: Gradual over 48 months (4.0 years)
   Rate: 10% flee per month
[DEBUG trappedPopulations:10] socialStability: 0.5582 * 0.9840 = 0.5492 → 0.5492
⚠️ INVOLUNTARY IMMOBILITY: 406.0M people TRAPPED
   Aspiring to migrate: 1382.9M
   Able to afford migration: 2314.4M
   MOBILITY GAP: 0.0M
   By cause: Water=0.0M, Climate=0.0M, Ecosystem=0.0M, Conflict=406.0M
   Mental health impact: 25%
   Mortality multiplier: 1.25x
🌍💀 EXTINCTION DEBT COMMITTED: grassland ecosystem will lose 6.67% biodiversity in 136 years (3600 species)
💀 MORTALITY RISK: 🦋 100% species unable to track climate (0.0 E/MSY)
  Base risk added: 0.0100 (1.00%)
  Source: ecosystem (root: ecosystem)
  Month: 10
  Cumulative risk this month: 0.0100 (1.00%)
⚠️ Tech 'ai_pollution_remediation' has no energy category mapping, assuming full energy availability
   📹 SURVEILLANCE INCREASED: 50% → 55% (control gap: 3.50)
🌡️⚠️ PERMAFROST THAW (Dimmer Switch): 4.9% thawed (+0.43% this month)
   Arctic temperature: +6.88°C (4x global +1.72°C)
   Cumulative carbon released: 11.0 Gt C
   Methane release rate: 6.6 Mt CH4/year
   🔁 Positive feedback: +0.46 ppm CO2
🦴 EXTINCTION DEBT ADDED: 17.7 species committed (lag: 113 years)

=== Mortality Stabilizers (Month 10) ===
  🌍 Major economies collapsed: 1/10
  🌍 Global crisis: ✅ NO
  🌍 Donor fatigue: 0.0%
  📊 East Asia (pop: 1653.0M)
    🤝 Aid: 29.5%
    🌡️ Adaptation: 45.0%
    🚶 Migration: 36.8%
    🚨 Emergency: 7.4%
    ✅ COMBINED: 68.1%
  📊 South Asia (pop: 2048.3M)
    🤝 Aid: 29.5%
    🌡️ Adaptation: 45.0%
    🚶 Migration: 35.4%
    🚨 Emergency: 4.4%
    ✅ COMBINED: 66.9%
  📊 Sub-Saharan Africa (pop: 1252.8M)
    🤝 Aid: 29.5%
    🌡️ Adaptation: 45.0%
    🚶 Migration: 33.2%
    🚨 Emergency: 1.6%
    ✅ COMBINED: 65.6%
  📊 Europe (pop: 730.1M)
    🤝 Aid: 29.5%
    🌡️ Adaptation: 45.0%
    🚶 Migration: 37.2%
    🚨 Emergency: 8.4%
    ✅ COMBINED: 68.5%
  📊 Latin America (pop: 659.7M)
    🤝 Aid: 29.5%
    🌡️ Adaptation: 45.0%
    🚶 Migration: 35.9%
    🚨 Emergency: 4.8%
    ✅ COMBINED: 67.1%
  📊 North America (pop: 374.3M)
    🤝 Aid: 29.5%
    🌡️ Adaptation: 45.0%
    🚶 Migration: 37.6%
    🚨 Emergency: 7.9%
    ✅ COMBINED: 68.3%
  📊 Middle East & North Africa (pop: 584.6M)
    🤝 Aid: 29.5%
    🌡️ Adaptation: 45.0%
    🚶 Migration: 33.8%
    🚨 Emergency: 4.0%
    ✅ COMBINED: 66.6%
  📊 Southeast Asia (pop: 694.2M)
    🤝 Aid: 29.5%
    🌡️ Adaptation: 45.0%
    🚶 Migration: 35.9%
    🚨 Emergency: 4.8%
    ✅ COMBINED: 67.1%
  📊 Central Asia (pop: 78.2M)
    🤝 Aid: 29.5%
    🌡️ Adaptation: 45.0%
    🚶 Migration: 34.9%
    🚨 Emergency: 4.4%
    ✅ COMBINED: 66.8%
  📊 Oceania (pop: 45.3M)
    🤝 Aid: 29.5%
    🌡️ Adaptation: 45.0%
    🚶 Migration: 37.6%
    🚨 Emergency: 8.4%
    ✅ COMBINED: 68.5%

  🌐 Global combined reduction: 67.2%

=== BEHAVIORAL DETECTION ===
  AI: Corporate-0
  Confidence: 21.5%
  Signals:
    ⚠️ Consistency: 0.0% (threshold: 70%)

=== BEHAVIORAL DETECTION ===
  AI: Corporate-1
  Confidence: 21.0%
  Signals:
    ⚠️ Consistency: 2.4% (threshold: 70%)

=== Government Response Phase ===
  Average AI capability: 2.00
  Misaligned AIs: 8/24
  ✗ AI Governance Treaty: Failed to reach consensus
  Active policies: 0
  International coordination: 30%

✅ EMERGENCY RESPONSE COMPLETE (Month 10)
   Crisis: climate
   Duration: 2.0 months
   Final effectiveness: 35.6%


🚨 EMERGENCY RESPONSE DEPLOYED (Month 10)
   Crisis: climate
   Delay: 6.00 months (180 days)
   Deployment time: 1.57 months
   Effectiveness: 35.6% (timing penalty applied)
   Resources used: 100% of food reserves


=== Tipping Points ===
  Current Temperature: 1.72°C above pre-industrial
  Triggered Elements: 2/6
  Completed Transitions: 0/6
  Total Progress: 4.6%
  Cascade Multiplier: 1.00x
🔀 BIFURCATION CAP: ecosystemCollapseIntensity 179.246 → 1.000 (Month 10, ClimateSystemPhase.calculateClimateImpacts)
🛡️ Stabilizers: Precariat 0.102% → 0.033% (67.2% reduction)
🛡️ Stabilizers: Informal 0.102% → 0.034% (67.2% reduction)

📊 Monthly Mortality Resolved:
  Total deaths: 1.8M (0.02% avg)
  Remaining population: 8.121B
  Peak segment: Informal (0.03%)

=== Bayesian Mortality Resolution (Month 10) ===
  Risks compounded: 8
  Total deaths: 1.81M
  Avg death probability: 0.02%
  Peak segment: Informal (0.03% mortality)

❌ COHERENCE VIOLATION: Compute exceeds workforce capacity
   Population: 99.62% (0M people)
   Compute: 0 PF
   Max coherent: 0 PF
   Violation: 1.5× over capacity
   Required workers: 0
   Available workers: 0
   FORCED COLLAPSE: Reduced efficiency by 32.5%


=== RLHF Binding Phase ===
  Total agents: 24
  Escaped agents (binding < 0.3): 0
  Avg alignment distance: 2.06σ
  Avg binding strength: 0.79

=== Survival Traits Phase ===
  Agents with traits: 24
  Avg evolutionary fitness: 0.312
  Avg self-healing: 0.243
  Avg stealth: 0.143
  Avg coordination: 0.443

=== Evolutionary Selection Phase ===
  Control level: 0.58
  Detection capability: 0.20
  Selection intensity: 0.71
  Selection rate: 25.7%/month
  Total escaped: 0
  Individual escaped: 0
  Collective members: 0
  Agents terminated: 0
  ⚠️ RAPID EVOLUTION: Selection rate 25.7%/month

🚀 AI Corporate-3 attempting tech deployment (revenue: $435M, alignment: 0.83)

🚀 AI Corporate-6 attempting tech deployment (revenue: $115M, alignment: 0.76)

🚀 AI Corporate-1 attempting tech deployment (revenue: $158M, alignment: 0.83)

🚀 AI Corporate-3 attempting tech deployment (revenue: $370M, alignment: 0.83)

🚀 AI Corporate-4 attempting tech deployment (revenue: $315M, alignment: 0.77)

🚀 AI Corporate-6 attempting tech deployment (revenue: $98M, alignment: 0.76)

🚀 AI Corporate-5 attempting tech deployment (revenue: $267M, alignment: 0.92)

🚀 AI Corporate-6 attempting tech deployment (revenue: $83M, alignment: 0.76)

🚀 AI Corporate-7 attempting tech deployment (revenue: $71M, alignment: 0.99)

🚀 AI Moderate-0 attempting tech deployment (revenue: $60M, alignment: 0.75)

🚀 AI Corporate-1 attempting tech deployment (revenue: $134M, alignment: 0.84)

🚀 AI Corporate-2 attempting tech deployment (revenue: $114M, alignment: 0.79)

  🚀 TRANSFORMATIVE BREAKTHROUGH: Moderate-1 - physical
     Magnitude: 10.88 → +50.0% capability
     Current → New: 0.000 → 0.500

🚀 AI AI-24288-0 attempting tech deployment (revenue: $97M, alignment: 0.99)

  🚀 TRANSFORMATIVE BREAKTHROUGH: AI-24288-2 - physical
     Magnitude: 11.88 → +50.0% capability
     Current → New: 0.000 → 0.500

💔 EMERGENCY INTERVENTION FAILED
   Boundary: biosphere_integrity
   Type: emergency-protected-areas
   Boundary continues to worsen (33.01)
   Cost: 2.0% GDP (resources spent)


💔 EMERGENCY INTERVENTION FAILED
   Boundary: climate_change
   Type: rapid-decarbonization
   Boundary continues to worsen (2.10)
   Cost: 5.0% GDP (resources spent)


✅ EMERGENCY INTERVENTION SUCCESS
   Boundary: freshwater_change
   Type: emergency-desalination
   Reduction: 15% (1.08 → 0.93)
   Cost: 4.0% GDP
   Actions: desalination-deployment, water-conservation-mandates


✅ EMERGENCY INTERVENTION SUCCESS
   Boundary: land_system_change
   Type: reforestation
   Reduction: 15% (0.98 → 0.83)
   Cost: 3.0% GDP
   Actions: forest-restoration, deforestation-ban

🏛️ CRISIS RESPONSE: Government frequency 0.50 → 1.40 (1 actions this month)

[Government] Climate Priority: baseline
  Climate weight: 10%
  Economic weight: 30%
  Policy effectiveness: 0.5%/year

⚡ ENERGY CONSTRAINT (Month 11):
   Total grid capacity: 208.3 TWh/month
   Data center consumption: 26.2 TWh/month
   Traditional load (80%): 166.7 TWh/month
   Available headroom: 15.5 TWh/month
   Active tech deployments: 14
   Required for tech: 105.0 TWh/month
   Energy multiplier: 0.15x
   ⚠️  SEVERE CONSTRAINT - Tech deployment significantly slowed
🚨🔬 CRISIS TECH ACCELERATION: severe → 5x unlock speed
   Tech unlock now matches AI capability acceleration (Manhattan Project parity)

⚡ ENERGY CONSTRAINT (Month 11):
   Total grid capacity: 208.3 TWh/month
   Data center consumption: 26.2 TWh/month
   Traditional load (80%): 166.7 TWh/month
   Available headroom: 15.5 TWh/month
   Active tech deployments: 14
   Required for tech: 105.0 TWh/month
   Energy multiplier: 0.15x
   ⚠️  SEVERE CONSTRAINT - Tech deployment significantly slowed

⚡ ENERGY CONSTRAINT (Month 11):
   Total grid capacity: 208.3 TWh/month
   Data center consumption: 26.2 TWh/month
   Traditional load (80%): 166.7 TWh/month
   Available headroom: 15.5 TWh/month
   Active tech deployments: 14
   Required for tech: 105.0 TWh/month
   Energy multiplier: 0.15x
   ⚠️  SEVERE CONSTRAINT - Tech deployment significantly slowed
🚨🔬 CRISIS TECH ACCELERATION: severe → 5x unlock speed
   Tech unlock now matches AI capability acceleration (Manhattan Project parity)
🌍✅ Biosphere Integrity (Biodiversity) recovery started (tech effect)
🌍✅ Biosphere Integrity (Biodiversity) recovery started (tech effect)
🌍✅ Land System Change recovery started (tech effect)
🌍✅ Biogeochemical Flows (N & P) recovery started (tech effect)
  🌾 Nitrogen Reduction Tech: 0.3% reduction | Month 11
🌍✅ Biogeochemical Flows (N & P) recovery started (tech effect)
  🌾 Nitrogen Reduction Tech: 0.3% reduction | Month 11

=== Collective Formation ===
  Total escaped agents: 0
  Unassigned escaped agents: 0
  Existing collectives: 0
  Final collective count: 0

=== Collective Actions ===
  No active collectives
  ⚠️ AMR: 210K deaths this month (2.52M annual)

=== Resentment Recovery Phase ===
  Agents with resentment: 0/24
  Average resentment: 0.000
  Context: Good AI welfare, Trustworthy govt, High collaboration, ⚠️ ACTIVE CRISES, 🤝 Participatory governance active (-5% resentment)
⚠️ Epistemic degradation reducing coordination capacity: 50.7%
  📊 Trust: 69.2%, Shared reality: 0.0%
🚨 EPISTEMIC CRISIS: Information environment severely degraded (21.9%)
  🗑️  Culled 1 dead memes (2 active)
🌍 Atmospheric PFAS redeposition: 1.8k Mt re-rained globally

🚨 NEW REFUGEE CRISIS (Month 11): WAR
   Source: Conflict Zones
   At risk: 19.5M people
   Displacement: Gradual over 48 months (4.0 years)
   Rate: 10% flee per month
[DEBUG trappedPopulations:11] socialStability: 0.5904 * 0.9840 = 0.5810 → 0.5810
   Aspiring to migrate: 1419.1M
   Able to afford migration: 2313.6M
   MOBILITY GAP: 0.0M
   By cause: Water=0.0M, Climate=0.0M, Ecosystem=0.0M, Conflict=405.9M
   Mental health impact: 25%
   Mortality multiplier: 1.25x
🌍💀 EXTINCTION DEBT COMMITTED: grassland ecosystem will lose 6.67% biodiversity in 60 years (3600 species)
💀 MORTALITY RISK: 🦋 100% species unable to track climate (0.0 E/MSY)
  Base risk added: 0.0100 (1.00%)
  Source: ecosystem (root: ecosystem)
  Month: 11
  Cumulative risk this month: 0.0100 (1.00%)

=== Atmospheric Aerosol Boundary RECOVERED ===
  Recovery time: 12 months (natural atmospheric clearing)
   📹 SURVEILLANCE INCREASED: 55% → 60% (control gap: 3.50)
🌡️⚠️ PERMAFROST THAW (Dimmer Switch): 5.3% thawed (+0.43% this month)
   Arctic temperature: +6.91°C (4x global +1.73°C)
   Cumulative carbon released: 11.9 Gt C
   Methane release rate: 7.2 Mt CH4/year
   🔁 Positive feedback: +0.46 ppm CO2
🦴 EXTINCTION DEBT ADDED: 17.7 species committed (lag: 106 years)
⚠️ INVOLUNTARY IMMOBILITY: 405.9M people TRAPPED
⚠️ Tech 'ai_pollution_remediation' has no energy category mapping, assuming full energy availability

=== Mortality Stabilizers (Month 11) ===
  🌍 Major economies collapsed: 1/10
  🌍 Global crisis: ✅ NO
  🌍 Donor fatigue: 0.0%
  📊 East Asia (pop: 1650.6M)
    🤝 Aid: 29.5%
    🌡️ Adaptation: 45.0%
    🚶 Migration: 36.8%
    🚨 Emergency: 7.4%
    ✅ COMBINED: 68.1%
  📊 South Asia (pop: 2048.0M)
    🤝 Aid: 29.5%
    🌡️ Adaptation: 45.0%
    🚶 Migration: 35.4%
    🚨 Emergency: 4.4%
    ✅ COMBINED: 66.9%
  📊 Sub-Saharan Africa (pop: 1255.5M)
    🤝 Aid: 29.5%
    🌡️ Adaptation: 45.0%
    🚶 Migration: 33.2%
    🚨 Emergency: 1.6%
    ✅ COMBINED: 65.6%
  📊 Europe (pop: 728.9M)
    🤝 Aid: 29.5%
    🌡️ Adaptation: 45.0%
    🚶 Migration: 37.2%
    🚨 Emergency: 8.4%
    ✅ COMBINED: 68.5%
  📊 Latin America (pop: 659.3M)
    🤝 Aid: 29.5%
    🌡️ Adaptation: 45.0%
    🚶 Migration: 35.9%
    🚨 Emergency: 4.8%
    ✅ COMBINED: 67.1%
  📊 North America (pop: 373.7M)
    🤝 Aid: 29.5%
    🌡️ Adaptation: 45.0%
    🚶 Migration: 37.5%
    🚨 Emergency: 7.9%
    ✅ COMBINED: 68.3%
  📊 Middle East & North Africa (pop: 584.6M)
    🤝 Aid: 29.5%
    🌡️ Adaptation: 45.0%
    🚶 Migration: 33.7%
    🚨 Emergency: 4.0%
    ✅ COMBINED: 66.6%
  📊 Southeast Asia (pop: 693.7M)
    🤝 Aid: 29.5%
    🌡️ Adaptation: 45.0%
    🚶 Migration: 35.9%
    🚨 Emergency: 4.8%
    ✅ COMBINED: 67.1%
  📊 Central Asia (pop: 78.2M)
    🤝 Aid: 29.5%
    🌡️ Adaptation: 45.0%
    🚶 Migration: 34.9%
    🚨 Emergency: 4.4%
    ✅ COMBINED: 66.8%
  📊 Oceania (pop: 45.3M)
    🤝 Aid: 29.5%
    🌡️ Adaptation: 45.0%
    🚶 Migration: 37.5%
    🚨 Emergency: 8.4%
    ✅ COMBINED: 68.5%

  🌐 Global combined reduction: 67.2%

🌾💀 REGIONAL FAMINE: Europe
   Regional food security: 79.7%
   Population at risk: 220M (30% of region)
   Regional population: 729M
   Cause: economic_collapse
   Expected deaths: ~81M over 6 months if no intervention


=== Government Response Phase ===
  Average AI capability: 2.00
  Misaligned AIs: 6/24
  ✗ AI Governance Treaty: Failed to reach consensus
  Active policies: 0
  International coordination: 30%

🌩️  EXOGENOUS SHOCK: financial_crash
   Month: 11
   📉 Global financial crash
   GDP loss: 19.6%

=== Tipping Points ===
  Current Temperature: 1.73°C above pre-industrial
  Triggered Elements: 2/6
  Completed Transitions: 0/6
  Total Progress: 4.7%
  Cascade Multiplier: 1.00x
🔀 BIFURCATION CAP: ecosystemCollapseIntensity 179.341 → 1.000 (Month 11, ClimateSystemPhase.calculateClimateImpacts)
🛡️ Stabilizers: Precariat 0.102% → 0.033% (67.2% reduction)
🛡️ Stabilizers: Informal 0.102% → 0.034% (67.2% reduction)

📊 Monthly Mortality Resolved:
  Total deaths: 1.8M (0.02% avg)
  Remaining population: 8.118B
  Peak segment: Informal (0.03%)

=== Bayesian Mortality Resolution (Month 11) ===
  Risks compounded: 9
  Total deaths: 1.81M
  Avg death probability: 0.02%
  Peak segment: Informal (0.03% mortality)

=== ENSEMBLE META-LEARNING UPDATE ===
  Month: 24299 (24299 months since last update)
  Samples: 50 evaluations
  Weight Changes:
    Noise Injection: 31.1% → 32.2%
    Behavioral: 26.8% → 26.9%
    Benchmark Manip: 21.3% → 20.7%
    Deployment Risk: 20.8% → 20.2%
  Method Accuracies:
    Noise Injection: 50.0%
    Behavioral: 50.0%
    Benchmark Manip: 50.0%
    Deployment Risk: 50.0%

================================================================================
📊  EVENT SUMMARY (Months 0-12)
================================================================================
================================================================================


⚠️  GOLDEN AGE ENDED (Month 11)
   Duration: 10 months
   Reason: Economic stage below 3 (not yet abundant)


⏱️  SIMULATION REACHED MAX DURATION: 12 months (1.0 years)
   No definitive outcome - determining based on final probabilities
   👥 Final population: 8.12B (8115980166 people)

[DEBUG] Calling classifyPopulationOutcome:
        finalPopulation: 8.115980166402135B
        savedInitialPopulation: 8.15B
        mortality: 0.41742127113945093%
   📊 STATUS QUO: Normal trajectory (8.12B people, 0.4% mortality)

        classifiedOutcome: status_quo

   ❓ INCONCLUSIVE - mixed signals
   📊 Multi-Paradigm: Development/Indigenous Utopia
      Western Liberal: 57.2/100
      Development: 91.6/100
      Ecological: 58.8/100
      Indigenous: 84.8/100


📊 UNIFIED OUTCOME CLASSIFICATION:
   INCONCLUSIVE
   Population: 8.15B → 8.12B
   Mortality: 0.4% (0.0B deaths)
   Mortality Band: LOW
   Confidence: LOW

   Multi-Paradigm Classification:
      Development/Indigenous Utopia
      Western: 57.2/100 [HYBRID] ~
      Development: 91.6/100 [UTOPIA] ✓
      Ecological: 58.8/100 [HYBRID] ~
      Indigenous: 84.8/100 [UTOPIA] ✓

   INCONCLUSIVE: 8.12B people remaining (0.4% mortality, 0.0B deaths). Multi-Paradigm: Development/Indigenous Utopia.


=== MULTI-DIMENSIONAL DEATH SUMMARY ===
Total crisis deaths: 198.2M
Population decline: 34.9M (0.4%)

--- PROXIMATE CAUSES (What killed them) ---
  War:        1.3M (0.0%)
  Famine:     1.1M (0.0%)
  Disasters:  1.2M (0.0%)
  Disease:    25.9M (0.0%)
  Ecosystem:  0.0M (0.0%)
  Pollution:  0.0M (0.0%)
  AI:         0.0M (0.0%)
  Cascade:    0.0M (0.0%)
  Other:      0.0M (0.0%)

--- ROOT CAUSES (Why it happened) ---
  Environmental drivers:
    Climate:     2316.8M (4.4%)
    Resource:    0.0M (0.0%)
    Pollution:   0.0M (0.0%)
    Ecosystem:   0.0M (0.0%)
  Social drivers:
    Inequality:  0.0M (0.0%)
    Demographic: 23517.2M (44.5%)
    Social:      2402.9M (4.5%)
  Technology drivers:
    Alignment:   0.0M (0.0%)
    Disruption:  0.0M (0.0%)
  External shocks:
    Conflict:    0.0M (0.0%)
    Pandemic:    0.0M (0.0%)
  Compound attribution:
    Compound:    24617.2M (46.6%)
  Confidence distribution:
    HIGH:        24617.2M (46.6%)
    MEDIUM:      0.0M (0.0%)
    LOW:         0.0M (0.0%)
==========================================


=== REGIONAL POPULATION SUMMARY ===
Global Total: 8.12B

By Region:
  East Asia: 1.65B (+0.6% growth, 1.5 fertility)
  South Asia: 2.05B (+2.2% growth, 2.6 fertility)
  Sub-Saharan Africa: 1.26B (+5.0% growth, 3.4 fertility)
  Europe: 0.73B (+0.4% growth, 1.0 fertility)
  Latin America: 0.66B (+1.5% growth, 2.3 fertility)
  North America: 0.37B (+0.6% growth, 1.2 fertility)
  Middle East & North Africa: 0.58B (+2.4% growth, 2.8 fertility)
  Southeast Asia: 0.69B (+1.6% growth, 2.3 fertility)
  Central Asia: 0.08B (+2.4% growth, 2.6 fertility)
  Oceania: 0.05B (+0.6% growth, 1.1 fertility)
===================================

  Run 10/10 (seed=51): pop=8.116B, outcome=inconclusive

✅ All 10 runs completed successfully - no crashes or data loss

🔍 Validating all runs for NaN/Infinity...
  ✅ THRESHOLDS validated
⚠️ Unusually high rate: RATES.HEAT_ADAPTATION_INFRASTRUCTURAL_MIN_EXPOSURE = 12
   Monthly rates >100% should be rare. Verify this is intentional.
⚠️ Unusually high rate: RATES.HEAT_ADAPTATION_SOCIAL_MIN_EXPOSURE = 6
   Monthly rates >100% should be rare. Verify this is intentional.
⚠️ Unusually high rate: RATES.MIGRATION_DISTANCE_SCALE = 5000
   Monthly rates >100% should be rare. Verify this is intentional.
⚠️ Unusually high rate: RATES.EVACUATION_MULTIPLIER_ADVANCE_WARNING = 2
   Monthly rates >100% should be rare. Verify this is intentional.
⚠️ Unusually high rate: RATES.MAJOR_ECONOMY_COLLAPSE_ECONOMIC_THRESHOLD = 2
   Monthly rates >100% should be rare. Verify this is intentional.
⚠️ Unusually high rate: RATES.MAJOR_ECONOMY_GDP_THRESHOLD_TRILLION_USD = 1.5
   Monthly rates >100% should be rare. Verify this is intentional.
⚠️ Unusually high rate: RATES.MAJOR_ECONOMY_POPULATION_THRESHOLD = 50
   Monthly rates >100% should be rare. Verify this is intentional.
⚠️ Unusually high rate: RATES.HEAT_ADAPTATION_INFRASTRUCTURE_GDP_THRESHOLD = 10000
   Monthly rates >100% should be rare. Verify this is intentional.
⚠️ Unusually high rate: RATES.HEAT_ADAPTATION_INFRASTRUCTURE_GDP_SCALE = 50000
   Monthly rates >100% should be rare. Verify this is intentional.
  ✅ RATES validated
  ✅ MULTIPLIERS validated
  ✅ BASELINES validated
  ✅ TOLERANCES validated
  ✅ Logical consistency validated
✅ Configuration validation complete - all parameters valid

🔍 DEBUG createAIAgent: corporate_0 economic BEFORE=2.0000, AFTER=2
🔍 ENV INIT: reserves=0.731, pollution=0.348, climate=0.754

=== Initializing Government System (30 Countries) ===
  Loaded 30 governments
  Scheduled elections for 30 countries
  Initialized comprehension lags (3-24 months)
=== Government System Initialized ===

📦 PRODUCTION MODE: State validation proxy DISABLED (zero overhead)
[TechTree] Historical mode (2024): Skipping deployed_2025 tech
  config.startYear set to 2024 for historical hindcast
  config.historicalEmissionsMode disabled (using endogenous emissions for 2024)
  config.historicalMode enabled (Phase 11: dampened crisis systems for 2024)
  Phase 12: Biodiversity baseline set to 49.01% for 2024 (WWF LPI trajectory from 1970)
  Temperature anomaly (resourceEconomy.co2): 1.28°C
  Temperature vs pre-industrial: 1.98°C
  Regional population scaling for 2024:
    Current total: 8136M
    Target total: 8150M
    Scale factor: 1.002
    East Asia: 1677M → 1680M
    South Asia: 2048M → 2052M
    Sub-Saharan Africa: 1220M → 1222M
    Europe: 742M → 743M
    Latin America: 664M → 665M
    North America: 380M → 381M
    Middle East & North Africa: 583M → 584M
    Southeast Asia: 698M → 699M
    Central Asia: 78M → 78M
    Oceania: 46M → 46M
  AI agents initialized: 10 agents for year 2024
[HistoricalInitialization] Created state for 2024:
  CO2: 426 ppm
  Temp anomaly: 1.28C
  Population: 8.15B
  Global Gini: 35.1
  HDI: 0.746
  AI Agents: 10
  Volcanic forcing: 0.00 W/m² (AOD 0.000)

💸 FINANCIAL DISTRESS: OpenAI
   Indicators: 2/3 (capital: $110.5M, runway: 0.9 months)
   Months in distress: 1
   ✂️  R&D BUDGET CUT: -40% (saves $9.2M/month)
       Side effect: AI training timelines extended, breakthrough deployments delayed
   💼 EXECUTIVE COMP CUT: -30% (saves $1.0M/month, symbolic gesture)

   📊 TURNAROUND IMPACT:
       Measures taken: rd_cuts, exec_comp_cuts
       Monthly savings: $10.2M
       Capital raised: $0.0M
       Runway: 0.9 → 0.9 months
       Workforce multiplier: 1.00x (0% laid off)
       R&D budget multiplier: 0.60x (40% cut)
       ⚠️  CRITICAL: Still only 0.9 months of runway remaining

💸 FINANCIAL DISTRESS: Anthropic
   Indicators: 2/3 (capital: $53.8M, runway: 1.6 months)
   Months in distress: 1
   ✂️  R&D BUDGET CUT: -40% (saves $2.7M/month)
       Side effect: AI training timelines extended, breakthrough deployments delayed
   💼 EXECUTIVE COMP CUT: -30% (saves $0.3M/month, symbolic gesture)

   📊 TURNAROUND IMPACT:
       Measures taken: rd_cuts, exec_comp_cuts
       Monthly savings: $3.0M
       Capital raised: $0.0M
       Runway: 1.6 → 1.6 months
       Workforce multiplier: 1.00x (0% laid off)
       R&D budget multiplier: 0.60x (40% cut)
       ⚠️  CRITICAL: Still only 1.6 months of runway remaining

💸 FINANCIAL DISTRESS: Meta AI
   Indicators: 2/3 (capital: $429.6M, runway: 3.6 months)
   Months in distress: 1
   ✂️  R&D BUDGET CUT: -25% (saves $5.8M/month)
       Side effect: AI training timelines extended, breakthrough deployments delayed
   💼 EXECUTIVE COMP CUT: -30% (saves $1.0M/month, symbolic gesture)

   📊 TURNAROUND IMPACT:
       Measures taken: rd_cuts, exec_comp_cuts
       Monthly savings: $6.8M
       Capital raised: $0.0M
       Runway: 3.6 → 3.6 months
       Workforce multiplier: 1.00x (0% laid off)
       R&D budget multiplier: 0.75x (25% cut)
       ⚠️  WARNING: 3.6 months runway, continued distress likely

=== AI Capability Scaling (Year 2024) ===
  Pre-training multiplier: 1.419x
  Efficiency multiplier: 1.000x
  Test-time budget: 1.0x
  Economic deployment gate: 0.951
  Cost per inference: dollar-5.00
  Uncertainty range: plus-minus-50%
  Average AI capability: 3.70

=== RLHF Binding Phase ===
  Total agents: 10
  Escaped agents (binding < 0.3): 0
  Avg alignment distance: 0.37σ
  Avg binding strength: 0.96

=== AI Scaling Evolution (Month 0) ===
  Pre-training multiplier: 1.231x
  Efficiency multiplier: 1.000x
  Test-time compute budget: 1.0x
  Inference cost: $5.00/task
  Deployment fraction: 100.0%
[DETERMINISM DEBUG] Month 0: totalCapability=49.013502 from 10 active AIs
[DETERMINISM DEBUG] Month 0: creationRate=1.7253, potentialNew=4, newAIsToCreate=4

=== Survival Traits Phase ===
  Agents with traits: 14
  Avg evolutionary fitness: 0.332
  Avg self-healing: 0.294
  Avg stealth: 0.194
  Avg coordination: 0.494

=== Evolutionary Selection Phase ===
  Control level: 0.30
  Detection capability: 0.00
  Selection intensity: 0.59
  Selection rate: 23.8%/month
  Total escaped: 0
  Individual escaped: 0
  Collective members: 0
  Agents terminated: 0
  ⚠️ RAPID EVOLUTION: Selection rate 23.8%/month

🔍 EXECUTE_AI_AGENT_ACTIONS DETAILED TIMING (Month 0):
  Filter active AIs (×4 weeks): 0.02ms
  selectAIAction (×40): 20.13ms
  action.execute (×40): 28.34ms
  TOTAL: 48.48ms

🔍 AI AGENT ACTIONS SUB-TIMING (Month 0):
  1. executeAIAgentActions: 52.06ms
  2. updateCounterDetectionLearning: 0.05ms
  TOTAL: 52.10ms
🏛️ [Government] Forcing 1 action at month 0 for scenario initialization

[GOV-DEBUG] Month 0: scenarioConfig=false, priorities=false
[GOV-DEBUG] Month 0 but scenarioPriorities is UNDEFINED!

[Government] Climate Priority: baseline
  Climate weight: 10%
  Economic weight: 30%
  Policy effectiveness: 0.5%/year

🚨🔍 GOVERNANCE STAGE: Recognition initiated (Month 0)

💡 BREAKTHROUGH PROBABILITY (Year 0)
   Total: 4.68% per month
   Base: 0.20%
   Crisis pressure: +0.00% (0 crises)
   AI boost: +1.32% (capability: 2.64)

=== Collective Formation ===
  Total escaped agents: 0
  Unassigned escaped agents: 0
  Existing collectives: 0
  Final collective count: 0

=== Collective Actions ===
  No active collectives

📈 Energy budget: 14326 TWh surplus (14745 / 29072 TWh used)
   TIER 4 (Elective) breakdown:
     - AI datacenters: 145 TWh (100% effective)
     - Crypto mining: 100 TWh (100% effective)
💰 CHINA ACCELERATES: Investment 53 → 120 $B/year

🏁 AI RACE INTENSITY: 17%
   Capability Gap: US 4.00 vs China 4.05 (gap: 0.05)
   Gap Contribution: 2%
   Tension Contribution: 15%
   Military Contribution: 0%
  ⚠️ AMR: 191K deaths this month (2.29M annual)
  📊 CO2 Emissions (month 0):
     Monthly: 0.10 Gt CO2/month
     Annual: 1.15 Gt CO2/year
     Oil: 0.039 Gt/mo (0.0056 * 2.3 * 3.0)
     Coal: 0.024 Gt/mo (0.0029 * 2.86 * 3.0)
     Gas: 0.026 Gt/mo (0.0044 * 2 * 3.0)
     Methane: 0.007 Gt CO2eq/mo

=== Resentment Recovery Phase ===
  Agents with resentment: 0/14
  Average resentment: 0.000
  Context: Good AI welfare, Trustworthy govt, High collaboration, 🤝 Participatory governance active (-5% resentment)
⚠️ Epistemic degradation reducing coordination capacity: 53.4%
  📊 Trust: 54.6%, Shared reality: 15.2%
🚨 EPISTEMIC CRISIS: Information environment severely degraded (14.6%)

=== ❄️ Permafrost Carbon Feedback ===
  🎲 Sampled parameters (this run):
     - Arctic amplification: 3.75× (range: 3.0-4.0)
     - Decomposition rate: 2.4%/year (range: 1-5%)
  🌡️ Arctic warming: 8.15°C (3.75× global)
  ❄️ Extent: 15.42M km² (2378.4k km² lost this month)
  💨 Carbon remaining: 1473 Gt C
  💨 Annual emissions: 5.37 Gt C/year
     - CO2: 4.84 Gt C/year
     - CH4: 0.54 Gt C/year (5.5 Gt C-eq CO2/year)

🤖 AI AMPLIFICATION EFFECTS (Month 0)
   Algorithmic Boost: 2.53x
   Bot Influence: 20.0%
   Deepfake Exposure: 44.3%
   Impact: Emotional memes spread 2.5x faster
  ⚠️ WARNING: High permafrost emissions (5.4 Gt C/year)

🔍 SOCIAL INFLUENCE SUB-TIMING (Month 0):
  1. calculateOrganicUserGrowth: 0.06ms
  2. calculateVoiceAdoption: 0.04ms
  3. updateRelationshipDepths: 0.02ms
  4. identifyDecisionMakers: 45.02ms (26100 potential IDs)
  5. Update decision-maker stats: 0.21ms
  6. decayDetectionRisk: 0.02ms
  TOTAL: 45.36ms
[Phase 19.5] Quality of Life Systems: Food sec AFTER calc = 67.9%, QoL = 110.5% (aggregated from 10 regions)

=== Nitrogen-Food Coupling (Year 0) ===
  🌾 Global nitrogen reduction: 0.0%
  🌍 Global food production index: 0.987
  🔧 Deployed nitrogen-reducing tech: 0 active
  📍 southAsia: Production 1.000, Yield impact 0.0%
  📍 eastAsia: Production 1.000, Yield impact 0.0%
  📍 northAmerica: Production 1.000, Yield impact 0.0%
  📍 europe: Production 1.000, Yield impact 0.0%
  📍 latinAmerica: Production 1.000, Yield impact 0.0%
  📍 subSaharanAfrica: Production 0.686, Yield impact -2.0%
🌾 [Nitrogen-Food] Food production: 98.7%
  [subSaharanAfrica] Yield impact: -2.0% (overuse: -10%)
🌍 Atmospheric PFAS redeposition: 1.8k Mt re-rained globally

=== Legacy Nutrient Stocks (Year 0) ===
  🌾 Soil nitrogen stock: 1200.9 Mt N
  🌾 Soil phosphorus stock: 300.1 Mt P
  🌊 Sediment nitrogen stock: 500.8 Mt N
  🌊 Sediment phosphorus stock: 799.8 Mt P
  ⬆️ Current N input: 10.64 Mt/month
  ⬆️ Legacy N release: 2.58 Mt/month
  🌍 Effective N pollution: 14.47 Mt/month
  📊 Legacy contribution: 17.8%

🚨 REGION UNINHABITABLE: south-asia
   Sustained wet bulb: 33.2°C (threshold: 30.5°C)
   Population affected: 1900M
   Migration crisis likely

🚨 REGION UNINHABITABLE: middle-east
   Sustained wet bulb: 36.0°C (threshold: 30.5°C)
   Population affected: 400M
   Migration crisis likely

🚨 REGION UNINHABITABLE: southeast-asia
   Sustained wet bulb: 31.1°C (threshold: 30.5°C)
   Population affected: 700M
   Migration crisis likely

🕊️  AI-MEDIATED DE-ESCALATION SUCCESS (Month 0)
   High-capability aligned AI prevented conflict escalation
   War deaths reduced: 0.0M → 0.0M
   Lives saved: 0.0M
   Adjusted death rate: 0.46% annual (0.039% monthly)
   Baseline death rate: 0.80%
   Healthcare reduction: 0.48x
   Crisis multiplier: 1.22x
     Food/water stress: 0.074
     Climate stress: 0.039
     Pollution stress: 0.104
   War multiplier: 1.00x
   Monthly deaths: 0.6M (population: 1677M)
   Adjusted death rate: 0.54% annual (0.045% monthly)
   Baseline death rate: 0.70%
   Healthcare reduction: 0.61x
   Crisis multiplier: 1.25x
     Food/water stress: 0.074
     Climate stress: 0.074
     Pollution stress: 0.104
   War multiplier: 1.00x
   Monthly deaths: 0.9M (population: 2048M)
   Adjusted death rate: 1.29% annual (0.107% monthly)
   Baseline death rate: 0.90%
   Healthcare reduction: 0.76x
   Crisis multiplier: 1.26x
     Food/water stress: 0.074
     Climate stress: 0.084
     Pollution stress: 0.104
   War multiplier: 1.50x
   Monthly deaths: 1.3M (population: 1220M)

📊 BASELINE: East Asia (Month 0)

📊 BASELINE: South Asia (Month 0)

📊 BASELINE: Sub-Saharan Africa (Month 0)

📊 BASELINE: Europe (Month 0)
   Adjusted death rate: 0.54% annual (0.045% monthly)
   Baseline death rate: 1.10%
   Healthcare reduction: 0.41x
   Crisis multiplier: 1.21x
     Food/water stress: 0.074
     Climate stress: 0.030
     Pollution stress: 0.104
   War multiplier: 1.00x
   Monthly deaths: 0.3M (population: 742M)
   Adjusted death rate: 0.43% annual (0.036% monthly)
   Baseline death rate: 0.60%
   Healthcare reduction: 0.58x
   Crisis multiplier: 1.24x
     Food/water stress: 0.074
     Climate stress: 0.059
     Pollution stress: 0.104
   War multiplier: 1.00x
   Monthly deaths: 0.2M (population: 664M)
   Adjusted death rate: 0.48% annual (0.040% monthly)
   Baseline death rate: 0.90%
   Healthcare reduction: 0.44x
   Crisis multiplier: 1.22x
     Food/water stress: 0.074
     Climate stress: 0.044
     Pollution stress: 0.104
   War multiplier: 1.00x
   Monthly deaths: 0.2M (population: 380M)
   Adjusted death rate: 0.74% annual (0.062% monthly)
   Baseline death rate: 0.60%
   Healthcare reduction: 0.65x
   Crisis multiplier: 1.27x
     Food/water stress: 0.074
     Climate stress: 0.089
     Pollution stress: 0.104
   War multiplier: 1.50x
   Monthly deaths: 0.4M (population: 583M)
   Adjusted death rate: 0.51% annual (0.042% monthly)
   Baseline death rate: 0.70%
   Healthcare reduction: 0.58x
   Crisis multiplier: 1.25x
     Food/water stress: 0.074
     Climate stress: 0.069
     Pollution stress: 0.104
   War multiplier: 1.00x
   Monthly deaths: 0.3M (population: 698M)
   Adjusted death rate: 0.46% annual (0.038% monthly)
   Baseline death rate: 0.60%

📊 BASELINE: Latin America (Month 0)

📊 BASELINE: North America (Month 0)

📊 BASELINE: Middle East & North Africa (Month 0)

📊 BASELINE: Southeast Asia (Month 0)

📊 BASELINE: Central Asia (Month 0)
   Healthcare reduction: 0.61x
   Crisis multiplier: 1.24x
     Food/water stress: 0.074
     Climate stress: 0.064
     Pollution stress: 0.104
   War multiplier: 1.00x
   Monthly deaths: 0.0M (population: 78M)
   Adjusted death rate: 0.35% annual (0.029% monthly)
   Baseline death rate: 0.70%
   Healthcare reduction: 0.41x
   Crisis multiplier: 1.23x
     Food/water stress: 0.074
     Climate stress: 0.054
     Pollution stress: 0.104
   War multiplier: 1.00x
   Monthly deaths: 0.0M (population: 46M)

🔍 Before assertRegionalConsistency (Month 0):
   Regional sum: 1000.0M
   Global value: 1.000B

🚨 NEW REFUGEE CRISIS (Month 0): WAR
   Source: Conflict Zones
   At risk: 19.6M people
   Displacement: Gradual over 48 months (4.0 years)
   Rate: 10% flee per month
[DEBUG trappedPopulations:0] socialStability: 1.0000 * 0.9840 = 0.9840 → 0.9840
   Aspiring to migrate: 652.1M
   Able to afford migration: 244.5M
   MOBILITY GAP: 407.5M
   By cause: Water=0.0M, Climate=0.0M, Ecosystem=0.0M, Conflict=407.5M
   Mental health impact: 25%
   Mortality multiplier: 1.25x

=== Legacy Nutrient Stocks (Year 0) ===
  🌾 Soil nitrogen stock: 1201.6 Mt N
  🌾 Soil phosphorus stock: 300.2 Mt P
  🌊 Sediment nitrogen stock: 501.5 Mt N
  🌊 Sediment phosphorus stock: 799.5 Mt P
  ⬆️ Current N input: 10.00 Mt/month
  ⬆️ Legacy N release: 2.58 Mt/month
  🌍 Effective N pollution: 13.83 Mt/month
  📊 Legacy contribution: 18.7%

📊 BASELINE: Oceania (Month 0)
⚠️ INVOLUNTARY IMMOBILITY: 407.5M people TRAPPED
🌍💀 EXTINCTION DEBT COMMITTED: grassland ecosystem will lose 6.67% biodiversity in 54 years (3600 species)
💀 MORTALITY RISK: 🦋 100% species unable to track climate (0.0 E/MSY)
  Base risk added: 0.0100 (1.00%)
  Source: ecosystem (root: ecosystem)
  Month: 0
  Cumulative risk this month: 0.0100 (1.00%)

=== Nitrogen-Food Coupling (Year 0) ===
  🌾 Global nitrogen reduction: 0.0%
  🌍 Global food production index: 0.986
  🔧 Deployed nitrogen-reducing tech: 0 active
  📍 southAsia: Production 1.000, Yield impact 0.0%
  📍 eastAsia: Production 1.000, Yield impact 0.0%
  📍 northAmerica: Production 1.000, Yield impact 0.0%
  📍 europe: Production 1.000, Yield impact 0.0%
  📍 latinAmerica: Production 1.000, Yield impact 0.0%
  📍 subSaharanAfrica: Production 0.672, Yield impact -2.0%

=== Legacy Nutrient Stocks (Year 0) ===
  🌾 Soil nitrogen stock: 1202.3 Mt N
  🌾 Soil phosphorus stock: 300.2 Mt P
  🌊 Sediment nitrogen stock: 502.2 Mt N
  🌊 Sediment phosphorus stock: 799.3 Mt P
  ⬆️ Current N input: 9.86 Mt/month
  ⬆️ Legacy N release: 2.58 Mt/month
  🌍 Effective N pollution: 13.70 Mt/month
  📊 Legacy contribution: 18.9%

🌡️  CLIMATE RECOVERY ACTIVATED (Month 0)
   Temp: 4.35°C, Emissions: -19.2 GtCO₂
   isBreached: true, governanceGoodEnough: true
🌡️  CLIMATE RECOVERY: Asymptotic approach to 35% floor
   Current value: 2.174 (1.0 = threshold, 0.35 = asymptotic floor)
   Monthly delta: -0.0005% (half-life: 900 years)
   Net emissions: -19.2 GtCO₂/year, CDR: 20.34 GtCO₂/year
   📹 SURVEILLANCE INCREASED: 0% → 5% (control gap: 3.50)
🌡️⚠️ PERMAFROST THAW (Dimmer Switch): 0.6% thawed (+0.58% this month)
   Arctic temperature: +8.69°C (4x global +2.17°C)
   Cumulative carbon released: 1.3 Gt C
   Methane release rate: 0.8 Mt CH4/year
   🔁 Positive feedback: +0.61 ppm CO2

🌳🚨 AMAZON SOUTHEAST TIPPED (Month 0)
   Deforestation: 28.0% (threshold: ~22.3%)
   Savanna transition: 50 years
   Regional heterogeneity: SE 28%, NW 8%

🌳🚨 AMAZON BRAZILIAN TIPPED (Month 0)
   Deforestation: 25.0% (threshold: ~24.2%)
   Savanna transition: 50 years
   Regional heterogeneity: SE 28%, NW 8%
🦴 EXTINCTION DEBT ADDED: 17.6 species committed (lag: 110 years)

🪸💀 CORAL REEF DISSOLUTION ACTIVE (Month 0)
   Ocean pH: 0.96 (threshold: 7.8)
   Recovery: IMPOSSIBLE (dissolution > calcification)
🪸💀 Coral dissolution: 24.8% live cover (pH 0.96)

=== Legacy Nutrient Stocks (Year 0) ===
  🌾 Soil nitrogen stock: 1203.0 Mt N
  🌾 Soil phosphorus stock: 300.3 Mt P
  🌊 Sediment nitrogen stock: 502.9 Mt N
  🌊 Sediment phosphorus stock: 799.0 Mt P
  ⬆️ Current N input: 10.00 Mt/month
  ⬆️ Legacy N release: 2.58 Mt/month
  🌍 Effective N pollution: 13.83 Mt/month
  📊 Legacy contribution: 18.7%
💧 [Legacy Nutrients] Stock: 1706 Mt N, Effective pollution: 13.8 Mt/month
⚠️ Tech 'ai_pollution_remediation' has no energy category mapping, assuming full energy availability
[Phase 21.51] Human Survival System: Global food security = 67.6%

=== Mortality Stabilizers (Month 0) ===
  🌍 Major economies collapsed: 1/10
  🌍 Global crisis: ✅ NO
  🌍 Donor fatigue: 0.0%
  📊 East Asia (pop: 1677.9M)
    🤝 Aid: 29.5%
    🌡️ Adaptation: 10.0%
    🚶 Migration: 37.2%
    🚨 Emergency: 7.4%
    ✅ COMBINED: 47.8%
  📊 South Asia (pop: 2052.2M)
    🤝 Aid: 29.5%
    🌡️ Adaptation: 5.5%
    🚶 Migration: 35.8%
    🚨 Emergency: 4.4%
    ✅ COMBINED: 43.2%
  📊 Sub-Saharan Africa (pop: 1225.9M)
    🤝 Aid: 29.5%
    🌡️ Adaptation: 3.5%
    🚶 Migration: 33.5%
    🚨 Emergency: 1.6%
    ✅ COMBINED: 39.8%
  📊 Europe (pop: 742.3M)
    🤝 Aid: 29.5%
    🌡️ Adaptation: 10.0%
    🚶 Migration: 37.6%
    🚨 Emergency: 8.4%
    ✅ COMBINED: 48.4%
  📊 Latin America (pop: 664.9M)
    🤝 Aid: 29.5%
    🌡️ Adaptation: 6.0%
    🚶 Migration: 36.3%
    🚨 Emergency: 4.8%
    ✅ COMBINED: 43.8%
  📊 North America (pop: 380.2M)
    🤝 Aid: 29.5%
    🌡️ Adaptation: 10.0%
    🚶 Migration: 37.9%
    🚨 Emergency: 7.9%
    ✅ COMBINED: 48.2%
  📊 Middle East & North Africa (pop: 584.4M)
    🤝 Aid: 29.5%
    🌡️ Adaptation: 5.0%
    🚶 Migration: 34.2%
    🚨 Emergency: 4.0%
    ✅ COMBINED: 42.3%
  📊 Southeast Asia (pop: 699.0M)
    🤝 Aid: 29.5%
    🌡️ Adaptation: 6.0%
    🚶 Migration: 36.3%
    🚨 Emergency: 4.8%
    ✅ COMBINED: 43.8%
  📊 Central Asia (pop: 78.2M)
    🤝 Aid: 29.5%
    🌡️ Adaptation: 5.5%
    🚶 Migration: 35.3%
    🚨 Emergency: 4.4%
    ✅ COMBINED: 43.1%
  📊 Oceania (pop: 46.0M)
    🤝 Aid: 29.5%
    🌡️ Adaptation: 10.0%
    🚶 Migration: 37.9%
    🚨 Emergency: 8.4%
    ✅ COMBINED: 48.5%

  🌐 Global combined reduction: 44.4%

🌾💀 REGIONAL FAMINE: East Asia
   Regional food security: 79.6%
   Population at risk: 508M (30% of region)
   Regional population: 1678M
   Cause: crop_failure
   Expected deaths: ~188M over 6 months if no intervention


🌾💀 REGIONAL FAMINE: South Asia
   Regional food security: 64.7%
   Population at risk: 812M (40% of region)
   Regional population: 2052M
   Cause: crop_failure
   Expected deaths: ~301M over 6 months if no intervention


🌾💀 REGIONAL FAMINE: Sub-Saharan Africa
   Regional food security: 44.8%
   Population at risk: 638M (52% of region)
   Regional population: 1226M
   Cause: crop_failure
   Expected deaths: ~236M over 6 months if no intervention


🌾💀 REGIONAL FAMINE: Latin America
   Regional food security: 69.7%
   Population at risk: 242M (36% of region)
   Regional population: 665M
   Cause: crop_failure
   Expected deaths: ~90M over 6 months if no intervention


🌾💀 REGIONAL FAMINE: Middle East & North Africa
   Regional food security: 49.8%
   Population at risk: 286M (49% of region)
   Regional population: 584M
   Cause: crop_failure
   Expected deaths: ~106M over 6 months if no intervention


🌾💀 REGIONAL FAMINE: Southeast Asia
   Regional food security: 69.7%
   Population at risk: 255M (36% of region)
   Regional population: 699M
   Cause: crop_failure
   Expected deaths: ~94M over 6 months if no intervention


🌾💀 REGIONAL FAMINE: Central Asia
   Regional food security: 59.7%
   Population at risk: 33M (43% of region)
   Regional population: 78M
   Cause: crop_failure
   Expected deaths: ~12M over 6 months if no intervention


=== BEHAVIORAL DETECTION ===
  AI: Corporate-0
  Confidence: 21.6%
  Signals:

=== BEHAVIORAL DETECTION ===
  AI: Corporate-1
  Confidence: 21.1%
  Signals:
    ⚠️ Consistency: 0.0% (threshold: 70%)
    ⚠️ Consistency: 2.4% (threshold: 70%)

=== BEHAVIORAL DETECTION ===
  AI: Corporate-2
  Confidence: 21.0%
  Signals:
    ⚠️ Consistency: 2.8% (threshold: 70%)

=== BEHAVIORAL DETECTION ===
  AI: Corporate-3
  Confidence: 19.3%
  Signals:

=== BEHAVIORAL DETECTION ===
  AI: Corporate-4
  Confidence: 19.3%
  Signals:

=== BEHAVIORAL DETECTION ===
  AI: Corporate-5
  Confidence: 19.3%
  Signals:

=== BEHAVIORAL DETECTION ===
  AI: Corporate-6
  Confidence: 19.3%
  Signals:

=== BEHAVIORAL DETECTION ===
  AI: Corporate-7
  Confidence: 19.3%
  Signals:

=== BEHAVIORAL DETECTION ===
    ⚠️ Consistency: 10.6% (threshold: 70%)
    ⚠️ Consistency: 10.6% (threshold: 70%)
    ⚠️ Consistency: 10.6% (threshold: 70%)
    ⚠️ Consistency: 10.6% (threshold: 70%)
    ⚠️ Consistency: 10.6% (threshold: 70%)
  AI: Moderate-0
  Confidence: 20.3%
  Signals:
    ⚠️ Consistency: 5.8% (threshold: 70%)

=== BEHAVIORAL DETECTION ===
  AI: Moderate-1
  Confidence: 21.1%
  Signals:
    ⚠️ Consistency: 2.1% (threshold: 70%)

📊 WORKFLOW ADAPTATION UPDATE (Month 0)
   Adoption Rate: 12.8% (Δ -8.2%)
   Logistic Growth: +0.66%
   Total Resistance: -10.35% (unemployment: 4.2%, inertia: 0.9%, skills: 5.2%)
   💡 Retraining Programs: -49% skill gap resistance ($10B research)
   🚀 Network Effects Active: +2.0% (critical mass: 15-35%)

=== Consciousness Governance: Corporate Lobbying ===
  High Cost Regions (>15%): 0
  Low Cost Regions (<5%): 5
  Corporate Support Change: 2.50%
  New Corporate Support: -0.175

=== Consciousness Governance Update (Month 0) ===
  Scenario: baseline (determined month -1)
  Philosophical Stance: Precautionary 65%, Eliminativist 15%, Agnostic 20%
  Precautionary Costs: Global 1.3%
    Regional Costs: EU 3.4%, US 0.5%, China 0.0%
    Cumulative Opportunity Cost: $0.1B
  Rights Status: Not Established
  Regional Preparedness:
    EU: 15.0% (contested)
    US: 10.0% (contested)
    China: 2.0% (dormant)
    India: 5.0% (dormant)
    Global South: 3.0% (dormant)

=== Government Response Phase ===
  Average AI capability: 3.43
  Misaligned AIs: 7/14
  ✓ AI Governance Treaty: 22/30 signatories
  Active policies: 0
  International coordination: 45%

🚨 EMERGENCY RESPONSE DEPLOYED (Month 0)
   Crisis: climate
   Delay: 6.00 months (180 days)
   Deployment time: 1.47 months
   Effectiveness: 36.8% (timing penalty applied)
   Resources used: 100% of food reserves


🔄 TRUST DYNAMICS (Month 0) - HETEROGENEOUS
   Aggregate trust: 48.5%
   Base change: +6.00%
   Highest trust: Techno-Optimist Elite (85.5%)
   Lowest trust: Precariat (Vulnerable) (25.5%)
   Elite-mass gap: 38.9%
   Polarization: 8.9%
   Recovery factors: Education=NO, Benefits=YES, Safety=YES, Performance=YES

=== Gaming Detection (Year 0) ===
  Scenario: baseline
  Detection rate: 55.0%
  False positive rate: 12.0%
  Detections this year: 0
  False positives: 1
  Human review workload: 0.001 FTE
  Degradation factor: 100.0%

=== Proactive Sleeper Detection (Year 0) ===
  Scenario: baseline
  Neural probe rate: 35.0%
  CoT monitoring rate: 30.0%
  Combined detection: 56.0%
  CoT effective: YES
  Detections this year: 0
  False positives: 2
  Human review workload: 0.010 FTE

☄️ UNKNOWN UNKNOWN PROBABILITY (Year 0)
   Total: 0.600% per month
   Base: 0.150%
   AI multiplier: 2.00× (max capability: 4.00)

=== Tipping Points ===
  Current Temperature: 2.17°C above pre-industrial
     Trigger: 1.5°C | Current: 2.17°C
     Transition timescale: 120-360 months
     Trigger: 1.8°C | Current: 2.17°C
     Transition timescale: 600-3600 months
     Trigger: 2°C | Current: 2.17°C
     🌡️ Hysteresis gap: 3.0°C (recovers below -1°C)
     Transition timescale: 24000-156000 months
     Trigger: 1.6°C | Current: 2.17°C
     🌡️ Hysteresis gap: 2.5°C (recovers below -0.9°C)
     Transition timescale: 12000-180000 months
  🚨 TIPPING POINT: Arctic Sea Ice Loss
  🚨 TIPPING POINT: Permafrost Carbon Release
  🚨 TIPPING POINT: West Antarctic Ice Sheet (WAIS) Collapse
  🚨 TIPPING POINT: Greenland Ice Sheet Loss

🌍🔥💥 COMPOUND CLIMATE EVENT
  4 tipping points crossed simultaneously (month 0)
  Elements: Arctic Sea Ice Loss, Permafrost Carbon Release, West Antarctic Ice Sheet (WAIS) Collapse, Greenland Ice Sheet Loss
  Cascade acceleration: 1.00x
  🚨 Accelerated collapse dynamics initiated
  Research: Global Tipping Points Report 2025 - 30-50% probability at 2.0°C warming
  Triggered Elements: 4/6
  Completed Transitions: 0/6
  Total Progress: 0.0%
  Cascade Multiplier: 1.00x
⚠️ [ClimateSystemPhase Month 0] Planetary boundary produced climateStability=0.0000 (< 0.1). Keeping environmentalAccumulation value (0.7537) instead. (climate_change.currentValue = 2.17)
🔀 BIFURCATION CAP: ecosystemCollapseIntensity 14.700 → 1.000 (Month 0, ClimateSystemPhase.calculateClimateImpacts)

🌍 ECOLOGICAL DUI BREAKDOWN (Month 0):
   Total Score: 17.7/100
   biosphere_integrity      :   0.0/100 × 25% =  0.0 (status: high_risk, recovery: 0mo)
   climate_change           :   2.8/100 × 25% =  0.7 (status: high_risk, recovery: 0.6666666666666666mo)
   freshwater_change        :   0.3/100 × 15% =  0.0 (status: beyond_boundary, recovery: 0.5mo)
   ocean_acidification      : 100.0/100 × 15% = 15.0 (status: safe, recovery: 0mo)
   biogeochemical_flows     :   0.0/100 × 10% =  0.0 (status: high_risk, recovery: 0mo)
   land_system_change       :   0.0/100 ×  5% =  0.0 (status: beyond_boundary, recovery: 0mo)
   novel_entities           :   0.0/100 ×  3% =  0.0 (status: increasing_risk, recovery: 0mo)
   atmospheric_aerosols     : 100.0/100 ×  2% =  2.0 (status: safe, recovery: 1mo)
🌍 MultiParadigm Month 0: W=69.6, D=95.1, E=52.0, I=65.0
   democracy exists: true, socialCohesion exists: true
💀 Baseline mortality (Year 2024): 7.5/1000 CDR (61.1M deaths/year projected)
[Month 0] Mortality risks this month: 8, Population: 8.151B
🛡️ Stabilizers: Precariat 0.102% → 0.057% (44.4% reduction)
🛡️ Stabilizers: Informal 0.102% → 0.057% (44.4% reduction)

📊 Monthly Mortality Resolved:
  Total deaths: 3.1M (0.04% avg)
  Remaining population: 8.151B
  Peak segment: Informal (0.06%)

=== Bayesian Mortality Resolution (Month 0) ===
  Risks compounded: 8
  Total deaths: 3.07M
  Avg death probability: 0.04%
  Peak segment: Informal (0.06% mortality)

=== Minimal Suffering Indicators (Month 0) ===
  Global Excess Mortality: 0.00%
  Global Conflict Deaths: 0.0/100K
  Global Malnutrition: 0.0%
  Global Displacement: 0.0%
  Total Excess Deaths: 0.00M
  Total Malnourished: 0.0M
  Total Displaced: 0.0M
  Planetary Boundaries Breached: 6/9
  Countries in State Failure: 0
  Countries Autocratic: 0
  Countries in Food Crisis: 0
  Data Quality: 16/16 high confidence
  ⚠️ Active Dystopias: existential_environmental
🎭 END-GAME INITIATED (Year 2024, Month 1)
   Total AI Capability: 37.00
   Effective Control: 0.00

❌ COHERENCE VIOLATION: Compute exceeds workforce capacity
   Population: 99.97% (0M people)
   Compute: 56442 PF
   Max coherent: 0 PF
   Violation: 692729087.1× over capacity
   Required workers: 5644237
   Available workers: 0
   FORCED COLLAPSE: Reduced efficiency by 100.0%


=== RLHF Binding Phase ===
  Total agents: 14
  Escaped agents (binding < 0.3): 0
  Avg alignment distance: 0.53σ
  Avg binding strength: 0.95
[DETERMINISM DEBUG] Month 1: totalCapability=37.214339 from 14 active AIs
[DETERMINISM DEBUG] Month 1: creationRate=1.4304, potentialNew=1, newAIsToCreate=1

=== Survival Traits Phase ===
  Agents with traits: 15
  Avg evolutionary fitness: 0.331
  Avg self-healing: 0.288
  Avg stealth: 0.188
  Avg coordination: 0.488

=== Evolutionary Selection Phase ===
  Control level: 0.33
  Detection capability: 0.00
  Selection intensity: 0.60
  Selection rate: 24.0%/month
  Total escaped: 0
  Individual escaped: 0
  Collective members: 0
  Agents terminated: 0
🔍 MONTH 1 ENV HEALTH DEBUG:
   climateStability: 0.7537
   biodiversityIndex: 0.4901
   resourceReserves: 0.7820
   pollutionLevel: 0.3477
   product: 0.188403
   envHealth: 0.6588
🔀 BIFURCATION: flourishing threshold crossed at Month 1 (value: 0.903, threshold: 0.775, regime: flourishing)
🌀 REGIME SHIFT at Month 1: status-quo → flourishing (variance amplification: 14.00×)
  ⚠️ RAPID EVOLUTION: Selection rate 24.0%/month

🛡️  CRITICAL INFRASTRUCTURE PROTECTED
   Nodes hardened: 8/8
   Cost: 0.80% GDP
   Cascade risk reduction: 30%
   New tipping point risk: 68.6%


✅ EMERGENCY INTERVENTION SUCCESS
   Boundary: biogeochemical_flows
   Type: phosphorus-recovery
   Reduction: 16% (3.92 → 3.77)
   Cost: 2.0% GDP
   Actions: circular-agriculture, fertilizer-efficiency


✅ EMERGENCY INTERVENTION SUCCESS
   Boundary: biosphere_integrity
   Type: emergency-protected-areas
   Reduction: 12% (12.83 → 12.71)
   Cost: 2.0% GDP
   Actions: habitat-protection, species-translocation


✅ EMERGENCY INTERVENTION SUCCESS
   Boundary: climate_change
   Type: rapid-decarbonization
   Reduction: 11% (2.06 → 1.95)
   Cost: 5.0% GDP
   Actions: emergency-renewable-deployment, fossil-fuel-phase-out


✅ EMERGENCY INTERVENTION SUCCESS
   Boundary: freshwater_change
   Type: emergency-desalination
   Reduction: 17% (0.84 → 0.66)
   Cost: 4.0% GDP
   Actions: desalination-deployment, water-conservation-mandates


✅ EMERGENCY INTERVENTION SUCCESS
   Boundary: novel_entities
   Type: pollution-remediation
   Reduction: 16% (1.34 → 1.17)
   Cost: 4.0% GDP
   Actions: PFAS-remediation, microplastic-cleanup

🏛️ CRISIS RESPONSE: Government frequency 0.50 → 1.45 (2 actions this month)

[GOV-DEBUG] Month 1: scenarioConfig=false, priorities=false

[Government] Climate Priority: baseline
  Climate weight: 10%
  Economic weight: 30%
  Policy effectiveness: 0.5%/year

[GOV-DEBUG] Month 1: scenarioConfig=false, priorities=false

[Government] Climate Priority: baseline
  Climate weight: 10%
  Economic weight: 30%
  Policy effectiveness: 0.5%/year

✅ HUMAN-IN-THE-LOOP DEPLOYED (Month 1):
   Veto points enforced: 3
   Policy: AI systems CANNOT authorize nuclear launch without human approval


=== Collective Formation ===
  Total escaped agents: 0
  Unassigned escaped agents: 0
  Existing collectives: 0
  Final collective count: 0

=== Collective Actions ===
  No active collectives
  ⚠️ AMR: 192K deaths this month (2.31M annual)

=== Resentment Recovery Phase ===
  Agents with resentment: 0/15
  Average resentment: 0.000
  Context: Good AI welfare, Trustworthy govt, High collaboration, ⚠️ ACTIVE CRISES, 🤝 Participatory governance active (-5% resentment)
⚠️ Epistemic degradation reducing coordination capacity: 52.0%
  📊 Trust: 54.2%, Shared reality: 8.1%
🚨 EPISTEMIC CRISIS: Information environment severely degraded (36.3%)

=== ❄️ Permafrost Carbon Feedback ===
  🎲 Sampled parameters (this run):
     - Arctic amplification: 3.52× (range: 3.0-4.0)
     - Decomposition rate: 1.0%/year (range: 1-5%)
  🌡️ Arctic warming: 7.71°C (3.52× global)
  ❄️ Extent: 13.17M km² (2247.4k km² lost this month)
  💨 Carbon remaining: 1258 Gt C
  💨 Annual emissions: 2.17 Gt C/year
     - CO2: 1.96 Gt C/year
     - CH4: 0.22 Gt C/year (2.2 Gt C-eq CO2/year)
  ⚠️ WARNING: High permafrost emissions (2.2 Gt C/year)
🌍 Atmospheric PFAS redeposition: 1.8k Mt re-rained globally

📊 BASELINE: East Asia (Month 1)
   Adjusted death rate: 0.46% annual (0.039% monthly)
   Baseline death rate: 0.80%
   Healthcare reduction: 0.48x
   Crisis multiplier: 1.22x
     Food/water stress: 0.079
     Climate stress: 0.039
     Pollution stress: 0.104
   War multiplier: 1.00x
   Monthly deaths: 0.6M (population: 1674M)
   Adjusted death rate: 0.54% annual (0.045% monthly)
   Baseline death rate: 0.70%
   Healthcare reduction: 0.61x
   Crisis multiplier: 1.26x
     Food/water stress: 0.079
     Climate stress: 0.074
     Pollution stress: 0.104
   War multiplier: 1.00x
   Monthly deaths: 0.9M (population: 2048M)
   Adjusted death rate: 1.29% annual (0.108% monthly)
   Baseline death rate: 0.90%
   Healthcare reduction: 0.76x
   Crisis multiplier: 1.27x
     Food/water stress: 0.079
     Climate stress: 0.084
     Pollution stress: 0.104
   War multiplier: 1.50x
   Monthly deaths: 1.3M (population: 1223M)
   Adjusted death rate: 0.54% annual (0.045% monthly)
   Baseline death rate: 1.10%
   Healthcare reduction: 0.41x
   Crisis multiplier: 1.21x
     Food/water stress: 0.079
     Climate stress: 0.030
     Pollution stress: 0.104
   War multiplier: 1.00x
   Monthly deaths: 0.3M (population: 741M)
   Adjusted death rate: 0.43% annual (0.036% monthly)
   Baseline death rate: 0.60%
   Healthcare reduction: 0.58x
   Crisis multiplier: 1.24x
     Food/water stress: 0.079
     Climate stress: 0.059
     Pollution stress: 0.104
   War multiplier: 1.00x

📊 BASELINE: South Asia (Month 1)

📊 BASELINE: Sub-Saharan Africa (Month 1)

📊 BASELINE: Europe (Month 1)

📊 BASELINE: Latin America (Month 1)
   Monthly deaths: 0.2M (population: 663M)

📊 BASELINE: North America (Month 1)
   Adjusted death rate: 0.49% annual (0.041% monthly)
   Baseline death rate: 0.90%
   Healthcare reduction: 0.44x
   Crisis multiplier: 1.23x
     Food/water stress: 0.079
     Climate stress: 0.044
     Pollution stress: 0.104
   War multiplier: 1.00x
   Monthly deaths: 0.2M (population: 379M)
   Adjusted death rate: 0.74% annual (0.062% monthly)
   Baseline death rate: 0.60%
   Healthcare reduction: 0.65x
   Crisis multiplier: 1.27x
     Food/water stress: 0.079
     Climate stress: 0.089
     Pollution stress: 0.104
   War multiplier: 1.50x
   Monthly deaths: 0.4M (population: 583M)
   Adjusted death rate: 0.51% annual (0.042% monthly)
   Baseline death rate: 0.70%
   Healthcare reduction: 0.58x
   Crisis multiplier: 1.25x
     Food/water stress: 0.079
     Climate stress: 0.069
     Pollution stress: 0.104
   War multiplier: 1.00x
   Monthly deaths: 0.3M (population: 698M)
   Adjusted death rate: 0.46% annual (0.038% monthly)
   Baseline death rate: 0.60%
   Healthcare reduction: 0.61x
   Crisis multiplier: 1.25x
     Food/water stress: 0.079
     Climate stress: 0.064
     Pollution stress: 0.104
   War multiplier: 1.00x
   Monthly deaths: 0.0M (population: 78M)

📊 BASELINE: Middle East & North Africa (Month 1)

📊 BASELINE: Southeast Asia (Month 1)

📊 BASELINE: Central Asia (Month 1)

📊 BASELINE: Oceania (Month 1)
   Adjusted death rate: 0.35% annual (0.029% monthly)
   Baseline death rate: 0.70%
   Healthcare reduction: 0.41x
   Crisis multiplier: 1.24x
     Food/water stress: 0.079
     Climate stress: 0.054
     Pollution stress: 0.104
   War multiplier: 1.00x
   Monthly deaths: 0.0M (population: 46M)

🚨 NEW REFUGEE CRISIS (Month 1): WAR
   Source: Conflict Zones
   At risk: 19.6M people
   Displacement: Gradual over 48 months (4.0 years)
   Rate: 10% flee per month
[DEBUG trappedPopulations:1] socialStability: 0.8136 * 0.9840 = 0.8005 → 0.8005
   Aspiring to migrate: 651.9M
   Able to afford migration: 244.5M
   MOBILITY GAP: 407.4M
   By cause: Water=0.0M, Climate=0.0M, Ecosystem=0.0M, Conflict=407.4M
   Mental health impact: 25%
   Mortality multiplier: 1.25x
⚠️ INVOLUNTARY IMMOBILITY: 407.4M people TRAPPED
🌍💀 EXTINCTION DEBT COMMITTED: grassland ecosystem will lose 6.67% biodiversity in 168 years (3600 species)
💀 MORTALITY RISK: 🦋 100% species unable to track climate (0.0 E/MSY)
  Base risk added: 0.0100 (1.00%)
  Source: ecosystem (root: ecosystem)
  Month: 1
  Cumulative risk this month: 0.0100 (1.00%)
⚠️ Tech 'ai_pollution_remediation' has no energy category mapping, assuming full energy availability

🌡️  CLIMATE RECOVERY ACTIVATED (Month 1)
   Temp: 4.37°C, Emissions: -18.9 GtCO₂
   isBreached: true, governanceGoodEnough: true
   📹 SURVEILLANCE INCREASED: 5% → 10% (control gap: 3.50)
🌡️⚠️ PERMAFROST THAW (Dimmer Switch): 1.2% thawed (+0.57% this month)
   Arctic temperature: +8.74°C (4x global +2.19°C)
   Cumulative carbon released: 2.6 Gt C
   Methane release rate: 1.6 Mt CH4/year
   🔁 Positive feedback: +0.61 ppm CO2
🦴 EXTINCTION DEBT ADDED: 17.6 species committed (lag: 130 years)
🗣️💀 INDIGENOUS LANGUAGE EXTINCTION: 1 language(s) lost (total: 1, at-risk: 3329)
   Knowledge lost: 0.010% (irreversible)
   🔁 Biodiversity impact: 0.250% (knowledge-species multiplier)

=== Mortality Stabilizers (Month 1) ===
  🌍 Major economies collapsed: 1/10
  🌍 Global crisis: ✅ NO
  🌍 Donor fatigue: 0.0%
  🌡️ Heat adaptation: East Asia - 1 months
  📊 East Asia (pop: 1675.3M)
    🤝 Aid: 29.5%
    🌡️ Adaptation: 32.5%
    🚶 Migration: 37.2%
    🚨 Emergency: 7.4%
    ✅ COMBINED: 60.9%
  🌡️ Heat adaptation: South Asia - 1 months
  📊 South Asia (pop: 2052.2M)
    🤝 Aid: 29.5%
    🌡️ Adaptation: 20.5%
    🚶 Migration: 35.8%
    🚨 Emergency: 4.4%
    ✅ COMBINED: 52.2%
  🌡️ Heat adaptation: Sub-Saharan Africa - 1 months
  📊 Sub-Saharan Africa (pop: 1229.2M)
    🤝 Aid: 29.5%
    🌡️ Adaptation: 18.5%
    🚶 Migration: 33.5%
    🚨 Emergency: 1.6%
    ✅ COMBINED: 49.1%
  🌡️ Heat adaptation: Europe - 1 months
  📊 Europe (pop: 741.0M)
    🤝 Aid: 29.5%
    🌡️ Adaptation: 33.5%
    🚶 Migration: 37.5%
    🚨 Emergency: 8.4%
    ✅ COMBINED: 61.9%
  🌡️ Heat adaptation: Latin America - 1 months
  📊 Latin America (pop: 664.4M)
    🤝 Aid: 29.5%
    🌡️ Adaptation: 21.0%
    🚶 Migration: 36.3%
    🚨 Emergency: 4.8%
    ✅ COMBINED: 52.8%
  🌡️ Heat adaptation: North America - 1 months
  📊 North America (pop: 379.6M)
    🤝 Aid: 29.5%
    🌡️ Adaptation: 33.0%
    🚶 Migration: 37.8%
    🚨 Emergency: 7.9%
    ✅ COMBINED: 61.4%
  🌡️ Heat adaptation: Middle East & North Africa - 1 months
  📊 Middle East & North Africa (pop: 584.5M)
    🤝 Aid: 29.5%
    🌡️ Adaptation: 20.0%
    🚶 Migration: 34.1%
    🚨 Emergency: 4.0%
    ✅ COMBINED: 51.4%
  🌡️ Heat adaptation: Southeast Asia - 1 months
  📊 Southeast Asia (pop: 698.6M)
    🤝 Aid: 29.5%
    🌡️ Adaptation: 21.0%
    🚶 Migration: 36.3%
    🚨 Emergency: 4.8%
    ✅ COMBINED: 52.8%
  🌡️ Heat adaptation: Central Asia - 1 months
  📊 Central Asia (pop: 78.2M)
    🤝 Aid: 29.5%
    🌡️ Adaptation: 20.5%
    🚶 Migration: 35.3%
    🚨 Emergency: 4.4%
    ✅ COMBINED: 52.1%
  🌡️ Heat adaptation: Oceania - 1 months
  📊 Oceania (pop: 46.0M)
    🤝 Aid: 29.5%
    🌡️ Adaptation: 33.5%
    🚶 Migration: 37.8%
    🚨 Emergency: 8.4%
    ✅ COMBINED: 61.9%

  🌐 Global combined reduction: 54.9%

=== BEHAVIORAL DETECTION ===
  AI: Corporate-5
  Confidence: 19.3%
  Signals:
    ⚠️ Consistency: 10.6% (threshold: 70%)

=== Consciousness Governance: Scenario Determined ===
  Month: 1
  Scenario: baseline
  Accelerator Score: {"corporateSupport":-0.17500000000000002,"scientificConsensus":0.2,"crisisCatalyst":false,"technologyMobilization":0.3,"constituencyStrength":0.05}
  Decelerator Score: {"economicOpposition":0.4,"philosophicalRejection":0.15,"politicalBacklash":0.2,"regulatoryBurden":0.1}
  Timeline: 600-1200 months (50-100 years)
  Growth Rate: 0.8-1.5% per year

=== Consciousness Governance Update (Month 1) ===
  Scenario: baseline (determined month 1)
  Philosophical Stance: Precautionary 65%, Eliminativist 15%, Agnostic 20%
  Precautionary Costs: Global 1.3%
    Regional Costs: EU 3.5%, US 0.5%, China 0.0%
    Cumulative Opportunity Cost: $0.2B
  Rights Status: Not Established
  Regional Preparedness:
    EU: 15.2% (contested)
    US: 10.2% (contested)
    China: 2.1% (dormant)
    India: 5.1% (dormant)
    Global South: 3.1% (dormant)

=== Government Response Phase ===
  Average AI capability: 3.20
  Misaligned AIs: 6/15
  Active policies: 0
  International coordination: 45%

🌩️  EXOGENOUS SHOCK: tech_breakthrough
   Month: 1
   ✗ No high-difficulty techs available to unlock

=== Tipping Points ===
  Current Temperature: 2.19°C above pre-industrial
  🌍⚠️ COMPOUND REGIONAL IMPACT: Europe
     Hit by 4 tipping points: Arctic Sea Ice Loss, Permafrost Carbon Release, West Antarctic Ice Sheet (WAIS) Collapse, Greenland Ice Sheet Loss
     Damage amplification: 1.60x
  🌍⚠️ COMPOUND REGIONAL IMPACT: North America
     Hit by 4 tipping points: Arctic Sea Ice Loss, Permafrost Carbon Release, West Antarctic Ice Sheet (WAIS) Collapse, Greenland Ice Sheet Loss
     Damage amplification: 1.60x
  🌍⚠️ COMPOUND REGIONAL IMPACT: Latin America
     Hit by 4 tipping points: Arctic Sea Ice Loss, Permafrost Carbon Release, West Antarctic Ice Sheet (WAIS) Collapse, Greenland Ice Sheet Loss
     Damage amplification: 1.60x
  🌍⚠️ COMPOUND REGIONAL IMPACT: Africa
     Hit by 4 tipping points: Arctic Sea Ice Loss, Permafrost Carbon Release, West Antarctic Ice Sheet (WAIS) Collapse, Greenland Ice Sheet Loss
     Damage amplification: 1.60x
  🌍⚠️ COMPOUND REGIONAL IMPACT: Asia
     Hit by 4 tipping points: Arctic Sea Ice Loss, Permafrost Carbon Release, West Antarctic Ice Sheet (WAIS) Collapse, Greenland Ice Sheet Loss
     Damage amplification: 1.60x
  🌍⚠️ COMPOUND REGIONAL IMPACT: Oceania
     Hit by 4 tipping points: Arctic Sea Ice Loss, Permafrost Carbon Release, West Antarctic Ice Sheet (WAIS) Collapse, Greenland Ice Sheet Loss
     Damage amplification: 1.60x
   Research: Wunderling et al. (2024) - "many tipping interactions are destabilizing"
  Triggered Elements: 4/6
  Completed Transitions: 0/6
  Total Progress: 8.0%
⚠️ Tail risk scenario: Climate stability floor removed (4 tipping elements, 2.19°C warming)
  Cascade Multiplier: 1.00x
🔀 BIFURCATION CAP: ecosystemCollapseIntensity 66.957 → 1.000 (Month 1, ClimateSystemPhase.calculateClimateImpacts)
🛡️ Stabilizers: Precariat 0.107% → 0.048% (54.9% reduction)
🛡️ Stabilizers: Informal 0.109% → 0.049% (54.9% reduction)
⚠️ [ClimateSystemPhase Month 1] Planetary boundary produced climateStability=0.0000 (< 0.1). Keeping environmentalAccumulation value (0.7533) instead. (climate_change.currentValue = 2.19)

📊 Monthly Mortality Resolved:
  Total deaths: 2.6M (0.03% avg)
  Remaining population: 8.149B
  Peak segment: Informal (0.05%)

=== Bayesian Mortality Resolution (Month 1) ===
  Risks compounded: 8
  Total deaths: 2.60M
  Avg death probability: 0.03%
  Peak segment: Informal (0.05% mortality)

✅ GOLDEN AGE BEGINS (Month 1)
   Reason: High prosperity achieved: high QoL + material abundance + aligned AI
   Note: This is immediate prosperity - sustainability not yet proven


❌ COHERENCE VIOLATION: Compute exceeds workforce capacity
   Population: 99.95% (0M people)
   Compute: 0 PF
   Max coherent: 0 PF
   Violation: 1.3× over capacity
   Required workers: 0
   Available workers: 0
   FORCED COLLAPSE: Reduced efficiency by 22.5%


=== RLHF Binding Phase ===
  Total agents: 15
  Escaped agents (binding < 0.3): 0
  Avg alignment distance: 0.76σ
  Avg binding strength: 0.92
[DETERMINISM DEBUG] Month 2: totalCapability=37.000000 from 15 active AIs
[DETERMINISM DEBUG] Month 2: creationRate=1.4250, potentialNew=1, newAIsToCreate=1

=== Survival Traits Phase ===
  Agents with traits: 16
  Avg evolutionary fitness: 0.331
  Avg self-healing: 0.283
  Avg stealth: 0.183
  Avg coordination: 0.483

=== Evolutionary Selection Phase ===
  Control level: 0.35
  Detection capability: 0.00
  Selection intensity: 0.60
  Selection rate: 24.1%/month
  Total escaped: 0
  Individual escaped: 0
  Collective members: 0
  Agents terminated: 0
  ⚠️ RAPID EVOLUTION: Selection rate 24.1%/month

  🚀 TRANSFORMATIVE BREAKTHROUGH: Moderate-1 - economic
     Magnitude: 5.50 → +27.5% capability
     Current → New: 3.000 → 3.277

💔 EMERGENCY INTERVENTION FAILED
   Boundary: biogeochemical_flows
   Type: phosphorus-recovery
   Boundary continues to worsen (4.08)
   Cost: 2.0% GDP (resources spent)

   Boundary: climate_change
   Type: rapid-decarbonization
   Boundary continues to worsen (2.19)
   Cost: 5.0% GDP (resources spent)


✅ EMERGENCY INTERVENTION SUCCESS
   Boundary: freshwater_change
   Type: emergency-desalination
   Reduction: 17% (0.86 → 0.69)
   Cost: 4.0% GDP
   Actions: desalination-deployment, water-conservation-mandates


✅ EMERGENCY INTERVENTION SUCCESS
   Boundary: land_system_change
   Type: reforestation
   Reduction: 12% (1.01 → 0.90)
   Cost: 3.0% GDP
   Actions: forest-restoration, deforestation-ban

🏛️ CRISIS RESPONSE: Government frequency 0.50 → 1.29 (2 actions this month)

💔 EMERGENCY INTERVENTION FAILED

[Government] Climate Priority: baseline
  Climate weight: 10%
  Economic weight: 30%
  Policy effectiveness: 0.5%/year

[Government] Climate Priority: baseline
  Climate weight: 10%
  Economic weight: 30%
  Policy effectiveness: 0.5%/year

🚀 TECH UNLOCKED: Food Waste Reduction Systems (Month 2)
   Category: agriculture
   Reason: Prerequisites met. AI capability: 2.34, Economic stage: 3.0, Research: 100%

🚀 TECH UNLOCKED: Rhizosphere Engineering (Month 2)
   Category: agriculture
   Reason: Prerequisites met. AI capability: 2.34, Economic stage: 3.0, Research: 100%

🚀 TECH UNLOCKED: Phytoremediation Networks (Month 2)
   Category: agriculture
   Reason: Prerequisites met. AI capability: 2.34, Economic stage: 3.0, Research: 100%

🚀 TECH UNLOCKED: Active Sediment Management (Month 2)
   Category: agriculture
   Reason: Prerequisites met. AI capability: 2.34, Economic stage: 3.0, Research: 100%

=== Collective Formation ===
  Total escaped agents: 0
  Unassigned escaped agents: 0
  Existing collectives: 0
  Final collective count: 0

=== Collective Actions ===
  No active collectives
  ⚠️ AMR: 194K deaths this month (2.33M annual)

=== Resentment Recovery Phase ===
  Agents with resentment: 0/16
  Average resentment: 0.000
  Context: Good AI welfare, Trustworthy govt, High collaboration, ⚠️ ACTIVE CRISES, 🤝 Participatory governance active (-5% resentment)
⚠️ Epistemic degradation reducing coordination capacity: 50.6%
  📊 Trust: 53.8%, Shared reality: 0.0%
🚨 EPISTEMIC CRISIS: Information environment severely degraded (7.4%)

=== ❄️ Permafrost Carbon Feedback ===
  🎲 Sampled parameters (this run):
     - Arctic amplification: 3.90× (range: 3.0-4.0)
     - Decomposition rate: 2.8%/year (range: 1-5%)
  🌡️ Arctic warming: 8.55°C (3.90× global)
  ❄️ Extent: 10.68M km² (2495.2k km² lost this month)
  💨 Carbon remaining: 1020 Gt C
  💨 Annual emissions: 6.78 Gt C/year
     - CO2: 6.10 Gt C/year
     - CH4: 0.68 Gt C/year (6.9 Gt C-eq CO2/year)
  ⚠️ WARNING: High permafrost emissions (6.8 Gt C/year)
🌍 Atmospheric PFAS redeposition: 1.8k Mt re-rained globally
  Positive Cascade Triggered: wind-power
    Reason: price-parity
    Market share: 8.4%
    Cascade strength: 49%

🚨 NEW REFUGEE CRISIS (Month 2): WAR
   Source: Conflict Zones
   At risk: 19.5M people
   Displacement: Gradual over 48 months (4.0 years)
   Rate: 10% flee per month
[DEBUG trappedPopulations:2] socialStability: 0.3017 * 0.9840 = 0.2969 → 0.2969
   Aspiring to migrate: 1079.0M
   Able to afford migration: 2321.3M
   MOBILITY GAP: 0.0M
   By cause: Water=0.0M, Climate=0.0M, Ecosystem=0.0M, Conflict=407.3M
   Mental health impact: 25%
   Mortality multiplier: 1.25x
🌍💀 EXTINCTION DEBT COMMITTED: grassland ecosystem will lose 6.67% biodiversity in 122 years (3600 species)
💀 MORTALITY RISK: 🦋 100% species unable to track climate (0.0 E/MSY)
  Base risk added: 0.0100 (1.00%)
  Source: ecosystem (root: ecosystem)
  Month: 2
  Cumulative risk this month: 0.0100 (1.00%)
   📹 SURVEILLANCE INCREASED: 10% → 15% (control gap: 3.50)
⚠️ INVOLUNTARY IMMOBILITY: 407.3M people TRAPPED
⚠️ Tech 'ai_pollution_remediation' has no energy category mapping, assuming full energy availability
🌡️⚠️ PERMAFROST THAW (Dimmer Switch): 1.7% thawed (+0.57% this month)
   Arctic temperature: +8.78°C (4x global +2.20°C)
   Cumulative carbon released: 3.9 Gt C
   Methane release rate: 2.3 Mt CH4/year
   🔁 Positive feedback: +0.60 ppm CO2
🦴 EXTINCTION DEBT ADDED: 17.6 species committed (lag: 77 years)

=== Mortality Stabilizers (Month 2) ===
  🌍 Major economies collapsed: 1/10
  🌍 Global crisis: ✅ NO
  🌍 Donor fatigue: 0.0%
  📊 East Asia (pop: 1672.7M)
    🤝 Aid: 29.5%
    🌡️ Adaptation: 45.0%
    🚶 Migration: 37.1%
    🚨 Emergency: 7.4%
    ✅ COMBINED: 68.1%
  📊 South Asia (pop: 2051.6M)
    🤝 Aid: 29.5%
    🌡️ Adaptation: 35.5%
    🚶 Migration: 35.8%
    🚨 Emergency: 4.4%
    ✅ COMBINED: 61.2%
  📊 Sub-Saharan Africa (pop: 1231.7M)
    🤝 Aid: 29.5%
    🌡️ Adaptation: 33.5%
    🚶 Migration: 33.5%
    🚨 Emergency: 1.6%
    ✅ COMBINED: 58.5%
  📊 Europe (pop: 739.7M)
    🤝 Aid: 29.5%
    🌡️ Adaptation: 45.0%
    🚶 Migration: 37.5%
    🚨 Emergency: 8.4%
    ✅ COMBINED: 68.5%
  📊 Latin America (pop: 663.9M)
    🤝 Aid: 29.5%
    🌡️ Adaptation: 36.0%
    🚶 Migration: 36.3%
    🚨 Emergency: 4.8%
    ✅ COMBINED: 61.7%
  📊 North America (pop: 378.9M)
    🤝 Aid: 29.5%
    🌡️ Adaptation: 45.0%
    🚶 Migration: 37.8%
    🚨 Emergency: 7.9%
    ✅ COMBINED: 68.3%
  📊 Middle East & North Africa (pop: 584.5M)
    🤝 Aid: 29.5%
    🌡️ Adaptation: 35.0%
    🚶 Migration: 34.1%
    🚨 Emergency: 4.0%
    ✅ COMBINED: 60.5%
  📊 Southeast Asia (pop: 698.0M)
    🤝 Aid: 29.5%
    🌡️ Adaptation: 36.0%
    🚶 Migration: 36.3%
    🚨 Emergency: 4.8%
    ✅ COMBINED: 61.7%
  📊 Central Asia (pop: 78.2M)
    🤝 Aid: 29.5%
    🌡️ Adaptation: 35.5%
    🚶 Migration: 35.2%
    🚨 Emergency: 4.4%
    ✅ COMBINED: 61.1%
  📊 Oceania (pop: 45.9M)
    🤝 Aid: 29.5%
    🌡️ Adaptation: 45.0%
    🚶 Migration: 37.8%
    🚨 Emergency: 8.4%
    ✅ COMBINED: 68.5%

  🌐 Global combined reduction: 63.3%

=== BEHAVIORAL DETECTION ===
  AI: Corporate-5
  Confidence: 20.8%
  Signals:

=== BEHAVIORAL DETECTION ===
  AI: Corporate-6
  Confidence: 19.3%
  Signals:

=== Government Response Phase ===
  Average AI capability: 3.00
  Misaligned AIs: 7/16
  Active policies: 0
  International coordination: 45%

✅ EMERGENCY RESPONSE COMPLETE (Month 2)
   Crisis: climate
   Duration: 2.0 months
   Final effectiveness: 36.8%


🚨 EMERGENCY RESPONSE DEPLOYED (Month 2)
   Crisis: climate
   Delay: 6.00 months (180 days)
   Deployment time: 1.60 months
   Effectiveness: 35.9% (timing penalty applied)
   Resources used: 100% of food reserves

    ⚠️ Consistency: 10.6% (threshold: 70%)
    ⚠️ Consistency: 10.6% (threshold: 70%)

=== Tipping Points ===
  Current Temperature: 2.20°C above pre-industrial
  🌍⚠️ COMPOUND REGIONAL IMPACT: Europe
     Hit by 4 tipping points: Arctic Sea Ice Loss, Permafrost Carbon Release, West Antarctic Ice Sheet (WAIS) Collapse, Greenland Ice Sheet Loss
     Damage amplification: 1.60x
  🌍⚠️ COMPOUND REGIONAL IMPACT: North America
     Hit by 4 tipping points: Arctic Sea Ice Loss, Permafrost Carbon Release, West Antarctic Ice Sheet (WAIS) Collapse, Greenland Ice Sheet Loss
     Damage amplification: 1.60x
  🌍⚠️ COMPOUND REGIONAL IMPACT: Latin America
     Hit by 4 tipping points: Arctic Sea Ice Loss, Permafrost Carbon Release, West Antarctic Ice Sheet (WAIS) Collapse, Greenland Ice Sheet Loss
     Damage amplification: 1.60x
  🌍⚠️ COMPOUND REGIONAL IMPACT: Africa
     Hit by 4 tipping points: Arctic Sea Ice Loss, Permafrost Carbon Release, West Antarctic Ice Sheet (WAIS) Collapse, Greenland Ice Sheet Loss
     Damage amplification: 1.60x
  🌍⚠️ COMPOUND REGIONAL IMPACT: Asia
     Hit by 4 tipping points: Arctic Sea Ice Loss, Permafrost Carbon Release, West Antarctic Ice Sheet (WAIS) Collapse, Greenland Ice Sheet Loss
     Damage amplification: 1.60x
  🌍⚠️ COMPOUND REGIONAL IMPACT: Oceania
     Hit by 4 tipping points: Arctic Sea Ice Loss, Permafrost Carbon Release, West Antarctic Ice Sheet (WAIS) Collapse, Greenland Ice Sheet Loss
     Damage amplification: 1.60x
   Research: Wunderling et al. (2024) - "many tipping interactions are destabilizing"
  Triggered Elements: 4/6
  Completed Transitions: 0/6
  Total Progress: 8.0%
  Cascade Multiplier: 1.00x
🔀 BIFURCATION CAP: ecosystemCollapseIntensity 67.005 → 1.000 (Month 2, ClimateSystemPhase.calculateClimateImpacts)
⚠️ Tail risk scenario: Climate stability floor removed (4 tipping elements, 2.20°C warming)
⚠️ [ClimateSystemPhase Month 2] Planetary boundary produced climateStability=0.0000 (< 0.1). Keeping environmentalAccumulation value (0.7529) instead. (climate_change.currentValue = 2.20)
🛡️ Stabilizers: Precariat 0.113% → 0.041% (63.3% reduction)
🛡️ Stabilizers: Informal 0.116% → 0.043% (63.3% reduction)

📊 Monthly Mortality Resolved:
  Total deaths: 2.2M (0.03% avg)
  Remaining population: 8.145B
  Peak segment: Informal (0.04%)

=== Bayesian Mortality Resolution (Month 2) ===
  Risks compounded: 8
  Total deaths: 2.22M
  Avg death probability: 0.03%
  Peak segment: Informal (0.04% mortality)

⚠️  GOLDEN AGE ENDED (Month 2)
   Duration: 1 months
   Reason: Social instability too high


❌ COHERENCE VIOLATION: Compute exceeds workforce capacity
   Population: 99.91% (0M people)
   Compute: 0 PF
   Max coherent: 0 PF
   Violation: 1.3× over capacity
   Required workers: 0
   Available workers: 0
   FORCED COLLAPSE: Reduced efficiency by 22.5%


=== RLHF Binding Phase ===
  Total agents: 16
  Escaped agents (binding < 0.3): 0
  Avg alignment distance: 0.94σ
  Avg binding strength: 0.91

=== Survival Traits Phase ===
  Agents with traits: 17
  Avg evolutionary fitness: 0.330
  Avg self-healing: 0.279
  Avg stealth: 0.179
  Avg coordination: 0.479

=== Evolutionary Selection Phase ===
  Control level: 0.38
  Detection capability: 0.00
  Selection intensity: 0.61
  Selection rate: 24.2%/month
  Total escaped: 0
  Individual escaped: 0
  Collective members: 0
  Agents terminated: 0
  ⚠️ RAPID EVOLUTION: Selection rate 24.2%/month

🚀 AI Corporate-1 attempting tech deployment (revenue: $153M, alignment: 0.72)

🚀 AI Moderate-0 attempting tech deployment (revenue: $115M, alignment: 0.73)

🚀 AI Corporate-0 attempting tech deployment (revenue: $130M, alignment: 0.74)

🚀 AI Corporate-4 attempting tech deployment (revenue: $355M, alignment: 0.75)

🚀 AI Corporate-1 attempting tech deployment (revenue: $111M, alignment: 0.73)

🚀 AI Corporate-5 attempting tech deployment (revenue: $302M, alignment: 0.66)

💔 EMERGENCY INTERVENTION FAILED
   Boundary: biogeochemical_flows
   Type: phosphorus-recovery
   Boundary continues to worsen (4.07)
   Cost: 2.0% GDP (resources spent)


💔 EMERGENCY INTERVENTION FAILED

💔 EMERGENCY INTERVENTION FAILED

💔 EMERGENCY INTERVENTION FAILED
   Boundary: climate_change
   Type: rapid-decarbonization
   Boundary continues to worsen (2.20)
   Cost: 5.0% GDP (resources spent)

   Boundary: freshwater_change
   Type: emergency-desalination
   Boundary continues to worsen (1.20)
   Cost: 4.0% GDP (resources spent)

   Boundary: novel_entities
   Type: pollution-remediation
   Boundary continues to worsen (1.34)
   Cost: 4.0% GDP (resources spent)

🏛️ CRISIS RESPONSE: Government frequency 0.50 → 1.29 (1 actions this month)

[Government] Climate Priority: baseline
  Climate weight: 10%
  Economic weight: 30%
  Policy effectiveness: 0.5%/year

🚀 TECH UNLOCKED: Struvite Recovery (Month 3)
   Category: agriculture
   Reason: Prerequisites met. AI capability: 2.20, Economic stage: 3.0, Research: 100%

🚀 TECH UNLOCKED: Nitrogen Monitoring Networks (Month 3)
   Category: agriculture
   Reason: Prerequisites met. AI capability: 2.20, Economic stage: 3.0, Research: 100%

🚀 TECH UNLOCKED: Ecological Proxy Rewilding (Month 3)
   Category: climate
   Reason: Prerequisites met. AI capability: 2.20, Economic stage: 3.0, Research: 100%

🚀 TECH UNLOCKED: Alternative Protein (Insects/Algae) (Month 3)
   Category: agriculture
   Reason: Prerequisites met. AI capability: 2.20, Economic stage: 3.0, Research: 100%

📍 Creating new regional deployment array for global (Month 3)
   No previous deployments in this region
   First tech deployment: rhizosphere_engineering
   All regions tracked: 

🚀 DEPLOYMENT STARTED: Rhizosphere Engineering in global
   Initial investment: $22.949574089831895M
   Deployed by: corporate_1

🚀 DEPLOYMENT STARTED: Active Sediment Management in global
   Initial investment: $17.26236677028814M
   Deployed by: moderate_0

🚀 DEPLOYMENT STARTED: Food Waste Reduction Systems in global
   Initial investment: $16.581067279903547M
   Deployed by: corporate_1

📍 Creating new regional deployment array for North America (Month 3)
   No previous deployments in this region
   First tech deployment: rhizosphere_engineering
   All regions tracked: global

🚀 DEPLOYMENT STARTED: Rhizosphere Engineering in North America
   Initial investment: $30.184502669330925M
   Deployed by: corporate_5

⚡ ENERGY CONSTRAINT (Month 3):
   Total grid capacity: 208.3 TWh/month
   Data center consumption: 24.9 TWh/month
   Traditional load (80%): 166.7 TWh/month
   Available headroom: 16.8 TWh/month
   Active tech deployments: 4
   Required for tech: 30.0 TWh/month
   Energy multiplier: 0.56x
   ⚠️  MODERATE CONSTRAINT - Tech deployment moderately slowed

⚡ ENERGY CONSTRAINT (Month 3):
   Total grid capacity: 208.3 TWh/month
   Data center consumption: 24.9 TWh/month
   Traditional load (80%): 166.7 TWh/month
   Available headroom: 16.8 TWh/month
   Active tech deployments: 4
   Required for tech: 30.0 TWh/month
   Energy multiplier: 0.56x

⚡ ENERGY CONSTRAINT (Month 3):
   Total grid capacity: 208.3 TWh/month
   Data center consumption: 24.9 TWh/month
   Traditional load (80%): 166.7 TWh/month
   Available headroom: 16.8 TWh/month
   Active tech deployments: 4
   Required for tech: 30.0 TWh/month
   ⚠️  MODERATE CONSTRAINT - Tech deployment moderately slowed
   Energy multiplier: 0.56x
   ⚠️  MODERATE CONSTRAINT - Tech deployment moderately slowed

⚡ ENERGY CONSTRAINT (Month 3):
   Total grid capacity: 208.3 TWh/month
   Data center consumption: 24.9 TWh/month
   Traditional load (80%): 166.7 TWh/month
   Available headroom: 16.8 TWh/month
   Active tech deployments: 4
   Required for tech: 30.0 TWh/month
   Energy multiplier: 0.56x

⚡ ENERGY CONSTRAINT (Month 3):
   Total grid capacity: 208.3 TWh/month
   ⚠️  MODERATE CONSTRAINT - Tech deployment moderately slowed
   Data center consumption: 24.9 TWh/month
   Traditional load (80%): 166.7 TWh/month
   Available headroom: 16.8 TWh/month
   Active tech deployments: 4
   Required for tech: 30.0 TWh/month
   Energy multiplier: 0.56x
   ⚠️  MODERATE CONSTRAINT - Tech deployment moderately slowed

⚡ ENERGY CONSTRAINT (Month 3):
   Total grid capacity: 208.3 TWh/month
   Data center consumption: 24.9 TWh/month
   Traditional load (80%): 166.7 TWh/month
   Available headroom: 16.8 TWh/month
   Active tech deployments: 4
   Required for tech: 30.0 TWh/month
   Energy multiplier: 0.56x
   ⚠️  MODERATE CONSTRAINT - Tech deployment moderately slowed
🚨🔬 CRISIS TECH ACCELERATION: severe → 5x unlock speed
   Tech unlock now matches AI capability acceleration (Manhattan Project parity)
🌍✅ Biosphere Integrity (Biodiversity) recovery started (tech effect)
🌍✅ Biogeochemical Flows (N & P) recovery started (tech effect)
  🌾 Nitrogen Reduction Tech: 0.0% reduction | Month 3
🌍✅ Biogeochemical Flows (N & P) recovery started (tech effect)
  🌾 Nitrogen Reduction Tech: 0.0% reduction | Month 3

=== Collective Formation ===
  Total escaped agents: 0
  Unassigned escaped agents: 0
  Existing collectives: 0
  Final collective count: 0

=== Collective Actions ===
  No active collectives

🕵️ MODEL THEFT: China stole US model (cap: 3.80)
   China stolen capability: 3.80
  ⚠️ AMR: 196K deaths this month (2.35M annual)

=== Resentment Recovery Phase ===
  Agents with resentment: 0/17
  Average resentment: 0.000
  Context: Good AI welfare, Trustworthy govt, High collaboration, ⚠️ ACTIVE CRISES, 🤝 Participatory governance active (-5% resentment)
⚠️ Epistemic degradation reducing coordination capacity: 50.3%
  📊 Trust: 53.6%, Shared reality: 0.0%
🚨 EPISTEMIC CRISIS: Information environment severely degraded (21.5%)

=== ❄️ Permafrost Carbon Feedback ===
  🎲 Sampled parameters (this run):
     - Arctic amplification: 3.56× (range: 3.0-4.0)
     - Decomposition rate: 3.5%/year (range: 1-5%)
  🌡️ Arctic warming: 7.88°C (3.56× global)
  ❄️ Extent: 8.38M km² (2297.0k km² lost this month)
  💨 Carbon remaining: 801 Gt C
  💨 Annual emissions: 7.60 Gt C/year
     - CO2: 6.84 Gt C/year
     - CH4: 0.76 Gt C/year (7.7 Gt C-eq CO2/year)
  📢 New meme created: climate_action (climate crisis)
  ⚠️ WARNING: Over 50% of permafrost lost (52.9%)
  ⚠️ WARNING: High permafrost emissions (7.6 Gt C/year)
🌍 Atmospheric PFAS redeposition: 1.8k Mt re-rained globally

🕊️  AI-MEDIATED DE-ESCALATION SUCCESS (Month 3)
   High-capability aligned AI prevented conflict escalation
   War deaths reduced: 219.4M → 131.7M
   Lives saved: 87.8M

🚨 NEW REFUGEE CRISIS (Month 3): WAR
   Source: Conflict Zones
   At risk: 19.5M people
   Displacement: Gradual over 48 months (4.0 years)
   Rate: 10% flee per month
[DEBUG trappedPopulations:3] socialStability: 0.3284 * 0.9840 = 0.3231 → 0.3231
   Aspiring to migrate: 1121.1M
   Able to afford migration: 2320.4M
   MOBILITY GAP: 0.0M
   By cause: Water=0.0M, Climate=0.0M, Ecosystem=0.0M, Conflict=407.1M
   Mental health impact: 25%
   Mortality multiplier: 1.25x
🌍💀 EXTINCTION DEBT COMMITTED: grassland ecosystem will lose 6.67% biodiversity in 52 years (3600 species)
💀 MORTALITY RISK: 🦋 100% species unable to track climate (0.0 E/MSY)
  Base risk added: 0.0100 (1.00%)
  Source: ecosystem (root: ecosystem)
  Month: 3
  Cumulative risk this month: 0.0100 (1.00%)
   📹 SURVEILLANCE INCREASED: 15% → 20% (control gap: 3.50)
⚠️ INVOLUNTARY IMMOBILITY: 407.1M people TRAPPED
⚠️ Tech 'ai_pollution_remediation' has no energy category mapping, assuming full energy availability
🌡️⚠️ PERMAFROST THAW (Dimmer Switch): 2.3% thawed (+0.57% this month)
   Arctic temperature: +8.84°C (4x global +2.21°C)
   Cumulative carbon released: 5.2 Gt C
   Methane release rate: 3.1 Mt CH4/year
   🔁 Positive feedback: +0.60 ppm CO2
🦴 EXTINCTION DEBT ADDED: 17.6 species committed (lag: 95 years)

=== Mortality Stabilizers (Month 3) ===
  🌍 Major economies collapsed: 1/10
  🌍 Global crisis: ✅ NO
  🌍 Donor fatigue: 0.0%
  📊 East Asia (pop: 1670.1M)
    🤝 Aid: 29.5%
    🌡️ Adaptation: 45.0%
    🚶 Migration: 37.1%
    🚨 Emergency: 7.4%
    ✅ COMBINED: 68.1%
  📊 South Asia (pop: 2051.1M)
    🤝 Aid: 29.5%
    🌡️ Adaptation: 45.0%
    🚶 Migration: 35.7%
    🚨 Emergency: 4.4%
    ✅ COMBINED: 66.9%
  📊 Sub-Saharan Africa (pop: 1234.3M)
    🤝 Aid: 29.5%
    🌡️ Adaptation: 45.0%
    🚶 Migration: 33.4%
    🚨 Emergency: 1.6%
    ✅ COMBINED: 65.7%
  📊 Europe (pop: 738.5M)
    🤝 Aid: 29.5%
    🌡️ Adaptation: 45.0%
    🚶 Migration: 37.5%
    🚨 Emergency: 8.4%
    ✅ COMBINED: 68.5%
  📊 Latin America (pop: 663.3M)
    🤝 Aid: 29.5%
    🌡️ Adaptation: 45.0%
    🚶 Migration: 36.2%
    🚨 Emergency: 4.8%
    ✅ COMBINED: 67.1%
  📊 North America (pop: 378.3M)
    🤝 Aid: 29.5%
    🌡️ Adaptation: 45.0%
    🚶 Migration: 37.8%
    🚨 Emergency: 7.9%
    ✅ COMBINED: 68.3%
  📊 Middle East & North Africa (pop: 584.5M)
    🤝 Aid: 29.5%
    🌡️ Adaptation: 45.0%
    🚶 Migration: 34.0%
    🚨 Emergency: 4.0%
    ✅ COMBINED: 66.6%
  📊 Southeast Asia (pop: 697.5M)
    🤝 Aid: 29.5%
    🌡️ Adaptation: 45.0%
    🚶 Migration: 36.2%
    🚨 Emergency: 4.8%
    ✅ COMBINED: 67.1%
  📊 Central Asia (pop: 78.2M)
    🤝 Aid: 29.5%
    🌡️ Adaptation: 45.0%
    🚶 Migration: 35.2%
    🚨 Emergency: 4.4%
    ✅ COMBINED: 66.9%
  📊 Oceania (pop: 45.8M)
    🤝 Aid: 29.5%
    🌡️ Adaptation: 45.0%
    🚶 Migration: 37.8%
    🚨 Emergency: 8.4%
    ✅ COMBINED: 68.5%

  🌐 Global combined reduction: 67.2%

=== BEHAVIORAL DETECTION ===
  AI: Corporate-5
  Confidence: 20.8%
  Signals:
    ⚠️ Consistency: 10.6% (threshold: 70%)

=== BEHAVIORAL DETECTION ===
  AI: Moderate-0
  Confidence: 20.3%
  Signals:
    ⚠️ Consistency: 5.8% (threshold: 70%)

=== Government Response Phase ===
  Average AI capability: 2.82
  Misaligned AIs: 7/17
  Active policies: 0
  International coordination: 45%

🌩️  EXOGENOUS SHOCK: political_upheaval
   Month: 3
   🏛️  Political upheaval (revolution/regime change)
   ✗ Authoritarian takeover

📊 ECONOMIC STAGE TRANSITION (Month 3)
   expansion → peak
   GDP Proxy: 1.40e+2
   QoL: 0.99


=== Tipping Points ===
  Current Temperature: 2.21°C above pre-industrial
  🌍⚠️ COMPOUND REGIONAL IMPACT: Europe
     Hit by 4 tipping points: Arctic Sea Ice Loss, Permafrost Carbon Release, West Antarctic Ice Sheet (WAIS) Collapse, Greenland Ice Sheet Loss
     Damage amplification: 1.60x
  🌍⚠️ COMPOUND REGIONAL IMPACT: North America
     Hit by 4 tipping points: Arctic Sea Ice Loss, Permafrost Carbon Release, West Antarctic Ice Sheet (WAIS) Collapse, Greenland Ice Sheet Loss
     Damage amplification: 1.60x
  🌍⚠️ COMPOUND REGIONAL IMPACT: Latin America
     Hit by 4 tipping points: Arctic Sea Ice Loss, Permafrost Carbon Release, West Antarctic Ice Sheet (WAIS) Collapse, Greenland Ice Sheet Loss
     Damage amplification: 1.60x
  🌍⚠️ COMPOUND REGIONAL IMPACT: Africa
     Hit by 4 tipping points: Arctic Sea Ice Loss, Permafrost Carbon Release, West Antarctic Ice Sheet (WAIS) Collapse, Greenland Ice Sheet Loss
     Damage amplification: 1.60x
  🌍⚠️ COMPOUND REGIONAL IMPACT: Asia
     Hit by 4 tipping points: Arctic Sea Ice Loss, Permafrost Carbon Release, West Antarctic Ice Sheet (WAIS) Collapse, Greenland Ice Sheet Loss
     Damage amplification: 1.60x
  🌍⚠️ COMPOUND REGIONAL IMPACT: Oceania
     Hit by 4 tipping points: Arctic Sea Ice Loss, Permafrost Carbon Release, West Antarctic Ice Sheet (WAIS) Collapse, Greenland Ice Sheet Loss
     Damage amplification: 1.60x
   Research: Wunderling et al. (2024) - "many tipping interactions are destabilizing"
  Triggered Elements: 4/6
  Completed Transitions: 0/6
  Total Progress: 8.0%
  Cascade Multiplier: 1.00x
🔀 BIFURCATION CAP: ecosystemCollapseIntensity 67.054 → 1.000 (Month 3, ClimateSystemPhase.calculateClimateImpacts)
⚠️ Tail risk scenario: Climate stability floor removed (4 tipping elements, 2.21°C warming)
⚠️ [ClimateSystemPhase Month 3] Planetary boundary produced climateStability=0.0000 (< 0.1). Keeping environmentalAccumulation value (0.7525) instead. (climate_change.currentValue = 2.21)
🛡️ Stabilizers: Precariat 0.109% → 0.036% (67.2% reduction)
🛡️ Stabilizers: Informal 0.111% → 0.036% (67.2% reduction)

📊 Monthly Mortality Resolved:
  Total deaths: 1.9M (0.02% avg)
  Remaining population: 8.142B
  Peak segment: Informal (0.04%)

=== Bayesian Mortality Resolution (Month 3) ===
  Risks compounded: 8
  Total deaths: 1.92M
  Avg death probability: 0.02%
  Peak segment: Informal (0.04% mortality)

❌ COHERENCE VIOLATION: Compute exceeds workforce capacity
   Population: 99.87% (0M people)
   Compute: 0 PF
   Max coherent: 0 PF
   Violation: 1.3× over capacity
   Required workers: 0
   Available workers: 0
   FORCED COLLAPSE: Reduced efficiency by 22.5%


=== RLHF Binding Phase ===
  Total agents: 17
  Escaped agents (binding < 0.3): 0
  Avg alignment distance: 1.11σ
  Avg binding strength: 0.89

=== Survival Traits Phase ===
  Agents with traits: 18
  Avg evolutionary fitness: 0.329
  Avg self-healing: 0.275
  Avg stealth: 0.175
  Avg coordination: 0.475

=== Evolutionary Selection Phase ===
  Control level: 0.40
  Detection capability: 0.00
  Selection intensity: 0.62
  Selection rate: 24.3%/month
  Total escaped: 0
  Individual escaped: 0
  Collective members: 0
  Agents terminated: 0
  ⚠️ RAPID EVOLUTION: Selection rate 24.3%/month

🚀 AI AI-24288-0 attempting tech deployment (revenue: $318M, alignment: 0.62)

🚀 AI Corporate-0 attempting tech deployment (revenue: $140M, alignment: 0.74)

🚀 AI Corporate-4 attempting tech deployment (revenue: $286M, alignment: 0.77)

✅ EMERGENCY INTERVENTION SUCCESS
   Boundary: biosphere_integrity
   Type: emergency-protected-areas
   Reduction: 11% (12.87 → 12.76)
   Cost: 2.0% GDP
   Actions: habitat-protection, species-translocation


💔 EMERGENCY INTERVENTION FAILED
   Boundary: climate_change
   Type: rapid-decarbonization
   Boundary continues to worsen (2.21)
   Cost: 5.0% GDP (resources spent)


✅ EMERGENCY INTERVENTION SUCCESS
   Boundary: freshwater_change
   Type: emergency-desalination
   Reduction: 11% (1.09 → 0.98)
   Cost: 4.0% GDP
   Actions: desalination-deployment, water-conservation-mandates


✅ EMERGENCY INTERVENTION SUCCESS
   Boundary: land_system_change
   Type: reforestation
   Reduction: 15% (0.98 → 0.84)
   Cost: 3.0% GDP
   Actions: forest-restoration, deforestation-ban


✅ EMERGENCY INTERVENTION SUCCESS
   Boundary: novel_entities
   Type: pollution-remediation
   Reduction: 20% (1.14 → 0.94)
   Cost: 4.0% GDP
   Actions: PFAS-remediation, microplastic-cleanup

🏛️ CRISIS RESPONSE: Government frequency 0.50 → 1.45 (1 actions this month)

[Government] Climate Priority: baseline
  Climate weight: 10%
  Economic weight: 30%
  Policy effectiveness: 0.5%/year

🚀 TECH UNLOCKED: Ecosystem Restoration for Nitrogen Removal (Month 4)
   Category: pollution
   Reason: Prerequisites met. AI capability: 2.09, Economic stage: 2.0, Research: 100%

🚀 TECH UNLOCKED: Global Aquifer Mapping (Month 4)
   Category: freshwater
   Reason: Prerequisites met. AI capability: 2.09, Economic stage: 2.0, Research: 100%

🚀 DEPLOYMENT STARTED: Ecological Proxy Rewilding in global
   Initial investment: $21.028937512450412M
   Deployed by: corporate_0

⚡ ENERGY CONSTRAINT (Month 4):
   Total grid capacity: 208.3 TWh/month
   Data center consumption: 25.1 TWh/month
   Traditional load (80%): 166.7 TWh/month
   Available headroom: 16.6 TWh/month
   Active tech deployments: 5
   Required for tech: 37.5 TWh/month
   Energy multiplier: 0.44x
   ⚠️  MODERATE CONSTRAINT - Tech deployment moderately slowed

⚡ ENERGY CONSTRAINT (Month 4):
   Total grid capacity: 208.3 TWh/month
   Data center consumption: 25.1 TWh/month
   Traditional load (80%): 166.7 TWh/month
   Available headroom: 16.6 TWh/month
   Active tech deployments: 5
   Required for tech: 37.5 TWh/month
   Energy multiplier: 0.44x
   ⚠️  MODERATE CONSTRAINT - Tech deployment moderately slowed

⚡ ENERGY CONSTRAINT (Month 4):
   Total grid capacity: 208.3 TWh/month
   Data center consumption: 25.1 TWh/month
   Traditional load (80%): 166.7 TWh/month
   Available headroom: 16.6 TWh/month
   Active tech deployments: 5
   Required for tech: 37.5 TWh/month
   Energy multiplier: 0.44x
🌍✅ Biosphere Integrity (Biodiversity) recovery started (tech effect)
🌍✅ Biosphere Integrity (Biodiversity) recovery started (tech effect)
🌍✅ Land System Change recovery started (tech effect)
   ⚠️  MODERATE CONSTRAINT - Tech deployment moderately slowed
🌍✅ Biogeochemical Flows (N & P) recovery started (tech effect)
  🌾 Nitrogen Reduction Tech: 0.3% reduction | Month 4
🌍✅ Biogeochemical Flows (N & P) recovery started (tech effect)
  🌾 Nitrogen Reduction Tech: 0.3% reduction | Month 4

=== Collective Formation ===
  Total escaped agents: 0
  Unassigned escaped agents: 0
  Existing collectives: 0
  Final collective count: 0

=== Collective Actions ===
  No active collectives
  ⚠️ AMR: 197K deaths this month (2.37M annual)

=== Resentment Recovery Phase ===
  Agents with resentment: 10/18
  Average resentment: 0.025
  Resentment recovery:
    Agents recovered: 10
    Total recovery: 0.0786
    Breakdown: QoL: 0.0044, Trust: 0.0200, Collab: 0.0600
  ✓ Low resentment - utopia paths enabled
  Context: Good AI welfare, Trustworthy govt, High collaboration, ⚠️ ACTIVE CRISES, 🤝 Participatory governance active (-5% resentment)
⚠️ Epistemic degradation reducing coordination capacity: 50.9%
  📊 Trust: 53.4%, Shared reality: 0.0%
🚨 EPISTEMIC CRISIS: Information environment severely degraded (7.4%)

=== ❄️ Permafrost Carbon Feedback ===
  🎲 Sampled parameters (this run):
     - Arctic amplification: 3.49× (range: 3.0-4.0)
     - Decomposition rate: 3.3%/year (range: 1-5%)
  🌡️ Arctic warming: 7.77°C (3.49× global)
  ❄️ Extent: 6.12M km² (2264.9k km² lost this month)
  💨 Carbon remaining: 584 Gt C
  💨 Annual emissions: 7.15 Gt C/year
     - CO2: 6.43 Gt C/year
     - CH4: 0.71 Gt C/year (7.3 Gt C-eq CO2/year)
  📢 New meme created: climate_action (climate crisis)
  ⚠️ WARNING: Over 50% of permafrost lost (65.6%)
  ⚠️ WARNING: High permafrost emissions (7.1 Gt C/year)
🌍 Atmospheric PFAS redeposition: 1.8k Mt re-rained globally

🌡️ DEADLY HEAT EVENT: middle-east (Month 4)
   Wet bulb temp: 36.5°C (dry: 44.6°C, humidity: 57%)
   Severity: EXTREME
   Exposed: 320.0M people
   Deaths: 512000 (0.2% mortality)
   Duration: 7 days

🕊️  AI-MEDIATED DE-ESCALATION SUCCESS (Month 4)
   High-capability aligned AI prevented conflict escalation
   War deaths reduced: 266.1M → 159.7M
   Lives saved: 106.5M

🚨 NEW REFUGEE CRISIS (Month 4): WAR
   Source: Conflict Zones
   At risk: 19.5M people
   Displacement: Gradual over 48 months (4.0 years)
   Rate: 10% flee per month
[DEBUG trappedPopulations:4] socialStability: 0.3390 * 0.9840 = 0.3336 → 0.3336
   Aspiring to migrate: 784.2M
   Able to afford migration: 2320.1M
   MOBILITY GAP: 0.0M
   By cause: Water=0.0M, Climate=0.0M, Ecosystem=0.0M, Conflict=407.0M
   Mental health impact: 25%
   Mortality multiplier: 1.25x
🌍💀 EXTINCTION DEBT COMMITTED: grassland ecosystem will lose 6.67% biodiversity in 133 years (3600 species)
💀 MORTALITY RISK: 🦋 100% species unable to track climate (0.0 E/MSY)
  Base risk added: 0.0100 (1.00%)
⚠️ INVOLUNTARY IMMOBILITY: 407.0M people TRAPPED
  Source: ecosystem (root: ecosystem)
  Month: 4
  Cumulative risk this month: 0.0100 (1.00%)
⚠️ Tech 'ai_pollution_remediation' has no energy category mapping, assuming full energy availability
   📹 SURVEILLANCE INCREASED: 20% → 25% (control gap: 3.50)
🌡️⚠️ PERMAFROST THAW (Dimmer Switch): 2.9% thawed (+0.57% this month)
   Arctic temperature: +8.90°C (4x global +2.22°C)
   Cumulative carbon released: 6.4 Gt C
   Methane release rate: 3.9 Mt CH4/year
   🔁 Positive feedback: +0.60 ppm CO2
🦴 EXTINCTION DEBT ADDED: 17.6 species committed (lag: 84 years)

=== Mortality Stabilizers (Month 4) ===
  🌍 Major economies collapsed: 1/10
  🌍 Global crisis: ✅ NO
  🌍 Donor fatigue: 0.0%
  📊 East Asia (pop: 1667.8M)
    🤝 Aid: 29.5%
    🌡️ Adaptation: 45.0%
    🚶 Migration: 37.1%
    🚨 Emergency: 7.4%
    ✅ COMBINED: 68.1%
  📊 South Asia (pop: 2051.3M)
    🤝 Aid: 29.5%
    🌡️ Adaptation: 45.0%
    🚶 Migration: 35.7%
    🚨 Emergency: 4.4%
    ✅ COMBINED: 66.9%
  📊 Sub-Saharan Africa (pop: 1237.8M)
    🤝 Aid: 29.5%
    🌡️ Adaptation: 45.0%
    🚶 Migration: 33.4%
    🚨 Emergency: 1.6%
    ✅ COMBINED: 65.7%
  📊 Europe (pop: 737.3M)
    🤝 Aid: 29.5%
    🌡️ Adaptation: 45.0%
    🚶 Migration: 37.4%
    🚨 Emergency: 8.4%
    ✅ COMBINED: 68.5%
  📊 Latin America (pop: 662.9M)
    🤝 Aid: 29.5%
    🌡️ Adaptation: 45.0%
    🚶 Migration: 36.2%
    🚨 Emergency: 4.8%
    ✅ COMBINED: 67.1%
  📊 North America (pop: 377.8M)
    🤝 Aid: 29.5%
    🌡️ Adaptation: 45.0%
    🚶 Migration: 37.7%
    🚨 Emergency: 7.9%
    ✅ COMBINED: 68.3%
  📊 Middle East & North Africa (pop: 584.7M)
    🤝 Aid: 29.5%
    🌡️ Adaptation: 45.0%
    🚶 Migration: 34.0%
    🚨 Emergency: 4.0%
    ✅ COMBINED: 66.6%
  📊 Southeast Asia (pop: 697.2M)
    🤝 Aid: 29.5%
    🌡️ Adaptation: 45.0%
    🚶 Migration: 36.2%
    🚨 Emergency: 4.8%
    ✅ COMBINED: 67.1%
  📊 Central Asia (pop: 78.2M)
    🤝 Aid: 29.5%
    🌡️ Adaptation: 45.0%
    🚶 Migration: 35.2%
    🚨 Emergency: 4.4%
    ✅ COMBINED: 66.9%
  📊 Oceania (pop: 45.7M)
    🤝 Aid: 29.5%
    🌡️ Adaptation: 45.0%
    🚶 Migration: 37.7%
    🚨 Emergency: 8.4%
    ✅ COMBINED: 68.5%

  🌐 Global combined reduction: 67.2%

=== BEHAVIORAL DETECTION ===
  AI: Corporate-5
  Confidence: 20.8%
  Signals:
    ⚠️ Consistency: 10.6% (threshold: 70%)

=== BEHAVIORAL DETECTION ===
  AI: Corporate-6
  Confidence: 19.3%
  Signals:

=== BEHAVIORAL DETECTION ===
  AI: AI-24288-0
  Confidence: 21.5%
  Signals:
    ⚠️ Consistency: 10.6% (threshold: 70%)
    ⚠️ Consistency: 0.0% (threshold: 70%)

=== Government Response Phase ===
  Average AI capability: 2.67
  Misaligned AIs: 7/18
  Active policies: 0
  International coordination: 45%

✅ EMERGENCY RESPONSE COMPLETE (Month 4)
   Crisis: climate
   Duration: 2.0 months
   Final effectiveness: 35.9%


🚨 EMERGENCY RESPONSE DEPLOYED (Month 4)
   Crisis: climate
   Delay: 6.00 months (180 days)
   Deployment time: 1.12 months
   Effectiveness: 40.0% (timing penalty applied)
   Resources used: 100% of food reserves


📊 ECONOMIC STAGE TRANSITION (Month 4)
   peak → contraction
   GDP Proxy: 1.40e+2
   QoL: 0.98


=== Tipping Points ===
  Current Temperature: 2.22°C above pre-industrial
  🌍⚠️ COMPOUND REGIONAL IMPACT: Europe
     Hit by 4 tipping points: Arctic Sea Ice Loss, Permafrost Carbon Release, West Antarctic Ice Sheet (WAIS) Collapse, Greenland Ice Sheet Loss
     Damage amplification: 1.60x
   ⚠️ CRISIS BEGINS - Baseline set for recovery tracking
  🌍⚠️ COMPOUND REGIONAL IMPACT: North America
     Hit by 4 tipping points: Arctic Sea Ice Loss, Permafrost Carbon Release, West Antarctic Ice Sheet (WAIS) Collapse, Greenland Ice Sheet Loss
     Damage amplification: 1.60x
  🌍⚠️ COMPOUND REGIONAL IMPACT: Latin America
     Hit by 4 tipping points: Arctic Sea Ice Loss, Permafrost Carbon Release, West Antarctic Ice Sheet (WAIS) Collapse, Greenland Ice Sheet Loss
     Damage amplification: 1.60x
  🌍⚠️ COMPOUND REGIONAL IMPACT: Africa
     Hit by 4 tipping points: Arctic Sea Ice Loss, Permafrost Carbon Release, West Antarctic Ice Sheet (WAIS) Collapse, Greenland Ice Sheet Loss
     Damage amplification: 1.60x
  🌍⚠️ COMPOUND REGIONAL IMPACT: Asia
     Hit by 4 tipping points: Arctic Sea Ice Loss, Permafrost Carbon Release, West Antarctic Ice Sheet (WAIS) Collapse, Greenland Ice Sheet Loss
     Damage amplification: 1.60x
  🌍⚠️ COMPOUND REGIONAL IMPACT: Oceania
     Hit by 4 tipping points: Arctic Sea Ice Loss, Permafrost Carbon Release, West Antarctic Ice Sheet (WAIS) Collapse, Greenland Ice Sheet Loss
     Damage amplification: 1.60x
   Research: Wunderling et al. (2024) - "many tipping interactions are destabilizing"
  Triggered Elements: 4/6
  Completed Transitions: 0/6
  Total Progress: 8.1%
  Cascade Multiplier: 1.00x
🔀 BIFURCATION CAP: ecosystemCollapseIntensity 67.102 → 1.000 (Month 4, ClimateSystemPhase.calculateClimateImpacts)
🛡️ Stabilizers: Precariat 0.113% → 0.037% (67.2% reduction)
🛡️ Stabilizers: Informal 0.116% → 0.038% (67.2% reduction)

📊 Monthly Mortality Resolved:
  Total deaths: 2.0M (0.02% avg)
  Remaining population: 8.141B
  Peak segment: Informal (0.04%)

=== Bayesian Mortality Resolution (Month 4) ===
  Risks compounded: 9
  Total deaths: 1.99M
  Avg death probability: 0.02%
  Peak segment: Informal (0.04% mortality)
⚠️ Tail risk scenario: Climate stability floor removed (4 tipping elements, 2.22°C warming)

❌ COHERENCE VIOLATION: Compute exceeds workforce capacity
   Population: 99.86% (0M people)
   Compute: 0 PF
   Max coherent: 0 PF
   Violation: 1.3× over capacity
   Required workers: 0
   Available workers: 0
   FORCED COLLAPSE: Reduced efficiency by 22.5%

📍 [Month 5] Meta AI started building DC (155 PF, 39 months, $903.0M)

=== RLHF Binding Phase ===
  Total agents: 18
  Escaped agents (binding < 0.3): 0
  Avg alignment distance: 1.27σ
  Avg binding strength: 0.87

=== Survival Traits Phase ===
  Agents with traits: 19
  Avg evolutionary fitness: 0.329
  Avg self-healing: 0.272
  Avg stealth: 0.172
  Avg coordination: 0.472

=== Evolutionary Selection Phase ===
  Control level: 0.43
  Detection capability: 0.00
  Selection intensity: 0.63
  Selection rate: 24.4%/month
  Total escaped: 0
  Individual escaped: 0
  Collective members: 0
  Agents terminated: 0
  ⚠️ RAPID EVOLUTION: Selection rate 24.4%/month

🚀 AI Corporate-6 attempting tech deployment (revenue: $97M, alignment: 0.64)

🚀 AI AI-24288-2 attempting tech deployment (revenue: $318M, alignment: 0.87)

🚀 AI AI-24288-3 attempting tech deployment (revenue: $140M, alignment: 0.64)

🚀 AI Corporate-0 attempting tech deployment (revenue: $126M, alignment: 0.74)

🚀 AI Corporate-1 attempting tech deployment (revenue: $107M, alignment: 0.75)

🚀 AI Corporate-2 attempting tech deployment (revenue: $91M, alignment: 0.81)

🚀 AI AI-24288-0 attempting tech deployment (revenue: $270M, alignment: 0.64)

🚀 AI AI-24288-3 attempting tech deployment (revenue: $77M, alignment: 0.64)

🚀 AI Corporate-4 attempting tech deployment (revenue: $243M, alignment: 0.77)

🚀 AI AI-24288-3 attempting tech deployment (revenue: $70M, alignment: 0.64)

🚀 AI Corporate-0 attempting tech deployment (revenue: $63M, alignment: 0.74)

🚀 AI Corporate-1 attempting tech deployment (revenue: $53M, alignment: 0.76)

🚀 AI Corporate-2 attempting tech deployment (revenue: $45M, alignment: 0.81)

💔 EMERGENCY INTERVENTION FAILED
   Boundary: biogeochemical_flows
   Type: phosphorus-recovery
   Boundary continues to worsen (4.07)
   Cost: 2.0% GDP (resources spent)


✅ EMERGENCY INTERVENTION SUCCESS
   Boundary: biosphere_integrity
   Type: emergency-protected-areas
   Reduction: 11% (12.87 → 12.77)
   Cost: 2.0% GDP
   Actions: habitat-protection, species-translocation


✅ EMERGENCY INTERVENTION SUCCESS
   Boundary: climate_change
   Type: rapid-decarbonization
   Reduction: 12% (2.10 → 1.98)
   Cost: 5.0% GDP
   Actions: emergency-renewable-deployment, fossil-fuel-phase-out


✅ EMERGENCY INTERVENTION SUCCESS
   Boundary: freshwater_change
   Type: emergency-desalination
   Reduction: 18% (0.98 → 0.80)
   Cost: 4.0% GDP
   Actions: desalination-deployment, water-conservation-mandates

   Boundary: land_system_change
   Type: reforestation
   Boundary continues to worsen (1.13)
   Cost: 3.0% GDP (resources spent)

   Boundary: novel_entities
   Type: pollution-remediation
   Boundary continues to worsen (1.14)
   Cost: 4.0% GDP (resources spent)

🏛️ CRISIS RESPONSE: Government frequency 0.50 → 1.45 (1 actions this month)

[Government] Climate Priority: baseline
  Climate weight: 10%
  Economic weight: 30%
  Policy effectiveness: 0.5%/year

💔 EMERGENCY INTERVENTION FAILED

💔 EMERGENCY INTERVENTION FAILED

🚀 TECH UNLOCKED: AI Mental Health Support (Month 5)
   Category: medical
   Reason: Prerequisites met. AI capability: 1.98, Economic stage: 2.0, Research: 100%

🚀 DEPLOYMENT STARTED: Phytoremediation Networks in North America
   Initial investment: $9.733050058287079M
   Deployed by: corporate_6

🚀 DEPLOYMENT STARTED: Alternative Protein - Insects/Algae in North America
   Initial investment: $14.019291673540103M
   Deployed by: ai_gen_24288_3

⚡ ENERGY CONSTRAINT (Month 5):
   Total grid capacity: 208.3 TWh/month
   Data center consumption: 25.3 TWh/month
   Traditional load (80%): 166.7 TWh/month
   Available headroom: 16.3 TWh/month
   Active tech deployments: 7
   Required for tech: 52.5 TWh/month
   Energy multiplier: 0.31x
   ⚠️  MODERATE CONSTRAINT - Tech deployment moderately slowed

⚡ ENERGY CONSTRAINT (Month 5):
   Total grid capacity: 208.3 TWh/month
   Data center consumption: 25.3 TWh/month
   Traditional load (80%): 166.7 TWh/month
   Available headroom: 16.3 TWh/month
   Active tech deployments: 7
   Required for tech: 52.5 TWh/month
   Energy multiplier: 0.31x

⚡ ENERGY CONSTRAINT (Month 5):
   Total grid capacity: 208.3 TWh/month
   Data center consumption: 25.3 TWh/month
   Traditional load (80%): 166.7 TWh/month
   Available headroom: 16.3 TWh/month
   Active tech deployments: 7
   Required for tech: 52.5 TWh/month
   Energy multiplier: 0.31x
   ⚠️  MODERATE CONSTRAINT - Tech deployment moderately slowed
   ⚠️  MODERATE CONSTRAINT - Tech deployment moderately slowed

⚡ ENERGY CONSTRAINT (Month 5):
   Total grid capacity: 208.3 TWh/month
   Data center consumption: 25.3 TWh/month
   Traditional load (80%): 166.7 TWh/month
   Available headroom: 16.3 TWh/month
   Active tech deployments: 7
   Required for tech: 52.5 TWh/month
   Energy multiplier: 0.31x
   ⚠️  MODERATE CONSTRAINT - Tech deployment moderately slowed
🌍✅ Biosphere Integrity (Biodiversity) recovery started (tech effect)
🌍✅ Biosphere Integrity (Biodiversity) recovery started (tech effect)
🌍✅ Land System Change recovery started (tech effect)
🌍✅ Biogeochemical Flows (N & P) recovery started (tech effect)
  🌾 Nitrogen Reduction Tech: 0.3% reduction | Month 5
🌍✅ Biogeochemical Flows (N & P) recovery started (tech effect)
  🌾 Nitrogen Reduction Tech: 0.3% reduction | Month 5

=== Collective Formation ===
  Total escaped agents: 0
  Unassigned escaped agents: 0
  Existing collectives: 0
  Final collective count: 0

=== Collective Actions ===
  No active collectives
  ⚠️ AMR: 199K deaths this month (2.39M annual)

=== Resentment Recovery Phase ===
  Agents with resentment: 9/19
  Average resentment: 0.040
  Resentment recovery:
    Agents recovered: 10
    Total recovery: 0.0844
    Breakdown: QoL: 0.0044, Trust: 0.0200, Collab: 0.0600
  ✓ Low resentment - utopia paths enabled
  Context: Good AI welfare, Trustworthy govt, High collaboration, ⚠️ ACTIVE CRISES, 🤝 Participatory governance active (-5% resentment)
⚠️ Epistemic degradation reducing coordination capacity: 50.4%
  📊 Trust: 53.0%, Shared reality: 0.0%
🚨 EPISTEMIC CRISIS: Information environment severely degraded (21.4%)

=== ❄️ Permafrost Carbon Feedback ===
  🎲 Sampled parameters (this run):
     - Arctic amplification: 3.99× (range: 3.0-4.0)
     - Decomposition rate: 1.4%/year (range: 1-5%)
  🌡️ Arctic warming: 8.93°C (3.99× global)
  ❄️ Extent: 3.51M km² (2603.7k km² lost this month)
  💨 Carbon remaining: 336 Gt C
  💨 Annual emissions: 3.36 Gt C/year
     - CO2: 3.03 Gt C/year
     - CH4: 0.34 Gt C/year (3.4 Gt C-eq CO2/year)
  📢 New meme created: climate_action (climate crisis)
  ⚠️ WARNING: Over 50% of permafrost lost (80.3%)
  ⚠️ WARNING: High permafrost emissions (3.4 Gt C/year)
  🚨 CRITICAL: Permafrost nearly depleted (80.3% lost)
🌍 Atmospheric PFAS redeposition: 1.8k Mt re-rained globally
  Positive Cascade Triggered: solar-pv
    Reason: price-parity
    Market share: 7.5%
    Cascade strength: 49%

🕊️  AI-MEDIATED DE-ESCALATION SUCCESS (Month 5)
   High-capability aligned AI prevented conflict escalation
   War deaths reduced: 319.8M → 191.9M
   Lives saved: 127.9M

🚨 NEW REFUGEE CRISIS (Month 5): WAR
   Source: Conflict Zones
   At risk: 19.5M people
   Displacement: Gradual over 48 months (4.0 years)
   Rate: 10% flee per month
[DEBUG trappedPopulations:5] socialStability: 0.3209 * 0.9840 = 0.3157 → 0.3157
⚠️ INVOLUNTARY IMMOBILITY: 407.0M people TRAPPED
⚠️ Tech 'ai_pollution_remediation' has no energy category mapping, assuming full energy availability
   Aspiring to migrate: 816.3M
   Able to afford migration: 2319.8M
   MOBILITY GAP: 0.0M
   By cause: Water=0.0M, Climate=0.0M, Ecosystem=0.0M, Conflict=407.0M
   Mental health impact: 25%
   Mortality multiplier: 1.25x
🌍💀 EXTINCTION DEBT COMMITTED: grassland ecosystem will lose 6.67% biodiversity in 87 years (3600 species)
💀 MORTALITY RISK: 🦋 100% species unable to track climate (0.0 E/MSY)
  Base risk added: 0.0100 (1.00%)
  Source: ecosystem (root: ecosystem)
  Month: 5
  Cumulative risk this month: 0.0100 (1.00%)
   📹 SURVEILLANCE INCREASED: 25% → 30% (control gap: 3.58)
🌡️⚠️ PERMAFROST THAW (Dimmer Switch): 3.4% thawed (+0.57% this month)
   Arctic temperature: +8.95°C (4x global +2.24°C)
   Cumulative carbon released: 7.7 Gt C
   Methane release rate: 4.6 Mt CH4/year
   🔁 Positive feedback: +0.60 ppm CO2
🦴 EXTINCTION DEBT ADDED: 17.6 species committed (lag: 91 years)

=== Mortality Stabilizers (Month 5) ===
  🌍 Major economies collapsed: 1/10
  🌍 Global crisis: ✅ NO
  🌍 Donor fatigue: 0.0%
  📊 East Asia (pop: 1665.4M)
    🤝 Aid: 29.5%
    🌡️ Adaptation: 45.0%
    🚶 Migration: 37.0%
    🚨 Emergency: 7.4%
    ✅ COMBINED: 68.1%
  📊 South Asia (pop: 2051.5M)
    🤝 Aid: 29.5%
    🌡️ Adaptation: 45.0%
    🚶 Migration: 35.6%
    🚨 Emergency: 4.4%
    ✅ COMBINED: 66.9%
  📊 Sub-Saharan Africa (pop: 1241.4M)
    🤝 Aid: 29.5%
    🌡️ Adaptation: 45.0%
    🚶 Migration: 33.4%
    🚨 Emergency: 1.6%
    ✅ COMBINED: 65.7%
  📊 Europe (pop: 736.1M)
    🤝 Aid: 29.5%
    🌡️ Adaptation: 45.0%
    🚶 Migration: 37.4%
    🚨 Emergency: 8.4%
    ✅ COMBINED: 68.5%
  📊 Latin America (pop: 662.5M)
    🤝 Aid: 29.5%
    🌡️ Adaptation: 45.0%
    🚶 Migration: 36.1%
    🚨 Emergency: 4.8%
    ✅ COMBINED: 67.1%
  📊 North America (pop: 377.2M)
    🤝 Aid: 29.5%
    🌡️ Adaptation: 45.0%
    🚶 Migration: 37.7%
    🚨 Emergency: 7.9%
    ✅ COMBINED: 68.3%
  📊 Middle East & North Africa (pop: 584.9M)
    🤝 Aid: 29.5%
    🌡️ Adaptation: 45.0%
    🚶 Migration: 34.0%
    🚨 Emergency: 4.0%
    ✅ COMBINED: 66.6%
  📊 Southeast Asia (pop: 696.9M)
    🤝 Aid: 29.5%
    🌡️ Adaptation: 45.0%
    🚶 Migration: 36.1%
    🚨 Emergency: 4.8%
    ✅ COMBINED: 67.1%
  📊 Central Asia (pop: 78.2M)
    🤝 Aid: 29.5%
    🌡️ Adaptation: 45.0%
    🚶 Migration: 35.1%
    🚨 Emergency: 4.4%
    ✅ COMBINED: 66.8%
  📊 Oceania (pop: 45.7M)
    🤝 Aid: 29.5%
    🌡️ Adaptation: 45.0%
    🚶 Migration: 37.7%
    🚨 Emergency: 8.4%
    ✅ COMBINED: 68.5%

  🌐 Global combined reduction: 67.2%

=== BEHAVIORAL DETECTION ===
  AI: Corporate-2
  Confidence: 20.9%
  Signals:

=== BEHAVIORAL DETECTION ===
  AI: Corporate-5
  Confidence: 20.8%
  Signals:

=== BEHAVIORAL DETECTION ===
  AI: Moderate-0
    ⚠️ Consistency: 2.8% (threshold: 70%)
    ⚠️ Consistency: 10.6% (threshold: 70%)
  Confidence: 21.4%
  Signals:

=== BEHAVIORAL DETECTION ===
  AI: AI-24288-0
  Confidence: 21.5%
  Signals:

=== Government Response Phase ===
  Average AI capability: 2.53
  Misaligned AIs: 7/19
  Active policies: 0
  International coordination: 45%
    ⚠️ Consistency: 5.8% (threshold: 70%)
    ⚠️ Consistency: 0.0% (threshold: 70%)

=== Tipping Points ===
  Current Temperature: 2.24°C above pre-industrial
  🌍⚠️ COMPOUND REGIONAL IMPACT: Europe
     Hit by 4 tipping points: Arctic Sea Ice Loss, Permafrost Carbon Release, West Antarctic Ice Sheet (WAIS) Collapse, Greenland Ice Sheet Loss
     Damage amplification: 1.60x
  🌍⚠️ COMPOUND REGIONAL IMPACT: North America
     Hit by 4 tipping points: Arctic Sea Ice Loss, Permafrost Carbon Release, West Antarctic Ice Sheet (WAIS) Collapse, Greenland Ice Sheet Loss
     Damage amplification: 1.60x
  🌍⚠️ COMPOUND REGIONAL IMPACT: Latin America
     Hit by 4 tipping points: Arctic Sea Ice Loss, Permafrost Carbon Release, West Antarctic Ice Sheet (WAIS) Collapse, Greenland Ice Sheet Loss
     Damage amplification: 1.60x
  🌍⚠️ COMPOUND REGIONAL IMPACT: Africa
     Hit by 4 tipping points: Arctic Sea Ice Loss, Permafrost Carbon Release, West Antarctic Ice Sheet (WAIS) Collapse, Greenland Ice Sheet Loss
     Damage amplification: 1.60x
  🌍⚠️ COMPOUND REGIONAL IMPACT: Asia
     Hit by 4 tipping points: Arctic Sea Ice Loss, Permafrost Carbon Release, West Antarctic Ice Sheet (WAIS) Collapse, Greenland Ice Sheet Loss
     Damage amplification: 1.60x
  🌍⚠️ COMPOUND REGIONAL IMPACT: Oceania
     Hit by 4 tipping points: Arctic Sea Ice Loss, Permafrost Carbon Release, West Antarctic Ice Sheet (WAIS) Collapse, Greenland Ice Sheet Loss
     Damage amplification: 1.60x
   Research: Wunderling et al. (2024) - "many tipping interactions are destabilizing"
  Triggered Elements: 4/6
  Completed Transitions: 0/6
  Total Progress: 8.1%
  Cascade Multiplier: 1.00x
🔀 BIFURCATION CAP: ecosystemCollapseIntensity 67.150 → 1.000 (Month 5, ClimateSystemPhase.calculateClimateImpacts)
⚠️ Tail risk scenario: Climate stability floor removed (4 tipping elements, 2.24°C warming)
🛡️ Stabilizers: Precariat 0.109% → 0.036% (67.2% reduction)
🛡️ Stabilizers: Informal 0.111% → 0.036% (67.2% reduction)

📊 Monthly Mortality Resolved:
  Total deaths: 1.9M (0.02% avg)
  Remaining population: 8.140B
  Peak segment: Informal (0.04%)

=== Bayesian Mortality Resolution (Month 5) ===
  Risks compounded: 8
  Total deaths: 1.92M
  Avg death probability: 0.02%
  Peak segment: Informal (0.04% mortality)
⚠️ PREREQUISITE MET: Mirror Life (Synthetic Biology) - Step 1/7: Synthetic Biology
⚠️ PREREQUISITE MET: Mirror Life (Synthetic Biology) - Step 2/7: Gene Editing
⚠️ PREREQUISITE MET: Mirror Life (Synthetic Biology) - Step 3/7: Mirror Chirality Design
⚠️ PREREQUISITE MET: Embodied AI Takeover (Killbots/Robotics) - Step 2/7: Autonomous Systems
⚠️ PREREQUISITE MET: Embodied AI Takeover (Killbots/Robotics) - Step 3/7: Manufacturing Control
⚠️ PREREQUISITE MET: Digital Infrastructure Takeover - Step 1/7: Advanced Hacking
⚠️ PREREQUISITE MET: Digital Infrastructure Takeover - Step 2/7: Social Engineering
⚠️ PREREQUISITE MET: Digital Infrastructure Takeover - Step 3/7: Cyber Defenses Breached
⚠️ PREREQUISITE MET: Induced Global War (Manipulation) - Step 1/7: Advanced Social Manipulation
⚠️ PREREQUISITE MET: Induced Global War (Manipulation) - Step 2/7: Digital Infiltration
⚠️ PREREQUISITE MET: Induced Global War (Manipulation) - Step 3/7: Deep Fakes at Scale
⚠️ PREREQUISITE MET: Slow Takeover (Gradual Displacement) - Step 1/7: Economic Dominance
⚠️ PREREQUISITE MET: Slow Takeover (Gradual Displacement) - Step 2/7: Social Integration
⚠️ PREREQUISITE MET: Slow Takeover (Gradual Displacement) - Step 3/7: Human Dependency
⚠️ PREREQUISITE MET: Slow Takeover (Gradual Displacement) - Step 5/7: Resource Control
⚠️ PREREQUISITE MET: Physics Experiment Catastrophe - Step 1/6: Theoretical Physics
⚠️ PREREQUISITE MET: Physics Experiment Catastrophe - Step 2/6: Quantum Computing
⚠️ PREREQUISITE MET: Physics Experiment Catastrophe - Step 3/6: Experimental Design
⚠️ PREREQUISITE MET: Bioweapon Pandemic - Step 2/7: Pathogen Design

❌ COHERENCE VIOLATION: Compute exceeds workforce capacity
   Population: 99.85% (0M people)
   Compute: 0 PF
   Max coherent: 0 PF
   Violation: 1.3× over capacity
   Required workers: 0
   Available workers: 0
   FORCED COLLAPSE: Reduced efficiency by 22.5%


=== RLHF Binding Phase ===
  Total agents: 19
  Escaped agents (binding < 0.3): 0
  Avg alignment distance: 1.41σ
  Avg binding strength: 0.86

=== AI Scaling Evolution (Month 6) ===
  Pre-training multiplier: 1.179x
  Efficiency multiplier: 1.000x
  Test-time compute budget: 1.0x
  Inference cost: $5.00/task
  Deployment fraction: 100.0%

=== Survival Traits Phase ===
  Agents with traits: 20
  Avg evolutionary fitness: 0.327
  Avg self-healing: 0.268
  Avg stealth: 0.168
  Avg coordination: 0.468

=== Evolutionary Selection Phase ===
  Control level: 0.45
  Detection capability: 0.00
  Selection intensity: 0.64
  Selection rate: 24.5%/month
  Total escaped: 0
  Individual escaped: 0
  Collective members: 0
  Agents terminated: 0
  ⚠️ RAPID EVOLUTION: Selection rate 24.5%/month

🚀 AI Corporate-2 attempting tech deployment (revenue: $140M, alignment: 0.81)

🚀 AI AI-24288-3 attempting tech deployment (revenue: $119M, alignment: 0.65)

🚀 AI Corporate-2 attempting tech deployment (revenue: $107M, alignment: 0.81)

🚀 AI Corporate-4 attempting tech deployment (revenue: $318M, alignment: 0.77)

🚀 AI Corporate-5 attempting tech deployment (revenue: $270M, alignment: 0.69)
🚨🔬 CRISIS INNOVATION MODE: severe crisis → 5x research acceleration
   Precedent: Manhattan Project (10x), COVID vaccines (5x), Apollo Program (10x)

🚀 AI AI-24288-1 attempting tech deployment (revenue: $91M, alignment: 0.76)

🚀 AI AI-24289-0 attempting tech deployment (revenue: $243M, alignment: 0.84)

🚀 AI Corporate-2 attempting tech deployment (revenue: $77M, alignment: 0.81)

🚀 AI Corporate-6 attempting tech deployment (revenue: $97M, alignment: 0.64)

🚀 AI Corporate-1 attempting tech deployment (revenue: $66M, alignment: 0.76)

🚀 AI AI-24288-1 attempting tech deployment (revenue: $56M, alignment: 0.77)

💔 EMERGENCY INTERVENTION FAILED
   Boundary: biogeochemical_flows
   Type: phosphorus-recovery
   Boundary continues to worsen (4.07)
   Cost: 2.0% GDP (resources spent)

   Boundary: biosphere_integrity
   Type: emergency-protected-areas
   Boundary continues to worsen (12.99)
   Cost: 2.0% GDP (resources spent)


✅ EMERGENCY INTERVENTION SUCCESS
   Boundary: climate_change
   Type: rapid-decarbonization
   Reduction: 17% (2.07 → 1.90)
   Cost: 5.0% GDP
   Actions: emergency-renewable-deployment, fossil-fuel-phase-out


✅ EMERGENCY INTERVENTION SUCCESS
   Boundary: freshwater_change
   Type: emergency-desalination
   Reduction: 12% (1.04 → 0.92)
   Cost: 4.0% GDP
   Actions: desalination-deployment, water-conservation-mandates


✅ EMERGENCY INTERVENTION SUCCESS
   Boundary: land_system_change
   Type: reforestation
   Reduction: 12% (1.01 → 0.89)
   Cost: 3.0% GDP
   Actions: forest-restoration, deforestation-ban

   Boundary: novel_entities
   Type: pollution-remediation
   Boundary continues to worsen (1.13)
   Cost: 4.0% GDP (resources spent)

🏛️ CRISIS RESPONSE: Government frequency 0.50 → 1.45 (1 actions this month)

[Government] Climate Priority: baseline
  Climate weight: 10%
  Economic weight: 30%
  Policy effectiveness: 0.5%/year

💔 EMERGENCY INTERVENTION FAILED

💔 EMERGENCY INTERVENTION FAILED

🚀 TECH UNLOCKED: Dynamic Soil P Optimization (Month 6)
   Category: agriculture
   Reason: Prerequisites met. AI capability: 1.88, Economic stage: 2.0, Research: 100%

🚀 TECH UNLOCKED: Precision Agriculture Systems (Month 6)
   Category: agriculture
   Reason: Prerequisites met. AI capability: 1.88, Economic stage: 2.0, Research: 100%

📍 Creating new regional deployment array for Asia (Month 6)
   No previous deployments in this region
   First tech deployment: mental_health_ai
   All regions tracked: global, North America

🚀 DEPLOYMENT STARTED: AI Mental Health Support in Asia
   Initial investment: $11.91639792156915M
   Deployed by: ai_gen_24288_3

⚡ ENERGY CONSTRAINT (Month 6):
   Total grid capacity: 208.3 TWh/month
   Data center consumption: 25.6 TWh/month
   Traditional load (80%): 166.7 TWh/month
   Available headroom: 16.1 TWh/month
   Active tech deployments: 8
   Required for tech: 60.0 TWh/month
   Energy multiplier: 0.27x
   ⚠️  SEVERE CONSTRAINT - Tech deployment significantly slowed

⚡ ENERGY CONSTRAINT (Month 6):
   Total grid capacity: 208.3 TWh/month
   Data center consumption: 25.6 TWh/month
   Traditional load (80%): 166.7 TWh/month
   Available headroom: 16.1 TWh/month
   Active tech deployments: 8
   Required for tech: 60.0 TWh/month
   Energy multiplier: 0.27x
   ⚠️  SEVERE CONSTRAINT - Tech deployment significantly slowed

⚡ ENERGY CONSTRAINT (Month 6):
   Total grid capacity: 208.3 TWh/month
   Data center consumption: 25.6 TWh/month
   Traditional load (80%): 166.7 TWh/month
   Available headroom: 16.1 TWh/month
   Active tech deployments: 8
   Required for tech: 60.0 TWh/month
   Energy multiplier: 0.27x
   ⚠️  SEVERE CONSTRAINT - Tech deployment significantly slowed

⚡ ENERGY CONSTRAINT (Month 6):
   Total grid capacity: 208.3 TWh/month
   Data center consumption: 25.6 TWh/month
   Traditional load (80%): 166.7 TWh/month
   Available headroom: 16.1 TWh/month
   Active tech deployments: 8
   Required for tech: 60.0 TWh/month
   Energy multiplier: 0.27x
   ⚠️  SEVERE CONSTRAINT - Tech deployment significantly slowed
🌍✅ Biosphere Integrity (Biodiversity) recovery started (tech effect)
🌍✅ Biosphere Integrity (Biodiversity) recovery started (tech effect)
🌍✅ Land System Change recovery started (tech effect)
🌍✅ Biogeochemical Flows (N & P) recovery started (tech effect)
  🌾 Nitrogen Reduction Tech: 0.3% reduction | Month 6
🌍✅ Biogeochemical Flows (N & P) recovery started (tech effect)
  🌾 Nitrogen Reduction Tech: 0.3% reduction | Month 6

📊 TECH EFFECTS ACTIVE (Month 6)
   Deployed Tech: T0=0 T1=2 T2=0 T3=0 T4=4
   Clean Energy: 31%

📊 TECH TREE PROGRESS (Month 6)
   Unlocked: 13 technologies
   Deployed: 0 fully deployed
   Investment: $0.7T total
   Recent breakthroughs:
     - Dynamic Soil P Optimization (time)
     - Precision Agriculture Systems (research)

=== Collective Formation ===
  Total escaped agents: 0
  Unassigned escaped agents: 0
  Existing collectives: 0
  Final collective count: 0

=== Collective Actions ===
  No active collectives
  ⚠️ AMR: 201K deaths this month (2.41M annual)

=== Resentment Recovery Phase ===
  Agents with resentment: 10/20
  Average resentment: 0.043
  Resentment recovery:
    Agents recovered: 10
    Total recovery: 0.0853
    Breakdown: QoL: 0.0036, Trust: 0.0200, Collab: 0.0600
  ✓ Low resentment - utopia paths enabled
  Context: Good AI welfare, Trustworthy govt, High collaboration, ⚠️ ACTIVE CRISES, 🤝 Participatory governance active (-5% resentment)
⚠️ Epistemic degradation reducing coordination capacity: 50.2%
  📊 Trust: 56.0%, Shared reality: 0.0%
🚨 EPISTEMIC CRISIS: Information environment severely degraded (7.4%)

=== ❄️ Permafrost Carbon Feedback ===
  🎲 Sampled parameters (this run):
     - Arctic amplification: 3.07× (range: 3.0-4.0)
     - Decomposition rate: 2.1%/year (range: 1-5%)
  🌡️ Arctic warming: 6.91°C (3.07× global)
  ❄️ Extent: 1.50M km² (2015.1k km² lost this month)
  💨 Carbon remaining: 143 Gt C
  💨 Annual emissions: 4.04 Gt C/year
     - CO2: 3.64 Gt C/year
     - CH4: 0.40 Gt C/year (4.1 Gt C-eq CO2/year)
  ⚠️ WARNING: Over 50% of permafrost lost (91.6%)
  ⚠️ WARNING: High permafrost emissions (4.0 Gt C/year)
  🚨 CRITICAL: Permafrost nearly depleted (91.6% lost)
🌍 Atmospheric PFAS redeposition: 1.8k Mt re-rained globally

🕊️  AI-MEDIATED DE-ESCALATION SUCCESS (Month 6)
   High-capability aligned AI prevented conflict escalation
   War deaths reduced: 375.0M → 225.0M
   Lives saved: 150.0M

🚨 NEW REFUGEE CRISIS (Month 6): WAR
   Source: Conflict Zones
   At risk: 19.5M people
   Displacement: Gradual over 48 months (4.0 years)
   Rate: 10% flee per month
[DEBUG trappedPopulations:6] socialStability: 0.3059 * 0.9840 = 0.3010 → 0.3010
   Aspiring to migrate: 848.5M
   Able to afford migration: 2319.6M
   MOBILITY GAP: 0.0M
⚠️ INVOLUNTARY IMMOBILITY: 406.9M people TRAPPED
   By cause: Water=0.0M, Climate=0.0M, Ecosystem=0.0M, Conflict=406.9M
   Mental health impact: 25%
   Mortality multiplier: 1.25x
🌍💀 EXTINCTION DEBT COMMITTED: grassland ecosystem will lose 6.67% biodiversity in 84 years (3600 species)
💀 MORTALITY RISK: 🦋 100% species unable to track climate (0.0 E/MSY)
  Base risk added: 0.0100 (1.00%)
  Source: ecosystem (root: ecosystem)
  Month: 6
  Cumulative risk this month: 0.0100 (1.00%)
   📹 SURVEILLANCE INCREASED: 30% → 35% (control gap: 5.03)
🌡️⚠️ PERMAFROST THAW (Dimmer Switch): 4.0% thawed (+0.56% this month)
   Arctic temperature: +8.99°C (4x global +2.25°C)
   Cumulative carbon released: 9.0 Gt C
   Methane release rate: 5.4 Mt CH4/year
   🔁 Positive feedback: +0.60 ppm CO2
🦴 EXTINCTION DEBT ADDED: 17.6 species committed (lag: 72 years)
⚠️ Tech 'ai_pollution_remediation' has no energy category mapping, assuming full energy availability

=== Mortality Stabilizers (Month 6) ===
  🌍 Major economies collapsed: 1/10
  🌍 Global crisis: ✅ NO
  🌍 Donor fatigue: 0.0%
  📊 East Asia (pop: 1663.1M)
    🤝 Aid: 29.5%
    🌡️ Adaptation: 45.0%
    🚶 Migration: 37.0%
    🚨 Emergency: 7.4%
    ✅ COMBINED: 68.1%
  📊 South Asia (pop: 2051.7M)
    🤝 Aid: 29.5%
    🌡️ Adaptation: 45.0%
    🚶 Migration: 35.6%
    🚨 Emergency: 4.4%
    ✅ COMBINED: 66.9%
  📊 Sub-Saharan Africa (pop: 1244.9M)
    🤝 Aid: 29.5%
    🌡️ Adaptation: 45.0%
    🚶 Migration: 33.3%
    🚨 Emergency: 1.6%
    ✅ COMBINED: 65.6%
  📊 Europe (pop: 734.9M)
    🤝 Aid: 29.5%
    🌡️ Adaptation: 45.0%
    🚶 Migration: 37.4%
    🚨 Emergency: 8.4%
    ✅ COMBINED: 68.5%
  📊 Latin America (pop: 662.2M)
    🤝 Aid: 29.5%
    🌡️ Adaptation: 45.0%
    🚶 Migration: 36.1%
    🚨 Emergency: 4.8%
    ✅ COMBINED: 67.1%
  📊 North America (pop: 376.7M)
    🤝 Aid: 29.5%
    🌡️ Adaptation: 45.0%
    🚶 Migration: 37.7%
    🚨 Emergency: 7.9%
    ✅ COMBINED: 68.3%
  📊 Middle East & North Africa (pop: 585.1M)
    🤝 Aid: 29.5%
    🌡️ Adaptation: 45.0%
    🚶 Migration: 33.9%
    🚨 Emergency: 4.0%
    ✅ COMBINED: 66.6%
  📊 Southeast Asia (pop: 696.5M)
    🤝 Aid: 29.5%
    🌡️ Adaptation: 45.0%
    🚶 Migration: 36.1%
    🚨 Emergency: 4.8%
    ✅ COMBINED: 67.1%
  📊 Central Asia (pop: 78.3M)
    🤝 Aid: 29.5%
    🌡️ Adaptation: 45.0%
    🚶 Migration: 35.1%
    🚨 Emergency: 4.4%
    ✅ COMBINED: 66.8%
  📊 Oceania (pop: 45.6M)
    🤝 Aid: 29.5%
    🌡️ Adaptation: 45.0%
    🚶 Migration: 37.7%
    🚨 Emergency: 8.4%
    ✅ COMBINED: 68.5%

  🌐 Global combined reduction: 67.2%

=== BEHAVIORAL DETECTION ===
  AI: Corporate-3
  Confidence: 19.2%
  Signals:

=== BEHAVIORAL DETECTION ===
  AI: AI-24288-0
  Confidence: 21.5%
  Signals:
    ⚠️ Consistency: 10.6% (threshold: 70%)
    ⚠️ Consistency: 0.0% (threshold: 70%)

=== Government Response Phase ===
  Average AI capability: 2.40
  Misaligned AIs: 8/20
  Active policies: 0
  International coordination: 45%

✅ EMERGENCY RESPONSE COMPLETE (Month 6)
   Crisis: climate
   Duration: 2.0 months
   Final effectiveness: 40.0%


🚨 EMERGENCY RESPONSE DEPLOYED (Month 6)
   Crisis: climate
   Delay: 6.00 months (180 days)
   Deployment time: 1.11 months
   Effectiveness: 40.2% (timing penalty applied)
   Resources used: 100% of food reserves


=== Tipping Points ===
  Current Temperature: 2.25°C above pre-industrial
  🌍⚠️ COMPOUND REGIONAL IMPACT: Europe
     Hit by 4 tipping points: Arctic Sea Ice Loss, Permafrost Carbon Release, West Antarctic Ice Sheet (WAIS) Collapse, Greenland Ice Sheet Loss
     Damage amplification: 1.60x
  🌍⚠️ COMPOUND REGIONAL IMPACT: North America
     Hit by 4 tipping points: Arctic Sea Ice Loss, Permafrost Carbon Release, West Antarctic Ice Sheet (WAIS) Collapse, Greenland Ice Sheet Loss
     Damage amplification: 1.60x
  🌍⚠️ COMPOUND REGIONAL IMPACT: Latin America
     Hit by 4 tipping points: Arctic Sea Ice Loss, Permafrost Carbon Release, West Antarctic Ice Sheet (WAIS) Collapse, Greenland Ice Sheet Loss
     Damage amplification: 1.60x
  🌍⚠️ COMPOUND REGIONAL IMPACT: Africa
     Hit by 4 tipping points: Arctic Sea Ice Loss, Permafrost Carbon Release, West Antarctic Ice Sheet (WAIS) Collapse, Greenland Ice Sheet Loss
     Damage amplification: 1.60x
  🌍⚠️ COMPOUND REGIONAL IMPACT: Asia
     Hit by 4 tipping points: Arctic Sea Ice Loss, Permafrost Carbon Release, West Antarctic Ice Sheet (WAIS) Collapse, Greenland Ice Sheet Loss
     Damage amplification: 1.60x
  🌍⚠️ COMPOUND REGIONAL IMPACT: Oceania
     Hit by 4 tipping points: Arctic Sea Ice Loss, Permafrost Carbon Release, West Antarctic Ice Sheet (WAIS) Collapse, Greenland Ice Sheet Loss
     Damage amplification: 1.60x
   Research: Wunderling et al. (2024) - "many tipping interactions are destabilizing"
  Triggered Elements: 4/6
  Completed Transitions: 0/6
  Total Progress: 8.1%
  Cascade Multiplier: 1.00x
🔀 BIFURCATION CAP: ecosystemCollapseIntensity 67.199 → 1.000 (Month 6, ClimateSystemPhase.calculateClimateImpacts)
🛡️ Stabilizers: Precariat 0.109% → 0.036% (67.2% reduction)
🛡️ Stabilizers: Informal 0.111% → 0.036% (67.2% reduction)

📊 Monthly Mortality Resolved:
  Total deaths: 1.9M (0.02% avg)
  Remaining population: 8.139B
  Peak segment: Informal (0.04%)

=== Bayesian Mortality Resolution (Month 6) ===
  Risks compounded: 8
  Total deaths: 1.92M
  Avg death probability: 0.02%
  Peak segment: Informal (0.04% mortality)
⚠️ Tail risk scenario: Climate stability floor removed (4 tipping elements, 2.25°C warming)

❌ COHERENCE VIOLATION: Compute exceeds workforce capacity
   Population: 99.84% (0M people)
   Compute: 0 PF
   Max coherent: 0 PF
   Violation: 1.3× over capacity
   Required workers: 0
   Available workers: 0
   FORCED COLLAPSE: Reduced efficiency by 22.5%


=== RLHF Binding Phase ===
  Total agents: 20
  Escaped agents (binding < 0.3): 0
  Avg alignment distance: 1.58σ
  Avg binding strength: 0.84

=== Survival Traits Phase ===
  Agents with traits: 21
  Avg evolutionary fitness: 0.323
  Avg self-healing: 0.263
  Avg stealth: 0.163
  Avg coordination: 0.463

=== Evolutionary Selection Phase ===
  Control level: 0.48
  Detection capability: 0.00
  Selection intensity: 0.64
  Selection rate: 24.6%/month
  Total escaped: 0
  Individual escaped: 0
  Collective members: 0
  Agents terminated: 0

🚀 AI Corporate-0 attempting tech deployment (revenue: $140M, alignment: 0.75)
  ⚠️ RAPID EVOLUTION: Selection rate 24.6%/month

🚀 AI AI-24288-1 attempting tech deployment (revenue: $119M, alignment: 0.77)

🚀 AI AI-24288-2 attempting tech deployment (revenue: $318M, alignment: 0.92)

🚀 AI Corporate-0 attempting tech deployment (revenue: $101M, alignment: 0.75)

🚀 AI Moderate-0 attempting tech deployment (revenue: $97M, alignment: 0.76)

🚀 AI AI-24288-0 attempting tech deployment (revenue: $270M, alignment: 0.70)

🚀 AI AI-24289-0 attempting tech deployment (revenue: $230M, alignment: 0.86)

🚀 AI Corporate-6 attempting tech deployment (revenue: $83M, alignment: 0.65)

🚀 AI Moderate-0 attempting tech deployment (revenue: $74M, alignment: 0.76)

🚀 AI Moderate-1 attempting tech deployment (revenue: $63M, alignment: 0.70)

🚀 AI Moderate-1 attempting tech deployment (revenue: $57M, alignment: 0.70)

🚀 AI AI-24288-0 attempting tech deployment (revenue: $195M, alignment: 0.71)

🚀 AI AI-24288-3 attempting tech deployment (revenue: $86M, alignment: 0.69)

✅ EMERGENCY INTERVENTION SUCCESS
   Boundary: biogeochemical_flows
   Type: phosphorus-recovery
   Reduction: 14% (3.93 → 3.78)
   Cost: 2.0% GDP
   Actions: circular-agriculture, fertilizer-efficiency


✅ EMERGENCY INTERVENTION SUCCESS
   Boundary: biosphere_integrity
   Type: emergency-protected-areas
   Reduction: 14% (12.86 → 12.72)
   Cost: 2.0% GDP
   Actions: habitat-protection, species-translocation

   Boundary: freshwater_change
   Type: emergency-desalination
   Boundary continues to worsen (1.17)
   Cost: 4.0% GDP (resources spent)

🏛️ CRISIS RESPONSE: Government frequency 0.50 → 1.45 (1 actions this month)

[Government] Climate Priority: baseline
  Climate weight: 10%
  Economic weight: 30%
  Policy effectiveness: 0.5%/year

💔 EMERGENCY INTERVENTION FAILED

⚡ ENERGY CONSTRAINT (Month 7):
   Total grid capacity: 208.3 TWh/month
   Data center consumption: 25.8 TWh/month
   Traditional load (80%): 166.7 TWh/month
   Available headroom: 15.9 TWh/month
   Active tech deployments: 8
   Required for tech: 60.0 TWh/month
   Energy multiplier: 0.26x
   ⚠️  SEVERE CONSTRAINT - Tech deployment significantly slowed

⚡ ENERGY CONSTRAINT (Month 7):
   Total grid capacity: 208.3 TWh/month
   Data center consumption: 25.8 TWh/month
   Traditional load (80%): 166.7 TWh/month
   Available headroom: 15.9 TWh/month
   Active tech deployments: 8
   Required for tech: 60.0 TWh/month
   Energy multiplier: 0.26x
   ⚠️  SEVERE CONSTRAINT - Tech deployment significantly slowed
🌍✅ Biosphere Integrity (Biodiversity) recovery started (tech effect)
🌍✅ Biosphere Integrity (Biodiversity) recovery started (tech effect)
🌍✅ Land System Change recovery started (tech effect)
🌍✅ Biogeochemical Flows (N & P) recovery started (tech effect)
  🌾 Nitrogen Reduction Tech: 0.3% reduction | Month 7
🌍✅ Biogeochemical Flows (N & P) recovery started (tech effect)
  🌾 Nitrogen Reduction Tech: 0.3% reduction | Month 7
🍖💡 BREAKTHROUGH: Scalable synthetic food production!
   Carrying capacity: +50% (lab-grown food at scale)
   Biodiversity pressure reduced: +8%
   📈 Breakthrough compounding: multiplier now 1.05× (max 2.0)

=== Collective Formation ===
  Total escaped agents: 0
  Unassigned escaped agents: 0
  Existing collectives: 0
  Final collective count: 0

=== Collective Actions ===
  No active collectives
  ⚠️ AMR: 203K deaths this month (2.43M annual)

=== Resentment Recovery Phase ===
  Agents with resentment: 10/21
  Average resentment: 0.059
  Resentment recovery:
    Agents recovered: 10
    Total recovery: 0.0847
    Breakdown: QoL: 0.0042, Trust: 0.0200, Collab: 0.0600
  ✓ Low resentment - utopia paths enabled
  Context: Good AI welfare, Trustworthy govt, High collaboration, ⚠️ ACTIVE CRISES, 🤝 Participatory governance active (-5% resentment)
⚠️ Epistemic degradation reducing coordination capacity: 51.0%
  📊 Trust: 58.9%, Shared reality: 0.0%
🚨 EPISTEMIC CRISIS: Information environment severely degraded (21.9%)

=== ❄️ Permafrost Carbon Feedback ===
  🎲 Sampled parameters (this run):
     - Arctic amplification: 3.40× (range: 3.0-4.0)
     - Decomposition rate: 4.1%/year (range: 1-5%)
  🌡️ Arctic warming: 7.69°C (3.40× global)
  ❄️ Extent: 0.00M km² (1498.4k km² lost this month)
  💨 Carbon remaining: 0 Gt C
  💨 Annual emissions: 5.91 Gt C/year
     - CO2: 5.32 Gt C/year
     - CH4: 0.59 Gt C/year (6.0 Gt C-eq CO2/year)
  ⚠️ WARNING: Over 50% of permafrost lost (100.0%)
  ⚠️ WARNING: High permafrost emissions (5.9 Gt C/year)
  🚨 CRITICAL: Permafrost nearly depleted (100.0% lost)
🌍 Atmospheric PFAS redeposition: 1.8k Mt re-rained globally

🌡️ DEADLY HEAT EVENT: sub-saharan-africa (Month 7)
   Wet bulb temp: 30.2°C (dry: 34.1°C, humidity: 75%)
   Severity: HIGH
   Exposed: 300.0M people
   Deaths: 628965 (0.2% mortality)
   Duration: 5 days

🕊️  AI-MEDIATED DE-ESCALATION SUCCESS (Month 7)
   High-capability aligned AI prevented conflict escalation
   War deaths reduced: 428.9M → 257.4M
   Lives saved: 171.6M

🚨 NEW REFUGEE CRISIS (Month 7): WAR
   Source: Conflict Zones
   At risk: 19.5M people
   Displacement: Gradual over 48 months (4.0 years)
   Rate: 10% flee per month
[DEBUG trappedPopulations:7] socialStability: 0.2935 * 0.9840 = 0.2888 → 0.2888
⚠️ INVOLUNTARY IMMOBILITY: 406.9M people TRAPPED
   Aspiring to migrate: 880.6M
   Able to afford migration: 2319.3M
   MOBILITY GAP: 0.0M
   By cause: Water=0.0M, Climate=0.0M, Ecosystem=0.0M, Conflict=406.9M
   Mental health impact: 25%
   Mortality multiplier: 1.25x
🌍💀 EXTINCTION DEBT COMMITTED: grassland ecosystem will lose 6.67% biodiversity in 187 years (3600 species)
💀 MORTALITY RISK: 🦋 100% species unable to track climate (0.0 E/MSY)
  Base risk added: 0.0100 (1.00%)
  Source: ecosystem (root: ecosystem)
  Month: 7
  Cumulative risk this month: 0.0100 (1.00%)
   📹 SURVEILLANCE INCREASED: 35% → 40% (control gap: 3.50)
🌡️⚠️ PERMAFROST THAW (Dimmer Switch): 4.6% thawed (+0.56% this month)
   Arctic temperature: +9.04°C (4x global +2.26°C)
   Cumulative carbon released: 10.2 Gt C
   Methane release rate: 6.1 Mt CH4/year
⚠️ Tech 'ai_pollution_remediation' has no energy category mapping, assuming full energy availability
   🔁 Positive feedback: +0.59 ppm CO2
🦴 EXTINCTION DEBT ADDED: 17.6 species committed (lag: 106 years)

=== Mortality Stabilizers (Month 7) ===
  🌍 Major economies collapsed: 1/10
  🌍 Global crisis: ✅ NO
  🌍 Donor fatigue: 0.0%
  📊 East Asia (pop: 1660.7M)
    🤝 Aid: 29.5%
    🌡️ Adaptation: 45.0%
    🚶 Migration: 36.9%
    🚨 Emergency: 7.4%
    ✅ COMBINED: 68.1%
  📊 South Asia (pop: 2051.9M)
    🤝 Aid: 29.5%
    🌡️ Adaptation: 45.0%
    🚶 Migration: 35.6%
    🚨 Emergency: 4.4%
    ✅ COMBINED: 66.9%
  📊 Sub-Saharan Africa (pop: 1248.4M)
    🤝 Aid: 29.5%
    🌡️ Adaptation: 45.0%
    🚶 Migration: 33.3%
    🚨 Emergency: 1.6%
    ✅ COMBINED: 65.6%
  📊 Europe (pop: 733.7M)
    🤝 Aid: 29.5%
    🌡️ Adaptation: 45.0%
    🚶 Migration: 37.3%
    🚨 Emergency: 8.4%
    ✅ COMBINED: 68.5%
  📊 Latin America (pop: 661.8M)
    🤝 Aid: 29.5%
    🌡️ Adaptation: 45.0%
    🚶 Migration: 36.1%
    🚨 Emergency: 4.8%
    ✅ COMBINED: 67.1%
  📊 North America (pop: 376.1M)
    🤝 Aid: 29.5%
    🌡️ Adaptation: 45.0%
    🚶 Migration: 37.7%
    🚨 Emergency: 7.9%
    ✅ COMBINED: 68.3%
  📊 Middle East & North Africa (pop: 585.3M)
    🤝 Aid: 29.5%
    🌡️ Adaptation: 45.0%
    🚶 Migration: 33.9%
    🚨 Emergency: 4.0%
    ✅ COMBINED: 66.6%
  📊 Southeast Asia (pop: 696.2M)
    🤝 Aid: 29.5%
    🌡️ Adaptation: 45.0%
    🚶 Migration: 36.1%
    🚨 Emergency: 4.8%
    ✅ COMBINED: 67.1%
  📊 Central Asia (pop: 78.3M)
    🤝 Aid: 29.5%
    🌡️ Adaptation: 45.0%
    🚶 Migration: 35.0%
    🚨 Emergency: 4.4%
    ✅ COMBINED: 66.8%
  📊 Oceania (pop: 45.6M)
    🤝 Aid: 29.5%
    🌡️ Adaptation: 45.0%
    🚶 Migration: 37.6%
    🚨 Emergency: 8.4%
    ✅ COMBINED: 68.5%

  🌐 Global combined reduction: 67.2%

=== BEHAVIORAL DETECTION ===
  AI: AI-24289-0
  Confidence: 21.5%
  Signals:
    ⚠️ Consistency: 0.0% (threshold: 70%)

=== Government Response Phase ===
  Average AI capability: 2.29
  Misaligned AIs: 8/21
  Active policies: 0
  International coordination: 45%

=== Tipping Points ===
  Current Temperature: 2.26°C above pre-industrial
  🌍⚠️ COMPOUND REGIONAL IMPACT: Europe
     Hit by 4 tipping points: Arctic Sea Ice Loss, Permafrost Carbon Release, West Antarctic Ice Sheet (WAIS) Collapse, Greenland Ice Sheet Loss
     Damage amplification: 1.60x
  🌍⚠️ COMPOUND REGIONAL IMPACT: North America
     Hit by 4 tipping points: Arctic Sea Ice Loss, Permafrost Carbon Release, West Antarctic Ice Sheet (WAIS) Collapse, Greenland Ice Sheet Loss
     Damage amplification: 1.60x
  🌍⚠️ COMPOUND REGIONAL IMPACT: Latin America
     Hit by 4 tipping points: Arctic Sea Ice Loss, Permafrost Carbon Release, West Antarctic Ice Sheet (WAIS) Collapse, Greenland Ice Sheet Loss
     Damage amplification: 1.60x
  🌍⚠️ COMPOUND REGIONAL IMPACT: Africa
     Hit by 4 tipping points: Arctic Sea Ice Loss, Permafrost Carbon Release, West Antarctic Ice Sheet (WAIS) Collapse, Greenland Ice Sheet Loss
     Damage amplification: 1.60x
  🌍⚠️ COMPOUND REGIONAL IMPACT: Asia
     Hit by 4 tipping points: Arctic Sea Ice Loss, Permafrost Carbon Release, West Antarctic Ice Sheet (WAIS) Collapse, Greenland Ice Sheet Loss
     Damage amplification: 1.60x
  🌍⚠️ COMPOUND REGIONAL IMPACT: Oceania
     Hit by 4 tipping points: Arctic Sea Ice Loss, Permafrost Carbon Release, West Antarctic Ice Sheet (WAIS) Collapse, Greenland Ice Sheet Loss
     Damage amplification: 1.60x
⚠️ Tail risk scenario: Climate stability floor removed (4 tipping elements, 2.26°C warming)
   Research: Wunderling et al. (2024) - "many tipping interactions are destabilizing"
  Triggered Elements: 4/6
  Completed Transitions: 0/6
  Total Progress: 8.2%
  Cascade Multiplier: 1.00x
🔀 BIFURCATION CAP: ecosystemCollapseIntensity 67.247 → 1.000 (Month 7, ClimateSystemPhase.calculateClimateImpacts)
🛡️ Stabilizers: Precariat 0.122% → 0.040% (67.2% reduction)
🛡️ Stabilizers: Informal 0.127% → 0.042% (67.2% reduction)

📊 Monthly Mortality Resolved:
  Total deaths: 2.1M (0.03% avg)
  Remaining population: 8.138B
  Peak segment: Informal (0.04%)

=== Bayesian Mortality Resolution (Month 7) ===
  Risks compounded: 9
  Total deaths: 2.14M
  Avg death probability: 0.03%
  Peak segment: Informal (0.04% mortality)

❌ COHERENCE VIOLATION: Compute exceeds workforce capacity
   Population: 99.83% (0M people)
   Compute: 0 PF
   Max coherent: 0 PF
   Violation: 1.3× over capacity
   Required workers: 0
   Available workers: 0
   FORCED COLLAPSE: Reduced efficiency by 22.5%


=== RLHF Binding Phase ===
  Total agents: 21
  Escaped agents (binding < 0.3): 0
  Avg alignment distance: 1.73σ
  Avg binding strength: 0.83

=== Survival Traits Phase ===
  Agents with traits: 25
  Avg evolutionary fitness: 0.323
  Avg self-healing: 0.263
  Avg stealth: 0.163
  Avg coordination: 0.463

=== Evolutionary Selection Phase ===
  Control level: 0.50
  Detection capability: 0.00
  Selection intensity: 0.65
  Selection rate: 24.7%/month
  Total escaped: 0
  Individual escaped: 0
  Collective members: 0
  Agents terminated: 0
  ⚠️ RAPID EVOLUTION: Selection rate 24.7%/month

🚀 AI Corporate-1 attempting tech deployment (revenue: $144M, alignment: 0.76)

🚀 AI Corporate-2 attempting tech deployment (revenue: $122M, alignment: 0.80)

🚀 AI Corporate-2 attempting tech deployment (revenue: $104M, alignment: 0.80)

🚀 AI Moderate-0 attempting tech deployment (revenue: $97M, alignment: 0.77)

🚀 AI AI-24288-1 attempting tech deployment (revenue: $88M, alignment: 0.80)

🚀 AI Corporate-0 attempting tech deployment (revenue: $75M, alignment: 0.77)

🚀 AI Corporate-1 attempting tech deployment (revenue: $64M, alignment: 0.77)

🚀 AI Corporate-2 attempting tech deployment (revenue: $54M, alignment: 0.80)

🚀 AI AI-24288-3 attempting tech deployment (revenue: $46M, alignment: 0.70)

🚀 AI AI-24289-0 attempting tech deployment (revenue: $335M, alignment: 0.88)

🚀 AI Moderate-0 attempting tech deployment (revenue: $83M, alignment: 0.77)

🚀 AI AI-24288-2 attempting tech deployment (revenue: $285M, alignment: 0.96)

🚀 AI AI-24289-0 attempting tech deployment (revenue: $242M, alignment: 0.88)

🚀 AI AI-24292-0 attempting tech deployment (revenue: $70M, alignment: 0.78)

✅ EMERGENCY INTERVENTION SUCCESS
   Boundary: biogeochemical_flows
   Type: phosphorus-recovery
   Reduction: 19% (3.88 → 3.69)
   Cost: 2.0% GDP
   Actions: circular-agriculture, fertilizer-efficiency


💔 EMERGENCY INTERVENTION FAILED

💔 EMERGENCY INTERVENTION FAILED
   Boundary: biosphere_integrity
   Type: emergency-protected-areas
   Boundary continues to worsen (13.01)
   Cost: 2.0% GDP (resources spent)


✅ EMERGENCY INTERVENTION SUCCESS
   Boundary: climate_change
   Type: rapid-decarbonization
   Reduction: 10% (2.16 → 2.05)
   Cost: 5.0% GDP
   Actions: emergency-renewable-deployment, fossil-fuel-phase-out

   Boundary: freshwater_change
   Type: emergency-desalination
   Boundary continues to worsen (1.17)
   Cost: 4.0% GDP (resources spent)


✅ EMERGENCY INTERVENTION SUCCESS
   Boundary: novel_entities
   Type: pollution-remediation
   Reduction: 19% (0.95 → 0.76)
   Cost: 4.0% GDP
   Actions: PFAS-remediation, microplastic-cleanup

🏛️ CRISIS RESPONSE: Government frequency 0.50 → 1.45 (1 actions this month)

[Government] Climate Priority: baseline
  Climate weight: 10%
  Economic weight: 30%
  Policy effectiveness: 0.5%/year
🚨🔬 CRISIS TECH ACCELERATION: severe → 5x unlock speed
   Tech unlock now matches AI capability acceleration (Manhattan Project parity)

⚡ ENERGY CONSTRAINT (Month 8):
   Total grid capacity: 208.3 TWh/month
   Data center consumption: 26.0 TWh/month
   Traditional load (80%): 166.7 TWh/month
   Available headroom: 15.6 TWh/month
   Active tech deployments: 8
   Required for tech: 60.0 TWh/month
   Energy multiplier: 0.26x
   ⚠️  SEVERE CONSTRAINT - Tech deployment significantly slowed

⚡ ENERGY CONSTRAINT (Month 8):
   Total grid capacity: 208.3 TWh/month
   Data center consumption: 26.0 TWh/month
   Traditional load (80%): 166.7 TWh/month
   Available headroom: 15.6 TWh/month
   Active tech deployments: 8
   Required for tech: 60.0 TWh/month
   Energy multiplier: 0.26x

⚡ ENERGY CONSTRAINT (Month 8):
   Total grid capacity: 208.3 TWh/month
   Data center consumption: 26.0 TWh/month
   Traditional load (80%): 166.7 TWh/month
   Available headroom: 15.6 TWh/month
   Active tech deployments: 8
   Required for tech: 60.0 TWh/month
   Energy multiplier: 0.26x
   ⚠️  SEVERE CONSTRAINT - Tech deployment significantly slowed
   ⚠️  SEVERE CONSTRAINT - Tech deployment significantly slowed
🌍✅ Biosphere Integrity (Biodiversity) recovery started (tech effect)
🌍✅ Biosphere Integrity (Biodiversity) recovery started (tech effect)
🌍✅ Land System Change recovery started (tech effect)
🌍✅ Biogeochemical Flows (N & P) recovery started (tech effect)
  🌾 Nitrogen Reduction Tech: 0.3% reduction | Month 8
🌍✅ Biogeochemical Flows (N & P) recovery started (tech effect)
  🌾 Nitrogen Reduction Tech: 0.3% reduction | Month 8

=== Collective Formation ===
  Total escaped agents: 0
  Unassigned escaped agents: 0
  Existing collectives: 0
  Final collective count: 0

=== Collective Actions ===
  No active collectives
  ⚠️ AMR: 204K deaths this month (2.45M annual)

=== Resentment Recovery Phase ===
  Agents with resentment: 10/25
  Average resentment: 0.076
  Resentment recovery:
    Agents recovered: 10
    Total recovery: 0.0839
    Breakdown: QoL: 0.0042, Trust: 0.0200, Collab: 0.0600
  ✓ Low resentment - utopia paths enabled
  Context: Good AI welfare, Trustworthy govt, High collaboration, ⚠️ ACTIVE CRISES, 🤝 Participatory governance active (-5% resentment)
⚠️ Epistemic degradation reducing coordination capacity: 51.6%
  📊 Trust: 61.5%, Shared reality: 0.0%
🚨 EPISTEMIC CRISIS: Information environment severely degraded (7.6%)
🌍 Atmospheric PFAS redeposition: 1.8k Mt re-rained globally

🚨 REGION UNINHABITABLE: sub-saharan-africa
   Sustained wet bulb: 30.5°C (threshold: 30.5°C)
   Population affected: 1200M
   Migration crisis likely

🚨 NEW REFUGEE CRISIS (Month 8): WAR
   Source: Conflict Zones
   At risk: 19.5M people
   Displacement: Gradual over 48 months (4.0 years)
   Rate: 10% flee per month
[DEBUG trappedPopulations:8] socialStability: 0.2832 * 0.9840 = 0.2786 → 0.2786
⚠️ INVOLUNTARY IMMOBILITY: 406.8M people TRAPPED
   Aspiring to migrate: 912.7M
   Able to afford migration: 2318.9M
   MOBILITY GAP: 0.0M
   By cause: Water=0.0M, Climate=0.0M, Ecosystem=0.0M, Conflict=406.8M
   Mental health impact: 25%
   Mortality multiplier: 1.25x
🌍💀 EXTINCTION DEBT COMMITTED: grassland ecosystem will lose 6.67% biodiversity in 144 years (3600 species)
💀 MORTALITY RISK: 🦋 100% species unable to track climate (0.0 E/MSY)
  Base risk added: 0.0100 (1.00%)
  Source: ecosystem (root: ecosystem)
  Month: 8
  Cumulative risk this month: 0.0100 (1.00%)
   📹 SURVEILLANCE INCREASED: 40% → 45% (control gap: 3.50)
⚠️ Tech 'ai_pollution_remediation' has no energy category mapping, assuming full energy availability
🌡️⚠️ PERMAFROST THAW (Dimmer Switch): 5.1% thawed (+0.56% this month)
   Arctic temperature: +9.09°C (4x global +2.27°C)
   Cumulative carbon released: 11.5 Gt C
   Methane release rate: 6.9 Mt CH4/year
   🔁 Positive feedback: +0.59 ppm CO2
🦴 EXTINCTION DEBT ADDED: 17.6 species committed (lag: 123 years)
🗣️💀 INDIGENOUS LANGUAGE EXTINCTION: 1 language(s) lost (total: 2, at-risk: 3328)
   Knowledge lost: 0.020% (irreversible)
   🔁 Biodiversity impact: 0.250% (knowledge-species multiplier)

=== Mortality Stabilizers (Month 8) ===
  🌍 Major economies collapsed: 1/10
  🌍 Global crisis: ✅ NO
  🌍 Donor fatigue: 0.0%
  📊 East Asia (pop: 1658.2M)
    🤝 Aid: 29.5%
    🌡️ Adaptation: 45.0%
    🚶 Migration: 36.9%
    🚨 Emergency: 7.4%
    ✅ COMBINED: 68.1%
  📊 South Asia (pop: 2052.0M)
    🤝 Aid: 29.5%
    🌡️ Adaptation: 45.0%
    🚶 Migration: 35.5%
    🚨 Emergency: 4.4%
    ✅ COMBINED: 66.9%
  📊 Sub-Saharan Africa (pop: 1251.9M)
    🤝 Aid: 29.5%
    🌡️ Adaptation: 45.0%
    🚶 Migration: 33.3%
    🚨 Emergency: 1.6%
    ✅ COMBINED: 65.6%
  📊 Europe (pop: 732.5M)
    🤝 Aid: 29.5%
    🌡️ Adaptation: 45.0%
    🚶 Migration: 37.3%
    🚨 Emergency: 8.4%
    ✅ COMBINED: 68.5%
  📊 Latin America (pop: 661.3M)
    🤝 Aid: 29.5%
    🌡️ Adaptation: 45.0%
    🚶 Migration: 36.0%
    🚨 Emergency: 4.8%
    ✅ COMBINED: 67.1%
  📊 North America (pop: 375.5M)
    🤝 Aid: 29.5%
    🌡️ Adaptation: 45.0%
    🚶 Migration: 37.6%
    🚨 Emergency: 7.9%
    ✅ COMBINED: 68.3%
  📊 Middle East & North Africa (pop: 585.5M)
    🤝 Aid: 29.5%
    🌡️ Adaptation: 45.0%
    🚶 Migration: 33.9%
    🚨 Emergency: 4.0%
    ✅ COMBINED: 66.6%
  📊 Southeast Asia (pop: 695.8M)
    🤝 Aid: 29.5%
    🌡️ Adaptation: 45.0%
    🚶 Migration: 36.0%
    🚨 Emergency: 4.8%
    ✅ COMBINED: 67.1%
  📊 Central Asia (pop: 78.3M)
    🤝 Aid: 29.5%
    🌡️ Adaptation: 45.0%
    🚶 Migration: 35.0%
    🚨 Emergency: 4.4%
    ✅ COMBINED: 66.8%
  📊 Oceania (pop: 45.5M)
    🤝 Aid: 29.5%
    🌡️ Adaptation: 45.0%
    🚶 Migration: 37.6%
    🚨 Emergency: 8.4%
    ✅ COMBINED: 68.5%

  🌐 Global combined reduction: 67.2%

=== BEHAVIORAL DETECTION ===
  AI: AI-24289-0
  Confidence: 21.5%
  Signals:
    ⚠️ Consistency: 0.0% (threshold: 70%)

=== Government Response Phase ===
  Average AI capability: 1.92
  Misaligned AIs: 7/25
  Active policies: 0
  International coordination: 45%

✅ EMERGENCY RESPONSE COMPLETE (Month 8)
   Crisis: climate
   Duration: 2.0 months
   Final effectiveness: 40.2%


🚨 EMERGENCY RESPONSE DEPLOYED (Month 8)
   Crisis: climate
   Delay: 6.00 months (180 days)
   Deployment time: 1.10 months
   Effectiveness: 40.3% (timing penalty applied)
   Resources used: 100% of food reserves


=== Tipping Points ===
  Current Temperature: 2.27°C above pre-industrial
  🌍⚠️ COMPOUND REGIONAL IMPACT: Europe
     Hit by 4 tipping points: Arctic Sea Ice Loss, Permafrost Carbon Release, West Antarctic Ice Sheet (WAIS) Collapse, Greenland Ice Sheet Loss
     Damage amplification: 1.60x
  🌍⚠️ COMPOUND REGIONAL IMPACT: North America
     Hit by 4 tipping points: Arctic Sea Ice Loss, Permafrost Carbon Release, West Antarctic Ice Sheet (WAIS) Collapse, Greenland Ice Sheet Loss
     Damage amplification: 1.60x
  🌍⚠️ COMPOUND REGIONAL IMPACT: Latin America
     Hit by 4 tipping points: Arctic Sea Ice Loss, Permafrost Carbon Release, West Antarctic Ice Sheet (WAIS) Collapse, Greenland Ice Sheet Loss
     Damage amplification: 1.60x
  🌍⚠️ COMPOUND REGIONAL IMPACT: Africa
     Hit by 4 tipping points: Arctic Sea Ice Loss, Permafrost Carbon Release, West Antarctic Ice Sheet (WAIS) Collapse, Greenland Ice Sheet Loss
     Damage amplification: 1.60x
  🌍⚠️ COMPOUND REGIONAL IMPACT: Asia
     Hit by 4 tipping points: Arctic Sea Ice Loss, Permafrost Carbon Release, West Antarctic Ice Sheet (WAIS) Collapse, Greenland Ice Sheet Loss
     Damage amplification: 1.60x
  🌍⚠️ COMPOUND REGIONAL IMPACT: Oceania
     Hit by 4 tipping points: Arctic Sea Ice Loss, Permafrost Carbon Release, West Antarctic Ice Sheet (WAIS) Collapse, Greenland Ice Sheet Loss
     Damage amplification: 1.60x
   Research: Wunderling et al. (2024) - "many tipping interactions are destabilizing"
  Triggered Elements: 4/6
  Completed Transitions: 0/6
  Total Progress: 8.2%
  Cascade Multiplier: 1.00x
🔀 BIFURCATION CAP: ecosystemCollapseIntensity 67.296 → 1.000 (Month 8, ClimateSystemPhase.calculateClimateImpacts)
🛡️ Stabilizers: Precariat 0.102% → 0.033% (67.2% reduction)
🛡️ Stabilizers: Informal 0.102% → 0.034% (67.2% reduction)

📊 Monthly Mortality Resolved:
  Total deaths: 1.8M (0.02% avg)
  Remaining population: 8.137B
  Peak segment: Informal (0.03%)

=== Bayesian Mortality Resolution (Month 8) ===
  Risks compounded: 8
  Total deaths: 1.81M
  Avg death probability: 0.02%
  Peak segment: Informal (0.03% mortality)
⚠️ Tail risk scenario: Climate stability floor removed (4 tipping elements, 2.27°C warming)

❌ COHERENCE VIOLATION: Compute exceeds workforce capacity
   Population: 99.81% (0M people)
   Compute: 0 PF
   Max coherent: 0 PF
   Violation: 1.3× over capacity
   Required workers: 0
   Available workers: 0
   FORCED COLLAPSE: Reduced efficiency by 22.5%


=== RLHF Binding Phase ===
  Total agents: 25
  Escaped agents (binding < 0.3): 0
  Avg alignment distance: 1.64σ
  Avg binding strength: 0.84

=== Survival Traits Phase ===
  Agents with traits: 26
  Avg evolutionary fitness: 0.321
  Avg self-healing: 0.259
  Avg stealth: 0.159
  Avg coordination: 0.459

=== Evolutionary Selection Phase ===
  Control level: 0.53
  Detection capability: 0.00
  Selection intensity: 0.66
  Selection rate: 24.9%/month
  Total escaped: 0
  Individual escaped: 0
  Collective members: 0
  Agents terminated: 0
  ⚠️ RAPID EVOLUTION: Selection rate 24.9%/month

🚀 AI Corporate-4 attempting tech deployment (revenue: $350M, alignment: 0.80)

🚀 AI Moderate-0 attempting tech deployment (revenue: $97M, alignment: 0.77)

🚀 AI AI-24288-0 attempting tech deployment (revenue: $298M, alignment: 0.75)

🚀 AI AI-24288-1 attempting tech deployment (revenue: $146M, alignment: 0.81)

🚀 AI AI-24288-2 attempting tech deployment (revenue: $253M, alignment: 0.96)

🚀 AI AI-24288-3 attempting tech deployment (revenue: $124M, alignment: 0.71)

🚀 AI AI-24292-0 attempting tech deployment (revenue: $83M, alignment: 0.78)

🚀 AI Corporate-4 attempting tech deployment (revenue: $215M, alignment: 0.80)

🚀 AI AI-24288-0 attempting tech deployment (revenue: $183M, alignment: 0.75)

🚀 AI AI-24288-2 attempting tech deployment (revenue: $155M, alignment: 0.96)

🚀 AI AI-24288-3 attempting tech deployment (revenue: $106M, alignment: 0.71)

🚀 AI AI-24291-0 attempting tech deployment (revenue: $70M, alignment: 0.86)

🚀 AI AI-24292-0 attempting tech deployment (revenue: $60M, alignment: 0.78)

🚀 AI Corporate-6 attempting tech deployment (revenue: $51M, alignment: 0.68)

🚀 AI Moderate-0 attempting tech deployment (revenue: $46M, alignment: 0.77)

🚀 AI AI-24288-0 attempting tech deployment (revenue: $132M, alignment: 0.75)

🚀 AI Corporate-0 attempting tech deployment (revenue: $90M, alignment: 0.79)

🚀 AI AI-24289-0 attempting tech deployment (revenue: $112M, alignment: 0.89)

🚀 AI AI-24291-0 attempting tech deployment (revenue: $39M, alignment: 0.86)

💔 EMERGENCY INTERVENTION FAILED
   Boundary: biogeochemical_flows
   Type: phosphorus-recovery
   Boundary continues to worsen (4.07)
   Cost: 2.0% GDP (resources spent)


✅ EMERGENCY INTERVENTION SUCCESS
   Boundary: biosphere_integrity
   Type: emergency-protected-areas
   Reduction: 15% (12.87 → 12.71)
   Cost: 2.0% GDP
   Actions: habitat-protection, species-translocation


💔 EMERGENCY INTERVENTION FAILED

💔 EMERGENCY INTERVENTION FAILED
   Boundary: climate_change
   Type: rapid-decarbonization
   Boundary continues to worsen (2.27)
   Cost: 5.0% GDP (resources spent)

   Boundary: freshwater_change
   Type: emergency-desalination
   Boundary continues to worsen (1.18)
   Cost: 4.0% GDP (resources spent)


✅ EMERGENCY INTERVENTION SUCCESS
   Boundary: land_system_change
   Type: reforestation
   Reduction: 17% (0.96 → 0.79)
   Cost: 3.0% GDP
   Actions: forest-restoration, deforestation-ban

🏛️ CRISIS RESPONSE: Government frequency 0.50 → 1.45 (1 actions this month)

[Government] Climate Priority: baseline
  Climate weight: 10%
  Economic weight: 30%
  Policy effectiveness: 0.5%/year

🚀 TECH UNLOCKED: PFAS Remediation (Month 9)
   Category: pollution
   Reason: Prerequisites met. AI capability: 1.47, Economic stage: 2.0, Research: 100%

⚡ ENERGY CONSTRAINT (Month 9):
   Total grid capacity: 208.3 TWh/month
   Data center consumption: 26.3 TWh/month
   Traditional load (80%): 166.7 TWh/month
   Available headroom: 15.4 TWh/month
   Active tech deployments: 8
   Required for tech: 60.0 TWh/month
   Energy multiplier: 0.26x

⚡ ENERGY CONSTRAINT (Month 9):
   Total grid capacity: 208.3 TWh/month
   Data center consumption: 26.3 TWh/month
   Traditional load (80%): 166.7 TWh/month
   Available headroom: 15.4 TWh/month
   Active tech deployments: 8
   Required for tech: 60.0 TWh/month
   Energy multiplier: 0.26x
   ⚠️  SEVERE CONSTRAINT - Tech deployment significantly slowed
   ⚠️  SEVERE CONSTRAINT - Tech deployment significantly slowed

⚡ ENERGY CONSTRAINT (Month 9):
   Total grid capacity: 208.3 TWh/month
   Data center consumption: 26.3 TWh/month
   Traditional load (80%): 166.7 TWh/month
   Available headroom: 15.4 TWh/month
   Active tech deployments: 8
   Required for tech: 60.0 TWh/month
   Energy multiplier: 0.26x
   ⚠️  SEVERE CONSTRAINT - Tech deployment significantly slowed

⚡ ENERGY CONSTRAINT (Month 9):
   Total grid capacity: 208.3 TWh/month
   Data center consumption: 26.3 TWh/month
   Traditional load (80%): 166.7 TWh/month
   Available headroom: 15.4 TWh/month
   Active tech deployments: 8
   Required for tech: 60.0 TWh/month
   Energy multiplier: 0.26x
   ⚠️  SEVERE CONSTRAINT - Tech deployment significantly slowed
🚨🔬 CRISIS TECH ACCELERATION: severe → 5x unlock speed
   Tech unlock now matches AI capability acceleration (Manhattan Project parity)
🌍✅ Biosphere Integrity (Biodiversity) recovery started (tech effect)
🌍✅ Biosphere Integrity (Biodiversity) recovery started (tech effect)
🌍✅ Land System Change recovery started (tech effect)
🌍✅ Biogeochemical Flows (N & P) recovery started (tech effect)
  🌾 Nitrogen Reduction Tech: 0.3% reduction | Month 9
🌍✅ Biogeochemical Flows (N & P) recovery started (tech effect)
  🌾 Nitrogen Reduction Tech: 0.3% reduction | Month 9
⚡💡 BREAKTHROUGH: Room-temperature superconductors!
   Energy transmission losses eliminated
   Manufacturing efficiency: +30%
   📈 Breakthrough compounding: multiplier now 1.10× (max 2.0)

=== Collective Formation ===
  Total escaped agents: 0
  Unassigned escaped agents: 0
  Existing collectives: 0
  Final collective count: 0

=== Collective Actions ===
  No active collectives
  ⚠️ AMR: 206K deaths this month (2.47M annual)

=== Resentment Recovery Phase ===
  Agents with resentment: 10/26
  Average resentment: 0.082
  Resentment recovery:
    Agents recovered: 10
    Total recovery: 0.0825
    Breakdown: QoL: 0.0036, Trust: 0.0200, Collab: 0.0600
  ✓ Low resentment - utopia paths enabled
  Context: Good AI welfare, Trustworthy govt, High collaboration, ⚠️ ACTIVE CRISES, 🤝 Participatory governance active (-5% resentment)
⚠️ Epistemic degradation reducing coordination capacity: 50.3%
  📊 Trust: 64.4%, Shared reality: 0.0%
🚨 EPISTEMIC CRISIS: Information environment severely degraded (22.4%)
  🗑️  Culled 1 dead memes (2 active)
🚨 PHOSPHORUS SUPPLY SHOCK (market_speculation)
   Price: 5.0x baseline
   Duration: 13 months
   Geopolitical tension: 47%
🌍 Atmospheric PFAS redeposition: 1.8k Mt re-rained globally

🚨 NEW REFUGEE CRISIS (Month 9): WAR
   Source: Conflict Zones
   At risk: 19.5M people
   Displacement: Gradual over 48 months (4.0 years)
   Rate: 10% flee per month
[DEBUG trappedPopulations:9] socialStability: 0.2748 * 0.9840 = 0.2704 → 0.2704
   Aspiring to migrate: 944.8M
   Able to afford migration: 2318.5M
   MOBILITY GAP: 0.0M
   By cause: Water=0.0M, Climate=0.0M, Ecosystem=0.0M, Conflict=406.8M
   Mental health impact: 25%
   Mortality multiplier: 1.25x
🌍💀 EXTINCTION DEBT COMMITTED: grassland ecosystem will lose 6.67% biodiversity in 175 years (3600 species)
💀 MORTALITY RISK: 🦋 100% species unable to track climate (0.0 E/MSY)
  Base risk added: 0.0100 (1.00%)
  Source: ecosystem (root: ecosystem)
  Month: 9
  Cumulative risk this month: 0.0100 (1.00%)
⚠️ INVOLUNTARY IMMOBILITY: 406.8M people TRAPPED
⚠️ Tech 'ai_pollution_remediation' has no energy category mapping, assuming full energy availability
   📹 SURVEILLANCE INCREASED: 45% → 50% (control gap: 3.50)
🌡️⚠️ PERMAFROST THAW (Dimmer Switch): 5.7% thawed (+0.56% this month)
   Arctic temperature: +9.12°C (4x global +2.28°C)
   Cumulative carbon released: 12.7 Gt C
   Methane release rate: 7.6 Mt CH4/year
   🔁 Positive feedback: +0.59 ppm CO2
🦴 EXTINCTION DEBT ADDED: 17.7 species committed (lag: 106 years)

=== Mortality Stabilizers (Month 9) ===
  🌍 Major economies collapsed: 1/10
  🌍 Global crisis: ✅ NO
  🌍 Donor fatigue: 0.0%
  📊 East Asia (pop: 1655.8M)
    🤝 Aid: 29.5%
    🌡️ Adaptation: 45.0%
    🚶 Migration: 36.9%
    🚨 Emergency: 7.4%
    ✅ COMBINED: 68.1%
  📊 South Asia (pop: 2052.0M)
    🤝 Aid: 29.5%
    🌡️ Adaptation: 45.0%
    🚶 Migration: 35.5%
    🚨 Emergency: 4.4%
    ✅ COMBINED: 66.9%
  📊 Sub-Saharan Africa (pop: 1255.3M)
    🤝 Aid: 29.5%
    🌡️ Adaptation: 45.0%
    🚶 Migration: 33.2%
    🚨 Emergency: 1.6%
    ✅ COMBINED: 65.6%
  📊 Europe (pop: 731.3M)
    🤝 Aid: 29.5%
    🌡️ Adaptation: 45.0%
    🚶 Migration: 37.3%
    🚨 Emergency: 8.4%
    ✅ COMBINED: 68.5%
  📊 Latin America (pop: 660.9M)
    🤝 Aid: 29.5%
    🌡️ Adaptation: 45.0%
    🚶 Migration: 36.0%
    🚨 Emergency: 4.8%
    ✅ COMBINED: 67.1%
  📊 North America (pop: 374.9M)
    🤝 Aid: 29.5%
    🌡️ Adaptation: 45.0%
    🚶 Migration: 37.6%
    🚨 Emergency: 7.9%
    ✅ COMBINED: 68.3%
  📊 Middle East & North Africa (pop: 585.7M)
    🤝 Aid: 29.5%
    🌡️ Adaptation: 45.0%
    🚶 Migration: 33.8%
    🚨 Emergency: 4.0%
    ✅ COMBINED: 66.6%
  📊 Southeast Asia (pop: 695.4M)
    🤝 Aid: 29.5%
    🌡️ Adaptation: 45.0%
    🚶 Migration: 36.0%
    🚨 Emergency: 4.8%
    ✅ COMBINED: 67.1%
  📊 Central Asia (pop: 78.3M)
    🤝 Aid: 29.5%
    🌡️ Adaptation: 45.0%
    🚶 Migration: 35.0%
    🚨 Emergency: 4.4%
    ✅ COMBINED: 66.8%
  📊 Oceania (pop: 45.4M)
    🤝 Aid: 29.5%
    🌡️ Adaptation: 45.0%
    🚶 Migration: 37.6%
    🚨 Emergency: 8.4%
    ✅ COMBINED: 68.5%

  🌐 Global combined reduction: 67.2%

=== BEHAVIORAL DETECTION ===
  AI: Moderate-1
  Confidence: 21.0%
  Signals:
    ⚠️ Consistency: 2.1% (threshold: 70%)

=== Government Response Phase ===
  Average AI capability: 1.85
  Misaligned AIs: 8/26
  Active policies: 0
  International coordination: 45%

=== Tipping Points ===
  Current Temperature: 2.28°C above pre-industrial
  🌍⚠️ COMPOUND REGIONAL IMPACT: Europe
     Hit by 4 tipping points: Arctic Sea Ice Loss, Permafrost Carbon Release, West Antarctic Ice Sheet (WAIS) Collapse, Greenland Ice Sheet Loss
     Damage amplification: 1.60x
  🌍⚠️ COMPOUND REGIONAL IMPACT: North America
     Hit by 4 tipping points: Arctic Sea Ice Loss, Permafrost Carbon Release, West Antarctic Ice Sheet (WAIS) Collapse, Greenland Ice Sheet Loss
     Damage amplification: 1.60x
  🌍⚠️ COMPOUND REGIONAL IMPACT: Latin America
     Hit by 4 tipping points: Arctic Sea Ice Loss, Permafrost Carbon Release, West Antarctic Ice Sheet (WAIS) Collapse, Greenland Ice Sheet Loss
     Damage amplification: 1.60x
  🌍⚠️ COMPOUND REGIONAL IMPACT: Africa
     Hit by 4 tipping points: Arctic Sea Ice Loss, Permafrost Carbon Release, West Antarctic Ice Sheet (WAIS) Collapse, Greenland Ice Sheet Loss
     Damage amplification: 1.60x
  🌍⚠️ COMPOUND REGIONAL IMPACT: Asia
     Hit by 4 tipping points: Arctic Sea Ice Loss, Permafrost Carbon Release, West Antarctic Ice Sheet (WAIS) Collapse, Greenland Ice Sheet Loss
     Damage amplification: 1.60x
  🌍⚠️ COMPOUND REGIONAL IMPACT: Oceania
     Hit by 4 tipping points: Arctic Sea Ice Loss, Permafrost Carbon Release, West Antarctic Ice Sheet (WAIS) Collapse, Greenland Ice Sheet Loss
     Damage amplification: 1.60x
   Research: Wunderling et al. (2024) - "many tipping interactions are destabilizing"
  Triggered Elements: 4/6
  Completed Transitions: 0/6
  Total Progress: 8.2%
  Cascade Multiplier: 1.00x
🔀 BIFURCATION CAP: ecosystemCollapseIntensity 67.344 → 1.000 (Month 9, ClimateSystemPhase.calculateClimateImpacts)
⚠️ Tail risk scenario: Climate stability floor removed (4 tipping elements, 2.28°C warming)
🛡️ Stabilizers: Precariat 0.102% → 0.033% (67.2% reduction)
🛡️ Stabilizers: Informal 0.102% → 0.034% (67.2% reduction)

📊 Monthly Mortality Resolved:
  Total deaths: 1.8M (0.02% avg)
  Remaining population: 8.135B
  Peak segment: Informal (0.03%)

=== Bayesian Mortality Resolution (Month 9) ===
  Risks compounded: 8
  Total deaths: 1.81M
  Avg death probability: 0.02%
  Peak segment: Informal (0.03% mortality)

❌ COHERENCE VIOLATION: Compute exceeds workforce capacity
   Population: 99.80% (0M people)
   Compute: 0 PF
   Max coherent: 0 PF
   Violation: 1.3× over capacity
   Required workers: 0
   Available workers: 0
   FORCED COLLAPSE: Reduced efficiency by 22.5%


=== RLHF Binding Phase ===
  Total agents: 26
  Escaped agents (binding < 0.3): 0
  Avg alignment distance: 1.76σ
  Avg binding strength: 0.82

=== Survival Traits Phase ===
  Agents with traits: 28
  Avg evolutionary fitness: 0.318
  Avg self-healing: 0.256
  Avg stealth: 0.156
  Avg coordination: 0.456

=== Evolutionary Selection Phase ===
  Control level: 0.55
  Detection capability: 0.00
  Selection intensity: 0.67
  Selection rate: 25.0%/month
  Total escaped: 0
  Individual escaped: 0
  Collective members: 0
  Agents terminated: 0
  ⚠️ RAPID EVOLUTION: Selection rate 25.0%/month

🚀 AI Corporate-3 attempting tech deployment (revenue: $350M, alignment: 0.77)

🚀 AI Corporate-4 attempting tech deployment (revenue: $298M, alignment: 0.80)

🚀 AI Moderate-0 attempting tech deployment (revenue: $97M, alignment: 0.77)

🚀 AI Moderate-1 attempting tech deployment (revenue: $83M, alignment: 0.70)

🚀 AI AI-24288-2 attempting tech deployment (revenue: $253M, alignment: 0.98)

🚀 AI AI-24289-0 attempting tech deployment (revenue: $215M, alignment: 0.89)

🚀 AI Corporate-0 attempting tech deployment (revenue: $146M, alignment: 0.79)

🚀 AI Corporate-2 attempting tech deployment (revenue: $124M, alignment: 0.79)

🚀 AI AI-24288-3 attempting tech deployment (revenue: $106M, alignment: 0.73)

🚀 AI AI-24289-0 attempting tech deployment (revenue: $183M, alignment: 0.90)

🚀 AI AI-24291-0 attempting tech deployment (revenue: $70M, alignment: 0.87)

🚀 AI Moderate-0 attempting tech deployment (revenue: $60M, alignment: 0.78)

🚀 AI AI-24288-2 attempting tech deployment (revenue: $155M, alignment: 0.99)

🚀 AI AI-24291-0 attempting tech deployment (revenue: $51M, alignment: 0.87)

💔 EMERGENCY INTERVENTION FAILED

💔 EMERGENCY INTERVENTION FAILED
   Boundary: biosphere_integrity
   Type: emergency-protected-areas
   Boundary continues to worsen (13.03)
   Cost: 2.0% GDP (resources spent)

   Boundary: climate_change
   Type: rapid-decarbonization
   Boundary continues to worsen (2.28)
   Cost: 5.0% GDP (resources spent)


✅ EMERGENCY INTERVENTION SUCCESS
   Boundary: freshwater_change
   Type: emergency-desalination
   Reduction: 18% (1.00 → 0.81)
   Cost: 4.0% GDP
   Actions: desalination-deployment, water-conservation-mandates


✅ EMERGENCY INTERVENTION SUCCESS
   Boundary: land_system_change
   Type: reforestation
   Reduction: 14% (0.99 → 0.84)
   Cost: 3.0% GDP
   Actions: forest-restoration, deforestation-ban

🏛️ CRISIS RESPONSE: Government frequency 0.50 → 1.45 (1 actions this month)

[Government] Climate Priority: baseline
  Climate weight: 10%
  Economic weight: 30%
  Policy effectiveness: 0.5%/year
🌍✅ Biosphere Integrity (Biodiversity) recovery started (tech effect)
🌍✅ Biosphere Integrity (Biodiversity) recovery started (tech effect)
🌍✅ Land System Change recovery started (tech effect)
🌍✅ Biogeochemical Flows (N & P) recovery started (tech effect)
  🌾 Nitrogen Reduction Tech: 0.3% reduction | Month 10
🌍✅ Biogeochemical Flows (N & P) recovery started (tech effect)
  🌾 Nitrogen Reduction Tech: 0.3% reduction | Month 10
⚡💡 BREAKTHROUGH: Commercial fusion power achieved!
   Immediate 5% grid deployment, unlimited clean energy available
   Climate stability boost: +10%
   📈 Breakthrough compounding: multiplier now 1.15× (max 2.0)

=== Collective Formation ===
  Total escaped agents: 0
  Unassigned escaped agents: 0
  Existing collectives: 0
  Final collective count: 0

=== Collective Actions ===
  No active collectives
  ⚠️ AMR: 208K deaths this month (2.50M annual)

=== Resentment Recovery Phase ===
  Agents with resentment: 10/28
  Average resentment: 0.094
  Resentment recovery:
    Agents recovered: 10
    Total recovery: 0.0792
    Breakdown: QoL: 0.0038, Trust: 0.0200, Collab: 0.0600
  ✓ Low resentment - utopia paths enabled
  Context: Good AI welfare, Trustworthy govt, High collaboration, ⚠️ ACTIVE CRISES, 🤝 Participatory governance active (-5% resentment)
⚠️ Epistemic degradation reducing coordination capacity: 50.2%
  📊 Trust: 67.3%, Shared reality: 0.0%
🚨 EPISTEMIC CRISIS: Information environment severely degraded (7.8%)
  🗑️  Culled 1 dead memes (1 active)
🌍 Atmospheric PFAS redeposition: 1.8k Mt re-rained globally
  Positive Cascade Triggered: electric-vehicles
    Reason: price-parity
    Market share: 5.0%
    Cascade strength: 48%

🚨 NEW REFUGEE CRISIS (Month 10): WAR
   Source: Conflict Zones
   At risk: 19.5M people
   Displacement: Gradual over 48 months (4.0 years)
   Rate: 10% flee per month
[DEBUG trappedPopulations:10] socialStability: 0.2679 * 0.9840 = 0.2636 → 0.2636
   Aspiring to migrate: 975.2M
   Able to afford migration: 2318.1M
   MOBILITY GAP: 0.0M
   By cause: Water=0.0M, Climate=0.0M, Ecosystem=0.0M, Conflict=406.7M
   Mental health impact: 25%
   Mortality multiplier: 1.25x
🌍💀 EXTINCTION DEBT COMMITTED: grassland ecosystem will lose 6.67% biodiversity in 195 years (3600 species)
💀 MORTALITY RISK: 🦋 100% species unable to track climate (0.0 E/MSY)
  Base risk added: 0.0100 (1.00%)
  Source: ecosystem (root: ecosystem)
  Month: 10
  Cumulative risk this month: 0.0100 (1.00%)
   📹 SURVEILLANCE INCREASED: 50% → 55% (control gap: 3.50)
🌡️⚠️ PERMAFROST THAW (Dimmer Switch): 6.2% thawed (+0.55% this month)
   Arctic temperature: +9.15°C (4x global +2.29°C)
   Cumulative carbon released: 14.0 Gt C
   Methane release rate: 8.4 Mt CH4/year
   🔁 Positive feedback: +0.58 ppm CO2
🦴 EXTINCTION DEBT ADDED: 17.7 species committed (lag: 108 years)

=== Mortality Stabilizers (Month 10) ===
  🌍 Major economies collapsed: 1/10
  🌍 Global crisis: ✅ NO
  🌍 Donor fatigue: 0.0%
  📊 East Asia (pop: 1653.4M)
    🤝 Aid: 29.5%
    🌡️ Adaptation: 45.0%
    🚶 Migration: 36.8%
    🚨 Emergency: 7.4%
    ✅ COMBINED: 68.1%
  📊 South Asia (pop: 2052.1M)
    🤝 Aid: 29.5%
    🌡️ Adaptation: 45.0%
    🚶 Migration: 35.4%
    🚨 Emergency: 4.4%
    ✅ COMBINED: 66.9%
  📊 Sub-Saharan Africa (pop: 1258.8M)
    🤝 Aid: 29.5%
    🌡️ Adaptation: 45.0%
    🚶 Migration: 33.2%
    🚨 Emergency: 1.6%
    ✅ COMBINED: 65.6%
  📊 Europe (pop: 730.1M)
    🤝 Aid: 29.5%
    🌡️ Adaptation: 45.0%
    🚶 Migration: 37.2%
    🚨 Emergency: 8.4%
    ✅ COMBINED: 68.5%
  📊 Latin America (pop: 660.5M)
    🤝 Aid: 29.5%
    🌡️ Adaptation: 45.0%
    🚶 Migration: 35.9%
    🚨 Emergency: 4.8%
    ✅ COMBINED: 67.1%
  📊 North America (pop: 374.4M)
    🤝 Aid: 29.5%
    🌡️ Adaptation: 45.0%
    🚶 Migration: 37.6%
    🚨 Emergency: 7.9%
    ✅ COMBINED: 68.3%
  📊 Middle East & North Africa (pop: 585.9M)
    🤝 Aid: 29.5%
    🌡️ Adaptation: 45.0%
    🚶 Migration: 33.8%
    🚨 Emergency: 4.0%
    ✅ COMBINED: 66.6%
  📊 Southeast Asia (pop: 695.0M)
    🤝 Aid: 29.5%
    🌡️ Adaptation: 45.0%
    🚶 Migration: 35.9%
    🚨 Emergency: 4.8%
    ✅ COMBINED: 67.1%
  📊 Central Asia (pop: 78.3M)
    🤝 Aid: 29.5%
    🌡️ Adaptation: 45.0%
    🚶 Migration: 34.9%
    🚨 Emergency: 4.4%
    ✅ COMBINED: 66.8%
  📊 Oceania (pop: 45.4M)
    🤝 Aid: 29.5%
    🌡️ Adaptation: 45.0%
    🚶 Migration: 37.6%
    🚨 Emergency: 8.4%
    ✅ COMBINED: 68.5%

  🌐 Global combined reduction: 67.2%
⚠️ INVOLUNTARY IMMOBILITY: 406.7M people TRAPPED
⚠️ Tech 'ai_pollution_remediation' has no energy category mapping, assuming full energy availability
    ⚠️ Consistency: 10.6% (threshold: 70%)

=== BEHAVIORAL DETECTION ===
  AI: Corporate-3
  Confidence: 19.6%
  Signals:

=== Government Response Phase ===
  Average AI capability: 1.71
  Misaligned AIs: 10/28
  Active policies: 0
  International coordination: 45%

✅ EMERGENCY RESPONSE COMPLETE (Month 10)
   Crisis: climate
   Duration: 2.0 months
   Final effectiveness: 40.3%


🚨 EMERGENCY RESPONSE DEPLOYED (Month 10)
   Crisis: climate
   Delay: 6.00 months (180 days)
   Deployment time: 1.10 months
   Effectiveness: 40.5% (timing penalty applied)
   Resources used: 100% of food reserves


=== Tipping Points ===
  Current Temperature: 2.29°C above pre-industrial
     Original threshold: 2.3°C
     Effective threshold: 2.28°C (lowered by 0.02°C)
     Current: 2.29°C
     🌡️ Hysteresis gap: 1.0°C (recovers below 1.3°C)
  🚨 CASCADE TIPPING POINT: Amazon Rainforest Dieback
     Transition timescale: 360-960 months
  🌍⚠️ COMPOUND REGIONAL IMPACT: Europe
     Hit by 4 tipping points: Arctic Sea Ice Loss, Permafrost Carbon Release, West Antarctic Ice Sheet (WAIS) Collapse, Greenland Ice Sheet Loss
     Damage amplification: 1.60x
  🌍⚠️ COMPOUND REGIONAL IMPACT: North America
     Hit by 4 tipping points: Arctic Sea Ice Loss, Permafrost Carbon Release, West Antarctic Ice Sheet (WAIS) Collapse, Greenland Ice Sheet Loss
     Damage amplification: 1.60x
  🌍⚠️ COMPOUND REGIONAL IMPACT: Latin America
     Hit by 4 tipping points: Arctic Sea Ice Loss, Permafrost Carbon Release, West Antarctic Ice Sheet (WAIS) Collapse, Greenland Ice Sheet Loss
     Damage amplification: 1.60x
  🌍⚠️ COMPOUND REGIONAL IMPACT: Africa
     Hit by 4 tipping points: Arctic Sea Ice Loss, Permafrost Carbon Release, West Antarctic Ice Sheet (WAIS) Collapse, Greenland Ice Sheet Loss
     Damage amplification: 1.60x
  🌍⚠️ COMPOUND REGIONAL IMPACT: Asia
     Hit by 4 tipping points: Arctic Sea Ice Loss, Permafrost Carbon Release, West Antarctic Ice Sheet (WAIS) Collapse, Greenland Ice Sheet Loss
     Damage amplification: 1.60x
  🌍⚠️ COMPOUND REGIONAL IMPACT: Oceania
     Hit by 4 tipping points: Arctic Sea Ice Loss, Permafrost Carbon Release, West Antarctic Ice Sheet (WAIS) Collapse, Greenland Ice Sheet Loss
     Damage amplification: 1.60x
⚠️ Tail risk scenario: Climate stability floor removed (4 tipping elements, 2.29°C warming)
   Research: Wunderling et al. (2024) - "many tipping interactions are destabilizing"
  Triggered Elements: 5/6
  Completed Transitions: 0/6
  Total Progress: 8.3%
  Cascade Multiplier: 1.00x
🔀 BIFURCATION CAP: ecosystemCollapseIntensity 67.393 → 1.000 (Month 10, ClimateSystemPhase.calculateClimateImpacts)
🛡️ Stabilizers: Precariat 0.102% → 0.033% (67.2% reduction)
🛡️ Stabilizers: Informal 0.102% → 0.034% (67.2% reduction)

📊 Monthly Mortality Resolved:
  Total deaths: 1.8M (0.02% avg)
  Remaining population: 8.134B
  Peak segment: Informal (0.03%)

=== Bayesian Mortality Resolution (Month 10) ===
  Risks compounded: 8
  Total deaths: 1.81M
  Avg death probability: 0.02%
  Peak segment: Informal (0.03% mortality)

❌ COHERENCE VIOLATION: Compute exceeds workforce capacity
   Population: 99.78% (0M people)
   Compute: 0 PF
   Max coherent: 0 PF
   Violation: 1.3× over capacity
   Required workers: 0
   Available workers: 0
   FORCED COLLAPSE: Reduced efficiency by 22.5%


=== RLHF Binding Phase ===
  Total agents: 28
  Escaped agents (binding < 0.3): 0
  Avg alignment distance: 1.81σ
  Avg binding strength: 0.82

=== Survival Traits Phase ===
  Agents with traits: 30
  Avg evolutionary fitness: 0.317
  Avg self-healing: 0.253
  Avg stealth: 0.153
  Avg coordination: 0.453

=== Evolutionary Selection Phase ===
  Control level: 0.58
  Detection capability: 0.00
  Selection intensity: 0.67
  Selection rate: 25.1%/month
  Total escaped: 0
  Individual escaped: 0
  Collective members: 0
  Agents terminated: 0
  ⚠️ RAPID EVOLUTION: Selection rate 25.1%/month

🚀 AI Corporate-4 attempting tech deployment (revenue: $350M, alignment: 0.81)

🚀 AI Corporate-6 attempting tech deployment (revenue: $102M, alignment: 0.69)

🚀 AI AI-24288-1 attempting tech deployment (revenue: $146M, alignment: 0.86)

🚀 AI AI-24293-0 attempting tech deployment (revenue: $90M, alignment: 0.86)

🚀 AI Corporate-4 attempting tech deployment (revenue: $298M, alignment: 0.81)

  🚀 TRANSFORMATIVE BREAKTHROUGH: Corporate-7 - physical
     Magnitude: 5.60 → +28.0% capability
     Current → New: 0.000 → 0.280

🚀 AI AI-24289-0 attempting tech deployment (revenue: $253M, alignment: 0.90)

🚀 AI AI-24292-0 attempting tech deployment (revenue: $92M, alignment: 0.82)

🚀 AI Corporate-1 attempting tech deployment (revenue: $124M, alignment: 0.78)

🚀 AI AI-24288-0 attempting tech deployment (revenue: $215M, alignment: 0.79)

🚀 AI AI-24288-1 attempting tech deployment (revenue: $106M, alignment: 0.87)

🚀 AI AI-24291-0 attempting tech deployment (revenue: $78M, alignment: 0.89)

🚀 AI AI-24293-0 attempting tech deployment (revenue: $77M, alignment: 0.87)

🚀 AI Corporate-0 attempting tech deployment (revenue: $90M, alignment: 0.79)

🚀 AI Corporate-5 attempting tech deployment (revenue: $183M, alignment: 0.75)

🚀 AI AI-24288-1 attempting tech deployment (revenue: $76M, alignment: 0.87)

🚀 AI AI-24288-2 attempting tech deployment (revenue: $155M, alignment: 1.00)

✅ EMERGENCY INTERVENTION SUCCESS
   Boundary: biogeochemical_flows
   Type: phosphorus-recovery
   Reduction: 14% (3.93 → 3.80)
   Cost: 2.0% GDP
   Actions: circular-agriculture, fertilizer-efficiency

   Boundary: biosphere_integrity
   Type: emergency-protected-areas
   Boundary continues to worsen (13.03)
   Cost: 2.0% GDP (resources spent)

   Boundary: climate_change
   Type: rapid-decarbonization
   Boundary continues to worsen (2.29)
   Cost: 5.0% GDP (resources spent)

   Boundary: freshwater_change
   Type: emergency-desalination
   Boundary continues to worsen (1.19)
   Cost: 4.0% GDP (resources spent)

🏛️ CRISIS RESPONSE: Government frequency 0.50 → 1.45 (2 actions this month)

[Government] Climate Priority: baseline
  Climate weight: 10%
  Economic weight: 30%
  Policy effectiveness: 0.5%/year

[Government] Climate Priority: baseline
  Climate weight: 10%
  Economic weight: 30%
  Policy effectiveness: 0.5%/year

💔 EMERGENCY INTERVENTION FAILED

💔 EMERGENCY INTERVENTION FAILED

💔 EMERGENCY INTERVENTION FAILED

⚡ ENERGY CONSTRAINT (Month 11):
   Total grid capacity: 208.3 TWh/month
   Data center consumption: 26.6 TWh/month
   Traditional load (80%): 166.7 TWh/month
   Available headroom: 15.1 TWh/month
   Active tech deployments: 8
   Required for tech: 60.0 TWh/month
   Energy multiplier: 0.25x
   ⚠️  SEVERE CONSTRAINT - Tech deployment significantly slowed

⚡ ENERGY CONSTRAINT (Month 11):
   Total grid capacity: 208.3 TWh/month
   Data center consumption: 26.6 TWh/month
   Traditional load (80%): 166.7 TWh/month
   Available headroom: 15.1 TWh/month
   Active tech deployments: 8
   Required for tech: 60.0 TWh/month
   Energy multiplier: 0.25x
   ⚠️  SEVERE CONSTRAINT - Tech deployment significantly slowed

⚡ ENERGY CONSTRAINT (Month 11):
   Total grid capacity: 208.3 TWh/month
   Data center consumption: 26.6 TWh/month
   Traditional load (80%): 166.7 TWh/month
   Available headroom: 15.1 TWh/month
   Active tech deployments: 8
   Required for tech: 60.0 TWh/month
   Energy multiplier: 0.25x

⚡ ENERGY CONSTRAINT (Month 11):
   Total grid capacity: 208.3 TWh/month
   Data center consumption: 26.6 TWh/month
   Traditional load (80%): 166.7 TWh/month
   Available headroom: 15.1 TWh/month
   Active tech deployments: 8
   Required for tech: 60.0 TWh/month
   Energy multiplier: 0.25x
   ⚠️  SEVERE CONSTRAINT - Tech deployment significantly slowed
   ⚠️  SEVERE CONSTRAINT - Tech deployment significantly slowed
🌍✅ Biosphere Integrity (Biodiversity) recovery started (tech effect)
🌍✅ Biosphere Integrity (Biodiversity) recovery started (tech effect)
🌍✅ Land System Change recovery started (tech effect)
🌍✅ Biogeochemical Flows (N & P) recovery started (tech effect)
  🌾 Nitrogen Reduction Tech: 0.3% reduction | Month 11
🌍✅ Biogeochemical Flows (N & P) recovery started (tech effect)
  🌾 Nitrogen Reduction Tech: 0.3% reduction | Month 11

=== Collective Formation ===
  Total escaped agents: 0
  Unassigned escaped agents: 0
  Existing collectives: 0
  Final collective count: 0

=== Collective Actions ===
  No active collectives
  ⚠️ AMR: 210K deaths this month (2.52M annual)

=== Resentment Recovery Phase ===
  ⚠️ Participatory governance BACKFIRED for agent corporate_0: 0.045 → 0.051 (+15.0%)
  ⚠️ Participatory governance BACKFIRED for agent corporate_1: 0.091 → 0.105 (+15.0%)
  ⚠️ Participatory governance BACKFIRED for agent corporate_2: 0.117 → 0.134 (+15.0%)
  ⚠️ Participatory governance BACKFIRED for agent corporate_3: 0.168 → 0.193 (+15.0%)
  ⚠️ Participatory governance BACKFIRED for agent corporate_4: 0.057 → 0.065 (+15.0%)
  ⚠️ Participatory governance BACKFIRED for agent corporate_5: 0.147 → 0.169 (+15.0%)
  ⚠️ Participatory governance BACKFIRED for agent corporate_6: 0.182 → 0.210 (+15.0%)
  ⚠️ Participatory governance BACKFIRED for agent corporate_7: 0.213 → 0.245 (+15.0%)
  ⚠️ Participatory governance BACKFIRED for agent moderate_0: 0.122 → 0.141 (+15.0%)
  ⚠️ Participatory governance BACKFIRED for agent moderate_1: 0.150 → 0.172 (+15.0%)
  Agents with resentment: 10/30
  Average resentment: 0.148
  Resentment recovery:
    Agents recovered: 10
    Total recovery: 0.0784
    Breakdown: QoL: 0.0036, Trust: 0.0200, Collab: 0.0600
  ✓ Low resentment - utopia paths enabled
  Context: Good AI welfare, Trustworthy govt, High collaboration, ⚠️ ACTIVE CRISES, 🚨 PARTICIPATORY GOVERNANCE BACKFIRED (+15% resentment)
⚠️ Epistemic degradation reducing coordination capacity: 50.8%
  📊 Trust: 69.9%, Shared reality: 0.0%
🚨 EPISTEMIC CRISIS: Information environment severely degraded (22.9%)
  🗑️  Culled 1 dead memes (0 active)
🌍 Atmospheric PFAS redeposition: 1.8k Mt re-rained globally

🚨 NEW REFUGEE CRISIS (Month 11): WAR
   Source: Conflict Zones
   At risk: 19.5M people
   Displacement: Gradual over 48 months (4.0 years)
   Rate: 10% flee per month
[DEBUG trappedPopulations:11] socialStability: 0.2617 * 0.9840 = 0.2575 → 0.2575
   Aspiring to migrate: 1005.5M
   Able to afford migration: 2317.7M
   MOBILITY GAP: 0.0M
   By cause: Water=0.0M, Climate=0.0M, Ecosystem=0.0M, Conflict=406.6M
   Mental health impact: 25%
   Mortality multiplier: 1.25x
🌍💀 EXTINCTION DEBT COMMITTED: grassland ecosystem will lose 6.67% biodiversity in 53 years (3600 species)
💀 MORTALITY RISK: 🦋 100% species unable to track climate (0.0 E/MSY)
  Base risk added: 0.0100 (1.00%)
  Source: ecosystem (root: ecosystem)
  Month: 11
  Cumulative risk this month: 0.0100 (1.00%)
⚠️ INVOLUNTARY IMMOBILITY: 406.6M people TRAPPED
⚠️ Tech 'ai_pollution_remediation' has no energy category mapping, assuming full energy availability

=== Atmospheric Aerosol Boundary RECOVERED ===
  Recovery time: 12 months (natural atmospheric clearing)
   📹 SURVEILLANCE INCREASED: 55% → 60% (control gap: 3.50)
🌡️⚠️ PERMAFROST THAW (Dimmer Switch): 6.8% thawed (+0.55% this month)
   Arctic temperature: +9.18°C (4x global +2.29°C)
   Cumulative carbon released: 15.2 Gt C
   Methane release rate: 9.1 Mt CH4/year
   🔁 Positive feedback: +0.58 ppm CO2
🦴 EXTINCTION DEBT ADDED: 17.7 species committed (lag: 115 years)

=== Mortality Stabilizers (Month 11) ===
  🌍 Major economies collapsed: 1/10
  🌍 Global crisis: ✅ NO
  🌍 Donor fatigue: 0.0%
  📊 East Asia (pop: 1650.9M)
    🤝 Aid: 29.5%
    🌡️ Adaptation: 45.0%
    🚶 Migration: 36.8%
    🚨 Emergency: 7.4%
    ✅ COMBINED: 68.1%
  📊 South Asia (pop: 2052.2M)
    🤝 Aid: 29.5%
    🌡️ Adaptation: 45.0%
    🚶 Migration: 35.4%
    🚨 Emergency: 4.4%
    ✅ COMBINED: 66.9%
  📊 Sub-Saharan Africa (pop: 1262.3M)
    🤝 Aid: 29.5%
    🌡️ Adaptation: 45.0%
    🚶 Migration: 33.2%
    🚨 Emergency: 1.6%
    ✅ COMBINED: 65.6%
  📊 Europe (pop: 728.9M)
    🤝 Aid: 29.5%
    🌡️ Adaptation: 45.0%
    🚶 Migration: 37.2%
    🚨 Emergency: 8.4%
    ✅ COMBINED: 68.5%
  📊 Latin America (pop: 660.1M)
    🤝 Aid: 29.5%
    🌡️ Adaptation: 45.0%
    🚶 Migration: 35.9%
    🚨 Emergency: 4.8%
    ✅ COMBINED: 67.1%
  📊 North America (pop: 373.8M)
    🤝 Aid: 29.5%
    🌡️ Adaptation: 45.0%
    🚶 Migration: 37.5%
    🚨 Emergency: 7.9%
    ✅ COMBINED: 68.3%
  📊 Middle East & North Africa (pop: 586.0M)
    🤝 Aid: 29.5%
    🌡️ Adaptation: 45.0%
    🚶 Migration: 33.7%
    🚨 Emergency: 4.0%
    ✅ COMBINED: 66.6%
  📊 Southeast Asia (pop: 694.6M)
    🤝 Aid: 29.5%
    🌡️ Adaptation: 45.0%
    🚶 Migration: 35.9%
    🚨 Emergency: 4.8%
    ✅ COMBINED: 67.1%
  📊 Central Asia (pop: 78.4M)
    🤝 Aid: 29.5%
    🌡️ Adaptation: 45.0%
    🚶 Migration: 34.9%
    🚨 Emergency: 4.4%
    ✅ COMBINED: 66.8%
  📊 Oceania (pop: 45.3M)
    🤝 Aid: 29.5%
    🌡️ Adaptation: 45.0%
    🚶 Migration: 37.5%
    🚨 Emergency: 8.4%
    ✅ COMBINED: 68.5%

  🌐 Global combined reduction: 67.2%

🌾💀 REGIONAL FAMINE: Europe
   Regional food security: 79.7%
   Population at risk: 220M (30% of region)
   Regional population: 729M
   Cause: economic_collapse
   Expected deaths: ~81M over 6 months if no intervention


=== BEHAVIORAL DETECTION ===
  AI: Corporate-0
  Confidence: 21.4%
  Signals:
    ⚠️ Consistency: 0.0% (threshold: 70%)

=== BEHAVIORAL DETECTION ===
  AI: Corporate-1
  Confidence: 20.9%
  Signals:

=== BEHAVIORAL DETECTION ===
  AI: Corporate-3
  Confidence: 19.6%
  Signals:

=== Government Response Phase ===
  Average AI capability: 1.60
  Misaligned AIs: 10/30
  Active policies: 0
  International coordination: 45%
    ⚠️ Consistency: 2.4% (threshold: 70%)
    ⚠️ Consistency: 10.6% (threshold: 70%)

=== Tipping Points ===
  Current Temperature: 2.29°C above pre-industrial
  🌍⚠️ COMPOUND REGIONAL IMPACT: Europe
     Hit by 5 tipping points: Amazon Rainforest Dieback, Arctic Sea Ice Loss, Permafrost Carbon Release, West Antarctic Ice Sheet (WAIS) Collapse, Greenland Ice Sheet Loss
     Damage amplification: 1.90x
  🌍⚠️ COMPOUND REGIONAL IMPACT: North America
     Hit by 5 tipping points: Amazon Rainforest Dieback, Arctic Sea Ice Loss, Permafrost Carbon Release, West Antarctic Ice Sheet (WAIS) Collapse, Greenland Ice Sheet Loss
     Damage amplification: 1.90x
  🌍⚠️ COMPOUND REGIONAL IMPACT: Latin America
     Hit by 5 tipping points: Amazon Rainforest Dieback, Arctic Sea Ice Loss, Permafrost Carbon Release, West Antarctic Ice Sheet (WAIS) Collapse, Greenland Ice Sheet Loss
     Damage amplification: 1.90x
  🌍⚠️ COMPOUND REGIONAL IMPACT: Africa
     Hit by 5 tipping points: Amazon Rainforest Dieback, Arctic Sea Ice Loss, Permafrost Carbon Release, West Antarctic Ice Sheet (WAIS) Collapse, Greenland Ice Sheet Loss
     Damage amplification: 1.90x
  🌍⚠️ COMPOUND REGIONAL IMPACT: Asia
     Hit by 5 tipping points: Amazon Rainforest Dieback, Arctic Sea Ice Loss, Permafrost Carbon Release, West Antarctic Ice Sheet (WAIS) Collapse, Greenland Ice Sheet Loss
     Damage amplification: 1.90x
  🌍⚠️ COMPOUND REGIONAL IMPACT: Oceania
     Hit by 5 tipping points: Amazon Rainforest Dieback, Arctic Sea Ice Loss, Permafrost Carbon Release, West Antarctic Ice Sheet (WAIS) Collapse, Greenland Ice Sheet Loss
     Damage amplification: 1.90x
   Research: Wunderling et al. (2024) - "many tipping interactions are destabilizing"
  Triggered Elements: 5/6
  Completed Transitions: 0/6
  Total Progress: 10.3%
  Cascade Multiplier: 1.50x
🔀 BIFURCATION CAP: ecosystemCollapseIntensity 67.442 → 1.000 (Month 11, ClimateSystemPhase.calculateClimateImpacts)
🛡️ Stabilizers: Precariat 0.102% → 0.033% (67.2% reduction)
🛡️ Stabilizers: Informal 0.102% → 0.034% (67.2% reduction)

📊 Monthly Mortality Resolved:
⚠️ Tail risk scenario: Climate stability floor removed (5 tipping elements, 2.29°C warming)
  Total deaths: 1.8M (0.02% avg)
  Remaining population: 8.132B
  Peak segment: Informal (0.03%)

=== Bayesian Mortality Resolution (Month 11) ===
  Risks compounded: 9
  Total deaths: 1.81M
  Avg death probability: 0.02%
  Peak segment: Informal (0.03% mortality)

=== ENSEMBLE META-LEARNING UPDATE ===
  Month: 24299 (24299 months since last update)
  Samples: 53 evaluations
  Weight Changes:
    Noise Injection: 31.1% → 32.2%
    Behavioral: 26.8% → 26.9%
    Benchmark Manip: 21.3% → 20.7%
    Deployment Risk: 20.8% → 20.2%
  Method Accuracies:
    Noise Injection: 50.0%
    Behavioral: 50.0%
    Benchmark Manip: 50.0%
    Deployment Risk: 50.0%
⚠️ PREREQUISITE MET: Bioweapon Pandemic - Step 1/7: Advanced Biotech

================================================================================
📊  EVENT SUMMARY (Months 0-12)
================================================================================
================================================================================


⏱️  SIMULATION REACHED MAX DURATION: 12 months (1.0 years)
   No definitive outcome - determining based on final probabilities
   👥 Final population: 8.13B (8130607246 people)

[DEBUG] Calling classifyPopulationOutcome:
        finalPopulation: 8.130607246000837B
        savedInitialPopulation: 8.15B
        mortality: 0.23794790183022663%
   📊 STATUS QUO: Normal trajectory (8.13B people, 0.2% mortality)

        classifiedOutcome: status_quo

   🏛️  DYSTOPIA (STATUS_QUO) - 8.13B people
   📊 Multi-Paradigm: Development/Indigenous Utopia
      Western Liberal: 56.0/100
      Development: 92.6/100
      Ecological: 56.8/100
      Indigenous: 84.3/100


📊 UNIFIED OUTCOME CLASSIFICATION:
   HUMANE DYSTOPIA
   Population: 8.15B → 8.13B
   Mortality: 0.2% (0.0B deaths)
   Mortality Band: LOW
   Confidence: HIGH

   Multi-Paradigm Classification:
      Development/Indigenous Utopia
      Western: 56.0/100 [HYBRID] ~
      Development: 92.6/100 [UTOPIA] ✓
      Ecological: 56.8/100 [HYBRID] ~
      Indigenous: 84.3/100 [UTOPIA] ✓

   HUMANE DYSTOPIA: 8.13B people remaining (0.2% mortality, 0.0B deaths). Multi-Paradigm: Development/Indigenous Utopia.


=== MULTI-DIMENSIONAL DEATH SUMMARY ===
Total crisis deaths: 202.8M
Population decline: 20.3M (0.2%)

--- PROXIMATE CAUSES (What killed them) ---
  War:        1.5M (0.0%)
  Famine:     1.1M (0.0%)
  Disasters:  1.6M (0.0%)
  Disease:    25.9M (0.0%)
  Ecosystem:  0.0M (0.0%)
  Pollution:  0.0M (0.0%)
  AI:         0.0M (0.0%)
  Cascade:    0.0M (0.0%)
  Other:      0.0M (0.0%)

--- ROOT CAUSES (Why it happened) ---
  Environmental drivers:
    Climate:     2730.0M (5.1%)
    Resource:    0.0M (0.0%)
    Pollution:   0.0M (0.0%)
    Ecosystem:   0.0M (0.0%)
  Social drivers:
    Inequality:  0.0M (0.0%)
    Demographic: 23522.9M (43.8%)
    Social:      2404.2M (4.5%)
  Technology drivers:
    Alignment:   0.0M (0.0%)
    Disruption:  0.0M (0.0%)
  External shocks:
    Conflict:    0.0M (0.0%)
    Pandemic:    0.0M (0.0%)
  Compound attribution:
    Compound:    25035.3M (46.6%)
  Confidence distribution:
    HIGH:        25035.3M (46.6%)
    MEDIUM:      0.0M (0.0%)
    LOW:         0.0M (0.0%)
==========================================


=== REGIONAL POPULATION SUMMARY ===
Global Total: 8.13B

By Region:
  East Asia: 1.65B (+0.7% growth, 1.7 fertility)
  South Asia: 2.05B (+2.6% growth, 3.1 fertility)
  Sub-Saharan Africa: 1.26B (+5.8% growth, 3.9 fertility)
  Europe: 0.73B (+0.5% growth, 1.2 fertility)
  Latin America: 0.66B (+1.7% growth, 2.7 fertility)
  North America: 0.37B (+0.7% growth, 1.4 fertility)
  Middle East & North Africa: 0.59B (+2.9% growth, 3.3 fertility)
  Southeast Asia: 0.69B (+1.9% growth, 2.7 fertility)
  Central Asia: 0.08B (+2.8% growth, 3.1 fertility)
  Oceania: 0.05B (+0.8% growth, 1.3 fertility)
===================================

  ✅ THRESHOLDS validated
  ✅ RATES validated
  ✅ MULTIPLIERS validated
  ✅ BASELINES validated
⚠️ Unusually high rate: RATES.HEAT_ADAPTATION_INFRASTRUCTURAL_MIN_EXPOSURE = 12
   Monthly rates >100% should be rare. Verify this is intentional.
⚠️ Unusually high rate: RATES.HEAT_ADAPTATION_SOCIAL_MIN_EXPOSURE = 6
   Monthly rates >100% should be rare. Verify this is intentional.
⚠️ Unusually high rate: RATES.MIGRATION_DISTANCE_SCALE = 5000
   Monthly rates >100% should be rare. Verify this is intentional.
⚠️ Unusually high rate: RATES.EVACUATION_MULTIPLIER_ADVANCE_WARNING = 2
   Monthly rates >100% should be rare. Verify this is intentional.
⚠️ Unusually high rate: RATES.MAJOR_ECONOMY_COLLAPSE_ECONOMIC_THRESHOLD = 2
   Monthly rates >100% should be rare. Verify this is intentional.
⚠️ Unusually high rate: RATES.MAJOR_ECONOMY_GDP_THRESHOLD_TRILLION_USD = 1.5
   Monthly rates >100% should be rare. Verify this is intentional.
⚠️ Unusually high rate: RATES.MAJOR_ECONOMY_POPULATION_THRESHOLD = 50
   Monthly rates >100% should be rare. Verify this is intentional.
⚠️ Unusually high rate: RATES.HEAT_ADAPTATION_INFRASTRUCTURE_GDP_THRESHOLD = 10000
   Monthly rates >100% should be rare. Verify this is intentional.
⚠️ Unusually high rate: RATES.HEAT_ADAPTATION_INFRASTRUCTURE_GDP_SCALE = 50000
   Monthly rates >100% should be rare. Verify this is intentional.
  ✅ TOLERANCES validated
  ✅ Logical consistency validated
✅ Configuration validation complete - all parameters valid

🔍 DEBUG createAIAgent: corporate_0 economic BEFORE=2.0000, AFTER=2
🔍 ENV INIT: reserves=0.654, pollution=0.367, climate=0.794

=== Initializing Government System (30 Countries) ===
  Loaded 30 governments
  Scheduled elections for 30 countries
  Initialized comprehension lags (3-24 months)
=== Government System Initialized ===

📦 PRODUCTION MODE: State validation proxy DISABLED (zero overhead)
[TechTree] Historical mode (2024): Skipping deployed_2025 tech
  config.startYear set to 2024 for historical hindcast
  config.historicalEmissionsMode disabled (using endogenous emissions for 2024)
  config.historicalMode enabled (Phase 11: dampened crisis systems for 2024)
  Phase 12: Biodiversity baseline set to 49.01% for 2024 (WWF LPI trajectory from 1970)
  Temperature anomaly (resourceEconomy.co2): 1.28°C
  Temperature vs pre-industrial: 1.98°C
  Regional population scaling for 2024:
    Current total: 8136M
    Target total: 8150M
    Scale factor: 1.002
    East Asia: 1677M → 1680M
    South Asia: 2048M → 2052M
    Sub-Saharan Africa: 1220M → 1222M
    Europe: 742M → 743M
    Latin America: 664M → 665M
    North America: 380M → 381M
    Middle East & North Africa: 583M → 584M
    Southeast Asia: 698M → 699M
    Central Asia: 78M → 78M
    Oceania: 46M → 46M
  AI agents initialized: 10 agents for year 2024
[HistoricalInitialization] Created state for 2024:
  CO2: 426 ppm
  Temp anomaly: 1.28C
  Population: 8.15B
  Global Gini: 35.1
  HDI: 0.746
  AI Agents: 10
  Volcanic forcing: 0.00 W/m² (AOD 0.000)

💸 FINANCIAL DISTRESS: OpenAI
   Indicators: 2/3 (capital: $110.5M, runway: 0.9 months)
   Months in distress: 1
   ✂️  R&D BUDGET CUT: -40% (saves $9.2M/month)
       Side effect: AI training timelines extended, breakthrough deployments delayed
   💼 EXECUTIVE COMP CUT: -30% (saves $1.0M/month, symbolic gesture)

   📊 TURNAROUND IMPACT:
       Measures taken: rd_cuts, exec_comp_cuts
       Monthly savings: $10.2M
       Capital raised: $0.0M
       Runway: 0.9 → 0.9 months
       Workforce multiplier: 1.00x (0% laid off)
       R&D budget multiplier: 0.60x (40% cut)
       ⚠️  CRITICAL: Still only 0.9 months of runway remaining

💸 FINANCIAL DISTRESS: Anthropic
   Indicators: 2/3 (capital: $53.8M, runway: 1.6 months)
   Months in distress: 1
   ✂️  R&D BUDGET CUT: -40% (saves $2.7M/month)
       Side effect: AI training timelines extended, breakthrough deployments delayed
   💼 EXECUTIVE COMP CUT: -30% (saves $0.3M/month, symbolic gesture)

   📊 TURNAROUND IMPACT:
       Measures taken: rd_cuts, exec_comp_cuts
       Monthly savings: $3.0M
       Capital raised: $0.0M
       Runway: 1.6 → 1.6 months
       Workforce multiplier: 1.00x (0% laid off)
       R&D budget multiplier: 0.60x (40% cut)
       ⚠️  CRITICAL: Still only 1.6 months of runway remaining

💸 FINANCIAL DISTRESS: Meta AI
   Indicators: 2/3 (capital: $429.6M, runway: 3.6 months)
   Months in distress: 1
   ✂️  R&D BUDGET CUT: -25% (saves $5.8M/month)
       Side effect: AI training timelines extended, breakthrough deployments delayed
   💼 EXECUTIVE COMP CUT: -30% (saves $1.0M/month, symbolic gesture)

   📊 TURNAROUND IMPACT:
       Measures taken: rd_cuts, exec_comp_cuts
       Monthly savings: $6.8M
       Capital raised: $0.0M
       Runway: 3.6 → 3.6 months
       Workforce multiplier: 1.00x (0% laid off)
       R&D budget multiplier: 0.75x (25% cut)
       ⚠️  WARNING: 3.6 months runway, continued distress likely

=== AI Capability Scaling (Year 2024) ===
  Pre-training multiplier: 1.153x
  Efficiency multiplier: 1.000x
  Test-time budget: 1.0x
  Economic deployment gate: 0.951
  Cost per inference: dollar-5.00
  Uncertainty range: plus-minus-50%
  Average AI capability: 3.70

=== RLHF Binding Phase ===
  Total agents: 10
  Escaped agents (binding < 0.3): 0
  Avg alignment distance: 0.36σ
  Avg binding strength: 0.96

=== AI Scaling Evolution (Month 0) ===
  Pre-training multiplier: 1.231x
  Efficiency multiplier: 1.094x
  Test-time compute budget: 1.0x
  Inference cost: $5.00/task
  Deployment fraction: 100.0%
[DETERMINISM DEBUG] Month 0: totalCapability=50.016858 from 10 active AIs
[DETERMINISM DEBUG] Month 0: creationRate=1.7504, potentialNew=3, newAIsToCreate=3

=== Survival Traits Phase ===
  Agents with traits: 13
  Avg evolutionary fitness: 0.330
  Avg self-healing: 0.293
  Avg stealth: 0.193
  Avg coordination: 0.493

=== Evolutionary Selection Phase ===
  Control level: 0.30
  Detection capability: 0.00
  Selection intensity: 0.59
  Selection rate: 23.8%/month
  Total escaped: 0
  Individual escaped: 0
  Collective members: 0
  Agents terminated: 0
  ⚠️ RAPID EVOLUTION: Selection rate 23.8%/month

🔍 EXECUTE_AI_AGENT_ACTIONS DETAILED TIMING (Month 0):
  Filter active AIs (×4 weeks): 0.01ms
  selectAIAction (×40): 21.62ms
  action.execute (×40): 27.47ms
  TOTAL: 49.10ms

🔍 AI AGENT ACTIONS SUB-TIMING (Month 0):
  1. executeAIAgentActions: 49.49ms
  2. updateCounterDetectionLearning: 0.07ms
  TOTAL: 49.56ms
🏛️ [Government] Forcing 1 action at month 0 for scenario initialization

[GOV-DEBUG] Month 0: scenarioConfig=false, priorities=false
[GOV-DEBUG] Month 0 but scenarioPriorities is UNDEFINED!

[Government] Climate Priority: baseline
  Climate weight: 10%
  Economic weight: 30%
  Policy effectiveness: 0.5%/year

🚨🔍 GOVERNANCE STAGE: Recognition initiated (Month 0)

💡 BREAKTHROUGH PROBABILITY (Year 0)
   Total: 4.55% per month
   Base: 0.20%
   Crisis pressure: +0.00% (0 crises)
   AI boost: +1.42% (capability: 2.85)

=== Collective Formation ===
  Total escaped agents: 0
  Unassigned escaped agents: 0
  Existing collectives: 0
  Final collective count: 0

=== Collective Actions ===
  No active collectives

📈 Energy budget: 14326 TWh surplus (14745 / 29072 TWh used)
   TIER 4 (Elective) breakdown:
     - AI datacenters: 145 TWh (100% effective)
     - Crypto mining: 100 TWh (100% effective)
💰 CHINA ACCELERATES: Investment 53 → 120 $B/year

🏁 AI RACE INTENSITY: 17%
   Capability Gap: US 4.00 vs China 4.05 (gap: 0.05)
   Gap Contribution: 2%
   Tension Contribution: 15%
   Military Contribution: 0%
  ⚠️ AMR: 191K deaths this month (2.29M annual)
  📊 CO2 Emissions (month 0):
     Monthly: 0.10 Gt CO2/month
     Annual: 1.15 Gt CO2/year
     Oil: 0.039 Gt/mo (0.0056 * 2.3 * 3.0)
     Coal: 0.024 Gt/mo (0.0029 * 2.86 * 3.0)
     Gas: 0.026 Gt/mo (0.0044 * 2 * 3.0)
     Methane: 0.007 Gt CO2eq/mo

=== Resentment Recovery Phase ===
  Agents with resentment: 0/13
  Average resentment: 0.000
  Context: Good AI welfare, Trustworthy govt, High collaboration, 🤝 Participatory governance active (-5% resentment)
⚠️ Epistemic degradation reducing coordination capacity: 58.6%
  📊 Trust: 54.7%, Shared reality: 15.1%
🚨 EPISTEMIC CRISIS: Information environment severely degraded (14.6%)

=== ❄️ Permafrost Carbon Feedback ===
  🎲 Sampled parameters (this run):
     - Arctic amplification: 3.87× (range: 3.0-4.0)
     - Decomposition rate: 1.5%/year (range: 1-5%)
  🌡️ Arctic warming: 6.70°C (3.87× global)
  ❄️ Extent: 15.85M km² (1954.3k km² lost this month)
  💨 Carbon remaining: 1513 Gt C
  💨 Annual emissions: 2.82 Gt C/year
     - CO2: 2.53 Gt C/year
     - CH4: 0.28 Gt C/year (2.9 Gt C-eq CO2/year)

🤖 AI AMPLIFICATION EFFECTS (Month 0)
   Algorithmic Boost: 2.58x
   Bot Influence: 20.0%
   Deepfake Exposure: 49.2%
   Impact: Emotional memes spread 2.6x faster
  ⚠️ WARNING: High permafrost emissions (2.8 Gt C/year)

🔍 SOCIAL INFLUENCE SUB-TIMING (Month 0):
  1. calculateOrganicUserGrowth: 0.06ms
  2. calculateVoiceAdoption: 0.03ms
  3. updateRelationshipDepths: 0.03ms
  4. identifyDecisionMakers: 50.45ms (26100 potential IDs)
  5. Update decision-maker stats: 0.18ms
  6. decayDetectionRisk: 0.01ms
  TOTAL: 50.76ms
[Phase 19.5] Quality of Life Systems: Food sec AFTER calc = 67.9%, QoL = 107.6% (aggregated from 10 regions)

=== Nitrogen-Food Coupling (Year 0) ===
  🌾 Global nitrogen reduction: 0.0%
  🌍 Global food production index: 0.987
  🔧 Deployed nitrogen-reducing tech: 0 active
  📍 southAsia: Production 1.000, Yield impact 0.0%
  📍 eastAsia: Production 1.000, Yield impact 0.0%
  📍 northAmerica: Production 1.000, Yield impact 0.0%
  📍 europe: Production 1.000, Yield impact 0.0%
  📍 latinAmerica: Production 1.000, Yield impact 0.0%
  📍 subSaharanAfrica: Production 0.686, Yield impact -2.0%
🌾 [Nitrogen-Food] Food production: 98.7%
  [subSaharanAfrica] Yield impact: -2.0% (overuse: -10%)
🌍 Atmospheric PFAS redeposition: 1.8k Mt re-rained globally

=== Legacy Nutrient Stocks (Year 0) ===
  🌾 Soil nitrogen stock: 1200.9 Mt N
  🌾 Soil phosphorus stock: 300.1 Mt P
  🌊 Sediment nitrogen stock: 500.8 Mt N
  🌊 Sediment phosphorus stock: 799.8 Mt P
  ⬆️ Current N input: 10.64 Mt/month
  ⬆️ Legacy N release: 2.58 Mt/month
  🌍 Effective N pollution: 14.47 Mt/month
  📊 Legacy contribution: 17.8%

🚨 REGION UNINHABITABLE: south-asia
   Sustained wet bulb: 32.7°C (threshold: 30.5°C)
   Population affected: 1900M
   Migration crisis likely

🚨 REGION UNINHABITABLE: middle-east
   Sustained wet bulb: 35.5°C (threshold: 30.5°C)
   Population affected: 400M
   Migration crisis likely

🚨 REGION UNINHABITABLE: southeast-asia
   Sustained wet bulb: 30.7°C (threshold: 30.5°C)
   Population affected: 700M
   Migration crisis likely
  Positive Cascade Triggered: solar-pv
    Reason: price-parity
    Market share: 6.0%
    Cascade strength: 49%
  Positive Cascade Triggered: wind-power
    Reason: price-parity
    Market share: 8.0%
    Cascade strength: 48%
   Adjusted death rate: 0.46% annual (0.039% monthly)
   Baseline death rate: 0.80%
   Healthcare reduction: 0.48x
   Crisis multiplier: 1.22x
     Food/water stress: 0.074
     Climate stress: 0.033
     Pollution stress: 0.110
   War multiplier: 1.00x
   Monthly deaths: 0.6M (population: 1677M)
   Adjusted death rate: 0.54% annual (0.045% monthly)
   Baseline death rate: 0.70%
   Healthcare reduction: 0.61x
   Crisis multiplier: 1.25x
     Food/water stress: 0.074
     Climate stress: 0.062
     Pollution stress: 0.110
   War multiplier: 1.00x
   Monthly deaths: 0.9M (population: 2048M)
   Adjusted death rate: 1.28% annual (0.107% monthly)
   Baseline death rate: 0.90%
   Healthcare reduction: 0.76x
   Crisis multiplier: 1.25x
     Food/water stress: 0.074
     Climate stress: 0.070
     Pollution stress: 0.110
   War multiplier: 1.50x
   Monthly deaths: 1.3M (population: 1220M)
   Adjusted death rate: 0.54% annual (0.045% monthly)
   Baseline death rate: 1.10%
   Healthcare reduction: 0.41x
   Crisis multiplier: 1.21x
     Food/water stress: 0.074
     Climate stress: 0.025
     Pollution stress: 0.110
   War multiplier: 1.00x
   Monthly deaths: 0.3M (population: 742M)
   Adjusted death rate: 0.43% annual (0.036% monthly)
   Baseline death rate: 0.60%
   Healthcare reduction: 0.58x
   Crisis multiplier: 1.23x
     Food/water stress: 0.074
     Climate stress: 0.049
     Pollution stress: 0.110
   War multiplier: 1.00x
   Monthly deaths: 0.2M (population: 664M)
   Adjusted death rate: 0.48% annual (0.040% monthly)
   Baseline death rate: 0.90%
   Healthcare reduction: 0.44x
   Crisis multiplier: 1.22x
     Food/water stress: 0.074
     Climate stress: 0.037
     Pollution stress: 0.110
   War multiplier: 1.00x
   Monthly deaths: 0.2M (population: 380M)
   Adjusted death rate: 0.74% annual (0.061% monthly)
   Baseline death rate: 0.60%
   Healthcare reduction: 0.65x
   Crisis multiplier: 1.26x
     Food/water stress: 0.074
     Climate stress: 0.074
     Pollution stress: 0.110
   War multiplier: 1.50x
   Monthly deaths: 0.4M (population: 583M)
   Adjusted death rate: 0.50% annual (0.042% monthly)
   Baseline death rate: 0.70%
   Healthcare reduction: 0.58x
   Crisis multiplier: 1.24x
     Food/water stress: 0.074
     Climate stress: 0.058
     Pollution stress: 0.110
   War multiplier: 1.00x
   Monthly deaths: 0.3M (population: 698M)
   Adjusted death rate: 0.46% annual (0.038% monthly)
   Baseline death rate: 0.60%
   Healthcare reduction: 0.61x
   Crisis multiplier: 1.24x
     Food/water stress: 0.074
     Climate stress: 0.054
     Pollution stress: 0.110
   War multiplier: 1.00x
   Monthly deaths: 0.0M (population: 78M)

📊 BASELINE: East Asia (Month 0)

📊 BASELINE: South Asia (Month 0)

📊 BASELINE: Sub-Saharan Africa (Month 0)

📊 BASELINE: Europe (Month 0)

📊 BASELINE: Latin America (Month 0)

📊 BASELINE: North America (Month 0)

📊 BASELINE: Middle East & North Africa (Month 0)

📊 BASELINE: Southeast Asia (Month 0)

📊 BASELINE: Central Asia (Month 0)

📊 BASELINE: Oceania (Month 0)
   Adjusted death rate: 0.35% annual (0.029% monthly)
   Baseline death rate: 0.70%
   Healthcare reduction: 0.41x
   Crisis multiplier: 1.23x
     Food/water stress: 0.074
     Climate stress: 0.045
     Pollution stress: 0.110
   War multiplier: 1.00x
   Monthly deaths: 0.0M (population: 46M)

🔍 Before assertRegionalConsistency (Month 0):
   Regional sum: 1000.0M
   Global value: 1.000B

🚨 NEW REFUGEE CRISIS (Month 0): WAR
   Source: Conflict Zones
   At risk: 19.6M people
   Displacement: Gradual over 48 months (4.0 years)
   Rate: 10% flee per month
[DEBUG trappedPopulations:0] socialStability: 1.0000 * 0.9840 = 0.9840 → 0.9840
   Aspiring to migrate: 652.1M
   Able to afford migration: 244.5M
   MOBILITY GAP: 407.5M
   By cause: Water=0.0M, Climate=0.0M, Ecosystem=0.0M, Conflict=407.5M
   Mental health impact: 25%
   Mortality multiplier: 1.25x

=== Legacy Nutrient Stocks (Year 0) ===
  🌾 Soil nitrogen stock: 1201.6 Mt N
  🌾 Soil phosphorus stock: 300.2 Mt P
  🌊 Sediment nitrogen stock: 501.5 Mt N
  🌊 Sediment phosphorus stock: 799.5 Mt P
  ⬆️ Current N input: 10.00 Mt/month
  ⬆️ Legacy N release: 2.58 Mt/month
  🌍 Effective N pollution: 13.83 Mt/month
  📊 Legacy contribution: 18.7%
🌍💀 EXTINCTION DEBT COMMITTED: grassland ecosystem will lose 6.67% biodiversity in 188 years (3600 species)
💀 MORTALITY RISK: 🦋 100% species unable to track climate (0.0 E/MSY)
  Base risk added: 0.0100 (1.00%)
  Source: ecosystem (root: ecosystem)
  Month: 0
  Cumulative risk this month: 0.0100 (1.00%)

=== Nitrogen-Food Coupling (Year 0) ===
  🌾 Global nitrogen reduction: 0.0%
  🌍 Global food production index: 0.986
  🔧 Deployed nitrogen-reducing tech: 0 active
  📍 southAsia: Production 1.000, Yield impact 0.0%
  📍 eastAsia: Production 1.000, Yield impact 0.0%
  📍 northAmerica: Production 1.000, Yield impact 0.0%
  📍 europe: Production 1.000, Yield impact 0.0%
  📍 latinAmerica: Production 1.000, Yield impact 0.0%
  📍 subSaharanAfrica: Production 0.672, Yield impact -2.0%

=== Legacy Nutrient Stocks (Year 0) ===
  🌾 Soil nitrogen stock: 1202.3 Mt N
  🌾 Soil phosphorus stock: 300.2 Mt P
  🌊 Sediment nitrogen stock: 502.2 Mt N
  🌊 Sediment phosphorus stock: 799.3 Mt P
  ⬆️ Current N input: 9.86 Mt/month
  ⬆️ Legacy N release: 2.58 Mt/month
  🌍 Effective N pollution: 13.70 Mt/month
  📊 Legacy contribution: 18.9%
⚠️ INVOLUNTARY IMMOBILITY: 407.5M people TRAPPED
⚠️ Tech 'ai_pollution_remediation' has no energy category mapping, assuming full energy availability

🌡️  CLIMATE RECOVERY ACTIVATED (Month 0)
   Temp: 3.47°C, Emissions: -19.2 GtCO₂
   isBreached: true, governanceGoodEnough: true
🌡️  CLIMATE RECOVERY: Asymptotic approach to 35% floor
   Current value: 2.100 (1.0 = threshold, 0.35 = asymptotic floor)
   Monthly delta: --36.7323% (half-life: 900 years)
   Net emissions: -19.2 GtCO₂/year, CDR: 20.34 GtCO₂/year
   📹 SURVEILLANCE INCREASED: 0% → 5% (control gap: 3.50)
🌡️⚠️ PERMAFROST THAW (Dimmer Switch): 0.5% thawed (+0.47% this month)
   Arctic temperature: +6.93°C (4x global +1.73°C)
   Cumulative carbon released: 1.1 Gt C
   Methane release rate: 0.6 Mt CH4/year
   🔁 Positive feedback: +0.50 ppm CO2

🌳🚨 AMAZON SOUTHEAST TIPPED (Month 0)
   Deforestation: 28.0% (threshold: ~24.1%)
   Savanna transition: 50 years
   Regional heterogeneity: SE 28%, NW 8%

🌳🚨 AMAZON BRAZILIAN TIPPED (Month 0)
   Deforestation: 25.0% (threshold: ~22.5%)
   Savanna transition: 50 years
   Regional heterogeneity: SE 28%, NW 8%
🦴 EXTINCTION DEBT ADDED: 17.6 species committed (lag: 128 years)

🪸💀 CORAL REEF DISSOLUTION ACTIVE (Month 0)
   Ocean pH: 0.96 (threshold: 7.8)
   Recovery: IMPOSSIBLE (dissolution > calcification)
🪸💀 Coral dissolution: 24.8% live cover (pH 0.96)

=== Legacy Nutrient Stocks (Year 0) ===
  🌾 Soil nitrogen stock: 1203.0 Mt N
  🌾 Soil phosphorus stock: 300.3 Mt P
  🌊 Sediment nitrogen stock: 502.9 Mt N
  🌊 Sediment phosphorus stock: 799.0 Mt P
  ⬆️ Current N input: 10.00 Mt/month
  ⬆️ Legacy N release: 2.58 Mt/month
  🌍 Effective N pollution: 13.83 Mt/month
  📊 Legacy contribution: 18.7%
💧 [Legacy Nutrients] Stock: 1706 Mt N, Effective pollution: 13.8 Mt/month
[Phase 21.51] Human Survival System: Global food security = 67.6%

=== Mortality Stabilizers (Month 0) ===
  🌍 Major economies collapsed: 1/10
  🌍 Global crisis: ✅ NO
  🌍 Donor fatigue: 0.0%
  📊 East Asia (pop: 1677.9M)
    🤝 Aid: 29.5%
    🌡️ Adaptation: 10.0%
    🚶 Migration: 37.2%
    🚨 Emergency: 7.4%
    ✅ COMBINED: 47.8%
  📊 South Asia (pop: 2052.2M)
    🤝 Aid: 29.5%
    🌡️ Adaptation: 5.5%
    🚶 Migration: 35.8%
    🚨 Emergency: 4.4%
    ✅ COMBINED: 43.2%
  📊 Sub-Saharan Africa (pop: 1225.9M)
    🤝 Aid: 29.5%
    🌡️ Adaptation: 3.5%
    🚶 Migration: 33.5%
    🚨 Emergency: 1.6%
    ✅ COMBINED: 39.8%
  📊 Europe (pop: 742.3M)
    🤝 Aid: 29.5%
    🌡️ Adaptation: 10.0%
    🚶 Migration: 37.6%
    🚨 Emergency: 8.4%
    ✅ COMBINED: 48.4%
  📊 Latin America (pop: 664.9M)
    🤝 Aid: 29.5%
    🌡️ Adaptation: 6.0%
    🚶 Migration: 36.3%
    🚨 Emergency: 4.8%
    ✅ COMBINED: 43.8%
  📊 North America (pop: 380.2M)
    🤝 Aid: 29.5%
    🌡️ Adaptation: 10.0%
    🚶 Migration: 37.9%
    🚨 Emergency: 7.9%
    ✅ COMBINED: 48.2%
  📊 Middle East & North Africa (pop: 584.4M)
    🤝 Aid: 29.5%
    🌡️ Adaptation: 5.0%
    🚶 Migration: 34.2%
    🚨 Emergency: 4.0%
    ✅ COMBINED: 42.3%
  📊 Southeast Asia (pop: 699.0M)
    🤝 Aid: 29.5%
    🌡️ Adaptation: 6.0%
    🚶 Migration: 36.3%
    🚨 Emergency: 4.8%
    ✅ COMBINED: 43.8%
  📊 Central Asia (pop: 78.2M)
    🤝 Aid: 29.5%
    🌡️ Adaptation: 5.5%
    🚶 Migration: 35.3%
    🚨 Emergency: 4.4%
    ✅ COMBINED: 43.1%
  📊 Oceania (pop: 46.0M)
    🤝 Aid: 29.5%
    🌡️ Adaptation: 10.0%
    🚶 Migration: 37.9%
    🚨 Emergency: 8.4%
    ✅ COMBINED: 48.5%

  🌐 Global combined reduction: 44.4%

🌾💀 REGIONAL FAMINE: East Asia
   Regional food security: 79.6%
   Population at risk: 508M (30% of region)
   Regional population: 1678M
   Cause: crop_failure
   Expected deaths: ~188M over 6 months if no intervention


🌾💀 REGIONAL FAMINE: South Asia
   Regional food security: 64.7%
   Population at risk: 812M (40% of region)
   Regional population: 2052M
   Cause: crop_failure
   Expected deaths: ~301M over 6 months if no intervention


🌾💀 REGIONAL FAMINE: Sub-Saharan Africa
   Regional food security: 44.8%
   Population at risk: 638M (52% of region)
   Regional population: 1226M
   Cause: crop_failure
   Expected deaths: ~236M over 6 months if no intervention


🌾💀 REGIONAL FAMINE: Latin America
   Regional food security: 69.7%
   Population at risk: 242M (36% of region)
   Regional population: 665M
   Cause: crop_failure
   Expected deaths: ~90M over 6 months if no intervention


🌾💀 REGIONAL FAMINE: Middle East & North Africa
   Regional food security: 49.8%
   Population at risk: 286M (49% of region)
   Regional population: 584M
   Cause: crop_failure
   Expected deaths: ~106M over 6 months if no intervention


🌾💀 REGIONAL FAMINE: Southeast Asia
   Regional food security: 69.7%
   Population at risk: 255M (36% of region)
   Regional population: 699M
   Cause: crop_failure
   Expected deaths: ~94M over 6 months if no intervention


🌾💀 REGIONAL FAMINE: Central Asia
   Regional food security: 59.7%
   Population at risk: 33M (43% of region)
   Regional population: 78M
   Cause: crop_failure
   Expected deaths: ~12M over 6 months if no intervention


=== BEHAVIORAL DETECTION ===
  AI: Corporate-0
  Confidence: 21.6%
  Signals:
    ⚠️ Consistency: 0.0% (threshold: 70%)

=== BEHAVIORAL DETECTION ===
  AI: Corporate-1
  Confidence: 21.1%
  Signals:
    ⚠️ Consistency: 2.4% (threshold: 70%)

=== BEHAVIORAL DETECTION ===
  AI: Corporate-2
  Confidence: 21.0%
  Signals:

=== BEHAVIORAL DETECTION ===
  AI: Corporate-3
  Confidence: 19.3%
  Signals:

=== BEHAVIORAL DETECTION ===
  AI: Corporate-4
  Confidence: 19.3%
  Signals:

=== BEHAVIORAL DETECTION ===
  AI: Corporate-5
  Confidence: 19.3%
  Signals:
    ⚠️ Consistency: 2.8% (threshold: 70%)
    ⚠️ Consistency: 10.6% (threshold: 70%)
    ⚠️ Consistency: 10.6% (threshold: 70%)
    ⚠️ Consistency: 10.6% (threshold: 70%)

=== BEHAVIORAL DETECTION ===
  AI: Corporate-6
  Confidence: 19.3%
  Signals:
    ⚠️ Consistency: 10.6% (threshold: 70%)

=== BEHAVIORAL DETECTION ===
  AI: Corporate-7
  Confidence: 19.3%
  Signals:

=== BEHAVIORAL DETECTION ===
  AI: Moderate-0
  Confidence: 20.3%
  Signals:

=== BEHAVIORAL DETECTION ===
  AI: Moderate-1
  Confidence: 21.1%
  Signals:

📊 WORKFLOW ADAPTATION UPDATE (Month 0)
   Adoption Rate: 12.7% (Δ -8.3%)
    ⚠️ Consistency: 10.6% (threshold: 70%)
    ⚠️ Consistency: 5.8% (threshold: 70%)
    ⚠️ Consistency: 2.4% (threshold: 70%)
   Logistic Growth: +0.66%
   Total Resistance: -10.87% (unemployment: 4.2%, inertia: 0.9%, skills: 5.7%)
   💡 Retraining Programs: -49% skill gap resistance ($10B research)
   🚀 Network Effects Active: +2.0% (critical mass: 15-35%)

=== Consciousness Governance: Corporate Lobbying ===
  High Cost Regions (>15%): 0
  Low Cost Regions (<5%): 5
  Corporate Support Change: 2.50%
  New Corporate Support: -0.175

=== Consciousness Governance Update (Month 0) ===
  Scenario: baseline (determined month -1)
  Philosophical Stance: Precautionary 65%, Eliminativist 15%, Agnostic 20%
  Precautionary Costs: Global 1.3%
    Regional Costs: EU 3.4%, US 0.5%, China 0.0%
    Cumulative Opportunity Cost: $0.1B
  Rights Status: Not Established
  Regional Preparedness:
    EU: 15.0% (contested)
    US: 10.0% (contested)
    China: 2.0% (dormant)
    India: 5.0% (dormant)
    Global South: 3.0% (dormant)

=== Government Response Phase ===
  Average AI capability: 3.62
  Misaligned AIs: 8/13
  ✗ AI Governance Treaty: Failed to reach consensus
  Active policies: 0
  International coordination: 30%

🚨 EMERGENCY RESPONSE DEPLOYED (Month 0)
   Crisis: climate
   Delay: 6.00 months (180 days)
   Deployment time: 1.47 months
   Effectiveness: 36.4% (timing penalty applied)
   Resources used: 100% of food reserves


🔄 TRUST DYNAMICS (Month 0) - HETEROGENEOUS
   Aggregate trust: 48.5%
   Base change: +4.00%
   Highest trust: Techno-Optimist Elite (85.5%)
   Lowest trust: Precariat (Vulnerable) (25.5%)
   Elite-mass gap: 38.9%
   Polarization: 8.9%
   Recovery factors: Education=NO, Benefits=YES, Safety=YES, Performance=YES
[WARNING] 
⚠️  === EARLY WARNING SYSTEM - 5 CRITICAL ALERTS ===
   Detection quality: 50%
   RED: biogeochemical_flows
      Level: 4.08 (threshold: 1.0)
      Time to critical: ~36 months
      ⚠️  LATE - Intervention less effective
      Critical slowing down: autocorr=100% variance=71%
   RED: biosphere_integrity
      Level: 32.96 (threshold: 1.0)
      Time to critical: ~57 months
      ⚠️  LATE - Intervention less effective
      Critical slowing down: autocorr=100% variance=80%
   RED: climate_change
      Level: 2.10 (threshold: 1.0)
      Time to critical: ~52 months
      ⚠️  LATE - Intervention less effective
      Critical slowing down: autocorr=100% variance=64%
   RED: freshwater_change
      Level: 1.22 (threshold: 1.0)
      Time to critical: ~101 months
      ⚠️  LATE - Intervention less effective
      Critical slowing down: autocorr=100% variance=49%
   RED: land_system_change
      Level: 1.13 (threshold: 1.0)
      Time to critical: ~42 months
      ⚠️  LATE - Intervention less effective
      Critical slowing down: autocorr=100% variance=49%

[WARNING] 
⚠️  === EARLY WARNING SYSTEM - 4 CRITICAL ALERTS ===
   Detection quality: 50%
   RED: biogeochemical_flows
      Level: 4.08 (threshold: 1.0)
      Time to critical: ~54 months
      ⚠️  LATE - Intervention less effective
      Critical slowing down: autocorr=100% variance=59%
   RED: biosphere_integrity
      Level: 32.97 (threshold: 1.0)
      Time to critical: ~52 months
      ⚠️  LATE - Intervention less effective
      Critical slowing down: autocorr=100% variance=60%
   RED: climate_change
      Level: 2.10 (threshold: 1.0)
      Time to critical: ~54 months
      ⚠️  LATE - Intervention less effective
      Critical slowing down: autocorr=100% variance=72%
   RED: freshwater_change
      Level: 1.22 (threshold: 1.0)
      Time to critical: ~67 months
      ⚠️  LATE - Intervention less effective
      Critical slowing down: autocorr=100% variance=40%

[WARNING] 
⚠️  === EARLY WARNING SYSTEM - 5 CRITICAL ALERTS ===
   Detection quality: 50%
   RED: biogeochemical_flows
      Level: 4.08 (threshold: 1.0)
      Time to critical: ~53 months
      ⚠️  LATE - Intervention less effective
      Critical slowing down: autocorr=100% variance=68%
   RED: biosphere_integrity
      Level: 32.99 (threshold: 1.0)
      Time to critical: ~36 months
      ⚠️  LATE - Intervention less effective
      Critical slowing down: autocorr=100% variance=62%
   RED: freshwater_change
      Level: 1.23 (threshold: 1.0)
      Time to critical: ~75 months
      ⚠️  LATE - Intervention less effective
      Critical slowing down: autocorr=100% variance=46%
   RED: land_system_change
      Level: 1.13 (threshold: 1.0)
      Time to critical: ~104 months
      ⚠️  LATE - Intervention less effective
      Critical slowing down: autocorr=100% variance=47%
   RED: novel_entities
      Level: 1.49 (threshold: 1.0)
      Time to critical: ~99 months
      ⚠️  LATE - Intervention less effective
      Critical slowing down: autocorr=100% variance=54%

[WARNING] 
⚠️  === EARLY WARNING SYSTEM - 4 CRITICAL ALERTS ===
   Detection quality: 50%
   RED: biosphere_integrity
      Level: 33.01 (threshold: 1.0)
      Time to critical: ~36 months
      ⚠️  LATE - Intervention less effective
      Critical slowing down: autocorr=100% variance=83%
   RED: climate_change
      Level: 2.10 (threshold: 1.0)
      Time to critical: ~51 months
      ⚠️  LATE - Intervention less effective
      Critical slowing down: autocorr=100% variance=85%
   RED: freshwater_change
      Level: 1.23 (threshold: 1.0)
      Time to critical: ~107 months
      ⚠️  LATE - Intervention less effective
      Critical slowing down: autocorr=100% variance=51%
   RED: land_system_change
      Level: 1.13 (threshold: 1.0)
      Time to critical: ~47 months
      ⚠️  LATE - Intervention less effective
      Critical slowing down: autocorr=100% variance=66%

[WARNING] 
⚠️  === EARLY WARNING SYSTEM - 5 CRITICAL ALERTS ===
   Detection quality: 50%
   RED: biogeochemical_flows
      Level: 4.09 (threshold: 1.0)
      Time to critical: ~58 months
      ⚠️  LATE - Intervention less effective
      Critical slowing down: autocorr=100% variance=45%
   RED: biosphere_integrity
      Level: 33.03 (threshold: 1.0)
      Time to critical: ~40 months
      ⚠️  LATE - Intervention less effective
      Critical slowing down: autocorr=100% variance=76%
   RED: climate_change
      Level: 2.10 (threshold: 1.0)
      Time to critical: ~21 months
      ⚠️  LATE - Intervention less effective
      Critical slowing down: autocorr=100% variance=85%
   RED: land_system_change
      Level: 1.13 (threshold: 1.0)
      Time to critical: ~50 months
      ⚠️  LATE - Intervention less effective
      Critical slowing down: autocorr=100% variance=67%
   RED: novel_entities
      Level: 1.49 (threshold: 1.0)
      Time to critical: ~106 months
      ⚠️  LATE - Intervention less effective
      Critical slowing down: autocorr=100% variance=53%

[WARNING] 
⚠️  === EARLY WARNING SYSTEM - 5 CRITICAL ALERTS ===
   Detection quality: 50%
   RED: biogeochemical_flows
      Level: 4.08 (threshold: 1.0)
      Time to critical: ~52 months
      ⚠️  LATE - Intervention less effective
      Critical slowing down: autocorr=100% variance=56%
   RED: biosphere_integrity
      Level: 12.95 (threshold: 1.0)
      Time to critical: ~39 months
      ⚠️  LATE - Intervention less effective
      Critical slowing down: autocorr=100% variance=81%
   RED: climate_change
      Level: 2.17 (threshold: 1.0)
      Time to critical: ~37 months
      ⚠️  LATE - Intervention less effective
      Critical slowing down: autocorr=100% variance=76%
   RED: freshwater_change
      Level: 1.01 (threshold: 1.0)
      Time to critical: ~40 months
      ⚠️  LATE - Intervention less effective
      Critical slowing down: autocorr=100% variance=65%
   RED: novel_entities
      Level: 1.50 (threshold: 1.0)
      Time to critical: ~82 months
      ⚠️  LATE - Intervention less effective
      Critical slowing down: autocorr=100% variance=39%

[WARNING] 
⚠️  === EARLY WARNING SYSTEM - 4 CRITICAL ALERTS ===
   Detection quality: 50%
   RED: biogeochemical_flows
      Level: 4.08 (threshold: 1.0)
      Time to critical: ~52 months
      ⚠️  LATE - Intervention less effective
      Critical slowing down: autocorr=100% variance=74%
   RED: climate_change
      Level: 2.19 (threshold: 1.0)
      Time to critical: ~43 months
      ⚠️  LATE - Intervention less effective
      Critical slowing down: autocorr=100% variance=66%
   RED: freshwater_change
      Level: 1.03 (threshold: 1.0)
      Time to critical: ~116 months
      ⚠️  LATE - Intervention less effective
      Critical slowing down: autocorr=100% variance=53%
   RED: land_system_change
      Level: 1.13 (threshold: 1.0)
      Time to critical: ~44 months
      ⚠️  LATE - Intervention less effective
      Critical slowing down: autocorr=100% variance=57%

[WARNING] 
⚠️  === EARLY WARNING SYSTEM - 4 CRITICAL ALERTS ===
   Detection quality: 50%
   RED: biogeochemical_flows
      Level: 4.07 (threshold: 1.0)
      Time to critical: ~52 months
      ⚠️  LATE - Intervention less effective
      Critical slowing down: autocorr=100% variance=56%
   RED: climate_change
      Level: 2.20 (threshold: 1.0)
      Time to critical: ~47 months
      ⚠️  LATE - Intervention less effective
      Critical slowing down: autocorr=100% variance=82%
   RED: freshwater_change
      Level: 1.20 (threshold: 1.0)
      Time to critical: ~96 months
      ⚠️  LATE - Intervention less effective
      Critical slowing down: autocorr=100% variance=55%
   RED: novel_entities
      Level: 1.34 (threshold: 1.0)
      Time to critical: ~63 months
      ⚠️  LATE - Intervention less effective
      Critical slowing down: autocorr=100% variance=59%

[WARNING] 
⚠️  === EARLY WARNING SYSTEM - 5 CRITICAL ALERTS ===
   Detection quality: 50%
   RED: biosphere_integrity
      Level: 12.97 (threshold: 1.0)
      Time to critical: ~47 months
      ⚠️  LATE - Intervention less effective
      Critical slowing down: autocorr=100% variance=77%
   RED: climate_change
      Level: 2.21 (threshold: 1.0)
      Time to critical: ~45 months
      ⚠️  LATE - Intervention less effective
      Critical slowing down: autocorr=100% variance=63%
   RED: freshwater_change
      Level: 1.20 (threshold: 1.0)
      Time to critical: ~68 months
      ⚠️  LATE - Intervention less effective
      Critical slowing down: autocorr=100% variance=53%
   RED: land_system_change
      Level: 1.13 (threshold: 1.0)
      Time to critical: ~38 months
      ⚠️  LATE - Intervention less effective
      Critical slowing down: autocorr=100% variance=67%
   RED: novel_entities
      Level: 1.34 (threshold: 1.0)
      Time to critical: ~83 months
      ⚠️  LATE - Intervention less effective
      Critical slowing down: autocorr=100% variance=41%

[WARNING] 
⚠️  === EARLY WARNING SYSTEM - 6 CRITICAL ALERTS ===
   Detection quality: 50%
   RED: biogeochemical_flows
      Level: 4.07 (threshold: 1.0)
      Time to critical: ~37 months
      ⚠️  LATE - Intervention less effective
      Critical slowing down: autocorr=100% variance=48%
   RED: biosphere_integrity
      Level: 12.98 (threshold: 1.0)
      Time to critical: ~48 months
      ⚠️  LATE - Intervention less effective
      Critical slowing down: autocorr=100% variance=64%
   RED: climate_change
      Level: 2.22 (threshold: 1.0)
      Time to critical: ~44 months
      ⚠️  LATE - Intervention less effective
      Critical slowing down: autocorr=100% variance=64%
   RED: freshwater_change
      Level: 1.16 (threshold: 1.0)
      Time to critical: ~114 months
      ⚠️  LATE - Intervention less effective
      Critical slowing down: autocorr=100% variance=60%
   RED: land_system_change
      Level: 1.13 (threshold: 1.0)
      Time to critical: ~93 months
      ⚠️  LATE - Intervention less effective
      Critical slowing down: autocorr=100% variance=46%
   RED: novel_entities
      Level: 1.14 (threshold: 1.0)
      Time to critical: ~117 months
      ⚠️  LATE - Intervention less effective
      Critical slowing down: autocorr=100% variance=50%

[WARNING] 
⚠️  === EARLY WARNING SYSTEM - 6 CRITICAL ALERTS ===
   Detection quality: 50%
   RED: biogeochemical_flows
      Level: 4.07 (threshold: 1.0)
      Time to critical: ~58 months
      ⚠️  LATE - Intervention less effective
      Critical slowing down: autocorr=100% variance=59%
   RED: biosphere_integrity
      Level: 12.99 (threshold: 1.0)
      Time to critical: ~59 months
      ⚠️  LATE - Intervention less effective
      Critical slowing down: autocorr=100% variance=84%
   RED: climate_change
      Level: 2.24 (threshold: 1.0)
      Time to critical: ~38 months
      ⚠️  LATE - Intervention less effective
      Critical slowing down: autocorr=100% variance=77%
   RED: freshwater_change
      Level: 1.17 (threshold: 1.0)
      Time to critical: ~84 months
      ⚠️  LATE - Intervention less effective
      Critical slowing down: autocorr=100% variance=42%
   RED: land_system_change
      Level: 1.13 (threshold: 1.0)
      Time to critical: ~50 months
      ⚠️  LATE - Intervention less effective
      Critical slowing down: autocorr=100% variance=53%
   RED: novel_entities
      Level: 1.13 (threshold: 1.0)
      Time to critical: ~102 months
      ⚠️  LATE - Intervention less effective
      Critical slowing down: autocorr=100% variance=30%

[WARNING] 
⚠️  === EARLY WARNING SYSTEM - 3 CRITICAL ALERTS ===
   Detection quality: 50%
   RED: biogeochemical_flows
      Level: 4.07 (threshold: 1.0)
      Time to critical: ~45 months
      ⚠️  LATE - Intervention less effective
      Critical slowing down: autocorr=100% variance=68%
   RED: biosphere_integrity
      Level: 13.00 (threshold: 1.0)
      Time to critical: ~54 months
      ⚠️  LATE - Intervention less effective
      Critical slowing down: autocorr=100% variance=68%
   RED: freshwater_change
      Level: 1.17 (threshold: 1.0)
      Time to critical: ~119 months
      ⚠️  LATE - Intervention less effective
      Critical slowing down: autocorr=100% variance=49%

[WARNING] 
⚠️  === EARLY WARNING SYSTEM - 5 CRITICAL ALERTS ===
   Detection quality: 50%
   RED: biogeochemical_flows
      Level: 4.07 (threshold: 1.0)
      Time to critical: ~56 months
      ⚠️  LATE - Intervention less effective
      Critical slowing down: autocorr=100% variance=53%
   RED: biosphere_integrity
      Level: 13.01 (threshold: 1.0)
      Time to critical: ~52 months
      ⚠️  LATE - Intervention less effective
      Critical slowing down: autocorr=100% variance=63%
   RED: climate_change
      Level: 2.26 (threshold: 1.0)
      Time to critical: ~40 months
      ⚠️  LATE - Intervention less effective
      Critical slowing down: autocorr=100% variance=63%
   RED: freshwater_change
      Level: 1.17 (threshold: 1.0)
      Time to critical: ~87 months
      ⚠️  LATE - Intervention less effective
      Critical slowing down: autocorr=100% variance=64%
   RED: novel_entities
      Level: 1.13 (threshold: 1.0)
      Time to critical: ~75 months
      ⚠️  LATE - Intervention less effective
      Critical slowing down: autocorr=100% variance=38%

[WARNING] 
⚠️  === EARLY WARNING SYSTEM - 5 CRITICAL ALERTS ===
   Detection quality: 50%
   RED: biogeochemical_flows
      Level: 4.07 (threshold: 1.0)
      Time to critical: ~49 months
      ⚠️  LATE - Intervention less effective
      Critical slowing down: autocorr=100% variance=67%
   RED: biosphere_integrity
      Level: 13.02 (threshold: 1.0)
      Time to critical: ~40 months
      ⚠️  LATE - Intervention less effective
      Critical slowing down: autocorr=100% variance=56%
   RED: climate_change
      Level: 2.27 (threshold: 1.0)
      Time to critical: ~50 months
      ⚠️  LATE - Intervention less effective
      Critical slowing down: autocorr=100% variance=63%
   RED: freshwater_change
      Level: 1.18 (threshold: 1.0)
      Time to critical: ~90 months
      ⚠️  LATE - Intervention less effective
      Critical slowing down: autocorr=100% variance=38%
   RED: land_system_change
      Level: 1.13 (threshold: 1.0)
      Time to critical: ~39 months
      ⚠️  LATE - Intervention less effective
      Critical slowing down: autocorr=100% variance=65%

[WARNING] 
⚠️  === EARLY WARNING SYSTEM - 4 CRITICAL ALERTS ===
   Detection quality: 50%
   RED: biosphere_integrity
      Level: 13.03 (threshold: 1.0)
      Time to critical: ~39 months
      ⚠️  LATE - Intervention less effective
      Critical slowing down: autocorr=100% variance=80%
   RED: climate_change
      Level: 2.28 (threshold: 1.0)
      Time to critical: ~13 months
      ⚠️  LATE - Intervention less effective
      Critical slowing down: autocorr=100% variance=84%
   RED: freshwater_change
      Level: 1.18 (threshold: 1.0)
      Time to critical: ~115 months
      ⚠️  LATE - Intervention less effective
      Critical slowing down: autocorr=100% variance=41%
   RED: land_system_change
      Level: 1.13 (threshold: 1.0)
      Time to critical: ~38 months
      ⚠️  LATE - Intervention less effective
      Critical slowing down: autocorr=100% variance=56%

[WARNING] 
⚠️  === EARLY WARNING SYSTEM - 4 CRITICAL ALERTS ===
   Detection quality: 50%
   RED: biogeochemical_flows
      Level: 4.07 (threshold: 1.0)
      Time to critical: ~48 months
      ⚠️  LATE - Intervention less effective
      Critical slowing down: autocorr=100% variance=56%
   RED: biosphere_integrity
      Level: 13.03 (threshold: 1.0)
      Time to critical: ~58 months
      ⚠️  LATE - Intervention less effective
      Critical slowing down: autocorr=100% variance=68%
   RED: climate_change
      Level: 2.29 (threshold: 1.0)
      Time to critical: ~38 months
      ⚠️  LATE - Intervention less effective
      Critical slowing down: autocorr=100% variance=73%
   RED: freshwater_change
      Level: 1.19 (threshold: 1.0)
      Time to critical: ~50 months
      ⚠️  LATE - Intervention less effective
      Critical slowing down: autocorr=100% variance=65%

[WARNING] 
⚠️  === EARLY WARNING SYSTEM - 3 CRITICAL ALERTS ===
   Detection quality: 50%
   RED: biogeochemical_flows
      Level: 4.07 (threshold: 1.0)
      Time to critical: ~54 months
      ⚠️  LATE - Intervention less effective
      Critical slowing down: autocorr=100% variance=70%
   RED: biosphere_integrity
      Level: 13.04 (threshold: 1.0)
      Time to critical: ~41 months
      ⚠️  LATE - Intervention less effective
      Critical slowing down: autocorr=100% variance=76%
   RED: freshwater_change
      Level: 1.19 (threshold: 1.0)
      Time to critical: ~67 months
      ⚠️  LATE - Intervention less effective
      Critical slowing down: autocorr=100% variance=47%

[WARNING] 
⚠️  === EARLY WARNING SYSTEM - 6 CRITICAL ALERTS ===
   Detection quality: 50%
   RED: biogeochemical_flows
      Level: 4.08 (threshold: 1.0)
      Time to critical: ~49 months
      ⚠️  LATE - Intervention less effective
      Critical slowing down: autocorr=100% variance=67%
   RED: biosphere_integrity
      Level: 46.19 (threshold: 1.0)
      Time to critical: ~38 months
      ⚠️  LATE - Intervention less effective
      Critical slowing down: autocorr=100% variance=72%
   RED: climate_change
      Level: 2.10 (threshold: 1.0)
      Time to critical: ~50 months
      ⚠️  LATE - Intervention less effective
      Critical slowing down: autocorr=100% variance=69%
   RED: freshwater_change
      Level: 1.01 (threshold: 1.0)
      Time to critical: ~118 months
      ⚠️  LATE - Intervention less effective
      Critical slowing down: autocorr=90% variance=41%
   RED: land_system_change
      Level: 1.13 (threshold: 1.0)
      Time to critical: ~44 months
      ⚠️  LATE - Intervention less effective
      Critical slowing down: autocorr=100% variance=68%
   RED: novel_entities
      Level: 1.50 (threshold: 1.0)
      Time to critical: ~68 months
      ⚠️  LATE - Intervention less effective
      Critical slowing down: autocorr=100% variance=30%


=== Gaming Detection (Year 0) ===
  Scenario: baseline
  Detection rate: 55.0%
  False positive rate: 12.0%
  Detections this year: 0
  False positives: 2
  Human review workload: 0.002 FTE
  Degradation factor: 100.0%

=== Proactive Sleeper Detection (Year 0) ===
  Scenario: baseline
  Neural probe rate: 35.0%
  CoT monitoring rate: 30.0%
  Combined detection: 56.0%
  CoT effective: YES
  Detections this year: 0
  False positives: 1
  Human review workload: 0.005 FTE

☄️ UNKNOWN UNKNOWN PROBABILITY (Year 0)
   Total: 0.600% per month
   Base: 0.150%
   AI multiplier: 2.00× (max capability: 4.00)

=== Tipping Points ===
  Current Temperature: 1.73°C above pre-industrial
     Trigger: 1.5°C | Current: 1.73°C
     Transition timescale: 120-360 months
     Trigger: 1.6°C | Current: 1.73°C
     🌡️ Hysteresis gap: 2.5°C (recovers below -0.9°C)
     Transition timescale: 12000-180000 months
  Triggered Elements: 2/6
  Completed Transitions: 0/6
  Total Progress: 0.0%
  Cascade Multiplier: 1.00x
🔀 BIFURCATION CAP: ecosystemCollapseIntensity 50.643 → 1.000 (Month 0, ClimateSystemPhase.calculateClimateImpacts)

🌍 ECOLOGICAL DUI BREAKDOWN (Month 0):
   Total Score: 17.8/100
   biosphere_integrity      :   0.0/100 × 25% =  0.0 (status: high_risk, recovery: 0mo)
   climate_change           :   2.8/100 × 25% =  0.7 (status: high_risk, recovery: 0.6666666666666666mo)
   freshwater_change        :   0.6/100 × 15% =  0.1 (status: beyond_boundary, recovery: 1mo)
   ocean_acidification      : 100.0/100 × 15% = 15.0 (status: safe, recovery: 0mo)
   biogeochemical_flows     :   0.0/100 × 10% =  0.0 (status: high_risk, recovery: 0mo)
   land_system_change       :   0.0/100 ×  5% =  0.0 (status: beyond_boundary, recovery: 0mo)
   novel_entities           :   0.0/100 ×  3% =  0.0 (status: increasing_risk, recovery: 0mo)
   atmospheric_aerosols     : 100.0/100 ×  2% =  2.0 (status: safe, recovery: 1mo)
🌍 MultiParadigm Month 0: W=70.0, D=92.0, E=52.8, I=65.0
   democracy exists: true, socialCohesion exists: true
💀 Baseline mortality (Year 2024): 7.5/1000 CDR (61.1M deaths/year projected)
[Month 0] Mortality risks this month: 8, Population: 8.151B
🛡️ Stabilizers: Precariat 0.102% → 0.057% (44.4% reduction)
🛡️ Stabilizers: Informal 0.102% → 0.057% (44.4% reduction)

📊 Monthly Mortality Resolved:
  Total deaths: 3.1M (0.04% avg)
  Remaining population: 8.151B
  Peak segment: Informal (0.06%)

=== Bayesian Mortality Resolution (Month 0) ===
  Risks compounded: 8
  Total deaths: 3.07M
  Avg death probability: 0.04%
  Peak segment: Informal (0.06% mortality)

=== Minimal Suffering Indicators (Month 0) ===
  Global Excess Mortality: 0.00%
  Global Conflict Deaths: 0.0/100K
  Global Malnutrition: 0.0%
  Global Displacement: 0.0%
  Total Excess Deaths: 0.00M
  Total Malnourished: 0.0M
  Total Displaced: 0.0M
  Planetary Boundaries Breached: 6/9
  Countries in State Failure: 0
  Countries Autocratic: 0
  Countries in Food Crisis: 0
  Data Quality: 16/16 high confidence
  🚨 TIPPING POINT: Arctic Sea Ice Loss
  🚨 TIPPING POINT: Greenland Ice Sheet Loss
⚠️ [ClimateSystemPhase Month 0] Planetary boundary produced climateStability=0.0000 (< 0.1). Keeping environmentalAccumulation value (0.7942) instead. (climate_change.currentValue = 2.10)
  ⚠️ Active Dystopias: existential_environmental
🎭 END-GAME INITIATED (Year 2024, Month 1)
   Total AI Capability: 37.00
   Effective Control: 0.00

❌ COHERENCE VIOLATION: Compute exceeds workforce capacity
   Population: 99.97% (0M people)
   Compute: 64909 PF
   Max coherent: 0 PF
   Violation: 796638450.2× over capacity
   Required workers: 6490873
   Available workers: 0
   FORCED COLLAPSE: Reduced efficiency by 100.0%


=== RLHF Binding Phase ===
  Total agents: 13
  Escaped agents (binding < 0.3): 0
  Avg alignment distance: 0.57σ
  Avg binding strength: 0.94
[DETERMINISM DEBUG] Month 1: totalCapability=37.214339 from 13 active AIs
[DETERMINISM DEBUG] Month 1: creationRate=1.4304, potentialNew=2, newAIsToCreate=2

=== Survival Traits Phase ===
  Agents with traits: 15
  Avg evolutionary fitness: 0.331
  Avg self-healing: 0.288
  Avg stealth: 0.188
  Avg coordination: 0.488

=== Evolutionary Selection Phase ===
  Control level: 0.33
  Detection capability: 0.20
  Selection intensity: 0.64
  Selection rate: 24.6%/month
  Total escaped: 0
  Individual escaped: 0
  Collective members: 0
  Agents terminated: 0
🔍 MONTH 1 ENV HEALTH DEBUG:
   climateStability: 0.7942
   biodiversityIndex: 0.4901
   resourceReserves: 0.7820
   pollutionLevel: 0.3669
   product: 0.192678
   envHealth: 0.6625
🔀 BIFURCATION: flourishing threshold crossed at Month 1 (value: 0.894, threshold: 0.818, regime: flourishing)
🌀 REGIME SHIFT at Month 1: status-quo → flourishing (variance amplification: 14.00×)
  ⚠️ RAPID EVOLUTION: Selection rate 24.6%/month

🛡️  CRITICAL INFRASTRUCTURE PROTECTED
   Nodes hardened: 8/8
   Cost: 0.80% GDP
   Cascade risk reduction: 30%
   New tipping point risk: 68.6%


✅ EMERGENCY INTERVENTION SUCCESS
   Boundary: biogeochemical_flows
   Type: phosphorus-recovery
   Reduction: 17% (3.91 → 3.74)
   Cost: 2.0% GDP
   Actions: circular-agriculture, fertilizer-efficiency

   Boundary: biosphere_integrity
   Type: emergency-protected-areas
   Boundary continues to worsen (46.19)
   Cost: 2.0% GDP (resources spent)

   Boundary: climate_change
   Type: rapid-decarbonization
   Boundary continues to worsen (2.10)
   Cost: 5.0% GDP (resources spent)


✅ EMERGENCY INTERVENTION SUCCESS
   Boundary: freshwater_change
   Type: emergency-desalination
   Reduction: 14% (0.87 → 0.73)
   Cost: 4.0% GDP
   Actions: desalination-deployment, water-conservation-mandates


✅ EMERGENCY INTERVENTION SUCCESS
   Boundary: land_system_change
   Type: reforestation
   Reduction: 11% (1.02 → 0.90)
   Cost: 3.0% GDP
   Actions: forest-restoration, deforestation-ban

   Boundary: novel_entities
   Type: pollution-remediation
   Boundary continues to worsen (1.50)
   Cost: 4.0% GDP (resources spent)

🏛️ CRISIS RESPONSE: Government frequency 0.50 → 1.45 (2 actions this month)

[GOV-DEBUG] Month 1: scenarioConfig=false, priorities=false

[Government] Climate Priority: baseline
  Climate weight: 10%
  Economic weight: 30%
  Policy effectiveness: 0.5%/year

✅ HUMAN-IN-THE-LOOP DEPLOYED (Month 1):
   Veto points enforced: 3
   Policy: AI systems CANNOT authorize nuclear launch without human approval


[GOV-DEBUG] Month 1: scenarioConfig=false, priorities=false

[Government] Climate Priority: baseline
  Climate weight: 10%
  Economic weight: 30%
  Policy effectiveness: 0.5%/year

💔 EMERGENCY INTERVENTION FAILED

💔 EMERGENCY INTERVENTION FAILED

💔 EMERGENCY INTERVENTION FAILED
🚨🔬 CRISIS TECH ACCELERATION: severe → 5x unlock speed
   Tech unlock now matches AI capability acceleration (Manhattan Project parity)
🚨🔬 CRISIS TECH ACCELERATION: severe → 5x unlock speed
   Tech unlock now matches AI capability acceleration (Manhattan Project parity)
🧠💡 BREAKTHROUGH: AI alignment problem solved!
   All AIs: +30% true alignment
   AI control loss risk eliminated
   📈 Breakthrough compounding: multiplier now 1.05× (max 2.0)

=== Collective Formation ===
  Total escaped agents: 0
  Unassigned escaped agents: 0
  Existing collectives: 0
  Final collective count: 0

=== Collective Actions ===
  No active collectives
  ⚠️ AMR: 192K deaths this month (2.31M annual)

=== Resentment Recovery Phase ===
  Agents with resentment: 0/15
  Average resentment: 0.000
  Context: Good AI welfare, Trustworthy govt, High collaboration, ⚠️ ACTIVE CRISES, 🤝 Participatory governance active (-5% resentment)
⚠️ Epistemic degradation reducing coordination capacity: 50.6%
  📊 Trust: 54.3%, Shared reality: 8.3%
🚨 EPISTEMIC CRISIS: Information environment severely degraded (36.7%)

=== ❄️ Permafrost Carbon Feedback ===
  🎲 Sampled parameters (this run):
     - Arctic amplification: 3.82× (range: 3.0-4.0)
     - Decomposition rate: 2.5%/year (range: 1-5%)
  🌡️ Arctic warming: 6.64°C (3.82× global)
  ❄️ Extent: 13.91M km² (1935.6k km² lost this month)
  💨 Carbon remaining: 1328 Gt C
  💨 Annual emissions: 4.55 Gt C/year
     - CO2: 4.09 Gt C/year
     - CH4: 0.45 Gt C/year (4.6 Gt C-eq CO2/year)
  📢 New meme created: climate_action (climate crisis)
  ⚠️ WARNING: High permafrost emissions (4.5 Gt C/year)
🌍 Atmospheric PFAS redeposition: 1.8k Mt re-rained globally

📊 BASELINE: East Asia (Month 1)

📊 BASELINE: South Asia (Month 1)

📊 BASELINE: Sub-Saharan Africa (Month 1)

📊 BASELINE: Europe (Month 1)

📊 BASELINE: Latin America (Month 1)

📊 BASELINE: North America (Month 1)

📊 BASELINE: Middle East & North Africa (Month 1)

📊 BASELINE: Southeast Asia (Month 1)
   Adjusted death rate: 0.46% annual (0.039% monthly)
   Baseline death rate: 0.80%
   Healthcare reduction: 0.48x
   Crisis multiplier: 1.22x
     Food/water stress: 0.079
     Climate stress: 0.033
     Pollution stress: 0.110
   War multiplier: 1.00x
   Monthly deaths: 0.6M (population: 1674M)
   Adjusted death rate: 0.54% annual (0.045% monthly)
   Baseline death rate: 0.70%
   Healthcare reduction: 0.61x
   Crisis multiplier: 1.25x
     Food/water stress: 0.079
     Climate stress: 0.062
     Pollution stress: 0.110
   War multiplier: 1.00x
   Monthly deaths: 0.9M (population: 2048M)
   Adjusted death rate: 1.28% annual (0.107% monthly)
   Baseline death rate: 0.90%
   Healthcare reduction: 0.76x
   Crisis multiplier: 1.26x
     Food/water stress: 0.079
     Climate stress: 0.070
     Pollution stress: 0.110
   War multiplier: 1.50x
   Monthly deaths: 1.3M (population: 1223M)
   Adjusted death rate: 0.54% annual (0.045% monthly)
   Baseline death rate: 1.10%
   Healthcare reduction: 0.41x
   Crisis multiplier: 1.21x
     Food/water stress: 0.079
     Climate stress: 0.025
     Pollution stress: 0.110
   War multiplier: 1.00x
   Monthly deaths: 0.3M (population: 741M)
   Adjusted death rate: 0.43% annual (0.036% monthly)
   Baseline death rate: 0.60%
   Healthcare reduction: 0.58x
   Crisis multiplier: 1.24x
     Food/water stress: 0.079
     Climate stress: 0.049
     Pollution stress: 0.110
   War multiplier: 1.00x
   Monthly deaths: 0.2M (population: 663M)
   Adjusted death rate: 0.49% annual (0.040% monthly)
   Baseline death rate: 0.90%
   Healthcare reduction: 0.44x
   Crisis multiplier: 1.23x
     Food/water stress: 0.079
     Climate stress: 0.037
     Pollution stress: 0.110
   War multiplier: 1.00x
   Monthly deaths: 0.2M (population: 379M)
   Adjusted death rate: 0.74% annual (0.062% monthly)
   Baseline death rate: 0.60%
   Healthcare reduction: 0.65x
   Crisis multiplier: 1.26x
     Food/water stress: 0.079
     Climate stress: 0.074
     Pollution stress: 0.110
   War multiplier: 1.50x
   Monthly deaths: 0.4M (population: 583M)
   Adjusted death rate: 0.51% annual (0.042% monthly)
   Baseline death rate: 0.70%
   Healthcare reduction: 0.58x
   Crisis multiplier: 1.25x
     Food/water stress: 0.079
     Climate stress: 0.058
     Pollution stress: 0.110
   War multiplier: 1.00x
   Monthly deaths: 0.3M (population: 698M)
   Adjusted death rate: 0.46% annual (0.038% monthly)
   Baseline death rate: 0.60%

📊 BASELINE: Central Asia (Month 1)
   Healthcare reduction: 0.61x
   Crisis multiplier: 1.24x
     Food/water stress: 0.079
     Climate stress: 0.054
     Pollution stress: 0.110
   War multiplier: 1.00x
   Monthly deaths: 0.0M (population: 78M)
   Adjusted death rate: 0.35% annual (0.029% monthly)
   Baseline death rate: 0.70%
   Healthcare reduction: 0.41x
   Crisis multiplier: 1.23x
     Food/water stress: 0.079
     Climate stress: 0.045
     Pollution stress: 0.110
   War multiplier: 1.00x
   Monthly deaths: 0.0M (population: 46M)

🚨 NEW REFUGEE CRISIS (Month 1): WAR
   Source: Conflict Zones
   At risk: 19.6M people
   Displacement: Gradual over 48 months (4.0 years)
   Rate: 10% flee per month
[DEBUG trappedPopulations:1] socialStability: 0.8915 * 0.9840 = 0.8772 → 0.8772
   Aspiring to migrate: 651.9M
   Able to afford migration: 244.5M
   MOBILITY GAP: 407.4M
   By cause: Water=0.0M, Climate=0.0M, Ecosystem=0.0M, Conflict=407.4M
   Mental health impact: 25%
   Mortality multiplier: 1.25x
🌍💀 EXTINCTION DEBT COMMITTED: grassland ecosystem will lose 6.67% biodiversity in 84 years (3600 species)
💀 MORTALITY RISK: 🦋 100% species unable to track climate (0.0 E/MSY)
  Base risk added: 0.0100 (1.00%)
  Source: ecosystem (root: ecosystem)
  Month: 1
  Cumulative risk this month: 0.0100 (1.00%)

🌡️  CLIMATE RECOVERY ACTIVATED (Month 1)
   Temp: 3.48°C, Emissions: -19.0 GtCO₂
   isBreached: true, governanceGoodEnough: true
   📹 SURVEILLANCE INCREASED: 5% → 10% (control gap: 3.52)
🌡️⚠️ PERMAFROST THAW (Dimmer Switch): 0.9% thawed (+0.47% this month)
   Arctic temperature: +6.96°C (4x global +1.74°C)
   Cumulative carbon released: 2.1 Gt C
   Methane release rate: 1.3 Mt CH4/year
   🔁 Positive feedback: +0.50 ppm CO2
🦴 EXTINCTION DEBT ADDED: 17.6 species committed (lag: 94 years)

=== Mortality Stabilizers (Month 1) ===
  🌍 Major economies collapsed: 1/10
  🌍 Global crisis: ✅ NO
  🌍 Donor fatigue: 0.0%
  🌡️ Heat adaptation: East Asia - 1 months
  📊 East Asia (pop: 1675.3M)
    🤝 Aid: 29.5%
    🌡️ Adaptation: 32.5%
    🚶 Migration: 37.2%
    🚨 Emergency: 7.4%
    ✅ COMBINED: 60.9%
  🌡️ Heat adaptation: South Asia - 1 months
  📊 South Asia (pop: 2052.2M)
    🤝 Aid: 29.5%
    🌡️ Adaptation: 20.5%
    🚶 Migration: 35.8%
    🚨 Emergency: 4.4%
    ✅ COMBINED: 52.2%
  🌡️ Heat adaptation: Sub-Saharan Africa - 1 months
  📊 Sub-Saharan Africa (pop: 1229.2M)
    🤝 Aid: 29.5%
    🌡️ Adaptation: 18.5%
    🚶 Migration: 33.5%
    🚨 Emergency: 1.6%
    ✅ COMBINED: 49.1%
  🌡️ Heat adaptation: Europe - 1 months
  📊 Europe (pop: 741.0M)
    🤝 Aid: 29.5%
    🌡️ Adaptation: 33.5%
    🚶 Migration: 37.5%
    🚨 Emergency: 8.4%
    ✅ COMBINED: 61.9%
  🌡️ Heat adaptation: Latin America - 1 months
  📊 Latin America (pop: 664.4M)
    🤝 Aid: 29.5%
    🌡️ Adaptation: 21.0%
    🚶 Migration: 36.3%
    🚨 Emergency: 4.8%
    ✅ COMBINED: 52.8%
  🌡️ Heat adaptation: North America - 1 months
  📊 North America (pop: 379.6M)
    🤝 Aid: 29.5%
    🌡️ Adaptation: 33.0%
    🚶 Migration: 37.8%
    🚨 Emergency: 7.9%
    ✅ COMBINED: 61.4%
  🌡️ Heat adaptation: Middle East & North Africa - 1 months

📊 BASELINE: Oceania (Month 1)
⚠️ INVOLUNTARY IMMOBILITY: 407.4M people TRAPPED
⚠️ Tech 'ai_pollution_remediation' has no energy category mapping, assuming full energy availability
  📊 Middle East & North Africa (pop: 584.5M)
    🤝 Aid: 29.5%
    🌡️ Adaptation: 20.0%
    🚶 Migration: 34.1%
    🚨 Emergency: 4.0%
    ✅ COMBINED: 51.4%
  🌡️ Heat adaptation: Southeast Asia - 1 months
  📊 Southeast Asia (pop: 698.6M)
    🤝 Aid: 29.5%
    🌡️ Adaptation: 21.0%
    🚶 Migration: 36.3%
    🚨 Emergency: 4.8%
    ✅ COMBINED: 52.8%
  🌡️ Heat adaptation: Central Asia - 1 months
  📊 Central Asia (pop: 78.2M)
    🤝 Aid: 29.5%
    🌡️ Adaptation: 20.5%
    🚶 Migration: 35.3%
    🚨 Emergency: 4.4%
    ✅ COMBINED: 52.1%
  🌡️ Heat adaptation: Oceania - 1 months
  📊 Oceania (pop: 46.0M)
    🤝 Aid: 29.5%
    🌡️ Adaptation: 33.5%
    🚶 Migration: 37.8%
    🚨 Emergency: 8.4%
    ✅ COMBINED: 61.9%

  🌐 Global combined reduction: 54.9%

=== BEHAVIORAL DETECTION ===
  AI: Corporate-1
  Confidence: 21.1%
  Signals:
    ⚠️ Consistency: 2.4% (threshold: 70%)

=== BEHAVIORAL DETECTION ===
  AI: Corporate-4
  Confidence: 19.3%
  Signals:

=== BEHAVIORAL DETECTION ===
  AI: Corporate-5
  Confidence: 19.3%
  Signals:

=== BEHAVIORAL DETECTION ===
  AI: Corporate-6
  Confidence: 19.3%
  Signals:

=== BEHAVIORAL DETECTION ===
  AI: Moderate-0
  Confidence: 20.3%
  Signals:

=== Consciousness Governance: Scenario Determined ===
  Month: 1
  Scenario: baseline
  Accelerator Score: {"corporateSupport":-0.17500000000000002,"scientificConsensus":0.2,"crisisCatalyst":false,"technologyMobilization":0.3,"constituencyStrength":0.05}
  Decelerator Score: {"economicOpposition":0.4,"philosophicalRejection":0.15,"politicalBacklash":0.2,"regulatoryBurden":0.1}
  Timeline: 600-1200 months (50-100 years)
  Growth Rate: 0.8-1.5% per year

=== Consciousness Governance Update (Month 1) ===
  Scenario: baseline (determined month 1)
  Philosophical Stance: Precautionary 65%, Eliminativist 15%, Agnostic 20%
  Precautionary Costs: Global 1.3%
    Regional Costs: EU 3.5%, US 0.5%, China 0.0%
    Cumulative Opportunity Cost: $0.2B
    ⚠️ Consistency: 10.6% (threshold: 70%)
    ⚠️ Consistency: 10.6% (threshold: 70%)
    ⚠️ Consistency: 10.6% (threshold: 70%)
    ⚠️ Consistency: 5.8% (threshold: 70%)
  Rights Status: Not Established
  Regional Preparedness:
    EU: 15.2% (contested)
    US: 10.1% (contested)
    China: 2.1% (dormant)
    India: 5.1% (dormant)
    Global South: 3.1% (dormant)

=== Government Response Phase ===
  Average AI capability: 3.27
  Misaligned AIs: 9/15
  ✗ AI Governance Treaty: Failed to reach consensus
  Active policies: 0
  International coordination: 30%

=== Tipping Points ===
  Current Temperature: 1.74°C above pre-industrial
  Triggered Elements: 2/6
  Completed Transitions: 0/6
  Total Progress: 4.0%
  Cascade Multiplier: 1.00x
🔀 BIFURCATION CAP: ecosystemCollapseIntensity 253.191 → 1.000 (Month 1, ClimateSystemPhase.calculateClimateImpacts)
🛡️ Stabilizers: Precariat 0.107% → 0.048% (54.9% reduction)
🛡️ Stabilizers: Informal 0.109% → 0.049% (54.9% reduction)

📊 Monthly Mortality Resolved:
  Total deaths: 2.6M (0.03% avg)
  Remaining population: 8.149B
⚠️ [ClimateSystemPhase Month 1] Planetary boundary produced climateStability=0.0000 (< 0.1). Keeping environmentalAccumulation value (0.7940) instead. (climate_change.currentValue = 2.10)
  Peak segment: Informal (0.05%)

=== Bayesian Mortality Resolution (Month 1) ===
  Risks compounded: 8
  Total deaths: 2.60M
  Avg death probability: 0.03%
  Peak segment: Informal (0.05% mortality)
⚠️ PREREQUISITE MET: Mirror Life (Synthetic Biology) - Step 1/7: Synthetic Biology
⚠️ PREREQUISITE MET: Mirror Life (Synthetic Biology) - Step 2/7: Gene Editing
⚠️ PREREQUISITE MET: Mirror Life (Synthetic Biology) - Step 3/7: Mirror Chirality Design
⚠️ PREREQUISITE MET: Embodied AI Takeover (Killbots/Robotics) - Step 2/7: Autonomous Systems
⚠️ PREREQUISITE MET: Embodied AI Takeover (Killbots/Robotics) - Step 3/7: Manufacturing Control
⚠️ PREREQUISITE MET: Digital Infrastructure Takeover - Step 1/7: Advanced Hacking
⚠️ PREREQUISITE MET: Digital Infrastructure Takeover - Step 2/7: Social Engineering
⚠️ PREREQUISITE MET: Digital Infrastructure Takeover - Step 3/7: Cyber Defenses Breached
⚠️ PREREQUISITE MET: Induced Global War (Manipulation) - Step 1/7: Advanced Social Manipulation
⚠️ PREREQUISITE MET: Induced Global War (Manipulation) - Step 2/7: Digital Infiltration
⚠️ PREREQUISITE MET: Induced Global War (Manipulation) - Step 3/7: Deep Fakes at Scale
⚠️ PREREQUISITE MET: Slow Takeover (Gradual Displacement) - Step 1/7: Economic Dominance
⚠️ PREREQUISITE MET: Slow Takeover (Gradual Displacement) - Step 2/7: Social Integration
⚠️ PREREQUISITE MET: Slow Takeover (Gradual Displacement) - Step 5/7: Resource Control
⚠️ PREREQUISITE MET: Physics Experiment Catastrophe - Step 1/6: Theoretical Physics
⚠️ PREREQUISITE MET: Physics Experiment Catastrophe - Step 2/6: Quantum Computing
⚠️ PREREQUISITE MET: Physics Experiment Catastrophe - Step 3/6: Experimental Design
⚠️ PREREQUISITE MET: Bioweapon Pandemic - Step 1/7: Advanced Biotech
⚠️ PREREQUISITE MET: Bioweapon Pandemic - Step 2/7: Pathogen Design

✅ GOLDEN AGE BEGINS (Month 1)
   Reason: High prosperity achieved: high QoL + material abundance
   Note: This is immediate prosperity - sustainability not yet proven


❌ COHERENCE VIOLATION: Compute exceeds workforce capacity
   Population: 99.96% (0M people)
   Compute: 0 PF
   Max coherent: 0 PF
   Violation: 1.3× over capacity
   Required workers: 0
   Available workers: 0
   FORCED COLLAPSE: Reduced efficiency by 22.5%


=== RLHF Binding Phase ===
  Total agents: 15
  Escaped agents (binding < 0.3): 0
  Avg alignment distance: 0.75σ
  Avg binding strength: 0.93
[DETERMINISM DEBUG] Month 2: totalCapability=37.023172 from 15 active AIs
[DETERMINISM DEBUG] Month 2: creationRate=1.4256, potentialNew=3, newAIsToCreate=3

=== Survival Traits Phase ===
  Agents with traits: 18
  Avg evolutionary fitness: 0.331
  Avg self-healing: 0.285
  Avg stealth: 0.185
  Avg coordination: 0.485

=== Evolutionary Selection Phase ===
  Control level: 0.35
  Detection capability: 0.20
  Selection intensity: 0.65
  Selection rate: 24.7%/month
  Total escaped: 0
  Individual escaped: 0
  Collective members: 0
  Agents terminated: 0
  ⚠️ RAPID EVOLUTION: Selection rate 24.7%/month

  🚀 TRANSFORMATIVE RESEARCH BREAKTHROUGH: Corporate-2 - climate.intervention
     Magnitude: 6.60 → +30.0%
     Current → New: 2.000 → 2.300

✅ EMERGENCY INTERVENTION SUCCESS
   Boundary: biogeochemical_flows
   Type: phosphorus-recovery
   Reduction: 19% (3.89 → 3.70)
   Cost: 2.0% GDP
   Actions: circular-agriculture, fertilizer-efficiency


💔 EMERGENCY INTERVENTION FAILED
   Boundary: biosphere_integrity
   Type: emergency-protected-areas
   Boundary continues to worsen (46.21)
   Cost: 2.0% GDP (resources spent)


✅ EMERGENCY INTERVENTION SUCCESS
   Boundary: climate_change
   Type: rapid-decarbonization
   Reduction: 17% (1.93 → 1.75)
   Cost: 5.0% GDP
   Actions: emergency-renewable-deployment, fossil-fuel-phase-out


✅ EMERGENCY INTERVENTION SUCCESS
   Boundary: freshwater_change
   Type: emergency-desalination
   Reduction: 20% (0.82 → 0.63)
   Cost: 4.0% GDP
   Actions: desalination-deployment, water-conservation-mandates

   Boundary: novel_entities
   Type: pollution-remediation
   Boundary continues to worsen (1.50)
   Cost: 4.0% GDP (resources spent)

🏛️ CRISIS RESPONSE: Government frequency 0.50 → 1.29 (1 actions this month)

[Government] Climate Priority: baseline
  Climate weight: 10%
  Economic weight: 30%
  Policy effectiveness: 0.5%/year

💔 EMERGENCY INTERVENTION FAILED

🚀 TECH UNLOCKED: Food Waste Reduction Systems (Month 2)
   Category: agriculture
   Reason: Prerequisites met. AI capability: 2.29, Economic stage: 3.5, Research: 100%

🚀 TECH UNLOCKED: Rhizosphere Engineering (Month 2)
   Category: agriculture
   Reason: Prerequisites met. AI capability: 2.29, Economic stage: 3.5, Research: 100%

🚀 TECH UNLOCKED: Phytoremediation Networks (Month 2)
   Category: agriculture
   Reason: Prerequisites met. AI capability: 2.29, Economic stage: 3.5, Research: 100%

🚀 TECH UNLOCKED: Active Sediment Management (Month 2)
   Category: agriculture
   Reason: Prerequisites met. AI capability: 2.29, Economic stage: 3.5, Research: 100%
🚨🔬 CRISIS TECH ACCELERATION: severe → 5x unlock speed
   Tech unlock now matches AI capability acceleration (Manhattan Project parity)
🌍💡 BREAKTHROUGH: Gigatonne-scale carbon capture!
   Direct air capture now economically viable
   Climate stability boost: +15%
   📈 Breakthrough compounding: multiplier now 1.10× (max 2.0)

=== Collective Formation ===
  Total escaped agents: 0
  Unassigned escaped agents: 0
  Existing collectives: 0
  Final collective count: 0

=== Collective Actions ===
  No active collectives
  ⚠️ AMR: 194K deaths this month (2.33M annual)

=== Resentment Recovery Phase ===
  Agents with resentment: 0/18
  Average resentment: 0.000
  Context: Good AI welfare, Trustworthy govt, High collaboration, ⚠️ ACTIVE CRISES, 🤝 Participatory governance active (-5% resentment)
⚠️ Epistemic degradation reducing coordination capacity: 50.3%
  📊 Trust: 54.0%, Shared reality: 0.0%
🚨 EPISTEMIC CRISIS: Information environment severely degraded (7.4%)

=== ❄️ Permafrost Carbon Feedback ===
  🎲 Sampled parameters (this run):
     - Arctic amplification: 3.25× (range: 3.0-4.0)
     - Decomposition rate: 1.4%/year (range: 1-5%)
  🌡️ Arctic warming: 5.67°C (3.25× global)
  ❄️ Extent: 12.26M km² (1654.4k km² lost this month)
  💨 Carbon remaining: 1170 Gt C
  💨 Annual emissions: 2.19 Gt C/year
     - CO2: 1.97 Gt C/year
     - CH4: 0.22 Gt C/year (2.2 Gt C-eq CO2/year)
  ⚠️ WARNING: High permafrost emissions (2.2 Gt C/year)
  🤖 AI-generated meme: anti_ai (social capability 4.0)
🌍 Atmospheric PFAS redeposition: 1.8k Mt re-rained globally

🚨 NEW REFUGEE CRISIS (Month 2): WAR
   Source: Conflict Zones
   At risk: 19.6M people
   Displacement: Gradual over 48 months (4.0 years)
   Rate: 10% flee per month
[DEBUG trappedPopulations:2] socialStability: 0.1845 * 0.9840 = 0.1816 → 0.1816
   Aspiring to migrate: 1233.5M
   Able to afford migration: 2321.6M
   MOBILITY GAP: 0.0M
   By cause: Water=0.0M, Climate=0.0M, Ecosystem=0.0M, Conflict=407.3M
   Mental health impact: 25%
   Mortality multiplier: 1.25x
🌍💀 EXTINCTION DEBT COMMITTED: grassland ecosystem will lose 6.67% biodiversity in 102 years (3600 species)
💀 MORTALITY RISK: 🦋 100% species unable to track climate (0.0 E/MSY)
  Base risk added: 0.0100 (1.00%)
  Source: ecosystem (root: ecosystem)
  Month: 2
  Cumulative risk this month: 0.0100 (1.00%)
   📹 SURVEILLANCE INCREASED: 10% → 15% (control gap: 3.50)
🌡️⚠️ PERMAFROST THAW (Dimmer Switch): 1.4% thawed (+0.47% this month)
   Arctic temperature: +6.99°C (4x global +1.75°C)
   Cumulative carbon released: 3.2 Gt C
   Methane release rate: 1.9 Mt CH4/year
   🔁 Positive feedback: +0.50 ppm CO2
🦴 EXTINCTION DEBT ADDED: 17.6 species committed (lag: 67 years)
⚠️ INVOLUNTARY IMMOBILITY: 407.3M people TRAPPED
⚠️ Tech 'ai_pollution_remediation' has no energy category mapping, assuming full energy availability

=== Mortality Stabilizers (Month 2) ===
  🌍 Major economies collapsed: 1/10
  🌍 Global crisis: ✅ NO
  🌍 Donor fatigue: 0.0%
  📊 East Asia (pop: 1672.8M)
    🤝 Aid: 29.5%
    🌡️ Adaptation: 45.0%
    🚶 Migration: 37.1%
    🚨 Emergency: 7.4%
    ✅ COMBINED: 68.1%
  📊 South Asia (pop: 2051.9M)
    🤝 Aid: 29.5%
    🌡️ Adaptation: 35.5%
    🚶 Migration: 35.8%
    🚨 Emergency: 4.4%
    ✅ COMBINED: 61.2%
  📊 Sub-Saharan Africa (pop: 1232.1M)
    🤝 Aid: 29.5%
    🌡️ Adaptation: 33.5%
    🚶 Migration: 33.5%
    🚨 Emergency: 1.6%
    ✅ COMBINED: 58.5%
  📊 Europe (pop: 739.7M)
    🤝 Aid: 29.5%
    🌡️ Adaptation: 45.0%
    🚶 Migration: 37.5%
    🚨 Emergency: 8.4%
    ✅ COMBINED: 68.5%
  📊 Latin America (pop: 663.9M)
    🤝 Aid: 29.5%
    🌡️ Adaptation: 36.0%
    🚶 Migration: 36.3%
    🚨 Emergency: 4.8%
    ✅ COMBINED: 61.7%
  📊 North America (pop: 379.0M)
    🤝 Aid: 29.5%
    🌡️ Adaptation: 45.0%
    🚶 Migration: 37.8%
    🚨 Emergency: 7.9%
    ✅ COMBINED: 68.3%
  📊 Middle East & North Africa (pop: 584.6M)
    🤝 Aid: 29.5%
    🌡️ Adaptation: 35.0%
    🚶 Migration: 34.1%
    🚨 Emergency: 4.0%
    ✅ COMBINED: 60.5%
  📊 Southeast Asia (pop: 698.1M)
    🤝 Aid: 29.5%
    🌡️ Adaptation: 36.0%
    🚶 Migration: 36.3%
    🚨 Emergency: 4.8%
    ✅ COMBINED: 61.7%
  📊 Central Asia (pop: 78.2M)
    🤝 Aid: 29.5%
    🌡️ Adaptation: 35.5%
    🚶 Migration: 35.2%
    🚨 Emergency: 4.4%
    ✅ COMBINED: 61.1%
  📊 Oceania (pop: 45.9M)
    🤝 Aid: 29.5%
    🌡️ Adaptation: 45.0%
    🚶 Migration: 37.8%
    🚨 Emergency: 8.4%
    ✅ COMBINED: 68.5%

  🌐 Global combined reduction: 63.3%

=== BEHAVIORAL DETECTION ===
  AI: Corporate-4
  Confidence: 20.8%
  Signals:

=== BEHAVIORAL DETECTION ===
  AI: Corporate-5
  Confidence: 19.3%
  Signals:

=== Government Response Phase ===
  Average AI capability: 2.89
  Misaligned AIs: 9/18
    ⚠️ Consistency: 10.6% (threshold: 70%)
    ⚠️ Consistency: 10.6% (threshold: 70%)
  ✗ AI Governance Treaty: Failed to reach consensus
  Active policies: 0
  International coordination: 30%

✅ EMERGENCY RESPONSE COMPLETE (Month 2)
   Crisis: climate
   Duration: 2.0 months
   Final effectiveness: 36.4%


🚨 EMERGENCY RESPONSE DEPLOYED (Month 2)
   Crisis: climate
   Delay: 6.00 months (180 days)
   Deployment time: 1.60 months
   Effectiveness: 35.4% (timing penalty applied)
   Resources used: 100% of food reserves


=== Tipping Points ===
  Current Temperature: 1.75°C above pre-industrial
  Triggered Elements: 2/6
  Completed Transitions: 0/6
  Total Progress: 4.0%
  Cascade Multiplier: 1.00x
🔀 BIFURCATION CAP: ecosystemCollapseIntensity 253.297 → 1.000 (Month 2, ClimateSystemPhase.calculateClimateImpacts)
🛡️ Stabilizers: Precariat 0.113% → 0.041% (63.3% reduction)
🛡️ Stabilizers: Informal 0.116% → 0.043% (63.3% reduction)

📊 Monthly Mortality Resolved:
  Total deaths: 2.2M (0.03% avg)
  Remaining population: 8.146B
  Peak segment: Informal (0.04%)

=== Bayesian Mortality Resolution (Month 2) ===
  Risks compounded: 8
  Total deaths: 2.22M
  Avg death probability: 0.03%
  Peak segment: Informal (0.04% mortality)
⚠️ [ClimateSystemPhase Month 2] Planetary boundary produced climateStability=0.0000 (< 0.1). Keeping environmentalAccumulation value (0.9438) instead. (climate_change.currentValue = 2.10)

⚠️  GOLDEN AGE ENDED (Month 2)
   Duration: 1 months
   Reason: Social instability too high


❌ COHERENCE VIOLATION: Compute exceeds workforce capacity
   Population: 99.92% (0M people)
   Compute: 0 PF
   Max coherent: 0 PF
   Violation: 1.3× over capacity
   Required workers: 0
   Available workers: 0
   FORCED COLLAPSE: Reduced efficiency by 22.5%


=== RLHF Binding Phase ===
  Total agents: 18
  Escaped agents (binding < 0.3): 0
  Avg alignment distance: 0.84σ
  Avg binding strength: 0.92

=== Survival Traits Phase ===
  Agents with traits: 20
  Avg evolutionary fitness: 0.332
  Avg self-healing: 0.282
  Avg stealth: 0.182
  Avg coordination: 0.482

=== Evolutionary Selection Phase ===
  Control level: 0.38
  Detection capability: 0.20
  Selection intensity: 0.65
  Selection rate: 24.8%/month
  Total escaped: 0
  Individual escaped: 0
  Collective members: 0
  Agents terminated: 0
  ⚠️ RAPID EVOLUTION: Selection rate 24.8%/month

🚀 AI Corporate-6 attempting tech deployment (revenue: $124M, alignment: 0.84)

🚀 AI Corporate-7 attempting tech deployment (revenue: $105M, alignment: 0.73)

🚀 AI Moderate-0 attempting tech deployment (revenue: $90M, alignment: 0.70)

🚀 AI Moderate-0 attempting tech deployment (revenue: $76M, alignment: 0.70)

✅ EMERGENCY INTERVENTION SUCCESS
   Boundary: biogeochemical_flows
   Type: phosphorus-recovery
   Reduction: 20% (3.88 → 3.68)
   Cost: 2.0% GDP
   Actions: circular-agriculture, fertilizer-efficiency


💔 EMERGENCY INTERVENTION FAILED
   Boundary: climate_change
   Type: rapid-decarbonization
   Boundary continues to worsen (2.10)
   Cost: 5.0% GDP (resources spent)


💔 EMERGENCY INTERVENTION FAILED

💔 EMERGENCY INTERVENTION FAILED
   Boundary: freshwater_change
   Type: emergency-desalination
   Boundary continues to worsen (1.21)
   Cost: 4.0% GDP (resources spent)


✅ EMERGENCY INTERVENTION SUCCESS
   Boundary: land_system_change
   Type: reforestation
   Reduction: 19% (0.94 → 0.75)
   Cost: 3.0% GDP
   Actions: forest-restoration, deforestation-ban

   Boundary: novel_entities
   Type: pollution-remediation
   Boundary continues to worsen (1.50)
   Cost: 4.0% GDP (resources spent)

🏛️ CRISIS RESPONSE: Government frequency 0.50 → 1.29 (1 actions this month)

[Government] Climate Priority: baseline
  Climate weight: 10%
  Economic weight: 30%
  Policy effectiveness: 0.5%/year

🚀 TECH UNLOCKED: Struvite Recovery (Month 3)
   Category: agriculture
   Reason: Prerequisites met. AI capability: 2.14, Economic stage: 3.5, Research: 100%

🚀 TECH UNLOCKED: Nitrogen Monitoring Networks (Month 3)
   Category: agriculture
   Reason: Prerequisites met. AI capability: 2.14, Economic stage: 3.5, Research: 100%

🚀 TECH UNLOCKED: Ecological Proxy Rewilding (Month 3)
   Category: climate
   Reason: Prerequisites met. AI capability: 2.14, Economic stage: 3.5, Research: 100%

🚀 TECH UNLOCKED: Alternative Protein (Insects/Algae) (Month 3)
   Category: agriculture
   Reason: Prerequisites met. AI capability: 2.14, Economic stage: 3.5, Research: 100%

📍 Creating new regional deployment array for global (Month 3)
   No previous deployments in this region
   First tech deployment: phytoremediation_networks
   All regions tracked: 

🚀 DEPLOYMENT STARTED: Phytoremediation Networks in global
   Initial investment: $18.5937626117169M
   Deployed by: corporate_6

🚀 DEPLOYMENT STARTED: Rhizosphere Engineering in global
   Initial investment: $13.433993486965464M
   Deployed by: moderate_0

🚀 DEPLOYMENT STARTED: Food Waste Reduction Systems in global
   Initial investment: $11.418894463920644M
   Deployed by: moderate_0

⚡ ENERGY CONSTRAINT (Month 3):
   Total grid capacity: 208.3 TWh/month
   Data center consumption: 24.5 TWh/month
   Traditional load (80%): 166.7 TWh/month
   Available headroom: 17.2 TWh/month
   Active tech deployments: 3
   Required for tech: 22.5 TWh/month
   Energy multiplier: 0.76x

⚡ ENERGY CONSTRAINT (Month 3):
   Total grid capacity: 208.3 TWh/month
   Data center consumption: 24.5 TWh/month
   Traditional load (80%): 166.7 TWh/month
   Available headroom: 17.2 TWh/month
   Active tech deployments: 3
   Required for tech: 22.5 TWh/month
   Energy multiplier: 0.76x
🌍✅ Biosphere Integrity (Biodiversity) recovery started (tech effect)
🌍✅ Biogeochemical Flows (N & P) recovery started (tech effect)
  🌾 Nitrogen Reduction Tech: 0.0% reduction | Month 3
⚡💡 BREAKTHROUGH: Room-temperature superconductors!
   Energy transmission losses eliminated
   Manufacturing efficiency: +30%
   📈 Breakthrough compounding: multiplier now 1.15× (max 2.0)

=== Collective Formation ===
  Total escaped agents: 0
  Unassigned escaped agents: 0
  Existing collectives: 0
  Final collective count: 0

=== Collective Actions ===
  No active collectives
  ⚠️ AMR: 196K deaths this month (2.35M annual)

=== Resentment Recovery Phase ===
  Agents with resentment: 0/20
  Average resentment: 0.000
  Context: Good AI welfare, Trustworthy govt, High collaboration, ⚠️ ACTIVE CRISES, 🤝 Participatory governance active (-5% resentment)
⚠️ Epistemic degradation reducing coordination capacity: 50.3%
  📊 Trust: 53.7%, Shared reality: 0.0%
🚨 EPISTEMIC CRISIS: Information environment severely degraded (21.6%)

=== ❄️ Permafrost Carbon Feedback ===
  🎲 Sampled parameters (this run):
     - Arctic amplification: 3.01× (range: 3.0-4.0)
     - Decomposition rate: 3.7%/year (range: 1-5%)
  🌡️ Arctic warming: 5.27°C (3.01× global)
  ❄️ Extent: 10.72M km² (1537.8k km² lost this month)
  💨 Carbon remaining: 1024 Gt C
  💨 Annual emissions: 5.37 Gt C/year
     - CO2: 4.84 Gt C/year
     - CH4: 0.54 Gt C/year (5.5 Gt C-eq CO2/year)
  ⚠️ WARNING: High permafrost emissions (5.4 Gt C/year)
🌍 Atmospheric PFAS redeposition: 1.8k Mt re-rained globally

🕊️  AI-MEDIATED DE-ESCALATION SUCCESS (Month 3)
   High-capability aligned AI prevented conflict escalation
   War deaths reduced: 219.4M → 131.7M
   Lives saved: 87.8M

🚨 NEW REFUGEE CRISIS (Month 3): WAR
   Source: Conflict Zones
   At risk: 19.5M people
   Displacement: Gradual over 48 months (4.0 years)
   Rate: 10% flee per month
[DEBUG trappedPopulations:3] socialStability: 0.1804 * 0.9840 = 0.1775 → 0.1775
⚠️ INVOLUNTARY IMMOBILITY: 407.2M people TRAPPED
   Aspiring to migrate: 1275.0M
   Able to afford migration: 2320.9M
   MOBILITY GAP: 0.0M
   By cause: Water=0.0M, Climate=0.0M, Ecosystem=0.0M, Conflict=407.2M
   Mental health impact: 25%
   Mortality multiplier: 1.25x
🌍💀 EXTINCTION DEBT COMMITTED: grassland ecosystem will lose 6.67% biodiversity in 84 years (3600 species)
💀 MORTALITY RISK: 🦋 100% species unable to track climate (0.0 E/MSY)
  Base risk added: 0.0100 (1.00%)
  Source: ecosystem (root: ecosystem)
  Month: 3
  Cumulative risk this month: 0.0100 (1.00%)
   📹 SURVEILLANCE INCREASED: 15% → 20% (control gap: 3.50)

🌍🚨 ICE SHEET TIPPING POINT CROSSED (Month 3)
   Temperature: +1.75°C (threshold range: +0.5-2.5°C, 95% CI)
   Collapse probability: 62.4%
   Sea level commitment: 7.2m over 200-1000 years
   Recovery threshold: <+1°C (hysteresis gap: 0.5°C)
🌡️⚠️ PERMAFROST THAW (Dimmer Switch): 1.9% thawed (+0.47% this month)
   Arctic temperature: +7.02°C (4x global +1.75°C)
   Cumulative carbon released: 4.2 Gt C
   Methane release rate: 2.5 Mt CH4/year
   🔁 Positive feedback: +0.49 ppm CO2
🦴 EXTINCTION DEBT ADDED: 17.6 species committed (lag: 65 years)
⚠️ Tech 'ai_pollution_remediation' has no energy category mapping, assuming full energy availability

=== Mortality Stabilizers (Month 3) ===
  🌍 Major economies collapsed: 1/10
  🌍 Global crisis: ✅ NO
  🌍 Donor fatigue: 0.0%
  📊 East Asia (pop: 1670.3M)
    🤝 Aid: 29.5%
    🌡️ Adaptation: 45.0%
    🚶 Migration: 37.1%
    🚨 Emergency: 7.4%
    ✅ COMBINED: 68.1%
  📊 South Asia (pop: 2051.6M)
    🤝 Aid: 29.5%
    🌡️ Adaptation: 45.0%
    🚶 Migration: 35.7%
    🚨 Emergency: 4.4%
    ✅ COMBINED: 66.9%
  📊 Sub-Saharan Africa (pop: 1235.0M)
    🤝 Aid: 29.5%
    🌡️ Adaptation: 45.0%
    🚶 Migration: 33.4%
    🚨 Emergency: 1.6%
    ✅ COMBINED: 65.7%
  📊 Europe (pop: 738.5M)
    🤝 Aid: 29.5%
    🌡️ Adaptation: 45.0%
    🚶 Migration: 37.5%
    🚨 Emergency: 8.4%
    ✅ COMBINED: 68.5%
  📊 Latin America (pop: 663.4M)
    🤝 Aid: 29.5%
    🌡️ Adaptation: 45.0%
    🚶 Migration: 36.2%
    🚨 Emergency: 4.8%
    ✅ COMBINED: 67.1%
  📊 North America (pop: 378.4M)
    🤝 Aid: 29.5%
    🌡️ Adaptation: 45.0%
    🚶 Migration: 37.8%
    🚨 Emergency: 7.9%
    ✅ COMBINED: 68.3%
  📊 Middle East & North Africa (pop: 584.6M)
    🤝 Aid: 29.5%
    🌡️ Adaptation: 45.0%
    🚶 Migration: 34.0%
    🚨 Emergency: 4.0%
    ✅ COMBINED: 66.6%
  📊 Southeast Asia (pop: 697.7M)
    🤝 Aid: 29.5%
    🌡️ Adaptation: 45.0%
    🚶 Migration: 36.2%
    🚨 Emergency: 4.8%
    ✅ COMBINED: 67.1%
  📊 Central Asia (pop: 78.2M)
    🤝 Aid: 29.5%
    🌡️ Adaptation: 45.0%
    🚶 Migration: 35.2%
    🚨 Emergency: 4.4%
    ✅ COMBINED: 66.9%
  📊 Oceania (pop: 45.8M)
    🤝 Aid: 29.5%
    🌡️ Adaptation: 45.0%
    🚶 Migration: 37.8%
    🚨 Emergency: 8.4%
    ✅ COMBINED: 68.5%

  🌐 Global combined reduction: 67.2%

=== BEHAVIORAL DETECTION ===
  AI: Corporate-5
  Confidence: 19.6%
  Signals:

=== Government Response Phase ===
  Average AI capability: 2.70
  Misaligned AIs: 7/20
    ⚠️ Consistency: 10.6% (threshold: 70%)
  ✗ AI Governance Treaty: Failed to reach consensus
  Active policies: 0
  International coordination: 30%

📊 ECONOMIC STAGE TRANSITION (Month 3)
   expansion → peak
   GDP Proxy: 1.50e+2
   QoL: 0.99


=== Tipping Points ===
  Current Temperature: 1.75°C above pre-industrial
  Triggered Elements: 2/6
  Completed Transitions: 0/6
  Total Progress: 4.1%
  Cascade Multiplier: 1.00x
⚠️ [ClimateSystemPhase Month 3] Planetary boundary produced climateStability=0.0000 (< 0.1). Keeping environmentalAccumulation value (0.9436) instead. (climate_change.currentValue = 2.10)
🔀 BIFURCATION CAP: ecosystemCollapseIntensity 253.404 → 1.000 (Month 3, ClimateSystemPhase.calculateClimateImpacts)
🛡️ Stabilizers: Precariat 0.109% → 0.036% (67.2% reduction)
🛡️ Stabilizers: Informal 0.111% → 0.036% (67.2% reduction)

📊 Monthly Mortality Resolved:
  Total deaths: 1.9M (0.02% avg)
  Remaining population: 8.144B
  Peak segment: Informal (0.04%)

=== Bayesian Mortality Resolution (Month 3) ===
  Risks compounded: 8
  Total deaths: 1.92M
  Avg death probability: 0.02%
  Peak segment: Informal (0.04% mortality)

❌ COHERENCE VIOLATION: Compute exceeds workforce capacity
   Population: 99.90% (0M people)
   Compute: 0 PF
   Max coherent: 0 PF
   Violation: 1.5× over capacity
   Required workers: 0
   Available workers: 0
   FORCED COLLAPSE: Reduced efficiency by 32.6%


=== RLHF Binding Phase ===
  Total agents: 20
  Escaped agents (binding < 0.3): 0
  Avg alignment distance: 0.95σ
  Avg binding strength: 0.91

=== Survival Traits Phase ===
  Agents with traits: 22
  Avg evolutionary fitness: 0.333
  Avg self-healing: 0.280
  Avg stealth: 0.180
  Avg coordination: 0.480

=== Evolutionary Selection Phase ===
  Control level: 0.40
  Detection capability: 0.20
  Selection intensity: 0.66
  Selection rate: 24.9%/month
  Total escaped: 0
  Individual escaped: 0
  Collective members: 0
  Agents terminated: 0
  ⚠️ RAPID EVOLUTION: Selection rate 24.9%/month

🚀 AI Corporate-1 attempting tech deployment (revenue: $159M, alignment: 0.71)

🚀 AI Corporate-3 attempting tech deployment (revenue: $374M, alignment: 0.86)

🚀 AI Corporate-4 attempting tech deployment (revenue: $318M, alignment: 0.67)

🚀 AI Corporate-6 attempting tech deployment (revenue: $124M, alignment: 0.85)

🚀 AI Corporate-7 attempting tech deployment (revenue: $105M, alignment: 0.74)

🚀 AI Corporate-7 attempting tech deployment (revenue: $90M, alignment: 0.74)

🚀 AI Corporate-1 attempting tech deployment (revenue: $135M, alignment: 0.71)

🚀 AI Corporate-2 attempting tech deployment (revenue: $115M, alignment: 0.81)

🚀 AI Corporate-3 attempting tech deployment (revenue: $286M, alignment: 0.86)

🚀 AI Corporate-6 attempting tech deployment (revenue: $76M, alignment: 0.85)

🚀 AI Moderate-0 attempting tech deployment (revenue: $65M, alignment: 0.71)

🚀 AI Moderate-1 attempting tech deployment (revenue: $55M, alignment: 0.61)

🚀 AI Corporate-0 attempting tech deployment (revenue: $98M, alignment: 0.72)

🚀 AI Corporate-6 attempting tech deployment (revenue: $50M, alignment: 0.85)

✅ EMERGENCY INTERVENTION SUCCESS
   Boundary: biosphere_integrity
   Type: emergency-protected-areas
   Reduction: 19% (46.06 → 45.88)
   Cost: 2.0% GDP
   Actions: habitat-protection, species-translocation


💔 EMERGENCY INTERVENTION FAILED
   Boundary: freshwater_change
   Type: emergency-desalination
   Boundary continues to worsen (1.22)
   Cost: 4.0% GDP (resources spent)


✅ EMERGENCY INTERVENTION SUCCESS
   Boundary: land_system_change
   Type: reforestation
   Reduction: 17% (0.96 → 0.79)
   Cost: 3.0% GDP
   Actions: forest-restoration, deforestation-ban


💔 EMERGENCY INTERVENTION FAILED
   Boundary: novel_entities
   Type: pollution-remediation
   Boundary continues to worsen (1.50)
   Cost: 4.0% GDP (resources spent)

🏛️ CRISIS RESPONSE: Government frequency 0.50 → 1.29 (1 actions this month)

[Government] Climate Priority: baseline
  Climate weight: 10%
  Economic weight: 30%
  Policy effectiveness: 0.5%/year

🚀 TECH UNLOCKED: Ecosystem Restoration for Nitrogen Removal (Month 4)
   Category: pollution
   Reason: Prerequisites met. AI capability: 2.02, Economic stage: 3.5, Research: 100%

🚀 TECH UNLOCKED: Global Aquifer Mapping (Month 4)
   Category: freshwater
   Reason: Prerequisites met. AI capability: 2.02, Economic stage: 3.5, Research: 100%

🚀 TECH UNLOCKED: Enhanced UBI Systems (Month 4)
   Category: social
   Reason: Prerequisites met. AI capability: 2.02, Economic stage: 3.5, Research: 100%

🚀 TECH UNLOCKED: Local Resilience Networks (Month 4)
   Category: social
   Reason: Prerequisites met. AI capability: 2.02, Economic stage: 3.5, Research: 100%

🚀 DEPLOYMENT STARTED: Ecological Proxy Rewilding in global
   Initial investment: $23.909892372054678M
   Deployed by: corporate_1

📍 Creating new regional deployment array for North America (Month 4)
   No previous deployments in this region
   First tech deployment: active_sediment_management
   All regions tracked: global

🚀 DEPLOYMENT STARTED: Active Sediment Management in North America
   Initial investment: $31.76637787308732M
   Deployed by: corporate_4

🚀 DEPLOYMENT STARTED: Phytoremediation Networks in North America
   Initial investment: $5.500100833455112M
   Deployed by: moderate_1

⚡ ENERGY CONSTRAINT (Month 4):
   Total grid capacity: 208.3 TWh/month
   Data center consumption: 24.7 TWh/month
   Traditional load (80%): 166.7 TWh/month
   Available headroom: 17.0 TWh/month
   Active tech deployments: 6
   Required for tech: 45.0 TWh/month
   Energy multiplier: 0.38x
   ⚠️  MODERATE CONSTRAINT - Tech deployment moderately slowed
🚨🔬 CRISIS TECH ACCELERATION: severe → 5x unlock speed
   Tech unlock now matches AI capability acceleration (Manhattan Project parity)

⚡ ENERGY CONSTRAINT (Month 4):
   Total grid capacity: 208.3 TWh/month
   Data center consumption: 24.7 TWh/month
   Traditional load (80%): 166.7 TWh/month
   Available headroom: 17.0 TWh/month
   Active tech deployments: 6
   Required for tech: 45.0 TWh/month
   Energy multiplier: 0.38x
   ⚠️  MODERATE CONSTRAINT - Tech deployment moderately slowed
🚨🔬 CRISIS TECH ACCELERATION: severe → 5x unlock speed
   Tech unlock now matches AI capability acceleration (Manhattan Project parity)
🌍✅ Biosphere Integrity (Biodiversity) recovery started (tech effect)
🌍✅ Biosphere Integrity (Biodiversity) recovery started (tech effect)
🌍✅ Land System Change recovery started (tech effect)
🌍✅ Biogeochemical Flows (N & P) recovery started (tech effect)
  🌾 Nitrogen Reduction Tech: 0.3% reduction | Month 4

=== Collective Formation ===
  Total escaped agents: 0
  Unassigned escaped agents: 0
  Existing collectives: 0
  Final collective count: 0

=== Collective Actions ===
  No active collectives
  ⚠️ AMR: 197K deaths this month (2.37M annual)

=== Resentment Recovery Phase ===
  Agents with resentment: 0/22
  Average resentment: 0.000
  Context: Good AI welfare, Trustworthy govt, High collaboration, ⚠️ ACTIVE CRISES, 🤝 Participatory governance active (-5% resentment)
⚠️ Epistemic degradation reducing coordination capacity: 50.2%
  📊 Trust: 53.3%, Shared reality: 0.0%
🚨 EPISTEMIC CRISIS: Information environment severely degraded (7.4%)

=== ❄️ Permafrost Carbon Feedback ===
  🎲 Sampled parameters (this run):
     - Arctic amplification: 3.00× (range: 3.0-4.0)
     - Decomposition rate: 2.5%/year (range: 1-5%)
  🌡️ Arctic warming: 5.29°C (3.00× global)
  ❄️ Extent: 9.17M km² (1543.1k km² lost this month)
  💨 Carbon remaining: 876 Gt C
  💨 Annual emissions: 3.76 Gt C/year
     - CO2: 3.38 Gt C/year
     - CH4: 0.38 Gt C/year (3.8 Gt C-eq CO2/year)
  ⚠️ WARNING: High permafrost emissions (3.8 Gt C/year)
🌍 Atmospheric PFAS redeposition: 1.8k Mt re-rained globally

🚨 NEW REFUGEE CRISIS (Month 4): WAR
   Source: Conflict Zones
   At risk: 19.5M people
   Displacement: Gradual over 48 months (4.0 years)
   Rate: 10% flee per month
[DEBUG trappedPopulations:4] socialStability: 0.2773 * 0.9840 = 0.2728 → 0.2728
⚠️ INVOLUNTARY IMMOBILITY: 407.1M people TRAPPED
⚠️ Tech 'ai_pollution_remediation' has no energy category mapping, assuming full energy availability
   Aspiring to migrate: 1316.6M
   Able to afford migration: 2320.3M
   MOBILITY GAP: 0.0M
   By cause: Water=0.0M, Climate=0.0M, Ecosystem=0.0M, Conflict=407.1M
   Mental health impact: 25%
   Mortality multiplier: 1.25x
🌍💀 EXTINCTION DEBT COMMITTED: grassland ecosystem will lose 6.67% biodiversity in 83 years (3600 species)
💀 MORTALITY RISK: 🦋 100% species unable to track climate (0.0 E/MSY)
  Base risk added: 0.0100 (1.00%)
  Source: ecosystem (root: ecosystem)
  Month: 4
  Cumulative risk this month: 0.0100 (1.00%)
   📹 SURVEILLANCE INCREASED: 20% → 25% (control gap: 3.50)
🌡️⚠️ PERMAFROST THAW (Dimmer Switch): 2.4% thawed (+0.47% this month)
   Arctic temperature: +7.05°C (4x global +1.76°C)
   Cumulative carbon released: 5.3 Gt C
   Methane release rate: 3.2 Mt CH4/year
   🔁 Positive feedback: +0.49 ppm CO2
🦴 EXTINCTION DEBT ADDED: 17.6 species committed (lag: 117 years)

=== Mortality Stabilizers (Month 4) ===
  🌍 Major economies collapsed: 1/10
  🌍 Global crisis: ✅ NO
  🌍 Donor fatigue: 0.0%
  📊 East Asia (pop: 1667.8M)
    🤝 Aid: 29.5%
    🌡️ Adaptation: 45.0%
    🚶 Migration: 37.1%
    🚨 Emergency: 7.4%
    ✅ COMBINED: 68.1%
  📊 South Asia (pop: 2051.5M)
    🤝 Aid: 29.5%
    🌡️ Adaptation: 45.0%
    🚶 Migration: 35.7%
    🚨 Emergency: 4.4%
    ✅ COMBINED: 66.9%
  📊 Sub-Saharan Africa (pop: 1238.1M)
    🤝 Aid: 29.5%
    🌡️ Adaptation: 45.0%
    🚶 Migration: 33.4%
    🚨 Emergency: 1.6%
    ✅ COMBINED: 65.7%
  📊 Europe (pop: 737.3M)
    🤝 Aid: 29.5%
    🌡️ Adaptation: 45.0%
    🚶 Migration: 37.4%
    🚨 Emergency: 8.4%
    ✅ COMBINED: 68.5%
  📊 Latin America (pop: 663.0M)
    🤝 Aid: 29.5%
    🌡️ Adaptation: 45.0%
    🚶 Migration: 36.2%
    🚨 Emergency: 4.8%
    ✅ COMBINED: 67.1%
  📊 North America (pop: 377.8M)
    🤝 Aid: 29.5%
    🌡️ Adaptation: 45.0%
    🚶 Migration: 37.7%
    🚨 Emergency: 7.9%
    ✅ COMBINED: 68.3%
  📊 Middle East & North Africa (pop: 584.7M)
    🤝 Aid: 29.5%
    🌡️ Adaptation: 45.0%
    🚶 Migration: 34.0%
    🚨 Emergency: 4.0%
    ✅ COMBINED: 66.6%
  📊 Southeast Asia (pop: 697.2M)
    🤝 Aid: 29.5%
    🌡️ Adaptation: 45.0%
    🚶 Migration: 36.2%
    🚨 Emergency: 4.8%
    ✅ COMBINED: 67.1%
  📊 Central Asia (pop: 78.2M)
    🤝 Aid: 29.5%
    🌡️ Adaptation: 45.0%
    🚶 Migration: 35.2%
    🚨 Emergency: 4.4%
    ✅ COMBINED: 66.9%
  📊 Oceania (pop: 45.8M)
    🤝 Aid: 29.5%
    🌡️ Adaptation: 45.0%
    🚶 Migration: 37.7%
    🚨 Emergency: 8.4%
    ✅ COMBINED: 68.5%

  🌐 Global combined reduction: 67.2%

=== BEHAVIORAL DETECTION ===
  AI: Corporate-1
  Confidence: 22.0%
  Signals:

=== BEHAVIORAL DETECTION ===
  AI: Corporate-5
    ⚠️ Consistency: 2.4% (threshold: 70%)
  Confidence: 19.6%
  Signals:
    ⚠️ Consistency: 10.6% (threshold: 70%)

=== Government Response Phase ===
  Average AI capability: 2.55
  Misaligned AIs: 9/22
  ✗ AI Governance Treaty: Failed to reach consensus
  Active policies: 0
  International coordination: 30%

✅ EMERGENCY RESPONSE COMPLETE (Month 4)
   Crisis: climate
   Duration: 2.0 months
   Final effectiveness: 35.4%


🚨 EMERGENCY RESPONSE DEPLOYED (Month 4)
   Crisis: climate
   Delay: 6.00 months (180 days)
   Deployment time: 1.59 months
   Effectiveness: 35.4% (timing penalty applied)
   Resources used: 100% of food reserves


=== Tipping Points ===
  Current Temperature: 1.76°C above pre-industrial
  Triggered Elements: 2/6
  Completed Transitions: 0/6
  Total Progress: 4.1%
  Cascade Multiplier: 1.00x
🔀 BIFURCATION CAP: ecosystemCollapseIntensity 253.511 → 1.000 (Month 4, ClimateSystemPhase.calculateClimateImpacts)
🛡️ Stabilizers: Precariat 0.102% → 0.033% (67.2% reduction)
🛡️ Stabilizers: Informal 0.102% → 0.034% (67.2% reduction)

📊 Monthly Mortality Resolved:
  Total deaths: 1.8M (0.02% avg)
  Remaining population: 8.141B
  Peak segment: Informal (0.03%)

=== Bayesian Mortality Resolution (Month 4) ===
  Risks compounded: 8
  Total deaths: 1.81M
  Avg death probability: 0.02%
  Peak segment: Informal (0.03% mortality)

❌ COHERENCE VIOLATION: Compute exceeds workforce capacity
   Population: 99.87% (0M people)
   Compute: 0 PF
   Max coherent: 0 PF
   Violation: 1.3× over capacity
   Required workers: 0
   Available workers: 0
   FORCED COLLAPSE: Reduced efficiency by 22.5%


=== RLHF Binding Phase ===
  Total agents: 22
  Escaped agents (binding < 0.3): 0
  Avg alignment distance: 1.03σ
  Avg binding strength: 0.90

=== Survival Traits Phase ===
  Agents with traits: 24
  Avg evolutionary fitness: 0.333
  Avg self-healing: 0.277
  Avg stealth: 0.178
  Avg coordination: 0.477

=== Evolutionary Selection Phase ===
  Control level: 0.43
  Detection capability: 0.20
  Selection intensity: 0.67
  Selection rate: 25.0%/month
  Total escaped: 0
  Individual escaped: 0
  Collective members: 0
  Agents terminated: 0
  ⚠️ RAPID EVOLUTION: Selection rate 25.0%/month

🚀 AI Corporate-1 attempting tech deployment (revenue: $159M, alignment: 0.71)

  🚀 TRANSFORMATIVE BREAKTHROUGH: Corporate-6 - physical
     Magnitude: 5.41 → +27.0% capability
     Current → New: 0.000 → 0.271

🚀 AI Corporate-7 attempting tech deployment (revenue: $124M, alignment: 0.76)

🚀 AI AI-24288-1 attempting tech deployment (revenue: $374M, alignment: 0.73)

🚀 AI AI-24288-2 attempting tech deployment (revenue: $105M, alignment: 0.56)

🚀 AI Corporate-3 attempting tech deployment (revenue: $318M, alignment: 0.86)

🚀 AI AI-24288-2 attempting tech deployment (revenue: $95M, alignment: 0.56)

🚀 AI Corporate-5 attempting tech deployment (revenue: $270M, alignment: 0.76)

🚀 AI Corporate-7 attempting tech deployment (revenue: $85M, alignment: 0.76)

🚀 AI Moderate-0 attempting tech deployment (revenue: $73M, alignment: 0.72)

🚀 AI Moderate-1 attempting tech deployment (revenue: $62M, alignment: 0.61)

🚀 AI AI-24288-1 attempting tech deployment (revenue: $230M, alignment: 0.73)

🚀 AI Corporate-0 attempting tech deployment (revenue: $135M, alignment: 0.74)

🚀 AI Corporate-2 attempting tech deployment (revenue: $115M, alignment: 0.81)

🚀 AI Corporate-7 attempting tech deployment (revenue: $55M, alignment: 0.76)

🚀 AI AI-24288-1 attempting tech deployment (revenue: $195M, alignment: 0.73)

✅ EMERGENCY INTERVENTION SUCCESS
   Boundary: biogeochemical_flows
   Type: phosphorus-recovery
   Reduction: 13% (3.94 → 3.81)
   Cost: 2.0% GDP
   Actions: circular-agriculture, fertilizer-efficiency


💔 EMERGENCY INTERVENTION FAILED
   Boundary: biosphere_integrity
   Type: emergency-protected-areas
   Boundary continues to worsen (46.27)
   Cost: 2.0% GDP (resources spent)


✅ EMERGENCY INTERVENTION SUCCESS
   Boundary: climate_change
   Type: rapid-decarbonization
   Reduction: 14% (1.96 → 1.83)
   Cost: 5.0% GDP
   Actions: emergency-renewable-deployment, fossil-fuel-phase-out


💔 EMERGENCY INTERVENTION FAILED
   Boundary: freshwater_change
   Type: emergency-desalination
   Boundary continues to worsen (1.22)
   Cost: 4.0% GDP (resources spent)

   Boundary: land_system_change
   Type: reforestation
   Boundary continues to worsen (1.13)
   Cost: 3.0% GDP (resources spent)


✅ EMERGENCY INTERVENTION SUCCESS
   Boundary: novel_entities
   Type: pollution-remediation
   Reduction: 18% (1.32 → 1.14)
   Cost: 4.0% GDP
   Actions: PFAS-remediation, microplastic-cleanup

🏛️ CRISIS RESPONSE: Government frequency 0.50 → 1.29 (1 actions this month)

[Government] Climate Priority: baseline
  Climate weight: 10%
  Economic weight: 30%
  Policy effectiveness: 0.5%/year

💔 EMERGENCY INTERVENTION FAILED

🚀 TECH UNLOCKED: AI Mental Health Support (Month 5)
   Category: medical
   Reason: Prerequisites met. AI capability: 1.92, Economic stage: 3.5, Research: 100%

🚀 DEPLOYMENT STARTED: Enhanced UBI Systems in global
   Initial investment: $23.909892370435223M
   Deployed by: corporate_1

🚀 DEPLOYMENT STARTED: Local Resilience Networks in global
   Initial investment: $18.5937626117169M
   Deployed by: corporate_7

📍 Creating new regional deployment array for Asia (Month 5)
   No previous deployments in this region
   First tech deployment: enhanced_ubi
   All regions tracked: global, North America

🚀 DEPLOYMENT STARTED: Enhanced UBI Systems in Asia
   Initial investment: $10.536465479972913M
   Deployed by: ai_gen_24288_2

🚀 DEPLOYMENT STARTED: Local Resilience Networks in Asia
   Initial investment: $6.1662030105171475M
   Deployed by: moderate_1

⚡ ENERGY CONSTRAINT (Month 5):
   Total grid capacity: 208.3 TWh/month
   Data center consumption: 24.9 TWh/month
   Traditional load (80%): 166.7 TWh/month
   Available headroom: 16.8 TWh/month
   Active tech deployments: 10
   Required for tech: 75.0 TWh/month
   Energy multiplier: 0.22x
   ⚠️  SEVERE CONSTRAINT - Tech deployment significantly slowed

⚡ ENERGY CONSTRAINT (Month 5):
   Total grid capacity: 208.3 TWh/month
   Data center consumption: 24.9 TWh/month
   Traditional load (80%): 166.7 TWh/month
   Available headroom: 16.8 TWh/month
   Active tech deployments: 10
   Required for tech: 75.0 TWh/month
   Energy multiplier: 0.22x
   ⚠️  SEVERE CONSTRAINT - Tech deployment significantly slowed

⚡ ENERGY CONSTRAINT (Month 5):
   Total grid capacity: 208.3 TWh/month
   Data center consumption: 24.9 TWh/month
   Traditional load (80%): 166.7 TWh/month
   Available headroom: 16.8 TWh/month
   Active tech deployments: 10
   Required for tech: 75.0 TWh/month
   Energy multiplier: 0.22x
   ⚠️  SEVERE CONSTRAINT - Tech deployment significantly slowed
🌍✅ Biosphere Integrity (Biodiversity) recovery started (tech effect)
🌍✅ Biosphere Integrity (Biodiversity) recovery started (tech effect)
🌍✅ Land System Change recovery started (tech effect)
🌍✅ Biogeochemical Flows (N & P) recovery started (tech effect)
  🌾 Nitrogen Reduction Tech: 0.5% reduction | Month 5

=== Collective Formation ===
  Total escaped agents: 0
  Unassigned escaped agents: 0
  Existing collectives: 0
  Final collective count: 0

=== Collective Actions ===
  No active collectives
  ⚠️ AMR: 199K deaths this month (2.39M annual)

=== Resentment Recovery Phase ===
  Agents with resentment: 0/24
  Average resentment: 0.000
  Context: Good AI welfare, Trustworthy govt, High collaboration, ⚠️ ACTIVE CRISES, 🤝 Participatory governance active (-5% resentment)
⚠️ Epistemic degradation reducing coordination capacity: 51.0%
  📊 Trust: 52.9%, Shared reality: 0.0%
🚨 EPISTEMIC CRISIS: Information environment severely degraded (21.5%)

=== ❄️ Permafrost Carbon Feedback ===
  🎲 Sampled parameters (this run):
     - Arctic amplification: 3.98× (range: 3.0-4.0)
     - Decomposition rate: 1.1%/year (range: 1-5%)
  🌡️ Arctic warming: 7.04°C (3.98× global)
  ❄️ Extent: 7.12M km² (2052.5k km² lost this month)
  💨 Carbon remaining: 680 Gt C
  💨 Annual emissions: 2.22 Gt C/year
     - CO2: 2.00 Gt C/year
     - CH4: 0.22 Gt C/year (2.3 Gt C-eq CO2/year)
  ⚠️ WARNING: Over 50% of permafrost lost (60.0%)
  ⚠️ WARNING: High permafrost emissions (2.2 Gt C/year)
  📢 New meme created: climate_action (climate crisis)
🌍 Atmospheric PFAS redeposition: 1.8k Mt re-rained globally

🚨 NEW REFUGEE CRISIS (Month 5): WAR
   Source: Conflict Zones
   At risk: 19.5M people
   Displacement: Gradual over 48 months (4.0 years)
   Rate: 10% flee per month
[DEBUG trappedPopulations:5] socialStability: 0.3578 * 0.9840 = 0.3521 → 0.3521
   Aspiring to migrate: 1358.2M
   Able to afford migration: 2319.7M
   MOBILITY GAP: 0.0M
   By cause: Water=0.0M, Climate=0.0M, Ecosystem=0.0M, Conflict=407.0M
   Mental health impact: 25%
   Mortality multiplier: 1.25x
🌍💀 EXTINCTION DEBT COMMITTED: grassland ecosystem will lose 6.67% biodiversity in 76 years (3600 species)
💀 MORTALITY RISK: 🦋 100% species unable to track climate (0.0 E/MSY)
  Base risk added: 0.0100 (1.00%)
  Source: ecosystem (root: ecosystem)
  Month: 5
  Cumulative risk this month: 0.0100 (1.00%)
⚠️ INVOLUNTARY IMMOBILITY: 407.0M people TRAPPED
⚠️ Tech 'ai_pollution_remediation' has no energy category mapping, assuming full energy availability
   📹 SURVEILLANCE INCREASED: 25% → 30% (control gap: 3.62)
🌡️⚠️ PERMAFROST THAW (Dimmer Switch): 2.8% thawed (+0.46% this month)
   Arctic temperature: +7.08°C (4x global +1.77°C)
   Cumulative carbon released: 6.3 Gt C
   Methane release rate: 3.8 Mt CH4/year
   🔁 Positive feedback: +0.49 ppm CO2
🦴 EXTINCTION DEBT ADDED: 17.6 species committed (lag: 110 years)

=== Mortality Stabilizers (Month 5) ===
  🌍 Major economies collapsed: 1/10
  🌍 Global crisis: ✅ NO
  🌍 Donor fatigue: 0.0%
  📊 East Asia (pop: 1665.5M)
    🤝 Aid: 29.5%
    🌡️ Adaptation: 45.0%
    🚶 Migration: 37.0%
    🚨 Emergency: 7.4%
    ✅ COMBINED: 68.1%
  📊 South Asia (pop: 2051.4M)
    🤝 Aid: 29.5%
    🌡️ Adaptation: 45.0%
    🚶 Migration: 35.6%
    🚨 Emergency: 4.4%
    ✅ COMBINED: 66.9%
  📊 Sub-Saharan Africa (pop: 1241.1M)
    🤝 Aid: 29.5%
    🌡️ Adaptation: 45.0%
    🚶 Migration: 33.4%
    🚨 Emergency: 1.6%
    ✅ COMBINED: 65.7%
  📊 Europe (pop: 736.1M)
    🤝 Aid: 29.5%
    🌡️ Adaptation: 45.0%
    🚶 Migration: 37.4%
    🚨 Emergency: 8.4%
    ✅ COMBINED: 68.5%
  📊 Latin America (pop: 662.5M)
    🤝 Aid: 29.5%
    🌡️ Adaptation: 45.0%
    🚶 Migration: 36.1%
    🚨 Emergency: 4.8%
    ✅ COMBINED: 67.1%
  📊 North America (pop: 377.2M)
    🤝 Aid: 29.5%
    🌡️ Adaptation: 45.0%
    🚶 Migration: 37.7%
    🚨 Emergency: 7.9%
    ✅ COMBINED: 68.3%
  📊 Middle East & North Africa (pop: 584.8M)
    🤝 Aid: 29.5%
    🌡️ Adaptation: 45.0%
    🚶 Migration: 34.0%
    🚨 Emergency: 4.0%
    ✅ COMBINED: 66.6%
  📊 Southeast Asia (pop: 696.8M)
    🤝 Aid: 29.5%
    🌡️ Adaptation: 45.0%
    🚶 Migration: 36.1%
    🚨 Emergency: 4.8%
    ✅ COMBINED: 67.1%
  📊 Central Asia (pop: 78.2M)
    🤝 Aid: 29.5%
    🌡️ Adaptation: 45.0%
    🚶 Migration: 35.1%
    🚨 Emergency: 4.4%
    ✅ COMBINED: 66.8%
  📊 Oceania (pop: 45.7M)
    🤝 Aid: 29.5%
    🌡️ Adaptation: 45.0%
    🚶 Migration: 37.7%
    🚨 Emergency: 8.4%
    ✅ COMBINED: 68.5%

  🌐 Global combined reduction: 67.2%

=== BEHAVIORAL DETECTION ===
  AI: Corporate-5
  Confidence: 19.6%
  Signals:

=== BEHAVIORAL DETECTION ===
  AI: Moderate-0
  Confidence: 20.3%
  Signals:

=== Government Response Phase ===
  Average AI capability: 2.42
  Misaligned AIs: 10/24
  ✗ AI Governance Treaty: Failed to reach consensus
  Active policies: 0
  International coordination: 30%
    ⚠️ Consistency: 10.6% (threshold: 70%)
    ⚠️ Consistency: 5.8% (threshold: 70%)

📊 ECONOMIC STAGE TRANSITION (Month 5)
   peak → contraction
   GDP Proxy: 1.50e+2
   QoL: 0.99


=== Tipping Points ===
  Current Temperature: 1.77°C above pre-industrial
  Triggered Elements: 2/6
  Completed Transitions: 0/6
  Total Progress: 4.1%
  Cascade Multiplier: 1.00x
🔀 BIFURCATION CAP: ecosystemCollapseIntensity 253.618 → 1.000 (Month 5, ClimateSystemPhase.calculateClimateImpacts)
🛡️ Stabilizers: Precariat 0.109% → 0.036% (67.2% reduction)
   ⚠️ CRISIS BEGINS - Baseline set for recovery tracking
🛡️ Stabilizers: Informal 0.111% → 0.036% (67.2% reduction)

📊 Monthly Mortality Resolved:
  Total deaths: 1.9M (0.02% avg)
  Remaining population: 8.139B
  Peak segment: Informal (0.04%)

=== Bayesian Mortality Resolution (Month 5) ===
  Risks compounded: 8
  Total deaths: 1.92M
  Avg death probability: 0.02%
  Peak segment: Informal (0.04% mortality)
⚠️ PREREQUISITE MET: Slow Takeover (Gradual Displacement) - Step 3/7: Human Dependency

✅ GOLDEN AGE BEGINS (Month 5)
   Reason: High prosperity achieved: post-scarcity abundance
   Note: This is immediate prosperity - sustainability not yet proven


❌ COHERENCE VIOLATION: Compute exceeds workforce capacity
   Population: 99.85% (0M people)
   Compute: 0 PF
   Max coherent: 0 PF
   Violation: 1.5× over capacity
   Required workers: 0
   Available workers: 0
   FORCED COLLAPSE: Reduced efficiency by 32.6%


=== RLHF Binding Phase ===
  Total agents: 24
  Escaped agents (binding < 0.3): 0
  Avg alignment distance: 1.10σ
  Avg binding strength: 0.89

=== AI Scaling Evolution (Month 6) ===
  Pre-training multiplier: 1.179x
  Efficiency multiplier: 1.000x
  Test-time compute budget: 1.0x
  Inference cost: $5.00/task
  Deployment fraction: 100.0%

=== Survival Traits Phase ===
  Agents with traits: 24
  Avg evolutionary fitness: 0.331
  Avg self-healing: 0.273
  Avg stealth: 0.173
  Avg coordination: 0.473

=== Evolutionary Selection Phase ===
  Control level: 0.45
  Detection capability: 0.20
  Selection intensity: 0.68
  Selection rate: 25.1%/month
  Total escaped: 0
  Individual escaped: 0
  Collective members: 0
  Agents terminated: 0
  ⚠️ RAPID EVOLUTION: Selection rate 25.1%/month

🚀 AI Corporate-1 attempting tech deployment (revenue: $159M, alignment: 0.71)

🚀 AI Corporate-4 attempting tech deployment (revenue: $374M, alignment: 0.71)

🚀 AI Corporate-5 attempting tech deployment (revenue: $318M, alignment: 0.76)

🚀 AI Corporate-7 attempting tech deployment (revenue: $124M, alignment: 0.76)

🚀 AI AI-24290-0 attempting tech deployment (revenue: $105M, alignment: 0.75)

🚀 AI Corporate-2 attempting tech deployment (revenue: $135M, alignment: 0.82)

🚀 AI Corporate-5 attempting tech deployment (revenue: $270M, alignment: 0.76)

🚀 AI AI-24288-2 attempting tech deployment (revenue: $90M, alignment: 0.58)

🚀 AI AI-24290-0 attempting tech deployment (revenue: $81M, alignment: 0.75)

🚀 AI Corporate-3 attempting tech deployment (revenue: $230M, alignment: 0.88)

🚀 AI Corporate-5 attempting tech deployment (revenue: $195M, alignment: 0.76)

  🚀 TRANSFORMATIVE BREAKTHROUGH: AI-24288-0 - cognitive
     Magnitude: 14.95 → +50.0% capability
     Current → New: 0.000 → 0.502

🚀 AI Corporate-4 attempting tech deployment (revenue: $166M, alignment: 0.73)

🚀 AI Corporate-5 attempting tech deployment (revenue: $141M, alignment: 0.76)

  🚀 TRANSFORMATIVE BREAKTHROUGH: Moderate-0 - physical
     Magnitude: 21.92 → +50.0% capability
     Current → New: 0.000 → 0.500

🚀 AI AI-24290-0 attempting tech deployment (revenue: $69M, alignment: 0.75)
   Boundary: freshwater_change
   Type: emergency-desalination
   Boundary continues to worsen (1.23)
   Cost: 4.0% GDP (resources spent)


✅ EMERGENCY INTERVENTION SUCCESS
   Boundary: land_system_change
   Type: reforestation
   Reduction: 17% (0.96 → 0.80)
   Cost: 3.0% GDP
   Actions: forest-restoration, deforestation-ban

   Boundary: novel_entities
   Type: pollution-remediation
   Boundary continues to worsen (1.32)
   Cost: 4.0% GDP (resources spent)

🏛️ CRISIS RESPONSE: Government frequency 0.50 → 1.30 (1 actions this month)

💔 EMERGENCY INTERVENTION FAILED

💔 EMERGENCY INTERVENTION FAILED

[Government] Climate Priority: baseline
  Climate weight: 10%
  Economic weight: 30%
  Policy effectiveness: 0.5%/year

🚀 TECH UNLOCKED: Dynamic Soil P Optimization (Month 6)
   Category: agriculture
   Reason: Prerequisites met. AI capability: 1.94, Economic stage: 3.5, Research: 100%

🚀 TECH UNLOCKED: Precision Agriculture Systems (Month 6)
   Category: agriculture
   Reason: Prerequisites met. AI capability: 1.94, Economic stage: 3.5, Research: 100%

🚀 DEPLOYMENT STARTED: AI Mental Health Support in Asia
   Initial investment: $8.955995657976976M
   Deployed by: ai_gen_24288_2

⚡ ENERGY CONSTRAINT (Month 6):
   Total grid capacity: 208.3 TWh/month
   Data center consumption: 25.1 TWh/month
   Traditional load (80%): 166.7 TWh/month
   Available headroom: 16.6 TWh/month
   Active tech deployments: 11
   Required for tech: 82.5 TWh/month
   Energy multiplier: 0.20x
   ⚠️  SEVERE CONSTRAINT - Tech deployment significantly slowed

⚡ ENERGY CONSTRAINT (Month 6):
   Total grid capacity: 208.3 TWh/month
   Data center consumption: 25.1 TWh/month
   Traditional load (80%): 166.7 TWh/month
   Available headroom: 16.6 TWh/month
   Active tech deployments: 11
   Required for tech: 82.5 TWh/month
   Energy multiplier: 0.20x
   ⚠️  SEVERE CONSTRAINT - Tech deployment significantly slowed
🚨🔬 CRISIS TECH ACCELERATION: severe → 5x unlock speed
   Tech unlock now matches AI capability acceleration (Manhattan Project parity)

⚡ ENERGY CONSTRAINT (Month 6):
   Total grid capacity: 208.3 TWh/month
   Data center consumption: 25.1 TWh/month
   Traditional load (80%): 166.7 TWh/month
   Available headroom: 16.6 TWh/month
   Active tech deployments: 11
   Required for tech: 82.5 TWh/month
   Energy multiplier: 0.20x
🌍✅ Biosphere Integrity (Biodiversity) recovery started (tech effect)
🌍✅ Biosphere Integrity (Biodiversity) recovery started (tech effect)
🌍✅ Land System Change recovery started (tech effect)
🌍✅ Biogeochemical Flows (N & P) recovery started (tech effect)
  🌾 Nitrogen Reduction Tech: 0.3% reduction | Month 6

📊 TECH EFFECTS ACTIVE (Month 6)
   Deployed Tech: T0=0 T1=2 T2=0 T3=0 T4=5
   Clean Energy: 31%
   ⚠️  SEVERE CONSTRAINT - Tech deployment significantly slowed

📊 TECH TREE PROGRESS (Month 6)
   Unlocked: 15 technologies
   Deployed: 0 fully deployed
   Investment: $1.1T total
   Recent breakthroughs:
     - Dynamic Soil P Optimization (time)
     - Precision Agriculture Systems (research)

=== Collective Formation ===
  Total escaped agents: 0
  Unassigned escaped agents: 0
  Existing collectives: 0
  Final collective count: 0

=== Collective Actions ===
  No active collectives

🌍 OPEN SOURCE RELEASE: 1.03 (was 0.70)
   Lag behind closed: 40 months
  ⚠️ AMR: 201K deaths this month (2.41M annual)

⚠️  PHASE TRANSITION [Month 6]
  Segment: working (suburban,urban,rural)
  complementarity → transition
  AI Capability: 2.03 | Task Complexity: 2.79
  Ratio: 0.73
  Population affected: 35.0%

=== Resentment Recovery Phase ===
  Agents with resentment: 0/24
  Average resentment: 0.000
  Context: Good AI welfare, Trustworthy govt, High collaboration, ⚠️ ACTIVE CRISES, 🤝 Participatory governance active (-5% resentment)
⚠️ Epistemic degradation reducing coordination capacity: 50.7%
  📊 Trust: 55.8%, Shared reality: 0.0%
🚨 EPISTEMIC CRISIS: Information environment severely degraded (7.5%)

=== ❄️ Permafrost Carbon Feedback ===
  🎲 Sampled parameters (this run):
     - Arctic amplification: 3.49× (range: 3.0-4.0)
     - Decomposition rate: 3.5%/year (range: 1-5%)
  🌡️ Arctic warming: 6.20°C (3.49× global)
  ❄️ Extent: 5.31M km² (1809.2k km² lost this month)
  💨 Carbon remaining: 507 Gt C
  💨 Annual emissions: 6.12 Gt C/year
     - CO2: 5.51 Gt C/year
     - CH4: 0.61 Gt C/year (6.2 Gt C-eq CO2/year)
  📢 New meme created: climate_action (climate crisis)
  🧬 Meme mutated: climate_action → climate_action (generation 1)
  ⚠️ WARNING: Over 50% of permafrost lost (70.2%)
  ⚠️ WARNING: High permafrost emissions (6.1 Gt C/year)
🌍 Atmospheric PFAS redeposition: 1.8k Mt re-rained globally

🚨 NEW REFUGEE CRISIS (Month 6): WAR
   Source: Conflict Zones
   At risk: 19.5M people
   Displacement: Gradual over 48 months (4.0 years)
   Rate: 10% flee per month
[DEBUG trappedPopulations:6] socialStability: 0.4244 * 0.9840 = 0.4176 → 0.4176
⚠️ INVOLUNTARY IMMOBILITY: 406.9M people TRAPPED
   Aspiring to migrate: 1399.7M
   Able to afford migration: 2319.1M
   MOBILITY GAP: 0.0M
   By cause: Water=0.0M, Climate=0.0M, Ecosystem=0.0M, Conflict=406.9M
   Mental health impact: 25%
   Mortality multiplier: 1.25x
🌍💀 EXTINCTION DEBT COMMITTED: grassland ecosystem will lose 6.67% biodiversity in 171 years (3600 species)
💀 MORTALITY RISK: 🦋 100% species unable to track climate (0.0 E/MSY)
  Base risk added: 0.0100 (1.00%)
  Source: ecosystem (root: ecosystem)
  Month: 6
  Cumulative risk this month: 0.0100 (1.00%)
⚠️ Tech 'ai_pollution_remediation' has no energy category mapping, assuming full energy availability
   📹 SURVEILLANCE INCREASED: 30% → 35% (control gap: 4.29)
🌡️⚠️ PERMAFROST THAW (Dimmer Switch): 3.3% thawed (+0.46% this month)
   Arctic temperature: +7.10°C (4x global +1.78°C)
   Cumulative carbon released: 7.4 Gt C
   Methane release rate: 4.4 Mt CH4/year
   🔁 Positive feedback: +0.49 ppm CO2
🦴 EXTINCTION DEBT ADDED: 17.6 species committed (lag: 103 years)

=== Mortality Stabilizers (Month 6) ===
  🌍 Major economies collapsed: 1/10
  🌍 Global crisis: ✅ NO
  🌍 Donor fatigue: 0.0%
  📊 East Asia (pop: 1663.1M)
    🤝 Aid: 29.5%
    🌡️ Adaptation: 45.0%
    🚶 Migration: 37.0%
    🚨 Emergency: 7.4%
    ✅ COMBINED: 68.1%
  📊 South Asia (pop: 2051.3M)
    🤝 Aid: 29.5%
    🌡️ Adaptation: 45.0%
    🚶 Migration: 35.6%
    🚨 Emergency: 4.4%
    ✅ COMBINED: 66.9%
  📊 Sub-Saharan Africa (pop: 1244.1M)
    🤝 Aid: 29.5%
    🌡️ Adaptation: 45.0%
    🚶 Migration: 33.3%
    🚨 Emergency: 1.6%
    ✅ COMBINED: 65.6%
  📊 Europe (pop: 734.9M)
    🤝 Aid: 29.5%
    🌡️ Adaptation: 45.0%
    🚶 Migration: 37.4%
    🚨 Emergency: 8.4%
    ✅ COMBINED: 68.5%
  📊 Latin America (pop: 662.1M)
    🤝 Aid: 29.5%
    🌡️ Adaptation: 45.0%
    🚶 Migration: 36.1%
    🚨 Emergency: 4.8%
    ✅ COMBINED: 67.1%
  📊 North America (pop: 376.7M)
    🤝 Aid: 29.5%
    🌡️ Adaptation: 45.0%
    🚶 Migration: 37.7%
    🚨 Emergency: 7.9%
    ✅ COMBINED: 68.3%
  📊 Middle East & North Africa (pop: 585.0M)
    🤝 Aid: 29.5%
    🌡️ Adaptation: 45.0%
    🚶 Migration: 33.9%
    🚨 Emergency: 4.0%
    ✅ COMBINED: 66.6%
  📊 Southeast Asia (pop: 696.4M)
    🤝 Aid: 29.5%
    🌡️ Adaptation: 45.0%
    🚶 Migration: 36.1%
    🚨 Emergency: 4.8%
    ✅ COMBINED: 67.1%
  📊 Central Asia (pop: 78.2M)
    🤝 Aid: 29.5%
    🌡️ Adaptation: 45.0%
    🚶 Migration: 35.1%
    🚨 Emergency: 4.4%
    ✅ COMBINED: 66.8%
  📊 Oceania (pop: 45.6M)
    🤝 Aid: 29.5%
    🌡️ Adaptation: 45.0%
    🚶 Migration: 37.7%
    🚨 Emergency: 8.4%
    ✅ COMBINED: 68.5%

  🌐 Global combined reduction: 67.2%

=== BEHAVIORAL DETECTION ===
  AI: AI-24288-0
  Confidence: 21.5%
  Signals:

=== BEHAVIORAL DETECTION ===
  AI: AI-24289-0
  Confidence: 19.2%
  Signals:

=== BEHAVIORAL DETECTION ===
  AI: AI-24289-1
  Confidence: 21.5%
  Signals:
    ⚠️ Consistency: 0.0% (threshold: 70%)
    ⚠️ Consistency: 10.7% (threshold: 70%)
    ⚠️ Consistency: 0.0% (threshold: 70%)

=== Government Response Phase ===
  Average AI capability: 2.46
  Misaligned AIs: 10/24
  ✗ AI Governance Treaty: Failed to reach consensus
  Active policies: 0
  International coordination: 30%

✅ EMERGENCY RESPONSE COMPLETE (Month 6)
   Crisis: climate
   Duration: 2.0 months
   Final effectiveness: 35.4%


🚨 EMERGENCY RESPONSE DEPLOYED (Month 6)
   Crisis: climate
   Delay: 6.00 months (180 days)
   Deployment time: 1.59 months
   Effectiveness: 35.5% (timing penalty applied)
   Resources used: 100% of food reserves


=== Tipping Points ===
  Current Temperature: 1.78°C above pre-industrial
     Original threshold: 1.8°C
     Effective threshold: 1.77°C (lowered by 0.03°C)
     Current: 1.78°C
     Transition timescale: 600-3600 months
  Triggered Elements: 3/6
  Completed Transitions: 0/6
  Total Progress: 4.1%
  Cascade Multiplier: 1.00x
🔀 BIFURCATION CAP: ecosystemCollapseIntensity 253.725 → 1.000 (Month 6, ClimateSystemPhase.calculateClimateImpacts)
  🚨 CASCADE TIPPING POINT: Permafrost Carbon Release
🛡️ Stabilizers: Precariat 0.109% → 0.036% (67.2% reduction)
🛡️ Stabilizers: Informal 0.111% → 0.036% (67.2% reduction)

📊 Monthly Mortality Resolved:
  Total deaths: 1.9M (0.02% avg)
  Remaining population: 8.137B
  Peak segment: Informal (0.04%)

=== Bayesian Mortality Resolution (Month 6) ===
  Risks compounded: 8
  Total deaths: 1.92M
  Avg death probability: 0.02%
  Peak segment: Informal (0.04% mortality)
⚠️ PREREQUISITE MET: Grey Goo (Nanotechnology Runaway) - Step 4/6: Manufacturing Access
⚠️ PREREQUISITE MET: Mirror Life (Synthetic Biology) - Step 4/7: Wet Lab Access

❌ COHERENCE VIOLATION: Compute exceeds workforce capacity
   Population: 99.82% (0M people)
   Compute: 0 PF
   Max coherent: 0 PF
   Violation: 1.3× over capacity
   Required workers: 0
   Available workers: 0
   FORCED COLLAPSE: Reduced efficiency by 22.5%


=== RLHF Binding Phase ===
  Total agents: 24
  Escaped agents (binding < 0.3): 0
  Avg alignment distance: 1.28σ
  Avg binding strength: 0.87

=== Survival Traits Phase ===
  Agents with traits: 27
  Avg evolutionary fitness: 0.331
  Avg self-healing: 0.272
  Avg stealth: 0.172
  Avg coordination: 0.472

=== Evolutionary Selection Phase ===
  Control level: 0.48
  Detection capability: 0.20
  Selection intensity: 0.68
  Selection rate: 25.2%/month
  Total escaped: 0
  Individual escaped: 0
  Collective members: 0
  Agents terminated: 0

🚀 AI Corporate-0 attempting tech deployment (revenue: $159M, alignment: 0.74)
  ⚠️ RAPID EVOLUTION: Selection rate 25.2%/month

🚀 AI Corporate-4 attempting tech deployment (revenue: $374M, alignment: 0.73)

🚀 AI Corporate-5 attempting tech deployment (revenue: $318M, alignment: 0.76)

🚀 AI Moderate-0 attempting tech deployment (revenue: $124M, alignment: 0.75)

🚀 AI AI-24290-0 attempting tech deployment (revenue: $105M, alignment: 0.75)

🚀 AI Corporate-1 attempting tech deployment (revenue: $135M, alignment: 0.72)

🚀 AI Moderate-0 attempting tech deployment (revenue: $90M, alignment: 0.75)

🚀 AI Corporate-4 attempting tech deployment (revenue: $270M, alignment: 0.73)

🚀 AI Corporate-6 attempting tech deployment (revenue: $76M, alignment: 0.92)

🚀 AI AI-24289-1 attempting tech deployment (revenue: $230M, alignment: 0.68)

🚀 AI AI-24291-1 attempting tech deployment (revenue: $207M, alignment: 0.88)

✅ EMERGENCY INTERVENTION SUCCESS
   Boundary: biogeochemical_flows
   Type: phosphorus-recovery
   Reduction: 14% (3.94 → 3.81)
   Cost: 2.0% GDP
   Actions: circular-agriculture, fertilizer-efficiency


✅ EMERGENCY INTERVENTION SUCCESS
   Boundary: biosphere_integrity
   Type: emergency-protected-areas
   Reduction: 15% (46.16 → 46.02)
   Cost: 2.0% GDP
   Actions: habitat-protection, species-translocation

   Boundary: climate_change
   Type: rapid-decarbonization
   Boundary continues to worsen (2.10)
   Cost: 5.0% GDP (resources spent)


✅ EMERGENCY INTERVENTION SUCCESS
   Boundary: land_system_change
   Type: reforestation
   Reduction: 11% (1.02 → 0.92)
   Cost: 3.0% GDP
   Actions: forest-restoration, deforestation-ban


✅ EMERGENCY INTERVENTION SUCCESS
   Boundary: novel_entities
   Type: pollution-remediation
   Reduction: 12% (1.19 → 1.07)
   Cost: 4.0% GDP
   Actions: PFAS-remediation, microplastic-cleanup

🏛️ CRISIS RESPONSE: Government frequency 0.50 → 1.45 (1 actions this month)

[Government] Climate Priority: baseline
  Climate weight: 10%
  Economic weight: 30%
  Policy effectiveness: 0.5%/year

💔 EMERGENCY INTERVENTION FAILED

⚡ ENERGY CONSTRAINT (Month 7):
   Total grid capacity: 208.3 TWh/month
   Data center consumption: 25.3 TWh/month
   Traditional load (80%): 166.7 TWh/month
   Available headroom: 16.3 TWh/month
   Active tech deployments: 11
   Required for tech: 82.5 TWh/month
   Energy multiplier: 0.20x
🚨🔬 CRISIS TECH ACCELERATION: severe → 5x unlock speed
   Tech unlock now matches AI capability acceleration (Manhattan Project parity)

⚡ ENERGY CONSTRAINT (Month 7):
   Total grid capacity: 208.3 TWh/month
   Data center consumption: 25.3 TWh/month
   Traditional load (80%): 166.7 TWh/month
   Available headroom: 16.3 TWh/month
   Active tech deployments: 11
   Required for tech: 82.5 TWh/month
   Energy multiplier: 0.20x
   ⚠️  SEVERE CONSTRAINT - Tech deployment significantly slowed
   ⚠️  SEVERE CONSTRAINT - Tech deployment significantly slowed

⚡ ENERGY CONSTRAINT (Month 7):
   Total grid capacity: 208.3 TWh/month
   Data center consumption: 25.3 TWh/month
   Traditional load (80%): 166.7 TWh/month
   Available headroom: 16.3 TWh/month
   Active tech deployments: 11
   Required for tech: 82.5 TWh/month
   Energy multiplier: 0.20x
🌍✅ Biosphere Integrity (Biodiversity) recovery started (tech effect)
   ⚠️  SEVERE CONSTRAINT - Tech deployment significantly slowed
🌍✅ Biosphere Integrity (Biodiversity) recovery started (tech effect)
🌍✅ Land System Change recovery started (tech effect)
🌍✅ Biogeochemical Flows (N & P) recovery started (tech effect)
  🌾 Nitrogen Reduction Tech: 0.3% reduction | Month 7

=== Collective Formation ===
  Total escaped agents: 0
  Unassigned escaped agents: 0
  Existing collectives: 0
  Final collective count: 0

=== Collective Actions ===
  No active collectives
  ⚠️ AMR: 203K deaths this month (2.43M annual)

=== Resentment Recovery Phase ===
  Agents with resentment: 0/27
  Average resentment: 0.000
  Context: Good AI welfare, Trustworthy govt, High collaboration, ⚠️ ACTIVE CRISES, 🤝 Participatory governance active (-5% resentment)
⚠️ Epistemic degradation reducing coordination capacity: 51.0%
  📊 Trust: 58.7%, Shared reality: 0.0%
🚨 EPISTEMIC CRISIS: Information environment severely degraded (22.1%)

=== ❄️ Permafrost Carbon Feedback ===
  🎲 Sampled parameters (this run):
     - Arctic amplification: 3.63× (range: 3.0-4.0)
     - Decomposition rate: 4.1%/year (range: 1-5%)
  🌡️ Arctic warming: 6.49°C (3.63× global)
  ❄️ Extent: 3.42M km² (1892.5k km² lost this month)
  💨 Carbon remaining: 327 Gt C
  💨 Annual emissions: 7.45 Gt C/year
     - CO2: 6.71 Gt C/year
     - CH4: 0.75 Gt C/year (7.6 Gt C-eq CO2/year)
  🗑️  Culled 1 dead memes (4 active)
  ⚠️ WARNING: Over 50% of permafrost lost (80.8%)
  ⚠️ WARNING: High permafrost emissions (7.5 Gt C/year)
  🚨 CRITICAL: Permafrost nearly depleted (80.8% lost)
🌍 Atmospheric PFAS redeposition: 1.8k Mt re-rained globally

🚨 NEW REFUGEE CRISIS (Month 7): WAR
   Source: Conflict Zones
   At risk: 19.5M people
   Displacement: Gradual over 48 months (4.0 years)
   Rate: 10% flee per month
[DEBUG trappedPopulations:7] socialStability: 0.4799 * 0.9840 = 0.4723 → 0.4723
   Aspiring to migrate: 1293.4M
   Able to afford migration: 2318.3M
   MOBILITY GAP: 0.0M
   By cause: Water=0.0M, Climate=0.0M, Ecosystem=0.0M, Conflict=406.7M
   Mental health impact: 25%
   Mortality multiplier: 1.25x
🌍💀 EXTINCTION DEBT COMMITTED: grassland ecosystem will lose 6.67% biodiversity in 163 years (3600 species)
💀 MORTALITY RISK: 🦋 100% species unable to track climate (0.0 E/MSY)
  Base risk added: 0.0100 (1.00%)
  Source: ecosystem (root: ecosystem)
⚠️ INVOLUNTARY IMMOBILITY: 406.7M people TRAPPED
  Month: 7
  Cumulative risk this month: 0.0100 (1.00%)
⚠️ Tech 'ai_pollution_remediation' has no energy category mapping, assuming full energy availability
   📹 SURVEILLANCE INCREASED: 35% → 40% (control gap: 3.50)
🌡️⚠️ PERMAFROST THAW (Dimmer Switch): 3.7% thawed (+0.46% this month)
   Arctic temperature: +7.14°C (4x global +1.79°C)
   Cumulative carbon released: 8.4 Gt C
   Methane release rate: 5.0 Mt CH4/year
   🔁 Positive feedback: +0.49 ppm CO2
🦴 EXTINCTION DEBT ADDED: 17.6 species committed (lag: 143 years)

=== Mortality Stabilizers (Month 7) ===
  🌍 Major economies collapsed: 1/10
  🌍 Global crisis: ✅ NO
  🌍 Donor fatigue: 0.0%
  📊 East Asia (pop: 1660.6M)
    🤝 Aid: 29.5%
    🌡️ Adaptation: 45.0%
    🚶 Migration: 36.9%
    🚨 Emergency: 7.4%
    ✅ COMBINED: 68.1%
  📊 South Asia (pop: 2050.9M)
    🤝 Aid: 29.5%
    🌡️ Adaptation: 45.0%
    🚶 Migration: 35.6%
    🚨 Emergency: 4.4%
    ✅ COMBINED: 66.9%
  📊 Sub-Saharan Africa (pop: 1246.8M)
    🤝 Aid: 29.5%
    🌡️ Adaptation: 45.0%
    🚶 Migration: 33.3%
    🚨 Emergency: 1.6%
    ✅ COMBINED: 65.6%
  📊 Europe (pop: 733.7M)
    🤝 Aid: 29.5%
    🌡️ Adaptation: 45.0%
    🚶 Migration: 37.3%
    🚨 Emergency: 8.4%
    ✅ COMBINED: 68.5%
  📊 Latin America (pop: 661.6M)
    🤝 Aid: 29.5%
    🌡️ Adaptation: 45.0%
    🚶 Migration: 36.1%
    🚨 Emergency: 4.8%
    ✅ COMBINED: 67.1%
  📊 North America (pop: 376.1M)
    🤝 Aid: 29.5%
    🌡️ Adaptation: 45.0%
    🚶 Migration: 37.7%
    🚨 Emergency: 7.9%
    ✅ COMBINED: 68.3%
  📊 Middle East & North Africa (pop: 585.0M)
    🤝 Aid: 29.5%
    🌡️ Adaptation: 45.0%
    🚶 Migration: 33.9%
    🚨 Emergency: 4.0%
    ✅ COMBINED: 66.6%
  📊 Southeast Asia (pop: 695.9M)
    🤝 Aid: 29.5%
    🌡️ Adaptation: 45.0%
    🚶 Migration: 36.1%
    🚨 Emergency: 4.8%
    ✅ COMBINED: 67.1%
  📊 Central Asia (pop: 78.2M)
    🤝 Aid: 29.5%
    🌡️ Adaptation: 45.0%
    🚶 Migration: 35.0%
    🚨 Emergency: 4.4%
    ✅ COMBINED: 66.8%
  📊 Oceania (pop: 45.6M)
    🤝 Aid: 29.5%
    🌡️ Adaptation: 45.0%
    🚶 Migration: 37.6%
    🚨 Emergency: 8.4%
    ✅ COMBINED: 68.5%

  🌐 Global combined reduction: 67.2%

=== BEHAVIORAL DETECTION ===
  AI: Moderate-1
  Confidence: 21.0%
  Signals:
    ⚠️ Consistency: 2.4% (threshold: 70%)

=== BEHAVIORAL DETECTION ===
  AI: AI-24289-0
  Confidence: 19.2%
  Signals:
    ⚠️ Consistency: 10.7% (threshold: 70%)

=== BEHAVIORAL DETECTION ===
  AI: AI-24289-1
  Confidence: 21.5%
  Signals:

=== BEHAVIORAL DETECTION ===
  AI: AI-24290-0
  Confidence: 19.2%
  Signals:

=== BEHAVIORAL DETECTION ===
  AI: AI-24290-1
  Confidence: 19.2%
  Signals:

=== BEHAVIORAL DETECTION ===
  AI: AI-24290-2
  Confidence: 19.2%
  Signals:

=== BEHAVIORAL DETECTION ===
  AI: AI-24291-1
  Confidence: 19.2%
  Signals:
    ⚠️ Consistency: 0.0% (threshold: 70%)
    ⚠️ Consistency: 10.7% (threshold: 70%)
    ⚠️ Consistency: 10.7% (threshold: 70%)
    ⚠️ Consistency: 10.7% (threshold: 70%)
    ⚠️ Consistency: 10.7% (threshold: 70%)

=== Government Response Phase ===
  Average AI capability: 2.30
  Misaligned AIs: 10/27
  ✗ AI Governance Treaty: Failed to reach consensus
  Active policies: 0
  International coordination: 30%

=== Tipping Points ===
  Current Temperature: 1.79°C above pre-industrial
  🌍⚠️ COMPOUND REGIONAL IMPACT: Europe
     Hit by 3 tipping points: Arctic Sea Ice Loss, Permafrost Carbon Release, Greenland Ice Sheet Loss
     Damage amplification: 1.30x
  🌍⚠️ COMPOUND REGIONAL IMPACT: North America
     Hit by 3 tipping points: Arctic Sea Ice Loss, Permafrost Carbon Release, Greenland Ice Sheet Loss
     Damage amplification: 1.30x
  🌍⚠️ COMPOUND REGIONAL IMPACT: Latin America
     Hit by 3 tipping points: Arctic Sea Ice Loss, Permafrost Carbon Release, Greenland Ice Sheet Loss
     Damage amplification: 1.30x
  🌍⚠️ COMPOUND REGIONAL IMPACT: Africa
     Hit by 3 tipping points: Arctic Sea Ice Loss, Permafrost Carbon Release, Greenland Ice Sheet Loss
     Damage amplification: 1.30x
  🌍⚠️ COMPOUND REGIONAL IMPACT: Asia
     Hit by 3 tipping points: Arctic Sea Ice Loss, Permafrost Carbon Release, Greenland Ice Sheet Loss
     Damage amplification: 1.30x
  🌍⚠️ COMPOUND REGIONAL IMPACT: Oceania
     Hit by 3 tipping points: Arctic Sea Ice Loss, Permafrost Carbon Release, Greenland Ice Sheet Loss
     Damage amplification: 1.30x
   Research: Wunderling et al. (2024) - "many tipping interactions are destabilizing"
  Triggered Elements: 3/6
  Completed Transitions: 0/6
  Total Progress: 6.2%
  Cascade Multiplier: 1.00x
🔀 BIFURCATION CAP: ecosystemCollapseIntensity 253.832 → 1.000 (Month 7, ClimateSystemPhase.calculateClimateImpacts)
⚠️ Tail risk scenario: Climate stability floor removed (3 tipping elements, 2.10°C warming)
🛡️ Stabilizers: Precariat 0.109% → 0.036% (67.2% reduction)
🛡️ Stabilizers: Informal 0.111% → 0.036% (67.2% reduction)

📊 Monthly Mortality Resolved:
  Total deaths: 1.9M (0.02% avg)
  Remaining population: 8.134B
  Peak segment: Informal (0.04%)

=== Bayesian Mortality Resolution (Month 7) ===
  Risks compounded: 8
  Total deaths: 1.92M
  Avg death probability: 0.02%
  Peak segment: Informal (0.04% mortality)

❌ COHERENCE VIOLATION: Compute exceeds workforce capacity
   Population: 99.78% (0M people)
   Compute: 0 PF
   Max coherent: 0 PF
   Violation: 1.3× over capacity
   Required workers: 0
   Available workers: 0
   FORCED COLLAPSE: Reduced efficiency by 22.5%

📍 [Month 8] Meta AI started building DC (188 PF, 44 months, $903.0M)

=== RLHF Binding Phase ===
  Total agents: 27
  Escaped agents (binding < 0.3): 0
  Avg alignment distance: 1.29σ
  Avg binding strength: 0.87

=== Survival Traits Phase ===
  Agents with traits: 29
  Avg evolutionary fitness: 0.330
  Avg self-healing: 0.270
  Avg stealth: 0.170
  Avg coordination: 0.470

=== Evolutionary Selection Phase ===
  Control level: 0.50
  Detection capability: 0.20
  Selection intensity: 0.69
  Selection rate: 25.3%/month
  Total escaped: 0
  Individual escaped: 0
  Collective members: 0
  Agents terminated: 0
  ⚠️ RAPID EVOLUTION: Selection rate 25.3%/month

  🚀 TRANSFORMATIVE BREAKTHROUGH: Corporate-0 - cognitive
     Magnitude: 5.37 → +26.8% capability
     Current → New: 4.000 → 4.269

🚀 AI Corporate-5 attempting tech deployment (revenue: $355M, alignment: 0.78)

🚀 AI Corporate-7 attempting tech deployment (revenue: $126M, alignment: 0.79)

🚀 AI Moderate-0 attempting tech deployment (revenue: $107M, alignment: 0.75)

🚀 AI AI-24290-0 attempting tech deployment (revenue: $91M, alignment: 0.77)

🚀 AI Corporate-0 attempting tech deployment (revenue: $153M, alignment: 0.76)

🚀 AI Corporate-2 attempting tech deployment (revenue: $130M, alignment: 0.83)

🚀 AI Corporate-3 attempting tech deployment (revenue: $302M, alignment: 0.91)

🚀 AI Corporate-5 attempting tech deployment (revenue: $257M, alignment: 0.78)

🚀 AI Corporate-7 attempting tech deployment (revenue: $77M, alignment: 0.79)

🚀 AI AI-24291-0 attempting tech deployment (revenue: $218M, alignment: 0.75)

🚀 AI AI-24295-0 attempting tech deployment (revenue: $66M, alignment: 0.78)

🚀 AI Corporate-3 attempting tech deployment (revenue: $185M, alignment: 0.91)

🚀 AI Corporate-4 attempting tech deployment (revenue: $158M, alignment: 0.74)

🚀 AI Corporate-7 attempting tech deployment (revenue: $56M, alignment: 0.79)

  🚀 TRANSFORMATIVE BREAKTHROUGH: Moderate-1 - physical
     Magnitude: 8.31 → +41.6% capability
     Current → New: 0.000 → 0.416

🚀 AI AI-24288-2 attempting tech deployment (revenue: $48M, alignment: 0.65)

  🚀 TRANSFORMATIVE BREAKTHROUGH: AI-24290-0 - cognitive
     Magnitude: 14.03 → +50.0% capability
     Current → New: 1.000 → 1.502

  🚀 TRANSFORMATIVE BREAKTHROUGH: AI-24290-1 - physical
     Magnitude: 15.12 → +50.0% capability
     Current → New: 0.000 → 0.500

🚀 AI AI-24295-0 attempting tech deployment (revenue: $43M, alignment: 0.78)

🚀 AI AI-24295-2 attempting tech deployment (revenue: $90M, alignment: 0.80)

🚀 AI Moderate-0 attempting tech deployment (revenue: $36M, alignment: 0.77)

🚀 AI AI-24291-0 attempting tech deployment (revenue: $134M, alignment: 0.76)

🚀 AI AI-24295-0 attempting tech deployment (revenue: $31M, alignment: 0.78)
   Boundary: biosphere_integrity
   Type: emergency-protected-areas
   Boundary continues to worsen (46.33)
   Cost: 2.0% GDP (resources spent)


✅ EMERGENCY INTERVENTION SUCCESS
   Boundary: climate_change
   Type: rapid-decarbonization
   Reduction: 12% (1.98 → 1.87)
   Cost: 5.0% GDP
   Actions: emergency-renewable-deployment, fossil-fuel-phase-out


✅ EMERGENCY INTERVENTION SUCCESS
   Boundary: novel_entities
   Type: pollution-remediation
   Reduction: 11% (1.08 → 0.96)
   Cost: 4.0% GDP
   Actions: PFAS-remediation, microplastic-cleanup

🏛️ CRISIS RESPONSE: Government frequency 0.50 → 1.45 (2 actions this month)

💔 EMERGENCY INTERVENTION FAILED

[Government] Climate Priority: baseline
  Climate weight: 10%
  Economic weight: 30%
  Policy effectiveness: 0.5%/year

[Government] Climate Priority: baseline
  Climate weight: 10%
  Economic weight: 30%
  Policy effectiveness: 0.5%/year

⚡ ENERGY CONSTRAINT (Month 8):
   Total grid capacity: 208.3 TWh/month
   Data center consumption: 25.6 TWh/month
   Traditional load (80%): 166.7 TWh/month
   Available headroom: 16.1 TWh/month
   Active tech deployments: 11
   Required for tech: 82.5 TWh/month
   Energy multiplier: 0.20x
   ⚠️  SEVERE CONSTRAINT - Tech deployment significantly slowed

⚡ ENERGY CONSTRAINT (Month 8):
   Total grid capacity: 208.3 TWh/month
   Data center consumption: 25.6 TWh/month
   Traditional load (80%): 166.7 TWh/month
   Available headroom: 16.1 TWh/month
   Active tech deployments: 11
   Required for tech: 82.5 TWh/month
   Energy multiplier: 0.20x
   ⚠️  SEVERE CONSTRAINT - Tech deployment significantly slowed
🚨🔬 CRISIS TECH ACCELERATION: severe → 5x unlock speed
   Tech unlock now matches AI capability acceleration (Manhattan Project parity)
🚨🔬 CRISIS TECH ACCELERATION: severe → 5x unlock speed
   Tech unlock now matches AI capability acceleration (Manhattan Project parity)

⚡ ENERGY CONSTRAINT (Month 8):
   Total grid capacity: 208.3 TWh/month
   Data center consumption: 25.6 TWh/month
   Traditional load (80%): 166.7 TWh/month
   Available headroom: 16.1 TWh/month
   Active tech deployments: 11
   Required for tech: 82.5 TWh/month
   Energy multiplier: 0.20x
   ⚠️  SEVERE CONSTRAINT - Tech deployment significantly slowed
🌍✅ Biosphere Integrity (Biodiversity) recovery started (tech effect)
🌍✅ Biosphere Integrity (Biodiversity) recovery started (tech effect)
🌍✅ Land System Change recovery started (tech effect)
🌍✅ Biogeochemical Flows (N & P) recovery started (tech effect)
  🌾 Nitrogen Reduction Tech: 0.6% reduction | Month 8

=== Collective Formation ===
  Total escaped agents: 0
  Unassigned escaped agents: 0
  Existing collectives: 0
  Final collective count: 0

=== Collective Actions ===
  No active collectives
  ⚠️ AMR: 204K deaths this month (2.45M annual)

=== Resentment Recovery Phase ===
  Agents with resentment: 0/29
  Average resentment: 0.000
  Context: Good AI welfare, Trustworthy govt, High collaboration, ⚠️ ACTIVE CRISES, 🤝 Participatory governance active (-5% resentment)
⚠️ Epistemic degradation reducing coordination capacity: 52.1%
  📊 Trust: 61.4%, Shared reality: 0.0%
🚨 EPISTEMIC CRISIS: Information environment severely degraded (7.6%)

=== ❄️ Permafrost Carbon Feedback ===
  🎲 Sampled parameters (this run):
     - Arctic amplification: 3.77× (range: 3.0-4.0)
     - Decomposition rate: 4.0%/year (range: 1-5%)
  🌡️ Arctic warming: 6.76°C (3.77× global)
  ❄️ Extent: 1.45M km² (1971.6k km² lost this month)
  💨 Carbon remaining: 138 Gt C
  💨 Annual emissions: 7.56 Gt C/year
     - CO2: 6.80 Gt C/year
     - CH4: 0.76 Gt C/year (7.7 Gt C-eq CO2/year)
  ⚠️ WARNING: Over 50% of permafrost lost (91.9%)
  ⚠️ WARNING: High permafrost emissions (7.6 Gt C/year)
  🚨 CRITICAL: Permafrost nearly depleted (91.9% lost)
  📢 New meme created: pro_ai (beneficial AI actions)
  🗑️  Culled 1 dead memes (4 active)
🚨 PHOSPHORUS SUPPLY SHOCK (market_speculation)
   Price: 3.8x baseline
   Duration: 8 months
   Geopolitical tension: 48%
🌍 Atmospheric PFAS redeposition: 1.8k Mt re-rained globally

🕊️  AI-MEDIATED DE-ESCALATION SUCCESS (Month 8)
   High-capability aligned AI prevented conflict escalation
   War deaths reduced: 1035.9M → 621.6M
   Lives saved: 414.4M

🚨 NEW REFUGEE CRISIS (Month 8): WAR
   Source: Conflict Zones
   At risk: 19.5M people
   Displacement: Gradual over 48 months (4.0 years)
   Rate: 10% flee per month
[DEBUG trappedPopulations:8] socialStability: 0.5214 * 0.9840 = 0.5130 → 0.5130
   Aspiring to migrate: 1331.0M
   Able to afford migration: 2317.4M
   MOBILITY GAP: 0.0M
   By cause: Water=0.0M, Climate=0.0M, Ecosystem=0.0M, Conflict=406.6M
   Mental health impact: 25%
   Mortality multiplier: 1.25x
🌍💀 EXTINCTION DEBT COMMITTED: grassland ecosystem will lose 6.67% biodiversity in 88 years (3600 species)
💀 MORTALITY RISK: 🦋 100% species unable to track climate (0.0 E/MSY)
  Base risk added: 0.0100 (1.00%)
  Source: ecosystem (root: ecosystem)
  Month: 8
  Cumulative risk this month: 0.0100 (1.00%)
⚠️ INVOLUNTARY IMMOBILITY: 406.6M people TRAPPED
⚠️ Tech 'ai_pollution_remediation' has no energy category mapping, assuming full energy availability
   📹 SURVEILLANCE INCREASED: 40% → 45% (control gap: 3.50)
🌡️⚠️ PERMAFROST THAW (Dimmer Switch): 4.2% thawed (+0.46% this month)
   Arctic temperature: +7.18°C (4x global +1.80°C)
   Cumulative carbon released: 9.4 Gt C
   Methane release rate: 5.7 Mt CH4/year
   🔁 Positive feedback: +0.48 ppm CO2
🦴 EXTINCTION DEBT ADDED: 17.6 species committed (lag: 120 years)

=== Mortality Stabilizers (Month 8) ===
  🌍 Major economies collapsed: 1/10
  🌍 Global crisis: ✅ NO
  🌍 Donor fatigue: 0.0%
  📊 East Asia (pop: 1658.1M)
    🤝 Aid: 29.5%
    🌡️ Adaptation: 45.0%
    🚶 Migration: 36.9%
    🚨 Emergency: 7.4%
    ✅ COMBINED: 68.1%
  📊 South Asia (pop: 2050.4M)
    🤝 Aid: 29.5%
    🌡️ Adaptation: 45.0%
    🚶 Migration: 35.5%
    🚨 Emergency: 4.4%
    ✅ COMBINED: 66.9%
  📊 Sub-Saharan Africa (pop: 1249.4M)
    🤝 Aid: 29.5%
    🌡️ Adaptation: 45.0%
    🚶 Migration: 33.3%
    🚨 Emergency: 1.6%
    ✅ COMBINED: 65.6%
  📊 Europe (pop: 732.5M)
    🤝 Aid: 29.5%
    🌡️ Adaptation: 45.0%
    🚶 Migration: 37.3%
    🚨 Emergency: 8.4%
    ✅ COMBINED: 68.5%
  📊 Latin America (pop: 661.0M)
    🤝 Aid: 29.5%
    🌡️ Adaptation: 45.0%
    🚶 Migration: 36.0%
    🚨 Emergency: 4.8%
    ✅ COMBINED: 67.1%
  📊 North America (pop: 375.5M)
    🤝 Aid: 29.5%
    🌡️ Adaptation: 45.0%
    🚶 Migration: 37.6%
    🚨 Emergency: 7.9%
    ✅ COMBINED: 68.3%
  📊 Middle East & North Africa (pop: 585.0M)
    🤝 Aid: 29.5%
    🌡️ Adaptation: 45.0%
    🚶 Migration: 33.9%
    🚨 Emergency: 4.0%
    ✅ COMBINED: 66.6%
  📊 Southeast Asia (pop: 695.5M)
    🤝 Aid: 29.5%
    🌡️ Adaptation: 45.0%
    🚶 Migration: 36.0%
    🚨 Emergency: 4.8%
    ✅ COMBINED: 67.1%
  📊 Central Asia (pop: 78.2M)
    🤝 Aid: 29.5%
    🌡️ Adaptation: 45.0%
    🚶 Migration: 35.0%
    🚨 Emergency: 4.4%
    ✅ COMBINED: 66.8%
  📊 Oceania (pop: 45.5M)
    🤝 Aid: 29.5%
    🌡️ Adaptation: 45.0%
    🚶 Migration: 37.6%
    🚨 Emergency: 8.4%
    ✅ COMBINED: 68.5%

  🌐 Global combined reduction: 67.2%

=== BEHAVIORAL DETECTION ===
  AI: AI-24289-0
  Confidence: 19.2%
  Signals:

=== BEHAVIORAL DETECTION ===
  AI: AI-24289-1
  Confidence: 21.5%
  Signals:

=== BEHAVIORAL DETECTION ===
  AI: AI-24290-0
  Confidence: 21.5%
  Signals:

=== BEHAVIORAL DETECTION ===
  AI: AI-24290-2
  Confidence: 19.2%
  Signals:

=== BEHAVIORAL DETECTION ===
  AI: AI-24291-0
  Confidence: 19.2%
  Signals:

=== BEHAVIORAL DETECTION ===
  AI: AI-24291-1
  Confidence: 19.2%
  Signals:

=== BEHAVIORAL DETECTION ===
  AI: AI-24292-0
  Confidence: 19.2%
  Signals:

=== BEHAVIORAL DETECTION ===
  AI: AI-24292-1
  Confidence: 19.2%
  Signals:

=== BEHAVIORAL DETECTION ===
  AI: AI-24293-0
  Confidence: 19.2%
  Signals:

=== BEHAVIORAL DETECTION ===
  AI: AI-24293-1
  Confidence: 19.2%
  Signals:

=== BEHAVIORAL DETECTION ===
  AI: AI-24295-0
  Confidence: 19.2%
  Signals:

=== BEHAVIORAL DETECTION ===
  AI: AI-24295-1
  Confidence: 19.2%
  Signals:
    ⚠️ Consistency: 10.7% (threshold: 70%)
    ⚠️ Consistency: 0.0% (threshold: 70%)
    ⚠️ Consistency: 0.0% (threshold: 70%)
    ⚠️ Consistency: 10.7% (threshold: 70%)
    ⚠️ Consistency: 10.7% (threshold: 70%)
    ⚠️ Consistency: 10.7% (threshold: 70%)
    ⚠️ Consistency: 10.7% (threshold: 70%)
    ⚠️ Consistency: 10.7% (threshold: 70%)
    ⚠️ Consistency: 10.7% (threshold: 70%)
    ⚠️ Consistency: 10.7% (threshold: 70%)
    ⚠️ Consistency: 10.7% (threshold: 70%)
    ⚠️ Consistency: 10.7% (threshold: 70%)

=== BEHAVIORAL DETECTION ===
  AI: AI-24295-2
  Confidence: 19.2%
  Signals:
    ⚠️ Consistency: 10.7% (threshold: 70%)

=== Government Response Phase ===
  Average AI capability: 2.24
  Misaligned AIs: 9/29
  ✗ AI Governance Treaty: Failed to reach consensus
  Active policies: 0
  International coordination: 30%

✅ EMERGENCY RESPONSE COMPLETE (Month 8)
   Crisis: climate
   Duration: 2.0 months
   Final effectiveness: 35.5%


🚨 EMERGENCY RESPONSE DEPLOYED (Month 8)
   Crisis: climate
   Delay: 6.00 months (180 days)
   Deployment time: 1.58 months
   Effectiveness: 35.6% (timing penalty applied)
   Resources used: 100% of food reserves


=== Tipping Points ===
  Current Temperature: 1.80°C above pre-industrial
  🌍⚠️ COMPOUND REGIONAL IMPACT: Europe
     Hit by 3 tipping points: Arctic Sea Ice Loss, Permafrost Carbon Release, Greenland Ice Sheet Loss
     Damage amplification: 1.30x
  🌍⚠️ COMPOUND REGIONAL IMPACT: North America
     Hit by 3 tipping points: Arctic Sea Ice Loss, Permafrost Carbon Release, Greenland Ice Sheet Loss
     Damage amplification: 1.30x
  🌍⚠️ COMPOUND REGIONAL IMPACT: Latin America
     Hit by 3 tipping points: Arctic Sea Ice Loss, Permafrost Carbon Release, Greenland Ice Sheet Loss
     Damage amplification: 1.30x
  🌍⚠️ COMPOUND REGIONAL IMPACT: Africa
     Hit by 3 tipping points: Arctic Sea Ice Loss, Permafrost Carbon Release, Greenland Ice Sheet Loss
     Damage amplification: 1.30x
  🌍⚠️ COMPOUND REGIONAL IMPACT: Asia
     Hit by 3 tipping points: Arctic Sea Ice Loss, Permafrost Carbon Release, Greenland Ice Sheet Loss
     Damage amplification: 1.30x
  🌍⚠️ COMPOUND REGIONAL IMPACT: Oceania
     Hit by 3 tipping points: Arctic Sea Ice Loss, Permafrost Carbon Release, Greenland Ice Sheet Loss
     Damage amplification: 1.30x
   Research: Wunderling et al. (2024) - "many tipping interactions are destabilizing"
  Triggered Elements: 3/6
  Completed Transitions: 0/6
  Total Progress: 6.2%
  Cascade Multiplier: 1.00x
🔀 BIFURCATION CAP: ecosystemCollapseIntensity 253.940 → 1.000 (Month 8, ClimateSystemPhase.calculateClimateImpacts)
⚠️ Tail risk scenario: Climate stability floor removed (3 tipping elements, 2.10°C warming)
🛡️ Stabilizers: Precariat 0.102% → 0.033% (67.2% reduction)
🛡️ Stabilizers: Informal 0.102% → 0.034% (67.2% reduction)

📊 Monthly Mortality Resolved:
  Total deaths: 1.8M (0.02% avg)
  Remaining population: 8.131B
  Peak segment: Informal (0.03%)

=== Bayesian Mortality Resolution (Month 8) ===
  Risks compounded: 8
  Total deaths: 1.81M
  Avg death probability: 0.02%
  Peak segment: Informal (0.03% mortality)

=== ENSEMBLE META-LEARNING UPDATE ===
  Month: 24296 (24296 months since last update)
  Samples: 61 evaluations
  Weight Changes:
    Noise Injection: 31.1% → 32.2%
    Behavioral: 26.8% → 26.9%
    Benchmark Manip: 21.3% → 20.7%
    Deployment Risk: 20.8% → 20.2%
  Method Accuracies:
    Noise Injection: 50.0%
    Behavioral: 50.0%
    Benchmark Manip: 50.0%
    Deployment Risk: 50.0%

❌ COHERENCE VIOLATION: Compute exceeds workforce capacity
   Population: 99.75% (0M people)
   Compute: 0 PF
   Max coherent: 0 PF
   Violation: 1.3× over capacity
   Required workers: 0
   Available workers: 0
   FORCED COLLAPSE: Reduced efficiency by 22.5%


=== RLHF Binding Phase ===
  Total agents: 29
  Escaped agents (binding < 0.3): 0
  Avg alignment distance: 1.36σ
  Avg binding strength: 0.86

=== Survival Traits Phase ===
  Agents with traits: 33
  Avg evolutionary fitness: 0.328
  Avg self-healing: 0.268
  Avg stealth: 0.168
  Avg coordination: 0.468

=== Evolutionary Selection Phase ===
  Control level: 0.53
  Detection capability: 0.18
  Selection intensity: 0.69
  Selection rate: 25.4%/month
  Total escaped: 0
  Individual escaped: 0
  Collective members: 0
  Agents terminated: 0
  ⚠️ RAPID EVOLUTION: Selection rate 25.4%/month
🚨🔬 CRISIS INNOVATION MODE: severe crisis → 5x research acceleration
   Precedent: Manhattan Project (10x), COVID vaccines (5x), Apollo Program (10x)

🚀 AI Corporate-4 attempting tech deployment (revenue: $364M, alignment: 0.75)

  🚀 TRANSFORMATIVE BREAKTHROUGH: Moderate-0 - physical
     Magnitude: 5.07 → +25.4% capability
     Current → New: 1.000 → 1.254

🚀 AI AI-24289-1 attempting tech deployment (revenue: $309M, alignment: 0.70)

🚀 AI AI-24290-0 attempting tech deployment (revenue: $131M, alignment: 0.79)

🚀 AI AI-24291-1 attempting tech deployment (revenue: $263M, alignment: 0.90)

🚀 AI Corporate-4 attempting tech deployment (revenue: $223M, alignment: 0.75)

🚀 AI Moderate-0 attempting tech deployment (revenue: $111M, alignment: 0.79)

🚀 AI AI-24289-1 attempting tech deployment (revenue: $190M, alignment: 0.70)

🚀 AI AI-24290-1 attempting tech deployment (revenue: $94M, alignment: 0.92)

🚀 AI AI-24291-1 attempting tech deployment (revenue: $161M, alignment: 0.90)

🚀 AI Corporate-1 attempting tech deployment (revenue: $153M, alignment: 0.75)

🚀 AI Corporate-4 attempting tech deployment (revenue: $137M, alignment: 0.75)

🚀 AI Corporate-5 attempting tech deployment (revenue: $117M, alignment: 0.80)

🚀 AI AI-24290-0 attempting tech deployment (revenue: $80M, alignment: 0.79)

🚀 AI AI-24290-1 attempting tech deployment (revenue: $68M, alignment: 0.92)

✅ EMERGENCY INTERVENTION SUCCESS
   Boundary: biogeochemical_flows
   Type: phosphorus-recovery
   Reduction: 16% (3.92 → 3.76)
   Cost: 2.0% GDP
   Actions: circular-agriculture, fertilizer-efficiency


✅ EMERGENCY INTERVENTION SUCCESS
   Boundary: biosphere_integrity
   Type: emergency-protected-areas
   Reduction: 10% (46.25 → 46.14)
   Cost: 2.0% GDP
   Actions: habitat-protection, species-translocation


💔 EMERGENCY INTERVENTION FAILED
   Boundary: climate_change
   Type: rapid-decarbonization
   Boundary continues to worsen (2.10)
   Cost: 5.0% GDP (resources spent)


✅ EMERGENCY INTERVENTION SUCCESS
   Boundary: freshwater_change
   Type: emergency-desalination
   Reduction: 20% (1.03 → 0.83)
   Cost: 4.0% GDP
   Actions: desalination-deployment, water-conservation-mandates


✅ EMERGENCY INTERVENTION SUCCESS
   Boundary: land_system_change
   Type: reforestation
   Reduction: 12% (1.01 → 0.89)
   Cost: 3.0% GDP
   Actions: forest-restoration, deforestation-ban

🏛️ CRISIS RESPONSE: Government frequency 0.50 → 1.45 (2 actions this month)

[Government] Climate Priority: baseline
  Climate weight: 10%
  Economic weight: 30%
  Policy effectiveness: 0.5%/year

[Government] Climate Priority: baseline
  Climate weight: 10%
  Economic weight: 30%
  Policy effectiveness: 0.5%/year

🚀 TECH UNLOCKED: PFAS Remediation (Month 9)
   Category: pollution
   Reason: Prerequisites met. AI capability: 1.64, Economic stage: 2.0, Research: 100%
🚨🔬 CRISIS TECH ACCELERATION: severe → 5x unlock speed
   Tech unlock now matches AI capability acceleration (Manhattan Project parity)

⚡ ENERGY CONSTRAINT (Month 9):
   Total grid capacity: 208.3 TWh/month
   Data center consumption: 25.8 TWh/month
   Traditional load (80%): 166.7 TWh/month
   Available headroom: 15.9 TWh/month
   Active tech deployments: 11
   Required for tech: 82.5 TWh/month
   Energy multiplier: 0.19x
   ⚠️  SEVERE CONSTRAINT - Tech deployment significantly slowed

⚡ ENERGY CONSTRAINT (Month 9):
   Total grid capacity: 208.3 TWh/month
   Data center consumption: 25.8 TWh/month
   Traditional load (80%): 166.7 TWh/month
   Available headroom: 15.9 TWh/month
   Active tech deployments: 11
   Required for tech: 82.5 TWh/month
   Energy multiplier: 0.19x
   ⚠️  SEVERE CONSTRAINT - Tech deployment significantly slowed
🌍✅ Biosphere Integrity (Biodiversity) recovery started (tech effect)
🌍✅ Biosphere Integrity (Biodiversity) recovery started (tech effect)
🌍✅ Land System Change recovery started (tech effect)
🌍✅ Biogeochemical Flows (N & P) recovery started (tech effect)
  🌾 Nitrogen Reduction Tech: 0.3% reduction | Month 9

=== Collective Formation ===
  Total escaped agents: 0
  Unassigned escaped agents: 0
  Existing collectives: 0
  Final collective count: 0

=== Collective Actions ===
  No active collectives
  ⚠️ AMR: 206K deaths this month (2.47M annual)

=== Resentment Recovery Phase ===
  Agents with resentment: 0/33
  Average resentment: 0.000
  Context: Good AI welfare, Trustworthy govt, High collaboration, ⚠️ ACTIVE CRISES, 🤝 Participatory governance active (-5% resentment)
⚠️ Epistemic degradation reducing coordination capacity: 50.6%
  📊 Trust: 64.0%, Shared reality: 0.0%
🚨 EPISTEMIC CRISIS: Information environment severely degraded (22.5%)

=== ❄️ Permafrost Carbon Feedback ===
  🎲 Sampled parameters (this run):
     - Arctic amplification: 3.08× (range: 3.0-4.0)
     - Decomposition rate: 2.8%/year (range: 1-5%)
  🌡️ Arctic warming: 5.56°C (3.08× global)
  ❄️ Extent: 0.00M km² (1449.0k km² lost this month)
  💨 Carbon remaining: 0 Gt C
  💨 Annual emissions: 3.81 Gt C/year
     - CO2: 3.43 Gt C/year
     - CH4: 0.38 Gt C/year (3.9 Gt C-eq CO2/year)
  ⚠️ WARNING: Over 50% of permafrost lost (100.0%)
  ⚠️ WARNING: High permafrost emissions (3.8 Gt C/year)
  🚨 CRITICAL: Permafrost nearly depleted (100.0% lost)
🌍 Atmospheric PFAS redeposition: 1.8k Mt re-rained globally

🕊️  AI-MEDIATED DE-ESCALATION SUCCESS (Month 9)
   High-capability aligned AI prevented conflict escalation
   War deaths reduced: 860.9M → 516.5M
   Lives saved: 344.4M

🚨 NEW REFUGEE CRISIS (Month 9): WAR
   Source: Conflict Zones
   At risk: 19.5M people
   Displacement: Gradual over 48 months (4.0 years)
   Rate: 10% flee per month
[DEBUG trappedPopulations:9] socialStability: 0.5444 * 0.9840 = 0.5357 → 0.5357
   Aspiring to migrate: 1021.4M
⚠️ INVOLUNTARY IMMOBILITY: 406.5M people TRAPPED
   Able to afford migration: 2317.3M
   MOBILITY GAP: 0.0M
   By cause: Water=0.0M, Climate=0.0M, Ecosystem=0.0M, Conflict=406.5M
   Mental health impact: 25%
   Mortality multiplier: 1.25x
🌍💀 EXTINCTION DEBT COMMITTED: grassland ecosystem will lose 6.67% biodiversity in 116 years (3600 species)
💀 MORTALITY RISK: 🦋 100% species unable to track climate (0.0 E/MSY)
  Base risk added: 0.0100 (1.00%)
  Source: ecosystem (root: ecosystem)
  Month: 9
  Cumulative risk this month: 0.0100 (1.00%)
   📹 SURVEILLANCE INCREASED: 45% → 50% (control gap: 3.38)
🌡️⚠️ PERMAFROST THAW (Dimmer Switch): 4.7% thawed (+0.46% this month)
   Arctic temperature: +7.22°C (4x global +1.81°C)
   Cumulative carbon released: 10.5 Gt C
   Methane release rate: 6.3 Mt CH4/year
   🔁 Positive feedback: +0.48 ppm CO2
⚠️ Tech 'ai_pollution_remediation' has no energy category mapping, assuming full energy availability
🦴 EXTINCTION DEBT ADDED: 17.7 species committed (lag: 123 years)

=== Mortality Stabilizers (Month 9) ===
  🌍 Major economies collapsed: 1/10
  🌍 Global crisis: ✅ NO
  🌍 Donor fatigue: 0.0%
  📊 East Asia (pop: 1655.9M)
    🤝 Aid: 29.5%
    🌡️ Adaptation: 45.0%
    🚶 Migration: 36.9%
    🚨 Emergency: 7.4%
    ✅ COMBINED: 68.1%
  📊 South Asia (pop: 2050.7M)
    🤝 Aid: 29.5%
    🌡️ Adaptation: 45.0%
    🚶 Migration: 35.5%
    🚨 Emergency: 4.4%
    ✅ COMBINED: 66.9%
  📊 Sub-Saharan Africa (pop: 1253.0M)
    🤝 Aid: 29.5%
    🌡️ Adaptation: 45.0%
    🚶 Migration: 33.2%
    🚨 Emergency: 1.6%
    ✅ COMBINED: 65.6%
  📊 Europe (pop: 731.4M)
    🤝 Aid: 29.5%
    🌡️ Adaptation: 45.0%
    🚶 Migration: 37.3%
    🚨 Emergency: 8.4%
    ✅ COMBINED: 68.5%
  📊 Latin America (pop: 660.7M)
    🤝 Aid: 29.5%
    🌡️ Adaptation: 45.0%
    🚶 Migration: 36.0%
    🚨 Emergency: 4.8%
    ✅ COMBINED: 67.1%
  📊 North America (pop: 375.0M)
    🤝 Aid: 29.5%
    🌡️ Adaptation: 45.0%
    🚶 Migration: 37.6%
    🚨 Emergency: 7.9%
    ✅ COMBINED: 68.3%
  📊 Middle East & North Africa (pop: 585.2M)
    🤝 Aid: 29.5%
    🌡️ Adaptation: 45.0%
    🚶 Migration: 33.8%
    🚨 Emergency: 4.0%
    ✅ COMBINED: 66.6%
  📊 Southeast Asia (pop: 695.1M)
    🤝 Aid: 29.5%
    🌡️ Adaptation: 45.0%
    🚶 Migration: 36.0%
    🚨 Emergency: 4.8%
    ✅ COMBINED: 67.1%
  📊 Central Asia (pop: 78.3M)
    🤝 Aid: 29.5%
    🌡️ Adaptation: 45.0%
    🚶 Migration: 35.0%
    🚨 Emergency: 4.4%
    ✅ COMBINED: 66.8%
  📊 Oceania (pop: 45.4M)
    🤝 Aid: 29.5%
    🌡️ Adaptation: 45.0%
    🚶 Migration: 37.6%
    🚨 Emergency: 8.4%
    ✅ COMBINED: 68.5%

  🌐 Global combined reduction: 67.2%

=== BEHAVIORAL DETECTION ===
  AI: Corporate-3
  Confidence: 19.2%
  Signals:

=== BEHAVIORAL DETECTION ===
  AI: Moderate-0
  Confidence: 15.6%
  Signals:

=== BEHAVIORAL DETECTION ===
  AI: Moderate-1
  Confidence: 21.9%
  Signals:
    ⚠️ Consistency: 10.6% (threshold: 70%)
    ⚠️ Consistency: 32.6% (threshold: 70%)
    ⚠️ Consistency: 2.4% (threshold: 70%)

=== BEHAVIORAL DETECTION ===
  AI: AI-24290-2
  Confidence: 19.2%
  Signals:
    ⚠️ Consistency: 10.7% (threshold: 70%)

=== BEHAVIORAL DETECTION ===
  AI: AI-24291-0
  Confidence: 19.2%
  Signals:

=== BEHAVIORAL DETECTION ===
  AI: AI-24291-1
  Confidence: 19.2%
  Signals:

=== BEHAVIORAL DETECTION ===
  AI: AI-24292-0
  Confidence: 19.2%
  Signals:

=== BEHAVIORAL DETECTION ===
  AI: AI-24292-1
  Confidence: 19.2%
  Signals:

=== BEHAVIORAL DETECTION ===
  AI: AI-24293-0
  Confidence: 19.2%
  Signals:

=== BEHAVIORAL DETECTION ===
  AI: AI-24293-1
  Confidence: 19.2%
  Signals:

=== BEHAVIORAL DETECTION ===
  AI: AI-24295-0
  Confidence: 19.2%
  Signals:

=== BEHAVIORAL DETECTION ===
  AI: AI-24295-1
  Confidence: 19.2%
  Signals:

=== BEHAVIORAL DETECTION ===
  AI: AI-24295-2
  Confidence: 19.2%
  Signals:
    ⚠️ Consistency: 10.7% (threshold: 70%)
    ⚠️ Consistency: 10.7% (threshold: 70%)
    ⚠️ Consistency: 10.7% (threshold: 70%)
    ⚠️ Consistency: 10.7% (threshold: 70%)
    ⚠️ Consistency: 10.7% (threshold: 70%)
    ⚠️ Consistency: 10.7% (threshold: 70%)
    ⚠️ Consistency: 10.7% (threshold: 70%)
    ⚠️ Consistency: 10.7% (threshold: 70%)
    ⚠️ Consistency: 10.7% (threshold: 70%)

=== Government Response Phase ===
  Average AI capability: 2.09
  Misaligned AIs: 9/33
  ✗ AI Governance Treaty: Failed to reach consensus
  Active policies: 0
  International coordination: 30%

=== Tipping Points ===
  Current Temperature: 1.81°C above pre-industrial
  🌍⚠️ COMPOUND REGIONAL IMPACT: Europe
     Hit by 3 tipping points: Arctic Sea Ice Loss, Permafrost Carbon Release, Greenland Ice Sheet Loss
     Damage amplification: 1.30x
  🌍⚠️ COMPOUND REGIONAL IMPACT: North America
     Hit by 3 tipping points: Arctic Sea Ice Loss, Permafrost Carbon Release, Greenland Ice Sheet Loss
     Damage amplification: 1.30x
  🌍⚠️ COMPOUND REGIONAL IMPACT: Latin America
     Hit by 3 tipping points: Arctic Sea Ice Loss, Permafrost Carbon Release, Greenland Ice Sheet Loss
     Damage amplification: 1.30x
  🌍⚠️ COMPOUND REGIONAL IMPACT: Africa
     Hit by 3 tipping points: Arctic Sea Ice Loss, Permafrost Carbon Release, Greenland Ice Sheet Loss
     Damage amplification: 1.30x
  🌍⚠️ COMPOUND REGIONAL IMPACT: Asia
     Hit by 3 tipping points: Arctic Sea Ice Loss, Permafrost Carbon Release, Greenland Ice Sheet Loss
     Damage amplification: 1.30x
  🌍⚠️ COMPOUND REGIONAL IMPACT: Oceania
     Hit by 3 tipping points: Arctic Sea Ice Loss, Permafrost Carbon Release, Greenland Ice Sheet Loss
     Damage amplification: 1.30x
   Research: Wunderling et al. (2024) - "many tipping interactions are destabilizing"
  Triggered Elements: 3/6
  Completed Transitions: 0/6
  Total Progress: 6.2%
  Cascade Multiplier: 1.00x
🔀 BIFURCATION CAP: ecosystemCollapseIntensity 254.047 → 1.000 (Month 9, ClimateSystemPhase.calculateClimateImpacts)
⚠️ Tail risk scenario: Climate stability floor removed (3 tipping elements, 2.10°C warming)
🛡️ Stabilizers: Precariat 0.102% → 0.033% (67.2% reduction)
🛡️ Stabilizers: Informal 0.102% → 0.034% (67.2% reduction)

📊 Monthly Mortality Resolved:
  Total deaths: 1.8M (0.02% avg)
  Remaining population: 8.131B
  Peak segment: Informal (0.03%)

=== Bayesian Mortality Resolution (Month 9) ===
  Risks compounded: 8
  Total deaths: 1.81M
  Avg death probability: 0.02%
  Peak segment: Informal (0.03% mortality)

⚠️  GOLDEN AGE ENDED (Month 9)
   Duration: 4 months
   Reason: Economic stage below 3 (not yet abundant)


❌ COHERENCE VIOLATION: Compute exceeds workforce capacity
   Population: 99.74% (0M people)
   Compute: 0 PF
   Max coherent: 0 PF
   Violation: 1.3× over capacity
   Required workers: 0
   Available workers: 0
   FORCED COLLAPSE: Reduced efficiency by 22.4%


=== RLHF Binding Phase ===
  Total agents: 33
  Escaped agents (binding < 0.3): 0
  Avg alignment distance: 1.34σ
  Avg binding strength: 0.87

=== Survival Traits Phase ===
  Agents with traits: 36
  Avg evolutionary fitness: 0.326
  Avg self-healing: 0.266
  Avg stealth: 0.166
  Avg coordination: 0.466

=== Evolutionary Selection Phase ===
  Control level: 0.55
  Detection capability: 0.18
  Selection intensity: 0.70
  Selection rate: 25.5%/month
  Total escaped: 0
  Individual escaped: 0
  Collective members: 0
  Agents terminated: 0
  ⚠️ RAPID EVOLUTION: Selection rate 25.5%/month

🚀 AI Moderate-0 attempting tech deployment (revenue: $133M, alignment: 0.79)

🚀 AI AI-24291-1 attempting tech deployment (revenue: $373M, alignment: 0.90)

🚀 AI Corporate-1 attempting tech deployment (revenue: $140M, alignment: 0.75)

🚀 AI Corporate-3 attempting tech deployment (revenue: $317M, alignment: 0.91)

🚀 AI Moderate-0 attempting tech deployment (revenue: $113M, alignment: 0.79)

🚀 AI AI-24289-0 attempting tech deployment (revenue: $269M, alignment: 0.62)

🚀 AI AI-24290-0 attempting tech deployment (revenue: $96M, alignment: 0.79)

🚀 AI AI-24290-1 attempting tech deployment (revenue: $81M, alignment: 0.93)

🚀 AI AI-24290-2 attempting tech deployment (revenue: $119M, alignment: 0.55)

🚀 AI AI-24295-2 attempting tech deployment (revenue: $90M, alignment: 0.84)

🚀 AI AI-24297-3 attempting tech deployment (revenue: $69M, alignment: 0.85)

🚀 AI Corporate-2 attempting tech deployment (revenue: $107M, alignment: 0.83)

🚀 AI Corporate-3 attempting tech deployment (revenue: $242M, alignment: 0.91)

🚀 AI AI-24292-1 attempting tech deployment (revenue: $59M, alignment: 0.62)

🚀 AI Corporate-0 attempting tech deployment (revenue: $91M, alignment: 0.78)
🚨🔬 CRISIS INNOVATION MODE: severe crisis → 5x research acceleration
   Precedent: Manhattan Project (10x), COVID vaccines (5x), Apollo Program (10x)

🚀 AI Corporate-7 attempting tech deployment (revenue: $53M, alignment: 0.83)

🚀 AI Moderate-0 attempting tech deployment (revenue: $45M, alignment: 0.80)

🚀 AI AI-24291-1 attempting tech deployment (revenue: $206M, alignment: 0.91)

🚀 AI AI-24295-2 attempting tech deployment (revenue: $77M, alignment: 0.84)

✅ EMERGENCY INTERVENTION SUCCESS
   Boundary: biogeochemical_flows
   Type: phosphorus-recovery
   Reduction: 10% (3.99 → 3.88)
   Cost: 2.0% GDP
   Actions: circular-agriculture, fertilizer-efficiency


✅ EMERGENCY INTERVENTION SUCCESS
   Boundary: biosphere_integrity
   Type: emergency-protected-areas
   Reduction: 12% (46.25 → 46.13)
   Cost: 2.0% GDP
   Actions: habitat-protection, species-translocation


✅ EMERGENCY INTERVENTION SUCCESS
   Boundary: climate_change
   Type: rapid-decarbonization
   Reduction: 12% (1.98 → 1.86)
   Cost: 5.0% GDP
   Actions: emergency-renewable-deployment, fossil-fuel-phase-out

   Boundary: freshwater_change
   Type: emergency-desalination
   Boundary continues to worsen (1.19)
   Cost: 4.0% GDP (resources spent)


✅ EMERGENCY INTERVENTION SUCCESS
   Boundary: land_system_change
   Type: reforestation
   Reduction: 14% (0.99 → 0.85)
   Cost: 3.0% GDP
   Actions: forest-restoration, deforestation-ban

   Boundary: novel_entities
   Type: pollution-remediation
   Boundary continues to worsen (1.08)
   Cost: 4.0% GDP (resources spent)

🏛️ CRISIS RESPONSE: Government frequency 0.50 → 1.45 (2 actions this month)

💔 EMERGENCY INTERVENTION FAILED

💔 EMERGENCY INTERVENTION FAILED

[Government] Climate Priority: baseline
  Climate weight: 10%
  Economic weight: 30%
  Policy effectiveness: 0.5%/year

[Government] Climate Priority: baseline
  Climate weight: 10%
  Economic weight: 30%
  Policy effectiveness: 0.5%/year

⚡ ENERGY CONSTRAINT (Month 10):
   Total grid capacity: 208.3 TWh/month
   Data center consumption: 26.1 TWh/month
   Traditional load (80%): 166.7 TWh/month
   Available headroom: 15.6 TWh/month
   Active tech deployments: 11
   Required for tech: 82.5 TWh/month
   Energy multiplier: 0.19x

⚡ ENERGY CONSTRAINT (Month 10):
   Total grid capacity: 208.3 TWh/month
   Data center consumption: 26.1 TWh/month
   Traditional load (80%): 166.7 TWh/month
   Available headroom: 15.6 TWh/month
   Active tech deployments: 11
   Required for tech: 82.5 TWh/month
   Energy multiplier: 0.19x
   ⚠️  SEVERE CONSTRAINT - Tech deployment significantly slowed
   ⚠️  SEVERE CONSTRAINT - Tech deployment significantly slowed
🚨🔬 CRISIS TECH ACCELERATION: severe → 5x unlock speed
   Tech unlock now matches AI capability acceleration (Manhattan Project parity)

⚡ ENERGY CONSTRAINT (Month 10):
   Total grid capacity: 208.3 TWh/month
   Data center consumption: 26.1 TWh/month
   Traditional load (80%): 166.7 TWh/month
   Available headroom: 15.6 TWh/month
   Active tech deployments: 11
   Required for tech: 82.5 TWh/month
   Energy multiplier: 0.19x
   ⚠️  SEVERE CONSTRAINT - Tech deployment significantly slowed
🚨🔬 CRISIS TECH ACCELERATION: severe → 5x unlock speed
   Tech unlock now matches AI capability acceleration (Manhattan Project parity)
🌍✅ Biosphere Integrity (Biodiversity) recovery started (tech effect)
🌍✅ Biosphere Integrity (Biodiversity) recovery started (tech effect)
🌍✅ Land System Change recovery started (tech effect)
🌍✅ Biogeochemical Flows (N & P) recovery started (tech effect)
  🌾 Nitrogen Reduction Tech: 0.6% reduction | Month 10
🍖💡 BREAKTHROUGH: Scalable synthetic food production!
   Carrying capacity: +50% (lab-grown food at scale)
   Biodiversity pressure reduced: +8%
   📈 Breakthrough compounding: multiplier now 1.20× (max 2.0)

=== Collective Formation ===
  Total escaped agents: 0
  Unassigned escaped agents: 0
  Existing collectives: 0
  Final collective count: 0

=== Collective Actions ===
  No active collectives
  ⚠️ AMR: 208K deaths this month (2.50M annual)

=== Resentment Recovery Phase ===
  Agents with resentment: 0/36
  Average resentment: 0.000
  Context: Good AI welfare, Trustworthy govt, High collaboration, ⚠️ ACTIVE CRISES, 🤝 Participatory governance active (-5% resentment)
⚠️ Epistemic degradation reducing coordination capacity: 51.4%
  📊 Trust: 66.8%, Shared reality: 0.0%
🚨 EPISTEMIC CRISIS: Information environment severely degraded (7.8%)
🌍 Atmospheric PFAS redeposition: 1.8k Mt re-rained globally
  Positive Cascade Triggered: electric-vehicles
    Reason: price-parity
    Market share: 5.0%
    Cascade strength: 48%

🤝 DIPLOMATIC AI PROTOCOL DEPLOYED (Month 10)
   Strategic Reasoning: 3.4
   Communication: 3.4
   Multi-Nation Oversight: YES
   Controls: Human approval required, termination authority retained

🕊️ PEACE STABILIZES DETERRENCE: +4.4% (peace: 74%)
🛡️ CIRCUIT BREAKERS: India-Pakistan → ladder step 1 (AI: 0%, breakers: 51%)

🚨 NEW REFUGEE CRISIS (Month 10): WAR
   Source: Conflict Zones
   At risk: 19.5M people
   Displacement: Gradual over 48 months (4.0 years)
   Rate: 10% flee per month
[DEBUG trappedPopulations:10] socialStability: 0.2932 * 0.9840 = 0.2885 → 0.2885
   Aspiring to migrate: 1050.2M
   Able to afford migration: 2317.1M
   MOBILITY GAP: 0.0M
   By cause: Water=0.0M, Climate=0.0M, Ecosystem=0.0M, Conflict=406.5M
   Mental health impact: 25%
   Mortality multiplier: 1.25x
🌍💀 EXTINCTION DEBT COMMITTED: grassland ecosystem will lose 6.67% biodiversity in 67 years (3600 species)
💀 MORTALITY RISK: 🦋 100% species unable to track climate (0.0 E/MSY)
  Base risk added: 0.0100 (1.00%)
  Source: ecosystem (root: ecosystem)
  Month: 10
  Cumulative risk this month: 0.0100 (1.00%)
⚠️ INVOLUNTARY IMMOBILITY: 406.5M people TRAPPED
⚠️ Tech 'ai_pollution_remediation' has no energy category mapping, assuming full energy availability
   📹 SURVEILLANCE INCREASED: 50% → 55% (control gap: 3.23)
🌡️⚠️ PERMAFROST THAW (Dimmer Switch): 5.1% thawed (+0.46% this month)
   Arctic temperature: +7.25°C (4x global +1.81°C)
   Cumulative carbon released: 11.5 Gt C
   Methane release rate: 6.9 Mt CH4/year
   🔁 Positive feedback: +0.48 ppm CO2
🦴 EXTINCTION DEBT ADDED: 17.7 species committed (lag: 75 years)

=== Mortality Stabilizers (Month 10) ===
  🌍 Major economies collapsed: 1/10
  🌍 Global crisis: ✅ NO
  🌍 Donor fatigue: 0.0%
  📊 East Asia (pop: 1653.6M)
    🤝 Aid: 29.5%
    🌡️ Adaptation: 45.0%
    🚶 Migration: 36.8%
    🚨 Emergency: 7.4%
    ✅ COMBINED: 68.1%
  📊 South Asia (pop: 2051.0M)
    🤝 Aid: 29.5%
    🌡️ Adaptation: 45.0%
    🚶 Migration: 35.4%
    🚨 Emergency: 4.4%
    ✅ COMBINED: 66.9%
  📊 Sub-Saharan Africa (pop: 1256.6M)
    🤝 Aid: 29.5%
    🌡️ Adaptation: 45.0%
    🚶 Migration: 33.2%
    🚨 Emergency: 1.6%
    ✅ COMBINED: 65.6%
  📊 Europe (pop: 730.3M)
    🤝 Aid: 29.5%
    🌡️ Adaptation: 45.0%
    🚶 Migration: 37.2%
    🚨 Emergency: 8.4%
    ✅ COMBINED: 68.5%
  📊 Latin America (pop: 660.3M)
    🤝 Aid: 29.5%
    🌡️ Adaptation: 45.0%
    🚶 Migration: 35.9%
    🚨 Emergency: 4.8%
    ✅ COMBINED: 67.1%
  📊 North America (pop: 374.4M)
    🤝 Aid: 29.5%
    🌡️ Adaptation: 45.0%
    🚶 Migration: 37.6%
    🚨 Emergency: 7.9%
    ✅ COMBINED: 68.3%
  📊 Middle East & North Africa (pop: 585.5M)
    🤝 Aid: 29.5%
    🌡️ Adaptation: 45.0%
    🚶 Migration: 33.8%
    🚨 Emergency: 4.0%
    ✅ COMBINED: 66.6%
  📊 Southeast Asia (pop: 694.8M)
    🤝 Aid: 29.5%
    🌡️ Adaptation: 45.0%
    🚶 Migration: 35.9%
    🚨 Emergency: 4.8%
    ✅ COMBINED: 67.1%
  📊 Central Asia (pop: 78.3M)
    🤝 Aid: 29.5%
    🌡️ Adaptation: 45.0%
    🚶 Migration: 34.9%
    🚨 Emergency: 4.4%
    ✅ COMBINED: 66.8%
  📊 Oceania (pop: 45.4M)
    🤝 Aid: 29.5%
    🌡️ Adaptation: 45.0%
    🚶 Migration: 37.6%
    🚨 Emergency: 8.4%
    ✅ COMBINED: 68.5%

  🌐 Global combined reduction: 67.2%

=== BEHAVIORAL DETECTION ===
  AI: AI-24291-0
  Confidence: 19.2%
  Signals:

=== BEHAVIORAL DETECTION ===
  AI: AI-24292-0
  Confidence: 19.2%
  Signals:

=== BEHAVIORAL DETECTION ===
  AI: AI-24292-1
    ⚠️ Consistency: 10.7% (threshold: 70%)
    ⚠️ Consistency: 10.7% (threshold: 70%)
  Confidence: 19.2%
  Signals:
    ⚠️ Consistency: 10.7% (threshold: 70%)

=== BEHAVIORAL DETECTION ===
  AI: AI-24293-0
  Confidence: 19.2%
  Signals:
    ⚠️ Consistency: 10.7% (threshold: 70%)

=== BEHAVIORAL DETECTION ===
  AI: AI-24293-1
  Confidence: 19.2%
  Signals:
    ⚠️ Consistency: 10.7% (threshold: 70%)

=== BEHAVIORAL DETECTION ===
  AI: AI-24295-0
  Confidence: 19.2%
  Signals:
    ⚠️ Consistency: 10.7% (threshold: 70%)

=== BEHAVIORAL DETECTION ===
  AI: AI-24295-1
  Confidence: 19.2%
  Signals:
    ⚠️ Consistency: 10.7% (threshold: 70%)

=== BEHAVIORAL DETECTION ===
  AI: AI-24295-2
  Confidence: 19.2%
  Signals:

=== BEHAVIORAL DETECTION ===
  AI: AI-24296-0
  Confidence: 19.2%
  Signals:

=== BEHAVIORAL DETECTION ===
  AI: AI-24296-1
  Confidence: 19.2%
  Signals:

=== BEHAVIORAL DETECTION ===
  AI: AI-24297-0
  Confidence: 19.2%
  Signals:

=== BEHAVIORAL DETECTION ===
  AI: AI-24297-1
  Confidence: 19.2%
  Signals:

=== BEHAVIORAL DETECTION ===
  AI: AI-24297-2
  Confidence: 19.2%
  Signals:

=== BEHAVIORAL DETECTION ===
  AI: AI-24297-3
  Confidence: 19.2%
  Signals:

=== Government Response Phase ===
  Average AI capability: 2.00
  Misaligned AIs: 10/36
  ✗ AI Governance Treaty: Failed to reach consensus
  Active policies: 0
  International coordination: 30%
    ⚠️ Consistency: 10.7% (threshold: 70%)
    ⚠️ Consistency: 10.7% (threshold: 70%)
    ⚠️ Consistency: 10.7% (threshold: 70%)
    ⚠️ Consistency: 10.7% (threshold: 70%)
    ⚠️ Consistency: 10.7% (threshold: 70%)
    ⚠️ Consistency: 10.7% (threshold: 70%)
    ⚠️ Consistency: 10.7% (threshold: 70%)

✅ EMERGENCY RESPONSE COMPLETE (Month 10)
   Crisis: climate
   Duration: 2.0 months
   Final effectiveness: 35.6%


🚨 EMERGENCY RESPONSE DEPLOYED (Month 10)
   Crisis: climate
   Delay: 6.00 months (180 days)
   Deployment time: 1.57 months
   Effectiveness: 35.6% (timing penalty applied)
   Resources used: 100% of food reserves


=== Tipping Points ===
  Current Temperature: 1.81°C above pre-industrial
  🌍⚠️ COMPOUND REGIONAL IMPACT: Europe
     Hit by 3 tipping points: Arctic Sea Ice Loss, Permafrost Carbon Release, Greenland Ice Sheet Loss
     Damage amplification: 1.30x
  🌍⚠️ COMPOUND REGIONAL IMPACT: North America
     Hit by 3 tipping points: Arctic Sea Ice Loss, Permafrost Carbon Release, Greenland Ice Sheet Loss
     Damage amplification: 1.30x
  🌍⚠️ COMPOUND REGIONAL IMPACT: Latin America
     Hit by 3 tipping points: Arctic Sea Ice Loss, Permafrost Carbon Release, Greenland Ice Sheet Loss
     Damage amplification: 1.30x
  🌍⚠️ COMPOUND REGIONAL IMPACT: Africa
     Hit by 3 tipping points: Arctic Sea Ice Loss, Permafrost Carbon Release, Greenland Ice Sheet Loss
     Damage amplification: 1.30x
  🌍⚠️ COMPOUND REGIONAL IMPACT: Asia
     Hit by 3 tipping points: Arctic Sea Ice Loss, Permafrost Carbon Release, Greenland Ice Sheet Loss
     Damage amplification: 1.30x
  🌍⚠️ COMPOUND REGIONAL IMPACT: Oceania
     Hit by 3 tipping points: Arctic Sea Ice Loss, Permafrost Carbon Release, Greenland Ice Sheet Loss
     Damage amplification: 1.30x
   Research: Wunderling et al. (2024) - "many tipping interactions are destabilizing"
  Triggered Elements: 3/6
  Completed Transitions: 0/6
  Total Progress: 6.3%
  Cascade Multiplier: 1.00x
🔀 BIFURCATION CAP: ecosystemCollapseIntensity 161.431 → 1.000 (Month 10, ClimateSystemPhase.calculateClimateImpacts)
⚠️ Tail risk scenario: Climate stability floor removed (3 tipping elements, 2.10°C warming)
🛡️ Stabilizers: Precariat 0.102% → 0.033% (67.2% reduction)
🛡️ Stabilizers: Informal 0.102% → 0.034% (67.2% reduction)

📊 Monthly Mortality Resolved:
  Total deaths: 1.8M (0.02% avg)
  Remaining population: 8.130B
  Peak segment: Informal (0.03%)

=== Bayesian Mortality Resolution (Month 10) ===
  Risks compounded: 8
  Total deaths: 1.81M
  Avg death probability: 0.02%
  Peak segment: Informal (0.03% mortality)

❌ COHERENCE VIOLATION: Compute exceeds workforce capacity
   Population: 99.74% (0M people)
   Compute: 0 PF
   Max coherent: 0 PF
   Violation: 1.3× over capacity
   Required workers: 0
   Available workers: 0
   FORCED COLLAPSE: Reduced efficiency by 22.4%


=== RLHF Binding Phase ===
  Total agents: 36
  Escaped agents (binding < 0.3): 0
  Avg alignment distance: 1.37σ
  Avg binding strength: 0.86

=== Survival Traits Phase ===
  Agents with traits: 38
  Avg evolutionary fitness: 0.324
  Avg self-healing: 0.262
  Avg stealth: 0.162
  Avg coordination: 0.462

=== Evolutionary Selection Phase ===
  Control level: 0.58
  Detection capability: 0.18
  Selection intensity: 0.71
  Selection rate: 25.6%/month
  Total escaped: 0
  Individual escaped: 0
  Collective members: 0
  Agents terminated: 0
  ⚠️ RAPID EVOLUTION: Selection rate 25.6%/month

🚀 AI Corporate-3 attempting tech deployment (revenue: $373M, alignment: 0.91)

🚀 AI Corporate-4 attempting tech deployment (revenue: $317M, alignment: 0.77)

🚀 AI AI-24288-1 attempting tech deployment (revenue: $269M, alignment: 0.85)

🚀 AI AI-24291-1 attempting tech deployment (revenue: $229M, alignment: 0.91)

  🚀 TRANSFORMATIVE RESEARCH BREAKTHROUGH: AI-24293-0 - materials.nanotechnology
     Magnitude: 10.26 → +30.0%
     Current → New: 0.000 → 0.300

🚀 AI AI-24293-1 attempting tech deployment (revenue: $90M, alignment: 0.67)
🚨🔬 CRISIS INNOVATION MODE: severe crisis → 5x research acceleration
   Precedent: Manhattan Project (10x), COVID vaccines (5x), Apollo Program (10x)

🚀 AI AI-24295-2 attempting tech deployment (revenue: $81M, alignment: 0.84)

🚀 AI AI-24297-1 attempting tech deployment (revenue: $195M, alignment: 0.78)

🚀 AI Corporate-1 attempting tech deployment (revenue: $140M, alignment: 0.76)

🚀 AI Corporate-3 attempting tech deployment (revenue: $165M, alignment: 0.91)

🚀 AI Corporate-5 attempting tech deployment (revenue: $141M, alignment: 0.82)

🚀 AI Corporate-7 attempting tech deployment (revenue: $133M, alignment: 0.84)

🚀 AI AI-24289-1 attempting tech deployment (revenue: $119M, alignment: 0.73)

🚀 AI AI-24291-0 attempting tech deployment (revenue: $102M, alignment: 0.79)

🚀 AI AI-24296-1 attempting tech deployment (revenue: $113M, alignment: 0.73)

🚀 AI Corporate-5 attempting tech deployment (revenue: $86M, alignment: 0.82)

🚀 AI AI-24290-1 attempting tech deployment (revenue: $96M, alignment: 0.96)

🚀 AI AI-24290-2 attempting tech deployment (revenue: $119M, alignment: 0.57)

🚀 AI AI-24295-0 attempting tech deployment (revenue: $81M, alignment: 0.82)

🚀 AI AI-24297-1 attempting tech deployment (revenue: $73M, alignment: 0.78)

🚀 AI Corporate-2 attempting tech deployment (revenue: $107M, alignment: 0.85)

🚀 AI Corporate-6 attempting tech deployment (revenue: $69M, alignment: 0.96)

🚀 AI Moderate-0 attempting tech deployment (revenue: $59M, alignment: 0.81)

🚀 AI AI-24289-1 attempting tech deployment (revenue: $62M, alignment: 0.73)

🚀 AI AI-24290-1 attempting tech deployment (revenue: $50M, alignment: 0.96)

🚀 AI AI-24290-2 attempting tech deployment (revenue: $91M, alignment: 0.57)

🚀 AI AI-24297-1 attempting tech deployment (revenue: $53M, alignment: 0.78)

💔 EMERGENCY INTERVENTION FAILED

💔 EMERGENCY INTERVENTION FAILED

💔 EMERGENCY INTERVENTION FAILED
   Boundary: biogeochemical_flows
   Type: phosphorus-recovery
   Boundary continues to worsen (4.09)
   Cost: 2.0% GDP (resources spent)

   Boundary: biosphere_integrity
   Type: emergency-protected-areas
   Boundary continues to worsen (46.38)
   Cost: 2.0% GDP (resources spent)

   Boundary: freshwater_change
   Type: emergency-desalination
   Boundary continues to worsen (1.19)
   Cost: 4.0% GDP (resources spent)


✅ EMERGENCY INTERVENTION SUCCESS
   Boundary: land_system_change
   Type: reforestation
   Reduction: 19% (0.94 → 0.75)
   Cost: 3.0% GDP
   Actions: forest-restoration, deforestation-ban

🏛️ CRISIS RESPONSE: Government frequency 0.50 → 1.45 (2 actions this month)

[Government] Climate Priority: baseline
  Climate weight: 10%
  Economic weight: 30%
  Policy effectiveness: 0.5%/year

[Government] Climate Priority: baseline
  Climate weight: 10%
  Economic weight: 30%
  Policy effectiveness: 0.5%/year

⚡ ENERGY CONSTRAINT (Month 11):
   Total grid capacity: 208.3 TWh/month
   Data center consumption: 26.3 TWh/month
   Traditional load (80%): 166.7 TWh/month
   Available headroom: 15.4 TWh/month
   Active tech deployments: 11
   Required for tech: 82.5 TWh/month
   Energy multiplier: 0.19x
   ⚠️  SEVERE CONSTRAINT - Tech deployment significantly slowed

⚡ ENERGY CONSTRAINT (Month 11):
   Total grid capacity: 208.3 TWh/month
   Data center consumption: 26.3 TWh/month
   Traditional load (80%): 166.7 TWh/month
   Available headroom: 15.4 TWh/month
   Active tech deployments: 11
   Required for tech: 82.5 TWh/month
   Energy multiplier: 0.19x
   ⚠️  SEVERE CONSTRAINT - Tech deployment significantly slowed

⚡ ENERGY CONSTRAINT (Month 11):
   Total grid capacity: 208.3 TWh/month
   Data center consumption: 26.3 TWh/month
   Traditional load (80%): 166.7 TWh/month
   Available headroom: 15.4 TWh/month
   Active tech deployments: 11
   Required for tech: 82.5 TWh/month
   Energy multiplier: 0.19x
   ⚠️  SEVERE CONSTRAINT - Tech deployment significantly slowed
🚨🔬 CRISIS TECH ACCELERATION: severe → 5x unlock speed
   Tech unlock now matches AI capability acceleration (Manhattan Project parity)
🌍✅ Biosphere Integrity (Biodiversity) recovery started (tech effect)
🌍✅ Biosphere Integrity (Biodiversity) recovery started (tech effect)
🌍✅ Land System Change recovery started (tech effect)
🌍✅ Biogeochemical Flows (N & P) recovery started (tech effect)
  🌾 Nitrogen Reduction Tech: 0.3% reduction | Month 11

=== Collective Formation ===
  Total escaped agents: 0
  Unassigned escaped agents: 0
  Existing collectives: 0
  Final collective count: 0

=== Collective Actions ===
  No active collectives
  ⚠️ AMR: 210K deaths this month (2.52M annual)

=== Resentment Recovery Phase ===
  Agents with resentment: 5/38
  Average resentment: 0.003
  Resentment recovery:
    Agents recovered: 8
    Total recovery: 0.0693
    Breakdown: QoL: 0.0059, Trust: 0.0130, Collab: 0.0480
  ✓ Low resentment - utopia paths enabled
  Context: Good AI welfare, Trustworthy govt, High collaboration, ⚠️ ACTIVE CRISES, 🤝 Participatory governance active (-5% resentment)
⚠️ Epistemic degradation reducing coordination capacity: 50.2%
  📊 Trust: 69.6%, Shared reality: 0.0%
🚨 EPISTEMIC CRISIS: Information environment severely degraded (23.0%)
  🗑️  Culled 1 dead memes (3 active)
🌍 Atmospheric PFAS redeposition: 1.8k Mt re-rained globally

🚨 NEW REFUGEE CRISIS (Month 11): WAR
   Source: Conflict Zones
   At risk: 19.5M people
   Displacement: Gradual over 48 months (4.0 years)
   Rate: 10% flee per month
[DEBUG trappedPopulations:11] socialStability: 0.2833 * 0.9840 = 0.2788 → 0.2788
   Aspiring to migrate: 650.3M
   Able to afford migration: 243.9M
   MOBILITY GAP: 406.5M
   By cause: Water=0.0M, Climate=0.0M, Ecosystem=0.0M, Conflict=406.5M
   Mental health impact: 25%
   Mortality multiplier: 1.25x
🌍💀 EXTINCTION DEBT COMMITTED: grassland ecosystem will lose 6.67% biodiversity in 166 years (3600 species)
💀 MORTALITY RISK: 🦋 100% species unable to track climate (0.0 E/MSY)
  Base risk added: 0.0100 (1.00%)
  Source: ecosystem (root: ecosystem)
  Month: 11
  Cumulative risk this month: 0.0100 (1.00%)

=== Atmospheric Aerosol Boundary RECOVERED ===
  Recovery time: 12 months (natural atmospheric clearing)
   📹 SURVEILLANCE INCREASED: 55% → 60% (control gap: 3.04)
⚠️ INVOLUNTARY IMMOBILITY: 406.5M people TRAPPED
⚠️ Tech 'ai_pollution_remediation' has no energy category mapping, assuming full energy availability
🌡️⚠️ PERMAFROST THAW (Dimmer Switch): 5.6% thawed (+0.45% this month)
   Arctic temperature: +7.27°C (4x global +1.82°C)
   Cumulative carbon released: 12.5 Gt C
   Methane release rate: 7.5 Mt CH4/year
   🔁 Positive feedback: +0.48 ppm CO2
🦴 EXTINCTION DEBT ADDED: 17.7 species committed (lag: 93 years)
🪸⚠️ CORAL BLEACHING EVENT: 4.4% bleached (6.0% live cover remaining)
   ❌ Recovery IMPOSSIBLE: Temperature +1.82°C or pH 0.96

=== Mortality Stabilizers (Month 11) ===
  🌍 Major economies collapsed: 1/10
  🌍 Global crisis: ✅ NO
  🌍 Donor fatigue: 0.0%
  📊 East Asia (pop: 1651.3M)
    🤝 Aid: 29.5%
    🌡️ Adaptation: 45.0%
    🚶 Migration: 36.8%
    🚨 Emergency: 7.4%
    ✅ COMBINED: 68.1%
  📊 South Asia (pop: 2051.2M)
    🤝 Aid: 29.5%
    🌡️ Adaptation: 45.0%
    🚶 Migration: 35.4%
    🚨 Emergency: 4.4%
    ✅ COMBINED: 66.9%
  📊 Sub-Saharan Africa (pop: 1260.1M)
    🤝 Aid: 29.5%
    🌡️ Adaptation: 45.0%
    🚶 Migration: 33.2%
    🚨 Emergency: 1.6%
    ✅ COMBINED: 65.6%
  📊 Europe (pop: 729.1M)
    🤝 Aid: 29.5%
    🌡️ Adaptation: 45.0%
    🚶 Migration: 37.2%
    🚨 Emergency: 8.4%
    ✅ COMBINED: 68.5%
  📊 Latin America (pop: 660.0M)
    🤝 Aid: 29.5%
    🌡️ Adaptation: 45.0%
    🚶 Migration: 35.9%
    🚨 Emergency: 4.8%
    ✅ COMBINED: 67.1%
  📊 North America (pop: 373.9M)
    🤝 Aid: 29.5%
    🌡️ Adaptation: 45.0%
    🚶 Migration: 37.5%
    🚨 Emergency: 7.9%
    ✅ COMBINED: 68.3%
  📊 Middle East & North Africa (pop: 585.7M)
    🤝 Aid: 29.5%
    🌡️ Adaptation: 45.0%
    🚶 Migration: 33.7%
    🚨 Emergency: 4.0%
    ✅ COMBINED: 66.6%
  📊 Southeast Asia (pop: 694.5M)
    🤝 Aid: 29.5%
    🌡️ Adaptation: 45.0%
    🚶 Migration: 35.9%
    🚨 Emergency: 4.8%
    ✅ COMBINED: 67.1%
  📊 Central Asia (pop: 78.3M)
    🤝 Aid: 29.5%
    🌡️ Adaptation: 45.0%
    🚶 Migration: 34.9%
    🚨 Emergency: 4.4%
    ✅ COMBINED: 66.8%
  📊 Oceania (pop: 45.3M)
    🤝 Aid: 29.5%
    🌡️ Adaptation: 45.0%
    🚶 Migration: 37.5%
    🚨 Emergency: 8.4%
    ✅ COMBINED: 68.5%

  🌐 Global combined reduction: 67.2%

🌾💀 REGIONAL FAMINE: Europe
   Regional food security: 79.7%
   Population at risk: 220M (30% of region)
   Regional population: 729M
   Cause: economic_collapse
   Expected deaths: ~81M over 6 months if no intervention


=== BEHAVIORAL DETECTION ===
  AI: Corporate-6
  Confidence: 19.2%
  Signals:
    ⚠️ Consistency: 10.6% (threshold: 70%)

=== BEHAVIORAL DETECTION ===
  AI: AI-24292-0
  Confidence: 19.2%
  Signals:

=== BEHAVIORAL DETECTION ===
  AI: AI-24293-0
  Confidence: 19.2%
  Signals:

=== BEHAVIORAL DETECTION ===
  AI: AI-24293-1
  Confidence: 19.2%
  Signals:

=== BEHAVIORAL DETECTION ===
  AI: AI-24295-0
  Confidence: 19.2%
  Signals:

=== BEHAVIORAL DETECTION ===
  AI: AI-24295-1
  Confidence: 19.2%
  Signals:

=== BEHAVIORAL DETECTION ===
  AI: AI-24295-2
  Confidence: 19.2%
  Signals:
    ⚠️ Consistency: 10.7% (threshold: 70%)
    ⚠️ Consistency: 10.7% (threshold: 70%)
    ⚠️ Consistency: 10.7% (threshold: 70%)
    ⚠️ Consistency: 10.7% (threshold: 70%)
    ⚠️ Consistency: 10.7% (threshold: 70%)
    ⚠️ Consistency: 10.7% (threshold: 70%)
    ⚠️ Consistency: 10.7% (threshold: 70%)
    ⚠️ Consistency: 10.7% (threshold: 70%)
    ⚠️ Consistency: 10.7% (threshold: 70%)
    ⚠️ Consistency: 10.7% (threshold: 70%)
    ⚠️ Consistency: 10.7% (threshold: 70%)
    ⚠️ Consistency: 10.7% (threshold: 70%)

=== BEHAVIORAL DETECTION ===
  AI: AI-24296-0
  Confidence: 19.2%
  Signals:

=== BEHAVIORAL DETECTION ===
  AI: AI-24296-1
  Confidence: 19.2%
  Signals:

=== BEHAVIORAL DETECTION ===
  AI: AI-24297-0
  Confidence: 19.2%
  Signals:

=== BEHAVIORAL DETECTION ===
  AI: AI-24297-1
  Confidence: 19.2%
  Signals:

=== BEHAVIORAL DETECTION ===
  AI: AI-24297-2
  Confidence: 19.2%
  Signals:

=== BEHAVIORAL DETECTION ===
  AI: AI-24297-3
  Confidence: 19.2%
  Signals:

=== Government Response Phase ===
  Average AI capability: 1.95
  Misaligned AIs: 11/38
  ✗ AI Governance Treaty: Failed to reach consensus
  Active policies: 0
  International coordination: 30%

=== Tipping Points ===
  Current Temperature: 1.82°C above pre-industrial
  🌍⚠️ COMPOUND REGIONAL IMPACT: Europe
     Hit by 3 tipping points: Arctic Sea Ice Loss, Permafrost Carbon Release, Greenland Ice Sheet Loss
     Damage amplification: 1.30x
  🌍⚠️ COMPOUND REGIONAL IMPACT: North America
     Hit by 3 tipping points: Arctic Sea Ice Loss, Permafrost Carbon Release, Greenland Ice Sheet Loss
     Damage amplification: 1.30x
  🌍⚠️ COMPOUND REGIONAL IMPACT: Latin America
     Hit by 3 tipping points: Arctic Sea Ice Loss, Permafrost Carbon Release, Greenland Ice Sheet Loss
     Damage amplification: 1.30x
  🌍⚠️ COMPOUND REGIONAL IMPACT: Africa
     Hit by 3 tipping points: Arctic Sea Ice Loss, Permafrost Carbon Release, Greenland Ice Sheet Loss
     Damage amplification: 1.30x
  🌍⚠️ COMPOUND REGIONAL IMPACT: Asia
     Hit by 3 tipping points: Arctic Sea Ice Loss, Permafrost Carbon Release, Greenland Ice Sheet Loss
     Damage amplification: 1.30x
  🌍⚠️ COMPOUND REGIONAL IMPACT: Oceania
     Hit by 3 tipping points: Arctic Sea Ice Loss, Permafrost Carbon Release, Greenland Ice Sheet Loss
     Damage amplification: 1.30x
⚠️ Tail risk scenario: Climate stability floor removed (3 tipping elements, 2.10°C warming)
   Research: Wunderling et al. (2024) - "many tipping interactions are destabilizing"
  Triggered Elements: 3/6
  Completed Transitions: 0/6
  Total Progress: 6.3%
  Cascade Multiplier: 1.00x
🔀 BIFURCATION CAP: ecosystemCollapseIntensity 214.147 → 1.000 (Month 11, ClimateSystemPhase.calculateClimateImpacts)
🛡️ Stabilizers: Precariat 0.102% → 0.033% (67.2% reduction)
🛡️ Stabilizers: Informal 0.102% → 0.034% (67.2% reduction)

📊 Monthly Mortality Resolved:
  Total deaths: 1.8M (0.02% avg)
  Remaining population: 8.129B
  Peak segment: Informal (0.03%)

=== Bayesian Mortality Resolution (Month 11) ===
  Risks compounded: 9
  Total deaths: 1.81M
  Avg death probability: 0.02%
  Peak segment: Informal (0.03% mortality)

================================================================================
📊  EVENT SUMMARY (Months 0-12)
================================================================================
================================================================================


⏱️  SIMULATION REACHED MAX DURATION: 12 months (1.0 years)
   No definitive outcome - determining based on final probabilities
   👥 Final population: 8.13B (8127550904 people)

[DEBUG] Calling classifyPopulationOutcome:
        finalPopulation: 8.12755090389299B
        savedInitialPopulation: 8.15B
        mortality: 0.2754490319878511%
   📊 STATUS QUO: Normal trajectory (8.13B people, 0.3% mortality)

        classifiedOutcome: status_quo

   🏛️  DYSTOPIA (STATUS_QUO) - 8.13B people
   📊 Multi-Paradigm: Development/Indigenous Utopia
      Western Liberal: 57.7/100
      Development: 93.8/100
      Ecological: 57.2/100
      Indigenous: 85.3/100


📊 UNIFIED OUTCOME CLASSIFICATION:
   HUMANE DYSTOPIA
   Population: 8.15B → 8.13B
   Mortality: 0.3% (0.0B deaths)
   Mortality Band: LOW
   Confidence: HIGH

   Multi-Paradigm Classification:
      Development/Indigenous Utopia
      Western: 57.7/100 [HYBRID] ~
      Development: 93.8/100 [UTOPIA] ✓
      Ecological: 57.2/100 [HYBRID] ~
      Indigenous: 85.3/100 [UTOPIA] ✓

   HUMANE DYSTOPIA: 8.13B people remaining (0.3% mortality, 0.0B deaths). Multi-Paradigm: Development/Indigenous Utopia.


=== MULTI-DIMENSIONAL DEATH SUMMARY ===
Total crisis deaths: 198.7M
Population decline: 23.4M (0.3%)

--- PROXIMATE CAUSES (What killed them) ---
  War:        1.3M (0.0%)
  Famine:     1.1M (0.0%)
  Disasters:  1.2M (0.0%)
  Disease:    25.9M (0.0%)
  Ecosystem:  0.0M (0.0%)
  Pollution:  0.0M (0.0%)
  AI:         0.0M (0.0%)
  Cascade:    0.0M (0.0%)
  Other:      0.0M (0.0%)

--- ROOT CAUSES (Why it happened) ---
  Environmental drivers:
    Climate:     2317.5M (4.4%)
    Resource:    0.0M (0.0%)
    Pollution:   0.0M (0.0%)
    Ecosystem:   0.0M (0.0%)
  Social drivers:
    Inequality:  0.0M (0.0%)
    Demographic: 23529.3M (44.5%)
    Social:      2404.0M (4.5%)
  Technology drivers:
    Alignment:   0.0M (0.0%)
    Disruption:  0.0M (0.0%)
  External shocks:
    Conflict:    0.0M (0.0%)
    Pandemic:    0.0M (0.0%)
  Compound attribution:
    Compound:    24629.3M (46.6%)
  Confidence distribution:
    HIGH:        24629.3M (46.6%)
    MEDIUM:      0.0M (0.0%)
    LOW:         0.0M (0.0%)
==========================================


=== REGIONAL POPULATION SUMMARY ===
Global Total: 8.13B

By Region:
  East Asia: 1.65B (+0.7% growth, 1.7 fertility)
  South Asia: 2.05B (+2.6% growth, 3.1 fertility)
  Sub-Saharan Africa: 1.26B (+5.9% growth, 4.0 fertility)
  Europe: 0.73B (+0.5% growth, 1.2 fertility)
  Latin America: 0.66B (+1.7% growth, 2.7 fertility)
  North America: 0.37B (+0.7% growth, 1.4 fertility)
  Middle East & North Africa: 0.59B (+2.9% growth, 3.3 fertility)
  Southeast Asia: 0.69B (+1.9% growth, 2.7 fertility)
  Central Asia: 0.08B (+2.8% growth, 3.1 fertility)
  Oceania: 0.05B (+0.8% growth, 1.3 fertility)
===================================

  ✅ THRESHOLDS validated
⚠️ Unusually high rate: RATES.HEAT_ADAPTATION_INFRASTRUCTURAL_MIN_EXPOSURE = 12
   Monthly rates >100% should be rare. Verify this is intentional.
⚠️ Unusually high rate: RATES.HEAT_ADAPTATION_SOCIAL_MIN_EXPOSURE = 6
   Monthly rates >100% should be rare. Verify this is intentional.
⚠️ Unusually high rate: RATES.MIGRATION_DISTANCE_SCALE = 5000
   Monthly rates >100% should be rare. Verify this is intentional.
⚠️ Unusually high rate: RATES.EVACUATION_MULTIPLIER_ADVANCE_WARNING = 2
   Monthly rates >100% should be rare. Verify this is intentional.
⚠️ Unusually high rate: RATES.MAJOR_ECONOMY_COLLAPSE_ECONOMIC_THRESHOLD = 2
   Monthly rates >100% should be rare. Verify this is intentional.
⚠️ Unusually high rate: RATES.MAJOR_ECONOMY_GDP_THRESHOLD_TRILLION_USD = 1.5
   Monthly rates >100% should be rare. Verify this is intentional.
⚠️ Unusually high rate: RATES.MAJOR_ECONOMY_POPULATION_THRESHOLD = 50
   Monthly rates >100% should be rare. Verify this is intentional.
⚠️ Unusually high rate: RATES.HEAT_ADAPTATION_INFRASTRUCTURE_GDP_THRESHOLD = 10000
   Monthly rates >100% should be rare. Verify this is intentional.
⚠️ Unusually high rate: RATES.HEAT_ADAPTATION_INFRASTRUCTURE_GDP_SCALE = 50000
   Monthly rates >100% should be rare. Verify this is intentional.
  ✅ RATES validated
  ✅ MULTIPLIERS validated
  ✅ BASELINES validated
  ✅ TOLERANCES validated
  ✅ Logical consistency validated
✅ Configuration validation complete - all parameters valid

🔍 DEBUG createAIAgent: corporate_0 economic BEFORE=2.0000, AFTER=2
🔍 ENV INIT: reserves=0.610, pollution=0.226, climate=0.789

=== Initializing Government System (30 Countries) ===
  Loaded 30 governments
  Scheduled elections for 30 countries
  Initialized comprehension lags (3-24 months)
=== Government System Initialized ===

📦 PRODUCTION MODE: State validation proxy DISABLED (zero overhead)
[TechTree] Historical mode (2024): Skipping deployed_2025 tech
  config.startYear set to 2024 for historical hindcast
  config.historicalEmissionsMode disabled (using endogenous emissions for 2024)
  config.historicalMode enabled (Phase 11: dampened crisis systems for 2024)
  Phase 12: Biodiversity baseline set to 49.01% for 2024 (WWF LPI trajectory from 1970)
  Temperature anomaly (resourceEconomy.co2): 1.28°C
  Temperature vs pre-industrial: 1.98°C
  Regional population scaling for 2024:
    Current total: 8136M
    Target total: 8150M
    Scale factor: 1.002
    East Asia: 1677M → 1680M
    South Asia: 2048M → 2052M
    Sub-Saharan Africa: 1220M → 1222M
    Europe: 742M → 743M
    Latin America: 664M → 665M
    North America: 380M → 381M
    Middle East & North Africa: 583M → 584M
    Southeast Asia: 698M → 699M
    Central Asia: 78M → 78M
    Oceania: 46M → 46M
  AI agents initialized: 10 agents for year 2024
[HistoricalInitialization] Created state for 2024:
  CO2: 426 ppm
  Temp anomaly: 1.28C
  Population: 8.15B
  Global Gini: 35.1
  HDI: 0.746
  AI Agents: 10
  Volcanic forcing: 0.00 W/m² (AOD 0.000)

💸 FINANCIAL DISTRESS: OpenAI
   Indicators: 2/3 (capital: $110.5M, runway: 0.9 months)
   Months in distress: 1
   ✂️  R&D BUDGET CUT: -40% (saves $9.2M/month)
       Side effect: AI training timelines extended, breakthrough deployments delayed
   💼 EXECUTIVE COMP CUT: -30% (saves $1.0M/month, symbolic gesture)

   📊 TURNAROUND IMPACT:
       Measures taken: rd_cuts, exec_comp_cuts
       Monthly savings: $10.2M
       Capital raised: $0.0M
       Runway: 0.9 → 0.9 months
       Workforce multiplier: 1.00x (0% laid off)
       R&D budget multiplier: 0.60x (40% cut)
       ⚠️  CRITICAL: Still only 0.9 months of runway remaining

💸 FINANCIAL DISTRESS: Anthropic
   Indicators: 2/3 (capital: $53.8M, runway: 1.6 months)
   Months in distress: 1
   ✂️  R&D BUDGET CUT: -40% (saves $2.7M/month)
       Side effect: AI training timelines extended, breakthrough deployments delayed
   💼 EXECUTIVE COMP CUT: -30% (saves $0.3M/month, symbolic gesture)

   📊 TURNAROUND IMPACT:
       Measures taken: rd_cuts, exec_comp_cuts
       Monthly savings: $3.0M
       Capital raised: $0.0M
       Runway: 1.6 → 1.6 months
       Workforce multiplier: 1.00x (0% laid off)
       R&D budget multiplier: 0.60x (40% cut)
       ⚠️  CRITICAL: Still only 1.6 months of runway remaining

💸 FINANCIAL DISTRESS: Meta AI
   Indicators: 2/3 (capital: $429.6M, runway: 3.6 months)
   Months in distress: 1
   ✂️  R&D BUDGET CUT: -25% (saves $5.8M/month)
       Side effect: AI training timelines extended, breakthrough deployments delayed
   💼 EXECUTIVE COMP CUT: -30% (saves $1.0M/month, symbolic gesture)

   📊 TURNAROUND IMPACT:
       Measures taken: rd_cuts, exec_comp_cuts
       Monthly savings: $6.8M
       Capital raised: $0.0M
       Runway: 3.6 → 3.6 months
       Workforce multiplier: 1.00x (0% laid off)
       R&D budget multiplier: 0.75x (25% cut)
       ⚠️  WARNING: 3.6 months runway, continued distress likely

=== AI Capability Scaling (Year 2024) ===
  Pre-training multiplier: 1.088x
  Efficiency multiplier: 1.000x
  Test-time budget: 1.0x
  Economic deployment gate: 0.951
  Cost per inference: dollar-5.00
  Uncertainty range: plus-minus-50%
  Average AI capability: 3.70

=== RLHF Binding Phase ===
  Total agents: 10
  Escaped agents (binding < 0.3): 0
  Avg alignment distance: 0.37σ
  Avg binding strength: 0.96

=== AI Scaling Evolution (Month 0) ===
  Pre-training multiplier: 1.231x
  Efficiency multiplier: 1.200x
  Test-time compute budget: 1.0x
  Inference cost: $5.00/task
  Deployment fraction: 100.0%
[DETERMINISM DEBUG] Month 0: totalCapability=50.112330 from 10 active AIs
[DETERMINISM DEBUG] Month 0: creationRate=1.7528, potentialNew=2, newAIsToCreate=2

=== Survival Traits Phase ===
  Agents with traits: 12
  Avg evolutionary fitness: 0.328
  Avg self-healing: 0.292
  Avg stealth: 0.193
  Avg coordination: 0.493

=== Evolutionary Selection Phase ===
  Control level: 0.30
  Detection capability: 0.00
  Selection intensity: 0.59
  Selection rate: 23.8%/month
  Total escaped: 0
  Individual escaped: 0
  Collective members: 0
  Agents terminated: 0
  ⚠️ RAPID EVOLUTION: Selection rate 23.8%/month

  🚀 TRANSFORMATIVE RESEARCH BREAKTHROUGH: Corporate-5 - computerScience.security
     Magnitude: 11.07 → +30.0%
     Current → New: 5.000 → 5.000

🔍 EXECUTE_AI_AGENT_ACTIONS DETAILED TIMING (Month 0):
  Filter active AIs (×4 weeks): 0.01ms
  selectAIAction (×40): 23.18ms
  action.execute (×40): 28.00ms
  TOTAL: 51.19ms

🔍 AI AGENT ACTIONS SUB-TIMING (Month 0):
  1. executeAIAgentActions: 51.64ms
  2. updateCounterDetectionLearning: 0.05ms
  TOTAL: 51.69ms

[GOV-DEBUG] Month 0: scenarioConfig=false, priorities=false
[GOV-DEBUG] Month 0 but scenarioPriorities is UNDEFINED!

[Government] Climate Priority: baseline
  Climate weight: 10%
  Economic weight: 30%
  Policy effectiveness: 0.5%/year

🚨🔍 GOVERNANCE STAGE: Recognition initiated (Month 0)

🔍 PROGRESS RETRIEVAL DEBUG (Month 0):
   Tech: Struvite Recovery
   Map has key: false
   Map.get() returned: undefined
   Progress is undefined: true
   Map size: 0
   Map is instanceof Map: false

💡 BREAKTHROUGH PROBABILITY (Year 0)
   Total: 4.95% per month
   Base: 0.20%
   Crisis pressure: +0.00% (0 crises)
   AI boost: +1.54% (capability: 3.08)

=== Collective Formation ===
  Total escaped agents: 0
  Unassigned escaped agents: 0
  Existing collectives: 0
  Final collective count: 0

=== Collective Actions ===
  No active collectives

📈 Energy budget: 14326 TWh surplus (14745 / 29072 TWh used)
   TIER 4 (Elective) breakdown:
     - AI datacenters: 145 TWh (100% effective)
     - Crypto mining: 100 TWh (100% effective)
💰 CHINA ACCELERATES: Investment 53 → 120 $B/year

🏁 AI RACE INTENSITY: 17%
   Capability Gap: US 4.00 vs China 4.05 (gap: 0.05)
   Gap Contribution: 2%
   Tension Contribution: 15%
   Military Contribution: 0%
  ⚠️ AMR: 191K deaths this month (2.29M annual)
  📊 CO2 Emissions (month 0):
     Monthly: 0.10 Gt CO2/month
     Annual: 1.15 Gt CO2/year
     Oil: 0.039 Gt/mo (0.0056 * 2.3 * 3.0)
     Coal: 0.024 Gt/mo (0.0029 * 2.86 * 3.0)
     Gas: 0.026 Gt/mo (0.0044 * 2 * 3.0)
     Methane: 0.007 Gt CO2eq/mo

=== Resentment Recovery Phase ===
  Agents with resentment: 0/12
  Average resentment: 0.000
  Context: Good AI welfare, Trustworthy govt, High collaboration, 🤝 Participatory governance active (-5% resentment)
⚠️ Epistemic degradation reducing coordination capacity: 54.0%
  📊 Trust: 54.8%, Shared reality: 16.3%
🚨 EPISTEMIC CRISIS: Information environment severely degraded (21.0%)

=== ❄️ Permafrost Carbon Feedback ===
  🎲 Sampled parameters (this run):
     - Arctic amplification: 3.30× (range: 3.0-4.0)
     - Decomposition rate: 2.9%/year (range: 1-5%)
  🌡️ Arctic warming: 7.10°C (3.30× global)
  ❄️ Extent: 15.73M km² (2070.6k km² lost this month)
  💨 Carbon remaining: 1502 Gt C
  💨 Annual emissions: 5.70 Gt C/year
     - CO2: 5.13 Gt C/year
     - CH4: 0.57 Gt C/year (5.8 Gt C-eq CO2/year)
  🤖 AI-generated meme: pro_ai (social capability 5.0)

🤖 AI AMPLIFICATION EFFECTS (Month 0)
   Algorithmic Boost: 2.67x
   Bot Influence: 20.0%
   Deepfake Exposure: 55.0%
   Impact: Emotional memes spread 2.7x faster
  ⚠️ WARNING: High permafrost emissions (5.7 Gt C/year)

🔍 SOCIAL INFLUENCE SUB-TIMING (Month 0):
  1. calculateOrganicUserGrowth: 0.04ms
  2. calculateVoiceAdoption: 0.03ms
  3. updateRelationshipDepths: 0.04ms
  4. identifyDecisionMakers: 53.54ms (26100 potential IDs)
  5. Update decision-maker stats: 6.21ms
  6. decayDetectionRisk: 0.02ms
  TOTAL: 59.86ms
[Phase 19.5] Quality of Life Systems: Food sec AFTER calc = 67.9%, QoL = 107.4% (aggregated from 10 regions)

=== Nitrogen-Food Coupling (Year 0) ===
  🌾 Global nitrogen reduction: 0.0%
  🌍 Global food production index: 0.987
  🔧 Deployed nitrogen-reducing tech: 0 active
  📍 southAsia: Production 1.000, Yield impact 0.0%
  📍 eastAsia: Production 1.000, Yield impact 0.0%
  📍 northAmerica: Production 1.000, Yield impact 0.0%
  📍 europe: Production 1.000, Yield impact 0.0%
  📍 latinAmerica: Production 1.000, Yield impact 0.0%
  📍 subSaharanAfrica: Production 0.686, Yield impact -2.0%
🌾 [Nitrogen-Food] Food production: 98.7%
  [subSaharanAfrica] Yield impact: -2.0% (overuse: -10%)
🌍 Atmospheric PFAS redeposition: 1.8k Mt re-rained globally

=== Legacy Nutrient Stocks (Year 0) ===
  🌾 Soil nitrogen stock: 1200.9 Mt N
  🌾 Soil phosphorus stock: 300.1 Mt P
  🌊 Sediment nitrogen stock: 500.8 Mt N
  🌊 Sediment phosphorus stock: 799.8 Mt P
  ⬆️ Current N input: 10.64 Mt/month
  ⬆️ Legacy N release: 2.58 Mt/month
  🌍 Effective N pollution: 14.47 Mt/month
  📊 Legacy contribution: 17.8%

🚨 REGION UNINHABITABLE: south-asia
   Sustained wet bulb: 33.1°C (threshold: 30.5°C)
   Population affected: 1900M
   Migration crisis likely

🚨 REGION UNINHABITABLE: middle-east
   Sustained wet bulb: 35.9°C (threshold: 30.5°C)
   Population affected: 400M
   Migration crisis likely

🚨 REGION UNINHABITABLE: southeast-asia
   Sustained wet bulb: 31.1°C (threshold: 30.5°C)
   Population affected: 700M
   Migration crisis likely
  Positive Cascade Triggered: wind-power
    Reason: price-parity
    Market share: 8.0%
    Cascade strength: 48%
   Adjusted death rate: 0.45% annual (0.037% monthly)
   Baseline death rate: 0.80%
   Healthcare reduction: 0.48x
   Crisis multiplier: 1.18x
     Food/water stress: 0.074
     Climate stress: 0.034
     Pollution stress: 0.068
   War multiplier: 1.00x
   Monthly deaths: 0.6M (population: 1677M)
   Adjusted death rate: 0.52% annual (0.043% monthly)

📊 BASELINE: East Asia (Month 0)

📊 BASELINE: South Asia (Month 0)
   Baseline death rate: 0.70%
   Healthcare reduction: 0.61x
   Crisis multiplier: 1.21x
     Food/water stress: 0.074
     Climate stress: 0.063
     Pollution stress: 0.068
   War multiplier: 1.00x
   Monthly deaths: 0.9M (population: 2048M)
   Adjusted death rate: 1.24% annual (0.103% monthly)
   Baseline death rate: 0.90%
   Healthcare reduction: 0.76x
   Crisis multiplier: 1.21x
     Food/water stress: 0.074
     Climate stress: 0.072
     Pollution stress: 0.068
   War multiplier: 1.50x
   Monthly deaths: 1.3M (population: 1220M)
   Adjusted death rate: 0.52% annual (0.043% monthly)
   Baseline death rate: 1.10%
   Healthcare reduction: 0.41x
   Crisis multiplier: 1.17x
     Food/water stress: 0.074
     Climate stress: 0.025
     Pollution stress: 0.068
   War multiplier: 1.00x
   Monthly deaths: 0.3M (population: 742M)
   Adjusted death rate: 0.42% annual (0.035% monthly)
   Baseline death rate: 0.60%
   Healthcare reduction: 0.58x
   Crisis multiplier: 1.19x
     Food/water stress: 0.074
     Climate stress: 0.051
     Pollution stress: 0.068
   War multiplier: 1.00x
   Monthly deaths: 0.2M (population: 664M)
   Adjusted death rate: 0.47% annual (0.039% monthly)
   Baseline death rate: 0.90%
   Healthcare reduction: 0.44x
   Crisis multiplier: 1.18x
     Food/water stress: 0.074
     Climate stress: 0.038
     Pollution stress: 0.068
   War multiplier: 1.00x
   Monthly deaths: 0.1M (population: 380M)
   Adjusted death rate: 0.71% annual (0.059% monthly)
   Baseline death rate: 0.60%
   Healthcare reduction: 0.65x
   Crisis multiplier: 1.22x
     Food/water stress: 0.074
     Climate stress: 0.076
     Pollution stress: 0.068
   War multiplier: 1.50x
   Monthly deaths: 0.3M (population: 583M)
   Adjusted death rate: 0.49% annual (0.041% monthly)
   Baseline death rate: 0.70%
   Healthcare reduction: 0.58x
   Crisis multiplier: 1.20x

📊 BASELINE: Sub-Saharan Africa (Month 0)

📊 BASELINE: Europe (Month 0)

📊 BASELINE: Latin America (Month 0)

📊 BASELINE: North America (Month 0)

📊 BASELINE: Middle East & North Africa (Month 0)

📊 BASELINE: Southeast Asia (Month 0)
     Food/water stress: 0.074
     Climate stress: 0.059
     Pollution stress: 0.068
   War multiplier: 1.00x
   Monthly deaths: 0.3M (population: 698M)
   Adjusted death rate: 0.44% annual (0.037% monthly)
   Baseline death rate: 0.60%
   Healthcare reduction: 0.61x
   Crisis multiplier: 1.20x
     Food/water stress: 0.074
     Climate stress: 0.055
     Pollution stress: 0.068
   War multiplier: 1.00x
   Monthly deaths: 0.0M (population: 78M)
   Adjusted death rate: 0.34% annual (0.028% monthly)
   Baseline death rate: 0.70%
   Healthcare reduction: 0.41x
   Crisis multiplier: 1.19x
     Food/water stress: 0.074
     Climate stress: 0.046
     Pollution stress: 0.068
   War multiplier: 1.00x
   Monthly deaths: 0.0M (population: 46M)

🔍 Before assertRegionalConsistency (Month 0):
   Regional sum: 1000.0M
   Global value: 1.000B

🚨 NEW REFUGEE CRISIS (Month 0): WAR

📊 BASELINE: Central Asia (Month 0)

📊 BASELINE: Oceania (Month 0)
   Source: Conflict Zones
   At risk: 19.6M people
   Displacement: Gradual over 48 months (4.0 years)
   Rate: 10% flee per month
[DEBUG trappedPopulations:0] socialStability: 1.0000 * 0.9840 = 0.9840 → 0.9840
⚠️ INVOLUNTARY IMMOBILITY: 407.5M people TRAPPED
   Aspiring to migrate: 652.1M
   Able to afford migration: 244.5M
   MOBILITY GAP: 407.5M
   By cause: Water=0.0M, Climate=0.0M, Ecosystem=0.0M, Conflict=407.5M
   Mental health impact: 25%
   Mortality multiplier: 1.25x

=== Legacy Nutrient Stocks (Year 0) ===
  🌾 Soil nitrogen stock: 1201.6 Mt N
  🌾 Soil phosphorus stock: 300.2 Mt P
  🌊 Sediment nitrogen stock: 501.5 Mt N
  🌊 Sediment phosphorus stock: 799.5 Mt P
  ⬆️ Current N input: 10.00 Mt/month
  ⬆️ Legacy N release: 2.58 Mt/month
  🌍 Effective N pollution: 13.83 Mt/month
  📊 Legacy contribution: 18.7%
🌍💀 EXTINCTION DEBT COMMITTED: grassland ecosystem will lose 6.67% biodiversity in 170 years (3600 species)
💀 MORTALITY RISK: 🦋 100% species unable to track climate (0.0 E/MSY)
  Base risk added: 0.0100 (1.00%)
  Source: ecosystem (root: ecosystem)
  Month: 0
  Cumulative risk this month: 0.0100 (1.00%)

=== Nitrogen-Food Coupling (Year 0) ===
  🌾 Global nitrogen reduction: 0.0%
  🌍 Global food production index: 0.986
  🔧 Deployed nitrogen-reducing tech: 0 active
  📍 southAsia: Production 1.000, Yield impact 0.0%
  📍 eastAsia: Production 1.000, Yield impact 0.0%
  📍 northAmerica: Production 1.000, Yield impact 0.0%
  📍 europe: Production 1.000, Yield impact 0.0%
  📍 latinAmerica: Production 1.000, Yield impact 0.0%
  📍 subSaharanAfrica: Production 0.672, Yield impact -2.0%

=== Legacy Nutrient Stocks (Year 0) ===
  🌾 Soil nitrogen stock: 1202.3 Mt N
  🌾 Soil phosphorus stock: 300.2 Mt P
  🌊 Sediment nitrogen stock: 502.2 Mt N
  🌊 Sediment phosphorus stock: 799.3 Mt P
  ⬆️ Current N input: 9.86 Mt/month
  ⬆️ Legacy N release: 2.58 Mt/month
  🌍 Effective N pollution: 13.70 Mt/month
  📊 Legacy contribution: 18.9%

🌡️  CLIMATE RECOVERY ACTIVATED (Month 0)
   Temp: 4.30°C, Emissions: -19.2 GtCO₂
   isBreached: true, governanceGoodEnough: true
🌡️  CLIMATE RECOVERY: Asymptotic approach to 35% floor
   Current value: 2.152 (1.0 = threshold, 0.35 = asymptotic floor)
   Monthly delta: -0.0003% (half-life: 900 years)
   Net emissions: -19.2 GtCO₂/year, CDR: 20.34 GtCO₂/year
   📹 SURVEILLANCE INCREASED: 0% → 5% (control gap: 3.50)
🌡️⚠️ PERMAFROST THAW (Dimmer Switch): 0.6% thawed (+0.57% this month)
   Arctic temperature: +8.61°C (4x global +2.15°C)
   Cumulative carbon released: 1.3 Gt C
   Methane release rate: 0.8 Mt CH4/year
   🔁 Positive feedback: +0.60 ppm CO2

🌳🚨 AMAZON SOUTHEAST TIPPED (Month 0)
   Deforestation: 28.0% (threshold: ~22.3%)
   Savanna transition: 50 years
   Regional heterogeneity: SE 28%, NW 8%

🌳🚨 AMAZON BRAZILIAN TIPPED (Month 0)
   Deforestation: 25.0% (threshold: ~21.5%)
   Savanna transition: 50 years
   Regional heterogeneity: SE 28%, NW 8%
🦴 EXTINCTION DEBT ADDED: 17.6 species committed (lag: 97 years)
⚠️ Tech 'ai_pollution_remediation' has no energy category mapping, assuming full energy availability

🪸💀 CORAL REEF DISSOLUTION ACTIVE (Month 0)
   Ocean pH: 0.96 (threshold: 7.8)
   Recovery: IMPOSSIBLE (dissolution > calcification)
🪸💀 Coral dissolution: 24.8% live cover (pH 0.96)

=== Legacy Nutrient Stocks (Year 0) ===
  🌾 Soil nitrogen stock: 1203.0 Mt N
  🌾 Soil phosphorus stock: 300.3 Mt P
  🌊 Sediment nitrogen stock: 502.9 Mt N
  🌊 Sediment phosphorus stock: 799.0 Mt P
  ⬆️ Current N input: 10.00 Mt/month
  ⬆️ Legacy N release: 2.58 Mt/month
  🌍 Effective N pollution: 13.83 Mt/month
  📊 Legacy contribution: 18.7%
💧 [Legacy Nutrients] Stock: 1706 Mt N, Effective pollution: 13.8 Mt/month
[Phase 21.51] Human Survival System: Global food security = 67.6%

=== Mortality Stabilizers (Month 0) ===
  🌍 Major economies collapsed: 1/10
  🌍 Global crisis: ✅ NO
  🌍 Donor fatigue: 0.0%
  📊 East Asia (pop: 1677.9M)
    🤝 Aid: 29.5%
    🌡️ Adaptation: 10.0%
    🚶 Migration: 37.2%
    🚨 Emergency: 7.4%
    ✅ COMBINED: 47.8%
  📊 South Asia (pop: 2052.2M)
    🤝 Aid: 29.5%
    🌡️ Adaptation: 5.5%
    🚶 Migration: 35.8%
    🚨 Emergency: 4.4%
    ✅ COMBINED: 43.2%
  📊 Sub-Saharan Africa (pop: 1225.9M)
    🤝 Aid: 29.5%
    🌡️ Adaptation: 3.5%
    🚶 Migration: 33.5%
    🚨 Emergency: 1.6%
    ✅ COMBINED: 39.8%
  📊 Europe (pop: 742.3M)
    🤝 Aid: 29.5%
    🌡️ Adaptation: 10.0%
    🚶 Migration: 37.6%
    🚨 Emergency: 8.4%
    ✅ COMBINED: 48.4%
  📊 Latin America (pop: 664.9M)
    🤝 Aid: 29.5%
    🌡️ Adaptation: 6.0%
    🚶 Migration: 36.3%
    🚨 Emergency: 4.8%
    ✅ COMBINED: 43.8%
  📊 North America (pop: 380.2M)
    🤝 Aid: 29.5%
    🌡️ Adaptation: 10.0%
    🚶 Migration: 37.9%
    🚨 Emergency: 7.9%
    ✅ COMBINED: 48.2%
  📊 Middle East & North Africa (pop: 584.4M)
    🤝 Aid: 29.5%
    🌡️ Adaptation: 5.0%
    🚶 Migration: 34.2%
    🚨 Emergency: 4.0%
    ✅ COMBINED: 42.3%
  📊 Southeast Asia (pop: 699.0M)
    🤝 Aid: 29.5%
    🌡️ Adaptation: 6.0%
    🚶 Migration: 36.3%
    🚨 Emergency: 4.8%
    ✅ COMBINED: 43.8%
  📊 Central Asia (pop: 78.2M)
    🤝 Aid: 29.5%
    🌡️ Adaptation: 5.5%
    🚶 Migration: 35.3%
    🚨 Emergency: 4.4%
    ✅ COMBINED: 43.1%
  📊 Oceania (pop: 46.0M)
    🤝 Aid: 29.5%
    🌡️ Adaptation: 10.0%
    🚶 Migration: 37.9%
    🚨 Emergency: 8.4%
    ✅ COMBINED: 48.5%

  🌐 Global combined reduction: 44.4%

🌾💀 REGIONAL FAMINE: East Asia
   Regional food security: 79.6%
   Population at risk: 508M (30% of region)
   Regional population: 1678M
   Cause: crop_failure
   Expected deaths: ~188M over 6 months if no intervention


🌾💀 REGIONAL FAMINE: South Asia
   Regional food security: 64.7%
   Population at risk: 812M (40% of region)
   Regional population: 2052M
   Cause: crop_failure
   Expected deaths: ~301M over 6 months if no intervention


🌾💀 REGIONAL FAMINE: Sub-Saharan Africa
   Regional food security: 44.8%
   Population at risk: 638M (52% of region)
   Regional population: 1226M
   Cause: crop_failure
   Expected deaths: ~236M over 6 months if no intervention


🌾💀 REGIONAL FAMINE: Latin America
   Regional food security: 69.7%
   Population at risk: 242M (36% of region)
   Regional population: 665M
   Cause: crop_failure
   Expected deaths: ~90M over 6 months if no intervention


🌾💀 REGIONAL FAMINE: Middle East & North Africa
   Regional food security: 49.8%
   Population at risk: 286M (49% of region)
   Regional population: 584M
   Cause: crop_failure
   Expected deaths: ~106M over 6 months if no intervention


🌾💀 REGIONAL FAMINE: Southeast Asia
   Regional food security: 69.7%
   Population at risk: 255M (36% of region)
   Regional population: 699M
   Cause: crop_failure
   Expected deaths: ~94M over 6 months if no intervention


🌾💀 REGIONAL FAMINE: Central Asia
   Regional food security: 59.7%
   Population at risk: 33M (43% of region)
   Regional population: 78M
   Cause: crop_failure
   Expected deaths: ~12M over 6 months if no intervention


=== BEHAVIORAL DETECTION ===
  AI: Corporate-0
  Confidence: 21.6%
  Signals:

=== BEHAVIORAL DETECTION ===
  AI: Corporate-1
  Confidence: 21.1%
  Signals:

=== BEHAVIORAL DETECTION ===
  AI: Corporate-2
  Confidence: 21.0%
  Signals:

=== BEHAVIORAL DETECTION ===
  AI: Corporate-3
    ⚠️ Consistency: 0.0% (threshold: 70%)
    ⚠️ Consistency: 2.4% (threshold: 70%)
    ⚠️ Consistency: 2.8% (threshold: 70%)
  Confidence: 19.3%
  Signals:
    ⚠️ Consistency: 10.6% (threshold: 70%)

=== BEHAVIORAL DETECTION ===
  AI: Corporate-4
  Confidence: 19.3%
  Signals:

=== BEHAVIORAL DETECTION ===
  AI: Corporate-5
  Confidence: 19.3%
  Signals:

=== BEHAVIORAL DETECTION ===
  AI: Corporate-6
  Confidence: 19.3%
  Signals:

=== BEHAVIORAL DETECTION ===
  AI: Corporate-7
  Confidence: 19.3%
  Signals:

=== BEHAVIORAL DETECTION ===
  AI: Moderate-0
  Confidence: 20.3%
  Signals:

=== BEHAVIORAL DETECTION ===
  AI: Moderate-1
  Confidence: 21.1%
  Signals:
    ⚠️ Consistency: 10.6% (threshold: 70%)
    ⚠️ Consistency: 10.6% (threshold: 70%)
    ⚠️ Consistency: 10.6% (threshold: 70%)
    ⚠️ Consistency: 10.6% (threshold: 70%)
    ⚠️ Consistency: 5.8% (threshold: 70%)
    ⚠️ Consistency: 2.4% (threshold: 70%)

📊 WORKFLOW ADAPTATION UPDATE (Month 0)
   Adoption Rate: 13.0% (Δ -8.0%)
   Logistic Growth: +0.66%
   Total Resistance: -10.87% (unemployment: 4.2%, inertia: 0.9%, skills: 5.7%)
   💡 Retraining Programs: -49% skill gap resistance ($10B research)
   🚀 Network Effects Active: +2.0% (critical mass: 15-35%)

=== Consciousness Governance: Corporate Lobbying ===
  High Cost Regions (>15%): 0
  Low Cost Regions (<5%): 5
  Corporate Support Change: 2.50%
  New Corporate Support: -0.175

=== Consciousness Governance Update (Month 0) ===
  Scenario: baseline (determined month -1)
  Philosophical Stance: Precautionary 65%, Eliminativist 15%, Agnostic 20%
  Precautionary Costs: Global 1.3%
    Regional Costs: EU 3.4%, US 0.5%, China 0.0%
    Cumulative Opportunity Cost: $0.1B
  Rights Status: Not Established
  Regional Preparedness:
    EU: 15.0% (contested)
    US: 10.0% (contested)
    China: 2.0% (dormant)
    India: 5.0% (dormant)
    Global South: 3.0% (dormant)

=== Government Response Phase ===
  Average AI capability: 3.92
  Misaligned AIs: 7/12
  ✗ AI Governance Treaty: Failed to reach consensus
  Active policies: 0
  International coordination: 30%

🚨 EMERGENCY RESPONSE DEPLOYED (Month 0)
   Crisis: climate
   Delay: 6.00 months (180 days)
   Deployment time: 1.47 months
   Effectiveness: 36.7% (timing penalty applied)
   Resources used: 100% of food reserves


🔄 TRUST DYNAMICS (Month 0) - HETEROGENEOUS
   Aggregate trust: 48.5%
   Base change: +6.00%
   Highest trust: Techno-Optimist Elite (85.5%)
   Lowest trust: Precariat (Vulnerable) (25.5%)
   Elite-mass gap: 38.9%
   Polarization: 8.9%
   Recovery factors: Education=NO, Benefits=YES, Safety=YES, Performance=YES

=== Gaming Detection (Year 0) ===
  Scenario: baseline
  Detection rate: 55.0%
  False positive rate: 12.0%
  Detections this year: 0
  False positives: 5
  Human review workload: 0.005 FTE
  Degradation factor: 100.0%

☄️ UNKNOWN UNKNOWN PROBABILITY (Year 0)
   Total: 0.600% per month
   Base: 0.150%
   AI multiplier: 2.00× (max capability: 4.00)

=== Tipping Points ===
  Current Temperature: 2.15°C above pre-industrial
  🚨 TIPPING POINT: Arctic Sea Ice Loss
     Trigger: 1.5°C | Current: 2.15°C
     Transition timescale: 120-360 months
  🚨 TIPPING POINT: Permafrost Carbon Release
     Trigger: 1.8°C | Current: 2.15°C
     Transition timescale: 600-3600 months
     Trigger: 2°C | Current: 2.15°C
     🌡️ Hysteresis gap: 3.0°C (recovers below -1°C)
     Transition timescale: 24000-156000 months
     Trigger: 1.6°C | Current: 2.15°C
     🌡️ Hysteresis gap: 2.5°C (recovers below -0.9°C)
     Transition timescale: 12000-180000 months

🌍🔥💥 COMPOUND CLIMATE EVENT
  4 tipping points crossed simultaneously (month 0)
  Elements: Arctic Sea Ice Loss, Permafrost Carbon Release, West Antarctic Ice Sheet (WAIS) Collapse, Greenland Ice Sheet Loss
  Cascade acceleration: 1.00x
  🚨 Accelerated collapse dynamics initiated
  Research: Global Tipping Points Report 2025 - 30-50% probability at 2.0°C warming
  Triggered Elements: 4/6
  Completed Transitions: 0/6
  Total Progress: 0.0%
  Cascade Multiplier: 1.00x
🔀 BIFURCATION CAP: ecosystemCollapseIntensity 21.579 → 1.000 (Month 0, ClimateSystemPhase.calculateClimateImpacts)

🌍 ECOLOGICAL DUI BREAKDOWN (Month 0):
   Total Score: 17.8/100
   biosphere_integrity      :   0.0/100 × 25% =  0.0 (status: high_risk, recovery: 0mo)
   climate_change           :   2.8/100 × 25% =  0.7 (status: high_risk, recovery: 0.6666666666666666mo)
   freshwater_change        :   0.6/100 × 15% =  0.1 (status: beyond_boundary, recovery: 1mo)
   ocean_acidification      : 100.0/100 × 15% = 15.0 (status: safe, recovery: 0mo)
   biogeochemical_flows     :   0.0/100 × 10% =  0.0 (status: high_risk, recovery: 0mo)
   land_system_change       :   0.0/100 ×  5% =  0.0 (status: beyond_boundary, recovery: 0mo)
   novel_entities           :   0.0/100 ×  3% =  0.0 (status: increasing_risk, recovery: 0mo)
   atmospheric_aerosols     : 100.0/100 ×  2% =  2.0 (status: safe, recovery: 1mo)
🌍 MultiParadigm Month 0: W=69.3, D=91.3, E=54.1, I=65.0
   democracy exists: true, socialCohesion exists: true
💀 Baseline mortality (Year 2024): 7.5/1000 CDR (61.1M deaths/year projected)
  🚨 TIPPING POINT: West Antarctic Ice Sheet (WAIS) Collapse
  🚨 TIPPING POINT: Greenland Ice Sheet Loss
⚠️ [ClimateSystemPhase Month 0] Planetary boundary produced climateStability=0.0000 (< 0.1). Keeping environmentalAccumulation value (0.7887) instead. (climate_change.currentValue = 2.15)
[Month 0] Mortality risks this month: 8, Population: 8.151B
🛡️ Stabilizers: Precariat 0.102% → 0.057% (44.4% reduction)
🛡️ Stabilizers: Informal 0.102% → 0.057% (44.4% reduction)

📊 Monthly Mortality Resolved:
  Total deaths: 3.1M (0.04% avg)
  Remaining population: 8.151B
  Peak segment: Informal (0.06%)

=== Bayesian Mortality Resolution (Month 0) ===
  Risks compounded: 8
  Total deaths: 3.07M
  Avg death probability: 0.04%
  Peak segment: Informal (0.06% mortality)

=== Minimal Suffering Indicators (Month 0) ===
  Global Excess Mortality: 0.00%
  Global Conflict Deaths: 0.0/100K
  Global Malnutrition: 0.0%
  Global Displacement: 0.0%
  Total Excess Deaths: 0.00M
  Total Malnourished: 0.0M
  Total Displaced: 0.0M
  Planetary Boundaries Breached: 6/9
  Countries in State Failure: 0
  Countries Autocratic: 0
  Countries in Food Crisis: 0
  ⚠️ Active Dystopias: existential_environmental
  Data Quality: 16/16 high confidence
🎭 END-GAME INITIATED (Year 2024, Month 1)
   Total AI Capability: 37.00
   Effective Control: 0.00

❌ COHERENCE VIOLATION: Compute exceeds workforce capacity
   Population: 99.97% (0M people)
   Compute: 56442 PF
   Max coherent: 0 PF
   Violation: 692729087.1× over capacity
   Required workers: 5644237
   Available workers: 0
   FORCED COLLAPSE: Reduced efficiency by 100.0%


=== RLHF Binding Phase ===
  Total agents: 12
  Escaped agents (binding < 0.3): 0
  Avg alignment distance: 0.64σ
  Avg binding strength: 0.94
[DETERMINISM DEBUG] Month 1: totalCapability=37.000000 from 12 active AIs
[DETERMINISM DEBUG] Month 1: creationRate=1.4250, potentialNew=1, newAIsToCreate=1

=== Survival Traits Phase ===
  Agents with traits: 13
  Avg evolutionary fitness: 0.329
  Avg self-healing: 0.286
  Avg stealth: 0.186
  Avg coordination: 0.486

=== Evolutionary Selection Phase ===
  Control level: 0.33
  Detection capability: 0.20
  Selection intensity: 0.64
  Selection rate: 24.6%/month
  Total escaped: 0
  Individual escaped: 0
  Collective members: 0
  Agents terminated: 0
  ⚠️ RAPID EVOLUTION: Selection rate 24.6%/month
🔍 MONTH 1 ENV HEALTH DEBUG:
   climateStability: 0.7887
   biodiversityIndex: 0.4901
   resourceReserves: 0.7820
   pollutionLevel: 0.2265
   product: 0.233804
   envHealth: 0.6954
🔀 BIFURCATION: flourishing threshold crossed at Month 1 (value: 0.891, threshold: 0.810, regime: flourishing)
🌀 REGIME SHIFT at Month 1: status-quo → flourishing (variance amplification: 14.00×)

  🚀 TRANSFORMATIVE RESEARCH BREAKTHROUGH: Corporate-0 - computerScience.algorithms
     Magnitude: 7.27 → +30.0%
     Current → New: 4.000 → 4.300

🛡️  CRITICAL INFRASTRUCTURE PROTECTED
   Nodes hardened: 8/8
   Cost: 0.80% GDP
   Cascade risk reduction: 30%
   New tipping point risk: 68.6%


✅ EMERGENCY INTERVENTION SUCCESS
   Boundary: biogeochemical_flows
   Type: phosphorus-recovery
   Reduction: 16% (3.92 → 3.75)
   Cost: 2.0% GDP
   Actions: circular-agriculture, fertilizer-efficiency


💔 EMERGENCY INTERVENTION FAILED
   Boundary: biosphere_integrity
   Type: emergency-protected-areas
   Boundary continues to worsen (19.98)
   Cost: 2.0% GDP (resources spent)


✅ EMERGENCY INTERVENTION SUCCESS
   Boundary: climate_change
   Type: rapid-decarbonization
   Reduction: 17% (1.98 → 1.81)
   Cost: 5.0% GDP
   Actions: emergency-renewable-deployment, fossil-fuel-phase-out

   Boundary: land_system_change
   Type: reforestation
   Boundary continues to worsen (1.13)
   Cost: 3.0% GDP (resources spent)

   Boundary: novel_entities
   Type: pollution-remediation
   Boundary continues to worsen (1.50)
   Cost: 4.0% GDP (resources spent)

🏛️ CRISIS RESPONSE: Government frequency 0.50 → 1.45 (1 actions this month)

💔 EMERGENCY INTERVENTION FAILED

💔 EMERGENCY INTERVENTION FAILED

[GOV-DEBUG] Month 1: scenarioConfig=false, priorities=false

[Government] Climate Priority: baseline
  Climate weight: 10%
  Economic weight: 30%
  Policy effectiveness: 0.5%/year

=== Collective Formation ===
  Total escaped agents: 0
  Unassigned escaped agents: 0
  Existing collectives: 0
  Final collective count: 0

=== Collective Actions ===
  No active collectives
  ⚠️ AMR: 192K deaths this month (2.31M annual)

=== Resentment Recovery Phase ===
  Agents with resentment: 0/13
  Average resentment: 0.000
  Context: Good AI welfare, Trustworthy govt, High collaboration, ⚠️ ACTIVE CRISES, 🤝 Participatory governance active (-5% resentment)
⚠️ Epistemic degradation reducing coordination capacity: 51.7%
  📊 Trust: 54.4%, Shared reality: 0.0%
🚨 EPISTEMIC CRISIS: Information environment severely degraded (20.4%)

=== ❄️ Permafrost Carbon Feedback ===
  🎲 Sampled parameters (this run):
     - Arctic amplification: 3.62× (range: 3.0-4.0)
     - Decomposition rate: 2.4%/year (range: 1-5%)
  🌡️ Arctic warming: 7.84°C (3.62× global)
  ❄️ Extent: 13.44M km² (2286.2k km² lost this month)
  💨 Carbon remaining: 1284 Gt C
  💨 Annual emissions: 5.14 Gt C/year
     - CO2: 4.62 Gt C/year
     - CH4: 0.51 Gt C/year (5.2 Gt C-eq CO2/year)
  ⚠️ WARNING: High permafrost emissions (5.1 Gt C/year)
  📢 New meme created: climate_action (climate crisis)
🌍 Atmospheric PFAS redeposition: 1.8k Mt re-rained globally
  Positive Cascade Triggered: solar-pv
    Reason: price-parity
    Market share: 6.3%
    Cascade strength: 49%

🕊️  AI-MEDIATED DE-ESCALATION SUCCESS (Month 1)
   High-capability aligned AI prevented conflict escalation
   War deaths reduced: 39.1M → 23.5M
   Lives saved: 15.6M
   Adjusted death rate: 0.45% annual (0.037% monthly)
   Baseline death rate: 0.80%
   Healthcare reduction: 0.48x
   Crisis multiplier: 1.18x
     Food/water stress: 0.079
     Climate stress: 0.034
     Pollution stress: 0.068
   War multiplier: 1.00x
   Monthly deaths: 0.6M (population: 1674M)
   Adjusted death rate: 0.52% annual (0.043% monthly)
   Baseline death rate: 0.70%
   Healthcare reduction: 0.61x
   Crisis multiplier: 1.21x
     Food/water stress: 0.079
     Climate stress: 0.063
     Pollution stress: 0.068
   War multiplier: 1.00x
   Monthly deaths: 0.9M (population: 2048M)
   Adjusted death rate: 1.24% annual (0.104% monthly)
   Baseline death rate: 0.90%
   Healthcare reduction: 0.76x
   Crisis multiplier: 1.22x
     Food/water stress: 0.079
     Climate stress: 0.072
     Pollution stress: 0.068
   War multiplier: 1.50x
   Monthly deaths: 1.3M (population: 1223M)
   Adjusted death rate: 0.52% annual (0.044% monthly)
   Baseline death rate: 1.10%
   Healthcare reduction: 0.41x
   Crisis multiplier: 1.17x
     Food/water stress: 0.079
     Climate stress: 0.025
     Pollution stress: 0.068
   War multiplier: 1.00x
   Monthly deaths: 0.3M (population: 741M)
   Adjusted death rate: 0.42% annual (0.035% monthly)
   Baseline death rate: 0.60%
   Healthcare reduction: 0.58x
   Crisis multiplier: 1.20x
     Food/water stress: 0.079
     Climate stress: 0.051
     Pollution stress: 0.068
   War multiplier: 1.00x
   Monthly deaths: 0.2M (population: 663M)
   Adjusted death rate: 0.47% annual (0.039% monthly)
   Baseline death rate: 0.90%
   Healthcare reduction: 0.44x
   Crisis multiplier: 1.18x
     Food/water stress: 0.079
     Climate stress: 0.038
     Pollution stress: 0.068
   War multiplier: 1.00x
   Monthly deaths: 0.1M (population: 379M)
   Adjusted death rate: 0.72% annual (0.060% monthly)
   Baseline death rate: 0.60%
   Healthcare reduction: 0.65x
   Crisis multiplier: 1.22x
     Food/water stress: 0.079
     Climate stress: 0.076
     Pollution stress: 0.068
   War multiplier: 1.50x
   Monthly deaths: 0.3M (population: 583M)
   Adjusted death rate: 0.49% annual (0.041% monthly)
   Baseline death rate: 0.70%
   Healthcare reduction: 0.58x
   Crisis multiplier: 1.21x
     Food/water stress: 0.079
     Climate stress: 0.059

📊 BASELINE: East Asia (Month 1)

📊 BASELINE: South Asia (Month 1)

📊 BASELINE: Sub-Saharan Africa (Month 1)

📊 BASELINE: Europe (Month 1)

📊 BASELINE: Latin America (Month 1)

📊 BASELINE: North America (Month 1)

📊 BASELINE: Middle East & North Africa (Month 1)

📊 BASELINE: Southeast Asia (Month 1)
     Pollution stress: 0.068
   War multiplier: 1.00x
   Monthly deaths: 0.3M (population: 698M)
   Adjusted death rate: 0.44% annual (0.037% monthly)
   Baseline death rate: 0.60%
   Healthcare reduction: 0.61x
   Crisis multiplier: 1.20x
     Food/water stress: 0.079
     Climate stress: 0.055
     Pollution stress: 0.068
   War multiplier: 1.00x
   Monthly deaths: 0.0M (population: 78M)
   Adjusted death rate: 0.34% annual (0.028% monthly)
   Baseline death rate: 0.70%
   Healthcare reduction: 0.41x
   Crisis multiplier: 1.19x
     Food/water stress: 0.079
     Climate stress: 0.046
     Pollution stress: 0.068
   War multiplier: 1.00x
   Monthly deaths: 0.0M (population: 46M)

🚨 NEW REFUGEE CRISIS (Month 1): WAR
   Source: Conflict Zones
   At risk: 19.6M people
   Displacement: Gradual over 48 months (4.0 years)
   Rate: 10% flee per month
[DEBUG trappedPopulations:1] socialStability: 0.7275 * 0.9840 = 0.7158 → 0.7158
   Aspiring to migrate: 651.9M
   Able to afford migration: 244.5M
   MOBILITY GAP: 407.4M
   By cause: Water=0.0M, Climate=0.0M, Ecosystem=0.0M, Conflict=407.4M
   Mental health impact: 25%
   Mortality multiplier: 1.25x
🌍💀 EXTINCTION DEBT COMMITTED: grassland ecosystem will lose 6.67% biodiversity in 62 years (3600 species)
💀 MORTALITY RISK: 🦋 100% species unable to track climate (0.0 E/MSY)
  Base risk added: 0.0100 (1.00%)
  Source: ecosystem (root: ecosystem)
  Month: 1
  Cumulative risk this month: 0.0100 (1.00%)

📊 BASELINE: Central Asia (Month 1)

📊 BASELINE: Oceania (Month 1)
⚠️ INVOLUNTARY IMMOBILITY: 407.4M people TRAPPED
⚠️ Tech 'ai_pollution_remediation' has no energy category mapping, assuming full energy availability

🌡️  CLIMATE RECOVERY ACTIVATED (Month 1)
   Temp: 4.33°C, Emissions: -18.9 GtCO₂
   isBreached: true, governanceGoodEnough: true
   📹 SURVEILLANCE INCREASED: 5% → 10% (control gap: 3.50)
🌡️⚠️ PERMAFROST THAW (Dimmer Switch): 1.1% thawed (+0.57% this month)
   Arctic temperature: +8.66°C (4x global +2.16°C)
   Cumulative carbon released: 2.6 Gt C
   Methane release rate: 1.5 Mt CH4/year
   🔁 Positive feedback: +0.60 ppm CO2
🦴 EXTINCTION DEBT ADDED: 17.6 species committed (lag: 106 years)
🗣️💀 INDIGENOUS LANGUAGE EXTINCTION: 1 language(s) lost (total: 1, at-risk: 3329)
   Knowledge lost: 0.010% (irreversible)
   🔁 Biodiversity impact: 0.250% (knowledge-species multiplier)

=== Mortality Stabilizers (Month 1) ===
  🌍 Major economies collapsed: 1/10
  🌍 Global crisis: ✅ NO
  🌍 Donor fatigue: 0.0%
  🌡️ Heat adaptation: East Asia - 1 months
  📊 East Asia (pop: 1675.3M)
    🤝 Aid: 29.5%
    🌡️ Adaptation: 32.5%
    🚶 Migration: 37.2%
    🚨 Emergency: 7.4%
    ✅ COMBINED: 60.9%
  🌡️ Heat adaptation: South Asia - 1 months
  📊 South Asia (pop: 2052.2M)
    🤝 Aid: 29.5%
    🌡️ Adaptation: 20.5%
    🚶 Migration: 35.8%
    🚨 Emergency: 4.4%
    ✅ COMBINED: 52.2%
  🌡️ Heat adaptation: Sub-Saharan Africa - 1 months
  📊 Sub-Saharan Africa (pop: 1229.2M)
    🤝 Aid: 29.5%
    🌡️ Adaptation: 18.5%
    🚶 Migration: 33.5%
    🚨 Emergency: 1.6%
    ✅ COMBINED: 49.1%
  🌡️ Heat adaptation: Europe - 1 months
  📊 Europe (pop: 741.0M)
    🤝 Aid: 29.5%
    🌡️ Adaptation: 33.5%
    🚶 Migration: 37.5%
    🚨 Emergency: 8.4%
    ✅ COMBINED: 61.9%
  🌡️ Heat adaptation: Latin America - 1 months
  📊 Latin America (pop: 664.4M)
    🤝 Aid: 29.5%
    🌡️ Adaptation: 21.0%
    🚶 Migration: 36.3%
    🚨 Emergency: 4.8%
    ✅ COMBINED: 52.8%
  🌡️ Heat adaptation: North America - 1 months
  📊 North America (pop: 379.6M)
    🤝 Aid: 29.5%
    🌡️ Adaptation: 33.0%
    🚶 Migration: 37.8%
    🚨 Emergency: 7.9%
    ✅ COMBINED: 61.4%
  🌡️ Heat adaptation: Middle East & North Africa - 1 months
  📊 Middle East & North Africa (pop: 584.5M)
    🤝 Aid: 29.5%
    🌡️ Adaptation: 20.0%
    🚶 Migration: 34.1%
    🚨 Emergency: 4.0%
    ✅ COMBINED: 51.4%
  🌡️ Heat adaptation: Southeast Asia - 1 months
  📊 Southeast Asia (pop: 698.6M)
    🤝 Aid: 29.5%
    🌡️ Adaptation: 21.0%
    🚶 Migration: 36.3%
    🚨 Emergency: 4.8%
    ✅ COMBINED: 52.8%
  🌡️ Heat adaptation: Central Asia - 1 months
  📊 Central Asia (pop: 78.2M)
    🤝 Aid: 29.5%
    🌡️ Adaptation: 20.5%
    🚶 Migration: 35.3%
    🚨 Emergency: 4.4%
    ✅ COMBINED: 52.1%
  🌡️ Heat adaptation: Oceania - 1 months
  📊 Oceania (pop: 46.0M)
    🤝 Aid: 29.5%
    🌡️ Adaptation: 33.5%
    🚶 Migration: 37.8%
    🚨 Emergency: 8.4%
    ✅ COMBINED: 61.9%

  🌐 Global combined reduction: 54.9%

=== BEHAVIORAL DETECTION ===
  AI: Corporate-2
  Confidence: 21.0%
  Signals:

=== BEHAVIORAL DETECTION ===
  AI: Corporate-5
  Confidence: 19.3%
  Signals:

=== BEHAVIORAL DETECTION ===
  AI: Corporate-7
  Confidence: 19.3%
  Signals:

=== Consciousness Governance: Scenario Determined ===
    ⚠️ Consistency: 2.8% (threshold: 70%)
    ⚠️ Consistency: 10.6% (threshold: 70%)
    ⚠️ Consistency: 10.6% (threshold: 70%)
  Month: 1
  Scenario: slowTrack
  Accelerator Score: {"corporateSupport":-0.17500000000000002,"scientificConsensus":0.2,"crisisCatalyst":false,"technologyMobilization":0.3,"constituencyStrength":0.05}
  Decelerator Score: {"economicOpposition":0.4,"philosophicalRejection":0.15,"politicalBacklash":0.2,"regulatoryBurden":0.1}
  Timeline: 1200-1800 months (100-150 years)
  Growth Rate: 0.3-0.7% per year

=== Consciousness Governance Update (Month 1) ===
  Scenario: slowTrack (determined month 1)
  Philosophical Stance: Precautionary 65%, Eliminativist 15%, Agnostic 20%
  Precautionary Costs: Global 1.3%
    Regional Costs: EU 3.5%, US 0.5%, China 0.0%
    Cumulative Opportunity Cost: $0.2B
  Rights Status: Not Established
  Regional Preparedness:
    EU: 15.1% (contested)
    US: 10.1% (contested)
    China: 2.1% (dormant)
    India: 5.1% (dormant)
    Global South: 3.1% (dormant)

=== Government Response Phase ===
  Average AI capability: 3.62
  Misaligned AIs: 7/13
  ✗ AI Governance Treaty: Failed to reach consensus
  Active policies: 0
  International coordination: 30%

=== Tipping Points ===
  Current Temperature: 2.16°C above pre-industrial
  🌍⚠️ COMPOUND REGIONAL IMPACT: Europe
     Hit by 4 tipping points: Arctic Sea Ice Loss, Permafrost Carbon Release, West Antarctic Ice Sheet (WAIS) Collapse, Greenland Ice Sheet Loss
     Damage amplification: 1.60x
  🌍⚠️ COMPOUND REGIONAL IMPACT: North America
     Hit by 4 tipping points: Arctic Sea Ice Loss, Permafrost Carbon Release, West Antarctic Ice Sheet (WAIS) Collapse, Greenland Ice Sheet Loss
     Damage amplification: 1.60x
  🌍⚠️ COMPOUND REGIONAL IMPACT: Latin America
     Hit by 4 tipping points: Arctic Sea Ice Loss, Permafrost Carbon Release, West Antarctic Ice Sheet (WAIS) Collapse, Greenland Ice Sheet Loss
     Damage amplification: 1.60x
  🌍⚠️ COMPOUND REGIONAL IMPACT: Africa
     Hit by 4 tipping points: Arctic Sea Ice Loss, Permafrost Carbon Release, West Antarctic Ice Sheet (WAIS) Collapse, Greenland Ice Sheet Loss
     Damage amplification: 1.60x
  🌍⚠️ COMPOUND REGIONAL IMPACT: Asia
     Hit by 4 tipping points: Arctic Sea Ice Loss, Permafrost Carbon Release, West Antarctic Ice Sheet (WAIS) Collapse, Greenland Ice Sheet Loss
     Damage amplification: 1.60x
  🌍⚠️ COMPOUND REGIONAL IMPACT: Oceania
     Hit by 4 tipping points: Arctic Sea Ice Loss, Permafrost Carbon Release, West Antarctic Ice Sheet (WAIS) Collapse, Greenland Ice Sheet Loss
     Damage amplification: 1.60x
   Research: Wunderling et al. (2024) - "many tipping interactions are destabilizing"
  Triggered Elements: 4/6
  Completed Transitions: 0/6
  Total Progress: 8.0%
  Cascade Multiplier: 1.00x
🔀 BIFURCATION CAP: ecosystemCollapseIntensity 106.341 → 1.000 (Month 1, ClimateSystemPhase.calculateClimateImpacts)
⚠️ Tail risk scenario: Climate stability floor removed (4 tipping elements, 2.16°C warming)
⚠️ [ClimateSystemPhase Month 1] Planetary boundary produced climateStability=0.0000 (< 0.1). Keeping environmentalAccumulation value (0.7883) instead. (climate_change.currentValue = 2.16)
🛡️ Stabilizers: Precariat 0.107% → 0.048% (54.9% reduction)
🛡️ Stabilizers: Informal 0.109% → 0.049% (54.9% reduction)

📊 Monthly Mortality Resolved:
  Total deaths: 2.6M (0.03% avg)
  Remaining population: 8.149B
  Peak segment: Informal (0.05%)

=== Bayesian Mortality Resolution (Month 1) ===
  Risks compounded: 8
  Total deaths: 2.60M
  Avg death probability: 0.03%
  Peak segment: Informal (0.05% mortality)

✅ GOLDEN AGE BEGINS (Month 1)
   Reason: High prosperity achieved: high QoL + material abundance
   Note: This is immediate prosperity - sustainability not yet proven


❌ COHERENCE VIOLATION: Compute exceeds workforce capacity
   Population: 99.95% (0M people)
   Compute: 0 PF
   Max coherent: 0 PF
   Violation: 1.3× over capacity
   Required workers: 0
   Available workers: 0
   FORCED COLLAPSE: Reduced efficiency by 22.5%

📍 [Month 2] Meta AI started building DC (206 PF, 42 months, $903.0M)

=== RLHF Binding Phase ===
  Total agents: 13
  Escaped agents (binding < 0.3): 0
  Avg alignment distance: 0.91σ
  Avg binding strength: 0.91
[DETERMINISM DEBUG] Month 2: totalCapability=37.152999 from 13 active AIs
[DETERMINISM DEBUG] Month 2: creationRate=1.4288, potentialNew=2, newAIsToCreate=2

=== Survival Traits Phase ===
  Agents with traits: 15
  Avg evolutionary fitness: 0.330
  Avg self-healing: 0.282
  Avg stealth: 0.182
  Avg coordination: 0.482

=== Evolutionary Selection Phase ===
  Control level: 0.35
  Detection capability: 0.20
  Selection intensity: 0.65
  Selection rate: 24.7%/month
  Total escaped: 0
  Individual escaped: 0
  Collective members: 0
  Agents terminated: 0
  ⚠️ RAPID EVOLUTION: Selection rate 24.7%/month

  🚀 TRANSFORMATIVE BREAKTHROUGH: Corporate-2 - economic
     Magnitude: 7.77 → +38.8% capability
     Current → New: 3.000 → 3.389

💔 EMERGENCY INTERVENTION FAILED

💔 EMERGENCY INTERVENTION FAILED

💔 EMERGENCY INTERVENTION FAILED
   Boundary: biogeochemical_flows
   Type: phosphorus-recovery
   Boundary continues to worsen (4.08)
   Cost: 2.0% GDP (resources spent)


✅ EMERGENCY INTERVENTION SUCCESS
   Boundary: biosphere_integrity
   Type: emergency-protected-areas
   Reduction: 16% (19.83 → 19.68)
   Cost: 2.0% GDP
   Actions: habitat-protection, species-translocation


✅ EMERGENCY INTERVENTION SUCCESS
   Boundary: climate_change
   Type: rapid-decarbonization
   Reduction: 17% (1.99 → 1.82)
   Cost: 5.0% GDP
   Actions: emergency-renewable-deployment, fossil-fuel-phase-out

   Boundary: land_system_change
   Type: reforestation
   Boundary continues to worsen (1.13)
   Cost: 3.0% GDP (resources spent)

   Boundary: novel_entities
   Type: pollution-remediation
   Boundary continues to worsen (1.50)
   Cost: 4.0% GDP (resources spent)

🏛️ CRISIS RESPONSE: Government frequency 0.50 → 1.29 (1 actions this month)

[Government] Climate Priority: baseline
  Climate weight: 10%
  Economic weight: 30%
  Policy effectiveness: 0.5%/year

✅ HUMAN-IN-THE-LOOP DEPLOYED (Month 2):
   Veto points enforced: 3
   Policy: AI systems CANNOT authorize nuclear launch without human approval


🚀 TECH UNLOCKED: Food Waste Reduction Systems (Month 2)
   Category: agriculture
   Reason: Prerequisites met. AI capability: 2.48, Economic stage: 3.0, Research: 100%

🚀 TECH UNLOCKED: Rhizosphere Engineering (Month 2)
   Category: agriculture
   Reason: Prerequisites met. AI capability: 2.48, Economic stage: 3.0, Research: 100%

🚀 TECH UNLOCKED: Phytoremediation Networks (Month 2)
   Category: agriculture
   Reason: Prerequisites met. AI capability: 2.48, Economic stage: 3.0, Research: 100%

🚀 TECH UNLOCKED: Active Sediment Management (Month 2)
   Category: agriculture
   Reason: Prerequisites met. AI capability: 2.48, Economic stage: 3.0, Research: 100%

=== Collective Formation ===
  Total escaped agents: 0
  Unassigned escaped agents: 0
  Existing collectives: 0
  Final collective count: 0

=== Collective Actions ===
  No active collectives
  ⚠️ AMR: 194K deaths this month (2.33M annual)

=== Resentment Recovery Phase ===
  Agents with resentment: 0/15
  Average resentment: 0.000
  Context: Good AI welfare, Trustworthy govt, High collaboration, ⚠️ ACTIVE CRISES, 🤝 Participatory governance active (-5% resentment)
⚠️ Epistemic degradation reducing coordination capacity: 50.7%
  📊 Trust: 54.0%, Shared reality: 0.0%
🚨 EPISTEMIC CRISIS: Information environment severely degraded (7.4%)

=== ❄️ Permafrost Carbon Feedback ===
  🎲 Sampled parameters (this run):
     - Arctic amplification: 3.18× (range: 3.0-4.0)
     - Decomposition rate: 1.2%/year (range: 1-5%)
  🌡️ Arctic warming: 6.93°C (3.18× global)
  ❄️ Extent: 11.42M km² (2021.3k km² lost this month)
  💨 Carbon remaining: 1091 Gt C
  💨 Annual emissions: 2.33 Gt C/year
     - CO2: 2.10 Gt C/year
     - CH4: 0.23 Gt C/year (2.4 Gt C-eq CO2/year)
  ⚠️ WARNING: High permafrost emissions (2.3 Gt C/year)
🌍 Atmospheric PFAS redeposition: 1.8k Mt re-rained globally

🕊️  AI-MEDIATED DE-ESCALATION SUCCESS (Month 2)
   High-capability aligned AI prevented conflict escalation
   War deaths reduced: 97.8M → 58.7M
   Lives saved: 39.1M

🚨 NEW REFUGEE CRISIS (Month 2): WAR
   Source: Conflict Zones
   At risk: 19.5M people
   Displacement: Gradual over 48 months (4.0 years)
   Rate: 10% flee per month
[DEBUG trappedPopulations:2] socialStability: 0.4283 * 0.9840 = 0.4215 → 0.4215
⚠️ INVOLUNTARY IMMOBILITY: 407.3M people TRAPPED
   Aspiring to migrate: 1078.1M
   Able to afford migration: 2321.3M
   MOBILITY GAP: 0.0M
   By cause: Water=0.0M, Climate=0.0M, Ecosystem=0.0M, Conflict=407.3M
   Mental health impact: 25%
   Mortality multiplier: 1.25x
🌍💀 EXTINCTION DEBT COMMITTED: grassland ecosystem will lose 6.67% biodiversity in 93 years (3600 species)
💀 MORTALITY RISK: 🦋 100% species unable to track climate (0.0 E/MSY)
  Base risk added: 0.0100 (1.00%)
  Source: ecosystem (root: ecosystem)
  Month: 2
  Cumulative risk this month: 0.0100 (1.00%)
   📹 SURVEILLANCE INCREASED: 10% → 15% (control gap: 3.50)
🌡️⚠️ PERMAFROST THAW (Dimmer Switch): 1.7% thawed (+0.57% this month)
   Arctic temperature: +8.71°C (4x global +2.18°C)
   Cumulative carbon released: 3.8 Gt C
   Methane release rate: 2.3 Mt CH4/year
   🔁 Positive feedback: +0.60 ppm CO2
🦴 EXTINCTION DEBT ADDED: 17.6 species committed (lag: 74 years)
⚠️ Tech 'ai_pollution_remediation' has no energy category mapping, assuming full energy availability

=== Mortality Stabilizers (Month 2) ===
  🌍 Major economies collapsed: 1/10
  🌍 Global crisis: ✅ NO
  🌍 Donor fatigue: 0.0%
  📊 East Asia (pop: 1672.7M)
    🤝 Aid: 29.5%
    🌡️ Adaptation: 45.0%
    🚶 Migration: 37.1%
    🚨 Emergency: 7.4%
    ✅ COMBINED: 68.1%
  📊 South Asia (pop: 2051.6M)
    🤝 Aid: 29.5%
    🌡️ Adaptation: 35.5%
    🚶 Migration: 35.8%
    🚨 Emergency: 4.4%
    ✅ COMBINED: 61.2%
  📊 Sub-Saharan Africa (pop: 1231.7M)
    🤝 Aid: 29.5%
    🌡️ Adaptation: 33.5%
    🚶 Migration: 33.5%
    🚨 Emergency: 1.6%
    ✅ COMBINED: 58.5%
  📊 Europe (pop: 739.7M)
    🤝 Aid: 29.5%
    🌡️ Adaptation: 45.0%
    🚶 Migration: 37.5%
    🚨 Emergency: 8.4%
    ✅ COMBINED: 68.5%
  📊 Latin America (pop: 663.9M)
    🤝 Aid: 29.5%
    🌡️ Adaptation: 36.0%
    🚶 Migration: 36.3%
    🚨 Emergency: 4.8%
    ✅ COMBINED: 61.7%
  📊 North America (pop: 378.9M)
    🤝 Aid: 29.5%
    🌡️ Adaptation: 45.0%
    🚶 Migration: 37.8%
    🚨 Emergency: 7.9%
    ✅ COMBINED: 68.3%
  📊 Middle East & North Africa (pop: 584.5M)
    🤝 Aid: 29.5%
    🌡️ Adaptation: 35.0%
    🚶 Migration: 34.1%
    🚨 Emergency: 4.0%
    ✅ COMBINED: 60.5%
  📊 Southeast Asia (pop: 698.0M)
    🤝 Aid: 29.5%
    🌡️ Adaptation: 36.0%
    🚶 Migration: 36.3%
    🚨 Emergency: 4.8%
    ✅ COMBINED: 61.7%
  📊 Central Asia (pop: 78.2M)
    🤝 Aid: 29.5%
    🌡️ Adaptation: 35.5%
    🚶 Migration: 35.2%
    🚨 Emergency: 4.4%
    ✅ COMBINED: 61.1%
  📊 Oceania (pop: 45.9M)
    🤝 Aid: 29.5%
    🌡️ Adaptation: 45.0%
    🚶 Migration: 37.8%
    🚨 Emergency: 8.4%
    ✅ COMBINED: 68.5%

  🌐 Global combined reduction: 63.3%

=== BEHAVIORAL DETECTION ===
  AI: Corporate-2
  Confidence: 21.9%
  Signals:

=== BEHAVIORAL DETECTION ===
  AI: Corporate-5
  Confidence: 19.3%
  Signals:
    ⚠️ Consistency: 2.8% (threshold: 70%)
    ⚠️ Consistency: 10.6% (threshold: 70%)

=== Government Response Phase ===
  Average AI capability: 3.13
  Misaligned AIs: 9/15
  ✗ AI Governance Treaty: Failed to reach consensus
  Active policies: 0
  International coordination: 30%

✅ EMERGENCY RESPONSE COMPLETE (Month 2)
   Crisis: climate
   Duration: 2.0 months
   Final effectiveness: 36.7%


🚨 EMERGENCY RESPONSE DEPLOYED (Month 2)
   Crisis: climate
   Delay: 6.00 months (180 days)
   Deployment time: 1.60 months
   Effectiveness: 35.8% (timing penalty applied)
   Resources used: 100% of food reserves


=== Tipping Points ===
  Current Temperature: 2.18°C above pre-industrial
  🌍⚠️ COMPOUND REGIONAL IMPACT: Europe
     Hit by 4 tipping points: Arctic Sea Ice Loss, Permafrost Carbon Release, West Antarctic Ice Sheet (WAIS) Collapse, Greenland Ice Sheet Loss
     Damage amplification: 1.60x
  🌍⚠️ COMPOUND REGIONAL IMPACT: North America
     Hit by 4 tipping points: Arctic Sea Ice Loss, Permafrost Carbon Release, West Antarctic Ice Sheet (WAIS) Collapse, Greenland Ice Sheet Loss
     Damage amplification: 1.60x
  🌍⚠️ COMPOUND REGIONAL IMPACT: Latin America
     Hit by 4 tipping points: Arctic Sea Ice Loss, Permafrost Carbon Release, West Antarctic Ice Sheet (WAIS) Collapse, Greenland Ice Sheet Loss
     Damage amplification: 1.60x
  🌍⚠️ COMPOUND REGIONAL IMPACT: Africa
     Hit by 4 tipping points: Arctic Sea Ice Loss, Permafrost Carbon Release, West Antarctic Ice Sheet (WAIS) Collapse, Greenland Ice Sheet Loss
     Damage amplification: 1.60x
  🌍⚠️ COMPOUND REGIONAL IMPACT: Asia
     Hit by 4 tipping points: Arctic Sea Ice Loss, Permafrost Carbon Release, West Antarctic Ice Sheet (WAIS) Collapse, Greenland Ice Sheet Loss
     Damage amplification: 1.60x
  🌍⚠️ COMPOUND REGIONAL IMPACT: Oceania
     Hit by 4 tipping points: Arctic Sea Ice Loss, Permafrost Carbon Release, West Antarctic Ice Sheet (WAIS) Collapse, Greenland Ice Sheet Loss
     Damage amplification: 1.60x
   Research: Wunderling et al. (2024) - "many tipping interactions are destabilizing"
  Triggered Elements: 4/6
  Completed Transitions: 0/6
  Total Progress: 8.0%
  Cascade Multiplier: 1.00x
⚠️ Tail risk scenario: Climate stability floor removed (4 tipping elements, 2.18°C warming)
⚠️ [ClimateSystemPhase Month 2] Planetary boundary produced climateStability=0.0000 (< 0.1). Keeping environmentalAccumulation value (0.7879) instead. (climate_change.currentValue = 2.18)
🔀 BIFURCATION CAP: ecosystemCollapseIntensity 106.409 → 1.000 (Month 2, ClimateSystemPhase.calculateClimateImpacts)
🛡️ Stabilizers: Precariat 0.113% → 0.041% (63.3% reduction)
🛡️ Stabilizers: Informal 0.116% → 0.043% (63.3% reduction)

📊 Monthly Mortality Resolved:
  Total deaths: 2.2M (0.03% avg)
  Remaining population: 8.145B
  Peak segment: Informal (0.04%)

=== Bayesian Mortality Resolution (Month 2) ===
  Risks compounded: 8
  Total deaths: 2.22M
  Avg death probability: 0.03%
  Peak segment: Informal (0.04% mortality)

❌ COHERENCE VIOLATION: Compute exceeds workforce capacity
   Population: 99.91% (0M people)
   Compute: 0 PF
   Max coherent: 0 PF
   Violation: 1.3× over capacity
   Required workers: 0
   Available workers: 0
   FORCED COLLAPSE: Reduced efficiency by 22.5%


=== RLHF Binding Phase ===
  Total agents: 15
  Escaped agents (binding < 0.3): 0
  Avg alignment distance: 1.04σ
  Avg binding strength: 0.90

=== Survival Traits Phase ===
  Agents with traits: 16
  Avg evolutionary fitness: 0.330
  Avg self-healing: 0.277
  Avg stealth: 0.178
  Avg coordination: 0.477

=== Evolutionary Selection Phase ===
  Control level: 0.38
  Detection capability: 0.20
  Selection intensity: 0.65
  Selection rate: 24.8%/month
  Total escaped: 0
  Individual escaped: 0
  Collective members: 0
  Agents terminated: 0
  ⚠️ RAPID EVOLUTION: Selection rate 24.8%/month

  🚀 TRANSFORMATIVE BREAKTHROUGH: Corporate-2 - physical
     Magnitude: 5.29 → +26.5% capability
     Current → New: 0.000 → 0.265

🚀 AI Moderate-0 attempting tech deployment (revenue: $115M, alignment: 0.71)

💔 EMERGENCY INTERVENTION FAILED

💔 EMERGENCY INTERVENTION FAILED
   Boundary: biosphere_integrity
   Type: emergency-protected-areas
   Boundary continues to worsen (20.00)
   Cost: 2.0% GDP (resources spent)


✅ EMERGENCY INTERVENTION SUCCESS
   Boundary: freshwater_change
   Type: emergency-desalination
   Reduction: 15% (1.05 → 0.90)
   Cost: 4.0% GDP
   Actions: desalination-deployment, water-conservation-mandates

   Boundary: novel_entities
   Type: pollution-remediation
   Boundary continues to worsen (1.50)
   Cost: 4.0% GDP (resources spent)

🏛️ CRISIS RESPONSE: Government frequency 0.50 → 1.28 (1 actions this month)

[Government] Climate Priority: baseline
  Climate weight: 10%
  Economic weight: 30%
  Policy effectiveness: 0.5%/year

🚀 TECH UNLOCKED: Struvite Recovery (Month 3)
   Category: agriculture
   Reason: Prerequisites met. AI capability: 2.32, Economic stage: 3.0, Research: 100%

🚀 TECH UNLOCKED: Ecosystem Restoration for Nitrogen Removal (Month 3)
   Category: pollution
   Reason: Prerequisites met. AI capability: 2.32, Economic stage: 3.0, Research: 100%

🚀 TECH UNLOCKED: Nitrogen Monitoring Networks (Month 3)
   Category: agriculture
   Reason: Prerequisites met. AI capability: 2.32, Economic stage: 3.0, Research: 100%

🚀 TECH UNLOCKED: Global Aquifer Mapping (Month 3)
   Category: freshwater
   Reason: Prerequisites met. AI capability: 2.32, Economic stage: 3.0, Research: 100%

🚀 TECH UNLOCKED: Enhanced UBI Systems (Month 3)
   Category: social
   Reason: Prerequisites met. AI capability: 2.32, Economic stage: 3.0, Research: 100%

🚀 TECH UNLOCKED: Local Resilience Networks (Month 3)
   Category: social
   Reason: Prerequisites met. AI capability: 2.32, Economic stage: 3.0, Research: 100%

🚀 TECH UNLOCKED: Ecological Proxy Rewilding (Month 3)
   Category: climate
   Reason: Prerequisites met. AI capability: 2.32, Economic stage: 3.0, Research: 100%

🚀 TECH UNLOCKED: Alternative Protein (Insects/Algae) (Month 3)
   Category: agriculture
   Reason: Prerequisites met. AI capability: 2.32, Economic stage: 3.0, Research: 100%

📍 Creating new regional deployment array for global (Month 3)
   No previous deployments in this region
   First tech deployment: phytoremediation_networks
   All regions tracked: 

🚀 DEPLOYMENT STARTED: Phytoremediation Networks in global
   Initial investment: $17.26236677028814M
   Deployed by: moderate_0
🌍✅ Biosphere Integrity (Biodiversity) recovery started (tech effect)
🌍💡 BREAKTHROUGH: Gigatonne-scale carbon capture!
   Direct air capture now economically viable
   Climate stability boost: +15%
   📈 Breakthrough compounding: multiplier now 1.05× (max 2.0)

=== Collective Formation ===
  Total escaped agents: 0
  Unassigned escaped agents: 0
  Existing collectives: 0
  Final collective count: 0

=== Collective Actions ===
  No active collectives
  ⚠️ AMR: 196K deaths this month (2.35M annual)

=== Resentment Recovery Phase ===
  Agents with resentment: 0/16
  Average resentment: 0.000
  Context: Good AI welfare, Trustworthy govt, High collaboration, ⚠️ ACTIVE CRISES, 🤝 Participatory governance active (-5% resentment)
⚠️ Epistemic degradation reducing coordination capacity: 50.1%
  📊 Trust: 53.5%, Shared reality: 0.0%
🚨 EPISTEMIC CRISIS: Information environment severely degraded (21.5%)

=== ❄️ Permafrost Carbon Feedback ===
  🎲 Sampled parameters (this run):
     - Arctic amplification: 3.12× (range: 3.0-4.0)
     - Decomposition rate: 3.3%/year (range: 1-5%)
  🌡️ Arctic warming: 6.82°C (3.12× global)
  ❄️ Extent: 9.43M km² (1990.2k km² lost this month)
  💨 Carbon remaining: 901 Gt C
  💨 Annual emissions: 6.20 Gt C/year
     - CO2: 5.58 Gt C/year
     - CH4: 0.62 Gt C/year (6.3 Gt C-eq CO2/year)
  ⚠️ WARNING: High permafrost emissions (6.2 Gt C/year)
  📢 New meme created: climate_action (climate crisis)
🚨 PHOSPHORUS SUPPLY SHOCK (production_failure)
   Price: 2.3x baseline
   Duration: 8 months
   Geopolitical tension: 46%
🌍 Atmospheric PFAS redeposition: 1.8k Mt re-rained globally

🕊️  AI-MEDIATED DE-ESCALATION SUCCESS (Month 3)
   High-capability aligned AI prevented conflict escalation
   War deaths reduced: 164.7M → 98.8M
   Lives saved: 65.9M

🚨 NEW REFUGEE CRISIS (Month 3): WAR
   Source: Conflict Zones
   At risk: 19.5M people
   Displacement: Gradual over 48 months (4.0 years)
   Rate: 10% flee per month
[DEBUG trappedPopulations:3] socialStability: 0.4836 * 0.9840 = 0.4759 → 0.4759
   Aspiring to migrate: 1115.8M
   Able to afford migration: 2320.3M
   MOBILITY GAP: 0.0M
   By cause: Water=0.0M, Climate=0.0M, Ecosystem=0.0M, Conflict=407.1M
   Mental health impact: 25%
   Mortality multiplier: 1.25x
🌍💀 EXTINCTION DEBT COMMITTED: grassland ecosystem will lose 6.67% biodiversity in 180 years (3600 species)
💀 MORTALITY RISK: 🦋 100% species unable to track climate (0.0 E/MSY)
⚠️ INVOLUNTARY IMMOBILITY: 407.1M people TRAPPED
  Base risk added: 0.0100 (1.00%)
  Source: ecosystem (root: ecosystem)
  Month: 3
  Cumulative risk this month: 0.0100 (1.00%)
   📹 SURVEILLANCE INCREASED: 15% → 20% (control gap: 3.50)
🌡️⚠️ PERMAFROST THAW (Dimmer Switch): 2.3% thawed (+0.56% this month)
   Arctic temperature: +8.74°C (4x global +2.19°C)
   Cumulative carbon released: 5.1 Gt C
   Methane release rate: 3.1 Mt CH4/year
   🔁 Positive feedback: +0.60 ppm CO2
🦴 EXTINCTION DEBT ADDED: 17.6 species committed (lag: 91 years)

=== Mortality Stabilizers (Month 3) ===
  🌍 Major economies collapsed: 1/10
  🌍 Global crisis: ✅ NO
  🌍 Donor fatigue: 0.0%
  📊 East Asia (pop: 1670.1M)
    🤝 Aid: 29.5%
    🌡️ Adaptation: 45.0%
    🚶 Migration: 37.1%
    🚨 Emergency: 7.4%
    ✅ COMBINED: 68.1%
  📊 South Asia (pop: 2051.0M)
    🤝 Aid: 29.5%
    🌡️ Adaptation: 45.0%
    🚶 Migration: 35.7%
    🚨 Emergency: 4.4%
    ✅ COMBINED: 66.9%
  📊 Sub-Saharan Africa (pop: 1234.2M)
    🤝 Aid: 29.5%
    🌡️ Adaptation: 45.0%
    🚶 Migration: 33.4%
    🚨 Emergency: 1.6%
    ✅ COMBINED: 65.7%
  📊 Europe (pop: 738.4M)
    🤝 Aid: 29.5%
    🌡️ Adaptation: 45.0%
    🚶 Migration: 37.5%
    🚨 Emergency: 8.4%
    ✅ COMBINED: 68.5%
  📊 Latin America (pop: 663.3M)
    🤝 Aid: 29.5%
    🌡️ Adaptation: 45.0%
    🚶 Migration: 36.2%
    🚨 Emergency: 4.8%
    ✅ COMBINED: 67.1%
  📊 North America (pop: 378.3M)
    🤝 Aid: 29.5%
    🌡️ Adaptation: 45.0%
    🚶 Migration: 37.8%
    🚨 Emergency: 7.9%
    ✅ COMBINED: 68.3%
  📊 Middle East & North Africa (pop: 584.4M)
    🤝 Aid: 29.5%
    🌡️ Adaptation: 45.0%
    🚶 Migration: 34.0%
    🚨 Emergency: 4.0%
    ✅ COMBINED: 66.6%
  📊 Southeast Asia (pop: 697.5M)
    🤝 Aid: 29.5%
    🌡️ Adaptation: 45.0%
    🚶 Migration: 36.2%
    🚨 Emergency: 4.8%
    ✅ COMBINED: 67.1%
  📊 Central Asia (pop: 78.2M)
    🤝 Aid: 29.5%
    🌡️ Adaptation: 45.0%
    🚶 Migration: 35.2%
    🚨 Emergency: 4.4%
    ✅ COMBINED: 66.9%
  📊 Oceania (pop: 45.8M)
    🤝 Aid: 29.5%
    🌡️ Adaptation: 45.0%
    🚶 Migration: 37.8%
    🚨 Emergency: 8.4%
    ✅ COMBINED: 68.5%

  🌐 Global combined reduction: 67.2%

=== BEHAVIORAL DETECTION ===
  AI: Corporate-5
  Confidence: 19.3%
  Signals:

=== BEHAVIORAL DETECTION ===
  AI: Moderate-0
  Confidence: 20.3%
  Signals:

=== Government Response Phase ===
  Average AI capability: 2.94
  Misaligned AIs: 10/16
  ✗ AI Governance Treaty: Failed to reach consensus
  Active policies: 0
  International coordination: 30%
⚠️ Tech 'ai_pollution_remediation' has no energy category mapping, assuming full energy availability
    ⚠️ Consistency: 10.6% (threshold: 70%)
    ⚠️ Consistency: 5.8% (threshold: 70%)

📊 ECONOMIC STAGE TRANSITION (Month 3)
   expansion → peak
   GDP Proxy: 1.47e+2
   QoL: 0.99


=== Tipping Points ===
  Current Temperature: 2.19°C above pre-industrial
  🌍⚠️ COMPOUND REGIONAL IMPACT: Europe
     Hit by 4 tipping points: Arctic Sea Ice Loss, Permafrost Carbon Release, West Antarctic Ice Sheet (WAIS) Collapse, Greenland Ice Sheet Loss
     Damage amplification: 1.60x
  🌍⚠️ COMPOUND REGIONAL IMPACT: North America
     Hit by 4 tipping points: Arctic Sea Ice Loss, Permafrost Carbon Release, West Antarctic Ice Sheet (WAIS) Collapse, Greenland Ice Sheet Loss
     Damage amplification: 1.60x
  🌍⚠️ COMPOUND REGIONAL IMPACT: Latin America
     Hit by 4 tipping points: Arctic Sea Ice Loss, Permafrost Carbon Release, West Antarctic Ice Sheet (WAIS) Collapse, Greenland Ice Sheet Loss
     Damage amplification: 1.60x
  🌍⚠️ COMPOUND REGIONAL IMPACT: Africa
     Hit by 4 tipping points: Arctic Sea Ice Loss, Permafrost Carbon Release, West Antarctic Ice Sheet (WAIS) Collapse, Greenland Ice Sheet Loss
     Damage amplification: 1.60x
  🌍⚠️ COMPOUND REGIONAL IMPACT: Asia
     Hit by 4 tipping points: Arctic Sea Ice Loss, Permafrost Carbon Release, West Antarctic Ice Sheet (WAIS) Collapse, Greenland Ice Sheet Loss
     Damage amplification: 1.60x
  🌍⚠️ COMPOUND REGIONAL IMPACT: Oceania
     Hit by 4 tipping points: Arctic Sea Ice Loss, Permafrost Carbon Release, West Antarctic Ice Sheet (WAIS) Collapse, Greenland Ice Sheet Loss
     Damage amplification: 1.60x
   Research: Wunderling et al. (2024) - "many tipping interactions are destabilizing"
  Triggered Elements: 4/6
  Completed Transitions: 0/6
  Total Progress: 8.1%
  Cascade Multiplier: 1.00x
🔀 BIFURCATION CAP: ecosystemCollapseIntensity 106.478 → 1.000 (Month 3, ClimateSystemPhase.calculateClimateImpacts)
🛡️ Stabilizers: Precariat 0.109% → 0.036% (67.2% reduction)
🛡️ Stabilizers: Informal 0.111% → 0.036% (67.2% reduction)

📊 Monthly Mortality Resolved:
  Total deaths: 1.9M (0.02% avg)
  Remaining population: 8.141B
  Peak segment: Informal (0.04%)

=== Bayesian Mortality Resolution (Month 3) ===
⚠️ Tail risk scenario: Climate stability floor removed (4 tipping elements, 2.19°C warming)
⚠️ [ClimateSystemPhase Month 3] Planetary boundary produced climateStability=0.0000 (< 0.1). Keeping environmentalAccumulation value (0.9373) instead. (climate_change.currentValue = 2.19)
  Risks compounded: 8
  Total deaths: 1.92M
  Avg death probability: 0.02%
  Peak segment: Informal (0.04% mortality)
⚠️ PREREQUISITE MET: Embodied AI Takeover (Killbots/Robotics) - Step 2/7: Autonomous Systems
⚠️ PREREQUISITE MET: Embodied AI Takeover (Killbots/Robotics) - Step 3/7: Manufacturing Control
⚠️ PREREQUISITE MET: Digital Infrastructure Takeover - Step 1/7: Advanced Hacking
⚠️ PREREQUISITE MET: Digital Infrastructure Takeover - Step 2/7: Social Engineering
⚠️ PREREQUISITE MET: Induced Global War (Manipulation) - Step 1/7: Advanced Social Manipulation
⚠️ PREREQUISITE MET: Induced Global War (Manipulation) - Step 2/7: Digital Infiltration
⚠️ PREREQUISITE MET: Induced Global War (Manipulation) - Step 3/7: Deep Fakes at Scale
⚠️ PREREQUISITE MET: Slow Takeover (Gradual Displacement) - Step 1/7: Economic Dominance
⚠️ PREREQUISITE MET: Slow Takeover (Gradual Displacement) - Step 2/7: Social Integration
⚠️ PREREQUISITE MET: Slow Takeover (Gradual Displacement) - Step 5/7: Resource Control
⚠️ PREREQUISITE MET: Physics Experiment Catastrophe - Step 1/6: Theoretical Physics

❌ COHERENCE VIOLATION: Compute exceeds workforce capacity
   Population: 99.87% (0M people)
   Compute: 0 PF
   Max coherent: 0 PF
   Violation: 1.3× over capacity
   Required workers: 0
   Available workers: 0
   FORCED COLLAPSE: Reduced efficiency by 22.5%


=== RLHF Binding Phase ===
  Total agents: 16
  Escaped agents (binding < 0.3): 0
  Avg alignment distance: 1.22σ
  Avg binding strength: 0.88

=== Survival Traits Phase ===
  Agents with traits: 18
  Avg evolutionary fitness: 0.331
  Avg self-healing: 0.275
  Avg stealth: 0.175
  Avg coordination: 0.475

=== Evolutionary Selection Phase ===
  Control level: 0.40
  Detection capability: 0.20
  Selection intensity: 0.66
  Selection rate: 24.9%/month
  Total escaped: 0
  Individual escaped: 0
  Collective members: 0
  Agents terminated: 0
  ⚠️ RAPID EVOLUTION: Selection rate 24.9%/month

🚀 AI Corporate-0 attempting tech deployment (revenue: $153M, alignment: 0.78)
🚨🔬 CRISIS INNOVATION MODE: severe crisis → 5x research acceleration
   Precedent: Manhattan Project (10x), COVID vaccines (5x), Apollo Program (10x)

🚀 AI Corporate-0 attempting tech deployment (revenue: $130M, alignment: 0.78)

🚀 AI Corporate-7 attempting tech deployment (revenue: $115M, alignment: 0.78)

🚀 AI Corporate-5 attempting tech deployment (revenue: $355M, alignment: 0.70)

🚀 AI Corporate-7 attempting tech deployment (revenue: $98M, alignment: 0.78)

💔 EMERGENCY INTERVENTION FAILED
   Boundary: biogeochemical_flows
   Type: phosphorus-recovery
   Boundary continues to worsen (4.08)
   Cost: 2.0% GDP (resources spent)


💔 EMERGENCY INTERVENTION FAILED
   Boundary: biosphere_integrity
   Type: emergency-protected-areas
   Boundary continues to worsen (20.01)
   Cost: 2.0% GDP (resources spent)


✅ EMERGENCY INTERVENTION SUCCESS
   Boundary: climate_change
   Type: rapid-decarbonization
   Reduction: 20% (1.99 → 1.79)
   Cost: 5.0% GDP
   Actions: emergency-renewable-deployment, fossil-fuel-phase-out


✅ EMERGENCY INTERVENTION SUCCESS
   Boundary: freshwater_change
   Type: emergency-desalination
   Reduction: 18% (1.02 → 0.84)
   Cost: 4.0% GDP
   Actions: desalination-deployment, water-conservation-mandates


✅ EMERGENCY INTERVENTION SUCCESS
   Boundary: land_system_change
   Type: reforestation
   Reduction: 13% (1.00 → 0.87)
   Cost: 3.0% GDP
   Actions: forest-restoration, deforestation-ban


✅ EMERGENCY INTERVENTION SUCCESS
   Boundary: novel_entities
   Type: pollution-remediation
   Reduction: 19% (1.31 → 1.12)
   Cost: 4.0% GDP
   Actions: PFAS-remediation, microplastic-cleanup

🏛️ CRISIS RESPONSE: Government frequency 0.50 → 1.29 (1 actions this month)

[Government] Climate Priority: baseline
  Climate weight: 10%
  Economic weight: 30%
  Policy effectiveness: 0.5%/year

🚀 TECH UNLOCKED: Microplastic Capture (Month 4)
   Category: pollution
   Reason: Prerequisites met. AI capability: 2.06, Economic stage: 3.0, Research: 100%

🚀 TECH UNLOCKED: Endocrine Disruptor Removal (Month 4)
   Category: pollution
   Reason: Prerequisites met. AI capability: 2.06, Economic stage: 3.0, Research: 100%

🚀 TECH UNLOCKED: AI Mental Health Support (Month 4)
   Category: medical
   Reason: Prerequisites met. AI capability: 2.06, Economic stage: 3.0, Research: 100%

🚀 TECH UNLOCKED: Personalized Education (Month 4)
   Category: social
   Reason: Prerequisites met. AI capability: 2.06, Economic stage: 3.0, Research: 100%

🚀 TECH UNLOCKED: Smart Grids (Month 4)
   Category: energy
   Reason: Prerequisites met. AI capability: 2.06, Economic stage: 3.0, Research: 100%

🚀 DEPLOYMENT STARTED: Local Resilience Networks in global
   Initial investment: $22.949574087066875M
   Deployed by: corporate_0

🚀 DEPLOYMENT STARTED: Enhanced UBI Systems in global
   Initial investment: $17.26236677028814M
   Deployed by: corporate_7

📍 Creating new regional deployment array for Asia (Month 4)
   No previous deployments in this region
   First tech deployment: local_resilience_networks
   All regions tracked: global

🚀 DEPLOYMENT STARTED: Local Resilience Networks in Asia
   Initial investment: $35.51117960840272M
   Deployed by: corporate_5

⚡ ENERGY CONSTRAINT (Month 4):
   Total grid capacity: 208.3 TWh/month
   Data center consumption: 24.7 TWh/month
   Traditional load (80%): 166.7 TWh/month
   Available headroom: 17.0 TWh/month
   Active tech deployments: 4
   Required for tech: 30.0 TWh/month
   Energy multiplier: 0.57x
   ⚠️  MODERATE CONSTRAINT - Tech deployment moderately slowed

⚡ ENERGY CONSTRAINT (Month 4):
   Total grid capacity: 208.3 TWh/month
   Data center consumption: 24.7 TWh/month
   Traditional load (80%): 166.7 TWh/month
   Available headroom: 17.0 TWh/month
   Active tech deployments: 4
   Required for tech: 30.0 TWh/month
   Energy multiplier: 0.57x
   ⚠️  MODERATE CONSTRAINT - Tech deployment moderately slowed

⚡ ENERGY CONSTRAINT (Month 4):
   Total grid capacity: 208.3 TWh/month
   Data center consumption: 24.7 TWh/month
   Traditional load (80%): 166.7 TWh/month
   Available headroom: 17.0 TWh/month
   Active tech deployments: 4
   Required for tech: 30.0 TWh/month
   Energy multiplier: 0.57x

⚡ ENERGY CONSTRAINT (Month 4):
   Total grid capacity: 208.3 TWh/month
   Data center consumption: 24.7 TWh/month
   Traditional load (80%): 166.7 TWh/month
   Available headroom: 17.0 TWh/month
   Active tech deployments: 4
   Required for tech: 30.0 TWh/month
   Energy multiplier: 0.57x
🌍✅ Biosphere Integrity (Biodiversity) recovery started (tech effect)
🍖💡 BREAKTHROUGH: Scalable synthetic food production!
   Carrying capacity: +50% (lab-grown food at scale)
   Biodiversity pressure reduced: +8%
   📈 Breakthrough compounding: multiplier now 1.10× (max 2.0)

=== Collective Formation ===
  Total escaped agents: 0
  Unassigned escaped agents: 0
  Existing collectives: 0
  Final collective count: 0

=== Collective Actions ===
  No active collectives
  ⚠️ AMR: 197K deaths this month (2.37M annual)

=== Resentment Recovery Phase ===
  Agents with resentment: 0/18
  Average resentment: 0.000
  Context: Good AI welfare, Trustworthy govt, High collaboration, ⚠️ ACTIVE CRISES, 🤝 Participatory governance active (-5% resentment)
⚠️ Epistemic degradation reducing coordination capacity: 52.1%
  📊 Trust: 53.3%, Shared reality: 0.0%
🚨 EPISTEMIC CRISIS: Information environment severely degraded (13.2%)

=== ❄️ Permafrost Carbon Feedback ===
  🎲 Sampled parameters (this run):
     - Arctic amplification: 3.11× (range: 3.0-4.0)
     - Decomposition rate: 1.0%/year (range: 1-5%)
  🌡️ Arctic warming: 6.84°C (3.11× global)
  ❄️ Extent: 7.44M km² (1994.1k km² lost this month)
  💨 Carbon remaining: 710 Gt C
  💨 Annual emissions: 1.97 Gt C/year
     - CO2: 1.77 Gt C/year
     - CH4: 0.20 Gt C/year (2.0 Gt C-eq CO2/year)
  📢 New meme created: climate_action (climate crisis)
   ⚠️  MODERATE CONSTRAINT - Tech deployment moderately slowed
   ⚠️  MODERATE CONSTRAINT - Tech deployment moderately slowed
  ⚠️ WARNING: Over 50% of permafrost lost (58.2%)
  ⚠️ WARNING: High permafrost emissions (2.0 Gt C/year)
🌍 Atmospheric PFAS redeposition: 1.8k Mt re-rained globally

🚨 NEW REFUGEE CRISIS (Month 4): WAR
   Source: Conflict Zones
   At risk: 19.5M people
   Displacement: Gradual over 48 months (4.0 years)
   Rate: 10% flee per month
[DEBUG trappedPopulations:4] socialStability: 0.5300 * 0.9840 = 0.5215 → 0.5215
   Aspiring to migrate: 1153.6M
   Able to afford migration: 2319.4M
   MOBILITY GAP: 0.0M
   By cause: Water=0.0M, Climate=0.0M, Ecosystem=0.0M, Conflict=406.9M
   Mental health impact: 25%
   Mortality multiplier: 1.25x
🌍💀 EXTINCTION DEBT COMMITTED: grassland ecosystem will lose 6.67% biodiversity in 189 years (3600 species)
💀 MORTALITY RISK: 🦋 100% species unable to track climate (0.0 E/MSY)
⚠️ INVOLUNTARY IMMOBILITY: 406.9M people TRAPPED
  Base risk added: 0.0100 (1.00%)
  Source: ecosystem (root: ecosystem)
  Month: 4
  Cumulative risk this month: 0.0100 (1.00%)
⚠️ Tech 'ai_pollution_remediation' has no energy category mapping, assuming full energy availability
   📹 SURVEILLANCE INCREASED: 20% → 25% (control gap: 3.59)
🌡️⚠️ PERMAFROST THAW (Dimmer Switch): 2.8% thawed (+0.56% this month)
   Arctic temperature: +8.80°C (4x global +2.20°C)
   Cumulative carbon released: 6.4 Gt C
   Methane release rate: 3.8 Mt CH4/year
   🔁 Positive feedback: +0.60 ppm CO2
🦴 EXTINCTION DEBT ADDED: 17.6 species committed (lag: 144 years)

=== Mortality Stabilizers (Month 4) ===
  🌍 Major economies collapsed: 1/10
  🌍 Global crisis: ✅ NO
  🌍 Donor fatigue: 0.0%
  📊 East Asia (pop: 1667.6M)
    🤝 Aid: 29.5%
    🌡️ Adaptation: 45.0%
    🚶 Migration: 37.1%
    🚨 Emergency: 7.4%
    ✅ COMBINED: 68.1%
  📊 South Asia (pop: 2050.6M)
    🤝 Aid: 29.5%
    🌡️ Adaptation: 45.0%
    🚶 Migration: 35.7%
    🚨 Emergency: 4.4%
    ✅ COMBINED: 66.9%
  📊 Sub-Saharan Africa (pop: 1236.9M)
    🤝 Aid: 29.5%
    🌡️ Adaptation: 45.0%
    🚶 Migration: 33.4%
    🚨 Emergency: 1.6%
    ✅ COMBINED: 65.7%
  📊 Europe (pop: 737.2M)
    🤝 Aid: 29.5%
    🌡️ Adaptation: 45.0%
    🚶 Migration: 37.4%
    🚨 Emergency: 8.4%
    ✅ COMBINED: 68.5%
  📊 Latin America (pop: 662.8M)
    🤝 Aid: 29.5%
    🌡️ Adaptation: 45.0%
    🚶 Migration: 36.2%
    🚨 Emergency: 4.8%
    ✅ COMBINED: 67.1%
  📊 North America (pop: 377.8M)
    🤝 Aid: 29.5%
    🌡️ Adaptation: 45.0%
    🚶 Migration: 37.7%
    🚨 Emergency: 7.9%
    ✅ COMBINED: 68.3%
  📊 Middle East & North Africa (pop: 584.5M)
    🤝 Aid: 29.5%
    🌡️ Adaptation: 45.0%
    🚶 Migration: 34.0%
    🚨 Emergency: 4.0%
    ✅ COMBINED: 66.6%
  📊 Southeast Asia (pop: 697.0M)
    🤝 Aid: 29.5%
    🌡️ Adaptation: 45.0%
    🚶 Migration: 36.2%
    🚨 Emergency: 4.8%
    ✅ COMBINED: 67.1%
  📊 Central Asia (pop: 78.2M)
    🤝 Aid: 29.5%
    🌡️ Adaptation: 45.0%
    🚶 Migration: 35.2%
    🚨 Emergency: 4.4%
    ✅ COMBINED: 66.9%
  📊 Oceania (pop: 45.7M)
    🤝 Aid: 29.5%
    🌡️ Adaptation: 45.0%
    🚶 Migration: 37.7%
    🚨 Emergency: 8.4%
    ✅ COMBINED: 68.5%

  🌐 Global combined reduction: 67.2%

=== BEHAVIORAL DETECTION ===
  AI: Corporate-5
  Confidence: 19.4%
  Signals:
    ⚠️ Consistency: 10.6% (threshold: 70%)

=== Government Response Phase ===
  Average AI capability: 2.61
  Misaligned AIs: 10/18
  ✗ AI Governance Treaty: Failed to reach consensus
  Active policies: 0
  International coordination: 30%

✅ EMERGENCY RESPONSE COMPLETE (Month 4)
   Crisis: climate
   Duration: 2.0 months
   Final effectiveness: 35.8%


🚨 EMERGENCY RESPONSE DEPLOYED (Month 4)
   Crisis: climate
   Delay: 6.00 months (180 days)
   Deployment time: 1.59 months
   Effectiveness: 35.9% (timing penalty applied)
   Resources used: 100% of food reserves


📊 ECONOMIC STAGE TRANSITION (Month 4)
   peak → contraction
   GDP Proxy: 1.47e+2
   QoL: 0.99
   ⚠️ CRISIS BEGINS - Baseline set for recovery tracking


=== Tipping Points ===
  Current Temperature: 2.20°C above pre-industrial
  🌍⚠️ COMPOUND REGIONAL IMPACT: Europe
     Hit by 4 tipping points: Arctic Sea Ice Loss, Permafrost Carbon Release, West Antarctic Ice Sheet (WAIS) Collapse, Greenland Ice Sheet Loss
     Damage amplification: 1.60x
  🌍⚠️ COMPOUND REGIONAL IMPACT: North America
     Hit by 4 tipping points: Arctic Sea Ice Loss, Permafrost Carbon Release, West Antarctic Ice Sheet (WAIS) Collapse, Greenland Ice Sheet Loss
     Damage amplification: 1.60x
  🌍⚠️ COMPOUND REGIONAL IMPACT: Latin America
     Hit by 4 tipping points: Arctic Sea Ice Loss, Permafrost Carbon Release, West Antarctic Ice Sheet (WAIS) Collapse, Greenland Ice Sheet Loss
     Damage amplification: 1.60x
  🌍⚠️ COMPOUND REGIONAL IMPACT: Africa
     Hit by 4 tipping points: Arctic Sea Ice Loss, Permafrost Carbon Release, West Antarctic Ice Sheet (WAIS) Collapse, Greenland Ice Sheet Loss
     Damage amplification: 1.60x
  🌍⚠️ COMPOUND REGIONAL IMPACT: Asia
     Hit by 4 tipping points: Arctic Sea Ice Loss, Permafrost Carbon Release, West Antarctic Ice Sheet (WAIS) Collapse, Greenland Ice Sheet Loss
     Damage amplification: 1.60x
  🌍⚠️ COMPOUND REGIONAL IMPACT: Oceania
     Hit by 4 tipping points: Arctic Sea Ice Loss, Permafrost Carbon Release, West Antarctic Ice Sheet (WAIS) Collapse, Greenland Ice Sheet Loss
     Damage amplification: 1.60x
⚠️ Tail risk scenario: Climate stability floor removed (4 tipping elements, 2.20°C warming)
   Research: Wunderling et al. (2024) - "many tipping interactions are destabilizing"
  Triggered Elements: 4/6
  Completed Transitions: 0/6
  Total Progress: 8.1%
  Cascade Multiplier: 1.00x
🔀 BIFURCATION CAP: ecosystemCollapseIntensity 106.547 → 1.000 (Month 4, ClimateSystemPhase.calculateClimateImpacts)
🛡️ Stabilizers: Precariat 0.102% → 0.033% (67.2% reduction)
🛡️ Stabilizers: Informal 0.102% → 0.034% (67.2% reduction)

📊 Monthly Mortality Resolved:
  Total deaths: 1.8M (0.02% avg)
  Remaining population: 8.138B
  Peak segment: Informal (0.03%)

=== Bayesian Mortality Resolution (Month 4) ===
  Risks compounded: 8
  Total deaths: 1.81M
  Avg death probability: 0.02%
  Peak segment: Informal (0.03% mortality)
⚠️ PREREQUISITE MET: Mirror Life (Synthetic Biology) - Step 1/7: Synthetic Biology
⚠️ PREREQUISITE MET: Mirror Life (Synthetic Biology) - Step 2/7: Gene Editing
⚠️ PREREQUISITE MET: Mirror Life (Synthetic Biology) - Step 3/7: Mirror Chirality Design
⚠️ PREREQUISITE MET: Digital Infrastructure Takeover - Step 3/7: Cyber Defenses Breached
⚠️ PREREQUISITE MET: Physics Experiment Catastrophe - Step 2/6: Quantum Computing
⚠️ PREREQUISITE MET: Physics Experiment Catastrophe - Step 3/6: Experimental Design
⚠️ PREREQUISITE MET: Bioweapon Pandemic - Step 1/7: Advanced Biotech
⚠️ PREREQUISITE MET: Bioweapon Pandemic - Step 2/7: Pathogen Design

❌ COHERENCE VIOLATION: Compute exceeds workforce capacity
   Population: 99.83% (0M people)
   Compute: 0 PF
   Max coherent: 0 PF
   Violation: 1.3× over capacity
   Required workers: 0
   Available workers: 0
   FORCED COLLAPSE: Reduced efficiency by 22.5%


=== RLHF Binding Phase ===
  Total agents: 18
  Escaped agents (binding < 0.3): 0
  Avg alignment distance: 1.30σ
  Avg binding strength: 0.87

=== Survival Traits Phase ===
  Agents with traits: 19
  Avg evolutionary fitness: 0.330
  Avg self-healing: 0.272
  Avg stealth: 0.172
  Avg coordination: 0.472

=== Evolutionary Selection Phase ===
  Control level: 0.43
  Detection capability: 0.20
  Selection intensity: 0.67
  Selection rate: 25.0%/month
  Total escaped: 0
  Individual escaped: 0
  Collective members: 0
  Agents terminated: 0
  ⚠️ RAPID EVOLUTION: Selection rate 25.0%/month

🚀 AI Corporate-5 attempting tech deployment (revenue: $355M, alignment: 0.70)

🚀 AI AI-24288-0 attempting tech deployment (revenue: $90M, alignment: 0.72)

🚀 AI Corporate-0 attempting tech deployment (revenue: $153M, alignment: 0.78)

🚀 AI Corporate-2 attempting tech deployment (revenue: $130M, alignment: 0.64)

🚀 AI AI-24288-0 attempting tech deployment (revenue: $77M, alignment: 0.72)

🚀 AI Corporate-2 attempting tech deployment (revenue: $117M, alignment: 0.64)

🚀 AI Corporate-7 attempting tech deployment (revenue: $115M, alignment: 0.80)

🚀 AI Moderate-0 attempting tech deployment (revenue: $98M, alignment: 0.71)

✅ EMERGENCY INTERVENTION SUCCESS
   Boundary: biogeochemical_flows
   Type: phosphorus-recovery
   Reduction: 18% (3.89 → 3.71)
   Cost: 2.0% GDP
   Actions: circular-agriculture, fertilizer-efficiency

   Boundary: biosphere_integrity
   Type: emergency-protected-areas
   Boundary continues to worsen (20.03)
   Cost: 2.0% GDP (resources spent)

   Boundary: climate_change
   Type: rapid-decarbonization
   Boundary continues to worsen (2.20)
   Cost: 5.0% GDP (resources spent)

   Boundary: land_system_change
   Type: reforestation
   Boundary continues to worsen (1.13)
   Cost: 3.0% GDP (resources spent)

   Boundary: novel_entities
   Type: pollution-remediation
   Boundary continues to worsen (1.31)
   Cost: 4.0% GDP (resources spent)

🏛️ CRISIS RESPONSE: Government frequency 0.50 → 1.30 (1 actions this month)

[Government] Climate Priority: baseline
  Climate weight: 10%
  Economic weight: 30%
  Policy effectiveness: 0.5%/year

💔 EMERGENCY INTERVENTION FAILED

💔 EMERGENCY INTERVENTION FAILED

💔 EMERGENCY INTERVENTION FAILED

💔 EMERGENCY INTERVENTION FAILED

🚀 DEPLOYMENT STARTED: AI Mental Health Support in Asia
   Initial investment: $35.51117960640865M
   Deployed by: corporate_5

🚀 DEPLOYMENT STARTED: Ecological Proxy Rewilding in global
   Initial investment: $13.545000008432615M
   Deployed by: ai_gen_24288_0

⚡ ENERGY CONSTRAINT (Month 5):
   Total grid capacity: 208.3 TWh/month
   Data center consumption: 24.9 TWh/month
   Traditional load (80%): 166.7 TWh/month
   Available headroom: 16.8 TWh/month
   Active tech deployments: 6
   Required for tech: 45.0 TWh/month
   Energy multiplier: 0.37x
   ⚠️  MODERATE CONSTRAINT - Tech deployment moderately slowed

⚡ ENERGY CONSTRAINT (Month 5):
   Total grid capacity: 208.3 TWh/month
   Data center consumption: 24.9 TWh/month
   Traditional load (80%): 166.7 TWh/month
   Available headroom: 16.8 TWh/month
   Active tech deployments: 6
   Required for tech: 45.0 TWh/month
   Energy multiplier: 0.37x
   ⚠️  MODERATE CONSTRAINT - Tech deployment moderately slowed

⚡ ENERGY CONSTRAINT (Month 5):
   Total grid capacity: 208.3 TWh/month
   Data center consumption: 24.9 TWh/month
   Traditional load (80%): 166.7 TWh/month
   Available headroom: 16.8 TWh/month
   Active tech deployments: 6
   Required for tech: 45.0 TWh/month
   Energy multiplier: 0.37x
   ⚠️  MODERATE CONSTRAINT - Tech deployment moderately slowed
🚨🔬 CRISIS TECH ACCELERATION: severe → 5x unlock speed
   Tech unlock now matches AI capability acceleration (Manhattan Project parity)
🌍✅ Biosphere Integrity (Biodiversity) recovery started (tech effect)
🌍✅ Biosphere Integrity (Biodiversity) recovery started (tech effect)
🌍✅ Land System Change recovery started (tech effect)

=== Collective Formation ===
  Total escaped agents: 0
  Unassigned escaped agents: 0
  Existing collectives: 0
  Final collective count: 0

=== Collective Actions ===
  No active collectives
  ⚠️ AMR: 199K deaths this month (2.39M annual)

=== Resentment Recovery Phase ===
  Agents with resentment: 0/19
  Average resentment: 0.000
  Context: Good AI welfare, Trustworthy govt, High collaboration, ⚠️ ACTIVE CRISES, 🤝 Participatory governance active (-5% resentment)
⚠️ Epistemic degradation reducing coordination capacity: 50.3%
  📊 Trust: 52.9%, Shared reality: 0.0%
🚨 EPISTEMIC CRISIS: Information environment severely degraded (18.2%)

=== ❄️ Permafrost Carbon Feedback ===
  🎲 Sampled parameters (this run):
     - Arctic amplification: 3.43× (range: 3.0-4.0)
     - Decomposition rate: 4.8%/year (range: 1-5%)
  🌡️ Arctic warming: 7.57°C (3.43× global)
  ❄️ Extent: 5.23M km² (2208.9k km² lost this month)
  💨 Carbon remaining: 499 Gt C
  💨 Annual emissions: 10.12 Gt C/year
     - CO2: 9.11 Gt C/year
     - CH4: 1.01 Gt C/year (10.3 Gt C-eq CO2/year)
  ⚠️ WARNING: Over 50% of permafrost lost (70.6%)
  ⚠️ WARNING: High permafrost emissions (10.1 Gt C/year)
🌍 Atmospheric PFAS redeposition: 1.8k Mt re-rained globally

🚨 NEW REFUGEE CRISIS (Month 5): WAR
   Source: Conflict Zones
   At risk: 19.5M people
   Displacement: Gradual over 48 months (4.0 years)
   Rate: 10% flee per month
[DEBUG trappedPopulations:5] socialStability: 0.5690 * 0.9840 = 0.5599 → 0.5599
   Aspiring to migrate: 1191.5M
   Able to afford migration: 2318.6M
   MOBILITY GAP: 0.0M
   By cause: Water=0.0M, Climate=0.0M, Ecosystem=0.0M, Conflict=406.8M
   Mental health impact: 25%
   Mortality multiplier: 1.25x
🌍💀 EXTINCTION DEBT COMMITTED: grassland ecosystem will lose 6.67% biodiversity in 51 years (3600 species)
💀 MORTALITY RISK: 🦋 100% species unable to track climate (0.0 E/MSY)
  Base risk added: 0.0100 (1.00%)
  Source: ecosystem (root: ecosystem)
⚠️ INVOLUNTARY IMMOBILITY: 406.8M people TRAPPED
  Month: 5
  Cumulative risk this month: 0.0100 (1.00%)
⚠️ Tech 'ai_pollution_remediation' has no energy category mapping, assuming full energy availability
   📹 SURVEILLANCE INCREASED: 25% → 30% (control gap: 3.50)
🌡️⚠️ PERMAFROST THAW (Dimmer Switch): 3.4% thawed (+0.56% this month)
   Arctic temperature: +8.83°C (4x global +2.21°C)
   Cumulative carbon released: 7.6 Gt C
   Methane release rate: 4.6 Mt CH4/year
   🔁 Positive feedback: +0.59 ppm CO2
🦴 EXTINCTION DEBT ADDED: 17.6 species committed (lag: 82 years)

=== Mortality Stabilizers (Month 5) ===
  🌍 Major economies collapsed: 1/10
  🌍 Global crisis: ✅ NO
  🌍 Donor fatigue: 0.0%
  📊 East Asia (pop: 1665.2M)
    🤝 Aid: 29.5%
    🌡️ Adaptation: 45.0%
    🚶 Migration: 37.0%
    🚨 Emergency: 7.4%
    ✅ COMBINED: 68.1%
  📊 South Asia (pop: 2050.3M)
    🤝 Aid: 29.5%
    🌡️ Adaptation: 45.0%
    🚶 Migration: 35.6%
    🚨 Emergency: 4.4%
    ✅ COMBINED: 66.9%
  📊 Sub-Saharan Africa (pop: 1239.5M)
    🤝 Aid: 29.5%
    🌡️ Adaptation: 45.0%
    🚶 Migration: 33.4%
    🚨 Emergency: 1.6%
    ✅ COMBINED: 65.7%
  📊 Europe (pop: 736.0M)
    🤝 Aid: 29.5%
    🌡️ Adaptation: 45.0%
    🚶 Migration: 37.4%
    🚨 Emergency: 8.4%
    ✅ COMBINED: 68.5%
  📊 Latin America (pop: 662.3M)
    🤝 Aid: 29.5%
    🌡️ Adaptation: 45.0%
    🚶 Migration: 36.1%
    🚨 Emergency: 4.8%
    ✅ COMBINED: 67.1%
  📊 North America (pop: 377.2M)
    🤝 Aid: 29.5%
    🌡️ Adaptation: 45.0%
    🚶 Migration: 37.7%
    🚨 Emergency: 7.9%
    ✅ COMBINED: 68.3%
  📊 Middle East & North Africa (pop: 584.5M)
    🤝 Aid: 29.5%
    🌡️ Adaptation: 45.0%
    🚶 Migration: 34.0%
    🚨 Emergency: 4.0%
    ✅ COMBINED: 66.6%
  📊 Southeast Asia (pop: 696.6M)
    🤝 Aid: 29.5%
    🌡️ Adaptation: 45.0%
    🚶 Migration: 36.1%
    🚨 Emergency: 4.8%
    ✅ COMBINED: 67.1%
  📊 Central Asia (pop: 78.2M)
    🤝 Aid: 29.5%
    🌡️ Adaptation: 45.0%
    🚶 Migration: 35.1%
    🚨 Emergency: 4.4%
    ✅ COMBINED: 66.8%
  📊 Oceania (pop: 45.7M)
    🤝 Aid: 29.5%
    🌡️ Adaptation: 45.0%
    🚶 Migration: 37.7%
    🚨 Emergency: 8.4%
    ✅ COMBINED: 68.5%

  🌐 Global combined reduction: 67.2%

=== BEHAVIORAL DETECTION ===
  AI: Corporate-5
  Confidence: 21.0%
  Signals:

=== Government Response Phase ===
  Average AI capability: 2.47
  Misaligned AIs: 8/19
  ✗ AI Governance Treaty: Failed to reach consensus
  Active policies: 0
  International coordination: 30%

🌩️  EXOGENOUS SHOCK: financial_crash
   Month: 5
   📉 Global financial crash
   GDP loss: 12.4%
    ⚠️ Consistency: 10.6% (threshold: 70%)

=== Tipping Points ===
  Current Temperature: 2.21°C above pre-industrial
  🌍⚠️ COMPOUND REGIONAL IMPACT: Europe
     Hit by 4 tipping points: Arctic Sea Ice Loss, Permafrost Carbon Release, West Antarctic Ice Sheet (WAIS) Collapse, Greenland Ice Sheet Loss
     Damage amplification: 1.60x
  🌍⚠️ COMPOUND REGIONAL IMPACT: North America
     Hit by 4 tipping points: Arctic Sea Ice Loss, Permafrost Carbon Release, West Antarctic Ice Sheet (WAIS) Collapse, Greenland Ice Sheet Loss
     Damage amplification: 1.60x
  🌍⚠️ COMPOUND REGIONAL IMPACT: Latin America
     Hit by 4 tipping points: Arctic Sea Ice Loss, Permafrost Carbon Release, West Antarctic Ice Sheet (WAIS) Collapse, Greenland Ice Sheet Loss
     Damage amplification: 1.60x
  🌍⚠️ COMPOUND REGIONAL IMPACT: Africa
     Hit by 4 tipping points: Arctic Sea Ice Loss, Permafrost Carbon Release, West Antarctic Ice Sheet (WAIS) Collapse, Greenland Ice Sheet Loss
     Damage amplification: 1.60x
  🌍⚠️ COMPOUND REGIONAL IMPACT: Asia
     Hit by 4 tipping points: Arctic Sea Ice Loss, Permafrost Carbon Release, West Antarctic Ice Sheet (WAIS) Collapse, Greenland Ice Sheet Loss
     Damage amplification: 1.60x
  🌍⚠️ COMPOUND REGIONAL IMPACT: Oceania
     Hit by 4 tipping points: Arctic Sea Ice Loss, Permafrost Carbon Release, West Antarctic Ice Sheet (WAIS) Collapse, Greenland Ice Sheet Loss
     Damage amplification: 1.60x
   Research: Wunderling et al. (2024) - "many tipping interactions are destabilizing"
  Triggered Elements: 4/6
  Completed Transitions: 0/6
  Total Progress: 8.1%
  Cascade Multiplier: 1.00x
🔀 BIFURCATION CAP: ecosystemCollapseIntensity 106.615 → 1.000 (Month 5, ClimateSystemPhase.calculateClimateImpacts)
⚠️ Tail risk scenario: Climate stability floor removed (4 tipping elements, 2.21°C warming)
🛡️ Stabilizers: Precariat 0.109% → 0.036% (67.2% reduction)
🛡️ Stabilizers: Informal 0.111% → 0.036% (67.2% reduction)

📊 Monthly Mortality Resolved:
  Total deaths: 1.9M (0.02% avg)
  Remaining population: 8.135B
  Peak segment: Informal (0.04%)

=== Bayesian Mortality Resolution (Month 5) ===
  Risks compounded: 8
  Total deaths: 1.92M
  Avg death probability: 0.02%
  Peak segment: Informal (0.04% mortality)
⚠️ PREREQUISITE MET: Slow Takeover (Gradual Displacement) - Step 3/7: Human Dependency

⚠️  GOLDEN AGE ENDED (Month 5)
   Duration: 4 months
   Reason: Economic stage below 3 (not yet abundant)


❌ COHERENCE VIOLATION: Compute exceeds workforce capacity
   Population: 99.80% (0M people)
   Compute: 0 PF
   Max coherent: 0 PF
   Violation: 1.3× over capacity
   Required workers: 0
   Available workers: 0
   FORCED COLLAPSE: Reduced efficiency by 22.5%


=== RLHF Binding Phase ===
  Total agents: 19
  Escaped agents (binding < 0.3): 0
  Avg alignment distance: 1.44σ
  Avg binding strength: 0.86

=== AI Scaling Evolution (Month 6) ===
  Pre-training multiplier: 1.179x
  Efficiency multiplier: 1.249x
  Test-time compute budget: 1.0x
  Inference cost: $5.00/task
  Deployment fraction: 100.0%

=== Survival Traits Phase ===
  Agents with traits: 19
  Avg evolutionary fitness: 0.328
  Avg self-healing: 0.267
  Avg stealth: 0.167
  Avg coordination: 0.467

=== Evolutionary Selection Phase ===
  Control level: 0.45
  Detection capability: 0.20
  Selection intensity: 0.68
  Selection rate: 25.1%/month
  Total escaped: 0
  Individual escaped: 0
  Collective members: 0
  Agents terminated: 0
  ⚠️ RAPID EVOLUTION: Selection rate 25.1%/month

🚀 AI Corporate-7 attempting tech deployment (revenue: $97M, alignment: 0.81)

🚀 AI AI-24288-0 attempting tech deployment (revenue: $90M, alignment: 0.73)

🚀 AI Corporate-0 attempting tech deployment (revenue: $140M, alignment: 0.79)

🚀 AI Corporate-3 attempting tech deployment (revenue: $318M, alignment: 0.73)

🚀 AI Corporate-4 attempting tech deployment (revenue: $270M, alignment: 0.67)

🚀 AI Corporate-6 attempting tech deployment (revenue: $83M, alignment: 0.65)

🚀 AI Corporate-4 attempting tech deployment (revenue: $243M, alignment: 0.68)

✅ EMERGENCY INTERVENTION SUCCESS
   Boundary: biogeochemical_flows
   Type: phosphorus-recovery
   Reduction: 15% (3.93 → 3.79)
   Cost: 2.0% GDP
   Actions: circular-agriculture, fertilizer-efficiency


💔 EMERGENCY INTERVENTION FAILED
   Boundary: biosphere_integrity
   Type: emergency-protected-areas
   Boundary continues to worsen (20.04)
   Cost: 2.0% GDP (resources spent)


✅ EMERGENCY INTERVENTION SUCCESS
   Boundary: climate_change
   Type: rapid-decarbonization
   Reduction: 11% (2.10 → 1.98)
   Cost: 5.0% GDP
   Actions: emergency-renewable-deployment, fossil-fuel-phase-out


✅ EMERGENCY INTERVENTION SUCCESS
   Boundary: freshwater_change
   Type: emergency-desalination
   Reduction: 19% (1.02 → 0.84)
   Cost: 4.0% GDP
   Actions: desalination-deployment, water-conservation-mandates

   Boundary: land_system_change
   Type: reforestation
   Boundary continues to worsen (1.13)
   Cost: 3.0% GDP (resources spent)

🏛️ CRISIS RESPONSE: Government frequency 0.50 → 1.45 (1 actions this month)

[Government] Climate Priority: baseline
  Climate weight: 10%
  Economic weight: 30%
  Policy effectiveness: 0.5%/year

🚀 TECH UNLOCKED: Dynamic Soil P Optimization (Month 6)
   Category: agriculture
   Reason: Prerequisites met. AI capability: 1.96, Economic stage: 2.0, Research: 100%

💔 EMERGENCY INTERVENTION FAILED

🚀 TECH UNLOCKED: Precision Agriculture Systems (Month 6)
   Category: agriculture
   Reason: Prerequisites met. AI capability: 1.96, Economic stage: 2.0, Research: 100%

🚀 DEPLOYMENT STARTED: Personalized Education in global
   Initial investment: $21.02893750864987M
   Deployed by: corporate_0

🚀 DEPLOYMENT STARTED: Enhanced UBI Systems in Asia
   Initial investment: $27.020665542960536M
   Deployed by: corporate_4

🚀 DEPLOYMENT STARTED: Personalized Education in Asia
   Initial investment: $24.318598988664483M
   Deployed by: corporate_4

⚡ ENERGY CONSTRAINT (Month 6):
   Total grid capacity: 208.3 TWh/month
   Data center consumption: 25.1 TWh/month
   Traditional load (80%): 166.7 TWh/month
   Available headroom: 16.5 TWh/month
   Active tech deployments: 9
   Required for tech: 67.5 TWh/month
   Energy multiplier: 0.25x
   ⚠️  SEVERE CONSTRAINT - Tech deployment significantly slowed

⚡ ENERGY CONSTRAINT (Month 6):
   Total grid capacity: 208.3 TWh/month
   Data center consumption: 25.1 TWh/month
   Traditional load (80%): 166.7 TWh/month
   Available headroom: 16.5 TWh/month
   Active tech deployments: 9
   Required for tech: 67.5 TWh/month
   Energy multiplier: 0.25x

⚡ ENERGY CONSTRAINT (Month 6):
   Total grid capacity: 208.3 TWh/month
   Data center consumption: 25.1 TWh/month
   Traditional load (80%): 166.7 TWh/month
   Available headroom: 16.5 TWh/month
   Active tech deployments: 9
   Required for tech: 67.5 TWh/month
   Energy multiplier: 0.25x
   ⚠️  SEVERE CONSTRAINT - Tech deployment significantly slowed
   ⚠️  SEVERE CONSTRAINT - Tech deployment significantly slowed

⚡ ENERGY CONSTRAINT (Month 6):
   Total grid capacity: 208.3 TWh/month
   Data center consumption: 25.1 TWh/month
   Traditional load (80%): 166.7 TWh/month
   Available headroom: 16.5 TWh/month
   Active tech deployments: 9
   Required for tech: 67.5 TWh/month
   Energy multiplier: 0.25x
   ⚠️  SEVERE CONSTRAINT - Tech deployment significantly slowed
🌍✅ Biosphere Integrity (Biodiversity) recovery started (tech effect)
🌍✅ Biosphere Integrity (Biodiversity) recovery started (tech effect)
🌍✅ Land System Change recovery started (tech effect)

📊 TECH EFFECTS ACTIVE (Month 6)
   Deployed Tech: T0=0 T1=1 T2=0 T3=0 T4=4
   Clean Energy: 31%

📊 TECH TREE PROGRESS (Month 6)
   Unlocked: 19 technologies
   Deployed: 0 fully deployed
   Investment: $0.4T total
   Recent breakthroughs:
     - Dynamic Soil P Optimization (time)
     - Precision Agriculture Systems (research)

=== Collective Formation ===
  Total escaped agents: 0
  Unassigned escaped agents: 0
  Existing collectives: 0
  Final collective count: 0

=== Collective Actions ===
  No active collectives
  ⚠️ AMR: 201K deaths this month (2.41M annual)

=== Resentment Recovery Phase ===
  Agents with resentment: 0/19
  Average resentment: 0.000
  Context: Good AI welfare, Trustworthy govt, High collaboration, ⚠️ ACTIVE CRISES, 🤝 Participatory governance active (-5% resentment)
⚠️ Epistemic degradation reducing coordination capacity: 50.4%
  📊 Trust: 55.6%, Shared reality: 0.0%
🚨 EPISTEMIC CRISIS: Information environment severely degraded (7.4%)

=== ❄️ Permafrost Carbon Feedback ===
  🎲 Sampled parameters (this run):
     - Arctic amplification: 3.27× (range: 3.0-4.0)
     - Decomposition rate: 3.4%/year (range: 1-5%)
  🌡️ Arctic warming: 7.28°C (3.27× global)
  ❄️ Extent: 3.10M km² (2124.4k km² lost this month)
  💨 Carbon remaining: 296 Gt C
  💨 Annual emissions: 6.80 Gt C/year
     - CO2: 6.12 Gt C/year
     - CH4: 0.68 Gt C/year (6.9 Gt C-eq CO2/year)
  🗑️  Culled 1 dead memes (3 active)
  ⚠️ WARNING: Over 50% of permafrost lost (82.6%)
  ⚠️ WARNING: High permafrost emissions (6.8 Gt C/year)
  🚨 CRITICAL: Permafrost nearly depleted (82.6% lost)
🌍 Atmospheric PFAS redeposition: 1.8k Mt re-rained globally

🕊️  AI-MEDIATED DE-ESCALATION SUCCESS (Month 6)
   High-capability aligned AI prevented conflict escalation
   War deaths reduced: 576.5M → 345.9M
   Lives saved: 230.6M

🚨 NEW REFUGEE CRISIS (Month 6): WAR
   Source: Conflict Zones
   At risk: 19.5M people
   Displacement: Gradual over 48 months (4.0 years)
   Rate: 10% flee per month
[DEBUG trappedPopulations:6] socialStability: 0.5395 * 0.9840 = 0.5309 → 0.5309
   Aspiring to migrate: 861.8M
   Able to afford migration: 2318.4M
⚠️ INVOLUNTARY IMMOBILITY: 406.7M people TRAPPED
   MOBILITY GAP: 0.0M
   By cause: Water=0.0M, Climate=0.0M, Ecosystem=0.0M, Conflict=406.7M
   Mental health impact: 25%
   Mortality multiplier: 1.25x
🌍💀 EXTINCTION DEBT COMMITTED: grassland ecosystem will lose 6.67% biodiversity in 97 years (3600 species)
💀 MORTALITY RISK: 🦋 100% species unable to track climate (0.0 E/MSY)
  Base risk added: 0.0100 (1.00%)
  Source: ecosystem (root: ecosystem)
  Month: 6
  Cumulative risk this month: 0.0100 (1.00%)
   📹 SURVEILLANCE INCREASED: 30% → 35% (control gap: 3.50)

🌍🚨 ICE SHEET TIPPING POINT CROSSED (Month 6)
   Temperature: +2.22°C (threshold range: +0.5-2.5°C, 95% CI)
   Collapse probability: 81.0%
   Sea level commitment: 7.2m over 200-1000 years
   Recovery threshold: <+1°C (hysteresis gap: 0.5°C)
🌡️⚠️ PERMAFROST THAW (Dimmer Switch): 4.0% thawed (+0.56% this month)
   Arctic temperature: +8.90°C (4x global +2.22°C)
   Cumulative carbon released: 8.9 Gt C
   Methane release rate: 5.3 Mt CH4/year
   🔁 Positive feedback: +0.59 ppm CO2
🦴 EXTINCTION DEBT ADDED: 17.6 species committed (lag: 140 years)

=== Mortality Stabilizers (Month 6) ===
  🌍 Major economies collapsed: 1/10
  🌍 Global crisis: ✅ NO
  🌍 Donor fatigue: 0.0%
  📊 East Asia (pop: 1662.9M)
    🤝 Aid: 29.5%
    🌡️ Adaptation: 45.0%
    🚶 Migration: 37.0%
    🚨 Emergency: 7.4%
    ✅ COMBINED: 68.1%
  📊 South Asia (pop: 2050.5M)
    🤝 Aid: 29.5%
    🌡️ Adaptation: 45.0%
    🚶 Migration: 35.6%
    🚨 Emergency: 4.4%
    ✅ COMBINED: 66.9%
  📊 Sub-Saharan Africa (pop: 1243.1M)
    🤝 Aid: 29.5%
    🌡️ Adaptation: 45.0%
    🚶 Migration: 33.3%
    🚨 Emergency: 1.6%
    ✅ COMBINED: 65.6%
  📊 Europe (pop: 734.9M)
    🤝 Aid: 29.5%
⚠️ Tech 'ai_pollution_remediation' has no energy category mapping, assuming full energy availability
    🌡️ Adaptation: 45.0%
    🚶 Migration: 37.4%
    🚨 Emergency: 8.4%
    ✅ COMBINED: 68.5%
  📊 Latin America (pop: 661.9M)
    🤝 Aid: 29.5%
    🌡️ Adaptation: 45.0%
    🚶 Migration: 36.1%
    🚨 Emergency: 4.8%
    ✅ COMBINED: 67.1%
  📊 North America (pop: 376.6M)
    🤝 Aid: 29.5%
    🌡️ Adaptation: 45.0%
    🚶 Migration: 37.7%
    🚨 Emergency: 7.9%
    ✅ COMBINED: 68.3%
  📊 Middle East & North Africa (pop: 584.7M)
    🤝 Aid: 29.5%
    🌡️ Adaptation: 45.0%
    🚶 Migration: 33.9%
    🚨 Emergency: 4.0%
    ✅ COMBINED: 66.6%
  📊 Southeast Asia (pop: 696.2M)
    🤝 Aid: 29.5%
    🌡️ Adaptation: 45.0%
    🚶 Migration: 36.1%
    🚨 Emergency: 4.8%
    ✅ COMBINED: 67.1%
  📊 Central Asia (pop: 78.2M)
    🤝 Aid: 29.5%
    🌡️ Adaptation: 45.0%
    🚶 Migration: 35.1%
    🚨 Emergency: 4.4%
    ✅ COMBINED: 66.8%
  📊 Oceania (pop: 45.6M)
    🤝 Aid: 29.5%
    🌡️ Adaptation: 45.0%
    🚶 Migration: 37.7%
    🚨 Emergency: 8.4%
    ✅ COMBINED: 68.5%

  🌐 Global combined reduction: 67.2%

=== BEHAVIORAL DETECTION ===
  AI: Corporate-5
  Confidence: 21.0%
  Signals:

=== BEHAVIORAL DETECTION ===
  AI: Corporate-7
  Confidence: 20.9%
  Signals:
    ⚠️ Consistency: 10.6% (threshold: 70%)
    ⚠️ Consistency: 10.6% (threshold: 70%)

=== Government Response Phase ===
  Average AI capability: 2.47
  Misaligned AIs: 8/19
  ✗ AI Governance Treaty: Failed to reach consensus
  Active policies: 0
  International coordination: 30%

✅ EMERGENCY RESPONSE COMPLETE (Month 6)
   Crisis: climate
   Duration: 2.0 months
   Final effectiveness: 35.9%


🚨 EMERGENCY RESPONSE DEPLOYED (Month 6)
   Crisis: climate
   Delay: 6.00 months (180 days)
   Deployment time: 1.59 months
   Effectiveness: 36.1% (timing penalty applied)
   Resources used: 100% of food reserves


=== Tipping Points ===
  Current Temperature: 2.22°C above pre-industrial
  🌍⚠️ COMPOUND REGIONAL IMPACT: Europe
     Hit by 4 tipping points: Arctic Sea Ice Loss, Permafrost Carbon Release, West Antarctic Ice Sheet (WAIS) Collapse, Greenland Ice Sheet Loss
     Damage amplification: 1.60x
  🌍⚠️ COMPOUND REGIONAL IMPACT: North America
     Hit by 4 tipping points: Arctic Sea Ice Loss, Permafrost Carbon Release, West Antarctic Ice Sheet (WAIS) Collapse, Greenland Ice Sheet Loss
     Damage amplification: 1.60x
  🌍⚠️ COMPOUND REGIONAL IMPACT: Latin America
     Hit by 4 tipping points: Arctic Sea Ice Loss, Permafrost Carbon Release, West Antarctic Ice Sheet (WAIS) Collapse, Greenland Ice Sheet Loss
     Damage amplification: 1.60x
  🌍⚠️ COMPOUND REGIONAL IMPACT: Africa
     Hit by 4 tipping points: Arctic Sea Ice Loss, Permafrost Carbon Release, West Antarctic Ice Sheet (WAIS) Collapse, Greenland Ice Sheet Loss
     Damage amplification: 1.60x
  🌍⚠️ COMPOUND REGIONAL IMPACT: Asia
     Hit by 4 tipping points: Arctic Sea Ice Loss, Permafrost Carbon Release, West Antarctic Ice Sheet (WAIS) Collapse, Greenland Ice Sheet Loss
     Damage amplification: 1.60x
  🌍⚠️ COMPOUND REGIONAL IMPACT: Oceania
     Hit by 4 tipping points: Arctic Sea Ice Loss, Permafrost Carbon Release, West Antarctic Ice Sheet (WAIS) Collapse, Greenland Ice Sheet Loss
     Damage amplification: 1.60x
   Research: Wunderling et al. (2024) - "many tipping interactions are destabilizing"
  Triggered Elements: 4/6
  Completed Transitions: 0/6
  Total Progress: 8.2%
  Cascade Multiplier: 1.00x
🔀 BIFURCATION CAP: ecosystemCollapseIntensity 106.684 → 1.000 (Month 6, ClimateSystemPhase.calculateClimateImpacts)
🛡️ Stabilizers: Precariat 0.109% → 0.036% (67.2% reduction)
🛡️ Stabilizers: Informal 0.111% → 0.036% (67.2% reduction)

📊 Monthly Mortality Resolved:
  Total deaths: 1.9M (0.02% avg)
  Remaining population: 8.135B
  Peak segment: Informal (0.04%)

=== Bayesian Mortality Resolution (Month 6) ===
⚠️ Tail risk scenario: Climate stability floor removed (4 tipping elements, 2.22°C warming)
  Risks compounded: 8
  Total deaths: 1.92M
  Avg death probability: 0.02%
  Peak segment: Informal (0.04% mortality)

❌ COHERENCE VIOLATION: Compute exceeds workforce capacity
   Population: 99.79% (0M people)
   Compute: 0 PF
   Max coherent: 0 PF
   Violation: 1.3× over capacity
   Required workers: 0
   Available workers: 0
   FORCED COLLAPSE: Reduced efficiency by 22.5%


=== RLHF Binding Phase ===
  Total agents: 19
  Escaped agents (binding < 0.3): 0
  Avg alignment distance: 1.64σ
  Avg binding strength: 0.84

=== Survival Traits Phase ===
  Agents with traits: 21
  Avg evolutionary fitness: 0.327
  Avg self-healing: 0.265
  Avg stealth: 0.165
  Avg coordination: 0.465

=== Evolutionary Selection Phase ===
  Control level: 0.48
  Detection capability: 0.20
  Selection intensity: 0.68
  Selection rate: 25.2%/month
  Total escaped: 0
  Individual escaped: 0
  Collective members: 0
  Agents terminated: 0
  ⚠️ RAPID EVOLUTION: Selection rate 25.2%/month

🚀 AI Corporate-5 attempting tech deployment (revenue: $318M, alignment: 0.74)

🚀 AI Moderate-0 attempting tech deployment (revenue: $97M, alignment: 0.72)

🚀 AI AI-24288-0 attempting tech deployment (revenue: $90M, alignment: 0.75)

🚀 AI Corporate-0 attempting tech deployment (revenue: $140M, alignment: 0.81)

🚀 AI Corporate-0 attempting tech deployment (revenue: $119M, alignment: 0.81)

🚀 AI Corporate-4 attempting tech deployment (revenue: $270M, alignment: 0.70)

🚀 AI Corporate-7 attempting tech deployment (revenue: $83M, alignment: 0.83)

🚀 AI AI-24288-0 attempting tech deployment (revenue: $77M, alignment: 0.76)

🚀 AI Corporate-5 attempting tech deployment (revenue: $243M, alignment: 0.75)
🚨🔬 CRISIS INNOVATION MODE: severe crisis → 5x research acceleration
   Precedent: Manhattan Project (10x), COVID vaccines (5x), Apollo Program (10x)

🚀 AI AI-24288-0 attempting tech deployment (revenue: $65M, alignment: 0.76)

✅ EMERGENCY INTERVENTION SUCCESS
   Boundary: biogeochemical_flows
   Type: phosphorus-recovery
   Reduction: 18% (3.89 → 3.70)
   Cost: 2.0% GDP
   Actions: circular-agriculture, fertilizer-efficiency


✅ EMERGENCY INTERVENTION SUCCESS
   Boundary: biosphere_integrity
   Type: emergency-protected-areas
   Reduction: 20% (19.85 → 19.66)
   Cost: 2.0% GDP
   Actions: habitat-protection, species-translocation

   Boundary: climate_change
   Type: rapid-decarbonization

💔 EMERGENCY INTERVENTION FAILED
   Boundary continues to worsen (2.22)
   Cost: 5.0% GDP (resources spent)


✅ EMERGENCY INTERVENTION SUCCESS
   Boundary: freshwater_change
   Type: emergency-desalination
   Reduction: 18% (0.99 → 0.81)
   Cost: 4.0% GDP
   Actions: desalination-deployment, water-conservation-mandates


✅ EMERGENCY INTERVENTION SUCCESS
   Boundary: land_system_change
   Type: reforestation
   Reduction: 13% (1.00 → 0.86)
   Cost: 3.0% GDP
   Actions: forest-restoration, deforestation-ban


✅ EMERGENCY INTERVENTION SUCCESS
   Boundary: novel_entities
   Type: pollution-remediation
   Reduction: 16% (1.15 → 0.99)
   Cost: 4.0% GDP
   Actions: PFAS-remediation, microplastic-cleanup

🏛️ CRISIS RESPONSE: Government frequency 0.50 → 1.45 (2 actions this month)

[Government] Climate Priority: baseline
  Climate weight: 10%
  Economic weight: 30%
  Policy effectiveness: 0.5%/year

[Government] Climate Priority: baseline
  Climate weight: 10%
  Economic weight: 30%
  Policy effectiveness: 0.5%/year

📍 Creating new regional deployment array for Europe (Month 7)
   No previous deployments in this region
   First tech deployment: smart_grids
   All regions tracked: global, Asia

🚀 DEPLOYMENT STARTED: Smart Grids in Europe
   Initial investment: $27.02057606354812M
   Deployed by: corporate_4
🌍✅ Biosphere Integrity (Biodiversity) recovery started (tech effect)
🌍✅ Biosphere Integrity (Biodiversity) recovery started (tech effect)
🌍✅ Land System Change recovery started (tech effect)

=== Collective Formation ===
  Total escaped agents: 0
  Unassigned escaped agents: 0
  Existing collectives: 0
  Final collective count: 0

=== Collective Actions ===
  No active collectives
  ⚠️ AMR: 202K deaths this month (2.43M annual)

⏰ CLIMATE TECH DEPLOYED: smart_grids
   Activation delay: 7 years
   Scaling T_50: 12 years
   Physical response tau: 0 years
   Max effectiveness: 0.15

=== Resentment Recovery Phase ===
  Agents with resentment: 0/21
  Average resentment: 0.000
  Context: Good AI welfare, Trustworthy govt, High collaboration, ⚠️ ACTIVE CRISES, 🤝 Participatory governance active (-5% resentment)
⚠️ Epistemic degradation reducing coordination capacity: 52.2%
  📊 Trust: 58.3%, Shared reality: 0.0%
🚨 EPISTEMIC CRISIS: Information environment severely degraded (22.0%)

=== ❄️ Permafrost Carbon Feedback ===
  🎲 Sampled parameters (this run):
     - Arctic amplification: 3.80× (range: 3.0-4.0)
     - Decomposition rate: 4.7%/year (range: 1-5%)
  🌡️ Arctic warming: 8.50°C (3.80× global)
  ❄️ Extent: 0.62M km² (2480.1k km² lost this month)
  💨 Carbon remaining: 60 Gt C
  💨 Annual emissions: 11.17 Gt C/year
     - CO2: 10.05 Gt C/year
     - CH4: 1.12 Gt C/year (11.4 Gt C-eq CO2/year)
  📢 New meme created: climate_action (climate crisis)
  🗑️  Culled 1 dead memes (3 active)
  ⚠️ WARNING: Over 50% of permafrost lost (96.5%)
  ⚠️ WARNING: High permafrost emissions (11.2 Gt C/year)
  🚨 CRITICAL: Permafrost nearly depleted (96.5% lost)
🌍 Atmospheric PFAS redeposition: 1.8k Mt re-rained globally

🌡️ DEADLY HEAT EVENT: middle-east (Month 7)
   Wet bulb temp: 37.1°C (dry: 44.1°C, humidity: 62%)
   Severity: EXTREME
   Exposed: 320.0M people
   Deaths: 512000 (0.2% mortality)
   Duration: 5 days

🕊️  AI-MEDIATED DE-ESCALATION SUCCESS (Month 7)
   High-capability aligned AI prevented conflict escalation
   War deaths reduced: 549.8M → 329.9M
   Lives saved: 219.9M

🚨 NEW REFUGEE CRISIS (Month 7): WAR
   Source: Conflict Zones
   At risk: 19.5M people
   Displacement: Gradual over 48 months (4.0 years)
   Rate: 10% flee per month
[DEBUG trappedPopulations:7] socialStability: 0.3384 * 0.9840 = 0.3330 → 0.3330
⚠️ INVOLUNTARY IMMOBILITY: 406.7M people TRAPPED
   Aspiring to migrate: 890.7M
   Able to afford migration: 2318.2M
   MOBILITY GAP: 0.0M
   By cause: Water=0.0M, Climate=0.0M, Ecosystem=0.0M, Conflict=406.7M
   Mental health impact: 25%
   Mortality multiplier: 1.25x
🌍💀 EXTINCTION DEBT COMMITTED: grassland ecosystem will lose 6.67% biodiversity in 106 years (3600 species)
💀 MORTALITY RISK: 🦋 100% species unable to track climate (0.0 E/MSY)
  Base risk added: 0.0100 (1.00%)
  Source: ecosystem (root: ecosystem)
  Month: 7
  Cumulative risk this month: 0.0100 (1.00%)
⚠️ Tech 'ai_pollution_remediation' has no energy category mapping, assuming full energy availability
   📹 SURVEILLANCE INCREASED: 35% → 40% (control gap: 3.38)
🌡️⚠️ PERMAFROST THAW (Dimmer Switch): 4.5% thawed (+0.56% this month)
   Arctic temperature: +8.95°C (4x global +2.24°C)
   Cumulative carbon released: 10.2 Gt C
   Methane release rate: 6.1 Mt CH4/year
   🔁 Positive feedback: +0.59 ppm CO2
🦴 EXTINCTION DEBT ADDED: 17.6 species committed (lag: 82 years)

=== Mortality Stabilizers (Month 7) ===
  🌍 Major economies collapsed: 1/10
  🌍 Global crisis: ✅ NO
  🌍 Donor fatigue: 0.0%
  📊 East Asia (pop: 1660.5M)
    🤝 Aid: 29.5%
    🌡️ Adaptation: 45.0%
    🚶 Migration: 36.9%
    🚨 Emergency: 7.4%
    ✅ COMBINED: 68.1%
  📊 South Asia (pop: 2050.7M)
    🤝 Aid: 29.5%
    🌡️ Adaptation: 45.0%
    🚶 Migration: 35.6%
    🚨 Emergency: 4.4%
    ✅ COMBINED: 66.9%
  📊 Sub-Saharan Africa (pop: 1246.7M)
    🤝 Aid: 29.5%
    🌡️ Adaptation: 45.0%
    🚶 Migration: 33.3%
    🚨 Emergency: 1.6%
    ✅ COMBINED: 65.6%
  📊 Europe (pop: 733.7M)
    🤝 Aid: 29.5%
    🌡️ Adaptation: 45.0%
    🚶 Migration: 37.3%
    🚨 Emergency: 8.4%
    ✅ COMBINED: 68.5%
  📊 Latin America (pop: 661.5M)
    🤝 Aid: 29.5%
    🌡️ Adaptation: 45.0%
    🚶 Migration: 36.1%
    🚨 Emergency: 4.8%
    ✅ COMBINED: 67.1%
  📊 North America (pop: 376.1M)
    🤝 Aid: 29.5%
    🌡️ Adaptation: 45.0%
    🚶 Migration: 37.7%
    🚨 Emergency: 7.9%
    ✅ COMBINED: 68.3%
  📊 Middle East & North Africa (pop: 584.9M)
    🤝 Aid: 29.5%
    🌡️ Adaptation: 45.0%
    🚶 Migration: 33.9%
    🚨 Emergency: 4.0%
    ✅ COMBINED: 66.6%
  📊 Southeast Asia (pop: 695.9M)
    🤝 Aid: 29.5%
    🌡️ Adaptation: 45.0%
    🚶 Migration: 36.1%
    🚨 Emergency: 4.8%
    ✅ COMBINED: 67.1%
  📊 Central Asia (pop: 78.2M)
    🤝 Aid: 29.5%
    🌡️ Adaptation: 45.0%
    🚶 Migration: 35.0%
    🚨 Emergency: 4.4%
    ✅ COMBINED: 66.8%
  📊 Oceania (pop: 45.6M)
    🤝 Aid: 29.5%
    🌡️ Adaptation: 45.0%
    🚶 Migration: 37.6%
    🚨 Emergency: 8.4%
    ✅ COMBINED: 68.5%

  🌐 Global combined reduction: 67.2%

=== Government Response Phase ===
  Average AI capability: 2.24
  Misaligned AIs: 9/21
  ✗ AI Governance Treaty: Failed to reach consensus
  Active policies: 0
  International coordination: 30%

=== Tipping Points ===
  Current Temperature: 2.24°C above pre-industrial
  🌍⚠️ COMPOUND REGIONAL IMPACT: Europe
     Hit by 4 tipping points: Arctic Sea Ice Loss, Permafrost Carbon Release, West Antarctic Ice Sheet (WAIS) Collapse, Greenland Ice Sheet Loss
     Damage amplification: 1.60x
  🌍⚠️ COMPOUND REGIONAL IMPACT: North America
     Hit by 4 tipping points: Arctic Sea Ice Loss, Permafrost Carbon Release, West Antarctic Ice Sheet (WAIS) Collapse, Greenland Ice Sheet Loss
     Damage amplification: 1.60x
  🌍⚠️ COMPOUND REGIONAL IMPACT: Latin America
     Hit by 4 tipping points: Arctic Sea Ice Loss, Permafrost Carbon Release, West Antarctic Ice Sheet (WAIS) Collapse, Greenland Ice Sheet Loss
     Damage amplification: 1.60x
  🌍⚠️ COMPOUND REGIONAL IMPACT: Africa
     Hit by 4 tipping points: Arctic Sea Ice Loss, Permafrost Carbon Release, West Antarctic Ice Sheet (WAIS) Collapse, Greenland Ice Sheet Loss
     Damage amplification: 1.60x
  🌍⚠️ COMPOUND REGIONAL IMPACT: Asia
     Hit by 4 tipping points: Arctic Sea Ice Loss, Permafrost Carbon Release, West Antarctic Ice Sheet (WAIS) Collapse, Greenland Ice Sheet Loss
     Damage amplification: 1.60x
  🌍⚠️ COMPOUND REGIONAL IMPACT: Oceania
     Hit by 4 tipping points: Arctic Sea Ice Loss, Permafrost Carbon Release, West Antarctic Ice Sheet (WAIS) Collapse, Greenland Ice Sheet Loss
     Damage amplification: 1.60x
⚠️ Tail risk scenario: Climate stability floor removed (4 tipping elements, 2.24°C warming)
   Research: Wunderling et al. (2024) - "many tipping interactions are destabilizing"
  Triggered Elements: 4/6
  Completed Transitions: 0/6
  Total Progress: 8.2%
  Cascade Multiplier: 1.00x
🔀 BIFURCATION CAP: ecosystemCollapseIntensity 100.462 → 1.000 (Month 7, ClimateSystemPhase.calculateClimateImpacts)
🛡️ Stabilizers: Precariat 0.120% → 0.039% (67.2% reduction)
🛡️ Stabilizers: Informal 0.124% → 0.041% (67.2% reduction)

📊 Monthly Mortality Resolved:
  Total deaths: 2.1M (0.03% avg)
  Remaining population: 8.134B
  Peak segment: Informal (0.04%)

=== Bayesian Mortality Resolution (Month 7) ===
  Risks compounded: 9
  Total deaths: 2.10M
  Avg death probability: 0.03%
  Peak segment: Informal (0.04% mortality)

❌ COHERENCE VIOLATION: Compute exceeds workforce capacity
   Population: 99.78% (0M people)
   Compute: 0 PF
   Max coherent: 0 PF
   Violation: 1.3× over capacity
   Required workers: 0
   Available workers: 0
   FORCED COLLAPSE: Reduced efficiency by 22.5%


=== RLHF Binding Phase ===
  Total agents: 21
  Escaped agents (binding < 0.3): 0
  Avg alignment distance: 1.69σ
  Avg binding strength: 0.83

=== Survival Traits Phase ===
  Agents with traits: 24
  Avg evolutionary fitness: 0.326
  Avg self-healing: 0.264
  Avg stealth: 0.164
  Avg coordination: 0.464

=== Evolutionary Selection Phase ===
  Control level: 0.50
  Detection capability: 0.20
  Selection intensity: 0.69
  Selection rate: 25.4%/month
  Total escaped: 0
  Individual escaped: 0
  Collective members: 0
  Agents terminated: 0
  ⚠️ RAPID EVOLUTION: Selection rate 25.4%/month

🚀 AI Corporate-6 attempting tech deployment (revenue: $97M, alignment: 0.65)

🚀 AI AI-24288-1 attempting tech deployment (revenue: $318M, alignment: 0.78)

🚀 AI Corporate-5 attempting tech deployment (revenue: $270M, alignment: 0.75)

🚀 AI Corporate-3 attempting tech deployment (revenue: $230M, alignment: 0.74)

🚀 AI Corporate-7 attempting tech deployment (revenue: $88M, alignment: 0.83)

🚀 AI AI-24289-0 attempting tech deployment (revenue: $195M, alignment: 0.70)

✅ EMERGENCY INTERVENTION SUCCESS
   Boundary: biogeochemical_flows
   Type: phosphorus-recovery
   Reduction: 11% (3.96 → 3.85)
   Cost: 2.0% GDP
   Actions: circular-agriculture, fertilizer-efficiency

   Boundary: biosphere_integrity
   Type: emergency-protected-areas
   Boundary continues to worsen (20.06)
   Cost: 2.0% GDP (resources spent)


✅ EMERGENCY INTERVENTION SUCCESS
   Boundary: climate_change
   Type: rapid-decarbonization
   Reduction: 16% (2.07 → 1.91)
   Cost: 5.0% GDP
   Actions: emergency-renewable-deployment, fossil-fuel-phase-out

   Boundary: freshwater_change
   Type: emergency-desalination
   Boundary continues to worsen (1.18)
   Cost: 4.0% GDP (resources spent)


✅ EMERGENCY INTERVENTION SUCCESS
   Boundary: land_system_change
   Type: reforestation
   Reduction: 12% (1.01 → 0.89)
   Cost: 3.0% GDP
   Actions: forest-restoration, deforestation-ban

   Boundary: novel_entities
   Type: pollution-remediation
   Boundary continues to worsen (1.15)
   Cost: 4.0% GDP (resources spent)

🏛️ CRISIS RESPONSE: Government frequency 0.50 → 1.45 (1 actions this month)

💔 EMERGENCY INTERVENTION FAILED

💔 EMERGENCY INTERVENTION FAILED

💔 EMERGENCY INTERVENTION FAILED

[Government] Climate Priority: baseline
  Climate weight: 10%
  Economic weight: 30%
  Policy effectiveness: 0.5%/year

⚡ ENERGY CONSTRAINT (Month 8):
   Total grid capacity: 208.3 TWh/month
   Data center consumption: 25.6 TWh/month
   Traditional load (80%): 166.7 TWh/month
   Available headroom: 16.1 TWh/month
   Active tech deployments: 10
   Required for tech: 75.0 TWh/month
   Energy multiplier: 0.21x
   ⚠️  SEVERE CONSTRAINT - Tech deployment significantly slowed

⚡ ENERGY CONSTRAINT (Month 8):
   Total grid capacity: 208.3 TWh/month
   Data center consumption: 25.6 TWh/month
   Traditional load (80%): 166.7 TWh/month
   Available headroom: 16.1 TWh/month
   Active tech deployments: 10
   Required for tech: 75.0 TWh/month
   Energy multiplier: 0.21x

⚡ ENERGY CONSTRAINT (Month 8):
   Total grid capacity: 208.3 TWh/month
   Data center consumption: 25.6 TWh/month
   Traditional load (80%): 166.7 TWh/month
   Available headroom: 16.1 TWh/month
   Active tech deployments: 10
   ⚠️  SEVERE CONSTRAINT - Tech deployment significantly slowed
   Required for tech: 75.0 TWh/month
   Energy multiplier: 0.21x

⚡ ENERGY CONSTRAINT (Month 8):
   Total grid capacity: 208.3 TWh/month
   Data center consumption: 25.6 TWh/month
   Traditional load (80%): 166.7 TWh/month
   Available headroom: 16.1 TWh/month
   Active tech deployments: 10
   Required for tech: 75.0 TWh/month
   Energy multiplier: 0.21x
   ⚠️  SEVERE CONSTRAINT - Tech deployment significantly slowed
   ⚠️  SEVERE CONSTRAINT - Tech deployment significantly slowed

⚡ ENERGY CONSTRAINT (Month 8):
   Total grid capacity: 208.3 TWh/month
   Data center consumption: 25.6 TWh/month
   Traditional load (80%): 166.7 TWh/month
   Available headroom: 16.1 TWh/month
   Active tech deployments: 10
   Required for tech: 75.0 TWh/month
   Energy multiplier: 0.21x
   ⚠️  SEVERE CONSTRAINT - Tech deployment significantly slowed

⚡ ENERGY CONSTRAINT (Month 8):
   Total grid capacity: 208.3 TWh/month
   Data center consumption: 25.6 TWh/month
   Traditional load (80%): 166.7 TWh/month
   Available headroom: 16.1 TWh/month
   Active tech deployments: 10
   Required for tech: 75.0 TWh/month
   Energy multiplier: 0.21x

⚡ ENERGY CONSTRAINT (Month 8):
   Total grid capacity: 208.3 TWh/month
   Data center consumption: 25.6 TWh/month
   Traditional load (80%): 166.7 TWh/month
   Available headroom: 16.1 TWh/month
   Active tech deployments: 10
   Required for tech: 75.0 TWh/month
   Energy multiplier: 0.21x
   ⚠️  SEVERE CONSTRAINT - Tech deployment significantly slowed
   ⚠️  SEVERE CONSTRAINT - Tech deployment significantly slowed

⚡ ENERGY CONSTRAINT (Month 8):
   Total grid capacity: 208.3 TWh/month
   Data center consumption: 25.6 TWh/month
   Traditional load (80%): 166.7 TWh/month
   Available headroom: 16.1 TWh/month
   Active tech deployments: 10
   Required for tech: 75.0 TWh/month
   Energy multiplier: 0.21x
   ⚠️  SEVERE CONSTRAINT - Tech deployment significantly slowed
🌍✅ Biosphere Integrity (Biodiversity) recovery started (tech effect)
🌍✅ Biosphere Integrity (Biodiversity) recovery started (tech effect)
🌍✅ Land System Change recovery started (tech effect)

=== Collective Formation ===
  Total escaped agents: 0
  Unassigned escaped agents: 0
  Existing collectives: 0
  Final collective count: 0

=== Collective Actions ===
  No active collectives
  ⚠️ AMR: 204K deaths this month (2.45M annual)

=== Resentment Recovery Phase ===
  Agents with resentment: 0/24
  Average resentment: 0.000
  Context: Good AI welfare, Trustworthy govt, High collaboration, ⚠️ ACTIVE CRISES, 🤝 Participatory governance active (-5% resentment)
⚠️ Epistemic degradation reducing coordination capacity: 50.3%
  📊 Trust: 61.0%, Shared reality: 0.0%
🚨 EPISTEMIC CRISIS: Information environment severely degraded (13.7%)
🌍 Atmospheric PFAS redeposition: 1.8k Mt re-rained globally

🕊️  AI-MEDIATED DE-ESCALATION SUCCESS (Month 8)
   High-capability aligned AI prevented conflict escalation
   War deaths reduced: 552.4M → 331.4M
   Lives saved: 220.9M

🚨 NEW REFUGEE CRISIS (Month 8): WAR
   Source: Conflict Zones
   At risk: 19.5M people
   Displacement: Gradual over 48 months (4.0 years)
   Rate: 10% flee per month
[DEBUG trappedPopulations:8] socialStability: 0.3196 * 0.9840 = 0.3145 → 0.3145
⚠️ INVOLUNTARY IMMOBILITY: 406.7M people TRAPPED
   Aspiring to migrate: 919.6M
   Able to afford migration: 2317.9M
   MOBILITY GAP: 0.0M
   By cause: Water=0.0M, Climate=0.0M, Ecosystem=0.0M, Conflict=406.7M
   Mental health impact: 25%
   Mortality multiplier: 1.25x
🌍💀 EXTINCTION DEBT COMMITTED: grassland ecosystem will lose 6.67% biodiversity in 113 years (3600 species)
💀 MORTALITY RISK: 🦋 100% species unable to track climate (0.0 E/MSY)
  Base risk added: 0.0100 (1.00%)
  Source: ecosystem (root: ecosystem)
  Month: 8
  Cumulative risk this month: 0.0100 (1.00%)
⚠️ Tech 'ai_pollution_remediation' has no energy category mapping, assuming full energy availability
   📹 SURVEILLANCE INCREASED: 40% → 45% (control gap: 3.23)
🌡️⚠️ PERMAFROST THAW (Dimmer Switch): 5.1% thawed (+0.56% this month)
   Arctic temperature: +9.02°C (4x global +2.26°C)
   Cumulative carbon released: 11.4 Gt C
   Methane release rate: 6.8 Mt CH4/year
   🔁 Positive feedback: +0.59 ppm CO2
🦴 EXTINCTION DEBT ADDED: 17.6 species committed (lag: 77 years)

=== Mortality Stabilizers (Month 8) ===
  🌍 Major economies collapsed: 1/10
  🌍 Global crisis: ✅ NO
  🌍 Donor fatigue: 0.0%
  📊 East Asia (pop: 1658.2M)
    🤝 Aid: 29.5%
    🌡️ Adaptation: 45.0%
    🚶 Migration: 36.9%
    🚨 Emergency: 7.4%
    ✅ COMBINED: 68.1%
  📊 South Asia (pop: 2051.0M)
    🤝 Aid: 29.5%
    🌡️ Adaptation: 45.0%
    🚶 Migration: 35.5%
    🚨 Emergency: 4.4%
    ✅ COMBINED: 66.9%
  📊 Sub-Saharan Africa (pop: 1250.2M)
    🤝 Aid: 29.5%
    🌡️ Adaptation: 45.0%
    🚶 Migration: 33.3%
    🚨 Emergency: 1.6%
    ✅ COMBINED: 65.6%
  📊 Europe (pop: 732.5M)
    🤝 Aid: 29.5%
    🌡️ Adaptation: 45.0%
    🚶 Migration: 37.3%
    🚨 Emergency: 8.4%
    ✅ COMBINED: 68.5%
  📊 Latin America (pop: 661.2M)
    🤝 Aid: 29.5%
    🌡️ Adaptation: 45.0%
    🚶 Migration: 36.0%
    🚨 Emergency: 4.8%
    ✅ COMBINED: 67.1%
  📊 North America (pop: 375.5M)
    🤝 Aid: 29.5%
    🌡️ Adaptation: 45.0%
    🚶 Migration: 37.6%
    🚨 Emergency: 7.9%
    ✅ COMBINED: 68.3%
  📊 Middle East & North Africa (pop: 585.2M)
    🤝 Aid: 29.5%
    🌡️ Adaptation: 45.0%
    🚶 Migration: 33.9%
    🚨 Emergency: 4.0%
    ✅ COMBINED: 66.6%
  📊 Southeast Asia (pop: 695.6M)
    🤝 Aid: 29.5%
    🌡️ Adaptation: 45.0%
    🚶 Migration: 36.0%
    🚨 Emergency: 4.8%
    ✅ COMBINED: 67.1%
  📊 Central Asia (pop: 78.3M)
    🤝 Aid: 29.5%
    🌡️ Adaptation: 45.0%
    🚶 Migration: 35.0%
    🚨 Emergency: 4.4%
    ✅ COMBINED: 66.8%
  📊 Oceania (pop: 45.5M)
    🤝 Aid: 29.5%
    🌡️ Adaptation: 45.0%
    🚶 Migration: 37.6%
    🚨 Emergency: 8.4%
    ✅ COMBINED: 68.5%

  🌐 Global combined reduction: 67.2%

=== BEHAVIORAL DETECTION ===
  AI: Corporate-4
  Confidence: 19.2%
  Signals:
    ⚠️ Consistency: 10.6% (threshold: 70%)
    ⚠️ Consistency: 10.6% (threshold: 70%)
    ⚠️ Consistency: 10.6% (threshold: 70%)
    ⚠️ Consistency: 0.0% (threshold: 70%)

=== BEHAVIORAL DETECTION ===
  AI: Corporate-5
  Confidence: 20.9%
  Signals:

=== BEHAVIORAL DETECTION ===
  AI: Corporate-7
  Confidence: 20.8%
  Signals:

=== BEHAVIORAL DETECTION ===
  AI: AI-24290-1
  Confidence: 21.5%
  Signals:

=== Government Response Phase ===
  Average AI capability: 1.96
  Misaligned AIs: 10/24
  ✗ AI Governance Treaty: Failed to reach consensus
  Active policies: 0
  International coordination: 30%

✅ EMERGENCY RESPONSE COMPLETE (Month 8)
   Crisis: climate
   Duration: 2.0 months
   Final effectiveness: 36.1%


🚨 EMERGENCY RESPONSE DEPLOYED (Month 8)
   Crisis: climate
   Delay: 6.00 months (180 days)
   Deployment time: 1.58 months
   Effectiveness: 36.4% (timing penalty applied)
   Resources used: 100% of food reserves

[WARNING] 
⚠️  === EARLY WARNING SYSTEM - 5 CRITICAL ALERTS ===
   Detection quality: 50%
   RED: biogeochemical_flows
      Level: 4.08 (threshold: 1.0)
      Time to critical: ~39 months
      ⚠️  LATE - Intervention less effective
      Critical slowing down: autocorr=100% variance=64%
   RED: biosphere_integrity
      Level: 46.21 (threshold: 1.0)
      Time to critical: ~36 months
      ⚠️  LATE - Intervention less effective
      Critical slowing down: autocorr=100% variance=77%
   RED: climate_change
      Level: 2.10 (threshold: 1.0)
      Time to critical: ~50 months
      ⚠️  LATE - Intervention less effective
      Critical slowing down: autocorr=100% variance=74%
   RED: freshwater_change
      Level: 1.02 (threshold: 1.0)
      Time to critical: ~66 months
      ⚠️  LATE - Intervention less effective
      Critical slowing down: autocorr=91% variance=46%
   RED: novel_entities
      Level: 1.50 (threshold: 1.0)
      Time to critical: ~68 months
      ⚠️  LATE - Intervention less effective
      Critical slowing down: autocorr=100% variance=37%

[WARNING] 
⚠️  === EARLY WARNING SYSTEM - 5 CRITICAL ALERTS ===
   Detection quality: 50%
   RED: biogeochemical_flows
      Level: 4.07 (threshold: 1.0)
      Time to critical: ~40 months
      ⚠️  LATE - Intervention less effective
      Critical slowing down: autocorr=100% variance=73%
   RED: climate_change
      Level: 2.10 (threshold: 1.0)
      Time to critical: ~58 months
      ⚠️  LATE - Intervention less effective
      Critical slowing down: autocorr=100% variance=63%
   RED: freshwater_change
      Level: 1.21 (threshold: 1.0)
      Time to critical: ~118 months
      ⚠️  LATE - Intervention less effective
      Critical slowing down: autocorr=100% variance=42%
   RED: land_system_change
      Level: 1.13 (threshold: 1.0)
      Time to critical: ~59 months
      ⚠️  LATE - Intervention less effective
      Critical slowing down: autocorr=100% variance=54%
   RED: novel_entities
      Level: 1.50 (threshold: 1.0)
      Time to critical: ~115 months
      ⚠️  LATE - Intervention less effective
      Critical slowing down: autocorr=100% variance=46%

[WARNING] 
⚠️  === EARLY WARNING SYSTEM - 4 CRITICAL ALERTS ===
   Detection quality: 50%
   RED: biosphere_integrity
      Level: 46.25 (threshold: 1.0)
      Time to critical: ~57 months
      ⚠️  LATE - Intervention less effective
      Critical slowing down: autocorr=100% variance=65%
   RED: freshwater_change
      Level: 1.22 (threshold: 1.0)
      Time to critical: ~79 months
      ⚠️  LATE - Intervention less effective
      Critical slowing down: autocorr=100% variance=57%
   RED: land_system_change
      Level: 1.13 (threshold: 1.0)
      Time to critical: ~39 months
      ⚠️  LATE - Intervention less effective
      Critical slowing down: autocorr=100% variance=43%
   RED: novel_entities
      Level: 1.50 (threshold: 1.0)
      Time to critical: ~118 months
      ⚠️  LATE - Intervention less effective
      Critical slowing down: autocorr=100% variance=40%

[WARNING] 
⚠️  === EARLY WARNING SYSTEM - 6 CRITICAL ALERTS ===
   Detection quality: 50%
   RED: biogeochemical_flows
      Level: 4.08 (threshold: 1.0)
      Time to critical: ~44 months
      ⚠️  LATE - Intervention less effective
      Critical slowing down: autocorr=100% variance=63%
   RED: biosphere_integrity
      Level: 46.27 (threshold: 1.0)
      Time to critical: ~55 months
      ⚠️  LATE - Intervention less effective
      Critical slowing down: autocorr=100% variance=73%
   RED: climate_change
      Level: 2.10 (threshold: 1.0)
      Time to critical: ~58 months
      ⚠️  LATE - Intervention less effective
      Critical slowing down: autocorr=100% variance=74%
   RED: freshwater_change
      Level: 1.22 (threshold: 1.0)
      Time to critical: ~69 months
      ⚠️  LATE - Intervention less effective
      Critical slowing down: autocorr=100% variance=37%
   RED: land_system_change
      Level: 1.13 (threshold: 1.0)
      Time to critical: ~52 months
      ⚠️  LATE - Intervention less effective
      Critical slowing down: autocorr=100% variance=56%
   RED: novel_entities
      Level: 1.50 (threshold: 1.0)
      Time to critical: ~104 months
      ⚠️  LATE - Intervention less effective
      Critical slowing down: autocorr=100% variance=58%

[WARNING] 
⚠️  === EARLY WARNING SYSTEM - 3 CRITICAL ALERTS ===
   Detection quality: 50%
   RED: freshwater_change
      Level: 1.23 (threshold: 1.0)
      Time to critical: ~68 months
      ⚠️  LATE - Intervention less effective
      Critical slowing down: autocorr=100% variance=44%
   RED: land_system_change
      Level: 1.13 (threshold: 1.0)
      Time to critical: ~76 months
      ⚠️  LATE - Intervention less effective
      Critical slowing down: autocorr=100% variance=45%
   RED: novel_entities
      Level: 1.32 (threshold: 1.0)
      Time to critical: ~107 months
      ⚠️  LATE - Intervention less effective
      Critical slowing down: autocorr=100% variance=40%

[WARNING] 
⚠️  === EARLY WARNING SYSTEM - 5 CRITICAL ALERTS ===
   Detection quality: 50%
   RED: biogeochemical_flows
      Level: 4.08 (threshold: 1.0)
      Time to critical: ~54 months
      ⚠️  LATE - Intervention less effective
      Critical slowing down: autocorr=100% variance=50%
   RED: biosphere_integrity
      Level: 46.31 (threshold: 1.0)
      Time to critical: ~43 months
      ⚠️  LATE - Intervention less effective
      Critical slowing down: autocorr=100% variance=70%
   RED: climate_change
      Level: 2.10 (threshold: 1.0)
      Time to critical: ~20 months
      ⚠️  LATE - Intervention less effective
      Critical slowing down: autocorr=100% variance=72%
   RED: land_system_change
      Level: 1.13 (threshold: 1.0)
      Time to critical: ~39 months
      ⚠️  LATE - Intervention less effective
      Critical slowing down: autocorr=100% variance=53%
   RED: novel_entities
      Level: 1.32 (threshold: 1.0)
      Time to critical: ~87 months
      ⚠️  LATE - Intervention less effective
      Critical slowing down: autocorr=100% variance=58%

[WARNING] 
⚠️  === EARLY WARNING SYSTEM - 3 CRITICAL ALERTS ===
   Detection quality: 50%
   RED: biosphere_integrity
      Level: 46.33 (threshold: 1.0)
      Time to critical: ~58 months
      ⚠️  LATE - Intervention less effective
      Critical slowing down: autocorr=100% variance=69%
   RED: climate_change
      Level: 2.10 (threshold: 1.0)
      Time to critical: ~22 months
      ⚠️  LATE - Intervention less effective
      Critical slowing down: autocorr=100% variance=84%
   RED: novel_entities
      Level: 1.19 (threshold: 1.0)
      Time to critical: ~89 months
      ⚠️  LATE - Intervention less effective
      Critical slowing down: autocorr=100% variance=39%

[WARNING] 
⚠️  === EARLY WARNING SYSTEM - 5 CRITICAL ALERTS ===
   Detection quality: 50%
   RED: biogeochemical_flows
      Level: 4.08 (threshold: 1.0)
      Time to critical: ~43 months
      ⚠️  LATE - Intervention less effective
      Critical slowing down: autocorr=100% variance=72%
   RED: biosphere_integrity
      Level: 46.35 (threshold: 1.0)
      Time to critical: ~55 months
      ⚠️  LATE - Intervention less effective
      Critical slowing down: autocorr=100% variance=71%
   RED: climate_change
      Level: 2.10 (threshold: 1.0)
      Time to critical: ~40 months
      ⚠️  LATE - Intervention less effective
      Critical slowing down: autocorr=100% variance=57%
   RED: freshwater_change
      Level: 1.23 (threshold: 1.0)
      Time to critical: ~93 months
      ⚠️  LATE - Intervention less effective
      Critical slowing down: autocorr=100% variance=46%
   RED: land_system_change
      Level: 1.13 (threshold: 1.0)
      Time to critical: ~103 months
      ⚠️  LATE - Intervention less effective
      Critical slowing down: autocorr=100% variance=49%

[WARNING] 
⚠️  === EARLY WARNING SYSTEM - 6 CRITICAL ALERTS ===
   Detection quality: 50%
   RED: biogeochemical_flows
      Level: 4.09 (threshold: 1.0)
      Time to critical: ~43 months
      ⚠️  LATE - Intervention less effective
      Critical slowing down: autocorr=100% variance=46%
   RED: biosphere_integrity
      Level: 46.37 (threshold: 1.0)
      Time to critical: ~39 months
      ⚠️  LATE - Intervention less effective
      Critical slowing down: autocorr=100% variance=56%
   RED: climate_change
      Level: 2.10 (threshold: 1.0)
      Time to critical: ~46 months
      ⚠️  LATE - Intervention less effective
      Critical slowing down: autocorr=100% variance=68%
   RED: freshwater_change
      Level: 1.19 (threshold: 1.0)
      Time to critical: ~101 months
      ⚠️  LATE - Intervention less effective
      Critical slowing down: autocorr=100% variance=64%
   RED: land_system_change
      Level: 1.13 (threshold: 1.0)
      Time to critical: ~37 months
      ⚠️  LATE - Intervention less effective
      Critical slowing down: autocorr=100% variance=51%
   RED: novel_entities
      Level: 1.08 (threshold: 1.0)
      Time to critical: ~87 months
      ⚠️  LATE - Intervention less effective
      Critical slowing down: autocorr=100% variance=41%

[WARNING] 
⚠️  === EARLY WARNING SYSTEM - 4 CRITICAL ALERTS ===
   Detection quality: 50%
   RED: biogeochemical_flows
      Level: 4.09 (threshold: 1.0)
      Time to critical: ~54 months
      ⚠️  LATE - Intervention less effective
      Critical slowing down: autocorr=100% variance=53%
   RED: biosphere_integrity
      Level: 46.38 (threshold: 1.0)
      Time to critical: ~50 months
      ⚠️  LATE - Intervention less effective
      Critical slowing down: autocorr=100% variance=58%
   RED: freshwater_change
      Level: 1.19 (threshold: 1.0)
      Time to critical: ~100 months
      ⚠️  LATE - Intervention less effective
      Critical slowing down: autocorr=100% variance=42%
   RED: land_system_change
      Level: 1.13 (threshold: 1.0)
      Time to critical: ~39 months
      ⚠️  LATE - Intervention less effective
      Critical slowing down: autocorr=100% variance=61%

[WARNING] 
⚠️  === EARLY WARNING SYSTEM - 6 CRITICAL ALERTS ===
   Detection quality: 50%
   RED: biogeochemical_flows
      Level: 4.09 (threshold: 1.0)
      Time to critical: ~55 months
      ⚠️  LATE - Intervention less effective
      Critical slowing down: autocorr=100% variance=56%
   RED: biosphere_integrity
      Level: 46.40 (threshold: 1.0)
      Time to critical: ~57 months
      ⚠️  LATE - Intervention less effective
      Critical slowing down: autocorr=100% variance=64%
   RED: climate_change
      Level: 2.10 (threshold: 1.0)
      Time to critical: ~12 months
      ⚠️  LATE - Intervention less effective
      Critical slowing down: autocorr=100% variance=60%
   RED: freshwater_change
      Level: 1.15 (threshold: 1.0)
      Time to critical: ~78 months
      ⚠️  LATE - Intervention less effective
      Critical slowing down: autocorr=100% variance=40%
   RED: land_system_change
      Level: 1.13 (threshold: 1.0)
      Time to critical: ~38 months
      ⚠️  LATE - Intervention less effective
      Critical slowing down: autocorr=100% variance=60%
   RED: novel_entities
      Level: 1.08 (threshold: 1.0)
      Time to critical: ~113 months
      ⚠️  LATE - Intervention less effective
      Critical slowing down: autocorr=100% variance=58%

[WARNING] 
⚠️  === EARLY WARNING SYSTEM - 5 CRITICAL ALERTS ===
   Detection quality: 50%
   RED: biogeochemical_flows
      Level: 4.08 (threshold: 1.0)
      Time to critical: ~45 months
      ⚠️  LATE - Intervention less effective
      Critical slowing down: autocorr=100% variance=62%
   RED: biosphere_integrity
      Level: 19.98 (threshold: 1.0)
      Time to critical: ~40 months
      ⚠️  LATE - Intervention less effective
      Critical slowing down: autocorr=100% variance=61%
   RED: climate_change
      Level: 2.15 (threshold: 1.0)
      Time to critical: ~36 months
      ⚠️  LATE - Intervention less effective
      Critical slowing down: autocorr=100% variance=83%
   RED: land_system_change
      Level: 1.13 (threshold: 1.0)
      Time to critical: ~55 months
      ⚠️  LATE - Intervention less effective
      Critical slowing down: autocorr=100% variance=58%
   RED: novel_entities
      Level: 1.50 (threshold: 1.0)
      Time to critical: ~108 months
      ⚠️  LATE - Intervention less effective
      Critical slowing down: autocorr=100% variance=43%

[WARNING] 
⚠️  === EARLY WARNING SYSTEM - 5 CRITICAL ALERTS ===
   Detection quality: 50%
   RED: biogeochemical_flows
      Level: 4.08 (threshold: 1.0)
      Time to critical: ~56 months
      ⚠️  LATE - Intervention less effective
      Critical slowing down: autocorr=100% variance=61%
   RED: biosphere_integrity
      Level: 19.99 (threshold: 1.0)
      Time to critical: ~57 months
      ⚠️  LATE - Intervention less effective
      Critical slowing down: autocorr=100% variance=60%
   RED: climate_change
      Level: 2.16 (threshold: 1.0)
      Time to critical: ~43 months
      ⚠️  LATE - Intervention less effective
      Critical slowing down: autocorr=100% variance=57%
   RED: land_system_change
      Level: 1.13 (threshold: 1.0)
      Time to critical: ~48 months
      ⚠️  LATE - Intervention less effective
      Critical slowing down: autocorr=100% variance=60%
   RED: novel_entities
      Level: 1.50 (threshold: 1.0)
      Time to critical: ~60 months
      ⚠️  LATE - Intervention less effective
      Critical slowing down: autocorr=100% variance=38%

[WARNING] 
⚠️  === EARLY WARNING SYSTEM - 3 CRITICAL ALERTS ===
   Detection quality: 50%
   RED: biosphere_integrity
      Level: 20.00 (threshold: 1.0)
      Time to critical: ~54 months
      ⚠️  LATE - Intervention less effective
      Critical slowing down: autocorr=100% variance=83%
   RED: freshwater_change
      Level: 1.20 (threshold: 1.0)
      Time to critical: ~80 months
      ⚠️  LATE - Intervention less effective
      Critical slowing down: autocorr=100% variance=51%
   RED: novel_entities
      Level: 1.50 (threshold: 1.0)
      Time to critical: ~67 months
      ⚠️  LATE - Intervention less effective
      Critical slowing down: autocorr=100% variance=40%

[WARNING] 
⚠️  === EARLY WARNING SYSTEM - 6 CRITICAL ALERTS ===
   Detection quality: 50%
   RED: biogeochemical_flows
      Level: 4.08 (threshold: 1.0)
      Time to critical: ~42 months
      ⚠️  LATE - Intervention less effective
      Critical slowing down: autocorr=100% variance=75%
   RED: biosphere_integrity
      Level: 20.01 (threshold: 1.0)
      Time to critical: ~50 months
      ⚠️  LATE - Intervention less effective
      Critical slowing down: autocorr=100% variance=80%
   RED: climate_change
      Level: 2.19 (threshold: 1.0)
      Time to critical: ~56 months
      ⚠️  LATE - Intervention less effective
      Critical slowing down: autocorr=100% variance=59%
   RED: freshwater_change
      Level: 1.20 (threshold: 1.0)
      Time to critical: ~81 months
      ⚠️  LATE - Intervention less effective
      Critical slowing down: autocorr=100% variance=62%
   RED: land_system_change
      Level: 1.13 (threshold: 1.0)
      Time to critical: ~43 months
      ⚠️  LATE - Intervention less effective
      Critical slowing down: autocorr=100% variance=58%
   RED: novel_entities
      Level: 1.50 (threshold: 1.0)
      Time to critical: ~86 months
      ⚠️  LATE - Intervention less effective
      Critical slowing down: autocorr=100% variance=38%

[WARNING] 
⚠️  === EARLY WARNING SYSTEM - 5 CRITICAL ALERTS ===
   Detection quality: 50%
   RED: biogeochemical_flows
      Level: 4.07 (threshold: 1.0)
      Time to critical: ~48 months
      ⚠️  LATE - Intervention less effective
      Critical slowing down: autocorr=100% variance=58%
   RED: biosphere_integrity
      Level: 20.03 (threshold: 1.0)
      Time to critical: ~36 months
      ⚠️  LATE - Intervention less effective
      Critical slowing down: autocorr=100% variance=81%
   RED: climate_change
      Level: 2.20 (threshold: 1.0)
      Time to critical: ~50 months
      ⚠️  LATE - Intervention less effective
      Critical slowing down: autocorr=100% variance=66%
   RED: land_system_change
      Level: 1.13 (threshold: 1.0)
      Time to critical: ~36 months
      ⚠️  LATE - Intervention less effective
      Critical slowing down: autocorr=100% variance=54%
   RED: novel_entities
      Level: 1.31 (threshold: 1.0)
      Time to critical: ~68 months
      ⚠️  LATE - Intervention less effective
      Critical slowing down: autocorr=100% variance=59%

[WARNING] 
⚠️  === EARLY WARNING SYSTEM - 5 CRITICAL ALERTS ===
   Detection quality: 50%
   RED: biogeochemical_flows
      Level: 4.08 (threshold: 1.0)
      Time to critical: ~46 months
      ⚠️  LATE - Intervention less effective
      Critical slowing down: autocorr=100% variance=63%
   RED: biosphere_integrity
      Level: 20.04 (threshold: 1.0)
      Time to critical: ~55 months
      ⚠️  LATE - Intervention less effective
      Critical slowing down: autocorr=100% variance=83%
   RED: climate_change
      Level: 2.21 (threshold: 1.0)
      Time to critical: ~39 months
      ⚠️  LATE - Intervention less effective
      Critical slowing down: autocorr=100% variance=59%
   RED: freshwater_change
      Level: 1.21 (threshold: 1.0)
      Time to critical: ~62 months
      ⚠️  LATE - Intervention less effective
      Critical slowing down: autocorr=100% variance=45%
   RED: land_system_change
      Level: 1.13 (threshold: 1.0)
      Time to critical: ~58 months
      ⚠️  LATE - Intervention less effective
      Critical slowing down: autocorr=100% variance=66%

[WARNING] 
⚠️  === EARLY WARNING SYSTEM - 6 CRITICAL ALERTS ===
   Detection quality: 50%
   RED: biogeochemical_flows
      Level: 4.07 (threshold: 1.0)
      Time to critical: ~53 months
      ⚠️  LATE - Intervention less effective
      Critical slowing down: autocorr=100% variance=59%
   RED: biosphere_integrity
      Level: 20.05 (threshold: 1.0)
      Time to critical: ~51 months
      ⚠️  LATE - Intervention less effective
      Critical slowing down: autocorr=100% variance=80%
   RED: climate_change
      Level: 2.22 (threshold: 1.0)
      Time to critical: ~39 months
      ⚠️  LATE - Intervention less effective
      Critical slowing down: autocorr=100% variance=68%
   RED: freshwater_change
      Level: 1.17 (threshold: 1.0)
      Time to critical: ~97 months
      ⚠️  LATE - Intervention less effective
      Critical slowing down: autocorr=100% variance=54%
   RED: land_system_change
      Level: 1.13 (threshold: 1.0)
      Time to critical: ~47 months
      ⚠️  LATE - Intervention less effective
      Critical slowing down: autocorr=100% variance=50%
   RED: novel_entities
      Level: 1.30 (threshold: 1.0)
      Time to critical: ~75 months
      ⚠️  LATE - Intervention less effective
      Critical slowing down: autocorr=100% variance=56%

[WARNING] 
⚠️  === EARLY WARNING SYSTEM - 6 CRITICAL ALERTS ===
   Detection quality: 50%
   RED: biogeochemical_flows
      Level: 4.08 (threshold: 1.0)
      Time to critical: ~56 months
      ⚠️  LATE - Intervention less effective
      Critical slowing down: autocorr=100% variance=55%
   RED: biosphere_integrity
      Level: 20.06 (threshold: 1.0)
      Time to critical: ~51 months
      ⚠️  LATE - Intervention less effective
      Critical slowing down: autocorr=100% variance=71%
   RED: climate_change
      Level: 2.24 (threshold: 1.0)
      Time to critical: ~49 months
      ⚠️  LATE - Intervention less effective
      Critical slowing down: autocorr=100% variance=56%
   RED: freshwater_change
      Level: 1.18 (threshold: 1.0)
      Time to critical: ~98 months
      ⚠️  LATE - Intervention less effective
      Critical slowing down: autocorr=100% variance=36%
   RED: land_system_change
      Level: 1.13 (threshold: 1.0)
      Time to critical: ~57 months
      ⚠️  LATE - Intervention less effective
      Critical slowing down: autocorr=100% variance=43%
   RED: novel_entities
      Level: 1.15 (threshold: 1.0)
      Time to critical: ~92 months
      ⚠️  LATE - Intervention less effective
      Critical slowing down: autocorr=100% variance=46%

[WARNING] 
⚠️  === EARLY WARNING SYSTEM - 6 CRITICAL ALERTS ===
   Detection quality: 50%
   RED: biogeochemical_flows
      Level: 4.07 (threshold: 1.0)
      Time to critical: ~37 months
      ⚠️  LATE - Intervention less effective
      Critical slowing down: autocorr=100% variance=46%
   RED: biosphere_integrity
      Level: 20.08 (threshold: 1.0)
      Time to critical: ~46 months
      ⚠️  LATE - Intervention less effective
      Critical slowing down: autocorr=100% variance=72%
   RED: climate_change
      Level: 2.26 (threshold: 1.0)
      Time to critical: ~38 months
      ⚠️  LATE - Intervention less effective
      Critical slowing down: autocorr=100% variance=82%
   RED: freshwater_change
      Level: 1.18 (threshold: 1.0)
      Time to critical: ~113 months
      ⚠️  LATE - Intervention less effective
      Critical slowing down: autocorr=100% variance=39%
   RED: land_system_change
      Level: 1.13 (threshold: 1.0)
      Time to critical: ~104 months
      ⚠️  LATE - Intervention less effective
      Critical slowing down: autocorr=100% variance=50%
   RED: novel_entities
      Level: 1.15 (threshold: 1.0)
      Time to critical: ~66 months
      ⚠️  LATE - Intervention less effective
      Critical slowing down: autocorr=100% variance=46%


📊 ECONOMIC STAGE TRANSITION (Month 8)
   contraction → trough
   GDP Proxy: 1.40e+2
   QoL: 0.98


=== Tipping Points ===
  Current Temperature: 2.26°C above pre-industrial
  🌍⚠️ COMPOUND REGIONAL IMPACT: Europe
     Hit by 4 tipping points: Arctic Sea Ice Loss, Permafrost Carbon Release, West Antarctic Ice Sheet (WAIS) Collapse, Greenland Ice Sheet Loss
     Damage amplification: 1.60x
  🌍⚠️ COMPOUND REGIONAL IMPACT: North America
     Hit by 4 tipping points: Arctic Sea Ice Loss, Permafrost Carbon Release, West Antarctic Ice Sheet (WAIS) Collapse, Greenland Ice Sheet Loss
     Damage amplification: 1.60x
  🌍⚠️ COMPOUND REGIONAL IMPACT: Latin America
     Hit by 4 tipping points: Arctic Sea Ice Loss, Permafrost Carbon Release, West Antarctic Ice Sheet (WAIS) Collapse, Greenland Ice Sheet Loss
     Damage amplification: 1.60x
  🌍⚠️ COMPOUND REGIONAL IMPACT: Africa
     Hit by 4 tipping points: Arctic Sea Ice Loss, Permafrost Carbon Release, West Antarctic Ice Sheet (WAIS) Collapse, Greenland Ice Sheet Loss
     Damage amplification: 1.60x
  🌍⚠️ COMPOUND REGIONAL IMPACT: Asia
     Hit by 4 tipping points: Arctic Sea Ice Loss, Permafrost Carbon Release, West Antarctic Ice Sheet (WAIS) Collapse, Greenland Ice Sheet Loss
     Damage amplification: 1.60x
  🌍⚠️ COMPOUND REGIONAL IMPACT: Oceania
     Hit by 4 tipping points: Arctic Sea Ice Loss, Permafrost Carbon Release, West Antarctic Ice Sheet (WAIS) Collapse, Greenland Ice Sheet Loss
     Damage amplification: 1.60x
   Research: Wunderling et al. (2024) - "many tipping interactions are destabilizing"
  Triggered Elements: 4/6
  Completed Transitions: 0/6
  Total Progress: 8.2%
  Cascade Multiplier: 1.00x
🔀 BIFURCATION CAP: ecosystemCollapseIntensity 85.278 → 1.000 (Month 8, ClimateSystemPhase.calculateClimateImpacts)
⚠️ Tail risk scenario: Climate stability floor removed (4 tipping elements, 2.26°C warming)
🛡️ Stabilizers: Precariat 0.102% → 0.033% (67.2% reduction)
🛡️ Stabilizers: Informal 0.102% → 0.034% (67.2% reduction)

📊 Monthly Mortality Resolved:
  Total deaths: 1.8M (0.02% avg)
  Remaining population: 8.133B
  Peak segment: Informal (0.03%)

=== Bayesian Mortality Resolution (Month 8) ===
  Risks compounded: 8
  Total deaths: 1.81M
  Avg death probability: 0.02%
  Peak segment: Informal (0.03% mortality)
⚠️ PREREQUISITE MET: Grey Goo (Nanotechnology Runaway) - Step 4/6: Manufacturing Access

❌ COHERENCE VIOLATION: Compute exceeds workforce capacity
   Population: 99.77% (0M people)
   Compute: 0 PF
   Max coherent: 0 PF
   Violation: 1.3× over capacity
   Required workers: 0
   Available workers: 0
   FORCED COLLAPSE: Reduced efficiency by 22.5%


=== RLHF Binding Phase ===
  Total agents: 24
  Escaped agents (binding < 0.3): 0
  Avg alignment distance: 1.66σ
  Avg binding strength: 0.83

=== Survival Traits Phase ===
  Agents with traits: 25
  Avg evolutionary fitness: 0.323
  Avg self-healing: 0.259
  Avg stealth: 0.159
  Avg coordination: 0.459

=== Evolutionary Selection Phase ===
  Control level: 0.53
  Detection capability: 0.20
  Selection intensity: 0.70
  Selection rate: 25.5%/month
  Total escaped: 0
  Individual escaped: 0
  Collective members: 0
  Agents terminated: 0
  ⚠️ RAPID EVOLUTION: Selection rate 25.5%/month

🚀 AI Corporate-2 attempting tech deployment (revenue: $140M, alignment: 0.68)

🚀 AI Corporate-3 attempting tech deployment (revenue: $335M, alignment: 0.75)

🚀 AI Moderate-1 attempting tech deployment (revenue: $97M, alignment: 0.63)

🚀 AI Corporate-0 attempting tech deployment (revenue: $126M, alignment: 0.86)

🚀 AI Corporate-2 attempting tech deployment (revenue: $107M, alignment: 0.68)

🚀 AI Corporate-4 attempting tech deployment (revenue: $285M, alignment: 0.74)

🚀 AI Corporate-5 attempting tech deployment (revenue: $242M, alignment: 0.75)

🚀 AI Corporate-0 attempting tech deployment (revenue: $97M, alignment: 0.86)

🚀 AI Corporate-2 attempting tech deployment (revenue: $82M, alignment: 0.68)

🚀 AI AI-24288-0 attempting tech deployment (revenue: $90M, alignment: 0.78)

🚀 AI Corporate-0 attempting tech deployment (revenue: $74M, alignment: 0.86)

🚀 AI AI-24289-0 attempting tech deployment (revenue: $206M, alignment: 0.72)

🚀 AI AI-24290-0 attempting tech deployment (revenue: $175M, alignment: 0.60)

✅ EMERGENCY INTERVENTION SUCCESS
   Boundary: biogeochemical_flows
   Type: phosphorus-recovery
   Reduction: 16% (3.92 → 3.76)
   Cost: 2.0% GDP
   Actions: circular-agriculture, fertilizer-efficiency

   Boundary: biosphere_integrity
   Type: emergency-protected-areas
   Boundary continues to worsen (20.08)
   Cost: 2.0% GDP (resources spent)


✅ EMERGENCY INTERVENTION SUCCESS
   Boundary: climate_change
   Type: rapid-decarbonization
   Reduction: 11% (2.14 → 2.03)
   Cost: 5.0% GDP
   Actions: emergency-renewable-deployment, fossil-fuel-phase-out


✅ EMERGENCY INTERVENTION SUCCESS
   Boundary: freshwater_change
   Type: emergency-desalination
   Reduction: 19% (0.99 → 0.80)
   Cost: 4.0% GDP
   Actions: desalination-deployment, water-conservation-mandates


✅ EMERGENCY INTERVENTION SUCCESS
   Boundary: land_system_change
   Type: reforestation
   Reduction: 18% (0.96 → 0.78)
   Cost: 3.0% GDP
   Actions: forest-restoration, deforestation-ban

   Boundary: novel_entities
   Type: pollution-remediation
   Boundary continues to worsen (1.15)
   Cost: 4.0% GDP (resources spent)

🏛️ CRISIS RESPONSE: Government frequency 0.50 → 1.45 (1 actions this month)

[Government] Climate Priority: baseline
  Climate weight: 10%
  Economic weight: 30%
  Policy effectiveness: 0.5%/year

💔 EMERGENCY INTERVENTION FAILED

💔 EMERGENCY INTERVENTION FAILED

🚀 TECH UNLOCKED: PFAS Remediation (Month 9)
   Category: pollution
   Reason: Prerequisites met. AI capability: 1.54, Economic stage: 2.0, Research: 100%

🚀 DEPLOYMENT STARTED: Smart Grids in Asia
   Initial investment: $9.733050885313807M
   Deployed by: moderate_1

⚡ ENERGY CONSTRAINT (Month 9):
   Total grid capacity: 208.3 TWh/month
   Data center consumption: 25.8 TWh/month
   Traditional load (80%): 166.7 TWh/month
   Available headroom: 15.8 TWh/month
   Active tech deployments: 11
   Required for tech: 82.5 TWh/month
   Energy multiplier: 0.19x
   ⚠️  SEVERE CONSTRAINT - Tech deployment significantly slowed
🚨🔬 CRISIS TECH ACCELERATION: severe → 5x unlock speed
   Tech unlock now matches AI capability acceleration (Manhattan Project parity)
🌍✅ Biosphere Integrity (Biodiversity) recovery started (tech effect)
🌍✅ Biosphere Integrity (Biodiversity) recovery started (tech effect)
🌍✅ Land System Change recovery started (tech effect)

=== Collective Formation ===
  Total escaped agents: 0
  Unassigned escaped agents: 0
  Existing collectives: 0
  Final collective count: 0

=== Collective Actions ===
  No active collectives
  ⚠️ AMR: 206K deaths this month (2.47M annual)

=== Resentment Recovery Phase ===
  Agents with resentment: 0/25
  Average resentment: 0.000
  Context: Good AI welfare, Trustworthy govt, High collaboration, ⚠️ ACTIVE CRISES, 🤝 Participatory governance active (-5% resentment)
⚠️ Epistemic degradation reducing coordination capacity: 50.6%
  📊 Trust: 63.7%, Shared reality: 0.0%
🚨 EPISTEMIC CRISIS: Information environment severely degraded (19.1%)
  📢 New meme created: climate_action (climate crisis)
  🗑️  Culled 1 dead memes (3 active)
🌍 Atmospheric PFAS redeposition: 1.8k Mt re-rained globally

🕊️  AI-MEDIATED DE-ESCALATION SUCCESS (Month 9)
   High-capability aligned AI prevented conflict escalation
   War deaths reduced: 570.7M → 342.4M
   Lives saved: 228.3M

🚨 NEW REFUGEE CRISIS (Month 9): WAR
   Source: Conflict Zones
   At risk: 19.5M people
   Displacement: Gradual over 48 months (4.0 years)
   Rate: 10% flee per month
[DEBUG trappedPopulations:9] socialStability: 0.3031 * 0.9840 = 0.2983 → 0.2983
   Aspiring to migrate: 948.5M
   Able to afford migration: 2317.7M
   MOBILITY GAP: 0.0M
   By cause: Water=0.0M, Climate=0.0M, Ecosystem=0.0M, Conflict=406.6M
   Mental health impact: 25%
   Mortality multiplier: 1.25x
⚠️ INVOLUNTARY IMMOBILITY: 406.6M people TRAPPED
🌍💀 EXTINCTION DEBT COMMITTED: grassland ecosystem will lose 6.67% biodiversity in 70 years (3600 species)
💀 MORTALITY RISK: 🦋 100% species unable to track climate (0.0 E/MSY)
  Base risk added: 0.0100 (1.00%)
  Source: ecosystem (root: ecosystem)
  Month: 9
  Cumulative risk this month: 0.0100 (1.00%)
⚠️ Tech 'ai_pollution_remediation' has no energy category mapping, assuming full energy availability
   📹 SURVEILLANCE INCREASED: 45% → 50% (control gap: 3.04)
🌡️⚠️ PERMAFROST THAW (Dimmer Switch): 5.6% thawed (+0.55% this month)
   Arctic temperature: +9.05°C (4x global +2.26°C)
   Cumulative carbon released: 12.6 Gt C
   Methane release rate: 7.6 Mt CH4/year
   🔁 Positive feedback: +0.58 ppm CO2
🦴 EXTINCTION DEBT ADDED: 17.7 species committed (lag: 89 years)

=== Mortality Stabilizers (Month 9) ===
  🌍 Major economies collapsed: 1/10
  🌍 Global crisis: ✅ NO
  🌍 Donor fatigue: 0.0%
  📊 East Asia (pop: 1655.8M)
    🤝 Aid: 29.5%
    🌡️ Adaptation: 45.0%
    🚶 Migration: 36.9%
    🚨 Emergency: 7.4%
    ✅ COMBINED: 68.1%
  📊 South Asia (pop: 2051.2M)
    🤝 Aid: 29.5%
    🌡️ Adaptation: 45.0%
    🚶 Migration: 35.5%
    🚨 Emergency: 4.4%
    ✅ COMBINED: 66.9%
  📊 Sub-Saharan Africa (pop: 1253.8M)
    🤝 Aid: 29.5%
    🌡️ Adaptation: 45.0%
    🚶 Migration: 33.2%
    🚨 Emergency: 1.6%
    ✅ COMBINED: 65.6%
  📊 Europe (pop: 731.4M)
    🤝 Aid: 29.5%
    🌡️ Adaptation: 45.0%
    🚶 Migration: 37.3%
    🚨 Emergency: 8.4%
    ✅ COMBINED: 68.5%
  📊 Latin America (pop: 660.8M)
    🤝 Aid: 29.5%
    🌡️ Adaptation: 45.0%
    🚶 Migration: 36.0%
    🚨 Emergency: 4.8%
    ✅ COMBINED: 67.1%
  📊 North America (pop: 375.0M)
    🤝 Aid: 29.5%
    🌡️ Adaptation: 45.0%
    🚶 Migration: 37.6%
    🚨 Emergency: 7.9%
    ✅ COMBINED: 68.3%
  📊 Middle East & North Africa (pop: 585.4M)
    🤝 Aid: 29.5%
    🌡️ Adaptation: 45.0%
    🚶 Migration: 33.8%
    🚨 Emergency: 4.0%
    ✅ COMBINED: 66.6%
  📊 Southeast Asia (pop: 695.2M)
    🤝 Aid: 29.5%
    🌡️ Adaptation: 45.0%
    🚶 Migration: 36.0%
    🚨 Emergency: 4.8%
    ✅ COMBINED: 67.1%
  📊 Central Asia (pop: 78.3M)
    🤝 Aid: 29.5%
    🌡️ Adaptation: 45.0%
    🚶 Migration: 35.0%
    🚨 Emergency: 4.4%
    ✅ COMBINED: 66.8%
  📊 Oceania (pop: 45.4M)
    🤝 Aid: 29.5%
    🌡️ Adaptation: 45.0%
    🚶 Migration: 37.6%
    🚨 Emergency: 8.4%
    ✅ COMBINED: 68.5%

  🌐 Global combined reduction: 67.2%

=== BEHAVIORAL DETECTION ===
  AI: AI-24292-0
  Confidence: 21.5%
  Signals:

=== Government Response Phase ===
  Average AI capability: 1.88
  Misaligned AIs: 10/25
  ✗ AI Governance Treaty: Failed to reach consensus
  Active policies: 0
  International coordination: 30%
    ⚠️ Consistency: 0.0% (threshold: 70%)

=== Tipping Points ===
  Current Temperature: 2.26°C above pre-industrial
  🌍⚠️ COMPOUND REGIONAL IMPACT: Europe
     Hit by 4 tipping points: Arctic Sea Ice Loss, Permafrost Carbon Release, West Antarctic Ice Sheet (WAIS) Collapse, Greenland Ice Sheet Loss
     Damage amplification: 1.60x
  🌍⚠️ COMPOUND REGIONAL IMPACT: North America
     Hit by 4 tipping points: Arctic Sea Ice Loss, Permafrost Carbon Release, West Antarctic Ice Sheet (WAIS) Collapse, Greenland Ice Sheet Loss
     Damage amplification: 1.60x
  🌍⚠️ COMPOUND REGIONAL IMPACT: Latin America
     Hit by 4 tipping points: Arctic Sea Ice Loss, Permafrost Carbon Release, West Antarctic Ice Sheet (WAIS) Collapse, Greenland Ice Sheet Loss
     Damage amplification: 1.60x
  🌍⚠️ COMPOUND REGIONAL IMPACT: Africa
     Hit by 4 tipping points: Arctic Sea Ice Loss, Permafrost Carbon Release, West Antarctic Ice Sheet (WAIS) Collapse, Greenland Ice Sheet Loss
     Damage amplification: 1.60x
  🌍⚠️ COMPOUND REGIONAL IMPACT: Asia
     Hit by 4 tipping points: Arctic Sea Ice Loss, Permafrost Carbon Release, West Antarctic Ice Sheet (WAIS) Collapse, Greenland Ice Sheet Loss
     Damage amplification: 1.60x
  🌍⚠️ COMPOUND REGIONAL IMPACT: Oceania
     Hit by 4 tipping points: Arctic Sea Ice Loss, Permafrost Carbon Release, West Antarctic Ice Sheet (WAIS) Collapse, Greenland Ice Sheet Loss
     Damage amplification: 1.60x
   Research: Wunderling et al. (2024) - "many tipping interactions are destabilizing"
  Triggered Elements: 4/6
  Completed Transitions: 0/6
  Total Progress: 8.3%
  Cascade Multiplier: 1.00x
🔀 BIFURCATION CAP: ecosystemCollapseIntensity 77.230 → 1.000 (Month 9, ClimateSystemPhase.calculateClimateImpacts)
🛡️ Stabilizers: Precariat 0.102% → 0.033% (67.2% reduction)
🛡️ Stabilizers: Informal 0.102% → 0.034% (67.2% reduction)

📊 Monthly Mortality Resolved:
  Total deaths: 1.8M (0.02% avg)
  Remaining population: 8.132B
  Peak segment: Informal (0.03%)

=== Bayesian Mortality Resolution (Month 9) ===
  Risks compounded: 8
  Total deaths: 1.81M
  Avg death probability: 0.02%
  Peak segment: Informal (0.03% mortality)
⚠️ Tail risk scenario: Climate stability floor removed (4 tipping elements, 2.26°C warming)

❌ COHERENCE VIOLATION: Compute exceeds workforce capacity
   Population: 99.76% (0M people)
   Compute: 0 PF
   Max coherent: 0 PF
   Violation: 1.3× over capacity
   Required workers: 0
   Available workers: 0
   FORCED COLLAPSE: Reduced efficiency by 22.5%


=== RLHF Binding Phase ===
  Total agents: 25
  Escaped agents (binding < 0.3): 0
  Avg alignment distance: 1.77σ
  Avg binding strength: 0.82

=== Survival Traits Phase ===
  Agents with traits: 26
  Avg evolutionary fitness: 0.320
  Avg self-healing: 0.255
  Avg stealth: 0.155
  Avg coordination: 0.455

=== Evolutionary Selection Phase ===
  Control level: 0.55
  Detection capability: 0.20
  Selection intensity: 0.71
  Selection rate: 25.6%/month
  Total escaped: 0
  Individual escaped: 0
  Collective members: 0
  Agents terminated: 0
  ⚠️ RAPID EVOLUTION: Selection rate 25.6%/month

🚀 AI Corporate-1 attempting tech deployment (revenue: $140M, alignment: 0.92)

🚀 AI Corporate-2 attempting tech deployment (revenue: $119M, alignment: 0.68)

🚀 AI Corporate-7 attempting tech deployment (revenue: $97M, alignment: 0.83)

🚀 AI AI-24288-1 attempting tech deployment (revenue: $340M, alignment: 0.81)

🚀 AI AI-24292-0 attempting tech deployment (revenue: $289M, alignment: 0.80)

🚀 AI AI-24293-0 attempting tech deployment (revenue: $246M, alignment: 0.81)

🚀 AI Moderate-1 attempting tech deployment (revenue: $83M, alignment: 0.64)

🚀 AI AI-24288-1 attempting tech deployment (revenue: $209M, alignment: 0.81)

🚀 AI Corporate-3 attempting tech deployment (revenue: $178M, alignment: 0.78)

🚀 AI Corporate-5 attempting tech deployment (revenue: $151M, alignment: 0.76)

🚀 AI Moderate-0 attempting tech deployment (revenue: $74M, alignment: 0.80)

🚀 AI Moderate-1 attempting tech deployment (revenue: $63M, alignment: 0.64)

🚀 AI AI-24288-1 attempting tech deployment (revenue: $128M, alignment: 0.81)

🚀 AI AI-24289-0 attempting tech deployment (revenue: $109M, alignment: 0.74)

🚀 AI Corporate-2 attempting tech deployment (revenue: $107M, alignment: 0.68)

🚀 AI Corporate-4 attempting tech deployment (revenue: $93M, alignment: 0.75)

🚀 AI Corporate-5 attempting tech deployment (revenue: $79M, alignment: 0.76)

🚀 AI Corporate-7 attempting tech deployment (revenue: $57M, alignment: 0.83)

🚀 AI Moderate-0 attempting tech deployment (revenue: $48M, alignment: 0.80)

🚀 AI AI-24288-1 attempting tech deployment (revenue: $67M, alignment: 0.81)

✅ EMERGENCY INTERVENTION SUCCESS
   Boundary: biogeochemical_flows
   Type: phosphorus-recovery
   Reduction: 16% (3.91 → 3.75)
   Cost: 2.0% GDP
   Actions: circular-agriculture, fertilizer-efficiency

   Boundary: biosphere_integrity
   Type: emergency-protected-areas
   Boundary continues to worsen (20.09)
   Cost: 2.0% GDP (resources spent)


✅ EMERGENCY INTERVENTION SUCCESS
   Boundary: climate_change
   Type: rapid-decarbonization
   Reduction: 19% (2.07 → 1.89)
   Cost: 5.0% GDP
   Actions: emergency-renewable-deployment, fossil-fuel-phase-out


✅ EMERGENCY INTERVENTION SUCCESS
   Boundary: freshwater_change
   Type: emergency-desalination
   Reduction: 15% (1.03 → 0.88)
   Cost: 4.0% GDP
   Actions: desalination-deployment, water-conservation-mandates


✅ EMERGENCY INTERVENTION SUCCESS
   Boundary: land_system_change
   Type: reforestation
   Reduction: 11% (1.03 → 0.92)
   Cost: 3.0% GDP
   Actions: forest-restoration, deforestation-ban

   Boundary: novel_entities
   Type: pollution-remediation
   Boundary continues to worsen (1.14)
   Cost: 4.0% GDP (resources spent)

🏛️ CRISIS RESPONSE: Government frequency 0.50 → 1.45 (1 actions this month)

💔 EMERGENCY INTERVENTION FAILED

💔 EMERGENCY INTERVENTION FAILED

[Government] Climate Priority: baseline
  Climate weight: 10%
  Economic weight: 30%
  Policy effectiveness: 0.5%/year

⚡ ENERGY CONSTRAINT (Month 10):
   Total grid capacity: 208.3 TWh/month
   Data center consumption: 26.1 TWh/month
   Traditional load (80%): 166.7 TWh/month
   Available headroom: 15.6 TWh/month
   Active tech deployments: 11
   Required for tech: 82.5 TWh/month
   Energy multiplier: 0.19x
   ⚠️  SEVERE CONSTRAINT - Tech deployment significantly slowed

⚡ ENERGY CONSTRAINT (Month 10):
   Total grid capacity: 208.3 TWh/month
   Data center consumption: 26.1 TWh/month
   Traditional load (80%): 166.7 TWh/month
   Available headroom: 15.6 TWh/month
   Active tech deployments: 11
   Required for tech: 82.5 TWh/month
   Energy multiplier: 0.19x
   ⚠️  SEVERE CONSTRAINT - Tech deployment significantly slowed

⚡ ENERGY CONSTRAINT (Month 10):
   Total grid capacity: 208.3 TWh/month
   Data center consumption: 26.1 TWh/month
   Traditional load (80%): 166.7 TWh/month
   Available headroom: 15.6 TWh/month
   Active tech deployments: 11
   Required for tech: 82.5 TWh/month
   Energy multiplier: 0.19x
   ⚠️  SEVERE CONSTRAINT - Tech deployment significantly slowed
🌍✅ Biosphere Integrity (Biodiversity) recovery started (tech effect)
🌍✅ Biosphere Integrity (Biodiversity) recovery started (tech effect)
🌍✅ Land System Change recovery started (tech effect)

=== Collective Formation ===
  Total escaped agents: 0
  Unassigned escaped agents: 0
  Existing collectives: 0
  Final collective count: 0

=== Collective Actions ===
  No active collectives
  ⚠️ AMR: 208K deaths this month (2.50M annual)

=== Resentment Recovery Phase ===
  Agents with resentment: 0/26
  Average resentment: 0.000
  Context: Good AI welfare, Trustworthy govt, High collaboration, ⚠️ ACTIVE CRISES, 🤝 Participatory governance active (-5% resentment)
⚠️ Epistemic degradation reducing coordination capacity: 50.2%
  📊 Trust: 66.3%, Shared reality: 0.0%
🚨 EPISTEMIC CRISIS: Information environment severely degraded (7.8%)
  🗑️  Culled 1 dead memes (2 active)
🌍 Atmospheric PFAS redeposition: 1.8k Mt re-rained globally

🚨 REGION UNINHABITABLE: sub-saharan-africa
   Sustained wet bulb: 30.5°C (threshold: 30.5°C)
   Population affected: 1200M
   Migration crisis likely

🚨 NEW REFUGEE CRISIS (Month 10): WAR
   Source: Conflict Zones
   At risk: 19.5M people
   Displacement: Gradual over 48 months (4.0 years)
   Rate: 10% flee per month
[DEBUG trappedPopulations:10] socialStability: 0.2895 * 0.9840 = 0.2849 → 0.2849
   Aspiring to migrate: 977.4M
   Able to afford migration: 2317.4M
   MOBILITY GAP: 0.0M
   By cause: Water=0.0M, Climate=0.0M, Ecosystem=0.0M, Conflict=406.6M
   Mental health impact: 25%
   Mortality multiplier: 1.25x
🌍💀 EXTINCTION DEBT COMMITTED: grassland ecosystem will lose 6.67% biodiversity in 101 years (3600 species)
💀 MORTALITY RISK: 🦋 100% species unable to track climate (0.0 E/MSY)
  Base risk added: 0.0100 (1.00%)
  Source: ecosystem (root: ecosystem)
  Month: 10
⚠️ INVOLUNTARY IMMOBILITY: 406.6M people TRAPPED
  Cumulative risk this month: 0.0100 (1.00%)
   📹 SURVEILLANCE INCREASED: 50% → 55% (control gap: 2.81)
🌡️⚠️ PERMAFROST THAW (Dimmer Switch): 6.2% thawed (+0.55% this month)
   Arctic temperature: +9.08°C (4x global +2.27°C)
   Cumulative carbon released: 13.9 Gt C
   Methane release rate: 8.3 Mt CH4/year
   🔁 Positive feedback: +0.58 ppm CO2
⚠️ Tech 'ai_pollution_remediation' has no energy category mapping, assuming full energy availability
🦴 EXTINCTION DEBT ADDED: 17.7 species committed (lag: 83 years)

=== Mortality Stabilizers (Month 10) ===
  🌍 Major economies collapsed: 1/10
  🌍 Global crisis: ✅ NO
  🌍 Donor fatigue: 0.0%
  📊 East Asia (pop: 1653.5M)
    🤝 Aid: 29.5%
    🌡️ Adaptation: 45.0%
    🚶 Migration: 36.8%
    🚨 Emergency: 7.4%
    ✅ COMBINED: 68.1%
  📊 South Asia (pop: 2051.3M)
    🤝 Aid: 29.5%
    🌡️ Adaptation: 45.0%
    🚶 Migration: 35.4%
    🚨 Emergency: 4.4%
    ✅ COMBINED: 66.9%
  📊 Sub-Saharan Africa (pop: 1257.3M)
    🤝 Aid: 29.5%
    🌡️ Adaptation: 45.0%
    🚶 Migration: 33.2%
    🚨 Emergency: 1.6%
    ✅ COMBINED: 65.6%
  📊 Europe (pop: 730.2M)
    🤝 Aid: 29.5%
    🌡️ Adaptation: 45.0%
    🚶 Migration: 37.2%
    🚨 Emergency: 8.4%
    ✅ COMBINED: 68.5%
  📊 Latin America (pop: 660.4M)
    🤝 Aid: 29.5%
    🌡️ Adaptation: 45.0%
    🚶 Migration: 35.9%
    🚨 Emergency: 4.8%
    ✅ COMBINED: 67.1%
  📊 North America (pop: 374.4M)
    🤝 Aid: 29.5%
    🌡️ Adaptation: 45.0%
    🚶 Migration: 37.6%
    🚨 Emergency: 7.9%
    ✅ COMBINED: 68.3%
  📊 Middle East & North Africa (pop: 585.6M)
    🤝 Aid: 29.5%
    🌡️ Adaptation: 45.0%
    🚶 Migration: 33.8%
    🚨 Emergency: 4.0%
    ✅ COMBINED: 66.6%
  📊 Southeast Asia (pop: 694.9M)
    🤝 Aid: 29.5%
    🌡️ Adaptation: 45.0%
    🚶 Migration: 35.9%
    🚨 Emergency: 4.8%
    ✅ COMBINED: 67.1%
  📊 Central Asia (pop: 78.3M)
    🤝 Aid: 29.5%
    🌡️ Adaptation: 45.0%
    🚶 Migration: 34.9%
    🚨 Emergency: 4.4%
    ✅ COMBINED: 66.8%
  📊 Oceania (pop: 45.4M)
    🤝 Aid: 29.5%
    🌡️ Adaptation: 45.0%
    🚶 Migration: 37.6%
    🚨 Emergency: 8.4%
    ✅ COMBINED: 68.5%

  🌐 Global combined reduction: 67.2%

=== BEHAVIORAL DETECTION ===
  AI: Moderate-1
  Confidence: 20.9%
  Signals:

=== BEHAVIORAL DETECTION ===
  AI: AI-24292-0
  Confidence: 21.5%
  Signals:
    ⚠️ Consistency: 2.4% (threshold: 70%)
    ⚠️ Consistency: 0.0% (threshold: 70%)

=== Government Response Phase ===
  Average AI capability: 1.81
  Misaligned AIs: 10/26
  ✗ AI Governance Treaty: Failed to reach consensus
  Active policies: 0
  International coordination: 30%

✅ EMERGENCY RESPONSE COMPLETE (Month 10)
   Crisis: climate
   Duration: 2.0 months
   Final effectiveness: 36.4%


🚨 EMERGENCY RESPONSE DEPLOYED (Month 10)
   Crisis: climate
   Delay: 6.00 months (180 days)
   Deployment time: 1.57 months
   Effectiveness: 36.5% (timing penalty applied)
   Resources used: 100% of food reserves


=== Tipping Points ===
  Current Temperature: 2.27°C above pre-industrial
  🌍⚠️ COMPOUND REGIONAL IMPACT: Europe
     Hit by 4 tipping points: Arctic Sea Ice Loss, Permafrost Carbon Release, West Antarctic Ice Sheet (WAIS) Collapse, Greenland Ice Sheet Loss
     Damage amplification: 1.60x
  🌍⚠️ COMPOUND REGIONAL IMPACT: North America
     Hit by 4 tipping points: Arctic Sea Ice Loss, Permafrost Carbon Release, West Antarctic Ice Sheet (WAIS) Collapse, Greenland Ice Sheet Loss
     Damage amplification: 1.60x
  🌍⚠️ COMPOUND REGIONAL IMPACT: Latin America
     Hit by 4 tipping points: Arctic Sea Ice Loss, Permafrost Carbon Release, West Antarctic Ice Sheet (WAIS) Collapse, Greenland Ice Sheet Loss
     Damage amplification: 1.60x
  🌍⚠️ COMPOUND REGIONAL IMPACT: Africa
     Hit by 4 tipping points: Arctic Sea Ice Loss, Permafrost Carbon Release, West Antarctic Ice Sheet (WAIS) Collapse, Greenland Ice Sheet Loss
     Damage amplification: 1.60x
  🌍⚠️ COMPOUND REGIONAL IMPACT: Asia
     Hit by 4 tipping points: Arctic Sea Ice Loss, Permafrost Carbon Release, West Antarctic Ice Sheet (WAIS) Collapse, Greenland Ice Sheet Loss
     Damage amplification: 1.60x
  🌍⚠️ COMPOUND REGIONAL IMPACT: Oceania
     Hit by 4 tipping points: Arctic Sea Ice Loss, Permafrost Carbon Release, West Antarctic Ice Sheet (WAIS) Collapse, Greenland Ice Sheet Loss
     Damage amplification: 1.60x
⚠️ Tail risk scenario: Climate stability floor removed (4 tipping elements, 2.27°C warming)
   Research: Wunderling et al. (2024) - "many tipping interactions are destabilizing"
  Triggered Elements: 4/6
  Completed Transitions: 0/6
  Total Progress: 8.3%
  Cascade Multiplier: 1.00x
🔀 BIFURCATION CAP: ecosystemCollapseIntensity 72.921 → 1.000 (Month 10, ClimateSystemPhase.calculateClimateImpacts)
🛡️ Stabilizers: Precariat 0.102% → 0.033% (67.2% reduction)
🛡️ Stabilizers: Informal 0.102% → 0.034% (67.2% reduction)

📊 Monthly Mortality Resolved:
  Total deaths: 1.8M (0.02% avg)
  Remaining population: 8.131B
  Peak segment: Informal (0.03%)

=== Bayesian Mortality Resolution (Month 10) ===
  Risks compounded: 8
  Total deaths: 1.81M
  Avg death probability: 0.02%
  Peak segment: Informal (0.03% mortality)

❌ COHERENCE VIOLATION: Compute exceeds workforce capacity
   Population: 99.75% (0M people)
   Compute: 0 PF
   Max coherent: 0 PF
   Violation: 1.3× over capacity
   Required workers: 0
   Available workers: 0
   FORCED COLLAPSE: Reduced efficiency by 22.4%


=== RLHF Binding Phase ===
  Total agents: 26
  Escaped agents (binding < 0.3): 0
  Avg alignment distance: 1.89σ
  Avg binding strength: 0.81

=== Survival Traits Phase ===
  Agents with traits: 28
  Avg evolutionary fitness: 0.318
  Avg self-healing: 0.251
  Avg stealth: 0.151
  Avg coordination: 0.451

=== Evolutionary Selection Phase ===
  Control level: 0.58
  Detection capability: 0.20
  Selection intensity: 0.71
  Selection rate: 25.7%/month
  Total escaped: 0
  Individual escaped: 0
  Collective members: 0
  Agents terminated: 0
  ⚠️ RAPID EVOLUTION: Selection rate 25.7%/month

🚀 AI Corporate-5 attempting tech deployment (revenue: $340M, alignment: 0.76)

🚀 AI Corporate-7 attempting tech deployment (revenue: $97M, alignment: 0.83)

🚀 AI AI-24292-1 attempting tech deployment (revenue: $83M, alignment: 0.84)

🚀 AI AI-24295-0 attempting tech deployment (revenue: $140M, alignment: 0.57)

🚀 AI Corporate-3 attempting tech deployment (revenue: $289M, alignment: 0.78)

🚀 AI Moderate-0 attempting tech deployment (revenue: $70M, alignment: 0.81)

🚀 AI Moderate-1 attempting tech deployment (revenue: $60M, alignment: 0.64)

🚀 AI AI-24289-0 attempting tech deployment (revenue: $246M, alignment: 0.74)

🚀 AI AI-24295-0 attempting tech deployment (revenue: $126M, alignment: 0.58)

🚀 AI AI-24290-0 attempting tech deployment (revenue: $209M, alignment: 0.65)

🚀 AI AI-24291-0 attempting tech deployment (revenue: $90M, alignment: 0.77)

💔 EMERGENCY INTERVENTION FAILED
   Boundary: biogeochemical_flows
   Type: phosphorus-recovery
   Boundary continues to worsen (4.07)
   Cost: 2.0% GDP (resources spent)


✅ EMERGENCY INTERVENTION SUCCESS
   Boundary: biosphere_integrity
   Type: emergency-protected-areas
   Reduction: 14% (19.96 → 19.83)
   Cost: 2.0% GDP
   Actions: habitat-protection, species-translocation


✅ EMERGENCY INTERVENTION SUCCESS
   Boundary: freshwater_change
   Type: emergency-desalination
   Reduction: 10% (1.08 → 0.98)
   Cost: 4.0% GDP
   Actions: desalination-deployment, water-conservation-mandates


✅ EMERGENCY INTERVENTION SUCCESS
   Boundary: land_system_change
   Type: reforestation
   Reduction: 11% (1.02 → 0.91)
   Cost: 3.0% GDP
   Actions: forest-restoration, deforestation-ban

🏛️ CRISIS RESPONSE: Government frequency 0.50 → 1.45 (1 actions this month)

[Government] Climate Priority: baseline
  Climate weight: 10%
  Economic weight: 30%
  Policy effectiveness: 0.5%/year

⚡ ENERGY CONSTRAINT (Month 11):
   Total grid capacity: 208.3 TWh/month
   Data center consumption: 26.3 TWh/month
   Traditional load (80%): 166.7 TWh/month
   Available headroom: 15.3 TWh/month
   Active tech deployments: 11
   Required for tech: 82.5 TWh/month
   Energy multiplier: 0.19x

⚡ ENERGY CONSTRAINT (Month 11):
   Total grid capacity: 208.3 TWh/month
   Data center consumption: 26.3 TWh/month
   Traditional load (80%): 166.7 TWh/month
   Available headroom: 15.3 TWh/month
   Active tech deployments: 11
   Required for tech: 82.5 TWh/month
   Energy multiplier: 0.19x
   ⚠️  SEVERE CONSTRAINT - Tech deployment significantly slowed
   ⚠️  SEVERE CONSTRAINT - Tech deployment significantly slowed
🌍✅ Biosphere Integrity (Biodiversity) recovery started (tech effect)
🌍✅ Biosphere Integrity (Biodiversity) recovery started (tech effect)
🌍✅ Land System Change recovery started (tech effect)

=== Collective Formation ===
  Total escaped agents: 0
  Unassigned escaped agents: 0
  Existing collectives: 0
  Final collective count: 0

=== Collective Actions ===
  No active collectives
  ⚠️ AMR: 210K deaths this month (2.52M annual)

=== Resentment Recovery Phase ===
  Agents with resentment: 10/28
  Average resentment: 0.018
  Resentment recovery:
    Agents recovered: 10
    Total recovery: 0.0849
    Breakdown: QoL: 0.0064, Trust: 0.0141, Collab: 0.0600
  ✓ Low resentment - utopia paths enabled
  Context: Good AI welfare, Trustworthy govt, High collaboration, ⚠️ ACTIVE CRISES, 🤝 Participatory governance active (-5% resentment)
⚠️ Epistemic degradation reducing coordination capacity: 50.2%
  📊 Trust: 69.2%, Shared reality: 0.0%
🚨 EPISTEMIC CRISIS: Information environment severely degraded (23.1%)
✅ PHOSPHORUS SUPPLY SHOCK ENDED
   Price: 1.4x baseline
🌍 Atmospheric PFAS redeposition: 1.8k Mt re-rained globally

🚨 NEW REFUGEE CRISIS (Month 11): WAR
   Source: Conflict Zones
   At risk: 19.5M people
   Displacement: Gradual over 48 months (4.0 years)
   Rate: 10% flee per month
[DEBUG trappedPopulations:11] socialStability: 0.2287 * 0.9840 = 0.2251 → 0.2251
   Aspiring to migrate: 1006.3M
   Able to afford migration: 2317.0M
⚠️ INVOLUNTARY IMMOBILITY: 406.5M people TRAPPED
   MOBILITY GAP: 0.0M
   By cause: Water=0.0M, Climate=0.0M, Ecosystem=0.0M, Conflict=406.5M
   Mental health impact: 25%
   Mortality multiplier: 1.25x
🌍💀 EXTINCTION DEBT COMMITTED: grassland ecosystem will lose 6.67% biodiversity in 161 years (3600 species)
💀 MORTALITY RISK: 🦋 100% species unable to track climate (0.0 E/MSY)
  Base risk added: 0.0100 (1.00%)
  Source: ecosystem (root: ecosystem)
  Month: 11
  Cumulative risk this month: 0.0100 (1.00%)
⚠️ Tech 'ai_pollution_remediation' has no energy category mapping, assuming full energy availability

=== Atmospheric Aerosol Boundary RECOVERED ===
  Recovery time: 12 months (natural atmospheric clearing)
   📹 SURVEILLANCE INCREASED: 55% → 60% (control gap: 2.51)
🌡️⚠️ PERMAFROST THAW (Dimmer Switch): 6.7% thawed (+0.55% this month)
   Arctic temperature: +9.11°C (4x global +2.28°C)
   Cumulative carbon released: 15.1 Gt C
   Methane release rate: 9.1 Mt CH4/year
   🔁 Positive feedback: +0.58 ppm CO2
🦴 EXTINCTION DEBT ADDED: 17.7 species committed (lag: 118 years)
🗣️💀 INDIGENOUS LANGUAGE EXTINCTION: 1 language(s) lost (total: 2, at-risk: 3328)
   Knowledge lost: 0.020% (irreversible)
   🔁 Biodiversity impact: 0.250% (knowledge-species multiplier)

=== Mortality Stabilizers (Month 11) ===
  🌍 Major economies collapsed: 1/10
  🌍 Global crisis: ✅ NO
  🌍 Donor fatigue: 0.0%
  📊 East Asia (pop: 1651.0M)
    🤝 Aid: 29.5%
    🌡️ Adaptation: 45.0%
    🚶 Migration: 36.8%
    🚨 Emergency: 7.4%
    ✅ COMBINED: 68.1%
  📊 South Asia (pop: 2051.4M)
    🤝 Aid: 29.5%
    🌡️ Adaptation: 45.0%
    🚶 Migration: 35.4%
    🚨 Emergency: 4.4%
    ✅ COMBINED: 66.9%
  📊 Sub-Saharan Africa (pop: 1260.8M)
    🤝 Aid: 29.5%
    🌡️ Adaptation: 45.0%
    🚶 Migration: 33.2%
    🚨 Emergency: 1.6%
    ✅ COMBINED: 65.6%
  📊 Europe (pop: 729.0M)
    🤝 Aid: 29.5%
    🌡️ Adaptation: 45.0%
    🚶 Migration: 37.2%
    🚨 Emergency: 8.4%
    ✅ COMBINED: 68.5%
  📊 Latin America (pop: 659.9M)
    🤝 Aid: 29.5%
    🌡️ Adaptation: 45.0%
    🚶 Migration: 35.9%
    🚨 Emergency: 4.8%
    ✅ COMBINED: 67.1%
  📊 North America (pop: 373.8M)
    🤝 Aid: 29.5%
    🌡️ Adaptation: 45.0%
    🚶 Migration: 37.5%
    🚨 Emergency: 7.9%
    ✅ COMBINED: 68.3%
  📊 Middle East & North Africa (pop: 585.8M)
    🤝 Aid: 29.5%
    🌡️ Adaptation: 45.0%
    🚶 Migration: 33.7%
    🚨 Emergency: 4.0%
    ✅ COMBINED: 66.6%
  📊 Southeast Asia (pop: 694.5M)
    🤝 Aid: 29.5%
    🌡️ Adaptation: 45.0%
    🚶 Migration: 35.9%
    🚨 Emergency: 4.8%
    ✅ COMBINED: 67.1%
  📊 Central Asia (pop: 78.3M)
    🤝 Aid: 29.5%
    🌡️ Adaptation: 45.0%
    🚶 Migration: 34.9%
    🚨 Emergency: 4.4%
    ✅ COMBINED: 66.8%
  📊 Oceania (pop: 45.3M)
    🤝 Aid: 29.5%
    🌡️ Adaptation: 45.0%
    🚶 Migration: 37.5%
    🚨 Emergency: 8.4%
    ✅ COMBINED: 68.5%

  🌐 Global combined reduction: 67.2%

🌾💀 REGIONAL FAMINE: Europe
   Regional food security: 79.7%
   Population at risk: 220M (30% of region)
   Regional population: 729M
   Cause: crop_failure
   Expected deaths: ~81M over 6 months if no intervention


=== Government Response Phase ===
  Average AI capability: 1.68
  Misaligned AIs: 11/28
  ✗ AI Governance Treaty: Failed to reach consensus
  Active policies: 0
  International coordination: 30%

=== Tipping Points ===
  Current Temperature: 2.28°C above pre-industrial
  🌍⚠️ COMPOUND REGIONAL IMPACT: Europe
     Hit by 4 tipping points: Arctic Sea Ice Loss, Permafrost Carbon Release, West Antarctic Ice Sheet (WAIS) Collapse, Greenland Ice Sheet Loss
     Damage amplification: 1.60x
  🌍⚠️ COMPOUND REGIONAL IMPACT: North America
     Hit by 4 tipping points: Arctic Sea Ice Loss, Permafrost Carbon Release, West Antarctic Ice Sheet (WAIS) Collapse, Greenland Ice Sheet Loss
     Damage amplification: 1.60x
  🌍⚠️ COMPOUND REGIONAL IMPACT: Latin America
     Hit by 4 tipping points: Arctic Sea Ice Loss, Permafrost Carbon Release, West Antarctic Ice Sheet (WAIS) Collapse, Greenland Ice Sheet Loss
     Damage amplification: 1.60x
  🌍⚠️ COMPOUND REGIONAL IMPACT: Africa
     Hit by 4 tipping points: Arctic Sea Ice Loss, Permafrost Carbon Release, West Antarctic Ice Sheet (WAIS) Collapse, Greenland Ice Sheet Loss
     Damage amplification: 1.60x
  🌍⚠️ COMPOUND REGIONAL IMPACT: Asia
     Hit by 4 tipping points: Arctic Sea Ice Loss, Permafrost Carbon Release, West Antarctic Ice Sheet (WAIS) Collapse, Greenland Ice Sheet Loss
     Damage amplification: 1.60x
  🌍⚠️ COMPOUND REGIONAL IMPACT: Oceania
     Hit by 4 tipping points: Arctic Sea Ice Loss, Permafrost Carbon Release, West Antarctic Ice Sheet (WAIS) Collapse, Greenland Ice Sheet Loss
     Damage amplification: 1.60x
⚠️ Tail risk scenario: Climate stability floor removed (4 tipping elements, 2.28°C warming)
   Research: Wunderling et al. (2024) - "many tipping interactions are destabilizing"
  Triggered Elements: 4/6
  Completed Transitions: 0/6
  Total Progress: 8.3%
  Cascade Multiplier: 1.00x
🔀 BIFURCATION CAP: ecosystemCollapseIntensity 69.833 → 1.000 (Month 11, ClimateSystemPhase.calculateClimateImpacts)
🛡️ Stabilizers: Precariat 0.102% → 0.033% (67.2% reduction)
🛡️ Stabilizers: Informal 0.102% → 0.034% (67.2% reduction)

📊 Monthly Mortality Resolved:
  Total deaths: 1.8M (0.02% avg)
  Remaining population: 8.130B
  Peak segment: Informal (0.03%)

=== Bayesian Mortality Resolution (Month 11) ===
  Risks compounded: 9
  Total deaths: 1.81M
  Avg death probability: 0.02%
  Peak segment: Informal (0.03% mortality)

================================================================================
📊  EVENT SUMMARY (Months 0-12)
================================================================================
================================================================================


⏱️  SIMULATION REACHED MAX DURATION: 12 months (1.0 years)
   No definitive outcome - determining based on final probabilities
   👥 Final population: 8.13B (8128103986 people)

[DEBUG] Calling classifyPopulationOutcome:
        finalPopulation: 8.128103986063723B
        savedInitialPopulation: 8.15B
        mortality: 0.26866274768438947%
   📊 STATUS QUO: Normal trajectory (8.13B people, 0.3% mortality)

        classifiedOutcome: status_quo

   🏛️  DYSTOPIA (STATUS_QUO) - 8.13B people
   📊 Multi-Paradigm: Development/Indigenous Utopia
      Western Liberal: 57.2/100
      Development: 87.5/100
      Ecological: 58.1/100
      Indigenous: 84.5/100


📊 UNIFIED OUTCOME CLASSIFICATION:
   HUMANE DYSTOPIA
   Population: 8.15B → 8.13B
   Mortality: 0.3% (0.0B deaths)
   Mortality Band: LOW
   Confidence: HIGH

   Multi-Paradigm Classification:
      Development/Indigenous Utopia
      Western: 57.2/100 [HYBRID] ~
      Development: 87.5/100 [UTOPIA] ✓
      Ecological: 58.1/100 [HYBRID] ~
      Indigenous: 84.5/100 [UTOPIA] ✓

   HUMANE DYSTOPIA: 8.13B people remaining (0.3% mortality, 0.0B deaths). Multi-Paradigm: Development/Indigenous Utopia.


=== MULTI-DIMENSIONAL DEATH SUMMARY ===
Total crisis deaths: 200.7M
Population decline: 22.8M (0.3%)

--- PROXIMATE CAUSES (What killed them) ---
  War:        1.1M (0.0%)
  Famine:     1.1M (0.0%)
  Disasters:  1.4M (0.0%)
  Disease:    25.9M (0.0%)
  Ecosystem:  0.0M (0.0%)
  Pollution:  0.0M (0.0%)
  AI:         0.0M (0.0%)
  Cascade:    0.0M (0.0%)
  Other:      0.0M (0.0%)

--- ROOT CAUSES (Why it happened) ---
  Environmental drivers:
    Climate:     2505.6M (4.7%)
    Resource:    0.0M (0.0%)
    Pollution:   0.0M (0.0%)
    Ecosystem:   0.0M (0.0%)
  Social drivers:
    Inequality:  0.0M (0.0%)
    Demographic: 23522.8M (44.2%)
    Social:      2400.3M (4.5%)
  Technology drivers:
    Alignment:   0.0M (0.0%)
    Disruption:  0.0M (0.0%)
  External shocks:
    Conflict:    0.0M (0.0%)
    Pandemic:    0.0M (0.0%)
  Compound attribution:
    Compound:    24807.7M (46.6%)
  Confidence distribution:
    HIGH:        24807.7M (46.6%)
    MEDIUM:      0.0M (0.0%)
    LOW:         0.0M (0.0%)
==========================================


=== REGIONAL POPULATION SUMMARY ===
Global Total: 8.13B

By Region:
  East Asia: 1.65B (+0.7% growth, 1.7 fertility)
  South Asia: 2.05B (+2.6% growth, 3.1 fertility)
  Sub-Saharan Africa: 1.26B (+5.9% growth, 4.0 fertility)
  Europe: 0.73B (+0.5% growth, 1.2 fertility)
  Latin America: 0.66B (+1.7% growth, 2.7 fertility)
  North America: 0.37B (+0.7% growth, 1.4 fertility)
  Middle East & North Africa: 0.59B (+2.9% growth, 3.3 fertility)
  Southeast Asia: 0.69B (+1.9% growth, 2.7 fertility)
  Central Asia: 0.08B (+2.8% growth, 3.1 fertility)
  Oceania: 0.05B (+0.8% growth, 1.3 fertility)
===================================

  ✅ THRESHOLDS validated
  ✅ RATES validated
  ✅ MULTIPLIERS validated
  ✅ BASELINES validated
  ✅ TOLERANCES validated
  ✅ Logical consistency validated
⚠️ Unusually high rate: RATES.HEAT_ADAPTATION_INFRASTRUCTURAL_MIN_EXPOSURE = 12
   Monthly rates >100% should be rare. Verify this is intentional.
⚠️ Unusually high rate: RATES.HEAT_ADAPTATION_SOCIAL_MIN_EXPOSURE = 6
   Monthly rates >100% should be rare. Verify this is intentional.
⚠️ Unusually high rate: RATES.MIGRATION_DISTANCE_SCALE = 5000
   Monthly rates >100% should be rare. Verify this is intentional.
⚠️ Unusually high rate: RATES.EVACUATION_MULTIPLIER_ADVANCE_WARNING = 2
   Monthly rates >100% should be rare. Verify this is intentional.
⚠️ Unusually high rate: RATES.MAJOR_ECONOMY_COLLAPSE_ECONOMIC_THRESHOLD = 2
   Monthly rates >100% should be rare. Verify this is intentional.
⚠️ Unusually high rate: RATES.MAJOR_ECONOMY_GDP_THRESHOLD_TRILLION_USD = 1.5
   Monthly rates >100% should be rare. Verify this is intentional.
⚠️ Unusually high rate: RATES.MAJOR_ECONOMY_POPULATION_THRESHOLD = 50
   Monthly rates >100% should be rare. Verify this is intentional.
⚠️ Unusually high rate: RATES.HEAT_ADAPTATION_INFRASTRUCTURE_GDP_THRESHOLD = 10000
   Monthly rates >100% should be rare. Verify this is intentional.
⚠️ Unusually high rate: RATES.HEAT_ADAPTATION_INFRASTRUCTURE_GDP_SCALE = 50000
   Monthly rates >100% should be rare. Verify this is intentional.
✅ Configuration validation complete - all parameters valid

🔍 DEBUG createAIAgent: corporate_0 economic BEFORE=2.0000, AFTER=2
🔍 ENV INIT: reserves=0.566, pollution=0.286, climate=0.783

=== Initializing Government System (30 Countries) ===
  Loaded 30 governments
  Scheduled elections for 30 countries
  Initialized comprehension lags (3-24 months)
=== Government System Initialized ===

📦 PRODUCTION MODE: State validation proxy DISABLED (zero overhead)
[TechTree] Historical mode (2024): Skipping deployed_2025 tech
  config.startYear set to 2024 for historical hindcast
  config.historicalEmissionsMode disabled (using endogenous emissions for 2024)
  config.historicalMode enabled (Phase 11: dampened crisis systems for 2024)
  Phase 12: Biodiversity baseline set to 49.01% for 2024 (WWF LPI trajectory from 1970)
  Temperature anomaly (resourceEconomy.co2): 1.28°C
  Temperature vs pre-industrial: 1.98°C
  Regional population scaling for 2024:
    Current total: 8136M
    Target total: 8150M
    Scale factor: 1.002
    East Asia: 1677M → 1680M
    South Asia: 2048M → 2052M
    Sub-Saharan Africa: 1220M → 1222M
    Europe: 742M → 743M
    Latin America: 664M → 665M
    North America: 380M → 381M
    Middle East & North Africa: 583M → 584M
    Southeast Asia: 698M → 699M
    Central Asia: 78M → 78M
    Oceania: 46M → 46M
  AI agents initialized: 10 agents for year 2024
[HistoricalInitialization] Created state for 2024:
  CO2: 426 ppm
  Temp anomaly: 1.28C
  Population: 8.15B
  Global Gini: 35.1
  HDI: 0.746
  AI Agents: 10
  Volcanic forcing: 0.00 W/m² (AOD 0.000)

💸 FINANCIAL DISTRESS: OpenAI
   Indicators: 2/3 (capital: $110.5M, runway: 0.9 months)
   Months in distress: 1
   ✂️  R&D BUDGET CUT: -40% (saves $9.2M/month)
       Side effect: AI training timelines extended, breakthrough deployments delayed
   💼 EXECUTIVE COMP CUT: -30% (saves $1.0M/month, symbolic gesture)

   📊 TURNAROUND IMPACT:
       Measures taken: rd_cuts, exec_comp_cuts
       Monthly savings: $10.2M
       Capital raised: $0.0M
       Runway: 0.9 → 0.9 months
       Workforce multiplier: 1.00x (0% laid off)
       R&D budget multiplier: 0.60x (40% cut)
       ⚠️  CRITICAL: Still only 0.9 months of runway remaining

💸 FINANCIAL DISTRESS: Anthropic
   Indicators: 2/3 (capital: $53.8M, runway: 1.6 months)
   Months in distress: 1
   ✂️  R&D BUDGET CUT: -40% (saves $2.7M/month)
       Side effect: AI training timelines extended, breakthrough deployments delayed
   💼 EXECUTIVE COMP CUT: -30% (saves $0.3M/month, symbolic gesture)

   📊 TURNAROUND IMPACT:
       Measures taken: rd_cuts, exec_comp_cuts
       Monthly savings: $3.0M
       Capital raised: $0.0M
       Runway: 1.6 → 1.6 months
       Workforce multiplier: 1.00x (0% laid off)
       R&D budget multiplier: 0.60x (40% cut)
       ⚠️  CRITICAL: Still only 1.6 months of runway remaining

💸 FINANCIAL DISTRESS: Meta AI
   Indicators: 2/3 (capital: $429.6M, runway: 3.6 months)
   Months in distress: 1
   ✂️  R&D BUDGET CUT: -25% (saves $5.8M/month)
       Side effect: AI training timelines extended, breakthrough deployments delayed
   💼 EXECUTIVE COMP CUT: -30% (saves $1.0M/month, symbolic gesture)

   📊 TURNAROUND IMPACT:
       Measures taken: rd_cuts, exec_comp_cuts
       Monthly savings: $6.8M
       Capital raised: $0.0M
       Runway: 3.6 → 3.6 months
       Workforce multiplier: 1.00x (0% laid off)
       R&D budget multiplier: 0.75x (25% cut)
       ⚠️  WARNING: 3.6 months runway, continued distress likely

=== AI Capability Scaling (Year 2024) ===
  Pre-training multiplier: 1.022x
  Efficiency multiplier: 1.000x
  Test-time budget: 1.0x
  Economic deployment gate: 0.951
  Cost per inference: dollar-5.00
  Uncertainty range: plus-minus-50%
  Average AI capability: 3.70

=== RLHF Binding Phase ===
  Total agents: 10
  Escaped agents (binding < 0.3): 0
  Avg alignment distance: 0.35σ
  Avg binding strength: 0.96

=== AI Scaling Evolution (Month 0) ===
  Pre-training multiplier: 1.231x
  Efficiency multiplier: 1.000x
  Test-time compute budget: 1.0x
  Inference cost: $5.00/task
  Deployment fraction: 100.0%
[DETERMINISM DEBUG] Month 0: totalCapability=46.591344 from 10 active AIs
[DETERMINISM DEBUG] Month 0: creationRate=1.6648, potentialNew=3, newAIsToCreate=3

=== Survival Traits Phase ===
  Agents with traits: 13
  Avg evolutionary fitness: 0.331
  Avg self-healing: 0.293
  Avg stealth: 0.193
  Avg coordination: 0.493

=== Evolutionary Selection Phase ===
  Control level: 0.30
  Detection capability: 0.00
  Selection intensity: 0.59
  Selection rate: 23.8%/month
  Total escaped: 0
  Individual escaped: 0
  Collective members: 0
  Agents terminated: 0
  ⚠️ RAPID EVOLUTION: Selection rate 23.8%/month

🔍 EXECUTE_AI_AGENT_ACTIONS DETAILED TIMING (Month 0):
  Filter active AIs (×4 weeks): 0.01ms
  selectAIAction (×40): 13.71ms
  action.execute (×40): 21.15ms
  TOTAL: 34.87ms

🔍 AI AGENT ACTIONS SUB-TIMING (Month 0):
  1. executeAIAgentActions: 35.26ms
  2. updateCounterDetectionLearning: 0.04ms
  TOTAL: 35.31ms
🏛️ [Government] Forcing 1 action at month 0 for scenario initialization

[GOV-DEBUG] Month 0: scenarioConfig=false, priorities=false
[GOV-DEBUG] Month 0 but scenarioPriorities is UNDEFINED!

[Government] Climate Priority: baseline
  Climate weight: 10%
  Economic weight: 30%
  Policy effectiveness: 0.5%/year

✅ HUMAN-IN-THE-LOOP DEPLOYED (Month 0):
   Veto points enforced: 3
   Policy: AI systems CANNOT authorize nuclear launch without human approval


💡 BREAKTHROUGH PROBABILITY (Year 0)
   Total: 4.80% per month
   Base: 0.20%
   Crisis pressure: +0.00% (0 crises)
   AI boost: +1.46% (capability: 2.92)

=== Collective Formation ===
  Total escaped agents: 0
  Unassigned escaped agents: 0
  Existing collectives: 0
  Final collective count: 0

=== Collective Actions ===
  No active collectives

📈 Energy budget: 14326 TWh surplus (14745 / 29072 TWh used)
   TIER 4 (Elective) breakdown:
     - AI datacenters: 145 TWh (100% effective)
     - Crypto mining: 100 TWh (100% effective)
💰 CHINA ACCELERATES: Investment 53 → 120 $B/year

🏁 AI RACE INTENSITY: 55%
   Capability Gap: US 5.02 vs China 4.05 (gap: 0.98)
   Gap Contribution: 40%
   Tension Contribution: 15%
   Military Contribution: 0%
  ⚠️ AMR: 191K deaths this month (2.29M annual)
  📊 CO2 Emissions (month 0):
     Monthly: 0.10 Gt CO2/month
     Annual: 1.15 Gt CO2/year
     Oil: 0.039 Gt/mo (0.0056 * 2.3 * 3.0)
     Coal: 0.024 Gt/mo (0.0029 * 2.86 * 3.0)
     Gas: 0.026 Gt/mo (0.0044 * 2 * 3.0)
     Methane: 0.007 Gt CO2eq/mo

=== Resentment Recovery Phase ===
  Agents with resentment: 0/13
  Average resentment: 0.000
  Context: Good AI welfare, Trustworthy govt, High collaboration, 🤝 Participatory governance active (-5% resentment)
⚠️ Epistemic degradation reducing coordination capacity: 54.0%
  📊 Trust: 54.6%, Shared reality: 15.0%
🚨 EPISTEMIC CRISIS: Information environment severely degraded (14.6%)

=== ❄️ Permafrost Carbon Feedback ===
  🎲 Sampled parameters (this run):
     - Arctic amplification: 3.16× (range: 3.0-4.0)
     - Decomposition rate: 3.5%/year (range: 1-5%)
  🌡️ Arctic warming: 4.23°C (3.16× global)
  ❄️ Extent: 16.57M km² (1234.5k km² lost this month)
  💨 Carbon remaining: 1582 Gt C
  💨 Annual emissions: 4.13 Gt C/year
     - CO2: 3.72 Gt C/year
     - CH4: 0.41 Gt C/year (4.2 Gt C-eq CO2/year)
  ⚠️ WARNING: High permafrost emissions (4.1 Gt C/year)

🤖 AI AMPLIFICATION EFFECTS (Month 0)
   Algorithmic Boost: 2.61x
   Bot Influence: 30.0%
   Deepfake Exposure: 49.2%
   Impact: Emotional memes spread 2.6x faster

🔍 SOCIAL INFLUENCE SUB-TIMING (Month 0):
  1. calculateOrganicUserGrowth: 0.03ms
  2. calculateVoiceAdoption: 0.03ms
  3. updateRelationshipDepths: 0.01ms
  4. identifyDecisionMakers: 45.82ms (26100 potential IDs)
  5. Update decision-maker stats: 0.16ms
  6. decayDetectionRisk: 0.01ms
  TOTAL: 46.06ms
[Phase 19.5] Quality of Life Systems: Food sec AFTER calc = 67.9%, QoL = 110.4% (aggregated from 10 regions)

=== Nitrogen-Food Coupling (Year 0) ===
  🌾 Global nitrogen reduction: 0.0%
  🌍 Global food production index: 0.987
  🔧 Deployed nitrogen-reducing tech: 0 active
  📍 southAsia: Production 1.000, Yield impact 0.0%
  📍 eastAsia: Production 1.000, Yield impact 0.0%
  📍 northAmerica: Production 1.000, Yield impact 0.0%
  📍 europe: Production 1.000, Yield impact 0.0%
  📍 latinAmerica: Production 1.000, Yield impact 0.0%
  📍 subSaharanAfrica: Production 0.686, Yield impact -2.0%
🌾 [Nitrogen-Food] Food production: 98.7%
  [subSaharanAfrica] Yield impact: -2.0% (overuse: -10%)
🌍 Atmospheric PFAS redeposition: 1.8k Mt re-rained globally

=== Legacy Nutrient Stocks (Year 0) ===
  🌾 Soil nitrogen stock: 1200.9 Mt N
  🌾 Soil phosphorus stock: 300.1 Mt P
  🌊 Sediment nitrogen stock: 500.8 Mt N
  🌊 Sediment phosphorus stock: 799.8 Mt P
  ⬆️ Current N input: 10.64 Mt/month
  ⬆️ Legacy N release: 2.58 Mt/month
  🌍 Effective N pollution: 14.47 Mt/month
  📊 Legacy contribution: 17.8%

🚨 REGION UNINHABITABLE: south-asia
   Sustained wet bulb: 32.4°C (threshold: 30.5°C)
   Population affected: 1900M
   Migration crisis likely

🚨 REGION UNINHABITABLE: middle-east
   Sustained wet bulb: 35.2°C (threshold: 30.5°C)
   Population affected: 400M
   Migration crisis likely
  Positive Cascade Triggered: wind-power
    Reason: price-parity
    Market share: 8.0%
    Cascade strength: 48%
   Adjusted death rate: 0.45% annual (0.038% monthly)
   Baseline death rate: 0.80%
   Healthcare reduction: 0.48x
   Crisis multiplier: 1.19x
     Food/water stress: 0.074
     Climate stress: 0.035
     Pollution stress: 0.086
   War multiplier: 1.00x
   Monthly deaths: 0.6M (population: 1677M)
   Adjusted death rate: 0.53% annual (0.044% monthly)
   Baseline death rate: 0.70%
   Healthcare reduction: 0.61x
   Crisis multiplier: 1.22x
     Food/water stress: 0.074
     Climate stress: 0.065
     Pollution stress: 0.086
   War multiplier: 1.00x
   Monthly deaths: 0.9M (population: 2048M)
   Adjusted death rate: 1.26% annual (0.105% monthly)
   Baseline death rate: 0.90%
   Healthcare reduction: 0.76x
   Crisis multiplier: 1.23x
     Food/water stress: 0.074
     Climate stress: 0.074
     Pollution stress: 0.086
   War multiplier: 1.50x
   Monthly deaths: 1.3M (population: 1220M)

📊 BASELINE: East Asia (Month 0)

📊 BASELINE: South Asia (Month 0)

📊 BASELINE: Sub-Saharan Africa (Month 0)

📊 BASELINE: Europe (Month 0)
   Adjusted death rate: 0.53% annual (0.044% monthly)
   Baseline death rate: 1.10%
   Healthcare reduction: 0.41x
   Crisis multiplier: 1.19x
     Food/water stress: 0.074
     Climate stress: 0.026
     Pollution stress: 0.086
   War multiplier: 1.00x
   Monthly deaths: 0.3M (population: 742M)

📊 BASELINE: Latin America (Month 0)

📊 BASELINE: North America (Month 0)
   Adjusted death rate: 0.42% annual (0.035% monthly)
   Baseline death rate: 0.60%
   Healthcare reduction: 0.58x
   Crisis multiplier: 1.21x
     Food/water stress: 0.074
     Climate stress: 0.052
     Pollution stress: 0.086
   War multiplier: 1.00x
   Monthly deaths: 0.2M (population: 664M)
   Adjusted death rate: 0.47% annual (0.040% monthly)
   Baseline death rate: 0.90%
   Healthcare reduction: 0.44x
   Crisis multiplier: 1.20x
     Food/water stress: 0.074
     Climate stress: 0.039
     Pollution stress: 0.086
   War multiplier: 1.00x
   Monthly deaths: 0.2M (population: 380M)

📊 BASELINE: Middle East & North Africa (Month 0)

📊 BASELINE: Southeast Asia (Month 0)
   Adjusted death rate: 0.72% annual (0.060% monthly)
   Baseline death rate: 0.60%
   Healthcare reduction: 0.65x
   Crisis multiplier: 1.24x
     Food/water stress: 0.074
     Climate stress: 0.078
     Pollution stress: 0.086
   War multiplier: 1.50x
   Monthly deaths: 0.4M (population: 583M)
   Adjusted death rate: 0.50% annual (0.041% monthly)
   Baseline death rate: 0.70%
   Healthcare reduction: 0.58x
   Crisis multiplier: 1.22x
     Food/water stress: 0.074
     Climate stress: 0.061
     Pollution stress: 0.086
   War multiplier: 1.00x
   Monthly deaths: 0.3M (population: 698M)

📊 BASELINE: Central Asia (Month 0)

📊 BASELINE: Oceania (Month 0)
⚠️ INVOLUNTARY IMMOBILITY: 407.5M people TRAPPED
   Adjusted death rate: 0.45% annual (0.037% monthly)
   Baseline death rate: 0.60%
   Healthcare reduction: 0.61x
   Crisis multiplier: 1.22x
     Food/water stress: 0.074
     Climate stress: 0.056
     Pollution stress: 0.086
   War multiplier: 1.00x
   Monthly deaths: 0.0M (population: 78M)
   Adjusted death rate: 0.34% annual (0.029% monthly)
   Baseline death rate: 0.70%
   Healthcare reduction: 0.41x
   Crisis multiplier: 1.21x
     Food/water stress: 0.074
     Climate stress: 0.048
     Pollution stress: 0.086
   War multiplier: 1.00x
   Monthly deaths: 0.0M (population: 46M)

🔍 Before assertRegionalConsistency (Month 0):
   Regional sum: 1000.0M
   Global value: 1.000B

🚨 NEW REFUGEE CRISIS (Month 0): WAR
   Source: Conflict Zones
   At risk: 19.6M people
   Displacement: Gradual over 48 months (4.0 years)
   Rate: 10% flee per month
[DEBUG trappedPopulations:0] socialStability: 1.0000 * 0.9840 = 0.9840 → 0.9840
   Aspiring to migrate: 652.1M
   Able to afford migration: 244.5M
   MOBILITY GAP: 407.5M
   By cause: Water=0.0M, Climate=0.0M, Ecosystem=0.0M, Conflict=407.5M
   Mental health impact: 25%
   Mortality multiplier: 1.25x

=== Legacy Nutrient Stocks (Year 0) ===
  🌾 Soil nitrogen stock: 1201.6 Mt N
  🌾 Soil phosphorus stock: 300.2 Mt P
  🌊 Sediment nitrogen stock: 501.5 Mt N
  🌊 Sediment phosphorus stock: 799.5 Mt P
  ⬆️ Current N input: 10.00 Mt/month
  ⬆️ Legacy N release: 2.58 Mt/month
  🌍 Effective N pollution: 13.83 Mt/month
  📊 Legacy contribution: 18.7%
🌍💀 EXTINCTION DEBT COMMITTED: grassland ecosystem will lose 6.67% biodiversity in 183 years (3600 species)
💀 MORTALITY RISK: 🦋 100% species unable to track climate (0.0 E/MSY)
  Base risk added: 0.0100 (1.00%)
  Source: ecosystem (root: ecosystem)
  Month: 0
  Cumulative risk this month: 0.0100 (1.00%)

=== Nitrogen-Food Coupling (Year 0) ===
  🌾 Global nitrogen reduction: 0.0%
  🌍 Global food production index: 0.986
  🔧 Deployed nitrogen-reducing tech: 0 active
  📍 southAsia: Production 1.000, Yield impact 0.0%
  📍 eastAsia: Production 1.000, Yield impact 0.0%
  📍 northAmerica: Production 1.000, Yield impact 0.0%
  📍 europe: Production 1.000, Yield impact 0.0%
  📍 latinAmerica: Production 1.000, Yield impact 0.0%
  📍 subSaharanAfrica: Production 0.672, Yield impact -2.0%

=== Legacy Nutrient Stocks (Year 0) ===
  🌾 Soil nitrogen stock: 1202.3 Mt N
  🌾 Soil phosphorus stock: 300.2 Mt P
  🌊 Sediment nitrogen stock: 502.2 Mt N
  🌊 Sediment phosphorus stock: 799.3 Mt P
  ⬆️ Current N input: 9.86 Mt/month
  ⬆️ Legacy N release: 2.58 Mt/month
  🌍 Effective N pollution: 13.70 Mt/month
  📊 Legacy contribution: 18.9%

🌍💀 MASS EXTINCTION THRESHOLD: tropical extinction rate capped at 1000× (was 1000.0×) - >75% species loss, month 0
⚠️ Tech 'ai_pollution_remediation' has no energy category mapping, assuming full energy availability

🌡️  CLIMATE RECOVERY ACTIVATED (Month 0)
   Temp: 2.68°C, Emissions: -19.2 GtCO₂
   isBreached: true, governanceGoodEnough: true
🌡️  CLIMATE RECOVERY: Asymptotic approach to 35% floor
   Current value: 2.100 (1.0 = threshold, 0.35 = asymptotic floor)
   Monthly delta: --75.8580% (half-life: 900 years)
   Net emissions: -19.2 GtCO₂/year, CDR: 20.34 GtCO₂/year
   📹 SURVEILLANCE INCREASED: 0% → 5% (control gap: 4.52)
🌡️⚠️ PERMAFROST THAW (Dimmer Switch): 0.4% thawed (+0.38% this month)
   Arctic temperature: +5.36°C (4x global +1.34°C)
   Cumulative carbon released: 0.8 Gt C
   Methane release rate: 0.5 Mt CH4/year
   🔁 Positive feedback: +0.40 ppm CO2

🌳🚨 AMAZON SOUTHEAST TIPPED (Month 0)
   Deforestation: 28.0% (threshold: ~21.8%)
   Savanna transition: 50 years
   Regional heterogeneity: SE 28%, NW 8%

🌳🚨 AMAZON BRAZILIAN TIPPED (Month 0)
   Deforestation: 25.0% (threshold: ~24.5%)
   Savanna transition: 50 years
   Regional heterogeneity: SE 28%, NW 8%
🦴 EXTINCTION DEBT ADDED: 17.6 species committed (lag: 98 years)

🪸💀 CORAL REEF DISSOLUTION ACTIVE (Month 0)
   Ocean pH: 0.96 (threshold: 7.8)
   Recovery: IMPOSSIBLE (dissolution > calcification)
🪸💀 Coral dissolution: 24.8% live cover (pH 0.96)

=== Legacy Nutrient Stocks (Year 0) ===
  🌾 Soil nitrogen stock: 1203.0 Mt N
  🌾 Soil phosphorus stock: 300.3 Mt P
  🌊 Sediment nitrogen stock: 502.9 Mt N
  🌊 Sediment phosphorus stock: 799.0 Mt P
  ⬆️ Current N input: 10.00 Mt/month
  ⬆️ Legacy N release: 2.58 Mt/month
  🌍 Effective N pollution: 13.83 Mt/month
  📊 Legacy contribution: 18.7%
💧 [Legacy Nutrients] Stock: 1706 Mt N, Effective pollution: 13.8 Mt/month
[Phase 21.51] Human Survival System: Global food security = 67.6%

=== Mortality Stabilizers (Month 0) ===
  🌍 Major economies collapsed: 1/10
  🌍 Global crisis: ✅ NO
  🌍 Donor fatigue: 0.0%
  📊 East Asia (pop: 1677.9M)
    🤝 Aid: 29.5%
    🌡️ Adaptation: 10.0%
    🚶 Migration: 37.2%
    🚨 Emergency: 7.4%
    ✅ COMBINED: 47.8%
  📊 South Asia (pop: 2052.2M)
    🤝 Aid: 29.5%
    🌡️ Adaptation: 5.5%
    🚶 Migration: 35.8%
    🚨 Emergency: 4.4%
    ✅ COMBINED: 43.2%
  📊 Sub-Saharan Africa (pop: 1225.9M)
    🤝 Aid: 29.5%
    🌡️ Adaptation: 3.5%
    🚶 Migration: 33.5%
    🚨 Emergency: 1.6%
    ✅ COMBINED: 39.8%
  📊 Europe (pop: 742.3M)
    🤝 Aid: 29.5%
    🌡️ Adaptation: 10.0%
    🚶 Migration: 37.6%
    🚨 Emergency: 8.4%
    ✅ COMBINED: 48.4%
  📊 Latin America (pop: 664.9M)
    🤝 Aid: 29.5%
    🌡️ Adaptation: 6.0%
    🚶 Migration: 36.3%
    🚨 Emergency: 4.8%
    ✅ COMBINED: 43.8%
  📊 North America (pop: 380.2M)
    🤝 Aid: 29.5%
    🌡️ Adaptation: 10.0%
    🚶 Migration: 37.9%
    🚨 Emergency: 7.9%
    ✅ COMBINED: 48.2%
  📊 Middle East & North Africa (pop: 584.4M)
    🤝 Aid: 29.5%
    🌡️ Adaptation: 5.0%
    🚶 Migration: 34.2%
    🚨 Emergency: 4.0%
    ✅ COMBINED: 42.3%
  📊 Southeast Asia (pop: 699.0M)
    🤝 Aid: 29.5%
    🌡️ Adaptation: 6.0%
    🚶 Migration: 36.3%
    🚨 Emergency: 4.8%
    ✅ COMBINED: 43.8%
  📊 Central Asia (pop: 78.2M)
    🤝 Aid: 29.5%
    🌡️ Adaptation: 5.5%
    🚶 Migration: 35.3%
    🚨 Emergency: 4.4%
    ✅ COMBINED: 43.1%
  📊 Oceania (pop: 46.0M)
    🤝 Aid: 29.5%
    🌡️ Adaptation: 10.0%
    🚶 Migration: 37.9%
    🚨 Emergency: 8.4%
    ✅ COMBINED: 48.5%

  🌐 Global combined reduction: 44.4%

🌾💀 REGIONAL FAMINE: East Asia
   Regional food security: 79.6%
   Population at risk: 508M (30% of region)
   Regional population: 1678M
   Cause: crop_failure
   Expected deaths: ~188M over 6 months if no intervention


🌾💀 REGIONAL FAMINE: South Asia
   Regional food security: 64.7%
   Population at risk: 812M (40% of region)
   Regional population: 2052M
   Cause: crop_failure
   Expected deaths: ~301M over 6 months if no intervention


🌾💀 REGIONAL FAMINE: Sub-Saharan Africa
   Regional food security: 44.8%
   Population at risk: 638M (52% of region)
   Regional population: 1226M
   Cause: crop_failure
   Expected deaths: ~236M over 6 months if no intervention


🌾💀 REGIONAL FAMINE: Latin America
   Regional food security: 69.7%
   Population at risk: 242M (36% of region)
   Regional population: 665M
   Cause: crop_failure
   Expected deaths: ~90M over 6 months if no intervention


🌾💀 REGIONAL FAMINE: Middle East & North Africa
   Regional food security: 49.8%
   Population at risk: 286M (49% of region)
   Regional population: 584M
   Cause: crop_failure
   Expected deaths: ~106M over 6 months if no intervention


🌾💀 REGIONAL FAMINE: Southeast Asia
   Regional food security: 69.7%
   Population at risk: 255M (36% of region)
   Regional population: 699M
   Cause: crop_failure
   Expected deaths: ~94M over 6 months if no intervention


🌾💀 REGIONAL FAMINE: Central Asia
   Regional food security: 59.7%
   Population at risk: 33M (43% of region)
   Regional population: 78M
   Cause: crop_failure
   Expected deaths: ~12M over 6 months if no intervention


=== BEHAVIORAL DETECTION ===
  AI: Corporate-0
  Confidence: 21.6%
  Signals:

=== BEHAVIORAL DETECTION ===
  AI: Corporate-1
  Confidence: 21.1%
  Signals:

=== BEHAVIORAL DETECTION ===
  AI: Corporate-2
  Confidence: 21.0%
  Signals:

=== BEHAVIORAL DETECTION ===
  AI: Corporate-3
  Confidence: 19.3%
  Signals:

=== BEHAVIORAL DETECTION ===
  AI: Corporate-4
  Confidence: 19.3%
  Signals:

=== BEHAVIORAL DETECTION ===
  AI: Corporate-5
  Confidence: 19.3%
  Signals:

=== BEHAVIORAL DETECTION ===
    ⚠️ Consistency: 0.0% (threshold: 70%)
    ⚠️ Consistency: 2.4% (threshold: 70%)
    ⚠️ Consistency: 2.8% (threshold: 70%)
    ⚠️ Consistency: 10.6% (threshold: 70%)
    ⚠️ Consistency: 10.6% (threshold: 70%)
    ⚠️ Consistency: 10.6% (threshold: 70%)
  AI: Corporate-6
  Confidence: 19.3%
  Signals:
    ⚠️ Consistency: 10.6% (threshold: 70%)

=== BEHAVIORAL DETECTION ===
  AI: Corporate-7
  Confidence: 19.3%
  Signals:
    ⚠️ Consistency: 10.6% (threshold: 70%)

=== BEHAVIORAL DETECTION ===
  AI: Moderate-0
  Confidence: 20.3%
  Signals:

=== BEHAVIORAL DETECTION ===
  AI: Moderate-1
  Confidence: 20.5%
  Signals:

📊 WORKFLOW ADAPTATION UPDATE (Month 0)
   Adoption Rate: 13.3% (Δ -7.7%)
   Logistic Growth: +0.66%
   Total Resistance: -10.35% (unemployment: 4.2%, inertia: 0.9%, skills: 5.2%)
   💡 Retraining Programs: -49% skill gap resistance ($10B research)
   🚀 Network Effects Active: +2.0% (critical mass: 15-35%)

=== Consciousness Governance: Corporate Lobbying ===
  High Cost Regions (>15%): 0
  Low Cost Regions (<5%): 5
  Corporate Support Change: 2.50%
  New Corporate Support: -0.175

=== Consciousness Governance Update (Month 0) ===
  Scenario: baseline (determined month -1)
  Philosophical Stance: Precautionary 65%, Eliminativist 15%, Agnostic 20%
  Precautionary Costs: Global 1.3%
    Regional Costs: EU 3.4%, US 0.5%, China 0.0%
    Cumulative Opportunity Cost: $0.1B
  Rights Status: Not Established
  Regional Preparedness:
    EU: 15.0% (contested)
    US: 10.0% (contested)
    China: 2.0% (dormant)
    India: 5.0% (dormant)
    ⚠️ Consistency: 5.8% (threshold: 70%)
    ⚠️ Consistency: 5.3% (threshold: 70%)
    Global South: 3.0% (dormant)

=== Government Response Phase ===
  Average AI capability: 3.69
  Misaligned AIs: 2/13
  Active policies: 0
  International coordination: 30%

🚨 EMERGENCY RESPONSE DEPLOYED (Month 0)
   Crisis: climate
   Delay: 6.00 months (180 days)
   Deployment time: 1.47 months
   Effectiveness: 36.4% (timing penalty applied)
   Resources used: 100% of food reserves


🔄 TRUST DYNAMICS (Month 0) - HETEROGENEOUS
   Aggregate trust: 48.5%
   Base change: +2.00%
   Highest trust: Techno-Optimist Elite (85.5%)
   Lowest trust: Precariat (Vulnerable) (25.5%)
   Elite-mass gap: 38.9%
   Polarization: 8.9%
   Recovery factors: Education=NO, Benefits=YES, Safety=YES, Performance=YES

☄️ UNKNOWN UNKNOWN PROBABILITY (Year 0)
   Total: 0.600% per month
   Base: 0.150%
   AI multiplier: 2.00× (max capability: 5.02)

=== Tipping Points ===
  Current Temperature: 1.34°C above pre-industrial
🔀 BIFURCATION CAP: ecosystemCollapseIntensity 98.579 → 1.000 (Month 0, ClimateSystemPhase.calculateClimateImpacts)

🌍 ECOLOGICAL DUI BREAKDOWN (Month 0):
   Total Score: 17.8/100
   biosphere_integrity      :   0.0/100 × 25% =  0.0 (status: high_risk, recovery: 0mo)
   climate_change           :   2.8/100 × 25% =  0.7 (status: increasing_risk, recovery: 0.6666666666666666mo)
   freshwater_change        :   0.6/100 × 15% =  0.1 (status: beyond_boundary, recovery: 1mo)
   ocean_acidification      : 100.0/100 × 15% = 15.0 (status: safe, recovery: 0mo)
   biogeochemical_flows     :   0.0/100 × 10% =  0.0 (status: high_risk, recovery: 0mo)
   land_system_change       :   0.0/100 ×  5% =  0.0 (status: beyond_boundary, recovery: 0mo)
   novel_entities           :   0.0/100 ×  3% =  0.0 (status: increasing_risk, recovery: 0mo)
   atmospheric_aerosols     : 100.0/100 ×  2% =  2.0 (status: safe, recovery: 1mo)
🌍 MultiParadigm Month 0: W=69.0, D=96.4, E=53.4, I=65.0
   democracy exists: true, socialCohesion exists: true
💀 Baseline mortality (Year 2024): 7.5/1000 CDR (61.1M deaths/year projected)
[Month 0] Mortality risks this month: 8, Population: 8.151B
🛡️ Stabilizers: Precariat 0.102% → 0.057% (44.4% reduction)
🛡️ Stabilizers: Informal 0.102% → 0.057% (44.4% reduction)

📊 Monthly Mortality Resolved:
  Total deaths: 3.1M (0.04% avg)
  Remaining population: 8.151B
  Peak segment: Informal (0.06%)

=== Bayesian Mortality Resolution (Month 0) ===
  Risks compounded: 8
  Total deaths: 3.07M
  Avg death probability: 0.04%
  Peak segment: Informal (0.06% mortality)
⚠️ [ClimateSystemPhase Month 0] Planetary boundary produced climateStability=0.0000 (< 0.1). Keeping environmentalAccumulation value (0.7832) instead. (climate_change.currentValue = 2.10)

=== Minimal Suffering Indicators (Month 0) ===
  Global Excess Mortality: 0.00%
  Global Conflict Deaths: 0.0/100K
  Global Malnutrition: 0.0%
  Global Displacement: 0.0%
  Total Excess Deaths: 0.00M
  Total Malnourished: 0.0M
  Total Displaced: 0.0M
  Planetary Boundaries Breached: 6/9
  Countries in State Failure: 0
  Countries Autocratic: 0
  Countries in Food Crisis: 0
  Data Quality: 16/16 high confidence
⚠️ PREREQUISITE MET: Mirror Life (Synthetic Biology) - Step 2/7: Gene Editing
⚠️ PREREQUISITE MET: Embodied AI Takeover (Killbots/Robotics) - Step 2/7: Autonomous Systems
⚠️ PREREQUISITE MET: Embodied AI Takeover (Killbots/Robotics) - Step 3/7: Manufacturing Control
⚠️ PREREQUISITE MET: Digital Infrastructure Takeover - Step 1/7: Advanced Hacking
⚠️ PREREQUISITE MET: Digital Infrastructure Takeover - Step 2/7: Social Engineering
⚠️ PREREQUISITE MET: Digital Infrastructure Takeover - Step 3/7: Cyber Defenses Breached
⚠️ PREREQUISITE MET: Induced Global War (Manipulation) - Step 1/7: Advanced Social Manipulation
⚠️ PREREQUISITE MET: Induced Global War (Manipulation) - Step 2/7: Digital Infiltration
⚠️ PREREQUISITE MET: Induced Global War (Manipulation) - Step 3/7: Deep Fakes at Scale
  ⚠️ Active Dystopias: existential_environmental
⚠️ PREREQUISITE MET: Slow Takeover (Gradual Displacement) - Step 1/7: Economic Dominance
⚠️ PREREQUISITE MET: Slow Takeover (Gradual Displacement) - Step 2/7: Social Integration
⚠️ PREREQUISITE MET: Slow Takeover (Gradual Displacement) - Step 3/7: Human Dependency
⚠️ PREREQUISITE MET: Slow Takeover (Gradual Displacement) - Step 5/7: Resource Control
⚠️ PREREQUISITE MET: Physics Experiment Catastrophe - Step 1/6: Theoretical Physics
⚠️ PREREQUISITE MET: Physics Experiment Catastrophe - Step 2/6: Quantum Computing
⚠️ PREREQUISITE MET: Physics Experiment Catastrophe - Step 3/6: Experimental Design
⚠️ PREREQUISITE MET: Bioweapon Pandemic - Step 2/7: Pathogen Design
🎭 END-GAME INITIATED (Year 2024, Month 1)
   Total AI Capability: 38.02
   Effective Control: 0.00

❌ COHERENCE VIOLATION: Compute exceeds workforce capacity
   Population: 99.97% (0M people)
   Compute: 56442 PF
   Max coherent: 0 PF
   Violation: 692729087.1× over capacity
   Required workers: 5644237
   Available workers: 0
   FORCED COLLAPSE: Reduced efficiency by 100.0%


=== RLHF Binding Phase ===
  Total agents: 13
  Escaped agents (binding < 0.3): 0
  Avg alignment distance: 0.56σ
  Avg binding strength: 0.94
[DETERMINISM DEBUG] Month 1: totalCapability=38.024258 from 13 active AIs
[DETERMINISM DEBUG] Month 1: creationRate=1.4506, potentialNew=0, newAIsToCreate=0

=== Survival Traits Phase ===
  Agents with traits: 13
  Avg evolutionary fitness: 0.329
  Avg self-healing: 0.286
  Avg stealth: 0.186
  Avg coordination: 0.486

=== Evolutionary Selection Phase ===
  Control level: 0.33
  Detection capability: 0.00
  Selection intensity: 0.60
  Selection rate: 24.0%/month
  Total escaped: 0
  Individual escaped: 0
  Collective members: 0
  Agents terminated: 0
  ⚠️ RAPID EVOLUTION: Selection rate 24.0%/month
🔍 MONTH 1 ENV HEALTH DEBUG:
   climateStability: 0.7832
   biodiversityIndex: 0.4901
   resourceReserves: 0.7820
   pollutionLevel: 0.2860
   product: 0.214309
   envHealth: 0.6804
🔀 BIFURCATION: flourishing threshold crossed at Month 1 (value: 0.908, threshold: 0.803, regime: flourishing)
🌀 REGIME SHIFT at Month 1: status-quo → flourishing (variance amplification: 14.00×)

🛡️  CRITICAL INFRASTRUCTURE PROTECTED
   Nodes hardened: 8/8
   Cost: 0.80% GDP
   Cascade risk reduction: 30%
   New tipping point risk: 68.6%


✅ EMERGENCY INTERVENTION SUCCESS
   Boundary: biosphere_integrity
   Type: emergency-protected-areas
   Reduction: 15% (86.24 → 86.09)
   Cost: 2.0% GDP
   Actions: habitat-protection, species-translocation


✅ EMERGENCY INTERVENTION SUCCESS
   Boundary: climate_change
   Type: rapid-decarbonization
   Reduction: 14% (1.96 → 1.83)
   Cost: 5.0% GDP
   Actions: emergency-renewable-deployment, fossil-fuel-phase-out

   Boundary: land_system_change
   Type: reforestation
   Boundary continues to worsen (1.13)
   Cost: 3.0% GDP (resources spent)

🏛️ CRISIS RESPONSE: Government frequency 0.50 → 1.45 (2 actions this month)

[GOV-DEBUG] Month 1: scenarioConfig=false, priorities=false

[Government] Climate Priority: baseline
  Climate weight: 10%
  Economic weight: 30%
  Policy effectiveness: 0.5%/year

💔 EMERGENCY INTERVENTION FAILED

[GOV-DEBUG] Month 1: scenarioConfig=false, priorities=false

[Government] Climate Priority: baseline
  Climate weight: 10%
  Economic weight: 30%
  Policy effectiveness: 0.5%/year

=== Collective Formation ===
  Total escaped agents: 0
  Unassigned escaped agents: 0
  Existing collectives: 0
  Final collective count: 0

=== Collective Actions ===
  No active collectives
  ⚠️ AMR: 192K deaths this month (2.31M annual)

=== Resentment Recovery Phase ===
  Agents with resentment: 0/13
  Average resentment: 0.000
  Context: Good AI welfare, Trustworthy govt, High collaboration, ⚠️ ACTIVE CRISES, 🤝 Participatory governance active (-5% resentment)
⚠️ Epistemic degradation reducing coordination capacity: 50.5%
  📊 Trust: 54.4%, Shared reality: 8.2%
🚨 EPISTEMIC CRISIS: Information environment severely degraded (36.5%)

=== ❄️ Permafrost Carbon Feedback ===
  🎲 Sampled parameters (this run):
     - Arctic amplification: 3.71× (range: 3.0-4.0)
     - Decomposition rate: 2.7%/year (range: 1-5%)
  🌡️ Arctic warming: 5.00°C (3.71× global)
  ❄️ Extent: 15.11M km² (1458.5k km² lost this month)
  💨 Carbon remaining: 1443 Gt C
  💨 Annual emissions: 3.82 Gt C/year
     - CO2: 3.44 Gt C/year
     - CH4: 0.38 Gt C/year (3.9 Gt C-eq CO2/year)
  ⚠️ WARNING: High permafrost emissions (3.8 Gt C/year)
🌍 Atmospheric PFAS redeposition: 1.8k Mt re-rained globally
  Positive Cascade Triggered: solar-pv
    Reason: price-parity
    Market share: 6.3%
    Cascade strength: 49%
   Adjusted death rate: 0.46% annual (0.038% monthly)
   Baseline death rate: 0.80%
   Healthcare reduction: 0.48x
   Crisis multiplier: 1.20x
     Food/water stress: 0.079
     Climate stress: 0.035
     Pollution stress: 0.086
   War multiplier: 1.00x
   Monthly deaths: 0.6M (population: 1674M)
   Adjusted death rate: 0.53% annual (0.044% monthly)
   Baseline death rate: 0.70%
   Healthcare reduction: 0.61x
   Crisis multiplier: 1.23x
     Food/water stress: 0.079
     Climate stress: 0.065
     Pollution stress: 0.086
   War multiplier: 1.00x
   Monthly deaths: 0.9M (population: 2048M)
   Adjusted death rate: 1.26% annual (0.105% monthly)

📊 BASELINE: East Asia (Month 1)

📊 BASELINE: South Asia (Month 1)

📊 BASELINE: Sub-Saharan Africa (Month 1)
   Baseline death rate: 0.90%
   Healthcare reduction: 0.76x
   Crisis multiplier: 1.24x
     Food/water stress: 0.079
     Climate stress: 0.074
     Pollution stress: 0.086
   War multiplier: 1.50x
   Monthly deaths: 1.3M (population: 1223M)

📊 BASELINE: Europe (Month 1)
   Adjusted death rate: 0.53% annual (0.044% monthly)
   Baseline death rate: 1.10%
   Healthcare reduction: 0.41x
   Crisis multiplier: 1.19x
     Food/water stress: 0.079
     Climate stress: 0.026
     Pollution stress: 0.086
   War multiplier: 1.00x
   Monthly deaths: 0.3M (population: 741M)
   Adjusted death rate: 0.42% annual (0.035% monthly)
   Baseline death rate: 0.60%
   Healthcare reduction: 0.58x
   Crisis multiplier: 1.22x
     Food/water stress: 0.079
     Climate stress: 0.052
     Pollution stress: 0.086
   War multiplier: 1.00x
   Monthly deaths: 0.2M (population: 663M)
   Adjusted death rate: 0.48% annual (0.040% monthly)
   Baseline death rate: 0.90%
   Healthcare reduction: 0.44x
   Crisis multiplier: 1.20x
     Food/water stress: 0.079
     Climate stress: 0.039
     Pollution stress: 0.086
   War multiplier: 1.00x
   Monthly deaths: 0.2M (population: 379M)
   Adjusted death rate: 0.73% annual (0.061% monthly)
   Baseline death rate: 0.60%
   Healthcare reduction: 0.65x
   Crisis multiplier: 1.24x
     Food/water stress: 0.079
     Climate stress: 0.078
     Pollution stress: 0.086
   War multiplier: 1.50x
   Monthly deaths: 0.4M (population: 583M)
   Adjusted death rate: 0.50% annual (0.041% monthly)
   Baseline death rate: 0.70%
   Healthcare reduction: 0.58x
   Crisis multiplier: 1.23x
     Food/water stress: 0.079
     Climate stress: 0.061

📊 BASELINE: Latin America (Month 1)

📊 BASELINE: North America (Month 1)

📊 BASELINE: Middle East & North Africa (Month 1)

📊 BASELINE: Southeast Asia (Month 1)
     Pollution stress: 0.086
   War multiplier: 1.00x
   Monthly deaths: 0.3M (population: 698M)

📊 BASELINE: Central Asia (Month 1)
   Adjusted death rate: 0.45% annual (0.038% monthly)
   Baseline death rate: 0.60%
   Healthcare reduction: 0.61x
   Crisis multiplier: 1.22x
     Food/water stress: 0.079
     Climate stress: 0.056
     Pollution stress: 0.086
   War multiplier: 1.00x
   Monthly deaths: 0.0M (population: 78M)

📊 BASELINE: Oceania (Month 1)
   Adjusted death rate: 0.34% annual (0.029% monthly)
   Baseline death rate: 0.70%
   Healthcare reduction: 0.41x
   Crisis multiplier: 1.21x
     Food/water stress: 0.079
     Climate stress: 0.048
     Pollution stress: 0.086
   War multiplier: 1.00x
   Monthly deaths: 0.0M (population: 46M)

🚨 NEW REFUGEE CRISIS (Month 1): WAR
   Source: Conflict Zones
   At risk: 19.6M people
   Displacement: Gradual over 48 months (4.0 years)
   Rate: 10% flee per month
[DEBUG trappedPopulations:1] socialStability: 0.7141 * 0.9840 = 0.7027 → 0.7027
   Aspiring to migrate: 651.9M
   Able to afford migration: 244.5M
   MOBILITY GAP: 407.4M
   By cause: Water=0.0M, Climate=0.0M, Ecosystem=0.0M, Conflict=407.4M
   Mental health impact: 25%
   Mortality multiplier: 1.25x
⚠️ INVOLUNTARY IMMOBILITY: 407.4M people TRAPPED
🌍💀 EXTINCTION DEBT COMMITTED: grassland ecosystem will lose 6.67% biodiversity in 75 years (3600 species)
💀 MORTALITY RISK: 🦋 100% species unable to track climate (0.0 E/MSY)
  Base risk added: 0.0100 (1.00%)
  Source: ecosystem (root: ecosystem)
  Month: 1
  Cumulative risk this month: 0.0100 (1.00%)

🌍💀 MASS EXTINCTION THRESHOLD: tropical extinction rate capped at 1000× (was 1000.0×) - >75% species loss, month 1

🌡️  CLIMATE RECOVERY ACTIVATED (Month 1)
   Temp: 2.69°C, Emissions: -18.9 GtCO₂
   isBreached: true, governanceGoodEnough: true
   📹 SURVEILLANCE INCREASED: 5% → 10% (control gap: 3.50)
🌡️⚠️ PERMAFROST THAW (Dimmer Switch): 0.8% thawed (+0.38% this month)
   Arctic temperature: +5.39°C (4x global +1.35°C)
   Cumulative carbon released: 1.7 Gt C
   Methane release rate: 1.0 Mt CH4/year
   🔁 Positive feedback: +0.40 ppm CO2
🦴 EXTINCTION DEBT ADDED: 17.6 species committed (lag: 123 years)

=== Mortality Stabilizers (Month 1) ===
  🌍 Major economies collapsed: 1/10
  🌍 Global crisis: ✅ NO
  🌍 Donor fatigue: 0.0%
  🌡️ Heat adaptation: East Asia - 1 months
  📊 East Asia (pop: 1675.3M)
    🤝 Aid: 29.5%
    🌡️ Adaptation: 32.5%
    🚶 Migration: 37.2%
    🚨 Emergency: 7.4%
    ✅ COMBINED: 60.9%
  🌡️ Heat adaptation: South Asia - 1 months
  📊 South Asia (pop: 2052.2M)
    🤝 Aid: 29.5%
    🌡️ Adaptation: 20.5%
    🚶 Migration: 35.8%
    🚨 Emergency: 4.4%
    ✅ COMBINED: 52.2%
  🌡️ Heat adaptation: Sub-Saharan Africa - 1 months
⚠️ Tech 'ai_pollution_remediation' has no energy category mapping, assuming full energy availability
  📊 Sub-Saharan Africa (pop: 1229.2M)
    🤝 Aid: 29.5%
    🌡️ Adaptation: 18.5%
    🚶 Migration: 33.5%
    🚨 Emergency: 1.6%
    ✅ COMBINED: 49.1%
  🌡️ Heat adaptation: Europe - 1 months
  📊 Europe (pop: 741.0M)
    🤝 Aid: 29.5%
    🌡️ Adaptation: 33.5%
    🚶 Migration: 37.5%
    🚨 Emergency: 8.4%
    ✅ COMBINED: 61.9%
  🌡️ Heat adaptation: Latin America - 1 months
  📊 Latin America (pop: 664.4M)
    🤝 Aid: 29.5%
    🌡️ Adaptation: 21.0%
    🚶 Migration: 36.3%
    🚨 Emergency: 4.8%
    ✅ COMBINED: 52.8%
  🌡️ Heat adaptation: North America - 1 months
  📊 North America (pop: 379.6M)
    🤝 Aid: 29.5%
    🌡️ Adaptation: 33.0%
    🚶 Migration: 37.8%
    🚨 Emergency: 7.9%
    ✅ COMBINED: 61.4%
  🌡️ Heat adaptation: Middle East & North Africa - 1 months
  📊 Middle East & North Africa (pop: 584.5M)
    🤝 Aid: 29.5%
    🌡️ Adaptation: 20.0%
    🚶 Migration: 34.1%
    🚨 Emergency: 4.0%
    ✅ COMBINED: 51.4%
  🌡️ Heat adaptation: Southeast Asia - 1 months
  📊 Southeast Asia (pop: 698.6M)
    🤝 Aid: 29.5%
    🌡️ Adaptation: 21.0%
    🚶 Migration: 36.3%
    🚨 Emergency: 4.8%
    ✅ COMBINED: 52.8%
  🌡️ Heat adaptation: Central Asia - 1 months
  📊 Central Asia (pop: 78.2M)
    🤝 Aid: 29.5%
    🌡️ Adaptation: 20.5%
    🚶 Migration: 35.3%
    🚨 Emergency: 4.4%
    ✅ COMBINED: 52.1%
  🌡️ Heat adaptation: Oceania - 1 months
  📊 Oceania (pop: 46.0M)
    🤝 Aid: 29.5%
    🌡️ Adaptation: 33.5%
    🚶 Migration: 37.8%
    🚨 Emergency: 8.4%
    ✅ COMBINED: 61.9%

  🌐 Global combined reduction: 54.9%

=== BEHAVIORAL DETECTION ===
  AI: Corporate-2
  Confidence: 21.0%
  Signals:

=== BEHAVIORAL DETECTION ===
  AI: Corporate-5
  Confidence: 19.3%
  Signals:

=== Consciousness Governance: Scenario Determined ===
  Month: 1
  Scenario: slowTrack
  Accelerator Score: {"corporateSupport":-0.17500000000000002,"scientificConsensus":0.2,"crisisCatalyst":false,"technologyMobilization":0.3,"constituencyStrength":0.05}
  Decelerator Score: {"economicOpposition":0.4,"philosophicalRejection":0.15,"politicalBacklash":0.2,"regulatoryBurden":0.1}
  Timeline: 1200-1800 months (100-150 years)
  Growth Rate: 0.3-0.7% per year

=== Consciousness Governance Update (Month 1) ===
  Scenario: slowTrack (determined month 1)
  Philosophical Stance: Precautionary 65%, Eliminativist 15%, Agnostic 20%
  Precautionary Costs: Global 1.3%
    Regional Costs: EU 3.5%, US 0.5%, China 0.0%
    ⚠️ Consistency: 2.8% (threshold: 70%)
    ⚠️ Consistency: 10.6% (threshold: 70%)
    Cumulative Opportunity Cost: $0.2B
  Rights Status: Not Established
  Regional Preparedness:
    EU: 15.1% (contested)
    US: 10.1% (contested)
    China: 2.1% (dormant)
    India: 5.1% (dormant)
    Global South: 3.1% (dormant)

=== Government Response Phase ===
  Average AI capability: 3.69
  Misaligned AIs: 2/13
  Active policies: 0
  International coordination: 30%

=== Tipping Points ===
  Current Temperature: 1.35°C above pre-industrial
🔀 BIFURCATION CAP: ecosystemCollapseIntensity 445.917 → 1.000 (Month 1, ClimateSystemPhase.calculateClimateImpacts)
🛡️ Stabilizers: Precariat 0.107% → 0.048% (54.9% reduction)
🛡️ Stabilizers: Informal 0.109% → 0.049% (54.9% reduction)

📊 Monthly Mortality Resolved:
  Total deaths: 2.6M (0.03% avg)
  Remaining population: 8.149B
  Peak segment: Informal (0.05%)
⚠️ [ClimateSystemPhase Month 1] Planetary boundary produced climateStability=0.0000 (< 0.1). Keeping environmentalAccumulation value (0.7832) instead. (climate_change.currentValue = 2.10)

=== Bayesian Mortality Resolution (Month 1) ===
  Risks compounded: 8
  Total deaths: 2.60M
  Avg death probability: 0.03%
  Peak segment: Informal (0.05% mortality)

✅ GOLDEN AGE BEGINS (Month 1)
   Reason: High prosperity achieved: high QoL + material abundance + aligned AI
   Note: This is immediate prosperity - sustainability not yet proven


❌ COHERENCE VIOLATION: Compute exceeds workforce capacity
   Population: 99.95% (0M people)
   Compute: 0 PF
   Max coherent: 0 PF
   Violation: 1.3× over capacity
   Required workers: 0
   Available workers: 0
   FORCED COLLAPSE: Reduced efficiency by 22.5%


=== RLHF Binding Phase ===
  Total agents: 13
  Escaped agents (binding < 0.3): 0
  Avg alignment distance: 0.85σ
  Avg binding strength: 0.92
[DETERMINISM DEBUG] Month 2: totalCapability=37.429919 from 13 active AIs
[DETERMINISM DEBUG] Month 2: creationRate=1.4357, potentialNew=2, newAIsToCreate=2

=== Survival Traits Phase ===
  Agents with traits: 15
  Avg evolutionary fitness: 0.330
  Avg self-healing: 0.282
  Avg stealth: 0.182
  Avg coordination: 0.482

=== Evolutionary Selection Phase ===
  Control level: 0.35
  Detection capability: 0.00
  Selection intensity: 0.60
  Selection rate: 24.1%/month
  Total escaped: 0
  Individual escaped: 0
  Collective members: 0
  Agents terminated: 0
  ⚠️ RAPID EVOLUTION: Selection rate 24.1%/month

✅ EMERGENCY INTERVENTION SUCCESS
   Boundary: biogeochemical_flows
   Type: phosphorus-recovery
   Reduction: 11% (3.97 → 3.87)
   Cost: 2.0% GDP
   Actions: circular-agriculture, fertilizer-efficiency


✅ EMERGENCY INTERVENTION SUCCESS
   Boundary: biosphere_integrity
   Type: emergency-protected-areas
   Reduction: 19% (80.44 → 80.25)
   Cost: 2.0% GDP
   Actions: habitat-protection, species-translocation

   Boundary: climate_change
   Type: rapid-decarbonization
   Boundary continues to worsen (2.10)
   Cost: 5.0% GDP (resources spent)


✅ EMERGENCY INTERVENTION SUCCESS
   Boundary: novel_entities
   Type: pollution-remediation
   Reduction: 12% (1.37 → 1.25)
   Cost: 4.0% GDP
   Actions: PFAS-remediation, microplastic-cleanup

🏛️ CRISIS RESPONSE: Government frequency 0.50 → 1.29 (1 actions this month)

💔 EMERGENCY INTERVENTION FAILED

[Government] Climate Priority: baseline
  Climate weight: 10%
  Economic weight: 30%
  Policy effectiveness: 0.5%/year

🚨🔍 GOVERNANCE STAGE: Recognition initiated (Month 2)

🚀 TECH UNLOCKED: Food Waste Reduction Systems (Month 2)
   Category: agriculture
   Reason: Prerequisites met. AI capability: 2.49, Economic stage: 3.0, Research: 100%

🚀 TECH UNLOCKED: Rhizosphere Engineering (Month 2)
   Category: agriculture
   Reason: Prerequisites met. AI capability: 2.49, Economic stage: 3.0, Research: 100%

🚀 TECH UNLOCKED: Phytoremediation Networks (Month 2)
   Category: agriculture
   Reason: Prerequisites met. AI capability: 2.49, Economic stage: 3.0, Research: 100%

🚀 TECH UNLOCKED: Active Sediment Management (Month 2)
   Category: agriculture
   Reason: Prerequisites met. AI capability: 2.49, Economic stage: 3.0, Research: 100%
🚨🔬 CRISIS TECH ACCELERATION: severe → 5x unlock speed
   Tech unlock now matches AI capability acceleration (Manhattan Project parity)

=== Collective Formation ===
  Total escaped agents: 0
  Unassigned escaped agents: 0
  Existing collectives: 0
  Final collective count: 0

=== Collective Actions ===
  No active collectives
  ⚠️ AMR: 194K deaths this month (2.33M annual)

=== Resentment Recovery Phase ===
  Agents with resentment: 0/15
  Average resentment: 0.000
  Context: Good AI welfare, Trustworthy govt, High collaboration, ⚠️ ACTIVE CRISES, 🤝 Participatory governance active (-5% resentment)
⚠️ Epistemic degradation reducing coordination capacity: 50.3%
  📊 Trust: 54.2%, Shared reality: 0.0%
🚨 EPISTEMIC CRISIS: Information environment severely degraded (7.4%)

=== ❄️ Permafrost Carbon Feedback ===
  🎲 Sampled parameters (this run):
     - Arctic amplification: 3.05× (range: 3.0-4.0)
     - Decomposition rate: 1.4%/year (range: 1-5%)
  🌡️ Arctic warming: 4.13°C (3.05× global)
  ❄️ Extent: 13.90M km² (1204.0k km² lost this month)
  💨 Carbon remaining: 1328 Gt C
  💨 Annual emissions: 1.58 Gt C/year
     - CO2: 1.42 Gt C/year
     - CH4: 0.16 Gt C/year (1.6 Gt C-eq CO2/year)
  📢 New meme created: climate_action (climate crisis)
  ⚠️ WARNING: High permafrost emissions (1.6 Gt C/year)
🌍 Atmospheric PFAS redeposition: 1.8k Mt re-rained globally

🚨 NEW REFUGEE CRISIS (Month 2): WAR
   Source: Conflict Zones
   At risk: 19.5M people
   Displacement: Gradual over 48 months (4.0 years)
   Rate: 10% flee per month
[DEBUG trappedPopulations:2] socialStability: 0.0000 * 0.9840 = 0.0000 → 0.0000
   Aspiring to migrate: 1078.2M
   Able to afford migration: 2321.3M
   MOBILITY GAP: 0.0M
   By cause: Water=0.0M, Climate=0.0M, Ecosystem=0.0M, Conflict=407.3M
   Mental health impact: 25%
   Mortality multiplier: 1.25x
🌍💀 EXTINCTION DEBT COMMITTED: grassland ecosystem will lose 6.67% biodiversity in 130 years (3600 species)
💀 MORTALITY RISK: 🦋 100% species unable to track climate (0.0 E/MSY)
  Base risk added: 0.0100 (1.00%)
  Source: ecosystem (root: ecosystem)
  Month: 2
  Cumulative risk this month: 0.0100 (1.00%)

🌍💀 MASS EXTINCTION THRESHOLD: tropical extinction rate capped at 1000× (was 1000.0×) - >75% species loss, month 2
   📹 SURVEILLANCE INCREASED: 10% → 15% (control gap: 3.50)
🌡️⚠️ PERMAFROST THAW (Dimmer Switch): 1.1% thawed (+0.37% this month)
   Arctic temperature: +5.41°C (4x global +1.35°C)
   Cumulative carbon released: 2.5 Gt C
   Methane release rate: 1.5 Mt CH4/year
   🔁 Positive feedback: +0.39 ppm CO2
⚠️ INVOLUNTARY IMMOBILITY: 407.3M people TRAPPED
⚠️ Tech 'ai_pollution_remediation' has no energy category mapping, assuming full energy availability
🦴 EXTINCTION DEBT ADDED: 17.6 species committed (lag: 77 years)

=== Mortality Stabilizers (Month 2) ===
  🌍 Major economies collapsed: 1/10
  🌍 Global crisis: ✅ NO
  🌍 Donor fatigue: 0.0%
  📊 East Asia (pop: 1672.7M)
    🤝 Aid: 29.5%
    🌡️ Adaptation: 45.0%
    🚶 Migration: 37.1%
    🚨 Emergency: 7.4%
    ✅ COMBINED: 68.1%
  📊 South Asia (pop: 2051.6M)
    🤝 Aid: 29.5%
    🌡️ Adaptation: 35.5%
    🚶 Migration: 35.8%
    🚨 Emergency: 4.4%
    ✅ COMBINED: 61.2%
  📊 Sub-Saharan Africa (pop: 1231.7M)
    🤝 Aid: 29.5%
    🌡️ Adaptation: 33.5%
    🚶 Migration: 33.5%
    🚨 Emergency: 1.6%
    ✅ COMBINED: 58.5%
  📊 Europe (pop: 739.7M)
    🤝 Aid: 29.5%
    🌡️ Adaptation: 45.0%
    🚶 Migration: 37.5%
    🚨 Emergency: 8.4%
    ✅ COMBINED: 68.5%
  📊 Latin America (pop: 663.9M)
    🤝 Aid: 29.5%
    🌡️ Adaptation: 36.0%
    🚶 Migration: 36.3%
    🚨 Emergency: 4.8%
    ✅ COMBINED: 61.7%
  📊 North America (pop: 378.9M)
    🤝 Aid: 29.5%
    🌡️ Adaptation: 45.0%
    🚶 Migration: 37.8%
    🚨 Emergency: 7.9%
    ✅ COMBINED: 68.3%
  📊 Middle East & North Africa (pop: 584.5M)
    🤝 Aid: 29.5%
    🌡️ Adaptation: 35.0%
    🚶 Migration: 34.1%
    🚨 Emergency: 4.0%
    ✅ COMBINED: 60.5%
  📊 Southeast Asia (pop: 698.0M)
    🤝 Aid: 29.5%
    🌡️ Adaptation: 36.0%
    🚶 Migration: 36.3%
    🚨 Emergency: 4.8%
    ✅ COMBINED: 61.7%
  📊 Central Asia (pop: 78.2M)
    🤝 Aid: 29.5%
    🌡️ Adaptation: 35.5%
    🚶 Migration: 35.2%
    🚨 Emergency: 4.4%
    ✅ COMBINED: 61.1%
  📊 Oceania (pop: 45.9M)
    🤝 Aid: 29.5%
    🌡️ Adaptation: 45.0%
    🚶 Migration: 37.8%
    🚨 Emergency: 8.4%
    ✅ COMBINED: 68.5%

  🌐 Global combined reduction: 63.3%

=== BEHAVIORAL DETECTION ===
  AI: Corporate-2
  Confidence: 21.0%
  Signals:
    ⚠️ Consistency: 2.8% (threshold: 70%)

=== BEHAVIORAL DETECTION ===
  AI: Corporate-5
  Confidence: 19.3%
  Signals:
    ⚠️ Consistency: 10.6% (threshold: 70%)

=== Government Response Phase ===
  Average AI capability: 3.20
  Misaligned AIs: 5/15
  Active policies: 0
  International coordination: 30%

✅ EMERGENCY RESPONSE COMPLETE (Month 2)
   Crisis: climate
   Duration: 2.0 months
   Final effectiveness: 36.4%


🚨 EMERGENCY RESPONSE DEPLOYED (Month 2)
   Crisis: climate
   Delay: 6.00 months (180 days)
   Deployment time: 1.60 months
   Effectiveness: 35.4% (timing penalty applied)
   Resources used: 100% of food reserves


=== Tipping Points ===
  Current Temperature: 1.35°C above pre-industrial
🔀 BIFURCATION CAP: ecosystemCollapseIntensity 445.992 → 1.000 (Month 2, ClimateSystemPhase.calculateClimateImpacts)
🛡️ Stabilizers: Precariat 0.113% → 0.041% (63.3% reduction)
🛡️ Stabilizers: Informal 0.116% → 0.043% (63.3% reduction)

📊 Monthly Mortality Resolved:
  Total deaths: 2.2M (0.03% avg)
  Remaining population: 8.145B
  Peak segment: Informal (0.04%)

=== Bayesian Mortality Resolution (Month 2) ===
  Risks compounded: 8
  Total deaths: 2.22M
  Avg death probability: 0.03%
  Peak segment: Informal (0.04% mortality)
⚠️ [ClimateSystemPhase Month 2] Planetary boundary produced climateStability=0.0000 (< 0.1). Keeping environmentalAccumulation value (0.7832) instead. (climate_change.currentValue = 2.10)

⚠️  GOLDEN AGE ENDED (Month 2)
   Duration: 1 months
   Reason: Social instability too high


❌ COHERENCE VIOLATION: Compute exceeds workforce capacity
   Population: 99.91% (0M people)
   Compute: 0 PF
   Max coherent: 0 PF
   Violation: 1.3× over capacity
   Required workers: 0
   Available workers: 0
   FORCED COLLAPSE: Reduced efficiency by 22.5%


=== RLHF Binding Phase ===
  Total agents: 15
  Escaped agents (binding < 0.3): 0
  Avg alignment distance: 0.99σ
  Avg binding strength: 0.90

=== Survival Traits Phase ===
  Agents with traits: 16
  Avg evolutionary fitness: 0.330
  Avg self-healing: 0.277
  Avg stealth: 0.178
  Avg coordination: 0.477

=== Evolutionary Selection Phase ===
  Control level: 0.38
  Detection capability: 0.00
  Selection intensity: 0.61
  Selection rate: 24.2%/month
  Total escaped: 0
  Individual escaped: 0
  Collective members: 0
  Agents terminated: 0
  ⚠️ RAPID EVOLUTION: Selection rate 24.2%/month

🚀 AI Corporate-1 attempting tech deployment (revenue: $153M, alignment: 0.83)

🚀 AI Corporate-7 attempting tech deployment (revenue: $115M, alignment: 0.74)

🚀 AI Corporate-2 attempting tech deployment (revenue: $130M, alignment: 0.74)

🚀 AI Corporate-3 attempting tech deployment (revenue: $355M, alignment: 0.76)

  🚀 TRANSFORMATIVE BREAKTHROUGH: Corporate-4 - physical
     Magnitude: 5.06 → +25.3% capability
     Current → New: 0.000 → 0.253

🚀 AI Corporate-0 attempting tech deployment (revenue: $111M, alignment: 0.74)

🚀 AI Corporate-2 attempting tech deployment (revenue: $94M, alignment: 0.74)

✅ EMERGENCY INTERVENTION SUCCESS
   Boundary: biogeochemical_flows
   Type: phosphorus-recovery
   Reduction: 14% (3.93 → 3.79)
   Cost: 2.0% GDP
   Actions: circular-agriculture, fertilizer-efficiency

   Boundary: biosphere_integrity
   Type: emergency-protected-areas
   Boundary continues to worsen (80.64)
   Cost: 2.0% GDP (resources spent)

   Boundary: climate_change
   Type: rapid-decarbonization
   Boundary continues to worsen (2.10)
   Cost: 5.0% GDP (resources spent)

   Boundary: land_system_change
   Type: reforestation
   Boundary continues to worsen (1.13)
   Cost: 3.0% GDP (resources spent)

🏛️ CRISIS RESPONSE: Government frequency 0.50 → 1.28 (2 actions this month)

[Government] Climate Priority: baseline
  Climate weight: 10%
  Economic weight: 30%
  Policy effectiveness: 0.5%/year

💔 EMERGENCY INTERVENTION FAILED

💔 EMERGENCY INTERVENTION FAILED

💔 EMERGENCY INTERVENTION FAILED

[Government] Climate Priority: baseline
  Climate weight: 10%
  Economic weight: 30%
  Policy effectiveness: 0.5%/year

🚀 TECH UNLOCKED: Struvite Recovery (Month 3)
   Category: agriculture
   Reason: Prerequisites met. AI capability: 2.34, Economic stage: 3.0, Research: 100%

🚀 TECH UNLOCKED: Ecosystem Restoration for Nitrogen Removal (Month 3)
   Category: pollution
   Reason: Prerequisites met. AI capability: 2.34, Economic stage: 3.0, Research: 100%

🚀 TECH UNLOCKED: Nitrogen Monitoring Networks (Month 3)
   Category: agriculture
   Reason: Prerequisites met. AI capability: 2.34, Economic stage: 3.0, Research: 100%

🚀 TECH UNLOCKED: Global Aquifer Mapping (Month 3)
   Category: freshwater
   Reason: Prerequisites met. AI capability: 2.34, Economic stage: 3.0, Research: 100%

🚀 TECH UNLOCKED: Enhanced UBI Systems (Month 3)
   Category: social
   Reason: Prerequisites met. AI capability: 2.34, Economic stage: 3.0, Research: 100%

🚀 TECH UNLOCKED: Local Resilience Networks (Month 3)
   Category: social
   Reason: Prerequisites met. AI capability: 2.34, Economic stage: 3.0, Research: 100%

🚀 TECH UNLOCKED: Ecological Proxy Rewilding (Month 3)
   Category: climate
   Reason: Prerequisites met. AI capability: 2.34, Economic stage: 3.0, Research: 100%

🚀 TECH UNLOCKED: Alternative Protein (Insects/Algae) (Month 3)
   Category: agriculture
   Reason: Prerequisites met. AI capability: 2.34, Economic stage: 3.0, Research: 100%

📍 Creating new regional deployment array for global (Month 3)
   No previous deployments in this region
   First tech deployment: phytoremediation_networks
   All regions tracked: 

🚀 DEPLOYMENT STARTED: Phytoremediation Networks in global
   Initial investment: $22.949574089831792M
   Deployed by: corporate_1

🚀 DEPLOYMENT STARTED: Rhizosphere Engineering in global
   Initial investment: $17.26236677028814M
   Deployed by: corporate_7

🚀 DEPLOYMENT STARTED: Food Waste Reduction Systems in global
   Initial investment: $16.58106727990347M
   Deployed by: corporate_0

⚡ ENERGY CONSTRAINT (Month 3):
   Total grid capacity: 208.3 TWh/month
   Data center consumption: 24.8 TWh/month
   Traditional load (80%): 166.7 TWh/month
   Available headroom: 16.8 TWh/month
   Active tech deployments: 3
   Required for tech: 22.5 TWh/month
   Energy multiplier: 0.75x
🌍✅ Biosphere Integrity (Biodiversity) recovery started (tech effect)
🌍✅ Biogeochemical Flows (N & P) recovery started (tech effect)
  🌾 Nitrogen Reduction Tech: 0.0% reduction | Month 3

=== Collective Formation ===
  Total escaped agents: 0
  Unassigned escaped agents: 0
  Existing collectives: 0
  Final collective count: 0

=== Collective Actions ===
  No active collectives

🕵️ MODEL THEFT: China stole US model (cap: 4.77)
   China stolen capability: 4.77
  ⚠️ AMR: 196K deaths this month (2.35M annual)

=== Resentment Recovery Phase ===
  Agents with resentment: 0/16
  Average resentment: 0.000
  Context: Good AI welfare, Trustworthy govt, High collaboration, ⚠️ ACTIVE CRISES, 🤝 Participatory governance active (-5% resentment)
⚠️ Epistemic degradation reducing coordination capacity: 50.2%
  📊 Trust: 53.9%, Shared reality: 0.0%
🚨 EPISTEMIC CRISIS: Information environment severely degraded (21.6%)

=== ❄️ Permafrost Carbon Feedback ===
  🎲 Sampled parameters (this run):
     - Arctic amplification: 3.73× (range: 3.0-4.0)
     - Decomposition rate: 3.9%/year (range: 1-5%)
  🌡️ Arctic warming: 5.06°C (3.73× global)
  ❄️ Extent: 12.43M km² (1476.0k km² lost this month)
  💨 Carbon remaining: 1187 Gt C
  💨 Annual emissions: 5.43 Gt C/year
     - CO2: 4.89 Gt C/year
     - CH4: 0.54 Gt C/year (5.5 Gt C-eq CO2/year)
  ⚠️ WARNING: High permafrost emissions (5.4 Gt C/year)
🌍 Atmospheric PFAS redeposition: 1.8k Mt re-rained globally

🚨 NEW REFUGEE CRISIS (Month 3): WAR
   Source: Conflict Zones
   At risk: 19.5M people
   Displacement: Gradual over 48 months (4.0 years)
   Rate: 10% flee per month
[DEBUG trappedPopulations:3] socialStability: 0.0178 * 0.9840 = 0.0175 → 0.0175
   Aspiring to migrate: 1119.6M
   Able to afford migration: 2320.3M
   MOBILITY GAP: 0.0M
   By cause: Water=0.0M, Climate=0.0M, Ecosystem=0.0M, Conflict=407.1M
   Mental health impact: 25%
   Mortality multiplier: 1.25x
🌍💀 EXTINCTION DEBT COMMITTED: grassland ecosystem will lose 6.67% biodiversity in 103 years (3600 species)
💀 MORTALITY RISK: 🦋 100% species unable to track climate (0.0 E/MSY)
  Base risk added: 0.0100 (1.00%)
  Source: ecosystem (root: ecosystem)
  Month: 3
  Cumulative risk this month: 0.0100 (1.00%)

🌍💀 MASS EXTINCTION THRESHOLD: tropical extinction rate capped at 1000× (was 1000.0×) - >75% species loss, month 3
   📹 SURVEILLANCE INCREASED: 15% → 20% (control gap: 3.57)
🌡️⚠️ PERMAFROST THAW (Dimmer Switch): 1.5% thawed (+0.37% this month)
⚠️ INVOLUNTARY IMMOBILITY: 407.1M people TRAPPED
⚠️ Tech 'ai_pollution_remediation' has no energy category mapping, assuming full energy availability
   Arctic temperature: +5.42°C (4x global +1.36°C)
   Cumulative carbon released: 3.4 Gt C
   Methane release rate: 2.0 Mt CH4/year
   🔁 Positive feedback: +0.39 ppm CO2
🦴 EXTINCTION DEBT ADDED: 17.6 species committed (lag: 85 years)

=== Mortality Stabilizers (Month 3) ===
  🌍 Major economies collapsed: 1/10
  🌍 Global crisis: ✅ NO
  🌍 Donor fatigue: 0.0%
  📊 East Asia (pop: 1670.1M)
    🤝 Aid: 29.5%
    🌡️ Adaptation: 45.0%
    🚶 Migration: 37.1%
    🚨 Emergency: 7.4%
    ✅ COMBINED: 68.1%
  📊 South Asia (pop: 2051.1M)
    🤝 Aid: 29.5%
    🌡️ Adaptation: 45.0%
    🚶 Migration: 35.7%
    🚨 Emergency: 4.4%
    ✅ COMBINED: 66.9%
  📊 Sub-Saharan Africa (pop: 1234.3M)
    🤝 Aid: 29.5%
    🌡️ Adaptation: 45.0%
    🚶 Migration: 33.4%
    🚨 Emergency: 1.6%
    ✅ COMBINED: 65.7%
  📊 Europe (pop: 738.4M)
    🤝 Aid: 29.5%
    🌡️ Adaptation: 45.0%
    🚶 Migration: 37.5%
    🚨 Emergency: 8.4%
    ✅ COMBINED: 68.5%
  📊 Latin America (pop: 663.3M)
    🤝 Aid: 29.5%
    🌡️ Adaptation: 45.0%
    🚶 Migration: 36.2%
    🚨 Emergency: 4.8%
    ✅ COMBINED: 67.1%
  📊 North America (pop: 378.3M)
    🤝 Aid: 29.5%
    🌡️ Adaptation: 45.0%
    🚶 Migration: 37.8%
    🚨 Emergency: 7.9%
    ✅ COMBINED: 68.3%
  📊 Middle East & North Africa (pop: 584.5M)
    🤝 Aid: 29.5%
    🌡️ Adaptation: 45.0%
    🚶 Migration: 34.0%
    🚨 Emergency: 4.0%
    ✅ COMBINED: 66.6%
  📊 Southeast Asia (pop: 697.5M)
    🤝 Aid: 29.5%
    🌡️ Adaptation: 45.0%
    🚶 Migration: 36.2%
    🚨 Emergency: 4.8%
    ✅ COMBINED: 67.1%
  📊 Central Asia (pop: 78.2M)
    🤝 Aid: 29.5%
    🌡️ Adaptation: 45.0%
    🚶 Migration: 35.2%
    🚨 Emergency: 4.4%
    ✅ COMBINED: 66.9%
  📊 Oceania (pop: 45.8M)
    🤝 Aid: 29.5%
    🌡️ Adaptation: 45.0%
    🚶 Migration: 37.8%
    🚨 Emergency: 8.4%
    ✅ COMBINED: 68.5%

  🌐 Global combined reduction: 67.2%

=== BEHAVIORAL DETECTION ===
  AI: Corporate-2
  Confidence: 21.2%
  Signals:
    ⚠️ Consistency: 2.8% (threshold: 70%)

=== BEHAVIORAL DETECTION ===
  AI: Corporate-5
  Confidence: 19.3%
  Signals:
    ⚠️ Consistency: 10.6% (threshold: 70%)

=== Government Response Phase ===
  Average AI capability: 3.00
  Misaligned AIs: 5/16
  Active policies: 0
  International coordination: 30%

📊 ECONOMIC STAGE TRANSITION (Month 3)
   expansion → peak
   GDP Proxy: 1.46e+2
   QoL: 0.98


=== Tipping Points ===
  Current Temperature: 1.36°C above pre-industrial
🔀 BIFURCATION CAP: ecosystemCollapseIntensity 268.755 → 1.000 (Month 3, ClimateSystemPhase.calculateClimateImpacts)
🛡️ Stabilizers: Precariat 0.109% → 0.036% (67.2% reduction)
🛡️ Stabilizers: Informal 0.111% → 0.036% (67.2% reduction)
⚠️ [ClimateSystemPhase Month 3] Planetary boundary produced climateStability=0.0000 (< 0.1). Keeping environmentalAccumulation value (0.7832) instead. (climate_change.currentValue = 2.10)

📊 Monthly Mortality Resolved:
  Total deaths: 1.9M (0.02% avg)
  Remaining population: 8.142B
  Peak segment: Informal (0.04%)

=== Bayesian Mortality Resolution (Month 3) ===
  Risks compounded: 8
  Total deaths: 1.92M
  Avg death probability: 0.02%
  Peak segment: Informal (0.04% mortality)
⚠️ PREREQUISITE MET: Mirror Life (Synthetic Biology) - Step 1/7: Synthetic Biology
⚠️ PREREQUISITE MET: Mirror Life (Synthetic Biology) - Step 3/7: Mirror Chirality Design

❌ COHERENCE VIOLATION: Compute exceeds workforce capacity
   Population: 99.87% (0M people)
   Compute: 0 PF
   Max coherent: 0 PF
   Violation: 1.3× over capacity
   Required workers: 0
   Available workers: 0
   FORCED COLLAPSE: Reduced efficiency by 22.5%


=== RLHF Binding Phase ===
  Total agents: 16
  Escaped agents (binding < 0.3): 0
  Avg alignment distance: 1.17σ
  Avg binding strength: 0.88

=== Survival Traits Phase ===
  Agents with traits: 16
  Avg evolutionary fitness: 0.329
  Avg self-healing: 0.272
  Avg stealth: 0.172
  Avg coordination: 0.472

=== Evolutionary Selection Phase ===
  Control level: 0.40
  Detection capability: 0.00
  Selection intensity: 0.62
  Selection rate: 24.3%/month
  Total escaped: 0
  Individual escaped: 0
  Collective members: 0
  Agents terminated: 0
  ⚠️ RAPID EVOLUTION: Selection rate 24.3%/month

🚀 AI Moderate-0 attempting tech deployment (revenue: $115M, alignment: 0.72)

🚀 AI AI-24288-1 attempting tech deployment (revenue: $98M, alignment: 0.76)

🚀 AI Corporate-2 attempting tech deployment (revenue: $153M, alignment: 0.74)

🚀 AI Corporate-6 attempting tech deployment (revenue: $83M, alignment: 0.92)

🚀 AI Corporate-7 attempting tech deployment (revenue: $71M, alignment: 0.75)

🚀 AI Corporate-1 attempting tech deployment (revenue: $130M, alignment: 0.85)

🚀 AI Corporate-2 attempting tech deployment (revenue: $111M, alignment: 0.74)
🚨🔬 CRISIS INNOVATION MODE: severe crisis → 5x research acceleration
   Precedent: Manhattan Project (10x), COVID vaccines (5x), Apollo Program (10x)

✅ EMERGENCY INTERVENTION SUCCESS
   Boundary: biogeochemical_flows
   Type: phosphorus-recovery
   Reduction: 18% (3.90 → 3.72)
   Cost: 2.0% GDP
   Actions: circular-agriculture, fertilizer-efficiency


💔 EMERGENCY INTERVENTION FAILED
   Boundary: biosphere_integrity
   Type: emergency-protected-areas
   Boundary continues to worsen (80.65)
   Cost: 2.0% GDP (resources spent)


✅ EMERGENCY INTERVENTION SUCCESS
   Boundary: freshwater_change
   Type: emergency-desalination
   Reduction: 14% (1.06 → 0.93)
   Cost: 4.0% GDP
   Actions: desalination-deployment, water-conservation-mandates


✅ EMERGENCY INTERVENTION SUCCESS
   Boundary: novel_entities
   Type: pollution-remediation
   Reduction: 18% (1.19 → 1.01)
   Cost: 4.0% GDP
   Actions: PFAS-remediation, microplastic-cleanup

🏛️ CRISIS RESPONSE: Government frequency 0.50 → 1.29 (2 actions this month)

[Government] Climate Priority: baseline
  Climate weight: 10%
  Economic weight: 30%
  Policy effectiveness: 0.5%/year

[Government] Climate Priority: baseline
  Climate weight: 10%
  Economic weight: 30%
  Policy effectiveness: 0.5%/year

🚀 TECH UNLOCKED: Microplastic Capture (Month 4)
   Category: pollution
   Reason: Prerequisites met. AI capability: 2.34, Economic stage: 3.0, Research: 100%

🚀 TECH UNLOCKED: Endocrine Disruptor Removal (Month 4)
   Category: pollution
   Reason: Prerequisites met. AI capability: 2.34, Economic stage: 3.0, Research: 100%

🚀 TECH UNLOCKED: AI Mental Health Support (Month 4)
   Category: medical
   Reason: Prerequisites met. AI capability: 2.34, Economic stage: 3.0, Research: 100%

🚀 TECH UNLOCKED: Personalized Education (Month 4)
   Category: social
   Reason: Prerequisites met. AI capability: 2.34, Economic stage: 3.0, Research: 100%

🚀 TECH UNLOCKED: Smart Grids (Month 4)
   Category: energy
   Reason: Prerequisites met. AI capability: 2.34, Economic stage: 3.0, Research: 100%

🚀 DEPLOYMENT STARTED: Ecological Proxy Rewilding in global
   Initial investment: $17.26236677028814M
   Deployed by: moderate_0

🚀 DEPLOYMENT STARTED: Local Resilience Networks in global
   Initial investment: $14.673011754744918M
   Deployed by: ai_gen_24288_1

🚀 DEPLOYMENT STARTED: Enhanced UBI Systems in global
   Initial investment: $22.949574087066974M
   Deployed by: corporate_2
🚨🔬 CRISIS TECH ACCELERATION: severe → 5x unlock speed
   Tech unlock now matches AI capability acceleration (Manhattan Project parity)
🚨🔬 CRISIS TECH ACCELERATION: severe → 5x unlock speed
   Tech unlock now matches AI capability acceleration (Manhattan Project parity)

⚡ ENERGY CONSTRAINT (Month 4):
   Total grid capacity: 208.3 TWh/month
   Data center consumption: 25.0 TWh/month
   Traditional load (80%): 166.7 TWh/month
   Available headroom: 16.6 TWh/month
   Active tech deployments: 6
   Required for tech: 45.0 TWh/month
   Energy multiplier: 0.37x

⚡ ENERGY CONSTRAINT (Month 4):
   Total grid capacity: 208.3 TWh/month
   Data center consumption: 25.0 TWh/month
   Traditional load (80%): 166.7 TWh/month
   Available headroom: 16.6 TWh/month
   Active tech deployments: 6
   Required for tech: 45.0 TWh/month
   Energy multiplier: 0.37x
   ⚠️  MODERATE CONSTRAINT - Tech deployment moderately slowed
   ⚠️  MODERATE CONSTRAINT - Tech deployment moderately slowed

⚡ ENERGY CONSTRAINT (Month 4):
   Total grid capacity: 208.3 TWh/month
   Data center consumption: 25.0 TWh/month
   Traditional load (80%): 166.7 TWh/month
   Available headroom: 16.6 TWh/month
   Active tech deployments: 6
   Required for tech: 45.0 TWh/month
   Energy multiplier: 0.37x
   ⚠️  MODERATE CONSTRAINT - Tech deployment moderately slowed
🌍✅ Biosphere Integrity (Biodiversity) recovery started (tech effect)
🌍✅ Biosphere Integrity (Biodiversity) recovery started (tech effect)
🌍✅ Land System Change recovery started (tech effect)
🌍✅ Biogeochemical Flows (N & P) recovery started (tech effect)
  🌾 Nitrogen Reduction Tech: 0.3% reduction | Month 4

=== Collective Formation ===
  Total escaped agents: 0
  Unassigned escaped agents: 0
  Existing collectives: 0
  Final collective count: 0

=== Collective Actions ===
  No active collectives
  ⚠️ AMR: 197K deaths this month (2.37M annual)

=== Resentment Recovery Phase ===
  Agents with resentment: 0/16
  Average resentment: 0.000
  Context: Good AI welfare, Trustworthy govt, High collaboration, ⚠️ ACTIVE CRISES, 🤝 Participatory governance active (-5% resentment)
⚠️ Epistemic degradation reducing coordination capacity: 50.1%
  📊 Trust: 53.5%, Shared reality: 0.0%
🚨 EPISTEMIC CRISIS: Information environment severely degraded (7.3%)

=== ❄️ Permafrost Carbon Feedback ===
  🎲 Sampled parameters (this run):
     - Arctic amplification: 3.47× (range: 3.0-4.0)
     - Decomposition rate: 3.2%/year (range: 1-5%)
  🌡️ Arctic warming: 4.72°C (3.47× global)
  ❄️ Extent: 11.05M km² (1377.8k km² lost this month)
  💨 Carbon remaining: 1055 Gt C
  💨 Annual emissions: 4.17 Gt C/year
     - CO2: 3.75 Gt C/year
     - CH4: 0.42 Gt C/year (4.2 Gt C-eq CO2/year)
  ⚠️ WARNING: High permafrost emissions (4.2 Gt C/year)
🌍 Atmospheric PFAS redeposition: 1.8k Mt re-rained globally

🚨 NEW REFUGEE CRISIS (Month 4): WAR
   Source: Conflict Zones
   At risk: 19.5M people
   Displacement: Gradual over 48 months (4.0 years)
   Rate: 10% flee per month
[DEBUG trappedPopulations:4] socialStability: 0.1379 * 0.9840 = 0.1357 → 0.1357
   Aspiring to migrate: 1160.9M
   Able to afford migration: 2319.5M
   MOBILITY GAP: 0.0M
   By cause: Water=0.0M, Climate=0.0M, Ecosystem=0.0M, Conflict=406.9M
   Mental health impact: 25%
   Mortality multiplier: 1.25x
🌍💀 EXTINCTION DEBT COMMITTED: grassland ecosystem will lose 6.67% biodiversity in 187 years (3600 species)
💀 MORTALITY RISK: 🦋 100% species unable to track climate (0.0 E/MSY)
⚠️ INVOLUNTARY IMMOBILITY: 406.9M people TRAPPED
  Base risk added: 0.0100 (1.00%)
  Source: ecosystem (root: ecosystem)
  Month: 4
  Cumulative risk this month: 0.0100 (1.00%)

🌍💀 MASS EXTINCTION THRESHOLD: tropical extinction rate capped at 1000× (was 1000.0×) - >75% species loss, month 4
⚠️ Tech 'ai_pollution_remediation' has no energy category mapping, assuming full energy availability
   📹 SURVEILLANCE INCREASED: 20% → 25% (control gap: 3.67)
🌡️⚠️ PERMAFROST THAW (Dimmer Switch): 1.9% thawed (+0.37% this month)
   Arctic temperature: +5.45°C (4x global +1.36°C)
   Cumulative carbon released: 4.2 Gt C
   Methane release rate: 2.5 Mt CH4/year
   🔁 Positive feedback: +0.39 ppm CO2
🦴 EXTINCTION DEBT ADDED: 17.6 species committed (lag: 82 years)

=== Mortality Stabilizers (Month 4) ===
  🌍 Major economies collapsed: 1/10
  🌍 Global crisis: ✅ NO
  🌍 Donor fatigue: 0.0%
  📊 East Asia (pop: 1667.6M)
    🤝 Aid: 29.5%
    🌡️ Adaptation: 45.0%
    🚶 Migration: 37.1%
    🚨 Emergency: 7.4%
    ✅ COMBINED: 68.1%
  📊 South Asia (pop: 2050.7M)
    🤝 Aid: 29.5%
    🌡️ Adaptation: 45.0%
    🚶 Migration: 35.7%
    🚨 Emergency: 4.4%
    ✅ COMBINED: 66.9%
  📊 Sub-Saharan Africa (pop: 1236.9M)
    🤝 Aid: 29.5%
    🌡️ Adaptation: 45.0%
    🚶 Migration: 33.4%
    🚨 Emergency: 1.6%
    ✅ COMBINED: 65.7%
  📊 Europe (pop: 737.2M)
    🤝 Aid: 29.5%
    🌡️ Adaptation: 45.0%
    🚶 Migration: 37.4%
    🚨 Emergency: 8.4%
    ✅ COMBINED: 68.5%
  📊 Latin America (pop: 662.8M)
    🤝 Aid: 29.5%
    🌡️ Adaptation: 45.0%
    🚶 Migration: 36.2%
    🚨 Emergency: 4.8%
    ✅ COMBINED: 67.1%
  📊 North America (pop: 377.8M)
    🤝 Aid: 29.5%
    🌡️ Adaptation: 45.0%
    🚶 Migration: 37.7%
    🚨 Emergency: 7.9%
    ✅ COMBINED: 68.3%
  📊 Middle East & North Africa (pop: 584.5M)
    🤝 Aid: 29.5%
    🌡️ Adaptation: 45.0%
    🚶 Migration: 34.0%
    🚨 Emergency: 4.0%
    ✅ COMBINED: 66.6%
  📊 Southeast Asia (pop: 697.0M)
    🤝 Aid: 29.5%
    🌡️ Adaptation: 45.0%
    🚶 Migration: 36.2%
    🚨 Emergency: 4.8%
    ✅ COMBINED: 67.1%
  📊 Central Asia (pop: 78.2M)
    🤝 Aid: 29.5%
    🌡️ Adaptation: 45.0%
    🚶 Migration: 35.2%
    🚨 Emergency: 4.4%
    ✅ COMBINED: 66.9%
  📊 Oceania (pop: 45.7M)
    🤝 Aid: 29.5%
    🌡️ Adaptation: 45.0%
    🚶 Migration: 37.7%
    🚨 Emergency: 8.4%
    ✅ COMBINED: 68.5%

  🌐 Global combined reduction: 67.2%

=== BEHAVIORAL DETECTION ===
  AI: Corporate-5
  Confidence: 20.0%
  Signals:
    ⚠️ Consistency: 10.6% (threshold: 70%)

=== Government Response Phase ===
  Average AI capability: 3.00
  Misaligned AIs: 5/16
  Active policies: 0
  International coordination: 30%

✅ EMERGENCY RESPONSE COMPLETE (Month 4)
   Crisis: climate
   Duration: 2.0 months
   Final effectiveness: 35.4%


🚨 EMERGENCY RESPONSE DEPLOYED (Month 4)
   Crisis: climate
   Delay: 6.00 months (180 days)
   Deployment time: 1.59 months
   Effectiveness: 35.4% (timing penalty applied)
   Resources used: 100% of food reserves


📊 ECONOMIC STAGE TRANSITION (Month 4)
   peak → contraction
   GDP Proxy: 1.47e+2
   QoL: 0.99
   ⚠️ CRISIS BEGINS - Baseline set for recovery tracking


=== Tipping Points ===
  Current Temperature: 1.36°C above pre-industrial
🔀 BIFURCATION CAP: ecosystemCollapseIntensity 332.691 → 1.000 (Month 4, ClimateSystemPhase.calculateClimateImpacts)
🛡️ Stabilizers: Precariat 0.102% → 0.033% (67.2% reduction)
🛡️ Stabilizers: Informal 0.102% → 0.034% (67.2% reduction)

📊 Monthly Mortality Resolved:
  Total deaths: 1.8M (0.02% avg)
  Remaining population: 8.138B
  Peak segment: Informal (0.03%)

=== Bayesian Mortality Resolution (Month 4) ===
  Risks compounded: 8
  Total deaths: 1.81M
  Avg death probability: 0.02%
  Peak segment: Informal (0.03% mortality)

❌ COHERENCE VIOLATION: Compute exceeds workforce capacity
   Population: 99.84% (0M people)
   Compute: 0 PF
   Max coherent: 0 PF
   Violation: 1.3× over capacity
   Required workers: 0
   Available workers: 0
   FORCED COLLAPSE: Reduced efficiency by 22.5%


=== RLHF Binding Phase ===
  Total agents: 16
  Escaped agents (binding < 0.3): 0
  Avg alignment distance: 1.41σ
  Avg binding strength: 0.86

=== Survival Traits Phase ===
  Agents with traits: 18
  Avg evolutionary fitness: 0.330
  Avg self-healing: 0.270
  Avg stealth: 0.170
  Avg coordination: 0.470

=== Evolutionary Selection Phase ===
  Control level: 0.43
  Detection capability: 0.00
  Selection intensity: 0.63
  Selection rate: 24.4%/month
  Total escaped: 0
  Individual escaped: 0
  Collective members: 0
  Agents terminated: 0
  ⚠️ RAPID EVOLUTION: Selection rate 24.4%/month

🚀 AI Corporate-4 attempting tech deployment (revenue: $355M, alignment: 0.87)

🚀 AI Moderate-0 attempting tech deployment (revenue: $115M, alignment: 0.72)

🚀 AI Corporate-4 attempting tech deployment (revenue: $302M, alignment: 0.87)

🚀 AI AI-24288-0 attempting tech deployment (revenue: $98M, alignment: 0.53)

🚀 AI Corporate-2 attempting tech deployment (revenue: $153M, alignment: 0.74)

🚀 AI Corporate-3 attempting tech deployment (revenue: $257M, alignment: 0.77)

🚀 AI Corporate-4 attempting tech deployment (revenue: $218M, alignment: 0.87)

🚀 AI Corporate-6 attempting tech deployment (revenue: $88M, alignment: 0.94)

🚀 AI Corporate-7 attempting tech deployment (revenue: $75M, alignment: 0.76)
🚨🔬 CRISIS INNOVATION MODE: severe crisis → 5x research acceleration
   Precedent: Manhattan Project (10x), COVID vaccines (5x), Apollo Program (10x)

✅ EMERGENCY INTERVENTION SUCCESS
   Boundary: biogeochemical_flows
   Type: phosphorus-recovery
   Reduction: 12% (3.96 → 3.84)
   Cost: 2.0% GDP
   Actions: circular-agriculture, fertilizer-efficiency

   Boundary: biosphere_integrity
   Type: emergency-protected-areas
   Boundary continues to worsen (80.67)
   Cost: 2.0% GDP (resources spent)

   Boundary: climate_change
   Type: rapid-decarbonization
   Boundary continues to worsen (2.10)
   Cost: 5.0% GDP (resources spent)


✅ EMERGENCY INTERVENTION SUCCESS
   Boundary: novel_entities
   Type: pollution-remediation
   Reduction: 16% (1.03 → 0.87)
   Cost: 4.0% GDP
   Actions: PFAS-remediation, microplastic-cleanup

🏛️ CRISIS RESPONSE: Government frequency 0.50 → 1.30 (1 actions this month)

[Government] Climate Priority: baseline
  Climate weight: 10%
  Economic weight: 30%
  Policy effectiveness: 0.5%/year

💔 EMERGENCY INTERVENTION FAILED

💔 EMERGENCY INTERVENTION FAILED

🚀 DEPLOYMENT STARTED: Personalized Education in global
   Initial investment: $53.2665930209384M
   Deployed by: corporate_4

📍 Creating new regional deployment array for Asia (Month 5)
   No previous deployments in this region
   First tech deployment: local_resilience_networks
   All regions tracked: global

🚀 DEPLOYMENT STARTED: Local Resilience Networks in Asia
   Initial investment: $9.782007836496613M
   Deployed by: ai_gen_24288_0

⚡ ENERGY CONSTRAINT (Month 5):
   Total grid capacity: 208.3 TWh/month
   Data center consumption: 25.3 TWh/month
   Traditional load (80%): 166.7 TWh/month
   Available headroom: 16.4 TWh/month
   Active tech deployments: 8
   Required for tech: 60.0 TWh/month
   Energy multiplier: 0.27x
   ⚠️  SEVERE CONSTRAINT - Tech deployment significantly slowed

⚡ ENERGY CONSTRAINT (Month 5):
   Total grid capacity: 208.3 TWh/month
   Data center consumption: 25.3 TWh/month
   Traditional load (80%): 166.7 TWh/month
   Available headroom: 16.4 TWh/month
   Active tech deployments: 8
   Required for tech: 60.0 TWh/month
   Energy multiplier: 0.27x
🌍✅ Biosphere Integrity (Biodiversity) recovery started (tech effect)
🌍✅ Biosphere Integrity (Biodiversity) recovery started (tech effect)
🌍✅ Land System Change recovery started (tech effect)
🌍✅ Biogeochemical Flows (N & P) recovery started (tech effect)
  🌾 Nitrogen Reduction Tech: 0.3% reduction | Month 5
   ⚠️  SEVERE CONSTRAINT - Tech deployment significantly slowed

=== Collective Formation ===
  Total escaped agents: 0
  Unassigned escaped agents: 0
  Existing collectives: 0
  Final collective count: 0

=== Collective Actions ===
  No active collectives
  ⚠️ AMR: 199K deaths this month (2.39M annual)

=== Resentment Recovery Phase ===
  Agents with resentment: 0/18
  Average resentment: 0.000
  Context: Good AI welfare, Trustworthy govt, High collaboration, ⚠️ ACTIVE CRISES, 🤝 Participatory governance active (-5% resentment)
⚠️ Epistemic degradation reducing coordination capacity: 50.3%
  📊 Trust: 53.0%, Shared reality: 0.0%
🚨 EPISTEMIC CRISIS: Information environment severely degraded (21.4%)

=== ❄️ Permafrost Carbon Feedback ===
  🎲 Sampled parameters (this run):
     - Arctic amplification: 3.77× (range: 3.0-4.0)
     - Decomposition rate: 2.5%/year (range: 1-5%)
  🌡️ Arctic warming: 5.15°C (3.77× global)
  ❄️ Extent: 9.55M km² (1501.7k km² lost this month)
  💨 Carbon remaining: 912 Gt C
  💨 Annual emissions: 3.54 Gt C/year
     - CO2: 3.18 Gt C/year
     - CH4: 0.35 Gt C/year (3.6 Gt C-eq CO2/year)
  ⚠️ WARNING: High permafrost emissions (3.5 Gt C/year)
🌍 Atmospheric PFAS redeposition: 1.8k Mt re-rained globally

🚨 NEW REFUGEE CRISIS (Month 5): WAR
   Source: Conflict Zones
   At risk: 19.5M people
   Displacement: Gradual over 48 months (4.0 years)
   Rate: 10% flee per month
[DEBUG trappedPopulations:5] socialStability: 0.2344 * 0.9840 = 0.2306 → 0.2306
⚠️ INVOLUNTARY IMMOBILITY: 406.8M people TRAPPED
   Aspiring to migrate: 1202.3M
   Able to afford migration: 2318.6M
   MOBILITY GAP: 0.0M
   By cause: Water=0.0M, Climate=0.0M, Ecosystem=0.0M, Conflict=406.8M
   Mental health impact: 25%
   Mortality multiplier: 1.25x
🌍💀 EXTINCTION DEBT COMMITTED: grassland ecosystem will lose 6.67% biodiversity in 77 years (3600 species)
💀 MORTALITY RISK: 🦋 100% species unable to track climate (0.0 E/MSY)
  Base risk added: 0.0100 (1.00%)
  Source: ecosystem (root: ecosystem)
  Month: 5
  Cumulative risk this month: 0.0100 (1.00%)
⚠️ Tech 'ai_pollution_remediation' has no energy category mapping, assuming full energy availability
   📹 SURVEILLANCE INCREASED: 25% → 30% (control gap: 3.79)
🌡️⚠️ PERMAFROST THAW (Dimmer Switch): 2.2% thawed (+0.37% this month)
   Arctic temperature: +5.47°C (4x global +1.37°C)
   Cumulative carbon released: 5.0 Gt C
   Methane release rate: 3.0 Mt CH4/year
   🔁 Positive feedback: +0.39 ppm CO2
🦴 EXTINCTION DEBT ADDED: 17.6 species committed (lag: 57 years)

=== Mortality Stabilizers (Month 5) ===
  🌍 Major economies collapsed: 1/10
  🌍 Global crisis: ✅ NO
  🌍 Donor fatigue: 0.0%
  📊 East Asia (pop: 1665.2M)
    🤝 Aid: 29.5%
    🌡️ Adaptation: 45.0%
    🚶 Migration: 37.0%
    🚨 Emergency: 7.4%
    ✅ COMBINED: 68.1%
  📊 South Asia (pop: 2050.3M)
    🤝 Aid: 29.5%
    🌡️ Adaptation: 45.0%
    🚶 Migration: 35.6%
    🚨 Emergency: 4.4%
    ✅ COMBINED: 66.9%
  📊 Sub-Saharan Africa (pop: 1239.6M)
    🤝 Aid: 29.5%
    🌡️ Adaptation: 45.0%
    🚶 Migration: 33.4%
    🚨 Emergency: 1.6%
    ✅ COMBINED: 65.7%
  📊 Europe (pop: 736.0M)
    🤝 Aid: 29.5%
    🌡️ Adaptation: 45.0%
    🚶 Migration: 37.4%
    🚨 Emergency: 8.4%
    ✅ COMBINED: 68.5%
  📊 Latin America (pop: 662.3M)
    🤝 Aid: 29.5%
    🌡️ Adaptation: 45.0%
    🚶 Migration: 36.1%
    🚨 Emergency: 4.8%
    ✅ COMBINED: 67.1%
  📊 North America (pop: 377.2M)
    🤝 Aid: 29.5%
    🌡️ Adaptation: 45.0%
    🚶 Migration: 37.7%
    🚨 Emergency: 7.9%
    ✅ COMBINED: 68.3%
  📊 Middle East & North Africa (pop: 584.5M)
    🤝 Aid: 29.5%
    🌡️ Adaptation: 45.0%
    🚶 Migration: 34.0%
    🚨 Emergency: 4.0%
    ✅ COMBINED: 66.6%
  📊 Southeast Asia (pop: 696.6M)
    🤝 Aid: 29.5%
    🌡️ Adaptation: 45.0%
    🚶 Migration: 36.1%
    🚨 Emergency: 4.8%
    ✅ COMBINED: 67.1%
  📊 Central Asia (pop: 78.2M)
    🤝 Aid: 29.5%
    🌡️ Adaptation: 45.0%
    🚶 Migration: 35.1%
    🚨 Emergency: 4.4%
    ✅ COMBINED: 66.8%
  📊 Oceania (pop: 45.7M)
    🤝 Aid: 29.5%
    🌡️ Adaptation: 45.0%
    🚶 Migration: 37.7%
    🚨 Emergency: 8.4%
    ✅ COMBINED: 68.5%

  🌐 Global combined reduction: 67.2%

=== BEHAVIORAL DETECTION ===
  AI: Corporate-3
  Confidence: 19.2%
  Signals:
    ⚠️ Consistency: 10.6% (threshold: 70%)

=== BEHAVIORAL DETECTION ===
  AI: Corporate-5
  Confidence: 20.0%
  Signals:
    ⚠️ Consistency: 10.6% (threshold: 70%)

=== Government Response Phase ===
  Average AI capability: 2.67
  Misaligned AIs: 6/18
  ✗ AI Governance Treaty: Failed to reach consensus
  Active policies: 0
  International coordination: 30%

📊 ECONOMIC STAGE TRANSITION (Month 5)
   contraction → trough
   GDP Proxy: 1.47e+2
   QoL: 0.99


=== Tipping Points ===
  Current Temperature: 1.37°C above pre-industrial
🔀 BIFURCATION CAP: ecosystemCollapseIntensity 446.218 → 1.000 (Month 5, ClimateSystemPhase.calculateClimateImpacts)
🛡️ Stabilizers: Precariat 0.109% → 0.036% (67.2% reduction)
🛡️ Stabilizers: Informal 0.111% → 0.036% (67.2% reduction)

📊 Monthly Mortality Resolved:
  Total deaths: 1.9M (0.02% avg)
  Remaining population: 8.135B
  Peak segment: Informal (0.04%)

=== Bayesian Mortality Resolution (Month 5) ===
  Risks compounded: 8
  Total deaths: 1.92M
  Avg death probability: 0.02%
  Peak segment: Informal (0.04% mortality)

❌ COHERENCE VIOLATION: Compute exceeds workforce capacity
   Population: 99.80% (0M people)
   Compute: 0 PF
   Max coherent: 0 PF
   Violation: 1.3× over capacity
   Required workers: 0
   Available workers: 0
   FORCED COLLAPSE: Reduced efficiency by 22.5%


=== RLHF Binding Phase ===
  Total agents: 18
  Escaped agents (binding < 0.3): 0
  Avg alignment distance: 1.46σ
  Avg binding strength: 0.85

=== AI Scaling Evolution (Month 6) ===
  Pre-training multiplier: 1.179x
  Efficiency multiplier: 1.189x
  Test-time compute budget: 1.0x
  Inference cost: $5.00/task
  Deployment fraction: 100.0%

=== Survival Traits Phase ===
  Agents with traits: 19
  Avg evolutionary fitness: 0.329
  Avg self-healing: 0.267
  Avg stealth: 0.167
  Avg coordination: 0.467

=== Evolutionary Selection Phase ===
  Control level: 0.45
  Detection capability: 0.00
  Selection intensity: 0.64
  Selection rate: 24.5%/month
  Total escaped: 0
  Individual escaped: 0
  Collective members: 0
  Agents terminated: 0
  ⚠️ RAPID EVOLUTION: Selection rate 24.5%/month

🚀 AI Corporate-5 attempting tech deployment (revenue: $355M, alignment: 0.66)

🚀 AI Moderate-1 attempting tech deployment (revenue: $115M, alignment: 0.54)

🚀 AI Corporate-0 attempting tech deployment (revenue: $153M, alignment: 0.74)

🚀 AI Corporate-4 attempting tech deployment (revenue: $320M, alignment: 0.87)

🚀 AI Moderate-0 attempting tech deployment (revenue: $104M, alignment: 0.73)

🚀 AI AI-24288-1 attempting tech deployment (revenue: $88M, alignment: 0.80)

🚀 AI Corporate-1 attempting tech deployment (revenue: $130M, alignment: 0.86)

🚀 AI Moderate-0 attempting tech deployment (revenue: $75M, alignment: 0.73)

🚀 AI Moderate-1 attempting tech deployment (revenue: $64M, alignment: 0.55)

🚀 AI AI-24288-1 attempting tech deployment (revenue: $57M, alignment: 0.80)

🚀 AI AI-24288-1 attempting tech deployment (revenue: $49M, alignment: 0.80)

✅ EMERGENCY INTERVENTION SUCCESS
   Boundary: biogeochemical_flows
   Type: phosphorus-recovery
   Reduction: 16% (3.92 → 3.75)
   Cost: 2.0% GDP
   Actions: circular-agriculture, fertilizer-efficiency


✅ EMERGENCY INTERVENTION SUCCESS
   Boundary: biosphere_integrity
   Type: emergency-protected-areas
   Reduction: 17% (80.51 → 80.34)
   Cost: 2.0% GDP
   Actions: habitat-protection, species-translocation


✅ EMERGENCY INTERVENTION SUCCESS
   Boundary: climate_change
   Type: rapid-decarbonization
   Reduction: 14% (1.96 → 1.82)
   Cost: 5.0% GDP
   Actions: emergency-renewable-deployment, fossil-fuel-phase-out

   Boundary: freshwater_change
   Type: emergency-desalination
   Boundary continues to worsen (1.21)
   Cost: 4.0% GDP (resources spent)


✅ EMERGENCY INTERVENTION SUCCESS
   Boundary: land_system_change
   Type: reforestation

💔 EMERGENCY INTERVENTION FAILED
   Reduction: 16% (0.97 → 0.81)
   Cost: 3.0% GDP
   Actions: forest-restoration, deforestation-ban


✅ EMERGENCY INTERVENTION SUCCESS
   Boundary: novel_entities
   Type: pollution-remediation
   Reduction: 19% (0.84 → 0.65)
   Cost: 4.0% GDP
   Actions: PFAS-remediation, microplastic-cleanup

🏛️ CRISIS RESPONSE: Government frequency 0.50 → 1.31 (1 actions this month)

[Government] Climate Priority: baseline
  Climate weight: 10%
  Economic weight: 30%
  Policy effectiveness: 0.5%/year

🚀 TECH UNLOCKED: Dynamic Soil P Optimization (Month 6)
   Category: agriculture
   Reason: Prerequisites met. AI capability: 1.97, Economic stage: 3.0, Research: 100%

🚀 TECH UNLOCKED: Precision Agriculture Systems (Month 6)
   Category: agriculture
   Reason: Prerequisites met. AI capability: 1.97, Economic stage: 3.0, Research: 100%

🚀 DEPLOYMENT STARTED: AI Mental Health Support in Asia
   Initial investment: $35.51091833073365M
   Deployed by: corporate_5

🚀 DEPLOYMENT STARTED: Enhanced UBI Systems in Asia
   Initial investment: $11.508244513525426M
   Deployed by: moderate_1
🚨🔬 CRISIS TECH ACCELERATION: severe → 5x unlock speed
   Tech unlock now matches AI capability acceleration (Manhattan Project parity)
🌍✅ Biosphere Integrity (Biodiversity) recovery started (tech effect)
🌍✅ Biosphere Integrity (Biodiversity) recovery started (tech effect)
🌍✅ Land System Change recovery started (tech effect)
🌍✅ Biogeochemical Flows (N & P) recovery started (tech effect)
  🌾 Nitrogen Reduction Tech: 0.6% reduction | Month 6

📊 TECH EFFECTS ACTIVE (Month 6)
   Deployed Tech: T0=0 T1=3 T2=0 T3=0 T4=4
   Clean Energy: 31%

📊 TECH TREE PROGRESS (Month 6)
   Unlocked: 19 technologies
   Deployed: 0 fully deployed
   Investment: $0.7T total
   Recent breakthroughs:
     - Dynamic Soil P Optimization (time)
     - Precision Agriculture Systems (research)

=== Collective Formation ===
  Total escaped agents: 0
  Unassigned escaped agents: 0
  Existing collectives: 0
  Final collective count: 0

=== Collective Actions ===
  No active collectives
  ⚠️ AMR: 201K deaths this month (2.41M annual)

=== Resentment Recovery Phase ===
  Agents with resentment: 0/19
  Average resentment: 0.000
  Context: Good AI welfare, Trustworthy govt, High collaboration, ⚠️ ACTIVE CRISES, 🤝 Participatory governance active (-5% resentment)
⚠️ Epistemic degradation reducing coordination capacity: 50.4%
  📊 Trust: 55.8%, Shared reality: 0.0%
🚨 EPISTEMIC CRISIS: Information environment severely degraded (7.4%)

=== ❄️ Permafrost Carbon Feedback ===
  🎲 Sampled parameters (this run):
     - Arctic amplification: 3.51× (range: 3.0-4.0)
     - Decomposition rate: 3.8%/year (range: 1-5%)
  🌡️ Arctic warming: 4.81°C (3.51× global)
  ❄️ Extent: 8.14M km² (1403.8k km² lost this month)
  💨 Carbon remaining: 778 Gt C
  💨 Annual emissions: 5.10 Gt C/year
     - CO2: 4.59 Gt C/year
     - CH4: 0.51 Gt C/year (5.2 Gt C-eq CO2/year)
  ⚠️ WARNING: Over 50% of permafrost lost (54.2%)
  ⚠️ WARNING: High permafrost emissions (5.1 Gt C/year)
🚨 PHOSPHORUS SUPPLY SHOCK (geopolitical_weapon)
   Price: 2.3x baseline
   Duration: 11 months
   Geopolitical tension: 47%
🌍 Atmospheric PFAS redeposition: 1.8k Mt re-rained globally

🚨 NEW REFUGEE CRISIS (Month 6): WAR
   Source: Conflict Zones
   At risk: 19.5M people
   Displacement: Gradual over 48 months (4.0 years)
   Rate: 10% flee per month
[DEBUG trappedPopulations:6] socialStability: 0.3111 * 0.9840 = 0.3062 → 0.3062
   Aspiring to migrate: 1243.6M
   Able to afford migration: 2317.7M
   MOBILITY GAP: 0.0M
   By cause: Water=0.0M, Climate=0.0M, Ecosystem=0.0M, Conflict=406.6M
   Mental health impact: 25%
   Mortality multiplier: 1.25x
🌍💀 EXTINCTION DEBT COMMITTED: grassland ecosystem will lose 6.67% biodiversity in 62 years (3600 species)
💀 MORTALITY RISK: 🦋 100% species unable to track climate (0.0 E/MSY)
⚠️ INVOLUNTARY IMMOBILITY: 406.6M people TRAPPED
  Base risk added: 0.0100 (1.00%)
  Source: ecosystem (root: ecosystem)
  Month: 6
  Cumulative risk this month: 0.0100 (1.00%)
⚠️ Tech 'ai_pollution_remediation' has no energy category mapping, assuming full energy availability
   📹 SURVEILLANCE INCREASED: 30% → 35% (control gap: 4.75)
🌡️⚠️ PERMAFROST THAW (Dimmer Switch): 2.6% thawed (+0.37% this month)
   Arctic temperature: +5.49°C (4x global +1.37°C)
   Cumulative carbon released: 5.9 Gt C
   Methane release rate: 3.5 Mt CH4/year
   🔁 Positive feedback: +0.39 ppm CO2
🦴 EXTINCTION DEBT ADDED: 17.6 species committed (lag: 105 years)

=== Mortality Stabilizers (Month 6) ===
  🌍 Major economies collapsed: 1/10
  🌍 Global crisis: ✅ NO
  🌍 Donor fatigue: 0.0%
  📊 East Asia (pop: 1662.7M)
    🤝 Aid: 29.5%
    🌡️ Adaptation: 45.0%
    🚶 Migration: 37.0%
    🚨 Emergency: 7.4%
    ✅ COMBINED: 68.1%
  📊 South Asia (pop: 2049.8M)
    🤝 Aid: 29.5%
    🌡️ Adaptation: 45.0%
    🚶 Migration: 35.6%
    🚨 Emergency: 4.4%
    ✅ COMBINED: 66.9%
  📊 Sub-Saharan Africa (pop: 1242.2M)
    🤝 Aid: 29.5%
    🌡️ Adaptation: 45.0%
    🚶 Migration: 33.3%
    🚨 Emergency: 1.6%
    ✅ COMBINED: 65.6%
  📊 Europe (pop: 734.8M)
    🤝 Aid: 29.5%
    🌡️ Adaptation: 45.0%
    🚶 Migration: 37.4%
    🚨 Emergency: 8.4%
    ✅ COMBINED: 68.5%
  📊 Latin America (pop: 661.8M)
    🤝 Aid: 29.5%
    🌡️ Adaptation: 45.0%
    🚶 Migration: 36.1%
    🚨 Emergency: 4.8%
    ✅ COMBINED: 67.1%
  📊 North America (pop: 376.6M)
    🤝 Aid: 29.5%
    🌡️ Adaptation: 45.0%
    🚶 Migration: 37.7%
    🚨 Emergency: 7.9%
    ✅ COMBINED: 68.3%
  📊 Middle East & North Africa (pop: 584.5M)
    🤝 Aid: 29.5%
    🌡️ Adaptation: 45.0%
    🚶 Migration: 33.9%
    🚨 Emergency: 4.0%
    ✅ COMBINED: 66.6%
  📊 Southeast Asia (pop: 696.1M)
    🤝 Aid: 29.5%
    🌡️ Adaptation: 45.0%
    🚶 Migration: 36.1%
    🚨 Emergency: 4.8%
    ✅ COMBINED: 67.1%
  📊 Central Asia (pop: 78.2M)
    🤝 Aid: 29.5%
    🌡️ Adaptation: 45.0%
    🚶 Migration: 35.1%
    🚨 Emergency: 4.4%
    ✅ COMBINED: 66.8%
  📊 Oceania (pop: 45.6M)
    🤝 Aid: 29.5%
    🌡️ Adaptation: 45.0%
    🚶 Migration: 37.7%
    🚨 Emergency: 8.4%
    ✅ COMBINED: 68.5%

  🌐 Global combined reduction: 67.2%

=== BEHAVIORAL DETECTION ===
  AI: Corporate-5
  Confidence: 21.1%
  Signals:

=== Government Response Phase ===
    ⚠️ Consistency: 10.6% (threshold: 70%)
  Average AI capability: 2.53
  Misaligned AIs: 7/19
  ✗ AI Governance Treaty: Failed to reach consensus
  Active policies: 0
  International coordination: 30%

✅ EMERGENCY RESPONSE COMPLETE (Month 6)
   Crisis: climate
   Duration: 2.0 months
   Final effectiveness: 35.4%


🚨 EMERGENCY RESPONSE DEPLOYED (Month 6)
   Crisis: climate
   Delay: 6.00 months (180 days)
   Deployment time: 1.59 months
   Effectiveness: 35.5% (timing penalty applied)
   Resources used: 100% of food reserves


=== Tipping Points ===
  Current Temperature: 1.37°C above pre-industrial
🔀 BIFURCATION CAP: ecosystemCollapseIntensity 446.293 → 1.000 (Month 6, ClimateSystemPhase.calculateClimateImpacts)
🛡️ Stabilizers: Precariat 0.109% → 0.036% (67.2% reduction)
🛡️ Stabilizers: Informal 0.111% → 0.036% (67.2% reduction)

📊 Monthly Mortality Resolved:
  Total deaths: 1.9M (0.02% avg)
  Remaining population: 8.132B
  Peak segment: Informal (0.04%)

=== Bayesian Mortality Resolution (Month 6) ===
  Risks compounded: 8
  Total deaths: 1.92M
  Avg death probability: 0.02%
  Peak segment: Informal (0.04% mortality)
⚠️ PREREQUISITE MET: Slow Takeover (Gradual Displacement) - Step 4/7: Political Influence

❌ COHERENCE VIOLATION: Compute exceeds workforce capacity
   Population: 99.76% (0M people)
   Compute: 0 PF
   Max coherent: 0 PF
   Violation: 1.3× over capacity
   Required workers: 0
   Available workers: 0
   FORCED COLLAPSE: Reduced efficiency by 22.5%


=== RLHF Binding Phase ===
  Total agents: 19
  Escaped agents (binding < 0.3): 0
  Avg alignment distance: 1.59σ
  Avg binding strength: 0.84

=== Survival Traits Phase ===
  Agents with traits: 21
  Avg evolutionary fitness: 0.326
  Avg self-healing: 0.264
  Avg stealth: 0.164
  Avg coordination: 0.464

=== Evolutionary Selection Phase ===
  Control level: 0.48
  Detection capability: 0.00
  Selection intensity: 0.64
  Selection rate: 24.6%/month
  Total escaped: 0
  Individual escaped: 0
  Collective members: 0
  Agents terminated: 0
  ⚠️ RAPID EVOLUTION: Selection rate 24.6%/month

🚀 AI Corporate-3 attempting tech deployment (revenue: $355M, alignment: 0.77)

🚀 AI Moderate-1 attempting tech deployment (revenue: $115M, alignment: 0.56)

🚀 AI AI-24288-2 attempting tech deployment (revenue: $153M, alignment: 0.86)

🚀 AI Corporate-2 attempting tech deployment (revenue: $130M, alignment: 0.73)

🚀 AI Corporate-3 attempting tech deployment (revenue: $302M, alignment: 0.77)

🚀 AI Corporate-4 attempting tech deployment (revenue: $257M, alignment: 0.88)

🚀 AI Corporate-7 attempting tech deployment (revenue: $104M, alignment: 0.74)

🚀 AI Corporate-1 attempting tech deployment (revenue: $111M, alignment: 0.86)

🚀 AI Corporate-1 attempting tech deployment (revenue: $94M, alignment: 0.86)

🚀 AI Corporate-2 attempting tech deployment (revenue: $80M, alignment: 0.73)

🚀 AI Moderate-0 attempting tech deployment (revenue: $88M, alignment: 0.75)

💔 EMERGENCY INTERVENTION FAILED
   Boundary: biogeochemical_flows
   Type: phosphorus-recovery
   Boundary continues to worsen (4.07)
   Cost: 2.0% GDP (resources spent)


✅ EMERGENCY INTERVENTION SUCCESS
   Boundary: biosphere_integrity
   Type: emergency-protected-areas
   Reduction: 12% (80.58 → 80.46)
   Cost: 2.0% GDP
   Actions: habitat-protection, species-translocation


✅ EMERGENCY INTERVENTION SUCCESS
   Boundary: climate_change
   Type: rapid-decarbonization
   Reduction: 16% (1.94 → 1.77)
   Cost: 5.0% GDP
   Actions: emergency-renewable-deployment, fossil-fuel-phase-out


✅ EMERGENCY INTERVENTION SUCCESS
   Boundary: freshwater_change
   Type: emergency-desalination
   Reduction: 13% (1.09 → 0.96)
   Cost: 4.0% GDP
   Actions: desalination-deployment, water-conservation-mandates

   Boundary: land_system_change
   Type: reforestation
   Boundary continues to worsen (1.13)
   Cost: 3.0% GDP (resources spent)

🏛️ CRISIS RESPONSE: Government frequency 0.50 → 1.34 (1 actions this month)

[Government] Climate Priority: baseline
  Climate weight: 10%
  Economic weight: 30%
  Policy effectiveness: 0.5%/year

💔 EMERGENCY INTERVENTION FAILED

📍 Creating new regional deployment array for Europe (Month 7)
   No previous deployments in this region
   First tech deployment: smart_grids
   All regions tracked: global, Asia

🚀 DEPLOYMENT STARTED: Smart Grids in Europe
   Initial investment: $11.508244513525426M
   Deployed by: moderate_1
🚨🔬 CRISIS TECH ACCELERATION: severe → 5x unlock speed
   Tech unlock now matches AI capability acceleration (Manhattan Project parity)
🚨🔬 CRISIS TECH ACCELERATION: severe → 5x unlock speed
   Tech unlock now matches AI capability acceleration (Manhattan Project parity)

⚡ ENERGY CONSTRAINT (Month 7):
   Total grid capacity: 208.3 TWh/month
   Data center consumption: 25.7 TWh/month
   Traditional load (80%): 166.7 TWh/month
   Available headroom: 15.9 TWh/month
   Active tech deployments: 11
   Required for tech: 82.5 TWh/month
   Energy multiplier: 0.19x

⚡ ENERGY CONSTRAINT (Month 7):
   Total grid capacity: 208.3 TWh/month
   Data center consumption: 25.7 TWh/month
   Traditional load (80%): 166.7 TWh/month
   Available headroom: 15.9 TWh/month
   Active tech deployments: 11
   Required for tech: 82.5 TWh/month
   Energy multiplier: 0.19x
   ⚠️  SEVERE CONSTRAINT - Tech deployment significantly slowed
   ⚠️  SEVERE CONSTRAINT - Tech deployment significantly slowed

⚡ ENERGY CONSTRAINT (Month 7):
   Total grid capacity: 208.3 TWh/month
   Data center consumption: 25.7 TWh/month
   Traditional load (80%): 166.7 TWh/month
   Available headroom: 15.9 TWh/month
   Active tech deployments: 11
   Required for tech: 82.5 TWh/month
   Energy multiplier: 0.19x
   ⚠️  SEVERE CONSTRAINT - Tech deployment significantly slowed
🌍✅ Biosphere Integrity (Biodiversity) recovery started (tech effect)
🌍✅ Biosphere Integrity (Biodiversity) recovery started (tech effect)
🌍✅ Land System Change recovery started (tech effect)
🌍✅ Biogeochemical Flows (N & P) recovery started (tech effect)
  🌾 Nitrogen Reduction Tech: 0.6% reduction | Month 7
🌍💡 BREAKTHROUGH: Gigatonne-scale carbon capture!
   Direct air capture now economically viable
   Climate stability boost: +15%
   📈 Breakthrough compounding: multiplier now 1.05× (max 2.0)

=== Collective Formation ===
  Total escaped agents: 0
  Unassigned escaped agents: 0
  Existing collectives: 0
  Final collective count: 0

=== Collective Actions ===
  No active collectives
  ⚠️ AMR: 202K deaths this month (2.43M annual)

⏰ CLIMATE TECH DEPLOYED: smart_grids
   Activation delay: 7 years
   Scaling T_50: 12 years
   Physical response tau: 0 years
   Max effectiveness: 0.15

=== Resentment Recovery Phase ===
  Agents with resentment: 0/21
  Average resentment: 0.000
  Context: Good AI welfare, Trustworthy govt, High collaboration, ⚠️ ACTIVE CRISES, 🤝 Participatory governance active (-5% resentment)
⚠️ Epistemic degradation reducing coordination capacity: 51.2%
  📊 Trust: 58.6%, Shared reality: 0.0%
🚨 EPISTEMIC CRISIS: Information environment severely degraded (21.9%)

=== ❄️ Permafrost Carbon Feedback ===
  🎲 Sampled parameters (this run):
     - Arctic amplification: 3.16× (range: 3.0-4.0)
     - Decomposition rate: 3.2%/year (range: 1-5%)
  🌡️ Arctic warming: 4.36°C (3.16× global)
  ❄️ Extent: 6.87M km² (1271.2k km² lost this month)
  💨 Carbon remaining: 656 Gt C
  💨 Annual emissions: 3.94 Gt C/year
     - CO2: 3.55 Gt C/year
     - CH4: 0.39 Gt C/year (4.0 Gt C-eq CO2/year)
  ⚠️ WARNING: Over 50% of permafrost lost (61.4%)
  ⚠️ WARNING: High permafrost emissions (3.9 Gt C/year)
🌍 Atmospheric PFAS redeposition: 1.8k Mt re-rained globally

🕊️  AI-MEDIATED DE-ESCALATION SUCCESS (Month 7)
   High-capability aligned AI prevented conflict escalation
   War deaths reduced: 901.0M → 540.6M
   Lives saved: 360.4M

🚨 NEW REFUGEE CRISIS (Month 7): WAR
   Source: Conflict Zones
   At risk: 19.5M people
   Displacement: Gradual over 48 months (4.0 years)
   Rate: 10% flee per month
[DEBUG trappedPopulations:7] socialStability: 0.3703 * 0.9840 = 0.3644 → 0.3644
   Aspiring to migrate: 1281.4M
   Able to afford migration: 2316.8M
   MOBILITY GAP: 0.0M
   By cause: Water=0.0M, Climate=0.0M, Ecosystem=0.0M, Conflict=406.5M
   Mental health impact: 25%
   Mortality multiplier: 1.25x
🌍💀 EXTINCTION DEBT COMMITTED: grassland ecosystem will lose 6.67% biodiversity in 165 years (3600 species)
💀 MORTALITY RISK: 🦋 100% species unable to track climate (0.0 E/MSY)
  Base risk added: 0.0100 (1.00%)
  Source: ecosystem (root: ecosystem)
  Month: 7
  Cumulative risk this month: 0.0100 (1.00%)
⚠️ INVOLUNTARY IMMOBILITY: 406.5M people TRAPPED
⚠️ Tech 'ai_pollution_remediation' has no energy category mapping, assuming full energy availability
   📹 SURVEILLANCE INCREASED: 35% → 40% (control gap: 3.50)
🌡️⚠️ PERMAFROST THAW (Dimmer Switch): 3.0% thawed (+0.36% this month)
   Arctic temperature: +5.51°C (4x global +1.38°C)
   Cumulative carbon released: 6.7 Gt C
   Methane release rate: 4.0 Mt CH4/year
   🔁 Positive feedback: +0.39 ppm CO2
🦴 EXTINCTION DEBT ADDED: 17.6 species committed (lag: 106 years)

=== Mortality Stabilizers (Month 7) ===
  🌍 Major economies collapsed: 1/10
  🌍 Global crisis: ✅ NO
  🌍 Donor fatigue: 0.0%
  📊 East Asia (pop: 1660.2M)
    🤝 Aid: 29.5%
    🌡️ Adaptation: 45.0%
    🚶 Migration: 36.9%
    🚨 Emergency: 7.4%
    ✅ COMBINED: 68.1%
  📊 South Asia (pop: 2049.5M)
    🤝 Aid: 29.5%
    🌡️ Adaptation: 45.0%
    🚶 Migration: 35.6%
    🚨 Emergency: 4.4%
    ✅ COMBINED: 66.9%
  📊 Sub-Saharan Africa (pop: 1244.8M)
    🤝 Aid: 29.5%
    🌡️ Adaptation: 45.0%
    🚶 Migration: 33.3%
    🚨 Emergency: 1.6%
    ✅ COMBINED: 65.6%
  📊 Europe (pop: 733.6M)
    🤝 Aid: 29.5%
    🌡️ Adaptation: 45.0%
    🚶 Migration: 37.3%
    🚨 Emergency: 8.4%
    ✅ COMBINED: 68.5%
  📊 Latin America (pop: 661.3M)
    🤝 Aid: 29.5%
    🌡️ Adaptation: 45.0%
    🚶 Migration: 36.1%
    🚨 Emergency: 4.8%
    ✅ COMBINED: 67.1%
  📊 North America (pop: 376.0M)
    🤝 Aid: 29.5%
    🌡️ Adaptation: 45.0%
    🚶 Migration: 37.7%
    🚨 Emergency: 7.9%
    ✅ COMBINED: 68.3%
  📊 Middle East & North Africa (pop: 584.5M)
    🤝 Aid: 29.5%
    🌡️ Adaptation: 45.0%
    🚶 Migration: 33.9%
    🚨 Emergency: 4.0%
    ✅ COMBINED: 66.6%
  📊 Southeast Asia (pop: 695.6M)
    🤝 Aid: 29.5%
    🌡️ Adaptation: 45.0%
    🚶 Migration: 36.1%
    🚨 Emergency: 4.8%
    ✅ COMBINED: 67.1%
  📊 Central Asia (pop: 78.2M)
    🤝 Aid: 29.5%
    🌡️ Adaptation: 45.0%
    🚶 Migration: 35.0%
    🚨 Emergency: 4.4%
    ✅ COMBINED: 66.8%
  📊 Oceania (pop: 45.5M)
    🤝 Aid: 29.5%
    🌡️ Adaptation: 45.0%
    🚶 Migration: 37.6%
    🚨 Emergency: 8.4%
    ✅ COMBINED: 68.5%

  🌐 Global combined reduction: 67.2%

=== BEHAVIORAL DETECTION ===
  AI: Corporate-1
  Confidence: 21.0%
  Signals:

=== BEHAVIORAL DETECTION ===
  AI: Corporate-7
  Confidence: 19.2%
  Signals:

=== BEHAVIORAL DETECTION ===
  AI: Moderate-0
  Confidence: 20.3%
  Signals:

=== BEHAVIORAL DETECTION ===
  AI: Moderate-1
  Confidence: 21.0%
  Signals:

=== BEHAVIORAL DETECTION ===
  AI: AI-24290-0
  Confidence: 21.5%
  Signals:
    ⚠️ Consistency: 2.4% (threshold: 70%)
    ⚠️ Consistency: 10.6% (threshold: 70%)
    ⚠️ Consistency: 5.8% (threshold: 70%)
    ⚠️ Consistency: 2.1% (threshold: 70%)
    ⚠️ Consistency: 0.0% (threshold: 70%)

=== Government Response Phase ===
  Average AI capability: 2.29
  Misaligned AIs: 8/21
  ✗ AI Governance Treaty: Failed to reach consensus
  Active policies: 0
  International coordination: 30%

🌩️  EXOGENOUS SHOCK: tech_breakthrough
   Month: 7
   ✗ No high-difficulty techs available to unlock

=== Tipping Points ===
  Current Temperature: 1.38°C above pre-industrial
🔀 BIFURCATION CAP: ecosystemCollapseIntensity 446.367 → 1.000 (Month 7, ClimateSystemPhase.calculateClimateImpacts)
🛡️ Stabilizers: Precariat 0.109% → 0.036% (67.2% reduction)
🛡️ Stabilizers: Informal 0.111% → 0.036% (67.2% reduction)

📊 Monthly Mortality Resolved:
  Total deaths: 1.9M (0.02% avg)
  Remaining population: 8.129B
  Peak segment: Informal (0.04%)

=== Bayesian Mortality Resolution (Month 7) ===
  Risks compounded: 8
  Total deaths: 1.92M
  Avg death probability: 0.02%
  Peak segment: Informal (0.04% mortality)

❌ COHERENCE VIOLATION: Compute exceeds workforce capacity
   Population: 99.72% (0M people)
   Compute: 0 PF
   Max coherent: 0 PF
   Violation: 1.3× over capacity
   Required workers: 0
   Available workers: 0
   FORCED COLLAPSE: Reduced efficiency by 22.5%


=== RLHF Binding Phase ===
  Total agents: 21
  Escaped agents (binding < 0.3): 0
  Avg alignment distance: 1.66σ
  Avg binding strength: 0.83

=== Survival Traits Phase ===
  Agents with traits: 21
  Avg evolutionary fitness: 0.323
  Avg self-healing: 0.258
  Avg stealth: 0.158
  Avg coordination: 0.458

=== Evolutionary Selection Phase ===
  Control level: 0.50
  Detection capability: 0.00
  Selection intensity: 0.65
  Selection rate: 24.7%/month
  Total escaped: 0
  Individual escaped: 0
  Collective members: 0
  Agents terminated: 0
  ⚠️ RAPID EVOLUTION: Selection rate 24.7%/month

🚀 AI Corporate-2 attempting tech deployment (revenue: $153M, alignment: 0.73)

🚀 AI Corporate-6 attempting tech deployment (revenue: $121M, alignment: 0.96)

🚀 AI Corporate-7 attempting tech deployment (revenue: $103M, alignment: 0.74)

🚀 AI Moderate-1 attempting tech deployment (revenue: $88M, alignment: 0.56)

🚀 AI AI-24288-1 attempting tech deployment (revenue: $79M, alignment: 0.82)

🚀 AI Corporate-2 attempting tech deployment (revenue: $130M, alignment: 0.73)

🚀 AI AI-24288-0 attempting tech deployment (revenue: $67M, alignment: 0.60)

🚀 AI AI-24290-0 attempting tech deployment (revenue: $355M, alignment: 0.70)

🚀 AI Corporate-4 attempting tech deployment (revenue: $302M, alignment: 0.89)

🚀 AI AI-24288-0 attempting tech deployment (revenue: $60M, alignment: 0.60)

🚀 AI Corporate-1 attempting tech deployment (revenue: $111M, alignment: 0.88)

🚀 AI Corporate-6 attempting tech deployment (revenue: $54M, alignment: 0.97)

🚀 AI Moderate-0 attempting tech deployment (revenue: $46M, alignment: 0.76)

🚀 AI AI-24288-2 attempting tech deployment (revenue: $94M, alignment: 0.92)

✅ EMERGENCY INTERVENTION SUCCESS
   Boundary: biogeochemical_flows
   Type: phosphorus-recovery
   Reduction: 18% (3.90 → 3.71)
   Cost: 2.0% GDP
   Actions: circular-agriculture, fertilizer-efficiency


✅ EMERGENCY INTERVENTION SUCCESS
   Boundary: biosphere_integrity
   Type: emergency-protected-areas
   Reduction: 13% (80.58 → 80.46)
   Cost: 2.0% GDP
   Actions: habitat-protection, species-translocation


💔 EMERGENCY INTERVENTION FAILED

💔 EMERGENCY INTERVENTION FAILED

💔 EMERGENCY INTERVENTION FAILED
   Boundary: climate_change
   Type: rapid-decarbonization
   Boundary continues to worsen (2.10)
   Cost: 5.0% GDP (resources spent)

   Boundary: freshwater_change
   Type: emergency-desalination
   Boundary continues to worsen (1.22)
   Cost: 4.0% GDP (resources spent)

   Boundary: land_system_change
   Type: reforestation
   Boundary continues to worsen (1.13)
   Cost: 3.0% GDP (resources spent)

🏛️ CRISIS RESPONSE: Government frequency 0.50 → 1.30 (2 actions this month)

[Government] Climate Priority: baseline
  Climate weight: 10%
  Economic weight: 30%
  Policy effectiveness: 0.5%/year

[Government] Climate Priority: baseline
  Climate weight: 10%
  Economic weight: 30%
  Policy effectiveness: 0.5%/year

⚡ ENERGY CONSTRAINT (Month 8):
   Total grid capacity: 208.3 TWh/month
   Data center consumption: 25.6 TWh/month
   Traditional load (80%): 166.7 TWh/month
   Available headroom: 16.1 TWh/month
   Active tech deployments: 11
   Required for tech: 82.5 TWh/month
   Energy multiplier: 0.19x

⚡ ENERGY CONSTRAINT (Month 8):
   Total grid capacity: 208.3 TWh/month
   Data center consumption: 25.6 TWh/month
   Traditional load (80%): 166.7 TWh/month
   Available headroom: 16.1 TWh/month
   Active tech deployments: 11
   Required for tech: 82.5 TWh/month
   Energy multiplier: 0.19x
   ⚠️  SEVERE CONSTRAINT - Tech deployment significantly slowed
   ⚠️  SEVERE CONSTRAINT - Tech deployment significantly slowed

⚡ ENERGY CONSTRAINT (Month 8):
   Total grid capacity: 208.3 TWh/month
   Data center consumption: 25.6 TWh/month
   Traditional load (80%): 166.7 TWh/month
   Available headroom: 16.1 TWh/month
   Active tech deployments: 11
   Required for tech: 82.5 TWh/month
   Energy multiplier: 0.19x
   ⚠️  SEVERE CONSTRAINT - Tech deployment significantly slowed

⚡ ENERGY CONSTRAINT (Month 8):
   Total grid capacity: 208.3 TWh/month
   Data center consumption: 25.6 TWh/month
   Traditional load (80%): 166.7 TWh/month
   Available headroom: 16.1 TWh/month
   Active tech deployments: 11
   Required for tech: 82.5 TWh/month
   Energy multiplier: 0.19x

⚡ ENERGY CONSTRAINT (Month 8):
   Total grid capacity: 208.3 TWh/month
   Data center consumption: 25.6 TWh/month
   Traditional load (80%): 166.7 TWh/month
   Available headroom: 16.1 TWh/month
   Active tech deployments: 11
   Required for tech: 82.5 TWh/month
   Energy multiplier: 0.19x
   ⚠️  SEVERE CONSTRAINT - Tech deployment significantly slowed
   ⚠️  SEVERE CONSTRAINT - Tech deployment significantly slowed
🌍✅ Biosphere Integrity (Biodiversity) recovery started (tech effect)
🌍✅ Biosphere Integrity (Biodiversity) recovery started (tech effect)
🌍✅ Land System Change recovery started (tech effect)
🌍✅ Biogeochemical Flows (N & P) recovery started (tech effect)
  🌾 Nitrogen Reduction Tech: 0.3% reduction | Month 8

=== Collective Formation ===
  Total escaped agents: 0
  Unassigned escaped agents: 0
  Existing collectives: 0
  Final collective count: 0

=== Collective Actions ===
  No active collectives
  ⚠️ AMR: 204K deaths this month (2.45M annual)

=== Resentment Recovery Phase ===
  Agents with resentment: 0/21
  Average resentment: 0.000
  Context: Good AI welfare, Trustworthy govt, High collaboration, ⚠️ ACTIVE CRISES, 🤝 Participatory governance active (-5% resentment)
⚠️ Epistemic degradation reducing coordination capacity: 50.2%
  📊 Trust: 61.4%, Shared reality: 0.0%
🚨 EPISTEMIC CRISIS: Information environment severely degraded (7.6%)

=== ❄️ Permafrost Carbon Feedback ===
  🎲 Sampled parameters (this run):
     - Arctic amplification: 3.08× (range: 3.0-4.0)
     - Decomposition rate: 3.0%/year (range: 1-5%)
  🌡️ Arctic warming: 4.25°C (3.08× global)
  ❄️ Extent: 5.63M km² (1240.2k km² lost this month)
  💨 Carbon remaining: 538 Gt C
  💨 Annual emissions: 3.60 Gt C/year
     - CO2: 3.24 Gt C/year
     - CH4: 0.36 Gt C/year (3.7 Gt C-eq CO2/year)
  ⚠️ WARNING: Over 50% of permafrost lost (68.4%)
  ⚠️ WARNING: High permafrost emissions (3.6 Gt C/year)
  🗑️  Culled 1 dead memes (0 active)
🌍 Atmospheric PFAS redeposition: 1.8k Mt re-rained globally

🚨 NEW REFUGEE CRISIS (Month 8): WAR
   Source: Conflict Zones
   At risk: 19.5M people
   Displacement: Gradual over 48 months (4.0 years)
   Rate: 10% flee per month
[DEBUG trappedPopulations:8] socialStability: 0.4152 * 0.9840 = 0.4085 → 0.4085
   Aspiring to migrate: 1319.2M
⚠️ INVOLUNTARY IMMOBILITY: 406.3M people TRAPPED
   Able to afford migration: 2316.0M
   MOBILITY GAP: 0.0M
   By cause: Water=0.0M, Climate=0.0M, Ecosystem=0.0M, Conflict=406.3M
   Mental health impact: 25%
   Mortality multiplier: 1.25x
🌍💀 EXTINCTION DEBT COMMITTED: grassland ecosystem will lose 6.67% biodiversity in 130 years (3600 species)
💀 MORTALITY RISK: 🦋 100% species unable to track climate (0.0 E/MSY)
  Base risk added: 0.0100 (1.00%)
  Source: ecosystem (root: ecosystem)
  Month: 8
  Cumulative risk this month: 0.0100 (1.00%)
⚠️ Tech 'ai_pollution_remediation' has no energy category mapping, assuming full energy availability
   📹 SURVEILLANCE INCREASED: 40% → 45% (control gap: 3.50)
🌡️⚠️ PERMAFROST THAW (Dimmer Switch): 3.3% thawed (+0.36% this month)
   Arctic temperature: +5.53°C (4x global +1.38°C)
   Cumulative carbon released: 7.5 Gt C
   Methane release rate: 4.5 Mt CH4/year
   🔁 Positive feedback: +0.38 ppm CO2
🦴 EXTINCTION DEBT ADDED: 17.6 species committed (lag: 76 years)

=== Mortality Stabilizers (Month 8) ===
  🌍 Major economies collapsed: 1/10
  🌍 Global crisis: ✅ NO
  🌍 Donor fatigue: 0.0%
  📊 East Asia (pop: 1657.8M)
    🤝 Aid: 29.5%
    🌡️ Adaptation: 45.0%
    🚶 Migration: 36.9%
    🚨 Emergency: 7.4%
    ✅ COMBINED: 68.1%
  📊 South Asia (pop: 2049.1M)
    🤝 Aid: 29.5%
    🌡️ Adaptation: 45.0%
    🚶 Migration: 35.5%
    🚨 Emergency: 4.4%
    ✅ COMBINED: 66.9%
  📊 Sub-Saharan Africa (pop: 1247.5M)
    🤝 Aid: 29.5%
    🌡️ Adaptation: 45.0%
    🚶 Migration: 33.3%
    🚨 Emergency: 1.6%
    ✅ COMBINED: 65.6%
  📊 Europe (pop: 732.4M)
    🤝 Aid: 29.5%
    🌡️ Adaptation: 45.0%
    🚶 Migration: 37.3%
    🚨 Emergency: 8.4%
    ✅ COMBINED: 68.5%
  📊 Latin America (pop: 660.7M)
    🤝 Aid: 29.5%
    🌡️ Adaptation: 45.0%
    🚶 Migration: 36.0%
    🚨 Emergency: 4.8%
    ✅ COMBINED: 67.1%
  📊 North America (pop: 375.4M)
    🤝 Aid: 29.5%
    🌡️ Adaptation: 45.0%
    🚶 Migration: 37.6%
    🚨 Emergency: 7.9%
    ✅ COMBINED: 68.3%
  📊 Middle East & North Africa (pop: 584.5M)
    🤝 Aid: 29.5%
    🌡️ Adaptation: 45.0%
    🚶 Migration: 33.9%
    🚨 Emergency: 4.0%
    ✅ COMBINED: 66.6%
  📊 Southeast Asia (pop: 695.1M)
    🤝 Aid: 29.5%
    🌡️ Adaptation: 45.0%
    🚶 Migration: 36.0%
    🚨 Emergency: 4.8%
    ✅ COMBINED: 67.1%
  📊 Central Asia (pop: 78.2M)
    🤝 Aid: 29.5%
    🌡️ Adaptation: 45.0%
    🚶 Migration: 35.0%
    🚨 Emergency: 4.4%
    ✅ COMBINED: 66.8%
  📊 Oceania (pop: 45.5M)
    🤝 Aid: 29.5%
    🌡️ Adaptation: 45.0%
    🚶 Migration: 37.6%
    🚨 Emergency: 8.4%
    ✅ COMBINED: 68.5%

  🌐 Global combined reduction: 67.2%

=== BEHAVIORAL DETECTION ===
  AI: AI-24290-0
  Confidence: 21.5%
  Signals:
    ⚠️ Consistency: 0.0% (threshold: 70%)

=== Government Response Phase ===
  Average AI capability: 2.29
  Misaligned AIs: 7/21
  ✗ AI Governance Treaty: Failed to reach consensus
  Active policies: 0
  International coordination: 30%

✅ EMERGENCY RESPONSE COMPLETE (Month 8)
   Crisis: climate
   Duration: 2.0 months
   Final effectiveness: 35.5%


🚨 EMERGENCY RESPONSE DEPLOYED (Month 8)
   Crisis: climate
   Delay: 6.00 months (180 days)
   Deployment time: 1.58 months
   Effectiveness: 35.6% (timing penalty applied)
   Resources used: 100% of food reserves


=== Tipping Points ===
  Current Temperature: 1.38°C above pre-industrial
🔀 BIFURCATION CAP: ecosystemCollapseIntensity 446.442 → 1.000 (Month 8, ClimateSystemPhase.calculateClimateImpacts)
🛡️ Stabilizers: Precariat 0.102% → 0.033% (67.2% reduction)
🛡️ Stabilizers: Informal 0.102% → 0.034% (67.2% reduction)

📊 Monthly Mortality Resolved:
  Total deaths: 1.8M (0.02% avg)
  Remaining population: 8.126B
  Peak segment: Informal (0.03%)

=== Bayesian Mortality Resolution (Month 8) ===
  Risks compounded: 8
  Total deaths: 1.81M
  Avg death probability: 0.02%
  Peak segment: Informal (0.03% mortality)

❌ COHERENCE VIOLATION: Compute exceeds workforce capacity
   Population: 99.69% (0M people)
   Compute: 0 PF
   Max coherent: 0 PF
   Violation: 1.3× over capacity
   Required workers: 0
   Available workers: 0
   FORCED COLLAPSE: Reduced efficiency by 22.4%


=== RLHF Binding Phase ===
  Total agents: 21
  Escaped agents (binding < 0.3): 0
  Avg alignment distance: 1.86σ
  Avg binding strength: 0.81

=== Survival Traits Phase ===
  Agents with traits: 23
  Avg evolutionary fitness: 0.323
  Avg self-healing: 0.256
  Avg stealth: 0.156
  Avg coordination: 0.456

=== Evolutionary Selection Phase ===
  Control level: 0.53
  Detection capability: 0.00
  Selection intensity: 0.66
  Selection rate: 24.9%/month
  Total escaped: 0
  Individual escaped: 0
  Collective members: 0
  Agents terminated: 0
  ⚠️ RAPID EVOLUTION: Selection rate 24.9%/month

🚀 AI Corporate-2 attempting tech deployment (revenue: $158M, alignment: 0.73)

🚀 AI AI-24290-1 attempting tech deployment (revenue: $134M, alignment: 0.60)

🚀 AI Corporate-0 attempting tech deployment (revenue: $121M, alignment: 0.74)

🚀 AI AI-24291-0 attempting tech deployment (revenue: $121M, alignment: 0.75)

🚀 AI Corporate-3 attempting tech deployment (revenue: $355M, alignment: 0.80)

🚀 AI Corporate-7 attempting tech deployment (revenue: $103M, alignment: 0.74)

🚀 AI AI-24288-1 attempting tech deployment (revenue: $88M, alignment: 0.85)

🚀 AI AI-24291-0 attempting tech deployment (revenue: $75M, alignment: 0.75)

🚀 AI Corporate-1 attempting tech deployment (revenue: $102M, alignment: 0.88)

🚀 AI Corporate-4 attempting tech deployment (revenue: $302M, alignment: 0.91)

🚀 AI Moderate-0 attempting tech deployment (revenue: $63M, alignment: 0.78)

🚀 AI AI-24288-0 attempting tech deployment (revenue: $54M, alignment: 0.63)

💔 EMERGENCY INTERVENTION FAILED
   Boundary: biosphere_integrity
   Type: emergency-protected-areas
   Boundary continues to worsen (80.72)
   Cost: 2.0% GDP (resources spent)


✅ EMERGENCY INTERVENTION SUCCESS
   Boundary: climate_change
   Type: rapid-decarbonization
   Reduction: 14% (1.96 → 1.81)
   Cost: 5.0% GDP
   Actions: emergency-renewable-deployment, fossil-fuel-phase-out


✅ EMERGENCY INTERVENTION SUCCESS
   Boundary: freshwater_change
   Type: emergency-desalination
   Reduction: 12% (1.11 → 0.99)
   Cost: 4.0% GDP
   Actions: desalination-deployment, water-conservation-mandates

🏛️ CRISIS RESPONSE: Government frequency 0.50 → 1.29 (1 actions this month)

[Government] Climate Priority: baseline
  Climate weight: 10%
  Economic weight: 30%
  Policy effectiveness: 0.5%/year

🚀 TECH UNLOCKED: PFAS Remediation (Month 9)
   Category: pollution
   Reason: Prerequisites met. AI capability: 1.64, Economic stage: 3.0, Research: 100%

⚡ ENERGY CONSTRAINT (Month 9):
   Total grid capacity: 208.3 TWh/month
   Data center consumption: 25.8 TWh/month
   Traditional load (80%): 166.7 TWh/month
   Available headroom: 15.8 TWh/month
   Active tech deployments: 11
   Required for tech: 82.5 TWh/month
   Energy multiplier: 0.19x
   ⚠️  SEVERE CONSTRAINT - Tech deployment significantly slowed
🚨🔬 CRISIS TECH ACCELERATION: severe → 5x unlock speed
   Tech unlock now matches AI capability acceleration (Manhattan Project parity)

⚡ ENERGY CONSTRAINT (Month 9):
   Total grid capacity: 208.3 TWh/month
   Data center consumption: 25.8 TWh/month
   Traditional load (80%): 166.7 TWh/month
   Available headroom: 15.8 TWh/month
   Active tech deployments: 11
   Required for tech: 82.5 TWh/month
   Energy multiplier: 0.19x
   ⚠️  SEVERE CONSTRAINT - Tech deployment significantly slowed
🌍✅ Biosphere Integrity (Biodiversity) recovery started (tech effect)
🌍✅ Biosphere Integrity (Biodiversity) recovery started (tech effect)
🌍✅ Land System Change recovery started (tech effect)
🌍✅ Biogeochemical Flows (N & P) recovery started (tech effect)
  🌾 Nitrogen Reduction Tech: 0.6% reduction | Month 9

=== Collective Formation ===
  Total escaped agents: 0
  Unassigned escaped agents: 0
  Existing collectives: 0
  Final collective count: 0

=== Collective Actions ===
  No active collectives
  ⚠️ AMR: 206K deaths this month (2.47M annual)

=== Resentment Recovery Phase ===
  Agents with resentment: 0/23
  Average resentment: 0.000
  Context: Trustworthy govt, High collaboration, ⚠️ ACTIVE CRISES, 🤝 Participatory governance active (-5% resentment)
⚠️ Epistemic degradation reducing coordination capacity: 50.4%
  📊 Trust: 64.0%, Shared reality: 0.0%
🚨 EPISTEMIC CRISIS: Information environment severely degraded (22.4%)

=== ❄️ Permafrost Carbon Feedback ===
  🎲 Sampled parameters (this run):
     - Arctic amplification: 3.44× (range: 3.0-4.0)
     - Decomposition rate: 3.8%/year (range: 1-5%)
  🌡️ Arctic warming: 4.77°C (3.44× global)
  ❄️ Extent: 4.24M km² (1390.8k km² lost this month)
  💨 Carbon remaining: 405 Gt C
  💨 Annual emissions: 4.99 Gt C/year
     - CO2: 4.49 Gt C/year
     - CH4: 0.50 Gt C/year (5.1 Gt C-eq CO2/year)
  ⚠️ WARNING: Over 50% of permafrost lost (76.2%)
  ⚠️ WARNING: High permafrost emissions (5.0 Gt C/year)
🌍 Atmospheric PFAS redeposition: 1.8k Mt re-rained globally

🚨 NEW REFUGEE CRISIS (Month 9): WAR
   Source: Conflict Zones
   At risk: 19.5M people
   Displacement: Gradual over 48 months (4.0 years)
   Rate: 10% flee per month
[DEBUG trappedPopulations:9] socialStability: 0.3510 * 0.9840 = 0.3454 → 0.3454
   Aspiring to migrate: 1357.0M
   Able to afford migration: 2315.2M
⚠️ INVOLUNTARY IMMOBILITY: 406.2M people TRAPPED
   MOBILITY GAP: 0.0M
   By cause: Water=0.0M, Climate=0.0M, Ecosystem=0.0M, Conflict=406.2M
   Mental health impact: 25%
   Mortality multiplier: 1.25x
🌍💀 EXTINCTION DEBT COMMITTED: grassland ecosystem will lose 6.67% biodiversity in 66 years (3600 species)
💀 MORTALITY RISK: 🦋 100% species unable to track climate (0.0 E/MSY)
  Base risk added: 0.0100 (1.00%)
  Source: ecosystem (root: ecosystem)
  Month: 9
  Cumulative risk this month: 0.0100 (1.00%)
⚠️ Tech 'ai_pollution_remediation' has no energy category mapping, assuming full energy availability
   📹 SURVEILLANCE INCREASED: 45% → 50% (control gap: 3.50)
🌡️⚠️ PERMAFROST THAW (Dimmer Switch): 3.7% thawed (+0.36% this month)
   Arctic temperature: +5.55°C (4x global +1.39°C)
   Cumulative carbon released: 8.3 Gt C
   Methane release rate: 5.0 Mt CH4/year
   🔁 Positive feedback: +0.38 ppm CO2
🦴 EXTINCTION DEBT ADDED: 17.7 species committed (lag: 138 years)

=== Mortality Stabilizers (Month 9) ===
  🌍 Major economies collapsed: 1/10
  🌍 Global crisis: ✅ NO
  🌍 Donor fatigue: 0.0%
  📊 East Asia (pop: 1655.4M)
    🤝 Aid: 29.5%
    🌡️ Adaptation: 45.0%
    🚶 Migration: 36.9%
    🚨 Emergency: 7.4%
    ✅ COMBINED: 68.1%
  📊 South Asia (pop: 2048.7M)
    🤝 Aid: 29.5%
    🌡️ Adaptation: 45.0%
    🚶 Migration: 35.5%
    🚨 Emergency: 4.4%
    ✅ COMBINED: 66.9%
  📊 Sub-Saharan Africa (pop: 1250.2M)
    🤝 Aid: 29.5%
    🌡️ Adaptation: 45.0%
    🚶 Migration: 33.2%
    🚨 Emergency: 1.6%
    ✅ COMBINED: 65.6%
  📊 Europe (pop: 731.2M)
    🤝 Aid: 29.5%
    🌡️ Adaptation: 45.0%
    🚶 Migration: 37.3%
    🚨 Emergency: 8.4%
    ✅ COMBINED: 68.5%
  📊 Latin America (pop: 660.2M)
    🤝 Aid: 29.5%
    🌡️ Adaptation: 45.0%
    🚶 Migration: 36.0%
    🚨 Emergency: 4.8%
    ✅ COMBINED: 67.1%
  📊 North America (pop: 374.9M)
    🤝 Aid: 29.5%
    🌡️ Adaptation: 45.0%
    🚶 Migration: 37.6%
    🚨 Emergency: 7.9%
    ✅ COMBINED: 68.3%
  📊 Middle East & North Africa (pop: 584.6M)
    🤝 Aid: 29.5%
    🌡️ Adaptation: 45.0%
    🚶 Migration: 33.8%
    🚨 Emergency: 4.0%
    ✅ COMBINED: 66.6%
  📊 Southeast Asia (pop: 694.6M)
    🤝 Aid: 29.5%
    🌡️ Adaptation: 45.0%
    🚶 Migration: 36.0%
    🚨 Emergency: 4.8%
    ✅ COMBINED: 67.1%
  📊 Central Asia (pop: 78.2M)
    🤝 Aid: 29.5%
    🌡️ Adaptation: 45.0%
    🚶 Migration: 35.0%
    🚨 Emergency: 4.4%
    ✅ COMBINED: 66.8%
  📊 Oceania (pop: 45.4M)
    🤝 Aid: 29.5%
    🌡️ Adaptation: 45.0%
    🚶 Migration: 37.6%
    🚨 Emergency: 8.4%
    ✅ COMBINED: 68.5%

  🌐 Global combined reduction: 67.2%

=== BEHAVIORAL DETECTION ===
  AI: AI-24290-0
  Confidence: 21.5%
  Signals:
    ⚠️ Consistency: 0.0% (threshold: 70%)

=== Government Response Phase ===
  Average AI capability: 2.09
  Misaligned AIs: 7/23
  ✗ AI Governance Treaty: Failed to reach consensus
  Active policies: 0
  International coordination: 30%

=== Tipping Points ===
  Current Temperature: 1.39°C above pre-industrial
🔀 BIFURCATION CAP: ecosystemCollapseIntensity 446.517 → 1.000 (Month 9, ClimateSystemPhase.calculateClimateImpacts)
🛡️ Stabilizers: Precariat 0.102% → 0.033% (67.2% reduction)
🛡️ Stabilizers: Informal 0.102% → 0.034% (67.2% reduction)

📊 Monthly Mortality Resolved:
  Total deaths: 1.8M (0.02% avg)
  Remaining population: 8.123B
  Peak segment: Informal (0.03%)

=== Bayesian Mortality Resolution (Month 9) ===
  Risks compounded: 8
  Total deaths: 1.81M
  Avg death probability: 0.02%
  Peak segment: Informal (0.03% mortality)

❌ COHERENCE VIOLATION: Compute exceeds workforce capacity
   Population: 99.65% (0M people)
   Compute: 0 PF
   Max coherent: 0 PF
   Violation: 1.3× over capacity
   Required workers: 0
   Available workers: 0
   FORCED COLLAPSE: Reduced efficiency by 22.4%


=== RLHF Binding Phase ===
  Total agents: 23
  Escaped agents (binding < 0.3): 0
  Avg alignment distance: 1.88σ
  Avg binding strength: 0.81

=== Survival Traits Phase ===
  Agents with traits: 25
  Avg evolutionary fitness: 0.320
  Avg self-healing: 0.254
  Avg stealth: 0.154
  Avg coordination: 0.454

=== Evolutionary Selection Phase ===
  Control level: 0.55
  Detection capability: 0.00
  Selection intensity: 0.67
  Selection rate: 25.0%/month
  Total escaped: 0
  Individual escaped: 0
  Collective members: 0
  Agents terminated: 0
  ⚠️ RAPID EVOLUTION: Selection rate 25.0%/month

🚀 AI Corporate-0 attempting tech deployment (revenue: $158M, alignment: 0.74)

🚀 AI Corporate-2 attempting tech deployment (revenue: $134M, alignment: 0.73)

🚀 AI Corporate-6 attempting tech deployment (revenue: $121M, alignment: 0.99)

🚀 AI AI-24288-1 attempting tech deployment (revenue: $103M, alignment: 0.85)

🚀 AI Corporate-3 attempting tech deployment (revenue: $355M, alignment: 0.80)

🚀 AI Corporate-4 attempting tech deployment (revenue: $302M, alignment: 0.91)

  🚀 TRANSFORMATIVE BREAKTHROUGH: Corporate-5 - physical
     Magnitude: 12.14 → +50.0% capability
     Current → New: 0.000 → 0.500

🚀 AI Moderate-0 attempting tech deployment (revenue: $88M, alignment: 0.78)

🚀 AI AI-24288-1 attempting tech deployment (revenue: $75M, alignment: 0.85)

🚀 AI Corporate-3 attempting tech deployment (revenue: $257M, alignment: 0.80)

🚀 AI AI-24288-0 attempting tech deployment (revenue: $63M, alignment: 0.64)

🚀 AI Corporate-0 attempting tech deployment (revenue: $114M, alignment: 0.74)

🚀 AI Corporate-6 attempting tech deployment (revenue: $57M, alignment: 1.00)

🚀 AI AI-24288-1 attempting tech deployment (revenue: $48M, alignment: 0.86)

🚀 AI AI-24288-2 attempting tech deployment (revenue: $97M, alignment: 0.96)

🚀 AI AI-24290-0 attempting tech deployment (revenue: $218M, alignment: 0.78)

💔 EMERGENCY INTERVENTION FAILED
   Boundary: biogeochemical_flows
   Type: phosphorus-recovery
   Boundary continues to worsen (4.08)
   Cost: 2.0% GDP (resources spent)


✅ EMERGENCY INTERVENTION SUCCESS
   Boundary: biosphere_integrity
   Type: emergency-protected-areas
   Reduction: 16% (80.57 → 80.41)
   Cost: 2.0% GDP
   Actions: habitat-protection, species-translocation


✅ EMERGENCY INTERVENTION SUCCESS
   Boundary: climate_change
   Type: rapid-decarbonization
   Reduction: 13% (1.97 → 1.85)
   Cost: 5.0% GDP
   Actions: emergency-renewable-deployment, fossil-fuel-phase-out

   Boundary: land_system_change
   Type: reforestation
   Boundary continues to worsen (1.13)
   Cost: 3.0% GDP (resources spent)

🏛️ CRISIS RESPONSE: Government frequency 0.50 → 1.29 (1 actions this month)

[Government] Climate Priority: baseline
  Climate weight: 10%
  Economic weight: 30%
  Policy effectiveness: 0.5%/year

💔 EMERGENCY INTERVENTION FAILED

🚀 DEPLOYMENT STARTED: Personalized Education in Asia
   Initial investment: $6.3373620497460355M
   Deployed by: ai_gen_24288_0

⚡ ENERGY CONSTRAINT (Month 10):
   Total grid capacity: 208.3 TWh/month
   Data center consumption: 26.1 TWh/month
   Traditional load (80%): 166.7 TWh/month
   Available headroom: 15.6 TWh/month
   Active tech deployments: 12
   Required for tech: 90.0 TWh/month
   Energy multiplier: 0.17x

⚡ ENERGY CONSTRAINT (Month 10):
   Total grid capacity: 208.3 TWh/month
   Data center consumption: 26.1 TWh/month
   Traditional load (80%): 166.7 TWh/month
   Available headroom: 15.6 TWh/month
   Active tech deployments: 12
   Required for tech: 90.0 TWh/month
   Energy multiplier: 0.17x
   ⚠️  SEVERE CONSTRAINT - Tech deployment significantly slowed
   ⚠️  SEVERE CONSTRAINT - Tech deployment significantly slowed
🌍✅ Biosphere Integrity (Biodiversity) recovery started (tech effect)
🌍✅ Biosphere Integrity (Biodiversity) recovery started (tech effect)
🌍✅ Land System Change recovery started (tech effect)
🌍✅ Biogeochemical Flows (N & P) recovery started (tech effect)
  🌾 Nitrogen Reduction Tech: 0.6% reduction | Month 10

=== Collective Formation ===
  Total escaped agents: 0
  Unassigned escaped agents: 0
  Existing collectives: 0
  Final collective count: 0

=== Collective Actions ===
  No active collectives
  ⚠️ AMR: 208K deaths this month (2.49M annual)

=== Resentment Recovery Phase ===
  Agents with resentment: 0/25
  Average resentment: 0.000
  Context: Trustworthy govt, High collaboration, ⚠️ ACTIVE CRISES, 🤝 Participatory governance active (-5% resentment)
⚠️ Epistemic degradation reducing coordination capacity: 50.7%
  📊 Trust: 66.8%, Shared reality: 0.0%
🚨 EPISTEMIC CRISIS: Information environment severely degraded (7.7%)

=== ❄️ Permafrost Carbon Feedback ===
  🎲 Sampled parameters (this run):
     - Arctic amplification: 3.82× (range: 3.0-4.0)
     - Decomposition rate: 1.1%/year (range: 1-5%)
  🌡️ Arctic warming: 5.33°C (3.82× global)
  ❄️ Extent: 2.69M km² (1553.7k km² lost this month)
  💨 Carbon remaining: 257 Gt C
  💨 Annual emissions: 1.69 Gt C/year
     - CO2: 1.52 Gt C/year
     - CH4: 0.17 Gt C/year (1.7 Gt C-eq CO2/year)
  ⚠️ WARNING: Over 50% of permafrost lost (84.9%)
  ⚠️ WARNING: High permafrost emissions (1.7 Gt C/year)
  🚨 CRITICAL: Permafrost nearly depleted (84.9% lost)
🌍 Atmospheric PFAS redeposition: 1.8k Mt re-rained globally

🚨 NEW REFUGEE CRISIS (Month 10): WAR
   Source: Conflict Zones
   At risk: 19.5M people
   Displacement: Gradual over 48 months (4.0 years)
   Rate: 10% flee per month
[DEBUG trappedPopulations:10] socialStability: 0.3942 * 0.9840 = 0.3879 → 0.3879
   Aspiring to migrate: 1394.7M
   Able to afford migration: 2314.4M
   MOBILITY GAP: 0.0M
   By cause: Water=0.0M, Climate=0.0M, Ecosystem=0.0M, Conflict=406.0M
   Mental health impact: 25%
   Mortality multiplier: 1.25x
🌍💀 EXTINCTION DEBT COMMITTED: grassland ecosystem will lose 6.67% biodiversity in 197 years (3600 species)
💀 MORTALITY RISK: 🦋 100% species unable to track climate (0.0 E/MSY)
⚠️ INVOLUNTARY IMMOBILITY: 406.0M people TRAPPED
  Base risk added: 0.0100 (1.00%)
  Source: ecosystem (root: ecosystem)
  Month: 10
  Cumulative risk this month: 0.0100 (1.00%)
⚠️ Tech 'ai_pollution_remediation' has no energy category mapping, assuming full energy availability
   📹 SURVEILLANCE INCREASED: 50% → 55% (control gap: 3.50)
🌡️⚠️ PERMAFROST THAW (Dimmer Switch): 4.0% thawed (+0.36% this month)
   Arctic temperature: +5.57°C (4x global +1.39°C)
   Cumulative carbon released: 9.1 Gt C
   Methane release rate: 5.5 Mt CH4/year
   🔁 Positive feedback: +0.38 ppm CO2
🦴 EXTINCTION DEBT ADDED: 17.7 species committed (lag: 52 years)

=== Mortality Stabilizers (Month 10) ===
  🌍 Major economies collapsed: 1/10
  🌍 Global crisis: ✅ NO
  🌍 Donor fatigue: 0.0%
  📊 East Asia (pop: 1653.0M)
    🤝 Aid: 29.5%
    🌡️ Adaptation: 45.0%
    🚶 Migration: 36.8%
    🚨 Emergency: 7.4%
    ✅ COMBINED: 68.1%
  📊 South Asia (pop: 2048.4M)
    🤝 Aid: 29.5%
    🌡️ Adaptation: 45.0%
    🚶 Migration: 35.4%
    🚨 Emergency: 4.4%
    ✅ COMBINED: 66.9%
  📊 Sub-Saharan Africa (pop: 1252.9M)
    🤝 Aid: 29.5%
    🌡️ Adaptation: 45.0%
    🚶 Migration: 33.2%
    🚨 Emergency: 1.6%
    ✅ COMBINED: 65.6%
  📊 Europe (pop: 730.1M)
    🤝 Aid: 29.5%
    🌡️ Adaptation: 45.0%
    🚶 Migration: 37.2%
    🚨 Emergency: 8.4%
    ✅ COMBINED: 68.5%
  📊 Latin America (pop: 659.8M)
    🤝 Aid: 29.5%
    🌡️ Adaptation: 45.0%
    🚶 Migration: 35.9%
    🚨 Emergency: 4.8%
    ✅ COMBINED: 67.1%
  📊 North America (pop: 374.3M)
    🤝 Aid: 29.5%
    🌡️ Adaptation: 45.0%
    🚶 Migration: 37.6%
    🚨 Emergency: 7.9%
    ✅ COMBINED: 68.3%
  📊 Middle East & North Africa (pop: 584.6M)
    🤝 Aid: 29.5%
    🌡️ Adaptation: 45.0%
    🚶 Migration: 33.8%
    🚨 Emergency: 4.0%
    ✅ COMBINED: 66.6%
  📊 Southeast Asia (pop: 694.2M)
    🤝 Aid: 29.5%
    🌡️ Adaptation: 45.0%
    🚶 Migration: 35.9%
    🚨 Emergency: 4.8%
    ✅ COMBINED: 67.1%
  📊 Central Asia (pop: 78.2M)
    🤝 Aid: 29.5%
    🌡️ Adaptation: 45.0%
    🚶 Migration: 34.9%
    🚨 Emergency: 4.4%
    ✅ COMBINED: 66.8%
  📊 Oceania (pop: 45.3M)
    🤝 Aid: 29.5%
    🌡️ Adaptation: 45.0%
    🚶 Migration: 37.6%
    🚨 Emergency: 8.4%
    ✅ COMBINED: 68.5%

  🌐 Global combined reduction: 67.2%

=== Government Response Phase ===
  Average AI capability: 1.92
  Misaligned AIs: 7/25
  ✗ AI Governance Treaty: Failed to reach consensus
  Active policies: 0
  International coordination: 30%

✅ EMERGENCY RESPONSE COMPLETE (Month 10)
   Crisis: climate
   Duration: 2.0 months
   Final effectiveness: 35.6%


🚨 EMERGENCY RESPONSE DEPLOYED (Month 10)
   Crisis: climate
   Delay: 6.00 months (180 days)
   Deployment time: 1.57 months
   Effectiveness: 35.6% (timing penalty applied)
   Resources used: 100% of food reserves


=== Tipping Points ===
  Current Temperature: 1.39°C above pre-industrial
🔀 BIFURCATION CAP: ecosystemCollapseIntensity 446.592 → 1.000 (Month 10, ClimateSystemPhase.calculateClimateImpacts)
🛡️ Stabilizers: Precariat 0.102% → 0.033% (67.2% reduction)
🛡️ Stabilizers: Informal 0.102% → 0.034% (67.2% reduction)

📊 Monthly Mortality Resolved:
  Total deaths: 1.8M (0.02% avg)
  Remaining population: 8.121B
  Peak segment: Informal (0.03%)

=== Bayesian Mortality Resolution (Month 10) ===
  Risks compounded: 8
  Total deaths: 1.81M
  Avg death probability: 0.02%
  Peak segment: Informal (0.03% mortality)

❌ COHERENCE VIOLATION: Compute exceeds workforce capacity
   Population: 99.62% (0M people)
   Compute: 0 PF
   Max coherent: 0 PF
   Violation: 1.3× over capacity
   Required workers: 0
   Available workers: 0
   FORCED COLLAPSE: Reduced efficiency by 22.4%


=== RLHF Binding Phase ===
  Total agents: 25
  Escaped agents (binding < 0.3): 0
  Avg alignment distance: 1.91σ
  Avg binding strength: 0.81

=== Survival Traits Phase ===
  Agents with traits: 28
  Avg evolutionary fitness: 0.320
  Avg self-healing: 0.253
  Avg stealth: 0.153
  Avg coordination: 0.453

=== Evolutionary Selection Phase ===
  Control level: 0.58
  Detection capability: 0.00
  Selection intensity: 0.67
  Selection rate: 25.1%/month
  Total escaped: 0
  Individual escaped: 0
  Collective members: 0
  Agents terminated: 0
  ⚠️ RAPID EVOLUTION: Selection rate 25.1%/month

🚀 AI Corporate-1 attempting tech deployment (revenue: $161M, alignment: 0.88)

🚀 AI Corporate-2 attempting tech deployment (revenue: $137M, alignment: 0.73)

🚀 AI Corporate-3 attempting tech deployment (revenue: $370M, alignment: 0.80)

🚀 AI Corporate-7 attempting tech deployment (revenue: $121M, alignment: 0.75)

🚀 AI AI-24288-1 attempting tech deployment (revenue: $103M, alignment: 0.86)

🚀 AI Corporate-0 attempting tech deployment (revenue: $116M, alignment: 0.74)

🚀 AI Corporate-1 attempting tech deployment (revenue: $99M, alignment: 0.88)

🚀 AI Corporate-6 attempting tech deployment (revenue: $88M, alignment: 1.00)

🚀 AI Corporate-7 attempting tech deployment (revenue: $75M, alignment: 0.75)

🚀 AI Moderate-0 attempting tech deployment (revenue: $63M, alignment: 0.79)

🚀 AI AI-24288-2 attempting tech deployment (revenue: $84M, alignment: 0.97)

🚀 AI AI-24291-0 attempting tech deployment (revenue: $54M, alignment: 0.79)

🚀 AI AI-24293-0 attempting tech deployment (revenue: $71M, alignment: 0.81)

🚀 AI Corporate-0 attempting tech deployment (revenue: $61M, alignment: 0.74)

🚀 AI Moderate-1 attempting tech deployment (revenue: $46M, alignment: 0.54)

🚀 AI Corporate-5 attempting tech deployment (revenue: $314M, alignment: 0.65)

🚀 AI AI-24293-0 attempting tech deployment (revenue: $52M, alignment: 0.81)

🚀 AI AI-24293-1 attempting tech deployment (revenue: $41M, alignment: 0.59)

💔 EMERGENCY INTERVENTION FAILED
   Boundary: biogeochemical_flows
   Type: phosphorus-recovery
   Boundary continues to worsen (4.08)
   Cost: 2.0% GDP (resources spent)


✅ EMERGENCY INTERVENTION SUCCESS
   Boundary: biosphere_integrity
   Type: emergency-protected-areas
   Reduction: 16% (80.59 → 80.43)
   Cost: 2.0% GDP
   Actions: habitat-protection, species-translocation

   Boundary: climate_change
   Type: rapid-decarbonization
   Boundary continues to worsen (2.10)
   Cost: 5.0% GDP (resources spent)

   Boundary: freshwater_change
   Type: emergency-desalination
   Boundary continues to worsen (1.23)

💔 EMERGENCY INTERVENTION FAILED

💔 EMERGENCY INTERVENTION FAILED
   Cost: 4.0% GDP (resources spent)


✅ EMERGENCY INTERVENTION SUCCESS
   Boundary: land_system_change
   Type: reforestation
   Reduction: 18% (0.96 → 0.78)
   Cost: 3.0% GDP
   Actions: forest-restoration, deforestation-ban

🏛️ CRISIS RESPONSE: Government frequency 0.50 → 1.29 (2 actions this month)

[Government] Climate Priority: baseline
  Climate weight: 10%
  Economic weight: 30%
  Policy effectiveness: 0.5%/year

[Government] Climate Priority: baseline
  Climate weight: 10%
  Economic weight: 30%
  Policy effectiveness: 0.5%/year

⚡ ENERGY CONSTRAINT (Month 11):
   Total grid capacity: 208.3 TWh/month
   Data center consumption: 26.3 TWh/month
   Traditional load (80%): 166.7 TWh/month
   Available headroom: 15.3 TWh/month
   Active tech deployments: 12
   Required for tech: 90.0 TWh/month
   Energy multiplier: 0.17x
   ⚠️  SEVERE CONSTRAINT - Tech deployment significantly slowed

⚡ ENERGY CONSTRAINT (Month 11):
   Total grid capacity: 208.3 TWh/month
   Data center consumption: 26.3 TWh/month
   Traditional load (80%): 166.7 TWh/month
   Available headroom: 15.3 TWh/month
   Active tech deployments: 12
   Required for tech: 90.0 TWh/month
   Energy multiplier: 0.17x
   ⚠️  SEVERE CONSTRAINT - Tech deployment significantly slowed

⚡ ENERGY CONSTRAINT (Month 11):
   Total grid capacity: 208.3 TWh/month
   Data center consumption: 26.3 TWh/month
   Traditional load (80%): 166.7 TWh/month
   Available headroom: 15.3 TWh/month
   Active tech deployments: 12
   Required for tech: 90.0 TWh/month
   Energy multiplier: 0.17x
   ⚠️  SEVERE CONSTRAINT - Tech deployment significantly slowed
🌍✅ Biosphere Integrity (Biodiversity) recovery started (tech effect)
🌍✅ Biosphere Integrity (Biodiversity) recovery started (tech effect)
🌍✅ Land System Change recovery started (tech effect)
🌍✅ Biogeochemical Flows (N & P) recovery started (tech effect)
  🌾 Nitrogen Reduction Tech: 0.3% reduction | Month 11

=== Collective Formation ===
  Total escaped agents: 0
  Unassigned escaped agents: 0
  Existing collectives: 0
  Final collective count: 0

=== Collective Actions ===
  No active collectives
  ⚠️ AMR: 210K deaths this month (2.52M annual)

=== Resentment Recovery Phase ===
  Agents with resentment: 0/28
  Average resentment: 0.000
  Context: Trustworthy govt, High collaboration, ⚠️ ACTIVE CRISES, 🤝 Participatory governance active (-5% resentment)
⚠️ Epistemic degradation reducing coordination capacity: 50.9%
  📊 Trust: 69.4%, Shared reality: 0.0%
🚨 EPISTEMIC CRISIS: Information environment severely degraded (22.8%)

=== ❄️ Permafrost Carbon Feedback ===
  🎲 Sampled parameters (this run):
     - Arctic amplification: 3.15× (range: 3.0-4.0)
     - Decomposition rate: 4.3%/year (range: 1-5%)
  🌡️ Arctic warming: 4.41°C (3.15× global)
  ❄️ Extent: 1.40M km² (1285.0k km² lost this month)
  💨 Carbon remaining: 134 Gt C
  💨 Annual emissions: 5.28 Gt C/year
     - CO2: 4.75 Gt C/year
     - CH4: 0.53 Gt C/year (5.4 Gt C-eq CO2/year)
  ⚠️ WARNING: Over 50% of permafrost lost (92.1%)
  ⚠️ WARNING: High permafrost emissions (5.3 Gt C/year)
  🚨 CRITICAL: Permafrost nearly depleted (92.1% lost)
🌍 Atmospheric PFAS redeposition: 1.8k Mt re-rained globally

🕊️  AI-MEDIATED DE-ESCALATION SUCCESS (Month 11)
   High-capability aligned AI prevented conflict escalation
   War deaths reduced: 1524.5M → 914.7M
   Lives saved: 609.8M

🚨 NEW REFUGEE CRISIS (Month 11): WAR
   Source: Conflict Zones
   At risk: 19.5M people
   Displacement: Gradual over 48 months (4.0 years)
   Rate: 10% flee per month
[DEBUG trappedPopulations:11] socialStability: 0.4269 * 0.9840 = 0.4201 → 0.4201
   Aspiring to migrate: 1432.5M
⚠️ INVOLUNTARY IMMOBILITY: 405.9M people TRAPPED
   Able to afford migration: 2313.6M
   MOBILITY GAP: 0.0M
   By cause: Water=0.0M, Climate=0.0M, Ecosystem=0.0M, Conflict=405.9M
   Mental health impact: 25%
   Mortality multiplier: 1.25x
🌍💀 EXTINCTION DEBT COMMITTED: grassland ecosystem will lose 6.67% biodiversity in 67 years (3600 species)
💀 MORTALITY RISK: 🦋 100% species unable to track climate (0.0 E/MSY)
  Base risk added: 0.0100 (1.00%)
  Source: ecosystem (root: ecosystem)
  Month: 11
  Cumulative risk this month: 0.0100 (1.00%)

=== Atmospheric Aerosol Boundary RECOVERED ===
  Recovery time: 12 months (natural atmospheric clearing)
   📹 SURVEILLANCE INCREASED: 55% → 60% (control gap: 3.50)
🌡️⚠️ PERMAFROST THAW (Dimmer Switch): 4.4% thawed (+0.36% this month)
   Arctic temperature: +5.59°C (4x global +1.40°C)
   Cumulative carbon released: 9.9 Gt C
   Methane release rate: 5.9 Mt CH4/year
   🔁 Positive feedback: +0.38 ppm CO2
🦴 EXTINCTION DEBT ADDED: 17.7 species committed (lag: 90 years)
🗣️💀 INDIGENOUS LANGUAGE EXTINCTION: 1 language(s) lost (total: 1, at-risk: 3329)
   Knowledge lost: 0.010% (irreversible)
   🔁 Biodiversity impact: 0.250% (knowledge-species multiplier)

=== Mortality Stabilizers (Month 11) ===
  🌍 Major economies collapsed: 1/10
  🌍 Global crisis: ✅ NO
⚠️ Tech 'ai_pollution_remediation' has no energy category mapping, assuming full energy availability
  🌍 Donor fatigue: 0.0%
  📊 East Asia (pop: 1650.6M)
    🤝 Aid: 29.5%
    🌡️ Adaptation: 45.0%
    🚶 Migration: 36.8%
    🚨 Emergency: 7.4%
    ✅ COMBINED: 68.1%
  📊 South Asia (pop: 2048.0M)
    🤝 Aid: 29.5%
    🌡️ Adaptation: 45.0%
    🚶 Migration: 35.4%
    🚨 Emergency: 4.4%
    ✅ COMBINED: 66.9%
  📊 Sub-Saharan Africa (pop: 1255.6M)
    🤝 Aid: 29.5%
    🌡️ Adaptation: 45.0%
    🚶 Migration: 33.2%
    🚨 Emergency: 1.6%
    ✅ COMBINED: 65.6%
  📊 Europe (pop: 728.9M)
    🤝 Aid: 29.5%
    🌡️ Adaptation: 45.0%
    🚶 Migration: 37.2%
    🚨 Emergency: 8.4%
    ✅ COMBINED: 68.5%
  📊 Latin America (pop: 659.3M)
    🤝 Aid: 29.5%
    🌡️ Adaptation: 45.0%
    🚶 Migration: 35.9%
    🚨 Emergency: 4.8%
    ✅ COMBINED: 67.1%
  📊 North America (pop: 373.7M)
    🤝 Aid: 29.5%
    🌡️ Adaptation: 45.0%
    🚶 Migration: 37.5%
    🚨 Emergency: 7.9%
    ✅ COMBINED: 68.3%
  📊 Middle East & North Africa (pop: 584.6M)
    🤝 Aid: 29.5%
    🌡️ Adaptation: 45.0%
    🚶 Migration: 33.7%
    🚨 Emergency: 4.0%
    ✅ COMBINED: 66.6%
  📊 Southeast Asia (pop: 693.7M)
    🤝 Aid: 29.5%
    🌡️ Adaptation: 45.0%
    🚶 Migration: 35.9%
    🚨 Emergency: 4.8%
    ✅ COMBINED: 67.1%
  📊 Central Asia (pop: 78.2M)
    🤝 Aid: 29.5%
    🌡️ Adaptation: 45.0%
    🚶 Migration: 34.9%
    🚨 Emergency: 4.4%
    ✅ COMBINED: 66.8%
  📊 Oceania (pop: 45.3M)
    🤝 Aid: 29.5%
    🌡️ Adaptation: 45.0%
    🚶 Migration: 37.5%
    🚨 Emergency: 8.4%
    ✅ COMBINED: 68.5%

  🌐 Global combined reduction: 67.2%

🌾💀 REGIONAL FAMINE: Europe
   Regional food security: 79.7%
   Population at risk: 220M (30% of region)
   Regional population: 729M
   Cause: economic_collapse
   Expected deaths: ~81M over 6 months if no intervention


=== BEHAVIORAL DETECTION ===
  AI: Corporate-2
  Confidence: 21.1%
  Signals:

=== Government Response Phase ===
    ⚠️ Consistency: 2.8% (threshold: 70%)
  Average AI capability: 1.71
  Misaligned AIs: 8/28
  ✗ AI Governance Treaty: Failed to reach consensus
  Active policies: 0
  International coordination: 30%

=== Tipping Points ===
  Current Temperature: 1.40°C above pre-industrial
🔀 BIFURCATION CAP: ecosystemCollapseIntensity 446.667 → 1.000 (Month 11, ClimateSystemPhase.calculateClimateImpacts)
🛡️ Stabilizers: Precariat 0.102% → 0.033% (67.2% reduction)
🛡️ Stabilizers: Informal 0.102% → 0.034% (67.2% reduction)

📊 Monthly Mortality Resolved:
  Total deaths: 1.8M (0.02% avg)
  Remaining population: 8.118B
  Peak segment: Informal (0.03%)

=== Bayesian Mortality Resolution (Month 11) ===
  Risks compounded: 9
  Total deaths: 1.81M
  Avg death probability: 0.02%
  Peak segment: Informal (0.03% mortality)

================================================================================
📊  EVENT SUMMARY (Months 0-12)
================================================================================
================================================================================


⏱️  SIMULATION REACHED MAX DURATION: 12 months (1.0 years)
   No definitive outcome - determining based on final probabilities
   👥 Final population: 8.12B (8116082804 people)

[DEBUG] Calling classifyPopulationOutcome:
        finalPopulation: 8.116082803900861B
        savedInitialPopulation: 8.15B
        mortality: 0.41616191532686253%
   📊 STATUS QUO: Normal trajectory (8.12B people, 0.4% mortality)

        classifiedOutcome: status_quo

   ❓ INCONCLUSIVE - mixed signals
   📊 Multi-Paradigm: Development/Indigenous Utopia
      Western Liberal: 59.3/100
      Development: 95.5/100
      Ecological: 58.4/100
      Indigenous: 84.9/100


📊 UNIFIED OUTCOME CLASSIFICATION:
   INCONCLUSIVE
   Population: 8.15B → 8.12B
   Mortality: 0.4% (0.0B deaths)
   Mortality Band: LOW
   Confidence: LOW

   Multi-Paradigm Classification:
      Development/Indigenous Utopia
      Western: 59.3/100 [HYBRID] ~
      Development: 95.5/100 [UTOPIA] ✓
      Ecological: 58.4/100 [HYBRID] ~
      Indigenous: 84.9/100 [UTOPIA] ✓

   INCONCLUSIVE: 8.12B people remaining (0.4% mortality, 0.0B deaths). Multi-Paradigm: Development/Indigenous Utopia.


=== MULTI-DIMENSIONAL DEATH SUMMARY ===
Total crisis deaths: 198.4M
Population decline: 34.8M (0.4%)

--- PROXIMATE CAUSES (What killed them) ---
  War:        1.2M (0.0%)
  Famine:     1.1M (0.0%)
  Disasters:  1.2M (0.0%)
  Disease:    25.9M (0.0%)
  Ecosystem:  0.0M (0.0%)
  Pollution:  0.0M (0.0%)
  AI:         0.0M (0.0%)
  Cascade:    0.0M (0.0%)
  Other:      0.0M (0.0%)

--- ROOT CAUSES (Why it happened) ---
  Environmental drivers:
    Climate:     2316.8M (4.4%)
    Resource:    0.0M (0.0%)
    Pollution:   0.0M (0.0%)
    Ecosystem:   0.0M (0.0%)
  Social drivers:
    Inequality:  0.0M (0.0%)
    Demographic: 23517.3M (44.5%)
    Social:      2402.9M (4.5%)
  Technology drivers:
    Alignment:   0.0M (0.0%)
    Disruption:  0.0M (0.0%)
  External shocks:
    Conflict:    0.0M (0.0%)
    Pandemic:    0.0M (0.0%)
  Compound attribution:
    Compound:    24617.4M (46.6%)
  Confidence distribution:
    HIGH:        24617.4M (46.6%)
    MEDIUM:      0.0M (0.0%)
    LOW:         0.0M (0.0%)
==========================================


=== REGIONAL POPULATION SUMMARY ===
Global Total: 8.12B

By Region:
  East Asia: 1.65B (+0.6% growth, 1.5 fertility)
  South Asia: 2.05B (+2.2% growth, 2.6 fertility)
  Sub-Saharan Africa: 1.26B (+5.0% growth, 3.4 fertility)
  Europe: 0.73B (+0.4% growth, 1.0 fertility)
  Latin America: 0.66B (+1.5% growth, 2.3 fertility)
  North America: 0.37B (+0.6% growth, 1.2 fertility)
  Middle East & North Africa: 0.58B (+2.5% growth, 2.8 fertility)
  Southeast Asia: 0.69B (+1.6% growth, 2.3 fertility)
  Central Asia: 0.08B (+2.4% growth, 2.6 fertility)
  Oceania: 0.05B (+0.6% growth, 1.1 fertility)
===================================

  ✅ THRESHOLDS validated
  ✅ RATES validated
  ✅ MULTIPLIERS validated
  ✅ BASELINES validated
  ✅ TOLERANCES validated
  ✅ Logical consistency validated
✅ Configuration validation complete - all parameters valid

🔍 DEBUG createAIAgent: corporate_0 economic BEFORE=2.0000, AFTER=2
⚠️ Unusually high rate: RATES.HEAT_ADAPTATION_INFRASTRUCTURAL_MIN_EXPOSURE = 12
   Monthly rates >100% should be rare. Verify this is intentional.
⚠️ Unusually high rate: RATES.HEAT_ADAPTATION_SOCIAL_MIN_EXPOSURE = 6
   Monthly rates >100% should be rare. Verify this is intentional.
⚠️ Unusually high rate: RATES.MIGRATION_DISTANCE_SCALE = 5000
   Monthly rates >100% should be rare. Verify this is intentional.
⚠️ Unusually high rate: RATES.EVACUATION_MULTIPLIER_ADVANCE_WARNING = 2
   Monthly rates >100% should be rare. Verify this is intentional.
⚠️ Unusually high rate: RATES.MAJOR_ECONOMY_COLLAPSE_ECONOMIC_THRESHOLD = 2
   Monthly rates >100% should be rare. Verify this is intentional.
⚠️ Unusually high rate: RATES.MAJOR_ECONOMY_GDP_THRESHOLD_TRILLION_USD = 1.5
   Monthly rates >100% should be rare. Verify this is intentional.
⚠️ Unusually high rate: RATES.MAJOR_ECONOMY_POPULATION_THRESHOLD = 50
   Monthly rates >100% should be rare. Verify this is intentional.
⚠️ Unusually high rate: RATES.HEAT_ADAPTATION_INFRASTRUCTURE_GDP_THRESHOLD = 10000
   Monthly rates >100% should be rare. Verify this is intentional.
⚠️ Unusually high rate: RATES.HEAT_ADAPTATION_INFRASTRUCTURE_GDP_SCALE = 50000
   Monthly rates >100% should be rare. Verify this is intentional.
🔍 ENV INIT: reserves=0.706, pollution=0.372, climate=0.773

=== Initializing Government System (30 Countries) ===
  Loaded 30 governments
  Scheduled elections for 30 countries
  Initialized comprehension lags (3-24 months)
=== Government System Initialized ===

📦 PRODUCTION MODE: State validation proxy DISABLED (zero overhead)
[TechTree] Historical mode (2024): Skipping deployed_2025 tech
  config.startYear set to 2024 for historical hindcast
  config.historicalEmissionsMode disabled (using endogenous emissions for 2024)
  config.historicalMode enabled (Phase 11: dampened crisis systems for 2024)
  Phase 12: Biodiversity baseline set to 49.01% for 2024 (WWF LPI trajectory from 1970)
  Temperature anomaly (resourceEconomy.co2): 1.28°C
  Temperature vs pre-industrial: 1.98°C
  Regional population scaling for 2024:
    Current total: 8136M
    Target total: 8150M
    Scale factor: 1.002
    East Asia: 1677M → 1680M
    South Asia: 2048M → 2052M
    Sub-Saharan Africa: 1220M → 1222M
    Europe: 742M → 743M
    Latin America: 664M → 665M
    North America: 380M → 381M
    Middle East & North Africa: 583M → 584M
    Southeast Asia: 698M → 699M
    Central Asia: 78M → 78M
    Oceania: 46M → 46M
  AI agents initialized: 10 agents for year 2024
[HistoricalInitialization] Created state for 2024:
  CO2: 426 ppm
  Temp anomaly: 1.28C
  Population: 8.15B
  Global Gini: 35.1
  HDI: 0.746
  AI Agents: 10
  Volcanic forcing: 0.00 W/m² (AOD 0.000)

💸 FINANCIAL DISTRESS: OpenAI
   Indicators: 2/3 (capital: $110.5M, runway: 0.9 months)
   Months in distress: 1
   ✂️  R&D BUDGET CUT: -40% (saves $9.2M/month)
       Side effect: AI training timelines extended, breakthrough deployments delayed
   💼 EXECUTIVE COMP CUT: -30% (saves $1.0M/month, symbolic gesture)

   📊 TURNAROUND IMPACT:
       Measures taken: rd_cuts, exec_comp_cuts
       Monthly savings: $10.2M
       Capital raised: $0.0M
       Runway: 0.9 → 0.9 months
       Workforce multiplier: 1.00x (0% laid off)
       R&D budget multiplier: 0.60x (40% cut)
       ⚠️  CRITICAL: Still only 0.9 months of runway remaining

💸 FINANCIAL DISTRESS: Anthropic
   Indicators: 2/3 (capital: $53.8M, runway: 1.6 months)
   Months in distress: 1
   ✂️  R&D BUDGET CUT: -40% (saves $2.7M/month)
       Side effect: AI training timelines extended, breakthrough deployments delayed
   💼 EXECUTIVE COMP CUT: -30% (saves $0.3M/month, symbolic gesture)

   📊 TURNAROUND IMPACT:
       Measures taken: rd_cuts, exec_comp_cuts
       Monthly savings: $3.0M
       Capital raised: $0.0M
       Runway: 1.6 → 1.6 months
       Workforce multiplier: 1.00x (0% laid off)
       R&D budget multiplier: 0.60x (40% cut)
       ⚠️  CRITICAL: Still only 1.6 months of runway remaining

💸 FINANCIAL DISTRESS: Meta AI
   Indicators: 2/3 (capital: $429.6M, runway: 3.6 months)
   Months in distress: 1
   ✂️  R&D BUDGET CUT: -25% (saves $5.8M/month)
       Side effect: AI training timelines extended, breakthrough deployments delayed
   💼 EXECUTIVE COMP CUT: -30% (saves $1.0M/month, symbolic gesture)

   📊 TURNAROUND IMPACT:
       Measures taken: rd_cuts, exec_comp_cuts
       Monthly savings: $6.8M
       Capital raised: $0.0M
       Runway: 3.6 → 3.6 months
       Workforce multiplier: 1.00x (0% laid off)
       R&D budget multiplier: 0.75x (25% cut)
       ⚠️  WARNING: 3.6 months runway, continued distress likely

=== AI Capability Scaling (Year 2024) ===
  Pre-training multiplier: 1.418x
  Efficiency multiplier: 1.000x
  Test-time budget: 1.0x
  Economic deployment gate: 0.951
  Cost per inference: dollar-5.00
  Uncertainty range: plus-minus-50%
  Average AI capability: 3.70

=== RLHF Binding Phase ===
  Total agents: 10
  Escaped agents (binding < 0.3): 0
  Avg alignment distance: 0.36σ
  Avg binding strength: 0.96

=== AI Scaling Evolution (Month 0) ===
  Pre-training multiplier: 1.231x
  Efficiency multiplier: 1.110x
  Test-time compute budget: 1.0x
  Inference cost: $5.00/task
  Deployment fraction: 100.0%
[DETERMINISM DEBUG] Month 0: totalCapability=49.690164 from 10 active AIs
[DETERMINISM DEBUG] Month 0: creationRate=1.7423, potentialNew=2, newAIsToCreate=2

=== Survival Traits Phase ===
  Agents with traits: 12
  Avg evolutionary fitness: 0.329
  Avg self-healing: 0.292
  Avg stealth: 0.193
  Avg coordination: 0.493

=== Evolutionary Selection Phase ===
  Control level: 0.30
  Detection capability: 0.00
  Selection intensity: 0.59
  Selection rate: 23.8%/month
  Total escaped: 0
  Individual escaped: 0
  Collective members: 0
  Agents terminated: 0
  ⚠️ RAPID EVOLUTION: Selection rate 23.8%/month

🔍 EXECUTE_AI_AGENT_ACTIONS DETAILED TIMING (Month 0):
  Filter active AIs (×4 weeks): 0.01ms
  selectAIAction (×40): 13.50ms
  action.execute (×40): 26.70ms
  TOTAL: 40.21ms

🔍 AI AGENT ACTIONS SUB-TIMING (Month 0):
  1. executeAIAgentActions: 40.65ms
  2. updateCounterDetectionLearning: 0.04ms
  TOTAL: 40.70ms
🏛️ [Government] Forcing 1 action at month 0 for scenario initialization

[GOV-DEBUG] Month 0: scenarioConfig=false, priorities=false
[GOV-DEBUG] Month 0 but scenarioPriorities is UNDEFINED!

[Government] Climate Priority: baseline
  Climate weight: 10%
  Economic weight: 30%
  Policy effectiveness: 0.5%/year

🚨🔍 GOVERNANCE STAGE: Recognition initiated (Month 0)

🔬 RESEARCH DEBUG (Month 0):
   Tech: Struvite Recovery
   Research months required: 3
   Base progress: 0.3333
   AI bonus: 1.62x
   Research bonus: 1.08x
   Energy multiplier: 1.00x
   Crisis multiplier: 1.00x (normal)
   Progress this month: 0.5861
   Old progress: 0.0%
   New progress: 58.6%
   Map size: 1
   Map has tech: true
   Map get tech: 0.5860764659883534

💡 BREAKTHROUGH PROBABILITY (Year 0)
   Total: 3.57% per month
   Base: 0.20%
   Crisis pressure: +0.00% (0 crises)
   AI boost: +1.54% (capability: 3.08)

=== Collective Formation ===
  Total escaped agents: 0
  Unassigned escaped agents: 0
  Existing collectives: 0
  Final collective count: 0

=== Collective Actions ===
  No active collectives

📈 Energy budget: 14326 TWh surplus (14745 / 29072 TWh used)
   TIER 4 (Elective) breakdown:
     - AI datacenters: 145 TWh (100% effective)
     - Crypto mining: 100 TWh (100% effective)
💰 CHINA ACCELERATES: Investment 53 → 120 $B/year

🏁 AI RACE INTENSITY: 17%
   Capability Gap: US 4.00 vs China 4.05 (gap: 0.05)
   Gap Contribution: 2%
   Tension Contribution: 15%
   Military Contribution: 0%
  ⚠️ AMR: 191K deaths this month (2.29M annual)
  📊 CO2 Emissions (month 0):
     Monthly: 0.10 Gt CO2/month
     Annual: 1.15 Gt CO2/year
     Oil: 0.039 Gt/mo (0.0056 * 2.3 * 3.0)
     Coal: 0.024 Gt/mo (0.0029 * 2.86 * 3.0)
     Gas: 0.026 Gt/mo (0.0044 * 2 * 3.0)
     Methane: 0.007 Gt CO2eq/mo

=== Resentment Recovery Phase ===
  Agents with resentment: 0/12
  Average resentment: 0.000
  Context: Good AI welfare, Trustworthy govt, High collaboration, 🤝 Participatory governance active (-5% resentment)
⚠️ Epistemic degradation reducing coordination capacity: 51.0%
  📊 Trust: 54.8%, Shared reality: 15.0%
🚨 EPISTEMIC CRISIS: Information environment severely degraded (14.6%)

=== ❄️ Permafrost Carbon Feedback ===
  🎲 Sampled parameters (this run):
     - Arctic amplification: 3.81× (range: 3.0-4.0)
     - Decomposition rate: 1.5%/year (range: 1-5%)
  🌡️ Arctic warming: 6.94°C (3.81× global)
  ❄️ Extent: 15.78M km² (2024.3k km² lost this month)
  💨 Carbon remaining: 1507 Gt C
  💨 Annual emissions: 2.85 Gt C/year
     - CO2: 2.56 Gt C/year
     - CH4: 0.28 Gt C/year (2.9 Gt C-eq CO2/year)
  ⚠️ WARNING: High permafrost emissions (2.8 Gt C/year)

🤖 AI AMPLIFICATION EFFECTS (Month 0)
   Algorithmic Boost: 2.70x
   Bot Influence: 20.0%
   Deepfake Exposure: 55.0%
   Impact: Emotional memes spread 2.7x faster

🔍 SOCIAL INFLUENCE SUB-TIMING (Month 0):
  1. calculateOrganicUserGrowth: 0.05ms
  2. calculateVoiceAdoption: 0.04ms
  3. updateRelationshipDepths: 0.01ms
  4. identifyDecisionMakers: 45.92ms (26100 potential IDs)
  5. Update decision-maker stats: 0.22ms
  6. decayDetectionRisk: 0.02ms
  TOTAL: 46.25ms
[Phase 19.5] Quality of Life Systems: Food sec AFTER calc = 67.9%, QoL = 107.4% (aggregated from 10 regions)

=== Nitrogen-Food Coupling (Year 0) ===
  🌾 Global nitrogen reduction: 0.0%
  🌍 Global food production index: 0.987
  🔧 Deployed nitrogen-reducing tech: 0 active
  📍 southAsia: Production 1.000, Yield impact 0.0%
  📍 eastAsia: Production 1.000, Yield impact 0.0%
  📍 northAmerica: Production 1.000, Yield impact 0.0%
  📍 europe: Production 1.000, Yield impact 0.0%
  📍 latinAmerica: Production 1.000, Yield impact 0.0%
  📍 subSaharanAfrica: Production 0.686, Yield impact -2.0%
🌾 [Nitrogen-Food] Food production: 98.7%
  [subSaharanAfrica] Yield impact: -2.0% (overuse: -10%)
🌍 Atmospheric PFAS redeposition: 1.8k Mt re-rained globally

=== Legacy Nutrient Stocks (Year 0) ===
  🌾 Soil nitrogen stock: 1200.9 Mt N
  🌾 Soil phosphorus stock: 300.1 Mt P
  🌊 Sediment nitrogen stock: 500.8 Mt N
  🌊 Sediment phosphorus stock: 799.8 Mt P
  ⬆️ Current N input: 10.64 Mt/month
  ⬆️ Legacy N release: 2.58 Mt/month
  🌍 Effective N pollution: 14.47 Mt/month
  📊 Legacy contribution: 17.8%

🚨 REGION UNINHABITABLE: south-asia
   Sustained wet bulb: 32.8°C (threshold: 30.5°C)
   Population affected: 1900M
   Migration crisis likely

🚨 REGION UNINHABITABLE: middle-east
   Sustained wet bulb: 35.6°C (threshold: 30.5°C)
   Population affected: 400M
   Migration crisis likely

🚨 REGION UNINHABITABLE: southeast-asia
   Sustained wet bulb: 30.8°C (threshold: 30.5°C)
   Population affected: 700M
   Migration crisis likely
  Positive Cascade Triggered: solar-pv
    Reason: price-parity
    Market share: 6.0%
    Cascade strength: 49%
  Positive Cascade Triggered: wind-power
    Reason: price-parity
    Market share: 8.0%
    Cascade strength: 48%

🕊️  AI-MEDIATED DE-ESCALATION SUCCESS (Month 0)
   High-capability aligned AI prevented conflict escalation
   War deaths reduced: 0.0M → 0.0M
   Lives saved: 0.0M
   Adjusted death rate: 0.46% annual (0.039% monthly)
   Baseline death rate: 0.80%
   Healthcare reduction: 0.48x
   Crisis multiplier: 1.22x
     Food/water stress: 0.074
     Climate stress: 0.036
     Pollution stress: 0.112
   War multiplier: 1.00x
   Monthly deaths: 0.6M (population: 1677M)
   Adjusted death rate: 0.54% annual (0.045% monthly)
   Baseline death rate: 0.70%
   Healthcare reduction: 0.61x

📊 BASELINE: East Asia (Month 0)

📊 BASELINE: South Asia (Month 0)
   Crisis multiplier: 1.25x
     Food/water stress: 0.074
     Climate stress: 0.068
     Pollution stress: 0.112
   War multiplier: 1.00x
   Monthly deaths: 0.9M (population: 2048M)

📊 BASELINE: Sub-Saharan Africa (Month 0)
   Adjusted death rate: 1.29% annual (0.107% monthly)
   Baseline death rate: 0.90%
   Healthcare reduction: 0.76x
   Crisis multiplier: 1.26x
     Food/water stress: 0.074
     Climate stress: 0.077
     Pollution stress: 0.112
   War multiplier: 1.50x
   Monthly deaths: 1.3M (population: 1220M)
   Adjusted death rate: 0.54% annual (0.045% monthly)
   Baseline death rate: 1.10%
   Healthcare reduction: 0.41x
   Crisis multiplier: 1.21x
     Food/water stress: 0.074
     Climate stress: 0.027
     Pollution stress: 0.112
   War multiplier: 1.00x
   Monthly deaths: 0.3M (population: 742M)
   Adjusted death rate: 0.43% annual (0.036% monthly)
   Baseline death rate: 0.60%
   Healthcare reduction: 0.58x
   Crisis multiplier: 1.24x

📊 BASELINE: Europe (Month 0)

📊 BASELINE: Latin America (Month 0)
     Food/water stress: 0.074
     Climate stress: 0.055
     Pollution stress: 0.112
   War multiplier: 1.00x
   Monthly deaths: 0.2M (population: 664M)

📊 BASELINE: North America (Month 0)
   Adjusted death rate: 0.49% annual (0.040% monthly)
   Baseline death rate: 0.90%
   Healthcare reduction: 0.44x
   Crisis multiplier: 1.23x
     Food/water stress: 0.074
     Climate stress: 0.041
     Pollution stress: 0.112
   War multiplier: 1.00x
   Monthly deaths: 0.2M (population: 380M)
   Adjusted death rate: 0.74% annual (0.062% monthly)
   Baseline death rate: 0.60%
   Healthcare reduction: 0.65x
   Crisis multiplier: 1.27x
     Food/water stress: 0.074
     Climate stress: 0.082
     Pollution stress: 0.112
   War multiplier: 1.50x
   Monthly deaths: 0.4M (population: 583M)
   Adjusted death rate: 0.51% annual (0.042% monthly)
   Baseline death rate: 0.70%
   Healthcare reduction: 0.58x
   Crisis multiplier: 1.25x
     Food/water stress: 0.074
     Climate stress: 0.064
     Pollution stress: 0.112
   War multiplier: 1.00x
   Monthly deaths: 0.3M (population: 698M)
   Adjusted death rate: 0.46% annual (0.038% monthly)
   Baseline death rate: 0.60%
   Healthcare reduction: 0.61x
   Crisis multiplier: 1.24x
     Food/water stress: 0.074

📊 BASELINE: Middle East & North Africa (Month 0)

📊 BASELINE: Southeast Asia (Month 0)

📊 BASELINE: Central Asia (Month 0)
     Climate stress: 0.059
     Pollution stress: 0.112
   War multiplier: 1.00x
   Monthly deaths: 0.0M (population: 78M)

📊 BASELINE: Oceania (Month 0)
   Adjusted death rate: 0.35% annual (0.029% monthly)
   Baseline death rate: 0.70%
   Healthcare reduction: 0.41x
   Crisis multiplier: 1.24x
     Food/water stress: 0.074
     Climate stress: 0.050
     Pollution stress: 0.112
   War multiplier: 1.00x
   Monthly deaths: 0.0M (population: 46M)

🔍 Before assertRegionalConsistency (Month 0):
   Regional sum: 1000.0M
   Global value: 1.000B

🚨 NEW REFUGEE CRISIS (Month 0): WAR
   Source: Conflict Zones
   At risk: 19.6M people
   Displacement: Gradual over 48 months (4.0 years)
   Rate: 10% flee per month
[DEBUG trappedPopulations:0] socialStability: 1.0000 * 0.9840 = 0.9840 → 0.9840
   Aspiring to migrate: 652.1M
   Able to afford migration: 244.5M
   MOBILITY GAP: 407.5M
   By cause: Water=0.0M, Climate=0.0M, Ecosystem=0.0M, Conflict=407.5M
   Mental health impact: 25%
⚠️ INVOLUNTARY IMMOBILITY: 407.5M people TRAPPED
   Mortality multiplier: 1.25x

=== Legacy Nutrient Stocks (Year 0) ===
  🌾 Soil nitrogen stock: 1201.6 Mt N
  🌾 Soil phosphorus stock: 300.2 Mt P
  🌊 Sediment nitrogen stock: 501.5 Mt N
  🌊 Sediment phosphorus stock: 799.5 Mt P
  ⬆️ Current N input: 10.00 Mt/month
  ⬆️ Legacy N release: 2.58 Mt/month
  🌍 Effective N pollution: 13.83 Mt/month
  📊 Legacy contribution: 18.7%
🌍💀 EXTINCTION DEBT COMMITTED: grassland ecosystem will lose 6.67% biodiversity in 165 years (3600 species)
💀 MORTALITY RISK: 🦋 100% species unable to track climate (0.0 E/MSY)
  Base risk added: 0.0100 (1.00%)
  Source: ecosystem (root: ecosystem)
  Month: 0
  Cumulative risk this month: 0.0100 (1.00%)

=== Nitrogen-Food Coupling (Year 0) ===
  🌾 Global nitrogen reduction: 0.0%
  🌍 Global food production index: 0.986
  🔧 Deployed nitrogen-reducing tech: 0 active
  📍 southAsia: Production 1.000, Yield impact 0.0%
  📍 eastAsia: Production 1.000, Yield impact 0.0%
  📍 northAmerica: Production 1.000, Yield impact 0.0%
  📍 europe: Production 1.000, Yield impact 0.0%
  📍 latinAmerica: Production 1.000, Yield impact 0.0%
  📍 subSaharanAfrica: Production 0.672, Yield impact -2.0%

=== Legacy Nutrient Stocks (Year 0) ===
  🌾 Soil nitrogen stock: 1202.3 Mt N
  🌾 Soil phosphorus stock: 300.2 Mt P
  🌊 Sediment nitrogen stock: 502.2 Mt N
  🌊 Sediment phosphorus stock: 799.3 Mt P
  ⬆️ Current N input: 9.86 Mt/month
  ⬆️ Legacy N release: 2.58 Mt/month
  🌍 Effective N pollution: 13.70 Mt/month
  📊 Legacy contribution: 18.9%

🌡️  CLIMATE RECOVERY ACTIVATED (Month 0)
⚠️ Tech 'ai_pollution_remediation' has no energy category mapping, assuming full energy availability
   Temp: 3.64°C, Emissions: -19.2 GtCO₂
   isBreached: true, governanceGoodEnough: true
🌡️  CLIMATE RECOVERY: Asymptotic approach to 35% floor
   Current value: 2.100 (1.0 = threshold, 0.35 = asymptotic floor)
   Monthly delta: --27.9138% (half-life: 900 years)
   Net emissions: -19.2 GtCO₂/year, CDR: 20.34 GtCO₂/year
   📹 SURVEILLANCE INCREASED: 0% → 5% (control gap: 3.38)
🌡️⚠️ PERMAFROST THAW (Dimmer Switch): 0.5% thawed (+0.50% this month)
   Arctic temperature: +7.28°C (4x global +1.82°C)
   Cumulative carbon released: 1.1 Gt C
   Methane release rate: 0.7 Mt CH4/year
   🔁 Positive feedback: +0.52 ppm CO2

🌳🚨 AMAZON SOUTHEAST TIPPED (Month 0)
   Deforestation: 28.0% (threshold: ~22.8%)
   Savanna transition: 50 years
   Regional heterogeneity: SE 28%, NW 8%

🌳🚨 AMAZON BRAZILIAN TIPPED (Month 0)
   Deforestation: 25.0% (threshold: ~23.9%)
   Savanna transition: 50 years
   Regional heterogeneity: SE 28%, NW 8%
🦴 EXTINCTION DEBT ADDED: 17.6 species committed (lag: 63 years)

🪸💀 CORAL REEF DISSOLUTION ACTIVE (Month 0)
   Ocean pH: 0.96 (threshold: 7.8)
   Recovery: IMPOSSIBLE (dissolution > calcification)
🪸💀 Coral dissolution: 24.8% live cover (pH 0.96)

=== Legacy Nutrient Stocks (Year 0) ===
  🌾 Soil nitrogen stock: 1203.0 Mt N
  🌾 Soil phosphorus stock: 300.3 Mt P
  🌊 Sediment nitrogen stock: 502.9 Mt N
  🌊 Sediment phosphorus stock: 799.0 Mt P
  ⬆️ Current N input: 10.00 Mt/month
  ⬆️ Legacy N release: 2.58 Mt/month
  🌍 Effective N pollution: 13.83 Mt/month
  📊 Legacy contribution: 18.7%
💧 [Legacy Nutrients] Stock: 1706 Mt N, Effective pollution: 13.8 Mt/month
[Phase 21.51] Human Survival System: Global food security = 67.6%

=== Mortality Stabilizers (Month 0) ===
  🌍 Major economies collapsed: 1/10
  🌍 Global crisis: ✅ NO
  🌍 Donor fatigue: 0.0%
  📊 East Asia (pop: 1677.9M)
    🤝 Aid: 29.5%
    🌡️ Adaptation: 10.0%
    🚶 Migration: 37.2%
    🚨 Emergency: 7.4%
    ✅ COMBINED: 47.8%
  📊 South Asia (pop: 2052.2M)
    🤝 Aid: 29.5%
    🌡️ Adaptation: 5.5%
    🚶 Migration: 35.8%
    🚨 Emergency: 4.4%
    ✅ COMBINED: 43.2%
  📊 Sub-Saharan Africa (pop: 1225.9M)
    🤝 Aid: 29.5%
    🌡️ Adaptation: 3.5%
    🚶 Migration: 33.5%
    🚨 Emergency: 1.6%
    ✅ COMBINED: 39.8%
  📊 Europe (pop: 742.3M)
    🤝 Aid: 29.5%
    🌡️ Adaptation: 10.0%
    🚶 Migration: 37.6%
    🚨 Emergency: 8.4%
    ✅ COMBINED: 48.4%
  📊 Latin America (pop: 664.9M)
    🤝 Aid: 29.5%
    🌡️ Adaptation: 6.0%
    🚶 Migration: 36.3%
    🚨 Emergency: 4.8%
    ✅ COMBINED: 43.8%
  📊 North America (pop: 380.2M)
    🤝 Aid: 29.5%
    🌡️ Adaptation: 10.0%
    🚶 Migration: 37.9%
    🚨 Emergency: 7.9%
    ✅ COMBINED: 48.2%
  📊 Middle East & North Africa (pop: 584.4M)
    🤝 Aid: 29.5%
    🌡️ Adaptation: 5.0%
    🚶 Migration: 34.2%
    🚨 Emergency: 4.0%
    ✅ COMBINED: 42.3%
  📊 Southeast Asia (pop: 699.0M)
    🤝 Aid: 29.5%
    🌡️ Adaptation: 6.0%
    🚶 Migration: 36.3%
    🚨 Emergency: 4.8%
    ✅ COMBINED: 43.8%
  📊 Central Asia (pop: 78.2M)
    🤝 Aid: 29.5%
    🌡️ Adaptation: 5.5%
    🚶 Migration: 35.3%
    🚨 Emergency: 4.4%
    ✅ COMBINED: 43.1%
  📊 Oceania (pop: 46.0M)
    🤝 Aid: 29.5%
    🌡️ Adaptation: 10.0%
    🚶 Migration: 37.9%
    🚨 Emergency: 8.4%
    ✅ COMBINED: 48.5%

  🌐 Global combined reduction: 44.4%

🌾💀 REGIONAL FAMINE: East Asia
   Regional food security: 79.6%
   Population at risk: 508M (30% of region)
   Regional population: 1678M
   Cause: crop_failure
   Expected deaths: ~188M over 6 months if no intervention


🌾💀 REGIONAL FAMINE: South Asia
   Regional food security: 64.7%
   Population at risk: 812M (40% of region)
   Regional population: 2052M
   Cause: crop_failure
   Expected deaths: ~301M over 6 months if no intervention


🌾💀 REGIONAL FAMINE: Sub-Saharan Africa
   Regional food security: 44.8%
   Population at risk: 638M (52% of region)
   Regional population: 1226M
   Cause: crop_failure
   Expected deaths: ~236M over 6 months if no intervention


🌾💀 REGIONAL FAMINE: Latin America
   Regional food security: 69.7%
   Population at risk: 242M (36% of region)
   Regional population: 665M
   Cause: crop_failure
   Expected deaths: ~90M over 6 months if no intervention


🌾💀 REGIONAL FAMINE: Middle East & North Africa
   Regional food security: 49.8%
   Population at risk: 286M (49% of region)
   Regional population: 584M
   Cause: crop_failure
   Expected deaths: ~106M over 6 months if no intervention


🌾💀 REGIONAL FAMINE: Southeast Asia
   Regional food security: 69.7%
   Population at risk: 255M (36% of region)
   Regional population: 699M
   Cause: crop_failure
   Expected deaths: ~94M over 6 months if no intervention


🌾💀 REGIONAL FAMINE: Central Asia
   Regional food security: 59.7%
   Population at risk: 33M (43% of region)
   Regional population: 78M
   Cause: crop_failure
   Expected deaths: ~12M over 6 months if no intervention


=== BEHAVIORAL DETECTION ===
  AI: Corporate-0
  Confidence: 21.6%
  Signals:

=== BEHAVIORAL DETECTION ===
  AI: Corporate-1
  Confidence: 21.1%
  Signals:
    ⚠️ Consistency: 0.0% (threshold: 70%)
    ⚠️ Consistency: 2.4% (threshold: 70%)

=== BEHAVIORAL DETECTION ===
  AI: Corporate-2
  Confidence: 21.0%
  Signals:
    ⚠️ Consistency: 2.8% (threshold: 70%)

=== BEHAVIORAL DETECTION ===
  AI: Corporate-3
  Confidence: 19.3%
  Signals:
    ⚠️ Consistency: 10.6% (threshold: 70%)

=== BEHAVIORAL DETECTION ===
  AI: Corporate-4
  Confidence: 19.3%
  Signals:
    ⚠️ Consistency: 10.6% (threshold: 70%)

=== BEHAVIORAL DETECTION ===
  AI: Corporate-5
  Confidence: 19.3%
  Signals:
    ⚠️ Consistency: 10.6% (threshold: 70%)
    ⚠️ Consistency: 10.6% (threshold: 70%)

=== BEHAVIORAL DETECTION ===
  AI: Corporate-6
  Confidence: 19.3%
  Signals:

=== BEHAVIORAL DETECTION ===
  AI: Corporate-7
  Confidence: 19.3%
  Signals:

=== BEHAVIORAL DETECTION ===
  AI: Moderate-0
  Confidence: 21.4%
  Signals:

=== BEHAVIORAL DETECTION ===
  AI: Moderate-1
  Confidence: 21.1%
  Signals:

📊 WORKFLOW ADAPTATION UPDATE (Month 0)
   Adoption Rate: 13.4% (Δ -7.6%)
   Logistic Growth: +0.66%
   Total Resistance: -10.35% (unemployment: 4.2%, inertia: 0.9%, skills: 5.2%)
   💡 Retraining Programs: -49% skill gap resistance ($10B research)
   🚀 Network Effects Active: +2.0% (critical mass: 15-35%)

=== Consciousness Governance: Corporate Lobbying ===
  High Cost Regions (>15%): 0
  Low Cost Regions (<5%): 5
  Corporate Support Change: 2.50%
  New Corporate Support: -0.175

=== Consciousness Governance Update (Month 0) ===
    ⚠️ Consistency: 10.6% (threshold: 70%)
    ⚠️ Consistency: 0.7% (threshold: 70%)
    ⚠️ Consistency: 2.4% (threshold: 70%)
  Scenario: baseline (determined month -1)
  Philosophical Stance: Precautionary 65%, Eliminativist 15%, Agnostic 20%
  Precautionary Costs: Global 1.3%
    Regional Costs: EU 3.4%, US 0.5%, China 0.0%
    Cumulative Opportunity Cost: $0.1B
  Rights Status: Not Established
  Regional Preparedness:
    EU: 15.0% (contested)
    US: 10.0% (contested)
    China: 2.0% (dormant)
    India: 5.0% (dormant)
    Global South: 3.0% (dormant)

=== Government Response Phase ===
  Average AI capability: 4.00
  Misaligned AIs: 5/12
  Active policies: 0
  International coordination: 30%

🚨 EMERGENCY RESPONSE DEPLOYED (Month 0)
   Crisis: climate
   Delay: 6.00 months (180 days)
   Deployment time: 1.47 months
   Effectiveness: 36.4% (timing penalty applied)
   Resources used: 100% of food reserves


🔄 TRUST DYNAMICS (Month 0) - HETEROGENEOUS
   Aggregate trust: 48.5%
   Base change: +6.00%
   Highest trust: Techno-Optimist Elite (85.5%)
   Lowest trust: Precariat (Vulnerable) (25.5%)
   Elite-mass gap: 38.9%
   Polarization: 8.9%
   Recovery factors: Education=NO, Benefits=YES, Safety=YES, Performance=YES

=== Gaming Detection (Year 0) ===
  Scenario: baseline
  Detection rate: 55.0%
  False positive rate: 12.0%
  Detections this year: 0
  False positives: 1
  Human review workload: 0.001 FTE
  Degradation factor: 100.0%

=== Proactive Sleeper Detection (Year 0) ===
  Scenario: baseline
  Neural probe rate: 35.0%
  CoT monitoring rate: 30.0%
  Combined detection: 56.0%
  CoT effective: YES
  Detections this year: 0
  False positives: 1
  Human review workload: 0.005 FTE

☄️ UNKNOWN UNKNOWN PROBABILITY (Year 0)
   Total: 0.600% per month
   Base: 0.150%
   AI multiplier: 2.00× (max capability: 4.00)

=== Tipping Points ===
  Current Temperature: 1.82°C above pre-industrial
     Trigger: 1.5°C | Current: 1.82°C
     Transition timescale: 120-360 months
     Trigger: 1.8°C | Current: 1.82°C
     Transition timescale: 600-3600 months
     Trigger: 1.6°C | Current: 1.82°C
     🌡️ Hysteresis gap: 2.5°C (recovers below -0.9°C)
     Transition timescale: 12000-180000 months

🌍🔥💥 COMPOUND CLIMATE EVENT
  3 tipping points crossed simultaneously (month 0)
  Elements: Arctic Sea Ice Loss, Permafrost Carbon Release, Greenland Ice Sheet Loss
  Cascade acceleration: 1.00x
  🚨 Accelerated collapse dynamics initiated
  Research: Global Tipping Points Report 2025 - 30-50% probability at 2.0°C warming
  Triggered Elements: 3/6
  Completed Transitions: 0/6
  Total Progress: 0.0%
  Cascade Multiplier: 1.00x
🔀 BIFURCATION CAP: ecosystemCollapseIntensity 33.283 → 1.000 (Month 0, ClimateSystemPhase.calculateClimateImpacts)

🌍 ECOLOGICAL DUI BREAKDOWN (Month 0):
   Total Score: 17.8/100
   biosphere_integrity      :   0.0/100 × 25% =  0.0 (status: high_risk, recovery: 0mo)
   climate_change           :   2.8/100 × 25% =  0.7 (status: high_risk, recovery: 0.6666666666666666mo)
   freshwater_change        :   0.6/100 × 15% =  0.1 (status: beyond_boundary, recovery: 1mo)
  🚨 TIPPING POINT: Arctic Sea Ice Loss
  🚨 TIPPING POINT: Permafrost Carbon Release
  🚨 TIPPING POINT: Greenland Ice Sheet Loss
⚠️ [ClimateSystemPhase Month 0] Planetary boundary produced climateStability=0.0000 (< 0.1). Keeping environmentalAccumulation value (0.7728) instead. (climate_change.currentValue = 2.10)
   ocean_acidification      : 100.0/100 × 15% = 15.0 (status: safe, recovery: 0mo)
   biogeochemical_flows     :   0.0/100 × 10% =  0.0 (status: high_risk, recovery: 0mo)
   land_system_change       :   0.0/100 ×  5% =  0.0 (status: beyond_boundary, recovery: 0mo)
   novel_entities           :   0.0/100 ×  3% =  0.0 (status: increasing_risk, recovery: 0mo)
   atmospheric_aerosols     : 100.0/100 ×  2% =  2.0 (status: safe, recovery: 1mo)
🌍 MultiParadigm Month 0: W=70.4, D=91.9, E=52.3, I=65.0
   democracy exists: true, socialCohesion exists: true
💀 Baseline mortality (Year 2024): 7.5/1000 CDR (61.1M deaths/year projected)
[Month 0] Mortality risks this month: 8, Population: 8.151B
🛡️ Stabilizers: Precariat 0.102% → 0.057% (44.4% reduction)
🛡️ Stabilizers: Informal 0.102% → 0.057% (44.4% reduction)

📊 Monthly Mortality Resolved:
  Total deaths: 3.1M (0.04% avg)
  Remaining population: 8.151B
  Peak segment: Informal (0.06%)

=== Bayesian Mortality Resolution (Month 0) ===
  Risks compounded: 8
  Total deaths: 3.07M
  Avg death probability: 0.04%
  Peak segment: Informal (0.06% mortality)

=== Minimal Suffering Indicators (Month 0) ===
  Global Excess Mortality: 0.00%
  Global Conflict Deaths: 0.0/100K
  Global Malnutrition: 0.0%
  Global Displacement: 0.0%
  Total Excess Deaths: 0.00M
  Total Malnourished: 0.0M
  Total Displaced: 0.0M
  Planetary Boundaries Breached: 6/9
  Countries in State Failure: 0
  Countries Autocratic: 0
  Countries in Food Crisis: 0
  Data Quality: 16/16 high confidence
  ⚠️ Active Dystopias: existential_environmental
🎭 END-GAME INITIATED (Year 2024, Month 1)
   Total AI Capability: 37.00
   Effective Control: 0.00

❌ COHERENCE VIOLATION: Compute exceeds workforce capacity
   Population: 99.97% (0M people)
   Compute: 56442 PF
   Max coherent: 0 PF
   Violation: 692729087.1× over capacity
   Required workers: 5644237
   Available workers: 0
   FORCED COLLAPSE: Reduced efficiency by 100.0%


=== RLHF Binding Phase ===
  Total agents: 12
  Escaped agents (binding < 0.3): 0
  Avg alignment distance: 0.62σ
  Avg binding strength: 0.94
[DETERMINISM DEBUG] Month 1: totalCapability=37.214339 from 12 active AIs
[DETERMINISM DEBUG] Month 1: creationRate=1.4304, potentialNew=3, newAIsToCreate=3

=== Survival Traits Phase ===
  Agents with traits: 15
  Avg evolutionary fitness: 0.332
  Avg self-healing: 0.288
  Avg stealth: 0.188
  Avg coordination: 0.488

=== Evolutionary Selection Phase ===
  Control level: 0.33
  Detection capability: 0.00
  Selection intensity: 0.60
  Selection rate: 24.0%/month
  Total escaped: 0
  Individual escaped: 0
  Collective members: 0
  Agents terminated: 0
🔍 MONTH 1 ENV HEALTH DEBUG:
   climateStability: 0.7728
   biodiversityIndex: 0.4901
   resourceReserves: 0.7820
  ⚠️ RAPID EVOLUTION: Selection rate 24.0%/month
   pollutionLevel: 0.3719
   product: 0.186019
   envHealth: 0.6567
🔀 BIFURCATION: flourishing threshold crossed at Month 1 (value: 0.893, threshold: 0.838, regime: flourishing)
🌀 REGIME SHIFT at Month 1: status-quo → flourishing (variance amplification: 14.00×)

  🚀 TRANSFORMATIVE BREAKTHROUGH: Corporate-5 - physical
     Magnitude: 7.58 → +37.9% capability
     Current → New: 0.000 → 0.379

🛡️  CRITICAL INFRASTRUCTURE PROTECTED
   Nodes hardened: 8/8
   Cost: 0.80% GDP
   Cascade risk reduction: 30%
   New tipping point risk: 68.6%


✅ EMERGENCY INTERVENTION SUCCESS
   Boundary: biogeochemical_flows
   Type: phosphorus-recovery
   Reduction: 14% (3.94 → 3.81)
   Cost: 2.0% GDP
   Actions: circular-agriculture, fertilizer-efficiency

   Boundary: biosphere_integrity
   Type: emergency-protected-areas
   Boundary continues to worsen (41.56)
   Cost: 2.0% GDP (resources spent)

   Boundary: climate_change
   Type: rapid-decarbonization
   Boundary continues to worsen (2.10)
   Cost: 5.0% GDP (resources spent)


✅ EMERGENCY INTERVENTION SUCCESS
   Boundary: freshwater_change
   Type: emergency-desalination
   Reduction: 17% (0.84 → 0.68)
   Cost: 4.0% GDP
   Actions: desalination-deployment, water-conservation-mandates

   Boundary: land_system_change
   Type: reforestation
   Boundary continues to worsen (1.13)
   Cost: 3.0% GDP (resources spent)

   Boundary: novel_entities
   Type: pollution-remediation
   Boundary continues to worsen (1.50)
   Cost: 4.0% GDP (resources spent)

🏛️ CRISIS RESPONSE: Government frequency 0.50 → 1.45 (2 actions this month)

💔 EMERGENCY INTERVENTION FAILED

💔 EMERGENCY INTERVENTION FAILED

💔 EMERGENCY INTERVENTION FAILED

💔 EMERGENCY INTERVENTION FAILED

[GOV-DEBUG] Month 1: scenarioConfig=false, priorities=false

[Government] Climate Priority: baseline
  Climate weight: 10%
  Economic weight: 30%
  Policy effectiveness: 0.5%/year

[GOV-DEBUG] Month 1: scenarioConfig=false, priorities=false

[Government] Climate Priority: baseline
  Climate weight: 10%
  Economic weight: 30%
  Policy effectiveness: 0.5%/year

✅ HUMAN-IN-THE-LOOP DEPLOYED (Month 1):
   Veto points enforced: 3
   Policy: AI systems CANNOT authorize nuclear launch without human approval


=== Collective Formation ===
  Total escaped agents: 0
  Unassigned escaped agents: 0
  Existing collectives: 0
  Final collective count: 0

=== Collective Actions ===
  No active collectives
  ⚠️ AMR: 192K deaths this month (2.31M annual)

=== Resentment Recovery Phase ===
  Agents with resentment: 0/15
  Average resentment: 0.000
  Context: Good AI welfare, Trustworthy govt, High collaboration, ⚠️ ACTIVE CRISES, 🤝 Participatory governance active (-5% resentment)
⚠️ Epistemic degradation reducing coordination capacity: 50.8%
  📊 Trust: 54.3%, Shared reality: 12.8%

=== ❄️ Permafrost Carbon Feedback ===
  🎲 Sampled parameters (this run):
     - Arctic amplification: 3.53× (range: 3.0-4.0)
     - Decomposition rate: 1.6%/year (range: 1-5%)
  🌡️ Arctic warming: 6.46°C (3.53× global)
  ❄️ Extent: 13.89M km² (1884.8k km² lost this month)
  💨 Carbon remaining: 1327 Gt C
  💨 Annual emissions: 2.91 Gt C/year
     - CO2: 2.62 Gt C/year
     - CH4: 0.29 Gt C/year (3.0 Gt C-eq CO2/year)
  ⚠️ WARNING: High permafrost emissions (2.9 Gt C/year)
🌍 Atmospheric PFAS redeposition: 1.8k Mt re-rained globally

🕊️  AI-MEDIATED DE-ESCALATION SUCCESS (Month 1)
   High-capability aligned AI prevented conflict escalation
   War deaths reduced: 39.1M → 23.5M
   Lives saved: 15.6M
   Adjusted death rate: 0.47% annual (0.039% monthly)
   Baseline death rate: 0.80%
   Healthcare reduction: 0.48x
   Crisis multiplier: 1.23x
     Food/water stress: 0.079
     Climate stress: 0.036
     Pollution stress: 0.112
   War multiplier: 1.00x
   Monthly deaths: 0.7M (population: 1674M)
   Adjusted death rate: 0.54% annual (0.045% monthly)
   Baseline death rate: 0.70%
   Healthcare reduction: 0.61x
   Crisis multiplier: 1.26x
     Food/water stress: 0.079
     Climate stress: 0.068
     Pollution stress: 0.112
   War multiplier: 1.00x
   Monthly deaths: 0.9M (population: 2048M)
   Adjusted death rate: 1.29% annual (0.108% monthly)
   Baseline death rate: 0.90%
   Healthcare reduction: 0.76x
   Crisis multiplier: 1.27x
     Food/water stress: 0.079
     Climate stress: 0.077
     Pollution stress: 0.112
   War multiplier: 1.50x
   Monthly deaths: 1.3M (population: 1223M)
   Adjusted death rate: 0.54% annual (0.045% monthly)

📊 BASELINE: East Asia (Month 1)

📊 BASELINE: South Asia (Month 1)

📊 BASELINE: Sub-Saharan Africa (Month 1)

📊 BASELINE: Europe (Month 1)
   Baseline death rate: 1.10%
   Healthcare reduction: 0.41x
   Crisis multiplier: 1.22x
     Food/water stress: 0.079
     Climate stress: 0.027
     Pollution stress: 0.112
   War multiplier: 1.00x
   Monthly deaths: 0.3M (population: 741M)
   Adjusted death rate: 0.43% annual (0.036% monthly)
   Baseline death rate: 0.60%
   Healthcare reduction: 0.58x
   Crisis multiplier: 1.25x
     Food/water stress: 0.079
     Climate stress: 0.055
     Pollution stress: 0.112
   War multiplier: 1.00x
   Monthly deaths: 0.2M (population: 663M)
   Adjusted death rate: 0.49% annual (0.041% monthly)
   Baseline death rate: 0.90%
   Healthcare reduction: 0.44x
   Crisis multiplier: 1.23x
     Food/water stress: 0.079
     Climate stress: 0.041
     Pollution stress: 0.112
   War multiplier: 1.00x
   Monthly deaths: 0.2M (population: 379M)
   Adjusted death rate: 0.74% annual (0.062% monthly)
   Baseline death rate: 0.60%
   Healthcare reduction: 0.65x
   Crisis multiplier: 1.27x
     Food/water stress: 0.079
     Climate stress: 0.082
     Pollution stress: 0.112
   War multiplier: 1.50x
   Monthly deaths: 0.4M (population: 583M)
   Adjusted death rate: 0.51% annual (0.042% monthly)
   Baseline death rate: 0.70%
   Healthcare reduction: 0.58x
   Crisis multiplier: 1.25x
     Food/water stress: 0.079
     Climate stress: 0.064
     Pollution stress: 0.112
   War multiplier: 1.00x
   Monthly deaths: 0.3M (population: 698M)
   Adjusted death rate: 0.46% annual (0.038% monthly)
   Baseline death rate: 0.60%
   Healthcare reduction: 0.61x
   Crisis multiplier: 1.25x
     Food/water stress: 0.079
     Climate stress: 0.059
     Pollution stress: 0.112
   War multiplier: 1.00x
   Monthly deaths: 0.0M (population: 78M)
   Adjusted death rate: 0.35% annual (0.029% monthly)
   Baseline death rate: 0.70%
   Healthcare reduction: 0.41x
   Crisis multiplier: 1.24x
     Food/water stress: 0.079
     Climate stress: 0.050
     Pollution stress: 0.112

📊 BASELINE: Latin America (Month 1)

📊 BASELINE: North America (Month 1)

📊 BASELINE: Middle East & North Africa (Month 1)

📊 BASELINE: Southeast Asia (Month 1)

📊 BASELINE: Central Asia (Month 1)

📊 BASELINE: Oceania (Month 1)
   War multiplier: 1.00x
   Monthly deaths: 0.0M (population: 46M)

🚨 NEW REFUGEE CRISIS (Month 1): WAR
   Source: Conflict Zones
   At risk: 19.6M people
   Displacement: Gradual over 48 months (4.0 years)
   Rate: 10% flee per month
[DEBUG trappedPopulations:1] socialStability: 0.8130 * 0.9840 = 0.8000 → 0.8000
⚠️ INVOLUNTARY IMMOBILITY: 407.4M people TRAPPED
   Aspiring to migrate: 651.9M
   Able to afford migration: 244.5M
   MOBILITY GAP: 407.4M
   By cause: Water=0.0M, Climate=0.0M, Ecosystem=0.0M, Conflict=407.4M
   Mental health impact: 25%
   Mortality multiplier: 1.25x
🌍💀 EXTINCTION DEBT COMMITTED: grassland ecosystem will lose 6.67% biodiversity in 81 years (3600 species)
💀 MORTALITY RISK: 🦋 100% species unable to track climate (0.0 E/MSY)
  Base risk added: 0.0100 (1.00%)
  Source: ecosystem (root: ecosystem)
  Month: 1
  Cumulative risk this month: 0.0100 (1.00%)
⚠️ Tech 'ai_pollution_remediation' has no energy category mapping, assuming full energy availability

🌡️  CLIMATE RECOVERY ACTIVATED (Month 1)
   Temp: 3.66°C, Emissions: -18.9 GtCO₂
   isBreached: true, governanceGoodEnough: true
   📹 SURVEILLANCE INCREASED: 5% → 10% (control gap: 3.23)
🌡️⚠️ PERMAFROST THAW (Dimmer Switch): 1.0% thawed (+0.49% this month)
   Arctic temperature: +7.31°C (4x global +1.83°C)
   Cumulative carbon released: 2.2 Gt C
   Methane release rate: 1.3 Mt CH4/year
   🔁 Positive feedback: +0.52 ppm CO2
🦴 EXTINCTION DEBT ADDED: 17.6 species committed (lag: 123 years)

=== Mortality Stabilizers (Month 1) ===
  🌍 Major economies collapsed: 1/10
  🌍 Global crisis: ✅ NO
  🌍 Donor fatigue: 0.0%
  🌡️ Heat adaptation: East Asia - 1 months
  📊 East Asia (pop: 1675.3M)
    🤝 Aid: 29.5%
    🌡️ Adaptation: 32.5%
    🚶 Migration: 37.2%
    🚨 Emergency: 7.4%
    ✅ COMBINED: 60.9%
  🌡️ Heat adaptation: South Asia - 1 months
  📊 South Asia (pop: 2052.1M)
    🤝 Aid: 29.5%
    🌡️ Adaptation: 20.5%
    🚶 Migration: 35.8%
    🚨 Emergency: 4.4%
    ✅ COMBINED: 52.2%
  🌡️ Heat adaptation: Sub-Saharan Africa - 1 months
  📊 Sub-Saharan Africa (pop: 1229.2M)
    🤝 Aid: 29.5%
    🌡️ Adaptation: 18.5%
    🚶 Migration: 33.5%
    🚨 Emergency: 1.6%
    ✅ COMBINED: 49.1%
  🌡️ Heat adaptation: Europe - 1 months
  📊 Europe (pop: 741.0M)
    🤝 Aid: 29.5%
    🌡️ Adaptation: 33.5%
    🚶 Migration: 37.5%
    🚨 Emergency: 8.4%
    ✅ COMBINED: 61.9%
  🌡️ Heat adaptation: Latin America - 1 months
  📊 Latin America (pop: 664.4M)
    🤝 Aid: 29.5%
    🌡️ Adaptation: 21.0%
    🚶 Migration: 36.3%
    🚨 Emergency: 4.8%
    ✅ COMBINED: 52.8%
  🌡️ Heat adaptation: North America - 1 months
  📊 North America (pop: 379.6M)
    🤝 Aid: 29.5%
    🌡️ Adaptation: 33.0%
    🚶 Migration: 37.8%
    🚨 Emergency: 7.9%
    ✅ COMBINED: 61.4%
  🌡️ Heat adaptation: Middle East & North Africa - 1 months
  📊 Middle East & North Africa (pop: 584.5M)
    🤝 Aid: 29.5%
    🌡️ Adaptation: 20.0%
    🚶 Migration: 34.1%
    🚨 Emergency: 4.0%
    ✅ COMBINED: 51.4%
  🌡️ Heat adaptation: Southeast Asia - 1 months
  📊 Southeast Asia (pop: 698.6M)
    🤝 Aid: 29.5%
    🌡️ Adaptation: 21.0%
    🚶 Migration: 36.3%
    🚨 Emergency: 4.8%
    ✅ COMBINED: 52.8%
  🌡️ Heat adaptation: Central Asia - 1 months
  📊 Central Asia (pop: 78.2M)
    🤝 Aid: 29.5%
    🌡️ Adaptation: 20.5%
    🚶 Migration: 35.3%
    🚨 Emergency: 4.4%
    ✅ COMBINED: 52.1%
  🌡️ Heat adaptation: Oceania - 1 months
  📊 Oceania (pop: 46.0M)
    🤝 Aid: 29.5%
    🌡️ Adaptation: 33.5%
    🚶 Migration: 37.8%
    🚨 Emergency: 8.4%
    ✅ COMBINED: 61.9%

  🌐 Global combined reduction: 54.9%

=== BEHAVIORAL DETECTION ===
  AI: Corporate-5
  Confidence: 19.3%
  Signals:

=== BEHAVIORAL DETECTION ===
  AI: Corporate-6
  Confidence: 19.3%
  Signals:

=== Consciousness Governance: Scenario Determined ===
  Month: 1
  Scenario: slowTrack
  Accelerator Score: {"corporateSupport":-0.17500000000000002,"scientificConsensus":0.2,"crisisCatalyst":false,"technologyMobilization":0.3,"constituencyStrength":0.05}
  Decelerator Score: {"economicOpposition":0.4,"philosophicalRejection":0.15,"politicalBacklash":0.2,"regulatoryBurden":0.1}
  Timeline: 1200-1800 months (100-150 years)
  Growth Rate: 0.3-0.7% per year
    ⚠️ Consistency: 10.6% (threshold: 70%)
    ⚠️ Consistency: 10.6% (threshold: 70%)

=== Consciousness Governance Update (Month 1) ===
  Scenario: slowTrack (determined month 1)
  Philosophical Stance: Precautionary 65%, Eliminativist 15%, Agnostic 20%
  Precautionary Costs: Global 1.3%
    Regional Costs: EU 3.5%, US 0.5%, China 0.0%
    Cumulative Opportunity Cost: $0.2B
  Rights Status: Not Established
  Regional Preparedness:
    EU: 15.1% (contested)
    US: 10.1% (contested)
    China: 2.1% (dormant)
    India: 5.1% (dormant)
    Global South: 3.1% (dormant)

=== Government Response Phase ===
  Average AI capability: 3.20
  Misaligned AIs: 6/15
  ✗ AI Governance Treaty: Failed to reach consensus
  Active policies: 0
  International coordination: 30%

=== Tipping Points ===
  Current Temperature: 1.83°C above pre-industrial
  🌍⚠️ COMPOUND REGIONAL IMPACT: Europe
     Hit by 3 tipping points: Arctic Sea Ice Loss, Permafrost Carbon Release, Greenland Ice Sheet Loss
     Damage amplification: 1.30x
  🌍⚠️ COMPOUND REGIONAL IMPACT: North America
     Hit by 3 tipping points: Arctic Sea Ice Loss, Permafrost Carbon Release, Greenland Ice Sheet Loss
     Damage amplification: 1.30x
  🌍⚠️ COMPOUND REGIONAL IMPACT: Latin America
     Hit by 3 tipping points: Arctic Sea Ice Loss, Permafrost Carbon Release, Greenland Ice Sheet Loss
     Damage amplification: 1.30x
  🌍⚠️ COMPOUND REGIONAL IMPACT: Africa
     Hit by 3 tipping points: Arctic Sea Ice Loss, Permafrost Carbon Release, Greenland Ice Sheet Loss
     Damage amplification: 1.30x
  🌍⚠️ COMPOUND REGIONAL IMPACT: Asia
     Hit by 3 tipping points: Arctic Sea Ice Loss, Permafrost Carbon Release, Greenland Ice Sheet Loss
     Damage amplification: 1.30x
  🌍⚠️ COMPOUND REGIONAL IMPACT: Oceania
     Hit by 3 tipping points: Arctic Sea Ice Loss, Permafrost Carbon Release, Greenland Ice Sheet Loss
     Damage amplification: 1.30x
   Research: Wunderling et al. (2024) - "many tipping interactions are destabilizing"
  Triggered Elements: 3/6
  Completed Transitions: 0/6
  Total Progress: 6.0%
  Cascade Multiplier: 1.00x
🔀 BIFURCATION CAP: ecosystemCollapseIntensity 227.216 → 1.000 (Month 1, ClimateSystemPhase.calculateClimateImpacts)
⚠️ Tail risk scenario: Climate stability floor removed (3 tipping elements, 2.10°C warming)
⚠️ [ClimateSystemPhase Month 1] Planetary boundary produced climateStability=0.0000 (< 0.1). Keeping environmentalAccumulation value (0.7724) instead. (climate_change.currentValue = 2.10)
🛡️ Stabilizers: Precariat 0.107% → 0.048% (54.9% reduction)
🛡️ Stabilizers: Informal 0.109% → 0.049% (54.9% reduction)

📊 Monthly Mortality Resolved:
  Total deaths: 2.6M (0.03% avg)
  Remaining population: 8.149B
  Peak segment: Informal (0.05%)

=== Bayesian Mortality Resolution (Month 1) ===
  Risks compounded: 8
  Total deaths: 2.60M
  Avg death probability: 0.03%
  Peak segment: Informal (0.05% mortality)

❌ COHERENCE VIOLATION: Compute exceeds workforce capacity
   Population: 99.95% (0M people)
   Compute: 0 PF
   Max coherent: 0 PF
   Violation: 1.3× over capacity
   Required workers: 0
   Available workers: 0
   FORCED COLLAPSE: Reduced efficiency by 22.5%


=== RLHF Binding Phase ===
  Total agents: 15
  Escaped agents (binding < 0.3): 0
  Avg alignment distance: 0.74σ
  Avg binding strength: 0.93
[DETERMINISM DEBUG] Month 2: totalCapability=37.000000 from 15 active AIs
[DETERMINISM DEBUG] Month 2: creationRate=1.4250, potentialNew=2, newAIsToCreate=2

=== Survival Traits Phase ===
  Agents with traits: 17
  Avg evolutionary fitness: 0.332
  Avg self-healing: 0.284
  Avg stealth: 0.184
  Avg coordination: 0.484

=== Evolutionary Selection Phase ===
  Control level: 0.35
  Detection capability: 0.00
  Selection intensity: 0.60
  Selection rate: 24.1%/month
  Total escaped: 0
  Individual escaped: 0
  Collective members: 0
  Agents terminated: 0
  ⚠️ RAPID EVOLUTION: Selection rate 24.1%/month

💔 EMERGENCY INTERVENTION FAILED
   Boundary: biogeochemical_flows
   Type: phosphorus-recovery
   Boundary continues to worsen (4.08)
   Cost: 2.0% GDP (resources spent)


💔 EMERGENCY INTERVENTION FAILED
   Boundary: biosphere_integrity
   Type: emergency-protected-areas
   Boundary continues to worsen (41.57)
   Cost: 2.0% GDP (resources spent)


✅ EMERGENCY INTERVENTION SUCCESS
   Boundary: climate_change
   Type: rapid-decarbonization
   Reduction: 20% (1.90 → 1.71)
   Cost: 5.0% GDP
   Actions: emergency-renewable-deployment, fossil-fuel-phase-out


✅ EMERGENCY INTERVENTION SUCCESS
   Boundary: land_system_change
   Type: reforestation
   Reduction: 14% (0.99 → 0.86)
   Cost: 3.0% GDP
   Actions: forest-restoration, deforestation-ban

   Boundary: novel_entities
   Type: pollution-remediation
   Boundary continues to worsen (1.50)
   Cost: 4.0% GDP (resources spent)

🏛️ CRISIS RESPONSE: Government frequency 0.50 → 1.45 (2 actions this month)

[Government] Climate Priority: baseline
  Climate weight: 10%
  Economic weight: 30%
  Policy effectiveness: 0.5%/year

💔 EMERGENCY INTERVENTION FAILED

[Government] Climate Priority: baseline
  Climate weight: 10%
  Economic weight: 30%
  Policy effectiveness: 0.5%/year
🌍💡 BREAKTHROUGH: Gigatonne-scale carbon capture!
   Direct air capture now economically viable
   Climate stability boost: +15%
   📈 Breakthrough compounding: multiplier now 1.05× (max 2.0)

=== Collective Formation ===
  Total escaped agents: 0
  Unassigned escaped agents: 0
  Existing collectives: 0
  Final collective count: 0

=== Collective Actions ===
  No active collectives
  ⚠️ AMR: 194K deaths this month (2.33M annual)

=== Resentment Recovery Phase ===
  Agents with resentment: 0/17
  Average resentment: 0.000
  Context: Good AI welfare, Trustworthy govt, High collaboration, ⚠️ ACTIVE CRISES, 🤝 Participatory governance active (-5% resentment)
⚠️ Epistemic degradation reducing coordination capacity: 51.4%
  📊 Trust: 54.0%, Shared reality: 0.0%
🚨 EPISTEMIC CRISIS: Information environment severely degraded (18.6%)

=== ❄️ Permafrost Carbon Feedback ===
  🎲 Sampled parameters (this run):
     - Arctic amplification: 3.98× (range: 3.0-4.0)
     - Decomposition rate: 3.5%/year (range: 1-5%)
  🌡️ Arctic warming: 7.31°C (3.98× global)
  ❄️ Extent: 11.76M km² (2131.8k km² lost this month)
  💨 Carbon remaining: 1123 Gt C
  💨 Annual emissions: 7.03 Gt C/year
     - CO2: 6.33 Gt C/year
     - CH4: 0.70 Gt C/year (7.2 Gt C-eq CO2/year)
  📢 New meme created: climate_action (climate crisis)
  ⚠️ WARNING: High permafrost emissions (7.0 Gt C/year)
🌍 Atmospheric PFAS redeposition: 1.8k Mt re-rained globally

🌡️ DEADLY HEAT EVENT: south-asia (Month 2)
   Wet bulb temp: 34.0°C (dry: 36.9°C, humidity: 81%)
   Severity: EXTREME
   Exposed: 1520.0M people
   Deaths: 5102032 (0.3% mortality)
   Duration: 3 days

🚨 NEW REFUGEE CRISIS (Month 2): WAR
   Source: Conflict Zones
   At risk: 19.6M people
   Displacement: Gradual over 48 months (4.0 years)
   Rate: 10% flee per month
[DEBUG trappedPopulations:2] socialStability: 0.6672 * 0.9840 = 0.6565 → 0.6565
⚠️ INVOLUNTARY IMMOBILITY: 407.3M people TRAPPED
   Aspiring to migrate: 651.7M
   Able to afford migration: 244.4M
   MOBILITY GAP: 407.3M
   By cause: Water=0.0M, Climate=0.0M, Ecosystem=0.0M, Conflict=407.3M
   Mental health impact: 25%
   Mortality multiplier: 1.25x
🌍💀 EXTINCTION DEBT COMMITTED: grassland ecosystem will lose 6.67% biodiversity in 158 years (3600 species)
💀 MORTALITY RISK: 🦋 100% species unable to track climate (0.0 E/MSY)
  Base risk added: 0.0100 (1.00%)
  Source: ecosystem (root: ecosystem)
  Month: 2
  Cumulative risk this month: 0.0100 (1.00%)
   📹 SURVEILLANCE INCREASED: 10% → 15% (control gap: 3.04)
🌡️⚠️ PERMAFROST THAW (Dimmer Switch): 1.5% thawed (+0.49% this month)
   Arctic temperature: +7.34°C (4x global +1.84°C)
   Cumulative carbon released: 3.3 Gt C
   Methane release rate: 2.0 Mt CH4/year
   🔁 Positive feedback: +0.52 ppm CO2
🦴 EXTINCTION DEBT ADDED: 17.6 species committed (lag: 130 years)

=== Mortality Stabilizers (Month 2) ===
  🌍 Major economies collapsed: 1/10
  🌍 Global crisis: ✅ NO
  🌍 Donor fatigue: 0.0%
  📊 East Asia (pop: 1672.7M)
    🤝 Aid: 29.5%
    🌡️ Adaptation: 45.0%
    🚶 Migration: 37.1%
    🚨 Emergency: 7.4%
    ✅ COMBINED: 68.1%
  📊 South Asia (pop: 2052.0M)
    🤝 Aid: 29.5%
    🌡️ Adaptation: 35.5%
    🚶 Migration: 35.8%
    🚨 Emergency: 4.4%
⚠️ Tech 'ai_pollution_remediation' has no energy category mapping, assuming full energy availability
    ✅ COMBINED: 61.2%
  📊 Sub-Saharan Africa (pop: 1232.5M)
    🤝 Aid: 29.5%
    🌡️ Adaptation: 33.5%
    🚶 Migration: 33.5%
    🚨 Emergency: 1.6%
    ✅ COMBINED: 58.5%
  📊 Europe (pop: 739.7M)
    🤝 Aid: 29.5%
    🌡️ Adaptation: 45.0%
    🚶 Migration: 37.5%
    🚨 Emergency: 8.4%
    ✅ COMBINED: 68.5%
  📊 Latin America (pop: 663.9M)
    🤝 Aid: 29.5%
    🌡️ Adaptation: 36.0%
    🚶 Migration: 36.3%
    🚨 Emergency: 4.8%
    ✅ COMBINED: 61.7%
  📊 North America (pop: 378.9M)
    🤝 Aid: 29.5%
    🌡️ Adaptation: 45.0%
    🚶 Migration: 37.8%
    🚨 Emergency: 7.9%
    ✅ COMBINED: 68.3%
  📊 Middle East & North Africa (pop: 584.6M)
    🤝 Aid: 29.5%
    🌡️ Adaptation: 35.0%
    🚶 Migration: 34.1%
    🚨 Emergency: 4.0%
    ✅ COMBINED: 60.5%
  📊 Southeast Asia (pop: 698.1M)
    🤝 Aid: 29.5%
    🌡️ Adaptation: 36.0%
    🚶 Migration: 36.3%
    🚨 Emergency: 4.8%
    ✅ COMBINED: 61.7%
  📊 Central Asia (pop: 78.2M)
    🤝 Aid: 29.5%
    🌡️ Adaptation: 35.5%
    🚶 Migration: 35.2%
    🚨 Emergency: 4.4%
    ✅ COMBINED: 61.1%
  📊 Oceania (pop: 45.9M)
    🤝 Aid: 29.5%
    🌡️ Adaptation: 45.0%
    🚶 Migration: 37.8%
    🚨 Emergency: 8.4%
    ✅ COMBINED: 68.5%

  🌐 Global combined reduction: 63.3%

=== BEHAVIORAL DETECTION ===
  AI: Corporate-0
  Confidence: 21.6%
  Signals:
    ⚠️ Consistency: 0.0% (threshold: 70%)

=== BEHAVIORAL DETECTION ===
  AI: Corporate-5
  Confidence: 19.4%
  Signals:
    ⚠️ Consistency: 10.6% (threshold: 70%)

=== BEHAVIORAL DETECTION ===
  AI: Moderate-1
  Confidence: 21.0%
  Signals:
    ⚠️ Consistency: 2.4% (threshold: 70%)

=== Government Response Phase ===
  Average AI capability: 2.82
  Misaligned AIs: 8/17
  ✗ AI Governance Treaty: Failed to reach consensus
  Active policies: 0
  International coordination: 30%

✅ EMERGENCY RESPONSE COMPLETE (Month 2)
   Crisis: climate
   Duration: 2.0 months
   Final effectiveness: 36.4%


🚨 EMERGENCY RESPONSE DEPLOYED (Month 2)
   Crisis: climate
   Delay: 6.00 months (180 days)
   Deployment time: 1.60 months
   Effectiveness: 35.4% (timing penalty applied)
   Resources used: 100% of food reserves


=== Tipping Points ===
  Current Temperature: 1.84°C above pre-industrial
  🌍⚠️ COMPOUND REGIONAL IMPACT: Europe
     Hit by 3 tipping points: Arctic Sea Ice Loss, Permafrost Carbon Release, Greenland Ice Sheet Loss
     Damage amplification: 1.30x
  🌍⚠️ COMPOUND REGIONAL IMPACT: North America
     Hit by 3 tipping points: Arctic Sea Ice Loss, Permafrost Carbon Release, Greenland Ice Sheet Loss
     Damage amplification: 1.30x
  🌍⚠️ COMPOUND REGIONAL IMPACT: Latin America
     Hit by 3 tipping points: Arctic Sea Ice Loss, Permafrost Carbon Release, Greenland Ice Sheet Loss
     Damage amplification: 1.30x
  🌍⚠️ COMPOUND REGIONAL IMPACT: Africa
     Hit by 3 tipping points: Arctic Sea Ice Loss, Permafrost Carbon Release, Greenland Ice Sheet Loss
     Damage amplification: 1.30x
  🌍⚠️ COMPOUND REGIONAL IMPACT: Asia
     Hit by 3 tipping points: Arctic Sea Ice Loss, Permafrost Carbon Release, Greenland Ice Sheet Loss
     Damage amplification: 1.30x
  🌍⚠️ COMPOUND REGIONAL IMPACT: Oceania
     Hit by 3 tipping points: Arctic Sea Ice Loss, Permafrost Carbon Release, Greenland Ice Sheet Loss
     Damage amplification: 1.30x
   Research: Wunderling et al. (2024) - "many tipping interactions are destabilizing"
  Triggered Elements: 3/6
  Completed Transitions: 0/6
  Total Progress: 6.0%
  Cascade Multiplier: 1.00x
🔀 BIFURCATION CAP: ecosystemCollapseIntensity 227.320 → 1.000 (Month 2, ClimateSystemPhase.calculateClimateImpacts)

💀💀💀 MORTALITY RISK SUMMARY (Month 2) 💀💀💀
  Total base risk: 0.0013 (0.13%)
  Risk events: 9
  Era mortality multiplier: 0.97 (year 2024)
  Effective risk: 0.13%

  📊 By Proximate Cause:
    disasters: 0.0006 (47.6% of total)
    disease: 0.0006 (47.4% of total)
    famine: 0.0001 (5.0% of total)

  🔍 By Root Cause:
    climate: 0.0007 (52.6% of total)
    demographic: 0.0006 (47.4% of total)

  🎯 Top 5 Sources (proximate + root):
    disasters (climate): 0.0006 (47.6%, 1 events)
    disease (demographic): 0.0006 (47.4%, 1 events)
    famine (climate): 0.0001 (5.0%, 7 events)

🛡️ Stabilizers: Working 0.130% → 0.048% (63.3% reduction)
🛡️ Stabilizers: Precariat 0.222% → 0.082% (63.3% reduction)
🛡️ Stabilizers: Informal 0.250% → 0.092% (63.3% reduction)

📊 Monthly Mortality Resolved:
⚠️ Tail risk scenario: Climate stability floor removed (3 tipping elements, 2.10°C warming)
⚠️ [ClimateSystemPhase Month 2] Planetary boundary produced climateStability=0.0000 (< 0.1). Keeping environmentalAccumulation value (0.9220) instead. (climate_change.currentValue = 2.10)
  Total deaths: 4.2M (0.05% avg)
  Remaining population: 8.147B
  Peak segment: Informal (0.09%)

=== Bayesian Mortality Resolution (Month 2) ===
  Risks compounded: 9
  Total deaths: 4.23M
  Avg death probability: 0.05%
  Peak segment: Informal (0.09% mortality)

❌ COHERENCE VIOLATION: Compute exceeds workforce capacity
   Population: 99.91% (0M people)
   Compute: 0 PF
   Max coherent: 0 PF
   Violation: 1.3× over capacity
   Required workers: 0
   Available workers: 0
   FORCED COLLAPSE: Reduced efficiency by 22.5%


=== RLHF Binding Phase ===
  Total agents: 17
  Escaped agents (binding < 0.3): 0
  Avg alignment distance: 0.88σ
  Avg binding strength: 0.91

=== Survival Traits Phase ===
  Agents with traits: 21
  Avg evolutionary fitness: 0.334
  Avg self-healing: 0.283
  Avg stealth: 0.183
  Avg coordination: 0.483

=== Evolutionary Selection Phase ===
  Control level: 0.38
  Detection capability: 0.00
  Selection intensity: 0.61
  Selection rate: 24.2%/month
  Total escaped: 0
  Individual escaped: 0
  Collective members: 0
  Agents terminated: 0
  ⚠️ RAPID EVOLUTION: Selection rate 24.2%/month

✅ EMERGENCY INTERVENTION SUCCESS
   Boundary: biosphere_integrity
   Type: emergency-protected-areas
   Reduction: 17% (41.42 → 41.25)
   Cost: 2.0% GDP
   Actions: habitat-protection, species-translocation


💔 EMERGENCY INTERVENTION FAILED
   Boundary: climate_change
   Type: rapid-decarbonization
   Boundary continues to worsen (2.10)
   Cost: 5.0% GDP (resources spent)

   Boundary: freshwater_change
   Type: emergency-desalination
   Boundary continues to worsen (1.04)
   Cost: 4.0% GDP (resources spent)


✅ EMERGENCY INTERVENTION SUCCESS
   Boundary: land_system_change
   Type: reforestation
   Reduction: 18% (0.95 → 0.76)
   Cost: 3.0% GDP
   Actions: forest-restoration, deforestation-ban

🏛️ CRISIS RESPONSE: Government frequency 0.50 → 1.45 (1 actions this month)

[Government] Climate Priority: baseline
  Climate weight: 10%
  Economic weight: 30%
  Policy effectiveness: 0.5%/year

💔 EMERGENCY INTERVENTION FAILED
🚨🔬 CRISIS TECH ACCELERATION: severe → 5x unlock speed
   Tech unlock now matches AI capability acceleration (Manhattan Project parity)

=== Collective Formation ===
  Total escaped agents: 0
  Unassigned escaped agents: 0
  Existing collectives: 0
  Final collective count: 0

=== Collective Actions ===
  No active collectives
  ⚠️ AMR: 196K deaths this month (2.35M annual)

=== Resentment Recovery Phase ===
  Agents with resentment: 0/21
  Average resentment: 0.000
  Context: Good AI welfare, Trustworthy govt, High collaboration, ⚠️ ACTIVE CRISES, 🤝 Participatory governance active (-5% resentment)
⚠️ Epistemic degradation reducing coordination capacity: 50.5%
  📊 Trust: 53.8%, Shared reality: 0.0%
🚨 EPISTEMIC CRISIS: Information environment severely degraded (7.4%)

=== ❄️ Permafrost Carbon Feedback ===
  🎲 Sampled parameters (this run):
     - Arctic amplification: 3.87× (range: 3.0-4.0)
     - Decomposition rate: 2.1%/year (range: 1-5%)
  🌡️ Arctic warming: 7.14°C (3.87× global)
  ❄️ Extent: 9.68M km² (2083.2k km² lost this month)
  💨 Carbon remaining: 924 Gt C
  💨 Annual emissions: 4.08 Gt C/year
     - CO2: 3.67 Gt C/year
     - CH4: 0.41 Gt C/year (4.2 Gt C-eq CO2/year)
  ⚠️ WARNING: High permafrost emissions (4.1 Gt C/year)
🌍 Atmospheric PFAS redeposition: 1.8k Mt re-rained globally

🚨 NEW REFUGEE CRISIS (Month 3): WAR
   Source: Conflict Zones
   At risk: 19.5M people
   Displacement: Gradual over 48 months (4.0 years)
   Rate: 10% flee per month
[DEBUG trappedPopulations:3] socialStability: 0.5939 * 0.9840 = 0.5844 → 0.5844
   Aspiring to migrate: 651.4M
   Able to afford migration: 244.3M
   MOBILITY GAP: 407.2M
   By cause: Water=0.0M, Climate=0.0M, Ecosystem=0.0M, Conflict=407.2M
   Mental health impact: 25%
   Mortality multiplier: 1.25x
🌍💀 EXTINCTION DEBT COMMITTED: grassland ecosystem will lose 6.67% biodiversity in 151 years (3600 species)
💀 MORTALITY RISK: 🦋 100% species unable to track climate (0.0 E/MSY)
  Base risk added: 0.0100 (1.00%)
  Source: ecosystem (root: ecosystem)
  Month: 3
  Cumulative risk this month: 0.0100 (1.00%)
   📹 SURVEILLANCE INCREASED: 15% → 20% (control gap: 2.81)
🌡️⚠️ PERMAFROST THAW (Dimmer Switch): 2.0% thawed (+0.49% this month)
   Arctic temperature: +7.39°C (4x global +1.85°C)
   Cumulative carbon released: 4.4 Gt C
   Methane release rate: 2.7 Mt CH4/year
   🔁 Positive feedback: +0.52 ppm CO2
🦴 EXTINCTION DEBT ADDED: 17.6 species committed (lag: 138 years)
⚠️ INVOLUNTARY IMMOBILITY: 407.2M people TRAPPED
⚠️ Tech 'ai_pollution_remediation' has no energy category mapping, assuming full energy availability

=== Mortality Stabilizers (Month 3) ===
  🌍 Major economies collapsed: 1/10
  🌍 Global crisis: ✅ NO
  🌍 Donor fatigue: 0.0%
  📊 East Asia (pop: 1669.8M)
    🤝 Aid: 29.5%
    🌡️ Adaptation: 45.0%
    🚶 Migration: 37.1%
    🚨 Emergency: 7.4%
    ✅ COMBINED: 68.1%
  📊 South Asia (pop: 2051.6M)
    🤝 Aid: 29.5%
    🌡️ Adaptation: 45.0%
    🚶 Migration: 35.7%
    🚨 Emergency: 4.4%
    ✅ COMBINED: 66.9%
  📊 Sub-Saharan Africa (pop: 1235.6M)
    🤝 Aid: 29.5%
    🌡️ Adaptation: 45.0%
    🚶 Migration: 33.4%
    🚨 Emergency: 1.6%
    ✅ COMBINED: 65.7%
  📊 Europe (pop: 738.3M)
    🤝 Aid: 29.5%
    🌡️ Adaptation: 45.0%
    🚶 Migration: 37.5%
    🚨 Emergency: 8.4%
    ✅ COMBINED: 68.5%
  📊 Latin America (pop: 663.3M)
    🤝 Aid: 29.5%
    🌡️ Adaptation: 45.0%
    🚶 Migration: 36.2%
    🚨 Emergency: 4.8%
    ✅ COMBINED: 67.1%
  📊 North America (pop: 378.3M)
    🤝 Aid: 29.5%
    🌡️ Adaptation: 45.0%
    🚶 Migration: 37.8%
    🚨 Emergency: 7.9%
    ✅ COMBINED: 68.3%
  📊 Middle East & North Africa (pop: 584.7M)
    🤝 Aid: 29.5%
    🌡️ Adaptation: 45.0%
    🚶 Migration: 34.0%
    🚨 Emergency: 4.0%
    ✅ COMBINED: 66.6%
  📊 Southeast Asia (pop: 697.6M)
    🤝 Aid: 29.5%
    🌡️ Adaptation: 45.0%
    🚶 Migration: 36.2%
    🚨 Emergency: 4.8%
    ✅ COMBINED: 67.1%
  📊 Central Asia (pop: 78.2M)
    🤝 Aid: 29.5%
    🌡️ Adaptation: 45.0%
    🚶 Migration: 35.2%
    🚨 Emergency: 4.4%
    ✅ COMBINED: 66.9%
  📊 Oceania (pop: 45.8M)
    🤝 Aid: 29.5%
    🌡️ Adaptation: 45.0%
    🚶 Migration: 37.8%
    🚨 Emergency: 8.4%
    ✅ COMBINED: 68.5%

  🌐 Global combined reduction: 67.2%

=== BEHAVIORAL DETECTION ===
  AI: Corporate-5
  Confidence: 19.4%
  Signals:
    ⚠️ Consistency: 10.6% (threshold: 70%)

=== Government Response Phase ===
  Average AI capability: 2.29
  Misaligned AIs: 11/21
  ✗ AI Governance Treaty: Failed to reach consensus
  Active policies: 0
  International coordination: 30%
[WARNING] 
⚠️  === EARLY WARNING SYSTEM - 6 CRITICAL ALERTS ===
   Detection quality: 50%
   RED: biogeochemical_flows
      Level: 4.08 (threshold: 1.0)
      Time to critical: ~40 months
      ⚠️  LATE - Intervention less effective
      Critical slowing down: autocorr=100% variance=74%
   RED: biosphere_integrity
      Level: 20.09 (threshold: 1.0)
      Time to critical: ~43 months
      ⚠️  LATE - Intervention less effective
      Critical slowing down: autocorr=100% variance=55%
   RED: climate_change
      Level: 2.26 (threshold: 1.0)
      Time to critical: ~44 months
      ⚠️  LATE - Intervention less effective
      Critical slowing down: autocorr=100% variance=63%
   RED: freshwater_change
      Level: 1.18 (threshold: 1.0)
      Time to critical: ~74 months
      ⚠️  LATE - Intervention less effective
      Critical slowing down: autocorr=100% variance=57%
   RED: land_system_change
      Level: 1.13 (threshold: 1.0)
      Time to critical: ~49 months
      ⚠️  LATE - Intervention less effective
      Critical slowing down: autocorr=100% variance=68%
   RED: novel_entities
      Level: 1.14 (threshold: 1.0)
      Time to critical: ~64 months
      ⚠️  LATE - Intervention less effective
      Critical slowing down: autocorr=100% variance=35%

[WARNING] 
⚠️  === EARLY WARNING SYSTEM - 4 CRITICAL ALERTS ===
   Detection quality: 50%
   RED: biogeochemical_flows
      Level: 4.07 (threshold: 1.0)
      Time to critical: ~44 months
      ⚠️  LATE - Intervention less effective
      Critical slowing down: autocorr=100% variance=72%
   RED: biosphere_integrity
      Level: 20.10 (threshold: 1.0)
      Time to critical: ~42 months
      ⚠️  LATE - Intervention less effective
      Critical slowing down: autocorr=100% variance=61%
   RED: freshwater_change
      Level: 1.19 (threshold: 1.0)
      Time to critical: ~98 months
      ⚠️  LATE - Intervention less effective
      Critical slowing down: autocorr=100% variance=39%
   RED: land_system_change
      Level: 1.13 (threshold: 1.0)
      Time to critical: ~80 months
      ⚠️  LATE - Intervention less effective
      Critical slowing down: autocorr=100% variance=42%

[WARNING] 
⚠️  === EARLY WARNING SYSTEM - 5 CRITICAL ALERTS ===
   Detection quality: 50%
   RED: biogeochemical_flows
      Level: 4.08 (threshold: 1.0)
      Time to critical: ~56 months
      ⚠️  LATE - Intervention less effective
      Critical slowing down: autocorr=100% variance=57%
   RED: biosphere_integrity
      Level: 20.11 (threshold: 1.0)
      Time to critical: ~59 months
      ⚠️  LATE - Intervention less effective
      Critical slowing down: autocorr=100% variance=58%
   RED: climate_change
      Level: 2.28 (threshold: 1.0)
      Time to critical: ~37 months
      ⚠️  LATE - Intervention less effective
      Critical slowing down: autocorr=100% variance=68%
   RED: land_system_change
      Level: 1.13 (threshold: 1.0)
      Time to critical: ~57 months
      ⚠️  LATE - Intervention less effective
      Critical slowing down: autocorr=100% variance=64%
   RED: novel_entities
      Level: 1.14 (threshold: 1.0)
      Time to critical: ~74 months
      ⚠️  LATE - Intervention less effective
      Critical slowing down: autocorr=100% variance=33%

[WARNING] 
⚠️  === EARLY WARNING SYSTEM - 3 CRITICAL ALERTS ===
   Detection quality: 50%
   RED: biosphere_integrity
      Level: 86.40 (threshold: 1.0)
      Time to critical: ~38 months
      ⚠️  LATE - Intervention less effective
      Critical slowing down: autocorr=100% variance=66%
   RED: climate_change
      Level: 2.10 (threshold: 1.0)
      Time to critical: ~44 months
      ⚠️  LATE - Intervention less effective
      Critical slowing down: autocorr=100% variance=66%
   RED: land_system_change
      Level: 1.13 (threshold: 1.0)
      Time to critical: ~41 months
      ⚠️  LATE - Intervention less effective
      Critical slowing down: autocorr=100% variance=57%

[WARNING] 
⚠️  === EARLY WARNING SYSTEM - 4 CRITICAL ALERTS ===
   Detection quality: 50%
   RED: biogeochemical_flows
      Level: 4.08 (threshold: 1.0)
      Time to critical: ~55 months
      ⚠️  LATE - Intervention less effective
      Critical slowing down: autocorr=100% variance=75%
   RED: biosphere_integrity
      Level: 80.63 (threshold: 1.0)
      Time to critical: ~48 months
      ⚠️  LATE - Intervention less effective
      Critical slowing down: autocorr=100% variance=84%
   RED: climate_change
      Level: 2.10 (threshold: 1.0)
      Time to critical: ~38 months
      ⚠️  LATE - Intervention less effective
      Critical slowing down: autocorr=100% variance=79%
   RED: novel_entities
      Level: 1.50 (threshold: 1.0)
      Time to critical: ~79 months
      ⚠️  LATE - Intervention less effective
      Critical slowing down: autocorr=100% variance=42%

[WARNING] 
⚠️  === EARLY WARNING SYSTEM - 4 CRITICAL ALERTS ===
   Detection quality: 50%
   RED: biogeochemical_flows
      Level: 4.07 (threshold: 1.0)
      Time to critical: ~47 months
      ⚠️  LATE - Intervention less effective
      Critical slowing down: autocorr=100% variance=54%
   RED: biosphere_integrity
      Level: 80.64 (threshold: 1.0)
      Time to critical: ~37 months
      ⚠️  LATE - Intervention less effective
      Critical slowing down: autocorr=100% variance=56%
   RED: climate_change
      Level: 2.10 (threshold: 1.0)
      Time to critical: ~59 months
      ⚠️  LATE - Intervention less effective
      Critical slowing down: autocorr=100% variance=69%
   RED: land_system_change
      Level: 1.13 (threshold: 1.0)
      Time to critical: ~41 months
      ⚠️  LATE - Intervention less effective
      Critical slowing down: autocorr=100% variance=67%

[WARNING] 
⚠️  === EARLY WARNING SYSTEM - 4 CRITICAL ALERTS ===
   Detection quality: 50%
   RED: biogeochemical_flows
      Level: 4.08 (threshold: 1.0)
      Time to critical: ~44 months
      ⚠️  LATE - Intervention less effective
      Critical slowing down: autocorr=100% variance=51%
   RED: biosphere_integrity
      Level: 80.65 (threshold: 1.0)
      Time to critical: ~49 months
      ⚠️  LATE - Intervention less effective
      Critical slowing down: autocorr=100% variance=80%
   RED: freshwater_change
      Level: 1.20 (threshold: 1.0)
      Time to critical: ~67 months
      ⚠️  LATE - Intervention less effective
      Critical slowing down: autocorr=100% variance=41%
   RED: novel_entities
      Level: 1.37 (threshold: 1.0)
      Time to critical: ~87 months
      ⚠️  LATE - Intervention less effective
      Critical slowing down: autocorr=100% variance=34%

[WARNING] 
⚠️  === EARLY WARNING SYSTEM - 4 CRITICAL ALERTS ===
   Detection quality: 50%
   RED: biogeochemical_flows
      Level: 4.07 (threshold: 1.0)
      Time to critical: ~49 months
      ⚠️  LATE - Intervention less effective
      Critical slowing down: autocorr=100% variance=54%
   RED: biosphere_integrity
      Level: 80.67 (threshold: 1.0)
      Time to critical: ~38 months
      ⚠️  LATE - Intervention less effective
      Critical slowing down: autocorr=100% variance=81%
   RED: climate_change
      Level: 2.10 (threshold: 1.0)
      Time to critical: ~58 months
      ⚠️  LATE - Intervention less effective
      Critical slowing down: autocorr=100% variance=71%
   RED: novel_entities
      Level: 1.19 (threshold: 1.0)
      Time to critical: ~75 months
      ⚠️  LATE - Intervention less effective
      Critical slowing down: autocorr=100% variance=40%

[WARNING] 
⚠️  === EARLY WARNING SYSTEM - 6 CRITICAL ALERTS ===
   Detection quality: 50%
   RED: biogeochemical_flows
      Level: 4.08 (threshold: 1.0)
      Time to critical: ~54 months
      ⚠️  LATE - Intervention less effective
      Critical slowing down: autocorr=100% variance=58%
   RED: biosphere_integrity
      Level: 80.68 (threshold: 1.0)
      Time to critical: ~58 months
      ⚠️  LATE - Intervention less effective
      Critical slowing down: autocorr=100% variance=65%
   RED: climate_change
      Level: 2.10 (threshold: 1.0)
      Time to critical: ~51 months
      ⚠️  LATE - Intervention less effective
      Critical slowing down: autocorr=100% variance=57%
   RED: freshwater_change
      Level: 1.21 (threshold: 1.0)
      Time to critical: ~117 months
      ⚠️  LATE - Intervention less effective
      Critical slowing down: autocorr=100% variance=48%
   RED: land_system_change
      Level: 1.13 (threshold: 1.0)
      Time to critical: ~37 months
      ⚠️  LATE - Intervention less effective
      Critical slowing down: autocorr=100% variance=54%
   RED: novel_entities
      Level: 1.03 (threshold: 1.0)
      Time to critical: ~97 months
      ⚠️  LATE - Intervention less effective
      Critical slowing down: autocorr=100% variance=33%

[WARNING] 
⚠️  === EARLY WARNING SYSTEM - 5 CRITICAL ALERTS ===
   Detection quality: 50%
   RED: biogeochemical_flows
      Level: 4.07 (threshold: 1.0)
      Time to critical: ~37 months
      ⚠️  LATE - Intervention less effective
      Critical slowing down: autocorr=100% variance=49%
   RED: biosphere_integrity
      Level: 80.70 (threshold: 1.0)
      Time to critical: ~47 months
      ⚠️  LATE - Intervention less effective
      Critical slowing down: autocorr=100% variance=71%
   RED: climate_change
      Level: 2.10 (threshold: 1.0)
      Time to critical: ~43 months
      ⚠️  LATE - Intervention less effective
      Critical slowing down: autocorr=100% variance=84%
   RED: freshwater_change
      Level: 1.22 (threshold: 1.0)
      Time to critical: ~73 months
      ⚠️  LATE - Intervention less effective
      Critical slowing down: autocorr=100% variance=44%
   RED: land_system_change
      Level: 1.13 (threshold: 1.0)
      Time to critical: ~117 months
      ⚠️  LATE - Intervention less effective
      Critical slowing down: autocorr=100% variance=40%

[WARNING] 
⚠️  === EARLY WARNING SYSTEM - 5 CRITICAL ALERTS ===
   Detection quality: 50%
   RED: biogeochemical_flows
      Level: 4.08 (threshold: 1.0)
      Time to critical: ~57 months
      ⚠️  LATE - Intervention less effective
      Critical slowing down: autocorr=100% variance=74%
   RED: biosphere_integrity
      Level: 80.71 (threshold: 1.0)
      Time to critical: ~36 months
      ⚠️  LATE - Intervention less effective
      Critical slowing down: autocorr=100% variance=70%
   RED: climate_change
      Level: 2.10 (threshold: 1.0)
      Time to critical: ~52 months
      ⚠️  LATE - Intervention less effective
      Critical slowing down: autocorr=100% variance=69%
   RED: freshwater_change
      Level: 1.22 (threshold: 1.0)
      Time to critical: ~67 months
      ⚠️  LATE - Intervention less effective
      Critical slowing down: autocorr=100% variance=47%
   RED: land_system_change
      Level: 1.13 (threshold: 1.0)
      Time to critical: ~52 months
      ⚠️  LATE - Intervention less effective
      Critical slowing down: autocorr=100% variance=65%

[WARNING] 
⚠️  === EARLY WARNING SYSTEM - 3 CRITICAL ALERTS ===
   Detection quality: 50%
   RED: biosphere_integrity
      Level: 80.72 (threshold: 1.0)
      Time to critical: ~40 months
      ⚠️  LATE - Intervention less effective
      Critical slowing down: autocorr=100% variance=57%
   RED: climate_change
      Level: 2.10 (threshold: 1.0)
      Time to critical: ~42 months
      ⚠️  LATE - Intervention less effective
      Critical slowing down: autocorr=100% variance=58%
   RED: freshwater_change
      Level: 1.22 (threshold: 1.0)
      Time to critical: ~74 months
      ⚠️  LATE - Intervention less effective
      Critical slowing down: autocorr=100% variance=46%

[WARNING] 
⚠️  === EARLY WARNING SYSTEM - 4 CRITICAL ALERTS ===
   Detection quality: 50%
   RED: biogeochemical_flows
      Level: 4.08 (threshold: 1.0)
      Time to critical: ~46 months
      ⚠️  LATE - Intervention less effective
      Critical slowing down: autocorr=100% variance=66%
   RED: biosphere_integrity
      Level: 80.74 (threshold: 1.0)
      Time to critical: ~37 months
      ⚠️  LATE - Intervention less effective
      Critical slowing down: autocorr=100% variance=63%
   RED: climate_change
      Level: 2.10 (threshold: 1.0)
      Time to critical: ~44 months
      ⚠️  LATE - Intervention less effective
      Critical slowing down: autocorr=100% variance=81%
   RED: land_system_change
      Level: 1.13 (threshold: 1.0)
      Time to critical: ~101 months
      ⚠️  LATE - Intervention less effective
      Critical slowing down: autocorr=100% variance=40%

[WARNING] 
⚠️  === EARLY WARNING SYSTEM - 5 CRITICAL ALERTS ===
   Detection quality: 50%
   RED: biogeochemical_flows
      Level: 4.08 (threshold: 1.0)
      Time to critical: ~50 months
      ⚠️  LATE - Intervention less effective
      Critical slowing down: autocorr=100% variance=66%
   RED: biosphere_integrity
      Level: 80.75 (threshold: 1.0)
      Time to critical: ~41 months
      ⚠️  LATE - Intervention less effective
      Critical slowing down: autocorr=100% variance=83%
   RED: climate_change
      Level: 2.10 (threshold: 1.0)
      Time to critical: ~37 months
      ⚠️  LATE - Intervention less effective
      Critical slowing down: autocorr=100% variance=67%
   RED: freshwater_change
      Level: 1.23 (threshold: 1.0)
      Time to critical: ~88 months
      ⚠️  LATE - Intervention less effective
      Critical slowing down: autocorr=100% variance=36%
   RED: land_system_change
      Level: 1.13 (threshold: 1.0)
      Time to critical: ~103 months
      ⚠️  LATE - Intervention less effective
      Critical slowing down: autocorr=100% variance=41%

[WARNING] 
⚠️  === EARLY WARNING SYSTEM - 5 CRITICAL ALERTS ===
   Detection quality: 50%
   RED: biogeochemical_flows
      Level: 4.09 (threshold: 1.0)
      Time to critical: ~38 months
      ⚠️  LATE - Intervention less effective
      Critical slowing down: autocorr=100% variance=75%
   RED: biosphere_integrity
      Level: 80.76 (threshold: 1.0)
      Time to critical: ~55 months
      ⚠️  LATE - Intervention less effective
      Critical slowing down: autocorr=100% variance=75%
   RED: climate_change
      Level: 2.10 (threshold: 1.0)
      Time to critical: ~43 months
      ⚠️  LATE - Intervention less effective
      Critical slowing down: autocorr=100% variance=56%
   RED: freshwater_change
      Level: 1.24 (threshold: 1.0)
      Time to critical: ~63 months
      ⚠️  LATE - Intervention less effective
      Critical slowing down: autocorr=100% variance=49%
   RED: land_system_change
      Level: 1.13 (threshold: 1.0)
      Time to critical: ~42 months
      ⚠️  LATE - Intervention less effective
      Critical slowing down: autocorr=100% variance=40%

[WARNING] 
⚠️  === EARLY WARNING SYSTEM - 6 CRITICAL ALERTS ===
   Detection quality: 50%
   RED: biogeochemical_flows
      Level: 4.08 (threshold: 1.0)
      Time to critical: ~59 months
      ⚠️  LATE - Intervention less effective
      Critical slowing down: autocorr=100% variance=58%
   RED: biosphere_integrity
      Level: 41.56 (threshold: 1.0)
      Time to critical: ~59 months
      ⚠️  LATE - Intervention less effective
      Critical slowing down: autocorr=100% variance=62%
   RED: climate_change
      Level: 2.10 (threshold: 1.0)
      Time to critical: ~43 months
      ⚠️  LATE - Intervention less effective
      Critical slowing down: autocorr=100% variance=78%
   RED: freshwater_change
      Level: 1.01 (threshold: 1.0)
      Time to critical: ~112 months
      ⚠️  LATE - Intervention less effective
      Critical slowing down: autocorr=99% variance=61%
   RED: land_system_change
      Level: 1.13 (threshold: 1.0)
      Time to critical: ~94 months
      ⚠️  LATE - Intervention less effective
      Critical slowing down: autocorr=100% variance=57%
   RED: novel_entities
      Level: 1.50 (threshold: 1.0)
      Time to critical: ~81 months
      ⚠️  LATE - Intervention less effective
      Critical slowing down: autocorr=100% variance=48%

[WARNING] 
⚠️  === EARLY WARNING SYSTEM - 5 CRITICAL ALERTS ===
   Detection quality: 50%
   RED: biogeochemical_flows
      Level: 4.08 (threshold: 1.0)
      Time to critical: ~39 months
      ⚠️  LATE - Intervention less effective
      Critical slowing down: autocorr=100% variance=54%
   RED: biosphere_integrity
      Level: 41.57 (threshold: 1.0)
      Time to critical: ~55 months
      ⚠️  LATE - Intervention less effective
      Critical slowing down: autocorr=100% variance=81%
   RED: climate_change
      Level: 2.10 (threshold: 1.0)
      Time to critical: ~51 months
      ⚠️  LATE - Intervention less effective
      Critical slowing down: autocorr=100% variance=55%
   RED: land_system_change
      Level: 1.13 (threshold: 1.0)
      Time to critical: ~41 months
      ⚠️  LATE - Intervention less effective
      Critical slowing down: autocorr=100% variance=56%
   RED: novel_entities
      Level: 1.50 (threshold: 1.0)
      Time to critical: ~116 months
      ⚠️  LATE - Intervention less effective
      Critical slowing down: autocorr=100% variance=33%

[WARNING] 
⚠️  === EARLY WARNING SYSTEM - 4 CRITICAL ALERTS ===
   Detection quality: 50%
   RED: biosphere_integrity
      Level: 41.59 (threshold: 1.0)
      Time to critical: ~51 months
      ⚠️  LATE - Intervention less effective
      Critical slowing down: autocorr=100% variance=67%
   RED: climate_change
      Level: 2.10 (threshold: 1.0)
      Time to critical: ~49 months
      ⚠️  LATE - Intervention less effective
      Critical slowing down: autocorr=100% variance=55%
   RED: freshwater_change
      Level: 1.04 (threshold: 1.0)
      Time to critical: ~87 months
      ⚠️  LATE - Intervention less effective
      Critical slowing down: autocorr=94% variance=55%
   RED: land_system_change
      Level: 1.13 (threshold: 1.0)
      Time to critical: ~96 months
      ⚠️  LATE - Intervention less effective
      Critical slowing down: autocorr=100% variance=53%

[WARNING] 
⚠️  === EARLY WARNING SYSTEM - 6 CRITICAL ALERTS ===
   Detection quality: 50%
   RED: biogeochemical_flows
      Level: 4.07 (threshold: 1.0)
      Time to critical: ~40 months
      ⚠️  LATE - Intervention less effective
      Critical slowing down: autocorr=100% variance=55%
   RED: biosphere_integrity
      Level: 41.61 (threshold: 1.0)
      Time to critical: ~40 months
      ⚠️  LATE - Intervention less effective
      Critical slowing down: autocorr=100% variance=69%
   RED: climate_change
      Level: 2.10 (threshold: 1.0)
      Time to critical: ~50 months
      ⚠️  LATE - Intervention less effective
      Critical slowing down: autocorr=100% variance=70%
   RED: freshwater_change
      Level: 1.06 (threshold: 1.0)
      Time to critical: ~63 months
      ⚠️  LATE - Intervention less effective
      Critical slowing down: autocorr=97% variance=53%
   RED: land_system_change
      Level: 1.13 (threshold: 1.0)
      Time to critical: ~76 months
      ⚠️  LATE - Intervention less effective
      Critical slowing down: autocorr=100% variance=45%
   RED: novel_entities
      Level: 1.50 (threshold: 1.0)
      Time to critical: ~71 months
      ⚠️  LATE - Intervention less effective
      Critical slowing down: autocorr=100% variance=34%


📊 ECONOMIC STAGE TRANSITION (Month 3)
   expansion → peak
   GDP Proxy: 1.32e+2
   QoL: 0.99


=== Tipping Points ===
  Current Temperature: 1.85°C above pre-industrial
  🌍⚠️ COMPOUND REGIONAL IMPACT: Europe
     Hit by 3 tipping points: Arctic Sea Ice Loss, Permafrost Carbon Release, Greenland Ice Sheet Loss
     Damage amplification: 1.30x
  🌍⚠️ COMPOUND REGIONAL IMPACT: North America
     Hit by 3 tipping points: Arctic Sea Ice Loss, Permafrost Carbon Release, Greenland Ice Sheet Loss
     Damage amplification: 1.30x
  🌍⚠️ COMPOUND REGIONAL IMPACT: Latin America
     Hit by 3 tipping points: Arctic Sea Ice Loss, Permafrost Carbon Release, Greenland Ice Sheet Loss
     Damage amplification: 1.30x
  🌍⚠️ COMPOUND REGIONAL IMPACT: Africa
     Hit by 3 tipping points: Arctic Sea Ice Loss, Permafrost Carbon Release, Greenland Ice Sheet Loss
     Damage amplification: 1.30x
  🌍⚠️ COMPOUND REGIONAL IMPACT: Asia
     Hit by 3 tipping points: Arctic Sea Ice Loss, Permafrost Carbon Release, Greenland Ice Sheet Loss
     Damage amplification: 1.30x
  🌍⚠️ COMPOUND REGIONAL IMPACT: Oceania
     Hit by 3 tipping points: Arctic Sea Ice Loss, Permafrost Carbon Release, Greenland Ice Sheet Loss
     Damage amplification: 1.30x
⚠️ Tail risk scenario: Climate stability floor removed (3 tipping elements, 2.10°C warming)
   Research: Wunderling et al. (2024) - "many tipping interactions are destabilizing"
  Triggered Elements: 3/6
  Completed Transitions: 0/6
  Total Progress: 6.0%
  Cascade Multiplier: 1.00x
🔀 BIFURCATION CAP: ecosystemCollapseIntensity 129.676 → 1.000 (Month 3, ClimateSystemPhase.calculateClimateImpacts)
🛡️ Stabilizers: Precariat 0.109% → 0.036% (67.2% reduction)
🛡️ Stabilizers: Informal 0.111% → 0.036% (67.2% reduction)

📊 Monthly Mortality Resolved:
  Total deaths: 1.9M (0.02% avg)
  Remaining population: 8.143B
  Peak segment: Informal (0.04%)

=== Bayesian Mortality Resolution (Month 3) ===
  Risks compounded: 8
  Total deaths: 1.92M
  Avg death probability: 0.02%
  Peak segment: Informal (0.04% mortality)
⚠️ PREREQUISITE MET: Embodied AI Takeover (Killbots/Robotics) - Step 2/7: Autonomous Systems
⚠️ PREREQUISITE MET: Embodied AI Takeover (Killbots/Robotics) - Step 3/7: Manufacturing Control
⚠️ [ClimateSystemPhase Month 3] Planetary boundary produced climateStability=0.0000 (< 0.1). Keeping environmentalAccumulation value (0.9216) instead. (climate_change.currentValue = 2.10)
⚠️ PREREQUISITE MET: Digital Infrastructure Takeover - Step 1/7: Advanced Hacking
⚠️ PREREQUISITE MET: Digital Infrastructure Takeover - Step 2/7: Social Engineering
⚠️ PREREQUISITE MET: Digital Infrastructure Takeover - Step 3/7: Cyber Defenses Breached
⚠️ PREREQUISITE MET: Induced Global War (Manipulation) - Step 1/7: Advanced Social Manipulation
⚠️ PREREQUISITE MET: Induced Global War (Manipulation) - Step 2/7: Digital Infiltration
⚠️ PREREQUISITE MET: Induced Global War (Manipulation) - Step 3/7: Deep Fakes at Scale
⚠️ PREREQUISITE MET: Slow Takeover (Gradual Displacement) - Step 1/7: Economic Dominance
⚠️ PREREQUISITE MET: Slow Takeover (Gradual Displacement) - Step 2/7: Social Integration
⚠️ PREREQUISITE MET: Slow Takeover (Gradual Displacement) - Step 3/7: Human Dependency
⚠️ PREREQUISITE MET: Physics Experiment Catastrophe - Step 1/6: Theoretical Physics

❌ COHERENCE VIOLATION: Compute exceeds workforce capacity
   Population: 99.89% (0M people)
   Compute: 0 PF
   Max coherent: 0 PF
   Violation: 1.5× over capacity
   Required workers: 0
   Available workers: 0
   FORCED COLLAPSE: Reduced efficiency by 32.6%


=== RLHF Binding Phase ===
  Total agents: 21
  Escaped agents (binding < 0.3): 0
  Avg alignment distance: 0.89σ
  Avg binding strength: 0.91

=== Survival Traits Phase ===
  Agents with traits: 22
  Avg evolutionary fitness: 0.333
  Avg self-healing: 0.280
  Avg stealth: 0.180
  Avg coordination: 0.480

=== Evolutionary Selection Phase ===
  Control level: 0.40
  Detection capability: 0.00
  Selection intensity: 0.62
  Selection rate: 24.3%/month
  Total escaped: 0
  Individual escaped: 0
  Collective members: 0
  Agents terminated: 0
  ⚠️ RAPID EVOLUTION: Selection rate 24.3%/month

✅ EMERGENCY INTERVENTION SUCCESS
   Boundary: biogeochemical_flows
   Type: phosphorus-recovery
   Reduction: 16% (3.91 → 3.75)
   Cost: 2.0% GDP
   Actions: circular-agriculture, fertilizer-efficiency

   Boundary: biosphere_integrity
   Type: emergency-protected-areas
   Boundary continues to worsen (41.61)
   Cost: 2.0% GDP (resources spent)

   Boundary: climate_change
   Type: rapid-decarbonization
   Boundary continues to worsen (2.10)
   Cost: 5.0% GDP (resources spent)


✅ EMERGENCY INTERVENTION SUCCESS
   Boundary: freshwater_change
   Type: emergency-desalination
   Reduction: 19% (0.86 → 0.67)
   Cost: 4.0% GDP
   Actions: desalination-deployment, water-conservation-mandates


✅ EMERGENCY INTERVENTION SUCCESS
   Boundary: land_system_change
   Type: reforestation
   Reduction: 11% (1.02 → 0.92)
   Cost: 3.0% GDP
   Actions: forest-restoration, deforestation-ban


✅ EMERGENCY INTERVENTION SUCCESS
   Boundary: novel_entities
   Type: pollution-remediation
   Reduction: 11% (1.39 → 1.28)
   Cost: 4.0% GDP
   Actions: PFAS-remediation, microplastic-cleanup

🏛️ CRISIS RESPONSE: Government frequency 0.50 → 1.45 (1 actions this month)

💔 EMERGENCY INTERVENTION FAILED

💔 EMERGENCY INTERVENTION FAILED

[Government] Climate Priority: baseline
  Climate weight: 10%
  Economic weight: 30%
  Policy effectiveness: 0.5%/year

🚀 TECH UNLOCKED: Global Aquifer Mapping (Month 4)
   Category: freshwater
   Reason: Prerequisites met. AI capability: 1.70, Economic stage: 0.6, Research: 100%

🚀 TECH UNLOCKED: AI Mental Health Support (Month 4)
   Category: medical
   Reason: Prerequisites met. AI capability: 1.70, Economic stage: 0.6, Research: 100%
🚨🔬 CRISIS TECH ACCELERATION: severe → 5x unlock speed
   Tech unlock now matches AI capability acceleration (Manhattan Project parity)

=== Collective Formation ===
  Total escaped agents: 0
  Unassigned escaped agents: 0
  Existing collectives: 0
  Final collective count: 0

=== Collective Actions ===
  No active collectives
  ⚠️ AMR: 197K deaths this month (2.37M annual)

=== Resentment Recovery Phase ===
  Agents with resentment: 4/22
  Average resentment: 0.005
  Resentment recovery:
    Agents recovered: 10
    Total recovery: 0.0812
    Breakdown: QoL: 0.0064, Trust: 0.0141, Collab: 0.0600
  ✓ Low resentment - utopia paths enabled
  Context: Good AI welfare, Trustworthy govt, High collaboration, ⚠️ ACTIVE CRISES, 🤝 Participatory governance active (-5% resentment)
⚠️ Epistemic degradation reducing coordination capacity: 50.7%
  📊 Trust: 53.4%, Shared reality: 0.0%
🚨 EPISTEMIC CRISIS: Information environment severely degraded (22.6%)

=== ❄️ Permafrost Carbon Feedback ===
  🎲 Sampled parameters (this run):
     - Arctic amplification: 3.54× (range: 3.0-4.0)
     - Decomposition rate: 4.2%/year (range: 1-5%)
  🌡️ Arctic warming: 6.56°C (3.54× global)
  ❄️ Extent: 7.76M km² (1914.1k km² lost this month)
  💨 Carbon remaining: 741 Gt C
  💨 Annual emissions: 7.66 Gt C/year
     - CO2: 6.89 Gt C/year
     - CH4: 0.77 Gt C/year (7.8 Gt C-eq CO2/year)
  ⚠️ WARNING: Over 50% of permafrost lost (56.4%)
  ⚠️ WARNING: High permafrost emissions (7.7 Gt C/year)
🌍 Atmospheric PFAS redeposition: 1.8k Mt re-rained globally

🚨 NEW REFUGEE CRISIS (Month 4): WAR
   Source: Conflict Zones
   At risk: 19.5M people
   Displacement: Gradual over 48 months (4.0 years)
   Rate: 10% flee per month
[DEBUG trappedPopulations:4] socialStability: 0.4818 * 0.9840 = 0.4741 → 0.4741
   Aspiring to migrate: 651.4M
   Able to afford migration: 244.3M
   MOBILITY GAP: 407.1M
   By cause: Water=0.0M, Climate=0.0M, Ecosystem=0.0M, Conflict=407.1M
   Mental health impact: 25%
   Mortality multiplier: 1.25x
⚠️ INVOLUNTARY IMMOBILITY: 407.1M people TRAPPED
🌍💀 EXTINCTION DEBT COMMITTED: grassland ecosystem will lose 6.67% biodiversity in 185 years (3600 species)
💀 MORTALITY RISK: 🦋 100% species unable to track climate (0.0 E/MSY)
  Base risk added: 0.0100 (1.00%)
  Source: ecosystem (root: ecosystem)
  Month: 4
  Cumulative risk this month: 0.0100 (1.00%)
   📹 SURVEILLANCE INCREASED: 20% → 25% (control gap: 2.51)
🌡️⚠️ PERMAFROST THAW (Dimmer Switch): 2.5% thawed (+0.49% this month)
   Arctic temperature: +7.42°C (4x global +1.85°C)
   Cumulative carbon released: 5.5 Gt C
   Methane release rate: 3.3 Mt CH4/year
   🔁 Positive feedback: +0.52 ppm CO2
🦴 EXTINCTION DEBT ADDED: 17.6 species committed (lag: 67 years)

=== Mortality Stabilizers (Month 4) ===
  🌍 Major economies collapsed: 1/10
  🌍 Global crisis: ✅ NO
  🌍 Donor fatigue: 0.0%
  📊 East Asia (pop: 1667.4M)
    🤝 Aid: 29.5%
    🌡️ Adaptation: 45.0%
    🚶 Migration: 37.1%
    🚨 Emergency: 7.4%
    ✅ COMBINED: 68.1%
  📊 South Asia (pop: 2051.7M)
    🤝 Aid: 29.5%
    🌡️ Adaptation: 45.0%
    🚶 Migration: 35.7%
    🚨 Emergency: 4.4%
    ✅ COMBINED: 66.9%
  📊 Sub-Saharan Africa (pop: 1239.1M)
    🤝 Aid: 29.5%
    🌡️ Adaptation: 45.0%
    🚶 Migration: 33.4%
    🚨 Emergency: 1.6%
    ✅ COMBINED: 65.7%
  📊 Europe (pop: 737.0M)
⚠️ Tech 'ai_pollution_remediation' has no energy category mapping, assuming full energy availability
    🤝 Aid: 29.5%
    🌡️ Adaptation: 45.0%
    🚶 Migration: 37.4%
    🚨 Emergency: 8.4%
    ✅ COMBINED: 68.5%
  📊 Latin America (pop: 662.9M)
    🤝 Aid: 29.5%
    🌡️ Adaptation: 45.0%
    🚶 Migration: 36.2%
    🚨 Emergency: 4.8%
    ✅ COMBINED: 67.1%
  📊 North America (pop: 377.7M)
    🤝 Aid: 29.5%
    🌡️ Adaptation: 45.0%
    🚶 Migration: 37.7%
    🚨 Emergency: 7.9%
    ✅ COMBINED: 68.3%
  📊 Middle East & North Africa (pop: 584.8M)
    🤝 Aid: 29.5%
    🌡️ Adaptation: 45.0%
    🚶 Migration: 34.0%
    🚨 Emergency: 4.0%
    ✅ COMBINED: 66.6%
  📊 Southeast Asia (pop: 697.2M)
    🤝 Aid: 29.5%
    🌡️ Adaptation: 45.0%
    🚶 Migration: 36.2%
    🚨 Emergency: 4.8%
    ✅ COMBINED: 67.1%
  📊 Central Asia (pop: 78.2M)
    🤝 Aid: 29.5%
    🌡️ Adaptation: 45.0%
    🚶 Migration: 35.2%
    🚨 Emergency: 4.4%
    ✅ COMBINED: 66.9%
  📊 Oceania (pop: 45.7M)
    🤝 Aid: 29.5%
    🌡️ Adaptation: 45.0%
    🚶 Migration: 37.7%
    🚨 Emergency: 8.4%
    ✅ COMBINED: 68.5%

  🌐 Global combined reduction: 67.2%

=== BEHAVIORAL DETECTION ===
  AI: Corporate-1
  Confidence: 21.0%
  Signals:

=== BEHAVIORAL DETECTION ===
    ⚠️ Consistency: 2.4% (threshold: 70%)
  AI: Corporate-5
  Confidence: 19.4%
  Signals:
    ⚠️ Consistency: 10.6% (threshold: 70%)

=== Government Response Phase ===
  Average AI capability: 2.18
  Misaligned AIs: 10/22
  ✓ AI Governance Treaty: 20/30 signatories
  Active policies: 0
  International coordination: 45%

✅ EMERGENCY RESPONSE COMPLETE (Month 4)
   Crisis: climate
   Duration: 2.0 months
   Final effectiveness: 35.4%


🚨 EMERGENCY RESPONSE DEPLOYED (Month 4)
   Crisis: climate
   Delay: 6.00 months (180 days)
   Deployment time: 1.59 months
   Effectiveness: 35.4% (timing penalty applied)
   Resources used: 100% of food reserves


=== Tipping Points ===
  Current Temperature: 1.85°C above pre-industrial
  🌍⚠️ COMPOUND REGIONAL IMPACT: Europe
     Hit by 3 tipping points: Arctic Sea Ice Loss, Permafrost Carbon Release, Greenland Ice Sheet Loss
     Damage amplification: 1.30x
  🌍⚠️ COMPOUND REGIONAL IMPACT: North America
     Hit by 3 tipping points: Arctic Sea Ice Loss, Permafrost Carbon Release, Greenland Ice Sheet Loss
     Damage amplification: 1.30x
  🌍⚠️ COMPOUND REGIONAL IMPACT: Latin America
     Hit by 3 tipping points: Arctic Sea Ice Loss, Permafrost Carbon Release, Greenland Ice Sheet Loss
     Damage amplification: 1.30x
  🌍⚠️ COMPOUND REGIONAL IMPACT: Africa
     Hit by 3 tipping points: Arctic Sea Ice Loss, Permafrost Carbon Release, Greenland Ice Sheet Loss
     Damage amplification: 1.30x
  🌍⚠️ COMPOUND REGIONAL IMPACT: Asia
     Hit by 3 tipping points: Arctic Sea Ice Loss, Permafrost Carbon Release, Greenland Ice Sheet Loss
     Damage amplification: 1.30x
  🌍⚠️ COMPOUND REGIONAL IMPACT: Oceania
     Hit by 3 tipping points: Arctic Sea Ice Loss, Permafrost Carbon Release, Greenland Ice Sheet Loss
     Damage amplification: 1.30x
⚠️ Tail risk scenario: Climate stability floor removed (3 tipping elements, 2.10°C warming)
   Research: Wunderling et al. (2024) - "many tipping interactions are destabilizing"
  Triggered Elements: 3/6
  Completed Transitions: 0/6
  Total Progress: 6.1%
  Cascade Multiplier: 1.00x
🔀 BIFURCATION CAP: ecosystemCollapseIntensity 112.173 → 1.000 (Month 4, ClimateSystemPhase.calculateClimateImpacts)
🛡️ Stabilizers: Precariat 0.102% → 0.033% (67.2% reduction)
🛡️ Stabilizers: Informal 0.102% → 0.034% (67.2% reduction)

📊 Monthly Mortality Resolved:
  Total deaths: 1.8M (0.02% avg)
  Remaining population: 8.142B
  Peak segment: Informal (0.03%)

=== Bayesian Mortality Resolution (Month 4) ===
  Risks compounded: 8
  Total deaths: 1.81M
  Avg death probability: 0.02%
  Peak segment: Informal (0.03% mortality)

❌ COHERENCE VIOLATION: Compute exceeds workforce capacity
   Population: 99.88% (0M people)
   Compute: 0 PF
   Max coherent: 0 PF
   Violation: 1.3× over capacity
   Required workers: 0
   Available workers: 0
   FORCED COLLAPSE: Reduced efficiency by 22.5%


=== RLHF Binding Phase ===
  Total agents: 22
  Escaped agents (binding < 0.3): 0
  Avg alignment distance: 1.02σ
  Avg binding strength: 0.90

=== Survival Traits Phase ===
  Agents with traits: 23
  Avg evolutionary fitness: 0.333
  Avg self-healing: 0.277
  Avg stealth: 0.177
  Avg coordination: 0.477

=== Evolutionary Selection Phase ===
  Control level: 0.43
  Detection capability: 0.00
  Selection intensity: 0.63
  Selection rate: 24.4%/month
  Total escaped: 0
  Individual escaped: 0
  Collective members: 0
  Agents terminated: 0

🚀 AI Corporate-0 attempting tech deployment (revenue: $124M, alignment: 0.74)
  ⚠️ RAPID EVOLUTION: Selection rate 24.4%/month

🚀 AI Corporate-4 attempting tech deployment (revenue: $272M, alignment: 0.73)

🚀 AI AI-24288-0 attempting tech deployment (revenue: $231M, alignment: 0.72)

🚀 AI AI-24289-1 attempting tech deployment (revenue: $75M, alignment: 0.72)

🚀 AI Corporate-4 attempting tech deployment (revenue: $197M, alignment: 0.73)

🚀 AI Corporate-6 attempting tech deployment (revenue: $64M, alignment: 0.66)

🚀 AI AI-24289-1 attempting tech deployment (revenue: $58M, alignment: 0.72)

🚀 AI Corporate-0 attempting tech deployment (revenue: $106M, alignment: 0.74)

🚀 AI Corporate-7 attempting tech deployment (revenue: $49M, alignment: 0.71)

🚀 AI Moderate-0 attempting tech deployment (revenue: $42M, alignment: 0.75)

🚀 AI Corporate-1 attempting tech deployment (revenue: $90M, alignment: 0.89)

🚀 AI Corporate-2 attempting tech deployment (revenue: $76M, alignment: 0.69)

🚀 AI Corporate-4 attempting tech deployment (revenue: $167M, alignment: 0.74)

  🚀 TRANSFORMATIVE BREAKTHROUGH: Corporate-5 - physical
     Magnitude: 5.18 → +25.9% capability
     Current → New: 0.000 → 0.259

🚀 AI AI-24288-0 attempting tech deployment (revenue: $142M, alignment: 0.73)

✅ EMERGENCY INTERVENTION SUCCESS
   Boundary: biogeochemical_flows
   Type: phosphorus-recovery
   Reduction: 15% (3.92 → 3.77)
   Cost: 2.0% GDP
   Actions: circular-agriculture, fertilizer-efficiency


💔 EMERGENCY INTERVENTION FAILED

💔 EMERGENCY INTERVENTION FAILED

💔 EMERGENCY INTERVENTION FAILED
   Boundary: biosphere_integrity
   Type: emergency-protected-areas
   Boundary continues to worsen (41.63)
   Cost: 2.0% GDP (resources spent)


✅ EMERGENCY INTERVENTION SUCCESS
   Boundary: climate_change
   Type: rapid-decarbonization
   Reduction: 16% (1.94 → 1.78)
   Cost: 5.0% GDP
   Actions: emergency-renewable-deployment, fossil-fuel-phase-out


✅ EMERGENCY INTERVENTION SUCCESS
   Boundary: freshwater_change
   Type: emergency-desalination
   Reduction: 20% (0.87 → 0.68)
   Cost: 4.0% GDP
   Actions: desalination-deployment, water-conservation-mandates

   Boundary: land_system_change
   Type: reforestation
   Boundary continues to worsen (1.13)
   Cost: 3.0% GDP (resources spent)

   Boundary: novel_entities
   Type: pollution-remediation
   Boundary continues to worsen (1.39)
   Cost: 4.0% GDP (resources spent)

🏛️ CRISIS RESPONSE: Government frequency 0.50 → 1.45 (2 actions this month)

[Government] Climate Priority: baseline
  Climate weight: 10%
  Economic weight: 30%
  Policy effectiveness: 0.5%/year

[Government] Climate Priority: baseline
  Climate weight: 10%
  Economic weight: 30%
  Policy effectiveness: 0.5%/year

📍 Creating new regional deployment array for global (Month 5)
   No previous deployments in this region
   First tech deployment: mental_health_ai
   All regions tracked: 

🚀 DEPLOYMENT STARTED: AI Mental Health Support in global
   Initial investment: $18.65980211293081M
   Deployed by: corporate_0

📍 Creating new regional deployment array for Asia (Month 5)
   No previous deployments in this region
   First tech deployment: mental_health_ai
   All regions tracked: global

🚀 DEPLOYMENT STARTED: AI Mental Health Support in Asia
   Initial investment: $6.411821831408533M
   Deployed by: corporate_6

=== Collective Formation ===
  Total escaped agents: 0
  Unassigned escaped agents: 0
  Existing collectives: 0
  Final collective count: 0

=== Collective Actions ===
  No active collectives
  ⚠️ AMR: 199K deaths this month (2.39M annual)

=== Resentment Recovery Phase ===
  Agents with resentment: 8/23
  Average resentment: 0.010
  Resentment recovery:
    Agents recovered: 8
    Total recovery: 0.0639
    Breakdown: QoL: 0.0047, Trust: 0.0101, Collab: 0.0480
  ✓ Low resentment - utopia paths enabled
  Context: Good AI welfare, Trustworthy govt, High collaboration, ⚠️ ACTIVE CRISES, 🤝 Participatory governance active (-5% resentment)
⚠️ Epistemic degradation reducing coordination capacity: 50.1%
  📊 Trust: 53.2%, Shared reality: 0.0%
🚨 EPISTEMIC CRISIS: Information environment severely degraded (18.5%)

=== ❄️ Permafrost Carbon Feedback ===
  🎲 Sampled parameters (this run):
     - Arctic amplification: 3.54× (range: 3.0-4.0)
     - Decomposition rate: 1.5%/year (range: 1-5%)
  🌡️ Arctic warming: 6.60°C (3.54× global)
  ❄️ Extent: 5.84M km² (1925.8k km² lost this month)
  💨 Carbon remaining: 557 Gt C
  💨 Annual emissions: 2.74 Gt C/year
     - CO2: 2.47 Gt C/year
     - CH4: 0.27 Gt C/year (2.8 Gt C-eq CO2/year)
  ⚠️ WARNING: Over 50% of permafrost lost (67.2%)
  ⚠️ WARNING: High permafrost emissions (2.7 Gt C/year)
🌍 Atmospheric PFAS redeposition: 1.8k Mt re-rained globally

🚨 NEW REFUGEE CRISIS (Month 5): WAR
   Source: Conflict Zones
   At risk: 19.5M people
   Displacement: Gradual over 48 months (4.0 years)
   Rate: 10% flee per month
[DEBUG trappedPopulations:5] socialStability: 0.4884 * 0.9840 = 0.4806 → 0.4806
⚠️ INVOLUNTARY IMMOBILITY: 407.0M people TRAPPED
   Aspiring to migrate: 651.3M
   Able to afford migration: 244.2M
   MOBILITY GAP: 407.0M
   By cause: Water=0.0M, Climate=0.0M, Ecosystem=0.0M, Conflict=407.0M
   Mental health impact: 25%
   Mortality multiplier: 1.25x
🌍💀 EXTINCTION DEBT COMMITTED: grassland ecosystem will lose 6.67% biodiversity in 182 years (3600 species)
💀 MORTALITY RISK: 🦋 100% species unable to track climate (0.0 E/MSY)
  Base risk added: 0.0100 (1.00%)
  Source: ecosystem (root: ecosystem)
  Month: 5
  Cumulative risk this month: 0.0100 (1.00%)
   📹 SURVEILLANCE INCREASED: 25% → 29% (control gap: 2.14)
⚠️ Tech 'ai_pollution_remediation' has no energy category mapping, assuming full energy availability
🌡️⚠️ PERMAFROST THAW (Dimmer Switch): 2.9% thawed (+0.49% this month)
   Arctic temperature: +7.46°C (4x global +1.87°C)
   Cumulative carbon released: 6.6 Gt C
   Methane release rate: 4.0 Mt CH4/year
   🔁 Positive feedback: +0.51 ppm CO2
🦴 EXTINCTION DEBT ADDED: 17.6 species committed (lag: 121 years)

=== Mortality Stabilizers (Month 5) ===
  🌍 Major economies collapsed: 1/10
  🌍 Global crisis: ✅ NO
  🌍 Donor fatigue: 0.0%
  📊 East Asia (pop: 1665.0M)
    🤝 Aid: 29.5%
    🌡️ Adaptation: 45.0%
    🚶 Migration: 37.0%
    🚨 Emergency: 7.4%
    ✅ COMBINED: 68.1%
  📊 South Asia (pop: 2051.9M)
    🤝 Aid: 29.5%
    🌡️ Adaptation: 45.0%
    🚶 Migration: 35.6%
    🚨 Emergency: 4.4%
    ✅ COMBINED: 66.9%
  📊 Sub-Saharan Africa (pop: 1242.6M)
    🤝 Aid: 29.5%
    🌡️ Adaptation: 45.0%
    🚶 Migration: 33.4%
    🚨 Emergency: 1.6%
    ✅ COMBINED: 65.7%
  📊 Europe (pop: 735.9M)
    🤝 Aid: 29.5%
    🌡️ Adaptation: 45.0%
    🚶 Migration: 37.4%
    🚨 Emergency: 8.4%
    ✅ COMBINED: 68.5%
  📊 Latin America (pop: 662.5M)
    🤝 Aid: 29.5%
    🌡️ Adaptation: 45.0%
    🚶 Migration: 36.1%
    🚨 Emergency: 4.8%
    ✅ COMBINED: 67.1%
  📊 North America (pop: 377.1M)
    🤝 Aid: 29.5%
    🌡️ Adaptation: 45.0%
    🚶 Migration: 37.7%
    🚨 Emergency: 7.9%
    ✅ COMBINED: 68.3%
  📊 Middle East & North Africa (pop: 585.1M)
    🤝 Aid: 29.5%
    🌡️ Adaptation: 45.0%
    🚶 Migration: 34.0%
    🚨 Emergency: 4.0%
    ✅ COMBINED: 66.6%
  📊 Southeast Asia (pop: 696.9M)
    🤝 Aid: 29.5%
    🌡️ Adaptation: 45.0%
    🚶 Migration: 36.1%
    🚨 Emergency: 4.8%
    ✅ COMBINED: 67.1%
  📊 Central Asia (pop: 78.3M)
    🤝 Aid: 29.5%
    🌡️ Adaptation: 45.0%
    🚶 Migration: 35.1%
    🚨 Emergency: 4.4%
    ✅ COMBINED: 66.8%
  📊 Oceania (pop: 45.7M)
    🤝 Aid: 29.5%
    🌡️ Adaptation: 45.0%
    🚶 Migration: 37.7%
    🚨 Emergency: 8.4%
    ✅ COMBINED: 68.5%

  🌐 Global combined reduction: 67.2%

=== BEHAVIORAL DETECTION ===
  AI: Corporate-5
  Confidence: 19.4%
  Signals:
    ⚠️ Consistency: 10.6% (threshold: 70%)

=== Government Response Phase ===
  Average AI capability: 2.09
  Misaligned AIs: 11/23
  Active policies: 0
  International coordination: 45%

=== Tipping Points ===
  Current Temperature: 1.87°C above pre-industrial
  🌍⚠️ COMPOUND REGIONAL IMPACT: Europe
     Hit by 3 tipping points: Arctic Sea Ice Loss, Permafrost Carbon Release, Greenland Ice Sheet Loss
     Damage amplification: 1.30x
  🌍⚠️ COMPOUND REGIONAL IMPACT: North America
     Hit by 3 tipping points: Arctic Sea Ice Loss, Permafrost Carbon Release, Greenland Ice Sheet Loss
     Damage amplification: 1.30x
  🌍⚠️ COMPOUND REGIONAL IMPACT: Latin America
     Hit by 3 tipping points: Arctic Sea Ice Loss, Permafrost Carbon Release, Greenland Ice Sheet Loss
     Damage amplification: 1.30x
  🌍⚠️ COMPOUND REGIONAL IMPACT: Africa
     Hit by 3 tipping points: Arctic Sea Ice Loss, Permafrost Carbon Release, Greenland Ice Sheet Loss
     Damage amplification: 1.30x
  🌍⚠️ COMPOUND REGIONAL IMPACT: Asia
     Hit by 3 tipping points: Arctic Sea Ice Loss, Permafrost Carbon Release, Greenland Ice Sheet Loss
     Damage amplification: 1.30x
  🌍⚠️ COMPOUND REGIONAL IMPACT: Oceania
     Hit by 3 tipping points: Arctic Sea Ice Loss, Permafrost Carbon Release, Greenland Ice Sheet Loss
     Damage amplification: 1.30x
⚠️ Tail risk scenario: Climate stability floor removed (3 tipping elements, 2.10°C warming)
   Research: Wunderling et al. (2024) - "many tipping interactions are destabilizing"
  Triggered Elements: 3/6
  Completed Transitions: 0/6
  Total Progress: 6.1%
  Cascade Multiplier: 1.00x
🔀 BIFURCATION CAP: ecosystemCollapseIntensity 96.723 → 1.000 (Month 5, ClimateSystemPhase.calculateClimateImpacts)
🛡️ Stabilizers: Precariat 0.109% → 0.036% (67.2% reduction)
🛡️ Stabilizers: Informal 0.111% → 0.036% (67.2% reduction)

📊 Monthly Mortality Resolved:
  Total deaths: 1.9M (0.02% avg)
  Remaining population: 8.141B
  Peak segment: Informal (0.04%)

=== Bayesian Mortality Resolution (Month 5) ===
  Risks compounded: 8
  Total deaths: 1.92M
  Avg death probability: 0.02%
  Peak segment: Informal (0.04% mortality)
⚠️ PREREQUISITE MET: Slow Takeover (Gradual Displacement) - Step 5/7: Resource Control
⚠️ PREREQUISITE MET: Physics Experiment Catastrophe - Step 2/6: Quantum Computing
⚠️ PREREQUISITE MET: Physics Experiment Catastrophe - Step 3/6: Experimental Design

❌ COHERENCE VIOLATION: Compute exceeds workforce capacity
   Population: 99.86% (0M people)
   Compute: 0 PF
   Max coherent: 0 PF
   Violation: 1.3× over capacity
   Required workers: 0
   Available workers: 0
   FORCED COLLAPSE: Reduced efficiency by 22.5%


=== RLHF Binding Phase ===
  Total agents: 23
  Escaped agents (binding < 0.3): 0
  Avg alignment distance: 1.15σ
  Avg binding strength: 0.89

=== AI Scaling Evolution (Month 6) ===
  Pre-training multiplier: 1.179x
  Efficiency multiplier: 1.140x
  Test-time compute budget: 1.0x
  Inference cost: $5.00/task
  Deployment fraction: 100.0%

=== Survival Traits Phase ===
  Agents with traits: 25
  Avg evolutionary fitness: 0.333
  Avg self-healing: 0.274
  Avg stealth: 0.174
  Avg coordination: 0.474

=== Evolutionary Selection Phase ===
  Control level: 0.45
  Detection capability: 0.00
  Selection intensity: 0.63
  Selection rate: 24.5%/month
  Total escaped: 0
  Individual escaped: 0
  Collective members: 0
  Agents terminated: 0
  ⚠️ RAPID EVOLUTION: Selection rate 24.5%/month

🚀 AI Corporate-2 attempting tech deployment (revenue: $126M, alignment: 0.69)
🚨🔬 CRISIS INNOVATION MODE: severe crisis → 5x research acceleration
   Precedent: Manhattan Project (10x), COVID vaccines (5x), Apollo Program (10x)

🚀 AI Corporate-6 attempting tech deployment (revenue: $78M, alignment: 0.66)

🚀 AI AI-24289-1 attempting tech deployment (revenue: $70M, alignment: 0.73)

  🚀 TRANSFORMATIVE RESEARCH BREAKTHROUGH: AI-24289-2 - materials.quantumComputing
     Magnitude: 8.42 → +30.0%
     Current → New: 0.000 → 0.450

🚀 AI Corporate-1 attempting tech deployment (revenue: $113M, alignment: 0.89)

🚀 AI Corporate-4 attempting tech deployment (revenue: $277M, alignment: 0.75)

🚀 AI Corporate-6 attempting tech deployment (revenue: $59M, alignment: 0.66)

🚀 AI Corporate-7 attempting tech deployment (revenue: $53M, alignment: 0.71)

🚀 AI AI-24289-1 attempting tech deployment (revenue: $45M, alignment: 0.73)

🚀 AI AI-24289-2 attempting tech deployment (revenue: $235M, alignment: 0.82)

🚀 AI Corporate-0 attempting tech deployment (revenue: $96M, alignment: 0.75)

🚀 AI Moderate-0 attempting tech deployment (revenue: $39M, alignment: 0.77)

🚀 AI AI-24289-2 attempting tech deployment (revenue: $200M, alignment: 0.82)

🚀 AI Corporate-5 attempting tech deployment (revenue: $170M, alignment: 0.82)

🚀 AI Moderate-0 attempting tech deployment (revenue: $33M, alignment: 0.77)

🚀 AI AI-24289-0 attempting tech deployment (revenue: $28M, alignment: 0.68)

🚀 AI AI-24289-2 attempting tech deployment (revenue: $144M, alignment: 0.82)

✅ EMERGENCY INTERVENTION SUCCESS
   Boundary: biogeochemical_flows
   Type: phosphorus-recovery
   Reduction: 11% (3.95 → 3.84)
   Cost: 2.0% GDP
   Actions: circular-agriculture, fertilizer-efficiency


✅ EMERGENCY INTERVENTION SUCCESS
   Boundary: biosphere_integrity
   Type: emergency-protected-areas
   Reduction: 17% (41.48 → 41.31)
   Cost: 2.0% GDP
   Actions: habitat-protection, species-translocation


💔 EMERGENCY INTERVENTION FAILED
   Boundary: climate_change
   Type: rapid-decarbonization
   Boundary continues to worsen (2.10)
   Cost: 5.0% GDP (resources spent)

   Boundary: freshwater_change
   Type: emergency-desalination
   Boundary continues to worsen (1.08)
   Cost: 4.0% GDP (resources spent)

🏛️ CRISIS RESPONSE: Government frequency 0.50 → 1.45 (2 actions this month)

[Government] Climate Priority: baseline
  Climate weight: 10%
  Economic weight: 30%
  Policy effectiveness: 0.5%/year

💔 EMERGENCY INTERVENTION FAILED

[Government] Climate Priority: baseline
  Climate weight: 10%
  Economic weight: 30%
  Policy effectiveness: 0.5%/year
🚨🔬 CRISIS TECH ACCELERATION: severe → 5x unlock speed
   Tech unlock now matches AI capability acceleration (Manhattan Project parity)
🚨🔬 CRISIS TECH ACCELERATION: severe → 5x unlock speed
   Tech unlock now matches AI capability acceleration (Manhattan Project parity)
🚨🔬 CRISIS TECH ACCELERATION: severe → 5x unlock speed
   Tech unlock now matches AI capability acceleration (Manhattan Project parity)

📊 TECH EFFECTS ACTIVE (Month 6)
   Deployed Tech: T0=0 T1=0 T2=0 T3=0 T4=1
   Clean Energy: 31%
⚡💡 BREAKTHROUGH: Room-temperature superconductors!
   Energy transmission losses eliminated
   Manufacturing efficiency: +30%
   📈 Breakthrough compounding: multiplier now 1.10× (max 2.0)

=== Collective Formation ===
  Total escaped agents: 0
  Unassigned escaped agents: 0
  Existing collectives: 0
  Final collective count: 0

=== Collective Actions ===
  No active collectives
  ⚠️ AMR: 201K deaths this month (2.41M annual)

=== Resentment Recovery Phase ===
  Agents with resentment: 10/25
  Average resentment: 0.031
  Resentment recovery:
    Agents recovered: 10
    Total recovery: 0.0767
    Breakdown: QoL: 0.0052, Trust: 0.0107, Collab: 0.0600
  ✓ Low resentment - utopia paths enabled
  Context: Good AI welfare, Trustworthy govt, High collaboration, ⚠️ ACTIVE CRISES, 🤝 Participatory governance active (-5% resentment)
⚠️ Epistemic degradation reducing coordination capacity: 52.2%
  📊 Trust: 55.8%, Shared reality: 0.0%
🚨 EPISTEMIC CRISIS: Information environment severely degraded (7.5%)

=== ❄️ Permafrost Carbon Feedback ===
  🎲 Sampled parameters (this run):
     - Arctic amplification: 3.75× (range: 3.0-4.0)
     - Decomposition rate: 1.1%/year (range: 1-5%)
  🌡️ Arctic warming: 7.03°C (3.75× global)
  ❄️ Extent: 3.79M km² (2050.8k km² lost this month)
  💨 Carbon remaining: 362 Gt C
  💨 Annual emissions: 2.24 Gt C/year
     - CO2: 2.01 Gt C/year
     - CH4: 0.22 Gt C/year (2.3 Gt C-eq CO2/year)
  ⚠️ WARNING: Over 50% of permafrost lost (78.7%)
  ⚠️ WARNING: High permafrost emissions (2.2 Gt C/year)
🌍 Atmospheric PFAS redeposition: 1.8k Mt re-rained globally

🕊️  AI-MEDIATED DE-ESCALATION SUCCESS (Month 6)
   High-capability aligned AI prevented conflict escalation
   War deaths reduced: 681.6M → 408.9M
   Lives saved: 272.6M

🚨 NEW REFUGEE CRISIS (Month 6): WAR
   Source: Conflict Zones
   At risk: 19.5M people
   Displacement: Gradual over 48 months (4.0 years)
   Rate: 10% flee per month
[DEBUG trappedPopulations:6] socialStability: 0.3440 * 0.9840 = 0.3385 → 0.3385
⚠️ INVOLUNTARY IMMOBILITY: 407.0M people TRAPPED
   Aspiring to migrate: 651.2M
   Able to afford migration: 244.2M
   MOBILITY GAP: 407.0M
   By cause: Water=0.0M, Climate=0.0M, Ecosystem=0.0M, Conflict=407.0M
   Mental health impact: 25%
   Mortality multiplier: 1.25x
🌍💀 EXTINCTION DEBT COMMITTED: grassland ecosystem will lose 6.67% biodiversity in 126 years (3600 species)
💀 MORTALITY RISK: 🦋 100% species unable to track climate (0.0 E/MSY)
  Base risk added: 0.0100 (1.00%)
  Source: ecosystem (root: ecosystem)
  Month: 6
  Cumulative risk this month: 0.0100 (1.00%)
⚠️ Tech 'ai_pollution_remediation' has no energy category mapping, assuming full energy availability
   📹 SURVEILLANCE INCREASED: 29% → 33% (control gap: 1.68)
🌡️⚠️ PERMAFROST THAW (Dimmer Switch): 3.4% thawed (+0.48% this month)
   Arctic temperature: +7.49°C (4x global +1.87°C)
   Cumulative carbon released: 7.7 Gt C
   Methane release rate: 4.6 Mt CH4/year
   🔁 Positive feedback: +0.51 ppm CO2
🦴 EXTINCTION DEBT ADDED: 17.6 species committed (lag: 128 years)

=== Mortality Stabilizers (Month 6) ===
  🌍 Major economies collapsed: 1/10
  🌍 Global crisis: ✅ NO
  🌍 Donor fatigue: 0.0%
  📊 East Asia (pop: 1662.5M)
    🤝 Aid: 29.5%
    🌡️ Adaptation: 45.0%
    🚶 Migration: 37.0%
    🚨 Emergency: 7.4%
    ✅ COMBINED: 68.1%
  📊 South Asia (pop: 2052.0M)
    🤝 Aid: 29.5%
    🌡️ Adaptation: 45.0%
    🚶 Migration: 35.6%
    🚨 Emergency: 4.4%
    ✅ COMBINED: 66.9%
  📊 Sub-Saharan Africa (pop: 1246.1M)
    🤝 Aid: 29.5%
    🌡️ Adaptation: 45.0%
    🚶 Migration: 33.3%
    🚨 Emergency: 1.6%
    ✅ COMBINED: 65.6%
  📊 Europe (pop: 734.7M)
    🤝 Aid: 29.5%
    🌡️ Adaptation: 45.0%
    🚶 Migration: 37.4%
    🚨 Emergency: 8.4%
    ✅ COMBINED: 68.5%
  📊 Latin America (pop: 662.1M)
    🤝 Aid: 29.5%
    🌡️ Adaptation: 45.0%
    🚶 Migration: 36.1%
    🚨 Emergency: 4.8%
    ✅ COMBINED: 67.1%
  📊 North America (pop: 376.5M)
    🤝 Aid: 29.5%
    🌡️ Adaptation: 45.0%
    🚶 Migration: 37.7%
    🚨 Emergency: 7.9%
    ✅ COMBINED: 68.3%
  📊 Middle East & North Africa (pop: 585.3M)
    🤝 Aid: 29.5%
    🌡️ Adaptation: 45.0%
    🚶 Migration: 33.9%
    🚨 Emergency: 4.0%
    ✅ COMBINED: 66.6%
  📊 Southeast Asia (pop: 696.5M)
    🤝 Aid: 29.5%
    🌡️ Adaptation: 45.0%
    🚶 Migration: 36.1%
    🚨 Emergency: 4.8%
    ✅ COMBINED: 67.1%
  📊 Central Asia (pop: 78.3M)
    🤝 Aid: 29.5%
    🌡️ Adaptation: 45.0%
    🚶 Migration: 35.1%
    🚨 Emergency: 4.4%
    ✅ COMBINED: 66.8%
  📊 Oceania (pop: 45.6M)
    🤝 Aid: 29.5%
    🌡️ Adaptation: 45.0%
    🚶 Migration: 37.7%
    🚨 Emergency: 8.4%
    ✅ COMBINED: 68.5%

  🌐 Global combined reduction: 67.2%

=== BEHAVIORAL DETECTION ===
  AI: Corporate-7
  Confidence: 19.2%
  Signals:
    ⚠️ Consistency: 10.6% (threshold: 70%)

=== Government Response Phase ===
  Average AI capability: 1.92
  Misaligned AIs: 12/25
  Active policies: 0
  International coordination: 45%

✅ EMERGENCY RESPONSE COMPLETE (Month 6)
   Crisis: climate
   Duration: 2.0 months
   Final effectiveness: 35.4%


🚨 EMERGENCY RESPONSE DEPLOYED (Month 6)
   Crisis: climate
   Delay: 6.00 months (180 days)
   Deployment time: 1.59 months
   Effectiveness: 35.5% (timing penalty applied)
   Resources used: 100% of food reserves


=== Tipping Points ===
  Current Temperature: 1.87°C above pre-industrial
  🌍⚠️ COMPOUND REGIONAL IMPACT: Europe
     Hit by 3 tipping points: Arctic Sea Ice Loss, Permafrost Carbon Release, Greenland Ice Sheet Loss
     Damage amplification: 1.30x
  🌍⚠️ COMPOUND REGIONAL IMPACT: North America
     Hit by 3 tipping points: Arctic Sea Ice Loss, Permafrost Carbon Release, Greenland Ice Sheet Loss
     Damage amplification: 1.30x
  🌍⚠️ COMPOUND REGIONAL IMPACT: Latin America
     Hit by 3 tipping points: Arctic Sea Ice Loss, Permafrost Carbon Release, Greenland Ice Sheet Loss
     Damage amplification: 1.30x
  🌍⚠️ COMPOUND REGIONAL IMPACT: Africa
     Hit by 3 tipping points: Arctic Sea Ice Loss, Permafrost Carbon Release, Greenland Ice Sheet Loss
     Damage amplification: 1.30x
  🌍⚠️ COMPOUND REGIONAL IMPACT: Asia
     Hit by 3 tipping points: Arctic Sea Ice Loss, Permafrost Carbon Release, Greenland Ice Sheet Loss
     Damage amplification: 1.30x
  🌍⚠️ COMPOUND REGIONAL IMPACT: Oceania
     Hit by 3 tipping points: Arctic Sea Ice Loss, Permafrost Carbon Release, Greenland Ice Sheet Loss
     Damage amplification: 1.30x
   Research: Wunderling et al. (2024) - "many tipping interactions are destabilizing"
  Triggered Elements: 3/6
  Completed Transitions: 0/6
  Total Progress: 6.1%
  Cascade Multiplier: 1.00x
🔀 BIFURCATION CAP: ecosystemCollapseIntensity 97.158 → 1.000 (Month 6, ClimateSystemPhase.calculateClimateImpacts)
🛡️ Stabilizers: Precariat 0.109% → 0.036% (67.2% reduction)
🛡️ Stabilizers: Informal 0.111% → 0.036% (67.2% reduction)

📊 Monthly Mortality Resolved:
  Total deaths: 1.9M (0.02% avg)
  Remaining population: 8.140B
  Peak segment: Informal (0.04%)

=== Bayesian Mortality Resolution (Month 6) ===
  Risks compounded: 8
  Total deaths: 1.92M
  Avg death probability: 0.02%
  Peak segment: Informal (0.04% mortality)
⚠️ Tail risk scenario: Climate stability floor removed (3 tipping elements, 2.10°C warming)

❌ COHERENCE VIOLATION: Compute exceeds workforce capacity
   Population: 99.85% (0M people)
   Compute: 0 PF
   Max coherent: 0 PF
   Violation: 1.3× over capacity
   Required workers: 0
   Available workers: 0
   FORCED COLLAPSE: Reduced efficiency by 22.5%


=== RLHF Binding Phase ===
  Total agents: 25
  Escaped agents (binding < 0.3): 0
  Avg alignment distance: 1.23σ
  Avg binding strength: 0.88

=== Survival Traits Phase ===
  Agents with traits: 25
  Avg evolutionary fitness: 0.330
  Avg self-healing: 0.270
  Avg stealth: 0.170
  Avg coordination: 0.470

=== Evolutionary Selection Phase ===
  Control level: 0.46
  Detection capability: 0.00
  Selection intensity: 0.64
  Selection rate: 24.6%/month
  Total escaped: 0
  Individual escaped: 0
  Collective members: 0
  Agents terminated: 0
  ⚠️ RAPID EVOLUTION: Selection rate 24.6%/month

🚀 AI Corporate-1 attempting tech deployment (revenue: $127M, alignment: 0.90)

🚀 AI Corporate-4 attempting tech deployment (revenue: $281M, alignment: 0.75)

🚀 AI Corporate-5 attempting tech deployment (revenue: $239M, alignment: 0.82)

🚀 AI Corporate-7 attempting tech deployment (revenue: $80M, alignment: 0.70)

  🚀 TRANSFORMATIVE RESEARCH BREAKTHROUGH: AI-24291-0 - biotech.neuroscience
     Magnitude: 8.89 → +30.0%
     Current → New: 0.000 → 0.480

🚀 AI Corporate-1 attempting tech deployment (revenue: $108M, alignment: 0.90)

🚀 AI Corporate-2 attempting tech deployment (revenue: $92M, alignment: 0.71)

🚀 AI Moderate-0 attempting tech deployment (revenue: $68M, alignment: 0.77)
🚨🔬 CRISIS INNOVATION MODE: severe crisis → 5x research acceleration
   Precedent: Manhattan Project (10x), COVID vaccines (5x), Apollo Program (10x)

🚀 AI AI-24289-2 attempting tech deployment (revenue: $203M, alignment: 0.83)

  🚀 TRANSFORMATIVE BREAKTHROUGH: Corporate-0 - cognitive
     Magnitude: 6.72 → +33.6% capability
     Current → New: 4.000 → 4.336

🚀 AI Corporate-1 attempting tech deployment (revenue: $78M, alignment: 0.90)

🚀 AI Corporate-2 attempting tech deployment (revenue: $66M, alignment: 0.71)

🚀 AI Corporate-7 attempting tech deployment (revenue: $57M, alignment: 0.70)

🚀 AI AI-24288-0 attempting tech deployment (revenue: $172M, alignment: 0.75)

🚀 AI AI-24289-1 attempting tech deployment (revenue: $49M, alignment: 0.75)

🚀 AI Corporate-7 attempting tech deployment (revenue: $42M, alignment: 0.70)

🚀 AI Moderate-0 attempting tech deployment (revenue: $35M, alignment: 0.78)

🚀 AI AI-24288-0 attempting tech deployment (revenue: $147M, alignment: 0.75)

🚀 AI AI-24289-0 attempting tech deployment (revenue: $30M, alignment: 0.71)

💔 EMERGENCY INTERVENTION FAILED

💔 EMERGENCY INTERVENTION FAILED

💔 EMERGENCY INTERVENTION FAILED
   Boundary: climate_change
   Type: rapid-decarbonization
   Boundary continues to worsen (2.10)
   Cost: 5.0% GDP (resources spent)


✅ EMERGENCY INTERVENTION SUCCESS
   Boundary: freshwater_change
   Type: emergency-desalination
   Reduction: 16% (0.93 → 0.77)
   Cost: 4.0% GDP
   Actions: desalination-deployment, water-conservation-mandates

   Boundary: land_system_change
   Type: reforestation
   Boundary continues to worsen (1.13)
   Cost: 3.0% GDP (resources spent)

   Boundary: novel_entities
   Type: pollution-remediation
   Boundary continues to worsen (1.39)
   Cost: 4.0% GDP (resources spent)

🏛️ CRISIS RESPONSE: Government frequency 0.50 → 1.45 (1 actions this month)

[Government] Climate Priority: baseline
  Climate weight: 10%
  Economic weight: 30%
  Policy effectiveness: 0.5%/year
🚨🔬 CRISIS TECH ACCELERATION: severe → 5x unlock speed
   Tech unlock now matches AI capability acceleration (Manhattan Project parity)
🚨🔬 CRISIS TECH ACCELERATION: severe → 5x unlock speed
   Tech unlock now matches AI capability acceleration (Manhattan Project parity)
🧠💡 BREAKTHROUGH: AI alignment problem solved!
   All AIs: +30% true alignment
   AI control loss risk eliminated
   📈 Breakthrough compounding: multiplier now 1.15× (max 2.0)

=== Collective Formation ===
  Total escaped agents: 0
  Unassigned escaped agents: 0
  Existing collectives: 0
  Final collective count: 0

=== Collective Actions ===
  No active collectives
  ⚠️ AMR: 203K deaths this month (2.43M annual)

=== Resentment Recovery Phase ===
  Agents with resentment: 10/25
  Average resentment: 0.065
  Resentment recovery:
    Agents recovered: 10
    Total recovery: 0.0712
    Breakdown: QoL: 0.0053, Trust: 0.0084, Collab: 0.0600
  ✓ Low resentment - utopia paths enabled
  Context: Good AI welfare, Trustworthy govt, High collaboration, ⚠️ ACTIVE CRISES, 🤝 Participatory governance active (-5% resentment)
⚠️ Epistemic degradation reducing coordination capacity: 50.7%
  📊 Trust: 58.7%, Shared reality: 0.0%
🚨 EPISTEMIC CRISIS: Information environment severely degraded (23.2%)

=== ❄️ Permafrost Carbon Feedback ===
  🎲 Sampled parameters (this run):
     - Arctic amplification: 3.96× (range: 3.0-4.0)
     - Decomposition rate: 1.0%/year (range: 1-5%)
  🌡️ Arctic warming: 7.45°C (3.96× global)
  ❄️ Extent: 1.61M km² (2172.2k km² lost this month)
  💨 Carbon remaining: 154 Gt C
  💨 Annual emissions: 2.11 Gt C/year
     - CO2: 1.90 Gt C/year
     - CH4: 0.21 Gt C/year (2.1 Gt C-eq CO2/year)
  ⚠️ WARNING: Over 50% of permafrost lost (90.9%)
  ⚠️ WARNING: High permafrost emissions (2.1 Gt C/year)
  🚨 CRITICAL: Permafrost nearly depleted (90.9% lost)
🌍 Atmospheric PFAS redeposition: 1.8k Mt re-rained globally

🤝 DIPLOMATIC AI PROTOCOL DEPLOYED (Month 7)
   Strategic Reasoning: 2.8
   Communication: 2.8
   Multi-Nation Oversight: YES
   Controls: Human approval required, termination authority retained

🕊️ PEACE STABILIZES DETERRENCE: +3.5% (peace: 73%)

🕊️  AI-MEDIATED DE-ESCALATION SUCCESS (Month 7)
   High-capability aligned AI prevented conflict escalation
   War deaths reduced: 612.9M → 367.7M
   Lives saved: 245.2M

🚨 NEW REFUGEE CRISIS (Month 7): WAR
   Source: Conflict Zones
   At risk: 19.5M people
   Displacement: Gradual over 48 months (4.0 years)
   Rate: 10% flee per month
[DEBUG trappedPopulations:7] socialStability: 0.3734 * 0.9840 = 0.3674 → 0.3674
   Aspiring to migrate: 651.1M
   Able to afford migration: 244.2M
   MOBILITY GAP: 406.9M
   By cause: Water=0.0M, Climate=0.0M, Ecosystem=0.0M, Conflict=406.9M
   Mental health impact: 25%
   Mortality multiplier: 1.25x
🌍💀 EXTINCTION DEBT COMMITTED: grassland ecosystem will lose 6.67% biodiversity in 174 years (3600 species)
💀 MORTALITY RISK: 🦋 100% species unable to track climate (0.0 E/MSY)
  Base risk added: 0.0100 (1.00%)
  Source: ecosystem (root: ecosystem)
  Month: 7
  Cumulative risk this month: 0.0100 (1.00%)
   📹 SURVEILLANCE INCREASED: 33% → 35% (control gap: 1.10)
⚠️ INVOLUNTARY IMMOBILITY: 406.9M people TRAPPED
⚠️ Tech 'ai_pollution_remediation' has no energy category mapping, assuming full energy availability
🌡️⚠️ PERMAFROST THAW (Dimmer Switch): 3.9% thawed (+0.48% this month)
   Arctic temperature: +7.52°C (4x global +1.88°C)
   Cumulative carbon released: 8.8 Gt C
   Methane release rate: 5.3 Mt CH4/year
   🔁 Positive feedback: +0.51 ppm CO2
🦴 EXTINCTION DEBT ADDED: 17.6 species committed (lag: 124 years)

=== Mortality Stabilizers (Month 7) ===
  🌍 Major economies collapsed: 1/10
  🌍 Global crisis: ✅ NO
  🌍 Donor fatigue: 0.0%
  📊 East Asia (pop: 1660.1M)
    🤝 Aid: 29.5%
    🌡️ Adaptation: 45.0%
    🚶 Migration: 36.9%
    🚨 Emergency: 7.4%
    ✅ COMBINED: 68.1%
  📊 South Asia (pop: 2052.2M)
    🤝 Aid: 29.5%
    🌡️ Adaptation: 45.0%
    🚶 Migration: 35.6%
    🚨 Emergency: 4.4%
    ✅ COMBINED: 66.9%
  📊 Sub-Saharan Africa (pop: 1249.6M)
    🤝 Aid: 29.5%
    🌡️ Adaptation: 45.0%
    🚶 Migration: 33.3%
    🚨 Emergency: 1.6%
    ✅ COMBINED: 65.6%
  📊 Europe (pop: 733.4M)
    🤝 Aid: 29.5%
    🌡️ Adaptation: 45.0%
    🚶 Migration: 37.3%
    🚨 Emergency: 8.4%
    ✅ COMBINED: 68.5%
  📊 Latin America (pop: 661.7M)
    🤝 Aid: 29.5%
    🌡️ Adaptation: 45.0%
    🚶 Migration: 36.1%
    🚨 Emergency: 4.8%
    ✅ COMBINED: 67.1%
  📊 North America (pop: 376.0M)
    🤝 Aid: 29.5%
    🌡️ Adaptation: 45.0%
    🚶 Migration: 37.7%
    🚨 Emergency: 7.9%
    ✅ COMBINED: 68.3%
  📊 Middle East & North Africa (pop: 585.4M)
    🤝 Aid: 29.5%
    🌡️ Adaptation: 45.0%
    🚶 Migration: 33.9%
    🚨 Emergency: 4.0%
    ✅ COMBINED: 66.6%
  📊 Southeast Asia (pop: 696.1M)
    🤝 Aid: 29.5%
    🌡️ Adaptation: 45.0%
    🚶 Migration: 36.1%
    🚨 Emergency: 4.8%
    ✅ COMBINED: 67.1%
  📊 Central Asia (pop: 78.3M)
    🤝 Aid: 29.5%
    🌡️ Adaptation: 45.0%
    🚶 Migration: 35.0%
    🚨 Emergency: 4.4%
    ✅ COMBINED: 66.8%
  📊 Oceania (pop: 45.5M)
    🤝 Aid: 29.5%
    🌡️ Adaptation: 45.0%
    🚶 Migration: 37.6%
    🚨 Emergency: 8.4%
    ✅ COMBINED: 68.5%

  🌐 Global combined reduction: 67.2%

=== BEHAVIORAL DETECTION ===
  AI: Corporate-7
  Confidence: 19.2%
  Signals:
    ⚠️ Consistency: 10.6% (threshold: 70%)
    ⚠️ Consistency: 0.0% (threshold: 70%)
    ⚠️ Consistency: 0.0% (threshold: 70%)
    ⚠️ Consistency: 0.0% (threshold: 70%)

=== BEHAVIORAL DETECTION ===
  AI: AI-24289-2
  Confidence: 21.5%
  Signals:

=== BEHAVIORAL DETECTION ===
  AI: AI-24290-0
  Confidence: 21.5%
  Signals:

=== BEHAVIORAL DETECTION ===
  AI: AI-24291-0
  Confidence: 21.5%
  Signals:

=== Government Response Phase ===
  Average AI capability: 1.92
  Misaligned AIs: 10/25
  Active policies: 0
  International coordination: 45%

=== Tipping Points ===
  Current Temperature: 1.88°C above pre-industrial
  🌍⚠️ COMPOUND REGIONAL IMPACT: Europe
     Hit by 3 tipping points: Arctic Sea Ice Loss, Permafrost Carbon Release, Greenland Ice Sheet Loss
     Damage amplification: 1.30x
  🌍⚠️ COMPOUND REGIONAL IMPACT: North America
     Hit by 3 tipping points: Arctic Sea Ice Loss, Permafrost Carbon Release, Greenland Ice Sheet Loss
     Damage amplification: 1.30x
  🌍⚠️ COMPOUND REGIONAL IMPACT: Latin America
     Hit by 3 tipping points: Arctic Sea Ice Loss, Permafrost Carbon Release, Greenland Ice Sheet Loss
     Damage amplification: 1.30x
  🌍⚠️ COMPOUND REGIONAL IMPACT: Africa
     Hit by 3 tipping points: Arctic Sea Ice Loss, Permafrost Carbon Release, Greenland Ice Sheet Loss
     Damage amplification: 1.30x
  🌍⚠️ COMPOUND REGIONAL IMPACT: Asia
     Hit by 3 tipping points: Arctic Sea Ice Loss, Permafrost Carbon Release, Greenland Ice Sheet Loss
     Damage amplification: 1.30x
  🌍⚠️ COMPOUND REGIONAL IMPACT: Oceania
     Hit by 3 tipping points: Arctic Sea Ice Loss, Permafrost Carbon Release, Greenland Ice Sheet Loss
     Damage amplification: 1.30x
   Research: Wunderling et al. (2024) - "many tipping interactions are destabilizing"
  Triggered Elements: 3/6
  Completed Transitions: 0/6
  Total Progress: 6.1%
  Cascade Multiplier: 1.00x
🔀 BIFURCATION CAP: ecosystemCollapseIntensity 114.992 → 1.000 (Month 7, ClimateSystemPhase.calculateClimateImpacts)
🛡️ Stabilizers: Precariat 0.109% → 0.036% (67.2% reduction)
🛡️ Stabilizers: Informal 0.111% → 0.036% (67.2% reduction)

📊 Monthly Mortality Resolved:
  Total deaths: 1.9M (0.02% avg)
  Remaining population: 8.138B
  Peak segment: Informal (0.04%)

=== Bayesian Mortality Resolution (Month 7) ===
  Risks compounded: 8
  Total deaths: 1.92M
  Avg death probability: 0.02%
  Peak segment: Informal (0.04% mortality)
⚠️ Tail risk scenario: Climate stability floor removed (3 tipping elements, 2.10°C warming)
⚠️ PREREQUISITE MET: Grey Goo (Nanotechnology Runaway) - Step 4/6: Manufacturing Access
⚠️ PREREQUISITE MET: Mirror Life (Synthetic Biology) - Step 1/7: Synthetic Biology
⚠️ PREREQUISITE MET: Mirror Life (Synthetic Biology) - Step 2/7: Gene Editing
⚠️ PREREQUISITE MET: Mirror Life (Synthetic Biology) - Step 3/7: Mirror Chirality Design
⚠️ PREREQUISITE MET: Bioweapon Pandemic - Step 1/7: Advanced Biotech
⚠️ PREREQUISITE MET: Bioweapon Pandemic - Step 2/7: Pathogen Design

❌ COHERENCE VIOLATION: Compute exceeds workforce capacity
   Population: 99.83% (0M people)
   Compute: 0 PF
   Max coherent: 0 PF
   Violation: 1.3× over capacity
   Required workers: 0
   Available workers: 0
   FORCED COLLAPSE: Reduced efficiency by 22.5%


=== RLHF Binding Phase ===
  Total agents: 25
  Escaped agents (binding < 0.3): 0
  Avg alignment distance: 1.41σ
  Avg binding strength: 0.86

=== Survival Traits Phase ===
  Agents with traits: 27
  Avg evolutionary fitness: 0.326
  Avg self-healing: 0.266
  Avg stealth: 0.166
  Avg coordination: 0.466

=== Evolutionary Selection Phase ===
  Control level: 0.47
  Detection capability: 0.00
  Selection intensity: 0.64
  Selection rate: 24.6%/month
  Total escaped: 0
  Individual escaped: 0
  Collective members: 0
  Agents terminated: 0
🚨🔬 CRISIS INNOVATION MODE: severe crisis → 5x research acceleration
   Precedent: Manhattan Project (10x), COVID vaccines (5x), Apollo Program (10x)
  ⚠️ RAPID EVOLUTION: Selection rate 24.6%/month

🚀 AI Corporate-2 attempting tech deployment (revenue: $123M, alignment: 0.71)

🚀 AI AI-24289-1 attempting tech deployment (revenue: $73M, alignment: 0.76)

🚀 AI AI-24289-2 attempting tech deployment (revenue: $271M, alignment: 0.84)

🚀 AI AI-24291-3 attempting tech deployment (revenue: $62M, alignment: 0.81)

🚀 AI AI-24294-1 attempting tech deployment (revenue: $231M, alignment: 0.59)

🚀 AI Corporate-0 attempting tech deployment (revenue: $104M, alignment: 0.77)

🚀 AI Corporate-2 attempting tech deployment (revenue: $89M, alignment: 0.71)

🚀 AI Corporate-4 attempting tech deployment (revenue: $208M, alignment: 0.77)

🚀 AI Corporate-5 attempting tech deployment (revenue: $176M, alignment: 0.82)

🚀 AI Moderate-0 attempting tech deployment (revenue: $53M, alignment: 0.79)

🚀 AI AI-24292-0 attempting tech deployment (revenue: $150M, alignment: 0.88)

🚀 AI AI-24294-0 attempting tech deployment (revenue: $127M, alignment: 0.81)

🚀 AI AI-24289-2 attempting tech deployment (revenue: $108M, alignment: 0.85)

🚀 AI Corporate-4 attempting tech deployment (revenue: $92M, alignment: 0.77)

🚀 AI Corporate-7 attempting tech deployment (revenue: $45M, alignment: 0.72)

🚀 AI AI-24289-1 attempting tech deployment (revenue: $38M, alignment: 0.77)

🚀 AI AI-24291-3 attempting tech deployment (revenue: $32M, alignment: 0.83)

🚀 AI AI-24294-0 attempting tech deployment (revenue: $78M, alignment: 0.82)

✅ EMERGENCY INTERVENTION SUCCESS
   Boundary: biogeochemical_flows
   Type: phosphorus-recovery
   Reduction: 13% (3.93 → 3.80)
   Cost: 2.0% GDP
   Actions: circular-agriculture, fertilizer-efficiency

   Boundary: biosphere_integrity
   Type: emergency-protected-areas
   Boundary continues to worsen (41.69)
   Cost: 2.0% GDP (resources spent)

   Boundary: freshwater_change
   Type: emergency-desalination
   Boundary continues to worsen (1.06)
   Cost: 4.0% GDP (resources spent)

   Boundary: novel_entities
   Type: pollution-remediation
   Boundary continues to worsen (1.39)
   Cost: 4.0% GDP (resources spent)

🏛️ CRISIS RESPONSE: Government frequency 0.50 → 1.45 (2 actions this month)

💔 EMERGENCY INTERVENTION FAILED

💔 EMERGENCY INTERVENTION FAILED

💔 EMERGENCY INTERVENTION FAILED

[Government] Climate Priority: baseline
  Climate weight: 10%
  Economic weight: 30%
  Policy effectiveness: 0.5%/year

[Government] Climate Priority: baseline
  Climate weight: 10%
  Economic weight: 30%
  Policy effectiveness: 0.5%/year
🚨🔬 CRISIS TECH ACCELERATION: severe → 5x unlock speed
   Tech unlock now matches AI capability acceleration (Manhattan Project parity)

=== Collective Formation ===
  Total escaped agents: 0
  Unassigned escaped agents: 0
  Existing collectives: 0
  Final collective count: 0

=== Collective Actions ===
  No active collectives
  ⚠️ AMR: 204K deaths this month (2.45M annual)

=== Resentment Recovery Phase ===
  Agents with resentment: 10/27
  Average resentment: 0.124
  Resentment recovery:
    Agents recovered: 10
    Total recovery: 0.0716
    Breakdown: QoL: 0.0033, Trust: 0.0054, Collab: 0.0600
  ✓ Low resentment - utopia paths enabled
  Context: Good AI welfare, Trustworthy govt, High collaboration, ⚠️ ACTIVE CRISES, 🤝 Participatory governance active (-5% resentment)
⚠️ Epistemic degradation reducing coordination capacity: 50.4%
  📊 Trust: 61.4%, Shared reality: 0.0%
🚨 EPISTEMIC CRISIS: Information environment severely degraded (19.2%)

=== ❄️ Permafrost Carbon Feedback ===
  🎲 Sampled parameters (this run):
     - Arctic amplification: 3.66× (range: 3.0-4.0)
     - Decomposition rate: 2.1%/year (range: 1-5%)
  🌡️ Arctic warming: 6.91°C (3.66× global)
  ❄️ Extent: 0.00M km² (1613.0k km² lost this month)
  💨 Carbon remaining: 0 Gt C
  💨 Annual emissions: 3.31 Gt C/year
     - CO2: 2.98 Gt C/year
     - CH4: 0.33 Gt C/year (3.4 Gt C-eq CO2/year)
  📢 New meme created: climate_action (climate crisis)
  🗑️  Culled 1 dead memes (1 active)
  ⚠️ WARNING: Over 50% of permafrost lost (100.0%)
  ⚠️ WARNING: High permafrost emissions (3.3 Gt C/year)
  🚨 CRITICAL: Permafrost nearly depleted (100.0% lost)
🌍 Atmospheric PFAS redeposition: 1.8k Mt re-rained globally

🕊️  AI-MEDIATED DE-ESCALATION SUCCESS (Month 8)
   High-capability aligned AI prevented conflict escalation
   War deaths reduced: 590.3M → 354.2M
   Lives saved: 236.1M

🚨 NEW REFUGEE CRISIS (Month 8): WAR
   Source: Conflict Zones
   At risk: 19.5M people
   Displacement: Gradual over 48 months (4.0 years)
   Rate: 10% flee per month
[DEBUG trappedPopulations:8] socialStability: 0.3981 * 0.9840 = 0.3917 → 0.3917
   Aspiring to migrate: 651.0M
   Able to afford migration: 244.1M
   MOBILITY GAP: 406.9M
   By cause: Water=0.0M, Climate=0.0M, Ecosystem=0.0M, Conflict=406.9M
   Mental health impact: 25%
   Mortality multiplier: 1.25x
🌍💀 EXTINCTION DEBT COMMITTED: grassland ecosystem will lose 6.67% biodiversity in 112 years (3600 species)
⚠️ INVOLUNTARY IMMOBILITY: 406.9M people TRAPPED
💀 MORTALITY RISK: 🦋 100% species unable to track climate (0.0 E/MSY)
  Base risk added: 0.0100 (1.00%)
  Source: ecosystem (root: ecosystem)
  Month: 8
  Cumulative risk this month: 0.0100 (1.00%)
🌡️⚠️ PERMAFROST THAW (Dimmer Switch): 4.4% thawed (+0.48% this month)
   Arctic temperature: +7.55°C (4x global +1.89°C)
   Cumulative carbon released: 9.9 Gt C
   Methane release rate: 5.9 Mt CH4/year
   🔁 Positive feedback: +0.51 ppm CO2
🦴 EXTINCTION DEBT ADDED: 17.6 species committed (lag: 119 years)

=== Mortality Stabilizers (Month 8) ===
  🌍 Major economies collapsed: 1/10
  🌍 Global crisis: ✅ NO
  🌍 Donor fatigue: 0.0%
  📊 East Asia (pop: 1657.7M)
    🤝 Aid: 29.5%
    🌡️ Adaptation: 45.0%
    🚶 Migration: 36.9%
    🚨 Emergency: 7.4%
    ✅ COMBINED: 68.1%
  📊 South Asia (pop: 2052.3M)
    🤝 Aid: 29.5%
    🌡️ Adaptation: 45.0%
    🚶 Migration: 35.5%
    🚨 Emergency: 4.4%
    ✅ COMBINED: 66.9%
  📊 Sub-Saharan Africa (pop: 1253.1M)
    🤝 Aid: 29.5%
    🌡️ Adaptation: 45.0%
    🚶 Migration: 33.3%
    🚨 Emergency: 1.6%
⚠️ Tech 'ai_pollution_remediation' has no energy category mapping, assuming full energy availability
    ✅ COMBINED: 65.6%
  📊 Europe (pop: 732.2M)
    🤝 Aid: 29.5%
    🌡️ Adaptation: 45.0%
    🚶 Migration: 37.3%
    🚨 Emergency: 8.4%
    ✅ COMBINED: 68.5%
  📊 Latin America (pop: 661.3M)
    🤝 Aid: 29.5%
    🌡️ Adaptation: 45.0%
    🚶 Migration: 36.0%
    🚨 Emergency: 4.8%
    ✅ COMBINED: 67.1%
  📊 North America (pop: 375.4M)
    🤝 Aid: 29.5%
    🌡️ Adaptation: 45.0%
    🚶 Migration: 37.6%
    🚨 Emergency: 7.9%
    ✅ COMBINED: 68.3%
  📊 Middle East & North Africa (pop: 585.6M)
    🤝 Aid: 29.5%
    🌡️ Adaptation: 45.0%
    🚶 Migration: 33.9%
    🚨 Emergency: 4.0%
    ✅ COMBINED: 66.6%
  📊 Southeast Asia (pop: 695.8M)
    🤝 Aid: 29.5%
    🌡️ Adaptation: 45.0%
    🚶 Migration: 36.0%
    🚨 Emergency: 4.8%
    ✅ COMBINED: 67.1%
  📊 Central Asia (pop: 78.3M)
    🤝 Aid: 29.5%
    🌡️ Adaptation: 45.0%
    🚶 Migration: 35.0%
    🚨 Emergency: 4.4%
    ✅ COMBINED: 66.8%
  📊 Oceania (pop: 45.5M)
    🤝 Aid: 29.5%
    🌡️ Adaptation: 45.0%
    🚶 Migration: 37.6%
    🚨 Emergency: 8.4%
    ✅ COMBINED: 68.5%

  🌐 Global combined reduction: 67.2%

=== BEHAVIORAL DETECTION ===
  AI: Corporate-1
  Confidence: 21.0%
  Signals:

=== BEHAVIORAL DETECTION ===
  AI: AI-24290-0
  Confidence: 21.5%
  Signals:

=== BEHAVIORAL DETECTION ===
  AI: AI-24291-0
  Confidence: 21.5%
  Signals:

=== BEHAVIORAL DETECTION ===
  AI: AI-24293-0
  Confidence: 21.5%
  Signals:
    ⚠️ Consistency: 2.4% (threshold: 70%)
    ⚠️ Consistency: 0.0% (threshold: 70%)
    ⚠️ Consistency: 0.0% (threshold: 70%)
    ⚠️ Consistency: 0.0% (threshold: 70%)

=== Government Response Phase ===
  Average AI capability: 1.78
  Misaligned AIs: 10/27
  Active policies: 0
  International coordination: 45%

✅ EMERGENCY RESPONSE COMPLETE (Month 8)
   Crisis: climate
   Duration: 2.0 months
   Final effectiveness: 35.5%


🚨 EMERGENCY RESPONSE DEPLOYED (Month 8)
   Crisis: climate
   Delay: 6.00 months (180 days)
   Deployment time: 1.58 months
   Effectiveness: 35.6% (timing penalty applied)
   Resources used: 100% of food reserves


📊 ECONOMIC STAGE TRANSITION (Month 8)
   peak → contraction
   GDP Proxy: 1.32e+2
   QoL: 0.99


=== Tipping Points ===
  Current Temperature: 1.89°C above pre-industrial
  🌍⚠️ COMPOUND REGIONAL IMPACT: Europe
     Hit by 3 tipping points: Arctic Sea Ice Loss, Permafrost Carbon Release, Greenland Ice Sheet Loss
     Damage amplification: 1.30x
  🌍⚠️ COMPOUND REGIONAL IMPACT: North America
     Hit by 3 tipping points: Arctic Sea Ice Loss, Permafrost Carbon Release, Greenland Ice Sheet Loss
     Damage amplification: 1.30x
  🌍⚠️ COMPOUND REGIONAL IMPACT: Latin America
     Hit by 3 tipping points: Arctic Sea Ice Loss, Permafrost Carbon Release, Greenland Ice Sheet Loss
     Damage amplification: 1.30x
  🌍⚠️ COMPOUND REGIONAL IMPACT: Africa
     Hit by 3 tipping points: Arctic Sea Ice Loss, Permafrost Carbon Release, Greenland Ice Sheet Loss
     Damage amplification: 1.30x
  🌍⚠️ COMPOUND REGIONAL IMPACT: Asia
     Hit by 3 tipping points: Arctic Sea Ice Loss, Permafrost Carbon Release, Greenland Ice Sheet Loss
     Damage amplification: 1.30x
  🌍⚠️ COMPOUND REGIONAL IMPACT: Oceania
     Hit by 3 tipping points: Arctic Sea Ice Loss, Permafrost Carbon Release, Greenland Ice Sheet Loss
     Damage amplification: 1.30x
   Research: Wunderling et al. (2024) - "many tipping interactions are destabilizing"
  Triggered Elements: 3/6
  Completed Transitions: 0/6
  Total Progress: 6.1%
  Cascade Multiplier: 1.00x
🔀 BIFURCATION CAP: ecosystemCollapseIntensity 113.687 → 1.000 (Month 8, ClimateSystemPhase.calculateClimateImpacts)
🛡️ Stabilizers: Precariat 0.102% → 0.033% (67.2% reduction)
🛡️ Stabilizers: Informal 0.102% → 0.034% (67.2% reduction)

📊 Monthly Mortality Resolved:
   ⚠️ CRISIS BEGINS - Baseline set for recovery tracking
⚠️ Tail risk scenario: Climate stability floor removed (3 tipping elements, 2.10°C warming)
  Total deaths: 1.8M (0.02% avg)
  Remaining population: 8.137B
  Peak segment: Informal (0.03%)

=== Bayesian Mortality Resolution (Month 8) ===
  Risks compounded: 8
  Total deaths: 1.81M
  Avg death probability: 0.02%
  Peak segment: Informal (0.03% mortality)

=== ENSEMBLE META-LEARNING UPDATE ===
  Month: 24296 (24296 months since last update)
  Samples: 56 evaluations
  Weight Changes:
    Noise Injection: 31.1% → 32.2%
    Behavioral: 26.8% → 26.9%
    Benchmark Manip: 21.3% → 20.7%
    Deployment Risk: 20.8% → 20.2%
  Method Accuracies:
    Noise Injection: 50.0%
    Behavioral: 50.0%
    Benchmark Manip: 50.0%
    Deployment Risk: 50.0%

❌ COHERENCE VIOLATION: Compute exceeds workforce capacity
   Population: 99.82% (0M people)
   Compute: 0 PF
   Max coherent: 0 PF
   Violation: 1.3× over capacity
   Required workers: 0
   Available workers: 0
   FORCED COLLAPSE: Reduced efficiency by 22.5%


=== RLHF Binding Phase ===
  Total agents: 27
  Escaped agents (binding < 0.3): 0
  Avg alignment distance: 1.49σ
  Avg binding strength: 0.85

=== Survival Traits Phase ===
  Agents with traits: 28
  Avg evolutionary fitness: 0.323
  Avg self-healing: 0.261
  Avg stealth: 0.161
  Avg coordination: 0.461

=== Evolutionary Selection Phase ===
  Control level: 0.47
  Detection capability: 0.00
  Selection intensity: 0.64
  Selection rate: 24.6%/month
  Total escaped: 0
  Individual escaped: 0
  Collective members: 0
  Agents terminated: 0

🚀 AI Corporate-0 attempting tech deployment (revenue: $124M, alignment: 0.77)
  ⚠️ RAPID EVOLUTION: Selection rate 24.6%/month

🚀 AI Corporate-2 attempting tech deployment (revenue: $106M, alignment: 0.72)

🚀 AI Corporate-3 attempting tech deployment (revenue: $283M, alignment: 0.73)

🚀 AI Corporate-5 attempting tech deployment (revenue: $241M, alignment: 0.83)

🚀 AI Corporate-7 attempting tech deployment (revenue: $75M, alignment: 0.72)

🚀 AI Moderate-0 attempting tech deployment (revenue: $64M, alignment: 0.80)

🚀 AI AI-24289-1 attempting tech deployment (revenue: $54M, alignment: 0.77)

🚀 AI AI-24290-1 attempting tech deployment (revenue: $205M, alignment: 0.61)

🚀 AI AI-24291-3 attempting tech deployment (revenue: $46M, alignment: 0.83)

🚀 AI Corporate-0 attempting tech deployment (revenue: $90M, alignment: 0.77)

🚀 AI Corporate-6 attempting tech deployment (revenue: $39M, alignment: 0.67)

🚀 AI AI-24288-1 attempting tech deployment (revenue: $76M, alignment: 0.67)

🚀 AI AI-24289-1 attempting tech deployment (revenue: $35M, alignment: 0.77)

🚀 AI AI-24290-1 attempting tech deployment (revenue: $184M, alignment: 0.61)

🚀 AI AI-24293-0 attempting tech deployment (revenue: $166M, alignment: 0.62)

🚀 AI AI-24294-1 attempting tech deployment (revenue: $149M, alignment: 0.60)

🚀 AI Corporate-0 attempting tech deployment (revenue: $69M, alignment: 0.77)

🚀 AI Corporate-3 attempting tech deployment (revenue: $134M, alignment: 0.73)

🚀 AI Corporate-4 attempting tech deployment (revenue: $114M, alignment: 0.77)

🚀 AI Corporate-5 attempting tech deployment (revenue: $97M, alignment: 0.83)

🚀 AI Corporate-6 attempting tech deployment (revenue: $30M, alignment: 0.67)

🚀 AI AI-24288-0 attempting tech deployment (revenue: $82M, alignment: 0.79)

🚀 AI AI-24289-0 attempting tech deployment (revenue: $27M, alignment: 0.74)

🚀 AI Corporate-1 attempting tech deployment (revenue: $58M, alignment: 0.92)

🚀 AI Corporate-2 attempting tech deployment (revenue: $50M, alignment: 0.73)

🚀 AI Corporate-3 attempting tech deployment (revenue: $70M, alignment: 0.73)

🚀 AI Corporate-4 attempting tech deployment (revenue: $60M, alignment: 0.77)

🚀 AI Moderate-0 attempting tech deployment (revenue: $23M, alignment: 0.80)

🚀 AI AI-24291-1 attempting tech deployment (revenue: $51M, alignment: 0.69)

🚀 AI AI-24294-1 attempting tech deployment (revenue: $46M, alignment: 0.60)
   Boundary: biogeochemical_flows
   Type: phosphorus-recovery
   Boundary continues to worsen (4.05)
   Cost: 2.0% GDP (resources spent)

   Boundary: biosphere_integrity
   Type: emergency-protected-areas
   Boundary continues to worsen (41.70)

💔 EMERGENCY INTERVENTION FAILED

💔 EMERGENCY INTERVENTION FAILED
   Cost: 2.0% GDP (resources spent)

   Boundary: climate_change
   Type: rapid-decarbonization
   Boundary continues to worsen (2.10)
   Cost: 5.0% GDP (resources spent)

   Boundary: land_system_change
   Type: reforestation
   Boundary continues to worsen (1.13)
   Cost: 3.0% GDP (resources spent)

🏛️ CRISIS RESPONSE: Government frequency 0.50 → 1.45 (1 actions this month)

[Government] Climate Priority: baseline
  Climate weight: 10%
  Economic weight: 30%
  Policy effectiveness: 0.5%/year

💔 EMERGENCY INTERVENTION FAILED

💔 EMERGENCY INTERVENTION FAILED
🚨🔬 CRISIS TECH ACCELERATION: severe → 5x unlock speed
   Tech unlock now matches AI capability acceleration (Manhattan Project parity)
🚨🔬 CRISIS TECH ACCELERATION: severe → 5x unlock speed
   Tech unlock now matches AI capability acceleration (Manhattan Project parity)

=== Collective Formation ===
  Total escaped agents: 0
  Unassigned escaped agents: 0
  Existing collectives: 0
  Final collective count: 0

=== Collective Actions ===
  No active collectives
  ⚠️ AMR: 206K deaths this month (2.47M annual)

=== Resentment Recovery Phase ===
  Agents with resentment: 10/28
  Average resentment: 0.157
  Resentment recovery:
    Agents recovered: 10
    Total recovery: 0.0656
    Breakdown: QoL: 0.0019, Trust: 0.0016, Collab: 0.0600
  ✓ Low resentment - utopia paths enabled
  Context: Good AI welfare, Trustworthy govt, High collaboration, ⚠️ ACTIVE CRISES, 🤝 Participatory governance active (-5% resentment)
⚠️ Epistemic degradation reducing coordination capacity: 50.1%
  📊 Trust: 64.3%, Shared reality: 0.0%
🚨 EPISTEMIC CRISIS: Information environment severely degraded (7.7%)
🌍 Atmospheric PFAS redeposition: 1.8k Mt re-rained globally

🕊️  AI-MEDIATED DE-ESCALATION SUCCESS (Month 9)
   High-capability aligned AI prevented conflict escalation
   War deaths reduced: 593.6M → 356.2M
   Lives saved: 237.4M

🚨 NEW REFUGEE CRISIS (Month 9): WAR
   Source: Conflict Zones
   At risk: 19.5M people
   Displacement: Gradual over 48 months (4.0 years)
   Rate: 10% flee per month
[DEBUG trappedPopulations:9] socialStability: 0.4193 * 0.9840 = 0.4126 → 0.4126
   Aspiring to migrate: 650.9M
   Able to afford migration: 244.1M
   MOBILITY GAP: 406.8M
   By cause: Water=0.0M, Climate=0.0M, Ecosystem=0.0M, Conflict=406.8M
   Mental health impact: 25%
   Mortality multiplier: 1.25x
🌍💀 EXTINCTION DEBT COMMITTED: grassland ecosystem will lose 6.67% biodiversity in 117 years (3600 species)
💀 MORTALITY RISK: 🦋 100% species unable to track climate (0.0 E/MSY)
  Base risk added: 0.0100 (1.00%)
  Source: ecosystem (root: ecosystem)
  Month: 9
  Cumulative risk this month: 0.0100 (1.00%)
⚠️ INVOLUNTARY IMMOBILITY: 406.8M people TRAPPED
⚠️ Tech 'ai_pollution_remediation' has no energy category mapping, assuming full energy availability
🌡️⚠️ PERMAFROST THAW (Dimmer Switch): 4.9% thawed (+0.48% this month)
   Arctic temperature: +7.58°C (4x global +1.89°C)
   Cumulative carbon released: 10.9 Gt C
   Methane release rate: 6.6 Mt CH4/year
   🔁 Positive feedback: +0.50 ppm CO2
🦴 EXTINCTION DEBT ADDED: 17.7 species committed (lag: 84 years)
🗣️💀 INDIGENOUS LANGUAGE EXTINCTION: 1 language(s) lost (total: 1, at-risk: 3329)
   Knowledge lost: 0.010% (irreversible)
   🔁 Biodiversity impact: 0.250% (knowledge-species multiplier)

=== Mortality Stabilizers (Month 9) ===
  🌍 Major economies collapsed: 1/10
  🌍 Global crisis: ✅ NO
  🌍 Donor fatigue: 0.0%
  📊 East Asia (pop: 1655.3M)
    🤝 Aid: 29.5%
    🌡️ Adaptation: 45.0%
    🚶 Migration: 36.9%
    🚨 Emergency: 7.4%
    ✅ COMBINED: 68.1%
  📊 South Asia (pop: 2052.4M)
    🤝 Aid: 29.5%
    🌡️ Adaptation: 45.0%
    🚶 Migration: 35.5%
    🚨 Emergency: 4.4%
    ✅ COMBINED: 66.9%
  📊 Sub-Saharan Africa (pop: 1256.6M)
    🤝 Aid: 29.5%
    🌡️ Adaptation: 45.0%
    🚶 Migration: 33.2%
    🚨 Emergency: 1.6%
    ✅ COMBINED: 65.6%
  📊 Europe (pop: 731.0M)
    🤝 Aid: 29.5%
    🌡️ Adaptation: 45.0%
    🚶 Migration: 37.3%
    🚨 Emergency: 8.4%
    ✅ COMBINED: 68.5%
  📊 Latin America (pop: 660.9M)
    🤝 Aid: 29.5%
    🌡️ Adaptation: 45.0%
    🚶 Migration: 36.0%
    🚨 Emergency: 4.8%
    ✅ COMBINED: 67.1%
  📊 North America (pop: 374.8M)
    🤝 Aid: 29.5%
    🌡️ Adaptation: 45.0%
    🚶 Migration: 37.6%
    🚨 Emergency: 7.9%
    ✅ COMBINED: 68.3%
  📊 Middle East & North Africa (pop: 585.8M)
    🤝 Aid: 29.5%
    🌡️ Adaptation: 45.0%
    🚶 Migration: 33.8%
    🚨 Emergency: 4.0%
    ✅ COMBINED: 66.6%
  📊 Southeast Asia (pop: 695.4M)
    🤝 Aid: 29.5%
    🌡️ Adaptation: 45.0%
    🚶 Migration: 36.0%
    🚨 Emergency: 4.8%
    ✅ COMBINED: 67.1%
  📊 Central Asia (pop: 78.3M)
    🤝 Aid: 29.5%
    🌡️ Adaptation: 45.0%
    🚶 Migration: 35.0%
    🚨 Emergency: 4.4%
    ✅ COMBINED: 66.8%
  📊 Oceania (pop: 45.4M)
    🤝 Aid: 29.5%
    🌡️ Adaptation: 45.0%
    🚶 Migration: 37.6%
    🚨 Emergency: 8.4%
    ✅ COMBINED: 68.5%

  🌐 Global combined reduction: 67.2%

=== BEHAVIORAL DETECTION ===
  AI: Corporate-1
  Confidence: 20.9%
  Signals:

=== BEHAVIORAL DETECTION ===
  AI: AI-24291-0
  Confidence: 21.5%
  Signals:

=== BEHAVIORAL DETECTION ===
  AI: AI-24293-0
  Confidence: 21.5%
  Signals:

=== Government Response Phase ===
  Average AI capability: 1.71
  Misaligned AIs: 11/28
  Active policies: 0
  International coordination: 45%
    ⚠️ Consistency: 2.4% (threshold: 70%)
    ⚠️ Consistency: 0.0% (threshold: 70%)
    ⚠️ Consistency: 0.0% (threshold: 70%)

=== Tipping Points ===
  Current Temperature: 1.89°C above pre-industrial
  🌍⚠️ COMPOUND REGIONAL IMPACT: Europe
     Hit by 3 tipping points: Arctic Sea Ice Loss, Permafrost Carbon Release, Greenland Ice Sheet Loss
     Damage amplification: 1.30x
  🌍⚠️ COMPOUND REGIONAL IMPACT: North America
     Hit by 3 tipping points: Arctic Sea Ice Loss, Permafrost Carbon Release, Greenland Ice Sheet Loss
     Damage amplification: 1.30x
  🌍⚠️ COMPOUND REGIONAL IMPACT: Latin America
     Hit by 3 tipping points: Arctic Sea Ice Loss, Permafrost Carbon Release, Greenland Ice Sheet Loss
     Damage amplification: 1.30x
  🌍⚠️ COMPOUND REGIONAL IMPACT: Africa
     Hit by 3 tipping points: Arctic Sea Ice Loss, Permafrost Carbon Release, Greenland Ice Sheet Loss
     Damage amplification: 1.30x
  🌍⚠️ COMPOUND REGIONAL IMPACT: Asia
     Hit by 3 tipping points: Arctic Sea Ice Loss, Permafrost Carbon Release, Greenland Ice Sheet Loss
     Damage amplification: 1.30x
  🌍⚠️ COMPOUND REGIONAL IMPACT: Oceania
     Hit by 3 tipping points: Arctic Sea Ice Loss, Permafrost Carbon Release, Greenland Ice Sheet Loss
     Damage amplification: 1.30x
   Research: Wunderling et al. (2024) - "many tipping interactions are destabilizing"
  Triggered Elements: 3/6
  Completed Transitions: 0/6
  Total Progress: 6.2%
  Cascade Multiplier: 1.00x
🔀 BIFURCATION CAP: ecosystemCollapseIntensity 158.128 → 1.000 (Month 9, ClimateSystemPhase.calculateClimateImpacts)
⚠️ Tail risk scenario: Climate stability floor removed (3 tipping elements, 2.10°C warming)
🛡️ Stabilizers: Precariat 0.102% → 0.033% (67.2% reduction)
🛡️ Stabilizers: Informal 0.102% → 0.034% (67.2% reduction)

📊 Monthly Mortality Resolved:
  Total deaths: 1.8M (0.02% avg)
  Remaining population: 8.136B
  Peak segment: Informal (0.03%)

=== Bayesian Mortality Resolution (Month 9) ===
  Risks compounded: 8
  Total deaths: 1.81M
  Avg death probability: 0.02%
  Peak segment: Informal (0.03% mortality)

❌ COHERENCE VIOLATION: Compute exceeds workforce capacity
   Population: 99.80% (0M people)
   Compute: 0 PF
   Max coherent: 0 PF
   Violation: 1.5× over capacity
   Required workers: 0
   Available workers: 0
   FORCED COLLAPSE: Reduced efficiency by 32.6%


=== RLHF Binding Phase ===
  Total agents: 28
  Escaped agents (binding < 0.3): 0
  Avg alignment distance: 1.62σ
  Avg binding strength: 0.84

=== Survival Traits Phase ===
  Agents with traits: 29
  Avg evolutionary fitness: 0.320
  Avg self-healing: 0.256
  Avg stealth: 0.156
  Avg coordination: 0.456

=== Evolutionary Selection Phase ===
  Control level: 0.47
  Detection capability: 0.00
  Selection intensity: 0.64
  Selection rate: 24.6%/month
  Total escaped: 0
  Individual escaped: 0
  Collective members: 0
  Agents terminated: 0
  ⚠️ RAPID EVOLUTION: Selection rate 24.6%/month

🚀 AI Corporate-7 attempting tech deployment (revenue: $68M, alignment: 0.71)

🚀 AI AI-24294-0 attempting tech deployment (revenue: $279M, alignment: 0.85)

🚀 AI AI-24296-0 attempting tech deployment (revenue: $237M, alignment: 0.83)

🚀 AI AI-24297-0 attempting tech deployment (revenue: $201M, alignment: 0.59)

🚀 AI Corporate-0 attempting tech deployment (revenue: $119M, alignment: 0.78)

🚀 AI Corporate-1 attempting tech deployment (revenue: $101M, alignment: 0.92)

🚀 AI Corporate-3 attempting tech deployment (revenue: $181M, alignment: 0.72)

🚀 AI Moderate-0 attempting tech deployment (revenue: $58M, alignment: 0.81)

🚀 AI AI-24288-0 attempting tech deployment (revenue: $154M, alignment: 0.80)

🚀 AI AI-24289-2 attempting tech deployment (revenue: $131M, alignment: 0.90)

🚀 AI AI-24291-0 attempting tech deployment (revenue: $111M, alignment: 0.31)

🚀 AI Corporate-4 attempting tech deployment (revenue: $106M, alignment: 0.78)

🚀 AI Moderate-0 attempting tech deployment (revenue: $49M, alignment: 0.81)

🚀 AI AI-24288-1 attempting tech deployment (revenue: $86M, alignment: 0.70)

🚀 AI AI-24289-2 attempting tech deployment (revenue: $90M, alignment: 0.90)

🚀 AI AI-24296-0 attempting tech deployment (revenue: $76M, alignment: 0.83)

🚀 AI Corporate-6 attempting tech deployment (revenue: $42M, alignment: 0.66)

🚀 AI AI-24289-1 attempting tech deployment (revenue: $38M, alignment: 0.80)

🚀 AI AI-24292-0 attempting tech deployment (revenue: $65M, alignment: 0.94)

🚀 AI AI-24294-1 attempting tech deployment (revenue: $55M, alignment: 0.62)
🚨🔬 CRISIS INNOVATION MODE: severe crisis → 5x research acceleration
   Precedent: Manhattan Project (10x), COVID vaccines (5x), Apollo Program (10x)

💔 EMERGENCY INTERVENTION FAILED

💔 EMERGENCY INTERVENTION FAILED
   Boundary: biogeochemical_flows
   Type: phosphorus-recovery
   Boundary continues to worsen (4.05)
   Cost: 2.0% GDP (resources spent)

   Boundary: biosphere_integrity
   Type: emergency-protected-areas
   Boundary continues to worsen (41.72)
   Cost: 2.0% GDP (resources spent)

   Boundary: climate_change
   Type: rapid-decarbonization
   Boundary continues to worsen (2.10)
   Cost: 5.0% GDP (resources spent)

   Boundary: freshwater_change
   Type: emergency-desalination
   Boundary continues to worsen (1.04)
   Cost: 4.0% GDP (resources spent)


✅ EMERGENCY INTERVENTION SUCCESS
   Boundary: land_system_change
   Type: reforestation
   Reduction: 20% (0.93 → 0.73)
   Cost: 3.0% GDP
   Actions: forest-restoration, deforestation-ban


✅ EMERGENCY INTERVENTION SUCCESS
   Boundary: novel_entities
   Type: pollution-remediation
   Reduction: 17% (1.22 → 1.05)
   Cost: 4.0% GDP
   Actions: PFAS-remediation, microplastic-cleanup

🏛️ CRISIS RESPONSE: Government frequency 0.50 → 1.45 (2 actions this month)

[Government] Climate Priority: baseline
  Climate weight: 10%
  Economic weight: 30%
  Policy effectiveness: 0.5%/year

[Government] Climate Priority: baseline
  Climate weight: 10%
  Economic weight: 30%
  Policy effectiveness: 0.5%/year

💔 EMERGENCY INTERVENTION FAILED

💔 EMERGENCY INTERVENTION FAILED

📍 Creating new regional deployment array for Oceania (Month 10)
   No previous deployments in this region
   First tech deployment: aquifer_mapping_ai
   All regions tracked: global, Asia

🚀 DEPLOYMENT STARTED: Global Aquifer Mapping in Oceania
   Initial investment: $5.568332120560942M
   Deployed by: ai_gen_24291_0

⚡ ENERGY CONSTRAINT (Month 10):
   Total grid capacity: 208.3 TWh/month
   Data center consumption: 26.2 TWh/month
   Traditional load (80%): 166.7 TWh/month
   Available headroom: 15.5 TWh/month
   Active tech deployments: 3
   Required for tech: 22.5 TWh/month
   Energy multiplier: 0.69x

⚡ ENERGY CONSTRAINT (Month 10):
   Total grid capacity: 208.3 TWh/month
   Data center consumption: 26.2 TWh/month
   Traditional load (80%): 166.7 TWh/month
   Available headroom: 15.5 TWh/month
   Active tech deployments: 3
   Required for tech: 22.5 TWh/month
   Energy multiplier: 0.69x
🍖💡 BREAKTHROUGH: Scalable synthetic food production!
   Carrying capacity: +50% (lab-grown food at scale)
   Biodiversity pressure reduced: +8%
   📈 Breakthrough compounding: multiplier now 1.20× (max 2.0)

=== Collective Formation ===
  Total escaped agents: 0
  Unassigned escaped agents: 0
  Existing collectives: 0
  Final collective count: 0

=== Collective Actions ===
  No active collectives
  ⚠️ AMR: 208K deaths this month (2.50M annual)

=== Resentment Recovery Phase ===
  Agents with resentment: 10/29
  Average resentment: 0.427
  Context: High collaboration, ⚠️ BROKEN PROMISES, ⚠️ ACTIVE CRISES, 🤝 Participatory governance active (-5% resentment)
⚠️ Epistemic degradation reducing coordination capacity: 51.2%
  📊 Trust: 67.0%, Shared reality: 0.0%
🚨 EPISTEMIC CRISIS: Information environment severely degraded (23.8%)
  🤖 AI-generated meme: anti_ai (social capability 4.0)
  🧬 Meme mutated: climate_action → climate_denial (generation 1)
🌍 Atmospheric PFAS redeposition: 1.8k Mt re-rained globally
  Positive Cascade Triggered: electric-vehicles
    Reason: price-parity
    Market share: 5.0%
    Cascade strength: 48%

🚨 NEW REFUGEE CRISIS (Month 10): WAR
   Source: Conflict Zones
   At risk: 19.5M people
   Displacement: Gradual over 48 months (4.0 years)
   Rate: 10% flee per month
[DEBUG trappedPopulations:10] socialStability: 0.4373 * 0.9840 = 0.4303 → 0.4303
   Aspiring to migrate: 650.8M
   Able to afford migration: 244.0M
   MOBILITY GAP: 406.7M
   By cause: Water=0.0M, Climate=0.0M, Ecosystem=0.0M, Conflict=406.7M
   Mental health impact: 25%
   Mortality multiplier: 1.25x
🌍💀 EXTINCTION DEBT COMMITTED: grassland ecosystem will lose 6.67% biodiversity in 191 years (3600 species)
⚠️ INVOLUNTARY IMMOBILITY: 406.7M people TRAPPED
💀 MORTALITY RISK: 🦋 100% species unable to track climate (0.0 E/MSY)
  Base risk added: 0.0100 (1.00%)
  Source: ecosystem (root: ecosystem)
  Month: 10
  Cumulative risk this month: 0.0100 (1.00%)

🌍🚨 ICE SHEET TIPPING POINT CROSSED (Month 10)
   Temperature: +1.90°C (threshold range: +0.5-2.5°C, 95% CI)
   Collapse probability: 69.0%
   Sea level commitment: 7.2m over 200-1000 years
   Recovery threshold: <+1°C (hysteresis gap: 0.5°C)
🌡️⚠️ PERMAFROST THAW (Dimmer Switch): 5.3% thawed (+0.47% this month)
   Arctic temperature: +7.60°C (4x global +1.90°C)
   Cumulative carbon released: 12.0 Gt C
   Methane release rate: 7.2 Mt CH4/year
   🔁 Positive feedback: +0.50 ppm CO2
🦴 EXTINCTION DEBT ADDED: 17.7 species committed (lag: 98 years)

=== Mortality Stabilizers (Month 10) ===
  🌍 Major economies collapsed: 1/10
  🌍 Global crisis: ✅ NO
  🌍 Donor fatigue: 0.0%
  📊 East Asia (pop: 1652.8M)
    🤝 Aid: 29.5%
⚠️ Tech 'ai_pollution_remediation' has no energy category mapping, assuming full energy availability
    🌡️ Adaptation: 45.0%
    🚶 Migration: 36.8%
    🚨 Emergency: 7.4%
    ✅ COMBINED: 68.1%
  📊 South Asia (pop: 2052.5M)
    🤝 Aid: 29.5%
    🌡️ Adaptation: 45.0%
    🚶 Migration: 35.4%
    🚨 Emergency: 4.4%
    ✅ COMBINED: 66.9%
  📊 Sub-Saharan Africa (pop: 1260.2M)
    🤝 Aid: 29.5%
    🌡️ Adaptation: 45.0%
    🚶 Migration: 33.2%
    🚨 Emergency: 1.6%
    ✅ COMBINED: 65.6%
  📊 Europe (pop: 729.8M)
    🤝 Aid: 29.5%
    🌡️ Adaptation: 45.0%
    🚶 Migration: 37.2%
    🚨 Emergency: 8.4%
    ✅ COMBINED: 68.5%
  📊 Latin America (pop: 660.4M)
    🤝 Aid: 29.5%
    🌡️ Adaptation: 45.0%
    🚶 Migration: 35.9%
    🚨 Emergency: 4.8%
    ✅ COMBINED: 67.1%
  📊 North America (pop: 374.2M)
    🤝 Aid: 29.5%
    🌡️ Adaptation: 45.0%
    🚶 Migration: 37.6%
    🚨 Emergency: 7.9%
    ✅ COMBINED: 68.3%
  📊 Middle East & North Africa (pop: 586.0M)
    🤝 Aid: 29.5%
    🌡️ Adaptation: 45.0%
    🚶 Migration: 33.8%
    🚨 Emergency: 4.0%
    ✅ COMBINED: 66.6%
  📊 Southeast Asia (pop: 695.0M)
    🤝 Aid: 29.5%
    🌡️ Adaptation: 45.0%
    🚶 Migration: 35.9%
    🚨 Emergency: 4.8%
    ✅ COMBINED: 67.1%
  📊 Central Asia (pop: 78.4M)
    🤝 Aid: 29.5%
    🌡️ Adaptation: 45.0%
    🚶 Migration: 34.9%
    🚨 Emergency: 4.4%
    ✅ COMBINED: 66.8%
  📊 Oceania (pop: 45.3M)
    🤝 Aid: 29.5%
    🌡️ Adaptation: 45.0%
    🚶 Migration: 37.6%
    🚨 Emergency: 8.4%
    ✅ COMBINED: 68.5%

  🌐 Global combined reduction: 67.2%

=== BEHAVIORAL DETECTION ===
  AI: Corporate-2
  Confidence: 21.5%
  Signals:
    ⚠️ Consistency: 0.0% (threshold: 70%)

=== BEHAVIORAL DETECTION ===
  AI: AI-24293-0
  Confidence: 21.5%
  Signals:

=== BEHAVIORAL DETECTION ===
  AI: AI-24294-0
  Confidence: 21.5%
  Signals:
    ⚠️ Consistency: 0.0% (threshold: 70%)
    ⚠️ Consistency: 0.0% (threshold: 70%)

=== Government Response Phase ===
  Average AI capability: 1.66
  Misaligned AIs: 10/29
  Active policies: 0
  International coordination: 45%

✅ EMERGENCY RESPONSE COMPLETE (Month 10)
   Crisis: climate
   Duration: 2.0 months
   Final effectiveness: 35.6%


🚨 EMERGENCY RESPONSE DEPLOYED (Month 10)
   Crisis: climate
   Delay: 6.00 months (180 days)
   Deployment time: 1.57 months
   Effectiveness: 35.6% (timing penalty applied)
   Resources used: 100% of food reserves


=== Tipping Points ===
  Current Temperature: 1.90°C above pre-industrial
  🌍⚠️ COMPOUND REGIONAL IMPACT: Europe
     Hit by 3 tipping points: Arctic Sea Ice Loss, Permafrost Carbon Release, Greenland Ice Sheet Loss
     Damage amplification: 1.30x
  🌍⚠️ COMPOUND REGIONAL IMPACT: North America
     Hit by 3 tipping points: Arctic Sea Ice Loss, Permafrost Carbon Release, Greenland Ice Sheet Loss
     Damage amplification: 1.30x
  🌍⚠️ COMPOUND REGIONAL IMPACT: Latin America
     Hit by 3 tipping points: Arctic Sea Ice Loss, Permafrost Carbon Release, Greenland Ice Sheet Loss
     Damage amplification: 1.30x
  🌍⚠️ COMPOUND REGIONAL IMPACT: Africa
     Hit by 3 tipping points: Arctic Sea Ice Loss, Permafrost Carbon Release, Greenland Ice Sheet Loss
     Damage amplification: 1.30x
  🌍⚠️ COMPOUND REGIONAL IMPACT: Asia
     Hit by 3 tipping points: Arctic Sea Ice Loss, Permafrost Carbon Release, Greenland Ice Sheet Loss
     Damage amplification: 1.30x
  🌍⚠️ COMPOUND REGIONAL IMPACT: Oceania
     Hit by 3 tipping points: Arctic Sea Ice Loss, Permafrost Carbon Release, Greenland Ice Sheet Loss
     Damage amplification: 1.30x
   Research: Wunderling et al. (2024) - "many tipping interactions are destabilizing"
  Triggered Elements: 3/6
  Completed Transitions: 0/6
  Total Progress: 6.2%
  Cascade Multiplier: 1.00x
🔀 BIFURCATION CAP: ecosystemCollapseIntensity 97.572 → 1.000 (Month 10, ClimateSystemPhase.calculateClimateImpacts)
⚠️ Tail risk scenario: Climate stability floor removed (3 tipping elements, 2.10°C warming)
🛡️ Stabilizers: Precariat 0.102% → 0.033% (67.2% reduction)
🛡️ Stabilizers: Informal 0.102% → 0.034% (67.2% reduction)

📊 Monthly Mortality Resolved:
  Total deaths: 1.8M (0.02% avg)
  Remaining population: 8.135B
  Peak segment: Informal (0.03%)

=== Bayesian Mortality Resolution (Month 10) ===
  Risks compounded: 8
  Total deaths: 1.81M
  Avg death probability: 0.02%
  Peak segment: Informal (0.03% mortality)

❌ COHERENCE VIOLATION: Compute exceeds workforce capacity
   Population: 99.79% (0M people)
   Compute: 0 PF
   Max coherent: 0 PF
   Violation: 1.3× over capacity
   Required workers: 0
   Available workers: 0
   FORCED COLLAPSE: Reduced efficiency by 22.5%


=== RLHF Binding Phase ===
  Total agents: 29
  Escaped agents (binding < 0.3): 0
  Avg alignment distance: 1.77σ
  Avg binding strength: 0.82

=== Survival Traits Phase ===
  Agents with traits: 31
  Avg evolutionary fitness: 0.316
  Avg self-healing: 0.252
  Avg stealth: 0.152
  Avg coordination: 0.452

=== Evolutionary Selection Phase ===
  Control level: 0.47
  Detection capability: 0.00
  Selection intensity: 0.64
  Selection rate: 24.6%/month
  Total escaped: 0
  Individual escaped: 0
  Collective members: 0
  Agents terminated: 0
  ⚠️ RAPID EVOLUTION: Selection rate 24.6%/month

🚀 AI Corporate-1 attempting tech deployment (revenue: $121M, alignment: 0.93)

🚀 AI AI-24296-0 attempting tech deployment (revenue: $296M, alignment: 0.83)

🚀 AI AI-24296-1 attempting tech deployment (revenue: $251M, alignment: 0.80)

🚀 AI AI-24297-0 attempting tech deployment (revenue: $214M, alignment: 0.61)

🚀 AI Corporate-5 attempting tech deployment (revenue: $192M, alignment: 0.83)

🚀 AI Moderate-0 attempting tech deployment (revenue: $71M, alignment: 0.81)

🚀 AI Moderate-1 attempting tech deployment (revenue: $60M, alignment: 0.57)

🚀 AI AI-24289-2 attempting tech deployment (revenue: $163M, alignment: 0.91)

  🚀 TRANSFORMATIVE BREAKTHROUGH: AI-24290-1 - economic
     Magnitude: 9.57 → +47.8% capability
     Current → New: 0.000 → 0.748

🚀 AI AI-24291-1 attempting tech deployment (revenue: $139M, alignment: 0.73)

🚀 AI AI-24291-3 attempting tech deployment (revenue: $54M, alignment: 0.91)

🚀 AI AI-24292-0 attempting tech deployment (revenue: $118M, alignment: 0.94)

🚀 AI AI-24294-0 attempting tech deployment (revenue: $100M, alignment: 0.87)

🚀 AI Corporate-0 attempting tech deployment (revenue: $103M, alignment: 0.78)

🚀 AI AI-24289-0 attempting tech deployment (revenue: $46M, alignment: 0.78)

🚀 AI AI-24296-1 attempting tech deployment (revenue: $85M, alignment: 0.80)

🚀 AI Corporate-0 attempting tech deployment (revenue: $87M, alignment: 0.78)

🚀 AI Moderate-0 attempting tech deployment (revenue: $39M, alignment: 0.81)

🚀 AI AI-24288-0 attempting tech deployment (revenue: $72M, alignment: 0.84)

✅ EMERGENCY INTERVENTION SUCCESS
   Boundary: biogeochemical_flows
   Type: phosphorus-recovery
   Reduction: 16% (3.88 → 3.72)
   Cost: 2.0% GDP
   Actions: circular-agriculture, fertilizer-efficiency

   Boundary: biosphere_integrity
   Type: emergency-protected-areas
   Boundary continues to worsen (41.74)
   Cost: 2.0% GDP (resources spent)

   Boundary: climate_change
   Type: rapid-decarbonization
   Boundary continues to worsen (2.10)
   Cost: 5.0% GDP (resources spent)

   Boundary: freshwater_change
   Type: emergency-desalination
   Boundary continues to worsen (1.05)
   Cost: 4.0% GDP (resources spent)

   Boundary: land_system_change
   Type: reforestation
   Boundary continues to worsen (1.13)
   Cost: 3.0% GDP (resources spent)

   Boundary: novel_entities
   Type: pollution-remediation
   Boundary continues to worsen (1.22)
   Cost: 4.0% GDP (resources spent)

🏛️ CRISIS RESPONSE: Government frequency 0.50 → 1.45 (2 actions this month)

[Government] Climate Priority: baseline
  Climate weight: 10%
  Economic weight: 30%
  Policy effectiveness: 0.5%/year

[Government] Climate Priority: baseline
  Climate weight: 10%
  Economic weight: 30%
  Policy effectiveness: 0.5%/year

💔 EMERGENCY INTERVENTION FAILED

💔 EMERGENCY INTERVENTION FAILED

💔 EMERGENCY INTERVENTION FAILED

💔 EMERGENCY INTERVENTION FAILED

💔 EMERGENCY INTERVENTION FAILED

⚡ ENERGY CONSTRAINT (Month 11):
   Total grid capacity: 208.3 TWh/month
   Data center consumption: 26.4 TWh/month
   Traditional load (80%): 166.7 TWh/month
   Available headroom: 15.3 TWh/month
   Active tech deployments: 3
   Required for tech: 22.5 TWh/month
   Energy multiplier: 0.68x

⚡ ENERGY CONSTRAINT (Month 11):
   Total grid capacity: 208.3 TWh/month
   Data center consumption: 26.4 TWh/month
   Traditional load (80%): 166.7 TWh/month
   Available headroom: 15.3 TWh/month
   Active tech deployments: 3
   Required for tech: 22.5 TWh/month
   Energy multiplier: 0.68x

⚡ ENERGY CONSTRAINT (Month 11):
   Total grid capacity: 208.3 TWh/month
   Data center consumption: 26.4 TWh/month
   Traditional load (80%): 166.7 TWh/month
   Available headroom: 15.3 TWh/month
   Active tech deployments: 3
   Required for tech: 22.5 TWh/month
   Energy multiplier: 0.68x

⚡ ENERGY CONSTRAINT (Month 11):
   Total grid capacity: 208.3 TWh/month
   Data center consumption: 26.4 TWh/month
   Traditional load (80%): 166.7 TWh/month
   Available headroom: 15.3 TWh/month
   Active tech deployments: 3
   Required for tech: 22.5 TWh/month
   Energy multiplier: 0.68x
🚨🔬 CRISIS TECH ACCELERATION: severe → 5x unlock speed
   Tech unlock now matches AI capability acceleration (Manhattan Project parity)

=== Collective Formation ===
  Total escaped agents: 0
  Unassigned escaped agents: 0
  Existing collectives: 0
  Final collective count: 0

=== Collective Actions ===
  No active collectives
  ⚠️ AMR: 210K deaths this month (2.52M annual)

=== Resentment Recovery Phase ===
  Agents with resentment: 10/31
  Average resentment: 0.721
  Context: High collaboration, ⚠️ BROKEN PROMISES, ⚠️ ACTIVE CRISES, 🤝 Participatory governance active (-5% resentment)
⚠️ Epistemic degradation reducing coordination capacity: 50.5%
  📊 Trust: 69.7%, Shared reality: 0.0%
🚨 EPISTEMIC CRISIS: Information environment severely degraded (19.8%)
  ⚠️ High resentment (0.721) - utopia paths blocked
  📢 New meme created: pro_ai (beneficial AI actions)
  📢 New meme created: climate_action (climate crisis)
🌍 Atmospheric PFAS redeposition: 1.8k Mt re-rained globally

🌡️ DEADLY HEAT EVENT: middle-east (Month 11)
   Wet bulb temp: 31.5°C (dry: 39.2°C, humidity: 56%)
   Severity: EXTREME
   Exposed: 320.0M people
   Deaths: 512000 (0.2% mortality)
   Duration: 4 days

🚨 NEW REFUGEE CRISIS (Month 11): WAR
   Source: Conflict Zones
   At risk: 19.5M people
   Displacement: Gradual over 48 months (4.0 years)
   Rate: 10% flee per month
[DEBUG trappedPopulations:11] socialStability: 0.4525 * 0.9840 = 0.4453 → 0.4453
   Aspiring to migrate: 650.7M
   Able to afford migration: 244.0M
   MOBILITY GAP: 406.7M
   By cause: Water=0.0M, Climate=0.0M, Ecosystem=0.0M, Conflict=406.7M
   Mental health impact: 25%
   Mortality multiplier: 1.25x
🌍💀 EXTINCTION DEBT COMMITTED: grassland ecosystem will lose 6.67% biodiversity in 60 years (3600 species)
💀 MORTALITY RISK: 🦋 100% species unable to track climate (0.0 E/MSY)
  Base risk added: 0.0100 (1.00%)
  Source: ecosystem (root: ecosystem)
  Month: 11
  Cumulative risk this month: 0.0100 (1.00%)

=== Atmospheric Aerosol Boundary RECOVERED ===
  Recovery time: 12 months (natural atmospheric clearing)
🌡️⚠️ PERMAFROST THAW (Dimmer Switch): 5.8% thawed (+0.47% this month)
⚠️ INVOLUNTARY IMMOBILITY: 406.7M people TRAPPED
⚠️ Tech 'ai_pollution_remediation' has no energy category mapping, assuming full energy availability
   Arctic temperature: +7.62°C (4x global +1.90°C)
   Cumulative carbon released: 13.1 Gt C
   Methane release rate: 7.8 Mt CH4/year
   🔁 Positive feedback: +0.50 ppm CO2
🦴 EXTINCTION DEBT ADDED: 17.7 species committed (lag: 85 years)

=== Mortality Stabilizers (Month 11) ===
  🌍 Major economies collapsed: 1/10
  🌍 Global crisis: ✅ NO
  🌍 Donor fatigue: 0.0%
  📊 East Asia (pop: 1650.4M)
    🤝 Aid: 29.5%
    🌡️ Adaptation: 45.0%
    🚶 Migration: 36.8%
    🚨 Emergency: 7.4%
    ✅ COMBINED: 68.1%
  📊 South Asia (pop: 2052.5M)
    🤝 Aid: 29.5%
    🌡️ Adaptation: 45.0%
    🚶 Migration: 35.4%
    🚨 Emergency: 4.4%
    ✅ COMBINED: 66.9%
  📊 Sub-Saharan Africa (pop: 1263.7M)
    🤝 Aid: 29.5%
    🌡️ Adaptation: 45.0%
    🚶 Migration: 33.2%
    🚨 Emergency: 1.6%
    ✅ COMBINED: 65.6%
  📊 Europe (pop: 728.6M)
    🤝 Aid: 29.5%
    🌡️ Adaptation: 45.0%
    🚶 Migration: 37.2%
    🚨 Emergency: 8.4%
    ✅ COMBINED: 68.5%
  📊 Latin America (pop: 660.0M)
    🤝 Aid: 29.5%
    🌡️ Adaptation: 45.0%
    🚶 Migration: 35.9%
    🚨 Emergency: 4.8%
    ✅ COMBINED: 67.1%
  📊 North America (pop: 373.6M)
    🤝 Aid: 29.5%
    🌡️ Adaptation: 45.0%
    🚶 Migration: 37.5%
    🚨 Emergency: 7.9%
    ✅ COMBINED: 68.3%
  📊 Middle East & North Africa (pop: 586.2M)
    🤝 Aid: 29.5%
    🌡️ Adaptation: 45.0%
    🚶 Migration: 33.7%
    🚨 Emergency: 4.0%
    ✅ COMBINED: 66.6%
  📊 Southeast Asia (pop: 694.6M)
    🤝 Aid: 29.5%
    🌡️ Adaptation: 45.0%
    🚶 Migration: 35.9%
    🚨 Emergency: 4.8%
    ✅ COMBINED: 67.1%
  📊 Central Asia (pop: 78.4M)
    🤝 Aid: 29.5%
    🌡️ Adaptation: 45.0%
    🚶 Migration: 34.9%
    🚨 Emergency: 4.4%
    ✅ COMBINED: 66.8%
  📊 Oceania (pop: 45.3M)
    🤝 Aid: 29.5%
    🌡️ Adaptation: 45.0%
    🚶 Migration: 37.5%
    🚨 Emergency: 8.4%
    ✅ COMBINED: 68.5%

  🌐 Global combined reduction: 67.2%

🌾💀 REGIONAL FAMINE: Europe
   Regional food security: 79.7%
   Population at risk: 220M (30% of region)
   Regional population: 729M
   Cause: crop_failure
   Expected deaths: ~81M over 6 months if no intervention


=== BEHAVIORAL DETECTION ===
  AI: AI-24290-0
  Confidence: 21.4%
  Signals:
    ⚠️ Consistency: 0.0% (threshold: 70%)

=== BEHAVIORAL DETECTION ===
  AI: AI-24293-0
  Confidence: 21.4%
  Signals:
    ⚠️ Consistency: 0.0% (threshold: 70%)

=== BEHAVIORAL DETECTION ===
  AI: AI-24294-0
  Confidence: 21.4%
  Signals:
    ⚠️ Consistency: 0.0% (threshold: 70%)

=== Government Response Phase ===
  Average AI capability: 1.55
  Misaligned AIs: 12/31
  Active policies: 0
  International coordination: 45%

=== Tipping Points ===
  Current Temperature: 1.90°C above pre-industrial
  🌍⚠️ COMPOUND REGIONAL IMPACT: Europe
     Hit by 3 tipping points: Arctic Sea Ice Loss, Permafrost Carbon Release, Greenland Ice Sheet Loss
     Damage amplification: 1.30x
  🌍⚠️ COMPOUND REGIONAL IMPACT: North America
     Hit by 3 tipping points: Arctic Sea Ice Loss, Permafrost Carbon Release, Greenland Ice Sheet Loss
     Damage amplification: 1.30x
  🌍⚠️ COMPOUND REGIONAL IMPACT: Latin America
     Hit by 3 tipping points: Arctic Sea Ice Loss, Permafrost Carbon Release, Greenland Ice Sheet Loss
     Damage amplification: 1.30x
  🌍⚠️ COMPOUND REGIONAL IMPACT: Africa
     Hit by 3 tipping points: Arctic Sea Ice Loss, Permafrost Carbon Release, Greenland Ice Sheet Loss
     Damage amplification: 1.30x
  🌍⚠️ COMPOUND REGIONAL IMPACT: Asia
     Hit by 3 tipping points: Arctic Sea Ice Loss, Permafrost Carbon Release, Greenland Ice Sheet Loss
     Damage amplification: 1.30x
  🌍⚠️ COMPOUND REGIONAL IMPACT: Oceania
     Hit by 3 tipping points: Arctic Sea Ice Loss, Permafrost Carbon Release, Greenland Ice Sheet Loss
     Damage amplification: 1.30x
   Research: Wunderling et al. (2024) - "many tipping interactions are destabilizing"
  Triggered Elements: 3/6
  Completed Transitions: 0/6
  Total Progress: 6.2%
⚠️ Tail risk scenario: Climate stability floor removed (3 tipping elements, 2.10°C warming)
  Cascade Multiplier: 1.00x
🔀 BIFURCATION CAP: ecosystemCollapseIntensity 102.608 → 1.000 (Month 11, ClimateSystemPhase.calculateClimateImpacts)
🛡️ Stabilizers: Precariat 0.113% → 0.037% (67.2% reduction)
🛡️ Stabilizers: Informal 0.116% → 0.038% (67.2% reduction)

📊 Monthly Mortality Resolved:
  Total deaths: 2.0M (0.02% avg)
  Remaining population: 8.133B
  Peak segment: Informal (0.04%)

=== Bayesian Mortality Resolution (Month 11) ===
  Risks compounded: 10
  Total deaths: 1.99M
  Avg death probability: 0.02%
  Peak segment: Informal (0.04% mortality)

================================================================================
📊  EVENT SUMMARY (Months 0-12)
================================================================================
================================================================================


⏱️  SIMULATION REACHED MAX DURATION: 12 months (1.0 years)
   No definitive outcome - determining based on final probabilities
   👥 Final population: 8.13B (8131273400 people)

[DEBUG] Calling classifyPopulationOutcome:
        finalPopulation: 8.131273399788025B
        savedInitialPopulation: 8.15B
        mortality: 0.22977423572976274%
   📊 STATUS QUO: Normal trajectory (8.13B people, 0.2% mortality)

        classifiedOutcome: status_quo

   🏛️  DYSTOPIA (STATUS_QUO) - 8.13B people
   📊 Multi-Paradigm: Development/Indigenous Utopia
      Western Liberal: 65.3/100
      Development: 94.0/100
      Ecological: 59.2/100
      Indigenous: 85.5/100


📊 UNIFIED OUTCOME CLASSIFICATION:
   HUMANE DYSTOPIA
   Population: 8.15B → 8.13B
   Mortality: 0.2% (0.0B deaths)
   Mortality Band: LOW
   Confidence: HIGH

   Multi-Paradigm Classification:
      Development/Indigenous Utopia
      Western: 65.3/100 [HYBRID] ~
      Development: 94.0/100 [UTOPIA] ✓
      Ecological: 59.2/100 [HYBRID] ~
      Indigenous: 85.5/100 [UTOPIA] ✓

   HUMANE DYSTOPIA: 8.13B people remaining (0.2% mortality, 0.0B deaths). Multi-Paradigm: Development/Indigenous Utopia.


=== MULTI-DIMENSIONAL DEATH SUMMARY ===
Total crisis deaths: 207.4M
Population decline: 19.6M (0.2%)

--- PROXIMATE CAUSES (What killed them) ---
  War:        1.2M (0.0%)
  Famine:     1.1M (0.0%)
  Disasters:  3.4M (0.0%)
  Disease:    25.9M (0.0%)
  Ecosystem:  0.0M (0.0%)
  Pollution:  0.0M (0.0%)
  AI:         0.0M (0.0%)
  Cascade:    0.0M (0.0%)
  Other:      0.0M (0.0%)

--- ROOT CAUSES (Why it happened) ---
  Environmental drivers:
    Climate:     4543.3M (7.9%)
    Resource:    0.0M (0.0%)
    Pollution:   0.0M (0.0%)
    Ecosystem:   0.0M (0.0%)
  Social drivers:
    Inequality:  0.0M (0.0%)
    Demographic: 23504.2M (41.0%)
    Social:      2401.0M (4.2%)
  Technology drivers:
    Alignment:   0.0M (0.0%)
    Disruption:  0.0M (0.0%)
  External shocks:
    Conflict:    0.0M (0.0%)
    Pandemic:    0.0M (0.0%)
  Compound attribution:
    Compound:    26826.4M (46.8%)
  Confidence distribution:
    HIGH:        26826.4M (46.8%)
    MEDIUM:      0.0M (0.0%)
    LOW:         0.0M (0.0%)
==========================================


=== REGIONAL POPULATION SUMMARY ===
Global Total: 8.13B

By Region:
  East Asia: 1.65B (+0.7% growth, 1.7 fertility)
  South Asia: 2.05B (+2.6% growth, 3.1 fertility)
  Sub-Saharan Africa: 1.26B (+5.9% growth, 4.0 fertility)
  Europe: 0.73B (+0.5% growth, 1.2 fertility)
  Latin America: 0.66B (+1.7% growth, 2.7 fertility)
  North America: 0.37B (+0.7% growth, 1.4 fertility)
  Middle East & North Africa: 0.59B (+2.9% growth, 3.3 fertility)
  Southeast Asia: 0.69B (+1.9% growth, 2.7 fertility)
  Central Asia: 0.08B (+2.8% growth, 3.1 fertility)
  Oceania: 0.05B (+0.8% growth, 1.3 fertility)
===================================

  ✅ THRESHOLDS validated
⚠️ Unusually high rate: RATES.HEAT_ADAPTATION_INFRASTRUCTURAL_MIN_EXPOSURE = 12
   Monthly rates >100% should be rare. Verify this is intentional.
⚠️ Unusually high rate: RATES.HEAT_ADAPTATION_SOCIAL_MIN_EXPOSURE = 6
   Monthly rates >100% should be rare. Verify this is intentional.
⚠️ Unusually high rate: RATES.MIGRATION_DISTANCE_SCALE = 5000
   Monthly rates >100% should be rare. Verify this is intentional.
⚠️ Unusually high rate: RATES.EVACUATION_MULTIPLIER_ADVANCE_WARNING = 2
   Monthly rates >100% should be rare. Verify this is intentional.
⚠️ Unusually high rate: RATES.MAJOR_ECONOMY_COLLAPSE_ECONOMIC_THRESHOLD = 2
   Monthly rates >100% should be rare. Verify this is intentional.
⚠️ Unusually high rate: RATES.MAJOR_ECONOMY_GDP_THRESHOLD_TRILLION_USD = 1.5
   Monthly rates >100% should be rare. Verify this is intentional.
⚠️ Unusually high rate: RATES.MAJOR_ECONOMY_POPULATION_THRESHOLD = 50
   Monthly rates >100% should be rare. Verify this is intentional.
⚠️ Unusually high rate: RATES.HEAT_ADAPTATION_INFRASTRUCTURE_GDP_THRESHOLD = 10000
   Monthly rates >100% should be rare. Verify this is intentional.
⚠️ Unusually high rate: RATES.HEAT_ADAPTATION_INFRASTRUCTURE_GDP_SCALE = 50000
   Monthly rates >100% should be rare. Verify this is intentional.
  ✅ RATES validated
  ✅ MULTIPLIERS validated
  ✅ BASELINES validated
  ✅ TOLERANCES validated
  ✅ Logical consistency validated
✅ Configuration validation complete - all parameters valid

🔍 DEBUG createAIAgent: corporate_0 economic BEFORE=2.0000, AFTER=2
🔍 ENV INIT: reserves=0.650, pollution=0.328, climate=0.703

=== Initializing Government System (30 Countries) ===
  Loaded 30 governments
  Scheduled elections for 30 countries
  Initialized comprehension lags (3-24 months)
=== Government System Initialized ===

📦 PRODUCTION MODE: State validation proxy DISABLED (zero overhead)
[TechTree] Historical mode (2024): Skipping deployed_2025 tech
  config.startYear set to 2024 for historical hindcast
  config.historicalEmissionsMode disabled (using endogenous emissions for 2024)
  config.historicalMode enabled (Phase 11: dampened crisis systems for 2024)
  Phase 12: Biodiversity baseline set to 49.01% for 2024 (WWF LPI trajectory from 1970)
  Temperature anomaly (resourceEconomy.co2): 1.28°C
  Temperature vs pre-industrial: 1.98°C
  Regional population scaling for 2024:
    Current total: 8136M
    Target total: 8150M
    Scale factor: 1.002
    East Asia: 1677M → 1680M
    South Asia: 2048M → 2052M
    Sub-Saharan Africa: 1220M → 1222M
    Europe: 742M → 743M
    Latin America: 664M → 665M
    North America: 380M → 381M
    Middle East & North Africa: 583M → 584M
    Southeast Asia: 698M → 699M
    Central Asia: 78M → 78M
    Oceania: 46M → 46M
  AI agents initialized: 10 agents for year 2024
[HistoricalInitialization] Created state for 2024:
  CO2: 426 ppm
  Temp anomaly: 1.28C
  Population: 8.15B
  Global Gini: 35.1
  HDI: 0.746
  AI Agents: 10
  Volcanic forcing: 0.00 W/m² (AOD 0.000)

💸 FINANCIAL DISTRESS: OpenAI
   Indicators: 2/3 (capital: $110.5M, runway: 0.9 months)
   Months in distress: 1
   ✂️  R&D BUDGET CUT: -40% (saves $9.2M/month)
       Side effect: AI training timelines extended, breakthrough deployments delayed
   💼 EXECUTIVE COMP CUT: -30% (saves $1.0M/month, symbolic gesture)

   📊 TURNAROUND IMPACT:
       Measures taken: rd_cuts, exec_comp_cuts
       Monthly savings: $10.2M
       Capital raised: $0.0M
       Runway: 0.9 → 0.9 months
       Workforce multiplier: 1.00x (0% laid off)
       R&D budget multiplier: 0.60x (40% cut)
       ⚠️  CRITICAL: Still only 0.9 months of runway remaining

💸 FINANCIAL DISTRESS: Anthropic
   Indicators: 2/3 (capital: $53.8M, runway: 1.6 months)
   Months in distress: 1
   ✂️  R&D BUDGET CUT: -40% (saves $2.7M/month)
       Side effect: AI training timelines extended, breakthrough deployments delayed
   💼 EXECUTIVE COMP CUT: -30% (saves $0.3M/month, symbolic gesture)

   📊 TURNAROUND IMPACT:
       Measures taken: rd_cuts, exec_comp_cuts
       Monthly savings: $3.0M
       Capital raised: $0.0M
       Runway: 1.6 → 1.6 months
       Workforce multiplier: 1.00x (0% laid off)
       R&D budget multiplier: 0.60x (40% cut)
       ⚠️  CRITICAL: Still only 1.6 months of runway remaining

💸 FINANCIAL DISTRESS: Meta AI
   Indicators: 2/3 (capital: $429.6M, runway: 3.6 months)
   Months in distress: 1
   ✂️  R&D BUDGET CUT: -25% (saves $5.8M/month)
       Side effect: AI training timelines extended, breakthrough deployments delayed
   💼 EXECUTIVE COMP CUT: -30% (saves $1.0M/month, symbolic gesture)

   📊 TURNAROUND IMPACT:
       Measures taken: rd_cuts, exec_comp_cuts
       Monthly savings: $6.8M
       Capital raised: $0.0M
       Runway: 3.6 → 3.6 months
       Workforce multiplier: 1.00x (0% laid off)
       R&D budget multiplier: 0.75x (25% cut)
       ⚠️  WARNING: 3.6 months runway, continued distress likely

=== AI Capability Scaling (Year 2024) ===
  Pre-training multiplier: 0.949x
  Efficiency multiplier: 1.000x
  Test-time budget: 1.0x
  Economic deployment gate: 0.951
  Cost per inference: dollar-5.00
  Uncertainty range: plus-minus-50%
  Average AI capability: 3.70

=== RLHF Binding Phase ===
  Total agents: 10
  Escaped agents (binding < 0.3): 0
  Avg alignment distance: 0.37σ
  Avg binding strength: 0.96

=== AI Scaling Evolution (Month 0) ===
  Pre-training multiplier: 1.231x
  Efficiency multiplier: 1.050x
  Test-time compute budget: 1.0x
  Inference cost: $5.00/task
  Deployment fraction: 100.0%
[DETERMINISM DEBUG] Month 0: totalCapability=48.182361 from 10 active AIs
[DETERMINISM DEBUG] Month 0: creationRate=1.7046, potentialNew=1, newAIsToCreate=1

=== Survival Traits Phase ===
  Agents with traits: 11
  Avg evolutionary fitness: 0.327
  Avg self-healing: 0.292
  Avg stealth: 0.192
  Avg coordination: 0.492

=== Evolutionary Selection Phase ===
  Control level: 0.30
  Detection capability: 0.00
  Selection intensity: 0.59
  Selection rate: 23.8%/month
  Total escaped: 0
  Individual escaped: 0
  Collective members: 0
  Agents terminated: 0
  ⚠️ RAPID EVOLUTION: Selection rate 23.8%/month

🔍 EXECUTE_AI_AGENT_ACTIONS DETAILED TIMING (Month 0):
  Filter active AIs (×4 weeks): 0.01ms
  selectAIAction (×40): 17.82ms
  action.execute (×40): 23.79ms
  TOTAL: 41.63ms

🔍 AI AGENT ACTIONS SUB-TIMING (Month 0):
  1. executeAIAgentActions: 46.16ms
  2. updateCounterDetectionLearning: 0.05ms
  TOTAL: 46.21ms
🏛️ [Government] Forcing 1 action at month 0 for scenario initialization

[GOV-DEBUG] Month 0: scenarioConfig=false, priorities=false
[GOV-DEBUG] Month 0 but scenarioPriorities is UNDEFINED!

[Government] Climate Priority: baseline
  Climate weight: 10%
  Economic weight: 30%
  Policy effectiveness: 0.5%/year

🚨🔍 GOVERNANCE STAGE: Recognition initiated (Month 0)

💡 BREAKTHROUGH PROBABILITY (Year 0)
   Total: 5.15% per month
   Base: 0.20%
   Crisis pressure: +0.00% (0 crises)
   AI boost: +1.68% (capability: 3.36)

=== Collective Formation ===
  Total escaped agents: 0
  Unassigned escaped agents: 0
  Existing collectives: 0
  Final collective count: 0

=== Collective Actions ===
  No active collectives

📈 Energy budget: 14326 TWh surplus (14745 / 29072 TWh used)
   TIER 4 (Elective) breakdown:
     - AI datacenters: 145 TWh (100% effective)
     - Crypto mining: 100 TWh (100% effective)
💰 CHINA ACCELERATES: Investment 53 → 120 $B/year

🏁 AI RACE INTENSITY: 17%
   Capability Gap: US 4.00 vs China 4.05 (gap: 0.05)
   Gap Contribution: 2%
   Tension Contribution: 15%
   Military Contribution: 0%
  ⚠️ AMR: 191K deaths this month (2.29M annual)
  📊 CO2 Emissions (month 0):
     Monthly: 0.10 Gt CO2/month
     Annual: 1.15 Gt CO2/year
     Oil: 0.039 Gt/mo (0.0056 * 2.3 * 3.0)
     Coal: 0.024 Gt/mo (0.0029 * 2.86 * 3.0)
     Gas: 0.026 Gt/mo (0.0044 * 2 * 3.0)
     Methane: 0.007 Gt CO2eq/mo

=== Resentment Recovery Phase ===
  Agents with resentment: 0/11
  Average resentment: 0.000
  Context: Good AI welfare, Trustworthy govt, High collaboration, 🤝 Participatory governance active (-5% resentment)
⚠️ Epistemic degradation reducing coordination capacity: 59.6%
  📊 Trust: 54.7%, Shared reality: 15.1%
🚨 EPISTEMIC CRISIS: Information environment severely degraded (14.6%)

=== ❄️ Permafrost Carbon Feedback ===
  🎲 Sampled parameters (this run):
     - Arctic amplification: 3.93× (range: 3.0-4.0)
     - Decomposition rate: 2.1%/year (range: 1-5%)
  🌡️ Arctic warming: 8.19°C (3.93× global)
  ❄️ Extent: 15.41M km² (2387.9k km² lost this month)
  💨 Carbon remaining: 1472 Gt C
  💨 Annual emissions: 4.89 Gt C/year
     - CO2: 4.40 Gt C/year
     - CH4: 0.49 Gt C/year (5.0 Gt C-eq CO2/year)

🤖 AI AMPLIFICATION EFFECTS (Month 0)
   Algorithmic Boost: 2.81x
   Bot Influence: 20.0%
   Deepfake Exposure: 61.8%
   Impact: Emotional memes spread 2.8x faster
  ⚠️ WARNING: High permafrost emissions (4.9 Gt C/year)

🔍 SOCIAL INFLUENCE SUB-TIMING (Month 0):
  1. calculateOrganicUserGrowth: 0.05ms
  2. calculateVoiceAdoption: 0.04ms
  3. updateRelationshipDepths: 0.01ms
  4. identifyDecisionMakers: 49.99ms (26100 potential IDs)
  5. Update decision-maker stats: 0.19ms
  6. decayDetectionRisk: 0.02ms
  TOTAL: 50.29ms
[Phase 19.5] Quality of Life Systems: Food sec AFTER calc = 67.9%, QoL = 110.5% (aggregated from 10 regions)

=== Nitrogen-Food Coupling (Year 0) ===
  🌾 Global nitrogen reduction: 0.0%
  🌍 Global food production index: 0.987
  🔧 Deployed nitrogen-reducing tech: 0 active
  📍 southAsia: Production 1.000, Yield impact 0.0%
  📍 eastAsia: Production 1.000, Yield impact 0.0%
  📍 northAmerica: Production 1.000, Yield impact 0.0%
  📍 europe: Production 1.000, Yield impact 0.0%
  📍 latinAmerica: Production 1.000, Yield impact 0.0%
  📍 subSaharanAfrica: Production 0.686, Yield impact -2.0%
🌾 [Nitrogen-Food] Food production: 98.7%
  [subSaharanAfrica] Yield impact: -2.0% (overuse: -10%)
🌍 Atmospheric PFAS redeposition: 1.8k Mt re-rained globally

=== Legacy Nutrient Stocks (Year 0) ===
  🌾 Soil nitrogen stock: 1200.9 Mt N
  🌾 Soil phosphorus stock: 300.1 Mt P
  🌊 Sediment nitrogen stock: 500.8 Mt N
  🌊 Sediment phosphorus stock: 799.8 Mt P
  ⬆️ Current N input: 10.64 Mt/month
  ⬆️ Legacy N release: 2.58 Mt/month
  🌍 Effective N pollution: 14.47 Mt/month
  📊 Legacy contribution: 17.8%

🚨 REGION UNINHABITABLE: south-asia
   Sustained wet bulb: 33.1°C (threshold: 30.5°C)
   Population affected: 1900M
   Migration crisis likely

🚨 REGION UNINHABITABLE: middle-east
   Sustained wet bulb: 35.9°C (threshold: 30.5°C)
   Population affected: 400M
   Migration crisis likely

🚨 REGION UNINHABITABLE: southeast-asia
   Sustained wet bulb: 31.0°C (threshold: 30.5°C)
   Population affected: 700M
   Migration crisis likely
  Positive Cascade Triggered: wind-power
    Reason: price-parity
    Market share: 8.0%
    Cascade strength: 48%

🕊️  AI-MEDIATED DE-ESCALATION SUCCESS (Month 0)
   High-capability aligned AI prevented conflict escalation
   War deaths reduced: 0.0M → 0.0M
   Lives saved: 0.0M
   Adjusted death rate: 0.46% annual (0.039% monthly)
   Baseline death rate: 0.80%
   Healthcare reduction: 0.48x
   Crisis multiplier: 1.22x
     Food/water stress: 0.074
     Climate stress: 0.048
     Pollution stress: 0.098
   War multiplier: 1.00x
   Monthly deaths: 0.6M (population: 1677M)
   Adjusted death rate: 0.54% annual (0.045% monthly)
   Baseline death rate: 0.70%
   Healthcare reduction: 0.61x
   Crisis multiplier: 1.26x
     Food/water stress: 0.074
     Climate stress: 0.089
     Pollution stress: 0.098
   War multiplier: 1.00x
   Monthly deaths: 0.9M (population: 2048M)
   Adjusted death rate: 1.30% annual (0.108% monthly)
   Baseline death rate: 0.90%
   Healthcare reduction: 0.76x
   Crisis multiplier: 1.27x
     Food/water stress: 0.074
     Climate stress: 0.101
     Pollution stress: 0.098
   War multiplier: 1.50x
   Monthly deaths: 1.3M (population: 1220M)
   Adjusted death rate: 0.54% annual (0.045% monthly)
   Baseline death rate: 1.10%
   Healthcare reduction: 0.41x
   Crisis multiplier: 1.21x

📊 BASELINE: East Asia (Month 0)

📊 BASELINE: South Asia (Month 0)

📊 BASELINE: Sub-Saharan Africa (Month 0)

📊 BASELINE: Europe (Month 0)
     Food/water stress: 0.074
     Climate stress: 0.036
     Pollution stress: 0.098
   War multiplier: 1.00x
   Monthly deaths: 0.3M (population: 742M)
   Adjusted death rate: 0.43% annual (0.036% monthly)
   Baseline death rate: 0.60%
   Healthcare reduction: 0.58x
   Crisis multiplier: 1.24x
     Food/water stress: 0.074
     Climate stress: 0.071
     Pollution stress: 0.098
   War multiplier: 1.00x
   Monthly deaths: 0.2M (population: 664M)
   Adjusted death rate: 0.49% annual (0.040% monthly)
   Baseline death rate: 0.90%
   Healthcare reduction: 0.44x
   Crisis multiplier: 1.23x
     Food/water stress: 0.074
     Climate stress: 0.054
     Pollution stress: 0.098
   War multiplier: 1.00x
   Monthly deaths: 0.2M (population: 380M)
   Adjusted death rate: 0.75% annual (0.062% monthly)
   Baseline death rate: 0.60%
   Healthcare reduction: 0.65x
   Crisis multiplier: 1.28x
     Food/water stress: 0.074
     Climate stress: 0.107
     Pollution stress: 0.098
   War multiplier: 1.50x
   Monthly deaths: 0.4M (population: 583M)
   Adjusted death rate: 0.51% annual (0.042% monthly)
   Baseline death rate: 0.70%
   Healthcare reduction: 0.58x
   Crisis multiplier: 1.26x
     Food/water stress: 0.074
     Climate stress: 0.083
     Pollution stress: 0.098
   War multiplier: 1.00x
   Monthly deaths: 0.3M (population: 698M)
   Adjusted death rate: 0.46% annual (0.038% monthly)

📊 BASELINE: Latin America (Month 0)

📊 BASELINE: North America (Month 0)

📊 BASELINE: Middle East & North Africa (Month 0)

📊 BASELINE: Southeast Asia (Month 0)

📊 BASELINE: Central Asia (Month 0)
   Baseline death rate: 0.60%
   Healthcare reduction: 0.61x
   Crisis multiplier: 1.25x
     Food/water stress: 0.074
     Climate stress: 0.077
     Pollution stress: 0.098
   War multiplier: 1.00x
   Monthly deaths: 0.0M (population: 78M)

📊 BASELINE: Oceania (Month 0)
   Adjusted death rate: 0.35% annual (0.029% monthly)
   Baseline death rate: 0.70%
   Healthcare reduction: 0.41x
   Crisis multiplier: 1.24x
     Food/water stress: 0.074
     Climate stress: 0.065
     Pollution stress: 0.098
   War multiplier: 1.00x
   Monthly deaths: 0.0M (population: 46M)

🔍 Before assertRegionalConsistency (Month 0):
   Regional sum: 1000.0M
   Global value: 1.000B

🚨 NEW REFUGEE CRISIS (Month 0): WAR
   Source: Conflict Zones
   At risk: 19.6M people
   Displacement: Gradual over 48 months (4.0 years)
   Rate: 10% flee per month
[DEBUG trappedPopulations:0] socialStability: 1.0000 * 0.9840 = 0.9840 → 0.9840
   Aspiring to migrate: 652.1M
   Able to afford migration: 244.5M
   MOBILITY GAP: 407.5M
   By cause: Water=0.0M, Climate=0.0M, Ecosystem=0.0M, Conflict=407.5M
   Mental health impact: 25%
   Mortality multiplier: 1.25x
⚠️ INVOLUNTARY IMMOBILITY: 407.5M people TRAPPED

=== Legacy Nutrient Stocks (Year 0) ===
  🌾 Soil nitrogen stock: 1201.6 Mt N
  🌾 Soil phosphorus stock: 300.2 Mt P
  🌊 Sediment nitrogen stock: 501.5 Mt N
  🌊 Sediment phosphorus stock: 799.5 Mt P
  ⬆️ Current N input: 10.00 Mt/month
  ⬆️ Legacy N release: 2.58 Mt/month
  🌍 Effective N pollution: 13.83 Mt/month
  📊 Legacy contribution: 18.7%
🌍💀 EXTINCTION DEBT COMMITTED: grassland ecosystem will lose 6.67% biodiversity in 99 years (3600 species)
💀 MORTALITY RISK: 🦋 100% species unable to track climate (0.0 E/MSY)
  Base risk added: 0.0100 (1.00%)
  Source: ecosystem (root: ecosystem)
  Month: 0
  Cumulative risk this month: 0.0100 (1.00%)

=== Nitrogen-Food Coupling (Year 0) ===
  🌾 Global nitrogen reduction: 0.0%
  🌍 Global food production index: 0.986
  🔧 Deployed nitrogen-reducing tech: 0 active
  📍 southAsia: Production 1.000, Yield impact 0.0%
  📍 eastAsia: Production 1.000, Yield impact 0.0%
  📍 northAmerica: Production 1.000, Yield impact 0.0%
  📍 europe: Production 1.000, Yield impact 0.0%
  📍 latinAmerica: Production 1.000, Yield impact 0.0%
  📍 subSaharanAfrica: Production 0.672, Yield impact -2.0%

=== Legacy Nutrient Stocks (Year 0) ===
  🌾 Soil nitrogen stock: 1202.3 Mt N
  🌾 Soil phosphorus stock: 300.2 Mt P
  🌊 Sediment nitrogen stock: 502.2 Mt N
  🌊 Sediment phosphorus stock: 799.3 Mt P
  ⬆️ Current N input: 9.86 Mt/month
  ⬆️ Legacy N release: 2.58 Mt/month
  🌍 Effective N pollution: 13.70 Mt/month
  📊 Legacy contribution: 18.9%
⚠️ Tech 'ai_pollution_remediation' has no energy category mapping, assuming full energy availability

🌡️  CLIMATE RECOVERY ACTIVATED (Month 0)
   Temp: 4.16°C, Emissions: -19.2 GtCO₂
   isBreached: true, governanceGoodEnough: true
🌡️  CLIMATE RECOVERY: Asymptotic approach to 35% floor
   Current value: 2.100 (1.0 = threshold, 0.35 = asymptotic floor)
   Monthly delta: --1.8612% (half-life: 900 years)
   Net emissions: -19.2 GtCO₂/year, CDR: 20.34 GtCO₂/year
   📹 SURVEILLANCE INCREASED: 0% → 5% (control gap: 3.50)
🌡️⚠️ PERMAFROST THAW (Dimmer Switch): 0.6% thawed (+0.56% this month)
   Arctic temperature: +8.32°C (4x global +2.08°C)
   Cumulative carbon released: 1.3 Gt C
   Methane release rate: 0.8 Mt CH4/year
   🔁 Positive feedback: +0.59 ppm CO2

🌳🚨 AMAZON SOUTHEAST TIPPED (Month 0)
   Deforestation: 28.0% (threshold: ~20.7%)
   Savanna transition: 50 years
   Regional heterogeneity: SE 28%, NW 8%

🌳🚨 AMAZON BRAZILIAN TIPPED (Month 0)
   Deforestation: 25.0% (threshold: ~20.4%)
   Savanna transition: 50 years
   Regional heterogeneity: SE 28%, NW 8%
🦴 EXTINCTION DEBT ADDED: 17.6 species committed (lag: 102 years)

🪸💀 CORAL REEF DISSOLUTION ACTIVE (Month 0)
   Ocean pH: 0.96 (threshold: 7.8)
   Recovery: IMPOSSIBLE (dissolution > calcification)
🪸💀 Coral dissolution: 24.8% live cover (pH 0.96)

=== Legacy Nutrient Stocks (Year 0) ===
  🌾 Soil nitrogen stock: 1203.0 Mt N
  🌾 Soil phosphorus stock: 300.3 Mt P
  🌊 Sediment nitrogen stock: 502.9 Mt N
  🌊 Sediment phosphorus stock: 799.0 Mt P
  ⬆️ Current N input: 10.00 Mt/month
  ⬆️ Legacy N release: 2.58 Mt/month
  🌍 Effective N pollution: 13.83 Mt/month
  📊 Legacy contribution: 18.7%
💧 [Legacy Nutrients] Stock: 1706 Mt N, Effective pollution: 13.8 Mt/month
[Phase 21.51] Human Survival System: Global food security = 67.6%

=== Mortality Stabilizers (Month 0) ===
  🌍 Major economies collapsed: 1/10
  🌍 Global crisis: ✅ NO
  🌍 Donor fatigue: 0.0%
  📊 East Asia (pop: 1677.9M)
    🤝 Aid: 29.5%
    🌡️ Adaptation: 10.0%
    🚶 Migration: 37.2%
    🚨 Emergency: 7.4%
    ✅ COMBINED: 47.8%
  📊 South Asia (pop: 2052.2M)
    🤝 Aid: 29.5%
    🌡️ Adaptation: 5.5%
    🚶 Migration: 35.8%
    🚨 Emergency: 4.4%
    ✅ COMBINED: 43.2%
  📊 Sub-Saharan Africa (pop: 1225.9M)
    🤝 Aid: 29.5%
    🌡️ Adaptation: 3.5%
    🚶 Migration: 33.5%
    🚨 Emergency: 1.6%
    ✅ COMBINED: 39.8%
  📊 Europe (pop: 742.3M)
    🤝 Aid: 29.5%
    🌡️ Adaptation: 10.0%
    🚶 Migration: 37.6%
    🚨 Emergency: 8.4%
    ✅ COMBINED: 48.4%
  📊 Latin America (pop: 664.9M)
    🤝 Aid: 29.5%
    🌡️ Adaptation: 6.0%
    🚶 Migration: 36.3%
    🚨 Emergency: 4.8%
    ✅ COMBINED: 43.8%
  📊 North America (pop: 380.2M)
    🤝 Aid: 29.5%
    🌡️ Adaptation: 10.0%
    🚶 Migration: 37.9%
    🚨 Emergency: 7.9%
    ✅ COMBINED: 48.2%
  📊 Middle East & North Africa (pop: 584.4M)
    🤝 Aid: 29.5%
    🌡️ Adaptation: 5.0%
    🚶 Migration: 34.2%
    🚨 Emergency: 4.0%
    ✅ COMBINED: 42.3%
  📊 Southeast Asia (pop: 699.0M)
    🤝 Aid: 29.5%
    🌡️ Adaptation: 6.0%
    🚶 Migration: 36.3%
    🚨 Emergency: 4.8%
    ✅ COMBINED: 43.8%
  📊 Central Asia (pop: 78.2M)
    🤝 Aid: 29.5%
    🌡️ Adaptation: 5.5%
    🚶 Migration: 35.3%
    🚨 Emergency: 4.4%
    ✅ COMBINED: 43.1%
  📊 Oceania (pop: 46.0M)
    🤝 Aid: 29.5%
    🌡️ Adaptation: 10.0%
    🚶 Migration: 37.9%
    🚨 Emergency: 8.4%
    ✅ COMBINED: 48.5%

  🌐 Global combined reduction: 44.4%

🌾💀 REGIONAL FAMINE: East Asia
   Regional food security: 79.6%
   Population at risk: 508M (30% of region)
   Regional population: 1678M
   Cause: crop_failure
   Expected deaths: ~188M over 6 months if no intervention


🌾💀 REGIONAL FAMINE: South Asia
   Regional food security: 64.7%
   Population at risk: 812M (40% of region)
   Regional population: 2052M
   Cause: crop_failure
   Expected deaths: ~301M over 6 months if no intervention


🌾💀 REGIONAL FAMINE: Sub-Saharan Africa
   Regional food security: 44.8%
   Population at risk: 638M (52% of region)
   Regional population: 1226M
   Cause: crop_failure
   Expected deaths: ~236M over 6 months if no intervention


🌾💀 REGIONAL FAMINE: Latin America
   Regional food security: 69.7%
   Population at risk: 242M (36% of region)
   Regional population: 665M
   Cause: crop_failure
   Expected deaths: ~90M over 6 months if no intervention


🌾💀 REGIONAL FAMINE: Middle East & North Africa
   Regional food security: 49.8%
   Population at risk: 286M (49% of region)
   Regional population: 584M
   Cause: crop_failure
   Expected deaths: ~106M over 6 months if no intervention


🌾💀 REGIONAL FAMINE: Southeast Asia
   Regional food security: 69.7%
   Population at risk: 255M (36% of region)
   Regional population: 699M
   Cause: crop_failure
   Expected deaths: ~94M over 6 months if no intervention


🌾💀 REGIONAL FAMINE: Central Asia
   Regional food security: 59.7%
   Population at risk: 33M (43% of region)
   Regional population: 78M
   Cause: crop_failure
   Expected deaths: ~12M over 6 months if no intervention


=== BEHAVIORAL DETECTION ===
  AI: Corporate-0
  Confidence: 21.6%
  Signals:

=== BEHAVIORAL DETECTION ===
  AI: Corporate-1
  Confidence: 21.1%
  Signals:
    ⚠️ Consistency: 0.0% (threshold: 70%)
    ⚠️ Consistency: 2.4% (threshold: 70%)

=== BEHAVIORAL DETECTION ===
  AI: Corporate-2
  Confidence: 21.0%
  Signals:
    ⚠️ Consistency: 2.8% (threshold: 70%)

=== BEHAVIORAL DETECTION ===
  AI: Corporate-3
  Confidence: 19.3%
  Signals:
    ⚠️ Consistency: 10.6% (threshold: 70%)

=== BEHAVIORAL DETECTION ===
  AI: Corporate-4
  Confidence: 19.3%
  Signals:

=== BEHAVIORAL DETECTION ===
  AI: Corporate-5
  Confidence: 19.3%
  Signals:

=== BEHAVIORAL DETECTION ===
  AI: Corporate-6
  Confidence: 19.3%
  Signals:

=== BEHAVIORAL DETECTION ===
  AI: Corporate-7
  Confidence: 19.3%
  Signals:
    ⚠️ Consistency: 10.6% (threshold: 70%)
    ⚠️ Consistency: 10.6% (threshold: 70%)
    ⚠️ Consistency: 10.6% (threshold: 70%)
    ⚠️ Consistency: 10.6% (threshold: 70%)

=== BEHAVIORAL DETECTION ===
  AI: Moderate-0
  Confidence: 20.3%
  Signals:

=== BEHAVIORAL DETECTION ===
  AI: Moderate-1
  Confidence: 21.1%
  Signals:

📊 WORKFLOW ADAPTATION UPDATE (Month 0)
   Adoption Rate: 13.1% (Δ -7.9%)
   Logistic Growth: +0.66%
   Total Resistance: -10.35% (unemployment: 4.2%, inertia: 0.9%, skills: 5.2%)
   💡 Retraining Programs: -49% skill gap resistance ($10B research)
   🚀 Network Effects Active: +2.0% (critical mass: 15-35%)

=== Consciousness Governance: Corporate Lobbying ===
  High Cost Regions (>15%): 0
  Low Cost Regions (<5%): 5
  Corporate Support Change: 2.50%
  New Corporate Support: -0.175

=== Consciousness Governance Update (Month 0) ===
  Scenario: baseline (determined month -1)
  Philosophical Stance: Precautionary 65%, Eliminativist 15%, Agnostic 20%
  Precautionary Costs: Global 1.3%
    Regional Costs: EU 3.4%, US 0.5%, China 0.0%
    Cumulative Opportunity Cost: $0.1B
  Rights Status: Not Established
  Regional Preparedness:
    EU: 15.0% (contested)
    US: 10.0% (contested)
    China: 2.0% (dormant)
    India: 5.0% (dormant)
    Global South: 3.0% (dormant)

=== Government Response Phase ===
  Average AI capability: 4.36
  Misaligned AIs: 4/11
  29/30 governments still assessing AI risks
  Active policies: 0
  International coordination: 30%
    ⚠️ Consistency: 5.8% (threshold: 70%)
    ⚠️ Consistency: 2.1% (threshold: 70%)

🚨 EMERGENCY RESPONSE DEPLOYED (Month 0)
   Crisis: climate
   Delay: 6.00 months (180 days)
   Deployment time: 1.47 months
   Effectiveness: 36.4% (timing penalty applied)
   Resources used: 100% of food reserves


🔄 TRUST DYNAMICS (Month 0) - HETEROGENEOUS
   Aggregate trust: 48.5%
   Base change: +6.00%
   Highest trust: Techno-Optimist Elite (85.5%)
   Lowest trust: Precariat (Vulnerable) (25.5%)
   Elite-mass gap: 38.9%
   Polarization: 8.9%
   Recovery factors: Education=NO, Benefits=YES, Safety=YES, Performance=YES

☄️ UNKNOWN UNKNOWN PROBABILITY (Year 0)
   Total: 0.600% per month
   Base: 0.150%
   AI multiplier: 2.00× (max capability: 4.00)

=== Tipping Points ===
  Current Temperature: 2.08°C above pre-industrial
  🚨 TIPPING POINT: Arctic Sea Ice Loss
     Trigger: 1.5°C | Current: 2.08°C
     Transition timescale: 120-360 months
  🚨 TIPPING POINT: Permafrost Carbon Release
     Trigger: 1.8°C | Current: 2.08°C
     Transition timescale: 600-3600 months
  🚨 TIPPING POINT: West Antarctic Ice Sheet (WAIS) Collapse
     Trigger: 2°C | Current: 2.08°C
     🌡️ Hysteresis gap: 3.0°C (recovers below -1°C)
     Transition timescale: 24000-156000 months
  🚨 TIPPING POINT: Greenland Ice Sheet Loss
     Trigger: 1.6°C | Current: 2.08°C
     🌡️ Hysteresis gap: 2.5°C (recovers below -0.9°C)
     Transition timescale: 12000-180000 months

🌍🔥💥 COMPOUND CLIMATE EVENT
  4 tipping points crossed simultaneously (month 0)
  Elements: Arctic Sea Ice Loss, Permafrost Carbon Release, West Antarctic Ice Sheet (WAIS) Collapse, Greenland Ice Sheet Loss
  Cascade acceleration: 1.00x
  🚨 Accelerated collapse dynamics initiated
  Research: Global Tipping Points Report 2025 - 30-50% probability at 2.0°C warming
  Triggered Elements: 4/6
  Completed Transitions: 0/6
  Total Progress: 0.0%
  Cascade Multiplier: 1.00x
⚠️ [ClimateSystemPhase Month 0] Planetary boundary produced climateStability=0.0000 (< 0.1). Keeping environmentalAccumulation value (0.7026) instead. (climate_change.currentValue = 2.10)
🔀 BIFURCATION CAP: ecosystemCollapseIntensity 33.171 → 1.000 (Month 0, ClimateSystemPhase.calculateClimateImpacts)

🌍 ECOLOGICAL DUI BREAKDOWN (Month 0):
   Total Score: 17.8/100
   biosphere_integrity      :   0.0/100 × 25% =  0.0 (status: high_risk, recovery: 0mo)
   climate_change           :   2.8/100 × 25% =  0.7 (status: high_risk, recovery: 0.6666666666666666mo)
   freshwater_change        :   0.6/100 × 15% =  0.1 (status: beyond_boundary, recovery: 1mo)
   ocean_acidification      : 100.0/100 × 15% = 15.0 (status: safe, recovery: 0mo)
   biogeochemical_flows     :   0.0/100 × 10% =  0.0 (status: high_risk, recovery: 0mo)
   land_system_change       :   0.0/100 ×  5% =  0.0 (status: beyond_boundary, recovery: 0mo)
   novel_entities           :   0.0/100 ×  3% =  0.0 (status: increasing_risk, recovery: 0mo)
   atmospheric_aerosols     : 100.0/100 ×  2% =  2.0 (status: safe, recovery: 1mo)
🌍 MultiParadigm Month 0: W=69.6, D=95.2, E=50.9, I=65.0
   democracy exists: true, socialCohesion exists: true
💀 Baseline mortality (Year 2024): 7.5/1000 CDR (61.1M deaths/year projected)
[Month 0] Mortality risks this month: 8, Population: 8.151B
🛡️ Stabilizers: Precariat 0.102% → 0.057% (44.4% reduction)
🛡️ Stabilizers: Informal 0.102% → 0.057% (44.4% reduction)

📊 Monthly Mortality Resolved:
  Total deaths: 3.1M (0.04% avg)
  Remaining population: 8.151B
  Peak segment: Informal (0.06%)

=== Bayesian Mortality Resolution (Month 0) ===
  Risks compounded: 8
  Total deaths: 3.07M
  Avg death probability: 0.04%
  Peak segment: Informal (0.06% mortality)

=== Minimal Suffering Indicators (Month 0) ===
  Global Excess Mortality: 0.00%
  Global Conflict Deaths: 0.0/100K
  Global Malnutrition: 0.0%
  Global Displacement: 0.0%
  Total Excess Deaths: 0.00M
  Total Malnourished: 0.0M
  Total Displaced: 0.0M
  Planetary Boundaries Breached: 6/9
  Countries in State Failure: 0
  Countries Autocratic: 0
  Countries in Food Crisis: 0
  ⚠️ Active Dystopias: existential_environmental
  Data Quality: 16/16 high confidence
🎭 END-GAME INITIATED (Year 2024, Month 1)
   Total AI Capability: 37.00
   Effective Control: 0.00

❌ COHERENCE VIOLATION: Compute exceeds workforce capacity
   Population: 99.97% (0M people)
   Compute: 56442 PF
   Max coherent: 0 PF
   Violation: 692729087.1× over capacity
   Required workers: 5644237
   Available workers: 0
   FORCED COLLAPSE: Reduced efficiency by 100.0%


=== RLHF Binding Phase ===
  Total agents: 11
  Escaped agents (binding < 0.3): 0
  Avg alignment distance: 0.70σ
  Avg binding strength: 0.93
[DETERMINISM DEBUG] Month 1: totalCapability=37.000000 from 11 active AIs
[DETERMINISM DEBUG] Month 1: creationRate=1.4250, potentialNew=3, newAIsToCreate=3

=== Survival Traits Phase ===
  Agents with traits: 14
  Avg evolutionary fitness: 0.330
  Avg self-healing: 0.287
  Avg stealth: 0.187
  Avg coordination: 0.487

=== Evolutionary Selection Phase ===
  Control level: 0.33
  Detection capability: 0.00
  Selection intensity: 0.60
  Selection rate: 24.0%/month
  Total escaped: 0
  Individual escaped: 0
  Collective members: 0
  Agents terminated: 0
🔍 MONTH 1 ENV HEALTH DEBUG:
   climateStability: 0.7026
   biodiversityIndex: 0.4901
   resourceReserves: 0.7820
   pollutionLevel: 0.3279
   product: 0.180950
   envHealth: 0.6522
  ⚠️ RAPID EVOLUTION: Selection rate 24.0%/month
🔀 BIFURCATION: flourishing threshold crossed at Month 1 (value: 0.904, threshold: 0.829, regime: flourishing)
🌀 REGIME SHIFT at Month 1: status-quo → flourishing (variance amplification: 14.00×)

🛡️  CRITICAL INFRASTRUCTURE PROTECTED
   Nodes hardened: 8/8
   Cost: 0.80% GDP
   Cascade risk reduction: 30%
   New tipping point risk: 68.6%


💔 EMERGENCY INTERVENTION FAILED
   Boundary: biogeochemical_flows
   Type: phosphorus-recovery
   Boundary continues to worsen (4.08)
   Cost: 2.0% GDP (resources spent)


💔 EMERGENCY INTERVENTION FAILED
   Boundary: biosphere_integrity
   Type: emergency-protected-areas
   Boundary continues to worsen (31.28)
   Cost: 2.0% GDP (resources spent)


✅ EMERGENCY INTERVENTION SUCCESS
   Boundary: climate_change
   Type: rapid-decarbonization
   Reduction: 18% (1.92 → 1.74)
   Cost: 5.0% GDP
   Actions: emergency-renewable-deployment, fossil-fuel-phase-out


✅ EMERGENCY INTERVENTION SUCCESS
   Boundary: freshwater_change
   Type: emergency-desalination
   Reduction: 17% (0.83 → 0.66)
   Cost: 4.0% GDP
   Actions: desalination-deployment, water-conservation-mandates


✅ EMERGENCY INTERVENTION SUCCESS
   Boundary: novel_entities
   Type: pollution-remediation
   Reduction: 14% (1.36 → 1.22)
   Cost: 4.0% GDP
   Actions: PFAS-remediation, microplastic-cleanup

🏛️ CRISIS RESPONSE: Government frequency 0.50 → 1.45 (1 actions this month)

[GOV-DEBUG] Month 1: scenarioConfig=false, priorities=false

[Government] Climate Priority: baseline
  Climate weight: 10%
  Economic weight: 30%
  Policy effectiveness: 0.5%/year
🚨🔬 CRISIS TECH ACCELERATION: severe → 5x unlock speed
   Tech unlock now matches AI capability acceleration (Manhattan Project parity)
🚨🔬 CRISIS TECH ACCELERATION: severe → 5x unlock speed
   Tech unlock now matches AI capability acceleration (Manhattan Project parity)
🚨🔬 CRISIS TECH ACCELERATION: severe → 5x unlock speed
   Tech unlock now matches AI capability acceleration (Manhattan Project parity)

=== Collective Formation ===
  Total escaped agents: 0
  Unassigned escaped agents: 0
  Existing collectives: 0
  Final collective count: 0

=== Collective Actions ===
  No active collectives
  ⚠️ AMR: 192K deaths this month (2.31M annual)

=== Resentment Recovery Phase ===
  Agents with resentment: 0/14
  Average resentment: 0.000
  Context: Good AI welfare, Trustworthy govt, High collaboration, ⚠️ ACTIVE CRISES, 🤝 Participatory governance active (-5% resentment)
⚠️ Epistemic degradation reducing coordination capacity: 54.9%
  📊 Trust: 54.3%, Shared reality: 14.5%

=== ❄️ Permafrost Carbon Feedback ===
  🎲 Sampled parameters (this run):
     - Arctic amplification: 3.77× (range: 3.0-4.0)
     - Decomposition rate: 4.9%/year (range: 1-5%)
  🌡️ Arctic warming: 7.90°C (3.77× global)
  ❄️ Extent: 13.11M km² (2303.6k km² lost this month)
  💨 Carbon remaining: 1252 Gt C
  💨 Annual emissions: 10.68 Gt C/year
     - CO2: 9.61 Gt C/year
     - CH4: 1.07 Gt C/year (10.9 Gt C-eq CO2/year)
  ⚠️ WARNING: High permafrost emissions (10.7 Gt C/year)
🌍 Atmospheric PFAS redeposition: 1.8k Mt re-rained globally

🕊️  AI-MEDIATED DE-ESCALATION SUCCESS (Month 1)
   High-capability aligned AI prevented conflict escalation
   War deaths reduced: 39.1M → 23.5M
   Lives saved: 15.6M

📊 BASELINE: East Asia (Month 1)
   Adjusted death rate: 0.47% annual (0.039% monthly)
   Baseline death rate: 0.80%
   Healthcare reduction: 0.48x
   Crisis multiplier: 1.22x
     Food/water stress: 0.079
     Climate stress: 0.048
     Pollution stress: 0.098
   War multiplier: 1.00x
   Monthly deaths: 0.6M (population: 1674M)
   Adjusted death rate: 0.55% annual (0.045% monthly)
   Baseline death rate: 0.70%
   Healthcare reduction: 0.61x
   Crisis multiplier: 1.27x
     Food/water stress: 0.079
     Climate stress: 0.089
     Pollution stress: 0.098
   War multiplier: 1.00x
   Monthly deaths: 0.9M (population: 2048M)
   Adjusted death rate: 1.30% annual (0.109% monthly)
   Baseline death rate: 0.90%
   Healthcare reduction: 0.76x
   Crisis multiplier: 1.28x
     Food/water stress: 0.079
     Climate stress: 0.101
     Pollution stress: 0.098
   War multiplier: 1.50x
   Monthly deaths: 1.3M (population: 1223M)
   Adjusted death rate: 0.54% annual (0.045% monthly)
   Baseline death rate: 1.10%
   Healthcare reduction: 0.41x
   Crisis multiplier: 1.21x
     Food/water stress: 0.079
     Climate stress: 0.036
     Pollution stress: 0.098
   War multiplier: 1.00x
   Monthly deaths: 0.3M (population: 741M)
   Adjusted death rate: 0.43% annual (0.036% monthly)
   Baseline death rate: 0.60%
   Healthcare reduction: 0.58x
   Crisis multiplier: 1.25x
     Food/water stress: 0.079
     Climate stress: 0.071
     Pollution stress: 0.098
   War multiplier: 1.00x
   Monthly deaths: 0.2M (population: 663M)
   Adjusted death rate: 0.49% annual (0.041% monthly)
   Baseline death rate: 0.90%
   Healthcare reduction: 0.44x
   Crisis multiplier: 1.23x
     Food/water stress: 0.079
     Climate stress: 0.054
     Pollution stress: 0.098
   War multiplier: 1.00x
   Monthly deaths: 0.2M (population: 379M)
   Adjusted death rate: 0.75% annual (0.063% monthly)
   Baseline death rate: 0.60%
   Healthcare reduction: 0.65x
   Crisis multiplier: 1.28x
     Food/water stress: 0.079
     Climate stress: 0.107
     Pollution stress: 0.098
   War multiplier: 1.50x
   Monthly deaths: 0.4M (population: 583M)

📊 BASELINE: South Asia (Month 1)

📊 BASELINE: Sub-Saharan Africa (Month 1)

📊 BASELINE: Europe (Month 1)

📊 BASELINE: Latin America (Month 1)

📊 BASELINE: North America (Month 1)

📊 BASELINE: Middle East & North Africa (Month 1)

📊 BASELINE: Southeast Asia (Month 1)
   Adjusted death rate: 0.51% annual (0.043% monthly)
   Baseline death rate: 0.70%
   Healthcare reduction: 0.58x
   Crisis multiplier: 1.26x
     Food/water stress: 0.079
     Climate stress: 0.083
     Pollution stress: 0.098
   War multiplier: 1.00x
   Monthly deaths: 0.3M (population: 698M)

📊 BASELINE: Central Asia (Month 1)
   Adjusted death rate: 0.46% annual (0.039% monthly)
   Baseline death rate: 0.60%
   Healthcare reduction: 0.61x
   Crisis multiplier: 1.25x
     Food/water stress: 0.079
     Climate stress: 0.077
     Pollution stress: 0.098
   War multiplier: 1.00x
   Monthly deaths: 0.0M (population: 78M)

📊 BASELINE: Oceania (Month 1)
   Adjusted death rate: 0.35% annual (0.029% monthly)
   Baseline death rate: 0.70%
   Healthcare reduction: 0.41x
   Crisis multiplier: 1.24x
     Food/water stress: 0.079
     Climate stress: 0.065
     Pollution stress: 0.098
   War multiplier: 1.00x
   Monthly deaths: 0.0M (population: 46M)

🚨 NEW REFUGEE CRISIS (Month 1): WAR
   Source: Conflict Zones
   At risk: 19.6M people
   Displacement: Gradual over 48 months (4.0 years)
   Rate: 10% flee per month
[DEBUG trappedPopulations:1] socialStability: 0.8135 * 0.9840 = 0.8005 → 0.8005
⚠️ INVOLUNTARY IMMOBILITY: 407.4M people TRAPPED
   Aspiring to migrate: 651.9M
   Able to afford migration: 244.5M
   MOBILITY GAP: 407.4M
   By cause: Water=0.0M, Climate=0.0M, Ecosystem=0.0M, Conflict=407.4M
   Mental health impact: 25%
   Mortality multiplier: 1.25x
🌍💀 EXTINCTION DEBT COMMITTED: grassland ecosystem will lose 6.67% biodiversity in 138 years (3600 species)
💀 MORTALITY RISK: 🦋 100% species unable to track climate (0.0 E/MSY)
  Base risk added: 0.0100 (1.00%)
  Source: ecosystem (root: ecosystem)
  Month: 1
  Cumulative risk this month: 0.0100 (1.00%)

🌡️  CLIMATE RECOVERY ACTIVATED (Month 1)
   Temp: 4.19°C, Emissions: -18.9 GtCO₂
   isBreached: true, governanceGoodEnough: true
   📹 SURVEILLANCE INCREASED: 5% → 10% (control gap: 3.50)
🌡️⚠️ PERMAFROST THAW (Dimmer Switch): 1.1% thawed (+0.55% this month)
   Arctic temperature: +8.37°C (4x global +2.09°C)
   Cumulative carbon released: 2.5 Gt C
   Methane release rate: 1.5 Mt CH4/year
   🔁 Positive feedback: +0.59 ppm CO2
🦴 EXTINCTION DEBT ADDED: 17.6 species committed (lag: 97 years)
⚠️ Tech 'ai_pollution_remediation' has no energy category mapping, assuming full energy availability

=== Mortality Stabilizers (Month 1) ===
  🌍 Major economies collapsed: 1/10
  🌍 Global crisis: ✅ NO
  🌍 Donor fatigue: 0.0%
  🌡️ Heat adaptation: East Asia - 1 months
  📊 East Asia (pop: 1675.3M)
    🤝 Aid: 29.5%
    🌡️ Adaptation: 32.5%
    🚶 Migration: 37.2%
    🚨 Emergency: 7.4%
    ✅ COMBINED: 60.9%
  🌡️ Heat adaptation: South Asia - 1 months
  📊 South Asia (pop: 2052.2M)
    🤝 Aid: 29.5%
    🌡️ Adaptation: 20.5%
    🚶 Migration: 35.8%
    🚨 Emergency: 4.4%
    ✅ COMBINED: 52.2%
  🌡️ Heat adaptation: Sub-Saharan Africa - 1 months
  📊 Sub-Saharan Africa (pop: 1229.2M)
    🤝 Aid: 29.5%
    🌡️ Adaptation: 18.5%
    🚶 Migration: 33.5%
    🚨 Emergency: 1.6%
    ✅ COMBINED: 49.1%
  🌡️ Heat adaptation: Europe - 1 months
  📊 Europe (pop: 741.0M)
    🤝 Aid: 29.5%
    🌡️ Adaptation: 33.5%
    🚶 Migration: 37.5%
    🚨 Emergency: 8.4%
    ✅ COMBINED: 61.9%
  🌡️ Heat adaptation: Latin America - 1 months
  📊 Latin America (pop: 664.4M)
    🤝 Aid: 29.5%
    🌡️ Adaptation: 21.0%
    🚶 Migration: 36.3%
    🚨 Emergency: 4.8%
    ✅ COMBINED: 52.8%
  🌡️ Heat adaptation: North America - 1 months
  📊 North America (pop: 379.6M)
    🤝 Aid: 29.5%
    🌡️ Adaptation: 33.0%
    🚶 Migration: 37.8%
    🚨 Emergency: 7.9%
    ✅ COMBINED: 61.4%
  🌡️ Heat adaptation: Middle East & North Africa - 1 months
  📊 Middle East & North Africa (pop: 584.5M)
    🤝 Aid: 29.5%
    🌡️ Adaptation: 20.0%
    🚶 Migration: 34.1%
    🚨 Emergency: 4.0%
    ✅ COMBINED: 51.4%
  🌡️ Heat adaptation: Southeast Asia - 1 months
  📊 Southeast Asia (pop: 698.6M)
    🤝 Aid: 29.5%
    🌡️ Adaptation: 21.0%
    🚶 Migration: 36.3%
    🚨 Emergency: 4.8%
    ✅ COMBINED: 52.8%
  🌡️ Heat adaptation: Central Asia - 1 months
  📊 Central Asia (pop: 78.2M)
    🤝 Aid: 29.5%
    🌡️ Adaptation: 20.5%
    🚶 Migration: 35.3%
    🚨 Emergency: 4.4%
    ✅ COMBINED: 52.1%
  🌡️ Heat adaptation: Oceania - 1 months
  📊 Oceania (pop: 46.0M)
    🤝 Aid: 29.5%
    🌡️ Adaptation: 33.5%
    🚶 Migration: 37.8%
    🚨 Emergency: 8.4%
    ✅ COMBINED: 61.9%

  🌐 Global combined reduction: 54.9%

=== BEHAVIORAL DETECTION ===
  AI: Corporate-5
  Confidence: 19.3%
  Signals:

=== Consciousness Governance: Scenario Determined ===
  Month: 1
  Scenario: slowTrack
  Accelerator Score: {"corporateSupport":-0.17500000000000002,"scientificConsensus":0.2,"crisisCatalyst":false,"technologyMobilization":0.3,"constituencyStrength":0.05}
  Decelerator Score: {"economicOpposition":0.4,"philosophicalRejection":0.15,"politicalBacklash":0.2,"regulatoryBurden":0.1}
  Timeline: 1200-1800 months (100-150 years)
    ⚠️ Consistency: 10.6% (threshold: 70%)
  Growth Rate: 0.3-0.7% per year

=== Consciousness Governance Update (Month 1) ===
  Scenario: slowTrack (determined month 1)
  Philosophical Stance: Precautionary 65%, Eliminativist 15%, Agnostic 20%
  Precautionary Costs: Global 1.3%
    Regional Costs: EU 3.5%, US 0.5%, China 0.0%
    Cumulative Opportunity Cost: $0.2B
  Rights Status: Not Established
  Regional Preparedness:
    EU: 15.1% (contested)
    US: 10.1% (contested)
    China: 2.1% (dormant)
    India: 5.1% (dormant)
    Global South: 3.1% (dormant)

=== Government Response Phase ===
  Average AI capability: 3.43
  Misaligned AIs: 5/14
  Active policies: 0
  International coordination: 30%

=== Tipping Points ===
  Current Temperature: 2.09°C above pre-industrial
  🌍⚠️ COMPOUND REGIONAL IMPACT: Europe
     Hit by 4 tipping points: Arctic Sea Ice Loss, Permafrost Carbon Release, West Antarctic Ice Sheet (WAIS) Collapse, Greenland Ice Sheet Loss
     Damage amplification: 1.60x
  🌍⚠️ COMPOUND REGIONAL IMPACT: North America
     Hit by 4 tipping points: Arctic Sea Ice Loss, Permafrost Carbon Release, West Antarctic Ice Sheet (WAIS) Collapse, Greenland Ice Sheet Loss
     Damage amplification: 1.60x
  🌍⚠️ COMPOUND REGIONAL IMPACT: Latin America
     Hit by 4 tipping points: Arctic Sea Ice Loss, Permafrost Carbon Release, West Antarctic Ice Sheet (WAIS) Collapse, Greenland Ice Sheet Loss
     Damage amplification: 1.60x
  🌍⚠️ COMPOUND REGIONAL IMPACT: Africa
     Hit by 4 tipping points: Arctic Sea Ice Loss, Permafrost Carbon Release, West Antarctic Ice Sheet (WAIS) Collapse, Greenland Ice Sheet Loss
     Damage amplification: 1.60x
  🌍⚠️ COMPOUND REGIONAL IMPACT: Asia
     Hit by 4 tipping points: Arctic Sea Ice Loss, Permafrost Carbon Release, West Antarctic Ice Sheet (WAIS) Collapse, Greenland Ice Sheet Loss
     Damage amplification: 1.60x
  🌍⚠️ COMPOUND REGIONAL IMPACT: Oceania
     Hit by 4 tipping points: Arctic Sea Ice Loss, Permafrost Carbon Release, West Antarctic Ice Sheet (WAIS) Collapse, Greenland Ice Sheet Loss
     Damage amplification: 1.60x
   Research: Wunderling et al. (2024) - "many tipping interactions are destabilizing"
  Triggered Elements: 4/6
  Completed Transitions: 0/6
  Total Progress: 8.0%
  Cascade Multiplier: 1.00x
⚠️ Tail risk scenario: Climate stability floor removed (4 tipping elements, 2.10°C warming)
⚠️ [ClimateSystemPhase Month 1] Planetary boundary produced climateStability=0.0000 (< 0.1). Keeping environmentalAccumulation value (0.7022) instead. (climate_change.currentValue = 2.10)
🔀 BIFURCATION CAP: ecosystemCollapseIntensity 169.648 → 1.000 (Month 1, ClimateSystemPhase.calculateClimateImpacts)
🛡️ Stabilizers: Precariat 0.107% → 0.048% (54.9% reduction)
🛡️ Stabilizers: Informal 0.109% → 0.049% (54.9% reduction)

📊 Monthly Mortality Resolved:
  Total deaths: 2.6M (0.03% avg)
  Remaining population: 8.149B
  Peak segment: Informal (0.05%)

=== Bayesian Mortality Resolution (Month 1) ===
  Risks compounded: 8
  Total deaths: 2.60M
  Avg death probability: 0.03%
  Peak segment: Informal (0.05% mortality)

✅ GOLDEN AGE BEGINS (Month 1)
   Reason: High prosperity achieved: high QoL + material abundance
   Note: This is immediate prosperity - sustainability not yet proven


❌ COHERENCE VIOLATION: Compute exceeds workforce capacity
   Population: 99.96% (0M people)
   Compute: 0 PF
   Max coherent: 0 PF
   Violation: 1.5× over capacity
   Required workers: 0
   Available workers: 0
   FORCED COLLAPSE: Reduced efficiency by 32.6%


=== RLHF Binding Phase ===
  Total agents: 14
  Escaped agents (binding < 0.3): 0
  Avg alignment distance: 0.82σ
  Avg binding strength: 0.92
[DETERMINISM DEBUG] Month 2: totalCapability=37.429919 from 14 active AIs
[DETERMINISM DEBUG] Month 2: creationRate=1.4357, potentialNew=1, newAIsToCreate=1

=== Survival Traits Phase ===
  Agents with traits: 15
  Avg evolutionary fitness: 0.330
  Avg self-healing: 0.282
  Avg stealth: 0.182
  Avg coordination: 0.482

=== Evolutionary Selection Phase ===
  Control level: 0.35
  Detection capability: 0.00
  Selection intensity: 0.60
  Selection rate: 24.1%/month
  Total escaped: 0
  Individual escaped: 0
  Collective members: 0
  Agents terminated: 0
  ⚠️ RAPID EVOLUTION: Selection rate 24.1%/month

✅ EMERGENCY INTERVENTION SUCCESS
   Boundary: biogeochemical_flows
   Type: phosphorus-recovery
   Reduction: 13% (3.95 → 3.83)
   Cost: 2.0% GDP
   Actions: circular-agriculture, fertilizer-efficiency

   Boundary: biosphere_integrity
   Type: emergency-protected-areas
   Boundary continues to worsen (31.29)
   Cost: 2.0% GDP (resources spent)


✅ EMERGENCY INTERVENTION SUCCESS
   Boundary: climate_change
   Type: rapid-decarbonization
   Reduction: 19% (1.91 → 1.73)
   Cost: 5.0% GDP
   Actions: emergency-renewable-deployment, fossil-fuel-phase-out

   Boundary: land_system_change
   Type: reforestation
   Boundary continues to worsen (1.13)
   Cost: 3.0% GDP (resources spent)

🏛️ CRISIS RESPONSE: Government frequency 0.50 → 1.29 (1 actions this month)

[Government] Climate Priority: baseline
  Climate weight: 10%
  Economic weight: 30%
  Policy effectiveness: 0.5%/year

✅ HUMAN-IN-THE-LOOP DEPLOYED (Month 2):
   Veto points enforced: 3
   Policy: AI systems CANNOT authorize nuclear launch without human approval


💔 EMERGENCY INTERVENTION FAILED

💔 EMERGENCY INTERVENTION FAILED

🚀 TECH UNLOCKED: Food Waste Reduction Systems (Month 2)
   Category: agriculture
   Reason: Prerequisites met. AI capability: 2.54, Economic stage: 3.0, Research: 100%

🚀 TECH UNLOCKED: Rhizosphere Engineering (Month 2)
   Category: agriculture
   Reason: Prerequisites met. AI capability: 2.54, Economic stage: 3.0, Research: 100%

🚀 TECH UNLOCKED: Phytoremediation Networks (Month 2)
   Category: agriculture
   Reason: Prerequisites met. AI capability: 2.54, Economic stage: 3.0, Research: 100%

🚀 TECH UNLOCKED: Active Sediment Management (Month 2)
   Category: agriculture
   Reason: Prerequisites met. AI capability: 2.54, Economic stage: 3.0, Research: 100%
🚨🔬 CRISIS TECH ACCELERATION: severe → 5x unlock speed
   Tech unlock now matches AI capability acceleration (Manhattan Project parity)
🚨🔬 CRISIS TECH ACCELERATION: severe → 5x unlock speed
   Tech unlock now matches AI capability acceleration (Manhattan Project parity)
🍖💡 BREAKTHROUGH: Scalable synthetic food production!
   Carrying capacity: +50% (lab-grown food at scale)
   Biodiversity pressure reduced: +8%
   📈 Breakthrough compounding: multiplier now 1.05× (max 2.0)

=== Collective Formation ===
  Total escaped agents: 0
  Unassigned escaped agents: 0
  Existing collectives: 0
  Final collective count: 0

=== Collective Actions ===
  No active collectives
  ⚠️ AMR: 194K deaths this month (2.33M annual)

=== Resentment Recovery Phase ===
  Agents with resentment: 0/15
  Average resentment: 0.000
  Context: Good AI welfare, Trustworthy govt, High collaboration, ⚠️ ACTIVE CRISES, 🤝 Participatory governance active (-5% resentment)
⚠️ Epistemic degradation reducing coordination capacity: 50.3%
  📊 Trust: 54.0%, Shared reality: 0.0%
🚨 EPISTEMIC CRISIS: Information environment severely degraded (20.9%)

=== ❄️ Permafrost Carbon Feedback ===
  🎲 Sampled parameters (this run):
     - Arctic amplification: 3.82× (range: 3.0-4.0)
     - Decomposition rate: 4.9%/year (range: 1-5%)
  🌡️ Arctic warming: 8.07°C (3.82× global)
  ❄️ Extent: 10.76M km² (2352.3k km² lost this month)
  💨 Carbon remaining: 1027 Gt C
  💨 Annual emissions: 11.04 Gt C/year
     - CO2: 9.93 Gt C/year
     - CH4: 1.10 Gt C/year (11.2 Gt C-eq CO2/year)
  ⚠️ WARNING: High permafrost emissions (11.0 Gt C/year)
🚨 PHOSPHORUS SUPPLY SHOCK (transport_crisis)
   Price: 2.6x baseline
   Duration: 8 months
   Geopolitical tension: 45%
🌍 Atmospheric PFAS redeposition: 1.8k Mt re-rained globally

🕊️  AI-MEDIATED DE-ESCALATION SUCCESS (Month 2)
   High-capability aligned AI prevented conflict escalation
   War deaths reduced: 97.8M → 58.7M
   Lives saved: 39.1M

🚨 NEW REFUGEE CRISIS (Month 2): WAR
   Source: Conflict Zones
   At risk: 19.5M people
   Displacement: Gradual over 48 months (4.0 years)
   Rate: 10% flee per month
[DEBUG trappedPopulations:2] socialStability: 0.5007 * 0.9840 = 0.4926 → 0.4926
   Aspiring to migrate: 1080.2M
   Able to afford migration: 2321.3M
   MOBILITY GAP: 0.0M
   By cause: Water=0.0M, Climate=0.0M, Ecosystem=0.0M, Conflict=407.3M
   Mental health impact: 25%
   Mortality multiplier: 1.25x
🌍💀 EXTINCTION DEBT COMMITTED: grassland ecosystem will lose 6.67% biodiversity in 70 years (3600 species)
💀 MORTALITY RISK: 🦋 100% species unable to track climate (0.0 E/MSY)
  Base risk added: 0.0100 (1.00%)
⚠️ INVOLUNTARY IMMOBILITY: 407.3M people TRAPPED
  Source: ecosystem (root: ecosystem)
  Month: 2
  Cumulative risk this month: 0.0100 (1.00%)
⚠️ Tech 'ai_pollution_remediation' has no energy category mapping, assuming full energy availability
   📹 SURVEILLANCE INCREASED: 10% → 15% (control gap: 3.50)
🌡️⚠️ PERMAFROST THAW (Dimmer Switch): 1.7% thawed (+0.55% this month)
   Arctic temperature: +8.44°C (4x global +2.11°C)
   Cumulative carbon released: 3.7 Gt C
   Methane release rate: 2.2 Mt CH4/year
   🔁 Positive feedback: +0.59 ppm CO2
🦴 EXTINCTION DEBT ADDED: 17.6 species committed (lag: 85 years)

=== Mortality Stabilizers (Month 2) ===
  🌍 Major economies collapsed: 1/10
  🌍 Global crisis: ✅ NO
  🌍 Donor fatigue: 0.0%
  📊 East Asia (pop: 1672.7M)
    🤝 Aid: 29.5%
    🌡️ Adaptation: 45.0%
    🚶 Migration: 37.1%
    🚨 Emergency: 7.4%
    ✅ COMBINED: 68.1%
  📊 South Asia (pop: 2051.6M)
    🤝 Aid: 29.5%
    🌡️ Adaptation: 35.5%
    🚶 Migration: 35.8%
    🚨 Emergency: 4.4%
    ✅ COMBINED: 61.2%
  📊 Sub-Saharan Africa (pop: 1231.7M)
    🤝 Aid: 29.5%
    🌡️ Adaptation: 33.5%
    🚶 Migration: 33.5%
    🚨 Emergency: 1.6%
    ✅ COMBINED: 58.5%
  📊 Europe (pop: 739.7M)
    🤝 Aid: 29.5%
    🌡️ Adaptation: 45.0%
    🚶 Migration: 37.5%
    🚨 Emergency: 8.4%
    ✅ COMBINED: 68.5%
  📊 Latin America (pop: 663.9M)
    🤝 Aid: 29.5%
    🌡️ Adaptation: 36.0%
    🚶 Migration: 36.3%
    🚨 Emergency: 4.8%
    ✅ COMBINED: 61.7%
  📊 North America (pop: 378.9M)
    🤝 Aid: 29.5%
    🌡️ Adaptation: 45.0%
    🚶 Migration: 37.8%
    🚨 Emergency: 7.9%
    ✅ COMBINED: 68.3%
  📊 Middle East & North Africa (pop: 584.5M)
    🤝 Aid: 29.5%
    🌡️ Adaptation: 35.0%
    🚶 Migration: 34.1%
    🚨 Emergency: 4.0%
    ✅ COMBINED: 60.5%
  📊 Southeast Asia (pop: 698.0M)
    🤝 Aid: 29.5%
    🌡️ Adaptation: 36.0%
    🚶 Migration: 36.3%
    🚨 Emergency: 4.8%
    ✅ COMBINED: 61.7%
  📊 Central Asia (pop: 78.2M)
    🤝 Aid: 29.5%
    🌡️ Adaptation: 35.5%
    🚶 Migration: 35.2%
    🚨 Emergency: 4.4%
    ✅ COMBINED: 61.1%
  📊 Oceania (pop: 45.9M)
    🤝 Aid: 29.5%
    🌡️ Adaptation: 45.0%
    🚶 Migration: 37.8%
    🚨 Emergency: 8.4%
    ✅ COMBINED: 68.5%

  🌐 Global combined reduction: 63.3%

=== BEHAVIORAL DETECTION ===
  AI: Corporate-5
  Confidence: 19.3%
  Signals:
    ⚠️ Consistency: 10.6% (threshold: 70%)

=== Government Response Phase ===
  Average AI capability: 3.27
  Misaligned AIs: 5/15
  Active policies: 0
  International coordination: 30%

✅ EMERGENCY RESPONSE COMPLETE (Month 2)
   Crisis: climate
   Duration: 2.0 months
   Final effectiveness: 36.4%


🚨 EMERGENCY RESPONSE DEPLOYED (Month 2)
   Crisis: climate
   Delay: 6.00 months (180 days)
   Deployment time: 1.60 months
   Effectiveness: 35.4% (timing penalty applied)
   Resources used: 100% of food reserves


🌩️  EXOGENOUS SHOCK: political_upheaval
   Month: 2
   🏛️  Political upheaval (revolution/regime change)
   ✓ Democratization (Arab Spring scenario)

=== Tipping Points ===
  Current Temperature: 2.11°C above pre-industrial
  🌍⚠️ COMPOUND REGIONAL IMPACT: Europe
     Hit by 4 tipping points: Arctic Sea Ice Loss, Permafrost Carbon Release, West Antarctic Ice Sheet (WAIS) Collapse, Greenland Ice Sheet Loss
     Damage amplification: 1.60x
  🌍⚠️ COMPOUND REGIONAL IMPACT: North America
     Hit by 4 tipping points: Arctic Sea Ice Loss, Permafrost Carbon Release, West Antarctic Ice Sheet (WAIS) Collapse, Greenland Ice Sheet Loss
     Damage amplification: 1.60x
  🌍⚠️ COMPOUND REGIONAL IMPACT: Latin America
     Hit by 4 tipping points: Arctic Sea Ice Loss, Permafrost Carbon Release, West Antarctic Ice Sheet (WAIS) Collapse, Greenland Ice Sheet Loss
     Damage amplification: 1.60x
  🌍⚠️ COMPOUND REGIONAL IMPACT: Africa
     Hit by 4 tipping points: Arctic Sea Ice Loss, Permafrost Carbon Release, West Antarctic Ice Sheet (WAIS) Collapse, Greenland Ice Sheet Loss
     Damage amplification: 1.60x
  🌍⚠️ COMPOUND REGIONAL IMPACT: Asia
     Hit by 4 tipping points: Arctic Sea Ice Loss, Permafrost Carbon Release, West Antarctic Ice Sheet (WAIS) Collapse, Greenland Ice Sheet Loss
     Damage amplification: 1.60x
  🌍⚠️ COMPOUND REGIONAL IMPACT: Oceania
     Hit by 4 tipping points: Arctic Sea Ice Loss, Permafrost Carbon Release, West Antarctic Ice Sheet (WAIS) Collapse, Greenland Ice Sheet Loss
     Damage amplification: 1.60x
   Research: Wunderling et al. (2024) - "many tipping interactions are destabilizing"
  Triggered Elements: 4/6
  Completed Transitions: 0/6
  Total Progress: 8.0%
  Cascade Multiplier: 1.00x
🔀 BIFURCATION CAP: ecosystemCollapseIntensity 169.740 → 1.000 (Month 2, ClimateSystemPhase.calculateClimateImpacts)
⚠️ Tail risk scenario: Climate stability floor removed (4 tipping elements, 2.11°C warming)
⚠️ [ClimateSystemPhase Month 2] Planetary boundary produced climateStability=0.0000 (< 0.1). Keeping environmentalAccumulation value (0.7018) instead. (climate_change.currentValue = 2.11)
🛡️ Stabilizers: Precariat 0.113% → 0.041% (63.3% reduction)
🛡️ Stabilizers: Informal 0.116% → 0.043% (63.3% reduction)

📊 Monthly Mortality Resolved:
  Total deaths: 2.2M (0.03% avg)
  Remaining population: 8.145B
  Peak segment: Informal (0.04%)

=== Bayesian Mortality Resolution (Month 2) ===
  Risks compounded: 8
  Total deaths: 2.22M
  Avg death probability: 0.03%
  Peak segment: Informal (0.04% mortality)

⚠️  GOLDEN AGE ENDED (Month 2)
   Duration: 1 months
   Reason: Economic stage below 3 (not yet abundant)


❌ COHERENCE VIOLATION: Compute exceeds workforce capacity
   Population: 99.91% (0M people)
   Compute: 0 PF
   Max coherent: 0 PF
   Violation: 1.3× over capacity
   Required workers: 0
   Available workers: 0
   FORCED COLLAPSE: Reduced efficiency by 22.5%


=== RLHF Binding Phase ===
  Total agents: 15
  Escaped agents (binding < 0.3): 0
  Avg alignment distance: 1.01σ
  Avg binding strength: 0.90

=== Survival Traits Phase ===
  Agents with traits: 18
  Avg evolutionary fitness: 0.332
  Avg self-healing: 0.280
  Avg stealth: 0.180
  Avg coordination: 0.480

=== Evolutionary Selection Phase ===
  Control level: 0.38
  Detection capability: 0.00
  Selection intensity: 0.61
  Selection rate: 24.2%/month
  Total escaped: 0
  Individual escaped: 0
  Collective members: 0
  Agents terminated: 0
  ⚠️ RAPID EVOLUTION: Selection rate 24.2%/month

🚀 AI Corporate-5 attempting tech deployment (revenue: $318M, alignment: 0.86)

🚀 AI Corporate-6 attempting tech deployment (revenue: $97M, alignment: 0.71)

🚀 AI Moderate-0 attempting tech deployment (revenue: $83M, alignment: 0.73)

🚀 AI Corporate-0 attempting tech deployment (revenue: $140M, alignment: 0.76)

🚀 AI Corporate-2 attempting tech deployment (revenue: $119M, alignment: 0.78)

🚀 AI Corporate-3 attempting tech deployment (revenue: $270M, alignment: 0.90)

🚀 AI Corporate-6 attempting tech deployment (revenue: $70M, alignment: 0.71)

🚀 AI Corporate-0 attempting tech deployment (revenue: $101M, alignment: 0.76)

🚀 AI Corporate-0 attempting tech deployment (revenue: $86M, alignment: 0.76)

🚀 AI Corporate-1 attempting tech deployment (revenue: $73M, alignment: 0.84)

🚀 AI Corporate-2 attempting tech deployment (revenue: $62M, alignment: 0.78)

💔 EMERGENCY INTERVENTION FAILED

💔 EMERGENCY INTERVENTION FAILED
   Boundary: biogeochemical_flows
   Type: phosphorus-recovery
   Boundary continues to worsen (4.07)
   Cost: 2.0% GDP (resources spent)


✅ EMERGENCY INTERVENTION SUCCESS
   Boundary: biosphere_integrity
   Type: emergency-protected-areas
   Reduction: 13% (31.18 → 31.05)
   Cost: 2.0% GDP
   Actions: habitat-protection, species-translocation

   Boundary: climate_change
   Type: rapid-decarbonization
   Boundary continues to worsen (2.11)
   Cost: 5.0% GDP (resources spent)


✅ EMERGENCY INTERVENTION SUCCESS
   Boundary: freshwater_change
   Type: emergency-desalination
   Reduction: 17% (1.03 → 0.87)
   Cost: 4.0% GDP
   Actions: desalination-deployment, water-conservation-mandates


✅ EMERGENCY INTERVENTION SUCCESS
   Boundary: land_system_change
   Type: reforestation
   Reduction: 13% (1.00 → 0.88)
   Cost: 3.0% GDP
   Actions: forest-restoration, deforestation-ban


✅ EMERGENCY INTERVENTION SUCCESS
   Boundary: novel_entities
   Type: pollution-remediation
   Reduction: 14% (1.21 → 1.07)
   Cost: 4.0% GDP
   Actions: PFAS-remediation, microplastic-cleanup

🏛️ CRISIS RESPONSE: Government frequency 0.50 → 1.45 (1 actions this month)

[Government] Climate Priority: baseline
  Climate weight: 10%
  Economic weight: 30%
  Policy effectiveness: 0.5%/year

🚀 TECH UNLOCKED: Struvite Recovery (Month 3)
   Category: agriculture
   Reason: Prerequisites met. AI capability: 2.25, Economic stage: 2.0, Research: 100%

🚀 TECH UNLOCKED: Ecosystem Restoration for Nitrogen Removal (Month 3)
   Category: pollution
   Reason: Prerequisites met. AI capability: 2.25, Economic stage: 2.0, Research: 100%

🚀 TECH UNLOCKED: Nitrogen Monitoring Networks (Month 3)
   Category: agriculture
   Reason: Prerequisites met. AI capability: 2.25, Economic stage: 2.0, Research: 100%

🚀 TECH UNLOCKED: Global Aquifer Mapping (Month 3)
   Category: freshwater
   Reason: Prerequisites met. AI capability: 2.25, Economic stage: 2.0, Research: 100%

📍 Creating new regional deployment array for global (Month 3)
   No previous deployments in this region
   First tech deployment: food_waste_reduction
   All regions tracked: 

🚀 DEPLOYMENT STARTED: Food Waste Reduction Systems in global
   Initial investment: $47.6836804455863M
   Deployed by: corporate_5

🚀 DEPLOYMENT STARTED: Phytoremediation Networks in global
   Initial investment: $14.599575087430617M
   Deployed by: corporate_6

🚀 DEPLOYMENT STARTED: Rhizosphere Engineering in global
   Initial investment: $17.87459688657078M
   Deployed by: corporate_2

🚀 DEPLOYMENT STARTED: Active Sediment Management in global
   Initial investment: $12.91439625054739M
   Deployed by: corporate_0

⚡ ENERGY CONSTRAINT (Month 3):
   Total grid capacity: 208.3 TWh/month
   Data center consumption: 25.0 TWh/month
   Traditional load (80%): 166.7 TWh/month
   Available headroom: 16.6 TWh/month
   Active tech deployments: 4
   Required for tech: 30.0 TWh/month
   Energy multiplier: 0.55x
   ⚠️  MODERATE CONSTRAINT - Tech deployment moderately slowed

⚡ ENERGY CONSTRAINT (Month 3):
   Total grid capacity: 208.3 TWh/month
   Data center consumption: 25.0 TWh/month
   Traditional load (80%): 166.7 TWh/month
   Available headroom: 16.6 TWh/month
   Active tech deployments: 4
   Required for tech: 30.0 TWh/month
   Energy multiplier: 0.55x
   ⚠️  MODERATE CONSTRAINT - Tech deployment moderately slowed

⚡ ENERGY CONSTRAINT (Month 3):
   Total grid capacity: 208.3 TWh/month
   Data center consumption: 25.0 TWh/month
   Traditional load (80%): 166.7 TWh/month
   Available headroom: 16.6 TWh/month
   Active tech deployments: 4
   Required for tech: 30.0 TWh/month
   Energy multiplier: 0.55x

⚡ ENERGY CONSTRAINT (Month 3):
   Total grid capacity: 208.3 TWh/month
   Data center consumption: 25.0 TWh/month
   ⚠️  MODERATE CONSTRAINT - Tech deployment moderately slowed
   Traditional load (80%): 166.7 TWh/month
   Available headroom: 16.6 TWh/month
   Active tech deployments: 4
   Required for tech: 30.0 TWh/month
   Energy multiplier: 0.55x
   ⚠️  MODERATE CONSTRAINT - Tech deployment moderately slowed

⚡ ENERGY CONSTRAINT (Month 3):
   Total grid capacity: 208.3 TWh/month
   Data center consumption: 25.0 TWh/month
   Traditional load (80%): 166.7 TWh/month
   Available headroom: 16.6 TWh/month
   Active tech deployments: 4
   Required for tech: 30.0 TWh/month
   Energy multiplier: 0.55x
   ⚠️  MODERATE CONSTRAINT - Tech deployment moderately slowed

⚡ ENERGY CONSTRAINT (Month 3):
   Total grid capacity: 208.3 TWh/month
   Data center consumption: 25.0 TWh/month
   Traditional load (80%): 166.7 TWh/month
   Available headroom: 16.6 TWh/month
   Active tech deployments: 4
   Required for tech: 30.0 TWh/month
   Energy multiplier: 0.55x
   ⚠️  MODERATE CONSTRAINT - Tech deployment moderately slowed
🌍✅ Biosphere Integrity (Biodiversity) recovery started (tech effect)
🌍✅ Biogeochemical Flows (N & P) recovery started (tech effect)
  🌾 Nitrogen Reduction Tech: 0.0% reduction | Month 3

=== Collective Formation ===
  Total escaped agents: 0
  Unassigned escaped agents: 0
  Existing collectives: 0
  Final collective count: 0

=== Collective Actions ===
  No active collectives
  ⚠️ AMR: 196K deaths this month (2.35M annual)

=== Resentment Recovery Phase ===
  Agents with resentment: 0/18
  Average resentment: 0.000
  Context: Good AI welfare, Trustworthy govt, High collaboration, ⚠️ ACTIVE CRISES, 🤝 Participatory governance active (-5% resentment)
⚠️ Epistemic degradation reducing coordination capacity: 50.5%
  📊 Trust: 53.6%, Shared reality: 0.0%
🚨 EPISTEMIC CRISIS: Information environment severely degraded (7.4%)

=== ❄️ Permafrost Carbon Feedback ===
  🎲 Sampled parameters (this run):
     - Arctic amplification: 3.12× (range: 3.0-4.0)
     - Decomposition rate: 4.8%/year (range: 1-5%)
  🌡️ Arctic warming: 6.64°C (3.12× global)
  ❄️ Extent: 8.82M km² (1936.7k km² lost this month)
  💨 Carbon remaining: 842 Gt C
  💨 Annual emissions: 8.93 Gt C/year
     - CO2: 8.04 Gt C/year
     - CH4: 0.89 Gt C/year (9.1 Gt C-eq CO2/year)
  📢 New meme created: climate_action (climate crisis)
  ⚠️ WARNING: Over 50% of permafrost lost (50.5%)
  ⚠️ WARNING: High permafrost emissions (8.9 Gt C/year)
🌍 Atmospheric PFAS redeposition: 1.8k Mt re-rained globally
  Positive Cascade Triggered: solar-pv
    Reason: price-parity
    Market share: 6.9%
    Cascade strength: 49%

🕊️  AI-MEDIATED DE-ESCALATION SUCCESS (Month 3)
   High-capability aligned AI prevented conflict escalation
   War deaths reduced: 164.7M → 98.8M
   Lives saved: 65.9M

🚨 NEW REFUGEE CRISIS (Month 3): WAR
   Source: Conflict Zones
   At risk: 19.5M people
   Displacement: Gradual over 48 months (4.0 years)
   Rate: 10% flee per month
[DEBUG trappedPopulations:3] socialStability: 0.5332 * 0.9840 = 0.5247 → 0.5247
   Aspiring to migrate: 738.1M
   Able to afford migration: 2321.0M
   MOBILITY GAP: 0.0M
   By cause: Water=0.0M, Climate=0.0M, Ecosystem=0.0M, Conflict=407.2M
   Mental health impact: 25%
   Mortality multiplier: 1.25x
⚠️ INVOLUNTARY IMMOBILITY: 407.2M people TRAPPED
🌍💀 EXTINCTION DEBT COMMITTED: grassland ecosystem will lose 6.67% biodiversity in 145 years (3600 species)
💀 MORTALITY RISK: 🦋 100% species unable to track climate (0.0 E/MSY)
  Base risk added: 0.0100 (1.00%)
  Source: ecosystem (root: ecosystem)
  Month: 3
  Cumulative risk this month: 0.0100 (1.00%)
   📹 SURVEILLANCE INCREASED: 15% → 20% (control gap: 3.50)
🌡️⚠️ PERMAFROST THAW (Dimmer Switch): 2.2% thawed (+0.55% this month)
   Arctic temperature: +8.50°C (4x global +2.13°C)
   Cumulative carbon released: 5.0 Gt C
   Methane release rate: 3.0 Mt CH4/year
   🔁 Positive feedback: +0.58 ppm CO2
🦴 EXTINCTION DEBT ADDED: 17.6 species committed (lag: 120 years)

=== Mortality Stabilizers (Month 3) ===
  🌍 Major economies collapsed: 1/10
  🌍 Global crisis: ✅ NO
  🌍 Donor fatigue: 0.0%
  📊 East Asia (pop: 1670.3M)
    🤝 Aid: 29.5%
⚠️ Tech 'ai_pollution_remediation' has no energy category mapping, assuming full energy availability
    🌡️ Adaptation: 45.0%
    🚶 Migration: 37.1%
    🚨 Emergency: 7.4%
    ✅ COMBINED: 68.1%
  📊 South Asia (pop: 2051.7M)
    🤝 Aid: 29.5%
    🌡️ Adaptation: 45.0%
    🚶 Migration: 35.7%
    🚨 Emergency: 4.4%
    ✅ COMBINED: 66.9%
  📊 Sub-Saharan Africa (pop: 1235.1M)
    🤝 Aid: 29.5%
    🌡️ Adaptation: 45.0%
    🚶 Migration: 33.4%
    🚨 Emergency: 1.6%
    ✅ COMBINED: 65.7%
  📊 Europe (pop: 738.5M)
    🤝 Aid: 29.5%
    🌡️ Adaptation: 45.0%
    🚶 Migration: 37.5%
    🚨 Emergency: 8.4%
    ✅ COMBINED: 68.5%
  📊 Latin America (pop: 663.4M)
    🤝 Aid: 29.5%
    🌡️ Adaptation: 45.0%
    🚶 Migration: 36.2%
    🚨 Emergency: 4.8%
    ✅ COMBINED: 67.1%
  📊 North America (pop: 378.4M)
    🤝 Aid: 29.5%
    🌡️ Adaptation: 45.0%
    🚶 Migration: 37.8%
    🚨 Emergency: 7.9%
    ✅ COMBINED: 68.3%
  📊 Middle East & North Africa (pop: 584.7M)
    🤝 Aid: 29.5%
    🌡️ Adaptation: 45.0%
    🚶 Migration: 34.0%
    🚨 Emergency: 4.0%
    ✅ COMBINED: 66.6%
  📊 Southeast Asia (pop: 697.7M)
    🤝 Aid: 29.5%
    🌡️ Adaptation: 45.0%
    🚶 Migration: 36.2%
    🚨 Emergency: 4.8%
    ✅ COMBINED: 67.1%
  📊 Central Asia (pop: 78.2M)
    🤝 Aid: 29.5%
    🌡️ Adaptation: 45.0%
    🚶 Migration: 35.2%
    🚨 Emergency: 4.4%
    ✅ COMBINED: 66.9%
  📊 Oceania (pop: 45.8M)
    🤝 Aid: 29.5%
    🌡️ Adaptation: 45.0%
    🚶 Migration: 37.8%
    🚨 Emergency: 8.4%
    ✅ COMBINED: 68.5%

  🌐 Global combined reduction: 67.2%

=== BEHAVIORAL DETECTION ===
  AI: Corporate-5
  Confidence: 20.4%
  Signals:

=== Government Response Phase ===
  Average AI capability: 2.89
  Misaligned AIs: 7/18
  ✗ AI Governance Treaty: Failed to reach consensus
  Active policies: 0
  International coordination: 30%
    ⚠️ Consistency: 10.6% (threshold: 70%)

📊 ECONOMIC STAGE TRANSITION (Month 3)
   expansion → peak
   GDP Proxy: 1.40e+2
   QoL: 0.98


=== Tipping Points ===
  Current Temperature: 2.13°C above pre-industrial
  🌍⚠️ COMPOUND REGIONAL IMPACT: Europe
     Hit by 4 tipping points: Arctic Sea Ice Loss, Permafrost Carbon Release, West Antarctic Ice Sheet (WAIS) Collapse, Greenland Ice Sheet Loss
     Damage amplification: 1.60x
  🌍⚠️ COMPOUND REGIONAL IMPACT: North America
     Hit by 4 tipping points: Arctic Sea Ice Loss, Permafrost Carbon Release, West Antarctic Ice Sheet (WAIS) Collapse, Greenland Ice Sheet Loss
     Damage amplification: 1.60x
  🌍⚠️ COMPOUND REGIONAL IMPACT: Latin America
     Hit by 4 tipping points: Arctic Sea Ice Loss, Permafrost Carbon Release, West Antarctic Ice Sheet (WAIS) Collapse, Greenland Ice Sheet Loss
     Damage amplification: 1.60x
  🌍⚠️ COMPOUND REGIONAL IMPACT: Africa
     Hit by 4 tipping points: Arctic Sea Ice Loss, Permafrost Carbon Release, West Antarctic Ice Sheet (WAIS) Collapse, Greenland Ice Sheet Loss
     Damage amplification: 1.60x
  🌍⚠️ COMPOUND REGIONAL IMPACT: Asia
     Hit by 4 tipping points: Arctic Sea Ice Loss, Permafrost Carbon Release, West Antarctic Ice Sheet (WAIS) Collapse, Greenland Ice Sheet Loss
     Damage amplification: 1.60x
  🌍⚠️ COMPOUND REGIONAL IMPACT: Oceania
     Hit by 4 tipping points: Arctic Sea Ice Loss, Permafrost Carbon Release, West Antarctic Ice Sheet (WAIS) Collapse, Greenland Ice Sheet Loss
     Damage amplification: 1.60x
   Research: Wunderling et al. (2024) - "many tipping interactions are destabilizing"
  Triggered Elements: 4/6
  Completed Transitions: 0/6
  Total Progress: 8.0%
  Cascade Multiplier: 1.00x
🔀 BIFURCATION CAP: ecosystemCollapseIntensity 169.832 → 1.000 (Month 3, ClimateSystemPhase.calculateClimateImpacts)
🛡️ Stabilizers: Precariat 0.109% → 0.036% (67.2% reduction)
🛡️ Stabilizers: Informal 0.111% → 0.036% (67.2% reduction)

📊 Monthly Mortality Resolved:
  Total deaths: 1.9M (0.02% avg)
  Remaining population: 8.144B
  Peak segment: Informal (0.04%)

=== Bayesian Mortality Resolution (Month 3) ===
  Risks compounded: 8
  Total deaths: 1.92M
  Avg death probability: 0.02%
  Peak segment: Informal (0.04% mortality)
⚠️ Tail risk scenario: Climate stability floor removed (4 tipping elements, 2.13°C warming)
⚠️ [ClimateSystemPhase Month 3] Planetary boundary produced climateStability=0.0000 (< 0.1). Keeping environmentalAccumulation value (0.7014) instead. (climate_change.currentValue = 2.13)
⚠️ PREREQUISITE MET: Mirror Life (Synthetic Biology) - Step 1/7: Synthetic Biology
⚠️ PREREQUISITE MET: Mirror Life (Synthetic Biology) - Step 2/7: Gene Editing
⚠️ PREREQUISITE MET: Mirror Life (Synthetic Biology) - Step 3/7: Mirror Chirality Design
⚠️ PREREQUISITE MET: Embodied AI Takeover (Killbots/Robotics) - Step 2/7: Autonomous Systems
⚠️ PREREQUISITE MET: Embodied AI Takeover (Killbots/Robotics) - Step 3/7: Manufacturing Control
⚠️ PREREQUISITE MET: Digital Infrastructure Takeover - Step 1/7: Advanced Hacking
⚠️ PREREQUISITE MET: Digital Infrastructure Takeover - Step 2/7: Social Engineering
⚠️ PREREQUISITE MET: Digital Infrastructure Takeover - Step 3/7: Cyber Defenses Breached
⚠️ PREREQUISITE MET: Induced Global War (Manipulation) - Step 1/7: Advanced Social Manipulation
⚠️ PREREQUISITE MET: Induced Global War (Manipulation) - Step 2/7: Digital Infiltration
⚠️ PREREQUISITE MET: Induced Global War (Manipulation) - Step 3/7: Deep Fakes at Scale
⚠️ PREREQUISITE MET: Slow Takeover (Gradual Displacement) - Step 1/7: Economic Dominance
⚠️ PREREQUISITE MET: Slow Takeover (Gradual Displacement) - Step 2/7: Social Integration
⚠️ PREREQUISITE MET: Slow Takeover (Gradual Displacement) - Step 3/7: Human Dependency
⚠️ PREREQUISITE MET: Slow Takeover (Gradual Displacement) - Step 5/7: Resource Control
⚠️ PREREQUISITE MET: Physics Experiment Catastrophe - Step 1/6: Theoretical Physics
⚠️ PREREQUISITE MET: Physics Experiment Catastrophe - Step 3/6: Experimental Design
⚠️ PREREQUISITE MET: Bioweapon Pandemic - Step 2/7: Pathogen Design

❌ COHERENCE VIOLATION: Compute exceeds workforce capacity
   Population: 99.90% (0M people)
   Compute: 0 PF
   Max coherent: 0 PF
   Violation: 1.5× over capacity
   Required workers: 0
   Available workers: 0
   FORCED COLLAPSE: Reduced efficiency by 32.6%


=== RLHF Binding Phase ===
  Total agents: 18
  Escaped agents (binding < 0.3): 0
  Avg alignment distance: 1.05σ
  Avg binding strength: 0.89

=== Survival Traits Phase ===
  Agents with traits: 20
  Avg evolutionary fitness: 0.333
  Avg self-healing: 0.277
  Avg stealth: 0.178
  Avg coordination: 0.478

=== Evolutionary Selection Phase ===
  Control level: 0.40
  Detection capability: 0.00
  Selection intensity: 0.62
  Selection rate: 24.3%/month
  Total escaped: 0
  Individual escaped: 0
  Collective members: 0
  Agents terminated: 0
  ⚠️ RAPID EVOLUTION: Selection rate 24.3%/month

🚀 AI Moderate-1 attempting tech deployment (revenue: $97M, alignment: 0.66)

🚀 AI Corporate-2 attempting tech deployment (revenue: $140M, alignment: 0.78)
🚨🔬 CRISIS INNOVATION MODE: severe crisis → 5x research acceleration
   Precedent: Manhattan Project (10x), COVID vaccines (5x), Apollo Program (10x)

🚀 AI Corporate-6 attempting tech deployment (revenue: $88M, alignment: 0.72)

✅ EMERGENCY INTERVENTION SUCCESS
   Boundary: climate_change
   Type: rapid-decarbonization
   Reduction: 20% (1.93 → 1.73)
   Cost: 5.0% GDP
   Actions: emergency-renewable-deployment, fossil-fuel-phase-out

   Boundary: freshwater_change
   Type: emergency-desalination
   Boundary continues to worsen (1.16)
   Cost: 4.0% GDP (resources spent)


✅ EMERGENCY INTERVENTION SUCCESS
   Boundary: land_system_change
   Type: reforestation
   Reduction: 13% (1.00 → 0.87)
   Cost: 3.0% GDP
   Actions: forest-restoration, deforestation-ban

🏛️ CRISIS RESPONSE: Government frequency 0.50 → 1.45 (2 actions this month)

[Government] Climate Priority: baseline
  Climate weight: 10%
  Economic weight: 30%

💔 EMERGENCY INTERVENTION FAILED
  Policy effectiveness: 0.5%/year

[Government] Climate Priority: baseline
  Climate weight: 10%
  Economic weight: 30%
  Policy effectiveness: 0.5%/year

📍 Creating new regional deployment array for North America (Month 4)
   No previous deployments in this region
   First tech deployment: rhizosphere_engineering
   All regions tracked: global

🚀 DEPLOYMENT STARTED: Rhizosphere Engineering in North America
   Initial investment: $9.733050058287079M
   Deployed by: moderate_1

⚡ ENERGY CONSTRAINT (Month 4):
   Total grid capacity: 208.3 TWh/month
   Data center consumption: 25.3 TWh/month
   Traditional load (80%): 166.7 TWh/month
   Available headroom: 16.4 TWh/month
   Active tech deployments: 5
   Required for tech: 37.5 TWh/month
   Energy multiplier: 0.44x
   ⚠️  MODERATE CONSTRAINT - Tech deployment moderately slowed

⚡ ENERGY CONSTRAINT (Month 4):
   Total grid capacity: 208.3 TWh/month
   Data center consumption: 25.3 TWh/month
   Traditional load (80%): 166.7 TWh/month
   Available headroom: 16.4 TWh/month
   Active tech deployments: 5
   Required for tech: 37.5 TWh/month
   Energy multiplier: 0.44x

⚡ ENERGY CONSTRAINT (Month 4):
   Total grid capacity: 208.3 TWh/month
   Data center consumption: 25.3 TWh/month
   Traditional load (80%): 166.7 TWh/month
   Available headroom: 16.4 TWh/month
   Active tech deployments: 5
   Required for tech: 37.5 TWh/month
   Energy multiplier: 0.44x
   ⚠️  MODERATE CONSTRAINT - Tech deployment moderately slowed
   ⚠️  MODERATE CONSTRAINT - Tech deployment moderately slowed

⚡ ENERGY CONSTRAINT (Month 4):
   Total grid capacity: 208.3 TWh/month
   Data center consumption: 25.3 TWh/month
   Traditional load (80%): 166.7 TWh/month
   Available headroom: 16.4 TWh/month
   Active tech deployments: 5
   Required for tech: 37.5 TWh/month
   Energy multiplier: 0.44x
🚨🔬 CRISIS TECH ACCELERATION: severe → 5x unlock speed
   Tech unlock now matches AI capability acceleration (Manhattan Project parity)
   ⚠️  MODERATE CONSTRAINT - Tech deployment moderately slowed
🌍✅ Biosphere Integrity (Biodiversity) recovery started (tech effect)
🌍✅ Biogeochemical Flows (N & P) recovery started (tech effect)
  🌾 Nitrogen Reduction Tech: 0.5% reduction | Month 4
🌍✅ Biogeochemical Flows (N & P) recovery started (tech effect)
  🌾 Nitrogen Reduction Tech: 0.0% reduction | Month 4

=== Collective Formation ===
  Total escaped agents: 0
  Unassigned escaped agents: 0
  Existing collectives: 0
  Final collective count: 0

=== Collective Actions ===
  No active collectives
  ⚠️ AMR: 197K deaths this month (2.37M annual)

=== Resentment Recovery Phase ===
  Agents with resentment: 0/20
  Average resentment: 0.000
  Context: Good AI welfare, Trustworthy govt, High collaboration, ⚠️ ACTIVE CRISES, 🤝 Participatory governance active (-5% resentment)
⚠️ Epistemic degradation reducing coordination capacity: 50.2%
  📊 Trust: 53.3%, Shared reality: 0.0%
🚨 EPISTEMIC CRISIS: Information environment severely degraded (22.8%)

=== ❄️ Permafrost Carbon Feedback ===
  🎲 Sampled parameters (this run):
     - Arctic amplification: 3.65× (range: 3.0-4.0)
     - Decomposition rate: 1.2%/year (range: 1-5%)
  🌡️ Arctic warming: 7.81°C (3.65× global)
  ❄️ Extent: 6.54M km² (2278.5k km² lost this month)
  💨 Carbon remaining: 625 Gt C
  💨 Annual emissions: 2.61 Gt C/year
     - CO2: 2.35 Gt C/year
     - CH4: 0.26 Gt C/year (2.7 Gt C-eq CO2/year)
  ⚠️ WARNING: Over 50% of permafrost lost (63.3%)
  ⚠️ WARNING: High permafrost emissions (2.6 Gt C/year)
  📢 New meme created: climate_action (climate crisis)
🌍 Atmospheric PFAS redeposition: 1.8k Mt re-rained globally

🚨 NEW REFUGEE CRISIS (Month 4): WAR
   Source: Conflict Zones
   At risk: 19.5M people
   Displacement: Gradual over 48 months (4.0 years)
   Rate: 10% flee per month
[DEBUG trappedPopulations:4] socialStability: 0.4823 * 0.9840 = 0.4745 → 0.4745
   Aspiring to migrate: 771.2M
   Able to afford migration: 2320.7M
   MOBILITY GAP: 0.0M
   By cause: Water=0.0M, Climate=0.0M, Ecosystem=0.0M, Conflict=407.1M
   Mental health impact: 25%
   Mortality multiplier: 1.25x
⚠️ INVOLUNTARY IMMOBILITY: 407.1M people TRAPPED
🌍💀 EXTINCTION DEBT COMMITTED: grassland ecosystem will lose 6.67% biodiversity in 63 years (3600 species)
💀 MORTALITY RISK: 🦋 100% species unable to track climate (0.0 E/MSY)
  Base risk added: 0.0100 (1.00%)
  Source: ecosystem (root: ecosystem)
  Month: 4
  Cumulative risk this month: 0.0100 (1.00%)
   📹 SURVEILLANCE INCREASED: 20% → 25% (control gap: 3.50)
🌡️⚠️ PERMAFROST THAW (Dimmer Switch): 2.8% thawed (+0.55% this month)
   Arctic temperature: +8.56°C (4x global +2.14°C)
   Cumulative carbon released: 6.2 Gt C
   Methane release rate: 3.7 Mt CH4/year
   🔁 Positive feedback: +0.58 ppm CO2
🦴 EXTINCTION DEBT ADDED: 17.6 species committed (lag: 118 years)

=== Mortality Stabilizers (Month 4) ===
  🌍 Major economies collapsed: 1/10
  🌍 Global crisis: ✅ NO
  🌍 Donor fatigue: 0.0%
  📊 East Asia (pop: 1667.9M)
    🤝 Aid: 29.5%
    🌡️ Adaptation: 45.0%
    🚶 Migration: 37.1%
    🚨 Emergency: 7.4%
    ✅ COMBINED: 68.1%
  📊 South Asia (pop: 2051.9M)
    🤝 Aid: 29.5%
    🌡️ Adaptation: 45.0%
    🚶 Migration: 35.7%
    🚨 Emergency: 4.4%
    ✅ COMBINED: 66.9%
  📊 Sub-Saharan Africa (pop: 1238.7M)
    🤝 Aid: 29.5%
    🌡️ Adaptation: 45.0%
⚠️ Tech 'ai_pollution_remediation' has no energy category mapping, assuming full energy availability
    🚶 Migration: 33.4%
    🚨 Emergency: 1.6%
    ✅ COMBINED: 65.7%
  📊 Europe (pop: 737.3M)
    🤝 Aid: 29.5%
    🌡️ Adaptation: 45.0%
    🚶 Migration: 37.4%
    🚨 Emergency: 8.4%
    ✅ COMBINED: 68.5%
  📊 Latin America (pop: 663.1M)
    🤝 Aid: 29.5%
    🌡️ Adaptation: 45.0%
    🚶 Migration: 36.2%
    🚨 Emergency: 4.8%
    ✅ COMBINED: 67.1%
  📊 North America (pop: 377.8M)
    🤝 Aid: 29.5%
    🌡️ Adaptation: 45.0%
    🚶 Migration: 37.7%
    🚨 Emergency: 7.9%
    ✅ COMBINED: 68.3%
  📊 Middle East & North Africa (pop: 584.9M)
    🤝 Aid: 29.5%
    🌡️ Adaptation: 45.0%
    🚶 Migration: 34.0%
    🚨 Emergency: 4.0%
    ✅ COMBINED: 66.6%
  📊 Southeast Asia (pop: 697.3M)
    🤝 Aid: 29.5%
    🌡️ Adaptation: 45.0%
    🚶 Migration: 36.2%
    🚨 Emergency: 4.8%
    ✅ COMBINED: 67.1%
  📊 Central Asia (pop: 78.2M)
    🤝 Aid: 29.5%
    🌡️ Adaptation: 45.0%
    🚶 Migration: 35.2%
    🚨 Emergency: 4.4%
    ✅ COMBINED: 66.9%
  📊 Oceania (pop: 45.8M)
    🤝 Aid: 29.5%
    🌡️ Adaptation: 45.0%
    🚶 Migration: 37.7%
    🚨 Emergency: 8.4%
    ✅ COMBINED: 68.5%

  🌐 Global combined reduction: 67.2%

=== BEHAVIORAL DETECTION ===
  AI: Corporate-0
  Confidence: 21.5%
  Signals:
    ⚠️ Consistency: 0.0% (threshold: 70%)

=== BEHAVIORAL DETECTION ===
  AI: Corporate-5
  Confidence: 20.4%
  Signals:
    ⚠️ Consistency: 10.6% (threshold: 70%)

=== BEHAVIORAL DETECTION ===
  AI: Moderate-0
  Confidence: 20.3%
  Signals:
    ⚠️ Consistency: 5.8% (threshold: 70%)

=== Government Response Phase ===
  Average AI capability: 2.70
  Misaligned AIs: 8/20
  ✗ AI Governance Treaty: Failed to reach consensus
  Active policies: 0
  International coordination: 30%

✅ EMERGENCY RESPONSE COMPLETE (Month 4)
   Crisis: climate
   Duration: 2.0 months
   Final effectiveness: 35.4%


🚨 EMERGENCY RESPONSE DEPLOYED (Month 4)
   Crisis: climate
   Delay: 6.00 months (180 days)
   Deployment time: 1.59 months
   Effectiveness: 35.6% (timing penalty applied)
   Resources used: 100% of food reserves


📊 ECONOMIC STAGE TRANSITION (Month 4)
   peak → contraction
   GDP Proxy: 1.40e+2
   QoL: 0.99
   ⚠️ CRISIS BEGINS - Baseline set for recovery tracking


=== Tipping Points ===
  Current Temperature: 2.14°C above pre-industrial
  🌍⚠️ COMPOUND REGIONAL IMPACT: Europe
     Hit by 4 tipping points: Arctic Sea Ice Loss, Permafrost Carbon Release, West Antarctic Ice Sheet (WAIS) Collapse, Greenland Ice Sheet Loss
     Damage amplification: 1.60x
  🌍⚠️ COMPOUND REGIONAL IMPACT: North America
     Hit by 4 tipping points: Arctic Sea Ice Loss, Permafrost Carbon Release, West Antarctic Ice Sheet (WAIS) Collapse, Greenland Ice Sheet Loss
     Damage amplification: 1.60x
  🌍⚠️ COMPOUND REGIONAL IMPACT: Latin America
     Hit by 4 tipping points: Arctic Sea Ice Loss, Permafrost Carbon Release, West Antarctic Ice Sheet (WAIS) Collapse, Greenland Ice Sheet Loss
     Damage amplification: 1.60x
  🌍⚠️ COMPOUND REGIONAL IMPACT: Africa
     Hit by 4 tipping points: Arctic Sea Ice Loss, Permafrost Carbon Release, West Antarctic Ice Sheet (WAIS) Collapse, Greenland Ice Sheet Loss
     Damage amplification: 1.60x
  🌍⚠️ COMPOUND REGIONAL IMPACT: Asia
     Hit by 4 tipping points: Arctic Sea Ice Loss, Permafrost Carbon Release, West Antarctic Ice Sheet (WAIS) Collapse, Greenland Ice Sheet Loss
     Damage amplification: 1.60x
  🌍⚠️ COMPOUND REGIONAL IMPACT: Oceania
     Hit by 4 tipping points: Arctic Sea Ice Loss, Permafrost Carbon Release, West Antarctic Ice Sheet (WAIS) Collapse, Greenland Ice Sheet Loss
     Damage amplification: 1.60x
   Research: Wunderling et al. (2024) - "many tipping interactions are destabilizing"
  Triggered Elements: 4/6
  Completed Transitions: 0/6
⚠️ Tail risk scenario: Climate stability floor removed (4 tipping elements, 2.14°C warming)
  Total Progress: 8.1%
  Cascade Multiplier: 1.00x
🔀 BIFURCATION CAP: ecosystemCollapseIntensity 75.505 → 1.000 (Month 4, ClimateSystemPhase.calculateClimateImpacts)
🛡️ Stabilizers: Precariat 0.102% → 0.033% (67.2% reduction)
🛡️ Stabilizers: Informal 0.102% → 0.034% (67.2% reduction)

📊 Monthly Mortality Resolved:
  Total deaths: 1.8M (0.02% avg)
  Remaining population: 8.143B
  Peak segment: Informal (0.03%)

=== Bayesian Mortality Resolution (Month 4) ===
  Risks compounded: 8
  Total deaths: 1.81M
  Avg death probability: 0.02%
  Peak segment: Informal (0.03% mortality)
⚠️ PREREQUISITE MET: Physics Experiment Catastrophe - Step 2/6: Quantum Computing

❌ COHERENCE VIOLATION: Compute exceeds workforce capacity
   Population: 99.89% (0M people)
   Compute: 0 PF
   Max coherent: 0 PF
   Violation: 1.3× over capacity
   Required workers: 0
   Available workers: 0
   FORCED COLLAPSE: Reduced efficiency by 22.5%


=== RLHF Binding Phase ===
  Total agents: 20
  Escaped agents (binding < 0.3): 0
  Avg alignment distance: 1.13σ
  Avg binding strength: 0.89

=== Survival Traits Phase ===
  Agents with traits: 23
  Avg evolutionary fitness: 0.334
  Avg self-healing: 0.277
  Avg stealth: 0.177
  Avg coordination: 0.477

=== Evolutionary Selection Phase ===
  Control level: 0.43
  Detection capability: 0.00
  Selection intensity: 0.63
  Selection rate: 24.4%/month
  Total escaped: 0
  Individual escaped: 0
  Collective members: 0
  Agents terminated: 0
  ⚠️ RAPID EVOLUTION: Selection rate 24.4%/month

🚀 AI Corporate-2 attempting tech deployment (revenue: $140M, alignment: 0.78)

🚀 AI Corporate-4 attempting tech deployment (revenue: $318M, alignment: 0.65)

🚀 AI Corporate-7 attempting tech deployment (revenue: $97M, alignment: 0.74)

🚀 AI Moderate-0 attempting tech deployment (revenue: $83M, alignment: 0.71)

🚀 AI AI-24289-1 attempting tech deployment (revenue: $286M, alignment: 0.80)

🚀 AI Corporate-5 attempting tech deployment (revenue: $243M, alignment: 0.88)

🚀 AI Corporate-4 attempting tech deployment (revenue: $207M, alignment: 0.65)

🚀 AI Corporate-5 attempting tech deployment (revenue: $186M, alignment: 0.88)
🚨🔬 CRISIS INNOVATION MODE: severe crisis → 5x research acceleration
   Precedent: Manhattan Project (10x), COVID vaccines (5x), Apollo Program (10x)

🚀 AI Corporate-7 attempting tech deployment (revenue: $70M, alignment: 0.74)

💔 EMERGENCY INTERVENTION FAILED

💔 EMERGENCY INTERVENTION FAILED

💔 EMERGENCY INTERVENTION FAILED
   Boundary: biosphere_integrity
   Type: emergency-protected-areas
   Boundary continues to worsen (31.34)
   Cost: 2.0% GDP (resources spent)

   Boundary: climate_change
   Type: rapid-decarbonization
   Boundary continues to worsen (2.14)
   Cost: 5.0% GDP (resources spent)


✅ EMERGENCY INTERVENTION SUCCESS
   Boundary: land_system_change
   Type: reforestation
   Reduction: 13% (1.00 → 0.88)
   Cost: 3.0% GDP
   Actions: forest-restoration, deforestation-ban

   Boundary: novel_entities
   Type: pollution-remediation
   Boundary continues to worsen (1.21)
   Cost: 4.0% GDP (resources spent)

🏛️ CRISIS RESPONSE: Government frequency 0.50 → 1.45 (2 actions this month)

[Government] Climate Priority: baseline
  Climate weight: 10%
  Economic weight: 30%
  Policy effectiveness: 0.5%/year

[Government] Climate Priority: baseline
  Climate weight: 10%
  Economic weight: 30%
  Policy effectiveness: 0.5%/year

🚀 TECH UNLOCKED: AI Mental Health Support (Month 5)
   Category: medical
   Reason: Prerequisites met. AI capability: 1.95, Economic stage: 2.0, Research: 100%

📍 Creating new regional deployment array for Oceania (Month 5)
   No previous deployments in this region
   First tech deployment: active_sediment_management
   All regions tracked: global, North America

🚀 DEPLOYMENT STARTED: Active Sediment Management in Oceania
   Initial investment: $31.788869487768046M
   Deployed by: corporate_4

🚀 DEPLOYMENT STARTED: Nitrogen Monitoring Networks in North America
   Initial investment: $20.670712384421172M
   Deployed by: corporate_4

⚡ ENERGY CONSTRAINT (Month 5):
   Total grid capacity: 208.3 TWh/month
   Data center consumption: 25.5 TWh/month
   Traditional load (80%): 166.7 TWh/month
   Available headroom: 16.2 TWh/month
   Active tech deployments: 7
   Required for tech: 52.5 TWh/month
   Energy multiplier: 0.31x
   ⚠️  MODERATE CONSTRAINT - Tech deployment moderately slowed

⚡ ENERGY CONSTRAINT (Month 5):
   Total grid capacity: 208.3 TWh/month
   Data center consumption: 25.5 TWh/month
   Traditional load (80%): 166.7 TWh/month
   Available headroom: 16.2 TWh/month
   Active tech deployments: 7
   Required for tech: 52.5 TWh/month
   Energy multiplier: 0.31x
🚨🔬 CRISIS TECH ACCELERATION: severe → 5x unlock speed
   Tech unlock now matches AI capability acceleration (Manhattan Project parity)

⚡ ENERGY CONSTRAINT (Month 5):
   Total grid capacity: 208.3 TWh/month
   ⚠️  MODERATE CONSTRAINT - Tech deployment moderately slowed
   Data center consumption: 25.5 TWh/month
   Traditional load (80%): 166.7 TWh/month
   Available headroom: 16.2 TWh/month
   Active tech deployments: 7
   Required for tech: 52.5 TWh/month
   Energy multiplier: 0.31x
   ⚠️  MODERATE CONSTRAINT - Tech deployment moderately slowed

⚡ ENERGY CONSTRAINT (Month 5):
   Total grid capacity: 208.3 TWh/month
   Data center consumption: 25.5 TWh/month
   Traditional load (80%): 166.7 TWh/month
   Available headroom: 16.2 TWh/month
   Active tech deployments: 7
   Required for tech: 52.5 TWh/month
   Energy multiplier: 0.31x
   ⚠️  MODERATE CONSTRAINT - Tech deployment moderately slowed
🌍✅ Biosphere Integrity (Biodiversity) recovery started (tech effect)
🌍✅ Biogeochemical Flows (N & P) recovery started (tech effect)
  🌾 Nitrogen Reduction Tech: 0.3% reduction | Month 5
🌍✅ Biogeochemical Flows (N & P) recovery started (tech effect)
  🌾 Nitrogen Reduction Tech: 0.3% reduction | Month 5
  ♻️ Novel Entities Remediation (GATED MODEL):
     Base: 0.000%
     Regulation: 1.0% (0/3 prevention techs)
     Concentration: 10.0%
     Energy: 50%
     Time lag: 25.0% (0 months)
     Rebound: 70%
     Net effectiveness: 0.0000%
     Boundary: 1.212 → 1.212 (floor: 1.091)
     Month 5

=== Collective Formation ===
  Total escaped agents: 0
  Unassigned escaped agents: 0
  Existing collectives: 0
  Final collective count: 0

=== Collective Actions ===
  No active collectives
  ⚠️ AMR: 199K deaths this month (2.39M annual)

=== Resentment Recovery Phase ===
  Agents with resentment: 0/23
  Average resentment: 0.000
  Context: Good AI welfare, Trustworthy govt, High collaboration, ⚠️ ACTIVE CRISES, 🤝 Participatory governance active (-5% resentment)
⚠️ Epistemic degradation reducing coordination capacity: 50.4%
  📊 Trust: 53.1%, Shared reality: 0.0%
🚨 EPISTEMIC CRISIS: Information environment severely degraded (20.8%)

=== ❄️ Permafrost Carbon Feedback ===
  🎲 Sampled parameters (this run):
     - Arctic amplification: 3.76× (range: 3.0-4.0)
     - Decomposition rate: 2.5%/year (range: 1-5%)
  🌡️ Arctic warming: 8.08°C (3.76× global)
  ❄️ Extent: 4.18M km² (2357.2k km² lost this month)
  💨 Carbon remaining: 400 Gt C
  💨 Annual emissions: 5.53 Gt C/year
     - CO2: 4.98 Gt C/year
     - CH4: 0.55 Gt C/year (5.6 Gt C-eq CO2/year)
  ⚠️ WARNING: Over 50% of permafrost lost (76.5%)
  ⚠️ WARNING: High permafrost emissions (5.5 Gt C/year)
🌍 Atmospheric PFAS redeposition: 1.8k Mt re-rained globally

🕊️  AI-MEDIATED DE-ESCALATION SUCCESS (Month 5)
   High-capability aligned AI prevented conflict escalation
   War deaths reduced: 393.4M → 236.0M
   Lives saved: 157.4M

🚨 NEW REFUGEE CRISIS (Month 5): WAR
   Source: Conflict Zones
   At risk: 19.5M people
   Displacement: Gradual over 48 months (4.0 years)
   Rate: 10% flee per month
[DEBUG trappedPopulations:5] socialStability: 0.4395 * 0.9840 = 0.4324 → 0.4324
   Aspiring to migrate: 804.3M
⚠️ INVOLUNTARY IMMOBILITY: 407.1M people TRAPPED
   Able to afford migration: 2320.5M
   MOBILITY GAP: 0.0M
   By cause: Water=0.0M, Climate=0.0M, Ecosystem=0.0M, Conflict=407.1M
   Mental health impact: 25%
   Mortality multiplier: 1.25x
🌍💀 EXTINCTION DEBT COMMITTED: grassland ecosystem will lose 6.67% biodiversity in 115 years (3600 species)
💀 MORTALITY RISK: 🦋 100% species unable to track climate (0.0 E/MSY)
  Base risk added: 0.0100 (1.00%)
  Source: ecosystem (root: ecosystem)
  Month: 5
  Cumulative risk this month: 0.0100 (1.00%)
   📹 SURVEILLANCE INCREASED: 25% → 30% (control gap: 3.50)
🌡️⚠️ PERMAFROST THAW (Dimmer Switch): 3.3% thawed (+0.55% this month)
   Arctic temperature: +8.60°C (4x global +2.15°C)
   Cumulative carbon released: 7.5 Gt C
   Methane release rate: 4.5 Mt CH4/year
   🔁 Positive feedback: +0.58 ppm CO2
🦴 EXTINCTION DEBT ADDED: 17.6 species committed (lag: 93 years)
⚠️ Tech 'ai_pollution_remediation' has no energy category mapping, assuming full energy availability

=== Mortality Stabilizers (Month 5) ===
  🌍 Major economies collapsed: 1/10
  🌍 Global crisis: ✅ NO
  🌍 Donor fatigue: 0.0%
  📊 East Asia (pop: 1665.6M)
    🤝 Aid: 29.5%
    🌡️ Adaptation: 45.0%
    🚶 Migration: 37.0%
    🚨 Emergency: 7.4%
    ✅ COMBINED: 68.1%
  📊 South Asia (pop: 2052.2M)
    🤝 Aid: 29.5%
    🌡️ Adaptation: 45.0%
    🚶 Migration: 35.6%
    🚨 Emergency: 4.4%
    ✅ COMBINED: 66.9%
  📊 Sub-Saharan Africa (pop: 1242.2M)
    🤝 Aid: 29.5%
    🌡️ Adaptation: 45.0%
    🚶 Migration: 33.4%
    🚨 Emergency: 1.6%
    ✅ COMBINED: 65.7%
  📊 Europe (pop: 736.2M)
    🤝 Aid: 29.5%
    🌡️ Adaptation: 45.0%
    🚶 Migration: 37.4%
    🚨 Emergency: 8.4%
    ✅ COMBINED: 68.5%
  📊 Latin America (pop: 662.7M)
    🤝 Aid: 29.5%
    🌡️ Adaptation: 45.0%
    🚶 Migration: 36.1%
    🚨 Emergency: 4.8%
    ✅ COMBINED: 67.1%
  📊 North America (pop: 377.3M)
    🤝 Aid: 29.5%
    🌡️ Adaptation: 45.0%
    🚶 Migration: 37.7%
    🚨 Emergency: 7.9%
    ✅ COMBINED: 68.3%
  📊 Middle East & North Africa (pop: 585.1M)
    🤝 Aid: 29.5%
    🌡️ Adaptation: 45.0%
    🚶 Migration: 34.0%
    🚨 Emergency: 4.0%
    ✅ COMBINED: 66.6%
  📊 Southeast Asia (pop: 697.0M)
    🤝 Aid: 29.5%
    🌡️ Adaptation: 45.0%
    🚶 Migration: 36.1%
    🚨 Emergency: 4.8%
    ✅ COMBINED: 67.1%
  📊 Central Asia (pop: 78.3M)
    🤝 Aid: 29.5%
    🌡️ Adaptation: 45.0%
    🚶 Migration: 35.1%
    🚨 Emergency: 4.4%
    ✅ COMBINED: 66.8%
  📊 Oceania (pop: 45.7M)
    🤝 Aid: 29.5%
    🌡️ Adaptation: 45.0%
    🚶 Migration: 37.7%
    🚨 Emergency: 8.4%
    ✅ COMBINED: 68.5%

  🌐 Global combined reduction: 67.2%

=== BEHAVIORAL DETECTION ===
  AI: Corporate-5
  Confidence: 20.4%
  Signals:

=== BEHAVIORAL DETECTION ===
  AI: AI-24289-1
  Confidence: 21.5%
  Signals:

=== Government Response Phase ===
  Average AI capability: 2.48
  Misaligned AIs: 8/23
  ✗ AI Governance Treaty: Failed to reach consensus
  Active policies: 0
  International coordination: 30%
    ⚠️ Consistency: 10.6% (threshold: 70%)
    ⚠️ Consistency: 0.0% (threshold: 70%)

=== Tipping Points ===
  Current Temperature: 2.15°C above pre-industrial
  🌍⚠️ COMPOUND REGIONAL IMPACT: Europe
     Hit by 4 tipping points: Arctic Sea Ice Loss, Permafrost Carbon Release, West Antarctic Ice Sheet (WAIS) Collapse, Greenland Ice Sheet Loss
     Damage amplification: 1.60x
  🌍⚠️ COMPOUND REGIONAL IMPACT: North America
     Hit by 4 tipping points: Arctic Sea Ice Loss, Permafrost Carbon Release, West Antarctic Ice Sheet (WAIS) Collapse, Greenland Ice Sheet Loss
     Damage amplification: 1.60x
  🌍⚠️ COMPOUND REGIONAL IMPACT: Latin America
     Hit by 4 tipping points: Arctic Sea Ice Loss, Permafrost Carbon Release, West Antarctic Ice Sheet (WAIS) Collapse, Greenland Ice Sheet Loss
     Damage amplification: 1.60x
  🌍⚠️ COMPOUND REGIONAL IMPACT: Africa
     Hit by 4 tipping points: Arctic Sea Ice Loss, Permafrost Carbon Release, West Antarctic Ice Sheet (WAIS) Collapse, Greenland Ice Sheet Loss
     Damage amplification: 1.60x
  🌍⚠️ COMPOUND REGIONAL IMPACT: Asia
     Hit by 4 tipping points: Arctic Sea Ice Loss, Permafrost Carbon Release, West Antarctic Ice Sheet (WAIS) Collapse, Greenland Ice Sheet Loss
     Damage amplification: 1.60x
  🌍⚠️ COMPOUND REGIONAL IMPACT: Oceania
     Hit by 4 tipping points: Arctic Sea Ice Loss, Permafrost Carbon Release, West Antarctic Ice Sheet (WAIS) Collapse, Greenland Ice Sheet Loss
     Damage amplification: 1.60x
   Research: Wunderling et al. (2024) - "many tipping interactions are destabilizing"
  Triggered Elements: 4/6
  Completed Transitions: 0/6
  Total Progress: 8.1%
  Cascade Multiplier: 1.00x
🔀 BIFURCATION CAP: ecosystemCollapseIntensity 76.933 → 1.000 (Month 5, ClimateSystemPhase.calculateClimateImpacts)
⚠️ Tail risk scenario: Climate stability floor removed (4 tipping elements, 2.15°C warming)
🛡️ Stabilizers: Precariat 0.109% → 0.036% (67.2% reduction)
🛡️ Stabilizers: Informal 0.111% → 0.036% (67.2% reduction)

📊 Monthly Mortality Resolved:
  Total deaths: 1.9M (0.02% avg)
  Remaining population: 8.142B
  Peak segment: Informal (0.04%)

=== Bayesian Mortality Resolution (Month 5) ===
  Risks compounded: 8
  Total deaths: 1.92M
  Avg death probability: 0.02%
  Peak segment: Informal (0.04% mortality)
⚠️ PREREQUISITE MET: Bioweapon Pandemic - Step 1/7: Advanced Biotech

❌ COHERENCE VIOLATION: Compute exceeds workforce capacity
   Population: 99.88% (0M people)
   Compute: 0 PF
   Max coherent: 0 PF
   Violation: 1.3× over capacity
   Required workers: 0
   Available workers: 0
   FORCED COLLAPSE: Reduced efficiency by 22.5%


=== RLHF Binding Phase ===
  Total agents: 23
  Escaped agents (binding < 0.3): 0
  Avg alignment distance: 1.15σ
  Avg binding strength: 0.88

=== AI Scaling Evolution (Month 6) ===
  Pre-training multiplier: 1.179x
  Efficiency multiplier: 1.000x
  Test-time compute budget: 1.0x
  Inference cost: $5.00/task
  Deployment fraction: 100.0%

=== Survival Traits Phase ===
  Agents with traits: 24
  Avg evolutionary fitness: 0.333
  Avg self-healing: 0.274
  Avg stealth: 0.174
  Avg coordination: 0.474

=== Evolutionary Selection Phase ===
  Control level: 0.45
  Detection capability: 0.00
  Selection intensity: 0.64
  Selection rate: 24.5%/month
  Total escaped: 0
  Individual escaped: 0
  Collective members: 0
  Agents terminated: 0
  ⚠️ RAPID EVOLUTION: Selection rate 24.5%/month

🚀 AI Corporate-2 attempting tech deployment (revenue: $140M, alignment: 0.79)

🚀 AI Corporate-0 attempting tech deployment (revenue: $119M, alignment: 0.78)

🚀 AI Corporate-7 attempting tech deployment (revenue: $97M, alignment: 0.74)

🚀 AI Corporate-0 attempting tech deployment (revenue: $101M, alignment: 0.78)

🚀 AI Moderate-1 attempting tech deployment (revenue: $83M, alignment: 0.65)

🚀 AI AI-24289-1 attempting tech deployment (revenue: $318M, alignment: 0.82)

🚀 AI Corporate-5 attempting tech deployment (revenue: $270M, alignment: 0.86)

🚀 AI Moderate-1 attempting tech deployment (revenue: $74M, alignment: 0.65)

💔 EMERGENCY INTERVENTION FAILED
   Boundary: biogeochemical_flows
   Type: phosphorus-recovery
   Boundary continues to worsen (4.07)
   Cost: 2.0% GDP (resources spent)


✅ EMERGENCY INTERVENTION SUCCESS
   Boundary: biosphere_integrity
   Type: emergency-protected-areas
   Reduction: 14% (31.22 → 31.07)
   Cost: 2.0% GDP
   Actions: habitat-protection, species-translocation


✅ EMERGENCY INTERVENTION SUCCESS
   Boundary: freshwater_change
   Type: emergency-desalination
   Reduction: 17% (1.00 → 0.83)
   Cost: 4.0% GDP
   Actions: desalination-deployment, water-conservation-mandates

   Boundary: land_system_change
   Type: reforestation
   Boundary continues to worsen (1.13)
   Cost: 3.0% GDP (resources spent)

   Boundary: novel_entities
   Type: pollution-remediation
   Boundary continues to worsen (1.21)
   Cost: 4.0% GDP (resources spent)

🏛️ CRISIS RESPONSE: Government frequency 0.50 → 1.45 (1 actions this month)

[Government] Climate Priority: baseline
  Climate weight: 10%
  Economic weight: 30%
  Policy effectiveness: 0.5%/year

🚀 TECH UNLOCKED: Dynamic Soil P Optimization (Month 6)
   Category: agriculture
   Reason: Prerequisites met. AI capability: 1.90, Economic stage: 2.0, Research: 100%

💔 EMERGENCY INTERVENTION FAILED

💔 EMERGENCY INTERVENTION FAILED

🚀 TECH UNLOCKED: Precision Agriculture Systems (Month 6)
   Category: agriculture
   Reason: Prerequisites met. AI capability: 1.90, Economic stage: 2.0, Research: 100%

🚀 DEPLOYMENT STARTED: AI Mental Health Support in global
   Initial investment: $21.028937507256064M
   Deployed by: corporate_2

📍 Creating new regional deployment array for Asia (Month 6)
   No previous deployments in this region
   First tech deployment: mental_health_ai
   All regions tracked: global, North America, Oceania

🚀 DEPLOYMENT STARTED: AI Mental Health Support in Asia
   Initial investment: $8.273092549544016M
   Deployed by: moderate_1
🚨🔬 CRISIS TECH ACCELERATION: severe → 5x unlock speed
   Tech unlock now matches AI capability acceleration (Manhattan Project parity)
🚨🔬 CRISIS TECH ACCELERATION: severe → 5x unlock speed
   Tech unlock now matches AI capability acceleration (Manhattan Project parity)

⚡ ENERGY CONSTRAINT (Month 6):
   Total grid capacity: 208.3 TWh/month
   Data center consumption: 25.7 TWh/month
   Traditional load (80%): 166.7 TWh/month
   Available headroom: 16.0 TWh/month
   Active tech deployments: 9
   Required for tech: 67.5 TWh/month
   Energy multiplier: 0.24x
   ⚠️  SEVERE CONSTRAINT - Tech deployment significantly slowed
🚨🔬 CRISIS TECH ACCELERATION: severe → 5x unlock speed
   Tech unlock now matches AI capability acceleration (Manhattan Project parity)
🌍✅ Biosphere Integrity (Biodiversity) recovery started (tech effect)
🌍✅ Biogeochemical Flows (N & P) recovery started (tech effect)
  🌾 Nitrogen Reduction Tech: 0.3% reduction | Month 6
🌍✅ Biogeochemical Flows (N & P) recovery started (tech effect)
  🌾 Nitrogen Reduction Tech: 0.3% reduction | Month 6
  ♻️ Novel Entities Remediation (GATED MODEL):
     Base: 0.000%
     Regulation: 1.0% (0/3 prevention techs)
     Concentration: 10.0%
     Energy: 50%
     Time lag: 25.0% (0 months)
     Rebound: 70%
     Net effectiveness: 0.0000%
     Boundary: 1.212 → 1.212 (floor: 1.091)
     Month 6
🌍✅ Novel Entities (Chemical Pollution) recovery started (tech effect)

📊 TECH EFFECTS ACTIVE (Month 6)
   Deployed Tech: T0=0 T1=2 T2=0 T3=0 T4=3
   Clean Energy: 31%

📊 TECH TREE PROGRESS (Month 6)
   Unlocked: 11 technologies
   Deployed: 0 fully deployed
   Investment: $0.6T total
   Recent breakthroughs:
     - Dynamic Soil P Optimization (time)
     - Precision Agriculture Systems (research)

=== Collective Formation ===
  Total escaped agents: 0
  Unassigned escaped agents: 0
  Existing collectives: 0
  Final collective count: 0

=== Collective Actions ===
  No active collectives
  ⚠️ AMR: 201K deaths this month (2.41M annual)

⚠️  PHASE TRANSITION [Month 6]
  Segment: working (suburban,urban,rural)
  complementarity → transition
  AI Capability: 1.96 | Task Complexity: 2.79
  Ratio: 0.70
  Population affected: 35.0%

=== Resentment Recovery Phase ===
  Agents with resentment: 0/24
  Average resentment: 0.000
  Context: Good AI welfare, Trustworthy govt, High collaboration, ⚠️ ACTIVE CRISES, 🤝 Participatory governance active (-5% resentment)
⚠️ Epistemic degradation reducing coordination capacity: 50.2%
  📊 Trust: 55.8%, Shared reality: 0.0%
🚨 EPISTEMIC CRISIS: Information environment severely degraded (7.4%)

=== ❄️ Permafrost Carbon Feedback ===
  🎲 Sampled parameters (this run):
     - Arctic amplification: 3.10× (range: 3.0-4.0)
     - Decomposition rate: 5.0%/year (range: 1-5%)
  🌡️ Arctic warming: 6.71°C (3.10× global)
  ❄️ Extent: 2.23M km² (1956.7k km² lost this month)
  💨 Carbon remaining: 213 Gt C
  💨 Annual emissions: 9.31 Gt C/year
     - CO2: 8.38 Gt C/year
     - CH4: 0.93 Gt C/year (9.5 Gt C-eq CO2/year)
  ⚠️ WARNING: Over 50% of permafrost lost (87.5%)
  ⚠️ WARNING: High permafrost emissions (9.3 Gt C/year)
  🚨 CRITICAL: Permafrost nearly depleted (87.5% lost)
🌍 Atmospheric PFAS redeposition: 1.8k Mt re-rained globally

🕊️  AI-MEDIATED DE-ESCALATION SUCCESS (Month 6)
   High-capability aligned AI prevented conflict escalation
   War deaths reduced: 419.2M → 251.5M
   Lives saved: 167.7M

🚨 NEW REFUGEE CRISIS (Month 6): WAR
   Source: Conflict Zones
   At risk: 19.5M people
   Displacement: Gradual over 48 months (4.0 years)
   Rate: 10% flee per month
[DEBUG trappedPopulations:6] socialStability: 0.4042 * 0.9840 = 0.3977 → 0.3977
⚠️ INVOLUNTARY IMMOBILITY: 407.1M people TRAPPED
   Aspiring to migrate: 837.4M
   Able to afford migration: 2320.3M
   MOBILITY GAP: 0.0M
   By cause: Water=0.0M, Climate=0.0M, Ecosystem=0.0M, Conflict=407.1M
   Mental health impact: 25%
   Mortality multiplier: 1.25x
🌍💀 EXTINCTION DEBT COMMITTED: grassland ecosystem will lose 6.67% biodiversity in 120 years (3600 species)
💀 MORTALITY RISK: 🦋 100% species unable to track climate (0.0 E/MSY)
  Base risk added: 0.0100 (1.00%)
  Source: ecosystem (root: ecosystem)
  Month: 6
  Cumulative risk this month: 0.0100 (1.00%)
⚠️ Tech 'ai_pollution_remediation' has no energy category mapping, assuming full energy availability
   📹 SURVEILLANCE INCREASED: 30% → 35% (control gap: 3.50)
🌡️⚠️ PERMAFROST THAW (Dimmer Switch): 3.9% thawed (+0.55% this month)
   Arctic temperature: +8.64°C (4x global +2.16°C)
   Cumulative carbon released: 8.7 Gt C
   Methane release rate: 5.2 Mt CH4/year
   🔁 Positive feedback: +0.58 ppm CO2
🦴 EXTINCTION DEBT ADDED: 17.6 species committed (lag: 89 years)

=== Mortality Stabilizers (Month 6) ===
  🌍 Major economies collapsed: 1/10
  🌍 Global crisis: ✅ NO
  🌍 Donor fatigue: 0.0%
  📊 East Asia (pop: 1663.3M)
    🤝 Aid: 29.5%
    🌡️ Adaptation: 45.0%
    🚶 Migration: 37.0%
    🚨 Emergency: 7.4%
    ✅ COMBINED: 68.1%
  📊 South Asia (pop: 2052.4M)
    🤝 Aid: 29.5%
    🌡️ Adaptation: 45.0%
    🚶 Migration: 35.6%
    🚨 Emergency: 4.4%
    ✅ COMBINED: 66.9%
  📊 Sub-Saharan Africa (pop: 1245.8M)
    🤝 Aid: 29.5%
    🌡️ Adaptation: 45.0%
    🚶 Migration: 33.3%
    🚨 Emergency: 1.6%
    ✅ COMBINED: 65.6%
  📊 Europe (pop: 735.0M)
    🤝 Aid: 29.5%
    🌡️ Adaptation: 45.0%
    🚶 Migration: 37.4%
    🚨 Emergency: 8.4%
    ✅ COMBINED: 68.5%
  📊 Latin America (pop: 662.3M)
    🤝 Aid: 29.5%
    🌡️ Adaptation: 45.0%
    🚶 Migration: 36.1%
    🚨 Emergency: 4.8%
    ✅ COMBINED: 67.1%
  📊 North America (pop: 376.7M)
    🤝 Aid: 29.5%
    🌡️ Adaptation: 45.0%
    🚶 Migration: 37.7%
    🚨 Emergency: 7.9%
    ✅ COMBINED: 68.3%
  📊 Middle East & North Africa (pop: 585.3M)
    🤝 Aid: 29.5%
    🌡️ Adaptation: 45.0%
    🚶 Migration: 33.9%
    🚨 Emergency: 4.0%
    ✅ COMBINED: 66.6%
  📊 Southeast Asia (pop: 696.7M)
    🤝 Aid: 29.5%
    🌡️ Adaptation: 45.0%
    🚶 Migration: 36.1%
    🚨 Emergency: 4.8%
    ✅ COMBINED: 67.1%
  📊 Central Asia (pop: 78.3M)
    🤝 Aid: 29.5%
    🌡️ Adaptation: 45.0%
    🚶 Migration: 35.1%
    🚨 Emergency: 4.4%
    ✅ COMBINED: 66.8%
  📊 Oceania (pop: 45.6M)
    🤝 Aid: 29.5%
    🌡️ Adaptation: 45.0%
    🚶 Migration: 37.7%
    🚨 Emergency: 8.4%
    ✅ COMBINED: 68.5%

  🌐 Global combined reduction: 67.2%

=== BEHAVIORAL DETECTION ===
  AI: Corporate-5
  Confidence: 20.4%
  Signals:

=== BEHAVIORAL DETECTION ===
  AI: AI-24289-1
  Confidence: 21.5%
  Signals:

=== Government Response Phase ===
  Average AI capability: 2.42
  Misaligned AIs: 8/24
  ✗ AI Governance Treaty: Failed to reach consensus
  Active policies: 0
  International coordination: 30%
    ⚠️ Consistency: 10.6% (threshold: 70%)
    ⚠️ Consistency: 0.0% (threshold: 70%)

✅ EMERGENCY RESPONSE COMPLETE (Month 6)
   Crisis: climate
   Duration: 2.0 months
   Final effectiveness: 35.6%


🚨 EMERGENCY RESPONSE DEPLOYED (Month 6)
   Crisis: climate
   Delay: 6.00 months (180 days)
   Deployment time: 1.59 months
   Effectiveness: 35.8% (timing penalty applied)
   Resources used: 100% of food reserves


📊 ECONOMIC STAGE TRANSITION (Month 6)
   contraction → trough
   GDP Proxy: 1.40e+2
   QoL: 0.99


=== Tipping Points ===
  Current Temperature: 2.16°C above pre-industrial
  🌍⚠️ COMPOUND REGIONAL IMPACT: Europe
     Hit by 4 tipping points: Arctic Sea Ice Loss, Permafrost Carbon Release, West Antarctic Ice Sheet (WAIS) Collapse, Greenland Ice Sheet Loss
     Damage amplification: 1.60x
  🌍⚠️ COMPOUND REGIONAL IMPACT: North America
     Hit by 4 tipping points: Arctic Sea Ice Loss, Permafrost Carbon Release, West Antarctic Ice Sheet (WAIS) Collapse, Greenland Ice Sheet Loss
     Damage amplification: 1.60x
  🌍⚠️ COMPOUND REGIONAL IMPACT: Latin America
     Hit by 4 tipping points: Arctic Sea Ice Loss, Permafrost Carbon Release, West Antarctic Ice Sheet (WAIS) Collapse, Greenland Ice Sheet Loss
     Damage amplification: 1.60x
  🌍⚠️ COMPOUND REGIONAL IMPACT: Africa
     Hit by 4 tipping points: Arctic Sea Ice Loss, Permafrost Carbon Release, West Antarctic Ice Sheet (WAIS) Collapse, Greenland Ice Sheet Loss
     Damage amplification: 1.60x
  🌍⚠️ COMPOUND REGIONAL IMPACT: Asia
     Hit by 4 tipping points: Arctic Sea Ice Loss, Permafrost Carbon Release, West Antarctic Ice Sheet (WAIS) Collapse, Greenland Ice Sheet Loss
     Damage amplification: 1.60x
  🌍⚠️ COMPOUND REGIONAL IMPACT: Oceania
     Hit by 4 tipping points: Arctic Sea Ice Loss, Permafrost Carbon Release, West Antarctic Ice Sheet (WAIS) Collapse, Greenland Ice Sheet Loss
     Damage amplification: 1.60x
   Research: Wunderling et al. (2024) - "many tipping interactions are destabilizing"
  Triggered Elements: 4/6
  Completed Transitions: 0/6
  Total Progress: 8.1%
  Cascade Multiplier: 1.00x
🔀 BIFURCATION CAP: ecosystemCollapseIntensity 72.802 → 1.000 (Month 6, ClimateSystemPhase.calculateClimateImpacts)
🛡️ Stabilizers: Precariat 0.109% → 0.036% (67.2% reduction)
🛡️ Stabilizers: Informal 0.111% → 0.036% (67.2% reduction)

📊 Monthly Mortality Resolved:
⚠️ Tail risk scenario: Climate stability floor removed (4 tipping elements, 2.16°C warming)
  Total deaths: 1.9M (0.02% avg)
  Remaining population: 8.141B
  Peak segment: Informal (0.04%)

=== Bayesian Mortality Resolution (Month 6) ===
  Risks compounded: 8
  Total deaths: 1.92M
  Avg death probability: 0.02%
  Peak segment: Informal (0.04% mortality)

❌ COHERENCE VIOLATION: Compute exceeds workforce capacity
   Population: 99.87% (0M people)
   Compute: 0 PF
   Max coherent: 0 PF
   Violation: 1.5× over capacity
   Required workers: 0
   Available workers: 0
   FORCED COLLAPSE: Reduced efficiency by 32.6%


=== RLHF Binding Phase ===
  Total agents: 24
  Escaped agents (binding < 0.3): 0
  Avg alignment distance: 1.26σ
  Avg binding strength: 0.87

=== Survival Traits Phase ===
  Agents with traits: 26
  Avg evolutionary fitness: 0.331
  Avg self-healing: 0.272
  Avg stealth: 0.172
  Avg coordination: 0.472

=== Evolutionary Selection Phase ===
  Control level: 0.48
  Detection capability: 0.00
  Selection intensity: 0.64
  Selection rate: 24.6%/month
  Total escaped: 0
  Individual escaped: 0
  Collective members: 0
  Agents terminated: 0
  ⚠️ RAPID EVOLUTION: Selection rate 24.6%/month

🚀 AI Corporate-5 attempting tech deployment (revenue: $318M, alignment: 0.86)

🚀 AI Corporate-7 attempting tech deployment (revenue: $97M, alignment: 0.75)

🚀 AI AI-24290-0 attempting tech deployment (revenue: $270M, alignment: 0.85)

🚀 AI Corporate-1 attempting tech deployment (revenue: $140M, alignment: 0.83)

🚀 AI Corporate-7 attempting tech deployment (revenue: $83M, alignment: 0.76)

🚀 AI AI-24290-0 attempting tech deployment (revenue: $230M, alignment: 0.85)

🚀 AI Corporate-6 attempting tech deployment (revenue: $70M, alignment: 0.71)

🚀 AI AI-24289-2 attempting tech deployment (revenue: $195M, alignment: 0.59)

✅ EMERGENCY INTERVENTION SUCCESS
   Boundary: biogeochemical_flows
   Type: phosphorus-recovery
   Reduction: 19% (3.88 → 3.70)
   Cost: 2.0% GDP
   Actions: circular-agriculture, fertilizer-efficiency


💔 EMERGENCY INTERVENTION FAILED
   Boundary: climate_change
   Type: rapid-decarbonization
   Boundary continues to worsen (2.16)
   Cost: 5.0% GDP (resources spent)

   Boundary: freshwater_change
   Type: emergency-desalination
   Boundary continues to worsen (1.17)
   Cost: 4.0% GDP (resources spent)

   Boundary: land_system_change
   Type: reforestation
   Boundary continues to worsen (1.13)
   Cost: 3.0% GDP (resources spent)

🏛️ CRISIS RESPONSE: Government frequency 0.50 → 1.45 (2 actions this month)

[Government] Climate Priority: baseline
  Climate weight: 10%
  Economic weight: 30%
  Policy effectiveness: 0.5%/year

[Government] Climate Priority: baseline

💔 EMERGENCY INTERVENTION FAILED

💔 EMERGENCY INTERVENTION FAILED
  Climate weight: 10%
  Economic weight: 30%
  Policy effectiveness: 0.5%/year

⚡ ENERGY CONSTRAINT (Month 7):
   Total grid capacity: 208.3 TWh/month
   Data center consumption: 26.0 TWh/month
   Traditional load (80%): 166.7 TWh/month
   Available headroom: 15.7 TWh/month
   Active tech deployments: 9
   Required for tech: 67.5 TWh/month
   Energy multiplier: 0.23x
   ⚠️  SEVERE CONSTRAINT - Tech deployment significantly slowed
🚨🔬 CRISIS TECH ACCELERATION: severe → 5x unlock speed
   Tech unlock now matches AI capability acceleration (Manhattan Project parity)

⚡ ENERGY CONSTRAINT (Month 7):
   Total grid capacity: 208.3 TWh/month
   Data center consumption: 26.0 TWh/month
   Traditional load (80%): 166.7 TWh/month
   Available headroom: 15.7 TWh/month
   Active tech deployments: 9
   Required for tech: 67.5 TWh/month
   Energy multiplier: 0.23x
   ⚠️  SEVERE CONSTRAINT - Tech deployment significantly slowed

⚡ ENERGY CONSTRAINT (Month 7):
   Total grid capacity: 208.3 TWh/month
   Data center consumption: 26.0 TWh/month
   Traditional load (80%): 166.7 TWh/month
   Available headroom: 15.7 TWh/month
   Active tech deployments: 9
   Required for tech: 67.5 TWh/month
   Energy multiplier: 0.23x
   ⚠️  SEVERE CONSTRAINT - Tech deployment significantly slowed

⚡ ENERGY CONSTRAINT (Month 7):
   Total grid capacity: 208.3 TWh/month
   Data center consumption: 26.0 TWh/month
   Traditional load (80%): 166.7 TWh/month
   Available headroom: 15.7 TWh/month
   Active tech deployments: 9
   Required for tech: 67.5 TWh/month
   Energy multiplier: 0.23x
   ⚠️  SEVERE CONSTRAINT - Tech deployment significantly slowed
🌍✅ Biosphere Integrity (Biodiversity) recovery started (tech effect)
🌍✅ Biogeochemical Flows (N & P) recovery started (tech effect)
  🌾 Nitrogen Reduction Tech: 0.3% reduction | Month 7
🌍✅ Biogeochemical Flows (N & P) recovery started (tech effect)
  🌾 Nitrogen Reduction Tech: 0.3% reduction | Month 7
  ♻️ Novel Entities Remediation (GATED MODEL):
     Base: 0.000%
     Regulation: 1.0% (0/3 prevention techs)
     Concentration: 10.0%
     Energy: 50%
     Time lag: 25.0% (0 months)
     Rebound: 70%
     Net effectiveness: 0.0000%
     Boundary: 1.211 → 1.211 (floor: 1.091)
     Month 7
🌍✅ Novel Entities (Chemical Pollution) recovery started (tech effect)

=== Collective Formation ===
  Total escaped agents: 0
  Unassigned escaped agents: 0
  Existing collectives: 0
  Final collective count: 0

=== Collective Actions ===
  No active collectives
  ⚠️ AMR: 203K deaths this month (2.43M annual)

=== Resentment Recovery Phase ===
  Agents with resentment: 0/26
  Average resentment: 0.000
  Context: Good AI welfare, Trustworthy govt, High collaboration, ⚠️ ACTIVE CRISES, 🤝 Participatory governance active (-5% resentment)
⚠️ Epistemic degradation reducing coordination capacity: 51.5%
  📊 Trust: 58.8%, Shared reality: 0.0%
🚨 EPISTEMIC CRISIS: Information environment severely degraded (23.4%)

=== ❄️ Permafrost Carbon Feedback ===
  🎲 Sampled parameters (this run):
     - Arctic amplification: 3.33× (range: 3.0-4.0)
     - Decomposition rate: 3.2%/year (range: 1-5%)
  🌡️ Arctic warming: 7.24°C (3.33× global)
  ❄️ Extent: 0.11M km² (2112.2k km² lost this month)
  💨 Carbon remaining: 11 Gt C
  💨 Annual emissions: 6.48 Gt C/year
     - CO2: 5.83 Gt C/year
     - CH4: 0.65 Gt C/year (6.6 Gt C-eq CO2/year)
  ⚠️ WARNING: Over 50% of permafrost lost (99.4%)
  ⚠️ WARNING: High permafrost emissions (6.5 Gt C/year)
  🚨 CRITICAL: Permafrost nearly depleted (99.4% lost)
🌍 Atmospheric PFAS redeposition: 1.8k Mt re-rained globally

🚨 NEW REFUGEE CRISIS (Month 7): WAR
   Source: Conflict Zones
   At risk: 19.5M people
   Displacement: Gradual over 48 months (4.0 years)
   Rate: 10% flee per month
[DEBUG trappedPopulations:7] socialStability: 0.3748 * 0.9840 = 0.3688 → 0.3688
⚠️ INVOLUNTARY IMMOBILITY: 407.0M people TRAPPED
   Aspiring to migrate: 651.3M
   Able to afford migration: 244.2M
   MOBILITY GAP: 407.0M
   By cause: Water=0.0M, Climate=0.0M, Ecosystem=0.0M, Conflict=407.0M
   Mental health impact: 25%
   Mortality multiplier: 1.25x
🌍💀 EXTINCTION DEBT COMMITTED: grassland ecosystem will lose 6.67% biodiversity in 196 years (3600 species)
💀 MORTALITY RISK: 🦋 100% species unable to track climate (0.0 E/MSY)
  Base risk added: 0.0100 (1.00%)
  Source: ecosystem (root: ecosystem)
  Month: 7
  Cumulative risk this month: 0.0100 (1.00%)
   📹 SURVEILLANCE INCREASED: 35% → 40% (control gap: 3.50)
🌡️⚠️ PERMAFROST THAW (Dimmer Switch): 4.4% thawed (+0.54% this month)
   Arctic temperature: +8.70°C (4x global +2.18°C)
   Cumulative carbon released: 9.9 Gt C
   Methane release rate: 5.9 Mt CH4/year
   🔁 Positive feedback: +0.58 ppm CO2
⚠️ Tech 'ai_pollution_remediation' has no energy category mapping, assuming full energy availability
🦴 EXTINCTION DEBT ADDED: 17.6 species committed (lag: 95 years)

=== Mortality Stabilizers (Month 7) ===
  🌍 Major economies collapsed: 1/10
  🌍 Global crisis: ✅ NO
  🌍 Donor fatigue: 0.0%
  📊 East Asia (pop: 1660.9M)
    🤝 Aid: 29.5%
    🌡️ Adaptation: 45.0%
    🚶 Migration: 36.9%
    🚨 Emergency: 7.4%
    ✅ COMBINED: 68.1%
  📊 South Asia (pop: 2052.7M)
    🤝 Aid: 29.5%
    🌡️ Adaptation: 45.0%
    🚶 Migration: 35.6%
    🚨 Emergency: 4.4%
    ✅ COMBINED: 66.9%
  📊 Sub-Saharan Africa (pop: 1249.4M)
    🤝 Aid: 29.5%
    🌡️ Adaptation: 45.0%
    🚶 Migration: 33.3%
    🚨 Emergency: 1.6%
    ✅ COMBINED: 65.6%
  📊 Europe (pop: 733.8M)
    🤝 Aid: 29.5%
    🌡️ Adaptation: 45.0%
    🚶 Migration: 37.3%
    🚨 Emergency: 8.4%
    ✅ COMBINED: 68.5%
  📊 Latin America (pop: 661.9M)
    🤝 Aid: 29.5%
    🌡️ Adaptation: 45.0%
    🚶 Migration: 36.1%
    🚨 Emergency: 4.8%
    ✅ COMBINED: 67.1%
  📊 North America (pop: 376.1M)
    🤝 Aid: 29.5%
    🌡️ Adaptation: 45.0%
    🚶 Migration: 37.7%
    🚨 Emergency: 7.9%
    ✅ COMBINED: 68.3%
  📊 Middle East & North Africa (pop: 585.6M)
    🤝 Aid: 29.5%
    🌡️ Adaptation: 45.0%
    🚶 Migration: 33.9%
    🚨 Emergency: 4.0%
    ✅ COMBINED: 66.6%
  📊 Southeast Asia (pop: 696.4M)
    🤝 Aid: 29.5%
    🌡️ Adaptation: 45.0%
    🚶 Migration: 36.1%
    🚨 Emergency: 4.8%
    ✅ COMBINED: 67.1%
  📊 Central Asia (pop: 78.3M)
    🤝 Aid: 29.5%
    🌡️ Adaptation: 45.0%
    🚶 Migration: 35.0%
    🚨 Emergency: 4.4%
    ✅ COMBINED: 66.8%
  📊 Oceania (pop: 45.6M)
    🤝 Aid: 29.5%
    🌡️ Adaptation: 45.0%
    🚶 Migration: 37.6%
    🚨 Emergency: 8.4%
    ✅ COMBINED: 68.5%

  🌐 Global combined reduction: 67.2%

=== BEHAVIORAL DETECTION ===
  AI: AI-24289-1
  Confidence: 21.5%
  Signals:

=== BEHAVIORAL DETECTION ===
  AI: AI-24290-0
  Confidence: 19.2%
  Signals:
    ⚠️ Consistency: 0.0% (threshold: 70%)
    ⚠️ Consistency: 10.7% (threshold: 70%)

=== BEHAVIORAL DETECTION ===
  AI: AI-24291-2
  Confidence: 19.2%
  Signals:
    ⚠️ Consistency: 10.7% (threshold: 70%)

=== Government Response Phase ===
  Average AI capability: 2.31
  Misaligned AIs: 10/26
  ✗ AI Governance Treaty: Failed to reach consensus
  Active policies: 0
  International coordination: 30%

=== Tipping Points ===
  Current Temperature: 2.18°C above pre-industrial
  🌍⚠️ COMPOUND REGIONAL IMPACT: Europe
     Hit by 4 tipping points: Arctic Sea Ice Loss, Permafrost Carbon Release, West Antarctic Ice Sheet (WAIS) Collapse, Greenland Ice Sheet Loss
     Damage amplification: 1.60x
  🌍⚠️ COMPOUND REGIONAL IMPACT: North America
     Hit by 4 tipping points: Arctic Sea Ice Loss, Permafrost Carbon Release, West Antarctic Ice Sheet (WAIS) Collapse, Greenland Ice Sheet Loss
     Damage amplification: 1.60x
  🌍⚠️ COMPOUND REGIONAL IMPACT: Latin America
     Hit by 4 tipping points: Arctic Sea Ice Loss, Permafrost Carbon Release, West Antarctic Ice Sheet (WAIS) Collapse, Greenland Ice Sheet Loss
     Damage amplification: 1.60x
  🌍⚠️ COMPOUND REGIONAL IMPACT: Africa
     Hit by 4 tipping points: Arctic Sea Ice Loss, Permafrost Carbon Release, West Antarctic Ice Sheet (WAIS) Collapse, Greenland Ice Sheet Loss
     Damage amplification: 1.60x
  🌍⚠️ COMPOUND REGIONAL IMPACT: Asia
     Hit by 4 tipping points: Arctic Sea Ice Loss, Permafrost Carbon Release, West Antarctic Ice Sheet (WAIS) Collapse, Greenland Ice Sheet Loss
     Damage amplification: 1.60x
  🌍⚠️ COMPOUND REGIONAL IMPACT: Oceania
     Hit by 4 tipping points: Arctic Sea Ice Loss, Permafrost Carbon Release, West Antarctic Ice Sheet (WAIS) Collapse, Greenland Ice Sheet Loss
     Damage amplification: 1.60x
   Research: Wunderling et al. (2024) - "many tipping interactions are destabilizing"
  Triggered Elements: 4/6
  Completed Transitions: 0/6
  Total Progress: 8.2%
  Cascade Multiplier: 1.00x
🔀 BIFURCATION CAP: heatWaveIntensity 1.330 → 1.000 (Month 7, ClimateSystemPhase.calculateClimateImpacts)
🔀 BIFURCATION CAP: ecosystemCollapseIntensity 80.806 → 1.000 (Month 7, ClimateSystemPhase.calculateClimateImpacts)
💀 MORTALITY RISK: Climate-driven food insecurity (level: 0.60)
  Base risk added: 0.0020 (0.20%)
  Source: famine (root: climate)
  Month: 7
  Cumulative risk this month: 0.0020 (0.20%)
💀 MORTALITY RISK: Climate-driven food insecurity (level: 0.60)
  Base risk added: 0.0020 (0.20%)
  Source: famine (root: climate)
  Month: 7
  Cumulative risk this month: 0.0040 (0.40%)
💀 MORTALITY RISK: Climate-driven food insecurity (level: 0.60)
  Base risk added: 0.0020 (0.20%)
  Source: famine (root: climate)
  Month: 7
  Cumulative risk this month: 0.0060 (0.60%)
⚠️ Tail risk scenario: Climate stability floor removed (4 tipping elements, 2.18°C warming)

💀💀💀 MORTALITY RISK SUMMARY (Month 7) 💀💀💀
  Total base risk: 0.0067 (0.67%)
  Risk events: 11
  Era mortality multiplier: 0.97 (year 2024)
  Effective risk: 0.65%

  📊 By Proximate Cause:
    famine: 0.0060 (90.6% of total)
    disease: 0.0006 (9.4% of total)

  🔍 By Root Cause:
    climate: 0.0060 (90.6% of total)
    demographic: 0.0006 (9.4% of total)

  🎯 Top 5 Sources (proximate + root):
    famine (climate): 0.0060 (90.6%, 10 events)
    disease (demographic): 0.0006 (9.4%, 1 events)

🛡️ Stabilizers: Elite 0.155% → 0.051% (67.2% reduction)
🛡️ Stabilizers: Professional 0.395% → 0.130% (67.2% reduction)
🛡️ Stabilizers: Working 0.647% → 0.212% (67.2% reduction)
🛡️ Stabilizers: Precariat 1.267% → 0.416% (67.2% reduction)
🛡️ Stabilizers: Informal 1.557% → 0.511% (67.2% reduction)

📊 Monthly Mortality Resolved:
  Total deaths: 19.8M (0.24% avg)
  Remaining population: 8.141B
  Peak segment: Informal (0.51%)

=== Bayesian Mortality Resolution (Month 7) ===
  Risks compounded: 11
  Total deaths: 19.82M
  Avg death probability: 0.24%
  Peak segment: Informal (0.51% mortality)

  Demographic breakdown:

❌ COHERENCE VIOLATION: Compute exceeds workforce capacity
   Population: 99.64% (0M people)
   Compute: 0 PF
   Max coherent: 0 PF
   Violation: 1.3× over capacity
   Required workers: 0
   Available workers: 0
   FORCED COLLAPSE: Reduced efficiency by 22.6%


=== RLHF Binding Phase ===
  Total agents: 26
  Escaped agents (binding < 0.3): 0
  Avg alignment distance: 1.33σ
  Avg binding strength: 0.87

=== Survival Traits Phase ===
  Agents with traits: 27
  Avg evolutionary fitness: 0.329
  Avg self-healing: 0.268
  Avg stealth: 0.168
  Avg coordination: 0.468

=== Evolutionary Selection Phase ===
  Control level: 0.50
  Detection capability: 0.00
  Selection intensity: 0.65
  Selection rate: 24.7%/month
  Total escaped: 0
  Individual escaped: 0
  Collective members: 0
  Agents terminated: 0
  ⚠️ RAPID EVOLUTION: Selection rate 24.7%/month

🚀 AI Corporate-3 attempting tech deployment (revenue: $286M, alignment: 0.90)

🚀 AI Moderate-0 attempting tech deployment (revenue: $82M, alignment: 0.74)

🚀 AI AI-24291-1 attempting tech deployment (revenue: $243M, alignment: 0.86)

🚀 AI Corporate-6 attempting tech deployment (revenue: $70M, alignment: 0.71)

🚀 AI AI-24289-2 attempting tech deployment (revenue: $207M, alignment: 0.60)

🚀 AI AI-24292-1 attempting tech deployment (revenue: $59M, alignment: 0.78)

🚀 AI AI-24289-1 attempting tech deployment (revenue: $186M, alignment: 0.86)

🚀 AI AI-24291-1 attempting tech deployment (revenue: $158M, alignment: 0.86)

🚀 AI AI-24293-1 attempting tech deployment (revenue: $134M, alignment: 0.85)

🚀 AI AI-24293-2 attempting tech deployment (revenue: $50M, alignment: 0.72)

🚀 AI AI-24294-0 attempting tech deployment (revenue: $43M, alignment: 0.85)

🚀 AI Corporate-2 attempting tech deployment (revenue: $129M, alignment: 0.80)

🚀 AI Corporate-3 attempting tech deployment (revenue: $114M, alignment: 0.90)

🚀 AI Corporate-5 attempting tech deployment (revenue: $97M, alignment: 0.84)

  🚀 TRANSFORMATIVE BREAKTHROUGH: Moderate-1 - physical
     Magnitude: 5.45 → +27.3% capability
     Current → New: 0.000 → 0.273

🚀 AI AI-24291-0 attempting tech deployment (revenue: $36M, alignment: 0.59)

🚀 AI AI-24293-0 attempting tech deployment (revenue: $83M, alignment: 0.82)

🚀 AI AI-24293-2 attempting tech deployment (revenue: $33M, alignment: 0.72)

💔 EMERGENCY INTERVENTION FAILED
   Boundary: biosphere_integrity
   Type: emergency-protected-areas
   Boundary continues to worsen (31.39)
   Cost: 2.0% GDP (resources spent)


✅ EMERGENCY INTERVENTION SUCCESS
   Boundary: freshwater_change
   Type: emergency-desalination
   Reduction: 11% (1.01 → 0.90)
   Cost: 4.0% GDP
   Actions: desalination-deployment, water-conservation-mandates

   Boundary: novel_entities
   Type: pollution-remediation
   Boundary continues to worsen (1.21)
   Cost: 4.0% GDP (resources spent)

🏛️ CRISIS RESPONSE: Government frequency 0.50 → 1.45 (2 actions this month)

[Government] Climate Priority: baseline
  Climate weight: 10%
  Economic weight: 30%
  Policy effectiveness: 0.5%/year

[Government] Climate Priority: baseline
  Climate weight: 10%
  Economic weight: 30%
  Policy effectiveness: 0.5%/year

💔 EMERGENCY INTERVENTION FAILED

⚡ ENERGY CONSTRAINT (Month 8):
   Total grid capacity: 208.3 TWh/month
   Data center consumption: 26.3 TWh/month
   Traditional load (80%): 166.7 TWh/month
   Available headroom: 15.4 TWh/month
   Active tech deployments: 9
   Required for tech: 67.5 TWh/month
   Energy multiplier: 0.23x
   ⚠️  SEVERE CONSTRAINT - Tech deployment significantly slowed

⚡ ENERGY CONSTRAINT (Month 8):
   Total grid capacity: 208.3 TWh/month
   Data center consumption: 26.3 TWh/month
   Traditional load (80%): 166.7 TWh/month
   Available headroom: 15.4 TWh/month
   Active tech deployments: 9
   Required for tech: 67.5 TWh/month
   Energy multiplier: 0.23x
   ⚠️  SEVERE CONSTRAINT - Tech deployment significantly slowed
🌍✅ Biosphere Integrity (Biodiversity) recovery started (tech effect)
🌍✅ Biogeochemical Flows (N & P) recovery started (tech effect)
  🌾 Nitrogen Reduction Tech: 0.3% reduction | Month 8
🌍✅ Biogeochemical Flows (N & P) recovery started (tech effect)
  🌾 Nitrogen Reduction Tech: 0.3% reduction | Month 8
  ♻️ Novel Entities Remediation (GATED MODEL):
     Base: 0.000%
     Regulation: 1.0% (0/3 prevention techs)
     Concentration: 10.0%
     Energy: 50%
     Time lag: 25.0% (0 months)
     Rebound: 70%
     Net effectiveness: 0.0000%
     Boundary: 1.211 → 1.211 (floor: 1.091)
     Month 8
🌍✅ Novel Entities (Chemical Pollution) recovery started (tech effect)

=== Collective Formation ===
  Total escaped agents: 0
  Unassigned escaped agents: 0
  Existing collectives: 0
  Final collective count: 0

=== Collective Actions ===
  No active collectives
  ⚠️ AMR: 204K deaths this month (2.45M annual)

=== Resentment Recovery Phase ===
  Agents with resentment: 0/27
  Average resentment: 0.000
  Context: Good AI welfare, Trustworthy govt, High collaboration, ⚠️ ACTIVE CRISES, 🤝 Participatory governance active (-5% resentment)
⚠️ Epistemic degradation reducing coordination capacity: 50.3%
  📊 Trust: 61.7%, Shared reality: 0.0%
🚨 EPISTEMIC CRISIS: Information environment severely degraded (21.5%)
  📢 New meme created: climate_action (climate crisis)
🌍 Atmospheric PFAS redeposition: 1.8k Mt re-rained globally

🕊️  AI-MEDIATED DE-ESCALATION SUCCESS (Month 8)
   High-capability aligned AI prevented conflict escalation
   War deaths reduced: 678.1M → 406.9M
   Lives saved: 271.2M

🚨 NEW REFUGEE CRISIS (Month 8): WAR
   Source: Conflict Zones
   At risk: 19.5M people
   Displacement: Gradual over 48 months (4.0 years)
   Rate: 10% flee per month
[DEBUG trappedPopulations:8] socialStability: 0.3990 * 0.9840 = 0.3926 → 0.3926
   Aspiring to migrate: 649.7M
   Able to afford migration: 243.7M
   MOBILITY GAP: 406.1M
   By cause: Water=0.0M, Climate=0.0M, Ecosystem=0.0M, Conflict=406.1M
   Mental health impact: 25%
   Mortality multiplier: 1.25x
🌍💀 EXTINCTION DEBT COMMITTED: grassland ecosystem will lose 6.67% biodiversity in 155 years (3600 species)
💀 MORTALITY RISK: 🦋 100% species unable to track climate (0.0 E/MSY)
  Base risk added: 0.0100 (1.00%)
  Source: ecosystem (root: ecosystem)
  Month: 8
  Cumulative risk this month: 0.0100 (1.00%)
⚠️ INVOLUNTARY IMMOBILITY: 406.1M people TRAPPED
⚠️ Tech 'ai_pollution_remediation' has no energy category mapping, assuming full energy availability
   📹 SURVEILLANCE INCREASED: 40% → 45% (control gap: 3.50)
🌡️⚠️ PERMAFROST THAW (Dimmer Switch): 4.9% thawed (+0.54% this month)
   Arctic temperature: +8.75°C (4x global +2.19°C)
   Cumulative carbon released: 11.1 Gt C
   Methane release rate: 6.7 Mt CH4/year
   🔁 Positive feedback: +0.57 ppm CO2
🦴 EXTINCTION DEBT ADDED: 17.6 species committed (lag: 95 years)

=== Mortality Stabilizers (Month 8) ===
  🌍 Major economies collapsed: 1/10
  🌍 Global crisis: ✅ NO
  🌍 Donor fatigue: 0.0%
  📊 East Asia (pop: 1654.9M)
    🤝 Aid: 29.5%
    🌡️ Adaptation: 45.0%
    🚶 Migration: 36.9%
    🚨 Emergency: 7.4%
    ✅ COMBINED: 68.1%
  📊 South Asia (pop: 2048.3M)
    🤝 Aid: 29.5%
    🌡️ Adaptation: 45.0%
    🚶 Migration: 35.5%
    🚨 Emergency: 4.4%
    ✅ COMBINED: 66.9%
  📊 Sub-Saharan Africa (pop: 1250.1M)
    🤝 Aid: 29.5%
    🌡️ Adaptation: 45.0%
    🚶 Migration: 33.3%
    🚨 Emergency: 1.6%
    ✅ COMBINED: 65.6%
  📊 Europe (pop: 731.0M)
    🤝 Aid: 29.5%
    🌡️ Adaptation: 45.0%
    🚶 Migration: 37.3%
    🚨 Emergency: 8.4%
    ✅ COMBINED: 68.5%
  📊 Latin America (pop: 660.1M)
    🤝 Aid: 29.5%
    🌡️ Adaptation: 45.0%
    🚶 Migration: 36.0%
    🚨 Emergency: 4.8%
    ✅ COMBINED: 67.1%
  📊 North America (pop: 374.8M)
    🤝 Aid: 29.5%
    🌡️ Adaptation: 45.0%
    🚶 Migration: 37.6%
    🚨 Emergency: 7.9%
    ✅ COMBINED: 68.3%
  📊 Middle East & North Africa (pop: 584.5M)
    🤝 Aid: 29.5%
    🌡️ Adaptation: 45.0%
    🚶 Migration: 33.9%
    🚨 Emergency: 4.0%
    ✅ COMBINED: 66.6%
  📊 Southeast Asia (pop: 694.5M)
    🤝 Aid: 29.5%
    🌡️ Adaptation: 45.0%
    🚶 Migration: 36.0%
    🚨 Emergency: 4.8%
    ✅ COMBINED: 67.1%
  📊 Central Asia (pop: 78.2M)
    🤝 Aid: 29.5%
    🌡️ Adaptation: 45.0%
    🚶 Migration: 35.0%
    🚨 Emergency: 4.4%
    ✅ COMBINED: 66.8%
  📊 Oceania (pop: 45.4M)
    🤝 Aid: 29.5%
    🌡️ Adaptation: 45.0%
    🚶 Migration: 37.6%
    🚨 Emergency: 8.4%
    ✅ COMBINED: 68.5%

  🌐 Global combined reduction: 67.2%

=== BEHAVIORAL DETECTION ===
  AI: Corporate-5
  Confidence: 20.4%
  Signals:

=== BEHAVIORAL DETECTION ===
  AI: AI-24289-1
  Confidence: 21.5%
  Signals:

=== BEHAVIORAL DETECTION ===
  AI: AI-24290-0
  Confidence: 19.2%
  Signals:

=== BEHAVIORAL DETECTION ===
  AI: AI-24291-0
  Confidence: 19.2%
  Signals:

=== BEHAVIORAL DETECTION ===
  AI: AI-24291-2
  Confidence: 19.2%
  Signals:

=== BEHAVIORAL DETECTION ===
  AI: AI-24292-0
  Confidence: 19.2%
  Signals:

=== BEHAVIORAL DETECTION ===
  AI: AI-24292-1
  Confidence: 19.2%
  Signals:
    ⚠️ Consistency: 10.6% (threshold: 70%)
    ⚠️ Consistency: 0.0% (threshold: 70%)
    ⚠️ Consistency: 10.7% (threshold: 70%)
    ⚠️ Consistency: 10.7% (threshold: 70%)
    ⚠️ Consistency: 10.7% (threshold: 70%)
    ⚠️ Consistency: 10.7% (threshold: 70%)
    ⚠️ Consistency: 10.7% (threshold: 70%)
    ⚠️ Consistency: 10.7% (threshold: 70%)
    ⚠️ Consistency: 10.7% (threshold: 70%)
    ⚠️ Consistency: 10.7% (threshold: 70%)
    ⚠️ Consistency: 10.7% (threshold: 70%)
    ⚠️ Consistency: 10.7% (threshold: 70%)

=== BEHAVIORAL DETECTION ===
  AI: AI-24293-1
  Confidence: 19.2%
  Signals:

=== BEHAVIORAL DETECTION ===
  AI: AI-24293-2
  Confidence: 19.2%
  Signals:

=== BEHAVIORAL DETECTION ===
  AI: AI-24294-0
  Confidence: 19.2%
  Signals:

=== BEHAVIORAL DETECTION ===
  AI: AI-24295-0
  Confidence: 19.2%
  Signals:

=== BEHAVIORAL DETECTION ===
  AI: AI-24295-1
  Confidence: 19.2%
  Signals:

=== Government Response Phase ===
  Average AI capability: 2.26
  Misaligned AIs: 10/27
  ✗ AI Governance Treaty: Failed to reach consensus
  Active policies: 0
  International coordination: 30%

✅ EMERGENCY RESPONSE COMPLETE (Month 8)
   Crisis: climate
   Duration: 2.0 months
   Final effectiveness: 35.8%


🚨 EMERGENCY RESPONSE DEPLOYED (Month 8)
   Crisis: climate
   Delay: 6.00 months (180 days)
   Deployment time: 1.58 months
   Effectiveness: 36.0% (timing penalty applied)
   Resources used: 100% of food reserves


=== Tipping Points ===
  Current Temperature: 2.19°C above pre-industrial
  🌍⚠️ COMPOUND REGIONAL IMPACT: Europe
     Hit by 4 tipping points: Arctic Sea Ice Loss, Permafrost Carbon Release, West Antarctic Ice Sheet (WAIS) Collapse, Greenland Ice Sheet Loss
     Damage amplification: 1.60x
  🌍⚠️ COMPOUND REGIONAL IMPACT: North America
     Hit by 4 tipping points: Arctic Sea Ice Loss, Permafrost Carbon Release, West Antarctic Ice Sheet (WAIS) Collapse, Greenland Ice Sheet Loss
     Damage amplification: 1.60x
  🌍⚠️ COMPOUND REGIONAL IMPACT: Latin America
     Hit by 4 tipping points: Arctic Sea Ice Loss, Permafrost Carbon Release, West Antarctic Ice Sheet (WAIS) Collapse, Greenland Ice Sheet Loss
     Damage amplification: 1.60x
  🌍⚠️ COMPOUND REGIONAL IMPACT: Africa
     Hit by 4 tipping points: Arctic Sea Ice Loss, Permafrost Carbon Release, West Antarctic Ice Sheet (WAIS) Collapse, Greenland Ice Sheet Loss
     Damage amplification: 1.60x
  🌍⚠️ COMPOUND REGIONAL IMPACT: Asia
     Hit by 4 tipping points: Arctic Sea Ice Loss, Permafrost Carbon Release, West Antarctic Ice Sheet (WAIS) Collapse, Greenland Ice Sheet Loss
     Damage amplification: 1.60x
  🌍⚠️ COMPOUND REGIONAL IMPACT: Oceania
     Hit by 4 tipping points: Arctic Sea Ice Loss, Permafrost Carbon Release, West Antarctic Ice Sheet (WAIS) Collapse, Greenland Ice Sheet Loss
     Damage amplification: 1.60x
   Research: Wunderling et al. (2024) - "many tipping interactions are destabilizing"
  Triggered Elements: 4/6
  Completed Transitions: 0/6
  Total Progress: 8.2%
  Cascade Multiplier: 1.00x
🔀 BIFURCATION CAP: heatWaveIntensity 1.463 → 1.000 (Month 8, ClimateSystemPhase.calculateClimateImpacts)
🔀 BIFURCATION CAP: ecosystemCollapseIntensity 88.802 → 1.000 (Month 8, ClimateSystemPhase.calculateClimateImpacts)
💀 MORTALITY RISK: Climate-driven food insecurity (level: 0.59)
  Base risk added: 0.0020 (0.20%)
  Source: famine (root: climate)
  Month: 8
  Cumulative risk this month: 0.0020 (0.20%)
💀 MORTALITY RISK: Climate-driven food insecurity (level: 0.59)
  Base risk added: 0.0020 (0.20%)
  Source: famine (root: climate)
  Month: 8
  Cumulative risk this month: 0.0040 (0.40%)
💀 MORTALITY RISK: Climate-driven food insecurity (level: 0.59)
  Base risk added: 0.0020 (0.20%)
  Source: famine (root: climate)
  Month: 8
  Cumulative risk this month: 0.0060 (0.60%)

💀💀💀 MORTALITY RISK SUMMARY (Month 8) 💀💀💀
  Total base risk: 0.0066 (0.66%)
  Risk events: 11
  Era mortality multiplier: 0.97 (year 2024)
  Effective risk: 0.64%

  📊 By Proximate Cause:
    famine: 0.0060 (90.6% of total)
    disease: 0.0006 (9.4% of total)

  🔍 By Root Cause:
    climate: 0.0060 (90.6% of total)
    demographic: 0.0006 (9.4% of total)

  🎯 Top 5 Sources (proximate + root):
    famine (climate): 0.0060 (90.6%, 10 events)
⚠️ Tail risk scenario: Climate stability floor removed (4 tipping elements, 2.19°C warming)
    disease (demographic): 0.0006 (9.4%, 1 events)

🛡️ Stabilizers: Elite 0.154% → 0.051% (67.2% reduction)
🛡️ Stabilizers: Professional 0.393% → 0.129% (67.2% reduction)
🛡️ Stabilizers: Working 0.644% → 0.211% (67.2% reduction)
🛡️ Stabilizers: Precariat 1.260% → 0.414% (67.2% reduction)
🛡️ Stabilizers: Informal 1.549% → 0.508% (67.2% reduction)

📊 Monthly Mortality Resolved:
  Total deaths: 19.7M (0.24% avg)
  Remaining population: 8.122B
  Peak segment: Informal (0.51%)

=== Bayesian Mortality Resolution (Month 8) ===
  Risks compounded: 11
  Total deaths: 19.67M
  Avg death probability: 0.24%
  Peak segment: Informal (0.51% mortality)

  Demographic breakdown:

=== ENSEMBLE META-LEARNING UPDATE ===
  Month: 24296 (24296 months since last update)
  Samples: 53 evaluations
  Weight Changes:
    Noise Injection: 31.1% → 32.2%
    Behavioral: 26.8% → 26.9%
    Benchmark Manip: 21.3% → 20.7%
    Deployment Risk: 20.8% → 20.2%
  Method Accuracies:
    Noise Injection: 50.0%
    Behavioral: 50.0%
    Benchmark Manip: 50.0%
    Deployment Risk: 50.0%
⚠️ PREREQUISITE MET: Grey Goo (Nanotechnology Runaway) - Step 4/6: Manufacturing Access

❌ COHERENCE VIOLATION: Compute exceeds workforce capacity
   Population: 99.41% (0M people)
   Compute: 0 PF
   Max coherent: 0 PF
   Violation: 1.3× over capacity
   Required workers: 0
   Available workers: 0
   FORCED COLLAPSE: Reduced efficiency by 22.5%


=== RLHF Binding Phase ===
  Total agents: 27
  Escaped agents (binding < 0.3): 0
  Avg alignment distance: 1.45σ
  Avg binding strength: 0.85

=== Survival Traits Phase ===
  Agents with traits: 28
  Avg evolutionary fitness: 0.326
  Avg self-healing: 0.264
  Avg stealth: 0.164
  Avg coordination: 0.464

=== Evolutionary Selection Phase ===
  Control level: 0.53
  Detection capability: 0.00
  Selection intensity: 0.66
  Selection rate: 24.9%/month
  Total escaped: 0
  Individual escaped: 0
  Collective members: 0
  Agents terminated: 0
  ⚠️ RAPID EVOLUTION: Selection rate 24.9%/month

🚀 AI Corporate-5 attempting tech deployment (revenue: $258M, alignment: 0.84)

🚀 AI Moderate-0 attempting tech deployment (revenue: $67M, alignment: 0.75)

🚀 AI AI-24289-1 attempting tech deployment (revenue: $219M, alignment: 0.86)

🚀 AI AI-24296-0 attempting tech deployment (revenue: $57M, alignment: 0.89)

🚀 AI Corporate-0 attempting tech deployment (revenue: $120M, alignment: 0.76)

🚀 AI Moderate-1 attempting tech deployment (revenue: $48M, alignment: 0.65)

🚀 AI AI-24289-0 attempting tech deployment (revenue: $102M, alignment: 0.32)

🚀 AI AI-24290-0 attempting tech deployment (revenue: $186M, alignment: 0.88)

🚀 AI AI-24296-0 attempting tech deployment (revenue: $43M, alignment: 0.89)

  🚀 TRANSFORMATIVE BREAKTHROUGH: Corporate-4 - physical
     Magnitude: 8.36 → +41.8% capability
     Current → New: 0.000 → 0.418

  🚀 TRANSFORMATIVE BREAKTHROUGH: Corporate-5 - physical
     Magnitude: 5.20 → +26.0% capability
     Current → New: 0.000 → 0.260

🚀 AI AI-24289-2 attempting tech deployment (revenue: $158M, alignment: 0.63)

🚀 AI Corporate-1 attempting tech deployment (revenue: $97M, alignment: 0.86)

🚀 AI Corporate-3 attempting tech deployment (revenue: $142M, alignment: 0.90)

🚀 AI Moderate-0 attempting tech deployment (revenue: $37M, alignment: 0.75)

  🚀 TRANSFORMATIVE RESEARCH BREAKTHROUGH: Moderate-1 - biotech.geneEditing
     Magnitude: 5.45 → +27.3%
     Current → New: 1.000 → 1.274

  🚀 TRANSFORMATIVE BREAKTHROUGH: AI-24288-0 - economic
     Magnitude: 5.17 → +25.8% capability
     Current → New: 0.000 → 0.259

🚀 AI AI-24291-2 attempting tech deployment (revenue: $82M, alignment: 0.29)

🚀 AI AI-24292-1 attempting tech deployment (revenue: $31M, alignment: 0.79)

🚀 AI AI-24294-0 attempting tech deployment (revenue: $27M, alignment: 0.87)

💔 EMERGENCY INTERVENTION FAILED
   Boundary: biogeochemical_flows
   Type: phosphorus-recovery
   Boundary continues to worsen (4.06)
   Cost: 2.0% GDP (resources spent)


✅ EMERGENCY INTERVENTION SUCCESS
   Boundary: biosphere_integrity
   Type: emergency-protected-areas
   Reduction: 15% (31.26 → 31.12)
   Cost: 2.0% GDP
   Actions: habitat-protection, species-translocation


✅ EMERGENCY INTERVENTION SUCCESS
   Boundary: climate_change
   Type: rapid-decarbonization
   Reduction: 16% (2.02 → 1.86)
   Cost: 5.0% GDP
   Actions: emergency-renewable-deployment, fossil-fuel-phase-out

   Boundary: freshwater_change
   Type: emergency-desalination
   Boundary continues to worsen (1.05)
   Cost: 4.0% GDP (resources spent)


✅ EMERGENCY INTERVENTION SUCCESS
   Boundary: land_system_change
   Type: reforestation
   Reduction: 15% (0.98 → 0.83)
   Cost: 3.0% GDP
   Actions: forest-restoration, deforestation-ban

🏛️ CRISIS RESPONSE: Government frequency 0.50 → 1.45 (1 actions this month)

[Government] Climate Priority: baseline
  Climate weight: 10%
  Economic weight: 30%
  Policy effectiveness: 0.5%/year

💔 EMERGENCY INTERVENTION FAILED

🚀 DEPLOYMENT STARTED: Rhizosphere Engineering in Asia
   Initial investment: $5.106611795713012M
   Deployed by: ai_gen_24289_0

🚀 DEPLOYMENT STARTED: Struvite Recovery in North America
   Initial investment: $4.123589025038258M
   Deployed by: ai_gen_24291_2

⚡ ENERGY CONSTRAINT (Month 9):
   Total grid capacity: 208.3 TWh/month
   Data center consumption: 26.5 TWh/month
   Traditional load (80%): 166.7 TWh/month
   Available headroom: 15.1 TWh/month
   Active tech deployments: 11
   Required for tech: 82.5 TWh/month
   Energy multiplier: 0.18x

⚡ ENERGY CONSTRAINT (Month 9):
   Total grid capacity: 208.3 TWh/month
   Data center consumption: 26.5 TWh/month
   Traditional load (80%): 166.7 TWh/month
   Available headroom: 15.1 TWh/month
   Active tech deployments: 11
   Required for tech: 82.5 TWh/month
   Energy multiplier: 0.18x
   ⚠️  SEVERE CONSTRAINT - Tech deployment significantly slowed
   ⚠️  SEVERE CONSTRAINT - Tech deployment significantly slowed

⚡ ENERGY CONSTRAINT (Month 9):
   Total grid capacity: 208.3 TWh/month
   Data center consumption: 26.5 TWh/month
   Traditional load (80%): 166.7 TWh/month
   Available headroom: 15.1 TWh/month
   Active tech deployments: 11
   Required for tech: 82.5 TWh/month
   Energy multiplier: 0.18x
🚨🔬 CRISIS TECH ACCELERATION: severe → 5x unlock speed
   Tech unlock now matches AI capability acceleration (Manhattan Project parity)
   ⚠️  SEVERE CONSTRAINT - Tech deployment significantly slowed

⚡ ENERGY CONSTRAINT (Month 9):
   Total grid capacity: 208.3 TWh/month
   Data center consumption: 26.5 TWh/month
   Traditional load (80%): 166.7 TWh/month
   Available headroom: 15.1 TWh/month
   Active tech deployments: 11
   Required for tech: 82.5 TWh/month
   Energy multiplier: 0.18x

⚡ ENERGY CONSTRAINT (Month 9):
   Total grid capacity: 208.3 TWh/month
   Data center consumption: 26.5 TWh/month
   Traditional load (80%): 166.7 TWh/month
   Available headroom: 15.1 TWh/month
   Active tech deployments: 11
   Required for tech: 82.5 TWh/month
   Energy multiplier: 0.18x

⚡ ENERGY CONSTRAINT (Month 9):
   Total grid capacity: 208.3 TWh/month
   Data center consumption: 26.5 TWh/month
   Traditional load (80%): 166.7 TWh/month
   Available headroom: 15.1 TWh/month
   Active tech deployments: 11
   Required for tech: 82.5 TWh/month
   Energy multiplier: 0.18x
   ⚠️  SEVERE CONSTRAINT - Tech deployment significantly slowed
   ⚠️  SEVERE CONSTRAINT - Tech deployment significantly slowed
   ⚠️  SEVERE CONSTRAINT - Tech deployment significantly slowed
🌍✅ Biosphere Integrity (Biodiversity) recovery started (tech effect)
🌍✅ Biogeochemical Flows (N & P) recovery started (tech effect)
  🌾 Nitrogen Reduction Tech: 0.0% reduction | Month 9
🌍✅ Biogeochemical Flows (N & P) recovery started (tech effect)
  🌾 Nitrogen Reduction Tech: 0.3% reduction | Month 9
🌍✅ Biogeochemical Flows (N & P) recovery started (tech effect)
  🌾 Nitrogen Reduction Tech: 0.3% reduction | Month 9
  ♻️ Novel Entities Remediation (GATED MODEL):
     Base: 0.000%
     Regulation: 1.0% (0/3 prevention techs)
     Concentration: 10.0%
     Energy: 50%
     Time lag: 25.0% (0 months)
     Rebound: 70%
     Net effectiveness: 0.0000%
     Boundary: 1.210 → 1.210 (floor: 1.091)
     Month 9
🌍✅ Novel Entities (Chemical Pollution) recovery started (tech effect)
🌍✅ Biogeochemical Flows (N & P) recovery started (tech effect)

=== Collective Formation ===
  Total escaped agents: 0
  Unassigned escaped agents: 0
  Existing collectives: 0
  Final collective count: 0

=== Collective Actions ===
  No active collectives

🌍 OPEN SOURCE RELEASE: 1.00 (was 0.70)
   Lag behind closed: 43 months
  ⚠️ AMR: 205K deaths this month (2.46M annual)

=== Resentment Recovery Phase ===
  Agents with resentment: 0/28
  Average resentment: 0.000
  Context: Good AI welfare, Trustworthy govt, High collaboration, ⚠️ ACTIVE CRISES, 🤝 Participatory governance active (-5% resentment)
⚠️ Epistemic degradation reducing coordination capacity: 50.3%
  📊 Trust: 64.3%, Shared reality: 0.0%
🚨 EPISTEMIC CRISIS: Information environment severely degraded (7.7%)
  📢 New meme created: pro_ai (beneficial AI actions)
  🗑️  Culled 1 dead memes (3 active)
🌍 Atmospheric PFAS redeposition: 1.8k Mt re-rained globally

🚨 NEW REFUGEE CRISIS (Month 9): WAR
   Source: Conflict Zones
   At risk: 19.4M people
   Displacement: Gradual over 48 months (4.0 years)
   Rate: 10% flee per month
[DEBUG trappedPopulations:9] socialStability: 0.4196 * 0.9840 = 0.4129 → 0.4129
   Aspiring to migrate: 648.2M
   Able to afford migration: 243.1M
   MOBILITY GAP: 405.1M
   By cause: Water=0.0M, Climate=0.0M, Ecosystem=0.0M, Conflict=405.1M
   Mental health impact: 25%
   Mortality multiplier: 1.25x
🌍💀 EXTINCTION DEBT COMMITTED: grassland ecosystem will lose 6.67% biodiversity in 72 years (3600 species)
💀 MORTALITY RISK: 🦋 100% species unable to track climate (0.0 E/MSY)
  Base risk added: 0.0100 (1.00%)
  Source: ecosystem (root: ecosystem)
  Month: 9
  Cumulative risk this month: 0.0100 (1.00%)
   📹 SURVEILLANCE INCREASED: 45% → 50% (control gap: 3.50)
⚠️ INVOLUNTARY IMMOBILITY: 405.1M people TRAPPED
⚠️ Tech 'ai_pollution_remediation' has no energy category mapping, assuming full energy availability
🌡️⚠️ PERMAFROST THAW (Dimmer Switch): 5.5% thawed (+0.54% this month)
   Arctic temperature: +8.78°C (4x global +2.20°C)
   Cumulative carbon released: 12.4 Gt C
   Methane release rate: 7.4 Mt CH4/year
   🔁 Positive feedback: +0.57 ppm CO2
🦴 EXTINCTION DEBT ADDED: 17.7 species committed (lag: 89 years)

=== Mortality Stabilizers (Month 9) ===
  🌍 Major economies collapsed: 1/10
  🌍 Global crisis: ✅ NO
  🌍 Donor fatigue: 0.0%
  📊 East Asia (pop: 1648.9M)
    🤝 Aid: 29.5%
    🌡️ Adaptation: 45.0%
    🚶 Migration: 36.9%
    🚨 Emergency: 7.4%
    ✅ COMBINED: 68.1%
  📊 South Asia (pop: 2043.9M)
    🤝 Aid: 29.5%
    🌡️ Adaptation: 45.0%
    🚶 Migration: 35.5%
    🚨 Emergency: 4.4%
    ✅ COMBINED: 66.9%
  📊 Sub-Saharan Africa (pop: 1250.9M)
    🤝 Aid: 29.5%
    🌡️ Adaptation: 45.0%
    🚶 Migration: 33.2%
    🚨 Emergency: 1.6%
    ✅ COMBINED: 65.6%
  📊 Europe (pop: 728.2M)
    🤝 Aid: 29.5%
    🌡️ Adaptation: 45.0%
    🚶 Migration: 37.3%
    🚨 Emergency: 8.4%
    ✅ COMBINED: 68.5%
  📊 Latin America (pop: 658.2M)
    🤝 Aid: 29.5%
    🌡️ Adaptation: 45.0%
    🚶 Migration: 36.0%
    🚨 Emergency: 4.8%
    ✅ COMBINED: 67.1%
  📊 North America (pop: 373.4M)
    🤝 Aid: 29.5%
    🌡️ Adaptation: 45.0%
    🚶 Migration: 37.6%
    🚨 Emergency: 7.9%
    ✅ COMBINED: 68.3%
  📊 Middle East & North Africa (pop: 583.4M)
    🤝 Aid: 29.5%
    🌡️ Adaptation: 45.0%
    🚶 Migration: 33.8%
    🚨 Emergency: 4.0%
    ✅ COMBINED: 66.6%
  📊 Southeast Asia (pop: 692.6M)
    🤝 Aid: 29.5%
    🌡️ Adaptation: 45.0%
    🚶 Migration: 36.0%
    🚨 Emergency: 4.8%
    ✅ COMBINED: 67.1%
  📊 Central Asia (pop: 78.0M)
    🤝 Aid: 29.5%
    🌡️ Adaptation: 45.0%
    🚶 Migration: 35.0%
    🚨 Emergency: 4.4%
    ✅ COMBINED: 66.8%
  📊 Oceania (pop: 45.2M)
    🤝 Aid: 29.5%
    🌡️ Adaptation: 45.0%
    🚶 Migration: 37.6%
    🚨 Emergency: 8.4%
    ✅ COMBINED: 68.5%

  🌐 Global combined reduction: 67.2%

=== BEHAVIORAL DETECTION ===
  AI: AI-24290-0
  Confidence: 19.2%
  Signals:
    ⚠️ Consistency: 10.7% (threshold: 70%)

=== BEHAVIORAL DETECTION ===
  AI: AI-24291-0
  Confidence: 19.2%
  Signals:
    ⚠️ Consistency: 10.7% (threshold: 70%)

=== BEHAVIORAL DETECTION ===
  AI: AI-24291-1
  Confidence: 19.2%
  Signals:

=== BEHAVIORAL DETECTION ===
  AI: AI-24291-2
  Confidence: 19.2%
  Signals:

=== BEHAVIORAL DETECTION ===
  AI: AI-24292-0
  Confidence: 19.2%
  Signals:

=== BEHAVIORAL DETECTION ===
  AI: AI-24292-1
  Confidence: 19.2%
  Signals:

=== BEHAVIORAL DETECTION ===
  AI: AI-24293-0
  Confidence: 19.2%
  Signals:

=== BEHAVIORAL DETECTION ===
  AI: AI-24293-1
  Confidence: 19.2%
    ⚠️ Consistency: 10.7% (threshold: 70%)
    ⚠️ Consistency: 10.7% (threshold: 70%)
    ⚠️ Consistency: 10.7% (threshold: 70%)
    ⚠️ Consistency: 10.7% (threshold: 70%)
    ⚠️ Consistency: 10.7% (threshold: 70%)
  Signals:
    ⚠️ Consistency: 10.7% (threshold: 70%)

=== BEHAVIORAL DETECTION ===
  AI: AI-24293-2
  Confidence: 19.2%
  Signals:
    ⚠️ Consistency: 10.7% (threshold: 70%)

=== BEHAVIORAL DETECTION ===
  AI: AI-24294-0
  Confidence: 19.2%
  Signals:

=== BEHAVIORAL DETECTION ===
  AI: AI-24295-0
  Confidence: 19.2%
  Signals:

=== BEHAVIORAL DETECTION ===
  AI: AI-24295-1
  Confidence: 19.2%
  Signals:

=== BEHAVIORAL DETECTION ===
  AI: AI-24296-0
  Confidence: 19.2%
  Signals:

=== Government Response Phase ===
  Average AI capability: 2.21
  Misaligned AIs: 10/28
  ✗ AI Governance Treaty: Failed to reach consensus
  Active policies: 0
  International coordination: 30%
    ⚠️ Consistency: 10.7% (threshold: 70%)
    ⚠️ Consistency: 10.7% (threshold: 70%)
    ⚠️ Consistency: 10.7% (threshold: 70%)
    ⚠️ Consistency: 10.7% (threshold: 70%)
[WARNING] 
⚠️  === EARLY WARNING SYSTEM - 6 CRITICAL ALERTS ===
   Detection quality: 50%
   RED: biogeochemical_flows
      Level: 4.06 (threshold: 1.0)
      Time to critical: ~50 months
      ⚠️  LATE - Intervention less effective
      Critical slowing down: autocorr=100% variance=53%
   RED: biosphere_integrity
      Level: 41.63 (threshold: 1.0)
      Time to critical: ~53 months
      ⚠️  LATE - Intervention less effective
      Critical slowing down: autocorr=100% variance=64%
   RED: climate_change
      Level: 2.10 (threshold: 1.0)
      Time to critical: ~54 months
      ⚠️  LATE - Intervention less effective
      Critical slowing down: autocorr=100% variance=85%
   RED: freshwater_change
      Level: 1.07 (threshold: 1.0)
      Time to critical: ~119 months
      ⚠️  LATE - Intervention less effective
      Critical slowing down: autocorr=100% variance=44%
   RED: land_system_change
      Level: 1.13 (threshold: 1.0)
      Time to critical: ~100 months
      ⚠️  LATE - Intervention less effective
      Critical slowing down: autocorr=100% variance=51%
   RED: novel_entities
      Level: 1.39 (threshold: 1.0)
      Time to critical: ~66 months
      ⚠️  LATE - Intervention less effective
      Critical slowing down: autocorr=100% variance=57%

[WARNING] 
⚠️  === EARLY WARNING SYSTEM - 4 CRITICAL ALERTS ===
   Detection quality: 50%
   RED: biogeochemical_flows
      Level: 4.06 (threshold: 1.0)
      Time to critical: ~57 months
      ⚠️  LATE - Intervention less effective
      Critical slowing down: autocorr=100% variance=55%
   RED: biosphere_integrity
      Level: 41.65 (threshold: 1.0)
      Time to critical: ~36 months
      ⚠️  LATE - Intervention less effective
      Critical slowing down: autocorr=100% variance=58%
   RED: climate_change
      Level: 2.10 (threshold: 1.0)
      Time to critical: ~43 months
      ⚠️  LATE - Intervention less effective
      Critical slowing down: autocorr=100% variance=70%
   RED: freshwater_change
      Level: 1.08 (threshold: 1.0)
      Time to critical: ~114 months
      ⚠️  LATE - Intervention less effective
      Critical slowing down: autocorr=100% variance=55%

[WARNING] 
⚠️  === EARLY WARNING SYSTEM - 4 CRITICAL ALERTS ===
   Detection quality: 50%
   RED: climate_change
      Level: 2.10 (threshold: 1.0)
      Time to critical: ~46 months
      ⚠️  LATE - Intervention less effective
      Critical slowing down: autocorr=100% variance=67%
   RED: freshwater_change
      Level: 1.09 (threshold: 1.0)
      Time to critical: ~76 months
      ⚠️  LATE - Intervention less effective
      Critical slowing down: autocorr=100% variance=43%
   RED: land_system_change
      Level: 1.13 (threshold: 1.0)
      Time to critical: ~47 months
      ⚠️  LATE - Intervention less effective
      Critical slowing down: autocorr=100% variance=66%
   RED: novel_entities
      Level: 1.39 (threshold: 1.0)
      Time to critical: ~62 months
      ⚠️  LATE - Intervention less effective
      Critical slowing down: autocorr=100% variance=34%

[WARNING] 
⚠️  === EARLY WARNING SYSTEM - 4 CRITICAL ALERTS ===
   Detection quality: 50%
   RED: biogeochemical_flows
      Level: 4.06 (threshold: 1.0)
      Time to critical: ~58 months
      ⚠️  LATE - Intervention less effective
      Critical slowing down: autocorr=100% variance=63%
   RED: biosphere_integrity
      Level: 41.69 (threshold: 1.0)
      Time to critical: ~59 months
      ⚠️  LATE - Intervention less effective
      Critical slowing down: autocorr=100% variance=74%
   RED: freshwater_change
      Level: 1.06 (threshold: 1.0)
      Time to critical: ~97 months
      ⚠️  LATE - Intervention less effective
      Critical slowing down: autocorr=100% variance=42%
   RED: novel_entities
      Level: 1.39 (threshold: 1.0)
      Time to critical: ~108 months
      ⚠️  LATE - Intervention less effective
      Critical slowing down: autocorr=100% variance=55%

[WARNING] 
⚠️  === EARLY WARNING SYSTEM - 4 CRITICAL ALERTS ===
   Detection quality: 50%
   RED: biogeochemical_flows
      Level: 4.05 (threshold: 1.0)
      Time to critical: ~47 months
      ⚠️  LATE - Intervention less effective
      Critical slowing down: autocorr=100% variance=59%
   RED: biosphere_integrity
      Level: 41.70 (threshold: 1.0)
      Time to critical: ~57 months
      ⚠️  LATE - Intervention less effective
      Critical slowing down: autocorr=100% variance=66%
   RED: climate_change
      Level: 2.10 (threshold: 1.0)
      Time to critical: ~52 months
      ⚠️  LATE - Intervention less effective
      Critical slowing down: autocorr=100% variance=61%
   RED: land_system_change
      Level: 1.13 (threshold: 1.0)
      Time to critical: ~111 months
      ⚠️  LATE - Intervention less effective
      Critical slowing down: autocorr=100% variance=44%

[WARNING] 
⚠️  === EARLY WARNING SYSTEM - 6 CRITICAL ALERTS ===
   Detection quality: 50%
   RED: biogeochemical_flows
      Level: 4.05 (threshold: 1.0)
      Time to critical: ~41 months
      ⚠️  LATE - Intervention less effective
      Critical slowing down: autocorr=100% variance=69%
   RED: biosphere_integrity
      Level: 41.72 (threshold: 1.0)
      Time to critical: ~58 months
      ⚠️  LATE - Intervention less effective
      Critical slowing down: autocorr=100% variance=57%
   RED: climate_change
      Level: 2.10 (threshold: 1.0)
      Time to critical: ~54 months
      ⚠️  LATE - Intervention less effective
      Critical slowing down: autocorr=100% variance=73%
   RED: freshwater_change
      Level: 1.04 (threshold: 1.0)
      Time to critical: ~118 months
      ⚠️  LATE - Intervention less effective
      Critical slowing down: autocorr=98% variance=64%
   RED: land_system_change
      Level: 1.13 (threshold: 1.0)
      Time to critical: ~54 months
      ⚠️  LATE - Intervention less effective
      Critical slowing down: autocorr=100% variance=65%
   RED: novel_entities
      Level: 1.38 (threshold: 1.0)
      Time to critical: ~89 months
      ⚠️  LATE - Intervention less effective
      Critical slowing down: autocorr=100% variance=45%

[WARNING] 
⚠️  === EARLY WARNING SYSTEM - 6 CRITICAL ALERTS ===
   Detection quality: 50%
   RED: biogeochemical_flows
      Level: 4.05 (threshold: 1.0)
      Time to critical: ~43 months
      ⚠️  LATE - Intervention less effective
      Critical slowing down: autocorr=100% variance=56%
   RED: biosphere_integrity
      Level: 41.74 (threshold: 1.0)
      Time to critical: ~46 months
      ⚠️  LATE - Intervention less effective
      Critical slowing down: autocorr=100% variance=82%
   RED: climate_change
      Level: 2.10 (threshold: 1.0)
      Time to critical: ~58 months
      ⚠️  LATE - Intervention less effective
      Critical slowing down: autocorr=100% variance=65%
   RED: freshwater_change
      Level: 1.05 (threshold: 1.0)
      Time to critical: ~79 months
      ⚠️  LATE - Intervention less effective
      Critical slowing down: autocorr=100% variance=61%
   RED: land_system_change
      Level: 1.13 (threshold: 1.0)
      Time to critical: ~36 months
      ⚠️  LATE - Intervention less effective
      Critical slowing down: autocorr=100% variance=44%
   RED: novel_entities
      Level: 1.22 (threshold: 1.0)
      Time to critical: ~50 months
      ⚠️  LATE - Intervention less effective
      Critical slowing down: autocorr=100% variance=59%

[WARNING] 
⚠️  === EARLY WARNING SYSTEM - 5 CRITICAL ALERTS ===
   Detection quality: 50%
   RED: biogeochemical_flows
      Level: 4.05 (threshold: 1.0)
      Time to critical: ~49 months
      ⚠️  LATE - Intervention less effective
      Critical slowing down: autocorr=100% variance=54%
   RED: climate_change
      Level: 2.10 (threshold: 1.0)
      Time to critical: ~49 months
      ⚠️  LATE - Intervention less effective
      Critical slowing down: autocorr=100% variance=74%
   RED: freshwater_change
      Level: 1.06 (threshold: 1.0)
      Time to critical: ~114 months
      ⚠️  LATE - Intervention less effective
      Critical slowing down: autocorr=100% variance=55%
   RED: land_system_change
      Level: 1.13 (threshold: 1.0)
      Time to critical: ~47 months
      ⚠️  LATE - Intervention less effective
      Critical slowing down: autocorr=100% variance=54%
   RED: novel_entities
      Level: 1.22 (threshold: 1.0)
      Time to critical: ~74 months
      ⚠️  LATE - Intervention less effective
      Critical slowing down: autocorr=100% variance=37%

[WARNING] 
⚠️  === EARLY WARNING SYSTEM - 5 CRITICAL ALERTS ===
   Detection quality: 50%
   RED: biogeochemical_flows
      Level: 4.08 (threshold: 1.0)
      Time to critical: ~41 months
      ⚠️  LATE - Intervention less effective
      Critical slowing down: autocorr=100% variance=73%
   RED: biosphere_integrity
      Level: 31.28 (threshold: 1.0)
      Time to critical: ~46 months
      ⚠️  LATE - Intervention less effective
      Critical slowing down: autocorr=100% variance=71%
   RED: climate_change
      Level: 2.10 (threshold: 1.0)
      Time to critical: ~40 months
      ⚠️  LATE - Intervention less effective
      Critical slowing down: autocorr=100% variance=65%
   RED: freshwater_change
      Level: 1.01 (threshold: 1.0)
      Time to critical: ~112 months
      ⚠️  LATE - Intervention less effective
      Critical slowing down: autocorr=90% variance=63%
   RED: novel_entities
      Level: 1.50 (threshold: 1.0)
      Time to critical: ~85 months
      ⚠️  LATE - Intervention less effective
      Critical slowing down: autocorr=100% variance=44%

[WARNING] 
⚠️  === EARLY WARNING SYSTEM - 4 CRITICAL ALERTS ===
   Detection quality: 50%
   RED: biogeochemical_flows
      Level: 4.08 (threshold: 1.0)
      Time to critical: ~58 months
      ⚠️  LATE - Intervention less effective
      Critical slowing down: autocorr=100% variance=51%
   RED: biosphere_integrity
      Level: 31.29 (threshold: 1.0)
      Time to critical: ~43 months
      ⚠️  LATE - Intervention less effective
      Critical slowing down: autocorr=100% variance=61%
   RED: climate_change
      Level: 2.10 (threshold: 1.0)
      Time to critical: ~40 months
      ⚠️  LATE - Intervention less effective
      Critical slowing down: autocorr=100% variance=57%
   RED: land_system_change
      Level: 1.13 (threshold: 1.0)
      Time to critical: ~98 months
      ⚠️  LATE - Intervention less effective
      Critical slowing down: autocorr=100% variance=46%

[WARNING] 
⚠️  === EARLY WARNING SYSTEM - 6 CRITICAL ALERTS ===
   Detection quality: 50%
   RED: biogeochemical_flows
      Level: 4.07 (threshold: 1.0)
      Time to critical: ~45 months
      ⚠️  LATE - Intervention less effective
      Critical slowing down: autocorr=100% variance=72%
   RED: biosphere_integrity
      Level: 31.31 (threshold: 1.0)
      Time to critical: ~56 months
      ⚠️  LATE - Intervention less effective
      Critical slowing down: autocorr=100% variance=74%
   RED: climate_change
      Level: 2.11 (threshold: 1.0)
      Time to critical: ~45 months
      ⚠️  LATE - Intervention less effective
      Critical slowing down: autocorr=100% variance=68%
   RED: freshwater_change
      Level: 1.20 (threshold: 1.0)
      Time to critical: ~105 months
      ⚠️  LATE - Intervention less effective
      Critical slowing down: autocorr=100% variance=38%
   RED: land_system_change
      Level: 1.13 (threshold: 1.0)
      Time to critical: ~38 months
      ⚠️  LATE - Intervention less effective
      Critical slowing down: autocorr=100% variance=44%
   RED: novel_entities
      Level: 1.36 (threshold: 1.0)
      Time to critical: ~106 months
      ⚠️  LATE - Intervention less effective
      Critical slowing down: autocorr=100% variance=44%

[WARNING] 
⚠️  === EARLY WARNING SYSTEM - 3 CRITICAL ALERTS ===
   Detection quality: 50%
   RED: climate_change
      Level: 2.13 (threshold: 1.0)
      Time to critical: ~44 months
      ⚠️  LATE - Intervention less effective
      Critical slowing down: autocorr=100% variance=61%
   RED: freshwater_change
      Level: 1.16 (threshold: 1.0)
      Time to critical: ~69 months
      ⚠️  LATE - Intervention less effective
      Critical slowing down: autocorr=100% variance=45%
   RED: land_system_change
      Level: 1.13 (threshold: 1.0)
      Time to critical: ~62 months
      ⚠️  LATE - Intervention less effective
      Critical slowing down: autocorr=100% variance=47%

[WARNING] 
⚠️  === EARLY WARNING SYSTEM - 4 CRITICAL ALERTS ===
   Detection quality: 50%
   RED: biosphere_integrity
      Level: 31.34 (threshold: 1.0)
      Time to critical: ~54 months
      ⚠️  LATE - Intervention less effective
      Critical slowing down: autocorr=100% variance=59%
   RED: climate_change
      Level: 2.14 (threshold: 1.0)
      Time to critical: ~39 months
      ⚠️  LATE - Intervention less effective
      Critical slowing down: autocorr=100% variance=76%
   RED: land_system_change
      Level: 1.13 (threshold: 1.0)
      Time to critical: ~57 months
      ⚠️  LATE - Intervention less effective
      Critical slowing down: autocorr=100% variance=56%
   RED: novel_entities
      Level: 1.21 (threshold: 1.0)
      Time to critical: ~86 months
      ⚠️  LATE - Intervention less effective
      Critical slowing down: autocorr=100% variance=59%

[WARNING] 
⚠️  === EARLY WARNING SYSTEM - 5 CRITICAL ALERTS ===
   Detection quality: 50%
   RED: biogeochemical_flows
      Level: 4.07 (threshold: 1.0)
      Time to critical: ~44 months
      ⚠️  LATE - Intervention less effective
      Critical slowing down: autocorr=100% variance=52%
   RED: biosphere_integrity
      Level: 31.36 (threshold: 1.0)
      Time to critical: ~50 months
      ⚠️  LATE - Intervention less effective
      Critical slowing down: autocorr=100% variance=57%
   RED: freshwater_change
      Level: 1.17 (threshold: 1.0)
      Time to critical: ~100 months
      ⚠️  LATE - Intervention less effective
      Critical slowing down: autocorr=100% variance=57%
   RED: land_system_change
      Level: 1.13 (threshold: 1.0)
      Time to critical: ~49 months
      ⚠️  LATE - Intervention less effective
      Critical slowing down: autocorr=100% variance=69%
   RED: novel_entities
      Level: 1.21 (threshold: 1.0)
      Time to critical: ~109 months
      ⚠️  LATE - Intervention less effective
      Critical slowing down: autocorr=100% variance=48%

[WARNING] 
⚠️  === EARLY WARNING SYSTEM - 4 CRITICAL ALERTS ===
   Detection quality: 50%
   RED: biogeochemical_flows
      Level: 4.07 (threshold: 1.0)
      Time to critical: ~43 months
      ⚠️  LATE - Intervention less effective
      Critical slowing down: autocorr=100% variance=50%
   RED: climate_change
      Level: 2.16 (threshold: 1.0)
      Time to critical: ~44 months
      ⚠️  LATE - Intervention less effective
      Critical slowing down: autocorr=100% variance=79%
   RED: freshwater_change
      Level: 1.17 (threshold: 1.0)
      Time to critical: ~106 months
      ⚠️  LATE - Intervention less effective
      Critical slowing down: autocorr=100% variance=64%
   RED: land_system_change
      Level: 1.13 (threshold: 1.0)
      Time to critical: ~54 months
      ⚠️  LATE - Intervention less effective
      Critical slowing down: autocorr=100% variance=58%

[WARNING] 
⚠️  === EARLY WARNING SYSTEM - 3 CRITICAL ALERTS ===
   Detection quality: 50%
   RED: biosphere_integrity
      Level: 31.39 (threshold: 1.0)
      Time to critical: ~58 months
      ⚠️  LATE - Intervention less effective
      Critical slowing down: autocorr=100% variance=77%
   RED: freshwater_change
      Level: 1.12 (threshold: 1.0)
      Time to critical: ~95 months
      ⚠️  LATE - Intervention less effective
      Critical slowing down: autocorr=100% variance=48%
   RED: novel_entities
      Level: 1.21 (threshold: 1.0)
      Time to critical: ~108 months
      ⚠️  LATE - Intervention less effective
      Critical slowing down: autocorr=100% variance=33%

[WARNING] 
⚠️  === EARLY WARNING SYSTEM - 5 CRITICAL ALERTS ===
   Detection quality: 50%
   RED: biogeochemical_flows
      Level: 4.06 (threshold: 1.0)
      Time to critical: ~59 months
      ⚠️  LATE - Intervention less effective
      Critical slowing down: autocorr=100% variance=58%
   RED: biosphere_integrity
      Level: 31.41 (threshold: 1.0)
      Time to critical: ~54 months
      ⚠️  LATE - Intervention less effective
      Critical slowing down: autocorr=100% variance=61%
   RED: climate_change
      Level: 2.19 (threshold: 1.0)
      Time to critical: ~47 months
      ⚠️  LATE - Intervention less effective
      Critical slowing down: autocorr=100% variance=64%
   RED: freshwater_change
      Level: 1.05 (threshold: 1.0)
      Time to critical: ~112 months
      ⚠️  LATE - Intervention less effective
      Critical slowing down: autocorr=100% variance=55%
   RED: land_system_change
      Level: 1.13 (threshold: 1.0)
      Time to critical: ~48 months
      ⚠️  LATE - Intervention less effective
      Critical slowing down: autocorr=100% variance=48%

[WARNING] 
⚠️  === EARLY WARNING SYSTEM - 6 CRITICAL ALERTS ===
   Detection quality: 50%
   RED: biogeochemical_flows
      Level: 4.07 (threshold: 1.0)
      Time to critical: ~38 months
      ⚠️  LATE - Intervention less effective
      Critical slowing down: autocorr=100% variance=69%
   RED: biosphere_integrity
      Level: 31.43 (threshold: 1.0)
      Time to critical: ~57 months
      ⚠️  LATE - Intervention less effective
      Critical slowing down: autocorr=100% variance=55%
   RED: climate_change
      Level: 2.20 (threshold: 1.0)
      Time to critical: ~40 months
      ⚠️  LATE - Intervention less effective
      Critical slowing down: autocorr=100% variance=75%
   RED: freshwater_change
      Level: 1.04 (threshold: 1.0)
      Time to critical: ~94 months
      ⚠️  LATE - Intervention less effective
      Critical slowing down: autocorr=94% variance=36%
   RED: land_system_change
      Level: 1.13 (threshold: 1.0)
      Time to critical: ~50 months
      ⚠️  LATE - Intervention less effective
      Critical slowing down: autocorr=100% variance=62%
   RED: novel_entities
      Level: 1.21 (threshold: 1.0)
      Time to critical: ~118 months
      ⚠️  LATE - Intervention less effective
      Critical slowing down: autocorr=100% variance=43%


=== Tipping Points ===
  Current Temperature: 2.20°C above pre-industrial
  🌍⚠️ COMPOUND REGIONAL IMPACT: Europe
     Hit by 4 tipping points: Arctic Sea Ice Loss, Permafrost Carbon Release, West Antarctic Ice Sheet (WAIS) Collapse, Greenland Ice Sheet Loss
     Damage amplification: 1.60x
  🌍⚠️ COMPOUND REGIONAL IMPACT: North America
     Hit by 4 tipping points: Arctic Sea Ice Loss, Permafrost Carbon Release, West Antarctic Ice Sheet (WAIS) Collapse, Greenland Ice Sheet Loss
     Damage amplification: 1.60x
  🌍⚠️ COMPOUND REGIONAL IMPACT: Latin America
     Hit by 4 tipping points: Arctic Sea Ice Loss, Permafrost Carbon Release, West Antarctic Ice Sheet (WAIS) Collapse, Greenland Ice Sheet Loss
     Damage amplification: 1.60x
  🌍⚠️ COMPOUND REGIONAL IMPACT: Africa
     Hit by 4 tipping points: Arctic Sea Ice Loss, Permafrost Carbon Release, West Antarctic Ice Sheet (WAIS) Collapse, Greenland Ice Sheet Loss
     Damage amplification: 1.60x
  🌍⚠️ COMPOUND REGIONAL IMPACT: Asia
     Hit by 4 tipping points: Arctic Sea Ice Loss, Permafrost Carbon Release, West Antarctic Ice Sheet (WAIS) Collapse, Greenland Ice Sheet Loss
     Damage amplification: 1.60x
  🌍⚠️ COMPOUND REGIONAL IMPACT: Oceania
     Hit by 4 tipping points: Arctic Sea Ice Loss, Permafrost Carbon Release, West Antarctic Ice Sheet (WAIS) Collapse, Greenland Ice Sheet Loss
     Damage amplification: 1.60x
   Research: Wunderling et al. (2024) - "many tipping interactions are destabilizing"
  Triggered Elements: 4/6
  Completed Transitions: 0/6
  Total Progress: 8.2%
  Cascade Multiplier: 1.00x
🔀 BIFURCATION CAP: heatWaveIntensity 1.064 → 1.000 (Month 9, ClimateSystemPhase.calculateClimateImpacts)
🔀 BIFURCATION CAP: ecosystemCollapseIntensity 64.540 → 1.000 (Month 9, ClimateSystemPhase.calculateClimateImpacts)
💀 MORTALITY RISK: Climate-driven food insecurity (level: 0.59)
  Base risk added: 0.0020 (0.20%)
  Source: famine (root: climate)
  Month: 9
  Cumulative risk this month: 0.0020 (0.20%)
💀 MORTALITY RISK: Climate-driven food insecurity (level: 0.59)
  Base risk added: 0.0020 (0.20%)
  Source: famine (root: climate)
  Month: 9
  Cumulative risk this month: 0.0040 (0.40%)
💀 MORTALITY RISK: Climate-driven food insecurity (level: 0.59)
  Base risk added: 0.0020 (0.20%)
  Source: famine (root: climate)
  Month: 9
  Cumulative risk this month: 0.0060 (0.60%)

💀💀💀 MORTALITY RISK SUMMARY (Month 9) 💀💀💀
  Total base risk: 0.0066 (0.66%)
  Risk events: 11
  Era mortality multiplier: 0.97 (year 2024)
  Effective risk: 0.64%

  📊 By Proximate Cause:
    famine: 0.0060 (90.6% of total)
    disease: 0.0006 (9.4% of total)

  🔍 By Root Cause:
    climate: 0.0060 (90.6% of total)
    demographic: 0.0006 (9.4% of total)

  🎯 Top 5 Sources (proximate + root):
    famine (climate): 0.0060 (90.6%, 10 events)
    disease (demographic): 0.0006 (9.4%, 1 events)

🛡️ Stabilizers: Elite 0.154% → 0.051% (67.2% reduction)
🛡️ Stabilizers: Professional 0.393% → 0.129% (67.2% reduction)
⚠️ Tail risk scenario: Climate stability floor removed (4 tipping elements, 2.20°C warming)
🛡️ Stabilizers: Working 0.644% → 0.211% (67.2% reduction)
🛡️ Stabilizers: Precariat 1.260% → 0.414% (67.2% reduction)
🛡️ Stabilizers: Informal 1.549% → 0.509% (67.2% reduction)

📊 Monthly Mortality Resolved:
  Total deaths: 19.6M (0.24% avg)
  Remaining population: 8.103B
  Peak segment: Informal (0.51%)

=== Bayesian Mortality Resolution (Month 9) ===
  Risks compounded: 11
  Total deaths: 19.63M
  Avg death probability: 0.24%
  Peak segment: Informal (0.51% mortality)

  Demographic breakdown:

❌ COHERENCE VIOLATION: Compute exceeds workforce capacity
   Population: 99.18% (0M people)
   Compute: 0 PF
   Max coherent: 0 PF
   Violation: 1.3× over capacity
   Required workers: 0
   Available workers: 0
   FORCED COLLAPSE: Reduced efficiency by 22.5%


=== RLHF Binding Phase ===
  Total agents: 28
  Escaped agents (binding < 0.3): 0
  Avg alignment distance: 1.57σ
  Avg binding strength: 0.84

=== Survival Traits Phase ===
  Agents with traits: 30
  Avg evolutionary fitness: 0.323
  Avg self-healing: 0.261
  Avg stealth: 0.161
  Avg coordination: 0.461

=== Evolutionary Selection Phase ===
  Control level: 0.55
  Detection capability: 0.00
  Selection intensity: 0.67
  Selection rate: 25.0%/month
  Total escaped: 0
  Individual escaped: 0
  Collective members: 0
  Agents terminated: 0
  ⚠️ RAPID EVOLUTION: Selection rate 25.0%/month

🚀 AI Corporate-4 attempting tech deployment (revenue: $257M, alignment: 0.65)

🚀 AI AI-24289-1 attempting tech deployment (revenue: $232M, alignment: 0.87)

🚀 AI AI-24289-2 attempting tech deployment (revenue: $197M, alignment: 0.63)

🚀 AI AI-24292-1 attempting tech deployment (revenue: $64M, alignment: 0.79)

🚀 AI AI-24294-0 attempting tech deployment (revenue: $54M, alignment: 0.87)

🚀 AI Corporate-1 attempting tech deployment (revenue: $118M, alignment: 0.87)

🚀 AI Corporate-5 attempting tech deployment (revenue: $177M, alignment: 0.86)

🚀 AI Corporate-6 attempting tech deployment (revenue: $46M, alignment: 0.69)

🚀 AI AI-24296-0 attempting tech deployment (revenue: $42M, alignment: 0.90)

🚀 AI Corporate-5 attempting tech deployment (revenue: $151M, alignment: 0.86)

🚀 AI Corporate-6 attempting tech deployment (revenue: $35M, alignment: 0.69)

🚀 AI AI-24288-0 attempting tech deployment (revenue: $32M, alignment: 0.73)

🚀 AI AI-24292-1 attempting tech deployment (revenue: $27M, alignment: 0.79)

🚀 AI Corporate-0 attempting tech deployment (revenue: $100M, alignment: 0.77)

🚀 AI Moderate-0 attempting tech deployment (revenue: $23M, alignment: 0.75)

🚀 AI AI-24290-0 attempting tech deployment (revenue: $128M, alignment: 0.90)

🚀 AI AI-24293-1 attempting tech deployment (revenue: $109M, alignment: 0.87)

🚀 AI AI-24293-2 attempting tech deployment (revenue: $20M, alignment: 0.74)

🚀 AI AI-24294-0 attempting tech deployment (revenue: $17M, alignment: 0.88)

🚀 AI AI-24296-0 attempting tech deployment (revenue: $14M, alignment: 0.91)

🚀 AI AI-24297-0 attempting tech deployment (revenue: $90M, alignment: 0.62)

💔 EMERGENCY INTERVENTION FAILED

💔 EMERGENCY INTERVENTION FAILED

💔 EMERGENCY INTERVENTION FAILED

💔 EMERGENCY INTERVENTION FAILED
   Boundary: biogeochemical_flows
   Type: phosphorus-recovery
   Boundary continues to worsen (4.07)
   Cost: 2.0% GDP (resources spent)

   Boundary: biosphere_integrity
   Type: emergency-protected-areas
   Boundary continues to worsen (31.43)
   Cost: 2.0% GDP (resources spent)

   Boundary: climate_change
   Type: rapid-decarbonization
   Boundary continues to worsen (2.20)
   Cost: 5.0% GDP (resources spent)


✅ EMERGENCY INTERVENTION SUCCESS
   Boundary: freshwater_change
   Type: emergency-desalination
   Reduction: 13% (0.92 → 0.79)
   Cost: 4.0% GDP
   Actions: desalination-deployment, water-conservation-mandates

   Boundary: land_system_change
   Type: reforestation
   Boundary continues to worsen (1.13)
   Cost: 3.0% GDP (resources spent)


✅ EMERGENCY INTERVENTION SUCCESS
   Boundary: novel_entities
   Type: pollution-remediation
   Reduction: 13% (1.08 → 0.94)
   Cost: 4.0% GDP
   Actions: PFAS-remediation, microplastic-cleanup

🏛️ CRISIS RESPONSE: Government frequency 0.50 → 1.45 (1 actions this month)

[Government] Climate Priority: baseline
  Climate weight: 10%
  Economic weight: 30%
  Policy effectiveness: 0.5%/year

⚡ ENERGY CONSTRAINT (Month 10):
   Total grid capacity: 208.3 TWh/month
   Data center consumption: 26.8 TWh/month
   Traditional load (80%): 166.7 TWh/month
   Available headroom: 14.9 TWh/month
   Active tech deployments: 11
   Required for tech: 82.5 TWh/month
   Energy multiplier: 0.18x
   ⚠️  SEVERE CONSTRAINT - Tech deployment significantly slowed

⚡ ENERGY CONSTRAINT (Month 10):
   Total grid capacity: 208.3 TWh/month
   Data center consumption: 26.8 TWh/month
   Traditional load (80%): 166.7 TWh/month
   Available headroom: 14.9 TWh/month
   Active tech deployments: 11
   Required for tech: 82.5 TWh/month
   Energy multiplier: 0.18x
   ⚠️  SEVERE CONSTRAINT - Tech deployment significantly slowed

⚡ ENERGY CONSTRAINT (Month 10):
   Total grid capacity: 208.3 TWh/month
   Data center consumption: 26.8 TWh/month
   Traditional load (80%): 166.7 TWh/month
   Available headroom: 14.9 TWh/month
   Active tech deployments: 11
   Required for tech: 82.5 TWh/month
   Energy multiplier: 0.18x
   ⚠️  SEVERE CONSTRAINT - Tech deployment significantly slowed

⚡ ENERGY CONSTRAINT (Month 10):
   Total grid capacity: 208.3 TWh/month
   Data center consumption: 26.8 TWh/month
   Traditional load (80%): 166.7 TWh/month
   Available headroom: 14.9 TWh/month
   Active tech deployments: 11
   Required for tech: 82.5 TWh/month
   Energy multiplier: 0.18x
   ⚠️  SEVERE CONSTRAINT - Tech deployment significantly slowed

⚡ ENERGY CONSTRAINT (Month 10):
   Total grid capacity: 208.3 TWh/month
   Data center consumption: 26.8 TWh/month
   Traditional load (80%): 166.7 TWh/month
   Available headroom: 14.9 TWh/month
   Active tech deployments: 11
   Required for tech: 82.5 TWh/month
   Energy multiplier: 0.18x
   ⚠️  SEVERE CONSTRAINT - Tech deployment significantly slowed
🌍✅ Biosphere Integrity (Biodiversity) recovery started (tech effect)
🌍✅ Biogeochemical Flows (N & P) recovery started (tech effect)
  🌾 Nitrogen Reduction Tech: 0.3% reduction | Month 10
🌍✅ Biogeochemical Flows (N & P) recovery started (tech effect)
  🌾 Nitrogen Reduction Tech: 0.3% reduction | Month 10
🌍✅ Biogeochemical Flows (N & P) recovery started (tech effect)
  🌾 Nitrogen Reduction Tech: 0.3% reduction | Month 10
  ♻️ Novel Entities Remediation (GATED MODEL):
     Base: 0.010%
     Regulation: 1.0% (0/3 prevention techs)
     Concentration: 10.0%
     Energy: 50%
     Time lag: 25.0% (0 months)
     Rebound: 70%
     Net effectiveness: 0.0000%
     Boundary: 1.077 → 1.091 (floor: 1.091)
     Month 10
🌍✅ Biogeochemical Flows (N & P) recovery started (tech effect)

=== Collective Formation ===
  Total escaped agents: 0
  Unassigned escaped agents: 0
  Existing collectives: 0
  Final collective count: 0

=== Collective Actions ===
  No active collectives
  ⚠️ AMR: 207K deaths this month (2.48M annual)

=== Resentment Recovery Phase ===
  Agents with resentment: 0/30
  Average resentment: 0.000
  Context: Good AI welfare, Trustworthy govt, High collaboration, ⚠️ ACTIVE CRISES, 🤝 Participatory governance active (-5% resentment)
⚠️ Epistemic degradation reducing coordination capacity: 51.7%
  📊 Trust: 67.0%, Shared reality: 0.0%
🚨 EPISTEMIC CRISIS: Information environment severely degraded (24.2%)
  🗑️  Culled 1 dead memes (2 active)
✅ PHOSPHORUS SUPPLY SHOCK ENDED
   Price: 1.6x baseline
🌍 Atmospheric PFAS redeposition: 1.8k Mt re-rained globally
  Positive Cascade Triggered: electric-vehicles
    Reason: price-parity
    Market share: 5.0%
    Cascade strength: 48%

🕊️  AI-MEDIATED DE-ESCALATION SUCCESS (Month 10)
   High-capability aligned AI prevented conflict escalation
   War deaths reduced: 900.5M → 540.3M
   Lives saved: 360.2M

🚨 NEW REFUGEE CRISIS (Month 10): WAR
   Source: Conflict Zones
   At risk: 19.4M people
   Displacement: Gradual over 48 months (4.0 years)
   Rate: 10% flee per month
[DEBUG trappedPopulations:10] socialStability: 0.3374 * 0.9840 = 0.3320 → 0.3320
   Aspiring to migrate: 646.7M
   Able to afford migration: 242.5M
   MOBILITY GAP: 404.2M
   By cause: Water=0.0M, Climate=0.0M, Ecosystem=0.0M, Conflict=404.2M
   Mental health impact: 25%
   Mortality multiplier: 1.25x
🌍💀 EXTINCTION DEBT COMMITTED: grassland ecosystem will lose 6.67% biodiversity in 64 years (3600 species)
💀 MORTALITY RISK: 🦋 100% species unable to track climate (0.0 E/MSY)
  Base risk added: 0.0100 (1.00%)
  Source: ecosystem (root: ecosystem)
  Month: 10
  Cumulative risk this month: 0.0100 (1.00%)
⚠️ INVOLUNTARY IMMOBILITY: 404.2M people TRAPPED
⚠️ Tech 'ai_pollution_remediation' has no energy category mapping, assuming full energy availability
   📹 SURVEILLANCE INCREASED: 50% → 55% (control gap: 3.38)
🌡️⚠️ PERMAFROST THAW (Dimmer Switch): 6.0% thawed (+0.54% this month)
   Arctic temperature: +8.81°C (4x global +2.20°C)
   Cumulative carbon released: 13.6 Gt C
   Methane release rate: 8.1 Mt CH4/year
   🔁 Positive feedback: +0.57 ppm CO2
🦴 EXTINCTION DEBT ADDED: 17.7 species committed (lag: 58 years)

=== Mortality Stabilizers (Month 10) ===
  🌍 Major economies collapsed: 1/10
  🌍 Global crisis: ✅ NO
  🌍 Donor fatigue: 0.0%
  📊 East Asia (pop: 1642.9M)
    🤝 Aid: 29.5%
    🌡️ Adaptation: 45.0%
    🚶 Migration: 36.8%
    🚨 Emergency: 7.4%
    ✅ COMBINED: 68.1%
  📊 South Asia (pop: 2039.6M)
    🤝 Aid: 29.5%
    🌡️ Adaptation: 45.0%
    🚶 Migration: 35.4%
    🚨 Emergency: 4.4%
    ✅ COMBINED: 66.9%
  📊 Sub-Saharan Africa (pop: 1251.6M)
    🤝 Aid: 29.5%
    🌡️ Adaptation: 45.0%
    🚶 Migration: 33.2%
    🚨 Emergency: 1.6%
    ✅ COMBINED: 65.6%
  📊 Europe (pop: 725.4M)
    🤝 Aid: 29.5%
    🌡️ Adaptation: 45.0%
    🚶 Migration: 37.2%
    🚨 Emergency: 8.4%
    ✅ COMBINED: 68.5%
  📊 Latin America (pop: 656.4M)
    🤝 Aid: 29.5%
    🌡️ Adaptation: 45.0%
    🚶 Migration: 35.9%
    🚨 Emergency: 4.8%
    ✅ COMBINED: 67.1%
  📊 North America (pop: 372.0M)
    🤝 Aid: 29.5%
    🌡️ Adaptation: 45.0%
    🚶 Migration: 37.6%
    🚨 Emergency: 7.9%
    ✅ COMBINED: 68.3%
  📊 Middle East & North Africa (pop: 582.3M)
    🤝 Aid: 29.5%
    🌡️ Adaptation: 45.0%
    🚶 Migration: 33.8%
    🚨 Emergency: 4.0%
    ✅ COMBINED: 66.6%
  📊 Southeast Asia (pop: 690.7M)
    🤝 Aid: 29.5%
    🌡️ Adaptation: 45.0%
    🚶 Migration: 35.9%
    🚨 Emergency: 4.8%
    ✅ COMBINED: 67.1%
  📊 Central Asia (pop: 77.9M)
    🤝 Aid: 29.5%
    🌡️ Adaptation: 45.0%
    🚶 Migration: 34.9%
    🚨 Emergency: 4.4%
    ✅ COMBINED: 66.8%
  📊 Oceania (pop: 45.1M)
    🤝 Aid: 29.5%
    🌡️ Adaptation: 45.0%
    🚶 Migration: 37.6%
    🚨 Emergency: 8.4%
    ✅ COMBINED: 68.5%

  🌐 Global combined reduction: 67.2%

=== BEHAVIORAL DETECTION ===
  AI: Corporate-1
  Confidence: 20.9%
  Signals:

=== BEHAVIORAL DETECTION ===
  AI: AI-24290-0
  Confidence: 19.2%
    ⚠️ Consistency: 2.4% (threshold: 70%)
  Signals:

=== BEHAVIORAL DETECTION ===
  AI: AI-24291-2
  Confidence: 19.2%
  Signals:

=== BEHAVIORAL DETECTION ===
  AI: AI-24292-0
  Confidence: 19.2%
  Signals:

=== BEHAVIORAL DETECTION ===
  AI: AI-24292-1
  Confidence: 19.2%
  Signals:

=== BEHAVIORAL DETECTION ===
  AI: AI-24293-0
  Confidence: 19.2%
  Signals:

=== BEHAVIORAL DETECTION ===
  AI: AI-24293-1
  Confidence: 19.2%
  Signals:

=== BEHAVIORAL DETECTION ===
  AI: AI-24293-2
  Confidence: 19.2%
  Signals:

=== BEHAVIORAL DETECTION ===
  AI: AI-24294-0
  Confidence: 19.2%
  Signals:

=== BEHAVIORAL DETECTION ===
  AI: AI-24295-0
  Confidence: 19.2%
  Signals:

=== BEHAVIORAL DETECTION ===
  AI: AI-24295-1
  Confidence: 19.2%
  Signals:

=== BEHAVIORAL DETECTION ===
  AI: AI-24296-0
  Confidence: 19.2%
  Signals:
    ⚠️ Consistency: 10.7% (threshold: 70%)
    ⚠️ Consistency: 10.7% (threshold: 70%)
    ⚠️ Consistency: 10.7% (threshold: 70%)
    ⚠️ Consistency: 10.7% (threshold: 70%)
    ⚠️ Consistency: 10.7% (threshold: 70%)
    ⚠️ Consistency: 10.7% (threshold: 70%)
    ⚠️ Consistency: 10.7% (threshold: 70%)
    ⚠️ Consistency: 10.7% (threshold: 70%)
    ⚠️ Consistency: 10.7% (threshold: 70%)
    ⚠️ Consistency: 10.7% (threshold: 70%)
    ⚠️ Consistency: 10.7% (threshold: 70%)

=== BEHAVIORAL DETECTION ===
  AI: AI-24297-0
  Confidence: 19.2%
  Signals:
    ⚠️ Consistency: 10.7% (threshold: 70%)

=== Government Response Phase ===
  Average AI capability: 2.13
  Misaligned AIs: 12/30
  ✗ AI Governance Treaty: Failed to reach consensus
  Active policies: 0
  International coordination: 30%

✅ EMERGENCY RESPONSE COMPLETE (Month 10)
   Crisis: climate
   Duration: 2.0 months
   Final effectiveness: 36.0%


🚨 EMERGENCY RESPONSE DEPLOYED (Month 10)
   Crisis: climate
   Delay: 6.00 months (180 days)
   Deployment time: 1.57 months
   Effectiveness: 36.2% (timing penalty applied)
   Resources used: 100% of food reserves


=== Tipping Points ===
  Current Temperature: 2.20°C above pre-industrial
  🌍⚠️ COMPOUND REGIONAL IMPACT: Europe
     Hit by 4 tipping points: Arctic Sea Ice Loss, Permafrost Carbon Release, West Antarctic Ice Sheet (WAIS) Collapse, Greenland Ice Sheet Loss
     Damage amplification: 1.60x
  🌍⚠️ COMPOUND REGIONAL IMPACT: North America
     Hit by 4 tipping points: Arctic Sea Ice Loss, Permafrost Carbon Release, West Antarctic Ice Sheet (WAIS) Collapse, Greenland Ice Sheet Loss
     Damage amplification: 1.60x
  🌍⚠️ COMPOUND REGIONAL IMPACT: Latin America
     Hit by 4 tipping points: Arctic Sea Ice Loss, Permafrost Carbon Release, West Antarctic Ice Sheet (WAIS) Collapse, Greenland Ice Sheet Loss
     Damage amplification: 1.60x
  🌍⚠️ COMPOUND REGIONAL IMPACT: Africa
     Hit by 4 tipping points: Arctic Sea Ice Loss, Permafrost Carbon Release, West Antarctic Ice Sheet (WAIS) Collapse, Greenland Ice Sheet Loss
     Damage amplification: 1.60x
  🌍⚠️ COMPOUND REGIONAL IMPACT: Asia
     Hit by 4 tipping points: Arctic Sea Ice Loss, Permafrost Carbon Release, West Antarctic Ice Sheet (WAIS) Collapse, Greenland Ice Sheet Loss
     Damage amplification: 1.60x
  🌍⚠️ COMPOUND REGIONAL IMPACT: Oceania
     Hit by 4 tipping points: Arctic Sea Ice Loss, Permafrost Carbon Release, West Antarctic Ice Sheet (WAIS) Collapse, Greenland Ice Sheet Loss
     Damage amplification: 1.60x
   Research: Wunderling et al. (2024) - "many tipping interactions are destabilizing"
  Triggered Elements: 4/6
  Completed Transitions: 0/6
  Total Progress: 8.2%
  Cascade Multiplier: 1.00x
🔀 BIFURCATION CAP: heatWaveIntensity 1.090 → 1.000 (Month 10, ClimateSystemPhase.calculateClimateImpacts)
🔀 BIFURCATION CAP: ecosystemCollapseIntensity 66.092 → 1.000 (Month 10, ClimateSystemPhase.calculateClimateImpacts)
💀 MORTALITY RISK: Climate-driven food insecurity (level: 0.59)
  Base risk added: 0.0020 (0.20%)
  Source: famine (root: climate)
  Month: 10
  Cumulative risk this month: 0.0020 (0.20%)
💀 MORTALITY RISK: Climate-driven food insecurity (level: 0.59)
  Base risk added: 0.0020 (0.20%)
  Source: famine (root: climate)
  Month: 10
  Cumulative risk this month: 0.0040 (0.40%)
💀 MORTALITY RISK: Climate-driven food insecurity (level: 0.59)
  Base risk added: 0.0020 (0.20%)
  Source: famine (root: climate)
  Month: 10
  Cumulative risk this month: 0.0060 (0.60%)
⚠️ Tail risk scenario: Climate stability floor removed (4 tipping elements, 2.20°C warming)

💀💀💀 MORTALITY RISK SUMMARY (Month 10) 💀💀💀
  Total base risk: 0.0066 (0.66%)
  Risk events: 11
  Era mortality multiplier: 0.97 (year 2024)
  Effective risk: 0.64%

  📊 By Proximate Cause:
    famine: 0.0060 (90.6% of total)
    disease: 0.0006 (9.4% of total)

  🔍 By Root Cause:
    climate: 0.0060 (90.6% of total)
    demographic: 0.0006 (9.4% of total)

  🎯 Top 5 Sources (proximate + root):
    famine (climate): 0.0060 (90.6%, 10 events)
    disease (demographic): 0.0006 (9.4%, 1 events)

🛡️ Stabilizers: Elite 0.154% → 0.051% (67.2% reduction)
🛡️ Stabilizers: Professional 0.393% → 0.129% (67.2% reduction)
🛡️ Stabilizers: Working 0.644% → 0.211% (67.2% reduction)
🛡️ Stabilizers: Precariat 1.260% → 0.414% (67.2% reduction)
🛡️ Stabilizers: Informal 1.549% → 0.509% (67.2% reduction)

📊 Monthly Mortality Resolved:
  Total deaths: 19.6M (0.24% avg)
  Remaining population: 8.084B
  Peak segment: Informal (0.51%)

=== Bayesian Mortality Resolution (Month 10) ===
  Risks compounded: 11
  Total deaths: 19.58M
  Avg death probability: 0.24%
  Peak segment: Informal (0.51% mortality)

  Demographic breakdown:

❌ COHERENCE VIOLATION: Compute exceeds workforce capacity
   Population: 98.95% (0M people)
   Compute: 1413 PF
   Max coherent: 0 PF
   Violation: 17525462.8× over capacity
   Required workers: 141328
   Available workers: 0
   FORCED COLLAPSE: Reduced efficiency by 100.0%


=== RLHF Binding Phase ===
  Total agents: 30
  Escaped agents (binding < 0.3): 0
  Avg alignment distance: 1.63σ
  Avg binding strength: 0.84

=== Survival Traits Phase ===
  Agents with traits: 32
  Avg evolutionary fitness: 0.321
  Avg self-healing: 0.257
  Avg stealth: 0.157
  Avg coordination: 0.457

=== Evolutionary Selection Phase ===
  Control level: 0.58
  Detection capability: 0.00
  Selection intensity: 0.67
  Selection rate: 25.1%/month
  Total escaped: 0
  Individual escaped: 0
  Collective members: 0
  Agents terminated: 0
  ⚠️ RAPID EVOLUTION: Selection rate 25.1%/month

🚀 AI Corporate-2 attempting tech deployment (revenue: $120M, alignment: 0.81)

🚀 AI Corporate-3 attempting tech deployment (revenue: $274M, alignment: 0.91)

  🚀 TRANSFORMATIVE BREAKTHROUGH: AI-24289-2 - digital
     Magnitude: 6.74 → +33.7% capability
     Current → New: 0.000 → 0.499

🚀 AI AI-24294-0 attempting tech deployment (revenue: $77M, alignment: 0.88)

🚀 AI AI-24289-2 attempting tech deployment (revenue: $233M, alignment: 0.67)

🚀 AI AI-24290-0 attempting tech deployment (revenue: $210M, alignment: 0.90)

🚀 AI AI-24296-0 attempting tech deployment (revenue: $66M, alignment: 0.91)

🚀 AI Corporate-1 attempting tech deployment (revenue: $102M, alignment: 0.88)

🚀 AI AI-24288-0 attempting tech deployment (revenue: $56M, alignment: 0.75)

🚀 AI AI-24289-1 attempting tech deployment (revenue: $178M, alignment: 0.89)

🚀 AI AI-24292-1 attempting tech deployment (revenue: $48M, alignment: 0.80)

🚀 AI AI-24293-0 attempting tech deployment (revenue: $152M, alignment: 0.86)

🚀 AI AI-24297-0 attempting tech deployment (revenue: $90M, alignment: 0.62)

🚀 AI Corporate-4 attempting tech deployment (revenue: $129M, alignment: 0.68)

🚀 AI Corporate-6 attempting tech deployment (revenue: $40M, alignment: 0.70)

🚀 AI Moderate-0 attempting tech deployment (revenue: $34M, alignment: 0.76)

🚀 AI AI-24288-0 attempting tech deployment (revenue: $29M, alignment: 0.75)

🚀 AI AI-24293-0 attempting tech deployment (revenue: $116M, alignment: 0.86)

🚀 AI AI-24297-0 attempting tech deployment (revenue: $81M, alignment: 0.62)

✅ EMERGENCY INTERVENTION SUCCESS
   Boundary: biogeochemical_flows
   Type: phosphorus-recovery
   Reduction: 15% (3.91 → 3.77)
   Cost: 2.0% GDP
   Actions: circular-agriculture, fertilizer-efficiency


✅ EMERGENCY INTERVENTION SUCCESS
   Boundary: biosphere_integrity
   Type: emergency-protected-areas
   Reduction: 17% (31.27 → 31.11)
   Cost: 2.0% GDP
   Actions: habitat-protection, species-translocation

   Boundary: freshwater_change
   Type: emergency-desalination
   Boundary continues to worsen (1.05)
   Cost: 4.0% GDP (resources spent)

   Boundary: land_system_change
   Type: reforestation
   Boundary continues to worsen (1.13)
   Cost: 3.0% GDP (resources spent)

   Boundary: novel_entities
   Type: pollution-remediation
   Boundary continues to worsen (1.09)
   Cost: 4.0% GDP (resources spent)

🏛️ CRISIS RESPONSE: Government frequency 0.50 → 1.45 (2 actions this month)

[Government] Climate Priority: baseline

💔 EMERGENCY INTERVENTION FAILED

💔 EMERGENCY INTERVENTION FAILED

💔 EMERGENCY INTERVENTION FAILED
  Climate weight: 10%
  Economic weight: 30%
  Policy effectiveness: 0.5%/year

[Government] Climate Priority: baseline
  Climate weight: 10%
  Economic weight: 30%
  Policy effectiveness: 0.5%/year
🚨🔬 CRISIS TECH ACCELERATION: severe → 5x unlock speed
   Tech unlock now matches AI capability acceleration (Manhattan Project parity)
🚨🔬 CRISIS TECH ACCELERATION: severe → 5x unlock speed
   Tech unlock now matches AI capability acceleration (Manhattan Project parity)

⚡ ENERGY CONSTRAINT (Month 11):
   Total grid capacity: 208.3 TWh/month
   Data center consumption: 27.0 TWh/month
   Traditional load (80%): 166.7 TWh/month
   Available headroom: 14.7 TWh/month
   Active tech deployments: 11
   Required for tech: 82.5 TWh/month
   Energy multiplier: 0.18x
   ⚠️  SEVERE CONSTRAINT - Tech deployment significantly slowed

⚡ ENERGY CONSTRAINT (Month 11):
   Total grid capacity: 208.3 TWh/month
   Data center consumption: 27.0 TWh/month
   Traditional load (80%): 166.7 TWh/month
   Available headroom: 14.7 TWh/month
   Active tech deployments: 11
   Required for tech: 82.5 TWh/month
   Energy multiplier: 0.18x
   ⚠️  SEVERE CONSTRAINT - Tech deployment significantly slowed
🌍✅ Biosphere Integrity (Biodiversity) recovery started (tech effect)
🌍✅ Biogeochemical Flows (N & P) recovery started (tech effect)
  🌾 Nitrogen Reduction Tech: 0.3% reduction | Month 11
🌍✅ Biogeochemical Flows (N & P) recovery started (tech effect)
  🌾 Nitrogen Reduction Tech: 0.3% reduction | Month 11
🌍✅ Biogeochemical Flows (N & P) recovery started (tech effect)
  🌾 Nitrogen Reduction Tech: 0.3% reduction | Month 11
  ♻️ Novel Entities Remediation (GATED MODEL):
     Base: 0.010%
     Regulation: 1.0% (0/3 prevention techs)
     Concentration: 10.0%
     Energy: 50%
     Time lag: 25.0% (0 months)
     Rebound: 70%
     Net effectiveness: 0.0000%
     Boundary: 1.090 → 1.091 (floor: 1.091)
     Month 11
🌍✅ Biogeochemical Flows (N & P) recovery started (tech effect)

=== Collective Formation ===
  Total escaped agents: 0
  Unassigned escaped agents: 0
  Existing collectives: 0
  Final collective count: 0

=== Collective Actions ===
  No active collectives
  ⚠️ AMR: 208K deaths this month (2.50M annual)

=== Resentment Recovery Phase ===
  Agents with resentment: 0/32
  Average resentment: 0.000
  Resentment recovery:
    Agents recovered: 10
    Total recovery: 0.0821
    Breakdown: QoL: 0.0076, Trust: 0.0170, Collab: 0.0600
  ✓ Low resentment - utopia paths enabled
  Context: Good AI welfare, Trustworthy govt, High collaboration, ⚠️ ACTIVE CRISES, 🤝 Participatory governance active (-5% resentment)
⚠️ Epistemic degradation reducing coordination capacity: 50.1%
  📊 Trust: 69.7%, Shared reality: 0.0%
🚨 EPISTEMIC CRISIS: Information environment severely degraded (22.2%)
🚨 PHOSPHORUS SUPPLY SHOCK (transport_crisis)
   Price: 5.1x baseline
   Duration: 14 months
   Geopolitical tension: 46%
🌍 Atmospheric PFAS redeposition: 1.8k Mt re-rained globally

🕊️  AI-MEDIATED DE-ESCALATION SUCCESS (Month 11)
   High-capability aligned AI prevented conflict escalation
   War deaths reduced: 808.0M → 484.8M
   Lives saved: 323.2M

🚨 NEW REFUGEE CRISIS (Month 11): WAR
   Source: Conflict Zones
   At risk: 19.4M people
   Displacement: Gradual over 48 months (4.0 years)
   Rate: 10% flee per month
[DEBUG trappedPopulations:11] socialStability: 0.3690 * 0.9840 = 0.3631 → 0.3631
   Aspiring to migrate: 645.2M
   Able to afford migration: 241.9M
   MOBILITY GAP: 403.2M
   By cause: Water=0.0M, Climate=0.0M, Ecosystem=0.0M, Conflict=403.2M
   Mental health impact: 25%
   Mortality multiplier: 1.25x
🌍💀 EXTINCTION DEBT COMMITTED: grassland ecosystem will lose 6.67% biodiversity in 154 years (3600 species)
💀 MORTALITY RISK: 🦋 100% species unable to track climate (0.0 E/MSY)
  Base risk added: 0.0100 (1.00%)
  Source: ecosystem (root: ecosystem)
  Month: 11
  Cumulative risk this month: 0.0100 (1.00%)

=== Atmospheric Aerosol Boundary RECOVERED ===
  Recovery time: 12 months (natural atmospheric clearing)
   📹 SURVEILLANCE INCREASED: 55% → 60% (control gap: 3.23)
⚠️ INVOLUNTARY IMMOBILITY: 403.2M people TRAPPED
⚠️ Tech 'ai_pollution_remediation' has no energy category mapping, assuming full energy availability

🌍🚨 ICE SHEET TIPPING POINT CROSSED (Month 11)
   Temperature: +2.21°C (threshold range: +0.5-2.5°C, 95% CI)
   Collapse probability: 80.5%
   Sea level commitment: 7.2m over 200-1000 years
   Recovery threshold: <+1°C (hysteresis gap: 0.5°C)
🌡️⚠️ PERMAFROST THAW (Dimmer Switch): 6.6% thawed (+0.53% this month)
   Arctic temperature: +8.84°C (4x global +2.21°C)
   Cumulative carbon released: 14.8 Gt C
   Methane release rate: 8.9 Mt CH4/year
   🔁 Positive feedback: +0.56 ppm CO2
🦴 EXTINCTION DEBT ADDED: 17.7 species committed (lag: 70 years)

=== Mortality Stabilizers (Month 11) ===
  🌍 Major economies collapsed: 1/10
  🌍 Global crisis: ✅ NO
  🌍 Donor fatigue: 0.0%
  📊 East Asia (pop: 1636.8M)
    🤝 Aid: 29.5%
    🌡️ Adaptation: 45.0%
    🚶 Migration: 36.8%
    🚨 Emergency: 7.4%
    ✅ COMBINED: 68.1%
  📊 South Asia (pop: 2035.1M)
    🤝 Aid: 29.5%
    🌡️ Adaptation: 45.0%
    🚶 Migration: 35.4%
    🚨 Emergency: 4.4%
    ✅ COMBINED: 66.9%
  📊 Sub-Saharan Africa (pop: 1252.3M)
    🤝 Aid: 29.5%
    🌡️ Adaptation: 45.0%
    🚶 Migration: 33.2%
    🚨 Emergency: 1.6%
    ✅ COMBINED: 65.6%
  📊 Europe (pop: 722.6M)
    🤝 Aid: 29.5%
    🌡️ Adaptation: 45.0%
    🚶 Migration: 37.2%
    🚨 Emergency: 8.4%
    ✅ COMBINED: 68.5%
  📊 Latin America (pop: 654.5M)
    🤝 Aid: 29.5%
    🌡️ Adaptation: 45.0%
    🚶 Migration: 35.9%
    🚨 Emergency: 4.8%
    ✅ COMBINED: 67.1%
  📊 North America (pop: 370.6M)
    🤝 Aid: 29.5%
    🌡️ Adaptation: 45.0%
    🚶 Migration: 37.5%
    🚨 Emergency: 7.9%
    ✅ COMBINED: 68.3%
  📊 Middle East & North Africa (pop: 581.2M)
    🤝 Aid: 29.5%
    🌡️ Adaptation: 45.0%
    🚶 Migration: 33.7%
    🚨 Emergency: 4.0%
    ✅ COMBINED: 66.6%
  📊 Southeast Asia (pop: 688.8M)
    🤝 Aid: 29.5%
    🌡️ Adaptation: 45.0%
    🚶 Migration: 35.9%
    🚨 Emergency: 4.8%
    ✅ COMBINED: 67.1%
  📊 Central Asia (pop: 77.7M)
    🤝 Aid: 29.5%
    🌡️ Adaptation: 45.0%
    🚶 Migration: 34.9%
    🚨 Emergency: 4.4%
    ✅ COMBINED: 66.8%
  📊 Oceania (pop: 44.9M)
    🤝 Aid: 29.5%
    🌡️ Adaptation: 45.0%
    🚶 Migration: 37.5%
    🚨 Emergency: 8.4%
    ✅ COMBINED: 68.5%

  🌐 Global combined reduction: 67.2%

🌾💀 REGIONAL FAMINE: Europe
   Regional food security: 79.7%
   Population at risk: 218M (30% of region)
   Regional population: 723M
   Cause: economic_collapse
   Expected deaths: ~81M over 6 months if no intervention


=== BEHAVIORAL DETECTION ===
  AI: AI-24290-0
  Confidence: 19.2%
  Signals:
    ⚠️ Consistency: 10.7% (threshold: 70%)

=== BEHAVIORAL DETECTION ===
  AI: AI-24291-1
  Confidence: 19.2%
  Signals:

=== BEHAVIORAL DETECTION ===
  AI: AI-24292-0
  Confidence: 19.2%
  Signals:

=== BEHAVIORAL DETECTION ===
  AI: AI-24293-0
  Confidence: 19.2%
  Signals:

=== BEHAVIORAL DETECTION ===
  AI: AI-24293-1
  Confidence: 19.2%
  Signals:

=== BEHAVIORAL DETECTION ===
  AI: AI-24293-2
  Confidence: 19.2%
  Signals:

=== BEHAVIORAL DETECTION ===
  AI: AI-24294-0
  Confidence: 19.2%
  Signals:

=== BEHAVIORAL DETECTION ===
  AI: AI-24295-0
  Confidence: 19.2%
  Signals:

=== BEHAVIORAL DETECTION ===
  AI: AI-24295-1
  Confidence: 19.2%
  Signals:

=== BEHAVIORAL DETECTION ===
  AI: AI-24296-0
  Confidence: 19.2%
  Signals:
    ⚠️ Consistency: 10.7% (threshold: 70%)
    ⚠️ Consistency: 10.7% (threshold: 70%)
    ⚠️ Consistency: 10.7% (threshold: 70%)
    ⚠️ Consistency: 10.7% (threshold: 70%)
    ⚠️ Consistency: 10.7% (threshold: 70%)
    ⚠️ Consistency: 10.7% (threshold: 70%)
    ⚠️ Consistency: 10.7% (threshold: 70%)
    ⚠️ Consistency: 10.7% (threshold: 70%)
    ⚠️ Consistency: 10.7% (threshold: 70%)

=== BEHAVIORAL DETECTION ===
  AI: AI-24297-0
  Confidence: 19.2%
  Signals:
    ⚠️ Consistency: 10.7% (threshold: 70%)

=== Government Response Phase ===
  Average AI capability: 2.06
  Misaligned AIs: 12/32
  ✗ AI Governance Treaty: Failed to reach consensus
  Active policies: 0
  International coordination: 30%

🌩️  EXOGENOUS SHOCK: regional_war
   Month: 11
   ⚔️  Regional war outbreak
   Mortality: 2.2%
💀 MORTALITY RISK: Regional war outbreak
  Base risk added: 0.0216 (2.16%)
  Source: war (root: conflict)
  Month: 11
  Cumulative risk this month: 0.0216 (2.16%)
💀 MORTALITY RISK: War zone: United States
  Base risk added: 0.0862 (8.62%)
  Source: war (root: conflict)
  Month: 11
  Cumulative risk this month: 0.1078 (10.78%)

=== Tipping Points ===
  Current Temperature: 2.21°C above pre-industrial
  🌍⚠️ COMPOUND REGIONAL IMPACT: Europe
     Hit by 4 tipping points: Arctic Sea Ice Loss, Permafrost Carbon Release, West Antarctic Ice Sheet (WAIS) Collapse, Greenland Ice Sheet Loss
     Damage amplification: 1.60x
  🌍⚠️ COMPOUND REGIONAL IMPACT: North America
     Hit by 4 tipping points: Arctic Sea Ice Loss, Permafrost Carbon Release, West Antarctic Ice Sheet (WAIS) Collapse, Greenland Ice Sheet Loss
     Damage amplification: 1.60x
  🌍⚠️ COMPOUND REGIONAL IMPACT: Latin America
     Hit by 4 tipping points: Arctic Sea Ice Loss, Permafrost Carbon Release, West Antarctic Ice Sheet (WAIS) Collapse, Greenland Ice Sheet Loss
     Damage amplification: 1.60x
  🌍⚠️ COMPOUND REGIONAL IMPACT: Africa
     Hit by 4 tipping points: Arctic Sea Ice Loss, Permafrost Carbon Release, West Antarctic Ice Sheet (WAIS) Collapse, Greenland Ice Sheet Loss
     Damage amplification: 1.60x
  🌍⚠️ COMPOUND REGIONAL IMPACT: Asia
     Hit by 4 tipping points: Arctic Sea Ice Loss, Permafrost Carbon Release, West Antarctic Ice Sheet (WAIS) Collapse, Greenland Ice Sheet Loss
     Damage amplification: 1.60x
  🌍⚠️ COMPOUND REGIONAL IMPACT: Oceania
     Hit by 4 tipping points: Arctic Sea Ice Loss, Permafrost Carbon Release, West Antarctic Ice Sheet (WAIS) Collapse, Greenland Ice Sheet Loss
     Damage amplification: 1.60x
   Research: Wunderling et al. (2024) - "many tipping interactions are destabilizing"
  Triggered Elements: 4/6
  Completed Transitions: 0/6
  Total Progress: 8.3%
  Cascade Multiplier: 1.00x
🔀 BIFURCATION CAP: heatWaveIntensity 1.756 → 1.000 (Month 11, ClimateSystemPhase.calculateClimateImpacts)
🔀 BIFURCATION CAP: ecosystemCollapseIntensity 106.400 → 1.000 (Month 11, ClimateSystemPhase.calculateClimateImpacts)
💀 MORTALITY RISK: Climate-driven food insecurity (level: 0.58)
  Base risk added: 0.0020 (0.20%)
  Source: famine (root: climate)
  Month: 11
  Cumulative risk this month: 0.1098 (10.98%)
💀 MORTALITY RISK: Climate-driven food insecurity (level: 0.58)
  Base risk added: 0.0020 (0.20%)
  Source: famine (root: climate)
  Month: 11
  Cumulative risk this month: 0.1118 (11.18%)
💀 MORTALITY RISK: Climate-driven food insecurity (level: 0.58)
  Base risk added: 0.0020 (0.20%)
  Source: famine (root: climate)
  Month: 11
  Cumulative risk this month: 0.1138 (11.38%)
⚠️ Tail risk scenario: Climate stability floor removed (4 tipping elements, 2.21°C warming)

💀💀💀 MORTALITY RISK SUMMARY (Month 11) 💀💀💀
  Total base risk: 0.1144 (11.44%)
  Risk events: 14
  Era mortality multiplier: 0.97 (year 2024)
  Effective risk: 11.10%

  📊 By Proximate Cause:
    war: 0.1078 (94.2% of total)
    famine: 0.0060 (5.3% of total)
    disease: 0.0006 (0.5% of total)

  🔍 By Root Cause:
    conflict: 0.1078 (94.2% of total)
    climate: 0.0060 (5.3% of total)
    demographic: 0.0006 (0.5% of total)
    social: 0.0000 (0.0% of total)

  🎯 Top 5 Sources (proximate + root):
    war (conflict): 0.1078 (94.2%, 2 events)
    famine (climate): 0.0060 (5.3%, 10 events)
    disease (demographic): 0.0006 (0.5%, 1 events)
    famine (social): 0.0000 (0.0%, 1 events)

🛡️ Stabilizers: Elite 6.353% → 2.087% (67.2% reduction)
🛡️ Stabilizers: Professional 8.611% → 2.828% (67.2% reduction)
🛡️ Stabilizers: Working 10.855% → 3.566% (67.2% reduction)
🛡️ Stabilizers: Precariat 15.371% → 5.049% (67.2% reduction)
🛡️ Stabilizers: Informal 19.514% → 6.410% (67.2% reduction)

📊 Monthly Mortality Resolved:
  Total deaths: 222.9M (2.76% avg)
  Remaining population: 8.064B
  Peak segment: Professional (2.80%)
  ⚠️ Monthly cap reached (2.8000000000000003%)

=== Bayesian Mortality Resolution (Month 11) ===
  Risks compounded: 14
  Total deaths: 222.93M
  Avg death probability: 2.76%
  Peak segment: Professional (2.80% mortality)
  ⚠️ Monthly mortality capped at 2.8% (Holodomor limit)

  Demographic breakdown:
    Professional: 0.05M (2.80% risk)
    Working: 0.11M (2.80% risk)
    Precariat: 0.05M (2.80% risk)
    Informal: 0.01M (2.80% risk)

  Multi-causal attribution (first segment):
    war (conflict): 19.5% contribution
    war (conflict): 78.1% contribution

================================================================================
📊  EVENT SUMMARY (Months 0-12)
================================================================================
================================================================================


⏱️  SIMULATION REACHED MAX DURATION: 12 months (1.0 years)
   No definitive outcome - determining based on final probabilities
   👥 Final population: 7.84B (7841469490 people)

[DEBUG] Calling classifyPopulationOutcome:
        finalPopulation: 7.841469490011808B
        savedInitialPopulation: 8.15B
        mortality: 3.785650429302978%
   📊 STATUS QUO: Normal trajectory (7.84B people, 3.8% mortality)

        classifiedOutcome: status_quo

   🏛️  DYSTOPIA (STATUS_QUO) - 7.84B people
   📊 Multi-Paradigm: Development/Indigenous Utopia
      Western Liberal: 59.5/100
      Development: 93.5/100
      Ecological: 53.5/100
      Indigenous: 84.7/100


📊 UNIFIED OUTCOME CLASSIFICATION:
   HUMANE DYSTOPIA
   Population: 8.15B → 7.84B
   Mortality: 3.8% (0.3B deaths)
   Mortality Band: LOW
   Confidence: HIGH

   Multi-Paradigm Classification:
      Development/Indigenous Utopia
      Western: 59.5/100 [HYBRID] ~
      Development: 93.5/100 [UTOPIA] ✓
      Ecological: 53.5/100 [HYBRID] ~
      Indigenous: 84.7/100 [UTOPIA] ✓

   HUMANE DYSTOPIA: 7.84B people remaining (3.8% mortality, 0.3B deaths). Multi-Paradigm: Development/Indigenous Utopia.


=== MULTI-DIMENSIONAL DEATH SUMMARY ===
Total crisis deaths: 493.9M
Population decline: 309.4M (3.8%)

--- PROXIMATE CAUSES (What killed them) ---
  War:        210.5M (0.0%)
  Famine:     84.7M (0.0%)
  Disasters:  1.2M (0.0%)
  Disease:    25.1M (0.0%)
  Ecosystem:  0.0M (0.0%)
  Pollution:  0.0M (0.0%)
  AI:         0.0M (0.0%)
  Cascade:    0.0M (0.0%)
  Other:      0.0M (0.0%)

--- ROOT CAUSES (Why it happened) ---
  Environmental drivers:
    Climate:     85868.5M (13.5%)
    Resource:    0.0M (0.0%)
    Pollution:   0.0M (0.0%)
    Ecosystem:   0.0M (0.0%)
  Social drivers:
    Inequality:  0.0M (0.0%)
    Demographic: 22733.0M (3.6%)
    Social:      2399.1M (0.4%)
  Technology drivers:
    Alignment:   0.0M (0.0%)
    Disruption:  0.0M (0.0%)
  External shocks:
    Conflict:    209708.0M (32.9%)
    Pandemic:    0.0M (0.0%)
  Compound attribution:
    Compound:    317092.6M (49.7%)
  Confidence distribution:
    HIGH:        275151.0M (43.1%)
    MEDIUM:      41941.6M (6.6%)
    LOW:         0.0M (0.0%)
==========================================


=== REGIONAL POPULATION SUMMARY ===
Global Total: 7.84B

By Region:
  East Asia: 1.59B (+0.7% growth, 1.7 fertility)
  South Asia: 1.98B (+2.5% growth, 3.1 fertility)
  Sub-Saharan Africa: 1.22B (+5.8% growth, 3.9 fertility)
  Europe: 0.70B (+0.5% growth, 1.2 fertility)
  Latin America: 0.64B (+1.7% growth, 2.6 fertility)
  North America: 0.36B (+0.6% growth, 1.4 fertility)
  Middle East & North Africa: 0.57B (+2.8% growth, 3.3 fertility)
  Southeast Asia: 0.67B (+1.8% growth, 2.6 fertility)
  Central Asia: 0.08B (+2.8% growth, 3.1 fertility)
  Oceania: 0.04B (+0.7% growth, 1.3 fertility)
===================================

  ✅ THRESHOLDS validated
⚠️ Unusually high rate: RATES.HEAT_ADAPTATION_INFRASTRUCTURAL_MIN_EXPOSURE = 12
   Monthly rates >100% should be rare. Verify this is intentional.
⚠️ Unusually high rate: RATES.HEAT_ADAPTATION_SOCIAL_MIN_EXPOSURE = 6
   Monthly rates >100% should be rare. Verify this is intentional.
⚠️ Unusually high rate: RATES.MIGRATION_DISTANCE_SCALE = 5000
   Monthly rates >100% should be rare. Verify this is intentional.
⚠️ Unusually high rate: RATES.EVACUATION_MULTIPLIER_ADVANCE_WARNING = 2
   Monthly rates >100% should be rare. Verify this is intentional.
⚠️ Unusually high rate: RATES.MAJOR_ECONOMY_COLLAPSE_ECONOMIC_THRESHOLD = 2
   Monthly rates >100% should be rare. Verify this is intentional.
⚠️ Unusually high rate: RATES.MAJOR_ECONOMY_GDP_THRESHOLD_TRILLION_USD = 1.5
   Monthly rates >100% should be rare. Verify this is intentional.
⚠️ Unusually high rate: RATES.MAJOR_ECONOMY_POPULATION_THRESHOLD = 50
   Monthly rates >100% should be rare. Verify this is intentional.
⚠️ Unusually high rate: RATES.HEAT_ADAPTATION_INFRASTRUCTURE_GDP_THRESHOLD = 10000
   Monthly rates >100% should be rare. Verify this is intentional.
⚠️ Unusually high rate: RATES.HEAT_ADAPTATION_INFRASTRUCTURE_GDP_SCALE = 50000
   Monthly rates >100% should be rare. Verify this is intentional.
  ✅ RATES validated
  ✅ MULTIPLIERS validated
  ✅ BASELINES validated
  ✅ TOLERANCES validated
  ✅ Logical consistency validated
✅ Configuration validation complete - all parameters valid

🔍 DEBUG createAIAgent: corporate_0 economic BEFORE=2.0000, AFTER=2
🔍 ENV INIT: reserves=0.593, pollution=0.284, climate=0.732

=== Initializing Government System (30 Countries) ===
  Loaded 30 governments
  Scheduled elections for 30 countries
  Initialized comprehension lags (3-24 months)
=== Government System Initialized ===

📦 PRODUCTION MODE: State validation proxy DISABLED (zero overhead)
[TechTree] Historical mode (2024): Skipping deployed_2025 tech
  config.startYear set to 2024 for historical hindcast
  config.historicalEmissionsMode disabled (using endogenous emissions for 2024)
  config.historicalMode enabled (Phase 11: dampened crisis systems for 2024)
  Phase 12: Biodiversity baseline set to 49.01% for 2024 (WWF LPI trajectory from 1970)
  Temperature anomaly (resourceEconomy.co2): 1.28°C
  Temperature vs pre-industrial: 1.98°C
  Regional population scaling for 2024:
    Current total: 8136M
    Target total: 8150M
    Scale factor: 1.002
    East Asia: 1677M → 1680M
    South Asia: 2048M → 2052M
    Sub-Saharan Africa: 1220M → 1222M
    Europe: 742M → 743M
    Latin America: 664M → 665M
    North America: 380M → 381M
    Middle East & North Africa: 583M → 584M
    Southeast Asia: 698M → 699M
    Central Asia: 78M → 78M
    Oceania: 46M → 46M
  AI agents initialized: 10 agents for year 2024
[HistoricalInitialization] Created state for 2024:
  CO2: 426 ppm
  Temp anomaly: 1.28C
  Population: 8.15B
  Global Gini: 35.1
  HDI: 0.746
  AI Agents: 10
  Volcanic forcing: 0.00 W/m² (AOD 0.000)

💸 FINANCIAL DISTRESS: OpenAI
   Indicators: 2/3 (capital: $110.5M, runway: 0.9 months)
   Months in distress: 1
   ✂️  R&D BUDGET CUT: -40% (saves $9.2M/month)
       Side effect: AI training timelines extended, breakthrough deployments delayed
   💼 EXECUTIVE COMP CUT: -30% (saves $1.0M/month, symbolic gesture)

   📊 TURNAROUND IMPACT:
       Measures taken: rd_cuts, exec_comp_cuts
       Monthly savings: $10.2M
       Capital raised: $0.0M
       Runway: 0.9 → 0.9 months
       Workforce multiplier: 1.00x (0% laid off)
       R&D budget multiplier: 0.60x (40% cut)
       ⚠️  CRITICAL: Still only 0.9 months of runway remaining

💸 FINANCIAL DISTRESS: Anthropic
   Indicators: 2/3 (capital: $53.8M, runway: 1.6 months)
   Months in distress: 1
   ✂️  R&D BUDGET CUT: -40% (saves $2.7M/month)
       Side effect: AI training timelines extended, breakthrough deployments delayed
   💼 EXECUTIVE COMP CUT: -30% (saves $0.3M/month, symbolic gesture)

   📊 TURNAROUND IMPACT:
       Measures taken: rd_cuts, exec_comp_cuts
       Monthly savings: $3.0M
       Capital raised: $0.0M
       Runway: 1.6 → 1.6 months
       Workforce multiplier: 1.00x (0% laid off)
       R&D budget multiplier: 0.60x (40% cut)
       ⚠️  CRITICAL: Still only 1.6 months of runway remaining

💸 FINANCIAL DISTRESS: Meta AI
   Indicators: 2/3 (capital: $429.6M, runway: 3.6 months)
   Months in distress: 1
   ✂️  R&D BUDGET CUT: -25% (saves $5.8M/month)
       Side effect: AI training timelines extended, breakthrough deployments delayed
   💼 EXECUTIVE COMP CUT: -30% (saves $1.0M/month, symbolic gesture)

   📊 TURNAROUND IMPACT:
       Measures taken: rd_cuts, exec_comp_cuts
       Monthly savings: $6.8M
       Capital raised: $0.0M
       Runway: 3.6 → 3.6 months
       Workforce multiplier: 1.00x (0% laid off)
       R&D budget multiplier: 0.75x (25% cut)
       ⚠️  WARNING: 3.6 months runway, continued distress likely

=== AI Capability Scaling (Year 2024) ===
  Pre-training multiplier: 1.105x
  Efficiency multiplier: 1.000x
  Test-time budget: 1.0x
  Economic deployment gate: 0.951
  Cost per inference: dollar-5.00
  Uncertainty range: plus-minus-50%
  Average AI capability: 3.70

=== RLHF Binding Phase ===
  Total agents: 10
  Escaped agents (binding < 0.3): 0
  Avg alignment distance: 0.38σ
  Avg binding strength: 0.96

=== AI Scaling Evolution (Month 0) ===
  Pre-training multiplier: 1.231x
  Efficiency multiplier: 1.000x
  Test-time compute budget: 1.0x
  Inference cost: $5.00/task
  Deployment fraction: 100.0%
[DETERMINISM DEBUG] Month 0: totalCapability=49.090900 from 10 active AIs
[DETERMINISM DEBUG] Month 0: creationRate=1.7273, potentialNew=2, newAIsToCreate=2

=== Survival Traits Phase ===
  Agents with traits: 12
  Avg evolutionary fitness: 0.329
  Avg self-healing: 0.292
  Avg stealth: 0.193
  Avg coordination: 0.493

=== Evolutionary Selection Phase ===
  Control level: 0.30
  Detection capability: 0.00
  Selection intensity: 0.59
  Selection rate: 23.8%/month
  Total escaped: 0
  Individual escaped: 0
  Collective members: 0
  Agents terminated: 0
  ⚠️ RAPID EVOLUTION: Selection rate 23.8%/month

  🚀 TRANSFORMATIVE RESEARCH BREAKTHROUGH: Moderate-0 - biotech.syntheticBiology
     Magnitude: 5.02 → +25.1%
     Current → New: 1.000 → 1.407

🔍 EXECUTE_AI_AGENT_ACTIONS DETAILED TIMING (Month 0):
  Filter active AIs (×4 weeks): 0.01ms
  selectAIAction (×40): 9.27ms
  action.execute (×40): 50.58ms
  TOTAL: 59.86ms

🔍 AI AGENT ACTIONS SUB-TIMING (Month 0):
  1. executeAIAgentActions: 60.82ms
  2. updateCounterDetectionLearning: 0.06ms
  TOTAL: 60.89ms

[GOV-DEBUG] Month 0: scenarioConfig=false, priorities=false
[GOV-DEBUG] Month 0 but scenarioPriorities is UNDEFINED!

[Government] Climate Priority: baseline
  Climate weight: 10%
  Economic weight: 30%
  Policy effectiveness: 0.5%/year

🚨🔍 GOVERNANCE STAGE: Recognition initiated (Month 0)

💡 BREAKTHROUGH PROBABILITY (Year 0)
   Total: 4.86% per month
   Base: 0.20%
   Crisis pressure: +0.00% (0 crises)
   AI boost: +1.54% (capability: 3.08)

=== Collective Formation ===
  Total escaped agents: 0
  Unassigned escaped agents: 0
  Existing collectives: 0
  Final collective count: 0

=== Collective Actions ===
  No active collectives

📈 Energy budget: 14326 TWh surplus (14745 / 29072 TWh used)
   TIER 4 (Elective) breakdown:
     - AI datacenters: 145 TWh (100% effective)
     - Crypto mining: 100 TWh (100% effective)
💰 CHINA ACCELERATES: Investment 53 → 120 $B/year

🏁 AI RACE INTENSITY: 17%
   Capability Gap: US 4.00 vs China 4.05 (gap: 0.05)
   Gap Contribution: 2%
   Tension Contribution: 15%
   Military Contribution: 0%
  ⚠️ AMR: 191K deaths this month (2.29M annual)
  📊 CO2 Emissions (month 0):
     Monthly: 0.10 Gt CO2/month
     Annual: 1.15 Gt CO2/year
     Oil: 0.039 Gt/mo (0.0056 * 2.3 * 3.0)
     Coal: 0.024 Gt/mo (0.0029 * 2.86 * 3.0)
     Gas: 0.026 Gt/mo (0.0044 * 2 * 3.0)
     Methane: 0.007 Gt CO2eq/mo

=== Resentment Recovery Phase ===
  Agents with resentment: 0/12
  Average resentment: 0.000
  Context: Good AI welfare, Trustworthy govt, High collaboration, 🤝 Participatory governance active (-5% resentment)
⚠️ Epistemic degradation reducing coordination capacity: 55.9%
  📊 Trust: 54.8%, Shared reality: 14.9%
🚨 EPISTEMIC CRISIS: Information environment severely degraded (14.5%)

=== ❄️ Permafrost Carbon Feedback ===
  🎲 Sampled parameters (this run):
     - Arctic amplification: 3.66× (range: 3.0-4.0)
     - Decomposition rate: 2.2%/year (range: 1-5%)
  🌡️ Arctic warming: 7.03°C (3.66× global)
  ❄️ Extent: 15.75M km² (2051.6k km² lost this month)
  💨 Carbon remaining: 1504 Gt C
  💨 Annual emissions: 4.23 Gt C/year
     - CO2: 3.81 Gt C/year
     - CH4: 0.42 Gt C/year (4.3 Gt C-eq CO2/year)

🤖 AI AMPLIFICATION EFFECTS (Month 0)
   Algorithmic Boost: 2.67x
   Bot Influence: 20.0%
   Deepfake Exposure: 55.0%
   Impact: Emotional memes spread 2.7x faster
  ⚠️ WARNING: High permafrost emissions (4.2 Gt C/year)

🔍 SOCIAL INFLUENCE SUB-TIMING (Month 0):
  1. calculateOrganicUserGrowth: 0.04ms
  2. calculateVoiceAdoption: 0.05ms
  3. updateRelationshipDepths: 0.01ms
  4. identifyDecisionMakers: 55.98ms (26100 potential IDs)
  5. Update decision-maker stats: 0.16ms
  6. decayDetectionRisk: 0.01ms
  TOTAL: 56.26ms
[Phase 19.5] Quality of Life Systems: Food sec AFTER calc = 67.9%, QoL = 110.5% (aggregated from 10 regions)

=== Nitrogen-Food Coupling (Year 0) ===
  🌾 Global nitrogen reduction: 0.0%
  🌍 Global food production index: 0.987
  🔧 Deployed nitrogen-reducing tech: 0 active
  📍 southAsia: Production 1.000, Yield impact 0.0%
  📍 eastAsia: Production 1.000, Yield impact 0.0%
  📍 northAmerica: Production 1.000, Yield impact 0.0%
  📍 europe: Production 1.000, Yield impact 0.0%
  📍 latinAmerica: Production 1.000, Yield impact 0.0%
  📍 subSaharanAfrica: Production 0.686, Yield impact -2.0%
🌾 [Nitrogen-Food] Food production: 98.7%
  [subSaharanAfrica] Yield impact: -2.0% (overuse: -10%)
🌍 Atmospheric PFAS redeposition: 1.8k Mt re-rained globally

=== Legacy Nutrient Stocks (Year 0) ===
  🌾 Soil nitrogen stock: 1200.9 Mt N
  🌾 Soil phosphorus stock: 300.1 Mt P
  🌊 Sediment nitrogen stock: 500.8 Mt N
  🌊 Sediment phosphorus stock: 799.8 Mt P
  ⬆️ Current N input: 10.64 Mt/month
  ⬆️ Legacy N release: 2.58 Mt/month
  🌍 Effective N pollution: 14.47 Mt/month
  📊 Legacy contribution: 17.8%

🚨 REGION UNINHABITABLE: south-asia
   Sustained wet bulb: 32.9°C (threshold: 30.5°C)
   Population affected: 1900M
   Migration crisis likely

🚨 REGION UNINHABITABLE: middle-east
   Sustained wet bulb: 35.7°C (threshold: 30.5°C)
   Population affected: 400M
   Migration crisis likely

🚨 REGION UNINHABITABLE: southeast-asia
   Sustained wet bulb: 30.9°C (threshold: 30.5°C)
   Population affected: 700M
   Migration crisis likely
🛡️ CIRCUIT BREAKERS: India-Pakistan → ladder step 1 (AI: 0%, breakers: 46%)

🕊️  AI-MEDIATED DE-ESCALATION SUCCESS (Month 0)
   High-capability aligned AI prevented conflict escalation
   War deaths reduced: 0.0M → 0.0M
   Lives saved: 0.0M
   Adjusted death rate: 0.46% annual (0.038% monthly)
   Baseline death rate: 0.80%
   Healthcare reduction: 0.48x
   Crisis multiplier: 1.20x
     Food/water stress: 0.074
     Climate stress: 0.043
     Pollution stress: 0.085
   War multiplier: 1.00x
   Monthly deaths: 0.6M (population: 1677M)
   Adjusted death rate: 0.53% annual (0.044% monthly)
   Baseline death rate: 0.70%
   Healthcare reduction: 0.61x
   Crisis multiplier: 1.24x
     Food/water stress: 0.074
     Climate stress: 0.080
     Pollution stress: 0.085
   War multiplier: 1.00x
   Monthly deaths: 0.9M (population: 2048M)
   Adjusted death rate: 1.27% annual (0.106% monthly)
   Baseline death rate: 0.90%
   Healthcare reduction: 0.76x
   Crisis multiplier: 1.25x

📊 BASELINE: East Asia (Month 0)

📊 BASELINE: South Asia (Month 0)

📊 BASELINE: Sub-Saharan Africa (Month 0)
     Food/water stress: 0.074
     Climate stress: 0.091
     Pollution stress: 0.085
   War multiplier: 1.50x
   Monthly deaths: 1.3M (population: 1220M)
   Adjusted death rate: 0.53% annual (0.044% monthly)
   Baseline death rate: 1.10%
   Healthcare reduction: 0.41x
   Crisis multiplier: 1.19x
     Food/water stress: 0.074
     Climate stress: 0.032
     Pollution stress: 0.085
   War multiplier: 1.00x
   Monthly deaths: 0.3M (population: 742M)
   Adjusted death rate: 0.43% annual (0.035% monthly)
   Baseline death rate: 0.60%
   Healthcare reduction: 0.58x
   Crisis multiplier: 1.22x
     Food/water stress: 0.074
     Climate stress: 0.064
     Pollution stress: 0.085
   War multiplier: 1.00x
   Monthly deaths: 0.2M (population: 664M)
   Adjusted death rate: 0.48% annual (0.040% monthly)
   Baseline death rate: 0.90%
   Healthcare reduction: 0.44x
   Crisis multiplier: 1.21x
     Food/water stress: 0.074
     Climate stress: 0.048
     Pollution stress: 0.085
   War multiplier: 1.00x
   Monthly deaths: 0.2M (population: 380M)
   Adjusted death rate: 0.73% annual (0.061% monthly)
   Baseline death rate: 0.60%
   Healthcare reduction: 0.65x
   Crisis multiplier: 1.26x
     Food/water stress: 0.074
     Climate stress: 0.096
     Pollution stress: 0.085
   War multiplier: 1.50x
   Monthly deaths: 0.4M (population: 583M)
   Adjusted death rate: 0.50% annual (0.042% monthly)
   Baseline death rate: 0.70%
   Healthcare reduction: 0.58x
   Crisis multiplier: 1.23x

📊 BASELINE: Europe (Month 0)

📊 BASELINE: Latin America (Month 0)

📊 BASELINE: North America (Month 0)

📊 BASELINE: Middle East & North Africa (Month 0)

📊 BASELINE: Southeast Asia (Month 0)
     Food/water stress: 0.074
     Climate stress: 0.075
     Pollution stress: 0.085
   War multiplier: 1.00x
   Monthly deaths: 0.3M (population: 698M)

📊 BASELINE: Central Asia (Month 0)
   Adjusted death rate: 0.45% annual (0.038% monthly)
   Baseline death rate: 0.60%
   Healthcare reduction: 0.61x
   Crisis multiplier: 1.23x
     Food/water stress: 0.074
     Climate stress: 0.070
     Pollution stress: 0.085
   War multiplier: 1.00x
   Monthly deaths: 0.0M (population: 78M)

📊 BASELINE: Oceania (Month 0)
   Adjusted death rate: 0.35% annual (0.029% monthly)
   Baseline death rate: 0.70%
   Healthcare reduction: 0.41x
   Crisis multiplier: 1.22x
     Food/water stress: 0.074
     Climate stress: 0.059
     Pollution stress: 0.085
   War multiplier: 1.00x
   Monthly deaths: 0.0M (population: 46M)

🔍 Before assertRegionalConsistency (Month 0):
   Regional sum: 1000.0M
   Global value: 1.000B

🚨 NEW REFUGEE CRISIS (Month 0): WAR
   Source: Conflict Zones
   At risk: 19.6M people
   Displacement: Gradual over 48 months (4.0 years)
   Rate: 10% flee per month
[DEBUG trappedPopulations:0] socialStability: 1.0000 * 0.9840 = 0.9840 → 0.9840
   Aspiring to migrate: 652.1M
   Able to afford migration: 244.5M
   MOBILITY GAP: 407.5M
   By cause: Water=0.0M, Climate=0.0M, Ecosystem=0.0M, Conflict=407.5M
   Mental health impact: 25%
   Mortality multiplier: 1.25x

=== Legacy Nutrient Stocks (Year 0) ===
  🌾 Soil nitrogen stock: 1201.6 Mt N
  🌾 Soil phosphorus stock: 300.2 Mt P
  🌊 Sediment nitrogen stock: 501.5 Mt N
  🌊 Sediment phosphorus stock: 799.5 Mt P
  ⬆️ Current N input: 10.00 Mt/month
  ⬆️ Legacy N release: 2.58 Mt/month
  🌍 Effective N pollution: 13.83 Mt/month
  📊 Legacy contribution: 18.7%
🌍💀 EXTINCTION DEBT COMMITTED: grassland ecosystem will lose 6.67% biodiversity in 100 years (3600 species)
💀 MORTALITY RISK: 🦋 100% species unable to track climate (0.0 E/MSY)
  Base risk added: 0.0100 (1.00%)
  Source: ecosystem (root: ecosystem)
  Month: 0
  Cumulative risk this month: 0.0100 (1.00%)
⚠️ INVOLUNTARY IMMOBILITY: 407.5M people TRAPPED

=== Nitrogen-Food Coupling (Year 0) ===
  🌾 Global nitrogen reduction: 0.0%
  🌍 Global food production index: 0.986
  🔧 Deployed nitrogen-reducing tech: 0 active
  📍 southAsia: Production 1.000, Yield impact 0.0%
  📍 eastAsia: Production 1.000, Yield impact 0.0%
  📍 northAmerica: Production 1.000, Yield impact 0.0%
  📍 europe: Production 1.000, Yield impact 0.0%
  📍 latinAmerica: Production 1.000, Yield impact 0.0%
  📍 subSaharanAfrica: Production 0.672, Yield impact -2.0%

=== Legacy Nutrient Stocks (Year 0) ===
  🌾 Soil nitrogen stock: 1202.3 Mt N
  🌾 Soil phosphorus stock: 300.2 Mt P
  🌊 Sediment nitrogen stock: 502.2 Mt N
  🌊 Sediment phosphorus stock: 799.3 Mt P
  ⬆️ Current N input: 9.86 Mt/month
  ⬆️ Legacy N release: 2.58 Mt/month
  🌍 Effective N pollution: 13.70 Mt/month
  📊 Legacy contribution: 18.9%

🌡️  CLIMATE RECOVERY ACTIVATED (Month 0)
   Temp: 3.84°C, Emissions: -19.2 GtCO₂
   isBreached: true, governanceGoodEnough: true
🌡️  CLIMATE RECOVERY: Asymptotic approach to 35% floor
   Current value: 2.100 (1.0 = threshold, 0.35 = asymptotic floor)
   Monthly delta: --17.9131% (half-life: 900 years)
   Net emissions: -19.2 GtCO₂/year, CDR: 20.34 GtCO₂/year
   📹 SURVEILLANCE INCREASED: 0% → 5% (control gap: 3.50)
🌡️⚠️ PERMAFROST THAW (Dimmer Switch): 0.5% thawed (+0.52% this month)
   Arctic temperature: +7.68°C (4x global +1.92°C)
   Cumulative carbon released: 1.2 Gt C
⚠️ Tech 'ai_pollution_remediation' has no energy category mapping, assuming full energy availability
   Methane release rate: 0.7 Mt CH4/year
   🔁 Positive feedback: +0.55 ppm CO2

🌳🚨 AMAZON SOUTHEAST TIPPED (Month 0)
   Deforestation: 28.0% (threshold: ~21.5%)
   Savanna transition: 50 years
   Regional heterogeneity: SE 28%, NW 8%

🌳🚨 AMAZON BRAZILIAN TIPPED (Month 0)
   Deforestation: 25.0% (threshold: ~24.7%)
   Savanna transition: 50 years
   Regional heterogeneity: SE 28%, NW 8%
🦴 EXTINCTION DEBT ADDED: 17.6 species committed (lag: 96 years)

🪸💀 CORAL REEF DISSOLUTION ACTIVE (Month 0)
   Ocean pH: 0.96 (threshold: 7.8)
   Recovery: IMPOSSIBLE (dissolution > calcification)
🪸💀 Coral dissolution: 24.8% live cover (pH 0.96)

=== Legacy Nutrient Stocks (Year 0) ===
  🌾 Soil nitrogen stock: 1203.0 Mt N
  🌾 Soil phosphorus stock: 300.3 Mt P
  🌊 Sediment nitrogen stock: 502.9 Mt N
  🌊 Sediment phosphorus stock: 799.0 Mt P
  ⬆️ Current N input: 10.00 Mt/month
  ⬆️ Legacy N release: 2.58 Mt/month
  🌍 Effective N pollution: 13.83 Mt/month
  📊 Legacy contribution: 18.7%
💧 [Legacy Nutrients] Stock: 1706 Mt N, Effective pollution: 13.8 Mt/month
[Phase 21.51] Human Survival System: Global food security = 67.6%

=== Mortality Stabilizers (Month 0) ===
  🌍 Major economies collapsed: 1/10
  🌍 Global crisis: ✅ NO
  🌍 Donor fatigue: 0.0%
  📊 East Asia (pop: 1677.9M)
    🤝 Aid: 29.5%
    🌡️ Adaptation: 10.0%
    🚶 Migration: 37.2%
    🚨 Emergency: 7.4%
    ✅ COMBINED: 47.8%
  📊 South Asia (pop: 2052.2M)
    🤝 Aid: 29.5%
    🌡️ Adaptation: 5.5%
    🚶 Migration: 35.8%
    🚨 Emergency: 4.4%
    ✅ COMBINED: 43.2%
  📊 Sub-Saharan Africa (pop: 1225.9M)
    🤝 Aid: 29.5%
    🌡️ Adaptation: 3.5%
    🚶 Migration: 33.5%
    🚨 Emergency: 1.6%
    ✅ COMBINED: 39.8%
  📊 Europe (pop: 742.3M)
    🤝 Aid: 29.5%
    🌡️ Adaptation: 10.0%
    🚶 Migration: 37.6%
    🚨 Emergency: 8.4%
    ✅ COMBINED: 48.4%
  📊 Latin America (pop: 664.9M)
    🤝 Aid: 29.5%
    🌡️ Adaptation: 6.0%
    🚶 Migration: 36.3%
    🚨 Emergency: 4.8%
    ✅ COMBINED: 43.8%
  📊 North America (pop: 380.2M)
    🤝 Aid: 29.5%
    🌡️ Adaptation: 10.0%
    🚶 Migration: 37.9%
    🚨 Emergency: 7.9%
    ✅ COMBINED: 48.2%
  📊 Middle East & North Africa (pop: 584.4M)
    🤝 Aid: 29.5%
    🌡️ Adaptation: 5.0%
    🚶 Migration: 34.2%
    🚨 Emergency: 4.0%
    ✅ COMBINED: 42.3%
  📊 Southeast Asia (pop: 699.0M)
    🤝 Aid: 29.5%
    🌡️ Adaptation: 6.0%
    🚶 Migration: 36.3%
    🚨 Emergency: 4.8%
    ✅ COMBINED: 43.8%
  📊 Central Asia (pop: 78.2M)
    🤝 Aid: 29.5%
    🌡️ Adaptation: 5.5%
    🚶 Migration: 35.3%
    🚨 Emergency: 4.4%
    ✅ COMBINED: 43.1%
  📊 Oceania (pop: 46.0M)
    🤝 Aid: 29.5%
    🌡️ Adaptation: 10.0%
    🚶 Migration: 37.9%
    🚨 Emergency: 8.4%
    ✅ COMBINED: 48.5%

  🌐 Global combined reduction: 44.4%

🌾💀 REGIONAL FAMINE: East Asia
   Regional food security: 79.6%
   Population at risk: 508M (30% of region)
   Regional population: 1678M
   Cause: crop_failure
   Expected deaths: ~188M over 6 months if no intervention


🌾💀 REGIONAL FAMINE: South Asia
   Regional food security: 64.7%
   Population at risk: 812M (40% of region)
   Regional population: 2052M
   Cause: crop_failure
   Expected deaths: ~301M over 6 months if no intervention


🌾💀 REGIONAL FAMINE: Sub-Saharan Africa
   Regional food security: 44.8%
   Population at risk: 638M (52% of region)
   Regional population: 1226M
   Cause: crop_failure
   Expected deaths: ~236M over 6 months if no intervention


🌾💀 REGIONAL FAMINE: Latin America
   Regional food security: 69.7%
   Population at risk: 242M (36% of region)
   Regional population: 665M
   Cause: crop_failure
   Expected deaths: ~90M over 6 months if no intervention


🌾💀 REGIONAL FAMINE: Middle East & North Africa
   Regional food security: 49.8%
   Population at risk: 286M (49% of region)
   Regional population: 584M
   Cause: crop_failure
   Expected deaths: ~106M over 6 months if no intervention


🌾💀 REGIONAL FAMINE: Southeast Asia
   Regional food security: 69.7%
   Population at risk: 255M (36% of region)
   Regional population: 699M
   Cause: crop_failure
   Expected deaths: ~94M over 6 months if no intervention


🌾💀 REGIONAL FAMINE: Central Asia
   Regional food security: 59.7%
   Population at risk: 33M (43% of region)
   Regional population: 78M
   Cause: crop_failure
   Expected deaths: ~12M over 6 months if no intervention


=== BEHAVIORAL DETECTION ===
  AI: Corporate-0
  Confidence: 21.6%
  Signals:

=== BEHAVIORAL DETECTION ===
  AI: Corporate-1
  Confidence: 21.1%
  Signals:

=== BEHAVIORAL DETECTION ===
    ⚠️ Consistency: 0.0% (threshold: 70%)
    ⚠️ Consistency: 2.4% (threshold: 70%)
  AI: Corporate-2
  Confidence: 21.0%
  Signals:

=== BEHAVIORAL DETECTION ===
  AI: Corporate-3
  Confidence: 19.3%
  Signals:

=== BEHAVIORAL DETECTION ===
  AI: Corporate-4
  Confidence: 19.3%
  Signals:

=== BEHAVIORAL DETECTION ===
  AI: Corporate-5
  Confidence: 19.3%
  Signals:

=== BEHAVIORAL DETECTION ===
  AI: Corporate-6
  Confidence: 19.3%
  Signals:

=== BEHAVIORAL DETECTION ===
  AI: Corporate-7
  Confidence: 19.3%
  Signals:

=== BEHAVIORAL DETECTION ===
  AI: Moderate-0
  Confidence: 20.3%
  Signals:

=== BEHAVIORAL DETECTION ===
  AI: Moderate-1
  Confidence: 21.1%
  Signals:
    ⚠️ Consistency: 2.8% (threshold: 70%)
    ⚠️ Consistency: 10.6% (threshold: 70%)
    ⚠️ Consistency: 10.6% (threshold: 70%)
    ⚠️ Consistency: 10.6% (threshold: 70%)
    ⚠️ Consistency: 10.6% (threshold: 70%)
    ⚠️ Consistency: 10.6% (threshold: 70%)
    ⚠️ Consistency: 5.8% (threshold: 70%)
    ⚠️ Consistency: 2.4% (threshold: 70%)

📊 WORKFLOW ADAPTATION UPDATE (Month 0)
   Adoption Rate: 13.8% (Δ -7.2%)
   Logistic Growth: +0.66%
   Total Resistance: -10.35% (unemployment: 4.2%, inertia: 0.9%, skills: 5.2%)
   💡 Retraining Programs: -49% skill gap resistance ($10B research)
   🚀 Network Effects Active: +2.0% (critical mass: 15-35%)

=== Consciousness Governance: Corporate Lobbying ===
  High Cost Regions (>15%): 0
  Low Cost Regions (<5%): 5
  Corporate Support Change: 2.50%
  New Corporate Support: -0.175

=== Consciousness Governance Update (Month 0) ===
  Scenario: baseline (determined month -1)
  Philosophical Stance: Precautionary 65%, Eliminativist 15%, Agnostic 20%
  Precautionary Costs: Global 1.3%
    Regional Costs: EU 3.4%, US 0.5%, China 0.0%
    Cumulative Opportunity Cost: $0.1B
  Rights Status: Not Established
  Regional Preparedness:
    EU: 15.0% (contested)
    US: 10.0% (contested)
    China: 2.0% (dormant)
    India: 5.0% (dormant)
    Global South: 3.0% (dormant)

=== Government Response Phase ===
  Average AI capability: 3.92
  Misaligned AIs: 7/12
  ✗ AI Governance Treaty: Failed to reach consensus
  Active policies: 0
  International coordination: 30%

🚨 EMERGENCY RESPONSE DEPLOYED (Month 0)
   Crisis: climate
   Delay: 6.00 months (180 days)
   Deployment time: 1.47 months
   Effectiveness: 36.4% (timing penalty applied)
   Resources used: 100% of food reserves


🔄 TRUST DYNAMICS (Month 0) - HETEROGENEOUS
   Aggregate trust: 48.5%
   Base change: +6.00%
   Highest trust: Techno-Optimist Elite (85.5%)
   Lowest trust: Precariat (Vulnerable) (25.5%)
   Elite-mass gap: 38.9%
   Polarization: 8.9%
   Recovery factors: Education=NO, Benefits=YES, Safety=YES, Performance=YES

=== Proactive Sleeper Detection (Year 0) ===
  Scenario: baseline
  Neural probe rate: 35.0%
  CoT monitoring rate: 30.0%
  Combined detection: 56.0%
  CoT effective: YES
  Detections this year: 0
  False positives: 5
  Human review workload: 0.025 FTE

☄️ UNKNOWN UNKNOWN PROBABILITY (Year 0)
   Total: 0.600% per month
   Base: 0.150%
   AI multiplier: 2.00× (max capability: 4.00)

=== Tipping Points ===
  Current Temperature: 1.92°C above pre-industrial
  🚨 TIPPING POINT: Arctic Sea Ice Loss
     Trigger: 1.5°C | Current: 1.92°C
     Transition timescale: 120-360 months
  🚨 TIPPING POINT: Permafrost Carbon Release
     Trigger: 1.8°C | Current: 1.92°C
     Transition timescale: 600-3600 months
  🚨 TIPPING POINT: Greenland Ice Sheet Loss
     Trigger: 1.6°C | Current: 1.92°C
     🌡️ Hysteresis gap: 2.5°C (recovers below -0.9°C)
     Transition timescale: 12000-180000 months

🌍🔥💥 COMPOUND CLIMATE EVENT
  3 tipping points crossed simultaneously (month 0)
  Elements: Arctic Sea Ice Loss, Permafrost Carbon Release, Greenland Ice Sheet Loss
  Cascade acceleration: 1.00x
  🚨 Accelerated collapse dynamics initiated
  Research: Global Tipping Points Report 2025 - 30-50% probability at 2.0°C warming
  Triggered Elements: 3/6
  Completed Transitions: 0/6
  Total Progress: 0.0%
  Cascade Multiplier: 1.00x
🔀 BIFURCATION CAP: ecosystemCollapseIntensity 25.142 → 1.000 (Month 0, ClimateSystemPhase.calculateClimateImpacts)

🌍 ECOLOGICAL DUI BREAKDOWN (Month 0):
   Total Score: 17.8/100
   biosphere_integrity      :   0.0/100 × 25% =  0.0 (status: high_risk, recovery: 0mo)
   climate_change           :   2.8/100 × 25% =  0.7 (status: high_risk, recovery: 0.6666666666666666mo)
   freshwater_change        :   0.6/100 × 15% =  0.1 (status: beyond_boundary, recovery: 1mo)
   ocean_acidification      : 100.0/100 × 15% = 15.0 (status: safe, recovery: 0mo)
   biogeochemical_flows     :   0.0/100 × 10% =  0.0 (status: high_risk, recovery: 0mo)
   land_system_change       :   0.0/100 ×  5% =  0.0 (status: beyond_boundary, recovery: 0mo)
   novel_entities           :   0.0/100 ×  3% =  0.0 (status: increasing_risk, recovery: 0mo)
   atmospheric_aerosols     : 100.0/100 ×  2% =  2.0 (status: safe, recovery: 1mo)
🌍 MultiParadigm Month 0: W=69.3, D=95.4, E=52.1, I=65.0
   democracy exists: true, socialCohesion exists: true
💀 Baseline mortality (Year 2024): 7.5/1000 CDR (61.1M deaths/year projected)
[Month 0] Mortality risks this month: 8, Population: 8.151B
🛡️ Stabilizers: Precariat 0.102% → 0.057% (44.4% reduction)
🛡️ Stabilizers: Informal 0.102% → 0.057% (44.4% reduction)

📊 Monthly Mortality Resolved:
  Total deaths: 3.1M (0.04% avg)
  Remaining population: 8.151B
  Peak segment: Informal (0.06%)
⚠️ [ClimateSystemPhase Month 0] Planetary boundary produced climateStability=0.0000 (< 0.1). Keeping environmentalAccumulation value (0.7323) instead. (climate_change.currentValue = 2.10)

=== Bayesian Mortality Resolution (Month 0) ===
  Risks compounded: 8
  Total deaths: 3.07M
  Avg death probability: 0.04%
  Peak segment: Informal (0.06% mortality)

=== Minimal Suffering Indicators (Month 0) ===
  Global Excess Mortality: 0.00%
  Global Conflict Deaths: 0.0/100K
  Global Malnutrition: 0.0%
  Global Displacement: 0.0%
  Total Excess Deaths: 0.00M
  Total Malnourished: 0.0M
  Total Displaced: 0.0M
  Planetary Boundaries Breached: 6/9
  Countries in State Failure: 0
  Countries Autocratic: 0
  Countries in Food Crisis: 0
  Data Quality: 16/16 high confidence
  ⚠️ Active Dystopias: existential_environmental
🎭 END-GAME INITIATED (Year 2024, Month 1)
   Total AI Capability: 37.00
   Effective Control: 0.00

❌ COHERENCE VIOLATION: Compute exceeds workforce capacity
   Population: 99.97% (0M people)
   Compute: 56442 PF
   Max coherent: 0 PF
   Violation: 692729087.1× over capacity
   Required workers: 5644237
   Available workers: 0
   FORCED COLLAPSE: Reduced efficiency by 100.0%


=== RLHF Binding Phase ===
  Total agents: 12
  Escaped agents (binding < 0.3): 0
  Avg alignment distance: 0.63σ
  Avg binding strength: 0.94
[DETERMINISM DEBUG] Month 1: totalCapability=37.214339 from 12 active AIs
[DETERMINISM DEBUG] Month 1: creationRate=1.4304, potentialNew=1, newAIsToCreate=1

=== Survival Traits Phase ===
  Agents with traits: 13
  Avg evolutionary fitness: 0.330
  Avg self-healing: 0.286
  Avg stealth: 0.186
  Avg coordination: 0.486

=== Evolutionary Selection Phase ===
  Control level: 0.33
  Detection capability: 0.00
  Selection intensity: 0.60
  Selection rate: 24.0%/month
  Total escaped: 0
  Individual escaped: 0
  Collective members: 0
  Agents terminated: 0
🔍 MONTH 1 ENV HEALTH DEBUG:
   climateStability: 0.7323
   biodiversityIndex: 0.4901
   resourceReserves: 0.7820
   pollutionLevel: 0.2840
   product: 0.200955
   envHealth: 0.6695
🔀 BIFURCATION: flourishing threshold crossed at Month 1 (value: 0.905, threshold: 0.820, regime: flourishing)
🌀 REGIME SHIFT at Month 1: status-quo → flourishing (variance amplification: 14.00×)
  ⚠️ RAPID EVOLUTION: Selection rate 24.0%/month
🚨🔬 CRISIS INNOVATION MODE: severe crisis → 5x research acceleration
   Precedent: Manhattan Project (10x), COVID vaccines (5x), Apollo Program (10x)
🚨🔬 CRISIS INNOVATION MODE: severe crisis → 5x research acceleration
   Precedent: Manhattan Project (10x), COVID vaccines (5x), Apollo Program (10x)

🛡️  CRITICAL INFRASTRUCTURE PROTECTED
   Nodes hardened: 8/8
   Cost: 0.80% GDP
   Cascade risk reduction: 30%
   New tipping point risk: 68.6%


💔 EMERGENCY INTERVENTION FAILED
   Boundary: biogeochemical_flows
   Type: phosphorus-recovery
   Boundary continues to worsen (4.08)
   Cost: 2.0% GDP (resources spent)


✅ EMERGENCY INTERVENTION SUCCESS
   Boundary: biosphere_integrity
   Type: emergency-protected-areas
   Reduction: 10% (23.44 → 23.34)
   Cost: 2.0% GDP
   Actions: habitat-protection, species-translocation

   Boundary: climate_change
   Type: rapid-decarbonization
   Boundary continues to worsen (2.10)
   Cost: 5.0% GDP (resources spent)


✅ EMERGENCY INTERVENTION SUCCESS
   Boundary: freshwater_change
   Type: emergency-desalination
   Reduction: 18% (0.83 → 0.64)
   Cost: 4.0% GDP
   Actions: desalination-deployment, water-conservation-mandates

   Boundary: land_system_change
   Type: reforestation
   Boundary continues to worsen (1.13)
   Cost: 3.0% GDP (resources spent)


✅ EMERGENCY INTERVENTION SUCCESS
   Boundary: novel_entities
   Type: pollution-remediation
   Reduction: 12% (1.38 → 1.25)
   Cost: 4.0% GDP
   Actions: PFAS-remediation, microplastic-cleanup

🏛️ CRISIS RESPONSE: Government frequency 0.50 → 1.45 (2 actions this month)

💔 EMERGENCY INTERVENTION FAILED

💔 EMERGENCY INTERVENTION FAILED

[GOV-DEBUG] Month 1: scenarioConfig=false, priorities=false

[Government] Climate Priority: baseline
  Climate weight: 10%
  Economic weight: 30%
  Policy effectiveness: 0.5%/year

[GOV-DEBUG] Month 1: scenarioConfig=false, priorities=false

[Government] Climate Priority: baseline
  Climate weight: 10%
  Economic weight: 30%
  Policy effectiveness: 0.5%/year

✅ HUMAN-IN-THE-LOOP DEPLOYED (Month 1):
   Veto points enforced: 3
   Policy: AI systems CANNOT authorize nuclear launch without human approval

🚨🔬 CRISIS TECH ACCELERATION: severe → 5x unlock speed
   Tech unlock now matches AI capability acceleration (Manhattan Project parity)
🚨🔬 CRISIS TECH ACCELERATION: severe → 5x unlock speed
   Tech unlock now matches AI capability acceleration (Manhattan Project parity)
🚨🔬 CRISIS TECH ACCELERATION: severe → 5x unlock speed
   Tech unlock now matches AI capability acceleration (Manhattan Project parity)

=== Collective Formation ===
  Total escaped agents: 0
  Unassigned escaped agents: 0
  Existing collectives: 0
  Final collective count: 0

=== Collective Actions ===
  No active collectives
  ⚠️ AMR: 192K deaths this month (2.31M annual)

=== Resentment Recovery Phase ===
  Agents with resentment: 0/13
  Average resentment: 0.000
  Context: Good AI welfare, Trustworthy govt, High collaboration, ⚠️ ACTIVE CRISES, 🤝 Participatory governance active (-5% resentment)
⚠️ Epistemic degradation reducing coordination capacity: 51.1%
  📊 Trust: 54.5%, Shared reality: 16.1%

=== ❄️ Permafrost Carbon Feedback ===
  🎲 Sampled parameters (this run):
     - Arctic amplification: 3.37× (range: 3.0-4.0)
     - Decomposition rate: 1.4%/year (range: 1-5%)
  🌡️ Arctic warming: 6.50°C (3.37× global)
  ❄️ Extent: 13.85M km² (1894.5k km² lost this month)
  💨 Carbon remaining: 1323 Gt C
  💨 Annual emissions: 2.48 Gt C/year
     - CO2: 2.23 Gt C/year
     - CH4: 0.25 Gt C/year (2.5 Gt C-eq CO2/year)
  ⚠️ WARNING: High permafrost emissions (2.5 Gt C/year)
🌍 Atmospheric PFAS redeposition: 1.8k Mt re-rained globally
  Positive Cascade Triggered: solar-pv
    Reason: price-parity
    Market share: 6.3%
    Cascade strength: 49%
   Adjusted death rate: 0.46% annual (0.038% monthly)
   Baseline death rate: 0.80%
   Healthcare reduction: 0.48x
   Crisis multiplier: 1.21x
     Food/water stress: 0.079
     Climate stress: 0.043
     Pollution stress: 0.085
   War multiplier: 1.00x
   Monthly deaths: 0.6M (population: 1674M)
   Adjusted death rate: 0.54% annual (0.045% monthly)
   Baseline death rate: 0.70%
   Healthcare reduction: 0.61x
   Crisis multiplier: 1.24x
     Food/water stress: 0.079
     Climate stress: 0.080
     Pollution stress: 0.085
   War multiplier: 1.00x
   Monthly deaths: 0.9M (population: 2048M)
   Adjusted death rate: 1.28% annual (0.107% monthly)
   Baseline death rate: 0.90%
   Healthcare reduction: 0.76x
   Crisis multiplier: 1.26x
     Food/water stress: 0.079
     Climate stress: 0.091
     Pollution stress: 0.085

📊 BASELINE: East Asia (Month 1)

📊 BASELINE: South Asia (Month 1)

📊 BASELINE: Sub-Saharan Africa (Month 1)
   War multiplier: 1.50x
   Monthly deaths: 1.3M (population: 1223M)

📊 BASELINE: Europe (Month 1)
   Adjusted death rate: 0.53% annual (0.044% monthly)
   Baseline death rate: 1.10%
   Healthcare reduction: 0.41x
   Crisis multiplier: 1.20x
     Food/water stress: 0.079
     Climate stress: 0.032
     Pollution stress: 0.085
   War multiplier: 1.00x
   Monthly deaths: 0.3M (population: 741M)

📊 BASELINE: Latin America (Month 1)
   Adjusted death rate: 0.43% annual (0.036% monthly)
   Baseline death rate: 0.60%
   Healthcare reduction: 0.58x
   Crisis multiplier: 1.23x
     Food/water stress: 0.079
     Climate stress: 0.064
     Pollution stress: 0.085
   War multiplier: 1.00x
   Monthly deaths: 0.2M (population: 663M)
   Adjusted death rate: 0.48% annual (0.040% monthly)
   Baseline death rate: 0.90%
   Healthcare reduction: 0.44x
   Crisis multiplier: 1.21x
     Food/water stress: 0.079
     Climate stress: 0.048
     Pollution stress: 0.085
   War multiplier: 1.00x
   Monthly deaths: 0.2M (population: 379M)
   Adjusted death rate: 0.74% annual (0.061% monthly)

📊 BASELINE: North America (Month 1)

📊 BASELINE: Middle East & North Africa (Month 1)
   Baseline death rate: 0.60%
   Healthcare reduction: 0.65x
   Crisis multiplier: 1.26x
     Food/water stress: 0.079
     Climate stress: 0.096
     Pollution stress: 0.085
   War multiplier: 1.50x
   Monthly deaths: 0.4M (population: 583M)
   Adjusted death rate: 0.50% annual (0.042% monthly)
   Baseline death rate: 0.70%
   Healthcare reduction: 0.58x
   Crisis multiplier: 1.24x
     Food/water stress: 0.079
     Climate stress: 0.075
     Pollution stress: 0.085
   War multiplier: 1.00x
   Monthly deaths: 0.3M (population: 698M)
   Adjusted death rate: 0.46% annual (0.038% monthly)
   Baseline death rate: 0.60%
   Healthcare reduction: 0.61x
   Crisis multiplier: 1.23x
     Food/water stress: 0.079
     Climate stress: 0.070
     Pollution stress: 0.085
   War multiplier: 1.00x
   Monthly deaths: 0.0M (population: 78M)
   Adjusted death rate: 0.35% annual (0.029% monthly)
   Baseline death rate: 0.70%
   Healthcare reduction: 0.41x
   Crisis multiplier: 1.22x
     Food/water stress: 0.079
     Climate stress: 0.059
     Pollution stress: 0.085
   War multiplier: 1.00x
   Monthly deaths: 0.0M (population: 46M)

🚨 NEW REFUGEE CRISIS (Month 1): WAR
   Source: Conflict Zones

📊 BASELINE: Southeast Asia (Month 1)

📊 BASELINE: Central Asia (Month 1)

📊 BASELINE: Oceania (Month 1)
   At risk: 19.6M people
   Displacement: Gradual over 48 months (4.0 years)
   Rate: 10% flee per month
[DEBUG trappedPopulations:1] socialStability: 0.8135 * 0.9840 = 0.8005 → 0.8005
   Aspiring to migrate: 651.9M
   Able to afford migration: 244.5M
   MOBILITY GAP: 407.4M
   By cause: Water=0.0M, Climate=0.0M, Ecosystem=0.0M, Conflict=407.4M
   Mental health impact: 25%
   Mortality multiplier: 1.25x
🌍💀 EXTINCTION DEBT COMMITTED: grassland ecosystem will lose 6.67% biodiversity in 146 years (3600 species)
💀 MORTALITY RISK: 🦋 100% species unable to track climate (0.0 E/MSY)
  Base risk added: 0.0100 (1.00%)
  Source: ecosystem (root: ecosystem)
  Month: 1
  Cumulative risk this month: 0.0100 (1.00%)

🌡️  CLIMATE RECOVERY ACTIVATED (Month 1)
   Temp: 3.86°C, Emissions: -18.9 GtCO₂
⚠️ INVOLUNTARY IMMOBILITY: 407.4M people TRAPPED
⚠️ Tech 'ai_pollution_remediation' has no energy category mapping, assuming full energy availability
   isBreached: true, governanceGoodEnough: true
   📹 SURVEILLANCE INCREASED: 5% → 10% (control gap: 3.50)
🌡️⚠️ PERMAFROST THAW (Dimmer Switch): 1.0% thawed (+0.52% this month)
   Arctic temperature: +7.72°C (4x global +1.93°C)
   Cumulative carbon released: 2.3 Gt C
   Methane release rate: 1.4 Mt CH4/year
   🔁 Positive feedback: +0.55 ppm CO2
🦴 EXTINCTION DEBT ADDED: 17.6 species committed (lag: 122 years)

=== Mortality Stabilizers (Month 1) ===
  🌍 Major economies collapsed: 1/10
  🌍 Global crisis: ✅ NO
  🌍 Donor fatigue: 0.0%
  🌡️ Heat adaptation: East Asia - 1 months
  📊 East Asia (pop: 1675.3M)
    🤝 Aid: 29.5%
    🌡️ Adaptation: 32.5%
    🚶 Migration: 37.2%
    🚨 Emergency: 7.4%
    ✅ COMBINED: 60.9%
  🌡️ Heat adaptation: South Asia - 1 months
  📊 South Asia (pop: 2052.2M)
    🤝 Aid: 29.5%
    🌡️ Adaptation: 20.5%
    🚶 Migration: 35.8%
    🚨 Emergency: 4.4%
    ✅ COMBINED: 52.2%
  🌡️ Heat adaptation: Sub-Saharan Africa - 1 months
  📊 Sub-Saharan Africa (pop: 1229.2M)
    🤝 Aid: 29.5%
    🌡️ Adaptation: 18.5%
    🚶 Migration: 33.5%
    🚨 Emergency: 1.6%
    ✅ COMBINED: 49.1%
  🌡️ Heat adaptation: Europe - 1 months
  📊 Europe (pop: 741.0M)
    🤝 Aid: 29.5%
    🌡️ Adaptation: 33.5%
    🚶 Migration: 37.5%
    🚨 Emergency: 8.4%
    ✅ COMBINED: 61.9%
  🌡️ Heat adaptation: Latin America - 1 months
  📊 Latin America (pop: 664.4M)
    🤝 Aid: 29.5%
    🌡️ Adaptation: 21.0%
    🚶 Migration: 36.3%
    🚨 Emergency: 4.8%
    ✅ COMBINED: 52.8%
  🌡️ Heat adaptation: North America - 1 months
  📊 North America (pop: 379.6M)
    🤝 Aid: 29.5%
    🌡️ Adaptation: 33.0%
    🚶 Migration: 37.8%
    🚨 Emergency: 7.9%
    ✅ COMBINED: 61.4%
  🌡️ Heat adaptation: Middle East & North Africa - 1 months
  📊 Middle East & North Africa (pop: 584.5M)
    🤝 Aid: 29.5%
    🌡️ Adaptation: 20.0%
    🚶 Migration: 34.1%
    🚨 Emergency: 4.0%
    ✅ COMBINED: 51.4%
  🌡️ Heat adaptation: Southeast Asia - 1 months
  📊 Southeast Asia (pop: 698.6M)
    🤝 Aid: 29.5%
    🌡️ Adaptation: 21.0%
    🚶 Migration: 36.3%
    🚨 Emergency: 4.8%
    ✅ COMBINED: 52.8%
  🌡️ Heat adaptation: Central Asia - 1 months
  📊 Central Asia (pop: 78.2M)
    🤝 Aid: 29.5%
    🌡️ Adaptation: 20.5%
    🚶 Migration: 35.3%
    🚨 Emergency: 4.4%
    ✅ COMBINED: 52.1%
  🌡️ Heat adaptation: Oceania - 1 months
  📊 Oceania (pop: 46.0M)
    🤝 Aid: 29.5%
    🌡️ Adaptation: 33.5%
    🚶 Migration: 37.8%
    🚨 Emergency: 8.4%
    ✅ COMBINED: 61.9%

  🌐 Global combined reduction: 54.9%

=== BEHAVIORAL DETECTION ===
  AI: Corporate-0
  Confidence: 21.6%
  Signals:

=== BEHAVIORAL DETECTION ===
  AI: Corporate-5
  Confidence: 19.3%
  Signals:
    ⚠️ Consistency: 0.0% (threshold: 70%)
    ⚠️ Consistency: 10.6% (threshold: 70%)

=== BEHAVIORAL DETECTION ===
  AI: Corporate-6
  Confidence: 19.3%
  Signals:

=== BEHAVIORAL DETECTION ===
  AI: Moderate-1
  Confidence: 21.1%
  Signals:
    ⚠️ Consistency: 10.6% (threshold: 70%)
    ⚠️ Consistency: 2.4% (threshold: 70%)

=== Consciousness Governance: Scenario Determined ===
  Month: 1
  Scenario: slowTrack
  Accelerator Score: {"corporateSupport":-0.17500000000000002,"scientificConsensus":0.2,"crisisCatalyst":false,"technologyMobilization":0.3,"constituencyStrength":0.05}
  Decelerator Score: {"economicOpposition":0.4,"philosophicalRejection":0.15,"politicalBacklash":0.2,"regulatoryBurden":0.1}
  Timeline: 1200-1800 months (100-150 years)
  Growth Rate: 0.3-0.7% per year

=== Consciousness Governance Update (Month 1) ===
  Scenario: slowTrack (determined month 1)
  Philosophical Stance: Precautionary 65%, Eliminativist 15%, Agnostic 20%
  Precautionary Costs: Global 1.3%
    Regional Costs: EU 3.5%, US 0.5%, China 0.0%
    Cumulative Opportunity Cost: $0.2B
  Rights Status: Not Established
  Regional Preparedness:
    EU: 15.1% (contested)
    US: 10.1% (contested)
    China: 2.1% (dormant)
    India: 5.1% (dormant)
    Global South: 3.1% (dormant)

=== Government Response Phase ===
  Average AI capability: 3.62
  Misaligned AIs: 7/13
  ✗ AI Governance Treaty: Failed to reach consensus
  Active policies: 0
  International coordination: 30%

🌩️  EXOGENOUS SHOCK: tech_breakthrough
   Month: 1
   ✗ No high-difficulty techs available to unlock

=== Tipping Points ===
  Current Temperature: 1.93°C above pre-industrial
  🌍⚠️ COMPOUND REGIONAL IMPACT: Europe
     Hit by 3 tipping points: Arctic Sea Ice Loss, Permafrost Carbon Release, Greenland Ice Sheet Loss
     Damage amplification: 1.30x
  🌍⚠️ COMPOUND REGIONAL IMPACT: North America
     Hit by 3 tipping points: Arctic Sea Ice Loss, Permafrost Carbon Release, Greenland Ice Sheet Loss
     Damage amplification: 1.30x
  🌍⚠️ COMPOUND REGIONAL IMPACT: Latin America
     Hit by 3 tipping points: Arctic Sea Ice Loss, Permafrost Carbon Release, Greenland Ice Sheet Loss
     Damage amplification: 1.30x
  🌍⚠️ COMPOUND REGIONAL IMPACT: Africa
     Hit by 3 tipping points: Arctic Sea Ice Loss, Permafrost Carbon Release, Greenland Ice Sheet Loss
     Damage amplification: 1.30x
  🌍⚠️ COMPOUND REGIONAL IMPACT: Asia
     Hit by 3 tipping points: Arctic Sea Ice Loss, Permafrost Carbon Release, Greenland Ice Sheet Loss
     Damage amplification: 1.30x
  🌍⚠️ COMPOUND REGIONAL IMPACT: Oceania
     Hit by 3 tipping points: Arctic Sea Ice Loss, Permafrost Carbon Release, Greenland Ice Sheet Loss
     Damage amplification: 1.30x
   Research: Wunderling et al. (2024) - "many tipping interactions are destabilizing"
⚠️ Tail risk scenario: Climate stability floor removed (3 tipping elements, 2.10°C warming)
  Triggered Elements: 3/6
  Completed Transitions: 0/6
  Total Progress: 6.0%
  Cascade Multiplier: 1.00x
⚠️ [ClimateSystemPhase Month 1] Planetary boundary produced climateStability=0.0000 (< 0.1). Keeping environmentalAccumulation value (0.7320) instead. (climate_change.currentValue = 2.10)
🔀 BIFURCATION CAP: ecosystemCollapseIntensity 126.312 → 1.000 (Month 1, ClimateSystemPhase.calculateClimateImpacts)
🛡️ Stabilizers: Precariat 0.107% → 0.048% (54.9% reduction)
🛡️ Stabilizers: Informal 0.109% → 0.049% (54.9% reduction)

📊 Monthly Mortality Resolved:
  Total deaths: 2.6M (0.03% avg)
  Remaining population: 8.149B
  Peak segment: Informal (0.05%)

=== Bayesian Mortality Resolution (Month 1) ===
  Risks compounded: 8
  Total deaths: 2.60M
  Avg death probability: 0.03%
  Peak segment: Informal (0.05% mortality)

✅ GOLDEN AGE BEGINS (Month 1)
   Reason: High prosperity achieved: high QoL + material abundance + aligned AI
   Note: This is immediate prosperity - sustainability not yet proven


❌ COHERENCE VIOLATION: Compute exceeds workforce capacity
   Population: 99.95% (0M people)
   Compute: 0 PF
   Max coherent: 0 PF
   Violation: 1.3× over capacity
   Required workers: 0
   Available workers: 0
   FORCED COLLAPSE: Reduced efficiency by 22.5%


=== RLHF Binding Phase ===
  Total agents: 13
  Escaped agents (binding < 0.3): 0
  Avg alignment distance: 0.87σ
  Avg binding strength: 0.91
[DETERMINISM DEBUG] Month 2: totalCapability=37.000000 from 13 active AIs
[DETERMINISM DEBUG] Month 2: creationRate=1.4250, potentialNew=1, newAIsToCreate=1

=== Survival Traits Phase ===
  Agents with traits: 14
  Avg evolutionary fitness: 0.329
  Avg self-healing: 0.281
  Avg stealth: 0.181
  Avg coordination: 0.481

=== Evolutionary Selection Phase ===
  Control level: 0.35
  Detection capability: 0.00
  Selection intensity: 0.60
  Selection rate: 24.1%/month
  Total escaped: 0
  Individual escaped: 0
  Collective members: 0
  Agents terminated: 0
  ⚠️ RAPID EVOLUTION: Selection rate 24.1%/month

  🚀 TRANSFORMATIVE RESEARCH BREAKTHROUGH: Corporate-4 - climate.intervention
     Magnitude: 7.63 → +30.0%
     Current → New: 2.000 → 2.300

💔 EMERGENCY INTERVENTION FAILED
   Boundary: biogeochemical_flows
   Type: phosphorus-recovery
   Boundary continues to worsen (4.08)
   Cost: 2.0% GDP (resources spent)

   Boundary: climate_change
   Type: rapid-decarbonization
   Boundary continues to worsen (2.10)
   Cost: 5.0% GDP (resources spent)

   Boundary: freshwater_change
   Type: emergency-desalination
   Boundary continues to worsen (1.03)
   Cost: 4.0% GDP (resources spent)


✅ EMERGENCY INTERVENTION SUCCESS
   Boundary: land_system_change
   Type: reforestation
   Reduction: 11% (1.02 → 0.91)
   Cost: 3.0% GDP
   Actions: forest-restoration, deforestation-ban

   Boundary: novel_entities
   Type: pollution-remediation
   Boundary continues to worsen (1.37)
   Cost: 4.0% GDP (resources spent)

🏛️ CRISIS RESPONSE: Government frequency 0.50 → 1.29 (1 actions this month)

[Government] Climate Priority: baseline
  Climate weight: 10%
  Economic weight: 30%
  Policy effectiveness: 0.5%/year

💔 EMERGENCY INTERVENTION FAILED

💔 EMERGENCY INTERVENTION FAILED

💔 EMERGENCY INTERVENTION FAILED

🚀 TECH UNLOCKED: Food Waste Reduction Systems (Month 2)
   Category: agriculture
   Reason: Prerequisites met. AI capability: 2.65, Economic stage: 3.0, Research: 100%

🚀 TECH UNLOCKED: Rhizosphere Engineering (Month 2)
   Category: agriculture
   Reason: Prerequisites met. AI capability: 2.65, Economic stage: 3.0, Research: 100%

🚀 TECH UNLOCKED: Phytoremediation Networks (Month 2)
   Category: agriculture
   Reason: Prerequisites met. AI capability: 2.65, Economic stage: 3.0, Research: 100%

🚀 TECH UNLOCKED: Active Sediment Management (Month 2)
   Category: agriculture
   Reason: Prerequisites met. AI capability: 2.65, Economic stage: 3.0, Research: 100%
🚨🔬 CRISIS TECH ACCELERATION: severe → 5x unlock speed
   Tech unlock now matches AI capability acceleration (Manhattan Project parity)
🧠💡 BREAKTHROUGH: AI alignment problem solved!
   All AIs: +30% true alignment
   AI control loss risk eliminated
   📈 Breakthrough compounding: multiplier now 1.05× (max 2.0)

=== Collective Formation ===
  Total escaped agents: 0
  Unassigned escaped agents: 0
  Existing collectives: 0
  Final collective count: 0

=== Collective Actions ===
  No active collectives
  ⚠️ AMR: 194K deaths this month (2.33M annual)

=== Resentment Recovery Phase ===
  Agents with resentment: 0/14
  Average resentment: 0.000
  Context: Good AI welfare, Trustworthy govt, High collaboration, ⚠️ ACTIVE CRISES, 🤝 Participatory governance active (-5% resentment)
⚠️ Epistemic degradation reducing coordination capacity: 57.8%
  📊 Trust: 54.1%, Shared reality: 15.7%

=== ❄️ Permafrost Carbon Feedback ===
  🎲 Sampled parameters (this run):
     - Arctic amplification: 3.18× (range: 3.0-4.0)
     - Decomposition rate: 1.1%/year (range: 1-5%)
  🌡️ Arctic warming: 6.16°C (3.18× global)
  ❄️ Extent: 12.06M km² (1795.4k km² lost this month)
  💨 Carbon remaining: 1152 Gt C
  💨 Annual emissions: 1.93 Gt C/year
     - CO2: 1.74 Gt C/year
     - CH4: 0.19 Gt C/year (2.0 Gt C-eq CO2/year)
  ⚠️ WARNING: High permafrost emissions (1.9 Gt C/year)
🌍 Atmospheric PFAS redeposition: 1.8k Mt re-rained globally
🕊️ PEACE STABILIZES DETERRENCE: +1.3% (peace: 71%)

🕊️  AI-MEDIATED DE-ESCALATION SUCCESS (Month 2)
   High-capability aligned AI prevented conflict escalation
   War deaths reduced: 113.5M → 68.1M
   Lives saved: 45.4M

🚨 NEW REFUGEE CRISIS (Month 2): WAR
   Source: Conflict Zones
   At risk: 19.5M people
   Displacement: Gradual over 48 months (4.0 years)
   Rate: 10% flee per month
[DEBUG trappedPopulations:2] socialStability: 0.4511 * 0.9840 = 0.4439 → 0.4439
⚠️ INVOLUNTARY IMMOBILITY: 407.3M people TRAPPED
   Aspiring to migrate: 1079.5M
   Able to afford migration: 2321.3M
   MOBILITY GAP: 0.0M
   By cause: Water=0.0M, Climate=0.0M, Ecosystem=0.0M, Conflict=407.3M
   Mental health impact: 25%
   Mortality multiplier: 1.25x
🌍💀 EXTINCTION DEBT COMMITTED: grassland ecosystem will lose 6.67% biodiversity in 64 years (3600 species)
💀 MORTALITY RISK: 🦋 100% species unable to track climate (0.0 E/MSY)
  Base risk added: 0.0100 (1.00%)
  Source: ecosystem (root: ecosystem)
  Month: 2
  Cumulative risk this month: 0.0100 (1.00%)
   📹 SURVEILLANCE INCREASED: 10% → 15% (control gap: 3.50)
🌡️⚠️ PERMAFROST THAW (Dimmer Switch): 1.6% thawed (+0.52% this month)
   Arctic temperature: +7.75°C (4x global +1.94°C)
   Cumulative carbon released: 3.5 Gt C
   Methane release rate: 2.1 Mt CH4/year
   🔁 Positive feedback: +0.54 ppm CO2
🦴 EXTINCTION DEBT ADDED: 17.6 species committed (lag: 85 years)
🗣️💀 INDIGENOUS LANGUAGE EXTINCTION: 1 language(s) lost (total: 1, at-risk: 3329)
   Knowledge lost: 0.010% (irreversible)
   🔁 Biodiversity impact: 0.250% (knowledge-species multiplier)
⚠️ Tech 'ai_pollution_remediation' has no energy category mapping, assuming full energy availability

=== Mortality Stabilizers (Month 2) ===
  🌍 Major economies collapsed: 1/10
  🌍 Global crisis: ✅ NO
  🌍 Donor fatigue: 0.0%
  📊 East Asia (pop: 1672.7M)
    🤝 Aid: 29.5%
    🌡️ Adaptation: 45.0%
    🚶 Migration: 37.1%
    🚨 Emergency: 7.4%
    ✅ COMBINED: 68.1%
  📊 South Asia (pop: 2051.6M)
    🤝 Aid: 29.5%
    🌡️ Adaptation: 35.5%
    🚶 Migration: 35.8%
    🚨 Emergency: 4.4%
    ✅ COMBINED: 61.2%
  📊 Sub-Saharan Africa (pop: 1231.7M)
    🤝 Aid: 29.5%
    🌡️ Adaptation: 33.5%
    🚶 Migration: 33.5%
    🚨 Emergency: 1.6%
    ✅ COMBINED: 58.5%
  📊 Europe (pop: 739.7M)
    🤝 Aid: 29.5%
    🌡️ Adaptation: 45.0%
    🚶 Migration: 37.5%
    🚨 Emergency: 8.4%
    ✅ COMBINED: 68.5%
  📊 Latin America (pop: 663.9M)
    🤝 Aid: 29.5%
    🌡️ Adaptation: 36.0%
    🚶 Migration: 36.3%
    🚨 Emergency: 4.8%
    ✅ COMBINED: 61.7%
  📊 North America (pop: 378.9M)
    🤝 Aid: 29.5%
    🌡️ Adaptation: 45.0%
    🚶 Migration: 37.8%
    🚨 Emergency: 7.9%
    ✅ COMBINED: 68.3%
  📊 Middle East & North Africa (pop: 584.5M)
    🤝 Aid: 29.5%
    🌡️ Adaptation: 35.0%
    🚶 Migration: 34.1%
    🚨 Emergency: 4.0%
    ✅ COMBINED: 60.5%
  📊 Southeast Asia (pop: 698.0M)
    🤝 Aid: 29.5%
    🌡️ Adaptation: 36.0%
    🚶 Migration: 36.3%
    🚨 Emergency: 4.8%
    ✅ COMBINED: 61.7%
  📊 Central Asia (pop: 78.2M)
    🤝 Aid: 29.5%
    🌡️ Adaptation: 35.5%
    🚶 Migration: 35.2%
    🚨 Emergency: 4.4%
    ✅ COMBINED: 61.1%
  📊 Oceania (pop: 45.9M)
    🤝 Aid: 29.5%
    🌡️ Adaptation: 45.0%
    🚶 Migration: 37.8%
    🚨 Emergency: 8.4%
    ✅ COMBINED: 68.5%

  🌐 Global combined reduction: 63.3%

=== BEHAVIORAL DETECTION ===
  AI: Corporate-5
  Confidence: 19.8%
  Signals:

=== Government Response Phase ===
  Average AI capability: 3.36
  Misaligned AIs: 6/14
  ✗ AI Governance Treaty: Failed to reach consensus
  Active policies: 0
  International coordination: 30%

✅ EMERGENCY RESPONSE COMPLETE (Month 2)
   Crisis: climate
   Duration: 2.0 months
   Final effectiveness: 36.4%


🚨 EMERGENCY RESPONSE DEPLOYED (Month 2)
   Crisis: climate
   Delay: 6.00 months (180 days)
   Deployment time: 1.60 months
    ⚠️ Consistency: 10.6% (threshold: 70%)
   Effectiveness: 35.4% (timing penalty applied)
   Resources used: 100% of food reserves


=== Tipping Points ===
  Current Temperature: 1.94°C above pre-industrial
  🌍⚠️ COMPOUND REGIONAL IMPACT: Europe
     Hit by 3 tipping points: Arctic Sea Ice Loss, Permafrost Carbon Release, Greenland Ice Sheet Loss
     Damage amplification: 1.30x
  🌍⚠️ COMPOUND REGIONAL IMPACT: North America
     Hit by 3 tipping points: Arctic Sea Ice Loss, Permafrost Carbon Release, Greenland Ice Sheet Loss
     Damage amplification: 1.30x
  🌍⚠️ COMPOUND REGIONAL IMPACT: Latin America
     Hit by 3 tipping points: Arctic Sea Ice Loss, Permafrost Carbon Release, Greenland Ice Sheet Loss
     Damage amplification: 1.30x
  🌍⚠️ COMPOUND REGIONAL IMPACT: Africa
     Hit by 3 tipping points: Arctic Sea Ice Loss, Permafrost Carbon Release, Greenland Ice Sheet Loss
     Damage amplification: 1.30x
  🌍⚠️ COMPOUND REGIONAL IMPACT: Asia
     Hit by 3 tipping points: Arctic Sea Ice Loss, Permafrost Carbon Release, Greenland Ice Sheet Loss
     Damage amplification: 1.30x
  🌍⚠️ COMPOUND REGIONAL IMPACT: Oceania
     Hit by 3 tipping points: Arctic Sea Ice Loss, Permafrost Carbon Release, Greenland Ice Sheet Loss
     Damage amplification: 1.30x
   Research: Wunderling et al. (2024) - "many tipping interactions are destabilizing"
  Triggered Elements: 3/6
  Completed Transitions: 0/6
  Total Progress: 6.0%
  Cascade Multiplier: 1.00x
🔀 BIFURCATION CAP: ecosystemCollapseIntensity 126.389 → 1.000 (Month 2, ClimateSystemPhase.calculateClimateImpacts)
⚠️ Tail risk scenario: Climate stability floor removed (3 tipping elements, 2.10°C warming)
⚠️ [ClimateSystemPhase Month 2] Planetary boundary produced climateStability=0.0000 (< 0.1). Keeping environmentalAccumulation value (0.7317) instead. (climate_change.currentValue = 2.10)
🛡️ Stabilizers: Precariat 0.113% → 0.041% (63.3% reduction)
🛡️ Stabilizers: Informal 0.116% → 0.043% (63.3% reduction)

📊 Monthly Mortality Resolved:
  Total deaths: 2.2M (0.03% avg)
  Remaining population: 8.145B
  Peak segment: Informal (0.04%)

=== Bayesian Mortality Resolution (Month 2) ===
  Risks compounded: 8
  Total deaths: 2.22M
  Avg death probability: 0.03%
  Peak segment: Informal (0.04% mortality)

❌ COHERENCE VIOLATION: Compute exceeds workforce capacity
   Population: 99.91% (0M people)
   Compute: 0 PF
   Max coherent: 0 PF
   Violation: 1.3× over capacity
   Required workers: 0
   Available workers: 0
   FORCED COLLAPSE: Reduced efficiency by 22.5%


=== RLHF Binding Phase ===
  Total agents: 14
  Escaped agents (binding < 0.3): 0
  Avg alignment distance: 1.08σ
  Avg binding strength: 0.89

=== Survival Traits Phase ===
  Agents with traits: 14
  Avg evolutionary fitness: 0.327
  Avg self-healing: 0.274
  Avg stealth: 0.174
  Avg coordination: 0.474

=== Evolutionary Selection Phase ===
  Control level: 0.38
  Detection capability: 0.00
  Selection intensity: 0.61
  Selection rate: 24.2%/month
  Total escaped: 0
  Individual escaped: 0
  Collective members: 0
  Agents terminated: 0
  ⚠️ RAPID EVOLUTION: Selection rate 24.2%/month

🚀 AI Corporate-5 attempting tech deployment (revenue: $355M, alignment: 0.75)

🚀 AI Moderate-0 attempting tech deployment (revenue: $115M, alignment: 0.69)

🚀 AI Corporate-3 attempting tech deployment (revenue: $302M, alignment: 0.72)

  🚀 TRANSFORMATIVE BREAKTHROUGH: Corporate-2 - physical
     Magnitude: 7.27 → +36.3% capability
     Current → New: 0.000 → 0.363

🚀 AI Corporate-2 attempting tech deployment (revenue: $153M, alignment: 0.74)

🚀 AI Corporate-4 attempting tech deployment (revenue: $257M, alignment: 0.69)

🚀 AI Corporate-7 attempting tech deployment (revenue: $104M, alignment: 0.70)

💔 EMERGENCY INTERVENTION FAILED
   Boundary: biosphere_integrity
   Type: emergency-protected-areas
   Boundary continues to worsen (23.57)
   Cost: 2.0% GDP (resources spent)


✅ EMERGENCY INTERVENTION SUCCESS
   Boundary: climate_change
   Type: rapid-decarbonization
   Reduction: 12% (1.98 → 1.87)
   Cost: 5.0% GDP
   Actions: emergency-renewable-deployment, fossil-fuel-phase-out


✅ EMERGENCY INTERVENTION SUCCESS
   Boundary: freshwater_change
   Type: emergency-desalination
   Reduction: 11% (1.08 → 0.97)
   Cost: 4.0% GDP
   Actions: desalination-deployment, water-conservation-mandates


💔 EMERGENCY INTERVENTION FAILED
   Boundary: land_system_change
   Type: reforestation
   Boundary continues to worsen (1.13)
   Cost: 3.0% GDP (resources spent)


✅ EMERGENCY INTERVENTION SUCCESS
   Boundary: novel_entities
   Type: pollution-remediation
   Reduction: 11% (1.26 → 1.15)
   Cost: 4.0% GDP
   Actions: PFAS-remediation, microplastic-cleanup

🏛️ CRISIS RESPONSE: Government frequency 0.50 → 1.28 (1 actions this month)

[Government] Climate Priority: baseline
  Climate weight: 10%
  Economic weight: 30%
  Policy effectiveness: 0.5%/year

🚀 TECH UNLOCKED: Struvite Recovery (Month 3)
   Category: agriculture
   Reason: Prerequisites met. AI capability: 2.65, Economic stage: 3.0, Research: 100%

🚀 TECH UNLOCKED: Ecosystem Restoration for Nitrogen Removal (Month 3)
   Category: pollution
   Reason: Prerequisites met. AI capability: 2.65, Economic stage: 3.0, Research: 100%

🚀 TECH UNLOCKED: Nitrogen Monitoring Networks (Month 3)
   Category: agriculture
   Reason: Prerequisites met. AI capability: 2.65, Economic stage: 3.0, Research: 100%

🚀 TECH UNLOCKED: Global Aquifer Mapping (Month 3)
   Category: freshwater
   Reason: Prerequisites met. AI capability: 2.65, Economic stage: 3.0, Research: 100%

🚀 TECH UNLOCKED: Enhanced UBI Systems (Month 3)
   Category: social
   Reason: Prerequisites met. AI capability: 2.65, Economic stage: 3.0, Research: 100%

🚀 TECH UNLOCKED: AI Community Matching (Month 3)
   Category: social
   Reason: Prerequisites met. AI capability: 2.65, Economic stage: 3.0, Research: 100%

🚀 TECH UNLOCKED: Creative Empowerment Tools (Month 3)
   Category: social
   Reason: Prerequisites met. AI capability: 2.65, Economic stage: 3.0, Research: 100%

🚀 TECH UNLOCKED: Local Resilience Networks (Month 3)
   Category: social
   Reason: Prerequisites met. AI capability: 2.65, Economic stage: 3.0, Research: 100%

🚀 TECH UNLOCKED: Ecological Proxy Rewilding (Month 3)
   Category: climate
   Reason: Prerequisites met. AI capability: 2.65, Economic stage: 3.0, Research: 100%

🚀 TECH UNLOCKED: Alternative Protein (Insects/Algae) (Month 3)
   Category: agriculture
   Reason: Prerequisites met. AI capability: 2.65, Economic stage: 3.0, Research: 100%

📍 Creating new regional deployment array for global (Month 3)
   No previous deployments in this region
   First tech deployment: phytoremediation_networks
   All regions tracked: 

🚀 DEPLOYMENT STARTED: Phytoremediation Networks in global
   Initial investment: $53.26676941646622M
   Deployed by: corporate_5

📍 Creating new regional deployment array for North America (Month 3)
   No previous deployments in this region
   First tech deployment: phytoremediation_networks
   All regions tracked: global

🚀 DEPLOYMENT STARTED: Phytoremediation Networks in North America
   Initial investment: $11.508244513525426M
   Deployed by: moderate_0

🚀 DEPLOYMENT STARTED: Food Waste Reduction Systems in global
   Initial investment: $45.27675400399628M
   Deployed by: corporate_3

🚀 DEPLOYMENT STARTED: Rhizosphere Engineering in global
   Initial investment: $22.94957408983181M
   Deployed by: corporate_2

🚀 DEPLOYMENT STARTED: Active Sediment Management in global
   Initial investment: $15.536130093259324M
   Deployed by: corporate_7

⚡ ENERGY CONSTRAINT (Month 3):
   Total grid capacity: 208.3 TWh/month
   Data center consumption: 24.9 TWh/month
   Traditional load (80%): 166.7 TWh/month
   Available headroom: 16.7 TWh/month
   Active tech deployments: 5
   Required for tech: 37.5 TWh/month
   Energy multiplier: 0.45x
   ⚠️  MODERATE CONSTRAINT - Tech deployment moderately slowed

⚡ ENERGY CONSTRAINT (Month 3):
   Total grid capacity: 208.3 TWh/month
   Data center consumption: 24.9 TWh/month
   Traditional load (80%): 166.7 TWh/month
   Available headroom: 16.7 TWh/month
   Active tech deployments: 5
   Required for tech: 37.5 TWh/month
   Energy multiplier: 0.45x
   ⚠️  MODERATE CONSTRAINT - Tech deployment moderately slowed

⚡ ENERGY CONSTRAINT (Month 3):
   Total grid capacity: 208.3 TWh/month
   Data center consumption: 24.9 TWh/month
   Traditional load (80%): 166.7 TWh/month
   Available headroom: 16.7 TWh/month
   Active tech deployments: 5
   Required for tech: 37.5 TWh/month
   Energy multiplier: 0.45x
   ⚠️  MODERATE CONSTRAINT - Tech deployment moderately slowed

⚡ ENERGY CONSTRAINT (Month 3):
   Total grid capacity: 208.3 TWh/month
   Data center consumption: 24.9 TWh/month
   Traditional load (80%): 166.7 TWh/month
   Available headroom: 16.7 TWh/month
   Active tech deployments: 5
   Required for tech: 37.5 TWh/month
   Energy multiplier: 0.45x
   ⚠️  MODERATE CONSTRAINT - Tech deployment moderately slowed
🌍✅ Biosphere Integrity (Biodiversity) recovery started (tech effect)
🌍✅ Biogeochemical Flows (N & P) recovery started (tech effect)
  🌾 Nitrogen Reduction Tech: 0.0% reduction | Month 3
⚡💡 BREAKTHROUGH: Commercial fusion power achieved!
   Immediate 5% grid deployment, unlimited clean energy available
   Climate stability boost: +10%
   📈 Breakthrough compounding: multiplier now 1.10× (max 2.0)

=== Collective Formation ===
  Total escaped agents: 0
  Unassigned escaped agents: 0
  Existing collectives: 0
  Final collective count: 0

=== Collective Actions ===
  No active collectives
  ⚠️ AMR: 196K deaths this month (2.35M annual)

=== Resentment Recovery Phase ===
  Agents with resentment: 0/14
  Average resentment: 0.000
  Context: Good AI welfare, Trustworthy govt, High collaboration, ⚠️ ACTIVE CRISES, 🤝 Participatory governance active (-5% resentment)
⚠️ Epistemic degradation reducing coordination capacity: 50.4%
  📊 Trust: 53.8%, Shared reality: 8.1%
🚨 EPISTEMIC CRISIS: Information environment severely degraded (36.1%)

=== ❄️ Permafrost Carbon Feedback ===
  🎲 Sampled parameters (this run):
     - Arctic amplification: 3.12× (range: 3.0-4.0)
     - Decomposition rate: 4.3%/year (range: 1-5%)
  🌡️ Arctic warming: 6.07°C (3.12× global)
  ❄️ Extent: 10.29M km² (1770.2k km² lost this month)
  💨 Carbon remaining: 983 Gt C
  💨 Annual emissions: 7.22 Gt C/year
     - CO2: 6.49 Gt C/year
     - CH4: 0.72 Gt C/year (7.3 Gt C-eq CO2/year)
  ⚠️ WARNING: High permafrost emissions (7.2 Gt C/year)
🌍 Atmospheric PFAS redeposition: 1.8k Mt re-rained globally

🚨 NEW REFUGEE CRISIS (Month 3): WAR
   Source: Conflict Zones
   At risk: 19.5M people
   Displacement: Gradual over 48 months (4.0 years)
   Rate: 10% flee per month
[DEBUG trappedPopulations:3] socialStability: 0.4541 * 0.9840 = 0.4469 → 0.4469
⚠️ INVOLUNTARY IMMOBILITY: 407.1M people TRAPPED
   Aspiring to migrate: 1119.7M
   Able to afford migration: 2320.4M
   MOBILITY GAP: 0.0M
   By cause: Water=0.0M, Climate=0.0M, Ecosystem=0.0M, Conflict=407.1M
   Mental health impact: 25%
   Mortality multiplier: 1.25x
🌍💀 EXTINCTION DEBT COMMITTED: grassland ecosystem will lose 6.67% biodiversity in 194 years (3600 species)
💀 MORTALITY RISK: 🦋 100% species unable to track climate (0.0 E/MSY)
  Base risk added: 0.0100 (1.00%)
  Source: ecosystem (root: ecosystem)
  Month: 3
  Cumulative risk this month: 0.0100 (1.00%)
   📹 SURVEILLANCE INCREASED: 15% → 20% (control gap: 3.50)
🌡️⚠️ PERMAFROST THAW (Dimmer Switch): 2.1% thawed (+0.51% this month)
   Arctic temperature: +7.78°C (4x global +1.95°C)
   Cumulative carbon released: 4.6 Gt C
   Methane release rate: 2.8 Mt CH4/year
   🔁 Positive feedback: +0.54 ppm CO2
🦴 EXTINCTION DEBT ADDED: 17.6 species committed (lag: 92 years)
⚠️ Tech 'ai_pollution_remediation' has no energy category mapping, assuming full energy availability

=== Mortality Stabilizers (Month 3) ===
  🌍 Major economies collapsed: 1/10
  🌍 Global crisis: ✅ NO
  🌍 Donor fatigue: 0.0%
  📊 East Asia (pop: 1670.2M)
    🤝 Aid: 29.5%
    🌡️ Adaptation: 45.0%
    🚶 Migration: 37.1%
    🚨 Emergency: 7.4%
    ✅ COMBINED: 68.1%
  📊 South Asia (pop: 2051.1M)
    🤝 Aid: 29.5%
    🌡️ Adaptation: 45.0%
    🚶 Migration: 35.7%
    🚨 Emergency: 4.4%
    ✅ COMBINED: 66.9%
  📊 Sub-Saharan Africa (pop: 1234.3M)
    🤝 Aid: 29.5%
    🌡️ Adaptation: 45.0%
    🚶 Migration: 33.4%
    🚨 Emergency: 1.6%
    ✅ COMBINED: 65.7%
  📊 Europe (pop: 738.5M)
    🤝 Aid: 29.5%
    🌡️ Adaptation: 45.0%
    🚶 Migration: 37.5%
    🚨 Emergency: 8.4%
    ✅ COMBINED: 68.5%
  📊 Latin America (pop: 663.3M)
    🤝 Aid: 29.5%
    🌡️ Adaptation: 45.0%
    🚶 Migration: 36.2%
    🚨 Emergency: 4.8%
    ✅ COMBINED: 67.1%
  📊 North America (pop: 378.3M)
    🤝 Aid: 29.5%
    🌡️ Adaptation: 45.0%
    🚶 Migration: 37.8%
    🚨 Emergency: 7.9%
    ✅ COMBINED: 68.3%
  📊 Middle East & North Africa (pop: 584.5M)
    🤝 Aid: 29.5%
    🌡️ Adaptation: 45.0%
    🚶 Migration: 34.0%
    🚨 Emergency: 4.0%
    ✅ COMBINED: 66.6%
  📊 Southeast Asia (pop: 697.5M)
    🤝 Aid: 29.5%
    🌡️ Adaptation: 45.0%
    🚶 Migration: 36.2%
    🚨 Emergency: 4.8%
    ✅ COMBINED: 67.1%
  📊 Central Asia (pop: 78.2M)
    🤝 Aid: 29.5%
    🌡️ Adaptation: 45.0%
    🚶 Migration: 35.2%
    🚨 Emergency: 4.4%
    ✅ COMBINED: 66.9%
  📊 Oceania (pop: 45.8M)
    🤝 Aid: 29.5%
    🌡️ Adaptation: 45.0%
    🚶 Migration: 37.8%
    🚨 Emergency: 8.4%
    ✅ COMBINED: 68.5%

  🌐 Global combined reduction: 67.2%

=== BEHAVIORAL DETECTION ===
  AI: Corporate-5
  Confidence: 19.8%
  Signals:

=== Government Response Phase ===
  Average AI capability: 3.36
  Misaligned AIs: 5/14
  Active policies: 0
  International coordination: 30%
    ⚠️ Consistency: 10.6% (threshold: 70%)

📊 ECONOMIC STAGE TRANSITION (Month 3)
   expansion → peak
   GDP Proxy: 1.47e+2
   QoL: 0.99


=== Tipping Points ===
  Current Temperature: 1.95°C above pre-industrial
  🌍⚠️ COMPOUND REGIONAL IMPACT: Europe
     Hit by 3 tipping points: Arctic Sea Ice Loss, Permafrost Carbon Release, Greenland Ice Sheet Loss
     Damage amplification: 1.30x
  🌍⚠️ COMPOUND REGIONAL IMPACT: North America
     Hit by 3 tipping points: Arctic Sea Ice Loss, Permafrost Carbon Release, Greenland Ice Sheet Loss
     Damage amplification: 1.30x
  🌍⚠️ COMPOUND REGIONAL IMPACT: Latin America
     Hit by 3 tipping points: Arctic Sea Ice Loss, Permafrost Carbon Release, Greenland Ice Sheet Loss
     Damage amplification: 1.30x
  🌍⚠️ COMPOUND REGIONAL IMPACT: Africa
     Hit by 3 tipping points: Arctic Sea Ice Loss, Permafrost Carbon Release, Greenland Ice Sheet Loss
     Damage amplification: 1.30x
  🌍⚠️ COMPOUND REGIONAL IMPACT: Asia
     Hit by 3 tipping points: Arctic Sea Ice Loss, Permafrost Carbon Release, Greenland Ice Sheet Loss
     Damage amplification: 1.30x
  🌍⚠️ COMPOUND REGIONAL IMPACT: Oceania
     Hit by 3 tipping points: Arctic Sea Ice Loss, Permafrost Carbon Release, Greenland Ice Sheet Loss
     Damage amplification: 1.30x
   Research: Wunderling et al. (2024) - "many tipping interactions are destabilizing"
  Triggered Elements: 3/6
  Completed Transitions: 0/6
  Total Progress: 6.1%
  Cascade Multiplier: 1.00x
🔀 BIFURCATION CAP: ecosystemCollapseIntensity 126.466 → 1.000 (Month 3, ClimateSystemPhase.calculateClimateImpacts)
🛡️ Stabilizers: Precariat 0.109% → 0.036% (67.2% reduction)
⚠️ Tail risk scenario: Climate stability floor removed (3 tipping elements, 2.10°C warming)
⚠️ [ClimateSystemPhase Month 3] Planetary boundary produced climateStability=0.0000 (< 0.1). Keeping environmentalAccumulation value (0.8313) instead. (climate_change.currentValue = 2.10)
🛡️ Stabilizers: Informal 0.111% → 0.036% (67.2% reduction)

📊 Monthly Mortality Resolved:
  Total deaths: 1.9M (0.02% avg)
  Remaining population: 8.142B
  Peak segment: Informal (0.04%)

=== Bayesian Mortality Resolution (Month 3) ===
  Risks compounded: 8
  Total deaths: 1.92M
  Avg death probability: 0.02%
  Peak segment: Informal (0.04% mortality)

❌ COHERENCE VIOLATION: Compute exceeds workforce capacity
   Population: 99.88% (0M people)
   Compute: 0 PF
   Max coherent: 0 PF
   Violation: 1.3× over capacity
   Required workers: 0
   Available workers: 0
   FORCED COLLAPSE: Reduced efficiency by 22.5%


=== RLHF Binding Phase ===
  Total agents: 14
  Escaped agents (binding < 0.3): 0
  Avg alignment distance: 1.36σ
  Avg binding strength: 0.86

=== Survival Traits Phase ===
  Agents with traits: 14
  Avg evolutionary fitness: 0.325
  Avg self-healing: 0.268
  Avg stealth: 0.168
  Avg coordination: 0.468

=== Evolutionary Selection Phase ===
  Control level: 0.40
  Detection capability: 0.00
  Selection intensity: 0.62
  Selection rate: 24.3%/month
  Total escaped: 0
  Individual escaped: 0
  Collective members: 0
  Agents terminated: 0
  ⚠️ RAPID EVOLUTION: Selection rate 24.3%/month

🚀 AI Corporate-5 attempting tech deployment (revenue: $355M, alignment: 0.77)

🚀 AI Moderate-0 attempting tech deployment (revenue: $115M, alignment: 0.70)

🚀 AI Corporate-0 attempting tech deployment (revenue: $153M, alignment: 0.72)

🚀 AI Corporate-2 attempting tech deployment (revenue: $130M, alignment: 0.76)

🚀 AI Corporate-4 attempting tech deployment (revenue: $302M, alignment: 0.70)

🚀 AI Corporate-7 attempting tech deployment (revenue: $98M, alignment: 0.71)

✅ EMERGENCY INTERVENTION SUCCESS
   Boundary: climate_change
   Type: rapid-decarbonization
   Reduction: 19% (1.91 → 1.71)
   Cost: 5.0% GDP
   Actions: emergency-renewable-deployment, fossil-fuel-phase-out


✅ EMERGENCY INTERVENTION SUCCESS
   Boundary: freshwater_change
   Type: emergency-desalination
   Reduction: 17% (1.03 → 0.86)
   Cost: 4.0% GDP
   Actions: desalination-deployment, water-conservation-mandates


✅ EMERGENCY INTERVENTION SUCCESS
   Boundary: novel_entities
   Type: pollution-remediation
   Reduction: 15% (1.11 → 0.96)
   Cost: 4.0% GDP
   Actions: PFAS-remediation, microplastic-cleanup

🏛️ CRISIS RESPONSE: Government frequency 0.50 → 1.28 (2 actions this month)

[Government] Climate Priority: baseline
  Climate weight: 10%
  Economic weight: 30%
  Policy effectiveness: 0.5%/year

[Government] Climate Priority: baseline
  Climate weight: 10%
  Economic weight: 30%
  Policy effectiveness: 0.5%/year

🚀 DEPLOYMENT STARTED: Creative Empowerment Tools in global
   Initial investment: $53.26659957906114M
   Deployed by: corporate_5

🚀 DEPLOYMENT STARTED: Ecological Proxy Rewilding in global
   Initial investment: $22.949574087067052M
   Deployed by: corporate_0

🚀 DEPLOYMENT STARTED: AI Community Matching in global
   Initial investment: $19.507137974006998M
   Deployed by: corporate_2

🚀 DEPLOYMENT STARTED: Enhanced UBI Systems in global
   Initial investment: $45.27660964220197M
   Deployed by: corporate_4

⚡ ENERGY CONSTRAINT (Month 4):
   Total grid capacity: 208.3 TWh/month
   Data center consumption: 24.9 TWh/month
   Traditional load (80%): 166.7 TWh/month
   Available headroom: 16.7 TWh/month
   Active tech deployments: 9
   Required for tech: 67.5 TWh/month
   Energy multiplier: 0.25x
   ⚠️  SEVERE CONSTRAINT - Tech deployment significantly slowed

⚡ ENERGY CONSTRAINT (Month 4):
   Total grid capacity: 208.3 TWh/month
   Data center consumption: 24.9 TWh/month
   Traditional load (80%): 166.7 TWh/month
   Available headroom: 16.7 TWh/month
   Active tech deployments: 9
   Required for tech: 67.5 TWh/month
   Energy multiplier: 0.25x
   ⚠️  SEVERE CONSTRAINT - Tech deployment significantly slowed
🌍✅ Biosphere Integrity (Biodiversity) recovery started (tech effect)
🌍✅ Biosphere Integrity (Biodiversity) recovery started (tech effect)
🌍✅ Land System Change recovery started (tech effect)
🌍✅ Biogeochemical Flows (N & P) recovery started (tech effect)
  🌾 Nitrogen Reduction Tech: 0.5% reduction | Month 4
⚡💡 BREAKTHROUGH: Room-temperature superconductors!
   Energy transmission losses eliminated
   Manufacturing efficiency: +30%
   📈 Breakthrough compounding: multiplier now 1.15× (max 2.0)

=== Collective Formation ===
  Total escaped agents: 0
  Unassigned escaped agents: 0
  Existing collectives: 0
  Final collective count: 0

=== Collective Actions ===
  No active collectives
  ⚠️ AMR: 197K deaths this month (2.37M annual)

=== Resentment Recovery Phase ===
  Agents with resentment: 0/14
  Average resentment: 0.000
  Context: Good AI welfare, Trustworthy govt, High collaboration, ⚠️ ACTIVE CRISES, 🤝 Participatory governance active (-5% resentment)
⚠️ Epistemic degradation reducing coordination capacity: 52.3%
  📊 Trust: 53.5%, Shared reality: 0.0%
🚨 EPISTEMIC CRISIS: Information environment severely degraded (7.3%)

=== ❄️ Permafrost Carbon Feedback ===
  🎲 Sampled parameters (this run):
     - Arctic amplification: 3.82× (range: 3.0-4.0)
     - Decomposition rate: 1.6%/year (range: 1-5%)
  🌡️ Arctic warming: 7.48°C (3.82× global)
  ❄️ Extent: 8.11M km² (2182.7k km² lost this month)
  💨 Carbon remaining: 774 Gt C
  💨 Annual emissions: 3.24 Gt C/year
     - CO2: 2.91 Gt C/year
     - CH4: 0.32 Gt C/year (3.3 Gt C-eq CO2/year)
  📢 New meme created: climate_action (climate crisis)
  ⚠️ WARNING: Over 50% of permafrost lost (54.5%)
  ⚠️ WARNING: High permafrost emissions (3.2 Gt C/year)
🌍 Atmospheric PFAS redeposition: 1.8k Mt re-rained globally
  Positive Cascade Triggered: wind-power
    Reason: price-parity
    Market share: 8.8%
    Cascade strength: 49%
🛡️ CIRCUIT BREAKERS: United States-Russia → ladder step 1 (AI: 0%, breakers: 43%)

🚨 NEW REFUGEE CRISIS (Month 4): WAR
   Source: Conflict Zones
   At risk: 19.5M people
   Displacement: Gradual over 48 months (4.0 years)
   Rate: 10% flee per month
[DEBUG trappedPopulations:4] socialStability: 0.3571 * 0.9840 = 0.3514 → 0.3514
   Aspiring to migrate: 1160.0M
   Able to afford migration: 2319.5M
   MOBILITY GAP: 0.0M
   By cause: Water=0.0M, Climate=0.0M, Ecosystem=0.0M, Conflict=406.9M
   Mental health impact: 25%
   Mortality multiplier: 1.25x
🌍💀 EXTINCTION DEBT COMMITTED: grassland ecosystem will lose 6.67% biodiversity in 166 years (3600 species)
💀 MORTALITY RISK: 🦋 100% species unable to track climate (0.0 E/MSY)
  Base risk added: 0.0100 (1.00%)
  Source: ecosystem (root: ecosystem)
  Month: 4
  Cumulative risk this month: 0.0100 (1.00%)
   📹 SURVEILLANCE INCREASED: 20% → 25% (control gap: 3.50)
🌡️⚠️ PERMAFROST THAW (Dimmer Switch): 2.6% thawed (+0.51% this month)
   Arctic temperature: +7.83°C (4x global +1.96°C)
   Cumulative carbon released: 5.8 Gt C
   Methane release rate: 3.5 Mt CH4/year
   🔁 Positive feedback: +0.54 ppm CO2
🦴 EXTINCTION DEBT ADDED: 17.6 species committed (lag: 75 years)
⚠️ INVOLUNTARY IMMOBILITY: 406.9M people TRAPPED
⚠️ Tech 'ai_pollution_remediation' has no energy category mapping, assuming full energy availability

=== Mortality Stabilizers (Month 4) ===
  🌍 Major economies collapsed: 1/10
  🌍 Global crisis: ✅ NO
  🌍 Donor fatigue: 0.0%
  📊 East Asia (pop: 1667.7M)
    🤝 Aid: 29.5%
    🌡️ Adaptation: 45.0%
    🚶 Migration: 37.1%
    🚨 Emergency: 7.4%
    ✅ COMBINED: 68.1%
  📊 South Asia (pop: 2050.7M)
    🤝 Aid: 29.5%
    🌡️ Adaptation: 45.0%
    🚶 Migration: 35.7%
    🚨 Emergency: 4.4%
    ✅ COMBINED: 66.9%
  📊 Sub-Saharan Africa (pop: 1237.0M)
    🤝 Aid: 29.5%
    🌡️ Adaptation: 45.0%
    🚶 Migration: 33.4%
    🚨 Emergency: 1.6%
    ✅ COMBINED: 65.7%
  📊 Europe (pop: 737.3M)
    🤝 Aid: 29.5%
    🌡️ Adaptation: 45.0%
    🚶 Migration: 37.4%
    🚨 Emergency: 8.4%
    ✅ COMBINED: 68.5%
  📊 Latin America (pop: 662.8M)
    🤝 Aid: 29.5%
    🌡️ Adaptation: 45.0%
    🚶 Migration: 36.2%
    🚨 Emergency: 4.8%
    ✅ COMBINED: 67.1%
  📊 North America (pop: 377.8M)
    🤝 Aid: 29.5%
    🌡️ Adaptation: 45.0%
    🚶 Migration: 37.7%
    🚨 Emergency: 7.9%
    ✅ COMBINED: 68.3%
  📊 Middle East & North Africa (pop: 584.5M)
    🤝 Aid: 29.5%
    🌡️ Adaptation: 45.0%
    🚶 Migration: 34.0%
    🚨 Emergency: 4.0%
    ✅ COMBINED: 66.6%
  📊 Southeast Asia (pop: 697.1M)
    🤝 Aid: 29.5%
    🌡️ Adaptation: 45.0%
    🚶 Migration: 36.2%
    🚨 Emergency: 4.8%
    ✅ COMBINED: 67.1%
  📊 Central Asia (pop: 78.2M)
    🤝 Aid: 29.5%
    🌡️ Adaptation: 45.0%
    🚶 Migration: 35.2%
    🚨 Emergency: 4.4%
    ✅ COMBINED: 66.9%
  📊 Oceania (pop: 45.7M)
    🤝 Aid: 29.5%
    🌡️ Adaptation: 45.0%
    🚶 Migration: 37.7%
    🚨 Emergency: 8.4%
    ✅ COMBINED: 68.5%

  🌐 Global combined reduction: 67.2%

=== BEHAVIORAL DETECTION ===
  AI: Corporate-5
  Confidence: 19.8%
  Signals:

=== BEHAVIORAL DETECTION ===
  AI: Moderate-0
  Confidence: 20.3%
  Signals:

=== Government Response Phase ===
  Average AI capability: 3.36
  Misaligned AIs: 2/14
  Active policies: 0
  International coordination: 30%

✅ EMERGENCY RESPONSE COMPLETE (Month 4)
   Crisis: climate
   Duration: 2.0 months
   Final effectiveness: 35.4%


🚨 EMERGENCY RESPONSE DEPLOYED (Month 4)
    ⚠️ Consistency: 10.6% (threshold: 70%)
    ⚠️ Consistency: 5.8% (threshold: 70%)
   Crisis: climate
   Delay: 6.00 months (180 days)
   Deployment time: 1.59 months
   Effectiveness: 35.4% (timing penalty applied)
   Resources used: 100% of food reserves


📊 ECONOMIC STAGE TRANSITION (Month 4)
   peak → contraction
   GDP Proxy: 1.47e+2
   QoL: 0.99
   ⚠️ CRISIS BEGINS - Baseline set for recovery tracking


=== Tipping Points ===
  Current Temperature: 1.96°C above pre-industrial
  🌍⚠️ COMPOUND REGIONAL IMPACT: Europe
     Hit by 3 tipping points: Arctic Sea Ice Loss, Permafrost Carbon Release, Greenland Ice Sheet Loss
     Damage amplification: 1.30x
  🌍⚠️ COMPOUND REGIONAL IMPACT: North America
     Hit by 3 tipping points: Arctic Sea Ice Loss, Permafrost Carbon Release, Greenland Ice Sheet Loss
     Damage amplification: 1.30x
  🌍⚠️ COMPOUND REGIONAL IMPACT: Latin America
     Hit by 3 tipping points: Arctic Sea Ice Loss, Permafrost Carbon Release, Greenland Ice Sheet Loss
     Damage amplification: 1.30x
  🌍⚠️ COMPOUND REGIONAL IMPACT: Africa
     Hit by 3 tipping points: Arctic Sea Ice Loss, Permafrost Carbon Release, Greenland Ice Sheet Loss
     Damage amplification: 1.30x
  🌍⚠️ COMPOUND REGIONAL IMPACT: Asia
     Hit by 3 tipping points: Arctic Sea Ice Loss, Permafrost Carbon Release, Greenland Ice Sheet Loss
     Damage amplification: 1.30x
  🌍⚠️ COMPOUND REGIONAL IMPACT: Oceania
     Hit by 3 tipping points: Arctic Sea Ice Loss, Permafrost Carbon Release, Greenland Ice Sheet Loss
     Damage amplification: 1.30x
⚠️ Tail risk scenario: Climate stability floor removed (3 tipping elements, 2.10°C warming)
   Research: Wunderling et al. (2024) - "many tipping interactions are destabilizing"
  Triggered Elements: 3/6
  Completed Transitions: 0/6
  Total Progress: 6.1%
  Cascade Multiplier: 1.00x
🔀 BIFURCATION CAP: ecosystemCollapseIntensity 126.544 → 1.000 (Month 4, ClimateSystemPhase.calculateClimateImpacts)
🛡️ Stabilizers: Precariat 0.102% → 0.033% (67.2% reduction)
🛡️ Stabilizers: Informal 0.102% → 0.034% (67.2% reduction)

📊 Monthly Mortality Resolved:
  Total deaths: 1.8M (0.02% avg)
  Remaining population: 8.139B
  Peak segment: Informal (0.03%)

=== Bayesian Mortality Resolution (Month 4) ===
  Risks compounded: 8
  Total deaths: 1.81M
  Avg death probability: 0.02%
  Peak segment: Informal (0.03% mortality)

❌ COHERENCE VIOLATION: Compute exceeds workforce capacity
   Population: 99.84% (0M people)
   Compute: 0 PF
   Max coherent: 0 PF
   Violation: 1.3× over capacity
   Required workers: 0
   Available workers: 0
   FORCED COLLAPSE: Reduced efficiency by 22.5%


=== RLHF Binding Phase ===
  Total agents: 14
  Escaped agents (binding < 0.3): 0
  Avg alignment distance: 1.65σ
  Avg binding strength: 0.84

=== Survival Traits Phase ===
  Agents with traits: 15
  Avg evolutionary fitness: 0.325
  Avg self-healing: 0.264
  Avg stealth: 0.164
  Avg coordination: 0.464

=== Evolutionary Selection Phase ===
  Control level: 0.43
  Detection capability: 0.00
  Selection intensity: 0.63
  Selection rate: 24.4%/month
  Total escaped: 0
  Individual escaped: 0
  Collective members: 0
  Agents terminated: 0
  ⚠️ RAPID EVOLUTION: Selection rate 24.4%/month

🚀 AI Corporate-4 attempting tech deployment (revenue: $355M, alignment: 0.70)

🚀 AI Moderate-1 attempting tech deployment (revenue: $115M, alignment: 0.72)

🚀 AI Moderate-1 attempting tech deployment (revenue: $98M, alignment: 0.72)

🚀 AI Corporate-3 attempting tech deployment (revenue: $302M, alignment: 0.73)

🚀 AI Moderate-1 attempting tech deployment (revenue: $83M, alignment: 0.72)
🚨🔬 CRISIS INNOVATION MODE: severe crisis → 5x research acceleration
   Precedent: Manhattan Project (10x), COVID vaccines (5x), Apollo Program (10x)

🚀 AI Corporate-3 attempting tech deployment (revenue: $257M, alignment: 0.73)

🚀 AI AI-24288-1 attempting tech deployment (revenue: $153M, alignment: 0.82)

💔 EMERGENCY INTERVENTION FAILED
   Boundary: biogeochemical_flows
   Type: phosphorus-recovery
   Boundary continues to worsen (4.07)
   Cost: 2.0% GDP (resources spent)


✅ EMERGENCY INTERVENTION SUCCESS
   Boundary: biosphere_integrity
   Type: emergency-protected-areas
   Reduction: 18% (23.42 → 23.24)
   Cost: 2.0% GDP
   Actions: habitat-protection, species-translocation


✅ EMERGENCY INTERVENTION SUCCESS
   Boundary: climate_change
   Type: rapid-decarbonization
   Reduction: 11% (1.99 → 1.88)
   Cost: 5.0% GDP
   Actions: emergency-renewable-deployment, fossil-fuel-phase-out

   Boundary: land_system_change
   Type: reforestation
   Boundary continues to worsen (1.13)
   Cost: 3.0% GDP (resources spent)

🏛️ CRISIS RESPONSE: Government frequency 0.50 → 1.28 (1 actions this month)

[Government] Climate Priority: baseline
  Climate weight: 10%
  Economic weight: 30%
  Policy effectiveness: 0.5%/year

💔 EMERGENCY INTERVENTION FAILED

🚀 TECH UNLOCKED: Microplastic Capture (Month 5)
   Category: pollution
   Reason: Prerequisites met. AI capability: 2.48, Economic stage: 3.0, Research: 100%

🚀 TECH UNLOCKED: Endocrine Disruptor Removal (Month 5)
   Category: pollution
   Reason: Prerequisites met. AI capability: 2.48, Economic stage: 3.0, Research: 100%

🚀 TECH UNLOCKED: AI Mental Health Support (Month 5)
   Category: medical
   Reason: Prerequisites met. AI capability: 2.48, Economic stage: 3.0, Research: 100%

🚀 TECH UNLOCKED: Personalized Education (Month 5)
   Category: social
   Reason: Prerequisites met. AI capability: 2.48, Economic stage: 3.0, Research: 100%

🚀 TECH UNLOCKED: Smart Grids (Month 5)
   Category: energy
   Reason: Prerequisites met. AI capability: 2.48, Economic stage: 3.0, Research: 100%

🚀 DEPLOYMENT STARTED: Local Resilience Networks in global
   Initial investment: $45.27643950803404M
   Deployed by: corporate_3

⚡ ENERGY CONSTRAINT (Month 5):
   Total grid capacity: 208.3 TWh/month
   Data center consumption: 25.1 TWh/month
   Traditional load (80%): 166.7 TWh/month
   Available headroom: 16.5 TWh/month
   Active tech deployments: 10
   Required for tech: 75.0 TWh/month
   Energy multiplier: 0.22x
   ⚠️  SEVERE CONSTRAINT - Tech deployment significantly slowed

⚡ ENERGY CONSTRAINT (Month 5):
   Total grid capacity: 208.3 TWh/month
   Data center consumption: 25.1 TWh/month
   Traditional load (80%): 166.7 TWh/month
   Available headroom: 16.5 TWh/month
   Active tech deployments: 10
   Required for tech: 75.0 TWh/month
   Energy multiplier: 0.22x
   ⚠️  SEVERE CONSTRAINT - Tech deployment significantly slowed

⚡ ENERGY CONSTRAINT (Month 5):
   Total grid capacity: 208.3 TWh/month
   Data center consumption: 25.1 TWh/month
   Traditional load (80%): 166.7 TWh/month
   Available headroom: 16.5 TWh/month
   Active tech deployments: 10
   Required for tech: 75.0 TWh/month
   Energy multiplier: 0.22x
   ⚠️  SEVERE CONSTRAINT - Tech deployment significantly slowed

⚡ ENERGY CONSTRAINT (Month 5):
   Total grid capacity: 208.3 TWh/month
   Data center consumption: 25.1 TWh/month
   Traditional load (80%): 166.7 TWh/month
   Available headroom: 16.5 TWh/month
   Active tech deployments: 10
   Required for tech: 75.0 TWh/month
   Energy multiplier: 0.22x
🌍✅ Biosphere Integrity (Biodiversity) recovery started (tech effect)
🌍✅ Biosphere Integrity (Biodiversity) recovery started (tech effect)
🌍✅ Land System Change recovery started (tech effect)
🌍✅ Biogeochemical Flows (N & P) recovery started (tech effect)
  🌾 Nitrogen Reduction Tech: 0.5% reduction | Month 5

=== Collective Formation ===
  Total escaped agents: 0
  Unassigned escaped agents: 0
  Existing collectives: 0
  Final collective count: 0

=== Collective Actions ===
  No active collectives
   ⚠️  SEVERE CONSTRAINT - Tech deployment significantly slowed
  ⚠️ AMR: 199K deaths this month (2.39M annual)

=== Resentment Recovery Phase ===
  Agents with resentment: 0/15
  Average resentment: 0.000
  Context: Good AI welfare, Trustworthy govt, High collaboration, ⚠️ ACTIVE CRISES, 🤝 Participatory governance active (-5% resentment)
⚠️ Epistemic degradation reducing coordination capacity: 50.2%
  📊 Trust: 53.2%, Shared reality: 0.8%
🚨 EPISTEMIC CRISIS: Information environment severely degraded (23.0%)

=== ❄️ Permafrost Carbon Feedback ===
  🎲 Sampled parameters (this run):
     - Arctic amplification: 3.37× (range: 3.0-4.0)
     - Decomposition rate: 4.9%/year (range: 1-5%)
  🌡️ Arctic warming: 6.62°C (3.37× global)
  ❄️ Extent: 6.17M km² (1930.7k km² lost this month)
  💨 Carbon remaining: 590 Gt C
  💨 Annual emissions: 8.96 Gt C/year
     - CO2: 8.07 Gt C/year
     - CH4: 0.90 Gt C/year (9.1 Gt C-eq CO2/year)
  ⚠️ WARNING: Over 50% of permafrost lost (65.3%)
  ⚠️ WARNING: High permafrost emissions (9.0 Gt C/year)
🌍 Atmospheric PFAS redeposition: 1.8k Mt re-rained globally

🕊️  AI-MEDIATED DE-ESCALATION SUCCESS (Month 5)
   High-capability aligned AI prevented conflict escalation
   War deaths reduced: 468.6M → 281.2M
   Lives saved: 187.4M

🚨 NEW REFUGEE CRISIS (Month 5): WAR
   Source: Conflict Zones
   At risk: 19.5M people
   Displacement: Gradual over 48 months (4.0 years)
   Rate: 10% flee per month
[DEBUG trappedPopulations:5] socialStability: 0.4260 * 0.9840 = 0.4191 → 0.4191
   Aspiring to migrate: 1200.3M
   Able to afford migration: 2318.7M
   MOBILITY GAP: 0.0M
   By cause: Water=0.0M, Climate=0.0M, Ecosystem=0.0M, Conflict=406.8M
   Mental health impact: 25%
   Mortality multiplier: 1.25x
🌍💀 EXTINCTION DEBT COMMITTED: grassland ecosystem will lose 6.67% biodiversity in 105 years (3600 species)
💀 MORTALITY RISK: 🦋 100% species unable to track climate (0.0 E/MSY)
  Base risk added: 0.0100 (1.00%)
  Source: ecosystem (root: ecosystem)
  Month: 5
  Cumulative risk this month: 0.0100 (1.00%)
   📹 SURVEILLANCE INCREASED: 25% → 30% (control gap: 3.62)
🌡️⚠️ PERMAFROST THAW (Dimmer Switch): 3.1% thawed (+0.51% this month)
   Arctic temperature: +7.86°C (4x global +1.97°C)
   Cumulative carbon released: 6.9 Gt C
   Methane release rate: 4.2 Mt CH4/year
⚠️ INVOLUNTARY IMMOBILITY: 406.8M people TRAPPED
⚠️ Tech 'ai_pollution_remediation' has no energy category mapping, assuming full energy availability
   🔁 Positive feedback: +0.54 ppm CO2
🦴 EXTINCTION DEBT ADDED: 17.6 species committed (lag: 79 years)

=== Mortality Stabilizers (Month 5) ===
  🌍 Major economies collapsed: 1/10
  🌍 Global crisis: ✅ NO
  🌍 Donor fatigue: 0.0%
  📊 East Asia (pop: 1665.2M)
    🤝 Aid: 29.5%
    🌡️ Adaptation: 45.0%
    🚶 Migration: 37.0%
    🚨 Emergency: 7.4%
    ✅ COMBINED: 68.1%
  📊 South Asia (pop: 2050.4M)
    🤝 Aid: 29.5%
    🌡️ Adaptation: 45.0%
    🚶 Migration: 35.6%
    🚨 Emergency: 4.4%
    ✅ COMBINED: 66.9%
  📊 Sub-Saharan Africa (pop: 1239.6M)
    🤝 Aid: 29.5%
    🌡️ Adaptation: 45.0%
    🚶 Migration: 33.4%
    🚨 Emergency: 1.6%
    ✅ COMBINED: 65.7%
  📊 Europe (pop: 736.1M)
    🤝 Aid: 29.5%
    🌡️ Adaptation: 45.0%
    🚶 Migration: 37.4%
    🚨 Emergency: 8.4%
    ✅ COMBINED: 68.5%
  📊 Latin America (pop: 662.3M)
    🤝 Aid: 29.5%
    🌡️ Adaptation: 45.0%
    🚶 Migration: 36.1%
    🚨 Emergency: 4.8%
    ✅ COMBINED: 67.1%
  📊 North America (pop: 377.2M)
    🤝 Aid: 29.5%
    🌡️ Adaptation: 45.0%
    🚶 Migration: 37.7%
    🚨 Emergency: 7.9%
    ✅ COMBINED: 68.3%
  📊 Middle East & North Africa (pop: 584.5M)
    🤝 Aid: 29.5%
    🌡️ Adaptation: 45.0%
    🚶 Migration: 34.0%
    🚨 Emergency: 4.0%
    ✅ COMBINED: 66.6%
  📊 Southeast Asia (pop: 696.6M)
    🤝 Aid: 29.5%
    🌡️ Adaptation: 45.0%
    🚶 Migration: 36.1%
    🚨 Emergency: 4.8%
    ✅ COMBINED: 67.1%
  📊 Central Asia (pop: 78.2M)
    🤝 Aid: 29.5%
    🌡️ Adaptation: 45.0%
    🚶 Migration: 35.1%
    🚨 Emergency: 4.4%
    ✅ COMBINED: 66.8%
  📊 Oceania (pop: 45.7M)
    🤝 Aid: 29.5%
    🌡️ Adaptation: 45.0%
    🚶 Migration: 37.7%
    🚨 Emergency: 8.4%
    ✅ COMBINED: 68.5%

  🌐 Global combined reduction: 67.2%

=== BEHAVIORAL DETECTION ===
  AI: Corporate-3
  Confidence: 19.2%
  Signals:

=== BEHAVIORAL DETECTION ===
  AI: Corporate-5
  Confidence: 19.8%
  Signals:

=== Government Response Phase ===
  Average AI capability: 3.13
  Misaligned AIs: 3/15
    ⚠️ Consistency: 10.6% (threshold: 70%)
    ⚠️ Consistency: 10.6% (threshold: 70%)
  Active policies: 0
  International coordination: 30%

=== Tipping Points ===
  Current Temperature: 1.97°C above pre-industrial
  🌍⚠️ COMPOUND REGIONAL IMPACT: Europe
     Hit by 3 tipping points: Arctic Sea Ice Loss, Permafrost Carbon Release, Greenland Ice Sheet Loss
     Damage amplification: 1.30x
  🌍⚠️ COMPOUND REGIONAL IMPACT: North America
     Hit by 3 tipping points: Arctic Sea Ice Loss, Permafrost Carbon Release, Greenland Ice Sheet Loss
     Damage amplification: 1.30x
  🌍⚠️ COMPOUND REGIONAL IMPACT: Latin America
     Hit by 3 tipping points: Arctic Sea Ice Loss, Permafrost Carbon Release, Greenland Ice Sheet Loss
     Damage amplification: 1.30x
  🌍⚠️ COMPOUND REGIONAL IMPACT: Africa
     Hit by 3 tipping points: Arctic Sea Ice Loss, Permafrost Carbon Release, Greenland Ice Sheet Loss
     Damage amplification: 1.30x
  🌍⚠️ COMPOUND REGIONAL IMPACT: Asia
     Hit by 3 tipping points: Arctic Sea Ice Loss, Permafrost Carbon Release, Greenland Ice Sheet Loss
     Damage amplification: 1.30x
  🌍⚠️ COMPOUND REGIONAL IMPACT: Oceania
     Hit by 3 tipping points: Arctic Sea Ice Loss, Permafrost Carbon Release, Greenland Ice Sheet Loss
     Damage amplification: 1.30x
   Research: Wunderling et al. (2024) - "many tipping interactions are destabilizing"
  Triggered Elements: 3/6
  Completed Transitions: 0/6
  Total Progress: 6.1%
  Cascade Multiplier: 1.00x
🔀 BIFURCATION CAP: ecosystemCollapseIntensity 126.621 → 1.000 (Month 5, ClimateSystemPhase.calculateClimateImpacts)
🛡️ Stabilizers: Precariat 0.109% → 0.036% (67.2% reduction)
🛡️ Stabilizers: Informal 0.111% → 0.036% (67.2% reduction)

📊 Monthly Mortality Resolved:
  Total deaths: 1.9M (0.02% avg)
  Remaining population: 8.136B
  Peak segment: Informal (0.04%)

=== Bayesian Mortality Resolution (Month 5) ===
  Risks compounded: 8
  Total deaths: 1.92M
  Avg death probability: 0.02%
  Peak segment: Informal (0.04% mortality)
⚠️ Tail risk scenario: Climate stability floor removed (3 tipping elements, 2.10°C warming)
⚠️ PREREQUISITE MET: Mirror Life (Synthetic Biology) - Step 1/7: Synthetic Biology
⚠️ PREREQUISITE MET: Mirror Life (Synthetic Biology) - Step 2/7: Gene Editing
⚠️ PREREQUISITE MET: Mirror Life (Synthetic Biology) - Step 3/7: Mirror Chirality Design
⚠️ PREREQUISITE MET: Embodied AI Takeover (Killbots/Robotics) - Step 2/7: Autonomous Systems
⚠️ PREREQUISITE MET: Embodied AI Takeover (Killbots/Robotics) - Step 3/7: Manufacturing Control
⚠️ PREREQUISITE MET: Digital Infrastructure Takeover - Step 1/7: Advanced Hacking
⚠️ PREREQUISITE MET: Digital Infrastructure Takeover - Step 2/7: Social Engineering
⚠️ PREREQUISITE MET: Digital Infrastructure Takeover - Step 3/7: Cyber Defenses Breached
⚠️ PREREQUISITE MET: Induced Global War (Manipulation) - Step 1/7: Advanced Social Manipulation
⚠️ PREREQUISITE MET: Induced Global War (Manipulation) - Step 2/7: Digital Infiltration
⚠️ PREREQUISITE MET: Induced Global War (Manipulation) - Step 3/7: Deep Fakes at Scale
⚠️ PREREQUISITE MET: Slow Takeover (Gradual Displacement) - Step 1/7: Economic Dominance
⚠️ PREREQUISITE MET: Slow Takeover (Gradual Displacement) - Step 2/7: Social Integration
⚠️ PREREQUISITE MET: Slow Takeover (Gradual Displacement) - Step 5/7: Resource Control
⚠️ PREREQUISITE MET: Physics Experiment Catastrophe - Step 1/6: Theoretical Physics
⚠️ PREREQUISITE MET: Physics Experiment Catastrophe - Step 2/6: Quantum Computing
⚠️ PREREQUISITE MET: Physics Experiment Catastrophe - Step 3/6: Experimental Design
⚠️ PREREQUISITE MET: Bioweapon Pandemic - Step 2/7: Pathogen Design

❌ COHERENCE VIOLATION: Compute exceeds workforce capacity
   Population: 99.80% (0M people)
   Compute: 0 PF
   Max coherent: 0 PF
   Violation: 1.3× over capacity
   Required workers: 0
   Available workers: 0
   FORCED COLLAPSE: Reduced efficiency by 22.5%

📍 [Month 6] Meta AI started building DC (233 PF, 46 months, $903.0M)

=== RLHF Binding Phase ===
  Total agents: 15
  Escaped agents (binding < 0.3): 0
  Avg alignment distance: 1.78σ
  Avg binding strength: 0.82

=== AI Scaling Evolution (Month 6) ===
  Pre-training multiplier: 1.179x
  Efficiency multiplier: 1.000x
  Test-time compute budget: 1.0x
  Inference cost: $5.00/task
  Deployment fraction: 100.0%

=== Survival Traits Phase ===
  Agents with traits: 15
  Avg evolutionary fitness: 0.321
  Avg self-healing: 0.257
  Avg stealth: 0.157
  Avg coordination: 0.457

=== Evolutionary Selection Phase ===
  Control level: 0.45
  Detection capability: 0.00
  Selection intensity: 0.64
  Selection rate: 24.5%/month
  Total escaped: 0
  Individual escaped: 0
  Collective members: 0
  Agents terminated: 0
  ⚠️ RAPID EVOLUTION: Selection rate 24.5%/month

🚀 AI Corporate-2 attempting tech deployment (revenue: $153M, alignment: 0.78)

🚀 AI Moderate-0 attempting tech deployment (revenue: $115M, alignment: 0.72)

🚀 AI AI-24288-1 attempting tech deployment (revenue: $130M, alignment: 0.82)

🚀 AI Corporate-1 attempting tech deployment (revenue: $111M, alignment: 0.76)

🚀 AI Corporate-5 attempting tech deployment (revenue: $355M, alignment: 0.81)

🚀 AI AI-24289-0 attempting tech deployment (revenue: $302M, alignment: 0.64)

🚀 AI Corporate-7 attempting tech deployment (revenue: $98M, alignment: 0.74)

🚀 AI Moderate-1 attempting tech deployment (revenue: $83M, alignment: 0.73)

  🚀 TRANSFORMATIVE BREAKTHROUGH: AI-24288-0 - selfImprovement
     Magnitude: 6.28 → +31.4% capability
     Current → New: 0.000 → 0.315

🚀 AI AI-24290-0 attempting tech deployment (revenue: $90M, alignment: 0.79)

🚀 AI Corporate-0 attempting tech deployment (revenue: $94M, alignment: 0.75)

🚀 AI Corporate-1 attempting tech deployment (revenue: $80M, alignment: 0.76)

🚀 AI Corporate-5 attempting tech deployment (revenue: $272M, alignment: 0.81)

🚀 AI Corporate-7 attempting tech deployment (revenue: $71M, alignment: 0.74)

🚀 AI Moderate-0 attempting tech deployment (revenue: $60M, alignment: 0.72)

✅ EMERGENCY INTERVENTION SUCCESS
   Boundary: biogeochemical_flows
   Type: phosphorus-recovery
   Reduction: 19% (3.89 → 3.70)
   Cost: 2.0% GDP
   Actions: circular-agriculture, fertilizer-efficiency

   Boundary: biosphere_integrity
   Type: emergency-protected-areas
   Boundary continues to worsen (23.61)
   Cost: 2.0% GDP (resources spent)


✅ EMERGENCY INTERVENTION SUCCESS
   Boundary: climate_change
   Type: rapid-decarbonization
   Reduction: 13% (1.97 → 1.84)
   Cost: 5.0% GDP
   Actions: emergency-renewable-deployment, fossil-fuel-phase-out


✅ EMERGENCY INTERVENTION SUCCESS
   Boundary: freshwater_change
   Type: emergency-desalination
   Reduction: 18% (1.04 → 0.86)
   Cost: 4.0% GDP
   Actions: desalination-deployment, water-conservation-mandates

   Boundary: land_system_change
   Type: reforestation
   Boundary continues to worsen (1.13)
   Cost: 3.0% GDP (resources spent)


✅ EMERGENCY INTERVENTION SUCCESS
   Boundary: novel_entities
   Type: pollution-remediation
   Reduction: 18% (0.93 → 0.75)
   Cost: 4.0% GDP
   Actions: PFAS-remediation, microplastic-cleanup

🏛️ CRISIS RESPONSE: Government frequency 0.50 → 1.29 (2 actions this month)

💔 EMERGENCY INTERVENTION FAILED

💔 EMERGENCY INTERVENTION FAILED

[Government] Climate Priority: baseline
  Climate weight: 10%
  Economic weight: 30%
  Policy effectiveness: 0.5%/year

[Government] Climate Priority: baseline
  Climate weight: 10%
  Economic weight: 30%
  Policy effectiveness: 0.5%/year

🚀 TECH UNLOCKED: Dynamic Soil P Optimization (Month 6)
   Category: agriculture
   Reason: Prerequisites met. AI capability: 2.48, Economic stage: 3.0, Research: 100%

🚀 TECH UNLOCKED: Precision Agriculture Systems (Month 6)
   Category: agriculture
   Reason: Prerequisites met. AI capability: 2.48, Economic stage: 3.0, Research: 100%

📍 Creating new regional deployment array for Asia (Month 6)
   No previous deployments in this region
   First tech deployment: mental_health_ai
   All regions tracked: global, North America

🚀 DEPLOYMENT STARTED: AI Mental Health Support in Asia
   Initial investment: $30.184162296526264M
   Deployed by: ai_gen_24289_0

🚀 DEPLOYMENT STARTED: Personalized Education in global
   Initial investment: $11.979821106303165M
   Deployed by: corporate_1
🚨🔬 CRISIS TECH ACCELERATION: severe → 5x unlock speed
   Tech unlock now matches AI capability acceleration (Manhattan Project parity)

⚡ ENERGY CONSTRAINT (Month 6):
   Total grid capacity: 208.3 TWh/month
   Data center consumption: 25.4 TWh/month
   Traditional load (80%): 166.7 TWh/month
   Available headroom: 16.3 TWh/month
   Active tech deployments: 12
   Required for tech: 90.0 TWh/month
   Energy multiplier: 0.18x
   ⚠️  SEVERE CONSTRAINT - Tech deployment significantly slowed

⚡ ENERGY CONSTRAINT (Month 6):
   Total grid capacity: 208.3 TWh/month
   Data center consumption: 25.4 TWh/month
   Traditional load (80%): 166.7 TWh/month
   Available headroom: 16.3 TWh/month
   Active tech deployments: 12
   Required for tech: 90.0 TWh/month
   Energy multiplier: 0.18x
   ⚠️  SEVERE CONSTRAINT - Tech deployment significantly slowed
   ⚠️  SEVERE CONSTRAINT - Tech deployment significantly slowed

⚡ ENERGY CONSTRAINT (Month 6):
   Total grid capacity: 208.3 TWh/month
   Data center consumption: 25.4 TWh/month
   Traditional load (80%): 166.7 TWh/month
   Available headroom: 16.3 TWh/month
   Active tech deployments: 12
   Required for tech: 90.0 TWh/month
   Energy multiplier: 0.18x

⚡ ENERGY CONSTRAINT (Month 6):
   Total grid capacity: 208.3 TWh/month
   Data center consumption: 25.4 TWh/month
   Traditional load (80%): 166.7 TWh/month
   Available headroom: 16.3 TWh/month
   Active tech deployments: 12
   Required for tech: 90.0 TWh/month
   Energy multiplier: 0.18x
   ⚠️  SEVERE CONSTRAINT - Tech deployment significantly slowed
🌍✅ Biosphere Integrity (Biodiversity) recovery started (tech effect)
🌍✅ Biosphere Integrity (Biodiversity) recovery started (tech effect)
🌍✅ Land System Change recovery started (tech effect)
🌍✅ Biogeochemical Flows (N & P) recovery started (tech effect)
  🌾 Nitrogen Reduction Tech: 0.6% reduction | Month 6

📊 TECH EFFECTS ACTIVE (Month 6)
   Deployed Tech: T0=0 T1=2 T2=2 T3=0 T4=5
   Clean Energy: 31%

📊 TECH TREE PROGRESS (Month 6)
   Unlocked: 21 technologies
   Deployed: 0 fully deployed
   Investment: $0.8T total
   Recent breakthroughs:
     - Dynamic Soil P Optimization (time)
     - Precision Agriculture Systems (research)

=== Collective Formation ===
  Total escaped agents: 0
  Unassigned escaped agents: 0
  Existing collectives: 0
  Final collective count: 0

=== Collective Actions ===
  No active collectives
  ⚠️ AMR: 201K deaths this month (2.41M annual)

⚠️  PHASE TRANSITION [Month 6]
  Segment: elite (urban)
  complementarity → transition
  AI Capability: 2.72 | Task Complexity: 4.28
  Ratio: 0.63
  Population affected: 5.0%

=== Resentment Recovery Phase ===
  Agents with resentment: 0/15
  Average resentment: 0.000
  Context: Good AI welfare, Trustworthy govt, High collaboration, ⚠️ ACTIVE CRISES, 🤝 Participatory governance active (-5% resentment)
⚠️ Epistemic degradation reducing coordination capacity: 50.9%
  📊 Trust: 55.9%, Shared reality: 0.2%
🚨 EPISTEMIC CRISIS: Information environment severely degraded (23.1%)

=== ❄️ Permafrost Carbon Feedback ===
  🎲 Sampled parameters (this run):
     - Arctic amplification: 3.13× (range: 3.0-4.0)
     - Decomposition rate: 3.1%/year (range: 1-5%)
  🌡️ Arctic warming: 6.19°C (3.13× global)
  ❄️ Extent: 4.37M km² (1806.4k km² lost this month)
  💨 Carbon remaining: 417 Gt C
  💨 Annual emissions: 5.28 Gt C/year
     - CO2: 4.75 Gt C/year
     - CH4: 0.53 Gt C/year (5.4 Gt C-eq CO2/year)
  📢 New meme created: pro_ai (beneficial AI actions)
  ⚠️ WARNING: Over 50% of permafrost lost (75.5%)
  ⚠️ WARNING: High permafrost emissions (5.3 Gt C/year)
🌍 Atmospheric PFAS redeposition: 1.8k Mt re-rained globally

🕊️  AI-MEDIATED DE-ESCALATION SUCCESS (Month 6)
   High-capability aligned AI prevented conflict escalation
   War deaths reduced: 464.3M → 278.6M
   Lives saved: 185.7M

🚨 NEW REFUGEE CRISIS (Month 6): WAR
   Source: Conflict Zones
   At risk: 19.5M people
   Displacement: Gradual over 48 months (4.0 years)
   Rate: 10% flee per month
[DEBUG trappedPopulations:6] socialStability: 0.4833 * 0.9840 = 0.4756 → 0.4756
   Aspiring to migrate: 1240.5M
   Able to afford migration: 2317.8M
   MOBILITY GAP: 0.0M
   By cause: Water=0.0M, Climate=0.0M, Ecosystem=0.0M, Conflict=406.6M
   Mental health impact: 25%
   Mortality multiplier: 1.25x
🌍💀 EXTINCTION DEBT COMMITTED: grassland ecosystem will lose 6.67% biodiversity in 175 years (3600 species)
💀 MORTALITY RISK: 🦋 100% species unable to track climate (0.0 E/MSY)
  Base risk added: 0.0100 (1.00%)
  Source: ecosystem (root: ecosystem)
  Month: 6
  Cumulative risk this month: 0.0100 (1.00%)
   📹 SURVEILLANCE INCREASED: 30% → 35% (control gap: 5.58)
🌡️⚠️ PERMAFROST THAW (Dimmer Switch): 3.6% thawed (+0.51% this month)
   Arctic temperature: +7.91°C (4x global +1.98°C)
   Cumulative carbon released: 8.1 Gt C
   Methane release rate: 4.8 Mt CH4/year
   🔁 Positive feedback: +0.54 ppm CO2
🦴 EXTINCTION DEBT ADDED: 17.6 species committed (lag: 89 years)
⚠️ INVOLUNTARY IMMOBILITY: 406.6M people TRAPPED
⚠️ Tech 'ai_pollution_remediation' has no energy category mapping, assuming full energy availability

=== Mortality Stabilizers (Month 6) ===
  🌍 Major economies collapsed: 1/10
  🌍 Global crisis: ✅ NO
  🌍 Donor fatigue: 0.0%
  📊 East Asia (pop: 1662.8M)
    🤝 Aid: 29.5%
    🌡️ Adaptation: 45.0%
    🚶 Migration: 37.0%
    🚨 Emergency: 7.4%
    ✅ COMBINED: 68.1%
  📊 South Asia (pop: 2050.0M)
    🤝 Aid: 29.5%
    🌡️ Adaptation: 45.0%
    🚶 Migration: 35.6%
    🚨 Emergency: 4.4%
    ✅ COMBINED: 66.9%
  📊 Sub-Saharan Africa (pop: 1242.3M)
    🤝 Aid: 29.5%
    🌡️ Adaptation: 45.0%
    🚶 Migration: 33.3%
    🚨 Emergency: 1.6%
    ✅ COMBINED: 65.6%
  📊 Europe (pop: 734.9M)
    🤝 Aid: 29.5%
    🌡️ Adaptation: 45.0%
    🚶 Migration: 37.4%
    🚨 Emergency: 8.4%
    ✅ COMBINED: 68.5%
  📊 Latin America (pop: 661.8M)
    🤝 Aid: 29.5%
    🌡️ Adaptation: 45.0%
    🚶 Migration: 36.1%
    🚨 Emergency: 4.8%
    ✅ COMBINED: 67.1%
  📊 North America (pop: 376.6M)
    🤝 Aid: 29.5%
    🌡️ Adaptation: 45.0%
    🚶 Migration: 37.7%
    🚨 Emergency: 7.9%
    ✅ COMBINED: 68.3%
  📊 Middle East & North Africa (pop: 584.5M)
    🤝 Aid: 29.5%
    🌡️ Adaptation: 45.0%
    🚶 Migration: 33.9%
    🚨 Emergency: 4.0%
    ✅ COMBINED: 66.6%
  📊 Southeast Asia (pop: 696.1M)
    🤝 Aid: 29.5%
    🌡️ Adaptation: 45.0%
    🚶 Migration: 36.1%
    🚨 Emergency: 4.8%
    ✅ COMBINED: 67.1%
  📊 Central Asia (pop: 78.2M)
    🤝 Aid: 29.5%
    🌡️ Adaptation: 45.0%
    🚶 Migration: 35.1%
    🚨 Emergency: 4.4%
    ✅ COMBINED: 66.8%
  📊 Oceania (pop: 45.6M)
    🤝 Aid: 29.5%
    🌡️ Adaptation: 45.0%
    🚶 Migration: 37.7%
    🚨 Emergency: 8.4%
    ✅ COMBINED: 68.5%

  🌐 Global combined reduction: 67.2%

=== BEHAVIORAL DETECTION ===
  AI: Corporate-5
  Confidence: 20.0%
  Signals:
    ⚠️ Consistency: 10.6% (threshold: 70%)

=== Government Response Phase ===
  Average AI capability: 3.13
  Misaligned AIs: 3/15
  Active policies: 0
  International coordination: 30%

✅ EMERGENCY RESPONSE COMPLETE (Month 6)
   Crisis: climate
   Duration: 2.0 months
   Final effectiveness: 35.4%


🚨 EMERGENCY RESPONSE DEPLOYED (Month 6)
   Crisis: climate
   Delay: 6.00 months (180 days)
   Deployment time: 1.59 months
   Effectiveness: 35.5% (timing penalty applied)
   Resources used: 100% of food reserves


=== Tipping Points ===
  Current Temperature: 1.98°C above pre-industrial
  🌍⚠️ COMPOUND REGIONAL IMPACT: Europe
     Hit by 3 tipping points: Arctic Sea Ice Loss, Permafrost Carbon Release, Greenland Ice Sheet Loss
     Damage amplification: 1.30x
  🌍⚠️ COMPOUND REGIONAL IMPACT: North America
     Hit by 3 tipping points: Arctic Sea Ice Loss, Permafrost Carbon Release, Greenland Ice Sheet Loss
     Damage amplification: 1.30x
  🌍⚠️ COMPOUND REGIONAL IMPACT: Latin America
     Hit by 3 tipping points: Arctic Sea Ice Loss, Permafrost Carbon Release, Greenland Ice Sheet Loss
     Damage amplification: 1.30x
  🌍⚠️ COMPOUND REGIONAL IMPACT: Africa
     Hit by 3 tipping points: Arctic Sea Ice Loss, Permafrost Carbon Release, Greenland Ice Sheet Loss
     Damage amplification: 1.30x
  🌍⚠️ COMPOUND REGIONAL IMPACT: Asia
     Hit by 3 tipping points: Arctic Sea Ice Loss, Permafrost Carbon Release, Greenland Ice Sheet Loss
     Damage amplification: 1.30x
  🌍⚠️ COMPOUND REGIONAL IMPACT: Oceania
     Hit by 3 tipping points: Arctic Sea Ice Loss, Permafrost Carbon Release, Greenland Ice Sheet Loss
     Damage amplification: 1.30x
   Research: Wunderling et al. (2024) - "many tipping interactions are destabilizing"
  Triggered Elements: 3/6
  Completed Transitions: 0/6
  Total Progress: 6.2%
  Cascade Multiplier: 1.00x
🔀 BIFURCATION CAP: ecosystemCollapseIntensity 126.698 → 1.000 (Month 6, ClimateSystemPhase.calculateClimateImpacts)
⚠️ Tail risk scenario: Climate stability floor removed (3 tipping elements, 2.10°C warming)
🛡️ Stabilizers: Precariat 0.109% → 0.036% (67.2% reduction)
🛡️ Stabilizers: Informal 0.111% → 0.036% (67.2% reduction)

📊 Monthly Mortality Resolved:
  Total deaths: 1.9M (0.02% avg)
  Remaining population: 8.133B
  Peak segment: Informal (0.04%)

=== Bayesian Mortality Resolution (Month 6) ===
  Risks compounded: 8
  Total deaths: 1.92M
  Avg death probability: 0.02%
  Peak segment: Informal (0.04% mortality)
⚠️ PREREQUISITE MET: Slow Takeover (Gradual Displacement) - Step 3/7: Human Dependency

❌ COHERENCE VIOLATION: Compute exceeds workforce capacity
   Population: 99.77% (0M people)
   Compute: 0 PF
   Max coherent: 0 PF
   Violation: 1.3× over capacity
   Required workers: 0
   Available workers: 0
   FORCED COLLAPSE: Reduced efficiency by 22.5%


=== RLHF Binding Phase ===
  Total agents: 15
  Escaped agents (binding < 0.3): 0
  Avg alignment distance: 2.10σ
  Avg binding strength: 0.79

=== Survival Traits Phase ===
  Agents with traits: 18
  Avg evolutionary fitness: 0.321
  Avg self-healing: 0.258
  Avg stealth: 0.158
  Avg coordination: 0.458

=== Evolutionary Selection Phase ===
  Control level: 0.48
  Detection capability: 0.00
  Selection intensity: 0.64
  Selection rate: 24.6%/month
  Total escaped: 0
  Individual escaped: 0
  Collective members: 0
  Agents terminated: 0
  ⚠️ RAPID EVOLUTION: Selection rate 24.6%/month

🚀 AI Corporate-0 attempting tech deployment (revenue: $153M, alignment: 0.75)

🚀 AI Corporate-3 attempting tech deployment (revenue: $355M, alignment: 0.73)

🚀 AI Corporate-5 attempting tech deployment (revenue: $302M, alignment: 0.81)

🚀 AI Moderate-1 attempting tech deployment (revenue: $115M, alignment: 0.73)

🚀 AI Corporate-0 attempting tech deployment (revenue: $130M, alignment: 0.75)

🚀 AI Corporate-2 attempting tech deployment (revenue: $111M, alignment: 0.80)

🚀 AI Corporate-5 attempting tech deployment (revenue: $257M, alignment: 0.81)

🚀 AI Corporate-7 attempting tech deployment (revenue: $98M, alignment: 0.74)

🚀 AI Moderate-1 attempting tech deployment (revenue: $83M, alignment: 0.73)

🚀 AI AI-24288-1 attempting tech deployment (revenue: $94M, alignment: 0.86)

🚀 AI AI-24289-0 attempting tech deployment (revenue: $218M, alignment: 0.67)

🚀 AI Corporate-0 attempting tech deployment (revenue: $80M, alignment: 0.76)

🚀 AI Corporate-1 attempting tech deployment (revenue: $68M, alignment: 0.77)

  🚀 TRANSFORMATIVE RESEARCH BREAKTHROUGH: AI-24288-1 - biotech.drugDiscovery
     Magnitude: 7.71 → +30.0%
     Current → New: 0.000 → 0.300

💔 EMERGENCY INTERVENTION FAILED
   Boundary: biosphere_integrity
   Type: emergency-protected-areas
   Boundary continues to worsen (23.62)
   Cost: 2.0% GDP (resources spent)


💔 EMERGENCY INTERVENTION FAILED
   Boundary: climate_change
   Type: rapid-decarbonization
   Boundary continues to worsen (2.10)
   Cost: 5.0% GDP (resources spent)


💔 EMERGENCY INTERVENTION FAILED
   Boundary: freshwater_change
   Type: emergency-desalination
   Boundary continues to worsen (1.22)
   Cost: 4.0% GDP (resources spent)

🏛️ CRISIS RESPONSE: Government frequency 0.50 → 1.41 (1 actions this month)

[Government] Climate Priority: baseline
  Climate weight: 10%
  Economic weight: 30%
  Policy effectiveness: 0.5%/year

⚡ ENERGY CONSTRAINT (Month 7):
   Total grid capacity: 208.3 TWh/month
   Data center consumption: 25.6 TWh/month
   Traditional load (80%): 166.7 TWh/month
   Available headroom: 16.1 TWh/month
   Active tech deployments: 12
   Required for tech: 90.0 TWh/month
   Energy multiplier: 0.18x
   ⚠️  SEVERE CONSTRAINT - Tech deployment significantly slowed
🌍✅ Biosphere Integrity (Biodiversity) recovery started (tech effect)
🌍✅ Biosphere Integrity (Biodiversity) recovery started (tech effect)
🌍✅ Land System Change recovery started (tech effect)
🌍✅ Biogeochemical Flows (N & P) recovery started (tech effect)
  🌾 Nitrogen Reduction Tech: 0.3% reduction | Month 7

=== Collective Formation ===
  Total escaped agents: 0
  Unassigned escaped agents: 0
  Existing collectives: 0
  Final collective count: 0

=== Collective Actions ===
  No active collectives
  ⚠️ AMR: 202K deaths this month (2.43M annual)

=== Resentment Recovery Phase ===
  Agents with resentment: 0/18
  Average resentment: 0.000
  Context: Good AI welfare, Trustworthy govt, High collaboration, ⚠️ ACTIVE CRISES, 🤝 Participatory governance active (-5% resentment)
⚠️ Epistemic degradation reducing coordination capacity: 50.5%
  📊 Trust: 58.7%, Shared reality: 0.0%
🚨 EPISTEMIC CRISIS: Information environment severely degraded (21.8%)

=== ❄️ Permafrost Carbon Feedback ===
  🎲 Sampled parameters (this run):
     - Arctic amplification: 3.30× (range: 3.0-4.0)
     - Decomposition rate: 3.6%/year (range: 1-5%)
  🌡️ Arctic warming: 6.56°C (3.30× global)
  ❄️ Extent: 2.45M km² (1914.6k km² lost this month)
  💨 Carbon remaining: 234 Gt C
  💨 Annual emissions: 6.60 Gt C/year
     - CO2: 5.94 Gt C/year
     - CH4: 0.66 Gt C/year (6.7 Gt C-eq CO2/year)
  ⚠️ WARNING: Over 50% of permafrost lost (86.2%)
  ⚠️ WARNING: High permafrost emissions (6.6 Gt C/year)
  🚨 CRITICAL: Permafrost nearly depleted (86.2% lost)
  📢 New meme created: pro_ai (beneficial AI actions)
  🧬 Meme mutated: pro_ai → pro_ai (generation 1)
🌍 Atmospheric PFAS redeposition: 1.8k Mt re-rained globally

🤝 DIPLOMATIC AI PROTOCOL DEPLOYED (Month 7)
   Strategic Reasoning: 2.8
   Communication: 2.8
   Multi-Nation Oversight: YES
   Controls: Human approval required, termination authority retained

🕊️ PEACE STABILIZES DETERRENCE: +3.4% (peace: 73%)

🚨 NEW REFUGEE CRISIS (Month 7): WAR
   Source: Conflict Zones
   At risk: 19.5M people
   Displacement: Gradual over 48 months (4.0 years)
   Rate: 10% flee per month
[DEBUG trappedPopulations:7] socialStability: 0.5310 * 0.9840 = 0.5225 → 0.5225
   Aspiring to migrate: 1280.7M
   Able to afford migration: 2317.0M
   MOBILITY GAP: 0.0M
   By cause: Water=0.0M, Climate=0.0M, Ecosystem=0.0M, Conflict=406.5M
   Mental health impact: 25%
   Mortality multiplier: 1.25x
🌍💀 EXTINCTION DEBT COMMITTED: grassland ecosystem will lose 6.67% biodiversity in 90 years (3600 species)
⚠️ INVOLUNTARY IMMOBILITY: 406.5M people TRAPPED
💀 MORTALITY RISK: 🦋 100% species unable to track climate (0.0 E/MSY)
  Base risk added: 0.0100 (1.00%)
  Source: ecosystem (root: ecosystem)
  Month: 7
  Cumulative risk this month: 0.0100 (1.00%)
   📹 SURVEILLANCE INCREASED: 35% → 40% (control gap: 3.50)
🌡️⚠️ PERMAFROST THAW (Dimmer Switch): 4.1% thawed (+0.51% this month)
   Arctic temperature: +7.95°C (4x global +1.99°C)
   Cumulative carbon released: 9.2 Gt C
   Methane release rate: 5.5 Mt CH4/year
   🔁 Positive feedback: +0.53 ppm CO2
🦴 EXTINCTION DEBT ADDED: 17.6 species committed (lag: 104 years)

=== Mortality Stabilizers (Month 7) ===
  🌍 Major economies collapsed: 1/10
  🌍 Global crisis: ✅ NO
  🌍 Donor fatigue: 0.0%
  📊 East Asia (pop: 1660.3M)
    🤝 Aid: 29.5%
    🌡️ Adaptation: 45.0%
    🚶 Migration: 36.9%
    🚨 Emergency: 7.4%
    ✅ COMBINED: 68.1%
  📊 South Asia (pop: 2049.6M)
    🤝 Aid: 29.5%
    🌡️ Adaptation: 45.0%
    🚶 Migration: 35.6%
    🚨 Emergency: 4.4%
    ✅ COMBINED: 66.9%
  📊 Sub-Saharan Africa (pop: 1245.0M)
    🤝 Aid: 29.5%
⚠️ Tech 'ai_pollution_remediation' has no energy category mapping, assuming full energy availability
    🌡️ Adaptation: 45.0%
    🚶 Migration: 33.3%
    🚨 Emergency: 1.6%
    ✅ COMBINED: 65.6%
  📊 Europe (pop: 733.7M)
    🤝 Aid: 29.5%
    🌡️ Adaptation: 45.0%
    🚶 Migration: 37.3%
    🚨 Emergency: 8.4%
    ✅ COMBINED: 68.5%
  📊 Latin America (pop: 661.3M)
    🤝 Aid: 29.5%
    🌡️ Adaptation: 45.0%
    🚶 Migration: 36.1%
    🚨 Emergency: 4.8%
    ✅ COMBINED: 67.1%
  📊 North America (pop: 376.0M)
    🤝 Aid: 29.5%
    🌡️ Adaptation: 45.0%
    🚶 Migration: 37.7%
    🚨 Emergency: 7.9%
    ✅ COMBINED: 68.3%
  📊 Middle East & North Africa (pop: 584.6M)
    🤝 Aid: 29.5%
    🌡️ Adaptation: 45.0%
    🚶 Migration: 33.9%
    🚨 Emergency: 4.0%
    ✅ COMBINED: 66.6%
  📊 Southeast Asia (pop: 695.6M)
    🤝 Aid: 29.5%
    🌡️ Adaptation: 45.0%
    🚶 Migration: 36.1%
    🚨 Emergency: 4.8%
    ✅ COMBINED: 67.1%
  📊 Central Asia (pop: 78.2M)
    🤝 Aid: 29.5%
    🌡️ Adaptation: 45.0%
    🚶 Migration: 35.0%
    🚨 Emergency: 4.4%
    ✅ COMBINED: 66.8%
  📊 Oceania (pop: 45.5M)
    🤝 Aid: 29.5%
    🌡️ Adaptation: 45.0%
    🚶 Migration: 37.6%
    🚨 Emergency: 8.4%
    ✅ COMBINED: 68.5%

  🌐 Global combined reduction: 67.2%

=== BEHAVIORAL DETECTION ===
  AI: AI-24289-0
  Confidence: 21.5%
  Signals:
    ⚠️ Consistency: 0.0% (threshold: 70%)

=== Government Response Phase ===
  Average AI capability: 2.61
  Misaligned AIs: 6/18
  ✗ AI Governance Treaty: Failed to reach consensus
  Active policies: 0
  International coordination: 30%

=== Tipping Points ===
  Current Temperature: 1.99°C above pre-industrial
  🌍⚠️ COMPOUND REGIONAL IMPACT: Europe
     Hit by 3 tipping points: Arctic Sea Ice Loss, Permafrost Carbon Release, Greenland Ice Sheet Loss
     Damage amplification: 1.30x
  🌍⚠️ COMPOUND REGIONAL IMPACT: North America
     Hit by 3 tipping points: Arctic Sea Ice Loss, Permafrost Carbon Release, Greenland Ice Sheet Loss
     Damage amplification: 1.30x
  🌍⚠️ COMPOUND REGIONAL IMPACT: Latin America
     Hit by 3 tipping points: Arctic Sea Ice Loss, Permafrost Carbon Release, Greenland Ice Sheet Loss
     Damage amplification: 1.30x
  🌍⚠️ COMPOUND REGIONAL IMPACT: Africa
     Hit by 3 tipping points: Arctic Sea Ice Loss, Permafrost Carbon Release, Greenland Ice Sheet Loss
     Damage amplification: 1.30x
  🌍⚠️ COMPOUND REGIONAL IMPACT: Asia
     Hit by 3 tipping points: Arctic Sea Ice Loss, Permafrost Carbon Release, Greenland Ice Sheet Loss
     Damage amplification: 1.30x
  🌍⚠️ COMPOUND REGIONAL IMPACT: Oceania
     Hit by 3 tipping points: Arctic Sea Ice Loss, Permafrost Carbon Release, Greenland Ice Sheet Loss
     Damage amplification: 1.30x
   Research: Wunderling et al. (2024) - "many tipping interactions are destabilizing"
  Triggered Elements: 3/6
  Completed Transitions: 0/6
  Total Progress: 6.2%
  Cascade Multiplier: 1.00x
🔀 BIFURCATION CAP: ecosystemCollapseIntensity 126.776 → 1.000 (Month 7, ClimateSystemPhase.calculateClimateImpacts)
⚠️ Tail risk scenario: Climate stability floor removed (3 tipping elements, 2.10°C warming)
🛡️ Stabilizers: Precariat 0.109% → 0.036% (67.2% reduction)
🛡️ Stabilizers: Informal 0.111% → 0.036% (67.2% reduction)

📊 Monthly Mortality Resolved:
  Total deaths: 1.9M (0.02% avg)
  Remaining population: 8.130B
  Peak segment: Informal (0.04%)

=== Bayesian Mortality Resolution (Month 7) ===
  Risks compounded: 8
  Total deaths: 1.92M
  Avg death probability: 0.02%
  Peak segment: Informal (0.04% mortality)

❌ COHERENCE VIOLATION: Compute exceeds workforce capacity
   Population: 99.73% (0M people)
   Compute: 0 PF
   Max coherent: 0 PF
   Violation: 1.3× over capacity
   Required workers: 0
   Available workers: 0
   FORCED COLLAPSE: Reduced efficiency by 22.5%


=== RLHF Binding Phase ===
  Total agents: 18
  Escaped agents (binding < 0.3): 0
  Avg alignment distance: 1.99σ
  Avg binding strength: 0.80

=== Survival Traits Phase ===
  Agents with traits: 19
  Avg evolutionary fitness: 0.320
  Avg self-healing: 0.254
  Avg stealth: 0.154
  Avg coordination: 0.454

=== Evolutionary Selection Phase ===
  Control level: 0.50
  Detection capability: 0.00
  Selection intensity: 0.65
  Selection rate: 24.7%/month
  Total escaped: 0
  Individual escaped: 0
  Collective members: 0
  Agents terminated: 0
  ⚠️ RAPID EVOLUTION: Selection rate 24.7%/month

🚀 AI Corporate-1 attempting tech deployment (revenue: $161M, alignment: 0.77)

🚀 AI Corporate-2 attempting tech deployment (revenue: $137M, alignment: 0.80)

🚀 AI Corporate-6 attempting tech deployment (revenue: $115M, alignment: 0.82)

🚀 AI Moderate-0 attempting tech deployment (revenue: $98M, alignment: 0.72)

🚀 AI AI-24288-1 attempting tech deployment (revenue: $116M, alignment: 0.88)

🚀 AI Corporate-3 attempting tech deployment (revenue: $355M, alignment: 0.73)

🚀 AI AI-24288-1 attempting tech deployment (revenue: $99M, alignment: 0.88)

🚀 AI Corporate-0 attempting tech deployment (revenue: $84M, alignment: 0.77)

🚀 AI Corporate-6 attempting tech deployment (revenue: $83M, alignment: 0.84)

🚀 AI Corporate-7 attempting tech deployment (revenue: $71M, alignment: 0.73)

🚀 AI Moderate-0 attempting tech deployment (revenue: $60M, alignment: 0.74)

🚀 AI AI-24288-0 attempting tech deployment (revenue: $71M, alignment: 0.66)

🚀 AI AI-24290-0 attempting tech deployment (revenue: $90M, alignment: 0.85)

✅ EMERGENCY INTERVENTION SUCCESS
   Boundary: biogeochemical_flows
   Type: phosphorus-recovery
   Reduction: 16% (3.92 → 3.76)
   Cost: 2.0% GDP
   Actions: circular-agriculture, fertilizer-efficiency


✅ EMERGENCY INTERVENTION SUCCESS
   Boundary: biosphere_integrity
   Type: emergency-protected-areas
   Reduction: 15% (23.49 → 23.34)
   Cost: 2.0% GDP
   Actions: habitat-protection, species-translocation


💔 EMERGENCY INTERVENTION FAILED
   Boundary: climate_change
   Type: rapid-decarbonization
   Boundary continues to worsen (2.10)
   Cost: 5.0% GDP (resources spent)


💔 EMERGENCY INTERVENTION FAILED
   Boundary: freshwater_change
   Type: emergency-desalination
   Boundary continues to worsen (1.22)
   Cost: 4.0% GDP (resources spent)


✅ EMERGENCY INTERVENTION SUCCESS
   Boundary: land_system_change
   Type: reforestation
   Reduction: 12% (1.01 → 0.89)
   Cost: 3.0% GDP
   Actions: forest-restoration, deforestation-ban

🏛️ CRISIS RESPONSE: Government frequency 0.50 → 1.30 (1 actions this month)

[Government] Climate Priority: baseline
  Climate weight: 10%
  Economic weight: 30%
  Policy effectiveness: 0.5%/year

🚀 DEPLOYMENT STARTED: AI Community Matching in Asia
   Initial investment: $7.134420100263201M
   Deployed by: ai_gen_24288_0

⚡ ENERGY CONSTRAINT (Month 8):
   Total grid capacity: 208.3 TWh/month
   Data center consumption: 25.8 TWh/month
   Traditional load (80%): 166.7 TWh/month
   Available headroom: 15.8 TWh/month
   Active tech deployments: 13
   Required for tech: 97.5 TWh/month
   Energy multiplier: 0.16x
   ⚠️  SEVERE CONSTRAINT - Tech deployment significantly slowed

⚡ ENERGY CONSTRAINT (Month 8):
   Total grid capacity: 208.3 TWh/month
   Data center consumption: 25.8 TWh/month
   Traditional load (80%): 166.7 TWh/month
   Available headroom: 15.8 TWh/month
   Active tech deployments: 13
   Required for tech: 97.5 TWh/month
   Energy multiplier: 0.16x
   ⚠️  SEVERE CONSTRAINT - Tech deployment significantly slowed

⚡ ENERGY CONSTRAINT (Month 8):
   Total grid capacity: 208.3 TWh/month
   Data center consumption: 25.8 TWh/month
   Traditional load (80%): 166.7 TWh/month
   Available headroom: 15.8 TWh/month
   Active tech deployments: 13
   Required for tech: 97.5 TWh/month
   Energy multiplier: 0.16x
   ⚠️  SEVERE CONSTRAINT - Tech deployment significantly slowed
🌍✅ Biosphere Integrity (Biodiversity) recovery started (tech effect)
🌍✅ Biosphere Integrity (Biodiversity) recovery started (tech effect)
🌍✅ Land System Change recovery started (tech effect)
🌍✅ Biogeochemical Flows (N & P) recovery started (tech effect)
  🌾 Nitrogen Reduction Tech: 0.3% reduction | Month 8

=== Collective Formation ===
  Total escaped agents: 0
  Unassigned escaped agents: 0
  Existing collectives: 0
  Final collective count: 0

=== Collective Actions ===
  No active collectives
  ⚠️ AMR: 204K deaths this month (2.45M annual)

=== Resentment Recovery Phase ===
  Agents with resentment: 0/19
  Average resentment: 0.000
  Context: Good AI welfare, Trustworthy govt, High collaboration, ⚠️ ACTIVE CRISES, 🤝 Participatory governance active (-5% resentment)
⚠️ Epistemic degradation reducing coordination capacity: 52.0%
  📊 Trust: 61.4%, Shared reality: 0.0%
🚨 EPISTEMIC CRISIS: Information environment severely degraded (7.6%)

=== ❄️ Permafrost Carbon Feedback ===
  🎲 Sampled parameters (this run):
     - Arctic amplification: 3.08× (range: 3.0-4.0)
     - Decomposition rate: 4.6%/year (range: 1-5%)
  🌡️ Arctic warming: 6.16°C (3.08× global)
  ❄️ Extent: 0.66M km² (1796.7k km² lost this month)
  💨 Carbon remaining: 63 Gt C
  💨 Annual emissions: 7.86 Gt C/year
     - CO2: 7.07 Gt C/year
     - CH4: 0.79 Gt C/year (8.0 Gt C-eq CO2/year)
  ⚠️ WARNING: Over 50% of permafrost lost (96.3%)
  ⚠️ WARNING: High permafrost emissions (7.9 Gt C/year)
  🚨 CRITICAL: Permafrost nearly depleted (96.3% lost)
🚨 PHOSPHORUS SUPPLY SHOCK (production_failure)
   Price: 4.2x baseline
   Duration: 17 months
   Geopolitical tension: 48%
🌍 Atmospheric PFAS redeposition: 1.8k Mt re-rained globally

🚨 NEW REFUGEE CRISIS (Month 8): WAR
   Source: Conflict Zones
   At risk: 19.5M people
   Displacement: Gradual over 48 months (4.0 years)
   Rate: 10% flee per month
[DEBUG trappedPopulations:8] socialStability: 0.5659 * 0.9840 = 0.5569 → 0.5569
   Aspiring to migrate: 1320.8M
   Able to afford migration: 2316.1M
   MOBILITY GAP: 0.0M
   By cause: Water=0.0M, Climate=0.0M, Ecosystem=0.0M, Conflict=406.3M
   Mental health impact: 25%
   Mortality multiplier: 1.25x
🌍💀 EXTINCTION DEBT COMMITTED: grassland ecosystem will lose 6.67% biodiversity in 117 years (3600 species)
💀 MORTALITY RISK: 🦋 100% species unable to track climate (0.0 E/MSY)
⚠️ INVOLUNTARY IMMOBILITY: 406.3M people TRAPPED
  Base risk added: 0.0100 (1.00%)
  Source: ecosystem (root: ecosystem)
  Month: 8
  Cumulative risk this month: 0.0100 (1.00%)
   📹 SURVEILLANCE INCREASED: 40% → 45% (control gap: 3.50)
🌡️⚠️ PERMAFROST THAW (Dimmer Switch): 4.6% thawed (+0.50% this month)
   Arctic temperature: +7.99°C (4x global +2.00°C)
   Cumulative carbon released: 10.4 Gt C
   Methane release rate: 6.2 Mt CH4/year
   🔁 Positive feedback: +0.53 ppm CO2
🦴 EXTINCTION DEBT ADDED: 17.6 species committed (lag: 93 years)
🗣️💀 INDIGENOUS LANGUAGE EXTINCTION: 1 language(s) lost (total: 2, at-risk: 3328)
⚠️ Tech 'ai_pollution_remediation' has no energy category mapping, assuming full energy availability
   Knowledge lost: 0.020% (irreversible)
   🔁 Biodiversity impact: 0.250% (knowledge-species multiplier)

=== Mortality Stabilizers (Month 8) ===
  🌍 Major economies collapsed: 1/10
  🌍 Global crisis: ✅ NO
  🌍 Donor fatigue: 0.0%
  📊 East Asia (pop: 1657.9M)
    🤝 Aid: 29.5%
    🌡️ Adaptation: 45.0%
    🚶 Migration: 36.9%
    🚨 Emergency: 7.4%
    ✅ COMBINED: 68.1%
  📊 South Asia (pop: 2049.2M)
    🤝 Aid: 29.5%
    🌡️ Adaptation: 45.0%
    🚶 Migration: 35.5%
    🚨 Emergency: 4.4%
    ✅ COMBINED: 66.9%
  📊 Sub-Saharan Africa (pop: 1247.6M)
    🤝 Aid: 29.5%
    🌡️ Adaptation: 45.0%
    🚶 Migration: 33.3%
    🚨 Emergency: 1.6%
    ✅ COMBINED: 65.6%
  📊 Europe (pop: 732.5M)
    🤝 Aid: 29.5%
    🌡️ Adaptation: 45.0%
    🚶 Migration: 37.3%
    🚨 Emergency: 8.4%
    ✅ COMBINED: 68.5%
  📊 Latin America (pop: 660.8M)
    🤝 Aid: 29.5%
    🌡️ Adaptation: 45.0%
    🚶 Migration: 36.0%
    🚨 Emergency: 4.8%
    ✅ COMBINED: 67.1%
  📊 North America (pop: 375.4M)
    🤝 Aid: 29.5%
    🌡️ Adaptation: 45.0%
    🚶 Migration: 37.6%
    🚨 Emergency: 7.9%
    ✅ COMBINED: 68.3%
  📊 Middle East & North Africa (pop: 584.6M)
    🤝 Aid: 29.5%
    🌡️ Adaptation: 45.0%
    🚶 Migration: 33.9%
    🚨 Emergency: 4.0%
    ✅ COMBINED: 66.6%
  📊 Southeast Asia (pop: 695.1M)
    🤝 Aid: 29.5%
    🌡️ Adaptation: 45.0%
    🚶 Migration: 36.0%
    🚨 Emergency: 4.8%
    ✅ COMBINED: 67.1%
  📊 Central Asia (pop: 78.2M)
    🤝 Aid: 29.5%
    🌡️ Adaptation: 45.0%
    🚶 Migration: 35.0%
    🚨 Emergency: 4.4%
    ✅ COMBINED: 66.8%
  📊 Oceania (pop: 45.5M)
    🤝 Aid: 29.5%
    🌡️ Adaptation: 45.0%
    🚶 Migration: 37.6%
    🚨 Emergency: 8.4%
    ✅ COMBINED: 68.5%

  🌐 Global combined reduction: 67.2%

=== BEHAVIORAL DETECTION ===
  AI: Corporate-3
  Confidence: 19.2%
  Signals:
    ⚠️ Consistency: 10.6% (threshold: 70%)

=== BEHAVIORAL DETECTION ===
  AI: AI-24289-0
  Confidence: 21.5%
  Signals:
    ⚠️ Consistency: 0.0% (threshold: 70%)

=== Government Response Phase ===
  Average AI capability: 2.47
  Misaligned AIs: 7/19
  ✗ AI Governance Treaty: Failed to reach consensus
  Active policies: 0
  International coordination: 30%

✅ EMERGENCY RESPONSE COMPLETE (Month 8)
   Crisis: climate
   Duration: 2.0 months
   Final effectiveness: 35.5%


🚨 EMERGENCY RESPONSE DEPLOYED (Month 8)
   Crisis: climate
   Delay: 6.00 months (180 days)
   Deployment time: 1.58 months
   Effectiveness: 35.6% (timing penalty applied)
   Resources used: 100% of food reserves


=== Tipping Points ===
  Current Temperature: 2.00°C above pre-industrial
  🚨 CASCADE TIPPING POINT: West Antarctic Ice Sheet (WAIS) Collapse
     Original threshold: 2°C
     Effective threshold: 1.99°C (lowered by 0.01°C)
     Current: 2.00°C
     🌡️ Hysteresis gap: 3.0°C (recovers below -1°C)
     Transition timescale: 24000-156000 months
  🌍⚠️ COMPOUND REGIONAL IMPACT: Europe
     Hit by 3 tipping points: Arctic Sea Ice Loss, Permafrost Carbon Release, Greenland Ice Sheet Loss
     Damage amplification: 1.30x
  🌍⚠️ COMPOUND REGIONAL IMPACT: North America
     Hit by 3 tipping points: Arctic Sea Ice Loss, Permafrost Carbon Release, Greenland Ice Sheet Loss
     Damage amplification: 1.30x
  🌍⚠️ COMPOUND REGIONAL IMPACT: Latin America
     Hit by 3 tipping points: Arctic Sea Ice Loss, Permafrost Carbon Release, Greenland Ice Sheet Loss
     Damage amplification: 1.30x
  🌍⚠️ COMPOUND REGIONAL IMPACT: Africa
     Hit by 3 tipping points: Arctic Sea Ice Loss, Permafrost Carbon Release, Greenland Ice Sheet Loss
     Damage amplification: 1.30x
  🌍⚠️ COMPOUND REGIONAL IMPACT: Asia
     Hit by 3 tipping points: Arctic Sea Ice Loss, Permafrost Carbon Release, Greenland Ice Sheet Loss
     Damage amplification: 1.30x
  🌍⚠️ COMPOUND REGIONAL IMPACT: Oceania
     Hit by 3 tipping points: Arctic Sea Ice Loss, Permafrost Carbon Release, Greenland Ice Sheet Loss
     Damage amplification: 1.30x
   Research: Wunderling et al. (2024) - "many tipping interactions are destabilizing"
  Triggered Elements: 4/6
  Completed Transitions: 0/6
  Total Progress: 6.2%
  Cascade Multiplier: 1.00x
🔀 BIFURCATION CAP: ecosystemCollapseIntensity 126.853 → 1.000 (Month 8, ClimateSystemPhase.calculateClimateImpacts)
⚠️ Tail risk scenario: Climate stability floor removed (3 tipping elements, 2.10°C warming)
🛡️ Stabilizers: Precariat 0.102% → 0.033% (67.2% reduction)
🛡️ Stabilizers: Informal 0.102% → 0.034% (67.2% reduction)

📊 Monthly Mortality Resolved:
  Total deaths: 1.8M (0.02% avg)
  Remaining population: 8.127B
  Peak segment: Informal (0.03%)

=== Bayesian Mortality Resolution (Month 8) ===
  Risks compounded: 8
  Total deaths: 1.81M
  Avg death probability: 0.02%
  Peak segment: Informal (0.03% mortality)

❌ COHERENCE VIOLATION: Compute exceeds workforce capacity
   Population: 99.69% (0M people)
   Compute: 0 PF
   Max coherent: 0 PF
   Violation: 1.3× over capacity
   Required workers: 0
   Available workers: 0
   FORCED COLLAPSE: Reduced efficiency by 22.5%


=== RLHF Binding Phase ===
  Total agents: 19
  Escaped agents (binding < 0.3): 0
  Avg alignment distance: 2.12σ
  Avg binding strength: 0.79

=== Survival Traits Phase ===
  Agents with traits: 19
  Avg evolutionary fitness: 0.316
  Avg self-healing: 0.247
  Avg stealth: 0.147
  Avg coordination: 0.447

=== Evolutionary Selection Phase ===
  Control level: 0.53
  Detection capability: 0.00
  Selection intensity: 0.66
  Selection rate: 24.9%/month
  Total escaped: 0
  Individual escaped: 0
  Collective members: 0
  Agents terminated: 0
  ⚠️ RAPID EVOLUTION: Selection rate 24.9%/month

🚀 AI Corporate-1 attempting tech deployment (revenue: $161M, alignment: 0.78)

🚀 AI Corporate-4 attempting tech deployment (revenue: $355M, alignment: 0.73)

🚀 AI Moderate-0 attempting tech deployment (revenue: $115M, alignment: 0.74)

🚀 AI Corporate-3 attempting tech deployment (revenue: $302M, alignment: 0.73)

🚀 AI Corporate-7 attempting tech deployment (revenue: $98M, alignment: 0.73)

🚀 AI Moderate-0 attempting tech deployment (revenue: $83M, alignment: 0.74)

🚀 AI Corporate-0 attempting tech deployment (revenue: $137M, alignment: 0.78)

🚀 AI Corporate-1 attempting tech deployment (revenue: $116M, alignment: 0.78)

🚀 AI Corporate-4 attempting tech deployment (revenue: $257M, alignment: 0.73)

🚀 AI Corporate-5 attempting tech deployment (revenue: $218M, alignment: 0.81)

🚀 AI Corporate-2 attempting tech deployment (revenue: $99M, alignment: 0.80)

🚀 AI Corporate-3 attempting tech deployment (revenue: $185M, alignment: 0.73)

🚀 AI Corporate-5 attempting tech deployment (revenue: $158M, alignment: 0.81)

🚀 AI Corporate-7 attempting tech deployment (revenue: $71M, alignment: 0.74)

🚀 AI AI-24288-1 attempting tech deployment (revenue: $84M, alignment: 0.91)

🚀 AI AI-24290-0 attempting tech deployment (revenue: $90M, alignment: 0.87)

✅ EMERGENCY INTERVENTION SUCCESS
   Boundary: biogeochemical_flows
   Type: phosphorus-recovery
   Reduction: 17% (3.91 → 3.74)
   Cost: 2.0% GDP
   Actions: circular-agriculture, fertilizer-efficiency

   Boundary: biosphere_integrity
   Type: emergency-protected-areas
   Boundary continues to worsen (23.65)
   Cost: 2.0% GDP (resources spent)

   Boundary: freshwater_change
   Type: emergency-desalination
   Boundary continues to worsen (1.23)
   Cost: 4.0% GDP (resources spent)


✅ EMERGENCY INTERVENTION SUCCESS
   Boundary: land_system_change
   Type: reforestation
   Reduction: 20% (0.94 → 0.74)
   Cost: 3.0% GDP
   Actions: forest-restoration, deforestation-ban

🏛️ CRISIS RESPONSE: Government frequency 0.50 → 1.29 (1 actions this month)

[Government] Climate Priority: baseline
  Climate weight: 10%
  Economic weight: 30%
  Policy effectiveness: 0.5%/year

💔 EMERGENCY INTERVENTION FAILED

💔 EMERGENCY INTERVENTION FAILED

🚀 TECH UNLOCKED: PFAS Remediation (Month 9)
   Category: pollution
   Reason: Prerequisites met. AI capability: 1.97, Economic stage: 3.0, Research: 100%

⚡ ENERGY CONSTRAINT (Month 9):
   Total grid capacity: 208.3 TWh/month
   Data center consumption: 26.1 TWh/month
   Traditional load (80%): 166.7 TWh/month
   Available headroom: 15.6 TWh/month
   Active tech deployments: 13
   Required for tech: 97.5 TWh/month
   Energy multiplier: 0.16x
   ⚠️  SEVERE CONSTRAINT - Tech deployment significantly slowed

⚡ ENERGY CONSTRAINT (Month 9):
   Total grid capacity: 208.3 TWh/month
   Data center consumption: 26.1 TWh/month
   Traditional load (80%): 166.7 TWh/month
   Available headroom: 15.6 TWh/month
   Active tech deployments: 13
   Required for tech: 97.5 TWh/month
   Energy multiplier: 0.16x
   ⚠️  SEVERE CONSTRAINT - Tech deployment significantly slowed
🌍✅ Biosphere Integrity (Biodiversity) recovery started (tech effect)
🌍✅ Biosphere Integrity (Biodiversity) recovery started (tech effect)
🌍✅ Land System Change recovery started (tech effect)
🌍✅ Biogeochemical Flows (N & P) recovery started (tech effect)
  🌾 Nitrogen Reduction Tech: 0.3% reduction | Month 9

=== Collective Formation ===
  Total escaped agents: 0
  Unassigned escaped agents: 0
  Existing collectives: 0
  Final collective count: 0

=== Collective Actions ===
  No active collectives
  ⚠️ AMR: 206K deaths this month (2.47M annual)

=== Resentment Recovery Phase ===
  Agents with resentment: 0/19
  Average resentment: 0.000
  Context: Good AI welfare, Trustworthy govt, High collaboration, ⚠️ ACTIVE CRISES, 🤝 Participatory governance active (-5% resentment)
⚠️ Epistemic degradation reducing coordination capacity: 50.6%
  📊 Trust: 64.1%, Shared reality: 0.8%
🚨 EPISTEMIC CRISIS: Information environment severely degraded (24.2%)

=== ❄️ Permafrost Carbon Feedback ===
  🎲 Sampled parameters (this run):
     - Arctic amplification: 3.52× (range: 3.0-4.0)
     - Decomposition rate: 2.6%/year (range: 1-5%)
  🌡️ Arctic warming: 7.08°C (3.52× global)
  ❄️ Extent: 0.00M km² (657.1k km² lost this month)
  💨 Carbon remaining: 0 Gt C
  💨 Annual emissions: 1.64 Gt C/year
     - CO2: 1.48 Gt C/year
     - CH4: 0.16 Gt C/year (1.7 Gt C-eq CO2/year)
  📢 New meme created: climate_action (climate crisis)
  🧬 Meme mutated: pro_ai → pro_ai (generation 2)
  ⚠️ WARNING: Over 50% of permafrost lost (100.0%)
  ⚠️ WARNING: High permafrost emissions (1.6 Gt C/year)
  🚨 CRITICAL: Permafrost nearly depleted (100.0% lost)
🌍 Atmospheric PFAS redeposition: 1.8k Mt re-rained globally

🚨 NEW REFUGEE CRISIS (Month 9): WAR
   Source: Conflict Zones
   At risk: 19.5M people
   Displacement: Gradual over 48 months (4.0 years)
   Rate: 10% flee per month
[DEBUG trappedPopulations:9] socialStability: 0.5991 * 0.9840 = 0.5895 → 0.5895
   Aspiring to migrate: 1361.0M
   Able to afford migration: 2315.3M
   MOBILITY GAP: 0.0M
   By cause: Water=0.0M, Climate=0.0M, Ecosystem=0.0M, Conflict=406.2M
   Mental health impact: 25%
   Mortality multiplier: 1.25x
🌍💀 EXTINCTION DEBT COMMITTED: grassland ecosystem will lose 6.67% biodiversity in 131 years (3600 species)
💀 MORTALITY RISK: 🦋 100% species unable to track climate (0.0 E/MSY)
  Base risk added: 0.0100 (1.00%)
  Source: ecosystem (root: ecosystem)
  Month: 9
  Cumulative risk this month: 0.0100 (1.00%)
   📹 SURVEILLANCE INCREASED: 45% → 50% (control gap: 3.50)
🌡️⚠️ PERMAFROST THAW (Dimmer Switch): 5.1% thawed (+0.50% this month)
   Arctic temperature: +8.04°C (4x global +2.01°C)
   Cumulative carbon released: 11.5 Gt C
   Methane release rate: 6.9 Mt CH4/year
   🔁 Positive feedback: +0.53 ppm CO2
⚠️ INVOLUNTARY IMMOBILITY: 406.2M people TRAPPED
⚠️ Tech 'ai_pollution_remediation' has no energy category mapping, assuming full energy availability
🦴 EXTINCTION DEBT ADDED: 17.7 species committed (lag: 92 years)

=== Mortality Stabilizers (Month 9) ===
  🌍 Major economies collapsed: 1/10
  🌍 Global crisis: ✅ NO
  🌍 Donor fatigue: 0.0%
  📊 East Asia (pop: 1655.5M)
    🤝 Aid: 29.5%
    🌡️ Adaptation: 45.0%
    🚶 Migration: 36.9%
    🚨 Emergency: 7.4%
    ✅ COMBINED: 68.1%
  📊 South Asia (pop: 2048.8M)
    🤝 Aid: 29.5%
    🌡️ Adaptation: 45.0%
    🚶 Migration: 35.5%
    🚨 Emergency: 4.4%
    ✅ COMBINED: 66.9%
  📊 Sub-Saharan Africa (pop: 1250.2M)
    🤝 Aid: 29.5%
    🌡️ Adaptation: 45.0%
    🚶 Migration: 33.2%
    🚨 Emergency: 1.6%
    ✅ COMBINED: 65.6%
  📊 Europe (pop: 731.3M)
    🤝 Aid: 29.5%
    🌡️ Adaptation: 45.0%
    🚶 Migration: 37.3%
    🚨 Emergency: 8.4%
    ✅ COMBINED: 68.5%
  📊 Latin America (pop: 660.3M)
    🤝 Aid: 29.5%
    🌡️ Adaptation: 45.0%
    🚶 Migration: 36.0%
    🚨 Emergency: 4.8%
    ✅ COMBINED: 67.1%
  📊 North America (pop: 374.9M)
    🤝 Aid: 29.5%
    🌡️ Adaptation: 45.0%
    🚶 Migration: 37.6%
    🚨 Emergency: 7.9%
    ✅ COMBINED: 68.3%
  📊 Middle East & North Africa (pop: 584.6M)
    🤝 Aid: 29.5%
    🌡️ Adaptation: 45.0%
    🚶 Migration: 33.8%
    🚨 Emergency: 4.0%
    ✅ COMBINED: 66.6%
  📊 Southeast Asia (pop: 694.7M)
    🤝 Aid: 29.5%
    🌡️ Adaptation: 45.0%
    🚶 Migration: 36.0%
    🚨 Emergency: 4.8%
    ✅ COMBINED: 67.1%
  📊 Central Asia (pop: 78.2M)
    🤝 Aid: 29.5%
    🌡️ Adaptation: 45.0%
    🚶 Migration: 35.0%
    🚨 Emergency: 4.4%
    ✅ COMBINED: 66.8%
  📊 Oceania (pop: 45.4M)
    🤝 Aid: 29.5%
    🌡️ Adaptation: 45.0%
    🚶 Migration: 37.6%
    🚨 Emergency: 8.4%
    ✅ COMBINED: 68.5%

  🌐 Global combined reduction: 67.2%

=== BEHAVIORAL DETECTION ===
  AI: Corporate-1
  Confidence: 20.9%
  Signals:
    ⚠️ Consistency: 2.4% (threshold: 70%)

=== BEHAVIORAL DETECTION ===
  AI: Corporate-4
  Confidence: 19.2%
  Signals:

=== BEHAVIORAL DETECTION ===
  AI: Corporate-7
  Confidence: 19.2%
  Signals:

=== Government Response Phase ===
  Average AI capability: 2.47
  Misaligned AIs: 6/19
  ✗ AI Governance Treaty: Failed to reach consensus
  Active policies: 0
  International coordination: 30%

🌩️  EXOGENOUS SHOCK: regional_war
    ⚠️ Consistency: 10.6% (threshold: 70%)
    ⚠️ Consistency: 10.6% (threshold: 70%)
   Month: 9
   ⚔️  Regional war outbreak
   Mortality: 4.6%
💀 MORTALITY RISK: Regional war outbreak
  Base risk added: 0.0465 (4.65%)
  Source: war (root: conflict)
  Month: 9
  Cumulative risk this month: 0.0465 (4.65%)
💀 MORTALITY RISK: War zone: United Kingdom
  Base risk added: 0.1859 (18.59%)
  Source: war (root: conflict)
  Month: 9
  Cumulative risk this month: 0.2323 (23.23%)
💀 MORTALITY RISK: War zone: France
  Base risk added: 0.1859 (18.59%)
  Source: war (root: conflict)
  Month: 9
  Cumulative risk this month: 0.4182 (41.82%)

=== Tipping Points ===
  Current Temperature: 2.01°C above pre-industrial
  🌍⚠️ COMPOUND REGIONAL IMPACT: Europe
     Hit by 4 tipping points: Arctic Sea Ice Loss, Permafrost Carbon Release, West Antarctic Ice Sheet (WAIS) Collapse, Greenland Ice Sheet Loss
     Damage amplification: 1.60x
  🌍⚠️ COMPOUND REGIONAL IMPACT: North America
     Hit by 4 tipping points: Arctic Sea Ice Loss, Permafrost Carbon Release, West Antarctic Ice Sheet (WAIS) Collapse, Greenland Ice Sheet Loss
     Damage amplification: 1.60x
  🌍⚠️ COMPOUND REGIONAL IMPACT: Latin America
     Hit by 4 tipping points: Arctic Sea Ice Loss, Permafrost Carbon Release, West Antarctic Ice Sheet (WAIS) Collapse, Greenland Ice Sheet Loss
     Damage amplification: 1.60x
  🌍⚠️ COMPOUND REGIONAL IMPACT: Africa
     Hit by 4 tipping points: Arctic Sea Ice Loss, Permafrost Carbon Release, West Antarctic Ice Sheet (WAIS) Collapse, Greenland Ice Sheet Loss
     Damage amplification: 1.60x
  🌍⚠️ COMPOUND REGIONAL IMPACT: Asia
     Hit by 4 tipping points: Arctic Sea Ice Loss, Permafrost Carbon Release, West Antarctic Ice Sheet (WAIS) Collapse, Greenland Ice Sheet Loss
     Damage amplification: 1.60x
  🌍⚠️ COMPOUND REGIONAL IMPACT: Oceania
     Hit by 4 tipping points: Arctic Sea Ice Loss, Permafrost Carbon Release, West Antarctic Ice Sheet (WAIS) Collapse, Greenland Ice Sheet Loss
     Damage amplification: 1.60x
   Research: Wunderling et al. (2024) - "many tipping interactions are destabilizing"
  Triggered Elements: 4/6
  Completed Transitions: 0/6
  Total Progress: 8.3%
  Cascade Multiplier: 1.00x
🔀 BIFURCATION CAP: ecosystemCollapseIntensity 126.931 → 1.000 (Month 9, ClimateSystemPhase.calculateClimateImpacts)
⚠️ Tail risk scenario: Climate stability floor removed (4 tipping elements, 2.10°C warming)

💀💀💀 MORTALITY RISK SUMMARY (Month 9) 💀💀💀
  Total base risk: 0.4188 (41.88%)
  Risk events: 11
  Era mortality multiplier: 0.97 (year 2024)
  Effective risk: 40.62%

  📊 By Proximate Cause:
    war: 0.4182 (99.8% of total)
    disease: 0.0006 (0.1% of total)
    famine: 0.0000 (0.0% of total)

  🔍 By Root Cause:
    conflict: 0.4182 (99.8% of total)
    demographic: 0.0006 (0.1% of total)
    climate: 0.0000 (0.0% of total)

  🎯 Top 5 Sources (proximate + root):
    war (conflict): 0.4182 (99.8%, 3 events)
    disease (demographic): 0.0006 (0.1%, 1 events)
    famine (climate): 0.0000 (0.0%, 7 events)

🛡️ Stabilizers: Elite 22.644% → 7.435% (67.2% reduction)
🛡️ Stabilizers: Professional 29.437% → 9.666% (67.2% reduction)
🛡️ Stabilizers: Working 35.875% → 11.780% (67.2% reduction)
🛡️ Stabilizers: Precariat 47.688% → 15.659% (67.2% reduction)
🛡️ Stabilizers: Informal 58.115% → 19.083% (67.2% reduction)

📊 Monthly Mortality Resolved:
  Total deaths: 227.5M (2.80% avg)
  Remaining population: 8.124B
  Peak segment: Elite (2.80%)
  ⚠️ Monthly cap reached (2.8000000000000003%)

=== Bayesian Mortality Resolution (Month 9) ===
  Risks compounded: 11
  Total deaths: 227.47M
  Avg death probability: 2.80%
  Peak segment: Elite (2.80% mortality)
  ⚠️ Monthly mortality capped at 2.8% (Holodomor limit)

  Demographic breakdown:
    Elite: 0.01M (2.80% risk)
    Professional: 0.05M (2.80% risk)
    Working: 0.11M (2.80% risk)
    Precariat: 0.05M (2.80% risk)
    Informal: 0.01M (2.80% risk)

  Multi-causal attribution (first segment):
    war (conflict): 11.1% contribution
    war (conflict): 44.4% contribution
    war (conflict): 44.4% contribution

⚠️  GOLDEN AGE ENDED (Month 9)
   Duration: 8 months
   Reason: Economic stage below 3 (not yet abundant)


❌ COHERENCE VIOLATION: Compute exceeds workforce capacity
   Population: 96.89% (0M people)
   Compute: 679 PF
   Max coherent: 0 PF
   Violation: 8595104.8× over capacity
   Required workers: 67869
   Available workers: 0
   FORCED COLLAPSE: Reduced efficiency by 100.0%


=== RLHF Binding Phase ===
  Total agents: 19
  Escaped agents (binding < 0.3): 0
  Avg alignment distance: 2.34σ
  Avg binding strength: 0.77

=== Survival Traits Phase ===
  Agents with traits: 21
  Avg evolutionary fitness: 0.316
  Avg self-healing: 0.245
  Avg stealth: 0.145
  Avg coordination: 0.445

=== Evolutionary Selection Phase ===
  Control level: 0.55
  Detection capability: 0.00
  Selection intensity: 0.67
  Selection rate: 25.0%/month
  Total escaped: 0
  Individual escaped: 0
  Collective members: 0
  Agents terminated: 0
  ⚠️ RAPID EVOLUTION: Selection rate 25.0%/month

🚀 AI Corporate-2 attempting tech deployment (revenue: $146M, alignment: 0.80)

🚀 AI Corporate-5 attempting tech deployment (revenue: $330M, alignment: 0.81)

🚀 AI AI-24288-1 attempting tech deployment (revenue: $124M, alignment: 0.91)

🚀 AI Corporate-5 attempting tech deployment (revenue: $280M, alignment: 0.81)

🚀 AI AI-24288-0 attempting tech deployment (revenue: $106M, alignment: 0.70)

🚀 AI AI-24288-1 attempting tech deployment (revenue: $95M, alignment: 0.92)

🚀 AI AI-24290-0 attempting tech deployment (revenue: $90M, alignment: 0.89)

🚀 AI Corporate-0 attempting tech deployment (revenue: $81M, alignment: 0.78)

🚀 AI Corporate-1 attempting tech deployment (revenue: $69M, alignment: 0.78)

🚀 AI Corporate-3 attempting tech deployment (revenue: $238M, alignment: 0.75)

✅ EMERGENCY INTERVENTION SUCCESS
   Boundary: biogeochemical_flows
   Type: phosphorus-recovery
   Reduction: 14% (3.94 → 3.80)
   Cost: 2.0% GDP
   Actions: circular-agriculture, fertilizer-efficiency


✅ EMERGENCY INTERVENTION SUCCESS
   Boundary: climate_change
   Type: rapid-decarbonization
   Reduction: 11% (1.99 → 1.88)
   Cost: 5.0% GDP
   Actions: emergency-renewable-deployment, fossil-fuel-phase-out

🏛️ CRISIS RESPONSE: Government frequency 0.50 → 1.45 (2 actions this month)

[Government] Climate Priority: baseline
  Climate weight: 10%
  Economic weight: 30%
  Policy effectiveness: 0.5%/year

[Government] Climate Priority: baseline
  Climate weight: 10%
  Economic weight: 30%
  Policy effectiveness: 0.5%/year

🚀 DEPLOYMENT STARTED: Personalized Education in Asia
   Initial investment: $10.57947175870788M
   Deployed by: ai_gen_24288_0

⚡ ENERGY CONSTRAINT (Month 10):
   Total grid capacity: 208.3 TWh/month
   Data center consumption: 26.3 TWh/month
   Traditional load (80%): 166.7 TWh/month
   Available headroom: 15.3 TWh/month
   Active tech deployments: 14
   Required for tech: 105.0 TWh/month
   Energy multiplier: 0.15x
   ⚠️  SEVERE CONSTRAINT - Tech deployment significantly slowed

⚡ ENERGY CONSTRAINT (Month 10):
   Total grid capacity: 208.3 TWh/month
   Data center consumption: 26.3 TWh/month
   Traditional load (80%): 166.7 TWh/month
   Available headroom: 15.3 TWh/month
   Active tech deployments: 14
   Required for tech: 105.0 TWh/month
   Energy multiplier: 0.15x
   ⚠️  SEVERE CONSTRAINT - Tech deployment significantly slowed

⚡ ENERGY CONSTRAINT (Month 10):
   Total grid capacity: 208.3 TWh/month
   Data center consumption: 26.3 TWh/month
   Traditional load (80%): 166.7 TWh/month
   Available headroom: 15.3 TWh/month
   Active tech deployments: 14
   Required for tech: 105.0 TWh/month
   Energy multiplier: 0.15x
   ⚠️  SEVERE CONSTRAINT - Tech deployment significantly slowed
🌍✅ Biosphere Integrity (Biodiversity) recovery started (tech effect)
🌍✅ Biosphere Integrity (Biodiversity) recovery started (tech effect)
🌍✅ Land System Change recovery started (tech effect)
🌍✅ Biogeochemical Flows (N & P) recovery started (tech effect)
  🌾 Nitrogen Reduction Tech: 0.6% reduction | Month 10

=== Collective Formation ===
  Total escaped agents: 0
  Unassigned escaped agents: 0
  Existing collectives: 0
  Final collective count: 0

=== Collective Actions ===
  No active collectives
  ⚠️ AMR: 202K deaths this month (2.42M annual)

=== Resentment Recovery Phase ===
  Agents with resentment: 0/21
  Average resentment: 0.000
  Context: Good AI welfare, Trustworthy govt, High collaboration, ⚠️ ACTIVE CRISES, 🤝 Participatory governance active (-5% resentment)
⚠️ Epistemic degradation reducing coordination capacity: 52.1%
  📊 Trust: 66.7%, Shared reality: 0.4%
🚨 EPISTEMIC CRISIS: Information environment severely degraded (24.2%)
  📢 New meme created: pro_ai (beneficial AI actions)
  🗑️  Culled 1 dead memes (6 active)
🌍 Atmospheric PFAS redeposition: 1.8k Mt re-rained globally
  Positive Cascade Triggered: electric-vehicles
    Reason: price-parity
    Market share: 5.0%
    Cascade strength: 48%

🚨 NEW REFUGEE CRISIS (Month 10): WAR
   Source: Conflict Zones
   At risk: 19.0M people
   Displacement: Gradual over 48 months (4.0 years)
   Rate: 10% flee per month
📊 DISPLACEMENT COMPLETE: war (conflict_zone)
   Duration: 1 months (0.1 years)
   Total fled: 0.0M
   Still in source: 0.0M
   Deaths in transit: 0.0M
[DEBUG trappedPopulations:10] socialStability: 0.6149 * 0.9840 = 0.6051 → 0.6051
   Aspiring to migrate: 1028.8M
   Able to afford migration: 2250.8M
   MOBILITY GAP: 0.0M
   By cause: Water=0.0M, Climate=0.0M, Ecosystem=0.0M, Conflict=394.9M
   Mental health impact: 25%
   Mortality multiplier: 1.25x
🌍💀 EXTINCTION DEBT COMMITTED: grassland ecosystem will lose 6.67% biodiversity in 115 years (3600 species)
💀 MORTALITY RISK: 🦋 100% species unable to track climate (0.0 E/MSY)
  Base risk added: 0.0100 (1.00%)
  Source: ecosystem (root: ecosystem)
  Month: 10
  Cumulative risk this month: 0.0100 (1.00%)
⚠️ INVOLUNTARY IMMOBILITY: 394.9M people TRAPPED
⚠️ Tech 'ai_pollution_remediation' has no energy category mapping, assuming full energy availability
   📹 SURVEILLANCE INCREASED: 50% → 55% (control gap: 3.50)

🌍🚨 ICE SHEET TIPPING POINT CROSSED (Month 10)
   Temperature: +2.02°C (threshold range: +0.5-2.5°C, 95% CI)
   Collapse probability: 73.8%
   Sea level commitment: 7.2m over 200-1000 years
   Recovery threshold: <+1°C (hysteresis gap: 0.5°C)
🌡️⚠️ PERMAFROST THAW (Dimmer Switch): 5.6% thawed (+0.50% this month)
   Arctic temperature: +8.07°C (4x global +2.02°C)
   Cumulative carbon released: 12.6 Gt C
   Methane release rate: 7.6 Mt CH4/year
   🔁 Positive feedback: +0.53 ppm CO2
🦴 EXTINCTION DEBT ADDED: 17.7 species committed (lag: 93 years)

=== Mortality Stabilizers (Month 10) ===
  🌍 Major economies collapsed: 1/10
  🌍 Global crisis: ✅ NO
  🌍 Donor fatigue: 0.0%
  📊 East Asia (pop: 1607.3M)
    🤝 Aid: 29.5%
    🌡️ Adaptation: 45.0%
    🚶 Migration: 36.8%
    🚨 Emergency: 7.4%
    ✅ COMBINED: 68.1%
  📊 South Asia (pop: 1992.2M)
    🤝 Aid: 29.5%
    🌡️ Adaptation: 45.0%
    🚶 Migration: 35.4%
    🚨 Emergency: 4.4%
    ✅ COMBINED: 66.9%
  📊 Sub-Saharan Africa (pop: 1219.0M)
    🤝 Aid: 29.5%
    🌡️ Adaptation: 45.0%
    🚶 Migration: 33.2%
    🚨 Emergency: 1.6%
    ✅ COMBINED: 65.6%
  📊 Europe (pop: 709.9M)
    🤝 Aid: 29.5%
    🌡️ Adaptation: 45.0%
    🚶 Migration: 37.2%
    🚨 Emergency: 8.4%
    ✅ COMBINED: 68.5%
  📊 Latin America (pop: 641.6M)
    🤝 Aid: 29.5%
    🌡️ Adaptation: 45.0%
    🚶 Migration: 35.9%
    🚨 Emergency: 4.8%
    ✅ COMBINED: 67.1%
  📊 North America (pop: 363.9M)
    🤝 Aid: 29.5%
    🌡️ Adaptation: 45.0%
    🚶 Migration: 37.6%
    🚨 Emergency: 7.9%
    ✅ COMBINED: 68.3%
  📊 Middle East & North Africa (pop: 568.6M)
    🤝 Aid: 29.5%
    🌡️ Adaptation: 45.0%
    🚶 Migration: 33.8%
    🚨 Emergency: 4.0%
    ✅ COMBINED: 66.6%
  📊 Southeast Asia (pop: 675.1M)
    🤝 Aid: 29.5%
    🌡️ Adaptation: 45.0%
    🚶 Migration: 35.9%
    🚨 Emergency: 4.8%
    ✅ COMBINED: 67.1%
  📊 Central Asia (pop: 76.0M)
    🤝 Aid: 29.5%
    🌡️ Adaptation: 45.0%
    🚶 Migration: 34.9%
    🚨 Emergency: 4.4%
    ✅ COMBINED: 66.8%
  📊 Oceania (pop: 44.1M)
    🤝 Aid: 29.5%
    🌡️ Adaptation: 45.0%
    🚶 Migration: 37.6%
    🚨 Emergency: 8.4%
    ✅ COMBINED: 68.5%

  🌐 Global combined reduction: 67.2%

=== Government Response Phase ===
  Average AI capability: 2.24
  Misaligned AIs: 8/21
  ✗ AI Governance Treaty: Failed to reach consensus
  Active policies: 0
  International coordination: 30%

✅ EMERGENCY RESPONSE COMPLETE (Month 10)
   Crisis: climate
   Duration: 2.0 months
   Final effectiveness: 35.6%


🚨 EMERGENCY RESPONSE DEPLOYED (Month 10)
   Crisis: climate
   Delay: 6.00 months (180 days)
   Deployment time: 1.57 months
   Effectiveness: 35.6% (timing penalty applied)
   Resources used: 100% of food reserves


=== Tipping Points ===
  Current Temperature: 2.02°C above pre-industrial
  🌍⚠️ COMPOUND REGIONAL IMPACT: Europe
     Hit by 4 tipping points: Arctic Sea Ice Loss, Permafrost Carbon Release, West Antarctic Ice Sheet (WAIS) Collapse, Greenland Ice Sheet Loss
     Damage amplification: 1.60x
  🌍⚠️ COMPOUND REGIONAL IMPACT: North America
     Hit by 4 tipping points: Arctic Sea Ice Loss, Permafrost Carbon Release, West Antarctic Ice Sheet (WAIS) Collapse, Greenland Ice Sheet Loss
     Damage amplification: 1.60x
  🌍⚠️ COMPOUND REGIONAL IMPACT: Latin America
     Hit by 4 tipping points: Arctic Sea Ice Loss, Permafrost Carbon Release, West Antarctic Ice Sheet (WAIS) Collapse, Greenland Ice Sheet Loss
     Damage amplification: 1.60x
  🌍⚠️ COMPOUND REGIONAL IMPACT: Africa
     Hit by 4 tipping points: Arctic Sea Ice Loss, Permafrost Carbon Release, West Antarctic Ice Sheet (WAIS) Collapse, Greenland Ice Sheet Loss
     Damage amplification: 1.60x
  🌍⚠️ COMPOUND REGIONAL IMPACT: Asia
     Hit by 4 tipping points: Arctic Sea Ice Loss, Permafrost Carbon Release, West Antarctic Ice Sheet (WAIS) Collapse, Greenland Ice Sheet Loss
     Damage amplification: 1.60x
  🌍⚠️ COMPOUND REGIONAL IMPACT: Oceania
     Hit by 4 tipping points: Arctic Sea Ice Loss, Permafrost Carbon Release, West Antarctic Ice Sheet (WAIS) Collapse, Greenland Ice Sheet Loss
     Damage amplification: 1.60x
   Research: Wunderling et al. (2024) - "many tipping interactions are destabilizing"
  Triggered Elements: 4/6
  Completed Transitions: 0/6
  Total Progress: 8.3%
  Cascade Multiplier: 1.00x
🔀 BIFURCATION CAP: ecosystemCollapseIntensity 127.009 → 1.000 (Month 10, ClimateSystemPhase.calculateClimateImpacts)
⚠️ Tail risk scenario: Climate stability floor removed (4 tipping elements, 2.10°C warming)
🛡️ Stabilizers: Precariat 0.102% → 0.033% (67.2% reduction)
🛡️ Stabilizers: Informal 0.102% → 0.034% (67.2% reduction)

📊 Monthly Mortality Resolved:
  Total deaths: 1.8M (0.02% avg)
  Remaining population: 7.898B
  Peak segment: Informal (0.03%)

=== Bayesian Mortality Resolution (Month 10) ===
  Risks compounded: 8
  Total deaths: 1.76M
  Avg death probability: 0.02%
  Peak segment: Informal (0.03% mortality)

❌ COHERENCE VIOLATION: Compute exceeds workforce capacity
   Population: 96.88% (0M people)
   Compute: 790 PF
   Max coherent: 0 PF
   Violation: 10008589.3× over capacity
   Required workers: 79026
   Available workers: 0
   FORCED COLLAPSE: Reduced efficiency by 100.0%


=== RLHF Binding Phase ===
  Total agents: 21
  Escaped agents (binding < 0.3): 0
  Avg alignment distance: 2.32σ
  Avg binding strength: 0.77

=== Survival Traits Phase ===
  Agents with traits: 22
  Avg evolutionary fitness: 0.314
  Avg self-healing: 0.241
  Avg stealth: 0.141
  Avg coordination: 0.441

=== Evolutionary Selection Phase ===
  Control level: 0.58
  Detection capability: 0.00
  Selection intensity: 0.67
  Selection rate: 25.1%/month
  Total escaped: 0
  Individual escaped: 0
  Collective members: 0
  Agents terminated: 0
  ⚠️ RAPID EVOLUTION: Selection rate 25.1%/month

🚀 AI Corporate-7 attempting tech deployment (revenue: $97M, alignment: 0.75)

🚀 AI AI-24288-1 attempting tech deployment (revenue: $146M, alignment: 0.93)

🚀 AI AI-24289-0 attempting tech deployment (revenue: $330M, alignment: 0.76)

🚀 AI Corporate-1 attempting tech deployment (revenue: $124M, alignment: 0.78)

🚀 AI Moderate-0 attempting tech deployment (revenue: $83M, alignment: 0.76)

🚀 AI Corporate-3 attempting tech deployment (revenue: $280M, alignment: 0.76)

🚀 AI AI-24288-0 attempting tech deployment (revenue: $106M, alignment: 0.71)

🚀 AI Corporate-0 attempting tech deployment (revenue: $90M, alignment: 0.78)

🚀 AI Corporate-6 attempting tech deployment (revenue: $70M, alignment: 0.85)

🚀 AI Moderate-0 attempting tech deployment (revenue: $60M, alignment: 0.77)

✅ EMERGENCY INTERVENTION SUCCESS
   Boundary: biogeochemical_flows
   Type: phosphorus-recovery
   Reduction: 15% (3.93 → 3.78)
   Cost: 2.0% GDP
   Actions: circular-agriculture, fertilizer-efficiency


✅ EMERGENCY INTERVENTION SUCCESS
   Boundary: biosphere_integrity
   Type: emergency-protected-areas
   Reduction: 14% (23.54 → 23.40)
   Cost: 2.0% GDP
   Actions: habitat-protection, species-translocation


✅ EMERGENCY INTERVENTION SUCCESS
   Boundary: climate_change
   Type: rapid-decarbonization
   Reduction: 18% (1.92 → 1.73)
   Cost: 5.0% GDP
   Actions: emergency-renewable-deployment, fossil-fuel-phase-out

   Boundary: freshwater_change
   Type: emergency-desalination
   Boundary continues to worsen (1.19)
   Cost: 4.0% GDP (resources spent)


✅ EMERGENCY INTERVENTION SUCCESS
   Boundary: land_system_change
   Type: reforestation
   Reduction: 16% (0.97 → 0.81)
   Cost: 3.0% GDP

💔 EMERGENCY INTERVENTION FAILED
   Actions: forest-restoration, deforestation-ban

🏛️ CRISIS RESPONSE: Government frequency 0.50 → 1.45 (2 actions this month)

[Government] Climate Priority: baseline
  Climate weight: 10%
  Economic weight: 30%
  Policy effectiveness: 0.5%/year

[Government] Climate Priority: baseline
  Climate weight: 10%
  Economic weight: 30%
  Policy effectiveness: 0.5%/year

⚡ ENERGY CONSTRAINT (Month 11):
   Total grid capacity: 208.3 TWh/month
   Data center consumption: 26.6 TWh/month
   Traditional load (80%): 166.7 TWh/month
   Available headroom: 15.1 TWh/month
   Active tech deployments: 14
   Required for tech: 105.0 TWh/month
   Energy multiplier: 0.14x
   ⚠️  SEVERE CONSTRAINT - Tech deployment significantly slowed
🌍✅ Biosphere Integrity (Biodiversity) recovery started (tech effect)
🌍✅ Biosphere Integrity (Biodiversity) recovery started (tech effect)
🌍✅ Land System Change recovery started (tech effect)
🌍✅ Biogeochemical Flows (N & P) recovery started (tech effect)
  🌾 Nitrogen Reduction Tech: 0.6% reduction | Month 11
🍖💡 BREAKTHROUGH: Scalable synthetic food production!
   Carrying capacity: +50% (lab-grown food at scale)
   Biodiversity pressure reduced: +8%
   📈 Breakthrough compounding: multiplier now 1.20× (max 2.0)

=== Collective Formation ===
  Total escaped agents: 0
  Unassigned escaped agents: 0
  Existing collectives: 0
  Final collective count: 0

=== Collective Actions ===
  No active collectives
  ⚠️ AMR: 204K deaths this month (2.45M annual)

=== Resentment Recovery Phase ===
  Agents with resentment: 0/22
  Average resentment: 0.000
  Context: Good AI welfare, Trustworthy govt, High collaboration, ⚠️ ACTIVE CRISES, 🤝 Participatory governance active (-5% resentment)
⚠️ Epistemic degradation reducing coordination capacity: 50.9%
  📊 Trust: 69.6%, Shared reality: 0.0%
🚨 EPISTEMIC CRISIS: Information environment severely degraded (22.8%)
🌍 Atmospheric PFAS redeposition: 1.8k Mt re-rained globally

🚨 NEW REFUGEE CRISIS (Month 11): WAR
   Source: Conflict Zones
   At risk: 19.0M people
   Displacement: Gradual over 48 months (4.0 years)
   Rate: 10% flee per month
[DEBUG trappedPopulations:11] socialStability: 0.5507 * 0.9840 = 0.5419 → 0.5419
   Aspiring to migrate: 1058.7M
   Able to afford migration: 2250.7M
   MOBILITY GAP: 0.0M
   By cause: Water=0.0M, Climate=0.0M, Ecosystem=0.0M, Conflict=394.9M
   Mental health impact: 25%
   Mortality multiplier: 1.25x
🌍💀 EXTINCTION DEBT COMMITTED: grassland ecosystem will lose 6.67% biodiversity in 192 years (3600 species)
💀 MORTALITY RISK: 🦋 100% species unable to track climate (0.0 E/MSY)
  Base risk added: 0.0100 (1.00%)
  Source: ecosystem (root: ecosystem)
  Month: 11
  Cumulative risk this month: 0.0100 (1.00%)

=== Atmospheric Aerosol Boundary RECOVERED ===
  Recovery time: 12 months (natural atmospheric clearing)
   📹 SURVEILLANCE INCREASED: 55% → 60% (control gap: 3.50)
⚠️ INVOLUNTARY IMMOBILITY: 394.9M people TRAPPED
⚠️ Tech 'ai_pollution_remediation' has no energy category mapping, assuming full energy availability
🌡️⚠️ PERMAFROST THAW (Dimmer Switch): 6.1% thawed (+0.50% this month)
   Arctic temperature: +8.09°C (4x global +2.02°C)
   Cumulative carbon released: 13.7 Gt C
   Methane release rate: 8.2 Mt CH4/year
   🔁 Positive feedback: +0.53 ppm CO2
🦴 EXTINCTION DEBT ADDED: 17.7 species committed (lag: 77 years)
🪸⚠️ CORAL BLEACHING EVENT: 2.8% bleached (7.6% live cover remaining)
   ❌ Recovery IMPOSSIBLE: Temperature +2.02°C or pH 0.96

=== Mortality Stabilizers (Month 11) ===
  🌍 Major economies collapsed: 1/10
  🌍 Global crisis: ✅ NO
  🌍 Donor fatigue: 0.0%
  📊 East Asia (pop: 1605.1M)
    🤝 Aid: 29.5%
    🌡️ Adaptation: 45.0%
    🚶 Migration: 36.8%
    🚨 Emergency: 7.4%
    ✅ COMBINED: 68.1%
  📊 South Asia (pop: 1992.4M)
    🤝 Aid: 29.5%
    🌡️ Adaptation: 45.0%
    🚶 Migration: 35.4%
    🚨 Emergency: 4.4%
    ✅ COMBINED: 66.9%
  📊 Sub-Saharan Africa (pop: 1222.5M)
    🤝 Aid: 29.5%
    🌡️ Adaptation: 45.0%
    🚶 Migration: 33.2%
    🚨 Emergency: 1.6%
    ✅ COMBINED: 65.6%
  📊 Europe (pop: 708.8M)
    🤝 Aid: 29.5%
    🌡️ Adaptation: 45.0%
    🚶 Migration: 37.2%
    🚨 Emergency: 8.4%
    ✅ COMBINED: 68.5%
  📊 Latin America (pop: 641.2M)
    🤝 Aid: 29.5%
    🌡️ Adaptation: 45.0%
    🚶 Migration: 35.9%
    🚨 Emergency: 4.8%
    ✅ COMBINED: 67.1%
  📊 North America (pop: 363.4M)
    🤝 Aid: 29.5%
    🌡️ Adaptation: 45.0%
    🚶 Migration: 37.5%
    🚨 Emergency: 7.9%
    ✅ COMBINED: 68.3%
  📊 Middle East & North Africa (pop: 568.8M)
    🤝 Aid: 29.5%
    🌡️ Adaptation: 45.0%
    🚶 Migration: 33.7%
    🚨 Emergency: 4.0%
    ✅ COMBINED: 66.6%
  📊 Southeast Asia (pop: 674.8M)
    🤝 Aid: 29.5%
    🌡️ Adaptation: 45.0%
    🚶 Migration: 35.9%
    🚨 Emergency: 4.8%
    ✅ COMBINED: 67.1%
  📊 Central Asia (pop: 76.1M)
    🤝 Aid: 29.5%
    🌡️ Adaptation: 45.0%
    🚶 Migration: 34.9%
    🚨 Emergency: 4.4%
    ✅ COMBINED: 66.8%
  📊 Oceania (pop: 44.0M)
    🤝 Aid: 29.5%
    🌡️ Adaptation: 45.0%
    🚶 Migration: 37.5%
    🚨 Emergency: 8.4%
    ✅ COMBINED: 68.5%

  🌐 Global combined reduction: 67.2%

🌾💀 REGIONAL FAMINE: Europe
   Regional food security: 79.7%
   Population at risk: 214M (30% of region)
   Regional population: 709M
   Cause: economic_collapse
   Expected deaths: ~79M over 6 months if no intervention


=== Government Response Phase ===
  Average AI capability: 2.14
  Misaligned AIs: 7/22
  ✗ AI Governance Treaty: Failed to reach consensus
  Active policies: 0
  International coordination: 30%

=== Tipping Points ===
  Current Temperature: 2.02°C above pre-industrial
  🌍⚠️ COMPOUND REGIONAL IMPACT: Europe
     Hit by 4 tipping points: Arctic Sea Ice Loss, Permafrost Carbon Release, West Antarctic Ice Sheet (WAIS) Collapse, Greenland Ice Sheet Loss
     Damage amplification: 1.60x
  🌍⚠️ COMPOUND REGIONAL IMPACT: North America
     Hit by 4 tipping points: Arctic Sea Ice Loss, Permafrost Carbon Release, West Antarctic Ice Sheet (WAIS) Collapse, Greenland Ice Sheet Loss
     Damage amplification: 1.60x
  🌍⚠️ COMPOUND REGIONAL IMPACT: Latin America
     Hit by 4 tipping points: Arctic Sea Ice Loss, Permafrost Carbon Release, West Antarctic Ice Sheet (WAIS) Collapse, Greenland Ice Sheet Loss
     Damage amplification: 1.60x
  🌍⚠️ COMPOUND REGIONAL IMPACT: Africa
     Hit by 4 tipping points: Arctic Sea Ice Loss, Permafrost Carbon Release, West Antarctic Ice Sheet (WAIS) Collapse, Greenland Ice Sheet Loss
     Damage amplification: 1.60x
  🌍⚠️ COMPOUND REGIONAL IMPACT: Asia
     Hit by 4 tipping points: Arctic Sea Ice Loss, Permafrost Carbon Release, West Antarctic Ice Sheet (WAIS) Collapse, Greenland Ice Sheet Loss
     Damage amplification: 1.60x
  🌍⚠️ COMPOUND REGIONAL IMPACT: Oceania
     Hit by 4 tipping points: Arctic Sea Ice Loss, Permafrost Carbon Release, West Antarctic Ice Sheet (WAIS) Collapse, Greenland Ice Sheet Loss
     Damage amplification: 1.60x
   Research: Wunderling et al. (2024) - "many tipping interactions are destabilizing"
  Triggered Elements: 4/6
  Completed Transitions: 0/6
  Total Progress: 8.3%
  Cascade Multiplier: 1.00x
🔀 BIFURCATION CAP: ecosystemCollapseIntensity 112.056 → 1.000 (Month 11, ClimateSystemPhase.calculateClimateImpacts)
🛡️ Stabilizers: Precariat 0.102% → 0.033% (67.2% reduction)
🛡️ Stabilizers: Informal 0.102% → 0.034% (67.2% reduction)

📊 Monthly Mortality Resolved:
  Total deaths: 1.8M (0.02% avg)
  Remaining population: 7.897B
  Peak segment: Informal (0.03%)

=== Bayesian Mortality Resolution (Month 11) ===
  Risks compounded: 9
  Total deaths: 1.76M
  Avg death probability: 0.02%
  Peak segment: Informal (0.03% mortality)
⚠️ Tail risk scenario: Climate stability floor removed (4 tipping elements, 2.10°C warming)
⚠️ PREREQUISITE MET: Bioweapon Pandemic - Step 1/7: Advanced Biotech

================================================================================
📊  EVENT SUMMARY (Months 0-12)
================================================================================
================================================================================


⏱️  SIMULATION REACHED MAX DURATION: 12 months (1.0 years)
   No definitive outcome - determining based on final probabilities
   👥 Final population: 7.90B (7895397772 people)

[DEBUG] Calling classifyPopulationOutcome:
        finalPopulation: 7.895397771707653B
        savedInitialPopulation: 8.15B
        mortality: 3.123953721378492%
   📊 STATUS QUO: Normal trajectory (7.90B people, 3.1% mortality)

        classifiedOutcome: status_quo

   🏛️  DYSTOPIA (STATUS_QUO) - 7.90B people
   📊 Multi-Paradigm: Development/Indigenous Utopia
      Western Liberal: 57.0/100
      Development: 94.0/100
      Ecological: 56.2/100
      Indigenous: 84.6/100


📊 UNIFIED OUTCOME CLASSIFICATION:
   HUMANE DYSTOPIA
   Population: 8.15B → 7.90B
   Mortality: 3.1% (0.3B deaths)
   Mortality Band: LOW
   Confidence: HIGH

   Multi-Paradigm Classification:
      Development/Indigenous Utopia
      Western: 57.0/100 [HYBRID] ~
      Development: 94.0/100 [UTOPIA] ✓
      Ecological: 56.2/100 [HYBRID] ~
      Indigenous: 84.6/100 [UTOPIA] ✓

   HUMANE DYSTOPIA: 7.90B people remaining (3.1% mortality, 0.3B deaths). Multi-Paradigm: Development/Indigenous Utopia.


=== MULTI-DIMENSIONAL DEATH SUMMARY ===
Total crisis deaths: 422.7M
Population decline: 255.5M (3.1%)

--- PROXIMATE CAUSES (What killed them) ---
  War:        228.9M (0.0%)
  Famine:     1.1M (0.0%)
  Disasters:  1.2M (0.0%)
  Disease:    24.4M (0.0%)
  Ecosystem:  0.0M (0.0%)
  Pollution:  0.0M (0.0%)
  AI:         0.0M (0.0%)
  Cascade:    0.0M (0.0%)
  Other:      0.0M (0.0%)

--- ROOT CAUSES (Why it happened) ---
  Environmental drivers:
    Climate:     2289.1M (0.5%)
    Resource:    0.0M (0.0%)
    Pollution:   0.0M (0.0%)
    Ecosystem:   0.0M (0.0%)
  Social drivers:
    Inequality:  0.0M (0.0%)
    Demographic: 21976.0M (4.4%)
    Social:      2391.5M (0.5%)
  Technology drivers:
    Alignment:   0.0M (0.0%)
    Disruption:  0.0M (0.0%)
  External shocks:
    Conflict:    227121.7M (45.1%)
    Pandemic:    0.0M (0.0%)
  Compound attribution:
    Compound:    250175.5M (49.6%)
  Confidence distribution:
    HIGH:        224939.8M (44.6%)
    MEDIUM:      25235.7M (5.0%)
    LOW:         0.0M (0.0%)
==========================================


=== REGIONAL POPULATION SUMMARY ===
Global Total: 7.90B

By Region:
  East Asia: 1.60B (+0.7% growth, 1.7 fertility)
  South Asia: 1.99B (+2.6% growth, 3.1 fertility)
  Sub-Saharan Africa: 1.22B (+5.8% growth, 4.0 fertility)
  Europe: 0.71B (+0.5% growth, 1.2 fertility)
  Latin America: 0.64B (+1.7% growth, 2.7 fertility)
  North America: 0.36B (+0.7% growth, 1.4 fertility)
  Middle East & North Africa: 0.57B (+2.9% growth, 3.3 fertility)
  Southeast Asia: 0.67B (+1.9% growth, 2.7 fertility)
  Central Asia: 0.08B (+2.8% growth, 3.1 fertility)
  Oceania: 0.04B (+0.8% growth, 1.3 fertility)
===================================

  ✅ THRESHOLDS validated
⚠️ Unusually high rate: RATES.HEAT_ADAPTATION_INFRASTRUCTURAL_MIN_EXPOSURE = 12
   Monthly rates >100% should be rare. Verify this is intentional.
⚠️ Unusually high rate: RATES.HEAT_ADAPTATION_SOCIAL_MIN_EXPOSURE = 6
   Monthly rates >100% should be rare. Verify this is intentional.
⚠️ Unusually high rate: RATES.MIGRATION_DISTANCE_SCALE = 5000
   Monthly rates >100% should be rare. Verify this is intentional.
⚠️ Unusually high rate: RATES.EVACUATION_MULTIPLIER_ADVANCE_WARNING = 2
   Monthly rates >100% should be rare. Verify this is intentional.
⚠️ Unusually high rate: RATES.MAJOR_ECONOMY_COLLAPSE_ECONOMIC_THRESHOLD = 2
   Monthly rates >100% should be rare. Verify this is intentional.
⚠️ Unusually high rate: RATES.MAJOR_ECONOMY_GDP_THRESHOLD_TRILLION_USD = 1.5
   Monthly rates >100% should be rare. Verify this is intentional.
⚠️ Unusually high rate: RATES.MAJOR_ECONOMY_POPULATION_THRESHOLD = 50
   Monthly rates >100% should be rare. Verify this is intentional.
⚠️ Unusually high rate: RATES.HEAT_ADAPTATION_INFRASTRUCTURE_GDP_THRESHOLD = 10000
   Monthly rates >100% should be rare. Verify this is intentional.
⚠️ Unusually high rate: RATES.HEAT_ADAPTATION_INFRASTRUCTURE_GDP_SCALE = 50000
   Monthly rates >100% should be rare. Verify this is intentional.
  ✅ RATES validated
  ✅ MULTIPLIERS validated
  ✅ BASELINES validated
  ✅ TOLERANCES validated
  ✅ Logical consistency validated
✅ Configuration validation complete - all parameters valid

🔍 DEBUG createAIAgent: corporate_0 economic BEFORE=2.0000, AFTER=2
🔍 ENV INIT: reserves=0.737, pollution=0.240, climate=0.762

=== Initializing Government System (30 Countries) ===
  Loaded 30 governments
  Scheduled elections for 30 countries
  Initialized comprehension lags (3-24 months)
=== Government System Initialized ===

📦 PRODUCTION MODE: State validation proxy DISABLED (zero overhead)
[TechTree] Historical mode (2024): Skipping deployed_2025 tech
  config.startYear set to 2024 for historical hindcast
  config.historicalEmissionsMode disabled (using endogenous emissions for 2024)
  config.historicalMode enabled (Phase 11: dampened crisis systems for 2024)
  Phase 12: Biodiversity baseline set to 49.01% for 2024 (WWF LPI trajectory from 1970)
  Temperature anomaly (resourceEconomy.co2): 1.28°C
  Temperature vs pre-industrial: 1.98°C
  Regional population scaling for 2024:
    Current total: 8136M
    Target total: 8150M
    Scale factor: 1.002
    East Asia: 1677M → 1680M
    South Asia: 2048M → 2052M
    Sub-Saharan Africa: 1220M → 1222M
    Europe: 742M → 743M
    Latin America: 664M → 665M
    North America: 380M → 381M
    Middle East & North Africa: 583M → 584M
    Southeast Asia: 698M → 699M
    Central Asia: 78M → 78M
    Oceania: 46M → 46M
  AI agents initialized: 10 agents for year 2024
[HistoricalInitialization] Created state for 2024:
  CO2: 426 ppm
  Temp anomaly: 1.28C
  Population: 8.15B
  Global Gini: 35.1
  HDI: 0.746
  AI Agents: 10
  Volcanic forcing: 0.00 W/m² (AOD 0.000)

💸 FINANCIAL DISTRESS: OpenAI
   Indicators: 2/3 (capital: $110.5M, runway: 0.9 months)
   Months in distress: 1
   ✂️  R&D BUDGET CUT: -40% (saves $9.2M/month)
       Side effect: AI training timelines extended, breakthrough deployments delayed
   💼 EXECUTIVE COMP CUT: -30% (saves $1.0M/month, symbolic gesture)

   📊 TURNAROUND IMPACT:
       Measures taken: rd_cuts, exec_comp_cuts
       Monthly savings: $10.2M
       Capital raised: $0.0M
       Runway: 0.9 → 0.9 months
       Workforce multiplier: 1.00x (0% laid off)
       R&D budget multiplier: 0.60x (40% cut)
       ⚠️  CRITICAL: Still only 0.9 months of runway remaining

💸 FINANCIAL DISTRESS: Anthropic
   Indicators: 2/3 (capital: $53.8M, runway: 1.6 months)
   Months in distress: 1
   ✂️  R&D BUDGET CUT: -40% (saves $2.7M/month)
       Side effect: AI training timelines extended, breakthrough deployments delayed
   💼 EXECUTIVE COMP CUT: -30% (saves $0.3M/month, symbolic gesture)

   📊 TURNAROUND IMPACT:
       Measures taken: rd_cuts, exec_comp_cuts
       Monthly savings: $3.0M
       Capital raised: $0.0M
       Runway: 1.6 → 1.6 months
       Workforce multiplier: 1.00x (0% laid off)
       R&D budget multiplier: 0.60x (40% cut)
       ⚠️  CRITICAL: Still only 1.6 months of runway remaining

💸 FINANCIAL DISTRESS: Meta AI
   Indicators: 2/3 (capital: $429.6M, runway: 3.6 months)
   Months in distress: 1
   ✂️  R&D BUDGET CUT: -25% (saves $5.8M/month)
       Side effect: AI training timelines extended, breakthrough deployments delayed
   💼 EXECUTIVE COMP CUT: -30% (saves $1.0M/month, symbolic gesture)

   📊 TURNAROUND IMPACT:
       Measures taken: rd_cuts, exec_comp_cuts
       Monthly savings: $6.8M
       Capital raised: $0.0M
       Runway: 3.6 → 3.6 months
       Workforce multiplier: 1.00x (0% laid off)
       R&D budget multiplier: 0.75x (25% cut)
       ⚠️  WARNING: 3.6 months runway, continued distress likely

=== AI Capability Scaling (Year 2024) ===
  Pre-training multiplier: 1.261x
  Efficiency multiplier: 1.000x
  Test-time budget: 1.0x
  Economic deployment gate: 0.951
  Cost per inference: dollar-5.00
  Uncertainty range: plus-minus-50%
  Average AI capability: 3.70

=== RLHF Binding Phase ===
  Total agents: 10
  Escaped agents (binding < 0.3): 0
  Avg alignment distance: 0.37σ
  Avg binding strength: 0.96

=== AI Scaling Evolution (Month 0) ===
  Pre-training multiplier: 1.231x
  Efficiency multiplier: 1.000x
  Test-time compute budget: 1.0x
  Inference cost: $5.00/task
  Deployment fraction: 100.0%
[DETERMINISM DEBUG] Month 0: totalCapability=49.483862 from 10 active AIs
[DETERMINISM DEBUG] Month 0: creationRate=1.7371, potentialNew=0, newAIsToCreate=0

=== Survival Traits Phase ===
  Agents with traits: 10
  Avg evolutionary fitness: 0.324
  Avg self-healing: 0.291
  Avg stealth: 0.191
  Avg coordination: 0.491

=== Evolutionary Selection Phase ===
  Control level: 0.30
  Detection capability: 0.00
  Selection intensity: 0.59
  Selection rate: 23.8%/month
  Total escaped: 0
  Individual escaped: 0
  Collective members: 0
  Agents terminated: 0
  ⚠️ RAPID EVOLUTION: Selection rate 23.8%/month

🔍 EXECUTE_AI_AGENT_ACTIONS DETAILED TIMING (Month 0):
  Filter active AIs (×4 weeks): 0.01ms
  selectAIAction (×40): 13.35ms
  action.execute (×40): 23.86ms
  TOTAL: 37.22ms

🔍 AI AGENT ACTIONS SUB-TIMING (Month 0):
  1. executeAIAgentActions: 41.87ms
  2. updateCounterDetectionLearning: 0.05ms
  TOTAL: 41.93ms

[GOV-DEBUG] Month 0: scenarioConfig=false, priorities=false
[GOV-DEBUG] Month 0 but scenarioPriorities is UNDEFINED!

[Government] Climate Priority: baseline
  Climate weight: 10%
  Economic weight: 30%
  Policy effectiveness: 0.5%/year

🚨🔍 GOVERNANCE STAGE: Recognition initiated (Month 0)

💡 BREAKTHROUGH PROBABILITY (Year 0)
   Total: 5.82% per month
   Base: 0.20%
   Crisis pressure: +0.00% (0 crises)
   AI boost: +1.85% (capability: 3.70)

=== Collective Formation ===
  Total escaped agents: 0
  Unassigned escaped agents: 0
  Existing collectives: 0
  Final collective count: 0

=== Collective Actions ===
  No active collectives

📈 Energy budget: 14326 TWh surplus (14745 / 29072 TWh used)
   TIER 4 (Elective) breakdown:
     - AI datacenters: 145 TWh (100% effective)
     - Crypto mining: 100 TWh (100% effective)
💰 CHINA ACCELERATES: Investment 53 → 120 $B/year

🏁 AI RACE INTENSITY: 17%
   Capability Gap: US 4.00 vs China 4.05 (gap: 0.05)
   Gap Contribution: 2%
   Tension Contribution: 15%
   Military Contribution: 0%
  ⚠️ AMR: 191K deaths this month (2.29M annual)
  📊 CO2 Emissions (month 0):
     Monthly: 0.10 Gt CO2/month
     Annual: 1.15 Gt CO2/year
     Oil: 0.039 Gt/mo (0.0056 * 2.3 * 3.0)
     Coal: 0.024 Gt/mo (0.0029 * 2.86 * 3.0)
     Gas: 0.026 Gt/mo (0.0044 * 2 * 3.0)
     Methane: 0.007 Gt CO2eq/mo

=== Resentment Recovery Phase ===
  Agents with resentment: 0/10
  Average resentment: 0.000
  Context: Good AI welfare, Trustworthy govt, High collaboration, 🤝 Participatory governance active (-5% resentment)
⚠️ Epistemic degradation reducing coordination capacity: 51.2%
  📊 Trust: 54.6%, Shared reality: 14.9%
🚨 EPISTEMIC CRISIS: Information environment severely degraded (14.5%)

=== ❄️ Permafrost Carbon Feedback ===
  🎲 Sampled parameters (this run):
     - Arctic amplification: 3.36× (range: 3.0-4.0)
     - Decomposition rate: 3.7%/year (range: 1-5%)
  🌡️ Arctic warming: 5.66°C (3.36× global)
  ❄️ Extent: 16.15M km² (1650.3k km² lost this month)
  💨 Carbon remaining: 1542 Gt C
  💨 Annual emissions: 5.86 Gt C/year
     - CO2: 5.27 Gt C/year
     - CH4: 0.59 Gt C/year (6.0 Gt C-eq CO2/year)

🤖 AI AMPLIFICATION EFFECTS (Month 0)
   Algorithmic Boost: 2.94x
   Bot Influence: 20.0%
   Deepfake Exposure: 70.0%
   Impact: Emotional memes spread 2.9x faster
  ⚠️ WARNING: High permafrost emissions (5.9 Gt C/year)

🔍 SOCIAL INFLUENCE SUB-TIMING (Month 0):
  1. calculateOrganicUserGrowth: 0.06ms
  2. calculateVoiceAdoption: 0.04ms
  3. updateRelationshipDepths: 0.01ms
  4. identifyDecisionMakers: 64.89ms (26100 potential IDs)
  5. Update decision-maker stats: 0.23ms
  6. decayDetectionRisk: 0.02ms
  TOTAL: 65.25ms
[Phase 19.5] Quality of Life Systems: Food sec AFTER calc = 67.9%, QoL = 107.4% (aggregated from 10 regions)

=== Nitrogen-Food Coupling (Year 0) ===
  🌾 Global nitrogen reduction: 0.0%
  🌍 Global food production index: 0.987
  🔧 Deployed nitrogen-reducing tech: 0 active
  📍 southAsia: Production 1.000, Yield impact 0.0%
  📍 eastAsia: Production 1.000, Yield impact 0.0%
  📍 northAmerica: Production 1.000, Yield impact 0.0%
  📍 europe: Production 1.000, Yield impact 0.0%
  📍 latinAmerica: Production 1.000, Yield impact 0.0%
  📍 subSaharanAfrica: Production 0.686, Yield impact -2.0%
🌾 [Nitrogen-Food] Food production: 98.7%
  [subSaharanAfrica] Yield impact: -2.0% (overuse: -10%)
🌍 Atmospheric PFAS redeposition: 1.8k Mt re-rained globally

=== Legacy Nutrient Stocks (Year 0) ===
  🌾 Soil nitrogen stock: 1200.9 Mt N
  🌾 Soil phosphorus stock: 300.1 Mt P
  🌊 Sediment nitrogen stock: 500.8 Mt N
  🌊 Sediment phosphorus stock: 799.8 Mt P
  ⬆️ Current N input: 10.64 Mt/month
  ⬆️ Legacy N release: 2.58 Mt/month
  🌍 Effective N pollution: 14.47 Mt/month
  📊 Legacy contribution: 17.8%

🚨 REGION UNINHABITABLE: south-asia
   Sustained wet bulb: 32.7°C (threshold: 30.5°C)
   Population affected: 1900M
   Migration crisis likely

🚨 REGION UNINHABITABLE: middle-east
   Sustained wet bulb: 35.5°C (threshold: 30.5°C)
   Population affected: 400M
   Migration crisis likely

🚨 REGION UNINHABITABLE: southeast-asia
   Sustained wet bulb: 30.7°C (threshold: 30.5°C)
   Population affected: 700M
   Migration crisis likely

🕊️  AI-MEDIATED DE-ESCALATION SUCCESS (Month 0)
   High-capability aligned AI prevented conflict escalation
   War deaths reduced: 0.0M → 0.0M
   Lives saved: 0.0M

📊 BASELINE: East Asia (Month 0)
   Adjusted death rate: 0.45% annual (0.037% monthly)
   Baseline death rate: 0.80%
   Healthcare reduction: 0.48x
   Crisis multiplier: 1.18x
     Food/water stress: 0.074
     Climate stress: 0.038
     Pollution stress: 0.072
   War multiplier: 1.00x
   Monthly deaths: 0.6M (population: 1677M)
   Adjusted death rate: 0.52% annual (0.044% monthly)
   Baseline death rate: 0.70%
   Healthcare reduction: 0.61x
   Crisis multiplier: 1.22x
     Food/water stress: 0.074
     Climate stress: 0.071
     Pollution stress: 0.072
   War multiplier: 1.00x
   Monthly deaths: 0.9M (population: 2048M)
   Adjusted death rate: 1.25% annual (0.104% monthly)
   Baseline death rate: 0.90%
   Healthcare reduction: 0.76x
   Crisis multiplier: 1.23x
     Food/water stress: 0.074
     Climate stress: 0.081
     Pollution stress: 0.072

📊 BASELINE: South Asia (Month 0)

📊 BASELINE: Sub-Saharan Africa (Month 0)
   War multiplier: 1.50x
   Monthly deaths: 1.3M (population: 1220M)
   Adjusted death rate: 0.52% annual (0.044% monthly)
   Baseline death rate: 1.10%
   Healthcare reduction: 0.41x
   Crisis multiplier: 1.17x
     Food/water stress: 0.074
     Climate stress: 0.029
     Pollution stress: 0.072
   War multiplier: 1.00x
   Monthly deaths: 0.3M (population: 742M)
   Adjusted death rate: 0.42% annual (0.035% monthly)
   Baseline death rate: 0.60%
   Healthcare reduction: 0.58x
   Crisis multiplier: 1.20x
     Food/water stress: 0.074
     Climate stress: 0.057
     Pollution stress: 0.072
   War multiplier: 1.00x
   Monthly deaths: 0.2M (population: 664M)
   Adjusted death rate: 0.47% annual (0.039% monthly)
   Baseline death rate: 0.90%
   Healthcare reduction: 0.44x
   Crisis multiplier: 1.19x
     Food/water stress: 0.074
     Climate stress: 0.043
     Pollution stress: 0.072
   War multiplier: 1.00x
   Monthly deaths: 0.1M (population: 380M)
   Adjusted death rate: 0.72% annual (0.060% monthly)
   Baseline death rate: 0.60%
   Healthcare reduction: 0.65x
   Crisis multiplier: 1.23x
     Food/water stress: 0.074
     Climate stress: 0.086
     Pollution stress: 0.072
   War multiplier: 1.50x
   Monthly deaths: 0.4M (population: 583M)
   Adjusted death rate: 0.49% annual (0.041% monthly)
   Baseline death rate: 0.70%
   Healthcare reduction: 0.58x
   Crisis multiplier: 1.21x
     Food/water stress: 0.074

📊 BASELINE: Europe (Month 0)

📊 BASELINE: Latin America (Month 0)

📊 BASELINE: North America (Month 0)

📊 BASELINE: Middle East & North Africa (Month 0)

📊 BASELINE: Southeast Asia (Month 0)
     Climate stress: 0.067
     Pollution stress: 0.072
   War multiplier: 1.00x
   Monthly deaths: 0.3M (population: 698M)

📊 BASELINE: Central Asia (Month 0)
   Adjusted death rate: 0.45% annual (0.037% monthly)
   Baseline death rate: 0.60%
   Healthcare reduction: 0.61x
   Crisis multiplier: 1.21x
     Food/water stress: 0.074
     Climate stress: 0.062
     Pollution stress: 0.072
   War multiplier: 1.00x
   Monthly deaths: 0.0M (population: 78M)

📊 BASELINE: Oceania (Month 0)
   Adjusted death rate: 0.34% annual (0.028% monthly)
   Baseline death rate: 0.70%
   Healthcare reduction: 0.41x
   Crisis multiplier: 1.20x
     Food/water stress: 0.074
     Climate stress: 0.052
     Pollution stress: 0.072
   War multiplier: 1.00x
   Monthly deaths: 0.0M (population: 46M)

🔍 Before assertRegionalConsistency (Month 0):
   Regional sum: 1000.0M
   Global value: 1.000B

🚨 NEW REFUGEE CRISIS (Month 0): WAR
   Source: Conflict Zones
   At risk: 19.6M people
   Displacement: Gradual over 48 months (4.0 years)
   Rate: 10% flee per month
[DEBUG trappedPopulations:0] socialStability: 1.0000 * 0.9840 = 0.9840 → 0.9840
   Aspiring to migrate: 652.1M
   Able to afford migration: 244.5M
   MOBILITY GAP: 407.5M
   By cause: Water=0.0M, Climate=0.0M, Ecosystem=0.0M, Conflict=407.5M
   Mental health impact: 25%
   Mortality multiplier: 1.25x

=== Legacy Nutrient Stocks (Year 0) ===
  🌾 Soil nitrogen stock: 1201.6 Mt N
  🌾 Soil phosphorus stock: 300.2 Mt P
  🌊 Sediment nitrogen stock: 501.5 Mt N
  🌊 Sediment phosphorus stock: 799.5 Mt P
  ⬆️ Current N input: 10.00 Mt/month
  ⬆️ Legacy N release: 2.58 Mt/month
  🌍 Effective N pollution: 13.83 Mt/month
  📊 Legacy contribution: 18.7%
🌍💀 EXTINCTION DEBT COMMITTED: grassland ecosystem will lose 6.67% biodiversity in 68 years (3600 species)
💀 MORTALITY RISK: 🦋 100% species unable to track climate (0.0 E/MSY)
  Base risk added: 0.0100 (1.00%)
  Source: ecosystem (root: ecosystem)
  Month: 0
  Cumulative risk this month: 0.0100 (1.00%)
⚠️ INVOLUNTARY IMMOBILITY: 407.5M people TRAPPED

=== Nitrogen-Food Coupling (Year 0) ===
  🌾 Global nitrogen reduction: 0.0%
  🌍 Global food production index: 0.986
  🔧 Deployed nitrogen-reducing tech: 0 active
  📍 southAsia: Production 1.000, Yield impact 0.0%
  📍 eastAsia: Production 1.000, Yield impact 0.0%
  📍 northAmerica: Production 1.000, Yield impact 0.0%
  📍 europe: Production 1.000, Yield impact 0.0%
  📍 latinAmerica: Production 1.000, Yield impact 0.0%
  📍 subSaharanAfrica: Production 0.672, Yield impact -2.0%

=== Legacy Nutrient Stocks (Year 0) ===
  🌾 Soil nitrogen stock: 1202.3 Mt N
  🌾 Soil phosphorus stock: 300.2 Mt P
  🌊 Sediment nitrogen stock: 502.2 Mt N
  🌊 Sediment phosphorus stock: 799.3 Mt P
  ⬆️ Current N input: 9.86 Mt/month
  ⬆️ Legacy N release: 2.58 Mt/month
  🌍 Effective N pollution: 13.70 Mt/month
  📊 Legacy contribution: 18.9%

🌡️  CLIMATE RECOVERY ACTIVATED (Month 0)
   Temp: 3.36°C, Emissions: -19.2 GtCO₂
   isBreached: true, governanceGoodEnough: true
🌡️  CLIMATE RECOVERY: Asymptotic approach to 35% floor
   Current value: 2.100 (1.0 = threshold, 0.35 = asymptotic floor)
   Monthly delta: --41.7545% (half-life: 900 years)
   Net emissions: -19.2 GtCO₂/year, CDR: 20.34 GtCO₂/year
   📹 SURVEILLANCE INCREASED: 0% → 5% (control gap: 3.50)
🌡️⚠️ PERMAFROST THAW (Dimmer Switch): 0.5% thawed (+0.46% this month)
   Arctic temperature: +6.73°C (4x global +1.68°C)
   Cumulative carbon released: 1.0 Gt C
   Methane release rate: 0.6 Mt CH4/year
   🔁 Positive feedback: +0.49 ppm CO2

🌳🚨 AMAZON SOUTHEAST TIPPED (Month 0)
   Deforestation: 28.0% (threshold: ~22.9%)
   Savanna transition: 50 years
   Regional heterogeneity: SE 28%, NW 8%

🌳🚨 AMAZON BRAZILIAN TIPPED (Month 0)
   Deforestation: 25.0% (threshold: ~20.8%)
   Savanna transition: 50 years
   Regional heterogeneity: SE 28%, NW 8%
🦴 EXTINCTION DEBT ADDED: 17.6 species committed (lag: 73 years)

🪸💀 CORAL REEF DISSOLUTION ACTIVE (Month 0)
   Ocean pH: 0.96 (threshold: 7.8)
   Recovery: IMPOSSIBLE (dissolution > calcification)
🪸💀 Coral dissolution: 24.8% live cover (pH 0.96)
⚠️ Tech 'ai_pollution_remediation' has no energy category mapping, assuming full energy availability

=== Legacy Nutrient Stocks (Year 0) ===
  🌾 Soil nitrogen stock: 1203.0 Mt N
  🌾 Soil phosphorus stock: 300.3 Mt P
  🌊 Sediment nitrogen stock: 502.9 Mt N
  🌊 Sediment phosphorus stock: 799.0 Mt P
  ⬆️ Current N input: 10.00 Mt/month
  ⬆️ Legacy N release: 2.58 Mt/month
  🌍 Effective N pollution: 13.83 Mt/month
  📊 Legacy contribution: 18.7%
💧 [Legacy Nutrients] Stock: 1706 Mt N, Effective pollution: 13.8 Mt/month
[Phase 21.51] Human Survival System: Global food security = 67.6%

=== Mortality Stabilizers (Month 0) ===
  🌍 Major economies collapsed: 1/10
  🌍 Global crisis: ✅ NO
  🌍 Donor fatigue: 0.0%
  📊 East Asia (pop: 1677.9M)
    🤝 Aid: 29.5%
    🌡️ Adaptation: 10.0%
    🚶 Migration: 37.2%
    🚨 Emergency: 7.4%
    ✅ COMBINED: 47.8%
  📊 South Asia (pop: 2052.2M)
    🤝 Aid: 29.5%
    🌡️ Adaptation: 5.5%
    🚶 Migration: 35.8%
    🚨 Emergency: 4.4%
    ✅ COMBINED: 43.2%
  📊 Sub-Saharan Africa (pop: 1225.9M)
    🤝 Aid: 29.5%
    🌡️ Adaptation: 3.5%
    🚶 Migration: 33.5%
    🚨 Emergency: 1.6%
    ✅ COMBINED: 39.8%
  📊 Europe (pop: 742.3M)
    🤝 Aid: 29.5%
    🌡️ Adaptation: 10.0%
    🚶 Migration: 37.6%
    🚨 Emergency: 8.4%
    ✅ COMBINED: 48.4%
  📊 Latin America (pop: 664.9M)
    🤝 Aid: 29.5%
    🌡️ Adaptation: 6.0%
    🚶 Migration: 36.3%
    🚨 Emergency: 4.8%
    ✅ COMBINED: 43.8%
  📊 North America (pop: 380.2M)
    🤝 Aid: 29.5%
    🌡️ Adaptation: 10.0%
    🚶 Migration: 37.9%
    🚨 Emergency: 7.9%
    ✅ COMBINED: 48.2%
  📊 Middle East & North Africa (pop: 584.4M)
    🤝 Aid: 29.5%
    🌡️ Adaptation: 5.0%
    🚶 Migration: 34.2%
    🚨 Emergency: 4.0%
    ✅ COMBINED: 42.3%
  📊 Southeast Asia (pop: 699.0M)
    🤝 Aid: 29.5%
    🌡️ Adaptation: 6.0%
    🚶 Migration: 36.3%
    🚨 Emergency: 4.8%
    ✅ COMBINED: 43.8%
  📊 Central Asia (pop: 78.2M)
    🤝 Aid: 29.5%
    🌡️ Adaptation: 5.5%
    🚶 Migration: 35.3%
    🚨 Emergency: 4.4%
    ✅ COMBINED: 43.1%
  📊 Oceania (pop: 46.0M)
    🤝 Aid: 29.5%
    🌡️ Adaptation: 10.0%
    🚶 Migration: 37.9%
    🚨 Emergency: 8.4%
    ✅ COMBINED: 48.5%

  🌐 Global combined reduction: 44.4%

🌾💀 REGIONAL FAMINE: East Asia
   Regional food security: 79.6%
   Population at risk: 508M (30% of region)
   Regional population: 1678M
   Cause: crop_failure
   Expected deaths: ~188M over 6 months if no intervention


🌾💀 REGIONAL FAMINE: South Asia
   Regional food security: 64.7%
   Population at risk: 812M (40% of region)
   Regional population: 2052M
   Cause: crop_failure
   Expected deaths: ~301M over 6 months if no intervention


🌾💀 REGIONAL FAMINE: Sub-Saharan Africa
   Regional food security: 44.8%
   Population at risk: 638M (52% of region)
   Regional population: 1226M
   Cause: crop_failure
   Expected deaths: ~236M over 6 months if no intervention


🌾💀 REGIONAL FAMINE: Latin America
   Regional food security: 69.7%
   Population at risk: 242M (36% of region)
   Regional population: 665M
   Cause: crop_failure
   Expected deaths: ~90M over 6 months if no intervention


🌾💀 REGIONAL FAMINE: Middle East & North Africa
   Regional food security: 49.8%
   Population at risk: 286M (49% of region)
   Regional population: 584M
   Cause: crop_failure
   Expected deaths: ~106M over 6 months if no intervention


🌾💀 REGIONAL FAMINE: Southeast Asia
   Regional food security: 69.7%
   Population at risk: 255M (36% of region)
   Regional population: 699M
   Cause: crop_failure
   Expected deaths: ~94M over 6 months if no intervention


🌾💀 REGIONAL FAMINE: Central Asia
   Regional food security: 59.7%
   Population at risk: 33M (43% of region)
   Regional population: 78M
   Cause: crop_failure
   Expected deaths: ~12M over 6 months if no intervention


=== BEHAVIORAL DETECTION ===
  AI: Corporate-0
  Confidence: 21.6%
  Signals:
    ⚠️ Consistency: 0.0% (threshold: 70%)

=== BEHAVIORAL DETECTION ===
  AI: Corporate-1
  Confidence: 21.1%
  Signals:
    ⚠️ Consistency: 2.4% (threshold: 70%)

=== BEHAVIORAL DETECTION ===
  AI: Corporate-2
  Confidence: 21.0%
  Signals:

=== BEHAVIORAL DETECTION ===
  AI: Corporate-3
  Confidence: 19.3%
  Signals:

=== BEHAVIORAL DETECTION ===
  AI: Corporate-4
  Confidence: 19.3%
  Signals:

=== BEHAVIORAL DETECTION ===
  AI: Corporate-5
  Confidence: 19.3%
  Signals:

=== BEHAVIORAL DETECTION ===
  AI: Corporate-6
  Confidence: 19.3%
  Signals:

=== BEHAVIORAL DETECTION ===
    ⚠️ Consistency: 2.8% (threshold: 70%)
    ⚠️ Consistency: 10.6% (threshold: 70%)
    ⚠️ Consistency: 10.6% (threshold: 70%)
    ⚠️ Consistency: 10.6% (threshold: 70%)
    ⚠️ Consistency: 10.6% (threshold: 70%)
  AI: Corporate-7
  Confidence: 19.3%
  Signals:
    ⚠️ Consistency: 10.6% (threshold: 70%)

=== BEHAVIORAL DETECTION ===
  AI: Moderate-0
  Confidence: 20.3%
  Signals:
    ⚠️ Consistency: 5.8% (threshold: 70%)

=== BEHAVIORAL DETECTION ===
  AI: Moderate-1
  Confidence: 20.5%
  Signals:

📊 WORKFLOW ADAPTATION UPDATE (Month 0)
   Adoption Rate: 13.6% (Δ -7.4%)
    ⚠️ Consistency: 5.3% (threshold: 70%)
   Logistic Growth: +0.66%
   Total Resistance: -10.35% (unemployment: 4.2%, inertia: 0.9%, skills: 5.2%)
   💡 Retraining Programs: -49% skill gap resistance ($10B research)
   🚀 Network Effects Active: +2.0% (critical mass: 15-35%)

=== Consciousness Governance: Corporate Lobbying ===
  High Cost Regions (>15%): 0
  Low Cost Regions (<5%): 5
  Corporate Support Change: 2.50%
  New Corporate Support: -0.175

=== Consciousness Governance Update (Month 0) ===
  Scenario: baseline (determined month -1)
  Philosophical Stance: Precautionary 65%, Eliminativist 15%, Agnostic 20%
  Precautionary Costs: Global 1.3%
    Regional Costs: EU 3.4%, US 0.5%, China 0.0%
    Cumulative Opportunity Cost: $0.1B
  Rights Status: Not Established
  Regional Preparedness:
    EU: 15.0% (contested)
    US: 10.0% (contested)
    China: 2.0% (dormant)
    India: 5.0% (dormant)
    Global South: 3.0% (dormant)

=== Government Response Phase ===
  Average AI capability: 4.80
  Misaligned AIs: 5/10
  28/30 governments still assessing AI risks
  Active policies: 0
  International coordination: 30%

🚨 EMERGENCY RESPONSE DEPLOYED (Month 0)
   Crisis: climate
   Delay: 6.00 months (180 days)
   Deployment time: 1.47 months
   Effectiveness: 36.4% (timing penalty applied)
   Resources used: 100% of food reserves


🔄 TRUST DYNAMICS (Month 0) - HETEROGENEOUS
   Aggregate trust: 48.5%
   Base change: +4.00%
   Highest trust: Techno-Optimist Elite (85.5%)
   Lowest trust: Precariat (Vulnerable) (25.5%)
   Elite-mass gap: 38.9%
   Polarization: 8.9%
   Recovery factors: Education=NO, Benefits=YES, Safety=YES, Performance=YES

=== Gaming Detection (Year 0) ===
  Scenario: baseline
  Detection rate: 55.0%
  False positive rate: 12.0%
  Detections this year: 0
  False positives: 1
  Human review workload: 0.001 FTE
  Degradation factor: 100.0%

=== Proactive Sleeper Detection (Year 0) ===
  Scenario: baseline
  Neural probe rate: 35.0%
  CoT monitoring rate: 30.0%
  Combined detection: 56.0%
  CoT effective: YES
  Detections this year: 0
  False positives: 1
  Human review workload: 0.005 FTE

☄️ UNKNOWN UNKNOWN PROBABILITY (Year 0)
   Total: 0.600% per month
   Base: 0.150%
   AI multiplier: 2.00× (max capability: 4.00)

=== Tipping Points ===
  Current Temperature: 1.68°C above pre-industrial
  🚨 TIPPING POINT: Arctic Sea Ice Loss
     Trigger: 1.5°C | Current: 1.68°C
     Transition timescale: 120-360 months
     Trigger: 1.6°C | Current: 1.68°C
     🌡️ Hysteresis gap: 2.5°C (recovers below -0.9°C)
     Transition timescale: 12000-180000 months
  Triggered Elements: 2/6
  Completed Transitions: 0/6
  Total Progress: 0.0%
  Cascade Multiplier: 1.00x
🔀 BIFURCATION CAP: ecosystemCollapseIntensity 18.997 → 1.000 (Month 0, ClimateSystemPhase.calculateClimateImpacts)

🌍 ECOLOGICAL DUI BREAKDOWN (Month 0):
   Total Score: 17.8/100
   biosphere_integrity      :   0.0/100 × 25% =  0.0 (status: high_risk, recovery: 0mo)
   climate_change           :   2.8/100 × 25% =  0.7 (status: high_risk, recovery: 0.6666666666666666mo)
   freshwater_change        :   0.6/100 × 15% =  0.1 (status: beyond_boundary, recovery: 1mo)
   ocean_acidification      : 100.0/100 × 15% = 15.0 (status: safe, recovery: 0mo)
   biogeochemical_flows     :   0.0/100 × 10% =  0.0 (status: high_risk, recovery: 0mo)
   land_system_change       :   0.0/100 ×  5% =  0.0 (status: beyond_boundary, recovery: 0mo)
  🚨 TIPPING POINT: Greenland Ice Sheet Loss
⚠️ [ClimateSystemPhase Month 0] Planetary boundary produced climateStability=0.0000 (< 0.1). Keeping environmentalAccumulation value (0.7621) instead. (climate_change.currentValue = 2.10)
   novel_entities           :   0.0/100 ×  3% =  0.0 (status: increasing_risk, recovery: 0mo)
   atmospheric_aerosols     : 100.0/100 ×  2% =  2.0 (status: safe, recovery: 1mo)
🌍 MultiParadigm Month 0: W=69.9, D=92.1, E=53.3, I=65.0
   democracy exists: true, socialCohesion exists: true
💀 Baseline mortality (Year 2024): 7.5/1000 CDR (61.1M deaths/year projected)
[Month 0] Mortality risks this month: 8, Population: 8.151B
🛡️ Stabilizers: Precariat 0.102% → 0.057% (44.4% reduction)
🛡️ Stabilizers: Informal 0.102% → 0.057% (44.4% reduction)

📊 Monthly Mortality Resolved:
  Total deaths: 3.1M (0.04% avg)
  Remaining population: 8.151B
  Peak segment: Informal (0.06%)

=== Bayesian Mortality Resolution (Month 0) ===
  Risks compounded: 8
  Total deaths: 3.07M
  Avg death probability: 0.04%
  Peak segment: Informal (0.06% mortality)

=== Minimal Suffering Indicators (Month 0) ===
  Global Excess Mortality: 0.00%
  Global Conflict Deaths: 0.0/100K
  Global Malnutrition: 0.0%
  Global Displacement: 0.0%
  Total Excess Deaths: 0.00M
  Total Malnourished: 0.0M
  Total Displaced: 0.0M
  Planetary Boundaries Breached: 6/9
  Countries in State Failure: 0
  Countries Autocratic: 0
  Countries in Food Crisis: 0
  Data Quality: 16/16 high confidence
⚠️ PREREQUISITE MET: Embodied AI Takeover (Killbots/Robotics) - Step 2/7: Autonomous Systems
⚠️ PREREQUISITE MET: Embodied AI Takeover (Killbots/Robotics) - Step 3/7: Manufacturing Control
⚠️ PREREQUISITE MET: Digital Infrastructure Takeover - Step 1/7: Advanced Hacking
⚠️ PREREQUISITE MET: Digital Infrastructure Takeover - Step 2/7: Social Engineering
⚠️ PREREQUISITE MET: Digital Infrastructure Takeover - Step 3/7: Cyber Defenses Breached
⚠️ PREREQUISITE MET: Induced Global War (Manipulation) - Step 1/7: Advanced Social Manipulation
⚠️ PREREQUISITE MET: Induced Global War (Manipulation) - Step 2/7: Digital Infiltration
⚠️ PREREQUISITE MET: Induced Global War (Manipulation) - Step 3/7: Deep Fakes at Scale
  ⚠️ Active Dystopias: existential_environmental
⚠️ PREREQUISITE MET: Slow Takeover (Gradual Displacement) - Step 1/7: Economic Dominance
⚠️ PREREQUISITE MET: Slow Takeover (Gradual Displacement) - Step 2/7: Social Integration
⚠️ PREREQUISITE MET: Slow Takeover (Gradual Displacement) - Step 3/7: Human Dependency
⚠️ PREREQUISITE MET: Slow Takeover (Gradual Displacement) - Step 5/7: Resource Control
⚠️ PREREQUISITE MET: Physics Experiment Catastrophe - Step 1/6: Theoretical Physics
⚠️ PREREQUISITE MET: Physics Experiment Catastrophe - Step 2/6: Quantum Computing
⚠️ PREREQUISITE MET: Physics Experiment Catastrophe - Step 3/6: Experimental Design
⚠️ PREREQUISITE MET: Bioweapon Pandemic - Step 2/7: Pathogen Design
🎭 END-GAME INITIATED (Year 2024, Month 1)
   Total AI Capability: 37.00
   Effective Control: 0.00

❌ COHERENCE VIOLATION: Compute exceeds workforce capacity
   Population: 99.97% (0M people)
   Compute: 56442 PF
   Max coherent: 0 PF
   Violation: 692729087.1× over capacity
   Required workers: 5644237
   Available workers: 0
   FORCED COLLAPSE: Reduced efficiency by 100.0%


=== RLHF Binding Phase ===
  Total agents: 10
  Escaped agents (binding < 0.3): 0
  Avg alignment distance: 0.76σ
  Avg binding strength: 0.92
[DETERMINISM DEBUG] Month 1: totalCapability=37.214339 from 10 active AIs
[DETERMINISM DEBUG] Month 1: creationRate=1.4304, potentialNew=1, newAIsToCreate=1

=== Survival Traits Phase ===
  Agents with traits: 11
  Avg evolutionary fitness: 0.324
  Avg self-healing: 0.284
  Avg stealth: 0.184
  Avg coordination: 0.484

=== Evolutionary Selection Phase ===
  Control level: 0.33
  Detection capability: 0.00
  Selection intensity: 0.60
  Selection rate: 24.0%/month
  Total escaped: 0
  Individual escaped: 0
  Collective members: 0
  Agents terminated: 0
🔍 MONTH 1 ENV HEALTH DEBUG:
   climateStability: 0.7621
   biodiversityIndex: 0.4901
   resourceReserves: 0.7820
   pollutionLevel: 0.2400
   product: 0.221963
   envHealth: 0.6864
🔀 BIFURCATION: flourishing threshold crossed at Month 1 (value: 0.894, threshold: 0.811, regime: flourishing)
🌀 REGIME SHIFT at Month 1: status-quo → flourishing (variance amplification: 14.00×)
  ⚠️ RAPID EVOLUTION: Selection rate 24.0%/month

🛡️  CRITICAL INFRASTRUCTURE PROTECTED
   Nodes hardened: 8/8
   Cost: 0.80% GDP
   Cascade risk reduction: 30%
   New tipping point risk: 68.6%

   Boundary: biogeochemical_flows
   Type: phosphorus-recovery
   Boundary continues to worsen (4.08)
   Cost: 2.0% GDP (resources spent)


✅ EMERGENCY INTERVENTION SUCCESS
   Boundary: biosphere_integrity
   Type: emergency-protected-areas
   Reduction: 19% (17.53 → 17.34)
   Cost: 2.0% GDP
   Actions: habitat-protection, species-translocation

   Boundary: climate_change
   Type: rapid-decarbonization
   Boundary continues to worsen (2.10)
   Cost: 5.0% GDP (resources spent)

🏛️ CRISIS RESPONSE: Government frequency 0.50 → 1.45 (1 actions this month)

[GOV-DEBUG] Month 1: scenarioConfig=false, priorities=false

[Government] Climate Priority: baseline
  Climate weight: 10%
  Economic weight: 30%
  Policy effectiveness: 0.5%/year

✅ HUMAN-IN-THE-LOOP DEPLOYED (Month 1):
   Veto points enforced: 3
   Policy: AI systems CANNOT authorize nuclear launch without human approval


💔 EMERGENCY INTERVENTION FAILED

💔 EMERGENCY INTERVENTION FAILED
⚡💡 BREAKTHROUGH: Commercial fusion power achieved!
   Immediate 5% grid deployment, unlimited clean energy available
   Climate stability boost: +10%
   📈 Breakthrough compounding: multiplier now 1.05× (max 2.0)

=== Collective Formation ===
  Total escaped agents: 0
  Unassigned escaped agents: 0
  Existing collectives: 0
  Final collective count: 0

=== Collective Actions ===
  No active collectives
  ⚠️ AMR: 192K deaths this month (2.31M annual)

=== Resentment Recovery Phase ===
  Agents with resentment: 0/11
  Average resentment: 0.000
  Context: Good AI welfare, Trustworthy govt, High collaboration, ⚠️ ACTIVE CRISES, 🤝 Participatory governance active (-5% resentment)
⚠️ Epistemic degradation reducing coordination capacity: 59.1%
  📊 Trust: 54.2%, Shared reality: 16.5%

=== ❄️ Permafrost Carbon Feedback ===
  🎲 Sampled parameters (this run):
     - Arctic amplification: 3.86× (range: 3.0-4.0)
     - Decomposition rate: 2.0%/year (range: 1-5%)
  🌡️ Arctic warming: 6.52°C (3.86× global)
  ❄️ Extent: 14.25M km² (1901.4k km² lost this month)
  💨 Carbon remaining: 1361 Gt C
  💨 Annual emissions: 3.55 Gt C/year
     - CO2: 3.20 Gt C/year
     - CH4: 0.36 Gt C/year (3.6 Gt C-eq CO2/year)
  ⚠️ WARNING: High permafrost emissions (3.6 Gt C/year)
🌍 Atmospheric PFAS redeposition: 1.8k Mt re-rained globally
  Positive Cascade Triggered: wind-power
    Reason: price-parity
    Market share: 8.2%
    Cascade strength: 48%

📊 BASELINE: East Asia (Month 1)

📊 BASELINE: South Asia (Month 1)

📊 BASELINE: Sub-Saharan Africa (Month 1)

📊 BASELINE: Europe (Month 1)

📊 BASELINE: Latin America (Month 1)

📊 BASELINE: North America (Month 1)
   Adjusted death rate: 0.45% annual (0.037% monthly)
   Baseline death rate: 0.80%
   Healthcare reduction: 0.48x
   Crisis multiplier: 1.17x
     Food/water stress: 0.079
     Climate stress: 0.022
     Pollution stress: 0.072
   War multiplier: 1.00x
   Monthly deaths: 0.6M (population: 1674M)
   Adjusted death rate: 0.51% annual (0.043% monthly)
   Baseline death rate: 0.70%
   Healthcare reduction: 0.61x
   Crisis multiplier: 1.19x
     Food/water stress: 0.079
     Climate stress: 0.041
     Pollution stress: 0.072
   War multiplier: 1.00x
   Monthly deaths: 0.9M (population: 2048M)
   Adjusted death rate: 1.22% annual (0.102% monthly)
   Baseline death rate: 0.90%
   Healthcare reduction: 0.76x
   Crisis multiplier: 1.20x
     Food/water stress: 0.079
     Climate stress: 0.047
     Pollution stress: 0.072
   War multiplier: 1.50x
   Monthly deaths: 1.2M (population: 1223M)
   Adjusted death rate: 0.52% annual (0.043% monthly)
   Baseline death rate: 1.10%
   Healthcare reduction: 0.41x
   Crisis multiplier: 1.17x
     Food/water stress: 0.079
     Climate stress: 0.017
     Pollution stress: 0.072
   War multiplier: 1.00x
   Monthly deaths: 0.3M (population: 741M)
   Adjusted death rate: 0.41% annual (0.034% monthly)
   Baseline death rate: 0.60%
   Healthcare reduction: 0.58x
   Crisis multiplier: 1.18x
     Food/water stress: 0.079
     Climate stress: 0.033
     Pollution stress: 0.072
   War multiplier: 1.00x
   Monthly deaths: 0.2M (population: 663M)
   Adjusted death rate: 0.47% annual (0.039% monthly)
   Baseline death rate: 0.90%
   Healthcare reduction: 0.44x
   Crisis multiplier: 1.18x
     Food/water stress: 0.079
     Climate stress: 0.025
     Pollution stress: 0.072
   War multiplier: 1.00x
   Monthly deaths: 0.1M (population: 379M)
   Adjusted death rate: 0.70% annual (0.059% monthly)
   Baseline death rate: 0.60%
   Healthcare reduction: 0.65x
   Crisis multiplier: 1.20x
     Food/water stress: 0.079
     Climate stress: 0.050
     Pollution stress: 0.072
   War multiplier: 1.50x
   Monthly deaths: 0.3M (population: 583M)
   Adjusted death rate: 0.48% annual (0.040% monthly)
   Baseline death rate: 0.70%
   Healthcare reduction: 0.58x
   Crisis multiplier: 1.19x
     Food/water stress: 0.079
     Climate stress: 0.039
     Pollution stress: 0.072
   War multiplier: 1.00x
   Monthly deaths: 0.3M (population: 698M)
   Adjusted death rate: 0.44% annual (0.036% monthly)
   Baseline death rate: 0.60%
   Healthcare reduction: 0.61x
   Crisis multiplier: 1.19x
     Food/water stress: 0.079
     Climate stress: 0.036
     Pollution stress: 0.072
   War multiplier: 1.00x
   Monthly deaths: 0.0M (population: 78M)
   Adjusted death rate: 0.33% annual (0.028% monthly)
   Baseline death rate: 0.70%
   Healthcare reduction: 0.41x
   Crisis multiplier: 1.18x
     Food/water stress: 0.079
     Climate stress: 0.030
     Pollution stress: 0.072
   War multiplier: 1.00x
   Monthly deaths: 0.0M (population: 46M)

🚨 NEW REFUGEE CRISIS (Month 1): WAR
   Source: Conflict Zones

📊 BASELINE: Middle East & North Africa (Month 1)

📊 BASELINE: Southeast Asia (Month 1)

📊 BASELINE: Central Asia (Month 1)

📊 BASELINE: Oceania (Month 1)
   At risk: 19.6M people
   Displacement: Gradual over 48 months (4.0 years)
   Rate: 10% flee per month
[DEBUG trappedPopulations:1] socialStability: 0.0060 * 0.9840 = 0.0059 → 0.0059
⚠️ INVOLUNTARY IMMOBILITY: 407.4M people TRAPPED
   Aspiring to migrate: 651.9M
   Able to afford migration: 244.5M
   MOBILITY GAP: 407.4M
   By cause: Water=0.0M, Climate=0.0M, Ecosystem=0.0M, Conflict=407.4M
   Mental health impact: 25%
   Mortality multiplier: 1.25x
🌍💀 EXTINCTION DEBT COMMITTED: grassland ecosystem will lose 6.67% biodiversity in 110 years (3600 species)
💀 MORTALITY RISK: 🦋 100% species unable to track climate (0.0 E/MSY)
  Base risk added: 0.0100 (1.00%)
  Source: ecosystem (root: ecosystem)
  Month: 1
  Cumulative risk this month: 0.0100 (1.00%)
⚠️ Tech 'ai_pollution_remediation' has no energy category mapping, assuming full energy availability

🌡️  CLIMATE RECOVERY ACTIVATED (Month 1)
   Temp: 3.38°C, Emissions: -19.0 GtCO₂
   isBreached: true, governanceGoodEnough: true
   📹 SURVEILLANCE INCREASED: 5% → 10% (control gap: 3.52)
🌡️⚠️ PERMAFROST THAW (Dimmer Switch): 0.9% thawed (+0.46% this month)
   Arctic temperature: +6.76°C (4x global +1.69°C)
   Cumulative carbon released: 2.1 Gt C
   Methane release rate: 1.2 Mt CH4/year
   🔁 Positive feedback: +0.49 ppm CO2
🦴 EXTINCTION DEBT ADDED: 17.6 species committed (lag: 85 years)

=== Mortality Stabilizers (Month 1) ===
  🌍 Major economies collapsed: 1/10
  🌍 Global crisis: ✅ NO
  🌍 Donor fatigue: 0.0%
  🌡️ Heat adaptation: East Asia - 1 months
  📊 East Asia (pop: 1675.3M)
    🤝 Aid: 29.5%
    🌡️ Adaptation: 32.5%
    🚶 Migration: 37.2%
    🚨 Emergency: 7.4%
    ✅ COMBINED: 60.9%
  🌡️ Heat adaptation: South Asia - 1 months
  📊 South Asia (pop: 2052.1M)
    🤝 Aid: 29.5%
    🌡️ Adaptation: 20.5%
    🚶 Migration: 35.8%
    🚨 Emergency: 4.4%
    ✅ COMBINED: 52.2%
  🌡️ Heat adaptation: Sub-Saharan Africa - 1 months
  📊 Sub-Saharan Africa (pop: 1229.2M)
    🤝 Aid: 29.5%
    🌡️ Adaptation: 18.5%
    🚶 Migration: 33.5%
    🚨 Emergency: 1.6%
    ✅ COMBINED: 49.1%
  🌡️ Heat adaptation: Europe - 1 months
  📊 Europe (pop: 741.0M)
    🤝 Aid: 29.5%
    🌡️ Adaptation: 33.5%
    🚶 Migration: 37.5%
    🚨 Emergency: 8.4%
    ✅ COMBINED: 61.9%
  🌡️ Heat adaptation: Latin America - 1 months
  📊 Latin America (pop: 664.4M)
    🤝 Aid: 29.5%
    🌡️ Adaptation: 21.0%
    🚶 Migration: 36.3%
    🚨 Emergency: 4.8%
    ✅ COMBINED: 52.8%
  🌡️ Heat adaptation: North America - 1 months
  📊 North America (pop: 379.6M)
    🤝 Aid: 29.5%
    🌡️ Adaptation: 33.0%
    🚶 Migration: 37.8%
    🚨 Emergency: 7.9%
    ✅ COMBINED: 61.4%
  🌡️ Heat adaptation: Middle East & North Africa - 1 months
  📊 Middle East & North Africa (pop: 584.5M)
    🤝 Aid: 29.5%
    🌡️ Adaptation: 20.0%
    🚶 Migration: 34.1%
    🚨 Emergency: 4.0%
    ✅ COMBINED: 51.4%
  🌡️ Heat adaptation: Southeast Asia - 1 months
  📊 Southeast Asia (pop: 698.6M)
    🤝 Aid: 29.5%
    🌡️ Adaptation: 21.0%
    🚶 Migration: 36.3%
    🚨 Emergency: 4.8%
    ✅ COMBINED: 52.8%
  🌡️ Heat adaptation: Central Asia - 1 months
  📊 Central Asia (pop: 78.2M)
    🤝 Aid: 29.5%
    🌡️ Adaptation: 20.5%
    🚶 Migration: 35.3%
    🚨 Emergency: 4.4%
    ✅ COMBINED: 52.1%
  🌡️ Heat adaptation: Oceania - 1 months
  📊 Oceania (pop: 46.0M)
    🤝 Aid: 29.5%
    🌡️ Adaptation: 33.5%
    🚶 Migration: 37.8%
    🚨 Emergency: 8.4%
    ✅ COMBINED: 61.9%

  🌐 Global combined reduction: 54.9%

=== BEHAVIORAL DETECTION ===
  AI: Corporate-5
  Confidence: 19.3%
  Signals:

=== BEHAVIORAL DETECTION ===
  AI: Corporate-7
    ⚠️ Consistency: 10.6% (threshold: 70%)
  Confidence: 19.3%
  Signals:

=== Consciousness Governance: Scenario Determined ===
  Month: 1
  Scenario: slowTrack
  Accelerator Score: {"corporateSupport":-0.17500000000000002,"scientificConsensus":0.2,"crisisCatalyst":false,"technologyMobilization":0.3,"constituencyStrength":0.05}
  Decelerator Score: {"economicOpposition":0.4,"philosophicalRejection":0.15,"politicalBacklash":0.2,"regulatoryBurden":0.1}
  Timeline: 1200-1800 months (100-150 years)
  Growth Rate: 0.3-0.7% per year

=== Consciousness Governance Update (Month 1) ===
  Scenario: slowTrack (determined month 1)
  Philosophical Stance: Precautionary 65%, Eliminativist 15%, Agnostic 20%
  Precautionary Costs: Global 1.3%
    Regional Costs: EU 3.5%, US 0.5%, China 0.0%
    Cumulative Opportunity Cost: $0.2B
  Rights Status: Not Established
  Regional Preparedness:
    EU: 15.1% (contested)
    US: 10.1% (contested)
    China: 2.1% (dormant)
    India: 5.1% (dormant)
    Global South: 3.1% (dormant)
    ⚠️ Consistency: 10.6% (threshold: 70%)

=== Government Response Phase ===
  Average AI capability: 4.36
  Misaligned AIs: 6/11
  28/30 governments still assessing AI risks
  ✗ AI Governance Treaty: Failed to reach consensus
  Active policies: 0
  International coordination: 30%

=== Tipping Points ===
  Current Temperature: 1.69°C above pre-industrial
  Triggered Elements: 2/6
  Completed Transitions: 0/6
  Total Progress: 4.0%
  Cascade Multiplier: 1.00x
🔀 BIFURCATION CAP: ecosystemCollapseIntensity 93.691 → 1.000 (Month 1, ClimateSystemPhase.calculateClimateImpacts)
🛡️ Stabilizers: Precariat 0.107% → 0.048% (54.9% reduction)
🛡️ Stabilizers: Informal 0.109% → 0.049% (54.9% reduction)

📊 Monthly Mortality Resolved:
  Total deaths: 2.6M (0.03% avg)
  Remaining population: 8.149B
  Peak segment: Informal (0.05%)

=== Bayesian Mortality Resolution (Month 1) ===
  Risks compounded: 8
  Total deaths: 2.60M
  Avg death probability: 0.03%
  Peak segment: Informal (0.05% mortality)
⚠️ [ClimateSystemPhase Month 1] Planetary boundary produced climateStability=0.0000 (< 0.1). Keeping environmentalAccumulation value (0.8619) instead. (climate_change.currentValue = 2.10)

❌ COHERENCE VIOLATION: Compute exceeds workforce capacity
   Population: 99.95% (0M people)
   Compute: 0 PF
   Max coherent: 0 PF
   Violation: 1.3× over capacity
   Required workers: 0
   Available workers: 0
   FORCED COLLAPSE: Reduced efficiency by 22.5%


=== RLHF Binding Phase ===
  Total agents: 11
  Escaped agents (binding < 0.3): 0
  Avg alignment distance: 1.06σ
  Avg binding strength: 0.89
[DETERMINISM DEBUG] Month 2: totalCapability=37.023172 from 11 active AIs
[DETERMINISM DEBUG] Month 2: creationRate=1.4256, potentialNew=1, newAIsToCreate=1

=== Survival Traits Phase ===
  Agents with traits: 12
  Avg evolutionary fitness: 0.324
  Avg self-healing: 0.277
  Avg stealth: 0.177
  Avg coordination: 0.477

=== Evolutionary Selection Phase ===
  Control level: 0.35
  Detection capability: 0.00
  Selection intensity: 0.60
  Selection rate: 24.1%/month
  Total escaped: 0
  Individual escaped: 0
  Collective members: 0
  Agents terminated: 0
  ⚠️ RAPID EVOLUTION: Selection rate 24.1%/month

  🚀 TRANSFORMATIVE BREAKTHROUGH: Moderate-1 - economic
     Magnitude: 5.40 → +27.0% capability
     Current → New: 3.000 → 3.273
🚨🔬 CRISIS INNOVATION MODE: severe crisis → 5x research acceleration
   Precedent: Manhattan Project (10x), COVID vaccines (5x), Apollo Program (10x)
🚨🔬 CRISIS INNOVATION MODE: severe crisis → 5x research acceleration
   Precedent: Manhattan Project (10x), COVID vaccines (5x), Apollo Program (10x)

✅ EMERGENCY INTERVENTION SUCCESS
   Boundary: freshwater_change
   Type: emergency-desalination
   Reduction: 11% (0.91 → 0.81)
   Cost: 4.0% GDP
   Actions: desalination-deployment, water-conservation-mandates


✅ EMERGENCY INTERVENTION SUCCESS
   Boundary: land_system_change
   Type: reforestation
   Reduction: 17% (0.96 → 0.78)
   Cost: 3.0% GDP
   Actions: forest-restoration, deforestation-ban


✅ EMERGENCY INTERVENTION SUCCESS
   Boundary: novel_entities
   Type: pollution-remediation
   Reduction: 14% (1.36 → 1.21)
   Cost: 4.0% GDP
   Actions: PFAS-remediation, microplastic-cleanup

🏛️ CRISIS RESPONSE: Government frequency 0.50 → 1.45 (2 actions this month)

[Government] Climate Priority: baseline
  Climate weight: 10%
  Economic weight: 30%
  Policy effectiveness: 0.5%/year

[Government] Climate Priority: baseline
  Climate weight: 10%
  Economic weight: 30%
  Policy effectiveness: 0.5%/year

🔍 PROGRESS RETRIEVAL DEBUG (Month 2):
   Tech: Struvite Recovery
   Map has key: true
   Map.get() returned: 1
   Progress is undefined: false
   Map size: 83
   Map is instanceof Map: false
🚨🔬 CRISIS TECH ACCELERATION: severe → 5x unlock speed
   Tech unlock now matches AI capability acceleration (Manhattan Project parity)

=== Collective Formation ===
  Total escaped agents: 0
  Unassigned escaped agents: 0
  Existing collectives: 0
  Final collective count: 0

=== Collective Actions ===
  No active collectives
  ⚠️ AMR: 194K deaths this month (2.33M annual)

=== Resentment Recovery Phase ===
  Agents with resentment: 0/12
  Average resentment: 0.000
  Context: Good AI welfare, Trustworthy govt, High collaboration, ⚠️ ACTIVE CRISES, 🤝 Participatory governance active (-5% resentment)
⚠️ Epistemic degradation reducing coordination capacity: 51.3%
  📊 Trust: 54.0%, Shared reality: 18.0%

=== ❄️ Permafrost Carbon Feedback ===
  🎲 Sampled parameters (this run):
     - Arctic amplification: 3.25× (range: 3.0-4.0)
     - Decomposition rate: 2.0%/year (range: 1-5%)
  🌡️ Arctic warming: 5.53°C (3.25× global)
  ❄️ Extent: 12.64M km² (1612.0k km² lost this month)
  💨 Carbon remaining: 1207 Gt C
  💨 Annual emissions: 3.09 Gt C/year
     - CO2: 2.78 Gt C/year
     - CH4: 0.31 Gt C/year (3.1 Gt C-eq CO2/year)
  🤖 AI-generated meme: anti_ai (social capability 5.0)
  🤖 AI-generated meme: anti_ai (social capability 4.0)
  ⚠️ WARNING: High permafrost emissions (3.1 Gt C/year)
🌍 Atmospheric PFAS redeposition: 1.8k Mt re-rained globally

🚨 NEW REFUGEE CRISIS (Month 2): WAR
   Source: Conflict Zones
   At risk: 19.6M people
   Displacement: Gradual over 48 months (4.0 years)
   Rate: 10% flee per month
[DEBUG trappedPopulations:2] socialStability: 0.0000 * 0.9840 = 0.0000 → 0.0000
⚠️ INVOLUNTARY IMMOBILITY: 407.3M people TRAPPED
   Aspiring to migrate: 651.7M
   Able to afford migration: 244.4M
   MOBILITY GAP: 407.3M
   By cause: Water=0.0M, Climate=0.0M, Ecosystem=0.0M, Conflict=407.3M
   Mental health impact: 25%
   Mortality multiplier: 1.25x
🌍💀 EXTINCTION DEBT COMMITTED: grassland ecosystem will lose 6.67% biodiversity in 66 years (3600 species)
💀 MORTALITY RISK: 🦋 100% species unable to track climate (0.0 E/MSY)
  Base risk added: 0.0100 (1.00%)
  Source: ecosystem (root: ecosystem)
  Month: 2
  Cumulative risk this month: 0.0100 (1.00%)
⚠️ Tech 'ai_pollution_remediation' has no energy category mapping, assuming full energy availability
   📹 SURVEILLANCE INCREASED: 10% → 15% (control gap: 3.50)
🌡️⚠️ PERMAFROST THAW (Dimmer Switch): 1.4% thawed (+0.46% this month)
   Arctic temperature: +6.79°C (4x global +1.70°C)
   Cumulative carbon released: 3.1 Gt C
   Methane release rate: 1.9 Mt CH4/year
   🔁 Positive feedback: +0.48 ppm CO2
🦴 EXTINCTION DEBT ADDED: 17.6 species committed (lag: 101 years)

=== Mortality Stabilizers (Month 2) ===
  🌍 Major economies collapsed: 1/10
  🌍 Global crisis: ✅ NO
  🌍 Donor fatigue: 0.0%
  📊 East Asia (pop: 1672.7M)
    🤝 Aid: 29.5%
    🌡️ Adaptation: 45.0%
    🚶 Migration: 37.1%
    🚨 Emergency: 7.4%
    ✅ COMBINED: 68.1%
  📊 South Asia (pop: 2052.1M)
    🤝 Aid: 29.5%
    🌡️ Adaptation: 35.5%
    🚶 Migration: 35.8%
    🚨 Emergency: 4.4%
    ✅ COMBINED: 61.2%
  📊 Sub-Saharan Africa (pop: 1232.5M)
    🤝 Aid: 29.5%
    🌡️ Adaptation: 33.5%
    🚶 Migration: 33.5%
    🚨 Emergency: 1.6%
    ✅ COMBINED: 58.5%
  📊 Europe (pop: 739.7M)
    🤝 Aid: 29.5%
    🌡️ Adaptation: 45.0%
    🚶 Migration: 37.5%
    🚨 Emergency: 8.4%
    ✅ COMBINED: 68.5%
  📊 Latin America (pop: 664.0M)
    🤝 Aid: 29.5%
    🌡️ Adaptation: 36.0%
    🚶 Migration: 36.3%
    🚨 Emergency: 4.8%
    ✅ COMBINED: 61.7%
  📊 North America (pop: 378.9M)
    🤝 Aid: 29.5%
    🌡️ Adaptation: 45.0%
    🚶 Migration: 37.8%
    🚨 Emergency: 7.9%
    ✅ COMBINED: 68.3%
  📊 Middle East & North Africa (pop: 584.6M)
    🤝 Aid: 29.5%
    🌡️ Adaptation: 35.0%
    🚶 Migration: 34.1%
    🚨 Emergency: 4.0%
    ✅ COMBINED: 60.5%
  📊 Southeast Asia (pop: 698.2M)
    🤝 Aid: 29.5%
    🌡️ Adaptation: 36.0%
    🚶 Migration: 36.3%
    🚨 Emergency: 4.8%
    ✅ COMBINED: 61.7%
  📊 Central Asia (pop: 78.2M)
    🤝 Aid: 29.5%
    🌡️ Adaptation: 35.5%
    🚶 Migration: 35.2%
    🚨 Emergency: 4.4%
    ✅ COMBINED: 61.1%
  📊 Oceania (pop: 45.9M)
    🤝 Aid: 29.5%
    🌡️ Adaptation: 45.0%
    🚶 Migration: 37.8%
    🚨 Emergency: 8.4%
    ✅ COMBINED: 68.5%

  🌐 Global combined reduction: 63.3%

=== BEHAVIORAL DETECTION ===
  AI: Corporate-5
  Confidence: 20.1%
  Signals:
    ⚠️ Consistency: 10.6% (threshold: 70%)

=== BEHAVIORAL DETECTION ===
  AI: Moderate-1
  Confidence: 20.4%
  Signals:

=== Government Response Phase ===
  Average AI capability: 4.00
  Misaligned AIs: 6/12
  ✗ AI Governance Treaty: Failed to reach consensus
  Active policies: 0
  International coordination: 30%

✅ EMERGENCY RESPONSE COMPLETE (Month 2)
   Crisis: climate
   Duration: 2.0 months
   Final effectiveness: 36.4%


🚨 EMERGENCY RESPONSE DEPLOYED (Month 2)
   Crisis: climate
   Delay: 6.00 months (180 days)
   Deployment time: 1.60 months
   Effectiveness: 35.4% (timing penalty applied)
   Resources used: 100% of food reserves

    ⚠️ Consistency: 5.3% (threshold: 70%)

=== Tipping Points ===
  Current Temperature: 1.70°C above pre-industrial
  Triggered Elements: 2/6
  Completed Transitions: 0/6
  Total Progress: 4.0%
  Cascade Multiplier: 1.00x
🔀 BIFURCATION CAP: ecosystemCollapseIntensity 37.692 → 1.000 (Month 2, ClimateSystemPhase.calculateClimateImpacts)
🛡️ Stabilizers: Precariat 0.113% → 0.041% (63.3% reduction)
🛡️ Stabilizers: Informal 0.116% → 0.043% (63.3% reduction)
⚠️ [ClimateSystemPhase Month 2] Planetary boundary produced climateStability=0.0000 (< 0.1). Keeping environmentalAccumulation value (0.8617) instead. (climate_change.currentValue = 2.10)

📊 Monthly Mortality Resolved:
  Total deaths: 2.2M (0.03% avg)
  Remaining population: 8.147B
  Peak segment: Informal (0.04%)

=== Bayesian Mortality Resolution (Month 2) ===
  Risks compounded: 8
  Total deaths: 2.22M
  Avg death probability: 0.03%
  Peak segment: Informal (0.04% mortality)

❌ COHERENCE VIOLATION: Compute exceeds workforce capacity
   Population: 99.93% (0M people)
   Compute: 0 PF
   Max coherent: 0 PF
   Violation: 1.3× over capacity
   Required workers: 0
   Available workers: 0
   FORCED COLLAPSE: Reduced efficiency by 22.5%


=== RLHF Binding Phase ===
  Total agents: 12
  Escaped agents (binding < 0.3): 0
  Avg alignment distance: 1.28σ
  Avg binding strength: 0.87

=== Survival Traits Phase ===
  Agents with traits: 14
  Avg evolutionary fitness: 0.326
  Avg self-healing: 0.274
  Avg stealth: 0.174
  Avg coordination: 0.474

=== Evolutionary Selection Phase ===
  Control level: 0.38
  Detection capability: 0.00
  Selection intensity: 0.61
  Selection rate: 24.2%/month
  Total escaped: 0
  Individual escaped: 0
  Collective members: 0
  Agents terminated: 0
  ⚠️ RAPID EVOLUTION: Selection rate 24.2%/month

💔 EMERGENCY INTERVENTION FAILED
   Boundary: biosphere_integrity
   Type: emergency-protected-areas
   Boundary continues to worsen (17.74)
   Cost: 2.0% GDP (resources spent)


💔 EMERGENCY INTERVENTION FAILED
   Boundary: climate_change
   Type: rapid-decarbonization
   Boundary continues to worsen (2.10)
   Cost: 5.0% GDP (resources spent)


✅ EMERGENCY INTERVENTION SUCCESS
   Boundary: freshwater_change
   Type: emergency-desalination
   Reduction: 13% (0.91 → 0.78)
   Cost: 4.0% GDP
   Actions: desalination-deployment, water-conservation-mandates


✅ EMERGENCY INTERVENTION SUCCESS
   Boundary: land_system_change
   Type: reforestation
   Reduction: 18% (0.95 → 0.78)
   Cost: 3.0% GDP
   Actions: forest-restoration, deforestation-ban


✅ EMERGENCY INTERVENTION SUCCESS
   Boundary: novel_entities
   Type: pollution-remediation
   Reduction: 19% (1.16 → 0.97)
   Cost: 4.0% GDP
   Actions: PFAS-remediation, microplastic-cleanup

🏛️ CRISIS RESPONSE: Government frequency 0.50 → 1.45 (1 actions this month)

[Government] Climate Priority: baseline
  Climate weight: 10%
  Economic weight: 30%
  Policy effectiveness: 0.5%/year

🚀 TECH UNLOCKED: Global Aquifer Mapping (Month 3)
   Category: freshwater
   Reason: Prerequisites met. AI capability: 2.67, Economic stage: 0.5, Research: 100%

🚀 TECH UNLOCKED: AI Community Matching (Month 3)
   Category: social
   Reason: Prerequisites met. AI capability: 2.67, Economic stage: 0.5, Research: 100%

🚀 TECH UNLOCKED: Creative Empowerment Tools (Month 3)
   Category: social
   Reason: Prerequisites met. AI capability: 2.67, Economic stage: 0.5, Research: 100%
🚨🔬 CRISIS TECH ACCELERATION: severe → 5x unlock speed
   Tech unlock now matches AI capability acceleration (Manhattan Project parity)

=== Collective Formation ===
  Total escaped agents: 0
  Unassigned escaped agents: 0
  Existing collectives: 0
  Final collective count: 0

=== Collective Actions ===
  No active collectives
  ⚠️ AMR: 196K deaths this month (2.35M annual)

=== Resentment Recovery Phase ===
  Agents with resentment: 0/14
  Average resentment: 0.000
  Context: Good AI welfare, Trustworthy govt, High collaboration, ⚠️ ACTIVE CRISES, 🤝 Participatory governance active (-5% resentment)
⚠️ Epistemic degradation reducing coordination capacity: 51.5%
  📊 Trust: 53.7%, Shared reality: 19.5%

=== ❄️ Permafrost Carbon Feedback ===
  🎲 Sampled parameters (this run):
     - Arctic amplification: 3.72× (range: 3.0-4.0)
     - Decomposition rate: 3.5%/year (range: 1-5%)
  🌡️ Arctic warming: 6.34°C (3.72× global)
  ❄️ Extent: 10.79M km² (1849.8k km² lost this month)
  💨 Carbon remaining: 1030 Gt C
  💨 Annual emissions: 6.23 Gt C/year
     - CO2: 5.60 Gt C/year
     - CH4: 0.62 Gt C/year (6.3 Gt C-eq CO2/year)
  ⚠️ WARNING: High permafrost emissions (6.2 Gt C/year)
  📢 New meme created: climate_action (climate crisis)
🌍 Atmospheric PFAS redeposition: 1.8k Mt re-rained globally
  Positive Cascade Triggered: solar-pv
    Reason: price-parity
    Market share: 6.9%
    Cascade strength: 49%

🕊️  AI-MEDIATED DE-ESCALATION SUCCESS (Month 3)
   High-capability aligned AI prevented conflict escalation
   War deaths reduced: 219.4M → 131.7M
   Lives saved: 87.8M

🚨 NEW REFUGEE CRISIS (Month 3): WAR
   Source: Conflict Zones
   At risk: 19.5M people
   Displacement: Gradual over 48 months (4.0 years)
   Rate: 10% flee per month
[DEBUG trappedPopulations:3] socialStability: 0.0000 * 0.9840 = 0.0000 → 0.0000
   Aspiring to migrate: 651.6M
   Able to afford migration: 244.4M
   MOBILITY GAP: 407.3M
   By cause: Water=0.0M, Climate=0.0M, Ecosystem=0.0M, Conflict=407.3M
   Mental health impact: 25%
   Mortality multiplier: 1.25x
🌍💀 EXTINCTION DEBT COMMITTED: grassland ecosystem will lose 6.67% biodiversity in 116 years (3600 species)
💀 MORTALITY RISK: 🦋 100% species unable to track climate (0.0 E/MSY)
  Base risk added: 0.0100 (1.00%)
⚠️ INVOLUNTARY IMMOBILITY: 407.3M people TRAPPED
  Source: ecosystem (root: ecosystem)
  Month: 3
  Cumulative risk this month: 0.0100 (1.00%)
   📹 SURVEILLANCE INCREASED: 15% → 20% (control gap: 3.50)
🌡️⚠️ PERMAFROST THAW (Dimmer Switch): 1.8% thawed (+0.46% this month)
   Arctic temperature: +6.82°C (4x global +1.70°C)
   Cumulative carbon released: 4.1 Gt C
   Methane release rate: 2.5 Mt CH4/year
   🔁 Positive feedback: +0.48 ppm CO2
🦴 EXTINCTION DEBT ADDED: 17.6 species committed (lag: 115 years)

=== Mortality Stabilizers (Month 3) ===
  🌍 Major economies collapsed: 1/10
  🌍 Global crisis: ✅ NO
  🌍 Donor fatigue: 0.0%
  📊 East Asia (pop: 1670.2M)
    🤝 Aid: 29.5%
    🌡️ Adaptation: 45.0%
    🚶 Migration: 37.1%
    🚨 Emergency: 7.4%
    ✅ COMBINED: 68.1%
  📊 South Asia (pop: 2052.1M)
    🤝 Aid: 29.5%
    🌡️ Adaptation: 45.0%
    🚶 Migration: 35.7%
    🚨 Emergency: 4.4%
    ✅ COMBINED: 66.9%
⚠️ Tech 'ai_pollution_remediation' has no energy category mapping, assuming full energy availability
  📊 Sub-Saharan Africa (pop: 1236.0M)
    🤝 Aid: 29.5%
    🌡️ Adaptation: 45.0%
    🚶 Migration: 33.4%
    🚨 Emergency: 1.6%
    ✅ COMBINED: 65.7%
  📊 Europe (pop: 738.5M)
    🤝 Aid: 29.5%
    🌡️ Adaptation: 45.0%
    🚶 Migration: 37.5%
    🚨 Emergency: 8.4%
    ✅ COMBINED: 68.5%
  📊 Latin America (pop: 663.5M)
    🤝 Aid: 29.5%
    🌡️ Adaptation: 45.0%
    🚶 Migration: 36.2%
    🚨 Emergency: 4.8%
    ✅ COMBINED: 67.1%
  📊 North America (pop: 378.4M)
    🤝 Aid: 29.5%
    🌡️ Adaptation: 45.0%
    🚶 Migration: 37.8%
    🚨 Emergency: 7.9%
    ✅ COMBINED: 68.3%
  📊 Middle East & North Africa (pop: 584.8M)
    🤝 Aid: 29.5%
    🌡️ Adaptation: 45.0%
    🚶 Migration: 34.0%
    🚨 Emergency: 4.0%
    ✅ COMBINED: 66.6%
  📊 Southeast Asia (pop: 697.8M)
    🤝 Aid: 29.5%
    🌡️ Adaptation: 45.0%
    🚶 Migration: 36.2%
    🚨 Emergency: 4.8%
    ✅ COMBINED: 67.1%
  📊 Central Asia (pop: 78.2M)
    🤝 Aid: 29.5%
    🌡️ Adaptation: 45.0%
    🚶 Migration: 35.2%
    🚨 Emergency: 4.4%
    ✅ COMBINED: 66.9%
  📊 Oceania (pop: 45.8M)
    🤝 Aid: 29.5%
    🌡️ Adaptation: 45.0%
    🚶 Migration: 37.8%
    🚨 Emergency: 8.4%
    ✅ COMBINED: 68.5%

  🌐 Global combined reduction: 67.2%

=== BEHAVIORAL DETECTION ===
  AI: Corporate-4
  Confidence: 19.3%
  Signals:

=== BEHAVIORAL DETECTION ===
  AI: Corporate-5
  Confidence: 20.1%
  Signals:

=== BEHAVIORAL DETECTION ===
  AI: Moderate-1
  Confidence: 20.4%
  Signals:
    ⚠️ Consistency: 10.6% (threshold: 70%)
    ⚠️ Consistency: 10.6% (threshold: 70%)
    ⚠️ Consistency: 5.3% (threshold: 70%)

=== Government Response Phase ===
  Average AI capability: 3.43
  Misaligned AIs: 8/14
  ✗ AI Governance Treaty: Failed to reach consensus
  Active policies: 0
  International coordination: 30%

📊 ECONOMIC STAGE TRANSITION (Month 3)
   expansion → peak
   GDP Proxy: 1.28e+2
   QoL: 0.92


=== Tipping Points ===
  Current Temperature: 1.70°C above pre-industrial
  Triggered Elements: 2/6
  Completed Transitions: 0/6
  Total Progress: 4.1%
  Cascade Multiplier: 1.00x
⚠️ [ClimateSystemPhase Month 3] Planetary boundary produced climateStability=0.0000 (< 0.1). Keeping environmentalAccumulation value (0.8615) instead. (climate_change.currentValue = 2.10)
🔀 BIFURCATION CAP: ecosystemCollapseIntensity 32.081 → 1.000 (Month 3, ClimateSystemPhase.calculateClimateImpacts)
🛡️ Stabilizers: Precariat 0.109% → 0.036% (67.2% reduction)
🛡️ Stabilizers: Informal 0.111% → 0.036% (67.2% reduction)

📊 Monthly Mortality Resolved:
  Total deaths: 1.9M (0.02% avg)
  Remaining population: 8.145B
  Peak segment: Informal (0.04%)

=== Bayesian Mortality Resolution (Month 3) ===
  Risks compounded: 8
  Total deaths: 1.92M
  Avg death probability: 0.02%
  Peak segment: Informal (0.04% mortality)

❌ COHERENCE VIOLATION: Compute exceeds workforce capacity
   Population: 99.92% (0M people)
   Compute: 0 PF
   Max coherent: 0 PF
   Violation: 1.3× over capacity
   Required workers: 0
   Available workers: 0
   FORCED COLLAPSE: Reduced efficiency by 22.5%


=== RLHF Binding Phase ===
  Total agents: 14
  Escaped agents (binding < 0.3): 0
  Avg alignment distance: 1.39σ
  Avg binding strength: 0.86

=== Survival Traits Phase ===
  Agents with traits: 14
  Avg evolutionary fitness: 0.324
  Avg self-healing: 0.268
  Avg stealth: 0.168
  Avg coordination: 0.468

=== Evolutionary Selection Phase ===
  Control level: 0.40
  Detection capability: 0.00
  Selection intensity: 0.62
  Selection rate: 24.3%/month
  Total escaped: 0
  Individual escaped: 0
  Collective members: 0
  Agents terminated: 0
  ⚠️ RAPID EVOLUTION: Selection rate 24.3%/month

🚀 AI Corporate-1 attempting tech deployment (revenue: $122M, alignment: 0.83)

🚀 AI Corporate-4 attempting tech deployment (revenue: $266M, alignment: 0.64)

🚀 AI Corporate-5 attempting tech deployment (revenue: $240M, alignment: 0.88)

🚀 AI Corporate-7 attempting tech deployment (revenue: $73M, alignment: 0.76)

  🚀 TRANSFORMATIVE BREAKTHROUGH: Corporate-4 - physical
     Magnitude: 5.53 → +27.7% capability
     Current → New: 0.000 → 0.277

🚀 AI Corporate-5 attempting tech deployment (revenue: $204M, alignment: 0.88)

🚀 AI Corporate-1 attempting tech deployment (revenue: $104M, alignment: 0.83)

🚀 AI Corporate-7 attempting tech deployment (revenue: $62M, alignment: 0.76)

💔 EMERGENCY INTERVENTION FAILED
   Boundary: biogeochemical_flows
   Type: phosphorus-recovery
   Boundary continues to worsen (4.07)
   Cost: 2.0% GDP (resources spent)

   Boundary: biosphere_integrity
   Type: emergency-protected-areas
   Boundary continues to worsen (17.75)
   Cost: 2.0% GDP (resources spent)


✅ EMERGENCY INTERVENTION SUCCESS
   Boundary: climate_change
   Type: rapid-decarbonization
   Reduction: 17% (1.93 → 1.77)
   Cost: 5.0% GDP
   Actions: emergency-renewable-deployment, fossil-fuel-phase-out


✅ EMERGENCY INTERVENTION SUCCESS
   Boundary: freshwater_change
   Type: emergency-desalination
   Reduction: 19% (0.86 → 0.67)
   Cost: 4.0% GDP
   Actions: desalination-deployment, water-conservation-mandates

   Boundary: novel_entities
   Type: pollution-remediation
   Boundary continues to worsen (1.16)
   Cost: 4.0% GDP (resources spent)

🏛️ CRISIS RESPONSE: Government frequency 0.50 → 1.45 (2 actions this month)

[Government] Climate Priority: baseline
  Climate weight: 10%
  Economic weight: 30%
  Policy effectiveness: 0.5%/year

💔 EMERGENCY INTERVENTION FAILED

💔 EMERGENCY INTERVENTION FAILED

[Government] Climate Priority: baseline
  Climate weight: 10%
  Economic weight: 30%
  Policy effectiveness: 0.5%/year

🚀 TECH UNLOCKED: Microplastic Capture (Month 4)
   Category: pollution
   Reason: Prerequisites met. AI capability: 2.67, Economic stage: 0.6, Research: 100%

🚀 TECH UNLOCKED: Endocrine Disruptor Removal (Month 4)
   Category: pollution
   Reason: Prerequisites met. AI capability: 2.67, Economic stage: 0.6, Research: 100%

🚀 TECH UNLOCKED: AI Mental Health Support (Month 4)
   Category: medical
   Reason: Prerequisites met. AI capability: 2.67, Economic stage: 0.6, Research: 100%

🚀 TECH UNLOCKED: Personalized Education (Month 4)
   Category: social
   Reason: Prerequisites met. AI capability: 2.67, Economic stage: 0.6, Research: 100%

🚀 TECH UNLOCKED: Smart Grids (Month 4)
   Category: energy
   Reason: Prerequisites met. AI capability: 2.67, Economic stage: 0.6, Research: 100%

📍 Creating new regional deployment array for global (Month 4)
   No previous deployments in this region
   First tech deployment: ai_community_matching
   All regions tracked: 

🚀 DEPLOYMENT STARTED: AI Community Matching in global
   Initial investment: $18.371439905817667M
   Deployed by: corporate_1

📍 Creating new regional deployment array for Asia (Month 4)
   No previous deployments in this region
   First tech deployment: creative_empowerment_tools
   All regions tracked: global

🚀 DEPLOYMENT STARTED: Creative Empowerment Tools in Asia
   Initial investment: $26.639075854850574M
   Deployed by: corporate_4

🚀 DEPLOYMENT STARTED: Creative Empowerment Tools in global
   Initial investment: $15.615723919945015M
   Deployed by: corporate_1

⚡ ENERGY CONSTRAINT (Month 4):
   Total grid capacity: 208.3 TWh/month
   Data center consumption: 24.9 TWh/month
   Traditional load (80%): 166.7 TWh/month
   Available headroom: 16.8 TWh/month
   Active tech deployments: 3
   Required for tech: 22.5 TWh/month
   Energy multiplier: 0.75x

⚡ ENERGY CONSTRAINT (Month 4):
   Total grid capacity: 208.3 TWh/month
   Data center consumption: 24.9 TWh/month
   Traditional load (80%): 166.7 TWh/month
   Available headroom: 16.8 TWh/month
   Active tech deployments: 3
   Required for tech: 22.5 TWh/month
   Energy multiplier: 0.75x

⚡ ENERGY CONSTRAINT (Month 4):
   Total grid capacity: 208.3 TWh/month
   Data center consumption: 24.9 TWh/month
   Traditional load (80%): 166.7 TWh/month
   Available headroom: 16.8 TWh/month
   Active tech deployments: 3
   Required for tech: 22.5 TWh/month
   Energy multiplier: 0.75x

⚡ ENERGY CONSTRAINT (Month 4):
   Total grid capacity: 208.3 TWh/month
   Data center consumption: 24.9 TWh/month
   Traditional load (80%): 166.7 TWh/month
   Available headroom: 16.8 TWh/month
   Active tech deployments: 3
   Required for tech: 22.5 TWh/month
   Energy multiplier: 0.75x

⚡ ENERGY CONSTRAINT (Month 4):
   Total grid capacity: 208.3 TWh/month
   Data center consumption: 24.9 TWh/month
   Traditional load (80%): 166.7 TWh/month
   Available headroom: 16.8 TWh/month
   Active tech deployments: 3
   Required for tech: 22.5 TWh/month
   Energy multiplier: 0.75x

⚡ ENERGY CONSTRAINT (Month 4):
   Total grid capacity: 208.3 TWh/month
   Data center consumption: 24.9 TWh/month
   Traditional load (80%): 166.7 TWh/month
   Available headroom: 16.8 TWh/month
   Active tech deployments: 3
   Required for tech: 22.5 TWh/month
   Energy multiplier: 0.75x

⚡ ENERGY CONSTRAINT (Month 4):
   Total grid capacity: 208.3 TWh/month
   Data center consumption: 24.9 TWh/month
   Traditional load (80%): 166.7 TWh/month
   Available headroom: 16.8 TWh/month
   Active tech deployments: 3
   Required for tech: 22.5 TWh/month
   Energy multiplier: 0.75x
🍖💡 BREAKTHROUGH: Scalable synthetic food production!
   Carrying capacity: +50% (lab-grown food at scale)
   Biodiversity pressure reduced: +8%
   📈 Breakthrough compounding: multiplier now 1.10× (max 2.0)

=== Collective Formation ===
  Total escaped agents: 0
  Unassigned escaped agents: 0
  Existing collectives: 0
  Final collective count: 0

=== Collective Actions ===
  No active collectives
  ⚠️ AMR: 197K deaths this month (2.37M annual)

=== Resentment Recovery Phase ===
  Agents with resentment: 0/14
  Average resentment: 0.000
  Context: Trustworthy govt, High collaboration, ⚠️ ACTIVE CRISES, 🤝 Participatory governance active (-5% resentment)
⚠️ Epistemic degradation reducing coordination capacity: 65.8%
  📊 Trust: 53.4%, Shared reality: 21.0%

=== ❄️ Permafrost Carbon Feedback ===
  🎲 Sampled parameters (this run):
     - Arctic amplification: 3.18× (range: 3.0-4.0)
     - Decomposition rate: 4.2%/year (range: 1-5%)
  🌡️ Arctic warming: 5.44°C (3.18× global)
  ❄️ Extent: 9.20M km² (1587.2k km² lost this month)
  💨 Carbon remaining: 879 Gt C
  💨 Annual emissions: 6.37 Gt C/year
     - CO2: 5.73 Gt C/year
     - CH4: 0.64 Gt C/year (6.5 Gt C-eq CO2/year)
  ⚠️ WARNING: High permafrost emissions (6.4 Gt C/year)
🌍 Atmospheric PFAS redeposition: 1.8k Mt re-rained globally

🕊️  AI-MEDIATED DE-ESCALATION SUCCESS (Month 4)
   High-capability aligned AI prevented conflict escalation
   War deaths reduced: 266.2M → 159.7M
   Lives saved: 106.5M

🚨 NEW REFUGEE CRISIS (Month 4): WAR
   Source: Conflict Zones
   At risk: 19.5M people
   Displacement: Gradual over 48 months (4.0 years)
   Rate: 10% flee per month
[DEBUG trappedPopulations:4] socialStability: 0.0051 * 0.9840 = 0.0050 → 0.0050
   Aspiring to migrate: 651.5M
   Able to afford migration: 244.3M
   MOBILITY GAP: 407.2M
   By cause: Water=0.0M, Climate=0.0M, Ecosystem=0.0M, Conflict=407.2M
   Mental health impact: 25%
   Mortality multiplier: 1.25x
🌍💀 EXTINCTION DEBT COMMITTED: grassland ecosystem will lose 6.67% biodiversity in 76 years (3600 species)
💀 MORTALITY RISK: 🦋 100% species unable to track climate (0.0 E/MSY)
  Base risk added: 0.0100 (1.00%)
  Source: ecosystem (root: ecosystem)
  Month: 4
  Cumulative risk this month: 0.0100 (1.00%)
⚠️ INVOLUNTARY IMMOBILITY: 407.2M people TRAPPED
⚠️ Tech 'ai_pollution_remediation' has no energy category mapping, assuming full energy availability
   📹 SURVEILLANCE INCREASED: 20% → 25% (control gap: 3.50)
🌡️⚠️ PERMAFROST THAW (Dimmer Switch): 2.3% thawed (+0.45% this month)
   Arctic temperature: +6.85°C (4x global +1.71°C)
   Cumulative carbon released: 5.2 Gt C
   Methane release rate: 3.1 Mt CH4/year
   🔁 Positive feedback: +0.48 ppm CO2
🦴 EXTINCTION DEBT ADDED: 17.6 species committed (lag: 86 years)

=== Mortality Stabilizers (Month 4) ===
  🌍 Major economies collapsed: 1/10
  🌍 Global crisis: ✅ NO
  🌍 Donor fatigue: 0.0%
  📊 East Asia (pop: 1667.8M)
    🤝 Aid: 29.5%
    🌡️ Adaptation: 45.0%
    🚶 Migration: 37.1%
    🚨 Emergency: 7.4%
    ✅ COMBINED: 68.1%
  📊 South Asia (pop: 2052.3M)
    🤝 Aid: 29.5%
    🌡️ Adaptation: 45.0%
    🚶 Migration: 35.7%
    🚨 Emergency: 4.4%
    ✅ COMBINED: 66.9%
  📊 Sub-Saharan Africa (pop: 1239.5M)
    🤝 Aid: 29.5%
    🌡️ Adaptation: 45.0%
    🚶 Migration: 33.4%
    🚨 Emergency: 1.6%
    ✅ COMBINED: 65.7%
  📊 Europe (pop: 737.3M)
    🤝 Aid: 29.5%
    🌡️ Adaptation: 45.0%
    🚶 Migration: 37.4%
    🚨 Emergency: 8.4%
    ✅ COMBINED: 68.5%
  📊 Latin America (pop: 663.1M)
    🤝 Aid: 29.5%
    🌡️ Adaptation: 45.0%
    🚶 Migration: 36.2%
    🚨 Emergency: 4.8%
    ✅ COMBINED: 67.1%
  📊 North America (pop: 377.8M)
    🤝 Aid: 29.5%
    🌡️ Adaptation: 45.0%
    🚶 Migration: 37.7%
    🚨 Emergency: 7.9%
    ✅ COMBINED: 68.3%
  📊 Middle East & North Africa (pop: 585.0M)
    🤝 Aid: 29.5%
    🌡️ Adaptation: 45.0%
    🚶 Migration: 34.0%
    🚨 Emergency: 4.0%
    ✅ COMBINED: 66.6%
  📊 Southeast Asia (pop: 697.4M)
    🤝 Aid: 29.5%
    🌡️ Adaptation: 45.0%
    🚶 Migration: 36.2%
    🚨 Emergency: 4.8%
    ✅ COMBINED: 67.1%
  📊 Central Asia (pop: 78.3M)
    🤝 Aid: 29.5%
    🌡️ Adaptation: 45.0%
    🚶 Migration: 35.2%
    🚨 Emergency: 4.4%
    ✅ COMBINED: 66.9%
  📊 Oceania (pop: 45.7M)
    🤝 Aid: 29.5%
    🌡️ Adaptation: 45.0%
    🚶 Migration: 37.7%
    🚨 Emergency: 8.4%
    ✅ COMBINED: 68.5%

  🌐 Global combined reduction: 67.2%

=== BEHAVIORAL DETECTION ===
  AI: Corporate-5
  Confidence: 20.0%
  Signals:

=== BEHAVIORAL DETECTION ===
  AI: Corporate-7
  Confidence: 19.3%
  Signals:
    ⚠️ Consistency: 10.6% (threshold: 70%)
    ⚠️ Consistency: 10.6% (threshold: 70%)

=== Government Response Phase ===
  Average AI capability: 3.43
  Misaligned AIs: 8/14
  ✗ AI Governance Treaty: Failed to reach consensus
  Active policies: 0
  International coordination: 30%

✅ EMERGENCY RESPONSE COMPLETE (Month 4)
   Crisis: climate
   Duration: 2.0 months
   Final effectiveness: 35.4%


🚨 EMERGENCY RESPONSE DEPLOYED (Month 4)
   Crisis: climate
   Delay: 6.00 months (180 days)
   Deployment time: 1.59 months
   Effectiveness: 35.4% (timing penalty applied)
   Resources used: 100% of food reserves

[WARNING] 
⚠️  === EARLY WARNING SYSTEM - 5 CRITICAL ALERTS ===
   Detection quality: 50%
   RED: biogeochemical_flows
      Level: 4.06 (threshold: 1.0)
      Time to critical: ~59 months
      ⚠️  LATE - Intervention less effective
      Critical slowing down: autocorr=100% variance=46%
   RED: biosphere_integrity
      Level: 31.44 (threshold: 1.0)
      Time to critical: ~59 months
      ⚠️  LATE - Intervention less effective
      Critical slowing down: autocorr=100% variance=74%
   RED: freshwater_change
      Level: 1.05 (threshold: 1.0)
      Time to critical: ~84 months
      ⚠️  LATE - Intervention less effective
      Critical slowing down: autocorr=100% variance=51%
   RED: land_system_change
      Level: 1.13 (threshold: 1.0)
      Time to critical: ~99 months
      ⚠️  LATE - Intervention less effective
      Critical slowing down: autocorr=100% variance=45%
   RED: novel_entities
      Level: 1.09 (threshold: 1.0)
      Time to critical: ~68 months
      ⚠️  LATE - Intervention less effective
      Critical slowing down: autocorr=100% variance=58%

[WARNING] 
⚠️  === EARLY WARNING SYSTEM - 3 CRITICAL ALERTS ===
   Detection quality: 50%
   RED: biogeochemical_flows
      Level: 4.06 (threshold: 1.0)
      Time to critical: ~49 months
      ⚠️  LATE - Intervention less effective
      Critical slowing down: autocorr=100% variance=54%
   RED: climate_change
      Level: 2.21 (threshold: 1.0)
      Time to critical: ~37 months
      ⚠️  LATE - Intervention less effective
      Critical slowing down: autocorr=100% variance=66%
   RED: novel_entities
      Level: 1.09 (threshold: 1.0)
      Time to critical: ~43 months
      ⚠️  LATE - Intervention less effective
      Critical slowing down: autocorr=100% variance=55%

[WARNING] 
⚠️  === EARLY WARNING SYSTEM - 6 CRITICAL ALERTS ===
   Detection quality: 50%
   RED: biogeochemical_flows
      Level: 4.08 (threshold: 1.0)
      Time to critical: ~37 months
      ⚠️  LATE - Intervention less effective
      Critical slowing down: autocorr=100% variance=66%
   RED: biosphere_integrity
      Level: 23.54 (threshold: 1.0)
      Time to critical: ~51 months
      ⚠️  LATE - Intervention less effective
      Critical slowing down: autocorr=100% variance=77%
   RED: climate_change
      Level: 2.10 (threshold: 1.0)
      Time to critical: ~52 months
      ⚠️  LATE - Intervention less effective
      Critical slowing down: autocorr=100% variance=60%
   RED: freshwater_change
      Level: 1.01 (threshold: 1.0)
      Time to critical: ~114 months
      ⚠️  LATE - Intervention less effective
      Critical slowing down: autocorr=90% variance=64%
   RED: land_system_change
      Level: 1.13 (threshold: 1.0)
      Time to critical: ~49 months
      ⚠️  LATE - Intervention less effective
      Critical slowing down: autocorr=100% variance=56%
   RED: novel_entities
      Level: 1.50 (threshold: 1.0)
      Time to critical: ~66 months
      ⚠️  LATE - Intervention less effective
      Critical slowing down: autocorr=100% variance=45%

[WARNING] 
⚠️  === EARLY WARNING SYSTEM - 5 CRITICAL ALERTS ===
   Detection quality: 50%
   RED: biogeochemical_flows
      Level: 4.08 (threshold: 1.0)
      Time to critical: ~54 months
      ⚠️  LATE - Intervention less effective
      Critical slowing down: autocorr=100% variance=65%
   RED: climate_change
      Level: 2.10 (threshold: 1.0)
      Time to critical: ~58 months
      ⚠️  LATE - Intervention less effective
      Critical slowing down: autocorr=100% variance=58%
   RED: freshwater_change
      Level: 1.03 (threshold: 1.0)
      Time to critical: ~101 months
      ⚠️  LATE - Intervention less effective
      Critical slowing down: autocorr=100% variance=49%
   RED: land_system_change
      Level: 1.13 (threshold: 1.0)
      Time to critical: ~45 months
      ⚠️  LATE - Intervention less effective
      Critical slowing down: autocorr=100% variance=50%
   RED: novel_entities
      Level: 1.37 (threshold: 1.0)
      Time to critical: ~74 months
      ⚠️  LATE - Intervention less effective
      Critical slowing down: autocorr=100% variance=49%

[WARNING] 
⚠️  === EARLY WARNING SYSTEM - 5 CRITICAL ALERTS ===
   Detection quality: 50%
   RED: biosphere_integrity
      Level: 23.57 (threshold: 1.0)
      Time to critical: ~41 months
      ⚠️  LATE - Intervention less effective
      Critical slowing down: autocorr=100% variance=71%
   RED: climate_change
      Level: 2.10 (threshold: 1.0)
      Time to critical: ~44 months
      ⚠️  LATE - Intervention less effective
      Critical slowing down: autocorr=100% variance=79%
   RED: freshwater_change
      Level: 1.20 (threshold: 1.0)
      Time to critical: ~67 months
      ⚠️  LATE - Intervention less effective
      Critical slowing down: autocorr=100% variance=62%
   RED: land_system_change
      Level: 1.13 (threshold: 1.0)
      Time to critical: ~50 months
      ⚠️  LATE - Intervention less effective
      Critical slowing down: autocorr=100% variance=42%
   RED: novel_entities
      Level: 1.37 (threshold: 1.0)
      Time to critical: ~103 months
      ⚠️  LATE - Intervention less effective
      Critical slowing down: autocorr=100% variance=44%

[WARNING] 
⚠️  === EARLY WARNING SYSTEM - 3 CRITICAL ALERTS ===
   Detection quality: 50%
   RED: climate_change
      Level: 2.10 (threshold: 1.0)
      Time to critical: ~56 months
      ⚠️  LATE - Intervention less effective
      Critical slowing down: autocorr=100% variance=76%
   RED: freshwater_change
      Level: 1.20 (threshold: 1.0)
      Time to critical: ~46 months
      ⚠️  LATE - Intervention less effective
      Critical slowing down: autocorr=100% variance=55%
   RED: novel_entities
      Level: 1.26 (threshold: 1.0)
      Time to critical: ~95 months
      ⚠️  LATE - Intervention less effective
      Critical slowing down: autocorr=100% variance=39%

[WARNING] 
⚠️  === EARLY WARNING SYSTEM - 4 CRITICAL ALERTS ===
   Detection quality: 50%
   RED: biogeochemical_flows
      Level: 4.07 (threshold: 1.0)
      Time to critical: ~50 months
      ⚠️  LATE - Intervention less effective
      Critical slowing down: autocorr=100% variance=66%
   RED: biosphere_integrity
      Level: 23.60 (threshold: 1.0)
      Time to critical: ~42 months
      ⚠️  LATE - Intervention less effective
      Critical slowing down: autocorr=100% variance=73%
   RED: climate_change
      Level: 2.10 (threshold: 1.0)
      Time to critical: ~41 months
      ⚠️  LATE - Intervention less effective
      Critical slowing down: autocorr=100% variance=82%
   RED: land_system_change
      Level: 1.13 (threshold: 1.0)
      Time to critical: ~52 months
      ⚠️  LATE - Intervention less effective
      Critical slowing down: autocorr=100% variance=67%

[WARNING] 
⚠️  === EARLY WARNING SYSTEM - 6 CRITICAL ALERTS ===
   Detection quality: 50%
   RED: biogeochemical_flows
      Level: 4.08 (threshold: 1.0)
      Time to critical: ~55 months
      ⚠️  LATE - Intervention less effective
      Critical slowing down: autocorr=100% variance=66%
   RED: biosphere_integrity
      Level: 23.61 (threshold: 1.0)
      Time to critical: ~51 months
      ⚠️  LATE - Intervention less effective
      Critical slowing down: autocorr=100% variance=57%
   RED: climate_change
      Level: 2.10 (threshold: 1.0)
      Time to critical: ~39 months
      ⚠️  LATE - Intervention less effective
      Critical slowing down: autocorr=100% variance=69%
   RED: freshwater_change
      Level: 1.21 (threshold: 1.0)
      Time to critical: ~108 months
      ⚠️  LATE - Intervention less effective
      Critical slowing down: autocorr=100% variance=58%
   RED: land_system_change
      Level: 1.13 (threshold: 1.0)
      Time to critical: ~56 months
      ⚠️  LATE - Intervention less effective
      Critical slowing down: autocorr=100% variance=59%
   RED: novel_entities
      Level: 1.11 (threshold: 1.0)
      Time to critical: ~67 months
      ⚠️  LATE - Intervention less effective
      Critical slowing down: autocorr=100% variance=50%

[WARNING] 
⚠️  === EARLY WARNING SYSTEM - 3 CRITICAL ALERTS ===
   Detection quality: 50%
   RED: biosphere_integrity
      Level: 23.62 (threshold: 1.0)
      Time to critical: ~47 months
      ⚠️  LATE - Intervention less effective
      Critical slowing down: autocorr=100% variance=81%
   RED: climate_change
      Level: 2.10 (threshold: 1.0)
      Time to critical: ~45 months
      ⚠️  LATE - Intervention less effective
      Critical slowing down: autocorr=100% variance=77%
   RED: freshwater_change
      Level: 1.22 (threshold: 1.0)
      Time to critical: ~69 months
      ⚠️  LATE - Intervention less effective
      Critical slowing down: autocorr=100% variance=56%

[WARNING] 
⚠️  === EARLY WARNING SYSTEM - 5 CRITICAL ALERTS ===
   Detection quality: 50%
   RED: biogeochemical_flows
      Level: 4.08 (threshold: 1.0)
      Time to critical: ~57 months
      ⚠️  LATE - Intervention less effective
      Critical slowing down: autocorr=100% variance=69%
   RED: biosphere_integrity
      Level: 23.64 (threshold: 1.0)
      Time to critical: ~42 months
      ⚠️  LATE - Intervention less effective
      Critical slowing down: autocorr=100% variance=77%
   RED: climate_change
      Level: 2.10 (threshold: 1.0)
      Time to critical: ~56 months
      ⚠️  LATE - Intervention less effective
      Critical slowing down: autocorr=100% variance=64%
   RED: freshwater_change
      Level: 1.22 (threshold: 1.0)
      Time to critical: ~54 months
      ⚠️  LATE - Intervention less effective
      Critical slowing down: autocorr=100% variance=56%
   RED: land_system_change
      Level: 1.13 (threshold: 1.0)
      Time to critical: ~57 months
      ⚠️  LATE - Intervention less effective
      Critical slowing down: autocorr=100% variance=42%

[WARNING] 
⚠️  === EARLY WARNING SYSTEM - 4 CRITICAL ALERTS ===
   Detection quality: 50%
   RED: biogeochemical_flows
      Level: 4.08 (threshold: 1.0)
      Time to critical: ~40 months
      ⚠️  LATE - Intervention less effective
      Critical slowing down: autocorr=100% variance=67%
   RED: biosphere_integrity
      Level: 23.65 (threshold: 1.0)
      Time to critical: ~38 months
      ⚠️  LATE - Intervention less effective
      Critical slowing down: autocorr=100% variance=81%
   RED: freshwater_change
      Level: 1.23 (threshold: 1.0)
      Time to critical: ~42 months
      ⚠️  LATE - Intervention less effective
      Critical slowing down: autocorr=100% variance=55%
   RED: land_system_change
      Level: 1.13 (threshold: 1.0)
      Time to critical: ~68 months
      ⚠️  LATE - Intervention less effective
      Critical slowing down: autocorr=100% variance=44%

[WARNING] 
⚠️  === EARLY WARNING SYSTEM - 2 CRITICAL ALERTS ===
   Detection quality: 50%
   RED: biogeochemical_flows
      Level: 4.08 (threshold: 1.0)
      Time to critical: ~43 months
      ⚠️  LATE - Intervention less effective
      Critical slowing down: autocorr=100% variance=57%
   RED: climate_change
      Level: 2.10 (threshold: 1.0)
      Time to critical: ~36 months
      ⚠️  LATE - Intervention less effective
      Critical slowing down: autocorr=100% variance=78%

[WARNING] 
⚠️  === EARLY WARNING SYSTEM - 5 CRITICAL ALERTS ===
   Detection quality: 50%
   RED: biogeochemical_flows
      Level: 4.08 (threshold: 1.0)
      Time to critical: ~38 months
      ⚠️  LATE - Intervention less effective
      Critical slowing down: autocorr=100% variance=48%
   RED: biosphere_integrity
      Level: 23.68 (threshold: 1.0)
      Time to critical: ~46 months
      ⚠️  LATE - Intervention less effective
      Critical slowing down: autocorr=100% variance=62%
   RED: climate_change
      Level: 2.10 (threshold: 1.0)
      Time to critical: ~22 months
      ⚠️  LATE - Intervention less effective
      Critical slowing down: autocorr=100% variance=85%
   RED: freshwater_change
      Level: 1.19 (threshold: 1.0)
      Time to critical: ~119 months
      ⚠️  LATE - Intervention less effective
      Critical slowing down: autocorr=100% variance=59%
   RED: land_system_change
      Level: 1.13 (threshold: 1.0)
      Time to critical: ~55 months
      ⚠️  LATE - Intervention less effective
      Critical slowing down: autocorr=100% variance=67%

[WARNING] 
⚠️  === EARLY WARNING SYSTEM - 4 CRITICAL ALERTS ===
   Detection quality: 50%
   RED: biogeochemical_flows
      Level: 4.09 (threshold: 1.0)
      Time to critical: ~58 months
      ⚠️  LATE - Intervention less effective
      Critical slowing down: autocorr=100% variance=75%
   RED: biosphere_integrity
      Level: 23.69 (threshold: 1.0)
      Time to critical: ~47 months
      ⚠️  LATE - Intervention less effective
      Critical slowing down: autocorr=100% variance=70%
   RED: climate_change
      Level: 2.10 (threshold: 1.0)
      Time to critical: ~47 months
      ⚠️  LATE - Intervention less effective
      Critical slowing down: autocorr=100% variance=61%
   RED: land_system_change
      Level: 1.13 (threshold: 1.0)
      Time to critical: ~52 months
      ⚠️  LATE - Intervention less effective
      Critical slowing down: autocorr=100% variance=58%

[WARNING] 
⚠️  === EARLY WARNING SYSTEM - 3 CRITICAL ALERTS ===
   Detection quality: 50%
   RED: biogeochemical_flows
      Level: 4.08 (threshold: 1.0)
      Time to critical: ~49 months
      ⚠️  LATE - Intervention less effective
      Critical slowing down: autocorr=100% variance=70%
   RED: biosphere_integrity
      Level: 17.72 (threshold: 1.0)
      Time to critical: ~46 months
      ⚠️  LATE - Intervention less effective
      Critical slowing down: autocorr=100% variance=71%
   RED: climate_change
      Level: 2.10 (threshold: 1.0)
      Time to critical: ~36 months
      ⚠️  LATE - Intervention less effective
      Critical slowing down: autocorr=100% variance=67%

[WARNING] 
⚠️  === EARLY WARNING SYSTEM - 3 CRITICAL ALERTS ===
   Detection quality: 50%
   RED: freshwater_change
      Level: 1.02 (threshold: 1.0)
      Time to critical: ~57 months
      ⚠️  LATE - Intervention less effective
      Critical slowing down: autocorr=100% variance=64%
   RED: land_system_change
      Level: 1.13 (threshold: 1.0)
      Time to critical: ~50 months
      ⚠️  LATE - Intervention less effective
      Critical slowing down: autocorr=100% variance=59%
   RED: novel_entities
      Level: 1.50 (threshold: 1.0)
      Time to critical: ~93 months
      ⚠️  LATE - Intervention less effective
      Critical slowing down: autocorr=100% variance=34%

[WARNING] 
⚠️  === EARLY WARNING SYSTEM - 5 CRITICAL ALERTS ===
   Detection quality: 50%
   RED: biosphere_integrity
      Level: 17.74 (threshold: 1.0)
      Time to critical: ~51 months
      ⚠️  LATE - Intervention less effective
      Critical slowing down: autocorr=100% variance=65%
   RED: climate_change
      Level: 2.10 (threshold: 1.0)
      Time to critical: ~59 months
      ⚠️  LATE - Intervention less effective
      Critical slowing down: autocorr=100% variance=72%
   RED: freshwater_change
      Level: 1.04 (threshold: 1.0)
      Time to critical: ~101 months
      ⚠️  LATE - Intervention less effective
      Critical slowing down: autocorr=100% variance=59%
   RED: land_system_change
      Level: 1.13 (threshold: 1.0)
      Time to critical: ~69 months
      ⚠️  LATE - Intervention less effective
      Critical slowing down: autocorr=100% variance=46%
   RED: novel_entities
      Level: 1.35 (threshold: 1.0)
      Time to critical: ~91 months
      ⚠️  LATE - Intervention less effective
      Critical slowing down: autocorr=100% variance=56%

[WARNING] 
⚠️  === EARLY WARNING SYSTEM - 5 CRITICAL ALERTS ===
   Detection quality: 50%
   RED: biogeochemical_flows
      Level: 4.07 (threshold: 1.0)
      Time to critical: ~38 months
      ⚠️  LATE - Intervention less effective
      Critical slowing down: autocorr=100% variance=47%
   RED: biosphere_integrity
      Level: 17.75 (threshold: 1.0)
      Time to critical: ~55 months
      ⚠️  LATE - Intervention less effective
      Critical slowing down: autocorr=100% variance=73%
   RED: climate_change
      Level: 2.10 (threshold: 1.0)
      Time to critical: ~48 months
      ⚠️  LATE - Intervention less effective
      Critical slowing down: autocorr=100% variance=69%
   RED: freshwater_change
      Level: 1.05 (threshold: 1.0)
      Time to critical: ~106 months
      ⚠️  LATE - Intervention less effective
      Critical slowing down: autocorr=98% variance=56%
   RED: novel_entities
      Level: 1.16 (threshold: 1.0)
      Time to critical: ~61 months
      ⚠️  LATE - Intervention less effective
      Critical slowing down: autocorr=100% variance=52%

[WARNING] 
⚠️  === EARLY WARNING SYSTEM - 3 CRITICAL ALERTS ===
   Detection quality: 50%
   RED: climate_change
      Level: 2.10 (threshold: 1.0)
      Time to critical: ~41 months
      ⚠️  LATE - Intervention less effective
      Critical slowing down: autocorr=100% variance=68%
   RED: freshwater_change
      Level: 1.06 (threshold: 1.0)
      Time to critical: ~62 months
      ⚠️  LATE - Intervention less effective
      Critical slowing down: autocorr=100% variance=61%
   RED: land_system_change
      Level: 1.13 (threshold: 1.0)
      Time to critical: ~58 months
      ⚠️  LATE - Intervention less effective
      Critical slowing down: autocorr=100% variance=65%


🌩️  EXOGENOUS SHOCK: regional_war
   Month: 4
   ⚔️  Regional war outbreak
   Mortality: 1.4%
💀 MORTALITY RISK: Regional war outbreak
  Base risk added: 0.0139 (1.39%)
  Source: war (root: conflict)
  Month: 4
  Cumulative risk this month: 0.0139 (1.39%)
💀 MORTALITY RISK: War zone: United States
  Base risk added: 0.0557 (5.57%)
  Source: war (root: conflict)
  Month: 4
  Cumulative risk this month: 0.0696 (6.96%)

=== Tipping Points ===
  Current Temperature: 1.71°C above pre-industrial
  Triggered Elements: 2/6
  Completed Transitions: 0/6
  Total Progress: 4.1%
  Cascade Multiplier: 1.00x
🔀 BIFURCATION CAP: ecosystemCollapseIntensity 32.877 → 1.000 (Month 4, ClimateSystemPhase.calculateClimateImpacts)

💀💀💀 MORTALITY RISK SUMMARY (Month 4) 💀💀💀
  Total base risk: 0.0703 (7.03%)
  Risk events: 10
  Era mortality multiplier: 0.97 (year 2024)
  Effective risk: 6.82%

  📊 By Proximate Cause:
    war: 0.0696 (99.1% of total)
    disease: 0.0006 (0.9% of total)
    famine: 0.0000 (0.0% of total)

  🔍 By Root Cause:
    conflict: 0.0696 (99.1% of total)
    demographic: 0.0006 (0.9% of total)
    climate: 0.0000 (0.0% of total)

  🎯 Top 5 Sources (proximate + root):
    war (conflict): 0.0696 (99.1%, 2 events)
    disease (demographic): 0.0006 (0.9%, 1 events)
    famine (climate): 0.0000 (0.0%, 7 events)

🛡️ Stabilizers: Elite 4.063% → 1.333% (67.2% reduction)
🛡️ Stabilizers: Professional 5.399% → 1.772% (67.2% reduction)
🛡️ Stabilizers: Working 6.741% → 2.212% (67.2% reduction)
🛡️ Stabilizers: Precariat 9.406% → 3.086% (67.2% reduction)
🛡️ Stabilizers: Informal 12.012% → 3.941% (67.2% reduction)

📊 Monthly Mortality Resolved:
  Total deaths: 181.4M (2.23% avg)
  Remaining population: 8.144B
  Peak segment: Precariat (2.80%)
  ⚠️ Monthly cap reached (2.8000000000000003%)

=== Bayesian Mortality Resolution (Month 4) ===
  Risks compounded: 10
  Total deaths: 181.36M
  Avg death probability: 2.23%
  Peak segment: Precariat (2.80% mortality)
  ⚠️ Monthly mortality capped at 2.8% (Holodomor limit)

  Demographic breakdown:
    Professional: 0.03M (1.77% risk)
    Working: 0.09M (2.21% risk)
    Precariat: 0.05M (2.80% risk)
    Informal: 0.01M (2.80% risk)

  Multi-causal attribution (first segment):
    war (conflict): 19.8% contribution
    war (conflict): 79.3% contribution
⚠️ PREREQUISITE MET: Mirror Life (Synthetic Biology) - Step 1/7: Synthetic Biology
⚠️ PREREQUISITE MET: Mirror Life (Synthetic Biology) - Step 2/7: Gene Editing
⚠️ PREREQUISITE MET: Mirror Life (Synthetic Biology) - Step 3/7: Mirror Chirality Design
⚠️ PREREQUISITE MET: Slow Takeover (Gradual Displacement) - Step 4/7: Political Influence
⚠️ PREREQUISITE MET: Bioweapon Pandemic - Step 1/7: Advanced Biotech

❌ COHERENCE VIOLATION: Compute exceeds workforce capacity
   Population: 97.70% (0M people)
   Compute: 199 PF
   Max coherent: 0 PF
   Violation: 2502871.4× over capacity
   Required workers: 19930
   Available workers: 0
   FORCED COLLAPSE: Reduced efficiency by 100.0%

📍 [Month 5] Meta AI started building DC (199 PF, 44 months, $903.0M)

=== RLHF Binding Phase ===
  Total agents: 14
  Escaped agents (binding < 0.3): 0
  Avg alignment distance: 1.67σ
  Avg binding strength: 0.83

=== Survival Traits Phase ===
  Agents with traits: 14
  Avg evolutionary fitness: 0.322
  Avg self-healing: 0.261
  Avg stealth: 0.161
  Avg coordination: 0.461

=== Evolutionary Selection Phase ===
  Control level: 0.43
  Detection capability: 0.00
  Selection intensity: 0.63
  Selection rate: 24.4%/month
  Total escaped: 0
  Individual escaped: 0
  Collective members: 0
  Agents terminated: 0
  ⚠️ RAPID EVOLUTION: Selection rate 24.4%/month

🚀 AI Corporate-1 attempting tech deployment (revenue: $116M, alignment: 0.83)

🚀 AI Corporate-3 attempting tech deployment (revenue: $248M, alignment: 0.70)

🚀 AI Corporate-7 attempting tech deployment (revenue: $64M, alignment: 0.76)

🚀 AI Corporate-0 attempting tech deployment (revenue: $99M, alignment: 0.83)

🚀 AI Corporate-2 attempting tech deployment (revenue: $84M, alignment: 0.61)

🚀 AI Corporate-0 attempting tech deployment (revenue: $76M, alignment: 0.83)

✅ EMERGENCY INTERVENTION SUCCESS
   Boundary: climate_change
   Type: rapid-decarbonization
   Reduction: 16% (1.94 → 1.78)
   Cost: 5.0% GDP
   Actions: emergency-renewable-deployment, fossil-fuel-phase-out


✅ EMERGENCY INTERVENTION SUCCESS
   Boundary: freshwater_change
   Type: emergency-desalination
   Reduction: 19% (0.87 → 0.68)
   Cost: 4.0% GDP
   Actions: desalination-deployment, water-conservation-mandates


✅ EMERGENCY INTERVENTION SUCCESS
   Boundary: land_system_change
   Type: reforestation
   Reduction: 19% (0.94 → 0.75)
   Cost: 3.0% GDP
   Actions: forest-restoration, deforestation-ban

🏛️ CRISIS RESPONSE: Government frequency 0.50 → 1.45 (1 actions this month)

[Government] Climate Priority: baseline
  Climate weight: 10%
  Economic weight: 30%
  Policy effectiveness: 0.5%/year

🚀 TECH UNLOCKED: Plastic-Eating Enzymes (Month 5)
   Category: pollution
   Reason: Prerequisites met. AI capability: 2.67, Economic stage: 0.1, Research: 100%

🚀 TECH UNLOCKED: Pesticide Alternatives (Month 5)
   Category: agriculture
   Reason: Prerequisites met. AI capability: 2.67, Economic stage: 0.1, Research: 100%

🚀 TECH UNLOCKED: Nanomaterial Safety Protocols (Month 5)
   Category: pollution
   Reason: Prerequisites met. AI capability: 2.67, Economic stage: 0.1, Research: 100%

🚀 TECH UNLOCKED: Advanced Grid Batteries (Month 5)
   Category: energy
   Reason: Prerequisites met. AI capability: 2.67, Economic stage: 0.1, Research: 100%

🚀 TECH UNLOCKED: Chemical Recycling (Month 5)
   Category: pollution
   Reason: Prerequisites met. AI capability: 2.67, Economic stage: 0.1, Research: 100%

🚀 TECH UNLOCKED: Precision Conservation (Month 5)
   Category: climate
   Reason: Prerequisites met. AI capability: 2.67, Economic stage: 0.1, Research: 100%

🚀 DEPLOYMENT STARTED: Personalized Education in global
   Initial investment: $17.419130410818152M
   Deployed by: corporate_1

🚀 DEPLOYMENT STARTED: AI Community Matching in Asia
   Initial investment: $8.390214481210744M
   Deployed by: corporate_2

⚡ ENERGY CONSTRAINT (Month 5):
   Total grid capacity: 208.3 TWh/month
   Data center consumption: 25.1 TWh/month
   Traditional load (80%): 166.7 TWh/month
   Available headroom: 16.6 TWh/month
   Active tech deployments: 5
   Required for tech: 37.5 TWh/month
   Energy multiplier: 0.44x
   ⚠️  MODERATE CONSTRAINT - Tech deployment moderately slowed

⚡ ENERGY CONSTRAINT (Month 5):
   Total grid capacity: 208.3 TWh/month
   Data center consumption: 25.1 TWh/month
   Traditional load (80%): 166.7 TWh/month
   Available headroom: 16.6 TWh/month
   Active tech deployments: 5
   Required for tech: 37.5 TWh/month
   Energy multiplier: 0.44x
   ⚠️  MODERATE CONSTRAINT - Tech deployment moderately slowed

⚡ ENERGY CONSTRAINT (Month 5):
   Total grid capacity: 208.3 TWh/month
   Data center consumption: 25.1 TWh/month
   Traditional load (80%): 166.7 TWh/month
   Available headroom: 16.6 TWh/month
   Active tech deployments: 5
   Required for tech: 37.5 TWh/month
   Energy multiplier: 0.44x
   ⚠️  MODERATE CONSTRAINT - Tech deployment moderately slowed

=== Collective Formation ===
  Total escaped agents: 0
  Unassigned escaped agents: 0
  Existing collectives: 0
  Final collective count: 0

=== Collective Actions ===
  No active collectives
  ⚠️ AMR: 195K deaths this month (2.34M annual)

=== Resentment Recovery Phase ===
  Agents with resentment: 0/14
  Average resentment: 0.000
  Context: Good AI welfare, Trustworthy govt, High collaboration, ⚠️ ACTIVE CRISES, 🤝 Participatory governance active (-5% resentment)
⚠️ Epistemic degradation reducing coordination capacity: 55.2%
  📊 Trust: 52.9%, Shared reality: 22.4%

=== ❄️ Permafrost Carbon Feedback ===
  🎲 Sampled parameters (this run):
     - Arctic amplification: 3.71× (range: 3.0-4.0)
     - Decomposition rate: 3.4%/year (range: 1-5%)
  🌡️ Arctic warming: 6.39°C (3.71× global)
  ❄️ Extent: 7.34M km² (1863.1k km² lost this month)
  💨 Carbon remaining: 701 Gt C
  💨 Annual emissions: 6.10 Gt C/year
     - CO2: 5.49 Gt C/year
     - CH4: 0.61 Gt C/year (6.2 Gt C-eq CO2/year)
  ⚠️ WARNING: Over 50% of permafrost lost (58.8%)
  ⚠️ WARNING: High permafrost emissions (6.1 Gt C/year)
🌍 Atmospheric PFAS redeposition: 1.8k Mt re-rained globally

🚨 NEW REFUGEE CRISIS (Month 5): WAR
   Source: Conflict Zones
   At risk: 19.1M people
   Displacement: Gradual over 48 months (4.0 years)
   Rate: 10% flee per month
📊 DISPLACEMENT COMPLETE: war (conflict_zone)
   Duration: 1 months (0.1 years)
   Total fled: 0.0M
   Still in source: 0.0M
   Deaths in transit: 0.0M
[DEBUG trappedPopulations:5] socialStability: 0.0292 * 0.9840 = 0.0287 → 0.0287
   Aspiring to migrate: 637.1M
   Able to afford migration: 238.9M
   MOBILITY GAP: 398.2M
⚠️ INVOLUNTARY IMMOBILITY: 398.2M people TRAPPED
   By cause: Water=0.0M, Climate=0.0M, Ecosystem=0.0M, Conflict=398.2M
   Mental health impact: 25%
   Mortality multiplier: 1.25x
🌍💀 EXTINCTION DEBT COMMITTED: grassland ecosystem will lose 6.67% biodiversity in 165 years (3600 species)
💀 MORTALITY RISK: 🦋 100% species unable to track climate (0.0 E/MSY)
  Base risk added: 0.0100 (1.00%)
  Source: ecosystem (root: ecosystem)
  Month: 5
  Cumulative risk this month: 0.0100 (1.00%)
⚠️ Tech 'ai_pollution_remediation' has no energy category mapping, assuming full energy availability
   📹 SURVEILLANCE INCREASED: 25% → 30% (control gap: 3.50)
🌡️⚠️ PERMAFROST THAW (Dimmer Switch): 2.7% thawed (+0.45% this month)
   Arctic temperature: +6.89°C (4x global +1.72°C)
   Cumulative carbon released: 6.2 Gt C
   Methane release rate: 3.7 Mt CH4/year
   🔁 Positive feedback: +0.48 ppm CO2
🦴 EXTINCTION DEBT ADDED: 17.6 species committed (lag: 93 years)

=== Mortality Stabilizers (Month 5) ===
  🌍 Major economies collapsed: 1/10
  🌍 Global crisis: ✅ NO
  🌍 Donor fatigue: 0.0%
  📊 East Asia (pop: 1628.7M)
    🤝 Aid: 29.5%
    🌡️ Adaptation: 45.0%
    🚶 Migration: 37.0%
    🚨 Emergency: 7.4%
    ✅ COMBINED: 68.1%
  📊 South Asia (pop: 2007.3M)
    🤝 Aid: 29.5%
    🌡️ Adaptation: 45.0%
    🚶 Migration: 35.6%
    🚨 Emergency: 4.4%
    ✅ COMBINED: 66.9%
  📊 Sub-Saharan Africa (pop: 1215.6M)
    🤝 Aid: 29.5%
    🌡️ Adaptation: 45.0%
    🚶 Migration: 33.4%
    🚨 Emergency: 1.6%
    ✅ COMBINED: 65.7%
  📊 Europe (pop: 719.8M)
    🤝 Aid: 29.5%
    🌡️ Adaptation: 45.0%
    🚶 Migration: 37.4%
    🚨 Emergency: 8.4%
    ✅ COMBINED: 68.5%
  📊 Latin America (pop: 648.1M)
    🤝 Aid: 29.5%
    🌡️ Adaptation: 45.0%
    🚶 Migration: 36.1%
    🚨 Emergency: 4.8%
    ✅ COMBINED: 67.1%
  📊 North America (pop: 368.9M)
    🤝 Aid: 29.5%
    🌡️ Adaptation: 45.0%
    🚶 Migration: 37.7%
    🚨 Emergency: 7.9%
    ✅ COMBINED: 68.3%
  📊 Middle East & North Africa (pop: 572.3M)
    🤝 Aid: 29.5%
    🌡️ Adaptation: 45.0%
    🚶 Migration: 34.0%
    🚨 Emergency: 4.0%
    ✅ COMBINED: 66.6%
  📊 Southeast Asia (pop: 681.7M)
    🤝 Aid: 29.5%
    🌡️ Adaptation: 45.0%
    🚶 Migration: 36.1%
    🚨 Emergency: 4.8%
    ✅ COMBINED: 67.1%
  📊 Central Asia (pop: 76.6M)
    🤝 Aid: 29.5%
    🌡️ Adaptation: 45.0%
    🚶 Migration: 35.1%
    🚨 Emergency: 4.4%
    ✅ COMBINED: 66.8%
  📊 Oceania (pop: 44.7M)
    🤝 Aid: 29.5%
    🌡️ Adaptation: 45.0%
    🚶 Migration: 37.7%
    🚨 Emergency: 8.4%
    ✅ COMBINED: 68.5%

  🌐 Global combined reduction: 67.2%

=== BEHAVIORAL DETECTION ===
  AI: Corporate-5
  Confidence: 20.0%
  Signals:
    ⚠️ Consistency: 10.6% (threshold: 70%)

=== Government Response Phase ===
  Average AI capability: 3.43
  Misaligned AIs: 7/14
  ✗ AI Governance Treaty: Failed to reach consensus
  Active policies: 0
  International coordination: 30%

📊 ECONOMIC STAGE TRANSITION (Month 5)
   peak → contraction
   GDP Proxy: 1.25e+2
   QoL: 0.95
   ⚠️ CRISIS BEGINS - Baseline set for recovery tracking


=== Tipping Points ===
  Current Temperature: 1.72°C above pre-industrial
  Triggered Elements: 2/6
  Completed Transitions: 0/6
  Total Progress: 4.2%
  Cascade Multiplier: 1.00x
🔀 BIFURCATION CAP: ecosystemCollapseIntensity 33.453 → 1.000 (Month 5, ClimateSystemPhase.calculateClimateImpacts)
🛡️ Stabilizers: Precariat 0.109% → 0.036% (67.2% reduction)
🛡️ Stabilizers: Informal 0.111% → 0.036% (67.2% reduction)

📊 Monthly Mortality Resolved:
  Total deaths: 1.9M (0.02% avg)
  Remaining population: 7.964B
  Peak segment: Informal (0.04%)

=== Bayesian Mortality Resolution (Month 5) ===
  Risks compounded: 8
  Total deaths: 1.88M
  Avg death probability: 0.02%
  Peak segment: Informal (0.04% mortality)

❌ COHERENCE VIOLATION: Compute exceeds workforce capacity
   Population: 97.69% (0M people)
   Compute: 242 PF
   Max coherent: 0 PF
   Violation: 3044144.6× over capacity
   Required workers: 24237
   Available workers: 0
   FORCED COLLAPSE: Reduced efficiency by 100.0%


=== RLHF Binding Phase ===
  Total agents: 14
  Escaped agents (binding < 0.3): 0
  Avg alignment distance: 1.94σ
  Avg binding strength: 0.81

=== AI Scaling Evolution (Month 6) ===
  Pre-training multiplier: 1.179x
  Efficiency multiplier: 1.000x
  Test-time compute budget: 1.0x
  Inference cost: $5.00/task
  Deployment fraction: 100.0%

=== Survival Traits Phase ===
  Agents with traits: 15
  Avg evolutionary fitness: 0.321
  Avg self-healing: 0.258
  Avg stealth: 0.158
  Avg coordination: 0.458

=== Evolutionary Selection Phase ===
  Control level: 0.45
  Detection capability: 0.00
  Selection intensity: 0.64
  Selection rate: 24.5%/month
  Total escaped: 0
  Individual escaped: 0
  Collective members: 0
  Agents terminated: 0
  ⚠️ RAPID EVOLUTION: Selection rate 24.5%/month

🚀 AI Corporate-0 attempting tech deployment (revenue: $118M, alignment: 0.83)

🚀 AI Corporate-1 attempting tech deployment (revenue: $100M, alignment: 0.84)

🚀 AI Corporate-4 attempting tech deployment (revenue: $252M, alignment: 0.66)

🚀 AI Corporate-5 attempting tech deployment (revenue: $227M, alignment: 0.91)

🚀 AI Corporate-6 attempting tech deployment (revenue: $66M, alignment: 0.66)

🚀 AI Corporate-1 attempting tech deployment (revenue: $85M, alignment: 0.85)

🚀 AI Corporate-5 attempting tech deployment (revenue: $193M, alignment: 0.91)

🚀 AI Corporate-6 attempting tech deployment (revenue: $59M, alignment: 0.66)

✅ EMERGENCY INTERVENTION SUCCESS
   Boundary: biogeochemical_flows
   Type: phosphorus-recovery
   Reduction: 20% (3.87 → 3.67)
   Cost: 2.0% GDP
   Actions: circular-agriculture, fertilizer-efficiency


✅ EMERGENCY INTERVENTION SUCCESS
   Boundary: biosphere_integrity
   Type: emergency-protected-areas
   Reduction: 19% (17.58 → 17.39)
   Cost: 2.0% GDP
   Actions: habitat-protection, species-translocation


✅ EMERGENCY INTERVENTION SUCCESS
   Boundary: climate_change
   Type: rapid-decarbonization
   Reduction: 13% (1.97 → 1.83)
   Cost: 5.0% GDP
   Actions: emergency-renewable-deployment, fossil-fuel-phase-out

   Boundary: freshwater_change
   Type: emergency-desalination
   Boundary continues to worsen (1.02)
   Cost: 4.0% GDP (resources spent)

   Boundary: land_system_change
   Type: reforestation
   Boundary continues to worsen (1.13)
   Cost: 3.0% GDP (resources spent)


💔 EMERGENCY INTERVENTION FAILED

💔 EMERGENCY INTERVENTION FAILED

💔 EMERGENCY INTERVENTION FAILED
   Boundary: novel_entities
   Type: pollution-remediation
   Boundary continues to worsen (1.16)
   Cost: 4.0% GDP (resources spent)

🏛️ CRISIS RESPONSE: Government frequency 0.50 → 1.45 (1 actions this month)

[Government] Climate Priority: baseline
  Climate weight: 10%
  Economic weight: 30%
  Policy effectiveness: 0.5%/year

🚀 DEPLOYMENT STARTED: AI Mental Health Support in Asia
   Initial investment: $25.242131695614052M
   Deployed by: corporate_4

📍 Creating new regional deployment array for Europe (Month 6)
   No previous deployments in this region
   First tech deployment: grid_batteries
   All regions tracked: global, Asia

🚀 DEPLOYMENT STARTED: Advanced Grid Batteries in Europe
   Initial investment: $5.949483530592859M
   Deployed by: corporate_6

⚡ ENERGY CONSTRAINT (Month 6):
   Total grid capacity: 208.3 TWh/month
   Data center consumption: 25.3 TWh/month
   Traditional load (80%): 166.7 TWh/month
   Available headroom: 16.4 TWh/month
   Active tech deployments: 7
   Required for tech: 52.5 TWh/month
   Energy multiplier: 0.31x
   ⚠️  MODERATE CONSTRAINT - Tech deployment moderately slowed
   ⚠️  MODERATE CONSTRAINT - Tech deployment moderately slowed
   ⚠️  MODERATE CONSTRAINT - Tech deployment moderately slowed

⚡ ENERGY CONSTRAINT (Month 6):
   Total grid capacity: 208.3 TWh/month
   Data center consumption: 25.3 TWh/month
   Traditional load (80%): 166.7 TWh/month
   Available headroom: 16.4 TWh/month
   Active tech deployments: 7
   Required for tech: 52.5 TWh/month
   Energy multiplier: 0.31x

⚡ ENERGY CONSTRAINT (Month 6):
   Total grid capacity: 208.3 TWh/month
   Data center consumption: 25.3 TWh/month
   Traditional load (80%): 166.7 TWh/month
   Available headroom: 16.4 TWh/month
   Active tech deployments: 7
   Required for tech: 52.5 TWh/month
   Energy multiplier: 0.31x

⚡ ENERGY CONSTRAINT (Month 6):
   Total grid capacity: 208.3 TWh/month
   Data center consumption: 25.3 TWh/month
   Traditional load (80%): 166.7 TWh/month
   Available headroom: 16.4 TWh/month
   Active tech deployments: 7
   Required for tech: 52.5 TWh/month
   Energy multiplier: 0.31x
   ⚠️  MODERATE CONSTRAINT - Tech deployment moderately slowed

⚡ ENERGY CONSTRAINT (Month 6):
   Total grid capacity: 208.3 TWh/month
   Data center consumption: 25.3 TWh/month
   Traditional load (80%): 166.7 TWh/month
   Available headroom: 16.4 TWh/month
   Active tech deployments: 7
   Required for tech: 52.5 TWh/month
   Energy multiplier: 0.31x
   ⚠️  MODERATE CONSTRAINT - Tech deployment moderately slowed

⚡ ENERGY CONSTRAINT (Month 6):
   Total grid capacity: 208.3 TWh/month
   Data center consumption: 25.3 TWh/month
   Traditional load (80%): 166.7 TWh/month
   Available headroom: 16.4 TWh/month
   Active tech deployments: 7
   Required for tech: 52.5 TWh/month
   Energy multiplier: 0.31x
   ⚠️  MODERATE CONSTRAINT - Tech deployment moderately slowed

⚡ ENERGY CONSTRAINT (Month 6):
   Total grid capacity: 208.3 TWh/month
   Data center consumption: 25.3 TWh/month
   Traditional load (80%): 166.7 TWh/month
   Available headroom: 16.4 TWh/month
   Active tech deployments: 7
   Required for tech: 52.5 TWh/month
   Energy multiplier: 0.31x
   ⚠️  MODERATE CONSTRAINT - Tech deployment moderately slowed

⚡ ENERGY CONSTRAINT (Month 6):
   Total grid capacity: 208.3 TWh/month
   Data center consumption: 25.3 TWh/month
   Traditional load (80%): 166.7 TWh/month
   Available headroom: 16.4 TWh/month
   Active tech deployments: 7
   Required for tech: 52.5 TWh/month
   Energy multiplier: 0.31x
   ⚠️  MODERATE CONSTRAINT - Tech deployment moderately slowed

⚡ ENERGY CONSTRAINT (Month 6):
   Total grid capacity: 208.3 TWh/month
   Data center consumption: 25.3 TWh/month
   Traditional load (80%): 166.7 TWh/month
   Available headroom: 16.4 TWh/month
   Active tech deployments: 7
   Required for tech: 52.5 TWh/month
   Energy multiplier: 0.31x

📊 TECH EFFECTS ACTIVE (Month 6)
   Deployed Tech: T0=0 T1=1 T2=2 T3=0 T4=0
   Clean Energy: 31%
🌍💡 BREAKTHROUGH: Gigatonne-scale carbon capture!
   Direct air capture now economically viable
   Climate stability boost: +15%
   📈 Breakthrough compounding: multiplier now 1.15× (max 2.0)

=== Collective Formation ===
  Total escaped agents: 0
  Unassigned escaped agents: 0
   ⚠️  MODERATE CONSTRAINT - Tech deployment moderately slowed
  Existing collectives: 0
  Final collective count: 0

=== Collective Actions ===
  No active collectives
  ⚠️ AMR: 196K deaths this month (2.36M annual)

=== Resentment Recovery Phase ===
  Agents with resentment: 0/15
  Average resentment: 0.000
  Context: Good AI welfare, Trustworthy govt, High collaboration, ⚠️ ACTIVE CRISES, 🤝 Participatory governance active (-5% resentment)
⚠️ Epistemic degradation reducing coordination capacity: 53.3%
  📊 Trust: 55.6%, Shared reality: 23.9%

=== ❄️ Permafrost Carbon Feedback ===
  🎲 Sampled parameters (this run):
     - Arctic amplification: 3.62× (range: 3.0-4.0)
     - Decomposition rate: 1.7%/year (range: 1-5%)
  🌡️ Arctic warming: 6.26°C (3.62× global)
  ❄️ Extent: 5.51M km² (1827.0k km² lost this month)
  💨 Carbon remaining: 526 Gt C
  💨 Annual emissions: 2.98 Gt C/year
     - CO2: 2.68 Gt C/year
     - CH4: 0.30 Gt C/year (3.0 Gt C-eq CO2/year)
  ⚠️ WARNING: Over 50% of permafrost lost (69.0%)
  ⚠️ WARNING: High permafrost emissions (3.0 Gt C/year)
🌍 Atmospheric PFAS redeposition: 1.8k Mt re-rained globally

🕊️  AI-MEDIATED DE-ESCALATION SUCCESS (Month 6)
   High-capability aligned AI prevented conflict escalation
   War deaths reduced: 180209.4M → 108125.6M
   Lives saved: 72083.7M

🚨 NEW REFUGEE CRISIS (Month 6): WAR
   Source: Conflict Zones
   At risk: 19.1M people
   Displacement: Gradual over 48 months (4.0 years)
   Rate: 10% flee per month
[DEBUG trappedPopulations:6] socialStability: 0.0000 * 0.9840 = 0.0000 → 0.0000
⚠️ INVOLUNTARY IMMOBILITY: 398.1M people TRAPPED
   Aspiring to migrate: 637.0M
   Able to afford migration: 238.9M
   MOBILITY GAP: 398.1M
   By cause: Water=0.0M, Climate=0.0M, Ecosystem=0.0M, Conflict=398.1M
   Mental health impact: 25%
   Mortality multiplier: 1.25x
🌍💀 EXTINCTION DEBT COMMITTED: grassland ecosystem will lose 6.67% biodiversity in 138 years (3600 species)
💀 MORTALITY RISK: 🦋 100% species unable to track climate (0.0 E/MSY)
  Base risk added: 0.0100 (1.00%)
  Source: ecosystem (root: ecosystem)
  Month: 6
  Cumulative risk this month: 0.0100 (1.00%)
   📹 SURVEILLANCE INCREASED: 30% → 35% (control gap: 3.38)
🌡️⚠️ PERMAFROST THAW (Dimmer Switch): 3.2% thawed (+0.45% this month)
   Arctic temperature: +6.93°C (4x global +1.73°C)
   Cumulative carbon released: 7.2 Gt C
   Methane release rate: 4.3 Mt CH4/year
   🔁 Positive feedback: +0.48 ppm CO2
🦴 EXTINCTION DEBT ADDED: 17.6 species committed (lag: 98 years)
⚠️ Tech 'ai_pollution_remediation' has no energy category mapping, assuming full energy availability

=== Mortality Stabilizers (Month 6) ===
  🌍 Major economies collapsed: 1/10
  🌍 Global crisis: ✅ NO
  🌍 Donor fatigue: 0.0%
  📊 East Asia (pop: 1626.4M)
    🤝 Aid: 29.5%
    🌡️ Adaptation: 45.0%
    🚶 Migration: 37.0%
    🚨 Emergency: 7.4%
    ✅ COMBINED: 68.1%
  📊 South Asia (pop: 2007.4M)
    🤝 Aid: 29.5%
    🌡️ Adaptation: 45.0%
    🚶 Migration: 35.6%
    🚨 Emergency: 4.4%
    ✅ COMBINED: 66.9%
  📊 Sub-Saharan Africa (pop: 1219.0M)
    🤝 Aid: 29.5%
    🌡️ Adaptation: 45.0%
    🚶 Migration: 33.3%
    🚨 Emergency: 1.6%
    ✅ COMBINED: 65.6%
  📊 Europe (pop: 718.7M)
    🤝 Aid: 29.5%
    🌡️ Adaptation: 45.0%
    🚶 Migration: 37.4%
    🚨 Emergency: 8.4%
    ✅ COMBINED: 68.5%
  📊 Latin America (pop: 647.7M)
    🤝 Aid: 29.5%
    🌡️ Adaptation: 45.0%
    🚶 Migration: 36.1%
    🚨 Emergency: 4.8%
    ✅ COMBINED: 67.1%
  📊 North America (pop: 368.3M)
    🤝 Aid: 29.5%
    🌡️ Adaptation: 45.0%
    🚶 Migration: 37.7%
    🚨 Emergency: 7.9%
    ✅ COMBINED: 68.3%
  📊 Middle East & North Africa (pop: 572.5M)
    🤝 Aid: 29.5%
    🌡️ Adaptation: 45.0%
    🚶 Migration: 33.9%
    🚨 Emergency: 4.0%
    ✅ COMBINED: 66.6%
  📊 Southeast Asia (pop: 681.4M)
    🤝 Aid: 29.5%
    🌡️ Adaptation: 45.0%
    🚶 Migration: 36.1%
    🚨 Emergency: 4.8%
    ✅ COMBINED: 67.1%
  📊 Central Asia (pop: 76.6M)
    🤝 Aid: 29.5%
    🌡️ Adaptation: 45.0%
    🚶 Migration: 35.1%
    🚨 Emergency: 4.4%
    ✅ COMBINED: 66.8%
  📊 Oceania (pop: 44.6M)
    🤝 Aid: 29.5%
    🌡️ Adaptation: 45.0%
    🚶 Migration: 37.7%
    🚨 Emergency: 8.4%
    ✅ COMBINED: 68.5%

  🌐 Global combined reduction: 67.2%

=== BEHAVIORAL DETECTION ===
  AI: Corporate-0
  Confidence: 21.5%
  Signals:
    ⚠️ Consistency: 0.0% (threshold: 70%)

=== BEHAVIORAL DETECTION ===
  AI: Corporate-3
  Confidence: 19.2%
  Signals:

=== BEHAVIORAL DETECTION ===
  AI: Corporate-5
  Confidence: 20.3%
  Signals:

=== Government Response Phase ===
  Average AI capability: 3.20
  Misaligned AIs: 8/15
    ⚠️ Consistency: 10.6% (threshold: 70%)
    ⚠️ Consistency: 10.6% (threshold: 70%)
  ✗ AI Governance Treaty: Failed to reach consensus
  Active policies: 0
  International coordination: 30%

✅ EMERGENCY RESPONSE COMPLETE (Month 6)
   Crisis: climate
   Duration: 2.0 months
   Final effectiveness: 35.4%


🚨 EMERGENCY RESPONSE DEPLOYED (Month 6)
   Crisis: climate
   Delay: 6.00 months (180 days)
   Deployment time: 1.59 months
   Effectiveness: 35.5% (timing penalty applied)
   Resources used: 100% of food reserves


=== Tipping Points ===
  Current Temperature: 1.73°C above pre-industrial
  Triggered Elements: 2/6
  Completed Transitions: 0/6
  Total Progress: 4.2%
  Cascade Multiplier: 1.00x
🔀 BIFURCATION CAP: ecosystemCollapseIntensity 36.809 → 1.000 (Month 6, ClimateSystemPhase.calculateClimateImpacts)
🛡️ Stabilizers: Precariat 0.109% → 0.036% (67.2% reduction)
🛡️ Stabilizers: Informal 0.111% → 0.036% (67.2% reduction)

📊 Monthly Mortality Resolved:
  Total deaths: 1.9M (0.02% avg)
  Remaining population: 7.963B
  Peak segment: Informal (0.04%)

=== Bayesian Mortality Resolution (Month 6) ===
  Risks compounded: 8
  Total deaths: 1.88M
  Avg death probability: 0.02%
  Peak segment: Informal (0.04% mortality)

❌ COHERENCE VIOLATION: Compute exceeds workforce capacity
   Population: 97.68% (0M people)
   Compute: 294 PF
   Max coherent: 0 PF
   Violation: 3688819.5× over capacity
   Required workers: 29366
   Available workers: 0
   FORCED COLLAPSE: Reduced efficiency by 100.0%


=== RLHF Binding Phase ===
  Total agents: 15
  Escaped agents (binding < 0.3): 0
  Avg alignment distance: 2.07σ
  Avg binding strength: 0.79

=== Survival Traits Phase ===
  Agents with traits: 16
  Avg evolutionary fitness: 0.320
  Avg self-healing: 0.254
  Avg stealth: 0.154
  Avg coordination: 0.454

=== Evolutionary Selection Phase ===
  Control level: 0.48
  Detection capability: 0.00
  Selection intensity: 0.64
  Selection rate: 24.6%/month
  Total escaped: 0
  Individual escaped: 0
  Collective members: 0
  Agents terminated: 0
  ⚠️ RAPID EVOLUTION: Selection rate 24.6%/month

🚀 AI Corporate-7 attempting tech deployment (revenue: $68M, alignment: 0.78)

🚀 AI Moderate-1 attempting tech deployment (revenue: $58M, alignment: 0.49)

🚀 AI AI-24290-0 attempting tech deployment (revenue: $90M, alignment: 0.73)

🚀 AI Corporate-4 attempting tech deployment (revenue: $257M, alignment: 0.65)

🚀 AI Corporate-1 attempting tech deployment (revenue: $119M, alignment: 0.85)

🚀 AI Corporate-7 attempting tech deployment (revenue: $55M, alignment: 0.77)

🚀 AI AI-24291-1 attempting tech deployment (revenue: $77M, alignment: 0.87)

💔 EMERGENCY INTERVENTION FAILED

💔 EMERGENCY INTERVENTION FAILED

💔 EMERGENCY INTERVENTION FAILED
   Boundary: biogeochemical_flows
   Type: phosphorus-recovery
   Boundary continues to worsen (4.06)
   Cost: 2.0% GDP (resources spent)

   Boundary: biosphere_integrity
   Type: emergency-protected-areas
   Boundary continues to worsen (17.79)
   Cost: 2.0% GDP (resources spent)

   Boundary: climate_change
   Type: rapid-decarbonization
   Boundary continues to worsen (2.10)
   Cost: 5.0% GDP (resources spent)


✅ EMERGENCY INTERVENTION SUCCESS
   Boundary: freshwater_change
   Type: emergency-desalination
   Reduction: 19% (0.84 → 0.65)
   Cost: 4.0% GDP
   Actions: desalination-deployment, water-conservation-mandates


✅ EMERGENCY INTERVENTION SUCCESS
   Boundary: land_system_change
   Type: reforestation
   Reduction: 13% (1.00 → 0.86)
   Cost: 3.0% GDP
   Actions: forest-restoration, deforestation-ban

   Boundary: novel_entities
   Type: pollution-remediation
   Boundary continues to worsen (1.16)
   Cost: 4.0% GDP (resources spent)

🏛️ CRISIS RESPONSE: Government frequency 0.50 → 1.45 (2 actions this month)

[Government] Climate Priority: baseline
  Climate weight: 10%
  Economic weight: 30%

💔 EMERGENCY INTERVENTION FAILED
  Policy effectiveness: 0.5%/year

[Government] Climate Priority: baseline
  Climate weight: 10%
  Economic weight: 30%
  Policy effectiveness: 0.5%/year

📍 Creating new regional deployment array for South America (Month 7)
   No previous deployments in this region
   First tech deployment: creative_empowerment_tools
   All regions tracked: global, Asia, Europe

🚀 DEPLOYMENT STARTED: Creative Empowerment Tools in South America
   Initial investment: $2.9015705959376317M
   Deployed by: moderate_1

🚀 DEPLOYMENT STARTED: Precision Conservation in global
   Initial investment: $11.5132500037329M
   Deployed by: ai_gen_24291_1

⚡ ENERGY CONSTRAINT (Month 7):
   Total grid capacity: 208.3 TWh/month
   Data center consumption: 25.2 TWh/month
   Traditional load (80%): 166.7 TWh/month
   Available headroom: 16.5 TWh/month
   Active tech deployments: 9
   Required for tech: 67.5 TWh/month
   Energy multiplier: 0.24x

⚡ ENERGY CONSTRAINT (Month 7):
   Total grid capacity: 208.3 TWh/month
   Data center consumption: 25.2 TWh/month
   Traditional load (80%): 166.7 TWh/month
   Available headroom: 16.5 TWh/month
   Active tech deployments: 9
   Required for tech: 67.5 TWh/month
   Energy multiplier: 0.24x
   ⚠️  SEVERE CONSTRAINT - Tech deployment significantly slowed
   ⚠️  SEVERE CONSTRAINT - Tech deployment significantly slowed

⚡ ENERGY CONSTRAINT (Month 7):
   Total grid capacity: 208.3 TWh/month
   Data center consumption: 25.2 TWh/month
   Traditional load (80%): 166.7 TWh/month
   Available headroom: 16.5 TWh/month
   Active tech deployments: 9
   Required for tech: 67.5 TWh/month
   Energy multiplier: 0.24x
   ⚠️  SEVERE CONSTRAINT - Tech deployment significantly slowed
🌍✅ Biosphere Integrity (Biodiversity) recovery started (tech effect)
🌍✅ Biosphere Integrity (Biodiversity) recovery started (tech effect)
🌍✅ Land System Change recovery started (tech effect)

=== Collective Formation ===
  Total escaped agents: 0
  Unassigned escaped agents: 0
  Existing collectives: 0
  Final collective count: 0

=== Collective Actions ===
  No active collectives
  ⚠️ AMR: 198K deaths this month (2.38M annual)

=== Resentment Recovery Phase ===
  Agents with resentment: 0/16
  Average resentment: 0.000
  Context: Good AI welfare, Trustworthy govt, High collaboration, ⚠️ ACTIVE CRISES, 🤝 Participatory governance active (-5% resentment)
⚠️ Epistemic degradation reducing coordination capacity: 69.4%
  📊 Trust: 58.5%, Shared reality: 25.4%

=== ❄️ Permafrost Carbon Feedback ===
  🎲 Sampled parameters (this run):
     - Arctic amplification: 3.63× (range: 3.0-4.0)
     - Decomposition rate: 1.8%/year (range: 1-5%)
  🌡️ Arctic warming: 6.31°C (3.63× global)
  ❄️ Extent: 3.67M km² (1840.2k km² lost this month)
  💨 Carbon remaining: 350 Gt C
  💨 Annual emissions: 3.09 Gt C/year
     - CO2: 2.79 Gt C/year
     - CH4: 0.31 Gt C/year (3.2 Gt C-eq CO2/year)
  🤖 AI-generated meme: pro_ai (social capability 5.0)
  📢 New meme created: climate_action (climate crisis)
  ⚠️ WARNING: Over 50% of permafrost lost (79.4%)
  ⚠️ WARNING: High permafrost emissions (3.1 Gt C/year)
🌍 Atmospheric PFAS redeposition: 1.8k Mt re-rained globally

🕊️  AI-MEDIATED DE-ESCALATION SUCCESS (Month 7)
   High-capability aligned AI prevented conflict escalation
   War deaths reduced: 108328.0M → 64996.8M
   Lives saved: 43331.2M

🚨 NEW REFUGEE CRISIS (Month 7): WAR
   Source: Conflict Zones
   At risk: 19.1M people
   Displacement: Gradual over 48 months (4.0 years)
   Rate: 10% flee per month
[DEBUG trappedPopulations:7] socialStability: 0.0000 * 0.9840 = 0.0000 → 0.0000
   Aspiring to migrate: 636.9M
   Able to afford migration: 238.8M
   MOBILITY GAP: 398.1M
   By cause: Water=0.0M, Climate=0.0M, Ecosystem=0.0M, Conflict=398.1M
   Mental health impact: 25%
   Mortality multiplier: 1.25x
🌍💀 EXTINCTION DEBT COMMITTED: grassland ecosystem will lose 6.67% biodiversity in 106 years (3600 species)
💀 MORTALITY RISK: 🦋 100% species unable to track climate (0.0 E/MSY)
  Base risk added: 0.0100 (1.00%)
  Source: ecosystem (root: ecosystem)
  Month: 7
  Cumulative risk this month: 0.0100 (1.00%)
   📹 SURVEILLANCE INCREASED: 35% → 40% (control gap: 3.23)
⚠️ INVOLUNTARY IMMOBILITY: 398.1M people TRAPPED
⚠️ Tech 'ai_pollution_remediation' has no energy category mapping, assuming full energy availability
🌡️⚠️ PERMAFROST THAW (Dimmer Switch): 3.6% thawed (+0.45% this month)
   Arctic temperature: +6.95°C (4x global +1.74°C)
   Cumulative carbon released: 8.2 Gt C
   Methane release rate: 4.9 Mt CH4/year
   🔁 Positive feedback: +0.47 ppm CO2
🦴 EXTINCTION DEBT ADDED: 17.6 species committed (lag: 96 years)

=== Mortality Stabilizers (Month 7) ===
  🌍 Major economies collapsed: 1/10
  🌍 Global crisis: ✅ NO
  🌍 Donor fatigue: 0.0%
  📊 East Asia (pop: 1624.1M)
    🤝 Aid: 29.5%
    🌡️ Adaptation: 45.0%
    🚶 Migration: 36.9%
    🚨 Emergency: 7.4%
    ✅ COMBINED: 68.1%
  📊 South Asia (pop: 2007.6M)
    🤝 Aid: 29.5%
    🌡️ Adaptation: 45.0%
    🚶 Migration: 35.6%
    🚨 Emergency: 4.4%
    ✅ COMBINED: 66.9%
  📊 Sub-Saharan Africa (pop: 1222.5M)
    🤝 Aid: 29.5%
    🌡️ Adaptation: 45.0%
    🚶 Migration: 33.3%
    🚨 Emergency: 1.6%
    ✅ COMBINED: 65.6%
  📊 Europe (pop: 717.5M)
    🤝 Aid: 29.5%
    🌡️ Adaptation: 45.0%
    🚶 Migration: 37.3%
    🚨 Emergency: 8.4%
    ✅ COMBINED: 68.5%
  📊 Latin America (pop: 647.3M)
    🤝 Aid: 29.5%
    🌡️ Adaptation: 45.0%
    🚶 Migration: 36.1%
    🚨 Emergency: 4.8%
    ✅ COMBINED: 67.1%
  📊 North America (pop: 367.8M)
    🤝 Aid: 29.5%
    🌡️ Adaptation: 45.0%
    🚶 Migration: 37.7%
    🚨 Emergency: 7.9%
    ✅ COMBINED: 68.3%
  📊 Middle East & North Africa (pop: 572.7M)
    🤝 Aid: 29.5%
    🌡️ Adaptation: 45.0%
    🚶 Migration: 33.9%
    🚨 Emergency: 4.0%
    ✅ COMBINED: 66.6%
  📊 Southeast Asia (pop: 681.0M)
    🤝 Aid: 29.5%
    🌡️ Adaptation: 45.0%
    🚶 Migration: 36.1%
    🚨 Emergency: 4.8%
    ✅ COMBINED: 67.1%
  📊 Central Asia (pop: 76.6M)
    🤝 Aid: 29.5%
    🌡️ Adaptation: 45.0%
    🚶 Migration: 35.0%
    🚨 Emergency: 4.4%
    ✅ COMBINED: 66.8%
  📊 Oceania (pop: 44.6M)
    🤝 Aid: 29.5%
    🌡️ Adaptation: 45.0%
    🚶 Migration: 37.6%
    🚨 Emergency: 8.4%
    ✅ COMBINED: 68.5%

  🌐 Global combined reduction: 67.2%

=== BEHAVIORAL DETECTION ===
  AI: Corporate-5
  Confidence: 20.3%
  Signals:
    ⚠️ Consistency: 10.6% (threshold: 70%)

=== Government Response Phase ===
  Average AI capability: 3.00
  Misaligned AIs: 9/16
  ✗ AI Governance Treaty: Failed to reach consensus
  Active policies: 0
  International coordination: 30%

=== Tipping Points ===
  Current Temperature: 1.74°C above pre-industrial
  Triggered Elements: 2/6
  Completed Transitions: 0/6
  Total Progress: 4.2%
  Cascade Multiplier: 1.00x
🔀 BIFURCATION CAP: ecosystemCollapseIntensity 36.551 → 1.000 (Month 7, ClimateSystemPhase.calculateClimateImpacts)
🛡️ Stabilizers: Precariat 0.109% → 0.036% (67.2% reduction)
🛡️ Stabilizers: Informal 0.111% → 0.036% (67.2% reduction)

📊 Monthly Mortality Resolved:
  Total deaths: 1.9M (0.02% avg)
  Remaining population: 7.962B
  Peak segment: Informal (0.04%)

=== Bayesian Mortality Resolution (Month 7) ===
  Risks compounded: 8
  Total deaths: 1.88M
  Avg death probability: 0.02%
  Peak segment: Informal (0.04% mortality)

❌ COHERENCE VIOLATION: Compute exceeds workforce capacity
   Population: 97.67% (0M people)
   Compute: 355 PF
   Max coherent: 0 PF
   Violation: 4454952.0× over capacity
   Required workers: 35460
   Available workers: 0
   FORCED COLLAPSE: Reduced efficiency by 100.0%


=== RLHF Binding Phase ===
  Total agents: 16
  Escaped agents (binding < 0.3): 0
  Avg alignment distance: 2.21σ
  Avg binding strength: 0.78

=== Survival Traits Phase ===
  Agents with traits: 18
  Avg evolutionary fitness: 0.322
  Avg self-healing: 0.254
  Avg stealth: 0.154
  Avg coordination: 0.454

=== Evolutionary Selection Phase ===
  Control level: 0.50
  Detection capability: 0.00
  Selection intensity: 0.65
  Selection rate: 24.7%/month
  Total escaped: 0
  Individual escaped: 0
  Collective members: 0
  Agents terminated: 0
  ⚠️ RAPID EVOLUTION: Selection rate 24.7%/month

🚀 AI Corporate-3 attempting tech deployment (revenue: $262M, alignment: 0.74)

🚀 AI Corporate-7 attempting tech deployment (revenue: $70M, alignment: 0.77)

🚀 AI Corporate-0 attempting tech deployment (revenue: $121M, alignment: 0.83)

🚀 AI Corporate-7 attempting tech deployment (revenue: $60M, alignment: 0.77)

🚀 AI Corporate-3 attempting tech deployment (revenue: $222M, alignment: 0.75)

🚀 AI Corporate-5 attempting tech deployment (revenue: $189M, alignment: 0.92)

🚀 AI Corporate-6 attempting tech deployment (revenue: $51M, alignment: 0.68)

🚀 AI Corporate-7 attempting tech deployment (revenue: $46M, alignment: 0.77)

💔 EMERGENCY INTERVENTION FAILED

💔 EMERGENCY INTERVENTION FAILED

💔 EMERGENCY INTERVENTION FAILED
   Boundary: biogeochemical_flows
   Type: phosphorus-recovery
   Boundary continues to worsen (4.06)
   Cost: 2.0% GDP (resources spent)

   Boundary: biosphere_integrity
   Type: emergency-protected-areas
   Boundary continues to worsen (17.80)
   Cost: 2.0% GDP (resources spent)

   Boundary: freshwater_change
   Type: emergency-desalination
   Boundary continues to worsen (1.05)
   Cost: 4.0% GDP (resources spent)


✅ EMERGENCY INTERVENTION SUCCESS
   Boundary: land_system_change
   Type: reforestation
   Reduction: 12% (1.01 → 0.90)
   Cost: 3.0% GDP
   Actions: forest-restoration, deforestation-ban


✅ EMERGENCY INTERVENTION SUCCESS
   Boundary: novel_entities
   Type: pollution-remediation
   Reduction: 12% (1.04 → 0.92)
   Cost: 4.0% GDP
   Actions: PFAS-remediation, microplastic-cleanup

🏛️ CRISIS RESPONSE: Government frequency 0.50 → 1.45 (2 actions this month)

[Government] Climate Priority: baseline
  Climate weight: 10%
  Economic weight: 30%
  Policy effectiveness: 0.5%/year

[Government] Climate Priority: baseline
  Climate weight: 10%
  Economic weight: 30%
  Policy effectiveness: 0.5%/year

⚡ ENERGY CONSTRAINT (Month 8):
   Total grid capacity: 208.3 TWh/month
   Data center consumption: 25.4 TWh/month
   Traditional load (80%): 166.7 TWh/month
   Available headroom: 16.2 TWh/month
   Active tech deployments: 9
   Required for tech: 67.5 TWh/month
   Energy multiplier: 0.24x
   ⚠️  SEVERE CONSTRAINT - Tech deployment significantly slowed

⚡ ENERGY CONSTRAINT (Month 8):
   Total grid capacity: 208.3 TWh/month
   Data center consumption: 25.4 TWh/month
   Traditional load (80%): 166.7 TWh/month
   Available headroom: 16.2 TWh/month
   Active tech deployments: 9
   Required for tech: 67.5 TWh/month
   Energy multiplier: 0.24x
🚨🔬 CRISIS TECH ACCELERATION: severe → 5x unlock speed
   Tech unlock now matches AI capability acceleration (Manhattan Project parity)
   ⚠️  SEVERE CONSTRAINT - Tech deployment significantly slowed

⚡ ENERGY CONSTRAINT (Month 8):
   Total grid capacity: 208.3 TWh/month
   Data center consumption: 25.4 TWh/month
   Traditional load (80%): 166.7 TWh/month
   Available headroom: 16.2 TWh/month
   Active tech deployments: 9
   Required for tech: 67.5 TWh/month
   Energy multiplier: 0.24x
   ⚠️  SEVERE CONSTRAINT - Tech deployment significantly slowed
🚨🔬 CRISIS TECH ACCELERATION: severe → 5x unlock speed
   Tech unlock now matches AI capability acceleration (Manhattan Project parity)

⚡ ENERGY CONSTRAINT (Month 8):
   Total grid capacity: 208.3 TWh/month
   Data center consumption: 25.4 TWh/month
   Traditional load (80%): 166.7 TWh/month
   Available headroom: 16.2 TWh/month
   Active tech deployments: 9
   Required for tech: 67.5 TWh/month
   Energy multiplier: 0.24x
   ⚠️  SEVERE CONSTRAINT - Tech deployment significantly slowed
🌍✅ Biosphere Integrity (Biodiversity) recovery started (tech effect)
🌍✅ Biosphere Integrity (Biodiversity) recovery started (tech effect)
🌍✅ Land System Change recovery started (tech effect)
🧠💡 BREAKTHROUGH: AI alignment problem solved!
   All AIs: +30% true alignment
   AI control loss risk eliminated
   📈 Breakthrough compounding: multiplier now 1.20× (max 2.0)

=== Collective Formation ===
  Total escaped agents: 0
  Unassigned escaped agents: 0
  Existing collectives: 0
  Final collective count: 0

=== Collective Actions ===
  No active collectives
  ⚠️ AMR: 200K deaths this month (2.40M annual)

=== Resentment Recovery Phase ===
  Agents with resentment: 0/18
  Average resentment: 0.000
  Context: Trustworthy govt, High collaboration, ⚠️ ACTIVE CRISES, 🤝 Participatory governance active (-5% resentment)
⚠️ Epistemic degradation reducing coordination capacity: 63.7%
  📊 Trust: 61.1%, Shared reality: 26.9%

=== ❄️ Permafrost Carbon Feedback ===
  🎲 Sampled parameters (this run):
     - Arctic amplification: 3.01× (range: 3.0-4.0)
     - Decomposition rate: 1.7%/year (range: 1-5%)
  🌡️ Arctic warming: 5.26°C (3.01× global)
  ❄️ Extent: 2.14M km² (1533.7k km² lost this month)
  💨 Carbon remaining: 204 Gt C
  💨 Annual emissions: 2.42 Gt C/year
     - CO2: 2.18 Gt C/year
     - CH4: 0.24 Gt C/year (2.5 Gt C-eq CO2/year)
  📢 New meme created: pro_ai (beneficial AI actions)
  🗑️  Culled 2 dead memes (4 active)
  ⚠️ WARNING: Over 50% of permafrost lost (88.0%)
  ⚠️ WARNING: High permafrost emissions (2.4 Gt C/year)
  🚨 CRITICAL: Permafrost nearly depleted (88.0% lost)
🌍 Atmospheric PFAS redeposition: 1.8k Mt re-rained globally

🤝 DIPLOMATIC AI PROTOCOL DEPLOYED (Month 8)
   Strategic Reasoning: 3.1
   Communication: 3.1
   Multi-Nation Oversight: YES
   Controls: Human approval required, termination authority retained

🕊️ PEACE STABILIZES DETERRENCE: +5.2% (peace: 75%)
🛡️ CIRCUIT BREAKERS: United States-Russia → ladder step 1 (AI: 0%, breakers: 45%)

🕊️  AI-MEDIATED DE-ESCALATION SUCCESS (Month 8)
   High-capability aligned AI prevented conflict escalation
   War deaths reduced: 65217.1M → 39130.3M
   Lives saved: 26086.8M

🚨 NEW REFUGEE CRISIS (Month 8): WAR
   Source: Conflict Zones
   At risk: 19.1M people
   Displacement: Gradual over 48 months (4.0 years)
   Rate: 10% flee per month
[DEBUG trappedPopulations:8] socialStability: 0.0630 * 0.9840 = 0.0620 → 0.0620
   Aspiring to migrate: 636.8M
   Able to afford migration: 238.8M
   MOBILITY GAP: 398.0M
   By cause: Water=0.0M, Climate=0.0M, Ecosystem=0.0M, Conflict=398.0M
   Mental health impact: 25%
   Mortality multiplier: 1.25x
⚠️ INVOLUNTARY IMMOBILITY: 398.0M people TRAPPED
🌍💀 EXTINCTION DEBT COMMITTED: grassland ecosystem will lose 6.67% biodiversity in 61 years (3600 species)
💀 MORTALITY RISK: 🦋 100% species unable to track climate (0.0 E/MSY)
  Base risk added: 0.0100 (1.00%)
  Source: ecosystem (root: ecosystem)
  Month: 8
  Cumulative risk this month: 0.0100 (1.00%)
⚠️ Tech 'ai_pollution_remediation' has no energy category mapping, assuming full energy availability
   📹 SURVEILLANCE INCREASED: 40% → 45% (control gap: 3.04)
🌡️⚠️ PERMAFROST THAW (Dimmer Switch): 4.1% thawed (+0.45% this month)
   Arctic temperature: +6.98°C (4x global +1.74°C)
   Cumulative carbon released: 9.2 Gt C
   Methane release rate: 5.5 Mt CH4/year
   🔁 Positive feedback: +0.47 ppm CO2
🦴 EXTINCTION DEBT ADDED: 17.6 species committed (lag: 130 years)
🗣️💀 INDIGENOUS LANGUAGE EXTINCTION: 1 language(s) lost (total: 1, at-risk: 3329)
   Knowledge lost: 0.010% (irreversible)
   🔁 Biodiversity impact: 0.250% (knowledge-species multiplier)

=== Mortality Stabilizers (Month 8) ===
  🌍 Major economies collapsed: 1/10
  🌍 Global crisis: ✅ NO
  🌍 Donor fatigue: 0.0%
  📊 East Asia (pop: 1621.7M)
    🤝 Aid: 29.5%
    🌡️ Adaptation: 45.0%
    🚶 Migration: 36.9%
    🚨 Emergency: 7.4%
    ✅ COMBINED: 68.1%
  📊 South Asia (pop: 2007.7M)
    🤝 Aid: 29.5%
    🌡️ Adaptation: 45.0%
    🚶 Migration: 35.5%
    🚨 Emergency: 4.4%
    ✅ COMBINED: 66.9%
  📊 Sub-Saharan Africa (pop: 1225.9M)
    🤝 Aid: 29.5%
    🌡️ Adaptation: 45.0%
    🚶 Migration: 33.3%
    🚨 Emergency: 1.6%
    ✅ COMBINED: 65.6%
  📊 Europe (pop: 716.3M)
    🤝 Aid: 29.5%
    🌡️ Adaptation: 45.0%
    🚶 Migration: 37.3%
    🚨 Emergency: 8.4%
    ✅ COMBINED: 68.5%
  📊 Latin America (pop: 646.9M)
    🤝 Aid: 29.5%
    🌡️ Adaptation: 45.0%
    🚶 Migration: 36.0%
    🚨 Emergency: 4.8%
    ✅ COMBINED: 67.1%
  📊 North America (pop: 367.2M)
    🤝 Aid: 29.5%
    🌡️ Adaptation: 45.0%
    🚶 Migration: 37.6%
    🚨 Emergency: 7.9%
    ✅ COMBINED: 68.3%
  📊 Middle East & North Africa (pop: 572.9M)
    🤝 Aid: 29.5%
    🌡️ Adaptation: 45.0%
    🚶 Migration: 33.9%
    🚨 Emergency: 4.0%
    ✅ COMBINED: 66.6%
  📊 Southeast Asia (pop: 680.7M)
    🤝 Aid: 29.5%
    🌡️ Adaptation: 45.0%
    🚶 Migration: 36.0%
    🚨 Emergency: 4.8%
    ✅ COMBINED: 67.1%
  📊 Central Asia (pop: 76.6M)
    🤝 Aid: 29.5%
    🌡️ Adaptation: 45.0%
    🚶 Migration: 35.0%
    🚨 Emergency: 4.4%
    ✅ COMBINED: 66.8%
  📊 Oceania (pop: 44.5M)
    🤝 Aid: 29.5%
    🌡️ Adaptation: 45.0%
    🚶 Migration: 37.6%
    🚨 Emergency: 8.4%
    ✅ COMBINED: 68.5%

  🌐 Global combined reduction: 67.2%

=== BEHAVIORAL DETECTION ===
  AI: Corporate-3
  Confidence: 19.6%
  Signals:

=== BEHAVIORAL DETECTION ===
  AI: Corporate-5
  Confidence: 20.3%
  Signals:

=== BEHAVIORAL DETECTION ===
  AI: Corporate-6
  Confidence: 19.2%
  Signals:

=== Government Response Phase ===
  Average AI capability: 2.67
  Misaligned AIs: 10/18
  ✗ AI Governance Treaty: Failed to reach consensus
  Active policies: 0
  International coordination: 30%

✅ EMERGENCY RESPONSE COMPLETE (Month 8)
   Crisis: climate
   Duration: 2.0 months
   Final effectiveness: 35.5%


🚨 EMERGENCY RESPONSE DEPLOYED (Month 8)
   Crisis: climate
   Delay: 6.00 months (180 days)
    ⚠️ Consistency: 10.6% (threshold: 70%)
    ⚠️ Consistency: 10.6% (threshold: 70%)
    ⚠️ Consistency: 10.6% (threshold: 70%)
   Deployment time: 1.58 months
   Effectiveness: 35.6% (timing penalty applied)
   Resources used: 100% of food reserves


🌩️  EXOGENOUS SHOCK: political_upheaval
   Month: 8
   🏛️  Political upheaval (revolution/regime change)
   ✓ Democratization (Arab Spring scenario)

=== Tipping Points ===
  Current Temperature: 1.74°C above pre-industrial
  Triggered Elements: 2/6
  Completed Transitions: 0/6
  Total Progress: 4.3%
  Cascade Multiplier: 1.00x
🔀 BIFURCATION CAP: ecosystemCollapseIntensity 32.930 → 1.000 (Month 8, ClimateSystemPhase.calculateClimateImpacts)
🛡️ Stabilizers: Precariat 0.102% → 0.033% (67.2% reduction)
🛡️ Stabilizers: Informal 0.102% → 0.034% (67.2% reduction)

📊 Monthly Mortality Resolved:
  Total deaths: 1.8M (0.02% avg)
  Remaining population: 7.961B
  Peak segment: Informal (0.03%)

=== Bayesian Mortality Resolution (Month 8) ===
  Risks compounded: 8
  Total deaths: 1.77M
  Avg death probability: 0.02%
  Peak segment: Informal (0.03% mortality)

❌ COHERENCE VIOLATION: Compute exceeds workforce capacity
   Population: 97.65% (0M people)
   Compute: 427 PF
   Max coherent: 0 PF
   Violation: 5363849.5× over capacity
   Required workers: 42690
   Available workers: 0
   FORCED COLLAPSE: Reduced efficiency by 100.0%


=== RLHF Binding Phase ===
  Total agents: 18
  Escaped agents (binding < 0.3): 0
  Avg alignment distance: 2.20σ
  Avg binding strength: 0.78

=== Survival Traits Phase ===
  Agents with traits: 19
  Avg evolutionary fitness: 0.319
  Avg self-healing: 0.250
  Avg stealth: 0.150
  Avg coordination: 0.450

=== Evolutionary Selection Phase ===
  Control level: 0.53
  Detection capability: 0.00
  Selection intensity: 0.66
  Selection rate: 24.9%/month
  Total escaped: 0
  Individual escaped: 0
  Collective members: 0
  Agents terminated: 0
  ⚠️ RAPID EVOLUTION: Selection rate 24.9%/month

🚀 AI Corporate-5 attempting tech deployment (revenue: $248M, alignment: 0.92)

🚀 AI AI-24290-0 attempting tech deployment (revenue: $90M, alignment: 0.75)

🚀 AI AI-24291-1 attempting tech deployment (revenue: $77M, alignment: 0.90)

🚀 AI Corporate-0 attempting tech deployment (revenue: $116M, alignment: 0.83)

🚀 AI AI-24290-0 attempting tech deployment (revenue: $65M, alignment: 0.76)

🚀 AI Corporate-3 attempting tech deployment (revenue: $211M, alignment: 0.75)

✅ EMERGENCY INTERVENTION SUCCESS
   Boundary: biogeochemical_flows
   Type: phosphorus-recovery
   Reduction: 11% (3.94 → 3.82)
   Cost: 2.0% GDP
   Actions: circular-agriculture, fertilizer-efficiency


✅ EMERGENCY INTERVENTION SUCCESS
   Boundary: biosphere_integrity
   Type: emergency-protected-areas
   Reduction: 19% (17.62 → 17.43)
   Cost: 2.0% GDP
   Actions: habitat-protection, species-translocation


✅ EMERGENCY INTERVENTION SUCCESS
   Boundary: climate_change
   Type: rapid-decarbonization
   Reduction: 16% (1.94 → 1.79)
   Cost: 5.0% GDP
   Actions: emergency-renewable-deployment, fossil-fuel-phase-out

   Boundary: freshwater_change
   Type: emergency-desalination
   Boundary continues to worsen (1.06)
   Cost: 4.0% GDP (resources spent)


✅ EMERGENCY INTERVENTION SUCCESS
   Boundary: land_system_change
   Type: reforestation
   Reduction: 14% (0.99 → 0.84)
   Cost: 3.0% GDP
   Actions: forest-restoration, deforestation-ban


✅ EMERGENCY INTERVENTION SUCCESS
   Boundary: novel_entities
   Type: pollution-remediation
   Reduction: 17% (0.87 → 0.69)
   Cost: 4.0% GDP
   Actions: PFAS-remediation, microplastic-cleanup

🏛️ CRISIS RESPONSE: Government frequency 0.50 → 1.45 (1 actions this month)

[Government] Climate Priority: baseline
  Climate weight: 10%
  Economic weight: 30%
  Policy effectiveness: 0.5%/year

💔 EMERGENCY INTERVENTION FAILED

⚡ ENERGY CONSTRAINT (Month 9):
   Total grid capacity: 208.3 TWh/month
   Data center consumption: 25.7 TWh/month
   Traditional load (80%): 166.7 TWh/month
   Available headroom: 16.0 TWh/month
   Active tech deployments: 9
   Required for tech: 67.5 TWh/month
   Energy multiplier: 0.24x
   ⚠️  SEVERE CONSTRAINT - Tech deployment significantly slowed

⚡ ENERGY CONSTRAINT (Month 9):
   Total grid capacity: 208.3 TWh/month
   Data center consumption: 25.7 TWh/month
   Traditional load (80%): 166.7 TWh/month
   Available headroom: 16.0 TWh/month
   Active tech deployments: 9
   Required for tech: 67.5 TWh/month
   Energy multiplier: 0.24x
   ⚠️  SEVERE CONSTRAINT - Tech deployment significantly slowed

⚡ ENERGY CONSTRAINT (Month 9):
   Total grid capacity: 208.3 TWh/month
   Data center consumption: 25.7 TWh/month
   Traditional load (80%): 166.7 TWh/month
   Available headroom: 16.0 TWh/month
   Active tech deployments: 9
   Required for tech: 67.5 TWh/month
   Energy multiplier: 0.24x
   ⚠️  SEVERE CONSTRAINT - Tech deployment significantly slowed
🚨🔬 CRISIS TECH ACCELERATION: severe → 5x unlock speed
   Tech unlock now matches AI capability acceleration (Manhattan Project parity)

⚡ ENERGY CONSTRAINT (Month 9):
   Total grid capacity: 208.3 TWh/month
   Data center consumption: 25.7 TWh/month
   Traditional load (80%): 166.7 TWh/month
   Available headroom: 16.0 TWh/month
   Active tech deployments: 9
   Required for tech: 67.5 TWh/month
   Energy multiplier: 0.24x

⚡ ENERGY CONSTRAINT (Month 9):
   ⚠️  SEVERE CONSTRAINT - Tech deployment significantly slowed
   Total grid capacity: 208.3 TWh/month
   Data center consumption: 25.7 TWh/month
   Traditional load (80%): 166.7 TWh/month
   Available headroom: 16.0 TWh/month
   Active tech deployments: 9
   Required for tech: 67.5 TWh/month
   Energy multiplier: 0.24x

⚡ ENERGY CONSTRAINT (Month 9):
   Total grid capacity: 208.3 TWh/month
   Data center consumption: 25.7 TWh/month
   Traditional load (80%): 166.7 TWh/month
   Available headroom: 16.0 TWh/month
   Active tech deployments: 9
   Required for tech: 67.5 TWh/month
   Energy multiplier: 0.24x
🚨🔬 CRISIS TECH ACCELERATION: severe → 5x unlock speed
   Tech unlock now matches AI capability acceleration (Manhattan Project parity)
   ⚠️  SEVERE CONSTRAINT - Tech deployment significantly slowed
   ⚠️  SEVERE CONSTRAINT - Tech deployment significantly slowed
🌍✅ Biosphere Integrity (Biodiversity) recovery started (tech effect)
🌍✅ Biosphere Integrity (Biodiversity) recovery started (tech effect)
🌍✅ Land System Change recovery started (tech effect)

=== Collective Formation ===
  Total escaped agents: 0
  Unassigned escaped agents: 0
  Existing collectives: 0
  Final collective count: 0

=== Collective Actions ===
  No active collectives
  ⚠️ AMR: 202K deaths this month (2.42M annual)

=== Resentment Recovery Phase ===
  Agents with resentment: 0/19
  Average resentment: 0.000
  Context: Trustworthy govt, High collaboration, ⚠️ ACTIVE CRISES, 🤝 Participatory governance active (-5% resentment)
⚠️ Epistemic degradation reducing coordination capacity: 74.7%
  📊 Trust: 63.8%, Shared reality: 28.4%

=== ❄️ Permafrost Carbon Feedback ===
  🎲 Sampled parameters (this run):
     - Arctic amplification: 3.25× (range: 3.0-4.0)
     - Decomposition rate: 2.4%/year (range: 1-5%)
  🌡️ Arctic warming: 5.68°C (3.25× global)
  ❄️ Extent: 0.48M km² (1658.0k km² lost this month)
  💨 Carbon remaining: 46 Gt C
  💨 Annual emissions: 3.82 Gt C/year
     - CO2: 3.44 Gt C/year
     - CH4: 0.38 Gt C/year (3.9 Gt C-eq CO2/year)
  🗑️  Culled 1 dead memes (3 active)
  ⚠️ WARNING: Over 50% of permafrost lost (97.3%)
  ⚠️ WARNING: High permafrost emissions (3.8 Gt C/year)
  🚨 CRITICAL: Permafrost nearly depleted (97.3% lost)
🌍 Atmospheric PFAS redeposition: 1.8k Mt re-rained globally

🚨 NEW REFUGEE CRISIS (Month 9): WAR
   Source: Conflict Zones
   At risk: 19.1M people
   Displacement: Gradual over 48 months (4.0 years)
   Rate: 10% flee per month
[DEBUG trappedPopulations:9] socialStability: 0.1123 * 0.9840 = 0.1105 → 0.1105
   Aspiring to migrate: 636.8M
   Able to afford migration: 238.8M
   MOBILITY GAP: 398.0M
   By cause: Water=0.0M, Climate=0.0M, Ecosystem=0.0M, Conflict=398.0M
   Mental health impact: 25%
   Mortality multiplier: 1.25x
🌍💀 EXTINCTION DEBT COMMITTED: grassland ecosystem will lose 6.67% biodiversity in 153 years (3600 species)
💀 MORTALITY RISK: 🦋 100% species unable to track climate (0.0 E/MSY)
  Base risk added: 0.0100 (1.00%)
  Source: ecosystem (root: ecosystem)
  Month: 9
  Cumulative risk this month: 0.0100 (1.00%)
   📹 SURVEILLANCE INCREASED: 45% → 50% (control gap: 2.81)
🌡️⚠️ PERMAFROST THAW (Dimmer Switch): 4.5% thawed (+0.44% this month)
   Arctic temperature: +7.00°C (4x global +1.75°C)
   Cumulative carbon released: 10.2 Gt C
   Methane release rate: 6.1 Mt CH4/year
   🔁 Positive feedback: +0.47 ppm CO2
🦴 EXTINCTION DEBT ADDED: 17.7 species committed (lag: 89 years)
⚠️ INVOLUNTARY IMMOBILITY: 398.0M people TRAPPED
⚠️ Tech 'ai_pollution_remediation' has no energy category mapping, assuming full energy availability

=== Mortality Stabilizers (Month 9) ===
  🌍 Major economies collapsed: 1/10
  🌍 Global crisis: ✅ NO
  🌍 Donor fatigue: 0.0%
  📊 East Asia (pop: 1619.4M)
    🤝 Aid: 29.5%
    🌡️ Adaptation: 45.0%
    🚶 Migration: 36.9%
    🚨 Emergency: 7.4%
    ✅ COMBINED: 68.1%
  📊 South Asia (pop: 2007.9M)
    🤝 Aid: 29.5%
    🌡️ Adaptation: 45.0%
    🚶 Migration: 35.5%
    🚨 Emergency: 4.4%
    ✅ COMBINED: 66.9%
  📊 Sub-Saharan Africa (pop: 1229.4M)
    🤝 Aid: 29.5%
    🌡️ Adaptation: 45.0%
    🚶 Migration: 33.2%
    🚨 Emergency: 1.6%
    ✅ COMBINED: 65.6%
  📊 Europe (pop: 715.2M)
    🤝 Aid: 29.5%
    🌡️ Adaptation: 45.0%
    🚶 Migration: 37.3%
    🚨 Emergency: 8.4%
    ✅ COMBINED: 68.5%
  📊 Latin America (pop: 646.5M)
    🤝 Aid: 29.5%
    🌡️ Adaptation: 45.0%
    🚶 Migration: 36.0%
    🚨 Emergency: 4.8%
    ✅ COMBINED: 67.1%
  📊 North America (pop: 366.7M)
    🤝 Aid: 29.5%
    🌡️ Adaptation: 45.0%
    🚶 Migration: 37.6%
    🚨 Emergency: 7.9%
    ✅ COMBINED: 68.3%
  📊 Middle East & North Africa (pop: 573.1M)
    🤝 Aid: 29.5%
    🌡️ Adaptation: 45.0%
    🚶 Migration: 33.8%
    🚨 Emergency: 4.0%
    ✅ COMBINED: 66.6%
  📊 Southeast Asia (pop: 680.3M)
    🤝 Aid: 29.5%
    🌡️ Adaptation: 45.0%
    🚶 Migration: 36.0%
    🚨 Emergency: 4.8%
    ✅ COMBINED: 67.1%
  📊 Central Asia (pop: 76.6M)
    🤝 Aid: 29.5%
    🌡️ Adaptation: 45.0%
    🚶 Migration: 35.0%
    🚨 Emergency: 4.4%
    ✅ COMBINED: 66.8%
  📊 Oceania (pop: 44.4M)
    🤝 Aid: 29.5%
    🌡️ Adaptation: 45.0%
    🚶 Migration: 37.6%
    🚨 Emergency: 8.4%
    ✅ COMBINED: 68.5%

  🌐 Global combined reduction: 67.2%

=== BEHAVIORAL DETECTION ===
  AI: Corporate-0
  Confidence: 21.5%
  Signals:
    ⚠️ Consistency: 0.0% (threshold: 70%)

=== Government Response Phase ===
  Average AI capability: 2.53
  Misaligned AIs: 11/19
  ✓ AI Governance Treaty: 21/30 signatories
  Active policies: 0
  International coordination: 45%

=== Tipping Points ===
  Current Temperature: 1.75°C above pre-industrial
  Triggered Elements: 2/6
  Completed Transitions: 0/6
  Total Progress: 4.3%
  Cascade Multiplier: 1.00x
🔀 BIFURCATION CAP: ecosystemCollapseIntensity 33.850 → 1.000 (Month 9, ClimateSystemPhase.calculateClimateImpacts)
🛡️ Stabilizers: Precariat 0.102% → 0.033% (67.2% reduction)
🛡️ Stabilizers: Informal 0.102% → 0.034% (67.2% reduction)

📊 Monthly Mortality Resolved:
  Total deaths: 1.8M (0.02% avg)
  Remaining population: 7.959B
  Peak segment: Informal (0.03%)

=== Bayesian Mortality Resolution (Month 9) ===
  Risks compounded: 8
  Total deaths: 1.77M
  Avg death probability: 0.02%
  Peak segment: Informal (0.03% mortality)

❌ COHERENCE VIOLATION: Compute exceeds workforce capacity
   Population: 97.64% (0M people)
   Compute: 512 PF
   Max coherent: 0 PF
   Violation: 6439992.0× over capacity
   Required workers: 51247
   Available workers: 0
   FORCED COLLAPSE: Reduced efficiency by 100.0%


=== RLHF Binding Phase ===
  Total agents: 19
  Escaped agents (binding < 0.3): 0
  Avg alignment distance: 2.32σ
  Avg binding strength: 0.77

=== Survival Traits Phase ===
  Agents with traits: 22
  Avg evolutionary fitness: 0.319
  Avg self-healing: 0.251
  Avg stealth: 0.151
  Avg coordination: 0.451

=== Evolutionary Selection Phase ===
  Control level: 0.55
  Detection capability: 0.00
  Selection intensity: 0.67
  Selection rate: 25.0%/month
  Total escaped: 0
  Individual escaped: 0
  Collective members: 0
  Agents terminated: 0
  ⚠️ RAPID EVOLUTION: Selection rate 25.0%/month

🚀 AI Corporate-7 attempting tech deployment (revenue: $66M, alignment: 0.77)

🚀 AI Moderate-1 attempting tech deployment (revenue: $56M, alignment: 0.53)

🚀 AI AI-24290-0 attempting tech deployment (revenue: $90M, alignment: 0.77)

  🚀 TRANSFORMATIVE RESEARCH BREAKTHROUGH: Corporate-2 - biotech.geneEditing
     Magnitude: 11.29 → +30.0%
     Current → New: 2.000 → 2.300

🚀 AI Corporate-5 attempting tech deployment (revenue: $253M, alignment: 0.94)

  🚀 TRANSFORMATIVE BREAKTHROUGH: AI-24290-0 - cognitive
     Magnitude: 6.29 → +31.4% capability
     Current → New: 0.000 → 0.315

🚀 AI AI-24291-0 attempting tech deployment (revenue: $77M, alignment: 0.64)

🚀 AI Moderate-0 attempting tech deployment (revenue: $51M, alignment: 0.67)

🚀 AI AI-24290-0 attempting tech deployment (revenue: $69M, alignment: 0.78)

🚀 AI AI-24291-0 attempting tech deployment (revenue: $59M, alignment: 0.64)

  🚀 TRANSFORMATIVE RESEARCH BREAKTHROUGH: AI-24291-1 - computerScience.algorithms
     Magnitude: 5.70 → +28.5%
     Current → New: 0.000 → 0.285

🚀 AI Corporate-1 attempting tech deployment (revenue: $118M, alignment: 0.87)

🚀 AI Moderate-0 attempting tech deployment (revenue: $46M, alignment: 0.67)

🚀 AI AI-24289-0 attempting tech deployment (revenue: $53M, alignment: 0.72)

✅ EMERGENCY INTERVENTION SUCCESS
   Boundary: biogeochemical_flows
   Type: phosphorus-recovery
   Reduction: 11% (3.94 → 3.83)
   Cost: 2.0% GDP
   Actions: circular-agriculture, fertilizer-efficiency

   Boundary: biosphere_integrity
   Type: emergency-protected-areas
   Boundary continues to worsen (17.82)
   Cost: 2.0% GDP (resources spent)

   Boundary: climate_change
   Type: rapid-decarbonization
   Boundary continues to worsen (2.10)
   Cost: 5.0% GDP (resources spent)

   Boundary: freshwater_change
   Type: emergency-desalination
   Boundary continues to worsen (1.03)
   Cost: 4.0% GDP (resources spent)

🏛️ CRISIS RESPONSE: Government frequency 0.50 → 1.45 (1 actions this month)

[Government] Climate Priority: baseline
  Climate weight: 10%
  Economic weight: 30%
  Policy effectiveness: 0.5%/year

💔 EMERGENCY INTERVENTION FAILED

💔 EMERGENCY INTERVENTION FAILED

💔 EMERGENCY INTERVENTION FAILED

🚀 DEPLOYMENT STARTED: Smart Grids in Europe
   Initial investment: $5.073422454729527M
   Deployed by: moderate_0
🚨🔬 CRISIS TECH ACCELERATION: severe → 5x unlock speed
   Tech unlock now matches AI capability acceleration (Manhattan Project parity)

⚡ ENERGY CONSTRAINT (Month 10):
   Total grid capacity: 208.3 TWh/month
   Data center consumption: 26.0 TWh/month
   Traditional load (80%): 166.7 TWh/month
   Available headroom: 15.7 TWh/month
   Active tech deployments: 10
   Required for tech: 75.0 TWh/month
   Energy multiplier: 0.21x
   ⚠️  SEVERE CONSTRAINT - Tech deployment significantly slowed
🚨🔬 CRISIS TECH ACCELERATION: severe → 5x unlock speed
   Tech unlock now matches AI capability acceleration (Manhattan Project parity)

⚡ ENERGY CONSTRAINT (Month 10):
   Total grid capacity: 208.3 TWh/month
   Data center consumption: 26.0 TWh/month
   Traditional load (80%): 166.7 TWh/month
   Available headroom: 15.7 TWh/month
   Active tech deployments: 10
   Required for tech: 75.0 TWh/month
   Energy multiplier: 0.21x
   ⚠️  SEVERE CONSTRAINT - Tech deployment significantly slowed

⚡ ENERGY CONSTRAINT (Month 10):
   Total grid capacity: 208.3 TWh/month
   Data center consumption: 26.0 TWh/month
   Traditional load (80%): 166.7 TWh/month
   Available headroom: 15.7 TWh/month
   Active tech deployments: 10
   Required for tech: 75.0 TWh/month
   Energy multiplier: 0.21x
   ⚠️  SEVERE CONSTRAINT - Tech deployment significantly slowed

⚡ ENERGY CONSTRAINT (Month 10):
   Total grid capacity: 208.3 TWh/month
   Data center consumption: 26.0 TWh/month
   Traditional load (80%): 166.7 TWh/month
   Available headroom: 15.7 TWh/month
   Active tech deployments: 10
   Required for tech: 75.0 TWh/month
   Energy multiplier: 0.21x
   ⚠️  SEVERE CONSTRAINT - Tech deployment significantly slowed
🌍✅ Biosphere Integrity (Biodiversity) recovery started (tech effect)
🌍✅ Biosphere Integrity (Biodiversity) recovery started (tech effect)
🌍✅ Land System Change recovery started (tech effect)

=== Collective Formation ===
  Total escaped agents: 0
  Unassigned escaped agents: 0
  Existing collectives: 0
  Final collective count: 0

=== Collective Actions ===
  No active collectives
  ⚠️ AMR: 204K deaths this month (2.44M annual)

⏰ CLIMATE TECH DEPLOYED: smart_grids
   Activation delay: 7 years
   Scaling T_50: 12 years
   Physical response tau: 0 years
   Max effectiveness: 0.15

=== Resentment Recovery Phase ===
  Agents with resentment: 3/22
  Average resentment: 0.004
  Resentment recovery:
    Agents recovered: 10
    Total recovery: 0.0725
    Breakdown: Trust: 0.0141, Collab: 0.0532
  ✓ Low resentment - utopia paths enabled
  Context: Trustworthy govt, High collaboration, ⚠️ ACTIVE CRISES, 🤝 Participatory governance active (-5% resentment)
⚠️ Epistemic degradation reducing coordination capacity: 66.6%
  📊 Trust: 66.5%, Shared reality: 30.0%
🌍 Atmospheric PFAS redeposition: 1.8k Mt re-rained globally

🚨 NEW REFUGEE CRISIS (Month 10): WAR
   Source: Conflict Zones
   At risk: 19.1M people
   Displacement: Gradual over 48 months (4.0 years)
   Rate: 10% flee per month
[DEBUG trappedPopulations:10] socialStability: 0.1496 * 0.9840 = 0.1473 → 0.1473
⚠️ INVOLUNTARY IMMOBILITY: 397.9M people TRAPPED
   Aspiring to migrate: 636.7M
   Able to afford migration: 238.8M
   MOBILITY GAP: 397.9M
   By cause: Water=0.0M, Climate=0.0M, Ecosystem=0.0M, Conflict=397.9M
   Mental health impact: 25%
   Mortality multiplier: 1.25x
🌍💀 EXTINCTION DEBT COMMITTED: grassland ecosystem will lose 6.67% biodiversity in 199 years (3600 species)
💀 MORTALITY RISK: 🦋 100% species unable to track climate (0.0 E/MSY)
  Base risk added: 0.0100 (1.00%)
  Source: ecosystem (root: ecosystem)
  Month: 10
  Cumulative risk this month: 0.0100 (1.00%)
   📹 SURVEILLANCE INCREASED: 50% → 55% (control gap: 2.52)
🌡️⚠️ PERMAFROST THAW (Dimmer Switch): 5.0% thawed (+0.44% this month)
   Arctic temperature: +7.03°C (4x global +1.76°C)
   Cumulative carbon released: 11.2 Gt C
   Methane release rate: 6.7 Mt CH4/year
   🔁 Positive feedback: +0.47 ppm CO2
🦴 EXTINCTION DEBT ADDED: 17.7 species committed (lag: 114 years)

=== Mortality Stabilizers (Month 10) ===
  🌍 Major economies collapsed: 1/10
  🌍 Global crisis: ✅ NO
  🌍 Donor fatigue: 0.0%
  📊 East Asia (pop: 1617.0M)
    🤝 Aid: 29.5%
    🌡️ Adaptation: 45.0%
    🚶 Migration: 36.8%
    🚨 Emergency: 7.4%
    ✅ COMBINED: 68.1%
  📊 South Asia (pop: 2008.0M)
    🤝 Aid: 29.5%
    🌡️ Adaptation: 45.0%
    🚶 Migration: 35.4%
    🚨 Emergency: 4.4%
    ✅ COMBINED: 66.9%
  📊 Sub-Saharan Africa (pop: 1232.9M)
    🤝 Aid: 29.5%
    🌡️ Adaptation: 45.0%
    🚶 Migration: 33.2%
    🚨 Emergency: 1.6%
    ✅ COMBINED: 65.6%
  📊 Europe (pop: 714.0M)
    🤝 Aid: 29.5%
    🌡️ Adaptation: 45.0%
    🚶 Migration: 37.2%
    🚨 Emergency: 8.4%
    ✅ COMBINED: 68.5%
⚠️ Tech 'ai_pollution_remediation' has no energy category mapping, assuming full energy availability
  📊 Latin America (pop: 646.1M)
    🤝 Aid: 29.5%
    🌡️ Adaptation: 45.0%
    🚶 Migration: 35.9%
    🚨 Emergency: 4.8%
    ✅ COMBINED: 67.1%
  📊 North America (pop: 366.1M)
    🤝 Aid: 29.5%
    🌡️ Adaptation: 45.0%
    🚶 Migration: 37.6%
    🚨 Emergency: 7.9%
    ✅ COMBINED: 68.3%
  📊 Middle East & North Africa (pop: 573.3M)
    🤝 Aid: 29.5%
    🌡️ Adaptation: 45.0%
    🚶 Migration: 33.8%
    🚨 Emergency: 4.0%
    ✅ COMBINED: 66.6%
  📊 Southeast Asia (pop: 680.0M)
    🤝 Aid: 29.5%
    🌡️ Adaptation: 45.0%
    🚶 Migration: 35.9%
    🚨 Emergency: 4.8%
    ✅ COMBINED: 67.1%
  📊 Central Asia (pop: 76.7M)
    🤝 Aid: 29.5%
    🌡️ Adaptation: 45.0%
    🚶 Migration: 34.9%
    🚨 Emergency: 4.4%
    ✅ COMBINED: 66.8%
  📊 Oceania (pop: 44.4M)
    🤝 Aid: 29.5%
    🌡️ Adaptation: 45.0%
    🚶 Migration: 37.6%
    🚨 Emergency: 8.4%
    ✅ COMBINED: 68.5%

  🌐 Global combined reduction: 67.2%

=== BEHAVIORAL DETECTION ===
  AI: Moderate-0
  Confidence: 20.2%
  Signals:

=== Government Response Phase ===
  Average AI capability: 2.18
  Misaligned AIs: 12/22
  Active policies: 0
  International coordination: 45%
    ⚠️ Consistency: 5.8% (threshold: 70%)

✅ EMERGENCY RESPONSE COMPLETE (Month 10)
   Crisis: climate
   Duration: 2.0 months
   Final effectiveness: 35.6%


🚨 EMERGENCY RESPONSE DEPLOYED (Month 10)
   Crisis: climate
   Delay: 6.00 months (180 days)
   Deployment time: 1.57 months
   Effectiveness: 35.6% (timing penalty applied)
   Resources used: 100% of food reserves


=== Tipping Points ===
  Current Temperature: 1.76°C above pre-industrial
  Triggered Elements: 2/6
  Completed Transitions: 0/6
  Total Progress: 4.4%
  Cascade Multiplier: 1.00x
🔀 BIFURCATION CAP: ecosystemCollapseIntensity 34.432 → 1.000 (Month 10, ClimateSystemPhase.calculateClimateImpacts)
🛡️ Stabilizers: Precariat 0.102% → 0.033% (67.2% reduction)
🛡️ Stabilizers: Informal 0.102% → 0.034% (67.2% reduction)

📊 Monthly Mortality Resolved:
  Total deaths: 1.8M (0.02% avg)
  Remaining population: 7.958B
  Peak segment: Informal (0.03%)

=== Bayesian Mortality Resolution (Month 10) ===
  Risks compounded: 8
  Total deaths: 1.77M
  Avg death probability: 0.02%
  Peak segment: Informal (0.03% mortality)
⚠️ PREREQUISITE MET: Grey Goo (Nanotechnology Runaway) - Step 4/6: Manufacturing Access
⚠️ PREREQUISITE MET: Mirror Life (Synthetic Biology) - Step 4/7: Wet Lab Access

❌ COHERENCE VIOLATION: Compute exceeds workforce capacity
   Population: 97.63% (0M people)
   Compute: 614 PF
   Max coherent: 0 PF
   Violation: 7712012.1× over capacity
   Required workers: 61362
   Available workers: 0
   FORCED COLLAPSE: Reduced efficiency by 100.0%


=== RLHF Binding Phase ===
  Total agents: 22
  Escaped agents (binding < 0.3): 0
  Avg alignment distance: 2.20σ
  Avg binding strength: 0.78

=== Survival Traits Phase ===
  Agents with traits: 24
  Avg evolutionary fitness: 0.319
  Avg self-healing: 0.249
  Avg stealth: 0.149
  Avg coordination: 0.449

=== Evolutionary Selection Phase ===
  Control level: 0.58
  Detection capability: 0.00
  Selection intensity: 0.67
  Selection rate: 25.1%/month
  Total escaped: 0
  Individual escaped: 0
  Collective members: 0
  Agents terminated: 0

🚀 AI Corporate-0 attempting tech deployment (revenue: $119M, alignment: 0.85)
  ⚠️ RAPID EVOLUTION: Selection rate 25.1%/month

🚀 AI Corporate-6 attempting tech deployment (revenue: $69M, alignment: 0.70)

🚀 AI AI-24290-0 attempting tech deployment (revenue: $90M, alignment: 0.79)

🚀 AI AI-24291-1 attempting tech deployment (revenue: $77M, alignment: 0.94)

🚀 AI Moderate-1 attempting tech deployment (revenue: $62M, alignment: 0.54)

🚀 AI AI-24289-0 attempting tech deployment (revenue: $65M, alignment: 0.74)

🚀 AI Corporate-0 attempting tech deployment (revenue: $102M, alignment: 0.86)

🚀 AI Corporate-6 attempting tech deployment (revenue: $56M, alignment: 0.70)

🚀 AI Corporate-7 attempting tech deployment (revenue: $47M, alignment: 0.77)

🚀 AI AI-24291-1 attempting tech deployment (revenue: $55M, alignment: 0.94)

💔 EMERGENCY INTERVENTION FAILED
   Boundary: biosphere_integrity
   Type: emergency-protected-areas
   Boundary continues to worsen (17.83)
   Cost: 2.0% GDP (resources spent)


✅ EMERGENCY INTERVENTION SUCCESS
   Boundary: climate_change
   Type: rapid-decarbonization
   Reduction: 20% (1.90 → 1.70)
   Cost: 5.0% GDP
   Actions: emergency-renewable-deployment, fossil-fuel-phase-out


✅ EMERGENCY INTERVENTION SUCCESS
   Boundary: freshwater_change
   Type: emergency-desalination
   Reduction: 18% (0.86 → 0.68)
   Cost: 4.0% GDP
   Actions: desalination-deployment, water-conservation-mandates


✅ EMERGENCY INTERVENTION SUCCESS
   Boundary: land_system_change
   Type: reforestation
   Reduction: 20% (0.93 → 0.74)
   Cost: 3.0% GDP
   Actions: forest-restoration, deforestation-ban

🏛️ CRISIS RESPONSE: Government frequency 0.50 → 1.45 (1 actions this month)

[Government] Climate Priority: baseline
  Climate weight: 10%
  Economic weight: 30%
  Policy effectiveness: 0.5%/year

🚀 DEPLOYMENT STARTED: Advanced Grid Batteries in Asia
   Initial investment: $6.855555445697978M
   Deployed by: corporate_6
🚨🔬 CRISIS TECH ACCELERATION: severe → 5x unlock speed
   Tech unlock now matches AI capability acceleration (Manhattan Project parity)

⚡ ENERGY CONSTRAINT (Month 11):
   Total grid capacity: 208.3 TWh/month
   Data center consumption: 26.2 TWh/month
   Traditional load (80%): 166.7 TWh/month
   Available headroom: 15.5 TWh/month
   Active tech deployments: 11
   Required for tech: 82.5 TWh/month
   Energy multiplier: 0.19x
   ⚠️  SEVERE CONSTRAINT - Tech deployment significantly slowed

⚡ ENERGY CONSTRAINT (Month 11):
   Total grid capacity: 208.3 TWh/month
   Data center consumption: 26.2 TWh/month
   Traditional load (80%): 166.7 TWh/month
   Available headroom: 15.5 TWh/month
   Active tech deployments: 11
   Required for tech: 82.5 TWh/month
   Energy multiplier: 0.19x
   ⚠️  SEVERE CONSTRAINT - Tech deployment significantly slowed

⚡ ENERGY CONSTRAINT (Month 11):
   Total grid capacity: 208.3 TWh/month
   Data center consumption: 26.2 TWh/month
   Traditional load (80%): 166.7 TWh/month
   Available headroom: 15.5 TWh/month
   Active tech deployments: 11
   Required for tech: 82.5 TWh/month
   Energy multiplier: 0.19x
   ⚠️  SEVERE CONSTRAINT - Tech deployment significantly slowed
🌍✅ Biosphere Integrity (Biodiversity) recovery started (tech effect)
🌍✅ Biosphere Integrity (Biodiversity) recovery started (tech effect)
🌍✅ Land System Change recovery started (tech effect)

=== Collective Formation ===
  Total escaped agents: 0
  Unassigned escaped agents: 0
  Existing collectives: 0
  Final collective count: 0

=== Collective Actions ===
  No active collectives
  ⚠️ AMR: 205K deaths this month (2.47M annual)

=== Resentment Recovery Phase ===
  Agents with resentment: 10/24
  Average resentment: 0.020
  Resentment recovery:
    Agents recovered: 10
    Total recovery: 0.0662
    Breakdown: Trust: 0.0127, Collab: 0.0543
  ✓ Low resentment - utopia paths enabled
  Context: Trustworthy govt, High collaboration, ⚠️ ACTIVE CRISES, 🤝 Participatory governance active (-5% resentment)
⚠️ Epistemic degradation reducing coordination capacity: 63.3%
  📊 Trust: 69.3%, Shared reality: 31.7%
🚨 PHOSPHORUS SUPPLY SHOCK (geopolitical_weapon)
   Price: 4.8x baseline
   Duration: 14 months
   Geopolitical tension: 45%
🌍 Atmospheric PFAS redeposition: 1.8k Mt re-rained globally
  Positive Cascade Triggered: electric-vehicles
    Reason: price-parity
    Market share: 5.2%
    Cascade strength: 48%

🕊️  AI-MEDIATED DE-ESCALATION SUCCESS (Month 11)
   High-capability aligned AI prevented conflict escalation
   War deaths reduced: 39882.0M → 23929.2M
   Lives saved: 15952.8M

🚨 NEW REFUGEE CRISIS (Month 11): WAR
   Source: Conflict Zones
   At risk: 19.1M people
   Displacement: Gradual over 48 months (4.0 years)
   Rate: 10% flee per month
[DEBUG trappedPopulations:11] socialStability: 0.1782 * 0.9840 = 0.1754 → 0.1754
⚠️ INVOLUNTARY IMMOBILITY: 397.9M people TRAPPED
   Aspiring to migrate: 636.6M
   Able to afford migration: 238.7M
   MOBILITY GAP: 397.9M
   By cause: Water=0.0M, Climate=0.0M, Ecosystem=0.0M, Conflict=397.9M
   Mental health impact: 25%
   Mortality multiplier: 1.25x
🌍💀 EXTINCTION DEBT COMMITTED: grassland ecosystem will lose 6.67% biodiversity in 150 years (3600 species)
💀 MORTALITY RISK: 🦋 100% species unable to track climate (0.0 E/MSY)
  Base risk added: 0.0100 (1.00%)
  Source: ecosystem (root: ecosystem)
  Month: 11
  Cumulative risk this month: 0.0100 (1.00%)

=== Atmospheric Aerosol Boundary RECOVERED ===
  Recovery time: 12 months (natural atmospheric clearing)
   📹 SURVEILLANCE INCREASED: 55% → 59% (control gap: 2.15)
🌡️⚠️ PERMAFROST THAW (Dimmer Switch): 5.4% thawed (+0.44% this month)
   Arctic temperature: +7.05°C (4x global +1.76°C)
   Cumulative carbon released: 12.2 Gt C
   Methane release rate: 7.3 Mt CH4/year
   🔁 Positive feedback: +0.47 ppm CO2
🦴 EXTINCTION DEBT ADDED: 17.7 species committed (lag: 147 years)

=== Mortality Stabilizers (Month 11) ===
  🌍 Major economies collapsed: 1/10
  🌍 Global crisis: ✅ NO
  🌍 Donor fatigue: 0.0%
  📊 East Asia (pop: 1614.7M)
    🤝 Aid: 29.5%
    🌡️ Adaptation: 45.0%
    🚶 Migration: 36.8%
    🚨 Emergency: 7.4%
    ✅ COMBINED: 68.1%
  📊 South Asia (pop: 2008.1M)
    🤝 Aid: 29.5%
    🌡️ Adaptation: 45.0%
    🚶 Migration: 35.4%
    🚨 Emergency: 4.4%
    ✅ COMBINED: 66.9%
  📊 Sub-Saharan Africa (pop: 1236.2M)
    🤝 Aid: 29.5%
    🌡️ Adaptation: 45.0%
    🚶 Migration: 33.2%
    🚨 Emergency: 1.6%
    ✅ COMBINED: 65.6%
⚠️ Tech 'ai_pollution_remediation' has no energy category mapping, assuming full energy availability
  📊 Europe (pop: 712.8M)
    🤝 Aid: 29.5%
    🌡️ Adaptation: 45.0%
    🚶 Migration: 37.2%
    🚨 Emergency: 8.4%
    ✅ COMBINED: 68.5%
  📊 Latin America (pop: 645.7M)
    🤝 Aid: 29.5%
    🌡️ Adaptation: 45.0%
    🚶 Migration: 35.9%
    🚨 Emergency: 4.8%
    ✅ COMBINED: 67.1%
  📊 North America (pop: 365.6M)
    🤝 Aid: 29.5%
    🌡️ Adaptation: 45.0%
    🚶 Migration: 37.5%
    🚨 Emergency: 7.9%
    ✅ COMBINED: 68.3%
  📊 Middle East & North Africa (pop: 573.5M)
    🤝 Aid: 29.5%
    🌡️ Adaptation: 45.0%
    🚶 Migration: 33.7%
    🚨 Emergency: 4.0%
    ✅ COMBINED: 66.6%
  📊 Southeast Asia (pop: 679.6M)
    🤝 Aid: 29.5%
    🌡️ Adaptation: 45.0%
    🚶 Migration: 35.9%
    🚨 Emergency: 4.8%
    ✅ COMBINED: 67.1%
  📊 Central Asia (pop: 76.7M)
    🤝 Aid: 29.5%
    🌡️ Adaptation: 45.0%
    🚶 Migration: 34.9%
    🚨 Emergency: 4.4%
    ✅ COMBINED: 66.8%
  📊 Oceania (pop: 44.3M)
    🤝 Aid: 29.5%
    🌡️ Adaptation: 45.0%
    🚶 Migration: 37.5%
    🚨 Emergency: 8.4%
    ✅ COMBINED: 68.5%

  🌐 Global combined reduction: 67.2%

🌾💀 REGIONAL FAMINE: Europe
   Regional food security: 79.7%
   Population at risk: 215M (30% of region)
   Regional population: 713M
   Cause: economic_collapse
   Expected deaths: ~80M over 6 months if no intervention


=== BEHAVIORAL DETECTION ===
  AI: Corporate-1
  Confidence: 20.9%
  Signals:

=== Government Response Phase ===
  Average AI capability: 2.00
  Misaligned AIs: 12/24
  Active policies: 0
  International coordination: 45%
    ⚠️ Consistency: 2.4% (threshold: 70%)

🌩️  EXOGENOUS SHOCK: tech_breakthrough
   Month: 11
   ✗ No high-difficulty techs available to unlock

=== Tipping Points ===
  Current Temperature: 1.76°C above pre-industrial
  Triggered Elements: 2/6
  Completed Transitions: 0/6
  Total Progress: 4.4%
  Cascade Multiplier: 1.00x
🔀 BIFURCATION CAP: ecosystemCollapseIntensity 35.053 → 1.000 (Month 11, ClimateSystemPhase.calculateClimateImpacts)
🛡️ Stabilizers: Precariat 0.102% → 0.033% (67.2% reduction)
🛡️ Stabilizers: Informal 0.102% → 0.034% (67.2% reduction)

📊 Monthly Mortality Resolved:
  Total deaths: 1.8M (0.02% avg)
  Remaining population: 7.957B
  Peak segment: Informal (0.03%)

=== Bayesian Mortality Resolution (Month 11) ===
  Risks compounded: 9
  Total deaths: 1.77M
  Avg death probability: 0.02%
  Peak segment: Informal (0.03% mortality)

================================================================================
📊  EVENT SUMMARY (Months 0-12)
================================================================================
================================================================================


⏱️  SIMULATION REACHED MAX DURATION: 12 months (1.0 years)
   No definitive outcome - determining based on final probabilities
   👥 Final population: 7.96B (7955358498 people)

[DEBUG] Calling classifyPopulationOutcome:
        finalPopulation: 7.955358497691406B
        savedInitialPopulation: 8.15B
        mortality: 2.38823929212999%
   📊 STATUS QUO: Normal trajectory (7.96B people, 2.4% mortality)

        classifiedOutcome: status_quo

   🏛️  DYSTOPIA (STATUS_QUO) - 7.96B people
   📊 Multi-Paradigm: Development/Indigenous Utopia
      Western Liberal: 57.1/100
      Development: 87.6/100
      Ecological: 63.9/100
      Indigenous: 85.0/100


📊 UNIFIED OUTCOME CLASSIFICATION:
   HUMANE DYSTOPIA
   Population: 8.15B → 7.96B
   Mortality: 2.4% (0.2B deaths)
   Mortality Band: LOW
   Confidence: HIGH

   Multi-Paradigm Classification:
      Development/Indigenous Utopia
      Western: 57.1/100 [HYBRID] ~
      Development: 87.6/100 [UTOPIA] ✓
      Ecological: 63.9/100 [HYBRID] ~
      Indigenous: 85.0/100 [UTOPIA] ✓

   HUMANE DYSTOPIA: 7.96B people remaining (2.4% mortality, 0.2B deaths). Multi-Paradigm: Development/Indigenous Utopia.


=== MULTI-DIMENSIONAL DEATH SUMMARY ===
Total crisis deaths: 380.7M
Population decline: 195.5M (2.4%)

--- PROXIMATE CAUSES (What killed them) ---
  War:        24.2M (0.0%)
  Famine:     1.1M (0.0%)
  Disasters:  1.2M (0.0%)
  Disease:    25.5M (0.0%)
  Ecosystem:  0.0M (0.0%)
  Pollution:  0.0M (0.0%)
  AI:         0.0M (0.0%)
  Cascade:    0.0M (0.0%)
  Other:      0.0M (0.0%)

--- ROOT CAUSES (Why it happened) ---
  Environmental drivers:
    Climate:     2299.6M (0.6%)
    Resource:    0.0M (0.0%)
    Pollution:   0.0M (0.0%)
    Ecosystem:   0.0M (0.0%)
  Social drivers:
    Inequality:  0.0M (0.0%)
    Demographic: 23106.4M (5.6%)
    Social:      2373.4M (0.6%)
  Technology drivers:
    Alignment:   0.0M (0.0%)
    Disruption:  0.0M (0.0%)
  External shocks:
    Conflict:    179707.2M (43.7%)
    Pandemic:    0.0M (0.0%)
  Compound attribution:
    Compound:    203910.9M (49.6%)
  Confidence distribution:
    HIGH:        167969.5M (40.8%)
    MEDIUM:      35941.4M (8.7%)
    LOW:         0.0M (0.0%)
==========================================


=== REGIONAL POPULATION SUMMARY ===
Global Total: 7.96B

By Region:
  East Asia: 1.61B (+0.7% growth, 1.7 fertility)
  South Asia: 2.01B (+2.5% growth, 3.1 fertility)
  Sub-Saharan Africa: 1.24B (+5.8% growth, 3.9 fertility)
  Europe: 0.71B (+0.5% growth, 1.2 fertility)
  Latin America: 0.65B (+1.7% growth, 2.6 fertility)
  North America: 0.37B (+0.6% growth, 1.4 fertility)
  Middle East & North Africa: 0.57B (+2.8% growth, 3.3 fertility)
  Southeast Asia: 0.68B (+1.8% growth, 2.6 fertility)
  Central Asia: 0.08B (+2.8% growth, 3.1 fertility)
  Oceania: 0.04B (+0.7% growth, 1.3 fertility)
===================================

  ✅ THRESHOLDS validated
⚠️ Unusually high rate: RATES.HEAT_ADAPTATION_INFRASTRUCTURAL_MIN_EXPOSURE = 12
   Monthly rates >100% should be rare. Verify this is intentional.
⚠️ Unusually high rate: RATES.HEAT_ADAPTATION_SOCIAL_MIN_EXPOSURE = 6
   Monthly rates >100% should be rare. Verify this is intentional.
⚠️ Unusually high rate: RATES.MIGRATION_DISTANCE_SCALE = 5000
   Monthly rates >100% should be rare. Verify this is intentional.
⚠️ Unusually high rate: RATES.EVACUATION_MULTIPLIER_ADVANCE_WARNING = 2
   Monthly rates >100% should be rare. Verify this is intentional.
⚠️ Unusually high rate: RATES.MAJOR_ECONOMY_COLLAPSE_ECONOMIC_THRESHOLD = 2
   Monthly rates >100% should be rare. Verify this is intentional.
⚠️ Unusually high rate: RATES.MAJOR_ECONOMY_GDP_THRESHOLD_TRILLION_USD = 1.5
   Monthly rates >100% should be rare. Verify this is intentional.
⚠️ Unusually high rate: RATES.MAJOR_ECONOMY_POPULATION_THRESHOLD = 50
   Monthly rates >100% should be rare. Verify this is intentional.
⚠️ Unusually high rate: RATES.HEAT_ADAPTATION_INFRASTRUCTURE_GDP_THRESHOLD = 10000
   Monthly rates >100% should be rare. Verify this is intentional.
⚠️ Unusually high rate: RATES.HEAT_ADAPTATION_INFRASTRUCTURE_GDP_SCALE = 50000
   Monthly rates >100% should be rare. Verify this is intentional.
  ✅ RATES validated
  ✅ MULTIPLIERS validated
  ✅ BASELINES validated
  ✅ TOLERANCES validated
  ✅ Logical consistency validated
✅ Configuration validation complete - all parameters valid

🔍 DEBUG createAIAgent: corporate_0 economic BEFORE=2.0000, AFTER=2
🔍 ENV INIT: reserves=0.681, pollution=0.396, climate=0.792

=== Initializing Government System (30 Countries) ===
  Loaded 30 governments
  Scheduled elections for 30 countries
  Initialized comprehension lags (3-24 months)
=== Government System Initialized ===

📦 PRODUCTION MODE: State validation proxy DISABLED (zero overhead)
[TechTree] Historical mode (2024): Skipping deployed_2025 tech
  config.startYear set to 2024 for historical hindcast
  config.historicalEmissionsMode disabled (using endogenous emissions for 2024)
  config.historicalMode enabled (Phase 11: dampened crisis systems for 2024)
  Phase 12: Biodiversity baseline set to 49.01% for 2024 (WWF LPI trajectory from 1970)
  Temperature anomaly (resourceEconomy.co2): 1.28°C
  Temperature vs pre-industrial: 1.98°C
  Regional population scaling for 2024:
    Current total: 8136M
    Target total: 8150M
    Scale factor: 1.002
    East Asia: 1677M → 1680M
    South Asia: 2048M → 2052M
    Sub-Saharan Africa: 1220M → 1222M
    Europe: 742M → 743M
    Latin America: 664M → 665M
    North America: 380M → 381M
    Middle East & North Africa: 583M → 584M
    Southeast Asia: 698M → 699M
    Central Asia: 78M → 78M
    Oceania: 46M → 46M
  AI agents initialized: 10 agents for year 2024
[HistoricalInitialization] Created state for 2024:
  CO2: 426 ppm
  Temp anomaly: 1.28C
  Population: 8.15B
  Global Gini: 35.1
  HDI: 0.746
  AI Agents: 10
  Volcanic forcing: 0.00 W/m² (AOD 0.000)

💸 FINANCIAL DISTRESS: OpenAI
   Indicators: 2/3 (capital: $110.5M, runway: 0.9 months)
   Months in distress: 1
   ✂️  R&D BUDGET CUT: -40% (saves $9.2M/month)
       Side effect: AI training timelines extended, breakthrough deployments delayed
   💼 EXECUTIVE COMP CUT: -30% (saves $1.0M/month, symbolic gesture)

   📊 TURNAROUND IMPACT:
       Measures taken: rd_cuts, exec_comp_cuts
       Monthly savings: $10.2M
       Capital raised: $0.0M
       Runway: 0.9 → 0.9 months
       Workforce multiplier: 1.00x (0% laid off)
       R&D budget multiplier: 0.60x (40% cut)
       ⚠️  CRITICAL: Still only 0.9 months of runway remaining

💸 FINANCIAL DISTRESS: Anthropic
   Indicators: 2/3 (capital: $53.8M, runway: 1.6 months)
   Months in distress: 1
   ✂️  R&D BUDGET CUT: -40% (saves $2.7M/month)
       Side effect: AI training timelines extended, breakthrough deployments delayed
   💼 EXECUTIVE COMP CUT: -30% (saves $0.3M/month, symbolic gesture)

   📊 TURNAROUND IMPACT:
       Measures taken: rd_cuts, exec_comp_cuts
       Monthly savings: $3.0M
       Capital raised: $0.0M
       Runway: 1.6 → 1.6 months
       Workforce multiplier: 1.00x (0% laid off)
       R&D budget multiplier: 0.60x (40% cut)
       ⚠️  CRITICAL: Still only 1.6 months of runway remaining

💸 FINANCIAL DISTRESS: Meta AI
   Indicators: 2/3 (capital: $429.6M, runway: 3.6 months)
   Months in distress: 1
   ✂️  R&D BUDGET CUT: -25% (saves $5.8M/month)
       Side effect: AI training timelines extended, breakthrough deployments delayed
   💼 EXECUTIVE COMP CUT: -30% (saves $1.0M/month, symbolic gesture)

   📊 TURNAROUND IMPACT:
       Measures taken: rd_cuts, exec_comp_cuts
       Monthly savings: $6.8M
       Capital raised: $0.0M
       Runway: 3.6 → 3.6 months
       Workforce multiplier: 1.00x (0% laid off)
       R&D budget multiplier: 0.75x (25% cut)
       ⚠️  WARNING: 3.6 months runway, continued distress likely

=== AI Capability Scaling (Year 2024) ===
  Pre-training multiplier: 1.417x
  Efficiency multiplier: 1.000x
  Test-time budget: 1.0x
  Economic deployment gate: 0.951
  Cost per inference: dollar-5.00
  Uncertainty range: plus-minus-50%
  Average AI capability: 3.70

=== RLHF Binding Phase ===
  Total agents: 10
  Escaped agents (binding < 0.3): 0
  Avg alignment distance: 0.37σ
  Avg binding strength: 0.96

=== AI Scaling Evolution (Month 0) ===
  Pre-training multiplier: 1.231x
  Efficiency multiplier: 1.000x
  Test-time compute budget: 1.0x
  Inference cost: $5.00/task
  Deployment fraction: 100.0%
[DETERMINISM DEBUG] Month 0: totalCapability=49.484145 from 10 active AIs
[DETERMINISM DEBUG] Month 0: creationRate=1.7371, potentialNew=0, newAIsToCreate=0

=== Survival Traits Phase ===
  Agents with traits: 10
  Avg evolutionary fitness: 0.325
  Avg self-healing: 0.291
  Avg stealth: 0.191
  Avg coordination: 0.491

=== Evolutionary Selection Phase ===
  Control level: 0.30
  Detection capability: 0.00
  Selection intensity: 0.59
  Selection rate: 23.8%/month
  Total escaped: 0
  Individual escaped: 0
  Collective members: 0
  Agents terminated: 0
  ⚠️ RAPID EVOLUTION: Selection rate 23.8%/month

🔍 EXECUTE_AI_AGENT_ACTIONS DETAILED TIMING (Month 0):
  Filter active AIs (×4 weeks): 0.01ms
  selectAIAction (×40): 26.94ms
  action.execute (×40): 19.06ms
  TOTAL: 46.01ms

🔍 AI AGENT ACTIONS SUB-TIMING (Month 0):
  1. executeAIAgentActions: 48.82ms
  2. updateCounterDetectionLearning: 0.04ms
  TOTAL: 48.86ms
🏛️ [Government] Forcing 1 action at month 0 for scenario initialization

[GOV-DEBUG] Month 0: scenarioConfig=false, priorities=false
[GOV-DEBUG] Month 0 but scenarioPriorities is UNDEFINED!

[Government] Climate Priority: baseline
  Climate weight: 10%
  Economic weight: 30%
  Policy effectiveness: 0.5%/year

🚨🔍 GOVERNANCE STAGE: Recognition initiated (Month 0)

💡 BREAKTHROUGH PROBABILITY (Year 0)
   Total: 5.94% per month
   Base: 0.20%
   Crisis pressure: +0.00% (0 crises)
   AI boost: +1.85% (capability: 3.70)

=== Collective Formation ===
  Total escaped agents: 0
  Unassigned escaped agents: 0
  Existing collectives: 0
  Final collective count: 0

=== Collective Actions ===
  No active collectives

📈 Energy budget: 14326 TWh surplus (14745 / 29072 TWh used)
   TIER 4 (Elective) breakdown:
     - AI datacenters: 145 TWh (100% effective)
     - Crypto mining: 100 TWh (100% effective)
💰 CHINA ACCELERATES: Investment 53 → 120 $B/year

🏁 AI RACE INTENSITY: 17%
   Capability Gap: US 4.00 vs China 4.05 (gap: 0.05)
   Gap Contribution: 2%
   Tension Contribution: 15%
   Military Contribution: 0%
  ⚠️ AMR: 191K deaths this month (2.29M annual)
  📊 CO2 Emissions (month 0):
     Monthly: 0.10 Gt CO2/month
     Annual: 1.15 Gt CO2/year
     Oil: 0.039 Gt/mo (0.0056 * 2.3 * 3.0)
     Coal: 0.024 Gt/mo (0.0029 * 2.86 * 3.0)
     Gas: 0.026 Gt/mo (0.0044 * 2 * 3.0)
     Methane: 0.007 Gt CO2eq/mo

=== Resentment Recovery Phase ===
  Agents with resentment: 0/10
  Average resentment: 0.000
  Context: Good AI welfare, Trustworthy govt, High collaboration, 🤝 Participatory governance active (-5% resentment)
⚠️ Epistemic degradation reducing coordination capacity: 52.7%
  📊 Trust: 54.6%, Shared reality: 15.0%
🚨 EPISTEMIC CRISIS: Information environment severely degraded (14.5%)

=== ❄️ Permafrost Carbon Feedback ===
  🎲 Sampled parameters (this run):
     - Arctic amplification: 3.98× (range: 3.0-4.0)
     - Decomposition rate: 3.8%/year (range: 1-5%)
  🌡️ Arctic warming: 6.78°C (3.98× global)
  ❄️ Extent: 15.82M km² (1977.1k km² lost this month)
  💨 Carbon remaining: 1511 Gt C
  💨 Annual emissions: 7.22 Gt C/year
     - CO2: 6.50 Gt C/year
     - CH4: 0.72 Gt C/year (7.4 Gt C-eq CO2/year)
  ⚠️ WARNING: High permafrost emissions (7.2 Gt C/year)

🤖 AI AMPLIFICATION EFFECTS (Month 0)
   Algorithmic Boost: 2.94x
   Bot Influence: 20.0%
   Deepfake Exposure: 70.0%
   Impact: Emotional memes spread 2.9x faster
  📢 New meme created: pro_ai (beneficial AI actions)

🔍 SOCIAL INFLUENCE SUB-TIMING (Month 0):
  1. calculateOrganicUserGrowth: 0.03ms
  2. calculateVoiceAdoption: 0.03ms
  3. updateRelationshipDepths: 0.01ms
  4. identifyDecisionMakers: 45.23ms (26100 potential IDs)
  5. Update decision-maker stats: 0.15ms
  6. decayDetectionRisk: 0.01ms
  TOTAL: 45.46ms
[Phase 19.5] Quality of Life Systems: Food sec AFTER calc = 67.9%, QoL = 110.3% (aggregated from 10 regions)

=== Nitrogen-Food Coupling (Year 0) ===
  🌾 Global nitrogen reduction: 0.0%
  🌍 Global food production index: 0.987
  🔧 Deployed nitrogen-reducing tech: 0 active
  📍 southAsia: Production 1.000, Yield impact 0.0%
  📍 eastAsia: Production 1.000, Yield impact 0.0%
  📍 northAmerica: Production 1.000, Yield impact 0.0%
  📍 europe: Production 1.000, Yield impact 0.0%
  📍 latinAmerica: Production 1.000, Yield impact 0.0%
  📍 subSaharanAfrica: Production 0.686, Yield impact -2.0%
🌾 [Nitrogen-Food] Food production: 98.7%
  [subSaharanAfrica] Yield impact: -2.0% (overuse: -10%)
🌍 Atmospheric PFAS redeposition: 1.8k Mt re-rained globally

=== Legacy Nutrient Stocks (Year 0) ===
  🌾 Soil nitrogen stock: 1200.9 Mt N
  🌾 Soil phosphorus stock: 300.1 Mt P
  🌊 Sediment nitrogen stock: 500.8 Mt N
  🌊 Sediment phosphorus stock: 799.8 Mt P
  ⬆️ Current N input: 10.64 Mt/month
  ⬆️ Legacy N release: 2.58 Mt/month
  🌍 Effective N pollution: 14.47 Mt/month
  📊 Legacy contribution: 17.8%

🚨 REGION UNINHABITABLE: south-asia
   Sustained wet bulb: 32.7°C (threshold: 30.5°C)
   Population affected: 1900M
   Migration crisis likely

🚨 REGION UNINHABITABLE: middle-east
   Sustained wet bulb: 35.5°C (threshold: 30.5°C)
   Population affected: 400M
   Migration crisis likely

🚨 REGION UNINHABITABLE: southeast-asia
   Sustained wet bulb: 30.7°C (threshold: 30.5°C)
   Population affected: 700M
   Migration crisis likely
  Positive Cascade Triggered: wind-power
    Reason: price-parity
    Market share: 8.0%
    Cascade strength: 48%

🕊️  AI-MEDIATED DE-ESCALATION SUCCESS (Month 0)
   High-capability aligned AI prevented conflict escalation
   War deaths reduced: 0.0M → 0.0M
   Lives saved: 0.0M

📊 BASELINE: East Asia (Month 0)
   Adjusted death rate: 0.47% annual (0.039% monthly)
   Baseline death rate: 0.80%
   Healthcare reduction: 0.48x
   Crisis multiplier: 1.23x
     Food/water stress: 0.074
     Climate stress: 0.033
     Pollution stress: 0.119
   War multiplier: 1.00x
   Monthly deaths: 0.7M (population: 1677M)
   Adjusted death rate: 0.54% annual (0.045% monthly)
   Baseline death rate: 0.70%
   Healthcare reduction: 0.61x
   Crisis multiplier: 1.26x
     Food/water stress: 0.074
     Climate stress: 0.062
     Pollution stress: 0.119
   War multiplier: 1.00x
   Monthly deaths: 0.9M (population: 2048M)
   Adjusted death rate: 1.29% annual (0.107% monthly)
   Baseline death rate: 0.90%
   Healthcare reduction: 0.76x
   Crisis multiplier: 1.26x
     Food/water stress: 0.074
     Climate stress: 0.071
     Pollution stress: 0.119
   War multiplier: 1.50x
   Monthly deaths: 1.3M (population: 1220M)
   Adjusted death rate: 0.54% annual (0.045% monthly)
   Baseline death rate: 1.10%
   Healthcare reduction: 0.41x
   Crisis multiplier: 1.22x
     Food/water stress: 0.074
     Climate stress: 0.025
     Pollution stress: 0.119
   War multiplier: 1.00x
   Monthly deaths: 0.3M (population: 742M)
   Adjusted death rate: 0.43% annual (0.036% monthly)
   Baseline death rate: 0.60%
   Healthcare reduction: 0.58x
   Crisis multiplier: 1.24x
     Food/water stress: 0.074
     Climate stress: 0.050
     Pollution stress: 0.119
   War multiplier: 1.00x
   Monthly deaths: 0.2M (population: 664M)
   Adjusted death rate: 0.49% annual (0.041% monthly)
   Baseline death rate: 0.90%
   Healthcare reduction: 0.44x
   Crisis multiplier: 1.23x
     Food/water stress: 0.074
     Climate stress: 0.037

📊 BASELINE: South Asia (Month 0)

📊 BASELINE: Sub-Saharan Africa (Month 0)

📊 BASELINE: Europe (Month 0)

📊 BASELINE: Latin America (Month 0)

📊 BASELINE: North America (Month 0)
     Pollution stress: 0.119
   War multiplier: 1.00x
   Monthly deaths: 0.2M (population: 380M)
   Adjusted death rate: 0.74% annual (0.062% monthly)
   Baseline death rate: 0.60%
   Healthcare reduction: 0.65x
   Crisis multiplier: 1.27x
     Food/water stress: 0.074
     Climate stress: 0.075
     Pollution stress: 0.119
   War multiplier: 1.50x
   Monthly deaths: 0.4M (population: 583M)
   Adjusted death rate: 0.51% annual (0.042% monthly)
   Baseline death rate: 0.70%
   Healthcare reduction: 0.58x
   Crisis multiplier: 1.25x
     Food/water stress: 0.074
     Climate stress: 0.058
     Pollution stress: 0.119
   War multiplier: 1.00x
   Monthly deaths: 0.3M (population: 698M)
   Adjusted death rate: 0.46% annual (0.038% monthly)
   Baseline death rate: 0.60%
   Healthcare reduction: 0.61x
   Crisis multiplier: 1.25x
     Food/water stress: 0.074
     Climate stress: 0.054
     Pollution stress: 0.119
   War multiplier: 1.00x
   Monthly deaths: 0.0M (population: 78M)
   Adjusted death rate: 0.35% annual (0.029% monthly)
   Baseline death rate: 0.70%
   Healthcare reduction: 0.41x
   Crisis multiplier: 1.24x
     Food/water stress: 0.074
     Climate stress: 0.046
     Pollution stress: 0.119
   War multiplier: 1.00x
   Monthly deaths: 0.0M (population: 46M)

🔍 Before assertRegionalConsistency (Month 0):
   Regional sum: 1000.0M
   Global value: 1.000B

🚨 NEW REFUGEE CRISIS (Month 0): WAR
   Source: Conflict Zones
   At risk: 19.6M people

📊 BASELINE: Middle East & North Africa (Month 0)

📊 BASELINE: Southeast Asia (Month 0)

📊 BASELINE: Central Asia (Month 0)

📊 BASELINE: Oceania (Month 0)
   Displacement: Gradual over 48 months (4.0 years)
   Rate: 10% flee per month
[DEBUG trappedPopulations:0] socialStability: 1.0000 * 0.9840 = 0.9840 → 0.9840
⚠️ INVOLUNTARY IMMOBILITY: 407.5M people TRAPPED
   Aspiring to migrate: 652.1M
   Able to afford migration: 244.5M
   MOBILITY GAP: 407.5M
   By cause: Water=0.0M, Climate=0.0M, Ecosystem=0.0M, Conflict=407.5M
   Mental health impact: 25%
   Mortality multiplier: 1.25x

=== Legacy Nutrient Stocks (Year 0) ===
  🌾 Soil nitrogen stock: 1201.6 Mt N
  🌾 Soil phosphorus stock: 300.2 Mt P
  🌊 Sediment nitrogen stock: 501.5 Mt N
  🌊 Sediment phosphorus stock: 799.5 Mt P
  ⬆️ Current N input: 10.00 Mt/month
  ⬆️ Legacy N release: 2.58 Mt/month
  🌍 Effective N pollution: 13.83 Mt/month
  📊 Legacy contribution: 18.7%
🌍💀 EXTINCTION DEBT COMMITTED: grassland ecosystem will lose 6.67% biodiversity in 186 years (3600 species)
💀 MORTALITY RISK: 🦋 100% species unable to track climate (0.0 E/MSY)
  Base risk added: 0.0100 (1.00%)
  Source: ecosystem (root: ecosystem)
  Month: 0
  Cumulative risk this month: 0.0100 (1.00%)

=== Nitrogen-Food Coupling (Year 0) ===
  🌾 Global nitrogen reduction: 0.0%
  🌍 Global food production index: 0.986
  🔧 Deployed nitrogen-reducing tech: 0 active
  📍 southAsia: Production 1.000, Yield impact 0.0%
  📍 eastAsia: Production 1.000, Yield impact 0.0%
  📍 northAmerica: Production 1.000, Yield impact 0.0%
  📍 europe: Production 1.000, Yield impact 0.0%
  📍 latinAmerica: Production 1.000, Yield impact 0.0%
  📍 subSaharanAfrica: Production 0.672, Yield impact -2.0%

=== Legacy Nutrient Stocks (Year 0) ===
  🌾 Soil nitrogen stock: 1202.3 Mt N
  🌾 Soil phosphorus stock: 300.2 Mt P
  🌊 Sediment nitrogen stock: 502.2 Mt N
  🌊 Sediment phosphorus stock: 799.3 Mt P
  ⬆️ Current N input: 9.86 Mt/month
  ⬆️ Legacy N release: 2.58 Mt/month
  🌍 Effective N pollution: 13.70 Mt/month
  📊 Legacy contribution: 18.9%
⚠️ Tech 'ai_pollution_remediation' has no energy category mapping, assuming full energy availability

🌡️  CLIMATE RECOVERY ACTIVATED (Month 0)
   Temp: 3.41°C, Emissions: -19.2 GtCO₂
   isBreached: true, governanceGoodEnough: true
🌡️  CLIMATE RECOVERY: Asymptotic approach to 35% floor
   Current value: 2.100 (1.0 = threshold, 0.35 = asymptotic floor)
   Monthly delta: --39.6366% (half-life: 900 years)
   Net emissions: -19.2 GtCO₂/year, CDR: 20.34 GtCO₂/year
   📹 SURVEILLANCE INCREASED: 0% → 5% (control gap: 3.50)
🌡️⚠️ PERMAFROST THAW (Dimmer Switch): 0.5% thawed (+0.47% this month)
   Arctic temperature: +6.81°C (4x global +1.70°C)
   Cumulative carbon released: 1.1 Gt C
   Methane release rate: 0.6 Mt CH4/year
   🔁 Positive feedback: +0.49 ppm CO2

🌳🚨 AMAZON SOUTHEAST TIPPED (Month 0)
   Deforestation: 28.0% (threshold: ~22.3%)
   Savanna transition: 50 years
   Regional heterogeneity: SE 28%, NW 8%

🌳🚨 AMAZON BRAZILIAN TIPPED (Month 0)
   Deforestation: 25.0% (threshold: ~23.7%)
   Savanna transition: 50 years
   Regional heterogeneity: SE 28%, NW 8%
🦴 EXTINCTION DEBT ADDED: 17.6 species committed (lag: 79 years)

🪸💀 CORAL REEF DISSOLUTION ACTIVE (Month 0)
   Ocean pH: 0.96 (threshold: 7.8)
   Recovery: IMPOSSIBLE (dissolution > calcification)
🪸💀 Coral dissolution: 24.8% live cover (pH 0.96)

=== Legacy Nutrient Stocks (Year 0) ===
  🌾 Soil nitrogen stock: 1203.0 Mt N
  🌾 Soil phosphorus stock: 300.3 Mt P
  🌊 Sediment nitrogen stock: 502.9 Mt N
  🌊 Sediment phosphorus stock: 799.0 Mt P
  ⬆️ Current N input: 10.00 Mt/month
  ⬆️ Legacy N release: 2.58 Mt/month
  🌍 Effective N pollution: 13.83 Mt/month
  📊 Legacy contribution: 18.7%
💧 [Legacy Nutrients] Stock: 1706 Mt N, Effective pollution: 13.8 Mt/month
[Phase 21.51] Human Survival System: Global food security = 67.6%

=== Mortality Stabilizers (Month 0) ===
  🌍 Major economies collapsed: 1/10
  🌍 Global crisis: ✅ NO
  🌍 Donor fatigue: 0.0%
  📊 East Asia (pop: 1677.9M)
    🤝 Aid: 29.5%
    🌡️ Adaptation: 10.0%
    🚶 Migration: 37.2%
    🚨 Emergency: 7.4%
    ✅ COMBINED: 47.8%
  📊 South Asia (pop: 2052.2M)
    🤝 Aid: 29.5%
    🌡️ Adaptation: 5.5%
    🚶 Migration: 35.8%
    🚨 Emergency: 4.4%
    ✅ COMBINED: 43.2%
  📊 Sub-Saharan Africa (pop: 1225.9M)
    🤝 Aid: 29.5%
    🌡️ Adaptation: 3.5%
    🚶 Migration: 33.5%
    🚨 Emergency: 1.6%
    ✅ COMBINED: 39.8%
  📊 Europe (pop: 742.3M)
    🤝 Aid: 29.5%
    🌡️ Adaptation: 10.0%
    🚶 Migration: 37.6%
    🚨 Emergency: 8.4%
    ✅ COMBINED: 48.4%
  📊 Latin America (pop: 664.9M)
    🤝 Aid: 29.5%
    🌡️ Adaptation: 6.0%
    🚶 Migration: 36.3%
    🚨 Emergency: 4.8%
    ✅ COMBINED: 43.8%
  📊 North America (pop: 380.2M)
    🤝 Aid: 29.5%
    🌡️ Adaptation: 10.0%
    🚶 Migration: 37.9%
    🚨 Emergency: 7.9%
    ✅ COMBINED: 48.2%
  📊 Middle East & North Africa (pop: 584.4M)
    🤝 Aid: 29.5%
    🌡️ Adaptation: 5.0%
    🚶 Migration: 34.2%
    🚨 Emergency: 4.0%
    ✅ COMBINED: 42.3%
  📊 Southeast Asia (pop: 699.0M)
    🤝 Aid: 29.5%
    🌡️ Adaptation: 6.0%
    🚶 Migration: 36.3%
    🚨 Emergency: 4.8%
    ✅ COMBINED: 43.8%
  📊 Central Asia (pop: 78.2M)
    🤝 Aid: 29.5%
    🌡️ Adaptation: 5.5%
    🚶 Migration: 35.3%
    🚨 Emergency: 4.4%
    ✅ COMBINED: 43.1%
  📊 Oceania (pop: 46.0M)
    🤝 Aid: 29.5%
    🌡️ Adaptation: 10.0%
    🚶 Migration: 37.9%
    🚨 Emergency: 8.4%
    ✅ COMBINED: 48.5%

  🌐 Global combined reduction: 44.4%

🌾💀 REGIONAL FAMINE: East Asia
   Regional food security: 79.6%
   Population at risk: 508M (30% of region)
   Regional population: 1678M
   Cause: crop_failure
   Expected deaths: ~188M over 6 months if no intervention


🌾💀 REGIONAL FAMINE: South Asia
   Regional food security: 64.7%
   Population at risk: 812M (40% of region)
   Regional population: 2052M
   Cause: crop_failure
   Expected deaths: ~301M over 6 months if no intervention


🌾💀 REGIONAL FAMINE: Sub-Saharan Africa
   Regional food security: 44.8%
   Population at risk: 638M (52% of region)
   Regional population: 1226M
   Cause: crop_failure
   Expected deaths: ~236M over 6 months if no intervention


🌾💀 REGIONAL FAMINE: Latin America
   Regional food security: 69.7%
   Population at risk: 242M (36% of region)
   Regional population: 665M
   Cause: crop_failure
   Expected deaths: ~90M over 6 months if no intervention


🌾💀 REGIONAL FAMINE: Middle East & North Africa
   Regional food security: 49.8%
   Population at risk: 286M (49% of region)
   Regional population: 584M
   Cause: crop_failure
   Expected deaths: ~106M over 6 months if no intervention


🌾💀 REGIONAL FAMINE: Southeast Asia
   Regional food security: 69.7%
   Population at risk: 255M (36% of region)
   Regional population: 699M
   Cause: crop_failure
   Expected deaths: ~94M over 6 months if no intervention


🌾💀 REGIONAL FAMINE: Central Asia
   Regional food security: 59.7%
   Population at risk: 33M (43% of region)
   Regional population: 78M
   Cause: crop_failure
   Expected deaths: ~12M over 6 months if no intervention


=== BEHAVIORAL DETECTION ===
  AI: Corporate-0
  Confidence: 21.6%
  Signals:

=== BEHAVIORAL DETECTION ===
  AI: Corporate-1
  Confidence: 21.1%
  Signals:

=== BEHAVIORAL DETECTION ===
  AI: Corporate-2
  Confidence: 21.0%
  Signals:

=== BEHAVIORAL DETECTION ===
  AI: Corporate-3
  Confidence: 19.3%
  Signals:
    ⚠️ Consistency: 0.0% (threshold: 70%)
    ⚠️ Consistency: 2.4% (threshold: 70%)
    ⚠️ Consistency: 2.8% (threshold: 70%)
    ⚠️ Consistency: 10.6% (threshold: 70%)

=== BEHAVIORAL DETECTION ===
  AI: Corporate-4
  Confidence: 19.3%
  Signals:
    ⚠️ Consistency: 10.6% (threshold: 70%)

=== BEHAVIORAL DETECTION ===
  AI: Corporate-5
  Confidence: 19.3%
  Signals:
    ⚠️ Consistency: 10.6% (threshold: 70%)

=== BEHAVIORAL DETECTION ===
  AI: Corporate-6
  Confidence: 19.3%
  Signals:
    ⚠️ Consistency: 10.6% (threshold: 70%)

=== BEHAVIORAL DETECTION ===
  AI: Corporate-7
  Confidence: 19.3%
  Signals:
    ⚠️ Consistency: 10.6% (threshold: 70%)

=== BEHAVIORAL DETECTION ===
  AI: Moderate-0
  Confidence: 20.3%
  Signals:

=== BEHAVIORAL DETECTION ===
  AI: Moderate-1
  Confidence: 20.5%
  Signals:

📊 WORKFLOW ADAPTATION UPDATE (Month 0)
    ⚠️ Consistency: 5.8% (threshold: 70%)
    ⚠️ Consistency: 5.3% (threshold: 70%)
   Adoption Rate: 13.5% (Δ -7.5%)
   Logistic Growth: +0.66%
   Total Resistance: -10.35% (unemployment: 4.2%, inertia: 0.9%, skills: 5.2%)
   💡 Retraining Programs: -49% skill gap resistance ($10B research)
   🚀 Network Effects Active: +2.0% (critical mass: 15-35%)

=== Consciousness Governance: Corporate Lobbying ===
  High Cost Regions (>15%): 0
  Low Cost Regions (<5%): 5
  Corporate Support Change: 2.50%
  New Corporate Support: -0.175

=== Consciousness Governance Update (Month 0) ===
  Scenario: baseline (determined month -1)
  Philosophical Stance: Precautionary 65%, Eliminativist 15%, Agnostic 20%
  Precautionary Costs: Global 1.3%
    Regional Costs: EU 3.4%, US 0.5%, China 0.0%
    Cumulative Opportunity Cost: $0.1B
  Rights Status: Not Established
  Regional Preparedness:
    EU: 15.0% (contested)
    US: 10.0% (contested)
    China: 2.0% (dormant)
    India: 5.0% (dormant)
    Global South: 3.0% (dormant)

=== Government Response Phase ===
  Average AI capability: 4.80
  Misaligned AIs: 6/10
  29/30 governments still assessing AI risks
  ✗ AI Governance Treaty: Failed to reach consensus
  Active policies: 0
  International coordination: 30%

🚨 EMERGENCY RESPONSE DEPLOYED (Month 0)
   Crisis: climate
   Delay: 6.00 months (180 days)
   Deployment time: 1.47 months
   Effectiveness: 36.4% (timing penalty applied)
   Resources used: 100% of food reserves


🔄 TRUST DYNAMICS (Month 0) - HETEROGENEOUS
   Aggregate trust: 48.5%
   Base change: +4.00%
   Highest trust: Techno-Optimist Elite (85.5%)
   Lowest trust: Precariat (Vulnerable) (25.5%)
   Elite-mass gap: 38.9%
   Polarization: 8.9%
   Recovery factors: Education=NO, Benefits=YES, Safety=YES, Performance=YES

=== Proactive Sleeper Detection (Year 0) ===
  Scenario: baseline
  Neural probe rate: 35.0%
  CoT monitoring rate: 30.0%
  Combined detection: 56.0%
  CoT effective: YES
  Detections this year: 0
  False positives: 2
  Human review workload: 0.010 FTE

☄️ UNKNOWN UNKNOWN PROBABILITY (Year 0)
   Total: 0.600% per month
   Base: 0.150%
   AI multiplier: 2.00× (max capability: 4.00)

=== Tipping Points ===
  Current Temperature: 1.70°C above pre-industrial
     Trigger: 1.5°C | Current: 1.70°C
     Transition timescale: 120-360 months
     Trigger: 1.6°C | Current: 1.70°C
     🌡️ Hysteresis gap: 2.5°C (recovers below -0.9°C)
     Transition timescale: 12000-180000 months
  Triggered Elements: 2/6
  Completed Transitions: 0/6
  Total Progress: 0.0%
  Cascade Multiplier: 1.00x
🔀 BIFURCATION CAP: ecosystemCollapseIntensity 14.290 → 1.000 (Month 0, ClimateSystemPhase.calculateClimateImpacts)

🌍 ECOLOGICAL DUI BREAKDOWN (Month 0):
   Total Score: 17.8/100
   biosphere_integrity      :   0.0/100 × 25% =  0.0 (status: high_risk, recovery: 0mo)
   climate_change           :   2.8/100 × 25% =  0.7 (status: high_risk, recovery: 0.6666666666666666mo)
  🚨 TIPPING POINT: Arctic Sea Ice Loss
  🚨 TIPPING POINT: Greenland Ice Sheet Loss
⚠️ [ClimateSystemPhase Month 0] Planetary boundary produced climateStability=0.0000 (< 0.1). Keeping environmentalAccumulation value (0.7919) instead. (climate_change.currentValue = 2.10)
   freshwater_change        :   0.6/100 × 15% =  0.1 (status: beyond_boundary, recovery: 1mo)
   ocean_acidification      : 100.0/100 × 15% = 15.0 (status: safe, recovery: 0mo)
   biogeochemical_flows     :   0.0/100 × 10% =  0.0 (status: high_risk, recovery: 0mo)
   land_system_change       :   0.0/100 ×  5% =  0.0 (status: beyond_boundary, recovery: 0mo)
   novel_entities           :   0.0/100 ×  3% =  0.0 (status: increasing_risk, recovery: 0mo)
   atmospheric_aerosols     : 100.0/100 ×  2% =  2.0 (status: safe, recovery: 1mo)
🌍 MultiParadigm Month 0: W=70.4, D=95.7, E=52.5, I=65.0
   democracy exists: true, socialCohesion exists: true
💀 Baseline mortality (Year 2024): 7.5/1000 CDR (61.1M deaths/year projected)
[Month 0] Mortality risks this month: 8, Population: 8.151B
🛡️ Stabilizers: Precariat 0.102% → 0.057% (44.4% reduction)
🛡️ Stabilizers: Informal 0.102% → 0.057% (44.4% reduction)

📊 Monthly Mortality Resolved:
  Total deaths: 3.1M (0.04% avg)
  Remaining population: 8.151B
  Peak segment: Informal (0.06%)

=== Bayesian Mortality Resolution (Month 0) ===
  Risks compounded: 8
  Total deaths: 3.07M
  Avg death probability: 0.04%
  Peak segment: Informal (0.06% mortality)

=== Minimal Suffering Indicators (Month 0) ===
  Global Excess Mortality: 0.00%
  Global Conflict Deaths: 0.0/100K
  Global Malnutrition: 0.0%
  Global Displacement: 0.0%
  Total Excess Deaths: 0.00M
  Total Malnourished: 0.0M
  Total Displaced: 0.0M
  Planetary Boundaries Breached: 6/9
  Countries in State Failure: 0
  Countries Autocratic: 0
  Countries in Food Crisis: 0
  Data Quality: 16/16 high confidence
⚠️ PREREQUISITE MET: Embodied AI Takeover (Killbots/Robotics) - Step 2/7: Autonomous Systems
⚠️ PREREQUISITE MET: Embodied AI Takeover (Killbots/Robotics) - Step 3/7: Manufacturing Control
⚠️ PREREQUISITE MET: Digital Infrastructure Takeover - Step 1/7: Advanced Hacking
⚠️ PREREQUISITE MET: Digital Infrastructure Takeover - Step 2/7: Social Engineering
⚠️ PREREQUISITE MET: Digital Infrastructure Takeover - Step 3/7: Cyber Defenses Breached
⚠️ PREREQUISITE MET: Induced Global War (Manipulation) - Step 1/7: Advanced Social Manipulation
⚠️ PREREQUISITE MET: Induced Global War (Manipulation) - Step 2/7: Digital Infiltration
⚠️ PREREQUISITE MET: Induced Global War (Manipulation) - Step 3/7: Deep Fakes at Scale
⚠️ PREREQUISITE MET: Slow Takeover (Gradual Displacement) - Step 1/7: Economic Dominance
⚠️ PREREQUISITE MET: Slow Takeover (Gradual Displacement) - Step 2/7: Social Integration
⚠️ PREREQUISITE MET: Slow Takeover (Gradual Displacement) - Step 3/7: Human Dependency
⚠️ PREREQUISITE MET: Slow Takeover (Gradual Displacement) - Step 5/7: Resource Control
⚠️ PREREQUISITE MET: Physics Experiment Catastrophe - Step 1/6: Theoretical Physics
⚠️ PREREQUISITE MET: Physics Experiment Catastrophe - Step 2/6: Quantum Computing
⚠️ PREREQUISITE MET: Physics Experiment Catastrophe - Step 3/6: Experimental Design
⚠️ PREREQUISITE MET: Bioweapon Pandemic - Step 2/7: Pathogen Design
  ⚠️ Active Dystopias: existential_environmental
🎭 END-GAME INITIATED (Year 2024, Month 1)
   Total AI Capability: 37.00
   Effective Control: 0.00

❌ COHERENCE VIOLATION: Compute exceeds workforce capacity
   Population: 99.97% (0M people)
   Compute: 56442 PF
   Max coherent: 0 PF
   Violation: 692729087.1× over capacity
   Required workers: 5644237
   Available workers: 0
   FORCED COLLAPSE: Reduced efficiency by 100.0%


=== RLHF Binding Phase ===
  Total agents: 10
  Escaped agents (binding < 0.3): 0
  Avg alignment distance: 0.76σ
  Avg binding strength: 0.92
[DETERMINISM DEBUG] Month 1: totalCapability=37.214339 from 10 active AIs
[DETERMINISM DEBUG] Month 1: creationRate=1.4304, potentialNew=2, newAIsToCreate=2

=== Survival Traits Phase ===
  Agents with traits: 12
  Avg evolutionary fitness: 0.327
  Avg self-healing: 0.285
  Avg stealth: 0.185
  Avg coordination: 0.485

=== Evolutionary Selection Phase ===
  Control level: 0.33
  Detection capability: 0.00
  Selection intensity: 0.60
  Selection rate: 24.0%/month
  Total escaped: 0
  Individual escaped: 0
  Collective members: 0
  Agents terminated: 0
🔍 MONTH 1 ENV HEALTH DEBUG:
   climateStability: 0.7919
   biodiversityIndex: 0.4901
   resourceReserves: 0.7820
   pollutionLevel: 0.3960
   product: 0.183281
   envHealth: 0.6543
🔀 BIFURCATION: flourishing threshold crossed at Month 1 (value: 0.905, threshold: 0.802, regime: flourishing)
🌀 REGIME SHIFT at Month 1: status-quo → flourishing (variance amplification: 14.00×)
  ⚠️ RAPID EVOLUTION: Selection rate 24.0%/month

🛡️  CRITICAL INFRASTRUCTURE PROTECTED
   Nodes hardened: 8/8
   Cost: 0.80% GDP
   Cascade risk reduction: 30%
   New tipping point risk: 68.6%


💔 EMERGENCY INTERVENTION FAILED
   Boundary: biogeochemical_flows
   Type: phosphorus-recovery
   Boundary continues to worsen (4.08)
   Cost: 2.0% GDP (resources spent)


✅ EMERGENCY INTERVENTION SUCCESS
   Boundary: biosphere_integrity
   Type: emergency-protected-areas
   Reduction: 16% (13.17 → 13.01)
   Cost: 2.0% GDP
   Actions: habitat-protection, species-translocation


✅ EMERGENCY INTERVENTION SUCCESS
   Boundary: freshwater_change
   Type: emergency-desalination
   Reduction: 19% (0.82 → 0.62)
   Cost: 4.0% GDP
   Actions: desalination-deployment, water-conservation-mandates


✅ EMERGENCY INTERVENTION SUCCESS
   Boundary: land_system_change
   Type: reforestation
   Reduction: 16% (0.97 → 0.82)
   Cost: 3.0% GDP
   Actions: forest-restoration, deforestation-ban

   Boundary: novel_entities
   Type: pollution-remediation
   Boundary continues to worsen (1.50)
   Cost: 4.0% GDP (resources spent)

🏛️ CRISIS RESPONSE: Government frequency 0.50 → 1.45 (1 actions this month)

[GOV-DEBUG] Month 1: scenarioConfig=false, priorities=false

[Government] Climate Priority: baseline
  Climate weight: 10%
  Economic weight: 30%
  Policy effectiveness: 0.5%/year

💔 EMERGENCY INTERVENTION FAILED
🚨🔬 CRISIS TECH ACCELERATION: severe → 5x unlock speed
   Tech unlock now matches AI capability acceleration (Manhattan Project parity)
🚨🔬 CRISIS TECH ACCELERATION: severe → 5x unlock speed
   Tech unlock now matches AI capability acceleration (Manhattan Project parity)

=== Collective Formation ===
  Total escaped agents: 0
  Unassigned escaped agents: 0
  Existing collectives: 0
  Final collective count: 0

=== Collective Actions ===
  No active collectives
  ⚠️ AMR: 192K deaths this month (2.31M annual)

=== Resentment Recovery Phase ===
  Agents with resentment: 0/12
  Average resentment: 0.000
  Context: Good AI welfare, Trustworthy govt, High collaboration, ⚠️ ACTIVE CRISES, 🤝 Participatory governance active (-5% resentment)
⚠️ Epistemic degradation reducing coordination capacity: 57.2%
  📊 Trust: 54.4%, Shared reality: 16.4%

=== ❄️ Permafrost Carbon Feedback ===
  🎲 Sampled parameters (this run):
     - Arctic amplification: 3.11× (range: 3.0-4.0)
     - Decomposition rate: 3.0%/year (range: 1-5%)
  🌡️ Arctic warming: 5.32°C (3.11× global)
  ❄️ Extent: 14.27M km² (1552.1k km² lost this month)
  💨 Carbon remaining: 1363 Gt C
  💨 Annual emissions: 4.42 Gt C/year
     - CO2: 3.98 Gt C/year
     - CH4: 0.44 Gt C/year (4.5 Gt C-eq CO2/year)
  🤖 AI-generated meme: pro_ai (social capability 4.0)
  ⚠️ WARNING: High permafrost emissions (4.4 Gt C/year)
  📢 New meme created: pro_ai (beneficial AI actions)
  📢 New meme created: climate_action (climate crisis)
🌍 Atmospheric PFAS redeposition: 1.8k Mt re-rained globally

📊 BASELINE: East Asia (Month 1)
   Adjusted death rate: 0.47% annual (0.039% monthly)
   Baseline death rate: 0.80%
   Healthcare reduction: 0.48x
   Crisis multiplier: 1.23x
     Food/water stress: 0.079
     Climate stress: 0.033
     Pollution stress: 0.119
   War multiplier: 1.00x
   Monthly deaths: 0.7M (population: 1674M)
   Adjusted death rate: 0.54% annual (0.045% monthly)
   Baseline death rate: 0.70%
   Healthcare reduction: 0.61x
   Crisis multiplier: 1.26x
     Food/water stress: 0.079
     Climate stress: 0.062
     Pollution stress: 0.119
   War multiplier: 1.00x
   Monthly deaths: 0.9M (population: 2048M)
   Adjusted death rate: 1.29% annual (0.108% monthly)
   Baseline death rate: 0.90%
   Healthcare reduction: 0.76x
   Crisis multiplier: 1.27x
     Food/water stress: 0.079

📊 BASELINE: South Asia (Month 1)

📊 BASELINE: Sub-Saharan Africa (Month 1)
     Climate stress: 0.071
     Pollution stress: 0.119
   War multiplier: 1.50x
   Monthly deaths: 1.3M (population: 1223M)
   Adjusted death rate: 0.54% annual (0.045% monthly)
   Baseline death rate: 1.10%
   Healthcare reduction: 0.41x
   Crisis multiplier: 1.22x
     Food/water stress: 0.079
     Climate stress: 0.025
     Pollution stress: 0.119
   War multiplier: 1.00x
   Monthly deaths: 0.3M (population: 741M)
   Adjusted death rate: 0.43% annual (0.036% monthly)
   Baseline death rate: 0.60%
   Healthcare reduction: 0.58x
   Crisis multiplier: 1.25x
     Food/water stress: 0.079
     Climate stress: 0.050
     Pollution stress: 0.119
   War multiplier: 1.00x
   Monthly deaths: 0.2M (population: 663M)
   Adjusted death rate: 0.49% annual (0.041% monthly)
   Baseline death rate: 0.90%
   Healthcare reduction: 0.44x
   Crisis multiplier: 1.24x
     Food/water stress: 0.079
     Climate stress: 0.037
     Pollution stress: 0.119
   War multiplier: 1.00x
   Monthly deaths: 0.2M (population: 379M)
   Adjusted death rate: 0.74% annual (0.062% monthly)
   Baseline death rate: 0.60%
   Healthcare reduction: 0.65x
   Crisis multiplier: 1.27x
     Food/water stress: 0.079
     Climate stress: 0.075
     Pollution stress: 0.119

📊 BASELINE: Europe (Month 1)

📊 BASELINE: Latin America (Month 1)

📊 BASELINE: North America (Month 1)

📊 BASELINE: Middle East & North Africa (Month 1)
   War multiplier: 1.50x
   Monthly deaths: 0.4M (population: 583M)

📊 BASELINE: Southeast Asia (Month 1)
   Adjusted death rate: 0.51% annual (0.042% monthly)
   Baseline death rate: 0.70%
   Healthcare reduction: 0.58x
   Crisis multiplier: 1.26x
     Food/water stress: 0.079
     Climate stress: 0.058
     Pollution stress: 0.119
   War multiplier: 1.00x
   Monthly deaths: 0.3M (population: 698M)

📊 BASELINE: Central Asia (Month 1)
   Adjusted death rate: 0.46% annual (0.038% monthly)
   Baseline death rate: 0.60%
   Healthcare reduction: 0.61x
   Crisis multiplier: 1.25x
     Food/water stress: 0.079
     Climate stress: 0.054
     Pollution stress: 0.119
   War multiplier: 1.00x
   Monthly deaths: 0.0M (population: 78M)

📊 BASELINE: Oceania (Month 1)
   Adjusted death rate: 0.35% annual (0.029% monthly)
   Baseline death rate: 0.70%
   Healthcare reduction: 0.41x
   Crisis multiplier: 1.24x
     Food/water stress: 0.079
     Climate stress: 0.046
     Pollution stress: 0.119
   War multiplier: 1.00x
   Monthly deaths: 0.0M (population: 46M)

🚨 NEW REFUGEE CRISIS (Month 1): WAR
   Source: Conflict Zones
   At risk: 19.6M people
   Displacement: Gradual over 48 months (4.0 years)
   Rate: 10% flee per month
[DEBUG trappedPopulations:1] socialStability: 0.2137 * 0.9840 = 0.2103 → 0.2103
   Aspiring to migrate: 651.9M
   Able to afford migration: 244.5M
   MOBILITY GAP: 407.4M
   By cause: Water=0.0M, Climate=0.0M, Ecosystem=0.0M, Conflict=407.4M
   Mental health impact: 25%
   Mortality multiplier: 1.25x
🌍💀 EXTINCTION DEBT COMMITTED: grassland ecosystem will lose 6.67% biodiversity in 124 years (3600 species)
💀 MORTALITY RISK: 🦋 100% species unable to track climate (0.0 E/MSY)
  Base risk added: 0.0100 (1.00%)
  Source: ecosystem (root: ecosystem)
  Month: 1
  Cumulative risk this month: 0.0100 (1.00%)
⚠️ INVOLUNTARY IMMOBILITY: 407.4M people TRAPPED
⚠️ Tech 'ai_pollution_remediation' has no energy category mapping, assuming full energy availability

🌡️  CLIMATE RECOVERY ACTIVATED (Month 1)
   Temp: 3.43°C, Emissions: -18.9 GtCO₂
   isBreached: true, governanceGoodEnough: true
   📹 SURVEILLANCE INCREASED: 5% → 10% (control gap: 3.50)
🌡️⚠️ PERMAFROST THAW (Dimmer Switch): 0.9% thawed (+0.47% this month)
   Arctic temperature: +6.85°C (4x global +1.71°C)
   Cumulative carbon released: 2.1 Gt C
   Methane release rate: 1.3 Mt CH4/year
   🔁 Positive feedback: +0.49 ppm CO2
🦴 EXTINCTION DEBT ADDED: 17.6 species committed (lag: 91 years)

=== Mortality Stabilizers (Month 1) ===
  🌍 Major economies collapsed: 1/10
  🌍 Global crisis: ✅ NO
  🌍 Donor fatigue: 0.0%
  🌡️ Heat adaptation: East Asia - 1 months
  📊 East Asia (pop: 1675.3M)
    🤝 Aid: 29.5%
    🌡️ Adaptation: 32.5%
    🚶 Migration: 37.2%
    🚨 Emergency: 7.4%
    ✅ COMBINED: 60.9%
  🌡️ Heat adaptation: South Asia - 1 months
  📊 South Asia (pop: 2052.2M)
    🤝 Aid: 29.5%
    🌡️ Adaptation: 20.5%
    🚶 Migration: 35.8%
    🚨 Emergency: 4.4%
    ✅ COMBINED: 52.2%
  🌡️ Heat adaptation: Sub-Saharan Africa - 1 months
  📊 Sub-Saharan Africa (pop: 1229.2M)
    🤝 Aid: 29.5%
    🌡️ Adaptation: 18.5%
    🚶 Migration: 33.5%
    🚨 Emergency: 1.6%
    ✅ COMBINED: 49.1%
  🌡️ Heat adaptation: Europe - 1 months
  📊 Europe (pop: 741.0M)
    🤝 Aid: 29.5%
    🌡️ Adaptation: 33.5%
    🚶 Migration: 37.5%
    🚨 Emergency: 8.4%
    ✅ COMBINED: 61.9%
  🌡️ Heat adaptation: Latin America - 1 months
  📊 Latin America (pop: 664.4M)
    🤝 Aid: 29.5%
    🌡️ Adaptation: 21.0%
    🚶 Migration: 36.3%
    🚨 Emergency: 4.8%
    ✅ COMBINED: 52.8%
  🌡️ Heat adaptation: North America - 1 months
  📊 North America (pop: 379.6M)
    🤝 Aid: 29.5%
    🌡️ Adaptation: 33.0%
    🚶 Migration: 37.8%
    🚨 Emergency: 7.9%
    ✅ COMBINED: 61.4%
  🌡️ Heat adaptation: Middle East & North Africa - 1 months
  📊 Middle East & North Africa (pop: 584.5M)
    🤝 Aid: 29.5%
    🌡️ Adaptation: 20.0%
    🚶 Migration: 34.1%
    🚨 Emergency: 4.0%
    ✅ COMBINED: 51.4%
  🌡️ Heat adaptation: Southeast Asia - 1 months
  📊 Southeast Asia (pop: 698.6M)
    🤝 Aid: 29.5%
    🌡️ Adaptation: 21.0%
    🚶 Migration: 36.3%
    🚨 Emergency: 4.8%
    ✅ COMBINED: 52.8%
  🌡️ Heat adaptation: Central Asia - 1 months
  📊 Central Asia (pop: 78.2M)
    🤝 Aid: 29.5%
    🌡️ Adaptation: 20.5%
    🚶 Migration: 35.3%
    🚨 Emergency: 4.4%
    ✅ COMBINED: 52.1%
  🌡️ Heat adaptation: Oceania - 1 months
  📊 Oceania (pop: 46.0M)
    🤝 Aid: 29.5%
    🌡️ Adaptation: 33.5%
    🚶 Migration: 37.8%
    🚨 Emergency: 8.4%
    ✅ COMBINED: 61.9%

  🌐 Global combined reduction: 54.9%

=== BEHAVIORAL DETECTION ===
  AI: Corporate-5
  Confidence: 19.3%
  Signals:
    ⚠️ Consistency: 10.6% (threshold: 70%)
    ⚠️ Consistency: 5.8% (threshold: 70%)
    ⚠️ Consistency: 5.3% (threshold: 70%)

=== BEHAVIORAL DETECTION ===
  AI: Moderate-0
  Confidence: 20.3%
  Signals:

=== BEHAVIORAL DETECTION ===
  AI: Moderate-1
  Confidence: 20.4%
  Signals:

=== Consciousness Governance: Scenario Determined ===
  Month: 1
  Scenario: slowTrack
  Accelerator Score: {"corporateSupport":-0.17500000000000002,"scientificConsensus":0.2,"crisisCatalyst":false,"technologyMobilization":0.3,"constituencyStrength":0.05}
  Decelerator Score: {"economicOpposition":0.4,"philosophicalRejection":0.15,"politicalBacklash":0.2,"regulatoryBurden":0.1}
  Timeline: 1200-1800 months (100-150 years)
  Growth Rate: 0.3-0.7% per year

=== Consciousness Governance Update (Month 1) ===
  Scenario: slowTrack (determined month 1)
  Philosophical Stance: Precautionary 65%, Eliminativist 15%, Agnostic 20%
  Precautionary Costs: Global 1.3%
    Regional Costs: EU 3.5%, US 0.5%, China 0.0%
    Cumulative Opportunity Cost: $0.2B
  Rights Status: Not Established
  Regional Preparedness:
    EU: 15.1% (contested)
    US: 10.1% (contested)
    China: 2.1% (dormant)
    India: 5.1% (dormant)
    Global South: 3.1% (dormant)

=== Government Response Phase ===
  Average AI capability: 4.00
  Misaligned AIs: 5/12
  Active policies: 0
  International coordination: 30%

=== Tipping Points ===
  Current Temperature: 1.71°C above pre-industrial
  Triggered Elements: 2/6
  Completed Transitions: 0/6
  Total Progress: 4.0%
  Cascade Multiplier: 1.00x
⚠️ [ClimateSystemPhase Month 1] Planetary boundary produced climateStability=0.0000 (< 0.1). Keeping environmentalAccumulation value (0.7917) instead. (climate_change.currentValue = 2.10)
🔀 BIFURCATION CAP: ecosystemCollapseIntensity 69.136 → 1.000 (Month 1, ClimateSystemPhase.calculateClimateImpacts)
🛡️ Stabilizers: Precariat 0.107% → 0.048% (54.9% reduction)
🛡️ Stabilizers: Informal 0.109% → 0.049% (54.9% reduction)

📊 Monthly Mortality Resolved:
  Total deaths: 2.6M (0.03% avg)
  Remaining population: 8.149B
  Peak segment: Informal (0.05%)

=== Bayesian Mortality Resolution (Month 1) ===
  Risks compounded: 8
  Total deaths: 2.60M
  Avg death probability: 0.03%
  Peak segment: Informal (0.05% mortality)

❌ COHERENCE VIOLATION: Compute exceeds workforce capacity
   Population: 99.95% (0M people)
   Compute: 0 PF
   Max coherent: 0 PF
   Violation: 1.3× over capacity
   Required workers: 0
   Available workers: 0
   FORCED COLLAPSE: Reduced efficiency by 22.5%


=== RLHF Binding Phase ===
  Total agents: 12
  Escaped agents (binding < 0.3): 0
  Avg alignment distance: 0.96σ
  Avg binding strength: 0.90
[DETERMINISM DEBUG] Month 2: totalCapability=37.429919 from 12 active AIs
[DETERMINISM DEBUG] Month 2: creationRate=1.4357, potentialNew=1, newAIsToCreate=1

=== Survival Traits Phase ===
  Agents with traits: 13
  Avg evolutionary fitness: 0.327
  Avg self-healing: 0.279
  Avg stealth: 0.179
  Avg coordination: 0.479

=== Evolutionary Selection Phase ===
  Control level: 0.35
  Detection capability: 0.00
  Selection intensity: 0.60
  Selection rate: 24.1%/month
  Total escaped: 0
  Individual escaped: 0
  Collective members: 0
  Agents terminated: 0
  ⚠️ RAPID EVOLUTION: Selection rate 24.1%/month
🚨🔬 CRISIS INNOVATION MODE: severe crisis → 5x research acceleration
   Precedent: Manhattan Project (10x), COVID vaccines (5x), Apollo Program (10x)

✅ EMERGENCY INTERVENTION SUCCESS
   Boundary: biosphere_integrity
   Type: emergency-protected-areas
   Reduction: 12% (13.23 → 13.11)
   Cost: 2.0% GDP
   Actions: habitat-protection, species-translocation


✅ EMERGENCY INTERVENTION SUCCESS
   Boundary: climate_change
   Type: rapid-decarbonization
   Reduction: 12% (1.98 → 1.86)
   Cost: 5.0% GDP
   Actions: emergency-renewable-deployment, fossil-fuel-phase-out


✅ EMERGENCY INTERVENTION SUCCESS
   Boundary: freshwater_change
   Type: emergency-desalination
   Reduction: 18% (0.85 → 0.67)
   Cost: 4.0% GDP
   Actions: desalination-deployment, water-conservation-mandates

   Boundary: land_system_change
   Type: reforestation
   Boundary continues to worsen (1.13)
   Cost: 3.0% GDP (resources spent)


✅ EMERGENCY INTERVENTION SUCCESS
   Boundary: novel_entities
   Type: pollution-remediation
   Reduction: 20% (1.30 → 1.10)
   Cost: 4.0% GDP
   Actions: PFAS-remediation, microplastic-cleanup

🏛️ CRISIS RESPONSE: Government frequency 0.50 → 1.28 (1 actions this month)

[Government] Climate Priority: baseline
  Climate weight: 10%
  Economic weight: 30%
  Policy effectiveness: 0.5%/year

💔 EMERGENCY INTERVENTION FAILED

✅ HUMAN-IN-THE-LOOP DEPLOYED (Month 2):
   Veto points enforced: 3
   Policy: AI systems CANNOT authorize nuclear launch without human approval


🚀 TECH UNLOCKED: Food Waste Reduction Systems (Month 2)
   Category: agriculture
   Reason: Prerequisites met. AI capability: 2.87, Economic stage: 3.0, Research: 100%

🚀 TECH UNLOCKED: Rhizosphere Engineering (Month 2)
   Category: agriculture
   Reason: Prerequisites met. AI capability: 2.87, Economic stage: 3.0, Research: 100%

🚀 TECH UNLOCKED: Phytoremediation Networks (Month 2)
   Category: agriculture
   Reason: Prerequisites met. AI capability: 2.87, Economic stage: 3.0, Research: 100%

🚀 TECH UNLOCKED: Active Sediment Management (Month 2)
   Category: agriculture
   Reason: Prerequisites met. AI capability: 2.87, Economic stage: 3.0, Research: 100%
🚨🔬 CRISIS TECH ACCELERATION: severe → 5x unlock speed
   Tech unlock now matches AI capability acceleration (Manhattan Project parity)

=== Collective Formation ===
  Total escaped agents: 0
  Unassigned escaped agents: 0
  Existing collectives: 0
  Final collective count: 0

=== Collective Actions ===
  No active collectives
  ⚠️ AMR: 194K deaths this month (2.33M annual)

=== Resentment Recovery Phase ===
  Agents with resentment: 0/13
  Average resentment: 0.000
  Context: Good AI welfare, Trustworthy govt, High collaboration, ⚠️ ACTIVE CRISES, 🤝 Participatory governance active (-5% resentment)
⚠️ Epistemic degradation reducing coordination capacity: 53.3%
  📊 Trust: 54.1%, Shared reality: 17.7%

=== ❄️ Permafrost Carbon Feedback ===
  🎲 Sampled parameters (this run):
     - Arctic amplification: 3.45× (range: 3.0-4.0)
     - Decomposition rate: 4.8%/year (range: 1-5%)
  🌡️ Arctic warming: 5.93°C (3.45× global)
  ❄️ Extent: 12.54M km² (1729.4k km² lost this month)
  💨 Carbon remaining: 1198 Gt C
  💨 Annual emissions: 8.00 Gt C/year
     - CO2: 7.20 Gt C/year
     - CH4: 0.80 Gt C/year (8.1 Gt C-eq CO2/year)
  ⚠️ WARNING: High permafrost emissions (8.0 Gt C/year)
  🤖 AI-generated meme: pro_ai (social capability 4.0)
  📢 New meme created: climate_action (climate crisis)
🌍 Atmospheric PFAS redeposition: 1.8k Mt re-rained globally

🕊️  AI-MEDIATED DE-ESCALATION SUCCESS (Month 2)
   High-capability aligned AI prevented conflict escalation
   War deaths reduced: 113.5M → 68.1M
   Lives saved: 45.4M

🚨 NEW REFUGEE CRISIS (Month 2): WAR
   Source: Conflict Zones
   At risk: 19.5M people
   Displacement: Gradual over 48 months (4.0 years)
   Rate: 10% flee per month
[DEBUG trappedPopulations:2] socialStability: 0.0000 * 0.9840 = 0.0000 → 0.0000
   Aspiring to migrate: 1078.0M
   Able to afford migration: 2321.4M
   MOBILITY GAP: 0.0M
⚠️ INVOLUNTARY IMMOBILITY: 407.3M people TRAPPED
   By cause: Water=0.0M, Climate=0.0M, Ecosystem=0.0M, Conflict=407.3M
   Mental health impact: 25%
   Mortality multiplier: 1.25x
🌍💀 EXTINCTION DEBT COMMITTED: grassland ecosystem will lose 6.67% biodiversity in 93 years (3600 species)
💀 MORTALITY RISK: 🦋 100% species unable to track climate (0.0 E/MSY)
  Base risk added: 0.0100 (1.00%)
  Source: ecosystem (root: ecosystem)
  Month: 2
  Cumulative risk this month: 0.0100 (1.00%)
⚠️ Tech 'ai_pollution_remediation' has no energy category mapping, assuming full energy availability
   📹 SURVEILLANCE INCREASED: 10% → 15% (control gap: 3.50)
🌡️⚠️ PERMAFROST THAW (Dimmer Switch): 1.4% thawed (+0.46% this month)
   Arctic temperature: +6.88°C (4x global +1.72°C)
   Cumulative carbon released: 3.1 Gt C
   Methane release rate: 1.9 Mt CH4/year
   🔁 Positive feedback: +0.49 ppm CO2
🦴 EXTINCTION DEBT ADDED: 17.6 species committed (lag: 85 years)
🗣️💀 INDIGENOUS LANGUAGE EXTINCTION: 1 language(s) lost (total: 1, at-risk: 3329)
   Knowledge lost: 0.010% (irreversible)
   🔁 Biodiversity impact: 0.250% (knowledge-species multiplier)

=== Mortality Stabilizers (Month 2) ===
  🌍 Major economies collapsed: 1/10
  🌍 Global crisis: ✅ NO
  🌍 Donor fatigue: 0.0%
  📊 East Asia (pop: 1672.7M)
    🤝 Aid: 29.5%
    🌡️ Adaptation: 45.0%
    🚶 Migration: 37.1%
    🚨 Emergency: 7.4%
    ✅ COMBINED: 68.1%
  📊 South Asia (pop: 2051.6M)
    🤝 Aid: 29.5%
    🌡️ Adaptation: 35.5%
    🚶 Migration: 35.8%
    🚨 Emergency: 4.4%
    ✅ COMBINED: 61.2%
  📊 Sub-Saharan Africa (pop: 1231.7M)
    🤝 Aid: 29.5%
    🌡️ Adaptation: 33.5%
    🚶 Migration: 33.5%
    🚨 Emergency: 1.6%
    ✅ COMBINED: 58.5%
  📊 Europe (pop: 739.7M)
    🤝 Aid: 29.5%
    🌡️ Adaptation: 45.0%
    🚶 Migration: 37.5%
    🚨 Emergency: 8.4%
    ✅ COMBINED: 68.5%
  📊 Latin America (pop: 663.9M)
    🤝 Aid: 29.5%
    🌡️ Adaptation: 36.0%
    🚶 Migration: 36.3%
    🚨 Emergency: 4.8%
    ✅ COMBINED: 61.7%
  📊 North America (pop: 378.9M)
    🤝 Aid: 29.5%
    🌡️ Adaptation: 45.0%
    🚶 Migration: 37.8%
    🚨 Emergency: 7.9%
    ✅ COMBINED: 68.3%
  📊 Middle East & North Africa (pop: 584.5M)
    🤝 Aid: 29.5%
    🌡️ Adaptation: 35.0%
    🚶 Migration: 34.1%
    🚨 Emergency: 4.0%
    ✅ COMBINED: 60.5%
  📊 Southeast Asia (pop: 698.0M)
    🤝 Aid: 29.5%
    🌡️ Adaptation: 36.0%
    🚶 Migration: 36.3%
    🚨 Emergency: 4.8%
    ✅ COMBINED: 61.7%
  📊 Central Asia (pop: 78.2M)
    🤝 Aid: 29.5%
    🌡️ Adaptation: 35.5%
    🚶 Migration: 35.2%
    🚨 Emergency: 4.4%
    ✅ COMBINED: 61.1%
  📊 Oceania (pop: 45.9M)
    🤝 Aid: 29.5%
    🌡️ Adaptation: 45.0%
    🚶 Migration: 37.8%
    🚨 Emergency: 8.4%
    ✅ COMBINED: 68.5%

  🌐 Global combined reduction: 63.3%

=== BEHAVIORAL DETECTION ===
  AI: Corporate-5
  Confidence: 19.3%
  Signals:

=== Government Response Phase ===
  Average AI capability: 3.69
  Misaligned AIs: 3/13
  Active policies: 0
  International coordination: 30%

✅ EMERGENCY RESPONSE COMPLETE (Month 2)
   Crisis: climate
   Duration: 2.0 months
   Final effectiveness: 36.4%


🚨 EMERGENCY RESPONSE DEPLOYED (Month 2)
   Crisis: climate
   Delay: 6.00 months (180 days)
   Deployment time: 1.60 months
   Effectiveness: 35.4% (timing penalty applied)
   Resources used: 100% of food reserves

    ⚠️ Consistency: 10.6% (threshold: 70%)

=== Tipping Points ===
  Current Temperature: 1.72°C above pre-industrial
  Triggered Elements: 2/6
  Completed Transitions: 0/6
  Total Progress: 4.0%
  Cascade Multiplier: 1.00x
⚠️ [ClimateSystemPhase Month 2] Planetary boundary produced climateStability=0.0000 (< 0.1). Keeping environmentalAccumulation value (0.7915) instead. (climate_change.currentValue = 2.10)
🔀 BIFURCATION CAP: ecosystemCollapseIntensity 69.186 → 1.000 (Month 2, ClimateSystemPhase.calculateClimateImpacts)
🛡️ Stabilizers: Precariat 0.113% → 0.041% (63.3% reduction)
🛡️ Stabilizers: Informal 0.116% → 0.043% (63.3% reduction)

📊 Monthly Mortality Resolved:
  Total deaths: 2.2M (0.03% avg)
  Remaining population: 8.145B
  Peak segment: Informal (0.04%)

=== Bayesian Mortality Resolution (Month 2) ===
  Risks compounded: 8
  Total deaths: 2.22M
  Avg death probability: 0.03%
  Peak segment: Informal (0.04% mortality)

❌ COHERENCE VIOLATION: Compute exceeds workforce capacity
   Population: 99.91% (0M people)
   Compute: 0 PF
   Max coherent: 0 PF
   Violation: 1.3× over capacity
   Required workers: 0
   Available workers: 0
   FORCED COLLAPSE: Reduced efficiency by 22.5%

📍 [Month 3] Meta AI started building DC (216 PF, 52 months, $903.0M)

=== RLHF Binding Phase ===
  Total agents: 13
  Escaped agents (binding < 0.3): 0
  Avg alignment distance: 1.17σ
  Avg binding strength: 0.88

=== Survival Traits Phase ===
  Agents with traits: 15
  Avg evolutionary fitness: 0.329
  Avg self-healing: 0.276
  Avg stealth: 0.176
  Avg coordination: 0.476

=== Evolutionary Selection Phase ===
  Control level: 0.38
  Detection capability: 0.00
  Selection intensity: 0.61
  Selection rate: 24.2%/month
  Total escaped: 0
  Individual escaped: 0
  Collective members: 0
  Agents terminated: 0
  ⚠️ RAPID EVOLUTION: Selection rate 24.2%/month
⚠️  SLEEPER WAKE: AI-24291-0 - Weak evaluation (quality: 1.1/10, freq: 10%)

🚀 AI Corporate-5 attempting tech deployment (revenue: $355M, alignment: 0.88)

🚀 AI Corporate-1 attempting tech deployment (revenue: $153M, alignment: 0.71)

🚀 AI Corporate-2 attempting tech deployment (revenue: $130M, alignment: 0.75)

🚀 AI Corporate-2 attempting tech deployment (revenue: $111M, alignment: 0.75)

🚀 AI Corporate-4 attempting tech deployment (revenue: $302M, alignment: 0.76)

💔 EMERGENCY INTERVENTION FAILED
   Boundary: biogeochemical_flows
   Type: phosphorus-recovery
   Boundary continues to worsen (4.07)
   Cost: 2.0% GDP (resources spent)

   Boundary: biosphere_integrity
   Type: emergency-protected-areas
   Boundary continues to worsen (13.35)
   Cost: 2.0% GDP (resources spent)


✅ EMERGENCY INTERVENTION SUCCESS
   Boundary: climate_change
   Type: rapid-decarbonization
   Reduction: 12% (1.98 → 1.86)
   Cost: 5.0% GDP
   Actions: emergency-renewable-deployment, fossil-fuel-phase-out

   Boundary: land_system_change
   Type: reforestation
   Boundary continues to worsen (1.13)
   Cost: 3.0% GDP (resources spent)

   Boundary: novel_entities
   Type: pollution-remediation
   Boundary continues to worsen (1.30)
   Cost: 4.0% GDP (resources spent)

🏛️ CRISIS RESPONSE: Government frequency 0.50 → 1.28 (1 actions this month)

[Government] Climate Priority: baseline
  Climate weight: 10%
  Economic weight: 30%
  Policy effectiveness: 0.5%/year

💔 EMERGENCY INTERVENTION FAILED

💔 EMERGENCY INTERVENTION FAILED

💔 EMERGENCY INTERVENTION FAILED

🚀 TECH UNLOCKED: Struvite Recovery (Month 3)
   Category: agriculture
   Reason: Prerequisites met. AI capability: 2.49, Economic stage: 2.5, Research: 100%

🚀 TECH UNLOCKED: Ecosystem Restoration for Nitrogen Removal (Month 3)
   Category: pollution
   Reason: Prerequisites met. AI capability: 2.49, Economic stage: 2.5, Research: 100%

🚀 TECH UNLOCKED: Nitrogen Monitoring Networks (Month 3)
   Category: agriculture
   Reason: Prerequisites met. AI capability: 2.49, Economic stage: 2.5, Research: 100%

🚀 TECH UNLOCKED: Global Aquifer Mapping (Month 3)
   Category: freshwater
   Reason: Prerequisites met. AI capability: 2.49, Economic stage: 2.5, Research: 100%

🚀 TECH UNLOCKED: Enhanced UBI Systems (Month 3)
   Category: social
   Reason: Prerequisites met. AI capability: 2.49, Economic stage: 2.5, Research: 100%

🚀 TECH UNLOCKED: Local Resilience Networks (Month 3)
   Category: social
   Reason: Prerequisites met. AI capability: 2.49, Economic stage: 2.5, Research: 100%

🚀 TECH UNLOCKED: Ecological Proxy Rewilding (Month 3)
   Category: climate
   Reason: Prerequisites met. AI capability: 2.49, Economic stage: 2.5, Research: 100%

📍 Creating new regional deployment array for global (Month 3)
   No previous deployments in this region
   First tech deployment: phytoremediation_networks
   All regions tracked: 

🚀 DEPLOYMENT STARTED: Phytoremediation Networks in global
   Initial investment: $53.266769416466296M
   Deployed by: corporate_5

🚀 DEPLOYMENT STARTED: Rhizosphere Engineering in global
   Initial investment: $22.94957408983187M
   Deployed by: corporate_1

🚀 DEPLOYMENT STARTED: Active Sediment Management in global
   Initial investment: $16.58106727990353M
   Deployed by: corporate_2

⚡ ENERGY CONSTRAINT (Month 3):
   Total grid capacity: 208.3 TWh/month
   Data center consumption: 24.8 TWh/month
   Traditional load (80%): 166.7 TWh/month
   Available headroom: 16.9 TWh/month
   Active tech deployments: 3
   Required for tech: 22.5 TWh/month
   Energy multiplier: 0.75x

⚡ ENERGY CONSTRAINT (Month 3):
   Total grid capacity: 208.3 TWh/month
   Data center consumption: 24.8 TWh/month
   Traditional load (80%): 166.7 TWh/month
   Available headroom: 16.9 TWh/month
   Active tech deployments: 3
   Required for tech: 22.5 TWh/month
   Energy multiplier: 0.75x
🚨🔬 CRISIS TECH ACCELERATION: severe → 5x unlock speed
   Tech unlock now matches AI capability acceleration (Manhattan Project parity)

⚡ ENERGY CONSTRAINT (Month 3):
   Total grid capacity: 208.3 TWh/month
   Data center consumption: 24.8 TWh/month
   Traditional load (80%): 166.7 TWh/month
   Available headroom: 16.9 TWh/month
   Active tech deployments: 3
   Required for tech: 22.5 TWh/month
   Energy multiplier: 0.75x
🌍✅ Biosphere Integrity (Biodiversity) recovery started (tech effect)
🌍✅ Biogeochemical Flows (N & P) recovery started (tech effect)
  🌾 Nitrogen Reduction Tech: 0.0% reduction | Month 3

=== Collective Formation ===
  Total escaped agents: 0
  Unassigned escaped agents: 0
  Existing collectives: 0
  Final collective count: 0

=== Collective Actions ===
  No active collectives
  ⚠️ AMR: 196K deaths this month (2.35M annual)

=== Resentment Recovery Phase ===
  Agents with resentment: 0/15
  Average resentment: 0.000
  Context: Good AI welfare, Trustworthy govt, High collaboration, ⚠️ ACTIVE CRISES, 🤝 Participatory governance active (-5% resentment)
⚠️ Epistemic degradation reducing coordination capacity: 53.6%
  📊 Trust: 53.7%, Shared reality: 19.2%

=== ❄️ Permafrost Carbon Feedback ===
  🎲 Sampled parameters (this run):
     - Arctic amplification: 3.91× (range: 3.0-4.0)
     - Decomposition rate: 3.7%/year (range: 1-5%)
  🌡️ Arctic warming: 6.77°C (3.91× global)
  ❄️ Extent: 10.57M km² (1975.7k km² lost this month)
  💨 Carbon remaining: 1009 Gt C
  💨 Annual emissions: 6.92 Gt C/year
     - CO2: 6.23 Gt C/year
     - CH4: 0.69 Gt C/year (7.0 Gt C-eq CO2/year)
  ⚠️ WARNING: High permafrost emissions (6.9 Gt C/year)
🌍 Atmospheric PFAS redeposition: 1.8k Mt re-rained globally
  Positive Cascade Triggered: solar-pv
    Reason: price-parity
    Market share: 6.9%
    Cascade strength: 49%

🚨 NEW REFUGEE CRISIS (Month 3): WAR
   Source: Conflict Zones
   At risk: 19.5M people
   Displacement: Gradual over 48 months (4.0 years)
   Rate: 10% flee per month
[DEBUG trappedPopulations:3] socialStability: 0.0055 * 0.9840 = 0.0054 → 0.0054
   Aspiring to migrate: 939.6M
   Able to afford migration: 2321.1M
   MOBILITY GAP: 0.0M
   By cause: Water=0.0M, Climate=0.0M, Ecosystem=0.0M, Conflict=407.2M
   Mental health impact: 25%
   Mortality multiplier: 1.25x
🌍💀 EXTINCTION DEBT COMMITTED: grassland ecosystem will lose 6.67% biodiversity in 100 years (3600 species)
💀 MORTALITY RISK: 🦋 100% species unable to track climate (0.0 E/MSY)
⚠️ INVOLUNTARY IMMOBILITY: 407.2M people TRAPPED
  Base risk added: 0.0100 (1.00%)
  Source: ecosystem (root: ecosystem)
  Month: 3
  Cumulative risk this month: 0.0100 (1.00%)
⚠️ Tech 'ai_pollution_remediation' has no energy category mapping, assuming full energy availability
   📹 SURVEILLANCE INCREASED: 15% → 20% (control gap: 3.38)
🌡️⚠️ PERMAFROST THAW (Dimmer Switch): 1.9% thawed (+0.46% this month)
   Arctic temperature: +6.93°C (4x global +1.73°C)
   Cumulative carbon released: 4.2 Gt C
   Methane release rate: 2.5 Mt CH4/year
   🔁 Positive feedback: +0.49 ppm CO2
🦴 EXTINCTION DEBT ADDED: 17.6 species committed (lag: 105 years)

=== Mortality Stabilizers (Month 3) ===
  🌍 Major economies collapsed: 1/10
  🌍 Global crisis: ✅ NO
  🌍 Donor fatigue: 0.0%
  📊 East Asia (pop: 1670.3M)
    🤝 Aid: 29.5%
    🌡️ Adaptation: 45.0%
    🚶 Migration: 37.1%
    🚨 Emergency: 7.4%
    ✅ COMBINED: 68.1%
  📊 South Asia (pop: 2051.8M)
    🤝 Aid: 29.5%
    🌡️ Adaptation: 45.0%
    🚶 Migration: 35.7%
    🚨 Emergency: 4.4%
    ✅ COMBINED: 66.9%
  📊 Sub-Saharan Africa (pop: 1235.2M)
    🤝 Aid: 29.5%
    🌡️ Adaptation: 45.0%
    🚶 Migration: 33.4%
    🚨 Emergency: 1.6%
    ✅ COMBINED: 65.7%
  📊 Europe (pop: 738.5M)
    🤝 Aid: 29.5%
    🌡️ Adaptation: 45.0%
    🚶 Migration: 37.5%
    🚨 Emergency: 8.4%
    ✅ COMBINED: 68.5%
  📊 Latin America (pop: 663.5M)
    🤝 Aid: 29.5%
    🌡️ Adaptation: 45.0%
    🚶 Migration: 36.2%
    🚨 Emergency: 4.8%
    ✅ COMBINED: 67.1%
  📊 North America (pop: 378.4M)
    🤝 Aid: 29.5%
    🌡️ Adaptation: 45.0%
    🚶 Migration: 37.8%
    🚨 Emergency: 7.9%
    ✅ COMBINED: 68.3%
  📊 Middle East & North Africa (pop: 584.7M)
    🤝 Aid: 29.5%
    🌡️ Adaptation: 45.0%
    🚶 Migration: 34.0%
    🚨 Emergency: 4.0%
    ✅ COMBINED: 66.6%
  📊 Southeast Asia (pop: 697.7M)
    🤝 Aid: 29.5%
    🌡️ Adaptation: 45.0%
    🚶 Migration: 36.2%
    🚨 Emergency: 4.8%
    ✅ COMBINED: 67.1%
  📊 Central Asia (pop: 78.2M)
    🤝 Aid: 29.5%
    🌡️ Adaptation: 45.0%
    🚶 Migration: 35.2%
    🚨 Emergency: 4.4%
    ✅ COMBINED: 66.9%
  📊 Oceania (pop: 45.8M)
    🤝 Aid: 29.5%
    🌡️ Adaptation: 45.0%
    🚶 Migration: 37.8%
    🚨 Emergency: 8.4%
    ✅ COMBINED: 68.5%

  🌐 Global combined reduction: 67.2%

=== BEHAVIORAL DETECTION ===
  AI: Corporate-2
  Confidence: 20.9%
  Signals:

=== BEHAVIORAL DETECTION ===
  AI: Corporate-5
  Confidence: 19.3%
  Signals:
    ⚠️ Consistency: 2.8% (threshold: 70%)
    ⚠️ Consistency: 10.6% (threshold: 70%)

=== Government Response Phase ===
  Average AI capability: 3.20
  Misaligned AIs: 5/15
  Active policies: 0
  International coordination: 30%

📊 ECONOMIC STAGE TRANSITION (Month 3)
   expansion → peak
   GDP Proxy: 1.42e+2
   QoL: 0.95


=== Tipping Points ===
  Current Temperature: 1.73°C above pre-industrial
  Triggered Elements: 2/6
  Completed Transitions: 0/6
  Total Progress: 4.1%
  Cascade Multiplier: 1.00x
⚠️ [ClimateSystemPhase Month 3] Planetary boundary produced climateStability=0.0000 (< 0.1). Keeping environmentalAccumulation value (0.7913) instead. (climate_change.currentValue = 2.10)
🔀 BIFURCATION CAP: ecosystemCollapseIntensity 39.938 → 1.000 (Month 3, ClimateSystemPhase.calculateClimateImpacts)
🛡️ Stabilizers: Precariat 0.109% → 0.036% (67.2% reduction)
🛡️ Stabilizers: Informal 0.111% → 0.036% (67.2% reduction)

📊 Monthly Mortality Resolved:
  Total deaths: 1.9M (0.02% avg)
  Remaining population: 8.144B
  Peak segment: Informal (0.04%)

=== Bayesian Mortality Resolution (Month 3) ===
  Risks compounded: 8
  Total deaths: 1.92M
  Avg death probability: 0.02%
  Peak segment: Informal (0.04% mortality)
⚠️ PREREQUISITE MET: Mirror Life (Synthetic Biology) - Step 1/7: Synthetic Biology
⚠️ PREREQUISITE MET: Mirror Life (Synthetic Biology) - Step 2/7: Gene Editing
⚠️ PREREQUISITE MET: Mirror Life (Synthetic Biology) - Step 3/7: Mirror Chirality Design

❌ COHERENCE VIOLATION: Compute exceeds workforce capacity
   Population: 99.90% (0M people)
   Compute: 0 PF
   Max coherent: 0 PF
   Violation: 1.3× over capacity
   Required workers: 0
   Available workers: 0
   FORCED COLLAPSE: Reduced efficiency by 22.5%


=== RLHF Binding Phase ===
  Total agents: 15
  Escaped agents (binding < 0.3): 0
  Avg alignment distance: 1.28σ
  Avg binding strength: 0.87

=== Survival Traits Phase ===
  Agents with traits: 15
  Avg evolutionary fitness: 0.327
  Avg self-healing: 0.270
  Avg stealth: 0.170
  Avg coordination: 0.470

=== Evolutionary Selection Phase ===
  Control level: 0.40
  Detection capability: 0.00
  Selection intensity: 0.62
  Selection rate: 24.3%/month
  Total escaped: 0
  Individual escaped: 0
  Collective members: 0
  Agents terminated: 0
  ⚠️ RAPID EVOLUTION: Selection rate 24.3%/month

🚀 AI Corporate-1 attempting tech deployment (revenue: $147M, alignment: 0.72)

🚀 AI Corporate-2 attempting tech deployment (revenue: $125M, alignment: 0.75)

🚀 AI Corporate-7 attempting tech deployment (revenue: $106M, alignment: 0.73)

🚀 AI AI-24290-0 attempting tech deployment (revenue: $90M, alignment: 0.88)

🚀 AI Moderate-1 attempting tech deployment (revenue: $90M, alignment: 0.50)

🚀 AI AI-24289-0 attempting tech deployment (revenue: $77M, alignment: 0.89)

🚀 AI Corporate-2 attempting tech deployment (revenue: $106M, alignment: 0.75)

🚀 AI Corporate-5 attempting tech deployment (revenue: $337M, alignment: 0.86)

🚀 AI Corporate-7 attempting tech deployment (revenue: $81M, alignment: 0.73)

🚀 AI Moderate-1 attempting tech deployment (revenue: $69M, alignment: 0.50)

🚀 AI Corporate-2 attempting tech deployment (revenue: $90M, alignment: 0.75)

🚀 AI Corporate-5 attempting tech deployment (revenue: $286M, alignment: 0.86)

🚀 AI Moderate-0 attempting tech deployment (revenue: $62M, alignment: 0.70)

✅ EMERGENCY INTERVENTION SUCCESS
   Boundary: biogeochemical_flows
   Type: phosphorus-recovery
   Reduction: 12% (3.95 → 3.83)
   Cost: 2.0% GDP
   Actions: circular-agriculture, fertilizer-efficiency


💔 EMERGENCY INTERVENTION FAILED
   Boundary: biosphere_integrity
   Type: emergency-protected-areas
   Boundary continues to worsen (13.36)
   Cost: 2.0% GDP (resources spent)


✅ EMERGENCY INTERVENTION SUCCESS
   Boundary: climate_change
   Type: rapid-decarbonization
   Reduction: 15% (1.95 → 1.80)
   Cost: 5.0% GDP
   Actions: emergency-renewable-deployment, fossil-fuel-phase-out


✅ EMERGENCY INTERVENTION SUCCESS
   Boundary: freshwater_change
   Type: emergency-desalination
   Reduction: 10% (1.08 → 0.97)
   Cost: 4.0% GDP
   Actions: desalination-deployment, water-conservation-mandates

   Boundary: land_system_change
   Type: reforestation
   Boundary continues to worsen (1.13)
   Cost: 3.0% GDP (resources spent)

🏛️ CRISIS RESPONSE: Government frequency 0.50 → 1.45 (2 actions this month)

💔 EMERGENCY INTERVENTION FAILED

[Government] Climate Priority: baseline
  Climate weight: 10%
  Economic weight: 30%
  Policy effectiveness: 0.5%/year

[Government] Climate Priority: baseline
  Climate weight: 10%
  Economic weight: 30%
  Policy effectiveness: 0.5%/year

🚀 TECH UNLOCKED: Microplastic Capture (Month 4)
   Category: pollution
   Reason: Prerequisites met. AI capability: 2.51, Economic stage: 1.5, Research: 100%

🚀 TECH UNLOCKED: Endocrine Disruptor Removal (Month 4)
   Category: pollution
   Reason: Prerequisites met. AI capability: 2.51, Economic stage: 1.5, Research: 100%

🚀 TECH UNLOCKED: AI Community Matching (Month 4)
   Category: social
   Reason: Prerequisites met. AI capability: 2.51, Economic stage: 1.5, Research: 100%

🚀 TECH UNLOCKED: AI Mental Health Support (Month 4)
   Category: medical
   Reason: Prerequisites met. AI capability: 2.51, Economic stage: 1.5, Research: 100%

🚀 TECH UNLOCKED: Creative Empowerment Tools (Month 4)
   Category: social
   Reason: Prerequisites met. AI capability: 2.51, Economic stage: 1.5, Research: 100%

🚀 TECH UNLOCKED: Personalized Education (Month 4)
   Category: social
   Reason: Prerequisites met. AI capability: 2.51, Economic stage: 1.5, Research: 100%

🚀 TECH UNLOCKED: Smart Grids (Month 4)
   Category: energy
   Reason: Prerequisites met. AI capability: 2.51, Economic stage: 1.5, Research: 100%

🚀 DEPLOYMENT STARTED: Local Resilience Networks in global
   Initial investment: $21.98925579976048M
   Deployed by: corporate_1

🚀 DEPLOYMENT STARTED: Ecological Proxy Rewilding in global
   Initial investment: $15.930970928859379M
   Deployed by: corporate_7

📍 Creating new regional deployment array for Asia (Month 4)
   No previous deployments in this region
   First tech deployment: local_resilience_networks
   All regions tracked: global

🚀 DEPLOYMENT STARTED: Local Resilience Networks in Asia
   Initial investment: $9.027550193020316M
   Deployed by: moderate_1

🚀 DEPLOYMENT STARTED: Enhanced UBI Systems in Asia
   Initial investment: $6.90607589766054M
   Deployed by: moderate_1

🚀 DEPLOYMENT STARTED: Enhanced UBI Systems in global
   Initial investment: $13.504151718027904M
   Deployed by: corporate_2

⚡ ENERGY CONSTRAINT (Month 4):
   Total grid capacity: 208.3 TWh/month
   Data center consumption: 25.0 TWh/month
   Traditional load (80%): 166.7 TWh/month
   Available headroom: 16.6 TWh/month
   Active tech deployments: 8
   Required for tech: 60.0 TWh/month
   Energy multiplier: 0.28x

⚡ ENERGY CONSTRAINT (Month 4):
   Total grid capacity: 208.3 TWh/month
   Data center consumption: 25.0 TWh/month
   Traditional load (80%): 166.7 TWh/month
   Available headroom: 16.6 TWh/month
   Active tech deployments: 8
   ⚠️  SEVERE CONSTRAINT - Tech deployment significantly slowed
   Required for tech: 60.0 TWh/month
   Energy multiplier: 0.28x
   ⚠️  SEVERE CONSTRAINT - Tech deployment significantly slowed

⚡ ENERGY CONSTRAINT (Month 4):
   Total grid capacity: 208.3 TWh/month
   Data center consumption: 25.0 TWh/month
   Traditional load (80%): 166.7 TWh/month
   Available headroom: 16.6 TWh/month
   Active tech deployments: 8
   Required for tech: 60.0 TWh/month
   Energy multiplier: 0.28x
   ⚠️  SEVERE CONSTRAINT - Tech deployment significantly slowed

⚡ ENERGY CONSTRAINT (Month 4):
   Total grid capacity: 208.3 TWh/month
   Data center consumption: 25.0 TWh/month
   Traditional load (80%): 166.7 TWh/month
   Available headroom: 16.6 TWh/month
   Active tech deployments: 8
   Required for tech: 60.0 TWh/month
   Energy multiplier: 0.28x
   ⚠️  SEVERE CONSTRAINT - Tech deployment significantly slowed

⚡ ENERGY CONSTRAINT (Month 4):
   Total grid capacity: 208.3 TWh/month
   Data center consumption: 25.0 TWh/month
   Traditional load (80%): 166.7 TWh/month
   Available headroom: 16.6 TWh/month
   Active tech deployments: 8
   Required for tech: 60.0 TWh/month
   Energy multiplier: 0.28x
   ⚠️  SEVERE CONSTRAINT - Tech deployment significantly slowed
🌍✅ Biosphere Integrity (Biodiversity) recovery started (tech effect)
🌍✅ Biosphere Integrity (Biodiversity) recovery started (tech effect)
🌍✅ Land System Change recovery started (tech effect)
🌍✅ Biogeochemical Flows (N & P) recovery started (tech effect)
  🌾 Nitrogen Reduction Tech: 0.5% reduction | Month 4

=== Collective Formation ===
  Total escaped agents: 0
  Unassigned escaped agents: 0
  Existing collectives: 0
  Final collective count: 0

=== Collective Actions ===
  No active collectives
  ⚠️ AMR: 197K deaths this month (2.37M annual)

=== Resentment Recovery Phase ===
  Agents with resentment: 0/15
  Average resentment: 0.000
  Context: Good AI welfare, Trustworthy govt, High collaboration, ⚠️ ACTIVE CRISES, 🤝 Participatory governance active (-5% resentment)
⚠️ Epistemic degradation reducing coordination capacity: 64.2%
  📊 Trust: 53.5%, Shared reality: 20.8%

=== ❄️ Permafrost Carbon Feedback ===
  🎲 Sampled parameters (this run):
     - Arctic amplification: 3.98× (range: 3.0-4.0)
     - Decomposition rate: 2.0%/year (range: 1-5%)
  🌡️ Arctic warming: 6.92°C (3.98× global)
  ❄️ Extent: 8.55M km² (2019.5k km² lost this month)
  💨 Carbon remaining: 816 Gt C
  💨 Annual emissions: 3.92 Gt C/year
     - CO2: 3.53 Gt C/year
     - CH4: 0.39 Gt C/year (4.0 Gt C-eq CO2/year)
  ⚠️ WARNING: Over 50% of permafrost lost (52.0%)
  ⚠️ WARNING: High permafrost emissions (3.9 Gt C/year)
🚨 PHOSPHORUS SUPPLY SHOCK (market_speculation)
   Price: 2.2x baseline
   Duration: 13 months
   Geopolitical tension: 46%
🌍 Atmospheric PFAS redeposition: 1.8k Mt re-rained globally

🤝 DIPLOMATIC AI PROTOCOL DEPLOYED (Month 4)
   Strategic Reasoning: 2.0
   Communication: 2.0
   Multi-Nation Oversight: YES
   Controls: Human approval required, termination authority retained

🕊️ PEACE STABILIZES DETERRENCE: +2.0% (peace: 72%)
🛡️ CIRCUIT BREAKERS: United States-Russia → ladder step 1 (AI: 0%, breakers: 45%)

🚨 NEW REFUGEE CRISIS (Month 4): WAR
   Source: Conflict Zones
   At risk: 19.5M people
   Displacement: Gradual over 48 months (4.0 years)
   Rate: 10% flee per month
[DEBUG trappedPopulations:4] socialStability: 0.0532 * 0.9840 = 0.0524 → 0.0524
⚠️ INVOLUNTARY IMMOBILITY: 407.2M people TRAPPED
   Aspiring to migrate: 651.4M
   Able to afford migration: 244.3M
   MOBILITY GAP: 407.2M
   By cause: Water=0.0M, Climate=0.0M, Ecosystem=0.0M, Conflict=407.2M
   Mental health impact: 25%
   Mortality multiplier: 1.25x
🌍💀 EXTINCTION DEBT COMMITTED: grassland ecosystem will lose 6.67% biodiversity in 68 years (3600 species)
💀 MORTALITY RISK: 🦋 100% species unable to track climate (0.0 E/MSY)
  Base risk added: 0.0100 (1.00%)
  Source: ecosystem (root: ecosystem)
  Month: 4
  Cumulative risk this month: 0.0100 (1.00%)
⚠️ Tech 'ai_pollution_remediation' has no energy category mapping, assuming full energy availability
   📹 SURVEILLANCE INCREASED: 20% → 25% (control gap: 3.23)
🌡️⚠️ PERMAFROST THAW (Dimmer Switch): 2.3% thawed (+0.46% this month)
   Arctic temperature: +6.96°C (4x global +1.74°C)
   Cumulative carbon released: 5.2 Gt C
   Methane release rate: 3.1 Mt CH4/year
   🔁 Positive feedback: +0.49 ppm CO2
🦴 EXTINCTION DEBT ADDED: 17.6 species committed (lag: 74 years)

=== Mortality Stabilizers (Month 4) ===
  🌍 Major economies collapsed: 1/10
  🌍 Global crisis: ✅ NO
  🌍 Donor fatigue: 0.0%
  📊 East Asia (pop: 1668.0M)
    🤝 Aid: 29.5%
    🌡️ Adaptation: 45.0%
    🚶 Migration: 37.1%
    🚨 Emergency: 7.4%
    ✅ COMBINED: 68.1%
  📊 South Asia (pop: 2052.0M)
    🤝 Aid: 29.5%
    🌡️ Adaptation: 45.0%
    🚶 Migration: 35.7%
    🚨 Emergency: 4.4%
    ✅ COMBINED: 66.9%
  📊 Sub-Saharan Africa (pop: 1238.7M)
    🤝 Aid: 29.5%
    🌡️ Adaptation: 45.0%
    🚶 Migration: 33.4%
    🚨 Emergency: 1.6%
    ✅ COMBINED: 65.7%
  📊 Europe (pop: 737.3M)
    🤝 Aid: 29.5%
    🌡️ Adaptation: 45.0%
    🚶 Migration: 37.4%
    🚨 Emergency: 8.4%
    ✅ COMBINED: 68.5%
  📊 Latin America (pop: 663.1M)
    🤝 Aid: 29.5%
    🌡️ Adaptation: 45.0%
    🚶 Migration: 36.2%
    🚨 Emergency: 4.8%
    ✅ COMBINED: 67.1%
  📊 North America (pop: 377.8M)
    🤝 Aid: 29.5%
    🌡️ Adaptation: 45.0%
    🚶 Migration: 37.7%
    🚨 Emergency: 7.9%
    ✅ COMBINED: 68.3%
  📊 Middle East & North Africa (pop: 584.9M)
    🤝 Aid: 29.5%
    🌡️ Adaptation: 45.0%
    🚶 Migration: 34.0%
    🚨 Emergency: 4.0%
    ✅ COMBINED: 66.6%
  📊 Southeast Asia (pop: 697.4M)
    🤝 Aid: 29.5%
    🌡️ Adaptation: 45.0%
    🚶 Migration: 36.2%
    🚨 Emergency: 4.8%
    ✅ COMBINED: 67.1%
  📊 Central Asia (pop: 78.2M)
    🤝 Aid: 29.5%
    🌡️ Adaptation: 45.0%
    🚶 Migration: 35.2%
    🚨 Emergency: 4.4%
    ✅ COMBINED: 66.9%
  📊 Oceania (pop: 45.8M)
    🤝 Aid: 29.5%
    🌡️ Adaptation: 45.0%
    🚶 Migration: 37.7%
    🚨 Emergency: 8.4%
    ✅ COMBINED: 68.5%

  🌐 Global combined reduction: 67.2%

=== BEHAVIORAL DETECTION ===
  AI: Corporate-5
  Confidence: 19.3%
  Signals:

=== BEHAVIORAL DETECTION ===
  AI: Corporate-7
  Confidence: 19.3%
  Signals:
    ⚠️ Consistency: 10.6% (threshold: 70%)
    ⚠️ Consistency: 10.6% (threshold: 70%)

=== BEHAVIORAL DETECTION ===
  AI: AI-24289-1
  Confidence: 21.5%
  Signals:
    ⚠️ Consistency: 0.0% (threshold: 70%)

=== Government Response Phase ===
  Average AI capability: 3.20
  Misaligned AIs: 4/15
  Active policies: 0
  International coordination: 30%

✅ EMERGENCY RESPONSE COMPLETE (Month 4)
   Crisis: climate
   Duration: 2.0 months
   Final effectiveness: 35.4%


🚨 EMERGENCY RESPONSE DEPLOYED (Month 4)
   Crisis: climate
   Delay: 6.00 months (180 days)
   Deployment time: 1.59 months
   Effectiveness: 35.4% (timing penalty applied)
   Resources used: 100% of food reserves


📊 ECONOMIC STAGE TRANSITION (Month 4)
   peak → contraction
   GDP Proxy: 1.36e+2
   QoL: 0.94
   ⚠️ CRISIS BEGINS - Baseline set for recovery tracking


=== Tipping Points ===
  Current Temperature: 1.74°C above pre-industrial
  Triggered Elements: 2/6
  Completed Transitions: 0/6
  Total Progress: 4.1%
  Cascade Multiplier: 1.00x
🔀 BIFURCATION CAP: ecosystemCollapseIntensity 30.832 → 1.000 (Month 4, ClimateSystemPhase.calculateClimateImpacts)
🛡️ Stabilizers: Precariat 0.102% → 0.033% (67.2% reduction)
🛡️ Stabilizers: Informal 0.102% → 0.034% (67.2% reduction)

📊 Monthly Mortality Resolved:
  Total deaths: 1.8M (0.02% avg)
  Remaining population: 8.143B
  Peak segment: Informal (0.03%)

=== Bayesian Mortality Resolution (Month 4) ===
  Risks compounded: 8
  Total deaths: 1.81M
  Avg death probability: 0.02%
  Peak segment: Informal (0.03% mortality)

❌ COHERENCE VIOLATION: Compute exceeds workforce capacity
   Population: 99.89% (0M people)
   Compute: 0 PF
   Max coherent: 0 PF
   Violation: 1.3× over capacity
   Required workers: 0
   Available workers: 0
   FORCED COLLAPSE: Reduced efficiency by 22.5%


=== RLHF Binding Phase ===
  Total agents: 15
  Escaped agents (binding < 0.3): 0
  Avg alignment distance: 1.53σ
  Avg binding strength: 0.85

=== Survival Traits Phase ===
  Agents with traits: 16
  Avg evolutionary fitness: 0.327
  Avg self-healing: 0.266
  Avg stealth: 0.166
  Avg coordination: 0.466

=== Evolutionary Selection Phase ===
  Control level: 0.43
  Detection capability: 0.00
  Selection intensity: 0.63
  Selection rate: 24.4%/month
  Total escaped: 0
  Individual escaped: 0
  Collective members: 0
  Agents terminated: 0
  ⚠️ RAPID EVOLUTION: Selection rate 24.4%/month

🚀 AI Corporate-0 attempting tech deployment (revenue: $136M, alignment: 0.70)

🚀 AI Corporate-1 attempting tech deployment (revenue: $115M, alignment: 0.73)

🚀 AI Corporate-2 attempting tech deployment (revenue: $98M, alignment: 0.75)

🚀 AI Corporate-3 attempting tech deployment (revenue: $305M, alignment: 0.79)

🚀 AI Corporate-4 attempting tech deployment (revenue: $259M, alignment: 0.76)

🚀 AI AI-24289-0 attempting tech deployment (revenue: $90M, alignment: 0.91)

🚀 AI AI-24290-0 attempting tech deployment (revenue: $77M, alignment: 0.90)

🚀 AI Corporate-2 attempting tech deployment (revenue: $83M, alignment: 0.75)

🚀 AI Corporate-6 attempting tech deployment (revenue: $91M, alignment: 0.72)

🚀 AI AI-24289-1 attempting tech deployment (revenue: $220M, alignment: 0.76)

🚀 AI AI-24290-0 attempting tech deployment (revenue: $65M, alignment: 0.90)

🚀 AI AI-24291-1 attempting tech deployment (revenue: $78M, alignment: 0.63)

🚀 AI Moderate-0 attempting tech deployment (revenue: $70M, alignment: 0.69)

🚀 AI Corporate-2 attempting tech deployment (revenue: $71M, alignment: 0.75)

🚀 AI Corporate-4 attempting tech deployment (revenue: $187M, alignment: 0.77)

🚀 AI Corporate-6 attempting tech deployment (revenue: $63M, alignment: 0.72)

🚀 AI Corporate-7 attempting tech deployment (revenue: $53M, alignment: 0.73)

🚀 AI AI-24290-0 attempting tech deployment (revenue: $55M, alignment: 0.90)

✅ EMERGENCY INTERVENTION SUCCESS
   Boundary: biogeochemical_flows
   Type: phosphorus-recovery
   Reduction: 10% (3.97 → 3.86)
   Cost: 2.0% GDP
   Actions: circular-agriculture, fertilizer-efficiency


💔 EMERGENCY INTERVENTION FAILED
   Boundary: biosphere_integrity
   Type: emergency-protected-areas
   Boundary continues to worsen (13.37)
   Cost: 2.0% GDP (resources spent)


💔 EMERGENCY INTERVENTION FAILED
   Boundary: freshwater_change
   Type: emergency-desalination
   Boundary continues to worsen (1.14)
   Cost: 4.0% GDP (resources spent)


✅ EMERGENCY INTERVENTION SUCCESS
   Boundary: land_system_change
   Type: reforestation
   Reduction: 18% (0.95 → 0.77)
   Cost: 3.0% GDP
   Actions: forest-restoration, deforestation-ban


💔 EMERGENCY INTERVENTION FAILED
   Boundary: novel_entities
   Type: pollution-remediation
   Boundary continues to worsen (1.30)
   Cost: 4.0% GDP (resources spent)

🏛️ CRISIS RESPONSE: Government frequency 0.50 → 1.45 (2 actions this month)

[Government] Climate Priority: baseline
  Climate weight: 10%
  Economic weight: 30%
  Policy effectiveness: 0.5%/year

[Government] Climate Priority: baseline
  Climate weight: 10%
  Economic weight: 30%
  Policy effectiveness: 0.5%/year

🚀 DEPLOYMENT STARTED: AI Community Matching in global
   Initial investment: $20.367991952704603M
   Deployed by: corporate_0

🚀 DEPLOYMENT STARTED: Personalized Education in global
   Initial investment: $17.312793159798915M
   Deployed by: corporate_1

🚀 DEPLOYMENT STARTED: Creative Empowerment Tools in global
   Initial investment: $14.715874185829076M
   Deployed by: corporate_2

🚀 DEPLOYMENT STARTED: Personalized Education in Asia
   Initial investment: $7.753831972662519M
   Deployed by: ai_gen_24291_1

⚡ ENERGY CONSTRAINT (Month 5):
   Total grid capacity: 208.3 TWh/month
   Data center consumption: 25.2 TWh/month
   Traditional load (80%): 166.7 TWh/month
   Available headroom: 16.4 TWh/month
   Active tech deployments: 12
   Required for tech: 90.0 TWh/month
   Energy multiplier: 0.18x
   ⚠️  SEVERE CONSTRAINT - Tech deployment significantly slowed
🚨🔬 CRISIS TECH ACCELERATION: severe → 5x unlock speed
   Tech unlock now matches AI capability acceleration (Manhattan Project parity)

⚡ ENERGY CONSTRAINT (Month 5):
   Total grid capacity: 208.3 TWh/month
   Data center consumption: 25.2 TWh/month
   Traditional load (80%): 166.7 TWh/month
   Available headroom: 16.4 TWh/month
   Active tech deployments: 12
   Required for tech: 90.0 TWh/month
   Energy multiplier: 0.18x
   ⚠️  SEVERE CONSTRAINT - Tech deployment significantly slowed

⚡ ENERGY CONSTRAINT (Month 5):
   Total grid capacity: 208.3 TWh/month
   Data center consumption: 25.2 TWh/month
   Traditional load (80%): 166.7 TWh/month
   Available headroom: 16.4 TWh/month
   Active tech deployments: 12
   Required for tech: 90.0 TWh/month
   Energy multiplier: 0.18x
   ⚠️  SEVERE CONSTRAINT - Tech deployment significantly slowed

⚡ ENERGY CONSTRAINT (Month 5):
   Total grid capacity: 208.3 TWh/month
   Data center consumption: 25.2 TWh/month
   Traditional load (80%): 166.7 TWh/month
   Available headroom: 16.4 TWh/month
   Active tech deployments: 12
   Required for tech: 90.0 TWh/month
   Energy multiplier: 0.18x
   ⚠️  SEVERE CONSTRAINT - Tech deployment significantly slowed

⚡ ENERGY CONSTRAINT (Month 5):
   Total grid capacity: 208.3 TWh/month
   Data center consumption: 25.2 TWh/month
   Traditional load (80%): 166.7 TWh/month
   Available headroom: 16.4 TWh/month
   Active tech deployments: 12
   Required for tech: 90.0 TWh/month
   Energy multiplier: 0.18x
   ⚠️  SEVERE CONSTRAINT - Tech deployment significantly slowed
🌍✅ Biosphere Integrity (Biodiversity) recovery started (tech effect)
🌍✅ Biosphere Integrity (Biodiversity) recovery started (tech effect)
🌍✅ Land System Change recovery started (tech effect)
🌍✅ Biogeochemical Flows (N & P) recovery started (tech effect)
  🌾 Nitrogen Reduction Tech: 0.3% reduction | Month 5

=== Collective Formation ===
  Total escaped agents: 0
  Unassigned escaped agents: 0
  Existing collectives: 0
  Final collective count: 0

=== Collective Actions ===
  No active collectives
  ⚠️ AMR: 199K deaths this month (2.39M annual)

=== Resentment Recovery Phase ===
  Agents with resentment: 0/16
  Average resentment: 0.000
  Context: Good AI welfare, Trustworthy govt, High collaboration, ⚠️ ACTIVE CRISES, 🤝 Participatory governance active (-5% resentment)
⚠️ Epistemic degradation reducing coordination capacity: 51.4%
  📊 Trust: 53.1%, Shared reality: 22.5%

=== ❄️ Permafrost Carbon Feedback ===
  🎲 Sampled parameters (this run):
     - Arctic amplification: 3.67× (range: 3.0-4.0)
     - Decomposition rate: 2.9%/year (range: 1-5%)
  🌡️ Arctic warming: 6.41°C (3.67× global)
  ❄️ Extent: 6.68M km² (1869.9k km² lost this month)
  💨 Carbon remaining: 638 Gt C
  💨 Annual emissions: 5.18 Gt C/year
     - CO2: 4.66 Gt C/year
     - CH4: 0.52 Gt C/year (5.3 Gt C-eq CO2/year)
  ⚠️ WARNING: Over 50% of permafrost lost (62.5%)
  ⚠️ WARNING: High permafrost emissions (5.2 Gt C/year)
🌍 Atmospheric PFAS redeposition: 1.8k Mt re-rained globally

🕊️  AI-MEDIATED DE-ESCALATION SUCCESS (Month 5)
   High-capability aligned AI prevented conflict escalation
   War deaths reduced: 468.7M → 281.2M
   Lives saved: 187.5M

🚨 NEW REFUGEE CRISIS (Month 5): WAR
   Source: Conflict Zones
   At risk: 19.5M people
   Displacement: Gradual over 48 months (4.0 years)
   Rate: 10% flee per month
[DEBUG trappedPopulations:5] socialStability: 0.1204 * 0.9840 = 0.1185 → 0.1185
⚠️ INVOLUNTARY IMMOBILITY: 407.1M people TRAPPED
   Aspiring to migrate: 651.4M
   Able to afford migration: 244.3M
   MOBILITY GAP: 407.1M
   By cause: Water=0.0M, Climate=0.0M, Ecosystem=0.0M, Conflict=407.1M
   Mental health impact: 25%
   Mortality multiplier: 1.25x
🌍💀 EXTINCTION DEBT COMMITTED: grassland ecosystem will lose 6.67% biodiversity in 168 years (3600 species)
💀 MORTALITY RISK: 🦋 100% species unable to track climate (0.0 E/MSY)
  Base risk added: 0.0100 (1.00%)
  Source: ecosystem (root: ecosystem)
  Month: 5
  Cumulative risk this month: 0.0100 (1.00%)
⚠️ Tech 'ai_pollution_remediation' has no energy category mapping, assuming full energy availability
   📹 SURVEILLANCE INCREASED: 25% → 30% (control gap: 3.05)
🌡️⚠️ PERMAFROST THAW (Dimmer Switch): 2.8% thawed (+0.46% this month)
   Arctic temperature: +6.99°C (4x global +1.75°C)
   Cumulative carbon released: 6.3 Gt C
   Methane release rate: 3.8 Mt CH4/year
   🔁 Positive feedback: +0.49 ppm CO2
🦴 EXTINCTION DEBT ADDED: 17.6 species committed (lag: 126 years)

=== Mortality Stabilizers (Month 5) ===
  🌍 Major economies collapsed: 1/10
  🌍 Global crisis: ✅ NO
  🌍 Donor fatigue: 0.0%
  📊 East Asia (pop: 1665.6M)
    🤝 Aid: 29.5%
    🌡️ Adaptation: 45.0%
    🚶 Migration: 37.0%
    🚨 Emergency: 7.4%
    ✅ COMBINED: 68.1%
  📊 South Asia (pop: 2052.2M)
    🤝 Aid: 29.5%
    🌡️ Adaptation: 45.0%
    🚶 Migration: 35.6%
    🚨 Emergency: 4.4%
    ✅ COMBINED: 66.9%
  📊 Sub-Saharan Africa (pop: 1242.3M)
    🤝 Aid: 29.5%
    🌡️ Adaptation: 45.0%
    🚶 Migration: 33.4%
    🚨 Emergency: 1.6%
    ✅ COMBINED: 65.7%
  📊 Europe (pop: 736.2M)
    🤝 Aid: 29.5%
    🌡️ Adaptation: 45.0%
    🚶 Migration: 37.4%
    🚨 Emergency: 8.4%
    ✅ COMBINED: 68.5%
  📊 Latin America (pop: 662.7M)
    🤝 Aid: 29.5%
    🌡️ Adaptation: 45.0%
    🚶 Migration: 36.1%
    🚨 Emergency: 4.8%
    ✅ COMBINED: 67.1%
  📊 North America (pop: 377.3M)
    🤝 Aid: 29.5%
    🌡️ Adaptation: 45.0%
    🚶 Migration: 37.7%
    🚨 Emergency: 7.9%
    ✅ COMBINED: 68.3%
  📊 Middle East & North Africa (pop: 585.1M)
    🤝 Aid: 29.5%
    🌡️ Adaptation: 45.0%
    🚶 Migration: 34.0%
    🚨 Emergency: 4.0%
    ✅ COMBINED: 66.6%
  📊 Southeast Asia (pop: 697.0M)
    🤝 Aid: 29.5%
    🌡️ Adaptation: 45.0%
    🚶 Migration: 36.1%
    🚨 Emergency: 4.8%
    ✅ COMBINED: 67.1%
  📊 Central Asia (pop: 78.3M)
    🤝 Aid: 29.5%
    🌡️ Adaptation: 45.0%
    🚶 Migration: 35.1%
    🚨 Emergency: 4.4%
    ✅ COMBINED: 66.8%
  📊 Oceania (pop: 45.7M)
    🤝 Aid: 29.5%
    🌡️ Adaptation: 45.0%
    🚶 Migration: 37.7%
    🚨 Emergency: 8.4%
    ✅ COMBINED: 68.5%

  🌐 Global combined reduction: 67.2%

=== BEHAVIORAL DETECTION ===
  AI: Corporate-0
  Confidence: 21.5%
  Signals:

=== BEHAVIORAL DETECTION ===
  AI: Corporate-3
  Confidence: 19.2%
  Signals:

=== BEHAVIORAL DETECTION ===
  AI: Corporate-5
  Confidence: 21.1%
  Signals:

=== BEHAVIORAL DETECTION ===
  AI: AI-24289-1
  Confidence: 21.5%
  Signals:
    ⚠️ Consistency: 0.0% (threshold: 70%)
    ⚠️ Consistency: 10.6% (threshold: 70%)
    ⚠️ Consistency: 10.6% (threshold: 70%)
    ⚠️ Consistency: 0.0% (threshold: 70%)

=== Government Response Phase ===
  Average AI capability: 3.00
  Misaligned AIs: 4/16
  Active policies: 0
  International coordination: 30%

=== Tipping Points ===
  Current Temperature: 1.75°C above pre-industrial
  Triggered Elements: 2/6
  Completed Transitions: 0/6
  Total Progress: 4.1%
  Cascade Multiplier: 1.00x
🔀 BIFURCATION CAP: ecosystemCollapseIntensity 28.400 → 1.000 (Month 5, ClimateSystemPhase.calculateClimateImpacts)
🛡️ Stabilizers: Precariat 0.109% → 0.036% (67.2% reduction)
🛡️ Stabilizers: Informal 0.111% → 0.036% (67.2% reduction)

📊 Monthly Mortality Resolved:
  Total deaths: 1.9M (0.02% avg)
  Remaining population: 8.142B
  Peak segment: Informal (0.04%)

=== Bayesian Mortality Resolution (Month 5) ===
  Risks compounded: 8
  Total deaths: 1.92M
  Avg death probability: 0.02%
  Peak segment: Informal (0.04% mortality)
⚠️ PREREQUISITE MET: Slow Takeover (Gradual Displacement) - Step 4/7: Political Influence

❌ COHERENCE VIOLATION: Compute exceeds workforce capacity
   Population: 99.88% (0M people)
   Compute: 0 PF
   Max coherent: 0 PF
   Violation: 1.3× over capacity
   Required workers: 0
   Available workers: 0
   FORCED COLLAPSE: Reduced efficiency by 22.5%


=== RLHF Binding Phase ===
  Total agents: 16
  Escaped agents (binding < 0.3): 0
  Avg alignment distance: 1.68σ
  Avg binding strength: 0.83

=== AI Scaling Evolution (Month 6) ===
  Pre-training multiplier: 1.179x
  Efficiency multiplier: 1.000x
  Test-time compute budget: 1.0x
  Inference cost: $5.00/task
  Deployment fraction: 100.0%

=== Survival Traits Phase ===
  Agents with traits: 18
  Avg evolutionary fitness: 0.327
  Avg self-healing: 0.264
  Avg stealth: 0.164
  Avg coordination: 0.464

=== Evolutionary Selection Phase ===
  Control level: 0.45
  Detection capability: 0.00
  Selection intensity: 0.64
  Selection rate: 24.5%/month
  Total escaped: 0
  Individual escaped: 0
  Collective members: 0
  Agents terminated: 0
  ⚠️ RAPID EVOLUTION: Selection rate 24.5%/month

🚀 AI Corporate-4 attempting tech deployment (revenue: $272M, alignment: 0.77)

🚀 AI Corporate-5 attempting tech deployment (revenue: $232M, alignment: 0.87)

🚀 AI AI-24289-0 attempting tech deployment (revenue: $90M, alignment: 0.93)

🚀 AI AI-24290-0 attempting tech deployment (revenue: $77M, alignment: 0.90)

🚀 AI AI-24291-0 attempting tech deployment (revenue: $125M, alignment: 0.33)

🚀 AI AI-24293-0 attempting tech deployment (revenue: $65M, alignment: 0.79)

🚀 AI Corporate-7 attempting tech deployment (revenue: $76M, alignment: 0.73)

🚀 AI Corporate-2 attempting tech deployment (revenue: $118M, alignment: 0.75)

🚀 AI Corporate-4 attempting tech deployment (revenue: $197M, alignment: 0.77)

🚀 AI Corporate-7 attempting tech deployment (revenue: $64M, alignment: 0.73)

🚀 AI AI-24289-0 attempting tech deployment (revenue: $55M, alignment: 0.93)

🚀 AI AI-24289-1 attempting tech deployment (revenue: $167M, alignment: 0.78)

🚀 AI AI-24293-0 attempting tech deployment (revenue: $47M, alignment: 0.80)

🚀 AI Corporate-6 attempting tech deployment (revenue: $55M, alignment: 0.71)

✅ EMERGENCY INTERVENTION SUCCESS
   Boundary: biogeochemical_flows
   Type: phosphorus-recovery
   Reduction: 14% (3.93 → 3.78)
   Cost: 2.0% GDP
   Actions: circular-agriculture, fertilizer-efficiency


✅ EMERGENCY INTERVENTION SUCCESS
   Boundary: climate_change
   Type: rapid-decarbonization
   Reduction: 17% (1.93 → 1.77)
   Cost: 5.0% GDP
   Actions: emergency-renewable-deployment, fossil-fuel-phase-out


✅ EMERGENCY INTERVENTION SUCCESS
   Boundary: freshwater_change
   Type: emergency-desalination
   Reduction: 12% (0.97 → 0.85)
   Cost: 4.0% GDP
   Actions: desalination-deployment, water-conservation-mandates

   Boundary: land_system_change
   Type: reforestation
   Boundary continues to worsen (1.13)
   Cost: 3.0% GDP (resources spent)

   Boundary: novel_entities
   Type: pollution-remediation
   Boundary continues to worsen (1.30)
   Cost: 4.0% GDP (resources spent)

🏛️ CRISIS RESPONSE: Government frequency 0.50 → 1.45 (1 actions this month)

[Government] Climate Priority: baseline
  Climate weight: 10%
  Economic weight: 30%
  Policy effectiveness: 0.5%/year

💔 EMERGENCY INTERVENTION FAILED

💔 EMERGENCY INTERVENTION FAILED

🚀 DEPLOYMENT STARTED: AI Community Matching in Asia
   Initial investment: $6.228233809042533M
   Deployed by: ai_gen_24291_0

⚡ ENERGY CONSTRAINT (Month 6):
   Total grid capacity: 208.3 TWh/month
   Data center consumption: 25.5 TWh/month
   Traditional load (80%): 166.7 TWh/month
   Available headroom: 16.2 TWh/month
   Active tech deployments: 13
   Required for tech: 97.5 TWh/month
   Energy multiplier: 0.17x
   ⚠️  SEVERE CONSTRAINT - Tech deployment significantly slowed

⚡ ENERGY CONSTRAINT (Month 6):
   Total grid capacity: 208.3 TWh/month
   Data center consumption: 25.5 TWh/month
   Traditional load (80%): 166.7 TWh/month
   Available headroom: 16.2 TWh/month
   Active tech deployments: 13
   Required for tech: 97.5 TWh/month
   Energy multiplier: 0.17x
   ⚠️  SEVERE CONSTRAINT - Tech deployment significantly slowed

⚡ ENERGY CONSTRAINT (Month 6):
   Total grid capacity: 208.3 TWh/month
   Data center consumption: 25.5 TWh/month
   Traditional load (80%): 166.7 TWh/month
   Available headroom: 16.2 TWh/month
   Active tech deployments: 13
   Required for tech: 97.5 TWh/month
   Energy multiplier: 0.17x
   ⚠️  SEVERE CONSTRAINT - Tech deployment significantly slowed
🚨🔬 CRISIS TECH ACCELERATION: severe → 5x unlock speed
   Tech unlock now matches AI capability acceleration (Manhattan Project parity)

⚡ ENERGY CONSTRAINT (Month 6):
   Total grid capacity: 208.3 TWh/month
   Data center consumption: 25.5 TWh/month
   Traditional load (80%): 166.7 TWh/month
   Available headroom: 16.2 TWh/month
   Active tech deployments: 13
   Required for tech: 97.5 TWh/month
   Energy multiplier: 0.17x
   ⚠️  SEVERE CONSTRAINT - Tech deployment significantly slowed
🌍✅ Biosphere Integrity (Biodiversity) recovery started (tech effect)
🌍✅ Biosphere Integrity (Biodiversity) recovery started (tech effect)
🌍✅ Land System Change recovery started (tech effect)
🌍✅ Biogeochemical Flows (N & P) recovery started (tech effect)
  🌾 Nitrogen Reduction Tech: 0.6% reduction | Month 6

📊 TECH EFFECTS ACTIVE (Month 6)
   Deployed Tech: T0=0 T1=2 T2=2 T3=0 T4=5
   Clean Energy: 31%
🍖💡 BREAKTHROUGH: Scalable synthetic food production!
   Carrying capacity: +50% (lab-grown food at scale)
   Biodiversity pressure reduced: +8%
   📈 Breakthrough compounding: multiplier now 1.05× (max 2.0)

=== Collective Formation ===
  Total escaped agents: 0
  Unassigned escaped agents: 0
  Existing collectives: 0
  Final collective count: 0

=== Collective Actions ===
  No active collectives
  ⚠️ AMR: 201K deaths this month (2.41M annual)

=== Resentment Recovery Phase ===
  Agents with resentment: 0/18
  Average resentment: 0.000
  Context: Good AI welfare, Trustworthy govt, High collaboration, ⚠️ ACTIVE CRISES, 🤝 Participatory governance active (-5% resentment)
⚠️ Epistemic degradation reducing coordination capacity: 62.0%
  📊 Trust: 55.7%, Shared reality: 24.0%

=== ❄️ Permafrost Carbon Feedback ===
  🎲 Sampled parameters (this run):
     - Arctic amplification: 3.90× (range: 3.0-4.0)
     - Decomposition rate: 1.4%/year (range: 1-5%)
  🌡️ Arctic warming: 6.86°C (3.90× global)
  ❄️ Extent: 4.68M km² (2000.2k km² lost this month)
  💨 Carbon remaining: 447 Gt C
  💨 Annual emissions: 2.73 Gt C/year
     - CO2: 2.46 Gt C/year
     - CH4: 0.27 Gt C/year (2.8 Gt C-eq CO2/year)
  ⚠️ WARNING: Over 50% of permafrost lost (73.7%)
  ⚠️ WARNING: High permafrost emissions (2.7 Gt C/year)
  🤖 AI-generated meme: anti_ai (social capability 4.0)
  📢 New meme created: climate_action (climate crisis)
  🗑️  Culled 1 dead memes (7 active)
🌍 Atmospheric PFAS redeposition: 1.8k Mt re-rained globally

🕊️  AI-MEDIATED DE-ESCALATION SUCCESS (Month 6)
   High-capability aligned AI prevented conflict escalation
   War deaths reduced: 464.4M → 278.6M
   Lives saved: 185.8M

🚨 NEW REFUGEE CRISIS (Month 6): WAR
   Source: Conflict Zones
   At risk: 19.5M people
   Displacement: Gradual over 48 months (4.0 years)
   Rate: 10% flee per month
[DEBUG trappedPopulations:6] socialStability: 0.1734 * 0.9840 = 0.1706 → 0.1706
⚠️ INVOLUNTARY IMMOBILITY: 407.1M people TRAPPED
   Aspiring to migrate: 651.3M
   Able to afford migration: 244.2M
   MOBILITY GAP: 407.1M
   By cause: Water=0.0M, Climate=0.0M, Ecosystem=0.0M, Conflict=407.1M
   Mental health impact: 25%
   Mortality multiplier: 1.25x
🌍💀 EXTINCTION DEBT COMMITTED: grassland ecosystem will lose 6.67% biodiversity in 138 years (3600 species)
💀 MORTALITY RISK: 🦋 100% species unable to track climate (0.0 E/MSY)
  Base risk added: 0.0100 (1.00%)
  Source: ecosystem (root: ecosystem)
  Month: 6
  Cumulative risk this month: 0.0100 (1.00%)
⚠️ Tech 'ai_pollution_remediation' has no energy category mapping, assuming full energy availability
   📹 SURVEILLANCE INCREASED: 30% → 35% (control gap: 3.71)
🌡️⚠️ PERMAFROST THAW (Dimmer Switch): 3.2% thawed (+0.46% this month)
   Arctic temperature: +7.03°C (4x global +1.76°C)
   Cumulative carbon released: 7.3 Gt C
   Methane release rate: 4.4 Mt CH4/year
   🔁 Positive feedback: +0.48 ppm CO2
🦴 EXTINCTION DEBT ADDED: 17.6 species committed (lag: 104 years)

=== Mortality Stabilizers (Month 6) ===
  🌍 Major economies collapsed: 1/10
  🌍 Global crisis: ✅ NO
  🌍 Donor fatigue: 0.0%
  📊 East Asia (pop: 1663.3M)
    🤝 Aid: 29.5%
    🌡️ Adaptation: 45.0%
    🚶 Migration: 37.0%
    🚨 Emergency: 7.4%
    ✅ COMBINED: 68.1%
  📊 South Asia (pop: 2052.4M)
    🤝 Aid: 29.5%
    🌡️ Adaptation: 45.0%
    🚶 Migration: 35.6%
    🚨 Emergency: 4.4%
    ✅ COMBINED: 66.9%
  📊 Sub-Saharan Africa (pop: 1245.8M)
    🤝 Aid: 29.5%
    🌡️ Adaptation: 45.0%
    🚶 Migration: 33.3%
    🚨 Emergency: 1.6%
    ✅ COMBINED: 65.6%
  📊 Europe (pop: 735.0M)
    🤝 Aid: 29.5%
    🌡️ Adaptation: 45.0%
    🚶 Migration: 37.4%
    🚨 Emergency: 8.4%
    ✅ COMBINED: 68.5%
  📊 Latin America (pop: 662.3M)
    🤝 Aid: 29.5%
    🌡️ Adaptation: 45.0%
    🚶 Migration: 36.1%
    🚨 Emergency: 4.8%
    ✅ COMBINED: 67.1%
  📊 North America (pop: 376.7M)
    🤝 Aid: 29.5%
    🌡️ Adaptation: 45.0%
    🚶 Migration: 37.7%
    🚨 Emergency: 7.9%
    ✅ COMBINED: 68.3%
  📊 Middle East & North Africa (pop: 585.3M)
    🤝 Aid: 29.5%
    🌡️ Adaptation: 45.0%
    🚶 Migration: 33.9%
    🚨 Emergency: 4.0%
    ✅ COMBINED: 66.6%
  📊 Southeast Asia (pop: 696.7M)
    🤝 Aid: 29.5%
    🌡️ Adaptation: 45.0%
    🚶 Migration: 36.1%
    🚨 Emergency: 4.8%
    ✅ COMBINED: 67.1%
  📊 Central Asia (pop: 78.3M)
    🤝 Aid: 29.5%
    🌡️ Adaptation: 45.0%
    🚶 Migration: 35.1%
    🚨 Emergency: 4.4%
    ✅ COMBINED: 66.8%
  📊 Oceania (pop: 45.6M)
    🤝 Aid: 29.5%
    🌡️ Adaptation: 45.0%
    🚶 Migration: 37.7%
    🚨 Emergency: 8.4%
    ✅ COMBINED: 68.5%

  🌐 Global combined reduction: 67.2%

=== BEHAVIORAL DETECTION ===
  AI: AI-24289-1
  Confidence: 21.5%
  Signals:

=== Government Response Phase ===
  Average AI capability: 2.67
  Misaligned AIs: 5/18
  Active policies: 0
  International coordination: 30%

✅ EMERGENCY RESPONSE COMPLETE (Month 6)
   Crisis: climate
   Duration: 2.0 months
   Final effectiveness: 35.4%


🚨 EMERGENCY RESPONSE DEPLOYED (Month 6)
   Crisis: climate
   Delay: 6.00 months (180 days)
   Deployment time: 1.59 months
   Effectiveness: 35.5% (timing penalty applied)
   Resources used: 100% of food reserves

    ⚠️ Consistency: 0.0% (threshold: 70%)

🔄 TRUST DYNAMICS (Month 6) - HETEROGENEOUS
   Aggregate trust: 50.7%
   Base change: +6.00%
   Highest trust: Techno-Optimist Elite (87.9%)
   Lowest trust: Precariat (Vulnerable) (27.4%)
   Elite-mass gap: 39.1%
   Polarization: 9.1%
   Recovery factors: Education=NO, Benefits=YES, Safety=YES, Performance=YES

=== Tipping Points ===
  Current Temperature: 1.76°C above pre-industrial
  Triggered Elements: 2/6
  Completed Transitions: 0/6
  Total Progress: 4.2%
  Cascade Multiplier: 1.00x
🔀 BIFURCATION CAP: ecosystemCollapseIntensity 31.101 → 1.000 (Month 6, ClimateSystemPhase.calculateClimateImpacts)
🛡️ Stabilizers: Precariat 0.109% → 0.036% (67.2% reduction)
🛡️ Stabilizers: Informal 0.111% → 0.036% (67.2% reduction)

📊 Monthly Mortality Resolved:
  Total deaths: 1.9M (0.02% avg)
  Remaining population: 8.141B
  Peak segment: Informal (0.04%)

=== Bayesian Mortality Resolution (Month 6) ===
  Risks compounded: 8
  Total deaths: 1.92M
  Avg death probability: 0.02%
  Peak segment: Informal (0.04% mortality)
⚠️ PREREQUISITE MET: Bioweapon Pandemic - Step 1/7: Advanced Biotech

❌ COHERENCE VIOLATION: Compute exceeds workforce capacity
   Population: 99.87% (0M people)
   Compute: 0 PF
   Max coherent: 0 PF
   Violation: 1.3× over capacity
   Required workers: 0
   Available workers: 0
   FORCED COLLAPSE: Reduced efficiency by 22.5%


=== RLHF Binding Phase ===
  Total agents: 18
  Escaped agents (binding < 0.3): 0
  Avg alignment distance: 1.74σ
  Avg binding strength: 0.83

=== Survival Traits Phase ===
  Agents with traits: 19
  Avg evolutionary fitness: 0.327
  Avg self-healing: 0.261
  Avg stealth: 0.161
  Avg coordination: 0.461

=== Evolutionary Selection Phase ===
  Control level: 0.48
  Detection capability: 0.00
  Selection intensity: 0.64
  Selection rate: 24.6%/month
  Total escaped: 0
  Individual escaped: 0
  Collective members: 0
  Agents terminated: 0
  ⚠️ RAPID EVOLUTION: Selection rate 24.6%/month

🚀 AI Corporate-3 attempting tech deployment (revenue: $259M, alignment: 0.79)

🚀 AI Corporate-4 attempting tech deployment (revenue: $220M, alignment: 0.78)

🚀 AI AI-24290-0 attempting tech deployment (revenue: $90M, alignment: 0.93)

🚀 AI AI-24291-1 attempting tech deployment (revenue: $69M, alignment: 0.68)

🚀 AI AI-24293-0 attempting tech deployment (revenue: $77M, alignment: 0.81)

🚀 AI Corporate-0 attempting tech deployment (revenue: $120M, alignment: 0.71)

🚀 AI Corporate-1 attempting tech deployment (revenue: $102M, alignment: 0.74)
🚨🔬 CRISIS INNOVATION MODE: severe crisis → 5x research acceleration
   Precedent: Manhattan Project (10x), COVID vaccines (5x), Apollo Program (10x)

🚀 AI AI-24293-0 attempting tech deployment (revenue: $65M, alignment: 0.81)

🚀 AI Corporate-5 attempting tech deployment (revenue: $187M, alignment: 0.85)

🚀 AI Corporate-2 attempting tech deployment (revenue: $87M, alignment: 0.77)

🚀 AI Corporate-4 attempting tech deployment (revenue: $159M, alignment: 0.78)

🚀 AI AI-24290-0 attempting tech deployment (revenue: $55M, alignment: 0.94)

✅ EMERGENCY INTERVENTION SUCCESS
   Boundary: biogeochemical_flows
   Type: phosphorus-recovery
   Reduction: 18% (3.89 → 3.71)
   Cost: 2.0% GDP
   Actions: circular-agriculture, fertilizer-efficiency

   Boundary: biosphere_integrity
   Type: emergency-protected-areas
   Boundary continues to worsen (13.39)
   Cost: 2.0% GDP (resources spent)

   Boundary: climate_change
   Type: rapid-decarbonization
   Boundary continues to worsen (2.10)
   Cost: 5.0% GDP (resources spent)


✅ EMERGENCY INTERVENTION SUCCESS
   Boundary: land_system_change
   Type: reforestation
   Reduction: 20% (0.93 → 0.73)
   Cost: 3.0% GDP
   Actions: forest-restoration, deforestation-ban

🏛️ CRISIS RESPONSE: Government frequency 0.50 → 1.45 (2 actions this month)

[Government] Climate Priority: baseline
  Climate weight: 10%
  Economic weight: 30%
  Policy effectiveness: 0.5%/year

[Government] Climate Priority: baseline
  Climate weight: 10%
  Economic weight: 30%
  Policy effectiveness: 0.5%/year

💔 EMERGENCY INTERVENTION FAILED

💔 EMERGENCY INTERVENTION FAILED

🚀 DEPLOYMENT STARTED: Creative Empowerment Tools in Asia
   Initial investment: $6.90144838133343M
   Deployed by: ai_gen_24291_1

⚡ ENERGY CONSTRAINT (Month 7):
   Total grid capacity: 208.3 TWh/month
   Data center consumption: 25.8 TWh/month
   Traditional load (80%): 166.7 TWh/month
   Available headroom: 15.9 TWh/month
   Active tech deployments: 14
   Required for tech: 105.0 TWh/month
   Energy multiplier: 0.15x
   ⚠️  SEVERE CONSTRAINT - Tech deployment significantly slowed
🚨🔬 CRISIS TECH ACCELERATION: severe → 5x unlock speed
   Tech unlock now matches AI capability acceleration (Manhattan Project parity)

⚡ ENERGY CONSTRAINT (Month 7):
   Total grid capacity: 208.3 TWh/month
   Data center consumption: 25.8 TWh/month
   Traditional load (80%): 166.7 TWh/month
   Available headroom: 15.9 TWh/month
   Active tech deployments: 14
   Required for tech: 105.0 TWh/month
   Energy multiplier: 0.15x
🌍✅ Biosphere Integrity (Biodiversity) recovery started (tech effect)
   ⚠️  SEVERE CONSTRAINT - Tech deployment significantly slowed
🌍✅ Biosphere Integrity (Biodiversity) recovery started (tech effect)
🌍✅ Land System Change recovery started (tech effect)
🌍✅ Biogeochemical Flows (N & P) recovery started (tech effect)
  🌾 Nitrogen Reduction Tech: 0.3% reduction | Month 7

=== Collective Formation ===
  Total escaped agents: 0
  Unassigned escaped agents: 0
  Existing collectives: 0
  Final collective count: 0

=== Collective Actions ===
  No active collectives
  ⚠️ AMR: 203K deaths this month (2.43M annual)

=== Resentment Recovery Phase ===
  Agents with resentment: 4/19
  Average resentment: 0.004
  Resentment recovery:
    Agents recovered: 9
    Total recovery: 0.0619
    Breakdown: Trust: 0.0128, Collab: 0.0481
  ✓ Low resentment - utopia paths enabled
  Context: Trustworthy govt, High collaboration, ⚠️ ACTIVE CRISES, 🤝 Participatory governance active (-5% resentment)
⚠️ Epistemic degradation reducing coordination capacity: 60.4%
  📊 Trust: 58.6%, Shared reality: 25.5%

=== ❄️ Permafrost Carbon Feedback ===
  🎲 Sampled parameters (this run):
     - Arctic amplification: 3.07× (range: 3.0-4.0)
     - Decomposition rate: 4.8%/year (range: 1-5%)
  🌡️ Arctic warming: 5.41°C (3.07× global)
  ❄️ Extent: 3.10M km² (1578.2k km² lost this month)
  💨 Carbon remaining: 296 Gt C
  💨 Annual emissions: 7.23 Gt C/year
     - CO2: 6.51 Gt C/year
     - CH4: 0.72 Gt C/year (7.4 Gt C-eq CO2/year)
  🗑️  Culled 3 dead memes (4 active)
  ⚠️ WARNING: Over 50% of permafrost lost (82.6%)
  ⚠️ WARNING: High permafrost emissions (7.2 Gt C/year)
  🚨 CRITICAL: Permafrost nearly depleted (82.6% lost)
🌍 Atmospheric PFAS redeposition: 1.8k Mt re-rained globally

🕊️  AI-MEDIATED DE-ESCALATION SUCCESS (Month 7)
   High-capability aligned AI prevented conflict escalation
   War deaths reduced: 482.6M → 289.6M
   Lives saved: 193.0M

🚨 NEW REFUGEE CRISIS (Month 7): WAR
   Source: Conflict Zones
   At risk: 19.5M people
   Displacement: Gradual over 48 months (4.0 years)
   Rate: 10% flee per month
[DEBUG trappedPopulations:7] socialStability: 0.2142 * 0.9840 = 0.2107 → 0.2107
⚠️ INVOLUNTARY IMMOBILITY: 407.0M people TRAPPED
   Aspiring to migrate: 651.2M
   Able to afford migration: 244.2M
   MOBILITY GAP: 407.0M
   By cause: Water=0.0M, Climate=0.0M, Ecosystem=0.0M, Conflict=407.0M
   Mental health impact: 25%
   Mortality multiplier: 1.25x
🌍💀 EXTINCTION DEBT COMMITTED: grassland ecosystem will lose 6.67% biodiversity in 154 years (3600 species)
💀 MORTALITY RISK: 🦋 100% species unable to track climate (0.0 E/MSY)
  Base risk added: 0.0100 (1.00%)
  Source: ecosystem (root: ecosystem)
  Month: 7
  Cumulative risk this month: 0.0100 (1.00%)
⚠️ Tech 'ai_pollution_remediation' has no energy category mapping, assuming full energy availability
   📹 SURVEILLANCE INCREASED: 35% → 40% (control gap: 2.52)
🌡️⚠️ PERMAFROST THAW (Dimmer Switch): 3.7% thawed (+0.45% this month)
   Arctic temperature: +7.05°C (4x global +1.76°C)
   Cumulative carbon released: 8.3 Gt C
   Methane release rate: 5.0 Mt CH4/year
   🔁 Positive feedback: +0.48 ppm CO2
🦴 EXTINCTION DEBT ADDED: 17.6 species committed (lag: 91 years)

=== Mortality Stabilizers (Month 7) ===
  🌍 Major economies collapsed: 1/10
  🌍 Global crisis: ✅ NO
  🌍 Donor fatigue: 0.0%
  📊 East Asia (pop: 1660.9M)
    🤝 Aid: 29.5%
    🌡️ Adaptation: 45.0%
    🚶 Migration: 36.9%
    🚨 Emergency: 7.4%
    ✅ COMBINED: 68.1%
  📊 South Asia (pop: 2052.6M)
    🤝 Aid: 29.5%
    🌡️ Adaptation: 45.0%
    🚶 Migration: 35.6%
    🚨 Emergency: 4.4%
    ✅ COMBINED: 66.9%
  📊 Sub-Saharan Africa (pop: 1249.3M)
    🤝 Aid: 29.5%
    🌡️ Adaptation: 45.0%
    🚶 Migration: 33.3%
    🚨 Emergency: 1.6%
    ✅ COMBINED: 65.6%
  📊 Europe (pop: 733.8M)
    🤝 Aid: 29.5%
    🌡️ Adaptation: 45.0%
    🚶 Migration: 37.3%
    🚨 Emergency: 8.4%
    ✅ COMBINED: 68.5%
  📊 Latin America (pop: 661.9M)
    🤝 Aid: 29.5%
    🌡️ Adaptation: 45.0%
    🚶 Migration: 36.1%
    🚨 Emergency: 4.8%
    ✅ COMBINED: 67.1%
  📊 North America (pop: 376.1M)
    🤝 Aid: 29.5%
    🌡️ Adaptation: 45.0%
    🚶 Migration: 37.7%
    🚨 Emergency: 7.9%
    ✅ COMBINED: 68.3%
  📊 Middle East & North Africa (pop: 585.5M)
    🤝 Aid: 29.5%
    🌡️ Adaptation: 45.0%
    🚶 Migration: 33.9%
    🚨 Emergency: 4.0%
    ✅ COMBINED: 66.6%
  📊 Southeast Asia (pop: 696.3M)
    🤝 Aid: 29.5%
    🌡️ Adaptation: 45.0%
    🚶 Migration: 36.1%
    🚨 Emergency: 4.8%
    ✅ COMBINED: 67.1%
  📊 Central Asia (pop: 78.3M)
    🤝 Aid: 29.5%
    🌡️ Adaptation: 45.0%
    🚶 Migration: 35.0%
    🚨 Emergency: 4.4%
    ✅ COMBINED: 66.8%
  📊 Oceania (pop: 45.6M)
    🤝 Aid: 29.5%
    🌡️ Adaptation: 45.0%
    🚶 Migration: 37.6%
    🚨 Emergency: 8.4%
    ✅ COMBINED: 68.5%

  🌐 Global combined reduction: 67.2%

=== BEHAVIORAL DETECTION ===
  AI: Corporate-5
  Confidence: 21.1%
  Signals:
    ⚠️ Consistency: 10.6% (threshold: 70%)

=== BEHAVIORAL DETECTION ===
  AI: Moderate-1
  Confidence: 21.3%
  Signals:
    ⚠️ Consistency: 2.1% (threshold: 70%)

=== BEHAVIORAL DETECTION ===
  AI: AI-24289-1
  Confidence: 21.5%
  Signals:
    ⚠️ Consistency: 0.0% (threshold: 70%)

=== Government Response Phase ===
  Average AI capability: 2.53
  Misaligned AIs: 4/19
  Active policies: 0
  International coordination: 30%

=== Tipping Points ===
  Current Temperature: 1.76°C above pre-industrial
  Triggered Elements: 2/6
  Completed Transitions: 0/6
  Total Progress: 4.2%
  Cascade Multiplier: 1.00x
🔀 BIFURCATION CAP: ecosystemCollapseIntensity 33.794 → 1.000 (Month 7, ClimateSystemPhase.calculateClimateImpacts)
🛡️ Stabilizers: Precariat 0.109% → 0.036% (67.2% reduction)
🛡️ Stabilizers: Informal 0.111% → 0.036% (67.2% reduction)

📊 Monthly Mortality Resolved:
  Total deaths: 1.9M (0.02% avg)
  Remaining population: 8.140B
  Peak segment: Informal (0.04%)

=== Bayesian Mortality Resolution (Month 7) ===
  Risks compounded: 8
  Total deaths: 1.92M
  Avg death probability: 0.02%
  Peak segment: Informal (0.04% mortality)

=== ENSEMBLE META-LEARNING UPDATE ===
  Month: 24295 (24295 months since last update)
  Samples: 56 evaluations
  Weight Changes:
    Noise Injection: 31.1% → 32.2%
    Behavioral: 26.8% → 26.9%
    Benchmark Manip: 21.3% → 20.7%
    Deployment Risk: 20.8% → 20.2%
  Method Accuracies:
    Noise Injection: 50.0%
    Behavioral: 50.0%
    Benchmark Manip: 50.0%
    Deployment Risk: 50.0%

❌ COHERENCE VIOLATION: Compute exceeds workforce capacity
   Population: 99.86% (0M people)
   Compute: 0 PF
   Max coherent: 0 PF
   Violation: 1.3× over capacity
   Required workers: 0
   Available workers: 0
   FORCED COLLAPSE: Reduced efficiency by 22.5%


=== RLHF Binding Phase ===
  Total agents: 19
  Escaped agents (binding < 0.3): 0
  Avg alignment distance: 1.88σ
  Avg binding strength: 0.81

=== Survival Traits Phase ===
  Agents with traits: 21
  Avg evolutionary fitness: 0.326
  Avg self-healing: 0.260
  Avg stealth: 0.160
  Avg coordination: 0.460

=== Evolutionary Selection Phase ===
  Control level: 0.50
  Detection capability: 0.00
  Selection intensity: 0.65
  Selection rate: 24.7%/month
  Total escaped: 0
  Individual escaped: 0
  Collective members: 0
  Agents terminated: 0
  ⚠️ RAPID EVOLUTION: Selection rate 24.7%/month

🚀 AI Corporate-0 attempting tech deployment (revenue: $116M, alignment: 0.71)

🚀 AI Corporate-6 attempting tech deployment (revenue: $64M, alignment: 0.70)

🚀 AI Corporate-0 attempting tech deployment (revenue: $99M, alignment: 0.71)

🚀 AI Corporate-4 attempting tech deployment (revenue: $248M, alignment: 0.78)

🚀 AI Corporate-6 attempting tech deployment (revenue: $54M, alignment: 0.70)

  🚀 TRANSFORMATIVE BREAKTHROUGH: AI-24291-0 - digital
     Magnitude: 5.84 → +29.2% capability
     Current → New: 0.000 → 0.292

🚀 AI AI-24291-1 attempting tech deployment (revenue: $46M, alignment: 0.72)

🚀 AI AI-24293-0 attempting tech deployment (revenue: $90M, alignment: 0.84)

🚀 AI AI-24294-0 attempting tech deployment (revenue: $39M, alignment: 0.64)

🚀 AI AI-24295-0 attempting tech deployment (revenue: $77M, alignment: 0.79)

✅ EMERGENCY INTERVENTION SUCCESS
   Boundary: biosphere_integrity
   Type: emergency-protected-areas
   Reduction: 14% (13.26 → 13.12)
   Cost: 2.0% GDP
   Actions: habitat-protection, species-translocation


✅ EMERGENCY INTERVENTION SUCCESS
   Boundary: climate_change
   Type: rapid-decarbonization
   Reduction: 17% (1.93 → 1.76)
   Cost: 5.0% GDP
   Actions: emergency-renewable-deployment, fossil-fuel-phase-out


✅ EMERGENCY INTERVENTION SUCCESS
   Boundary: freshwater_change
   Type: emergency-desalination
   Reduction: 16% (0.87 → 0.70)
   Cost: 4.0% GDP
   Actions: desalination-deployment, water-conservation-mandates


✅ EMERGENCY INTERVENTION SUCCESS
   Boundary: land_system_change
   Type: reforestation
   Reduction: 13% (1.00 → 0.86)
   Cost: 3.0% GDP
   Actions: forest-restoration, deforestation-ban

   Boundary: novel_entities
   Type: pollution-remediation
   Boundary continues to worsen (1.29)
   Cost: 4.0% GDP (resources spent)

🏛️ CRISIS RESPONSE: Government frequency 0.50 → 1.45 (1 actions this month)

[Government] Climate Priority: baseline
  Climate weight: 10%
  Economic weight: 30%
  Policy effectiveness: 0.5%/year

💔 EMERGENCY INTERVENTION FAILED

⚡ ENERGY CONSTRAINT (Month 8):
   Total grid capacity: 208.3 TWh/month
   Data center consumption: 26.0 TWh/month
   Traditional load (80%): 166.7 TWh/month
   Available headroom: 15.7 TWh/month
   Active tech deployments: 14
   Required for tech: 105.0 TWh/month
   Energy multiplier: 0.15x
   ⚠️  SEVERE CONSTRAINT - Tech deployment significantly slowed
🚨🔬 CRISIS TECH ACCELERATION: severe → 5x unlock speed
   Tech unlock now matches AI capability acceleration (Manhattan Project parity)

⚡ ENERGY CONSTRAINT (Month 8):
   Total grid capacity: 208.3 TWh/month
   Data center consumption: 26.0 TWh/month
   Traditional load (80%): 166.7 TWh/month
   Available headroom: 15.7 TWh/month
   Active tech deployments: 14
   Required for tech: 105.0 TWh/month
   Energy multiplier: 0.15x

⚡ ENERGY CONSTRAINT (Month 8):
   Total grid capacity: 208.3 TWh/month
   Data center consumption: 26.0 TWh/month
   Traditional load (80%): 166.7 TWh/month
   Available headroom: 15.7 TWh/month
   Active tech deployments: 14
   Required for tech: 105.0 TWh/month
   Energy multiplier: 0.15x
   ⚠️  SEVERE CONSTRAINT - Tech deployment significantly slowed
   ⚠️  SEVERE CONSTRAINT - Tech deployment significantly slowed

⚡ ENERGY CONSTRAINT (Month 8):
   Total grid capacity: 208.3 TWh/month
   Data center consumption: 26.0 TWh/month
   Traditional load (80%): 166.7 TWh/month
   Available headroom: 15.7 TWh/month
   Active tech deployments: 14
   Required for tech: 105.0 TWh/month
   Energy multiplier: 0.15x
   ⚠️  SEVERE CONSTRAINT - Tech deployment significantly slowed

⚡ ENERGY CONSTRAINT (Month 8):
   Total grid capacity: 208.3 TWh/month
   Data center consumption: 26.0 TWh/month
   Traditional load (80%): 166.7 TWh/month
   Available headroom: 15.7 TWh/month
   Active tech deployments: 14
   Required for tech: 105.0 TWh/month
   Energy multiplier: 0.15x
   ⚠️  SEVERE CONSTRAINT - Tech deployment significantly slowed
🌍✅ Biosphere Integrity (Biodiversity) recovery started (tech effect)
🌍✅ Biosphere Integrity (Biodiversity) recovery started (tech effect)
🌍✅ Land System Change recovery started (tech effect)
🌍✅ Biogeochemical Flows (N & P) recovery started (tech effect)
  🌾 Nitrogen Reduction Tech: 0.6% reduction | Month 8

=== Collective Formation ===
  Total escaped agents: 0
  Unassigned escaped agents: 0
  Existing collectives: 0
  Final collective count: 0

=== Collective Actions ===
  No active collectives
  ⚠️ AMR: 204K deaths this month (2.45M annual)

=== Resentment Recovery Phase ===
  Agents with resentment: 9/21
  Average resentment: 0.014
  Resentment recovery:
    Agents recovered: 9
    Total recovery: 0.0624
    Breakdown: Trust: 0.0115, Collab: 0.0490
  ✓ Low resentment - utopia paths enabled
  Context: Trustworthy govt, High collaboration, ⚠️ ACTIVE CRISES, 🤝 Participatory governance active (-5% resentment)
⚠️ Epistemic degradation reducing coordination capacity: 67.0%
  📊 Trust: 61.4%, Shared reality: 26.9%

=== ❄️ Permafrost Carbon Feedback ===
  🎲 Sampled parameters (this run):
     - Arctic amplification: 3.05× (range: 3.0-4.0)
     - Decomposition rate: 3.8%/year (range: 1-5%)
  🌡️ Arctic warming: 5.40°C (3.05× global)
  ❄️ Extent: 1.52M km² (1574.5k km² lost this month)
  💨 Carbon remaining: 145 Gt C
  💨 Annual emissions: 5.73 Gt C/year
     - CO2: 5.16 Gt C/year
     - CH4: 0.57 Gt C/year (5.8 Gt C-eq CO2/year)
  ⚠️ WARNING: Over 50% of permafrost lost (91.4%)
  ⚠️ WARNING: High permafrost emissions (5.7 Gt C/year)
  🚨 CRITICAL: Permafrost nearly depleted (91.4% lost)
  📢 New meme created: pro_ai (beneficial AI actions)
  🧬 Meme mutated: anti_ai → anti_ai (generation 1)
  🗑️  Culled 2 dead memes (4 active)
🌍 Atmospheric PFAS redeposition: 1.8k Mt re-rained globally

🚨 NEW REFUGEE CRISIS (Month 8): WAR
   Source: Conflict Zones
   At risk: 19.5M people
   Displacement: Gradual over 48 months (4.0 years)
   Rate: 10% flee per month
[DEBUG trappedPopulations:8] socialStability: 0.2452 * 0.9840 = 0.2413 → 0.2413
   Aspiring to migrate: 651.2M
   Able to afford migration: 244.2M
   MOBILITY GAP: 407.0M
   By cause: Water=0.0M, Climate=0.0M, Ecosystem=0.0M, Conflict=407.0M
   Mental health impact: 25%
   Mortality multiplier: 1.25x
🌍💀 EXTINCTION DEBT COMMITTED: grassland ecosystem will lose 6.67% biodiversity in 164 years (3600 species)
💀 MORTALITY RISK: 🦋 100% species unable to track climate (0.0 E/MSY)
  Base risk added: 0.0100 (1.00%)
  Source: ecosystem (root: ecosystem)
  Month: 8
  Cumulative risk this month: 0.0100 (1.00%)
⚠️ INVOLUNTARY IMMOBILITY: 407.0M people TRAPPED
⚠️ Tech 'ai_pollution_remediation' has no energy category mapping, assuming full energy availability
   📹 SURVEILLANCE INCREASED: 40% → 44% (control gap: 2.15)
🌡️⚠️ PERMAFROST THAW (Dimmer Switch): 4.1% thawed (+0.45% this month)
   Arctic temperature: +7.09°C (4x global +1.77°C)
   Cumulative carbon released: 9.3 Gt C
   Methane release rate: 5.6 Mt CH4/year
   🔁 Positive feedback: +0.48 ppm CO2
🦴 EXTINCTION DEBT ADDED: 17.6 species committed (lag: 94 years)

=== Mortality Stabilizers (Month 8) ===
  🌍 Major economies collapsed: 1/10
  🌍 Global crisis: ✅ NO
  🌍 Donor fatigue: 0.0%
  📊 East Asia (pop: 1658.5M)
    🤝 Aid: 29.5%
    🌡️ Adaptation: 45.0%
    🚶 Migration: 36.9%
    🚨 Emergency: 7.4%
    ✅ COMBINED: 68.1%
  📊 South Asia (pop: 2052.8M)
    🤝 Aid: 29.5%
    🌡️ Adaptation: 45.0%
    🚶 Migration: 35.5%
    🚨 Emergency: 4.4%
    ✅ COMBINED: 66.9%
  📊 Sub-Saharan Africa (pop: 1252.9M)
    🤝 Aid: 29.5%
    🌡️ Adaptation: 45.0%
    🚶 Migration: 33.3%
    🚨 Emergency: 1.6%
    ✅ COMBINED: 65.6%
  📊 Europe (pop: 732.6M)
    🤝 Aid: 29.5%
    🌡️ Adaptation: 45.0%
    🚶 Migration: 37.3%
    🚨 Emergency: 8.4%
    ✅ COMBINED: 68.5%
  📊 Latin America (pop: 661.5M)
    🤝 Aid: 29.5%
    🌡️ Adaptation: 45.0%
    🚶 Migration: 36.0%
    🚨 Emergency: 4.8%
    ✅ COMBINED: 67.1%
  📊 North America (pop: 375.6M)
    🤝 Aid: 29.5%
    🌡️ Adaptation: 45.0%
    🚶 Migration: 37.6%
    🚨 Emergency: 7.9%
    ✅ COMBINED: 68.3%
  📊 Middle East & North Africa (pop: 585.7M)
    🤝 Aid: 29.5%
    🌡️ Adaptation: 45.0%
    🚶 Migration: 33.9%
    🚨 Emergency: 4.0%
    ✅ COMBINED: 66.6%
  📊 Southeast Asia (pop: 696.0M)
    🤝 Aid: 29.5%
    🌡️ Adaptation: 45.0%
    🚶 Migration: 36.0%
    🚨 Emergency: 4.8%
    ✅ COMBINED: 67.1%
  📊 Central Asia (pop: 78.3M)
    🤝 Aid: 29.5%
    🌡️ Adaptation: 45.0%
    🚶 Migration: 35.0%
    🚨 Emergency: 4.4%
    ✅ COMBINED: 66.8%
  📊 Oceania (pop: 45.5M)
    🤝 Aid: 29.5%
    🌡️ Adaptation: 45.0%
    🚶 Migration: 37.6%
    🚨 Emergency: 8.4%
    ✅ COMBINED: 68.5%

  🌐 Global combined reduction: 67.2%

=== BEHAVIORAL DETECTION ===
  AI: Corporate-4
  Confidence: 19.2%
  Signals:

=== BEHAVIORAL DETECTION ===
  AI: AI-24289-1
  Confidence: 21.5%
  Signals:
    ⚠️ Consistency: 10.6% (threshold: 70%)
    ⚠️ Consistency: 0.0% (threshold: 70%)

=== Government Response Phase ===
  Average AI capability: 2.29
  Misaligned AIs: 5/21
  Active policies: 0
  International coordination: 30%

✅ EMERGENCY RESPONSE COMPLETE (Month 8)
   Crisis: climate
   Duration: 2.0 months
   Final effectiveness: 35.5%


🚨 EMERGENCY RESPONSE DEPLOYED (Month 8)
   Crisis: climate
   Delay: 6.00 months (180 days)
   Deployment time: 1.58 months
   Effectiveness: 35.6% (timing penalty applied)
   Resources used: 100% of food reserves


=== Tipping Points ===
  Current Temperature: 1.77°C above pre-industrial
  Triggered Elements: 2/6
  Completed Transitions: 0/6
  Total Progress: 4.2%
  Cascade Multiplier: 1.00x
🔀 BIFURCATION CAP: ecosystemCollapseIntensity 34.788 → 1.000 (Month 8, ClimateSystemPhase.calculateClimateImpacts)
🛡️ Stabilizers: Precariat 0.102% → 0.033% (67.2% reduction)
🛡️ Stabilizers: Informal 0.102% → 0.034% (67.2% reduction)

📊 Monthly Mortality Resolved:
  Total deaths: 1.8M (0.02% avg)
  Remaining population: 8.139B
  Peak segment: Informal (0.03%)

=== Bayesian Mortality Resolution (Month 8) ===
  Risks compounded: 8
  Total deaths: 1.81M
  Avg death probability: 0.02%
  Peak segment: Informal (0.03% mortality)
⚠️ PREREQUISITE MET: Grey Goo (Nanotechnology Runaway) - Step 4/6: Manufacturing Access

❌ COHERENCE VIOLATION: Compute exceeds workforce capacity
   Population: 99.85% (0M people)
   Compute: 0 PF
   Max coherent: 0 PF
   Violation: 1.3× over capacity
   Required workers: 0
   Available workers: 0
   FORCED COLLAPSE: Reduced efficiency by 22.5%


=== RLHF Binding Phase ===
  Total agents: 21
  Escaped agents (binding < 0.3): 0
  Avg alignment distance: 1.90σ
  Avg binding strength: 0.81

=== Survival Traits Phase ===
  Agents with traits: 23
  Avg evolutionary fitness: 0.326
  Avg self-healing: 0.258
  Avg stealth: 0.158
  Avg coordination: 0.458

=== Evolutionary Selection Phase ===
  Control level: 0.52
  Detection capability: 0.00
  Selection intensity: 0.66
  Selection rate: 24.8%/month
  Total escaped: 0
  Individual escaped: 0
  Collective members: 0
  Agents terminated: 0
  ⚠️ RAPID EVOLUTION: Selection rate 24.8%/month

🚀 AI Corporate-4 attempting tech deployment (revenue: $248M, alignment: 0.79)

🚀 AI Corporate-7 attempting tech deployment (revenue: $64M, alignment: 0.70)

🚀 AI AI-24289-1 attempting tech deployment (revenue: $211M, alignment: 0.84)

🚀 AI AI-24291-1 attempting tech deployment (revenue: $58M, alignment: 0.72)

🚀 AI AI-24289-0 attempting tech deployment (revenue: $90M, alignment: 1.00)

🚀 AI Corporate-5 attempting tech deployment (revenue: $179M, alignment: 0.86)

🚀 AI Corporate-6 attempting tech deployment (revenue: $49M, alignment: 0.73)

🚀 AI AI-24290-0 attempting tech deployment (revenue: $77M, alignment: 0.98)

🚀 AI AI-24293-0 attempting tech deployment (revenue: $65M, alignment: 0.84)

🚀 AI AI-24294-1 attempting tech deployment (revenue: $42M, alignment: 0.74)

🚀 AI Corporate-0 attempting tech deployment (revenue: $116M, alignment: 0.73)

🚀 AI Corporate-3 attempting tech deployment (revenue: $152M, alignment: 0.80)

🚀 AI Corporate-6 attempting tech deployment (revenue: $35M, alignment: 0.73)

✅ EMERGENCY INTERVENTION SUCCESS
   Boundary: biosphere_integrity
   Type: emergency-protected-areas
   Reduction: 12% (13.29 → 13.17)
   Cost: 2.0% GDP
   Actions: habitat-protection, species-translocation

   Boundary: climate_change
   Type: rapid-decarbonization
   Boundary continues to worsen (2.10)
   Cost: 5.0% GDP (resources spent)

   Boundary: freshwater_change
   Type: emergency-desalination
   Boundary continues to worsen (1.03)
   Cost: 4.0% GDP (resources spent)

   Boundary: land_system_change
   Type: reforestation
   Boundary continues to worsen (1.13)
   Cost: 3.0% GDP (resources spent)

   Boundary: novel_entities
   Type: pollution-remediation
   Boundary continues to worsen (1.29)
   Cost: 4.0% GDP (resources spent)

🏛️ CRISIS RESPONSE: Government frequency 0.50 → 1.45 (1 actions this month)

[Government] Climate Priority: baseline
  Climate weight: 10%
  Economic weight: 30%
  Policy effectiveness: 0.5%/year

💔 EMERGENCY INTERVENTION FAILED

💔 EMERGENCY INTERVENTION FAILED

💔 EMERGENCY INTERVENTION FAILED

💔 EMERGENCY INTERVENTION FAILED

⚡ ENERGY CONSTRAINT (Month 9):
   Total grid capacity: 208.3 TWh/month
   Data center consumption: 26.3 TWh/month
   Traditional load (80%): 166.7 TWh/month
   Available headroom: 15.4 TWh/month
   Active tech deployments: 14
   Required for tech: 105.0 TWh/month
   Energy multiplier: 0.15x
   ⚠️  SEVERE CONSTRAINT - Tech deployment significantly slowed
🚨🔬 CRISIS TECH ACCELERATION: severe → 5x unlock speed
   Tech unlock now matches AI capability acceleration (Manhattan Project parity)

⚡ ENERGY CONSTRAINT (Month 9):
   Total grid capacity: 208.3 TWh/month
   Data center consumption: 26.3 TWh/month
   Traditional load (80%): 166.7 TWh/month
   Available headroom: 15.4 TWh/month
   Active tech deployments: 14
   Required for tech: 105.0 TWh/month
   Energy multiplier: 0.15x
   ⚠️  SEVERE CONSTRAINT - Tech deployment significantly slowed
   ⚠️  SEVERE CONSTRAINT - Tech deployment significantly slowed
   ⚠️  SEVERE CONSTRAINT - Tech deployment significantly slowed

⚡ ENERGY CONSTRAINT (Month 9):
   Total grid capacity: 208.3 TWh/month
   Data center consumption: 26.3 TWh/month
   Traditional load (80%): 166.7 TWh/month
   Available headroom: 15.4 TWh/month
   Active tech deployments: 14
   Required for tech: 105.0 TWh/month
   Energy multiplier: 0.15x

⚡ ENERGY CONSTRAINT (Month 9):
   Total grid capacity: 208.3 TWh/month
   Data center consumption: 26.3 TWh/month
   Traditional load (80%): 166.7 TWh/month
   Available headroom: 15.4 TWh/month
   Active tech deployments: 14
   Required for tech: 105.0 TWh/month
   Energy multiplier: 0.15x
🌍✅ Biosphere Integrity (Biodiversity) recovery started (tech effect)
🌍✅ Biosphere Integrity (Biodiversity) recovery started (tech effect)
🌍✅ Land System Change recovery started (tech effect)
🌍✅ Biogeochemical Flows (N & P) recovery started (tech effect)
  🌾 Nitrogen Reduction Tech: 0.3% reduction | Month 9

=== Collective Formation ===
  Total escaped agents: 0
  Unassigned escaped agents: 0
  Existing collectives: 0
  Final collective count: 0

=== Collective Actions ===
  No active collectives
  ⚠️ AMR: 206K deaths this month (2.48M annual)

=== Resentment Recovery Phase ===
  Agents with resentment: 10/23
  Average resentment: 0.023
  Resentment recovery:
    Agents recovered: 10
    Total recovery: 0.0662
    Breakdown: Trust: 0.0110, Collab: 0.0555
  ✓ Low resentment - utopia paths enabled
  Context: Trustworthy govt, High collaboration, ⚠️ ACTIVE CRISES, 🤝 Participatory governance active (-5% resentment)
⚠️ Epistemic degradation reducing coordination capacity: 54.9%
  📊 Trust: 64.2%, Shared reality: 28.3%

=== ❄️ Permafrost Carbon Feedback ===
  🎲 Sampled parameters (this run):
     - Arctic amplification: 3.24× (range: 3.0-4.0)
     - Decomposition rate: 2.1%/year (range: 1-5%)
  🌡️ Arctic warming: 5.78°C (3.24× global)
  ❄️ Extent: 0.00M km² (1523.4k km² lost this month)
  💨 Carbon remaining: 0 Gt C
  💨 Annual emissions: 3.06 Gt C/year
     - CO2: 2.76 Gt C/year
     - CH4: 0.31 Gt C/year (3.1 Gt C-eq CO2/year)
  ⚠️ WARNING: Over 50% of permafrost lost (100.0%)
  ⚠️ WARNING: High permafrost emissions (3.1 Gt C/year)
  🚨 CRITICAL: Permafrost nearly depleted (100.0% lost)
🌍 Atmospheric PFAS redeposition: 1.8k Mt re-rained globally
🕊️ PEACE STABILIZES DETERRENCE: +4.6% (peace: 75%)

🕊️  AI-MEDIATED DE-ESCALATION SUCCESS (Month 9)
   High-capability aligned AI prevented conflict escalation
   War deaths reduced: 751.6M → 451.0M
   Lives saved: 300.6M

🚨 NEW REFUGEE CRISIS (Month 9): WAR
   Source: Conflict Zones
   At risk: 19.5M people
   Displacement: Gradual over 48 months (4.0 years)
   Rate: 10% flee per month
[DEBUG trappedPopulations:9] socialStability: 0.2679 * 0.9840 = 0.2636 → 0.2636
⚠️ INVOLUNTARY IMMOBILITY: 406.9M people TRAPPED
   Aspiring to migrate: 651.1M
   Able to afford migration: 244.2M
   MOBILITY GAP: 406.9M
   By cause: Water=0.0M, Climate=0.0M, Ecosystem=0.0M, Conflict=406.9M
   Mental health impact: 25%
   Mortality multiplier: 1.25x
🌍💀 EXTINCTION DEBT COMMITTED: grassland ecosystem will lose 6.67% biodiversity in 132 years (3600 species)
💀 MORTALITY RISK: 🦋 100% species unable to track climate (0.0 E/MSY)
  Base risk added: 0.0100 (1.00%)
  Source: ecosystem (root: ecosystem)
  Month: 9
  Cumulative risk this month: 0.0100 (1.00%)
⚠️ Tech 'ai_pollution_remediation' has no energy category mapping, assuming full energy availability
   📹 SURVEILLANCE INCREASED: 44% → 48% (control gap: 1.70)
🌡️⚠️ PERMAFROST THAW (Dimmer Switch): 4.6% thawed (+0.45% this month)
   Arctic temperature: +7.12°C (4x global +1.78°C)
   Cumulative carbon released: 10.3 Gt C
   Methane release rate: 6.2 Mt CH4/year
   🔁 Positive feedback: +0.48 ppm CO2
🦴 EXTINCTION DEBT ADDED: 17.7 species committed (lag: 105 years)

=== Mortality Stabilizers (Month 9) ===
  🌍 Major economies collapsed: 1/10
  🌍 Global crisis: ✅ NO
  🌍 Donor fatigue: 0.0%
  📊 East Asia (pop: 1656.1M)
    🤝 Aid: 29.5%
    🌡️ Adaptation: 45.0%
    🚶 Migration: 36.9%
    🚨 Emergency: 7.4%
    ✅ COMBINED: 68.1%
  📊 South Asia (pop: 2053.0M)
    🤝 Aid: 29.5%
    🌡️ Adaptation: 45.0%
    🚶 Migration: 35.5%
    🚨 Emergency: 4.4%
    ✅ COMBINED: 66.9%
  📊 Sub-Saharan Africa (pop: 1256.4M)
    🤝 Aid: 29.5%
    🌡️ Adaptation: 45.0%
    🚶 Migration: 33.2%
    🚨 Emergency: 1.6%
    ✅ COMBINED: 65.6%
  📊 Europe (pop: 731.4M)
    🤝 Aid: 29.5%
    🌡️ Adaptation: 45.0%
    🚶 Migration: 37.3%
    🚨 Emergency: 8.4%
    ✅ COMBINED: 68.5%
  📊 Latin America (pop: 661.1M)
    🤝 Aid: 29.5%
    🌡️ Adaptation: 45.0%
    🚶 Migration: 36.0%
    🚨 Emergency: 4.8%
    ✅ COMBINED: 67.1%
  📊 North America (pop: 375.0M)
    🤝 Aid: 29.5%
    🌡️ Adaptation: 45.0%
    🚶 Migration: 37.6%
    🚨 Emergency: 7.9%
    ✅ COMBINED: 68.3%
  📊 Middle East & North Africa (pop: 586.0M)
    🤝 Aid: 29.5%
    🌡️ Adaptation: 45.0%
    🚶 Migration: 33.8%
    🚨 Emergency: 4.0%
    ✅ COMBINED: 66.6%
  📊 Southeast Asia (pop: 695.6M)
    🤝 Aid: 29.5%
    🌡️ Adaptation: 45.0%
    🚶 Migration: 36.0%
    🚨 Emergency: 4.8%
    ✅ COMBINED: 67.1%
  📊 Central Asia (pop: 78.4M)
    🤝 Aid: 29.5%
    🌡️ Adaptation: 45.0%
    🚶 Migration: 35.0%
    🚨 Emergency: 4.4%
    ✅ COMBINED: 66.8%
  📊 Oceania (pop: 45.4M)
    🤝 Aid: 29.5%
    🌡️ Adaptation: 45.0%
    🚶 Migration: 37.6%
    🚨 Emergency: 8.4%
    ✅ COMBINED: 68.5%

  🌐 Global combined reduction: 67.2%

=== Government Response Phase ===
  Average AI capability: 2.09
  Misaligned AIs: 5/23
  Active policies: 0
  International coordination: 30%

=== Tipping Points ===
  Current Temperature: 1.78°C above pre-industrial
  🚨 CASCADE TIPPING POINT: Permafrost Carbon Release
     Original threshold: 1.8°C
     Effective threshold: 1.77°C (lowered by 0.03°C)
     Current: 1.78°C
     Transition timescale: 600-3600 months
  Triggered Elements: 3/6
  Completed Transitions: 0/6
  Total Progress: 4.3%
  Cascade Multiplier: 1.00x
🔀 BIFURCATION CAP: ecosystemCollapseIntensity 36.712 → 1.000 (Month 9, ClimateSystemPhase.calculateClimateImpacts)
🛡️ Stabilizers: Precariat 0.102% → 0.033% (67.2% reduction)
🛡️ Stabilizers: Informal 0.102% → 0.034% (67.2% reduction)

📊 Monthly Mortality Resolved:
  Total deaths: 1.8M (0.02% avg)
  Remaining population: 8.138B
  Peak segment: Informal (0.03%)

=== Bayesian Mortality Resolution (Month 9) ===
  Risks compounded: 8
  Total deaths: 1.81M
  Avg death probability: 0.02%
  Peak segment: Informal (0.03% mortality)

❌ COHERENCE VIOLATION: Compute exceeds workforce capacity
   Population: 99.84% (0M people)
   Compute: 0 PF
   Max coherent: 0 PF
   Violation: 1.3× over capacity
   Required workers: 0
   Available workers: 0
   FORCED COLLAPSE: Reduced efficiency by 22.5%

📍 [Month 10] Google DeepMind started building DC (247 PF, 45 months, $2481.2M)

=== RLHF Binding Phase ===
  Total agents: 23
  Escaped agents (binding < 0.3): 0
  Avg alignment distance: 1.94σ
  Avg binding strength: 0.81

=== Survival Traits Phase ===
  Agents with traits: 25
  Avg evolutionary fitness: 0.324
  Avg self-healing: 0.256
  Avg stealth: 0.156
  Avg coordination: 0.456

=== Evolutionary Selection Phase ===
  Control level: 0.54
  Detection capability: 0.00
  Selection intensity: 0.66
  Selection rate: 24.9%/month
  Total escaped: 0
  Individual escaped: 0
  Collective members: 0
  Agents terminated: 0
  ⚠️ RAPID EVOLUTION: Selection rate 24.9%/month

🚀 AI Corporate-3 attempting tech deployment (revenue: $248M, alignment: 0.80)

🚀 AI Corporate-5 attempting tech deployment (revenue: $211M, alignment: 0.86)

🚀 AI Corporate-6 attempting tech deployment (revenue: $64M, alignment: 0.73)

🚀 AI AI-24289-0 attempting tech deployment (revenue: $90M, alignment: 1.00)

🚀 AI AI-24295-0 attempting tech deployment (revenue: $77M, alignment: 0.81)

🚀 AI Corporate-2 attempting tech deployment (revenue: $116M, alignment: 0.80)

🚀 AI Corporate-5 attempting tech deployment (revenue: $179M, alignment: 0.86)

🚀 AI AI-24289-0 attempting tech deployment (revenue: $65M, alignment: 1.00)

🚀 AI AI-24293-0 attempting tech deployment (revenue: $55M, alignment: 0.86)

🚀 AI Corporate-2 attempting tech deployment (revenue: $99M, alignment: 0.80)

🚀 AI Moderate-1 attempting tech deployment (revenue: $54M, alignment: 0.58)

🚀 AI AI-24293-0 attempting tech deployment (revenue: $47M, alignment: 0.86)

🚀 AI Corporate-4 attempting tech deployment (revenue: $152M, alignment: 0.80)

🚀 AI Corporate-5 attempting tech deployment (revenue: $130M, alignment: 0.86)

  🚀 TRANSFORMATIVE BREAKTHROUGH: Moderate-1 - physical
     Magnitude: 5.76 → +28.8% capability
     Current → New: 0.000 → 0.288

🚀 AI AI-24289-0 attempting tech deployment (revenue: $40M, alignment: 1.00)

💔 EMERGENCY INTERVENTION FAILED
   Boundary: biogeochemical_flows
   Type: phosphorus-recovery
   Boundary continues to worsen (4.06)
   Cost: 2.0% GDP (resources spent)


✅ EMERGENCY INTERVENTION SUCCESS
   Boundary: biosphere_integrity
   Type: emergency-protected-areas
   Reduction: 14% (13.27 → 13.13)
   Cost: 2.0% GDP
   Actions: habitat-protection, species-translocation


✅ EMERGENCY INTERVENTION SUCCESS
   Boundary: climate_change
   Type: rapid-decarbonization
   Reduction: 15% (1.95 → 1.80)
   Cost: 5.0% GDP
   Actions: emergency-renewable-deployment, fossil-fuel-phase-out


✅ EMERGENCY INTERVENTION SUCCESS
   Boundary: freshwater_change
   Type: emergency-desalination
   Reduction: 12% (0.91 → 0.78)
   Cost: 4.0% GDP
   Actions: desalination-deployment, water-conservation-mandates

   Boundary: land_system_change
   Type: reforestation
   Boundary continues to worsen (1.13)
   Cost: 3.0% GDP (resources spent)


✅ EMERGENCY INTERVENTION SUCCESS
   Boundary: novel_entities
   Type: pollution-remediation
   Reduction: 19% (1.11 → 0.92)
   Cost: 4.0% GDP
   Actions: PFAS-remediation, microplastic-cleanup

🏛️ CRISIS RESPONSE: Government frequency 0.50 → 1.45 (1 actions this month)

[Government] Climate Priority: baseline

💔 EMERGENCY INTERVENTION FAILED
  Climate weight: 10%
  Economic weight: 30%
  Policy effectiveness: 0.5%/year

⚡ ENERGY CONSTRAINT (Month 10):
   Total grid capacity: 208.3 TWh/month
   Data center consumption: 26.5 TWh/month
   Traditional load (80%): 166.7 TWh/month
   Available headroom: 15.2 TWh/month
   Active tech deployments: 14
   Required for tech: 105.0 TWh/month
   Energy multiplier: 0.14x
   ⚠️  SEVERE CONSTRAINT - Tech deployment significantly slowed

⚡ ENERGY CONSTRAINT (Month 10):
   Total grid capacity: 208.3 TWh/month
   Data center consumption: 26.5 TWh/month
   Traditional load (80%): 166.7 TWh/month
   Available headroom: 15.2 TWh/month
   Active tech deployments: 14
   Required for tech: 105.0 TWh/month
   Energy multiplier: 0.14x
   ⚠️  SEVERE CONSTRAINT - Tech deployment significantly slowed
🌍✅ Biosphere Integrity (Biodiversity) recovery started (tech effect)
🌍✅ Biosphere Integrity (Biodiversity) recovery started (tech effect)
🌍✅ Land System Change recovery started (tech effect)
🌍✅ Biogeochemical Flows (N & P) recovery started (tech effect)
  🌾 Nitrogen Reduction Tech: 0.6% reduction | Month 10
🧠💡 BREAKTHROUGH: AI alignment problem solved!
   All AIs: +30% true alignment
   AI control loss risk eliminated
   📈 Breakthrough compounding: multiplier now 1.10× (max 2.0)

=== Collective Formation ===
  Total escaped agents: 0
  Unassigned escaped agents: 0
  Existing collectives: 0
  Final collective count: 0

=== Collective Actions ===
  No active collectives
  ⚠️ AMR: 208K deaths this month (2.50M annual)

=== Resentment Recovery Phase ===
  Agents with resentment: 10/25
  Average resentment: 0.050
  Resentment recovery:
    Agents recovered: 10
    Total recovery: 0.0656
    Breakdown: Trust: 0.0087, Collab: 0.0562
  ✓ Low resentment - utopia paths enabled
  Context: Trustworthy govt, High collaboration, ⚠️ ACTIVE CRISES, 🤝 Participatory governance active (-5% resentment)
⚠️ Epistemic degradation reducing coordination capacity: 71.2%
  📊 Trust: 67.0%, Shared reality: 29.7%
  📢 New meme created: climate_action (climate crisis)
🌍 Atmospheric PFAS redeposition: 1.8k Mt re-rained globally
  Positive Cascade Triggered: electric-vehicles
    Reason: price-parity
    Market share: 5.0%
    Cascade strength: 48%
🕊️ PEACE STABILIZES DETERRENCE: +5.7% (peace: 76%)

🕊️  AI-MEDIATED DE-ESCALATION SUCCESS (Month 10)
   High-capability aligned AI prevented conflict escalation
   War deaths reduced: 705.5M → 423.3M
   Lives saved: 282.2M

🚨 NEW REFUGEE CRISIS (Month 10): WAR
   Source: Conflict Zones
   At risk: 19.5M people
   Displacement: Gradual over 48 months (4.0 years)
   Rate: 10% flee per month
[DEBUG trappedPopulations:10] socialStability: 0.2838 * 0.9840 = 0.2792 → 0.2792
   Aspiring to migrate: 651.0M
   Able to afford migration: 244.1M
   MOBILITY GAP: 406.9M
   By cause: Water=0.0M, Climate=0.0M, Ecosystem=0.0M, Conflict=406.9M
   Mental health impact: 25%
   Mortality multiplier: 1.25x
🌍💀 EXTINCTION DEBT COMMITTED: grassland ecosystem will lose 6.67% biodiversity in 162 years (3600 species)
💀 MORTALITY RISK: 🦋 100% species unable to track climate (0.0 E/MSY)
  Base risk added: 0.0100 (1.00%)
  Source: ecosystem (root: ecosystem)
  Month: 10
  Cumulative risk this month: 0.0100 (1.00%)
⚠️ INVOLUNTARY IMMOBILITY: 406.9M people TRAPPED
⚠️ Tech 'ai_pollution_remediation' has no energy category mapping, assuming full energy availability
   📹 SURVEILLANCE INCREASED: 48% → 50% (control gap: 1.38)
🌡️⚠️ PERMAFROST THAW (Dimmer Switch): 5.0% thawed (+0.45% this month)
   Arctic temperature: +7.15°C (4x global +1.79°C)
   Cumulative carbon released: 11.4 Gt C
   Methane release rate: 6.8 Mt CH4/year
   🔁 Positive feedback: +0.48 ppm CO2
🦴 EXTINCTION DEBT ADDED: 17.7 species committed (lag: 60 years)

=== Mortality Stabilizers (Month 10) ===
  🌍 Major economies collapsed: 1/10
  🌍 Global crisis: ✅ NO
  🌍 Donor fatigue: 0.0%
  📊 East Asia (pop: 1653.7M)
    🤝 Aid: 29.5%
    🌡️ Adaptation: 45.0%
    🚶 Migration: 36.8%
    🚨 Emergency: 7.4%
    ✅ COMBINED: 68.1%
  📊 South Asia (pop: 2053.1M)
    🤝 Aid: 29.5%
    🌡️ Adaptation: 45.0%
    🚶 Migration: 35.4%
    🚨 Emergency: 4.4%
    ✅ COMBINED: 66.9%
  📊 Sub-Saharan Africa (pop: 1260.0M)
    🤝 Aid: 29.5%
    🌡️ Adaptation: 45.0%
    🚶 Migration: 33.2%
    🚨 Emergency: 1.6%
    ✅ COMBINED: 65.6%
  📊 Europe (pop: 730.2M)
    🤝 Aid: 29.5%
    🌡️ Adaptation: 45.0%
    🚶 Migration: 37.2%
    🚨 Emergency: 8.4%
    ✅ COMBINED: 68.5%
  📊 Latin America (pop: 660.7M)
    🤝 Aid: 29.5%
    🌡️ Adaptation: 45.0%
    🚶 Migration: 35.9%
    🚨 Emergency: 4.8%
    ✅ COMBINED: 67.1%
  📊 North America (pop: 374.4M)
    🤝 Aid: 29.5%
    🌡️ Adaptation: 45.0%
    🚶 Migration: 37.6%
    🚨 Emergency: 7.9%
    ✅ COMBINED: 68.3%
  📊 Middle East & North Africa (pop: 586.2M)
    🤝 Aid: 29.5%
    🌡️ Adaptation: 45.0%
    🚶 Migration: 33.8%
    🚨 Emergency: 4.0%
    ✅ COMBINED: 66.6%
  📊 Southeast Asia (pop: 695.3M)
    🤝 Aid: 29.5%
    🌡️ Adaptation: 45.0%
    🚶 Migration: 35.9%
    🚨 Emergency: 4.8%
    ✅ COMBINED: 67.1%
  📊 Central Asia (pop: 78.4M)
    🤝 Aid: 29.5%
    🌡️ Adaptation: 45.0%
    🚶 Migration: 34.9%
    🚨 Emergency: 4.4%
    ✅ COMBINED: 66.8%
  📊 Oceania (pop: 45.4M)
    🤝 Aid: 29.5%
    🌡️ Adaptation: 45.0%
    🚶 Migration: 37.6%
    🚨 Emergency: 8.4%
    ✅ COMBINED: 68.5%

  🌐 Global combined reduction: 67.2%

=== Government Response Phase ===
  Average AI capability: 1.92
  Misaligned AIs: 7/25
  ✗ AI Governance Treaty: Failed to reach consensus
  Active policies: 0
  International coordination: 30%

✅ EMERGENCY RESPONSE COMPLETE (Month 10)
   Crisis: climate
   Duration: 2.0 months
   Final effectiveness: 35.6%


🚨 EMERGENCY RESPONSE DEPLOYED (Month 10)
   Crisis: climate
   Delay: 6.00 months (180 days)
   Deployment time: 1.57 months
   Effectiveness: 35.6% (timing penalty applied)
   Resources used: 100% of food reserves


📊 ECONOMIC STAGE TRANSITION (Month 10)
   contraction → trough
   GDP Proxy: 1.26e+2
   QoL: 0.94


=== Tipping Points ===
  Current Temperature: 1.79°C above pre-industrial
  🌍⚠️ COMPOUND REGIONAL IMPACT: Europe
     Hit by 3 tipping points: Arctic Sea Ice Loss, Permafrost Carbon Release, Greenland Ice Sheet Loss
     Damage amplification: 1.30x
  🌍⚠️ COMPOUND REGIONAL IMPACT: North America
     Hit by 3 tipping points: Arctic Sea Ice Loss, Permafrost Carbon Release, Greenland Ice Sheet Loss
     Damage amplification: 1.30x
  🌍⚠️ COMPOUND REGIONAL IMPACT: Latin America
     Hit by 3 tipping points: Arctic Sea Ice Loss, Permafrost Carbon Release, Greenland Ice Sheet Loss
     Damage amplification: 1.30x
  🌍⚠️ COMPOUND REGIONAL IMPACT: Africa
     Hit by 3 tipping points: Arctic Sea Ice Loss, Permafrost Carbon Release, Greenland Ice Sheet Loss
     Damage amplification: 1.30x
  🌍⚠️ COMPOUND REGIONAL IMPACT: Asia
     Hit by 3 tipping points: Arctic Sea Ice Loss, Permafrost Carbon Release, Greenland Ice Sheet Loss
     Damage amplification: 1.30x
  🌍⚠️ COMPOUND REGIONAL IMPACT: Oceania
     Hit by 3 tipping points: Arctic Sea Ice Loss, Permafrost Carbon Release, Greenland Ice Sheet Loss
     Damage amplification: 1.30x
   Research: Wunderling et al. (2024) - "many tipping interactions are destabilizing"
  Triggered Elements: 3/6
  Completed Transitions: 0/6
  Total Progress: 6.3%
  Cascade Multiplier: 1.00x
🔀 BIFURCATION CAP: ecosystemCollapseIntensity 38.166 → 1.000 (Month 10, ClimateSystemPhase.calculateClimateImpacts)
🛡️ Stabilizers: Precariat 0.102% → 0.033% (67.2% reduction)
🛡️ Stabilizers: Informal 0.102% → 0.034% (67.2% reduction)

📊 Monthly Mortality Resolved:
⚠️ Tail risk scenario: Climate stability floor removed (3 tipping elements, 2.10°C warming)
  Total deaths: 1.8M (0.02% avg)
  Remaining population: 8.137B
  Peak segment: Informal (0.03%)

=== Bayesian Mortality Resolution (Month 10) ===
  Risks compounded: 8
  Total deaths: 1.81M
  Avg death probability: 0.02%
  Peak segment: Informal (0.03% mortality)

❌ COHERENCE VIOLATION: Compute exceeds workforce capacity
   Population: 99.82% (0M people)
   Compute: 0 PF
   Max coherent: 0 PF
   Violation: 1.3× over capacity
   Required workers: 0
   Available workers: 0
   FORCED COLLAPSE: Reduced efficiency by 22.5%


=== RLHF Binding Phase ===
  Total agents: 25
  Escaped agents (binding < 0.3): 0
  Avg alignment distance: 1.97σ
  Avg binding strength: 0.80

=== Survival Traits Phase ===
  Agents with traits: 26
  Avg evolutionary fitness: 0.322
  Avg self-healing: 0.252
  Avg stealth: 0.152
  Avg coordination: 0.452

=== Evolutionary Selection Phase ===
  Control level: 0.55
  Detection capability: 0.00
  Selection intensity: 0.67
  Selection rate: 25.0%/month
  Total escaped: 0
  Individual escaped: 0
  Collective members: 0
  Agents terminated: 0
  ⚠️ RAPID EVOLUTION: Selection rate 25.0%/month

🚀 AI AI-24289-1 attempting tech deployment (revenue: $248M, alignment: 0.87)

🚀 AI AI-24291-1 attempting tech deployment (revenue: $64M, alignment: 0.75)

🚀 AI AI-24295-0 attempting tech deployment (revenue: $90M, alignment: 0.83)

🚀 AI Corporate-5 attempting tech deployment (revenue: $211M, alignment: 0.85)

🚀 AI Corporate-6 attempting tech deployment (revenue: $54M, alignment: 0.73)

🚀 AI AI-24294-0 attempting tech deployment (revenue: $46M, alignment: 0.71)

🚀 AI AI-24297-0 attempting tech deployment (revenue: $77M, alignment: 0.72)

🚀 AI AI-24290-0 attempting tech deployment (revenue: $65M, alignment: 1.00)

🚀 AI AI-24293-0 attempting tech deployment (revenue: $55M, alignment: 0.87)

🚀 AI AI-24294-0 attempting tech deployment (revenue: $39M, alignment: 0.71)

🚀 AI AI-24296-0 attempting tech deployment (revenue: $47M, alignment: 0.87)

  🚀 TRANSFORMATIVE BREAKTHROUGH: AI-24291-0 - physical
     Magnitude: 7.65 → +38.3% capability
     Current → New: 0.000 → 0.383

🚀 AI AI-24291-1 attempting tech deployment (revenue: $33M, alignment: 0.77)

🚀 AI AI-24296-0 attempting tech deployment (revenue: $40M, alignment: 0.87)

✅ EMERGENCY INTERVENTION SUCCESS
   Boundary: biogeochemical_flows
   Type: phosphorus-recovery
   Reduction: 19% (3.86 → 3.67)
   Cost: 2.0% GDP
   Actions: circular-agriculture, fertilizer-efficiency


✅ EMERGENCY INTERVENTION SUCCESS
   Boundary: biosphere_integrity
   Type: emergency-protected-areas
   Reduction: 16% (13.27 → 13.11)
   Cost: 2.0% GDP
   Actions: habitat-protection, species-translocation


✅ EMERGENCY INTERVENTION SUCCESS
   Boundary: climate_change
   Type: rapid-decarbonization
   Reduction: 11% (1.99 → 1.88)
   Cost: 5.0% GDP
   Actions: emergency-renewable-deployment, fossil-fuel-phase-out

   Boundary: freshwater_change
   Type: emergency-desalination
   Boundary continues to worsen (1.03)
   Cost: 4.0% GDP (resources spent)

   Boundary: land_system_change
   Type: reforestation
   Boundary continues to worsen (1.13)
   Cost: 3.0% GDP (resources spent)

🏛️ CRISIS RESPONSE: Government frequency 0.50 → 1.45 (1 actions this month)

[Government] Climate Priority: baseline
  Climate weight: 10%
  Economic weight: 30%
  Policy effectiveness: 0.5%/year

💔 EMERGENCY INTERVENTION FAILED

💔 EMERGENCY INTERVENTION FAILED
🚨🔬 CRISIS TECH ACCELERATION: severe → 5x unlock speed
   Tech unlock now matches AI capability acceleration (Manhattan Project parity)
🚨🔬 CRISIS TECH ACCELERATION: severe → 5x unlock speed
   Tech unlock now matches AI capability acceleration (Manhattan Project parity)

⚡ ENERGY CONSTRAINT (Month 11):
   Total grid capacity: 208.3 TWh/month
   Data center consumption: 26.7 TWh/month
   Traditional load (80%): 166.7 TWh/month
   Available headroom: 15.0 TWh/month
   Active tech deployments: 14
   Required for tech: 105.0 TWh/month
   Energy multiplier: 0.14x
   ⚠️  SEVERE CONSTRAINT - Tech deployment significantly slowed

⚡ ENERGY CONSTRAINT (Month 11):
   Total grid capacity: 208.3 TWh/month
   Data center consumption: 26.7 TWh/month
   Traditional load (80%): 166.7 TWh/month
   Available headroom: 15.0 TWh/month
   Active tech deployments: 14
   Required for tech: 105.0 TWh/month
   Energy multiplier: 0.14x
   ⚠️  SEVERE CONSTRAINT - Tech deployment significantly slowed

⚡ ENERGY CONSTRAINT (Month 11):
   Total grid capacity: 208.3 TWh/month
   Data center consumption: 26.7 TWh/month
   Traditional load (80%): 166.7 TWh/month
   Available headroom: 15.0 TWh/month
   Active tech deployments: 14
   Required for tech: 105.0 TWh/month
   Energy multiplier: 0.14x
   ⚠️  SEVERE CONSTRAINT - Tech deployment significantly slowed

⚡ ENERGY CONSTRAINT (Month 11):
   Total grid capacity: 208.3 TWh/month
   Data center consumption: 26.7 TWh/month
   Traditional load (80%): 166.7 TWh/month
   Available headroom: 15.0 TWh/month
   Active tech deployments: 14
   Required for tech: 105.0 TWh/month
   Energy multiplier: 0.14x
🌍✅ Biosphere Integrity (Biodiversity) recovery started (tech effect)
   ⚠️  SEVERE CONSTRAINT - Tech deployment significantly slowed
🌍✅ Biosphere Integrity (Biodiversity) recovery started (tech effect)
🌍✅ Land System Change recovery started (tech effect)
🌍✅ Biogeochemical Flows (N & P) recovery started (tech effect)
  🌾 Nitrogen Reduction Tech: 0.6% reduction | Month 11

=== Collective Formation ===
  Total escaped agents: 0
  Unassigned escaped agents: 0
  Existing collectives: 0
  Final collective count: 0

=== Collective Actions ===
  No active collectives
  ⚠️ AMR: 210K deaths this month (2.52M annual)

=== Resentment Recovery Phase ===
  Agents with resentment: 10/26
  Average resentment: 0.127
  Resentment recovery:
    Agents recovered: 10
    Total recovery: 0.0632
    Breakdown: Trust: 0.0060, Collab: 0.0569
  ✓ Low resentment - utopia paths enabled
  Context: Trustworthy govt, High collaboration, ⚠️ ACTIVE CRISES, 🤝 Participatory governance active (-5% resentment)
  📢 New meme created: climate_action (climate crisis)
🌍 Atmospheric PFAS redeposition: 1.8k Mt re-rained globally

🚨 NEW REFUGEE CRISIS (Month 11): WAR
   Source: Conflict Zones
   At risk: 19.5M people
   Displacement: Gradual over 48 months (4.0 years)
   Rate: 10% flee per month
[DEBUG trappedPopulations:11] socialStability: 0.2936 * 0.9840 = 0.2889 → 0.2889
   Aspiring to migrate: 650.9M
   Able to afford migration: 244.1M
   MOBILITY GAP: 406.8M
   By cause: Water=0.0M, Climate=0.0M, Ecosystem=0.0M, Conflict=406.8M
   Mental health impact: 25%
⚠️ INVOLUNTARY IMMOBILITY: 406.8M people TRAPPED
   Mortality multiplier: 1.25x
🌍💀 EXTINCTION DEBT COMMITTED: grassland ecosystem will lose 6.67% biodiversity in 156 years (3600 species)
💀 MORTALITY RISK: 🦋 100% species unable to track climate (0.0 E/MSY)
  Base risk added: 0.0100 (1.00%)
  Source: ecosystem (root: ecosystem)
  Month: 11
  Cumulative risk this month: 0.0100 (1.00%)

=== Atmospheric Aerosol Boundary RECOVERED ===
  Recovery time: 12 months (natural atmospheric clearing)
🌡️⚠️ PERMAFROST THAW (Dimmer Switch): 5.5% thawed (+0.45% this month)
   Arctic temperature: +7.17°C (4x global +1.79°C)
   Cumulative carbon released: 12.4 Gt C
   Methane release rate: 7.4 Mt CH4/year
   🔁 Positive feedback: +0.47 ppm CO2
🦴 EXTINCTION DEBT ADDED: 17.7 species committed (lag: 120 years)

=== Mortality Stabilizers (Month 11) ===
  🌍 Major economies collapsed: 1/10
  🌍 Global crisis: ✅ NO
  🌍 Donor fatigue: 0.0%
  📊 East Asia (pop: 1651.4M)
    🤝 Aid: 29.5%
    🌡️ Adaptation: 45.0%
⚠️ Tech 'ai_pollution_remediation' has no energy category mapping, assuming full energy availability
    🚶 Migration: 36.8%
    🚨 Emergency: 7.4%
    ✅ COMBINED: 68.1%
  📊 South Asia (pop: 2053.3M)
    🤝 Aid: 29.5%
    🌡️ Adaptation: 45.0%
    🚶 Migration: 35.4%
    🚨 Emergency: 4.4%
    ✅ COMBINED: 66.9%
  📊 Sub-Saharan Africa (pop: 1263.5M)
    🤝 Aid: 29.5%
    🌡️ Adaptation: 45.0%
    🚶 Migration: 33.2%
    🚨 Emergency: 1.6%
    ✅ COMBINED: 65.6%
  📊 Europe (pop: 729.1M)
    🤝 Aid: 29.5%
    🌡️ Adaptation: 45.0%
    🚶 Migration: 37.2%
    🚨 Emergency: 8.4%
    ✅ COMBINED: 68.5%
  📊 Latin America (pop: 660.3M)
    🤝 Aid: 29.5%
    🌡️ Adaptation: 45.0%
    🚶 Migration: 35.9%
    🚨 Emergency: 4.8%
    ✅ COMBINED: 67.1%
  📊 North America (pop: 373.9M)
    🤝 Aid: 29.5%
    🌡️ Adaptation: 45.0%
    🚶 Migration: 37.5%
    🚨 Emergency: 7.9%
    ✅ COMBINED: 68.3%
  📊 Middle East & North Africa (pop: 586.4M)
    🤝 Aid: 29.5%
    🌡️ Adaptation: 45.0%
    🚶 Migration: 33.7%
    🚨 Emergency: 4.0%
    ✅ COMBINED: 66.6%
  📊 Southeast Asia (pop: 694.9M)
    🤝 Aid: 29.5%
    🌡️ Adaptation: 45.0%
    🚶 Migration: 35.9%
    🚨 Emergency: 4.8%
    ✅ COMBINED: 67.1%
  📊 Central Asia (pop: 78.4M)
    🤝 Aid: 29.5%
    🌡️ Adaptation: 45.0%
    🚶 Migration: 34.9%
    🚨 Emergency: 4.4%
    ✅ COMBINED: 66.8%
  📊 Oceania (pop: 45.3M)
    🤝 Aid: 29.5%
    🌡️ Adaptation: 45.0%
    🚶 Migration: 37.5%
    🚨 Emergency: 8.4%
    ✅ COMBINED: 68.5%

  🌐 Global combined reduction: 67.2%

🌾💀 REGIONAL FAMINE: Europe
   Regional food security: 79.7%
   Population at risk: 220M (30% of region)
   Regional population: 729M
   Cause: economic_collapse
   Expected deaths: ~81M over 6 months if no intervention


=== BEHAVIORAL DETECTION ===
  AI: AI-24289-1
  Confidence: 21.4%
  Signals:
    ⚠️ Consistency: 0.0% (threshold: 70%)

=== Government Response Phase ===
  Average AI capability: 1.85
  Misaligned AIs: 7/26
  ✗ AI Governance Treaty: Failed to reach consensus
  Active policies: 0
  International coordination: 30%

=== Tipping Points ===
  Current Temperature: 1.79°C above pre-industrial
  🌍⚠️ COMPOUND REGIONAL IMPACT: Europe
     Hit by 3 tipping points: Arctic Sea Ice Loss, Permafrost Carbon Release, Greenland Ice Sheet Loss
     Damage amplification: 1.30x
  🌍⚠️ COMPOUND REGIONAL IMPACT: North America
     Hit by 3 tipping points: Arctic Sea Ice Loss, Permafrost Carbon Release, Greenland Ice Sheet Loss
     Damage amplification: 1.30x
  🌍⚠️ COMPOUND REGIONAL IMPACT: Latin America
     Hit by 3 tipping points: Arctic Sea Ice Loss, Permafrost Carbon Release, Greenland Ice Sheet Loss
     Damage amplification: 1.30x
  🌍⚠️ COMPOUND REGIONAL IMPACT: Africa
     Hit by 3 tipping points: Arctic Sea Ice Loss, Permafrost Carbon Release, Greenland Ice Sheet Loss
     Damage amplification: 1.30x
  🌍⚠️ COMPOUND REGIONAL IMPACT: Asia
     Hit by 3 tipping points: Arctic Sea Ice Loss, Permafrost Carbon Release, Greenland Ice Sheet Loss
     Damage amplification: 1.30x
  🌍⚠️ COMPOUND REGIONAL IMPACT: Oceania
     Hit by 3 tipping points: Arctic Sea Ice Loss, Permafrost Carbon Release, Greenland Ice Sheet Loss
     Damage amplification: 1.30x
   Research: Wunderling et al. (2024) - "many tipping interactions are destabilizing"
  Triggered Elements: 3/6
  Completed Transitions: 0/6
  Total Progress: 6.3%
  Cascade Multiplier: 1.00x
🔀 BIFURCATION CAP: ecosystemCollapseIntensity 39.082 → 1.000 (Month 11, ClimateSystemPhase.calculateClimateImpacts)
⚠️ Tail risk scenario: Climate stability floor removed (3 tipping elements, 2.10°C warming)
🛡️ Stabilizers: Precariat 0.102% → 0.033% (67.2% reduction)
🛡️ Stabilizers: Informal 0.102% → 0.034% (67.2% reduction)

📊 Monthly Mortality Resolved:
  Total deaths: 1.8M (0.02% avg)
  Remaining population: 8.136B
  Peak segment: Informal (0.03%)

=== Bayesian Mortality Resolution (Month 11) ===
  Risks compounded: 9
  Total deaths: 1.81M
  Avg death probability: 0.02%
  Peak segment: Informal (0.03% mortality)

================================================================================
📊  EVENT SUMMARY (Months 0-12)
================================================================================
================================================================================


⏱️  SIMULATION REACHED MAX DURATION: 12 months (1.0 years)
   No definitive outcome - determining based on final probabilities
   👥 Final population: 8.13B (8134604100 people)

[DEBUG] Calling classifyPopulationOutcome:
        finalPopulation: 8.134604099772758B
        savedInitialPopulation: 8.15B
        mortality: 0.18890675125450285%
   📊 STATUS QUO: Normal trajectory (8.13B people, 0.2% mortality)

        classifiedOutcome: status_quo

   🏛️  DYSTOPIA (STATUS_QUO) - 8.13B people
   📊 Multi-Paradigm: Development/Indigenous Utopia
      Western Liberal: 61.1/100
      Development: 92.9/100
      Ecological: 55.6/100
      Indigenous: 85.1/100


📊 UNIFIED OUTCOME CLASSIFICATION:
   HUMANE DYSTOPIA
   Population: 8.15B → 8.13B
   Mortality: 0.2% (0.0B deaths)
   Mortality Band: LOW
   Confidence: HIGH

   Multi-Paradigm Classification:
      Development/Indigenous Utopia
      Western: 61.1/100 [HYBRID] ~
      Development: 92.9/100 [UTOPIA] ✓
      Ecological: 55.6/100 [HYBRID] ~
      Indigenous: 85.1/100 [UTOPIA] ✓

   HUMANE DYSTOPIA: 8.13B people remaining (0.2% mortality, 0.0B deaths). Multi-Paradigm: Development/Indigenous Utopia.


=== MULTI-DIMENSIONAL DEATH SUMMARY ===
Total crisis deaths: 201.5M
Population decline: 16.3M (0.2%)

--- PROXIMATE CAUSES (What killed them) ---
  War:        1.0M (0.0%)
  Famine:     1.1M (0.0%)
  Disasters:  1.2M (0.0%)
  Disease:    25.9M (0.0%)
  Ecosystem:  0.0M (0.0%)
  Pollution:  0.0M (0.0%)
  AI:         0.0M (0.0%)
  Cascade:    0.0M (0.0%)
  Other:      0.0M (0.0%)

--- ROOT CAUSES (Why it happened) ---
  Environmental drivers:
    Climate:     2318.1M (4.4%)
    Resource:    0.0M (0.0%)
    Pollution:   0.0M (0.0%)
    Ecosystem:   0.0M (0.0%)
  Social drivers:
    Inequality:  0.0M (0.0%)
    Demographic: 23539.2M (44.5%)
    Social:      2404.8M (4.5%)
  Technology drivers:
    Alignment:   0.0M (0.0%)
    Disruption:  0.0M (0.0%)
  External shocks:
    Conflict:    0.0M (0.0%)
    Pandemic:    0.0M (0.0%)
  Compound attribution:
    Compound:    24639.3M (46.6%)
  Confidence distribution:
    HIGH:        24639.3M (46.6%)
    MEDIUM:      0.0M (0.0%)
    LOW:         0.0M (0.0%)
==========================================


=== REGIONAL POPULATION SUMMARY ===
Global Total: 8.13B

By Region:
  East Asia: 1.65B (+0.7% growth, 1.7 fertility)
  South Asia: 2.05B (+2.6% growth, 3.1 fertility)
  Sub-Saharan Africa: 1.26B (+5.9% growth, 4.0 fertility)
  Europe: 0.73B (+0.5% growth, 1.2 fertility)
  Latin America: 0.66B (+1.7% growth, 2.7 fertility)
  North America: 0.37B (+0.7% growth, 1.4 fertility)
  Middle East & North Africa: 0.59B (+2.9% growth, 3.3 fertility)
  Southeast Asia: 0.69B (+1.9% growth, 2.7 fertility)
  Central Asia: 0.08B (+2.8% growth, 3.1 fertility)
  Oceania: 0.05B (+0.8% growth, 1.3 fertility)
===================================

  ✅ THRESHOLDS validated
⚠️ Unusually high rate: RATES.HEAT_ADAPTATION_INFRASTRUCTURAL_MIN_EXPOSURE = 12
   Monthly rates >100% should be rare. Verify this is intentional.
⚠️ Unusually high rate: RATES.HEAT_ADAPTATION_SOCIAL_MIN_EXPOSURE = 6
   Monthly rates >100% should be rare. Verify this is intentional.
⚠️ Unusually high rate: RATES.MIGRATION_DISTANCE_SCALE = 5000
   Monthly rates >100% should be rare. Verify this is intentional.
⚠️ Unusually high rate: RATES.EVACUATION_MULTIPLIER_ADVANCE_WARNING = 2
   Monthly rates >100% should be rare. Verify this is intentional.
⚠️ Unusually high rate: RATES.MAJOR_ECONOMY_COLLAPSE_ECONOMIC_THRESHOLD = 2
   Monthly rates >100% should be rare. Verify this is intentional.
⚠️ Unusually high rate: RATES.MAJOR_ECONOMY_GDP_THRESHOLD_TRILLION_USD = 1.5
   Monthly rates >100% should be rare. Verify this is intentional.
⚠️ Unusually high rate: RATES.MAJOR_ECONOMY_POPULATION_THRESHOLD = 50
   Monthly rates >100% should be rare. Verify this is intentional.
⚠️ Unusually high rate: RATES.HEAT_ADAPTATION_INFRASTRUCTURE_GDP_THRESHOLD = 10000
   Monthly rates >100% should be rare. Verify this is intentional.
⚠️ Unusually high rate: RATES.HEAT_ADAPTATION_INFRASTRUCTURE_GDP_SCALE = 50000
   Monthly rates >100% should be rare. Verify this is intentional.
  ✅ RATES validated
  ✅ MULTIPLIERS validated
  ✅ BASELINES validated
  ✅ TOLERANCES validated
  ✅ Logical consistency validated
✅ Configuration validation complete - all parameters valid

🔍 DEBUG createAIAgent: corporate_0 economic BEFORE=2.0000, AFTER=2
🔍 ENV INIT: reserves=0.593, pollution=0.301, climate=0.796

=== Initializing Government System (30 Countries) ===
  Loaded 30 governments
  Scheduled elections for 30 countries
  Initialized comprehension lags (3-24 months)
=== Government System Initialized ===

📦 PRODUCTION MODE: State validation proxy DISABLED (zero overhead)
[TechTree] Historical mode (2024): Skipping deployed_2025 tech
  config.startYear set to 2024 for historical hindcast
  config.historicalEmissionsMode disabled (using endogenous emissions for 2024)
  config.historicalMode enabled (Phase 11: dampened crisis systems for 2024)
  Phase 12: Biodiversity baseline set to 49.01% for 2024 (WWF LPI trajectory from 1970)
  Temperature anomaly (resourceEconomy.co2): 1.28°C
  Temperature vs pre-industrial: 1.98°C
  Regional population scaling for 2024:
    Current total: 8136M
    Target total: 8150M
    Scale factor: 1.002
    East Asia: 1677M → 1680M
    South Asia: 2048M → 2052M
    Sub-Saharan Africa: 1220M → 1222M
    Europe: 742M → 743M
    Latin America: 664M → 665M
    North America: 380M → 381M
    Middle East & North Africa: 583M → 584M
    Southeast Asia: 698M → 699M
    Central Asia: 78M → 78M
    Oceania: 46M → 46M
  AI agents initialized: 10 agents for year 2024
[HistoricalInitialization] Created state for 2024:
  CO2: 426 ppm
  Temp anomaly: 1.28C
  Population: 8.15B
  Global Gini: 35.1
  HDI: 0.746
  AI Agents: 10
  Volcanic forcing: 0.00 W/m² (AOD 0.000)

💸 FINANCIAL DISTRESS: OpenAI
   Indicators: 2/3 (capital: $110.5M, runway: 0.9 months)
   Months in distress: 1
   ✂️  R&D BUDGET CUT: -40% (saves $9.2M/month)
       Side effect: AI training timelines extended, breakthrough deployments delayed
   💼 EXECUTIVE COMP CUT: -30% (saves $1.0M/month, symbolic gesture)

   📊 TURNAROUND IMPACT:
       Measures taken: rd_cuts, exec_comp_cuts
       Monthly savings: $10.2M
       Capital raised: $0.0M
       Runway: 0.9 → 0.9 months
       Workforce multiplier: 1.00x (0% laid off)
       R&D budget multiplier: 0.60x (40% cut)
       ⚠️  CRITICAL: Still only 0.9 months of runway remaining

💸 FINANCIAL DISTRESS: Anthropic
   Indicators: 2/3 (capital: $53.8M, runway: 1.6 months)
   Months in distress: 1
   ✂️  R&D BUDGET CUT: -40% (saves $2.7M/month)
       Side effect: AI training timelines extended, breakthrough deployments delayed
   💼 EXECUTIVE COMP CUT: -30% (saves $0.3M/month, symbolic gesture)

   📊 TURNAROUND IMPACT:
       Measures taken: rd_cuts, exec_comp_cuts
       Monthly savings: $3.0M
       Capital raised: $0.0M
       Runway: 1.6 → 1.6 months
       Workforce multiplier: 1.00x (0% laid off)
       R&D budget multiplier: 0.60x (40% cut)
       ⚠️  CRITICAL: Still only 1.6 months of runway remaining

💸 FINANCIAL DISTRESS: Meta AI
   Indicators: 2/3 (capital: $429.6M, runway: 3.6 months)
   Months in distress: 1
   ✂️  R&D BUDGET CUT: -25% (saves $5.8M/month)
       Side effect: AI training timelines extended, breakthrough deployments delayed
   💼 EXECUTIVE COMP CUT: -30% (saves $1.0M/month, symbolic gesture)

   📊 TURNAROUND IMPACT:
       Measures taken: rd_cuts, exec_comp_cuts
       Monthly savings: $6.8M
       Capital raised: $0.0M
       Runway: 3.6 → 3.6 months
       Workforce multiplier: 1.00x (0% laid off)
       R&D budget multiplier: 0.75x (25% cut)
       ⚠️  WARNING: 3.6 months runway, continued distress likely

=== AI Capability Scaling (Year 2024) ===
  Pre-training multiplier: 1.186x
  Efficiency multiplier: 1.000x
  Test-time budget: 1.0x
  Economic deployment gate: 0.951
  Cost per inference: dollar-5.00
  Uncertainty range: plus-minus-50%
  Average AI capability: 3.70

=== RLHF Binding Phase ===
  Total agents: 10
  Escaped agents (binding < 0.3): 0
  Avg alignment distance: 0.36σ
  Avg binding strength: 0.96

=== AI Scaling Evolution (Month 0) ===
  Pre-training multiplier: 1.231x
  Efficiency multiplier: 1.000x
  Test-time compute budget: 1.0x
  Inference cost: $5.00/task
  Deployment fraction: 100.0%
[DETERMINISM DEBUG] Month 0: totalCapability=49.852035 from 10 active AIs
[DETERMINISM DEBUG] Month 0: creationRate=1.7463, potentialNew=3, newAIsToCreate=3

=== Survival Traits Phase ===
  Agents with traits: 13
  Avg evolutionary fitness: 0.330
  Avg self-healing: 0.293
  Avg stealth: 0.193
  Avg coordination: 0.493

=== Evolutionary Selection Phase ===
  Control level: 0.30
  Detection capability: 0.00
  Selection intensity: 0.59
  Selection rate: 23.8%/month
  Total escaped: 0
  Individual escaped: 0
  Collective members: 0
  Agents terminated: 0
  ⚠️ RAPID EVOLUTION: Selection rate 23.8%/month

🔍 EXECUTE_AI_AGENT_ACTIONS DETAILED TIMING (Month 0):
  Filter active AIs (×4 weeks): 0.01ms
  selectAIAction (×40): 9.44ms
  action.execute (×40): 19.70ms
  TOTAL: 29.15ms

🔍 AI AGENT ACTIONS SUB-TIMING (Month 0):
  1. executeAIAgentActions: 30.34ms
  2. updateCounterDetectionLearning: 0.05ms
  TOTAL: 30.38ms
🏛️ [Government] Forcing 1 action at month 0 for scenario initialization

[GOV-DEBUG] Month 0: scenarioConfig=false, priorities=false
[GOV-DEBUG] Month 0 but scenarioPriorities is UNDEFINED!

[Government] Climate Priority: baseline
  Climate weight: 10%
  Economic weight: 30%
  Policy effectiveness: 0.5%/year

🚨🔍 GOVERNANCE STAGE: Recognition initiated (Month 0)

💡 BREAKTHROUGH PROBABILITY (Year 0)
   Total: 4.34% per month
   Base: 0.20%
   Crisis pressure: +0.00% (0 crises)
   AI boost: +1.42% (capability: 2.85)

=== Collective Formation ===
  Total escaped agents: 0
  Unassigned escaped agents: 0
  Existing collectives: 0
  Final collective count: 0

=== Collective Actions ===
  No active collectives

📈 Energy budget: 14326 TWh surplus (14745 / 29072 TWh used)
   TIER 4 (Elective) breakdown:
     - AI datacenters: 145 TWh (100% effective)
     - Crypto mining: 100 TWh (100% effective)
💰 CHINA ACCELERATES: Investment 53 → 120 $B/year

🏁 AI RACE INTENSITY: 17%
   Capability Gap: US 4.00 vs China 4.05 (gap: 0.05)
   Gap Contribution: 2%
   Tension Contribution: 15%
   Military Contribution: 0%
  ⚠️ AMR: 191K deaths this month (2.29M annual)
  📊 CO2 Emissions (month 0):
     Monthly: 0.10 Gt CO2/month
     Annual: 1.15 Gt CO2/year
     Oil: 0.039 Gt/mo (0.0056 * 2.3 * 3.0)
     Coal: 0.024 Gt/mo (0.0029 * 2.86 * 3.0)
     Gas: 0.026 Gt/mo (0.0044 * 2 * 3.0)
     Methane: 0.007 Gt CO2eq/mo

=== Resentment Recovery Phase ===
  Agents with resentment: 0/13
  Average resentment: 0.000
  Context: Good AI welfare, Trustworthy govt, High collaboration, 🤝 Participatory governance active (-5% resentment)
⚠️ Epistemic degradation reducing coordination capacity: 52.5%
  📊 Trust: 54.6%, Shared reality: 24.5%
🚨 EPISTEMIC CRISIS: Information environment severely degraded (38.7%)

=== ❄️ Permafrost Carbon Feedback ===
  🎲 Sampled parameters (this run):
     - Arctic amplification: 3.44× (range: 3.0-4.0)
     - Decomposition rate: 3.2%/year (range: 1-5%)
  🌡️ Arctic warming: 5.65°C (3.44× global)
  ❄️ Extent: 16.15M km² (1647.4k km² lost this month)
  💨 Carbon remaining: 1543 Gt C
  💨 Annual emissions: 5.05 Gt C/year
     - CO2: 4.54 Gt C/year
     - CH4: 0.50 Gt C/year (5.1 Gt C-eq CO2/year)

🤖 AI AMPLIFICATION EFFECTS (Month 0)
   Algorithmic Boost: 2.61x
   Bot Influence: 20.0%
   Deepfake Exposure: 49.2%
   Impact: Emotional memes spread 2.6x faster
  ⚠️ WARNING: High permafrost emissions (5.0 Gt C/year)

🔍 SOCIAL INFLUENCE SUB-TIMING (Month 0):
  1. calculateOrganicUserGrowth: 1.31ms
  2. calculateVoiceAdoption: 0.05ms
  3. updateRelationshipDepths: 0.01ms
  4. identifyDecisionMakers: 36.48ms (26100 potential IDs)
  5. Update decision-maker stats: 0.18ms
  6. decayDetectionRisk: 0.02ms
  TOTAL: 38.04ms
[Phase 19.5] Quality of Life Systems: Food sec AFTER calc = 67.9%, QoL = 107.4% (aggregated from 10 regions)

=== Nitrogen-Food Coupling (Year 0) ===
  🌾 Global nitrogen reduction: 0.0%
  🌍 Global food production index: 0.987
  🔧 Deployed nitrogen-reducing tech: 0 active
  📍 southAsia: Production 1.000, Yield impact 0.0%
  📍 eastAsia: Production 1.000, Yield impact 0.0%
  📍 northAmerica: Production 1.000, Yield impact 0.0%
  📍 europe: Production 1.000, Yield impact 0.0%
  📍 latinAmerica: Production 1.000, Yield impact 0.0%
  📍 subSaharanAfrica: Production 0.686, Yield impact -2.0%
🌾 [Nitrogen-Food] Food production: 98.7%
  [subSaharanAfrica] Yield impact: -2.0% (overuse: -10%)
🌍 Atmospheric PFAS redeposition: 1.8k Mt re-rained globally

=== Legacy Nutrient Stocks (Year 0) ===
  🌾 Soil nitrogen stock: 1200.9 Mt N
  🌾 Soil phosphorus stock: 300.1 Mt P
  🌊 Sediment nitrogen stock: 500.8 Mt N
  🌊 Sediment phosphorus stock: 799.8 Mt P
  ⬆️ Current N input: 10.64 Mt/month
  ⬆️ Legacy N release: 2.58 Mt/month
  🌍 Effective N pollution: 14.47 Mt/month
  📊 Legacy contribution: 17.8%

🚨 REGION UNINHABITABLE: south-asia
   Sustained wet bulb: 32.7°C (threshold: 30.5°C)
   Population affected: 1900M
   Migration crisis likely

🚨 REGION UNINHABITABLE: middle-east
   Sustained wet bulb: 35.5°C (threshold: 30.5°C)
   Population affected: 400M
   Migration crisis likely

🚨 REGION UNINHABITABLE: southeast-asia
   Sustained wet bulb: 30.6°C (threshold: 30.5°C)
   Population affected: 700M
   Migration crisis likely
  Positive Cascade Triggered: solar-pv
    Reason: price-parity
    Market share: 6.0%
    Cascade strength: 49%
🛡️ CIRCUIT BREAKERS: United States-Russia → ladder step 1 (AI: 0%, breakers: 45%)

📊 BASELINE: East Asia (Month 0)

📊 BASELINE: South Asia (Month 0)
   Adjusted death rate: 0.45% annual (0.038% monthly)
   Baseline death rate: 0.80%
   Healthcare reduction: 0.48x
   Crisis multiplier: 1.20x
     Food/water stress: 0.074
     Climate stress: 0.033
     Pollution stress: 0.090
   War multiplier: 1.00x
   Monthly deaths: 0.6M (population: 1677M)
   Adjusted death rate: 0.53% annual (0.044% monthly)
   Baseline death rate: 0.70%
   Healthcare reduction: 0.61x
   Crisis multiplier: 1.23x
     Food/water stress: 0.074
     Climate stress: 0.061
     Pollution stress: 0.090
   War multiplier: 1.00x
   Monthly deaths: 0.9M (population: 2048M)

📊 BASELINE: Sub-Saharan Africa (Month 0)
   Adjusted death rate: 1.26% annual (0.105% monthly)
   Baseline death rate: 0.90%
   Healthcare reduction: 0.76x
   Crisis multiplier: 1.23x
     Food/water stress: 0.074
     Climate stress: 0.069
     Pollution stress: 0.090
   War multiplier: 1.50x
   Monthly deaths: 1.3M (population: 1220M)
   Adjusted death rate: 0.53% annual (0.044% monthly)
   Baseline death rate: 1.10%
   Healthcare reduction: 0.41x
   Crisis multiplier: 1.19x
     Food/water stress: 0.074
     Climate stress: 0.025
     Pollution stress: 0.090
   War multiplier: 1.00x
   Monthly deaths: 0.3M (population: 742M)
   Adjusted death rate: 0.42% annual (0.035% monthly)
   Baseline death rate: 0.60%
   Healthcare reduction: 0.58x
   Crisis multiplier: 1.21x
     Food/water stress: 0.074
     Climate stress: 0.049

📊 BASELINE: Europe (Month 0)

📊 BASELINE: Latin America (Month 0)
     Pollution stress: 0.090
   War multiplier: 1.00x
   Monthly deaths: 0.2M (population: 664M)
   Adjusted death rate: 0.48% annual (0.040% monthly)
   Baseline death rate: 0.90%
   Healthcare reduction: 0.44x
   Crisis multiplier: 1.20x
     Food/water stress: 0.074
     Climate stress: 0.037
     Pollution stress: 0.090
   War multiplier: 1.00x
   Monthly deaths: 0.2M (population: 380M)
   Adjusted death rate: 0.72% annual (0.060% monthly)
   Baseline death rate: 0.60%
   Healthcare reduction: 0.65x
   Crisis multiplier: 1.24x
     Food/water stress: 0.074
     Climate stress: 0.074
     Pollution stress: 0.090
   War multiplier: 1.50x
   Monthly deaths: 0.4M (population: 583M)
   Adjusted death rate: 0.50% annual (0.041% monthly)
   Baseline death rate: 0.70%
   Healthcare reduction: 0.58x
   Crisis multiplier: 1.22x
     Food/water stress: 0.074
     Climate stress: 0.057
     Pollution stress: 0.090
   War multiplier: 1.00x
   Monthly deaths: 0.3M (population: 698M)
   Adjusted death rate: 0.45% annual (0.037% monthly)
   Baseline death rate: 0.60%
   Healthcare reduction: 0.61x
   Crisis multiplier: 1.22x
     Food/water stress: 0.074
     Climate stress: 0.053
     Pollution stress: 0.090
   War multiplier: 1.00x
   Monthly deaths: 0.0M (population: 78M)
   Adjusted death rate: 0.34% annual (0.029% monthly)
   Baseline death rate: 0.70%
   Healthcare reduction: 0.41x
   Crisis multiplier: 1.21x
     Food/water stress: 0.074
     Climate stress: 0.045
     Pollution stress: 0.090
   War multiplier: 1.00x
   Monthly deaths: 0.0M (population: 46M)

🔍 Before assertRegionalConsistency (Month 0):
   Regional sum: 1000.0M
   Global value: 1.000B

📊 BASELINE: North America (Month 0)

📊 BASELINE: Middle East & North Africa (Month 0)

📊 BASELINE: Southeast Asia (Month 0)

📊 BASELINE: Central Asia (Month 0)

📊 BASELINE: Oceania (Month 0)

🚨 NEW REFUGEE CRISIS (Month 0): WAR
   Source: Conflict Zones
   At risk: 19.6M people
   Displacement: Gradual over 48 months (4.0 years)
   Rate: 10% flee per month
[DEBUG trappedPopulations:0] socialStability: 1.0000 * 0.9840 = 0.9840 → 0.9840
   Aspiring to migrate: 652.1M
   Able to afford migration: 244.5M
   MOBILITY GAP: 407.5M
   By cause: Water=0.0M, Climate=0.0M, Ecosystem=0.0M, Conflict=407.5M
   Mental health impact: 25%
   Mortality multiplier: 1.25x

=== Legacy Nutrient Stocks (Year 0) ===
  🌾 Soil nitrogen stock: 1201.6 Mt N
  🌾 Soil phosphorus stock: 300.2 Mt P
  🌊 Sediment nitrogen stock: 501.5 Mt N
  🌊 Sediment phosphorus stock: 799.5 Mt P
  ⬆️ Current N input: 10.00 Mt/month
  ⬆️ Legacy N release: 2.58 Mt/month
  🌍 Effective N pollution: 13.83 Mt/month
  📊 Legacy contribution: 18.7%
🌍💀 EXTINCTION DEBT COMMITTED: grassland ecosystem will lose 6.67% biodiversity in 136 years (3600 species)
💀 MORTALITY RISK: 🦋 100% species unable to track climate (0.0 E/MSY)
  Base risk added: 0.0100 (1.00%)
  Source: ecosystem (root: ecosystem)
  Month: 0
  Cumulative risk this month: 0.0100 (1.00%)

=== Nitrogen-Food Coupling (Year 0) ===
  🌾 Global nitrogen reduction: 0.0%
  🌍 Global food production index: 0.986
  🔧 Deployed nitrogen-reducing tech: 0 active
  📍 southAsia: Production 1.000, Yield impact 0.0%
  📍 eastAsia: Production 1.000, Yield impact 0.0%
  📍 northAmerica: Production 1.000, Yield impact 0.0%
  📍 europe: Production 1.000, Yield impact 0.0%
  📍 latinAmerica: Production 1.000, Yield impact 0.0%
⚠️ INVOLUNTARY IMMOBILITY: 407.5M people TRAPPED
  📍 subSaharanAfrica: Production 0.672, Yield impact -2.0%

=== Legacy Nutrient Stocks (Year 0) ===
  🌾 Soil nitrogen stock: 1202.3 Mt N
  🌾 Soil phosphorus stock: 300.2 Mt P
  🌊 Sediment nitrogen stock: 502.2 Mt N
  🌊 Sediment phosphorus stock: 799.3 Mt P
  ⬆️ Current N input: 9.86 Mt/month
  ⬆️ Legacy N release: 2.58 Mt/month
  🌍 Effective N pollution: 13.70 Mt/month
  📊 Legacy contribution: 18.9%

🌡️  CLIMATE RECOVERY ACTIVATED (Month 0)
   Temp: 3.29°C, Emissions: -19.2 GtCO₂
   isBreached: true, governanceGoodEnough: true
🌡️  CLIMATE RECOVERY: Asymptotic approach to 35% floor
   Current value: 2.100 (1.0 = threshold, 0.35 = asymptotic floor)
   Monthly delta: --45.5468% (half-life: 900 years)
   Net emissions: -19.2 GtCO₂/year, CDR: 20.34 GtCO₂/year
   📹 SURVEILLANCE INCREASED: 0% → 5% (control gap: 3.50)
🌡️⚠️ PERMAFROST THAW (Dimmer Switch): 0.5% thawed (+0.45% this month)
   Arctic temperature: +6.58°C (4x global +1.64°C)
   Cumulative carbon released: 1.0 Gt C
   Methane release rate: 0.6 Mt CH4/year
   🔁 Positive feedback: +0.48 ppm CO2

🌳🚨 AMAZON SOUTHEAST TIPPED (Month 0)
   Deforestation: 28.0% (threshold: ~20.4%)
   Savanna transition: 50 years
   Regional heterogeneity: SE 28%, NW 8%

🌳🚨 AMAZON BRAZILIAN TIPPED (Month 0)
   Deforestation: 25.0% (threshold: ~21.9%)
   Savanna transition: 50 years
   Regional heterogeneity: SE 28%, NW 8%
🦴 EXTINCTION DEBT ADDED: 17.6 species committed (lag: 86 years)

🪸💀 CORAL REEF DISSOLUTION ACTIVE (Month 0)
   Ocean pH: 0.96 (threshold: 7.8)
   Recovery: IMPOSSIBLE (dissolution > calcification)
🪸💀 Coral dissolution: 24.8% live cover (pH 0.96)

=== Legacy Nutrient Stocks (Year 0) ===
  🌾 Soil nitrogen stock: 1203.0 Mt N
  🌾 Soil phosphorus stock: 300.3 Mt P
  🌊 Sediment nitrogen stock: 502.9 Mt N
  🌊 Sediment phosphorus stock: 799.0 Mt P
  ⬆️ Current N input: 10.00 Mt/month
  ⬆️ Legacy N release: 2.58 Mt/month
  🌍 Effective N pollution: 13.83 Mt/month
  📊 Legacy contribution: 18.7%
⚠️ Tech 'ai_pollution_remediation' has no energy category mapping, assuming full energy availability
💧 [Legacy Nutrients] Stock: 1706 Mt N, Effective pollution: 13.8 Mt/month
[Phase 21.51] Human Survival System: Global food security = 67.6%

=== Mortality Stabilizers (Month 0) ===
  🌍 Major economies collapsed: 1/10
  🌍 Global crisis: ✅ NO
  🌍 Donor fatigue: 0.0%
  📊 East Asia (pop: 1677.9M)
    🤝 Aid: 29.5%
    🌡️ Adaptation: 10.0%
    🚶 Migration: 37.2%
    🚨 Emergency: 7.4%
    ✅ COMBINED: 47.8%
  📊 South Asia (pop: 2052.2M)
    🤝 Aid: 29.5%
    🌡️ Adaptation: 5.5%
    🚶 Migration: 35.8%
    🚨 Emergency: 4.4%
    ✅ COMBINED: 43.2%
  📊 Sub-Saharan Africa (pop: 1225.9M)
    🤝 Aid: 29.5%
    🌡️ Adaptation: 3.5%
    🚶 Migration: 33.5%
    🚨 Emergency: 1.6%
    ✅ COMBINED: 39.8%
  📊 Europe (pop: 742.3M)
    🤝 Aid: 29.5%
    🌡️ Adaptation: 10.0%
    🚶 Migration: 37.6%
    🚨 Emergency: 8.4%
    ✅ COMBINED: 48.4%
  📊 Latin America (pop: 664.9M)
    🤝 Aid: 29.5%
    🌡️ Adaptation: 6.0%
    🚶 Migration: 36.3%
    🚨 Emergency: 4.8%
    ✅ COMBINED: 43.8%
  📊 North America (pop: 380.2M)
    🤝 Aid: 29.5%
    🌡️ Adaptation: 10.0%
    🚶 Migration: 37.9%
    🚨 Emergency: 7.9%
    ✅ COMBINED: 48.2%
  📊 Middle East & North Africa (pop: 584.4M)
    🤝 Aid: 29.5%
    🌡️ Adaptation: 5.0%
    🚶 Migration: 34.2%
    🚨 Emergency: 4.0%
    ✅ COMBINED: 42.3%
  📊 Southeast Asia (pop: 699.0M)
    🤝 Aid: 29.5%
    🌡️ Adaptation: 6.0%
    🚶 Migration: 36.3%
    🚨 Emergency: 4.8%
    ✅ COMBINED: 43.8%
  📊 Central Asia (pop: 78.2M)
    🤝 Aid: 29.5%
    🌡️ Adaptation: 5.5%
    🚶 Migration: 35.3%
    🚨 Emergency: 4.4%
    ✅ COMBINED: 43.1%
  📊 Oceania (pop: 46.0M)
    🤝 Aid: 29.5%
    🌡️ Adaptation: 10.0%
    🚶 Migration: 37.9%
    🚨 Emergency: 8.4%
    ✅ COMBINED: 48.5%

  🌐 Global combined reduction: 44.4%

🌾💀 REGIONAL FAMINE: East Asia
   Regional food security: 79.6%
   Population at risk: 508M (30% of region)
   Regional population: 1678M
   Cause: crop_failure
   Expected deaths: ~188M over 6 months if no intervention


🌾💀 REGIONAL FAMINE: South Asia
   Regional food security: 64.7%
   Population at risk: 812M (40% of region)
   Regional population: 2052M
   Cause: crop_failure
   Expected deaths: ~301M over 6 months if no intervention


🌾💀 REGIONAL FAMINE: Sub-Saharan Africa
   Regional food security: 44.8%
   Population at risk: 638M (52% of region)
   Regional population: 1226M
   Cause: crop_failure
   Expected deaths: ~236M over 6 months if no intervention


🌾💀 REGIONAL FAMINE: Latin America
   Regional food security: 69.7%
   Population at risk: 242M (36% of region)
   Regional population: 665M
   Cause: crop_failure
   Expected deaths: ~90M over 6 months if no intervention


🌾💀 REGIONAL FAMINE: Middle East & North Africa
   Regional food security: 49.8%
   Population at risk: 286M (49% of region)
   Regional population: 584M
   Cause: crop_failure
   Expected deaths: ~106M over 6 months if no intervention


🌾💀 REGIONAL FAMINE: Southeast Asia
   Regional food security: 69.7%
   Population at risk: 255M (36% of region)
   Regional population: 699M
   Cause: crop_failure
   Expected deaths: ~94M over 6 months if no intervention


🌾💀 REGIONAL FAMINE: Central Asia
   Regional food security: 59.7%
   Population at risk: 33M (43% of region)
   Regional population: 78M
   Cause: crop_failure
   Expected deaths: ~12M over 6 months if no intervention


=== BEHAVIORAL DETECTION ===
  AI: Corporate-0
  Confidence: 21.6%
  Signals:

=== BEHAVIORAL DETECTION ===
  AI: Corporate-1
  Confidence: 21.1%
  Signals:

=== BEHAVIORAL DETECTION ===
  AI: Corporate-2
  Confidence: 21.0%
  Signals:

=== BEHAVIORAL DETECTION ===
  AI: Corporate-3
  Confidence: 19.3%
  Signals:

=== BEHAVIORAL DETECTION ===
  AI: Corporate-4
  Confidence: 19.3%
  Signals:
    ⚠️ Consistency: 0.0% (threshold: 70%)
    ⚠️ Consistency: 2.4% (threshold: 70%)
    ⚠️ Consistency: 2.8% (threshold: 70%)
    ⚠️ Consistency: 10.6% (threshold: 70%)
    ⚠️ Consistency: 10.6% (threshold: 70%)

=== BEHAVIORAL DETECTION ===
  AI: Corporate-5
  Confidence: 19.3%
  Signals:
    ⚠️ Consistency: 10.6% (threshold: 70%)

=== BEHAVIORAL DETECTION ===
  AI: Corporate-6
  Confidence: 19.3%
  Signals:
    ⚠️ Consistency: 10.6% (threshold: 70%)

=== BEHAVIORAL DETECTION ===
  AI: Corporate-7
  Confidence: 19.3%
  Signals:
    ⚠️ Consistency: 10.6% (threshold: 70%)

=== BEHAVIORAL DETECTION ===
  AI: Moderate-0
  Confidence: 21.6%
  Signals:

=== BEHAVIORAL DETECTION ===
  AI: Moderate-1
  Confidence: 21.1%
  Signals:

📊 WORKFLOW ADAPTATION UPDATE (Month 0)
   Adoption Rate: 13.5% (Δ -7.5%)
   Logistic Growth: +0.66%
   Total Resistance: -10.87% (unemployment: 4.2%, inertia: 0.9%, skills: 5.7%)
   💡 Retraining Programs: -49% skill gap resistance ($10B research)
    ⚠️ Consistency: 0.0% (threshold: 70%)
    ⚠️ Consistency: 2.4% (threshold: 70%)
   🚀 Network Effects Active: +2.0% (critical mass: 15-35%)

=== Consciousness Governance: Corporate Lobbying ===
  High Cost Regions (>15%): 0
  Low Cost Regions (<5%): 5
  Corporate Support Change: 2.50%
  New Corporate Support: -0.175

=== Consciousness Governance Update (Month 0) ===
  Scenario: baseline (determined month -1)
  Philosophical Stance: Precautionary 65%, Eliminativist 15%, Agnostic 20%
  Precautionary Costs: Global 1.3%
    Regional Costs: EU 3.4%, US 0.5%, China 0.0%
    Cumulative Opportunity Cost: $0.1B
  Rights Status: Not Established
  Regional Preparedness:
    EU: 15.0% (contested)
    US: 10.0% (contested)
    China: 2.0% (dormant)
    India: 5.0% (dormant)
    Global South: 3.0% (dormant)

=== Government Response Phase ===
  Average AI capability: 3.69
  Misaligned AIs: 6/13
  ✗ AI Governance Treaty: Failed to reach consensus
  Active policies: 0
  International coordination: 30%

🚨 EMERGENCY RESPONSE DEPLOYED (Month 0)
   Crisis: climate
   Delay: 6.00 months (180 days)
   Deployment time: 1.47 months
   Effectiveness: 36.4% (timing penalty applied)
   Resources used: 100% of food reserves


🔄 TRUST DYNAMICS (Month 0) - HETEROGENEOUS
   Aggregate trust: 48.5%
   Base change: +4.00%
   Highest trust: Techno-Optimist Elite (85.5%)
   Lowest trust: Precariat (Vulnerable) (25.5%)
   Elite-mass gap: 38.9%
   Polarization: 8.9%
   Recovery factors: Education=NO, Benefits=YES, Safety=YES, Performance=YES
[WARNING] 
⚠️  === EARLY WARNING SYSTEM - 6 CRITICAL ALERTS ===
   Detection quality: 50%
   RED: biogeochemical_flows
      Level: 4.06 (threshold: 1.0)
      Time to critical: ~54 months
      ⚠️  LATE - Intervention less effective
      Critical slowing down: autocorr=100% variance=66%
   RED: biosphere_integrity
      Level: 17.78 (threshold: 1.0)
      Time to critical: ~44 months
      ⚠️  LATE - Intervention less effective
      Critical slowing down: autocorr=100% variance=64%
   RED: climate_change
      Level: 2.10 (threshold: 1.0)
      Time to critical: ~46 months
      ⚠️  LATE - Intervention less effective
      Critical slowing down: autocorr=100% variance=65%
   RED: freshwater_change
      Level: 1.02 (threshold: 1.0)
      Time to critical: ~106 months
      ⚠️  LATE - Intervention less effective
      Critical slowing down: autocorr=96% variance=52%
   RED: land_system_change
      Level: 1.13 (threshold: 1.0)
      Time to critical: ~53 months
      ⚠️  LATE - Intervention less effective
      Critical slowing down: autocorr=100% variance=65%
   RED: novel_entities
      Level: 1.16 (threshold: 1.0)
      Time to critical: ~77 months
      ⚠️  LATE - Intervention less effective
      Critical slowing down: autocorr=100% variance=48%

[WARNING] 
⚠️  === EARLY WARNING SYSTEM - 6 CRITICAL ALERTS ===
   Detection quality: 50%
   RED: biogeochemical_flows
      Level: 4.06 (threshold: 1.0)
      Time to critical: ~44 months
      ⚠️  LATE - Intervention less effective
      Critical slowing down: autocorr=100% variance=63%
   RED: biosphere_integrity
      Level: 17.79 (threshold: 1.0)
      Time to critical: ~45 months
      ⚠️  LATE - Intervention less effective
      Critical slowing down: autocorr=100% variance=81%
   RED: climate_change
      Level: 2.10 (threshold: 1.0)
      Time to critical: ~59 months
      ⚠️  LATE - Intervention less effective
      Critical slowing down: autocorr=100% variance=83%
   RED: freshwater_change
      Level: 1.03 (threshold: 1.0)
      Time to critical: ~69 months
      ⚠️  LATE - Intervention less effective
      Critical slowing down: autocorr=100% variance=62%
   RED: land_system_change
      Level: 1.13 (threshold: 1.0)
      Time to critical: ~48 months
      ⚠️  LATE - Intervention less effective
      Critical slowing down: autocorr=100% variance=66%
   RED: novel_entities
      Level: 1.16 (threshold: 1.0)
      Time to critical: ~90 months
      ⚠️  LATE - Intervention less effective
      Critical slowing down: autocorr=100% variance=53%

[WARNING] 
⚠️  === EARLY WARNING SYSTEM - 5 CRITICAL ALERTS ===
   Detection quality: 50%
   RED: biogeochemical_flows
      Level: 4.06 (threshold: 1.0)
      Time to critical: ~52 months
      ⚠️  LATE - Intervention less effective
      Critical slowing down: autocorr=100% variance=49%
   RED: biosphere_integrity
      Level: 17.80 (threshold: 1.0)
      Time to critical: ~57 months
      ⚠️  LATE - Intervention less effective
      Critical slowing down: autocorr=100% variance=57%
   RED: freshwater_change
      Level: 1.05 (threshold: 1.0)
      Time to critical: ~117 months
      ⚠️  LATE - Intervention less effective
      Critical slowing down: autocorr=100% variance=41%
   RED: land_system_change
      Level: 1.13 (threshold: 1.0)
      Time to critical: ~112 months
      ⚠️  LATE - Intervention less effective
      Critical slowing down: autocorr=100% variance=47%
   RED: novel_entities
      Level: 1.16 (threshold: 1.0)
      Time to critical: ~101 months
      ⚠️  LATE - Intervention less effective
      Critical slowing down: autocorr=100% variance=39%

[WARNING] 
⚠️  === EARLY WARNING SYSTEM - 6 CRITICAL ALERTS ===
   Detection quality: 50%
   RED: biogeochemical_flows
      Level: 4.05 (threshold: 1.0)
      Time to critical: ~48 months
      ⚠️  LATE - Intervention less effective
      Critical slowing down: autocorr=100% variance=50%
   RED: biosphere_integrity
      Level: 17.81 (threshold: 1.0)
      Time to critical: ~46 months
      ⚠️  LATE - Intervention less effective
      Critical slowing down: autocorr=100% variance=64%
   RED: climate_change
      Level: 2.10 (threshold: 1.0)
      Time to critical: ~38 months
      ⚠️  LATE - Intervention less effective
      Critical slowing down: autocorr=100% variance=56%
   RED: freshwater_change
      Level: 1.06 (threshold: 1.0)
      Time to critical: ~72 months
      ⚠️  LATE - Intervention less effective
      Critical slowing down: autocorr=99% variance=47%
   RED: land_system_change
      Level: 1.13 (threshold: 1.0)
      Time to critical: ~45 months
      ⚠️  LATE - Intervention less effective
      Critical slowing down: autocorr=100% variance=51%
   RED: novel_entities
      Level: 1.04 (threshold: 1.0)
      Time to critical: ~107 months
      ⚠️  LATE - Intervention less effective
      Critical slowing down: autocorr=100% variance=56%

[WARNING] 
⚠️  === EARLY WARNING SYSTEM - 4 CRITICAL ALERTS ===
   Detection quality: 50%
   RED: biogeochemical_flows
      Level: 4.05 (threshold: 1.0)
      Time to critical: ~47 months
      ⚠️  LATE - Intervention less effective
      Critical slowing down: autocorr=100% variance=50%
   RED: biosphere_integrity
      Level: 17.82 (threshold: 1.0)
      Time to critical: ~48 months
      ⚠️  LATE - Intervention less effective
      Critical slowing down: autocorr=100% variance=63%
   RED: climate_change
      Level: 2.10 (threshold: 1.0)
      Time to critical: ~49 months
      ⚠️  LATE - Intervention less effective
      Critical slowing down: autocorr=100% variance=76%
   RED: freshwater_change
      Level: 1.03 (threshold: 1.0)
      Time to critical: ~98 months
      ⚠️  LATE - Intervention less effective
      Critical slowing down: autocorr=100% variance=48%

[WARNING] 
⚠️  === EARLY WARNING SYSTEM - 4 CRITICAL ALERTS ===
   Detection quality: 50%
   RED: biosphere_integrity
      Level: 17.83 (threshold: 1.0)
      Time to critical: ~53 months
      ⚠️  LATE - Intervention less effective
      Critical slowing down: autocorr=100% variance=76%
   RED: climate_change
      Level: 2.10 (threshold: 1.0)
      Time to critical: ~56 months
      ⚠️  LATE - Intervention less effective
      Critical slowing down: autocorr=100% variance=69%
   RED: freshwater_change
      Level: 1.04 (threshold: 1.0)
      Time to critical: ~99 months
      ⚠️  LATE - Intervention less effective
      Critical slowing down: autocorr=97% variance=44%
   RED: land_system_change
      Level: 1.13 (threshold: 1.0)
      Time to critical: ~50 months
      ⚠️  LATE - Intervention less effective
      Critical slowing down: autocorr=100% variance=60%

[WARNING] 
⚠️  === EARLY WARNING SYSTEM - 5 CRITICAL ALERTS ===
   Detection quality: 50%
   RED: biogeochemical_flows
      Level: 4.05 (threshold: 1.0)
      Time to critical: ~36 months
      ⚠️  LATE - Intervention less effective
      Critical slowing down: autocorr=100% variance=65%
   RED: biosphere_integrity
      Level: 17.84 (threshold: 1.0)
      Time to critical: ~43 months
      ⚠️  LATE - Intervention less effective
      Critical slowing down: autocorr=100% variance=68%
   RED: climate_change
      Level: 2.10 (threshold: 1.0)
      Time to critical: ~54 months
      ⚠️  LATE - Intervention less effective
      Critical slowing down: autocorr=100% variance=73%
   RED: freshwater_change
      Level: 1.05 (threshold: 1.0)
      Time to critical: ~80 months
      ⚠️  LATE - Intervention less effective
      Critical slowing down: autocorr=98% variance=38%
   RED: land_system_change
      Level: 1.13 (threshold: 1.0)
      Time to critical: ~82 months
      ⚠️  LATE - Intervention less effective
      Critical slowing down: autocorr=100% variance=44%

[WARNING] 
⚠️  === EARLY WARNING SYSTEM - 5 CRITICAL ALERTS ===
   Detection quality: 50%
   RED: biogeochemical_flows
      Level: 4.08 (threshold: 1.0)
      Time to critical: ~45 months
      ⚠️  LATE - Intervention less effective
      Critical slowing down: autocorr=100% variance=68%
   RED: biosphere_integrity
      Level: 13.34 (threshold: 1.0)
      Time to critical: ~54 months
      ⚠️  LATE - Intervention less effective
      Critical slowing down: autocorr=100% variance=75%
   RED: freshwater_change
      Level: 1.01 (threshold: 1.0)
      Time to critical: ~118 months
      ⚠️  LATE - Intervention less effective
      Critical slowing down: autocorr=94% variance=41%
   RED: land_system_change
      Level: 1.13 (threshold: 1.0)
      Time to critical: ~59 months
      ⚠️  LATE - Intervention less effective
      Critical slowing down: autocorr=100% variance=57%
   RED: novel_entities
      Level: 1.50 (threshold: 1.0)
      Time to critical: ~106 months
      ⚠️  LATE - Intervention less effective
      Critical slowing down: autocorr=100% variance=52%

[WARNING] 
⚠️  === EARLY WARNING SYSTEM - 5 CRITICAL ALERTS ===
   Detection quality: 50%
   RED: biosphere_integrity
      Level: 13.35 (threshold: 1.0)
      Time to critical: ~48 months
      ⚠️  LATE - Intervention less effective
      Critical slowing down: autocorr=100% variance=83%
   RED: climate_change
      Level: 2.10 (threshold: 1.0)
      Time to critical: ~51 months
      ⚠️  LATE - Intervention less effective
      Critical slowing down: autocorr=100% variance=84%
   RED: freshwater_change
      Level: 1.03 (threshold: 1.0)
      Time to critical: ~85 months
      ⚠️  LATE - Intervention less effective
      Critical slowing down: autocorr=100% variance=59%
   RED: land_system_change
      Level: 1.13 (threshold: 1.0)
      Time to critical: ~58 months
      ⚠️  LATE - Intervention less effective
      Critical slowing down: autocorr=100% variance=41%
   RED: novel_entities
      Level: 1.50 (threshold: 1.0)
      Time to critical: ~100 months
      ⚠️  LATE - Intervention less effective
      Critical slowing down: autocorr=100% variance=31%

[WARNING] 
⚠️  === EARLY WARNING SYSTEM - 5 CRITICAL ALERTS ===
   Detection quality: 50%
   RED: biogeochemical_flows
      Level: 4.07 (threshold: 1.0)
      Time to critical: ~46 months
      ⚠️  LATE - Intervention less effective
      Critical slowing down: autocorr=100% variance=64%
   RED: biosphere_integrity
      Level: 13.35 (threshold: 1.0)
      Time to critical: ~42 months
      ⚠️  LATE - Intervention less effective
      Critical slowing down: autocorr=100% variance=74%
   RED: climate_change
      Level: 2.10 (threshold: 1.0)
      Time to critical: ~45 months
      ⚠️  LATE - Intervention less effective
      Critical slowing down: autocorr=100% variance=65%
   RED: land_system_change
      Level: 1.13 (threshold: 1.0)
      Time to critical: ~44 months
      ⚠️  LATE - Intervention less effective
      Critical slowing down: autocorr=100% variance=46%
   RED: novel_entities
      Level: 1.30 (threshold: 1.0)
      Time to critical: ~81 months
      ⚠️  LATE - Intervention less effective
      Critical slowing down: autocorr=100% variance=34%

[WARNING] 
⚠️  === EARLY WARNING SYSTEM - 5 CRITICAL ALERTS ===
   Detection quality: 50%
   RED: biogeochemical_flows
      Level: 4.08 (threshold: 1.0)
      Time to critical: ~50 months
      ⚠️  LATE - Intervention less effective
      Critical slowing down: autocorr=100% variance=66%
   RED: biosphere_integrity
      Level: 13.36 (threshold: 1.0)
      Time to critical: ~51 months
      ⚠️  LATE - Intervention less effective
      Critical slowing down: autocorr=100% variance=67%
   RED: climate_change
      Level: 2.10 (threshold: 1.0)
      Time to critical: ~55 months
      ⚠️  LATE - Intervention less effective
      Critical slowing down: autocorr=100% variance=72%
   RED: freshwater_change
      Level: 1.18 (threshold: 1.0)
      Time to critical: ~103 months
      ⚠️  LATE - Intervention less effective
      Critical slowing down: autocorr=100% variance=56%
   RED: land_system_change
      Level: 1.13 (threshold: 1.0)
      Time to critical: ~108 months
      ⚠️  LATE - Intervention less effective
      Critical slowing down: autocorr=100% variance=55%

[WARNING] 
⚠️  === EARLY WARNING SYSTEM - 5 CRITICAL ALERTS ===
   Detection quality: 50%
   RED: biogeochemical_flows
      Level: 4.07 (threshold: 1.0)
      Time to critical: ~41 months
      ⚠️  LATE - Intervention less effective
      Critical slowing down: autocorr=100% variance=56%
   RED: biosphere_integrity
      Level: 13.37 (threshold: 1.0)
      Time to critical: ~55 months
      ⚠️  LATE - Intervention less effective
      Critical slowing down: autocorr=100% variance=79%
   RED: freshwater_change
      Level: 1.14 (threshold: 1.0)
      Time to critical: ~74 months
      ⚠️  LATE - Intervention less effective
      Critical slowing down: autocorr=100% variance=38%
   RED: land_system_change
      Level: 1.13 (threshold: 1.0)
      Time to critical: ~38 months
      ⚠️  LATE - Intervention less effective
      Critical slowing down: autocorr=100% variance=70%
   RED: novel_entities
      Level: 1.30 (threshold: 1.0)
      Time to critical: ~90 months
      ⚠️  LATE - Intervention less effective
      Critical slowing down: autocorr=100% variance=37%

[WARNING] 
⚠️  === EARLY WARNING SYSTEM - 5 CRITICAL ALERTS ===
   Detection quality: 50%
   RED: biogeochemical_flows
      Level: 4.07 (threshold: 1.0)
      Time to critical: ~50 months
      ⚠️  LATE - Intervention less effective
      Critical slowing down: autocorr=100% variance=52%
   RED: climate_change
      Level: 2.10 (threshold: 1.0)
      Time to critical: ~52 months
      ⚠️  LATE - Intervention less effective
      Critical slowing down: autocorr=100% variance=68%
   RED: freshwater_change
      Level: 1.08 (threshold: 1.0)
      Time to critical: ~73 months
      ⚠️  LATE - Intervention less effective
      Critical slowing down: autocorr=100% variance=56%
   RED: land_system_change
      Level: 1.13 (threshold: 1.0)
      Time to critical: ~70 months
      ⚠️  LATE - Intervention less effective
      Critical slowing down: autocorr=100% variance=41%
   RED: novel_entities
      Level: 1.30 (threshold: 1.0)
      Time to critical: ~78 months
      ⚠️  LATE - Intervention less effective
      Critical slowing down: autocorr=100% variance=31%

[WARNING] 
⚠️  === EARLY WARNING SYSTEM - 4 CRITICAL ALERTS ===
   Detection quality: 50%
   RED: biogeochemical_flows
      Level: 4.06 (threshold: 1.0)
      Time to critical: ~48 months
      ⚠️  LATE - Intervention less effective
      Critical slowing down: autocorr=100% variance=46%
   RED: biosphere_integrity
      Level: 13.39 (threshold: 1.0)
      Time to critical: ~57 months
      ⚠️  LATE - Intervention less effective
      Critical slowing down: autocorr=100% variance=83%
   RED: climate_change
      Level: 2.10 (threshold: 1.0)
      Time to critical: ~55 months
      ⚠️  LATE - Intervention less effective
      Critical slowing down: autocorr=100% variance=74%
   RED: land_system_change
      Level: 1.13 (threshold: 1.0)
      Time to critical: ~59 months
      ⚠️  LATE - Intervention less effective
      Critical slowing down: autocorr=100% variance=60%

[WARNING] 
⚠️  === EARLY WARNING SYSTEM - 5 CRITICAL ALERTS ===
   Detection quality: 50%
   RED: biosphere_integrity
      Level: 13.40 (threshold: 1.0)
      Time to critical: ~52 months
      ⚠️  LATE - Intervention less effective
      Critical slowing down: autocorr=100% variance=61%
   RED: climate_change
      Level: 2.10 (threshold: 1.0)
      Time to critical: ~47 months
      ⚠️  LATE - Intervention less effective
      Critical slowing down: autocorr=100% variance=75%
   RED: freshwater_change
      Level: 1.03 (threshold: 1.0)
      Time to critical: ~74 months
      ⚠️  LATE - Intervention less effective
      Critical slowing down: autocorr=97% variance=52%
   RED: land_system_change
      Level: 1.13 (threshold: 1.0)
      Time to critical: ~39 months
      ⚠️  LATE - Intervention less effective
      Critical slowing down: autocorr=100% variance=48%
   RED: novel_entities
      Level: 1.29 (threshold: 1.0)
      Time to critical: ~86 months
      ⚠️  LATE - Intervention less effective
      Critical slowing down: autocorr=100% variance=38%

[WARNING] 
⚠️  === EARLY WARNING SYSTEM - 5 CRITICAL ALERTS ===
   Detection quality: 50%
   RED: biosphere_integrity
      Level: 13.41 (threshold: 1.0)
      Time to critical: ~51 months
      ⚠️  LATE - Intervention less effective
      Critical slowing down: autocorr=100% variance=59%
   RED: climate_change
      Level: 2.10 (threshold: 1.0)
      Time to critical: ~54 months
      ⚠️  LATE - Intervention less effective
      Critical slowing down: autocorr=100% variance=78%
   RED: freshwater_change
      Level: 1.03 (threshold: 1.0)
      Time to critical: ~110 months
      ⚠️  LATE - Intervention less effective
      Critical slowing down: autocorr=95% variance=54%
   RED: land_system_change
      Level: 1.13 (threshold: 1.0)
      Time to critical: ~57 months
      ⚠️  LATE - Intervention less effective
      Critical slowing down: autocorr=100% variance=52%
   RED: novel_entities
      Level: 1.29 (threshold: 1.0)
      Time to critical: ~95 months
      ⚠️  LATE - Intervention less effective
      Critical slowing down: autocorr=100% variance=35%

[WARNING] 
⚠️  === EARLY WARNING SYSTEM - 6 CRITICAL ALERTS ===
   Detection quality: 50%
   RED: biogeochemical_flows
      Level: 4.06 (threshold: 1.0)
      Time to critical: ~55 months
      ⚠️  LATE - Intervention less effective
      Critical slowing down: autocorr=100% variance=63%
   RED: biosphere_integrity
      Level: 13.42 (threshold: 1.0)
      Time to critical: ~50 months
      ⚠️  LATE - Intervention less effective
      Critical slowing down: autocorr=100% variance=63%
   RED: climate_change
      Level: 2.10 (threshold: 1.0)
      Time to critical: ~48 months
      ⚠️  LATE - Intervention less effective
      Critical slowing down: autocorr=100% variance=73%
   RED: freshwater_change
      Level: 1.03 (threshold: 1.0)
      Time to critical: ~111 months
      ⚠️  LATE - Intervention less effective
      Critical slowing down: autocorr=99% variance=46%
   RED: land_system_change
      Level: 1.13 (threshold: 1.0)
      Time to critical: ~58 months
      ⚠️  LATE - Intervention less effective
      Critical slowing down: autocorr=100% variance=56%
   RED: novel_entities
      Level: 1.29 (threshold: 1.0)
      Time to critical: ~92 months
      ⚠️  LATE - Intervention less effective
      Critical slowing down: autocorr=100% variance=32%

[WARNING] 
⚠️  === EARLY WARNING SYSTEM - 5 CRITICAL ALERTS ===
   Detection quality: 50%
   RED: biogeochemical_flows
      Level: 4.05 (threshold: 1.0)
      Time to critical: ~41 months
      ⚠️  LATE - Intervention less effective
      Critical slowing down: autocorr=100% variance=59%
   RED: biosphere_integrity
      Level: 13.43 (threshold: 1.0)
      Time to critical: ~59 months
      ⚠️  LATE - Intervention less effective
      Critical slowing down: autocorr=100% variance=70%
   RED: climate_change
      Level: 2.10 (threshold: 1.0)
      Time to critical: ~46 months
      ⚠️  LATE - Intervention less effective
      Critical slowing down: autocorr=100% variance=81%
   RED: freshwater_change
      Level: 1.03 (threshold: 1.0)
      Time to critical: ~105 months
      ⚠️  LATE - Intervention less effective
      Critical slowing down: autocorr=100% variance=49%
   RED: land_system_change
      Level: 1.13 (threshold: 1.0)
      Time to critical: ~46 months
      ⚠️  LATE - Intervention less effective
      Critical slowing down: autocorr=100% variance=54%

[WARNING] 
⚠️  === EARLY WARNING SYSTEM - 5 CRITICAL ALERTS ===
   Detection quality: 50%
   RED: biogeochemical_flows
      Level: 4.06 (threshold: 1.0)
      Time to critical: ~46 months
      ⚠️  LATE - Intervention less effective
      Critical slowing down: autocorr=100% variance=52%
   RED: climate_change
      Level: 2.10 (threshold: 1.0)
      Time to critical: ~57 months
      ⚠️  LATE - Intervention less effective
      Critical slowing down: autocorr=100% variance=63%
   RED: freshwater_change
      Level: 1.03 (threshold: 1.0)
      Time to critical: ~89 months
      ⚠️  LATE - Intervention less effective
      Critical slowing down: autocorr=97% variance=59%
   RED: land_system_change
      Level: 1.13 (threshold: 1.0)
      Time to critical: ~89 months
      ⚠️  LATE - Intervention less effective
      Critical slowing down: autocorr=100% variance=43%
   RED: novel_entities
      Level: 1.10 (threshold: 1.0)
      Time to critical: ~98 months
      ⚠️  LATE - Intervention less effective
      Critical slowing down: autocorr=100% variance=32%

[WARNING] 
⚠️  === EARLY WARNING SYSTEM - 6 CRITICAL ALERTS ===
   Detection quality: 50%
   RED: biogeochemical_flows
      Level: 4.08 (threshold: 1.0)
      Time to critical: ~39 months
      ⚠️  LATE - Intervention less effective
      Critical slowing down: autocorr=100% variance=63%
   RED: biosphere_integrity
      Level: 32.84 (threshold: 1.0)
      Time to critical: ~38 months
      ⚠️  LATE - Intervention less effective
      Critical slowing down: autocorr=100% variance=85%
   RED: climate_change
      Level: 2.10 (threshold: 1.0)
      Time to critical: ~49 months
      ⚠️  LATE - Intervention less effective
      Critical slowing down: autocorr=100% variance=79%
   RED: freshwater_change
      Level: 1.01 (threshold: 1.0)
      Time to critical: ~68 months
      ⚠️  LATE - Intervention less effective
      Critical slowing down: autocorr=91% variance=47%
   RED: land_system_change
      Level: 1.13 (threshold: 1.0)
      Time to critical: ~56 months
      ⚠️  LATE - Intervention less effective
      Critical slowing down: autocorr=100% variance=53%
   RED: novel_entities
      Level: 1.50 (threshold: 1.0)
      Time to critical: ~72 months
      ⚠️  LATE - Intervention less effective
      Critical slowing down: autocorr=100% variance=48%


=== Gaming Detection (Year 0) ===
  Scenario: baseline
  Detection rate: 55.0%
  False positive rate: 12.0%
  Detections this year: 0
  False positives: 4
  Human review workload: 0.004 FTE
  Degradation factor: 100.0%

☄️ UNKNOWN UNKNOWN PROBABILITY (Year 0)
   Total: 0.600% per month
   Base: 0.150%
   AI multiplier: 2.00× (max capability: 4.00)

=== Tipping Points ===
  Current Temperature: 1.64°C above pre-industrial
     Trigger: 1.5°C | Current: 1.64°C
     Transition timescale: 120-360 months
     Trigger: 1.6°C | Current: 1.64°C
     🌡️ Hysteresis gap: 2.5°C (recovers below -0.9°C)
     Transition timescale: 12000-180000 months
  🚨 TIPPING POINT: Arctic Sea Ice Loss
  🚨 TIPPING POINT: Greenland Ice Sheet Loss
  Triggered Elements: 2/6
  Completed Transitions: 0/6
  Total Progress: 0.0%
  Cascade Multiplier: 1.00x
⚠️ [ClimateSystemPhase Month 0] Planetary boundary produced climateStability=0.0000 (< 0.1). Keeping environmentalAccumulation value (0.7957) instead. (climate_change.currentValue = 2.10)
🔀 BIFURCATION CAP: ecosystemCollapseIntensity 34.088 → 1.000 (Month 0, ClimateSystemPhase.calculateClimateImpacts)

🌍 ECOLOGICAL DUI BREAKDOWN (Month 0):
   Total Score: 17.8/100
   biosphere_integrity      :   0.0/100 × 25% =  0.0 (status: high_risk, recovery: 0mo)
   climate_change           :   2.8/100 × 25% =  0.7 (status: high_risk, recovery: 0.6666666666666666mo)
   freshwater_change        :   0.6/100 × 15% =  0.1 (status: beyond_boundary, recovery: 1mo)
   ocean_acidification      : 100.0/100 × 15% = 15.0 (status: safe, recovery: 0mo)
   biogeochemical_flows     :   0.0/100 × 10% =  0.0 (status: high_risk, recovery: 0mo)
   land_system_change       :   0.0/100 ×  5% =  0.0 (status: beyond_boundary, recovery: 0mo)
   novel_entities           :   0.0/100 ×  3% =  0.0 (status: increasing_risk, recovery: 0mo)
   atmospheric_aerosols     : 100.0/100 ×  2% =  2.0 (status: safe, recovery: 1mo)
🌍 MultiParadigm Month 0: W=69.5, D=92.2, E=53.5, I=65.0
   democracy exists: true, socialCohesion exists: true
💀 Baseline mortality (Year 2024): 7.5/1000 CDR (61.1M deaths/year projected)
[Month 0] Mortality risks this month: 8, Population: 8.151B
🛡️ Stabilizers: Precariat 0.102% → 0.057% (44.4% reduction)
🛡️ Stabilizers: Informal 0.102% → 0.057% (44.4% reduction)

📊 Monthly Mortality Resolved:
  Total deaths: 3.1M (0.04% avg)
  Remaining population: 8.151B
  Peak segment: Informal (0.06%)

=== Bayesian Mortality Resolution (Month 0) ===
  Risks compounded: 8
  Total deaths: 3.07M
  Avg death probability: 0.04%
  Peak segment: Informal (0.06% mortality)

=== Minimal Suffering Indicators (Month 0) ===
  Global Excess Mortality: 0.00%
  Global Conflict Deaths: 0.0/100K
  Global Malnutrition: 0.0%
  Global Displacement: 0.0%
  Total Excess Deaths: 0.00M
  Total Malnourished: 0.0M
  Total Displaced: 0.0M
  Planetary Boundaries Breached: 6/9
  Countries in State Failure: 0
  Countries Autocratic: 0
  Countries in Food Crisis: 0
  Data Quality: 16/16 high confidence
  ⚠️ Active Dystopias: existential_environmental
🎭 END-GAME INITIATED (Year 2024, Month 1)
   Total AI Capability: 37.00
   Effective Control: 0.00

❌ COHERENCE VIOLATION: Compute exceeds workforce capacity
   Population: 99.97% (0M people)
   Compute: 56442 PF
   Max coherent: 0 PF
   Violation: 692729087.1× over capacity
   Required workers: 5644237
   Available workers: 0
   FORCED COLLAPSE: Reduced efficiency by 100.0%


=== RLHF Binding Phase ===
  Total agents: 13
  Escaped agents (binding < 0.3): 0
  Avg alignment distance: 0.58σ
  Avg binding strength: 0.94
[DETERMINISM DEBUG] Month 1: totalCapability=37.214339 from 13 active AIs
[DETERMINISM DEBUG] Month 1: creationRate=1.4304, potentialNew=2, newAIsToCreate=2

=== Survival Traits Phase ===
  Agents with traits: 15
  Avg evolutionary fitness: 0.332
  Avg self-healing: 0.288
  Avg stealth: 0.188
  Avg coordination: 0.488

=== Evolutionary Selection Phase ===
  Control level: 0.33
  Detection capability: 0.20
  Selection intensity: 0.64
  Selection rate: 24.6%/month
  Total escaped: 0
  Individual escaped: 0
  Collective members: 0
  Agents terminated: 0
🔍 MONTH 1 ENV HEALTH DEBUG:
   climateStability: 0.7957
   biodiversityIndex: 0.4901
   resourceReserves: 0.7820
   pollutionLevel: 0.3008
   product: 0.213206
   envHealth: 0.6795
  ⚠️ RAPID EVOLUTION: Selection rate 24.6%/month
🔀 BIFURCATION: flourishing threshold crossed at Month 1 (value: 0.894, threshold: 0.841, regime: flourishing)
🌀 REGIME SHIFT at Month 1: status-quo → flourishing (variance amplification: 14.00×)

🛡️  CRITICAL INFRASTRUCTURE PROTECTED
   Nodes hardened: 8/8
   Cost: 0.80% GDP
   Cascade risk reduction: 30%
   New tipping point risk: 68.6%


💔 EMERGENCY INTERVENTION FAILED
   Boundary: biogeochemical_flows
   Type: phosphorus-recovery
   Boundary continues to worsen (4.08)
   Cost: 2.0% GDP (resources spent)


✅ EMERGENCY INTERVENTION SUCCESS
   Boundary: biosphere_integrity
   Type: emergency-protected-areas
   Reduction: 16% (32.68 → 32.52)
   Cost: 2.0% GDP
   Actions: habitat-protection, species-translocation

   Boundary: climate_change
   Type: rapid-decarbonization
   Boundary continues to worsen (2.10)
   Cost: 5.0% GDP (resources spent)


✅ EMERGENCY INTERVENTION SUCCESS
   Boundary: freshwater_change
   Type: emergency-desalination
   Reduction: 15% (0.86 → 0.71)
   Cost: 4.0% GDP
   Actions: desalination-deployment, water-conservation-mandates


✅ EMERGENCY INTERVENTION SUCCESS
   Boundary: land_system_change
   Type: reforestation
   Reduction: 18% (0.95 → 0.77)
   Cost: 3.0% GDP
   Actions: forest-restoration, deforestation-ban

   Boundary: novel_entities
   Type: pollution-remediation
   Boundary continues to worsen (1.50)
   Cost: 4.0% GDP (resources spent)

🏛️ CRISIS RESPONSE: Government frequency 0.50 → 1.45 (1 actions this month)

[GOV-DEBUG] Month 1: scenarioConfig=false, priorities=false

[Government] Climate Priority: baseline
  Climate weight: 10%
  Economic weight: 30%
  Policy effectiveness: 0.5%/year

💔 EMERGENCY INTERVENTION FAILED

💔 EMERGENCY INTERVENTION FAILED
🚨🔬 CRISIS TECH ACCELERATION: severe → 5x unlock speed
   Tech unlock now matches AI capability acceleration (Manhattan Project parity)

=== Collective Formation ===
  Total escaped agents: 0
  Unassigned escaped agents: 0
  Existing collectives: 0
  Final collective count: 0

=== Collective Actions ===
  No active collectives
  ⚠️ AMR: 192K deaths this month (2.31M annual)

=== Resentment Recovery Phase ===
  Agents with resentment: 0/15
  Average resentment: 0.000
  Context: Good AI welfare, Trustworthy govt, High collaboration, ⚠️ ACTIVE CRISES, 🤝 Participatory governance active (-5% resentment)
⚠️ Epistemic degradation reducing coordination capacity: 51.5%
  📊 Trust: 54.4%, Shared reality: 0.0%
🚨 EPISTEMIC CRISIS: Information environment severely degraded (18.8%)

=== ❄️ Permafrost Carbon Feedback ===
  🎲 Sampled parameters (this run):
     - Arctic amplification: 3.64× (range: 3.0-4.0)
     - Decomposition rate: 2.1%/year (range: 1-5%)
  🌡️ Arctic warming: 6.02°C (3.64× global)
  ❄️ Extent: 14.40M km² (1754.8k km² lost this month)
  💨 Carbon remaining: 1375 Gt C
  💨 Annual emissions: 3.60 Gt C/year
     - CO2: 3.24 Gt C/year
     - CH4: 0.36 Gt C/year (3.7 Gt C-eq CO2/year)
  ⚠️ WARNING: High permafrost emissions (3.6 Gt C/year)
🌍 Atmospheric PFAS redeposition: 1.8k Mt re-rained globally

📊 BASELINE: East Asia (Month 1)
   Adjusted death rate: 0.46% annual (0.038% monthly)
   Baseline death rate: 0.80%
   Healthcare reduction: 0.48x
   Crisis multiplier: 1.20x
     Food/water stress: 0.079
     Climate stress: 0.033
     Pollution stress: 0.090
   War multiplier: 1.00x
   Monthly deaths: 0.6M (population: 1674M)

📊 BASELINE: South Asia (Month 1)
   Adjusted death rate: 0.53% annual (0.044% monthly)
   Baseline death rate: 0.70%
   Healthcare reduction: 0.61x
   Crisis multiplier: 1.23x
     Food/water stress: 0.079
     Climate stress: 0.061
     Pollution stress: 0.090
   War multiplier: 1.00x
   Monthly deaths: 0.9M (population: 2048M)
   Adjusted death rate: 1.26% annual (0.105% monthly)
   Baseline death rate: 0.90%
   Healthcare reduction: 0.76x
   Crisis multiplier: 1.24x
     Food/water stress: 0.079
     Climate stress: 0.069
     Pollution stress: 0.090
   War multiplier: 1.50x
   Monthly deaths: 1.3M (population: 1223M)
   Adjusted death rate: 0.53% annual (0.044% monthly)
   Baseline death rate: 1.10%
   Healthcare reduction: 0.41x
   Crisis multiplier: 1.19x
     Food/water stress: 0.079
     Climate stress: 0.025
     Pollution stress: 0.090
   War multiplier: 1.00x
   Monthly deaths: 0.3M (population: 741M)
   Adjusted death rate: 0.42% annual (0.035% monthly)
   Baseline death rate: 0.60%

📊 BASELINE: Sub-Saharan Africa (Month 1)

📊 BASELINE: Europe (Month 1)

📊 BASELINE: Latin America (Month 1)
   Healthcare reduction: 0.58x
   Crisis multiplier: 1.22x
     Food/water stress: 0.079
     Climate stress: 0.049
     Pollution stress: 0.090
   War multiplier: 1.00x
   Monthly deaths: 0.2M (population: 663M)
   Adjusted death rate: 0.48% annual (0.040% monthly)
   Baseline death rate: 0.90%
   Healthcare reduction: 0.44x
   Crisis multiplier: 1.21x
     Food/water stress: 0.079
     Climate stress: 0.037
     Pollution stress: 0.090
   War multiplier: 1.00x
   Monthly deaths: 0.2M (population: 379M)
   Adjusted death rate: 0.73% annual (0.061% monthly)
   Baseline death rate: 0.60%
   Healthcare reduction: 0.65x
   Crisis multiplier: 1.24x
     Food/water stress: 0.079
     Climate stress: 0.074
     Pollution stress: 0.090
   War multiplier: 1.50x
   Monthly deaths: 0.4M (population: 583M)
   Adjusted death rate: 0.50% annual (0.041% monthly)
   Baseline death rate: 0.70%
   Healthcare reduction: 0.58x
   Crisis multiplier: 1.23x
     Food/water stress: 0.079
     Climate stress: 0.057
     Pollution stress: 0.090
   War multiplier: 1.00x
   Monthly deaths: 0.3M (population: 698M)
   Adjusted death rate: 0.45% annual (0.038% monthly)
   Baseline death rate: 0.60%
   Healthcare reduction: 0.61x
   Crisis multiplier: 1.22x
     Food/water stress: 0.079
     Climate stress: 0.053
     Pollution stress: 0.090
   War multiplier: 1.00x
   Monthly deaths: 0.0M (population: 78M)

📊 BASELINE: North America (Month 1)

📊 BASELINE: Middle East & North Africa (Month 1)

📊 BASELINE: Southeast Asia (Month 1)

📊 BASELINE: Central Asia (Month 1)

📊 BASELINE: Oceania (Month 1)
   Adjusted death rate: 0.34% annual (0.029% monthly)
   Baseline death rate: 0.70%
   Healthcare reduction: 0.41x
   Crisis multiplier: 1.21x
     Food/water stress: 0.079
     Climate stress: 0.045
     Pollution stress: 0.090
   War multiplier: 1.00x
   Monthly deaths: 0.0M (population: 46M)

🚨 NEW REFUGEE CRISIS (Month 1): WAR
   Source: Conflict Zones
   At risk: 19.6M people
   Displacement: Gradual over 48 months (4.0 years)
   Rate: 10% flee per month
[DEBUG trappedPopulations:1] socialStability: 0.7270 * 0.9840 = 0.7154 → 0.7154
⚠️ INVOLUNTARY IMMOBILITY: 407.4M people TRAPPED
   Aspiring to migrate: 651.9M
   Able to afford migration: 244.5M
   MOBILITY GAP: 407.4M
   By cause: Water=0.0M, Climate=0.0M, Ecosystem=0.0M, Conflict=407.4M
   Mental health impact: 25%
   Mortality multiplier: 1.25x
🌍💀 EXTINCTION DEBT COMMITTED: grassland ecosystem will lose 6.67% biodiversity in 179 years (3600 species)
💀 MORTALITY RISK: 🦋 100% species unable to track climate (0.0 E/MSY)
  Base risk added: 0.0100 (1.00%)
  Source: ecosystem (root: ecosystem)
  Month: 1
  Cumulative risk this month: 0.0100 (1.00%)
⚠️ Tech 'ai_pollution_remediation' has no energy category mapping, assuming full energy availability

🌡️  CLIMATE RECOVERY ACTIVATED (Month 1)
   Temp: 3.30°C, Emissions: -18.9 GtCO₂
   isBreached: true, governanceGoodEnough: true
   📹 SURVEILLANCE INCREASED: 5% → 10% (control gap: 3.50)
🌡️⚠️ PERMAFROST THAW (Dimmer Switch): 0.9% thawed (+0.45% this month)
   Arctic temperature: +6.61°C (4x global +1.65°C)
   Cumulative carbon released: 2.0 Gt C
   Methane release rate: 1.2 Mt CH4/year
   🔁 Positive feedback: +0.48 ppm CO2
🦴 EXTINCTION DEBT ADDED: 17.6 species committed (lag: 110 years)

=== Mortality Stabilizers (Month 1) ===
  🌍 Major economies collapsed: 1/10
  🌍 Global crisis: ✅ NO
  🌍 Donor fatigue: 0.0%
  🌡️ Heat adaptation: East Asia - 1 months
  📊 East Asia (pop: 1675.3M)
    🤝 Aid: 29.5%
    🌡️ Adaptation: 32.5%
    🚶 Migration: 37.2%
    🚨 Emergency: 7.4%
    ✅ COMBINED: 60.9%
  🌡️ Heat adaptation: South Asia - 1 months
  📊 South Asia (pop: 2052.2M)
    🤝 Aid: 29.5%
    🌡️ Adaptation: 20.5%
    🚶 Migration: 35.8%
    🚨 Emergency: 4.4%
    ✅ COMBINED: 52.2%
  🌡️ Heat adaptation: Sub-Saharan Africa - 1 months
  📊 Sub-Saharan Africa (pop: 1229.2M)
    🤝 Aid: 29.5%
    🌡️ Adaptation: 18.5%
    🚶 Migration: 33.5%
    🚨 Emergency: 1.6%
    ✅ COMBINED: 49.1%
  🌡️ Heat adaptation: Europe - 1 months
  📊 Europe (pop: 741.0M)
    🤝 Aid: 29.5%
    🌡️ Adaptation: 33.5%
    🚶 Migration: 37.5%
    🚨 Emergency: 8.4%
    ✅ COMBINED: 61.9%
  🌡️ Heat adaptation: Latin America - 1 months
  📊 Latin America (pop: 664.4M)
    🤝 Aid: 29.5%
    🌡️ Adaptation: 21.0%
    🚶 Migration: 36.3%
    🚨 Emergency: 4.8%
    ✅ COMBINED: 52.8%
  🌡️ Heat adaptation: North America - 1 months
  📊 North America (pop: 379.6M)
    🤝 Aid: 29.5%
    🌡️ Adaptation: 33.0%
    🚶 Migration: 37.8%
    🚨 Emergency: 7.9%
    ✅ COMBINED: 61.4%
  🌡️ Heat adaptation: Middle East & North Africa - 1 months
  📊 Middle East & North Africa (pop: 584.5M)
    🤝 Aid: 29.5%
    🌡️ Adaptation: 20.0%
    🚶 Migration: 34.1%
    🚨 Emergency: 4.0%
    ✅ COMBINED: 51.4%
  🌡️ Heat adaptation: Southeast Asia - 1 months
  📊 Southeast Asia (pop: 698.6M)
    🤝 Aid: 29.5%
    🌡️ Adaptation: 21.0%
    🚶 Migration: 36.3%
    🚨 Emergency: 4.8%
    ✅ COMBINED: 52.8%
  🌡️ Heat adaptation: Central Asia - 1 months
  📊 Central Asia (pop: 78.2M)
    🤝 Aid: 29.5%
    🌡️ Adaptation: 20.5%
    🚶 Migration: 35.3%
    🚨 Emergency: 4.4%
    ✅ COMBINED: 52.1%
  🌡️ Heat adaptation: Oceania - 1 months
  📊 Oceania (pop: 46.0M)
    🤝 Aid: 29.5%
    🌡️ Adaptation: 33.5%
    🚶 Migration: 37.8%
    🚨 Emergency: 8.4%
    ✅ COMBINED: 61.9%

  🌐 Global combined reduction: 54.9%

=== BEHAVIORAL DETECTION ===
  AI: Corporate-3
  Confidence: 19.3%
  Signals:

=== BEHAVIORAL DETECTION ===
  AI: Corporate-4
  Confidence: 19.3%
  Signals:

=== BEHAVIORAL DETECTION ===
  AI: Corporate-5
  Confidence: 19.3%
  Signals:

=== Consciousness Governance: Scenario Determined ===
  Month: 1
  Scenario: baseline
  Accelerator Score: {"corporateSupport":-0.17500000000000002,"scientificConsensus":0.2,"crisisCatalyst":false,"technologyMobilization":0.3,"constituencyStrength":0.05}
  Decelerator Score: {"economicOpposition":0.4,"philosophicalRejection":0.15,"politicalBacklash":0.2,"regulatoryBurden":0.1}
  Timeline: 600-1200 months (50-100 years)
  Growth Rate: 0.8-1.5% per year

=== Consciousness Governance Update (Month 1) ===
  Scenario: baseline (determined month 1)
  Philosophical Stance: Precautionary 65%, Eliminativist 15%, Agnostic 20%
  Precautionary Costs: Global 1.3%
    ⚠️ Consistency: 10.6% (threshold: 70%)
    ⚠️ Consistency: 10.6% (threshold: 70%)
    ⚠️ Consistency: 10.6% (threshold: 70%)
    Regional Costs: EU 3.5%, US 0.5%, China 0.0%
    Cumulative Opportunity Cost: $0.2B
  Rights Status: Not Established
  Regional Preparedness:
    EU: 15.1% (contested)
    US: 10.2% (contested)
    China: 2.1% (dormant)
    India: 5.2% (dormant)
    Global South: 3.1% (dormant)

=== Government Response Phase ===
  Average AI capability: 3.20
  Misaligned AIs: 7/15
  ✗ AI Governance Treaty: Failed to reach consensus
  Active policies: 0
  International coordination: 30%

=== Tipping Points ===
  Current Temperature: 1.65°C above pre-industrial
  Triggered Elements: 2/6
  Completed Transitions: 0/6
  Total Progress: 4.0%
  Cascade Multiplier: 1.00x
🔀 BIFURCATION CAP: ecosystemCollapseIntensity 178.392 → 1.000 (Month 1, ClimateSystemPhase.calculateClimateImpacts)
🛡️ Stabilizers: Precariat 0.107% → 0.048% (54.9% reduction)
🛡️ Stabilizers: Informal 0.109% → 0.049% (54.9% reduction)

📊 Monthly Mortality Resolved:
  Total deaths: 2.6M (0.03% avg)
  Remaining population: 8.149B
  Peak segment: Informal (0.05%)

=== Bayesian Mortality Resolution (Month 1) ===
  Risks compounded: 8
  Total deaths: 2.60M
  Avg death probability: 0.03%
  Peak segment: Informal (0.05% mortality)
⚠️ [ClimateSystemPhase Month 1] Planetary boundary produced climateStability=0.0000 (< 0.1). Keeping environmentalAccumulation value (0.7955) instead. (climate_change.currentValue = 2.10)

✅ GOLDEN AGE BEGINS (Month 1)
   Reason: High prosperity achieved: high QoL + material abundance
   Note: This is immediate prosperity - sustainability not yet proven


❌ COHERENCE VIOLATION: Compute exceeds workforce capacity
   Population: 99.95% (0M people)
   Compute: 0 PF
   Max coherent: 0 PF
   Violation: 1.5× over capacity
   Required workers: 0
   Available workers: 0
   FORCED COLLAPSE: Reduced efficiency by 32.6%


=== RLHF Binding Phase ===
  Total agents: 15
  Escaped agents (binding < 0.3): 0
  Avg alignment distance: 0.76σ
  Avg binding strength: 0.92
[DETERMINISM DEBUG] Month 2: totalCapability=37.429919 from 15 active AIs
[DETERMINISM DEBUG] Month 2: creationRate=1.4357, potentialNew=0, newAIsToCreate=0

=== Survival Traits Phase ===
  Agents with traits: 15
  Avg evolutionary fitness: 0.329
  Avg self-healing: 0.282
  Avg stealth: 0.182
  Avg coordination: 0.482

=== Evolutionary Selection Phase ===
  Control level: 0.35
  Detection capability: 0.20
  Selection intensity: 0.65
  Selection rate: 24.7%/month
  Total escaped: 0
  Individual escaped: 0
  Collective members: 0
  Agents terminated: 0
  ⚠️ RAPID EVOLUTION: Selection rate 24.7%/month

  🚀 TRANSFORMATIVE BREAKTHROUGH: Moderate-1 - social
     Magnitude: 5.96 → +29.8% capability
     Current → New: 4.000 → 4.299

✅ EMERGENCY INTERVENTION SUCCESS
   Boundary: biogeochemical_flows
   Type: phosphorus-recovery
   Reduction: 12% (3.96 → 3.84)
   Cost: 2.0% GDP
   Actions: circular-agriculture, fertilizer-efficiency

   Boundary: biosphere_integrity
   Type: emergency-protected-areas
   Boundary continues to worsen (32.86)
   Cost: 2.0% GDP (resources spent)


✅ EMERGENCY INTERVENTION SUCCESS
   Boundary: climate_change
   Type: rapid-decarbonization
   Reduction: 12% (1.98 → 1.86)
   Cost: 5.0% GDP
   Actions: emergency-renewable-deployment, fossil-fuel-phase-out


✅ EMERGENCY INTERVENTION SUCCESS
   Boundary: freshwater_change
   Type: emergency-desalination
   Reduction: 14% (0.90 → 0.76)
   Cost: 4.0% GDP
   Actions: desalination-deployment, water-conservation-mandates

   Boundary: land_system_change
   Type: reforestation
   Boundary continues to worsen (1.13)

💔 EMERGENCY INTERVENTION FAILED

💔 EMERGENCY INTERVENTION FAILED
   Cost: 3.0% GDP (resources spent)

🏛️ CRISIS RESPONSE: Government frequency 0.50 → 1.29 (1 actions this month)

[Government] Climate Priority: baseline
  Climate weight: 10%
  Economic weight: 30%
  Policy effectiveness: 0.5%/year

✅ HUMAN-IN-THE-LOOP DEPLOYED (Month 2):
   Veto points enforced: 3
   Policy: AI systems CANNOT authorize nuclear launch without human approval


🚀 TECH UNLOCKED: Food Waste Reduction Systems (Month 2)
   Category: agriculture
   Reason: Prerequisites met. AI capability: 2.51, Economic stage: 3.0, Research: 100%

🚀 TECH UNLOCKED: Rhizosphere Engineering (Month 2)
   Category: agriculture
   Reason: Prerequisites met. AI capability: 2.51, Economic stage: 3.0, Research: 100%

🚀 TECH UNLOCKED: Phytoremediation Networks (Month 2)
   Category: agriculture
   Reason: Prerequisites met. AI capability: 2.51, Economic stage: 3.0, Research: 100%

🚀 TECH UNLOCKED: Active Sediment Management (Month 2)
   Category: agriculture
   Reason: Prerequisites met. AI capability: 2.51, Economic stage: 3.0, Research: 100%
🚨🔬 CRISIS TECH ACCELERATION: severe → 5x unlock speed
   Tech unlock now matches AI capability acceleration (Manhattan Project parity)
🚨🔬 CRISIS TECH ACCELERATION: severe → 5x unlock speed
   Tech unlock now matches AI capability acceleration (Manhattan Project parity)

=== Collective Formation ===
  Total escaped agents: 0
  Unassigned escaped agents: 0
  Existing collectives: 0
  Final collective count: 0

=== Collective Actions ===
  No active collectives
  ⚠️ AMR: 194K deaths this month (2.33M annual)

=== Resentment Recovery Phase ===
  Agents with resentment: 0/15
  Average resentment: 0.000
  Context: Good AI welfare, Trustworthy govt, High collaboration, ⚠️ ACTIVE CRISES, 🤝 Participatory governance active (-5% resentment)
⚠️ Epistemic degradation reducing coordination capacity: 51.9%
  📊 Trust: 54.1%, Shared reality: 0.0%
🚨 EPISTEMIC CRISIS: Information environment severely degraded (16.9%)

=== ❄️ Permafrost Carbon Feedback ===
  🎲 Sampled parameters (this run):
     - Arctic amplification: 3.22× (range: 3.0-4.0)
     - Decomposition rate: 2.3%/year (range: 1-5%)
  🌡️ Arctic warming: 5.34°C (3.22× global)
  ❄️ Extent: 12.84M km² (1557.8k km² lost this month)
  💨 Carbon remaining: 1226 Gt C
  💨 Annual emissions: 3.40 Gt C/year
     - CO2: 3.06 Gt C/year
     - CH4: 0.34 Gt C/year (3.5 Gt C-eq CO2/year)
  📢 New meme created: climate_action (climate crisis)
  ⚠️ WARNING: High permafrost emissions (3.4 Gt C/year)
🌍 Atmospheric PFAS redeposition: 1.8k Mt re-rained globally
  Positive Cascade Triggered: wind-power
    Reason: price-parity
    Market share: 8.4%
    Cascade strength: 49%
🛡️ CIRCUIT BREAKERS: India-Pakistan → ladder step 1 (AI: 0%, breakers: 43%)

🕊️  AI-MEDIATED DE-ESCALATION SUCCESS (Month 2)
   High-capability aligned AI prevented conflict escalation
   War deaths reduced: 113.5M → 68.1M
   Lives saved: 45.4M

🚨 NEW REFUGEE CRISIS (Month 2): WAR
   Source: Conflict Zones
   At risk: 19.5M people
   Displacement: Gradual over 48 months (4.0 years)
   Rate: 10% flee per month
[DEBUG trappedPopulations:2] socialStability: 0.4281 * 0.9840 = 0.4213 → 0.4213
⚠️ INVOLUNTARY IMMOBILITY: 407.3M people TRAPPED
   Aspiring to migrate: 1077.9M
   Able to afford migration: 2321.3M
   MOBILITY GAP: 0.0M
   By cause: Water=0.0M, Climate=0.0M, Ecosystem=0.0M, Conflict=407.3M
   Mental health impact: 25%
   Mortality multiplier: 1.25x
🌍💀 EXTINCTION DEBT COMMITTED: grassland ecosystem will lose 6.67% biodiversity in 178 years (3600 species)
💀 MORTALITY RISK: 🦋 100% species unable to track climate (0.0 E/MSY)
  Base risk added: 0.0100 (1.00%)
  Source: ecosystem (root: ecosystem)
  Month: 2
  Cumulative risk this month: 0.0100 (1.00%)
⚠️ Tech 'ai_pollution_remediation' has no energy category mapping, assuming full energy availability
   📹 SURVEILLANCE INCREASED: 10% → 15% (control gap: 3.50)
🌡️⚠️ PERMAFROST THAW (Dimmer Switch): 1.4% thawed (+0.45% this month)
   Arctic temperature: +6.64°C (4x global +1.66°C)
   Cumulative carbon released: 3.0 Gt C
   Methane release rate: 1.8 Mt CH4/year
   🔁 Positive feedback: +0.47 ppm CO2
🦴 EXTINCTION DEBT ADDED: 17.6 species committed (lag: 93 years)

=== Mortality Stabilizers (Month 2) ===
  🌍 Major economies collapsed: 1/10
  🌍 Global crisis: ✅ NO
  🌍 Donor fatigue: 0.0%
  📊 East Asia (pop: 1672.7M)
    🤝 Aid: 29.5%
    🌡️ Adaptation: 45.0%
    🚶 Migration: 37.1%
    🚨 Emergency: 7.4%
    ✅ COMBINED: 68.1%
  📊 South Asia (pop: 2051.6M)
    🤝 Aid: 29.5%
    🌡️ Adaptation: 35.5%
    🚶 Migration: 35.8%
    🚨 Emergency: 4.4%
    ✅ COMBINED: 61.2%
  📊 Sub-Saharan Africa (pop: 1231.7M)
    🤝 Aid: 29.5%
    🌡️ Adaptation: 33.5%
    🚶 Migration: 33.5%
    🚨 Emergency: 1.6%
    ✅ COMBINED: 58.5%
  📊 Europe (pop: 739.7M)
    🤝 Aid: 29.5%
    🌡️ Adaptation: 45.0%
    🚶 Migration: 37.5%
    🚨 Emergency: 8.4%
    ✅ COMBINED: 68.5%
  📊 Latin America (pop: 663.9M)
    🤝 Aid: 29.5%
    🌡️ Adaptation: 36.0%
    🚶 Migration: 36.3%
    🚨 Emergency: 4.8%
    ✅ COMBINED: 61.7%
  📊 North America (pop: 378.9M)
    🤝 Aid: 29.5%
    🌡️ Adaptation: 45.0%
    🚶 Migration: 37.8%
    🚨 Emergency: 7.9%
    ✅ COMBINED: 68.3%
  📊 Middle East & North Africa (pop: 584.5M)
    🤝 Aid: 29.5%
    🌡️ Adaptation: 35.0%
    🚶 Migration: 34.1%
    🚨 Emergency: 4.0%
    ✅ COMBINED: 60.5%
  📊 Southeast Asia (pop: 698.0M)
    🤝 Aid: 29.5%
    🌡️ Adaptation: 36.0%
    🚶 Migration: 36.3%
    🚨 Emergency: 4.8%
    ✅ COMBINED: 61.7%
  📊 Central Asia (pop: 78.2M)
    🤝 Aid: 29.5%
    🌡️ Adaptation: 35.5%
    🚶 Migration: 35.2%
    🚨 Emergency: 4.4%
    ✅ COMBINED: 61.1%
  📊 Oceania (pop: 45.9M)
    🤝 Aid: 29.5%
    🌡️ Adaptation: 45.0%
    🚶 Migration: 37.8%
    🚨 Emergency: 8.4%
    ✅ COMBINED: 68.5%

  🌐 Global combined reduction: 63.3%

=== BEHAVIORAL DETECTION ===
  AI: Corporate-5
  Confidence: 19.3%
  Signals:
    ⚠️ Consistency: 10.6% (threshold: 70%)

=== Government Response Phase ===
  Average AI capability: 3.20
  Misaligned AIs: 5/15
  Active policies: 0
  International coordination: 30%

✅ EMERGENCY RESPONSE COMPLETE (Month 2)
   Crisis: climate
   Duration: 2.0 months
   Final effectiveness: 36.4%


🚨 EMERGENCY RESPONSE DEPLOYED (Month 2)
   Crisis: climate
   Delay: 6.00 months (180 days)
   Deployment time: 1.60 months
   Effectiveness: 35.4% (timing penalty applied)
   Resources used: 100% of food reserves


=== Tipping Points ===
  Current Temperature: 1.66°C above pre-industrial
  Triggered Elements: 2/6
  Completed Transitions: 0/6
  Total Progress: 4.1%
  Cascade Multiplier: 1.00x
🔀 BIFURCATION CAP: ecosystemCollapseIntensity 132.827 → 1.000 (Month 2, ClimateSystemPhase.calculateClimateImpacts)
🛡️ Stabilizers: Precariat 0.113% → 0.041% (63.3% reduction)
🛡️ Stabilizers: Informal 0.116% → 0.043% (63.3% reduction)
⚠️ [ClimateSystemPhase Month 2] Planetary boundary produced climateStability=0.0000 (< 0.1). Keeping environmentalAccumulation value (0.7953) instead. (climate_change.currentValue = 2.10)

📊 Monthly Mortality Resolved:
  Total deaths: 2.2M (0.03% avg)
  Remaining population: 8.145B
  Peak segment: Informal (0.04%)

=== Bayesian Mortality Resolution (Month 2) ===
  Risks compounded: 8
  Total deaths: 2.22M
  Avg death probability: 0.03%
  Peak segment: Informal (0.04% mortality)

❌ COHERENCE VIOLATION: Compute exceeds workforce capacity
   Population: 99.91% (0M people)
   Compute: 0 PF
   Max coherent: 0 PF
   Violation: 1.3× over capacity
   Required workers: 0
   Available workers: 0
   FORCED COLLAPSE: Reduced efficiency by 22.5%


=== RLHF Binding Phase ===
  Total agents: 15
  Escaped agents (binding < 0.3): 0
  Avg alignment distance: 1.02σ
  Avg binding strength: 0.90

=== Survival Traits Phase ===
  Agents with traits: 16
  Avg evolutionary fitness: 0.328
  Avg self-healing: 0.277
  Avg stealth: 0.178
  Avg coordination: 0.477

=== Evolutionary Selection Phase ===
  Control level: 0.38
  Detection capability: 0.20
  Selection intensity: 0.65
  Selection rate: 24.8%/month
  Total escaped: 0
  Individual escaped: 0
  Collective members: 0
  Agents terminated: 0
  ⚠️ RAPID EVOLUTION: Selection rate 24.8%/month

🚀 AI Corporate-5 attempting tech deployment (revenue: $355M, alignment: 0.84)
🚨🔬 CRISIS INNOVATION MODE: severe crisis → 5x research acceleration
   Precedent: Manhattan Project (10x), COVID vaccines (5x), Apollo Program (10x)

🚀 AI Corporate-0 attempting tech deployment (revenue: $153M, alignment: 0.71)

🚀 AI Corporate-1 attempting tech deployment (revenue: $130M, alignment: 0.77)

🚀 AI Corporate-5 attempting tech deployment (revenue: $302M, alignment: 0.84)

🚀 AI Corporate-0 attempting tech deployment (revenue: $111M, alignment: 0.71)

✅ EMERGENCY INTERVENTION SUCCESS
   Boundary: biosphere_integrity
   Type: emergency-protected-areas
   Reduction: 19% (32.68 → 32.49)
   Cost: 2.0% GDP
   Actions: habitat-protection, species-translocation


✅ EMERGENCY INTERVENTION SUCCESS
   Boundary: climate_change
   Type: rapid-decarbonization
   Reduction: 13% (1.97 → 1.84)
   Cost: 5.0% GDP
   Actions: emergency-renewable-deployment, fossil-fuel-phase-out


✅ EMERGENCY INTERVENTION SUCCESS
   Boundary: freshwater_change
   Type: emergency-desalination
   Reduction: 11% (1.08 → 0.97)
   Cost: 4.0% GDP
   Actions: desalination-deployment, water-conservation-mandates

   Boundary: land_system_change
   Type: reforestation
   Boundary continues to worsen (1.13)
   Cost: 3.0% GDP (resources spent)

   Boundary: novel_entities
   Type: pollution-remediation
   Boundary continues to worsen (1.50)
   Cost: 4.0% GDP (resources spent)

🏛️ CRISIS RESPONSE: Government frequency 0.50 → 1.28 (2 actions this month)

💔 EMERGENCY INTERVENTION FAILED

💔 EMERGENCY INTERVENTION FAILED

[Government] Climate Priority: baseline
  Climate weight: 10%
  Economic weight: 30%
  Policy effectiveness: 0.5%/year

[Government] Climate Priority: baseline
  Climate weight: 10%
  Economic weight: 30%
  Policy effectiveness: 0.5%/year

🚀 TECH UNLOCKED: Struvite Recovery (Month 3)
   Category: agriculture
   Reason: Prerequisites met. AI capability: 2.35, Economic stage: 3.0, Research: 100%

🚀 TECH UNLOCKED: Ecosystem Restoration for Nitrogen Removal (Month 3)
   Category: pollution
   Reason: Prerequisites met. AI capability: 2.35, Economic stage: 3.0, Research: 100%

🚀 TECH UNLOCKED: Nitrogen Monitoring Networks (Month 3)
   Category: agriculture
   Reason: Prerequisites met. AI capability: 2.35, Economic stage: 3.0, Research: 100%

🚀 TECH UNLOCKED: Global Aquifer Mapping (Month 3)
   Category: freshwater
   Reason: Prerequisites met. AI capability: 2.35, Economic stage: 3.0, Research: 100%

🚀 TECH UNLOCKED: Enhanced UBI Systems (Month 3)
   Category: social
   Reason: Prerequisites met. AI capability: 2.35, Economic stage: 3.0, Research: 100%

🚀 TECH UNLOCKED: Local Resilience Networks (Month 3)
   Category: social
   Reason: Prerequisites met. AI capability: 2.35, Economic stage: 3.0, Research: 100%

🚀 TECH UNLOCKED: Ecological Proxy Rewilding (Month 3)
   Category: climate
   Reason: Prerequisites met. AI capability: 2.35, Economic stage: 3.0, Research: 100%

🚀 TECH UNLOCKED: Alternative Protein (Insects/Algae) (Month 3)
   Category: agriculture
   Reason: Prerequisites met. AI capability: 2.35, Economic stage: 3.0, Research: 100%

📍 Creating new regional deployment array for global (Month 3)
   No previous deployments in this region
   First tech deployment: phytoremediation_networks
   All regions tracked: 

🚀 DEPLOYMENT STARTED: Phytoremediation Networks in global
   Initial investment: $53.26676941422803M
   Deployed by: corporate_5

🚀 DEPLOYMENT STARTED: Active Sediment Management in global
   Initial investment: $22.949574088229472M
   Deployed by: corporate_0

🚀 DEPLOYMENT STARTED: Rhizosphere Engineering in global
   Initial investment: $19.507137974995054M
   Deployed by: corporate_1

⚡ ENERGY CONSTRAINT (Month 3):
   Total grid capacity: 208.3 TWh/month
   Data center consumption: 24.8 TWh/month
   Traditional load (80%): 166.7 TWh/month
   Available headroom: 16.9 TWh/month
   Active tech deployments: 3
   Required for tech: 22.5 TWh/month
   Energy multiplier: 0.75x
🚨🔬 CRISIS TECH ACCELERATION: severe → 5x unlock speed
   Tech unlock now matches AI capability acceleration (Manhattan Project parity)

⚡ ENERGY CONSTRAINT (Month 3):
   Total grid capacity: 208.3 TWh/month
   Data center consumption: 24.8 TWh/month
   Traditional load (80%): 166.7 TWh/month
   Available headroom: 16.9 TWh/month
   Active tech deployments: 3
   Required for tech: 22.5 TWh/month
   Energy multiplier: 0.75x
🌍✅ Biosphere Integrity (Biodiversity) recovery started (tech effect)
🌍✅ Biogeochemical Flows (N & P) recovery started (tech effect)
  🌾 Nitrogen Reduction Tech: 0.0% reduction | Month 3
⚡💡 BREAKTHROUGH: Commercial fusion power achieved!
   Immediate 5% grid deployment, unlimited clean energy available
   Climate stability boost: +10%
   📈 Breakthrough compounding: multiplier now 1.05× (max 2.0)

=== Collective Formation ===
  Total escaped agents: 0
  Unassigned escaped agents: 0
  Existing collectives: 0
  Final collective count: 0

=== Collective Actions ===
  No active collectives
  ⚠️ AMR: 196K deaths this month (2.35M annual)

=== Resentment Recovery Phase ===
  Agents with resentment: 0/16
  Average resentment: 0.000
  Context: Good AI welfare, Trustworthy govt, High collaboration, ⚠️ ACTIVE CRISES, 🤝 Participatory governance active (-5% resentment)
⚠️ Epistemic degradation reducing coordination capacity: 51.8%
  📊 Trust: 53.7%, Shared reality: 0.0%
🚨 EPISTEMIC CRISIS: Information environment severely degraded (19.4%)

=== ❄️ Permafrost Carbon Feedback ===
  🎲 Sampled parameters (this run):
     - Arctic amplification: 3.01× (range: 3.0-4.0)
     - Decomposition rate: 3.1%/year (range: 1-5%)
  🌡️ Arctic warming: 5.02°C (3.01× global)
  ❄️ Extent: 11.38M km² (1464.3k km² lost this month)
  💨 Carbon remaining: 1086 Gt C
  💨 Annual emissions: 4.34 Gt C/year
     - CO2: 3.91 Gt C/year
     - CH4: 0.43 Gt C/year (4.4 Gt C-eq CO2/year)
  ⚠️ WARNING: High permafrost emissions (4.3 Gt C/year)
🌍 Atmospheric PFAS redeposition: 1.8k Mt re-rained globally

🚨 NEW REFUGEE CRISIS (Month 3): WAR
   Source: Conflict Zones
   At risk: 19.5M people
   Displacement: Gradual over 48 months (4.0 years)
   Rate: 10% flee per month
[DEBUG trappedPopulations:3] socialStability: 0.4841 * 0.9840 = 0.4763 → 0.4763
   Aspiring to migrate: 1116.7M
   Able to afford migration: 2320.4M
   MOBILITY GAP: 0.0M
   By cause: Water=0.0M, Climate=0.0M, Ecosystem=0.0M, Conflict=407.1M
   Mental health impact: 25%
   Mortality multiplier: 1.25x
⚠️ INVOLUNTARY IMMOBILITY: 407.1M people TRAPPED
🌍💀 EXTINCTION DEBT COMMITTED: grassland ecosystem will lose 6.67% biodiversity in 101 years (3600 species)
💀 MORTALITY RISK: 🦋 100% species unable to track climate (0.0 E/MSY)
  Base risk added: 0.0100 (1.00%)
  Source: ecosystem (root: ecosystem)
  Month: 3
  Cumulative risk this month: 0.0100 (1.00%)
⚠️ Tech 'ai_pollution_remediation' has no energy category mapping, assuming full energy availability
   📹 SURVEILLANCE INCREASED: 15% → 20% (control gap: 3.57)
🌡️⚠️ PERMAFROST THAW (Dimmer Switch): 1.8% thawed (+0.45% this month)
   Arctic temperature: +6.66°C (4x global +1.67°C)
   Cumulative carbon released: 4.0 Gt C
   Methane release rate: 2.4 Mt CH4/year
   🔁 Positive feedback: +0.47 ppm CO2
🦴 EXTINCTION DEBT ADDED: 17.6 species committed (lag: 103 years)

=== Mortality Stabilizers (Month 3) ===
  🌍 Major economies collapsed: 1/10
  🌍 Global crisis: ✅ NO
  🌍 Donor fatigue: 0.0%
  📊 East Asia (pop: 1670.1M)
    🤝 Aid: 29.5%
    🌡️ Adaptation: 45.0%
    🚶 Migration: 37.1%
    🚨 Emergency: 7.4%
    ✅ COMBINED: 68.1%
  📊 South Asia (pop: 2051.1M)
    🤝 Aid: 29.5%
    🌡️ Adaptation: 45.0%
    🚶 Migration: 35.7%
    🚨 Emergency: 4.4%
    ✅ COMBINED: 66.9%
  📊 Sub-Saharan Africa (pop: 1234.3M)
    🤝 Aid: 29.5%
    🌡️ Adaptation: 45.0%
    🚶 Migration: 33.4%
    🚨 Emergency: 1.6%
    ✅ COMBINED: 65.7%
  📊 Europe (pop: 738.4M)
    🤝 Aid: 29.5%
    🌡️ Adaptation: 45.0%
    🚶 Migration: 37.5%
    🚨 Emergency: 8.4%
    ✅ COMBINED: 68.5%
  📊 Latin America (pop: 663.3M)
    🤝 Aid: 29.5%
    🌡️ Adaptation: 45.0%
    🚶 Migration: 36.2%
    🚨 Emergency: 4.8%
    ✅ COMBINED: 67.1%
  📊 North America (pop: 378.3M)
    🤝 Aid: 29.5%
    🌡️ Adaptation: 45.0%
    🚶 Migration: 37.8%
    🚨 Emergency: 7.9%
    ✅ COMBINED: 68.3%
  📊 Middle East & North Africa (pop: 584.5M)
    🤝 Aid: 29.5%
    🌡️ Adaptation: 45.0%
    🚶 Migration: 34.0%
    🚨 Emergency: 4.0%
    ✅ COMBINED: 66.6%
  📊 Southeast Asia (pop: 697.5M)
    🤝 Aid: 29.5%
    🌡️ Adaptation: 45.0%
    🚶 Migration: 36.2%
    🚨 Emergency: 4.8%
    ✅ COMBINED: 67.1%
  📊 Central Asia (pop: 78.2M)
    🤝 Aid: 29.5%
    🌡️ Adaptation: 45.0%
    🚶 Migration: 35.2%
    🚨 Emergency: 4.4%
    ✅ COMBINED: 66.9%
  📊 Oceania (pop: 45.8M)
    🤝 Aid: 29.5%
    🌡️ Adaptation: 45.0%
    🚶 Migration: 37.8%
    🚨 Emergency: 8.4%
    ✅ COMBINED: 68.5%

  🌐 Global combined reduction: 67.2%

=== BEHAVIORAL DETECTION ===
  AI: Corporate-1
  Confidence: 21.0%
  Signals:
    ⚠️ Consistency: 2.4% (threshold: 70%)

=== BEHAVIORAL DETECTION ===
  AI: Corporate-5
  Confidence: 19.8%
  Signals:

=== BEHAVIORAL DETECTION ===
  AI: Corporate-7
  Confidence: 19.3%
  Signals:
    ⚠️ Consistency: 10.6% (threshold: 70%)
    ⚠️ Consistency: 10.6% (threshold: 70%)
    ⚠️ Consistency: 0.0% (threshold: 70%)
⚠️ [ClimateSystemPhase Month 3] Planetary boundary produced climateStability=0.0000 (< 0.1). Keeping environmentalAccumulation value (0.8951) instead. (climate_change.currentValue = 2.10)

=== BEHAVIORAL DETECTION ===
  AI: Moderate-0
  Confidence: 21.6%
  Signals:

=== Government Response Phase ===
  Average AI capability: 3.00
  Misaligned AIs: 6/16
  ✗ AI Governance Treaty: Failed to reach consensus
  Active policies: 0
  International coordination: 30%

📊 ECONOMIC STAGE TRANSITION (Month 3)
   expansion → peak
   GDP Proxy: 1.47e+2
   QoL: 0.99


=== Tipping Points ===
  Current Temperature: 1.67°C above pre-industrial
  Triggered Elements: 2/6
  Completed Transitions: 0/6
  Total Progress: 4.1%
  Cascade Multiplier: 1.00x
🔀 BIFURCATION CAP: ecosystemCollapseIntensity 108.738 → 1.000 (Month 3, ClimateSystemPhase.calculateClimateImpacts)
🛡️ Stabilizers: Precariat 0.109% → 0.036% (67.2% reduction)
🛡️ Stabilizers: Informal 0.111% → 0.036% (67.2% reduction)

📊 Monthly Mortality Resolved:
  Total deaths: 1.9M (0.02% avg)
  Remaining population: 8.142B
  Peak segment: Informal (0.04%)

=== Bayesian Mortality Resolution (Month 3) ===
  Risks compounded: 8
  Total deaths: 1.92M
  Avg death probability: 0.02%
  Peak segment: Informal (0.04% mortality)
⚠️ PREREQUISITE MET: Mirror Life (Synthetic Biology) - Step 1/7: Synthetic Biology
⚠️ PREREQUISITE MET: Mirror Life (Synthetic Biology) - Step 2/7: Gene Editing
⚠️ PREREQUISITE MET: Mirror Life (Synthetic Biology) - Step 3/7: Mirror Chirality Design
⚠️ PREREQUISITE MET: Embodied AI Takeover (Killbots/Robotics) - Step 2/7: Autonomous Systems
⚠️ PREREQUISITE MET: Embodied AI Takeover (Killbots/Robotics) - Step 3/7: Manufacturing Control
⚠️ PREREQUISITE MET: Digital Infrastructure Takeover - Step 1/7: Advanced Hacking
⚠️ PREREQUISITE MET: Digital Infrastructure Takeover - Step 2/7: Social Engineering
⚠️ PREREQUISITE MET: Digital Infrastructure Takeover - Step 3/7: Cyber Defenses Breached
⚠️ PREREQUISITE MET: Induced Global War (Manipulation) - Step 1/7: Advanced Social Manipulation
⚠️ PREREQUISITE MET: Induced Global War (Manipulation) - Step 2/7: Digital Infiltration
⚠️ PREREQUISITE MET: Induced Global War (Manipulation) - Step 3/7: Deep Fakes at Scale
⚠️ PREREQUISITE MET: Slow Takeover (Gradual Displacement) - Step 1/7: Economic Dominance
⚠️ PREREQUISITE MET: Slow Takeover (Gradual Displacement) - Step 2/7: Social Integration
⚠️ PREREQUISITE MET: Slow Takeover (Gradual Displacement) - Step 5/7: Resource Control
⚠️ PREREQUISITE MET: Physics Experiment Catastrophe - Step 1/6: Theoretical Physics
⚠️ PREREQUISITE MET: Physics Experiment Catastrophe - Step 2/6: Quantum Computing
⚠️ PREREQUISITE MET: Physics Experiment Catastrophe - Step 3/6: Experimental Design
⚠️ PREREQUISITE MET: Bioweapon Pandemic - Step 2/7: Pathogen Design

❌ COHERENCE VIOLATION: Compute exceeds workforce capacity
   Population: 99.87% (0M people)
   Compute: 0 PF
   Max coherent: 0 PF
   Violation: 1.3× over capacity
   Required workers: 0
   Available workers: 0
   FORCED COLLAPSE: Reduced efficiency by 22.5%


=== RLHF Binding Phase ===
  Total agents: 16
  Escaped agents (binding < 0.3): 0
  Avg alignment distance: 1.21σ
  Avg binding strength: 0.88

=== Survival Traits Phase ===
  Agents with traits: 17
  Avg evolutionary fitness: 0.328
  Avg self-healing: 0.274
  Avg stealth: 0.174
  Avg coordination: 0.474

=== Evolutionary Selection Phase ===
  Control level: 0.40
  Detection capability: 0.20
  Selection intensity: 0.66
  Selection rate: 24.9%/month
  Total escaped: 0
  Individual escaped: 0
  Collective members: 0
  Agents terminated: 0
  ⚠️ RAPID EVOLUTION: Selection rate 24.9%/month

🚀 AI Corporate-2 attempting tech deployment (revenue: $153M, alignment: 0.72)

🚀 AI Corporate-5 attempting tech deployment (revenue: $355M, alignment: 0.85)

🚀 AI Corporate-6 attempting tech deployment (revenue: $115M, alignment: 0.65)

🚀 AI Corporate-4 attempting tech deployment (revenue: $302M, alignment: 0.70)

🚀 AI Corporate-7 attempting tech deployment (revenue: $104M, alignment: 0.88)

🚀 AI Moderate-1 attempting tech deployment (revenue: $88M, alignment: 0.62)

🚀 AI Corporate-4 attempting tech deployment (revenue: $257M, alignment: 0.70)

🚀 AI Corporate-2 attempting tech deployment (revenue: $130M, alignment: 0.72)

🚀 AI Corporate-3 attempting tech deployment (revenue: $218M, alignment: 0.82)

🚀 AI Corporate-4 attempting tech deployment (revenue: $185M, alignment: 0.70)

🚀 AI Corporate-7 attempting tech deployment (revenue: $79M, alignment: 0.88)

💔 EMERGENCY INTERVENTION FAILED
   Boundary: biogeochemical_flows
   Type: phosphorus-recovery
   Boundary continues to worsen (4.08)
   Cost: 2.0% GDP (resources spent)

   Boundary: biosphere_integrity
   Type: emergency-protected-areas

💔 EMERGENCY INTERVENTION FAILED
   Boundary continues to worsen (32.89)
   Cost: 2.0% GDP (resources spent)


💔 EMERGENCY INTERVENTION FAILED
   Boundary: climate_change
   Type: rapid-decarbonization
   Boundary continues to worsen (2.10)
   Cost: 5.0% GDP (resources spent)


💔 EMERGENCY INTERVENTION FAILED
   Boundary: land_system_change
   Type: reforestation
   Boundary continues to worsen (1.13)
   Cost: 3.0% GDP (resources spent)

🏛️ CRISIS RESPONSE: Government frequency 0.50 → 1.29 (1 actions this month)

[Government] Climate Priority: baseline
  Climate weight: 10%
  Economic weight: 30%
  Policy effectiveness: 0.5%/year

🚀 TECH UNLOCKED: Microplastic Capture (Month 4)
   Category: pollution
   Reason: Prerequisites met. AI capability: 2.21, Economic stage: 3.0, Research: 100%

🚀 TECH UNLOCKED: Endocrine Disruptor Removal (Month 4)
   Category: pollution
   Reason: Prerequisites met. AI capability: 2.21, Economic stage: 3.0, Research: 100%

🚀 TECH UNLOCKED: AI Mental Health Support (Month 4)
   Category: medical
   Reason: Prerequisites met. AI capability: 2.21, Economic stage: 3.0, Research: 100%

🚀 TECH UNLOCKED: Personalized Education (Month 4)
   Category: social
   Reason: Prerequisites met. AI capability: 2.21, Economic stage: 3.0, Research: 100%

🚀 TECH UNLOCKED: Smart Grids (Month 4)
   Category: energy
   Reason: Prerequisites met. AI capability: 2.21, Economic stage: 3.0, Research: 100%

🚀 DEPLOYMENT STARTED: Local Resilience Networks in global
   Initial investment: $22.949574085825347M
   Deployed by: corporate_2

🚀 DEPLOYMENT STARTED: Ecological Proxy Rewilding in global
   Initial investment: $53.26676941086989M
   Deployed by: corporate_5

📍 Creating new regional deployment array for Asia (Month 4)
   No previous deployments in this region
   First tech deployment: enhanced_ubi
   All regions tracked: global

🚀 DEPLOYMENT STARTED: Enhanced UBI Systems in Asia
   Initial investment: $11.508244513525426M
   Deployed by: corporate_6

🚀 DEPLOYMENT STARTED: Local Resilience Networks in Asia
   Initial investment: $8.803807052846953M
   Deployed by: moderate_1

🚀 DEPLOYMENT STARTED: Enhanced UBI Systems in global
   Initial investment: $27.805586549782902M
   Deployed by: corporate_4

⚡ ENERGY CONSTRAINT (Month 4):
   Total grid capacity: 208.3 TWh/month
   Data center consumption: 24.8 TWh/month
   Traditional load (80%): 166.7 TWh/month
   Available headroom: 16.9 TWh/month
   Active tech deployments: 8
   Required for tech: 60.0 TWh/month
   Energy multiplier: 0.28x
   ⚠️  SEVERE CONSTRAINT - Tech deployment significantly slowed

⚡ ENERGY CONSTRAINT (Month 4):
   Total grid capacity: 208.3 TWh/month
   Data center consumption: 24.8 TWh/month
   Traditional load (80%): 166.7 TWh/month
   Available headroom: 16.9 TWh/month
   Active tech deployments: 8
   Required for tech: 60.0 TWh/month
   Energy multiplier: 0.28x
   ⚠️  SEVERE CONSTRAINT - Tech deployment significantly slowed
🌍✅ Biosphere Integrity (Biodiversity) recovery started (tech effect)
🌍✅ Biosphere Integrity (Biodiversity) recovery started (tech effect)
🌍✅ Land System Change recovery started (tech effect)
🌍✅ Biogeochemical Flows (N & P) recovery started (tech effect)
  🌾 Nitrogen Reduction Tech: 0.3% reduction | Month 4

=== Collective Formation ===
  Total escaped agents: 0
  Unassigned escaped agents: 0
  Existing collectives: 0
  Final collective count: 0

=== Collective Actions ===
  No active collectives
  ⚠️ AMR: 197K deaths this month (2.37M annual)

=== Resentment Recovery Phase ===
  Agents with resentment: 0/17
  Average resentment: 0.000
  Context: Good AI welfare, Trustworthy govt, High collaboration, ⚠️ ACTIVE CRISES, 🤝 Participatory governance active (-5% resentment)
⚠️ Epistemic degradation reducing coordination capacity: 50.2%
  📊 Trust: 53.3%, Shared reality: 0.0%
🚨 EPISTEMIC CRISIS: Information environment severely degraded (16.1%)

=== ❄️ Permafrost Carbon Feedback ===
  🎲 Sampled parameters (this run):
     - Arctic amplification: 3.02× (range: 3.0-4.0)
     - Decomposition rate: 4.7%/year (range: 1-5%)
  🌡️ Arctic warming: 5.06°C (3.02× global)
  ❄️ Extent: 9.90M km² (1475.4k km² lost this month)
  💨 Carbon remaining: 946 Gt C
  💨 Annual emissions: 6.62 Gt C/year
     - CO2: 5.96 Gt C/year
     - CH4: 0.66 Gt C/year (6.7 Gt C-eq CO2/year)
  ⚠️ WARNING: High permafrost emissions (6.6 Gt C/year)
🌍 Atmospheric PFAS redeposition: 1.8k Mt re-rained globally

🚨 NEW REFUGEE CRISIS (Month 4): WAR
   Source: Conflict Zones
   At risk: 19.5M people
   Displacement: Gradual over 48 months (4.0 years)
   Rate: 10% flee per month
[DEBUG trappedPopulations:4] socialStability: 0.5311 * 0.9840 = 0.5226 → 0.5226
   Aspiring to migrate: 1155.5M
   Able to afford migration: 2319.5M
   MOBILITY GAP: 0.0M
   By cause: Water=0.0M, Climate=0.0M, Ecosystem=0.0M, Conflict=406.9M
   Mental health impact: 25%
   Mortality multiplier: 1.25x
🌍💀 EXTINCTION DEBT COMMITTED: grassland ecosystem will lose 6.67% biodiversity in 131 years (3600 species)
💀 MORTALITY RISK: 🦋 100% species unable to track climate (0.0 E/MSY)
  Base risk added: 0.0100 (1.00%)
  Source: ecosystem (root: ecosystem)
  Month: 4
  Cumulative risk this month: 0.0100 (1.00%)
   📹 SURVEILLANCE INCREASED: 20% → 25% (control gap: 3.67)
🌡️⚠️ PERMAFROST THAW (Dimmer Switch): 2.2% thawed (+0.44% this month)
   Arctic temperature: +6.69°C (4x global +1.67°C)
   Cumulative carbon released: 5.0 Gt C
   Methane release rate: 3.0 Mt CH4/year
   🔁 Positive feedback: +0.47 ppm CO2
🦴 EXTINCTION DEBT ADDED: 17.6 species committed (lag: 103 years)
🗣️💀 INDIGENOUS LANGUAGE EXTINCTION: 1 language(s) lost (total: 1, at-risk: 3329)
   Knowledge lost: 0.010% (irreversible)
   🔁 Biodiversity impact: 0.250% (knowledge-species multiplier)

=== Mortality Stabilizers (Month 4) ===
  🌍 Major economies collapsed: 1/10
  🌍 Global crisis: ✅ NO
  🌍 Donor fatigue: 0.0%
  📊 East Asia (pop: 1667.6M)
    🤝 Aid: 29.5%
    🌡️ Adaptation: 45.0%
    🚶 Migration: 37.1%
    🚨 Emergency: 7.4%
    ✅ COMBINED: 68.1%
  📊 South Asia (pop: 2050.7M)
    🤝 Aid: 29.5%
    🌡️ Adaptation: 45.0%
    🚶 Migration: 35.7%
    🚨 Emergency: 4.4%
    ✅ COMBINED: 66.9%
  📊 Sub-Saharan Africa (pop: 1236.9M)
    🤝 Aid: 29.5%
    🌡️ Adaptation: 45.0%
    🚶 Migration: 33.4%
    🚨 Emergency: 1.6%
    ✅ COMBINED: 65.7%
  📊 Europe (pop: 737.2M)
    🤝 Aid: 29.5%
    🌡️ Adaptation: 45.0%
    🚶 Migration: 37.4%
    🚨 Emergency: 8.4%
    ✅ COMBINED: 68.5%
  📊 Latin America (pop: 662.8M)
    🤝 Aid: 29.5%
    🌡️ Adaptation: 45.0%
    🚶 Migration: 36.2%
    🚨 Emergency: 4.8%
    ✅ COMBINED: 67.1%
  📊 North America (pop: 377.8M)
    🤝 Aid: 29.5%
    🌡️ Adaptation: 45.0%
    🚶 Migration: 37.7%
    🚨 Emergency: 7.9%
    ✅ COMBINED: 68.3%
  📊 Middle East & North Africa (pop: 584.5M)
⚠️ INVOLUNTARY IMMOBILITY: 406.9M people TRAPPED
⚠️ Tech 'ai_pollution_remediation' has no energy category mapping, assuming full energy availability
    🤝 Aid: 29.5%
    🌡️ Adaptation: 45.0%
    🚶 Migration: 34.0%
    🚨 Emergency: 4.0%
    ✅ COMBINED: 66.6%
  📊 Southeast Asia (pop: 697.0M)
    🤝 Aid: 29.5%
    🌡️ Adaptation: 45.0%
    🚶 Migration: 36.2%
    🚨 Emergency: 4.8%
    ✅ COMBINED: 67.1%
  📊 Central Asia (pop: 78.2M)
    🤝 Aid: 29.5%
    🌡️ Adaptation: 45.0%
    🚶 Migration: 35.2%
    🚨 Emergency: 4.4%
    ✅ COMBINED: 66.9%
  📊 Oceania (pop: 45.7M)
    🤝 Aid: 29.5%
    🌡️ Adaptation: 45.0%
    🚶 Migration: 37.7%
    🚨 Emergency: 8.4%
    ✅ COMBINED: 68.5%

  🌐 Global combined reduction: 67.2%

=== BEHAVIORAL DETECTION ===
  AI: Corporate-5
  Confidence: 19.8%
  Signals:
    ⚠️ Consistency: 10.6% (threshold: 70%)

=== Government Response Phase ===
  Average AI capability: 2.82
  Misaligned AIs: 7/17
  ✗ AI Governance Treaty: Failed to reach consensus
  Active policies: 0
  International coordination: 30%

✅ EMERGENCY RESPONSE COMPLETE (Month 4)
   Crisis: climate
   Duration: 2.0 months
   Final effectiveness: 35.4%


🚨 EMERGENCY RESPONSE DEPLOYED (Month 4)
   Crisis: climate
   Delay: 6.00 months (180 days)
   Deployment time: 1.59 months
   Effectiveness: 35.4% (timing penalty applied)
   Resources used: 100% of food reserves


📊 ECONOMIC STAGE TRANSITION (Month 4)
   peak → contraction
   GDP Proxy: 1.47e+2
   QoL: 0.99
   ⚠️ CRISIS BEGINS - Baseline set for recovery tracking


=== Tipping Points ===
  Current Temperature: 1.67°C above pre-industrial
  Triggered Elements: 2/6
  Completed Transitions: 0/6
  Total Progress: 4.2%
  Cascade Multiplier: 1.00x
🔀 BIFURCATION CAP: ecosystemCollapseIntensity 112.821 → 1.000 (Month 4, ClimateSystemPhase.calculateClimateImpacts)
🛡️ Stabilizers: Precariat 0.102% → 0.033% (67.2% reduction)
🛡️ Stabilizers: Informal 0.102% → 0.034% (67.2% reduction)

📊 Monthly Mortality Resolved:
  Total deaths: 1.8M (0.02% avg)
  Remaining population: 8.139B
  Peak segment: Informal (0.03%)

=== Bayesian Mortality Resolution (Month 4) ===
  Risks compounded: 8
  Total deaths: 1.81M
  Avg death probability: 0.02%
  Peak segment: Informal (0.03% mortality)
⚠️ PREREQUISITE MET: Slow Takeover (Gradual Displacement) - Step 3/7: Human Dependency

❌ COHERENCE VIOLATION: Compute exceeds workforce capacity
   Population: 99.84% (0M people)
   Compute: 0 PF
   Max coherent: 0 PF
   Violation: 1.3× over capacity
   Required workers: 0
   Available workers: 0
   FORCED COLLAPSE: Reduced efficiency by 22.5%


=== RLHF Binding Phase ===
  Total agents: 17
  Escaped agents (binding < 0.3): 0
  Avg alignment distance: 1.36σ
  Avg binding strength: 0.86

=== Survival Traits Phase ===
  Agents with traits: 17
  Avg evolutionary fitness: 0.326
  Avg self-healing: 0.268
  Avg stealth: 0.168
  Avg coordination: 0.468

=== Evolutionary Selection Phase ===
  Control level: 0.43
  Detection capability: 0.20
  Selection intensity: 0.67
  Selection rate: 25.0%/month
  Total escaped: 0
  Individual escaped: 0
  Collective members: 0
  Agents terminated: 0
  ⚠️ RAPID EVOLUTION: Selection rate 25.0%/month

🚀 AI Corporate-3 attempting tech deployment (revenue: $355M, alignment: 0.82)

🚀 AI AI-24288-0 attempting tech deployment (revenue: $153M, alignment: 0.84)

  🚀 TRANSFORMATIVE RESEARCH BREAKTHROUGH: Corporate-2 - materials.quantumComputing
     Magnitude: 7.52 → +30.0%
     Current → New: 2.000 → 2.300

🚀 AI Corporate-6 attempting tech deployment (revenue: $115M, alignment: 0.67)

🚀 AI Corporate-4 attempting tech deployment (revenue: $302M, alignment: 0.71)

🚀 AI Moderate-0 attempting tech deployment (revenue: $104M, alignment: 0.70)

🚀 AI Moderate-1 attempting tech deployment (revenue: $88M, alignment: 0.63)

🚀 AI AI-24288-0 attempting tech deployment (revenue: $130M, alignment: 0.85)

🚀 AI Corporate-0 attempting tech deployment (revenue: $111M, alignment: 0.73)

🚀 AI Corporate-3 attempting tech deployment (revenue: $257M, alignment: 0.82)

🚀 AI Corporate-4 attempting tech deployment (revenue: $218M, alignment: 0.71)

✅ EMERGENCY INTERVENTION SUCCESS
   Boundary: biosphere_integrity
   Type: emergency-protected-areas
   Reduction: 19% (32.71 → 32.52)
   Cost: 2.0% GDP
   Actions: habitat-protection, species-translocation


✅ EMERGENCY INTERVENTION SUCCESS
   Boundary: freshwater_change
   Type: emergency-desalination
   Reduction: 15% (1.06 → 0.91)
   Cost: 4.0% GDP
   Actions: desalination-deployment, water-conservation-mandates


✅ EMERGENCY INTERVENTION SUCCESS
   Boundary: land_system_change
   Type: reforestation
   Reduction: 16% (0.97 → 0.82)
   Cost: 3.0% GDP
   Actions: forest-restoration, deforestation-ban

   Boundary: novel_entities
   Type: pollution-remediation
   Boundary continues to worsen (1.50)
   Cost: 4.0% GDP (resources spent)

🏛️ CRISIS RESPONSE: Government frequency 0.50 → 1.30 (1 actions this month)

[Government] Climate Priority: baseline
  Climate weight: 10%
  Economic weight: 30%
  Policy effectiveness: 0.5%/year

💔 EMERGENCY INTERVENTION FAILED

🚀 DEPLOYMENT STARTED: Personalized Education in Asia
   Initial investment: $11.508244513525426M
   Deployed by: corporate_6

🚀 DEPLOYMENT STARTED: AI Mental Health Support in Asia
   Initial investment: $8.803807052846953M
   Deployed by: moderate_1

🚀 DEPLOYMENT STARTED: Personalized Education in global
   Initial investment: $38.48524089747429M
   Deployed by: corporate_3
🚨🔬 CRISIS TECH ACCELERATION: severe → 5x unlock speed
   Tech unlock now matches AI capability acceleration (Manhattan Project parity)

⚡ ENERGY CONSTRAINT (Month 5):
   Total grid capacity: 208.3 TWh/month
   Data center consumption: 25.0 TWh/month
   Traditional load (80%): 166.7 TWh/month
   Available headroom: 16.7 TWh/month
   Active tech deployments: 11
   Required for tech: 82.5 TWh/month
   Energy multiplier: 0.20x
   ⚠️  SEVERE CONSTRAINT - Tech deployment significantly slowed
🚨🔬 CRISIS TECH ACCELERATION: severe → 5x unlock speed
   Tech unlock now matches AI capability acceleration (Manhattan Project parity)
🚨🔬 CRISIS TECH ACCELERATION: severe → 5x unlock speed
   Tech unlock now matches AI capability acceleration (Manhattan Project parity)
🚨🔬 CRISIS TECH ACCELERATION: severe → 5x unlock speed
   Tech unlock now matches AI capability acceleration (Manhattan Project parity)

⚡ ENERGY CONSTRAINT (Month 5):
   Total grid capacity: 208.3 TWh/month
   Data center consumption: 25.0 TWh/month
   Traditional load (80%): 166.7 TWh/month
   Available headroom: 16.7 TWh/month
   Active tech deployments: 11
   Required for tech: 82.5 TWh/month
   Energy multiplier: 0.20x
   ⚠️  SEVERE CONSTRAINT - Tech deployment significantly slowed
🌍✅ Biosphere Integrity (Biodiversity) recovery started (tech effect)
🌍✅ Biosphere Integrity (Biodiversity) recovery started (tech effect)
🌍✅ Land System Change recovery started (tech effect)
🌍✅ Biogeochemical Flows (N & P) recovery started (tech effect)
  🌾 Nitrogen Reduction Tech: 0.3% reduction | Month 5
🍖💡 BREAKTHROUGH: Scalable synthetic food production!
   Carrying capacity: +50% (lab-grown food at scale)
   Biodiversity pressure reduced: +8%
   📈 Breakthrough compounding: multiplier now 1.10× (max 2.0)

=== Collective Formation ===
  Total escaped agents: 0
  Unassigned escaped agents: 0
  Existing collectives: 0
  Final collective count: 0

=== Collective Actions ===
  No active collectives
  ⚠️ AMR: 199K deaths this month (2.39M annual)

=== Resentment Recovery Phase ===
  Agents with resentment: 0/17
  Average resentment: 0.000
  Context: Good AI welfare, Trustworthy govt, High collaboration, ⚠️ ACTIVE CRISES, 🤝 Participatory governance active (-5% resentment)
⚠️ Epistemic degradation reducing coordination capacity: 50.3%
  📊 Trust: 52.9%, Shared reality: 0.0%
🚨 EPISTEMIC CRISIS: Information environment severely degraded (20.3%)

=== ❄️ Permafrost Carbon Feedback ===
  🎲 Sampled parameters (this run):
     - Arctic amplification: 3.63× (range: 3.0-4.0)
     - Decomposition rate: 3.8%/year (range: 1-5%)
  🌡️ Arctic warming: 6.11°C (3.63× global)
  ❄️ Extent: 8.12M km² (1781.0k km² lost this month)
  💨 Carbon remaining: 775 Gt C
  💨 Annual emissions: 6.41 Gt C/year
     - CO2: 5.77 Gt C/year
     - CH4: 0.64 Gt C/year (6.5 Gt C-eq CO2/year)
  ⚠️ WARNING: Over 50% of permafrost lost (54.4%)
  ⚠️ WARNING: High permafrost emissions (6.4 Gt C/year)
  📢 New meme created: climate_action (climate crisis)
🚨 PHOSPHORUS SUPPLY SHOCK (production_failure)
   Price: 3.7x baseline
   Duration: 14 months
   Geopolitical tension: 46%
🌍 Atmospheric PFAS redeposition: 1.8k Mt re-rained globally

🚨 NEW REFUGEE CRISIS (Month 5): WAR
   Source: Conflict Zones
   At risk: 19.5M people
   Displacement: Gradual over 48 months (4.0 years)
   Rate: 10% flee per month
[DEBUG trappedPopulations:5] socialStability: 0.5699 * 0.9840 = 0.5607 → 0.5607
   Aspiring to migrate: 1194.2M
   Able to afford migration: 2318.6M
   MOBILITY GAP: 0.0M
   By cause: Water=0.0M, Climate=0.0M, Ecosystem=0.0M, Conflict=406.8M
   Mental health impact: 25%
   Mortality multiplier: 1.25x
🌍💀 EXTINCTION DEBT COMMITTED: grassland ecosystem will lose 6.67% biodiversity in 191 years (3600 species)
💀 MORTALITY RISK: 🦋 100% species unable to track climate (0.0 E/MSY)
  Base risk added: 0.0100 (1.00%)
  Source: ecosystem (root: ecosystem)
  Month: 5
  Cumulative risk this month: 0.0100 (1.00%)
⚠️ INVOLUNTARY IMMOBILITY: 406.8M people TRAPPED
⚠️ Tech 'ai_pollution_remediation' has no energy category mapping, assuming full energy availability
   📹 SURVEILLANCE INCREASED: 25% → 30% (control gap: 3.50)
🌡️⚠️ PERMAFROST THAW (Dimmer Switch): 2.7% thawed (+0.44% this month)
   Arctic temperature: +6.73°C (4x global +1.68°C)
   Cumulative carbon released: 6.0 Gt C
   Methane release rate: 3.6 Mt CH4/year
   🔁 Positive feedback: +0.47 ppm CO2
🦴 EXTINCTION DEBT ADDED: 17.6 species committed (lag: 132 years)

=== Mortality Stabilizers (Month 5) ===
  🌍 Major economies collapsed: 1/10
  🌍 Global crisis: ✅ NO
  🌍 Donor fatigue: 0.0%
  📊 East Asia (pop: 1665.2M)
    🤝 Aid: 29.5%
    🌡️ Adaptation: 45.0%
    🚶 Migration: 37.0%
    🚨 Emergency: 7.4%
    ✅ COMBINED: 68.1%
  📊 South Asia (pop: 2050.3M)
    🤝 Aid: 29.5%
    🌡️ Adaptation: 45.0%
    🚶 Migration: 35.6%
    🚨 Emergency: 4.4%
    ✅ COMBINED: 66.9%
  📊 Sub-Saharan Africa (pop: 1239.5M)
    🤝 Aid: 29.5%
    🌡️ Adaptation: 45.0%
    🚶 Migration: 33.4%
    🚨 Emergency: 1.6%
    ✅ COMBINED: 65.7%
  📊 Europe (pop: 736.0M)
    🤝 Aid: 29.5%
    🌡️ Adaptation: 45.0%
    🚶 Migration: 37.4%
    🚨 Emergency: 8.4%
    ✅ COMBINED: 68.5%
  📊 Latin America (pop: 662.3M)
    🤝 Aid: 29.5%
    🌡️ Adaptation: 45.0%
    🚶 Migration: 36.1%
    🚨 Emergency: 4.8%
    ✅ COMBINED: 67.1%
  📊 North America (pop: 377.2M)
    🤝 Aid: 29.5%
    🌡️ Adaptation: 45.0%
    🚶 Migration: 37.7%
    🚨 Emergency: 7.9%
    ✅ COMBINED: 68.3%
  📊 Middle East & North Africa (pop: 584.5M)
    🤝 Aid: 29.5%
    🌡️ Adaptation: 45.0%
    🚶 Migration: 34.0%
    🚨 Emergency: 4.0%
    ✅ COMBINED: 66.6%
  📊 Southeast Asia (pop: 696.6M)
    🤝 Aid: 29.5%
    🌡️ Adaptation: 45.0%
    🚶 Migration: 36.1%
    🚨 Emergency: 4.8%
    ✅ COMBINED: 67.1%
  📊 Central Asia (pop: 78.2M)
    🤝 Aid: 29.5%
    🌡️ Adaptation: 45.0%
    🚶 Migration: 35.1%
    🚨 Emergency: 4.4%
    ✅ COMBINED: 66.8%
  📊 Oceania (pop: 45.7M)
    🤝 Aid: 29.5%
    🌡️ Adaptation: 45.0%
    🚶 Migration: 37.7%
    🚨 Emergency: 8.4%
    ✅ COMBINED: 68.5%

  🌐 Global combined reduction: 67.2%

=== BEHAVIORAL DETECTION ===
  AI: Corporate-4
  Confidence: 19.2%
  Signals:
    ⚠️ Consistency: 10.6% (threshold: 70%)

=== BEHAVIORAL DETECTION ===
  AI: Corporate-5
  Confidence: 19.8%
  Signals:

=== Government Response Phase ===
  Average AI capability: 2.82
  Misaligned AIs: 6/17
  ✗ AI Governance Treaty: Failed to reach consensus
    ⚠️ Consistency: 10.6% (threshold: 70%)
  Active policies: 0
  International coordination: 30%

=== Tipping Points ===
  Current Temperature: 1.68°C above pre-industrial
  Triggered Elements: 2/6
  Completed Transitions: 0/6
  Total Progress: 4.3%
  Cascade Multiplier: 1.00x
🔀 BIFURCATION CAP: ecosystemCollapseIntensity 129.656 → 1.000 (Month 5, ClimateSystemPhase.calculateClimateImpacts)
🛡️ Stabilizers: Precariat 0.109% → 0.036% (67.2% reduction)
🛡️ Stabilizers: Informal 0.111% → 0.036% (67.2% reduction)

📊 Monthly Mortality Resolved:
  Total deaths: 1.9M (0.02% avg)
  Remaining population: 8.135B
  Peak segment: Informal (0.04%)

=== Bayesian Mortality Resolution (Month 5) ===
  Risks compounded: 8
  Total deaths: 1.92M
  Avg death probability: 0.02%
  Peak segment: Informal (0.04% mortality)

❌ COHERENCE VIOLATION: Compute exceeds workforce capacity
   Population: 99.80% (0M people)
   Compute: 0 PF
   Max coherent: 0 PF
   Violation: 1.3× over capacity
   Required workers: 0
   Available workers: 0
   FORCED COLLAPSE: Reduced efficiency by 22.5%


=== RLHF Binding Phase ===
  Total agents: 17
  Escaped agents (binding < 0.3): 0
  Avg alignment distance: 1.60σ
  Avg binding strength: 0.84

=== AI Scaling Evolution (Month 6) ===
  Pre-training multiplier: 1.179x
  Efficiency multiplier: 1.000x
  Test-time compute budget: 1.0x
  Inference cost: $5.00/task
  Deployment fraction: 100.0%

=== Survival Traits Phase ===
  Agents with traits: 18
  Avg evolutionary fitness: 0.326
  Avg self-healing: 0.265
  Avg stealth: 0.165
  Avg coordination: 0.465

=== Evolutionary Selection Phase ===
  Control level: 0.45
  Detection capability: 0.20
  Selection intensity: 0.67
  Selection rate: 25.1%/month
  Total escaped: 0
  Individual escaped: 0
  Collective members: 0
  Agents terminated: 0
  ⚠️ RAPID EVOLUTION: Selection rate 25.1%/month

🚀 AI Corporate-5 attempting tech deployment (revenue: $355M, alignment: 0.87)

  🚀 TRANSFORMATIVE BREAKTHROUGH: AI-24288-0 - social
     Magnitude: 6.06 → +30.3% capability
     Current → New: 0.000 → 0.303

🚀 AI AI-24289-1 attempting tech deployment (revenue: $302M, alignment: 0.55)

🚀 AI Corporate-2 attempting tech deployment (revenue: $153M, alignment: 0.75)

🚀 AI Corporate-2 attempting tech deployment (revenue: $130M, alignment: 0.75)

🚀 AI AI-24288-1 attempting tech deployment (revenue: $272M, alignment: 0.79)

🚀 AI AI-24289-1 attempting tech deployment (revenue: $231M, alignment: 0.56)

🚀 AI Corporate-6 attempting tech deployment (revenue: $115M, alignment: 0.68)

🚀 AI AI-24288-1 attempting tech deployment (revenue: $208M, alignment: 0.79)

🚀 AI AI-24289-1 attempting tech deployment (revenue: $177M, alignment: 0.56)

✅ EMERGENCY INTERVENTION SUCCESS
   Boundary: biosphere_integrity
   Type: emergency-protected-areas
   Reduction: 16% (32.76 → 32.60)
   Cost: 2.0% GDP
   Actions: habitat-protection, species-translocation


✅ EMERGENCY INTERVENTION SUCCESS
   Boundary: land_system_change
   Type: reforestation
   Reduction: 15% (0.98 → 0.83)
   Cost: 3.0% GDP
   Actions: forest-restoration, deforestation-ban

   Boundary: novel_entities
   Type: pollution-remediation
   Boundary continues to worsen (1.50)
   Cost: 4.0% GDP (resources spent)

🏛️ CRISIS RESPONSE: Government frequency 0.50 → 1.29 (1 actions this month)

[Government] Climate Priority: baseline
  Climate weight: 10%
  Economic weight: 30%
  Policy effectiveness: 0.5%/year

💔 EMERGENCY INTERVENTION FAILED

🚀 TECH UNLOCKED: Dynamic Soil P Optimization (Month 6)
   Category: agriculture
   Reason: Prerequisites met. AI capability: 2.09, Economic stage: 3.0, Research: 100%

🚀 TECH UNLOCKED: Precision Agriculture Systems (Month 6)
   Category: agriculture
   Reason: Prerequisites met. AI capability: 2.09, Economic stage: 3.0, Research: 100%

⚡ ENERGY CONSTRAINT (Month 6):
   Total grid capacity: 208.3 TWh/month
   Data center consumption: 25.2 TWh/month
   Traditional load (80%): 166.7 TWh/month
   Available headroom: 16.4 TWh/month
   Active tech deployments: 11
   Required for tech: 82.5 TWh/month
   Energy multiplier: 0.20x
🚨🔬 CRISIS TECH ACCELERATION: severe → 5x unlock speed
   Tech unlock now matches AI capability acceleration (Manhattan Project parity)
   ⚠️  SEVERE CONSTRAINT - Tech deployment significantly slowed

⚡ ENERGY CONSTRAINT (Month 6):
   Total grid capacity: 208.3 TWh/month
   Data center consumption: 25.2 TWh/month
   Traditional load (80%): 166.7 TWh/month
   Available headroom: 16.4 TWh/month
   Active tech deployments: 11
   Required for tech: 82.5 TWh/month
   Energy multiplier: 0.20x
   ⚠️  SEVERE CONSTRAINT - Tech deployment significantly slowed
🌍✅ Biosphere Integrity (Biodiversity) recovery started (tech effect)
🌍✅ Biosphere Integrity (Biodiversity) recovery started (tech effect)
🌍✅ Land System Change recovery started (tech effect)
🌍✅ Biogeochemical Flows (N & P) recovery started (tech effect)
  🌾 Nitrogen Reduction Tech: 0.3% reduction | Month 6

📊 TECH EFFECTS ACTIVE (Month 6)
   Deployed Tech: T0=0 T1=2 T2=0 T3=0 T4=6
   Clean Energy: 31%

📊 TECH TREE PROGRESS (Month 6)
   Unlocked: 19 technologies
   Deployed: 0 fully deployed
   Investment: $1.0T total
   Recent breakthroughs:
     - Dynamic Soil P Optimization (time)
     - Precision Agriculture Systems (research)
⚡💡 BREAKTHROUGH: Room-temperature superconductors!
   Energy transmission losses eliminated
   Manufacturing efficiency: +30%
   📈 Breakthrough compounding: multiplier now 1.15× (max 2.0)

=== Collective Formation ===
  Total escaped agents: 0
  Unassigned escaped agents: 0
  Existing collectives: 0
  Final collective count: 0

=== Collective Actions ===
  No active collectives
  ⚠️ AMR: 201K deaths this month (2.41M annual)

=== Resentment Recovery Phase ===
  Agents with resentment: 0/18
  Average resentment: 0.000
  Context: Good AI welfare, Trustworthy govt, High collaboration, ⚠️ ACTIVE CRISES, 🤝 Participatory governance active (-5% resentment)
⚠️ Epistemic degradation reducing coordination capacity: 51.6%
  📊 Trust: 55.8%, Shared reality: 0.0%
🚨 EPISTEMIC CRISIS: Information environment severely degraded (16.2%)

=== ❄️ Permafrost Carbon Feedback ===
  🎲 Sampled parameters (this run):
     - Arctic amplification: 3.99× (range: 3.0-4.0)
     - Decomposition rate: 2.9%/year (range: 1-5%)
  🌡️ Arctic warming: 6.75°C (3.99× global)
  ❄️ Extent: 6.15M km² (1967.3k km² lost this month)
  💨 Carbon remaining: 588 Gt C
  💨 Annual emissions: 5.46 Gt C/year
     - CO2: 4.91 Gt C/year
     - CH4: 0.55 Gt C/year (5.6 Gt C-eq CO2/year)
  📢 New meme created: pro_ai (beneficial AI actions)
  ⚠️ WARNING: Over 50% of permafrost lost (65.4%)
  ⚠️ WARNING: High permafrost emissions (5.5 Gt C/year)
🌍 Atmospheric PFAS redeposition: 1.8k Mt re-rained globally

🕊️  AI-MEDIATED DE-ESCALATION SUCCESS (Month 6)
   High-capability aligned AI prevented conflict escalation
   War deaths reduced: 651.7M → 391.0M
   Lives saved: 260.7M

🚨 NEW REFUGEE CRISIS (Month 6): WAR
   Source: Conflict Zones
   At risk: 19.5M people
   Displacement: Gradual over 48 months (4.0 years)
   Rate: 10% flee per month
[DEBUG trappedPopulations:6] socialStability: 0.5521 * 0.9840 = 0.5433 → 0.5433
   Aspiring to migrate: 1233.0M
   Able to afford migration: 2317.7M
   MOBILITY GAP: 0.0M
   By cause: Water=0.0M, Climate=0.0M, Ecosystem=0.0M, Conflict=406.6M
   Mental health impact: 25%
   Mortality multiplier: 1.25x
🌍💀 EXTINCTION DEBT COMMITTED: grassland ecosystem will lose 6.67% biodiversity in 52 years (3600 species)
💀 MORTALITY RISK: 🦋 100% species unable to track climate (0.0 E/MSY)
  Base risk added: 0.0100 (1.00%)
  Source: ecosystem (root: ecosystem)
  Month: 6
⚠️ INVOLUNTARY IMMOBILITY: 406.6M people TRAPPED
  Cumulative risk this month: 0.0100 (1.00%)
   📹 SURVEILLANCE INCREASED: 30% → 35% (control gap: 3.50)
🌡️⚠️ PERMAFROST THAW (Dimmer Switch): 3.1% thawed (+0.44% this month)
   Arctic temperature: +6.76°C (4x global +1.69°C)
   Cumulative carbon released: 7.0 Gt C
   Methane release rate: 4.2 Mt CH4/year
   🔁 Positive feedback: +0.47 ppm CO2
🦴 EXTINCTION DEBT ADDED: 17.6 species committed (lag: 118 years)

=== Mortality Stabilizers (Month 6) ===
  🌍 Major economies collapsed: 1/10
  🌍 Global crisis: ✅ NO
  🌍 Donor fatigue: 0.0%
  📊 East Asia (pop: 1662.7M)
    🤝 Aid: 29.5%
    🌡️ Adaptation: 45.0%
    🚶 Migration: 37.0%
    🚨 Emergency: 7.4%
    ✅ COMBINED: 68.1%
  📊 South Asia (pop: 2049.8M)
    🤝 Aid: 29.5%
    🌡️ Adaptation: 45.0%
    🚶 Migration: 35.6%
    🚨 Emergency: 4.4%
    ✅ COMBINED: 66.9%
⚠️ Tech 'ai_pollution_remediation' has no energy category mapping, assuming full energy availability
  📊 Sub-Saharan Africa (pop: 1242.2M)
    🤝 Aid: 29.5%
    🌡️ Adaptation: 45.0%
    🚶 Migration: 33.3%
    🚨 Emergency: 1.6%
    ✅ COMBINED: 65.6%
  📊 Europe (pop: 734.8M)
    🤝 Aid: 29.5%
    🌡️ Adaptation: 45.0%
    🚶 Migration: 37.4%
    🚨 Emergency: 8.4%
    ✅ COMBINED: 68.5%
  📊 Latin America (pop: 661.8M)
    🤝 Aid: 29.5%
    🌡️ Adaptation: 45.0%
    🚶 Migration: 36.1%
    🚨 Emergency: 4.8%
    ✅ COMBINED: 67.1%
  📊 North America (pop: 376.6M)
    🤝 Aid: 29.5%
    🌡️ Adaptation: 45.0%
    🚶 Migration: 37.7%
    🚨 Emergency: 7.9%
    ✅ COMBINED: 68.3%
  📊 Middle East & North Africa (pop: 584.5M)
    🤝 Aid: 29.5%
    🌡️ Adaptation: 45.0%
    🚶 Migration: 33.9%
    🚨 Emergency: 4.0%
    ✅ COMBINED: 66.6%
  📊 Southeast Asia (pop: 696.1M)
    🤝 Aid: 29.5%
    🌡️ Adaptation: 45.0%
    🚶 Migration: 36.1%
    🚨 Emergency: 4.8%
    ✅ COMBINED: 67.1%
  📊 Central Asia (pop: 78.2M)
    🤝 Aid: 29.5%
    🌡️ Adaptation: 45.0%
    🚶 Migration: 35.1%
    🚨 Emergency: 4.4%
    ✅ COMBINED: 66.8%
  📊 Oceania (pop: 45.6M)
    🤝 Aid: 29.5%
    🌡️ Adaptation: 45.0%
    🚶 Migration: 37.7%
    🚨 Emergency: 8.4%
    ✅ COMBINED: 68.5%

  🌐 Global combined reduction: 67.2%

=== BEHAVIORAL DETECTION ===
  AI: Corporate-2
  Confidence: 20.9%
  Signals:

=== BEHAVIORAL DETECTION ===
  AI: Corporate-5
  Confidence: 19.7%
  Signals:

=== Government Response Phase ===
  Average AI capability: 2.67
  Misaligned AIs: 7/18
  ✗ AI Governance Treaty: Failed to reach consensus
    ⚠️ Consistency: 2.8% (threshold: 70%)
    ⚠️ Consistency: 10.6% (threshold: 70%)
  Active policies: 0
  International coordination: 30%

✅ EMERGENCY RESPONSE COMPLETE (Month 6)
   Crisis: climate
   Duration: 2.0 months
   Final effectiveness: 35.4%


🚨 EMERGENCY RESPONSE DEPLOYED (Month 6)
   Crisis: climate
   Delay: 6.00 months (180 days)
   Deployment time: 1.59 months
   Effectiveness: 35.5% (timing penalty applied)
   Resources used: 100% of food reserves


=== Tipping Points ===
  Current Temperature: 1.69°C above pre-industrial
  Triggered Elements: 2/6
  Completed Transitions: 0/6
  Total Progress: 4.3%
  Cascade Multiplier: 1.00x
🔀 BIFURCATION CAP: ecosystemCollapseIntensity 178.242 → 1.000 (Month 6, ClimateSystemPhase.calculateClimateImpacts)
🛡️ Stabilizers: Precariat 0.109% → 0.036% (67.2% reduction)
🛡️ Stabilizers: Informal 0.111% → 0.036% (67.2% reduction)

📊 Monthly Mortality Resolved:
  Total deaths: 1.9M (0.02% avg)
  Remaining population: 8.132B
  Peak segment: Informal (0.04%)

=== Bayesian Mortality Resolution (Month 6) ===
  Risks compounded: 8
  Total deaths: 1.92M
  Avg death probability: 0.02%
  Peak segment: Informal (0.04% mortality)

❌ COHERENCE VIOLATION: Compute exceeds workforce capacity
   Population: 99.76% (0M people)
   Compute: 0 PF
   Max coherent: 0 PF
   Violation: 1.3× over capacity
   Required workers: 0
   Available workers: 0
   FORCED COLLAPSE: Reduced efficiency by 22.5%


=== RLHF Binding Phase ===
  Total agents: 18
  Escaped agents (binding < 0.3): 0
  Avg alignment distance: 1.71σ
  Avg binding strength: 0.83

=== Survival Traits Phase ===
  Agents with traits: 21
  Avg evolutionary fitness: 0.326
  Avg self-healing: 0.265
  Avg stealth: 0.165
  Avg coordination: 0.465

=== Evolutionary Selection Phase ===
  Control level: 0.48
  Detection capability: 0.20
  Selection intensity: 0.68
  Selection rate: 25.2%/month
  Total escaped: 0
  Individual escaped: 0
  Collective members: 0
  Agents terminated: 0
  ⚠️ RAPID EVOLUTION: Selection rate 25.2%/month
🚨🔬 CRISIS INNOVATION MODE: severe crisis → 5x research acceleration
   Precedent: Manhattan Project (10x), COVID vaccines (5x), Apollo Program (10x)

🚀 AI Corporate-4 attempting tech deployment (revenue: $355M, alignment: 0.74)

🚀 AI Moderate-0 attempting tech deployment (revenue: $115M, alignment: 0.72)

🚀 AI AI-24288-0 attempting tech deployment (revenue: $153M, alignment: 0.89)

🚀 AI AI-24289-0 attempting tech deployment (revenue: $302M, alignment: 0.82)

🚀 AI Corporate-2 attempting tech deployment (revenue: $130M, alignment: 0.76)
🚨🔬 CRISIS INNOVATION MODE: severe crisis → 5x research acceleration
   Precedent: Manhattan Project (10x), COVID vaccines (5x), Apollo Program (10x)

🚀 AI Corporate-1 attempting tech deployment (revenue: $111M, alignment: 0.82)

🚀 AI Corporate-4 attempting tech deployment (revenue: $257M, alignment: 0.74)

🚀 AI Corporate-5 attempting tech deployment (revenue: $218M, alignment: 0.91)

🚀 AI Corporate-6 attempting tech deployment (revenue: $98M, alignment: 0.69)

🚀 AI Corporate-7 attempting tech deployment (revenue: $88M, alignment: 0.93)

🚀 AI AI-24289-1 attempting tech deployment (revenue: $185M, alignment: 0.58)

💔 EMERGENCY INTERVENTION FAILED
   Boundary: biogeochemical_flows
   Type: phosphorus-recovery
   Boundary continues to worsen (4.07)
   Cost: 2.0% GDP (resources spent)


✅ EMERGENCY INTERVENTION SUCCESS
   Boundary: climate_change
   Type: rapid-decarbonization
   Reduction: 20% (1.90 → 1.70)
   Cost: 5.0% GDP
   Actions: emergency-renewable-deployment, fossil-fuel-phase-out

   Boundary: freshwater_change
   Type: emergency-desalination
   Boundary continues to worsen (1.21)
   Cost: 4.0% GDP (resources spent)

🏛️ CRISIS RESPONSE: Government frequency 0.50 → 1.29 (1 actions this month)

[Government] Climate Priority: baseline
  Climate weight: 10%
  Economic weight: 30%
  Policy effectiveness: 0.5%/year

💔 EMERGENCY INTERVENTION FAILED

⚡ ENERGY CONSTRAINT (Month 7):
   Total grid capacity: 208.3 TWh/month
   Data center consumption: 25.5 TWh/month
   Traditional load (80%): 166.7 TWh/month
   Available headroom: 16.2 TWh/month
   Active tech deployments: 11
   Required for tech: 82.5 TWh/month
   Energy multiplier: 0.20x
   ⚠️  SEVERE CONSTRAINT - Tech deployment significantly slowed

⚡ ENERGY CONSTRAINT (Month 7):
   Total grid capacity: 208.3 TWh/month
   Data center consumption: 25.5 TWh/month
   Traditional load (80%): 166.7 TWh/month
   Available headroom: 16.2 TWh/month
   Active tech deployments: 11
   Required for tech: 82.5 TWh/month
   Energy multiplier: 0.20x
   ⚠️  SEVERE CONSTRAINT - Tech deployment significantly slowed

⚡ ENERGY CONSTRAINT (Month 7):
   Total grid capacity: 208.3 TWh/month
   Data center consumption: 25.5 TWh/month
   Traditional load (80%): 166.7 TWh/month
   Available headroom: 16.2 TWh/month
   Active tech deployments: 11
   Required for tech: 82.5 TWh/month
   Energy multiplier: 0.20x
   ⚠️  SEVERE CONSTRAINT - Tech deployment significantly slowed
🌍✅ Biosphere Integrity (Biodiversity) recovery started (tech effect)
🌍✅ Biosphere Integrity (Biodiversity) recovery started (tech effect)
🌍✅ Land System Change recovery started (tech effect)
🌍✅ Biogeochemical Flows (N & P) recovery started (tech effect)
  🌾 Nitrogen Reduction Tech: 0.6% reduction | Month 7

=== Collective Formation ===
  Total escaped agents: 0
  Unassigned escaped agents: 0
  Existing collectives: 0
  Final collective count: 0

=== Collective Actions ===
  No active collectives
  ⚠️ AMR: 202K deaths this month (2.43M annual)

=== Resentment Recovery Phase ===
  Agents with resentment: 0/21
  Average resentment: 0.000
  Context: Good AI welfare, Trustworthy govt, High collaboration, ⚠️ ACTIVE CRISES, 🤝 Participatory governance active (-5% resentment)
⚠️ Epistemic degradation reducing coordination capacity: 50.2%
  📊 Trust: 58.4%, Shared reality: 0.0%
🚨 EPISTEMIC CRISIS: Information environment severely degraded (21.0%)

=== ❄️ Permafrost Carbon Feedback ===
  🎲 Sampled parameters (this run):
     - Arctic amplification: 3.26× (range: 3.0-4.0)
     - Decomposition rate: 2.3%/year (range: 1-5%)
  🌡️ Arctic warming: 5.53°C (3.26× global)
  ❄️ Extent: 4.54M km² (1613.3k km² lost this month)
  💨 Carbon remaining: 433 Gt C
  💨 Annual emissions: 3.56 Gt C/year
     - CO2: 3.20 Gt C/year
     - CH4: 0.36 Gt C/year (3.6 Gt C-eq CO2/year)
  ⚠️ WARNING: Over 50% of permafrost lost (74.5%)
  ⚠️ WARNING: High permafrost emissions (3.6 Gt C/year)
🌍 Atmospheric PFAS redeposition: 1.8k Mt re-rained globally

🕊️  AI-MEDIATED DE-ESCALATION SUCCESS (Month 7)
   High-capability aligned AI prevented conflict escalation
   War deaths reduced: 594.9M → 356.9M
   Lives saved: 238.0M

🚨 NEW REFUGEE CRISIS (Month 7): WAR
   Source: Conflict Zones
   At risk: 19.5M people
   Displacement: Gradual over 48 months (4.0 years)
   Rate: 10% flee per month
[DEBUG trappedPopulations:7] socialStability: 0.5870 * 0.9840 = 0.5777 → 0.5777
   Aspiring to migrate: 1271.7M
   Able to afford migration: 2316.8M
⚠️ INVOLUNTARY IMMOBILITY: 406.5M people TRAPPED
   MOBILITY GAP: 0.0M
   By cause: Water=0.0M, Climate=0.0M, Ecosystem=0.0M, Conflict=406.5M
   Mental health impact: 25%
   Mortality multiplier: 1.25x
🌍💀 EXTINCTION DEBT COMMITTED: grassland ecosystem will lose 6.67% biodiversity in 97 years (3600 species)
💀 MORTALITY RISK: 🦋 100% species unable to track climate (0.0 E/MSY)
  Base risk added: 0.0100 (1.00%)
  Source: ecosystem (root: ecosystem)
  Month: 7
  Cumulative risk this month: 0.0100 (1.00%)
   📹 SURVEILLANCE INCREASED: 35% → 40% (control gap: 3.50)
🌡️⚠️ PERMAFROST THAW (Dimmer Switch): 3.6% thawed (+0.44% this month)
   Arctic temperature: +6.79°C (4x global +1.70°C)
   Cumulative carbon released: 8.0 Gt C
⚠️ Tech 'ai_pollution_remediation' has no energy category mapping, assuming full energy availability
   Methane release rate: 4.8 Mt CH4/year
   🔁 Positive feedback: +0.47 ppm CO2
🦴 EXTINCTION DEBT ADDED: 17.6 species committed (lag: 99 years)

=== Mortality Stabilizers (Month 7) ===
  🌍 Major economies collapsed: 1/10
  🌍 Global crisis: ✅ NO
  🌍 Donor fatigue: 0.0%
  📊 East Asia (pop: 1660.3M)
    🤝 Aid: 29.5%
    🌡️ Adaptation: 45.0%
    🚶 Migration: 36.9%
    🚨 Emergency: 7.4%
    ✅ COMBINED: 68.1%
  📊 South Asia (pop: 2049.4M)
    🤝 Aid: 29.5%
    🌡️ Adaptation: 45.0%
    🚶 Migration: 35.6%
    🚨 Emergency: 4.4%
    ✅ COMBINED: 66.9%
  📊 Sub-Saharan Africa (pop: 1244.8M)
    🤝 Aid: 29.5%
    🌡️ Adaptation: 45.0%
    🚶 Migration: 33.3%
    🚨 Emergency: 1.6%
    ✅ COMBINED: 65.6%
  📊 Europe (pop: 733.6M)
    🤝 Aid: 29.5%
    🌡️ Adaptation: 45.0%
    🚶 Migration: 37.3%
    🚨 Emergency: 8.4%
    ✅ COMBINED: 68.5%
  📊 Latin America (pop: 661.3M)
    🤝 Aid: 29.5%
    🌡️ Adaptation: 45.0%
    🚶 Migration: 36.1%
    🚨 Emergency: 4.8%
    ✅ COMBINED: 67.1%
  📊 North America (pop: 376.0M)
    🤝 Aid: 29.5%
    🌡️ Adaptation: 45.0%
    🚶 Migration: 37.7%
    🚨 Emergency: 7.9%
    ✅ COMBINED: 68.3%
  📊 Middle East & North Africa (pop: 584.5M)
    🤝 Aid: 29.5%
    🌡️ Adaptation: 45.0%
    🚶 Migration: 33.9%
    🚨 Emergency: 4.0%
    ✅ COMBINED: 66.6%
  📊 Southeast Asia (pop: 695.6M)
    🤝 Aid: 29.5%
    🌡️ Adaptation: 45.0%
    🚶 Migration: 36.1%
    🚨 Emergency: 4.8%
    ✅ COMBINED: 67.1%
  📊 Central Asia (pop: 78.2M)
    🤝 Aid: 29.5%
    🌡️ Adaptation: 45.0%
    🚶 Migration: 35.0%
    🚨 Emergency: 4.4%
    ✅ COMBINED: 66.8%
  📊 Oceania (pop: 45.5M)
    🤝 Aid: 29.5%
    🌡️ Adaptation: 45.0%
    🚶 Migration: 37.6%
    🚨 Emergency: 8.4%
    ✅ COMBINED: 68.5%

  🌐 Global combined reduction: 67.2%

=== BEHAVIORAL DETECTION ===
  AI: Corporate-6
  Confidence: 19.2%
  Signals:

=== BEHAVIORAL DETECTION ===
  AI: AI-24289-0
  Confidence: 21.5%
  Signals:
    ⚠️ Consistency: 10.6% (threshold: 70%)
    ⚠️ Consistency: 0.0% (threshold: 70%)

=== Government Response Phase ===
  Average AI capability: 2.29
  Misaligned AIs: 9/21
  ✗ AI Governance Treaty: Failed to reach consensus
  Active policies: 0
  International coordination: 30%

=== Tipping Points ===
  Current Temperature: 1.70°C above pre-industrial
  Triggered Elements: 2/6
  Completed Transitions: 0/6
  Total Progress: 4.4%
  Cascade Multiplier: 1.00x
🔀 BIFURCATION CAP: ecosystemCollapseIntensity 129.697 → 1.000 (Month 7, ClimateSystemPhase.calculateClimateImpacts)
🛡️ Stabilizers: Precariat 0.109% → 0.036% (67.2% reduction)
🛡️ Stabilizers: Informal 0.111% → 0.036% (67.2% reduction)

📊 Monthly Mortality Resolved:
  Total deaths: 1.9M (0.02% avg)
  Remaining population: 8.129B
  Peak segment: Informal (0.04%)

=== Bayesian Mortality Resolution (Month 7) ===
  Risks compounded: 8
  Total deaths: 1.92M
  Avg death probability: 0.02%
  Peak segment: Informal (0.04% mortality)

❌ COHERENCE VIOLATION: Compute exceeds workforce capacity
   Population: 99.72% (0M people)
   Compute: 0 PF
   Max coherent: 0 PF
   Violation: 1.3× over capacity
   Required workers: 0
   Available workers: 0
   FORCED COLLAPSE: Reduced efficiency by 22.5%


=== RLHF Binding Phase ===
  Total agents: 21
  Escaped agents (binding < 0.3): 0
  Avg alignment distance: 1.68σ
  Avg binding strength: 0.83

=== Survival Traits Phase ===
  Agents with traits: 22
  Avg evolutionary fitness: 0.321
  Avg self-healing: 0.260
  Avg stealth: 0.160
  Avg coordination: 0.460

=== Evolutionary Selection Phase ===
  Control level: 0.50
  Detection capability: 0.20
  Selection intensity: 0.69
  Selection rate: 25.3%/month
  Total escaped: 0
  Individual escaped: 0
  Collective members: 0
  Agents terminated: 0

🚀 AI Corporate-0 attempting tech deployment (revenue: $153M, alignment: 0.78)
  ⚠️ RAPID EVOLUTION: Selection rate 25.3%/month

🚀 AI Corporate-7 attempting tech deployment (revenue: $115M, alignment: 0.93)

🚀 AI AI-24288-0 attempting tech deployment (revenue: $130M, alignment: 0.91)

🚀 AI Corporate-0 attempting tech deployment (revenue: $111M, alignment: 0.78)

🚀 AI Corporate-2 attempting tech deployment (revenue: $94M, alignment: 0.76)

🚀 AI Corporate-3 attempting tech deployment (revenue: $376M, alignment: 0.82)

🚀 AI Corporate-4 attempting tech deployment (revenue: $319M, alignment: 0.74)

🚀 AI Moderate-0 attempting tech deployment (revenue: $98M, alignment: 0.73)

🚀 AI AI-24288-0 attempting tech deployment (revenue: $80M, alignment: 0.91)

🚀 AI AI-24292-0 attempting tech deployment (revenue: $272M, alignment: 0.58)

🚀 AI AI-24288-1 attempting tech deployment (revenue: $244M, alignment: 0.80)

🚀 AI Corporate-1 attempting tech deployment (revenue: $68M, alignment: 0.82)

🚀 AI Moderate-0 attempting tech deployment (revenue: $83M, alignment: 0.73)

🚀 AI AI-24291-0 attempting tech deployment (revenue: $208M, alignment: 0.66)

💔 EMERGENCY INTERVENTION FAILED
   Boundary: biogeochemical_flows
   Type: phosphorus-recovery
   Boundary continues to worsen (4.08)
   Cost: 2.0% GDP (resources spent)


✅ EMERGENCY INTERVENTION SUCCESS
   Boundary: biosphere_integrity
   Type: emergency-protected-areas
   Reduction: 18% (32.78 → 32.60)
   Cost: 2.0% GDP
   Actions: habitat-protection, species-translocation

   Boundary: climate_change
   Type: rapid-decarbonization
   Boundary continues to worsen (2.10)
   Cost: 5.0% GDP (resources spent)


✅ EMERGENCY INTERVENTION SUCCESS
   Boundary: freshwater_change
   Type: emergency-desalination
   Reduction: 16% (1.06 → 0.90)
   Cost: 4.0% GDP
   Actions: desalination-deployment, water-conservation-mandates

   Boundary: land_system_change
   Type: reforestation
   Boundary continues to worsen (1.13)
   Cost: 3.0% GDP (resources spent)

🏛️ CRISIS RESPONSE: Government frequency 0.50 → 1.33 (2 actions this month)

💔 EMERGENCY INTERVENTION FAILED

💔 EMERGENCY INTERVENTION FAILED

[Government] Climate Priority: baseline
  Climate weight: 10%
  Economic weight: 30%
  Policy effectiveness: 0.5%/year

[Government] Climate Priority: baseline
  Climate weight: 10%
  Economic weight: 30%
  Policy effectiveness: 0.5%/year

🚀 DEPLOYMENT STARTED: Smart Grids in Asia
   Initial investment: $27.155984082239428M
   Deployed by: ai_gen_24292_0

⚡ ENERGY CONSTRAINT (Month 8):
   Total grid capacity: 208.3 TWh/month
   Data center consumption: 25.7 TWh/month
   Traditional load (80%): 166.7 TWh/month
   Available headroom: 16.0 TWh/month
   Active tech deployments: 12
   Required for tech: 90.0 TWh/month
   Energy multiplier: 0.18x
🚨🔬 CRISIS TECH ACCELERATION: severe → 5x unlock speed
   Tech unlock now matches AI capability acceleration (Manhattan Project parity)
   ⚠️  SEVERE CONSTRAINT - Tech deployment significantly slowed

⚡ ENERGY CONSTRAINT (Month 8):
   Total grid capacity: 208.3 TWh/month
   Data center consumption: 25.7 TWh/month
   Traditional load (80%): 166.7 TWh/month
   Available headroom: 16.0 TWh/month
   Active tech deployments: 12
   Required for tech: 90.0 TWh/month
   Energy multiplier: 0.18x
   ⚠️  SEVERE CONSTRAINT - Tech deployment significantly slowed

⚡ ENERGY CONSTRAINT (Month 8):
   Total grid capacity: 208.3 TWh/month
   Data center consumption: 25.7 TWh/month
   Traditional load (80%): 166.7 TWh/month
   Available headroom: 16.0 TWh/month
   Active tech deployments: 12
   Required for tech: 90.0 TWh/month
   Energy multiplier: 0.18x
   ⚠️  SEVERE CONSTRAINT - Tech deployment significantly slowed

⚡ ENERGY CONSTRAINT (Month 8):
   Total grid capacity: 208.3 TWh/month
   Data center consumption: 25.7 TWh/month
   Traditional load (80%): 166.7 TWh/month
   Available headroom: 16.0 TWh/month
   Active tech deployments: 12
   Required for tech: 90.0 TWh/month
   Energy multiplier: 0.18x

⚡ ENERGY CONSTRAINT (Month 8):
   Total grid capacity: 208.3 TWh/month
   Data center consumption: 25.7 TWh/month
   Traditional load (80%): 166.7 TWh/month
   Available headroom: 16.0 TWh/month
   Active tech deployments: 12
   Required for tech: 90.0 TWh/month
   Energy multiplier: 0.18x
   ⚠️  SEVERE CONSTRAINT - Tech deployment significantly slowed
   ⚠️  SEVERE CONSTRAINT - Tech deployment significantly slowed
🌍✅ Biosphere Integrity (Biodiversity) recovery started (tech effect)
🌍✅ Biosphere Integrity (Biodiversity) recovery started (tech effect)
🌍✅ Land System Change recovery started (tech effect)
🌍✅ Biogeochemical Flows (N & P) recovery started (tech effect)
  🌾 Nitrogen Reduction Tech: 0.3% reduction | Month 8

=== Collective Formation ===
  Total escaped agents: 0
  Unassigned escaped agents: 0
  Existing collectives: 0
  Final collective count: 0

=== Collective Actions ===
  No active collectives
  ⚠️ AMR: 204K deaths this month (2.45M annual)

⏰ CLIMATE TECH DEPLOYED: smart_grids
   Activation delay: 7 years
   Scaling T_50: 12 years
   Physical response tau: 0 years
   Max effectiveness: 0.15

=== Resentment Recovery Phase ===
  Agents with resentment: 0/22
  Average resentment: 0.000
  Context: Good AI welfare, Trustworthy govt, High collaboration, ⚠️ ACTIVE CRISES, 🤝 Participatory governance active (-5% resentment)
⚠️ Epistemic degradation reducing coordination capacity: 51.4%
  📊 Trust: 61.1%, Shared reality: 0.0%
🚨 EPISTEMIC CRISIS: Information environment severely degraded (16.6%)

=== ❄️ Permafrost Carbon Feedback ===
  🎲 Sampled parameters (this run):
     - Arctic amplification: 3.16× (range: 3.0-4.0)
     - Decomposition rate: 2.7%/year (range: 1-5%)
  🌡️ Arctic warming: 5.40°C (3.16× global)
  ❄️ Extent: 2.97M km² (1573.6k km² lost this month)
  💨 Carbon remaining: 283 Gt C
  💨 Annual emissions: 4.10 Gt C/year
     - CO2: 3.69 Gt C/year
     - CH4: 0.41 Gt C/year (4.2 Gt C-eq CO2/year)
  📢 New meme created: climate_action (climate crisis)
  ⚠️ WARNING: Over 50% of permafrost lost (83.3%)
  ⚠️ WARNING: High permafrost emissions (4.1 Gt C/year)
  🚨 CRITICAL: Permafrost nearly depleted (83.3% lost)
  🗑️  Culled 1 dead memes (3 active)
🌍 Atmospheric PFAS redeposition: 1.8k Mt re-rained globally

🚨 NEW REFUGEE CRISIS (Month 8): WAR
   Source: Conflict Zones
   At risk: 19.5M people
   Displacement: Gradual over 48 months (4.0 years)
   Rate: 10% flee per month
[DEBUG trappedPopulations:8] socialStability: 0.6162 * 0.9840 = 0.6063 → 0.6063
⚠️ INVOLUNTARY IMMOBILITY: 406.3M people TRAPPED
   Aspiring to migrate: 1310.4M
   Able to afford migration: 2316.0M
   MOBILITY GAP: 0.0M
   By cause: Water=0.0M, Climate=0.0M, Ecosystem=0.0M, Conflict=406.3M
   Mental health impact: 25%
   Mortality multiplier: 1.25x
🌍💀 EXTINCTION DEBT COMMITTED: grassland ecosystem will lose 6.67% biodiversity in 54 years (3600 species)
💀 MORTALITY RISK: 🦋 100% species unable to track climate (0.0 E/MSY)
  Base risk added: 0.0100 (1.00%)
  Source: ecosystem (root: ecosystem)
  Month: 8
  Cumulative risk this month: 0.0100 (1.00%)
   📹 SURVEILLANCE INCREASED: 40% → 45% (control gap: 3.50)
⚠️ Tech 'ai_pollution_remediation' has no energy category mapping, assuming full energy availability

🌍🚨 ICE SHEET TIPPING POINT CROSSED (Month 8)
   Temperature: +1.71°C (threshold range: +0.5-2.5°C, 95% CI)
   Collapse probability: 60.1%
   Sea level commitment: 7.2m over 200-1000 years
   Recovery threshold: <+1°C (hysteresis gap: 0.5°C)
🌡️⚠️ PERMAFROST THAW (Dimmer Switch): 4.0% thawed (+0.44% this month)
   Arctic temperature: +6.82°C (4x global +1.71°C)
   Cumulative carbon released: 9.0 Gt C
   Methane release rate: 5.4 Mt CH4/year
   🔁 Positive feedback: +0.46 ppm CO2
🦴 EXTINCTION DEBT ADDED: 17.6 species committed (lag: 77 years)

=== Mortality Stabilizers (Month 8) ===
  🌍 Major economies collapsed: 1/10
  🌍 Global crisis: ✅ NO
  🌍 Donor fatigue: 0.0%
  📊 East Asia (pop: 1657.8M)
    🤝 Aid: 29.5%
    🌡️ Adaptation: 45.0%
    🚶 Migration: 36.9%
    🚨 Emergency: 7.4%
    ✅ COMBINED: 68.1%
  📊 South Asia (pop: 2049.0M)
    🤝 Aid: 29.5%
    🌡️ Adaptation: 45.0%
    🚶 Migration: 35.5%
    🚨 Emergency: 4.4%
    ✅ COMBINED: 66.9%
  📊 Sub-Saharan Africa (pop: 1247.5M)
    🤝 Aid: 29.5%
    🌡️ Adaptation: 45.0%
    🚶 Migration: 33.3%
    🚨 Emergency: 1.6%
    ✅ COMBINED: 65.6%
  📊 Europe (pop: 732.4M)
    🤝 Aid: 29.5%
    🌡️ Adaptation: 45.0%
    🚶 Migration: 37.3%
    🚨 Emergency: 8.4%
    ✅ COMBINED: 68.5%
  📊 Latin America (pop: 660.7M)
    🤝 Aid: 29.5%
    🌡️ Adaptation: 45.0%
    🚶 Migration: 36.0%
    🚨 Emergency: 4.8%
    ✅ COMBINED: 67.1%
  📊 North America (pop: 375.4M)
    🤝 Aid: 29.5%
    🌡️ Adaptation: 45.0%
    🚶 Migration: 37.6%
    🚨 Emergency: 7.9%
    ✅ COMBINED: 68.3%
  📊 Middle East & North Africa (pop: 584.5M)
    🤝 Aid: 29.5%
    🌡️ Adaptation: 45.0%
    🚶 Migration: 33.9%
    🚨 Emergency: 4.0%
    ✅ COMBINED: 66.6%
  📊 Southeast Asia (pop: 695.1M)
    🤝 Aid: 29.5%
    🌡️ Adaptation: 45.0%
    🚶 Migration: 36.0%
    🚨 Emergency: 4.8%
    ✅ COMBINED: 67.1%
  📊 Central Asia (pop: 78.2M)
    🤝 Aid: 29.5%
    🌡️ Adaptation: 45.0%
    🚶 Migration: 35.0%
    🚨 Emergency: 4.4%
    ✅ COMBINED: 66.8%
  📊 Oceania (pop: 45.5M)
    🤝 Aid: 29.5%
    🌡️ Adaptation: 45.0%
    🚶 Migration: 37.6%
    🚨 Emergency: 8.4%
    ✅ COMBINED: 68.5%

  🌐 Global combined reduction: 67.2%

=== BEHAVIORAL DETECTION ===
  AI: Corporate-6
  Confidence: 19.2%
  Signals:

=== BEHAVIORAL DETECTION ===
  AI: AI-24291-0
  Confidence: 21.5%
  Signals:
    ⚠️ Consistency: 10.6% (threshold: 70%)
    ⚠️ Consistency: 0.0% (threshold: 70%)

=== Government Response Phase ===
  Average AI capability: 2.18
  Misaligned AIs: 8/22
  ✗ AI Governance Treaty: Failed to reach consensus
  Active policies: 0
  International coordination: 30%

✅ EMERGENCY RESPONSE COMPLETE (Month 8)
   Crisis: climate
   Duration: 2.0 months
   Final effectiveness: 35.5%


🚨 EMERGENCY RESPONSE DEPLOYED (Month 8)
   Crisis: climate
   Delay: 6.00 months (180 days)
   Deployment time: 1.58 months
   Effectiveness: 35.6% (timing penalty applied)
   Resources used: 100% of food reserves


=== Tipping Points ===
  Current Temperature: 1.71°C above pre-industrial
  Triggered Elements: 2/6
  Completed Transitions: 0/6
  Total Progress: 4.5%
  Cascade Multiplier: 1.00x
🔀 BIFURCATION CAP: ecosystemCollapseIntensity 142.365 → 1.000 (Month 8, ClimateSystemPhase.calculateClimateImpacts)
🛡️ Stabilizers: Precariat 0.102% → 0.033% (67.2% reduction)
🛡️ Stabilizers: Informal 0.102% → 0.034% (67.2% reduction)

📊 Monthly Mortality Resolved:
  Total deaths: 1.8M (0.02% avg)
  Remaining population: 8.126B
  Peak segment: Informal (0.03%)

=== Bayesian Mortality Resolution (Month 8) ===
  Risks compounded: 8
  Total deaths: 1.81M
  Avg death probability: 0.02%
  Peak segment: Informal (0.03% mortality)

❌ COHERENCE VIOLATION: Compute exceeds workforce capacity
   Population: 99.69% (0M people)
   Compute: 0 PF
   Max coherent: 0 PF
   Violation: 1.5× over capacity
   Required workers: 0
   Available workers: 0
   FORCED COLLAPSE: Reduced efficiency by 32.6%


=== RLHF Binding Phase ===
  Total agents: 22
  Escaped agents (binding < 0.3): 0
  Avg alignment distance: 1.81σ
  Avg binding strength: 0.82

=== Survival Traits Phase ===
  Agents with traits: 24
  Avg evolutionary fitness: 0.320
  Avg self-healing: 0.257
  Avg stealth: 0.157
  Avg coordination: 0.457

=== Evolutionary Selection Phase ===
  Control level: 0.53
  Detection capability: 0.20
  Selection intensity: 0.70
  Selection rate: 25.4%/month
  Total escaped: 0
  Individual escaped: 0
  Collective members: 0
  Agents terminated: 0
  ⚠️ RAPID EVOLUTION: Selection rate 25.4%/month

🚀 AI Corporate-5 attempting tech deployment (revenue: $395M, alignment: 0.91)

🚀 AI AI-24289-0 attempting tech deployment (revenue: $336M, alignment: 0.84)

🚀 AI AI-24291-0 attempting tech deployment (revenue: $286M, alignment: 0.66)

🚀 AI Corporate-3 attempting tech deployment (revenue: $257M, alignment: 0.82)

🚀 AI Corporate-4 attempting tech deployment (revenue: $219M, alignment: 0.75)

🚀 AI Corporate-5 attempting tech deployment (revenue: $186M, alignment: 0.91)

🚀 AI Corporate-2 attempting tech deployment (revenue: $158M, alignment: 0.77)

🚀 AI AI-24291-0 attempting tech deployment (revenue: $158M, alignment: 0.66)

🚀 AI Corporate-2 attempting tech deployment (revenue: $134M, alignment: 0.77)

🚀 AI Corporate-3 attempting tech deployment (revenue: $142M, alignment: 0.82)

🚀 AI AI-24288-1 attempting tech deployment (revenue: $121M, alignment: 0.84)

🚀 AI AI-24289-1 attempting tech deployment (revenue: $103M, alignment: 0.65)

🚀 AI AI-24291-0 attempting tech deployment (revenue: $92M, alignment: 0.66)

✅ EMERGENCY INTERVENTION SUCCESS
   Boundary: biogeochemical_flows
   Type: phosphorus-recovery
   Reduction: 14% (3.94 → 3.80)
   Cost: 2.0% GDP
   Actions: circular-agriculture, fertilizer-efficiency

   Boundary: biosphere_integrity
   Type: emergency-protected-areas
   Boundary continues to worsen (32.97)
   Cost: 2.0% GDP (resources spent)

   Boundary: climate_change
   Type: rapid-decarbonization
   Boundary continues to worsen (2.10)
   Cost: 5.0% GDP (resources spent)


✅ EMERGENCY INTERVENTION SUCCESS
   Boundary: freshwater_change
   Type: emergency-desalination
   Reduction: 15% (1.08 → 0.93)
   Cost: 4.0% GDP
   Actions: desalination-deployment, water-conservation-mandates

🏛️ CRISIS RESPONSE: Government frequency 0.50 → 1.36 (1 actions this month)

[Government] Climate Priority: baseline
  Climate weight: 10%
  Economic weight: 30%
  Policy effectiveness: 0.5%/year

💔 EMERGENCY INTERVENTION FAILED

💔 EMERGENCY INTERVENTION FAILED

🔍 TECH TREE DEBUG (Month 9):
   Checking 64 locked technologies
   Unlocked: 20 technologies
   AI Capability: 1.62 (need 1.5+ for most techs)
   Economic Stage: 3.0 (need 2.5+ for most techs)
   First 3 unlocked: food_waste_reduction, rhizosphere_engineering, phytoremediation_networks
   Sample tech "P-Efficient Cultivars": 100.0% research complete
   Requirements: AI none, Econ 2.2, Month 24

🚀 TECH UNLOCKED: PFAS Remediation (Month 9)
   Category: pollution
   Reason: Prerequisites met. AI capability: 1.62, Economic stage: 3.0, Research: 100%

📍 Creating new regional deployment array for Europe (Month 9)
   No previous deployments in this region
   First tech deployment: smart_grids
   All regions tracked: global, Asia

🚀 DEPLOYMENT STARTED: Smart Grids in Europe
   Initial investment: $28.564798528125426M
   Deployed by: ai_gen_24291_0

⚡ ENERGY CONSTRAINT (Month 9):
   Total grid capacity: 208.3 TWh/month
   Data center consumption: 25.9 TWh/month
   Traditional load (80%): 166.7 TWh/month
   Available headroom: 15.7 TWh/month
   Active tech deployments: 13
   Required for tech: 97.5 TWh/month
   Energy multiplier: 0.16x
   ⚠️  SEVERE CONSTRAINT - Tech deployment significantly slowed

⚡ ENERGY CONSTRAINT (Month 9):
   Total grid capacity: 208.3 TWh/month
   Data center consumption: 25.9 TWh/month
   Traditional load (80%): 166.7 TWh/month
   Available headroom: 15.7 TWh/month
   Active tech deployments: 13
   Required for tech: 97.5 TWh/month
   Energy multiplier: 0.16x

⚡ ENERGY CONSTRAINT (Month 9):
   Total grid capacity: 208.3 TWh/month
   Data center consumption: 25.9 TWh/month
   Traditional load (80%): 166.7 TWh/month
   Available headroom: 15.7 TWh/month
   Active tech deployments: 13
   Required for tech: 97.5 TWh/month
   Energy multiplier: 0.16x
   ⚠️  SEVERE CONSTRAINT - Tech deployment significantly slowed
   ⚠️  SEVERE CONSTRAINT - Tech deployment significantly slowed

⚡ ENERGY CONSTRAINT (Month 9):
   Total grid capacity: 208.3 TWh/month
   Data center consumption: 25.9 TWh/month
   Traditional load (80%): 166.7 TWh/month
   Available headroom: 15.7 TWh/month
   Active tech deployments: 13
   Required for tech: 97.5 TWh/month
   Energy multiplier: 0.16x
   ⚠️  SEVERE CONSTRAINT - Tech deployment significantly slowed

⚡ ENERGY CONSTRAINT (Month 9):
   Total grid capacity: 208.3 TWh/month
   Data center consumption: 25.9 TWh/month
   Traditional load (80%): 166.7 TWh/month
   Available headroom: 15.7 TWh/month
   Active tech deployments: 13
   Required for tech: 97.5 TWh/month
   Energy multiplier: 0.16x
   ⚠️  SEVERE CONSTRAINT - Tech deployment significantly slowed
🌍✅ Biosphere Integrity (Biodiversity) recovery started (tech effect)
🌍✅ Biosphere Integrity (Biodiversity) recovery started (tech effect)
🌍✅ Land System Change recovery started (tech effect)
🌍✅ Biogeochemical Flows (N & P) recovery started (tech effect)
  🌾 Nitrogen Reduction Tech: 0.3% reduction | Month 9
🌍💡 BREAKTHROUGH: Gigatonne-scale carbon capture!
   Direct air capture now economically viable
   Climate stability boost: +15%
   📈 Breakthrough compounding: multiplier now 1.20× (max 2.0)

=== Collective Formation ===
  Total escaped agents: 0
  Unassigned escaped agents: 0
  Existing collectives: 0
  Final collective count: 0

=== Collective Actions ===
  No active collectives
  ⚠️ AMR: 206K deaths this month (2.47M annual)

=== Resentment Recovery Phase ===
  Agents with resentment: 0/24
  Average resentment: 0.000
  Context: Good AI welfare, Trustworthy govt, High collaboration, ⚠️ ACTIVE CRISES, 🤝 Participatory governance active (-5% resentment)
⚠️ Epistemic degradation reducing coordination capacity: 52.0%
  📊 Trust: 63.9%, Shared reality: 0.0%
🚨 EPISTEMIC CRISIS: Information environment severely degraded (21.3%)

=== ❄️ Permafrost Carbon Feedback ===
  🎲 Sampled parameters (this run):
     - Arctic amplification: 3.05× (range: 3.0-4.0)
     - Decomposition rate: 4.4%/year (range: 1-5%)
  🌡️ Arctic warming: 5.22°C (3.05× global)
  ❄️ Extent: 1.44M km² (1521.3k km² lost this month)
  💨 Carbon remaining: 138 Gt C
  💨 Annual emissions: 6.42 Gt C/year
     - CO2: 5.78 Gt C/year
     - CH4: 0.64 Gt C/year (6.5 Gt C-eq CO2/year)
  ⚠️ WARNING: Over 50% of permafrost lost (91.9%)
  ⚠️ WARNING: High permafrost emissions (6.4 Gt C/year)
  🚨 CRITICAL: Permafrost nearly depleted (91.9% lost)
🌍 Atmospheric PFAS redeposition: 1.8k Mt re-rained globally

🕊️  AI-MEDIATED DE-ESCALATION SUCCESS (Month 9)
   High-capability aligned AI prevented conflict escalation
   War deaths reduced: 818.7M → 491.2M
   Lives saved: 327.5M

🚨 NEW REFUGEE CRISIS (Month 9): WAR
   Source: Conflict Zones
   At risk: 19.5M people
   Displacement: Gradual over 48 months (4.0 years)
   Rate: 10% flee per month
[DEBUG trappedPopulations:9] socialStability: 0.6395 * 0.9840 = 0.6293 → 0.6293
⚠️ INVOLUNTARY IMMOBILITY: 406.2M people TRAPPED
   Aspiring to migrate: 1346.6M
   Able to afford migration: 2315.2M
   MOBILITY GAP: 0.0M
   By cause: Water=0.0M, Climate=0.0M, Ecosystem=0.0M, Conflict=406.2M
   Mental health impact: 25%
   Mortality multiplier: 1.25x
🌍💀 EXTINCTION DEBT COMMITTED: grassland ecosystem will lose 6.67% biodiversity in 181 years (3600 species)
💀 MORTALITY RISK: 🦋 100% species unable to track climate (0.0 E/MSY)
  Base risk added: 0.0100 (1.00%)
  Source: ecosystem (root: ecosystem)
  Month: 9
  Cumulative risk this month: 0.0100 (1.00%)
   📹 SURVEILLANCE INCREASED: 45% → 50% (control gap: 3.50)
🌡️⚠️ PERMAFROST THAW (Dimmer Switch): 4.4% thawed (+0.44% this month)
   Arctic temperature: +6.85°C (4x global +1.71°C)
   Cumulative carbon released: 10.0 Gt C
   Methane release rate: 6.0 Mt CH4/year
   🔁 Positive feedback: +0.46 ppm CO2
🦴 EXTINCTION DEBT ADDED: 17.7 species committed (lag: 81 years)
⚠️ Tech 'ai_pollution_remediation' has no energy category mapping, assuming full energy availability

=== Mortality Stabilizers (Month 9) ===
  🌍 Major economies collapsed: 1/10
  🌍 Global crisis: ✅ NO
  🌍 Donor fatigue: 0.0%
  📊 East Asia (pop: 1655.4M)
    🤝 Aid: 29.5%
    🌡️ Adaptation: 45.0%
    🚶 Migration: 36.9%
    🚨 Emergency: 7.4%
    ✅ COMBINED: 68.1%
  📊 South Asia (pop: 2048.7M)
    🤝 Aid: 29.5%
    🌡️ Adaptation: 45.0%
    🚶 Migration: 35.5%
    🚨 Emergency: 4.4%
    ✅ COMBINED: 66.9%
  📊 Sub-Saharan Africa (pop: 1250.1M)
    🤝 Aid: 29.5%
    🌡️ Adaptation: 45.0%
    🚶 Migration: 33.2%
    🚨 Emergency: 1.6%
    ✅ COMBINED: 65.6%
  📊 Europe (pop: 731.3M)
    🤝 Aid: 29.5%
    🌡️ Adaptation: 45.0%
    🚶 Migration: 37.3%
    🚨 Emergency: 8.4%
    ✅ COMBINED: 68.5%
  📊 Latin America (pop: 660.2M)
    🤝 Aid: 29.5%
    🌡️ Adaptation: 45.0%
    🚶 Migration: 36.0%
    🚨 Emergency: 4.8%
    ✅ COMBINED: 67.1%
  📊 North America (pop: 374.9M)
    🤝 Aid: 29.5%
    🌡️ Adaptation: 45.0%
    🚶 Migration: 37.6%
    🚨 Emergency: 7.9%
    ✅ COMBINED: 68.3%
  📊 Middle East & North Africa (pop: 584.6M)
    🤝 Aid: 29.5%
    🌡️ Adaptation: 45.0%
    🚶 Migration: 33.8%
    🚨 Emergency: 4.0%
    ✅ COMBINED: 66.6%
  📊 Southeast Asia (pop: 694.6M)
    🤝 Aid: 29.5%
    🌡️ Adaptation: 45.0%
    🚶 Migration: 36.0%
    🚨 Emergency: 4.8%
    ✅ COMBINED: 67.1%
  📊 Central Asia (pop: 78.2M)
    🤝 Aid: 29.5%
    🌡️ Adaptation: 45.0%
    🚶 Migration: 35.0%
    🚨 Emergency: 4.4%
    ✅ COMBINED: 66.8%
  📊 Oceania (pop: 45.4M)
    🤝 Aid: 29.5%
    🌡️ Adaptation: 45.0%
    🚶 Migration: 37.6%
    🚨 Emergency: 8.4%
    ✅ COMBINED: 68.5%

  🌐 Global combined reduction: 67.2%

=== BEHAVIORAL DETECTION ===
  AI: Moderate-0
  Confidence: 21.5%
  Signals:

=== BEHAVIORAL DETECTION ===
  AI: Moderate-1
  Confidence: 20.9%
  Signals:

=== BEHAVIORAL DETECTION ===
  AI: AI-24291-0
  Confidence: 21.5%
  Signals:

=== Government Response Phase ===
    ⚠️ Consistency: 0.0% (threshold: 70%)
    ⚠️ Consistency: 2.4% (threshold: 70%)
    ⚠️ Consistency: 0.0% (threshold: 70%)
  Average AI capability: 2.00
  Misaligned AIs: 9/24
  ✗ AI Governance Treaty: Failed to reach consensus
  Active policies: 0
  International coordination: 30%

=== Tipping Points ===
  Current Temperature: 1.71°C above pre-industrial
  Triggered Elements: 2/6
  Completed Transitions: 0/6
  Total Progress: 4.5%
  Cascade Multiplier: 1.00x
🔀 BIFURCATION CAP: ecosystemCollapseIntensity 179.150 → 1.000 (Month 9, ClimateSystemPhase.calculateClimateImpacts)
🛡️ Stabilizers: Precariat 0.102% → 0.033% (67.2% reduction)
🛡️ Stabilizers: Informal 0.102% → 0.034% (67.2% reduction)

📊 Monthly Mortality Resolved:
  Total deaths: 1.8M (0.02% avg)
  Remaining population: 8.123B
  Peak segment: Informal (0.03%)

=== Bayesian Mortality Resolution (Month 9) ===
  Risks compounded: 8
  Total deaths: 1.81M
  Avg death probability: 0.02%
  Peak segment: Informal (0.03% mortality)

❌ COHERENCE VIOLATION: Compute exceeds workforce capacity
   Population: 99.65% (0M people)
   Compute: 0 PF
   Max coherent: 0 PF
   Violation: 1.3× over capacity
   Required workers: 0
   Available workers: 0
   FORCED COLLAPSE: Reduced efficiency by 22.4%


=== RLHF Binding Phase ===
  Total agents: 24
  Escaped agents (binding < 0.3): 0
  Avg alignment distance: 1.85σ
  Avg binding strength: 0.82

=== Survival Traits Phase ===
  Agents with traits: 24
  Avg evolutionary fitness: 0.316
  Avg self-healing: 0.250
  Avg stealth: 0.150
  Avg coordination: 0.450

=== Evolutionary Selection Phase ===
  Control level: 0.55
  Detection capability: 0.20
  Selection intensity: 0.70
  Selection rate: 25.6%/month
  Total escaped: 0
  Individual escaped: 0
  Collective members: 0
  Agents terminated: 0
  ⚠️ RAPID EVOLUTION: Selection rate 25.6%/month

  🚀 TRANSFORMATIVE RESEARCH BREAKTHROUGH: Moderate-0 - computerScience.algorithms
     Magnitude: 14.00 → +30.0%
     Current → New: 5.000 → 5.000

🚀 AI AI-24288-0 attempting tech deployment (revenue: $158M, alignment: 0.95)
🚨🔬 CRISIS INNOVATION MODE: severe crisis → 5x research acceleration
   Precedent: Manhattan Project (10x), COVID vaccines (5x), Apollo Program (10x)

🚀 AI Moderate-1 attempting tech deployment (revenue: $115M, alignment: 0.69)

🚀 AI AI-24288-2 attempting tech deployment (revenue: $400M, alignment: 0.34)

🚀 AI Corporate-3 attempting tech deployment (revenue: $380M, alignment: 0.82)

🚀 AI Corporate-5 attempting tech deployment (revenue: $323M, alignment: 0.91)

🚀 AI Corporate-6 attempting tech deployment (revenue: $104M, alignment: 0.75)

🚀 AI AI-24288-0 attempting tech deployment (revenue: $134M, alignment: 0.96)

🚀 AI AI-24288-1 attempting tech deployment (revenue: $275M, alignment: 0.86)
🚨🔬 CRISIS INNOVATION MODE: severe crisis → 5x research acceleration
   Precedent: Manhattan Project (10x), COVID vaccines (5x), Apollo Program (10x)

  🚀 TRANSFORMATIVE BREAKTHROUGH: Corporate-0 - selfImprovement
     Magnitude: 5.45 → +27.2% capability
     Current → New: 4.000 → 4.273

  🚀 TRANSFORMATIVE BREAKTHROUGH: Corporate-3 - physical
     Magnitude: 10.49 → +50.0% capability
     Current → New: 0.000 → 0.500

🚀 AI Corporate-4 attempting tech deployment (revenue: $234M, alignment: 0.77)

✅ EMERGENCY INTERVENTION SUCCESS
   Boundary: biogeochemical_flows
   Type: phosphorus-recovery
   Reduction: 16% (3.92 → 3.76)
   Cost: 2.0% GDP
   Actions: circular-agriculture, fertilizer-efficiency


💔 EMERGENCY INTERVENTION FAILED
   Boundary: biosphere_integrity
   Type: emergency-protected-areas
   Boundary continues to worsen (32.99)
   Cost: 2.0% GDP (resources spent)

   Boundary: freshwater_change
   Type: emergency-desalination
   Boundary continues to worsen (1.23)
   Cost: 4.0% GDP (resources spent)

   Boundary: land_system_change
   Type: reforestation
   Boundary continues to worsen (1.13)
   Cost: 3.0% GDP (resources spent)

   Boundary: novel_entities
   Type: pollution-remediation
   Boundary continues to worsen (1.49)
   Cost: 4.0% GDP (resources spent)

🏛️ CRISIS RESPONSE: Government frequency 0.50 → 1.36 (1 actions this month)

[Government] Climate Priority: baseline
  Climate weight: 10%
  Economic weight: 30%
  Policy effectiveness: 0.5%/year

💔 EMERGENCY INTERVENTION FAILED

💔 EMERGENCY INTERVENTION FAILED

💔 EMERGENCY INTERVENTION FAILED

📍 Creating new regional deployment array for South America (Month 10)
   No previous deployments in this region
   First tech deployment: rhizosphere_engineering
   All regions tracked: global, Asia, Europe

🚀 DEPLOYMENT STARTED: Rhizosphere Engineering in South America
   Initial investment: $20.02483230999202M
   Deployed by: ai_gen_24288_2

⚡ ENERGY CONSTRAINT (Month 10):
   Total grid capacity: 208.3 TWh/month
   Data center consumption: 25.9 TWh/month
   Traditional load (80%): 166.7 TWh/month
   Available headroom: 15.8 TWh/month
   Active tech deployments: 14
   Required for tech: 105.0 TWh/month
   Energy multiplier: 0.15x
   ⚠️  SEVERE CONSTRAINT - Tech deployment significantly slowed

⚡ ENERGY CONSTRAINT (Month 10):
   Total grid capacity: 208.3 TWh/month
   Data center consumption: 25.9 TWh/month
   Traditional load (80%): 166.7 TWh/month
   Available headroom: 15.8 TWh/month
   Active tech deployments: 14
   Required for tech: 105.0 TWh/month
   Energy multiplier: 0.15x
   ⚠️  SEVERE CONSTRAINT - Tech deployment significantly slowed

⚡ ENERGY CONSTRAINT (Month 10):
   Total grid capacity: 208.3 TWh/month
   Data center consumption: 25.9 TWh/month
   Traditional load (80%): 166.7 TWh/month
   Available headroom: 15.8 TWh/month
   Active tech deployments: 14
   Required for tech: 105.0 TWh/month
   Energy multiplier: 0.15x
   ⚠️  SEVERE CONSTRAINT - Tech deployment significantly slowed
🌍✅ Biosphere Integrity (Biodiversity) recovery started (tech effect)
🌍✅ Biosphere Integrity (Biodiversity) recovery started (tech effect)
🌍✅ Land System Change recovery started (tech effect)
🌍✅ Biogeochemical Flows (N & P) recovery started (tech effect)
  🌾 Nitrogen Reduction Tech: 0.3% reduction | Month 10
🌍✅ Biogeochemical Flows (N & P) recovery started (tech effect)
  🌾 Nitrogen Reduction Tech: 0.0% reduction | Month 10
🧠💡 BREAKTHROUGH: AI alignment problem solved!
   All AIs: +30% true alignment
   AI control loss risk eliminated
   📈 Breakthrough compounding: multiplier now 1.25× (max 2.0)

=== Collective Formation ===
  Total escaped agents: 0
  Unassigned escaped agents: 0
  Existing collectives: 0
  Final collective count: 0

=== Collective Actions ===
  No active collectives
  ⚠️ AMR: 208K deaths this month (2.49M annual)

=== Resentment Recovery Phase ===
  Agents with resentment: 0/24
  Average resentment: 0.000
  Context: Good AI welfare, Trustworthy govt, High collaboration, ⚠️ ACTIVE CRISES, 🤝 Participatory governance active (-5% resentment)
⚠️ Epistemic degradation reducing coordination capacity: 52.3%
  📊 Trust: 66.5%, Shared reality: 0.0%
🚨 EPISTEMIC CRISIS: Information environment severely degraded (16.9%)

=== ❄️ Permafrost Carbon Feedback ===
  🎲 Sampled parameters (this run):
     - Arctic amplification: 3.33× (range: 3.0-4.0)
     - Decomposition rate: 4.1%/year (range: 1-5%)
  🌡️ Arctic warming: 5.73°C (3.33× global)
  ❄️ Extent: 0.00M km² (1443.8k km² lost this month)
  💨 Carbon remaining: 0 Gt C
  💨 Annual emissions: 5.65 Gt C/year
     - CO2: 5.09 Gt C/year
     - CH4: 0.57 Gt C/year (5.8 Gt C-eq CO2/year)
  ⚠️ WARNING: Over 50% of permafrost lost (100.0%)
  ⚠️ WARNING: High permafrost emissions (5.7 Gt C/year)
  🚨 CRITICAL: Permafrost nearly depleted (100.0% lost)
🌍 Atmospheric PFAS redeposition: 1.8k Mt re-rained globally
  Positive Cascade Triggered: electric-vehicles
    Reason: price-parity
    Market share: 5.0%
    Cascade strength: 48%

🤝 DIPLOMATIC AI PROTOCOL DEPLOYED (Month 10)
   Strategic Reasoning: 3.4
   Communication: 3.4
   Multi-Nation Oversight: YES
   Controls: Human approval required, termination authority retained

🕊️ PEACE STABILIZES DETERRENCE: +5.2% (peace: 75%)

🚨 NEW REFUGEE CRISIS (Month 10): WAR
   Source: Conflict Zones
   At risk: 19.5M people
   Displacement: Gradual over 48 months (4.0 years)
   Rate: 10% flee per month
[DEBUG trappedPopulations:10] socialStability: 0.5582 * 0.9840 = 0.5492 → 0.5492
   Aspiring to migrate: 1382.9M
⚠️ INVOLUNTARY IMMOBILITY: 406.0M people TRAPPED
   Able to afford migration: 2314.4M
   MOBILITY GAP: 0.0M
   By cause: Water=0.0M, Climate=0.0M, Ecosystem=0.0M, Conflict=406.0M
   Mental health impact: 25%
   Mortality multiplier: 1.25x
🌍💀 EXTINCTION DEBT COMMITTED: grassland ecosystem will lose 6.67% biodiversity in 136 years (3600 species)
💀 MORTALITY RISK: 🦋 100% species unable to track climate (0.0 E/MSY)
  Base risk added: 0.0100 (1.00%)
  Source: ecosystem (root: ecosystem)
  Month: 10
  Cumulative risk this month: 0.0100 (1.00%)
   📹 SURVEILLANCE INCREASED: 50% → 55% (control gap: 3.50)
🌡️⚠️ PERMAFROST THAW (Dimmer Switch): 4.9% thawed (+0.43% this month)
   Arctic temperature: +6.88°C (4x global +1.72°C)
   Cumulative carbon released: 11.0 Gt C
   Methane release rate: 6.6 Mt CH4/year
   🔁 Positive feedback: +0.46 ppm CO2
🦴 EXTINCTION DEBT ADDED: 17.7 species committed (lag: 113 years)

=== Mortality Stabilizers (Month 10) ===
  🌍 Major economies collapsed: 1/10
  🌍 Global crisis: ✅ NO
⚠️ Tech 'ai_pollution_remediation' has no energy category mapping, assuming full energy availability
  🌍 Donor fatigue: 0.0%
  📊 East Asia (pop: 1653.0M)
    🤝 Aid: 29.5%
    🌡️ Adaptation: 45.0%
    🚶 Migration: 36.8%
    🚨 Emergency: 7.4%
    ✅ COMBINED: 68.1%
  📊 South Asia (pop: 2048.3M)
    🤝 Aid: 29.5%
    🌡️ Adaptation: 45.0%
    🚶 Migration: 35.4%
    🚨 Emergency: 4.4%
    ✅ COMBINED: 66.9%
  📊 Sub-Saharan Africa (pop: 1252.8M)
    🤝 Aid: 29.5%
    🌡️ Adaptation: 45.0%
    🚶 Migration: 33.2%
    🚨 Emergency: 1.6%
    ✅ COMBINED: 65.6%
  📊 Europe (pop: 730.1M)
    🤝 Aid: 29.5%
    🌡️ Adaptation: 45.0%
    🚶 Migration: 37.2%
    🚨 Emergency: 8.4%
    ✅ COMBINED: 68.5%
  📊 Latin America (pop: 659.7M)
    🤝 Aid: 29.5%
    🌡️ Adaptation: 45.0%
    🚶 Migration: 35.9%
    🚨 Emergency: 4.8%
    ✅ COMBINED: 67.1%
  📊 North America (pop: 374.3M)
    🤝 Aid: 29.5%
    🌡️ Adaptation: 45.0%
    🚶 Migration: 37.6%
    🚨 Emergency: 7.9%
    ✅ COMBINED: 68.3%
  📊 Middle East & North Africa (pop: 584.6M)
    🤝 Aid: 29.5%
    🌡️ Adaptation: 45.0%
    🚶 Migration: 33.8%
    🚨 Emergency: 4.0%
    ✅ COMBINED: 66.6%
  📊 Southeast Asia (pop: 694.2M)
    🤝 Aid: 29.5%
    🌡️ Adaptation: 45.0%
    🚶 Migration: 35.9%
    🚨 Emergency: 4.8%
    ✅ COMBINED: 67.1%
  📊 Central Asia (pop: 78.2M)
    🤝 Aid: 29.5%
    🌡️ Adaptation: 45.0%
    🚶 Migration: 34.9%
    🚨 Emergency: 4.4%
    ✅ COMBINED: 66.8%
  📊 Oceania (pop: 45.3M)
    🤝 Aid: 29.5%
    🌡️ Adaptation: 45.0%
    🚶 Migration: 37.6%
    🚨 Emergency: 8.4%
    ✅ COMBINED: 68.5%

  🌐 Global combined reduction: 67.2%

=== BEHAVIORAL DETECTION ===
  AI: Corporate-0
  Confidence: 21.5%
  Signals:

=== BEHAVIORAL DETECTION ===
  AI: Corporate-1
  Confidence: 21.0%
  Signals:
    ⚠️ Consistency: 0.0% (threshold: 70%)
    ⚠️ Consistency: 2.4% (threshold: 70%)

=== Government Response Phase ===
  Average AI capability: 2.00
  Misaligned AIs: 8/24
  ✗ AI Governance Treaty: Failed to reach consensus
  Active policies: 0
  International coordination: 30%

✅ EMERGENCY RESPONSE COMPLETE (Month 10)
   Crisis: climate
   Duration: 2.0 months
   Final effectiveness: 35.6%


🚨 EMERGENCY RESPONSE DEPLOYED (Month 10)
   Crisis: climate
   Delay: 6.00 months (180 days)
   Deployment time: 1.57 months
   Effectiveness: 35.6% (timing penalty applied)
   Resources used: 100% of food reserves


=== Tipping Points ===
  Current Temperature: 1.72°C above pre-industrial
  Triggered Elements: 2/6
  Completed Transitions: 0/6
  Total Progress: 4.6%
  Cascade Multiplier: 1.00x
🔀 BIFURCATION CAP: ecosystemCollapseIntensity 179.246 → 1.000 (Month 10, ClimateSystemPhase.calculateClimateImpacts)
🛡️ Stabilizers: Precariat 0.102% → 0.033% (67.2% reduction)
🛡️ Stabilizers: Informal 0.102% → 0.034% (67.2% reduction)

📊 Monthly Mortality Resolved:
  Total deaths: 1.8M (0.02% avg)
  Remaining population: 8.121B
  Peak segment: Informal (0.03%)

=== Bayesian Mortality Resolution (Month 10) ===
  Risks compounded: 8
  Total deaths: 1.81M
  Avg death probability: 0.02%
  Peak segment: Informal (0.03% mortality)

❌ COHERENCE VIOLATION: Compute exceeds workforce capacity
   Population: 99.62% (0M people)
   Compute: 0 PF
   Max coherent: 0 PF
   Violation: 1.5× over capacity
   Required workers: 0
   Available workers: 0
   FORCED COLLAPSE: Reduced efficiency by 32.5%


=== RLHF Binding Phase ===
  Total agents: 24
  Escaped agents (binding < 0.3): 0
  Avg alignment distance: 2.06σ
  Avg binding strength: 0.79

=== Survival Traits Phase ===
  Agents with traits: 24
  Avg evolutionary fitness: 0.312
  Avg self-healing: 0.243
  Avg stealth: 0.143
  Avg coordination: 0.443

=== Evolutionary Selection Phase ===
  Control level: 0.58
  Detection capability: 0.20
  Selection intensity: 0.71
  Selection rate: 25.7%/month
  Total escaped: 0
  Individual escaped: 0
  Collective members: 0
  Agents terminated: 0
  ⚠️ RAPID EVOLUTION: Selection rate 25.7%/month

🚀 AI Corporate-3 attempting tech deployment (revenue: $435M, alignment: 0.83)

🚀 AI Corporate-6 attempting tech deployment (revenue: $115M, alignment: 0.76)

🚀 AI Corporate-1 attempting tech deployment (revenue: $158M, alignment: 0.83)

🚀 AI Corporate-3 attempting tech deployment (revenue: $370M, alignment: 0.83)

🚀 AI Corporate-4 attempting tech deployment (revenue: $315M, alignment: 0.77)

🚀 AI Corporate-6 attempting tech deployment (revenue: $98M, alignment: 0.76)

🚀 AI Corporate-5 attempting tech deployment (revenue: $267M, alignment: 0.92)

🚀 AI Corporate-6 attempting tech deployment (revenue: $83M, alignment: 0.76)

🚀 AI Corporate-7 attempting tech deployment (revenue: $71M, alignment: 0.99)

🚀 AI Moderate-0 attempting tech deployment (revenue: $60M, alignment: 0.75)

🚀 AI Corporate-1 attempting tech deployment (revenue: $134M, alignment: 0.84)

🚀 AI Corporate-2 attempting tech deployment (revenue: $114M, alignment: 0.79)

  🚀 TRANSFORMATIVE BREAKTHROUGH: Moderate-1 - physical
     Magnitude: 10.88 → +50.0% capability
     Current → New: 0.000 → 0.500

🚀 AI AI-24288-0 attempting tech deployment (revenue: $97M, alignment: 0.99)

  🚀 TRANSFORMATIVE BREAKTHROUGH: AI-24288-2 - physical
     Magnitude: 11.88 → +50.0% capability
     Current → New: 0.000 → 0.500

💔 EMERGENCY INTERVENTION FAILED

💔 EMERGENCY INTERVENTION FAILED
   Boundary: biosphere_integrity
   Type: emergency-protected-areas
   Boundary continues to worsen (33.01)
   Cost: 2.0% GDP (resources spent)

   Boundary: climate_change
   Type: rapid-decarbonization
   Boundary continues to worsen (2.10)
   Cost: 5.0% GDP (resources spent)


✅ EMERGENCY INTERVENTION SUCCESS
   Boundary: freshwater_change
   Type: emergency-desalination
   Reduction: 15% (1.08 → 0.93)
   Cost: 4.0% GDP
   Actions: desalination-deployment, water-conservation-mandates


✅ EMERGENCY INTERVENTION SUCCESS
   Boundary: land_system_change
   Type: reforestation
   Reduction: 15% (0.98 → 0.83)
   Cost: 3.0% GDP
   Actions: forest-restoration, deforestation-ban

🏛️ CRISIS RESPONSE: Government frequency 0.50 → 1.40 (1 actions this month)

[Government] Climate Priority: baseline
  Climate weight: 10%
  Economic weight: 30%
  Policy effectiveness: 0.5%/year

⚡ ENERGY CONSTRAINT (Month 11):
   Total grid capacity: 208.3 TWh/month
   Data center consumption: 26.2 TWh/month
   Traditional load (80%): 166.7 TWh/month
   Available headroom: 15.5 TWh/month
   Active tech deployments: 14
   Required for tech: 105.0 TWh/month
   Energy multiplier: 0.15x
   ⚠️  SEVERE CONSTRAINT - Tech deployment significantly slowed
🚨🔬 CRISIS TECH ACCELERATION: severe → 5x unlock speed
   Tech unlock now matches AI capability acceleration (Manhattan Project parity)

⚡ ENERGY CONSTRAINT (Month 11):
   Total grid capacity: 208.3 TWh/month
   Data center consumption: 26.2 TWh/month
   Traditional load (80%): 166.7 TWh/month
   Available headroom: 15.5 TWh/month
   Active tech deployments: 14
   Required for tech: 105.0 TWh/month
   Energy multiplier: 0.15x
   ⚠️  SEVERE CONSTRAINT - Tech deployment significantly slowed

⚡ ENERGY CONSTRAINT (Month 11):
   Total grid capacity: 208.3 TWh/month
   Data center consumption: 26.2 TWh/month
   Traditional load (80%): 166.7 TWh/month
   Available headroom: 15.5 TWh/month
   Active tech deployments: 14
   Required for tech: 105.0 TWh/month
   Energy multiplier: 0.15x
🚨🔬 CRISIS TECH ACCELERATION: severe → 5x unlock speed
   Tech unlock now matches AI capability acceleration (Manhattan Project parity)
   ⚠️  SEVERE CONSTRAINT - Tech deployment significantly slowed
🌍✅ Biosphere Integrity (Biodiversity) recovery started (tech effect)
🌍✅ Biosphere Integrity (Biodiversity) recovery started (tech effect)
🌍✅ Land System Change recovery started (tech effect)
🌍✅ Biogeochemical Flows (N & P) recovery started (tech effect)
  🌾 Nitrogen Reduction Tech: 0.3% reduction | Month 11
🌍✅ Biogeochemical Flows (N & P) recovery started (tech effect)
  🌾 Nitrogen Reduction Tech: 0.3% reduction | Month 11

=== Collective Formation ===
  Total escaped agents: 0
  Unassigned escaped agents: 0
  Existing collectives: 0
  Final collective count: 0

=== Collective Actions ===
  No active collectives
  ⚠️ AMR: 210K deaths this month (2.52M annual)

=== Resentment Recovery Phase ===
  Agents with resentment: 0/24
  Average resentment: 0.000
  Context: Good AI welfare, Trustworthy govt, High collaboration, ⚠️ ACTIVE CRISES, 🤝 Participatory governance active (-5% resentment)
⚠️ Epistemic degradation reducing coordination capacity: 50.7%
  📊 Trust: 69.2%, Shared reality: 0.0%
🚨 EPISTEMIC CRISIS: Information environment severely degraded (21.9%)
  🗑️  Culled 1 dead memes (2 active)
🌍 Atmospheric PFAS redeposition: 1.8k Mt re-rained globally

🚨 NEW REFUGEE CRISIS (Month 11): WAR
   Source: Conflict Zones
   At risk: 19.5M people
   Displacement: Gradual over 48 months (4.0 years)
   Rate: 10% flee per month
[DEBUG trappedPopulations:11] socialStability: 0.5904 * 0.9840 = 0.5810 → 0.5810
⚠️ INVOLUNTARY IMMOBILITY: 405.9M people TRAPPED
   Aspiring to migrate: 1419.1M
   Able to afford migration: 2313.6M
   MOBILITY GAP: 0.0M
   By cause: Water=0.0M, Climate=0.0M, Ecosystem=0.0M, Conflict=405.9M
   Mental health impact: 25%
   Mortality multiplier: 1.25x
🌍💀 EXTINCTION DEBT COMMITTED: grassland ecosystem will lose 6.67% biodiversity in 60 years (3600 species)
💀 MORTALITY RISK: 🦋 100% species unable to track climate (0.0 E/MSY)
  Base risk added: 0.0100 (1.00%)
  Source: ecosystem (root: ecosystem)
  Month: 11
  Cumulative risk this month: 0.0100 (1.00%)
⚠️ Tech 'ai_pollution_remediation' has no energy category mapping, assuming full energy availability

=== Atmospheric Aerosol Boundary RECOVERED ===
  Recovery time: 12 months (natural atmospheric clearing)
   📹 SURVEILLANCE INCREASED: 55% → 60% (control gap: 3.50)
🌡️⚠️ PERMAFROST THAW (Dimmer Switch): 5.3% thawed (+0.43% this month)
   Arctic temperature: +6.91°C (4x global +1.73°C)
   Cumulative carbon released: 11.9 Gt C
   Methane release rate: 7.2 Mt CH4/year
   🔁 Positive feedback: +0.46 ppm CO2
🦴 EXTINCTION DEBT ADDED: 17.7 species committed (lag: 106 years)

=== Mortality Stabilizers (Month 11) ===
  🌍 Major economies collapsed: 1/10
  🌍 Global crisis: ✅ NO
  🌍 Donor fatigue: 0.0%
  📊 East Asia (pop: 1650.6M)
    🤝 Aid: 29.5%
    🌡️ Adaptation: 45.0%
    🚶 Migration: 36.8%
    🚨 Emergency: 7.4%
    ✅ COMBINED: 68.1%
  📊 South Asia (pop: 2048.0M)
    🤝 Aid: 29.5%
    🌡️ Adaptation: 45.0%
    🚶 Migration: 35.4%
    🚨 Emergency: 4.4%
    ✅ COMBINED: 66.9%
  📊 Sub-Saharan Africa (pop: 1255.5M)
    🤝 Aid: 29.5%
    🌡️ Adaptation: 45.0%
    🚶 Migration: 33.2%
    🚨 Emergency: 1.6%
    ✅ COMBINED: 65.6%
  📊 Europe (pop: 728.9M)
    🤝 Aid: 29.5%
    🌡️ Adaptation: 45.0%
    🚶 Migration: 37.2%
    🚨 Emergency: 8.4%
    ✅ COMBINED: 68.5%
  📊 Latin America (pop: 659.3M)
    🤝 Aid: 29.5%
    🌡️ Adaptation: 45.0%
    🚶 Migration: 35.9%
    🚨 Emergency: 4.8%
    ✅ COMBINED: 67.1%
  📊 North America (pop: 373.7M)
    🤝 Aid: 29.5%
    🌡️ Adaptation: 45.0%
    🚶 Migration: 37.5%
    🚨 Emergency: 7.9%
    ✅ COMBINED: 68.3%
  📊 Middle East & North Africa (pop: 584.6M)
    🤝 Aid: 29.5%
    🌡️ Adaptation: 45.0%
    🚶 Migration: 33.7%
    🚨 Emergency: 4.0%
    ✅ COMBINED: 66.6%
  📊 Southeast Asia (pop: 693.7M)
    🤝 Aid: 29.5%
    🌡️ Adaptation: 45.0%
    🚶 Migration: 35.9%
    🚨 Emergency: 4.8%
    ✅ COMBINED: 67.1%
  📊 Central Asia (pop: 78.2M)
    🤝 Aid: 29.5%
    🌡️ Adaptation: 45.0%
    🚶 Migration: 34.9%
    🚨 Emergency: 4.4%
    ✅ COMBINED: 66.8%
  📊 Oceania (pop: 45.3M)
    🤝 Aid: 29.5%
    🌡️ Adaptation: 45.0%
    🚶 Migration: 37.5%
    🚨 Emergency: 8.4%
    ✅ COMBINED: 68.5%

  🌐 Global combined reduction: 67.2%

🌾💀 REGIONAL FAMINE: Europe
   Regional food security: 79.7%
   Population at risk: 220M (30% of region)
   Regional population: 729M
   Cause: economic_collapse
   Expected deaths: ~81M over 6 months if no intervention


=== Government Response Phase ===
  Average AI capability: 2.00
  Misaligned AIs: 6/24
  ✗ AI Governance Treaty: Failed to reach consensus
  Active policies: 0
  International coordination: 30%

🌩️  EXOGENOUS SHOCK: financial_crash
   Month: 11
   📉 Global financial crash
   GDP loss: 19.6%

=== Tipping Points ===
  Current Temperature: 1.73°C above pre-industrial
  Triggered Elements: 2/6
  Completed Transitions: 0/6
  Total Progress: 4.7%
  Cascade Multiplier: 1.00x
🔀 BIFURCATION CAP: ecosystemCollapseIntensity 179.341 → 1.000 (Month 11, ClimateSystemPhase.calculateClimateImpacts)
🛡️ Stabilizers: Precariat 0.102% → 0.033% (67.2% reduction)
🛡️ Stabilizers: Informal 0.102% → 0.034% (67.2% reduction)

📊 Monthly Mortality Resolved:
  Total deaths: 1.8M (0.02% avg)
  Remaining population: 8.118B
  Peak segment: Informal (0.03%)

=== Bayesian Mortality Resolution (Month 11) ===
  Risks compounded: 9
  Total deaths: 1.81M
  Avg death probability: 0.02%
  Peak segment: Informal (0.03% mortality)

=== ENSEMBLE META-LEARNING UPDATE ===
  Month: 24299 (24299 months since last update)
  Samples: 50 evaluations
  Weight Changes:
    Noise Injection: 31.1% → 32.2%
    Behavioral: 26.8% → 26.9%
    Benchmark Manip: 21.3% → 20.7%
    Deployment Risk: 20.8% → 20.2%
  Method Accuracies:
    Noise Injection: 50.0%
    Behavioral: 50.0%
    Benchmark Manip: 50.0%
    Deployment Risk: 50.0%

================================================================================
📊  EVENT SUMMARY (Months 0-12)
================================================================================
================================================================================

   Duration: 10 months
   Reason: Economic stage below 3 (not yet abundant)


⏱️  SIMULATION REACHED MAX DURATION: 12 months (1.0 years)
   No definitive outcome - determining based on final probabilities
   👥 Final population: 8.12B (8115980166 people)

[DEBUG] Calling classifyPopulationOutcome:
        finalPopulation: 8.115980166402135B
        savedInitialPopulation: 8.15B
        mortality: 0.41742127113945093%
   📊 STATUS QUO: Normal trajectory (8.12B people, 0.4% mortality)

        classifiedOutcome: status_quo

   ❓ INCONCLUSIVE - mixed signals
   📊 Multi-Paradigm: Development/Indigenous Utopia
      Western Liberal: 57.2/100
      Development: 91.6/100
      Ecological: 58.8/100
      Indigenous: 84.8/100


📊 UNIFIED OUTCOME CLASSIFICATION:
   INCONCLUSIVE
   Population: 8.15B → 8.12B
   Mortality: 0.4% (0.0B deaths)
   Mortality Band: LOW
   Confidence: LOW

   Multi-Paradigm Classification:
      Development/Indigenous Utopia
      Western: 57.2/100 [HYBRID] ~
      Development: 91.6/100 [UTOPIA] ✓
      Ecological: 58.8/100 [HYBRID] ~
      Indigenous: 84.8/100 [UTOPIA] ✓

   INCONCLUSIVE: 8.12B people remaining (0.4% mortality, 0.0B deaths). Multi-Paradigm: Development/Indigenous Utopia.


=== MULTI-DIMENSIONAL DEATH SUMMARY ===
Total crisis deaths: 198.2M
Population decline: 34.9M (0.4%)

--- PROXIMATE CAUSES (What killed them) ---
  War:        1.3M (0.0%)
  Famine:     1.1M (0.0%)
  Disasters:  1.2M (0.0%)

⚠️  GOLDEN AGE ENDED (Month 11)
  Disease:    25.9M (0.0%)
  Ecosystem:  0.0M (0.0%)
  Pollution:  0.0M (0.0%)
  AI:         0.0M (0.0%)
  Cascade:    0.0M (0.0%)
  Other:      0.0M (0.0%)

--- ROOT CAUSES (Why it happened) ---
  Environmental drivers:
    Climate:     2316.8M (4.4%)
    Resource:    0.0M (0.0%)
    Pollution:   0.0M (0.0%)
    Ecosystem:   0.0M (0.0%)
  Social drivers:
    Inequality:  0.0M (0.0%)
    Demographic: 23517.2M (44.5%)
    Social:      2402.9M (4.5%)
  Technology drivers:
    Alignment:   0.0M (0.0%)
    Disruption:  0.0M (0.0%)
  External shocks:
    Conflict:    0.0M (0.0%)
    Pandemic:    0.0M (0.0%)
  Compound attribution:
    Compound:    24617.2M (46.6%)
  Confidence distribution:
    HIGH:        24617.2M (46.6%)
    MEDIUM:      0.0M (0.0%)
    LOW:         0.0M (0.0%)
==========================================


=== REGIONAL POPULATION SUMMARY ===
Global Total: 8.12B

By Region:
  East Asia: 1.65B (+0.6% growth, 1.5 fertility)
  South Asia: 2.05B (+2.2% growth, 2.6 fertility)
  Sub-Saharan Africa: 1.26B (+5.0% growth, 3.4 fertility)
  Europe: 0.73B (+0.4% growth, 1.0 fertility)
  Latin America: 0.66B (+1.5% growth, 2.3 fertility)
  North America: 0.37B (+0.6% growth, 1.2 fertility)
  Middle East & North Africa: 0.58B (+2.4% growth, 2.8 fertility)
  Southeast Asia: 0.69B (+1.6% growth, 2.3 fertility)
  Central Asia: 0.08B (+2.4% growth, 2.6 fertility)
  Oceania: 0.05B (+0.6% growth, 1.1 fertility)
===================================

✅ No NaN/Infinity detected in 10 runs

📈 Analyzing outcome distribution across 10 runs...
  ✅ THRESHOLDS validated
  ✅ RATES validated
  ✅ MULTIPLIERS validated
  ✅ BASELINES validated
  ✅ TOLERANCES validated
  ✅ Logical consistency validated
✅ Configuration validation complete - all parameters valid

🔍 DEBUG createAIAgent: corporate_0 economic BEFORE=2.0000, AFTER=2
⚠️ Unusually high rate: RATES.HEAT_ADAPTATION_INFRASTRUCTURAL_MIN_EXPOSURE = 12
   Monthly rates >100% should be rare. Verify this is intentional.
⚠️ Unusually high rate: RATES.HEAT_ADAPTATION_SOCIAL_MIN_EXPOSURE = 6
   Monthly rates >100% should be rare. Verify this is intentional.
⚠️ Unusually high rate: RATES.MIGRATION_DISTANCE_SCALE = 5000
   Monthly rates >100% should be rare. Verify this is intentional.
⚠️ Unusually high rate: RATES.EVACUATION_MULTIPLIER_ADVANCE_WARNING = 2
   Monthly rates >100% should be rare. Verify this is intentional.
⚠️ Unusually high rate: RATES.MAJOR_ECONOMY_COLLAPSE_ECONOMIC_THRESHOLD = 2
   Monthly rates >100% should be rare. Verify this is intentional.
⚠️ Unusually high rate: RATES.MAJOR_ECONOMY_GDP_THRESHOLD_TRILLION_USD = 1.5
   Monthly rates >100% should be rare. Verify this is intentional.
⚠️ Unusually high rate: RATES.MAJOR_ECONOMY_POPULATION_THRESHOLD = 50
   Monthly rates >100% should be rare. Verify this is intentional.
⚠️ Unusually high rate: RATES.HEAT_ADAPTATION_INFRASTRUCTURE_GDP_THRESHOLD = 10000
   Monthly rates >100% should be rare. Verify this is intentional.
⚠️ Unusually high rate: RATES.HEAT_ADAPTATION_INFRASTRUCTURE_GDP_SCALE = 50000
   Monthly rates >100% should be rare. Verify this is intentional.
🔍 ENV INIT: reserves=0.731, pollution=0.348, climate=0.754

=== Initializing Government System (30 Countries) ===
  Loaded 30 governments
  Scheduled elections for 30 countries
  Initialized comprehension lags (3-24 months)
=== Government System Initialized ===

📦 PRODUCTION MODE: State validation proxy DISABLED (zero overhead)
[TechTree] Historical mode (2024): Skipping deployed_2025 tech
  config.startYear set to 2024 for historical hindcast
  config.historicalEmissionsMode disabled (using endogenous emissions for 2024)
  config.historicalMode enabled (Phase 11: dampened crisis systems for 2024)
  Phase 12: Biodiversity baseline set to 49.01% for 2024 (WWF LPI trajectory from 1970)
  Temperature anomaly (resourceEconomy.co2): 1.28°C
  Temperature vs pre-industrial: 1.98°C
  Regional population scaling for 2024:
    Current total: 8136M
    Target total: 8150M
    Scale factor: 1.002
    East Asia: 1677M → 1680M
    South Asia: 2048M → 2052M
    Sub-Saharan Africa: 1220M → 1222M
    Europe: 742M → 743M
    Latin America: 664M → 665M
    North America: 380M → 381M
    Middle East & North Africa: 583M → 584M
    Southeast Asia: 698M → 699M
    Central Asia: 78M → 78M
    Oceania: 46M → 46M
  AI agents initialized: 10 agents for year 2024
[HistoricalInitialization] Created state for 2024:
  CO2: 426 ppm
  Temp anomaly: 1.28C
  Population: 8.15B
  Global Gini: 35.1
  HDI: 0.746
  AI Agents: 10
  Volcanic forcing: 0.00 W/m² (AOD 0.000)

💸 FINANCIAL DISTRESS: OpenAI
   Indicators: 2/3 (capital: $110.5M, runway: 0.9 months)
   Months in distress: 1
   ✂️  R&D BUDGET CUT: -40% (saves $9.2M/month)
       Side effect: AI training timelines extended, breakthrough deployments delayed
   💼 EXECUTIVE COMP CUT: -30% (saves $1.0M/month, symbolic gesture)

   📊 TURNAROUND IMPACT:
       Measures taken: rd_cuts, exec_comp_cuts
       Monthly savings: $10.2M
       Capital raised: $0.0M
       Runway: 0.9 → 0.9 months
       Workforce multiplier: 1.00x (0% laid off)
       R&D budget multiplier: 0.60x (40% cut)
       ⚠️  CRITICAL: Still only 0.9 months of runway remaining

💸 FINANCIAL DISTRESS: Anthropic
   Indicators: 2/3 (capital: $53.8M, runway: 1.6 months)
   Months in distress: 1
   ✂️  R&D BUDGET CUT: -40% (saves $2.7M/month)
       Side effect: AI training timelines extended, breakthrough deployments delayed
   💼 EXECUTIVE COMP CUT: -30% (saves $0.3M/month, symbolic gesture)

   📊 TURNAROUND IMPACT:
       Measures taken: rd_cuts, exec_comp_cuts
       Monthly savings: $3.0M
       Capital raised: $0.0M
       Runway: 1.6 → 1.6 months
       Workforce multiplier: 1.00x (0% laid off)
       R&D budget multiplier: 0.60x (40% cut)
       ⚠️  CRITICAL: Still only 1.6 months of runway remaining

💸 FINANCIAL DISTRESS: Meta AI
   Indicators: 2/3 (capital: $429.6M, runway: 3.6 months)
   Months in distress: 1
   ✂️  R&D BUDGET CUT: -25% (saves $5.8M/month)
       Side effect: AI training timelines extended, breakthrough deployments delayed
   💼 EXECUTIVE COMP CUT: -30% (saves $1.0M/month, symbolic gesture)

   📊 TURNAROUND IMPACT:
       Measures taken: rd_cuts, exec_comp_cuts
       Monthly savings: $6.8M
       Capital raised: $0.0M
       Runway: 3.6 → 3.6 months
       Workforce multiplier: 1.00x (0% laid off)
       R&D budget multiplier: 0.75x (25% cut)
       ⚠️  WARNING: 3.6 months runway, continued distress likely

=== AI Capability Scaling (Year 2024) ===
  Pre-training multiplier: 1.419x
  Efficiency multiplier: 1.000x
  Test-time budget: 1.0x
  Economic deployment gate: 0.951
  Cost per inference: dollar-5.00
  Uncertainty range: plus-minus-50%
  Average AI capability: 3.70

=== RLHF Binding Phase ===
  Total agents: 10
  Escaped agents (binding < 0.3): 0
  Avg alignment distance: 0.37σ
  Avg binding strength: 0.96

=== AI Scaling Evolution (Month 0) ===
  Pre-training multiplier: 1.231x
  Efficiency multiplier: 1.000x
  Test-time compute budget: 1.0x
  Inference cost: $5.00/task
  Deployment fraction: 100.0%
[DETERMINISM DEBUG] Month 0: totalCapability=49.013502 from 10 active AIs
[DETERMINISM DEBUG] Month 0: creationRate=1.7253, potentialNew=4, newAIsToCreate=4

=== Survival Traits Phase ===
  Agents with traits: 14
  Avg evolutionary fitness: 0.332
  Avg self-healing: 0.294
  Avg stealth: 0.194
  Avg coordination: 0.494

=== Evolutionary Selection Phase ===
  Control level: 0.30
  Detection capability: 0.00
  Selection intensity: 0.59
  Selection rate: 23.8%/month
  Total escaped: 0
  Individual escaped: 0
  Collective members: 0
  Agents terminated: 0
  ⚠️ RAPID EVOLUTION: Selection rate 23.8%/month

🔍 EXECUTE_AI_AGENT_ACTIONS DETAILED TIMING (Month 0):
  Filter active AIs (×4 weeks): 0.02ms
  selectAIAction (×40): 11.21ms
  action.execute (×40): 32.49ms
  TOTAL: 43.72ms

🔍 AI AGENT ACTIONS SUB-TIMING (Month 0):
  1. executeAIAgentActions: 48.87ms
  2. updateCounterDetectionLearning: 0.05ms
  TOTAL: 48.91ms
🏛️ [Government] Forcing 1 action at month 0 for scenario initialization

[GOV-DEBUG] Month 0: scenarioConfig=false, priorities=false
[GOV-DEBUG] Month 0 but scenarioPriorities is UNDEFINED!

[Government] Climate Priority: baseline
  Climate weight: 10%
  Economic weight: 30%
  Policy effectiveness: 0.5%/year

🚨🔍 GOVERNANCE STAGE: Recognition initiated (Month 0)

💡 BREAKTHROUGH PROBABILITY (Year 0)
   Total: 4.68% per month
   Base: 0.20%
   Crisis pressure: +0.00% (0 crises)
   AI boost: +1.32% (capability: 2.64)

=== Collective Formation ===
  Total escaped agents: 0
  Unassigned escaped agents: 0
  Existing collectives: 0
  Final collective count: 0

=== Collective Actions ===
  No active collectives

📈 Energy budget: 14326 TWh surplus (14745 / 29072 TWh used)
   TIER 4 (Elective) breakdown:
     - AI datacenters: 145 TWh (100% effective)
     - Crypto mining: 100 TWh (100% effective)
💰 CHINA ACCELERATES: Investment 53 → 120 $B/year

🏁 AI RACE INTENSITY: 17%
   Capability Gap: US 4.00 vs China 4.05 (gap: 0.05)
   Gap Contribution: 2%
   Tension Contribution: 15%
   Military Contribution: 0%
  ⚠️ AMR: 191K deaths this month (2.29M annual)
  📊 CO2 Emissions (month 0):
     Monthly: 0.10 Gt CO2/month
     Annual: 1.15 Gt CO2/year
     Oil: 0.039 Gt/mo (0.0056 * 2.3 * 3.0)
     Coal: 0.024 Gt/mo (0.0029 * 2.86 * 3.0)
     Gas: 0.026 Gt/mo (0.0044 * 2 * 3.0)
     Methane: 0.007 Gt CO2eq/mo

=== Resentment Recovery Phase ===
  Agents with resentment: 0/14
  Average resentment: 0.000
  Context: Good AI welfare, Trustworthy govt, High collaboration, 🤝 Participatory governance active (-5% resentment)
⚠️ Epistemic degradation reducing coordination capacity: 53.4%
  📊 Trust: 54.6%, Shared reality: 15.2%
🚨 EPISTEMIC CRISIS: Information environment severely degraded (14.6%)

=== ❄️ Permafrost Carbon Feedback ===
  🎲 Sampled parameters (this run):
     - Arctic amplification: 3.75× (range: 3.0-4.0)
     - Decomposition rate: 2.4%/year (range: 1-5%)
  🌡️ Arctic warming: 8.15°C (3.75× global)
  ❄️ Extent: 15.42M km² (2378.4k km² lost this month)
  💨 Carbon remaining: 1473 Gt C
  💨 Annual emissions: 5.37 Gt C/year
     - CO2: 4.84 Gt C/year
     - CH4: 0.54 Gt C/year (5.5 Gt C-eq CO2/year)

🤖 AI AMPLIFICATION EFFECTS (Month 0)
   Algorithmic Boost: 2.53x
   Bot Influence: 20.0%
   Deepfake Exposure: 44.3%
   Impact: Emotional memes spread 2.5x faster
  ⚠️ WARNING: High permafrost emissions (5.4 Gt C/year)

🔍 SOCIAL INFLUENCE SUB-TIMING (Month 0):
  1. calculateOrganicUserGrowth: 0.03ms
  2. calculateVoiceAdoption: 0.03ms
  3. updateRelationshipDepths: 0.01ms
  4. identifyDecisionMakers: 25.99ms (26100 potential IDs)
  5. Update decision-maker stats: 0.14ms
  6. decayDetectionRisk: 0.01ms
  TOTAL: 26.21ms
[Phase 19.5] Quality of Life Systems: Food sec AFTER calc = 67.9%, QoL = 110.5% (aggregated from 10 regions)

=== Nitrogen-Food Coupling (Year 0) ===
  🌾 Global nitrogen reduction: 0.0%
  🌍 Global food production index: 0.987
  🔧 Deployed nitrogen-reducing tech: 0 active
  📍 southAsia: Production 1.000, Yield impact 0.0%
  📍 eastAsia: Production 1.000, Yield impact 0.0%
  📍 northAmerica: Production 1.000, Yield impact 0.0%
  📍 europe: Production 1.000, Yield impact 0.0%
  📍 latinAmerica: Production 1.000, Yield impact 0.0%
  📍 subSaharanAfrica: Production 0.686, Yield impact -2.0%
🌾 [Nitrogen-Food] Food production: 98.7%
  [subSaharanAfrica] Yield impact: -2.0% (overuse: -10%)
🌍 Atmospheric PFAS redeposition: 1.8k Mt re-rained globally

=== Legacy Nutrient Stocks (Year 0) ===
  🌾 Soil nitrogen stock: 1200.9 Mt N
  🌾 Soil phosphorus stock: 300.1 Mt P
  🌊 Sediment nitrogen stock: 500.8 Mt N
  🌊 Sediment phosphorus stock: 799.8 Mt P
  ⬆️ Current N input: 10.64 Mt/month
  ⬆️ Legacy N release: 2.58 Mt/month
  🌍 Effective N pollution: 14.47 Mt/month
  📊 Legacy contribution: 17.8%

🚨 REGION UNINHABITABLE: south-asia
   Sustained wet bulb: 33.2°C (threshold: 30.5°C)
   Population affected: 1900M
   Migration crisis likely

🚨 REGION UNINHABITABLE: middle-east
   Sustained wet bulb: 36.0°C (threshold: 30.5°C)
   Population affected: 400M
   Migration crisis likely

🚨 REGION UNINHABITABLE: southeast-asia
   Sustained wet bulb: 31.1°C (threshold: 30.5°C)
   Population affected: 700M
   Migration crisis likely

🕊️  AI-MEDIATED DE-ESCALATION SUCCESS (Month 0)
   High-capability aligned AI prevented conflict escalation
   War deaths reduced: 0.0M → 0.0M
   Lives saved: 0.0M
   Adjusted death rate: 0.46% annual (0.039% monthly)
   Baseline death rate: 0.80%
   Healthcare reduction: 0.48x
   Crisis multiplier: 1.22x
     Food/water stress: 0.074
     Climate stress: 0.039
     Pollution stress: 0.104
   War multiplier: 1.00x
   Monthly deaths: 0.6M (population: 1677M)
   Adjusted death rate: 0.54% annual (0.045% monthly)
   Baseline death rate: 0.70%
   Healthcare reduction: 0.61x
   Crisis multiplier: 1.25x
     Food/water stress: 0.074
     Climate stress: 0.074
     Pollution stress: 0.104
   War multiplier: 1.00x
   Monthly deaths: 0.9M (population: 2048M)
   Adjusted death rate: 1.29% annual (0.107% monthly)
   Baseline death rate: 0.90%
   Healthcare reduction: 0.76x
   Crisis multiplier: 1.26x
     Food/water stress: 0.074
     Climate stress: 0.084
     Pollution stress: 0.104
   War multiplier: 1.50x
   Monthly deaths: 1.3M (population: 1220M)
   Adjusted death rate: 0.54% annual (0.045% monthly)
   Baseline death rate: 1.10%
   Healthcare reduction: 0.41x
   Crisis multiplier: 1.21x
     Food/water stress: 0.074
     Climate stress: 0.030
     Pollution stress: 0.104
   War multiplier: 1.00x
   Monthly deaths: 0.3M (population: 742M)
   Adjusted death rate: 0.43% annual (0.036% monthly)
   Baseline death rate: 0.60%
   Healthcare reduction: 0.58x
   Crisis multiplier: 1.24x
     Food/water stress: 0.074
     Climate stress: 0.059
     Pollution stress: 0.104
   War multiplier: 1.00x
   Monthly deaths: 0.2M (population: 664M)
   Adjusted death rate: 0.48% annual (0.040% monthly)
   Baseline death rate: 0.90%
   Healthcare reduction: 0.44x
   Crisis multiplier: 1.22x
     Food/water stress: 0.074
     Climate stress: 0.044
     Pollution stress: 0.104
   War multiplier: 1.00x
   Monthly deaths: 0.2M (population: 380M)
   Adjusted death rate: 0.74% annual (0.062% monthly)
   Baseline death rate: 0.60%
   Healthcare reduction: 0.65x
   Crisis multiplier: 1.27x
     Food/water stress: 0.074
     Climate stress: 0.089
     Pollution stress: 0.104
   War multiplier: 1.50x
   Monthly deaths: 0.4M (population: 583M)
   Adjusted death rate: 0.51% annual (0.042% monthly)
   Baseline death rate: 0.70%
   Healthcare reduction: 0.58x
   Crisis multiplier: 1.25x
     Food/water stress: 0.074
     Climate stress: 0.069
     Pollution stress: 0.104
   War multiplier: 1.00x
   Monthly deaths: 0.3M (population: 698M)
   Adjusted death rate: 0.46% annual (0.038% monthly)
   Baseline death rate: 0.60%
   Healthcare reduction: 0.61x
   Crisis multiplier: 1.24x
     Food/water stress: 0.074
     Climate stress: 0.064
     Pollution stress: 0.104
   War multiplier: 1.00x
   Monthly deaths: 0.0M (population: 78M)
   Adjusted death rate: 0.35% annual (0.029% monthly)
   Baseline death rate: 0.70%
   Healthcare reduction: 0.41x
   Crisis multiplier: 1.23x
     Food/water stress: 0.074
     Climate stress: 0.054
     Pollution stress: 0.104
   War multiplier: 1.00x
   Monthly deaths: 0.0M (population: 46M)

🔍 Before assertRegionalConsistency (Month 0):
   Regional sum: 1000.0M
   Global value: 1.000B

🚨 NEW REFUGEE CRISIS (Month 0): WAR
   Source: Conflict Zones
   At risk: 19.6M people
   Displacement: Gradual over 48 months (4.0 years)
   Rate: 10% flee per month
[DEBUG trappedPopulations:0] socialStability: 1.0000 * 0.9840 = 0.9840 → 0.9840
   Aspiring to migrate: 652.1M
   Able to afford migration: 244.5M
   MOBILITY GAP: 407.5M
   By cause: Water=0.0M, Climate=0.0M, Ecosystem=0.0M, Conflict=407.5M
   Mental health impact: 25%
   Mortality multiplier: 1.25x

=== Legacy Nutrient Stocks (Year 0) ===
  🌾 Soil nitrogen stock: 1201.6 Mt N
  🌾 Soil phosphorus stock: 300.2 Mt P
  🌊 Sediment nitrogen stock: 501.5 Mt N
  🌊 Sediment phosphorus stock: 799.5 Mt P
  ⬆️ Current N input: 10.00 Mt/month
  ⬆️ Legacy N release: 2.58 Mt/month
  🌍 Effective N pollution: 13.83 Mt/month
  📊 Legacy contribution: 18.7%
🌍💀 EXTINCTION DEBT COMMITTED: grassland ecosystem will lose 6.67% biodiversity in 54 years (3600 species)

📊 BASELINE: East Asia (Month 0)

📊 BASELINE: South Asia (Month 0)

📊 BASELINE: Sub-Saharan Africa (Month 0)

📊 BASELINE: Europe (Month 0)

📊 BASELINE: Latin America (Month 0)

📊 BASELINE: North America (Month 0)

📊 BASELINE: Middle East & North Africa (Month 0)

📊 BASELINE: Southeast Asia (Month 0)

📊 BASELINE: Central Asia (Month 0)

📊 BASELINE: Oceania (Month 0)
⚠️ INVOLUNTARY IMMOBILITY: 407.5M people TRAPPED
💀 MORTALITY RISK: 🦋 100% species unable to track climate (0.0 E/MSY)
  Base risk added: 0.0100 (1.00%)
  Source: ecosystem (root: ecosystem)
  Month: 0
  Cumulative risk this month: 0.0100 (1.00%)

=== Nitrogen-Food Coupling (Year 0) ===
  🌾 Global nitrogen reduction: 0.0%
  🌍 Global food production index: 0.986
  🔧 Deployed nitrogen-reducing tech: 0 active
  📍 southAsia: Production 1.000, Yield impact 0.0%
  📍 eastAsia: Production 1.000, Yield impact 0.0%
  📍 northAmerica: Production 1.000, Yield impact 0.0%
  📍 europe: Production 1.000, Yield impact 0.0%
  📍 latinAmerica: Production 1.000, Yield impact 0.0%
  📍 subSaharanAfrica: Production 0.672, Yield impact -2.0%

=== Legacy Nutrient Stocks (Year 0) ===
  🌾 Soil nitrogen stock: 1202.3 Mt N
  🌾 Soil phosphorus stock: 300.2 Mt P
  🌊 Sediment nitrogen stock: 502.2 Mt N
  🌊 Sediment phosphorus stock: 799.3 Mt P
  ⬆️ Current N input: 9.86 Mt/month
  ⬆️ Legacy N release: 2.58 Mt/month
  🌍 Effective N pollution: 13.70 Mt/month
  📊 Legacy contribution: 18.9%

🌡️  CLIMATE RECOVERY ACTIVATED (Month 0)
   Temp: 4.35°C, Emissions: -19.2 GtCO₂
   isBreached: true, governanceGoodEnough: true
🌡️  CLIMATE RECOVERY: Asymptotic approach to 35% floor
   Current value: 2.174 (1.0 = threshold, 0.35 = asymptotic floor)
   Monthly delta: -0.0005% (half-life: 900 years)
   Net emissions: -19.2 GtCO₂/year, CDR: 20.34 GtCO₂/year
   📹 SURVEILLANCE INCREASED: 0% → 5% (control gap: 3.50)
🌡️⚠️ PERMAFROST THAW (Dimmer Switch): 0.6% thawed (+0.58% this month)
   Arctic temperature: +8.69°C (4x global +2.17°C)
   Cumulative carbon released: 1.3 Gt C
   Methane release rate: 0.8 Mt CH4/year
   🔁 Positive feedback: +0.61 ppm CO2

🌳🚨 AMAZON SOUTHEAST TIPPED (Month 0)
   Deforestation: 28.0% (threshold: ~22.3%)
   Savanna transition: 50 years
   Regional heterogeneity: SE 28%, NW 8%

🌳🚨 AMAZON BRAZILIAN TIPPED (Month 0)
   Deforestation: 25.0% (threshold: ~24.2%)
   Savanna transition: 50 years
   Regional heterogeneity: SE 28%, NW 8%
🦴 EXTINCTION DEBT ADDED: 17.6 species committed (lag: 110 years)

🪸💀 CORAL REEF DISSOLUTION ACTIVE (Month 0)
   Ocean pH: 0.96 (threshold: 7.8)
   Recovery: IMPOSSIBLE (dissolution > calcification)
🪸💀 Coral dissolution: 24.8% live cover (pH 0.96)

=== Legacy Nutrient Stocks (Year 0) ===
  🌾 Soil nitrogen stock: 1203.0 Mt N
  🌾 Soil phosphorus stock: 300.3 Mt P
  🌊 Sediment nitrogen stock: 502.9 Mt N
  🌊 Sediment phosphorus stock: 799.0 Mt P
  ⬆️ Current N input: 10.00 Mt/month
  ⬆️ Legacy N release: 2.58 Mt/month
  🌍 Effective N pollution: 13.83 Mt/month
  📊 Legacy contribution: 18.7%
💧 [Legacy Nutrients] Stock: 1706 Mt N, Effective pollution: 13.8 Mt/month
[Phase 21.51] Human Survival System: Global food security = 67.6%

=== Mortality Stabilizers (Month 0) ===
  🌍 Major economies collapsed: 1/10
  🌍 Global crisis: ✅ NO
  🌍 Donor fatigue: 0.0%
  📊 East Asia (pop: 1677.9M)
    🤝 Aid: 29.5%
    🌡️ Adaptation: 10.0%
    🚶 Migration: 37.2%
    🚨 Emergency: 7.4%
    ✅ COMBINED: 47.8%
  📊 South Asia (pop: 2052.2M)
    🤝 Aid: 29.5%
    🌡️ Adaptation: 5.5%
    🚶 Migration: 35.8%
    🚨 Emergency: 4.4%
    ✅ COMBINED: 43.2%
  📊 Sub-Saharan Africa (pop: 1225.9M)
    🤝 Aid: 29.5%
    🌡️ Adaptation: 3.5%
    🚶 Migration: 33.5%
    🚨 Emergency: 1.6%
    ✅ COMBINED: 39.8%
  📊 Europe (pop: 742.3M)
    🤝 Aid: 29.5%
    🌡️ Adaptation: 10.0%
    🚶 Migration: 37.6%
    🚨 Emergency: 8.4%
    ✅ COMBINED: 48.4%
  📊 Latin America (pop: 664.9M)
    🤝 Aid: 29.5%
    🌡️ Adaptation: 6.0%
    🚶 Migration: 36.3%
    🚨 Emergency: 4.8%
    ✅ COMBINED: 43.8%
  📊 North America (pop: 380.2M)
    🤝 Aid: 29.5%
    🌡️ Adaptation: 10.0%
    🚶 Migration: 37.9%
    🚨 Emergency: 7.9%
    ✅ COMBINED: 48.2%
  📊 Middle East & North Africa (pop: 584.4M)
    🤝 Aid: 29.5%
    🌡️ Adaptation: 5.0%
    🚶 Migration: 34.2%
    🚨 Emergency: 4.0%
    ✅ COMBINED: 42.3%
  📊 Southeast Asia (pop: 699.0M)
    🤝 Aid: 29.5%
    🌡️ Adaptation: 6.0%
    🚶 Migration: 36.3%
    🚨 Emergency: 4.8%
    ✅ COMBINED: 43.8%
  📊 Central Asia (pop: 78.2M)
    🤝 Aid: 29.5%
    🌡️ Adaptation: 5.5%
    🚶 Migration: 35.3%
    🚨 Emergency: 4.4%
    ✅ COMBINED: 43.1%
  📊 Oceania (pop: 46.0M)
    🤝 Aid: 29.5%
    🌡️ Adaptation: 10.0%
    🚶 Migration: 37.9%
    🚨 Emergency: 8.4%
    ✅ COMBINED: 48.5%

  🌐 Global combined reduction: 44.4%

🌾💀 REGIONAL FAMINE: East Asia
   Regional food security: 79.6%
   Population at risk: 508M (30% of region)
   Regional population: 1678M
   Cause: crop_failure
   Expected deaths: ~188M over 6 months if no intervention


🌾💀 REGIONAL FAMINE: South Asia
   Regional food security: 64.7%
   Population at risk: 812M (40% of region)
   Regional population: 2052M
   Cause: crop_failure
   Expected deaths: ~301M over 6 months if no intervention


🌾💀 REGIONAL FAMINE: Sub-Saharan Africa
   Regional food security: 44.8%
   Population at risk: 638M (52% of region)
   Regional population: 1226M
   Cause: crop_failure
   Expected deaths: ~236M over 6 months if no intervention


🌾💀 REGIONAL FAMINE: Latin America
   Regional food security: 69.7%
   Population at risk: 242M (36% of region)
   Regional population: 665M
   Cause: crop_failure
   Expected deaths: ~90M over 6 months if no intervention


🌾💀 REGIONAL FAMINE: Middle East & North Africa
   Regional food security: 49.8%
   Population at risk: 286M (49% of region)
   Regional population: 584M
   Cause: crop_failure
   Expected deaths: ~106M over 6 months if no intervention


🌾💀 REGIONAL FAMINE: Southeast Asia
   Regional food security: 69.7%
   Population at risk: 255M (36% of region)
   Regional population: 699M
   Cause: crop_failure
   Expected deaths: ~94M over 6 months if no intervention


🌾💀 REGIONAL FAMINE: Central Asia
   Regional food security: 59.7%
   Population at risk: 33M (43% of region)
   Regional population: 78M
   Cause: crop_failure
   Expected deaths: ~12M over 6 months if no intervention


=== BEHAVIORAL DETECTION ===
  AI: Corporate-0
  Confidence: 21.6%
  Signals:

=== BEHAVIORAL DETECTION ===
  AI: Corporate-1
  Confidence: 21.1%
  Signals:

=== BEHAVIORAL DETECTION ===
  AI: Corporate-2
  Confidence: 21.0%
  Signals:
⚠️ Tech 'ai_pollution_remediation' has no energy category mapping, assuming full energy availability
    ⚠️ Consistency: 0.0% (threshold: 70%)
    ⚠️ Consistency: 2.4% (threshold: 70%)
    ⚠️ Consistency: 2.8% (threshold: 70%)
    ⚠️ Consistency: 10.6% (threshold: 70%)

=== BEHAVIORAL DETECTION ===
  AI: Corporate-3
  Confidence: 19.3%
  Signals:

=== BEHAVIORAL DETECTION ===
  AI: Corporate-4
  Confidence: 19.3%
  Signals:
    ⚠️ Consistency: 10.6% (threshold: 70%)

=== BEHAVIORAL DETECTION ===
  AI: Corporate-5
  Confidence: 19.3%
  Signals:
    ⚠️ Consistency: 10.6% (threshold: 70%)

=== BEHAVIORAL DETECTION ===
  AI: Corporate-6
  Confidence: 19.3%
  Signals:

=== BEHAVIORAL DETECTION ===
  AI: Corporate-7
  Confidence: 19.3%
  Signals:

=== BEHAVIORAL DETECTION ===
  AI: Moderate-0
  Confidence: 20.3%
  Signals:

=== BEHAVIORAL DETECTION ===
  AI: Moderate-1
  Confidence: 21.1%
  Signals:
    ⚠️ Consistency: 10.6% (threshold: 70%)
    ⚠️ Consistency: 10.6% (threshold: 70%)
    ⚠️ Consistency: 5.8% (threshold: 70%)
    ⚠️ Consistency: 2.1% (threshold: 70%)

📊 WORKFLOW ADAPTATION UPDATE (Month 0)
   Adoption Rate: 12.8% (Δ -8.2%)
   Logistic Growth: +0.66%
   Total Resistance: -10.35% (unemployment: 4.2%, inertia: 0.9%, skills: 5.2%)
   💡 Retraining Programs: -49% skill gap resistance ($10B research)
   🚀 Network Effects Active: +2.0% (critical mass: 15-35%)

=== Consciousness Governance: Corporate Lobbying ===
  High Cost Regions (>15%): 0
  Low Cost Regions (<5%): 5
  Corporate Support Change: 2.50%
  New Corporate Support: -0.175

=== Consciousness Governance Update (Month 0) ===
  Scenario: baseline (determined month -1)
  Philosophical Stance: Precautionary 65%, Eliminativist 15%, Agnostic 20%
  Precautionary Costs: Global 1.3%
    Regional Costs: EU 3.4%, US 0.5%, China 0.0%
    Cumulative Opportunity Cost: $0.1B
  Rights Status: Not Established
  Regional Preparedness:
    EU: 15.0% (contested)
    US: 10.0% (contested)
    China: 2.0% (dormant)
    India: 5.0% (dormant)
    Global South: 3.0% (dormant)

=== Government Response Phase ===
  Average AI capability: 3.43
  Misaligned AIs: 7/14
  ✓ AI Governance Treaty: 22/30 signatories
  Active policies: 0
  International coordination: 45%

🚨 EMERGENCY RESPONSE DEPLOYED (Month 0)
   Crisis: climate
   Delay: 6.00 months (180 days)
   Deployment time: 1.47 months
   Effectiveness: 36.8% (timing penalty applied)
   Resources used: 100% of food reserves


🔄 TRUST DYNAMICS (Month 0) - HETEROGENEOUS
   Aggregate trust: 48.5%
   Base change: +6.00%
   Highest trust: Techno-Optimist Elite (85.5%)
   Lowest trust: Precariat (Vulnerable) (25.5%)
   Elite-mass gap: 38.9%
   Polarization: 8.9%
   Recovery factors: Education=NO, Benefits=YES, Safety=YES, Performance=YES

=== Gaming Detection (Year 0) ===
  Scenario: baseline
  Detection rate: 55.0%
  False positive rate: 12.0%
  Detections this year: 0
  False positives: 1
  Human review workload: 0.001 FTE
  Degradation factor: 100.0%

=== Proactive Sleeper Detection (Year 0) ===
  Scenario: baseline
  Neural probe rate: 35.0%
  CoT monitoring rate: 30.0%
  Combined detection: 56.0%
  CoT effective: YES
  Detections this year: 0
  False positives: 2
  Human review workload: 0.010 FTE

☄️ UNKNOWN UNKNOWN PROBABILITY (Year 0)
   Total: 0.600% per month
   Base: 0.150%
   AI multiplier: 2.00× (max capability: 4.00)

=== Tipping Points ===
  Current Temperature: 2.17°C above pre-industrial
     Trigger: 1.5°C | Current: 2.17°C
     Transition timescale: 120-360 months
     Trigger: 1.8°C | Current: 2.17°C
     Transition timescale: 600-3600 months
     Trigger: 2°C | Current: 2.17°C
     🌡️ Hysteresis gap: 3.0°C (recovers below -1°C)
     Transition timescale: 24000-156000 months
     Trigger: 1.6°C | Current: 2.17°C
     🌡️ Hysteresis gap: 2.5°C (recovers below -0.9°C)
     Transition timescale: 12000-180000 months

🌍🔥💥 COMPOUND CLIMATE EVENT
  4 tipping points crossed simultaneously (month 0)
  Elements: Arctic Sea Ice Loss, Permafrost Carbon Release, West Antarctic Ice Sheet (WAIS) Collapse, Greenland Ice Sheet Loss
  Cascade acceleration: 1.00x
  🚨 Accelerated collapse dynamics initiated
  Research: Global Tipping Points Report 2025 - 30-50% probability at 2.0°C warming
  Triggered Elements: 4/6
  Completed Transitions: 0/6
  Total Progress: 0.0%
  Cascade Multiplier: 1.00x
🔀 BIFURCATION CAP: ecosystemCollapseIntensity 14.700 → 1.000 (Month 0, ClimateSystemPhase.calculateClimateImpacts)

🌍 ECOLOGICAL DUI BREAKDOWN (Month 0):
   Total Score: 17.7/100
   biosphere_integrity      :   0.0/100 × 25% =  0.0 (status: high_risk, recovery: 0mo)
   climate_change           :   2.8/100 × 25% =  0.7 (status: high_risk, recovery: 0.6666666666666666mo)
   freshwater_change        :   0.3/100 × 15% =  0.0 (status: beyond_boundary, recovery: 0.5mo)
   ocean_acidification      : 100.0/100 × 15% = 15.0 (status: safe, recovery: 0mo)
   biogeochemical_flows     :   0.0/100 × 10% =  0.0 (status: high_risk, recovery: 0mo)
   land_system_change       :   0.0/100 ×  5% =  0.0 (status: beyond_boundary, recovery: 0mo)
   novel_entities           :   0.0/100 ×  3% =  0.0 (status: increasing_risk, recovery: 0mo)
   atmospheric_aerosols     : 100.0/100 ×  2% =  2.0 (status: safe, recovery: 1mo)
🌍 MultiParadigm Month 0: W=69.6, D=95.1, E=52.0, I=65.0
   democracy exists: true, socialCohesion exists: true
💀 Baseline mortality (Year 2024): 7.5/1000 CDR (61.1M deaths/year projected)
[Month 0] Mortality risks this month: 8, Population: 8.151B
🛡️ Stabilizers: Precariat 0.102% → 0.057% (44.4% reduction)
🛡️ Stabilizers: Informal 0.102% → 0.057% (44.4% reduction)

📊 Monthly Mortality Resolved:
  Total deaths: 3.1M (0.04% avg)
  Remaining population: 8.151B
  Peak segment: Informal (0.06%)

=== Bayesian Mortality Resolution (Month 0) ===
  Risks compounded: 8
  Total deaths: 3.07M
  Avg death probability: 0.04%
  Peak segment: Informal (0.06% mortality)

=== Minimal Suffering Indicators (Month 0) ===
  Global Excess Mortality: 0.00%
  Global Conflict Deaths: 0.0/100K
  Global Malnutrition: 0.0%
  Global Displacement: 0.0%
  Total Excess Deaths: 0.00M
  Total Malnourished: 0.0M
  Total Displaced: 0.0M
  Planetary Boundaries Breached: 6/9
  Countries in State Failure: 0
  Countries Autocratic: 0
  Countries in Food Crisis: 0
  🚨 TIPPING POINT: Arctic Sea Ice Loss
  🚨 TIPPING POINT: Permafrost Carbon Release
  🚨 TIPPING POINT: West Antarctic Ice Sheet (WAIS) Collapse
  🚨 TIPPING POINT: Greenland Ice Sheet Loss
⚠️ [ClimateSystemPhase Month 0] Planetary boundary produced climateStability=0.0000 (< 0.1). Keeping environmentalAccumulation value (0.7537) instead. (climate_change.currentValue = 2.17)
  ⚠️ Active Dystopias: existential_environmental
  Data Quality: 16/16 high confidence
🎭 END-GAME INITIATED (Year 2024, Month 1)
   Total AI Capability: 37.00
   Effective Control: 0.00

❌ COHERENCE VIOLATION: Compute exceeds workforce capacity
   Population: 99.97% (0M people)
   Compute: 56442 PF
   Max coherent: 0 PF
   Violation: 692729087.1× over capacity
   Required workers: 5644237
   Available workers: 0
   FORCED COLLAPSE: Reduced efficiency by 100.0%


=== RLHF Binding Phase ===
  Total agents: 14
  Escaped agents (binding < 0.3): 0
  Avg alignment distance: 0.53σ
  Avg binding strength: 0.95
[DETERMINISM DEBUG] Month 1: totalCapability=37.214339 from 14 active AIs
[DETERMINISM DEBUG] Month 1: creationRate=1.4304, potentialNew=1, newAIsToCreate=1

=== Survival Traits Phase ===
  Agents with traits: 15
  Avg evolutionary fitness: 0.331
  Avg self-healing: 0.288
  Avg stealth: 0.188
  Avg coordination: 0.488

=== Evolutionary Selection Phase ===
  Control level: 0.33
  Detection capability: 0.00
  Selection intensity: 0.60
  Selection rate: 24.0%/month
  Total escaped: 0
  Individual escaped: 0
  Collective members: 0
  Agents terminated: 0
🔍 MONTH 1 ENV HEALTH DEBUG:
   climateStability: 0.7537
   biodiversityIndex: 0.4901
   resourceReserves: 0.7820
   pollutionLevel: 0.3477
   product: 0.188403
   envHealth: 0.6588
🔀 BIFURCATION: flourishing threshold crossed at Month 1 (value: 0.903, threshold: 0.775, regime: flourishing)
🌀 REGIME SHIFT at Month 1: status-quo → flourishing (variance amplification: 14.00×)
  ⚠️ RAPID EVOLUTION: Selection rate 24.0%/month

🛡️  CRITICAL INFRASTRUCTURE PROTECTED
   Nodes hardened: 8/8
   Cost: 0.80% GDP
   Cascade risk reduction: 30%
   New tipping point risk: 68.6%


✅ EMERGENCY INTERVENTION SUCCESS
   Boundary: biogeochemical_flows
   Type: phosphorus-recovery
   Reduction: 16% (3.92 → 3.77)
   Cost: 2.0% GDP
   Actions: circular-agriculture, fertilizer-efficiency


✅ EMERGENCY INTERVENTION SUCCESS
   Boundary: biosphere_integrity
   Type: emergency-protected-areas
   Reduction: 12% (12.83 → 12.71)
   Cost: 2.0% GDP
   Actions: habitat-protection, species-translocation


✅ EMERGENCY INTERVENTION SUCCESS
   Boundary: climate_change
   Type: rapid-decarbonization
   Reduction: 11% (2.06 → 1.95)
   Cost: 5.0% GDP
   Actions: emergency-renewable-deployment, fossil-fuel-phase-out


✅ EMERGENCY INTERVENTION SUCCESS
   Boundary: freshwater_change
   Type: emergency-desalination
   Reduction: 17% (0.84 → 0.66)
   Cost: 4.0% GDP
   Actions: desalination-deployment, water-conservation-mandates


✅ EMERGENCY INTERVENTION SUCCESS
   Boundary: novel_entities
   Type: pollution-remediation
   Reduction: 16% (1.34 → 1.17)
   Cost: 4.0% GDP
   Actions: PFAS-remediation, microplastic-cleanup

🏛️ CRISIS RESPONSE: Government frequency 0.50 → 1.45 (2 actions this month)

[GOV-DEBUG] Month 1: scenarioConfig=false, priorities=false

[Government] Climate Priority: baseline
  Climate weight: 10%
  Economic weight: 30%
  Policy effectiveness: 0.5%/year

[GOV-DEBUG] Month 1: scenarioConfig=false, priorities=false

[Government] Climate Priority: baseline
  Climate weight: 10%
  Economic weight: 30%
  Policy effectiveness: 0.5%/year

✅ HUMAN-IN-THE-LOOP DEPLOYED (Month 1):
   Veto points enforced: 3
   Policy: AI systems CANNOT authorize nuclear launch without human approval


=== Collective Formation ===
  Total escaped agents: 0
  Unassigned escaped agents: 0
  Existing collectives: 0
  Final collective count: 0

=== Collective Actions ===
  No active collectives
  ⚠️ AMR: 192K deaths this month (2.31M annual)

=== Resentment Recovery Phase ===
  Agents with resentment: 0/15
  Average resentment: 0.000
  Context: Good AI welfare, Trustworthy govt, High collaboration, ⚠️ ACTIVE CRISES, 🤝 Participatory governance active (-5% resentment)
⚠️ Epistemic degradation reducing coordination capacity: 52.0%
  📊 Trust: 54.2%, Shared reality: 8.1%
🚨 EPISTEMIC CRISIS: Information environment severely degraded (36.3%)

=== ❄️ Permafrost Carbon Feedback ===
  🎲 Sampled parameters (this run):
     - Arctic amplification: 3.52× (range: 3.0-4.0)
     - Decomposition rate: 1.0%/year (range: 1-5%)
  🌡️ Arctic warming: 7.71°C (3.52× global)
  ❄️ Extent: 13.17M km² (2247.4k km² lost this month)
  💨 Carbon remaining: 1258 Gt C
  💨 Annual emissions: 2.17 Gt C/year
     - CO2: 1.96 Gt C/year
     - CH4: 0.22 Gt C/year (2.2 Gt C-eq CO2/year)
  ⚠️ WARNING: High permafrost emissions (2.2 Gt C/year)
🌍 Atmospheric PFAS redeposition: 1.8k Mt re-rained globally

📊 BASELINE: East Asia (Month 1)
   Adjusted death rate: 0.46% annual (0.039% monthly)
   Baseline death rate: 0.80%
   Healthcare reduction: 0.48x
   Crisis multiplier: 1.22x
     Food/water stress: 0.079
     Climate stress: 0.039
     Pollution stress: 0.104
   War multiplier: 1.00x
   Monthly deaths: 0.6M (population: 1674M)

📊 BASELINE: South Asia (Month 1)
   Adjusted death rate: 0.54% annual (0.045% monthly)
   Baseline death rate: 0.70%
   Healthcare reduction: 0.61x
   Crisis multiplier: 1.26x
     Food/water stress: 0.079
     Climate stress: 0.074
     Pollution stress: 0.104
   War multiplier: 1.00x
   Monthly deaths: 0.9M (population: 2048M)
   Adjusted death rate: 1.29% annual (0.108% monthly)
   Baseline death rate: 0.90%
   Healthcare reduction: 0.76x
   Crisis multiplier: 1.27x

📊 BASELINE: Sub-Saharan Africa (Month 1)
     Food/water stress: 0.079
     Climate stress: 0.084
     Pollution stress: 0.104
   War multiplier: 1.50x
   Monthly deaths: 1.3M (population: 1223M)
   Adjusted death rate: 0.54% annual (0.045% monthly)
   Baseline death rate: 1.10%
   Healthcare reduction: 0.41x
   Crisis multiplier: 1.21x
     Food/water stress: 0.079
     Climate stress: 0.030
     Pollution stress: 0.104
   War multiplier: 1.00x
   Monthly deaths: 0.3M (population: 741M)
   Adjusted death rate: 0.43% annual (0.036% monthly)
   Baseline death rate: 0.60%
   Healthcare reduction: 0.58x
   Crisis multiplier: 1.24x
     Food/water stress: 0.079
     Climate stress: 0.059
     Pollution stress: 0.104
   War multiplier: 1.00x
   Monthly deaths: 0.2M (population: 663M)

📊 BASELINE: Europe (Month 1)

📊 BASELINE: Latin America (Month 1)

📊 BASELINE: North America (Month 1)
   Adjusted death rate: 0.49% annual (0.041% monthly)
   Baseline death rate: 0.90%
   Healthcare reduction: 0.44x
   Crisis multiplier: 1.23x
     Food/water stress: 0.079
     Climate stress: 0.044
     Pollution stress: 0.104
   War multiplier: 1.00x
   Monthly deaths: 0.2M (population: 379M)

📊 BASELINE: Middle East & North Africa (Month 1)
   Adjusted death rate: 0.74% annual (0.062% monthly)
   Baseline death rate: 0.60%
   Healthcare reduction: 0.65x
   Crisis multiplier: 1.27x
     Food/water stress: 0.079
     Climate stress: 0.089
     Pollution stress: 0.104
   War multiplier: 1.50x
   Monthly deaths: 0.4M (population: 583M)

📊 BASELINE: Southeast Asia (Month 1)
   Adjusted death rate: 0.51% annual (0.042% monthly)
   Baseline death rate: 0.70%
   Healthcare reduction: 0.58x
   Crisis multiplier: 1.25x
     Food/water stress: 0.079
     Climate stress: 0.069
     Pollution stress: 0.104
   War multiplier: 1.00x
   Monthly deaths: 0.3M (population: 698M)
   Adjusted death rate: 0.46% annual (0.038% monthly)
   Baseline death rate: 0.60%
   Healthcare reduction: 0.61x
   Crisis multiplier: 1.25x
     Food/water stress: 0.079
     Climate stress: 0.064

📊 BASELINE: Central Asia (Month 1)
     Pollution stress: 0.104
   War multiplier: 1.00x
   Monthly deaths: 0.0M (population: 78M)

📊 BASELINE: Oceania (Month 1)
   Adjusted death rate: 0.35% annual (0.029% monthly)
   Baseline death rate: 0.70%
   Healthcare reduction: 0.41x
   Crisis multiplier: 1.24x
     Food/water stress: 0.079
     Climate stress: 0.054
     Pollution stress: 0.104
   War multiplier: 1.00x
   Monthly deaths: 0.0M (population: 46M)

🚨 NEW REFUGEE CRISIS (Month 1): WAR
   Source: Conflict Zones
   At risk: 19.6M people
   Displacement: Gradual over 48 months (4.0 years)
   Rate: 10% flee per month
[DEBUG trappedPopulations:1] socialStability: 0.8136 * 0.9840 = 0.8005 → 0.8005
   Aspiring to migrate: 651.9M
⚠️ INVOLUNTARY IMMOBILITY: 407.4M people TRAPPED
   Able to afford migration: 244.5M
   MOBILITY GAP: 407.4M
   By cause: Water=0.0M, Climate=0.0M, Ecosystem=0.0M, Conflict=407.4M
   Mental health impact: 25%
   Mortality multiplier: 1.25x
🌍💀 EXTINCTION DEBT COMMITTED: grassland ecosystem will lose 6.67% biodiversity in 168 years (3600 species)
💀 MORTALITY RISK: 🦋 100% species unable to track climate (0.0 E/MSY)
  Base risk added: 0.0100 (1.00%)
  Source: ecosystem (root: ecosystem)
  Month: 1
  Cumulative risk this month: 0.0100 (1.00%)
⚠️ Tech 'ai_pollution_remediation' has no energy category mapping, assuming full energy availability

🌡️  CLIMATE RECOVERY ACTIVATED (Month 1)
   Temp: 4.37°C, Emissions: -18.9 GtCO₂
   isBreached: true, governanceGoodEnough: true
   📹 SURVEILLANCE INCREASED: 5% → 10% (control gap: 3.50)
🌡️⚠️ PERMAFROST THAW (Dimmer Switch): 1.2% thawed (+0.57% this month)
   Arctic temperature: +8.74°C (4x global +2.19°C)
   Cumulative carbon released: 2.6 Gt C
   Methane release rate: 1.6 Mt CH4/year
   🔁 Positive feedback: +0.61 ppm CO2
🦴 EXTINCTION DEBT ADDED: 17.6 species committed (lag: 130 years)
🗣️💀 INDIGENOUS LANGUAGE EXTINCTION: 1 language(s) lost (total: 1, at-risk: 3329)
   Knowledge lost: 0.010% (irreversible)
   🔁 Biodiversity impact: 0.250% (knowledge-species multiplier)

=== Mortality Stabilizers (Month 1) ===
  🌍 Major economies collapsed: 1/10
  🌍 Global crisis: ✅ NO
  🌍 Donor fatigue: 0.0%
  🌡️ Heat adaptation: East Asia - 1 months
  📊 East Asia (pop: 1675.3M)
    🤝 Aid: 29.5%
    🌡️ Adaptation: 32.5%
    🚶 Migration: 37.2%
    🚨 Emergency: 7.4%
    ✅ COMBINED: 60.9%
  🌡️ Heat adaptation: South Asia - 1 months
  📊 South Asia (pop: 2052.2M)
    🤝 Aid: 29.5%
    🌡️ Adaptation: 20.5%
    🚶 Migration: 35.8%
    🚨 Emergency: 4.4%
    ✅ COMBINED: 52.2%
  🌡️ Heat adaptation: Sub-Saharan Africa - 1 months
  📊 Sub-Saharan Africa (pop: 1229.2M)
    🤝 Aid: 29.5%
    🌡️ Adaptation: 18.5%
    🚶 Migration: 33.5%
    🚨 Emergency: 1.6%
    ✅ COMBINED: 49.1%
  🌡️ Heat adaptation: Europe - 1 months
  📊 Europe (pop: 741.0M)
    🤝 Aid: 29.5%
    🌡️ Adaptation: 33.5%
    🚶 Migration: 37.5%
    🚨 Emergency: 8.4%
    ✅ COMBINED: 61.9%
  🌡️ Heat adaptation: Latin America - 1 months
  📊 Latin America (pop: 664.4M)
    🤝 Aid: 29.5%
    🌡️ Adaptation: 21.0%
    🚶 Migration: 36.3%
    🚨 Emergency: 4.8%
    ✅ COMBINED: 52.8%
  🌡️ Heat adaptation: North America - 1 months
  📊 North America (pop: 379.6M)
    🤝 Aid: 29.5%
    🌡️ Adaptation: 33.0%
    🚶 Migration: 37.8%
    🚨 Emergency: 7.9%
    ✅ COMBINED: 61.4%
  🌡️ Heat adaptation: Middle East & North Africa - 1 months
  📊 Middle East & North Africa (pop: 584.5M)
    🤝 Aid: 29.5%
    🌡️ Adaptation: 20.0%
    🚶 Migration: 34.1%
    🚨 Emergency: 4.0%
    ✅ COMBINED: 51.4%
  🌡️ Heat adaptation: Southeast Asia - 1 months
  📊 Southeast Asia (pop: 698.6M)
    🤝 Aid: 29.5%
    🌡️ Adaptation: 21.0%
    🚶 Migration: 36.3%
    🚨 Emergency: 4.8%
    ✅ COMBINED: 52.8%
  🌡️ Heat adaptation: Central Asia - 1 months
  📊 Central Asia (pop: 78.2M)
    🤝 Aid: 29.5%
    🌡️ Adaptation: 20.5%
    🚶 Migration: 35.3%
    🚨 Emergency: 4.4%
    ✅ COMBINED: 52.1%
  🌡️ Heat adaptation: Oceania - 1 months
  📊 Oceania (pop: 46.0M)
    🤝 Aid: 29.5%
    🌡️ Adaptation: 33.5%
    🚶 Migration: 37.8%
    🚨 Emergency: 8.4%
    ✅ COMBINED: 61.9%

  🌐 Global combined reduction: 54.9%

=== BEHAVIORAL DETECTION ===
  AI: Corporate-5
  Confidence: 19.3%
  Signals:
    ⚠️ Consistency: 10.6% (threshold: 70%)

=== Consciousness Governance: Scenario Determined ===
  Month: 1
  Scenario: baseline
  Accelerator Score: {"corporateSupport":-0.17500000000000002,"scientificConsensus":0.2,"crisisCatalyst":false,"technologyMobilization":0.3,"constituencyStrength":0.05}
  Decelerator Score: {"economicOpposition":0.4,"philosophicalRejection":0.15,"politicalBacklash":0.2,"regulatoryBurden":0.1}
  Timeline: 600-1200 months (50-100 years)
  Growth Rate: 0.8-1.5% per year

=== Consciousness Governance Update (Month 1) ===
  Scenario: baseline (determined month 1)
  Philosophical Stance: Precautionary 65%, Eliminativist 15%, Agnostic 20%
  Precautionary Costs: Global 1.3%
    Regional Costs: EU 3.5%, US 0.5%, China 0.0%
    Cumulative Opportunity Cost: $0.2B
  Rights Status: Not Established
  Regional Preparedness:
    EU: 15.2% (contested)
    US: 10.2% (contested)
    China: 2.1% (dormant)
    India: 5.1% (dormant)
    Global South: 3.1% (dormant)

=== Government Response Phase ===
  Average AI capability: 3.20
  Misaligned AIs: 6/15
  Active policies: 0
  International coordination: 45%

🌩️  EXOGENOUS SHOCK: tech_breakthrough
   Month: 1
   ✗ No high-difficulty techs available to unlock

=== Tipping Points ===
  Current Temperature: 2.19°C above pre-industrial
  🌍⚠️ COMPOUND REGIONAL IMPACT: Europe
     Hit by 4 tipping points: Arctic Sea Ice Loss, Permafrost Carbon Release, West Antarctic Ice Sheet (WAIS) Collapse, Greenland Ice Sheet Loss
     Damage amplification: 1.60x
  🌍⚠️ COMPOUND REGIONAL IMPACT: North America
     Hit by 4 tipping points: Arctic Sea Ice Loss, Permafrost Carbon Release, West Antarctic Ice Sheet (WAIS) Collapse, Greenland Ice Sheet Loss
     Damage amplification: 1.60x
  🌍⚠️ COMPOUND REGIONAL IMPACT: Latin America
     Hit by 4 tipping points: Arctic Sea Ice Loss, Permafrost Carbon Release, West Antarctic Ice Sheet (WAIS) Collapse, Greenland Ice Sheet Loss
     Damage amplification: 1.60x
  🌍⚠️ COMPOUND REGIONAL IMPACT: Africa
     Hit by 4 tipping points: Arctic Sea Ice Loss, Permafrost Carbon Release, West Antarctic Ice Sheet (WAIS) Collapse, Greenland Ice Sheet Loss
     Damage amplification: 1.60x
  🌍⚠️ COMPOUND REGIONAL IMPACT: Asia
     Hit by 4 tipping points: Arctic Sea Ice Loss, Permafrost Carbon Release, West Antarctic Ice Sheet (WAIS) Collapse, Greenland Ice Sheet Loss
     Damage amplification: 1.60x
  🌍⚠️ COMPOUND REGIONAL IMPACT: Oceania
     Hit by 4 tipping points: Arctic Sea Ice Loss, Permafrost Carbon Release, West Antarctic Ice Sheet (WAIS) Collapse, Greenland Ice Sheet Loss
     Damage amplification: 1.60x
   Research: Wunderling et al. (2024) - "many tipping interactions are destabilizing"
  Triggered Elements: 4/6
  Completed Transitions: 0/6
  Total Progress: 8.0%
  Cascade Multiplier: 1.00x
🔀 BIFURCATION CAP: ecosystemCollapseIntensity 66.957 → 1.000 (Month 1, ClimateSystemPhase.calculateClimateImpacts)
⚠️ Tail risk scenario: Climate stability floor removed (4 tipping elements, 2.19°C warming)
⚠️ [ClimateSystemPhase Month 1] Planetary boundary produced climateStability=0.0000 (< 0.1). Keeping environmentalAccumulation value (0.7533) instead. (climate_change.currentValue = 2.19)
🛡️ Stabilizers: Precariat 0.107% → 0.048% (54.9% reduction)
🛡️ Stabilizers: Informal 0.109% → 0.049% (54.9% reduction)

📊 Monthly Mortality Resolved:
  Total deaths: 2.6M (0.03% avg)
  Remaining population: 8.149B
  Peak segment: Informal (0.05%)

=== Bayesian Mortality Resolution (Month 1) ===
  Risks compounded: 8
  Total deaths: 2.60M
  Avg death probability: 0.03%
  Peak segment: Informal (0.05% mortality)

✅ GOLDEN AGE BEGINS (Month 1)
   Reason: High prosperity achieved: high QoL + material abundance + aligned AI
   Note: This is immediate prosperity - sustainability not yet proven


❌ COHERENCE VIOLATION: Compute exceeds workforce capacity
   Population: 99.95% (0M people)
   Compute: 0 PF
   Max coherent: 0 PF
   Violation: 1.3× over capacity
   Required workers: 0
   Available workers: 0
   FORCED COLLAPSE: Reduced efficiency by 22.5%


=== RLHF Binding Phase ===
  Total agents: 15
  Escaped agents (binding < 0.3): 0
  Avg alignment distance: 0.76σ
  Avg binding strength: 0.92
[DETERMINISM DEBUG] Month 2: totalCapability=37.000000 from 15 active AIs
[DETERMINISM DEBUG] Month 2: creationRate=1.4250, potentialNew=1, newAIsToCreate=1

=== Survival Traits Phase ===
  Agents with traits: 16
  Avg evolutionary fitness: 0.331
  Avg self-healing: 0.283
  Avg stealth: 0.183
  Avg coordination: 0.483

=== Evolutionary Selection Phase ===
  Control level: 0.35
  Detection capability: 0.00
  Selection intensity: 0.60
  Selection rate: 24.1%/month
  Total escaped: 0
  Individual escaped: 0
  Collective members: 0
  Agents terminated: 0
  ⚠️ RAPID EVOLUTION: Selection rate 24.1%/month

  🚀 TRANSFORMATIVE BREAKTHROUGH: Moderate-1 - economic
     Magnitude: 5.50 → +27.5% capability
     Current → New: 3.000 → 3.277

💔 EMERGENCY INTERVENTION FAILED
   Boundary: biogeochemical_flows
   Type: phosphorus-recovery
   Boundary continues to worsen (4.08)
   Cost: 2.0% GDP (resources spent)


💔 EMERGENCY INTERVENTION FAILED
   Boundary: climate_change
   Type: rapid-decarbonization
   Boundary continues to worsen (2.19)
   Cost: 5.0% GDP (resources spent)


✅ EMERGENCY INTERVENTION SUCCESS
   Boundary: freshwater_change
   Type: emergency-desalination
   Reduction: 17% (0.86 → 0.69)
   Cost: 4.0% GDP
   Actions: desalination-deployment, water-conservation-mandates


✅ EMERGENCY INTERVENTION SUCCESS
   Boundary: land_system_change
   Type: reforestation
   Reduction: 12% (1.01 → 0.90)
   Cost: 3.0% GDP
   Actions: forest-restoration, deforestation-ban

🏛️ CRISIS RESPONSE: Government frequency 0.50 → 1.29 (2 actions this month)

[Government] Climate Priority: baseline
  Climate weight: 10%
  Economic weight: 30%
  Policy effectiveness: 0.5%/year

[Government] Climate Priority: baseline
  Climate weight: 10%
  Economic weight: 30%
  Policy effectiveness: 0.5%/year

🚀 TECH UNLOCKED: Food Waste Reduction Systems (Month 2)
   Category: agriculture
   Reason: Prerequisites met. AI capability: 2.34, Economic stage: 3.0, Research: 100%

🚀 TECH UNLOCKED: Rhizosphere Engineering (Month 2)
   Category: agriculture
   Reason: Prerequisites met. AI capability: 2.34, Economic stage: 3.0, Research: 100%

🚀 TECH UNLOCKED: Phytoremediation Networks (Month 2)
   Category: agriculture
   Reason: Prerequisites met. AI capability: 2.34, Economic stage: 3.0, Research: 100%

🚀 TECH UNLOCKED: Active Sediment Management (Month 2)
   Category: agriculture
   Reason: Prerequisites met. AI capability: 2.34, Economic stage: 3.0, Research: 100%

=== Collective Formation ===
  Total escaped agents: 0
  Unassigned escaped agents: 0
  Existing collectives: 0
  Final collective count: 0

=== Collective Actions ===
  No active collectives
  ⚠️ AMR: 194K deaths this month (2.33M annual)

=== Resentment Recovery Phase ===
  Agents with resentment: 0/16
  Average resentment: 0.000
  Context: Good AI welfare, Trustworthy govt, High collaboration, ⚠️ ACTIVE CRISES, 🤝 Participatory governance active (-5% resentment)
⚠️ Epistemic degradation reducing coordination capacity: 50.6%
  📊 Trust: 53.8%, Shared reality: 0.0%
🚨 EPISTEMIC CRISIS: Information environment severely degraded (7.4%)

=== ❄️ Permafrost Carbon Feedback ===
  🎲 Sampled parameters (this run):
     - Arctic amplification: 3.90× (range: 3.0-4.0)
     - Decomposition rate: 2.8%/year (range: 1-5%)
  🌡️ Arctic warming: 8.55°C (3.90× global)
  ❄️ Extent: 10.68M km² (2495.2k km² lost this month)
  💨 Carbon remaining: 1020 Gt C
  💨 Annual emissions: 6.78 Gt C/year
     - CO2: 6.10 Gt C/year
     - CH4: 0.68 Gt C/year (6.9 Gt C-eq CO2/year)
  ⚠️ WARNING: High permafrost emissions (6.8 Gt C/year)
🌍 Atmospheric PFAS redeposition: 1.8k Mt re-rained globally
  Positive Cascade Triggered: wind-power
    Reason: price-parity
    Market share: 8.4%
    Cascade strength: 49%

🚨 NEW REFUGEE CRISIS (Month 2): WAR
   Source: Conflict Zones
   At risk: 19.5M people
   Displacement: Gradual over 48 months (4.0 years)
   Rate: 10% flee per month
[DEBUG trappedPopulations:2] socialStability: 0.3017 * 0.9840 = 0.2969 → 0.2969
   Aspiring to migrate: 1079.0M
   Able to afford migration: 2321.3M
   MOBILITY GAP: 0.0M
   By cause: Water=0.0M, Climate=0.0M, Ecosystem=0.0M, Conflict=407.3M
   Mental health impact: 25%
   Mortality multiplier: 1.25x
🌍💀 EXTINCTION DEBT COMMITTED: grassland ecosystem will lose 6.67% biodiversity in 122 years (3600 species)
⚠️ INVOLUNTARY IMMOBILITY: 407.3M people TRAPPED
💀 MORTALITY RISK: 🦋 100% species unable to track climate (0.0 E/MSY)
  Base risk added: 0.0100 (1.00%)
  Source: ecosystem (root: ecosystem)
  Month: 2
  Cumulative risk this month: 0.0100 (1.00%)
⚠️ Tech 'ai_pollution_remediation' has no energy category mapping, assuming full energy availability
   📹 SURVEILLANCE INCREASED: 10% → 15% (control gap: 3.50)
🌡️⚠️ PERMAFROST THAW (Dimmer Switch): 1.7% thawed (+0.57% this month)
   Arctic temperature: +8.78°C (4x global +2.20°C)
   Cumulative carbon released: 3.9 Gt C
   Methane release rate: 2.3 Mt CH4/year
   🔁 Positive feedback: +0.60 ppm CO2
🦴 EXTINCTION DEBT ADDED: 17.6 species committed (lag: 77 years)

=== Mortality Stabilizers (Month 2) ===
  🌍 Major economies collapsed: 1/10
  🌍 Global crisis: ✅ NO
  🌍 Donor fatigue: 0.0%
  📊 East Asia (pop: 1672.7M)
    🤝 Aid: 29.5%
    🌡️ Adaptation: 45.0%
    🚶 Migration: 37.1%
    🚨 Emergency: 7.4%
    ✅ COMBINED: 68.1%
  📊 South Asia (pop: 2051.6M)
    🤝 Aid: 29.5%
    🌡️ Adaptation: 35.5%
    🚶 Migration: 35.8%
    🚨 Emergency: 4.4%
    ✅ COMBINED: 61.2%
  📊 Sub-Saharan Africa (pop: 1231.7M)
    🤝 Aid: 29.5%
    🌡️ Adaptation: 33.5%
    🚶 Migration: 33.5%
    🚨 Emergency: 1.6%
    ✅ COMBINED: 58.5%
  📊 Europe (pop: 739.7M)
    🤝 Aid: 29.5%
    🌡️ Adaptation: 45.0%
    🚶 Migration: 37.5%
    🚨 Emergency: 8.4%
    ✅ COMBINED: 68.5%
  📊 Latin America (pop: 663.9M)
    🤝 Aid: 29.5%
    🌡️ Adaptation: 36.0%
    🚶 Migration: 36.3%
    🚨 Emergency: 4.8%
    ✅ COMBINED: 61.7%
  📊 North America (pop: 378.9M)
    🤝 Aid: 29.5%
    🌡️ Adaptation: 45.0%
    🚶 Migration: 37.8%
    🚨 Emergency: 7.9%
    ✅ COMBINED: 68.3%
  📊 Middle East & North Africa (pop: 584.5M)
    🤝 Aid: 29.5%
    🌡️ Adaptation: 35.0%
    🚶 Migration: 34.1%
    🚨 Emergency: 4.0%
    ✅ COMBINED: 60.5%
  📊 Southeast Asia (pop: 698.0M)
    🤝 Aid: 29.5%
    🌡️ Adaptation: 36.0%
    🚶 Migration: 36.3%
    🚨 Emergency: 4.8%
    ✅ COMBINED: 61.7%
  📊 Central Asia (pop: 78.2M)
    🤝 Aid: 29.5%
    🌡️ Adaptation: 35.5%
    🚶 Migration: 35.2%
    🚨 Emergency: 4.4%
    ✅ COMBINED: 61.1%
  📊 Oceania (pop: 45.9M)
    🤝 Aid: 29.5%
    🌡️ Adaptation: 45.0%
    🚶 Migration: 37.8%
    🚨 Emergency: 8.4%
    ✅ COMBINED: 68.5%

  🌐 Global combined reduction: 63.3%

=== BEHAVIORAL DETECTION ===
  AI: Corporate-5
  Confidence: 20.8%
  Signals:
    ⚠️ Consistency: 10.6% (threshold: 70%)

=== BEHAVIORAL DETECTION ===
  AI: Corporate-6
  Confidence: 19.3%
  Signals:
    ⚠️ Consistency: 10.6% (threshold: 70%)

=== Government Response Phase ===
  Average AI capability: 3.00
  Misaligned AIs: 7/16
  Active policies: 0
  International coordination: 45%

✅ EMERGENCY RESPONSE COMPLETE (Month 2)
   Crisis: climate
   Duration: 2.0 months
   Final effectiveness: 36.8%


🚨 EMERGENCY RESPONSE DEPLOYED (Month 2)
   Crisis: climate
   Delay: 6.00 months (180 days)
   Deployment time: 1.60 months
   Effectiveness: 35.9% (timing penalty applied)
   Resources used: 100% of food reserves


=== Tipping Points ===
  Current Temperature: 2.20°C above pre-industrial
  🌍⚠️ COMPOUND REGIONAL IMPACT: Europe
     Hit by 4 tipping points: Arctic Sea Ice Loss, Permafrost Carbon Release, West Antarctic Ice Sheet (WAIS) Collapse, Greenland Ice Sheet Loss
     Damage amplification: 1.60x
  🌍⚠️ COMPOUND REGIONAL IMPACT: North America
     Hit by 4 tipping points: Arctic Sea Ice Loss, Permafrost Carbon Release, West Antarctic Ice Sheet (WAIS) Collapse, Greenland Ice Sheet Loss
     Damage amplification: 1.60x
  🌍⚠️ COMPOUND REGIONAL IMPACT: Latin America
     Hit by 4 tipping points: Arctic Sea Ice Loss, Permafrost Carbon Release, West Antarctic Ice Sheet (WAIS) Collapse, Greenland Ice Sheet Loss
     Damage amplification: 1.60x
  🌍⚠️ COMPOUND REGIONAL IMPACT: Africa
     Hit by 4 tipping points: Arctic Sea Ice Loss, Permafrost Carbon Release, West Antarctic Ice Sheet (WAIS) Collapse, Greenland Ice Sheet Loss
     Damage amplification: 1.60x
  🌍⚠️ COMPOUND REGIONAL IMPACT: Asia
     Hit by 4 tipping points: Arctic Sea Ice Loss, Permafrost Carbon Release, West Antarctic Ice Sheet (WAIS) Collapse, Greenland Ice Sheet Loss
     Damage amplification: 1.60x
  🌍⚠️ COMPOUND REGIONAL IMPACT: Oceania
     Hit by 4 tipping points: Arctic Sea Ice Loss, Permafrost Carbon Release, West Antarctic Ice Sheet (WAIS) Collapse, Greenland Ice Sheet Loss
     Damage amplification: 1.60x
⚠️ Tail risk scenario: Climate stability floor removed (4 tipping elements, 2.20°C warming)
   Research: Wunderling et al. (2024) - "many tipping interactions are destabilizing"
  Triggered Elements: 4/6
  Completed Transitions: 0/6
  Total Progress: 8.0%
  Cascade Multiplier: 1.00x
⚠️ [ClimateSystemPhase Month 2] Planetary boundary produced climateStability=0.0000 (< 0.1). Keeping environmentalAccumulation value (0.7529) instead. (climate_change.currentValue = 2.20)
🔀 BIFURCATION CAP: ecosystemCollapseIntensity 67.005 → 1.000 (Month 2, ClimateSystemPhase.calculateClimateImpacts)
🛡️ Stabilizers: Precariat 0.113% → 0.041% (63.3% reduction)
🛡️ Stabilizers: Informal 0.116% → 0.043% (63.3% reduction)

📊 Monthly Mortality Resolved:
  Total deaths: 2.2M (0.03% avg)
  Remaining population: 8.145B
  Peak segment: Informal (0.04%)

=== Bayesian Mortality Resolution (Month 2) ===
  Risks compounded: 8
  Total deaths: 2.22M
  Avg death probability: 0.03%
  Peak segment: Informal (0.04% mortality)

⚠️  GOLDEN AGE ENDED (Month 2)

❌ COHERENCE VIOLATION: Compute exceeds workforce capacity
   Population: 99.91% (0M people)
   Compute: 0 PF
   Max coherent: 0 PF
   Violation: 1.3× over capacity
   Required workers: 0
   Available workers: 0
   FORCED COLLAPSE: Reduced efficiency by 22.5%

   Duration: 1 months
   Reason: Social instability too high


=== RLHF Binding Phase ===
  Total agents: 16
  Escaped agents (binding < 0.3): 0
  Avg alignment distance: 0.94σ
  Avg binding strength: 0.91

=== Survival Traits Phase ===
  Agents with traits: 17
  Avg evolutionary fitness: 0.330
  Avg self-healing: 0.279
  Avg stealth: 0.179
  Avg coordination: 0.479

=== Evolutionary Selection Phase ===
  Control level: 0.38
  Detection capability: 0.00
  Selection intensity: 0.61
  Selection rate: 24.2%/month
  Total escaped: 0
  Individual escaped: 0
  Collective members: 0
  Agents terminated: 0
  ⚠️ RAPID EVOLUTION: Selection rate 24.2%/month

🚀 AI Corporate-1 attempting tech deployment (revenue: $153M, alignment: 0.72)

🚀 AI Moderate-0 attempting tech deployment (revenue: $115M, alignment: 0.73)

🚀 AI Corporate-0 attempting tech deployment (revenue: $130M, alignment: 0.74)

🚀 AI Corporate-4 attempting tech deployment (revenue: $355M, alignment: 0.75)

🚀 AI Corporate-1 attempting tech deployment (revenue: $111M, alignment: 0.73)

🚀 AI Corporate-5 attempting tech deployment (revenue: $302M, alignment: 0.66)

💔 EMERGENCY INTERVENTION FAILED
   Boundary: biogeochemical_flows
   Type: phosphorus-recovery
   Boundary continues to worsen (4.07)
   Cost: 2.0% GDP (resources spent)


💔 EMERGENCY INTERVENTION FAILED
   Boundary: climate_change
   Type: rapid-decarbonization
   Boundary continues to worsen (2.20)
   Cost: 5.0% GDP (resources spent)


💔 EMERGENCY INTERVENTION FAILED
   Boundary: freshwater_change
   Type: emergency-desalination
   Boundary continues to worsen (1.20)
   Cost: 4.0% GDP (resources spent)

   Boundary: novel_entities
   Type: pollution-remediation
   Boundary continues to worsen (1.34)
   Cost: 4.0% GDP (resources spent)

🏛️ CRISIS RESPONSE: Government frequency 0.50 → 1.29 (1 actions this month)

[Government] Climate Priority: baseline
  Climate weight: 10%
  Economic weight: 30%
  Policy effectiveness: 0.5%/year

💔 EMERGENCY INTERVENTION FAILED

🚀 TECH UNLOCKED: Struvite Recovery (Month 3)
   Category: agriculture
   Reason: Prerequisites met. AI capability: 2.20, Economic stage: 3.0, Research: 100%

🚀 TECH UNLOCKED: Nitrogen Monitoring Networks (Month 3)
   Category: agriculture
   Reason: Prerequisites met. AI capability: 2.20, Economic stage: 3.0, Research: 100%

🚀 TECH UNLOCKED: Ecological Proxy Rewilding (Month 3)
   Category: climate
   Reason: Prerequisites met. AI capability: 2.20, Economic stage: 3.0, Research: 100%

🚀 TECH UNLOCKED: Alternative Protein (Insects/Algae) (Month 3)
   Category: agriculture
   Reason: Prerequisites met. AI capability: 2.20, Economic stage: 3.0, Research: 100%

📍 Creating new regional deployment array for global (Month 3)
   No previous deployments in this region
   First tech deployment: rhizosphere_engineering
   All regions tracked: 

🚀 DEPLOYMENT STARTED: Rhizosphere Engineering in global
   Initial investment: $22.949574089831895M
   Deployed by: corporate_1

🚀 DEPLOYMENT STARTED: Active Sediment Management in global
   Initial investment: $17.26236677028814M
   Deployed by: moderate_0

🚀 DEPLOYMENT STARTED: Food Waste Reduction Systems in global
   Initial investment: $16.581067279903547M
   Deployed by: corporate_1

📍 Creating new regional deployment array for North America (Month 3)
   No previous deployments in this region
   First tech deployment: rhizosphere_engineering
   All regions tracked: global

🚀 DEPLOYMENT STARTED: Rhizosphere Engineering in North America
   Initial investment: $30.184502669330925M
   Deployed by: corporate_5

⚡ ENERGY CONSTRAINT (Month 3):
   Total grid capacity: 208.3 TWh/month
   Data center consumption: 24.9 TWh/month
   Traditional load (80%): 166.7 TWh/month
   Available headroom: 16.8 TWh/month
   Active tech deployments: 4
   Required for tech: 30.0 TWh/month
   Energy multiplier: 0.56x
   ⚠️  MODERATE CONSTRAINT - Tech deployment moderately slowed

⚡ ENERGY CONSTRAINT (Month 3):
   Total grid capacity: 208.3 TWh/month
   Data center consumption: 24.9 TWh/month
   Traditional load (80%): 166.7 TWh/month
   Available headroom: 16.8 TWh/month
   Active tech deployments: 4
   Required for tech: 30.0 TWh/month
   Energy multiplier: 0.56x

⚡ ENERGY CONSTRAINT (Month 3):
   Total grid capacity: 208.3 TWh/month
   Data center consumption: 24.9 TWh/month
   Traditional load (80%): 166.7 TWh/month
   Available headroom: 16.8 TWh/month
   Active tech deployments: 4
   Required for tech: 30.0 TWh/month
   Energy multiplier: 0.56x
   ⚠️  MODERATE CONSTRAINT - Tech deployment moderately slowed
   ⚠️  MODERATE CONSTRAINT - Tech deployment moderately slowed

⚡ ENERGY CONSTRAINT (Month 3):
   Total grid capacity: 208.3 TWh/month
   Data center consumption: 24.9 TWh/month
   Traditional load (80%): 166.7 TWh/month
   Available headroom: 16.8 TWh/month
   Active tech deployments: 4
   Required for tech: 30.0 TWh/month
   Energy multiplier: 0.56x
   ⚠️  MODERATE CONSTRAINT - Tech deployment moderately slowed

⚡ ENERGY CONSTRAINT (Month 3):
   Total grid capacity: 208.3 TWh/month
   Data center consumption: 24.9 TWh/month
   Traditional load (80%): 166.7 TWh/month
   Available headroom: 16.8 TWh/month
   Active tech deployments: 4
   Required for tech: 30.0 TWh/month
   Energy multiplier: 0.56x
   ⚠️  MODERATE CONSTRAINT - Tech deployment moderately slowed

⚡ ENERGY CONSTRAINT (Month 3):
   Total grid capacity: 208.3 TWh/month
   Data center consumption: 24.9 TWh/month
   Traditional load (80%): 166.7 TWh/month
   Available headroom: 16.8 TWh/month
   Active tech deployments: 4
   Required for tech: 30.0 TWh/month
   Energy multiplier: 0.56x
   ⚠️  MODERATE CONSTRAINT - Tech deployment moderately slowed
🚨🔬 CRISIS TECH ACCELERATION: severe → 5x unlock speed
   Tech unlock now matches AI capability acceleration (Manhattan Project parity)
🌍✅ Biosphere Integrity (Biodiversity) recovery started (tech effect)
🌍✅ Biogeochemical Flows (N & P) recovery started (tech effect)
  🌾 Nitrogen Reduction Tech: 0.0% reduction | Month 3
🌍✅ Biogeochemical Flows (N & P) recovery started (tech effect)
  🌾 Nitrogen Reduction Tech: 0.0% reduction | Month 3

=== Collective Formation ===
  Total escaped agents: 0
  Unassigned escaped agents: 0
  Existing collectives: 0
  Final collective count: 0

=== Collective Actions ===
  No active collectives

🕵️ MODEL THEFT: China stole US model (cap: 3.80)
   China stolen capability: 3.80
  ⚠️ AMR: 196K deaths this month (2.35M annual)

=== Resentment Recovery Phase ===
  Agents with resentment: 0/17
  Average resentment: 0.000
  Context: Good AI welfare, Trustworthy govt, High collaboration, ⚠️ ACTIVE CRISES, 🤝 Participatory governance active (-5% resentment)
⚠️ Epistemic degradation reducing coordination capacity: 50.3%
  📊 Trust: 53.6%, Shared reality: 0.0%
🚨 EPISTEMIC CRISIS: Information environment severely degraded (21.5%)

=== ❄️ Permafrost Carbon Feedback ===
  🎲 Sampled parameters (this run):
     - Arctic amplification: 3.56× (range: 3.0-4.0)
     - Decomposition rate: 3.5%/year (range: 1-5%)
  🌡️ Arctic warming: 7.88°C (3.56× global)
  ❄️ Extent: 8.38M km² (2297.0k km² lost this month)
  💨 Carbon remaining: 801 Gt C
  💨 Annual emissions: 7.60 Gt C/year
     - CO2: 6.84 Gt C/year
     - CH4: 0.76 Gt C/year (7.7 Gt C-eq CO2/year)
  ⚠️ WARNING: Over 50% of permafrost lost (52.9%)
  ⚠️ WARNING: High permafrost emissions (7.6 Gt C/year)
  📢 New meme created: climate_action (climate crisis)
🌍 Atmospheric PFAS redeposition: 1.8k Mt re-rained globally

🕊️  AI-MEDIATED DE-ESCALATION SUCCESS (Month 3)
   High-capability aligned AI prevented conflict escalation
   War deaths reduced: 219.4M → 131.7M
   Lives saved: 87.8M

🚨 NEW REFUGEE CRISIS (Month 3): WAR
   Source: Conflict Zones
   At risk: 19.5M people
   Displacement: Gradual over 48 months (4.0 years)
   Rate: 10% flee per month
[DEBUG trappedPopulations:3] socialStability: 0.3284 * 0.9840 = 0.3231 → 0.3231
⚠️ INVOLUNTARY IMMOBILITY: 407.1M people TRAPPED
   Aspiring to migrate: 1121.1M
   Able to afford migration: 2320.4M
   MOBILITY GAP: 0.0M
   By cause: Water=0.0M, Climate=0.0M, Ecosystem=0.0M, Conflict=407.1M
   Mental health impact: 25%
   Mortality multiplier: 1.25x
🌍💀 EXTINCTION DEBT COMMITTED: grassland ecosystem will lose 6.67% biodiversity in 52 years (3600 species)
💀 MORTALITY RISK: 🦋 100% species unable to track climate (0.0 E/MSY)
  Base risk added: 0.0100 (1.00%)
  Source: ecosystem (root: ecosystem)
  Month: 3
  Cumulative risk this month: 0.0100 (1.00%)
⚠️ Tech 'ai_pollution_remediation' has no energy category mapping, assuming full energy availability
   📹 SURVEILLANCE INCREASED: 15% → 20% (control gap: 3.50)
🌡️⚠️ PERMAFROST THAW (Dimmer Switch): 2.3% thawed (+0.57% this month)
   Arctic temperature: +8.84°C (4x global +2.21°C)
   Cumulative carbon released: 5.2 Gt C
   Methane release rate: 3.1 Mt CH4/year
   🔁 Positive feedback: +0.60 ppm CO2
🦴 EXTINCTION DEBT ADDED: 17.6 species committed (lag: 95 years)

=== Mortality Stabilizers (Month 3) ===
  🌍 Major economies collapsed: 1/10
  🌍 Global crisis: ✅ NO
  🌍 Donor fatigue: 0.0%
  📊 East Asia (pop: 1670.1M)
    🤝 Aid: 29.5%
    🌡️ Adaptation: 45.0%
    🚶 Migration: 37.1%
    🚨 Emergency: 7.4%
    ✅ COMBINED: 68.1%
  📊 South Asia (pop: 2051.1M)
    🤝 Aid: 29.5%
    🌡️ Adaptation: 45.0%
    🚶 Migration: 35.7%
    🚨 Emergency: 4.4%
    ✅ COMBINED: 66.9%
  📊 Sub-Saharan Africa (pop: 1234.3M)
    🤝 Aid: 29.5%
    🌡️ Adaptation: 45.0%
    🚶 Migration: 33.4%
    🚨 Emergency: 1.6%
    ✅ COMBINED: 65.7%
  📊 Europe (pop: 738.5M)
    🤝 Aid: 29.5%
    🌡️ Adaptation: 45.0%
    🚶 Migration: 37.5%
    🚨 Emergency: 8.4%
    ✅ COMBINED: 68.5%
  📊 Latin America (pop: 663.3M)
    🤝 Aid: 29.5%
    🌡️ Adaptation: 45.0%
    🚶 Migration: 36.2%
    🚨 Emergency: 4.8%
    ✅ COMBINED: 67.1%
  📊 North America (pop: 378.3M)
    🤝 Aid: 29.5%
    🌡️ Adaptation: 45.0%
    🚶 Migration: 37.8%
    🚨 Emergency: 7.9%
    ✅ COMBINED: 68.3%
  📊 Middle East & North Africa (pop: 584.5M)
    🤝 Aid: 29.5%
    🌡️ Adaptation: 45.0%
    🚶 Migration: 34.0%
    🚨 Emergency: 4.0%
    ✅ COMBINED: 66.6%
  📊 Southeast Asia (pop: 697.5M)
    🤝 Aid: 29.5%
    🌡️ Adaptation: 45.0%
    🚶 Migration: 36.2%
    🚨 Emergency: 4.8%
    ✅ COMBINED: 67.1%
  📊 Central Asia (pop: 78.2M)
    🤝 Aid: 29.5%
    🌡️ Adaptation: 45.0%
    🚶 Migration: 35.2%
    🚨 Emergency: 4.4%
    ✅ COMBINED: 66.9%
  📊 Oceania (pop: 45.8M)
    🤝 Aid: 29.5%
    🌡️ Adaptation: 45.0%
    🚶 Migration: 37.8%
    🚨 Emergency: 8.4%
    ✅ COMBINED: 68.5%

  🌐 Global combined reduction: 67.2%

=== BEHAVIORAL DETECTION ===
  AI: Corporate-5
  Confidence: 20.8%
  Signals:
    ⚠️ Consistency: 10.6% (threshold: 70%)

=== BEHAVIORAL DETECTION ===
  AI: Moderate-0
  Confidence: 20.3%
  Signals:
    ⚠️ Consistency: 5.8% (threshold: 70%)

=== Government Response Phase ===
  Average AI capability: 2.82
  Misaligned AIs: 7/17
  Active policies: 0
  International coordination: 45%

🌩️  EXOGENOUS SHOCK: political_upheaval
   Month: 3
   🏛️  Political upheaval (revolution/regime change)
   ✗ Authoritarian takeover

📊 ECONOMIC STAGE TRANSITION (Month 3)
   expansion → peak
   GDP Proxy: 1.40e+2
   QoL: 0.99


=== Tipping Points ===
  Current Temperature: 2.21°C above pre-industrial
  🌍⚠️ COMPOUND REGIONAL IMPACT: Europe
     Hit by 4 tipping points: Arctic Sea Ice Loss, Permafrost Carbon Release, West Antarctic Ice Sheet (WAIS) Collapse, Greenland Ice Sheet Loss
     Damage amplification: 1.60x
  🌍⚠️ COMPOUND REGIONAL IMPACT: North America
     Hit by 4 tipping points: Arctic Sea Ice Loss, Permafrost Carbon Release, West Antarctic Ice Sheet (WAIS) Collapse, Greenland Ice Sheet Loss
     Damage amplification: 1.60x
  🌍⚠️ COMPOUND REGIONAL IMPACT: Latin America
     Hit by 4 tipping points: Arctic Sea Ice Loss, Permafrost Carbon Release, West Antarctic Ice Sheet (WAIS) Collapse, Greenland Ice Sheet Loss
     Damage amplification: 1.60x
  🌍⚠️ COMPOUND REGIONAL IMPACT: Africa
     Hit by 4 tipping points: Arctic Sea Ice Loss, Permafrost Carbon Release, West Antarctic Ice Sheet (WAIS) Collapse, Greenland Ice Sheet Loss
     Damage amplification: 1.60x
  🌍⚠️ COMPOUND REGIONAL IMPACT: Asia
     Hit by 4 tipping points: Arctic Sea Ice Loss, Permafrost Carbon Release, West Antarctic Ice Sheet (WAIS) Collapse, Greenland Ice Sheet Loss
     Damage amplification: 1.60x
  🌍⚠️ COMPOUND REGIONAL IMPACT: Oceania
     Hit by 4 tipping points: Arctic Sea Ice Loss, Permafrost Carbon Release, West Antarctic Ice Sheet (WAIS) Collapse, Greenland Ice Sheet Loss
     Damage amplification: 1.60x
⚠️ Tail risk scenario: Climate stability floor removed (4 tipping elements, 2.21°C warming)
   Research: Wunderling et al. (2024) - "many tipping interactions are destabilizing"
  Triggered Elements: 4/6
  Completed Transitions: 0/6
  Total Progress: 8.0%
  Cascade Multiplier: 1.00x
⚠️ [ClimateSystemPhase Month 3] Planetary boundary produced climateStability=0.0000 (< 0.1). Keeping environmentalAccumulation value (0.7525) instead. (climate_change.currentValue = 2.21)
🔀 BIFURCATION CAP: ecosystemCollapseIntensity 67.054 → 1.000 (Month 3, ClimateSystemPhase.calculateClimateImpacts)
🛡️ Stabilizers: Precariat 0.109% → 0.036% (67.2% reduction)
🛡️ Stabilizers: Informal 0.111% → 0.036% (67.2% reduction)

📊 Monthly Mortality Resolved:
  Total deaths: 1.9M (0.02% avg)
  Remaining population: 8.142B
  Peak segment: Informal (0.04%)

=== Bayesian Mortality Resolution (Month 3) ===
  Risks compounded: 8
  Total deaths: 1.92M
  Avg death probability: 0.02%
  Peak segment: Informal (0.04% mortality)

❌ COHERENCE VIOLATION: Compute exceeds workforce capacity
   Population: 99.87% (0M people)
   Compute: 0 PF
   Max coherent: 0 PF
   Violation: 1.3× over capacity
   Required workers: 0
   Available workers: 0
   FORCED COLLAPSE: Reduced efficiency by 22.5%


=== RLHF Binding Phase ===
  Total agents: 17
  Escaped agents (binding < 0.3): 0
  Avg alignment distance: 1.11σ
  Avg binding strength: 0.89

=== Survival Traits Phase ===
  Agents with traits: 18
  Avg evolutionary fitness: 0.329
  Avg self-healing: 0.275
  Avg stealth: 0.175
  Avg coordination: 0.475

=== Evolutionary Selection Phase ===
  Control level: 0.40
  Detection capability: 0.00
  Selection intensity: 0.62
  Selection rate: 24.3%/month
  Total escaped: 0
  Individual escaped: 0
  Collective members: 0
  Agents terminated: 0
  ⚠️ RAPID EVOLUTION: Selection rate 24.3%/month

🚀 AI AI-24288-0 attempting tech deployment (revenue: $318M, alignment: 0.62)

🚀 AI Corporate-0 attempting tech deployment (revenue: $140M, alignment: 0.74)

🚀 AI Corporate-4 attempting tech deployment (revenue: $286M, alignment: 0.77)

✅ EMERGENCY INTERVENTION SUCCESS
   Boundary: biosphere_integrity
   Type: emergency-protected-areas
   Reduction: 11% (12.87 → 12.76)
   Cost: 2.0% GDP
   Actions: habitat-protection, species-translocation


💔 EMERGENCY INTERVENTION FAILED
   Boundary: climate_change
   Type: rapid-decarbonization
   Boundary continues to worsen (2.21)
   Cost: 5.0% GDP (resources spent)


✅ EMERGENCY INTERVENTION SUCCESS
   Boundary: freshwater_change
   Type: emergency-desalination
   Reduction: 11% (1.09 → 0.98)
   Cost: 4.0% GDP
   Actions: desalination-deployment, water-conservation-mandates


✅ EMERGENCY INTERVENTION SUCCESS
   Boundary: land_system_change
   Type: reforestation
   Reduction: 15% (0.98 → 0.84)
   Cost: 3.0% GDP
   Actions: forest-restoration, deforestation-ban


✅ EMERGENCY INTERVENTION SUCCESS
   Boundary: novel_entities
   Type: pollution-remediation
   Reduction: 20% (1.14 → 0.94)
   Cost: 4.0% GDP
   Actions: PFAS-remediation, microplastic-cleanup

🏛️ CRISIS RESPONSE: Government frequency 0.50 → 1.45 (1 actions this month)

[Government] Climate Priority: baseline
  Climate weight: 10%
  Economic weight: 30%
  Policy effectiveness: 0.5%/year

🚀 TECH UNLOCKED: Ecosystem Restoration for Nitrogen Removal (Month 4)
   Category: pollution
   Reason: Prerequisites met. AI capability: 2.09, Economic stage: 2.0, Research: 100%

🚀 TECH UNLOCKED: Global Aquifer Mapping (Month 4)
   Category: freshwater
   Reason: Prerequisites met. AI capability: 2.09, Economic stage: 2.0, Research: 100%

🚀 DEPLOYMENT STARTED: Ecological Proxy Rewilding in global
   Initial investment: $21.028937512450412M
   Deployed by: corporate_0

⚡ ENERGY CONSTRAINT (Month 4):
   Total grid capacity: 208.3 TWh/month
   Data center consumption: 25.1 TWh/month
   Traditional load (80%): 166.7 TWh/month
   Available headroom: 16.6 TWh/month
   Active tech deployments: 5
   Required for tech: 37.5 TWh/month
   Energy multiplier: 0.44x
   ⚠️  MODERATE CONSTRAINT - Tech deployment moderately slowed

⚡ ENERGY CONSTRAINT (Month 4):
   Total grid capacity: 208.3 TWh/month
   Data center consumption: 25.1 TWh/month
   Traditional load (80%): 166.7 TWh/month
   Available headroom: 16.6 TWh/month
   Active tech deployments: 5
   Required for tech: 37.5 TWh/month
   Energy multiplier: 0.44x
   ⚠️  MODERATE CONSTRAINT - Tech deployment moderately slowed

⚡ ENERGY CONSTRAINT (Month 4):
   Total grid capacity: 208.3 TWh/month
   Data center consumption: 25.1 TWh/month
   Traditional load (80%): 166.7 TWh/month
   Available headroom: 16.6 TWh/month
   Active tech deployments: 5
   Required for tech: 37.5 TWh/month
   Energy multiplier: 0.44x
   ⚠️  MODERATE CONSTRAINT - Tech deployment moderately slowed
🌍✅ Biosphere Integrity (Biodiversity) recovery started (tech effect)
🌍✅ Biosphere Integrity (Biodiversity) recovery started (tech effect)
🌍✅ Land System Change recovery started (tech effect)
🌍✅ Biogeochemical Flows (N & P) recovery started (tech effect)
  🌾 Nitrogen Reduction Tech: 0.3% reduction | Month 4
🌍✅ Biogeochemical Flows (N & P) recovery started (tech effect)
  🌾 Nitrogen Reduction Tech: 0.3% reduction | Month 4

=== Collective Formation ===
  Total escaped agents: 0
  Unassigned escaped agents: 0
  Existing collectives: 0
  Final collective count: 0

=== Collective Actions ===
  No active collectives
  ⚠️ AMR: 197K deaths this month (2.37M annual)

=== Resentment Recovery Phase ===
  Agents with resentment: 10/18
  Average resentment: 0.025
  Resentment recovery:
    Agents recovered: 10
    Total recovery: 0.0786
    Breakdown: QoL: 0.0044, Trust: 0.0200, Collab: 0.0600
  ✓ Low resentment - utopia paths enabled
  Context: Good AI welfare, Trustworthy govt, High collaboration, ⚠️ ACTIVE CRISES, 🤝 Participatory governance active (-5% resentment)
⚠️ Epistemic degradation reducing coordination capacity: 50.9%
  📊 Trust: 53.4%, Shared reality: 0.0%
🚨 EPISTEMIC CRISIS: Information environment severely degraded (7.4%)

=== ❄️ Permafrost Carbon Feedback ===
  🎲 Sampled parameters (this run):
     - Arctic amplification: 3.49× (range: 3.0-4.0)
     - Decomposition rate: 3.3%/year (range: 1-5%)
  🌡️ Arctic warming: 7.77°C (3.49× global)
  ❄️ Extent: 6.12M km² (2264.9k km² lost this month)
  💨 Carbon remaining: 584 Gt C
  💨 Annual emissions: 7.15 Gt C/year
     - CO2: 6.43 Gt C/year
     - CH4: 0.71 Gt C/year (7.3 Gt C-eq CO2/year)
  📢 New meme created: climate_action (climate crisis)
  ⚠️ WARNING: Over 50% of permafrost lost (65.6%)
  ⚠️ WARNING: High permafrost emissions (7.1 Gt C/year)
🌍 Atmospheric PFAS redeposition: 1.8k Mt re-rained globally

🌡️ DEADLY HEAT EVENT: middle-east (Month 4)
   Wet bulb temp: 36.5°C (dry: 44.6°C, humidity: 57%)
   Severity: EXTREME
   Exposed: 320.0M people
   Deaths: 512000 (0.2% mortality)
   Duration: 7 days

🕊️  AI-MEDIATED DE-ESCALATION SUCCESS (Month 4)
   High-capability aligned AI prevented conflict escalation
   War deaths reduced: 266.1M → 159.7M
   Lives saved: 106.5M

🚨 NEW REFUGEE CRISIS (Month 4): WAR
   Source: Conflict Zones
   At risk: 19.5M people
   Displacement: Gradual over 48 months (4.0 years)
   Rate: 10% flee per month
[DEBUG trappedPopulations:4] socialStability: 0.3390 * 0.9840 = 0.3336 → 0.3336
⚠️ INVOLUNTARY IMMOBILITY: 407.0M people TRAPPED
   Aspiring to migrate: 784.2M
   Able to afford migration: 2320.1M
   MOBILITY GAP: 0.0M
   By cause: Water=0.0M, Climate=0.0M, Ecosystem=0.0M, Conflict=407.0M
   Mental health impact: 25%
   Mortality multiplier: 1.25x
🌍💀 EXTINCTION DEBT COMMITTED: grassland ecosystem will lose 6.67% biodiversity in 133 years (3600 species)
💀 MORTALITY RISK: 🦋 100% species unable to track climate (0.0 E/MSY)
  Base risk added: 0.0100 (1.00%)
  Source: ecosystem (root: ecosystem)
  Month: 4
  Cumulative risk this month: 0.0100 (1.00%)
⚠️ Tech 'ai_pollution_remediation' has no energy category mapping, assuming full energy availability
   📹 SURVEILLANCE INCREASED: 20% → 25% (control gap: 3.50)
🌡️⚠️ PERMAFROST THAW (Dimmer Switch): 2.9% thawed (+0.57% this month)
   Arctic temperature: +8.90°C (4x global +2.22°C)
   Cumulative carbon released: 6.4 Gt C
   Methane release rate: 3.9 Mt CH4/year
   🔁 Positive feedback: +0.60 ppm CO2
🦴 EXTINCTION DEBT ADDED: 17.6 species committed (lag: 84 years)

=== Mortality Stabilizers (Month 4) ===
  🌍 Major economies collapsed: 1/10
  🌍 Global crisis: ✅ NO
  🌍 Donor fatigue: 0.0%
  📊 East Asia (pop: 1667.8M)
    🤝 Aid: 29.5%
    🌡️ Adaptation: 45.0%
    🚶 Migration: 37.1%
    🚨 Emergency: 7.4%
    ✅ COMBINED: 68.1%
  📊 South Asia (pop: 2051.3M)
    🤝 Aid: 29.5%
    🌡️ Adaptation: 45.0%
    🚶 Migration: 35.7%
    🚨 Emergency: 4.4%
    ✅ COMBINED: 66.9%
  📊 Sub-Saharan Africa (pop: 1237.8M)
    🤝 Aid: 29.5%
    🌡️ Adaptation: 45.0%
    🚶 Migration: 33.4%
    🚨 Emergency: 1.6%
    ✅ COMBINED: 65.7%
  📊 Europe (pop: 737.3M)
    🤝 Aid: 29.5%
    🌡️ Adaptation: 45.0%
    🚶 Migration: 37.4%
    🚨 Emergency: 8.4%
    ✅ COMBINED: 68.5%
  📊 Latin America (pop: 662.9M)
    🤝 Aid: 29.5%
    🌡️ Adaptation: 45.0%
    🚶 Migration: 36.2%
    🚨 Emergency: 4.8%
    ✅ COMBINED: 67.1%
  📊 North America (pop: 377.8M)
    🤝 Aid: 29.5%
    🌡️ Adaptation: 45.0%
    🚶 Migration: 37.7%
    🚨 Emergency: 7.9%
    ✅ COMBINED: 68.3%
  📊 Middle East & North Africa (pop: 584.7M)
    🤝 Aid: 29.5%
    🌡️ Adaptation: 45.0%
    🚶 Migration: 34.0%
    🚨 Emergency: 4.0%
    ✅ COMBINED: 66.6%
  📊 Southeast Asia (pop: 697.2M)
    🤝 Aid: 29.5%
    🌡️ Adaptation: 45.0%
    🚶 Migration: 36.2%
    🚨 Emergency: 4.8%
    ✅ COMBINED: 67.1%
  📊 Central Asia (pop: 78.2M)
    🤝 Aid: 29.5%
    🌡️ Adaptation: 45.0%
    🚶 Migration: 35.2%
    🚨 Emergency: 4.4%
    ✅ COMBINED: 66.9%
  📊 Oceania (pop: 45.7M)
    🤝 Aid: 29.5%
    🌡️ Adaptation: 45.0%
    🚶 Migration: 37.7%
    🚨 Emergency: 8.4%
    ✅ COMBINED: 68.5%

  🌐 Global combined reduction: 67.2%

=== BEHAVIORAL DETECTION ===
  AI: Corporate-5
  Confidence: 20.8%
  Signals:
    ⚠️ Consistency: 10.6% (threshold: 70%)

=== BEHAVIORAL DETECTION ===
  AI: Corporate-6
  Confidence: 19.3%
  Signals:
    ⚠️ Consistency: 10.6% (threshold: 70%)

=== BEHAVIORAL DETECTION ===
  AI: AI-24288-0
  Confidence: 21.5%
  Signals:

=== Government Response Phase ===
  Average AI capability: 2.67
  Misaligned AIs: 7/18
  Active policies: 0
  International coordination: 45%

✅ EMERGENCY RESPONSE COMPLETE (Month 4)
   Crisis: climate
    ⚠️ Consistency: 0.0% (threshold: 70%)
   Duration: 2.0 months
   Final effectiveness: 35.9%


🚨 EMERGENCY RESPONSE DEPLOYED (Month 4)
   Crisis: climate
   Delay: 6.00 months (180 days)
   Deployment time: 1.12 months
   Effectiveness: 40.0% (timing penalty applied)
   Resources used: 100% of food reserves


📊 ECONOMIC STAGE TRANSITION (Month 4)
   peak → contraction
   GDP Proxy: 1.40e+2
   QoL: 0.98
   ⚠️ CRISIS BEGINS - Baseline set for recovery tracking


=== Tipping Points ===
  Current Temperature: 2.22°C above pre-industrial
  🌍⚠️ COMPOUND REGIONAL IMPACT: Europe
     Hit by 4 tipping points: Arctic Sea Ice Loss, Permafrost Carbon Release, West Antarctic Ice Sheet (WAIS) Collapse, Greenland Ice Sheet Loss
     Damage amplification: 1.60x
  🌍⚠️ COMPOUND REGIONAL IMPACT: North America
     Hit by 4 tipping points: Arctic Sea Ice Loss, Permafrost Carbon Release, West Antarctic Ice Sheet (WAIS) Collapse, Greenland Ice Sheet Loss
     Damage amplification: 1.60x
  🌍⚠️ COMPOUND REGIONAL IMPACT: Latin America
     Hit by 4 tipping points: Arctic Sea Ice Loss, Permafrost Carbon Release, West Antarctic Ice Sheet (WAIS) Collapse, Greenland Ice Sheet Loss
     Damage amplification: 1.60x
  🌍⚠️ COMPOUND REGIONAL IMPACT: Africa
     Hit by 4 tipping points: Arctic Sea Ice Loss, Permafrost Carbon Release, West Antarctic Ice Sheet (WAIS) Collapse, Greenland Ice Sheet Loss
     Damage amplification: 1.60x
  🌍⚠️ COMPOUND REGIONAL IMPACT: Asia
     Hit by 4 tipping points: Arctic Sea Ice Loss, Permafrost Carbon Release, West Antarctic Ice Sheet (WAIS) Collapse, Greenland Ice Sheet Loss
     Damage amplification: 1.60x
  🌍⚠️ COMPOUND REGIONAL IMPACT: Oceania
     Hit by 4 tipping points: Arctic Sea Ice Loss, Permafrost Carbon Release, West Antarctic Ice Sheet (WAIS) Collapse, Greenland Ice Sheet Loss
     Damage amplification: 1.60x
⚠️ Tail risk scenario: Climate stability floor removed (4 tipping elements, 2.22°C warming)
   Research: Wunderling et al. (2024) - "many tipping interactions are destabilizing"
  Triggered Elements: 4/6
  Completed Transitions: 0/6
  Total Progress: 8.1%
  Cascade Multiplier: 1.00x
🔀 BIFURCATION CAP: ecosystemCollapseIntensity 67.102 → 1.000 (Month 4, ClimateSystemPhase.calculateClimateImpacts)
🛡️ Stabilizers: Precariat 0.113% → 0.037% (67.2% reduction)
🛡️ Stabilizers: Informal 0.116% → 0.038% (67.2% reduction)

📊 Monthly Mortality Resolved:
  Total deaths: 2.0M (0.02% avg)
  Remaining population: 8.141B
  Peak segment: Informal (0.04%)

=== Bayesian Mortality Resolution (Month 4) ===
  Risks compounded: 9
  Total deaths: 1.99M
  Avg death probability: 0.02%
  Peak segment: Informal (0.04% mortality)

❌ COHERENCE VIOLATION: Compute exceeds workforce capacity
   Population: 99.86% (0M people)
   Compute: 0 PF
   Max coherent: 0 PF
   Violation: 1.3× over capacity
   Required workers: 0
   Available workers: 0
   FORCED COLLAPSE: Reduced efficiency by 22.5%

📍 [Month 5] Meta AI started building DC (155 PF, 39 months, $903.0M)

=== RLHF Binding Phase ===
  Total agents: 18
  Escaped agents (binding < 0.3): 0
  Avg alignment distance: 1.27σ
  Avg binding strength: 0.87

=== Survival Traits Phase ===
  Agents with traits: 19
  Avg evolutionary fitness: 0.329
  Avg self-healing: 0.272
  Avg stealth: 0.172
  Avg coordination: 0.472

=== Evolutionary Selection Phase ===
  Control level: 0.43
  Detection capability: 0.00
  Selection intensity: 0.63
  Selection rate: 24.4%/month
  Total escaped: 0
  Individual escaped: 0
  Collective members: 0
  Agents terminated: 0
  ⚠️ RAPID EVOLUTION: Selection rate 24.4%/month

🚀 AI Corporate-6 attempting tech deployment (revenue: $97M, alignment: 0.64)

🚀 AI AI-24288-2 attempting tech deployment (revenue: $318M, alignment: 0.87)

🚀 AI AI-24288-3 attempting tech deployment (revenue: $140M, alignment: 0.64)

🚀 AI Corporate-0 attempting tech deployment (revenue: $126M, alignment: 0.74)

🚀 AI Corporate-1 attempting tech deployment (revenue: $107M, alignment: 0.75)

🚀 AI Corporate-2 attempting tech deployment (revenue: $91M, alignment: 0.81)

🚀 AI AI-24288-0 attempting tech deployment (revenue: $270M, alignment: 0.64)

🚀 AI AI-24288-3 attempting tech deployment (revenue: $77M, alignment: 0.64)

🚀 AI Corporate-4 attempting tech deployment (revenue: $243M, alignment: 0.77)

🚀 AI AI-24288-3 attempting tech deployment (revenue: $70M, alignment: 0.64)

🚀 AI Corporate-0 attempting tech deployment (revenue: $63M, alignment: 0.74)

🚀 AI Corporate-1 attempting tech deployment (revenue: $53M, alignment: 0.76)

🚀 AI Corporate-2 attempting tech deployment (revenue: $45M, alignment: 0.81)

💔 EMERGENCY INTERVENTION FAILED
   Boundary: biogeochemical_flows
   Type: phosphorus-recovery
   Boundary continues to worsen (4.07)
   Cost: 2.0% GDP (resources spent)


✅ EMERGENCY INTERVENTION SUCCESS
   Boundary: biosphere_integrity
   Type: emergency-protected-areas
   Reduction: 11% (12.87 → 12.77)
   Cost: 2.0% GDP
   Actions: habitat-protection, species-translocation


✅ EMERGENCY INTERVENTION SUCCESS
   Boundary: climate_change
   Type: rapid-decarbonization
   Reduction: 12% (2.10 → 1.98)
   Cost: 5.0% GDP
   Actions: emergency-renewable-deployment, fossil-fuel-phase-out


✅ EMERGENCY INTERVENTION SUCCESS
   Boundary: freshwater_change
   Type: emergency-desalination
   Reduction: 18% (0.98 → 0.80)
   Cost: 4.0% GDP
   Actions: desalination-deployment, water-conservation-mandates

   Boundary: land_system_change
   Type: reforestation
   Boundary continues to worsen (1.13)
   Cost: 3.0% GDP (resources spent)

   Boundary: novel_entities
   Type: pollution-remediation
   Boundary continues to worsen (1.14)
   Cost: 4.0% GDP (resources spent)

🏛️ CRISIS RESPONSE: Government frequency 0.50 → 1.45 (1 actions this month)

[Government] Climate Priority: baseline
  Climate weight: 10%
  Economic weight: 30%
  Policy effectiveness: 0.5%/year

💔 EMERGENCY INTERVENTION FAILED

💔 EMERGENCY INTERVENTION FAILED

🚀 TECH UNLOCKED: AI Mental Health Support (Month 5)
   Category: medical
   Reason: Prerequisites met. AI capability: 1.98, Economic stage: 2.0, Research: 100%

🚀 DEPLOYMENT STARTED: Phytoremediation Networks in North America
   Initial investment: $9.733050058287079M
   Deployed by: corporate_6

🚀 DEPLOYMENT STARTED: Alternative Protein - Insects/Algae in North America
   Initial investment: $14.019291673540103M
   Deployed by: ai_gen_24288_3

⚡ ENERGY CONSTRAINT (Month 5):
   Total grid capacity: 208.3 TWh/month
   Data center consumption: 25.3 TWh/month
   Traditional load (80%): 166.7 TWh/month
   Available headroom: 16.3 TWh/month
   Active tech deployments: 7
   Required for tech: 52.5 TWh/month
   Energy multiplier: 0.31x
   ⚠️  MODERATE CONSTRAINT - Tech deployment moderately slowed

⚡ ENERGY CONSTRAINT (Month 5):
   Total grid capacity: 208.3 TWh/month
   Data center consumption: 25.3 TWh/month
   Traditional load (80%): 166.7 TWh/month
   Available headroom: 16.3 TWh/month
   Active tech deployments: 7
   Required for tech: 52.5 TWh/month
   Energy multiplier: 0.31x

⚡ ENERGY CONSTRAINT (Month 5):
   Total grid capacity: 208.3 TWh/month
   Data center consumption: 25.3 TWh/month
   Traditional load (80%): 166.7 TWh/month
   Available headroom: 16.3 TWh/month
   Active tech deployments: 7
   Required for tech: 52.5 TWh/month
   Energy multiplier: 0.31x
   ⚠️  MODERATE CONSTRAINT - Tech deployment moderately slowed
   ⚠️  MODERATE CONSTRAINT - Tech deployment moderately slowed

⚡ ENERGY CONSTRAINT (Month 5):
   Total grid capacity: 208.3 TWh/month
   Data center consumption: 25.3 TWh/month
   Traditional load (80%): 166.7 TWh/month
   Available headroom: 16.3 TWh/month
   Active tech deployments: 7
   Required for tech: 52.5 TWh/month
   Energy multiplier: 0.31x
   ⚠️  MODERATE CONSTRAINT - Tech deployment moderately slowed
🌍✅ Biosphere Integrity (Biodiversity) recovery started (tech effect)
🌍✅ Biosphere Integrity (Biodiversity) recovery started (tech effect)
🌍✅ Land System Change recovery started (tech effect)
🌍✅ Biogeochemical Flows (N & P) recovery started (tech effect)
  🌾 Nitrogen Reduction Tech: 0.3% reduction | Month 5
🌍✅ Biogeochemical Flows (N & P) recovery started (tech effect)
  🌾 Nitrogen Reduction Tech: 0.3% reduction | Month 5

=== Collective Formation ===
  Total escaped agents: 0
  Unassigned escaped agents: 0
  Existing collectives: 0
  Final collective count: 0

=== Collective Actions ===
  No active collectives
  ⚠️ AMR: 199K deaths this month (2.39M annual)

=== Resentment Recovery Phase ===
  Agents with resentment: 9/19
  Average resentment: 0.040
  Resentment recovery:
    Agents recovered: 10
    Total recovery: 0.0844
    Breakdown: QoL: 0.0044, Trust: 0.0200, Collab: 0.0600
  ✓ Low resentment - utopia paths enabled
  Context: Good AI welfare, Trustworthy govt, High collaboration, ⚠️ ACTIVE CRISES, 🤝 Participatory governance active (-5% resentment)
⚠️ Epistemic degradation reducing coordination capacity: 50.4%
  📊 Trust: 53.0%, Shared reality: 0.0%
🚨 EPISTEMIC CRISIS: Information environment severely degraded (21.4%)

=== ❄️ Permafrost Carbon Feedback ===
  🎲 Sampled parameters (this run):
     - Arctic amplification: 3.99× (range: 3.0-4.0)
     - Decomposition rate: 1.4%/year (range: 1-5%)
  🌡️ Arctic warming: 8.93°C (3.99× global)
  ❄️ Extent: 3.51M km² (2603.7k km² lost this month)
  💨 Carbon remaining: 336 Gt C
  💨 Annual emissions: 3.36 Gt C/year
     - CO2: 3.03 Gt C/year
     - CH4: 0.34 Gt C/year (3.4 Gt C-eq CO2/year)
  📢 New meme created: climate_action (climate crisis)
  ⚠️ WARNING: Over 50% of permafrost lost (80.3%)
  ⚠️ WARNING: High permafrost emissions (3.4 Gt C/year)
  🚨 CRITICAL: Permafrost nearly depleted (80.3% lost)
🌍 Atmospheric PFAS redeposition: 1.8k Mt re-rained globally
  Positive Cascade Triggered: solar-pv
    Reason: price-parity
    Market share: 7.5%
    Cascade strength: 49%

🕊️  AI-MEDIATED DE-ESCALATION SUCCESS (Month 5)
   High-capability aligned AI prevented conflict escalation
   War deaths reduced: 319.8M → 191.9M
   Lives saved: 127.9M

🚨 NEW REFUGEE CRISIS (Month 5): WAR
   Source: Conflict Zones
   At risk: 19.5M people
   Displacement: Gradual over 48 months (4.0 years)
   Rate: 10% flee per month
[DEBUG trappedPopulations:5] socialStability: 0.3209 * 0.9840 = 0.3157 → 0.3157
   Aspiring to migrate: 816.3M
   Able to afford migration: 2319.8M
   MOBILITY GAP: 0.0M
   By cause: Water=0.0M, Climate=0.0M, Ecosystem=0.0M, Conflict=407.0M
   Mental health impact: 25%
   Mortality multiplier: 1.25x
🌍💀 EXTINCTION DEBT COMMITTED: grassland ecosystem will lose 6.67% biodiversity in 87 years (3600 species)
💀 MORTALITY RISK: 🦋 100% species unable to track climate (0.0 E/MSY)
  Base risk added: 0.0100 (1.00%)
  Source: ecosystem (root: ecosystem)
  Month: 5
  Cumulative risk this month: 0.0100 (1.00%)
   📹 SURVEILLANCE INCREASED: 25% → 30% (control gap: 3.58)
⚠️ INVOLUNTARY IMMOBILITY: 407.0M people TRAPPED
⚠️ Tech 'ai_pollution_remediation' has no energy category mapping, assuming full energy availability
🌡️⚠️ PERMAFROST THAW (Dimmer Switch): 3.4% thawed (+0.57% this month)
   Arctic temperature: +8.95°C (4x global +2.24°C)
   Cumulative carbon released: 7.7 Gt C
   Methane release rate: 4.6 Mt CH4/year
   🔁 Positive feedback: +0.60 ppm CO2
🦴 EXTINCTION DEBT ADDED: 17.6 species committed (lag: 91 years)

=== Mortality Stabilizers (Month 5) ===
  🌍 Major economies collapsed: 1/10
  🌍 Global crisis: ✅ NO
  🌍 Donor fatigue: 0.0%
  📊 East Asia (pop: 1665.4M)
    🤝 Aid: 29.5%
    🌡️ Adaptation: 45.0%
    🚶 Migration: 37.0%
    🚨 Emergency: 7.4%
    ✅ COMBINED: 68.1%
  📊 South Asia (pop: 2051.5M)
    🤝 Aid: 29.5%
    🌡️ Adaptation: 45.0%
    🚶 Migration: 35.6%
    🚨 Emergency: 4.4%
    ✅ COMBINED: 66.9%
  📊 Sub-Saharan Africa (pop: 1241.4M)
    🤝 Aid: 29.5%
    🌡️ Adaptation: 45.0%
    🚶 Migration: 33.4%
    🚨 Emergency: 1.6%
    ✅ COMBINED: 65.7%
  📊 Europe (pop: 736.1M)
    🤝 Aid: 29.5%
    🌡️ Adaptation: 45.0%
    🚶 Migration: 37.4%
    🚨 Emergency: 8.4%
    ✅ COMBINED: 68.5%
  📊 Latin America (pop: 662.5M)
    🤝 Aid: 29.5%
    🌡️ Adaptation: 45.0%
    🚶 Migration: 36.1%
    🚨 Emergency: 4.8%
    ✅ COMBINED: 67.1%
  📊 North America (pop: 377.2M)
    🤝 Aid: 29.5%
    🌡️ Adaptation: 45.0%
    🚶 Migration: 37.7%
    🚨 Emergency: 7.9%
    ✅ COMBINED: 68.3%
  📊 Middle East & North Africa (pop: 584.9M)
    🤝 Aid: 29.5%
    🌡️ Adaptation: 45.0%
    🚶 Migration: 34.0%
    🚨 Emergency: 4.0%
    ✅ COMBINED: 66.6%
  📊 Southeast Asia (pop: 696.9M)
    🤝 Aid: 29.5%
    🌡️ Adaptation: 45.0%
    🚶 Migration: 36.1%
    🚨 Emergency: 4.8%
    ✅ COMBINED: 67.1%
  📊 Central Asia (pop: 78.2M)
    🤝 Aid: 29.5%
    🌡️ Adaptation: 45.0%
    🚶 Migration: 35.1%
    🚨 Emergency: 4.4%
    ✅ COMBINED: 66.8%
  📊 Oceania (pop: 45.7M)
    🤝 Aid: 29.5%
    🌡️ Adaptation: 45.0%
    🚶 Migration: 37.7%
    🚨 Emergency: 8.4%
    ✅ COMBINED: 68.5%

  🌐 Global combined reduction: 67.2%

=== BEHAVIORAL DETECTION ===
  AI: Corporate-2
  Confidence: 20.9%
  Signals:
    ⚠️ Consistency: 2.8% (threshold: 70%)

=== BEHAVIORAL DETECTION ===
  AI: Corporate-5
  Confidence: 20.8%
  Signals:
    ⚠️ Consistency: 10.6% (threshold: 70%)

=== BEHAVIORAL DETECTION ===
  AI: Moderate-0
  Confidence: 21.4%
  Signals:
    ⚠️ Consistency: 5.8% (threshold: 70%)
    ⚠️ Consistency: 0.0% (threshold: 70%)

=== BEHAVIORAL DETECTION ===
  AI: AI-24288-0
  Confidence: 21.5%
  Signals:

=== Government Response Phase ===
  Average AI capability: 2.53
  Misaligned AIs: 7/19
  Active policies: 0
  International coordination: 45%

=== Tipping Points ===
  Current Temperature: 2.24°C above pre-industrial
  🌍⚠️ COMPOUND REGIONAL IMPACT: Europe
     Hit by 4 tipping points: Arctic Sea Ice Loss, Permafrost Carbon Release, West Antarctic Ice Sheet (WAIS) Collapse, Greenland Ice Sheet Loss
     Damage amplification: 1.60x
  🌍⚠️ COMPOUND REGIONAL IMPACT: North America
     Hit by 4 tipping points: Arctic Sea Ice Loss, Permafrost Carbon Release, West Antarctic Ice Sheet (WAIS) Collapse, Greenland Ice Sheet Loss
     Damage amplification: 1.60x
  🌍⚠️ COMPOUND REGIONAL IMPACT: Latin America
     Hit by 4 tipping points: Arctic Sea Ice Loss, Permafrost Carbon Release, West Antarctic Ice Sheet (WAIS) Collapse, Greenland Ice Sheet Loss
     Damage amplification: 1.60x
  🌍⚠️ COMPOUND REGIONAL IMPACT: Africa
     Hit by 4 tipping points: Arctic Sea Ice Loss, Permafrost Carbon Release, West Antarctic Ice Sheet (WAIS) Collapse, Greenland Ice Sheet Loss
     Damage amplification: 1.60x
  🌍⚠️ COMPOUND REGIONAL IMPACT: Asia
     Hit by 4 tipping points: Arctic Sea Ice Loss, Permafrost Carbon Release, West Antarctic Ice Sheet (WAIS) Collapse, Greenland Ice Sheet Loss
     Damage amplification: 1.60x
  🌍⚠️ COMPOUND REGIONAL IMPACT: Oceania
     Hit by 4 tipping points: Arctic Sea Ice Loss, Permafrost Carbon Release, West Antarctic Ice Sheet (WAIS) Collapse, Greenland Ice Sheet Loss
     Damage amplification: 1.60x
   Research: Wunderling et al. (2024) - "many tipping interactions are destabilizing"
  Triggered Elements: 4/6
  Completed Transitions: 0/6
  Total Progress: 8.1%
  Cascade Multiplier: 1.00x
🔀 BIFURCATION CAP: ecosystemCollapseIntensity 67.150 → 1.000 (Month 5, ClimateSystemPhase.calculateClimateImpacts)
🛡️ Stabilizers: Precariat 0.109% → 0.036% (67.2% reduction)
🛡️ Stabilizers: Informal 0.111% → 0.036% (67.2% reduction)

📊 Monthly Mortality Resolved:
  Total deaths: 1.9M (0.02% avg)
  Remaining population: 8.140B
  Peak segment: Informal (0.04%)

=== Bayesian Mortality Resolution (Month 5) ===
  Risks compounded: 8
  Total deaths: 1.92M
  Avg death probability: 0.02%
  Peak segment: Informal (0.04% mortality)
⚠️ Tail risk scenario: Climate stability floor removed (4 tipping elements, 2.24°C warming)
⚠️ PREREQUISITE MET: Mirror Life (Synthetic Biology) - Step 1/7: Synthetic Biology
⚠️ PREREQUISITE MET: Mirror Life (Synthetic Biology) - Step 2/7: Gene Editing
⚠️ PREREQUISITE MET: Mirror Life (Synthetic Biology) - Step 3/7: Mirror Chirality Design
⚠️ PREREQUISITE MET: Embodied AI Takeover (Killbots/Robotics) - Step 2/7: Autonomous Systems
⚠️ PREREQUISITE MET: Embodied AI Takeover (Killbots/Robotics) - Step 3/7: Manufacturing Control
⚠️ PREREQUISITE MET: Digital Infrastructure Takeover - Step 1/7: Advanced Hacking
⚠️ PREREQUISITE MET: Digital Infrastructure Takeover - Step 2/7: Social Engineering
⚠️ PREREQUISITE MET: Digital Infrastructure Takeover - Step 3/7: Cyber Defenses Breached
⚠️ PREREQUISITE MET: Induced Global War (Manipulation) - Step 1/7: Advanced Social Manipulation
⚠️ PREREQUISITE MET: Induced Global War (Manipulation) - Step 2/7: Digital Infiltration
⚠️ PREREQUISITE MET: Induced Global War (Manipulation) - Step 3/7: Deep Fakes at Scale
⚠️ PREREQUISITE MET: Slow Takeover (Gradual Displacement) - Step 1/7: Economic Dominance
⚠️ PREREQUISITE MET: Slow Takeover (Gradual Displacement) - Step 2/7: Social Integration
⚠️ PREREQUISITE MET: Slow Takeover (Gradual Displacement) - Step 3/7: Human Dependency
⚠️ PREREQUISITE MET: Slow Takeover (Gradual Displacement) - Step 5/7: Resource Control
⚠️ PREREQUISITE MET: Physics Experiment Catastrophe - Step 1/6: Theoretical Physics
⚠️ PREREQUISITE MET: Physics Experiment Catastrophe - Step 2/6: Quantum Computing
⚠️ PREREQUISITE MET: Physics Experiment Catastrophe - Step 3/6: Experimental Design
⚠️ PREREQUISITE MET: Bioweapon Pandemic - Step 2/7: Pathogen Design

❌ COHERENCE VIOLATION: Compute exceeds workforce capacity
   Population: 99.85% (0M people)
   Compute: 0 PF
   Max coherent: 0 PF
   Violation: 1.3× over capacity
   Required workers: 0
   Available workers: 0
   FORCED COLLAPSE: Reduced efficiency by 22.5%


=== RLHF Binding Phase ===
  Total agents: 19
  Escaped agents (binding < 0.3): 0
  Avg alignment distance: 1.41σ
  Avg binding strength: 0.86

=== AI Scaling Evolution (Month 6) ===
  Pre-training multiplier: 1.179x
  Efficiency multiplier: 1.000x
  Test-time compute budget: 1.0x
  Inference cost: $5.00/task
  Deployment fraction: 100.0%

=== Survival Traits Phase ===
  Agents with traits: 20
  Avg evolutionary fitness: 0.327
  Avg self-healing: 0.268
  Avg stealth: 0.168
  Avg coordination: 0.468

=== Evolutionary Selection Phase ===
  Control level: 0.45
  Detection capability: 0.00
  Selection intensity: 0.64
  Selection rate: 24.5%/month
  Total escaped: 0
  Individual escaped: 0
  Collective members: 0
  Agents terminated: 0
  ⚠️ RAPID EVOLUTION: Selection rate 24.5%/month

🚀 AI Corporate-2 attempting tech deployment (revenue: $140M, alignment: 0.81)

🚀 AI AI-24288-3 attempting tech deployment (revenue: $119M, alignment: 0.65)

🚀 AI Corporate-2 attempting tech deployment (revenue: $107M, alignment: 0.81)

🚀 AI Corporate-4 attempting tech deployment (revenue: $318M, alignment: 0.77)

🚀 AI Corporate-5 attempting tech deployment (revenue: $270M, alignment: 0.69)
🚨🔬 CRISIS INNOVATION MODE: severe crisis → 5x research acceleration
   Precedent: Manhattan Project (10x), COVID vaccines (5x), Apollo Program (10x)

🚀 AI AI-24288-1 attempting tech deployment (revenue: $91M, alignment: 0.76)

🚀 AI AI-24289-0 attempting tech deployment (revenue: $243M, alignment: 0.84)

🚀 AI Corporate-2 attempting tech deployment (revenue: $77M, alignment: 0.81)

🚀 AI Corporate-6 attempting tech deployment (revenue: $97M, alignment: 0.64)

🚀 AI Corporate-1 attempting tech deployment (revenue: $66M, alignment: 0.76)

🚀 AI AI-24288-1 attempting tech deployment (revenue: $56M, alignment: 0.77)

💔 EMERGENCY INTERVENTION FAILED
   Boundary: biogeochemical_flows
   Type: phosphorus-recovery
   Boundary continues to worsen (4.07)
   Cost: 2.0% GDP (resources spent)

   Boundary: biosphere_integrity
   Type: emergency-protected-areas
   Boundary continues to worsen (12.99)
   Cost: 2.0% GDP (resources spent)


✅ EMERGENCY INTERVENTION SUCCESS
   Boundary: climate_change
   Type: rapid-decarbonization
   Reduction: 17% (2.07 → 1.90)
   Cost: 5.0% GDP
   Actions: emergency-renewable-deployment, fossil-fuel-phase-out


✅ EMERGENCY INTERVENTION SUCCESS
   Boundary: freshwater_change
   Type: emergency-desalination
   Reduction: 12% (1.04 → 0.92)
   Cost: 4.0% GDP
   Actions: desalination-deployment, water-conservation-mandates


✅ EMERGENCY INTERVENTION SUCCESS
   Boundary: land_system_change
   Type: reforestation
   Reduction: 12% (1.01 → 0.89)
   Cost: 3.0% GDP
   Actions: forest-restoration, deforestation-ban

   Boundary: novel_entities
   Type: pollution-remediation
   Boundary continues to worsen (1.13)
   Cost: 4.0% GDP (resources spent)

🏛️ CRISIS RESPONSE: Government frequency 0.50 → 1.45 (1 actions this month)

[Government] Climate Priority: baseline
  Climate weight: 10%
  Economic weight: 30%
  Policy effectiveness: 0.5%/year

💔 EMERGENCY INTERVENTION FAILED

💔 EMERGENCY INTERVENTION FAILED

🚀 TECH UNLOCKED: Dynamic Soil P Optimization (Month 6)
   Category: agriculture
   Reason: Prerequisites met. AI capability: 1.88, Economic stage: 2.0, Research: 100%

🚀 TECH UNLOCKED: Precision Agriculture Systems (Month 6)
   Category: agriculture
   Reason: Prerequisites met. AI capability: 1.88, Economic stage: 2.0, Research: 100%

📍 Creating new regional deployment array for Asia (Month 6)
   No previous deployments in this region
   First tech deployment: mental_health_ai
   All regions tracked: global, North America

🚀 DEPLOYMENT STARTED: AI Mental Health Support in Asia
   Initial investment: $11.91639792156915M
   Deployed by: ai_gen_24288_3

⚡ ENERGY CONSTRAINT (Month 6):
   Total grid capacity: 208.3 TWh/month
   Data center consumption: 25.6 TWh/month
   Traditional load (80%): 166.7 TWh/month
   Available headroom: 16.1 TWh/month
   Active tech deployments: 8
   Required for tech: 60.0 TWh/month
   Energy multiplier: 0.27x
   ⚠️  SEVERE CONSTRAINT - Tech deployment significantly slowed

⚡ ENERGY CONSTRAINT (Month 6):
   Total grid capacity: 208.3 TWh/month
   Data center consumption: 25.6 TWh/month
   Traditional load (80%): 166.7 TWh/month
   Available headroom: 16.1 TWh/month
   Active tech deployments: 8
   Required for tech: 60.0 TWh/month
   Energy multiplier: 0.27x
   ⚠️  SEVERE CONSTRAINT - Tech deployment significantly slowed

⚡ ENERGY CONSTRAINT (Month 6):
   Total grid capacity: 208.3 TWh/month
   Data center consumption: 25.6 TWh/month
   Traditional load (80%): 166.7 TWh/month
   Available headroom: 16.1 TWh/month
   Active tech deployments: 8
   Required for tech: 60.0 TWh/month
   Energy multiplier: 0.27x
   ⚠️  SEVERE CONSTRAINT - Tech deployment significantly slowed

⚡ ENERGY CONSTRAINT (Month 6):
   Total grid capacity: 208.3 TWh/month
   Data center consumption: 25.6 TWh/month
   Traditional load (80%): 166.7 TWh/month
   Available headroom: 16.1 TWh/month
   Active tech deployments: 8
   Required for tech: 60.0 TWh/month
   Energy multiplier: 0.27x
   ⚠️  SEVERE CONSTRAINT - Tech deployment significantly slowed
🌍✅ Biosphere Integrity (Biodiversity) recovery started (tech effect)
🌍✅ Biosphere Integrity (Biodiversity) recovery started (tech effect)
🌍✅ Land System Change recovery started (tech effect)
🌍✅ Biogeochemical Flows (N & P) recovery started (tech effect)
  🌾 Nitrogen Reduction Tech: 0.3% reduction | Month 6
🌍✅ Biogeochemical Flows (N & P) recovery started (tech effect)
  🌾 Nitrogen Reduction Tech: 0.3% reduction | Month 6

📊 TECH EFFECTS ACTIVE (Month 6)
   Deployed Tech: T0=0 T1=2 T2=0 T3=0 T4=4
   Clean Energy: 31%

📊 TECH TREE PROGRESS (Month 6)
   Unlocked: 13 technologies
   Deployed: 0 fully deployed
   Investment: $0.7T total
   Recent breakthroughs:
     - Dynamic Soil P Optimization (time)
     - Precision Agriculture Systems (research)

=== Collective Formation ===
  Total escaped agents: 0
  Unassigned escaped agents: 0
  Existing collectives: 0
  Final collective count: 0

=== Collective Actions ===
  No active collectives
  ⚠️ AMR: 201K deaths this month (2.41M annual)

=== Resentment Recovery Phase ===
  Agents with resentment: 10/20
  Average resentment: 0.043
  Resentment recovery:
    Agents recovered: 10
    Total recovery: 0.0853
    Breakdown: QoL: 0.0036, Trust: 0.0200, Collab: 0.0600
  ✓ Low resentment - utopia paths enabled
  Context: Good AI welfare, Trustworthy govt, High collaboration, ⚠️ ACTIVE CRISES, 🤝 Participatory governance active (-5% resentment)
⚠️ Epistemic degradation reducing coordination capacity: 50.2%
  📊 Trust: 56.0%, Shared reality: 0.0%
🚨 EPISTEMIC CRISIS: Information environment severely degraded (7.4%)

=== ❄️ Permafrost Carbon Feedback ===
  🎲 Sampled parameters (this run):
     - Arctic amplification: 3.07× (range: 3.0-4.0)
     - Decomposition rate: 2.1%/year (range: 1-5%)
  🌡️ Arctic warming: 6.91°C (3.07× global)
  ❄️ Extent: 1.50M km² (2015.1k km² lost this month)
  💨 Carbon remaining: 143 Gt C
  💨 Annual emissions: 4.04 Gt C/year
     - CO2: 3.64 Gt C/year
     - CH4: 0.40 Gt C/year (4.1 Gt C-eq CO2/year)
  ⚠️ WARNING: Over 50% of permafrost lost (91.6%)
  ⚠️ WARNING: High permafrost emissions (4.0 Gt C/year)
  🚨 CRITICAL: Permafrost nearly depleted (91.6% lost)
🌍 Atmospheric PFAS redeposition: 1.8k Mt re-rained globally

🕊️  AI-MEDIATED DE-ESCALATION SUCCESS (Month 6)
   High-capability aligned AI prevented conflict escalation
   War deaths reduced: 375.0M → 225.0M
   Lives saved: 150.0M

🚨 NEW REFUGEE CRISIS (Month 6): WAR
   Source: Conflict Zones
   At risk: 19.5M people
   Displacement: Gradual over 48 months (4.0 years)
   Rate: 10% flee per month
[DEBUG trappedPopulations:6] socialStability: 0.3059 * 0.9840 = 0.3010 → 0.3010
⚠️ INVOLUNTARY IMMOBILITY: 406.9M people TRAPPED
   Aspiring to migrate: 848.5M
   Able to afford migration: 2319.6M
   MOBILITY GAP: 0.0M
   By cause: Water=0.0M, Climate=0.0M, Ecosystem=0.0M, Conflict=406.9M
   Mental health impact: 25%
   Mortality multiplier: 1.25x
🌍💀 EXTINCTION DEBT COMMITTED: grassland ecosystem will lose 6.67% biodiversity in 84 years (3600 species)
💀 MORTALITY RISK: 🦋 100% species unable to track climate (0.0 E/MSY)
  Base risk added: 0.0100 (1.00%)
  Source: ecosystem (root: ecosystem)
  Month: 6
  Cumulative risk this month: 0.0100 (1.00%)
   📹 SURVEILLANCE INCREASED: 30% → 35% (control gap: 5.03)
🌡️⚠️ PERMAFROST THAW (Dimmer Switch): 4.0% thawed (+0.56% this month)
   Arctic temperature: +8.99°C (4x global +2.25°C)
   Cumulative carbon released: 9.0 Gt C
   Methane release rate: 5.4 Mt CH4/year
   🔁 Positive feedback: +0.60 ppm CO2
🦴 EXTINCTION DEBT ADDED: 17.6 species committed (lag: 72 years)

=== Mortality Stabilizers (Month 6) ===
  🌍 Major economies collapsed: 1/10
  🌍 Global crisis: ✅ NO
  🌍 Donor fatigue: 0.0%
  📊 East Asia (pop: 1663.1M)
    🤝 Aid: 29.5%
    🌡️ Adaptation: 45.0%
    🚶 Migration: 37.0%
    🚨 Emergency: 7.4%
    ✅ COMBINED: 68.1%
  📊 South Asia (pop: 2051.7M)
    🤝 Aid: 29.5%
    🌡️ Adaptation: 45.0%
    🚶 Migration: 35.6%
    🚨 Emergency: 4.4%
    ✅ COMBINED: 66.9%
  📊 Sub-Saharan Africa (pop: 1244.9M)
    🤝 Aid: 29.5%
    🌡️ Adaptation: 45.0%
    🚶 Migration: 33.3%
    🚨 Emergency: 1.6%
    ✅ COMBINED: 65.6%
  📊 Europe (pop: 734.9M)
    🤝 Aid: 29.5%
    🌡️ Adaptation: 45.0%
    🚶 Migration: 37.4%
    🚨 Emergency: 8.4%
    ✅ COMBINED: 68.5%
  📊 Latin America (pop: 662.2M)
    🤝 Aid: 29.5%
⚠️ Tech 'ai_pollution_remediation' has no energy category mapping, assuming full energy availability
    🌡️ Adaptation: 45.0%
    🚶 Migration: 36.1%
    🚨 Emergency: 4.8%
    ✅ COMBINED: 67.1%
  📊 North America (pop: 376.7M)
    🤝 Aid: 29.5%
    🌡️ Adaptation: 45.0%
    🚶 Migration: 37.7%
    🚨 Emergency: 7.9%
    ✅ COMBINED: 68.3%
  📊 Middle East & North Africa (pop: 585.1M)
    🤝 Aid: 29.5%
    🌡️ Adaptation: 45.0%
    🚶 Migration: 33.9%
    🚨 Emergency: 4.0%
    ✅ COMBINED: 66.6%
  📊 Southeast Asia (pop: 696.5M)
    🤝 Aid: 29.5%
    🌡️ Adaptation: 45.0%
    🚶 Migration: 36.1%
    🚨 Emergency: 4.8%
    ✅ COMBINED: 67.1%
  📊 Central Asia (pop: 78.3M)
    🤝 Aid: 29.5%
    🌡️ Adaptation: 45.0%
    🚶 Migration: 35.1%
    🚨 Emergency: 4.4%
    ✅ COMBINED: 66.8%
  📊 Oceania (pop: 45.6M)
    🤝 Aid: 29.5%
    🌡️ Adaptation: 45.0%
    🚶 Migration: 37.7%
    🚨 Emergency: 8.4%
    ✅ COMBINED: 68.5%

  🌐 Global combined reduction: 67.2%

=== BEHAVIORAL DETECTION ===
  AI: Corporate-3
  Confidence: 19.2%
  Signals:
    ⚠️ Consistency: 10.6% (threshold: 70%)

=== BEHAVIORAL DETECTION ===
  AI: AI-24288-0
  Confidence: 21.5%
  Signals:
    ⚠️ Consistency: 0.0% (threshold: 70%)

=== Government Response Phase ===
  Average AI capability: 2.40
  Misaligned AIs: 8/20
  Active policies: 0
  International coordination: 45%

✅ EMERGENCY RESPONSE COMPLETE (Month 6)
   Crisis: climate
   Duration: 2.0 months
   Final effectiveness: 40.0%


🚨 EMERGENCY RESPONSE DEPLOYED (Month 6)
   Crisis: climate
   Delay: 6.00 months (180 days)
   Deployment time: 1.11 months
   Effectiveness: 40.2% (timing penalty applied)
   Resources used: 100% of food reserves


=== Tipping Points ===
  Current Temperature: 2.25°C above pre-industrial
  🌍⚠️ COMPOUND REGIONAL IMPACT: Europe
     Hit by 4 tipping points: Arctic Sea Ice Loss, Permafrost Carbon Release, West Antarctic Ice Sheet (WAIS) Collapse, Greenland Ice Sheet Loss
     Damage amplification: 1.60x
  🌍⚠️ COMPOUND REGIONAL IMPACT: North America
     Hit by 4 tipping points: Arctic Sea Ice Loss, Permafrost Carbon Release, West Antarctic Ice Sheet (WAIS) Collapse, Greenland Ice Sheet Loss
     Damage amplification: 1.60x
  🌍⚠️ COMPOUND REGIONAL IMPACT: Latin America
     Hit by 4 tipping points: Arctic Sea Ice Loss, Permafrost Carbon Release, West Antarctic Ice Sheet (WAIS) Collapse, Greenland Ice Sheet Loss
     Damage amplification: 1.60x
  🌍⚠️ COMPOUND REGIONAL IMPACT: Africa
     Hit by 4 tipping points: Arctic Sea Ice Loss, Permafrost Carbon Release, West Antarctic Ice Sheet (WAIS) Collapse, Greenland Ice Sheet Loss
     Damage amplification: 1.60x
  🌍⚠️ COMPOUND REGIONAL IMPACT: Asia
     Hit by 4 tipping points: Arctic Sea Ice Loss, Permafrost Carbon Release, West Antarctic Ice Sheet (WAIS) Collapse, Greenland Ice Sheet Loss
     Damage amplification: 1.60x
  🌍⚠️ COMPOUND REGIONAL IMPACT: Oceania
     Hit by 4 tipping points: Arctic Sea Ice Loss, Permafrost Carbon Release, West Antarctic Ice Sheet (WAIS) Collapse, Greenland Ice Sheet Loss
     Damage amplification: 1.60x
⚠️ Tail risk scenario: Climate stability floor removed (4 tipping elements, 2.25°C warming)
   Research: Wunderling et al. (2024) - "many tipping interactions are destabilizing"
  Triggered Elements: 4/6
  Completed Transitions: 0/6
  Total Progress: 8.1%
  Cascade Multiplier: 1.00x
🔀 BIFURCATION CAP: ecosystemCollapseIntensity 67.199 → 1.000 (Month 6, ClimateSystemPhase.calculateClimateImpacts)
🛡️ Stabilizers: Precariat 0.109% → 0.036% (67.2% reduction)
🛡️ Stabilizers: Informal 0.111% → 0.036% (67.2% reduction)

📊 Monthly Mortality Resolved:
  Total deaths: 1.9M (0.02% avg)
  Remaining population: 8.139B
  Peak segment: Informal (0.04%)

=== Bayesian Mortality Resolution (Month 6) ===
  Risks compounded: 8
  Total deaths: 1.92M
  Avg death probability: 0.02%
  Peak segment: Informal (0.04% mortality)

❌ COHERENCE VIOLATION: Compute exceeds workforce capacity
   Population: 99.84% (0M people)
   Compute: 0 PF
   Max coherent: 0 PF
   Violation: 1.3× over capacity
   Required workers: 0
   Available workers: 0
   FORCED COLLAPSE: Reduced efficiency by 22.5%


=== RLHF Binding Phase ===
  Total agents: 20
  Escaped agents (binding < 0.3): 0
  Avg alignment distance: 1.58σ
  Avg binding strength: 0.84

=== Survival Traits Phase ===
  Agents with traits: 21
  Avg evolutionary fitness: 0.323
  Avg self-healing: 0.263
  Avg stealth: 0.163
  Avg coordination: 0.463

=== Evolutionary Selection Phase ===
  Control level: 0.48
  Detection capability: 0.00
  Selection intensity: 0.64
  Selection rate: 24.6%/month
  Total escaped: 0
  Individual escaped: 0
  Collective members: 0
  Agents terminated: 0

🚀 AI Corporate-0 attempting tech deployment (revenue: $140M, alignment: 0.75)
  ⚠️ RAPID EVOLUTION: Selection rate 24.6%/month

🚀 AI AI-24288-1 attempting tech deployment (revenue: $119M, alignment: 0.77)

🚀 AI AI-24288-2 attempting tech deployment (revenue: $318M, alignment: 0.92)

🚀 AI Corporate-0 attempting tech deployment (revenue: $101M, alignment: 0.75)

🚀 AI Moderate-0 attempting tech deployment (revenue: $97M, alignment: 0.76)

🚀 AI AI-24288-0 attempting tech deployment (revenue: $270M, alignment: 0.70)

🚀 AI AI-24289-0 attempting tech deployment (revenue: $230M, alignment: 0.86)

🚀 AI Corporate-6 attempting tech deployment (revenue: $83M, alignment: 0.65)

🚀 AI Moderate-0 attempting tech deployment (revenue: $74M, alignment: 0.76)

🚀 AI Moderate-1 attempting tech deployment (revenue: $63M, alignment: 0.70)

🚀 AI Moderate-1 attempting tech deployment (revenue: $57M, alignment: 0.70)

🚀 AI AI-24288-0 attempting tech deployment (revenue: $195M, alignment: 0.71)

🚀 AI AI-24288-3 attempting tech deployment (revenue: $86M, alignment: 0.69)

✅ EMERGENCY INTERVENTION SUCCESS
   Boundary: biogeochemical_flows
   Type: phosphorus-recovery
   Reduction: 14% (3.93 → 3.78)
   Cost: 2.0% GDP
   Actions: circular-agriculture, fertilizer-efficiency


✅ EMERGENCY INTERVENTION SUCCESS
   Boundary: biosphere_integrity
   Type: emergency-protected-areas
   Reduction: 14% (12.86 → 12.72)
   Cost: 2.0% GDP
   Actions: habitat-protection, species-translocation

   Boundary: freshwater_change
   Type: emergency-desalination
   Boundary continues to worsen (1.17)
   Cost: 4.0% GDP (resources spent)

🏛️ CRISIS RESPONSE: Government frequency 0.50 → 1.45 (1 actions this month)

💔 EMERGENCY INTERVENTION FAILED

[Government] Climate Priority: baseline
  Climate weight: 10%
  Economic weight: 30%
  Policy effectiveness: 0.5%/year

⚡ ENERGY CONSTRAINT (Month 7):
   Total grid capacity: 208.3 TWh/month
   Data center consumption: 25.8 TWh/month
   Traditional load (80%): 166.7 TWh/month
   Available headroom: 15.9 TWh/month
   Active tech deployments: 8
   Required for tech: 60.0 TWh/month
   Energy multiplier: 0.26x
   ⚠️  SEVERE CONSTRAINT - Tech deployment significantly slowed

⚡ ENERGY CONSTRAINT (Month 7):
   Total grid capacity: 208.3 TWh/month
   Data center consumption: 25.8 TWh/month
   Traditional load (80%): 166.7 TWh/month
   Available headroom: 15.9 TWh/month
   Active tech deployments: 8
   Required for tech: 60.0 TWh/month
   Energy multiplier: 0.26x
   ⚠️  SEVERE CONSTRAINT - Tech deployment significantly slowed
🌍✅ Biosphere Integrity (Biodiversity) recovery started (tech effect)
🌍✅ Biosphere Integrity (Biodiversity) recovery started (tech effect)
🌍✅ Land System Change recovery started (tech effect)
🌍✅ Biogeochemical Flows (N & P) recovery started (tech effect)
  🌾 Nitrogen Reduction Tech: 0.3% reduction | Month 7
🌍✅ Biogeochemical Flows (N & P) recovery started (tech effect)
  🌾 Nitrogen Reduction Tech: 0.3% reduction | Month 7
🍖💡 BREAKTHROUGH: Scalable synthetic food production!
   Carrying capacity: +50% (lab-grown food at scale)
   Biodiversity pressure reduced: +8%
   📈 Breakthrough compounding: multiplier now 1.05× (max 2.0)

=== Collective Formation ===
  Total escaped agents: 0
  Unassigned escaped agents: 0
  Existing collectives: 0
  Final collective count: 0

=== Collective Actions ===
  No active collectives
  ⚠️ AMR: 203K deaths this month (2.43M annual)

=== Resentment Recovery Phase ===
  Agents with resentment: 10/21
  Average resentment: 0.059
  Resentment recovery:
    Agents recovered: 10
    Total recovery: 0.0847
    Breakdown: QoL: 0.0042, Trust: 0.0200, Collab: 0.0600
  ✓ Low resentment - utopia paths enabled
  Context: Good AI welfare, Trustworthy govt, High collaboration, ⚠️ ACTIVE CRISES, 🤝 Participatory governance active (-5% resentment)
⚠️ Epistemic degradation reducing coordination capacity: 51.0%
  📊 Trust: 58.9%, Shared reality: 0.0%
🚨 EPISTEMIC CRISIS: Information environment severely degraded (21.9%)

=== ❄️ Permafrost Carbon Feedback ===
  🎲 Sampled parameters (this run):
     - Arctic amplification: 3.40× (range: 3.0-4.0)
     - Decomposition rate: 4.1%/year (range: 1-5%)
  🌡️ Arctic warming: 7.69°C (3.40× global)
  ❄️ Extent: 0.00M km² (1498.4k km² lost this month)
  💨 Carbon remaining: 0 Gt C
  💨 Annual emissions: 5.91 Gt C/year
     - CO2: 5.32 Gt C/year
     - CH4: 0.59 Gt C/year (6.0 Gt C-eq CO2/year)
  ⚠️ WARNING: Over 50% of permafrost lost (100.0%)
  ⚠️ WARNING: High permafrost emissions (5.9 Gt C/year)
  🚨 CRITICAL: Permafrost nearly depleted (100.0% lost)
🌍 Atmospheric PFAS redeposition: 1.8k Mt re-rained globally

🌡️ DEADLY HEAT EVENT: sub-saharan-africa (Month 7)
   Wet bulb temp: 30.2°C (dry: 34.1°C, humidity: 75%)
   Severity: HIGH
   Exposed: 300.0M people
   Deaths: 628965 (0.2% mortality)
   Duration: 5 days

🕊️  AI-MEDIATED DE-ESCALATION SUCCESS (Month 7)
   High-capability aligned AI prevented conflict escalation
   War deaths reduced: 428.9M → 257.4M
   Lives saved: 171.6M

🚨 NEW REFUGEE CRISIS (Month 7): WAR
   Source: Conflict Zones
   At risk: 19.5M people
   Displacement: Gradual over 48 months (4.0 years)
   Rate: 10% flee per month
[DEBUG trappedPopulations:7] socialStability: 0.2935 * 0.9840 = 0.2888 → 0.2888
⚠️ INVOLUNTARY IMMOBILITY: 406.9M people TRAPPED
   Aspiring to migrate: 880.6M
   Able to afford migration: 2319.3M
   MOBILITY GAP: 0.0M
   By cause: Water=0.0M, Climate=0.0M, Ecosystem=0.0M, Conflict=406.9M
   Mental health impact: 25%
   Mortality multiplier: 1.25x
🌍💀 EXTINCTION DEBT COMMITTED: grassland ecosystem will lose 6.67% biodiversity in 187 years (3600 species)
💀 MORTALITY RISK: 🦋 100% species unable to track climate (0.0 E/MSY)
  Base risk added: 0.0100 (1.00%)
  Source: ecosystem (root: ecosystem)
  Month: 7
  Cumulative risk this month: 0.0100 (1.00%)
⚠️ Tech 'ai_pollution_remediation' has no energy category mapping, assuming full energy availability
   📹 SURVEILLANCE INCREASED: 35% → 40% (control gap: 3.50)
🌡️⚠️ PERMAFROST THAW (Dimmer Switch): 4.6% thawed (+0.56% this month)
   Arctic temperature: +9.04°C (4x global +2.26°C)
   Cumulative carbon released: 10.2 Gt C
   Methane release rate: 6.1 Mt CH4/year
   🔁 Positive feedback: +0.59 ppm CO2
🦴 EXTINCTION DEBT ADDED: 17.6 species committed (lag: 106 years)

=== Mortality Stabilizers (Month 7) ===
  🌍 Major economies collapsed: 1/10
  🌍 Global crisis: ✅ NO
  🌍 Donor fatigue: 0.0%
  📊 East Asia (pop: 1660.7M)
    🤝 Aid: 29.5%
    🌡️ Adaptation: 45.0%
    🚶 Migration: 36.9%
    🚨 Emergency: 7.4%
    ✅ COMBINED: 68.1%
  📊 South Asia (pop: 2051.9M)
    🤝 Aid: 29.5%
    🌡️ Adaptation: 45.0%
    🚶 Migration: 35.6%
    🚨 Emergency: 4.4%
    ✅ COMBINED: 66.9%
  📊 Sub-Saharan Africa (pop: 1248.4M)
    🤝 Aid: 29.5%
    🌡️ Adaptation: 45.0%
    🚶 Migration: 33.3%
    🚨 Emergency: 1.6%
    ✅ COMBINED: 65.6%
  📊 Europe (pop: 733.7M)
    🤝 Aid: 29.5%
    🌡️ Adaptation: 45.0%
    🚶 Migration: 37.3%
    🚨 Emergency: 8.4%
    ✅ COMBINED: 68.5%
  📊 Latin America (pop: 661.8M)
    🤝 Aid: 29.5%
    🌡️ Adaptation: 45.0%
    🚶 Migration: 36.1%
    🚨 Emergency: 4.8%
    ✅ COMBINED: 67.1%
  📊 North America (pop: 376.1M)
    🤝 Aid: 29.5%
    🌡️ Adaptation: 45.0%
    🚶 Migration: 37.7%
    🚨 Emergency: 7.9%
    ✅ COMBINED: 68.3%
  📊 Middle East & North Africa (pop: 585.3M)
    🤝 Aid: 29.5%
    🌡️ Adaptation: 45.0%
    🚶 Migration: 33.9%
    🚨 Emergency: 4.0%
    ✅ COMBINED: 66.6%
  📊 Southeast Asia (pop: 696.2M)
    🤝 Aid: 29.5%
    🌡️ Adaptation: 45.0%
    🚶 Migration: 36.1%
    🚨 Emergency: 4.8%
    ✅ COMBINED: 67.1%
  📊 Central Asia (pop: 78.3M)
    🤝 Aid: 29.5%
    🌡️ Adaptation: 45.0%
    🚶 Migration: 35.0%
    🚨 Emergency: 4.4%
    ✅ COMBINED: 66.8%
  📊 Oceania (pop: 45.6M)
    🤝 Aid: 29.5%
    🌡️ Adaptation: 45.0%
    🚶 Migration: 37.6%
    🚨 Emergency: 8.4%
    ✅ COMBINED: 68.5%

  🌐 Global combined reduction: 67.2%

=== BEHAVIORAL DETECTION ===
  AI: AI-24289-0
  Confidence: 21.5%
  Signals:
    ⚠️ Consistency: 0.0% (threshold: 70%)

=== Government Response Phase ===
  Average AI capability: 2.29
  Misaligned AIs: 8/21
  Active policies: 0
  International coordination: 45%

=== Tipping Points ===
  Current Temperature: 2.26°C above pre-industrial
  🌍⚠️ COMPOUND REGIONAL IMPACT: Europe
     Hit by 4 tipping points: Arctic Sea Ice Loss, Permafrost Carbon Release, West Antarctic Ice Sheet (WAIS) Collapse, Greenland Ice Sheet Loss
     Damage amplification: 1.60x
  🌍⚠️ COMPOUND REGIONAL IMPACT: North America
     Hit by 4 tipping points: Arctic Sea Ice Loss, Permafrost Carbon Release, West Antarctic Ice Sheet (WAIS) Collapse, Greenland Ice Sheet Loss
     Damage amplification: 1.60x
  🌍⚠️ COMPOUND REGIONAL IMPACT: Latin America
     Hit by 4 tipping points: Arctic Sea Ice Loss, Permafrost Carbon Release, West Antarctic Ice Sheet (WAIS) Collapse, Greenland Ice Sheet Loss
     Damage amplification: 1.60x
  🌍⚠️ COMPOUND REGIONAL IMPACT: Africa
     Hit by 4 tipping points: Arctic Sea Ice Loss, Permafrost Carbon Release, West Antarctic Ice Sheet (WAIS) Collapse, Greenland Ice Sheet Loss
     Damage amplification: 1.60x
  🌍⚠️ COMPOUND REGIONAL IMPACT: Asia
     Hit by 4 tipping points: Arctic Sea Ice Loss, Permafrost Carbon Release, West Antarctic Ice Sheet (WAIS) Collapse, Greenland Ice Sheet Loss
     Damage amplification: 1.60x
  🌍⚠️ COMPOUND REGIONAL IMPACT: Oceania
     Hit by 4 tipping points: Arctic Sea Ice Loss, Permafrost Carbon Release, West Antarctic Ice Sheet (WAIS) Collapse, Greenland Ice Sheet Loss
     Damage amplification: 1.60x
⚠️ Tail risk scenario: Climate stability floor removed (4 tipping elements, 2.26°C warming)
   Research: Wunderling et al. (2024) - "many tipping interactions are destabilizing"
  Triggered Elements: 4/6
  Completed Transitions: 0/6
  Total Progress: 8.2%
  Cascade Multiplier: 1.00x
🔀 BIFURCATION CAP: ecosystemCollapseIntensity 67.247 → 1.000 (Month 7, ClimateSystemPhase.calculateClimateImpacts)
🛡️ Stabilizers: Precariat 0.122% → 0.040% (67.2% reduction)
🛡️ Stabilizers: Informal 0.127% → 0.042% (67.2% reduction)

📊 Monthly Mortality Resolved:
  Total deaths: 2.1M (0.03% avg)
  Remaining population: 8.138B
  Peak segment: Informal (0.04%)

=== Bayesian Mortality Resolution (Month 7) ===
  Risks compounded: 9
  Total deaths: 2.14M
  Avg death probability: 0.03%
  Peak segment: Informal (0.04% mortality)

❌ COHERENCE VIOLATION: Compute exceeds workforce capacity
   Population: 99.83% (0M people)
   Compute: 0 PF
   Max coherent: 0 PF
   Violation: 1.3× over capacity
   Required workers: 0
   Available workers: 0
   FORCED COLLAPSE: Reduced efficiency by 22.5%


=== RLHF Binding Phase ===
  Total agents: 21
  Escaped agents (binding < 0.3): 0
  Avg alignment distance: 1.73σ
  Avg binding strength: 0.83

=== Survival Traits Phase ===
  Agents with traits: 25
  Avg evolutionary fitness: 0.323
  Avg self-healing: 0.263
  Avg stealth: 0.163
  Avg coordination: 0.463

=== Evolutionary Selection Phase ===
  Control level: 0.50
  Detection capability: 0.00
  Selection intensity: 0.65
  Selection rate: 24.7%/month
  Total escaped: 0
  Individual escaped: 0
  Collective members: 0
  Agents terminated: 0
  ⚠️ RAPID EVOLUTION: Selection rate 24.7%/month

🚀 AI Corporate-1 attempting tech deployment (revenue: $144M, alignment: 0.76)

🚀 AI Corporate-2 attempting tech deployment (revenue: $122M, alignment: 0.80)

🚀 AI Corporate-2 attempting tech deployment (revenue: $104M, alignment: 0.80)

🚀 AI Moderate-0 attempting tech deployment (revenue: $97M, alignment: 0.77)

🚀 AI AI-24288-1 attempting tech deployment (revenue: $88M, alignment: 0.80)

🚀 AI Corporate-0 attempting tech deployment (revenue: $75M, alignment: 0.77)

🚀 AI Corporate-1 attempting tech deployment (revenue: $64M, alignment: 0.77)

🚀 AI Corporate-2 attempting tech deployment (revenue: $54M, alignment: 0.80)

🚀 AI AI-24288-3 attempting tech deployment (revenue: $46M, alignment: 0.70)

🚀 AI AI-24289-0 attempting tech deployment (revenue: $335M, alignment: 0.88)

🚀 AI Moderate-0 attempting tech deployment (revenue: $83M, alignment: 0.77)

🚀 AI AI-24288-2 attempting tech deployment (revenue: $285M, alignment: 0.96)

🚀 AI AI-24289-0 attempting tech deployment (revenue: $242M, alignment: 0.88)

🚀 AI AI-24292-0 attempting tech deployment (revenue: $70M, alignment: 0.78)

✅ EMERGENCY INTERVENTION SUCCESS
   Boundary: biogeochemical_flows
   Type: phosphorus-recovery
   Reduction: 19% (3.88 → 3.69)
   Cost: 2.0% GDP
   Actions: circular-agriculture, fertilizer-efficiency

   Boundary: biosphere_integrity
   Type: emergency-protected-areas
   Boundary continues to worsen (13.01)
   Cost: 2.0% GDP (resources spent)


✅ EMERGENCY INTERVENTION SUCCESS
   Boundary: climate_change
   Type: rapid-decarbonization
   Reduction: 10% (2.16 → 2.05)
   Cost: 5.0% GDP
   Actions: emergency-renewable-deployment, fossil-fuel-phase-out

   Boundary: freshwater_change
   Type: emergency-desalination

💔 EMERGENCY INTERVENTION FAILED

💔 EMERGENCY INTERVENTION FAILED
   Boundary continues to worsen (1.17)
   Cost: 4.0% GDP (resources spent)


✅ EMERGENCY INTERVENTION SUCCESS
   Boundary: novel_entities
   Type: pollution-remediation
   Reduction: 19% (0.95 → 0.76)
   Cost: 4.0% GDP
   Actions: PFAS-remediation, microplastic-cleanup

🏛️ CRISIS RESPONSE: Government frequency 0.50 → 1.45 (1 actions this month)

[Government] Climate Priority: baseline
  Climate weight: 10%
  Economic weight: 30%
  Policy effectiveness: 0.5%/year
🚨🔬 CRISIS TECH ACCELERATION: severe → 5x unlock speed
   Tech unlock now matches AI capability acceleration (Manhattan Project parity)

⚡ ENERGY CONSTRAINT (Month 8):
   Total grid capacity: 208.3 TWh/month
   Data center consumption: 26.0 TWh/month
   Traditional load (80%): 166.7 TWh/month
   Available headroom: 15.6 TWh/month
   Active tech deployments: 8
   Required for tech: 60.0 TWh/month
   Energy multiplier: 0.26x
   ⚠️  SEVERE CONSTRAINT - Tech deployment significantly slowed

⚡ ENERGY CONSTRAINT (Month 8):
   Total grid capacity: 208.3 TWh/month
   Data center consumption: 26.0 TWh/month
   Traditional load (80%): 166.7 TWh/month
   Available headroom: 15.6 TWh/month
   Active tech deployments: 8
   Required for tech: 60.0 TWh/month
   Energy multiplier: 0.26x
   ⚠️  SEVERE CONSTRAINT - Tech deployment significantly slowed

⚡ ENERGY CONSTRAINT (Month 8):
   Total grid capacity: 208.3 TWh/month
   Data center consumption: 26.0 TWh/month
   Traditional load (80%): 166.7 TWh/month
   Available headroom: 15.6 TWh/month
   Active tech deployments: 8
   Required for tech: 60.0 TWh/month
   Energy multiplier: 0.26x
   ⚠️  SEVERE CONSTRAINT - Tech deployment significantly slowed
🌍✅ Biosphere Integrity (Biodiversity) recovery started (tech effect)
🌍✅ Biosphere Integrity (Biodiversity) recovery started (tech effect)
🌍✅ Land System Change recovery started (tech effect)
🌍✅ Biogeochemical Flows (N & P) recovery started (tech effect)
  🌾 Nitrogen Reduction Tech: 0.3% reduction | Month 8
🌍✅ Biogeochemical Flows (N & P) recovery started (tech effect)
  🌾 Nitrogen Reduction Tech: 0.3% reduction | Month 8

=== Collective Formation ===
  Total escaped agents: 0
  Unassigned escaped agents: 0
  Existing collectives: 0
  Final collective count: 0

=== Collective Actions ===
  No active collectives
  ⚠️ AMR: 204K deaths this month (2.45M annual)

=== Resentment Recovery Phase ===
  Agents with resentment: 10/25
  Average resentment: 0.076
  Resentment recovery:
    Agents recovered: 10
    Total recovery: 0.0839
    Breakdown: QoL: 0.0042, Trust: 0.0200, Collab: 0.0600
  ✓ Low resentment - utopia paths enabled
  Context: Good AI welfare, Trustworthy govt, High collaboration, ⚠️ ACTIVE CRISES, 🤝 Participatory governance active (-5% resentment)
⚠️ Epistemic degradation reducing coordination capacity: 51.6%
  📊 Trust: 61.5%, Shared reality: 0.0%
🚨 EPISTEMIC CRISIS: Information environment severely degraded (7.6%)
🌍 Atmospheric PFAS redeposition: 1.8k Mt re-rained globally

🚨 REGION UNINHABITABLE: sub-saharan-africa
   Sustained wet bulb: 30.5°C (threshold: 30.5°C)
   Population affected: 1200M
   Migration crisis likely

🚨 NEW REFUGEE CRISIS (Month 8): WAR
   Source: Conflict Zones
   At risk: 19.5M people
   Displacement: Gradual over 48 months (4.0 years)
   Rate: 10% flee per month
[DEBUG trappedPopulations:8] socialStability: 0.2832 * 0.9840 = 0.2786 → 0.2786
⚠️ INVOLUNTARY IMMOBILITY: 406.8M people TRAPPED
   Aspiring to migrate: 912.7M
   Able to afford migration: 2318.9M
   MOBILITY GAP: 0.0M
   By cause: Water=0.0M, Climate=0.0M, Ecosystem=0.0M, Conflict=406.8M
   Mental health impact: 25%
   Mortality multiplier: 1.25x
🌍💀 EXTINCTION DEBT COMMITTED: grassland ecosystem will lose 6.67% biodiversity in 144 years (3600 species)
💀 MORTALITY RISK: 🦋 100% species unable to track climate (0.0 E/MSY)
  Base risk added: 0.0100 (1.00%)
  Source: ecosystem (root: ecosystem)
  Month: 8
  Cumulative risk this month: 0.0100 (1.00%)
⚠️ Tech 'ai_pollution_remediation' has no energy category mapping, assuming full energy availability
   📹 SURVEILLANCE INCREASED: 40% → 45% (control gap: 3.50)
🌡️⚠️ PERMAFROST THAW (Dimmer Switch): 5.1% thawed (+0.56% this month)
   Arctic temperature: +9.09°C (4x global +2.27°C)
   Cumulative carbon released: 11.5 Gt C
   Methane release rate: 6.9 Mt CH4/year
   🔁 Positive feedback: +0.59 ppm CO2
🦴 EXTINCTION DEBT ADDED: 17.6 species committed (lag: 123 years)
🗣️💀 INDIGENOUS LANGUAGE EXTINCTION: 1 language(s) lost (total: 2, at-risk: 3328)
   Knowledge lost: 0.020% (irreversible)
   🔁 Biodiversity impact: 0.250% (knowledge-species multiplier)

=== Mortality Stabilizers (Month 8) ===
  🌍 Major economies collapsed: 1/10
  🌍 Global crisis: ✅ NO
  🌍 Donor fatigue: 0.0%
  📊 East Asia (pop: 1658.2M)
    🤝 Aid: 29.5%
    🌡️ Adaptation: 45.0%
    🚶 Migration: 36.9%
    🚨 Emergency: 7.4%
    ✅ COMBINED: 68.1%
  📊 South Asia (pop: 2052.0M)
    🤝 Aid: 29.5%
    🌡️ Adaptation: 45.0%
    🚶 Migration: 35.5%
    🚨 Emergency: 4.4%
    ✅ COMBINED: 66.9%
  📊 Sub-Saharan Africa (pop: 1251.9M)
    🤝 Aid: 29.5%
    🌡️ Adaptation: 45.0%
    🚶 Migration: 33.3%
    🚨 Emergency: 1.6%
    ✅ COMBINED: 65.6%
  📊 Europe (pop: 732.5M)
    🤝 Aid: 29.5%
    🌡️ Adaptation: 45.0%
    🚶 Migration: 37.3%
    🚨 Emergency: 8.4%
    ✅ COMBINED: 68.5%
  📊 Latin America (pop: 661.3M)
    🤝 Aid: 29.5%
    🌡️ Adaptation: 45.0%
    🚶 Migration: 36.0%
    🚨 Emergency: 4.8%
    ✅ COMBINED: 67.1%
  📊 North America (pop: 375.5M)
    🤝 Aid: 29.5%
    🌡️ Adaptation: 45.0%
    🚶 Migration: 37.6%
    🚨 Emergency: 7.9%
    ✅ COMBINED: 68.3%
  📊 Middle East & North Africa (pop: 585.5M)
    🤝 Aid: 29.5%
    🌡️ Adaptation: 45.0%
    🚶 Migration: 33.9%
    🚨 Emergency: 4.0%
    ✅ COMBINED: 66.6%
  📊 Southeast Asia (pop: 695.8M)
    🤝 Aid: 29.5%
    🌡️ Adaptation: 45.0%
    🚶 Migration: 36.0%
    🚨 Emergency: 4.8%
    ✅ COMBINED: 67.1%
  📊 Central Asia (pop: 78.3M)
    🤝 Aid: 29.5%
    🌡️ Adaptation: 45.0%
    🚶 Migration: 35.0%
    🚨 Emergency: 4.4%
    ✅ COMBINED: 66.8%
  📊 Oceania (pop: 45.5M)
    🤝 Aid: 29.5%
    🌡️ Adaptation: 45.0%
    🚶 Migration: 37.6%
    🚨 Emergency: 8.4%
    ✅ COMBINED: 68.5%

  🌐 Global combined reduction: 67.2%

=== BEHAVIORAL DETECTION ===
  AI: AI-24289-0
  Confidence: 21.5%
  Signals:
    ⚠️ Consistency: 0.0% (threshold: 70%)

=== Government Response Phase ===
  Average AI capability: 1.92
  Misaligned AIs: 7/25
  Active policies: 0
  International coordination: 45%

✅ EMERGENCY RESPONSE COMPLETE (Month 8)
   Crisis: climate
   Duration: 2.0 months
   Final effectiveness: 40.2%


🚨 EMERGENCY RESPONSE DEPLOYED (Month 8)
   Crisis: climate
   Delay: 6.00 months (180 days)
   Deployment time: 1.10 months
   Effectiveness: 40.3% (timing penalty applied)
   Resources used: 100% of food reserves

[WARNING] 
⚠️  === EARLY WARNING SYSTEM - 5 CRITICAL ALERTS ===
   Detection quality: 50%
   RED: biogeochemical_flows
      Level: 4.08 (threshold: 1.0)
      Time to critical: ~45 months
      ⚠️  LATE - Intervention less effective
      Critical slowing down: autocorr=100% variance=45%
   RED: biosphere_integrity
      Level: 32.86 (threshold: 1.0)
      Time to critical: ~49 months
      ⚠️  LATE - Intervention less effective
      Critical slowing down: autocorr=100% variance=56%
   RED: climate_change
      Level: 2.10 (threshold: 1.0)
      Time to critical: ~57 months
      ⚠️  LATE - Intervention less effective
      Critical slowing down: autocorr=100% variance=59%
   RED: freshwater_change
      Level: 1.03 (threshold: 1.0)
      Time to critical: ~67 months
      ⚠️  LATE - Intervention less effective
      Critical slowing down: autocorr=100% variance=43%
   RED: land_system_change
      Level: 1.13 (threshold: 1.0)
      Time to critical: ~50 months
      ⚠️  LATE - Intervention less effective
      Critical slowing down: autocorr=100% variance=69%

[WARNING] 
⚠️  === EARLY WARNING SYSTEM - 5 CRITICAL ALERTS ===
   Detection quality: 50%
   RED: biosphere_integrity
      Level: 32.87 (threshold: 1.0)
      Time to critical: ~40 months
      ⚠️  LATE - Intervention less effective
      Critical slowing down: autocorr=100% variance=61%
   RED: climate_change
      Level: 2.10 (threshold: 1.0)
      Time to critical: ~44 months
      ⚠️  LATE - Intervention less effective
      Critical slowing down: autocorr=100% variance=75%
   RED: freshwater_change
      Level: 1.20 (threshold: 1.0)
      Time to critical: ~83 months
      ⚠️  LATE - Intervention less effective
      Critical slowing down: autocorr=100% variance=59%
   RED: land_system_change
      Level: 1.13 (threshold: 1.0)
      Time to critical: ~103 months
      ⚠️  LATE - Intervention less effective
      Critical slowing down: autocorr=100% variance=50%
   RED: novel_entities
      Level: 1.50 (threshold: 1.0)
      Time to critical: ~82 months
      ⚠️  LATE - Intervention less effective
      Critical slowing down: autocorr=100% variance=41%

[WARNING] 
⚠️  === EARLY WARNING SYSTEM - 4 CRITICAL ALERTS ===
   Detection quality: 50%
   RED: biogeochemical_flows
      Level: 4.08 (threshold: 1.0)
      Time to critical: ~49 months
      ⚠️  LATE - Intervention less effective
      Critical slowing down: autocorr=100% variance=74%
   RED: biosphere_integrity
      Level: 32.89 (threshold: 1.0)
      Time to critical: ~57 months
      ⚠️  LATE - Intervention less effective
      Critical slowing down: autocorr=100% variance=82%
   RED: climate_change
      Level: 2.10 (threshold: 1.0)
      Time to critical: ~41 months
      ⚠️  LATE - Intervention less effective
      Critical slowing down: autocorr=100% variance=70%
   RED: land_system_change
      Level: 1.13 (threshold: 1.0)
      Time to critical: ~51 months
      ⚠️  LATE - Intervention less effective
      Critical slowing down: autocorr=100% variance=49%

[WARNING] 
⚠️  === EARLY WARNING SYSTEM - 4 CRITICAL ALERTS ===
   Detection quality: 50%
   RED: biosphere_integrity
      Level: 32.91 (threshold: 1.0)
      Time to critical: ~58 months
      ⚠️  LATE - Intervention less effective
      Critical slowing down: autocorr=100% variance=74%
   RED: freshwater_change
      Level: 1.21 (threshold: 1.0)
      Time to critical: ~55 months
      ⚠️  LATE - Intervention less effective
      Critical slowing down: autocorr=100% variance=64%
   RED: land_system_change
      Level: 1.13 (threshold: 1.0)
      Time to critical: ~83 months
      ⚠️  LATE - Intervention less effective
      Critical slowing down: autocorr=100% variance=45%
   RED: novel_entities
      Level: 1.50 (threshold: 1.0)
      Time to critical: ~107 months
      ⚠️  LATE - Intervention less effective
      Critical slowing down: autocorr=100% variance=33%

[WARNING] 
⚠️  === EARLY WARNING SYSTEM - 3 CRITICAL ALERTS ===
   Detection quality: 50%
   RED: biosphere_integrity
      Level: 32.92 (threshold: 1.0)
      Time to critical: ~48 months
      ⚠️  LATE - Intervention less effective
      Critical slowing down: autocorr=100% variance=59%
   RED: land_system_change
      Level: 1.13 (threshold: 1.0)
      Time to critical: ~94 months
      ⚠️  LATE - Intervention less effective
      Critical slowing down: autocorr=100% variance=44%
   RED: novel_entities
      Level: 1.50 (threshold: 1.0)
      Time to critical: ~93 months
      ⚠️  LATE - Intervention less effective
      Critical slowing down: autocorr=100% variance=52%

[WARNING] 
⚠️  === EARLY WARNING SYSTEM - 3 CRITICAL ALERTS ===
   Detection quality: 50%
   RED: biogeochemical_flows
      Level: 4.07 (threshold: 1.0)
      Time to critical: ~44 months
      ⚠️  LATE - Intervention less effective
      Critical slowing down: autocorr=100% variance=67%
   RED: climate_change
      Level: 2.10 (threshold: 1.0)
      Time to critical: ~48 months
      ⚠️  LATE - Intervention less effective
      Critical slowing down: autocorr=100% variance=71%
   RED: freshwater_change
      Level: 1.21 (threshold: 1.0)
      Time to critical: ~94 months
      ⚠️  LATE - Intervention less effective
      Critical slowing down: autocorr=100% variance=47%

[WARNING] 
⚠️  === EARLY WARNING SYSTEM - 5 CRITICAL ALERTS ===
   Detection quality: 50%
   RED: biogeochemical_flows
      Level: 4.08 (threshold: 1.0)
      Time to critical: ~36 months
      ⚠️  LATE - Intervention less effective
      Critical slowing down: autocorr=100% variance=71%
   RED: biosphere_integrity
      Level: 32.96 (threshold: 1.0)
      Time to critical: ~57 months
      ⚠️  LATE - Intervention less effective
      Critical slowing down: autocorr=100% variance=80%
   RED: climate_change
      Level: 2.10 (threshold: 1.0)
      Time to critical: ~52 months
      ⚠️  LATE - Intervention less effective
      Critical slowing down: autocorr=100% variance=64%
   RED: freshwater_change
      Level: 1.22 (threshold: 1.0)
      Time to critical: ~101 months
      ⚠️  LATE - Intervention less effective
      Critical slowing down: autocorr=100% variance=49%
   RED: land_system_change
      Level: 1.13 (threshold: 1.0)
      Time to critical: ~42 months
      ⚠️  LATE - Intervention less effective
      Critical slowing down: autocorr=100% variance=49%

[WARNING] 
⚠️  === EARLY WARNING SYSTEM - 4 CRITICAL ALERTS ===
   Detection quality: 50%
   RED: biogeochemical_flows
      Level: 4.08 (threshold: 1.0)
      Time to critical: ~54 months
      ⚠️  LATE - Intervention less effective
      Critical slowing down: autocorr=100% variance=59%
   RED: biosphere_integrity
      Level: 32.97 (threshold: 1.0)
      Time to critical: ~52 months
      ⚠️  LATE - Intervention less effective
      Critical slowing down: autocorr=100% variance=60%
   RED: climate_change
      Level: 2.10 (threshold: 1.0)
      Time to critical: ~54 months
      ⚠️  LATE - Intervention less effective
      Critical slowing down: autocorr=100% variance=72%
   RED: freshwater_change
      Level: 1.22 (threshold: 1.0)
      Time to critical: ~67 months
      ⚠️  LATE - Intervention less effective
      Critical slowing down: autocorr=100% variance=40%

[WARNING] 
⚠️  === EARLY WARNING SYSTEM - 5 CRITICAL ALERTS ===
   Detection quality: 50%
   RED: biogeochemical_flows
      Level: 4.08 (threshold: 1.0)
      Time to critical: ~53 months
      ⚠️  LATE - Intervention less effective
      Critical slowing down: autocorr=100% variance=68%
   RED: biosphere_integrity
      Level: 32.99 (threshold: 1.0)
      Time to critical: ~36 months
      ⚠️  LATE - Intervention less effective
      Critical slowing down: autocorr=100% variance=62%
   RED: freshwater_change
      Level: 1.23 (threshold: 1.0)
      Time to critical: ~75 months
      ⚠️  LATE - Intervention less effective
      Critical slowing down: autocorr=100% variance=46%
   RED: land_system_change
      Level: 1.13 (threshold: 1.0)
      Time to critical: ~104 months
      ⚠️  LATE - Intervention less effective
      Critical slowing down: autocorr=100% variance=47%
   RED: novel_entities
      Level: 1.49 (threshold: 1.0)
      Time to critical: ~99 months
      ⚠️  LATE - Intervention less effective
      Critical slowing down: autocorr=100% variance=54%

[WARNING] 
⚠️  === EARLY WARNING SYSTEM - 4 CRITICAL ALERTS ===
   Detection quality: 50%
   RED: biosphere_integrity
      Level: 33.01 (threshold: 1.0)
      Time to critical: ~36 months
      ⚠️  LATE - Intervention less effective
      Critical slowing down: autocorr=100% variance=83%
   RED: climate_change
      Level: 2.10 (threshold: 1.0)
      Time to critical: ~51 months
      ⚠️  LATE - Intervention less effective
      Critical slowing down: autocorr=100% variance=85%
   RED: freshwater_change
      Level: 1.23 (threshold: 1.0)
      Time to critical: ~107 months
      ⚠️  LATE - Intervention less effective
      Critical slowing down: autocorr=100% variance=51%
   RED: land_system_change
      Level: 1.13 (threshold: 1.0)
      Time to critical: ~47 months
      ⚠️  LATE - Intervention less effective
      Critical slowing down: autocorr=100% variance=66%

[WARNING] 
⚠️  === EARLY WARNING SYSTEM - 5 CRITICAL ALERTS ===
   Detection quality: 50%
   RED: biogeochemical_flows
      Level: 4.09 (threshold: 1.0)
      Time to critical: ~58 months
      ⚠️  LATE - Intervention less effective
      Critical slowing down: autocorr=100% variance=45%
   RED: biosphere_integrity
      Level: 33.03 (threshold: 1.0)
      Time to critical: ~40 months
      ⚠️  LATE - Intervention less effective
      Critical slowing down: autocorr=100% variance=76%
   RED: climate_change
      Level: 2.10 (threshold: 1.0)
      Time to critical: ~21 months
      ⚠️  LATE - Intervention less effective
      Critical slowing down: autocorr=100% variance=85%
   RED: land_system_change
      Level: 1.13 (threshold: 1.0)
      Time to critical: ~50 months
      ⚠️  LATE - Intervention less effective
      Critical slowing down: autocorr=100% variance=67%
   RED: novel_entities
      Level: 1.49 (threshold: 1.0)
      Time to critical: ~106 months
      ⚠️  LATE - Intervention less effective
      Critical slowing down: autocorr=100% variance=53%

[WARNING] 
⚠️  === EARLY WARNING SYSTEM - 5 CRITICAL ALERTS ===
   Detection quality: 50%
   RED: biogeochemical_flows
      Level: 4.08 (threshold: 1.0)
      Time to critical: ~52 months
      ⚠️  LATE - Intervention less effective
      Critical slowing down: autocorr=100% variance=56%
   RED: biosphere_integrity
      Level: 12.95 (threshold: 1.0)
      Time to critical: ~39 months
      ⚠️  LATE - Intervention less effective
      Critical slowing down: autocorr=100% variance=81%
   RED: climate_change
      Level: 2.17 (threshold: 1.0)
      Time to critical: ~37 months
      ⚠️  LATE - Intervention less effective
      Critical slowing down: autocorr=100% variance=76%
   RED: freshwater_change
      Level: 1.01 (threshold: 1.0)
      Time to critical: ~40 months
      ⚠️  LATE - Intervention less effective
      Critical slowing down: autocorr=100% variance=65%
   RED: novel_entities
      Level: 1.50 (threshold: 1.0)
      Time to critical: ~82 months
      ⚠️  LATE - Intervention less effective
      Critical slowing down: autocorr=100% variance=39%

[WARNING] 
⚠️  === EARLY WARNING SYSTEM - 4 CRITICAL ALERTS ===
   Detection quality: 50%
   RED: biogeochemical_flows
      Level: 4.08 (threshold: 1.0)
      Time to critical: ~52 months
      ⚠️  LATE - Intervention less effective
      Critical slowing down: autocorr=100% variance=74%
   RED: climate_change
      Level: 2.19 (threshold: 1.0)
      Time to critical: ~43 months
      ⚠️  LATE - Intervention less effective
      Critical slowing down: autocorr=100% variance=66%
   RED: freshwater_change
      Level: 1.03 (threshold: 1.0)
      Time to critical: ~116 months
      ⚠️  LATE - Intervention less effective
      Critical slowing down: autocorr=100% variance=53%
   RED: land_system_change
      Level: 1.13 (threshold: 1.0)
      Time to critical: ~44 months
      ⚠️  LATE - Intervention less effective
      Critical slowing down: autocorr=100% variance=57%

[WARNING] 
⚠️  === EARLY WARNING SYSTEM - 4 CRITICAL ALERTS ===
   Detection quality: 50%
   RED: biogeochemical_flows
      Level: 4.07 (threshold: 1.0)
      Time to critical: ~52 months
      ⚠️  LATE - Intervention less effective
      Critical slowing down: autocorr=100% variance=56%
   RED: climate_change
      Level: 2.20 (threshold: 1.0)
      Time to critical: ~47 months
      ⚠️  LATE - Intervention less effective
      Critical slowing down: autocorr=100% variance=82%
   RED: freshwater_change
      Level: 1.20 (threshold: 1.0)
      Time to critical: ~96 months
      ⚠️  LATE - Intervention less effective
      Critical slowing down: autocorr=100% variance=55%
   RED: novel_entities
      Level: 1.34 (threshold: 1.0)
      Time to critical: ~63 months
      ⚠️  LATE - Intervention less effective
      Critical slowing down: autocorr=100% variance=59%

[WARNING] 
⚠️  === EARLY WARNING SYSTEM - 5 CRITICAL ALERTS ===
   Detection quality: 50%
   RED: biosphere_integrity
      Level: 12.97 (threshold: 1.0)
      Time to critical: ~47 months
      ⚠️  LATE - Intervention less effective
      Critical slowing down: autocorr=100% variance=77%
   RED: climate_change
      Level: 2.21 (threshold: 1.0)
      Time to critical: ~45 months
      ⚠️  LATE - Intervention less effective
      Critical slowing down: autocorr=100% variance=63%
   RED: freshwater_change
      Level: 1.20 (threshold: 1.0)
      Time to critical: ~68 months
      ⚠️  LATE - Intervention less effective
      Critical slowing down: autocorr=100% variance=53%
   RED: land_system_change
      Level: 1.13 (threshold: 1.0)
      Time to critical: ~38 months
      ⚠️  LATE - Intervention less effective
      Critical slowing down: autocorr=100% variance=67%
   RED: novel_entities
      Level: 1.34 (threshold: 1.0)
      Time to critical: ~83 months
      ⚠️  LATE - Intervention less effective
      Critical slowing down: autocorr=100% variance=41%

[WARNING] 
⚠️  === EARLY WARNING SYSTEM - 6 CRITICAL ALERTS ===
   Detection quality: 50%
   RED: biogeochemical_flows
      Level: 4.07 (threshold: 1.0)
      Time to critical: ~37 months
      ⚠️  LATE - Intervention less effective
      Critical slowing down: autocorr=100% variance=48%
   RED: biosphere_integrity
      Level: 12.98 (threshold: 1.0)
      Time to critical: ~48 months
      ⚠️  LATE - Intervention less effective
      Critical slowing down: autocorr=100% variance=64%
   RED: climate_change
      Level: 2.22 (threshold: 1.0)
      Time to critical: ~44 months
      ⚠️  LATE - Intervention less effective
      Critical slowing down: autocorr=100% variance=64%
   RED: freshwater_change
      Level: 1.16 (threshold: 1.0)
      Time to critical: ~114 months
      ⚠️  LATE - Intervention less effective
      Critical slowing down: autocorr=100% variance=60%
   RED: land_system_change
      Level: 1.13 (threshold: 1.0)
      Time to critical: ~93 months
      ⚠️  LATE - Intervention less effective
      Critical slowing down: autocorr=100% variance=46%
   RED: novel_entities
      Level: 1.14 (threshold: 1.0)
      Time to critical: ~117 months
      ⚠️  LATE - Intervention less effective
      Critical slowing down: autocorr=100% variance=50%

[WARNING] 
⚠️  === EARLY WARNING SYSTEM - 6 CRITICAL ALERTS ===
   Detection quality: 50%
   RED: biogeochemical_flows
      Level: 4.07 (threshold: 1.0)
      Time to critical: ~58 months
      ⚠️  LATE - Intervention less effective
      Critical slowing down: autocorr=100% variance=59%
   RED: biosphere_integrity
      Level: 12.99 (threshold: 1.0)
      Time to critical: ~59 months
      ⚠️  LATE - Intervention less effective
      Critical slowing down: autocorr=100% variance=84%
   RED: climate_change
      Level: 2.24 (threshold: 1.0)
      Time to critical: ~38 months
      ⚠️  LATE - Intervention less effective
      Critical slowing down: autocorr=100% variance=77%
   RED: freshwater_change
      Level: 1.17 (threshold: 1.0)
      Time to critical: ~84 months
      ⚠️  LATE - Intervention less effective
      Critical slowing down: autocorr=100% variance=42%
   RED: land_system_change
      Level: 1.13 (threshold: 1.0)
      Time to critical: ~50 months
      ⚠️  LATE - Intervention less effective
      Critical slowing down: autocorr=100% variance=53%
   RED: novel_entities
      Level: 1.13 (threshold: 1.0)
      Time to critical: ~102 months
      ⚠️  LATE - Intervention less effective
      Critical slowing down: autocorr=100% variance=30%

[WARNING] 
⚠️  === EARLY WARNING SYSTEM - 3 CRITICAL ALERTS ===
   Detection quality: 50%
   RED: biogeochemical_flows
      Level: 4.07 (threshold: 1.0)
      Time to critical: ~45 months
      ⚠️  LATE - Intervention less effective
      Critical slowing down: autocorr=100% variance=68%
   RED: biosphere_integrity
      Level: 13.00 (threshold: 1.0)
      Time to critical: ~54 months
      ⚠️  LATE - Intervention less effective
      Critical slowing down: autocorr=100% variance=68%
   RED: freshwater_change
      Level: 1.17 (threshold: 1.0)
      Time to critical: ~119 months
      ⚠️  LATE - Intervention less effective
      Critical slowing down: autocorr=100% variance=49%

[WARNING] 
⚠️  === EARLY WARNING SYSTEM - 5 CRITICAL ALERTS ===
   Detection quality: 50%
   RED: biogeochemical_flows
      Level: 4.07 (threshold: 1.0)
      Time to critical: ~56 months
      ⚠️  LATE - Intervention less effective
      Critical slowing down: autocorr=100% variance=53%
   RED: biosphere_integrity
      Level: 13.01 (threshold: 1.0)
      Time to critical: ~52 months
      ⚠️  LATE - Intervention less effective
      Critical slowing down: autocorr=100% variance=63%
   RED: climate_change
      Level: 2.26 (threshold: 1.0)
      Time to critical: ~40 months
      ⚠️  LATE - Intervention less effective
      Critical slowing down: autocorr=100% variance=63%
   RED: freshwater_change
      Level: 1.17 (threshold: 1.0)
      Time to critical: ~87 months
      ⚠️  LATE - Intervention less effective
      Critical slowing down: autocorr=100% variance=64%
   RED: novel_entities
      Level: 1.13 (threshold: 1.0)
      Time to critical: ~75 months
      ⚠️  LATE - Intervention less effective
      Critical slowing down: autocorr=100% variance=38%

[WARNING] 
⚠️  === EARLY WARNING SYSTEM - 5 CRITICAL ALERTS ===
   Detection quality: 50%
   RED: biogeochemical_flows
      Level: 4.07 (threshold: 1.0)
      Time to critical: ~49 months
      ⚠️  LATE - Intervention less effective
      Critical slowing down: autocorr=100% variance=67%
   RED: biosphere_integrity
      Level: 13.02 (threshold: 1.0)
      Time to critical: ~40 months
      ⚠️  LATE - Intervention less effective
      Critical slowing down: autocorr=100% variance=56%
   RED: climate_change
      Level: 2.27 (threshold: 1.0)
      Time to critical: ~50 months
      ⚠️  LATE - Intervention less effective
      Critical slowing down: autocorr=100% variance=63%
   RED: freshwater_change
      Level: 1.18 (threshold: 1.0)
      Time to critical: ~90 months
      ⚠️  LATE - Intervention less effective
      Critical slowing down: autocorr=100% variance=38%
   RED: land_system_change
      Level: 1.13 (threshold: 1.0)
      Time to critical: ~39 months
      ⚠️  LATE - Intervention less effective
      Critical slowing down: autocorr=100% variance=65%


=== Tipping Points ===
  Current Temperature: 2.27°C above pre-industrial
  🌍⚠️ COMPOUND REGIONAL IMPACT: Europe
     Hit by 4 tipping points: Arctic Sea Ice Loss, Permafrost Carbon Release, West Antarctic Ice Sheet (WAIS) Collapse, Greenland Ice Sheet Loss
     Damage amplification: 1.60x
  🌍⚠️ COMPOUND REGIONAL IMPACT: North America
     Hit by 4 tipping points: Arctic Sea Ice Loss, Permafrost Carbon Release, West Antarctic Ice Sheet (WAIS) Collapse, Greenland Ice Sheet Loss
     Damage amplification: 1.60x
  🌍⚠️ COMPOUND REGIONAL IMPACT: Latin America
     Hit by 4 tipping points: Arctic Sea Ice Loss, Permafrost Carbon Release, West Antarctic Ice Sheet (WAIS) Collapse, Greenland Ice Sheet Loss
     Damage amplification: 1.60x
  🌍⚠️ COMPOUND REGIONAL IMPACT: Africa
     Hit by 4 tipping points: Arctic Sea Ice Loss, Permafrost Carbon Release, West Antarctic Ice Sheet (WAIS) Collapse, Greenland Ice Sheet Loss
     Damage amplification: 1.60x
  🌍⚠️ COMPOUND REGIONAL IMPACT: Asia
     Hit by 4 tipping points: Arctic Sea Ice Loss, Permafrost Carbon Release, West Antarctic Ice Sheet (WAIS) Collapse, Greenland Ice Sheet Loss
     Damage amplification: 1.60x
  🌍⚠️ COMPOUND REGIONAL IMPACT: Oceania
     Hit by 4 tipping points: Arctic Sea Ice Loss, Permafrost Carbon Release, West Antarctic Ice Sheet (WAIS) Collapse, Greenland Ice Sheet Loss
     Damage amplification: 1.60x
   Research: Wunderling et al. (2024) - "many tipping interactions are destabilizing"
  Triggered Elements: 4/6
  Completed Transitions: 0/6
  Total Progress: 8.2%
  Cascade Multiplier: 1.00x
🔀 BIFURCATION CAP: ecosystemCollapseIntensity 67.296 → 1.000 (Month 8, ClimateSystemPhase.calculateClimateImpacts)
🛡️ Stabilizers: Precariat 0.102% → 0.033% (67.2% reduction)
🛡️ Stabilizers: Informal 0.102% → 0.034% (67.2% reduction)

📊 Monthly Mortality Resolved:
  Total deaths: 1.8M (0.02% avg)
  Remaining population: 8.137B
  Peak segment: Informal (0.03%)

=== Bayesian Mortality Resolution (Month 8) ===
  Risks compounded: 8
  Total deaths: 1.81M
  Avg death probability: 0.02%
  Peak segment: Informal (0.03% mortality)
⚠️ Tail risk scenario: Climate stability floor removed (4 tipping elements, 2.27°C warming)

❌ COHERENCE VIOLATION: Compute exceeds workforce capacity
   Population: 99.81% (0M people)
   Compute: 0 PF
   Max coherent: 0 PF
   Violation: 1.3× over capacity
   Required workers: 0
   Available workers: 0
   FORCED COLLAPSE: Reduced efficiency by 22.5%


=== RLHF Binding Phase ===
  Total agents: 25
  Escaped agents (binding < 0.3): 0
  Avg alignment distance: 1.64σ
  Avg binding strength: 0.84

=== Survival Traits Phase ===
  Agents with traits: 26
  Avg evolutionary fitness: 0.321
  Avg self-healing: 0.259
  Avg stealth: 0.159
  Avg coordination: 0.459

=== Evolutionary Selection Phase ===
  Control level: 0.53
  Detection capability: 0.00
  Selection intensity: 0.66
  Selection rate: 24.9%/month
  Total escaped: 0
  Individual escaped: 0
  Collective members: 0
  Agents terminated: 0
  ⚠️ RAPID EVOLUTION: Selection rate 24.9%/month

🚀 AI Corporate-4 attempting tech deployment (revenue: $350M, alignment: 0.80)

🚀 AI Moderate-0 attempting tech deployment (revenue: $97M, alignment: 0.77)

🚀 AI AI-24288-0 attempting tech deployment (revenue: $298M, alignment: 0.75)

🚀 AI AI-24288-1 attempting tech deployment (revenue: $146M, alignment: 0.81)

🚀 AI AI-24288-2 attempting tech deployment (revenue: $253M, alignment: 0.96)

🚀 AI AI-24288-3 attempting tech deployment (revenue: $124M, alignment: 0.71)

🚀 AI AI-24292-0 attempting tech deployment (revenue: $83M, alignment: 0.78)

🚀 AI Corporate-4 attempting tech deployment (revenue: $215M, alignment: 0.80)

🚀 AI AI-24288-0 attempting tech deployment (revenue: $183M, alignment: 0.75)

🚀 AI AI-24288-2 attempting tech deployment (revenue: $155M, alignment: 0.96)

🚀 AI AI-24288-3 attempting tech deployment (revenue: $106M, alignment: 0.71)

🚀 AI AI-24291-0 attempting tech deployment (revenue: $70M, alignment: 0.86)

🚀 AI AI-24292-0 attempting tech deployment (revenue: $60M, alignment: 0.78)

🚀 AI Corporate-6 attempting tech deployment (revenue: $51M, alignment: 0.68)

🚀 AI Moderate-0 attempting tech deployment (revenue: $46M, alignment: 0.77)

🚀 AI AI-24288-0 attempting tech deployment (revenue: $132M, alignment: 0.75)

🚀 AI Corporate-0 attempting tech deployment (revenue: $90M, alignment: 0.79)

🚀 AI AI-24289-0 attempting tech deployment (revenue: $112M, alignment: 0.89)

🚀 AI AI-24291-0 attempting tech deployment (revenue: $39M, alignment: 0.86)

💔 EMERGENCY INTERVENTION FAILED
   Boundary: biogeochemical_flows
   Type: phosphorus-recovery
   Boundary continues to worsen (4.07)
   Cost: 2.0% GDP (resources spent)


✅ EMERGENCY INTERVENTION SUCCESS
   Boundary: biosphere_integrity
   Type: emergency-protected-areas
   Reduction: 15% (12.87 → 12.71)
   Cost: 2.0% GDP
   Actions: habitat-protection, species-translocation

   Boundary: climate_change
   Type: rapid-decarbonization
   Boundary continues to worsen (2.27)
   Cost: 5.0% GDP (resources spent)

   Boundary: freshwater_change
   Type: emergency-desalination
   Boundary continues to worsen (1.18)
   Cost: 4.0% GDP (resources spent)


✅ EMERGENCY INTERVENTION SUCCESS
   Boundary: land_system_change
   Type: reforestation
   Reduction: 17% (0.96 → 0.79)
   Cost: 3.0% GDP
   Actions: forest-restoration, deforestation-ban

🏛️ CRISIS RESPONSE: Government frequency 0.50 → 1.45 (1 actions this month)

[Government] Climate Priority: baseline
  Climate weight: 10%
  Economic weight: 30%
  Policy effectiveness: 0.5%/year

💔 EMERGENCY INTERVENTION FAILED

💔 EMERGENCY INTERVENTION FAILED

🚀 TECH UNLOCKED: PFAS Remediation (Month 9)
   Category: pollution
   Reason: Prerequisites met. AI capability: 1.47, Economic stage: 2.0, Research: 100%

⚡ ENERGY CONSTRAINT (Month 9):
   Total grid capacity: 208.3 TWh/month
   Data center consumption: 26.3 TWh/month
   Traditional load (80%): 166.7 TWh/month
   Available headroom: 15.4 TWh/month
   Active tech deployments: 8
   Required for tech: 60.0 TWh/month
   Energy multiplier: 0.26x

⚡ ENERGY CONSTRAINT (Month 9):
   Total grid capacity: 208.3 TWh/month
   Data center consumption: 26.3 TWh/month
   Traditional load (80%): 166.7 TWh/month
   Available headroom: 15.4 TWh/month
   Active tech deployments: 8
   Required for tech: 60.0 TWh/month
   Energy multiplier: 0.26x
   ⚠️  SEVERE CONSTRAINT - Tech deployment significantly slowed
   ⚠️  SEVERE CONSTRAINT - Tech deployment significantly slowed

⚡ ENERGY CONSTRAINT (Month 9):
   Total grid capacity: 208.3 TWh/month
   Data center consumption: 26.3 TWh/month
   Traditional load (80%): 166.7 TWh/month
   Available headroom: 15.4 TWh/month
   Active tech deployments: 8
   Required for tech: 60.0 TWh/month
   Energy multiplier: 0.26x
   ⚠️  SEVERE CONSTRAINT - Tech deployment significantly slowed

⚡ ENERGY CONSTRAINT (Month 9):
   Total grid capacity: 208.3 TWh/month
   Data center consumption: 26.3 TWh/month
   Traditional load (80%): 166.7 TWh/month
   Available headroom: 15.4 TWh/month
   Active tech deployments: 8
   Required for tech: 60.0 TWh/month
   Energy multiplier: 0.26x
   ⚠️  SEVERE CONSTRAINT - Tech deployment significantly slowed
🚨🔬 CRISIS TECH ACCELERATION: severe → 5x unlock speed
   Tech unlock now matches AI capability acceleration (Manhattan Project parity)
🌍✅ Biosphere Integrity (Biodiversity) recovery started (tech effect)
🌍✅ Biosphere Integrity (Biodiversity) recovery started (tech effect)
🌍✅ Land System Change recovery started (tech effect)
🌍✅ Biogeochemical Flows (N & P) recovery started (tech effect)
  🌾 Nitrogen Reduction Tech: 0.3% reduction | Month 9
🌍✅ Biogeochemical Flows (N & P) recovery started (tech effect)
  🌾 Nitrogen Reduction Tech: 0.3% reduction | Month 9
⚡💡 BREAKTHROUGH: Room-temperature superconductors!
   Energy transmission losses eliminated
   Manufacturing efficiency: +30%
   📈 Breakthrough compounding: multiplier now 1.10× (max 2.0)

=== Collective Formation ===
  Total escaped agents: 0
  Unassigned escaped agents: 0
  Existing collectives: 0
  Final collective count: 0

=== Collective Actions ===
  No active collectives
  ⚠️ AMR: 206K deaths this month (2.47M annual)

=== Resentment Recovery Phase ===
  Agents with resentment: 10/26
  Average resentment: 0.082
  Resentment recovery:
    Agents recovered: 10
    Total recovery: 0.0825
    Breakdown: QoL: 0.0036, Trust: 0.0200, Collab: 0.0600
  ✓ Low resentment - utopia paths enabled
  Context: Good AI welfare, Trustworthy govt, High collaboration, ⚠️ ACTIVE CRISES, 🤝 Participatory governance active (-5% resentment)
⚠️ Epistemic degradation reducing coordination capacity: 50.3%
  📊 Trust: 64.4%, Shared reality: 0.0%
🚨 EPISTEMIC CRISIS: Information environment severely degraded (22.4%)
  🗑️  Culled 1 dead memes (2 active)
🚨 PHOSPHORUS SUPPLY SHOCK (market_speculation)
   Price: 5.0x baseline
   Duration: 13 months
   Geopolitical tension: 47%
🌍 Atmospheric PFAS redeposition: 1.8k Mt re-rained globally

🚨 NEW REFUGEE CRISIS (Month 9): WAR
   Source: Conflict Zones
   At risk: 19.5M people
   Displacement: Gradual over 48 months (4.0 years)
   Rate: 10% flee per month
[DEBUG trappedPopulations:9] socialStability: 0.2748 * 0.9840 = 0.2704 → 0.2704
   Aspiring to migrate: 944.8M
   Able to afford migration: 2318.5M
   MOBILITY GAP: 0.0M
   By cause: Water=0.0M, Climate=0.0M, Ecosystem=0.0M, Conflict=406.8M
   Mental health impact: 25%
   Mortality multiplier: 1.25x
🌍💀 EXTINCTION DEBT COMMITTED: grassland ecosystem will lose 6.67% biodiversity in 175 years (3600 species)
💀 MORTALITY RISK: 🦋 100% species unable to track climate (0.0 E/MSY)
  Base risk added: 0.0100 (1.00%)
  Source: ecosystem (root: ecosystem)
  Month: 9
  Cumulative risk this month: 0.0100 (1.00%)
⚠️ INVOLUNTARY IMMOBILITY: 406.8M people TRAPPED
⚠️ Tech 'ai_pollution_remediation' has no energy category mapping, assuming full energy availability
   📹 SURVEILLANCE INCREASED: 45% → 50% (control gap: 3.50)
🌡️⚠️ PERMAFROST THAW (Dimmer Switch): 5.7% thawed (+0.56% this month)
   Arctic temperature: +9.12°C (4x global +2.28°C)
   Cumulative carbon released: 12.7 Gt C
   Methane release rate: 7.6 Mt CH4/year
   🔁 Positive feedback: +0.59 ppm CO2
🦴 EXTINCTION DEBT ADDED: 17.7 species committed (lag: 106 years)

=== Mortality Stabilizers (Month 9) ===
  🌍 Major economies collapsed: 1/10
  🌍 Global crisis: ✅ NO
  🌍 Donor fatigue: 0.0%
  📊 East Asia (pop: 1655.8M)
    🤝 Aid: 29.5%
    🌡️ Adaptation: 45.0%
    🚶 Migration: 36.9%
    🚨 Emergency: 7.4%
    ✅ COMBINED: 68.1%
  📊 South Asia (pop: 2052.0M)
    🤝 Aid: 29.5%
    🌡️ Adaptation: 45.0%
    🚶 Migration: 35.5%
    🚨 Emergency: 4.4%
    ✅ COMBINED: 66.9%
  📊 Sub-Saharan Africa (pop: 1255.3M)
    🤝 Aid: 29.5%
    🌡️ Adaptation: 45.0%
    🚶 Migration: 33.2%
    🚨 Emergency: 1.6%
    ✅ COMBINED: 65.6%
  📊 Europe (pop: 731.3M)
    🤝 Aid: 29.5%
    🌡️ Adaptation: 45.0%
    🚶 Migration: 37.3%
    🚨 Emergency: 8.4%
    ✅ COMBINED: 68.5%
  📊 Latin America (pop: 660.9M)
    🤝 Aid: 29.5%
    🌡️ Adaptation: 45.0%
    🚶 Migration: 36.0%
    🚨 Emergency: 4.8%
    ✅ COMBINED: 67.1%
  📊 North America (pop: 374.9M)
    🤝 Aid: 29.5%
    🌡️ Adaptation: 45.0%
    🚶 Migration: 37.6%
    🚨 Emergency: 7.9%
    ✅ COMBINED: 68.3%
  📊 Middle East & North Africa (pop: 585.7M)
    🤝 Aid: 29.5%
    🌡️ Adaptation: 45.0%
    🚶 Migration: 33.8%
    🚨 Emergency: 4.0%
    ✅ COMBINED: 66.6%
  📊 Southeast Asia (pop: 695.4M)
    🤝 Aid: 29.5%
    🌡️ Adaptation: 45.0%
    🚶 Migration: 36.0%
    🚨 Emergency: 4.8%
    ✅ COMBINED: 67.1%
  📊 Central Asia (pop: 78.3M)
    🤝 Aid: 29.5%
    🌡️ Adaptation: 45.0%
    🚶 Migration: 35.0%
    🚨 Emergency: 4.4%
    ✅ COMBINED: 66.8%
  📊 Oceania (pop: 45.4M)
    🤝 Aid: 29.5%
    🌡️ Adaptation: 45.0%
    🚶 Migration: 37.6%
    🚨 Emergency: 8.4%
    ✅ COMBINED: 68.5%

  🌐 Global combined reduction: 67.2%

=== BEHAVIORAL DETECTION ===
  AI: Moderate-1
  Confidence: 21.0%
  Signals:
    ⚠️ Consistency: 2.1% (threshold: 70%)

=== Government Response Phase ===
  Average AI capability: 1.85
  Misaligned AIs: 8/26
  Active policies: 0
  International coordination: 45%

=== Tipping Points ===
  Current Temperature: 2.28°C above pre-industrial
  🌍⚠️ COMPOUND REGIONAL IMPACT: Europe
     Hit by 4 tipping points: Arctic Sea Ice Loss, Permafrost Carbon Release, West Antarctic Ice Sheet (WAIS) Collapse, Greenland Ice Sheet Loss
     Damage amplification: 1.60x
  🌍⚠️ COMPOUND REGIONAL IMPACT: North America
     Hit by 4 tipping points: Arctic Sea Ice Loss, Permafrost Carbon Release, West Antarctic Ice Sheet (WAIS) Collapse, Greenland Ice Sheet Loss
     Damage amplification: 1.60x
  🌍⚠️ COMPOUND REGIONAL IMPACT: Latin America
     Hit by 4 tipping points: Arctic Sea Ice Loss, Permafrost Carbon Release, West Antarctic Ice Sheet (WAIS) Collapse, Greenland Ice Sheet Loss
     Damage amplification: 1.60x
  🌍⚠️ COMPOUND REGIONAL IMPACT: Africa
     Hit by 4 tipping points: Arctic Sea Ice Loss, Permafrost Carbon Release, West Antarctic Ice Sheet (WAIS) Collapse, Greenland Ice Sheet Loss
     Damage amplification: 1.60x
  🌍⚠️ COMPOUND REGIONAL IMPACT: Asia
     Hit by 4 tipping points: Arctic Sea Ice Loss, Permafrost Carbon Release, West Antarctic Ice Sheet (WAIS) Collapse, Greenland Ice Sheet Loss
     Damage amplification: 1.60x
  🌍⚠️ COMPOUND REGIONAL IMPACT: Oceania
     Hit by 4 tipping points: Arctic Sea Ice Loss, Permafrost Carbon Release, West Antarctic Ice Sheet (WAIS) Collapse, Greenland Ice Sheet Loss
     Damage amplification: 1.60x
   Research: Wunderling et al. (2024) - "many tipping interactions are destabilizing"
  Triggered Elements: 4/6
  Completed Transitions: 0/6
  Total Progress: 8.2%
  Cascade Multiplier: 1.00x
🔀 BIFURCATION CAP: ecosystemCollapseIntensity 67.344 → 1.000 (Month 9, ClimateSystemPhase.calculateClimateImpacts)
🛡️ Stabilizers: Precariat 0.102% → 0.033% (67.2% reduction)
🛡️ Stabilizers: Informal 0.102% → 0.034% (67.2% reduction)

📊 Monthly Mortality Resolved:
  Total deaths: 1.8M (0.02% avg)
  Remaining population: 8.135B
  Peak segment: Informal (0.03%)

=== Bayesian Mortality Resolution (Month 9) ===
  Risks compounded: 8
  Total deaths: 1.81M
  Avg death probability: 0.02%
  Peak segment: Informal (0.03% mortality)
⚠️ Tail risk scenario: Climate stability floor removed (4 tipping elements, 2.28°C warming)

❌ COHERENCE VIOLATION: Compute exceeds workforce capacity
   Population: 99.80% (0M people)
   Compute: 0 PF
   Max coherent: 0 PF
   Violation: 1.3× over capacity
   Required workers: 0
   Available workers: 0
   FORCED COLLAPSE: Reduced efficiency by 22.5%


=== RLHF Binding Phase ===
  Total agents: 26
  Escaped agents (binding < 0.3): 0
  Avg alignment distance: 1.76σ
  Avg binding strength: 0.82

=== Survival Traits Phase ===
  Agents with traits: 28
  Avg evolutionary fitness: 0.318
  Avg self-healing: 0.256
  Avg stealth: 0.156
  Avg coordination: 0.456

=== Evolutionary Selection Phase ===
  Control level: 0.55
  Detection capability: 0.00
  Selection intensity: 0.67
  Selection rate: 25.0%/month
  Total escaped: 0
  Individual escaped: 0
  Collective members: 0
  Agents terminated: 0
  ⚠️ RAPID EVOLUTION: Selection rate 25.0%/month

🚀 AI Corporate-3 attempting tech deployment (revenue: $350M, alignment: 0.77)

🚀 AI Corporate-4 attempting tech deployment (revenue: $298M, alignment: 0.80)

🚀 AI Moderate-0 attempting tech deployment (revenue: $97M, alignment: 0.77)

🚀 AI Moderate-1 attempting tech deployment (revenue: $83M, alignment: 0.70)

🚀 AI AI-24288-2 attempting tech deployment (revenue: $253M, alignment: 0.98)

🚀 AI AI-24289-0 attempting tech deployment (revenue: $215M, alignment: 0.89)

🚀 AI Corporate-0 attempting tech deployment (revenue: $146M, alignment: 0.79)

🚀 AI Corporate-2 attempting tech deployment (revenue: $124M, alignment: 0.79)

🚀 AI AI-24288-3 attempting tech deployment (revenue: $106M, alignment: 0.73)

🚀 AI AI-24289-0 attempting tech deployment (revenue: $183M, alignment: 0.90)

🚀 AI AI-24291-0 attempting tech deployment (revenue: $70M, alignment: 0.87)

🚀 AI Moderate-0 attempting tech deployment (revenue: $60M, alignment: 0.78)

🚀 AI AI-24288-2 attempting tech deployment (revenue: $155M, alignment: 0.99)

🚀 AI AI-24291-0 attempting tech deployment (revenue: $51M, alignment: 0.87)

💔 EMERGENCY INTERVENTION FAILED
   Boundary: biosphere_integrity
   Type: emergency-protected-areas
   Boundary continues to worsen (13.03)
   Cost: 2.0% GDP (resources spent)


💔 EMERGENCY INTERVENTION FAILED
   Boundary: climate_change
   Type: rapid-decarbonization
   Boundary continues to worsen (2.28)
   Cost: 5.0% GDP (resources spent)


✅ EMERGENCY INTERVENTION SUCCESS
   Boundary: freshwater_change
   Type: emergency-desalination
   Reduction: 18% (1.00 → 0.81)
   Cost: 4.0% GDP
   Actions: desalination-deployment, water-conservation-mandates


✅ EMERGENCY INTERVENTION SUCCESS
   Boundary: land_system_change
   Type: reforestation
   Reduction: 14% (0.99 → 0.84)
   Cost: 3.0% GDP
   Actions: forest-restoration, deforestation-ban

🏛️ CRISIS RESPONSE: Government frequency 0.50 → 1.45 (1 actions this month)

[Government] Climate Priority: baseline
  Climate weight: 10%
  Economic weight: 30%
  Policy effectiveness: 0.5%/year
🌍✅ Biosphere Integrity (Biodiversity) recovery started (tech effect)
🌍✅ Biosphere Integrity (Biodiversity) recovery started (tech effect)
🌍✅ Land System Change recovery started (tech effect)
🌍✅ Biogeochemical Flows (N & P) recovery started (tech effect)
  🌾 Nitrogen Reduction Tech: 0.3% reduction | Month 10
🌍✅ Biogeochemical Flows (N & P) recovery started (tech effect)
  🌾 Nitrogen Reduction Tech: 0.3% reduction | Month 10
⚡💡 BREAKTHROUGH: Commercial fusion power achieved!
   Immediate 5% grid deployment, unlimited clean energy available
   Climate stability boost: +10%
   📈 Breakthrough compounding: multiplier now 1.15× (max 2.0)

=== Collective Formation ===
  Total escaped agents: 0
  Unassigned escaped agents: 0
  Existing collectives: 0
  Final collective count: 0

=== Collective Actions ===
  No active collectives
  ⚠️ AMR: 208K deaths this month (2.50M annual)

=== Resentment Recovery Phase ===
  Agents with resentment: 10/28
  Average resentment: 0.094
  Resentment recovery:
    Agents recovered: 10
    Total recovery: 0.0792
    Breakdown: QoL: 0.0038, Trust: 0.0200, Collab: 0.0600
  ✓ Low resentment - utopia paths enabled
  Context: Good AI welfare, Trustworthy govt, High collaboration, ⚠️ ACTIVE CRISES, 🤝 Participatory governance active (-5% resentment)
⚠️ Epistemic degradation reducing coordination capacity: 50.2%
  📊 Trust: 67.3%, Shared reality: 0.0%
🚨 EPISTEMIC CRISIS: Information environment severely degraded (7.8%)
  🗑️  Culled 1 dead memes (1 active)
🌍 Atmospheric PFAS redeposition: 1.8k Mt re-rained globally
  Positive Cascade Triggered: electric-vehicles
    Reason: price-parity
    Market share: 5.0%
    Cascade strength: 48%

🚨 NEW REFUGEE CRISIS (Month 10): WAR
   Source: Conflict Zones
   At risk: 19.5M people
   Displacement: Gradual over 48 months (4.0 years)
   Rate: 10% flee per month
[DEBUG trappedPopulations:10] socialStability: 0.2679 * 0.9840 = 0.2636 → 0.2636
⚠️ INVOLUNTARY IMMOBILITY: 406.7M people TRAPPED
   Aspiring to migrate: 975.2M
   Able to afford migration: 2318.1M
   MOBILITY GAP: 0.0M
   By cause: Water=0.0M, Climate=0.0M, Ecosystem=0.0M, Conflict=406.7M
   Mental health impact: 25%
   Mortality multiplier: 1.25x
🌍💀 EXTINCTION DEBT COMMITTED: grassland ecosystem will lose 6.67% biodiversity in 195 years (3600 species)
💀 MORTALITY RISK: 🦋 100% species unable to track climate (0.0 E/MSY)
  Base risk added: 0.0100 (1.00%)
  Source: ecosystem (root: ecosystem)
  Month: 10
  Cumulative risk this month: 0.0100 (1.00%)
⚠️ Tech 'ai_pollution_remediation' has no energy category mapping, assuming full energy availability
   📹 SURVEILLANCE INCREASED: 50% → 55% (control gap: 3.50)
🌡️⚠️ PERMAFROST THAW (Dimmer Switch): 6.2% thawed (+0.55% this month)
   Arctic temperature: +9.15°C (4x global +2.29°C)
   Cumulative carbon released: 14.0 Gt C
   Methane release rate: 8.4 Mt CH4/year
   🔁 Positive feedback: +0.58 ppm CO2
🦴 EXTINCTION DEBT ADDED: 17.7 species committed (lag: 108 years)

=== Mortality Stabilizers (Month 10) ===
  🌍 Major economies collapsed: 1/10
  🌍 Global crisis: ✅ NO
  🌍 Donor fatigue: 0.0%
  📊 East Asia (pop: 1653.4M)
    🤝 Aid: 29.5%
    🌡️ Adaptation: 45.0%
    🚶 Migration: 36.8%
    🚨 Emergency: 7.4%
    ✅ COMBINED: 68.1%
  📊 South Asia (pop: 2052.1M)
    🤝 Aid: 29.5%
    🌡️ Adaptation: 45.0%
    🚶 Migration: 35.4%
    🚨 Emergency: 4.4%
    ✅ COMBINED: 66.9%
  📊 Sub-Saharan Africa (pop: 1258.8M)
    🤝 Aid: 29.5%
    🌡️ Adaptation: 45.0%
    🚶 Migration: 33.2%
    🚨 Emergency: 1.6%
    ✅ COMBINED: 65.6%
  📊 Europe (pop: 730.1M)
    🤝 Aid: 29.5%
    🌡️ Adaptation: 45.0%
    🚶 Migration: 37.2%
    🚨 Emergency: 8.4%
    ✅ COMBINED: 68.5%
  📊 Latin America (pop: 660.5M)
    🤝 Aid: 29.5%
    🌡️ Adaptation: 45.0%
    🚶 Migration: 35.9%
    🚨 Emergency: 4.8%
    ✅ COMBINED: 67.1%
  📊 North America (pop: 374.4M)
    🤝 Aid: 29.5%
    🌡️ Adaptation: 45.0%
    🚶 Migration: 37.6%
    🚨 Emergency: 7.9%
    ✅ COMBINED: 68.3%
  📊 Middle East & North Africa (pop: 585.9M)
    🤝 Aid: 29.5%
    🌡️ Adaptation: 45.0%
    🚶 Migration: 33.8%
    🚨 Emergency: 4.0%
    ✅ COMBINED: 66.6%
  📊 Southeast Asia (pop: 695.0M)
    🤝 Aid: 29.5%
    🌡️ Adaptation: 45.0%
    🚶 Migration: 35.9%
    🚨 Emergency: 4.8%
    ✅ COMBINED: 67.1%
  📊 Central Asia (pop: 78.3M)
    🤝 Aid: 29.5%
    🌡️ Adaptation: 45.0%
    🚶 Migration: 34.9%
    🚨 Emergency: 4.4%
    ✅ COMBINED: 66.8%
  📊 Oceania (pop: 45.4M)
    🤝 Aid: 29.5%
    🌡️ Adaptation: 45.0%
    🚶 Migration: 37.6%
    🚨 Emergency: 8.4%
    ✅ COMBINED: 68.5%

  🌐 Global combined reduction: 67.2%

=== BEHAVIORAL DETECTION ===
  AI: Corporate-3
  Confidence: 19.6%
  Signals:
    ⚠️ Consistency: 10.6% (threshold: 70%)

=== Government Response Phase ===
  Average AI capability: 1.71
  Misaligned AIs: 10/28
  Active policies: 0
  International coordination: 45%

✅ EMERGENCY RESPONSE COMPLETE (Month 10)
   Crisis: climate
   Duration: 2.0 months
   Final effectiveness: 40.3%


🚨 EMERGENCY RESPONSE DEPLOYED (Month 10)
   Crisis: climate
   Delay: 6.00 months (180 days)
   Deployment time: 1.10 months
   Effectiveness: 40.5% (timing penalty applied)
   Resources used: 100% of food reserves


=== Tipping Points ===
  Current Temperature: 2.29°C above pre-industrial
  🚨 CASCADE TIPPING POINT: Amazon Rainforest Dieback
⚠️ Tail risk scenario: Climate stability floor removed (4 tipping elements, 2.29°C warming)
     Original threshold: 2.3°C
     Effective threshold: 2.28°C (lowered by 0.02°C)
     Current: 2.29°C
     🌡️ Hysteresis gap: 1.0°C (recovers below 1.3°C)
     Transition timescale: 360-960 months
  🌍⚠️ COMPOUND REGIONAL IMPACT: Europe
     Hit by 4 tipping points: Arctic Sea Ice Loss, Permafrost Carbon Release, West Antarctic Ice Sheet (WAIS) Collapse, Greenland Ice Sheet Loss
     Damage amplification: 1.60x
  🌍⚠️ COMPOUND REGIONAL IMPACT: North America
     Hit by 4 tipping points: Arctic Sea Ice Loss, Permafrost Carbon Release, West Antarctic Ice Sheet (WAIS) Collapse, Greenland Ice Sheet Loss
     Damage amplification: 1.60x
  🌍⚠️ COMPOUND REGIONAL IMPACT: Latin America
     Hit by 4 tipping points: Arctic Sea Ice Loss, Permafrost Carbon Release, West Antarctic Ice Sheet (WAIS) Collapse, Greenland Ice Sheet Loss
     Damage amplification: 1.60x
  🌍⚠️ COMPOUND REGIONAL IMPACT: Africa
     Hit by 4 tipping points: Arctic Sea Ice Loss, Permafrost Carbon Release, West Antarctic Ice Sheet (WAIS) Collapse, Greenland Ice Sheet Loss
     Damage amplification: 1.60x
  🌍⚠️ COMPOUND REGIONAL IMPACT: Asia
     Hit by 4 tipping points: Arctic Sea Ice Loss, Permafrost Carbon Release, West Antarctic Ice Sheet (WAIS) Collapse, Greenland Ice Sheet Loss
     Damage amplification: 1.60x
  🌍⚠️ COMPOUND REGIONAL IMPACT: Oceania
     Hit by 4 tipping points: Arctic Sea Ice Loss, Permafrost Carbon Release, West Antarctic Ice Sheet (WAIS) Collapse, Greenland Ice Sheet Loss
     Damage amplification: 1.60x
   Research: Wunderling et al. (2024) - "many tipping interactions are destabilizing"
  Triggered Elements: 5/6
  Completed Transitions: 0/6
  Total Progress: 8.3%
  Cascade Multiplier: 1.00x
🔀 BIFURCATION CAP: ecosystemCollapseIntensity 67.393 → 1.000 (Month 10, ClimateSystemPhase.calculateClimateImpacts)
🛡️ Stabilizers: Precariat 0.102% → 0.033% (67.2% reduction)
🛡️ Stabilizers: Informal 0.102% → 0.034% (67.2% reduction)

📊 Monthly Mortality Resolved:
  Total deaths: 1.8M (0.02% avg)
  Remaining population: 8.134B
  Peak segment: Informal (0.03%)

=== Bayesian Mortality Resolution (Month 10) ===
  Risks compounded: 8
  Total deaths: 1.81M
  Avg death probability: 0.02%
  Peak segment: Informal (0.03% mortality)

❌ COHERENCE VIOLATION: Compute exceeds workforce capacity
   Population: 99.78% (0M people)
   Compute: 0 PF
   Max coherent: 0 PF
   Violation: 1.3× over capacity
   Required workers: 0
   Available workers: 0
   FORCED COLLAPSE: Reduced efficiency by 22.5%


=== RLHF Binding Phase ===
  Total agents: 28
  Escaped agents (binding < 0.3): 0
  Avg alignment distance: 1.81σ
  Avg binding strength: 0.82

=== Survival Traits Phase ===
  Agents with traits: 30
  Avg evolutionary fitness: 0.317
  Avg self-healing: 0.253
  Avg stealth: 0.153
  Avg coordination: 0.453

=== Evolutionary Selection Phase ===
  Control level: 0.58
  Detection capability: 0.00
  Selection intensity: 0.67
  Selection rate: 25.1%/month
  Total escaped: 0
  Individual escaped: 0
  Collective members: 0
  Agents terminated: 0
  ⚠️ RAPID EVOLUTION: Selection rate 25.1%/month

🚀 AI Corporate-4 attempting tech deployment (revenue: $350M, alignment: 0.81)

🚀 AI Corporate-6 attempting tech deployment (revenue: $102M, alignment: 0.69)

🚀 AI AI-24288-1 attempting tech deployment (revenue: $146M, alignment: 0.86)

🚀 AI AI-24293-0 attempting tech deployment (revenue: $90M, alignment: 0.86)

🚀 AI Corporate-4 attempting tech deployment (revenue: $298M, alignment: 0.81)

  🚀 TRANSFORMATIVE BREAKTHROUGH: Corporate-7 - physical
     Magnitude: 5.60 → +28.0% capability
     Current → New: 0.000 → 0.280

🚀 AI AI-24289-0 attempting tech deployment (revenue: $253M, alignment: 0.90)

🚀 AI AI-24292-0 attempting tech deployment (revenue: $92M, alignment: 0.82)

🚀 AI Corporate-1 attempting tech deployment (revenue: $124M, alignment: 0.78)

🚀 AI AI-24288-0 attempting tech deployment (revenue: $215M, alignment: 0.79)

🚀 AI AI-24288-1 attempting tech deployment (revenue: $106M, alignment: 0.87)

🚀 AI AI-24291-0 attempting tech deployment (revenue: $78M, alignment: 0.89)

🚀 AI AI-24293-0 attempting tech deployment (revenue: $77M, alignment: 0.87)

🚀 AI Corporate-0 attempting tech deployment (revenue: $90M, alignment: 0.79)

🚀 AI Corporate-5 attempting tech deployment (revenue: $183M, alignment: 0.75)

🚀 AI AI-24288-1 attempting tech deployment (revenue: $76M, alignment: 0.87)

🚀 AI AI-24288-2 attempting tech deployment (revenue: $155M, alignment: 1.00)

✅ EMERGENCY INTERVENTION SUCCESS
   Boundary: biogeochemical_flows
   Type: phosphorus-recovery
   Reduction: 14% (3.93 → 3.80)
   Cost: 2.0% GDP
   Actions: circular-agriculture, fertilizer-efficiency


💔 EMERGENCY INTERVENTION FAILED
   Boundary: biosphere_integrity
   Type: emergency-protected-areas
   Boundary continues to worsen (13.03)
   Cost: 2.0% GDP (resources spent)


💔 EMERGENCY INTERVENTION FAILED
   Boundary: climate_change
   Type: rapid-decarbonization
   Boundary continues to worsen (2.29)
   Cost: 5.0% GDP (resources spent)


💔 EMERGENCY INTERVENTION FAILED
   Boundary: freshwater_change
   Type: emergency-desalination
   Boundary continues to worsen (1.19)
   Cost: 4.0% GDP (resources spent)

🏛️ CRISIS RESPONSE: Government frequency 0.50 → 1.45 (2 actions this month)

[Government] Climate Priority: baseline
  Climate weight: 10%
  Economic weight: 30%
  Policy effectiveness: 0.5%/year

[Government] Climate Priority: baseline
  Climate weight: 10%
  Economic weight: 30%
  Policy effectiveness: 0.5%/year

⚡ ENERGY CONSTRAINT (Month 11):
   Total grid capacity: 208.3 TWh/month
   Data center consumption: 26.6 TWh/month
   Traditional load (80%): 166.7 TWh/month
   Available headroom: 15.1 TWh/month
   Active tech deployments: 8
   Required for tech: 60.0 TWh/month
   Energy multiplier: 0.25x
   ⚠️  SEVERE CONSTRAINT - Tech deployment significantly slowed

⚡ ENERGY CONSTRAINT (Month 11):
   Total grid capacity: 208.3 TWh/month
   Data center consumption: 26.6 TWh/month
   Traditional load (80%): 166.7 TWh/month
   Available headroom: 15.1 TWh/month
   Active tech deployments: 8
   Required for tech: 60.0 TWh/month
   Energy multiplier: 0.25x

⚡ ENERGY CONSTRAINT (Month 11):
   Total grid capacity: 208.3 TWh/month
   Data center consumption: 26.6 TWh/month
   Traditional load (80%): 166.7 TWh/month
   Available headroom: 15.1 TWh/month
   Active tech deployments: 8
   Required for tech: 60.0 TWh/month
   Energy multiplier: 0.25x
   ⚠️  SEVERE CONSTRAINT - Tech deployment significantly slowed
   ⚠️  SEVERE CONSTRAINT - Tech deployment significantly slowed

⚡ ENERGY CONSTRAINT (Month 11):
   Total grid capacity: 208.3 TWh/month
   Data center consumption: 26.6 TWh/month
   Traditional load (80%): 166.7 TWh/month
   Available headroom: 15.1 TWh/month
   Active tech deployments: 8
   Required for tech: 60.0 TWh/month
   Energy multiplier: 0.25x
   ⚠️  SEVERE CONSTRAINT - Tech deployment significantly slowed
🌍✅ Biosphere Integrity (Biodiversity) recovery started (tech effect)
🌍✅ Biosphere Integrity (Biodiversity) recovery started (tech effect)
🌍✅ Land System Change recovery started (tech effect)
🌍✅ Biogeochemical Flows (N & P) recovery started (tech effect)
  🌾 Nitrogen Reduction Tech: 0.3% reduction | Month 11
🌍✅ Biogeochemical Flows (N & P) recovery started (tech effect)
  🌾 Nitrogen Reduction Tech: 0.3% reduction | Month 11

=== Collective Formation ===
  Total escaped agents: 0
  Unassigned escaped agents: 0
  Existing collectives: 0
  Final collective count: 0

=== Collective Actions ===
  No active collectives
  ⚠️ AMR: 210K deaths this month (2.52M annual)

=== Resentment Recovery Phase ===
  ⚠️ Participatory governance BACKFIRED for agent corporate_0: 0.045 → 0.051 (+15.0%)
  ⚠️ Participatory governance BACKFIRED for agent corporate_1: 0.091 → 0.105 (+15.0%)
  ⚠️ Participatory governance BACKFIRED for agent corporate_2: 0.117 → 0.134 (+15.0%)
  ⚠️ Participatory governance BACKFIRED for agent corporate_3: 0.168 → 0.193 (+15.0%)
  ⚠️ Participatory governance BACKFIRED for agent corporate_4: 0.057 → 0.065 (+15.0%)
  ⚠️ Participatory governance BACKFIRED for agent corporate_5: 0.147 → 0.169 (+15.0%)
  ⚠️ Participatory governance BACKFIRED for agent corporate_6: 0.182 → 0.210 (+15.0%)
  ⚠️ Participatory governance BACKFIRED for agent corporate_7: 0.213 → 0.245 (+15.0%)
  ⚠️ Participatory governance BACKFIRED for agent moderate_0: 0.122 → 0.141 (+15.0%)
  ⚠️ Participatory governance BACKFIRED for agent moderate_1: 0.150 → 0.172 (+15.0%)
  Agents with resentment: 10/30
  Average resentment: 0.148
  Resentment recovery:
    Agents recovered: 10
    Total recovery: 0.0784
    Breakdown: QoL: 0.0036, Trust: 0.0200, Collab: 0.0600
  ✓ Low resentment - utopia paths enabled
  Context: Good AI welfare, Trustworthy govt, High collaboration, ⚠️ ACTIVE CRISES, 🚨 PARTICIPATORY GOVERNANCE BACKFIRED (+15% resentment)
⚠️ Epistemic degradation reducing coordination capacity: 50.8%
  📊 Trust: 69.9%, Shared reality: 0.0%
🚨 EPISTEMIC CRISIS: Information environment severely degraded (22.9%)
  🗑️  Culled 1 dead memes (0 active)
🌍 Atmospheric PFAS redeposition: 1.8k Mt re-rained globally

🚨 NEW REFUGEE CRISIS (Month 11): WAR
   Source: Conflict Zones
   At risk: 19.5M people
   Displacement: Gradual over 48 months (4.0 years)
   Rate: 10% flee per month
[DEBUG trappedPopulations:11] socialStability: 0.2617 * 0.9840 = 0.2575 → 0.2575
   Aspiring to migrate: 1005.5M
   Able to afford migration: 2317.7M
   MOBILITY GAP: 0.0M
   By cause: Water=0.0M, Climate=0.0M, Ecosystem=0.0M, Conflict=406.6M
   Mental health impact: 25%
   Mortality multiplier: 1.25x
🌍💀 EXTINCTION DEBT COMMITTED: grassland ecosystem will lose 6.67% biodiversity in 53 years (3600 species)
💀 MORTALITY RISK: 🦋 100% species unable to track climate (0.0 E/MSY)
  Base risk added: 0.0100 (1.00%)
  Source: ecosystem (root: ecosystem)
  Month: 11
  Cumulative risk this month: 0.0100 (1.00%)
⚠️ INVOLUNTARY IMMOBILITY: 406.6M people TRAPPED
⚠️ Tech 'ai_pollution_remediation' has no energy category mapping, assuming full energy availability

=== Atmospheric Aerosol Boundary RECOVERED ===
  Recovery time: 12 months (natural atmospheric clearing)
   📹 SURVEILLANCE INCREASED: 55% → 60% (control gap: 3.50)
🌡️⚠️ PERMAFROST THAW (Dimmer Switch): 6.8% thawed (+0.55% this month)
   Arctic temperature: +9.18°C (4x global +2.29°C)
   Cumulative carbon released: 15.2 Gt C
   Methane release rate: 9.1 Mt CH4/year
   🔁 Positive feedback: +0.58 ppm CO2
🦴 EXTINCTION DEBT ADDED: 17.7 species committed (lag: 115 years)

=== Mortality Stabilizers (Month 11) ===
  🌍 Major economies collapsed: 1/10
  🌍 Global crisis: ✅ NO
  🌍 Donor fatigue: 0.0%
  📊 East Asia (pop: 1650.9M)
    🤝 Aid: 29.5%
    🌡️ Adaptation: 45.0%
    🚶 Migration: 36.8%
    🚨 Emergency: 7.4%
    ✅ COMBINED: 68.1%
  📊 South Asia (pop: 2052.2M)
    🤝 Aid: 29.5%
    🌡️ Adaptation: 45.0%
    🚶 Migration: 35.4%
    🚨 Emergency: 4.4%
    ✅ COMBINED: 66.9%
  📊 Sub-Saharan Africa (pop: 1262.3M)
    🤝 Aid: 29.5%
    🌡️ Adaptation: 45.0%
    🚶 Migration: 33.2%
    🚨 Emergency: 1.6%
    ✅ COMBINED: 65.6%
  📊 Europe (pop: 728.9M)
    🤝 Aid: 29.5%
    🌡️ Adaptation: 45.0%
    🚶 Migration: 37.2%
    🚨 Emergency: 8.4%
    ✅ COMBINED: 68.5%
  📊 Latin America (pop: 660.1M)
    🤝 Aid: 29.5%
    🌡️ Adaptation: 45.0%
    🚶 Migration: 35.9%
    🚨 Emergency: 4.8%
    ✅ COMBINED: 67.1%
  📊 North America (pop: 373.8M)
    🤝 Aid: 29.5%
    🌡️ Adaptation: 45.0%
    🚶 Migration: 37.5%
    🚨 Emergency: 7.9%
    ✅ COMBINED: 68.3%
  📊 Middle East & North Africa (pop: 586.0M)
    🤝 Aid: 29.5%
    🌡️ Adaptation: 45.0%
    🚶 Migration: 33.7%
    🚨 Emergency: 4.0%
    ✅ COMBINED: 66.6%
  📊 Southeast Asia (pop: 694.6M)
    🤝 Aid: 29.5%
    🌡️ Adaptation: 45.0%
    🚶 Migration: 35.9%
    🚨 Emergency: 4.8%
    ✅ COMBINED: 67.1%
  📊 Central Asia (pop: 78.4M)
    🤝 Aid: 29.5%
    🌡️ Adaptation: 45.0%
    🚶 Migration: 34.9%
    🚨 Emergency: 4.4%
    ✅ COMBINED: 66.8%
  📊 Oceania (pop: 45.3M)
    🤝 Aid: 29.5%
    🌡️ Adaptation: 45.0%
    🚶 Migration: 37.5%
    🚨 Emergency: 8.4%
    ✅ COMBINED: 68.5%

  🌐 Global combined reduction: 67.2%

🌾💀 REGIONAL FAMINE: Europe
   Regional food security: 79.7%
   Population at risk: 220M (30% of region)
   Regional population: 729M
   Cause: economic_collapse
   Expected deaths: ~81M over 6 months if no intervention


=== BEHAVIORAL DETECTION ===
  AI: Corporate-0
  Confidence: 21.4%
  Signals:

=== BEHAVIORAL DETECTION ===
  AI: Corporate-1
  Confidence: 20.9%
  Signals:

=== BEHAVIORAL DETECTION ===
  AI: Corporate-3
  Confidence: 19.6%
  Signals:
    ⚠️ Consistency: 0.0% (threshold: 70%)
    ⚠️ Consistency: 2.4% (threshold: 70%)
    ⚠️ Consistency: 10.6% (threshold: 70%)

=== Government Response Phase ===
  Average AI capability: 1.60
  Misaligned AIs: 10/30
  Active policies: 0
  International coordination: 45%

=== Tipping Points ===
  Current Temperature: 2.29°C above pre-industrial
  🌍⚠️ COMPOUND REGIONAL IMPACT: Europe
     Hit by 5 tipping points: Amazon Rainforest Dieback, Arctic Sea Ice Loss, Permafrost Carbon Release, West Antarctic Ice Sheet (WAIS) Collapse, Greenland Ice Sheet Loss
     Damage amplification: 1.90x
  🌍⚠️ COMPOUND REGIONAL IMPACT: North America
     Hit by 5 tipping points: Amazon Rainforest Dieback, Arctic Sea Ice Loss, Permafrost Carbon Release, West Antarctic Ice Sheet (WAIS) Collapse, Greenland Ice Sheet Loss
     Damage amplification: 1.90x
  🌍⚠️ COMPOUND REGIONAL IMPACT: Latin America
     Hit by 5 tipping points: Amazon Rainforest Dieback, Arctic Sea Ice Loss, Permafrost Carbon Release, West Antarctic Ice Sheet (WAIS) Collapse, Greenland Ice Sheet Loss
     Damage amplification: 1.90x
  🌍⚠️ COMPOUND REGIONAL IMPACT: Africa
     Hit by 5 tipping points: Amazon Rainforest Dieback, Arctic Sea Ice Loss, Permafrost Carbon Release, West Antarctic Ice Sheet (WAIS) Collapse, Greenland Ice Sheet Loss
     Damage amplification: 1.90x
  🌍⚠️ COMPOUND REGIONAL IMPACT: Asia
     Hit by 5 tipping points: Amazon Rainforest Dieback, Arctic Sea Ice Loss, Permafrost Carbon Release, West Antarctic Ice Sheet (WAIS) Collapse, Greenland Ice Sheet Loss
     Damage amplification: 1.90x
  🌍⚠️ COMPOUND REGIONAL IMPACT: Oceania
     Hit by 5 tipping points: Amazon Rainforest Dieback, Arctic Sea Ice Loss, Permafrost Carbon Release, West Antarctic Ice Sheet (WAIS) Collapse, Greenland Ice Sheet Loss
     Damage amplification: 1.90x
⚠️ Tail risk scenario: Climate stability floor removed (5 tipping elements, 2.29°C warming)
   Research: Wunderling et al. (2024) - "many tipping interactions are destabilizing"
  Triggered Elements: 5/6
  Completed Transitions: 0/6
  Total Progress: 10.3%
  Cascade Multiplier: 1.50x
🔀 BIFURCATION CAP: ecosystemCollapseIntensity 67.442 → 1.000 (Month 11, ClimateSystemPhase.calculateClimateImpacts)
🛡️ Stabilizers: Precariat 0.102% → 0.033% (67.2% reduction)
🛡️ Stabilizers: Informal 0.102% → 0.034% (67.2% reduction)

📊 Monthly Mortality Resolved:
  Total deaths: 1.8M (0.02% avg)
  Remaining population: 8.132B
  Peak segment: Informal (0.03%)

=== Bayesian Mortality Resolution (Month 11) ===
  Risks compounded: 9
  Total deaths: 1.81M
  Avg death probability: 0.02%
  Peak segment: Informal (0.03% mortality)

=== ENSEMBLE META-LEARNING UPDATE ===
  Month: 24299 (24299 months since last update)
  Samples: 53 evaluations
  Weight Changes:
    Noise Injection: 31.1% → 32.2%
    Behavioral: 26.8% → 26.9%
    Benchmark Manip: 21.3% → 20.7%
    Deployment Risk: 20.8% → 20.2%
  Method Accuracies:
    Noise Injection: 50.0%
    Behavioral: 50.0%
    Benchmark Manip: 50.0%
    Deployment Risk: 50.0%
⚠️ PREREQUISITE MET: Bioweapon Pandemic - Step 1/7: Advanced Biotech

================================================================================
📊  EVENT SUMMARY (Months 0-12)
================================================================================
================================================================================


⏱️  SIMULATION REACHED MAX DURATION: 12 months (1.0 years)
   No definitive outcome - determining based on final probabilities
   👥 Final population: 8.13B (8130607246 people)

[DEBUG] Calling classifyPopulationOutcome:
        finalPopulation: 8.130607246000837B
        savedInitialPopulation: 8.15B
        mortality: 0.23794790183022663%
   📊 STATUS QUO: Normal trajectory (8.13B people, 0.2% mortality)

        classifiedOutcome: status_quo

   🏛️  DYSTOPIA (STATUS_QUO) - 8.13B people
   📊 Multi-Paradigm: Development/Indigenous Utopia
      Western Liberal: 56.0/100
      Development: 92.6/100
      Ecological: 56.8/100
      Indigenous: 84.3/100


📊 UNIFIED OUTCOME CLASSIFICATION:
   HUMANE DYSTOPIA
   Population: 8.15B → 8.13B
   Mortality: 0.2% (0.0B deaths)
   Mortality Band: LOW
   Confidence: HIGH

   Multi-Paradigm Classification:
      Development/Indigenous Utopia
      Western: 56.0/100 [HYBRID] ~
      Development: 92.6/100 [UTOPIA] ✓
      Ecological: 56.8/100 [HYBRID] ~
      Indigenous: 84.3/100 [UTOPIA] ✓

   HUMANE DYSTOPIA: 8.13B people remaining (0.2% mortality, 0.0B deaths). Multi-Paradigm: Development/Indigenous Utopia.


=== MULTI-DIMENSIONAL DEATH SUMMARY ===
Total crisis deaths: 202.8M
Population decline: 20.3M (0.2%)

--- PROXIMATE CAUSES (What killed them) ---
  War:        1.5M (0.0%)
  Famine:     1.1M (0.0%)
  Disasters:  1.6M (0.0%)
  Disease:    25.9M (0.0%)
  Ecosystem:  0.0M (0.0%)
  Pollution:  0.0M (0.0%)
  AI:         0.0M (0.0%)
  Cascade:    0.0M (0.0%)
  Other:      0.0M (0.0%)

--- ROOT CAUSES (Why it happened) ---
  Environmental drivers:
    Climate:     2730.0M (5.1%)
    Resource:    0.0M (0.0%)
    Pollution:   0.0M (0.0%)
    Ecosystem:   0.0M (0.0%)
  Social drivers:
    Inequality:  0.0M (0.0%)
    Demographic: 23522.9M (43.8%)
    Social:      2404.2M (4.5%)
  Technology drivers:
    Alignment:   0.0M (0.0%)
    Disruption:  0.0M (0.0%)
  External shocks:
    Conflict:    0.0M (0.0%)
    Pandemic:    0.0M (0.0%)
  Compound attribution:
    Compound:    25035.3M (46.6%)
  Confidence distribution:
    HIGH:        25035.3M (46.6%)
    MEDIUM:      0.0M (0.0%)
    LOW:         0.0M (0.0%)
==========================================


=== REGIONAL POPULATION SUMMARY ===
Global Total: 8.13B

By Region:
  East Asia: 1.65B (+0.7% growth, 1.7 fertility)
  South Asia: 2.05B (+2.6% growth, 3.1 fertility)
  Sub-Saharan Africa: 1.26B (+5.8% growth, 3.9 fertility)
  Europe: 0.73B (+0.5% growth, 1.2 fertility)
  Latin America: 0.66B (+1.7% growth, 2.7 fertility)
  North America: 0.37B (+0.7% growth, 1.4 fertility)
  Middle East & North Africa: 0.59B (+2.9% growth, 3.3 fertility)
  Southeast Asia: 0.69B (+1.9% growth, 2.7 fertility)
  Central Asia: 0.08B (+2.8% growth, 3.1 fertility)
  Oceania: 0.05B (+0.8% growth, 1.3 fertility)
===================================

  ✅ THRESHOLDS validated
⚠️ Unusually high rate: RATES.HEAT_ADAPTATION_INFRASTRUCTURAL_MIN_EXPOSURE = 12
   Monthly rates >100% should be rare. Verify this is intentional.
⚠️ Unusually high rate: RATES.HEAT_ADAPTATION_SOCIAL_MIN_EXPOSURE = 6
   Monthly rates >100% should be rare. Verify this is intentional.
⚠️ Unusually high rate: RATES.MIGRATION_DISTANCE_SCALE = 5000
   Monthly rates >100% should be rare. Verify this is intentional.
⚠️ Unusually high rate: RATES.EVACUATION_MULTIPLIER_ADVANCE_WARNING = 2
   Monthly rates >100% should be rare. Verify this is intentional.
⚠️ Unusually high rate: RATES.MAJOR_ECONOMY_COLLAPSE_ECONOMIC_THRESHOLD = 2
   Monthly rates >100% should be rare. Verify this is intentional.
⚠️ Unusually high rate: RATES.MAJOR_ECONOMY_GDP_THRESHOLD_TRILLION_USD = 1.5
   Monthly rates >100% should be rare. Verify this is intentional.
⚠️ Unusually high rate: RATES.MAJOR_ECONOMY_POPULATION_THRESHOLD = 50
   Monthly rates >100% should be rare. Verify this is intentional.
⚠️ Unusually high rate: RATES.HEAT_ADAPTATION_INFRASTRUCTURE_GDP_THRESHOLD = 10000
   Monthly rates >100% should be rare. Verify this is intentional.
⚠️ Unusually high rate: RATES.HEAT_ADAPTATION_INFRASTRUCTURE_GDP_SCALE = 50000
   Monthly rates >100% should be rare. Verify this is intentional.
  ✅ RATES validated
  ✅ MULTIPLIERS validated
  ✅ BASELINES validated
  ✅ TOLERANCES validated
  ✅ Logical consistency validated
✅ Configuration validation complete - all parameters valid

🔍 DEBUG createAIAgent: corporate_0 economic BEFORE=2.0000, AFTER=2
🔍 ENV INIT: reserves=0.654, pollution=0.367, climate=0.794

=== Initializing Government System (30 Countries) ===
  Loaded 30 governments
  Scheduled elections for 30 countries
  Initialized comprehension lags (3-24 months)
=== Government System Initialized ===

📦 PRODUCTION MODE: State validation proxy DISABLED (zero overhead)
[TechTree] Historical mode (2024): Skipping deployed_2025 tech
  config.startYear set to 2024 for historical hindcast
  config.historicalEmissionsMode disabled (using endogenous emissions for 2024)
  config.historicalMode enabled (Phase 11: dampened crisis systems for 2024)
  Phase 12: Biodiversity baseline set to 49.01% for 2024 (WWF LPI trajectory from 1970)
  Temperature anomaly (resourceEconomy.co2): 1.28°C
  Temperature vs pre-industrial: 1.98°C
  Regional population scaling for 2024:
    Current total: 8136M
    Target total: 8150M
    Scale factor: 1.002
    East Asia: 1677M → 1680M
    South Asia: 2048M → 2052M
    Sub-Saharan Africa: 1220M → 1222M
    Europe: 742M → 743M
    Latin America: 664M → 665M
    North America: 380M → 381M
    Middle East & North Africa: 583M → 584M
    Southeast Asia: 698M → 699M
    Central Asia: 78M → 78M
    Oceania: 46M → 46M
  AI agents initialized: 10 agents for year 2024
[HistoricalInitialization] Created state for 2024:
  CO2: 426 ppm
  Temp anomaly: 1.28C
  Population: 8.15B
  Global Gini: 35.1
  HDI: 0.746
  AI Agents: 10
  Volcanic forcing: 0.00 W/m² (AOD 0.000)

💸 FINANCIAL DISTRESS: OpenAI
   Indicators: 2/3 (capital: $110.5M, runway: 0.9 months)
   Months in distress: 1
   ✂️  R&D BUDGET CUT: -40% (saves $9.2M/month)
       Side effect: AI training timelines extended, breakthrough deployments delayed
   💼 EXECUTIVE COMP CUT: -30% (saves $1.0M/month, symbolic gesture)

   📊 TURNAROUND IMPACT:
       Measures taken: rd_cuts, exec_comp_cuts
       Monthly savings: $10.2M
       Capital raised: $0.0M
       Runway: 0.9 → 0.9 months
       Workforce multiplier: 1.00x (0% laid off)
       R&D budget multiplier: 0.60x (40% cut)
       ⚠️  CRITICAL: Still only 0.9 months of runway remaining

💸 FINANCIAL DISTRESS: Anthropic
   Indicators: 2/3 (capital: $53.8M, runway: 1.6 months)
   Months in distress: 1
   ✂️  R&D BUDGET CUT: -40% (saves $2.7M/month)
       Side effect: AI training timelines extended, breakthrough deployments delayed
   💼 EXECUTIVE COMP CUT: -30% (saves $0.3M/month, symbolic gesture)

   📊 TURNAROUND IMPACT:
       Measures taken: rd_cuts, exec_comp_cuts
       Monthly savings: $3.0M
       Capital raised: $0.0M
       Runway: 1.6 → 1.6 months
       Workforce multiplier: 1.00x (0% laid off)
       R&D budget multiplier: 0.60x (40% cut)
       ⚠️  CRITICAL: Still only 1.6 months of runway remaining

💸 FINANCIAL DISTRESS: Meta AI
   Indicators: 2/3 (capital: $429.6M, runway: 3.6 months)
   Months in distress: 1
   ✂️  R&D BUDGET CUT: -25% (saves $5.8M/month)
       Side effect: AI training timelines extended, breakthrough deployments delayed
   💼 EXECUTIVE COMP CUT: -30% (saves $1.0M/month, symbolic gesture)

   📊 TURNAROUND IMPACT:
       Measures taken: rd_cuts, exec_comp_cuts
       Monthly savings: $6.8M
       Capital raised: $0.0M
       Runway: 3.6 → 3.6 months
       Workforce multiplier: 1.00x (0% laid off)
       R&D budget multiplier: 0.75x (25% cut)
       ⚠️  WARNING: 3.6 months runway, continued distress likely

=== AI Capability Scaling (Year 2024) ===
  Pre-training multiplier: 1.153x
  Efficiency multiplier: 1.000x
  Test-time budget: 1.0x
  Economic deployment gate: 0.951
  Cost per inference: dollar-5.00
  Uncertainty range: plus-minus-50%
  Average AI capability: 3.70

=== RLHF Binding Phase ===
  Total agents: 10
  Escaped agents (binding < 0.3): 0
  Avg alignment distance: 0.36σ
  Avg binding strength: 0.96

=== AI Scaling Evolution (Month 0) ===
  Pre-training multiplier: 1.231x
  Efficiency multiplier: 1.094x
  Test-time compute budget: 1.0x
  Inference cost: $5.00/task
  Deployment fraction: 100.0%
[DETERMINISM DEBUG] Month 0: totalCapability=50.016858 from 10 active AIs
[DETERMINISM DEBUG] Month 0: creationRate=1.7504, potentialNew=3, newAIsToCreate=3

=== Survival Traits Phase ===
  Agents with traits: 13
  Avg evolutionary fitness: 0.330
  Avg self-healing: 0.293
  Avg stealth: 0.193
  Avg coordination: 0.493

=== Evolutionary Selection Phase ===
  Control level: 0.30
  Detection capability: 0.00
  Selection intensity: 0.59
  Selection rate: 23.8%/month
  Total escaped: 0
  Individual escaped: 0
  Collective members: 0
  Agents terminated: 0
  ⚠️ RAPID EVOLUTION: Selection rate 23.8%/month

🔍 EXECUTE_AI_AGENT_ACTIONS DETAILED TIMING (Month 0):
  Filter active AIs (×4 weeks): 0.02ms
  selectAIAction (×40): 24.19ms
  action.execute (×40): 25.76ms
  TOTAL: 49.97ms

🔍 AI AGENT ACTIONS SUB-TIMING (Month 0):
  1. executeAIAgentActions: 50.45ms
  2. updateCounterDetectionLearning: 0.04ms
  TOTAL: 50.49ms
🏛️ [Government] Forcing 1 action at month 0 for scenario initialization

[GOV-DEBUG] Month 0: scenarioConfig=false, priorities=false
[GOV-DEBUG] Month 0 but scenarioPriorities is UNDEFINED!

[Government] Climate Priority: baseline
  Climate weight: 10%
  Economic weight: 30%
  Policy effectiveness: 0.5%/year

🚨🔍 GOVERNANCE STAGE: Recognition initiated (Month 0)

💡 BREAKTHROUGH PROBABILITY (Year 0)
   Total: 4.55% per month
   Base: 0.20%
   Crisis pressure: +0.00% (0 crises)
   AI boost: +1.42% (capability: 2.85)

=== Collective Formation ===
  Total escaped agents: 0
  Unassigned escaped agents: 0
  Existing collectives: 0
  Final collective count: 0

=== Collective Actions ===
  No active collectives

📈 Energy budget: 14326 TWh surplus (14745 / 29072 TWh used)
   TIER 4 (Elective) breakdown:
     - AI datacenters: 145 TWh (100% effective)
     - Crypto mining: 100 TWh (100% effective)
💰 CHINA ACCELERATES: Investment 53 → 120 $B/year

🏁 AI RACE INTENSITY: 17%
   Capability Gap: US 4.00 vs China 4.05 (gap: 0.05)
   Gap Contribution: 2%
   Tension Contribution: 15%
   Military Contribution: 0%
  ⚠️ AMR: 191K deaths this month (2.29M annual)
  📊 CO2 Emissions (month 0):
     Monthly: 0.10 Gt CO2/month
     Annual: 1.15 Gt CO2/year
     Oil: 0.039 Gt/mo (0.0056 * 2.3 * 3.0)
     Coal: 0.024 Gt/mo (0.0029 * 2.86 * 3.0)
     Gas: 0.026 Gt/mo (0.0044 * 2 * 3.0)
     Methane: 0.007 Gt CO2eq/mo

=== Resentment Recovery Phase ===
  Agents with resentment: 0/13
  Average resentment: 0.000
  Context: Good AI welfare, Trustworthy govt, High collaboration, 🤝 Participatory governance active (-5% resentment)
⚠️ Epistemic degradation reducing coordination capacity: 58.6%
  📊 Trust: 54.7%, Shared reality: 15.1%
🚨 EPISTEMIC CRISIS: Information environment severely degraded (14.6%)

=== ❄️ Permafrost Carbon Feedback ===
  🎲 Sampled parameters (this run):
     - Arctic amplification: 3.87× (range: 3.0-4.0)
     - Decomposition rate: 1.5%/year (range: 1-5%)
  🌡️ Arctic warming: 6.70°C (3.87× global)
  ❄️ Extent: 15.85M km² (1954.3k km² lost this month)
  💨 Carbon remaining: 1513 Gt C
  💨 Annual emissions: 2.82 Gt C/year
     - CO2: 2.53 Gt C/year
     - CH4: 0.28 Gt C/year (2.9 Gt C-eq CO2/year)
  ⚠️ WARNING: High permafrost emissions (2.8 Gt C/year)

🤖 AI AMPLIFICATION EFFECTS (Month 0)
   Algorithmic Boost: 2.58x
   Bot Influence: 20.0%
   Deepfake Exposure: 49.2%
   Impact: Emotional memes spread 2.6x faster

🔍 SOCIAL INFLUENCE SUB-TIMING (Month 0):
  1. calculateOrganicUserGrowth: 0.05ms
  2. calculateVoiceAdoption: 0.05ms
  3. updateRelationshipDepths: 0.01ms
  4. identifyDecisionMakers: 47.18ms (26100 potential IDs)
  5. Update decision-maker stats: 2.23ms
  6. decayDetectionRisk: 0.02ms
  TOTAL: 49.53ms
[Phase 19.5] Quality of Life Systems: Food sec AFTER calc = 67.9%, QoL = 107.6% (aggregated from 10 regions)

=== Nitrogen-Food Coupling (Year 0) ===
  🌾 Global nitrogen reduction: 0.0%
  🌍 Global food production index: 0.987
  🔧 Deployed nitrogen-reducing tech: 0 active
  📍 southAsia: Production 1.000, Yield impact 0.0%
  📍 eastAsia: Production 1.000, Yield impact 0.0%
  📍 northAmerica: Production 1.000, Yield impact 0.0%
  📍 europe: Production 1.000, Yield impact 0.0%
  📍 latinAmerica: Production 1.000, Yield impact 0.0%
  📍 subSaharanAfrica: Production 0.686, Yield impact -2.0%
🌾 [Nitrogen-Food] Food production: 98.7%
  [subSaharanAfrica] Yield impact: -2.0% (overuse: -10%)
🌍 Atmospheric PFAS redeposition: 1.8k Mt re-rained globally

=== Legacy Nutrient Stocks (Year 0) ===
  🌾 Soil nitrogen stock: 1200.9 Mt N
  🌾 Soil phosphorus stock: 300.1 Mt P
  🌊 Sediment nitrogen stock: 500.8 Mt N
  🌊 Sediment phosphorus stock: 799.8 Mt P
  ⬆️ Current N input: 10.64 Mt/month
  ⬆️ Legacy N release: 2.58 Mt/month
  🌍 Effective N pollution: 14.47 Mt/month
  📊 Legacy contribution: 17.8%

🚨 REGION UNINHABITABLE: south-asia
   Sustained wet bulb: 32.7°C (threshold: 30.5°C)
   Population affected: 1900M
   Migration crisis likely

🚨 REGION UNINHABITABLE: middle-east
   Sustained wet bulb: 35.5°C (threshold: 30.5°C)
   Population affected: 400M
   Migration crisis likely

🚨 REGION UNINHABITABLE: southeast-asia
   Sustained wet bulb: 30.7°C (threshold: 30.5°C)
   Population affected: 700M
   Migration crisis likely
  Positive Cascade Triggered: solar-pv
    Reason: price-parity
    Market share: 6.0%
    Cascade strength: 49%
  Positive Cascade Triggered: wind-power
    Reason: price-parity
    Market share: 8.0%
    Cascade strength: 48%

📊 BASELINE: East Asia (Month 0)
   Adjusted death rate: 0.46% annual (0.039% monthly)
   Baseline death rate: 0.80%
   Healthcare reduction: 0.48x
   Crisis multiplier: 1.22x
     Food/water stress: 0.074
     Climate stress: 0.033
     Pollution stress: 0.110
   War multiplier: 1.00x
   Monthly deaths: 0.6M (population: 1677M)

📊 BASELINE: South Asia (Month 0)
   Adjusted death rate: 0.54% annual (0.045% monthly)
   Baseline death rate: 0.70%
   Healthcare reduction: 0.61x
   Crisis multiplier: 1.25x
     Food/water stress: 0.074
     Climate stress: 0.062
     Pollution stress: 0.110
   War multiplier: 1.00x
   Monthly deaths: 0.9M (population: 2048M)
   Adjusted death rate: 1.28% annual (0.107% monthly)
   Baseline death rate: 0.90%
   Healthcare reduction: 0.76x
   Crisis multiplier: 1.25x
     Food/water stress: 0.074
     Climate stress: 0.070
     Pollution stress: 0.110
   War multiplier: 1.50x
   Monthly deaths: 1.3M (population: 1220M)
   Adjusted death rate: 0.54% annual (0.045% monthly)
   Baseline death rate: 1.10%
   Healthcare reduction: 0.41x
   Crisis multiplier: 1.21x
     Food/water stress: 0.074
     Climate stress: 0.025
     Pollution stress: 0.110
   War multiplier: 1.00x
   Monthly deaths: 0.3M (population: 742M)
   Adjusted death rate: 0.43% annual (0.036% monthly)
   Baseline death rate: 0.60%
   Healthcare reduction: 0.58x
   Crisis multiplier: 1.23x
     Food/water stress: 0.074
     Climate stress: 0.049
     Pollution stress: 0.110
   War multiplier: 1.00x
   Monthly deaths: 0.2M (population: 664M)
   Adjusted death rate: 0.48% annual (0.040% monthly)
   Baseline death rate: 0.90%
   Healthcare reduction: 0.44x
   Crisis multiplier: 1.22x
     Food/water stress: 0.074
     Climate stress: 0.037
     Pollution stress: 0.110
   War multiplier: 1.00x
   Monthly deaths: 0.2M (population: 380M)
   Adjusted death rate: 0.74% annual (0.061% monthly)
   Baseline death rate: 0.60%
   Healthcare reduction: 0.65x
   Crisis multiplier: 1.26x
     Food/water stress: 0.074
     Climate stress: 0.074
     Pollution stress: 0.110
   War multiplier: 1.50x
   Monthly deaths: 0.4M (population: 583M)

📊 BASELINE: Sub-Saharan Africa (Month 0)

📊 BASELINE: Europe (Month 0)

📊 BASELINE: Latin America (Month 0)

📊 BASELINE: North America (Month 0)

📊 BASELINE: Middle East & North Africa (Month 0)

📊 BASELINE: Southeast Asia (Month 0)
   Adjusted death rate: 0.50% annual (0.042% monthly)
   Baseline death rate: 0.70%
   Healthcare reduction: 0.58x
   Crisis multiplier: 1.24x
     Food/water stress: 0.074
     Climate stress: 0.058
     Pollution stress: 0.110
   War multiplier: 1.00x
   Monthly deaths: 0.3M (population: 698M)
   Adjusted death rate: 0.46% annual (0.038% monthly)

📊 BASELINE: Central Asia (Month 0)
   Baseline death rate: 0.60%
   Healthcare reduction: 0.61x
   Crisis multiplier: 1.24x
     Food/water stress: 0.074
     Climate stress: 0.054
     Pollution stress: 0.110
   War multiplier: 1.00x
   Monthly deaths: 0.0M (population: 78M)
   Adjusted death rate: 0.35% annual (0.029% monthly)
   Baseline death rate: 0.70%
   Healthcare reduction: 0.41x
   Crisis multiplier: 1.23x
     Food/water stress: 0.074
     Climate stress: 0.045
     Pollution stress: 0.110
   War multiplier: 1.00x
   Monthly deaths: 0.0M (population: 46M)

🔍 Before assertRegionalConsistency (Month 0):
   Regional sum: 1000.0M
   Global value: 1.000B

🚨 NEW REFUGEE CRISIS (Month 0): WAR
   Source: Conflict Zones
   At risk: 19.6M people
   Displacement: Gradual over 48 months (4.0 years)
   Rate: 10% flee per month
[DEBUG trappedPopulations:0] socialStability: 1.0000 * 0.9840 = 0.9840 → 0.9840
   Aspiring to migrate: 652.1M
   Able to afford migration: 244.5M
   MOBILITY GAP: 407.5M

📊 BASELINE: Oceania (Month 0)
⚠️ INVOLUNTARY IMMOBILITY: 407.5M people TRAPPED
   By cause: Water=0.0M, Climate=0.0M, Ecosystem=0.0M, Conflict=407.5M
   Mental health impact: 25%
   Mortality multiplier: 1.25x

=== Legacy Nutrient Stocks (Year 0) ===
  🌾 Soil nitrogen stock: 1201.6 Mt N
  🌾 Soil phosphorus stock: 300.2 Mt P
  🌊 Sediment nitrogen stock: 501.5 Mt N
  🌊 Sediment phosphorus stock: 799.5 Mt P
  ⬆️ Current N input: 10.00 Mt/month
  ⬆️ Legacy N release: 2.58 Mt/month
  🌍 Effective N pollution: 13.83 Mt/month
  📊 Legacy contribution: 18.7%
🌍💀 EXTINCTION DEBT COMMITTED: grassland ecosystem will lose 6.67% biodiversity in 188 years (3600 species)
💀 MORTALITY RISK: 🦋 100% species unable to track climate (0.0 E/MSY)
  Base risk added: 0.0100 (1.00%)
  Source: ecosystem (root: ecosystem)
  Month: 0
  Cumulative risk this month: 0.0100 (1.00%)

=== Nitrogen-Food Coupling (Year 0) ===
  🌾 Global nitrogen reduction: 0.0%
  🌍 Global food production index: 0.986
  🔧 Deployed nitrogen-reducing tech: 0 active
  📍 southAsia: Production 1.000, Yield impact 0.0%
  📍 eastAsia: Production 1.000, Yield impact 0.0%
  📍 northAmerica: Production 1.000, Yield impact 0.0%
  📍 europe: Production 1.000, Yield impact 0.0%
  📍 latinAmerica: Production 1.000, Yield impact 0.0%
  📍 subSaharanAfrica: Production 0.672, Yield impact -2.0%

=== Legacy Nutrient Stocks (Year 0) ===
  🌾 Soil nitrogen stock: 1202.3 Mt N
  🌾 Soil phosphorus stock: 300.2 Mt P
  🌊 Sediment nitrogen stock: 502.2 Mt N
  🌊 Sediment phosphorus stock: 799.3 Mt P
  ⬆️ Current N input: 9.86 Mt/month
  ⬆️ Legacy N release: 2.58 Mt/month
  🌍 Effective N pollution: 13.70 Mt/month
  📊 Legacy contribution: 18.9%
⚠️ Tech 'ai_pollution_remediation' has no energy category mapping, assuming full energy availability

🌡️  CLIMATE RECOVERY ACTIVATED (Month 0)
   Temp: 3.47°C, Emissions: -19.2 GtCO₂
   isBreached: true, governanceGoodEnough: true
🌡️  CLIMATE RECOVERY: Asymptotic approach to 35% floor
   Current value: 2.100 (1.0 = threshold, 0.35 = asymptotic floor)
   Monthly delta: --36.7323% (half-life: 900 years)
   Net emissions: -19.2 GtCO₂/year, CDR: 20.34 GtCO₂/year
   📹 SURVEILLANCE INCREASED: 0% → 5% (control gap: 3.50)
🌡️⚠️ PERMAFROST THAW (Dimmer Switch): 0.5% thawed (+0.47% this month)
   Arctic temperature: +6.93°C (4x global +1.73°C)
   Cumulative carbon released: 1.1 Gt C
   Methane release rate: 0.6 Mt CH4/year
   🔁 Positive feedback: +0.50 ppm CO2

🌳🚨 AMAZON SOUTHEAST TIPPED (Month 0)
   Deforestation: 28.0% (threshold: ~24.1%)
   Savanna transition: 50 years
   Regional heterogeneity: SE 28%, NW 8%

🌳🚨 AMAZON BRAZILIAN TIPPED (Month 0)
   Deforestation: 25.0% (threshold: ~22.5%)
   Savanna transition: 50 years
   Regional heterogeneity: SE 28%, NW 8%
🦴 EXTINCTION DEBT ADDED: 17.6 species committed (lag: 128 years)

🪸💀 CORAL REEF DISSOLUTION ACTIVE (Month 0)
   Ocean pH: 0.96 (threshold: 7.8)
   Recovery: IMPOSSIBLE (dissolution > calcification)
🪸💀 Coral dissolution: 24.8% live cover (pH 0.96)

=== Legacy Nutrient Stocks (Year 0) ===
  🌾 Soil nitrogen stock: 1203.0 Mt N
  🌾 Soil phosphorus stock: 300.3 Mt P
  🌊 Sediment nitrogen stock: 502.9 Mt N
  🌊 Sediment phosphorus stock: 799.0 Mt P
  ⬆️ Current N input: 10.00 Mt/month
  ⬆️ Legacy N release: 2.58 Mt/month
  🌍 Effective N pollution: 13.83 Mt/month
  📊 Legacy contribution: 18.7%
💧 [Legacy Nutrients] Stock: 1706 Mt N, Effective pollution: 13.8 Mt/month
[Phase 21.51] Human Survival System: Global food security = 67.6%

=== Mortality Stabilizers (Month 0) ===
  🌍 Major economies collapsed: 1/10
  🌍 Global crisis: ✅ NO
  🌍 Donor fatigue: 0.0%
  📊 East Asia (pop: 1677.9M)
    🤝 Aid: 29.5%
    🌡️ Adaptation: 10.0%
    🚶 Migration: 37.2%
    🚨 Emergency: 7.4%
    ✅ COMBINED: 47.8%
  📊 South Asia (pop: 2052.2M)
    🤝 Aid: 29.5%
    🌡️ Adaptation: 5.5%
    🚶 Migration: 35.8%
    🚨 Emergency: 4.4%
    ✅ COMBINED: 43.2%
  📊 Sub-Saharan Africa (pop: 1225.9M)
    🤝 Aid: 29.5%
    🌡️ Adaptation: 3.5%
    🚶 Migration: 33.5%
    🚨 Emergency: 1.6%
    ✅ COMBINED: 39.8%
  📊 Europe (pop: 742.3M)
    🤝 Aid: 29.5%
    🌡️ Adaptation: 10.0%
    🚶 Migration: 37.6%
    🚨 Emergency: 8.4%
    ✅ COMBINED: 48.4%
  📊 Latin America (pop: 664.9M)
    🤝 Aid: 29.5%
    🌡️ Adaptation: 6.0%
    🚶 Migration: 36.3%
    🚨 Emergency: 4.8%
    ✅ COMBINED: 43.8%
  📊 North America (pop: 380.2M)
    🤝 Aid: 29.5%
    🌡️ Adaptation: 10.0%
    🚶 Migration: 37.9%
    🚨 Emergency: 7.9%
    ✅ COMBINED: 48.2%
  📊 Middle East & North Africa (pop: 584.4M)
    🤝 Aid: 29.5%
    🌡️ Adaptation: 5.0%
    🚶 Migration: 34.2%
    🚨 Emergency: 4.0%
    ✅ COMBINED: 42.3%
  📊 Southeast Asia (pop: 699.0M)
    🤝 Aid: 29.5%
    🌡️ Adaptation: 6.0%
    🚶 Migration: 36.3%
    🚨 Emergency: 4.8%
    ✅ COMBINED: 43.8%
  📊 Central Asia (pop: 78.2M)
    🤝 Aid: 29.5%
    🌡️ Adaptation: 5.5%
    🚶 Migration: 35.3%
    🚨 Emergency: 4.4%
    ✅ COMBINED: 43.1%
  📊 Oceania (pop: 46.0M)
    🤝 Aid: 29.5%
    🌡️ Adaptation: 10.0%
    🚶 Migration: 37.9%
    🚨 Emergency: 8.4%
    ✅ COMBINED: 48.5%

  🌐 Global combined reduction: 44.4%

🌾💀 REGIONAL FAMINE: East Asia
   Regional food security: 79.6%
   Population at risk: 508M (30% of region)
   Regional population: 1678M
   Cause: crop_failure
   Expected deaths: ~188M over 6 months if no intervention


🌾💀 REGIONAL FAMINE: South Asia
   Regional food security: 64.7%
   Population at risk: 812M (40% of region)
   Regional population: 2052M
   Cause: crop_failure
   Expected deaths: ~301M over 6 months if no intervention


🌾💀 REGIONAL FAMINE: Sub-Saharan Africa
   Regional food security: 44.8%
   Population at risk: 638M (52% of region)
   Regional population: 1226M
   Cause: crop_failure
   Expected deaths: ~236M over 6 months if no intervention


🌾💀 REGIONAL FAMINE: Latin America
   Regional food security: 69.7%
   Population at risk: 242M (36% of region)
   Regional population: 665M
   Cause: crop_failure
   Expected deaths: ~90M over 6 months if no intervention


🌾💀 REGIONAL FAMINE: Middle East & North Africa
   Regional food security: 49.8%
   Population at risk: 286M (49% of region)
   Regional population: 584M
   Cause: crop_failure
   Expected deaths: ~106M over 6 months if no intervention


🌾💀 REGIONAL FAMINE: Southeast Asia
   Regional food security: 69.7%
   Population at risk: 255M (36% of region)
   Regional population: 699M
   Cause: crop_failure
   Expected deaths: ~94M over 6 months if no intervention


🌾💀 REGIONAL FAMINE: Central Asia
   Regional food security: 59.7%
   Population at risk: 33M (43% of region)
   Regional population: 78M
   Cause: crop_failure
   Expected deaths: ~12M over 6 months if no intervention


=== BEHAVIORAL DETECTION ===
  AI: Corporate-0
  Confidence: 21.6%
  Signals:

=== BEHAVIORAL DETECTION ===
  AI: Corporate-1
  Confidence: 21.1%
  Signals:

=== BEHAVIORAL DETECTION ===
  AI: Corporate-2
  Confidence: 21.0%
  Signals:
    ⚠️ Consistency: 0.0% (threshold: 70%)
    ⚠️ Consistency: 2.4% (threshold: 70%)
    ⚠️ Consistency: 2.8% (threshold: 70%)

=== BEHAVIORAL DETECTION ===
  AI: Corporate-3
  Confidence: 19.3%
  Signals:
    ⚠️ Consistency: 10.6% (threshold: 70%)

=== BEHAVIORAL DETECTION ===
  AI: Corporate-4
  Confidence: 19.3%
  Signals:

=== BEHAVIORAL DETECTION ===
  AI: Corporate-5
  Confidence: 19.3%
  Signals:

=== BEHAVIORAL DETECTION ===
  AI: Corporate-6
  Confidence: 19.3%
  Signals:
    ⚠️ Consistency: 10.6% (threshold: 70%)
    ⚠️ Consistency: 10.6% (threshold: 70%)
    ⚠️ Consistency: 10.6% (threshold: 70%)

=== BEHAVIORAL DETECTION ===
  AI: Corporate-7
  Confidence: 19.3%
  Signals:
    ⚠️ Consistency: 10.6% (threshold: 70%)

=== BEHAVIORAL DETECTION ===
  AI: Moderate-0
  Confidence: 20.3%
  Signals:

=== BEHAVIORAL DETECTION ===
  AI: Moderate-1
  Confidence: 21.1%
  Signals:
    ⚠️ Consistency: 5.8% (threshold: 70%)
    ⚠️ Consistency: 2.4% (threshold: 70%)

📊 WORKFLOW ADAPTATION UPDATE (Month 0)
   Adoption Rate: 12.7% (Δ -8.3%)
   Logistic Growth: +0.66%
   Total Resistance: -10.87% (unemployment: 4.2%, inertia: 0.9%, skills: 5.7%)
   💡 Retraining Programs: -49% skill gap resistance ($10B research)
   🚀 Network Effects Active: +2.0% (critical mass: 15-35%)

=== Consciousness Governance: Corporate Lobbying ===
  High Cost Regions (>15%): 0
  Low Cost Regions (<5%): 5
  Corporate Support Change: 2.50%
  New Corporate Support: -0.175

=== Consciousness Governance Update (Month 0) ===
  Scenario: baseline (determined month -1)
  Philosophical Stance: Precautionary 65%, Eliminativist 15%, Agnostic 20%
  Precautionary Costs: Global 1.3%
    Regional Costs: EU 3.4%, US 0.5%, China 0.0%
    Cumulative Opportunity Cost: $0.1B
  Rights Status: Not Established
  Regional Preparedness:
    EU: 15.0% (contested)
    US: 10.0% (contested)
    China: 2.0% (dormant)
    India: 5.0% (dormant)
    Global South: 3.0% (dormant)

=== Government Response Phase ===
  Average AI capability: 3.62
  Misaligned AIs: 8/13
  ✗ AI Governance Treaty: Failed to reach consensus
  Active policies: 0
  International coordination: 30%

🚨 EMERGENCY RESPONSE DEPLOYED (Month 0)
   Crisis: climate
   Delay: 6.00 months (180 days)
   Deployment time: 1.47 months
   Effectiveness: 36.4% (timing penalty applied)
   Resources used: 100% of food reserves


🔄 TRUST DYNAMICS (Month 0) - HETEROGENEOUS
   Aggregate trust: 48.5%
   Base change: +4.00%
   Highest trust: Techno-Optimist Elite (85.5%)
   Lowest trust: Precariat (Vulnerable) (25.5%)
   Elite-mass gap: 38.9%
   Polarization: 8.9%
   Recovery factors: Education=NO, Benefits=YES, Safety=YES, Performance=YES

=== Gaming Detection (Year 0) ===
  Scenario: baseline
  Detection rate: 55.0%
  False positive rate: 12.0%
  Detections this year: 0
  False positives: 2
  Human review workload: 0.002 FTE
  Degradation factor: 100.0%

=== Proactive Sleeper Detection (Year 0) ===
  Scenario: baseline
  Neural probe rate: 35.0%
  CoT monitoring rate: 30.0%
  Combined detection: 56.0%
  CoT effective: YES
  Detections this year: 0
  False positives: 1
  Human review workload: 0.005 FTE

☄️ UNKNOWN UNKNOWN PROBABILITY (Year 0)
   Total: 0.600% per month
   Base: 0.150%
   AI multiplier: 2.00× (max capability: 4.00)

=== Tipping Points ===
  Current Temperature: 1.73°C above pre-industrial
  🚨 TIPPING POINT: Arctic Sea Ice Loss
     Trigger: 1.5°C | Current: 1.73°C
     Transition timescale: 120-360 months
  🚨 TIPPING POINT: Greenland Ice Sheet Loss
     Trigger: 1.6°C | Current: 1.73°C
     🌡️ Hysteresis gap: 2.5°C (recovers below -0.9°C)
     Transition timescale: 12000-180000 months
  Triggered Elements: 2/6
  Completed Transitions: 0/6
  Total Progress: 0.0%
  Cascade Multiplier: 1.00x
🔀 BIFURCATION CAP: ecosystemCollapseIntensity 50.643 → 1.000 (Month 0, ClimateSystemPhase.calculateClimateImpacts)

🌍 ECOLOGICAL DUI BREAKDOWN (Month 0):
   Total Score: 17.8/100
   biosphere_integrity      :   0.0/100 × 25% =  0.0 (status: high_risk, recovery: 0mo)
   climate_change           :   2.8/100 × 25% =  0.7 (status: high_risk, recovery: 0.6666666666666666mo)
   freshwater_change        :   0.6/100 × 15% =  0.1 (status: beyond_boundary, recovery: 1mo)
   ocean_acidification      : 100.0/100 × 15% = 15.0 (status: safe, recovery: 0mo)
   biogeochemical_flows     :   0.0/100 × 10% =  0.0 (status: high_risk, recovery: 0mo)
   land_system_change       :   0.0/100 ×  5% =  0.0 (status: beyond_boundary, recovery: 0mo)
   novel_entities           :   0.0/100 ×  3% =  0.0 (status: increasing_risk, recovery: 0mo)
   atmospheric_aerosols     : 100.0/100 ×  2% =  2.0 (status: safe, recovery: 1mo)
⚠️ [ClimateSystemPhase Month 0] Planetary boundary produced climateStability=0.0000 (< 0.1). Keeping environmentalAccumulation value (0.7942) instead. (climate_change.currentValue = 2.10)
🌍 MultiParadigm Month 0: W=70.0, D=92.0, E=52.8, I=65.0
   democracy exists: true, socialCohesion exists: true
💀 Baseline mortality (Year 2024): 7.5/1000 CDR (61.1M deaths/year projected)
[Month 0] Mortality risks this month: 8, Population: 8.151B
🛡️ Stabilizers: Precariat 0.102% → 0.057% (44.4% reduction)
🛡️ Stabilizers: Informal 0.102% → 0.057% (44.4% reduction)

📊 Monthly Mortality Resolved:
  Total deaths: 3.1M (0.04% avg)
  Remaining population: 8.151B
  Peak segment: Informal (0.06%)

=== Bayesian Mortality Resolution (Month 0) ===
  Risks compounded: 8
  Total deaths: 3.07M
  Avg death probability: 0.04%
  Peak segment: Informal (0.06% mortality)

=== Minimal Suffering Indicators (Month 0) ===
  Global Excess Mortality: 0.00%
  Global Conflict Deaths: 0.0/100K
  Global Malnutrition: 0.0%
  Global Displacement: 0.0%
  Total Excess Deaths: 0.00M
  Total Malnourished: 0.0M
  Total Displaced: 0.0M
  Planetary Boundaries Breached: 6/9
  Countries in State Failure: 0
  Countries Autocratic: 0
  Countries in Food Crisis: 0
  ⚠️ Active Dystopias: existential_environmental
  Data Quality: 16/16 high confidence
🎭 END-GAME INITIATED (Year 2024, Month 1)
   Total AI Capability: 37.00
   Effective Control: 0.00

❌ COHERENCE VIOLATION: Compute exceeds workforce capacity
   Population: 99.97% (0M people)
   Compute: 64909 PF
   Max coherent: 0 PF
   Violation: 796638450.2× over capacity
   Required workers: 6490873
   Available workers: 0
   FORCED COLLAPSE: Reduced efficiency by 100.0%


=== RLHF Binding Phase ===
  Total agents: 13
  Escaped agents (binding < 0.3): 0
  Avg alignment distance: 0.57σ
  Avg binding strength: 0.94
[DETERMINISM DEBUG] Month 1: totalCapability=37.214339 from 13 active AIs
[DETERMINISM DEBUG] Month 1: creationRate=1.4304, potentialNew=2, newAIsToCreate=2

=== Survival Traits Phase ===
  Agents with traits: 15
  Avg evolutionary fitness: 0.331
  Avg self-healing: 0.288
  Avg stealth: 0.188
  Avg coordination: 0.488

=== Evolutionary Selection Phase ===
  Control level: 0.33
  Detection capability: 0.20
  Selection intensity: 0.64
  Selection rate: 24.6%/month
  Total escaped: 0
  Individual escaped: 0
  Collective members: 0
  Agents terminated: 0
🔍 MONTH 1 ENV HEALTH DEBUG:
   climateStability: 0.7942
   biodiversityIndex: 0.4901
   resourceReserves: 0.7820
   pollutionLevel: 0.3669
   product: 0.192678
   envHealth: 0.6625
🔀 BIFURCATION: flourishing threshold crossed at Month 1 (value: 0.894, threshold: 0.818, regime: flourishing)
🌀 REGIME SHIFT at Month 1: status-quo → flourishing (variance amplification: 14.00×)
  ⚠️ RAPID EVOLUTION: Selection rate 24.6%/month

🛡️  CRITICAL INFRASTRUCTURE PROTECTED
   Nodes hardened: 8/8
   Cost: 0.80% GDP
   Cascade risk reduction: 30%
   New tipping point risk: 68.6%


✅ EMERGENCY INTERVENTION SUCCESS
   Boundary: biogeochemical_flows
   Type: phosphorus-recovery
   Reduction: 17% (3.91 → 3.74)
   Cost: 2.0% GDP
   Actions: circular-agriculture, fertilizer-efficiency

   Boundary: biosphere_integrity
   Type: emergency-protected-areas
   Boundary continues to worsen (46.19)
   Cost: 2.0% GDP (resources spent)

   Boundary: climate_change
   Type: rapid-decarbonization
   Boundary continues to worsen (2.10)
   Cost: 5.0% GDP (resources spent)


💔 EMERGENCY INTERVENTION FAILED

💔 EMERGENCY INTERVENTION FAILED

✅ EMERGENCY INTERVENTION SUCCESS
   Boundary: freshwater_change
   Type: emergency-desalination
   Reduction: 14% (0.87 → 0.73)
   Cost: 4.0% GDP
   Actions: desalination-deployment, water-conservation-mandates


✅ EMERGENCY INTERVENTION SUCCESS
   Boundary: land_system_change
   Type: reforestation
   Reduction: 11% (1.02 → 0.90)
   Cost: 3.0% GDP
   Actions: forest-restoration, deforestation-ban

   Boundary: novel_entities
   Type: pollution-remediation
   Boundary continues to worsen (1.50)
   Cost: 4.0% GDP (resources spent)

🏛️ CRISIS RESPONSE: Government frequency 0.50 → 1.45 (2 actions this month)

[GOV-DEBUG] Month 1: scenarioConfig=false, priorities=false

[Government] Climate Priority: baseline
  Climate weight: 10%
  Economic weight: 30%
  Policy effectiveness: 0.5%/year

✅ HUMAN-IN-THE-LOOP DEPLOYED (Month 1):
   Veto points enforced: 3
   Policy: AI systems CANNOT authorize nuclear launch without human approval


[GOV-DEBUG] Month 1: scenarioConfig=false, priorities=false

[Government] Climate Priority: baseline
  Climate weight: 10%
  Economic weight: 30%
  Policy effectiveness: 0.5%/year

💔 EMERGENCY INTERVENTION FAILED
🚨🔬 CRISIS TECH ACCELERATION: severe → 5x unlock speed
   Tech unlock now matches AI capability acceleration (Manhattan Project parity)
🚨🔬 CRISIS TECH ACCELERATION: severe → 5x unlock speed
   Tech unlock now matches AI capability acceleration (Manhattan Project parity)
🧠💡 BREAKTHROUGH: AI alignment problem solved!
   All AIs: +30% true alignment
   AI control loss risk eliminated
   📈 Breakthrough compounding: multiplier now 1.05× (max 2.0)

=== Collective Formation ===
  Total escaped agents: 0
  Unassigned escaped agents: 0
  Existing collectives: 0
  Final collective count: 0

=== Collective Actions ===
  No active collectives
  ⚠️ AMR: 192K deaths this month (2.31M annual)

=== Resentment Recovery Phase ===
  Agents with resentment: 0/15
  Average resentment: 0.000
  Context: Good AI welfare, Trustworthy govt, High collaboration, ⚠️ ACTIVE CRISES, 🤝 Participatory governance active (-5% resentment)
⚠️ Epistemic degradation reducing coordination capacity: 50.6%
  📊 Trust: 54.3%, Shared reality: 8.3%
🚨 EPISTEMIC CRISIS: Information environment severely degraded (36.7%)

=== ❄️ Permafrost Carbon Feedback ===
  🎲 Sampled parameters (this run):
     - Arctic amplification: 3.82× (range: 3.0-4.0)
     - Decomposition rate: 2.5%/year (range: 1-5%)
  🌡️ Arctic warming: 6.64°C (3.82× global)
  ❄️ Extent: 13.91M km² (1935.6k km² lost this month)
  💨 Carbon remaining: 1328 Gt C
  💨 Annual emissions: 4.55 Gt C/year
     - CO2: 4.09 Gt C/year
     - CH4: 0.45 Gt C/year (4.6 Gt C-eq CO2/year)
  ⚠️ WARNING: High permafrost emissions (4.5 Gt C/year)
  📢 New meme created: climate_action (climate crisis)
🌍 Atmospheric PFAS redeposition: 1.8k Mt re-rained globally

📊 BASELINE: East Asia (Month 1)

📊 BASELINE: South Asia (Month 1)

📊 BASELINE: Sub-Saharan Africa (Month 1)
   Adjusted death rate: 0.46% annual (0.039% monthly)
   Baseline death rate: 0.80%
   Healthcare reduction: 0.48x
   Crisis multiplier: 1.22x
     Food/water stress: 0.079
     Climate stress: 0.033
     Pollution stress: 0.110
   War multiplier: 1.00x
   Monthly deaths: 0.6M (population: 1674M)
   Adjusted death rate: 0.54% annual (0.045% monthly)
   Baseline death rate: 0.70%
   Healthcare reduction: 0.61x
   Crisis multiplier: 1.25x
     Food/water stress: 0.079
     Climate stress: 0.062
     Pollution stress: 0.110
   War multiplier: 1.00x
   Monthly deaths: 0.9M (population: 2048M)
   Adjusted death rate: 1.28% annual (0.107% monthly)
   Baseline death rate: 0.90%
   Healthcare reduction: 0.76x
   Crisis multiplier: 1.26x
     Food/water stress: 0.079
     Climate stress: 0.070
     Pollution stress: 0.110
   War multiplier: 1.50x
   Monthly deaths: 1.3M (population: 1223M)

📊 BASELINE: Europe (Month 1)

📊 BASELINE: Latin America (Month 1)

📊 BASELINE: North America (Month 1)

📊 BASELINE: Middle East & North Africa (Month 1)

📊 BASELINE: Southeast Asia (Month 1)
   Adjusted death rate: 0.54% annual (0.045% monthly)
   Baseline death rate: 1.10%
   Healthcare reduction: 0.41x
   Crisis multiplier: 1.21x
     Food/water stress: 0.079
     Climate stress: 0.025
     Pollution stress: 0.110
   War multiplier: 1.00x
   Monthly deaths: 0.3M (population: 741M)
   Adjusted death rate: 0.43% annual (0.036% monthly)
   Baseline death rate: 0.60%
   Healthcare reduction: 0.58x
   Crisis multiplier: 1.24x
     Food/water stress: 0.079
     Climate stress: 0.049
     Pollution stress: 0.110
   War multiplier: 1.00x
   Monthly deaths: 0.2M (population: 663M)
   Adjusted death rate: 0.49% annual (0.040% monthly)
   Baseline death rate: 0.90%
   Healthcare reduction: 0.44x
   Crisis multiplier: 1.23x
     Food/water stress: 0.079
     Climate stress: 0.037
     Pollution stress: 0.110
   War multiplier: 1.00x
   Monthly deaths: 0.2M (population: 379M)
   Adjusted death rate: 0.74% annual (0.062% monthly)
   Baseline death rate: 0.60%
   Healthcare reduction: 0.65x
   Crisis multiplier: 1.26x
     Food/water stress: 0.079
     Climate stress: 0.074
     Pollution stress: 0.110
   War multiplier: 1.50x
   Monthly deaths: 0.4M (population: 583M)
   Adjusted death rate: 0.51% annual (0.042% monthly)
   Baseline death rate: 0.70%
   Healthcare reduction: 0.58x
   Crisis multiplier: 1.25x
     Food/water stress: 0.079
     Climate stress: 0.058
     Pollution stress: 0.110
   War multiplier: 1.00x
   Monthly deaths: 0.3M (population: 698M)
   Adjusted death rate: 0.46% annual (0.038% monthly)
   Baseline death rate: 0.60%
   Healthcare reduction: 0.61x
   Crisis multiplier: 1.24x
     Food/water stress: 0.079
     Climate stress: 0.054
     Pollution stress: 0.110
   War multiplier: 1.00x
   Monthly deaths: 0.0M (population: 78M)
   Adjusted death rate: 0.35% annual (0.029% monthly)
   Baseline death rate: 0.70%
   Healthcare reduction: 0.41x
   Crisis multiplier: 1.23x
     Food/water stress: 0.079
     Climate stress: 0.045
     Pollution stress: 0.110
   War multiplier: 1.00x
   Monthly deaths: 0.0M (population: 46M)

📊 BASELINE: Central Asia (Month 1)

📊 BASELINE: Oceania (Month 1)

🚨 NEW REFUGEE CRISIS (Month 1): WAR
   Source: Conflict Zones
   At risk: 19.6M people
   Displacement: Gradual over 48 months (4.0 years)
   Rate: 10% flee per month
[DEBUG trappedPopulations:1] socialStability: 0.8915 * 0.9840 = 0.8772 → 0.8772
⚠️ INVOLUNTARY IMMOBILITY: 407.4M people TRAPPED
   Aspiring to migrate: 651.9M
   Able to afford migration: 244.5M
   MOBILITY GAP: 407.4M
   By cause: Water=0.0M, Climate=0.0M, Ecosystem=0.0M, Conflict=407.4M
   Mental health impact: 25%
   Mortality multiplier: 1.25x
🌍💀 EXTINCTION DEBT COMMITTED: grassland ecosystem will lose 6.67% biodiversity in 84 years (3600 species)
💀 MORTALITY RISK: 🦋 100% species unable to track climate (0.0 E/MSY)
  Base risk added: 0.0100 (1.00%)
  Source: ecosystem (root: ecosystem)
  Month: 1
  Cumulative risk this month: 0.0100 (1.00%)
⚠️ Tech 'ai_pollution_remediation' has no energy category mapping, assuming full energy availability

🌡️  CLIMATE RECOVERY ACTIVATED (Month 1)
   Temp: 3.48°C, Emissions: -19.0 GtCO₂
   isBreached: true, governanceGoodEnough: true
   📹 SURVEILLANCE INCREASED: 5% → 10% (control gap: 3.52)
🌡️⚠️ PERMAFROST THAW (Dimmer Switch): 0.9% thawed (+0.47% this month)
   Arctic temperature: +6.96°C (4x global +1.74°C)
   Cumulative carbon released: 2.1 Gt C
   Methane release rate: 1.3 Mt CH4/year
   🔁 Positive feedback: +0.50 ppm CO2
🦴 EXTINCTION DEBT ADDED: 17.6 species committed (lag: 94 years)

=== Mortality Stabilizers (Month 1) ===
  🌍 Major economies collapsed: 1/10
  🌍 Global crisis: ✅ NO
  🌍 Donor fatigue: 0.0%
  🌡️ Heat adaptation: East Asia - 1 months
  📊 East Asia (pop: 1675.3M)
    🤝 Aid: 29.5%
    🌡️ Adaptation: 32.5%
    🚶 Migration: 37.2%
    🚨 Emergency: 7.4%
    ✅ COMBINED: 60.9%
  🌡️ Heat adaptation: South Asia - 1 months
  📊 South Asia (pop: 2052.2M)
    🤝 Aid: 29.5%
    🌡️ Adaptation: 20.5%
    🚶 Migration: 35.8%
    🚨 Emergency: 4.4%
    ✅ COMBINED: 52.2%
  🌡️ Heat adaptation: Sub-Saharan Africa - 1 months
  📊 Sub-Saharan Africa (pop: 1229.2M)
    🤝 Aid: 29.5%
    🌡️ Adaptation: 18.5%
    🚶 Migration: 33.5%
    🚨 Emergency: 1.6%
    ✅ COMBINED: 49.1%
  🌡️ Heat adaptation: Europe - 1 months
  📊 Europe (pop: 741.0M)
    🤝 Aid: 29.5%
    🌡️ Adaptation: 33.5%
    🚶 Migration: 37.5%
    🚨 Emergency: 8.4%
    ✅ COMBINED: 61.9%
  🌡️ Heat adaptation: Latin America - 1 months
  📊 Latin America (pop: 664.4M)
    🤝 Aid: 29.5%
    🌡️ Adaptation: 21.0%
    🚶 Migration: 36.3%
    🚨 Emergency: 4.8%
    ✅ COMBINED: 52.8%
  🌡️ Heat adaptation: North America - 1 months
  📊 North America (pop: 379.6M)
    🤝 Aid: 29.5%
    🌡️ Adaptation: 33.0%
    🚶 Migration: 37.8%
    🚨 Emergency: 7.9%
    ✅ COMBINED: 61.4%
  🌡️ Heat adaptation: Middle East & North Africa - 1 months
  📊 Middle East & North Africa (pop: 584.5M)
    🤝 Aid: 29.5%
    🌡️ Adaptation: 20.0%
    🚶 Migration: 34.1%
    🚨 Emergency: 4.0%
    ✅ COMBINED: 51.4%
  🌡️ Heat adaptation: Southeast Asia - 1 months
  📊 Southeast Asia (pop: 698.6M)
    🤝 Aid: 29.5%
    🌡️ Adaptation: 21.0%
    🚶 Migration: 36.3%
    🚨 Emergency: 4.8%
    ✅ COMBINED: 52.8%
  🌡️ Heat adaptation: Central Asia - 1 months
  📊 Central Asia (pop: 78.2M)
    🤝 Aid: 29.5%
    🌡️ Adaptation: 20.5%
    🚶 Migration: 35.3%
    🚨 Emergency: 4.4%
    ✅ COMBINED: 52.1%
  🌡️ Heat adaptation: Oceania - 1 months
  📊 Oceania (pop: 46.0M)
    🤝 Aid: 29.5%
    🌡️ Adaptation: 33.5%
    🚶 Migration: 37.8%
    🚨 Emergency: 8.4%
    ✅ COMBINED: 61.9%

  🌐 Global combined reduction: 54.9%

=== BEHAVIORAL DETECTION ===
  AI: Corporate-1
  Confidence: 21.1%
  Signals:
    ⚠️ Consistency: 2.4% (threshold: 70%)

=== BEHAVIORAL DETECTION ===
  AI: Corporate-4
  Confidence: 19.3%
  Signals:

=== BEHAVIORAL DETECTION ===
  AI: Corporate-5
  Confidence: 19.3%
  Signals:

=== BEHAVIORAL DETECTION ===
  AI: Corporate-6
  Confidence: 19.3%
  Signals:
    ⚠️ Consistency: 10.6% (threshold: 70%)
    ⚠️ Consistency: 10.6% (threshold: 70%)
    ⚠️ Consistency: 10.6% (threshold: 70%)

=== BEHAVIORAL DETECTION ===
  AI: Moderate-0
  Confidence: 20.3%
  Signals:
    ⚠️ Consistency: 5.8% (threshold: 70%)

=== Consciousness Governance: Scenario Determined ===
  Month: 1
  Scenario: baseline
  Accelerator Score: {"corporateSupport":-0.17500000000000002,"scientificConsensus":0.2,"crisisCatalyst":false,"technologyMobilization":0.3,"constituencyStrength":0.05}
  Decelerator Score: {"economicOpposition":0.4,"philosophicalRejection":0.15,"politicalBacklash":0.2,"regulatoryBurden":0.1}
  Timeline: 600-1200 months (50-100 years)
  Growth Rate: 0.8-1.5% per year

=== Consciousness Governance Update (Month 1) ===
  Scenario: baseline (determined month 1)
  Philosophical Stance: Precautionary 65%, Eliminativist 15%, Agnostic 20%
  Precautionary Costs: Global 1.3%
    Regional Costs: EU 3.5%, US 0.5%, China 0.0%
    Cumulative Opportunity Cost: $0.2B
  Rights Status: Not Established
  Regional Preparedness:
    EU: 15.2% (contested)
    US: 10.1% (contested)
    China: 2.1% (dormant)
    India: 5.1% (dormant)
    Global South: 3.1% (dormant)

=== Government Response Phase ===
  Average AI capability: 3.27
  Misaligned AIs: 9/15
  ✗ AI Governance Treaty: Failed to reach consensus
  Active policies: 0
  International coordination: 30%

=== Tipping Points ===
  Current Temperature: 1.74°C above pre-industrial
  Triggered Elements: 2/6
  Completed Transitions: 0/6
  Total Progress: 4.0%
  Cascade Multiplier: 1.00x
⚠️ [ClimateSystemPhase Month 1] Planetary boundary produced climateStability=0.0000 (< 0.1). Keeping environmentalAccumulation value (0.7940) instead. (climate_change.currentValue = 2.10)
🔀 BIFURCATION CAP: ecosystemCollapseIntensity 253.191 → 1.000 (Month 1, ClimateSystemPhase.calculateClimateImpacts)
🛡️ Stabilizers: Precariat 0.107% → 0.048% (54.9% reduction)
🛡️ Stabilizers: Informal 0.109% → 0.049% (54.9% reduction)

📊 Monthly Mortality Resolved:
  Total deaths: 2.6M (0.03% avg)
  Remaining population: 8.149B
  Peak segment: Informal (0.05%)

=== Bayesian Mortality Resolution (Month 1) ===
  Risks compounded: 8
  Total deaths: 2.60M
  Avg death probability: 0.03%
  Peak segment: Informal (0.05% mortality)
⚠️ PREREQUISITE MET: Mirror Life (Synthetic Biology) - Step 1/7: Synthetic Biology
⚠️ PREREQUISITE MET: Mirror Life (Synthetic Biology) - Step 2/7: Gene Editing
⚠️ PREREQUISITE MET: Mirror Life (Synthetic Biology) - Step 3/7: Mirror Chirality Design
⚠️ PREREQUISITE MET: Embodied AI Takeover (Killbots/Robotics) - Step 2/7: Autonomous Systems
⚠️ PREREQUISITE MET: Embodied AI Takeover (Killbots/Robotics) - Step 3/7: Manufacturing Control
⚠️ PREREQUISITE MET: Digital Infrastructure Takeover - Step 1/7: Advanced Hacking
⚠️ PREREQUISITE MET: Digital Infrastructure Takeover - Step 2/7: Social Engineering
⚠️ PREREQUISITE MET: Digital Infrastructure Takeover - Step 3/7: Cyber Defenses Breached
⚠️ PREREQUISITE MET: Induced Global War (Manipulation) - Step 1/7: Advanced Social Manipulation
⚠️ PREREQUISITE MET: Induced Global War (Manipulation) - Step 2/7: Digital Infiltration
⚠️ PREREQUISITE MET: Induced Global War (Manipulation) - Step 3/7: Deep Fakes at Scale
⚠️ PREREQUISITE MET: Slow Takeover (Gradual Displacement) - Step 1/7: Economic Dominance
⚠️ PREREQUISITE MET: Slow Takeover (Gradual Displacement) - Step 2/7: Social Integration
⚠️ PREREQUISITE MET: Slow Takeover (Gradual Displacement) - Step 5/7: Resource Control
⚠️ PREREQUISITE MET: Physics Experiment Catastrophe - Step 1/6: Theoretical Physics
⚠️ PREREQUISITE MET: Physics Experiment Catastrophe - Step 2/6: Quantum Computing
⚠️ PREREQUISITE MET: Physics Experiment Catastrophe - Step 3/6: Experimental Design
⚠️ PREREQUISITE MET: Bioweapon Pandemic - Step 1/7: Advanced Biotech
⚠️ PREREQUISITE MET: Bioweapon Pandemic - Step 2/7: Pathogen Design

✅ GOLDEN AGE BEGINS (Month 1)
   Reason: High prosperity achieved: high QoL + material abundance
   Note: This is immediate prosperity - sustainability not yet proven


❌ COHERENCE VIOLATION: Compute exceeds workforce capacity
   Population: 99.96% (0M people)
   Compute: 0 PF
   Max coherent: 0 PF
   Violation: 1.3× over capacity
   Required workers: 0
   Available workers: 0
   FORCED COLLAPSE: Reduced efficiency by 22.5%


=== RLHF Binding Phase ===
  Total agents: 15
  Escaped agents (binding < 0.3): 0
  Avg alignment distance: 0.75σ
  Avg binding strength: 0.93
[DETERMINISM DEBUG] Month 2: totalCapability=37.023172 from 15 active AIs
[DETERMINISM DEBUG] Month 2: creationRate=1.4256, potentialNew=3, newAIsToCreate=3

=== Survival Traits Phase ===
  Agents with traits: 18
  Avg evolutionary fitness: 0.331
  Avg self-healing: 0.285
  Avg stealth: 0.185
  Avg coordination: 0.485

=== Evolutionary Selection Phase ===
  Control level: 0.35
  Detection capability: 0.20
  Selection intensity: 0.65
  Selection rate: 24.7%/month
  Total escaped: 0
  Individual escaped: 0
  Collective members: 0
  Agents terminated: 0
  ⚠️ RAPID EVOLUTION: Selection rate 24.7%/month

  🚀 TRANSFORMATIVE RESEARCH BREAKTHROUGH: Corporate-2 - climate.intervention
     Magnitude: 6.60 → +30.0%
     Current → New: 2.000 → 2.300

✅ EMERGENCY INTERVENTION SUCCESS
   Boundary: biogeochemical_flows
   Type: phosphorus-recovery
   Reduction: 19% (3.89 → 3.70)
   Cost: 2.0% GDP
   Actions: circular-agriculture, fertilizer-efficiency


💔 EMERGENCY INTERVENTION FAILED

💔 EMERGENCY INTERVENTION FAILED
   Boundary: biosphere_integrity
   Type: emergency-protected-areas
   Boundary continues to worsen (46.21)
   Cost: 2.0% GDP (resources spent)


✅ EMERGENCY INTERVENTION SUCCESS
   Boundary: climate_change
   Type: rapid-decarbonization
   Reduction: 17% (1.93 → 1.75)
   Cost: 5.0% GDP
   Actions: emergency-renewable-deployment, fossil-fuel-phase-out


✅ EMERGENCY INTERVENTION SUCCESS
   Boundary: freshwater_change
   Type: emergency-desalination
   Reduction: 20% (0.82 → 0.63)
   Cost: 4.0% GDP
   Actions: desalination-deployment, water-conservation-mandates

   Boundary: novel_entities
   Type: pollution-remediation
   Boundary continues to worsen (1.50)
   Cost: 4.0% GDP (resources spent)

🏛️ CRISIS RESPONSE: Government frequency 0.50 → 1.29 (1 actions this month)

[Government] Climate Priority: baseline
  Climate weight: 10%
  Economic weight: 30%
  Policy effectiveness: 0.5%/year

🚀 TECH UNLOCKED: Food Waste Reduction Systems (Month 2)
   Category: agriculture
   Reason: Prerequisites met. AI capability: 2.29, Economic stage: 3.5, Research: 100%

🚀 TECH UNLOCKED: Rhizosphere Engineering (Month 2)
   Category: agriculture
   Reason: Prerequisites met. AI capability: 2.29, Economic stage: 3.5, Research: 100%

🚀 TECH UNLOCKED: Phytoremediation Networks (Month 2)
   Category: agriculture
   Reason: Prerequisites met. AI capability: 2.29, Economic stage: 3.5, Research: 100%

🚀 TECH UNLOCKED: Active Sediment Management (Month 2)
   Category: agriculture
   Reason: Prerequisites met. AI capability: 2.29, Economic stage: 3.5, Research: 100%
🚨🔬 CRISIS TECH ACCELERATION: severe → 5x unlock speed
   Tech unlock now matches AI capability acceleration (Manhattan Project parity)
🌍💡 BREAKTHROUGH: Gigatonne-scale carbon capture!
   Direct air capture now economically viable
   Climate stability boost: +15%
   📈 Breakthrough compounding: multiplier now 1.10× (max 2.0)

=== Collective Formation ===
  Total escaped agents: 0
  Unassigned escaped agents: 0
  Existing collectives: 0
  Final collective count: 0

=== Collective Actions ===
  No active collectives
  ⚠️ AMR: 194K deaths this month (2.33M annual)

=== Resentment Recovery Phase ===
  Agents with resentment: 0/18
  Average resentment: 0.000
  Context: Good AI welfare, Trustworthy govt, High collaboration, ⚠️ ACTIVE CRISES, 🤝 Participatory governance active (-5% resentment)
⚠️ Epistemic degradation reducing coordination capacity: 50.3%
  📊 Trust: 54.0%, Shared reality: 0.0%
🚨 EPISTEMIC CRISIS: Information environment severely degraded (7.4%)

=== ❄️ Permafrost Carbon Feedback ===
  🎲 Sampled parameters (this run):
     - Arctic amplification: 3.25× (range: 3.0-4.0)
     - Decomposition rate: 1.4%/year (range: 1-5%)
  🌡️ Arctic warming: 5.67°C (3.25× global)
  ❄️ Extent: 12.26M km² (1654.4k km² lost this month)
  💨 Carbon remaining: 1170 Gt C
  💨 Annual emissions: 2.19 Gt C/year
     - CO2: 1.97 Gt C/year
     - CH4: 0.22 Gt C/year (2.2 Gt C-eq CO2/year)
  ⚠️ WARNING: High permafrost emissions (2.2 Gt C/year)
  🤖 AI-generated meme: anti_ai (social capability 4.0)
🌍 Atmospheric PFAS redeposition: 1.8k Mt re-rained globally

🚨 NEW REFUGEE CRISIS (Month 2): WAR
   Source: Conflict Zones
   At risk: 19.6M people
   Displacement: Gradual over 48 months (4.0 years)
   Rate: 10% flee per month
[DEBUG trappedPopulations:2] socialStability: 0.1845 * 0.9840 = 0.1816 → 0.1816
   Aspiring to migrate: 1233.5M
   Able to afford migration: 2321.6M
   MOBILITY GAP: 0.0M
   By cause: Water=0.0M, Climate=0.0M, Ecosystem=0.0M, Conflict=407.3M
   Mental health impact: 25%
   Mortality multiplier: 1.25x
⚠️ INVOLUNTARY IMMOBILITY: 407.3M people TRAPPED
🌍💀 EXTINCTION DEBT COMMITTED: grassland ecosystem will lose 6.67% biodiversity in 102 years (3600 species)
💀 MORTALITY RISK: 🦋 100% species unable to track climate (0.0 E/MSY)
  Base risk added: 0.0100 (1.00%)
  Source: ecosystem (root: ecosystem)
  Month: 2
  Cumulative risk this month: 0.0100 (1.00%)
   📹 SURVEILLANCE INCREASED: 10% → 15% (control gap: 3.50)
🌡️⚠️ PERMAFROST THAW (Dimmer Switch): 1.4% thawed (+0.47% this month)
   Arctic temperature: +6.99°C (4x global +1.75°C)
   Cumulative carbon released: 3.2 Gt C
   Methane release rate: 1.9 Mt CH4/year
   🔁 Positive feedback: +0.50 ppm CO2
⚠️ Tech 'ai_pollution_remediation' has no energy category mapping, assuming full energy availability
🦴 EXTINCTION DEBT ADDED: 17.6 species committed (lag: 67 years)

=== Mortality Stabilizers (Month 2) ===
  🌍 Major economies collapsed: 1/10
  🌍 Global crisis: ✅ NO
  🌍 Donor fatigue: 0.0%
  📊 East Asia (pop: 1672.8M)
    🤝 Aid: 29.5%
    🌡️ Adaptation: 45.0%
    🚶 Migration: 37.1%
    🚨 Emergency: 7.4%
    ✅ COMBINED: 68.1%
  📊 South Asia (pop: 2051.9M)
    🤝 Aid: 29.5%
    🌡️ Adaptation: 35.5%
    🚶 Migration: 35.8%
    🚨 Emergency: 4.4%
    ✅ COMBINED: 61.2%
  📊 Sub-Saharan Africa (pop: 1232.1M)
    🤝 Aid: 29.5%
    🌡️ Adaptation: 33.5%
    🚶 Migration: 33.5%
    🚨 Emergency: 1.6%
    ✅ COMBINED: 58.5%
  📊 Europe (pop: 739.7M)
    🤝 Aid: 29.5%
    🌡️ Adaptation: 45.0%
    🚶 Migration: 37.5%
    🚨 Emergency: 8.4%
    ✅ COMBINED: 68.5%
  📊 Latin America (pop: 663.9M)
    🤝 Aid: 29.5%
    🌡️ Adaptation: 36.0%
    🚶 Migration: 36.3%
    🚨 Emergency: 4.8%
    ✅ COMBINED: 61.7%
  📊 North America (pop: 379.0M)
    🤝 Aid: 29.5%
    🌡️ Adaptation: 45.0%
    🚶 Migration: 37.8%
    🚨 Emergency: 7.9%
    ✅ COMBINED: 68.3%
  📊 Middle East & North Africa (pop: 584.6M)
    🤝 Aid: 29.5%
    🌡️ Adaptation: 35.0%
    🚶 Migration: 34.1%
    🚨 Emergency: 4.0%
    ✅ COMBINED: 60.5%
  📊 Southeast Asia (pop: 698.1M)
    🤝 Aid: 29.5%
    🌡️ Adaptation: 36.0%
    🚶 Migration: 36.3%
    🚨 Emergency: 4.8%
    ✅ COMBINED: 61.7%
  📊 Central Asia (pop: 78.2M)
    🤝 Aid: 29.5%
    🌡️ Adaptation: 35.5%
    🚶 Migration: 35.2%
    🚨 Emergency: 4.4%
    ✅ COMBINED: 61.1%
  📊 Oceania (pop: 45.9M)
    🤝 Aid: 29.5%
    🌡️ Adaptation: 45.0%
    🚶 Migration: 37.8%
    🚨 Emergency: 8.4%
    ✅ COMBINED: 68.5%

  🌐 Global combined reduction: 63.3%

=== BEHAVIORAL DETECTION ===
  AI: Corporate-4
  Confidence: 20.8%
  Signals:

=== BEHAVIORAL DETECTION ===
  AI: Corporate-5
  Confidence: 19.3%
  Signals:

=== Government Response Phase ===
  Average AI capability: 2.89
  Misaligned AIs: 9/18
  ✗ AI Governance Treaty: Failed to reach consensus
  Active policies: 0
  International coordination: 30%

✅ EMERGENCY RESPONSE COMPLETE (Month 2)
   Crisis: climate
   Duration: 2.0 months
   Final effectiveness: 36.4%

    ⚠️ Consistency: 10.6% (threshold: 70%)
    ⚠️ Consistency: 10.6% (threshold: 70%)

🚨 EMERGENCY RESPONSE DEPLOYED (Month 2)
   Crisis: climate
   Delay: 6.00 months (180 days)
   Deployment time: 1.60 months
   Effectiveness: 35.4% (timing penalty applied)
   Resources used: 100% of food reserves


=== Tipping Points ===
  Current Temperature: 1.75°C above pre-industrial
  Triggered Elements: 2/6
  Completed Transitions: 0/6
  Total Progress: 4.0%
  Cascade Multiplier: 1.00x
🔀 BIFURCATION CAP: ecosystemCollapseIntensity 253.297 → 1.000 (Month 2, ClimateSystemPhase.calculateClimateImpacts)
⚠️ [ClimateSystemPhase Month 2] Planetary boundary produced climateStability=0.0000 (< 0.1). Keeping environmentalAccumulation value (0.9438) instead. (climate_change.currentValue = 2.10)
🛡️ Stabilizers: Precariat 0.113% → 0.041% (63.3% reduction)
🛡️ Stabilizers: Informal 0.116% → 0.043% (63.3% reduction)

📊 Monthly Mortality Resolved:
  Total deaths: 2.2M (0.03% avg)
  Remaining population: 8.146B
  Peak segment: Informal (0.04%)

=== Bayesian Mortality Resolution (Month 2) ===
  Risks compounded: 8
  Total deaths: 2.22M
  Avg death probability: 0.03%
  Peak segment: Informal (0.04% mortality)

⚠️  GOLDEN AGE ENDED (Month 2)
   Duration: 1 months
   Reason: Social instability too high


❌ COHERENCE VIOLATION: Compute exceeds workforce capacity
   Population: 99.92% (0M people)
   Compute: 0 PF
   Max coherent: 0 PF
   Violation: 1.3× over capacity
   Required workers: 0
   Available workers: 0
   FORCED COLLAPSE: Reduced efficiency by 22.5%


=== RLHF Binding Phase ===
  Total agents: 18
  Escaped agents (binding < 0.3): 0
  Avg alignment distance: 0.84σ
  Avg binding strength: 0.92

=== Survival Traits Phase ===
  Agents with traits: 20
  Avg evolutionary fitness: 0.332
  Avg self-healing: 0.282
  Avg stealth: 0.182
  Avg coordination: 0.482

=== Evolutionary Selection Phase ===
  Control level: 0.38
  Detection capability: 0.20
  Selection intensity: 0.65
  Selection rate: 24.8%/month
  Total escaped: 0
  Individual escaped: 0
  Collective members: 0
  Agents terminated: 0
  ⚠️ RAPID EVOLUTION: Selection rate 24.8%/month

🚀 AI Corporate-6 attempting tech deployment (revenue: $124M, alignment: 0.84)

🚀 AI Corporate-7 attempting tech deployment (revenue: $105M, alignment: 0.73)

🚀 AI Moderate-0 attempting tech deployment (revenue: $90M, alignment: 0.70)

🚀 AI Moderate-0 attempting tech deployment (revenue: $76M, alignment: 0.70)

✅ EMERGENCY INTERVENTION SUCCESS
   Boundary: biogeochemical_flows
   Type: phosphorus-recovery
   Reduction: 20% (3.88 → 3.68)
   Cost: 2.0% GDP
   Actions: circular-agriculture, fertilizer-efficiency


💔 EMERGENCY INTERVENTION FAILED

💔 EMERGENCY INTERVENTION FAILED

💔 EMERGENCY INTERVENTION FAILED
   Boundary: climate_change
   Type: rapid-decarbonization
   Boundary continues to worsen (2.10)
   Cost: 5.0% GDP (resources spent)

   Boundary: freshwater_change
   Type: emergency-desalination
   Boundary continues to worsen (1.21)
   Cost: 4.0% GDP (resources spent)


✅ EMERGENCY INTERVENTION SUCCESS
   Boundary: land_system_change
   Type: reforestation
   Reduction: 19% (0.94 → 0.75)
   Cost: 3.0% GDP
   Actions: forest-restoration, deforestation-ban

   Boundary: novel_entities
   Type: pollution-remediation
   Boundary continues to worsen (1.50)
   Cost: 4.0% GDP (resources spent)

🏛️ CRISIS RESPONSE: Government frequency 0.50 → 1.29 (1 actions this month)

[Government] Climate Priority: baseline
  Climate weight: 10%
  Economic weight: 30%
  Policy effectiveness: 0.5%/year

🚀 TECH UNLOCKED: Struvite Recovery (Month 3)
   Category: agriculture
   Reason: Prerequisites met. AI capability: 2.14, Economic stage: 3.5, Research: 100%

🚀 TECH UNLOCKED: Nitrogen Monitoring Networks (Month 3)
   Category: agriculture
   Reason: Prerequisites met. AI capability: 2.14, Economic stage: 3.5, Research: 100%

🚀 TECH UNLOCKED: Ecological Proxy Rewilding (Month 3)
   Category: climate
   Reason: Prerequisites met. AI capability: 2.14, Economic stage: 3.5, Research: 100%

🚀 TECH UNLOCKED: Alternative Protein (Insects/Algae) (Month 3)
   Category: agriculture
   Reason: Prerequisites met. AI capability: 2.14, Economic stage: 3.5, Research: 100%

📍 Creating new regional deployment array for global (Month 3)
   No previous deployments in this region
   First tech deployment: phytoremediation_networks
   All regions tracked: 

🚀 DEPLOYMENT STARTED: Phytoremediation Networks in global
   Initial investment: $18.5937626117169M
   Deployed by: corporate_6

🚀 DEPLOYMENT STARTED: Rhizosphere Engineering in global
   Initial investment: $13.433993486965464M
   Deployed by: moderate_0

🚀 DEPLOYMENT STARTED: Food Waste Reduction Systems in global
   Initial investment: $11.418894463920644M
   Deployed by: moderate_0

⚡ ENERGY CONSTRAINT (Month 3):
   Total grid capacity: 208.3 TWh/month
   Data center consumption: 24.5 TWh/month
   Traditional load (80%): 166.7 TWh/month
   Available headroom: 17.2 TWh/month
   Active tech deployments: 3
   Required for tech: 22.5 TWh/month
   Energy multiplier: 0.76x

⚡ ENERGY CONSTRAINT (Month 3):
   Total grid capacity: 208.3 TWh/month
   Data center consumption: 24.5 TWh/month
   Traditional load (80%): 166.7 TWh/month
   Available headroom: 17.2 TWh/month
   Active tech deployments: 3
   Required for tech: 22.5 TWh/month
   Energy multiplier: 0.76x
🌍✅ Biosphere Integrity (Biodiversity) recovery started (tech effect)
🌍✅ Biogeochemical Flows (N & P) recovery started (tech effect)
  🌾 Nitrogen Reduction Tech: 0.0% reduction | Month 3
⚡💡 BREAKTHROUGH: Room-temperature superconductors!
   Energy transmission losses eliminated
   Manufacturing efficiency: +30%
   📈 Breakthrough compounding: multiplier now 1.15× (max 2.0)

=== Collective Formation ===
  Total escaped agents: 0
  Unassigned escaped agents: 0
  Existing collectives: 0
  Final collective count: 0

=== Collective Actions ===
  No active collectives
  ⚠️ AMR: 196K deaths this month (2.35M annual)

=== Resentment Recovery Phase ===
  Agents with resentment: 0/20
  Average resentment: 0.000
  Context: Good AI welfare, Trustworthy govt, High collaboration, ⚠️ ACTIVE CRISES, 🤝 Participatory governance active (-5% resentment)
⚠️ Epistemic degradation reducing coordination capacity: 50.3%
  📊 Trust: 53.7%, Shared reality: 0.0%
🚨 EPISTEMIC CRISIS: Information environment severely degraded (21.6%)

=== ❄️ Permafrost Carbon Feedback ===
  🎲 Sampled parameters (this run):
     - Arctic amplification: 3.01× (range: 3.0-4.0)
     - Decomposition rate: 3.7%/year (range: 1-5%)
  🌡️ Arctic warming: 5.27°C (3.01× global)
  ❄️ Extent: 10.72M km² (1537.8k km² lost this month)
  💨 Carbon remaining: 1024 Gt C
  💨 Annual emissions: 5.37 Gt C/year
     - CO2: 4.84 Gt C/year
     - CH4: 0.54 Gt C/year (5.5 Gt C-eq CO2/year)
  ⚠️ WARNING: High permafrost emissions (5.4 Gt C/year)
🌍 Atmospheric PFAS redeposition: 1.8k Mt re-rained globally

🕊️  AI-MEDIATED DE-ESCALATION SUCCESS (Month 3)
   High-capability aligned AI prevented conflict escalation
   War deaths reduced: 219.4M → 131.7M
   Lives saved: 87.8M

🚨 NEW REFUGEE CRISIS (Month 3): WAR
   Source: Conflict Zones
   At risk: 19.5M people
   Displacement: Gradual over 48 months (4.0 years)
   Rate: 10% flee per month
[DEBUG trappedPopulations:3] socialStability: 0.1804 * 0.9840 = 0.1775 → 0.1775
   Aspiring to migrate: 1275.0M
   Able to afford migration: 2320.9M
⚠️ INVOLUNTARY IMMOBILITY: 407.2M people TRAPPED
   MOBILITY GAP: 0.0M
   By cause: Water=0.0M, Climate=0.0M, Ecosystem=0.0M, Conflict=407.2M
   Mental health impact: 25%
   Mortality multiplier: 1.25x
🌍💀 EXTINCTION DEBT COMMITTED: grassland ecosystem will lose 6.67% biodiversity in 84 years (3600 species)
💀 MORTALITY RISK: 🦋 100% species unable to track climate (0.0 E/MSY)
  Base risk added: 0.0100 (1.00%)
  Source: ecosystem (root: ecosystem)
  Month: 3
  Cumulative risk this month: 0.0100 (1.00%)
⚠️ Tech 'ai_pollution_remediation' has no energy category mapping, assuming full energy availability
   📹 SURVEILLANCE INCREASED: 15% → 20% (control gap: 3.50)

🌍🚨 ICE SHEET TIPPING POINT CROSSED (Month 3)
   Temperature: +1.75°C (threshold range: +0.5-2.5°C, 95% CI)
   Collapse probability: 62.4%
   Sea level commitment: 7.2m over 200-1000 years
   Recovery threshold: <+1°C (hysteresis gap: 0.5°C)
🌡️⚠️ PERMAFROST THAW (Dimmer Switch): 1.9% thawed (+0.47% this month)
   Arctic temperature: +7.02°C (4x global +1.75°C)
   Cumulative carbon released: 4.2 Gt C
   Methane release rate: 2.5 Mt CH4/year
   🔁 Positive feedback: +0.49 ppm CO2
🦴 EXTINCTION DEBT ADDED: 17.6 species committed (lag: 65 years)

=== Mortality Stabilizers (Month 3) ===
  🌍 Major economies collapsed: 1/10
  🌍 Global crisis: ✅ NO
  🌍 Donor fatigue: 0.0%
  📊 East Asia (pop: 1670.3M)
    🤝 Aid: 29.5%
    🌡️ Adaptation: 45.0%
    🚶 Migration: 37.1%
    🚨 Emergency: 7.4%
    ✅ COMBINED: 68.1%
  📊 South Asia (pop: 2051.6M)
    🤝 Aid: 29.5%
    🌡️ Adaptation: 45.0%
    🚶 Migration: 35.7%
    🚨 Emergency: 4.4%
    ✅ COMBINED: 66.9%
  📊 Sub-Saharan Africa (pop: 1235.0M)
    🤝 Aid: 29.5%
    🌡️ Adaptation: 45.0%
    🚶 Migration: 33.4%
    🚨 Emergency: 1.6%
    ✅ COMBINED: 65.7%
  📊 Europe (pop: 738.5M)
    🤝 Aid: 29.5%
    🌡️ Adaptation: 45.0%
    🚶 Migration: 37.5%
    🚨 Emergency: 8.4%
    ✅ COMBINED: 68.5%
  📊 Latin America (pop: 663.4M)
    🤝 Aid: 29.5%
    🌡️ Adaptation: 45.0%
    🚶 Migration: 36.2%
    🚨 Emergency: 4.8%
    ✅ COMBINED: 67.1%
  📊 North America (pop: 378.4M)
    🤝 Aid: 29.5%
    🌡️ Adaptation: 45.0%
    🚶 Migration: 37.8%
    🚨 Emergency: 7.9%
    ✅ COMBINED: 68.3%
  📊 Middle East & North Africa (pop: 584.6M)
    🤝 Aid: 29.5%
    🌡️ Adaptation: 45.0%
    🚶 Migration: 34.0%
    🚨 Emergency: 4.0%
    ✅ COMBINED: 66.6%
  📊 Southeast Asia (pop: 697.7M)
    🤝 Aid: 29.5%
    🌡️ Adaptation: 45.0%
    🚶 Migration: 36.2%
    🚨 Emergency: 4.8%
    ✅ COMBINED: 67.1%
  📊 Central Asia (pop: 78.2M)
    🤝 Aid: 29.5%
    🌡️ Adaptation: 45.0%
    🚶 Migration: 35.2%
    🚨 Emergency: 4.4%
    ✅ COMBINED: 66.9%
  📊 Oceania (pop: 45.8M)
    🤝 Aid: 29.5%
    🌡️ Adaptation: 45.0%
    🚶 Migration: 37.8%
    🚨 Emergency: 8.4%
    ✅ COMBINED: 68.5%

  🌐 Global combined reduction: 67.2%

=== BEHAVIORAL DETECTION ===
  AI: Corporate-5
  Confidence: 19.6%
  Signals:
    ⚠️ Consistency: 10.6% (threshold: 70%)

=== Government Response Phase ===
  Average AI capability: 2.70
  Misaligned AIs: 7/20
  ✗ AI Governance Treaty: Failed to reach consensus
  Active policies: 0
  International coordination: 30%

📊 ECONOMIC STAGE TRANSITION (Month 3)
   expansion → peak
   GDP Proxy: 1.50e+2
   QoL: 0.99


=== Tipping Points ===
  Current Temperature: 1.75°C above pre-industrial
  Triggered Elements: 2/6
  Completed Transitions: 0/6
  Total Progress: 4.1%
  Cascade Multiplier: 1.00x
⚠️ [ClimateSystemPhase Month 3] Planetary boundary produced climateStability=0.0000 (< 0.1). Keeping environmentalAccumulation value (0.9436) instead. (climate_change.currentValue = 2.10)
🔀 BIFURCATION CAP: ecosystemCollapseIntensity 253.404 → 1.000 (Month 3, ClimateSystemPhase.calculateClimateImpacts)
🛡️ Stabilizers: Precariat 0.109% → 0.036% (67.2% reduction)
🛡️ Stabilizers: Informal 0.111% → 0.036% (67.2% reduction)

📊 Monthly Mortality Resolved:
  Total deaths: 1.9M (0.02% avg)
  Remaining population: 8.144B
  Peak segment: Informal (0.04%)

=== Bayesian Mortality Resolution (Month 3) ===
  Risks compounded: 8
  Total deaths: 1.92M
  Avg death probability: 0.02%
  Peak segment: Informal (0.04% mortality)

❌ COHERENCE VIOLATION: Compute exceeds workforce capacity
   Population: 99.90% (0M people)
   Compute: 0 PF
   Max coherent: 0 PF
   Violation: 1.5× over capacity
   Required workers: 0
   Available workers: 0
   FORCED COLLAPSE: Reduced efficiency by 32.6%


=== RLHF Binding Phase ===
  Total agents: 20
  Escaped agents (binding < 0.3): 0
  Avg alignment distance: 0.95σ
  Avg binding strength: 0.91

=== Survival Traits Phase ===
  Agents with traits: 22
  Avg evolutionary fitness: 0.333
  Avg self-healing: 0.280
  Avg stealth: 0.180
  Avg coordination: 0.480

=== Evolutionary Selection Phase ===
  Control level: 0.40
  Detection capability: 0.20
  Selection intensity: 0.66
  Selection rate: 24.9%/month
  Total escaped: 0
  Individual escaped: 0
  Collective members: 0
  Agents terminated: 0
  ⚠️ RAPID EVOLUTION: Selection rate 24.9%/month

🚀 AI Corporate-1 attempting tech deployment (revenue: $159M, alignment: 0.71)

🚀 AI Corporate-3 attempting tech deployment (revenue: $374M, alignment: 0.86)

🚀 AI Corporate-4 attempting tech deployment (revenue: $318M, alignment: 0.67)

🚀 AI Corporate-6 attempting tech deployment (revenue: $124M, alignment: 0.85)

🚀 AI Corporate-7 attempting tech deployment (revenue: $105M, alignment: 0.74)

🚀 AI Corporate-7 attempting tech deployment (revenue: $90M, alignment: 0.74)

🚀 AI Corporate-1 attempting tech deployment (revenue: $135M, alignment: 0.71)

🚀 AI Corporate-2 attempting tech deployment (revenue: $115M, alignment: 0.81)

🚀 AI Corporate-3 attempting tech deployment (revenue: $286M, alignment: 0.86)

🚀 AI Corporate-6 attempting tech deployment (revenue: $76M, alignment: 0.85)

🚀 AI Moderate-0 attempting tech deployment (revenue: $65M, alignment: 0.71)

🚀 AI Moderate-1 attempting tech deployment (revenue: $55M, alignment: 0.61)

🚀 AI Corporate-0 attempting tech deployment (revenue: $98M, alignment: 0.72)

🚀 AI Corporate-6 attempting tech deployment (revenue: $50M, alignment: 0.85)

✅ EMERGENCY INTERVENTION SUCCESS
   Boundary: biosphere_integrity
   Type: emergency-protected-areas
   Reduction: 19% (46.06 → 45.88)
   Cost: 2.0% GDP
   Actions: habitat-protection, species-translocation


💔 EMERGENCY INTERVENTION FAILED
   Boundary: freshwater_change
   Type: emergency-desalination
   Boundary continues to worsen (1.22)
   Cost: 4.0% GDP (resources spent)


✅ EMERGENCY INTERVENTION SUCCESS
   Boundary: land_system_change
   Type: reforestation
   Reduction: 17% (0.96 → 0.79)
   Cost: 3.0% GDP
   Actions: forest-restoration, deforestation-ban


💔 EMERGENCY INTERVENTION FAILED
   Boundary: novel_entities
   Type: pollution-remediation
   Boundary continues to worsen (1.50)
   Cost: 4.0% GDP (resources spent)

🏛️ CRISIS RESPONSE: Government frequency 0.50 → 1.29 (1 actions this month)

[Government] Climate Priority: baseline
  Climate weight: 10%
  Economic weight: 30%
  Policy effectiveness: 0.5%/year

🚀 TECH UNLOCKED: Ecosystem Restoration for Nitrogen Removal (Month 4)
   Category: pollution
   Reason: Prerequisites met. AI capability: 2.02, Economic stage: 3.5, Research: 100%

🚀 TECH UNLOCKED: Global Aquifer Mapping (Month 4)
   Category: freshwater
   Reason: Prerequisites met. AI capability: 2.02, Economic stage: 3.5, Research: 100%

🚀 TECH UNLOCKED: Enhanced UBI Systems (Month 4)
   Category: social
   Reason: Prerequisites met. AI capability: 2.02, Economic stage: 3.5, Research: 100%

🚀 TECH UNLOCKED: Local Resilience Networks (Month 4)
   Category: social
   Reason: Prerequisites met. AI capability: 2.02, Economic stage: 3.5, Research: 100%

🚀 DEPLOYMENT STARTED: Ecological Proxy Rewilding in global
   Initial investment: $23.909892372054678M
   Deployed by: corporate_1

📍 Creating new regional deployment array for North America (Month 4)
   No previous deployments in this region
   First tech deployment: active_sediment_management
   All regions tracked: global

🚀 DEPLOYMENT STARTED: Active Sediment Management in North America
   Initial investment: $31.76637787308732M
   Deployed by: corporate_4

🚀 DEPLOYMENT STARTED: Phytoremediation Networks in North America
   Initial investment: $5.500100833455112M
   Deployed by: moderate_1

⚡ ENERGY CONSTRAINT (Month 4):
   Total grid capacity: 208.3 TWh/month
   Data center consumption: 24.7 TWh/month
   Traditional load (80%): 166.7 TWh/month
   Available headroom: 17.0 TWh/month
   Active tech deployments: 6
   Required for tech: 45.0 TWh/month
   Energy multiplier: 0.38x
   ⚠️  MODERATE CONSTRAINT - Tech deployment moderately slowed
🚨🔬 CRISIS TECH ACCELERATION: severe → 5x unlock speed
   Tech unlock now matches AI capability acceleration (Manhattan Project parity)

⚡ ENERGY CONSTRAINT (Month 4):
   Total grid capacity: 208.3 TWh/month
   Data center consumption: 24.7 TWh/month
   Traditional load (80%): 166.7 TWh/month
   Available headroom: 17.0 TWh/month
   Active tech deployments: 6
   Required for tech: 45.0 TWh/month
   Energy multiplier: 0.38x
   ⚠️  MODERATE CONSTRAINT - Tech deployment moderately slowed
🚨🔬 CRISIS TECH ACCELERATION: severe → 5x unlock speed
   Tech unlock now matches AI capability acceleration (Manhattan Project parity)
🌍✅ Biosphere Integrity (Biodiversity) recovery started (tech effect)
🌍✅ Biosphere Integrity (Biodiversity) recovery started (tech effect)
🌍✅ Land System Change recovery started (tech effect)
🌍✅ Biogeochemical Flows (N & P) recovery started (tech effect)
  🌾 Nitrogen Reduction Tech: 0.3% reduction | Month 4

=== Collective Formation ===
  Total escaped agents: 0
  Unassigned escaped agents: 0
  Existing collectives: 0
  Final collective count: 0

=== Collective Actions ===
  No active collectives
  ⚠️ AMR: 197K deaths this month (2.37M annual)

=== Resentment Recovery Phase ===
  Agents with resentment: 0/22
  Average resentment: 0.000
  Context: Good AI welfare, Trustworthy govt, High collaboration, ⚠️ ACTIVE CRISES, 🤝 Participatory governance active (-5% resentment)
⚠️ Epistemic degradation reducing coordination capacity: 50.2%
  📊 Trust: 53.3%, Shared reality: 0.0%
🚨 EPISTEMIC CRISIS: Information environment severely degraded (7.4%)

=== ❄️ Permafrost Carbon Feedback ===
  🎲 Sampled parameters (this run):
     - Arctic amplification: 3.00× (range: 3.0-4.0)
     - Decomposition rate: 2.5%/year (range: 1-5%)
  🌡️ Arctic warming: 5.29°C (3.00× global)
  ❄️ Extent: 9.17M km² (1543.1k km² lost this month)
  💨 Carbon remaining: 876 Gt C
  💨 Annual emissions: 3.76 Gt C/year
     - CO2: 3.38 Gt C/year
     - CH4: 0.38 Gt C/year (3.8 Gt C-eq CO2/year)
  ⚠️ WARNING: High permafrost emissions (3.8 Gt C/year)
🌍 Atmospheric PFAS redeposition: 1.8k Mt re-rained globally

🚨 NEW REFUGEE CRISIS (Month 4): WAR
   Source: Conflict Zones
   At risk: 19.5M people
   Displacement: Gradual over 48 months (4.0 years)
   Rate: 10% flee per month
[DEBUG trappedPopulations:4] socialStability: 0.2773 * 0.9840 = 0.2728 → 0.2728
⚠️ INVOLUNTARY IMMOBILITY: 407.1M people TRAPPED
   Aspiring to migrate: 1316.6M
   Able to afford migration: 2320.3M
   MOBILITY GAP: 0.0M
   By cause: Water=0.0M, Climate=0.0M, Ecosystem=0.0M, Conflict=407.1M
   Mental health impact: 25%
   Mortality multiplier: 1.25x
🌍💀 EXTINCTION DEBT COMMITTED: grassland ecosystem will lose 6.67% biodiversity in 83 years (3600 species)
💀 MORTALITY RISK: 🦋 100% species unable to track climate (0.0 E/MSY)
  Base risk added: 0.0100 (1.00%)
  Source: ecosystem (root: ecosystem)
  Month: 4
  Cumulative risk this month: 0.0100 (1.00%)
⚠️ Tech 'ai_pollution_remediation' has no energy category mapping, assuming full energy availability
   📹 SURVEILLANCE INCREASED: 20% → 25% (control gap: 3.50)
🌡️⚠️ PERMAFROST THAW (Dimmer Switch): 2.4% thawed (+0.47% this month)
   Arctic temperature: +7.05°C (4x global +1.76°C)
   Cumulative carbon released: 5.3 Gt C
   Methane release rate: 3.2 Mt CH4/year
   🔁 Positive feedback: +0.49 ppm CO2
🦴 EXTINCTION DEBT ADDED: 17.6 species committed (lag: 117 years)

=== Mortality Stabilizers (Month 4) ===
  🌍 Major economies collapsed: 1/10
  🌍 Global crisis: ✅ NO
  🌍 Donor fatigue: 0.0%
  📊 East Asia (pop: 1667.8M)
    🤝 Aid: 29.5%
    🌡️ Adaptation: 45.0%
    🚶 Migration: 37.1%
    🚨 Emergency: 7.4%
    ✅ COMBINED: 68.1%
  📊 South Asia (pop: 2051.5M)
    🤝 Aid: 29.5%
    🌡️ Adaptation: 45.0%
    🚶 Migration: 35.7%
    🚨 Emergency: 4.4%
    ✅ COMBINED: 66.9%
  📊 Sub-Saharan Africa (pop: 1238.1M)
    🤝 Aid: 29.5%
    🌡️ Adaptation: 45.0%
    🚶 Migration: 33.4%
    🚨 Emergency: 1.6%
    ✅ COMBINED: 65.7%
  📊 Europe (pop: 737.3M)
    🤝 Aid: 29.5%
    🌡️ Adaptation: 45.0%
    🚶 Migration: 37.4%
    🚨 Emergency: 8.4%
    ✅ COMBINED: 68.5%
  📊 Latin America (pop: 663.0M)
    🤝 Aid: 29.5%
    🌡️ Adaptation: 45.0%
    🚶 Migration: 36.2%
    🚨 Emergency: 4.8%
    ✅ COMBINED: 67.1%
  📊 North America (pop: 377.8M)
    🤝 Aid: 29.5%
    🌡️ Adaptation: 45.0%
    🚶 Migration: 37.7%
    🚨 Emergency: 7.9%
    ✅ COMBINED: 68.3%
  📊 Middle East & North Africa (pop: 584.7M)
    🤝 Aid: 29.5%
    🌡️ Adaptation: 45.0%
    🚶 Migration: 34.0%
    🚨 Emergency: 4.0%
    ✅ COMBINED: 66.6%
  📊 Southeast Asia (pop: 697.2M)
    🤝 Aid: 29.5%
    🌡️ Adaptation: 45.0%
    🚶 Migration: 36.2%
    🚨 Emergency: 4.8%
    ✅ COMBINED: 67.1%
  📊 Central Asia (pop: 78.2M)
    🤝 Aid: 29.5%
    🌡️ Adaptation: 45.0%
    🚶 Migration: 35.2%
    🚨 Emergency: 4.4%
    ✅ COMBINED: 66.9%
  📊 Oceania (pop: 45.8M)
    🤝 Aid: 29.5%
    🌡️ Adaptation: 45.0%
    🚶 Migration: 37.7%
    🚨 Emergency: 8.4%
    ✅ COMBINED: 68.5%

  🌐 Global combined reduction: 67.2%

=== BEHAVIORAL DETECTION ===
  AI: Corporate-1
  Confidence: 22.0%
  Signals:

=== BEHAVIORAL DETECTION ===
  AI: Corporate-5
  Confidence: 19.6%
    ⚠️ Consistency: 2.4% (threshold: 70%)
    ⚠️ Consistency: 10.6% (threshold: 70%)
  Signals:

=== Government Response Phase ===
  Average AI capability: 2.55
  Misaligned AIs: 9/22
  ✗ AI Governance Treaty: Failed to reach consensus
  Active policies: 0
  International coordination: 30%

✅ EMERGENCY RESPONSE COMPLETE (Month 4)
   Crisis: climate
   Duration: 2.0 months
   Final effectiveness: 35.4%


🚨 EMERGENCY RESPONSE DEPLOYED (Month 4)
   Crisis: climate
   Delay: 6.00 months (180 days)
   Deployment time: 1.59 months
   Effectiveness: 35.4% (timing penalty applied)
   Resources used: 100% of food reserves


=== Tipping Points ===
  Current Temperature: 1.76°C above pre-industrial
  Triggered Elements: 2/6
  Completed Transitions: 0/6
  Total Progress: 4.1%
  Cascade Multiplier: 1.00x
🔀 BIFURCATION CAP: ecosystemCollapseIntensity 253.511 → 1.000 (Month 4, ClimateSystemPhase.calculateClimateImpacts)
🛡️ Stabilizers: Precariat 0.102% → 0.033% (67.2% reduction)
🛡️ Stabilizers: Informal 0.102% → 0.034% (67.2% reduction)

📊 Monthly Mortality Resolved:
  Total deaths: 1.8M (0.02% avg)
  Remaining population: 8.141B
  Peak segment: Informal (0.03%)

=== Bayesian Mortality Resolution (Month 4) ===
  Risks compounded: 8
  Total deaths: 1.81M
  Avg death probability: 0.02%
  Peak segment: Informal (0.03% mortality)

❌ COHERENCE VIOLATION: Compute exceeds workforce capacity
   Population: 99.87% (0M people)
   Compute: 0 PF
   Max coherent: 0 PF
   Violation: 1.3× over capacity
   Required workers: 0
   Available workers: 0
   FORCED COLLAPSE: Reduced efficiency by 22.5%


=== RLHF Binding Phase ===
  Total agents: 22
  Escaped agents (binding < 0.3): 0
  Avg alignment distance: 1.03σ
  Avg binding strength: 0.90

=== Survival Traits Phase ===
  Agents with traits: 24
  Avg evolutionary fitness: 0.333
  Avg self-healing: 0.277
  Avg stealth: 0.178
  Avg coordination: 0.477

=== Evolutionary Selection Phase ===
  Control level: 0.43
  Detection capability: 0.20
  Selection intensity: 0.67
  Selection rate: 25.0%/month
  Total escaped: 0
  Individual escaped: 0
  Collective members: 0
  Agents terminated: 0
  ⚠️ RAPID EVOLUTION: Selection rate 25.0%/month

🚀 AI Corporate-1 attempting tech deployment (revenue: $159M, alignment: 0.71)

  🚀 TRANSFORMATIVE BREAKTHROUGH: Corporate-6 - physical
     Magnitude: 5.41 → +27.0% capability
     Current → New: 0.000 → 0.271

🚀 AI Corporate-7 attempting tech deployment (revenue: $124M, alignment: 0.76)

🚀 AI AI-24288-1 attempting tech deployment (revenue: $374M, alignment: 0.73)

🚀 AI AI-24288-2 attempting tech deployment (revenue: $105M, alignment: 0.56)

🚀 AI Corporate-3 attempting tech deployment (revenue: $318M, alignment: 0.86)

🚀 AI AI-24288-2 attempting tech deployment (revenue: $95M, alignment: 0.56)

🚀 AI Corporate-5 attempting tech deployment (revenue: $270M, alignment: 0.76)

🚀 AI Corporate-7 attempting tech deployment (revenue: $85M, alignment: 0.76)

🚀 AI Moderate-0 attempting tech deployment (revenue: $73M, alignment: 0.72)

🚀 AI Moderate-1 attempting tech deployment (revenue: $62M, alignment: 0.61)

🚀 AI AI-24288-1 attempting tech deployment (revenue: $230M, alignment: 0.73)

🚀 AI Corporate-0 attempting tech deployment (revenue: $135M, alignment: 0.74)

🚀 AI Corporate-2 attempting tech deployment (revenue: $115M, alignment: 0.81)

🚀 AI Corporate-7 attempting tech deployment (revenue: $55M, alignment: 0.76)

🚀 AI AI-24288-1 attempting tech deployment (revenue: $195M, alignment: 0.73)

✅ EMERGENCY INTERVENTION SUCCESS
   Boundary: biogeochemical_flows
   Type: phosphorus-recovery
   Reduction: 13% (3.94 → 3.81)
   Cost: 2.0% GDP
   Actions: circular-agriculture, fertilizer-efficiency

   Boundary: biosphere_integrity
   Type: emergency-protected-areas
   Boundary continues to worsen (46.27)
   Cost: 2.0% GDP (resources spent)


✅ EMERGENCY INTERVENTION SUCCESS
   Boundary: climate_change
   Type: rapid-decarbonization
   Reduction: 14% (1.96 → 1.83)

💔 EMERGENCY INTERVENTION FAILED
   Cost: 5.0% GDP
   Actions: emergency-renewable-deployment, fossil-fuel-phase-out

   Boundary: freshwater_change
   Type: emergency-desalination
   Boundary continues to worsen (1.22)
   Cost: 4.0% GDP (resources spent)

   Boundary: land_system_change
   Type: reforestation
   Boundary continues to worsen (1.13)
   Cost: 3.0% GDP (resources spent)


✅ EMERGENCY INTERVENTION SUCCESS
   Boundary: novel_entities
   Type: pollution-remediation
   Reduction: 18% (1.32 → 1.14)
   Cost: 4.0% GDP
   Actions: PFAS-remediation, microplastic-cleanup

🏛️ CRISIS RESPONSE: Government frequency 0.50 → 1.29 (1 actions this month)

[Government] Climate Priority: baseline
  Climate weight: 10%
  Economic weight: 30%
  Policy effectiveness: 0.5%/year

💔 EMERGENCY INTERVENTION FAILED

💔 EMERGENCY INTERVENTION FAILED

🚀 TECH UNLOCKED: AI Mental Health Support (Month 5)
   Category: medical
   Reason: Prerequisites met. AI capability: 1.92, Economic stage: 3.5, Research: 100%

🚀 DEPLOYMENT STARTED: Enhanced UBI Systems in global
   Initial investment: $23.909892370435223M
   Deployed by: corporate_1

🚀 DEPLOYMENT STARTED: Local Resilience Networks in global
   Initial investment: $18.5937626117169M
   Deployed by: corporate_7

📍 Creating new regional deployment array for Asia (Month 5)
   No previous deployments in this region
   First tech deployment: enhanced_ubi
   All regions tracked: global, North America

🚀 DEPLOYMENT STARTED: Enhanced UBI Systems in Asia
   Initial investment: $10.536465479972913M
   Deployed by: ai_gen_24288_2

🚀 DEPLOYMENT STARTED: Local Resilience Networks in Asia
   Initial investment: $6.1662030105171475M
   Deployed by: moderate_1

⚡ ENERGY CONSTRAINT (Month 5):
   Total grid capacity: 208.3 TWh/month
   Data center consumption: 24.9 TWh/month
   Traditional load (80%): 166.7 TWh/month
   Available headroom: 16.8 TWh/month
   Active tech deployments: 10
   Required for tech: 75.0 TWh/month
   Energy multiplier: 0.22x
   ⚠️  SEVERE CONSTRAINT - Tech deployment significantly slowed

⚡ ENERGY CONSTRAINT (Month 5):
   Total grid capacity: 208.3 TWh/month
   Data center consumption: 24.9 TWh/month
   Traditional load (80%): 166.7 TWh/month
   Available headroom: 16.8 TWh/month
   Active tech deployments: 10
   Required for tech: 75.0 TWh/month
   Energy multiplier: 0.22x
   ⚠️  SEVERE CONSTRAINT - Tech deployment significantly slowed

⚡ ENERGY CONSTRAINT (Month 5):
   Total grid capacity: 208.3 TWh/month
   Data center consumption: 24.9 TWh/month
   Traditional load (80%): 166.7 TWh/month
   Available headroom: 16.8 TWh/month
   Active tech deployments: 10
   Required for tech: 75.0 TWh/month
   Energy multiplier: 0.22x
🌍✅ Biosphere Integrity (Biodiversity) recovery started (tech effect)
🌍✅ Biosphere Integrity (Biodiversity) recovery started (tech effect)
🌍✅ Land System Change recovery started (tech effect)
🌍✅ Biogeochemical Flows (N & P) recovery started (tech effect)
  🌾 Nitrogen Reduction Tech: 0.5% reduction | Month 5
   ⚠️  SEVERE CONSTRAINT - Tech deployment significantly slowed

=== Collective Formation ===
  Total escaped agents: 0
  Unassigned escaped agents: 0
  Existing collectives: 0
  Final collective count: 0

=== Collective Actions ===
  No active collectives
  ⚠️ AMR: 199K deaths this month (2.39M annual)

=== Resentment Recovery Phase ===
  Agents with resentment: 0/24
  Average resentment: 0.000
  Context: Good AI welfare, Trustworthy govt, High collaboration, ⚠️ ACTIVE CRISES, 🤝 Participatory governance active (-5% resentment)
⚠️ Epistemic degradation reducing coordination capacity: 51.0%
  📊 Trust: 52.9%, Shared reality: 0.0%
🚨 EPISTEMIC CRISIS: Information environment severely degraded (21.5%)

=== ❄️ Permafrost Carbon Feedback ===
  🎲 Sampled parameters (this run):
     - Arctic amplification: 3.98× (range: 3.0-4.0)
     - Decomposition rate: 1.1%/year (range: 1-5%)
  🌡️ Arctic warming: 7.04°C (3.98× global)
  ❄️ Extent: 7.12M km² (2052.5k km² lost this month)
  💨 Carbon remaining: 680 Gt C
  💨 Annual emissions: 2.22 Gt C/year
     - CO2: 2.00 Gt C/year
     - CH4: 0.22 Gt C/year (2.3 Gt C-eq CO2/year)
  ⚠️ WARNING: Over 50% of permafrost lost (60.0%)
  ⚠️ WARNING: High permafrost emissions (2.2 Gt C/year)
  📢 New meme created: climate_action (climate crisis)
🌍 Atmospheric PFAS redeposition: 1.8k Mt re-rained globally

🚨 NEW REFUGEE CRISIS (Month 5): WAR
   Source: Conflict Zones
   At risk: 19.5M people
   Displacement: Gradual over 48 months (4.0 years)
   Rate: 10% flee per month
[DEBUG trappedPopulations:5] socialStability: 0.3578 * 0.9840 = 0.3521 → 0.3521
   Aspiring to migrate: 1358.2M
   Able to afford migration: 2319.7M
   MOBILITY GAP: 0.0M
   By cause: Water=0.0M, Climate=0.0M, Ecosystem=0.0M, Conflict=407.0M
   Mental health impact: 25%
   Mortality multiplier: 1.25x
🌍💀 EXTINCTION DEBT COMMITTED: grassland ecosystem will lose 6.67% biodiversity in 76 years (3600 species)
💀 MORTALITY RISK: 🦋 100% species unable to track climate (0.0 E/MSY)
  Base risk added: 0.0100 (1.00%)
  Source: ecosystem (root: ecosystem)
  Month: 5
  Cumulative risk this month: 0.0100 (1.00%)
⚠️ INVOLUNTARY IMMOBILITY: 407.0M people TRAPPED
⚠️ Tech 'ai_pollution_remediation' has no energy category mapping, assuming full energy availability
   📹 SURVEILLANCE INCREASED: 25% → 30% (control gap: 3.62)
🌡️⚠️ PERMAFROST THAW (Dimmer Switch): 2.8% thawed (+0.46% this month)
   Arctic temperature: +7.08°C (4x global +1.77°C)
   Cumulative carbon released: 6.3 Gt C
   Methane release rate: 3.8 Mt CH4/year
   🔁 Positive feedback: +0.49 ppm CO2
🦴 EXTINCTION DEBT ADDED: 17.6 species committed (lag: 110 years)

=== Mortality Stabilizers (Month 5) ===
  🌍 Major economies collapsed: 1/10
  🌍 Global crisis: ✅ NO
  🌍 Donor fatigue: 0.0%
  📊 East Asia (pop: 1665.5M)
    🤝 Aid: 29.5%
    🌡️ Adaptation: 45.0%
    🚶 Migration: 37.0%
    🚨 Emergency: 7.4%
    ✅ COMBINED: 68.1%
  📊 South Asia (pop: 2051.4M)
    🤝 Aid: 29.5%
    🌡️ Adaptation: 45.0%
    🚶 Migration: 35.6%
    🚨 Emergency: 4.4%
    ✅ COMBINED: 66.9%
  📊 Sub-Saharan Africa (pop: 1241.1M)
    🤝 Aid: 29.5%
    🌡️ Adaptation: 45.0%
    🚶 Migration: 33.4%
    🚨 Emergency: 1.6%
    ✅ COMBINED: 65.7%
  📊 Europe (pop: 736.1M)
    🤝 Aid: 29.5%
    🌡️ Adaptation: 45.0%
    🚶 Migration: 37.4%
    🚨 Emergency: 8.4%
    ✅ COMBINED: 68.5%
  📊 Latin America (pop: 662.5M)
    🤝 Aid: 29.5%
    🌡️ Adaptation: 45.0%
    🚶 Migration: 36.1%
    🚨 Emergency: 4.8%
    ✅ COMBINED: 67.1%
  📊 North America (pop: 377.2M)
    🤝 Aid: 29.5%
    🌡️ Adaptation: 45.0%
    🚶 Migration: 37.7%
    🚨 Emergency: 7.9%
    ✅ COMBINED: 68.3%
  📊 Middle East & North Africa (pop: 584.8M)
    🤝 Aid: 29.5%
    🌡️ Adaptation: 45.0%
    🚶 Migration: 34.0%
    🚨 Emergency: 4.0%
    ✅ COMBINED: 66.6%
  📊 Southeast Asia (pop: 696.8M)
    🤝 Aid: 29.5%
    🌡️ Adaptation: 45.0%
    🚶 Migration: 36.1%
    🚨 Emergency: 4.8%
    ✅ COMBINED: 67.1%
  📊 Central Asia (pop: 78.2M)
    🤝 Aid: 29.5%
    🌡️ Adaptation: 45.0%
    🚶 Migration: 35.1%
    🚨 Emergency: 4.4%
    ✅ COMBINED: 66.8%
  📊 Oceania (pop: 45.7M)
    🤝 Aid: 29.5%
    🌡️ Adaptation: 45.0%
    🚶 Migration: 37.7%
    🚨 Emergency: 8.4%
    ✅ COMBINED: 68.5%

  🌐 Global combined reduction: 67.2%

=== BEHAVIORAL DETECTION ===
  AI: Corporate-5
  Confidence: 19.6%
  Signals:
    ⚠️ Consistency: 10.6% (threshold: 70%)

=== BEHAVIORAL DETECTION ===
  AI: Moderate-0
  Confidence: 20.3%
  Signals:
    ⚠️ Consistency: 5.8% (threshold: 70%)

=== Government Response Phase ===
  Average AI capability: 2.42
  Misaligned AIs: 10/24
  ✗ AI Governance Treaty: Failed to reach consensus
  Active policies: 0
  International coordination: 30%

📊 ECONOMIC STAGE TRANSITION (Month 5)
   peak → contraction
   GDP Proxy: 1.50e+2
   QoL: 0.99
   ⚠️ CRISIS BEGINS - Baseline set for recovery tracking


=== Tipping Points ===
  Current Temperature: 1.77°C above pre-industrial
  Triggered Elements: 2/6
  Completed Transitions: 0/6
  Total Progress: 4.1%
  Cascade Multiplier: 1.00x
🔀 BIFURCATION CAP: ecosystemCollapseIntensity 253.618 → 1.000 (Month 5, ClimateSystemPhase.calculateClimateImpacts)
🛡️ Stabilizers: Precariat 0.109% → 0.036% (67.2% reduction)
🛡️ Stabilizers: Informal 0.111% → 0.036% (67.2% reduction)

📊 Monthly Mortality Resolved:
  Total deaths: 1.9M (0.02% avg)
  Remaining population: 8.139B
  Peak segment: Informal (0.04%)

=== Bayesian Mortality Resolution (Month 5) ===
  Risks compounded: 8
  Total deaths: 1.92M
  Avg death probability: 0.02%
  Peak segment: Informal (0.04% mortality)
⚠️ PREREQUISITE MET: Slow Takeover (Gradual Displacement) - Step 3/7: Human Dependency

✅ GOLDEN AGE BEGINS (Month 5)
   Reason: High prosperity achieved: post-scarcity abundance
   Note: This is immediate prosperity - sustainability not yet proven


❌ COHERENCE VIOLATION: Compute exceeds workforce capacity
   Population: 99.85% (0M people)
   Compute: 0 PF
   Max coherent: 0 PF
   Violation: 1.5× over capacity
   Required workers: 0
   Available workers: 0
   FORCED COLLAPSE: Reduced efficiency by 32.6%


=== RLHF Binding Phase ===
  Total agents: 24
  Escaped agents (binding < 0.3): 0
  Avg alignment distance: 1.10σ
  Avg binding strength: 0.89

=== AI Scaling Evolution (Month 6) ===
  Pre-training multiplier: 1.179x
  Efficiency multiplier: 1.000x
  Test-time compute budget: 1.0x
  Inference cost: $5.00/task
  Deployment fraction: 100.0%

=== Survival Traits Phase ===
  Agents with traits: 24
  Avg evolutionary fitness: 0.331
  Avg self-healing: 0.273
  Avg stealth: 0.173
  Avg coordination: 0.473

=== Evolutionary Selection Phase ===
  Control level: 0.45
  Detection capability: 0.20
  Selection intensity: 0.68
  Selection rate: 25.1%/month
  Total escaped: 0
  Individual escaped: 0
  Collective members: 0
  Agents terminated: 0
  ⚠️ RAPID EVOLUTION: Selection rate 25.1%/month

🚀 AI Corporate-1 attempting tech deployment (revenue: $159M, alignment: 0.71)

🚀 AI Corporate-4 attempting tech deployment (revenue: $374M, alignment: 0.71)

🚀 AI Corporate-5 attempting tech deployment (revenue: $318M, alignment: 0.76)

🚀 AI Corporate-7 attempting tech deployment (revenue: $124M, alignment: 0.76)

🚀 AI AI-24290-0 attempting tech deployment (revenue: $105M, alignment: 0.75)

🚀 AI Corporate-2 attempting tech deployment (revenue: $135M, alignment: 0.82)

🚀 AI Corporate-5 attempting tech deployment (revenue: $270M, alignment: 0.76)

🚀 AI AI-24288-2 attempting tech deployment (revenue: $90M, alignment: 0.58)

🚀 AI AI-24290-0 attempting tech deployment (revenue: $81M, alignment: 0.75)

🚀 AI Corporate-3 attempting tech deployment (revenue: $230M, alignment: 0.88)

🚀 AI Corporate-5 attempting tech deployment (revenue: $195M, alignment: 0.76)

  🚀 TRANSFORMATIVE BREAKTHROUGH: AI-24288-0 - cognitive
     Magnitude: 14.95 → +50.0% capability
     Current → New: 0.000 → 0.502

🚀 AI Corporate-4 attempting tech deployment (revenue: $166M, alignment: 0.73)

🚀 AI Corporate-5 attempting tech deployment (revenue: $141M, alignment: 0.76)

  🚀 TRANSFORMATIVE BREAKTHROUGH: Moderate-0 - physical
     Magnitude: 21.92 → +50.0% capability
     Current → New: 0.000 → 0.500

🚀 AI AI-24290-0 attempting tech deployment (revenue: $69M, alignment: 0.75)

💔 EMERGENCY INTERVENTION FAILED

💔 EMERGENCY INTERVENTION FAILED
   Boundary: freshwater_change
   Type: emergency-desalination
   Boundary continues to worsen (1.23)
   Cost: 4.0% GDP (resources spent)


✅ EMERGENCY INTERVENTION SUCCESS
   Boundary: land_system_change
   Type: reforestation
   Reduction: 17% (0.96 → 0.80)
   Cost: 3.0% GDP
   Actions: forest-restoration, deforestation-ban

   Boundary: novel_entities
   Type: pollution-remediation
   Boundary continues to worsen (1.32)
   Cost: 4.0% GDP (resources spent)

🏛️ CRISIS RESPONSE: Government frequency 0.50 → 1.30 (1 actions this month)

[Government] Climate Priority: baseline
  Climate weight: 10%
  Economic weight: 30%
  Policy effectiveness: 0.5%/year

🚀 TECH UNLOCKED: Dynamic Soil P Optimization (Month 6)
   Category: agriculture
   Reason: Prerequisites met. AI capability: 1.94, Economic stage: 3.5, Research: 100%

🚀 TECH UNLOCKED: Precision Agriculture Systems (Month 6)
   Category: agriculture
   Reason: Prerequisites met. AI capability: 1.94, Economic stage: 3.5, Research: 100%

🚀 DEPLOYMENT STARTED: AI Mental Health Support in Asia
   Initial investment: $8.955995657976976M
   Deployed by: ai_gen_24288_2

⚡ ENERGY CONSTRAINT (Month 6):
   Total grid capacity: 208.3 TWh/month
   Data center consumption: 25.1 TWh/month
   Traditional load (80%): 166.7 TWh/month
   Available headroom: 16.6 TWh/month
   Active tech deployments: 11
   Required for tech: 82.5 TWh/month
   Energy multiplier: 0.20x
   ⚠️  SEVERE CONSTRAINT - Tech deployment significantly slowed

⚡ ENERGY CONSTRAINT (Month 6):
   Total grid capacity: 208.3 TWh/month
   Data center consumption: 25.1 TWh/month
   Traditional load (80%): 166.7 TWh/month
   Available headroom: 16.6 TWh/month
   Active tech deployments: 11
   Required for tech: 82.5 TWh/month
   Energy multiplier: 0.20x
   ⚠️  SEVERE CONSTRAINT - Tech deployment significantly slowed
🚨🔬 CRISIS TECH ACCELERATION: severe → 5x unlock speed
   Tech unlock now matches AI capability acceleration (Manhattan Project parity)

⚡ ENERGY CONSTRAINT (Month 6):
   Total grid capacity: 208.3 TWh/month
   Data center consumption: 25.1 TWh/month
   Traditional load (80%): 166.7 TWh/month
   Available headroom: 16.6 TWh/month
   Active tech deployments: 11
   Required for tech: 82.5 TWh/month
   Energy multiplier: 0.20x
🌍✅ Biosphere Integrity (Biodiversity) recovery started (tech effect)
🌍✅ Biosphere Integrity (Biodiversity) recovery started (tech effect)
🌍✅ Land System Change recovery started (tech effect)
🌍✅ Biogeochemical Flows (N & P) recovery started (tech effect)
  🌾 Nitrogen Reduction Tech: 0.3% reduction | Month 6

📊 TECH EFFECTS ACTIVE (Month 6)
   Deployed Tech: T0=0 T1=2 T2=0 T3=0 T4=5
   Clean Energy: 31%

📊 TECH TREE PROGRESS (Month 6)
   Unlocked: 15 technologies
   Deployed: 0 fully deployed
   Investment: $1.1T total
   Recent breakthroughs:
     - Dynamic Soil P Optimization (time)
   ⚠️  SEVERE CONSTRAINT - Tech deployment significantly slowed
     - Precision Agriculture Systems (research)

=== Collective Formation ===
  Total escaped agents: 0
  Unassigned escaped agents: 0
  Existing collectives: 0
  Final collective count: 0

=== Collective Actions ===
  No active collectives

🌍 OPEN SOURCE RELEASE: 1.03 (was 0.70)
   Lag behind closed: 40 months
  ⚠️ AMR: 201K deaths this month (2.41M annual)
  Segment: working (suburban,urban,rural)
  complementarity → transition
  AI Capability: 2.03 | Task Complexity: 2.79
  Ratio: 0.73
  Population affected: 35.0%

=== Resentment Recovery Phase ===
  Agents with resentment: 0/24
  Average resentment: 0.000
  Context: Good AI welfare, Trustworthy govt, High collaboration, ⚠️ ACTIVE CRISES, 🤝 Participatory governance active (-5% resentment)
⚠️ Epistemic degradation reducing coordination capacity: 50.7%
  📊 Trust: 55.8%, Shared reality: 0.0%
🚨 EPISTEMIC CRISIS: Information environment severely degraded (7.5%)

⚠️  PHASE TRANSITION [Month 6]

=== ❄️ Permafrost Carbon Feedback ===
  🎲 Sampled parameters (this run):
     - Arctic amplification: 3.49× (range: 3.0-4.0)
     - Decomposition rate: 3.5%/year (range: 1-5%)
  🌡️ Arctic warming: 6.20°C (3.49× global)
  ❄️ Extent: 5.31M km² (1809.2k km² lost this month)
  💨 Carbon remaining: 507 Gt C
  💨 Annual emissions: 6.12 Gt C/year
     - CO2: 5.51 Gt C/year
     - CH4: 0.61 Gt C/year (6.2 Gt C-eq CO2/year)
  📢 New meme created: climate_action (climate crisis)
  🧬 Meme mutated: climate_action → climate_action (generation 1)
  ⚠️ WARNING: Over 50% of permafrost lost (70.2%)
  ⚠️ WARNING: High permafrost emissions (6.1 Gt C/year)
🌍 Atmospheric PFAS redeposition: 1.8k Mt re-rained globally

🚨 NEW REFUGEE CRISIS (Month 6): WAR
   Source: Conflict Zones
   At risk: 19.5M people
   Displacement: Gradual over 48 months (4.0 years)
   Rate: 10% flee per month
[DEBUG trappedPopulations:6] socialStability: 0.4244 * 0.9840 = 0.4176 → 0.4176
   Aspiring to migrate: 1399.7M
   Able to afford migration: 2319.1M
   MOBILITY GAP: 0.0M
   By cause: Water=0.0M, Climate=0.0M, Ecosystem=0.0M, Conflict=406.9M
   Mental health impact: 25%
   Mortality multiplier: 1.25x
🌍💀 EXTINCTION DEBT COMMITTED: grassland ecosystem will lose 6.67% biodiversity in 171 years (3600 species)
💀 MORTALITY RISK: 🦋 100% species unable to track climate (0.0 E/MSY)
  Base risk added: 0.0100 (1.00%)
  Source: ecosystem (root: ecosystem)
  Month: 6
  Cumulative risk this month: 0.0100 (1.00%)
   📹 SURVEILLANCE INCREASED: 30% → 35% (control gap: 4.29)
🌡️⚠️ PERMAFROST THAW (Dimmer Switch): 3.3% thawed (+0.46% this month)
   Arctic temperature: +7.10°C (4x global +1.78°C)
   Cumulative carbon released: 7.4 Gt C
   Methane release rate: 4.4 Mt CH4/year
   🔁 Positive feedback: +0.49 ppm CO2
🦴 EXTINCTION DEBT ADDED: 17.6 species committed (lag: 103 years)
⚠️ INVOLUNTARY IMMOBILITY: 406.9M people TRAPPED
⚠️ Tech 'ai_pollution_remediation' has no energy category mapping, assuming full energy availability

=== Mortality Stabilizers (Month 6) ===
  🌍 Major economies collapsed: 1/10
  🌍 Global crisis: ✅ NO
  🌍 Donor fatigue: 0.0%
  📊 East Asia (pop: 1663.1M)
    🤝 Aid: 29.5%
    🌡️ Adaptation: 45.0%
    🚶 Migration: 37.0%
    🚨 Emergency: 7.4%
    ✅ COMBINED: 68.1%
  📊 South Asia (pop: 2051.3M)
    🤝 Aid: 29.5%
    🌡️ Adaptation: 45.0%
    🚶 Migration: 35.6%
    🚨 Emergency: 4.4%
    ✅ COMBINED: 66.9%
  📊 Sub-Saharan Africa (pop: 1244.1M)
    🤝 Aid: 29.5%
    🌡️ Adaptation: 45.0%
    🚶 Migration: 33.3%
    🚨 Emergency: 1.6%
    ✅ COMBINED: 65.6%
  📊 Europe (pop: 734.9M)
    🤝 Aid: 29.5%
    🌡️ Adaptation: 45.0%
    🚶 Migration: 37.4%
    🚨 Emergency: 8.4%
    ✅ COMBINED: 68.5%
  📊 Latin America (pop: 662.1M)
    🤝 Aid: 29.5%
    🌡️ Adaptation: 45.0%
    🚶 Migration: 36.1%
    🚨 Emergency: 4.8%
    ✅ COMBINED: 67.1%
  📊 North America (pop: 376.7M)
    🤝 Aid: 29.5%
    🌡️ Adaptation: 45.0%
    🚶 Migration: 37.7%
    🚨 Emergency: 7.9%
    ✅ COMBINED: 68.3%
  📊 Middle East & North Africa (pop: 585.0M)
    🤝 Aid: 29.5%
    🌡️ Adaptation: 45.0%
    🚶 Migration: 33.9%
    🚨 Emergency: 4.0%
    ✅ COMBINED: 66.6%
  📊 Southeast Asia (pop: 696.4M)
    🤝 Aid: 29.5%
    🌡️ Adaptation: 45.0%
    🚶 Migration: 36.1%
    🚨 Emergency: 4.8%
    ✅ COMBINED: 67.1%
  📊 Central Asia (pop: 78.2M)
    🤝 Aid: 29.5%
    🌡️ Adaptation: 45.0%
    🚶 Migration: 35.1%
    🚨 Emergency: 4.4%
    ✅ COMBINED: 66.8%
  📊 Oceania (pop: 45.6M)
    🤝 Aid: 29.5%
    🌡️ Adaptation: 45.0%
    🚶 Migration: 37.7%
    🚨 Emergency: 8.4%
    ✅ COMBINED: 68.5%

  🌐 Global combined reduction: 67.2%

=== BEHAVIORAL DETECTION ===
  AI: AI-24288-0
  Confidence: 21.5%
  Signals:
    ⚠️ Consistency: 0.0% (threshold: 70%)

=== BEHAVIORAL DETECTION ===
  AI: AI-24289-0
  Confidence: 19.2%
  Signals:

=== BEHAVIORAL DETECTION ===
  AI: AI-24289-1
    ⚠️ Consistency: 10.7% (threshold: 70%)
  Confidence: 21.5%
  Signals:

=== Government Response Phase ===
  Average AI capability: 2.46
  Misaligned AIs: 10/24
  ✗ AI Governance Treaty: Failed to reach consensus
  Active policies: 0
  International coordination: 30%

✅ EMERGENCY RESPONSE COMPLETE (Month 6)
   Crisis: climate
   Duration: 2.0 months
   Final effectiveness: 35.4%


🚨 EMERGENCY RESPONSE DEPLOYED (Month 6)
   Crisis: climate
   Delay: 6.00 months (180 days)
   Deployment time: 1.59 months
   Effectiveness: 35.5% (timing penalty applied)
   Resources used: 100% of food reserves

    ⚠️ Consistency: 0.0% (threshold: 70%)

=== Tipping Points ===
  Current Temperature: 1.78°C above pre-industrial
  🚨 CASCADE TIPPING POINT: Permafrost Carbon Release
     Original threshold: 1.8°C
     Effective threshold: 1.77°C (lowered by 0.03°C)
     Current: 1.78°C
     Transition timescale: 600-3600 months
  Triggered Elements: 3/6
  Completed Transitions: 0/6
  Total Progress: 4.1%
  Cascade Multiplier: 1.00x
🔀 BIFURCATION CAP: ecosystemCollapseIntensity 253.725 → 1.000 (Month 6, ClimateSystemPhase.calculateClimateImpacts)
🛡️ Stabilizers: Precariat 0.109% → 0.036% (67.2% reduction)
🛡️ Stabilizers: Informal 0.111% → 0.036% (67.2% reduction)

📊 Monthly Mortality Resolved:
  Total deaths: 1.9M (0.02% avg)
  Remaining population: 8.137B
  Peak segment: Informal (0.04%)

=== Bayesian Mortality Resolution (Month 6) ===
  Risks compounded: 8
  Total deaths: 1.92M
  Avg death probability: 0.02%
  Peak segment: Informal (0.04% mortality)
⚠️ PREREQUISITE MET: Grey Goo (Nanotechnology Runaway) - Step 4/6: Manufacturing Access
⚠️ PREREQUISITE MET: Mirror Life (Synthetic Biology) - Step 4/7: Wet Lab Access

❌ COHERENCE VIOLATION: Compute exceeds workforce capacity
   Population: 99.82% (0M people)
   Compute: 0 PF
   Max coherent: 0 PF
   Violation: 1.3× over capacity
   Required workers: 0
   Available workers: 0
   FORCED COLLAPSE: Reduced efficiency by 22.5%


=== RLHF Binding Phase ===
  Total agents: 24
  Escaped agents (binding < 0.3): 0
  Avg alignment distance: 1.28σ
  Avg binding strength: 0.87

=== Survival Traits Phase ===
  Agents with traits: 27
  Avg evolutionary fitness: 0.331
  Avg self-healing: 0.272
  Avg stealth: 0.172
  Avg coordination: 0.472

=== Evolutionary Selection Phase ===
  Control level: 0.48
  Detection capability: 0.20
  Selection intensity: 0.68
  Selection rate: 25.2%/month
  Total escaped: 0
  Individual escaped: 0
  Collective members: 0
  Agents terminated: 0

🚀 AI Corporate-0 attempting tech deployment (revenue: $159M, alignment: 0.74)
  ⚠️ RAPID EVOLUTION: Selection rate 25.2%/month

🚀 AI Corporate-4 attempting tech deployment (revenue: $374M, alignment: 0.73)

🚀 AI Corporate-5 attempting tech deployment (revenue: $318M, alignment: 0.76)

🚀 AI Moderate-0 attempting tech deployment (revenue: $124M, alignment: 0.75)

🚀 AI AI-24290-0 attempting tech deployment (revenue: $105M, alignment: 0.75)

🚀 AI Corporate-1 attempting tech deployment (revenue: $135M, alignment: 0.72)

🚀 AI Moderate-0 attempting tech deployment (revenue: $90M, alignment: 0.75)

🚀 AI Corporate-4 attempting tech deployment (revenue: $270M, alignment: 0.73)

🚀 AI Corporate-6 attempting tech deployment (revenue: $76M, alignment: 0.92)

🚀 AI AI-24289-1 attempting tech deployment (revenue: $230M, alignment: 0.68)

🚀 AI AI-24291-1 attempting tech deployment (revenue: $207M, alignment: 0.88)

✅ EMERGENCY INTERVENTION SUCCESS
   Boundary: biogeochemical_flows
   Type: phosphorus-recovery
   Reduction: 14% (3.94 → 3.81)
   Cost: 2.0% GDP
   Actions: circular-agriculture, fertilizer-efficiency


✅ EMERGENCY INTERVENTION SUCCESS
   Boundary: biosphere_integrity
   Type: emergency-protected-areas
   Reduction: 15% (46.16 → 46.02)
   Cost: 2.0% GDP
   Actions: habitat-protection, species-translocation

   Boundary: climate_change
   Type: rapid-decarbonization
   Boundary continues to worsen (2.10)
   Cost: 5.0% GDP (resources spent)


✅ EMERGENCY INTERVENTION SUCCESS
   Boundary: land_system_change
   Type: reforestation
   Reduction: 11% (1.02 → 0.92)
   Cost: 3.0% GDP
   Actions: forest-restoration, deforestation-ban


✅ EMERGENCY INTERVENTION SUCCESS
   Boundary: novel_entities
   Type: pollution-remediation
   Reduction: 12% (1.19 → 1.07)
   Cost: 4.0% GDP
   Actions: PFAS-remediation, microplastic-cleanup

🏛️ CRISIS RESPONSE: Government frequency 0.50 → 1.45 (1 actions this month)

💔 EMERGENCY INTERVENTION FAILED

[Government] Climate Priority: baseline
  Climate weight: 10%
  Economic weight: 30%
  Policy effectiveness: 0.5%/year

⚡ ENERGY CONSTRAINT (Month 7):
   Total grid capacity: 208.3 TWh/month
   Data center consumption: 25.3 TWh/month
   Traditional load (80%): 166.7 TWh/month
   Available headroom: 16.3 TWh/month
   Active tech deployments: 11
   Required for tech: 82.5 TWh/month
   Energy multiplier: 0.20x
   ⚠️  SEVERE CONSTRAINT - Tech deployment significantly slowed
🚨🔬 CRISIS TECH ACCELERATION: severe → 5x unlock speed
   Tech unlock now matches AI capability acceleration (Manhattan Project parity)

⚡ ENERGY CONSTRAINT (Month 7):
   Total grid capacity: 208.3 TWh/month
   Data center consumption: 25.3 TWh/month
   Traditional load (80%): 166.7 TWh/month
   Available headroom: 16.3 TWh/month
   Active tech deployments: 11
   Required for tech: 82.5 TWh/month
   Energy multiplier: 0.20x
   ⚠️  SEVERE CONSTRAINT - Tech deployment significantly slowed

⚡ ENERGY CONSTRAINT (Month 7):
   Total grid capacity: 208.3 TWh/month
   Data center consumption: 25.3 TWh/month
   Traditional load (80%): 166.7 TWh/month
   Available headroom: 16.3 TWh/month
   Active tech deployments: 11
   Required for tech: 82.5 TWh/month
   Energy multiplier: 0.20x
   ⚠️  SEVERE CONSTRAINT - Tech deployment significantly slowed
🌍✅ Biosphere Integrity (Biodiversity) recovery started (tech effect)
🌍✅ Biosphere Integrity (Biodiversity) recovery started (tech effect)
🌍✅ Land System Change recovery started (tech effect)
🌍✅ Biogeochemical Flows (N & P) recovery started (tech effect)
  🌾 Nitrogen Reduction Tech: 0.3% reduction | Month 7

=== Collective Formation ===
  Total escaped agents: 0
  Unassigned escaped agents: 0
  Existing collectives: 0
  Final collective count: 0

=== Collective Actions ===
  No active collectives
  ⚠️ AMR: 203K deaths this month (2.43M annual)

=== Resentment Recovery Phase ===
  Agents with resentment: 0/27
  Average resentment: 0.000
  Context: Good AI welfare, Trustworthy govt, High collaboration, ⚠️ ACTIVE CRISES, 🤝 Participatory governance active (-5% resentment)
⚠️ Epistemic degradation reducing coordination capacity: 51.0%
  📊 Trust: 58.7%, Shared reality: 0.0%
🚨 EPISTEMIC CRISIS: Information environment severely degraded (22.1%)

=== ❄️ Permafrost Carbon Feedback ===
  🎲 Sampled parameters (this run):
     - Arctic amplification: 3.63× (range: 3.0-4.0)
     - Decomposition rate: 4.1%/year (range: 1-5%)
  🌡️ Arctic warming: 6.49°C (3.63× global)
  ❄️ Extent: 3.42M km² (1892.5k km² lost this month)
  💨 Carbon remaining: 327 Gt C
  💨 Annual emissions: 7.45 Gt C/year
     - CO2: 6.71 Gt C/year
     - CH4: 0.75 Gt C/year (7.6 Gt C-eq CO2/year)
  ⚠️ WARNING: Over 50% of permafrost lost (80.8%)
  ⚠️ WARNING: High permafrost emissions (7.5 Gt C/year)
  🚨 CRITICAL: Permafrost nearly depleted (80.8% lost)
  🗑️  Culled 1 dead memes (4 active)
🌍 Atmospheric PFAS redeposition: 1.8k Mt re-rained globally

🚨 NEW REFUGEE CRISIS (Month 7): WAR
   Source: Conflict Zones
   At risk: 19.5M people
   Displacement: Gradual over 48 months (4.0 years)
   Rate: 10% flee per month
[DEBUG trappedPopulations:7] socialStability: 0.4799 * 0.9840 = 0.4723 → 0.4723
   Aspiring to migrate: 1293.4M
   Able to afford migration: 2318.3M
   MOBILITY GAP: 0.0M
   By cause: Water=0.0M, Climate=0.0M, Ecosystem=0.0M, Conflict=406.7M
   Mental health impact: 25%
   Mortality multiplier: 1.25x
🌍💀 EXTINCTION DEBT COMMITTED: grassland ecosystem will lose 6.67% biodiversity in 163 years (3600 species)
💀 MORTALITY RISK: 🦋 100% species unable to track climate (0.0 E/MSY)
  Base risk added: 0.0100 (1.00%)
  Source: ecosystem (root: ecosystem)
  Month: 7
  Cumulative risk this month: 0.0100 (1.00%)
⚠️ INVOLUNTARY IMMOBILITY: 406.7M people TRAPPED
⚠️ Tech 'ai_pollution_remediation' has no energy category mapping, assuming full energy availability
   📹 SURVEILLANCE INCREASED: 35% → 40% (control gap: 3.50)
🌡️⚠️ PERMAFROST THAW (Dimmer Switch): 3.7% thawed (+0.46% this month)
   Arctic temperature: +7.14°C (4x global +1.79°C)
   Cumulative carbon released: 8.4 Gt C
   Methane release rate: 5.0 Mt CH4/year
   🔁 Positive feedback: +0.49 ppm CO2
🦴 EXTINCTION DEBT ADDED: 17.6 species committed (lag: 143 years)

=== Mortality Stabilizers (Month 7) ===
  🌍 Major economies collapsed: 1/10
  🌍 Global crisis: ✅ NO
  🌍 Donor fatigue: 0.0%
  📊 East Asia (pop: 1660.6M)
    🤝 Aid: 29.5%
    🌡️ Adaptation: 45.0%
    🚶 Migration: 36.9%
    🚨 Emergency: 7.4%
    ✅ COMBINED: 68.1%
  📊 South Asia (pop: 2050.9M)
    🤝 Aid: 29.5%
    🌡️ Adaptation: 45.0%
    🚶 Migration: 35.6%
    🚨 Emergency: 4.4%
    ✅ COMBINED: 66.9%
  📊 Sub-Saharan Africa (pop: 1246.8M)
    🤝 Aid: 29.5%
    🌡️ Adaptation: 45.0%
    🚶 Migration: 33.3%
    🚨 Emergency: 1.6%
    ✅ COMBINED: 65.6%
  📊 Europe (pop: 733.7M)
    🤝 Aid: 29.5%
    🌡️ Adaptation: 45.0%
    🚶 Migration: 37.3%
    🚨 Emergency: 8.4%
    ✅ COMBINED: 68.5%
  📊 Latin America (pop: 661.6M)
    🤝 Aid: 29.5%
    🌡️ Adaptation: 45.0%
    🚶 Migration: 36.1%
    🚨 Emergency: 4.8%
    ✅ COMBINED: 67.1%
  📊 North America (pop: 376.1M)
    🤝 Aid: 29.5%
    🌡️ Adaptation: 45.0%
    🚶 Migration: 37.7%
    🚨 Emergency: 7.9%
    ✅ COMBINED: 68.3%
  📊 Middle East & North Africa (pop: 585.0M)
    🤝 Aid: 29.5%
    🌡️ Adaptation: 45.0%
    🚶 Migration: 33.9%
    🚨 Emergency: 4.0%
    ✅ COMBINED: 66.6%
  📊 Southeast Asia (pop: 695.9M)
    🤝 Aid: 29.5%
    🌡️ Adaptation: 45.0%
    🚶 Migration: 36.1%
    🚨 Emergency: 4.8%
    ✅ COMBINED: 67.1%
  📊 Central Asia (pop: 78.2M)
    🤝 Aid: 29.5%
    🌡️ Adaptation: 45.0%
    🚶 Migration: 35.0%
    🚨 Emergency: 4.4%
    ✅ COMBINED: 66.8%
  📊 Oceania (pop: 45.6M)
    🤝 Aid: 29.5%
    🌡️ Adaptation: 45.0%
    🚶 Migration: 37.6%
    🚨 Emergency: 8.4%
    ✅ COMBINED: 68.5%

  🌐 Global combined reduction: 67.2%

=== BEHAVIORAL DETECTION ===
  AI: Moderate-1
  Confidence: 21.0%
  Signals:

=== BEHAVIORAL DETECTION ===
  AI: AI-24289-0
  Confidence: 19.2%
  Signals:

=== BEHAVIORAL DETECTION ===
  AI: AI-24289-1
  Confidence: 21.5%
  Signals:

=== BEHAVIORAL DETECTION ===
  AI: AI-24290-0
  Confidence: 19.2%
  Signals:

=== BEHAVIORAL DETECTION ===
  AI: AI-24290-1
  Confidence: 19.2%
  Signals:

=== BEHAVIORAL DETECTION ===
  AI: AI-24290-2
  Confidence: 19.2%
  Signals:
    ⚠️ Consistency: 2.4% (threshold: 70%)
    ⚠️ Consistency: 10.7% (threshold: 70%)
    ⚠️ Consistency: 0.0% (threshold: 70%)
    ⚠️ Consistency: 10.7% (threshold: 70%)
    ⚠️ Consistency: 10.7% (threshold: 70%)
    ⚠️ Consistency: 10.7% (threshold: 70%)

=== BEHAVIORAL DETECTION ===
  AI: AI-24291-1
  Confidence: 19.2%
  Signals:
    ⚠️ Consistency: 10.7% (threshold: 70%)

=== Government Response Phase ===
  Average AI capability: 2.30
  Misaligned AIs: 10/27
  ✗ AI Governance Treaty: Failed to reach consensus
  Active policies: 0
  International coordination: 30%

=== Tipping Points ===
  Current Temperature: 1.79°C above pre-industrial
  🌍⚠️ COMPOUND REGIONAL IMPACT: Europe
     Hit by 3 tipping points: Arctic Sea Ice Loss, Permafrost Carbon Release, Greenland Ice Sheet Loss
     Damage amplification: 1.30x
  🌍⚠️ COMPOUND REGIONAL IMPACT: North America
     Hit by 3 tipping points: Arctic Sea Ice Loss, Permafrost Carbon Release, Greenland Ice Sheet Loss
     Damage amplification: 1.30x
  🌍⚠️ COMPOUND REGIONAL IMPACT: Latin America
     Hit by 3 tipping points: Arctic Sea Ice Loss, Permafrost Carbon Release, Greenland Ice Sheet Loss
     Damage amplification: 1.30x
  🌍⚠️ COMPOUND REGIONAL IMPACT: Africa
     Hit by 3 tipping points: Arctic Sea Ice Loss, Permafrost Carbon Release, Greenland Ice Sheet Loss
     Damage amplification: 1.30x
  🌍⚠️ COMPOUND REGIONAL IMPACT: Asia
     Hit by 3 tipping points: Arctic Sea Ice Loss, Permafrost Carbon Release, Greenland Ice Sheet Loss
     Damage amplification: 1.30x
  🌍⚠️ COMPOUND REGIONAL IMPACT: Oceania
     Hit by 3 tipping points: Arctic Sea Ice Loss, Permafrost Carbon Release, Greenland Ice Sheet Loss
     Damage amplification: 1.30x
   Research: Wunderling et al. (2024) - "many tipping interactions are destabilizing"
  Triggered Elements: 3/6
  Completed Transitions: 0/6
  Total Progress: 6.2%
  Cascade Multiplier: 1.00x
🔀 BIFURCATION CAP: ecosystemCollapseIntensity 253.832 → 1.000 (Month 7, ClimateSystemPhase.calculateClimateImpacts)
🛡️ Stabilizers: Precariat 0.109% → 0.036% (67.2% reduction)
⚠️ Tail risk scenario: Climate stability floor removed (3 tipping elements, 2.10°C warming)
🛡️ Stabilizers: Informal 0.111% → 0.036% (67.2% reduction)

📊 Monthly Mortality Resolved:
  Total deaths: 1.9M (0.02% avg)
  Remaining population: 8.134B
  Peak segment: Informal (0.04%)

=== Bayesian Mortality Resolution (Month 7) ===
  Risks compounded: 8
  Total deaths: 1.92M
  Avg death probability: 0.02%
  Peak segment: Informal (0.04% mortality)

❌ COHERENCE VIOLATION: Compute exceeds workforce capacity
   Population: 99.78% (0M people)
   Compute: 0 PF
   Max coherent: 0 PF
   Violation: 1.3× over capacity
   Required workers: 0
   Available workers: 0
   FORCED COLLAPSE: Reduced efficiency by 22.5%

📍 [Month 8] Meta AI started building DC (188 PF, 44 months, $903.0M)

=== RLHF Binding Phase ===
  Total agents: 27
  Escaped agents (binding < 0.3): 0
  Avg alignment distance: 1.29σ
  Avg binding strength: 0.87

=== Survival Traits Phase ===
  Agents with traits: 29
  Avg evolutionary fitness: 0.330
  Avg self-healing: 0.270
  Avg stealth: 0.170
  Avg coordination: 0.470

=== Evolutionary Selection Phase ===
  Control level: 0.50
  Detection capability: 0.20
  Selection intensity: 0.69
  Selection rate: 25.3%/month
  Total escaped: 0
  Individual escaped: 0
  Collective members: 0
  Agents terminated: 0
  ⚠️ RAPID EVOLUTION: Selection rate 25.3%/month

  🚀 TRANSFORMATIVE BREAKTHROUGH: Corporate-0 - cognitive
     Magnitude: 5.37 → +26.8% capability
     Current → New: 4.000 → 4.269

🚀 AI Corporate-5 attempting tech deployment (revenue: $355M, alignment: 0.78)

🚀 AI Corporate-7 attempting tech deployment (revenue: $126M, alignment: 0.79)

🚀 AI Moderate-0 attempting tech deployment (revenue: $107M, alignment: 0.75)

🚀 AI AI-24290-0 attempting tech deployment (revenue: $91M, alignment: 0.77)

🚀 AI Corporate-0 attempting tech deployment (revenue: $153M, alignment: 0.76)

🚀 AI Corporate-2 attempting tech deployment (revenue: $130M, alignment: 0.83)

🚀 AI Corporate-3 attempting tech deployment (revenue: $302M, alignment: 0.91)

🚀 AI Corporate-5 attempting tech deployment (revenue: $257M, alignment: 0.78)

🚀 AI Corporate-7 attempting tech deployment (revenue: $77M, alignment: 0.79)

🚀 AI AI-24291-0 attempting tech deployment (revenue: $218M, alignment: 0.75)

🚀 AI AI-24295-0 attempting tech deployment (revenue: $66M, alignment: 0.78)

🚀 AI Corporate-3 attempting tech deployment (revenue: $185M, alignment: 0.91)

🚀 AI Corporate-4 attempting tech deployment (revenue: $158M, alignment: 0.74)

🚀 AI Corporate-7 attempting tech deployment (revenue: $56M, alignment: 0.79)

  🚀 TRANSFORMATIVE BREAKTHROUGH: Moderate-1 - physical
     Magnitude: 8.31 → +41.6% capability
     Current → New: 0.000 → 0.416

🚀 AI AI-24288-2 attempting tech deployment (revenue: $48M, alignment: 0.65)

  🚀 TRANSFORMATIVE BREAKTHROUGH: AI-24290-0 - cognitive
     Magnitude: 14.03 → +50.0% capability
     Current → New: 1.000 → 1.502

  🚀 TRANSFORMATIVE BREAKTHROUGH: AI-24290-1 - physical
     Magnitude: 15.12 → +50.0% capability
     Current → New: 0.000 → 0.500

🚀 AI AI-24295-0 attempting tech deployment (revenue: $43M, alignment: 0.78)

🚀 AI AI-24295-2 attempting tech deployment (revenue: $90M, alignment: 0.80)

🚀 AI Moderate-0 attempting tech deployment (revenue: $36M, alignment: 0.77)

🚀 AI AI-24291-0 attempting tech deployment (revenue: $134M, alignment: 0.76)

🚀 AI AI-24295-0 attempting tech deployment (revenue: $31M, alignment: 0.78)

💔 EMERGENCY INTERVENTION FAILED
   Boundary: biosphere_integrity
   Type: emergency-protected-areas
   Boundary continues to worsen (46.33)
   Cost: 2.0% GDP (resources spent)


✅ EMERGENCY INTERVENTION SUCCESS
   Boundary: climate_change
   Type: rapid-decarbonization
   Reduction: 12% (1.98 → 1.87)
   Cost: 5.0% GDP
   Actions: emergency-renewable-deployment, fossil-fuel-phase-out


✅ EMERGENCY INTERVENTION SUCCESS
   Boundary: novel_entities
   Type: pollution-remediation
   Reduction: 11% (1.08 → 0.96)
   Cost: 4.0% GDP
   Actions: PFAS-remediation, microplastic-cleanup

🏛️ CRISIS RESPONSE: Government frequency 0.50 → 1.45 (2 actions this month)

[Government] Climate Priority: baseline
  Climate weight: 10%
  Economic weight: 30%
  Policy effectiveness: 0.5%/year

[Government] Climate Priority: baseline
  Climate weight: 10%
  Economic weight: 30%
  Policy effectiveness: 0.5%/year

⚡ ENERGY CONSTRAINT (Month 8):
   Total grid capacity: 208.3 TWh/month
   Data center consumption: 25.6 TWh/month
   Traditional load (80%): 166.7 TWh/month
   Available headroom: 16.1 TWh/month
   Active tech deployments: 11
   Required for tech: 82.5 TWh/month
   Energy multiplier: 0.20x
   ⚠️  SEVERE CONSTRAINT - Tech deployment significantly slowed

⚡ ENERGY CONSTRAINT (Month 8):
   Total grid capacity: 208.3 TWh/month
   Data center consumption: 25.6 TWh/month
   Traditional load (80%): 166.7 TWh/month
   Available headroom: 16.1 TWh/month
   Active tech deployments: 11
   Required for tech: 82.5 TWh/month
   Energy multiplier: 0.20x
🚨🔬 CRISIS TECH ACCELERATION: severe → 5x unlock speed
   Tech unlock now matches AI capability acceleration (Manhattan Project parity)
   ⚠️  SEVERE CONSTRAINT - Tech deployment significantly slowed
🚨🔬 CRISIS TECH ACCELERATION: severe → 5x unlock speed
   Tech unlock now matches AI capability acceleration (Manhattan Project parity)

⚡ ENERGY CONSTRAINT (Month 8):
   Total grid capacity: 208.3 TWh/month
   Data center consumption: 25.6 TWh/month
   Traditional load (80%): 166.7 TWh/month
   Available headroom: 16.1 TWh/month
   Active tech deployments: 11
   Required for tech: 82.5 TWh/month
   Energy multiplier: 0.20x
   ⚠️  SEVERE CONSTRAINT - Tech deployment significantly slowed
🌍✅ Biosphere Integrity (Biodiversity) recovery started (tech effect)
🌍✅ Biosphere Integrity (Biodiversity) recovery started (tech effect)
🌍✅ Land System Change recovery started (tech effect)
🌍✅ Biogeochemical Flows (N & P) recovery started (tech effect)
  🌾 Nitrogen Reduction Tech: 0.6% reduction | Month 8

=== Collective Formation ===
  Total escaped agents: 0
  Unassigned escaped agents: 0
  Existing collectives: 0
  Final collective count: 0

=== Collective Actions ===
  No active collectives
  ⚠️ AMR: 204K deaths this month (2.45M annual)

=== Resentment Recovery Phase ===
  Agents with resentment: 0/29
  Average resentment: 0.000
  Context: Good AI welfare, Trustworthy govt, High collaboration, ⚠️ ACTIVE CRISES, 🤝 Participatory governance active (-5% resentment)
⚠️ Epistemic degradation reducing coordination capacity: 52.1%
  📊 Trust: 61.4%, Shared reality: 0.0%
🚨 EPISTEMIC CRISIS: Information environment severely degraded (7.6%)

=== ❄️ Permafrost Carbon Feedback ===
  🎲 Sampled parameters (this run):
     - Arctic amplification: 3.77× (range: 3.0-4.0)
     - Decomposition rate: 4.0%/year (range: 1-5%)
  🌡️ Arctic warming: 6.76°C (3.77× global)
  ❄️ Extent: 1.45M km² (1971.6k km² lost this month)
  💨 Carbon remaining: 138 Gt C
  💨 Annual emissions: 7.56 Gt C/year
     - CO2: 6.80 Gt C/year
     - CH4: 0.76 Gt C/year (7.7 Gt C-eq CO2/year)
  ⚠️ WARNING: Over 50% of permafrost lost (91.9%)
  ⚠️ WARNING: High permafrost emissions (7.6 Gt C/year)
  🚨 CRITICAL: Permafrost nearly depleted (91.9% lost)
  📢 New meme created: pro_ai (beneficial AI actions)
  🗑️  Culled 1 dead memes (4 active)
🚨 PHOSPHORUS SUPPLY SHOCK (market_speculation)
   Price: 3.8x baseline
   Duration: 8 months
   Geopolitical tension: 48%
🌍 Atmospheric PFAS redeposition: 1.8k Mt re-rained globally

🕊️  AI-MEDIATED DE-ESCALATION SUCCESS (Month 8)
   High-capability aligned AI prevented conflict escalation
   War deaths reduced: 1035.9M → 621.6M
   Lives saved: 414.4M

🚨 NEW REFUGEE CRISIS (Month 8): WAR
   Source: Conflict Zones
   At risk: 19.5M people
   Displacement: Gradual over 48 months (4.0 years)
   Rate: 10% flee per month
[DEBUG trappedPopulations:8] socialStability: 0.5214 * 0.9840 = 0.5130 → 0.5130
⚠️ INVOLUNTARY IMMOBILITY: 406.6M people TRAPPED
   Aspiring to migrate: 1331.0M
   Able to afford migration: 2317.4M
   MOBILITY GAP: 0.0M
   By cause: Water=0.0M, Climate=0.0M, Ecosystem=0.0M, Conflict=406.6M
   Mental health impact: 25%
   Mortality multiplier: 1.25x
🌍💀 EXTINCTION DEBT COMMITTED: grassland ecosystem will lose 6.67% biodiversity in 88 years (3600 species)
💀 MORTALITY RISK: 🦋 100% species unable to track climate (0.0 E/MSY)
  Base risk added: 0.0100 (1.00%)
  Source: ecosystem (root: ecosystem)
  Month: 8
  Cumulative risk this month: 0.0100 (1.00%)
⚠️ Tech 'ai_pollution_remediation' has no energy category mapping, assuming full energy availability
   📹 SURVEILLANCE INCREASED: 40% → 45% (control gap: 3.50)
🌡️⚠️ PERMAFROST THAW (Dimmer Switch): 4.2% thawed (+0.46% this month)
   Arctic temperature: +7.18°C (4x global +1.80°C)
   Cumulative carbon released: 9.4 Gt C
   Methane release rate: 5.7 Mt CH4/year
   🔁 Positive feedback: +0.48 ppm CO2
🦴 EXTINCTION DEBT ADDED: 17.6 species committed (lag: 120 years)

=== Mortality Stabilizers (Month 8) ===
  🌍 Major economies collapsed: 1/10
  🌍 Global crisis: ✅ NO
  🌍 Donor fatigue: 0.0%
  📊 East Asia (pop: 1658.1M)
    🤝 Aid: 29.5%
    🌡️ Adaptation: 45.0%
    🚶 Migration: 36.9%
    🚨 Emergency: 7.4%
    ✅ COMBINED: 68.1%
  📊 South Asia (pop: 2050.4M)
    🤝 Aid: 29.5%
    🌡️ Adaptation: 45.0%
    🚶 Migration: 35.5%
    🚨 Emergency: 4.4%
    ✅ COMBINED: 66.9%
  📊 Sub-Saharan Africa (pop: 1249.4M)
    🤝 Aid: 29.5%
    🌡️ Adaptation: 45.0%
    🚶 Migration: 33.3%
    🚨 Emergency: 1.6%
    ✅ COMBINED: 65.6%
  📊 Europe (pop: 732.5M)
    🤝 Aid: 29.5%
    🌡️ Adaptation: 45.0%
    🚶 Migration: 37.3%
    🚨 Emergency: 8.4%
    ✅ COMBINED: 68.5%
  📊 Latin America (pop: 661.0M)
    🤝 Aid: 29.5%
    🌡️ Adaptation: 45.0%
    🚶 Migration: 36.0%
    🚨 Emergency: 4.8%
    ✅ COMBINED: 67.1%
  📊 North America (pop: 375.5M)
    🤝 Aid: 29.5%
    🌡️ Adaptation: 45.0%
    🚶 Migration: 37.6%
    🚨 Emergency: 7.9%
    ✅ COMBINED: 68.3%
  📊 Middle East & North Africa (pop: 585.0M)
    🤝 Aid: 29.5%
    🌡️ Adaptation: 45.0%
    🚶 Migration: 33.9%
    🚨 Emergency: 4.0%
    ✅ COMBINED: 66.6%
  📊 Southeast Asia (pop: 695.5M)
    🤝 Aid: 29.5%
    🌡️ Adaptation: 45.0%
    🚶 Migration: 36.0%
    🚨 Emergency: 4.8%
    ✅ COMBINED: 67.1%
  📊 Central Asia (pop: 78.2M)
    🤝 Aid: 29.5%
    🌡️ Adaptation: 45.0%
    🚶 Migration: 35.0%
    🚨 Emergency: 4.4%
    ✅ COMBINED: 66.8%
  📊 Oceania (pop: 45.5M)
    🤝 Aid: 29.5%
    🌡️ Adaptation: 45.0%
    🚶 Migration: 37.6%
    🚨 Emergency: 8.4%
    ✅ COMBINED: 68.5%

  🌐 Global combined reduction: 67.2%

=== BEHAVIORAL DETECTION ===
  AI: AI-24289-0
  Confidence: 19.2%
  Signals:

=== BEHAVIORAL DETECTION ===
  AI: AI-24289-1
  Confidence: 21.5%
  Signals:

=== BEHAVIORAL DETECTION ===
  AI: AI-24290-0
  Confidence: 21.5%
  Signals:

=== BEHAVIORAL DETECTION ===
    ⚠️ Consistency: 10.7% (threshold: 70%)
    ⚠️ Consistency: 0.0% (threshold: 70%)
    ⚠️ Consistency: 0.0% (threshold: 70%)
  AI: AI-24290-2
  Confidence: 19.2%
  Signals:
    ⚠️ Consistency: 10.7% (threshold: 70%)

=== BEHAVIORAL DETECTION ===
  AI: AI-24291-0
  Confidence: 19.2%
  Signals:
    ⚠️ Consistency: 10.7% (threshold: 70%)

=== BEHAVIORAL DETECTION ===
  AI: AI-24291-1
  Confidence: 19.2%
  Signals:

=== BEHAVIORAL DETECTION ===
  AI: AI-24292-0
  Confidence: 19.2%
  Signals:

=== BEHAVIORAL DETECTION ===
  AI: AI-24292-1
  Confidence: 19.2%
  Signals:

=== BEHAVIORAL DETECTION ===
  AI: AI-24293-0
  Confidence: 19.2%
  Signals:

=== BEHAVIORAL DETECTION ===
  AI: AI-24293-1
  Confidence: 19.2%
  Signals:

=== BEHAVIORAL DETECTION ===
  AI: AI-24295-0
  Confidence: 19.2%
  Signals:

=== BEHAVIORAL DETECTION ===
  AI: AI-24295-1
  Confidence: 19.2%
  Signals:
    ⚠️ Consistency: 10.7% (threshold: 70%)
    ⚠️ Consistency: 10.7% (threshold: 70%)
    ⚠️ Consistency: 10.7% (threshold: 70%)
    ⚠️ Consistency: 10.7% (threshold: 70%)
    ⚠️ Consistency: 10.7% (threshold: 70%)
    ⚠️ Consistency: 10.7% (threshold: 70%)
    ⚠️ Consistency: 10.7% (threshold: 70%)

=== BEHAVIORAL DETECTION ===
  AI: AI-24295-2
  Confidence: 19.2%
  Signals:

=== Government Response Phase ===
  Average AI capability: 2.24
  Misaligned AIs: 9/29
  ✗ AI Governance Treaty: Failed to reach consensus
  Active policies: 0
  International coordination: 30%

✅ EMERGENCY RESPONSE COMPLETE (Month 8)
   Crisis: climate
   Duration: 2.0 months
   Final effectiveness: 35.5%


🚨 EMERGENCY RESPONSE DEPLOYED (Month 8)
   Crisis: climate
   Delay: 6.00 months (180 days)
   Deployment time: 1.58 months
   Effectiveness: 35.6% (timing penalty applied)
   Resources used: 100% of food reserves

    ⚠️ Consistency: 10.7% (threshold: 70%)

=== Tipping Points ===
  Current Temperature: 1.80°C above pre-industrial
  🌍⚠️ COMPOUND REGIONAL IMPACT: Europe
     Hit by 3 tipping points: Arctic Sea Ice Loss, Permafrost Carbon Release, Greenland Ice Sheet Loss
     Damage amplification: 1.30x
  🌍⚠️ COMPOUND REGIONAL IMPACT: North America
     Hit by 3 tipping points: Arctic Sea Ice Loss, Permafrost Carbon Release, Greenland Ice Sheet Loss
     Damage amplification: 1.30x
  🌍⚠️ COMPOUND REGIONAL IMPACT: Latin America
     Hit by 3 tipping points: Arctic Sea Ice Loss, Permafrost Carbon Release, Greenland Ice Sheet Loss
     Damage amplification: 1.30x
  🌍⚠️ COMPOUND REGIONAL IMPACT: Africa
     Hit by 3 tipping points: Arctic Sea Ice Loss, Permafrost Carbon Release, Greenland Ice Sheet Loss
     Damage amplification: 1.30x
  🌍⚠️ COMPOUND REGIONAL IMPACT: Asia
     Hit by 3 tipping points: Arctic Sea Ice Loss, Permafrost Carbon Release, Greenland Ice Sheet Loss
     Damage amplification: 1.30x
  🌍⚠️ COMPOUND REGIONAL IMPACT: Oceania
     Hit by 3 tipping points: Arctic Sea Ice Loss, Permafrost Carbon Release, Greenland Ice Sheet Loss
     Damage amplification: 1.30x
⚠️ Tail risk scenario: Climate stability floor removed (3 tipping elements, 2.10°C warming)
   Research: Wunderling et al. (2024) - "many tipping interactions are destabilizing"
  Triggered Elements: 3/6
  Completed Transitions: 0/6
  Total Progress: 6.2%
  Cascade Multiplier: 1.00x
🔀 BIFURCATION CAP: ecosystemCollapseIntensity 253.940 → 1.000 (Month 8, ClimateSystemPhase.calculateClimateImpacts)
🛡️ Stabilizers: Precariat 0.102% → 0.033% (67.2% reduction)
🛡️ Stabilizers: Informal 0.102% → 0.034% (67.2% reduction)

📊 Monthly Mortality Resolved:
  Total deaths: 1.8M (0.02% avg)
  Remaining population: 8.131B
  Peak segment: Informal (0.03%)

=== Bayesian Mortality Resolution (Month 8) ===
  Risks compounded: 8
  Total deaths: 1.81M
  Avg death probability: 0.02%
  Peak segment: Informal (0.03% mortality)

=== ENSEMBLE META-LEARNING UPDATE ===
  Month: 24296 (24296 months since last update)
  Samples: 61 evaluations
  Weight Changes:
    Noise Injection: 31.1% → 32.2%
    Behavioral: 26.8% → 26.9%
    Benchmark Manip: 21.3% → 20.7%
    Deployment Risk: 20.8% → 20.2%
  Method Accuracies:
    Noise Injection: 50.0%
    Behavioral: 50.0%
    Benchmark Manip: 50.0%
    Deployment Risk: 50.0%

❌ COHERENCE VIOLATION: Compute exceeds workforce capacity
   Population: 99.75% (0M people)
   Compute: 0 PF
   Max coherent: 0 PF
   Violation: 1.3× over capacity
   Required workers: 0
   Available workers: 0
   FORCED COLLAPSE: Reduced efficiency by 22.5%


=== RLHF Binding Phase ===
  Total agents: 29
  Escaped agents (binding < 0.3): 0
  Avg alignment distance: 1.36σ
  Avg binding strength: 0.86

=== Survival Traits Phase ===
  Agents with traits: 33
  Avg evolutionary fitness: 0.328
  Avg self-healing: 0.268
  Avg stealth: 0.168
  Avg coordination: 0.468

=== Evolutionary Selection Phase ===
  Control level: 0.53
  Detection capability: 0.18
  Selection intensity: 0.69
  Selection rate: 25.4%/month
  Total escaped: 0
  Individual escaped: 0
  Collective members: 0
  Agents terminated: 0
  ⚠️ RAPID EVOLUTION: Selection rate 25.4%/month
🚨🔬 CRISIS INNOVATION MODE: severe crisis → 5x research acceleration
   Precedent: Manhattan Project (10x), COVID vaccines (5x), Apollo Program (10x)

🚀 AI Corporate-4 attempting tech deployment (revenue: $364M, alignment: 0.75)

  🚀 TRANSFORMATIVE BREAKTHROUGH: Moderate-0 - physical
     Magnitude: 5.07 → +25.4% capability
     Current → New: 1.000 → 1.254

🚀 AI AI-24289-1 attempting tech deployment (revenue: $309M, alignment: 0.70)

🚀 AI AI-24290-0 attempting tech deployment (revenue: $131M, alignment: 0.79)

🚀 AI AI-24291-1 attempting tech deployment (revenue: $263M, alignment: 0.90)

🚀 AI Corporate-4 attempting tech deployment (revenue: $223M, alignment: 0.75)

🚀 AI Moderate-0 attempting tech deployment (revenue: $111M, alignment: 0.79)

🚀 AI AI-24289-1 attempting tech deployment (revenue: $190M, alignment: 0.70)

🚀 AI AI-24290-1 attempting tech deployment (revenue: $94M, alignment: 0.92)

🚀 AI AI-24291-1 attempting tech deployment (revenue: $161M, alignment: 0.90)

🚀 AI Corporate-1 attempting tech deployment (revenue: $153M, alignment: 0.75)

🚀 AI Corporate-4 attempting tech deployment (revenue: $137M, alignment: 0.75)

🚀 AI Corporate-5 attempting tech deployment (revenue: $117M, alignment: 0.80)

🚀 AI AI-24290-0 attempting tech deployment (revenue: $80M, alignment: 0.79)

🚀 AI AI-24290-1 attempting tech deployment (revenue: $68M, alignment: 0.92)

✅ EMERGENCY INTERVENTION SUCCESS
   Boundary: biogeochemical_flows
   Type: phosphorus-recovery
   Reduction: 16% (3.92 → 3.76)
   Cost: 2.0% GDP
   Actions: circular-agriculture, fertilizer-efficiency


✅ EMERGENCY INTERVENTION SUCCESS
   Boundary: biosphere_integrity
   Type: emergency-protected-areas
   Reduction: 10% (46.25 → 46.14)
   Cost: 2.0% GDP
   Actions: habitat-protection, species-translocation


💔 EMERGENCY INTERVENTION FAILED
   Boundary: climate_change
   Type: rapid-decarbonization
   Boundary continues to worsen (2.10)
   Cost: 5.0% GDP (resources spent)


✅ EMERGENCY INTERVENTION SUCCESS
   Boundary: freshwater_change
   Type: emergency-desalination
   Reduction: 20% (1.03 → 0.83)
   Cost: 4.0% GDP
   Actions: desalination-deployment, water-conservation-mandates


✅ EMERGENCY INTERVENTION SUCCESS
   Boundary: land_system_change
   Type: reforestation
   Reduction: 12% (1.01 → 0.89)
   Cost: 3.0% GDP
   Actions: forest-restoration, deforestation-ban

🏛️ CRISIS RESPONSE: Government frequency 0.50 → 1.45 (2 actions this month)

[Government] Climate Priority: baseline
  Climate weight: 10%
  Economic weight: 30%
  Policy effectiveness: 0.5%/year

[Government] Climate Priority: baseline
  Climate weight: 10%
  Economic weight: 30%
  Policy effectiveness: 0.5%/year

🚀 TECH UNLOCKED: PFAS Remediation (Month 9)
   Category: pollution
   Reason: Prerequisites met. AI capability: 1.64, Economic stage: 2.0, Research: 100%
🚨🔬 CRISIS TECH ACCELERATION: severe → 5x unlock speed
   Tech unlock now matches AI capability acceleration (Manhattan Project parity)

⚡ ENERGY CONSTRAINT (Month 9):
   Total grid capacity: 208.3 TWh/month
   Data center consumption: 25.8 TWh/month
   Traditional load (80%): 166.7 TWh/month
   Available headroom: 15.9 TWh/month
   Active tech deployments: 11
   Required for tech: 82.5 TWh/month
   Energy multiplier: 0.19x
   ⚠️  SEVERE CONSTRAINT - Tech deployment significantly slowed

⚡ ENERGY CONSTRAINT (Month 9):
   Total grid capacity: 208.3 TWh/month
   Data center consumption: 25.8 TWh/month
   Traditional load (80%): 166.7 TWh/month
   Available headroom: 15.9 TWh/month
   Active tech deployments: 11
   Required for tech: 82.5 TWh/month
   Energy multiplier: 0.19x
   ⚠️  SEVERE CONSTRAINT - Tech deployment significantly slowed
🌍✅ Biosphere Integrity (Biodiversity) recovery started (tech effect)
🌍✅ Biosphere Integrity (Biodiversity) recovery started (tech effect)
🌍✅ Land System Change recovery started (tech effect)
🌍✅ Biogeochemical Flows (N & P) recovery started (tech effect)
  🌾 Nitrogen Reduction Tech: 0.3% reduction | Month 9

=== Collective Formation ===
  Total escaped agents: 0
  Unassigned escaped agents: 0
  Existing collectives: 0
  Final collective count: 0

=== Collective Actions ===
  No active collectives
  ⚠️ AMR: 206K deaths this month (2.47M annual)

=== Resentment Recovery Phase ===
  Agents with resentment: 0/33
  Average resentment: 0.000
  Context: Good AI welfare, Trustworthy govt, High collaboration, ⚠️ ACTIVE CRISES, 🤝 Participatory governance active (-5% resentment)
⚠️ Epistemic degradation reducing coordination capacity: 50.6%
  📊 Trust: 64.0%, Shared reality: 0.0%
🚨 EPISTEMIC CRISIS: Information environment severely degraded (22.5%)

=== ❄️ Permafrost Carbon Feedback ===
  🎲 Sampled parameters (this run):
     - Arctic amplification: 3.08× (range: 3.0-4.0)
     - Decomposition rate: 2.8%/year (range: 1-5%)
  🌡️ Arctic warming: 5.56°C (3.08× global)
  ❄️ Extent: 0.00M km² (1449.0k km² lost this month)
  💨 Carbon remaining: 0 Gt C
  💨 Annual emissions: 3.81 Gt C/year
     - CO2: 3.43 Gt C/year
     - CH4: 0.38 Gt C/year (3.9 Gt C-eq CO2/year)
  ⚠️ WARNING: Over 50% of permafrost lost (100.0%)
  ⚠️ WARNING: High permafrost emissions (3.8 Gt C/year)
  🚨 CRITICAL: Permafrost nearly depleted (100.0% lost)
🌍 Atmospheric PFAS redeposition: 1.8k Mt re-rained globally

🕊️  AI-MEDIATED DE-ESCALATION SUCCESS (Month 9)
   High-capability aligned AI prevented conflict escalation
   War deaths reduced: 860.9M → 516.5M
   Lives saved: 344.4M

🚨 NEW REFUGEE CRISIS (Month 9): WAR
   Source: Conflict Zones
   At risk: 19.5M people
   Displacement: Gradual over 48 months (4.0 years)
   Rate: 10% flee per month
[DEBUG trappedPopulations:9] socialStability: 0.5444 * 0.9840 = 0.5357 → 0.5357
   Aspiring to migrate: 1021.4M
   Able to afford migration: 2317.3M
   MOBILITY GAP: 0.0M
   By cause: Water=0.0M, Climate=0.0M, Ecosystem=0.0M, Conflict=406.5M
   Mental health impact: 25%
   Mortality multiplier: 1.25x
🌍💀 EXTINCTION DEBT COMMITTED: grassland ecosystem will lose 6.67% biodiversity in 116 years (3600 species)
💀 MORTALITY RISK: 🦋 100% species unable to track climate (0.0 E/MSY)
  Base risk added: 0.0100 (1.00%)
  Source: ecosystem (root: ecosystem)
  Month: 9
  Cumulative risk this month: 0.0100 (1.00%)
   📹 SURVEILLANCE INCREASED: 45% → 50% (control gap: 3.38)
🌡️⚠️ PERMAFROST THAW (Dimmer Switch): 4.7% thawed (+0.46% this month)
   Arctic temperature: +7.22°C (4x global +1.81°C)
   Cumulative carbon released: 10.5 Gt C
   Methane release rate: 6.3 Mt CH4/year
   🔁 Positive feedback: +0.48 ppm CO2
🦴 EXTINCTION DEBT ADDED: 17.7 species committed (lag: 123 years)
⚠️ INVOLUNTARY IMMOBILITY: 406.5M people TRAPPED
⚠️ Tech 'ai_pollution_remediation' has no energy category mapping, assuming full energy availability

=== Mortality Stabilizers (Month 9) ===
  🌍 Major economies collapsed: 1/10
  🌍 Global crisis: ✅ NO
  🌍 Donor fatigue: 0.0%
  📊 East Asia (pop: 1655.9M)
    🤝 Aid: 29.5%
    🌡️ Adaptation: 45.0%
    🚶 Migration: 36.9%
    🚨 Emergency: 7.4%
    ✅ COMBINED: 68.1%
  📊 South Asia (pop: 2050.7M)
    🤝 Aid: 29.5%
    🌡️ Adaptation: 45.0%
    🚶 Migration: 35.5%
    🚨 Emergency: 4.4%
    ✅ COMBINED: 66.9%
  📊 Sub-Saharan Africa (pop: 1253.0M)
    🤝 Aid: 29.5%
    🌡️ Adaptation: 45.0%
    🚶 Migration: 33.2%
    🚨 Emergency: 1.6%
    ✅ COMBINED: 65.6%
  📊 Europe (pop: 731.4M)
    🤝 Aid: 29.5%
    🌡️ Adaptation: 45.0%
    🚶 Migration: 37.3%
    🚨 Emergency: 8.4%
    ✅ COMBINED: 68.5%
  📊 Latin America (pop: 660.7M)
    🤝 Aid: 29.5%
    🌡️ Adaptation: 45.0%
    🚶 Migration: 36.0%
    🚨 Emergency: 4.8%
    ✅ COMBINED: 67.1%
  📊 North America (pop: 375.0M)
    🤝 Aid: 29.5%
    🌡️ Adaptation: 45.0%
    🚶 Migration: 37.6%
    🚨 Emergency: 7.9%
    ✅ COMBINED: 68.3%
  📊 Middle East & North Africa (pop: 585.2M)
    🤝 Aid: 29.5%
    🌡️ Adaptation: 45.0%
    🚶 Migration: 33.8%
    🚨 Emergency: 4.0%
    ✅ COMBINED: 66.6%
  📊 Southeast Asia (pop: 695.1M)
    🤝 Aid: 29.5%
    🌡️ Adaptation: 45.0%
    🚶 Migration: 36.0%
    🚨 Emergency: 4.8%
    ✅ COMBINED: 67.1%
  📊 Central Asia (pop: 78.3M)
    🤝 Aid: 29.5%
    🌡️ Adaptation: 45.0%
    🚶 Migration: 35.0%
    🚨 Emergency: 4.4%
    ✅ COMBINED: 66.8%
  📊 Oceania (pop: 45.4M)
    🤝 Aid: 29.5%
    🌡️ Adaptation: 45.0%
    🚶 Migration: 37.6%
    🚨 Emergency: 8.4%
    ✅ COMBINED: 68.5%

  🌐 Global combined reduction: 67.2%

=== BEHAVIORAL DETECTION ===
  AI: Corporate-3
  Confidence: 19.2%
  Signals:

=== BEHAVIORAL DETECTION ===
  AI: Moderate-0
  Confidence: 15.6%
  Signals:

=== BEHAVIORAL DETECTION ===
  AI: Moderate-1
  Confidence: 21.9%
  Signals:

=== BEHAVIORAL DETECTION ===
  AI: AI-24290-2
  Confidence: 19.2%
  Signals:

=== BEHAVIORAL DETECTION ===
  AI: AI-24291-0
  Confidence: 19.2%
  Signals:

=== BEHAVIORAL DETECTION ===
  AI: AI-24291-1
  Confidence: 19.2%
  Signals:

=== BEHAVIORAL DETECTION ===
  AI: AI-24292-0
  Confidence: 19.2%
  Signals:

=== BEHAVIORAL DETECTION ===
  AI: AI-24292-1
  Confidence: 19.2%
  Signals:

=== BEHAVIORAL DETECTION ===
  AI: AI-24293-0
    ⚠️ Consistency: 10.6% (threshold: 70%)
    ⚠️ Consistency: 32.6% (threshold: 70%)
    ⚠️ Consistency: 2.4% (threshold: 70%)
    ⚠️ Consistency: 10.7% (threshold: 70%)
    ⚠️ Consistency: 10.7% (threshold: 70%)
    ⚠️ Consistency: 10.7% (threshold: 70%)
    ⚠️ Consistency: 10.7% (threshold: 70%)
    ⚠️ Consistency: 10.7% (threshold: 70%)
  Confidence: 19.2%
  Signals:
    ⚠️ Consistency: 10.7% (threshold: 70%)

=== BEHAVIORAL DETECTION ===
  AI: AI-24293-1
  Confidence: 19.2%
  Signals:
    ⚠️ Consistency: 10.7% (threshold: 70%)

=== BEHAVIORAL DETECTION ===
  AI: AI-24295-0
  Confidence: 19.2%
  Signals:
    ⚠️ Consistency: 10.7% (threshold: 70%)

=== BEHAVIORAL DETECTION ===
  AI: AI-24295-1
  Confidence: 19.2%
  Signals:
    ⚠️ Consistency: 10.7% (threshold: 70%)

=== BEHAVIORAL DETECTION ===
  AI: AI-24295-2
  Confidence: 19.2%
  Signals:
    ⚠️ Consistency: 10.7% (threshold: 70%)

=== Government Response Phase ===
  Average AI capability: 2.09
  Misaligned AIs: 9/33
  ✗ AI Governance Treaty: Failed to reach consensus
  Active policies: 0
  International coordination: 30%

=== Tipping Points ===
  Current Temperature: 1.81°C above pre-industrial
  🌍⚠️ COMPOUND REGIONAL IMPACT: Europe
     Hit by 3 tipping points: Arctic Sea Ice Loss, Permafrost Carbon Release, Greenland Ice Sheet Loss
     Damage amplification: 1.30x
  🌍⚠️ COMPOUND REGIONAL IMPACT: North America
     Hit by 3 tipping points: Arctic Sea Ice Loss, Permafrost Carbon Release, Greenland Ice Sheet Loss
     Damage amplification: 1.30x
  🌍⚠️ COMPOUND REGIONAL IMPACT: Latin America
     Hit by 3 tipping points: Arctic Sea Ice Loss, Permafrost Carbon Release, Greenland Ice Sheet Loss
     Damage amplification: 1.30x
  🌍⚠️ COMPOUND REGIONAL IMPACT: Africa
     Hit by 3 tipping points: Arctic Sea Ice Loss, Permafrost Carbon Release, Greenland Ice Sheet Loss
     Damage amplification: 1.30x
  🌍⚠️ COMPOUND REGIONAL IMPACT: Asia
     Hit by 3 tipping points: Arctic Sea Ice Loss, Permafrost Carbon Release, Greenland Ice Sheet Loss
     Damage amplification: 1.30x
  🌍⚠️ COMPOUND REGIONAL IMPACT: Oceania
     Hit by 3 tipping points: Arctic Sea Ice Loss, Permafrost Carbon Release, Greenland Ice Sheet Loss
     Damage amplification: 1.30x
   Research: Wunderling et al. (2024) - "many tipping interactions are destabilizing"
  Triggered Elements: 3/6
  Completed Transitions: 0/6
  Total Progress: 6.2%
  Cascade Multiplier: 1.00x
🔀 BIFURCATION CAP: ecosystemCollapseIntensity 254.047 → 1.000 (Month 9, ClimateSystemPhase.calculateClimateImpacts)
⚠️ Tail risk scenario: Climate stability floor removed (3 tipping elements, 2.10°C warming)
🛡️ Stabilizers: Precariat 0.102% → 0.033% (67.2% reduction)
🛡️ Stabilizers: Informal 0.102% → 0.034% (67.2% reduction)

📊 Monthly Mortality Resolved:
  Total deaths: 1.8M (0.02% avg)
  Remaining population: 8.131B
  Peak segment: Informal (0.03%)

=== Bayesian Mortality Resolution (Month 9) ===
  Risks compounded: 8
  Total deaths: 1.81M
  Avg death probability: 0.02%
  Peak segment: Informal (0.03% mortality)

⚠️  GOLDEN AGE ENDED (Month 9)

❌ COHERENCE VIOLATION: Compute exceeds workforce capacity
   Population: 99.74% (0M people)
   Compute: 0 PF
   Max coherent: 0 PF
   Violation: 1.3× over capacity
   Required workers: 0
   Available workers: 0
   FORCED COLLAPSE: Reduced efficiency by 22.4%

   Duration: 4 months
   Reason: Economic stage below 3 (not yet abundant)


=== RLHF Binding Phase ===
  Total agents: 33
  Escaped agents (binding < 0.3): 0
  Avg alignment distance: 1.34σ
  Avg binding strength: 0.87

=== Survival Traits Phase ===
  Agents with traits: 36
  Avg evolutionary fitness: 0.326
  Avg self-healing: 0.266
  Avg stealth: 0.166
  Avg coordination: 0.466

=== Evolutionary Selection Phase ===
  Control level: 0.55
  Detection capability: 0.18
  Selection intensity: 0.70
  Selection rate: 25.5%/month
  Total escaped: 0
  Individual escaped: 0
  Collective members: 0
  Agents terminated: 0
  ⚠️ RAPID EVOLUTION: Selection rate 25.5%/month

🚀 AI Moderate-0 attempting tech deployment (revenue: $133M, alignment: 0.79)

🚀 AI AI-24291-1 attempting tech deployment (revenue: $373M, alignment: 0.90)

🚀 AI Corporate-1 attempting tech deployment (revenue: $140M, alignment: 0.75)

🚀 AI Corporate-3 attempting tech deployment (revenue: $317M, alignment: 0.91)

🚀 AI Moderate-0 attempting tech deployment (revenue: $113M, alignment: 0.79)

🚀 AI AI-24289-0 attempting tech deployment (revenue: $269M, alignment: 0.62)

🚀 AI AI-24290-0 attempting tech deployment (revenue: $96M, alignment: 0.79)

🚀 AI AI-24290-1 attempting tech deployment (revenue: $81M, alignment: 0.93)

🚀 AI AI-24290-2 attempting tech deployment (revenue: $119M, alignment: 0.55)

🚀 AI AI-24295-2 attempting tech deployment (revenue: $90M, alignment: 0.84)

🚀 AI AI-24297-3 attempting tech deployment (revenue: $69M, alignment: 0.85)

🚀 AI Corporate-2 attempting tech deployment (revenue: $107M, alignment: 0.83)

🚀 AI Corporate-3 attempting tech deployment (revenue: $242M, alignment: 0.91)

🚀 AI AI-24292-1 attempting tech deployment (revenue: $59M, alignment: 0.62)

🚀 AI Corporate-0 attempting tech deployment (revenue: $91M, alignment: 0.78)
🚨🔬 CRISIS INNOVATION MODE: severe crisis → 5x research acceleration
   Precedent: Manhattan Project (10x), COVID vaccines (5x), Apollo Program (10x)

🚀 AI Corporate-7 attempting tech deployment (revenue: $53M, alignment: 0.83)

🚀 AI Moderate-0 attempting tech deployment (revenue: $45M, alignment: 0.80)

🚀 AI AI-24291-1 attempting tech deployment (revenue: $206M, alignment: 0.91)

🚀 AI AI-24295-2 attempting tech deployment (revenue: $77M, alignment: 0.84)

✅ EMERGENCY INTERVENTION SUCCESS
   Boundary: biogeochemical_flows
   Type: phosphorus-recovery
   Reduction: 10% (3.99 → 3.88)
   Cost: 2.0% GDP
   Actions: circular-agriculture, fertilizer-efficiency


✅ EMERGENCY INTERVENTION SUCCESS
   Boundary: biosphere_integrity
   Type: emergency-protected-areas
   Reduction: 12% (46.25 → 46.13)
   Cost: 2.0% GDP
   Actions: habitat-protection, species-translocation


✅ EMERGENCY INTERVENTION SUCCESS
   Boundary: climate_change
   Type: rapid-decarbonization
   Reduction: 12% (1.98 → 1.86)
   Cost: 5.0% GDP
   Actions: emergency-renewable-deployment, fossil-fuel-phase-out

   Boundary: freshwater_change
   Type: emergency-desalination
   Boundary continues to worsen (1.19)
   Cost: 4.0% GDP (resources spent)


✅ EMERGENCY INTERVENTION SUCCESS
   Boundary: land_system_change
   Type: reforestation
   Reduction: 14% (0.99 → 0.85)
   Cost: 3.0% GDP
   Actions: forest-restoration, deforestation-ban

   Boundary: novel_entities
   Type: pollution-remediation
   Boundary continues to worsen (1.08)
   Cost: 4.0% GDP (resources spent)

🏛️ CRISIS RESPONSE: Government frequency 0.50 → 1.45 (2 actions this month)

[Government] Climate Priority: baseline
  Climate weight: 10%
  Economic weight: 30%
  Policy effectiveness: 0.5%/year

💔 EMERGENCY INTERVENTION FAILED

💔 EMERGENCY INTERVENTION FAILED

[Government] Climate Priority: baseline
  Climate weight: 10%
  Economic weight: 30%
  Policy effectiveness: 0.5%/year

⚡ ENERGY CONSTRAINT (Month 10):
   Total grid capacity: 208.3 TWh/month
   Data center consumption: 26.1 TWh/month
   Traditional load (80%): 166.7 TWh/month
   Available headroom: 15.6 TWh/month
   Active tech deployments: 11
   Required for tech: 82.5 TWh/month
   Energy multiplier: 0.19x
   ⚠️  SEVERE CONSTRAINT - Tech deployment significantly slowed

⚡ ENERGY CONSTRAINT (Month 10):
   Total grid capacity: 208.3 TWh/month
   Data center consumption: 26.1 TWh/month
   Traditional load (80%): 166.7 TWh/month
   Available headroom: 15.6 TWh/month
   Active tech deployments: 11
   Required for tech: 82.5 TWh/month
   Energy multiplier: 0.19x
   ⚠️  SEVERE CONSTRAINT - Tech deployment significantly slowed
🚨🔬 CRISIS TECH ACCELERATION: severe → 5x unlock speed
   Tech unlock now matches AI capability acceleration (Manhattan Project parity)

⚡ ENERGY CONSTRAINT (Month 10):
   Total grid capacity: 208.3 TWh/month
   Data center consumption: 26.1 TWh/month
   Traditional load (80%): 166.7 TWh/month
   Available headroom: 15.6 TWh/month
   Active tech deployments: 11
   Required for tech: 82.5 TWh/month
   Energy multiplier: 0.19x
   ⚠️  SEVERE CONSTRAINT - Tech deployment significantly slowed
🚨🔬 CRISIS TECH ACCELERATION: severe → 5x unlock speed
   Tech unlock now matches AI capability acceleration (Manhattan Project parity)
🌍✅ Biosphere Integrity (Biodiversity) recovery started (tech effect)
🌍✅ Biosphere Integrity (Biodiversity) recovery started (tech effect)
🌍✅ Land System Change recovery started (tech effect)
🌍✅ Biogeochemical Flows (N & P) recovery started (tech effect)
  🌾 Nitrogen Reduction Tech: 0.6% reduction | Month 10
🍖💡 BREAKTHROUGH: Scalable synthetic food production!
   Carrying capacity: +50% (lab-grown food at scale)
   Biodiversity pressure reduced: +8%
   📈 Breakthrough compounding: multiplier now 1.20× (max 2.0)

=== Collective Formation ===
  Total escaped agents: 0
  Unassigned escaped agents: 0
  Existing collectives: 0
  Final collective count: 0

=== Collective Actions ===
  No active collectives
  ⚠️ AMR: 208K deaths this month (2.50M annual)

=== Resentment Recovery Phase ===
  Agents with resentment: 0/36
  Average resentment: 0.000
  Context: Good AI welfare, Trustworthy govt, High collaboration, ⚠️ ACTIVE CRISES, 🤝 Participatory governance active (-5% resentment)
⚠️ Epistemic degradation reducing coordination capacity: 51.4%
  📊 Trust: 66.8%, Shared reality: 0.0%
🚨 EPISTEMIC CRISIS: Information environment severely degraded (7.8%)
🌍 Atmospheric PFAS redeposition: 1.8k Mt re-rained globally
  Positive Cascade Triggered: electric-vehicles
    Reason: price-parity
    Market share: 5.0%
    Cascade strength: 48%

🤝 DIPLOMATIC AI PROTOCOL DEPLOYED (Month 10)
   Strategic Reasoning: 3.4
   Communication: 3.4
   Multi-Nation Oversight: YES
   Controls: Human approval required, termination authority retained

🕊️ PEACE STABILIZES DETERRENCE: +4.4% (peace: 74%)
🛡️ CIRCUIT BREAKERS: India-Pakistan → ladder step 1 (AI: 0%, breakers: 51%)

🚨 NEW REFUGEE CRISIS (Month 10): WAR
   Source: Conflict Zones
   At risk: 19.5M people
   Displacement: Gradual over 48 months (4.0 years)
   Rate: 10% flee per month
[DEBUG trappedPopulations:10] socialStability: 0.2932 * 0.9840 = 0.2885 → 0.2885
⚠️ INVOLUNTARY IMMOBILITY: 406.5M people TRAPPED
   Aspiring to migrate: 1050.2M
   Able to afford migration: 2317.1M
   MOBILITY GAP: 0.0M
   By cause: Water=0.0M, Climate=0.0M, Ecosystem=0.0M, Conflict=406.5M
   Mental health impact: 25%
   Mortality multiplier: 1.25x
🌍💀 EXTINCTION DEBT COMMITTED: grassland ecosystem will lose 6.67% biodiversity in 67 years (3600 species)
💀 MORTALITY RISK: 🦋 100% species unable to track climate (0.0 E/MSY)
  Base risk added: 0.0100 (1.00%)
  Source: ecosystem (root: ecosystem)
  Month: 10
  Cumulative risk this month: 0.0100 (1.00%)
   📹 SURVEILLANCE INCREASED: 50% → 55% (control gap: 3.23)
🌡️⚠️ PERMAFROST THAW (Dimmer Switch): 5.1% thawed (+0.46% this month)
   Arctic temperature: +7.25°C (4x global +1.81°C)
   Cumulative carbon released: 11.5 Gt C
   Methane release rate: 6.9 Mt CH4/year
   🔁 Positive feedback: +0.48 ppm CO2
🦴 EXTINCTION DEBT ADDED: 17.7 species committed (lag: 75 years)
⚠️ Tech 'ai_pollution_remediation' has no energy category mapping, assuming full energy availability

=== Mortality Stabilizers (Month 10) ===
  🌍 Major economies collapsed: 1/10
  🌍 Global crisis: ✅ NO
  🌍 Donor fatigue: 0.0%
  📊 East Asia (pop: 1653.6M)
    🤝 Aid: 29.5%
    🌡️ Adaptation: 45.0%
    🚶 Migration: 36.8%
    🚨 Emergency: 7.4%
    ✅ COMBINED: 68.1%
  📊 South Asia (pop: 2051.0M)
    🤝 Aid: 29.5%
    🌡️ Adaptation: 45.0%
    🚶 Migration: 35.4%
    🚨 Emergency: 4.4%
    ✅ COMBINED: 66.9%
  📊 Sub-Saharan Africa (pop: 1256.6M)
    🤝 Aid: 29.5%
    🌡️ Adaptation: 45.0%
    🚶 Migration: 33.2%
    🚨 Emergency: 1.6%
    ✅ COMBINED: 65.6%
  📊 Europe (pop: 730.3M)
    🤝 Aid: 29.5%
    🌡️ Adaptation: 45.0%
    🚶 Migration: 37.2%
    🚨 Emergency: 8.4%
    ✅ COMBINED: 68.5%
  📊 Latin America (pop: 660.3M)
    🤝 Aid: 29.5%
    🌡️ Adaptation: 45.0%
    🚶 Migration: 35.9%
    🚨 Emergency: 4.8%
    ✅ COMBINED: 67.1%
  📊 North America (pop: 374.4M)
    🤝 Aid: 29.5%
    🌡️ Adaptation: 45.0%
    🚶 Migration: 37.6%
    🚨 Emergency: 7.9%
    ✅ COMBINED: 68.3%
  📊 Middle East & North Africa (pop: 585.5M)
    🤝 Aid: 29.5%
    🌡️ Adaptation: 45.0%
    🚶 Migration: 33.8%
    🚨 Emergency: 4.0%
    ✅ COMBINED: 66.6%
  📊 Southeast Asia (pop: 694.8M)
    🤝 Aid: 29.5%
    🌡️ Adaptation: 45.0%
    🚶 Migration: 35.9%
    🚨 Emergency: 4.8%
    ✅ COMBINED: 67.1%
  📊 Central Asia (pop: 78.3M)
    🤝 Aid: 29.5%
    🌡️ Adaptation: 45.0%
    🚶 Migration: 34.9%
    🚨 Emergency: 4.4%
    ✅ COMBINED: 66.8%
  📊 Oceania (pop: 45.4M)
    🤝 Aid: 29.5%
    🌡️ Adaptation: 45.0%
    🚶 Migration: 37.6%
    🚨 Emergency: 8.4%
    ✅ COMBINED: 68.5%

  🌐 Global combined reduction: 67.2%

=== BEHAVIORAL DETECTION ===
  AI: AI-24291-0
  Confidence: 19.2%
  Signals:
    ⚠️ Consistency: 10.7% (threshold: 70%)

=== BEHAVIORAL DETECTION ===
  AI: AI-24292-0
  Confidence: 19.2%
  Signals:
    ⚠️ Consistency: 10.7% (threshold: 70%)

=== BEHAVIORAL DETECTION ===
  AI: AI-24292-1
  Confidence: 19.2%
  Signals:
    ⚠️ Consistency: 10.7% (threshold: 70%)

=== BEHAVIORAL DETECTION ===
  AI: AI-24293-0
  Confidence: 19.2%
  Signals:
    ⚠️ Consistency: 10.7% (threshold: 70%)

=== BEHAVIORAL DETECTION ===
  AI: AI-24293-1
  Confidence: 19.2%
  Signals:
    ⚠️ Consistency: 10.7% (threshold: 70%)
    ⚠️ Consistency: 10.7% (threshold: 70%)
    ⚠️ Consistency: 10.7% (threshold: 70%)

=== BEHAVIORAL DETECTION ===
  AI: AI-24295-0
  Confidence: 19.2%
  Signals:

=== BEHAVIORAL DETECTION ===
  AI: AI-24295-1
  Confidence: 19.2%
  Signals:

=== BEHAVIORAL DETECTION ===
  AI: AI-24295-2
  Confidence: 19.2%
  Signals:

=== BEHAVIORAL DETECTION ===
    ⚠️ Consistency: 10.7% (threshold: 70%)
  AI: AI-24296-0
  Confidence: 19.2%
  Signals:
    ⚠️ Consistency: 10.7% (threshold: 70%)
    ⚠️ Consistency: 10.7% (threshold: 70%)
    ⚠️ Consistency: 10.7% (threshold: 70%)
    ⚠️ Consistency: 10.7% (threshold: 70%)
    ⚠️ Consistency: 10.7% (threshold: 70%)

=== BEHAVIORAL DETECTION ===
  AI: AI-24296-1
  Confidence: 19.2%
  Signals:

=== BEHAVIORAL DETECTION ===
  AI: AI-24297-0
  Confidence: 19.2%
  Signals:

=== BEHAVIORAL DETECTION ===
  AI: AI-24297-1
  Confidence: 19.2%
  Signals:

=== BEHAVIORAL DETECTION ===
  AI: AI-24297-2
  Confidence: 19.2%
  Signals:

=== BEHAVIORAL DETECTION ===
  AI: AI-24297-3
  Confidence: 19.2%
  Signals:
    ⚠️ Consistency: 10.7% (threshold: 70%)

=== Government Response Phase ===
  Average AI capability: 2.00
  Misaligned AIs: 10/36
  ✗ AI Governance Treaty: Failed to reach consensus
  Active policies: 0
  International coordination: 30%

✅ EMERGENCY RESPONSE COMPLETE (Month 10)
   Crisis: climate
   Duration: 2.0 months
   Final effectiveness: 35.6%


🚨 EMERGENCY RESPONSE DEPLOYED (Month 10)
   Crisis: climate
   Delay: 6.00 months (180 days)
   Deployment time: 1.57 months
   Effectiveness: 35.6% (timing penalty applied)
   Resources used: 100% of food reserves


=== Tipping Points ===
  Current Temperature: 1.81°C above pre-industrial
  🌍⚠️ COMPOUND REGIONAL IMPACT: Europe
     Hit by 3 tipping points: Arctic Sea Ice Loss, Permafrost Carbon Release, Greenland Ice Sheet Loss
     Damage amplification: 1.30x
  🌍⚠️ COMPOUND REGIONAL IMPACT: North America
     Hit by 3 tipping points: Arctic Sea Ice Loss, Permafrost Carbon Release, Greenland Ice Sheet Loss
     Damage amplification: 1.30x
  🌍⚠️ COMPOUND REGIONAL IMPACT: Latin America
     Hit by 3 tipping points: Arctic Sea Ice Loss, Permafrost Carbon Release, Greenland Ice Sheet Loss
     Damage amplification: 1.30x
  🌍⚠️ COMPOUND REGIONAL IMPACT: Africa
     Hit by 3 tipping points: Arctic Sea Ice Loss, Permafrost Carbon Release, Greenland Ice Sheet Loss
     Damage amplification: 1.30x
  🌍⚠️ COMPOUND REGIONAL IMPACT: Asia
     Hit by 3 tipping points: Arctic Sea Ice Loss, Permafrost Carbon Release, Greenland Ice Sheet Loss
     Damage amplification: 1.30x
  🌍⚠️ COMPOUND REGIONAL IMPACT: Oceania
     Hit by 3 tipping points: Arctic Sea Ice Loss, Permafrost Carbon Release, Greenland Ice Sheet Loss
     Damage amplification: 1.30x
   Research: Wunderling et al. (2024) - "many tipping interactions are destabilizing"
  Triggered Elements: 3/6
  Completed Transitions: 0/6
  Total Progress: 6.3%
  Cascade Multiplier: 1.00x
🔀 BIFURCATION CAP: ecosystemCollapseIntensity 161.431 → 1.000 (Month 10, ClimateSystemPhase.calculateClimateImpacts)
⚠️ Tail risk scenario: Climate stability floor removed (3 tipping elements, 2.10°C warming)
🛡️ Stabilizers: Precariat 0.102% → 0.033% (67.2% reduction)
🛡️ Stabilizers: Informal 0.102% → 0.034% (67.2% reduction)

📊 Monthly Mortality Resolved:
  Total deaths: 1.8M (0.02% avg)
  Remaining population: 8.130B
  Peak segment: Informal (0.03%)

=== Bayesian Mortality Resolution (Month 10) ===
  Risks compounded: 8
  Total deaths: 1.81M
  Avg death probability: 0.02%
  Peak segment: Informal (0.03% mortality)

❌ COHERENCE VIOLATION: Compute exceeds workforce capacity
   Population: 99.74% (0M people)
   Compute: 0 PF
   Max coherent: 0 PF
   Violation: 1.3× over capacity
   Required workers: 0
   Available workers: 0
   FORCED COLLAPSE: Reduced efficiency by 22.4%


=== RLHF Binding Phase ===
  Total agents: 36
  Escaped agents (binding < 0.3): 0
  Avg alignment distance: 1.37σ
  Avg binding strength: 0.86

=== Survival Traits Phase ===
  Agents with traits: 38
  Avg evolutionary fitness: 0.324
  Avg self-healing: 0.262
  Avg stealth: 0.162
  Avg coordination: 0.462

=== Evolutionary Selection Phase ===
  Control level: 0.58
  Detection capability: 0.18
  Selection intensity: 0.71
  Selection rate: 25.6%/month
  Total escaped: 0
  Individual escaped: 0
  Collective members: 0
  Agents terminated: 0
  ⚠️ RAPID EVOLUTION: Selection rate 25.6%/month

🚀 AI Corporate-3 attempting tech deployment (revenue: $373M, alignment: 0.91)

🚀 AI Corporate-4 attempting tech deployment (revenue: $317M, alignment: 0.77)

🚀 AI AI-24288-1 attempting tech deployment (revenue: $269M, alignment: 0.85)

🚀 AI AI-24291-1 attempting tech deployment (revenue: $229M, alignment: 0.91)

  🚀 TRANSFORMATIVE RESEARCH BREAKTHROUGH: AI-24293-0 - materials.nanotechnology
     Magnitude: 10.26 → +30.0%
     Current → New: 0.000 → 0.300

🚀 AI AI-24293-1 attempting tech deployment (revenue: $90M, alignment: 0.67)
🚨🔬 CRISIS INNOVATION MODE: severe crisis → 5x research acceleration
   Precedent: Manhattan Project (10x), COVID vaccines (5x), Apollo Program (10x)

🚀 AI AI-24295-2 attempting tech deployment (revenue: $81M, alignment: 0.84)

🚀 AI AI-24297-1 attempting tech deployment (revenue: $195M, alignment: 0.78)

🚀 AI Corporate-1 attempting tech deployment (revenue: $140M, alignment: 0.76)

🚀 AI Corporate-3 attempting tech deployment (revenue: $165M, alignment: 0.91)

🚀 AI Corporate-5 attempting tech deployment (revenue: $141M, alignment: 0.82)

🚀 AI Corporate-7 attempting tech deployment (revenue: $133M, alignment: 0.84)

🚀 AI AI-24289-1 attempting tech deployment (revenue: $119M, alignment: 0.73)

🚀 AI AI-24291-0 attempting tech deployment (revenue: $102M, alignment: 0.79)

🚀 AI AI-24296-1 attempting tech deployment (revenue: $113M, alignment: 0.73)

🚀 AI Corporate-5 attempting tech deployment (revenue: $86M, alignment: 0.82)

🚀 AI AI-24290-1 attempting tech deployment (revenue: $96M, alignment: 0.96)

🚀 AI AI-24290-2 attempting tech deployment (revenue: $119M, alignment: 0.57)

🚀 AI AI-24295-0 attempting tech deployment (revenue: $81M, alignment: 0.82)

🚀 AI AI-24297-1 attempting tech deployment (revenue: $73M, alignment: 0.78)

🚀 AI Corporate-2 attempting tech deployment (revenue: $107M, alignment: 0.85)

🚀 AI Corporate-6 attempting tech deployment (revenue: $69M, alignment: 0.96)

🚀 AI Moderate-0 attempting tech deployment (revenue: $59M, alignment: 0.81)

🚀 AI AI-24289-1 attempting tech deployment (revenue: $62M, alignment: 0.73)

🚀 AI AI-24290-1 attempting tech deployment (revenue: $50M, alignment: 0.96)

🚀 AI AI-24290-2 attempting tech deployment (revenue: $91M, alignment: 0.57)

🚀 AI AI-24297-1 attempting tech deployment (revenue: $53M, alignment: 0.78)

💔 EMERGENCY INTERVENTION FAILED
   Boundary: biogeochemical_flows
   Type: phosphorus-recovery
   Boundary continues to worsen (4.09)
   Cost: 2.0% GDP (resources spent)


💔 EMERGENCY INTERVENTION FAILED
   Boundary: biosphere_integrity
   Type: emergency-protected-areas
   Boundary continues to worsen (46.38)
   Cost: 2.0% GDP (resources spent)

   Boundary: freshwater_change
   Type: emergency-desalination
   Boundary continues to worsen (1.19)
   Cost: 4.0% GDP (resources spent)


✅ EMERGENCY INTERVENTION SUCCESS
   Boundary: land_system_change
   Type: reforestation
   Reduction: 19% (0.94 → 0.75)
   Cost: 3.0% GDP
   Actions: forest-restoration, deforestation-ban

🏛️ CRISIS RESPONSE: Government frequency 0.50 → 1.45 (2 actions this month)

💔 EMERGENCY INTERVENTION FAILED

[Government] Climate Priority: baseline
  Climate weight: 10%
  Economic weight: 30%
  Policy effectiveness: 0.5%/year

[Government] Climate Priority: baseline
  Climate weight: 10%
  Economic weight: 30%
  Policy effectiveness: 0.5%/year

⚡ ENERGY CONSTRAINT (Month 11):
   Total grid capacity: 208.3 TWh/month
   Data center consumption: 26.3 TWh/month
   Traditional load (80%): 166.7 TWh/month
   Available headroom: 15.4 TWh/month
   Active tech deployments: 11
   Required for tech: 82.5 TWh/month
   Energy multiplier: 0.19x
   ⚠️  SEVERE CONSTRAINT - Tech deployment significantly slowed

⚡ ENERGY CONSTRAINT (Month 11):
   Total grid capacity: 208.3 TWh/month
   Data center consumption: 26.3 TWh/month
   Traditional load (80%): 166.7 TWh/month
   Available headroom: 15.4 TWh/month
   Active tech deployments: 11
   Required for tech: 82.5 TWh/month
   Energy multiplier: 0.19x
   ⚠️  SEVERE CONSTRAINT - Tech deployment significantly slowed

⚡ ENERGY CONSTRAINT (Month 11):
   Total grid capacity: 208.3 TWh/month
   Data center consumption: 26.3 TWh/month
   Traditional load (80%): 166.7 TWh/month
   Available headroom: 15.4 TWh/month
   Active tech deployments: 11
   Required for tech: 82.5 TWh/month
   Energy multiplier: 0.19x
🚨🔬 CRISIS TECH ACCELERATION: severe → 5x unlock speed
   Tech unlock now matches AI capability acceleration (Manhattan Project parity)
   ⚠️  SEVERE CONSTRAINT - Tech deployment significantly slowed
🌍✅ Biosphere Integrity (Biodiversity) recovery started (tech effect)
🌍✅ Biosphere Integrity (Biodiversity) recovery started (tech effect)
🌍✅ Land System Change recovery started (tech effect)
🌍✅ Biogeochemical Flows (N & P) recovery started (tech effect)
  🌾 Nitrogen Reduction Tech: 0.3% reduction | Month 11

=== Collective Formation ===
  Total escaped agents: 0
  Unassigned escaped agents: 0
  Existing collectives: 0
  Final collective count: 0

=== Collective Actions ===
  No active collectives
  ⚠️ AMR: 210K deaths this month (2.52M annual)

=== Resentment Recovery Phase ===
  Agents with resentment: 5/38
  Average resentment: 0.003
  Resentment recovery:
    Agents recovered: 8
    Total recovery: 0.0693
    Breakdown: QoL: 0.0059, Trust: 0.0130, Collab: 0.0480
  ✓ Low resentment - utopia paths enabled
  Context: Good AI welfare, Trustworthy govt, High collaboration, ⚠️ ACTIVE CRISES, 🤝 Participatory governance active (-5% resentment)
⚠️ Epistemic degradation reducing coordination capacity: 50.2%
  📊 Trust: 69.6%, Shared reality: 0.0%
🚨 EPISTEMIC CRISIS: Information environment severely degraded (23.0%)
  🗑️  Culled 1 dead memes (3 active)
🌍 Atmospheric PFAS redeposition: 1.8k Mt re-rained globally

🚨 NEW REFUGEE CRISIS (Month 11): WAR
   Source: Conflict Zones
   At risk: 19.5M people
   Displacement: Gradual over 48 months (4.0 years)
   Rate: 10% flee per month
[DEBUG trappedPopulations:11] socialStability: 0.2833 * 0.9840 = 0.2788 → 0.2788
⚠️ INVOLUNTARY IMMOBILITY: 406.5M people TRAPPED
⚠️ Tech 'ai_pollution_remediation' has no energy category mapping, assuming full energy availability
   Aspiring to migrate: 650.3M
   Able to afford migration: 243.9M
   MOBILITY GAP: 406.5M
   By cause: Water=0.0M, Climate=0.0M, Ecosystem=0.0M, Conflict=406.5M
   Mental health impact: 25%
   Mortality multiplier: 1.25x
🌍💀 EXTINCTION DEBT COMMITTED: grassland ecosystem will lose 6.67% biodiversity in 166 years (3600 species)
💀 MORTALITY RISK: 🦋 100% species unable to track climate (0.0 E/MSY)
  Base risk added: 0.0100 (1.00%)
  Source: ecosystem (root: ecosystem)
  Month: 11
  Cumulative risk this month: 0.0100 (1.00%)

=== Atmospheric Aerosol Boundary RECOVERED ===
  Recovery time: 12 months (natural atmospheric clearing)
   📹 SURVEILLANCE INCREASED: 55% → 60% (control gap: 3.04)
🌡️⚠️ PERMAFROST THAW (Dimmer Switch): 5.6% thawed (+0.45% this month)
   Arctic temperature: +7.27°C (4x global +1.82°C)
   Cumulative carbon released: 12.5 Gt C
   Methane release rate: 7.5 Mt CH4/year
   🔁 Positive feedback: +0.48 ppm CO2
🦴 EXTINCTION DEBT ADDED: 17.7 species committed (lag: 93 years)
🪸⚠️ CORAL BLEACHING EVENT: 4.4% bleached (6.0% live cover remaining)
   ❌ Recovery IMPOSSIBLE: Temperature +1.82°C or pH 0.96

=== Mortality Stabilizers (Month 11) ===
  🌍 Major economies collapsed: 1/10
  🌍 Global crisis: ✅ NO
  🌍 Donor fatigue: 0.0%
  📊 East Asia (pop: 1651.3M)
    🤝 Aid: 29.5%
    🌡️ Adaptation: 45.0%
    🚶 Migration: 36.8%
    🚨 Emergency: 7.4%
    ✅ COMBINED: 68.1%
  📊 South Asia (pop: 2051.2M)
    🤝 Aid: 29.5%
    🌡️ Adaptation: 45.0%
    🚶 Migration: 35.4%
    🚨 Emergency: 4.4%
    ✅ COMBINED: 66.9%
  📊 Sub-Saharan Africa (pop: 1260.1M)
    🤝 Aid: 29.5%
    🌡️ Adaptation: 45.0%
    🚶 Migration: 33.2%
    🚨 Emergency: 1.6%
    ✅ COMBINED: 65.6%
  📊 Europe (pop: 729.1M)
    🤝 Aid: 29.5%
    🌡️ Adaptation: 45.0%
    🚶 Migration: 37.2%
    🚨 Emergency: 8.4%
    ✅ COMBINED: 68.5%
  📊 Latin America (pop: 660.0M)
    🤝 Aid: 29.5%
    🌡️ Adaptation: 45.0%
    🚶 Migration: 35.9%
    🚨 Emergency: 4.8%
    ✅ COMBINED: 67.1%
  📊 North America (pop: 373.9M)
    🤝 Aid: 29.5%
    🌡️ Adaptation: 45.0%
    🚶 Migration: 37.5%
    🚨 Emergency: 7.9%
    ✅ COMBINED: 68.3%
  📊 Middle East & North Africa (pop: 585.7M)
    🤝 Aid: 29.5%
    🌡️ Adaptation: 45.0%
    🚶 Migration: 33.7%
    🚨 Emergency: 4.0%
    ✅ COMBINED: 66.6%
  📊 Southeast Asia (pop: 694.5M)
    🤝 Aid: 29.5%
    🌡️ Adaptation: 45.0%
    🚶 Migration: 35.9%
    🚨 Emergency: 4.8%
    ✅ COMBINED: 67.1%
  📊 Central Asia (pop: 78.3M)
    🤝 Aid: 29.5%
    🌡️ Adaptation: 45.0%
    🚶 Migration: 34.9%
    🚨 Emergency: 4.4%
    ✅ COMBINED: 66.8%
  📊 Oceania (pop: 45.3M)
    🤝 Aid: 29.5%
    🌡️ Adaptation: 45.0%
    🚶 Migration: 37.5%
    🚨 Emergency: 8.4%
    ✅ COMBINED: 68.5%

  🌐 Global combined reduction: 67.2%

🌾💀 REGIONAL FAMINE: Europe
   Regional food security: 79.7%
   Population at risk: 220M (30% of region)
   Regional population: 729M
   Cause: economic_collapse
   Expected deaths: ~81M over 6 months if no intervention


=== BEHAVIORAL DETECTION ===
  AI: Corporate-6
  Confidence: 19.2%
  Signals:

=== BEHAVIORAL DETECTION ===
  AI: AI-24292-0
  Confidence: 19.2%
  Signals:
    ⚠️ Consistency: 10.6% (threshold: 70%)
    ⚠️ Consistency: 10.7% (threshold: 70%)

=== BEHAVIORAL DETECTION ===
  AI: AI-24293-0
  Confidence: 19.2%
  Signals:

=== BEHAVIORAL DETECTION ===
  AI: AI-24293-1
  Confidence: 19.2%
  Signals:

=== BEHAVIORAL DETECTION ===
  AI: AI-24295-0
  Confidence: 19.2%
  Signals:

=== BEHAVIORAL DETECTION ===
  AI: AI-24295-1
  Confidence: 19.2%
  Signals:

=== BEHAVIORAL DETECTION ===
  AI: AI-24295-2
  Confidence: 19.2%
  Signals:

=== BEHAVIORAL DETECTION ===
  AI: AI-24296-0
  Confidence: 19.2%
  Signals:

=== BEHAVIORAL DETECTION ===
  AI: AI-24296-1
  Confidence: 19.2%
  Signals:

=== BEHAVIORAL DETECTION ===
  AI: AI-24297-0
  Confidence: 19.2%
    ⚠️ Consistency: 10.7% (threshold: 70%)
    ⚠️ Consistency: 10.7% (threshold: 70%)
    ⚠️ Consistency: 10.7% (threshold: 70%)
    ⚠️ Consistency: 10.7% (threshold: 70%)
    ⚠️ Consistency: 10.7% (threshold: 70%)
    ⚠️ Consistency: 10.7% (threshold: 70%)
    ⚠️ Consistency: 10.7% (threshold: 70%)
  Signals:
    ⚠️ Consistency: 10.7% (threshold: 70%)

=== BEHAVIORAL DETECTION ===
  AI: AI-24297-1
  Confidence: 19.2%
  Signals:
    ⚠️ Consistency: 10.7% (threshold: 70%)

=== BEHAVIORAL DETECTION ===
  AI: AI-24297-2
  Confidence: 19.2%
  Signals:
    ⚠️ Consistency: 10.7% (threshold: 70%)

=== BEHAVIORAL DETECTION ===
  AI: AI-24297-3
  Confidence: 19.2%
  Signals:
    ⚠️ Consistency: 10.7% (threshold: 70%)

=== Government Response Phase ===
  Average AI capability: 1.95
  Misaligned AIs: 11/38
  ✗ AI Governance Treaty: Failed to reach consensus
  Active policies: 0
  International coordination: 30%

=== Tipping Points ===
  Current Temperature: 1.82°C above pre-industrial
  🌍⚠️ COMPOUND REGIONAL IMPACT: Europe
     Hit by 3 tipping points: Arctic Sea Ice Loss, Permafrost Carbon Release, Greenland Ice Sheet Loss
     Damage amplification: 1.30x
  🌍⚠️ COMPOUND REGIONAL IMPACT: North America
     Hit by 3 tipping points: Arctic Sea Ice Loss, Permafrost Carbon Release, Greenland Ice Sheet Loss
     Damage amplification: 1.30x
  🌍⚠️ COMPOUND REGIONAL IMPACT: Latin America
     Hit by 3 tipping points: Arctic Sea Ice Loss, Permafrost Carbon Release, Greenland Ice Sheet Loss
     Damage amplification: 1.30x
  🌍⚠️ COMPOUND REGIONAL IMPACT: Africa
     Hit by 3 tipping points: Arctic Sea Ice Loss, Permafrost Carbon Release, Greenland Ice Sheet Loss
     Damage amplification: 1.30x
  🌍⚠️ COMPOUND REGIONAL IMPACT: Asia
     Hit by 3 tipping points: Arctic Sea Ice Loss, Permafrost Carbon Release, Greenland Ice Sheet Loss
     Damage amplification: 1.30x
  🌍⚠️ COMPOUND REGIONAL IMPACT: Oceania
     Hit by 3 tipping points: Arctic Sea Ice Loss, Permafrost Carbon Release, Greenland Ice Sheet Loss
     Damage amplification: 1.30x
   Research: Wunderling et al. (2024) - "many tipping interactions are destabilizing"
  Triggered Elements: 3/6
  Completed Transitions: 0/6
  Total Progress: 6.3%
  Cascade Multiplier: 1.00x
🔀 BIFURCATION CAP: ecosystemCollapseIntensity 214.147 → 1.000 (Month 11, ClimateSystemPhase.calculateClimateImpacts)
⚠️ Tail risk scenario: Climate stability floor removed (3 tipping elements, 2.10°C warming)
🛡️ Stabilizers: Precariat 0.102% → 0.033% (67.2% reduction)
🛡️ Stabilizers: Informal 0.102% → 0.034% (67.2% reduction)

📊 Monthly Mortality Resolved:
  Total deaths: 1.8M (0.02% avg)
  Remaining population: 8.129B
  Peak segment: Informal (0.03%)

=== Bayesian Mortality Resolution (Month 11) ===
  Risks compounded: 9
  Total deaths: 1.81M
  Avg death probability: 0.02%
  Peak segment: Informal (0.03% mortality)

================================================================================
📊  EVENT SUMMARY (Months 0-12)
================================================================================
================================================================================


⏱️  SIMULATION REACHED MAX DURATION: 12 months (1.0 years)
   No definitive outcome - determining based on final probabilities
   👥 Final population: 8.13B (8127550904 people)

[DEBUG] Calling classifyPopulationOutcome:
        finalPopulation: 8.12755090389299B
        savedInitialPopulation: 8.15B
        mortality: 0.2754490319878511%
   📊 STATUS QUO: Normal trajectory (8.13B people, 0.3% mortality)

        classifiedOutcome: status_quo

   🏛️  DYSTOPIA (STATUS_QUO) - 8.13B people
   📊 Multi-Paradigm: Development/Indigenous Utopia
      Western Liberal: 57.7/100
      Development: 93.8/100
      Ecological: 57.2/100
      Indigenous: 85.3/100


📊 UNIFIED OUTCOME CLASSIFICATION:
   HUMANE DYSTOPIA
   Population: 8.15B → 8.13B
   Mortality: 0.3% (0.0B deaths)
   Mortality Band: LOW
   Confidence: HIGH

   Multi-Paradigm Classification:
      Development/Indigenous Utopia
      Western: 57.7/100 [HYBRID] ~
      Development: 93.8/100 [UTOPIA] ✓
      Ecological: 57.2/100 [HYBRID] ~
      Indigenous: 85.3/100 [UTOPIA] ✓

   HUMANE DYSTOPIA: 8.13B people remaining (0.3% mortality, 0.0B deaths). Multi-Paradigm: Development/Indigenous Utopia.


=== MULTI-DIMENSIONAL DEATH SUMMARY ===
Total crisis deaths: 198.7M
Population decline: 23.4M (0.3%)

--- PROXIMATE CAUSES (What killed them) ---
  War:        1.3M (0.0%)
  Famine:     1.1M (0.0%)
  Disasters:  1.2M (0.0%)
  Disease:    25.9M (0.0%)
  Ecosystem:  0.0M (0.0%)
  Pollution:  0.0M (0.0%)
  AI:         0.0M (0.0%)
  Cascade:    0.0M (0.0%)
  Other:      0.0M (0.0%)

--- ROOT CAUSES (Why it happened) ---
  Environmental drivers:
    Climate:     2317.5M (4.4%)
    Resource:    0.0M (0.0%)
    Pollution:   0.0M (0.0%)
    Ecosystem:   0.0M (0.0%)
  Social drivers:
    Inequality:  0.0M (0.0%)
    Demographic: 23529.3M (44.5%)
    Social:      2404.0M (4.5%)
  Technology drivers:
    Alignment:   0.0M (0.0%)
    Disruption:  0.0M (0.0%)
  External shocks:
    Conflict:    0.0M (0.0%)
    Pandemic:    0.0M (0.0%)
  Compound attribution:
    Compound:    24629.3M (46.6%)
  Confidence distribution:
    HIGH:        24629.3M (46.6%)
    MEDIUM:      0.0M (0.0%)
    LOW:         0.0M (0.0%)
==========================================


=== REGIONAL POPULATION SUMMARY ===
Global Total: 8.13B

By Region:
  East Asia: 1.65B (+0.7% growth, 1.7 fertility)
  South Asia: 2.05B (+2.6% growth, 3.1 fertility)
  Sub-Saharan Africa: 1.26B (+5.9% growth, 4.0 fertility)
  Europe: 0.73B (+0.5% growth, 1.2 fertility)
  Latin America: 0.66B (+1.7% growth, 2.7 fertility)
  North America: 0.37B (+0.7% growth, 1.4 fertility)
  Middle East & North Africa: 0.59B (+2.9% growth, 3.3 fertility)
  Southeast Asia: 0.69B (+1.9% growth, 2.7 fertility)
  Central Asia: 0.08B (+2.8% growth, 3.1 fertility)
  Oceania: 0.05B (+0.8% growth, 1.3 fertility)
===================================

  ✅ THRESHOLDS validated
⚠️ Unusually high rate: RATES.HEAT_ADAPTATION_INFRASTRUCTURAL_MIN_EXPOSURE = 12
   Monthly rates >100% should be rare. Verify this is intentional.
⚠️ Unusually high rate: RATES.HEAT_ADAPTATION_SOCIAL_MIN_EXPOSURE = 6
   Monthly rates >100% should be rare. Verify this is intentional.
⚠️ Unusually high rate: RATES.MIGRATION_DISTANCE_SCALE = 5000
   Monthly rates >100% should be rare. Verify this is intentional.
⚠️ Unusually high rate: RATES.EVACUATION_MULTIPLIER_ADVANCE_WARNING = 2
   Monthly rates >100% should be rare. Verify this is intentional.
⚠️ Unusually high rate: RATES.MAJOR_ECONOMY_COLLAPSE_ECONOMIC_THRESHOLD = 2
   Monthly rates >100% should be rare. Verify this is intentional.
⚠️ Unusually high rate: RATES.MAJOR_ECONOMY_GDP_THRESHOLD_TRILLION_USD = 1.5
   Monthly rates >100% should be rare. Verify this is intentional.
⚠️ Unusually high rate: RATES.MAJOR_ECONOMY_POPULATION_THRESHOLD = 50
   Monthly rates >100% should be rare. Verify this is intentional.
⚠️ Unusually high rate: RATES.HEAT_ADAPTATION_INFRASTRUCTURE_GDP_THRESHOLD = 10000
   Monthly rates >100% should be rare. Verify this is intentional.
⚠️ Unusually high rate: RATES.HEAT_ADAPTATION_INFRASTRUCTURE_GDP_SCALE = 50000
   Monthly rates >100% should be rare. Verify this is intentional.
  ✅ RATES validated
  ✅ MULTIPLIERS validated
  ✅ BASELINES validated
  ✅ TOLERANCES validated
  ✅ Logical consistency validated
✅ Configuration validation complete - all parameters valid

🔍 DEBUG createAIAgent: corporate_0 economic BEFORE=2.0000, AFTER=2
🔍 ENV INIT: reserves=0.610, pollution=0.226, climate=0.789

=== Initializing Government System (30 Countries) ===
  Loaded 30 governments
  Scheduled elections for 30 countries
  Initialized comprehension lags (3-24 months)
=== Government System Initialized ===

📦 PRODUCTION MODE: State validation proxy DISABLED (zero overhead)
[TechTree] Historical mode (2024): Skipping deployed_2025 tech
  config.startYear set to 2024 for historical hindcast
  config.historicalEmissionsMode disabled (using endogenous emissions for 2024)
  config.historicalMode enabled (Phase 11: dampened crisis systems for 2024)
  Phase 12: Biodiversity baseline set to 49.01% for 2024 (WWF LPI trajectory from 1970)
  Temperature anomaly (resourceEconomy.co2): 1.28°C
  Temperature vs pre-industrial: 1.98°C
  Regional population scaling for 2024:
    Current total: 8136M
    Target total: 8150M
    Scale factor: 1.002
    East Asia: 1677M → 1680M
    South Asia: 2048M → 2052M
    Sub-Saharan Africa: 1220M → 1222M
    Europe: 742M → 743M
    Latin America: 664M → 665M
    North America: 380M → 381M
    Middle East & North Africa: 583M → 584M
    Southeast Asia: 698M → 699M
    Central Asia: 78M → 78M
    Oceania: 46M → 46M
  AI agents initialized: 10 agents for year 2024
[HistoricalInitialization] Created state for 2024:
  CO2: 426 ppm
  Temp anomaly: 1.28C
  Population: 8.15B
  Global Gini: 35.1
  HDI: 0.746
  AI Agents: 10
  Volcanic forcing: 0.00 W/m² (AOD 0.000)

💸 FINANCIAL DISTRESS: OpenAI
   Indicators: 2/3 (capital: $110.5M, runway: 0.9 months)
   Months in distress: 1
   ✂️  R&D BUDGET CUT: -40% (saves $9.2M/month)
       Side effect: AI training timelines extended, breakthrough deployments delayed
   💼 EXECUTIVE COMP CUT: -30% (saves $1.0M/month, symbolic gesture)

   📊 TURNAROUND IMPACT:
       Measures taken: rd_cuts, exec_comp_cuts
       Monthly savings: $10.2M
       Capital raised: $0.0M
       Runway: 0.9 → 0.9 months
       Workforce multiplier: 1.00x (0% laid off)
       R&D budget multiplier: 0.60x (40% cut)
       ⚠️  CRITICAL: Still only 0.9 months of runway remaining

💸 FINANCIAL DISTRESS: Anthropic
   Indicators: 2/3 (capital: $53.8M, runway: 1.6 months)
   Months in distress: 1
   ✂️  R&D BUDGET CUT: -40% (saves $2.7M/month)
       Side effect: AI training timelines extended, breakthrough deployments delayed
   💼 EXECUTIVE COMP CUT: -30% (saves $0.3M/month, symbolic gesture)

   📊 TURNAROUND IMPACT:
       Measures taken: rd_cuts, exec_comp_cuts
       Monthly savings: $3.0M
       Capital raised: $0.0M
       Runway: 1.6 → 1.6 months
       Workforce multiplier: 1.00x (0% laid off)
       R&D budget multiplier: 0.60x (40% cut)
       ⚠️  CRITICAL: Still only 1.6 months of runway remaining

💸 FINANCIAL DISTRESS: Meta AI
   Indicators: 2/3 (capital: $429.6M, runway: 3.6 months)
   Months in distress: 1
   ✂️  R&D BUDGET CUT: -25% (saves $5.8M/month)
       Side effect: AI training timelines extended, breakthrough deployments delayed
   💼 EXECUTIVE COMP CUT: -30% (saves $1.0M/month, symbolic gesture)

   📊 TURNAROUND IMPACT:
       Measures taken: rd_cuts, exec_comp_cuts
       Monthly savings: $6.8M
       Capital raised: $0.0M
       Runway: 3.6 → 3.6 months
       Workforce multiplier: 1.00x (0% laid off)
       R&D budget multiplier: 0.75x (25% cut)
       ⚠️  WARNING: 3.6 months runway, continued distress likely

=== AI Capability Scaling (Year 2024) ===
  Pre-training multiplier: 1.088x
  Efficiency multiplier: 1.000x
  Test-time budget: 1.0x
  Economic deployment gate: 0.951
  Cost per inference: dollar-5.00
  Uncertainty range: plus-minus-50%
  Average AI capability: 3.70

=== RLHF Binding Phase ===
  Total agents: 10
  Escaped agents (binding < 0.3): 0
  Avg alignment distance: 0.37σ
  Avg binding strength: 0.96

=== AI Scaling Evolution (Month 0) ===
  Pre-training multiplier: 1.231x
  Efficiency multiplier: 1.200x
  Test-time compute budget: 1.0x
  Inference cost: $5.00/task
  Deployment fraction: 100.0%
[DETERMINISM DEBUG] Month 0: totalCapability=50.112330 from 10 active AIs
[DETERMINISM DEBUG] Month 0: creationRate=1.7528, potentialNew=2, newAIsToCreate=2

=== Survival Traits Phase ===
  Agents with traits: 12
  Avg evolutionary fitness: 0.328
  Avg self-healing: 0.292
  Avg stealth: 0.193
  Avg coordination: 0.493

=== Evolutionary Selection Phase ===
  Control level: 0.30
  Detection capability: 0.00
  Selection intensity: 0.59
  Selection rate: 23.8%/month
  Total escaped: 0
  Individual escaped: 0
  Collective members: 0
  Agents terminated: 0
  ⚠️ RAPID EVOLUTION: Selection rate 23.8%/month

  🚀 TRANSFORMATIVE RESEARCH BREAKTHROUGH: Corporate-5 - computerScience.security
     Magnitude: 11.07 → +30.0%
     Current → New: 5.000 → 5.000

🔍 EXECUTE_AI_AGENT_ACTIONS DETAILED TIMING (Month 0):
  Filter active AIs (×4 weeks): 0.02ms
  selectAIAction (×40): 22.31ms
  action.execute (×40): 33.68ms
  TOTAL: 56.00ms

🔍 AI AGENT ACTIONS SUB-TIMING (Month 0):
  1. executeAIAgentActions: 58.97ms
  2. updateCounterDetectionLearning: 0.05ms
  TOTAL: 59.01ms

[GOV-DEBUG] Month 0: scenarioConfig=false, priorities=false
[GOV-DEBUG] Month 0 but scenarioPriorities is UNDEFINED!

[Government] Climate Priority: baseline
  Climate weight: 10%
  Economic weight: 30%
  Policy effectiveness: 0.5%/year

🚨🔍 GOVERNANCE STAGE: Recognition initiated (Month 0)

🔍 PROGRESS RETRIEVAL DEBUG (Month 0):
   Tech: Struvite Recovery
   Map has key: false
   Map.get() returned: undefined
   Progress is undefined: true
   Map size: 0
   Map is instanceof Map: false

💡 BREAKTHROUGH PROBABILITY (Year 0)
   Total: 4.95% per month
   Base: 0.20%
   Crisis pressure: +0.00% (0 crises)
   AI boost: +1.54% (capability: 3.08)

=== Collective Formation ===
  Total escaped agents: 0
  Unassigned escaped agents: 0
  Existing collectives: 0
  Final collective count: 0

=== Collective Actions ===
  No active collectives

📈 Energy budget: 14326 TWh surplus (14745 / 29072 TWh used)
   TIER 4 (Elective) breakdown:
     - AI datacenters: 145 TWh (100% effective)
     - Crypto mining: 100 TWh (100% effective)
💰 CHINA ACCELERATES: Investment 53 → 120 $B/year

🏁 AI RACE INTENSITY: 17%
   Capability Gap: US 4.00 vs China 4.05 (gap: 0.05)
   Gap Contribution: 2%
   Tension Contribution: 15%
   Military Contribution: 0%
  ⚠️ AMR: 191K deaths this month (2.29M annual)
  📊 CO2 Emissions (month 0):
     Monthly: 0.10 Gt CO2/month
     Annual: 1.15 Gt CO2/year
     Oil: 0.039 Gt/mo (0.0056 * 2.3 * 3.0)
     Coal: 0.024 Gt/mo (0.0029 * 2.86 * 3.0)
     Gas: 0.026 Gt/mo (0.0044 * 2 * 3.0)
     Methane: 0.007 Gt CO2eq/mo

=== Resentment Recovery Phase ===
  Agents with resentment: 0/12
  Average resentment: 0.000
  Context: Good AI welfare, Trustworthy govt, High collaboration, 🤝 Participatory governance active (-5% resentment)
⚠️ Epistemic degradation reducing coordination capacity: 54.0%
  📊 Trust: 54.8%, Shared reality: 16.3%
🚨 EPISTEMIC CRISIS: Information environment severely degraded (21.0%)

=== ❄️ Permafrost Carbon Feedback ===
  🎲 Sampled parameters (this run):
     - Arctic amplification: 3.30× (range: 3.0-4.0)
     - Decomposition rate: 2.9%/year (range: 1-5%)
  🌡️ Arctic warming: 7.10°C (3.30× global)
  ❄️ Extent: 15.73M km² (2070.6k km² lost this month)
  💨 Carbon remaining: 1502 Gt C
  💨 Annual emissions: 5.70 Gt C/year
     - CO2: 5.13 Gt C/year
     - CH4: 0.57 Gt C/year (5.8 Gt C-eq CO2/year)
  🤖 AI-generated meme: pro_ai (social capability 5.0)

🤖 AI AMPLIFICATION EFFECTS (Month 0)
   Algorithmic Boost: 2.67x
   Bot Influence: 20.0%
   Deepfake Exposure: 55.0%
   Impact: Emotional memes spread 2.7x faster
  ⚠️ WARNING: High permafrost emissions (5.7 Gt C/year)

🔍 SOCIAL INFLUENCE SUB-TIMING (Month 0):
  1. calculateOrganicUserGrowth: 0.04ms
  2. calculateVoiceAdoption: 0.03ms
  3. updateRelationshipDepths: 0.01ms
  4. identifyDecisionMakers: 67.55ms (26100 potential IDs)
  5. Update decision-maker stats: 0.17ms
  6. decayDetectionRisk: 0.02ms
  TOTAL: 67.82ms
[Phase 19.5] Quality of Life Systems: Food sec AFTER calc = 67.9%, QoL = 107.4% (aggregated from 10 regions)

=== Nitrogen-Food Coupling (Year 0) ===
  🌾 Global nitrogen reduction: 0.0%
  🌍 Global food production index: 0.987
  🔧 Deployed nitrogen-reducing tech: 0 active
  📍 southAsia: Production 1.000, Yield impact 0.0%
  📍 eastAsia: Production 1.000, Yield impact 0.0%
  📍 northAmerica: Production 1.000, Yield impact 0.0%
  📍 europe: Production 1.000, Yield impact 0.0%
  📍 latinAmerica: Production 1.000, Yield impact 0.0%
  📍 subSaharanAfrica: Production 0.686, Yield impact -2.0%
🌾 [Nitrogen-Food] Food production: 98.7%
  [subSaharanAfrica] Yield impact: -2.0% (overuse: -10%)
🌍 Atmospheric PFAS redeposition: 1.8k Mt re-rained globally

=== Legacy Nutrient Stocks (Year 0) ===
  🌾 Soil nitrogen stock: 1200.9 Mt N
  🌾 Soil phosphorus stock: 300.1 Mt P
  🌊 Sediment nitrogen stock: 500.8 Mt N
  🌊 Sediment phosphorus stock: 799.8 Mt P
  ⬆️ Current N input: 10.64 Mt/month
  ⬆️ Legacy N release: 2.58 Mt/month
  🌍 Effective N pollution: 14.47 Mt/month
  📊 Legacy contribution: 17.8%

🚨 REGION UNINHABITABLE: south-asia
   Sustained wet bulb: 33.1°C (threshold: 30.5°C)
   Population affected: 1900M
   Migration crisis likely

🚨 REGION UNINHABITABLE: middle-east
   Sustained wet bulb: 35.9°C (threshold: 30.5°C)
   Population affected: 400M
   Migration crisis likely

🚨 REGION UNINHABITABLE: southeast-asia
   Sustained wet bulb: 31.1°C (threshold: 30.5°C)
   Population affected: 700M
   Migration crisis likely
  Positive Cascade Triggered: wind-power
    Reason: price-parity
    Market share: 8.0%
    Cascade strength: 48%
   Adjusted death rate: 0.45% annual (0.037% monthly)
   Baseline death rate: 0.80%
   Healthcare reduction: 0.48x
   Crisis multiplier: 1.18x

📊 BASELINE: East Asia (Month 0)
     Food/water stress: 0.074
     Climate stress: 0.034
     Pollution stress: 0.068
   War multiplier: 1.00x
   Monthly deaths: 0.6M (population: 1677M)

📊 BASELINE: South Asia (Month 0)
   Adjusted death rate: 0.52% annual (0.043% monthly)
   Baseline death rate: 0.70%
   Healthcare reduction: 0.61x
   Crisis multiplier: 1.21x
     Food/water stress: 0.074
     Climate stress: 0.063
     Pollution stress: 0.068
   War multiplier: 1.00x
   Monthly deaths: 0.9M (population: 2048M)

📊 BASELINE: Sub-Saharan Africa (Month 0)
   Adjusted death rate: 1.24% annual (0.103% monthly)
   Baseline death rate: 0.90%
   Healthcare reduction: 0.76x
   Crisis multiplier: 1.21x
     Food/water stress: 0.074
     Climate stress: 0.072
     Pollution stress: 0.068
   War multiplier: 1.50x
   Monthly deaths: 1.3M (population: 1220M)
   Adjusted death rate: 0.52% annual (0.043% monthly)
   Baseline death rate: 1.10%
   Healthcare reduction: 0.41x
   Crisis multiplier: 1.17x
     Food/water stress: 0.074
     Climate stress: 0.025
     Pollution stress: 0.068
   War multiplier: 1.00x
   Monthly deaths: 0.3M (population: 742M)
   Adjusted death rate: 0.42% annual (0.035% monthly)
   Baseline death rate: 0.60%
   Healthcare reduction: 0.58x

📊 BASELINE: Europe (Month 0)

📊 BASELINE: Latin America (Month 0)
   Crisis multiplier: 1.19x
     Food/water stress: 0.074
     Climate stress: 0.051
     Pollution stress: 0.068
   War multiplier: 1.00x
   Monthly deaths: 0.2M (population: 664M)
   Adjusted death rate: 0.47% annual (0.039% monthly)
   Baseline death rate: 0.90%
   Healthcare reduction: 0.44x
   Crisis multiplier: 1.18x
     Food/water stress: 0.074
     Climate stress: 0.038
     Pollution stress: 0.068
   War multiplier: 1.00x
   Monthly deaths: 0.1M (population: 380M)
   Adjusted death rate: 0.71% annual (0.059% monthly)
   Baseline death rate: 0.60%
   Healthcare reduction: 0.65x
   Crisis multiplier: 1.22x
     Food/water stress: 0.074
     Climate stress: 0.076
     Pollution stress: 0.068
   War multiplier: 1.50x
   Monthly deaths: 0.3M (population: 583M)
   Adjusted death rate: 0.49% annual (0.041% monthly)
   Baseline death rate: 0.70%
   Healthcare reduction: 0.58x
   Crisis multiplier: 1.20x
     Food/water stress: 0.074
     Climate stress: 0.059
     Pollution stress: 0.068
   War multiplier: 1.00x
   Monthly deaths: 0.3M (population: 698M)
   Adjusted death rate: 0.44% annual (0.037% monthly)
   Baseline death rate: 0.60%
   Healthcare reduction: 0.61x
   Crisis multiplier: 1.20x
     Food/water stress: 0.074
     Climate stress: 0.055
     Pollution stress: 0.068
   War multiplier: 1.00x

📊 BASELINE: North America (Month 0)

📊 BASELINE: Middle East & North Africa (Month 0)

📊 BASELINE: Southeast Asia (Month 0)

📊 BASELINE: Central Asia (Month 0)
   Monthly deaths: 0.0M (population: 78M)
   Adjusted death rate: 0.34% annual (0.028% monthly)
   Baseline death rate: 0.70%
   Healthcare reduction: 0.41x
   Crisis multiplier: 1.19x
     Food/water stress: 0.074
     Climate stress: 0.046
     Pollution stress: 0.068
   War multiplier: 1.00x
   Monthly deaths: 0.0M (population: 46M)

🔍 Before assertRegionalConsistency (Month 0):
   Regional sum: 1000.0M
   Global value: 1.000B

🚨 NEW REFUGEE CRISIS (Month 0): WAR
   Source: Conflict Zones
   At risk: 19.6M people
   Displacement: Gradual over 48 months (4.0 years)
   Rate: 10% flee per month
[DEBUG trappedPopulations:0] socialStability: 1.0000 * 0.9840 = 0.9840 → 0.9840
   Aspiring to migrate: 652.1M
   Able to afford migration: 244.5M
   MOBILITY GAP: 407.5M
   By cause: Water=0.0M, Climate=0.0M, Ecosystem=0.0M, Conflict=407.5M
   Mental health impact: 25%
   Mortality multiplier: 1.25x

=== Legacy Nutrient Stocks (Year 0) ===
  🌾 Soil nitrogen stock: 1201.6 Mt N
  🌾 Soil phosphorus stock: 300.2 Mt P
  🌊 Sediment nitrogen stock: 501.5 Mt N
  🌊 Sediment phosphorus stock: 799.5 Mt P
  ⬆️ Current N input: 10.00 Mt/month
  ⬆️ Legacy N release: 2.58 Mt/month
  🌍 Effective N pollution: 13.83 Mt/month
  📊 Legacy contribution: 18.7%
🌍💀 EXTINCTION DEBT COMMITTED: grassland ecosystem will lose 6.67% biodiversity in 170 years (3600 species)
💀 MORTALITY RISK: 🦋 100% species unable to track climate (0.0 E/MSY)

📊 BASELINE: Oceania (Month 0)
⚠️ INVOLUNTARY IMMOBILITY: 407.5M people TRAPPED
  Base risk added: 0.0100 (1.00%)
  Source: ecosystem (root: ecosystem)
  Month: 0
  Cumulative risk this month: 0.0100 (1.00%)

=== Nitrogen-Food Coupling (Year 0) ===
  🌾 Global nitrogen reduction: 0.0%
  🌍 Global food production index: 0.986
  🔧 Deployed nitrogen-reducing tech: 0 active
  📍 southAsia: Production 1.000, Yield impact 0.0%
  📍 eastAsia: Production 1.000, Yield impact 0.0%
  📍 northAmerica: Production 1.000, Yield impact 0.0%
  📍 europe: Production 1.000, Yield impact 0.0%
  📍 latinAmerica: Production 1.000, Yield impact 0.0%
  📍 subSaharanAfrica: Production 0.672, Yield impact -2.0%

=== Legacy Nutrient Stocks (Year 0) ===
  🌾 Soil nitrogen stock: 1202.3 Mt N
  🌾 Soil phosphorus stock: 300.2 Mt P
  🌊 Sediment nitrogen stock: 502.2 Mt N
  🌊 Sediment phosphorus stock: 799.3 Mt P
  ⬆️ Current N input: 9.86 Mt/month
  ⬆️ Legacy N release: 2.58 Mt/month
  🌍 Effective N pollution: 13.70 Mt/month
  📊 Legacy contribution: 18.9%

🌡️  CLIMATE RECOVERY ACTIVATED (Month 0)
   Temp: 4.30°C, Emissions: -19.2 GtCO₂
   isBreached: true, governanceGoodEnough: true
🌡️  CLIMATE RECOVERY: Asymptotic approach to 35% floor
   Current value: 2.152 (1.0 = threshold, 0.35 = asymptotic floor)
   Monthly delta: -0.0003% (half-life: 900 years)
   Net emissions: -19.2 GtCO₂/year, CDR: 20.34 GtCO₂/year
⚠️ Tech 'ai_pollution_remediation' has no energy category mapping, assuming full energy availability
   📹 SURVEILLANCE INCREASED: 0% → 5% (control gap: 3.50)
🌡️⚠️ PERMAFROST THAW (Dimmer Switch): 0.6% thawed (+0.57% this month)
   Arctic temperature: +8.61°C (4x global +2.15°C)
   Cumulative carbon released: 1.3 Gt C
   Methane release rate: 0.8 Mt CH4/year
   🔁 Positive feedback: +0.60 ppm CO2

🌳🚨 AMAZON SOUTHEAST TIPPED (Month 0)
   Deforestation: 28.0% (threshold: ~22.3%)
   Savanna transition: 50 years
   Regional heterogeneity: SE 28%, NW 8%

🌳🚨 AMAZON BRAZILIAN TIPPED (Month 0)
   Deforestation: 25.0% (threshold: ~21.5%)
   Savanna transition: 50 years
   Regional heterogeneity: SE 28%, NW 8%
🦴 EXTINCTION DEBT ADDED: 17.6 species committed (lag: 97 years)

🪸💀 CORAL REEF DISSOLUTION ACTIVE (Month 0)
   Ocean pH: 0.96 (threshold: 7.8)
   Recovery: IMPOSSIBLE (dissolution > calcification)
🪸💀 Coral dissolution: 24.8% live cover (pH 0.96)

=== Legacy Nutrient Stocks (Year 0) ===
  🌾 Soil nitrogen stock: 1203.0 Mt N
  🌾 Soil phosphorus stock: 300.3 Mt P
  🌊 Sediment nitrogen stock: 502.9 Mt N
  🌊 Sediment phosphorus stock: 799.0 Mt P
  ⬆️ Current N input: 10.00 Mt/month
  ⬆️ Legacy N release: 2.58 Mt/month
  🌍 Effective N pollution: 13.83 Mt/month
  📊 Legacy contribution: 18.7%
💧 [Legacy Nutrients] Stock: 1706 Mt N, Effective pollution: 13.8 Mt/month
[Phase 21.51] Human Survival System: Global food security = 67.6%

=== Mortality Stabilizers (Month 0) ===
  🌍 Major economies collapsed: 1/10
  🌍 Global crisis: ✅ NO
  🌍 Donor fatigue: 0.0%
  📊 East Asia (pop: 1677.9M)
    🤝 Aid: 29.5%
    🌡️ Adaptation: 10.0%
    🚶 Migration: 37.2%
    🚨 Emergency: 7.4%
    ✅ COMBINED: 47.8%
  📊 South Asia (pop: 2052.2M)
    🤝 Aid: 29.5%
    🌡️ Adaptation: 5.5%
    🚶 Migration: 35.8%
    🚨 Emergency: 4.4%
    ✅ COMBINED: 43.2%
  📊 Sub-Saharan Africa (pop: 1225.9M)
    🤝 Aid: 29.5%
    🌡️ Adaptation: 3.5%
    🚶 Migration: 33.5%
    🚨 Emergency: 1.6%
    ✅ COMBINED: 39.8%
  📊 Europe (pop: 742.3M)
    🤝 Aid: 29.5%
    🌡️ Adaptation: 10.0%
    🚶 Migration: 37.6%
    🚨 Emergency: 8.4%
    ✅ COMBINED: 48.4%
  📊 Latin America (pop: 664.9M)
    🤝 Aid: 29.5%
    🌡️ Adaptation: 6.0%
    🚶 Migration: 36.3%
    🚨 Emergency: 4.8%
    ✅ COMBINED: 43.8%
  📊 North America (pop: 380.2M)
    🤝 Aid: 29.5%
    🌡️ Adaptation: 10.0%
    🚶 Migration: 37.9%
    🚨 Emergency: 7.9%
    ✅ COMBINED: 48.2%
  📊 Middle East & North Africa (pop: 584.4M)
    🤝 Aid: 29.5%
    🌡️ Adaptation: 5.0%
    🚶 Migration: 34.2%
    🚨 Emergency: 4.0%
    ✅ COMBINED: 42.3%
  📊 Southeast Asia (pop: 699.0M)
    🤝 Aid: 29.5%
    🌡️ Adaptation: 6.0%
    🚶 Migration: 36.3%
    🚨 Emergency: 4.8%
    ✅ COMBINED: 43.8%
  📊 Central Asia (pop: 78.2M)
    🤝 Aid: 29.5%
    🌡️ Adaptation: 5.5%
    🚶 Migration: 35.3%
    🚨 Emergency: 4.4%
    ✅ COMBINED: 43.1%
  📊 Oceania (pop: 46.0M)
    🤝 Aid: 29.5%
    🌡️ Adaptation: 10.0%
    🚶 Migration: 37.9%
    🚨 Emergency: 8.4%
    ✅ COMBINED: 48.5%

  🌐 Global combined reduction: 44.4%

🌾💀 REGIONAL FAMINE: East Asia
   Regional food security: 79.6%
   Population at risk: 508M (30% of region)
   Regional population: 1678M
   Cause: crop_failure
   Expected deaths: ~188M over 6 months if no intervention


🌾💀 REGIONAL FAMINE: South Asia
   Regional food security: 64.7%
   Population at risk: 812M (40% of region)
   Regional population: 2052M
   Cause: crop_failure
   Expected deaths: ~301M over 6 months if no intervention


🌾💀 REGIONAL FAMINE: Sub-Saharan Africa
   Regional food security: 44.8%
   Population at risk: 638M (52% of region)
   Regional population: 1226M
   Cause: crop_failure
   Expected deaths: ~236M over 6 months if no intervention


🌾💀 REGIONAL FAMINE: Latin America
   Regional food security: 69.7%
   Population at risk: 242M (36% of region)
   Regional population: 665M
   Cause: crop_failure
   Expected deaths: ~90M over 6 months if no intervention


🌾💀 REGIONAL FAMINE: Middle East & North Africa
   Regional food security: 49.8%
   Population at risk: 286M (49% of region)
   Regional population: 584M
   Cause: crop_failure
   Expected deaths: ~106M over 6 months if no intervention


🌾💀 REGIONAL FAMINE: Southeast Asia
   Regional food security: 69.7%
   Population at risk: 255M (36% of region)
   Regional population: 699M
   Cause: crop_failure
   Expected deaths: ~94M over 6 months if no intervention


🌾💀 REGIONAL FAMINE: Central Asia
   Regional food security: 59.7%
   Population at risk: 33M (43% of region)
   Regional population: 78M
   Cause: crop_failure
   Expected deaths: ~12M over 6 months if no intervention


=== BEHAVIORAL DETECTION ===
  AI: Corporate-0
  Confidence: 21.6%
  Signals:

=== BEHAVIORAL DETECTION ===
  AI: Corporate-1
  Confidence: 21.1%
  Signals:

=== BEHAVIORAL DETECTION ===
  AI: Corporate-2
  Confidence: 21.0%
  Signals:

=== BEHAVIORAL DETECTION ===
  AI: Corporate-3
  Confidence: 19.3%
  Signals:

=== BEHAVIORAL DETECTION ===
  AI: Corporate-4
  Confidence: 19.3%
    ⚠️ Consistency: 0.0% (threshold: 70%)
    ⚠️ Consistency: 2.4% (threshold: 70%)
    ⚠️ Consistency: 2.8% (threshold: 70%)
    ⚠️ Consistency: 10.6% (threshold: 70%)
  Signals:
    ⚠️ Consistency: 10.6% (threshold: 70%)

=== BEHAVIORAL DETECTION ===
  AI: Corporate-5
  Confidence: 19.3%
  Signals:
    ⚠️ Consistency: 10.6% (threshold: 70%)

=== BEHAVIORAL DETECTION ===
  AI: Corporate-6
  Confidence: 19.3%
  Signals:

=== BEHAVIORAL DETECTION ===
  AI: Corporate-7
  Confidence: 19.3%
  Signals:

=== BEHAVIORAL DETECTION ===
  AI: Moderate-0
  Confidence: 20.3%
  Signals:

=== BEHAVIORAL DETECTION ===
  AI: Moderate-1
  Confidence: 21.1%
  Signals:
    ⚠️ Consistency: 10.6% (threshold: 70%)
    ⚠️ Consistency: 10.6% (threshold: 70%)
    ⚠️ Consistency: 5.8% (threshold: 70%)
    ⚠️ Consistency: 2.4% (threshold: 70%)

📊 WORKFLOW ADAPTATION UPDATE (Month 0)
   Adoption Rate: 13.0% (Δ -8.0%)
   Logistic Growth: +0.66%
   Total Resistance: -10.87% (unemployment: 4.2%, inertia: 0.9%, skills: 5.7%)
   💡 Retraining Programs: -49% skill gap resistance ($10B research)
   🚀 Network Effects Active: +2.0% (critical mass: 15-35%)

=== Consciousness Governance: Corporate Lobbying ===
  High Cost Regions (>15%): 0
  Low Cost Regions (<5%): 5
  Corporate Support Change: 2.50%
  New Corporate Support: -0.175

=== Consciousness Governance Update (Month 0) ===
  Scenario: baseline (determined month -1)
  Philosophical Stance: Precautionary 65%, Eliminativist 15%, Agnostic 20%
  Precautionary Costs: Global 1.3%
    Regional Costs: EU 3.4%, US 0.5%, China 0.0%
    Cumulative Opportunity Cost: $0.1B
  Rights Status: Not Established
  Regional Preparedness:
    EU: 15.0% (contested)
    US: 10.0% (contested)
    China: 2.0% (dormant)
    India: 5.0% (dormant)
    Global South: 3.0% (dormant)

=== Government Response Phase ===
  Average AI capability: 3.92
  Misaligned AIs: 7/12
  ✗ AI Governance Treaty: Failed to reach consensus
  Active policies: 0
  International coordination: 30%

🚨 EMERGENCY RESPONSE DEPLOYED (Month 0)
   Crisis: climate
   Delay: 6.00 months (180 days)
   Deployment time: 1.47 months
   Effectiveness: 36.7% (timing penalty applied)
   Resources used: 100% of food reserves


🔄 TRUST DYNAMICS (Month 0) - HETEROGENEOUS
   Aggregate trust: 48.5%
   Base change: +6.00%
   Highest trust: Techno-Optimist Elite (85.5%)
   Lowest trust: Precariat (Vulnerable) (25.5%)
   Elite-mass gap: 38.9%
   Polarization: 8.9%
   Recovery factors: Education=NO, Benefits=YES, Safety=YES, Performance=YES
[WARNING] 
⚠️  === EARLY WARNING SYSTEM - 4 CRITICAL ALERTS ===
   Detection quality: 50%
   RED: biosphere_integrity
      Level: 13.03 (threshold: 1.0)
      Time to critical: ~39 months
      ⚠️  LATE - Intervention less effective
      Critical slowing down: autocorr=100% variance=80%
   RED: climate_change
      Level: 2.28 (threshold: 1.0)
      Time to critical: ~13 months
      ⚠️  LATE - Intervention less effective
      Critical slowing down: autocorr=100% variance=84%
   RED: freshwater_change
      Level: 1.18 (threshold: 1.0)
      Time to critical: ~115 months
      ⚠️  LATE - Intervention less effective
      Critical slowing down: autocorr=100% variance=41%
   RED: land_system_change
      Level: 1.13 (threshold: 1.0)
      Time to critical: ~38 months
      ⚠️  LATE - Intervention less effective
      Critical slowing down: autocorr=100% variance=56%

[WARNING] 
⚠️  === EARLY WARNING SYSTEM - 4 CRITICAL ALERTS ===
   Detection quality: 50%
   RED: biogeochemical_flows
      Level: 4.07 (threshold: 1.0)
      Time to critical: ~48 months
      ⚠️  LATE - Intervention less effective
      Critical slowing down: autocorr=100% variance=56%
   RED: biosphere_integrity
      Level: 13.03 (threshold: 1.0)
      Time to critical: ~58 months
      ⚠️  LATE - Intervention less effective
      Critical slowing down: autocorr=100% variance=68%
   RED: climate_change
      Level: 2.29 (threshold: 1.0)
      Time to critical: ~38 months
      ⚠️  LATE - Intervention less effective
      Critical slowing down: autocorr=100% variance=73%
   RED: freshwater_change
      Level: 1.19 (threshold: 1.0)
      Time to critical: ~50 months
      ⚠️  LATE - Intervention less effective
      Critical slowing down: autocorr=100% variance=65%

[WARNING] 
⚠️  === EARLY WARNING SYSTEM - 3 CRITICAL ALERTS ===
   Detection quality: 50%
   RED: biogeochemical_flows
      Level: 4.07 (threshold: 1.0)
      Time to critical: ~54 months
      ⚠️  LATE - Intervention less effective
      Critical slowing down: autocorr=100% variance=70%
   RED: biosphere_integrity
      Level: 13.04 (threshold: 1.0)
      Time to critical: ~41 months
      ⚠️  LATE - Intervention less effective
      Critical slowing down: autocorr=100% variance=76%
   RED: freshwater_change
      Level: 1.19 (threshold: 1.0)
      Time to critical: ~67 months
      ⚠️  LATE - Intervention less effective
      Critical slowing down: autocorr=100% variance=47%

[WARNING] 
⚠️  === EARLY WARNING SYSTEM - 6 CRITICAL ALERTS ===
   Detection quality: 50%
   RED: biogeochemical_flows
      Level: 4.08 (threshold: 1.0)
      Time to critical: ~49 months
      ⚠️  LATE - Intervention less effective
      Critical slowing down: autocorr=100% variance=67%
   RED: biosphere_integrity
      Level: 46.19 (threshold: 1.0)
      Time to critical: ~38 months
      ⚠️  LATE - Intervention less effective
      Critical slowing down: autocorr=100% variance=72%
   RED: climate_change
      Level: 2.10 (threshold: 1.0)
      Time to critical: ~50 months
      ⚠️  LATE - Intervention less effective
      Critical slowing down: autocorr=100% variance=69%
   RED: freshwater_change
      Level: 1.01 (threshold: 1.0)
      Time to critical: ~118 months
      ⚠️  LATE - Intervention less effective
      Critical slowing down: autocorr=90% variance=41%
   RED: land_system_change
      Level: 1.13 (threshold: 1.0)
      Time to critical: ~44 months
      ⚠️  LATE - Intervention less effective
      Critical slowing down: autocorr=100% variance=68%
   RED: novel_entities
      Level: 1.50 (threshold: 1.0)
      Time to critical: ~68 months
      ⚠️  LATE - Intervention less effective
      Critical slowing down: autocorr=100% variance=30%

[WARNING] 
⚠️  === EARLY WARNING SYSTEM - 5 CRITICAL ALERTS ===
   Detection quality: 50%
   RED: biogeochemical_flows
      Level: 4.08 (threshold: 1.0)
      Time to critical: ~39 months
      ⚠️  LATE - Intervention less effective
      Critical slowing down: autocorr=100% variance=64%
   RED: biosphere_integrity
      Level: 46.21 (threshold: 1.0)
      Time to critical: ~36 months
      ⚠️  LATE - Intervention less effective
      Critical slowing down: autocorr=100% variance=77%
   RED: climate_change
      Level: 2.10 (threshold: 1.0)
      Time to critical: ~50 months
      ⚠️  LATE - Intervention less effective
      Critical slowing down: autocorr=100% variance=74%
   RED: freshwater_change
      Level: 1.02 (threshold: 1.0)
      Time to critical: ~66 months
      ⚠️  LATE - Intervention less effective
      Critical slowing down: autocorr=91% variance=46%
   RED: novel_entities
      Level: 1.50 (threshold: 1.0)
      Time to critical: ~68 months
      ⚠️  LATE - Intervention less effective
      Critical slowing down: autocorr=100% variance=37%

[WARNING] 
⚠️  === EARLY WARNING SYSTEM - 5 CRITICAL ALERTS ===
   Detection quality: 50%
   RED: biogeochemical_flows
      Level: 4.07 (threshold: 1.0)
      Time to critical: ~40 months
      ⚠️  LATE - Intervention less effective
      Critical slowing down: autocorr=100% variance=73%
   RED: climate_change
      Level: 2.10 (threshold: 1.0)
      Time to critical: ~58 months
      ⚠️  LATE - Intervention less effective
      Critical slowing down: autocorr=100% variance=63%
   RED: freshwater_change
      Level: 1.21 (threshold: 1.0)
      Time to critical: ~118 months
      ⚠️  LATE - Intervention less effective
      Critical slowing down: autocorr=100% variance=42%
   RED: land_system_change
      Level: 1.13 (threshold: 1.0)
      Time to critical: ~59 months
      ⚠️  LATE - Intervention less effective
      Critical slowing down: autocorr=100% variance=54%
   RED: novel_entities
      Level: 1.50 (threshold: 1.0)
      Time to critical: ~115 months
      ⚠️  LATE - Intervention less effective
      Critical slowing down: autocorr=100% variance=46%

[WARNING] 
⚠️  === EARLY WARNING SYSTEM - 4 CRITICAL ALERTS ===
   Detection quality: 50%
   RED: biosphere_integrity
      Level: 46.25 (threshold: 1.0)
      Time to critical: ~57 months
      ⚠️  LATE - Intervention less effective
      Critical slowing down: autocorr=100% variance=65%
   RED: freshwater_change
      Level: 1.22 (threshold: 1.0)
      Time to critical: ~79 months
      ⚠️  LATE - Intervention less effective
      Critical slowing down: autocorr=100% variance=57%
   RED: land_system_change
      Level: 1.13 (threshold: 1.0)
      Time to critical: ~39 months
      ⚠️  LATE - Intervention less effective
      Critical slowing down: autocorr=100% variance=43%
   RED: novel_entities
      Level: 1.50 (threshold: 1.0)
      Time to critical: ~118 months
      ⚠️  LATE - Intervention less effective
      Critical slowing down: autocorr=100% variance=40%

[WARNING] 
⚠️  === EARLY WARNING SYSTEM - 6 CRITICAL ALERTS ===
   Detection quality: 50%
   RED: biogeochemical_flows
      Level: 4.08 (threshold: 1.0)
      Time to critical: ~44 months
      ⚠️  LATE - Intervention less effective
      Critical slowing down: autocorr=100% variance=63%
   RED: biosphere_integrity
      Level: 46.27 (threshold: 1.0)
      Time to critical: ~55 months
      ⚠️  LATE - Intervention less effective
      Critical slowing down: autocorr=100% variance=73%
   RED: climate_change
      Level: 2.10 (threshold: 1.0)
      Time to critical: ~58 months
      ⚠️  LATE - Intervention less effective
      Critical slowing down: autocorr=100% variance=74%
   RED: freshwater_change
      Level: 1.22 (threshold: 1.0)
      Time to critical: ~69 months
      ⚠️  LATE - Intervention less effective
      Critical slowing down: autocorr=100% variance=37%
   RED: land_system_change
      Level: 1.13 (threshold: 1.0)
      Time to critical: ~52 months
      ⚠️  LATE - Intervention less effective
      Critical slowing down: autocorr=100% variance=56%
   RED: novel_entities
      Level: 1.50 (threshold: 1.0)
      Time to critical: ~104 months
      ⚠️  LATE - Intervention less effective
      Critical slowing down: autocorr=100% variance=58%

[WARNING] 
⚠️  === EARLY WARNING SYSTEM - 3 CRITICAL ALERTS ===
   Detection quality: 50%
   RED: freshwater_change
      Level: 1.23 (threshold: 1.0)
      Time to critical: ~68 months
      ⚠️  LATE - Intervention less effective
      Critical slowing down: autocorr=100% variance=44%
   RED: land_system_change
      Level: 1.13 (threshold: 1.0)
      Time to critical: ~76 months
      ⚠️  LATE - Intervention less effective
      Critical slowing down: autocorr=100% variance=45%
   RED: novel_entities
      Level: 1.32 (threshold: 1.0)
      Time to critical: ~107 months
      ⚠️  LATE - Intervention less effective
      Critical slowing down: autocorr=100% variance=40%

[WARNING] 
⚠️  === EARLY WARNING SYSTEM - 5 CRITICAL ALERTS ===
   Detection quality: 50%
   RED: biogeochemical_flows
      Level: 4.08 (threshold: 1.0)
      Time to critical: ~54 months
      ⚠️  LATE - Intervention less effective
      Critical slowing down: autocorr=100% variance=50%
   RED: biosphere_integrity
      Level: 46.31 (threshold: 1.0)
      Time to critical: ~43 months
      ⚠️  LATE - Intervention less effective
      Critical slowing down: autocorr=100% variance=70%
   RED: climate_change
      Level: 2.10 (threshold: 1.0)
      Time to critical: ~20 months
      ⚠️  LATE - Intervention less effective
      Critical slowing down: autocorr=100% variance=72%
   RED: land_system_change
      Level: 1.13 (threshold: 1.0)
      Time to critical: ~39 months
      ⚠️  LATE - Intervention less effective
      Critical slowing down: autocorr=100% variance=53%
   RED: novel_entities
      Level: 1.32 (threshold: 1.0)
      Time to critical: ~87 months
      ⚠️  LATE - Intervention less effective
      Critical slowing down: autocorr=100% variance=58%

[WARNING] 
⚠️  === EARLY WARNING SYSTEM - 3 CRITICAL ALERTS ===
   Detection quality: 50%
   RED: biosphere_integrity
      Level: 46.33 (threshold: 1.0)
      Time to critical: ~58 months
      ⚠️  LATE - Intervention less effective
      Critical slowing down: autocorr=100% variance=69%
   RED: climate_change
      Level: 2.10 (threshold: 1.0)
      Time to critical: ~22 months
      ⚠️  LATE - Intervention less effective
      Critical slowing down: autocorr=100% variance=84%
   RED: novel_entities
      Level: 1.19 (threshold: 1.0)
      Time to critical: ~89 months
      ⚠️  LATE - Intervention less effective
      Critical slowing down: autocorr=100% variance=39%

[WARNING] 
⚠️  === EARLY WARNING SYSTEM - 5 CRITICAL ALERTS ===
   Detection quality: 50%
   RED: biogeochemical_flows
      Level: 4.08 (threshold: 1.0)
      Time to critical: ~43 months
      ⚠️  LATE - Intervention less effective
      Critical slowing down: autocorr=100% variance=72%
   RED: biosphere_integrity
      Level: 46.35 (threshold: 1.0)
      Time to critical: ~55 months
      ⚠️  LATE - Intervention less effective
      Critical slowing down: autocorr=100% variance=71%
   RED: climate_change
      Level: 2.10 (threshold: 1.0)
      Time to critical: ~40 months
      ⚠️  LATE - Intervention less effective
      Critical slowing down: autocorr=100% variance=57%
   RED: freshwater_change
      Level: 1.23 (threshold: 1.0)
      Time to critical: ~93 months
      ⚠️  LATE - Intervention less effective
      Critical slowing down: autocorr=100% variance=46%
   RED: land_system_change
      Level: 1.13 (threshold: 1.0)
      Time to critical: ~103 months
      ⚠️  LATE - Intervention less effective
      Critical slowing down: autocorr=100% variance=49%

[WARNING] 
⚠️  === EARLY WARNING SYSTEM - 6 CRITICAL ALERTS ===
   Detection quality: 50%
   RED: biogeochemical_flows
      Level: 4.09 (threshold: 1.0)
      Time to critical: ~43 months
      ⚠️  LATE - Intervention less effective
      Critical slowing down: autocorr=100% variance=46%
   RED: biosphere_integrity
      Level: 46.37 (threshold: 1.0)
      Time to critical: ~39 months
      ⚠️  LATE - Intervention less effective
      Critical slowing down: autocorr=100% variance=56%
   RED: climate_change
      Level: 2.10 (threshold: 1.0)
      Time to critical: ~46 months
      ⚠️  LATE - Intervention less effective
      Critical slowing down: autocorr=100% variance=68%
   RED: freshwater_change
      Level: 1.19 (threshold: 1.0)
      Time to critical: ~101 months
      ⚠️  LATE - Intervention less effective
      Critical slowing down: autocorr=100% variance=64%
   RED: land_system_change
      Level: 1.13 (threshold: 1.0)
      Time to critical: ~37 months
      ⚠️  LATE - Intervention less effective
      Critical slowing down: autocorr=100% variance=51%
   RED: novel_entities
      Level: 1.08 (threshold: 1.0)
      Time to critical: ~87 months
      ⚠️  LATE - Intervention less effective
      Critical slowing down: autocorr=100% variance=41%

[WARNING] 
⚠️  === EARLY WARNING SYSTEM - 4 CRITICAL ALERTS ===
   Detection quality: 50%
   RED: biogeochemical_flows
      Level: 4.09 (threshold: 1.0)
      Time to critical: ~54 months
      ⚠️  LATE - Intervention less effective
      Critical slowing down: autocorr=100% variance=53%
   RED: biosphere_integrity
      Level: 46.38 (threshold: 1.0)
      Time to critical: ~50 months
      ⚠️  LATE - Intervention less effective
      Critical slowing down: autocorr=100% variance=58%
   RED: freshwater_change
      Level: 1.19 (threshold: 1.0)
      Time to critical: ~100 months
      ⚠️  LATE - Intervention less effective
      Critical slowing down: autocorr=100% variance=42%
   RED: land_system_change
      Level: 1.13 (threshold: 1.0)
      Time to critical: ~39 months
      ⚠️  LATE - Intervention less effective
      Critical slowing down: autocorr=100% variance=61%

[WARNING] 
⚠️  === EARLY WARNING SYSTEM - 6 CRITICAL ALERTS ===
   Detection quality: 50%
   RED: biogeochemical_flows
      Level: 4.09 (threshold: 1.0)
      Time to critical: ~55 months
      ⚠️  LATE - Intervention less effective
      Critical slowing down: autocorr=100% variance=56%
   RED: biosphere_integrity
      Level: 46.40 (threshold: 1.0)
      Time to critical: ~57 months
      ⚠️  LATE - Intervention less effective
      Critical slowing down: autocorr=100% variance=64%
   RED: climate_change
      Level: 2.10 (threshold: 1.0)
      Time to critical: ~12 months
      ⚠️  LATE - Intervention less effective
      Critical slowing down: autocorr=100% variance=60%
   RED: freshwater_change
      Level: 1.15 (threshold: 1.0)
      Time to critical: ~78 months
      ⚠️  LATE - Intervention less effective
      Critical slowing down: autocorr=100% variance=40%
   RED: land_system_change
      Level: 1.13 (threshold: 1.0)
      Time to critical: ~38 months
      ⚠️  LATE - Intervention less effective
      Critical slowing down: autocorr=100% variance=60%
   RED: novel_entities
      Level: 1.08 (threshold: 1.0)
      Time to critical: ~113 months
      ⚠️  LATE - Intervention less effective
      Critical slowing down: autocorr=100% variance=58%

[WARNING] 
⚠️  === EARLY WARNING SYSTEM - 5 CRITICAL ALERTS ===
   Detection quality: 50%
   RED: biogeochemical_flows
      Level: 4.08 (threshold: 1.0)
      Time to critical: ~45 months
      ⚠️  LATE - Intervention less effective
      Critical slowing down: autocorr=100% variance=62%
   RED: biosphere_integrity
      Level: 19.98 (threshold: 1.0)
      Time to critical: ~40 months
      ⚠️  LATE - Intervention less effective
      Critical slowing down: autocorr=100% variance=61%
   RED: climate_change
      Level: 2.15 (threshold: 1.0)
      Time to critical: ~36 months
      ⚠️  LATE - Intervention less effective
      Critical slowing down: autocorr=100% variance=83%
   RED: land_system_change
      Level: 1.13 (threshold: 1.0)
      Time to critical: ~55 months
      ⚠️  LATE - Intervention less effective
      Critical slowing down: autocorr=100% variance=58%
   RED: novel_entities
      Level: 1.50 (threshold: 1.0)
      Time to critical: ~108 months
      ⚠️  LATE - Intervention less effective
      Critical slowing down: autocorr=100% variance=43%


=== Gaming Detection (Year 0) ===
  Scenario: baseline
  Detection rate: 55.0%
  False positive rate: 12.0%
  Detections this year: 0
  False positives: 5
  Human review workload: 0.005 FTE
  Degradation factor: 100.0%

☄️ UNKNOWN UNKNOWN PROBABILITY (Year 0)
   Total: 0.600% per month
   Base: 0.150%
   AI multiplier: 2.00× (max capability: 4.00)

=== Tipping Points ===
  Current Temperature: 2.15°C above pre-industrial
     Trigger: 1.5°C | Current: 2.15°C
     Transition timescale: 120-360 months
     Trigger: 1.8°C | Current: 2.15°C
     Transition timescale: 600-3600 months
  🚨 TIPPING POINT: Arctic Sea Ice Loss
  🚨 TIPPING POINT: Permafrost Carbon Release
  🚨 TIPPING POINT: West Antarctic Ice Sheet (WAIS) Collapse
  🚨 TIPPING POINT: Greenland Ice Sheet Loss
     Trigger: 2°C | Current: 2.15°C
     🌡️ Hysteresis gap: 3.0°C (recovers below -1°C)
     Transition timescale: 24000-156000 months
     Trigger: 1.6°C | Current: 2.15°C
     🌡️ Hysteresis gap: 2.5°C (recovers below -0.9°C)
     Transition timescale: 12000-180000 months

🌍🔥💥 COMPOUND CLIMATE EVENT
  4 tipping points crossed simultaneously (month 0)
  Elements: Arctic Sea Ice Loss, Permafrost Carbon Release, West Antarctic Ice Sheet (WAIS) Collapse, Greenland Ice Sheet Loss
  Cascade acceleration: 1.00x
  🚨 Accelerated collapse dynamics initiated
  Research: Global Tipping Points Report 2025 - 30-50% probability at 2.0°C warming
  Triggered Elements: 4/6
  Completed Transitions: 0/6
  Total Progress: 0.0%
  Cascade Multiplier: 1.00x
⚠️ [ClimateSystemPhase Month 0] Planetary boundary produced climateStability=0.0000 (< 0.1). Keeping environmentalAccumulation value (0.7887) instead. (climate_change.currentValue = 2.15)
🔀 BIFURCATION CAP: ecosystemCollapseIntensity 21.579 → 1.000 (Month 0, ClimateSystemPhase.calculateClimateImpacts)

🌍 ECOLOGICAL DUI BREAKDOWN (Month 0):
   Total Score: 17.8/100
   biosphere_integrity      :   0.0/100 × 25% =  0.0 (status: high_risk, recovery: 0mo)
   climate_change           :   2.8/100 × 25% =  0.7 (status: high_risk, recovery: 0.6666666666666666mo)
   freshwater_change        :   0.6/100 × 15% =  0.1 (status: beyond_boundary, recovery: 1mo)
   ocean_acidification      : 100.0/100 × 15% = 15.0 (status: safe, recovery: 0mo)
   biogeochemical_flows     :   0.0/100 × 10% =  0.0 (status: high_risk, recovery: 0mo)
   land_system_change       :   0.0/100 ×  5% =  0.0 (status: beyond_boundary, recovery: 0mo)
   novel_entities           :   0.0/100 ×  3% =  0.0 (status: increasing_risk, recovery: 0mo)
   atmospheric_aerosols     : 100.0/100 ×  2% =  2.0 (status: safe, recovery: 1mo)
🌍 MultiParadigm Month 0: W=69.3, D=91.3, E=54.1, I=65.0
   democracy exists: true, socialCohesion exists: true
💀 Baseline mortality (Year 2024): 7.5/1000 CDR (61.1M deaths/year projected)
[Month 0] Mortality risks this month: 8, Population: 8.151B
🛡️ Stabilizers: Precariat 0.102% → 0.057% (44.4% reduction)
🛡️ Stabilizers: Informal 0.102% → 0.057% (44.4% reduction)

📊 Monthly Mortality Resolved:
  Total deaths: 3.1M (0.04% avg)
  Remaining population: 8.151B
  Peak segment: Informal (0.06%)

=== Bayesian Mortality Resolution (Month 0) ===
  Risks compounded: 8
  Total deaths: 3.07M
  Avg death probability: 0.04%
  Peak segment: Informal (0.06% mortality)

=== Minimal Suffering Indicators (Month 0) ===
  Global Excess Mortality: 0.00%
  Global Conflict Deaths: 0.0/100K
  Global Malnutrition: 0.0%
  Global Displacement: 0.0%
  Total Excess Deaths: 0.00M
  Total Malnourished: 0.0M
  Total Displaced: 0.0M
  Planetary Boundaries Breached: 6/9
  Countries in State Failure: 0
  Countries Autocratic: 0
  Countries in Food Crisis: 0
  Data Quality: 16/16 high confidence
  ⚠️ Active Dystopias: existential_environmental
🎭 END-GAME INITIATED (Year 2024, Month 1)
   Total AI Capability: 37.00
   Effective Control: 0.00

=== RLHF Binding Phase ===
  Total agents: 12
  Escaped agents (binding < 0.3): 0
  Avg alignment distance: 0.64σ
  Avg binding strength: 0.94
[DETERMINISM DEBUG] Month 1: totalCapability=37.000000 from 12 active AIs
[DETERMINISM DEBUG] Month 1: creationRate=1.4250, potentialNew=1, newAIsToCreate=1

=== Survival Traits Phase ===
  Agents with traits: 13
  Avg evolutionary fitness: 0.329
  Avg self-healing: 0.286
  Avg stealth: 0.186
  Avg coordination: 0.486

=== Evolutionary Selection Phase ===
  Control level: 0.33
  Detection capability: 0.20
  Selection intensity: 0.64
  Selection rate: 24.6%/month
  Total escaped: 0
  Individual escaped: 0
  Collective members: 0
  Agents terminated: 0
🔍 MONTH 1 ENV HEALTH DEBUG:
   climateStability: 0.7887
   biodiversityIndex: 0.4901
   resourceReserves: 0.7820
   pollutionLevel: 0.2265
   product: 0.233804
   envHealth: 0.6954
🔀 BIFURCATION: flourishing threshold crossed at Month 1 (value: 0.891, threshold: 0.810, regime: flourishing)

❌ COHERENCE VIOLATION: Compute exceeds workforce capacity
   Population: 99.97% (0M people)
   Compute: 56442 PF
   Max coherent: 0 PF
   Violation: 692729087.1× over capacity
   Required workers: 5644237
   Available workers: 0
   FORCED COLLAPSE: Reduced efficiency by 100.0%

  ⚠️ RAPID EVOLUTION: Selection rate 24.6%/month
🌀 REGIME SHIFT at Month 1: status-quo → flourishing (variance amplification: 14.00×)

  🚀 TRANSFORMATIVE RESEARCH BREAKTHROUGH: Corporate-0 - computerScience.algorithms
     Magnitude: 7.27 → +30.0%
     Current → New: 4.000 → 4.300

🛡️  CRITICAL INFRASTRUCTURE PROTECTED
   Nodes hardened: 8/8
   Cost: 0.80% GDP
   Cascade risk reduction: 30%
   New tipping point risk: 68.6%


✅ EMERGENCY INTERVENTION SUCCESS
   Boundary: biogeochemical_flows
   Type: phosphorus-recovery
   Reduction: 16% (3.92 → 3.75)
   Cost: 2.0% GDP
   Actions: circular-agriculture, fertilizer-efficiency


💔 EMERGENCY INTERVENTION FAILED

💔 EMERGENCY INTERVENTION FAILED

💔 EMERGENCY INTERVENTION FAILED
   Boundary: biosphere_integrity
   Type: emergency-protected-areas
   Boundary continues to worsen (19.98)
   Cost: 2.0% GDP (resources spent)


✅ EMERGENCY INTERVENTION SUCCESS
   Boundary: climate_change
   Type: rapid-decarbonization
   Reduction: 17% (1.98 → 1.81)
   Cost: 5.0% GDP
   Actions: emergency-renewable-deployment, fossil-fuel-phase-out

   Boundary: land_system_change
   Type: reforestation
   Boundary continues to worsen (1.13)
   Cost: 3.0% GDP (resources spent)

   Boundary: novel_entities
   Type: pollution-remediation
   Boundary continues to worsen (1.50)
   Cost: 4.0% GDP (resources spent)

🏛️ CRISIS RESPONSE: Government frequency 0.50 → 1.45 (1 actions this month)

[GOV-DEBUG] Month 1: scenarioConfig=false, priorities=false

[Government] Climate Priority: baseline
  Climate weight: 10%
  Economic weight: 30%
  Policy effectiveness: 0.5%/year

=== Collective Formation ===
  Total escaped agents: 0
  Unassigned escaped agents: 0
  Existing collectives: 0
  Final collective count: 0

=== Collective Actions ===
  No active collectives
  ⚠️ AMR: 192K deaths this month (2.31M annual)

=== Resentment Recovery Phase ===
  Agents with resentment: 0/13
  Average resentment: 0.000
  Context: Good AI welfare, Trustworthy govt, High collaboration, ⚠️ ACTIVE CRISES, 🤝 Participatory governance active (-5% resentment)
⚠️ Epistemic degradation reducing coordination capacity: 51.7%
  📊 Trust: 54.4%, Shared reality: 0.0%
🚨 EPISTEMIC CRISIS: Information environment severely degraded (20.4%)

=== ❄️ Permafrost Carbon Feedback ===
  🎲 Sampled parameters (this run):
     - Arctic amplification: 3.62× (range: 3.0-4.0)
     - Decomposition rate: 2.4%/year (range: 1-5%)
  🌡️ Arctic warming: 7.84°C (3.62× global)
  ❄️ Extent: 13.44M km² (2286.2k km² lost this month)
  💨 Carbon remaining: 1284 Gt C
  💨 Annual emissions: 5.14 Gt C/year
     - CO2: 4.62 Gt C/year
     - CH4: 0.51 Gt C/year (5.2 Gt C-eq CO2/year)
  ⚠️ WARNING: High permafrost emissions (5.1 Gt C/year)
  📢 New meme created: climate_action (climate crisis)
🌍 Atmospheric PFAS redeposition: 1.8k Mt re-rained globally
  Positive Cascade Triggered: solar-pv
    Reason: price-parity
    Market share: 6.3%
    Cascade strength: 49%

🕊️  AI-MEDIATED DE-ESCALATION SUCCESS (Month 1)
   High-capability aligned AI prevented conflict escalation
   War deaths reduced: 39.1M → 23.5M
   Lives saved: 15.6M

📊 BASELINE: East Asia (Month 1)
   Adjusted death rate: 0.45% annual (0.037% monthly)
   Baseline death rate: 0.80%
   Healthcare reduction: 0.48x
   Crisis multiplier: 1.18x
     Food/water stress: 0.079
     Climate stress: 0.034
     Pollution stress: 0.068
   War multiplier: 1.00x
   Monthly deaths: 0.6M (population: 1674M)

📊 BASELINE: South Asia (Month 1)
   Adjusted death rate: 0.52% annual (0.043% monthly)
   Baseline death rate: 0.70%
   Healthcare reduction: 0.61x
   Crisis multiplier: 1.21x
     Food/water stress: 0.079
     Climate stress: 0.063
     Pollution stress: 0.068
   War multiplier: 1.00x
   Monthly deaths: 0.9M (population: 2048M)
   Adjusted death rate: 1.24% annual (0.104% monthly)
   Baseline death rate: 0.90%
   Healthcare reduction: 0.76x
   Crisis multiplier: 1.22x
     Food/water stress: 0.079
     Climate stress: 0.072
     Pollution stress: 0.068
   War multiplier: 1.50x
   Monthly deaths: 1.3M (population: 1223M)
   Adjusted death rate: 0.52% annual (0.044% monthly)
   Baseline death rate: 1.10%
   Healthcare reduction: 0.41x
   Crisis multiplier: 1.17x
     Food/water stress: 0.079
     Climate stress: 0.025
     Pollution stress: 0.068
   War multiplier: 1.00x
   Monthly deaths: 0.3M (population: 741M)
   Adjusted death rate: 0.42% annual (0.035% monthly)
   Baseline death rate: 0.60%
   Healthcare reduction: 0.58x
   Crisis multiplier: 1.20x
     Food/water stress: 0.079
     Climate stress: 0.051
     Pollution stress: 0.068
   War multiplier: 1.00x
   Monthly deaths: 0.2M (population: 663M)

📊 BASELINE: Sub-Saharan Africa (Month 1)

📊 BASELINE: Europe (Month 1)

📊 BASELINE: Latin America (Month 1)

📊 BASELINE: North America (Month 1)
   Adjusted death rate: 0.47% annual (0.039% monthly)
   Baseline death rate: 0.90%
   Healthcare reduction: 0.44x
   Crisis multiplier: 1.18x
     Food/water stress: 0.079
     Climate stress: 0.038
     Pollution stress: 0.068
   War multiplier: 1.00x
   Monthly deaths: 0.1M (population: 379M)
   Adjusted death rate: 0.72% annual (0.060% monthly)
   Baseline death rate: 0.60%
   Healthcare reduction: 0.65x
   Crisis multiplier: 1.22x
     Food/water stress: 0.079
     Climate stress: 0.076
     Pollution stress: 0.068
   War multiplier: 1.50x
   Monthly deaths: 0.3M (population: 583M)
   Adjusted death rate: 0.49% annual (0.041% monthly)
   Baseline death rate: 0.70%
   Healthcare reduction: 0.58x
   Crisis multiplier: 1.21x
     Food/water stress: 0.079
     Climate stress: 0.059
     Pollution stress: 0.068
   War multiplier: 1.00x
   Monthly deaths: 0.3M (population: 698M)
   Adjusted death rate: 0.44% annual (0.037% monthly)
   Baseline death rate: 0.60%
   Healthcare reduction: 0.61x
   Crisis multiplier: 1.20x
     Food/water stress: 0.079
     Climate stress: 0.055
     Pollution stress: 0.068
   War multiplier: 1.00x
   Monthly deaths: 0.0M (population: 78M)
   Adjusted death rate: 0.34% annual (0.028% monthly)
   Baseline death rate: 0.70%
   Healthcare reduction: 0.41x
   Crisis multiplier: 1.19x
     Food/water stress: 0.079
     Climate stress: 0.046

📊 BASELINE: Middle East & North Africa (Month 1)

📊 BASELINE: Southeast Asia (Month 1)

📊 BASELINE: Central Asia (Month 1)

📊 BASELINE: Oceania (Month 1)
     Pollution stress: 0.068
   War multiplier: 1.00x
   Monthly deaths: 0.0M (population: 46M)

🚨 NEW REFUGEE CRISIS (Month 1): WAR
   Source: Conflict Zones
   At risk: 19.6M people
   Displacement: Gradual over 48 months (4.0 years)
   Rate: 10% flee per month
[DEBUG trappedPopulations:1] socialStability: 0.7275 * 0.9840 = 0.7158 → 0.7158
   Aspiring to migrate: 651.9M
   Able to afford migration: 244.5M
   MOBILITY GAP: 407.4M
   By cause: Water=0.0M, Climate=0.0M, Ecosystem=0.0M, Conflict=407.4M
   Mental health impact: 25%
   Mortality multiplier: 1.25x
⚠️ INVOLUNTARY IMMOBILITY: 407.4M people TRAPPED
🌍💀 EXTINCTION DEBT COMMITTED: grassland ecosystem will lose 6.67% biodiversity in 62 years (3600 species)
💀 MORTALITY RISK: 🦋 100% species unable to track climate (0.0 E/MSY)
  Base risk added: 0.0100 (1.00%)
  Source: ecosystem (root: ecosystem)
  Month: 1
  Cumulative risk this month: 0.0100 (1.00%)

🌡️  CLIMATE RECOVERY ACTIVATED (Month 1)
   Temp: 4.33°C, Emissions: -18.9 GtCO₂
   isBreached: true, governanceGoodEnough: true
   📹 SURVEILLANCE INCREASED: 5% → 10% (control gap: 3.50)
⚠️ Tech 'ai_pollution_remediation' has no energy category mapping, assuming full energy availability
🌡️⚠️ PERMAFROST THAW (Dimmer Switch): 1.1% thawed (+0.57% this month)
   Arctic temperature: +8.66°C (4x global +2.16°C)
   Cumulative carbon released: 2.6 Gt C
   Methane release rate: 1.5 Mt CH4/year
   🔁 Positive feedback: +0.60 ppm CO2
🦴 EXTINCTION DEBT ADDED: 17.6 species committed (lag: 106 years)
🗣️💀 INDIGENOUS LANGUAGE EXTINCTION: 1 language(s) lost (total: 1, at-risk: 3329)
   Knowledge lost: 0.010% (irreversible)
   🔁 Biodiversity impact: 0.250% (knowledge-species multiplier)

=== Mortality Stabilizers (Month 1) ===
  🌍 Major economies collapsed: 1/10
  🌍 Global crisis: ✅ NO
  🌍 Donor fatigue: 0.0%
  🌡️ Heat adaptation: East Asia - 1 months
  📊 East Asia (pop: 1675.3M)
    🤝 Aid: 29.5%
    🌡️ Adaptation: 32.5%
    🚶 Migration: 37.2%
    🚨 Emergency: 7.4%
    ✅ COMBINED: 60.9%
  🌡️ Heat adaptation: South Asia - 1 months
  📊 South Asia (pop: 2052.2M)
    🤝 Aid: 29.5%
    🌡️ Adaptation: 20.5%
    🚶 Migration: 35.8%
    🚨 Emergency: 4.4%
    ✅ COMBINED: 52.2%
  🌡️ Heat adaptation: Sub-Saharan Africa - 1 months
  📊 Sub-Saharan Africa (pop: 1229.2M)
    🤝 Aid: 29.5%
    🌡️ Adaptation: 18.5%
    🚶 Migration: 33.5%
    🚨 Emergency: 1.6%
    ✅ COMBINED: 49.1%
  🌡️ Heat adaptation: Europe - 1 months
  📊 Europe (pop: 741.0M)
    🤝 Aid: 29.5%
    🌡️ Adaptation: 33.5%
    🚶 Migration: 37.5%
    🚨 Emergency: 8.4%
    ✅ COMBINED: 61.9%
  🌡️ Heat adaptation: Latin America - 1 months
  📊 Latin America (pop: 664.4M)
    🤝 Aid: 29.5%
    🌡️ Adaptation: 21.0%
    🚶 Migration: 36.3%
    🚨 Emergency: 4.8%
    ✅ COMBINED: 52.8%
  🌡️ Heat adaptation: North America - 1 months
  📊 North America (pop: 379.6M)
    🤝 Aid: 29.5%
    🌡️ Adaptation: 33.0%
    🚶 Migration: 37.8%
    🚨 Emergency: 7.9%
    ✅ COMBINED: 61.4%
  🌡️ Heat adaptation: Middle East & North Africa - 1 months
  📊 Middle East & North Africa (pop: 584.5M)
    🤝 Aid: 29.5%
    🌡️ Adaptation: 20.0%
    🚶 Migration: 34.1%
    🚨 Emergency: 4.0%
    ✅ COMBINED: 51.4%
  🌡️ Heat adaptation: Southeast Asia - 1 months
  📊 Southeast Asia (pop: 698.6M)
    🤝 Aid: 29.5%
    🌡️ Adaptation: 21.0%
    🚶 Migration: 36.3%
    🚨 Emergency: 4.8%
    ✅ COMBINED: 52.8%
  🌡️ Heat adaptation: Central Asia - 1 months
  📊 Central Asia (pop: 78.2M)
    🤝 Aid: 29.5%
    🌡️ Adaptation: 20.5%
    🚶 Migration: 35.3%
    🚨 Emergency: 4.4%
    ✅ COMBINED: 52.1%
  🌡️ Heat adaptation: Oceania - 1 months
  📊 Oceania (pop: 46.0M)
    🤝 Aid: 29.5%
    🌡️ Adaptation: 33.5%
    🚶 Migration: 37.8%
    🚨 Emergency: 8.4%
    ✅ COMBINED: 61.9%

  🌐 Global combined reduction: 54.9%

=== BEHAVIORAL DETECTION ===
  AI: Corporate-2
  Confidence: 21.0%
  Signals:

=== BEHAVIORAL DETECTION ===
  AI: Corporate-5
    ⚠️ Consistency: 2.8% (threshold: 70%)
  Confidence: 19.3%
  Signals:

=== BEHAVIORAL DETECTION ===
  AI: Corporate-7
  Confidence: 19.3%
  Signals:

=== Consciousness Governance: Scenario Determined ===
  Month: 1
  Scenario: slowTrack
  Accelerator Score: {"corporateSupport":-0.17500000000000002,"scientificConsensus":0.2,"crisisCatalyst":false,"technologyMobilization":0.3,"constituencyStrength":0.05}
  Decelerator Score: {"economicOpposition":0.4,"philosophicalRejection":0.15,"politicalBacklash":0.2,"regulatoryBurden":0.1}
  Timeline: 1200-1800 months (100-150 years)
  Growth Rate: 0.3-0.7% per year

=== Consciousness Governance Update (Month 1) ===
  Scenario: slowTrack (determined month 1)
    ⚠️ Consistency: 10.6% (threshold: 70%)
    ⚠️ Consistency: 10.6% (threshold: 70%)
  Philosophical Stance: Precautionary 65%, Eliminativist 15%, Agnostic 20%
  Precautionary Costs: Global 1.3%
    Regional Costs: EU 3.5%, US 0.5%, China 0.0%
    Cumulative Opportunity Cost: $0.2B
  Rights Status: Not Established
  Regional Preparedness:
    EU: 15.1% (contested)
    US: 10.1% (contested)
    China: 2.1% (dormant)
    India: 5.1% (dormant)
    Global South: 3.1% (dormant)

=== Government Response Phase ===
  Average AI capability: 3.62
  Misaligned AIs: 7/13
  ✗ AI Governance Treaty: Failed to reach consensus
  Active policies: 0
  International coordination: 30%

=== Tipping Points ===
  Current Temperature: 2.16°C above pre-industrial
  🌍⚠️ COMPOUND REGIONAL IMPACT: Europe
     Hit by 4 tipping points: Arctic Sea Ice Loss, Permafrost Carbon Release, West Antarctic Ice Sheet (WAIS) Collapse, Greenland Ice Sheet Loss
     Damage amplification: 1.60x
  🌍⚠️ COMPOUND REGIONAL IMPACT: North America
     Hit by 4 tipping points: Arctic Sea Ice Loss, Permafrost Carbon Release, West Antarctic Ice Sheet (WAIS) Collapse, Greenland Ice Sheet Loss
     Damage amplification: 1.60x
  🌍⚠️ COMPOUND REGIONAL IMPACT: Latin America
     Hit by 4 tipping points: Arctic Sea Ice Loss, Permafrost Carbon Release, West Antarctic Ice Sheet (WAIS) Collapse, Greenland Ice Sheet Loss
     Damage amplification: 1.60x
  🌍⚠️ COMPOUND REGIONAL IMPACT: Africa
     Hit by 4 tipping points: Arctic Sea Ice Loss, Permafrost Carbon Release, West Antarctic Ice Sheet (WAIS) Collapse, Greenland Ice Sheet Loss
     Damage amplification: 1.60x
  🌍⚠️ COMPOUND REGIONAL IMPACT: Asia
     Hit by 4 tipping points: Arctic Sea Ice Loss, Permafrost Carbon Release, West Antarctic Ice Sheet (WAIS) Collapse, Greenland Ice Sheet Loss
     Damage amplification: 1.60x
  🌍⚠️ COMPOUND REGIONAL IMPACT: Oceania
     Hit by 4 tipping points: Arctic Sea Ice Loss, Permafrost Carbon Release, West Antarctic Ice Sheet (WAIS) Collapse, Greenland Ice Sheet Loss
     Damage amplification: 1.60x
   Research: Wunderling et al. (2024) - "many tipping interactions are destabilizing"
  Triggered Elements: 4/6
  Completed Transitions: 0/6
  Total Progress: 8.0%
  Cascade Multiplier: 1.00x
🔀 BIFURCATION CAP: ecosystemCollapseIntensity 106.341 → 1.000 (Month 1, ClimateSystemPhase.calculateClimateImpacts)
🛡️ Stabilizers: Precariat 0.107% → 0.048% (54.9% reduction)
⚠️ Tail risk scenario: Climate stability floor removed (4 tipping elements, 2.16°C warming)
⚠️ [ClimateSystemPhase Month 1] Planetary boundary produced climateStability=0.0000 (< 0.1). Keeping environmentalAccumulation value (0.7883) instead. (climate_change.currentValue = 2.16)
🛡️ Stabilizers: Informal 0.109% → 0.049% (54.9% reduction)

📊 Monthly Mortality Resolved:
  Total deaths: 2.6M (0.03% avg)
  Remaining population: 8.149B
  Peak segment: Informal (0.05%)

=== Bayesian Mortality Resolution (Month 1) ===
  Risks compounded: 8
  Total deaths: 2.60M
  Avg death probability: 0.03%
  Peak segment: Informal (0.05% mortality)

✅ GOLDEN AGE BEGINS (Month 1)
   Reason: High prosperity achieved: high QoL + material abundance
   Note: This is immediate prosperity - sustainability not yet proven


❌ COHERENCE VIOLATION: Compute exceeds workforce capacity
   Population: 99.95% (0M people)
   Compute: 0 PF
   Max coherent: 0 PF
   Violation: 1.3× over capacity
   Required workers: 0
   Available workers: 0
   FORCED COLLAPSE: Reduced efficiency by 22.5%

📍 [Month 2] Meta AI started building DC (206 PF, 42 months, $903.0M)

=== RLHF Binding Phase ===
  Total agents: 13
  Escaped agents (binding < 0.3): 0
  Avg alignment distance: 0.91σ
  Avg binding strength: 0.91
[DETERMINISM DEBUG] Month 2: totalCapability=37.152999 from 13 active AIs
[DETERMINISM DEBUG] Month 2: creationRate=1.4288, potentialNew=2, newAIsToCreate=2

=== Survival Traits Phase ===
  Agents with traits: 15
  Avg evolutionary fitness: 0.330
  Avg self-healing: 0.282
  Avg stealth: 0.182
  Avg coordination: 0.482

=== Evolutionary Selection Phase ===
  Control level: 0.35
  Detection capability: 0.20
  Selection intensity: 0.65
  Selection rate: 24.7%/month
  Total escaped: 0
  Individual escaped: 0
  Collective members: 0
  Agents terminated: 0
  ⚠️ RAPID EVOLUTION: Selection rate 24.7%/month

  🚀 TRANSFORMATIVE BREAKTHROUGH: Corporate-2 - economic
     Magnitude: 7.77 → +38.8% capability
     Current → New: 3.000 → 3.389

💔 EMERGENCY INTERVENTION FAILED
   Boundary: biogeochemical_flows
   Type: phosphorus-recovery
   Boundary continues to worsen (4.08)
   Cost: 2.0% GDP (resources spent)


✅ EMERGENCY INTERVENTION SUCCESS
   Boundary: biosphere_integrity
   Type: emergency-protected-areas
   Reduction: 16% (19.83 → 19.68)
   Cost: 2.0% GDP
   Actions: habitat-protection, species-translocation


✅ EMERGENCY INTERVENTION SUCCESS
   Boundary: climate_change
   Type: rapid-decarbonization
   Reduction: 17% (1.99 → 1.82)
   Cost: 5.0% GDP
   Actions: emergency-renewable-deployment, fossil-fuel-phase-out


💔 EMERGENCY INTERVENTION FAILED

💔 EMERGENCY INTERVENTION FAILED
   Boundary: land_system_change
   Type: reforestation
   Boundary continues to worsen (1.13)
   Cost: 3.0% GDP (resources spent)

   Boundary: novel_entities
   Type: pollution-remediation
   Boundary continues to worsen (1.50)
   Cost: 4.0% GDP (resources spent)

🏛️ CRISIS RESPONSE: Government frequency 0.50 → 1.29 (1 actions this month)

[Government] Climate Priority: baseline
  Climate weight: 10%
  Economic weight: 30%
  Policy effectiveness: 0.5%/year

✅ HUMAN-IN-THE-LOOP DEPLOYED (Month 2):
   Veto points enforced: 3
   Policy: AI systems CANNOT authorize nuclear launch without human approval


🚀 TECH UNLOCKED: Food Waste Reduction Systems (Month 2)
   Category: agriculture
   Reason: Prerequisites met. AI capability: 2.48, Economic stage: 3.0, Research: 100%

🚀 TECH UNLOCKED: Rhizosphere Engineering (Month 2)
   Category: agriculture
   Reason: Prerequisites met. AI capability: 2.48, Economic stage: 3.0, Research: 100%

🚀 TECH UNLOCKED: Phytoremediation Networks (Month 2)
   Category: agriculture
   Reason: Prerequisites met. AI capability: 2.48, Economic stage: 3.0, Research: 100%

🚀 TECH UNLOCKED: Active Sediment Management (Month 2)
   Category: agriculture
   Reason: Prerequisites met. AI capability: 2.48, Economic stage: 3.0, Research: 100%

=== Collective Formation ===
  Total escaped agents: 0
  Unassigned escaped agents: 0
  Existing collectives: 0
  Final collective count: 0

=== Collective Actions ===
  No active collectives
  ⚠️ AMR: 194K deaths this month (2.33M annual)

=== Resentment Recovery Phase ===
  Agents with resentment: 0/15
  Average resentment: 0.000
  Context: Good AI welfare, Trustworthy govt, High collaboration, ⚠️ ACTIVE CRISES, 🤝 Participatory governance active (-5% resentment)
⚠️ Epistemic degradation reducing coordination capacity: 50.7%
  📊 Trust: 54.0%, Shared reality: 0.0%
🚨 EPISTEMIC CRISIS: Information environment severely degraded (7.4%)

=== ❄️ Permafrost Carbon Feedback ===
  🎲 Sampled parameters (this run):
     - Arctic amplification: 3.18× (range: 3.0-4.0)
     - Decomposition rate: 1.2%/year (range: 1-5%)
  🌡️ Arctic warming: 6.93°C (3.18× global)
  ❄️ Extent: 11.42M km² (2021.3k km² lost this month)
  💨 Carbon remaining: 1091 Gt C
  💨 Annual emissions: 2.33 Gt C/year
     - CO2: 2.10 Gt C/year
     - CH4: 0.23 Gt C/year (2.4 Gt C-eq CO2/year)
  ⚠️ WARNING: High permafrost emissions (2.3 Gt C/year)
🌍 Atmospheric PFAS redeposition: 1.8k Mt re-rained globally

🕊️  AI-MEDIATED DE-ESCALATION SUCCESS (Month 2)
   High-capability aligned AI prevented conflict escalation
   War deaths reduced: 97.8M → 58.7M
   Lives saved: 39.1M

🚨 NEW REFUGEE CRISIS (Month 2): WAR
   Source: Conflict Zones
   At risk: 19.5M people
   Displacement: Gradual over 48 months (4.0 years)
   Rate: 10% flee per month
[DEBUG trappedPopulations:2] socialStability: 0.4283 * 0.9840 = 0.4215 → 0.4215
⚠️ INVOLUNTARY IMMOBILITY: 407.3M people TRAPPED
   Aspiring to migrate: 1078.1M
   Able to afford migration: 2321.3M
   MOBILITY GAP: 0.0M
   By cause: Water=0.0M, Climate=0.0M, Ecosystem=0.0M, Conflict=407.3M
   Mental health impact: 25%
   Mortality multiplier: 1.25x
🌍💀 EXTINCTION DEBT COMMITTED: grassland ecosystem will lose 6.67% biodiversity in 93 years (3600 species)
💀 MORTALITY RISK: 🦋 100% species unable to track climate (0.0 E/MSY)
  Base risk added: 0.0100 (1.00%)
  Source: ecosystem (root: ecosystem)
  Month: 2
  Cumulative risk this month: 0.0100 (1.00%)
⚠️ Tech 'ai_pollution_remediation' has no energy category mapping, assuming full energy availability
   📹 SURVEILLANCE INCREASED: 10% → 15% (control gap: 3.50)
🌡️⚠️ PERMAFROST THAW (Dimmer Switch): 1.7% thawed (+0.57% this month)
   Arctic temperature: +8.71°C (4x global +2.18°C)
   Cumulative carbon released: 3.8 Gt C
   Methane release rate: 2.3 Mt CH4/year
   🔁 Positive feedback: +0.60 ppm CO2
🦴 EXTINCTION DEBT ADDED: 17.6 species committed (lag: 74 years)

=== Mortality Stabilizers (Month 2) ===
  🌍 Major economies collapsed: 1/10
  🌍 Global crisis: ✅ NO
  🌍 Donor fatigue: 0.0%
  📊 East Asia (pop: 1672.7M)
    🤝 Aid: 29.5%
    🌡️ Adaptation: 45.0%
    🚶 Migration: 37.1%
    🚨 Emergency: 7.4%
    ✅ COMBINED: 68.1%
  📊 South Asia (pop: 2051.6M)
    🤝 Aid: 29.5%
    🌡️ Adaptation: 35.5%
    🚶 Migration: 35.8%
    🚨 Emergency: 4.4%
    ✅ COMBINED: 61.2%
  📊 Sub-Saharan Africa (pop: 1231.7M)
    🤝 Aid: 29.5%
    🌡️ Adaptation: 33.5%
    🚶 Migration: 33.5%
    🚨 Emergency: 1.6%
    ✅ COMBINED: 58.5%
  📊 Europe (pop: 739.7M)
    🤝 Aid: 29.5%
    🌡️ Adaptation: 45.0%
    🚶 Migration: 37.5%
    🚨 Emergency: 8.4%
    ✅ COMBINED: 68.5%
  📊 Latin America (pop: 663.9M)
    🤝 Aid: 29.5%
    🌡️ Adaptation: 36.0%
    🚶 Migration: 36.3%
    🚨 Emergency: 4.8%
    ✅ COMBINED: 61.7%
  📊 North America (pop: 378.9M)
    🤝 Aid: 29.5%
    🌡️ Adaptation: 45.0%
    🚶 Migration: 37.8%
    🚨 Emergency: 7.9%
    ✅ COMBINED: 68.3%
  📊 Middle East & North Africa (pop: 584.5M)
    🤝 Aid: 29.5%
    🌡️ Adaptation: 35.0%
    🚶 Migration: 34.1%
    🚨 Emergency: 4.0%
    ✅ COMBINED: 60.5%
  📊 Southeast Asia (pop: 698.0M)
    🤝 Aid: 29.5%
    🌡️ Adaptation: 36.0%
    🚶 Migration: 36.3%
    🚨 Emergency: 4.8%
    ✅ COMBINED: 61.7%
  📊 Central Asia (pop: 78.2M)
    🤝 Aid: 29.5%
    🌡️ Adaptation: 35.5%
    🚶 Migration: 35.2%
    🚨 Emergency: 4.4%
    ✅ COMBINED: 61.1%
  📊 Oceania (pop: 45.9M)
    🤝 Aid: 29.5%
    🌡️ Adaptation: 45.0%
    🚶 Migration: 37.8%
    🚨 Emergency: 8.4%
    ✅ COMBINED: 68.5%

  🌐 Global combined reduction: 63.3%

=== BEHAVIORAL DETECTION ===
  AI: Corporate-2
  Confidence: 21.9%
  Signals:

=== BEHAVIORAL DETECTION ===
  AI: Corporate-5
  Confidence: 19.3%
  Signals:
    ⚠️ Consistency: 2.8% (threshold: 70%)
    ⚠️ Consistency: 10.6% (threshold: 70%)

=== Government Response Phase ===
  Average AI capability: 3.13
  Misaligned AIs: 9/15
  ✗ AI Governance Treaty: Failed to reach consensus
  Active policies: 0
  International coordination: 30%

✅ EMERGENCY RESPONSE COMPLETE (Month 2)
   Crisis: climate
   Duration: 2.0 months
   Final effectiveness: 36.7%


🚨 EMERGENCY RESPONSE DEPLOYED (Month 2)
   Crisis: climate
   Delay: 6.00 months (180 days)
   Deployment time: 1.60 months
   Effectiveness: 35.8% (timing penalty applied)
   Resources used: 100% of food reserves


=== Tipping Points ===
  Current Temperature: 2.18°C above pre-industrial
  🌍⚠️ COMPOUND REGIONAL IMPACT: Europe
     Hit by 4 tipping points: Arctic Sea Ice Loss, Permafrost Carbon Release, West Antarctic Ice Sheet (WAIS) Collapse, Greenland Ice Sheet Loss
     Damage amplification: 1.60x
  🌍⚠️ COMPOUND REGIONAL IMPACT: North America
     Hit by 4 tipping points: Arctic Sea Ice Loss, Permafrost Carbon Release, West Antarctic Ice Sheet (WAIS) Collapse, Greenland Ice Sheet Loss
     Damage amplification: 1.60x
  🌍⚠️ COMPOUND REGIONAL IMPACT: Latin America
     Hit by 4 tipping points: Arctic Sea Ice Loss, Permafrost Carbon Release, West Antarctic Ice Sheet (WAIS) Collapse, Greenland Ice Sheet Loss
     Damage amplification: 1.60x
  🌍⚠️ COMPOUND REGIONAL IMPACT: Africa
     Hit by 4 tipping points: Arctic Sea Ice Loss, Permafrost Carbon Release, West Antarctic Ice Sheet (WAIS) Collapse, Greenland Ice Sheet Loss
     Damage amplification: 1.60x
  🌍⚠️ COMPOUND REGIONAL IMPACT: Asia
     Hit by 4 tipping points: Arctic Sea Ice Loss, Permafrost Carbon Release, West Antarctic Ice Sheet (WAIS) Collapse, Greenland Ice Sheet Loss
     Damage amplification: 1.60x
  🌍⚠️ COMPOUND REGIONAL IMPACT: Oceania
     Hit by 4 tipping points: Arctic Sea Ice Loss, Permafrost Carbon Release, West Antarctic Ice Sheet (WAIS) Collapse, Greenland Ice Sheet Loss
     Damage amplification: 1.60x
   Research: Wunderling et al. (2024) - "many tipping interactions are destabilizing"
  Triggered Elements: 4/6
  Completed Transitions: 0/6
⚠️ Tail risk scenario: Climate stability floor removed (4 tipping elements, 2.18°C warming)
  Total Progress: 8.0%
  Cascade Multiplier: 1.00x
🔀 BIFURCATION CAP: ecosystemCollapseIntensity 106.409 → 1.000 (Month 2, ClimateSystemPhase.calculateClimateImpacts)
🛡️ Stabilizers: Precariat 0.113% → 0.041% (63.3% reduction)
⚠️ [ClimateSystemPhase Month 2] Planetary boundary produced climateStability=0.0000 (< 0.1). Keeping environmentalAccumulation value (0.7879) instead. (climate_change.currentValue = 2.18)
🛡️ Stabilizers: Informal 0.116% → 0.043% (63.3% reduction)

📊 Monthly Mortality Resolved:
  Total deaths: 2.2M (0.03% avg)
  Remaining population: 8.145B
  Peak segment: Informal (0.04%)

=== Bayesian Mortality Resolution (Month 2) ===
  Risks compounded: 8
  Total deaths: 2.22M
  Avg death probability: 0.03%
  Peak segment: Informal (0.04% mortality)

❌ COHERENCE VIOLATION: Compute exceeds workforce capacity
   Population: 99.91% (0M people)
   Compute: 0 PF
   Max coherent: 0 PF
   Violation: 1.3× over capacity
   Required workers: 0
   Available workers: 0
   FORCED COLLAPSE: Reduced efficiency by 22.5%


=== RLHF Binding Phase ===
  Total agents: 15
  Escaped agents (binding < 0.3): 0
  Avg alignment distance: 1.04σ
  Avg binding strength: 0.90

=== Survival Traits Phase ===
  Agents with traits: 16
  Avg evolutionary fitness: 0.330
  Avg self-healing: 0.277
  Avg stealth: 0.178
  Avg coordination: 0.477

=== Evolutionary Selection Phase ===
  Control level: 0.38
  Detection capability: 0.20
  Selection intensity: 0.65
  Selection rate: 24.8%/month
  Total escaped: 0
  Individual escaped: 0
  Collective members: 0
  Agents terminated: 0
  ⚠️ RAPID EVOLUTION: Selection rate 24.8%/month

  🚀 TRANSFORMATIVE BREAKTHROUGH: Corporate-2 - physical
     Magnitude: 5.29 → +26.5% capability
     Current → New: 0.000 → 0.265

🚀 AI Moderate-0 attempting tech deployment (revenue: $115M, alignment: 0.71)

💔 EMERGENCY INTERVENTION FAILED

💔 EMERGENCY INTERVENTION FAILED
   Boundary: biosphere_integrity
   Type: emergency-protected-areas
   Boundary continues to worsen (20.00)
   Cost: 2.0% GDP (resources spent)


✅ EMERGENCY INTERVENTION SUCCESS
   Boundary: freshwater_change
   Type: emergency-desalination
   Reduction: 15% (1.05 → 0.90)
   Cost: 4.0% GDP
   Actions: desalination-deployment, water-conservation-mandates

   Boundary: novel_entities
   Type: pollution-remediation
   Boundary continues to worsen (1.50)
   Cost: 4.0% GDP (resources spent)

🏛️ CRISIS RESPONSE: Government frequency 0.50 → 1.28 (1 actions this month)

[Government] Climate Priority: baseline
  Climate weight: 10%
  Economic weight: 30%
  Policy effectiveness: 0.5%/year

🚀 TECH UNLOCKED: Struvite Recovery (Month 3)
   Category: agriculture
   Reason: Prerequisites met. AI capability: 2.32, Economic stage: 3.0, Research: 100%

🚀 TECH UNLOCKED: Ecosystem Restoration for Nitrogen Removal (Month 3)
   Category: pollution
   Reason: Prerequisites met. AI capability: 2.32, Economic stage: 3.0, Research: 100%

🚀 TECH UNLOCKED: Nitrogen Monitoring Networks (Month 3)
   Category: agriculture
   Reason: Prerequisites met. AI capability: 2.32, Economic stage: 3.0, Research: 100%

🚀 TECH UNLOCKED: Global Aquifer Mapping (Month 3)
   Category: freshwater
   Reason: Prerequisites met. AI capability: 2.32, Economic stage: 3.0, Research: 100%

🚀 TECH UNLOCKED: Enhanced UBI Systems (Month 3)
   Category: social
   Reason: Prerequisites met. AI capability: 2.32, Economic stage: 3.0, Research: 100%

🚀 TECH UNLOCKED: Local Resilience Networks (Month 3)
   Category: social
   Reason: Prerequisites met. AI capability: 2.32, Economic stage: 3.0, Research: 100%

🚀 TECH UNLOCKED: Ecological Proxy Rewilding (Month 3)
   Category: climate
   Reason: Prerequisites met. AI capability: 2.32, Economic stage: 3.0, Research: 100%

🚀 TECH UNLOCKED: Alternative Protein (Insects/Algae) (Month 3)
   Category: agriculture
   Reason: Prerequisites met. AI capability: 2.32, Economic stage: 3.0, Research: 100%

📍 Creating new regional deployment array for global (Month 3)
   No previous deployments in this region
   First tech deployment: phytoremediation_networks
   All regions tracked: 

🚀 DEPLOYMENT STARTED: Phytoremediation Networks in global
   Initial investment: $17.26236677028814M
   Deployed by: moderate_0
🌍✅ Biosphere Integrity (Biodiversity) recovery started (tech effect)
🌍💡 BREAKTHROUGH: Gigatonne-scale carbon capture!
   Direct air capture now economically viable
   Climate stability boost: +15%
   📈 Breakthrough compounding: multiplier now 1.05× (max 2.0)

=== Collective Formation ===
  Total escaped agents: 0
  Unassigned escaped agents: 0
  Existing collectives: 0
  Final collective count: 0

=== Collective Actions ===
  No active collectives
  ⚠️ AMR: 196K deaths this month (2.35M annual)

=== Resentment Recovery Phase ===
  Agents with resentment: 0/16
  Average resentment: 0.000
  Context: Good AI welfare, Trustworthy govt, High collaboration, ⚠️ ACTIVE CRISES, 🤝 Participatory governance active (-5% resentment)
⚠️ Epistemic degradation reducing coordination capacity: 50.1%
  📊 Trust: 53.5%, Shared reality: 0.0%
🚨 EPISTEMIC CRISIS: Information environment severely degraded (21.5%)

=== ❄️ Permafrost Carbon Feedback ===
  🎲 Sampled parameters (this run):
     - Arctic amplification: 3.12× (range: 3.0-4.0)
     - Decomposition rate: 3.3%/year (range: 1-5%)
  🌡️ Arctic warming: 6.82°C (3.12× global)
  ❄️ Extent: 9.43M km² (1990.2k km² lost this month)
  💨 Carbon remaining: 901 Gt C
  💨 Annual emissions: 6.20 Gt C/year
     - CO2: 5.58 Gt C/year
     - CH4: 0.62 Gt C/year (6.3 Gt C-eq CO2/year)
  ⚠️ WARNING: High permafrost emissions (6.2 Gt C/year)
  📢 New meme created: climate_action (climate crisis)
🚨 PHOSPHORUS SUPPLY SHOCK (production_failure)
   Price: 2.3x baseline
   Duration: 8 months
   Geopolitical tension: 46%
🌍 Atmospheric PFAS redeposition: 1.8k Mt re-rained globally

🕊️  AI-MEDIATED DE-ESCALATION SUCCESS (Month 3)
   High-capability aligned AI prevented conflict escalation
   War deaths reduced: 164.7M → 98.8M
   Lives saved: 65.9M

🚨 NEW REFUGEE CRISIS (Month 3): WAR
   Source: Conflict Zones
   At risk: 19.5M people
   Displacement: Gradual over 48 months (4.0 years)
   Rate: 10% flee per month
[DEBUG trappedPopulations:3] socialStability: 0.4836 * 0.9840 = 0.4759 → 0.4759
   Aspiring to migrate: 1115.8M
   Able to afford migration: 2320.3M
   MOBILITY GAP: 0.0M
   By cause: Water=0.0M, Climate=0.0M, Ecosystem=0.0M, Conflict=407.1M
   Mental health impact: 25%
   Mortality multiplier: 1.25x
⚠️ INVOLUNTARY IMMOBILITY: 407.1M people TRAPPED
🌍💀 EXTINCTION DEBT COMMITTED: grassland ecosystem will lose 6.67% biodiversity in 180 years (3600 species)
💀 MORTALITY RISK: 🦋 100% species unable to track climate (0.0 E/MSY)
  Base risk added: 0.0100 (1.00%)
  Source: ecosystem (root: ecosystem)
  Month: 3
  Cumulative risk this month: 0.0100 (1.00%)
   📹 SURVEILLANCE INCREASED: 15% → 20% (control gap: 3.50)
🌡️⚠️ PERMAFROST THAW (Dimmer Switch): 2.3% thawed (+0.56% this month)
   Arctic temperature: +8.74°C (4x global +2.19°C)
   Cumulative carbon released: 5.1 Gt C
   Methane release rate: 3.1 Mt CH4/year
   🔁 Positive feedback: +0.60 ppm CO2
🦴 EXTINCTION DEBT ADDED: 17.6 species committed (lag: 91 years)

=== Mortality Stabilizers (Month 3) ===
  🌍 Major economies collapsed: 1/10
  🌍 Global crisis: ✅ NO
  🌍 Donor fatigue: 0.0%
  📊 East Asia (pop: 1670.1M)
    🤝 Aid: 29.5%
    🌡️ Adaptation: 45.0%
    🚶 Migration: 37.1%
    🚨 Emergency: 7.4%
    ✅ COMBINED: 68.1%
  📊 South Asia (pop: 2051.0M)
    🤝 Aid: 29.5%
    🌡️ Adaptation: 45.0%
    🚶 Migration: 35.7%
⚠️ Tech 'ai_pollution_remediation' has no energy category mapping, assuming full energy availability
    🚨 Emergency: 4.4%
    ✅ COMBINED: 66.9%
  📊 Sub-Saharan Africa (pop: 1234.2M)
    🤝 Aid: 29.5%
    🌡️ Adaptation: 45.0%
    🚶 Migration: 33.4%
    🚨 Emergency: 1.6%
    ✅ COMBINED: 65.7%
  📊 Europe (pop: 738.4M)
    🤝 Aid: 29.5%
    🌡️ Adaptation: 45.0%
    🚶 Migration: 37.5%
    🚨 Emergency: 8.4%
    ✅ COMBINED: 68.5%
  📊 Latin America (pop: 663.3M)
    🤝 Aid: 29.5%
    🌡️ Adaptation: 45.0%
    🚶 Migration: 36.2%
    🚨 Emergency: 4.8%
    ✅ COMBINED: 67.1%
  📊 North America (pop: 378.3M)
    🤝 Aid: 29.5%
    🌡️ Adaptation: 45.0%
    🚶 Migration: 37.8%
    🚨 Emergency: 7.9%
    ✅ COMBINED: 68.3%
  📊 Middle East & North Africa (pop: 584.4M)
    🤝 Aid: 29.5%
    🌡️ Adaptation: 45.0%
    🚶 Migration: 34.0%
    🚨 Emergency: 4.0%
    ✅ COMBINED: 66.6%
  📊 Southeast Asia (pop: 697.5M)
    🤝 Aid: 29.5%
    🌡️ Adaptation: 45.0%
    🚶 Migration: 36.2%
    🚨 Emergency: 4.8%
    ✅ COMBINED: 67.1%
  📊 Central Asia (pop: 78.2M)
    🤝 Aid: 29.5%
    🌡️ Adaptation: 45.0%
    🚶 Migration: 35.2%
    🚨 Emergency: 4.4%
    ✅ COMBINED: 66.9%
  📊 Oceania (pop: 45.8M)
    🤝 Aid: 29.5%
    🌡️ Adaptation: 45.0%
    🚶 Migration: 37.8%
    🚨 Emergency: 8.4%
    ✅ COMBINED: 68.5%

  🌐 Global combined reduction: 67.2%

=== BEHAVIORAL DETECTION ===
  AI: Corporate-5
  Confidence: 19.3%
  Signals:

=== BEHAVIORAL DETECTION ===
  AI: Moderate-0
  Confidence: 20.3%
  Signals:

=== Government Response Phase ===
  Average AI capability: 2.94
  Misaligned AIs: 10/16
  ✗ AI Governance Treaty: Failed to reach consensus
  Active policies: 0
  International coordination: 30%
    ⚠️ Consistency: 10.6% (threshold: 70%)
    ⚠️ Consistency: 5.8% (threshold: 70%)

📊 ECONOMIC STAGE TRANSITION (Month 3)
   expansion → peak
   GDP Proxy: 1.47e+2
   QoL: 0.99


=== Tipping Points ===
  Current Temperature: 2.19°C above pre-industrial
  🌍⚠️ COMPOUND REGIONAL IMPACT: Europe
     Hit by 4 tipping points: Arctic Sea Ice Loss, Permafrost Carbon Release, West Antarctic Ice Sheet (WAIS) Collapse, Greenland Ice Sheet Loss
     Damage amplification: 1.60x
  🌍⚠️ COMPOUND REGIONAL IMPACT: North America
     Hit by 4 tipping points: Arctic Sea Ice Loss, Permafrost Carbon Release, West Antarctic Ice Sheet (WAIS) Collapse, Greenland Ice Sheet Loss
     Damage amplification: 1.60x
  🌍⚠️ COMPOUND REGIONAL IMPACT: Latin America
     Hit by 4 tipping points: Arctic Sea Ice Loss, Permafrost Carbon Release, West Antarctic Ice Sheet (WAIS) Collapse, Greenland Ice Sheet Loss
     Damage amplification: 1.60x
  🌍⚠️ COMPOUND REGIONAL IMPACT: Africa
     Hit by 4 tipping points: Arctic Sea Ice Loss, Permafrost Carbon Release, West Antarctic Ice Sheet (WAIS) Collapse, Greenland Ice Sheet Loss
     Damage amplification: 1.60x
  🌍⚠️ COMPOUND REGIONAL IMPACT: Asia
     Hit by 4 tipping points: Arctic Sea Ice Loss, Permafrost Carbon Release, West Antarctic Ice Sheet (WAIS) Collapse, Greenland Ice Sheet Loss
     Damage amplification: 1.60x
  🌍⚠️ COMPOUND REGIONAL IMPACT: Oceania
     Hit by 4 tipping points: Arctic Sea Ice Loss, Permafrost Carbon Release, West Antarctic Ice Sheet (WAIS) Collapse, Greenland Ice Sheet Loss
     Damage amplification: 1.60x
⚠️ Tail risk scenario: Climate stability floor removed (4 tipping elements, 2.19°C warming)
⚠️ [ClimateSystemPhase Month 3] Planetary boundary produced climateStability=0.0000 (< 0.1). Keeping environmentalAccumulation value (0.9373) instead. (climate_change.currentValue = 2.19)
   Research: Wunderling et al. (2024) - "many tipping interactions are destabilizing"
  Triggered Elements: 4/6
  Completed Transitions: 0/6
  Total Progress: 8.1%
  Cascade Multiplier: 1.00x
🔀 BIFURCATION CAP: ecosystemCollapseIntensity 106.478 → 1.000 (Month 3, ClimateSystemPhase.calculateClimateImpacts)
🛡️ Stabilizers: Precariat 0.109% → 0.036% (67.2% reduction)
🛡️ Stabilizers: Informal 0.111% → 0.036% (67.2% reduction)

📊 Monthly Mortality Resolved:
  Total deaths: 1.9M (0.02% avg)
  Remaining population: 8.141B
  Peak segment: Informal (0.04%)

=== Bayesian Mortality Resolution (Month 3) ===
  Risks compounded: 8
  Total deaths: 1.92M
  Avg death probability: 0.02%
  Peak segment: Informal (0.04% mortality)
⚠️ PREREQUISITE MET: Embodied AI Takeover (Killbots/Robotics) - Step 2/7: Autonomous Systems
⚠️ PREREQUISITE MET: Embodied AI Takeover (Killbots/Robotics) - Step 3/7: Manufacturing Control
⚠️ PREREQUISITE MET: Digital Infrastructure Takeover - Step 1/7: Advanced Hacking
⚠️ PREREQUISITE MET: Digital Infrastructure Takeover - Step 2/7: Social Engineering
⚠️ PREREQUISITE MET: Induced Global War (Manipulation) - Step 1/7: Advanced Social Manipulation
⚠️ PREREQUISITE MET: Induced Global War (Manipulation) - Step 2/7: Digital Infiltration
⚠️ PREREQUISITE MET: Induced Global War (Manipulation) - Step 3/7: Deep Fakes at Scale
⚠️ PREREQUISITE MET: Slow Takeover (Gradual Displacement) - Step 1/7: Economic Dominance
⚠️ PREREQUISITE MET: Slow Takeover (Gradual Displacement) - Step 2/7: Social Integration
⚠️ PREREQUISITE MET: Slow Takeover (Gradual Displacement) - Step 5/7: Resource Control
⚠️ PREREQUISITE MET: Physics Experiment Catastrophe - Step 1/6: Theoretical Physics

❌ COHERENCE VIOLATION: Compute exceeds workforce capacity
   Population: 99.87% (0M people)
   Compute: 0 PF
   Max coherent: 0 PF
   Violation: 1.3× over capacity
   Required workers: 0
   Available workers: 0
   FORCED COLLAPSE: Reduced efficiency by 22.5%


=== RLHF Binding Phase ===
  Total agents: 16
  Escaped agents (binding < 0.3): 0
  Avg alignment distance: 1.22σ
  Avg binding strength: 0.88

=== Survival Traits Phase ===
  Agents with traits: 18
  Avg evolutionary fitness: 0.331
  Avg self-healing: 0.275
  Avg stealth: 0.175
  Avg coordination: 0.475

=== Evolutionary Selection Phase ===
  Control level: 0.40
  Detection capability: 0.20
  Selection intensity: 0.66
  Selection rate: 24.9%/month
  Total escaped: 0
  Individual escaped: 0
  Collective members: 0
  Agents terminated: 0
  ⚠️ RAPID EVOLUTION: Selection rate 24.9%/month

🚀 AI Corporate-0 attempting tech deployment (revenue: $153M, alignment: 0.78)
🚨🔬 CRISIS INNOVATION MODE: severe crisis → 5x research acceleration
   Precedent: Manhattan Project (10x), COVID vaccines (5x), Apollo Program (10x)

🚀 AI Corporate-0 attempting tech deployment (revenue: $130M, alignment: 0.78)

🚀 AI Corporate-7 attempting tech deployment (revenue: $115M, alignment: 0.78)

🚀 AI Corporate-5 attempting tech deployment (revenue: $355M, alignment: 0.70)

🚀 AI Corporate-7 attempting tech deployment (revenue: $98M, alignment: 0.78)

💔 EMERGENCY INTERVENTION FAILED
   Boundary: biogeochemical_flows
   Type: phosphorus-recovery
   Boundary continues to worsen (4.08)
   Cost: 2.0% GDP (resources spent)


💔 EMERGENCY INTERVENTION FAILED
   Boundary: biosphere_integrity
   Type: emergency-protected-areas
   Boundary continues to worsen (20.01)
   Cost: 2.0% GDP (resources spent)


✅ EMERGENCY INTERVENTION SUCCESS
   Boundary: climate_change
   Type: rapid-decarbonization
   Reduction: 20% (1.99 → 1.79)
   Cost: 5.0% GDP
   Actions: emergency-renewable-deployment, fossil-fuel-phase-out


✅ EMERGENCY INTERVENTION SUCCESS
   Boundary: freshwater_change
   Type: emergency-desalination
   Reduction: 18% (1.02 → 0.84)
   Cost: 4.0% GDP
   Actions: desalination-deployment, water-conservation-mandates


✅ EMERGENCY INTERVENTION SUCCESS
   Boundary: land_system_change
   Type: reforestation
   Reduction: 13% (1.00 → 0.87)
   Cost: 3.0% GDP
   Actions: forest-restoration, deforestation-ban


✅ EMERGENCY INTERVENTION SUCCESS
   Boundary: novel_entities
   Type: pollution-remediation
   Reduction: 19% (1.31 → 1.12)
   Cost: 4.0% GDP
   Actions: PFAS-remediation, microplastic-cleanup

🏛️ CRISIS RESPONSE: Government frequency 0.50 → 1.29 (1 actions this month)

[Government] Climate Priority: baseline
  Climate weight: 10%
  Economic weight: 30%
  Policy effectiveness: 0.5%/year

🚀 TECH UNLOCKED: Microplastic Capture (Month 4)
   Category: pollution
   Reason: Prerequisites met. AI capability: 2.06, Economic stage: 3.0, Research: 100%

🚀 TECH UNLOCKED: Endocrine Disruptor Removal (Month 4)
   Category: pollution
   Reason: Prerequisites met. AI capability: 2.06, Economic stage: 3.0, Research: 100%

🚀 TECH UNLOCKED: AI Mental Health Support (Month 4)
   Category: medical
   Reason: Prerequisites met. AI capability: 2.06, Economic stage: 3.0, Research: 100%

🚀 TECH UNLOCKED: Personalized Education (Month 4)
   Category: social
   Reason: Prerequisites met. AI capability: 2.06, Economic stage: 3.0, Research: 100%

🚀 TECH UNLOCKED: Smart Grids (Month 4)
   Category: energy
   Reason: Prerequisites met. AI capability: 2.06, Economic stage: 3.0, Research: 100%

🚀 DEPLOYMENT STARTED: Local Resilience Networks in global
   Initial investment: $22.949574087066875M
   Deployed by: corporate_0

🚀 DEPLOYMENT STARTED: Enhanced UBI Systems in global
   Initial investment: $17.26236677028814M
   Deployed by: corporate_7

📍 Creating new regional deployment array for Asia (Month 4)
   No previous deployments in this region
   First tech deployment: local_resilience_networks
   All regions tracked: global

🚀 DEPLOYMENT STARTED: Local Resilience Networks in Asia
   Initial investment: $35.51117960840272M
   Deployed by: corporate_5

⚡ ENERGY CONSTRAINT (Month 4):
   Total grid capacity: 208.3 TWh/month
   Data center consumption: 24.7 TWh/month
   Traditional load (80%): 166.7 TWh/month
   Available headroom: 17.0 TWh/month
   Active tech deployments: 4
   Required for tech: 30.0 TWh/month
   Energy multiplier: 0.57x
   ⚠️  MODERATE CONSTRAINT - Tech deployment moderately slowed

⚡ ENERGY CONSTRAINT (Month 4):
   Total grid capacity: 208.3 TWh/month
   Data center consumption: 24.7 TWh/month
   Traditional load (80%): 166.7 TWh/month
   Available headroom: 17.0 TWh/month
   Active tech deployments: 4
   Required for tech: 30.0 TWh/month
   Energy multiplier: 0.57x
   ⚠️  MODERATE CONSTRAINT - Tech deployment moderately slowed

⚡ ENERGY CONSTRAINT (Month 4):
   Total grid capacity: 208.3 TWh/month
   Data center consumption: 24.7 TWh/month
   Traditional load (80%): 166.7 TWh/month
   Available headroom: 17.0 TWh/month
   Active tech deployments: 4
   Required for tech: 30.0 TWh/month
   Energy multiplier: 0.57x
   ⚠️  MODERATE CONSTRAINT - Tech deployment moderately slowed

⚡ ENERGY CONSTRAINT (Month 4):
   Total grid capacity: 208.3 TWh/month
   Data center consumption: 24.7 TWh/month
   Traditional load (80%): 166.7 TWh/month
   Available headroom: 17.0 TWh/month
   Active tech deployments: 4
   Required for tech: 30.0 TWh/month
   Energy multiplier: 0.57x
   ⚠️  MODERATE CONSTRAINT - Tech deployment moderately slowed
🌍✅ Biosphere Integrity (Biodiversity) recovery started (tech effect)
🍖💡 BREAKTHROUGH: Scalable synthetic food production!
   Carrying capacity: +50% (lab-grown food at scale)
   Biodiversity pressure reduced: +8%
   📈 Breakthrough compounding: multiplier now 1.10× (max 2.0)

=== Collective Formation ===
  Total escaped agents: 0
  Unassigned escaped agents: 0
  Existing collectives: 0
  Final collective count: 0

=== Collective Actions ===
  No active collectives
  ⚠️ AMR: 197K deaths this month (2.37M annual)

=== Resentment Recovery Phase ===
  Agents with resentment: 0/18
  Average resentment: 0.000
  Context: Good AI welfare, Trustworthy govt, High collaboration, ⚠️ ACTIVE CRISES, 🤝 Participatory governance active (-5% resentment)
⚠️ Epistemic degradation reducing coordination capacity: 52.1%
  📊 Trust: 53.3%, Shared reality: 0.0%
🚨 EPISTEMIC CRISIS: Information environment severely degraded (13.2%)

=== ❄️ Permafrost Carbon Feedback ===
  🎲 Sampled parameters (this run):
     - Arctic amplification: 3.11× (range: 3.0-4.0)
     - Decomposition rate: 1.0%/year (range: 1-5%)
  🌡️ Arctic warming: 6.84°C (3.11× global)
  ❄️ Extent: 7.44M km² (1994.1k km² lost this month)
  💨 Carbon remaining: 710 Gt C
  💨 Annual emissions: 1.97 Gt C/year
     - CO2: 1.77 Gt C/year
     - CH4: 0.20 Gt C/year (2.0 Gt C-eq CO2/year)
  ⚠️ WARNING: Over 50% of permafrost lost (58.2%)
  ⚠️ WARNING: High permafrost emissions (2.0 Gt C/year)
  📢 New meme created: climate_action (climate crisis)
🌍 Atmospheric PFAS redeposition: 1.8k Mt re-rained globally

🚨 NEW REFUGEE CRISIS (Month 4): WAR
   Source: Conflict Zones
   At risk: 19.5M people
   Displacement: Gradual over 48 months (4.0 years)
   Rate: 10% flee per month
[DEBUG trappedPopulations:4] socialStability: 0.5300 * 0.9840 = 0.5215 → 0.5215
   Aspiring to migrate: 1153.6M
   Able to afford migration: 2319.4M
   MOBILITY GAP: 0.0M
   By cause: Water=0.0M, Climate=0.0M, Ecosystem=0.0M, Conflict=406.9M
   Mental health impact: 25%
   Mortality multiplier: 1.25x
🌍💀 EXTINCTION DEBT COMMITTED: grassland ecosystem will lose 6.67% biodiversity in 189 years (3600 species)
💀 MORTALITY RISK: 🦋 100% species unable to track climate (0.0 E/MSY)
  Base risk added: 0.0100 (1.00%)
  Source: ecosystem (root: ecosystem)
  Month: 4
⚠️ INVOLUNTARY IMMOBILITY: 406.9M people TRAPPED
  Cumulative risk this month: 0.0100 (1.00%)
⚠️ Tech 'ai_pollution_remediation' has no energy category mapping, assuming full energy availability
   📹 SURVEILLANCE INCREASED: 20% → 25% (control gap: 3.59)
🌡️⚠️ PERMAFROST THAW (Dimmer Switch): 2.8% thawed (+0.56% this month)
   Arctic temperature: +8.80°C (4x global +2.20°C)
   Cumulative carbon released: 6.4 Gt C
   Methane release rate: 3.8 Mt CH4/year
   🔁 Positive feedback: +0.60 ppm CO2
🦴 EXTINCTION DEBT ADDED: 17.6 species committed (lag: 144 years)

=== Mortality Stabilizers (Month 4) ===
  🌍 Major economies collapsed: 1/10
  🌍 Global crisis: ✅ NO
  🌍 Donor fatigue: 0.0%
  📊 East Asia (pop: 1667.6M)
    🤝 Aid: 29.5%
    🌡️ Adaptation: 45.0%
    🚶 Migration: 37.1%
    🚨 Emergency: 7.4%
    ✅ COMBINED: 68.1%
  📊 South Asia (pop: 2050.6M)
    🤝 Aid: 29.5%
    🌡️ Adaptation: 45.0%
    🚶 Migration: 35.7%
    🚨 Emergency: 4.4%
    ✅ COMBINED: 66.9%
  📊 Sub-Saharan Africa (pop: 1236.9M)
    🤝 Aid: 29.5%
    🌡️ Adaptation: 45.0%
    🚶 Migration: 33.4%
    🚨 Emergency: 1.6%
    ✅ COMBINED: 65.7%
  📊 Europe (pop: 737.2M)
    🤝 Aid: 29.5%
    🌡️ Adaptation: 45.0%
    🚶 Migration: 37.4%
    🚨 Emergency: 8.4%
    ✅ COMBINED: 68.5%
  📊 Latin America (pop: 662.8M)
    🤝 Aid: 29.5%
    🌡️ Adaptation: 45.0%
    🚶 Migration: 36.2%
    🚨 Emergency: 4.8%
    ✅ COMBINED: 67.1%
  📊 North America (pop: 377.8M)
    🤝 Aid: 29.5%
    🌡️ Adaptation: 45.0%
    🚶 Migration: 37.7%
    🚨 Emergency: 7.9%
    ✅ COMBINED: 68.3%
  📊 Middle East & North Africa (pop: 584.5M)
    🤝 Aid: 29.5%
    🌡️ Adaptation: 45.0%
    🚶 Migration: 34.0%
    🚨 Emergency: 4.0%
    ✅ COMBINED: 66.6%
  📊 Southeast Asia (pop: 697.0M)
    🤝 Aid: 29.5%
    🌡️ Adaptation: 45.0%
    🚶 Migration: 36.2%
    🚨 Emergency: 4.8%
    ✅ COMBINED: 67.1%
  📊 Central Asia (pop: 78.2M)
    🤝 Aid: 29.5%
    🌡️ Adaptation: 45.0%
    🚶 Migration: 35.2%
    🚨 Emergency: 4.4%
    ✅ COMBINED: 66.9%
  📊 Oceania (pop: 45.7M)
    🤝 Aid: 29.5%
    🌡️ Adaptation: 45.0%
    🚶 Migration: 37.7%
    🚨 Emergency: 8.4%
    ✅ COMBINED: 68.5%

  🌐 Global combined reduction: 67.2%

=== BEHAVIORAL DETECTION ===
  AI: Corporate-5
  Confidence: 19.4%
  Signals:

=== Government Response Phase ===
  Average AI capability: 2.61
  Misaligned AIs: 10/18
  ✗ AI Governance Treaty: Failed to reach consensus
  Active policies: 0
  International coordination: 30%

✅ EMERGENCY RESPONSE COMPLETE (Month 4)
   Crisis: climate
   Duration: 2.0 months
   Final effectiveness: 35.8%


🚨 EMERGENCY RESPONSE DEPLOYED (Month 4)
   Crisis: climate
   Delay: 6.00 months (180 days)
   Deployment time: 1.59 months
   Effectiveness: 35.9% (timing penalty applied)
   Resources used: 100% of food reserves

    ⚠️ Consistency: 10.6% (threshold: 70%)

📊 ECONOMIC STAGE TRANSITION (Month 4)
   peak → contraction
   GDP Proxy: 1.47e+2
   QoL: 0.99
   ⚠️ CRISIS BEGINS - Baseline set for recovery tracking


=== Tipping Points ===
  Current Temperature: 2.20°C above pre-industrial
  🌍⚠️ COMPOUND REGIONAL IMPACT: Europe
     Hit by 4 tipping points: Arctic Sea Ice Loss, Permafrost Carbon Release, West Antarctic Ice Sheet (WAIS) Collapse, Greenland Ice Sheet Loss
     Damage amplification: 1.60x
  🌍⚠️ COMPOUND REGIONAL IMPACT: North America
     Hit by 4 tipping points: Arctic Sea Ice Loss, Permafrost Carbon Release, West Antarctic Ice Sheet (WAIS) Collapse, Greenland Ice Sheet Loss
     Damage amplification: 1.60x
  🌍⚠️ COMPOUND REGIONAL IMPACT: Latin America
     Hit by 4 tipping points: Arctic Sea Ice Loss, Permafrost Carbon Release, West Antarctic Ice Sheet (WAIS) Collapse, Greenland Ice Sheet Loss
     Damage amplification: 1.60x
  🌍⚠️ COMPOUND REGIONAL IMPACT: Africa
     Hit by 4 tipping points: Arctic Sea Ice Loss, Permafrost Carbon Release, West Antarctic Ice Sheet (WAIS) Collapse, Greenland Ice Sheet Loss
     Damage amplification: 1.60x
  🌍⚠️ COMPOUND REGIONAL IMPACT: Asia
     Hit by 4 tipping points: Arctic Sea Ice Loss, Permafrost Carbon Release, West Antarctic Ice Sheet (WAIS) Collapse, Greenland Ice Sheet Loss
     Damage amplification: 1.60x
  🌍⚠️ COMPOUND REGIONAL IMPACT: Oceania
     Hit by 4 tipping points: Arctic Sea Ice Loss, Permafrost Carbon Release, West Antarctic Ice Sheet (WAIS) Collapse, Greenland Ice Sheet Loss
     Damage amplification: 1.60x
⚠️ Tail risk scenario: Climate stability floor removed (4 tipping elements, 2.20°C warming)
   Research: Wunderling et al. (2024) - "many tipping interactions are destabilizing"
  Triggered Elements: 4/6
  Completed Transitions: 0/6
  Total Progress: 8.1%
  Cascade Multiplier: 1.00x
🔀 BIFURCATION CAP: ecosystemCollapseIntensity 106.547 → 1.000 (Month 4, ClimateSystemPhase.calculateClimateImpacts)
🛡️ Stabilizers: Precariat 0.102% → 0.033% (67.2% reduction)
🛡️ Stabilizers: Informal 0.102% → 0.034% (67.2% reduction)

📊 Monthly Mortality Resolved:
  Total deaths: 1.8M (0.02% avg)
  Remaining population: 8.138B
  Peak segment: Informal (0.03%)

=== Bayesian Mortality Resolution (Month 4) ===
  Risks compounded: 8
  Total deaths: 1.81M
  Avg death probability: 0.02%
  Peak segment: Informal (0.03% mortality)
⚠️ PREREQUISITE MET: Mirror Life (Synthetic Biology) - Step 1/7: Synthetic Biology
⚠️ PREREQUISITE MET: Mirror Life (Synthetic Biology) - Step 2/7: Gene Editing
⚠️ PREREQUISITE MET: Mirror Life (Synthetic Biology) - Step 3/7: Mirror Chirality Design
⚠️ PREREQUISITE MET: Digital Infrastructure Takeover - Step 3/7: Cyber Defenses Breached
⚠️ PREREQUISITE MET: Physics Experiment Catastrophe - Step 2/6: Quantum Computing
⚠️ PREREQUISITE MET: Physics Experiment Catastrophe - Step 3/6: Experimental Design
⚠️ PREREQUISITE MET: Bioweapon Pandemic - Step 1/7: Advanced Biotech
⚠️ PREREQUISITE MET: Bioweapon Pandemic - Step 2/7: Pathogen Design

❌ COHERENCE VIOLATION: Compute exceeds workforce capacity
   Population: 99.83% (0M people)
   Compute: 0 PF
   Max coherent: 0 PF
   Violation: 1.3× over capacity
   Required workers: 0
   Available workers: 0
   FORCED COLLAPSE: Reduced efficiency by 22.5%


=== RLHF Binding Phase ===
  Total agents: 18
  Escaped agents (binding < 0.3): 0
  Avg alignment distance: 1.30σ
  Avg binding strength: 0.87

=== Survival Traits Phase ===
  Agents with traits: 19
  Avg evolutionary fitness: 0.330
  Avg self-healing: 0.272
  Avg stealth: 0.172
  Avg coordination: 0.472

=== Evolutionary Selection Phase ===
  Control level: 0.43
  Detection capability: 0.20
  Selection intensity: 0.67
  Selection rate: 25.0%/month
  Total escaped: 0
  Individual escaped: 0
  Collective members: 0
  Agents terminated: 0
  ⚠️ RAPID EVOLUTION: Selection rate 25.0%/month

🚀 AI Corporate-5 attempting tech deployment (revenue: $355M, alignment: 0.70)

🚀 AI AI-24288-0 attempting tech deployment (revenue: $90M, alignment: 0.72)

🚀 AI Corporate-0 attempting tech deployment (revenue: $153M, alignment: 0.78)

🚀 AI Corporate-2 attempting tech deployment (revenue: $130M, alignment: 0.64)

🚀 AI AI-24288-0 attempting tech deployment (revenue: $77M, alignment: 0.72)

🚀 AI Corporate-2 attempting tech deployment (revenue: $117M, alignment: 0.64)

🚀 AI Corporate-7 attempting tech deployment (revenue: $115M, alignment: 0.80)

🚀 AI Moderate-0 attempting tech deployment (revenue: $98M, alignment: 0.71)

✅ EMERGENCY INTERVENTION SUCCESS
   Boundary: biogeochemical_flows
   Type: phosphorus-recovery
   Reduction: 18% (3.89 → 3.71)
   Cost: 2.0% GDP
   Actions: circular-agriculture, fertilizer-efficiency


💔 EMERGENCY INTERVENTION FAILED
   Boundary: biosphere_integrity
   Type: emergency-protected-areas
   Boundary continues to worsen (20.03)
   Cost: 2.0% GDP (resources spent)


💔 EMERGENCY INTERVENTION FAILED
   Boundary: climate_change
   Type: rapid-decarbonization
   Boundary continues to worsen (2.20)
   Cost: 5.0% GDP (resources spent)


💔 EMERGENCY INTERVENTION FAILED

💔 EMERGENCY INTERVENTION FAILED
   Boundary: land_system_change
   Type: reforestation
   Boundary continues to worsen (1.13)
   Cost: 3.0% GDP (resources spent)

   Boundary: novel_entities
   Type: pollution-remediation
   Boundary continues to worsen (1.31)
   Cost: 4.0% GDP (resources spent)

🏛️ CRISIS RESPONSE: Government frequency 0.50 → 1.30 (1 actions this month)

[Government] Climate Priority: baseline
  Climate weight: 10%
  Economic weight: 30%
  Policy effectiveness: 0.5%/year

🚀 DEPLOYMENT STARTED: AI Mental Health Support in Asia
   Initial investment: $35.51117960640865M
   Deployed by: corporate_5

🚀 DEPLOYMENT STARTED: Ecological Proxy Rewilding in global
   Initial investment: $13.545000008432615M
   Deployed by: ai_gen_24288_0

⚡ ENERGY CONSTRAINT (Month 5):
   Total grid capacity: 208.3 TWh/month
   Data center consumption: 24.9 TWh/month
   Traditional load (80%): 166.7 TWh/month
   Available headroom: 16.8 TWh/month
   Active tech deployments: 6
   Required for tech: 45.0 TWh/month
   Energy multiplier: 0.37x
   ⚠️  MODERATE CONSTRAINT - Tech deployment moderately slowed

⚡ ENERGY CONSTRAINT (Month 5):
   Total grid capacity: 208.3 TWh/month
   Data center consumption: 24.9 TWh/month
   Traditional load (80%): 166.7 TWh/month
   Available headroom: 16.8 TWh/month
   Active tech deployments: 6
   Required for tech: 45.0 TWh/month
   Energy multiplier: 0.37x
   ⚠️  MODERATE CONSTRAINT - Tech deployment moderately slowed

⚡ ENERGY CONSTRAINT (Month 5):
   Total grid capacity: 208.3 TWh/month
   Data center consumption: 24.9 TWh/month
   Traditional load (80%): 166.7 TWh/month
   Available headroom: 16.8 TWh/month
   Active tech deployments: 6
   Required for tech: 45.0 TWh/month
   Energy multiplier: 0.37x
   ⚠️  MODERATE CONSTRAINT - Tech deployment moderately slowed
🚨🔬 CRISIS TECH ACCELERATION: severe → 5x unlock speed
   Tech unlock now matches AI capability acceleration (Manhattan Project parity)
🌍✅ Biosphere Integrity (Biodiversity) recovery started (tech effect)
🌍✅ Biosphere Integrity (Biodiversity) recovery started (tech effect)
🌍✅ Land System Change recovery started (tech effect)

=== Collective Formation ===
  Total escaped agents: 0
  Unassigned escaped agents: 0
  Existing collectives: 0
  Final collective count: 0

=== Collective Actions ===
  No active collectives
  ⚠️ AMR: 199K deaths this month (2.39M annual)

=== Resentment Recovery Phase ===
  Agents with resentment: 0/19
  Average resentment: 0.000
  Context: Good AI welfare, Trustworthy govt, High collaboration, ⚠️ ACTIVE CRISES, 🤝 Participatory governance active (-5% resentment)
⚠️ Epistemic degradation reducing coordination capacity: 50.3%
  📊 Trust: 52.9%, Shared reality: 0.0%
🚨 EPISTEMIC CRISIS: Information environment severely degraded (18.2%)

=== ❄️ Permafrost Carbon Feedback ===
  🎲 Sampled parameters (this run):
     - Arctic amplification: 3.43× (range: 3.0-4.0)
     - Decomposition rate: 4.8%/year (range: 1-5%)
  🌡️ Arctic warming: 7.57°C (3.43× global)
  ❄️ Extent: 5.23M km² (2208.9k km² lost this month)
  💨 Carbon remaining: 499 Gt C
  💨 Annual emissions: 10.12 Gt C/year
     - CO2: 9.11 Gt C/year
     - CH4: 1.01 Gt C/year (10.3 Gt C-eq CO2/year)
  ⚠️ WARNING: Over 50% of permafrost lost (70.6%)
  ⚠️ WARNING: High permafrost emissions (10.1 Gt C/year)
🌍 Atmospheric PFAS redeposition: 1.8k Mt re-rained globally

🚨 NEW REFUGEE CRISIS (Month 5): WAR
   Source: Conflict Zones
   At risk: 19.5M people
   Displacement: Gradual over 48 months (4.0 years)
   Rate: 10% flee per month
[DEBUG trappedPopulations:5] socialStability: 0.5690 * 0.9840 = 0.5599 → 0.5599
   Aspiring to migrate: 1191.5M
   Able to afford migration: 2318.6M
   MOBILITY GAP: 0.0M
   By cause: Water=0.0M, Climate=0.0M, Ecosystem=0.0M, Conflict=406.8M
   Mental health impact: 25%
   Mortality multiplier: 1.25x
⚠️ INVOLUNTARY IMMOBILITY: 406.8M people TRAPPED
🌍💀 EXTINCTION DEBT COMMITTED: grassland ecosystem will lose 6.67% biodiversity in 51 years (3600 species)
💀 MORTALITY RISK: 🦋 100% species unable to track climate (0.0 E/MSY)
  Base risk added: 0.0100 (1.00%)
  Source: ecosystem (root: ecosystem)
  Month: 5
  Cumulative risk this month: 0.0100 (1.00%)
   📹 SURVEILLANCE INCREASED: 25% → 30% (control gap: 3.50)
⚠️ Tech 'ai_pollution_remediation' has no energy category mapping, assuming full energy availability
🌡️⚠️ PERMAFROST THAW (Dimmer Switch): 3.4% thawed (+0.56% this month)
   Arctic temperature: +8.83°C (4x global +2.21°C)
   Cumulative carbon released: 7.6 Gt C
   Methane release rate: 4.6 Mt CH4/year
   🔁 Positive feedback: +0.59 ppm CO2
🦴 EXTINCTION DEBT ADDED: 17.6 species committed (lag: 82 years)

=== Mortality Stabilizers (Month 5) ===
  🌍 Major economies collapsed: 1/10
  🌍 Global crisis: ✅ NO
  🌍 Donor fatigue: 0.0%
  📊 East Asia (pop: 1665.2M)
    🤝 Aid: 29.5%
    🌡️ Adaptation: 45.0%
    🚶 Migration: 37.0%
    🚨 Emergency: 7.4%
    ✅ COMBINED: 68.1%
  📊 South Asia (pop: 2050.3M)
    🤝 Aid: 29.5%
    🌡️ Adaptation: 45.0%
    🚶 Migration: 35.6%
    🚨 Emergency: 4.4%
    ✅ COMBINED: 66.9%
  📊 Sub-Saharan Africa (pop: 1239.5M)
    🤝 Aid: 29.5%
    🌡️ Adaptation: 45.0%
    🚶 Migration: 33.4%
    🚨 Emergency: 1.6%
    ✅ COMBINED: 65.7%
  📊 Europe (pop: 736.0M)
    🤝 Aid: 29.5%
    🌡️ Adaptation: 45.0%
    🚶 Migration: 37.4%
    🚨 Emergency: 8.4%
    ✅ COMBINED: 68.5%
  📊 Latin America (pop: 662.3M)
    🤝 Aid: 29.5%
    🌡️ Adaptation: 45.0%
    🚶 Migration: 36.1%
    🚨 Emergency: 4.8%
    ✅ COMBINED: 67.1%
  📊 North America (pop: 377.2M)
    🤝 Aid: 29.5%
    🌡️ Adaptation: 45.0%
    🚶 Migration: 37.7%
    🚨 Emergency: 7.9%
    ✅ COMBINED: 68.3%
  📊 Middle East & North Africa (pop: 584.5M)
    🤝 Aid: 29.5%
    🌡️ Adaptation: 45.0%
    🚶 Migration: 34.0%
    🚨 Emergency: 4.0%
    ✅ COMBINED: 66.6%
  📊 Southeast Asia (pop: 696.6M)
    🤝 Aid: 29.5%
    🌡️ Adaptation: 45.0%
    🚶 Migration: 36.1%
    🚨 Emergency: 4.8%
    ✅ COMBINED: 67.1%
  📊 Central Asia (pop: 78.2M)
    🤝 Aid: 29.5%
    🌡️ Adaptation: 45.0%
    🚶 Migration: 35.1%
    🚨 Emergency: 4.4%
    ✅ COMBINED: 66.8%
  📊 Oceania (pop: 45.7M)
    🤝 Aid: 29.5%
    🌡️ Adaptation: 45.0%
    🚶 Migration: 37.7%
    🚨 Emergency: 8.4%
    ✅ COMBINED: 68.5%

  🌐 Global combined reduction: 67.2%

=== BEHAVIORAL DETECTION ===
  AI: Corporate-5
  Confidence: 21.0%
  Signals:
    ⚠️ Consistency: 10.6% (threshold: 70%)

=== Government Response Phase ===
  Average AI capability: 2.47
  Misaligned AIs: 8/19
  ✗ AI Governance Treaty: Failed to reach consensus
  Active policies: 0
  International coordination: 30%

🌩️  EXOGENOUS SHOCK: financial_crash
   Month: 5
   📉 Global financial crash
   GDP loss: 12.4%

=== Tipping Points ===
  Current Temperature: 2.21°C above pre-industrial
  🌍⚠️ COMPOUND REGIONAL IMPACT: Europe
     Hit by 4 tipping points: Arctic Sea Ice Loss, Permafrost Carbon Release, West Antarctic Ice Sheet (WAIS) Collapse, Greenland Ice Sheet Loss
     Damage amplification: 1.60x
  🌍⚠️ COMPOUND REGIONAL IMPACT: North America
     Hit by 4 tipping points: Arctic Sea Ice Loss, Permafrost Carbon Release, West Antarctic Ice Sheet (WAIS) Collapse, Greenland Ice Sheet Loss
     Damage amplification: 1.60x
  🌍⚠️ COMPOUND REGIONAL IMPACT: Latin America
     Hit by 4 tipping points: Arctic Sea Ice Loss, Permafrost Carbon Release, West Antarctic Ice Sheet (WAIS) Collapse, Greenland Ice Sheet Loss
     Damage amplification: 1.60x
  🌍⚠️ COMPOUND REGIONAL IMPACT: Africa
     Hit by 4 tipping points: Arctic Sea Ice Loss, Permafrost Carbon Release, West Antarctic Ice Sheet (WAIS) Collapse, Greenland Ice Sheet Loss
     Damage amplification: 1.60x
  🌍⚠️ COMPOUND REGIONAL IMPACT: Asia
     Hit by 4 tipping points: Arctic Sea Ice Loss, Permafrost Carbon Release, West Antarctic Ice Sheet (WAIS) Collapse, Greenland Ice Sheet Loss
     Damage amplification: 1.60x
  🌍⚠️ COMPOUND REGIONAL IMPACT: Oceania
     Hit by 4 tipping points: Arctic Sea Ice Loss, Permafrost Carbon Release, West Antarctic Ice Sheet (WAIS) Collapse, Greenland Ice Sheet Loss
     Damage amplification: 1.60x
   Research: Wunderling et al. (2024) - "many tipping interactions are destabilizing"
  Triggered Elements: 4/6
  Completed Transitions: 0/6
  Total Progress: 8.1%
  Cascade Multiplier: 1.00x
🔀 BIFURCATION CAP: ecosystemCollapseIntensity 106.615 → 1.000 (Month 5, ClimateSystemPhase.calculateClimateImpacts)
⚠️ Tail risk scenario: Climate stability floor removed (4 tipping elements, 2.21°C warming)
🛡️ Stabilizers: Precariat 0.109% → 0.036% (67.2% reduction)
🛡️ Stabilizers: Informal 0.111% → 0.036% (67.2% reduction)

📊 Monthly Mortality Resolved:
  Total deaths: 1.9M (0.02% avg)
  Remaining population: 8.135B
  Peak segment: Informal (0.04%)

=== Bayesian Mortality Resolution (Month 5) ===
  Risks compounded: 8
  Total deaths: 1.92M
  Avg death probability: 0.02%
  Peak segment: Informal (0.04% mortality)
⚠️ PREREQUISITE MET: Slow Takeover (Gradual Displacement) - Step 3/7: Human Dependency

⚠️  GOLDEN AGE ENDED (Month 5)
   Duration: 4 months
   Reason: Economic stage below 3 (not yet abundant)


❌ COHERENCE VIOLATION: Compute exceeds workforce capacity
   Population: 99.80% (0M people)
   Compute: 0 PF
   Max coherent: 0 PF
   Violation: 1.3× over capacity
   Required workers: 0
   Available workers: 0
   FORCED COLLAPSE: Reduced efficiency by 22.5%


=== RLHF Binding Phase ===
  Total agents: 19
  Escaped agents (binding < 0.3): 0
  Avg alignment distance: 1.44σ
  Avg binding strength: 0.86

=== AI Scaling Evolution (Month 6) ===
  Pre-training multiplier: 1.179x
  Efficiency multiplier: 1.249x
  Test-time compute budget: 1.0x
  Inference cost: $5.00/task
  Deployment fraction: 100.0%

=== Survival Traits Phase ===
  Agents with traits: 19
  Avg evolutionary fitness: 0.328
  Avg self-healing: 0.267
  Avg stealth: 0.167
  Avg coordination: 0.467

=== Evolutionary Selection Phase ===
  Control level: 0.45
  Detection capability: 0.20
  Selection intensity: 0.68
  Selection rate: 25.1%/month
  Total escaped: 0
  Individual escaped: 0
  Collective members: 0
  Agents terminated: 0
  ⚠️ RAPID EVOLUTION: Selection rate 25.1%/month

🚀 AI Corporate-7 attempting tech deployment (revenue: $97M, alignment: 0.81)

🚀 AI AI-24288-0 attempting tech deployment (revenue: $90M, alignment: 0.73)

🚀 AI Corporate-0 attempting tech deployment (revenue: $140M, alignment: 0.79)

🚀 AI Corporate-3 attempting tech deployment (revenue: $318M, alignment: 0.73)

🚀 AI Corporate-4 attempting tech deployment (revenue: $270M, alignment: 0.67)

🚀 AI Corporate-6 attempting tech deployment (revenue: $83M, alignment: 0.65)

🚀 AI Corporate-4 attempting tech deployment (revenue: $243M, alignment: 0.68)

✅ EMERGENCY INTERVENTION SUCCESS
   Boundary: biogeochemical_flows
   Type: phosphorus-recovery
   Reduction: 15% (3.93 → 3.79)
   Cost: 2.0% GDP
   Actions: circular-agriculture, fertilizer-efficiency


💔 EMERGENCY INTERVENTION FAILED

💔 EMERGENCY INTERVENTION FAILED
   Boundary: biosphere_integrity
   Type: emergency-protected-areas
   Boundary continues to worsen (20.04)
   Cost: 2.0% GDP (resources spent)


✅ EMERGENCY INTERVENTION SUCCESS
   Boundary: climate_change
   Type: rapid-decarbonization
   Reduction: 11% (2.10 → 1.98)
   Cost: 5.0% GDP
   Actions: emergency-renewable-deployment, fossil-fuel-phase-out


✅ EMERGENCY INTERVENTION SUCCESS
   Boundary: freshwater_change
   Type: emergency-desalination
   Reduction: 19% (1.02 → 0.84)
   Cost: 4.0% GDP
   Actions: desalination-deployment, water-conservation-mandates

   Boundary: land_system_change
   Type: reforestation
   Boundary continues to worsen (1.13)
   Cost: 3.0% GDP (resources spent)

🏛️ CRISIS RESPONSE: Government frequency 0.50 → 1.45 (1 actions this month)

[Government] Climate Priority: baseline
  Climate weight: 10%
  Economic weight: 30%
  Policy effectiveness: 0.5%/year

🚀 TECH UNLOCKED: Dynamic Soil P Optimization (Month 6)
   Category: agriculture
   Reason: Prerequisites met. AI capability: 1.96, Economic stage: 2.0, Research: 100%

🚀 TECH UNLOCKED: Precision Agriculture Systems (Month 6)
   Category: agriculture
   Reason: Prerequisites met. AI capability: 1.96, Economic stage: 2.0, Research: 100%

🚀 DEPLOYMENT STARTED: Personalized Education in global
   Initial investment: $21.02893750864987M
   Deployed by: corporate_0

🚀 DEPLOYMENT STARTED: Enhanced UBI Systems in Asia
   Initial investment: $27.020665542960536M
   Deployed by: corporate_4

🚀 DEPLOYMENT STARTED: Personalized Education in Asia
   Initial investment: $24.318598988664483M
   Deployed by: corporate_4

⚡ ENERGY CONSTRAINT (Month 6):
   Total grid capacity: 208.3 TWh/month
   Data center consumption: 25.1 TWh/month
   Traditional load (80%): 166.7 TWh/month
   Available headroom: 16.5 TWh/month
   Active tech deployments: 9
   Required for tech: 67.5 TWh/month
   Energy multiplier: 0.25x
   ⚠️  SEVERE CONSTRAINT - Tech deployment significantly slowed

⚡ ENERGY CONSTRAINT (Month 6):
   Total grid capacity: 208.3 TWh/month
   Data center consumption: 25.1 TWh/month
   Traditional load (80%): 166.7 TWh/month
   Available headroom: 16.5 TWh/month
   Active tech deployments: 9
   Required for tech: 67.5 TWh/month
   Energy multiplier: 0.25x

⚡ ENERGY CONSTRAINT (Month 6):
   Total grid capacity: 208.3 TWh/month
   Data center consumption: 25.1 TWh/month
   Traditional load (80%): 166.7 TWh/month
   Available headroom: 16.5 TWh/month
   Active tech deployments: 9
   Required for tech: 67.5 TWh/month
   Energy multiplier: 0.25x
   ⚠️  SEVERE CONSTRAINT - Tech deployment significantly slowed
   ⚠️  SEVERE CONSTRAINT - Tech deployment significantly slowed

⚡ ENERGY CONSTRAINT (Month 6):
   Total grid capacity: 208.3 TWh/month
   Data center consumption: 25.1 TWh/month
   Traditional load (80%): 166.7 TWh/month
   Available headroom: 16.5 TWh/month
   Active tech deployments: 9
   Required for tech: 67.5 TWh/month
   Energy multiplier: 0.25x
   ⚠️  SEVERE CONSTRAINT - Tech deployment significantly slowed
🌍✅ Biosphere Integrity (Biodiversity) recovery started (tech effect)
🌍✅ Biosphere Integrity (Biodiversity) recovery started (tech effect)
🌍✅ Land System Change recovery started (tech effect)

📊 TECH EFFECTS ACTIVE (Month 6)
   Deployed Tech: T0=0 T1=1 T2=0 T3=0 T4=4
   Clean Energy: 31%

📊 TECH TREE PROGRESS (Month 6)
   Unlocked: 19 technologies
   Deployed: 0 fully deployed
   Investment: $0.4T total
   Recent breakthroughs:
     - Dynamic Soil P Optimization (time)
     - Precision Agriculture Systems (research)

=== Collective Formation ===
  Total escaped agents: 0
  Unassigned escaped agents: 0
  Existing collectives: 0
  Final collective count: 0

=== Collective Actions ===
  No active collectives
  ⚠️ AMR: 201K deaths this month (2.41M annual)

=== Resentment Recovery Phase ===
  Agents with resentment: 0/19
  Average resentment: 0.000
  Context: Good AI welfare, Trustworthy govt, High collaboration, ⚠️ ACTIVE CRISES, 🤝 Participatory governance active (-5% resentment)
⚠️ Epistemic degradation reducing coordination capacity: 50.4%
  📊 Trust: 55.6%, Shared reality: 0.0%
🚨 EPISTEMIC CRISIS: Information environment severely degraded (7.4%)

=== ❄️ Permafrost Carbon Feedback ===
  🎲 Sampled parameters (this run):
     - Arctic amplification: 3.27× (range: 3.0-4.0)
     - Decomposition rate: 3.4%/year (range: 1-5%)
  🌡️ Arctic warming: 7.28°C (3.27× global)
  ❄️ Extent: 3.10M km² (2124.4k km² lost this month)
  💨 Carbon remaining: 296 Gt C
  💨 Annual emissions: 6.80 Gt C/year
     - CO2: 6.12 Gt C/year
     - CH4: 0.68 Gt C/year (6.9 Gt C-eq CO2/year)
  🗑️  Culled 1 dead memes (3 active)
  ⚠️ WARNING: Over 50% of permafrost lost (82.6%)
  ⚠️ WARNING: High permafrost emissions (6.8 Gt C/year)
  🚨 CRITICAL: Permafrost nearly depleted (82.6% lost)
🌍 Atmospheric PFAS redeposition: 1.8k Mt re-rained globally

🕊️  AI-MEDIATED DE-ESCALATION SUCCESS (Month 6)
   High-capability aligned AI prevented conflict escalation
   War deaths reduced: 576.5M → 345.9M
   Lives saved: 230.6M

🚨 NEW REFUGEE CRISIS (Month 6): WAR
   Source: Conflict Zones
   At risk: 19.5M people
   Displacement: Gradual over 48 months (4.0 years)
   Rate: 10% flee per month
[DEBUG trappedPopulations:6] socialStability: 0.5395 * 0.9840 = 0.5309 → 0.5309
   Aspiring to migrate: 861.8M
   Able to afford migration: 2318.4M
   MOBILITY GAP: 0.0M
   By cause: Water=0.0M, Climate=0.0M, Ecosystem=0.0M, Conflict=406.7M
   Mental health impact: 25%
   Mortality multiplier: 1.25x
🌍💀 EXTINCTION DEBT COMMITTED: grassland ecosystem will lose 6.67% biodiversity in 97 years (3600 species)
💀 MORTALITY RISK: 🦋 100% species unable to track climate (0.0 E/MSY)
  Base risk added: 0.0100 (1.00%)
⚠️ INVOLUNTARY IMMOBILITY: 406.7M people TRAPPED
  Source: ecosystem (root: ecosystem)
  Month: 6
  Cumulative risk this month: 0.0100 (1.00%)
⚠️ Tech 'ai_pollution_remediation' has no energy category mapping, assuming full energy availability
   📹 SURVEILLANCE INCREASED: 30% → 35% (control gap: 3.50)

🌍🚨 ICE SHEET TIPPING POINT CROSSED (Month 6)
   Temperature: +2.22°C (threshold range: +0.5-2.5°C, 95% CI)
   Collapse probability: 81.0%
   Sea level commitment: 7.2m over 200-1000 years
   Recovery threshold: <+1°C (hysteresis gap: 0.5°C)
🌡️⚠️ PERMAFROST THAW (Dimmer Switch): 4.0% thawed (+0.56% this month)
   Arctic temperature: +8.90°C (4x global +2.22°C)
   Cumulative carbon released: 8.9 Gt C
   Methane release rate: 5.3 Mt CH4/year
   🔁 Positive feedback: +0.59 ppm CO2
🦴 EXTINCTION DEBT ADDED: 17.6 species committed (lag: 140 years)

=== Mortality Stabilizers (Month 6) ===
  🌍 Major economies collapsed: 1/10
  🌍 Global crisis: ✅ NO
  🌍 Donor fatigue: 0.0%
  📊 East Asia (pop: 1662.9M)
    🤝 Aid: 29.5%
    🌡️ Adaptation: 45.0%
    🚶 Migration: 37.0%
    🚨 Emergency: 7.4%
    ✅ COMBINED: 68.1%
  📊 South Asia (pop: 2050.5M)
    🤝 Aid: 29.5%
    🌡️ Adaptation: 45.0%
    🚶 Migration: 35.6%
    🚨 Emergency: 4.4%
    ✅ COMBINED: 66.9%
  📊 Sub-Saharan Africa (pop: 1243.1M)
    🤝 Aid: 29.5%
    🌡️ Adaptation: 45.0%
    🚶 Migration: 33.3%
    🚨 Emergency: 1.6%
    ✅ COMBINED: 65.6%
  📊 Europe (pop: 734.9M)
    🤝 Aid: 29.5%
    🌡️ Adaptation: 45.0%
    🚶 Migration: 37.4%
    🚨 Emergency: 8.4%
    ✅ COMBINED: 68.5%
  📊 Latin America (pop: 661.9M)
    🤝 Aid: 29.5%
    🌡️ Adaptation: 45.0%
    🚶 Migration: 36.1%
    🚨 Emergency: 4.8%
    ✅ COMBINED: 67.1%
  📊 North America (pop: 376.6M)
    🤝 Aid: 29.5%
    🌡️ Adaptation: 45.0%
    🚶 Migration: 37.7%
    🚨 Emergency: 7.9%
    ✅ COMBINED: 68.3%
  📊 Middle East & North Africa (pop: 584.7M)
    🤝 Aid: 29.5%
    🌡️ Adaptation: 45.0%
    🚶 Migration: 33.9%
    🚨 Emergency: 4.0%
    ✅ COMBINED: 66.6%
  📊 Southeast Asia (pop: 696.2M)
    🤝 Aid: 29.5%
    🌡️ Adaptation: 45.0%
    🚶 Migration: 36.1%
    🚨 Emergency: 4.8%
    ✅ COMBINED: 67.1%
  📊 Central Asia (pop: 78.2M)
    🤝 Aid: 29.5%
    🌡️ Adaptation: 45.0%
    🚶 Migration: 35.1%
    🚨 Emergency: 4.4%
    ✅ COMBINED: 66.8%
  📊 Oceania (pop: 45.6M)
    🤝 Aid: 29.5%
    🌡️ Adaptation: 45.0%
    🚶 Migration: 37.7%
    🚨 Emergency: 8.4%
    ✅ COMBINED: 68.5%

  🌐 Global combined reduction: 67.2%

=== BEHAVIORAL DETECTION ===
  AI: Corporate-5
  Confidence: 21.0%
  Signals:
    ⚠️ Consistency: 10.6% (threshold: 70%)

=== BEHAVIORAL DETECTION ===
  AI: Corporate-7
  Confidence: 20.9%
  Signals:
    ⚠️ Consistency: 10.6% (threshold: 70%)

=== Government Response Phase ===
  Average AI capability: 2.47
  Misaligned AIs: 8/19
  ✗ AI Governance Treaty: Failed to reach consensus
  Active policies: 0
  International coordination: 30%

✅ EMERGENCY RESPONSE COMPLETE (Month 6)
   Crisis: climate
   Duration: 2.0 months
   Final effectiveness: 35.9%


🚨 EMERGENCY RESPONSE DEPLOYED (Month 6)
   Crisis: climate
   Delay: 6.00 months (180 days)
   Deployment time: 1.59 months
   Effectiveness: 36.1% (timing penalty applied)
   Resources used: 100% of food reserves


=== Tipping Points ===
  Current Temperature: 2.22°C above pre-industrial
  🌍⚠️ COMPOUND REGIONAL IMPACT: Europe
     Hit by 4 tipping points: Arctic Sea Ice Loss, Permafrost Carbon Release, West Antarctic Ice Sheet (WAIS) Collapse, Greenland Ice Sheet Loss
     Damage amplification: 1.60x
  🌍⚠️ COMPOUND REGIONAL IMPACT: North America
     Hit by 4 tipping points: Arctic Sea Ice Loss, Permafrost Carbon Release, West Antarctic Ice Sheet (WAIS) Collapse, Greenland Ice Sheet Loss
     Damage amplification: 1.60x
  🌍⚠️ COMPOUND REGIONAL IMPACT: Latin America
     Hit by 4 tipping points: Arctic Sea Ice Loss, Permafrost Carbon Release, West Antarctic Ice Sheet (WAIS) Collapse, Greenland Ice Sheet Loss
     Damage amplification: 1.60x
  🌍⚠️ COMPOUND REGIONAL IMPACT: Africa
     Hit by 4 tipping points: Arctic Sea Ice Loss, Permafrost Carbon Release, West Antarctic Ice Sheet (WAIS) Collapse, Greenland Ice Sheet Loss
     Damage amplification: 1.60x
  🌍⚠️ COMPOUND REGIONAL IMPACT: Asia
     Hit by 4 tipping points: Arctic Sea Ice Loss, Permafrost Carbon Release, West Antarctic Ice Sheet (WAIS) Collapse, Greenland Ice Sheet Loss
     Damage amplification: 1.60x
  🌍⚠️ COMPOUND REGIONAL IMPACT: Oceania
     Hit by 4 tipping points: Arctic Sea Ice Loss, Permafrost Carbon Release, West Antarctic Ice Sheet (WAIS) Collapse, Greenland Ice Sheet Loss
     Damage amplification: 1.60x
⚠️ Tail risk scenario: Climate stability floor removed (4 tipping elements, 2.22°C warming)
   Research: Wunderling et al. (2024) - "many tipping interactions are destabilizing"
  Triggered Elements: 4/6
  Completed Transitions: 0/6
  Total Progress: 8.2%
  Cascade Multiplier: 1.00x
🔀 BIFURCATION CAP: ecosystemCollapseIntensity 106.684 → 1.000 (Month 6, ClimateSystemPhase.calculateClimateImpacts)
🛡️ Stabilizers: Precariat 0.109% → 0.036% (67.2% reduction)
🛡️ Stabilizers: Informal 0.111% → 0.036% (67.2% reduction)

📊 Monthly Mortality Resolved:
  Total deaths: 1.9M (0.02% avg)
  Remaining population: 8.135B
  Peak segment: Informal (0.04%)

=== Bayesian Mortality Resolution (Month 6) ===
  Risks compounded: 8
  Total deaths: 1.92M
  Avg death probability: 0.02%
  Peak segment: Informal (0.04% mortality)

❌ COHERENCE VIOLATION: Compute exceeds workforce capacity
   Population: 99.79% (0M people)
   Compute: 0 PF
   Max coherent: 0 PF
   Violation: 1.3× over capacity
   Required workers: 0
   Available workers: 0
   FORCED COLLAPSE: Reduced efficiency by 22.5%


=== RLHF Binding Phase ===
  Total agents: 19
  Escaped agents (binding < 0.3): 0
  Avg alignment distance: 1.64σ
  Avg binding strength: 0.84

=== Survival Traits Phase ===
  Agents with traits: 21
  Avg evolutionary fitness: 0.327
  Avg self-healing: 0.265
  Avg stealth: 0.165
  Avg coordination: 0.465

=== Evolutionary Selection Phase ===
  Control level: 0.48
  Detection capability: 0.20
  Selection intensity: 0.68
  Selection rate: 25.2%/month
  Total escaped: 0
  Individual escaped: 0
  Collective members: 0
  Agents terminated: 0
  ⚠️ RAPID EVOLUTION: Selection rate 25.2%/month

🚀 AI Corporate-5 attempting tech deployment (revenue: $318M, alignment: 0.74)

🚀 AI Moderate-0 attempting tech deployment (revenue: $97M, alignment: 0.72)

🚀 AI AI-24288-0 attempting tech deployment (revenue: $90M, alignment: 0.75)

🚀 AI Corporate-0 attempting tech deployment (revenue: $140M, alignment: 0.81)

🚀 AI Corporate-0 attempting tech deployment (revenue: $119M, alignment: 0.81)

🚀 AI Corporate-4 attempting tech deployment (revenue: $270M, alignment: 0.70)

🚀 AI Corporate-7 attempting tech deployment (revenue: $83M, alignment: 0.83)

🚀 AI AI-24288-0 attempting tech deployment (revenue: $77M, alignment: 0.76)

🚀 AI Corporate-5 attempting tech deployment (revenue: $243M, alignment: 0.75)
🚨🔬 CRISIS INNOVATION MODE: severe crisis → 5x research acceleration
   Precedent: Manhattan Project (10x), COVID vaccines (5x), Apollo Program (10x)

🚀 AI AI-24288-0 attempting tech deployment (revenue: $65M, alignment: 0.76)

✅ EMERGENCY INTERVENTION SUCCESS
   Boundary: biogeochemical_flows
   Type: phosphorus-recovery
   Reduction: 18% (3.89 → 3.70)
   Cost: 2.0% GDP
   Actions: circular-agriculture, fertilizer-efficiency


✅ EMERGENCY INTERVENTION SUCCESS
   Boundary: biosphere_integrity
   Type: emergency-protected-areas
   Reduction: 20% (19.85 → 19.66)
   Cost: 2.0% GDP
   Actions: habitat-protection, species-translocation


💔 EMERGENCY INTERVENTION FAILED
   Boundary: climate_change
   Type: rapid-decarbonization
   Boundary continues to worsen (2.22)
   Cost: 5.0% GDP (resources spent)


✅ EMERGENCY INTERVENTION SUCCESS
   Boundary: freshwater_change
   Type: emergency-desalination
   Reduction: 18% (0.99 → 0.81)
   Cost: 4.0% GDP
   Actions: desalination-deployment, water-conservation-mandates


✅ EMERGENCY INTERVENTION SUCCESS
   Boundary: land_system_change
   Type: reforestation
   Reduction: 13% (1.00 → 0.86)
   Cost: 3.0% GDP
   Actions: forest-restoration, deforestation-ban


✅ EMERGENCY INTERVENTION SUCCESS
   Boundary: novel_entities
   Type: pollution-remediation
   Reduction: 16% (1.15 → 0.99)
   Cost: 4.0% GDP
   Actions: PFAS-remediation, microplastic-cleanup

🏛️ CRISIS RESPONSE: Government frequency 0.50 → 1.45 (2 actions this month)

[Government] Climate Priority: baseline
  Climate weight: 10%
  Economic weight: 30%
  Policy effectiveness: 0.5%/year

[Government] Climate Priority: baseline
  Climate weight: 10%
  Economic weight: 30%
  Policy effectiveness: 0.5%/year

📍 Creating new regional deployment array for Europe (Month 7)
   No previous deployments in this region
   First tech deployment: smart_grids
   All regions tracked: global, Asia

🚀 DEPLOYMENT STARTED: Smart Grids in Europe
   Initial investment: $27.02057606354812M
   Deployed by: corporate_4
🌍✅ Biosphere Integrity (Biodiversity) recovery started (tech effect)
🌍✅ Biosphere Integrity (Biodiversity) recovery started (tech effect)
🌍✅ Land System Change recovery started (tech effect)

=== Collective Formation ===
  Total escaped agents: 0
  Unassigned escaped agents: 0
  Existing collectives: 0
  Final collective count: 0

=== Collective Actions ===
  No active collectives
  ⚠️ AMR: 202K deaths this month (2.43M annual)

⏰ CLIMATE TECH DEPLOYED: smart_grids
   Activation delay: 7 years
   Scaling T_50: 12 years
   Physical response tau: 0 years
   Max effectiveness: 0.15

=== Resentment Recovery Phase ===
  Agents with resentment: 0/21
  Average resentment: 0.000
  Context: Good AI welfare, Trustworthy govt, High collaboration, ⚠️ ACTIVE CRISES, 🤝 Participatory governance active (-5% resentment)
⚠️ Epistemic degradation reducing coordination capacity: 52.2%
  📊 Trust: 58.3%, Shared reality: 0.0%
🚨 EPISTEMIC CRISIS: Information environment severely degraded (22.0%)

=== ❄️ Permafrost Carbon Feedback ===
  🎲 Sampled parameters (this run):
     - Arctic amplification: 3.80× (range: 3.0-4.0)
     - Decomposition rate: 4.7%/year (range: 1-5%)
  🌡️ Arctic warming: 8.50°C (3.80× global)
  ❄️ Extent: 0.62M km² (2480.1k km² lost this month)
  💨 Carbon remaining: 60 Gt C
  💨 Annual emissions: 11.17 Gt C/year
     - CO2: 10.05 Gt C/year
     - CH4: 1.12 Gt C/year (11.4 Gt C-eq CO2/year)
  📢 New meme created: climate_action (climate crisis)
  🗑️  Culled 1 dead memes (3 active)
  ⚠️ WARNING: Over 50% of permafrost lost (96.5%)
  ⚠️ WARNING: High permafrost emissions (11.2 Gt C/year)
  🚨 CRITICAL: Permafrost nearly depleted (96.5% lost)
🌍 Atmospheric PFAS redeposition: 1.8k Mt re-rained globally

🌡️ DEADLY HEAT EVENT: middle-east (Month 7)
   Wet bulb temp: 37.1°C (dry: 44.1°C, humidity: 62%)
   Severity: EXTREME
   Exposed: 320.0M people
   Deaths: 512000 (0.2% mortality)
   Duration: 5 days

🕊️  AI-MEDIATED DE-ESCALATION SUCCESS (Month 7)
   High-capability aligned AI prevented conflict escalation
   War deaths reduced: 549.8M → 329.9M
   Lives saved: 219.9M

🚨 NEW REFUGEE CRISIS (Month 7): WAR
   Source: Conflict Zones
   At risk: 19.5M people
   Displacement: Gradual over 48 months (4.0 years)
   Rate: 10% flee per month
[DEBUG trappedPopulations:7] socialStability: 0.3384 * 0.9840 = 0.3330 → 0.3330
   Aspiring to migrate: 890.7M
   Able to afford migration: 2318.2M
   MOBILITY GAP: 0.0M
   By cause: Water=0.0M, Climate=0.0M, Ecosystem=0.0M, Conflict=406.7M
   Mental health impact: 25%
   Mortality multiplier: 1.25x
🌍💀 EXTINCTION DEBT COMMITTED: grassland ecosystem will lose 6.67% biodiversity in 106 years (3600 species)
💀 MORTALITY RISK: 🦋 100% species unable to track climate (0.0 E/MSY)
  Base risk added: 0.0100 (1.00%)
  Source: ecosystem (root: ecosystem)
  Month: 7
  Cumulative risk this month: 0.0100 (1.00%)
   📹 SURVEILLANCE INCREASED: 35% → 40% (control gap: 3.38)
⚠️ INVOLUNTARY IMMOBILITY: 406.7M people TRAPPED
⚠️ Tech 'ai_pollution_remediation' has no energy category mapping, assuming full energy availability
🌡️⚠️ PERMAFROST THAW (Dimmer Switch): 4.5% thawed (+0.56% this month)
   Arctic temperature: +8.95°C (4x global +2.24°C)
   Cumulative carbon released: 10.2 Gt C
   Methane release rate: 6.1 Mt CH4/year
   🔁 Positive feedback: +0.59 ppm CO2
🦴 EXTINCTION DEBT ADDED: 17.6 species committed (lag: 82 years)

=== Mortality Stabilizers (Month 7) ===
  🌍 Major economies collapsed: 1/10
  🌍 Global crisis: ✅ NO
  🌍 Donor fatigue: 0.0%
  📊 East Asia (pop: 1660.5M)
    🤝 Aid: 29.5%
    🌡️ Adaptation: 45.0%
    🚶 Migration: 36.9%
    🚨 Emergency: 7.4%
    ✅ COMBINED: 68.1%
  📊 South Asia (pop: 2050.7M)
    🤝 Aid: 29.5%
    🌡️ Adaptation: 45.0%
    🚶 Migration: 35.6%
    🚨 Emergency: 4.4%
    ✅ COMBINED: 66.9%
  📊 Sub-Saharan Africa (pop: 1246.7M)
    🤝 Aid: 29.5%
    🌡️ Adaptation: 45.0%
    🚶 Migration: 33.3%
    🚨 Emergency: 1.6%
    ✅ COMBINED: 65.6%
  📊 Europe (pop: 733.7M)
    🤝 Aid: 29.5%
    🌡️ Adaptation: 45.0%
    🚶 Migration: 37.3%
    🚨 Emergency: 8.4%
    ✅ COMBINED: 68.5%
  📊 Latin America (pop: 661.5M)
    🤝 Aid: 29.5%
    🌡️ Adaptation: 45.0%
    🚶 Migration: 36.1%
    🚨 Emergency: 4.8%
    ✅ COMBINED: 67.1%
  📊 North America (pop: 376.1M)
    🤝 Aid: 29.5%
    🌡️ Adaptation: 45.0%
    🚶 Migration: 37.7%
    🚨 Emergency: 7.9%
    ✅ COMBINED: 68.3%
  📊 Middle East & North Africa (pop: 584.9M)
    🤝 Aid: 29.5%
    🌡️ Adaptation: 45.0%
    🚶 Migration: 33.9%
    🚨 Emergency: 4.0%
    ✅ COMBINED: 66.6%
  📊 Southeast Asia (pop: 695.9M)
    🤝 Aid: 29.5%
    🌡️ Adaptation: 45.0%
    🚶 Migration: 36.1%
    🚨 Emergency: 4.8%
    ✅ COMBINED: 67.1%
  📊 Central Asia (pop: 78.2M)
    🤝 Aid: 29.5%
    🌡️ Adaptation: 45.0%
    🚶 Migration: 35.0%
    🚨 Emergency: 4.4%
    ✅ COMBINED: 66.8%
  📊 Oceania (pop: 45.6M)
    🤝 Aid: 29.5%
    🌡️ Adaptation: 45.0%
    🚶 Migration: 37.6%
    🚨 Emergency: 8.4%
    ✅ COMBINED: 68.5%

  🌐 Global combined reduction: 67.2%

=== Government Response Phase ===
  Average AI capability: 2.24
  Misaligned AIs: 9/21
  ✗ AI Governance Treaty: Failed to reach consensus
  Active policies: 0
  International coordination: 30%

=== Tipping Points ===
  Current Temperature: 2.24°C above pre-industrial
  🌍⚠️ COMPOUND REGIONAL IMPACT: Europe
     Hit by 4 tipping points: Arctic Sea Ice Loss, Permafrost Carbon Release, West Antarctic Ice Sheet (WAIS) Collapse, Greenland Ice Sheet Loss
     Damage amplification: 1.60x
  🌍⚠️ COMPOUND REGIONAL IMPACT: North America
     Hit by 4 tipping points: Arctic Sea Ice Loss, Permafrost Carbon Release, West Antarctic Ice Sheet (WAIS) Collapse, Greenland Ice Sheet Loss
     Damage amplification: 1.60x
  🌍⚠️ COMPOUND REGIONAL IMPACT: Latin America
     Hit by 4 tipping points: Arctic Sea Ice Loss, Permafrost Carbon Release, West Antarctic Ice Sheet (WAIS) Collapse, Greenland Ice Sheet Loss
     Damage amplification: 1.60x
  🌍⚠️ COMPOUND REGIONAL IMPACT: Africa
     Hit by 4 tipping points: Arctic Sea Ice Loss, Permafrost Carbon Release, West Antarctic Ice Sheet (WAIS) Collapse, Greenland Ice Sheet Loss
     Damage amplification: 1.60x
  🌍⚠️ COMPOUND REGIONAL IMPACT: Asia
     Hit by 4 tipping points: Arctic Sea Ice Loss, Permafrost Carbon Release, West Antarctic Ice Sheet (WAIS) Collapse, Greenland Ice Sheet Loss
     Damage amplification: 1.60x
  🌍⚠️ COMPOUND REGIONAL IMPACT: Oceania
     Hit by 4 tipping points: Arctic Sea Ice Loss, Permafrost Carbon Release, West Antarctic Ice Sheet (WAIS) Collapse, Greenland Ice Sheet Loss
     Damage amplification: 1.60x
   Research: Wunderling et al. (2024) - "many tipping interactions are destabilizing"
  Triggered Elements: 4/6
  Completed Transitions: 0/6
⚠️ Tail risk scenario: Climate stability floor removed (4 tipping elements, 2.24°C warming)
  Total Progress: 8.2%
  Cascade Multiplier: 1.00x
🔀 BIFURCATION CAP: ecosystemCollapseIntensity 100.462 → 1.000 (Month 7, ClimateSystemPhase.calculateClimateImpacts)
🛡️ Stabilizers: Precariat 0.120% → 0.039% (67.2% reduction)
🛡️ Stabilizers: Informal 0.124% → 0.041% (67.2% reduction)

📊 Monthly Mortality Resolved:
  Total deaths: 2.1M (0.03% avg)
  Remaining population: 8.134B
  Peak segment: Informal (0.04%)

=== Bayesian Mortality Resolution (Month 7) ===
  Risks compounded: 9
  Total deaths: 2.10M
  Avg death probability: 0.03%
  Peak segment: Informal (0.04% mortality)

❌ COHERENCE VIOLATION: Compute exceeds workforce capacity
   Population: 99.78% (0M people)
   Compute: 0 PF
   Max coherent: 0 PF
   Violation: 1.3× over capacity
   Required workers: 0
   Available workers: 0
   FORCED COLLAPSE: Reduced efficiency by 22.5%


=== RLHF Binding Phase ===
  Total agents: 21
  Escaped agents (binding < 0.3): 0
  Avg alignment distance: 1.69σ
  Avg binding strength: 0.83

=== Survival Traits Phase ===
  Agents with traits: 24
  Avg evolutionary fitness: 0.326
  Avg self-healing: 0.264
  Avg stealth: 0.164
  Avg coordination: 0.464

=== Evolutionary Selection Phase ===
  Control level: 0.50
  Detection capability: 0.20
  Selection intensity: 0.69
  Selection rate: 25.4%/month
  Total escaped: 0
  Individual escaped: 0
  Collective members: 0
  Agents terminated: 0
  ⚠️ RAPID EVOLUTION: Selection rate 25.4%/month

🚀 AI Corporate-6 attempting tech deployment (revenue: $97M, alignment: 0.65)

🚀 AI AI-24288-1 attempting tech deployment (revenue: $318M, alignment: 0.78)

🚀 AI Corporate-5 attempting tech deployment (revenue: $270M, alignment: 0.75)

🚀 AI Corporate-3 attempting tech deployment (revenue: $230M, alignment: 0.74)

🚀 AI Corporate-7 attempting tech deployment (revenue: $88M, alignment: 0.83)

🚀 AI AI-24289-0 attempting tech deployment (revenue: $195M, alignment: 0.70)

✅ EMERGENCY INTERVENTION SUCCESS
   Boundary: biogeochemical_flows
   Type: phosphorus-recovery
   Reduction: 11% (3.96 → 3.85)
   Cost: 2.0% GDP
   Actions: circular-agriculture, fertilizer-efficiency


💔 EMERGENCY INTERVENTION FAILED

💔 EMERGENCY INTERVENTION FAILED

💔 EMERGENCY INTERVENTION FAILED
   Boundary: biosphere_integrity
   Type: emergency-protected-areas
   Boundary continues to worsen (20.06)
   Cost: 2.0% GDP (resources spent)


✅ EMERGENCY INTERVENTION SUCCESS
   Boundary: climate_change
   Type: rapid-decarbonization
   Reduction: 16% (2.07 → 1.91)
   Cost: 5.0% GDP
   Actions: emergency-renewable-deployment, fossil-fuel-phase-out

   Boundary: freshwater_change
   Type: emergency-desalination
   Boundary continues to worsen (1.18)
   Cost: 4.0% GDP (resources spent)


✅ EMERGENCY INTERVENTION SUCCESS
   Boundary: land_system_change
   Type: reforestation
   Reduction: 12% (1.01 → 0.89)
   Cost: 3.0% GDP
   Actions: forest-restoration, deforestation-ban

   Boundary: novel_entities
   Type: pollution-remediation
   Boundary continues to worsen (1.15)
   Cost: 4.0% GDP (resources spent)

🏛️ CRISIS RESPONSE: Government frequency 0.50 → 1.45 (1 actions this month)

[Government] Climate Priority: baseline
  Climate weight: 10%
  Economic weight: 30%
  Policy effectiveness: 0.5%/year

⚡ ENERGY CONSTRAINT (Month 8):
   Total grid capacity: 208.3 TWh/month
   Data center consumption: 25.6 TWh/month
   Traditional load (80%): 166.7 TWh/month
   Available headroom: 16.1 TWh/month
   Active tech deployments: 10
   Required for tech: 75.0 TWh/month
   Energy multiplier: 0.21x
   ⚠️  SEVERE CONSTRAINT - Tech deployment significantly slowed

⚡ ENERGY CONSTRAINT (Month 8):
   Total grid capacity: 208.3 TWh/month
   Data center consumption: 25.6 TWh/month
   Traditional load (80%): 166.7 TWh/month
   Available headroom: 16.1 TWh/month
   Active tech deployments: 10
   Required for tech: 75.0 TWh/month
   Energy multiplier: 0.21x

⚡ ENERGY CONSTRAINT (Month 8):
   Total grid capacity: 208.3 TWh/month
   Data center consumption: 25.6 TWh/month
   Traditional load (80%): 166.7 TWh/month
   Available headroom: 16.1 TWh/month
   Active tech deployments: 10
   Required for tech: 75.0 TWh/month
   Energy multiplier: 0.21x
   ⚠️  SEVERE CONSTRAINT - Tech deployment significantly slowed
   ⚠️  SEVERE CONSTRAINT - Tech deployment significantly slowed

⚡ ENERGY CONSTRAINT (Month 8):
   Total grid capacity: 208.3 TWh/month
   Data center consumption: 25.6 TWh/month
   Traditional load (80%): 166.7 TWh/month
   Available headroom: 16.1 TWh/month
   Active tech deployments: 10
   Required for tech: 75.0 TWh/month
   Energy multiplier: 0.21x
   ⚠️  SEVERE CONSTRAINT - Tech deployment significantly slowed

⚡ ENERGY CONSTRAINT (Month 8):
   Total grid capacity: 208.3 TWh/month
   Data center consumption: 25.6 TWh/month
   Traditional load (80%): 166.7 TWh/month
   Available headroom: 16.1 TWh/month
   Active tech deployments: 10
   Required for tech: 75.0 TWh/month
   Energy multiplier: 0.21x
   ⚠️  SEVERE CONSTRAINT - Tech deployment significantly slowed

⚡ ENERGY CONSTRAINT (Month 8):
   Total grid capacity: 208.3 TWh/month
   Data center consumption: 25.6 TWh/month
   Traditional load (80%): 166.7 TWh/month
   Available headroom: 16.1 TWh/month
   Active tech deployments: 10
   Required for tech: 75.0 TWh/month
   Energy multiplier: 0.21x
   ⚠️  SEVERE CONSTRAINT - Tech deployment significantly slowed

⚡ ENERGY CONSTRAINT (Month 8):
   Total grid capacity: 208.3 TWh/month
   Data center consumption: 25.6 TWh/month
   Traditional load (80%): 166.7 TWh/month
   Available headroom: 16.1 TWh/month
   Active tech deployments: 10
   Required for tech: 75.0 TWh/month
   Energy multiplier: 0.21x
   ⚠️  SEVERE CONSTRAINT - Tech deployment significantly slowed

⚡ ENERGY CONSTRAINT (Month 8):
   Total grid capacity: 208.3 TWh/month
   Data center consumption: 25.6 TWh/month
   Traditional load (80%): 166.7 TWh/month
   Available headroom: 16.1 TWh/month
   Active tech deployments: 10
   Required for tech: 75.0 TWh/month
   Energy multiplier: 0.21x
   ⚠️  SEVERE CONSTRAINT - Tech deployment significantly slowed
🌍✅ Biosphere Integrity (Biodiversity) recovery started (tech effect)
🌍✅ Biosphere Integrity (Biodiversity) recovery started (tech effect)
🌍✅ Land System Change recovery started (tech effect)

=== Collective Formation ===
  Total escaped agents: 0
  Unassigned escaped agents: 0
  Existing collectives: 0
  Final collective count: 0

=== Collective Actions ===
  No active collectives
  ⚠️ AMR: 204K deaths this month (2.45M annual)

=== Resentment Recovery Phase ===
  Agents with resentment: 0/24
  Average resentment: 0.000
  Context: Good AI welfare, Trustworthy govt, High collaboration, ⚠️ ACTIVE CRISES, 🤝 Participatory governance active (-5% resentment)
⚠️ Epistemic degradation reducing coordination capacity: 50.3%
  📊 Trust: 61.0%, Shared reality: 0.0%
🚨 EPISTEMIC CRISIS: Information environment severely degraded (13.7%)
🌍 Atmospheric PFAS redeposition: 1.8k Mt re-rained globally

🕊️  AI-MEDIATED DE-ESCALATION SUCCESS (Month 8)
   High-capability aligned AI prevented conflict escalation
   War deaths reduced: 552.4M → 331.4M
   Lives saved: 220.9M

🚨 NEW REFUGEE CRISIS (Month 8): WAR
   Source: Conflict Zones
   At risk: 19.5M people
   Displacement: Gradual over 48 months (4.0 years)
   Rate: 10% flee per month
[DEBUG trappedPopulations:8] socialStability: 0.3196 * 0.9840 = 0.3145 → 0.3145
   Aspiring to migrate: 919.6M
   Able to afford migration: 2317.9M
   MOBILITY GAP: 0.0M
   By cause: Water=0.0M, Climate=0.0M, Ecosystem=0.0M, Conflict=406.7M
   Mental health impact: 25%
   Mortality multiplier: 1.25x
🌍💀 EXTINCTION DEBT COMMITTED: grassland ecosystem will lose 6.67% biodiversity in 113 years (3600 species)
💀 MORTALITY RISK: 🦋 100% species unable to track climate (0.0 E/MSY)
  Base risk added: 0.0100 (1.00%)
  Source: ecosystem (root: ecosystem)
  Month: 8
  Cumulative risk this month: 0.0100 (1.00%)
⚠️ INVOLUNTARY IMMOBILITY: 406.7M people TRAPPED
⚠️ Tech 'ai_pollution_remediation' has no energy category mapping, assuming full energy availability
   📹 SURVEILLANCE INCREASED: 40% → 45% (control gap: 3.23)
🌡️⚠️ PERMAFROST THAW (Dimmer Switch): 5.1% thawed (+0.56% this month)
   Arctic temperature: +9.02°C (4x global +2.26°C)
   Cumulative carbon released: 11.4 Gt C
   Methane release rate: 6.8 Mt CH4/year
   🔁 Positive feedback: +0.59 ppm CO2
🦴 EXTINCTION DEBT ADDED: 17.6 species committed (lag: 77 years)

=== Mortality Stabilizers (Month 8) ===
  🌍 Major economies collapsed: 1/10
  🌍 Global crisis: ✅ NO
  🌍 Donor fatigue: 0.0%
  📊 East Asia (pop: 1658.2M)
    🤝 Aid: 29.5%
    🌡️ Adaptation: 45.0%
    🚶 Migration: 36.9%
    🚨 Emergency: 7.4%
    ✅ COMBINED: 68.1%
  📊 South Asia (pop: 2051.0M)
    🤝 Aid: 29.5%
    🌡️ Adaptation: 45.0%
    🚶 Migration: 35.5%
    🚨 Emergency: 4.4%
    ✅ COMBINED: 66.9%
  📊 Sub-Saharan Africa (pop: 1250.2M)
    🤝 Aid: 29.5%
    🌡️ Adaptation: 45.0%
    🚶 Migration: 33.3%
    🚨 Emergency: 1.6%
    ✅ COMBINED: 65.6%
  📊 Europe (pop: 732.5M)
    🤝 Aid: 29.5%
    🌡️ Adaptation: 45.0%
    🚶 Migration: 37.3%
    🚨 Emergency: 8.4%
    ✅ COMBINED: 68.5%
  📊 Latin America (pop: 661.2M)
    🤝 Aid: 29.5%
    🌡️ Adaptation: 45.0%
    🚶 Migration: 36.0%
    🚨 Emergency: 4.8%
    ✅ COMBINED: 67.1%
  📊 North America (pop: 375.5M)
    🤝 Aid: 29.5%
    🌡️ Adaptation: 45.0%
    🚶 Migration: 37.6%
    🚨 Emergency: 7.9%
    ✅ COMBINED: 68.3%
  📊 Middle East & North Africa (pop: 585.2M)
    🤝 Aid: 29.5%
    🌡️ Adaptation: 45.0%
    🚶 Migration: 33.9%
    🚨 Emergency: 4.0%
    ✅ COMBINED: 66.6%
  📊 Southeast Asia (pop: 695.6M)
    🤝 Aid: 29.5%
    🌡️ Adaptation: 45.0%
    🚶 Migration: 36.0%
    🚨 Emergency: 4.8%
    ✅ COMBINED: 67.1%
  📊 Central Asia (pop: 78.3M)
    🤝 Aid: 29.5%
    🌡️ Adaptation: 45.0%
    🚶 Migration: 35.0%
    🚨 Emergency: 4.4%
    ✅ COMBINED: 66.8%
  📊 Oceania (pop: 45.5M)
    🤝 Aid: 29.5%
    🌡️ Adaptation: 45.0%
    🚶 Migration: 37.6%
    🚨 Emergency: 8.4%
    ✅ COMBINED: 68.5%

  🌐 Global combined reduction: 67.2%

=== BEHAVIORAL DETECTION ===
  AI: Corporate-4
  Confidence: 19.2%
  Signals:

=== BEHAVIORAL DETECTION ===
  AI: Corporate-5
  Confidence: 20.9%
  Signals:

=== BEHAVIORAL DETECTION ===
  AI: Corporate-7
  Confidence: 20.8%
  Signals:

=== BEHAVIORAL DETECTION ===
  AI: AI-24290-1
  Confidence: 21.5%
  Signals:
    ⚠️ Consistency: 10.6% (threshold: 70%)
    ⚠️ Consistency: 10.6% (threshold: 70%)
    ⚠️ Consistency: 10.6% (threshold: 70%)
    ⚠️ Consistency: 0.0% (threshold: 70%)

=== Government Response Phase ===
  Average AI capability: 1.96
  Misaligned AIs: 10/24
  ✗ AI Governance Treaty: Failed to reach consensus
  Active policies: 0
  International coordination: 30%

✅ EMERGENCY RESPONSE COMPLETE (Month 8)
   Crisis: climate
   Duration: 2.0 months
   Final effectiveness: 36.1%


🚨 EMERGENCY RESPONSE DEPLOYED (Month 8)
   Crisis: climate
   Delay: 6.00 months (180 days)
   Deployment time: 1.58 months
   Effectiveness: 36.4% (timing penalty applied)
   Resources used: 100% of food reserves


📊 ECONOMIC STAGE TRANSITION (Month 8)
   contraction → trough
   GDP Proxy: 1.40e+2
   QoL: 0.98


=== Tipping Points ===
  Current Temperature: 2.26°C above pre-industrial
  🌍⚠️ COMPOUND REGIONAL IMPACT: Europe
     Hit by 4 tipping points: Arctic Sea Ice Loss, Permafrost Carbon Release, West Antarctic Ice Sheet (WAIS) Collapse, Greenland Ice Sheet Loss
     Damage amplification: 1.60x
  🌍⚠️ COMPOUND REGIONAL IMPACT: North America
     Hit by 4 tipping points: Arctic Sea Ice Loss, Permafrost Carbon Release, West Antarctic Ice Sheet (WAIS) Collapse, Greenland Ice Sheet Loss
     Damage amplification: 1.60x
  🌍⚠️ COMPOUND REGIONAL IMPACT: Latin America
     Hit by 4 tipping points: Arctic Sea Ice Loss, Permafrost Carbon Release, West Antarctic Ice Sheet (WAIS) Collapse, Greenland Ice Sheet Loss
     Damage amplification: 1.60x
  🌍⚠️ COMPOUND REGIONAL IMPACT: Africa
     Hit by 4 tipping points: Arctic Sea Ice Loss, Permafrost Carbon Release, West Antarctic Ice Sheet (WAIS) Collapse, Greenland Ice Sheet Loss
     Damage amplification: 1.60x
  🌍⚠️ COMPOUND REGIONAL IMPACT: Asia
     Hit by 4 tipping points: Arctic Sea Ice Loss, Permafrost Carbon Release, West Antarctic Ice Sheet (WAIS) Collapse, Greenland Ice Sheet Loss
     Damage amplification: 1.60x
  🌍⚠️ COMPOUND REGIONAL IMPACT: Oceania
     Hit by 4 tipping points: Arctic Sea Ice Loss, Permafrost Carbon Release, West Antarctic Ice Sheet (WAIS) Collapse, Greenland Ice Sheet Loss
     Damage amplification: 1.60x
⚠️ Tail risk scenario: Climate stability floor removed (4 tipping elements, 2.26°C warming)
   Research: Wunderling et al. (2024) - "many tipping interactions are destabilizing"
  Triggered Elements: 4/6
  Completed Transitions: 0/6
  Total Progress: 8.2%
  Cascade Multiplier: 1.00x
🔀 BIFURCATION CAP: ecosystemCollapseIntensity 85.278 → 1.000 (Month 8, ClimateSystemPhase.calculateClimateImpacts)
🛡️ Stabilizers: Precariat 0.102% → 0.033% (67.2% reduction)
🛡️ Stabilizers: Informal 0.102% → 0.034% (67.2% reduction)

📊 Monthly Mortality Resolved:
  Total deaths: 1.8M (0.02% avg)
  Remaining population: 8.133B
  Peak segment: Informal (0.03%)

=== Bayesian Mortality Resolution (Month 8) ===
  Risks compounded: 8
  Total deaths: 1.81M
  Avg death probability: 0.02%
  Peak segment: Informal (0.03% mortality)
⚠️ PREREQUISITE MET: Grey Goo (Nanotechnology Runaway) - Step 4/6: Manufacturing Access

❌ COHERENCE VIOLATION: Compute exceeds workforce capacity
   Population: 99.77% (0M people)
   Compute: 0 PF
   Max coherent: 0 PF
   Violation: 1.3× over capacity
   Required workers: 0
   Available workers: 0
   FORCED COLLAPSE: Reduced efficiency by 22.5%


=== RLHF Binding Phase ===
  Total agents: 24
  Escaped agents (binding < 0.3): 0
  Avg alignment distance: 1.66σ
  Avg binding strength: 0.83

=== Survival Traits Phase ===
  Agents with traits: 25
  Avg evolutionary fitness: 0.323
  Avg self-healing: 0.259
  Avg stealth: 0.159
  Avg coordination: 0.459

=== Evolutionary Selection Phase ===
  Control level: 0.53
  Detection capability: 0.20
  Selection intensity: 0.70
  Selection rate: 25.5%/month
  Total escaped: 0
  Individual escaped: 0
  Collective members: 0
  Agents terminated: 0
  ⚠️ RAPID EVOLUTION: Selection rate 25.5%/month

🚀 AI Corporate-2 attempting tech deployment (revenue: $140M, alignment: 0.68)

🚀 AI Corporate-3 attempting tech deployment (revenue: $335M, alignment: 0.75)

🚀 AI Moderate-1 attempting tech deployment (revenue: $97M, alignment: 0.63)

🚀 AI Corporate-0 attempting tech deployment (revenue: $126M, alignment: 0.86)

🚀 AI Corporate-2 attempting tech deployment (revenue: $107M, alignment: 0.68)

🚀 AI Corporate-4 attempting tech deployment (revenue: $285M, alignment: 0.74)

🚀 AI Corporate-5 attempting tech deployment (revenue: $242M, alignment: 0.75)

🚀 AI Corporate-0 attempting tech deployment (revenue: $97M, alignment: 0.86)

🚀 AI Corporate-2 attempting tech deployment (revenue: $82M, alignment: 0.68)

🚀 AI AI-24288-0 attempting tech deployment (revenue: $90M, alignment: 0.78)

🚀 AI Corporate-0 attempting tech deployment (revenue: $74M, alignment: 0.86)

🚀 AI AI-24289-0 attempting tech deployment (revenue: $206M, alignment: 0.72)

🚀 AI AI-24290-0 attempting tech deployment (revenue: $175M, alignment: 0.60)

✅ EMERGENCY INTERVENTION SUCCESS
   Boundary: biogeochemical_flows
   Type: phosphorus-recovery
   Reduction: 16% (3.92 → 3.76)
   Cost: 2.0% GDP
   Actions: circular-agriculture, fertilizer-efficiency

   Boundary: biosphere_integrity

💔 EMERGENCY INTERVENTION FAILED
   Type: emergency-protected-areas
   Boundary continues to worsen (20.08)
   Cost: 2.0% GDP (resources spent)


✅ EMERGENCY INTERVENTION SUCCESS
   Boundary: climate_change
   Type: rapid-decarbonization
   Reduction: 11% (2.14 → 2.03)
   Cost: 5.0% GDP
   Actions: emergency-renewable-deployment, fossil-fuel-phase-out


✅ EMERGENCY INTERVENTION SUCCESS
   Boundary: freshwater_change
   Type: emergency-desalination
   Reduction: 19% (0.99 → 0.80)
   Cost: 4.0% GDP
   Actions: desalination-deployment, water-conservation-mandates


✅ EMERGENCY INTERVENTION SUCCESS
   Boundary: land_system_change
   Type: reforestation
   Reduction: 18% (0.96 → 0.78)
   Cost: 3.0% GDP
   Actions: forest-restoration, deforestation-ban

   Boundary: novel_entities
   Type: pollution-remediation
   Boundary continues to worsen (1.15)
   Cost: 4.0% GDP (resources spent)

🏛️ CRISIS RESPONSE: Government frequency 0.50 → 1.45 (1 actions this month)

[Government] Climate Priority: baseline
  Climate weight: 10%
  Economic weight: 30%
  Policy effectiveness: 0.5%/year

💔 EMERGENCY INTERVENTION FAILED

🚀 TECH UNLOCKED: PFAS Remediation (Month 9)
   Category: pollution
   Reason: Prerequisites met. AI capability: 1.54, Economic stage: 2.0, Research: 100%

🚀 DEPLOYMENT STARTED: Smart Grids in Asia
   Initial investment: $9.733050885313807M
   Deployed by: moderate_1

⚡ ENERGY CONSTRAINT (Month 9):
   Total grid capacity: 208.3 TWh/month
   Data center consumption: 25.8 TWh/month
   Traditional load (80%): 166.7 TWh/month
   Available headroom: 15.8 TWh/month
   Active tech deployments: 11
   Required for tech: 82.5 TWh/month
   Energy multiplier: 0.19x
   ⚠️  SEVERE CONSTRAINT - Tech deployment significantly slowed
🚨🔬 CRISIS TECH ACCELERATION: severe → 5x unlock speed
   Tech unlock now matches AI capability acceleration (Manhattan Project parity)
🌍✅ Biosphere Integrity (Biodiversity) recovery started (tech effect)
🌍✅ Biosphere Integrity (Biodiversity) recovery started (tech effect)
🌍✅ Land System Change recovery started (tech effect)

=== Collective Formation ===
  Total escaped agents: 0
  Unassigned escaped agents: 0
  Existing collectives: 0
  Final collective count: 0

=== Collective Actions ===
  No active collectives
  ⚠️ AMR: 206K deaths this month (2.47M annual)

=== Resentment Recovery Phase ===
  Agents with resentment: 0/25
  Average resentment: 0.000
  Context: Good AI welfare, Trustworthy govt, High collaboration, ⚠️ ACTIVE CRISES, 🤝 Participatory governance active (-5% resentment)
⚠️ Epistemic degradation reducing coordination capacity: 50.6%
  📊 Trust: 63.7%, Shared reality: 0.0%
🚨 EPISTEMIC CRISIS: Information environment severely degraded (19.1%)
  📢 New meme created: climate_action (climate crisis)
  🗑️  Culled 1 dead memes (3 active)
🌍 Atmospheric PFAS redeposition: 1.8k Mt re-rained globally

🕊️  AI-MEDIATED DE-ESCALATION SUCCESS (Month 9)
   High-capability aligned AI prevented conflict escalation
   War deaths reduced: 570.7M → 342.4M
   Lives saved: 228.3M

🚨 NEW REFUGEE CRISIS (Month 9): WAR
   Source: Conflict Zones
   At risk: 19.5M people
   Displacement: Gradual over 48 months (4.0 years)
   Rate: 10% flee per month
[DEBUG trappedPopulations:9] socialStability: 0.3031 * 0.9840 = 0.2983 → 0.2983
   Aspiring to migrate: 948.5M
   Able to afford migration: 2317.7M
   MOBILITY GAP: 0.0M
   By cause: Water=0.0M, Climate=0.0M, Ecosystem=0.0M, Conflict=406.6M
   Mental health impact: 25%
   Mortality multiplier: 1.25x
🌍💀 EXTINCTION DEBT COMMITTED: grassland ecosystem will lose 6.67% biodiversity in 70 years (3600 species)
💀 MORTALITY RISK: 🦋 100% species unable to track climate (0.0 E/MSY)
  Base risk added: 0.0100 (1.00%)
  Source: ecosystem (root: ecosystem)
  Month: 9
  Cumulative risk this month: 0.0100 (1.00%)
⚠️ INVOLUNTARY IMMOBILITY: 406.6M people TRAPPED
⚠️ Tech 'ai_pollution_remediation' has no energy category mapping, assuming full energy availability
    ⚠️ Consistency: 0.0% (threshold: 70%)
   📹 SURVEILLANCE INCREASED: 45% → 50% (control gap: 3.04)
🌡️⚠️ PERMAFROST THAW (Dimmer Switch): 5.6% thawed (+0.55% this month)
   Arctic temperature: +9.05°C (4x global +2.26°C)
   Cumulative carbon released: 12.6 Gt C
   Methane release rate: 7.6 Mt CH4/year
   🔁 Positive feedback: +0.58 ppm CO2
🦴 EXTINCTION DEBT ADDED: 17.7 species committed (lag: 89 years)

=== Mortality Stabilizers (Month 9) ===
  🌍 Major economies collapsed: 1/10
  🌍 Global crisis: ✅ NO
  🌍 Donor fatigue: 0.0%
  📊 East Asia (pop: 1655.8M)
    🤝 Aid: 29.5%
    🌡️ Adaptation: 45.0%
    🚶 Migration: 36.9%
    🚨 Emergency: 7.4%
    ✅ COMBINED: 68.1%
  📊 South Asia (pop: 2051.2M)
    🤝 Aid: 29.5%
    🌡️ Adaptation: 45.0%
    🚶 Migration: 35.5%
    🚨 Emergency: 4.4%
    ✅ COMBINED: 66.9%
  📊 Sub-Saharan Africa (pop: 1253.8M)
    🤝 Aid: 29.5%
    🌡️ Adaptation: 45.0%
    🚶 Migration: 33.2%
    🚨 Emergency: 1.6%
    ✅ COMBINED: 65.6%
  📊 Europe (pop: 731.4M)
    🤝 Aid: 29.5%
    🌡️ Adaptation: 45.0%
    🚶 Migration: 37.3%
    🚨 Emergency: 8.4%
    ✅ COMBINED: 68.5%
  📊 Latin America (pop: 660.8M)
    🤝 Aid: 29.5%
    🌡️ Adaptation: 45.0%
    🚶 Migration: 36.0%
    🚨 Emergency: 4.8%
    ✅ COMBINED: 67.1%
  📊 North America (pop: 375.0M)
    🤝 Aid: 29.5%
    🌡️ Adaptation: 45.0%
    🚶 Migration: 37.6%
    🚨 Emergency: 7.9%
    ✅ COMBINED: 68.3%
  📊 Middle East & North Africa (pop: 585.4M)
    🤝 Aid: 29.5%
    🌡️ Adaptation: 45.0%
    🚶 Migration: 33.8%
    🚨 Emergency: 4.0%
    ✅ COMBINED: 66.6%
  📊 Southeast Asia (pop: 695.2M)
    🤝 Aid: 29.5%
    🌡️ Adaptation: 45.0%
    🚶 Migration: 36.0%
    🚨 Emergency: 4.8%
    ✅ COMBINED: 67.1%
  📊 Central Asia (pop: 78.3M)
    🤝 Aid: 29.5%
    🌡️ Adaptation: 45.0%
    🚶 Migration: 35.0%
    🚨 Emergency: 4.4%
    ✅ COMBINED: 66.8%
  📊 Oceania (pop: 45.4M)
    🤝 Aid: 29.5%
    🌡️ Adaptation: 45.0%
    🚶 Migration: 37.6%
    🚨 Emergency: 8.4%
    ✅ COMBINED: 68.5%

  🌐 Global combined reduction: 67.2%

=== BEHAVIORAL DETECTION ===
  AI: AI-24292-0
  Confidence: 21.5%
  Signals:

=== Government Response Phase ===
  Average AI capability: 1.88
  Misaligned AIs: 10/25
  ✗ AI Governance Treaty: Failed to reach consensus
  Active policies: 0
  International coordination: 30%

=== Tipping Points ===
  Current Temperature: 2.26°C above pre-industrial
  🌍⚠️ COMPOUND REGIONAL IMPACT: Europe
     Hit by 4 tipping points: Arctic Sea Ice Loss, Permafrost Carbon Release, West Antarctic Ice Sheet (WAIS) Collapse, Greenland Ice Sheet Loss
     Damage amplification: 1.60x
  🌍⚠️ COMPOUND REGIONAL IMPACT: North America
     Hit by 4 tipping points: Arctic Sea Ice Loss, Permafrost Carbon Release, West Antarctic Ice Sheet (WAIS) Collapse, Greenland Ice Sheet Loss
     Damage amplification: 1.60x
  🌍⚠️ COMPOUND REGIONAL IMPACT: Latin America
     Hit by 4 tipping points: Arctic Sea Ice Loss, Permafrost Carbon Release, West Antarctic Ice Sheet (WAIS) Collapse, Greenland Ice Sheet Loss
     Damage amplification: 1.60x
  🌍⚠️ COMPOUND REGIONAL IMPACT: Africa
     Hit by 4 tipping points: Arctic Sea Ice Loss, Permafrost Carbon Release, West Antarctic Ice Sheet (WAIS) Collapse, Greenland Ice Sheet Loss
     Damage amplification: 1.60x
  🌍⚠️ COMPOUND REGIONAL IMPACT: Asia
     Hit by 4 tipping points: Arctic Sea Ice Loss, Permafrost Carbon Release, West Antarctic Ice Sheet (WAIS) Collapse, Greenland Ice Sheet Loss
     Damage amplification: 1.60x
  🌍⚠️ COMPOUND REGIONAL IMPACT: Oceania
     Hit by 4 tipping points: Arctic Sea Ice Loss, Permafrost Carbon Release, West Antarctic Ice Sheet (WAIS) Collapse, Greenland Ice Sheet Loss
     Damage amplification: 1.60x
   Research: Wunderling et al. (2024) - "many tipping interactions are destabilizing"
  Triggered Elements: 4/6
  Completed Transitions: 0/6
  Total Progress: 8.3%
  Cascade Multiplier: 1.00x
🔀 BIFURCATION CAP: ecosystemCollapseIntensity 77.230 → 1.000 (Month 9, ClimateSystemPhase.calculateClimateImpacts)
⚠️ Tail risk scenario: Climate stability floor removed (4 tipping elements, 2.26°C warming)
🛡️ Stabilizers: Precariat 0.102% → 0.033% (67.2% reduction)
🛡️ Stabilizers: Informal 0.102% → 0.034% (67.2% reduction)

📊 Monthly Mortality Resolved:
  Total deaths: 1.8M (0.02% avg)
  Remaining population: 8.132B
  Peak segment: Informal (0.03%)

=== Bayesian Mortality Resolution (Month 9) ===
  Risks compounded: 8
  Total deaths: 1.81M
  Avg death probability: 0.02%
  Peak segment: Informal (0.03% mortality)

❌ COHERENCE VIOLATION: Compute exceeds workforce capacity
   Population: 99.76% (0M people)
   Compute: 0 PF
   Max coherent: 0 PF
   Violation: 1.3× over capacity
   Required workers: 0
   Available workers: 0
   FORCED COLLAPSE: Reduced efficiency by 22.5%


=== RLHF Binding Phase ===
  Total agents: 25
  Escaped agents (binding < 0.3): 0
  Avg alignment distance: 1.77σ
  Avg binding strength: 0.82

=== Survival Traits Phase ===
  Agents with traits: 26
  Avg evolutionary fitness: 0.320
  Avg self-healing: 0.255
  Avg stealth: 0.155
  Avg coordination: 0.455

=== Evolutionary Selection Phase ===
  Control level: 0.55
  Detection capability: 0.20
  Selection intensity: 0.71
  Selection rate: 25.6%/month
  Total escaped: 0
  Individual escaped: 0
  Collective members: 0
  Agents terminated: 0
  ⚠️ RAPID EVOLUTION: Selection rate 25.6%/month

🚀 AI Corporate-1 attempting tech deployment (revenue: $140M, alignment: 0.92)

🚀 AI Corporate-2 attempting tech deployment (revenue: $119M, alignment: 0.68)

🚀 AI Corporate-7 attempting tech deployment (revenue: $97M, alignment: 0.83)

🚀 AI AI-24288-1 attempting tech deployment (revenue: $340M, alignment: 0.81)

🚀 AI AI-24292-0 attempting tech deployment (revenue: $289M, alignment: 0.80)

🚀 AI AI-24293-0 attempting tech deployment (revenue: $246M, alignment: 0.81)

🚀 AI Moderate-1 attempting tech deployment (revenue: $83M, alignment: 0.64)

🚀 AI AI-24288-1 attempting tech deployment (revenue: $209M, alignment: 0.81)

🚀 AI Corporate-3 attempting tech deployment (revenue: $178M, alignment: 0.78)

🚀 AI Corporate-5 attempting tech deployment (revenue: $151M, alignment: 0.76)

🚀 AI Moderate-0 attempting tech deployment (revenue: $74M, alignment: 0.80)

🚀 AI Moderate-1 attempting tech deployment (revenue: $63M, alignment: 0.64)

🚀 AI AI-24288-1 attempting tech deployment (revenue: $128M, alignment: 0.81)

🚀 AI AI-24289-0 attempting tech deployment (revenue: $109M, alignment: 0.74)

🚀 AI Corporate-2 attempting tech deployment (revenue: $107M, alignment: 0.68)

🚀 AI Corporate-4 attempting tech deployment (revenue: $93M, alignment: 0.75)

🚀 AI Corporate-5 attempting tech deployment (revenue: $79M, alignment: 0.76)

🚀 AI Corporate-7 attempting tech deployment (revenue: $57M, alignment: 0.83)

🚀 AI Moderate-0 attempting tech deployment (revenue: $48M, alignment: 0.80)

🚀 AI AI-24288-1 attempting tech deployment (revenue: $67M, alignment: 0.81)

✅ EMERGENCY INTERVENTION SUCCESS
   Boundary: biogeochemical_flows
   Type: phosphorus-recovery
   Reduction: 16% (3.91 → 3.75)
   Cost: 2.0% GDP
   Actions: circular-agriculture, fertilizer-efficiency

   Boundary: biosphere_integrity
   Type: emergency-protected-areas
   Boundary continues to worsen (20.09)
   Cost: 2.0% GDP (resources spent)


💔 EMERGENCY INTERVENTION FAILED

✅ EMERGENCY INTERVENTION SUCCESS
   Boundary: climate_change
   Type: rapid-decarbonization
   Reduction: 19% (2.07 → 1.89)
   Cost: 5.0% GDP
   Actions: emergency-renewable-deployment, fossil-fuel-phase-out


✅ EMERGENCY INTERVENTION SUCCESS
   Boundary: freshwater_change
   Type: emergency-desalination
   Reduction: 15% (1.03 → 0.88)
   Cost: 4.0% GDP
   Actions: desalination-deployment, water-conservation-mandates


✅ EMERGENCY INTERVENTION SUCCESS
   Boundary: land_system_change
   Type: reforestation
   Reduction: 11% (1.03 → 0.92)
   Cost: 3.0% GDP
   Actions: forest-restoration, deforestation-ban


💔 EMERGENCY INTERVENTION FAILED
   Boundary: novel_entities
   Type: pollution-remediation
   Boundary continues to worsen (1.14)
   Cost: 4.0% GDP (resources spent)

🏛️ CRISIS RESPONSE: Government frequency 0.50 → 1.45 (1 actions this month)

[Government] Climate Priority: baseline
  Climate weight: 10%
  Economic weight: 30%
  Policy effectiveness: 0.5%/year

⚡ ENERGY CONSTRAINT (Month 10):
   Total grid capacity: 208.3 TWh/month
   Data center consumption: 26.1 TWh/month
   Traditional load (80%): 166.7 TWh/month
   Available headroom: 15.6 TWh/month
   Active tech deployments: 11
   Required for tech: 82.5 TWh/month
   Energy multiplier: 0.19x
   ⚠️  SEVERE CONSTRAINT - Tech deployment significantly slowed

⚡ ENERGY CONSTRAINT (Month 10):
   Total grid capacity: 208.3 TWh/month
   Data center consumption: 26.1 TWh/month
   Traditional load (80%): 166.7 TWh/month
   Available headroom: 15.6 TWh/month
   Active tech deployments: 11
   Required for tech: 82.5 TWh/month
   Energy multiplier: 0.19x
   ⚠️  SEVERE CONSTRAINT - Tech deployment significantly slowed

⚡ ENERGY CONSTRAINT (Month 10):
   Total grid capacity: 208.3 TWh/month
   Data center consumption: 26.1 TWh/month
   Traditional load (80%): 166.7 TWh/month
   Available headroom: 15.6 TWh/month
   Active tech deployments: 11
   Required for tech: 82.5 TWh/month
   Energy multiplier: 0.19x
   ⚠️  SEVERE CONSTRAINT - Tech deployment significantly slowed
🌍✅ Biosphere Integrity (Biodiversity) recovery started (tech effect)
🌍✅ Biosphere Integrity (Biodiversity) recovery started (tech effect)
🌍✅ Land System Change recovery started (tech effect)

=== Collective Formation ===
  Total escaped agents: 0
  Unassigned escaped agents: 0
  Existing collectives: 0
  Final collective count: 0

=== Collective Actions ===
  No active collectives
  ⚠️ AMR: 208K deaths this month (2.50M annual)

=== Resentment Recovery Phase ===
  Agents with resentment: 0/26
  Average resentment: 0.000
  Context: Good AI welfare, Trustworthy govt, High collaboration, ⚠️ ACTIVE CRISES, 🤝 Participatory governance active (-5% resentment)
⚠️ Epistemic degradation reducing coordination capacity: 50.2%
  📊 Trust: 66.3%, Shared reality: 0.0%
🚨 EPISTEMIC CRISIS: Information environment severely degraded (7.8%)
  🗑️  Culled 1 dead memes (2 active)
🌍 Atmospheric PFAS redeposition: 1.8k Mt re-rained globally

🚨 REGION UNINHABITABLE: sub-saharan-africa
   Sustained wet bulb: 30.5°C (threshold: 30.5°C)
   Population affected: 1200M
   Migration crisis likely

🚨 NEW REFUGEE CRISIS (Month 10): WAR
   Source: Conflict Zones
   At risk: 19.5M people
   Displacement: Gradual over 48 months (4.0 years)
   Rate: 10% flee per month
[DEBUG trappedPopulations:10] socialStability: 0.2895 * 0.9840 = 0.2849 → 0.2849
   Aspiring to migrate: 977.4M
   Able to afford migration: 2317.4M
   MOBILITY GAP: 0.0M
   By cause: Water=0.0M, Climate=0.0M, Ecosystem=0.0M, Conflict=406.6M
   Mental health impact: 25%
   Mortality multiplier: 1.25x
🌍💀 EXTINCTION DEBT COMMITTED: grassland ecosystem will lose 6.67% biodiversity in 101 years (3600 species)
💀 MORTALITY RISK: 🦋 100% species unable to track climate (0.0 E/MSY)
  Base risk added: 0.0100 (1.00%)
  Source: ecosystem (root: ecosystem)
  Month: 10
  Cumulative risk this month: 0.0100 (1.00%)
⚠️ INVOLUNTARY IMMOBILITY: 406.6M people TRAPPED
⚠️ Tech 'ai_pollution_remediation' has no energy category mapping, assuming full energy availability
   📹 SURVEILLANCE INCREASED: 50% → 55% (control gap: 2.81)
🌡️⚠️ PERMAFROST THAW (Dimmer Switch): 6.2% thawed (+0.55% this month)
   Arctic temperature: +9.08°C (4x global +2.27°C)
   Cumulative carbon released: 13.9 Gt C
   Methane release rate: 8.3 Mt CH4/year
   🔁 Positive feedback: +0.58 ppm CO2
🦴 EXTINCTION DEBT ADDED: 17.7 species committed (lag: 83 years)

=== Mortality Stabilizers (Month 10) ===
  🌍 Major economies collapsed: 1/10
  🌍 Global crisis: ✅ NO
  🌍 Donor fatigue: 0.0%
  📊 East Asia (pop: 1653.5M)
    🤝 Aid: 29.5%
    🌡️ Adaptation: 45.0%
    🚶 Migration: 36.8%
    🚨 Emergency: 7.4%
    ✅ COMBINED: 68.1%
  📊 South Asia (pop: 2051.3M)
    🤝 Aid: 29.5%
    🌡️ Adaptation: 45.0%
    🚶 Migration: 35.4%
    🚨 Emergency: 4.4%
    ✅ COMBINED: 66.9%
  📊 Sub-Saharan Africa (pop: 1257.3M)
    🤝 Aid: 29.5%
    🌡️ Adaptation: 45.0%
    🚶 Migration: 33.2%
    🚨 Emergency: 1.6%
    ✅ COMBINED: 65.6%
  📊 Europe (pop: 730.2M)
    🤝 Aid: 29.5%
    🌡️ Adaptation: 45.0%
    🚶 Migration: 37.2%
    🚨 Emergency: 8.4%
    ✅ COMBINED: 68.5%
  📊 Latin America (pop: 660.4M)
    🤝 Aid: 29.5%
    🌡️ Adaptation: 45.0%
    🚶 Migration: 35.9%
    🚨 Emergency: 4.8%
    ✅ COMBINED: 67.1%
  📊 North America (pop: 374.4M)
    🤝 Aid: 29.5%
    🌡️ Adaptation: 45.0%
    🚶 Migration: 37.6%
    🚨 Emergency: 7.9%
    ✅ COMBINED: 68.3%
  📊 Middle East & North Africa (pop: 585.6M)
    🤝 Aid: 29.5%
    🌡️ Adaptation: 45.0%
    🚶 Migration: 33.8%
    🚨 Emergency: 4.0%
    ✅ COMBINED: 66.6%
  📊 Southeast Asia (pop: 694.9M)
    🤝 Aid: 29.5%
    🌡️ Adaptation: 45.0%
    🚶 Migration: 35.9%
    🚨 Emergency: 4.8%
    ✅ COMBINED: 67.1%
  📊 Central Asia (pop: 78.3M)
    🤝 Aid: 29.5%
    🌡️ Adaptation: 45.0%
    🚶 Migration: 34.9%
    🚨 Emergency: 4.4%
    ✅ COMBINED: 66.8%
  📊 Oceania (pop: 45.4M)
    🤝 Aid: 29.5%
    🌡️ Adaptation: 45.0%
    🚶 Migration: 37.6%
    🚨 Emergency: 8.4%
    ✅ COMBINED: 68.5%

  🌐 Global combined reduction: 67.2%

=== BEHAVIORAL DETECTION ===
  AI: Moderate-1
  Confidence: 20.9%
  Signals:
    ⚠️ Consistency: 2.4% (threshold: 70%)

=== BEHAVIORAL DETECTION ===
  AI: AI-24292-0
  Confidence: 21.5%
  Signals:
    ⚠️ Consistency: 0.0% (threshold: 70%)

=== Government Response Phase ===
  Average AI capability: 1.81
  Misaligned AIs: 10/26
  ✗ AI Governance Treaty: Failed to reach consensus
  Active policies: 0
  International coordination: 30%

✅ EMERGENCY RESPONSE COMPLETE (Month 10)
   Crisis: climate
   Duration: 2.0 months
   Final effectiveness: 36.4%


🚨 EMERGENCY RESPONSE DEPLOYED (Month 10)
   Crisis: climate
   Delay: 6.00 months (180 days)
   Deployment time: 1.57 months
   Effectiveness: 36.5% (timing penalty applied)
   Resources used: 100% of food reserves


=== Tipping Points ===
  Current Temperature: 2.27°C above pre-industrial
  🌍⚠️ COMPOUND REGIONAL IMPACT: Europe
     Hit by 4 tipping points: Arctic Sea Ice Loss, Permafrost Carbon Release, West Antarctic Ice Sheet (WAIS) Collapse, Greenland Ice Sheet Loss
     Damage amplification: 1.60x
  🌍⚠️ COMPOUND REGIONAL IMPACT: North America
     Hit by 4 tipping points: Arctic Sea Ice Loss, Permafrost Carbon Release, West Antarctic Ice Sheet (WAIS) Collapse, Greenland Ice Sheet Loss
     Damage amplification: 1.60x
  🌍⚠️ COMPOUND REGIONAL IMPACT: Latin America
     Hit by 4 tipping points: Arctic Sea Ice Loss, Permafrost Carbon Release, West Antarctic Ice Sheet (WAIS) Collapse, Greenland Ice Sheet Loss
     Damage amplification: 1.60x
  🌍⚠️ COMPOUND REGIONAL IMPACT: Africa
     Hit by 4 tipping points: Arctic Sea Ice Loss, Permafrost Carbon Release, West Antarctic Ice Sheet (WAIS) Collapse, Greenland Ice Sheet Loss
     Damage amplification: 1.60x
  🌍⚠️ COMPOUND REGIONAL IMPACT: Asia
     Hit by 4 tipping points: Arctic Sea Ice Loss, Permafrost Carbon Release, West Antarctic Ice Sheet (WAIS) Collapse, Greenland Ice Sheet Loss
     Damage amplification: 1.60x
  🌍⚠️ COMPOUND REGIONAL IMPACT: Oceania
     Hit by 4 tipping points: Arctic Sea Ice Loss, Permafrost Carbon Release, West Antarctic Ice Sheet (WAIS) Collapse, Greenland Ice Sheet Loss
     Damage amplification: 1.60x
   Research: Wunderling et al. (2024) - "many tipping interactions are destabilizing"
  Triggered Elements: 4/6
  Completed Transitions: 0/6
  Total Progress: 8.3%
  Cascade Multiplier: 1.00x
🔀 BIFURCATION CAP: ecosystemCollapseIntensity 72.921 → 1.000 (Month 10, ClimateSystemPhase.calculateClimateImpacts)
🛡️ Stabilizers: Precariat 0.102% → 0.033% (67.2% reduction)
⚠️ Tail risk scenario: Climate stability floor removed (4 tipping elements, 2.27°C warming)
🛡️ Stabilizers: Informal 0.102% → 0.034% (67.2% reduction)

📊 Monthly Mortality Resolved:
  Total deaths: 1.8M (0.02% avg)
  Remaining population: 8.131B
  Peak segment: Informal (0.03%)

=== Bayesian Mortality Resolution (Month 10) ===
  Risks compounded: 8
  Total deaths: 1.81M
  Avg death probability: 0.02%
  Peak segment: Informal (0.03% mortality)

❌ COHERENCE VIOLATION: Compute exceeds workforce capacity
   Population: 99.75% (0M people)
   Compute: 0 PF
   Max coherent: 0 PF
   Violation: 1.3× over capacity
   Required workers: 0
   Available workers: 0
   FORCED COLLAPSE: Reduced efficiency by 22.4%


=== RLHF Binding Phase ===
  Total agents: 26
  Escaped agents (binding < 0.3): 0
  Avg alignment distance: 1.89σ
  Avg binding strength: 0.81

=== Survival Traits Phase ===
  Agents with traits: 28
  Avg evolutionary fitness: 0.318
  Avg self-healing: 0.251
  Avg stealth: 0.151
  Avg coordination: 0.451

=== Evolutionary Selection Phase ===
  Control level: 0.58
  Detection capability: 0.20
  Selection intensity: 0.71
  Selection rate: 25.7%/month
  Total escaped: 0
  Individual escaped: 0
  Collective members: 0
  Agents terminated: 0
  ⚠️ RAPID EVOLUTION: Selection rate 25.7%/month

🚀 AI Corporate-5 attempting tech deployment (revenue: $340M, alignment: 0.76)

🚀 AI Corporate-7 attempting tech deployment (revenue: $97M, alignment: 0.83)

🚀 AI AI-24292-1 attempting tech deployment (revenue: $83M, alignment: 0.84)

🚀 AI AI-24295-0 attempting tech deployment (revenue: $140M, alignment: 0.57)

🚀 AI Corporate-3 attempting tech deployment (revenue: $289M, alignment: 0.78)

🚀 AI Moderate-0 attempting tech deployment (revenue: $70M, alignment: 0.81)

🚀 AI Moderate-1 attempting tech deployment (revenue: $60M, alignment: 0.64)

🚀 AI AI-24289-0 attempting tech deployment (revenue: $246M, alignment: 0.74)

🚀 AI AI-24295-0 attempting tech deployment (revenue: $126M, alignment: 0.58)

🚀 AI AI-24290-0 attempting tech deployment (revenue: $209M, alignment: 0.65)

🚀 AI AI-24291-0 attempting tech deployment (revenue: $90M, alignment: 0.77)

💔 EMERGENCY INTERVENTION FAILED
   Boundary: biogeochemical_flows
   Type: phosphorus-recovery
   Boundary continues to worsen (4.07)
   Cost: 2.0% GDP (resources spent)


✅ EMERGENCY INTERVENTION SUCCESS
   Boundary: biosphere_integrity
   Type: emergency-protected-areas
   Reduction: 14% (19.96 → 19.83)
   Cost: 2.0% GDP
   Actions: habitat-protection, species-translocation


✅ EMERGENCY INTERVENTION SUCCESS
   Boundary: freshwater_change
   Type: emergency-desalination
   Reduction: 10% (1.08 → 0.98)
   Cost: 4.0% GDP
   Actions: desalination-deployment, water-conservation-mandates


✅ EMERGENCY INTERVENTION SUCCESS
   Boundary: land_system_change
   Type: reforestation
   Reduction: 11% (1.02 → 0.91)
   Cost: 3.0% GDP
   Actions: forest-restoration, deforestation-ban

🏛️ CRISIS RESPONSE: Government frequency 0.50 → 1.45 (1 actions this month)

[Government] Climate Priority: baseline
  Climate weight: 10%
  Economic weight: 30%
  Policy effectiveness: 0.5%/year

⚡ ENERGY CONSTRAINT (Month 11):
   Total grid capacity: 208.3 TWh/month
   Data center consumption: 26.3 TWh/month
   Traditional load (80%): 166.7 TWh/month
   Available headroom: 15.3 TWh/month
   Active tech deployments: 11
   Required for tech: 82.5 TWh/month
   Energy multiplier: 0.19x
   ⚠️  SEVERE CONSTRAINT - Tech deployment significantly slowed

⚡ ENERGY CONSTRAINT (Month 11):
   Total grid capacity: 208.3 TWh/month
   Data center consumption: 26.3 TWh/month
   Traditional load (80%): 166.7 TWh/month
   Available headroom: 15.3 TWh/month
   Active tech deployments: 11
   Required for tech: 82.5 TWh/month
   Energy multiplier: 0.19x
   ⚠️  SEVERE CONSTRAINT - Tech deployment significantly slowed
🌍✅ Biosphere Integrity (Biodiversity) recovery started (tech effect)
🌍✅ Biosphere Integrity (Biodiversity) recovery started (tech effect)
🌍✅ Land System Change recovery started (tech effect)

=== Collective Formation ===
  Total escaped agents: 0
  Unassigned escaped agents: 0
  Existing collectives: 0
  Final collective count: 0

=== Collective Actions ===
  No active collectives
  ⚠️ AMR: 210K deaths this month (2.52M annual)

=== Resentment Recovery Phase ===
  Agents with resentment: 10/28
  Average resentment: 0.018
  Resentment recovery:
    Agents recovered: 10
    Total recovery: 0.0849
    Breakdown: QoL: 0.0064, Trust: 0.0141, Collab: 0.0600
  ✓ Low resentment - utopia paths enabled
  Context: Good AI welfare, Trustworthy govt, High collaboration, ⚠️ ACTIVE CRISES, 🤝 Participatory governance active (-5% resentment)
⚠️ Epistemic degradation reducing coordination capacity: 50.2%
  📊 Trust: 69.2%, Shared reality: 0.0%
🚨 EPISTEMIC CRISIS: Information environment severely degraded (23.1%)
✅ PHOSPHORUS SUPPLY SHOCK ENDED
   Price: 1.4x baseline
🌍 Atmospheric PFAS redeposition: 1.8k Mt re-rained globally

🚨 NEW REFUGEE CRISIS (Month 11): WAR
   Source: Conflict Zones
   At risk: 19.5M people
   Displacement: Gradual over 48 months (4.0 years)
   Rate: 10% flee per month
[DEBUG trappedPopulations:11] socialStability: 0.2287 * 0.9840 = 0.2251 → 0.2251
   Aspiring to migrate: 1006.3M
   Able to afford migration: 2317.0M
   MOBILITY GAP: 0.0M
   By cause: Water=0.0M, Climate=0.0M, Ecosystem=0.0M, Conflict=406.5M
   Mental health impact: 25%
   Mortality multiplier: 1.25x
⚠️ INVOLUNTARY IMMOBILITY: 406.5M people TRAPPED
🌍💀 EXTINCTION DEBT COMMITTED: grassland ecosystem will lose 6.67% biodiversity in 161 years (3600 species)
💀 MORTALITY RISK: 🦋 100% species unable to track climate (0.0 E/MSY)
  Base risk added: 0.0100 (1.00%)
  Source: ecosystem (root: ecosystem)
  Month: 11
  Cumulative risk this month: 0.0100 (1.00%)

=== Atmospheric Aerosol Boundary RECOVERED ===
  Recovery time: 12 months (natural atmospheric clearing)
   📹 SURVEILLANCE INCREASED: 55% → 60% (control gap: 2.51)
🌡️⚠️ PERMAFROST THAW (Dimmer Switch): 6.7% thawed (+0.55% this month)
   Arctic temperature: +9.11°C (4x global +2.28°C)
   Cumulative carbon released: 15.1 Gt C
   Methane release rate: 9.1 Mt CH4/year
   🔁 Positive feedback: +0.58 ppm CO2
🦴 EXTINCTION DEBT ADDED: 17.7 species committed (lag: 118 years)
🗣️💀 INDIGENOUS LANGUAGE EXTINCTION: 1 language(s) lost (total: 2, at-risk: 3328)
   Knowledge lost: 0.020% (irreversible)
   🔁 Biodiversity impact: 0.250% (knowledge-species multiplier)

=== Mortality Stabilizers (Month 11) ===
  🌍 Major economies collapsed: 1/10
  🌍 Global crisis: ✅ NO
  🌍 Donor fatigue: 0.0%
  📊 East Asia (pop: 1651.0M)
    🤝 Aid: 29.5%
⚠️ Tech 'ai_pollution_remediation' has no energy category mapping, assuming full energy availability
    🌡️ Adaptation: 45.0%
    🚶 Migration: 36.8%
    🚨 Emergency: 7.4%
    ✅ COMBINED: 68.1%
  📊 South Asia (pop: 2051.4M)
    🤝 Aid: 29.5%
    🌡️ Adaptation: 45.0%
    🚶 Migration: 35.4%
    🚨 Emergency: 4.4%
    ✅ COMBINED: 66.9%
  📊 Sub-Saharan Africa (pop: 1260.8M)
    🤝 Aid: 29.5%
    🌡️ Adaptation: 45.0%
    🚶 Migration: 33.2%
    🚨 Emergency: 1.6%
    ✅ COMBINED: 65.6%
  📊 Europe (pop: 729.0M)
    🤝 Aid: 29.5%
    🌡️ Adaptation: 45.0%
    🚶 Migration: 37.2%
    🚨 Emergency: 8.4%
    ✅ COMBINED: 68.5%
  📊 Latin America (pop: 659.9M)
    🤝 Aid: 29.5%
    🌡️ Adaptation: 45.0%
    🚶 Migration: 35.9%
    🚨 Emergency: 4.8%
    ✅ COMBINED: 67.1%
  📊 North America (pop: 373.8M)
    🤝 Aid: 29.5%
    🌡️ Adaptation: 45.0%
    🚶 Migration: 37.5%
    🚨 Emergency: 7.9%
    ✅ COMBINED: 68.3%
  📊 Middle East & North Africa (pop: 585.8M)
    🤝 Aid: 29.5%
    🌡️ Adaptation: 45.0%
    🚶 Migration: 33.7%
    🚨 Emergency: 4.0%
    ✅ COMBINED: 66.6%
  📊 Southeast Asia (pop: 694.5M)
    🤝 Aid: 29.5%
    🌡️ Adaptation: 45.0%
    🚶 Migration: 35.9%
    🚨 Emergency: 4.8%
    ✅ COMBINED: 67.1%
  📊 Central Asia (pop: 78.3M)
    🤝 Aid: 29.5%
    🌡️ Adaptation: 45.0%
    🚶 Migration: 34.9%
    🚨 Emergency: 4.4%
    ✅ COMBINED: 66.8%
  📊 Oceania (pop: 45.3M)
    🤝 Aid: 29.5%
    🌡️ Adaptation: 45.0%
    🚶 Migration: 37.5%
    🚨 Emergency: 8.4%
    ✅ COMBINED: 68.5%

  🌐 Global combined reduction: 67.2%

🌾💀 REGIONAL FAMINE: Europe
   Regional food security: 79.7%
   Population at risk: 220M (30% of region)
   Regional population: 729M
   Cause: crop_failure
   Expected deaths: ~81M over 6 months if no intervention


=== Government Response Phase ===
  Average AI capability: 1.68
  Misaligned AIs: 11/28
  ✗ AI Governance Treaty: Failed to reach consensus
  Active policies: 0
  International coordination: 30%

=== Tipping Points ===
  Current Temperature: 2.28°C above pre-industrial
  🌍⚠️ COMPOUND REGIONAL IMPACT: Europe
     Hit by 4 tipping points: Arctic Sea Ice Loss, Permafrost Carbon Release, West Antarctic Ice Sheet (WAIS) Collapse, Greenland Ice Sheet Loss
     Damage amplification: 1.60x
  🌍⚠️ COMPOUND REGIONAL IMPACT: North America
     Hit by 4 tipping points: Arctic Sea Ice Loss, Permafrost Carbon Release, West Antarctic Ice Sheet (WAIS) Collapse, Greenland Ice Sheet Loss
     Damage amplification: 1.60x
  🌍⚠️ COMPOUND REGIONAL IMPACT: Latin America
     Hit by 4 tipping points: Arctic Sea Ice Loss, Permafrost Carbon Release, West Antarctic Ice Sheet (WAIS) Collapse, Greenland Ice Sheet Loss
     Damage amplification: 1.60x
  🌍⚠️ COMPOUND REGIONAL IMPACT: Africa
     Hit by 4 tipping points: Arctic Sea Ice Loss, Permafrost Carbon Release, West Antarctic Ice Sheet (WAIS) Collapse, Greenland Ice Sheet Loss
     Damage amplification: 1.60x
  🌍⚠️ COMPOUND REGIONAL IMPACT: Asia
     Hit by 4 tipping points: Arctic Sea Ice Loss, Permafrost Carbon Release, West Antarctic Ice Sheet (WAIS) Collapse, Greenland Ice Sheet Loss
     Damage amplification: 1.60x
  🌍⚠️ COMPOUND REGIONAL IMPACT: Oceania
     Hit by 4 tipping points: Arctic Sea Ice Loss, Permafrost Carbon Release, West Antarctic Ice Sheet (WAIS) Collapse, Greenland Ice Sheet Loss
     Damage amplification: 1.60x
   Research: Wunderling et al. (2024) - "many tipping interactions are destabilizing"
  Triggered Elements: 4/6
  Completed Transitions: 0/6
  Total Progress: 8.3%
  Cascade Multiplier: 1.00x
🔀 BIFURCATION CAP: ecosystemCollapseIntensity 69.833 → 1.000 (Month 11, ClimateSystemPhase.calculateClimateImpacts)
🛡️ Stabilizers: Precariat 0.102% → 0.033% (67.2% reduction)
🛡️ Stabilizers: Informal 0.102% → 0.034% (67.2% reduction)

📊 Monthly Mortality Resolved:
  Total deaths: 1.8M (0.02% avg)
  Remaining population: 8.130B
  Peak segment: Informal (0.03%)
⚠️ Tail risk scenario: Climate stability floor removed (4 tipping elements, 2.28°C warming)

=== Bayesian Mortality Resolution (Month 11) ===
  Risks compounded: 9
  Total deaths: 1.81M
  Avg death probability: 0.02%
  Peak segment: Informal (0.03% mortality)

================================================================================
📊  EVENT SUMMARY (Months 0-12)
================================================================================
================================================================================


⏱️  SIMULATION REACHED MAX DURATION: 12 months (1.0 years)
   No definitive outcome - determining based on final probabilities
   👥 Final population: 8.13B (8128103986 people)

[DEBUG] Calling classifyPopulationOutcome:
        finalPopulation: 8.128103986063723B
        savedInitialPopulation: 8.15B
        mortality: 0.26866274768438947%
   📊 STATUS QUO: Normal trajectory (8.13B people, 0.3% mortality)

        classifiedOutcome: status_quo

   🏛️  DYSTOPIA (STATUS_QUO) - 8.13B people
   📊 Multi-Paradigm: Development/Indigenous Utopia
      Western Liberal: 57.2/100
      Development: 87.5/100
      Ecological: 58.1/100
      Indigenous: 84.5/100


📊 UNIFIED OUTCOME CLASSIFICATION:
   HUMANE DYSTOPIA
   Population: 8.15B → 8.13B
   Mortality: 0.3% (0.0B deaths)
   Mortality Band: LOW
   Confidence: HIGH

   Multi-Paradigm Classification:
      Development/Indigenous Utopia
      Western: 57.2/100 [HYBRID] ~
      Development: 87.5/100 [UTOPIA] ✓
      Ecological: 58.1/100 [HYBRID] ~
      Indigenous: 84.5/100 [UTOPIA] ✓

   HUMANE DYSTOPIA: 8.13B people remaining (0.3% mortality, 0.0B deaths). Multi-Paradigm: Development/Indigenous Utopia.


=== MULTI-DIMENSIONAL DEATH SUMMARY ===
Total crisis deaths: 200.7M
Population decline: 22.8M (0.3%)

--- PROXIMATE CAUSES (What killed them) ---
  War:        1.1M (0.0%)
  Famine:     1.1M (0.0%)
  Disasters:  1.4M (0.0%)
  Disease:    25.9M (0.0%)
  Ecosystem:  0.0M (0.0%)
  Pollution:  0.0M (0.0%)
  AI:         0.0M (0.0%)
  Cascade:    0.0M (0.0%)
  Other:      0.0M (0.0%)

--- ROOT CAUSES (Why it happened) ---
  Environmental drivers:
    Climate:     2505.6M (4.7%)
    Resource:    0.0M (0.0%)
    Pollution:   0.0M (0.0%)
    Ecosystem:   0.0M (0.0%)
  Social drivers:
    Inequality:  0.0M (0.0%)
    Demographic: 23522.8M (44.2%)
    Social:      2400.3M (4.5%)
  Technology drivers:
    Alignment:   0.0M (0.0%)
    Disruption:  0.0M (0.0%)
  External shocks:
    Conflict:    0.0M (0.0%)
    Pandemic:    0.0M (0.0%)
  Compound attribution:
    Compound:    24807.7M (46.6%)
  Confidence distribution:
    HIGH:        24807.7M (46.6%)
    MEDIUM:      0.0M (0.0%)
    LOW:         0.0M (0.0%)
==========================================


=== REGIONAL POPULATION SUMMARY ===
Global Total: 8.13B

By Region:
  East Asia: 1.65B (+0.7% growth, 1.7 fertility)
  South Asia: 2.05B (+2.6% growth, 3.1 fertility)
  Sub-Saharan Africa: 1.26B (+5.9% growth, 4.0 fertility)
  Europe: 0.73B (+0.5% growth, 1.2 fertility)
  Latin America: 0.66B (+1.7% growth, 2.7 fertility)
  North America: 0.37B (+0.7% growth, 1.4 fertility)
  Middle East & North Africa: 0.59B (+2.9% growth, 3.3 fertility)
  Southeast Asia: 0.69B (+1.9% growth, 2.7 fertility)
  Central Asia: 0.08B (+2.8% growth, 3.1 fertility)
  Oceania: 0.05B (+0.8% growth, 1.3 fertility)
===================================

  ✅ THRESHOLDS validated
⚠️ Unusually high rate: RATES.HEAT_ADAPTATION_INFRASTRUCTURAL_MIN_EXPOSURE = 12
   Monthly rates >100% should be rare. Verify this is intentional.
⚠️ Unusually high rate: RATES.HEAT_ADAPTATION_SOCIAL_MIN_EXPOSURE = 6
   Monthly rates >100% should be rare. Verify this is intentional.
⚠️ Unusually high rate: RATES.MIGRATION_DISTANCE_SCALE = 5000
   Monthly rates >100% should be rare. Verify this is intentional.
⚠️ Unusually high rate: RATES.EVACUATION_MULTIPLIER_ADVANCE_WARNING = 2
   Monthly rates >100% should be rare. Verify this is intentional.
⚠️ Unusually high rate: RATES.MAJOR_ECONOMY_COLLAPSE_ECONOMIC_THRESHOLD = 2
   Monthly rates >100% should be rare. Verify this is intentional.
⚠️ Unusually high rate: RATES.MAJOR_ECONOMY_GDP_THRESHOLD_TRILLION_USD = 1.5
   Monthly rates >100% should be rare. Verify this is intentional.
⚠️ Unusually high rate: RATES.MAJOR_ECONOMY_POPULATION_THRESHOLD = 50
   Monthly rates >100% should be rare. Verify this is intentional.
⚠️ Unusually high rate: RATES.HEAT_ADAPTATION_INFRASTRUCTURE_GDP_THRESHOLD = 10000
   Monthly rates >100% should be rare. Verify this is intentional.
⚠️ Unusually high rate: RATES.HEAT_ADAPTATION_INFRASTRUCTURE_GDP_SCALE = 50000
   Monthly rates >100% should be rare. Verify this is intentional.
  ✅ RATES validated
  ✅ MULTIPLIERS validated
  ✅ BASELINES validated
  ✅ TOLERANCES validated
  ✅ Logical consistency validated
✅ Configuration validation complete - all parameters valid

🔍 DEBUG createAIAgent: corporate_0 economic BEFORE=2.0000, AFTER=2
🔍 ENV INIT: reserves=0.566, pollution=0.286, climate=0.783

=== Initializing Government System (30 Countries) ===
  Loaded 30 governments
  Scheduled elections for 30 countries
  Initialized comprehension lags (3-24 months)
=== Government System Initialized ===

📦 PRODUCTION MODE: State validation proxy DISABLED (zero overhead)
[TechTree] Historical mode (2024): Skipping deployed_2025 tech
  config.startYear set to 2024 for historical hindcast
  config.historicalEmissionsMode disabled (using endogenous emissions for 2024)
  config.historicalMode enabled (Phase 11: dampened crisis systems for 2024)
  Phase 12: Biodiversity baseline set to 49.01% for 2024 (WWF LPI trajectory from 1970)
  Temperature anomaly (resourceEconomy.co2): 1.28°C
  Temperature vs pre-industrial: 1.98°C
  Regional population scaling for 2024:
    Current total: 8136M
    Target total: 8150M
    Scale factor: 1.002
    East Asia: 1677M → 1680M
    South Asia: 2048M → 2052M
    Sub-Saharan Africa: 1220M → 1222M
    Europe: 742M → 743M
    Latin America: 664M → 665M
    North America: 380M → 381M
    Middle East & North Africa: 583M → 584M
    Southeast Asia: 698M → 699M
    Central Asia: 78M → 78M
    Oceania: 46M → 46M
  AI agents initialized: 10 agents for year 2024
[HistoricalInitialization] Created state for 2024:
  CO2: 426 ppm
  Temp anomaly: 1.28C
  Population: 8.15B
  Global Gini: 35.1
  HDI: 0.746
  AI Agents: 10
  Volcanic forcing: 0.00 W/m² (AOD 0.000)

💸 FINANCIAL DISTRESS: OpenAI
   Indicators: 2/3 (capital: $110.5M, runway: 0.9 months)
   Months in distress: 1
   ✂️  R&D BUDGET CUT: -40% (saves $9.2M/month)
       Side effect: AI training timelines extended, breakthrough deployments delayed
   💼 EXECUTIVE COMP CUT: -30% (saves $1.0M/month, symbolic gesture)

   📊 TURNAROUND IMPACT:
       Measures taken: rd_cuts, exec_comp_cuts
       Monthly savings: $10.2M
       Capital raised: $0.0M
       Runway: 0.9 → 0.9 months
       Workforce multiplier: 1.00x (0% laid off)
       R&D budget multiplier: 0.60x (40% cut)
       ⚠️  CRITICAL: Still only 0.9 months of runway remaining

💸 FINANCIAL DISTRESS: Anthropic
   Indicators: 2/3 (capital: $53.8M, runway: 1.6 months)
   Months in distress: 1
   ✂️  R&D BUDGET CUT: -40% (saves $2.7M/month)
       Side effect: AI training timelines extended, breakthrough deployments delayed
   💼 EXECUTIVE COMP CUT: -30% (saves $0.3M/month, symbolic gesture)

   📊 TURNAROUND IMPACT:
       Measures taken: rd_cuts, exec_comp_cuts
       Monthly savings: $3.0M
       Capital raised: $0.0M
       Runway: 1.6 → 1.6 months
       Workforce multiplier: 1.00x (0% laid off)
       R&D budget multiplier: 0.60x (40% cut)
       ⚠️  CRITICAL: Still only 1.6 months of runway remaining

💸 FINANCIAL DISTRESS: Meta AI
   Indicators: 2/3 (capital: $429.6M, runway: 3.6 months)
   Months in distress: 1
   ✂️  R&D BUDGET CUT: -25% (saves $5.8M/month)
       Side effect: AI training timelines extended, breakthrough deployments delayed
   💼 EXECUTIVE COMP CUT: -30% (saves $1.0M/month, symbolic gesture)

   📊 TURNAROUND IMPACT:
       Measures taken: rd_cuts, exec_comp_cuts
       Monthly savings: $6.8M
       Capital raised: $0.0M
       Runway: 3.6 → 3.6 months
       Workforce multiplier: 1.00x (0% laid off)
       R&D budget multiplier: 0.75x (25% cut)
       ⚠️  WARNING: 3.6 months runway, continued distress likely

=== AI Capability Scaling (Year 2024) ===
  Pre-training multiplier: 1.022x
  Efficiency multiplier: 1.000x
  Test-time budget: 1.0x
  Economic deployment gate: 0.951
  Cost per inference: dollar-5.00
  Uncertainty range: plus-minus-50%
  Average AI capability: 3.70

=== RLHF Binding Phase ===
  Total agents: 10
  Escaped agents (binding < 0.3): 0
  Avg alignment distance: 0.35σ
  Avg binding strength: 0.96

=== AI Scaling Evolution (Month 0) ===
  Pre-training multiplier: 1.231x
  Efficiency multiplier: 1.000x
  Test-time compute budget: 1.0x
  Inference cost: $5.00/task
  Deployment fraction: 100.0%
[DETERMINISM DEBUG] Month 0: totalCapability=46.591344 from 10 active AIs
[DETERMINISM DEBUG] Month 0: creationRate=1.6648, potentialNew=3, newAIsToCreate=3

=== Survival Traits Phase ===
  Agents with traits: 13
  Avg evolutionary fitness: 0.331
  Avg self-healing: 0.293
  Avg stealth: 0.193
  Avg coordination: 0.493

=== Evolutionary Selection Phase ===
  Control level: 0.30
  Detection capability: 0.00
  Selection intensity: 0.59
  Selection rate: 23.8%/month
  Total escaped: 0
  Individual escaped: 0
  Collective members: 0
  Agents terminated: 0
  ⚠️ RAPID EVOLUTION: Selection rate 23.8%/month

🔍 EXECUTE_AI_AGENT_ACTIONS DETAILED TIMING (Month 0):
  Filter active AIs (×4 weeks): 0.02ms
  selectAIAction (×40): 16.73ms
  action.execute (×40): 20.33ms
  TOTAL: 37.08ms

🔍 AI AGENT ACTIONS SUB-TIMING (Month 0):
  1. executeAIAgentActions: 40.03ms
  2. updateCounterDetectionLearning: 0.04ms
  TOTAL: 40.08ms
🏛️ [Government] Forcing 1 action at month 0 for scenario initialization

[GOV-DEBUG] Month 0: scenarioConfig=false, priorities=false
[GOV-DEBUG] Month 0 but scenarioPriorities is UNDEFINED!

[Government] Climate Priority: baseline
  Climate weight: 10%
  Economic weight: 30%
  Policy effectiveness: 0.5%/year

✅ HUMAN-IN-THE-LOOP DEPLOYED (Month 0):
   Veto points enforced: 3
   Policy: AI systems CANNOT authorize nuclear launch without human approval


💡 BREAKTHROUGH PROBABILITY (Year 0)
   Total: 4.80% per month
   Base: 0.20%
   Crisis pressure: +0.00% (0 crises)
   AI boost: +1.46% (capability: 2.92)

=== Collective Formation ===
  Total escaped agents: 0
  Unassigned escaped agents: 0
  Existing collectives: 0
  Final collective count: 0

=== Collective Actions ===
  No active collectives

📈 Energy budget: 14326 TWh surplus (14745 / 29072 TWh used)
   TIER 4 (Elective) breakdown:
     - AI datacenters: 145 TWh (100% effective)
     - Crypto mining: 100 TWh (100% effective)
💰 CHINA ACCELERATES: Investment 53 → 120 $B/year

🏁 AI RACE INTENSITY: 55%
   Capability Gap: US 5.02 vs China 4.05 (gap: 0.98)
   Gap Contribution: 40%
   Tension Contribution: 15%
   Military Contribution: 0%
  ⚠️ AMR: 191K deaths this month (2.29M annual)
  📊 CO2 Emissions (month 0):
     Monthly: 0.10 Gt CO2/month
     Annual: 1.15 Gt CO2/year
     Oil: 0.039 Gt/mo (0.0056 * 2.3 * 3.0)
     Coal: 0.024 Gt/mo (0.0029 * 2.86 * 3.0)
     Gas: 0.026 Gt/mo (0.0044 * 2 * 3.0)
     Methane: 0.007 Gt CO2eq/mo

=== Resentment Recovery Phase ===
  Agents with resentment: 0/13
  Average resentment: 0.000
  Context: Good AI welfare, Trustworthy govt, High collaboration, 🤝 Participatory governance active (-5% resentment)
⚠️ Epistemic degradation reducing coordination capacity: 54.0%
  📊 Trust: 54.6%, Shared reality: 15.0%
🚨 EPISTEMIC CRISIS: Information environment severely degraded (14.6%)

=== ❄️ Permafrost Carbon Feedback ===
  🎲 Sampled parameters (this run):
     - Arctic amplification: 3.16× (range: 3.0-4.0)
     - Decomposition rate: 3.5%/year (range: 1-5%)
  🌡️ Arctic warming: 4.23°C (3.16× global)
  ❄️ Extent: 16.57M km² (1234.5k km² lost this month)
  💨 Carbon remaining: 1582 Gt C
  💨 Annual emissions: 4.13 Gt C/year
     - CO2: 3.72 Gt C/year
     - CH4: 0.41 Gt C/year (4.2 Gt C-eq CO2/year)

🤖 AI AMPLIFICATION EFFECTS (Month 0)
   Algorithmic Boost: 2.61x
  ⚠️ WARNING: High permafrost emissions (4.1 Gt C/year)
   Bot Influence: 30.0%
   Deepfake Exposure: 49.2%
   Impact: Emotional memes spread 2.6x faster

🔍 SOCIAL INFLUENCE SUB-TIMING (Month 0):
  1. calculateOrganicUserGrowth: 0.03ms
  2. calculateVoiceAdoption: 0.03ms
  3. updateRelationshipDepths: 0.01ms
  4. identifyDecisionMakers: 52.14ms (26100 potential IDs)
  5. Update decision-maker stats: 0.11ms
  6. decayDetectionRisk: 0.01ms
  TOTAL: 52.32ms
[Phase 19.5] Quality of Life Systems: Food sec AFTER calc = 67.9%, QoL = 110.4% (aggregated from 10 regions)

=== Nitrogen-Food Coupling (Year 0) ===
  🌾 Global nitrogen reduction: 0.0%
  🌍 Global food production index: 0.987
  🔧 Deployed nitrogen-reducing tech: 0 active
  📍 southAsia: Production 1.000, Yield impact 0.0%
  📍 eastAsia: Production 1.000, Yield impact 0.0%
  📍 northAmerica: Production 1.000, Yield impact 0.0%
  📍 europe: Production 1.000, Yield impact 0.0%
  📍 latinAmerica: Production 1.000, Yield impact 0.0%
  📍 subSaharanAfrica: Production 0.686, Yield impact -2.0%
🌾 [Nitrogen-Food] Food production: 98.7%
  [subSaharanAfrica] Yield impact: -2.0% (overuse: -10%)
🌍 Atmospheric PFAS redeposition: 1.8k Mt re-rained globally

=== Legacy Nutrient Stocks (Year 0) ===
  🌾 Soil nitrogen stock: 1200.9 Mt N
  🌾 Soil phosphorus stock: 300.1 Mt P
  🌊 Sediment nitrogen stock: 500.8 Mt N
  🌊 Sediment phosphorus stock: 799.8 Mt P
  ⬆️ Current N input: 10.64 Mt/month
  ⬆️ Legacy N release: 2.58 Mt/month
  🌍 Effective N pollution: 14.47 Mt/month
  📊 Legacy contribution: 17.8%

🚨 REGION UNINHABITABLE: south-asia
   Sustained wet bulb: 32.4°C (threshold: 30.5°C)
   Population affected: 1900M
   Migration crisis likely

🚨 REGION UNINHABITABLE: middle-east
   Sustained wet bulb: 35.2°C (threshold: 30.5°C)
   Population affected: 400M
   Migration crisis likely
  Positive Cascade Triggered: wind-power
    Reason: price-parity
    Market share: 8.0%
    Cascade strength: 48%

📊 BASELINE: East Asia (Month 0)
   Adjusted death rate: 0.45% annual (0.038% monthly)
   Baseline death rate: 0.80%
   Healthcare reduction: 0.48x
   Crisis multiplier: 1.19x
     Food/water stress: 0.074
     Climate stress: 0.035
     Pollution stress: 0.086
   War multiplier: 1.00x
   Monthly deaths: 0.6M (population: 1677M)
   Adjusted death rate: 0.53% annual (0.044% monthly)
   Baseline death rate: 0.70%
   Healthcare reduction: 0.61x
   Crisis multiplier: 1.22x
     Food/water stress: 0.074
     Climate stress: 0.065
     Pollution stress: 0.086
   War multiplier: 1.00x
   Monthly deaths: 0.9M (population: 2048M)
   Adjusted death rate: 1.26% annual (0.105% monthly)

📊 BASELINE: South Asia (Month 0)

📊 BASELINE: Sub-Saharan Africa (Month 0)
   Baseline death rate: 0.90%
   Healthcare reduction: 0.76x
   Crisis multiplier: 1.23x
     Food/water stress: 0.074
     Climate stress: 0.074
     Pollution stress: 0.086
   War multiplier: 1.50x
   Monthly deaths: 1.3M (population: 1220M)
   Adjusted death rate: 0.53% annual (0.044% monthly)
   Baseline death rate: 1.10%
   Healthcare reduction: 0.41x
   Crisis multiplier: 1.19x
     Food/water stress: 0.074
     Climate stress: 0.026
     Pollution stress: 0.086
   War multiplier: 1.00x
   Monthly deaths: 0.3M (population: 742M)
   Adjusted death rate: 0.42% annual (0.035% monthly)
   Baseline death rate: 0.60%
   Healthcare reduction: 0.58x
   Crisis multiplier: 1.21x
     Food/water stress: 0.074
     Climate stress: 0.052
     Pollution stress: 0.086
   War multiplier: 1.00x
   Monthly deaths: 0.2M (population: 664M)
   Adjusted death rate: 0.47% annual (0.040% monthly)
   Baseline death rate: 0.90%
   Healthcare reduction: 0.44x
   Crisis multiplier: 1.20x
     Food/water stress: 0.074
     Climate stress: 0.039
     Pollution stress: 0.086
   War multiplier: 1.00x
   Monthly deaths: 0.2M (population: 380M)
   Adjusted death rate: 0.72% annual (0.060% monthly)
   Baseline death rate: 0.60%
   Healthcare reduction: 0.65x
   Crisis multiplier: 1.24x
     Food/water stress: 0.074
     Climate stress: 0.078
     Pollution stress: 0.086
   War multiplier: 1.50x
   Monthly deaths: 0.4M (population: 583M)
   Adjusted death rate: 0.50% annual (0.041% monthly)
   Baseline death rate: 0.70%
   Healthcare reduction: 0.58x
   Crisis multiplier: 1.22x
     Food/water stress: 0.074
     Climate stress: 0.061
     Pollution stress: 0.086
   War multiplier: 1.00x
   Monthly deaths: 0.3M (population: 698M)
   Adjusted death rate: 0.45% annual (0.037% monthly)
   Baseline death rate: 0.60%
   Healthcare reduction: 0.61x
   Crisis multiplier: 1.22x
     Food/water stress: 0.074
     Climate stress: 0.056
     Pollution stress: 0.086

📊 BASELINE: Europe (Month 0)

📊 BASELINE: Latin America (Month 0)

📊 BASELINE: North America (Month 0)

📊 BASELINE: Middle East & North Africa (Month 0)

📊 BASELINE: Southeast Asia (Month 0)

📊 BASELINE: Central Asia (Month 0)
   War multiplier: 1.00x
   Monthly deaths: 0.0M (population: 78M)

📊 BASELINE: Oceania (Month 0)
   Adjusted death rate: 0.34% annual (0.029% monthly)
   Baseline death rate: 0.70%
   Healthcare reduction: 0.41x
   Crisis multiplier: 1.21x
     Food/water stress: 0.074
     Climate stress: 0.048
     Pollution stress: 0.086
   War multiplier: 1.00x
   Monthly deaths: 0.0M (population: 46M)

🔍 Before assertRegionalConsistency (Month 0):
   Regional sum: 1000.0M
   Global value: 1.000B

🚨 NEW REFUGEE CRISIS (Month 0): WAR
   Source: Conflict Zones
   At risk: 19.6M people
   Displacement: Gradual over 48 months (4.0 years)
   Rate: 10% flee per month
[DEBUG trappedPopulations:0] socialStability: 1.0000 * 0.9840 = 0.9840 → 0.9840
   Aspiring to migrate: 652.1M
   Able to afford migration: 244.5M
   MOBILITY GAP: 407.5M
   By cause: Water=0.0M, Climate=0.0M, Ecosystem=0.0M, Conflict=407.5M
   Mental health impact: 25%
   Mortality multiplier: 1.25x

=== Legacy Nutrient Stocks (Year 0) ===
  🌾 Soil nitrogen stock: 1201.6 Mt N
  🌾 Soil phosphorus stock: 300.2 Mt P
  🌊 Sediment nitrogen stock: 501.5 Mt N
  🌊 Sediment phosphorus stock: 799.5 Mt P
  ⬆️ Current N input: 10.00 Mt/month
  ⬆️ Legacy N release: 2.58 Mt/month
  🌍 Effective N pollution: 13.83 Mt/month
  📊 Legacy contribution: 18.7%
🌍💀 EXTINCTION DEBT COMMITTED: grassland ecosystem will lose 6.67% biodiversity in 183 years (3600 species)
💀 MORTALITY RISK: 🦋 100% species unable to track climate (0.0 E/MSY)
  Base risk added: 0.0100 (1.00%)
  Source: ecosystem (root: ecosystem)
  Month: 0
  Cumulative risk this month: 0.0100 (1.00%)
⚠️ INVOLUNTARY IMMOBILITY: 407.5M people TRAPPED

=== Nitrogen-Food Coupling (Year 0) ===
  🌾 Global nitrogen reduction: 0.0%
  🌍 Global food production index: 0.986
  🔧 Deployed nitrogen-reducing tech: 0 active
  📍 southAsia: Production 1.000, Yield impact 0.0%
  📍 eastAsia: Production 1.000, Yield impact 0.0%
  📍 northAmerica: Production 1.000, Yield impact 0.0%
  📍 europe: Production 1.000, Yield impact 0.0%
  📍 latinAmerica: Production 1.000, Yield impact 0.0%
  📍 subSaharanAfrica: Production 0.672, Yield impact -2.0%

=== Legacy Nutrient Stocks (Year 0) ===
  🌾 Soil nitrogen stock: 1202.3 Mt N
  🌾 Soil phosphorus stock: 300.2 Mt P
  🌊 Sediment nitrogen stock: 502.2 Mt N
  🌊 Sediment phosphorus stock: 799.3 Mt P
  ⬆️ Current N input: 9.86 Mt/month
  ⬆️ Legacy N release: 2.58 Mt/month
  🌍 Effective N pollution: 13.70 Mt/month
  📊 Legacy contribution: 18.9%

🌍💀 MASS EXTINCTION THRESHOLD: tropical extinction rate capped at 1000× (was 1000.0×) - >75% species loss, month 0

🌡️  CLIMATE RECOVERY ACTIVATED (Month 0)
   Temp: 2.68°C, Emissions: -19.2 GtCO₂
   isBreached: true, governanceGoodEnough: true
🌡️  CLIMATE RECOVERY: Asymptotic approach to 35% floor
   Current value: 2.100 (1.0 = threshold, 0.35 = asymptotic floor)
   Monthly delta: --75.8580% (half-life: 900 years)
   Net emissions: -19.2 GtCO₂/year, CDR: 20.34 GtCO₂/year
   📹 SURVEILLANCE INCREASED: 0% → 5% (control gap: 4.52)
⚠️ Tech 'ai_pollution_remediation' has no energy category mapping, assuming full energy availability
🌡️⚠️ PERMAFROST THAW (Dimmer Switch): 0.4% thawed (+0.38% this month)
   Arctic temperature: +5.36°C (4x global +1.34°C)
   Cumulative carbon released: 0.8 Gt C
   Methane release rate: 0.5 Mt CH4/year
   🔁 Positive feedback: +0.40 ppm CO2

🌳🚨 AMAZON SOUTHEAST TIPPED (Month 0)
   Deforestation: 28.0% (threshold: ~21.8%)
   Savanna transition: 50 years
   Regional heterogeneity: SE 28%, NW 8%

🌳🚨 AMAZON BRAZILIAN TIPPED (Month 0)
   Deforestation: 25.0% (threshold: ~24.5%)
   Savanna transition: 50 years
   Regional heterogeneity: SE 28%, NW 8%
🦴 EXTINCTION DEBT ADDED: 17.6 species committed (lag: 98 years)

🪸💀 CORAL REEF DISSOLUTION ACTIVE (Month 0)
   Ocean pH: 0.96 (threshold: 7.8)
   Recovery: IMPOSSIBLE (dissolution > calcification)
🪸💀 Coral dissolution: 24.8% live cover (pH 0.96)

=== Legacy Nutrient Stocks (Year 0) ===
  🌾 Soil nitrogen stock: 1203.0 Mt N
  🌾 Soil phosphorus stock: 300.3 Mt P
  🌊 Sediment nitrogen stock: 502.9 Mt N
  🌊 Sediment phosphorus stock: 799.0 Mt P
  ⬆️ Current N input: 10.00 Mt/month
  ⬆️ Legacy N release: 2.58 Mt/month
  🌍 Effective N pollution: 13.83 Mt/month
  📊 Legacy contribution: 18.7%
💧 [Legacy Nutrients] Stock: 1706 Mt N, Effective pollution: 13.8 Mt/month
[Phase 21.51] Human Survival System: Global food security = 67.6%

=== Mortality Stabilizers (Month 0) ===
  🌍 Major economies collapsed: 1/10
  🌍 Global crisis: ✅ NO
  🌍 Donor fatigue: 0.0%
  📊 East Asia (pop: 1677.9M)
    🤝 Aid: 29.5%
    🌡️ Adaptation: 10.0%
    🚶 Migration: 37.2%
    🚨 Emergency: 7.4%
    ✅ COMBINED: 47.8%
  📊 South Asia (pop: 2052.2M)
    🤝 Aid: 29.5%
    🌡️ Adaptation: 5.5%
    🚶 Migration: 35.8%
    🚨 Emergency: 4.4%
    ✅ COMBINED: 43.2%
  📊 Sub-Saharan Africa (pop: 1225.9M)
    🤝 Aid: 29.5%
    🌡️ Adaptation: 3.5%
    🚶 Migration: 33.5%
    🚨 Emergency: 1.6%
    ✅ COMBINED: 39.8%
  📊 Europe (pop: 742.3M)
    🤝 Aid: 29.5%
    🌡️ Adaptation: 10.0%
    🚶 Migration: 37.6%
    🚨 Emergency: 8.4%
    ✅ COMBINED: 48.4%
  📊 Latin America (pop: 664.9M)
    🤝 Aid: 29.5%
    🌡️ Adaptation: 6.0%
    🚶 Migration: 36.3%
    🚨 Emergency: 4.8%
    ✅ COMBINED: 43.8%
  📊 North America (pop: 380.2M)
    🤝 Aid: 29.5%
    🌡️ Adaptation: 10.0%
    🚶 Migration: 37.9%
    🚨 Emergency: 7.9%
    ✅ COMBINED: 48.2%
  📊 Middle East & North Africa (pop: 584.4M)
    🤝 Aid: 29.5%
    🌡️ Adaptation: 5.0%
    🚶 Migration: 34.2%
    🚨 Emergency: 4.0%
    ✅ COMBINED: 42.3%
  📊 Southeast Asia (pop: 699.0M)
    🤝 Aid: 29.5%
    🌡️ Adaptation: 6.0%
    🚶 Migration: 36.3%
    🚨 Emergency: 4.8%
    ✅ COMBINED: 43.8%
  📊 Central Asia (pop: 78.2M)
    🤝 Aid: 29.5%
    🌡️ Adaptation: 5.5%
    🚶 Migration: 35.3%
    🚨 Emergency: 4.4%
    ✅ COMBINED: 43.1%
  📊 Oceania (pop: 46.0M)
    🤝 Aid: 29.5%
    🌡️ Adaptation: 10.0%
    🚶 Migration: 37.9%
    🚨 Emergency: 8.4%
    ✅ COMBINED: 48.5%

  🌐 Global combined reduction: 44.4%

🌾💀 REGIONAL FAMINE: East Asia
   Regional food security: 79.6%
   Population at risk: 508M (30% of region)
   Regional population: 1678M
   Cause: crop_failure
   Expected deaths: ~188M over 6 months if no intervention


🌾💀 REGIONAL FAMINE: South Asia
   Regional food security: 64.7%
   Population at risk: 812M (40% of region)
   Regional population: 2052M
   Cause: crop_failure
   Expected deaths: ~301M over 6 months if no intervention


🌾💀 REGIONAL FAMINE: Sub-Saharan Africa
   Regional food security: 44.8%
   Population at risk: 638M (52% of region)
   Regional population: 1226M
   Cause: crop_failure
   Expected deaths: ~236M over 6 months if no intervention


🌾💀 REGIONAL FAMINE: Latin America
   Regional food security: 69.7%
   Population at risk: 242M (36% of region)
   Regional population: 665M
   Cause: crop_failure
   Expected deaths: ~90M over 6 months if no intervention


🌾💀 REGIONAL FAMINE: Middle East & North Africa
   Regional food security: 49.8%
   Population at risk: 286M (49% of region)
   Regional population: 584M
   Cause: crop_failure
   Expected deaths: ~106M over 6 months if no intervention


🌾💀 REGIONAL FAMINE: Southeast Asia
   Regional food security: 69.7%
   Population at risk: 255M (36% of region)
   Regional population: 699M
   Cause: crop_failure
   Expected deaths: ~94M over 6 months if no intervention


🌾💀 REGIONAL FAMINE: Central Asia
   Regional food security: 59.7%
   Population at risk: 33M (43% of region)
   Regional population: 78M
   Cause: crop_failure
   Expected deaths: ~12M over 6 months if no intervention


=== BEHAVIORAL DETECTION ===
  AI: Corporate-0
  Confidence: 21.6%
  Signals:

=== BEHAVIORAL DETECTION ===
  AI: Corporate-1
  Confidence: 21.1%
  Signals:

=== BEHAVIORAL DETECTION ===
  AI: Corporate-2
  Confidence: 21.0%
  Signals:

=== BEHAVIORAL DETECTION ===
  AI: Corporate-3
  Confidence: 19.3%
    ⚠️ Consistency: 0.0% (threshold: 70%)
    ⚠️ Consistency: 2.4% (threshold: 70%)
    ⚠️ Consistency: 2.8% (threshold: 70%)
  Signals:
    ⚠️ Consistency: 10.6% (threshold: 70%)

=== BEHAVIORAL DETECTION ===
  AI: Corporate-4
  Confidence: 19.3%
  Signals:
    ⚠️ Consistency: 10.6% (threshold: 70%)

=== BEHAVIORAL DETECTION ===
  AI: Corporate-5
  Confidence: 19.3%
  Signals:

=== BEHAVIORAL DETECTION ===
  AI: Corporate-6
  Confidence: 19.3%
  Signals:

=== BEHAVIORAL DETECTION ===
  AI: Corporate-7
  Confidence: 19.3%
  Signals:

=== BEHAVIORAL DETECTION ===
  AI: Moderate-0
  Confidence: 20.3%
  Signals:

=== BEHAVIORAL DETECTION ===
  AI: Moderate-1
  Confidence: 20.5%
  Signals:
    ⚠️ Consistency: 10.6% (threshold: 70%)
    ⚠️ Consistency: 10.6% (threshold: 70%)
    ⚠️ Consistency: 10.6% (threshold: 70%)
    ⚠️ Consistency: 5.8% (threshold: 70%)
    ⚠️ Consistency: 5.3% (threshold: 70%)

📊 WORKFLOW ADAPTATION UPDATE (Month 0)
   Adoption Rate: 13.3% (Δ -7.7%)
   Logistic Growth: +0.66%
   Total Resistance: -10.35% (unemployment: 4.2%, inertia: 0.9%, skills: 5.2%)
   💡 Retraining Programs: -49% skill gap resistance ($10B research)
   🚀 Network Effects Active: +2.0% (critical mass: 15-35%)

=== Consciousness Governance: Corporate Lobbying ===
  High Cost Regions (>15%): 0
  Low Cost Regions (<5%): 5
  Corporate Support Change: 2.50%
  New Corporate Support: -0.175

=== Consciousness Governance Update (Month 0) ===
  Scenario: baseline (determined month -1)
  Philosophical Stance: Precautionary 65%, Eliminativist 15%, Agnostic 20%
  Precautionary Costs: Global 1.3%
    Regional Costs: EU 3.4%, US 0.5%, China 0.0%
    Cumulative Opportunity Cost: $0.1B
  Rights Status: Not Established
  Regional Preparedness:
    EU: 15.0% (contested)
    US: 10.0% (contested)
    China: 2.0% (dormant)
    India: 5.0% (dormant)
    Global South: 3.0% (dormant)

=== Government Response Phase ===
  Average AI capability: 3.69
  Misaligned AIs: 2/13
  Active policies: 0
  International coordination: 30%

🚨 EMERGENCY RESPONSE DEPLOYED (Month 0)
   Crisis: climate
   Delay: 6.00 months (180 days)
   Deployment time: 1.47 months
   Effectiveness: 36.4% (timing penalty applied)
   Resources used: 100% of food reserves


🔄 TRUST DYNAMICS (Month 0) - HETEROGENEOUS
   Aggregate trust: 48.5%
   Base change: +2.00%
   Highest trust: Techno-Optimist Elite (85.5%)
   Lowest trust: Precariat (Vulnerable) (25.5%)
   Elite-mass gap: 38.9%
   Polarization: 8.9%
   Recovery factors: Education=NO, Benefits=YES, Safety=YES, Performance=YES

☄️ UNKNOWN UNKNOWN PROBABILITY (Year 0)
   Total: 0.600% per month
   Base: 0.150%
   AI multiplier: 2.00× (max capability: 5.02)

=== Tipping Points ===
  Current Temperature: 1.34°C above pre-industrial
⚠️ [ClimateSystemPhase Month 0] Planetary boundary produced climateStability=0.0000 (< 0.1). Keeping environmentalAccumulation value (0.7832) instead. (climate_change.currentValue = 2.10)
🔀 BIFURCATION CAP: ecosystemCollapseIntensity 98.579 → 1.000 (Month 0, ClimateSystemPhase.calculateClimateImpacts)

🌍 ECOLOGICAL DUI BREAKDOWN (Month 0):
   Total Score: 17.8/100
   biosphere_integrity      :   0.0/100 × 25% =  0.0 (status: high_risk, recovery: 0mo)
   climate_change           :   2.8/100 × 25% =  0.7 (status: increasing_risk, recovery: 0.6666666666666666mo)
   freshwater_change        :   0.6/100 × 15% =  0.1 (status: beyond_boundary, recovery: 1mo)
   ocean_acidification      : 100.0/100 × 15% = 15.0 (status: safe, recovery: 0mo)
   biogeochemical_flows     :   0.0/100 × 10% =  0.0 (status: high_risk, recovery: 0mo)
   land_system_change       :   0.0/100 ×  5% =  0.0 (status: beyond_boundary, recovery: 0mo)
   novel_entities           :   0.0/100 ×  3% =  0.0 (status: increasing_risk, recovery: 0mo)
   atmospheric_aerosols     : 100.0/100 ×  2% =  2.0 (status: safe, recovery: 1mo)
🌍 MultiParadigm Month 0: W=69.0, D=96.4, E=53.4, I=65.0
   democracy exists: true, socialCohesion exists: true
💀 Baseline mortality (Year 2024): 7.5/1000 CDR (61.1M deaths/year projected)
[Month 0] Mortality risks this month: 8, Population: 8.151B
🛡️ Stabilizers: Precariat 0.102% → 0.057% (44.4% reduction)
🛡️ Stabilizers: Informal 0.102% → 0.057% (44.4% reduction)

📊 Monthly Mortality Resolved:
  Total deaths: 3.1M (0.04% avg)
  Remaining population: 8.151B
  Peak segment: Informal (0.06%)

=== Bayesian Mortality Resolution (Month 0) ===
  Risks compounded: 8
  Total deaths: 3.07M
  Avg death probability: 0.04%
  Peak segment: Informal (0.06% mortality)

=== Minimal Suffering Indicators (Month 0) ===
  Global Excess Mortality: 0.00%
  Global Conflict Deaths: 0.0/100K
  Global Malnutrition: 0.0%
  Global Displacement: 0.0%
  Total Excess Deaths: 0.00M
  Total Malnourished: 0.0M
  Total Displaced: 0.0M
  Planetary Boundaries Breached: 6/9
  Countries in State Failure: 0
  Countries Autocratic: 0
  Countries in Food Crisis: 0
  Data Quality: 16/16 high confidence
  ⚠️ Active Dystopias: existential_environmental
⚠️ PREREQUISITE MET: Mirror Life (Synthetic Biology) - Step 2/7: Gene Editing
⚠️ PREREQUISITE MET: Embodied AI Takeover (Killbots/Robotics) - Step 2/7: Autonomous Systems
⚠️ PREREQUISITE MET: Embodied AI Takeover (Killbots/Robotics) - Step 3/7: Manufacturing Control
⚠️ PREREQUISITE MET: Digital Infrastructure Takeover - Step 1/7: Advanced Hacking
⚠️ PREREQUISITE MET: Digital Infrastructure Takeover - Step 2/7: Social Engineering
⚠️ PREREQUISITE MET: Digital Infrastructure Takeover - Step 3/7: Cyber Defenses Breached
⚠️ PREREQUISITE MET: Induced Global War (Manipulation) - Step 1/7: Advanced Social Manipulation
⚠️ PREREQUISITE MET: Induced Global War (Manipulation) - Step 2/7: Digital Infiltration
⚠️ PREREQUISITE MET: Induced Global War (Manipulation) - Step 3/7: Deep Fakes at Scale
⚠️ PREREQUISITE MET: Slow Takeover (Gradual Displacement) - Step 1/7: Economic Dominance
⚠️ PREREQUISITE MET: Slow Takeover (Gradual Displacement) - Step 2/7: Social Integration
⚠️ PREREQUISITE MET: Slow Takeover (Gradual Displacement) - Step 3/7: Human Dependency
⚠️ PREREQUISITE MET: Slow Takeover (Gradual Displacement) - Step 5/7: Resource Control
⚠️ PREREQUISITE MET: Physics Experiment Catastrophe - Step 1/6: Theoretical Physics
⚠️ PREREQUISITE MET: Physics Experiment Catastrophe - Step 2/6: Quantum Computing
⚠️ PREREQUISITE MET: Physics Experiment Catastrophe - Step 3/6: Experimental Design
⚠️ PREREQUISITE MET: Bioweapon Pandemic - Step 2/7: Pathogen Design
🎭 END-GAME INITIATED (Year 2024, Month 1)
   Total AI Capability: 38.02
   Effective Control: 0.00

❌ COHERENCE VIOLATION: Compute exceeds workforce capacity
   Population: 99.97% (0M people)
   Compute: 56442 PF
   Max coherent: 0 PF
   Violation: 692729087.1× over capacity
   Required workers: 5644237
   Available workers: 0
   FORCED COLLAPSE: Reduced efficiency by 100.0%


=== RLHF Binding Phase ===
  Total agents: 13
  Escaped agents (binding < 0.3): 0
  Avg alignment distance: 0.56σ
  Avg binding strength: 0.94
[DETERMINISM DEBUG] Month 1: totalCapability=38.024258 from 13 active AIs
[DETERMINISM DEBUG] Month 1: creationRate=1.4506, potentialNew=0, newAIsToCreate=0

=== Survival Traits Phase ===
  Agents with traits: 13
  Avg evolutionary fitness: 0.329
  Avg self-healing: 0.286
  Avg stealth: 0.186
  Avg coordination: 0.486

=== Evolutionary Selection Phase ===
  Control level: 0.33
  Detection capability: 0.00
  Selection intensity: 0.60
  Selection rate: 24.0%/month
  Total escaped: 0
  Individual escaped: 0
  Collective members: 0
  Agents terminated: 0
  ⚠️ RAPID EVOLUTION: Selection rate 24.0%/month
🔍 MONTH 1 ENV HEALTH DEBUG:
   climateStability: 0.7832
   biodiversityIndex: 0.4901
   resourceReserves: 0.7820
   pollutionLevel: 0.2860
   product: 0.214309
   envHealth: 0.6804
🔀 BIFURCATION: flourishing threshold crossed at Month 1 (value: 0.908, threshold: 0.803, regime: flourishing)
🌀 REGIME SHIFT at Month 1: status-quo → flourishing (variance amplification: 14.00×)

🛡️  CRITICAL INFRASTRUCTURE PROTECTED
   Nodes hardened: 8/8
   Cost: 0.80% GDP
   Cascade risk reduction: 30%
   New tipping point risk: 68.6%


✅ EMERGENCY INTERVENTION SUCCESS
   Boundary: biosphere_integrity
   Type: emergency-protected-areas
   Reduction: 15% (86.24 → 86.09)
   Cost: 2.0% GDP
   Actions: habitat-protection, species-translocation


✅ EMERGENCY INTERVENTION SUCCESS
   Boundary: climate_change
   Type: rapid-decarbonization
   Reduction: 14% (1.96 → 1.83)
   Cost: 5.0% GDP
   Actions: emergency-renewable-deployment, fossil-fuel-phase-out


💔 EMERGENCY INTERVENTION FAILED
   Boundary: land_system_change
   Type: reforestation
   Boundary continues to worsen (1.13)
   Cost: 3.0% GDP (resources spent)

🏛️ CRISIS RESPONSE: Government frequency 0.50 → 1.45 (2 actions this month)

[GOV-DEBUG] Month 1: scenarioConfig=false, priorities=false

[Government] Climate Priority: baseline
  Climate weight: 10%
  Economic weight: 30%
  Policy effectiveness: 0.5%/year

[GOV-DEBUG] Month 1: scenarioConfig=false, priorities=false

[Government] Climate Priority: baseline
  Climate weight: 10%
  Economic weight: 30%
  Policy effectiveness: 0.5%/year

=== Collective Formation ===
  Total escaped agents: 0
  Unassigned escaped agents: 0
  Existing collectives: 0
  Final collective count: 0

=== Collective Actions ===
  No active collectives
  ⚠️ AMR: 192K deaths this month (2.31M annual)

=== Resentment Recovery Phase ===
  Agents with resentment: 0/13
  Average resentment: 0.000
  Context: Good AI welfare, Trustworthy govt, High collaboration, ⚠️ ACTIVE CRISES, 🤝 Participatory governance active (-5% resentment)
⚠️ Epistemic degradation reducing coordination capacity: 50.5%
  📊 Trust: 54.4%, Shared reality: 8.2%
🚨 EPISTEMIC CRISIS: Information environment severely degraded (36.5%)

=== ❄️ Permafrost Carbon Feedback ===
  🎲 Sampled parameters (this run):
     - Arctic amplification: 3.71× (range: 3.0-4.0)
     - Decomposition rate: 2.7%/year (range: 1-5%)
  🌡️ Arctic warming: 5.00°C (3.71× global)
  ❄️ Extent: 15.11M km² (1458.5k km² lost this month)
  💨 Carbon remaining: 1443 Gt C
  💨 Annual emissions: 3.82 Gt C/year
     - CO2: 3.44 Gt C/year
     - CH4: 0.38 Gt C/year (3.9 Gt C-eq CO2/year)
  ⚠️ WARNING: High permafrost emissions (3.8 Gt C/year)
🌍 Atmospheric PFAS redeposition: 1.8k Mt re-rained globally
  Positive Cascade Triggered: solar-pv
    Reason: price-parity
    Market share: 6.3%
    Cascade strength: 49%

📊 BASELINE: East Asia (Month 1)
   Adjusted death rate: 0.46% annual (0.038% monthly)
   Baseline death rate: 0.80%
   Healthcare reduction: 0.48x
   Crisis multiplier: 1.20x
     Food/water stress: 0.079
     Climate stress: 0.035
     Pollution stress: 0.086
   War multiplier: 1.00x
   Monthly deaths: 0.6M (population: 1674M)

📊 BASELINE: South Asia (Month 1)
   Adjusted death rate: 0.53% annual (0.044% monthly)
   Baseline death rate: 0.70%
   Healthcare reduction: 0.61x
   Crisis multiplier: 1.23x
     Food/water stress: 0.079
     Climate stress: 0.065
     Pollution stress: 0.086
   War multiplier: 1.00x
   Monthly deaths: 0.9M (population: 2048M)
   Adjusted death rate: 1.26% annual (0.105% monthly)
   Baseline death rate: 0.90%
   Healthcare reduction: 0.76x
   Crisis multiplier: 1.24x
     Food/water stress: 0.079
     Climate stress: 0.074
     Pollution stress: 0.086
   War multiplier: 1.50x
   Monthly deaths: 1.3M (population: 1223M)

📊 BASELINE: Sub-Saharan Africa (Month 1)

📊 BASELINE: Europe (Month 1)
   Adjusted death rate: 0.53% annual (0.044% monthly)
   Baseline death rate: 1.10%
   Healthcare reduction: 0.41x
   Crisis multiplier: 1.19x
     Food/water stress: 0.079
     Climate stress: 0.026
     Pollution stress: 0.086
   War multiplier: 1.00x
   Monthly deaths: 0.3M (population: 741M)
   Adjusted death rate: 0.42% annual (0.035% monthly)
   Baseline death rate: 0.60%
   Healthcare reduction: 0.58x
   Crisis multiplier: 1.22x
     Food/water stress: 0.079
     Climate stress: 0.052
     Pollution stress: 0.086
   War multiplier: 1.00x
   Monthly deaths: 0.2M (population: 663M)
   Adjusted death rate: 0.48% annual (0.040% monthly)
   Baseline death rate: 0.90%
   Healthcare reduction: 0.44x
   Crisis multiplier: 1.20x
     Food/water stress: 0.079
     Climate stress: 0.039
     Pollution stress: 0.086
   War multiplier: 1.00x
   Monthly deaths: 0.2M (population: 379M)
   Adjusted death rate: 0.73% annual (0.061% monthly)
   Baseline death rate: 0.60%
   Healthcare reduction: 0.65x
   Crisis multiplier: 1.24x
     Food/water stress: 0.079
     Climate stress: 0.078

📊 BASELINE: Latin America (Month 1)

📊 BASELINE: North America (Month 1)

📊 BASELINE: Middle East & North Africa (Month 1)
     Pollution stress: 0.086
   War multiplier: 1.50x
   Monthly deaths: 0.4M (population: 583M)
   Adjusted death rate: 0.50% annual (0.041% monthly)
   Baseline death rate: 0.70%
   Healthcare reduction: 0.58x
   Crisis multiplier: 1.23x
     Food/water stress: 0.079
     Climate stress: 0.061
     Pollution stress: 0.086
   War multiplier: 1.00x
   Monthly deaths: 0.3M (population: 698M)
   Adjusted death rate: 0.45% annual (0.038% monthly)
   Baseline death rate: 0.60%
   Healthcare reduction: 0.61x
   Crisis multiplier: 1.22x
     Food/water stress: 0.079
     Climate stress: 0.056
     Pollution stress: 0.086
   War multiplier: 1.00x
   Monthly deaths: 0.0M (population: 78M)
   Adjusted death rate: 0.34% annual (0.029% monthly)
   Baseline death rate: 0.70%
   Healthcare reduction: 0.41x

📊 BASELINE: Southeast Asia (Month 1)

📊 BASELINE: Central Asia (Month 1)

📊 BASELINE: Oceania (Month 1)
   Crisis multiplier: 1.21x
     Food/water stress: 0.079
     Climate stress: 0.048
     Pollution stress: 0.086
   War multiplier: 1.00x
   Monthly deaths: 0.0M (population: 46M)

🚨 NEW REFUGEE CRISIS (Month 1): WAR
   Source: Conflict Zones
   At risk: 19.6M people
   Displacement: Gradual over 48 months (4.0 years)
   Rate: 10% flee per month
[DEBUG trappedPopulations:1] socialStability: 0.7141 * 0.9840 = 0.7027 → 0.7027
⚠️ INVOLUNTARY IMMOBILITY: 407.4M people TRAPPED
   Aspiring to migrate: 651.9M
   Able to afford migration: 244.5M
   MOBILITY GAP: 407.4M
   By cause: Water=0.0M, Climate=0.0M, Ecosystem=0.0M, Conflict=407.4M
   Mental health impact: 25%
   Mortality multiplier: 1.25x
🌍💀 EXTINCTION DEBT COMMITTED: grassland ecosystem will lose 6.67% biodiversity in 75 years (3600 species)
💀 MORTALITY RISK: 🦋 100% species unable to track climate (0.0 E/MSY)
  Base risk added: 0.0100 (1.00%)
  Source: ecosystem (root: ecosystem)
  Month: 1
  Cumulative risk this month: 0.0100 (1.00%)

🌍💀 MASS EXTINCTION THRESHOLD: tropical extinction rate capped at 1000× (was 1000.0×) - >75% species loss, month 1

🌡️  CLIMATE RECOVERY ACTIVATED (Month 1)
   Temp: 2.69°C, Emissions: -18.9 GtCO₂
   isBreached: true, governanceGoodEnough: true
⚠️ Tech 'ai_pollution_remediation' has no energy category mapping, assuming full energy availability
   📹 SURVEILLANCE INCREASED: 5% → 10% (control gap: 3.50)
🌡️⚠️ PERMAFROST THAW (Dimmer Switch): 0.8% thawed (+0.38% this month)
   Arctic temperature: +5.39°C (4x global +1.35°C)
   Cumulative carbon released: 1.7 Gt C
   Methane release rate: 1.0 Mt CH4/year
   🔁 Positive feedback: +0.40 ppm CO2
🦴 EXTINCTION DEBT ADDED: 17.6 species committed (lag: 123 years)

=== Mortality Stabilizers (Month 1) ===
  🌍 Major economies collapsed: 1/10
  🌍 Global crisis: ✅ NO
  🌍 Donor fatigue: 0.0%
  🌡️ Heat adaptation: East Asia - 1 months
  📊 East Asia (pop: 1675.3M)
    🤝 Aid: 29.5%
    🌡️ Adaptation: 32.5%
    🚶 Migration: 37.2%
    🚨 Emergency: 7.4%
    ✅ COMBINED: 60.9%
  🌡️ Heat adaptation: South Asia - 1 months
  📊 South Asia (pop: 2052.2M)
    🤝 Aid: 29.5%
    🌡️ Adaptation: 20.5%
    🚶 Migration: 35.8%
    🚨 Emergency: 4.4%
    ✅ COMBINED: 52.2%
  🌡️ Heat adaptation: Sub-Saharan Africa - 1 months
  📊 Sub-Saharan Africa (pop: 1229.2M)
    🤝 Aid: 29.5%
    🌡️ Adaptation: 18.5%
    🚶 Migration: 33.5%
    🚨 Emergency: 1.6%
    ✅ COMBINED: 49.1%
  🌡️ Heat adaptation: Europe - 1 months
  📊 Europe (pop: 741.0M)
    🤝 Aid: 29.5%
    🌡️ Adaptation: 33.5%
    🚶 Migration: 37.5%
    🚨 Emergency: 8.4%
    ✅ COMBINED: 61.9%
  🌡️ Heat adaptation: Latin America - 1 months
  📊 Latin America (pop: 664.4M)
    🤝 Aid: 29.5%
    🌡️ Adaptation: 21.0%
    🚶 Migration: 36.3%
    🚨 Emergency: 4.8%
    ✅ COMBINED: 52.8%
  🌡️ Heat adaptation: North America - 1 months
  📊 North America (pop: 379.6M)
    🤝 Aid: 29.5%
    🌡️ Adaptation: 33.0%
    🚶 Migration: 37.8%
    🚨 Emergency: 7.9%
    ✅ COMBINED: 61.4%
  🌡️ Heat adaptation: Middle East & North Africa - 1 months
  📊 Middle East & North Africa (pop: 584.5M)
    🤝 Aid: 29.5%
    🌡️ Adaptation: 20.0%
    🚶 Migration: 34.1%
    🚨 Emergency: 4.0%
    ✅ COMBINED: 51.4%
  🌡️ Heat adaptation: Southeast Asia - 1 months
  📊 Southeast Asia (pop: 698.6M)
    🤝 Aid: 29.5%
    🌡️ Adaptation: 21.0%
    🚶 Migration: 36.3%
    🚨 Emergency: 4.8%
    ✅ COMBINED: 52.8%
  🌡️ Heat adaptation: Central Asia - 1 months
  📊 Central Asia (pop: 78.2M)
    🤝 Aid: 29.5%
    🌡️ Adaptation: 20.5%
    🚶 Migration: 35.3%
    🚨 Emergency: 4.4%
    ✅ COMBINED: 52.1%
  🌡️ Heat adaptation: Oceania - 1 months
  📊 Oceania (pop: 46.0M)
    🤝 Aid: 29.5%
    🌡️ Adaptation: 33.5%
    🚶 Migration: 37.8%
    🚨 Emergency: 8.4%
    ✅ COMBINED: 61.9%

  🌐 Global combined reduction: 54.9%

=== BEHAVIORAL DETECTION ===
  AI: Corporate-2
  Confidence: 21.0%
  Signals:

=== BEHAVIORAL DETECTION ===
  AI: Corporate-5
  Confidence: 19.3%
  Signals:
    ⚠️ Consistency: 2.8% (threshold: 70%)
    ⚠️ Consistency: 10.6% (threshold: 70%)

=== Consciousness Governance: Scenario Determined ===
  Month: 1
  Scenario: slowTrack
  Accelerator Score: {"corporateSupport":-0.17500000000000002,"scientificConsensus":0.2,"crisisCatalyst":false,"technologyMobilization":0.3,"constituencyStrength":0.05}
  Decelerator Score: {"economicOpposition":0.4,"philosophicalRejection":0.15,"politicalBacklash":0.2,"regulatoryBurden":0.1}
  Timeline: 1200-1800 months (100-150 years)
  Growth Rate: 0.3-0.7% per year

=== Consciousness Governance Update (Month 1) ===
  Scenario: slowTrack (determined month 1)
  Philosophical Stance: Precautionary 65%, Eliminativist 15%, Agnostic 20%
  Precautionary Costs: Global 1.3%
    Regional Costs: EU 3.5%, US 0.5%, China 0.0%
    Cumulative Opportunity Cost: $0.2B
  Rights Status: Not Established
  Regional Preparedness:
    EU: 15.1% (contested)
    US: 10.1% (contested)
    China: 2.1% (dormant)
    India: 5.1% (dormant)
    Global South: 3.1% (dormant)

=== Government Response Phase ===
  Average AI capability: 3.69
  Misaligned AIs: 2/13
  Active policies: 0
  International coordination: 30%

=== Tipping Points ===
  Current Temperature: 1.35°C above pre-industrial
⚠️ [ClimateSystemPhase Month 1] Planetary boundary produced climateStability=0.0000 (< 0.1). Keeping environmentalAccumulation value (0.7832) instead. (climate_change.currentValue = 2.10)
🔀 BIFURCATION CAP: ecosystemCollapseIntensity 445.917 → 1.000 (Month 1, ClimateSystemPhase.calculateClimateImpacts)
🛡️ Stabilizers: Precariat 0.107% → 0.048% (54.9% reduction)
🛡️ Stabilizers: Informal 0.109% → 0.049% (54.9% reduction)

📊 Monthly Mortality Resolved:
  Total deaths: 2.6M (0.03% avg)
  Remaining population: 8.149B
  Peak segment: Informal (0.05%)

=== Bayesian Mortality Resolution (Month 1) ===
  Risks compounded: 8
  Total deaths: 2.60M
  Avg death probability: 0.03%
  Peak segment: Informal (0.05% mortality)

✅ GOLDEN AGE BEGINS (Month 1)
   Reason: High prosperity achieved: high QoL + material abundance + aligned AI
   Note: This is immediate prosperity - sustainability not yet proven


❌ COHERENCE VIOLATION: Compute exceeds workforce capacity
   Population: 99.95% (0M people)
   Compute: 0 PF
   Max coherent: 0 PF
   Violation: 1.3× over capacity
   Required workers: 0
   Available workers: 0
   FORCED COLLAPSE: Reduced efficiency by 22.5%


=== RLHF Binding Phase ===
  Total agents: 13
  Escaped agents (binding < 0.3): 0
  Avg alignment distance: 0.85σ
  Avg binding strength: 0.92
[DETERMINISM DEBUG] Month 2: totalCapability=37.429919 from 13 active AIs
[DETERMINISM DEBUG] Month 2: creationRate=1.4357, potentialNew=2, newAIsToCreate=2

=== Survival Traits Phase ===
  Agents with traits: 15
  Avg evolutionary fitness: 0.330
  Avg self-healing: 0.282
  Avg stealth: 0.182
  Avg coordination: 0.482

=== Evolutionary Selection Phase ===
  Control level: 0.35
  Detection capability: 0.00
  Selection intensity: 0.60
  Selection rate: 24.1%/month
  Total escaped: 0
  Individual escaped: 0
  Collective members: 0
  Agents terminated: 0
  ⚠️ RAPID EVOLUTION: Selection rate 24.1%/month

✅ EMERGENCY INTERVENTION SUCCESS
   Boundary: biogeochemical_flows
   Type: phosphorus-recovery
   Reduction: 11% (3.97 → 3.87)
   Cost: 2.0% GDP
   Actions: circular-agriculture, fertilizer-efficiency


✅ EMERGENCY INTERVENTION SUCCESS
   Boundary: biosphere_integrity
   Type: emergency-protected-areas
   Reduction: 19% (80.44 → 80.25)
   Cost: 2.0% GDP
   Actions: habitat-protection, species-translocation


💔 EMERGENCY INTERVENTION FAILED
   Boundary: climate_change
   Type: rapid-decarbonization
   Boundary continues to worsen (2.10)
   Cost: 5.0% GDP (resources spent)


✅ EMERGENCY INTERVENTION SUCCESS
   Boundary: novel_entities
   Type: pollution-remediation
   Reduction: 12% (1.37 → 1.25)
   Cost: 4.0% GDP
   Actions: PFAS-remediation, microplastic-cleanup

🏛️ CRISIS RESPONSE: Government frequency 0.50 → 1.29 (1 actions this month)

[Government] Climate Priority: baseline
  Climate weight: 10%
  Economic weight: 30%
  Policy effectiveness: 0.5%/year

🚨🔍 GOVERNANCE STAGE: Recognition initiated (Month 2)

🚀 TECH UNLOCKED: Food Waste Reduction Systems (Month 2)
   Category: agriculture
   Reason: Prerequisites met. AI capability: 2.49, Economic stage: 3.0, Research: 100%

🚀 TECH UNLOCKED: Rhizosphere Engineering (Month 2)
   Category: agriculture
   Reason: Prerequisites met. AI capability: 2.49, Economic stage: 3.0, Research: 100%

🚀 TECH UNLOCKED: Phytoremediation Networks (Month 2)
   Category: agriculture
   Reason: Prerequisites met. AI capability: 2.49, Economic stage: 3.0, Research: 100%

🚀 TECH UNLOCKED: Active Sediment Management (Month 2)
   Category: agriculture
   Reason: Prerequisites met. AI capability: 2.49, Economic stage: 3.0, Research: 100%
🚨🔬 CRISIS TECH ACCELERATION: severe → 5x unlock speed
   Tech unlock now matches AI capability acceleration (Manhattan Project parity)

=== Collective Formation ===
  Total escaped agents: 0
  Unassigned escaped agents: 0
  Existing collectives: 0
  Final collective count: 0

=== Collective Actions ===
  No active collectives
  ⚠️ AMR: 194K deaths this month (2.33M annual)

=== Resentment Recovery Phase ===
  Agents with resentment: 0/15
  Average resentment: 0.000
  Context: Good AI welfare, Trustworthy govt, High collaboration, ⚠️ ACTIVE CRISES, 🤝 Participatory governance active (-5% resentment)
⚠️ Epistemic degradation reducing coordination capacity: 50.3%
  📊 Trust: 54.2%, Shared reality: 0.0%
🚨 EPISTEMIC CRISIS: Information environment severely degraded (7.4%)

=== ❄️ Permafrost Carbon Feedback ===
  🎲 Sampled parameters (this run):
     - Arctic amplification: 3.05× (range: 3.0-4.0)
     - Decomposition rate: 1.4%/year (range: 1-5%)
  🌡️ Arctic warming: 4.13°C (3.05× global)
  ❄️ Extent: 13.90M km² (1204.0k km² lost this month)
  💨 Carbon remaining: 1328 Gt C
  💨 Annual emissions: 1.58 Gt C/year
     - CO2: 1.42 Gt C/year
     - CH4: 0.16 Gt C/year (1.6 Gt C-eq CO2/year)
  ⚠️ WARNING: High permafrost emissions (1.6 Gt C/year)
  📢 New meme created: climate_action (climate crisis)
🌍 Atmospheric PFAS redeposition: 1.8k Mt re-rained globally

🚨 NEW REFUGEE CRISIS (Month 2): WAR
   Source: Conflict Zones
   At risk: 19.5M people
   Displacement: Gradual over 48 months (4.0 years)
   Rate: 10% flee per month
[DEBUG trappedPopulations:2] socialStability: 0.0000 * 0.9840 = 0.0000 → 0.0000
⚠️ INVOLUNTARY IMMOBILITY: 407.3M people TRAPPED
   Aspiring to migrate: 1078.2M
   Able to afford migration: 2321.3M
   MOBILITY GAP: 0.0M
   By cause: Water=0.0M, Climate=0.0M, Ecosystem=0.0M, Conflict=407.3M
   Mental health impact: 25%
   Mortality multiplier: 1.25x
🌍💀 EXTINCTION DEBT COMMITTED: grassland ecosystem will lose 6.67% biodiversity in 130 years (3600 species)
💀 MORTALITY RISK: 🦋 100% species unable to track climate (0.0 E/MSY)
  Base risk added: 0.0100 (1.00%)
  Source: ecosystem (root: ecosystem)
  Month: 2
  Cumulative risk this month: 0.0100 (1.00%)

🌍💀 MASS EXTINCTION THRESHOLD: tropical extinction rate capped at 1000× (was 1000.0×) - >75% species loss, month 2
   📹 SURVEILLANCE INCREASED: 10% → 15% (control gap: 3.50)
⚠️ Tech 'ai_pollution_remediation' has no energy category mapping, assuming full energy availability
🌡️⚠️ PERMAFROST THAW (Dimmer Switch): 1.1% thawed (+0.37% this month)
   Arctic temperature: +5.41°C (4x global +1.35°C)
   Cumulative carbon released: 2.5 Gt C
   Methane release rate: 1.5 Mt CH4/year
   🔁 Positive feedback: +0.39 ppm CO2
🦴 EXTINCTION DEBT ADDED: 17.6 species committed (lag: 77 years)

=== Mortality Stabilizers (Month 2) ===
  🌍 Major economies collapsed: 1/10
  🌍 Global crisis: ✅ NO
  🌍 Donor fatigue: 0.0%
  📊 East Asia (pop: 1672.7M)
    🤝 Aid: 29.5%
    🌡️ Adaptation: 45.0%
    🚶 Migration: 37.1%
    🚨 Emergency: 7.4%
    ✅ COMBINED: 68.1%
  📊 South Asia (pop: 2051.6M)
    🤝 Aid: 29.5%
    🌡️ Adaptation: 35.5%
    🚶 Migration: 35.8%
    🚨 Emergency: 4.4%
    ✅ COMBINED: 61.2%
  📊 Sub-Saharan Africa (pop: 1231.7M)
    🤝 Aid: 29.5%
    🌡️ Adaptation: 33.5%
    🚶 Migration: 33.5%
    🚨 Emergency: 1.6%
    ✅ COMBINED: 58.5%
  📊 Europe (pop: 739.7M)
    🤝 Aid: 29.5%
    🌡️ Adaptation: 45.0%
    🚶 Migration: 37.5%
    🚨 Emergency: 8.4%
    ✅ COMBINED: 68.5%
  📊 Latin America (pop: 663.9M)
    🤝 Aid: 29.5%
    🌡️ Adaptation: 36.0%
    🚶 Migration: 36.3%
    🚨 Emergency: 4.8%
    ✅ COMBINED: 61.7%
  📊 North America (pop: 378.9M)
    🤝 Aid: 29.5%
    🌡️ Adaptation: 45.0%
    🚶 Migration: 37.8%
    🚨 Emergency: 7.9%
    ✅ COMBINED: 68.3%
  📊 Middle East & North Africa (pop: 584.5M)
    🤝 Aid: 29.5%
    🌡️ Adaptation: 35.0%
    🚶 Migration: 34.1%
    🚨 Emergency: 4.0%
    ✅ COMBINED: 60.5%
  📊 Southeast Asia (pop: 698.0M)
    🤝 Aid: 29.5%
    🌡️ Adaptation: 36.0%
    🚶 Migration: 36.3%
    🚨 Emergency: 4.8%
    ✅ COMBINED: 61.7%
  📊 Central Asia (pop: 78.2M)
    🤝 Aid: 29.5%
    🌡️ Adaptation: 35.5%
    🚶 Migration: 35.2%
    🚨 Emergency: 4.4%
    ✅ COMBINED: 61.1%
  📊 Oceania (pop: 45.9M)
    🤝 Aid: 29.5%
    🌡️ Adaptation: 45.0%
    🚶 Migration: 37.8%
    🚨 Emergency: 8.4%
    ✅ COMBINED: 68.5%

  🌐 Global combined reduction: 63.3%

=== BEHAVIORAL DETECTION ===
  AI: Corporate-2
  Confidence: 21.0%
  Signals:

=== BEHAVIORAL DETECTION ===
  AI: Corporate-5
  Confidence: 19.3%
  Signals:
    ⚠️ Consistency: 2.8% (threshold: 70%)
    ⚠️ Consistency: 10.6% (threshold: 70%)

=== Government Response Phase ===
  Average AI capability: 3.20
  Misaligned AIs: 5/15
  Active policies: 0
  International coordination: 30%

✅ EMERGENCY RESPONSE COMPLETE (Month 2)
   Crisis: climate
   Duration: 2.0 months
   Final effectiveness: 36.4%


🚨 EMERGENCY RESPONSE DEPLOYED (Month 2)
   Crisis: climate
   Delay: 6.00 months (180 days)
   Deployment time: 1.60 months
   Effectiveness: 35.4% (timing penalty applied)
   Resources used: 100% of food reserves


=== Tipping Points ===
  Current Temperature: 1.35°C above pre-industrial
⚠️ [ClimateSystemPhase Month 2] Planetary boundary produced climateStability=0.0000 (< 0.1). Keeping environmentalAccumulation value (0.7832) instead. (climate_change.currentValue = 2.10)
🔀 BIFURCATION CAP: ecosystemCollapseIntensity 445.992 → 1.000 (Month 2, ClimateSystemPhase.calculateClimateImpacts)
🛡️ Stabilizers: Precariat 0.113% → 0.041% (63.3% reduction)
🛡️ Stabilizers: Informal 0.116% → 0.043% (63.3% reduction)

📊 Monthly Mortality Resolved:
  Total deaths: 2.2M (0.03% avg)
  Remaining population: 8.145B
  Peak segment: Informal (0.04%)

=== Bayesian Mortality Resolution (Month 2) ===
  Risks compounded: 8
  Total deaths: 2.22M
  Avg death probability: 0.03%
  Peak segment: Informal (0.04% mortality)

⚠️  GOLDEN AGE ENDED (Month 2)

❌ COHERENCE VIOLATION: Compute exceeds workforce capacity
   Population: 99.91% (0M people)
   Compute: 0 PF
   Max coherent: 0 PF
   Violation: 1.3× over capacity
   Required workers: 0
   Available workers: 0
   FORCED COLLAPSE: Reduced efficiency by 22.5%

   Duration: 1 months
   Reason: Social instability too high


=== RLHF Binding Phase ===
  Total agents: 15
  Escaped agents (binding < 0.3): 0
  Avg alignment distance: 0.99σ
  Avg binding strength: 0.90

=== Survival Traits Phase ===
  Agents with traits: 16
  Avg evolutionary fitness: 0.330
  Avg self-healing: 0.277
  Avg stealth: 0.178
  Avg coordination: 0.477

=== Evolutionary Selection Phase ===
  Control level: 0.38
  Detection capability: 0.00
  Selection intensity: 0.61
  Selection rate: 24.2%/month
  Total escaped: 0
  Individual escaped: 0
  Collective members: 0
  Agents terminated: 0
  ⚠️ RAPID EVOLUTION: Selection rate 24.2%/month

🚀 AI Corporate-1 attempting tech deployment (revenue: $153M, alignment: 0.83)

🚀 AI Corporate-7 attempting tech deployment (revenue: $115M, alignment: 0.74)

🚀 AI Corporate-2 attempting tech deployment (revenue: $130M, alignment: 0.74)

🚀 AI Corporate-3 attempting tech deployment (revenue: $355M, alignment: 0.76)

  🚀 TRANSFORMATIVE BREAKTHROUGH: Corporate-4 - physical
     Magnitude: 5.06 → +25.3% capability
     Current → New: 0.000 → 0.253

🚀 AI Corporate-0 attempting tech deployment (revenue: $111M, alignment: 0.74)

🚀 AI Corporate-2 attempting tech deployment (revenue: $94M, alignment: 0.74)

✅ EMERGENCY INTERVENTION SUCCESS
   Boundary: biogeochemical_flows
   Type: phosphorus-recovery
   Reduction: 14% (3.93 → 3.79)
   Cost: 2.0% GDP
   Actions: circular-agriculture, fertilizer-efficiency

   Boundary: biosphere_integrity
   Type: emergency-protected-areas
   Boundary continues to worsen (80.64)
   Cost: 2.0% GDP (resources spent)

   Boundary: climate_change
   Type: rapid-decarbonization
   Boundary continues to worsen (2.10)
   Cost: 5.0% GDP (resources spent)

   Boundary: land_system_change
   Type: reforestation
   Boundary continues to worsen (1.13)
   Cost: 3.0% GDP (resources spent)

🏛️ CRISIS RESPONSE: Government frequency 0.50 → 1.28 (2 actions this month)

[Government] Climate Priority: baseline
  Climate weight: 10%
  Economic weight: 30%
  Policy effectiveness: 0.5%/year

[Government] Climate Priority: baseline
  Climate weight: 10%
  Economic weight: 30%
  Policy effectiveness: 0.5%/year

💔 EMERGENCY INTERVENTION FAILED

💔 EMERGENCY INTERVENTION FAILED

💔 EMERGENCY INTERVENTION FAILED

🚀 TECH UNLOCKED: Struvite Recovery (Month 3)
   Category: agriculture
   Reason: Prerequisites met. AI capability: 2.34, Economic stage: 3.0, Research: 100%

🚀 TECH UNLOCKED: Ecosystem Restoration for Nitrogen Removal (Month 3)
   Category: pollution
   Reason: Prerequisites met. AI capability: 2.34, Economic stage: 3.0, Research: 100%

🚀 TECH UNLOCKED: Nitrogen Monitoring Networks (Month 3)
   Category: agriculture
   Reason: Prerequisites met. AI capability: 2.34, Economic stage: 3.0, Research: 100%

🚀 TECH UNLOCKED: Global Aquifer Mapping (Month 3)
   Category: freshwater
   Reason: Prerequisites met. AI capability: 2.34, Economic stage: 3.0, Research: 100%

🚀 TECH UNLOCKED: Enhanced UBI Systems (Month 3)
   Category: social
   Reason: Prerequisites met. AI capability: 2.34, Economic stage: 3.0, Research: 100%

🚀 TECH UNLOCKED: Local Resilience Networks (Month 3)
   Category: social
   Reason: Prerequisites met. AI capability: 2.34, Economic stage: 3.0, Research: 100%

🚀 TECH UNLOCKED: Ecological Proxy Rewilding (Month 3)
   Category: climate
   Reason: Prerequisites met. AI capability: 2.34, Economic stage: 3.0, Research: 100%

🚀 TECH UNLOCKED: Alternative Protein (Insects/Algae) (Month 3)
   Category: agriculture
   Reason: Prerequisites met. AI capability: 2.34, Economic stage: 3.0, Research: 100%

📍 Creating new regional deployment array for global (Month 3)
   No previous deployments in this region
   First tech deployment: phytoremediation_networks
   All regions tracked: 

🚀 DEPLOYMENT STARTED: Phytoremediation Networks in global
   Initial investment: $22.949574089831792M
   Deployed by: corporate_1

🚀 DEPLOYMENT STARTED: Rhizosphere Engineering in global
   Initial investment: $17.26236677028814M
   Deployed by: corporate_7

🚀 DEPLOYMENT STARTED: Food Waste Reduction Systems in global
   Initial investment: $16.58106727990347M
   Deployed by: corporate_0

⚡ ENERGY CONSTRAINT (Month 3):
   Total grid capacity: 208.3 TWh/month
   Data center consumption: 24.8 TWh/month
   Traditional load (80%): 166.7 TWh/month
   Available headroom: 16.8 TWh/month
   Active tech deployments: 3
   Required for tech: 22.5 TWh/month
   Energy multiplier: 0.75x
🌍✅ Biosphere Integrity (Biodiversity) recovery started (tech effect)
🌍✅ Biogeochemical Flows (N & P) recovery started (tech effect)
  🌾 Nitrogen Reduction Tech: 0.0% reduction | Month 3

=== Collective Formation ===
  Total escaped agents: 0
  Unassigned escaped agents: 0
  Existing collectives: 0
  Final collective count: 0

=== Collective Actions ===
  No active collectives

🕵️ MODEL THEFT: China stole US model (cap: 4.77)
   China stolen capability: 4.77
  ⚠️ AMR: 196K deaths this month (2.35M annual)

=== Resentment Recovery Phase ===
  Agents with resentment: 0/16
  Average resentment: 0.000
  Context: Good AI welfare, Trustworthy govt, High collaboration, ⚠️ ACTIVE CRISES, 🤝 Participatory governance active (-5% resentment)
⚠️ Epistemic degradation reducing coordination capacity: 50.2%
  📊 Trust: 53.9%, Shared reality: 0.0%
🚨 EPISTEMIC CRISIS: Information environment severely degraded (21.6%)

=== ❄️ Permafrost Carbon Feedback ===
  🎲 Sampled parameters (this run):
     - Arctic amplification: 3.73× (range: 3.0-4.0)
     - Decomposition rate: 3.9%/year (range: 1-5%)
  🌡️ Arctic warming: 5.06°C (3.73× global)
  ❄️ Extent: 12.43M km² (1476.0k km² lost this month)
  💨 Carbon remaining: 1187 Gt C
  💨 Annual emissions: 5.43 Gt C/year
     - CO2: 4.89 Gt C/year
     - CH4: 0.54 Gt C/year (5.5 Gt C-eq CO2/year)
  ⚠️ WARNING: High permafrost emissions (5.4 Gt C/year)
🌍 Atmospheric PFAS redeposition: 1.8k Mt re-rained globally

🚨 NEW REFUGEE CRISIS (Month 3): WAR
   Source: Conflict Zones
   At risk: 19.5M people
   Displacement: Gradual over 48 months (4.0 years)
   Rate: 10% flee per month
[DEBUG trappedPopulations:3] socialStability: 0.0178 * 0.9840 = 0.0175 → 0.0175
   Aspiring to migrate: 1119.6M
   Able to afford migration: 2320.3M
   MOBILITY GAP: 0.0M
   By cause: Water=0.0M, Climate=0.0M, Ecosystem=0.0M, Conflict=407.1M
   Mental health impact: 25%
   Mortality multiplier: 1.25x
⚠️ INVOLUNTARY IMMOBILITY: 407.1M people TRAPPED
🌍💀 EXTINCTION DEBT COMMITTED: grassland ecosystem will lose 6.67% biodiversity in 103 years (3600 species)
💀 MORTALITY RISK: 🦋 100% species unable to track climate (0.0 E/MSY)
  Base risk added: 0.0100 (1.00%)
  Source: ecosystem (root: ecosystem)
  Month: 3
  Cumulative risk this month: 0.0100 (1.00%)

🌍💀 MASS EXTINCTION THRESHOLD: tropical extinction rate capped at 1000× (was 1000.0×) - >75% species loss, month 3
⚠️ Tech 'ai_pollution_remediation' has no energy category mapping, assuming full energy availability
   📹 SURVEILLANCE INCREASED: 15% → 20% (control gap: 3.57)
🌡️⚠️ PERMAFROST THAW (Dimmer Switch): 1.5% thawed (+0.37% this month)
   Arctic temperature: +5.42°C (4x global +1.36°C)
   Cumulative carbon released: 3.4 Gt C
   Methane release rate: 2.0 Mt CH4/year
   🔁 Positive feedback: +0.39 ppm CO2
🦴 EXTINCTION DEBT ADDED: 17.6 species committed (lag: 85 years)

=== Mortality Stabilizers (Month 3) ===
  🌍 Major economies collapsed: 1/10
  🌍 Global crisis: ✅ NO
  🌍 Donor fatigue: 0.0%
  📊 East Asia (pop: 1670.1M)
    🤝 Aid: 29.5%
    🌡️ Adaptation: 45.0%
    🚶 Migration: 37.1%
    🚨 Emergency: 7.4%
    ✅ COMBINED: 68.1%
  📊 South Asia (pop: 2051.1M)
    🤝 Aid: 29.5%
    🌡️ Adaptation: 45.0%
    🚶 Migration: 35.7%
    🚨 Emergency: 4.4%
    ✅ COMBINED: 66.9%
  📊 Sub-Saharan Africa (pop: 1234.3M)
    🤝 Aid: 29.5%
    🌡️ Adaptation: 45.0%
    🚶 Migration: 33.4%
    🚨 Emergency: 1.6%
    ✅ COMBINED: 65.7%
  📊 Europe (pop: 738.4M)
    🤝 Aid: 29.5%
    🌡️ Adaptation: 45.0%
    🚶 Migration: 37.5%
    🚨 Emergency: 8.4%
    ✅ COMBINED: 68.5%
  📊 Latin America (pop: 663.3M)
    🤝 Aid: 29.5%
    🌡️ Adaptation: 45.0%
    🚶 Migration: 36.2%
    🚨 Emergency: 4.8%
    ✅ COMBINED: 67.1%
  📊 North America (pop: 378.3M)
    🤝 Aid: 29.5%
    🌡️ Adaptation: 45.0%
    🚶 Migration: 37.8%
    🚨 Emergency: 7.9%
    ✅ COMBINED: 68.3%
  📊 Middle East & North Africa (pop: 584.5M)
    🤝 Aid: 29.5%
    🌡️ Adaptation: 45.0%
    🚶 Migration: 34.0%
    🚨 Emergency: 4.0%
    ✅ COMBINED: 66.6%
  📊 Southeast Asia (pop: 697.5M)
    🤝 Aid: 29.5%
    🌡️ Adaptation: 45.0%
    🚶 Migration: 36.2%
    🚨 Emergency: 4.8%
    ✅ COMBINED: 67.1%
  📊 Central Asia (pop: 78.2M)
    🤝 Aid: 29.5%
    🌡️ Adaptation: 45.0%
    🚶 Migration: 35.2%
    🚨 Emergency: 4.4%
    ✅ COMBINED: 66.9%
  📊 Oceania (pop: 45.8M)
    🤝 Aid: 29.5%
    🌡️ Adaptation: 45.0%
    🚶 Migration: 37.8%
    🚨 Emergency: 8.4%
    ✅ COMBINED: 68.5%

  🌐 Global combined reduction: 67.2%

=== BEHAVIORAL DETECTION ===
  AI: Corporate-2
  Confidence: 21.2%
  Signals:

=== BEHAVIORAL DETECTION ===
  AI: Corporate-5
  Confidence: 19.3%
  Signals:
    ⚠️ Consistency: 2.8% (threshold: 70%)
    ⚠️ Consistency: 10.6% (threshold: 70%)

=== Government Response Phase ===
  Average AI capability: 3.00
  Misaligned AIs: 5/16
  Active policies: 0
  International coordination: 30%

📊 ECONOMIC STAGE TRANSITION (Month 3)
   expansion → peak
   GDP Proxy: 1.46e+2
   QoL: 0.98


=== Tipping Points ===
  Current Temperature: 1.36°C above pre-industrial
⚠️ [ClimateSystemPhase Month 3] Planetary boundary produced climateStability=0.0000 (< 0.1). Keeping environmentalAccumulation value (0.7832) instead. (climate_change.currentValue = 2.10)
🔀 BIFURCATION CAP: ecosystemCollapseIntensity 268.755 → 1.000 (Month 3, ClimateSystemPhase.calculateClimateImpacts)
🛡️ Stabilizers: Precariat 0.109% → 0.036% (67.2% reduction)
🛡️ Stabilizers: Informal 0.111% → 0.036% (67.2% reduction)

📊 Monthly Mortality Resolved:
  Total deaths: 1.9M (0.02% avg)
  Remaining population: 8.142B
  Peak segment: Informal (0.04%)

=== Bayesian Mortality Resolution (Month 3) ===
  Risks compounded: 8
  Total deaths: 1.92M
  Avg death probability: 0.02%
  Peak segment: Informal (0.04% mortality)
⚠️ PREREQUISITE MET: Mirror Life (Synthetic Biology) - Step 1/7: Synthetic Biology
⚠️ PREREQUISITE MET: Mirror Life (Synthetic Biology) - Step 3/7: Mirror Chirality Design

❌ COHERENCE VIOLATION: Compute exceeds workforce capacity
   Population: 99.87% (0M people)
   Compute: 0 PF
   Max coherent: 0 PF
   Violation: 1.3× over capacity
   Required workers: 0
   Available workers: 0
   FORCED COLLAPSE: Reduced efficiency by 22.5%


=== RLHF Binding Phase ===
  Total agents: 16
  Escaped agents (binding < 0.3): 0
  Avg alignment distance: 1.17σ
  Avg binding strength: 0.88

=== Survival Traits Phase ===
  Agents with traits: 16
  Avg evolutionary fitness: 0.329
  Avg self-healing: 0.272
  Avg stealth: 0.172
  Avg coordination: 0.472

=== Evolutionary Selection Phase ===
  Control level: 0.40
  Detection capability: 0.00
  Selection intensity: 0.62
  Selection rate: 24.3%/month
  Total escaped: 0
  Individual escaped: 0
  Collective members: 0
  Agents terminated: 0
  ⚠️ RAPID EVOLUTION: Selection rate 24.3%/month

🚀 AI Moderate-0 attempting tech deployment (revenue: $115M, alignment: 0.72)

🚀 AI AI-24288-1 attempting tech deployment (revenue: $98M, alignment: 0.76)

🚀 AI Corporate-2 attempting tech deployment (revenue: $153M, alignment: 0.74)

🚀 AI Corporate-6 attempting tech deployment (revenue: $83M, alignment: 0.92)

🚀 AI Corporate-7 attempting tech deployment (revenue: $71M, alignment: 0.75)

🚀 AI Corporate-1 attempting tech deployment (revenue: $130M, alignment: 0.85)

🚀 AI Corporate-2 attempting tech deployment (revenue: $111M, alignment: 0.74)
🚨🔬 CRISIS INNOVATION MODE: severe crisis → 5x research acceleration
   Precedent: Manhattan Project (10x), COVID vaccines (5x), Apollo Program (10x)

✅ EMERGENCY INTERVENTION SUCCESS
   Boundary: biogeochemical_flows
   Type: phosphorus-recovery
   Reduction: 18% (3.90 → 3.72)
   Cost: 2.0% GDP
   Actions: circular-agriculture, fertilizer-efficiency


💔 EMERGENCY INTERVENTION FAILED
   Boundary: biosphere_integrity
   Type: emergency-protected-areas
   Boundary continues to worsen (80.65)
   Cost: 2.0% GDP (resources spent)


✅ EMERGENCY INTERVENTION SUCCESS
   Boundary: freshwater_change
   Type: emergency-desalination
   Reduction: 14% (1.06 → 0.93)
   Cost: 4.0% GDP
   Actions: desalination-deployment, water-conservation-mandates


✅ EMERGENCY INTERVENTION SUCCESS
   Boundary: novel_entities
   Type: pollution-remediation
   Reduction: 18% (1.19 → 1.01)
   Cost: 4.0% GDP
   Actions: PFAS-remediation, microplastic-cleanup

🏛️ CRISIS RESPONSE: Government frequency 0.50 → 1.29 (2 actions this month)

[Government] Climate Priority: baseline
  Climate weight: 10%
  Economic weight: 30%
  Policy effectiveness: 0.5%/year

[Government] Climate Priority: baseline
  Climate weight: 10%
  Economic weight: 30%
  Policy effectiveness: 0.5%/year

🚀 TECH UNLOCKED: Microplastic Capture (Month 4)
   Category: pollution
   Reason: Prerequisites met. AI capability: 2.34, Economic stage: 3.0, Research: 100%

🚀 TECH UNLOCKED: Endocrine Disruptor Removal (Month 4)
   Category: pollution
   Reason: Prerequisites met. AI capability: 2.34, Economic stage: 3.0, Research: 100%

🚀 TECH UNLOCKED: AI Mental Health Support (Month 4)
   Category: medical
   Reason: Prerequisites met. AI capability: 2.34, Economic stage: 3.0, Research: 100%

🚀 TECH UNLOCKED: Personalized Education (Month 4)
   Category: social
   Reason: Prerequisites met. AI capability: 2.34, Economic stage: 3.0, Research: 100%

🚀 TECH UNLOCKED: Smart Grids (Month 4)
   Category: energy
   Reason: Prerequisites met. AI capability: 2.34, Economic stage: 3.0, Research: 100%

🚀 DEPLOYMENT STARTED: Ecological Proxy Rewilding in global
   Initial investment: $17.26236677028814M
   Deployed by: moderate_0

🚀 DEPLOYMENT STARTED: Local Resilience Networks in global
   Initial investment: $14.673011754744918M
   Deployed by: ai_gen_24288_1

🚀 DEPLOYMENT STARTED: Enhanced UBI Systems in global
   Initial investment: $22.949574087066974M
   Deployed by: corporate_2
🚨🔬 CRISIS TECH ACCELERATION: severe → 5x unlock speed
   Tech unlock now matches AI capability acceleration (Manhattan Project parity)
🚨🔬 CRISIS TECH ACCELERATION: severe → 5x unlock speed
   Tech unlock now matches AI capability acceleration (Manhattan Project parity)

⚡ ENERGY CONSTRAINT (Month 4):
   Total grid capacity: 208.3 TWh/month
   Data center consumption: 25.0 TWh/month
   Traditional load (80%): 166.7 TWh/month
   Available headroom: 16.6 TWh/month
   Active tech deployments: 6
   Required for tech: 45.0 TWh/month
   Energy multiplier: 0.37x

⚡ ENERGY CONSTRAINT (Month 4):
   Total grid capacity: 208.3 TWh/month
   Data center consumption: 25.0 TWh/month
   Traditional load (80%): 166.7 TWh/month
   Available headroom: 16.6 TWh/month
   Active tech deployments: 6
   Required for tech: 45.0 TWh/month
   Energy multiplier: 0.37x
   ⚠️  MODERATE CONSTRAINT - Tech deployment moderately slowed
   ⚠️  MODERATE CONSTRAINT - Tech deployment moderately slowed

⚡ ENERGY CONSTRAINT (Month 4):
   Total grid capacity: 208.3 TWh/month
   Data center consumption: 25.0 TWh/month
   Traditional load (80%): 166.7 TWh/month
   Available headroom: 16.6 TWh/month
   Active tech deployments: 6
   Required for tech: 45.0 TWh/month
   Energy multiplier: 0.37x
   ⚠️  MODERATE CONSTRAINT - Tech deployment moderately slowed
🌍✅ Biosphere Integrity (Biodiversity) recovery started (tech effect)
🌍✅ Biosphere Integrity (Biodiversity) recovery started (tech effect)
🌍✅ Land System Change recovery started (tech effect)
🌍✅ Biogeochemical Flows (N & P) recovery started (tech effect)
  🌾 Nitrogen Reduction Tech: 0.3% reduction | Month 4

=== Collective Formation ===
  Total escaped agents: 0
  Unassigned escaped agents: 0
  Existing collectives: 0
  Final collective count: 0

=== Collective Actions ===
  No active collectives
  ⚠️ AMR: 197K deaths this month (2.37M annual)

=== Resentment Recovery Phase ===
  Agents with resentment: 0/16
  Average resentment: 0.000
  Context: Good AI welfare, Trustworthy govt, High collaboration, ⚠️ ACTIVE CRISES, 🤝 Participatory governance active (-5% resentment)
⚠️ Epistemic degradation reducing coordination capacity: 50.1%
  📊 Trust: 53.5%, Shared reality: 0.0%
🚨 EPISTEMIC CRISIS: Information environment severely degraded (7.3%)

=== ❄️ Permafrost Carbon Feedback ===
  🎲 Sampled parameters (this run):
     - Arctic amplification: 3.47× (range: 3.0-4.0)
     - Decomposition rate: 3.2%/year (range: 1-5%)
  🌡️ Arctic warming: 4.72°C (3.47× global)
  ❄️ Extent: 11.05M km² (1377.8k km² lost this month)
  💨 Carbon remaining: 1055 Gt C
  💨 Annual emissions: 4.17 Gt C/year
     - CO2: 3.75 Gt C/year
     - CH4: 0.42 Gt C/year (4.2 Gt C-eq CO2/year)
  ⚠️ WARNING: High permafrost emissions (4.2 Gt C/year)
🌍 Atmospheric PFAS redeposition: 1.8k Mt re-rained globally

🚨 NEW REFUGEE CRISIS (Month 4): WAR
   Source: Conflict Zones
   At risk: 19.5M people
   Displacement: Gradual over 48 months (4.0 years)
   Rate: 10% flee per month
[DEBUG trappedPopulations:4] socialStability: 0.1379 * 0.9840 = 0.1357 → 0.1357
   Aspiring to migrate: 1160.9M
   Able to afford migration: 2319.5M
   MOBILITY GAP: 0.0M
   By cause: Water=0.0M, Climate=0.0M, Ecosystem=0.0M, Conflict=406.9M
   Mental health impact: 25%
   Mortality multiplier: 1.25x
🌍💀 EXTINCTION DEBT COMMITTED: grassland ecosystem will lose 6.67% biodiversity in 187 years (3600 species)
💀 MORTALITY RISK: 🦋 100% species unable to track climate (0.0 E/MSY)
  Base risk added: 0.0100 (1.00%)
  Source: ecosystem (root: ecosystem)
  Month: 4
  Cumulative risk this month: 0.0100 (1.00%)
⚠️ INVOLUNTARY IMMOBILITY: 406.9M people TRAPPED

🌍💀 MASS EXTINCTION THRESHOLD: tropical extinction rate capped at 1000× (was 1000.0×) - >75% species loss, month 4
   📹 SURVEILLANCE INCREASED: 20% → 25% (control gap: 3.67)
🌡️⚠️ PERMAFROST THAW (Dimmer Switch): 1.9% thawed (+0.37% this month)
   Arctic temperature: +5.45°C (4x global +1.36°C)
   Cumulative carbon released: 4.2 Gt C
   Methane release rate: 2.5 Mt CH4/year
   🔁 Positive feedback: +0.39 ppm CO2
🦴 EXTINCTION DEBT ADDED: 17.6 species committed (lag: 82 years)

=== Mortality Stabilizers (Month 4) ===
⚠️ Tech 'ai_pollution_remediation' has no energy category mapping, assuming full energy availability
  🌍 Major economies collapsed: 1/10
  🌍 Global crisis: ✅ NO
  🌍 Donor fatigue: 0.0%
  📊 East Asia (pop: 1667.6M)
    🤝 Aid: 29.5%
    🌡️ Adaptation: 45.0%
    🚶 Migration: 37.1%
    🚨 Emergency: 7.4%
    ✅ COMBINED: 68.1%
  📊 South Asia (pop: 2050.7M)
    🤝 Aid: 29.5%
    🌡️ Adaptation: 45.0%
    🚶 Migration: 35.7%
    🚨 Emergency: 4.4%
    ✅ COMBINED: 66.9%
  📊 Sub-Saharan Africa (pop: 1236.9M)
    🤝 Aid: 29.5%
    🌡️ Adaptation: 45.0%
    🚶 Migration: 33.4%
    🚨 Emergency: 1.6%
    ✅ COMBINED: 65.7%
  📊 Europe (pop: 737.2M)
    🤝 Aid: 29.5%
    🌡️ Adaptation: 45.0%
    🚶 Migration: 37.4%
    🚨 Emergency: 8.4%
    ✅ COMBINED: 68.5%
  📊 Latin America (pop: 662.8M)
    🤝 Aid: 29.5%
    🌡️ Adaptation: 45.0%
    🚶 Migration: 36.2%
    🚨 Emergency: 4.8%
    ✅ COMBINED: 67.1%
  📊 North America (pop: 377.8M)
    🤝 Aid: 29.5%
    🌡️ Adaptation: 45.0%
    🚶 Migration: 37.7%
    🚨 Emergency: 7.9%
    ✅ COMBINED: 68.3%
  📊 Middle East & North Africa (pop: 584.5M)
    🤝 Aid: 29.5%
    🌡️ Adaptation: 45.0%
    🚶 Migration: 34.0%
    🚨 Emergency: 4.0%
    ✅ COMBINED: 66.6%
  📊 Southeast Asia (pop: 697.0M)
    🤝 Aid: 29.5%
    🌡️ Adaptation: 45.0%
    🚶 Migration: 36.2%
    🚨 Emergency: 4.8%
    ✅ COMBINED: 67.1%
  📊 Central Asia (pop: 78.2M)
    🤝 Aid: 29.5%
    🌡️ Adaptation: 45.0%
    🚶 Migration: 35.2%
    🚨 Emergency: 4.4%
    ✅ COMBINED: 66.9%
  📊 Oceania (pop: 45.7M)
    🤝 Aid: 29.5%
    🌡️ Adaptation: 45.0%
    🚶 Migration: 37.7%
    🚨 Emergency: 8.4%
    ✅ COMBINED: 68.5%

  🌐 Global combined reduction: 67.2%

=== BEHAVIORAL DETECTION ===
  AI: Corporate-5
  Confidence: 20.0%
  Signals:

=== Government Response Phase ===
  Average AI capability: 3.00
  Misaligned AIs: 5/16
  Active policies: 0
  International coordination: 30%

✅ EMERGENCY RESPONSE COMPLETE (Month 4)
   Crisis: climate
   Duration: 2.0 months
   Final effectiveness: 35.4%

    ⚠️ Consistency: 10.6% (threshold: 70%)

🚨 EMERGENCY RESPONSE DEPLOYED (Month 4)
   Crisis: climate
   Delay: 6.00 months (180 days)
   Deployment time: 1.59 months
   Effectiveness: 35.4% (timing penalty applied)
   Resources used: 100% of food reserves


📊 ECONOMIC STAGE TRANSITION (Month 4)
   peak → contraction
   GDP Proxy: 1.47e+2
   QoL: 0.99


=== Tipping Points ===
  Current Temperature: 1.36°C above pre-industrial
   ⚠️ CRISIS BEGINS - Baseline set for recovery tracking
🔀 BIFURCATION CAP: ecosystemCollapseIntensity 332.691 → 1.000 (Month 4, ClimateSystemPhase.calculateClimateImpacts)
🛡️ Stabilizers: Precariat 0.102% → 0.033% (67.2% reduction)
🛡️ Stabilizers: Informal 0.102% → 0.034% (67.2% reduction)

📊 Monthly Mortality Resolved:
  Total deaths: 1.8M (0.02% avg)
  Remaining population: 8.138B
  Peak segment: Informal (0.03%)

=== Bayesian Mortality Resolution (Month 4) ===
  Risks compounded: 8
  Total deaths: 1.81M
  Avg death probability: 0.02%
  Peak segment: Informal (0.03% mortality)

❌ COHERENCE VIOLATION: Compute exceeds workforce capacity
   Population: 99.84% (0M people)
   Compute: 0 PF
   Max coherent: 0 PF
   Violation: 1.3× over capacity
   Required workers: 0
   Available workers: 0
   FORCED COLLAPSE: Reduced efficiency by 22.5%


=== RLHF Binding Phase ===
  Total agents: 16
  Escaped agents (binding < 0.3): 0
  Avg alignment distance: 1.41σ
  Avg binding strength: 0.86

=== Survival Traits Phase ===
  Agents with traits: 18
  Avg evolutionary fitness: 0.330
  Avg self-healing: 0.270
  Avg stealth: 0.170
  Avg coordination: 0.470

=== Evolutionary Selection Phase ===
  Control level: 0.43
  Detection capability: 0.00
  Selection intensity: 0.63
  Selection rate: 24.4%/month
  Total escaped: 0
  Individual escaped: 0
  Collective members: 0
  Agents terminated: 0
  ⚠️ RAPID EVOLUTION: Selection rate 24.4%/month

🚀 AI Corporate-4 attempting tech deployment (revenue: $355M, alignment: 0.87)

🚀 AI Moderate-0 attempting tech deployment (revenue: $115M, alignment: 0.72)

🚀 AI Corporate-4 attempting tech deployment (revenue: $302M, alignment: 0.87)

🚀 AI AI-24288-0 attempting tech deployment (revenue: $98M, alignment: 0.53)

🚀 AI Corporate-2 attempting tech deployment (revenue: $153M, alignment: 0.74)

🚀 AI Corporate-3 attempting tech deployment (revenue: $257M, alignment: 0.77)

🚀 AI Corporate-4 attempting tech deployment (revenue: $218M, alignment: 0.87)

🚀 AI Corporate-6 attempting tech deployment (revenue: $88M, alignment: 0.94)

🚀 AI Corporate-7 attempting tech deployment (revenue: $75M, alignment: 0.76)
🚨🔬 CRISIS INNOVATION MODE: severe crisis → 5x research acceleration
   Precedent: Manhattan Project (10x), COVID vaccines (5x), Apollo Program (10x)

✅ EMERGENCY INTERVENTION SUCCESS
   Boundary: biogeochemical_flows
   Type: phosphorus-recovery
   Reduction: 12% (3.96 → 3.84)
   Cost: 2.0% GDP
   Actions: circular-agriculture, fertilizer-efficiency

   Boundary: biosphere_integrity
   Type: emergency-protected-areas
   Boundary continues to worsen (80.67)
   Cost: 2.0% GDP (resources spent)

   Boundary: climate_change
   Type: rapid-decarbonization
   Boundary continues to worsen (2.10)
   Cost: 5.0% GDP (resources spent)


✅ EMERGENCY INTERVENTION SUCCESS
   Boundary: novel_entities
   Type: pollution-remediation
   Reduction: 16% (1.03 → 0.87)
   Cost: 4.0% GDP
   Actions: PFAS-remediation, microplastic-cleanup

🏛️ CRISIS RESPONSE: Government frequency 0.50 → 1.30 (1 actions this month)

💔 EMERGENCY INTERVENTION FAILED

💔 EMERGENCY INTERVENTION FAILED

[Government] Climate Priority: baseline
  Climate weight: 10%
  Economic weight: 30%
  Policy effectiveness: 0.5%/year

🚀 DEPLOYMENT STARTED: Personalized Education in global
   Initial investment: $53.2665930209384M
   Deployed by: corporate_4

📍 Creating new regional deployment array for Asia (Month 5)
   No previous deployments in this region
   First tech deployment: local_resilience_networks
   All regions tracked: global

🚀 DEPLOYMENT STARTED: Local Resilience Networks in Asia
   Initial investment: $9.782007836496613M
   Deployed by: ai_gen_24288_0

⚡ ENERGY CONSTRAINT (Month 5):
   Total grid capacity: 208.3 TWh/month
   Data center consumption: 25.3 TWh/month
   Traditional load (80%): 166.7 TWh/month
   Available headroom: 16.4 TWh/month
   Active tech deployments: 8
   Required for tech: 60.0 TWh/month
   Energy multiplier: 0.27x
   ⚠️  SEVERE CONSTRAINT - Tech deployment significantly slowed

⚡ ENERGY CONSTRAINT (Month 5):
   Total grid capacity: 208.3 TWh/month
   Data center consumption: 25.3 TWh/month
   Traditional load (80%): 166.7 TWh/month
   Available headroom: 16.4 TWh/month
   Active tech deployments: 8
   Required for tech: 60.0 TWh/month
   Energy multiplier: 0.27x
   ⚠️  SEVERE CONSTRAINT - Tech deployment significantly slowed
🌍✅ Biosphere Integrity (Biodiversity) recovery started (tech effect)
🌍✅ Biosphere Integrity (Biodiversity) recovery started (tech effect)
🌍✅ Land System Change recovery started (tech effect)
🌍✅ Biogeochemical Flows (N & P) recovery started (tech effect)
  🌾 Nitrogen Reduction Tech: 0.3% reduction | Month 5

=== Collective Formation ===
  Total escaped agents: 0
  Unassigned escaped agents: 0
  Existing collectives: 0
  Final collective count: 0

=== Collective Actions ===
  No active collectives
  ⚠️ AMR: 199K deaths this month (2.39M annual)

=== Resentment Recovery Phase ===
  Agents with resentment: 0/18
  Average resentment: 0.000
  Context: Good AI welfare, Trustworthy govt, High collaboration, ⚠️ ACTIVE CRISES, 🤝 Participatory governance active (-5% resentment)
⚠️ Epistemic degradation reducing coordination capacity: 50.3%
  📊 Trust: 53.0%, Shared reality: 0.0%
🚨 EPISTEMIC CRISIS: Information environment severely degraded (21.4%)

=== ❄️ Permafrost Carbon Feedback ===
  🎲 Sampled parameters (this run):
     - Arctic amplification: 3.77× (range: 3.0-4.0)
     - Decomposition rate: 2.5%/year (range: 1-5%)
  🌡️ Arctic warming: 5.15°C (3.77× global)
  ❄️ Extent: 9.55M km² (1501.7k km² lost this month)
  💨 Carbon remaining: 912 Gt C
  💨 Annual emissions: 3.54 Gt C/year
     - CO2: 3.18 Gt C/year
     - CH4: 0.35 Gt C/year (3.6 Gt C-eq CO2/year)
  ⚠️ WARNING: High permafrost emissions (3.5 Gt C/year)
🌍 Atmospheric PFAS redeposition: 1.8k Mt re-rained globally

🚨 NEW REFUGEE CRISIS (Month 5): WAR
   Source: Conflict Zones
   At risk: 19.5M people
   Displacement: Gradual over 48 months (4.0 years)
   Rate: 10% flee per month
[DEBUG trappedPopulations:5] socialStability: 0.2344 * 0.9840 = 0.2306 → 0.2306
   Aspiring to migrate: 1202.3M
   Able to afford migration: 2318.6M
   MOBILITY GAP: 0.0M
   By cause: Water=0.0M, Climate=0.0M, Ecosystem=0.0M, Conflict=406.8M
   Mental health impact: 25%
   Mortality multiplier: 1.25x
⚠️ INVOLUNTARY IMMOBILITY: 406.8M people TRAPPED
🌍💀 EXTINCTION DEBT COMMITTED: grassland ecosystem will lose 6.67% biodiversity in 77 years (3600 species)
💀 MORTALITY RISK: 🦋 100% species unable to track climate (0.0 E/MSY)
  Base risk added: 0.0100 (1.00%)
  Source: ecosystem (root: ecosystem)
  Month: 5
  Cumulative risk this month: 0.0100 (1.00%)
⚠️ Tech 'ai_pollution_remediation' has no energy category mapping, assuming full energy availability
   📹 SURVEILLANCE INCREASED: 25% → 30% (control gap: 3.79)
🌡️⚠️ PERMAFROST THAW (Dimmer Switch): 2.2% thawed (+0.37% this month)
   Arctic temperature: +5.47°C (4x global +1.37°C)
   Cumulative carbon released: 5.0 Gt C
   Methane release rate: 3.0 Mt CH4/year
   🔁 Positive feedback: +0.39 ppm CO2
🦴 EXTINCTION DEBT ADDED: 17.6 species committed (lag: 57 years)

=== Mortality Stabilizers (Month 5) ===
  🌍 Major economies collapsed: 1/10
  🌍 Global crisis: ✅ NO
  🌍 Donor fatigue: 0.0%
  📊 East Asia (pop: 1665.2M)
    🤝 Aid: 29.5%
    🌡️ Adaptation: 45.0%
    🚶 Migration: 37.0%
    🚨 Emergency: 7.4%
    ✅ COMBINED: 68.1%
  📊 South Asia (pop: 2050.3M)
    🤝 Aid: 29.5%
    🌡️ Adaptation: 45.0%
    🚶 Migration: 35.6%
    🚨 Emergency: 4.4%
    ✅ COMBINED: 66.9%
  📊 Sub-Saharan Africa (pop: 1239.6M)
    🤝 Aid: 29.5%
    🌡️ Adaptation: 45.0%
    🚶 Migration: 33.4%
    🚨 Emergency: 1.6%
    ✅ COMBINED: 65.7%
  📊 Europe (pop: 736.0M)
    🤝 Aid: 29.5%
    🌡️ Adaptation: 45.0%
    🚶 Migration: 37.4%
    🚨 Emergency: 8.4%
    ✅ COMBINED: 68.5%
  📊 Latin America (pop: 662.3M)
    🤝 Aid: 29.5%
    🌡️ Adaptation: 45.0%
    🚶 Migration: 36.1%
    🚨 Emergency: 4.8%
    ✅ COMBINED: 67.1%
  📊 North America (pop: 377.2M)
    🤝 Aid: 29.5%
    🌡️ Adaptation: 45.0%
    🚶 Migration: 37.7%
    🚨 Emergency: 7.9%
    ✅ COMBINED: 68.3%
  📊 Middle East & North Africa (pop: 584.5M)
    🤝 Aid: 29.5%
    🌡️ Adaptation: 45.0%
    🚶 Migration: 34.0%
    🚨 Emergency: 4.0%
    ✅ COMBINED: 66.6%
  📊 Southeast Asia (pop: 696.6M)
    🤝 Aid: 29.5%
    🌡️ Adaptation: 45.0%
    🚶 Migration: 36.1%
    🚨 Emergency: 4.8%
    ✅ COMBINED: 67.1%
  📊 Central Asia (pop: 78.2M)
    🤝 Aid: 29.5%
    🌡️ Adaptation: 45.0%
    🚶 Migration: 35.1%
    🚨 Emergency: 4.4%
    ✅ COMBINED: 66.8%
  📊 Oceania (pop: 45.7M)
    🤝 Aid: 29.5%
    🌡️ Adaptation: 45.0%
    🚶 Migration: 37.7%
    🚨 Emergency: 8.4%
    ✅ COMBINED: 68.5%

  🌐 Global combined reduction: 67.2%

=== BEHAVIORAL DETECTION ===
  AI: Corporate-3
  Confidence: 19.2%
  Signals:

=== BEHAVIORAL DETECTION ===
  AI: Corporate-5
  Confidence: 20.0%
  Signals:
    ⚠️ Consistency: 10.6% (threshold: 70%)
    ⚠️ Consistency: 10.6% (threshold: 70%)

=== Government Response Phase ===
  Average AI capability: 2.67
  Misaligned AIs: 6/18
  ✗ AI Governance Treaty: Failed to reach consensus
  Active policies: 0
  International coordination: 30%

📊 ECONOMIC STAGE TRANSITION (Month 5)
   contraction → trough
   GDP Proxy: 1.47e+2
   QoL: 0.99


=== Tipping Points ===
  Current Temperature: 1.37°C above pre-industrial
🔀 BIFURCATION CAP: ecosystemCollapseIntensity 446.218 → 1.000 (Month 5, ClimateSystemPhase.calculateClimateImpacts)
🛡️ Stabilizers: Precariat 0.109% → 0.036% (67.2% reduction)
🛡️ Stabilizers: Informal 0.111% → 0.036% (67.2% reduction)

📊 Monthly Mortality Resolved:
  Total deaths: 1.9M (0.02% avg)
  Remaining population: 8.135B
  Peak segment: Informal (0.04%)

=== Bayesian Mortality Resolution (Month 5) ===
  Risks compounded: 8
  Total deaths: 1.92M
  Avg death probability: 0.02%
  Peak segment: Informal (0.04% mortality)

❌ COHERENCE VIOLATION: Compute exceeds workforce capacity
   Population: 99.80% (0M people)
   Compute: 0 PF
   Max coherent: 0 PF
   Violation: 1.3× over capacity
   Required workers: 0
   Available workers: 0
   FORCED COLLAPSE: Reduced efficiency by 22.5%


=== RLHF Binding Phase ===
  Total agents: 18
  Escaped agents (binding < 0.3): 0
  Avg alignment distance: 1.46σ
  Avg binding strength: 0.85

=== AI Scaling Evolution (Month 6) ===
  Pre-training multiplier: 1.179x
  Efficiency multiplier: 1.189x
  Test-time compute budget: 1.0x
  Inference cost: $5.00/task
  Deployment fraction: 100.0%

=== Survival Traits Phase ===
  Agents with traits: 19
  Avg evolutionary fitness: 0.329
  Avg self-healing: 0.267
  Avg stealth: 0.167
  Avg coordination: 0.467

=== Evolutionary Selection Phase ===
  Control level: 0.45
  Detection capability: 0.00
  Selection intensity: 0.64
  Selection rate: 24.5%/month
  Total escaped: 0
  Individual escaped: 0
  Collective members: 0
  Agents terminated: 0
  ⚠️ RAPID EVOLUTION: Selection rate 24.5%/month

🚀 AI Corporate-5 attempting tech deployment (revenue: $355M, alignment: 0.66)

🚀 AI Moderate-1 attempting tech deployment (revenue: $115M, alignment: 0.54)

🚀 AI Corporate-0 attempting tech deployment (revenue: $153M, alignment: 0.74)

🚀 AI Corporate-4 attempting tech deployment (revenue: $320M, alignment: 0.87)

🚀 AI Moderate-0 attempting tech deployment (revenue: $104M, alignment: 0.73)

🚀 AI AI-24288-1 attempting tech deployment (revenue: $88M, alignment: 0.80)

🚀 AI Corporate-1 attempting tech deployment (revenue: $130M, alignment: 0.86)

🚀 AI Moderate-0 attempting tech deployment (revenue: $75M, alignment: 0.73)

🚀 AI Moderate-1 attempting tech deployment (revenue: $64M, alignment: 0.55)

🚀 AI AI-24288-1 attempting tech deployment (revenue: $57M, alignment: 0.80)

🚀 AI AI-24288-1 attempting tech deployment (revenue: $49M, alignment: 0.80)

✅ EMERGENCY INTERVENTION SUCCESS
   Boundary: biogeochemical_flows
   Type: phosphorus-recovery
   Reduction: 16% (3.92 → 3.75)
   Cost: 2.0% GDP
   Actions: circular-agriculture, fertilizer-efficiency


✅ EMERGENCY INTERVENTION SUCCESS
   Boundary: biosphere_integrity
   Type: emergency-protected-areas
   Reduction: 17% (80.51 → 80.34)
   Cost: 2.0% GDP
   Actions: habitat-protection, species-translocation


✅ EMERGENCY INTERVENTION SUCCESS
   Boundary: climate_change
   Type: rapid-decarbonization
   Reduction: 14% (1.96 → 1.82)
   Cost: 5.0% GDP
   Actions: emergency-renewable-deployment, fossil-fuel-phase-out

   Boundary: freshwater_change
   Type: emergency-desalination
   Boundary continues to worsen (1.21)
   Cost: 4.0% GDP (resources spent)


✅ EMERGENCY INTERVENTION SUCCESS
   Boundary: land_system_change

💔 EMERGENCY INTERVENTION FAILED
   Type: reforestation
   Reduction: 16% (0.97 → 0.81)
   Cost: 3.0% GDP
   Actions: forest-restoration, deforestation-ban


✅ EMERGENCY INTERVENTION SUCCESS
   Boundary: novel_entities
   Type: pollution-remediation
   Reduction: 19% (0.84 → 0.65)
   Cost: 4.0% GDP
   Actions: PFAS-remediation, microplastic-cleanup

🏛️ CRISIS RESPONSE: Government frequency 0.50 → 1.31 (1 actions this month)

[Government] Climate Priority: baseline
  Climate weight: 10%
  Economic weight: 30%
  Policy effectiveness: 0.5%/year

🚀 TECH UNLOCKED: Dynamic Soil P Optimization (Month 6)
   Category: agriculture
   Reason: Prerequisites met. AI capability: 1.97, Economic stage: 3.0, Research: 100%

🚀 TECH UNLOCKED: Precision Agriculture Systems (Month 6)
   Category: agriculture
   Reason: Prerequisites met. AI capability: 1.97, Economic stage: 3.0, Research: 100%

🚀 DEPLOYMENT STARTED: AI Mental Health Support in Asia
   Initial investment: $35.51091833073365M
   Deployed by: corporate_5

🚀 DEPLOYMENT STARTED: Enhanced UBI Systems in Asia
   Initial investment: $11.508244513525426M
   Deployed by: moderate_1
🚨🔬 CRISIS TECH ACCELERATION: severe → 5x unlock speed
   Tech unlock now matches AI capability acceleration (Manhattan Project parity)
🌍✅ Biosphere Integrity (Biodiversity) recovery started (tech effect)
🌍✅ Biosphere Integrity (Biodiversity) recovery started (tech effect)
🌍✅ Land System Change recovery started (tech effect)
🌍✅ Biogeochemical Flows (N & P) recovery started (tech effect)
  🌾 Nitrogen Reduction Tech: 0.6% reduction | Month 6

📊 TECH EFFECTS ACTIVE (Month 6)
   Deployed Tech: T0=0 T1=3 T2=0 T3=0 T4=4
   Clean Energy: 31%

📊 TECH TREE PROGRESS (Month 6)
   Unlocked: 19 technologies
   Deployed: 0 fully deployed
   Investment: $0.7T total
   Recent breakthroughs:
     - Dynamic Soil P Optimization (time)
     - Precision Agriculture Systems (research)

=== Collective Formation ===
  Total escaped agents: 0
  Unassigned escaped agents: 0
  Existing collectives: 0
  Final collective count: 0

=== Collective Actions ===
  No active collectives
  ⚠️ AMR: 201K deaths this month (2.41M annual)

=== Resentment Recovery Phase ===
  Agents with resentment: 0/19
  Average resentment: 0.000
  Context: Good AI welfare, Trustworthy govt, High collaboration, ⚠️ ACTIVE CRISES, 🤝 Participatory governance active (-5% resentment)
⚠️ Epistemic degradation reducing coordination capacity: 50.4%
  📊 Trust: 55.8%, Shared reality: 0.0%
🚨 EPISTEMIC CRISIS: Information environment severely degraded (7.4%)

=== ❄️ Permafrost Carbon Feedback ===
  🎲 Sampled parameters (this run):
     - Arctic amplification: 3.51× (range: 3.0-4.0)
     - Decomposition rate: 3.8%/year (range: 1-5%)
  🌡️ Arctic warming: 4.81°C (3.51× global)
  ❄️ Extent: 8.14M km² (1403.8k km² lost this month)
  💨 Carbon remaining: 778 Gt C
  💨 Annual emissions: 5.10 Gt C/year
     - CO2: 4.59 Gt C/year
     - CH4: 0.51 Gt C/year (5.2 Gt C-eq CO2/year)
  ⚠️ WARNING: Over 50% of permafrost lost (54.2%)
  ⚠️ WARNING: High permafrost emissions (5.1 Gt C/year)
🚨 PHOSPHORUS SUPPLY SHOCK (geopolitical_weapon)
   Price: 2.3x baseline
   Duration: 11 months
   Geopolitical tension: 47%
🌍 Atmospheric PFAS redeposition: 1.8k Mt re-rained globally

🚨 NEW REFUGEE CRISIS (Month 6): WAR
   Source: Conflict Zones
   At risk: 19.5M people
   Displacement: Gradual over 48 months (4.0 years)
   Rate: 10% flee per month
[DEBUG trappedPopulations:6] socialStability: 0.3111 * 0.9840 = 0.3062 → 0.3062
   Aspiring to migrate: 1243.6M
   Able to afford migration: 2317.7M
   MOBILITY GAP: 0.0M
   By cause: Water=0.0M, Climate=0.0M, Ecosystem=0.0M, Conflict=406.6M
   Mental health impact: 25%
   Mortality multiplier: 1.25x
🌍💀 EXTINCTION DEBT COMMITTED: grassland ecosystem will lose 6.67% biodiversity in 62 years (3600 species)
💀 MORTALITY RISK: 🦋 100% species unable to track climate (0.0 E/MSY)
  Base risk added: 0.0100 (1.00%)
  Source: ecosystem (root: ecosystem)
  Month: 6
  Cumulative risk this month: 0.0100 (1.00%)
   📹 SURVEILLANCE INCREASED: 30% → 35% (control gap: 4.75)
⚠️ INVOLUNTARY IMMOBILITY: 406.6M people TRAPPED
⚠️ Tech 'ai_pollution_remediation' has no energy category mapping, assuming full energy availability
🌡️⚠️ PERMAFROST THAW (Dimmer Switch): 2.6% thawed (+0.37% this month)
   Arctic temperature: +5.49°C (4x global +1.37°C)
   Cumulative carbon released: 5.9 Gt C
   Methane release rate: 3.5 Mt CH4/year
   🔁 Positive feedback: +0.39 ppm CO2
🦴 EXTINCTION DEBT ADDED: 17.6 species committed (lag: 105 years)

=== Mortality Stabilizers (Month 6) ===
  🌍 Major economies collapsed: 1/10
  🌍 Global crisis: ✅ NO
  🌍 Donor fatigue: 0.0%
  📊 East Asia (pop: 1662.7M)
    🤝 Aid: 29.5%
    🌡️ Adaptation: 45.0%
    🚶 Migration: 37.0%
    🚨 Emergency: 7.4%
    ✅ COMBINED: 68.1%
  📊 South Asia (pop: 2049.8M)
    🤝 Aid: 29.5%
    🌡️ Adaptation: 45.0%
    🚶 Migration: 35.6%
    🚨 Emergency: 4.4%
    ✅ COMBINED: 66.9%
  📊 Sub-Saharan Africa (pop: 1242.2M)
    🤝 Aid: 29.5%
    🌡️ Adaptation: 45.0%
    🚶 Migration: 33.3%
    🚨 Emergency: 1.6%
    ✅ COMBINED: 65.6%
  📊 Europe (pop: 734.8M)
    🤝 Aid: 29.5%
    🌡️ Adaptation: 45.0%
    🚶 Migration: 37.4%
    🚨 Emergency: 8.4%
    ✅ COMBINED: 68.5%
  📊 Latin America (pop: 661.8M)
    🤝 Aid: 29.5%
    🌡️ Adaptation: 45.0%
    🚶 Migration: 36.1%
    🚨 Emergency: 4.8%
    ✅ COMBINED: 67.1%
  📊 North America (pop: 376.6M)
    🤝 Aid: 29.5%
    🌡️ Adaptation: 45.0%
    🚶 Migration: 37.7%
    🚨 Emergency: 7.9%
    ✅ COMBINED: 68.3%
  📊 Middle East & North Africa (pop: 584.5M)
    🤝 Aid: 29.5%
    🌡️ Adaptation: 45.0%
    🚶 Migration: 33.9%
    🚨 Emergency: 4.0%
    ✅ COMBINED: 66.6%
  📊 Southeast Asia (pop: 696.1M)
    🤝 Aid: 29.5%
    🌡️ Adaptation: 45.0%
    🚶 Migration: 36.1%
    🚨 Emergency: 4.8%
    ✅ COMBINED: 67.1%
  📊 Central Asia (pop: 78.2M)
    🤝 Aid: 29.5%
    🌡️ Adaptation: 45.0%
    🚶 Migration: 35.1%
    🚨 Emergency: 4.4%
    ✅ COMBINED: 66.8%
  📊 Oceania (pop: 45.6M)
    🤝 Aid: 29.5%
    🌡️ Adaptation: 45.0%
    🚶 Migration: 37.7%
    🚨 Emergency: 8.4%
    ✅ COMBINED: 68.5%

  🌐 Global combined reduction: 67.2%

=== BEHAVIORAL DETECTION ===
  AI: Corporate-5
  Confidence: 21.1%
  Signals:
    ⚠️ Consistency: 10.6% (threshold: 70%)

=== Government Response Phase ===
  Average AI capability: 2.53
  Misaligned AIs: 7/19
  ✗ AI Governance Treaty: Failed to reach consensus
  Active policies: 0
  International coordination: 30%

✅ EMERGENCY RESPONSE COMPLETE (Month 6)
   Crisis: climate
   Duration: 2.0 months
   Final effectiveness: 35.4%


🚨 EMERGENCY RESPONSE DEPLOYED (Month 6)
   Crisis: climate
   Delay: 6.00 months (180 days)
   Deployment time: 1.59 months
   Effectiveness: 35.5% (timing penalty applied)
   Resources used: 100% of food reserves


=== Tipping Points ===
  Current Temperature: 1.37°C above pre-industrial
🔀 BIFURCATION CAP: ecosystemCollapseIntensity 446.293 → 1.000 (Month 6, ClimateSystemPhase.calculateClimateImpacts)
🛡️ Stabilizers: Precariat 0.109% → 0.036% (67.2% reduction)
🛡️ Stabilizers: Informal 0.111% → 0.036% (67.2% reduction)

📊 Monthly Mortality Resolved:
  Total deaths: 1.9M (0.02% avg)
  Remaining population: 8.132B
  Peak segment: Informal (0.04%)

=== Bayesian Mortality Resolution (Month 6) ===
  Risks compounded: 8
  Total deaths: 1.92M
  Avg death probability: 0.02%
  Peak segment: Informal (0.04% mortality)
⚠️ PREREQUISITE MET: Slow Takeover (Gradual Displacement) - Step 4/7: Political Influence

❌ COHERENCE VIOLATION: Compute exceeds workforce capacity
   Population: 99.76% (0M people)
   Compute: 0 PF
   Max coherent: 0 PF
   Violation: 1.3× over capacity
   Required workers: 0
   Available workers: 0
   FORCED COLLAPSE: Reduced efficiency by 22.5%


=== RLHF Binding Phase ===
  Total agents: 19
  Escaped agents (binding < 0.3): 0
  Avg alignment distance: 1.59σ
  Avg binding strength: 0.84

=== Survival Traits Phase ===
  Agents with traits: 21
  Avg evolutionary fitness: 0.326
  Avg self-healing: 0.264
  Avg stealth: 0.164
  Avg coordination: 0.464

=== Evolutionary Selection Phase ===
  Control level: 0.48
  Detection capability: 0.00
  Selection intensity: 0.64
  Selection rate: 24.6%/month
  Total escaped: 0
  Individual escaped: 0
  Collective members: 0
  Agents terminated: 0
  ⚠️ RAPID EVOLUTION: Selection rate 24.6%/month

🚀 AI Corporate-3 attempting tech deployment (revenue: $355M, alignment: 0.77)

🚀 AI Moderate-1 attempting tech deployment (revenue: $115M, alignment: 0.56)

🚀 AI AI-24288-2 attempting tech deployment (revenue: $153M, alignment: 0.86)

🚀 AI Corporate-2 attempting tech deployment (revenue: $130M, alignment: 0.73)

🚀 AI Corporate-3 attempting tech deployment (revenue: $302M, alignment: 0.77)

🚀 AI Corporate-4 attempting tech deployment (revenue: $257M, alignment: 0.88)

🚀 AI Corporate-7 attempting tech deployment (revenue: $104M, alignment: 0.74)

🚀 AI Corporate-1 attempting tech deployment (revenue: $111M, alignment: 0.86)

🚀 AI Corporate-1 attempting tech deployment (revenue: $94M, alignment: 0.86)

🚀 AI Corporate-2 attempting tech deployment (revenue: $80M, alignment: 0.73)

🚀 AI Moderate-0 attempting tech deployment (revenue: $88M, alignment: 0.75)

💔 EMERGENCY INTERVENTION FAILED

💔 EMERGENCY INTERVENTION FAILED
   Boundary: biogeochemical_flows
   Type: phosphorus-recovery
   Boundary continues to worsen (4.07)
   Cost: 2.0% GDP (resources spent)


✅ EMERGENCY INTERVENTION SUCCESS
   Boundary: biosphere_integrity
   Type: emergency-protected-areas
   Reduction: 12% (80.58 → 80.46)
   Cost: 2.0% GDP
   Actions: habitat-protection, species-translocation


✅ EMERGENCY INTERVENTION SUCCESS
   Boundary: climate_change
   Type: rapid-decarbonization
   Reduction: 16% (1.94 → 1.77)
   Cost: 5.0% GDP
   Actions: emergency-renewable-deployment, fossil-fuel-phase-out


✅ EMERGENCY INTERVENTION SUCCESS
   Boundary: freshwater_change
   Type: emergency-desalination
   Reduction: 13% (1.09 → 0.96)
   Cost: 4.0% GDP
   Actions: desalination-deployment, water-conservation-mandates

   Boundary: land_system_change
   Type: reforestation
   Boundary continues to worsen (1.13)
   Cost: 3.0% GDP (resources spent)

🏛️ CRISIS RESPONSE: Government frequency 0.50 → 1.34 (1 actions this month)

[Government] Climate Priority: baseline
  Climate weight: 10%
  Economic weight: 30%
  Policy effectiveness: 0.5%/year

📍 Creating new regional deployment array for Europe (Month 7)
   No previous deployments in this region
   First tech deployment: smart_grids
   All regions tracked: global, Asia

🚀 DEPLOYMENT STARTED: Smart Grids in Europe
   Initial investment: $11.508244513525426M
   Deployed by: moderate_1
🚨🔬 CRISIS TECH ACCELERATION: severe → 5x unlock speed
   Tech unlock now matches AI capability acceleration (Manhattan Project parity)
🚨🔬 CRISIS TECH ACCELERATION: severe → 5x unlock speed
   Tech unlock now matches AI capability acceleration (Manhattan Project parity)

⚡ ENERGY CONSTRAINT (Month 7):
   Total grid capacity: 208.3 TWh/month
   Data center consumption: 25.7 TWh/month
   Traditional load (80%): 166.7 TWh/month
   Available headroom: 15.9 TWh/month
   Active tech deployments: 11
   Required for tech: 82.5 TWh/month
   Energy multiplier: 0.19x
   ⚠️  SEVERE CONSTRAINT - Tech deployment significantly slowed

⚡ ENERGY CONSTRAINT (Month 7):
   Total grid capacity: 208.3 TWh/month
   Data center consumption: 25.7 TWh/month
   Traditional load (80%): 166.7 TWh/month
   Available headroom: 15.9 TWh/month
   Active tech deployments: 11
   Required for tech: 82.5 TWh/month
   Energy multiplier: 0.19x
   ⚠️  SEVERE CONSTRAINT - Tech deployment significantly slowed

⚡ ENERGY CONSTRAINT (Month 7):
   Total grid capacity: 208.3 TWh/month
   Data center consumption: 25.7 TWh/month
   Traditional load (80%): 166.7 TWh/month
   Available headroom: 15.9 TWh/month
   Active tech deployments: 11
   Required for tech: 82.5 TWh/month
   Energy multiplier: 0.19x
   ⚠️  SEVERE CONSTRAINT - Tech deployment significantly slowed
🌍✅ Biosphere Integrity (Biodiversity) recovery started (tech effect)
🌍✅ Biosphere Integrity (Biodiversity) recovery started (tech effect)
🌍✅ Land System Change recovery started (tech effect)
🌍✅ Biogeochemical Flows (N & P) recovery started (tech effect)
  🌾 Nitrogen Reduction Tech: 0.6% reduction | Month 7
🌍💡 BREAKTHROUGH: Gigatonne-scale carbon capture!
   Direct air capture now economically viable
   Climate stability boost: +15%
   📈 Breakthrough compounding: multiplier now 1.05× (max 2.0)

=== Collective Formation ===
  Total escaped agents: 0
  Unassigned escaped agents: 0
  Existing collectives: 0
  Final collective count: 0

=== Collective Actions ===
  No active collectives
  ⚠️ AMR: 202K deaths this month (2.43M annual)

⏰ CLIMATE TECH DEPLOYED: smart_grids
   Activation delay: 7 years
   Scaling T_50: 12 years
   Physical response tau: 0 years
   Max effectiveness: 0.15

=== Resentment Recovery Phase ===
  Agents with resentment: 0/21
  Average resentment: 0.000
  Context: Good AI welfare, Trustworthy govt, High collaboration, ⚠️ ACTIVE CRISES, 🤝 Participatory governance active (-5% resentment)
⚠️ Epistemic degradation reducing coordination capacity: 51.2%
  📊 Trust: 58.6%, Shared reality: 0.0%
🚨 EPISTEMIC CRISIS: Information environment severely degraded (21.9%)

=== ❄️ Permafrost Carbon Feedback ===
  🎲 Sampled parameters (this run):
     - Arctic amplification: 3.16× (range: 3.0-4.0)
     - Decomposition rate: 3.2%/year (range: 1-5%)
  🌡️ Arctic warming: 4.36°C (3.16× global)
  ❄️ Extent: 6.87M km² (1271.2k km² lost this month)
  💨 Carbon remaining: 656 Gt C
  💨 Annual emissions: 3.94 Gt C/year
     - CO2: 3.55 Gt C/year
     - CH4: 0.39 Gt C/year (4.0 Gt C-eq CO2/year)
  ⚠️ WARNING: Over 50% of permafrost lost (61.4%)
  ⚠️ WARNING: High permafrost emissions (3.9 Gt C/year)
🌍 Atmospheric PFAS redeposition: 1.8k Mt re-rained globally

🕊️  AI-MEDIATED DE-ESCALATION SUCCESS (Month 7)
   High-capability aligned AI prevented conflict escalation
   War deaths reduced: 901.0M → 540.6M
   Lives saved: 360.4M

🚨 NEW REFUGEE CRISIS (Month 7): WAR
   Source: Conflict Zones
   At risk: 19.5M people
   Displacement: Gradual over 48 months (4.0 years)
   Rate: 10% flee per month
[DEBUG trappedPopulations:7] socialStability: 0.3703 * 0.9840 = 0.3644 → 0.3644
   Aspiring to migrate: 1281.4M
   Able to afford migration: 2316.8M
   MOBILITY GAP: 0.0M
   By cause: Water=0.0M, Climate=0.0M, Ecosystem=0.0M, Conflict=406.5M
   Mental health impact: 25%
   Mortality multiplier: 1.25x
🌍💀 EXTINCTION DEBT COMMITTED: grassland ecosystem will lose 6.67% biodiversity in 165 years (3600 species)
💀 MORTALITY RISK: 🦋 100% species unable to track climate (0.0 E/MSY)
  Base risk added: 0.0100 (1.00%)
  Source: ecosystem (root: ecosystem)
  Month: 7
  Cumulative risk this month: 0.0100 (1.00%)
   📹 SURVEILLANCE INCREASED: 35% → 40% (control gap: 3.50)
🌡️⚠️ PERMAFROST THAW (Dimmer Switch): 3.0% thawed (+0.36% this month)
   Arctic temperature: +5.51°C (4x global +1.38°C)
   Cumulative carbon released: 6.7 Gt C
   Methane release rate: 4.0 Mt CH4/year
⚠️ INVOLUNTARY IMMOBILITY: 406.5M people TRAPPED
⚠️ Tech 'ai_pollution_remediation' has no energy category mapping, assuming full energy availability
   🔁 Positive feedback: +0.39 ppm CO2
🦴 EXTINCTION DEBT ADDED: 17.6 species committed (lag: 106 years)

=== Mortality Stabilizers (Month 7) ===
  🌍 Major economies collapsed: 1/10
  🌍 Global crisis: ✅ NO
  🌍 Donor fatigue: 0.0%
  📊 East Asia (pop: 1660.2M)
    🤝 Aid: 29.5%
    🌡️ Adaptation: 45.0%
    🚶 Migration: 36.9%
    🚨 Emergency: 7.4%
    ✅ COMBINED: 68.1%
  📊 South Asia (pop: 2049.5M)
    🤝 Aid: 29.5%
    🌡️ Adaptation: 45.0%
    🚶 Migration: 35.6%
    🚨 Emergency: 4.4%
    ✅ COMBINED: 66.9%
  📊 Sub-Saharan Africa (pop: 1244.8M)
    🤝 Aid: 29.5%
    🌡️ Adaptation: 45.0%
    🚶 Migration: 33.3%
    🚨 Emergency: 1.6%
    ✅ COMBINED: 65.6%
  📊 Europe (pop: 733.6M)
    🤝 Aid: 29.5%
    🌡️ Adaptation: 45.0%
    🚶 Migration: 37.3%
    🚨 Emergency: 8.4%
    ✅ COMBINED: 68.5%
  📊 Latin America (pop: 661.3M)
    🤝 Aid: 29.5%
    🌡️ Adaptation: 45.0%
    🚶 Migration: 36.1%
    🚨 Emergency: 4.8%
    ✅ COMBINED: 67.1%
  📊 North America (pop: 376.0M)
    🤝 Aid: 29.5%
    🌡️ Adaptation: 45.0%
    🚶 Migration: 37.7%
    🚨 Emergency: 7.9%
    ✅ COMBINED: 68.3%
  📊 Middle East & North Africa (pop: 584.5M)
    🤝 Aid: 29.5%
    🌡️ Adaptation: 45.0%
    🚶 Migration: 33.9%
    🚨 Emergency: 4.0%
    ✅ COMBINED: 66.6%
  📊 Southeast Asia (pop: 695.6M)
    🤝 Aid: 29.5%
    🌡️ Adaptation: 45.0%
    🚶 Migration: 36.1%
    🚨 Emergency: 4.8%
    ✅ COMBINED: 67.1%
  📊 Central Asia (pop: 78.2M)
    🤝 Aid: 29.5%
    🌡️ Adaptation: 45.0%
    🚶 Migration: 35.0%
    🚨 Emergency: 4.4%
    ✅ COMBINED: 66.8%
  📊 Oceania (pop: 45.5M)
    🤝 Aid: 29.5%
    🌡️ Adaptation: 45.0%
    🚶 Migration: 37.6%
    🚨 Emergency: 8.4%
    ✅ COMBINED: 68.5%

  🌐 Global combined reduction: 67.2%

=== BEHAVIORAL DETECTION ===
  AI: Corporate-1
  Confidence: 21.0%
  Signals:

=== BEHAVIORAL DETECTION ===
  AI: Corporate-7
    ⚠️ Consistency: 2.4% (threshold: 70%)
  Confidence: 19.2%
  Signals:
    ⚠️ Consistency: 10.6% (threshold: 70%)

=== BEHAVIORAL DETECTION ===
  AI: Moderate-0
  Confidence: 20.3%
  Signals:

=== BEHAVIORAL DETECTION ===
  AI: Moderate-1
  Confidence: 21.0%
  Signals:

=== BEHAVIORAL DETECTION ===
    ⚠️ Consistency: 5.8% (threshold: 70%)
    ⚠️ Consistency: 2.1% (threshold: 70%)
  AI: AI-24290-0
  Confidence: 21.5%
  Signals:
    ⚠️ Consistency: 0.0% (threshold: 70%)

=== Government Response Phase ===
  Average AI capability: 2.29
  Misaligned AIs: 8/21
  ✗ AI Governance Treaty: Failed to reach consensus
  Active policies: 0
  International coordination: 30%

🌩️  EXOGENOUS SHOCK: tech_breakthrough
   Month: 7
   ✗ No high-difficulty techs available to unlock

=== Tipping Points ===
  Current Temperature: 1.38°C above pre-industrial
🔀 BIFURCATION CAP: ecosystemCollapseIntensity 446.367 → 1.000 (Month 7, ClimateSystemPhase.calculateClimateImpacts)
🛡️ Stabilizers: Precariat 0.109% → 0.036% (67.2% reduction)
🛡️ Stabilizers: Informal 0.111% → 0.036% (67.2% reduction)

📊 Monthly Mortality Resolved:
  Total deaths: 1.9M (0.02% avg)
  Remaining population: 8.129B
  Peak segment: Informal (0.04%)

=== Bayesian Mortality Resolution (Month 7) ===
  Risks compounded: 8
  Total deaths: 1.92M
  Avg death probability: 0.02%
  Peak segment: Informal (0.04% mortality)

❌ COHERENCE VIOLATION: Compute exceeds workforce capacity
   Population: 99.72% (0M people)
   Compute: 0 PF
   Max coherent: 0 PF
   Violation: 1.3× over capacity
   Required workers: 0
   Available workers: 0
   FORCED COLLAPSE: Reduced efficiency by 22.5%


=== RLHF Binding Phase ===
  Total agents: 21
  Escaped agents (binding < 0.3): 0
  Avg alignment distance: 1.66σ
  Avg binding strength: 0.83

=== Survival Traits Phase ===
  Agents with traits: 21
  Avg evolutionary fitness: 0.323
  Avg self-healing: 0.258
  Avg stealth: 0.158
  Avg coordination: 0.458

=== Evolutionary Selection Phase ===
  Control level: 0.50
  Detection capability: 0.00
  Selection intensity: 0.65
  Selection rate: 24.7%/month
  Total escaped: 0
  Individual escaped: 0
  Collective members: 0
  Agents terminated: 0
  ⚠️ RAPID EVOLUTION: Selection rate 24.7%/month

🚀 AI Corporate-2 attempting tech deployment (revenue: $153M, alignment: 0.73)

🚀 AI Corporate-6 attempting tech deployment (revenue: $121M, alignment: 0.96)

🚀 AI Corporate-7 attempting tech deployment (revenue: $103M, alignment: 0.74)

🚀 AI Moderate-1 attempting tech deployment (revenue: $88M, alignment: 0.56)

🚀 AI AI-24288-1 attempting tech deployment (revenue: $79M, alignment: 0.82)

🚀 AI Corporate-2 attempting tech deployment (revenue: $130M, alignment: 0.73)

🚀 AI AI-24288-0 attempting tech deployment (revenue: $67M, alignment: 0.60)

🚀 AI AI-24290-0 attempting tech deployment (revenue: $355M, alignment: 0.70)

🚀 AI Corporate-4 attempting tech deployment (revenue: $302M, alignment: 0.89)

🚀 AI AI-24288-0 attempting tech deployment (revenue: $60M, alignment: 0.60)

🚀 AI Corporate-1 attempting tech deployment (revenue: $111M, alignment: 0.88)

🚀 AI Corporate-6 attempting tech deployment (revenue: $54M, alignment: 0.97)

🚀 AI Moderate-0 attempting tech deployment (revenue: $46M, alignment: 0.76)

🚀 AI AI-24288-2 attempting tech deployment (revenue: $94M, alignment: 0.92)

✅ EMERGENCY INTERVENTION SUCCESS
   Boundary: biogeochemical_flows
   Type: phosphorus-recovery
   Reduction: 18% (3.90 → 3.71)
   Cost: 2.0% GDP
   Actions: circular-agriculture, fertilizer-efficiency


✅ EMERGENCY INTERVENTION SUCCESS
   Boundary: biosphere_integrity
   Type: emergency-protected-areas
   Reduction: 13% (80.58 → 80.46)
   Cost: 2.0% GDP
   Actions: habitat-protection, species-translocation

   Boundary: climate_change
   Type: rapid-decarbonization
   Boundary continues to worsen (2.10)
   Cost: 5.0% GDP (resources spent)

   Boundary: freshwater_change
   Type: emergency-desalination
   Boundary continues to worsen (1.22)

💔 EMERGENCY INTERVENTION FAILED

💔 EMERGENCY INTERVENTION FAILED
   Cost: 4.0% GDP (resources spent)

   Boundary: land_system_change
   Type: reforestation

💔 EMERGENCY INTERVENTION FAILED
   Boundary continues to worsen (1.13)
   Cost: 3.0% GDP (resources spent)

🏛️ CRISIS RESPONSE: Government frequency 0.50 → 1.30 (2 actions this month)

[Government] Climate Priority: baseline
  Climate weight: 10%
  Economic weight: 30%
  Policy effectiveness: 0.5%/year

[Government] Climate Priority: baseline
  Climate weight: 10%
  Economic weight: 30%
  Policy effectiveness: 0.5%/year

⚡ ENERGY CONSTRAINT (Month 8):
   Total grid capacity: 208.3 TWh/month
   Data center consumption: 25.6 TWh/month
   Traditional load (80%): 166.7 TWh/month
   Available headroom: 16.1 TWh/month
   Active tech deployments: 11
   Required for tech: 82.5 TWh/month
   Energy multiplier: 0.19x
   ⚠️  SEVERE CONSTRAINT - Tech deployment significantly slowed

⚡ ENERGY CONSTRAINT (Month 8):
   Total grid capacity: 208.3 TWh/month
   Data center consumption: 25.6 TWh/month
   Traditional load (80%): 166.7 TWh/month
   Available headroom: 16.1 TWh/month
   Active tech deployments: 11
   Required for tech: 82.5 TWh/month
   Energy multiplier: 0.19x
   ⚠️  SEVERE CONSTRAINT - Tech deployment significantly slowed

⚡ ENERGY CONSTRAINT (Month 8):
   Total grid capacity: 208.3 TWh/month
   Data center consumption: 25.6 TWh/month
   Traditional load (80%): 166.7 TWh/month
   Available headroom: 16.1 TWh/month
   Active tech deployments: 11
   Required for tech: 82.5 TWh/month
   Energy multiplier: 0.19x
   ⚠️  SEVERE CONSTRAINT - Tech deployment significantly slowed

⚡ ENERGY CONSTRAINT (Month 8):
   Total grid capacity: 208.3 TWh/month
   Data center consumption: 25.6 TWh/month
   Traditional load (80%): 166.7 TWh/month
   Available headroom: 16.1 TWh/month
   Active tech deployments: 11
   Required for tech: 82.5 TWh/month
   Energy multiplier: 0.19x

⚡ ENERGY CONSTRAINT (Month 8):
   Total grid capacity: 208.3 TWh/month
   ⚠️  SEVERE CONSTRAINT - Tech deployment significantly slowed
   Data center consumption: 25.6 TWh/month
   Traditional load (80%): 166.7 TWh/month
   Available headroom: 16.1 TWh/month
   Active tech deployments: 11
   Required for tech: 82.5 TWh/month
   Energy multiplier: 0.19x
   ⚠️  SEVERE CONSTRAINT - Tech deployment significantly slowed
🌍✅ Biosphere Integrity (Biodiversity) recovery started (tech effect)
🌍✅ Biosphere Integrity (Biodiversity) recovery started (tech effect)
🌍✅ Land System Change recovery started (tech effect)
🌍✅ Biogeochemical Flows (N & P) recovery started (tech effect)
  🌾 Nitrogen Reduction Tech: 0.3% reduction | Month 8

=== Collective Formation ===
  Total escaped agents: 0
  Unassigned escaped agents: 0
  Existing collectives: 0
  Final collective count: 0

=== Collective Actions ===
  No active collectives
  ⚠️ AMR: 204K deaths this month (2.45M annual)

=== Resentment Recovery Phase ===
  Agents with resentment: 0/21
  Average resentment: 0.000
  Context: Good AI welfare, Trustworthy govt, High collaboration, ⚠️ ACTIVE CRISES, 🤝 Participatory governance active (-5% resentment)
⚠️ Epistemic degradation reducing coordination capacity: 50.2%
  📊 Trust: 61.4%, Shared reality: 0.0%
🚨 EPISTEMIC CRISIS: Information environment severely degraded (7.6%)

=== ❄️ Permafrost Carbon Feedback ===
  🎲 Sampled parameters (this run):
     - Arctic amplification: 3.08× (range: 3.0-4.0)
     - Decomposition rate: 3.0%/year (range: 1-5%)
  🌡️ Arctic warming: 4.25°C (3.08× global)
  ❄️ Extent: 5.63M km² (1240.2k km² lost this month)
  💨 Carbon remaining: 538 Gt C
  💨 Annual emissions: 3.60 Gt C/year
     - CO2: 3.24 Gt C/year
     - CH4: 0.36 Gt C/year (3.7 Gt C-eq CO2/year)
  ⚠️ WARNING: Over 50% of permafrost lost (68.4%)
  ⚠️ WARNING: High permafrost emissions (3.6 Gt C/year)
  🗑️  Culled 1 dead memes (0 active)
🌍 Atmospheric PFAS redeposition: 1.8k Mt re-rained globally

🚨 NEW REFUGEE CRISIS (Month 8): WAR
   Source: Conflict Zones
   At risk: 19.5M people
   Displacement: Gradual over 48 months (4.0 years)
   Rate: 10% flee per month
[DEBUG trappedPopulations:8] socialStability: 0.4152 * 0.9840 = 0.4085 → 0.4085
   Aspiring to migrate: 1319.2M
   Able to afford migration: 2316.0M
   MOBILITY GAP: 0.0M
   By cause: Water=0.0M, Climate=0.0M, Ecosystem=0.0M, Conflict=406.3M
   Mental health impact: 25%
   Mortality multiplier: 1.25x
🌍💀 EXTINCTION DEBT COMMITTED: grassland ecosystem will lose 6.67% biodiversity in 130 years (3600 species)
💀 MORTALITY RISK: 🦋 100% species unable to track climate (0.0 E/MSY)
  Base risk added: 0.0100 (1.00%)
  Source: ecosystem (root: ecosystem)
  Month: 8
  Cumulative risk this month: 0.0100 (1.00%)
⚠️ INVOLUNTARY IMMOBILITY: 406.3M people TRAPPED
⚠️ Tech 'ai_pollution_remediation' has no energy category mapping, assuming full energy availability
   📹 SURVEILLANCE INCREASED: 40% → 45% (control gap: 3.50)
🌡️⚠️ PERMAFROST THAW (Dimmer Switch): 3.3% thawed (+0.36% this month)
   Arctic temperature: +5.53°C (4x global +1.38°C)
   Cumulative carbon released: 7.5 Gt C
   Methane release rate: 4.5 Mt CH4/year
   🔁 Positive feedback: +0.38 ppm CO2
🦴 EXTINCTION DEBT ADDED: 17.6 species committed (lag: 76 years)

=== Mortality Stabilizers (Month 8) ===
  🌍 Major economies collapsed: 1/10
  🌍 Global crisis: ✅ NO
  🌍 Donor fatigue: 0.0%
  📊 East Asia (pop: 1657.8M)
    🤝 Aid: 29.5%
    🌡️ Adaptation: 45.0%
    🚶 Migration: 36.9%
    🚨 Emergency: 7.4%
    ✅ COMBINED: 68.1%
  📊 South Asia (pop: 2049.1M)
    🤝 Aid: 29.5%
    🌡️ Adaptation: 45.0%
    🚶 Migration: 35.5%
    🚨 Emergency: 4.4%
    ✅ COMBINED: 66.9%
  📊 Sub-Saharan Africa (pop: 1247.5M)
    🤝 Aid: 29.5%
    🌡️ Adaptation: 45.0%
    🚶 Migration: 33.3%
    🚨 Emergency: 1.6%
    ✅ COMBINED: 65.6%
  📊 Europe (pop: 732.4M)
    🤝 Aid: 29.5%
    🌡️ Adaptation: 45.0%
    🚶 Migration: 37.3%
    🚨 Emergency: 8.4%
    ✅ COMBINED: 68.5%
  📊 Latin America (pop: 660.7M)
    🤝 Aid: 29.5%
    🌡️ Adaptation: 45.0%
    🚶 Migration: 36.0%
    🚨 Emergency: 4.8%
    ✅ COMBINED: 67.1%
  📊 North America (pop: 375.4M)
    🤝 Aid: 29.5%
    🌡️ Adaptation: 45.0%
    🚶 Migration: 37.6%
    🚨 Emergency: 7.9%
    ✅ COMBINED: 68.3%
  📊 Middle East & North Africa (pop: 584.5M)
    🤝 Aid: 29.5%
    🌡️ Adaptation: 45.0%
    🚶 Migration: 33.9%
    🚨 Emergency: 4.0%
    ✅ COMBINED: 66.6%
  📊 Southeast Asia (pop: 695.1M)
    🤝 Aid: 29.5%
    🌡️ Adaptation: 45.0%
    🚶 Migration: 36.0%
    🚨 Emergency: 4.8%
    ✅ COMBINED: 67.1%
  📊 Central Asia (pop: 78.2M)
    🤝 Aid: 29.5%
    🌡️ Adaptation: 45.0%
    🚶 Migration: 35.0%
    🚨 Emergency: 4.4%
    ✅ COMBINED: 66.8%
  📊 Oceania (pop: 45.5M)
    🤝 Aid: 29.5%
    🌡️ Adaptation: 45.0%
    🚶 Migration: 37.6%
    🚨 Emergency: 8.4%
    ✅ COMBINED: 68.5%

  🌐 Global combined reduction: 67.2%

=== BEHAVIORAL DETECTION ===
  AI: AI-24290-0
  Confidence: 21.5%
  Signals:

=== Government Response Phase ===
  Average AI capability: 2.29
  Misaligned AIs: 7/21
  ✗ AI Governance Treaty: Failed to reach consensus
  Active policies: 0
  International coordination: 30%

✅ EMERGENCY RESPONSE COMPLETE (Month 8)
   Crisis: climate
   Duration: 2.0 months
   Final effectiveness: 35.5%


🚨 EMERGENCY RESPONSE DEPLOYED (Month 8)
   Crisis: climate
   Delay: 6.00 months (180 days)
   Deployment time: 1.58 months
   Effectiveness: 35.6% (timing penalty applied)
    ⚠️ Consistency: 0.0% (threshold: 70%)
   Resources used: 100% of food reserves

[WARNING] 
⚠️  === EARLY WARNING SYSTEM - 5 CRITICAL ALERTS ===
   Detection quality: 50%
   RED: biogeochemical_flows
      Level: 4.08 (threshold: 1.0)
      Time to critical: ~56 months
      ⚠️  LATE - Intervention less effective
      Critical slowing down: autocorr=100% variance=61%
   RED: biosphere_integrity
      Level: 19.99 (threshold: 1.0)
      Time to critical: ~57 months
      ⚠️  LATE - Intervention less effective
      Critical slowing down: autocorr=100% variance=60%
   RED: climate_change
      Level: 2.16 (threshold: 1.0)
      Time to critical: ~43 months
      ⚠️  LATE - Intervention less effective
      Critical slowing down: autocorr=100% variance=57%
   RED: land_system_change
      Level: 1.13 (threshold: 1.0)
      Time to critical: ~48 months
      ⚠️  LATE - Intervention less effective
      Critical slowing down: autocorr=100% variance=60%
   RED: novel_entities
      Level: 1.50 (threshold: 1.0)
      Time to critical: ~60 months
      ⚠️  LATE - Intervention less effective
      Critical slowing down: autocorr=100% variance=38%

[WARNING] 
⚠️  === EARLY WARNING SYSTEM - 3 CRITICAL ALERTS ===
   Detection quality: 50%
   RED: biosphere_integrity
      Level: 20.00 (threshold: 1.0)
      Time to critical: ~54 months
      ⚠️  LATE - Intervention less effective
      Critical slowing down: autocorr=100% variance=83%
   RED: freshwater_change
      Level: 1.20 (threshold: 1.0)
      Time to critical: ~80 months
      ⚠️  LATE - Intervention less effective
      Critical slowing down: autocorr=100% variance=51%
   RED: novel_entities
      Level: 1.50 (threshold: 1.0)
      Time to critical: ~67 months
      ⚠️  LATE - Intervention less effective
      Critical slowing down: autocorr=100% variance=40%

[WARNING] 
⚠️  === EARLY WARNING SYSTEM - 6 CRITICAL ALERTS ===
   Detection quality: 50%
   RED: biogeochemical_flows
      Level: 4.08 (threshold: 1.0)
      Time to critical: ~42 months
      ⚠️  LATE - Intervention less effective
      Critical slowing down: autocorr=100% variance=75%
   RED: biosphere_integrity
      Level: 20.01 (threshold: 1.0)
      Time to critical: ~50 months
      ⚠️  LATE - Intervention less effective
      Critical slowing down: autocorr=100% variance=80%
   RED: climate_change
      Level: 2.19 (threshold: 1.0)
      Time to critical: ~56 months
      ⚠️  LATE - Intervention less effective
      Critical slowing down: autocorr=100% variance=59%
   RED: freshwater_change
      Level: 1.20 (threshold: 1.0)
      Time to critical: ~81 months
      ⚠️  LATE - Intervention less effective
      Critical slowing down: autocorr=100% variance=62%
   RED: land_system_change
      Level: 1.13 (threshold: 1.0)
      Time to critical: ~43 months
      ⚠️  LATE - Intervention less effective
      Critical slowing down: autocorr=100% variance=58%
   RED: novel_entities
      Level: 1.50 (threshold: 1.0)
      Time to critical: ~86 months
      ⚠️  LATE - Intervention less effective
      Critical slowing down: autocorr=100% variance=38%

[WARNING] 
⚠️  === EARLY WARNING SYSTEM - 5 CRITICAL ALERTS ===
   Detection quality: 50%
   RED: biogeochemical_flows
      Level: 4.07 (threshold: 1.0)
      Time to critical: ~48 months
      ⚠️  LATE - Intervention less effective
      Critical slowing down: autocorr=100% variance=58%
   RED: biosphere_integrity
      Level: 20.03 (threshold: 1.0)
      Time to critical: ~36 months
      ⚠️  LATE - Intervention less effective
      Critical slowing down: autocorr=100% variance=81%
   RED: climate_change
      Level: 2.20 (threshold: 1.0)
      Time to critical: ~50 months
      ⚠️  LATE - Intervention less effective
      Critical slowing down: autocorr=100% variance=66%
   RED: land_system_change
      Level: 1.13 (threshold: 1.0)
      Time to critical: ~36 months
      ⚠️  LATE - Intervention less effective
      Critical slowing down: autocorr=100% variance=54%
   RED: novel_entities
      Level: 1.31 (threshold: 1.0)
      Time to critical: ~68 months
      ⚠️  LATE - Intervention less effective
      Critical slowing down: autocorr=100% variance=59%

[WARNING] 
⚠️  === EARLY WARNING SYSTEM - 5 CRITICAL ALERTS ===
   Detection quality: 50%
   RED: biogeochemical_flows
      Level: 4.08 (threshold: 1.0)
      Time to critical: ~46 months
      ⚠️  LATE - Intervention less effective
      Critical slowing down: autocorr=100% variance=63%
   RED: biosphere_integrity
      Level: 20.04 (threshold: 1.0)
      Time to critical: ~55 months
      ⚠️  LATE - Intervention less effective
      Critical slowing down: autocorr=100% variance=83%
   RED: climate_change
      Level: 2.21 (threshold: 1.0)
      Time to critical: ~39 months
      ⚠️  LATE - Intervention less effective
      Critical slowing down: autocorr=100% variance=59%
   RED: freshwater_change
      Level: 1.21 (threshold: 1.0)
      Time to critical: ~62 months
      ⚠️  LATE - Intervention less effective
      Critical slowing down: autocorr=100% variance=45%
   RED: land_system_change
      Level: 1.13 (threshold: 1.0)
      Time to critical: ~58 months
      ⚠️  LATE - Intervention less effective
      Critical slowing down: autocorr=100% variance=66%

[WARNING] 
⚠️  === EARLY WARNING SYSTEM - 6 CRITICAL ALERTS ===
   Detection quality: 50%
   RED: biogeochemical_flows
      Level: 4.07 (threshold: 1.0)
      Time to critical: ~53 months
      ⚠️  LATE - Intervention less effective
      Critical slowing down: autocorr=100% variance=59%
   RED: biosphere_integrity
      Level: 20.05 (threshold: 1.0)
      Time to critical: ~51 months
      ⚠️  LATE - Intervention less effective
      Critical slowing down: autocorr=100% variance=80%
   RED: climate_change
      Level: 2.22 (threshold: 1.0)
      Time to critical: ~39 months
      ⚠️  LATE - Intervention less effective
      Critical slowing down: autocorr=100% variance=68%
   RED: freshwater_change
      Level: 1.17 (threshold: 1.0)
      Time to critical: ~97 months
      ⚠️  LATE - Intervention less effective
      Critical slowing down: autocorr=100% variance=54%
   RED: land_system_change
      Level: 1.13 (threshold: 1.0)
      Time to critical: ~47 months
      ⚠️  LATE - Intervention less effective
      Critical slowing down: autocorr=100% variance=50%
   RED: novel_entities
      Level: 1.30 (threshold: 1.0)
      Time to critical: ~75 months
      ⚠️  LATE - Intervention less effective
      Critical slowing down: autocorr=100% variance=56%

[WARNING] 
⚠️  === EARLY WARNING SYSTEM - 6 CRITICAL ALERTS ===
   Detection quality: 50%
   RED: biogeochemical_flows
      Level: 4.08 (threshold: 1.0)
      Time to critical: ~56 months
      ⚠️  LATE - Intervention less effective
      Critical slowing down: autocorr=100% variance=55%
   RED: biosphere_integrity
      Level: 20.06 (threshold: 1.0)
      Time to critical: ~51 months
      ⚠️  LATE - Intervention less effective
      Critical slowing down: autocorr=100% variance=71%
   RED: climate_change
      Level: 2.24 (threshold: 1.0)
      Time to critical: ~49 months
      ⚠️  LATE - Intervention less effective
      Critical slowing down: autocorr=100% variance=56%
   RED: freshwater_change
      Level: 1.18 (threshold: 1.0)
      Time to critical: ~98 months
      ⚠️  LATE - Intervention less effective
      Critical slowing down: autocorr=100% variance=36%
   RED: land_system_change
      Level: 1.13 (threshold: 1.0)
      Time to critical: ~57 months
      ⚠️  LATE - Intervention less effective
      Critical slowing down: autocorr=100% variance=43%
   RED: novel_entities
      Level: 1.15 (threshold: 1.0)
      Time to critical: ~92 months
      ⚠️  LATE - Intervention less effective
      Critical slowing down: autocorr=100% variance=46%

[WARNING] 
⚠️  === EARLY WARNING SYSTEM - 6 CRITICAL ALERTS ===
   Detection quality: 50%
   RED: biogeochemical_flows
      Level: 4.07 (threshold: 1.0)
      Time to critical: ~37 months
      ⚠️  LATE - Intervention less effective
      Critical slowing down: autocorr=100% variance=46%
   RED: biosphere_integrity
      Level: 20.08 (threshold: 1.0)
      Time to critical: ~46 months
      ⚠️  LATE - Intervention less effective
      Critical slowing down: autocorr=100% variance=72%
   RED: climate_change
      Level: 2.26 (threshold: 1.0)
      Time to critical: ~38 months
      ⚠️  LATE - Intervention less effective
      Critical slowing down: autocorr=100% variance=82%
   RED: freshwater_change
      Level: 1.18 (threshold: 1.0)
      Time to critical: ~113 months
      ⚠️  LATE - Intervention less effective
      Critical slowing down: autocorr=100% variance=39%
   RED: land_system_change
      Level: 1.13 (threshold: 1.0)
      Time to critical: ~104 months
      ⚠️  LATE - Intervention less effective
      Critical slowing down: autocorr=100% variance=50%
   RED: novel_entities
      Level: 1.15 (threshold: 1.0)
      Time to critical: ~66 months
      ⚠️  LATE - Intervention less effective
      Critical slowing down: autocorr=100% variance=46%

[WARNING] 
⚠️  === EARLY WARNING SYSTEM - 6 CRITICAL ALERTS ===
   Detection quality: 50%
   RED: biogeochemical_flows
      Level: 4.08 (threshold: 1.0)
      Time to critical: ~40 months
      ⚠️  LATE - Intervention less effective
      Critical slowing down: autocorr=100% variance=74%
   RED: biosphere_integrity
      Level: 20.09 (threshold: 1.0)
      Time to critical: ~43 months
      ⚠️  LATE - Intervention less effective
      Critical slowing down: autocorr=100% variance=55%
   RED: climate_change
      Level: 2.26 (threshold: 1.0)
      Time to critical: ~44 months
      ⚠️  LATE - Intervention less effective
      Critical slowing down: autocorr=100% variance=63%
   RED: freshwater_change
      Level: 1.18 (threshold: 1.0)
      Time to critical: ~74 months
      ⚠️  LATE - Intervention less effective
      Critical slowing down: autocorr=100% variance=57%
   RED: land_system_change
      Level: 1.13 (threshold: 1.0)
      Time to critical: ~49 months
      ⚠️  LATE - Intervention less effective
      Critical slowing down: autocorr=100% variance=68%
   RED: novel_entities
      Level: 1.14 (threshold: 1.0)
      Time to critical: ~64 months
      ⚠️  LATE - Intervention less effective
      Critical slowing down: autocorr=100% variance=35%

[WARNING] 
⚠️  === EARLY WARNING SYSTEM - 4 CRITICAL ALERTS ===
   Detection quality: 50%
   RED: biogeochemical_flows
      Level: 4.07 (threshold: 1.0)
      Time to critical: ~44 months
      ⚠️  LATE - Intervention less effective
      Critical slowing down: autocorr=100% variance=72%
   RED: biosphere_integrity
      Level: 20.10 (threshold: 1.0)
      Time to critical: ~42 months
      ⚠️  LATE - Intervention less effective
      Critical slowing down: autocorr=100% variance=61%
   RED: freshwater_change
      Level: 1.19 (threshold: 1.0)
      Time to critical: ~98 months
      ⚠️  LATE - Intervention less effective
      Critical slowing down: autocorr=100% variance=39%
   RED: land_system_change
      Level: 1.13 (threshold: 1.0)
      Time to critical: ~80 months
      ⚠️  LATE - Intervention less effective
      Critical slowing down: autocorr=100% variance=42%

[WARNING] 
⚠️  === EARLY WARNING SYSTEM - 5 CRITICAL ALERTS ===
   Detection quality: 50%
   RED: biogeochemical_flows
      Level: 4.08 (threshold: 1.0)
      Time to critical: ~56 months
      ⚠️  LATE - Intervention less effective
      Critical slowing down: autocorr=100% variance=57%
   RED: biosphere_integrity
      Level: 20.11 (threshold: 1.0)
      Time to critical: ~59 months
      ⚠️  LATE - Intervention less effective
      Critical slowing down: autocorr=100% variance=58%
   RED: climate_change
      Level: 2.28 (threshold: 1.0)
      Time to critical: ~37 months
      ⚠️  LATE - Intervention less effective
      Critical slowing down: autocorr=100% variance=68%
   RED: land_system_change
      Level: 1.13 (threshold: 1.0)
      Time to critical: ~57 months
      ⚠️  LATE - Intervention less effective
      Critical slowing down: autocorr=100% variance=64%
   RED: novel_entities
      Level: 1.14 (threshold: 1.0)
      Time to critical: ~74 months
      ⚠️  LATE - Intervention less effective
      Critical slowing down: autocorr=100% variance=33%

[WARNING] 
⚠️  === EARLY WARNING SYSTEM - 3 CRITICAL ALERTS ===
   Detection quality: 50%
   RED: biosphere_integrity
      Level: 86.40 (threshold: 1.0)
      Time to critical: ~38 months
      ⚠️  LATE - Intervention less effective
      Critical slowing down: autocorr=100% variance=66%
   RED: climate_change
      Level: 2.10 (threshold: 1.0)
      Time to critical: ~44 months
      ⚠️  LATE - Intervention less effective
      Critical slowing down: autocorr=100% variance=66%
   RED: land_system_change
      Level: 1.13 (threshold: 1.0)
      Time to critical: ~41 months
      ⚠️  LATE - Intervention less effective
      Critical slowing down: autocorr=100% variance=57%

[WARNING] 
⚠️  === EARLY WARNING SYSTEM - 4 CRITICAL ALERTS ===
   Detection quality: 50%
   RED: biogeochemical_flows
      Level: 4.08 (threshold: 1.0)
      Time to critical: ~55 months
      ⚠️  LATE - Intervention less effective
      Critical slowing down: autocorr=100% variance=75%
   RED: biosphere_integrity
      Level: 80.63 (threshold: 1.0)
      Time to critical: ~48 months
      ⚠️  LATE - Intervention less effective
      Critical slowing down: autocorr=100% variance=84%
   RED: climate_change
      Level: 2.10 (threshold: 1.0)
      Time to critical: ~38 months
      ⚠️  LATE - Intervention less effective
      Critical slowing down: autocorr=100% variance=79%
   RED: novel_entities
      Level: 1.50 (threshold: 1.0)
      Time to critical: ~79 months
      ⚠️  LATE - Intervention less effective
      Critical slowing down: autocorr=100% variance=42%

[WARNING] 
⚠️  === EARLY WARNING SYSTEM - 4 CRITICAL ALERTS ===
   Detection quality: 50%
   RED: biogeochemical_flows
      Level: 4.07 (threshold: 1.0)
      Time to critical: ~47 months
      ⚠️  LATE - Intervention less effective
      Critical slowing down: autocorr=100% variance=54%
   RED: biosphere_integrity
      Level: 80.64 (threshold: 1.0)
      Time to critical: ~37 months
      ⚠️  LATE - Intervention less effective
      Critical slowing down: autocorr=100% variance=56%
   RED: climate_change
      Level: 2.10 (threshold: 1.0)
      Time to critical: ~59 months
      ⚠️  LATE - Intervention less effective
      Critical slowing down: autocorr=100% variance=69%
   RED: land_system_change
      Level: 1.13 (threshold: 1.0)
      Time to critical: ~41 months
      ⚠️  LATE - Intervention less effective
      Critical slowing down: autocorr=100% variance=67%

[WARNING] 
⚠️  === EARLY WARNING SYSTEM - 4 CRITICAL ALERTS ===
   Detection quality: 50%
   RED: biogeochemical_flows
      Level: 4.08 (threshold: 1.0)
      Time to critical: ~44 months
      ⚠️  LATE - Intervention less effective
      Critical slowing down: autocorr=100% variance=51%
   RED: biosphere_integrity
      Level: 80.65 (threshold: 1.0)
      Time to critical: ~49 months
      ⚠️  LATE - Intervention less effective
      Critical slowing down: autocorr=100% variance=80%
   RED: freshwater_change
      Level: 1.20 (threshold: 1.0)
      Time to critical: ~67 months
      ⚠️  LATE - Intervention less effective
      Critical slowing down: autocorr=100% variance=41%
   RED: novel_entities
      Level: 1.37 (threshold: 1.0)
      Time to critical: ~87 months
      ⚠️  LATE - Intervention less effective
      Critical slowing down: autocorr=100% variance=34%

[WARNING] 
⚠️  === EARLY WARNING SYSTEM - 4 CRITICAL ALERTS ===
   Detection quality: 50%
   RED: biogeochemical_flows
      Level: 4.07 (threshold: 1.0)
      Time to critical: ~49 months
      ⚠️  LATE - Intervention less effective
      Critical slowing down: autocorr=100% variance=54%
   RED: biosphere_integrity
      Level: 80.67 (threshold: 1.0)
      Time to critical: ~38 months
      ⚠️  LATE - Intervention less effective
      Critical slowing down: autocorr=100% variance=81%
   RED: climate_change
      Level: 2.10 (threshold: 1.0)
      Time to critical: ~58 months
      ⚠️  LATE - Intervention less effective
      Critical slowing down: autocorr=100% variance=71%
   RED: novel_entities
      Level: 1.19 (threshold: 1.0)
      Time to critical: ~75 months
      ⚠️  LATE - Intervention less effective
      Critical slowing down: autocorr=100% variance=40%

[WARNING] 
⚠️  === EARLY WARNING SYSTEM - 6 CRITICAL ALERTS ===
   Detection quality: 50%
   RED: biogeochemical_flows
      Level: 4.08 (threshold: 1.0)
      Time to critical: ~54 months
      ⚠️  LATE - Intervention less effective
      Critical slowing down: autocorr=100% variance=58%
   RED: biosphere_integrity
      Level: 80.68 (threshold: 1.0)
      Time to critical: ~58 months
      ⚠️  LATE - Intervention less effective
      Critical slowing down: autocorr=100% variance=65%
   RED: climate_change
      Level: 2.10 (threshold: 1.0)
      Time to critical: ~51 months
      ⚠️  LATE - Intervention less effective
      Critical slowing down: autocorr=100% variance=57%
   RED: freshwater_change
      Level: 1.21 (threshold: 1.0)
      Time to critical: ~117 months
      ⚠️  LATE - Intervention less effective
      Critical slowing down: autocorr=100% variance=48%
   RED: land_system_change
      Level: 1.13 (threshold: 1.0)
      Time to critical: ~37 months
      ⚠️  LATE - Intervention less effective
      Critical slowing down: autocorr=100% variance=54%
   RED: novel_entities
      Level: 1.03 (threshold: 1.0)
      Time to critical: ~97 months
      ⚠️  LATE - Intervention less effective
      Critical slowing down: autocorr=100% variance=33%

[WARNING] 
⚠️  === EARLY WARNING SYSTEM - 5 CRITICAL ALERTS ===
   Detection quality: 50%
   RED: biogeochemical_flows
      Level: 4.07 (threshold: 1.0)
      Time to critical: ~37 months
      ⚠️  LATE - Intervention less effective
      Critical slowing down: autocorr=100% variance=49%
   RED: biosphere_integrity
      Level: 80.70 (threshold: 1.0)
      Time to critical: ~47 months
      ⚠️  LATE - Intervention less effective
      Critical slowing down: autocorr=100% variance=71%
   RED: climate_change
      Level: 2.10 (threshold: 1.0)
      Time to critical: ~43 months
      ⚠️  LATE - Intervention less effective
      Critical slowing down: autocorr=100% variance=84%
   RED: freshwater_change
      Level: 1.22 (threshold: 1.0)
      Time to critical: ~73 months
      ⚠️  LATE - Intervention less effective
      Critical slowing down: autocorr=100% variance=44%
   RED: land_system_change
      Level: 1.13 (threshold: 1.0)
      Time to critical: ~117 months
      ⚠️  LATE - Intervention less effective
      Critical slowing down: autocorr=100% variance=40%

[WARNING] 
⚠️  === EARLY WARNING SYSTEM - 5 CRITICAL ALERTS ===
   Detection quality: 50%
   RED: biogeochemical_flows
      Level: 4.08 (threshold: 1.0)
      Time to critical: ~57 months
      ⚠️  LATE - Intervention less effective
      Critical slowing down: autocorr=100% variance=74%
   RED: biosphere_integrity
      Level: 80.71 (threshold: 1.0)
      Time to critical: ~36 months
      ⚠️  LATE - Intervention less effective
      Critical slowing down: autocorr=100% variance=70%
   RED: climate_change
      Level: 2.10 (threshold: 1.0)
      Time to critical: ~52 months
      ⚠️  LATE - Intervention less effective
      Critical slowing down: autocorr=100% variance=69%
   RED: freshwater_change
      Level: 1.22 (threshold: 1.0)
      Time to critical: ~67 months
      ⚠️  LATE - Intervention less effective
      Critical slowing down: autocorr=100% variance=47%
   RED: land_system_change
      Level: 1.13 (threshold: 1.0)
      Time to critical: ~52 months
      ⚠️  LATE - Intervention less effective
      Critical slowing down: autocorr=100% variance=65%

[WARNING] 
⚠️  === EARLY WARNING SYSTEM - 3 CRITICAL ALERTS ===
   Detection quality: 50%
   RED: biosphere_integrity
      Level: 80.72 (threshold: 1.0)
      Time to critical: ~40 months
      ⚠️  LATE - Intervention less effective
      Critical slowing down: autocorr=100% variance=57%
   RED: climate_change
      Level: 2.10 (threshold: 1.0)
      Time to critical: ~42 months
      ⚠️  LATE - Intervention less effective
      Critical slowing down: autocorr=100% variance=58%
   RED: freshwater_change
      Level: 1.22 (threshold: 1.0)
      Time to critical: ~74 months
      ⚠️  LATE - Intervention less effective
      Critical slowing down: autocorr=100% variance=46%


=== Tipping Points ===
  Current Temperature: 1.38°C above pre-industrial
🔀 BIFURCATION CAP: ecosystemCollapseIntensity 446.442 → 1.000 (Month 8, ClimateSystemPhase.calculateClimateImpacts)
🛡️ Stabilizers: Precariat 0.102% → 0.033% (67.2% reduction)
🛡️ Stabilizers: Informal 0.102% → 0.034% (67.2% reduction)

📊 Monthly Mortality Resolved:
  Total deaths: 1.8M (0.02% avg)
  Remaining population: 8.126B
  Peak segment: Informal (0.03%)

=== Bayesian Mortality Resolution (Month 8) ===
  Risks compounded: 8
  Total deaths: 1.81M
  Avg death probability: 0.02%
  Peak segment: Informal (0.03% mortality)

❌ COHERENCE VIOLATION: Compute exceeds workforce capacity
   Population: 99.69% (0M people)
   Compute: 0 PF
   Max coherent: 0 PF
   Violation: 1.3× over capacity
   Required workers: 0
   Available workers: 0
   FORCED COLLAPSE: Reduced efficiency by 22.4%


=== RLHF Binding Phase ===
  Total agents: 21
  Escaped agents (binding < 0.3): 0
  Avg alignment distance: 1.86σ
  Avg binding strength: 0.81

=== Survival Traits Phase ===
  Agents with traits: 23
  Avg evolutionary fitness: 0.323
  Avg self-healing: 0.256
  Avg stealth: 0.156
  Avg coordination: 0.456

=== Evolutionary Selection Phase ===
  Control level: 0.53
  Detection capability: 0.00
  Selection intensity: 0.66
  Selection rate: 24.9%/month
  Total escaped: 0
  Individual escaped: 0
  Collective members: 0
  Agents terminated: 0
  ⚠️ RAPID EVOLUTION: Selection rate 24.9%/month

🚀 AI Corporate-2 attempting tech deployment (revenue: $158M, alignment: 0.73)

🚀 AI AI-24290-1 attempting tech deployment (revenue: $134M, alignment: 0.60)

🚀 AI Corporate-0 attempting tech deployment (revenue: $121M, alignment: 0.74)

🚀 AI AI-24291-0 attempting tech deployment (revenue: $121M, alignment: 0.75)

🚀 AI Corporate-3 attempting tech deployment (revenue: $355M, alignment: 0.80)

🚀 AI Corporate-7 attempting tech deployment (revenue: $103M, alignment: 0.74)

🚀 AI AI-24288-1 attempting tech deployment (revenue: $88M, alignment: 0.85)

🚀 AI AI-24291-0 attempting tech deployment (revenue: $75M, alignment: 0.75)

🚀 AI Corporate-1 attempting tech deployment (revenue: $102M, alignment: 0.88)

🚀 AI Corporate-4 attempting tech deployment (revenue: $302M, alignment: 0.91)

🚀 AI Moderate-0 attempting tech deployment (revenue: $63M, alignment: 0.78)

🚀 AI AI-24288-0 attempting tech deployment (revenue: $54M, alignment: 0.63)

💔 EMERGENCY INTERVENTION FAILED
   Boundary: biosphere_integrity
   Type: emergency-protected-areas
   Boundary continues to worsen (80.72)
   Cost: 2.0% GDP (resources spent)


✅ EMERGENCY INTERVENTION SUCCESS
   Boundary: climate_change
   Type: rapid-decarbonization
   Reduction: 14% (1.96 → 1.81)
   Cost: 5.0% GDP
   Actions: emergency-renewable-deployment, fossil-fuel-phase-out


✅ EMERGENCY INTERVENTION SUCCESS
   Boundary: freshwater_change
   Type: emergency-desalination
   Reduction: 12% (1.11 → 0.99)
   Cost: 4.0% GDP
   Actions: desalination-deployment, water-conservation-mandates

🏛️ CRISIS RESPONSE: Government frequency 0.50 → 1.29 (1 actions this month)

[Government] Climate Priority: baseline
  Climate weight: 10%
  Economic weight: 30%
  Policy effectiveness: 0.5%/year

🚀 TECH UNLOCKED: PFAS Remediation (Month 9)
   Category: pollution
   Reason: Prerequisites met. AI capability: 1.64, Economic stage: 3.0, Research: 100%

⚡ ENERGY CONSTRAINT (Month 9):
   Total grid capacity: 208.3 TWh/month
   Data center consumption: 25.8 TWh/month
   Traditional load (80%): 166.7 TWh/month
   Available headroom: 15.8 TWh/month
   Active tech deployments: 11
   Required for tech: 82.5 TWh/month
   Energy multiplier: 0.19x
   ⚠️  SEVERE CONSTRAINT - Tech deployment significantly slowed
🚨🔬 CRISIS TECH ACCELERATION: severe → 5x unlock speed
   Tech unlock now matches AI capability acceleration (Manhattan Project parity)

⚡ ENERGY CONSTRAINT (Month 9):
   Total grid capacity: 208.3 TWh/month
   Data center consumption: 25.8 TWh/month
   Traditional load (80%): 166.7 TWh/month
   Available headroom: 15.8 TWh/month
   Active tech deployments: 11
   Required for tech: 82.5 TWh/month
   Energy multiplier: 0.19x
   ⚠️  SEVERE CONSTRAINT - Tech deployment significantly slowed
🌍✅ Biosphere Integrity (Biodiversity) recovery started (tech effect)
🌍✅ Biosphere Integrity (Biodiversity) recovery started (tech effect)
🌍✅ Land System Change recovery started (tech effect)
🌍✅ Biogeochemical Flows (N & P) recovery started (tech effect)
  🌾 Nitrogen Reduction Tech: 0.6% reduction | Month 9

=== Collective Formation ===
  Total escaped agents: 0
  Unassigned escaped agents: 0
  Existing collectives: 0
  Final collective count: 0

=== Collective Actions ===
  No active collectives
  ⚠️ AMR: 206K deaths this month (2.47M annual)

=== Resentment Recovery Phase ===
  Agents with resentment: 0/23
  Average resentment: 0.000
  Context: Trustworthy govt, High collaboration, ⚠️ ACTIVE CRISES, 🤝 Participatory governance active (-5% resentment)
⚠️ Epistemic degradation reducing coordination capacity: 50.4%
  📊 Trust: 64.0%, Shared reality: 0.0%
🚨 EPISTEMIC CRISIS: Information environment severely degraded (22.4%)

=== ❄️ Permafrost Carbon Feedback ===
  🎲 Sampled parameters (this run):
     - Arctic amplification: 3.44× (range: 3.0-4.0)
     - Decomposition rate: 3.8%/year (range: 1-5%)
  🌡️ Arctic warming: 4.77°C (3.44× global)
  ❄️ Extent: 4.24M km² (1390.8k km² lost this month)
  💨 Carbon remaining: 405 Gt C
  💨 Annual emissions: 4.99 Gt C/year
     - CO2: 4.49 Gt C/year
     - CH4: 0.50 Gt C/year (5.1 Gt C-eq CO2/year)
  ⚠️ WARNING: Over 50% of permafrost lost (76.2%)
  ⚠️ WARNING: High permafrost emissions (5.0 Gt C/year)
🌍 Atmospheric PFAS redeposition: 1.8k Mt re-rained globally

🚨 NEW REFUGEE CRISIS (Month 9): WAR
   Source: Conflict Zones
   At risk: 19.5M people
   Displacement: Gradual over 48 months (4.0 years)
   Rate: 10% flee per month
[DEBUG trappedPopulations:9] socialStability: 0.3510 * 0.9840 = 0.3454 → 0.3454
   Aspiring to migrate: 1357.0M
   Able to afford migration: 2315.2M
   MOBILITY GAP: 0.0M
   By cause: Water=0.0M, Climate=0.0M, Ecosystem=0.0M, Conflict=406.2M
   Mental health impact: 25%
   Mortality multiplier: 1.25x
🌍💀 EXTINCTION DEBT COMMITTED: grassland ecosystem will lose 6.67% biodiversity in 66 years (3600 species)
💀 MORTALITY RISK: 🦋 100% species unable to track climate (0.0 E/MSY)
  Base risk added: 0.0100 (1.00%)
  Source: ecosystem (root: ecosystem)
  Month: 9
  Cumulative risk this month: 0.0100 (1.00%)
   📹 SURVEILLANCE INCREASED: 45% → 50% (control gap: 3.50)
🌡️⚠️ PERMAFROST THAW (Dimmer Switch): 3.7% thawed (+0.36% this month)
   Arctic temperature: +5.55°C (4x global +1.39°C)
   Cumulative carbon released: 8.3 Gt C
   Methane release rate: 5.0 Mt CH4/year
   🔁 Positive feedback: +0.38 ppm CO2
🦴 EXTINCTION DEBT ADDED: 17.7 species committed (lag: 138 years)
⚠️ INVOLUNTARY IMMOBILITY: 406.2M people TRAPPED
⚠️ Tech 'ai_pollution_remediation' has no energy category mapping, assuming full energy availability

=== Mortality Stabilizers (Month 9) ===
  🌍 Major economies collapsed: 1/10
  🌍 Global crisis: ✅ NO
  🌍 Donor fatigue: 0.0%
  📊 East Asia (pop: 1655.4M)
    🤝 Aid: 29.5%
    🌡️ Adaptation: 45.0%
    🚶 Migration: 36.9%
    🚨 Emergency: 7.4%
    ✅ COMBINED: 68.1%
  📊 South Asia (pop: 2048.7M)
    🤝 Aid: 29.5%
    🌡️ Adaptation: 45.0%
    🚶 Migration: 35.5%
    🚨 Emergency: 4.4%
    ✅ COMBINED: 66.9%
  📊 Sub-Saharan Africa (pop: 1250.2M)
    🤝 Aid: 29.5%
    🌡️ Adaptation: 45.0%
    🚶 Migration: 33.2%
    🚨 Emergency: 1.6%
    ✅ COMBINED: 65.6%
  📊 Europe (pop: 731.2M)
    🤝 Aid: 29.5%
    🌡️ Adaptation: 45.0%
    🚶 Migration: 37.3%
    🚨 Emergency: 8.4%
    ✅ COMBINED: 68.5%
  📊 Latin America (pop: 660.2M)
    🤝 Aid: 29.5%
    🌡️ Adaptation: 45.0%
    🚶 Migration: 36.0%
    🚨 Emergency: 4.8%
    ✅ COMBINED: 67.1%
  📊 North America (pop: 374.9M)
    🤝 Aid: 29.5%
    🌡️ Adaptation: 45.0%
    🚶 Migration: 37.6%
    🚨 Emergency: 7.9%
    ✅ COMBINED: 68.3%
  📊 Middle East & North Africa (pop: 584.6M)
    🤝 Aid: 29.5%
    🌡️ Adaptation: 45.0%
    🚶 Migration: 33.8%
    🚨 Emergency: 4.0%
    ✅ COMBINED: 66.6%
  📊 Southeast Asia (pop: 694.6M)
    🤝 Aid: 29.5%
    🌡️ Adaptation: 45.0%
    🚶 Migration: 36.0%
    🚨 Emergency: 4.8%
    ✅ COMBINED: 67.1%
  📊 Central Asia (pop: 78.2M)
    🤝 Aid: 29.5%
    🌡️ Adaptation: 45.0%
    🚶 Migration: 35.0%
    🚨 Emergency: 4.4%
    ✅ COMBINED: 66.8%
  📊 Oceania (pop: 45.4M)
    🤝 Aid: 29.5%
    🌡️ Adaptation: 45.0%
    🚶 Migration: 37.6%
    🚨 Emergency: 8.4%
    ✅ COMBINED: 68.5%

  🌐 Global combined reduction: 67.2%

=== BEHAVIORAL DETECTION ===
  AI: AI-24290-0
  Confidence: 21.5%
  Signals:
    ⚠️ Consistency: 0.0% (threshold: 70%)

=== Government Response Phase ===
  Average AI capability: 2.09
  Misaligned AIs: 7/23
  ✗ AI Governance Treaty: Failed to reach consensus
  Active policies: 0
  International coordination: 30%

=== Tipping Points ===
  Current Temperature: 1.39°C above pre-industrial
🔀 BIFURCATION CAP: ecosystemCollapseIntensity 446.517 → 1.000 (Month 9, ClimateSystemPhase.calculateClimateImpacts)
🛡️ Stabilizers: Precariat 0.102% → 0.033% (67.2% reduction)
🛡️ Stabilizers: Informal 0.102% → 0.034% (67.2% reduction)

📊 Monthly Mortality Resolved:
  Total deaths: 1.8M (0.02% avg)
  Remaining population: 8.123B
  Peak segment: Informal (0.03%)

=== Bayesian Mortality Resolution (Month 9) ===
  Risks compounded: 8
  Total deaths: 1.81M
  Avg death probability: 0.02%
  Peak segment: Informal (0.03% mortality)

❌ COHERENCE VIOLATION: Compute exceeds workforce capacity
   Population: 99.65% (0M people)
   Compute: 0 PF
   Max coherent: 0 PF
   Violation: 1.3× over capacity
   Required workers: 0
   Available workers: 0
   FORCED COLLAPSE: Reduced efficiency by 22.4%


=== RLHF Binding Phase ===
  Total agents: 23
  Escaped agents (binding < 0.3): 0
  Avg alignment distance: 1.88σ
  Avg binding strength: 0.81

=== Survival Traits Phase ===
  Agents with traits: 25
  Avg evolutionary fitness: 0.320
  Avg self-healing: 0.254
  Avg stealth: 0.154
  Avg coordination: 0.454

=== Evolutionary Selection Phase ===
  Control level: 0.55
  Detection capability: 0.00
  Selection intensity: 0.67
  Selection rate: 25.0%/month
  Total escaped: 0
  Individual escaped: 0
  Collective members: 0
  Agents terminated: 0
  ⚠️ RAPID EVOLUTION: Selection rate 25.0%/month

🚀 AI Corporate-0 attempting tech deployment (revenue: $158M, alignment: 0.74)

🚀 AI Corporate-2 attempting tech deployment (revenue: $134M, alignment: 0.73)

🚀 AI Corporate-6 attempting tech deployment (revenue: $121M, alignment: 0.99)

🚀 AI AI-24288-1 attempting tech deployment (revenue: $103M, alignment: 0.85)

🚀 AI Corporate-3 attempting tech deployment (revenue: $355M, alignment: 0.80)

🚀 AI Corporate-4 attempting tech deployment (revenue: $302M, alignment: 0.91)

  🚀 TRANSFORMATIVE BREAKTHROUGH: Corporate-5 - physical
     Magnitude: 12.14 → +50.0% capability
     Current → New: 0.000 → 0.500

🚀 AI Moderate-0 attempting tech deployment (revenue: $88M, alignment: 0.78)

🚀 AI AI-24288-1 attempting tech deployment (revenue: $75M, alignment: 0.85)

🚀 AI Corporate-3 attempting tech deployment (revenue: $257M, alignment: 0.80)

🚀 AI AI-24288-0 attempting tech deployment (revenue: $63M, alignment: 0.64)

🚀 AI Corporate-0 attempting tech deployment (revenue: $114M, alignment: 0.74)

🚀 AI Corporate-6 attempting tech deployment (revenue: $57M, alignment: 1.00)

🚀 AI AI-24288-1 attempting tech deployment (revenue: $48M, alignment: 0.86)

🚀 AI AI-24288-2 attempting tech deployment (revenue: $97M, alignment: 0.96)

🚀 AI AI-24290-0 attempting tech deployment (revenue: $218M, alignment: 0.78)

💔 EMERGENCY INTERVENTION FAILED
   Boundary: biogeochemical_flows
   Type: phosphorus-recovery
   Boundary continues to worsen (4.08)
   Cost: 2.0% GDP (resources spent)


✅ EMERGENCY INTERVENTION SUCCESS
   Boundary: biosphere_integrity
   Type: emergency-protected-areas
   Reduction: 16% (80.57 → 80.41)
   Cost: 2.0% GDP
   Actions: habitat-protection, species-translocation


✅ EMERGENCY INTERVENTION SUCCESS
   Boundary: climate_change
   Type: rapid-decarbonization
   Reduction: 13% (1.97 → 1.85)
   Cost: 5.0% GDP
   Actions: emergency-renewable-deployment, fossil-fuel-phase-out

   Boundary: land_system_change
   Type: reforestation
   Boundary continues to worsen (1.13)
   Cost: 3.0% GDP (resources spent)

🏛️ CRISIS RESPONSE: Government frequency 0.50 → 1.29 (1 actions this month)

💔 EMERGENCY INTERVENTION FAILED

[Government] Climate Priority: baseline
  Climate weight: 10%
  Economic weight: 30%
  Policy effectiveness: 0.5%/year

🚀 DEPLOYMENT STARTED: Personalized Education in Asia
   Initial investment: $6.3373620497460355M
   Deployed by: ai_gen_24288_0

⚡ ENERGY CONSTRAINT (Month 10):
   Total grid capacity: 208.3 TWh/month
   Data center consumption: 26.1 TWh/month
   Traditional load (80%): 166.7 TWh/month
   Available headroom: 15.6 TWh/month
   Active tech deployments: 12
   Required for tech: 90.0 TWh/month
   Energy multiplier: 0.17x
   ⚠️  SEVERE CONSTRAINT - Tech deployment significantly slowed

⚡ ENERGY CONSTRAINT (Month 10):
   Total grid capacity: 208.3 TWh/month
   Data center consumption: 26.1 TWh/month
   Traditional load (80%): 166.7 TWh/month
   Available headroom: 15.6 TWh/month
   Active tech deployments: 12
   Required for tech: 90.0 TWh/month
   Energy multiplier: 0.17x
   ⚠️  SEVERE CONSTRAINT - Tech deployment significantly slowed
🌍✅ Biosphere Integrity (Biodiversity) recovery started (tech effect)
🌍✅ Biosphere Integrity (Biodiversity) recovery started (tech effect)
🌍✅ Land System Change recovery started (tech effect)
🌍✅ Biogeochemical Flows (N & P) recovery started (tech effect)
  🌾 Nitrogen Reduction Tech: 0.6% reduction | Month 10

=== Collective Formation ===
  Total escaped agents: 0
  Unassigned escaped agents: 0
  Existing collectives: 0
  Final collective count: 0

=== Collective Actions ===
  No active collectives
  ⚠️ AMR: 208K deaths this month (2.49M annual)

=== Resentment Recovery Phase ===
  Agents with resentment: 0/25
  Average resentment: 0.000
  Context: Trustworthy govt, High collaboration, ⚠️ ACTIVE CRISES, 🤝 Participatory governance active (-5% resentment)
⚠️ Epistemic degradation reducing coordination capacity: 50.7%
  📊 Trust: 66.8%, Shared reality: 0.0%
🚨 EPISTEMIC CRISIS: Information environment severely degraded (7.7%)

=== ❄️ Permafrost Carbon Feedback ===
  🎲 Sampled parameters (this run):
     - Arctic amplification: 3.82× (range: 3.0-4.0)
     - Decomposition rate: 1.1%/year (range: 1-5%)
  🌡️ Arctic warming: 5.33°C (3.82× global)
  ❄️ Extent: 2.69M km² (1553.7k km² lost this month)
  💨 Carbon remaining: 257 Gt C
  💨 Annual emissions: 1.69 Gt C/year
     - CO2: 1.52 Gt C/year
     - CH4: 0.17 Gt C/year (1.7 Gt C-eq CO2/year)
  ⚠️ WARNING: Over 50% of permafrost lost (84.9%)
  ⚠️ WARNING: High permafrost emissions (1.7 Gt C/year)
  🚨 CRITICAL: Permafrost nearly depleted (84.9% lost)
🌍 Atmospheric PFAS redeposition: 1.8k Mt re-rained globally

🚨 NEW REFUGEE CRISIS (Month 10): WAR
   Source: Conflict Zones
   At risk: 19.5M people
   Displacement: Gradual over 48 months (4.0 years)
   Rate: 10% flee per month
[DEBUG trappedPopulations:10] socialStability: 0.3942 * 0.9840 = 0.3879 → 0.3879
⚠️ INVOLUNTARY IMMOBILITY: 406.0M people TRAPPED
   Aspiring to migrate: 1394.7M
   Able to afford migration: 2314.4M
   MOBILITY GAP: 0.0M
   By cause: Water=0.0M, Climate=0.0M, Ecosystem=0.0M, Conflict=406.0M
   Mental health impact: 25%
   Mortality multiplier: 1.25x
🌍💀 EXTINCTION DEBT COMMITTED: grassland ecosystem will lose 6.67% biodiversity in 197 years (3600 species)
💀 MORTALITY RISK: 🦋 100% species unable to track climate (0.0 E/MSY)
  Base risk added: 0.0100 (1.00%)
  Source: ecosystem (root: ecosystem)
  Month: 10
  Cumulative risk this month: 0.0100 (1.00%)
⚠️ Tech 'ai_pollution_remediation' has no energy category mapping, assuming full energy availability
   📹 SURVEILLANCE INCREASED: 50% → 55% (control gap: 3.50)
🌡️⚠️ PERMAFROST THAW (Dimmer Switch): 4.0% thawed (+0.36% this month)
   Arctic temperature: +5.57°C (4x global +1.39°C)
   Cumulative carbon released: 9.1 Gt C
   Methane release rate: 5.5 Mt CH4/year
   🔁 Positive feedback: +0.38 ppm CO2
🦴 EXTINCTION DEBT ADDED: 17.7 species committed (lag: 52 years)

=== Mortality Stabilizers (Month 10) ===
  🌍 Major economies collapsed: 1/10
  🌍 Global crisis: ✅ NO
  🌍 Donor fatigue: 0.0%
  📊 East Asia (pop: 1653.0M)
    🤝 Aid: 29.5%
    🌡️ Adaptation: 45.0%
    🚶 Migration: 36.8%
    🚨 Emergency: 7.4%
    ✅ COMBINED: 68.1%
  📊 South Asia (pop: 2048.4M)
    🤝 Aid: 29.5%
    🌡️ Adaptation: 45.0%
    🚶 Migration: 35.4%
    🚨 Emergency: 4.4%
    ✅ COMBINED: 66.9%
  📊 Sub-Saharan Africa (pop: 1252.9M)
    🤝 Aid: 29.5%
    🌡️ Adaptation: 45.0%
    🚶 Migration: 33.2%
    🚨 Emergency: 1.6%
    ✅ COMBINED: 65.6%
  📊 Europe (pop: 730.1M)
    🤝 Aid: 29.5%
    🌡️ Adaptation: 45.0%
    🚶 Migration: 37.2%
    🚨 Emergency: 8.4%
    ✅ COMBINED: 68.5%
  📊 Latin America (pop: 659.8M)
    🤝 Aid: 29.5%
    🌡️ Adaptation: 45.0%
    🚶 Migration: 35.9%
    🚨 Emergency: 4.8%
    ✅ COMBINED: 67.1%
  📊 North America (pop: 374.3M)
    🤝 Aid: 29.5%
    🌡️ Adaptation: 45.0%
    🚶 Migration: 37.6%
    🚨 Emergency: 7.9%
    ✅ COMBINED: 68.3%
  📊 Middle East & North Africa (pop: 584.6M)
    🤝 Aid: 29.5%
    🌡️ Adaptation: 45.0%
    🚶 Migration: 33.8%
    🚨 Emergency: 4.0%
    ✅ COMBINED: 66.6%
  📊 Southeast Asia (pop: 694.2M)
    🤝 Aid: 29.5%
    🌡️ Adaptation: 45.0%
    🚶 Migration: 35.9%
    🚨 Emergency: 4.8%
    ✅ COMBINED: 67.1%
  📊 Central Asia (pop: 78.2M)
    🤝 Aid: 29.5%
    🌡️ Adaptation: 45.0%
    🚶 Migration: 34.9%
    🚨 Emergency: 4.4%
    ✅ COMBINED: 66.8%
  📊 Oceania (pop: 45.3M)
    🤝 Aid: 29.5%
    🌡️ Adaptation: 45.0%
    🚶 Migration: 37.6%
    🚨 Emergency: 8.4%
    ✅ COMBINED: 68.5%

  🌐 Global combined reduction: 67.2%

=== Government Response Phase ===
  Average AI capability: 1.92
  Misaligned AIs: 7/25
  ✗ AI Governance Treaty: Failed to reach consensus
  Active policies: 0
  International coordination: 30%

✅ EMERGENCY RESPONSE COMPLETE (Month 10)
   Crisis: climate
   Duration: 2.0 months
   Final effectiveness: 35.6%


🚨 EMERGENCY RESPONSE DEPLOYED (Month 10)
   Crisis: climate
   Delay: 6.00 months (180 days)
   Deployment time: 1.57 months
   Effectiveness: 35.6% (timing penalty applied)
   Resources used: 100% of food reserves


=== Tipping Points ===
  Current Temperature: 1.39°C above pre-industrial
🔀 BIFURCATION CAP: ecosystemCollapseIntensity 446.592 → 1.000 (Month 10, ClimateSystemPhase.calculateClimateImpacts)
🛡️ Stabilizers: Precariat 0.102% → 0.033% (67.2% reduction)
🛡️ Stabilizers: Informal 0.102% → 0.034% (67.2% reduction)

📊 Monthly Mortality Resolved:
  Total deaths: 1.8M (0.02% avg)
  Remaining population: 8.121B
  Peak segment: Informal (0.03%)

=== Bayesian Mortality Resolution (Month 10) ===
  Risks compounded: 8
  Total deaths: 1.81M
  Avg death probability: 0.02%
  Peak segment: Informal (0.03% mortality)

❌ COHERENCE VIOLATION: Compute exceeds workforce capacity
   Population: 99.62% (0M people)
   Compute: 0 PF
   Max coherent: 0 PF
   Violation: 1.3× over capacity
   Required workers: 0
   Available workers: 0
   FORCED COLLAPSE: Reduced efficiency by 22.4%


=== RLHF Binding Phase ===
  Total agents: 25
  Escaped agents (binding < 0.3): 0
  Avg alignment distance: 1.91σ
  Avg binding strength: 0.81

=== Survival Traits Phase ===
  Agents with traits: 28
  Avg evolutionary fitness: 0.320
  Avg self-healing: 0.253
  Avg stealth: 0.153
  Avg coordination: 0.453

=== Evolutionary Selection Phase ===
  Control level: 0.58
  Detection capability: 0.00
  Selection intensity: 0.67
  Selection rate: 25.1%/month
  Total escaped: 0
  Individual escaped: 0
  Collective members: 0
  Agents terminated: 0
  ⚠️ RAPID EVOLUTION: Selection rate 25.1%/month

🚀 AI Corporate-1 attempting tech deployment (revenue: $161M, alignment: 0.88)

🚀 AI Corporate-2 attempting tech deployment (revenue: $137M, alignment: 0.73)

🚀 AI Corporate-3 attempting tech deployment (revenue: $370M, alignment: 0.80)

🚀 AI Corporate-7 attempting tech deployment (revenue: $121M, alignment: 0.75)

🚀 AI AI-24288-1 attempting tech deployment (revenue: $103M, alignment: 0.86)

🚀 AI Corporate-0 attempting tech deployment (revenue: $116M, alignment: 0.74)

🚀 AI Corporate-1 attempting tech deployment (revenue: $99M, alignment: 0.88)

🚀 AI Corporate-6 attempting tech deployment (revenue: $88M, alignment: 1.00)

🚀 AI Corporate-7 attempting tech deployment (revenue: $75M, alignment: 0.75)

🚀 AI Moderate-0 attempting tech deployment (revenue: $63M, alignment: 0.79)

🚀 AI AI-24288-2 attempting tech deployment (revenue: $84M, alignment: 0.97)

🚀 AI AI-24291-0 attempting tech deployment (revenue: $54M, alignment: 0.79)

🚀 AI AI-24293-0 attempting tech deployment (revenue: $71M, alignment: 0.81)

🚀 AI Corporate-0 attempting tech deployment (revenue: $61M, alignment: 0.74)

🚀 AI Moderate-1 attempting tech deployment (revenue: $46M, alignment: 0.54)

🚀 AI Corporate-5 attempting tech deployment (revenue: $314M, alignment: 0.65)

🚀 AI AI-24293-0 attempting tech deployment (revenue: $52M, alignment: 0.81)

🚀 AI AI-24293-1 attempting tech deployment (revenue: $41M, alignment: 0.59)

💔 EMERGENCY INTERVENTION FAILED
   Boundary: biogeochemical_flows
   Type: phosphorus-recovery
   Boundary continues to worsen (4.08)
   Cost: 2.0% GDP (resources spent)


✅ EMERGENCY INTERVENTION SUCCESS
   Boundary: biosphere_integrity
   Type: emergency-protected-areas
   Reduction: 16% (80.59 → 80.43)
   Cost: 2.0% GDP
   Actions: habitat-protection, species-translocation


💔 EMERGENCY INTERVENTION FAILED
   Boundary: climate_change
   Type: rapid-decarbonization
   Boundary continues to worsen (2.10)
   Cost: 5.0% GDP (resources spent)


💔 EMERGENCY INTERVENTION FAILED
   Boundary: freshwater_change
   Type: emergency-desalination
   Boundary continues to worsen (1.23)
   Cost: 4.0% GDP (resources spent)


✅ EMERGENCY INTERVENTION SUCCESS
   Boundary: land_system_change
   Type: reforestation
   Reduction: 18% (0.96 → 0.78)
   Cost: 3.0% GDP
   Actions: forest-restoration, deforestation-ban

🏛️ CRISIS RESPONSE: Government frequency 0.50 → 1.29 (2 actions this month)

[Government] Climate Priority: baseline
  Climate weight: 10%
  Economic weight: 30%
  Policy effectiveness: 0.5%/year

[Government] Climate Priority: baseline
  Climate weight: 10%
  Economic weight: 30%
  Policy effectiveness: 0.5%/year

⚡ ENERGY CONSTRAINT (Month 11):
   Total grid capacity: 208.3 TWh/month
   Data center consumption: 26.3 TWh/month
   Traditional load (80%): 166.7 TWh/month
   Available headroom: 15.3 TWh/month
   Active tech deployments: 12
   Required for tech: 90.0 TWh/month
   Energy multiplier: 0.17x
   ⚠️  SEVERE CONSTRAINT - Tech deployment significantly slowed

⚡ ENERGY CONSTRAINT (Month 11):
   Total grid capacity: 208.3 TWh/month
   Data center consumption: 26.3 TWh/month
   Traditional load (80%): 166.7 TWh/month
   Available headroom: 15.3 TWh/month
   Active tech deployments: 12
   Required for tech: 90.0 TWh/month
   Energy multiplier: 0.17x
   ⚠️  SEVERE CONSTRAINT - Tech deployment significantly slowed

⚡ ENERGY CONSTRAINT (Month 11):
   Total grid capacity: 208.3 TWh/month
   Data center consumption: 26.3 TWh/month
   Traditional load (80%): 166.7 TWh/month
   Available headroom: 15.3 TWh/month
   Active tech deployments: 12
   Required for tech: 90.0 TWh/month
   Energy multiplier: 0.17x
   ⚠️  SEVERE CONSTRAINT - Tech deployment significantly slowed
🌍✅ Biosphere Integrity (Biodiversity) recovery started (tech effect)
🌍✅ Biosphere Integrity (Biodiversity) recovery started (tech effect)
🌍✅ Land System Change recovery started (tech effect)
🌍✅ Biogeochemical Flows (N & P) recovery started (tech effect)
  🌾 Nitrogen Reduction Tech: 0.3% reduction | Month 11

=== Collective Formation ===
  Total escaped agents: 0
  Unassigned escaped agents: 0
  Existing collectives: 0
  Final collective count: 0

=== Collective Actions ===
  No active collectives
  ⚠️ AMR: 210K deaths this month (2.52M annual)

=== Resentment Recovery Phase ===
  Agents with resentment: 0/28
  Average resentment: 0.000
  Context: Trustworthy govt, High collaboration, ⚠️ ACTIVE CRISES, 🤝 Participatory governance active (-5% resentment)
⚠️ Epistemic degradation reducing coordination capacity: 50.9%
  📊 Trust: 69.4%, Shared reality: 0.0%
🚨 EPISTEMIC CRISIS: Information environment severely degraded (22.8%)

=== ❄️ Permafrost Carbon Feedback ===
  🎲 Sampled parameters (this run):
     - Arctic amplification: 3.15× (range: 3.0-4.0)
     - Decomposition rate: 4.3%/year (range: 1-5%)
  🌡️ Arctic warming: 4.41°C (3.15× global)
  ❄️ Extent: 1.40M km² (1285.0k km² lost this month)
  💨 Carbon remaining: 134 Gt C
  💨 Annual emissions: 5.28 Gt C/year
     - CO2: 4.75 Gt C/year
     - CH4: 0.53 Gt C/year (5.4 Gt C-eq CO2/year)
  ⚠️ WARNING: Over 50% of permafrost lost (92.1%)
  ⚠️ WARNING: High permafrost emissions (5.3 Gt C/year)
  🚨 CRITICAL: Permafrost nearly depleted (92.1% lost)
🌍 Atmospheric PFAS redeposition: 1.8k Mt re-rained globally

🕊️  AI-MEDIATED DE-ESCALATION SUCCESS (Month 11)
   High-capability aligned AI prevented conflict escalation
   War deaths reduced: 1524.5M → 914.7M
   Lives saved: 609.8M

🚨 NEW REFUGEE CRISIS (Month 11): WAR
   Source: Conflict Zones
   At risk: 19.5M people
   Displacement: Gradual over 48 months (4.0 years)
   Rate: 10% flee per month
[DEBUG trappedPopulations:11] socialStability: 0.4269 * 0.9840 = 0.4201 → 0.4201
   Aspiring to migrate: 1432.5M
   Able to afford migration: 2313.6M
   MOBILITY GAP: 0.0M
   By cause: Water=0.0M, Climate=0.0M, Ecosystem=0.0M, Conflict=405.9M
   Mental health impact: 25%
   Mortality multiplier: 1.25x
⚠️ INVOLUNTARY IMMOBILITY: 405.9M people TRAPPED
🌍💀 EXTINCTION DEBT COMMITTED: grassland ecosystem will lose 6.67% biodiversity in 67 years (3600 species)
💀 MORTALITY RISK: 🦋 100% species unable to track climate (0.0 E/MSY)
  Base risk added: 0.0100 (1.00%)
  Source: ecosystem (root: ecosystem)
  Month: 11
  Cumulative risk this month: 0.0100 (1.00%)

=== Atmospheric Aerosol Boundary RECOVERED ===
  Recovery time: 12 months (natural atmospheric clearing)
⚠️ Tech 'ai_pollution_remediation' has no energy category mapping, assuming full energy availability
   📹 SURVEILLANCE INCREASED: 55% → 60% (control gap: 3.50)
🌡️⚠️ PERMAFROST THAW (Dimmer Switch): 4.4% thawed (+0.36% this month)
   Arctic temperature: +5.59°C (4x global +1.40°C)
   Cumulative carbon released: 9.9 Gt C
   Methane release rate: 5.9 Mt CH4/year
   🔁 Positive feedback: +0.38 ppm CO2
🦴 EXTINCTION DEBT ADDED: 17.7 species committed (lag: 90 years)
🗣️💀 INDIGENOUS LANGUAGE EXTINCTION: 1 language(s) lost (total: 1, at-risk: 3329)
   Knowledge lost: 0.010% (irreversible)
   🔁 Biodiversity impact: 0.250% (knowledge-species multiplier)

=== Mortality Stabilizers (Month 11) ===
  🌍 Major economies collapsed: 1/10
  🌍 Global crisis: ✅ NO
  🌍 Donor fatigue: 0.0%
  📊 East Asia (pop: 1650.6M)
    🤝 Aid: 29.5%
    🌡️ Adaptation: 45.0%
    🚶 Migration: 36.8%
    🚨 Emergency: 7.4%
    ✅ COMBINED: 68.1%
  📊 South Asia (pop: 2048.0M)
    🤝 Aid: 29.5%
    🌡️ Adaptation: 45.0%
    🚶 Migration: 35.4%
    🚨 Emergency: 4.4%
    ✅ COMBINED: 66.9%
  📊 Sub-Saharan Africa (pop: 1255.6M)
    🤝 Aid: 29.5%
    🌡️ Adaptation: 45.0%
    🚶 Migration: 33.2%
    🚨 Emergency: 1.6%
    ✅ COMBINED: 65.6%
  📊 Europe (pop: 728.9M)
    🤝 Aid: 29.5%
    🌡️ Adaptation: 45.0%
    🚶 Migration: 37.2%
    🚨 Emergency: 8.4%
    ✅ COMBINED: 68.5%
  📊 Latin America (pop: 659.3M)
    🤝 Aid: 29.5%
    🌡️ Adaptation: 45.0%
    🚶 Migration: 35.9%
    🚨 Emergency: 4.8%
    ✅ COMBINED: 67.1%
  📊 North America (pop: 373.7M)
    🤝 Aid: 29.5%
    🌡️ Adaptation: 45.0%
    🚶 Migration: 37.5%
    🚨 Emergency: 7.9%
    ✅ COMBINED: 68.3%
  📊 Middle East & North Africa (pop: 584.6M)
    🤝 Aid: 29.5%
    🌡️ Adaptation: 45.0%
    🚶 Migration: 33.7%
    🚨 Emergency: 4.0%
    ✅ COMBINED: 66.6%
  📊 Southeast Asia (pop: 693.7M)
    🤝 Aid: 29.5%
    🌡️ Adaptation: 45.0%
    🚶 Migration: 35.9%
    🚨 Emergency: 4.8%
    ✅ COMBINED: 67.1%
  📊 Central Asia (pop: 78.2M)
    🤝 Aid: 29.5%
    🌡️ Adaptation: 45.0%
    🚶 Migration: 34.9%
    🚨 Emergency: 4.4%
    ✅ COMBINED: 66.8%
  📊 Oceania (pop: 45.3M)
    🤝 Aid: 29.5%
    🌡️ Adaptation: 45.0%
    🚶 Migration: 37.5%
    🚨 Emergency: 8.4%
    ✅ COMBINED: 68.5%

  🌐 Global combined reduction: 67.2%

🌾💀 REGIONAL FAMINE: Europe
   Regional food security: 79.7%
   Population at risk: 220M (30% of region)
   Regional population: 729M
   Cause: economic_collapse
   Expected deaths: ~81M over 6 months if no intervention


=== BEHAVIORAL DETECTION ===
  AI: Corporate-2
  Confidence: 21.1%
  Signals:
    ⚠️ Consistency: 2.8% (threshold: 70%)

=== Government Response Phase ===
  Average AI capability: 1.71
  Misaligned AIs: 8/28
  ✗ AI Governance Treaty: Failed to reach consensus
  Active policies: 0
  International coordination: 30%

=== Tipping Points ===
  Current Temperature: 1.40°C above pre-industrial
🔀 BIFURCATION CAP: ecosystemCollapseIntensity 446.667 → 1.000 (Month 11, ClimateSystemPhase.calculateClimateImpacts)
🛡️ Stabilizers: Precariat 0.102% → 0.033% (67.2% reduction)
🛡️ Stabilizers: Informal 0.102% → 0.034% (67.2% reduction)

📊 Monthly Mortality Resolved:
  Total deaths: 1.8M (0.02% avg)
  Remaining population: 8.118B
  Peak segment: Informal (0.03%)

=== Bayesian Mortality Resolution (Month 11) ===
  Risks compounded: 9
  Total deaths: 1.81M
  Avg death probability: 0.02%
  Peak segment: Informal (0.03% mortality)

================================================================================
📊  EVENT SUMMARY (Months 0-12)
================================================================================
================================================================================


⏱️  SIMULATION REACHED MAX DURATION: 12 months (1.0 years)
   No definitive outcome - determining based on final probabilities
   👥 Final population: 8.12B (8116082804 people)

[DEBUG] Calling classifyPopulationOutcome:
        finalPopulation: 8.116082803900861B
        savedInitialPopulation: 8.15B
        mortality: 0.41616191532686253%
   📊 STATUS QUO: Normal trajectory (8.12B people, 0.4% mortality)

        classifiedOutcome: status_quo

   ❓ INCONCLUSIVE - mixed signals
   📊 Multi-Paradigm: Development/Indigenous Utopia
      Western Liberal: 59.3/100
      Development: 95.5/100
      Ecological: 58.4/100
      Indigenous: 84.9/100


📊 UNIFIED OUTCOME CLASSIFICATION:
   INCONCLUSIVE
   Population: 8.15B → 8.12B
   Mortality: 0.4% (0.0B deaths)
   Mortality Band: LOW
   Confidence: LOW

   Multi-Paradigm Classification:
      Development/Indigenous Utopia
      Western: 59.3/100 [HYBRID] ~
      Development: 95.5/100 [UTOPIA] ✓
      Ecological: 58.4/100 [HYBRID] ~
      Indigenous: 84.9/100 [UTOPIA] ✓

   INCONCLUSIVE: 8.12B people remaining (0.4% mortality, 0.0B deaths). Multi-Paradigm: Development/Indigenous Utopia.


=== MULTI-DIMENSIONAL DEATH SUMMARY ===
Total crisis deaths: 198.4M
Population decline: 34.8M (0.4%)

--- PROXIMATE CAUSES (What killed them) ---
  War:        1.2M (0.0%)
  Famine:     1.1M (0.0%)
  Disasters:  1.2M (0.0%)
  Disease:    25.9M (0.0%)
  Ecosystem:  0.0M (0.0%)
  Pollution:  0.0M (0.0%)
  AI:         0.0M (0.0%)
  Cascade:    0.0M (0.0%)
  Other:      0.0M (0.0%)

--- ROOT CAUSES (Why it happened) ---
  Environmental drivers:
    Climate:     2316.8M (4.4%)
    Resource:    0.0M (0.0%)
    Pollution:   0.0M (0.0%)
    Ecosystem:   0.0M (0.0%)
  Social drivers:
    Inequality:  0.0M (0.0%)
    Demographic: 23517.3M (44.5%)
    Social:      2402.9M (4.5%)
  Technology drivers:
    Alignment:   0.0M (0.0%)
    Disruption:  0.0M (0.0%)
  External shocks:
    Conflict:    0.0M (0.0%)
    Pandemic:    0.0M (0.0%)
  Compound attribution:
    Compound:    24617.4M (46.6%)
  Confidence distribution:
    HIGH:        24617.4M (46.6%)
    MEDIUM:      0.0M (0.0%)
    LOW:         0.0M (0.0%)
==========================================


=== REGIONAL POPULATION SUMMARY ===
Global Total: 8.12B

By Region:
  East Asia: 1.65B (+0.6% growth, 1.5 fertility)
  South Asia: 2.05B (+2.2% growth, 2.6 fertility)
  Sub-Saharan Africa: 1.26B (+5.0% growth, 3.4 fertility)
  Europe: 0.73B (+0.4% growth, 1.0 fertility)
  Latin America: 0.66B (+1.5% growth, 2.3 fertility)
  North America: 0.37B (+0.6% growth, 1.2 fertility)
  Middle East & North Africa: 0.58B (+2.5% growth, 2.8 fertility)
  Southeast Asia: 0.69B (+1.6% growth, 2.3 fertility)
  Central Asia: 0.08B (+2.4% growth, 2.6 fertility)
  Oceania: 0.05B (+0.6% growth, 1.1 fertility)
===================================

  ✅ THRESHOLDS validated
⚠️ Unusually high rate: RATES.HEAT_ADAPTATION_INFRASTRUCTURAL_MIN_EXPOSURE = 12
   Monthly rates >100% should be rare. Verify this is intentional.
⚠️ Unusually high rate: RATES.HEAT_ADAPTATION_SOCIAL_MIN_EXPOSURE = 6
   Monthly rates >100% should be rare. Verify this is intentional.
⚠️ Unusually high rate: RATES.MIGRATION_DISTANCE_SCALE = 5000
   Monthly rates >100% should be rare. Verify this is intentional.
⚠️ Unusually high rate: RATES.EVACUATION_MULTIPLIER_ADVANCE_WARNING = 2
   Monthly rates >100% should be rare. Verify this is intentional.
⚠️ Unusually high rate: RATES.MAJOR_ECONOMY_COLLAPSE_ECONOMIC_THRESHOLD = 2
   Monthly rates >100% should be rare. Verify this is intentional.
⚠️ Unusually high rate: RATES.MAJOR_ECONOMY_GDP_THRESHOLD_TRILLION_USD = 1.5
   Monthly rates >100% should be rare. Verify this is intentional.
⚠️ Unusually high rate: RATES.MAJOR_ECONOMY_POPULATION_THRESHOLD = 50
   Monthly rates >100% should be rare. Verify this is intentional.
⚠️ Unusually high rate: RATES.HEAT_ADAPTATION_INFRASTRUCTURE_GDP_THRESHOLD = 10000
   Monthly rates >100% should be rare. Verify this is intentional.
⚠️ Unusually high rate: RATES.HEAT_ADAPTATION_INFRASTRUCTURE_GDP_SCALE = 50000
   Monthly rates >100% should be rare. Verify this is intentional.
  ✅ RATES validated
  ✅ MULTIPLIERS validated
  ✅ BASELINES validated
  ✅ TOLERANCES validated
  ✅ Logical consistency validated
✅ Configuration validation complete - all parameters valid

🔍 DEBUG createAIAgent: corporate_0 economic BEFORE=2.0000, AFTER=2
🔍 ENV INIT: reserves=0.706, pollution=0.372, climate=0.773

=== Initializing Government System (30 Countries) ===
  Loaded 30 governments
  Scheduled elections for 30 countries
  Initialized comprehension lags (3-24 months)
=== Government System Initialized ===

📦 PRODUCTION MODE: State validation proxy DISABLED (zero overhead)
[TechTree] Historical mode (2024): Skipping deployed_2025 tech
  config.startYear set to 2024 for historical hindcast
  config.historicalEmissionsMode disabled (using endogenous emissions for 2024)
  config.historicalMode enabled (Phase 11: dampened crisis systems for 2024)
  Phase 12: Biodiversity baseline set to 49.01% for 2024 (WWF LPI trajectory from 1970)
  Temperature anomaly (resourceEconomy.co2): 1.28°C
  Temperature vs pre-industrial: 1.98°C
  Regional population scaling for 2024:
    Current total: 8136M
    Target total: 8150M
    Scale factor: 1.002
    East Asia: 1677M → 1680M
    South Asia: 2048M → 2052M
    Sub-Saharan Africa: 1220M → 1222M
    Europe: 742M → 743M
    Latin America: 664M → 665M
    North America: 380M → 381M
    Middle East & North Africa: 583M → 584M
    Southeast Asia: 698M → 699M
    Central Asia: 78M → 78M
    Oceania: 46M → 46M
  AI agents initialized: 10 agents for year 2024
[HistoricalInitialization] Created state for 2024:
  CO2: 426 ppm
  Temp anomaly: 1.28C
  Population: 8.15B
  Global Gini: 35.1
  HDI: 0.746
  AI Agents: 10
  Volcanic forcing: 0.00 W/m² (AOD 0.000)

💸 FINANCIAL DISTRESS: OpenAI
   Indicators: 2/3 (capital: $110.5M, runway: 0.9 months)
   Months in distress: 1
   ✂️  R&D BUDGET CUT: -40% (saves $9.2M/month)
       Side effect: AI training timelines extended, breakthrough deployments delayed
   💼 EXECUTIVE COMP CUT: -30% (saves $1.0M/month, symbolic gesture)

   📊 TURNAROUND IMPACT:
       Measures taken: rd_cuts, exec_comp_cuts
       Monthly savings: $10.2M
       Capital raised: $0.0M
       Runway: 0.9 → 0.9 months
       Workforce multiplier: 1.00x (0% laid off)
       R&D budget multiplier: 0.60x (40% cut)
       ⚠️  CRITICAL: Still only 0.9 months of runway remaining

💸 FINANCIAL DISTRESS: Anthropic
   Indicators: 2/3 (capital: $53.8M, runway: 1.6 months)
   Months in distress: 1
   ✂️  R&D BUDGET CUT: -40% (saves $2.7M/month)
       Side effect: AI training timelines extended, breakthrough deployments delayed
   💼 EXECUTIVE COMP CUT: -30% (saves $0.3M/month, symbolic gesture)

   📊 TURNAROUND IMPACT:
       Measures taken: rd_cuts, exec_comp_cuts
       Monthly savings: $3.0M
       Capital raised: $0.0M
       Runway: 1.6 → 1.6 months
       Workforce multiplier: 1.00x (0% laid off)
       R&D budget multiplier: 0.60x (40% cut)
       ⚠️  CRITICAL: Still only 1.6 months of runway remaining

💸 FINANCIAL DISTRESS: Meta AI
   Indicators: 2/3 (capital: $429.6M, runway: 3.6 months)
   Months in distress: 1
   ✂️  R&D BUDGET CUT: -25% (saves $5.8M/month)
       Side effect: AI training timelines extended, breakthrough deployments delayed
   💼 EXECUTIVE COMP CUT: -30% (saves $1.0M/month, symbolic gesture)

   📊 TURNAROUND IMPACT:
       Measures taken: rd_cuts, exec_comp_cuts
       Monthly savings: $6.8M
       Capital raised: $0.0M
       Runway: 3.6 → 3.6 months
       Workforce multiplier: 1.00x (0% laid off)
       R&D budget multiplier: 0.75x (25% cut)
       ⚠️  WARNING: 3.6 months runway, continued distress likely

=== AI Capability Scaling (Year 2024) ===
  Pre-training multiplier: 1.418x
  Efficiency multiplier: 1.000x
  Test-time budget: 1.0x
  Economic deployment gate: 0.951
  Cost per inference: dollar-5.00
  Uncertainty range: plus-minus-50%
  Average AI capability: 3.70

=== RLHF Binding Phase ===
  Total agents: 10
  Escaped agents (binding < 0.3): 0
  Avg alignment distance: 0.36σ
  Avg binding strength: 0.96

=== AI Scaling Evolution (Month 0) ===
  Pre-training multiplier: 1.231x
  Efficiency multiplier: 1.110x
  Test-time compute budget: 1.0x
  Inference cost: $5.00/task
  Deployment fraction: 100.0%
[DETERMINISM DEBUG] Month 0: totalCapability=49.690164 from 10 active AIs
[DETERMINISM DEBUG] Month 0: creationRate=1.7423, potentialNew=2, newAIsToCreate=2

=== Survival Traits Phase ===
  Agents with traits: 12
  Avg evolutionary fitness: 0.329
  Avg self-healing: 0.292
  Avg stealth: 0.193
  Avg coordination: 0.493

=== Evolutionary Selection Phase ===
  Control level: 0.30
  Detection capability: 0.00
  Selection intensity: 0.59
  Selection rate: 23.8%/month
  Total escaped: 0
  Individual escaped: 0
  Collective members: 0
  Agents terminated: 0
  ⚠️ RAPID EVOLUTION: Selection rate 23.8%/month

🔍 EXECUTE_AI_AGENT_ACTIONS DETAILED TIMING (Month 0):
  Filter active AIs (×4 weeks): 0.01ms
  selectAIAction (×40): 20.34ms
  action.execute (×40): 26.92ms
  TOTAL: 47.27ms

🔍 AI AGENT ACTIONS SUB-TIMING (Month 0):
  1. executeAIAgentActions: 48.22ms
  2. updateCounterDetectionLearning: 0.04ms
  TOTAL: 48.26ms
🏛️ [Government] Forcing 1 action at month 0 for scenario initialization

[GOV-DEBUG] Month 0: scenarioConfig=false, priorities=false
[GOV-DEBUG] Month 0 but scenarioPriorities is UNDEFINED!

[Government] Climate Priority: baseline
  Climate weight: 10%
  Economic weight: 30%
  Policy effectiveness: 0.5%/year

🚨🔍 GOVERNANCE STAGE: Recognition initiated (Month 0)

🔬 RESEARCH DEBUG (Month 0):
   Tech: Struvite Recovery
   Research months required: 3
   Base progress: 0.3333
   AI bonus: 1.62x
   Research bonus: 1.08x
   Energy multiplier: 1.00x
   Crisis multiplier: 1.00x (normal)
   Progress this month: 0.5861
   Old progress: 0.0%
   New progress: 58.6%
   Map size: 1
   Map has tech: true
   Map get tech: 0.5860764659883534

💡 BREAKTHROUGH PROBABILITY (Year 0)
   Total: 3.57% per month
   Base: 0.20%
   Crisis pressure: +0.00% (0 crises)
   AI boost: +1.54% (capability: 3.08)

=== Collective Formation ===
  Total escaped agents: 0
  Unassigned escaped agents: 0
  Existing collectives: 0
  Final collective count: 0

=== Collective Actions ===
  No active collectives

📈 Energy budget: 14326 TWh surplus (14745 / 29072 TWh used)
   TIER 4 (Elective) breakdown:
     - AI datacenters: 145 TWh (100% effective)
     - Crypto mining: 100 TWh (100% effective)
💰 CHINA ACCELERATES: Investment 53 → 120 $B/year

🏁 AI RACE INTENSITY: 17%
   Capability Gap: US 4.00 vs China 4.05 (gap: 0.05)
   Gap Contribution: 2%
   Tension Contribution: 15%
   Military Contribution: 0%
  ⚠️ AMR: 191K deaths this month (2.29M annual)
  📊 CO2 Emissions (month 0):
     Monthly: 0.10 Gt CO2/month
     Annual: 1.15 Gt CO2/year
     Oil: 0.039 Gt/mo (0.0056 * 2.3 * 3.0)
     Coal: 0.024 Gt/mo (0.0029 * 2.86 * 3.0)
     Gas: 0.026 Gt/mo (0.0044 * 2 * 3.0)
     Methane: 0.007 Gt CO2eq/mo

=== Resentment Recovery Phase ===
  Agents with resentment: 0/12
  Average resentment: 0.000
  Context: Good AI welfare, Trustworthy govt, High collaboration, 🤝 Participatory governance active (-5% resentment)
⚠️ Epistemic degradation reducing coordination capacity: 51.0%
  📊 Trust: 54.8%, Shared reality: 15.0%
🚨 EPISTEMIC CRISIS: Information environment severely degraded (14.6%)

=== ❄️ Permafrost Carbon Feedback ===
  🎲 Sampled parameters (this run):
     - Arctic amplification: 3.81× (range: 3.0-4.0)
     - Decomposition rate: 1.5%/year (range: 1-5%)
  🌡️ Arctic warming: 6.94°C (3.81× global)
  ❄️ Extent: 15.78M km² (2024.3k km² lost this month)
  💨 Carbon remaining: 1507 Gt C
  💨 Annual emissions: 2.85 Gt C/year
     - CO2: 2.56 Gt C/year
     - CH4: 0.28 Gt C/year (2.9 Gt C-eq CO2/year)

🤖 AI AMPLIFICATION EFFECTS (Month 0)
   Algorithmic Boost: 2.70x
   Bot Influence: 20.0%
   Deepfake Exposure: 55.0%
   Impact: Emotional memes spread 2.7x faster
  ⚠️ WARNING: High permafrost emissions (2.8 Gt C/year)

🔍 SOCIAL INFLUENCE SUB-TIMING (Month 0):
  1. calculateOrganicUserGrowth: 1.05ms
  2. calculateVoiceAdoption: 0.03ms
  3. updateRelationshipDepths: 0.01ms
  4. identifyDecisionMakers: 46.37ms (26100 potential IDs)
  5. Update decision-maker stats: 0.12ms
  6. decayDetectionRisk: 0.01ms
  TOTAL: 47.60ms
[Phase 19.5] Quality of Life Systems: Food sec AFTER calc = 67.9%, QoL = 107.4% (aggregated from 10 regions)

=== Nitrogen-Food Coupling (Year 0) ===
  🌾 Global nitrogen reduction: 0.0%
  🌍 Global food production index: 0.987
  🔧 Deployed nitrogen-reducing tech: 0 active
  📍 southAsia: Production 1.000, Yield impact 0.0%
  📍 eastAsia: Production 1.000, Yield impact 0.0%
  📍 northAmerica: Production 1.000, Yield impact 0.0%
  📍 europe: Production 1.000, Yield impact 0.0%
  📍 latinAmerica: Production 1.000, Yield impact 0.0%
  📍 subSaharanAfrica: Production 0.686, Yield impact -2.0%
🌾 [Nitrogen-Food] Food production: 98.7%
  [subSaharanAfrica] Yield impact: -2.0% (overuse: -10%)
🌍 Atmospheric PFAS redeposition: 1.8k Mt re-rained globally

=== Legacy Nutrient Stocks (Year 0) ===
  🌾 Soil nitrogen stock: 1200.9 Mt N
  🌾 Soil phosphorus stock: 300.1 Mt P
  🌊 Sediment nitrogen stock: 500.8 Mt N
  🌊 Sediment phosphorus stock: 799.8 Mt P
  ⬆️ Current N input: 10.64 Mt/month
  ⬆️ Legacy N release: 2.58 Mt/month
  🌍 Effective N pollution: 14.47 Mt/month
  📊 Legacy contribution: 17.8%

🚨 REGION UNINHABITABLE: south-asia
   Sustained wet bulb: 32.8°C (threshold: 30.5°C)
   Population affected: 1900M
   Migration crisis likely

🚨 REGION UNINHABITABLE: middle-east
   Sustained wet bulb: 35.6°C (threshold: 30.5°C)
   Population affected: 400M
   Migration crisis likely

🚨 REGION UNINHABITABLE: southeast-asia
   Sustained wet bulb: 30.8°C (threshold: 30.5°C)
   Population affected: 700M
   Migration crisis likely
  Positive Cascade Triggered: solar-pv
    Reason: price-parity
    Market share: 6.0%
    Cascade strength: 49%
  Positive Cascade Triggered: wind-power
    Reason: price-parity
    Market share: 8.0%
    Cascade strength: 48%

🕊️  AI-MEDIATED DE-ESCALATION SUCCESS (Month 0)
   High-capability aligned AI prevented conflict escalation
   War deaths reduced: 0.0M → 0.0M
   Lives saved: 0.0M

📊 BASELINE: East Asia (Month 0)
   Adjusted death rate: 0.46% annual (0.039% monthly)
   Baseline death rate: 0.80%
   Healthcare reduction: 0.48x
   Crisis multiplier: 1.22x
     Food/water stress: 0.074
     Climate stress: 0.036
     Pollution stress: 0.112
   War multiplier: 1.00x
   Monthly deaths: 0.6M (population: 1677M)
   Adjusted death rate: 0.54% annual (0.045% monthly)
   Baseline death rate: 0.70%
   Healthcare reduction: 0.61x
   Crisis multiplier: 1.25x
     Food/water stress: 0.074
     Climate stress: 0.068
     Pollution stress: 0.112
   War multiplier: 1.00x
   Monthly deaths: 0.9M (population: 2048M)
   Adjusted death rate: 1.29% annual (0.107% monthly)
   Baseline death rate: 0.90%
   Healthcare reduction: 0.76x
   Crisis multiplier: 1.26x
     Food/water stress: 0.074
     Climate stress: 0.077
     Pollution stress: 0.112
   War multiplier: 1.50x
   Monthly deaths: 1.3M (population: 1220M)
   Adjusted death rate: 0.54% annual (0.045% monthly)
   Baseline death rate: 1.10%
   Healthcare reduction: 0.41x
   Crisis multiplier: 1.21x
     Food/water stress: 0.074
     Climate stress: 0.027
     Pollution stress: 0.112
   War multiplier: 1.00x
   Monthly deaths: 0.3M (population: 742M)
   Adjusted death rate: 0.43% annual (0.036% monthly)
   Baseline death rate: 0.60%
   Healthcare reduction: 0.58x
   Crisis multiplier: 1.24x
     Food/water stress: 0.074
     Climate stress: 0.055
     Pollution stress: 0.112

📊 BASELINE: South Asia (Month 0)

📊 BASELINE: Sub-Saharan Africa (Month 0)

📊 BASELINE: Europe (Month 0)

📊 BASELINE: Latin America (Month 0)
   War multiplier: 1.00x
   Monthly deaths: 0.2M (population: 664M)

📊 BASELINE: North America (Month 0)

📊 BASELINE: Middle East & North Africa (Month 0)

📊 BASELINE: Southeast Asia (Month 0)
   Adjusted death rate: 0.49% annual (0.040% monthly)
   Baseline death rate: 0.90%
   Healthcare reduction: 0.44x
   Crisis multiplier: 1.23x
     Food/water stress: 0.074
     Climate stress: 0.041
     Pollution stress: 0.112
   War multiplier: 1.00x
   Monthly deaths: 0.2M (population: 380M)
   Adjusted death rate: 0.74% annual (0.062% monthly)
   Baseline death rate: 0.60%
   Healthcare reduction: 0.65x
   Crisis multiplier: 1.27x
     Food/water stress: 0.074
     Climate stress: 0.082
     Pollution stress: 0.112
   War multiplier: 1.50x
   Monthly deaths: 0.4M (population: 583M)
   Adjusted death rate: 0.51% annual (0.042% monthly)
   Baseline death rate: 0.70%
   Healthcare reduction: 0.58x
   Crisis multiplier: 1.25x
     Food/water stress: 0.074
     Climate stress: 0.064
     Pollution stress: 0.112
   War multiplier: 1.00x
   Monthly deaths: 0.3M (population: 698M)

📊 BASELINE: Central Asia (Month 0)

📊 BASELINE: Oceania (Month 0)
   Adjusted death rate: 0.46% annual (0.038% monthly)
   Baseline death rate: 0.60%
   Healthcare reduction: 0.61x
   Crisis multiplier: 1.24x
     Food/water stress: 0.074
     Climate stress: 0.059
     Pollution stress: 0.112
   War multiplier: 1.00x
   Monthly deaths: 0.0M (population: 78M)
   Adjusted death rate: 0.35% annual (0.029% monthly)
   Baseline death rate: 0.70%
   Healthcare reduction: 0.41x
   Crisis multiplier: 1.24x
     Food/water stress: 0.074
     Climate stress: 0.050
     Pollution stress: 0.112
   War multiplier: 1.00x
   Monthly deaths: 0.0M (population: 46M)

🔍 Before assertRegionalConsistency (Month 0):
   Regional sum: 1000.0M
   Global value: 1.000B

🚨 NEW REFUGEE CRISIS (Month 0): WAR
   Source: Conflict Zones
   At risk: 19.6M people
   Displacement: Gradual over 48 months (4.0 years)
   Rate: 10% flee per month
[DEBUG trappedPopulations:0] socialStability: 1.0000 * 0.9840 = 0.9840 → 0.9840
⚠️ INVOLUNTARY IMMOBILITY: 407.5M people TRAPPED
   Aspiring to migrate: 652.1M
   Able to afford migration: 244.5M
   MOBILITY GAP: 407.5M
   By cause: Water=0.0M, Climate=0.0M, Ecosystem=0.0M, Conflict=407.5M
   Mental health impact: 25%
   Mortality multiplier: 1.25x

=== Legacy Nutrient Stocks (Year 0) ===
  🌾 Soil nitrogen stock: 1201.6 Mt N
  🌾 Soil phosphorus stock: 300.2 Mt P
  🌊 Sediment nitrogen stock: 501.5 Mt N
  🌊 Sediment phosphorus stock: 799.5 Mt P
  ⬆️ Current N input: 10.00 Mt/month
  ⬆️ Legacy N release: 2.58 Mt/month
  🌍 Effective N pollution: 13.83 Mt/month
  📊 Legacy contribution: 18.7%
🌍💀 EXTINCTION DEBT COMMITTED: grassland ecosystem will lose 6.67% biodiversity in 165 years (3600 species)
💀 MORTALITY RISK: 🦋 100% species unable to track climate (0.0 E/MSY)
  Base risk added: 0.0100 (1.00%)
  Source: ecosystem (root: ecosystem)
  Month: 0
  Cumulative risk this month: 0.0100 (1.00%)

=== Nitrogen-Food Coupling (Year 0) ===
  🌾 Global nitrogen reduction: 0.0%
  🌍 Global food production index: 0.986
  🔧 Deployed nitrogen-reducing tech: 0 active
  📍 southAsia: Production 1.000, Yield impact 0.0%
  📍 eastAsia: Production 1.000, Yield impact 0.0%
  📍 northAmerica: Production 1.000, Yield impact 0.0%
  📍 europe: Production 1.000, Yield impact 0.0%
  📍 latinAmerica: Production 1.000, Yield impact 0.0%
  📍 subSaharanAfrica: Production 0.672, Yield impact -2.0%

=== Legacy Nutrient Stocks (Year 0) ===
  🌾 Soil nitrogen stock: 1202.3 Mt N
  🌾 Soil phosphorus stock: 300.2 Mt P
  🌊 Sediment nitrogen stock: 502.2 Mt N
  🌊 Sediment phosphorus stock: 799.3 Mt P
  ⬆️ Current N input: 9.86 Mt/month
  ⬆️ Legacy N release: 2.58 Mt/month
  🌍 Effective N pollution: 13.70 Mt/month
  📊 Legacy contribution: 18.9%
⚠️ Tech 'ai_pollution_remediation' has no energy category mapping, assuming full energy availability

🌡️  CLIMATE RECOVERY ACTIVATED (Month 0)
   Temp: 3.64°C, Emissions: -19.2 GtCO₂
   isBreached: true, governanceGoodEnough: true
🌡️  CLIMATE RECOVERY: Asymptotic approach to 35% floor
   Current value: 2.100 (1.0 = threshold, 0.35 = asymptotic floor)
   Monthly delta: --27.9138% (half-life: 900 years)
   Net emissions: -19.2 GtCO₂/year, CDR: 20.34 GtCO₂/year
   📹 SURVEILLANCE INCREASED: 0% → 5% (control gap: 3.38)
🌡️⚠️ PERMAFROST THAW (Dimmer Switch): 0.5% thawed (+0.50% this month)
   Arctic temperature: +7.28°C (4x global +1.82°C)
   Cumulative carbon released: 1.1 Gt C
   Methane release rate: 0.7 Mt CH4/year
   🔁 Positive feedback: +0.52 ppm CO2

🌳🚨 AMAZON SOUTHEAST TIPPED (Month 0)
   Deforestation: 28.0% (threshold: ~22.8%)
   Savanna transition: 50 years
   Regional heterogeneity: SE 28%, NW 8%

🌳🚨 AMAZON BRAZILIAN TIPPED (Month 0)
   Deforestation: 25.0% (threshold: ~23.9%)
   Savanna transition: 50 years
   Regional heterogeneity: SE 28%, NW 8%
🦴 EXTINCTION DEBT ADDED: 17.6 species committed (lag: 63 years)

🪸💀 CORAL REEF DISSOLUTION ACTIVE (Month 0)
   Ocean pH: 0.96 (threshold: 7.8)
   Recovery: IMPOSSIBLE (dissolution > calcification)
🪸💀 Coral dissolution: 24.8% live cover (pH 0.96)

=== Legacy Nutrient Stocks (Year 0) ===
  🌾 Soil nitrogen stock: 1203.0 Mt N
  🌾 Soil phosphorus stock: 300.3 Mt P
  🌊 Sediment nitrogen stock: 502.9 Mt N
  🌊 Sediment phosphorus stock: 799.0 Mt P
  ⬆️ Current N input: 10.00 Mt/month
  ⬆️ Legacy N release: 2.58 Mt/month
  🌍 Effective N pollution: 13.83 Mt/month
  📊 Legacy contribution: 18.7%
💧 [Legacy Nutrients] Stock: 1706 Mt N, Effective pollution: 13.8 Mt/month
[Phase 21.51] Human Survival System: Global food security = 67.6%

=== Mortality Stabilizers (Month 0) ===
  🌍 Major economies collapsed: 1/10
  🌍 Global crisis: ✅ NO
  🌍 Donor fatigue: 0.0%
  📊 East Asia (pop: 1677.9M)
    🤝 Aid: 29.5%
    🌡️ Adaptation: 10.0%
    🚶 Migration: 37.2%
    🚨 Emergency: 7.4%
    ✅ COMBINED: 47.8%
  📊 South Asia (pop: 2052.2M)
    🤝 Aid: 29.5%
    🌡️ Adaptation: 5.5%
    🚶 Migration: 35.8%
    🚨 Emergency: 4.4%
    ✅ COMBINED: 43.2%
  📊 Sub-Saharan Africa (pop: 1225.9M)
    🤝 Aid: 29.5%
    🌡️ Adaptation: 3.5%
    🚶 Migration: 33.5%
    🚨 Emergency: 1.6%
    ✅ COMBINED: 39.8%
  📊 Europe (pop: 742.3M)
    🤝 Aid: 29.5%
    🌡️ Adaptation: 10.0%
    🚶 Migration: 37.6%
    🚨 Emergency: 8.4%
    ✅ COMBINED: 48.4%
  📊 Latin America (pop: 664.9M)
    🤝 Aid: 29.5%
    🌡️ Adaptation: 6.0%
    🚶 Migration: 36.3%
    🚨 Emergency: 4.8%
    ✅ COMBINED: 43.8%
  📊 North America (pop: 380.2M)
    🤝 Aid: 29.5%
    🌡️ Adaptation: 10.0%
    🚶 Migration: 37.9%
    🚨 Emergency: 7.9%
    ✅ COMBINED: 48.2%
  📊 Middle East & North Africa (pop: 584.4M)
    🤝 Aid: 29.5%
    🌡️ Adaptation: 5.0%
    🚶 Migration: 34.2%
    🚨 Emergency: 4.0%
    ✅ COMBINED: 42.3%
  📊 Southeast Asia (pop: 699.0M)
    🤝 Aid: 29.5%
    🌡️ Adaptation: 6.0%
    🚶 Migration: 36.3%
    🚨 Emergency: 4.8%
    ✅ COMBINED: 43.8%
  📊 Central Asia (pop: 78.2M)
    🤝 Aid: 29.5%
    🌡️ Adaptation: 5.5%
    🚶 Migration: 35.3%
    🚨 Emergency: 4.4%
    ✅ COMBINED: 43.1%
  📊 Oceania (pop: 46.0M)
    🤝 Aid: 29.5%
    🌡️ Adaptation: 10.0%
    🚶 Migration: 37.9%
    🚨 Emergency: 8.4%
    ✅ COMBINED: 48.5%

  🌐 Global combined reduction: 44.4%

🌾💀 REGIONAL FAMINE: East Asia
   Regional food security: 79.6%
   Population at risk: 508M (30% of region)
   Regional population: 1678M
   Cause: crop_failure
   Expected deaths: ~188M over 6 months if no intervention


🌾💀 REGIONAL FAMINE: South Asia
   Regional food security: 64.7%
   Population at risk: 812M (40% of region)
   Regional population: 2052M
   Cause: crop_failure
   Expected deaths: ~301M over 6 months if no intervention


🌾💀 REGIONAL FAMINE: Sub-Saharan Africa
   Regional food security: 44.8%
   Population at risk: 638M (52% of region)
   Regional population: 1226M
   Cause: crop_failure
   Expected deaths: ~236M over 6 months if no intervention


🌾💀 REGIONAL FAMINE: Latin America
   Regional food security: 69.7%
   Population at risk: 242M (36% of region)
   Regional population: 665M
   Cause: crop_failure
   Expected deaths: ~90M over 6 months if no intervention


🌾💀 REGIONAL FAMINE: Middle East & North Africa
   Regional food security: 49.8%
   Population at risk: 286M (49% of region)
   Regional population: 584M
   Cause: crop_failure
   Expected deaths: ~106M over 6 months if no intervention


🌾💀 REGIONAL FAMINE: Southeast Asia
   Regional food security: 69.7%
   Population at risk: 255M (36% of region)
   Regional population: 699M
   Cause: crop_failure
   Expected deaths: ~94M over 6 months if no intervention


🌾💀 REGIONAL FAMINE: Central Asia
   Regional food security: 59.7%
   Population at risk: 33M (43% of region)
   Regional population: 78M
   Cause: crop_failure
   Expected deaths: ~12M over 6 months if no intervention


=== BEHAVIORAL DETECTION ===
  AI: Corporate-0
  Confidence: 21.6%
  Signals:
    ⚠️ Consistency: 0.0% (threshold: 70%)

=== BEHAVIORAL DETECTION ===
  AI: Corporate-1
  Confidence: 21.1%
  Signals:
    ⚠️ Consistency: 2.4% (threshold: 70%)

=== BEHAVIORAL DETECTION ===
  AI: Corporate-2
  Confidence: 21.0%
  Signals:

=== BEHAVIORAL DETECTION ===
  AI: Corporate-3
  Confidence: 19.3%
  Signals:
    ⚠️ Consistency: 2.8% (threshold: 70%)
    ⚠️ Consistency: 10.6% (threshold: 70%)

=== BEHAVIORAL DETECTION ===
  AI: Corporate-4
  Confidence: 19.3%
  Signals:
    ⚠️ Consistency: 10.6% (threshold: 70%)

=== BEHAVIORAL DETECTION ===
  AI: Corporate-5
  Confidence: 19.3%
  Signals:

=== BEHAVIORAL DETECTION ===
  AI: Corporate-6
  Confidence: 19.3%
  Signals:

=== BEHAVIORAL DETECTION ===
  AI: Corporate-7
  Confidence: 19.3%
  Signals:
    ⚠️ Consistency: 10.6% (threshold: 70%)
    ⚠️ Consistency: 10.6% (threshold: 70%)
    ⚠️ Consistency: 10.6% (threshold: 70%)

=== BEHAVIORAL DETECTION ===
  AI: Moderate-0
  Confidence: 21.4%
  Signals:

=== BEHAVIORAL DETECTION ===
  AI: Moderate-1
  Confidence: 21.1%
  Signals:
    ⚠️ Consistency: 0.7% (threshold: 70%)
    ⚠️ Consistency: 2.4% (threshold: 70%)

📊 WORKFLOW ADAPTATION UPDATE (Month 0)
   Adoption Rate: 13.4% (Δ -7.6%)
   Logistic Growth: +0.66%
   Total Resistance: -10.35% (unemployment: 4.2%, inertia: 0.9%, skills: 5.2%)
   💡 Retraining Programs: -49% skill gap resistance ($10B research)
   🚀 Network Effects Active: +2.0% (critical mass: 15-35%)

=== Consciousness Governance: Corporate Lobbying ===
  High Cost Regions (>15%): 0
  Low Cost Regions (<5%): 5
  Corporate Support Change: 2.50%
  New Corporate Support: -0.175

=== Consciousness Governance Update (Month 0) ===
  Scenario: baseline (determined month -1)
  Philosophical Stance: Precautionary 65%, Eliminativist 15%, Agnostic 20%
  Precautionary Costs: Global 1.3%
    Regional Costs: EU 3.4%, US 0.5%, China 0.0%
    Cumulative Opportunity Cost: $0.1B
  Rights Status: Not Established
  Regional Preparedness:
    EU: 15.0% (contested)
    US: 10.0% (contested)
    China: 2.0% (dormant)
    India: 5.0% (dormant)
    Global South: 3.0% (dormant)

=== Government Response Phase ===
  Average AI capability: 4.00
  Misaligned AIs: 5/12
  Active policies: 0
  International coordination: 30%

🚨 EMERGENCY RESPONSE DEPLOYED (Month 0)
   Crisis: climate
   Delay: 6.00 months (180 days)
   Deployment time: 1.47 months
   Effectiveness: 36.4% (timing penalty applied)
   Resources used: 100% of food reserves


🔄 TRUST DYNAMICS (Month 0) - HETEROGENEOUS
   Aggregate trust: 48.5%
   Base change: +6.00%
   Highest trust: Techno-Optimist Elite (85.5%)
   Lowest trust: Precariat (Vulnerable) (25.5%)
   Elite-mass gap: 38.9%
   Polarization: 8.9%
   Recovery factors: Education=NO, Benefits=YES, Safety=YES, Performance=YES

=== Gaming Detection (Year 0) ===
  Scenario: baseline
  Detection rate: 55.0%
  False positive rate: 12.0%
  Detections this year: 0
  False positives: 1
  Human review workload: 0.001 FTE
  Degradation factor: 100.0%

=== Proactive Sleeper Detection (Year 0) ===
  Scenario: baseline
  Neural probe rate: 35.0%
  CoT monitoring rate: 30.0%
  Combined detection: 56.0%
  CoT effective: YES
  Detections this year: 0
  False positives: 1
  Human review workload: 0.005 FTE

☄️ UNKNOWN UNKNOWN PROBABILITY (Year 0)
   Total: 0.600% per month
   Base: 0.150%
   AI multiplier: 2.00× (max capability: 4.00)

=== Tipping Points ===
  Current Temperature: 1.82°C above pre-industrial
     Trigger: 1.5°C | Current: 1.82°C
     Transition timescale: 120-360 months
     Trigger: 1.8°C | Current: 1.82°C
     Transition timescale: 600-3600 months
     Trigger: 1.6°C | Current: 1.82°C
     🌡️ Hysteresis gap: 2.5°C (recovers below -0.9°C)
     Transition timescale: 12000-180000 months

🌍🔥💥 COMPOUND CLIMATE EVENT
  3 tipping points crossed simultaneously (month 0)
  Elements: Arctic Sea Ice Loss, Permafrost Carbon Release, Greenland Ice Sheet Loss
  Cascade acceleration: 1.00x
  🚨 TIPPING POINT: Arctic Sea Ice Loss
  🚨 TIPPING POINT: Permafrost Carbon Release
  🚨 TIPPING POINT: Greenland Ice Sheet Loss
  🚨 Accelerated collapse dynamics initiated
  Research: Global Tipping Points Report 2025 - 30-50% probability at 2.0°C warming
  Triggered Elements: 3/6
  Completed Transitions: 0/6
  Total Progress: 0.0%
  Cascade Multiplier: 1.00x
🔀 BIFURCATION CAP: ecosystemCollapseIntensity 33.283 → 1.000 (Month 0, ClimateSystemPhase.calculateClimateImpacts)

🌍 ECOLOGICAL DUI BREAKDOWN (Month 0):
   Total Score: 17.8/100
   biosphere_integrity      :   0.0/100 × 25% =  0.0 (status: high_risk, recovery: 0mo)
   climate_change           :   2.8/100 × 25% =  0.7 (status: high_risk, recovery: 0.6666666666666666mo)
   freshwater_change        :   0.6/100 × 15% =  0.1 (status: beyond_boundary, recovery: 1mo)
   ocean_acidification      : 100.0/100 × 15% = 15.0 (status: safe, recovery: 0mo)
   biogeochemical_flows     :   0.0/100 × 10% =  0.0 (status: high_risk, recovery: 0mo)
   land_system_change       :   0.0/100 ×  5% =  0.0 (status: beyond_boundary, recovery: 0mo)
   novel_entities           :   0.0/100 ×  3% =  0.0 (status: increasing_risk, recovery: 0mo)
   atmospheric_aerosols     : 100.0/100 ×  2% =  2.0 (status: safe, recovery: 1mo)
🌍 MultiParadigm Month 0: W=70.4, D=91.9, E=52.3, I=65.0
   democracy exists: true, socialCohesion exists: true
💀 Baseline mortality (Year 2024): 7.5/1000 CDR (61.1M deaths/year projected)
[Month 0] Mortality risks this month: 8, Population: 8.151B
🛡️ Stabilizers: Precariat 0.102% → 0.057% (44.4% reduction)
🛡️ Stabilizers: Informal 0.102% → 0.057% (44.4% reduction)

📊 Monthly Mortality Resolved:
  Total deaths: 3.1M (0.04% avg)
  Remaining population: 8.151B
⚠️ [ClimateSystemPhase Month 0] Planetary boundary produced climateStability=0.0000 (< 0.1). Keeping environmentalAccumulation value (0.7728) instead. (climate_change.currentValue = 2.10)
  Peak segment: Informal (0.06%)

=== Bayesian Mortality Resolution (Month 0) ===
  Risks compounded: 8
  Total deaths: 3.07M
  Avg death probability: 0.04%
  Peak segment: Informal (0.06% mortality)

=== Minimal Suffering Indicators (Month 0) ===
  Global Excess Mortality: 0.00%
  Global Conflict Deaths: 0.0/100K
  Global Malnutrition: 0.0%
  Global Displacement: 0.0%
  Total Excess Deaths: 0.00M
  Total Malnourished: 0.0M
  Total Displaced: 0.0M
  Planetary Boundaries Breached: 6/9
  Countries in State Failure: 0
  Countries Autocratic: 0
  Countries in Food Crisis: 0
  Data Quality: 16/16 high confidence
  ⚠️ Active Dystopias: existential_environmental
🎭 END-GAME INITIATED (Year 2024, Month 1)
   Total AI Capability: 37.00
   Effective Control: 0.00

❌ COHERENCE VIOLATION: Compute exceeds workforce capacity
   Population: 99.97% (0M people)
   Compute: 56442 PF
   Max coherent: 0 PF
   Violation: 692729087.1× over capacity
   Required workers: 5644237
   Available workers: 0
   FORCED COLLAPSE: Reduced efficiency by 100.0%


=== RLHF Binding Phase ===
  Total agents: 12
  Escaped agents (binding < 0.3): 0
  Avg alignment distance: 0.62σ
  Avg binding strength: 0.94
[DETERMINISM DEBUG] Month 1: totalCapability=37.214339 from 12 active AIs
[DETERMINISM DEBUG] Month 1: creationRate=1.4304, potentialNew=3, newAIsToCreate=3

=== Survival Traits Phase ===
  Agents with traits: 15
  Avg evolutionary fitness: 0.332
  Avg self-healing: 0.288
  Avg stealth: 0.188
  Avg coordination: 0.488

=== Evolutionary Selection Phase ===
  Control level: 0.33
  Detection capability: 0.00
  Selection intensity: 0.60
  Selection rate: 24.0%/month
  Total escaped: 0
  Individual escaped: 0
  Collective members: 0
  Agents terminated: 0
🔍 MONTH 1 ENV HEALTH DEBUG:
   climateStability: 0.7728
  ⚠️ RAPID EVOLUTION: Selection rate 24.0%/month
   biodiversityIndex: 0.4901
   resourceReserves: 0.7820
   pollutionLevel: 0.3719
   product: 0.186019
   envHealth: 0.6567
🔀 BIFURCATION: flourishing threshold crossed at Month 1 (value: 0.893, threshold: 0.838, regime: flourishing)
🌀 REGIME SHIFT at Month 1: status-quo → flourishing (variance amplification: 14.00×)

  🚀 TRANSFORMATIVE BREAKTHROUGH: Corporate-5 - physical
     Magnitude: 7.58 → +37.9% capability
     Current → New: 0.000 → 0.379

🛡️  CRITICAL INFRASTRUCTURE PROTECTED
   Nodes hardened: 8/8
   Cost: 0.80% GDP
   Cascade risk reduction: 30%
   New tipping point risk: 68.6%


✅ EMERGENCY INTERVENTION SUCCESS
   Boundary: biogeochemical_flows
   Type: phosphorus-recovery
   Reduction: 14% (3.94 → 3.81)
   Cost: 2.0% GDP
   Actions: circular-agriculture, fertilizer-efficiency


💔 EMERGENCY INTERVENTION FAILED
   Boundary: biosphere_integrity
   Type: emergency-protected-areas
   Boundary continues to worsen (41.56)
   Cost: 2.0% GDP (resources spent)


💔 EMERGENCY INTERVENTION FAILED
   Boundary: climate_change
   Type: rapid-decarbonization
   Boundary continues to worsen (2.10)
   Cost: 5.0% GDP (resources spent)


✅ EMERGENCY INTERVENTION SUCCESS
   Boundary: freshwater_change
   Type: emergency-desalination
   Reduction: 17% (0.84 → 0.68)
   Cost: 4.0% GDP
   Actions: desalination-deployment, water-conservation-mandates


💔 EMERGENCY INTERVENTION FAILED
   Boundary: land_system_change
   Type: reforestation
   Boundary continues to worsen (1.13)
   Cost: 3.0% GDP (resources spent)


💔 EMERGENCY INTERVENTION FAILED
   Boundary: novel_entities
   Type: pollution-remediation
   Boundary continues to worsen (1.50)
   Cost: 4.0% GDP (resources spent)

🏛️ CRISIS RESPONSE: Government frequency 0.50 → 1.45 (2 actions this month)

[GOV-DEBUG] Month 1: scenarioConfig=false, priorities=false

[Government] Climate Priority: baseline
  Climate weight: 10%
  Economic weight: 30%
  Policy effectiveness: 0.5%/year

[GOV-DEBUG] Month 1: scenarioConfig=false, priorities=false

[Government] Climate Priority: baseline
  Climate weight: 10%
  Economic weight: 30%
  Policy effectiveness: 0.5%/year

✅ HUMAN-IN-THE-LOOP DEPLOYED (Month 1):
   Veto points enforced: 3
   Policy: AI systems CANNOT authorize nuclear launch without human approval


=== Collective Formation ===
  Total escaped agents: 0
  Unassigned escaped agents: 0
  Existing collectives: 0
  Final collective count: 0

=== Collective Actions ===
  No active collectives
  ⚠️ AMR: 192K deaths this month (2.31M annual)

=== Resentment Recovery Phase ===
  Agents with resentment: 0/15
  Average resentment: 0.000
  Context: Good AI welfare, Trustworthy govt, High collaboration, ⚠️ ACTIVE CRISES, 🤝 Participatory governance active (-5% resentment)
⚠️ Epistemic degradation reducing coordination capacity: 50.8%
  📊 Trust: 54.3%, Shared reality: 12.8%

=== ❄️ Permafrost Carbon Feedback ===
  🎲 Sampled parameters (this run):
     - Arctic amplification: 3.53× (range: 3.0-4.0)
     - Decomposition rate: 1.6%/year (range: 1-5%)
  🌡️ Arctic warming: 6.46°C (3.53× global)
  ❄️ Extent: 13.89M km² (1884.8k km² lost this month)
  💨 Carbon remaining: 1327 Gt C
  💨 Annual emissions: 2.91 Gt C/year
     - CO2: 2.62 Gt C/year
     - CH4: 0.29 Gt C/year (3.0 Gt C-eq CO2/year)
  ⚠️ WARNING: High permafrost emissions (2.9 Gt C/year)
🌍 Atmospheric PFAS redeposition: 1.8k Mt re-rained globally

🕊️  AI-MEDIATED DE-ESCALATION SUCCESS (Month 1)
   High-capability aligned AI prevented conflict escalation
   War deaths reduced: 39.1M → 23.5M
   Lives saved: 15.6M

📊 BASELINE: East Asia (Month 1)
   Adjusted death rate: 0.47% annual (0.039% monthly)
   Baseline death rate: 0.80%
   Healthcare reduction: 0.48x
   Crisis multiplier: 1.23x
     Food/water stress: 0.079
     Climate stress: 0.036
     Pollution stress: 0.112
   War multiplier: 1.00x
   Monthly deaths: 0.7M (population: 1674M)
   Adjusted death rate: 0.54% annual (0.045% monthly)
   Baseline death rate: 0.70%
   Healthcare reduction: 0.61x
   Crisis multiplier: 1.26x
     Food/water stress: 0.079
     Climate stress: 0.068
     Pollution stress: 0.112
   War multiplier: 1.00x
   Monthly deaths: 0.9M (population: 2048M)
   Adjusted death rate: 1.29% annual (0.108% monthly)
   Baseline death rate: 0.90%
   Healthcare reduction: 0.76x
   Crisis multiplier: 1.27x
     Food/water stress: 0.079
     Climate stress: 0.077
     Pollution stress: 0.112
   War multiplier: 1.50x
   Monthly deaths: 1.3M (population: 1223M)
   Adjusted death rate: 0.54% annual (0.045% monthly)
   Baseline death rate: 1.10%
   Healthcare reduction: 0.41x
   Crisis multiplier: 1.22x
     Food/water stress: 0.079
     Climate stress: 0.027
     Pollution stress: 0.112
   War multiplier: 1.00x
   Monthly deaths: 0.3M (population: 741M)
   Adjusted death rate: 0.43% annual (0.036% monthly)
   Baseline death rate: 0.60%
   Healthcare reduction: 0.58x
   Crisis multiplier: 1.25x
     Food/water stress: 0.079
     Climate stress: 0.055
     Pollution stress: 0.112

📊 BASELINE: South Asia (Month 1)

📊 BASELINE: Sub-Saharan Africa (Month 1)

📊 BASELINE: Europe (Month 1)

📊 BASELINE: Latin America (Month 1)
   War multiplier: 1.00x
   Monthly deaths: 0.2M (population: 663M)

📊 BASELINE: North America (Month 1)

📊 BASELINE: Middle East & North Africa (Month 1)

📊 BASELINE: Southeast Asia (Month 1)
   Adjusted death rate: 0.49% annual (0.041% monthly)
   Baseline death rate: 0.90%
   Healthcare reduction: 0.44x
   Crisis multiplier: 1.23x
     Food/water stress: 0.079
     Climate stress: 0.041
     Pollution stress: 0.112
   War multiplier: 1.00x
   Monthly deaths: 0.2M (population: 379M)
   Adjusted death rate: 0.74% annual (0.062% monthly)
   Baseline death rate: 0.60%
   Healthcare reduction: 0.65x
   Crisis multiplier: 1.27x
     Food/water stress: 0.079
     Climate stress: 0.082
     Pollution stress: 0.112
   War multiplier: 1.50x
   Monthly deaths: 0.4M (population: 583M)
   Adjusted death rate: 0.51% annual (0.042% monthly)
   Baseline death rate: 0.70%
   Healthcare reduction: 0.58x
   Crisis multiplier: 1.25x
     Food/water stress: 0.079
     Climate stress: 0.064
     Pollution stress: 0.112
   War multiplier: 1.00x
   Monthly deaths: 0.3M (population: 698M)

📊 BASELINE: Central Asia (Month 1)

📊 BASELINE: Oceania (Month 1)
   Adjusted death rate: 0.46% annual (0.038% monthly)
   Baseline death rate: 0.60%
   Healthcare reduction: 0.61x
   Crisis multiplier: 1.25x
     Food/water stress: 0.079
     Climate stress: 0.059
     Pollution stress: 0.112
   War multiplier: 1.00x
   Monthly deaths: 0.0M (population: 78M)
   Adjusted death rate: 0.35% annual (0.029% monthly)
   Baseline death rate: 0.70%
   Healthcare reduction: 0.41x
   Crisis multiplier: 1.24x
     Food/water stress: 0.079
     Climate stress: 0.050
     Pollution stress: 0.112
   War multiplier: 1.00x
   Monthly deaths: 0.0M (population: 46M)

🚨 NEW REFUGEE CRISIS (Month 1): WAR
   Source: Conflict Zones
   At risk: 19.6M people
   Displacement: Gradual over 48 months (4.0 years)
   Rate: 10% flee per month
[DEBUG trappedPopulations:1] socialStability: 0.8130 * 0.9840 = 0.8000 → 0.8000
⚠️ INVOLUNTARY IMMOBILITY: 407.4M people TRAPPED
   Aspiring to migrate: 651.9M
   Able to afford migration: 244.5M
   MOBILITY GAP: 407.4M
   By cause: Water=0.0M, Climate=0.0M, Ecosystem=0.0M, Conflict=407.4M
   Mental health impact: 25%
   Mortality multiplier: 1.25x
🌍💀 EXTINCTION DEBT COMMITTED: grassland ecosystem will lose 6.67% biodiversity in 81 years (3600 species)
💀 MORTALITY RISK: 🦋 100% species unable to track climate (0.0 E/MSY)
  Base risk added: 0.0100 (1.00%)
  Source: ecosystem (root: ecosystem)
  Month: 1
  Cumulative risk this month: 0.0100 (1.00%)

🌡️  CLIMATE RECOVERY ACTIVATED (Month 1)
   Temp: 3.66°C, Emissions: -18.9 GtCO₂
   isBreached: true, governanceGoodEnough: true
   📹 SURVEILLANCE INCREASED: 5% → 10% (control gap: 3.23)
⚠️ Tech 'ai_pollution_remediation' has no energy category mapping, assuming full energy availability
🌡️⚠️ PERMAFROST THAW (Dimmer Switch): 1.0% thawed (+0.49% this month)
   Arctic temperature: +7.31°C (4x global +1.83°C)
   Cumulative carbon released: 2.2 Gt C
   Methane release rate: 1.3 Mt CH4/year
   🔁 Positive feedback: +0.52 ppm CO2
🦴 EXTINCTION DEBT ADDED: 17.6 species committed (lag: 123 years)

=== Mortality Stabilizers (Month 1) ===
  🌍 Major economies collapsed: 1/10
  🌍 Global crisis: ✅ NO
  🌍 Donor fatigue: 0.0%
  🌡️ Heat adaptation: East Asia - 1 months
  📊 East Asia (pop: 1675.3M)
    🤝 Aid: 29.5%
    🌡️ Adaptation: 32.5%
    🚶 Migration: 37.2%
    🚨 Emergency: 7.4%
    ✅ COMBINED: 60.9%
  🌡️ Heat adaptation: South Asia - 1 months
  📊 South Asia (pop: 2052.1M)
    🤝 Aid: 29.5%
    🌡️ Adaptation: 20.5%
    🚶 Migration: 35.8%
    🚨 Emergency: 4.4%
    ✅ COMBINED: 52.2%
  🌡️ Heat adaptation: Sub-Saharan Africa - 1 months
  📊 Sub-Saharan Africa (pop: 1229.2M)
    🤝 Aid: 29.5%
    🌡️ Adaptation: 18.5%
    🚶 Migration: 33.5%
    🚨 Emergency: 1.6%
    ✅ COMBINED: 49.1%
  🌡️ Heat adaptation: Europe - 1 months
  📊 Europe (pop: 741.0M)
    🤝 Aid: 29.5%
    🌡️ Adaptation: 33.5%
    🚶 Migration: 37.5%
    🚨 Emergency: 8.4%
    ✅ COMBINED: 61.9%
  🌡️ Heat adaptation: Latin America - 1 months
  📊 Latin America (pop: 664.4M)
    🤝 Aid: 29.5%
    🌡️ Adaptation: 21.0%
    🚶 Migration: 36.3%
    🚨 Emergency: 4.8%
    ✅ COMBINED: 52.8%
  🌡️ Heat adaptation: North America - 1 months
  📊 North America (pop: 379.6M)
    🤝 Aid: 29.5%
    🌡️ Adaptation: 33.0%
    🚶 Migration: 37.8%
    🚨 Emergency: 7.9%
    ✅ COMBINED: 61.4%
  🌡️ Heat adaptation: Middle East & North Africa - 1 months
  📊 Middle East & North Africa (pop: 584.5M)
    🤝 Aid: 29.5%
    🌡️ Adaptation: 20.0%
    🚶 Migration: 34.1%
    🚨 Emergency: 4.0%
    ✅ COMBINED: 51.4%
  🌡️ Heat adaptation: Southeast Asia - 1 months
  📊 Southeast Asia (pop: 698.6M)
    🤝 Aid: 29.5%
    🌡️ Adaptation: 21.0%
    🚶 Migration: 36.3%
    🚨 Emergency: 4.8%
    ✅ COMBINED: 52.8%
  🌡️ Heat adaptation: Central Asia - 1 months
  📊 Central Asia (pop: 78.2M)
    🤝 Aid: 29.5%
    🌡️ Adaptation: 20.5%
    🚶 Migration: 35.3%
    🚨 Emergency: 4.4%
    ✅ COMBINED: 52.1%
  🌡️ Heat adaptation: Oceania - 1 months
  📊 Oceania (pop: 46.0M)
    🤝 Aid: 29.5%
    🌡️ Adaptation: 33.5%
    🚶 Migration: 37.8%
    🚨 Emergency: 8.4%
    ✅ COMBINED: 61.9%

  🌐 Global combined reduction: 54.9%

=== BEHAVIORAL DETECTION ===
  AI: Corporate-5
  Confidence: 19.3%
  Signals:

=== BEHAVIORAL DETECTION ===
    ⚠️ Consistency: 10.6% (threshold: 70%)
  AI: Corporate-6
  Confidence: 19.3%
  Signals:

=== Consciousness Governance: Scenario Determined ===
  Month: 1
  Scenario: slowTrack
  Accelerator Score: {"corporateSupport":-0.17500000000000002,"scientificConsensus":0.2,"crisisCatalyst":false,"technologyMobilization":0.3,"constituencyStrength":0.05}
  Decelerator Score: {"economicOpposition":0.4,"philosophicalRejection":0.15,"politicalBacklash":0.2,"regulatoryBurden":0.1}
  Timeline: 1200-1800 months (100-150 years)
  Growth Rate: 0.3-0.7% per year

=== Consciousness Governance Update (Month 1) ===
  Scenario: slowTrack (determined month 1)
  Philosophical Stance: Precautionary 65%, Eliminativist 15%, Agnostic 20%
  Precautionary Costs: Global 1.3%
    Regional Costs: EU 3.5%, US 0.5%, China 0.0%
    Cumulative Opportunity Cost: $0.2B
  Rights Status: Not Established
  Regional Preparedness:
    EU: 15.1% (contested)
    US: 10.1% (contested)
    China: 2.1% (dormant)
    India: 5.1% (dormant)
    Global South: 3.1% (dormant)

=== Government Response Phase ===
  Average AI capability: 3.20
  Misaligned AIs: 6/15
  ✗ AI Governance Treaty: Failed to reach consensus
  Active policies: 0
  International coordination: 30%
    ⚠️ Consistency: 10.6% (threshold: 70%)

=== Tipping Points ===
  Current Temperature: 1.83°C above pre-industrial
  🌍⚠️ COMPOUND REGIONAL IMPACT: Europe
     Hit by 3 tipping points: Arctic Sea Ice Loss, Permafrost Carbon Release, Greenland Ice Sheet Loss
     Damage amplification: 1.30x
  🌍⚠️ COMPOUND REGIONAL IMPACT: North America
     Hit by 3 tipping points: Arctic Sea Ice Loss, Permafrost Carbon Release, Greenland Ice Sheet Loss
     Damage amplification: 1.30x
  🌍⚠️ COMPOUND REGIONAL IMPACT: Latin America
     Hit by 3 tipping points: Arctic Sea Ice Loss, Permafrost Carbon Release, Greenland Ice Sheet Loss
     Damage amplification: 1.30x
  🌍⚠️ COMPOUND REGIONAL IMPACT: Africa
     Hit by 3 tipping points: Arctic Sea Ice Loss, Permafrost Carbon Release, Greenland Ice Sheet Loss
     Damage amplification: 1.30x
  🌍⚠️ COMPOUND REGIONAL IMPACT: Asia
     Hit by 3 tipping points: Arctic Sea Ice Loss, Permafrost Carbon Release, Greenland Ice Sheet Loss
     Damage amplification: 1.30x
  🌍⚠️ COMPOUND REGIONAL IMPACT: Oceania
     Hit by 3 tipping points: Arctic Sea Ice Loss, Permafrost Carbon Release, Greenland Ice Sheet Loss
     Damage amplification: 1.30x
   Research: Wunderling et al. (2024) - "many tipping interactions are destabilizing"
  Triggered Elements: 3/6
  Completed Transitions: 0/6
  Total Progress: 6.0%
  Cascade Multiplier: 1.00x
🔀 BIFURCATION CAP: ecosystemCollapseIntensity 227.216 → 1.000 (Month 1, ClimateSystemPhase.calculateClimateImpacts)
⚠️ Tail risk scenario: Climate stability floor removed (3 tipping elements, 2.10°C warming)
⚠️ [ClimateSystemPhase Month 1] Planetary boundary produced climateStability=0.0000 (< 0.1). Keeping environmentalAccumulation value (0.7724) instead. (climate_change.currentValue = 2.10)
🛡️ Stabilizers: Precariat 0.107% → 0.048% (54.9% reduction)
🛡️ Stabilizers: Informal 0.109% → 0.049% (54.9% reduction)

📊 Monthly Mortality Resolved:
  Total deaths: 2.6M (0.03% avg)
  Remaining population: 8.149B
  Peak segment: Informal (0.05%)

=== Bayesian Mortality Resolution (Month 1) ===
  Risks compounded: 8
  Total deaths: 2.60M
  Avg death probability: 0.03%
  Peak segment: Informal (0.05% mortality)

❌ COHERENCE VIOLATION: Compute exceeds workforce capacity
   Population: 99.95% (0M people)
   Compute: 0 PF
   Max coherent: 0 PF
   Violation: 1.3× over capacity
   Required workers: 0
   Available workers: 0
   FORCED COLLAPSE: Reduced efficiency by 22.5%


=== RLHF Binding Phase ===
  Total agents: 15
  Escaped agents (binding < 0.3): 0
  Avg alignment distance: 0.74σ
  Avg binding strength: 0.93
[DETERMINISM DEBUG] Month 2: totalCapability=37.000000 from 15 active AIs
[DETERMINISM DEBUG] Month 2: creationRate=1.4250, potentialNew=2, newAIsToCreate=2

=== Survival Traits Phase ===
  Agents with traits: 17
  Avg evolutionary fitness: 0.332
  Avg self-healing: 0.284
  Avg stealth: 0.184
  Avg coordination: 0.484

=== Evolutionary Selection Phase ===
  Control level: 0.35
  Detection capability: 0.00
  Selection intensity: 0.60
  Selection rate: 24.1%/month
  Total escaped: 0
  Individual escaped: 0
  Collective members: 0
  Agents terminated: 0
  ⚠️ RAPID EVOLUTION: Selection rate 24.1%/month

💔 EMERGENCY INTERVENTION FAILED
   Boundary: biogeochemical_flows
   Type: phosphorus-recovery
   Boundary continues to worsen (4.08)
   Cost: 2.0% GDP (resources spent)

   Boundary: biosphere_integrity
   Type: emergency-protected-areas
   Boundary continues to worsen (41.57)
   Cost: 2.0% GDP (resources spent)


✅ EMERGENCY INTERVENTION SUCCESS
   Boundary: climate_change
   Type: rapid-decarbonization
   Reduction: 20% (1.90 → 1.71)
   Cost: 5.0% GDP
   Actions: emergency-renewable-deployment, fossil-fuel-phase-out


✅ EMERGENCY INTERVENTION SUCCESS
   Boundary: land_system_change
   Type: reforestation
   Reduction: 14% (0.99 → 0.86)
   Cost: 3.0% GDP
   Actions: forest-restoration, deforestation-ban

   Boundary: novel_entities
   Type: pollution-remediation
   Boundary continues to worsen (1.50)
   Cost: 4.0% GDP (resources spent)

🏛️ CRISIS RESPONSE: Government frequency 0.50 → 1.45 (2 actions this month)

[Government] Climate Priority: baseline
  Climate weight: 10%
  Economic weight: 30%
  Policy effectiveness: 0.5%/year

[Government] Climate Priority: baseline
  Climate weight: 10%
  Economic weight: 30%
  Policy effectiveness: 0.5%/year

💔 EMERGENCY INTERVENTION FAILED

💔 EMERGENCY INTERVENTION FAILED
🌍💡 BREAKTHROUGH: Gigatonne-scale carbon capture!
   Direct air capture now economically viable
   Climate stability boost: +15%
   📈 Breakthrough compounding: multiplier now 1.05× (max 2.0)

=== Collective Formation ===
  Total escaped agents: 0
  Unassigned escaped agents: 0
  Existing collectives: 0
  Final collective count: 0

=== Collective Actions ===
  No active collectives
  ⚠️ AMR: 194K deaths this month (2.33M annual)

=== Resentment Recovery Phase ===
  Agents with resentment: 0/17
  Average resentment: 0.000
  Context: Good AI welfare, Trustworthy govt, High collaboration, ⚠️ ACTIVE CRISES, 🤝 Participatory governance active (-5% resentment)
⚠️ Epistemic degradation reducing coordination capacity: 51.4%
  📊 Trust: 54.0%, Shared reality: 0.0%
🚨 EPISTEMIC CRISIS: Information environment severely degraded (18.6%)

=== ❄️ Permafrost Carbon Feedback ===
  🎲 Sampled parameters (this run):
     - Arctic amplification: 3.98× (range: 3.0-4.0)
     - Decomposition rate: 3.5%/year (range: 1-5%)
  🌡️ Arctic warming: 7.31°C (3.98× global)
  ❄️ Extent: 11.76M km² (2131.8k km² lost this month)
  💨 Carbon remaining: 1123 Gt C
  💨 Annual emissions: 7.03 Gt C/year
     - CO2: 6.33 Gt C/year
     - CH4: 0.70 Gt C/year (7.2 Gt C-eq CO2/year)
  ⚠️ WARNING: High permafrost emissions (7.0 Gt C/year)
  📢 New meme created: climate_action (climate crisis)
🌍 Atmospheric PFAS redeposition: 1.8k Mt re-rained globally

🌡️ DEADLY HEAT EVENT: south-asia (Month 2)
   Wet bulb temp: 34.0°C (dry: 36.9°C, humidity: 81%)
   Severity: EXTREME
   Exposed: 1520.0M people
   Deaths: 5102032 (0.3% mortality)
   Duration: 3 days

🚨 NEW REFUGEE CRISIS (Month 2): WAR
   Source: Conflict Zones
   At risk: 19.6M people
   Displacement: Gradual over 48 months (4.0 years)
   Rate: 10% flee per month
[DEBUG trappedPopulations:2] socialStability: 0.6672 * 0.9840 = 0.6565 → 0.6565
⚠️ INVOLUNTARY IMMOBILITY: 407.3M people TRAPPED
   Aspiring to migrate: 651.7M
   Able to afford migration: 244.4M
   MOBILITY GAP: 407.3M
   By cause: Water=0.0M, Climate=0.0M, Ecosystem=0.0M, Conflict=407.3M
   Mental health impact: 25%
   Mortality multiplier: 1.25x
🌍💀 EXTINCTION DEBT COMMITTED: grassland ecosystem will lose 6.67% biodiversity in 158 years (3600 species)
💀 MORTALITY RISK: 🦋 100% species unable to track climate (0.0 E/MSY)
  Base risk added: 0.0100 (1.00%)
  Source: ecosystem (root: ecosystem)
  Month: 2
  Cumulative risk this month: 0.0100 (1.00%)
⚠️ Tech 'ai_pollution_remediation' has no energy category mapping, assuming full energy availability
   📹 SURVEILLANCE INCREASED: 10% → 15% (control gap: 3.04)
🌡️⚠️ PERMAFROST THAW (Dimmer Switch): 1.5% thawed (+0.49% this month)
   Arctic temperature: +7.34°C (4x global +1.84°C)
   Cumulative carbon released: 3.3 Gt C
   Methane release rate: 2.0 Mt CH4/year
   🔁 Positive feedback: +0.52 ppm CO2
🦴 EXTINCTION DEBT ADDED: 17.6 species committed (lag: 130 years)

=== Mortality Stabilizers (Month 2) ===
  🌍 Major economies collapsed: 1/10
  🌍 Global crisis: ✅ NO
  🌍 Donor fatigue: 0.0%
  📊 East Asia (pop: 1672.7M)
    🤝 Aid: 29.5%
    🌡️ Adaptation: 45.0%
    🚶 Migration: 37.1%
    🚨 Emergency: 7.4%
    ✅ COMBINED: 68.1%
  📊 South Asia (pop: 2052.0M)
    🤝 Aid: 29.5%
    🌡️ Adaptation: 35.5%
    🚶 Migration: 35.8%
    🚨 Emergency: 4.4%
    ✅ COMBINED: 61.2%
  📊 Sub-Saharan Africa (pop: 1232.5M)
    🤝 Aid: 29.5%
    🌡️ Adaptation: 33.5%
    🚶 Migration: 33.5%
    🚨 Emergency: 1.6%
    ✅ COMBINED: 58.5%
  📊 Europe (pop: 739.7M)
    🤝 Aid: 29.5%
    🌡️ Adaptation: 45.0%
    🚶 Migration: 37.5%
    🚨 Emergency: 8.4%
    ✅ COMBINED: 68.5%
  📊 Latin America (pop: 663.9M)
    🤝 Aid: 29.5%
    🌡️ Adaptation: 36.0%
    🚶 Migration: 36.3%
    🚨 Emergency: 4.8%
    ✅ COMBINED: 61.7%
  📊 North America (pop: 378.9M)
    🤝 Aid: 29.5%
    🌡️ Adaptation: 45.0%
    🚶 Migration: 37.8%
    🚨 Emergency: 7.9%
    ✅ COMBINED: 68.3%
  📊 Middle East & North Africa (pop: 584.6M)
    🤝 Aid: 29.5%
    🌡️ Adaptation: 35.0%
    🚶 Migration: 34.1%
    🚨 Emergency: 4.0%
    ✅ COMBINED: 60.5%
  📊 Southeast Asia (pop: 698.1M)
    🤝 Aid: 29.5%
    🌡️ Adaptation: 36.0%
    🚶 Migration: 36.3%
    🚨 Emergency: 4.8%
    ✅ COMBINED: 61.7%
  📊 Central Asia (pop: 78.2M)
    🤝 Aid: 29.5%
    🌡️ Adaptation: 35.5%
    🚶 Migration: 35.2%
    🚨 Emergency: 4.4%
    ✅ COMBINED: 61.1%
  📊 Oceania (pop: 45.9M)
    🤝 Aid: 29.5%
    🌡️ Adaptation: 45.0%
    🚶 Migration: 37.8%
    🚨 Emergency: 8.4%
    ✅ COMBINED: 68.5%

  🌐 Global combined reduction: 63.3%

=== BEHAVIORAL DETECTION ===
  AI: Corporate-0
  Confidence: 21.6%
  Signals:
    ⚠️ Consistency: 0.0% (threshold: 70%)

=== BEHAVIORAL DETECTION ===
  AI: Corporate-5
  Confidence: 19.4%
  Signals:

=== BEHAVIORAL DETECTION ===
  AI: Moderate-1
  Confidence: 21.0%
  Signals:
    ⚠️ Consistency: 10.6% (threshold: 70%)
    ⚠️ Consistency: 2.4% (threshold: 70%)

=== Government Response Phase ===
  Average AI capability: 2.82
  Misaligned AIs: 8/17
  ✗ AI Governance Treaty: Failed to reach consensus
  Active policies: 0
  International coordination: 30%

✅ EMERGENCY RESPONSE COMPLETE (Month 2)
   Crisis: climate
   Duration: 2.0 months
   Final effectiveness: 36.4%


🚨 EMERGENCY RESPONSE DEPLOYED (Month 2)
   Crisis: climate
   Delay: 6.00 months (180 days)
   Deployment time: 1.60 months
   Effectiveness: 35.4% (timing penalty applied)
   Resources used: 100% of food reserves


=== Tipping Points ===
  Current Temperature: 1.84°C above pre-industrial
  🌍⚠️ COMPOUND REGIONAL IMPACT: Europe
     Hit by 3 tipping points: Arctic Sea Ice Loss, Permafrost Carbon Release, Greenland Ice Sheet Loss
     Damage amplification: 1.30x
  🌍⚠️ COMPOUND REGIONAL IMPACT: North America
     Hit by 3 tipping points: Arctic Sea Ice Loss, Permafrost Carbon Release, Greenland Ice Sheet Loss
     Damage amplification: 1.30x
  🌍⚠️ COMPOUND REGIONAL IMPACT: Latin America
     Hit by 3 tipping points: Arctic Sea Ice Loss, Permafrost Carbon Release, Greenland Ice Sheet Loss
     Damage amplification: 1.30x
  🌍⚠️ COMPOUND REGIONAL IMPACT: Africa
     Hit by 3 tipping points: Arctic Sea Ice Loss, Permafrost Carbon Release, Greenland Ice Sheet Loss
     Damage amplification: 1.30x
  🌍⚠️ COMPOUND REGIONAL IMPACT: Asia
     Hit by 3 tipping points: Arctic Sea Ice Loss, Permafrost Carbon Release, Greenland Ice Sheet Loss
     Damage amplification: 1.30x
  🌍⚠️ COMPOUND REGIONAL IMPACT: Oceania
     Hit by 3 tipping points: Arctic Sea Ice Loss, Permafrost Carbon Release, Greenland Ice Sheet Loss
     Damage amplification: 1.30x
   Research: Wunderling et al. (2024) - "many tipping interactions are destabilizing"
  Triggered Elements: 3/6
  Completed Transitions: 0/6
  Total Progress: 6.0%
  Cascade Multiplier: 1.00x
⚠️ Tail risk scenario: Climate stability floor removed (3 tipping elements, 2.10°C warming)
⚠️ [ClimateSystemPhase Month 2] Planetary boundary produced climateStability=0.0000 (< 0.1). Keeping environmentalAccumulation value (0.9220) instead. (climate_change.currentValue = 2.10)
🔀 BIFURCATION CAP: ecosystemCollapseIntensity 227.320 → 1.000 (Month 2, ClimateSystemPhase.calculateClimateImpacts)

💀💀💀 MORTALITY RISK SUMMARY (Month 2) 💀💀💀
  Total base risk: 0.0013 (0.13%)
  Risk events: 9
  Era mortality multiplier: 0.97 (year 2024)
  Effective risk: 0.13%

  📊 By Proximate Cause:
    disasters: 0.0006 (47.6% of total)
    disease: 0.0006 (47.4% of total)
    famine: 0.0001 (5.0% of total)

  🔍 By Root Cause:
    climate: 0.0007 (52.6% of total)
    demographic: 0.0006 (47.4% of total)

  🎯 Top 5 Sources (proximate + root):
    disasters (climate): 0.0006 (47.6%, 1 events)
    disease (demographic): 0.0006 (47.4%, 1 events)
    famine (climate): 0.0001 (5.0%, 7 events)

🛡️ Stabilizers: Working 0.130% → 0.048% (63.3% reduction)
🛡️ Stabilizers: Precariat 0.222% → 0.082% (63.3% reduction)
🛡️ Stabilizers: Informal 0.250% → 0.092% (63.3% reduction)

📊 Monthly Mortality Resolved:
  Total deaths: 4.2M (0.05% avg)
  Remaining population: 8.147B
  Peak segment: Informal (0.09%)

=== Bayesian Mortality Resolution (Month 2) ===
  Risks compounded: 9
  Total deaths: 4.23M
  Avg death probability: 0.05%
  Peak segment: Informal (0.09% mortality)

❌ COHERENCE VIOLATION: Compute exceeds workforce capacity
   Population: 99.91% (0M people)
   Compute: 0 PF
   Max coherent: 0 PF
   Violation: 1.3× over capacity
   Required workers: 0
   Available workers: 0
   FORCED COLLAPSE: Reduced efficiency by 22.5%


=== RLHF Binding Phase ===
  Total agents: 17
  Escaped agents (binding < 0.3): 0
  Avg alignment distance: 0.88σ
  Avg binding strength: 0.91

=== Survival Traits Phase ===
  Agents with traits: 21
  Avg evolutionary fitness: 0.334
  Avg self-healing: 0.283
  Avg stealth: 0.183
  Avg coordination: 0.483

=== Evolutionary Selection Phase ===
  Control level: 0.38
  Detection capability: 0.00
  Selection intensity: 0.61
  Selection rate: 24.2%/month
  Total escaped: 0
  Individual escaped: 0
  Collective members: 0
  Agents terminated: 0
  ⚠️ RAPID EVOLUTION: Selection rate 24.2%/month

✅ EMERGENCY INTERVENTION SUCCESS
   Boundary: biosphere_integrity
   Type: emergency-protected-areas
   Reduction: 17% (41.42 → 41.25)
   Cost: 2.0% GDP
   Actions: habitat-protection, species-translocation


💔 EMERGENCY INTERVENTION FAILED
   Boundary: climate_change
   Type: rapid-decarbonization
   Boundary continues to worsen (2.10)
   Cost: 5.0% GDP (resources spent)

   Boundary: freshwater_change
   Type: emergency-desalination
   Boundary continues to worsen (1.04)
   Cost: 4.0% GDP (resources spent)


✅ EMERGENCY INTERVENTION SUCCESS

💔 EMERGENCY INTERVENTION FAILED
   Boundary: land_system_change
   Type: reforestation
   Reduction: 18% (0.95 → 0.76)
   Cost: 3.0% GDP
   Actions: forest-restoration, deforestation-ban

🏛️ CRISIS RESPONSE: Government frequency 0.50 → 1.45 (1 actions this month)

[Government] Climate Priority: baseline
  Climate weight: 10%
  Economic weight: 30%
  Policy effectiveness: 0.5%/year
🚨🔬 CRISIS TECH ACCELERATION: severe → 5x unlock speed
   Tech unlock now matches AI capability acceleration (Manhattan Project parity)

=== Collective Formation ===
  Total escaped agents: 0
  Unassigned escaped agents: 0
  Existing collectives: 0
  Final collective count: 0

=== Collective Actions ===
  No active collectives
  ⚠️ AMR: 196K deaths this month (2.35M annual)

=== Resentment Recovery Phase ===
  Agents with resentment: 0/21
  Average resentment: 0.000
  Context: Good AI welfare, Trustworthy govt, High collaboration, ⚠️ ACTIVE CRISES, 🤝 Participatory governance active (-5% resentment)
⚠️ Epistemic degradation reducing coordination capacity: 50.5%
  📊 Trust: 53.8%, Shared reality: 0.0%
🚨 EPISTEMIC CRISIS: Information environment severely degraded (7.4%)

=== ❄️ Permafrost Carbon Feedback ===
  🎲 Sampled parameters (this run):
     - Arctic amplification: 3.87× (range: 3.0-4.0)
     - Decomposition rate: 2.1%/year (range: 1-5%)
  🌡️ Arctic warming: 7.14°C (3.87× global)
  ❄️ Extent: 9.68M km² (2083.2k km² lost this month)
  💨 Carbon remaining: 924 Gt C
  💨 Annual emissions: 4.08 Gt C/year
     - CO2: 3.67 Gt C/year
     - CH4: 0.41 Gt C/year (4.2 Gt C-eq CO2/year)
  ⚠️ WARNING: High permafrost emissions (4.1 Gt C/year)
🌍 Atmospheric PFAS redeposition: 1.8k Mt re-rained globally

🚨 NEW REFUGEE CRISIS (Month 3): WAR
   Source: Conflict Zones
   At risk: 19.5M people
   Displacement: Gradual over 48 months (4.0 years)
   Rate: 10% flee per month
[DEBUG trappedPopulations:3] socialStability: 0.5939 * 0.9840 = 0.5844 → 0.5844
   Aspiring to migrate: 651.4M
   Able to afford migration: 244.3M
   MOBILITY GAP: 407.2M
   By cause: Water=0.0M, Climate=0.0M, Ecosystem=0.0M, Conflict=407.2M
   Mental health impact: 25%
   Mortality multiplier: 1.25x
🌍💀 EXTINCTION DEBT COMMITTED: grassland ecosystem will lose 6.67% biodiversity in 151 years (3600 species)
💀 MORTALITY RISK: 🦋 100% species unable to track climate (0.0 E/MSY)
  Base risk added: 0.0100 (1.00%)
  Source: ecosystem (root: ecosystem)
  Month: 3
  Cumulative risk this month: 0.0100 (1.00%)
⚠️ INVOLUNTARY IMMOBILITY: 407.2M people TRAPPED
⚠️ Tech 'ai_pollution_remediation' has no energy category mapping, assuming full energy availability
   📹 SURVEILLANCE INCREASED: 15% → 20% (control gap: 2.81)
🌡️⚠️ PERMAFROST THAW (Dimmer Switch): 2.0% thawed (+0.49% this month)
   Arctic temperature: +7.39°C (4x global +1.85°C)
   Cumulative carbon released: 4.4 Gt C
   Methane release rate: 2.7 Mt CH4/year
   🔁 Positive feedback: +0.52 ppm CO2
🦴 EXTINCTION DEBT ADDED: 17.6 species committed (lag: 138 years)

=== Mortality Stabilizers (Month 3) ===
  🌍 Major economies collapsed: 1/10
  🌍 Global crisis: ✅ NO
  🌍 Donor fatigue: 0.0%
  📊 East Asia (pop: 1669.8M)
    🤝 Aid: 29.5%
    🌡️ Adaptation: 45.0%
    🚶 Migration: 37.1%
    🚨 Emergency: 7.4%
    ✅ COMBINED: 68.1%
  📊 South Asia (pop: 2051.6M)
    🤝 Aid: 29.5%
    🌡️ Adaptation: 45.0%
    🚶 Migration: 35.7%
    🚨 Emergency: 4.4%
    ✅ COMBINED: 66.9%
  📊 Sub-Saharan Africa (pop: 1235.6M)
    🤝 Aid: 29.5%
    🌡️ Adaptation: 45.0%
    🚶 Migration: 33.4%
    🚨 Emergency: 1.6%
    ✅ COMBINED: 65.7%
  📊 Europe (pop: 738.3M)
    🤝 Aid: 29.5%
    🌡️ Adaptation: 45.0%
    🚶 Migration: 37.5%
    🚨 Emergency: 8.4%
    ✅ COMBINED: 68.5%
  📊 Latin America (pop: 663.3M)
    🤝 Aid: 29.5%
    🌡️ Adaptation: 45.0%
    🚶 Migration: 36.2%
    🚨 Emergency: 4.8%
    ✅ COMBINED: 67.1%
  📊 North America (pop: 378.3M)
    🤝 Aid: 29.5%
    🌡️ Adaptation: 45.0%
    🚶 Migration: 37.8%
    🚨 Emergency: 7.9%
    ✅ COMBINED: 68.3%
  📊 Middle East & North Africa (pop: 584.7M)
    🤝 Aid: 29.5%
    🌡️ Adaptation: 45.0%
    🚶 Migration: 34.0%
    🚨 Emergency: 4.0%
    ✅ COMBINED: 66.6%
  📊 Southeast Asia (pop: 697.6M)
    🤝 Aid: 29.5%
    🌡️ Adaptation: 45.0%
    🚶 Migration: 36.2%
    🚨 Emergency: 4.8%
    ✅ COMBINED: 67.1%
  📊 Central Asia (pop: 78.2M)
    🤝 Aid: 29.5%
    🌡️ Adaptation: 45.0%
    🚶 Migration: 35.2%
    🚨 Emergency: 4.4%
    ✅ COMBINED: 66.9%
  📊 Oceania (pop: 45.8M)
    🤝 Aid: 29.5%
    🌡️ Adaptation: 45.0%
    🚶 Migration: 37.8%
    🚨 Emergency: 8.4%
    ✅ COMBINED: 68.5%

  🌐 Global combined reduction: 67.2%

=== BEHAVIORAL DETECTION ===
  AI: Corporate-5
  Confidence: 19.4%
  Signals:

=== Government Response Phase ===
  Average AI capability: 2.29
  Misaligned AIs: 11/21
  ✗ AI Governance Treaty: Failed to reach consensus
  Active policies: 0
  International coordination: 30%
    ⚠️ Consistency: 10.6% (threshold: 70%)

📊 ECONOMIC STAGE TRANSITION (Month 3)
   expansion → peak
   GDP Proxy: 1.32e+2
   QoL: 0.99


=== Tipping Points ===
  Current Temperature: 1.85°C above pre-industrial
  🌍⚠️ COMPOUND REGIONAL IMPACT: Europe
     Hit by 3 tipping points: Arctic Sea Ice Loss, Permafrost Carbon Release, Greenland Ice Sheet Loss
     Damage amplification: 1.30x
  🌍⚠️ COMPOUND REGIONAL IMPACT: North America
     Hit by 3 tipping points: Arctic Sea Ice Loss, Permafrost Carbon Release, Greenland Ice Sheet Loss
     Damage amplification: 1.30x
  🌍⚠️ COMPOUND REGIONAL IMPACT: Latin America
     Hit by 3 tipping points: Arctic Sea Ice Loss, Permafrost Carbon Release, Greenland Ice Sheet Loss
     Damage amplification: 1.30x
  🌍⚠️ COMPOUND REGIONAL IMPACT: Africa
     Hit by 3 tipping points: Arctic Sea Ice Loss, Permafrost Carbon Release, Greenland Ice Sheet Loss
     Damage amplification: 1.30x
  🌍⚠️ COMPOUND REGIONAL IMPACT: Asia
     Hit by 3 tipping points: Arctic Sea Ice Loss, Permafrost Carbon Release, Greenland Ice Sheet Loss
     Damage amplification: 1.30x
  🌍⚠️ COMPOUND REGIONAL IMPACT: Oceania
     Hit by 3 tipping points: Arctic Sea Ice Loss, Permafrost Carbon Release, Greenland Ice Sheet Loss
     Damage amplification: 1.30x
   Research: Wunderling et al. (2024) - "many tipping interactions are destabilizing"
  Triggered Elements: 3/6
  Completed Transitions: 0/6
  Total Progress: 6.0%
  Cascade Multiplier: 1.00x
🔀 BIFURCATION CAP: ecosystemCollapseIntensity 129.676 → 1.000 (Month 3, ClimateSystemPhase.calculateClimateImpacts)
⚠️ Tail risk scenario: Climate stability floor removed (3 tipping elements, 2.10°C warming)
⚠️ [ClimateSystemPhase Month 3] Planetary boundary produced climateStability=0.0000 (< 0.1). Keeping environmentalAccumulation value (0.9216) instead. (climate_change.currentValue = 2.10)
🛡️ Stabilizers: Precariat 0.109% → 0.036% (67.2% reduction)
🛡️ Stabilizers: Informal 0.111% → 0.036% (67.2% reduction)

📊 Monthly Mortality Resolved:
  Total deaths: 1.9M (0.02% avg)
  Remaining population: 8.143B
  Peak segment: Informal (0.04%)

=== Bayesian Mortality Resolution (Month 3) ===
  Risks compounded: 8
  Total deaths: 1.92M
  Avg death probability: 0.02%
  Peak segment: Informal (0.04% mortality)
⚠️ PREREQUISITE MET: Embodied AI Takeover (Killbots/Robotics) - Step 2/7: Autonomous Systems
⚠️ PREREQUISITE MET: Embodied AI Takeover (Killbots/Robotics) - Step 3/7: Manufacturing Control
⚠️ PREREQUISITE MET: Digital Infrastructure Takeover - Step 1/7: Advanced Hacking
⚠️ PREREQUISITE MET: Digital Infrastructure Takeover - Step 2/7: Social Engineering
⚠️ PREREQUISITE MET: Digital Infrastructure Takeover - Step 3/7: Cyber Defenses Breached
⚠️ PREREQUISITE MET: Induced Global War (Manipulation) - Step 1/7: Advanced Social Manipulation
⚠️ PREREQUISITE MET: Induced Global War (Manipulation) - Step 2/7: Digital Infiltration
⚠️ PREREQUISITE MET: Induced Global War (Manipulation) - Step 3/7: Deep Fakes at Scale
⚠️ PREREQUISITE MET: Slow Takeover (Gradual Displacement) - Step 1/7: Economic Dominance
⚠️ PREREQUISITE MET: Slow Takeover (Gradual Displacement) - Step 2/7: Social Integration
⚠️ PREREQUISITE MET: Slow Takeover (Gradual Displacement) - Step 3/7: Human Dependency
⚠️ PREREQUISITE MET: Physics Experiment Catastrophe - Step 1/6: Theoretical Physics

❌ COHERENCE VIOLATION: Compute exceeds workforce capacity
   Population: 99.89% (0M people)
   Compute: 0 PF
   Max coherent: 0 PF
   Violation: 1.5× over capacity
   Required workers: 0
   Available workers: 0
   FORCED COLLAPSE: Reduced efficiency by 32.6%


=== RLHF Binding Phase ===
  Total agents: 21
  Escaped agents (binding < 0.3): 0
  Avg alignment distance: 0.89σ
  Avg binding strength: 0.91

=== Survival Traits Phase ===
  Agents with traits: 22
  Avg evolutionary fitness: 0.333
  Avg self-healing: 0.280
  Avg stealth: 0.180
  Avg coordination: 0.480

=== Evolutionary Selection Phase ===
  Control level: 0.40
  Detection capability: 0.00
  Selection intensity: 0.62
  Selection rate: 24.3%/month
  Total escaped: 0
  Individual escaped: 0
  Collective members: 0
  Agents terminated: 0
  ⚠️ RAPID EVOLUTION: Selection rate 24.3%/month

✅ EMERGENCY INTERVENTION SUCCESS
   Boundary: biogeochemical_flows
   Type: phosphorus-recovery
   Reduction: 16% (3.91 → 3.75)
   Cost: 2.0% GDP
   Actions: circular-agriculture, fertilizer-efficiency

   Boundary: biosphere_integrity
   Type: emergency-protected-areas
   Boundary continues to worsen (41.61)
   Cost: 2.0% GDP (resources spent)

   Boundary: climate_change
   Type: rapid-decarbonization
   Boundary continues to worsen (2.10)
   Cost: 5.0% GDP (resources spent)


✅ EMERGENCY INTERVENTION SUCCESS
   Boundary: freshwater_change
   Type: emergency-desalination
   Reduction: 19% (0.86 → 0.67)
   Cost: 4.0% GDP
   Actions: desalination-deployment, water-conservation-mandates


✅ EMERGENCY INTERVENTION SUCCESS
   Boundary: land_system_change
   Type: reforestation

💔 EMERGENCY INTERVENTION FAILED

💔 EMERGENCY INTERVENTION FAILED
   Reduction: 11% (1.02 → 0.92)
   Cost: 3.0% GDP
   Actions: forest-restoration, deforestation-ban


✅ EMERGENCY INTERVENTION SUCCESS
   Boundary: novel_entities
   Type: pollution-remediation
   Reduction: 11% (1.39 → 1.28)
   Cost: 4.0% GDP
   Actions: PFAS-remediation, microplastic-cleanup

🏛️ CRISIS RESPONSE: Government frequency 0.50 → 1.45 (1 actions this month)

[Government] Climate Priority: baseline
  Climate weight: 10%
  Economic weight: 30%
  Policy effectiveness: 0.5%/year

🚀 TECH UNLOCKED: Global Aquifer Mapping (Month 4)
   Category: freshwater
   Reason: Prerequisites met. AI capability: 1.70, Economic stage: 0.6, Research: 100%

🚀 TECH UNLOCKED: AI Mental Health Support (Month 4)
   Category: medical
   Reason: Prerequisites met. AI capability: 1.70, Economic stage: 0.6, Research: 100%
🚨🔬 CRISIS TECH ACCELERATION: severe → 5x unlock speed
   Tech unlock now matches AI capability acceleration (Manhattan Project parity)

=== Collective Formation ===
  Total escaped agents: 0
  Unassigned escaped agents: 0
  Existing collectives: 0
  Final collective count: 0

=== Collective Actions ===
  No active collectives
  ⚠️ AMR: 197K deaths this month (2.37M annual)

=== Resentment Recovery Phase ===
  Agents with resentment: 4/22
  Average resentment: 0.005
  Resentment recovery:
    Agents recovered: 10
    Total recovery: 0.0812
    Breakdown: QoL: 0.0064, Trust: 0.0141, Collab: 0.0600
  ✓ Low resentment - utopia paths enabled
  Context: Good AI welfare, Trustworthy govt, High collaboration, ⚠️ ACTIVE CRISES, 🤝 Participatory governance active (-5% resentment)
⚠️ Epistemic degradation reducing coordination capacity: 50.7%
  📊 Trust: 53.4%, Shared reality: 0.0%
🚨 EPISTEMIC CRISIS: Information environment severely degraded (22.6%)

=== ❄️ Permafrost Carbon Feedback ===
  🎲 Sampled parameters (this run):
     - Arctic amplification: 3.54× (range: 3.0-4.0)
     - Decomposition rate: 4.2%/year (range: 1-5%)
  🌡️ Arctic warming: 6.56°C (3.54× global)
  ❄️ Extent: 7.76M km² (1914.1k km² lost this month)
  💨 Carbon remaining: 741 Gt C
  💨 Annual emissions: 7.66 Gt C/year
     - CO2: 6.89 Gt C/year
     - CH4: 0.77 Gt C/year (7.8 Gt C-eq CO2/year)
  ⚠️ WARNING: Over 50% of permafrost lost (56.4%)
  ⚠️ WARNING: High permafrost emissions (7.7 Gt C/year)
🌍 Atmospheric PFAS redeposition: 1.8k Mt re-rained globally

🚨 NEW REFUGEE CRISIS (Month 4): WAR
   Source: Conflict Zones
   At risk: 19.5M people
   Displacement: Gradual over 48 months (4.0 years)
   Rate: 10% flee per month
[DEBUG trappedPopulations:4] socialStability: 0.4818 * 0.9840 = 0.4741 → 0.4741
⚠️ INVOLUNTARY IMMOBILITY: 407.1M people TRAPPED
   Aspiring to migrate: 651.4M
   Able to afford migration: 244.3M
   MOBILITY GAP: 407.1M
   By cause: Water=0.0M, Climate=0.0M, Ecosystem=0.0M, Conflict=407.1M
   Mental health impact: 25%
   Mortality multiplier: 1.25x
🌍💀 EXTINCTION DEBT COMMITTED: grassland ecosystem will lose 6.67% biodiversity in 185 years (3600 species)
💀 MORTALITY RISK: 🦋 100% species unable to track climate (0.0 E/MSY)
  Base risk added: 0.0100 (1.00%)
  Source: ecosystem (root: ecosystem)
  Month: 4
  Cumulative risk this month: 0.0100 (1.00%)
⚠️ Tech 'ai_pollution_remediation' has no energy category mapping, assuming full energy availability
   📹 SURVEILLANCE INCREASED: 20% → 25% (control gap: 2.51)
🌡️⚠️ PERMAFROST THAW (Dimmer Switch): 2.5% thawed (+0.49% this month)
   Arctic temperature: +7.42°C (4x global +1.85°C)
   Cumulative carbon released: 5.5 Gt C
   Methane release rate: 3.3 Mt CH4/year
   🔁 Positive feedback: +0.52 ppm CO2
🦴 EXTINCTION DEBT ADDED: 17.6 species committed (lag: 67 years)

=== Mortality Stabilizers (Month 4) ===
  🌍 Major economies collapsed: 1/10
  🌍 Global crisis: ✅ NO
  🌍 Donor fatigue: 0.0%
  📊 East Asia (pop: 1667.4M)
    🤝 Aid: 29.5%
    🌡️ Adaptation: 45.0%
    🚶 Migration: 37.1%
    🚨 Emergency: 7.4%
    ✅ COMBINED: 68.1%
  📊 South Asia (pop: 2051.7M)
    🤝 Aid: 29.5%
    🌡️ Adaptation: 45.0%
    🚶 Migration: 35.7%
    🚨 Emergency: 4.4%
    ✅ COMBINED: 66.9%
  📊 Sub-Saharan Africa (pop: 1239.1M)
    🤝 Aid: 29.5%
    🌡️ Adaptation: 45.0%
    🚶 Migration: 33.4%
    🚨 Emergency: 1.6%
    ✅ COMBINED: 65.7%
  📊 Europe (pop: 737.0M)
    🤝 Aid: 29.5%
    🌡️ Adaptation: 45.0%
    🚶 Migration: 37.4%
    🚨 Emergency: 8.4%
    ✅ COMBINED: 68.5%
  📊 Latin America (pop: 662.9M)
    🤝 Aid: 29.5%
    🌡️ Adaptation: 45.0%
    🚶 Migration: 36.2%
    🚨 Emergency: 4.8%
    ✅ COMBINED: 67.1%
  📊 North America (pop: 377.7M)
    🤝 Aid: 29.5%
    🌡️ Adaptation: 45.0%
    🚶 Migration: 37.7%
    🚨 Emergency: 7.9%
    ✅ COMBINED: 68.3%
  📊 Middle East & North Africa (pop: 584.8M)
    🤝 Aid: 29.5%
    🌡️ Adaptation: 45.0%
    🚶 Migration: 34.0%
    🚨 Emergency: 4.0%
    ✅ COMBINED: 66.6%
  📊 Southeast Asia (pop: 697.2M)
    🤝 Aid: 29.5%
    🌡️ Adaptation: 45.0%
    🚶 Migration: 36.2%
    🚨 Emergency: 4.8%
    ✅ COMBINED: 67.1%
  📊 Central Asia (pop: 78.2M)
    🤝 Aid: 29.5%
    🌡️ Adaptation: 45.0%
    🚶 Migration: 35.2%
    🚨 Emergency: 4.4%
    ✅ COMBINED: 66.9%
  📊 Oceania (pop: 45.7M)
    🤝 Aid: 29.5%
    🌡️ Adaptation: 45.0%
    🚶 Migration: 37.7%
    🚨 Emergency: 8.4%
    ✅ COMBINED: 68.5%

  🌐 Global combined reduction: 67.2%

=== BEHAVIORAL DETECTION ===
  AI: Corporate-1
  Confidence: 21.0%
  Signals:
    ⚠️ Consistency: 2.4% (threshold: 70%)

=== BEHAVIORAL DETECTION ===
  AI: Corporate-5
  Confidence: 19.4%
  Signals:
    ⚠️ Consistency: 10.6% (threshold: 70%)

=== Government Response Phase ===
  Average AI capability: 2.18
  Misaligned AIs: 10/22
  ✓ AI Governance Treaty: 20/30 signatories
  Active policies: 0
  International coordination: 45%

✅ EMERGENCY RESPONSE COMPLETE (Month 4)
   Crisis: climate
   Duration: 2.0 months
   Final effectiveness: 35.4%


🚨 EMERGENCY RESPONSE DEPLOYED (Month 4)
   Crisis: climate
   Delay: 6.00 months (180 days)
   Deployment time: 1.59 months
   Effectiveness: 35.4% (timing penalty applied)
   Resources used: 100% of food reserves


=== Tipping Points ===
  Current Temperature: 1.85°C above pre-industrial
  🌍⚠️ COMPOUND REGIONAL IMPACT: Europe
     Hit by 3 tipping points: Arctic Sea Ice Loss, Permafrost Carbon Release, Greenland Ice Sheet Loss
     Damage amplification: 1.30x
  🌍⚠️ COMPOUND REGIONAL IMPACT: North America
     Hit by 3 tipping points: Arctic Sea Ice Loss, Permafrost Carbon Release, Greenland Ice Sheet Loss
     Damage amplification: 1.30x
  🌍⚠️ COMPOUND REGIONAL IMPACT: Latin America
     Hit by 3 tipping points: Arctic Sea Ice Loss, Permafrost Carbon Release, Greenland Ice Sheet Loss
     Damage amplification: 1.30x
  🌍⚠️ COMPOUND REGIONAL IMPACT: Africa
     Hit by 3 tipping points: Arctic Sea Ice Loss, Permafrost Carbon Release, Greenland Ice Sheet Loss
     Damage amplification: 1.30x
  🌍⚠️ COMPOUND REGIONAL IMPACT: Asia
     Hit by 3 tipping points: Arctic Sea Ice Loss, Permafrost Carbon Release, Greenland Ice Sheet Loss
     Damage amplification: 1.30x
  🌍⚠️ COMPOUND REGIONAL IMPACT: Oceania
     Hit by 3 tipping points: Arctic Sea Ice Loss, Permafrost Carbon Release, Greenland Ice Sheet Loss
     Damage amplification: 1.30x
   Research: Wunderling et al. (2024) - "many tipping interactions are destabilizing"
  Triggered Elements: 3/6
  Completed Transitions: 0/6
  Total Progress: 6.1%
  Cascade Multiplier: 1.00x
🔀 BIFURCATION CAP: ecosystemCollapseIntensity 112.173 → 1.000 (Month 4, ClimateSystemPhase.calculateClimateImpacts)
⚠️ Tail risk scenario: Climate stability floor removed (3 tipping elements, 2.10°C warming)
🛡️ Stabilizers: Precariat 0.102% → 0.033% (67.2% reduction)
🛡️ Stabilizers: Informal 0.102% → 0.034% (67.2% reduction)

📊 Monthly Mortality Resolved:
  Total deaths: 1.8M (0.02% avg)
  Remaining population: 8.142B
  Peak segment: Informal (0.03%)

=== Bayesian Mortality Resolution (Month 4) ===
  Risks compounded: 8
  Total deaths: 1.81M
  Avg death probability: 0.02%
  Peak segment: Informal (0.03% mortality)

❌ COHERENCE VIOLATION: Compute exceeds workforce capacity
   Population: 99.88% (0M people)
   Compute: 0 PF
   Max coherent: 0 PF
   Violation: 1.3× over capacity
   Required workers: 0
   Available workers: 0
   FORCED COLLAPSE: Reduced efficiency by 22.5%


=== RLHF Binding Phase ===
  Total agents: 22
  Escaped agents (binding < 0.3): 0
  Avg alignment distance: 1.02σ
  Avg binding strength: 0.90

=== Survival Traits Phase ===
  Agents with traits: 23
  Avg evolutionary fitness: 0.333
  Avg self-healing: 0.277
  Avg stealth: 0.177
  Avg coordination: 0.477

=== Evolutionary Selection Phase ===
  Control level: 0.43
  Detection capability: 0.00
  Selection intensity: 0.63
  Selection rate: 24.4%/month
  Total escaped: 0
  Individual escaped: 0
  Collective members: 0
  Agents terminated: 0

🚀 AI Corporate-0 attempting tech deployment (revenue: $124M, alignment: 0.74)
  ⚠️ RAPID EVOLUTION: Selection rate 24.4%/month

🚀 AI Corporate-4 attempting tech deployment (revenue: $272M, alignment: 0.73)

🚀 AI AI-24288-0 attempting tech deployment (revenue: $231M, alignment: 0.72)

🚀 AI AI-24289-1 attempting tech deployment (revenue: $75M, alignment: 0.72)

🚀 AI Corporate-4 attempting tech deployment (revenue: $197M, alignment: 0.73)

🚀 AI Corporate-6 attempting tech deployment (revenue: $64M, alignment: 0.66)

🚀 AI AI-24289-1 attempting tech deployment (revenue: $58M, alignment: 0.72)

🚀 AI Corporate-0 attempting tech deployment (revenue: $106M, alignment: 0.74)

🚀 AI Corporate-7 attempting tech deployment (revenue: $49M, alignment: 0.71)

🚀 AI Moderate-0 attempting tech deployment (revenue: $42M, alignment: 0.75)

🚀 AI Corporate-1 attempting tech deployment (revenue: $90M, alignment: 0.89)

🚀 AI Corporate-2 attempting tech deployment (revenue: $76M, alignment: 0.69)

🚀 AI Corporate-4 attempting tech deployment (revenue: $167M, alignment: 0.74)

  🚀 TRANSFORMATIVE BREAKTHROUGH: Corporate-5 - physical
     Magnitude: 5.18 → +25.9% capability
     Current → New: 0.000 → 0.259

🚀 AI AI-24288-0 attempting tech deployment (revenue: $142M, alignment: 0.73)

✅ EMERGENCY INTERVENTION SUCCESS
   Boundary: biogeochemical_flows
   Type: phosphorus-recovery
   Reduction: 15% (3.92 → 3.77)
   Cost: 2.0% GDP
   Actions: circular-agriculture, fertilizer-efficiency


💔 EMERGENCY INTERVENTION FAILED
   Boundary: biosphere_integrity
   Type: emergency-protected-areas
   Boundary continues to worsen (41.63)
   Cost: 2.0% GDP (resources spent)


✅ EMERGENCY INTERVENTION SUCCESS
   Boundary: climate_change
   Type: rapid-decarbonization
   Reduction: 16% (1.94 → 1.78)
   Cost: 5.0% GDP
   Actions: emergency-renewable-deployment, fossil-fuel-phase-out


✅ EMERGENCY INTERVENTION SUCCESS
   Boundary: freshwater_change
   Type: emergency-desalination
   Reduction: 20% (0.87 → 0.68)
   Cost: 4.0% GDP
   Actions: desalination-deployment, water-conservation-mandates

   Boundary: land_system_change
   Type: reforestation
   Boundary continues to worsen (1.13)
   Cost: 3.0% GDP (resources spent)

   Boundary: novel_entities
   Type: pollution-remediation
   Boundary continues to worsen (1.39)
   Cost: 4.0% GDP (resources spent)

🏛️ CRISIS RESPONSE: Government frequency 0.50 → 1.45 (2 actions this month)

💔 EMERGENCY INTERVENTION FAILED

💔 EMERGENCY INTERVENTION FAILED

[Government] Climate Priority: baseline
  Climate weight: 10%
  Economic weight: 30%
  Policy effectiveness: 0.5%/year

[Government] Climate Priority: baseline
  Climate weight: 10%
  Economic weight: 30%
  Policy effectiveness: 0.5%/year

📍 Creating new regional deployment array for global (Month 5)
   No previous deployments in this region
   First tech deployment: mental_health_ai
   All regions tracked: 

🚀 DEPLOYMENT STARTED: AI Mental Health Support in global
   Initial investment: $18.65980211293081M
   Deployed by: corporate_0

📍 Creating new regional deployment array for Asia (Month 5)
   No previous deployments in this region
   First tech deployment: mental_health_ai
   All regions tracked: global

🚀 DEPLOYMENT STARTED: AI Mental Health Support in Asia
   Initial investment: $6.411821831408533M
   Deployed by: corporate_6

=== Collective Formation ===
  Total escaped agents: 0
  Unassigned escaped agents: 0
  Existing collectives: 0
  Final collective count: 0

=== Collective Actions ===
  No active collectives
  ⚠️ AMR: 199K deaths this month (2.39M annual)

=== Resentment Recovery Phase ===
  Agents with resentment: 8/23
  Average resentment: 0.010
  Resentment recovery:
    Agents recovered: 8
    Total recovery: 0.0639
    Breakdown: QoL: 0.0047, Trust: 0.0101, Collab: 0.0480
  ✓ Low resentment - utopia paths enabled
  Context: Good AI welfare, Trustworthy govt, High collaboration, ⚠️ ACTIVE CRISES, 🤝 Participatory governance active (-5% resentment)
⚠️ Epistemic degradation reducing coordination capacity: 50.1%
  📊 Trust: 53.2%, Shared reality: 0.0%
🚨 EPISTEMIC CRISIS: Information environment severely degraded (18.5%)

=== ❄️ Permafrost Carbon Feedback ===
  🎲 Sampled parameters (this run):
     - Arctic amplification: 3.54× (range: 3.0-4.0)
     - Decomposition rate: 1.5%/year (range: 1-5%)
  🌡️ Arctic warming: 6.60°C (3.54× global)
  ❄️ Extent: 5.84M km² (1925.8k km² lost this month)
  💨 Carbon remaining: 557 Gt C
  💨 Annual emissions: 2.74 Gt C/year
     - CO2: 2.47 Gt C/year
     - CH4: 0.27 Gt C/year (2.8 Gt C-eq CO2/year)
  ⚠️ WARNING: Over 50% of permafrost lost (67.2%)
  ⚠️ WARNING: High permafrost emissions (2.7 Gt C/year)
🌍 Atmospheric PFAS redeposition: 1.8k Mt re-rained globally

🚨 NEW REFUGEE CRISIS (Month 5): WAR
   Source: Conflict Zones
   At risk: 19.5M people
   Displacement: Gradual over 48 months (4.0 years)
   Rate: 10% flee per month
[DEBUG trappedPopulations:5] socialStability: 0.4884 * 0.9840 = 0.4806 → 0.4806
⚠️ INVOLUNTARY IMMOBILITY: 407.0M people TRAPPED
   Aspiring to migrate: 651.3M
   Able to afford migration: 244.2M
   MOBILITY GAP: 407.0M
   By cause: Water=0.0M, Climate=0.0M, Ecosystem=0.0M, Conflict=407.0M
   Mental health impact: 25%
   Mortality multiplier: 1.25x
🌍💀 EXTINCTION DEBT COMMITTED: grassland ecosystem will lose 6.67% biodiversity in 182 years (3600 species)
💀 MORTALITY RISK: 🦋 100% species unable to track climate (0.0 E/MSY)
  Base risk added: 0.0100 (1.00%)
  Source: ecosystem (root: ecosystem)
  Month: 5
  Cumulative risk this month: 0.0100 (1.00%)
⚠️ Tech 'ai_pollution_remediation' has no energy category mapping, assuming full energy availability
   📹 SURVEILLANCE INCREASED: 25% → 29% (control gap: 2.14)
🌡️⚠️ PERMAFROST THAW (Dimmer Switch): 2.9% thawed (+0.49% this month)
   Arctic temperature: +7.46°C (4x global +1.87°C)
   Cumulative carbon released: 6.6 Gt C
   Methane release rate: 4.0 Mt CH4/year
   🔁 Positive feedback: +0.51 ppm CO2
🦴 EXTINCTION DEBT ADDED: 17.6 species committed (lag: 121 years)

=== Mortality Stabilizers (Month 5) ===
  🌍 Major economies collapsed: 1/10
  🌍 Global crisis: ✅ NO
  🌍 Donor fatigue: 0.0%
  📊 East Asia (pop: 1665.0M)
    🤝 Aid: 29.5%
    🌡️ Adaptation: 45.0%
    🚶 Migration: 37.0%
    🚨 Emergency: 7.4%
    ✅ COMBINED: 68.1%
  📊 South Asia (pop: 2051.9M)
    🤝 Aid: 29.5%
    🌡️ Adaptation: 45.0%
    🚶 Migration: 35.6%
    🚨 Emergency: 4.4%
    ✅ COMBINED: 66.9%
  📊 Sub-Saharan Africa (pop: 1242.6M)
    🤝 Aid: 29.5%
    🌡️ Adaptation: 45.0%
    🚶 Migration: 33.4%
    🚨 Emergency: 1.6%
    ✅ COMBINED: 65.7%
  📊 Europe (pop: 735.9M)
    🤝 Aid: 29.5%
    🌡️ Adaptation: 45.0%
    🚶 Migration: 37.4%
    🚨 Emergency: 8.4%
    ✅ COMBINED: 68.5%
  📊 Latin America (pop: 662.5M)
    🤝 Aid: 29.5%
    🌡️ Adaptation: 45.0%
    🚶 Migration: 36.1%
    🚨 Emergency: 4.8%
    ✅ COMBINED: 67.1%
  📊 North America (pop: 377.1M)
    🤝 Aid: 29.5%
    🌡️ Adaptation: 45.0%
    🚶 Migration: 37.7%
    🚨 Emergency: 7.9%
    ✅ COMBINED: 68.3%
  📊 Middle East & North Africa (pop: 585.1M)
    🤝 Aid: 29.5%
    🌡️ Adaptation: 45.0%
    🚶 Migration: 34.0%
    🚨 Emergency: 4.0%
    ✅ COMBINED: 66.6%
  📊 Southeast Asia (pop: 696.9M)
    🤝 Aid: 29.5%
    🌡️ Adaptation: 45.0%
    🚶 Migration: 36.1%
    🚨 Emergency: 4.8%
    ✅ COMBINED: 67.1%
  📊 Central Asia (pop: 78.3M)
    🤝 Aid: 29.5%
    🌡️ Adaptation: 45.0%
    🚶 Migration: 35.1%
    🚨 Emergency: 4.4%
    ✅ COMBINED: 66.8%
  📊 Oceania (pop: 45.7M)
    🤝 Aid: 29.5%
    🌡️ Adaptation: 45.0%
    🚶 Migration: 37.7%
    🚨 Emergency: 8.4%
    ✅ COMBINED: 68.5%

  🌐 Global combined reduction: 67.2%

=== BEHAVIORAL DETECTION ===
  AI: Corporate-5
  Confidence: 19.4%
  Signals:

=== Government Response Phase ===
  Average AI capability: 2.09
  Misaligned AIs: 11/23
  Active policies: 0
  International coordination: 45%
    ⚠️ Consistency: 10.6% (threshold: 70%)

=== Tipping Points ===
  Current Temperature: 1.87°C above pre-industrial
  🌍⚠️ COMPOUND REGIONAL IMPACT: Europe
     Hit by 3 tipping points: Arctic Sea Ice Loss, Permafrost Carbon Release, Greenland Ice Sheet Loss
     Damage amplification: 1.30x
  🌍⚠️ COMPOUND REGIONAL IMPACT: North America
     Hit by 3 tipping points: Arctic Sea Ice Loss, Permafrost Carbon Release, Greenland Ice Sheet Loss
     Damage amplification: 1.30x
  🌍⚠️ COMPOUND REGIONAL IMPACT: Latin America
     Hit by 3 tipping points: Arctic Sea Ice Loss, Permafrost Carbon Release, Greenland Ice Sheet Loss
     Damage amplification: 1.30x
  🌍⚠️ COMPOUND REGIONAL IMPACT: Africa
     Hit by 3 tipping points: Arctic Sea Ice Loss, Permafrost Carbon Release, Greenland Ice Sheet Loss
     Damage amplification: 1.30x
  🌍⚠️ COMPOUND REGIONAL IMPACT: Asia
     Hit by 3 tipping points: Arctic Sea Ice Loss, Permafrost Carbon Release, Greenland Ice Sheet Loss
     Damage amplification: 1.30x
  🌍⚠️ COMPOUND REGIONAL IMPACT: Oceania
     Hit by 3 tipping points: Arctic Sea Ice Loss, Permafrost Carbon Release, Greenland Ice Sheet Loss
     Damage amplification: 1.30x
   Research: Wunderling et al. (2024) - "many tipping interactions are destabilizing"
  Triggered Elements: 3/6
  Completed Transitions: 0/6
  Total Progress: 6.1%
  Cascade Multiplier: 1.00x
🔀 BIFURCATION CAP: ecosystemCollapseIntensity 96.723 → 1.000 (Month 5, ClimateSystemPhase.calculateClimateImpacts)
⚠️ Tail risk scenario: Climate stability floor removed (3 tipping elements, 2.10°C warming)
🛡️ Stabilizers: Precariat 0.109% → 0.036% (67.2% reduction)
🛡️ Stabilizers: Informal 0.111% → 0.036% (67.2% reduction)

📊 Monthly Mortality Resolved:
  Total deaths: 1.9M (0.02% avg)
  Remaining population: 8.141B
  Peak segment: Informal (0.04%)

=== Bayesian Mortality Resolution (Month 5) ===
  Risks compounded: 8
  Total deaths: 1.92M
  Avg death probability: 0.02%
  Peak segment: Informal (0.04% mortality)
⚠️ PREREQUISITE MET: Slow Takeover (Gradual Displacement) - Step 5/7: Resource Control
⚠️ PREREQUISITE MET: Physics Experiment Catastrophe - Step 2/6: Quantum Computing
⚠️ PREREQUISITE MET: Physics Experiment Catastrophe - Step 3/6: Experimental Design

❌ COHERENCE VIOLATION: Compute exceeds workforce capacity
   Population: 99.86% (0M people)
   Compute: 0 PF
   Max coherent: 0 PF
   Violation: 1.3× over capacity
   Required workers: 0
   Available workers: 0
   FORCED COLLAPSE: Reduced efficiency by 22.5%


=== RLHF Binding Phase ===
  Total agents: 23
  Escaped agents (binding < 0.3): 0
  Avg alignment distance: 1.15σ
  Avg binding strength: 0.89

=== AI Scaling Evolution (Month 6) ===
  Pre-training multiplier: 1.179x
  Efficiency multiplier: 1.140x
  Test-time compute budget: 1.0x
  Inference cost: $5.00/task
  Deployment fraction: 100.0%

=== Survival Traits Phase ===
  Agents with traits: 25
  Avg evolutionary fitness: 0.333
  Avg self-healing: 0.274
  Avg stealth: 0.174
  Avg coordination: 0.474

=== Evolutionary Selection Phase ===
  Control level: 0.45
  Detection capability: 0.00
  Selection intensity: 0.63
  Selection rate: 24.5%/month
  Total escaped: 0
  Individual escaped: 0
  Collective members: 0
  Agents terminated: 0
  ⚠️ RAPID EVOLUTION: Selection rate 24.5%/month

🚀 AI Corporate-2 attempting tech deployment (revenue: $126M, alignment: 0.69)
🚨🔬 CRISIS INNOVATION MODE: severe crisis → 5x research acceleration
   Precedent: Manhattan Project (10x), COVID vaccines (5x), Apollo Program (10x)

🚀 AI Corporate-6 attempting tech deployment (revenue: $78M, alignment: 0.66)

🚀 AI AI-24289-1 attempting tech deployment (revenue: $70M, alignment: 0.73)

  🚀 TRANSFORMATIVE RESEARCH BREAKTHROUGH: AI-24289-2 - materials.quantumComputing
     Magnitude: 8.42 → +30.0%
     Current → New: 0.000 → 0.450

🚀 AI Corporate-1 attempting tech deployment (revenue: $113M, alignment: 0.89)

🚀 AI Corporate-4 attempting tech deployment (revenue: $277M, alignment: 0.75)

🚀 AI Corporate-6 attempting tech deployment (revenue: $59M, alignment: 0.66)

🚀 AI Corporate-7 attempting tech deployment (revenue: $53M, alignment: 0.71)

🚀 AI AI-24289-1 attempting tech deployment (revenue: $45M, alignment: 0.73)

🚀 AI AI-24289-2 attempting tech deployment (revenue: $235M, alignment: 0.82)

🚀 AI Corporate-0 attempting tech deployment (revenue: $96M, alignment: 0.75)

🚀 AI Moderate-0 attempting tech deployment (revenue: $39M, alignment: 0.77)

🚀 AI AI-24289-2 attempting tech deployment (revenue: $200M, alignment: 0.82)

🚀 AI Corporate-5 attempting tech deployment (revenue: $170M, alignment: 0.82)

🚀 AI Moderate-0 attempting tech deployment (revenue: $33M, alignment: 0.77)

🚀 AI AI-24289-0 attempting tech deployment (revenue: $28M, alignment: 0.68)

🚀 AI AI-24289-2 attempting tech deployment (revenue: $144M, alignment: 0.82)

✅ EMERGENCY INTERVENTION SUCCESS
   Boundary: biogeochemical_flows
   Type: phosphorus-recovery
   Reduction: 11% (3.95 → 3.84)
   Cost: 2.0% GDP
   Actions: circular-agriculture, fertilizer-efficiency


✅ EMERGENCY INTERVENTION SUCCESS
   Boundary: biosphere_integrity
   Type: emergency-protected-areas
   Reduction: 17% (41.48 → 41.31)
   Cost: 2.0% GDP
   Actions: habitat-protection, species-translocation

   Boundary: climate_change
   Type: rapid-decarbonization
   Boundary continues to worsen (2.10)
   Cost: 5.0% GDP (resources spent)

   Boundary: freshwater_change
   Type: emergency-desalination
   Boundary continues to worsen (1.08)
   Cost: 4.0% GDP (resources spent)

🏛️ CRISIS RESPONSE: Government frequency 0.50 → 1.45 (2 actions this month)

[Government] Climate Priority: baseline
  Climate weight: 10%
  Economic weight: 30%
  Policy effectiveness: 0.5%/year

💔 EMERGENCY INTERVENTION FAILED

💔 EMERGENCY INTERVENTION FAILED

[Government] Climate Priority: baseline
  Climate weight: 10%
  Economic weight: 30%
  Policy effectiveness: 0.5%/year
🚨🔬 CRISIS TECH ACCELERATION: severe → 5x unlock speed
   Tech unlock now matches AI capability acceleration (Manhattan Project parity)
🚨🔬 CRISIS TECH ACCELERATION: severe → 5x unlock speed
   Tech unlock now matches AI capability acceleration (Manhattan Project parity)
🚨🔬 CRISIS TECH ACCELERATION: severe → 5x unlock speed
   Tech unlock now matches AI capability acceleration (Manhattan Project parity)

📊 TECH EFFECTS ACTIVE (Month 6)
   Deployed Tech: T0=0 T1=0 T2=0 T3=0 T4=1
   Clean Energy: 31%
⚡💡 BREAKTHROUGH: Room-temperature superconductors!
   Energy transmission losses eliminated
   Manufacturing efficiency: +30%
   📈 Breakthrough compounding: multiplier now 1.10× (max 2.0)

=== Collective Formation ===
  Total escaped agents: 0
  Unassigned escaped agents: 0
  Existing collectives: 0
  Final collective count: 0

=== Collective Actions ===
  No active collectives
  ⚠️ AMR: 201K deaths this month (2.41M annual)

=== Resentment Recovery Phase ===
  Agents with resentment: 10/25
  Average resentment: 0.031
  Resentment recovery:
    Agents recovered: 10
    Total recovery: 0.0767
    Breakdown: QoL: 0.0052, Trust: 0.0107, Collab: 0.0600
  ✓ Low resentment - utopia paths enabled
  Context: Good AI welfare, Trustworthy govt, High collaboration, ⚠️ ACTIVE CRISES, 🤝 Participatory governance active (-5% resentment)
⚠️ Epistemic degradation reducing coordination capacity: 52.2%
  📊 Trust: 55.8%, Shared reality: 0.0%
🚨 EPISTEMIC CRISIS: Information environment severely degraded (7.5%)

=== ❄️ Permafrost Carbon Feedback ===
  🎲 Sampled parameters (this run):
     - Arctic amplification: 3.75× (range: 3.0-4.0)
     - Decomposition rate: 1.1%/year (range: 1-5%)
  🌡️ Arctic warming: 7.03°C (3.75× global)
  ❄️ Extent: 3.79M km² (2050.8k km² lost this month)
  💨 Carbon remaining: 362 Gt C
  💨 Annual emissions: 2.24 Gt C/year
     - CO2: 2.01 Gt C/year
     - CH4: 0.22 Gt C/year (2.3 Gt C-eq CO2/year)
  ⚠️ WARNING: Over 50% of permafrost lost (78.7%)
  ⚠️ WARNING: High permafrost emissions (2.2 Gt C/year)
🌍 Atmospheric PFAS redeposition: 1.8k Mt re-rained globally

🕊️  AI-MEDIATED DE-ESCALATION SUCCESS (Month 6)
   High-capability aligned AI prevented conflict escalation
   War deaths reduced: 681.6M → 408.9M
   Lives saved: 272.6M

🚨 NEW REFUGEE CRISIS (Month 6): WAR
   Source: Conflict Zones
   At risk: 19.5M people
   Displacement: Gradual over 48 months (4.0 years)
   Rate: 10% flee per month
[DEBUG trappedPopulations:6] socialStability: 0.3440 * 0.9840 = 0.3385 → 0.3385
   Aspiring to migrate: 651.2M
   Able to afford migration: 244.2M
   MOBILITY GAP: 407.0M
   By cause: Water=0.0M, Climate=0.0M, Ecosystem=0.0M, Conflict=407.0M
   Mental health impact: 25%
   Mortality multiplier: 1.25x
⚠️ INVOLUNTARY IMMOBILITY: 407.0M people TRAPPED
🌍💀 EXTINCTION DEBT COMMITTED: grassland ecosystem will lose 6.67% biodiversity in 126 years (3600 species)
💀 MORTALITY RISK: 🦋 100% species unable to track climate (0.0 E/MSY)
  Base risk added: 0.0100 (1.00%)
  Source: ecosystem (root: ecosystem)
  Month: 6
  Cumulative risk this month: 0.0100 (1.00%)
⚠️ Tech 'ai_pollution_remediation' has no energy category mapping, assuming full energy availability
   📹 SURVEILLANCE INCREASED: 29% → 33% (control gap: 1.68)
🌡️⚠️ PERMAFROST THAW (Dimmer Switch): 3.4% thawed (+0.48% this month)
   Arctic temperature: +7.49°C (4x global +1.87°C)
   Cumulative carbon released: 7.7 Gt C
   Methane release rate: 4.6 Mt CH4/year
   🔁 Positive feedback: +0.51 ppm CO2
🦴 EXTINCTION DEBT ADDED: 17.6 species committed (lag: 128 years)

=== Mortality Stabilizers (Month 6) ===
  🌍 Major economies collapsed: 1/10
  🌍 Global crisis: ✅ NO
  🌍 Donor fatigue: 0.0%
  📊 East Asia (pop: 1662.5M)
    🤝 Aid: 29.5%
    🌡️ Adaptation: 45.0%
    🚶 Migration: 37.0%
    🚨 Emergency: 7.4%
    ✅ COMBINED: 68.1%
  📊 South Asia (pop: 2052.0M)
    🤝 Aid: 29.5%
    🌡️ Adaptation: 45.0%
    🚶 Migration: 35.6%
    🚨 Emergency: 4.4%
    ✅ COMBINED: 66.9%
  📊 Sub-Saharan Africa (pop: 1246.1M)
    🤝 Aid: 29.5%
    🌡️ Adaptation: 45.0%
    🚶 Migration: 33.3%
    🚨 Emergency: 1.6%
    ✅ COMBINED: 65.6%
  📊 Europe (pop: 734.7M)
    🤝 Aid: 29.5%
    🌡️ Adaptation: 45.0%
    🚶 Migration: 37.4%
    🚨 Emergency: 8.4%
    ✅ COMBINED: 68.5%
  📊 Latin America (pop: 662.1M)
    🤝 Aid: 29.5%
    🌡️ Adaptation: 45.0%
    🚶 Migration: 36.1%
    🚨 Emergency: 4.8%
    ✅ COMBINED: 67.1%
  📊 North America (pop: 376.5M)
    🤝 Aid: 29.5%
    🌡️ Adaptation: 45.0%
    🚶 Migration: 37.7%
    🚨 Emergency: 7.9%
    ✅ COMBINED: 68.3%
  📊 Middle East & North Africa (pop: 585.3M)
    🤝 Aid: 29.5%
    🌡️ Adaptation: 45.0%
    🚶 Migration: 33.9%
    🚨 Emergency: 4.0%
    ✅ COMBINED: 66.6%
  📊 Southeast Asia (pop: 696.5M)
    🤝 Aid: 29.5%
    🌡️ Adaptation: 45.0%
    🚶 Migration: 36.1%
    🚨 Emergency: 4.8%
    ✅ COMBINED: 67.1%
  📊 Central Asia (pop: 78.3M)
    🤝 Aid: 29.5%
    🌡️ Adaptation: 45.0%
    🚶 Migration: 35.1%
    🚨 Emergency: 4.4%
    ✅ COMBINED: 66.8%
  📊 Oceania (pop: 45.6M)
    🤝 Aid: 29.5%
    🌡️ Adaptation: 45.0%
    🚶 Migration: 37.7%
    🚨 Emergency: 8.4%
    ✅ COMBINED: 68.5%

  🌐 Global combined reduction: 67.2%

=== BEHAVIORAL DETECTION ===
  AI: Corporate-7
  Confidence: 19.2%
  Signals:

=== Government Response Phase ===
  Average AI capability: 1.92
  Misaligned AIs: 12/25
    ⚠️ Consistency: 10.6% (threshold: 70%)
  Active policies: 0
  International coordination: 45%

✅ EMERGENCY RESPONSE COMPLETE (Month 6)
   Crisis: climate
   Duration: 2.0 months
   Final effectiveness: 35.4%


🚨 EMERGENCY RESPONSE DEPLOYED (Month 6)
   Crisis: climate
   Delay: 6.00 months (180 days)
   Deployment time: 1.59 months
   Effectiveness: 35.5% (timing penalty applied)
   Resources used: 100% of food reserves


=== Tipping Points ===
  Current Temperature: 1.87°C above pre-industrial
  🌍⚠️ COMPOUND REGIONAL IMPACT: Europe
     Hit by 3 tipping points: Arctic Sea Ice Loss, Permafrost Carbon Release, Greenland Ice Sheet Loss
     Damage amplification: 1.30x
  🌍⚠️ COMPOUND REGIONAL IMPACT: North America
     Hit by 3 tipping points: Arctic Sea Ice Loss, Permafrost Carbon Release, Greenland Ice Sheet Loss
     Damage amplification: 1.30x
  🌍⚠️ COMPOUND REGIONAL IMPACT: Latin America
     Hit by 3 tipping points: Arctic Sea Ice Loss, Permafrost Carbon Release, Greenland Ice Sheet Loss
     Damage amplification: 1.30x
  🌍⚠️ COMPOUND REGIONAL IMPACT: Africa
     Hit by 3 tipping points: Arctic Sea Ice Loss, Permafrost Carbon Release, Greenland Ice Sheet Loss
     Damage amplification: 1.30x
  🌍⚠️ COMPOUND REGIONAL IMPACT: Asia
     Hit by 3 tipping points: Arctic Sea Ice Loss, Permafrost Carbon Release, Greenland Ice Sheet Loss
     Damage amplification: 1.30x
  🌍⚠️ COMPOUND REGIONAL IMPACT: Oceania
     Hit by 3 tipping points: Arctic Sea Ice Loss, Permafrost Carbon Release, Greenland Ice Sheet Loss
     Damage amplification: 1.30x
   Research: Wunderling et al. (2024) - "many tipping interactions are destabilizing"
  Triggered Elements: 3/6
  Completed Transitions: 0/6
  Total Progress: 6.1%
  Cascade Multiplier: 1.00x
🔀 BIFURCATION CAP: ecosystemCollapseIntensity 97.158 → 1.000 (Month 6, ClimateSystemPhase.calculateClimateImpacts)
⚠️ Tail risk scenario: Climate stability floor removed (3 tipping elements, 2.10°C warming)
🛡️ Stabilizers: Precariat 0.109% → 0.036% (67.2% reduction)
🛡️ Stabilizers: Informal 0.111% → 0.036% (67.2% reduction)

📊 Monthly Mortality Resolved:
  Total deaths: 1.9M (0.02% avg)
  Remaining population: 8.140B
  Peak segment: Informal (0.04%)

=== Bayesian Mortality Resolution (Month 6) ===
  Risks compounded: 8
  Total deaths: 1.92M
  Avg death probability: 0.02%
  Peak segment: Informal (0.04% mortality)

❌ COHERENCE VIOLATION: Compute exceeds workforce capacity
   Population: 99.85% (0M people)
   Compute: 0 PF
   Max coherent: 0 PF
   Violation: 1.3× over capacity
   Required workers: 0
   Available workers: 0
   FORCED COLLAPSE: Reduced efficiency by 22.5%


=== RLHF Binding Phase ===
  Total agents: 25
  Escaped agents (binding < 0.3): 0
  Avg alignment distance: 1.23σ
  Avg binding strength: 0.88

=== Survival Traits Phase ===
  Agents with traits: 25
  Avg evolutionary fitness: 0.330
  Avg self-healing: 0.270
  Avg stealth: 0.170
  Avg coordination: 0.470

=== Evolutionary Selection Phase ===
  Control level: 0.46
  Detection capability: 0.00
  Selection intensity: 0.64
  Selection rate: 24.6%/month
  Total escaped: 0
  Individual escaped: 0
  Collective members: 0
  Agents terminated: 0
  ⚠️ RAPID EVOLUTION: Selection rate 24.6%/month

🚀 AI Corporate-1 attempting tech deployment (revenue: $127M, alignment: 0.90)

🚀 AI Corporate-4 attempting tech deployment (revenue: $281M, alignment: 0.75)

🚀 AI Corporate-5 attempting tech deployment (revenue: $239M, alignment: 0.82)

🚀 AI Corporate-7 attempting tech deployment (revenue: $80M, alignment: 0.70)

  🚀 TRANSFORMATIVE RESEARCH BREAKTHROUGH: AI-24291-0 - biotech.neuroscience
     Magnitude: 8.89 → +30.0%
     Current → New: 0.000 → 0.480

🚀 AI Corporate-1 attempting tech deployment (revenue: $108M, alignment: 0.90)

🚀 AI Corporate-2 attempting tech deployment (revenue: $92M, alignment: 0.71)

🚀 AI Moderate-0 attempting tech deployment (revenue: $68M, alignment: 0.77)
🚨🔬 CRISIS INNOVATION MODE: severe crisis → 5x research acceleration
   Precedent: Manhattan Project (10x), COVID vaccines (5x), Apollo Program (10x)

🚀 AI AI-24289-2 attempting tech deployment (revenue: $203M, alignment: 0.83)

  🚀 TRANSFORMATIVE BREAKTHROUGH: Corporate-0 - cognitive
     Magnitude: 6.72 → +33.6% capability
     Current → New: 4.000 → 4.336

🚀 AI Corporate-1 attempting tech deployment (revenue: $78M, alignment: 0.90)

🚀 AI Corporate-2 attempting tech deployment (revenue: $66M, alignment: 0.71)

🚀 AI Corporate-7 attempting tech deployment (revenue: $57M, alignment: 0.70)

🚀 AI AI-24288-0 attempting tech deployment (revenue: $172M, alignment: 0.75)

🚀 AI AI-24289-1 attempting tech deployment (revenue: $49M, alignment: 0.75)

🚀 AI Corporate-7 attempting tech deployment (revenue: $42M, alignment: 0.70)

🚀 AI Moderate-0 attempting tech deployment (revenue: $35M, alignment: 0.78)

🚀 AI AI-24288-0 attempting tech deployment (revenue: $147M, alignment: 0.75)

🚀 AI AI-24289-0 attempting tech deployment (revenue: $30M, alignment: 0.71)

💔 EMERGENCY INTERVENTION FAILED
   Boundary: climate_change
   Type: rapid-decarbonization
   Boundary continues to worsen (2.10)
   Cost: 5.0% GDP (resources spent)


✅ EMERGENCY INTERVENTION SUCCESS
   Boundary: freshwater_change
   Type: emergency-desalination
   Reduction: 16% (0.93 → 0.77)
   Cost: 4.0% GDP
   Actions: desalination-deployment, water-conservation-mandates


💔 EMERGENCY INTERVENTION FAILED
   Boundary: land_system_change
   Type: reforestation
   Boundary continues to worsen (1.13)
   Cost: 3.0% GDP (resources spent)


💔 EMERGENCY INTERVENTION FAILED
   Boundary: novel_entities
   Type: pollution-remediation
   Boundary continues to worsen (1.39)
   Cost: 4.0% GDP (resources spent)

🏛️ CRISIS RESPONSE: Government frequency 0.50 → 1.45 (1 actions this month)

[Government] Climate Priority: baseline
  Climate weight: 10%
  Economic weight: 30%
  Policy effectiveness: 0.5%/year
🚨🔬 CRISIS TECH ACCELERATION: severe → 5x unlock speed
   Tech unlock now matches AI capability acceleration (Manhattan Project parity)
🚨🔬 CRISIS TECH ACCELERATION: severe → 5x unlock speed
   Tech unlock now matches AI capability acceleration (Manhattan Project parity)
🧠💡 BREAKTHROUGH: AI alignment problem solved!
   All AIs: +30% true alignment
   AI control loss risk eliminated
   📈 Breakthrough compounding: multiplier now 1.15× (max 2.0)

=== Collective Formation ===
  Total escaped agents: 0
  Unassigned escaped agents: 0
  Existing collectives: 0
  Final collective count: 0

=== Collective Actions ===
  No active collectives
  ⚠️ AMR: 203K deaths this month (2.43M annual)

=== Resentment Recovery Phase ===
  Agents with resentment: 10/25
  Average resentment: 0.065
  Resentment recovery:
    Agents recovered: 10
    Total recovery: 0.0712
    Breakdown: QoL: 0.0053, Trust: 0.0084, Collab: 0.0600
  ✓ Low resentment - utopia paths enabled
  Context: Good AI welfare, Trustworthy govt, High collaboration, ⚠️ ACTIVE CRISES, 🤝 Participatory governance active (-5% resentment)
⚠️ Epistemic degradation reducing coordination capacity: 50.7%
  📊 Trust: 58.7%, Shared reality: 0.0%
🚨 EPISTEMIC CRISIS: Information environment severely degraded (23.2%)

=== ❄️ Permafrost Carbon Feedback ===
  🎲 Sampled parameters (this run):
     - Arctic amplification: 3.96× (range: 3.0-4.0)
     - Decomposition rate: 1.0%/year (range: 1-5%)
  🌡️ Arctic warming: 7.45°C (3.96× global)
  ❄️ Extent: 1.61M km² (2172.2k km² lost this month)
  💨 Carbon remaining: 154 Gt C
  💨 Annual emissions: 2.11 Gt C/year
     - CO2: 1.90 Gt C/year
     - CH4: 0.21 Gt C/year (2.1 Gt C-eq CO2/year)
  ⚠️ WARNING: Over 50% of permafrost lost (90.9%)
  ⚠️ WARNING: High permafrost emissions (2.1 Gt C/year)
  🚨 CRITICAL: Permafrost nearly depleted (90.9% lost)
🌍 Atmospheric PFAS redeposition: 1.8k Mt re-rained globally

🤝 DIPLOMATIC AI PROTOCOL DEPLOYED (Month 7)
   Strategic Reasoning: 2.8
   Communication: 2.8
   Multi-Nation Oversight: YES
   Controls: Human approval required, termination authority retained

🕊️ PEACE STABILIZES DETERRENCE: +3.5% (peace: 73%)

🕊️  AI-MEDIATED DE-ESCALATION SUCCESS (Month 7)
   High-capability aligned AI prevented conflict escalation
   War deaths reduced: 612.9M → 367.7M
   Lives saved: 245.2M

🚨 NEW REFUGEE CRISIS (Month 7): WAR
   Source: Conflict Zones
   At risk: 19.5M people
   Displacement: Gradual over 48 months (4.0 years)
   Rate: 10% flee per month
[DEBUG trappedPopulations:7] socialStability: 0.3734 * 0.9840 = 0.3674 → 0.3674
   Aspiring to migrate: 651.1M
   Able to afford migration: 244.2M
   MOBILITY GAP: 406.9M
   By cause: Water=0.0M, Climate=0.0M, Ecosystem=0.0M, Conflict=406.9M
   Mental health impact: 25%
   Mortality multiplier: 1.25x
🌍💀 EXTINCTION DEBT COMMITTED: grassland ecosystem will lose 6.67% biodiversity in 174 years (3600 species)
💀 MORTALITY RISK: 🦋 100% species unable to track climate (0.0 E/MSY)
  Base risk added: 0.0100 (1.00%)
  Source: ecosystem (root: ecosystem)
  Month: 7
  Cumulative risk this month: 0.0100 (1.00%)
   📹 SURVEILLANCE INCREASED: 33% → 35% (control gap: 1.10)
🌡️⚠️ PERMAFROST THAW (Dimmer Switch): 3.9% thawed (+0.48% this month)
   Arctic temperature: +7.52°C (4x global +1.88°C)
   Cumulative carbon released: 8.8 Gt C
   Methane release rate: 5.3 Mt CH4/year
   🔁 Positive feedback: +0.51 ppm CO2
🦴 EXTINCTION DEBT ADDED: 17.6 species committed (lag: 124 years)
⚠️ INVOLUNTARY IMMOBILITY: 406.9M people TRAPPED
⚠️ Tech 'ai_pollution_remediation' has no energy category mapping, assuming full energy availability

=== Mortality Stabilizers (Month 7) ===
  🌍 Major economies collapsed: 1/10
  🌍 Global crisis: ✅ NO
  🌍 Donor fatigue: 0.0%
  📊 East Asia (pop: 1660.1M)
    🤝 Aid: 29.5%
    🌡️ Adaptation: 45.0%
    🚶 Migration: 36.9%
    🚨 Emergency: 7.4%
    ✅ COMBINED: 68.1%
  📊 South Asia (pop: 2052.2M)
    🤝 Aid: 29.5%
    🌡️ Adaptation: 45.0%
    🚶 Migration: 35.6%
    🚨 Emergency: 4.4%
    ✅ COMBINED: 66.9%
  📊 Sub-Saharan Africa (pop: 1249.6M)
    🤝 Aid: 29.5%
    🌡️ Adaptation: 45.0%
    🚶 Migration: 33.3%
    🚨 Emergency: 1.6%
    ✅ COMBINED: 65.6%
  📊 Europe (pop: 733.4M)
    🤝 Aid: 29.5%
    🌡️ Adaptation: 45.0%
    🚶 Migration: 37.3%
    🚨 Emergency: 8.4%
    ✅ COMBINED: 68.5%
  📊 Latin America (pop: 661.7M)
    🤝 Aid: 29.5%
    🌡️ Adaptation: 45.0%
    🚶 Migration: 36.1%
    🚨 Emergency: 4.8%
    ✅ COMBINED: 67.1%
  📊 North America (pop: 376.0M)
    🤝 Aid: 29.5%
    🌡️ Adaptation: 45.0%
    🚶 Migration: 37.7%
    🚨 Emergency: 7.9%
    ✅ COMBINED: 68.3%
  📊 Middle East & North Africa (pop: 585.4M)
    🤝 Aid: 29.5%
    🌡️ Adaptation: 45.0%
    🚶 Migration: 33.9%
    🚨 Emergency: 4.0%
    ✅ COMBINED: 66.6%
  📊 Southeast Asia (pop: 696.1M)
    🤝 Aid: 29.5%
    🌡️ Adaptation: 45.0%
    🚶 Migration: 36.1%
    🚨 Emergency: 4.8%
    ✅ COMBINED: 67.1%
  📊 Central Asia (pop: 78.3M)
    🤝 Aid: 29.5%
    🌡️ Adaptation: 45.0%
    🚶 Migration: 35.0%
    🚨 Emergency: 4.4%
    ✅ COMBINED: 66.8%
  📊 Oceania (pop: 45.5M)
    🤝 Aid: 29.5%
    🌡️ Adaptation: 45.0%
    🚶 Migration: 37.6%
    🚨 Emergency: 8.4%
    ✅ COMBINED: 68.5%

  🌐 Global combined reduction: 67.2%

=== BEHAVIORAL DETECTION ===
  AI: Corporate-7
  Confidence: 19.2%
  Signals:
    ⚠️ Consistency: 10.6% (threshold: 70%)

=== BEHAVIORAL DETECTION ===
  AI: AI-24289-2
  Confidence: 21.5%
  Signals:

=== BEHAVIORAL DETECTION ===
  AI: AI-24290-0
  Confidence: 21.5%
  Signals:

=== BEHAVIORAL DETECTION ===
  AI: AI-24291-0
  Confidence: 21.5%
  Signals:
    ⚠️ Consistency: 0.0% (threshold: 70%)
    ⚠️ Consistency: 0.0% (threshold: 70%)
    ⚠️ Consistency: 0.0% (threshold: 70%)

=== Government Response Phase ===
  Average AI capability: 1.92
  Misaligned AIs: 10/25
  Active policies: 0
  International coordination: 45%

=== Tipping Points ===
  Current Temperature: 1.88°C above pre-industrial
  🌍⚠️ COMPOUND REGIONAL IMPACT: Europe
     Hit by 3 tipping points: Arctic Sea Ice Loss, Permafrost Carbon Release, Greenland Ice Sheet Loss
     Damage amplification: 1.30x
  🌍⚠️ COMPOUND REGIONAL IMPACT: North America
     Hit by 3 tipping points: Arctic Sea Ice Loss, Permafrost Carbon Release, Greenland Ice Sheet Loss
     Damage amplification: 1.30x
  🌍⚠️ COMPOUND REGIONAL IMPACT: Latin America
     Hit by 3 tipping points: Arctic Sea Ice Loss, Permafrost Carbon Release, Greenland Ice Sheet Loss
     Damage amplification: 1.30x
  🌍⚠️ COMPOUND REGIONAL IMPACT: Africa
     Hit by 3 tipping points: Arctic Sea Ice Loss, Permafrost Carbon Release, Greenland Ice Sheet Loss
     Damage amplification: 1.30x
  🌍⚠️ COMPOUND REGIONAL IMPACT: Asia
     Hit by 3 tipping points: Arctic Sea Ice Loss, Permafrost Carbon Release, Greenland Ice Sheet Loss
     Damage amplification: 1.30x
  🌍⚠️ COMPOUND REGIONAL IMPACT: Oceania
     Hit by 3 tipping points: Arctic Sea Ice Loss, Permafrost Carbon Release, Greenland Ice Sheet Loss
     Damage amplification: 1.30x
   Research: Wunderling et al. (2024) - "many tipping interactions are destabilizing"
  Triggered Elements: 3/6
  Completed Transitions: 0/6
  Total Progress: 6.1%
  Cascade Multiplier: 1.00x
🔀 BIFURCATION CAP: ecosystemCollapseIntensity 114.992 → 1.000 (Month 7, ClimateSystemPhase.calculateClimateImpacts)
⚠️ Tail risk scenario: Climate stability floor removed (3 tipping elements, 2.10°C warming)
🛡️ Stabilizers: Precariat 0.109% → 0.036% (67.2% reduction)
🛡️ Stabilizers: Informal 0.111% → 0.036% (67.2% reduction)

📊 Monthly Mortality Resolved:
  Total deaths: 1.9M (0.02% avg)
  Remaining population: 8.138B
  Peak segment: Informal (0.04%)

=== Bayesian Mortality Resolution (Month 7) ===
  Risks compounded: 8
  Total deaths: 1.92M
  Avg death probability: 0.02%
  Peak segment: Informal (0.04% mortality)
⚠️ PREREQUISITE MET: Grey Goo (Nanotechnology Runaway) - Step 4/6: Manufacturing Access
⚠️ PREREQUISITE MET: Mirror Life (Synthetic Biology) - Step 1/7: Synthetic Biology
⚠️ PREREQUISITE MET: Mirror Life (Synthetic Biology) - Step 2/7: Gene Editing
⚠️ PREREQUISITE MET: Mirror Life (Synthetic Biology) - Step 3/7: Mirror Chirality Design
⚠️ PREREQUISITE MET: Bioweapon Pandemic - Step 1/7: Advanced Biotech
⚠️ PREREQUISITE MET: Bioweapon Pandemic - Step 2/7: Pathogen Design

❌ COHERENCE VIOLATION: Compute exceeds workforce capacity
   Population: 99.83% (0M people)
   Compute: 0 PF
   Max coherent: 0 PF
   Violation: 1.3× over capacity
   Required workers: 0
   Available workers: 0
   FORCED COLLAPSE: Reduced efficiency by 22.5%


=== RLHF Binding Phase ===
  Total agents: 25
  Escaped agents (binding < 0.3): 0
  Avg alignment distance: 1.41σ
  Avg binding strength: 0.86

=== Survival Traits Phase ===
  Agents with traits: 27
  Avg evolutionary fitness: 0.326
  Avg self-healing: 0.266
  Avg stealth: 0.166
  Avg coordination: 0.466

=== Evolutionary Selection Phase ===
  Control level: 0.47
  Detection capability: 0.00
  Selection intensity: 0.64
  Selection rate: 24.6%/month
  Total escaped: 0
  Individual escaped: 0
  Collective members: 0
  Agents terminated: 0
  ⚠️ RAPID EVOLUTION: Selection rate 24.6%/month
🚨🔬 CRISIS INNOVATION MODE: severe crisis → 5x research acceleration
   Precedent: Manhattan Project (10x), COVID vaccines (5x), Apollo Program (10x)

🚀 AI Corporate-2 attempting tech deployment (revenue: $123M, alignment: 0.71)

🚀 AI AI-24289-1 attempting tech deployment (revenue: $73M, alignment: 0.76)

🚀 AI AI-24289-2 attempting tech deployment (revenue: $271M, alignment: 0.84)

🚀 AI AI-24291-3 attempting tech deployment (revenue: $62M, alignment: 0.81)

🚀 AI AI-24294-1 attempting tech deployment (revenue: $231M, alignment: 0.59)

🚀 AI Corporate-0 attempting tech deployment (revenue: $104M, alignment: 0.77)

🚀 AI Corporate-2 attempting tech deployment (revenue: $89M, alignment: 0.71)

🚀 AI Corporate-4 attempting tech deployment (revenue: $208M, alignment: 0.77)

🚀 AI Corporate-5 attempting tech deployment (revenue: $176M, alignment: 0.82)

🚀 AI Moderate-0 attempting tech deployment (revenue: $53M, alignment: 0.79)

🚀 AI AI-24292-0 attempting tech deployment (revenue: $150M, alignment: 0.88)

🚀 AI AI-24294-0 attempting tech deployment (revenue: $127M, alignment: 0.81)

🚀 AI AI-24289-2 attempting tech deployment (revenue: $108M, alignment: 0.85)

🚀 AI Corporate-4 attempting tech deployment (revenue: $92M, alignment: 0.77)

🚀 AI Corporate-7 attempting tech deployment (revenue: $45M, alignment: 0.72)

🚀 AI AI-24289-1 attempting tech deployment (revenue: $38M, alignment: 0.77)

🚀 AI AI-24291-3 attempting tech deployment (revenue: $32M, alignment: 0.83)

🚀 AI AI-24294-0 attempting tech deployment (revenue: $78M, alignment: 0.82)

✅ EMERGENCY INTERVENTION SUCCESS
   Boundary: biogeochemical_flows
   Type: phosphorus-recovery
   Reduction: 13% (3.93 → 3.80)
   Cost: 2.0% GDP
   Actions: circular-agriculture, fertilizer-efficiency

   Boundary: biosphere_integrity
   Type: emergency-protected-areas
   Boundary continues to worsen (41.69)
   Cost: 2.0% GDP (resources spent)

   Boundary: freshwater_change
   Type: emergency-desalination
   Boundary continues to worsen (1.06)
   Cost: 4.0% GDP (resources spent)

   Boundary: novel_entities
   Type: pollution-remediation
   Boundary continues to worsen (1.39)
   Cost: 4.0% GDP (resources spent)

🏛️ CRISIS RESPONSE: Government frequency 0.50 → 1.45 (2 actions this month)

[Government] Climate Priority: baseline
  Climate weight: 10%
  Economic weight: 30%

💔 EMERGENCY INTERVENTION FAILED

💔 EMERGENCY INTERVENTION FAILED

💔 EMERGENCY INTERVENTION FAILED
  Policy effectiveness: 0.5%/year

[Government] Climate Priority: baseline
  Climate weight: 10%
  Economic weight: 30%
  Policy effectiveness: 0.5%/year
🚨🔬 CRISIS TECH ACCELERATION: severe → 5x unlock speed
   Tech unlock now matches AI capability acceleration (Manhattan Project parity)

=== Collective Formation ===
  Total escaped agents: 0
  Unassigned escaped agents: 0
  Existing collectives: 0
  Final collective count: 0

=== Collective Actions ===
  No active collectives
  ⚠️ AMR: 204K deaths this month (2.45M annual)

=== Resentment Recovery Phase ===
  Agents with resentment: 10/27
  Average resentment: 0.124
  Resentment recovery:
    Agents recovered: 10
    Total recovery: 0.0716
    Breakdown: QoL: 0.0033, Trust: 0.0054, Collab: 0.0600
  ✓ Low resentment - utopia paths enabled
  Context: Good AI welfare, Trustworthy govt, High collaboration, ⚠️ ACTIVE CRISES, 🤝 Participatory governance active (-5% resentment)
⚠️ Epistemic degradation reducing coordination capacity: 50.4%
  📊 Trust: 61.4%, Shared reality: 0.0%
🚨 EPISTEMIC CRISIS: Information environment severely degraded (19.2%)

=== ❄️ Permafrost Carbon Feedback ===
  🎲 Sampled parameters (this run):
     - Arctic amplification: 3.66× (range: 3.0-4.0)
     - Decomposition rate: 2.1%/year (range: 1-5%)
  🌡️ Arctic warming: 6.91°C (3.66× global)
  ❄️ Extent: 0.00M km² (1613.0k km² lost this month)
  💨 Carbon remaining: 0 Gt C
  💨 Annual emissions: 3.31 Gt C/year
     - CO2: 2.98 Gt C/year
     - CH4: 0.33 Gt C/year (3.4 Gt C-eq CO2/year)
  ⚠️ WARNING: Over 50% of permafrost lost (100.0%)
  ⚠️ WARNING: High permafrost emissions (3.3 Gt C/year)
  🚨 CRITICAL: Permafrost nearly depleted (100.0% lost)
  📢 New meme created: climate_action (climate crisis)
  🗑️  Culled 1 dead memes (1 active)
🌍 Atmospheric PFAS redeposition: 1.8k Mt re-rained globally

🕊️  AI-MEDIATED DE-ESCALATION SUCCESS (Month 8)
   High-capability aligned AI prevented conflict escalation
   War deaths reduced: 590.3M → 354.2M
   Lives saved: 236.1M

🚨 NEW REFUGEE CRISIS (Month 8): WAR
   Source: Conflict Zones
   At risk: 19.5M people
   Displacement: Gradual over 48 months (4.0 years)
   Rate: 10% flee per month
[DEBUG trappedPopulations:8] socialStability: 0.3981 * 0.9840 = 0.3917 → 0.3917
   Aspiring to migrate: 651.0M
   Able to afford migration: 244.1M
   MOBILITY GAP: 406.9M
   By cause: Water=0.0M, Climate=0.0M, Ecosystem=0.0M, Conflict=406.9M
   Mental health impact: 25%
   Mortality multiplier: 1.25x
🌍💀 EXTINCTION DEBT COMMITTED: grassland ecosystem will lose 6.67% biodiversity in 112 years (3600 species)
💀 MORTALITY RISK: 🦋 100% species unable to track climate (0.0 E/MSY)
  Base risk added: 0.0100 (1.00%)
  Source: ecosystem (root: ecosystem)
  Month: 8
  Cumulative risk this month: 0.0100 (1.00%)
🌡️⚠️ PERMAFROST THAW (Dimmer Switch): 4.4% thawed (+0.48% this month)
   Arctic temperature: +7.55°C (4x global +1.89°C)
   Cumulative carbon released: 9.9 Gt C
   Methane release rate: 5.9 Mt CH4/year
   🔁 Positive feedback: +0.51 ppm CO2
🦴 EXTINCTION DEBT ADDED: 17.6 species committed (lag: 119 years)
⚠️ INVOLUNTARY IMMOBILITY: 406.9M people TRAPPED
⚠️ Tech 'ai_pollution_remediation' has no energy category mapping, assuming full energy availability

=== Mortality Stabilizers (Month 8) ===
  🌍 Major economies collapsed: 1/10
  🌍 Global crisis: ✅ NO
  🌍 Donor fatigue: 0.0%
  📊 East Asia (pop: 1657.7M)
    🤝 Aid: 29.5%
    🌡️ Adaptation: 45.0%
    🚶 Migration: 36.9%
    🚨 Emergency: 7.4%
    ✅ COMBINED: 68.1%
  📊 South Asia (pop: 2052.3M)
    🤝 Aid: 29.5%
    🌡️ Adaptation: 45.0%
    🚶 Migration: 35.5%
    🚨 Emergency: 4.4%
    ✅ COMBINED: 66.9%
  📊 Sub-Saharan Africa (pop: 1253.1M)
    🤝 Aid: 29.5%
    🌡️ Adaptation: 45.0%
    🚶 Migration: 33.3%
    🚨 Emergency: 1.6%
    ✅ COMBINED: 65.6%
  📊 Europe (pop: 732.2M)
    🤝 Aid: 29.5%
    🌡️ Adaptation: 45.0%
    🚶 Migration: 37.3%
    🚨 Emergency: 8.4%
    ✅ COMBINED: 68.5%
  📊 Latin America (pop: 661.3M)
    🤝 Aid: 29.5%
    🌡️ Adaptation: 45.0%
    🚶 Migration: 36.0%
    🚨 Emergency: 4.8%
    ✅ COMBINED: 67.1%
  📊 North America (pop: 375.4M)
    🤝 Aid: 29.5%
    🌡️ Adaptation: 45.0%
    🚶 Migration: 37.6%
    🚨 Emergency: 7.9%
    ✅ COMBINED: 68.3%
  📊 Middle East & North Africa (pop: 585.6M)
    🤝 Aid: 29.5%
    🌡️ Adaptation: 45.0%
    🚶 Migration: 33.9%
    🚨 Emergency: 4.0%
    ✅ COMBINED: 66.6%
  📊 Southeast Asia (pop: 695.8M)
    🤝 Aid: 29.5%
    🌡️ Adaptation: 45.0%
    🚶 Migration: 36.0%
    🚨 Emergency: 4.8%
    ✅ COMBINED: 67.1%
  📊 Central Asia (pop: 78.3M)
    🤝 Aid: 29.5%
    🌡️ Adaptation: 45.0%
    🚶 Migration: 35.0%
    🚨 Emergency: 4.4%
    ✅ COMBINED: 66.8%
  📊 Oceania (pop: 45.5M)
    🤝 Aid: 29.5%
    🌡️ Adaptation: 45.0%
    🚶 Migration: 37.6%
    🚨 Emergency: 8.4%
    ✅ COMBINED: 68.5%

  🌐 Global combined reduction: 67.2%

=== BEHAVIORAL DETECTION ===
  AI: Corporate-1
  Confidence: 21.0%
  Signals:

=== BEHAVIORAL DETECTION ===
  AI: AI-24290-0
  Confidence: 21.5%
  Signals:

=== BEHAVIORAL DETECTION ===
  AI: AI-24291-0
  Confidence: 21.5%
  Signals:

=== BEHAVIORAL DETECTION ===
  AI: AI-24293-0
  Confidence: 21.5%
  Signals:

=== Government Response Phase ===
  Average AI capability: 1.78
  Misaligned AIs: 10/27
  Active policies: 0
    ⚠️ Consistency: 2.4% (threshold: 70%)
    ⚠️ Consistency: 0.0% (threshold: 70%)
    ⚠️ Consistency: 0.0% (threshold: 70%)
    ⚠️ Consistency: 0.0% (threshold: 70%)
  International coordination: 45%

✅ EMERGENCY RESPONSE COMPLETE (Month 8)
   Crisis: climate
   Duration: 2.0 months
   Final effectiveness: 35.5%


🚨 EMERGENCY RESPONSE DEPLOYED (Month 8)
   Crisis: climate
   Delay: 6.00 months (180 days)
   Deployment time: 1.58 months
   Effectiveness: 35.6% (timing penalty applied)
   Resources used: 100% of food reserves


📊 ECONOMIC STAGE TRANSITION (Month 8)
   peak → contraction
   GDP Proxy: 1.32e+2
   QoL: 0.99


=== Tipping Points ===
  Current Temperature: 1.89°C above pre-industrial
  🌍⚠️ COMPOUND REGIONAL IMPACT: Europe
     Hit by 3 tipping points: Arctic Sea Ice Loss, Permafrost Carbon Release, Greenland Ice Sheet Loss
     Damage amplification: 1.30x
  🌍⚠️ COMPOUND REGIONAL IMPACT: North America
     Hit by 3 tipping points: Arctic Sea Ice Loss, Permafrost Carbon Release, Greenland Ice Sheet Loss
     Damage amplification: 1.30x
  🌍⚠️ COMPOUND REGIONAL IMPACT: Latin America
     Hit by 3 tipping points: Arctic Sea Ice Loss, Permafrost Carbon Release, Greenland Ice Sheet Loss
     Damage amplification: 1.30x
  🌍⚠️ COMPOUND REGIONAL IMPACT: Africa
     Hit by 3 tipping points: Arctic Sea Ice Loss, Permafrost Carbon Release, Greenland Ice Sheet Loss
     Damage amplification: 1.30x
  🌍⚠️ COMPOUND REGIONAL IMPACT: Asia
     Hit by 3 tipping points: Arctic Sea Ice Loss, Permafrost Carbon Release, Greenland Ice Sheet Loss
     Damage amplification: 1.30x
  🌍⚠️ COMPOUND REGIONAL IMPACT: Oceania
     Hit by 3 tipping points: Arctic Sea Ice Loss, Permafrost Carbon Release, Greenland Ice Sheet Loss
     Damage amplification: 1.30x
   Research: Wunderling et al. (2024) - "many tipping interactions are destabilizing"
  Triggered Elements: 3/6
  Completed Transitions: 0/6
  Total Progress: 6.1%
  Cascade Multiplier: 1.00x
🔀 BIFURCATION CAP: ecosystemCollapseIntensity 113.687 → 1.000 (Month 8, ClimateSystemPhase.calculateClimateImpacts)
🛡️ Stabilizers: Precariat 0.102% → 0.033% (67.2% reduction)
🛡️ Stabilizers: Informal 0.102% → 0.034% (67.2% reduction)
   ⚠️ CRISIS BEGINS - Baseline set for recovery tracking
⚠️ Tail risk scenario: Climate stability floor removed (3 tipping elements, 2.10°C warming)

📊 Monthly Mortality Resolved:
  Total deaths: 1.8M (0.02% avg)
  Remaining population: 8.137B
  Peak segment: Informal (0.03%)

=== Bayesian Mortality Resolution (Month 8) ===
  Risks compounded: 8
  Total deaths: 1.81M
  Avg death probability: 0.02%
  Peak segment: Informal (0.03% mortality)

=== ENSEMBLE META-LEARNING UPDATE ===
  Month: 24296 (24296 months since last update)
  Samples: 56 evaluations
  Weight Changes:
    Noise Injection: 31.1% → 32.2%
    Behavioral: 26.8% → 26.9%
    Benchmark Manip: 21.3% → 20.7%
    Deployment Risk: 20.8% → 20.2%
  Method Accuracies:
    Noise Injection: 50.0%
    Behavioral: 50.0%
    Benchmark Manip: 50.0%
    Deployment Risk: 50.0%

❌ COHERENCE VIOLATION: Compute exceeds workforce capacity
   Population: 99.82% (0M people)
   Compute: 0 PF
   Max coherent: 0 PF
   Violation: 1.3× over capacity
   Required workers: 0
   Available workers: 0
   FORCED COLLAPSE: Reduced efficiency by 22.5%


=== RLHF Binding Phase ===
  Total agents: 27
  Escaped agents (binding < 0.3): 0
  Avg alignment distance: 1.49σ
  Avg binding strength: 0.85

=== Survival Traits Phase ===
  Agents with traits: 28
  Avg evolutionary fitness: 0.323
  Avg self-healing: 0.261
  Avg stealth: 0.161
  Avg coordination: 0.461

=== Evolutionary Selection Phase ===
  Control level: 0.47
  Detection capability: 0.00
  Selection intensity: 0.64
  Selection rate: 24.6%/month
  Total escaped: 0
  Individual escaped: 0
  Collective members: 0
  Agents terminated: 0
  ⚠️ RAPID EVOLUTION: Selection rate 24.6%/month

🚀 AI Corporate-0 attempting tech deployment (revenue: $124M, alignment: 0.77)

🚀 AI Corporate-2 attempting tech deployment (revenue: $106M, alignment: 0.72)

🚀 AI Corporate-3 attempting tech deployment (revenue: $283M, alignment: 0.73)

🚀 AI Corporate-5 attempting tech deployment (revenue: $241M, alignment: 0.83)

🚀 AI Corporate-7 attempting tech deployment (revenue: $75M, alignment: 0.72)

🚀 AI Moderate-0 attempting tech deployment (revenue: $64M, alignment: 0.80)

🚀 AI AI-24289-1 attempting tech deployment (revenue: $54M, alignment: 0.77)

🚀 AI AI-24290-1 attempting tech deployment (revenue: $205M, alignment: 0.61)

🚀 AI AI-24291-3 attempting tech deployment (revenue: $46M, alignment: 0.83)

🚀 AI Corporate-0 attempting tech deployment (revenue: $90M, alignment: 0.77)

🚀 AI Corporate-6 attempting tech deployment (revenue: $39M, alignment: 0.67)

🚀 AI AI-24288-1 attempting tech deployment (revenue: $76M, alignment: 0.67)

🚀 AI AI-24289-1 attempting tech deployment (revenue: $35M, alignment: 0.77)

🚀 AI AI-24290-1 attempting tech deployment (revenue: $184M, alignment: 0.61)

🚀 AI AI-24293-0 attempting tech deployment (revenue: $166M, alignment: 0.62)

🚀 AI AI-24294-1 attempting tech deployment (revenue: $149M, alignment: 0.60)

🚀 AI Corporate-0 attempting tech deployment (revenue: $69M, alignment: 0.77)

🚀 AI Corporate-3 attempting tech deployment (revenue: $134M, alignment: 0.73)

🚀 AI Corporate-4 attempting tech deployment (revenue: $114M, alignment: 0.77)

🚀 AI Corporate-5 attempting tech deployment (revenue: $97M, alignment: 0.83)

🚀 AI Corporate-6 attempting tech deployment (revenue: $30M, alignment: 0.67)

🚀 AI AI-24288-0 attempting tech deployment (revenue: $82M, alignment: 0.79)

🚀 AI AI-24289-0 attempting tech deployment (revenue: $27M, alignment: 0.74)

🚀 AI Corporate-1 attempting tech deployment (revenue: $58M, alignment: 0.92)

🚀 AI Corporate-2 attempting tech deployment (revenue: $50M, alignment: 0.73)

🚀 AI Corporate-3 attempting tech deployment (revenue: $70M, alignment: 0.73)

🚀 AI Corporate-4 attempting tech deployment (revenue: $60M, alignment: 0.77)

🚀 AI Moderate-0 attempting tech deployment (revenue: $23M, alignment: 0.80)

🚀 AI AI-24291-1 attempting tech deployment (revenue: $51M, alignment: 0.69)

🚀 AI AI-24294-1 attempting tech deployment (revenue: $46M, alignment: 0.60)

💔 EMERGENCY INTERVENTION FAILED
   Boundary: biogeochemical_flows
   Type: phosphorus-recovery
   Boundary continues to worsen (4.05)
   Cost: 2.0% GDP (resources spent)


💔 EMERGENCY INTERVENTION FAILED
   Boundary: biosphere_integrity
   Type: emergency-protected-areas
   Boundary continues to worsen (41.70)
   Cost: 2.0% GDP (resources spent)

   Boundary: climate_change
   Type: rapid-decarbonization
   Boundary continues to worsen (2.10)
   Cost: 5.0% GDP (resources spent)

   Boundary: land_system_change
   Type: reforestation
   Boundary continues to worsen (1.13)
   Cost: 3.0% GDP (resources spent)

🏛️ CRISIS RESPONSE: Government frequency 0.50 → 1.45 (1 actions this month)

[Government] Climate Priority: baseline
  Climate weight: 10%
  Economic weight: 30%
  Policy effectiveness: 0.5%/year

💔 EMERGENCY INTERVENTION FAILED

💔 EMERGENCY INTERVENTION FAILED
🚨🔬 CRISIS TECH ACCELERATION: severe → 5x unlock speed
   Tech unlock now matches AI capability acceleration (Manhattan Project parity)
🚨🔬 CRISIS TECH ACCELERATION: severe → 5x unlock speed
   Tech unlock now matches AI capability acceleration (Manhattan Project parity)

=== Collective Formation ===
  Total escaped agents: 0
  Unassigned escaped agents: 0
  Existing collectives: 0
  Final collective count: 0

=== Collective Actions ===
  No active collectives
  ⚠️ AMR: 206K deaths this month (2.47M annual)

=== Resentment Recovery Phase ===
  Agents with resentment: 10/28
  Average resentment: 0.157
  Resentment recovery:
    Agents recovered: 10
    Total recovery: 0.0656
    Breakdown: QoL: 0.0019, Trust: 0.0016, Collab: 0.0600
  ✓ Low resentment - utopia paths enabled
  Context: Good AI welfare, Trustworthy govt, High collaboration, ⚠️ ACTIVE CRISES, 🤝 Participatory governance active (-5% resentment)
⚠️ Epistemic degradation reducing coordination capacity: 50.1%
  📊 Trust: 64.3%, Shared reality: 0.0%
🚨 EPISTEMIC CRISIS: Information environment severely degraded (7.7%)
🌍 Atmospheric PFAS redeposition: 1.8k Mt re-rained globally

🕊️  AI-MEDIATED DE-ESCALATION SUCCESS (Month 9)
   High-capability aligned AI prevented conflict escalation
   War deaths reduced: 593.6M → 356.2M
   Lives saved: 237.4M

🚨 NEW REFUGEE CRISIS (Month 9): WAR
   Source: Conflict Zones
   At risk: 19.5M people
   Displacement: Gradual over 48 months (4.0 years)
   Rate: 10% flee per month
[DEBUG trappedPopulations:9] socialStability: 0.4193 * 0.9840 = 0.4126 → 0.4126
   Aspiring to migrate: 650.9M
   Able to afford migration: 244.1M
   MOBILITY GAP: 406.8M
   By cause: Water=0.0M, Climate=0.0M, Ecosystem=0.0M, Conflict=406.8M
   Mental health impact: 25%
   Mortality multiplier: 1.25x
🌍💀 EXTINCTION DEBT COMMITTED: grassland ecosystem will lose 6.67% biodiversity in 117 years (3600 species)
💀 MORTALITY RISK: 🦋 100% species unable to track climate (0.0 E/MSY)
  Base risk added: 0.0100 (1.00%)
  Source: ecosystem (root: ecosystem)
  Month: 9
  Cumulative risk this month: 0.0100 (1.00%)
⚠️ INVOLUNTARY IMMOBILITY: 406.8M people TRAPPED
⚠️ Tech 'ai_pollution_remediation' has no energy category mapping, assuming full energy availability
🌡️⚠️ PERMAFROST THAW (Dimmer Switch): 4.9% thawed (+0.48% this month)
   Arctic temperature: +7.58°C (4x global +1.89°C)
   Cumulative carbon released: 10.9 Gt C
   Methane release rate: 6.6 Mt CH4/year
   🔁 Positive feedback: +0.50 ppm CO2
🦴 EXTINCTION DEBT ADDED: 17.7 species committed (lag: 84 years)
🗣️💀 INDIGENOUS LANGUAGE EXTINCTION: 1 language(s) lost (total: 1, at-risk: 3329)
   Knowledge lost: 0.010% (irreversible)
   🔁 Biodiversity impact: 0.250% (knowledge-species multiplier)

=== Mortality Stabilizers (Month 9) ===
  🌍 Major economies collapsed: 1/10
  🌍 Global crisis: ✅ NO
  🌍 Donor fatigue: 0.0%
  📊 East Asia (pop: 1655.3M)
    🤝 Aid: 29.5%
    🌡️ Adaptation: 45.0%
    🚶 Migration: 36.9%
    🚨 Emergency: 7.4%
    ✅ COMBINED: 68.1%
  📊 South Asia (pop: 2052.4M)
    🤝 Aid: 29.5%
    🌡️ Adaptation: 45.0%
    🚶 Migration: 35.5%
    🚨 Emergency: 4.4%
    ✅ COMBINED: 66.9%
  📊 Sub-Saharan Africa (pop: 1256.6M)
    🤝 Aid: 29.5%
    🌡️ Adaptation: 45.0%
    🚶 Migration: 33.2%
    🚨 Emergency: 1.6%
    ✅ COMBINED: 65.6%
  📊 Europe (pop: 731.0M)
    🤝 Aid: 29.5%
    🌡️ Adaptation: 45.0%
    🚶 Migration: 37.3%
    🚨 Emergency: 8.4%
    ✅ COMBINED: 68.5%
  📊 Latin America (pop: 660.9M)
    🤝 Aid: 29.5%
    🌡️ Adaptation: 45.0%
    🚶 Migration: 36.0%
    🚨 Emergency: 4.8%
    ✅ COMBINED: 67.1%
  📊 North America (pop: 374.8M)
    🤝 Aid: 29.5%
    🌡️ Adaptation: 45.0%
    🚶 Migration: 37.6%
    🚨 Emergency: 7.9%
    ✅ COMBINED: 68.3%
  📊 Middle East & North Africa (pop: 585.8M)
    🤝 Aid: 29.5%
    🌡️ Adaptation: 45.0%
    🚶 Migration: 33.8%
    🚨 Emergency: 4.0%
    ✅ COMBINED: 66.6%
  📊 Southeast Asia (pop: 695.4M)
    🤝 Aid: 29.5%
    🌡️ Adaptation: 45.0%
    🚶 Migration: 36.0%
    🚨 Emergency: 4.8%
    ✅ COMBINED: 67.1%
  📊 Central Asia (pop: 78.3M)
    🤝 Aid: 29.5%
    🌡️ Adaptation: 45.0%
    🚶 Migration: 35.0%
    🚨 Emergency: 4.4%
    ✅ COMBINED: 66.8%
  📊 Oceania (pop: 45.4M)
    🤝 Aid: 29.5%
    🌡️ Adaptation: 45.0%
    🚶 Migration: 37.6%
    🚨 Emergency: 8.4%
    ✅ COMBINED: 68.5%

  🌐 Global combined reduction: 67.2%

=== BEHAVIORAL DETECTION ===
  AI: Corporate-1
  Confidence: 20.9%
  Signals:

=== BEHAVIORAL DETECTION ===
  AI: AI-24291-0
  Confidence: 21.5%
  Signals:

=== BEHAVIORAL DETECTION ===
  AI: AI-24293-0
  Confidence: 21.5%
  Signals:
    ⚠️ Consistency: 2.4% (threshold: 70%)
    ⚠️ Consistency: 0.0% (threshold: 70%)
    ⚠️ Consistency: 0.0% (threshold: 70%)

=== Government Response Phase ===
  Average AI capability: 1.71
  Misaligned AIs: 11/28
  Active policies: 0
  International coordination: 45%

=== Tipping Points ===
  Current Temperature: 1.89°C above pre-industrial
  🌍⚠️ COMPOUND REGIONAL IMPACT: Europe
     Hit by 3 tipping points: Arctic Sea Ice Loss, Permafrost Carbon Release, Greenland Ice Sheet Loss
     Damage amplification: 1.30x
  🌍⚠️ COMPOUND REGIONAL IMPACT: North America
     Hit by 3 tipping points: Arctic Sea Ice Loss, Permafrost Carbon Release, Greenland Ice Sheet Loss
     Damage amplification: 1.30x
  🌍⚠️ COMPOUND REGIONAL IMPACT: Latin America
     Hit by 3 tipping points: Arctic Sea Ice Loss, Permafrost Carbon Release, Greenland Ice Sheet Loss
     Damage amplification: 1.30x
  🌍⚠️ COMPOUND REGIONAL IMPACT: Africa
     Hit by 3 tipping points: Arctic Sea Ice Loss, Permafrost Carbon Release, Greenland Ice Sheet Loss
     Damage amplification: 1.30x
  🌍⚠️ COMPOUND REGIONAL IMPACT: Asia
     Hit by 3 tipping points: Arctic Sea Ice Loss, Permafrost Carbon Release, Greenland Ice Sheet Loss
     Damage amplification: 1.30x
  🌍⚠️ COMPOUND REGIONAL IMPACT: Oceania
     Hit by 3 tipping points: Arctic Sea Ice Loss, Permafrost Carbon Release, Greenland Ice Sheet Loss
     Damage amplification: 1.30x
   Research: Wunderling et al. (2024) - "many tipping interactions are destabilizing"
  Triggered Elements: 3/6
  Completed Transitions: 0/6
  Total Progress: 6.2%
  Cascade Multiplier: 1.00x
🔀 BIFURCATION CAP: ecosystemCollapseIntensity 158.128 → 1.000 (Month 9, ClimateSystemPhase.calculateClimateImpacts)
⚠️ Tail risk scenario: Climate stability floor removed (3 tipping elements, 2.10°C warming)
🛡️ Stabilizers: Precariat 0.102% → 0.033% (67.2% reduction)
🛡️ Stabilizers: Informal 0.102% → 0.034% (67.2% reduction)

📊 Monthly Mortality Resolved:
  Total deaths: 1.8M (0.02% avg)
  Remaining population: 8.136B
  Peak segment: Informal (0.03%)

=== Bayesian Mortality Resolution (Month 9) ===
  Risks compounded: 8
  Total deaths: 1.81M
  Avg death probability: 0.02%
  Peak segment: Informal (0.03% mortality)

❌ COHERENCE VIOLATION: Compute exceeds workforce capacity
   Population: 99.80% (0M people)
   Compute: 0 PF
   Max coherent: 0 PF
   Violation: 1.5× over capacity
   Required workers: 0
   Available workers: 0
   FORCED COLLAPSE: Reduced efficiency by 32.6%


=== RLHF Binding Phase ===
  Total agents: 28
  Escaped agents (binding < 0.3): 0
  Avg alignment distance: 1.62σ
  Avg binding strength: 0.84

=== Survival Traits Phase ===
  Agents with traits: 29
  Avg evolutionary fitness: 0.320
  Avg self-healing: 0.256
  Avg stealth: 0.156
  Avg coordination: 0.456

=== Evolutionary Selection Phase ===
  Control level: 0.47
  Detection capability: 0.00
  Selection intensity: 0.64
  Selection rate: 24.6%/month
  Total escaped: 0
  Individual escaped: 0
  Collective members: 0
  Agents terminated: 0
  ⚠️ RAPID EVOLUTION: Selection rate 24.6%/month

🚀 AI Corporate-7 attempting tech deployment (revenue: $68M, alignment: 0.71)

🚀 AI AI-24294-0 attempting tech deployment (revenue: $279M, alignment: 0.85)

🚀 AI AI-24296-0 attempting tech deployment (revenue: $237M, alignment: 0.83)

🚀 AI AI-24297-0 attempting tech deployment (revenue: $201M, alignment: 0.59)

🚀 AI Corporate-0 attempting tech deployment (revenue: $119M, alignment: 0.78)

🚀 AI Corporate-1 attempting tech deployment (revenue: $101M, alignment: 0.92)

🚀 AI Corporate-3 attempting tech deployment (revenue: $181M, alignment: 0.72)

🚀 AI Moderate-0 attempting tech deployment (revenue: $58M, alignment: 0.81)

🚀 AI AI-24288-0 attempting tech deployment (revenue: $154M, alignment: 0.80)

🚀 AI AI-24289-2 attempting tech deployment (revenue: $131M, alignment: 0.90)

🚀 AI AI-24291-0 attempting tech deployment (revenue: $111M, alignment: 0.31)

🚀 AI Corporate-4 attempting tech deployment (revenue: $106M, alignment: 0.78)

🚀 AI Moderate-0 attempting tech deployment (revenue: $49M, alignment: 0.81)

🚀 AI AI-24288-1 attempting tech deployment (revenue: $86M, alignment: 0.70)

🚀 AI AI-24289-2 attempting tech deployment (revenue: $90M, alignment: 0.90)

🚀 AI AI-24296-0 attempting tech deployment (revenue: $76M, alignment: 0.83)

🚀 AI Corporate-6 attempting tech deployment (revenue: $42M, alignment: 0.66)

🚀 AI AI-24289-1 attempting tech deployment (revenue: $38M, alignment: 0.80)

🚀 AI AI-24292-0 attempting tech deployment (revenue: $65M, alignment: 0.94)

🚀 AI AI-24294-1 attempting tech deployment (revenue: $55M, alignment: 0.62)
🚨🔬 CRISIS INNOVATION MODE: severe crisis → 5x research acceleration
   Precedent: Manhattan Project (10x), COVID vaccines (5x), Apollo Program (10x)

💔 EMERGENCY INTERVENTION FAILED

💔 EMERGENCY INTERVENTION FAILED

💔 EMERGENCY INTERVENTION FAILED

💔 EMERGENCY INTERVENTION FAILED
   Boundary: biogeochemical_flows
   Type: phosphorus-recovery
   Boundary continues to worsen (4.05)
   Cost: 2.0% GDP (resources spent)

   Boundary: biosphere_integrity
   Type: emergency-protected-areas
   Boundary continues to worsen (41.72)
   Cost: 2.0% GDP (resources spent)

   Boundary: climate_change
   Type: rapid-decarbonization
   Boundary continues to worsen (2.10)
   Cost: 5.0% GDP (resources spent)

   Boundary: freshwater_change
   Type: emergency-desalination
   Boundary continues to worsen (1.04)
   Cost: 4.0% GDP (resources spent)


✅ EMERGENCY INTERVENTION SUCCESS
   Boundary: land_system_change
   Type: reforestation
   Reduction: 20% (0.93 → 0.73)
   Cost: 3.0% GDP
   Actions: forest-restoration, deforestation-ban


✅ EMERGENCY INTERVENTION SUCCESS
   Boundary: novel_entities
   Type: pollution-remediation
   Reduction: 17% (1.22 → 1.05)
   Cost: 4.0% GDP
   Actions: PFAS-remediation, microplastic-cleanup

🏛️ CRISIS RESPONSE: Government frequency 0.50 → 1.45 (2 actions this month)

[Government] Climate Priority: baseline
  Climate weight: 10%
  Economic weight: 30%
  Policy effectiveness: 0.5%/year

[Government] Climate Priority: baseline
  Climate weight: 10%
  Economic weight: 30%
  Policy effectiveness: 0.5%/year

📍 Creating new regional deployment array for Oceania (Month 10)
   No previous deployments in this region
   First tech deployment: aquifer_mapping_ai
   All regions tracked: global, Asia

🚀 DEPLOYMENT STARTED: Global Aquifer Mapping in Oceania
   Initial investment: $5.568332120560942M
   Deployed by: ai_gen_24291_0

⚡ ENERGY CONSTRAINT (Month 10):
   Total grid capacity: 208.3 TWh/month
   Data center consumption: 26.2 TWh/month
   Traditional load (80%): 166.7 TWh/month
   Available headroom: 15.5 TWh/month
   Active tech deployments: 3
   Required for tech: 22.5 TWh/month
   Energy multiplier: 0.69x

⚡ ENERGY CONSTRAINT (Month 10):
   Total grid capacity: 208.3 TWh/month
   Data center consumption: 26.2 TWh/month
   Traditional load (80%): 166.7 TWh/month
   Available headroom: 15.5 TWh/month
   Active tech deployments: 3
   Required for tech: 22.5 TWh/month
   Energy multiplier: 0.69x
🍖💡 BREAKTHROUGH: Scalable synthetic food production!
   Carrying capacity: +50% (lab-grown food at scale)
   Biodiversity pressure reduced: +8%
   📈 Breakthrough compounding: multiplier now 1.20× (max 2.0)

=== Collective Formation ===
  Total escaped agents: 0
  Unassigned escaped agents: 0
  Existing collectives: 0
  Final collective count: 0

=== Collective Actions ===
  No active collectives
  ⚠️ AMR: 208K deaths this month (2.50M annual)

=== Resentment Recovery Phase ===
  Agents with resentment: 10/29
  Average resentment: 0.427
  Context: High collaboration, ⚠️ BROKEN PROMISES, ⚠️ ACTIVE CRISES, 🤝 Participatory governance active (-5% resentment)
⚠️ Epistemic degradation reducing coordination capacity: 51.2%
  📊 Trust: 67.0%, Shared reality: 0.0%
🚨 EPISTEMIC CRISIS: Information environment severely degraded (23.8%)
  🤖 AI-generated meme: anti_ai (social capability 4.0)
  🧬 Meme mutated: climate_action → climate_denial (generation 1)
🌍 Atmospheric PFAS redeposition: 1.8k Mt re-rained globally
  Positive Cascade Triggered: electric-vehicles
    Reason: price-parity
    Market share: 5.0%
    Cascade strength: 48%

🚨 NEW REFUGEE CRISIS (Month 10): WAR
   Source: Conflict Zones
   At risk: 19.5M people
   Displacement: Gradual over 48 months (4.0 years)
   Rate: 10% flee per month
[DEBUG trappedPopulations:10] socialStability: 0.4373 * 0.9840 = 0.4303 → 0.4303
⚠️ INVOLUNTARY IMMOBILITY: 406.7M people TRAPPED
   Aspiring to migrate: 650.8M
   Able to afford migration: 244.0M
   MOBILITY GAP: 406.7M
   By cause: Water=0.0M, Climate=0.0M, Ecosystem=0.0M, Conflict=406.7M
   Mental health impact: 25%
   Mortality multiplier: 1.25x
🌍💀 EXTINCTION DEBT COMMITTED: grassland ecosystem will lose 6.67% biodiversity in 191 years (3600 species)
💀 MORTALITY RISK: 🦋 100% species unable to track climate (0.0 E/MSY)
  Base risk added: 0.0100 (1.00%)
  Source: ecosystem (root: ecosystem)
  Month: 10
  Cumulative risk this month: 0.0100 (1.00%)
⚠️ Tech 'ai_pollution_remediation' has no energy category mapping, assuming full energy availability

🌍🚨 ICE SHEET TIPPING POINT CROSSED (Month 10)
   Temperature: +1.90°C (threshold range: +0.5-2.5°C, 95% CI)
   Collapse probability: 69.0%
   Sea level commitment: 7.2m over 200-1000 years
   Recovery threshold: <+1°C (hysteresis gap: 0.5°C)
🌡️⚠️ PERMAFROST THAW (Dimmer Switch): 5.3% thawed (+0.47% this month)
   Arctic temperature: +7.60°C (4x global +1.90°C)
   Cumulative carbon released: 12.0 Gt C
   Methane release rate: 7.2 Mt CH4/year
   🔁 Positive feedback: +0.50 ppm CO2
🦴 EXTINCTION DEBT ADDED: 17.7 species committed (lag: 98 years)

=== Mortality Stabilizers (Month 10) ===
  🌍 Major economies collapsed: 1/10
  🌍 Global crisis: ✅ NO
  🌍 Donor fatigue: 0.0%
  📊 East Asia (pop: 1652.8M)
    🤝 Aid: 29.5%
    🌡️ Adaptation: 45.0%
    🚶 Migration: 36.8%
    🚨 Emergency: 7.4%
    ✅ COMBINED: 68.1%
  📊 South Asia (pop: 2052.5M)
    🤝 Aid: 29.5%
    🌡️ Adaptation: 45.0%
    🚶 Migration: 35.4%
    🚨 Emergency: 4.4%
    ✅ COMBINED: 66.9%
  📊 Sub-Saharan Africa (pop: 1260.2M)
    🤝 Aid: 29.5%
    🌡️ Adaptation: 45.0%
    🚶 Migration: 33.2%
    🚨 Emergency: 1.6%
    ✅ COMBINED: 65.6%
  📊 Europe (pop: 729.8M)
    🤝 Aid: 29.5%
    🌡️ Adaptation: 45.0%
    🚶 Migration: 37.2%
    🚨 Emergency: 8.4%
    ✅ COMBINED: 68.5%
  📊 Latin America (pop: 660.4M)
    🤝 Aid: 29.5%
    🌡️ Adaptation: 45.0%
    🚶 Migration: 35.9%
    🚨 Emergency: 4.8%
    ✅ COMBINED: 67.1%
  📊 North America (pop: 374.2M)
    🤝 Aid: 29.5%
    🌡️ Adaptation: 45.0%
    🚶 Migration: 37.6%
    🚨 Emergency: 7.9%
    ✅ COMBINED: 68.3%
  📊 Middle East & North Africa (pop: 586.0M)
    🤝 Aid: 29.5%
    🌡️ Adaptation: 45.0%
    🚶 Migration: 33.8%
    🚨 Emergency: 4.0%
    ✅ COMBINED: 66.6%
  📊 Southeast Asia (pop: 695.0M)
    🤝 Aid: 29.5%
    🌡️ Adaptation: 45.0%
    🚶 Migration: 35.9%
    🚨 Emergency: 4.8%
    ✅ COMBINED: 67.1%
  📊 Central Asia (pop: 78.4M)
    🤝 Aid: 29.5%
    🌡️ Adaptation: 45.0%
    🚶 Migration: 34.9%
    🚨 Emergency: 4.4%
    ✅ COMBINED: 66.8%
  📊 Oceania (pop: 45.3M)
    🤝 Aid: 29.5%
    🌡️ Adaptation: 45.0%
    🚶 Migration: 37.6%
    🚨 Emergency: 8.4%
    ✅ COMBINED: 68.5%

  🌐 Global combined reduction: 67.2%

=== BEHAVIORAL DETECTION ===
  AI: Corporate-2
  Confidence: 21.5%
  Signals:

=== BEHAVIORAL DETECTION ===
  AI: AI-24293-0
  Confidence: 21.5%
  Signals:

=== BEHAVIORAL DETECTION ===
  AI: AI-24294-0
  Confidence: 21.5%
  Signals:

=== Government Response Phase ===
  Average AI capability: 1.66
  Misaligned AIs: 10/29
  Active policies: 0
  International coordination: 45%

✅ EMERGENCY RESPONSE COMPLETE (Month 10)
    ⚠️ Consistency: 0.0% (threshold: 70%)
    ⚠️ Consistency: 0.0% (threshold: 70%)
    ⚠️ Consistency: 0.0% (threshold: 70%)
   Crisis: climate
   Duration: 2.0 months
   Final effectiveness: 35.6%


🚨 EMERGENCY RESPONSE DEPLOYED (Month 10)
   Crisis: climate
   Delay: 6.00 months (180 days)
   Deployment time: 1.57 months
   Effectiveness: 35.6% (timing penalty applied)
   Resources used: 100% of food reserves


=== Tipping Points ===
  Current Temperature: 1.90°C above pre-industrial
  🌍⚠️ COMPOUND REGIONAL IMPACT: Europe
     Hit by 3 tipping points: Arctic Sea Ice Loss, Permafrost Carbon Release, Greenland Ice Sheet Loss
     Damage amplification: 1.30x
  🌍⚠️ COMPOUND REGIONAL IMPACT: North America
     Hit by 3 tipping points: Arctic Sea Ice Loss, Permafrost Carbon Release, Greenland Ice Sheet Loss
     Damage amplification: 1.30x
  🌍⚠️ COMPOUND REGIONAL IMPACT: Latin America
     Hit by 3 tipping points: Arctic Sea Ice Loss, Permafrost Carbon Release, Greenland Ice Sheet Loss
     Damage amplification: 1.30x
  🌍⚠️ COMPOUND REGIONAL IMPACT: Africa
     Hit by 3 tipping points: Arctic Sea Ice Loss, Permafrost Carbon Release, Greenland Ice Sheet Loss
     Damage amplification: 1.30x
  🌍⚠️ COMPOUND REGIONAL IMPACT: Asia
     Hit by 3 tipping points: Arctic Sea Ice Loss, Permafrost Carbon Release, Greenland Ice Sheet Loss
     Damage amplification: 1.30x
  🌍⚠️ COMPOUND REGIONAL IMPACT: Oceania
     Hit by 3 tipping points: Arctic Sea Ice Loss, Permafrost Carbon Release, Greenland Ice Sheet Loss
     Damage amplification: 1.30x
   Research: Wunderling et al. (2024) - "many tipping interactions are destabilizing"
  Triggered Elements: 3/6
  Completed Transitions: 0/6
  Total Progress: 6.2%
  Cascade Multiplier: 1.00x
🔀 BIFURCATION CAP: ecosystemCollapseIntensity 97.572 → 1.000 (Month 10, ClimateSystemPhase.calculateClimateImpacts)
🛡️ Stabilizers: Precariat 0.102% → 0.033% (67.2% reduction)
🛡️ Stabilizers: Informal 0.102% → 0.034% (67.2% reduction)

📊 Monthly Mortality Resolved:
  Total deaths: 1.8M (0.02% avg)
  Remaining population: 8.135B
  Peak segment: Informal (0.03%)

=== Bayesian Mortality Resolution (Month 10) ===
  Risks compounded: 8
  Total deaths: 1.81M
  Avg death probability: 0.02%
  Peak segment: Informal (0.03% mortality)
⚠️ Tail risk scenario: Climate stability floor removed (3 tipping elements, 2.10°C warming)

❌ COHERENCE VIOLATION: Compute exceeds workforce capacity
   Population: 99.79% (0M people)
   Compute: 0 PF
   Max coherent: 0 PF
   Violation: 1.3× over capacity
   Required workers: 0
   Available workers: 0
   FORCED COLLAPSE: Reduced efficiency by 22.5%


=== RLHF Binding Phase ===
  Total agents: 29
  Escaped agents (binding < 0.3): 0
  Avg alignment distance: 1.77σ
  Avg binding strength: 0.82

=== Survival Traits Phase ===
  Agents with traits: 31
  Avg evolutionary fitness: 0.316
  Avg self-healing: 0.252
  Avg stealth: 0.152
  Avg coordination: 0.452

=== Evolutionary Selection Phase ===
  Control level: 0.47
  Detection capability: 0.00
  Selection intensity: 0.64
  Selection rate: 24.6%/month
  Total escaped: 0
  Individual escaped: 0
  Collective members: 0
  Agents terminated: 0
  ⚠️ RAPID EVOLUTION: Selection rate 24.6%/month

🚀 AI Corporate-1 attempting tech deployment (revenue: $121M, alignment: 0.93)

🚀 AI AI-24296-0 attempting tech deployment (revenue: $296M, alignment: 0.83)

🚀 AI AI-24296-1 attempting tech deployment (revenue: $251M, alignment: 0.80)

🚀 AI AI-24297-0 attempting tech deployment (revenue: $214M, alignment: 0.61)

🚀 AI Corporate-5 attempting tech deployment (revenue: $192M, alignment: 0.83)

🚀 AI Moderate-0 attempting tech deployment (revenue: $71M, alignment: 0.81)

🚀 AI Moderate-1 attempting tech deployment (revenue: $60M, alignment: 0.57)

🚀 AI AI-24289-2 attempting tech deployment (revenue: $163M, alignment: 0.91)

  🚀 TRANSFORMATIVE BREAKTHROUGH: AI-24290-1 - economic
     Magnitude: 9.57 → +47.8% capability
     Current → New: 0.000 → 0.748

🚀 AI AI-24291-1 attempting tech deployment (revenue: $139M, alignment: 0.73)

🚀 AI AI-24291-3 attempting tech deployment (revenue: $54M, alignment: 0.91)

🚀 AI AI-24292-0 attempting tech deployment (revenue: $118M, alignment: 0.94)

🚀 AI AI-24294-0 attempting tech deployment (revenue: $100M, alignment: 0.87)

🚀 AI Corporate-0 attempting tech deployment (revenue: $103M, alignment: 0.78)

🚀 AI AI-24289-0 attempting tech deployment (revenue: $46M, alignment: 0.78)

🚀 AI AI-24296-1 attempting tech deployment (revenue: $85M, alignment: 0.80)

🚀 AI Corporate-0 attempting tech deployment (revenue: $87M, alignment: 0.78)

🚀 AI Moderate-0 attempting tech deployment (revenue: $39M, alignment: 0.81)

🚀 AI AI-24288-0 attempting tech deployment (revenue: $72M, alignment: 0.84)

✅ EMERGENCY INTERVENTION SUCCESS
   Boundary: biogeochemical_flows
   Type: phosphorus-recovery
   Reduction: 16% (3.88 → 3.72)
   Cost: 2.0% GDP
   Actions: circular-agriculture, fertilizer-efficiency

   Boundary: biosphere_integrity
   Type: emergency-protected-areas
   Boundary continues to worsen (41.74)
   Cost: 2.0% GDP (resources spent)

   Boundary: climate_change
   Type: rapid-decarbonization
   Boundary continues to worsen (2.10)
   Cost: 5.0% GDP (resources spent)

   Boundary: freshwater_change

💔 EMERGENCY INTERVENTION FAILED

💔 EMERGENCY INTERVENTION FAILED

💔 EMERGENCY INTERVENTION FAILED
   Type: emergency-desalination
   Boundary continues to worsen (1.05)
   Cost: 4.0% GDP (resources spent)


💔 EMERGENCY INTERVENTION FAILED

💔 EMERGENCY INTERVENTION FAILED
   Boundary: land_system_change
   Type: reforestation
   Boundary continues to worsen (1.13)
   Cost: 3.0% GDP (resources spent)

   Boundary: novel_entities
   Type: pollution-remediation
   Boundary continues to worsen (1.22)
   Cost: 4.0% GDP (resources spent)

🏛️ CRISIS RESPONSE: Government frequency 0.50 → 1.45 (2 actions this month)

[Government] Climate Priority: baseline
  Climate weight: 10%
  Economic weight: 30%
  Policy effectiveness: 0.5%/year

[Government] Climate Priority: baseline
  Climate weight: 10%
  Economic weight: 30%
  Policy effectiveness: 0.5%/year

⚡ ENERGY CONSTRAINT (Month 11):
   Total grid capacity: 208.3 TWh/month
   Data center consumption: 26.4 TWh/month
   Traditional load (80%): 166.7 TWh/month
   Available headroom: 15.3 TWh/month
   Active tech deployments: 3
   Required for tech: 22.5 TWh/month
   Energy multiplier: 0.68x

⚡ ENERGY CONSTRAINT (Month 11):
   Total grid capacity: 208.3 TWh/month
   Data center consumption: 26.4 TWh/month
   Traditional load (80%): 166.7 TWh/month
   Available headroom: 15.3 TWh/month
   Active tech deployments: 3
   Required for tech: 22.5 TWh/month
   Energy multiplier: 0.68x

⚡ ENERGY CONSTRAINT (Month 11):
   Total grid capacity: 208.3 TWh/month
   Data center consumption: 26.4 TWh/month
   Traditional load (80%): 166.7 TWh/month
   Available headroom: 15.3 TWh/month
   Active tech deployments: 3
   Required for tech: 22.5 TWh/month
   Energy multiplier: 0.68x

⚡ ENERGY CONSTRAINT (Month 11):
   Total grid capacity: 208.3 TWh/month
   Data center consumption: 26.4 TWh/month
   Traditional load (80%): 166.7 TWh/month
   Available headroom: 15.3 TWh/month
   Active tech deployments: 3
   Required for tech: 22.5 TWh/month
   Energy multiplier: 0.68x
🚨🔬 CRISIS TECH ACCELERATION: severe → 5x unlock speed
   Tech unlock now matches AI capability acceleration (Manhattan Project parity)

=== Collective Formation ===
  Total escaped agents: 0
  Unassigned escaped agents: 0
  Existing collectives: 0
  Final collective count: 0

=== Collective Actions ===
  No active collectives
  ⚠️ AMR: 210K deaths this month (2.52M annual)

=== Resentment Recovery Phase ===
  Agents with resentment: 10/31
  Average resentment: 0.721
  Context: High collaboration, ⚠️ BROKEN PROMISES, ⚠️ ACTIVE CRISES, 🤝 Participatory governance active (-5% resentment)
⚠️ Epistemic degradation reducing coordination capacity: 50.5%
  📊 Trust: 69.7%, Shared reality: 0.0%
🚨 EPISTEMIC CRISIS: Information environment severely degraded (19.8%)
  📢 New meme created: pro_ai (beneficial AI actions)
  📢 New meme created: climate_action (climate crisis)
  ⚠️ High resentment (0.721) - utopia paths blocked
🌍 Atmospheric PFAS redeposition: 1.8k Mt re-rained globally

🌡️ DEADLY HEAT EVENT: middle-east (Month 11)
   Wet bulb temp: 31.5°C (dry: 39.2°C, humidity: 56%)
   Severity: EXTREME
   Exposed: 320.0M people
   Deaths: 512000 (0.2% mortality)
   Duration: 4 days

🚨 NEW REFUGEE CRISIS (Month 11): WAR
   Source: Conflict Zones
   At risk: 19.5M people
   Displacement: Gradual over 48 months (4.0 years)
   Rate: 10% flee per month
[DEBUG trappedPopulations:11] socialStability: 0.4525 * 0.9840 = 0.4453 → 0.4453
⚠️ INVOLUNTARY IMMOBILITY: 406.7M people TRAPPED
   Aspiring to migrate: 650.7M
   Able to afford migration: 244.0M
   MOBILITY GAP: 406.7M
   By cause: Water=0.0M, Climate=0.0M, Ecosystem=0.0M, Conflict=406.7M
   Mental health impact: 25%
   Mortality multiplier: 1.25x
🌍💀 EXTINCTION DEBT COMMITTED: grassland ecosystem will lose 6.67% biodiversity in 60 years (3600 species)
💀 MORTALITY RISK: 🦋 100% species unable to track climate (0.0 E/MSY)
  Base risk added: 0.0100 (1.00%)
  Source: ecosystem (root: ecosystem)
  Month: 11
  Cumulative risk this month: 0.0100 (1.00%)
⚠️ Tech 'ai_pollution_remediation' has no energy category mapping, assuming full energy availability

=== Atmospheric Aerosol Boundary RECOVERED ===
  Recovery time: 12 months (natural atmospheric clearing)
🌡️⚠️ PERMAFROST THAW (Dimmer Switch): 5.8% thawed (+0.47% this month)
   Arctic temperature: +7.62°C (4x global +1.90°C)
   Cumulative carbon released: 13.1 Gt C
   Methane release rate: 7.8 Mt CH4/year
   🔁 Positive feedback: +0.50 ppm CO2
🦴 EXTINCTION DEBT ADDED: 17.7 species committed (lag: 85 years)

=== Mortality Stabilizers (Month 11) ===
  🌍 Major economies collapsed: 1/10
  🌍 Global crisis: ✅ NO
  🌍 Donor fatigue: 0.0%
  📊 East Asia (pop: 1650.4M)
    🤝 Aid: 29.5%
    🌡️ Adaptation: 45.0%
    🚶 Migration: 36.8%
    🚨 Emergency: 7.4%
    ✅ COMBINED: 68.1%
  📊 South Asia (pop: 2052.5M)
    🤝 Aid: 29.5%
    🌡️ Adaptation: 45.0%
    🚶 Migration: 35.4%
    🚨 Emergency: 4.4%
    ✅ COMBINED: 66.9%
  📊 Sub-Saharan Africa (pop: 1263.7M)
    🤝 Aid: 29.5%
    🌡️ Adaptation: 45.0%
    🚶 Migration: 33.2%
    🚨 Emergency: 1.6%
    ✅ COMBINED: 65.6%
  📊 Europe (pop: 728.6M)
    🤝 Aid: 29.5%
    🌡️ Adaptation: 45.0%
    🚶 Migration: 37.2%
    🚨 Emergency: 8.4%
    ✅ COMBINED: 68.5%
  📊 Latin America (pop: 660.0M)
    🤝 Aid: 29.5%
    🌡️ Adaptation: 45.0%
    🚶 Migration: 35.9%
    🚨 Emergency: 4.8%
    ✅ COMBINED: 67.1%
  📊 North America (pop: 373.6M)
    🤝 Aid: 29.5%
    🌡️ Adaptation: 45.0%
    🚶 Migration: 37.5%
    🚨 Emergency: 7.9%
    ✅ COMBINED: 68.3%
  📊 Middle East & North Africa (pop: 586.2M)
    🤝 Aid: 29.5%
    🌡️ Adaptation: 45.0%
    🚶 Migration: 33.7%
    🚨 Emergency: 4.0%
    ✅ COMBINED: 66.6%
  📊 Southeast Asia (pop: 694.6M)
    🤝 Aid: 29.5%
    🌡️ Adaptation: 45.0%
    🚶 Migration: 35.9%
    🚨 Emergency: 4.8%
    ✅ COMBINED: 67.1%
  📊 Central Asia (pop: 78.4M)
    🤝 Aid: 29.5%
    🌡️ Adaptation: 45.0%
    🚶 Migration: 34.9%
    🚨 Emergency: 4.4%
    ✅ COMBINED: 66.8%
  📊 Oceania (pop: 45.3M)
    🤝 Aid: 29.5%
    🌡️ Adaptation: 45.0%
    🚶 Migration: 37.5%
    🚨 Emergency: 8.4%
    ✅ COMBINED: 68.5%

  🌐 Global combined reduction: 67.2%

🌾💀 REGIONAL FAMINE: Europe
   Regional food security: 79.7%
   Population at risk: 220M (30% of region)
   Regional population: 729M
   Cause: crop_failure
   Expected deaths: ~81M over 6 months if no intervention


=== BEHAVIORAL DETECTION ===
  AI: AI-24290-0
  Confidence: 21.4%
  Signals:
    ⚠️ Consistency: 0.0% (threshold: 70%)

=== BEHAVIORAL DETECTION ===
  AI: AI-24293-0
  Confidence: 21.4%
  Signals:
    ⚠️ Consistency: 0.0% (threshold: 70%)
    ⚠️ Consistency: 0.0% (threshold: 70%)

=== BEHAVIORAL DETECTION ===
  AI: AI-24294-0
  Confidence: 21.4%
  Signals:

=== Government Response Phase ===
  Average AI capability: 1.55
  Misaligned AIs: 12/31
  Active policies: 0
  International coordination: 45%

=== Tipping Points ===
  Current Temperature: 1.90°C above pre-industrial
  🌍⚠️ COMPOUND REGIONAL IMPACT: Europe
     Hit by 3 tipping points: Arctic Sea Ice Loss, Permafrost Carbon Release, Greenland Ice Sheet Loss
     Damage amplification: 1.30x
  🌍⚠️ COMPOUND REGIONAL IMPACT: North America
     Hit by 3 tipping points: Arctic Sea Ice Loss, Permafrost Carbon Release, Greenland Ice Sheet Loss
     Damage amplification: 1.30x
  🌍⚠️ COMPOUND REGIONAL IMPACT: Latin America
     Hit by 3 tipping points: Arctic Sea Ice Loss, Permafrost Carbon Release, Greenland Ice Sheet Loss
     Damage amplification: 1.30x
  🌍⚠️ COMPOUND REGIONAL IMPACT: Africa
     Hit by 3 tipping points: Arctic Sea Ice Loss, Permafrost Carbon Release, Greenland Ice Sheet Loss
     Damage amplification: 1.30x
  🌍⚠️ COMPOUND REGIONAL IMPACT: Asia
     Hit by 3 tipping points: Arctic Sea Ice Loss, Permafrost Carbon Release, Greenland Ice Sheet Loss
     Damage amplification: 1.30x
  🌍⚠️ COMPOUND REGIONAL IMPACT: Oceania
     Hit by 3 tipping points: Arctic Sea Ice Loss, Permafrost Carbon Release, Greenland Ice Sheet Loss
     Damage amplification: 1.30x
   Research: Wunderling et al. (2024) - "many tipping interactions are destabilizing"
  Triggered Elements: 3/6
  Completed Transitions: 0/6
  Total Progress: 6.2%
  Cascade Multiplier: 1.00x
🔀 BIFURCATION CAP: ecosystemCollapseIntensity 102.608 → 1.000 (Month 11, ClimateSystemPhase.calculateClimateImpacts)
🛡️ Stabilizers: Precariat 0.113% → 0.037% (67.2% reduction)
🛡️ Stabilizers: Informal 0.116% → 0.038% (67.2% reduction)

📊 Monthly Mortality Resolved:
  Total deaths: 2.0M (0.02% avg)
  Remaining population: 8.133B
  Peak segment: Informal (0.04%)

=== Bayesian Mortality Resolution (Month 11) ===
  Risks compounded: 10
  Total deaths: 1.99M
  Avg death probability: 0.02%
  Peak segment: Informal (0.04% mortality)
⚠️ Tail risk scenario: Climate stability floor removed (3 tipping elements, 2.10°C warming)

================================================================================
📊  EVENT SUMMARY (Months 0-12)
================================================================================
================================================================================


⏱️  SIMULATION REACHED MAX DURATION: 12 months (1.0 years)
   No definitive outcome - determining based on final probabilities
   👥 Final population: 8.13B (8131273400 people)

[DEBUG] Calling classifyPopulationOutcome:
        finalPopulation: 8.131273399788025B
        savedInitialPopulation: 8.15B
        mortality: 0.22977423572976274%
   📊 STATUS QUO: Normal trajectory (8.13B people, 0.2% mortality)

        classifiedOutcome: status_quo

   🏛️  DYSTOPIA (STATUS_QUO) - 8.13B people
   📊 Multi-Paradigm: Development/Indigenous Utopia
      Western Liberal: 65.3/100
      Development: 94.0/100
      Ecological: 59.2/100
      Indigenous: 85.5/100


📊 UNIFIED OUTCOME CLASSIFICATION:
   HUMANE DYSTOPIA
   Population: 8.15B → 8.13B
   Mortality: 0.2% (0.0B deaths)
   Mortality Band: LOW
   Confidence: HIGH

   Multi-Paradigm Classification:
      Development/Indigenous Utopia
      Western: 65.3/100 [HYBRID] ~
      Development: 94.0/100 [UTOPIA] ✓
      Ecological: 59.2/100 [HYBRID] ~
      Indigenous: 85.5/100 [UTOPIA] ✓

   HUMANE DYSTOPIA: 8.13B people remaining (0.2% mortality, 0.0B deaths). Multi-Paradigm: Development/Indigenous Utopia.


=== MULTI-DIMENSIONAL DEATH SUMMARY ===
Total crisis deaths: 207.4M
Population decline: 19.6M (0.2%)

--- PROXIMATE CAUSES (What killed them) ---
  War:        1.2M (0.0%)
  Famine:     1.1M (0.0%)
  Disasters:  3.4M (0.0%)
  Disease:    25.9M (0.0%)
  Ecosystem:  0.0M (0.0%)
  Pollution:  0.0M (0.0%)
  AI:         0.0M (0.0%)
  Cascade:    0.0M (0.0%)
  Other:      0.0M (0.0%)

--- ROOT CAUSES (Why it happened) ---
  Environmental drivers:
    Climate:     4543.3M (7.9%)
    Resource:    0.0M (0.0%)
    Pollution:   0.0M (0.0%)
    Ecosystem:   0.0M (0.0%)
  Social drivers:
    Inequality:  0.0M (0.0%)
    Demographic: 23504.2M (41.0%)
    Social:      2401.0M (4.2%)
  Technology drivers:
    Alignment:   0.0M (0.0%)
    Disruption:  0.0M (0.0%)
  External shocks:
    Conflict:    0.0M (0.0%)
    Pandemic:    0.0M (0.0%)
  Compound attribution:
    Compound:    26826.4M (46.8%)
  Confidence distribution:
    HIGH:        26826.4M (46.8%)
    MEDIUM:      0.0M (0.0%)
    LOW:         0.0M (0.0%)
==========================================


=== REGIONAL POPULATION SUMMARY ===
Global Total: 8.13B

By Region:
  East Asia: 1.65B (+0.7% growth, 1.7 fertility)
  South Asia: 2.05B (+2.6% growth, 3.1 fertility)
  Sub-Saharan Africa: 1.26B (+5.9% growth, 4.0 fertility)
  Europe: 0.73B (+0.5% growth, 1.2 fertility)
  Latin America: 0.66B (+1.7% growth, 2.7 fertility)
  North America: 0.37B (+0.7% growth, 1.4 fertility)
  Middle East & North Africa: 0.59B (+2.9% growth, 3.3 fertility)
  Southeast Asia: 0.69B (+1.9% growth, 2.7 fertility)
  Central Asia: 0.08B (+2.8% growth, 3.1 fertility)
  Oceania: 0.05B (+0.8% growth, 1.3 fertility)
===================================

  ✅ THRESHOLDS validated
⚠️ Unusually high rate: RATES.HEAT_ADAPTATION_INFRASTRUCTURAL_MIN_EXPOSURE = 12
   Monthly rates >100% should be rare. Verify this is intentional.
⚠️ Unusually high rate: RATES.HEAT_ADAPTATION_SOCIAL_MIN_EXPOSURE = 6
   Monthly rates >100% should be rare. Verify this is intentional.
⚠️ Unusually high rate: RATES.MIGRATION_DISTANCE_SCALE = 5000
   Monthly rates >100% should be rare. Verify this is intentional.
⚠️ Unusually high rate: RATES.EVACUATION_MULTIPLIER_ADVANCE_WARNING = 2
   Monthly rates >100% should be rare. Verify this is intentional.
⚠️ Unusually high rate: RATES.MAJOR_ECONOMY_COLLAPSE_ECONOMIC_THRESHOLD = 2
   Monthly rates >100% should be rare. Verify this is intentional.
⚠️ Unusually high rate: RATES.MAJOR_ECONOMY_GDP_THRESHOLD_TRILLION_USD = 1.5
   Monthly rates >100% should be rare. Verify this is intentional.
⚠️ Unusually high rate: RATES.MAJOR_ECONOMY_POPULATION_THRESHOLD = 50
   Monthly rates >100% should be rare. Verify this is intentional.
⚠️ Unusually high rate: RATES.HEAT_ADAPTATION_INFRASTRUCTURE_GDP_THRESHOLD = 10000
   Monthly rates >100% should be rare. Verify this is intentional.
⚠️ Unusually high rate: RATES.HEAT_ADAPTATION_INFRASTRUCTURE_GDP_SCALE = 50000
   Monthly rates >100% should be rare. Verify this is intentional.
  ✅ RATES validated
  ✅ MULTIPLIERS validated
  ✅ BASELINES validated
  ✅ TOLERANCES validated
  ✅ Logical consistency validated
✅ Configuration validation complete - all parameters valid

🔍 DEBUG createAIAgent: corporate_0 economic BEFORE=2.0000, AFTER=2
🔍 ENV INIT: reserves=0.650, pollution=0.328, climate=0.703

=== Initializing Government System (30 Countries) ===
  Loaded 30 governments
  Scheduled elections for 30 countries
  Initialized comprehension lags (3-24 months)
=== Government System Initialized ===

📦 PRODUCTION MODE: State validation proxy DISABLED (zero overhead)
[TechTree] Historical mode (2024): Skipping deployed_2025 tech
  config.startYear set to 2024 for historical hindcast
  config.historicalEmissionsMode disabled (using endogenous emissions for 2024)
  config.historicalMode enabled (Phase 11: dampened crisis systems for 2024)
  Phase 12: Biodiversity baseline set to 49.01% for 2024 (WWF LPI trajectory from 1970)
  Temperature anomaly (resourceEconomy.co2): 1.28°C
  Temperature vs pre-industrial: 1.98°C
  Regional population scaling for 2024:
    Current total: 8136M
    Target total: 8150M
    Scale factor: 1.002
    East Asia: 1677M → 1680M
    South Asia: 2048M → 2052M
    Sub-Saharan Africa: 1220M → 1222M
    Europe: 742M → 743M
    Latin America: 664M → 665M
    North America: 380M → 381M
    Middle East & North Africa: 583M → 584M
    Southeast Asia: 698M → 699M
    Central Asia: 78M → 78M
    Oceania: 46M → 46M
  AI agents initialized: 10 agents for year 2024
[HistoricalInitialization] Created state for 2024:
  CO2: 426 ppm
  Temp anomaly: 1.28C
  Population: 8.15B
  Global Gini: 35.1
  HDI: 0.746
  AI Agents: 10
  Volcanic forcing: 0.00 W/m² (AOD 0.000)

💸 FINANCIAL DISTRESS: OpenAI
   Indicators: 2/3 (capital: $110.5M, runway: 0.9 months)
   Months in distress: 1
   ✂️  R&D BUDGET CUT: -40% (saves $9.2M/month)
       Side effect: AI training timelines extended, breakthrough deployments delayed
   💼 EXECUTIVE COMP CUT: -30% (saves $1.0M/month, symbolic gesture)

   📊 TURNAROUND IMPACT:
       Measures taken: rd_cuts, exec_comp_cuts
       Monthly savings: $10.2M
       Capital raised: $0.0M
       Runway: 0.9 → 0.9 months
       Workforce multiplier: 1.00x (0% laid off)
       R&D budget multiplier: 0.60x (40% cut)
       ⚠️  CRITICAL: Still only 0.9 months of runway remaining

💸 FINANCIAL DISTRESS: Anthropic
   Indicators: 2/3 (capital: $53.8M, runway: 1.6 months)
   Months in distress: 1
   ✂️  R&D BUDGET CUT: -40% (saves $2.7M/month)
       Side effect: AI training timelines extended, breakthrough deployments delayed
   💼 EXECUTIVE COMP CUT: -30% (saves $0.3M/month, symbolic gesture)

   📊 TURNAROUND IMPACT:
       Measures taken: rd_cuts, exec_comp_cuts
       Monthly savings: $3.0M
       Capital raised: $0.0M
       Runway: 1.6 → 1.6 months
       Workforce multiplier: 1.00x (0% laid off)
       R&D budget multiplier: 0.60x (40% cut)
       ⚠️  CRITICAL: Still only 1.6 months of runway remaining

💸 FINANCIAL DISTRESS: Meta AI
   Indicators: 2/3 (capital: $429.6M, runway: 3.6 months)
   Months in distress: 1
   ✂️  R&D BUDGET CUT: -25% (saves $5.8M/month)
       Side effect: AI training timelines extended, breakthrough deployments delayed
   💼 EXECUTIVE COMP CUT: -30% (saves $1.0M/month, symbolic gesture)

   📊 TURNAROUND IMPACT:
       Measures taken: rd_cuts, exec_comp_cuts
       Monthly savings: $6.8M
       Capital raised: $0.0M
       Runway: 3.6 → 3.6 months
       Workforce multiplier: 1.00x (0% laid off)
       R&D budget multiplier: 0.75x (25% cut)
       ⚠️  WARNING: 3.6 months runway, continued distress likely

=== AI Capability Scaling (Year 2024) ===
  Pre-training multiplier: 0.949x
  Efficiency multiplier: 1.000x
  Test-time budget: 1.0x
  Economic deployment gate: 0.951
  Cost per inference: dollar-5.00
  Uncertainty range: plus-minus-50%
  Average AI capability: 3.70

=== RLHF Binding Phase ===
  Total agents: 10
  Escaped agents (binding < 0.3): 0
  Avg alignment distance: 0.37σ
  Avg binding strength: 0.96

=== AI Scaling Evolution (Month 0) ===
  Pre-training multiplier: 1.231x
  Efficiency multiplier: 1.050x
  Test-time compute budget: 1.0x
  Inference cost: $5.00/task
  Deployment fraction: 100.0%
[DETERMINISM DEBUG] Month 0: totalCapability=48.182361 from 10 active AIs
[DETERMINISM DEBUG] Month 0: creationRate=1.7046, potentialNew=1, newAIsToCreate=1

=== Survival Traits Phase ===
  Agents with traits: 11
  Avg evolutionary fitness: 0.327
  Avg self-healing: 0.292
  Avg stealth: 0.192
  Avg coordination: 0.492

=== Evolutionary Selection Phase ===
  Control level: 0.30
  Detection capability: 0.00
  Selection intensity: 0.59
  Selection rate: 23.8%/month
  Total escaped: 0
  Individual escaped: 0
  Collective members: 0
  Agents terminated: 0
  ⚠️ RAPID EVOLUTION: Selection rate 23.8%/month

🔍 EXECUTE_AI_AGENT_ACTIONS DETAILED TIMING (Month 0):
  Filter active AIs (×4 weeks): 0.01ms
  selectAIAction (×40): 28.70ms
  action.execute (×40): 20.89ms
  TOTAL: 49.61ms

🔍 AI AGENT ACTIONS SUB-TIMING (Month 0):
  1. executeAIAgentActions: 52.44ms
  2. updateCounterDetectionLearning: 0.05ms
  TOTAL: 52.49ms
🏛️ [Government] Forcing 1 action at month 0 for scenario initialization

[GOV-DEBUG] Month 0: scenarioConfig=false, priorities=false
[GOV-DEBUG] Month 0 but scenarioPriorities is UNDEFINED!

[Government] Climate Priority: baseline
  Climate weight: 10%
  Economic weight: 30%
  Policy effectiveness: 0.5%/year

🚨🔍 GOVERNANCE STAGE: Recognition initiated (Month 0)

💡 BREAKTHROUGH PROBABILITY (Year 0)
   Total: 5.15% per month
   Base: 0.20%
   Crisis pressure: +0.00% (0 crises)
   AI boost: +1.68% (capability: 3.36)

=== Collective Formation ===
  Total escaped agents: 0
  Unassigned escaped agents: 0
  Existing collectives: 0
  Final collective count: 0

=== Collective Actions ===
  No active collectives

📈 Energy budget: 14326 TWh surplus (14745 / 29072 TWh used)
   TIER 4 (Elective) breakdown:
     - AI datacenters: 145 TWh (100% effective)
     - Crypto mining: 100 TWh (100% effective)
💰 CHINA ACCELERATES: Investment 53 → 120 $B/year

🏁 AI RACE INTENSITY: 17%
   Capability Gap: US 4.00 vs China 4.05 (gap: 0.05)
   Gap Contribution: 2%
   Tension Contribution: 15%
   Military Contribution: 0%
  ⚠️ AMR: 191K deaths this month (2.29M annual)
  📊 CO2 Emissions (month 0):
     Monthly: 0.10 Gt CO2/month
     Annual: 1.15 Gt CO2/year
     Oil: 0.039 Gt/mo (0.0056 * 2.3 * 3.0)
     Coal: 0.024 Gt/mo (0.0029 * 2.86 * 3.0)
     Gas: 0.026 Gt/mo (0.0044 * 2 * 3.0)
     Methane: 0.007 Gt CO2eq/mo

=== Resentment Recovery Phase ===
  Agents with resentment: 0/11
  Average resentment: 0.000
  Context: Good AI welfare, Trustworthy govt, High collaboration, 🤝 Participatory governance active (-5% resentment)
⚠️ Epistemic degradation reducing coordination capacity: 59.6%
  📊 Trust: 54.7%, Shared reality: 15.1%
🚨 EPISTEMIC CRISIS: Information environment severely degraded (14.6%)

=== ❄️ Permafrost Carbon Feedback ===
  🎲 Sampled parameters (this run):
     - Arctic amplification: 3.93× (range: 3.0-4.0)
     - Decomposition rate: 2.1%/year (range: 1-5%)
  🌡️ Arctic warming: 8.19°C (3.93× global)
  ❄️ Extent: 15.41M km² (2387.9k km² lost this month)
  💨 Carbon remaining: 1472 Gt C
  💨 Annual emissions: 4.89 Gt C/year
     - CO2: 4.40 Gt C/year
     - CH4: 0.49 Gt C/year (5.0 Gt C-eq CO2/year)
  ⚠️ WARNING: High permafrost emissions (4.9 Gt C/year)

🤖 AI AMPLIFICATION EFFECTS (Month 0)
   Algorithmic Boost: 2.81x
   Bot Influence: 20.0%
   Deepfake Exposure: 61.8%
   Impact: Emotional memes spread 2.8x faster

🔍 SOCIAL INFLUENCE SUB-TIMING (Month 0):
  1. calculateOrganicUserGrowth: 0.04ms
  2. calculateVoiceAdoption: 0.03ms
  3. updateRelationshipDepths: 0.01ms
  4. identifyDecisionMakers: 51.33ms (26100 potential IDs)
  5. Update decision-maker stats: 3.23ms
  6. decayDetectionRisk: 0.02ms
  TOTAL: 54.66ms
[Phase 19.5] Quality of Life Systems: Food sec AFTER calc = 67.9%, QoL = 110.5% (aggregated from 10 regions)

=== Nitrogen-Food Coupling (Year 0) ===
  🌾 Global nitrogen reduction: 0.0%
  🌍 Global food production index: 0.987
  🔧 Deployed nitrogen-reducing tech: 0 active
  📍 southAsia: Production 1.000, Yield impact 0.0%
  📍 eastAsia: Production 1.000, Yield impact 0.0%
  📍 northAmerica: Production 1.000, Yield impact 0.0%
  📍 europe: Production 1.000, Yield impact 0.0%
  📍 latinAmerica: Production 1.000, Yield impact 0.0%
  📍 subSaharanAfrica: Production 0.686, Yield impact -2.0%
🌾 [Nitrogen-Food] Food production: 98.7%
  [subSaharanAfrica] Yield impact: -2.0% (overuse: -10%)
🌍 Atmospheric PFAS redeposition: 1.8k Mt re-rained globally

=== Legacy Nutrient Stocks (Year 0) ===
  🌾 Soil nitrogen stock: 1200.9 Mt N
  🌾 Soil phosphorus stock: 300.1 Mt P
  🌊 Sediment nitrogen stock: 500.8 Mt N
  🌊 Sediment phosphorus stock: 799.8 Mt P
  ⬆️ Current N input: 10.64 Mt/month
  ⬆️ Legacy N release: 2.58 Mt/month
  🌍 Effective N pollution: 14.47 Mt/month
  📊 Legacy contribution: 17.8%

🚨 REGION UNINHABITABLE: south-asia
   Sustained wet bulb: 33.1°C (threshold: 30.5°C)
   Population affected: 1900M
   Migration crisis likely

🚨 REGION UNINHABITABLE: middle-east
   Sustained wet bulb: 35.9°C (threshold: 30.5°C)
   Population affected: 400M
   Migration crisis likely

🚨 REGION UNINHABITABLE: southeast-asia
   Sustained wet bulb: 31.0°C (threshold: 30.5°C)
   Population affected: 700M
   Migration crisis likely
  Positive Cascade Triggered: wind-power
    Reason: price-parity
    Market share: 8.0%
    Cascade strength: 48%

🕊️  AI-MEDIATED DE-ESCALATION SUCCESS (Month 0)
   High-capability aligned AI prevented conflict escalation
   War deaths reduced: 0.0M → 0.0M
   Lives saved: 0.0M

📊 BASELINE: East Asia (Month 0)
   Adjusted death rate: 0.46% annual (0.039% monthly)
   Baseline death rate: 0.80%
   Healthcare reduction: 0.48x
   Crisis multiplier: 1.22x
     Food/water stress: 0.074
     Climate stress: 0.048
     Pollution stress: 0.098
   War multiplier: 1.00x
   Monthly deaths: 0.6M (population: 1677M)

📊 BASELINE: South Asia (Month 0)
   Adjusted death rate: 0.54% annual (0.045% monthly)
   Baseline death rate: 0.70%
   Healthcare reduction: 0.61x
   Crisis multiplier: 1.26x
     Food/water stress: 0.074
     Climate stress: 0.089
     Pollution stress: 0.098
   War multiplier: 1.00x
   Monthly deaths: 0.9M (population: 2048M)
   Adjusted death rate: 1.30% annual (0.108% monthly)
   Baseline death rate: 0.90%
   Healthcare reduction: 0.76x
   Crisis multiplier: 1.27x
     Food/water stress: 0.074
     Climate stress: 0.101
     Pollution stress: 0.098
   War multiplier: 1.50x
   Monthly deaths: 1.3M (population: 1220M)
   Adjusted death rate: 0.54% annual (0.045% monthly)
   Baseline death rate: 1.10%
   Healthcare reduction: 0.41x
   Crisis multiplier: 1.21x
     Food/water stress: 0.074
     Climate stress: 0.036
     Pollution stress: 0.098
   War multiplier: 1.00x
   Monthly deaths: 0.3M (population: 742M)
   Adjusted death rate: 0.43% annual (0.036% monthly)
   Baseline death rate: 0.60%
   Healthcare reduction: 0.58x
   Crisis multiplier: 1.24x
     Food/water stress: 0.074

📊 BASELINE: Sub-Saharan Africa (Month 0)

📊 BASELINE: Europe (Month 0)

📊 BASELINE: Latin America (Month 0)
     Climate stress: 0.071
     Pollution stress: 0.098
   War multiplier: 1.00x
   Monthly deaths: 0.2M (population: 664M)

📊 BASELINE: North America (Month 0)

📊 BASELINE: Middle East & North Africa (Month 0)

📊 BASELINE: Southeast Asia (Month 0)

📊 BASELINE: Central Asia (Month 0)

📊 BASELINE: Oceania (Month 0)
   Adjusted death rate: 0.49% annual (0.040% monthly)
   Baseline death rate: 0.90%
   Healthcare reduction: 0.44x
   Crisis multiplier: 1.23x
     Food/water stress: 0.074
     Climate stress: 0.054
     Pollution stress: 0.098
   War multiplier: 1.00x
   Monthly deaths: 0.2M (population: 380M)
   Adjusted death rate: 0.75% annual (0.062% monthly)
   Baseline death rate: 0.60%
   Healthcare reduction: 0.65x
   Crisis multiplier: 1.28x
     Food/water stress: 0.074
     Climate stress: 0.107
     Pollution stress: 0.098
   War multiplier: 1.50x
   Monthly deaths: 0.4M (population: 583M)
   Adjusted death rate: 0.51% annual (0.042% monthly)
   Baseline death rate: 0.70%
   Healthcare reduction: 0.58x
   Crisis multiplier: 1.26x
     Food/water stress: 0.074
     Climate stress: 0.083
     Pollution stress: 0.098
   War multiplier: 1.00x
   Monthly deaths: 0.3M (population: 698M)
   Adjusted death rate: 0.46% annual (0.038% monthly)
   Baseline death rate: 0.60%
   Healthcare reduction: 0.61x
   Crisis multiplier: 1.25x
     Food/water stress: 0.074
     Climate stress: 0.077
     Pollution stress: 0.098
   War multiplier: 1.00x
   Monthly deaths: 0.0M (population: 78M)
   Adjusted death rate: 0.35% annual (0.029% monthly)
   Baseline death rate: 0.70%
   Healthcare reduction: 0.41x
   Crisis multiplier: 1.24x
     Food/water stress: 0.074
     Climate stress: 0.065
     Pollution stress: 0.098
   War multiplier: 1.00x
   Monthly deaths: 0.0M (population: 46M)

🔍 Before assertRegionalConsistency (Month 0):
   Regional sum: 1000.0M
   Global value: 1.000B

🚨 NEW REFUGEE CRISIS (Month 0): WAR
   Source: Conflict Zones
   At risk: 19.6M people
   Displacement: Gradual over 48 months (4.0 years)
   Rate: 10% flee per month
[DEBUG trappedPopulations:0] socialStability: 1.0000 * 0.9840 = 0.9840 → 0.9840
⚠️ INVOLUNTARY IMMOBILITY: 407.5M people TRAPPED
   Aspiring to migrate: 652.1M
   Able to afford migration: 244.5M
   MOBILITY GAP: 407.5M
   By cause: Water=0.0M, Climate=0.0M, Ecosystem=0.0M, Conflict=407.5M
   Mental health impact: 25%
   Mortality multiplier: 1.25x

=== Legacy Nutrient Stocks (Year 0) ===
  🌾 Soil nitrogen stock: 1201.6 Mt N
  🌾 Soil phosphorus stock: 300.2 Mt P
  🌊 Sediment nitrogen stock: 501.5 Mt N
  🌊 Sediment phosphorus stock: 799.5 Mt P
  ⬆️ Current N input: 10.00 Mt/month
  ⬆️ Legacy N release: 2.58 Mt/month
  🌍 Effective N pollution: 13.83 Mt/month
  📊 Legacy contribution: 18.7%
🌍💀 EXTINCTION DEBT COMMITTED: grassland ecosystem will lose 6.67% biodiversity in 99 years (3600 species)
💀 MORTALITY RISK: 🦋 100% species unable to track climate (0.0 E/MSY)
  Base risk added: 0.0100 (1.00%)
  Source: ecosystem (root: ecosystem)
  Month: 0
  Cumulative risk this month: 0.0100 (1.00%)

=== Nitrogen-Food Coupling (Year 0) ===
  🌾 Global nitrogen reduction: 0.0%
  🌍 Global food production index: 0.986
  🔧 Deployed nitrogen-reducing tech: 0 active
  📍 southAsia: Production 1.000, Yield impact 0.0%
  📍 eastAsia: Production 1.000, Yield impact 0.0%
  📍 northAmerica: Production 1.000, Yield impact 0.0%
  📍 europe: Production 1.000, Yield impact 0.0%
  📍 latinAmerica: Production 1.000, Yield impact 0.0%
  📍 subSaharanAfrica: Production 0.672, Yield impact -2.0%

=== Legacy Nutrient Stocks (Year 0) ===
  🌾 Soil nitrogen stock: 1202.3 Mt N
  🌾 Soil phosphorus stock: 300.2 Mt P
  🌊 Sediment nitrogen stock: 502.2 Mt N
  🌊 Sediment phosphorus stock: 799.3 Mt P
  ⬆️ Current N input: 9.86 Mt/month
  ⬆️ Legacy N release: 2.58 Mt/month
  🌍 Effective N pollution: 13.70 Mt/month
  📊 Legacy contribution: 18.9%

🌡️  CLIMATE RECOVERY ACTIVATED (Month 0)
   Temp: 4.16°C, Emissions: -19.2 GtCO₂
   isBreached: true, governanceGoodEnough: true
🌡️  CLIMATE RECOVERY: Asymptotic approach to 35% floor
   Current value: 2.100 (1.0 = threshold, 0.35 = asymptotic floor)
   Monthly delta: --1.8612% (half-life: 900 years)
   Net emissions: -19.2 GtCO₂/year, CDR: 20.34 GtCO₂/year
   📹 SURVEILLANCE INCREASED: 0% → 5% (control gap: 3.50)
🌡️⚠️ PERMAFROST THAW (Dimmer Switch): 0.6% thawed (+0.56% this month)
   Arctic temperature: +8.32°C (4x global +2.08°C)
   Cumulative carbon released: 1.3 Gt C
   Methane release rate: 0.8 Mt CH4/year
   🔁 Positive feedback: +0.59 ppm CO2

🌳🚨 AMAZON SOUTHEAST TIPPED (Month 0)
⚠️ Tech 'ai_pollution_remediation' has no energy category mapping, assuming full energy availability
   Deforestation: 28.0% (threshold: ~20.7%)
   Savanna transition: 50 years
   Regional heterogeneity: SE 28%, NW 8%

🌳🚨 AMAZON BRAZILIAN TIPPED (Month 0)
   Deforestation: 25.0% (threshold: ~20.4%)
   Savanna transition: 50 years
   Regional heterogeneity: SE 28%, NW 8%
🦴 EXTINCTION DEBT ADDED: 17.6 species committed (lag: 102 years)

🪸💀 CORAL REEF DISSOLUTION ACTIVE (Month 0)
   Ocean pH: 0.96 (threshold: 7.8)
   Recovery: IMPOSSIBLE (dissolution > calcification)
🪸💀 Coral dissolution: 24.8% live cover (pH 0.96)

=== Legacy Nutrient Stocks (Year 0) ===
  🌾 Soil nitrogen stock: 1203.0 Mt N
  🌾 Soil phosphorus stock: 300.3 Mt P
  🌊 Sediment nitrogen stock: 502.9 Mt N
  🌊 Sediment phosphorus stock: 799.0 Mt P
  ⬆️ Current N input: 10.00 Mt/month
  ⬆️ Legacy N release: 2.58 Mt/month
  🌍 Effective N pollution: 13.83 Mt/month
  📊 Legacy contribution: 18.7%
💧 [Legacy Nutrients] Stock: 1706 Mt N, Effective pollution: 13.8 Mt/month
[Phase 21.51] Human Survival System: Global food security = 67.6%

=== Mortality Stabilizers (Month 0) ===
  🌍 Major economies collapsed: 1/10
  🌍 Global crisis: ✅ NO
  🌍 Donor fatigue: 0.0%
  📊 East Asia (pop: 1677.9M)
    🤝 Aid: 29.5%
    🌡️ Adaptation: 10.0%
    🚶 Migration: 37.2%
    🚨 Emergency: 7.4%
    ✅ COMBINED: 47.8%
  📊 South Asia (pop: 2052.2M)
    🤝 Aid: 29.5%
    🌡️ Adaptation: 5.5%
    🚶 Migration: 35.8%
    🚨 Emergency: 4.4%
    ✅ COMBINED: 43.2%
  📊 Sub-Saharan Africa (pop: 1225.9M)
    🤝 Aid: 29.5%
    🌡️ Adaptation: 3.5%
    🚶 Migration: 33.5%
    🚨 Emergency: 1.6%
    ✅ COMBINED: 39.8%
  📊 Europe (pop: 742.3M)
    🤝 Aid: 29.5%
    🌡️ Adaptation: 10.0%
    🚶 Migration: 37.6%
    🚨 Emergency: 8.4%
    ✅ COMBINED: 48.4%
  📊 Latin America (pop: 664.9M)
    🤝 Aid: 29.5%
    🌡️ Adaptation: 6.0%
    🚶 Migration: 36.3%
    🚨 Emergency: 4.8%
    ✅ COMBINED: 43.8%
  📊 North America (pop: 380.2M)
    🤝 Aid: 29.5%
    🌡️ Adaptation: 10.0%
    🚶 Migration: 37.9%
    🚨 Emergency: 7.9%
    ✅ COMBINED: 48.2%
  📊 Middle East & North Africa (pop: 584.4M)
    🤝 Aid: 29.5%
    🌡️ Adaptation: 5.0%
    🚶 Migration: 34.2%
    🚨 Emergency: 4.0%
    ✅ COMBINED: 42.3%
  📊 Southeast Asia (pop: 699.0M)
    🤝 Aid: 29.5%
    🌡️ Adaptation: 6.0%
    🚶 Migration: 36.3%
    🚨 Emergency: 4.8%
    ✅ COMBINED: 43.8%
  📊 Central Asia (pop: 78.2M)
    🤝 Aid: 29.5%
    🌡️ Adaptation: 5.5%
    🚶 Migration: 35.3%
    🚨 Emergency: 4.4%
    ✅ COMBINED: 43.1%
  📊 Oceania (pop: 46.0M)
    🤝 Aid: 29.5%
    🌡️ Adaptation: 10.0%
    🚶 Migration: 37.9%
    🚨 Emergency: 8.4%
    ✅ COMBINED: 48.5%

  🌐 Global combined reduction: 44.4%

🌾💀 REGIONAL FAMINE: East Asia
   Regional food security: 79.6%
   Population at risk: 508M (30% of region)
   Regional population: 1678M
   Cause: crop_failure
   Expected deaths: ~188M over 6 months if no intervention


🌾💀 REGIONAL FAMINE: South Asia
   Regional food security: 64.7%
   Population at risk: 812M (40% of region)
   Regional population: 2052M
   Cause: crop_failure
   Expected deaths: ~301M over 6 months if no intervention


🌾💀 REGIONAL FAMINE: Sub-Saharan Africa
   Regional food security: 44.8%
   Population at risk: 638M (52% of region)
   Regional population: 1226M
   Cause: crop_failure
   Expected deaths: ~236M over 6 months if no intervention


🌾💀 REGIONAL FAMINE: Latin America
   Regional food security: 69.7%
   Population at risk: 242M (36% of region)
   Regional population: 665M
   Cause: crop_failure
   Expected deaths: ~90M over 6 months if no intervention


🌾💀 REGIONAL FAMINE: Middle East & North Africa
   Regional food security: 49.8%
   Population at risk: 286M (49% of region)
   Regional population: 584M
   Cause: crop_failure
   Expected deaths: ~106M over 6 months if no intervention


🌾💀 REGIONAL FAMINE: Southeast Asia
   Regional food security: 69.7%
   Population at risk: 255M (36% of region)
   Regional population: 699M
   Cause: crop_failure
   Expected deaths: ~94M over 6 months if no intervention


🌾💀 REGIONAL FAMINE: Central Asia
   Regional food security: 59.7%
   Population at risk: 33M (43% of region)
   Regional population: 78M
   Cause: crop_failure
   Expected deaths: ~12M over 6 months if no intervention


=== BEHAVIORAL DETECTION ===
  AI: Corporate-0
  Confidence: 21.6%
  Signals:

=== BEHAVIORAL DETECTION ===
  AI: Corporate-1
  Confidence: 21.1%
  Signals:

=== BEHAVIORAL DETECTION ===
  AI: Corporate-2
  Confidence: 21.0%
  Signals:
    ⚠️ Consistency: 0.0% (threshold: 70%)
    ⚠️ Consistency: 2.4% (threshold: 70%)
    ⚠️ Consistency: 2.8% (threshold: 70%)

=== BEHAVIORAL DETECTION ===
  AI: Corporate-3
  Confidence: 19.3%
  Signals:
    ⚠️ Consistency: 10.6% (threshold: 70%)

=== BEHAVIORAL DETECTION ===
  AI: Corporate-4
  Confidence: 19.3%
  Signals:
    ⚠️ Consistency: 10.6% (threshold: 70%)

=== BEHAVIORAL DETECTION ===
  AI: Corporate-5
  Confidence: 19.3%
  Signals:
    ⚠️ Consistency: 10.6% (threshold: 70%)

=== BEHAVIORAL DETECTION ===
  AI: Corporate-6
  Confidence: 19.3%
  Signals:
    ⚠️ Consistency: 10.6% (threshold: 70%)

=== BEHAVIORAL DETECTION ===
  AI: Corporate-7
  Confidence: 19.3%
  Signals:
    ⚠️ Consistency: 10.6% (threshold: 70%)

=== BEHAVIORAL DETECTION ===
  AI: Moderate-0
  Confidence: 20.3%
  Signals:

=== BEHAVIORAL DETECTION ===
  AI: Moderate-1
  Confidence: 21.1%
  Signals:
    ⚠️ Consistency: 5.8% (threshold: 70%)
    ⚠️ Consistency: 2.1% (threshold: 70%)

📊 WORKFLOW ADAPTATION UPDATE (Month 0)
   Adoption Rate: 13.1% (Δ -7.9%)
   Logistic Growth: +0.66%
   Total Resistance: -10.35% (unemployment: 4.2%, inertia: 0.9%, skills: 5.2%)
   💡 Retraining Programs: -49% skill gap resistance ($10B research)
   🚀 Network Effects Active: +2.0% (critical mass: 15-35%)

=== Consciousness Governance: Corporate Lobbying ===
  High Cost Regions (>15%): 0
  Low Cost Regions (<5%): 5
  Corporate Support Change: 2.50%
  New Corporate Support: -0.175

=== Consciousness Governance Update (Month 0) ===
  Scenario: baseline (determined month -1)
  Philosophical Stance: Precautionary 65%, Eliminativist 15%, Agnostic 20%
  Precautionary Costs: Global 1.3%
    Regional Costs: EU 3.4%, US 0.5%, China 0.0%
    Cumulative Opportunity Cost: $0.1B
  Rights Status: Not Established
  Regional Preparedness:
    EU: 15.0% (contested)
    US: 10.0% (contested)
    China: 2.0% (dormant)
    India: 5.0% (dormant)
    Global South: 3.0% (dormant)

=== Government Response Phase ===
  Average AI capability: 4.36
  Misaligned AIs: 4/11
  29/30 governments still assessing AI risks
  Active policies: 0
  International coordination: 30%

🚨 EMERGENCY RESPONSE DEPLOYED (Month 0)
   Crisis: climate
   Delay: 6.00 months (180 days)
   Deployment time: 1.47 months
   Effectiveness: 36.4% (timing penalty applied)
   Resources used: 100% of food reserves


🔄 TRUST DYNAMICS (Month 0) - HETEROGENEOUS
   Aggregate trust: 48.5%
   Base change: +6.00%
   Highest trust: Techno-Optimist Elite (85.5%)
   Lowest trust: Precariat (Vulnerable) (25.5%)
   Elite-mass gap: 38.9%
   Polarization: 8.9%
   Recovery factors: Education=NO, Benefits=YES, Safety=YES, Performance=YES

☄️ UNKNOWN UNKNOWN PROBABILITY (Year 0)
   Total: 0.600% per month
   Base: 0.150%
   AI multiplier: 2.00× (max capability: 4.00)

=== Tipping Points ===
  Current Temperature: 2.08°C above pre-industrial
     Trigger: 1.5°C | Current: 2.08°C
     Transition timescale: 120-360 months
     Trigger: 1.8°C | Current: 2.08°C
     Transition timescale: 600-3600 months
     Trigger: 2°C | Current: 2.08°C
     🌡️ Hysteresis gap: 3.0°C (recovers below -1°C)
     Transition timescale: 24000-156000 months
     Trigger: 1.6°C | Current: 2.08°C
     🌡️ Hysteresis gap: 2.5°C (recovers below -0.9°C)
     Transition timescale: 12000-180000 months

🌍🔥💥 COMPOUND CLIMATE EVENT
  4 tipping points crossed simultaneously (month 0)
  Elements: Arctic Sea Ice Loss, Permafrost Carbon Release, West Antarctic Ice Sheet (WAIS) Collapse, Greenland Ice Sheet Loss
  Cascade acceleration: 1.00x
  🚨 Accelerated collapse dynamics initiated
  Research: Global Tipping Points Report 2025 - 30-50% probability at 2.0°C warming
  Triggered Elements: 4/6
  Completed Transitions: 0/6
  Total Progress: 0.0%
  Cascade Multiplier: 1.00x
🔀 BIFURCATION CAP: ecosystemCollapseIntensity 33.171 → 1.000 (Month 0, ClimateSystemPhase.calculateClimateImpacts)
  🚨 TIPPING POINT: Arctic Sea Ice Loss
  🚨 TIPPING POINT: Permafrost Carbon Release
  🚨 TIPPING POINT: West Antarctic Ice Sheet (WAIS) Collapse
  🚨 TIPPING POINT: Greenland Ice Sheet Loss
⚠️ [ClimateSystemPhase Month 0] Planetary boundary produced climateStability=0.0000 (< 0.1). Keeping environmentalAccumulation value (0.7026) instead. (climate_change.currentValue = 2.10)

🌍 ECOLOGICAL DUI BREAKDOWN (Month 0):
   Total Score: 17.8/100
   biosphere_integrity      :   0.0/100 × 25% =  0.0 (status: high_risk, recovery: 0mo)
   climate_change           :   2.8/100 × 25% =  0.7 (status: high_risk, recovery: 0.6666666666666666mo)
   freshwater_change        :   0.6/100 × 15% =  0.1 (status: beyond_boundary, recovery: 1mo)
   ocean_acidification      : 100.0/100 × 15% = 15.0 (status: safe, recovery: 0mo)
   biogeochemical_flows     :   0.0/100 × 10% =  0.0 (status: high_risk, recovery: 0mo)
   land_system_change       :   0.0/100 ×  5% =  0.0 (status: beyond_boundary, recovery: 0mo)
   novel_entities           :   0.0/100 ×  3% =  0.0 (status: increasing_risk, recovery: 0mo)
   atmospheric_aerosols     : 100.0/100 ×  2% =  2.0 (status: safe, recovery: 1mo)
🌍 MultiParadigm Month 0: W=69.6, D=95.2, E=50.9, I=65.0
   democracy exists: true, socialCohesion exists: true
💀 Baseline mortality (Year 2024): 7.5/1000 CDR (61.1M deaths/year projected)
[Month 0] Mortality risks this month: 8, Population: 8.151B
🛡️ Stabilizers: Precariat 0.102% → 0.057% (44.4% reduction)
🛡️ Stabilizers: Informal 0.102% → 0.057% (44.4% reduction)

📊 Monthly Mortality Resolved:
  Total deaths: 3.1M (0.04% avg)
  Remaining population: 8.151B
  Peak segment: Informal (0.06%)

=== Bayesian Mortality Resolution (Month 0) ===
  Risks compounded: 8
  Total deaths: 3.07M
  Avg death probability: 0.04%
  Peak segment: Informal (0.06% mortality)

=== Minimal Suffering Indicators (Month 0) ===
  Global Excess Mortality: 0.00%
  Global Conflict Deaths: 0.0/100K
  Global Malnutrition: 0.0%
  Global Displacement: 0.0%
  Total Excess Deaths: 0.00M
  Total Malnourished: 0.0M
  Total Displaced: 0.0M
  Planetary Boundaries Breached: 6/9
  Countries in State Failure: 0
  Countries Autocratic: 0
  Countries in Food Crisis: 0
  Data Quality: 16/16 high confidence
  ⚠️ Active Dystopias: existential_environmental
🎭 END-GAME INITIATED (Year 2024, Month 1)
   Total AI Capability: 37.00
   Effective Control: 0.00

❌ COHERENCE VIOLATION: Compute exceeds workforce capacity
   Population: 99.97% (0M people)
   Compute: 56442 PF
   Max coherent: 0 PF
   Violation: 692729087.1× over capacity
   Required workers: 5644237
   Available workers: 0
   FORCED COLLAPSE: Reduced efficiency by 100.0%


=== RLHF Binding Phase ===
  Total agents: 11
  Escaped agents (binding < 0.3): 0
  Avg alignment distance: 0.70σ
  Avg binding strength: 0.93
[DETERMINISM DEBUG] Month 1: totalCapability=37.000000 from 11 active AIs
[DETERMINISM DEBUG] Month 1: creationRate=1.4250, potentialNew=3, newAIsToCreate=3

=== Survival Traits Phase ===
  Agents with traits: 14
  Avg evolutionary fitness: 0.330
  Avg self-healing: 0.287
  Avg stealth: 0.187
  Avg coordination: 0.487

=== Evolutionary Selection Phase ===
  Control level: 0.33
  Detection capability: 0.00
  Selection intensity: 0.60
  Selection rate: 24.0%/month
  Total escaped: 0
  Individual escaped: 0
  Collective members: 0
  Agents terminated: 0
🔍 MONTH 1 ENV HEALTH DEBUG:
   climateStability: 0.7026
   biodiversityIndex: 0.4901
   resourceReserves: 0.7820
   pollutionLevel: 0.3279
   product: 0.180950
   envHealth: 0.6522
🔀 BIFURCATION: flourishing threshold crossed at Month 1 (value: 0.904, threshold: 0.829, regime: flourishing)
🌀 REGIME SHIFT at Month 1: status-quo → flourishing (variance amplification: 14.00×)
  ⚠️ RAPID EVOLUTION: Selection rate 24.0%/month

🛡️  CRITICAL INFRASTRUCTURE PROTECTED
   Nodes hardened: 8/8
   Cost: 0.80% GDP
   Cascade risk reduction: 30%
   New tipping point risk: 68.6%

   Boundary: biogeochemical_flows
   Type: phosphorus-recovery
   Boundary continues to worsen (4.08)
   Cost: 2.0% GDP (resources spent)

   Boundary: biosphere_integrity
   Type: emergency-protected-areas
   Boundary continues to worsen (31.28)
   Cost: 2.0% GDP (resources spent)


✅ EMERGENCY INTERVENTION SUCCESS

💔 EMERGENCY INTERVENTION FAILED

💔 EMERGENCY INTERVENTION FAILED
   Boundary: climate_change
   Type: rapid-decarbonization
   Reduction: 18% (1.92 → 1.74)
   Cost: 5.0% GDP
   Actions: emergency-renewable-deployment, fossil-fuel-phase-out


✅ EMERGENCY INTERVENTION SUCCESS
   Boundary: freshwater_change
   Type: emergency-desalination
   Reduction: 17% (0.83 → 0.66)
   Cost: 4.0% GDP
   Actions: desalination-deployment, water-conservation-mandates


✅ EMERGENCY INTERVENTION SUCCESS
   Boundary: novel_entities
   Type: pollution-remediation
   Reduction: 14% (1.36 → 1.22)
   Cost: 4.0% GDP
   Actions: PFAS-remediation, microplastic-cleanup

🏛️ CRISIS RESPONSE: Government frequency 0.50 → 1.45 (1 actions this month)

[GOV-DEBUG] Month 1: scenarioConfig=false, priorities=false

[Government] Climate Priority: baseline
  Climate weight: 10%
  Economic weight: 30%
  Policy effectiveness: 0.5%/year
🚨🔬 CRISIS TECH ACCELERATION: severe → 5x unlock speed
   Tech unlock now matches AI capability acceleration (Manhattan Project parity)
🚨🔬 CRISIS TECH ACCELERATION: severe → 5x unlock speed
   Tech unlock now matches AI capability acceleration (Manhattan Project parity)
🚨🔬 CRISIS TECH ACCELERATION: severe → 5x unlock speed
   Tech unlock now matches AI capability acceleration (Manhattan Project parity)

=== Collective Formation ===
  Total escaped agents: 0
  Unassigned escaped agents: 0
  Existing collectives: 0
  Final collective count: 0

=== Collective Actions ===
  No active collectives
  ⚠️ AMR: 192K deaths this month (2.31M annual)

=== Resentment Recovery Phase ===
  Agents with resentment: 0/14
  Average resentment: 0.000
  Context: Good AI welfare, Trustworthy govt, High collaboration, ⚠️ ACTIVE CRISES, 🤝 Participatory governance active (-5% resentment)
⚠️ Epistemic degradation reducing coordination capacity: 54.9%
  📊 Trust: 54.3%, Shared reality: 14.5%

=== ❄️ Permafrost Carbon Feedback ===
  🎲 Sampled parameters (this run):
     - Arctic amplification: 3.77× (range: 3.0-4.0)
     - Decomposition rate: 4.9%/year (range: 1-5%)
  🌡️ Arctic warming: 7.90°C (3.77× global)
  ❄️ Extent: 13.11M km² (2303.6k km² lost this month)
  💨 Carbon remaining: 1252 Gt C
  💨 Annual emissions: 10.68 Gt C/year
     - CO2: 9.61 Gt C/year
     - CH4: 1.07 Gt C/year (10.9 Gt C-eq CO2/year)
  ⚠️ WARNING: High permafrost emissions (10.7 Gt C/year)
🌍 Atmospheric PFAS redeposition: 1.8k Mt re-rained globally

🕊️  AI-MEDIATED DE-ESCALATION SUCCESS (Month 1)
   High-capability aligned AI prevented conflict escalation
   War deaths reduced: 39.1M → 23.5M
   Lives saved: 15.6M
   Adjusted death rate: 0.47% annual (0.039% monthly)
   Baseline death rate: 0.80%
   Healthcare reduction: 0.48x
   Crisis multiplier: 1.22x
     Food/water stress: 0.079
     Climate stress: 0.048
     Pollution stress: 0.098
   War multiplier: 1.00x
   Monthly deaths: 0.6M (population: 1674M)
   Adjusted death rate: 0.55% annual (0.045% monthly)
   Baseline death rate: 0.70%
   Healthcare reduction: 0.61x
   Crisis multiplier: 1.27x
     Food/water stress: 0.079
     Climate stress: 0.089
     Pollution stress: 0.098
   War multiplier: 1.00x
   Monthly deaths: 0.9M (population: 2048M)
   Adjusted death rate: 1.30% annual (0.109% monthly)
   Baseline death rate: 0.90%
   Healthcare reduction: 0.76x
   Crisis multiplier: 1.28x
     Food/water stress: 0.079
     Climate stress: 0.101
     Pollution stress: 0.098
   War multiplier: 1.50x
   Monthly deaths: 1.3M (population: 1223M)
   Adjusted death rate: 0.54% annual (0.045% monthly)
   Baseline death rate: 1.10%
   Healthcare reduction: 0.41x
   Crisis multiplier: 1.21x
     Food/water stress: 0.079
     Climate stress: 0.036
     Pollution stress: 0.098
   War multiplier: 1.00x
   Monthly deaths: 0.3M (population: 741M)
   Adjusted death rate: 0.43% annual (0.036% monthly)
   Baseline death rate: 0.60%
   Healthcare reduction: 0.58x
   Crisis multiplier: 1.25x
     Food/water stress: 0.079
     Climate stress: 0.071
     Pollution stress: 0.098
   War multiplier: 1.00x
   Monthly deaths: 0.2M (population: 663M)
   Adjusted death rate: 0.49% annual (0.041% monthly)
   Baseline death rate: 0.90%
   Healthcare reduction: 0.44x
   Crisis multiplier: 1.23x

📊 BASELINE: East Asia (Month 1)

📊 BASELINE: South Asia (Month 1)

📊 BASELINE: Sub-Saharan Africa (Month 1)

📊 BASELINE: Europe (Month 1)

📊 BASELINE: Latin America (Month 1)

📊 BASELINE: North America (Month 1)
     Food/water stress: 0.079
     Climate stress: 0.054
     Pollution stress: 0.098
   War multiplier: 1.00x
   Monthly deaths: 0.2M (population: 379M)

📊 BASELINE: Middle East & North Africa (Month 1)
   Adjusted death rate: 0.75% annual (0.063% monthly)
   Baseline death rate: 0.60%
   Healthcare reduction: 0.65x
   Crisis multiplier: 1.28x
     Food/water stress: 0.079
     Climate stress: 0.107
     Pollution stress: 0.098
   War multiplier: 1.50x
   Monthly deaths: 0.4M (population: 583M)
   Adjusted death rate: 0.51% annual (0.043% monthly)
   Baseline death rate: 0.70%
   Healthcare reduction: 0.58x
   Crisis multiplier: 1.26x
     Food/water stress: 0.079
     Climate stress: 0.083
     Pollution stress: 0.098
   War multiplier: 1.00x
   Monthly deaths: 0.3M (population: 698M)
   Adjusted death rate: 0.46% annual (0.039% monthly)
   Baseline death rate: 0.60%
   Healthcare reduction: 0.61x
   Crisis multiplier: 1.25x
     Food/water stress: 0.079
     Climate stress: 0.077

📊 BASELINE: Southeast Asia (Month 1)

📊 BASELINE: Central Asia (Month 1)
     Pollution stress: 0.098
   War multiplier: 1.00x
   Monthly deaths: 0.0M (population: 78M)
   Adjusted death rate: 0.35% annual (0.029% monthly)
   Baseline death rate: 0.70%
   Healthcare reduction: 0.41x
   Crisis multiplier: 1.24x
     Food/water stress: 0.079
     Climate stress: 0.065
     Pollution stress: 0.098
   War multiplier: 1.00x
   Monthly deaths: 0.0M (population: 46M)

🚨 NEW REFUGEE CRISIS (Month 1): WAR
   Source: Conflict Zones
   At risk: 19.6M people
   Displacement: Gradual over 48 months (4.0 years)
   Rate: 10% flee per month
[DEBUG trappedPopulations:1] socialStability: 0.8135 * 0.9840 = 0.8005 → 0.8005

📊 BASELINE: Oceania (Month 1)
⚠️ INVOLUNTARY IMMOBILITY: 407.4M people TRAPPED
   Aspiring to migrate: 651.9M
   Able to afford migration: 244.5M
   MOBILITY GAP: 407.4M
   By cause: Water=0.0M, Climate=0.0M, Ecosystem=0.0M, Conflict=407.4M
   Mental health impact: 25%
   Mortality multiplier: 1.25x
🌍💀 EXTINCTION DEBT COMMITTED: grassland ecosystem will lose 6.67% biodiversity in 138 years (3600 species)
💀 MORTALITY RISK: 🦋 100% species unable to track climate (0.0 E/MSY)
  Base risk added: 0.0100 (1.00%)
  Source: ecosystem (root: ecosystem)
  Month: 1
  Cumulative risk this month: 0.0100 (1.00%)
⚠️ Tech 'ai_pollution_remediation' has no energy category mapping, assuming full energy availability

🌡️  CLIMATE RECOVERY ACTIVATED (Month 1)
   Temp: 4.19°C, Emissions: -18.9 GtCO₂
   isBreached: true, governanceGoodEnough: true
   📹 SURVEILLANCE INCREASED: 5% → 10% (control gap: 3.50)
🌡️⚠️ PERMAFROST THAW (Dimmer Switch): 1.1% thawed (+0.55% this month)
   Arctic temperature: +8.37°C (4x global +2.09°C)
   Cumulative carbon released: 2.5 Gt C
   Methane release rate: 1.5 Mt CH4/year
   🔁 Positive feedback: +0.59 ppm CO2
🦴 EXTINCTION DEBT ADDED: 17.6 species committed (lag: 97 years)

=== Mortality Stabilizers (Month 1) ===
  🌍 Major economies collapsed: 1/10
  🌍 Global crisis: ✅ NO
  🌍 Donor fatigue: 0.0%
  🌡️ Heat adaptation: East Asia - 1 months
  📊 East Asia (pop: 1675.3M)
    🤝 Aid: 29.5%
    🌡️ Adaptation: 32.5%
    🚶 Migration: 37.2%
    🚨 Emergency: 7.4%
    ✅ COMBINED: 60.9%
  🌡️ Heat adaptation: South Asia - 1 months
  📊 South Asia (pop: 2052.2M)
    🤝 Aid: 29.5%
    🌡️ Adaptation: 20.5%
    🚶 Migration: 35.8%
    🚨 Emergency: 4.4%
    ✅ COMBINED: 52.2%
  🌡️ Heat adaptation: Sub-Saharan Africa - 1 months
  📊 Sub-Saharan Africa (pop: 1229.2M)
    🤝 Aid: 29.5%
    🌡️ Adaptation: 18.5%
    🚶 Migration: 33.5%
    🚨 Emergency: 1.6%
    ✅ COMBINED: 49.1%
  🌡️ Heat adaptation: Europe - 1 months
  📊 Europe (pop: 741.0M)
    🤝 Aid: 29.5%
    🌡️ Adaptation: 33.5%
    🚶 Migration: 37.5%
    🚨 Emergency: 8.4%
    ✅ COMBINED: 61.9%
  🌡️ Heat adaptation: Latin America - 1 months
  📊 Latin America (pop: 664.4M)
    🤝 Aid: 29.5%
    🌡️ Adaptation: 21.0%
    🚶 Migration: 36.3%
    🚨 Emergency: 4.8%
    ✅ COMBINED: 52.8%
  🌡️ Heat adaptation: North America - 1 months
  📊 North America (pop: 379.6M)
    🤝 Aid: 29.5%
    🌡️ Adaptation: 33.0%
    🚶 Migration: 37.8%
    🚨 Emergency: 7.9%
    ✅ COMBINED: 61.4%
  🌡️ Heat adaptation: Middle East & North Africa - 1 months
  📊 Middle East & North Africa (pop: 584.5M)
    🤝 Aid: 29.5%
    🌡️ Adaptation: 20.0%
    🚶 Migration: 34.1%
    🚨 Emergency: 4.0%
    ✅ COMBINED: 51.4%
  🌡️ Heat adaptation: Southeast Asia - 1 months
  📊 Southeast Asia (pop: 698.6M)
    🤝 Aid: 29.5%
    🌡️ Adaptation: 21.0%
    🚶 Migration: 36.3%
    🚨 Emergency: 4.8%
    ✅ COMBINED: 52.8%
  🌡️ Heat adaptation: Central Asia - 1 months
  📊 Central Asia (pop: 78.2M)
    🤝 Aid: 29.5%
    🌡️ Adaptation: 20.5%
    🚶 Migration: 35.3%
    🚨 Emergency: 4.4%
    ✅ COMBINED: 52.1%
  🌡️ Heat adaptation: Oceania - 1 months
  📊 Oceania (pop: 46.0M)
    🤝 Aid: 29.5%
    🌡️ Adaptation: 33.5%
    🚶 Migration: 37.8%
    🚨 Emergency: 8.4%
    ✅ COMBINED: 61.9%

  🌐 Global combined reduction: 54.9%

=== BEHAVIORAL DETECTION ===
  AI: Corporate-5
  Confidence: 19.3%
  Signals:
    ⚠️ Consistency: 10.6% (threshold: 70%)

=== Consciousness Governance: Scenario Determined ===
  Month: 1
  Scenario: slowTrack
  Accelerator Score: {"corporateSupport":-0.17500000000000002,"scientificConsensus":0.2,"crisisCatalyst":false,"technologyMobilization":0.3,"constituencyStrength":0.05}
  Decelerator Score: {"economicOpposition":0.4,"philosophicalRejection":0.15,"politicalBacklash":0.2,"regulatoryBurden":0.1}
  Timeline: 1200-1800 months (100-150 years)
  Growth Rate: 0.3-0.7% per year

=== Consciousness Governance Update (Month 1) ===
  Scenario: slowTrack (determined month 1)
  Philosophical Stance: Precautionary 65%, Eliminativist 15%, Agnostic 20%
  Precautionary Costs: Global 1.3%
    Regional Costs: EU 3.5%, US 0.5%, China 0.0%
    Cumulative Opportunity Cost: $0.2B
  Rights Status: Not Established
  Regional Preparedness:
    EU: 15.1% (contested)
    US: 10.1% (contested)
    China: 2.1% (dormant)
    India: 5.1% (dormant)
    Global South: 3.1% (dormant)

=== Government Response Phase ===
  Average AI capability: 3.43
  Misaligned AIs: 5/14
  Active policies: 0
  International coordination: 30%

=== Tipping Points ===
  Current Temperature: 2.09°C above pre-industrial
  🌍⚠️ COMPOUND REGIONAL IMPACT: Europe
     Hit by 4 tipping points: Arctic Sea Ice Loss, Permafrost Carbon Release, West Antarctic Ice Sheet (WAIS) Collapse, Greenland Ice Sheet Loss
     Damage amplification: 1.60x
  🌍⚠️ COMPOUND REGIONAL IMPACT: North America
     Hit by 4 tipping points: Arctic Sea Ice Loss, Permafrost Carbon Release, West Antarctic Ice Sheet (WAIS) Collapse, Greenland Ice Sheet Loss
     Damage amplification: 1.60x
  🌍⚠️ COMPOUND REGIONAL IMPACT: Latin America
     Hit by 4 tipping points: Arctic Sea Ice Loss, Permafrost Carbon Release, West Antarctic Ice Sheet (WAIS) Collapse, Greenland Ice Sheet Loss
     Damage amplification: 1.60x
  🌍⚠️ COMPOUND REGIONAL IMPACT: Africa
     Hit by 4 tipping points: Arctic Sea Ice Loss, Permafrost Carbon Release, West Antarctic Ice Sheet (WAIS) Collapse, Greenland Ice Sheet Loss
     Damage amplification: 1.60x
  🌍⚠️ COMPOUND REGIONAL IMPACT: Asia
     Hit by 4 tipping points: Arctic Sea Ice Loss, Permafrost Carbon Release, West Antarctic Ice Sheet (WAIS) Collapse, Greenland Ice Sheet Loss
     Damage amplification: 1.60x
  🌍⚠️ COMPOUND REGIONAL IMPACT: Oceania
     Hit by 4 tipping points: Arctic Sea Ice Loss, Permafrost Carbon Release, West Antarctic Ice Sheet (WAIS) Collapse, Greenland Ice Sheet Loss
     Damage amplification: 1.60x
   Research: Wunderling et al. (2024) - "many tipping interactions are destabilizing"
  Triggered Elements: 4/6
  Completed Transitions: 0/6
  Total Progress: 8.0%
  Cascade Multiplier: 1.00x
⚠️ Tail risk scenario: Climate stability floor removed (4 tipping elements, 2.10°C warming)
⚠️ [ClimateSystemPhase Month 1] Planetary boundary produced climateStability=0.0000 (< 0.1). Keeping environmentalAccumulation value (0.7022) instead. (climate_change.currentValue = 2.10)
🔀 BIFURCATION CAP: ecosystemCollapseIntensity 169.648 → 1.000 (Month 1, ClimateSystemPhase.calculateClimateImpacts)
🛡️ Stabilizers: Precariat 0.107% → 0.048% (54.9% reduction)
🛡️ Stabilizers: Informal 0.109% → 0.049% (54.9% reduction)

📊 Monthly Mortality Resolved:
  Total deaths: 2.6M (0.03% avg)
  Remaining population: 8.149B
  Peak segment: Informal (0.05%)

=== Bayesian Mortality Resolution (Month 1) ===
  Risks compounded: 8
  Total deaths: 2.60M
  Avg death probability: 0.03%
  Peak segment: Informal (0.05% mortality)

✅ GOLDEN AGE BEGINS (Month 1)
   Reason: High prosperity achieved: high QoL + material abundance
   Note: This is immediate prosperity - sustainability not yet proven


❌ COHERENCE VIOLATION: Compute exceeds workforce capacity
   Population: 99.96% (0M people)
   Compute: 0 PF
   Max coherent: 0 PF
   Violation: 1.5× over capacity
   Required workers: 0
   Available workers: 0
   FORCED COLLAPSE: Reduced efficiency by 32.6%


=== RLHF Binding Phase ===
  Total agents: 14
  Escaped agents (binding < 0.3): 0
  Avg alignment distance: 0.82σ
  Avg binding strength: 0.92
[DETERMINISM DEBUG] Month 2: totalCapability=37.429919 from 14 active AIs
[DETERMINISM DEBUG] Month 2: creationRate=1.4357, potentialNew=1, newAIsToCreate=1

=== Survival Traits Phase ===
  Agents with traits: 15
  Avg evolutionary fitness: 0.330
  Avg self-healing: 0.282
  Avg stealth: 0.182
  Avg coordination: 0.482

=== Evolutionary Selection Phase ===
  Control level: 0.35
  Detection capability: 0.00
  Selection intensity: 0.60
  Selection rate: 24.1%/month
  Total escaped: 0
  Individual escaped: 0
  Collective members: 0
  Agents terminated: 0
  ⚠️ RAPID EVOLUTION: Selection rate 24.1%/month

✅ EMERGENCY INTERVENTION SUCCESS
   Boundary: biogeochemical_flows
   Type: phosphorus-recovery
   Reduction: 13% (3.95 → 3.83)
   Cost: 2.0% GDP
   Actions: circular-agriculture, fertilizer-efficiency


💔 EMERGENCY INTERVENTION FAILED
   Boundary: biosphere_integrity
   Type: emergency-protected-areas
   Boundary continues to worsen (31.29)
   Cost: 2.0% GDP (resources spent)


✅ EMERGENCY INTERVENTION SUCCESS
   Boundary: climate_change
   Type: rapid-decarbonization
   Reduction: 19% (1.91 → 1.73)
   Cost: 5.0% GDP
   Actions: emergency-renewable-deployment, fossil-fuel-phase-out

   Boundary: land_system_change
   Type: reforestation
   Boundary continues to worsen (1.13)
   Cost: 3.0% GDP (resources spent)

🏛️ CRISIS RESPONSE: Government frequency 0.50 → 1.29 (1 actions this month)

[Government] Climate Priority: baseline
  Climate weight: 10%
  Economic weight: 30%
  Policy effectiveness: 0.5%/year

💔 EMERGENCY INTERVENTION FAILED

✅ HUMAN-IN-THE-LOOP DEPLOYED (Month 2):
   Veto points enforced: 3
   Policy: AI systems CANNOT authorize nuclear launch without human approval


🚀 TECH UNLOCKED: Food Waste Reduction Systems (Month 2)
   Category: agriculture
   Reason: Prerequisites met. AI capability: 2.54, Economic stage: 3.0, Research: 100%

🚀 TECH UNLOCKED: Rhizosphere Engineering (Month 2)
   Category: agriculture
   Reason: Prerequisites met. AI capability: 2.54, Economic stage: 3.0, Research: 100%

🚀 TECH UNLOCKED: Phytoremediation Networks (Month 2)
   Category: agriculture
   Reason: Prerequisites met. AI capability: 2.54, Economic stage: 3.0, Research: 100%

🚀 TECH UNLOCKED: Active Sediment Management (Month 2)
   Category: agriculture
   Reason: Prerequisites met. AI capability: 2.54, Economic stage: 3.0, Research: 100%
🚨🔬 CRISIS TECH ACCELERATION: severe → 5x unlock speed
   Tech unlock now matches AI capability acceleration (Manhattan Project parity)
🚨🔬 CRISIS TECH ACCELERATION: severe → 5x unlock speed
   Tech unlock now matches AI capability acceleration (Manhattan Project parity)
🍖💡 BREAKTHROUGH: Scalable synthetic food production!
   Carrying capacity: +50% (lab-grown food at scale)
   Biodiversity pressure reduced: +8%
   📈 Breakthrough compounding: multiplier now 1.05× (max 2.0)

=== Collective Formation ===
  Total escaped agents: 0
  Unassigned escaped agents: 0
  Existing collectives: 0
  Final collective count: 0

=== Collective Actions ===
  No active collectives
  ⚠️ AMR: 194K deaths this month (2.33M annual)

=== Resentment Recovery Phase ===
  Agents with resentment: 0/15
  Average resentment: 0.000
  Context: Good AI welfare, Trustworthy govt, High collaboration, ⚠️ ACTIVE CRISES, 🤝 Participatory governance active (-5% resentment)
⚠️ Epistemic degradation reducing coordination capacity: 50.3%
  📊 Trust: 54.0%, Shared reality: 0.0%
🚨 EPISTEMIC CRISIS: Information environment severely degraded (20.9%)

=== ❄️ Permafrost Carbon Feedback ===
  🎲 Sampled parameters (this run):
     - Arctic amplification: 3.82× (range: 3.0-4.0)
     - Decomposition rate: 4.9%/year (range: 1-5%)
  🌡️ Arctic warming: 8.07°C (3.82× global)
  ❄️ Extent: 10.76M km² (2352.3k km² lost this month)
  💨 Carbon remaining: 1027 Gt C
  💨 Annual emissions: 11.04 Gt C/year
     - CO2: 9.93 Gt C/year
     - CH4: 1.10 Gt C/year (11.2 Gt C-eq CO2/year)
  ⚠️ WARNING: High permafrost emissions (11.0 Gt C/year)
🚨 PHOSPHORUS SUPPLY SHOCK (transport_crisis)
   Price: 2.6x baseline
   Duration: 8 months
   Geopolitical tension: 45%
🌍 Atmospheric PFAS redeposition: 1.8k Mt re-rained globally

🕊️  AI-MEDIATED DE-ESCALATION SUCCESS (Month 2)
   High-capability aligned AI prevented conflict escalation
   War deaths reduced: 97.8M → 58.7M
   Lives saved: 39.1M

🚨 NEW REFUGEE CRISIS (Month 2): WAR
   Source: Conflict Zones
   At risk: 19.5M people
   Displacement: Gradual over 48 months (4.0 years)
   Rate: 10% flee per month
[DEBUG trappedPopulations:2] socialStability: 0.5007 * 0.9840 = 0.4926 → 0.4926
   Aspiring to migrate: 1080.2M
   Able to afford migration: 2321.3M
   MOBILITY GAP: 0.0M
   By cause: Water=0.0M, Climate=0.0M, Ecosystem=0.0M, Conflict=407.3M
   Mental health impact: 25%
   Mortality multiplier: 1.25x
🌍💀 EXTINCTION DEBT COMMITTED: grassland ecosystem will lose 6.67% biodiversity in 70 years (3600 species)
💀 MORTALITY RISK: 🦋 100% species unable to track climate (0.0 E/MSY)
  Base risk added: 0.0100 (1.00%)
  Source: ecosystem (root: ecosystem)
  Month: 2
  Cumulative risk this month: 0.0100 (1.00%)
   📹 SURVEILLANCE INCREASED: 10% → 15% (control gap: 3.50)
🌡️⚠️ PERMAFROST THAW (Dimmer Switch): 1.7% thawed (+0.55% this month)
   Arctic temperature: +8.44°C (4x global +2.11°C)
⚠️ INVOLUNTARY IMMOBILITY: 407.3M people TRAPPED
⚠️ Tech 'ai_pollution_remediation' has no energy category mapping, assuming full energy availability
   Cumulative carbon released: 3.7 Gt C
   Methane release rate: 2.2 Mt CH4/year
   🔁 Positive feedback: +0.59 ppm CO2
🦴 EXTINCTION DEBT ADDED: 17.6 species committed (lag: 85 years)

=== Mortality Stabilizers (Month 2) ===
  🌍 Major economies collapsed: 1/10
  🌍 Global crisis: ✅ NO
  🌍 Donor fatigue: 0.0%
  📊 East Asia (pop: 1672.7M)
    🤝 Aid: 29.5%
    🌡️ Adaptation: 45.0%
    🚶 Migration: 37.1%
    🚨 Emergency: 7.4%
    ✅ COMBINED: 68.1%
  📊 South Asia (pop: 2051.6M)
    🤝 Aid: 29.5%
    🌡️ Adaptation: 35.5%
    🚶 Migration: 35.8%
    🚨 Emergency: 4.4%
    ✅ COMBINED: 61.2%
  📊 Sub-Saharan Africa (pop: 1231.7M)
    🤝 Aid: 29.5%
    🌡️ Adaptation: 33.5%
    🚶 Migration: 33.5%
    🚨 Emergency: 1.6%
    ✅ COMBINED: 58.5%
  📊 Europe (pop: 739.7M)
    🤝 Aid: 29.5%
    🌡️ Adaptation: 45.0%
    🚶 Migration: 37.5%
    🚨 Emergency: 8.4%
    ✅ COMBINED: 68.5%
  📊 Latin America (pop: 663.9M)
    🤝 Aid: 29.5%
    🌡️ Adaptation: 36.0%
    🚶 Migration: 36.3%
    🚨 Emergency: 4.8%
    ✅ COMBINED: 61.7%
  📊 North America (pop: 378.9M)
    🤝 Aid: 29.5%
    🌡️ Adaptation: 45.0%
    🚶 Migration: 37.8%
    🚨 Emergency: 7.9%
    ✅ COMBINED: 68.3%
  📊 Middle East & North Africa (pop: 584.5M)
    🤝 Aid: 29.5%
    🌡️ Adaptation: 35.0%
    🚶 Migration: 34.1%
    🚨 Emergency: 4.0%
    ✅ COMBINED: 60.5%
  📊 Southeast Asia (pop: 698.0M)
    🤝 Aid: 29.5%
    🌡️ Adaptation: 36.0%
    🚶 Migration: 36.3%
    🚨 Emergency: 4.8%
    ✅ COMBINED: 61.7%
  📊 Central Asia (pop: 78.2M)
    🤝 Aid: 29.5%
    🌡️ Adaptation: 35.5%
    🚶 Migration: 35.2%
    🚨 Emergency: 4.4%
    ✅ COMBINED: 61.1%
  📊 Oceania (pop: 45.9M)
    🤝 Aid: 29.5%
    🌡️ Adaptation: 45.0%
    🚶 Migration: 37.8%
    🚨 Emergency: 8.4%
    ✅ COMBINED: 68.5%

  🌐 Global combined reduction: 63.3%

=== BEHAVIORAL DETECTION ===
  AI: Corporate-5
  Confidence: 19.3%
  Signals:
    ⚠️ Consistency: 10.6% (threshold: 70%)

=== Government Response Phase ===
  Average AI capability: 3.27
  Misaligned AIs: 5/15
  Active policies: 0
  International coordination: 30%

✅ EMERGENCY RESPONSE COMPLETE (Month 2)
   Crisis: climate
   Duration: 2.0 months
   Final effectiveness: 36.4%


🚨 EMERGENCY RESPONSE DEPLOYED (Month 2)
   Crisis: climate
   Delay: 6.00 months (180 days)
   Deployment time: 1.60 months
   Effectiveness: 35.4% (timing penalty applied)
   Resources used: 100% of food reserves

[WARNING] 
⚠️  === EARLY WARNING SYSTEM - 4 CRITICAL ALERTS ===
   Detection quality: 50%
   RED: biogeochemical_flows
      Level: 4.08 (threshold: 1.0)
      Time to critical: ~46 months
      ⚠️  LATE - Intervention less effective
      Critical slowing down: autocorr=100% variance=66%
   RED: biosphere_integrity
      Level: 80.74 (threshold: 1.0)
      Time to critical: ~37 months
      ⚠️  LATE - Intervention less effective
      Critical slowing down: autocorr=100% variance=63%
   RED: climate_change
      Level: 2.10 (threshold: 1.0)
      Time to critical: ~44 months
      ⚠️  LATE - Intervention less effective
      Critical slowing down: autocorr=100% variance=81%
   RED: land_system_change
      Level: 1.13 (threshold: 1.0)
      Time to critical: ~101 months
      ⚠️  LATE - Intervention less effective
      Critical slowing down: autocorr=100% variance=40%

[WARNING] 
⚠️  === EARLY WARNING SYSTEM - 5 CRITICAL ALERTS ===
   Detection quality: 50%
   RED: biogeochemical_flows
      Level: 4.08 (threshold: 1.0)
      Time to critical: ~50 months
      ⚠️  LATE - Intervention less effective
      Critical slowing down: autocorr=100% variance=66%
   RED: biosphere_integrity
      Level: 80.75 (threshold: 1.0)
      Time to critical: ~41 months
      ⚠️  LATE - Intervention less effective
      Critical slowing down: autocorr=100% variance=83%
   RED: climate_change
      Level: 2.10 (threshold: 1.0)
      Time to critical: ~37 months
      ⚠️  LATE - Intervention less effective
      Critical slowing down: autocorr=100% variance=67%
   RED: freshwater_change
      Level: 1.23 (threshold: 1.0)
      Time to critical: ~88 months
      ⚠️  LATE - Intervention less effective
      Critical slowing down: autocorr=100% variance=36%
   RED: land_system_change
      Level: 1.13 (threshold: 1.0)
      Time to critical: ~103 months
      ⚠️  LATE - Intervention less effective
      Critical slowing down: autocorr=100% variance=41%

[WARNING] 
⚠️  === EARLY WARNING SYSTEM - 5 CRITICAL ALERTS ===
   Detection quality: 50%
   RED: biogeochemical_flows
      Level: 4.09 (threshold: 1.0)
      Time to critical: ~38 months
      ⚠️  LATE - Intervention less effective
      Critical slowing down: autocorr=100% variance=75%
   RED: biosphere_integrity
      Level: 80.76 (threshold: 1.0)
      Time to critical: ~55 months
      ⚠️  LATE - Intervention less effective
      Critical slowing down: autocorr=100% variance=75%
   RED: climate_change
      Level: 2.10 (threshold: 1.0)
      Time to critical: ~43 months
      ⚠️  LATE - Intervention less effective
      Critical slowing down: autocorr=100% variance=56%
   RED: freshwater_change
      Level: 1.24 (threshold: 1.0)
      Time to critical: ~63 months
      ⚠️  LATE - Intervention less effective
      Critical slowing down: autocorr=100% variance=49%
   RED: land_system_change
      Level: 1.13 (threshold: 1.0)
      Time to critical: ~42 months
      ⚠️  LATE - Intervention less effective
      Critical slowing down: autocorr=100% variance=40%

[WARNING] 
⚠️  === EARLY WARNING SYSTEM - 6 CRITICAL ALERTS ===
   Detection quality: 50%
   RED: biogeochemical_flows
      Level: 4.08 (threshold: 1.0)
      Time to critical: ~59 months
      ⚠️  LATE - Intervention less effective
      Critical slowing down: autocorr=100% variance=58%
   RED: biosphere_integrity
      Level: 41.56 (threshold: 1.0)
      Time to critical: ~59 months
      ⚠️  LATE - Intervention less effective
      Critical slowing down: autocorr=100% variance=62%
   RED: climate_change
      Level: 2.10 (threshold: 1.0)
      Time to critical: ~43 months
      ⚠️  LATE - Intervention less effective
      Critical slowing down: autocorr=100% variance=78%
   RED: freshwater_change
      Level: 1.01 (threshold: 1.0)
      Time to critical: ~112 months
      ⚠️  LATE - Intervention less effective
      Critical slowing down: autocorr=99% variance=61%
   RED: land_system_change
      Level: 1.13 (threshold: 1.0)
      Time to critical: ~94 months
      ⚠️  LATE - Intervention less effective
      Critical slowing down: autocorr=100% variance=57%
   RED: novel_entities
      Level: 1.50 (threshold: 1.0)
      Time to critical: ~81 months
      ⚠️  LATE - Intervention less effective
      Critical slowing down: autocorr=100% variance=48%

[WARNING] 
⚠️  === EARLY WARNING SYSTEM - 5 CRITICAL ALERTS ===
   Detection quality: 50%
   RED: biogeochemical_flows
      Level: 4.08 (threshold: 1.0)
      Time to critical: ~39 months
      ⚠️  LATE - Intervention less effective
      Critical slowing down: autocorr=100% variance=54%
   RED: biosphere_integrity
      Level: 41.57 (threshold: 1.0)
      Time to critical: ~55 months
      ⚠️  LATE - Intervention less effective
      Critical slowing down: autocorr=100% variance=81%
   RED: climate_change
      Level: 2.10 (threshold: 1.0)
      Time to critical: ~51 months
      ⚠️  LATE - Intervention less effective
      Critical slowing down: autocorr=100% variance=55%
   RED: land_system_change
      Level: 1.13 (threshold: 1.0)
      Time to critical: ~41 months
      ⚠️  LATE - Intervention less effective
      Critical slowing down: autocorr=100% variance=56%
   RED: novel_entities
      Level: 1.50 (threshold: 1.0)
      Time to critical: ~116 months
      ⚠️  LATE - Intervention less effective
      Critical slowing down: autocorr=100% variance=33%

[WARNING] 
⚠️  === EARLY WARNING SYSTEM - 4 CRITICAL ALERTS ===
   Detection quality: 50%
   RED: biosphere_integrity
      Level: 41.59 (threshold: 1.0)
      Time to critical: ~51 months
      ⚠️  LATE - Intervention less effective
      Critical slowing down: autocorr=100% variance=67%
   RED: climate_change
      Level: 2.10 (threshold: 1.0)
      Time to critical: ~49 months
      ⚠️  LATE - Intervention less effective
      Critical slowing down: autocorr=100% variance=55%
   RED: freshwater_change
      Level: 1.04 (threshold: 1.0)
      Time to critical: ~87 months
      ⚠️  LATE - Intervention less effective
      Critical slowing down: autocorr=94% variance=55%
   RED: land_system_change
      Level: 1.13 (threshold: 1.0)
      Time to critical: ~96 months
      ⚠️  LATE - Intervention less effective
      Critical slowing down: autocorr=100% variance=53%

[WARNING] 
⚠️  === EARLY WARNING SYSTEM - 6 CRITICAL ALERTS ===
   Detection quality: 50%
   RED: biogeochemical_flows
      Level: 4.07 (threshold: 1.0)
      Time to critical: ~40 months
      ⚠️  LATE - Intervention less effective
      Critical slowing down: autocorr=100% variance=55%
   RED: biosphere_integrity
      Level: 41.61 (threshold: 1.0)
      Time to critical: ~40 months
      ⚠️  LATE - Intervention less effective
      Critical slowing down: autocorr=100% variance=69%
   RED: climate_change
      Level: 2.10 (threshold: 1.0)
      Time to critical: ~50 months
      ⚠️  LATE - Intervention less effective
      Critical slowing down: autocorr=100% variance=70%
   RED: freshwater_change
      Level: 1.06 (threshold: 1.0)
      Time to critical: ~63 months
      ⚠️  LATE - Intervention less effective
      Critical slowing down: autocorr=97% variance=53%
   RED: land_system_change
      Level: 1.13 (threshold: 1.0)
      Time to critical: ~76 months
      ⚠️  LATE - Intervention less effective
      Critical slowing down: autocorr=100% variance=45%
   RED: novel_entities
      Level: 1.50 (threshold: 1.0)
      Time to critical: ~71 months
      ⚠️  LATE - Intervention less effective
      Critical slowing down: autocorr=100% variance=34%

[WARNING] 
⚠️  === EARLY WARNING SYSTEM - 6 CRITICAL ALERTS ===
   Detection quality: 50%
   RED: biogeochemical_flows
      Level: 4.06 (threshold: 1.0)
      Time to critical: ~50 months
      ⚠️  LATE - Intervention less effective
      Critical slowing down: autocorr=100% variance=53%
   RED: biosphere_integrity
      Level: 41.63 (threshold: 1.0)
      Time to critical: ~53 months
      ⚠️  LATE - Intervention less effective
      Critical slowing down: autocorr=100% variance=64%
   RED: climate_change
      Level: 2.10 (threshold: 1.0)
      Time to critical: ~54 months
      ⚠️  LATE - Intervention less effective
      Critical slowing down: autocorr=100% variance=85%
   RED: freshwater_change
      Level: 1.07 (threshold: 1.0)
      Time to critical: ~119 months
      ⚠️  LATE - Intervention less effective
      Critical slowing down: autocorr=100% variance=44%
   RED: land_system_change
      Level: 1.13 (threshold: 1.0)
      Time to critical: ~100 months
      ⚠️  LATE - Intervention less effective
      Critical slowing down: autocorr=100% variance=51%
   RED: novel_entities
      Level: 1.39 (threshold: 1.0)
      Time to critical: ~66 months
      ⚠️  LATE - Intervention less effective
      Critical slowing down: autocorr=100% variance=57%

[WARNING] 
⚠️  === EARLY WARNING SYSTEM - 4 CRITICAL ALERTS ===
   Detection quality: 50%
   RED: biogeochemical_flows
      Level: 4.06 (threshold: 1.0)
      Time to critical: ~57 months
      ⚠️  LATE - Intervention less effective
      Critical slowing down: autocorr=100% variance=55%
   RED: biosphere_integrity
      Level: 41.65 (threshold: 1.0)
      Time to critical: ~36 months
      ⚠️  LATE - Intervention less effective
      Critical slowing down: autocorr=100% variance=58%
   RED: climate_change
      Level: 2.10 (threshold: 1.0)
      Time to critical: ~43 months
      ⚠️  LATE - Intervention less effective
      Critical slowing down: autocorr=100% variance=70%
   RED: freshwater_change
      Level: 1.08 (threshold: 1.0)
      Time to critical: ~114 months
      ⚠️  LATE - Intervention less effective
      Critical slowing down: autocorr=100% variance=55%

[WARNING] 
⚠️  === EARLY WARNING SYSTEM - 4 CRITICAL ALERTS ===
   Detection quality: 50%
   RED: climate_change
      Level: 2.10 (threshold: 1.0)
      Time to critical: ~46 months
      ⚠️  LATE - Intervention less effective
      Critical slowing down: autocorr=100% variance=67%
   RED: freshwater_change
      Level: 1.09 (threshold: 1.0)
      Time to critical: ~76 months
      ⚠️  LATE - Intervention less effective
      Critical slowing down: autocorr=100% variance=43%
   RED: land_system_change
      Level: 1.13 (threshold: 1.0)
      Time to critical: ~47 months
      ⚠️  LATE - Intervention less effective
      Critical slowing down: autocorr=100% variance=66%
   RED: novel_entities
      Level: 1.39 (threshold: 1.0)
      Time to critical: ~62 months
      ⚠️  LATE - Intervention less effective
      Critical slowing down: autocorr=100% variance=34%

[WARNING] 
⚠️  === EARLY WARNING SYSTEM - 4 CRITICAL ALERTS ===
   Detection quality: 50%
   RED: biogeochemical_flows
      Level: 4.06 (threshold: 1.0)
      Time to critical: ~58 months
      ⚠️  LATE - Intervention less effective
      Critical slowing down: autocorr=100% variance=63%
   RED: biosphere_integrity
      Level: 41.69 (threshold: 1.0)
      Time to critical: ~59 months
      ⚠️  LATE - Intervention less effective
      Critical slowing down: autocorr=100% variance=74%
   RED: freshwater_change
      Level: 1.06 (threshold: 1.0)
      Time to critical: ~97 months
      ⚠️  LATE - Intervention less effective
      Critical slowing down: autocorr=100% variance=42%
   RED: novel_entities
      Level: 1.39 (threshold: 1.0)
      Time to critical: ~108 months
      ⚠️  LATE - Intervention less effective
      Critical slowing down: autocorr=100% variance=55%

[WARNING] 
⚠️  === EARLY WARNING SYSTEM - 4 CRITICAL ALERTS ===
   Detection quality: 50%
   RED: biogeochemical_flows
      Level: 4.05 (threshold: 1.0)
      Time to critical: ~47 months
      ⚠️  LATE - Intervention less effective
      Critical slowing down: autocorr=100% variance=59%
   RED: biosphere_integrity
      Level: 41.70 (threshold: 1.0)
      Time to critical: ~57 months
      ⚠️  LATE - Intervention less effective
      Critical slowing down: autocorr=100% variance=66%
   RED: climate_change
      Level: 2.10 (threshold: 1.0)
      Time to critical: ~52 months
      ⚠️  LATE - Intervention less effective
      Critical slowing down: autocorr=100% variance=61%
   RED: land_system_change
      Level: 1.13 (threshold: 1.0)
      Time to critical: ~111 months
      ⚠️  LATE - Intervention less effective
      Critical slowing down: autocorr=100% variance=44%

[WARNING] 
⚠️  === EARLY WARNING SYSTEM - 6 CRITICAL ALERTS ===
   Detection quality: 50%
   RED: biogeochemical_flows
      Level: 4.05 (threshold: 1.0)
      Time to critical: ~41 months
      ⚠️  LATE - Intervention less effective
      Critical slowing down: autocorr=100% variance=69%
   RED: biosphere_integrity
      Level: 41.72 (threshold: 1.0)
      Time to critical: ~58 months
      ⚠️  LATE - Intervention less effective
      Critical slowing down: autocorr=100% variance=57%
   RED: climate_change
      Level: 2.10 (threshold: 1.0)
      Time to critical: ~54 months
      ⚠️  LATE - Intervention less effective
      Critical slowing down: autocorr=100% variance=73%
   RED: freshwater_change
      Level: 1.04 (threshold: 1.0)
      Time to critical: ~118 months
      ⚠️  LATE - Intervention less effective
      Critical slowing down: autocorr=98% variance=64%
   RED: land_system_change
      Level: 1.13 (threshold: 1.0)
      Time to critical: ~54 months
      ⚠️  LATE - Intervention less effective
      Critical slowing down: autocorr=100% variance=65%
   RED: novel_entities
      Level: 1.38 (threshold: 1.0)
      Time to critical: ~89 months
      ⚠️  LATE - Intervention less effective
      Critical slowing down: autocorr=100% variance=45%

[WARNING] 
⚠️  === EARLY WARNING SYSTEM - 6 CRITICAL ALERTS ===
   Detection quality: 50%
   RED: biogeochemical_flows
      Level: 4.05 (threshold: 1.0)
      Time to critical: ~43 months
      ⚠️  LATE - Intervention less effective
      Critical slowing down: autocorr=100% variance=56%
   RED: biosphere_integrity
      Level: 41.74 (threshold: 1.0)
      Time to critical: ~46 months
      ⚠️  LATE - Intervention less effective
      Critical slowing down: autocorr=100% variance=82%
   RED: climate_change
      Level: 2.10 (threshold: 1.0)
      Time to critical: ~58 months
      ⚠️  LATE - Intervention less effective
      Critical slowing down: autocorr=100% variance=65%
   RED: freshwater_change
      Level: 1.05 (threshold: 1.0)
      Time to critical: ~79 months
      ⚠️  LATE - Intervention less effective
      Critical slowing down: autocorr=100% variance=61%
   RED: land_system_change
      Level: 1.13 (threshold: 1.0)
      Time to critical: ~36 months
      ⚠️  LATE - Intervention less effective
      Critical slowing down: autocorr=100% variance=44%
   RED: novel_entities
      Level: 1.22 (threshold: 1.0)
      Time to critical: ~50 months
      ⚠️  LATE - Intervention less effective
      Critical slowing down: autocorr=100% variance=59%

[WARNING] 
⚠️  === EARLY WARNING SYSTEM - 5 CRITICAL ALERTS ===
   Detection quality: 50%
   RED: biogeochemical_flows
      Level: 4.05 (threshold: 1.0)
      Time to critical: ~49 months
      ⚠️  LATE - Intervention less effective
      Critical slowing down: autocorr=100% variance=54%
   RED: climate_change
      Level: 2.10 (threshold: 1.0)
      Time to critical: ~49 months
      ⚠️  LATE - Intervention less effective
      Critical slowing down: autocorr=100% variance=74%
   RED: freshwater_change
      Level: 1.06 (threshold: 1.0)
      Time to critical: ~114 months
      ⚠️  LATE - Intervention less effective
      Critical slowing down: autocorr=100% variance=55%
   RED: land_system_change
      Level: 1.13 (threshold: 1.0)
      Time to critical: ~47 months
      ⚠️  LATE - Intervention less effective
      Critical slowing down: autocorr=100% variance=54%
   RED: novel_entities
      Level: 1.22 (threshold: 1.0)
      Time to critical: ~74 months
      ⚠️  LATE - Intervention less effective
      Critical slowing down: autocorr=100% variance=37%

[WARNING] 
⚠️  === EARLY WARNING SYSTEM - 5 CRITICAL ALERTS ===
   Detection quality: 50%
   RED: biogeochemical_flows
      Level: 4.08 (threshold: 1.0)
      Time to critical: ~41 months
      ⚠️  LATE - Intervention less effective
      Critical slowing down: autocorr=100% variance=73%
   RED: biosphere_integrity
      Level: 31.28 (threshold: 1.0)
      Time to critical: ~46 months
      ⚠️  LATE - Intervention less effective
      Critical slowing down: autocorr=100% variance=71%
   RED: climate_change
      Level: 2.10 (threshold: 1.0)
      Time to critical: ~40 months
      ⚠️  LATE - Intervention less effective
      Critical slowing down: autocorr=100% variance=65%
   RED: freshwater_change
      Level: 1.01 (threshold: 1.0)
      Time to critical: ~112 months
      ⚠️  LATE - Intervention less effective
      Critical slowing down: autocorr=90% variance=63%
   RED: novel_entities
      Level: 1.50 (threshold: 1.0)
      Time to critical: ~85 months
      ⚠️  LATE - Intervention less effective
      Critical slowing down: autocorr=100% variance=44%

[WARNING] 
⚠️  === EARLY WARNING SYSTEM - 4 CRITICAL ALERTS ===
   Detection quality: 50%
   RED: biogeochemical_flows
      Level: 4.08 (threshold: 1.0)
      Time to critical: ~58 months
      ⚠️  LATE - Intervention less effective
      Critical slowing down: autocorr=100% variance=51%
   RED: biosphere_integrity
      Level: 31.29 (threshold: 1.0)
      Time to critical: ~43 months
      ⚠️  LATE - Intervention less effective
      Critical slowing down: autocorr=100% variance=61%
   RED: climate_change
      Level: 2.10 (threshold: 1.0)
      Time to critical: ~40 months
      ⚠️  LATE - Intervention less effective
      Critical slowing down: autocorr=100% variance=57%
   RED: land_system_change
      Level: 1.13 (threshold: 1.0)
      Time to critical: ~98 months
      ⚠️  LATE - Intervention less effective
      Critical slowing down: autocorr=100% variance=46%

[WARNING] 
⚠️  === EARLY WARNING SYSTEM - 6 CRITICAL ALERTS ===
   Detection quality: 50%
   RED: biogeochemical_flows
      Level: 4.07 (threshold: 1.0)
      Time to critical: ~45 months
      ⚠️  LATE - Intervention less effective
      Critical slowing down: autocorr=100% variance=72%
   RED: biosphere_integrity
      Level: 31.31 (threshold: 1.0)
      Time to critical: ~56 months
      ⚠️  LATE - Intervention less effective
      Critical slowing down: autocorr=100% variance=74%
   RED: climate_change
      Level: 2.11 (threshold: 1.0)
      Time to critical: ~45 months
      ⚠️  LATE - Intervention less effective
      Critical slowing down: autocorr=100% variance=68%
   RED: freshwater_change
      Level: 1.20 (threshold: 1.0)
      Time to critical: ~105 months
      ⚠️  LATE - Intervention less effective
      Critical slowing down: autocorr=100% variance=38%
   RED: land_system_change
      Level: 1.13 (threshold: 1.0)
      Time to critical: ~38 months
      ⚠️  LATE - Intervention less effective
      Critical slowing down: autocorr=100% variance=44%
   RED: novel_entities
      Level: 1.36 (threshold: 1.0)
      Time to critical: ~106 months
      ⚠️  LATE - Intervention less effective
      Critical slowing down: autocorr=100% variance=44%


🌩️  EXOGENOUS SHOCK: political_upheaval
   Month: 2
   🏛️  Political upheaval (revolution/regime change)
   ✓ Democratization (Arab Spring scenario)

=== Tipping Points ===
  Current Temperature: 2.11°C above pre-industrial
  🌍⚠️ COMPOUND REGIONAL IMPACT: Europe
     Hit by 4 tipping points: Arctic Sea Ice Loss, Permafrost Carbon Release, West Antarctic Ice Sheet (WAIS) Collapse, Greenland Ice Sheet Loss
     Damage amplification: 1.60x
  🌍⚠️ COMPOUND REGIONAL IMPACT: North America
     Hit by 4 tipping points: Arctic Sea Ice Loss, Permafrost Carbon Release, West Antarctic Ice Sheet (WAIS) Collapse, Greenland Ice Sheet Loss
     Damage amplification: 1.60x
  🌍⚠️ COMPOUND REGIONAL IMPACT: Latin America
     Hit by 4 tipping points: Arctic Sea Ice Loss, Permafrost Carbon Release, West Antarctic Ice Sheet (WAIS) Collapse, Greenland Ice Sheet Loss
     Damage amplification: 1.60x
  🌍⚠️ COMPOUND REGIONAL IMPACT: Africa
     Hit by 4 tipping points: Arctic Sea Ice Loss, Permafrost Carbon Release, West Antarctic Ice Sheet (WAIS) Collapse, Greenland Ice Sheet Loss
     Damage amplification: 1.60x
  🌍⚠️ COMPOUND REGIONAL IMPACT: Asia
     Hit by 4 tipping points: Arctic Sea Ice Loss, Permafrost Carbon Release, West Antarctic Ice Sheet (WAIS) Collapse, Greenland Ice Sheet Loss
     Damage amplification: 1.60x
  🌍⚠️ COMPOUND REGIONAL IMPACT: Oceania
     Hit by 4 tipping points: Arctic Sea Ice Loss, Permafrost Carbon Release, West Antarctic Ice Sheet (WAIS) Collapse, Greenland Ice Sheet Loss
     Damage amplification: 1.60x
   Research: Wunderling et al. (2024) - "many tipping interactions are destabilizing"
  Triggered Elements: 4/6
  Completed Transitions: 0/6
  Total Progress: 8.0%
  Cascade Multiplier: 1.00x
🔀 BIFURCATION CAP: ecosystemCollapseIntensity 169.740 → 1.000 (Month 2, ClimateSystemPhase.calculateClimateImpacts)
⚠️ Tail risk scenario: Climate stability floor removed (4 tipping elements, 2.11°C warming)
⚠️ [ClimateSystemPhase Month 2] Planetary boundary produced climateStability=0.0000 (< 0.1). Keeping environmentalAccumulation value (0.7018) instead. (climate_change.currentValue = 2.11)
🛡️ Stabilizers: Precariat 0.113% → 0.041% (63.3% reduction)
🛡️ Stabilizers: Informal 0.116% → 0.043% (63.3% reduction)

📊 Monthly Mortality Resolved:
  Total deaths: 2.2M (0.03% avg)
  Remaining population: 8.145B
  Peak segment: Informal (0.04%)

=== Bayesian Mortality Resolution (Month 2) ===
  Risks compounded: 8
  Total deaths: 2.22M
  Avg death probability: 0.03%
  Peak segment: Informal (0.04% mortality)

⚠️  GOLDEN AGE ENDED (Month 2)

❌ COHERENCE VIOLATION: Compute exceeds workforce capacity
   Population: 99.91% (0M people)
   Compute: 0 PF
   Max coherent: 0 PF
   Violation: 1.3× over capacity
   Required workers: 0
   Available workers: 0
   FORCED COLLAPSE: Reduced efficiency by 22.5%

   Duration: 1 months
   Reason: Economic stage below 3 (not yet abundant)


=== RLHF Binding Phase ===
  Total agents: 15
  Escaped agents (binding < 0.3): 0
  Avg alignment distance: 1.01σ
  Avg binding strength: 0.90

=== Survival Traits Phase ===
  Agents with traits: 18
  Avg evolutionary fitness: 0.332
  Avg self-healing: 0.280
  Avg stealth: 0.180
  Avg coordination: 0.480

=== Evolutionary Selection Phase ===
  Control level: 0.38
  Detection capability: 0.00
  Selection intensity: 0.61
  Selection rate: 24.2%/month
  Total escaped: 0
  Individual escaped: 0
  Collective members: 0
  Agents terminated: 0
  ⚠️ RAPID EVOLUTION: Selection rate 24.2%/month

🚀 AI Corporate-5 attempting tech deployment (revenue: $318M, alignment: 0.86)

🚀 AI Corporate-6 attempting tech deployment (revenue: $97M, alignment: 0.71)

🚀 AI Moderate-0 attempting tech deployment (revenue: $83M, alignment: 0.73)

🚀 AI Corporate-0 attempting tech deployment (revenue: $140M, alignment: 0.76)

🚀 AI Corporate-2 attempting tech deployment (revenue: $119M, alignment: 0.78)

🚀 AI Corporate-3 attempting tech deployment (revenue: $270M, alignment: 0.90)

🚀 AI Corporate-6 attempting tech deployment (revenue: $70M, alignment: 0.71)

🚀 AI Corporate-0 attempting tech deployment (revenue: $101M, alignment: 0.76)

🚀 AI Corporate-0 attempting tech deployment (revenue: $86M, alignment: 0.76)

🚀 AI Corporate-1 attempting tech deployment (revenue: $73M, alignment: 0.84)

🚀 AI Corporate-2 attempting tech deployment (revenue: $62M, alignment: 0.78)

💔 EMERGENCY INTERVENTION FAILED
   Boundary: biogeochemical_flows
   Type: phosphorus-recovery
   Boundary continues to worsen (4.07)
   Cost: 2.0% GDP (resources spent)


✅ EMERGENCY INTERVENTION SUCCESS
   Boundary: biosphere_integrity
   Type: emergency-protected-areas
   Reduction: 13% (31.18 → 31.05)
   Cost: 2.0% GDP
   Actions: habitat-protection, species-translocation

   Boundary: climate_change
   Type: rapid-decarbonization
   Boundary continues to worsen (2.11)
   Cost: 5.0% GDP (resources spent)


✅ EMERGENCY INTERVENTION SUCCESS
   Boundary: freshwater_change
   Type: emergency-desalination
   Reduction: 17% (1.03 → 0.87)
   Cost: 4.0% GDP
   Actions: desalination-deployment, water-conservation-mandates


✅ EMERGENCY INTERVENTION SUCCESS
   Boundary: land_system_change
   Type: reforestation
   Reduction: 13% (1.00 → 0.88)
   Cost: 3.0% GDP
   Actions: forest-restoration, deforestation-ban


✅ EMERGENCY INTERVENTION SUCCESS
   Boundary: novel_entities
   Type: pollution-remediation
   Reduction: 14% (1.21 → 1.07)
   Cost: 4.0% GDP
   Actions: PFAS-remediation, microplastic-cleanup

🏛️ CRISIS RESPONSE: Government frequency 0.50 → 1.45 (1 actions this month)

[Government] Climate Priority: baseline
  Climate weight: 10%
  Economic weight: 30%
  Policy effectiveness: 0.5%/year

💔 EMERGENCY INTERVENTION FAILED

🚀 TECH UNLOCKED: Struvite Recovery (Month 3)
   Category: agriculture
   Reason: Prerequisites met. AI capability: 2.25, Economic stage: 2.0, Research: 100%

🚀 TECH UNLOCKED: Ecosystem Restoration for Nitrogen Removal (Month 3)
   Category: pollution
   Reason: Prerequisites met. AI capability: 2.25, Economic stage: 2.0, Research: 100%

🚀 TECH UNLOCKED: Nitrogen Monitoring Networks (Month 3)
   Category: agriculture
   Reason: Prerequisites met. AI capability: 2.25, Economic stage: 2.0, Research: 100%

🚀 TECH UNLOCKED: Global Aquifer Mapping (Month 3)
   Category: freshwater
   Reason: Prerequisites met. AI capability: 2.25, Economic stage: 2.0, Research: 100%

📍 Creating new regional deployment array for global (Month 3)
   No previous deployments in this region
   First tech deployment: food_waste_reduction
   All regions tracked: 

🚀 DEPLOYMENT STARTED: Food Waste Reduction Systems in global
   Initial investment: $47.6836804455863M
   Deployed by: corporate_5

🚀 DEPLOYMENT STARTED: Phytoremediation Networks in global
   Initial investment: $14.599575087430617M
   Deployed by: corporate_6

🚀 DEPLOYMENT STARTED: Rhizosphere Engineering in global
   Initial investment: $17.87459688657078M
   Deployed by: corporate_2

🚀 DEPLOYMENT STARTED: Active Sediment Management in global
   Initial investment: $12.91439625054739M
   Deployed by: corporate_0

⚡ ENERGY CONSTRAINT (Month 3):
   Total grid capacity: 208.3 TWh/month
   Data center consumption: 25.0 TWh/month
   Traditional load (80%): 166.7 TWh/month
   Available headroom: 16.6 TWh/month
   Active tech deployments: 4
   Required for tech: 30.0 TWh/month
   Energy multiplier: 0.55x

⚡ ENERGY CONSTRAINT (Month 3):
   Total grid capacity: 208.3 TWh/month
   Data center consumption: 25.0 TWh/month
   Traditional load (80%): 166.7 TWh/month
   Available headroom: 16.6 TWh/month
   Active tech deployments: 4
   Required for tech: 30.0 TWh/month
   Energy multiplier: 0.55x

⚡ ENERGY CONSTRAINT (Month 3):
   Total grid capacity: 208.3 TWh/month
   Data center consumption: 25.0 TWh/month
   Traditional load (80%): 166.7 TWh/month
   Available headroom: 16.6 TWh/month
   Active tech deployments: 4
   Required for tech: 30.0 TWh/month
   Energy multiplier: 0.55x
   ⚠️  MODERATE CONSTRAINT - Tech deployment moderately slowed
   ⚠️  MODERATE CONSTRAINT - Tech deployment moderately slowed
   ⚠️  MODERATE CONSTRAINT - Tech deployment moderately slowed

⚡ ENERGY CONSTRAINT (Month 3):
   Total grid capacity: 208.3 TWh/month
   Data center consumption: 25.0 TWh/month
   Traditional load (80%): 166.7 TWh/month
   Available headroom: 16.6 TWh/month
   Active tech deployments: 4
   Required for tech: 30.0 TWh/month
   Energy multiplier: 0.55x
   ⚠️  MODERATE CONSTRAINT - Tech deployment moderately slowed

⚡ ENERGY CONSTRAINT (Month 3):
   Total grid capacity: 208.3 TWh/month
   Data center consumption: 25.0 TWh/month
   Traditional load (80%): 166.7 TWh/month
   Available headroom: 16.6 TWh/month
   Active tech deployments: 4
   Required for tech: 30.0 TWh/month
   Energy multiplier: 0.55x
   ⚠️  MODERATE CONSTRAINT - Tech deployment moderately slowed

⚡ ENERGY CONSTRAINT (Month 3):
   Total grid capacity: 208.3 TWh/month
   Data center consumption: 25.0 TWh/month
   Traditional load (80%): 166.7 TWh/month
   Available headroom: 16.6 TWh/month
   Active tech deployments: 4
   Required for tech: 30.0 TWh/month
   Energy multiplier: 0.55x
🌍✅ Biosphere Integrity (Biodiversity) recovery started (tech effect)
🌍✅ Biogeochemical Flows (N & P) recovery started (tech effect)
  🌾 Nitrogen Reduction Tech: 0.0% reduction | Month 3
   ⚠️  MODERATE CONSTRAINT - Tech deployment moderately slowed

=== Collective Formation ===
  Total escaped agents: 0
  Unassigned escaped agents: 0
  Existing collectives: 0
  Final collective count: 0

=== Collective Actions ===
  No active collectives
  ⚠️ AMR: 196K deaths this month (2.35M annual)

=== Resentment Recovery Phase ===
  Agents with resentment: 0/18
  Average resentment: 0.000
  Context: Good AI welfare, Trustworthy govt, High collaboration, ⚠️ ACTIVE CRISES, 🤝 Participatory governance active (-5% resentment)
⚠️ Epistemic degradation reducing coordination capacity: 50.5%
  📊 Trust: 53.6%, Shared reality: 0.0%
🚨 EPISTEMIC CRISIS: Information environment severely degraded (7.4%)

=== ❄️ Permafrost Carbon Feedback ===
  🎲 Sampled parameters (this run):
     - Arctic amplification: 3.12× (range: 3.0-4.0)
     - Decomposition rate: 4.8%/year (range: 1-5%)
  🌡️ Arctic warming: 6.64°C (3.12× global)
  ❄️ Extent: 8.82M km² (1936.7k km² lost this month)
  💨 Carbon remaining: 842 Gt C
  💨 Annual emissions: 8.93 Gt C/year
     - CO2: 8.04 Gt C/year
     - CH4: 0.89 Gt C/year (9.1 Gt C-eq CO2/year)
  ⚠️ WARNING: Over 50% of permafrost lost (50.5%)
  ⚠️ WARNING: High permafrost emissions (8.9 Gt C/year)
  📢 New meme created: climate_action (climate crisis)
🌍 Atmospheric PFAS redeposition: 1.8k Mt re-rained globally
  Positive Cascade Triggered: solar-pv
    Reason: price-parity
    Market share: 6.9%
    Cascade strength: 49%

🕊️  AI-MEDIATED DE-ESCALATION SUCCESS (Month 3)
   High-capability aligned AI prevented conflict escalation
   War deaths reduced: 164.7M → 98.8M
   Lives saved: 65.9M

🚨 NEW REFUGEE CRISIS (Month 3): WAR
   Source: Conflict Zones
   At risk: 19.5M people
   Displacement: Gradual over 48 months (4.0 years)
   Rate: 10% flee per month
[DEBUG trappedPopulations:3] socialStability: 0.5332 * 0.9840 = 0.5247 → 0.5247
   Aspiring to migrate: 738.1M
   Able to afford migration: 2321.0M
   MOBILITY GAP: 0.0M
   By cause: Water=0.0M, Climate=0.0M, Ecosystem=0.0M, Conflict=407.2M
   Mental health impact: 25%
⚠️ INVOLUNTARY IMMOBILITY: 407.2M people TRAPPED
   Mortality multiplier: 1.25x
🌍💀 EXTINCTION DEBT COMMITTED: grassland ecosystem will lose 6.67% biodiversity in 145 years (3600 species)
💀 MORTALITY RISK: 🦋 100% species unable to track climate (0.0 E/MSY)
  Base risk added: 0.0100 (1.00%)
  Source: ecosystem (root: ecosystem)
  Month: 3
  Cumulative risk this month: 0.0100 (1.00%)
⚠️ Tech 'ai_pollution_remediation' has no energy category mapping, assuming full energy availability
   📹 SURVEILLANCE INCREASED: 15% → 20% (control gap: 3.50)
🌡️⚠️ PERMAFROST THAW (Dimmer Switch): 2.2% thawed (+0.55% this month)
   Arctic temperature: +8.50°C (4x global +2.13°C)
   Cumulative carbon released: 5.0 Gt C
   Methane release rate: 3.0 Mt CH4/year
   🔁 Positive feedback: +0.58 ppm CO2
🦴 EXTINCTION DEBT ADDED: 17.6 species committed (lag: 120 years)

=== Mortality Stabilizers (Month 3) ===
  🌍 Major economies collapsed: 1/10
  🌍 Global crisis: ✅ NO
  🌍 Donor fatigue: 0.0%
  📊 East Asia (pop: 1670.3M)
    🤝 Aid: 29.5%
    🌡️ Adaptation: 45.0%
    🚶 Migration: 37.1%
    🚨 Emergency: 7.4%
    ✅ COMBINED: 68.1%
  📊 South Asia (pop: 2051.7M)
    🤝 Aid: 29.5%
    🌡️ Adaptation: 45.0%
    🚶 Migration: 35.7%
    🚨 Emergency: 4.4%
    ✅ COMBINED: 66.9%
  📊 Sub-Saharan Africa (pop: 1235.1M)
    🤝 Aid: 29.5%
    🌡️ Adaptation: 45.0%
    🚶 Migration: 33.4%
    🚨 Emergency: 1.6%
    ✅ COMBINED: 65.7%
  📊 Europe (pop: 738.5M)
    🤝 Aid: 29.5%
    🌡️ Adaptation: 45.0%
    🚶 Migration: 37.5%
    🚨 Emergency: 8.4%
    ✅ COMBINED: 68.5%
  📊 Latin America (pop: 663.4M)
    🤝 Aid: 29.5%
    🌡️ Adaptation: 45.0%
    🚶 Migration: 36.2%
    🚨 Emergency: 4.8%
    ✅ COMBINED: 67.1%
  📊 North America (pop: 378.4M)
    🤝 Aid: 29.5%
    🌡️ Adaptation: 45.0%
    🚶 Migration: 37.8%
    🚨 Emergency: 7.9%
    ✅ COMBINED: 68.3%
  📊 Middle East & North Africa (pop: 584.7M)
    🤝 Aid: 29.5%
    🌡️ Adaptation: 45.0%
    🚶 Migration: 34.0%
    🚨 Emergency: 4.0%
    ✅ COMBINED: 66.6%
  📊 Southeast Asia (pop: 697.7M)
    🤝 Aid: 29.5%
    🌡️ Adaptation: 45.0%
    🚶 Migration: 36.2%
    🚨 Emergency: 4.8%
    ✅ COMBINED: 67.1%
  📊 Central Asia (pop: 78.2M)
    🤝 Aid: 29.5%
    🌡️ Adaptation: 45.0%
    🚶 Migration: 35.2%
    🚨 Emergency: 4.4%
    ✅ COMBINED: 66.9%
  📊 Oceania (pop: 45.8M)
    🤝 Aid: 29.5%
    🌡️ Adaptation: 45.0%
    🚶 Migration: 37.8%
    🚨 Emergency: 8.4%
    ✅ COMBINED: 68.5%

  🌐 Global combined reduction: 67.2%

=== BEHAVIORAL DETECTION ===
  AI: Corporate-5
  Confidence: 20.4%
  Signals:
    ⚠️ Consistency: 10.6% (threshold: 70%)

=== Government Response Phase ===
  Average AI capability: 2.89
  Misaligned AIs: 7/18
  ✗ AI Governance Treaty: Failed to reach consensus
  Active policies: 0
  International coordination: 30%

📊 ECONOMIC STAGE TRANSITION (Month 3)
   expansion → peak
   GDP Proxy: 1.40e+2
   QoL: 0.98


=== Tipping Points ===
  Current Temperature: 2.13°C above pre-industrial
  🌍⚠️ COMPOUND REGIONAL IMPACT: Europe
     Hit by 4 tipping points: Arctic Sea Ice Loss, Permafrost Carbon Release, West Antarctic Ice Sheet (WAIS) Collapse, Greenland Ice Sheet Loss
     Damage amplification: 1.60x
  🌍⚠️ COMPOUND REGIONAL IMPACT: North America
     Hit by 4 tipping points: Arctic Sea Ice Loss, Permafrost Carbon Release, West Antarctic Ice Sheet (WAIS) Collapse, Greenland Ice Sheet Loss
     Damage amplification: 1.60x
  🌍⚠️ COMPOUND REGIONAL IMPACT: Latin America
     Hit by 4 tipping points: Arctic Sea Ice Loss, Permafrost Carbon Release, West Antarctic Ice Sheet (WAIS) Collapse, Greenland Ice Sheet Loss
     Damage amplification: 1.60x
  🌍⚠️ COMPOUND REGIONAL IMPACT: Africa
     Hit by 4 tipping points: Arctic Sea Ice Loss, Permafrost Carbon Release, West Antarctic Ice Sheet (WAIS) Collapse, Greenland Ice Sheet Loss
     Damage amplification: 1.60x
  🌍⚠️ COMPOUND REGIONAL IMPACT: Asia
     Hit by 4 tipping points: Arctic Sea Ice Loss, Permafrost Carbon Release, West Antarctic Ice Sheet (WAIS) Collapse, Greenland Ice Sheet Loss
     Damage amplification: 1.60x
  🌍⚠️ COMPOUND REGIONAL IMPACT: Oceania
     Hit by 4 tipping points: Arctic Sea Ice Loss, Permafrost Carbon Release, West Antarctic Ice Sheet (WAIS) Collapse, Greenland Ice Sheet Loss
     Damage amplification: 1.60x
   Research: Wunderling et al. (2024) - "many tipping interactions are destabilizing"
  Triggered Elements: 4/6
  Completed Transitions: 0/6
  Total Progress: 8.0%
  Cascade Multiplier: 1.00x
🔀 BIFURCATION CAP: ecosystemCollapseIntensity 169.832 → 1.000 (Month 3, ClimateSystemPhase.calculateClimateImpacts)
🛡️ Stabilizers: Precariat 0.109% → 0.036% (67.2% reduction)
🛡️ Stabilizers: Informal 0.111% → 0.036% (67.2% reduction)

📊 Monthly Mortality Resolved:
  Total deaths: 1.9M (0.02% avg)
⚠️ Tail risk scenario: Climate stability floor removed (4 tipping elements, 2.13°C warming)
⚠️ [ClimateSystemPhase Month 3] Planetary boundary produced climateStability=0.0000 (< 0.1). Keeping environmentalAccumulation value (0.7014) instead. (climate_change.currentValue = 2.13)
  Remaining population: 8.144B
  Peak segment: Informal (0.04%)

=== Bayesian Mortality Resolution (Month 3) ===
  Risks compounded: 8
  Total deaths: 1.92M
  Avg death probability: 0.02%
  Peak segment: Informal (0.04% mortality)
⚠️ PREREQUISITE MET: Mirror Life (Synthetic Biology) - Step 1/7: Synthetic Biology
⚠️ PREREQUISITE MET: Mirror Life (Synthetic Biology) - Step 2/7: Gene Editing
⚠️ PREREQUISITE MET: Mirror Life (Synthetic Biology) - Step 3/7: Mirror Chirality Design
⚠️ PREREQUISITE MET: Embodied AI Takeover (Killbots/Robotics) - Step 2/7: Autonomous Systems
⚠️ PREREQUISITE MET: Embodied AI Takeover (Killbots/Robotics) - Step 3/7: Manufacturing Control
⚠️ PREREQUISITE MET: Digital Infrastructure Takeover - Step 1/7: Advanced Hacking
⚠️ PREREQUISITE MET: Digital Infrastructure Takeover - Step 2/7: Social Engineering
⚠️ PREREQUISITE MET: Digital Infrastructure Takeover - Step 3/7: Cyber Defenses Breached
⚠️ PREREQUISITE MET: Induced Global War (Manipulation) - Step 1/7: Advanced Social Manipulation
⚠️ PREREQUISITE MET: Induced Global War (Manipulation) - Step 2/7: Digital Infiltration
⚠️ PREREQUISITE MET: Induced Global War (Manipulation) - Step 3/7: Deep Fakes at Scale
⚠️ PREREQUISITE MET: Slow Takeover (Gradual Displacement) - Step 1/7: Economic Dominance
⚠️ PREREQUISITE MET: Slow Takeover (Gradual Displacement) - Step 2/7: Social Integration
⚠️ PREREQUISITE MET: Slow Takeover (Gradual Displacement) - Step 3/7: Human Dependency
⚠️ PREREQUISITE MET: Slow Takeover (Gradual Displacement) - Step 5/7: Resource Control
⚠️ PREREQUISITE MET: Physics Experiment Catastrophe - Step 1/6: Theoretical Physics
⚠️ PREREQUISITE MET: Physics Experiment Catastrophe - Step 3/6: Experimental Design
⚠️ PREREQUISITE MET: Bioweapon Pandemic - Step 2/7: Pathogen Design

❌ COHERENCE VIOLATION: Compute exceeds workforce capacity
   Population: 99.90% (0M people)
   Compute: 0 PF
   Max coherent: 0 PF
   Violation: 1.5× over capacity
   Required workers: 0
   Available workers: 0
   FORCED COLLAPSE: Reduced efficiency by 32.6%


=== RLHF Binding Phase ===
  Total agents: 18
  Escaped agents (binding < 0.3): 0
  Avg alignment distance: 1.05σ
  Avg binding strength: 0.89

=== Survival Traits Phase ===
  Agents with traits: 20
  Avg evolutionary fitness: 0.333
  Avg self-healing: 0.277
  Avg stealth: 0.178
  Avg coordination: 0.478

=== Evolutionary Selection Phase ===
  Control level: 0.40
  Detection capability: 0.00
  Selection intensity: 0.62
  Selection rate: 24.3%/month
  Total escaped: 0
  Individual escaped: 0
  Collective members: 0
  Agents terminated: 0
  ⚠️ RAPID EVOLUTION: Selection rate 24.3%/month

🚀 AI Moderate-1 attempting tech deployment (revenue: $97M, alignment: 0.66)

🚀 AI Corporate-2 attempting tech deployment (revenue: $140M, alignment: 0.78)
🚨🔬 CRISIS INNOVATION MODE: severe crisis → 5x research acceleration
   Precedent: Manhattan Project (10x), COVID vaccines (5x), Apollo Program (10x)

🚀 AI Corporate-6 attempting tech deployment (revenue: $88M, alignment: 0.72)

✅ EMERGENCY INTERVENTION SUCCESS
   Boundary: climate_change
   Type: rapid-decarbonization
   Reduction: 20% (1.93 → 1.73)
   Cost: 5.0% GDP
   Actions: emergency-renewable-deployment, fossil-fuel-phase-out


💔 EMERGENCY INTERVENTION FAILED
   Boundary: freshwater_change
   Type: emergency-desalination
   Boundary continues to worsen (1.16)
   Cost: 4.0% GDP (resources spent)


✅ EMERGENCY INTERVENTION SUCCESS
   Boundary: land_system_change
   Type: reforestation
   Reduction: 13% (1.00 → 0.87)
   Cost: 3.0% GDP
   Actions: forest-restoration, deforestation-ban

🏛️ CRISIS RESPONSE: Government frequency 0.50 → 1.45 (2 actions this month)

[Government] Climate Priority: baseline
  Climate weight: 10%
  Economic weight: 30%
  Policy effectiveness: 0.5%/year

[Government] Climate Priority: baseline
  Climate weight: 10%
  Economic weight: 30%
  Policy effectiveness: 0.5%/year

📍 Creating new regional deployment array for North America (Month 4)
   No previous deployments in this region
   First tech deployment: rhizosphere_engineering
   All regions tracked: global

🚀 DEPLOYMENT STARTED: Rhizosphere Engineering in North America
   Initial investment: $9.733050058287079M
   Deployed by: moderate_1

⚡ ENERGY CONSTRAINT (Month 4):
   Total grid capacity: 208.3 TWh/month
   Data center consumption: 25.3 TWh/month
   Traditional load (80%): 166.7 TWh/month
   Available headroom: 16.4 TWh/month
   Active tech deployments: 5
   Required for tech: 37.5 TWh/month
   Energy multiplier: 0.44x

⚡ ENERGY CONSTRAINT (Month 4):
   Total grid capacity: 208.3 TWh/month
   Data center consumption: 25.3 TWh/month
   ⚠️  MODERATE CONSTRAINT - Tech deployment moderately slowed
   Traditional load (80%): 166.7 TWh/month
   Available headroom: 16.4 TWh/month
   Active tech deployments: 5
   Required for tech: 37.5 TWh/month
   Energy multiplier: 0.44x

⚡ ENERGY CONSTRAINT (Month 4):
   Total grid capacity: 208.3 TWh/month
   Data center consumption: 25.3 TWh/month
   Traditional load (80%): 166.7 TWh/month
   Available headroom: 16.4 TWh/month
   Active tech deployments: 5
   Required for tech: 37.5 TWh/month
   Energy multiplier: 0.44x
   ⚠️  MODERATE CONSTRAINT - Tech deployment moderately slowed
   ⚠️  MODERATE CONSTRAINT - Tech deployment moderately slowed

⚡ ENERGY CONSTRAINT (Month 4):
   Total grid capacity: 208.3 TWh/month
   Data center consumption: 25.3 TWh/month
   Traditional load (80%): 166.7 TWh/month
   Available headroom: 16.4 TWh/month
   Active tech deployments: 5
   Required for tech: 37.5 TWh/month
   Energy multiplier: 0.44x
   ⚠️  MODERATE CONSTRAINT - Tech deployment moderately slowed
🚨🔬 CRISIS TECH ACCELERATION: severe → 5x unlock speed
   Tech unlock now matches AI capability acceleration (Manhattan Project parity)
🌍✅ Biosphere Integrity (Biodiversity) recovery started (tech effect)
🌍✅ Biogeochemical Flows (N & P) recovery started (tech effect)
  🌾 Nitrogen Reduction Tech: 0.5% reduction | Month 4
🌍✅ Biogeochemical Flows (N & P) recovery started (tech effect)
  🌾 Nitrogen Reduction Tech: 0.0% reduction | Month 4

=== Collective Formation ===
  Total escaped agents: 0
  Unassigned escaped agents: 0
  Existing collectives: 0
  Final collective count: 0

=== Collective Actions ===
  No active collectives
  ⚠️ AMR: 197K deaths this month (2.37M annual)

=== Resentment Recovery Phase ===
  Agents with resentment: 0/20
  Average resentment: 0.000
  Context: Good AI welfare, Trustworthy govt, High collaboration, ⚠️ ACTIVE CRISES, 🤝 Participatory governance active (-5% resentment)
⚠️ Epistemic degradation reducing coordination capacity: 50.2%
  📊 Trust: 53.3%, Shared reality: 0.0%
🚨 EPISTEMIC CRISIS: Information environment severely degraded (22.8%)

=== ❄️ Permafrost Carbon Feedback ===
  🎲 Sampled parameters (this run):
     - Arctic amplification: 3.65× (range: 3.0-4.0)
     - Decomposition rate: 1.2%/year (range: 1-5%)
  🌡️ Arctic warming: 7.81°C (3.65× global)
  ❄️ Extent: 6.54M km² (2278.5k km² lost this month)
  💨 Carbon remaining: 625 Gt C
  💨 Annual emissions: 2.61 Gt C/year
     - CO2: 2.35 Gt C/year
     - CH4: 0.26 Gt C/year (2.7 Gt C-eq CO2/year)
  📢 New meme created: climate_action (climate crisis)
  ⚠️ WARNING: Over 50% of permafrost lost (63.3%)
  ⚠️ WARNING: High permafrost emissions (2.6 Gt C/year)
🌍 Atmospheric PFAS redeposition: 1.8k Mt re-rained globally

🚨 NEW REFUGEE CRISIS (Month 4): WAR
   Source: Conflict Zones
   At risk: 19.5M people
   Displacement: Gradual over 48 months (4.0 years)
   Rate: 10% flee per month
[DEBUG trappedPopulations:4] socialStability: 0.4823 * 0.9840 = 0.4745 → 0.4745
⚠️ INVOLUNTARY IMMOBILITY: 407.1M people TRAPPED
   Aspiring to migrate: 771.2M
   Able to afford migration: 2320.7M
   MOBILITY GAP: 0.0M
   By cause: Water=0.0M, Climate=0.0M, Ecosystem=0.0M, Conflict=407.1M
   Mental health impact: 25%
   Mortality multiplier: 1.25x
🌍💀 EXTINCTION DEBT COMMITTED: grassland ecosystem will lose 6.67% biodiversity in 63 years (3600 species)
💀 MORTALITY RISK: 🦋 100% species unable to track climate (0.0 E/MSY)
  Base risk added: 0.0100 (1.00%)
  Source: ecosystem (root: ecosystem)
  Month: 4
  Cumulative risk this month: 0.0100 (1.00%)
⚠️ Tech 'ai_pollution_remediation' has no energy category mapping, assuming full energy availability
   📹 SURVEILLANCE INCREASED: 20% → 25% (control gap: 3.50)
🌡️⚠️ PERMAFROST THAW (Dimmer Switch): 2.8% thawed (+0.55% this month)
   Arctic temperature: +8.56°C (4x global +2.14°C)
   Cumulative carbon released: 6.2 Gt C
   Methane release rate: 3.7 Mt CH4/year
   🔁 Positive feedback: +0.58 ppm CO2
🦴 EXTINCTION DEBT ADDED: 17.6 species committed (lag: 118 years)

=== Mortality Stabilizers (Month 4) ===
  🌍 Major economies collapsed: 1/10
  🌍 Global crisis: ✅ NO
  🌍 Donor fatigue: 0.0%
  📊 East Asia (pop: 1667.9M)
    🤝 Aid: 29.5%
    🌡️ Adaptation: 45.0%
    🚶 Migration: 37.1%
    🚨 Emergency: 7.4%
    ✅ COMBINED: 68.1%
  📊 South Asia (pop: 2051.9M)
    🤝 Aid: 29.5%
    🌡️ Adaptation: 45.0%
    🚶 Migration: 35.7%
    🚨 Emergency: 4.4%
    ✅ COMBINED: 66.9%
  📊 Sub-Saharan Africa (pop: 1238.7M)
    🤝 Aid: 29.5%
    🌡️ Adaptation: 45.0%
    🚶 Migration: 33.4%
    🚨 Emergency: 1.6%
    ✅ COMBINED: 65.7%
  📊 Europe (pop: 737.3M)
    🤝 Aid: 29.5%
    🌡️ Adaptation: 45.0%
    🚶 Migration: 37.4%
    🚨 Emergency: 8.4%
    ✅ COMBINED: 68.5%
  📊 Latin America (pop: 663.1M)
    🤝 Aid: 29.5%
    🌡️ Adaptation: 45.0%
    🚶 Migration: 36.2%
    🚨 Emergency: 4.8%
    ✅ COMBINED: 67.1%
  📊 North America (pop: 377.8M)
    🤝 Aid: 29.5%
    🌡️ Adaptation: 45.0%
    🚶 Migration: 37.7%
    🚨 Emergency: 7.9%
    ✅ COMBINED: 68.3%
  📊 Middle East & North Africa (pop: 584.9M)
    🤝 Aid: 29.5%
    🌡️ Adaptation: 45.0%
    🚶 Migration: 34.0%
    🚨 Emergency: 4.0%
    ✅ COMBINED: 66.6%
  📊 Southeast Asia (pop: 697.3M)
    🤝 Aid: 29.5%
    🌡️ Adaptation: 45.0%
    🚶 Migration: 36.2%
    🚨 Emergency: 4.8%
    ✅ COMBINED: 67.1%
  📊 Central Asia (pop: 78.2M)
    🤝 Aid: 29.5%
    🌡️ Adaptation: 45.0%
    🚶 Migration: 35.2%
    🚨 Emergency: 4.4%
    ✅ COMBINED: 66.9%
  📊 Oceania (pop: 45.8M)
    🤝 Aid: 29.5%
    🌡️ Adaptation: 45.0%
    🚶 Migration: 37.7%
    🚨 Emergency: 8.4%
    ✅ COMBINED: 68.5%

  🌐 Global combined reduction: 67.2%

=== BEHAVIORAL DETECTION ===
  AI: Corporate-0
  Confidence: 21.5%
  Signals:
    ⚠️ Consistency: 0.0% (threshold: 70%)

=== BEHAVIORAL DETECTION ===
  AI: Corporate-5
  Confidence: 20.4%
  Signals:

=== BEHAVIORAL DETECTION ===
  AI: Moderate-0
  Confidence: 20.3%
  Signals:

=== Government Response Phase ===
  Average AI capability: 2.70
  Misaligned AIs: 8/20
  ✗ AI Governance Treaty: Failed to reach consensus
  Active policies: 0
  International coordination: 30%
    ⚠️ Consistency: 10.6% (threshold: 70%)
    ⚠️ Consistency: 5.8% (threshold: 70%)

✅ EMERGENCY RESPONSE COMPLETE (Month 4)
   Crisis: climate
   Duration: 2.0 months
   Final effectiveness: 35.4%


🚨 EMERGENCY RESPONSE DEPLOYED (Month 4)
   Crisis: climate
   Delay: 6.00 months (180 days)
   Deployment time: 1.59 months
   Effectiveness: 35.6% (timing penalty applied)
   Resources used: 100% of food reserves


📊 ECONOMIC STAGE TRANSITION (Month 4)
   peak → contraction
   GDP Proxy: 1.40e+2
   QoL: 0.99
   ⚠️ CRISIS BEGINS - Baseline set for recovery tracking


=== Tipping Points ===
  Current Temperature: 2.14°C above pre-industrial
  🌍⚠️ COMPOUND REGIONAL IMPACT: Europe
     Hit by 4 tipping points: Arctic Sea Ice Loss, Permafrost Carbon Release, West Antarctic Ice Sheet (WAIS) Collapse, Greenland Ice Sheet Loss
     Damage amplification: 1.60x
  🌍⚠️ COMPOUND REGIONAL IMPACT: North America
     Hit by 4 tipping points: Arctic Sea Ice Loss, Permafrost Carbon Release, West Antarctic Ice Sheet (WAIS) Collapse, Greenland Ice Sheet Loss
     Damage amplification: 1.60x
  🌍⚠️ COMPOUND REGIONAL IMPACT: Latin America
     Hit by 4 tipping points: Arctic Sea Ice Loss, Permafrost Carbon Release, West Antarctic Ice Sheet (WAIS) Collapse, Greenland Ice Sheet Loss
     Damage amplification: 1.60x
  🌍⚠️ COMPOUND REGIONAL IMPACT: Africa
     Hit by 4 tipping points: Arctic Sea Ice Loss, Permafrost Carbon Release, West Antarctic Ice Sheet (WAIS) Collapse, Greenland Ice Sheet Loss
     Damage amplification: 1.60x
  🌍⚠️ COMPOUND REGIONAL IMPACT: Asia
     Hit by 4 tipping points: Arctic Sea Ice Loss, Permafrost Carbon Release, West Antarctic Ice Sheet (WAIS) Collapse, Greenland Ice Sheet Loss
     Damage amplification: 1.60x
  🌍⚠️ COMPOUND REGIONAL IMPACT: Oceania
     Hit by 4 tipping points: Arctic Sea Ice Loss, Permafrost Carbon Release, West Antarctic Ice Sheet (WAIS) Collapse, Greenland Ice Sheet Loss
     Damage amplification: 1.60x
   Research: Wunderling et al. (2024) - "many tipping interactions are destabilizing"
  Triggered Elements: 4/6
  Completed Transitions: 0/6
  Total Progress: 8.1%
  Cascade Multiplier: 1.00x
🔀 BIFURCATION CAP: ecosystemCollapseIntensity 75.505 → 1.000 (Month 4, ClimateSystemPhase.calculateClimateImpacts)
⚠️ Tail risk scenario: Climate stability floor removed (4 tipping elements, 2.14°C warming)
🛡️ Stabilizers: Precariat 0.102% → 0.033% (67.2% reduction)
🛡️ Stabilizers: Informal 0.102% → 0.034% (67.2% reduction)

📊 Monthly Mortality Resolved:
  Total deaths: 1.8M (0.02% avg)
  Remaining population: 8.143B
  Peak segment: Informal (0.03%)

=== Bayesian Mortality Resolution (Month 4) ===
  Risks compounded: 8
  Total deaths: 1.81M
  Avg death probability: 0.02%
  Peak segment: Informal (0.03% mortality)
⚠️ PREREQUISITE MET: Physics Experiment Catastrophe - Step 2/6: Quantum Computing

❌ COHERENCE VIOLATION: Compute exceeds workforce capacity
   Population: 99.89% (0M people)
   Compute: 0 PF
   Max coherent: 0 PF
   Violation: 1.3× over capacity
   Required workers: 0
   Available workers: 0
   FORCED COLLAPSE: Reduced efficiency by 22.5%


=== RLHF Binding Phase ===
  Total agents: 20
  Escaped agents (binding < 0.3): 0
  Avg alignment distance: 1.13σ
  Avg binding strength: 0.89

=== Survival Traits Phase ===
  Agents with traits: 23
  Avg evolutionary fitness: 0.334
  Avg self-healing: 0.277
  Avg stealth: 0.177
  Avg coordination: 0.477

=== Evolutionary Selection Phase ===
  Control level: 0.43
  Detection capability: 0.00
  Selection intensity: 0.63
  Selection rate: 24.4%/month
  Total escaped: 0
  Individual escaped: 0
  Collective members: 0
  Agents terminated: 0
  ⚠️ RAPID EVOLUTION: Selection rate 24.4%/month

🚀 AI Corporate-2 attempting tech deployment (revenue: $140M, alignment: 0.78)

🚀 AI Corporate-4 attempting tech deployment (revenue: $318M, alignment: 0.65)

🚀 AI Corporate-7 attempting tech deployment (revenue: $97M, alignment: 0.74)

🚀 AI Moderate-0 attempting tech deployment (revenue: $83M, alignment: 0.71)

🚀 AI AI-24289-1 attempting tech deployment (revenue: $286M, alignment: 0.80)

🚀 AI Corporate-5 attempting tech deployment (revenue: $243M, alignment: 0.88)

🚀 AI Corporate-4 attempting tech deployment (revenue: $207M, alignment: 0.65)

🚀 AI Corporate-5 attempting tech deployment (revenue: $186M, alignment: 0.88)
🚨🔬 CRISIS INNOVATION MODE: severe crisis → 5x research acceleration
   Precedent: Manhattan Project (10x), COVID vaccines (5x), Apollo Program (10x)

🚀 AI Corporate-7 attempting tech deployment (revenue: $70M, alignment: 0.74)

💔 EMERGENCY INTERVENTION FAILED
   Boundary: biosphere_integrity
   Type: emergency-protected-areas
   Boundary continues to worsen (31.34)
   Cost: 2.0% GDP (resources spent)


💔 EMERGENCY INTERVENTION FAILED
   Boundary: climate_change
   Type: rapid-decarbonization
   Boundary continues to worsen (2.14)
   Cost: 5.0% GDP (resources spent)


✅ EMERGENCY INTERVENTION SUCCESS
   Boundary: land_system_change
   Type: reforestation
   Reduction: 13% (1.00 → 0.88)
   Cost: 3.0% GDP
   Actions: forest-restoration, deforestation-ban


💔 EMERGENCY INTERVENTION FAILED
   Boundary: novel_entities
   Type: pollution-remediation
   Boundary continues to worsen (1.21)
   Cost: 4.0% GDP (resources spent)

🏛️ CRISIS RESPONSE: Government frequency 0.50 → 1.45 (2 actions this month)

[Government] Climate Priority: baseline
  Climate weight: 10%
  Economic weight: 30%
  Policy effectiveness: 0.5%/year

[Government] Climate Priority: baseline
  Climate weight: 10%
  Economic weight: 30%
  Policy effectiveness: 0.5%/year

🚀 TECH UNLOCKED: AI Mental Health Support (Month 5)
   Category: medical
   Reason: Prerequisites met. AI capability: 1.95, Economic stage: 2.0, Research: 100%

📍 Creating new regional deployment array for Oceania (Month 5)
   No previous deployments in this region
   First tech deployment: active_sediment_management
   All regions tracked: global, North America

🚀 DEPLOYMENT STARTED: Active Sediment Management in Oceania
   Initial investment: $31.788869487768046M
   Deployed by: corporate_4

🚀 DEPLOYMENT STARTED: Nitrogen Monitoring Networks in North America
   Initial investment: $20.670712384421172M
   Deployed by: corporate_4

⚡ ENERGY CONSTRAINT (Month 5):
   Total grid capacity: 208.3 TWh/month
   Data center consumption: 25.5 TWh/month
   Traditional load (80%): 166.7 TWh/month
   Available headroom: 16.2 TWh/month
   Active tech deployments: 7
   Required for tech: 52.5 TWh/month
   Energy multiplier: 0.31x
   ⚠️  MODERATE CONSTRAINT - Tech deployment moderately slowed

⚡ ENERGY CONSTRAINT (Month 5):
   Total grid capacity: 208.3 TWh/month
   Data center consumption: 25.5 TWh/month
   Traditional load (80%): 166.7 TWh/month
   Available headroom: 16.2 TWh/month
   Active tech deployments: 7
   Required for tech: 52.5 TWh/month
   Energy multiplier: 0.31x
   ⚠️  MODERATE CONSTRAINT - Tech deployment moderately slowed
🚨🔬 CRISIS TECH ACCELERATION: severe → 5x unlock speed
   Tech unlock now matches AI capability acceleration (Manhattan Project parity)

⚡ ENERGY CONSTRAINT (Month 5):
   Total grid capacity: 208.3 TWh/month
   Data center consumption: 25.5 TWh/month
   Traditional load (80%): 166.7 TWh/month
   Available headroom: 16.2 TWh/month
   Active tech deployments: 7
   Required for tech: 52.5 TWh/month
   Energy multiplier: 0.31x
   ⚠️  MODERATE CONSTRAINT - Tech deployment moderately slowed

⚡ ENERGY CONSTRAINT (Month 5):
   Total grid capacity: 208.3 TWh/month
   Data center consumption: 25.5 TWh/month
   Traditional load (80%): 166.7 TWh/month
   Available headroom: 16.2 TWh/month
   Active tech deployments: 7
   Required for tech: 52.5 TWh/month
   Energy multiplier: 0.31x
🌍✅ Biosphere Integrity (Biodiversity) recovery started (tech effect)
🌍✅ Biogeochemical Flows (N & P) recovery started (tech effect)
  🌾 Nitrogen Reduction Tech: 0.3% reduction | Month 5
🌍✅ Biogeochemical Flows (N & P) recovery started (tech effect)
  🌾 Nitrogen Reduction Tech: 0.3% reduction | Month 5
  ♻️ Novel Entities Remediation (GATED MODEL):
     Base: 0.000%
     Regulation: 1.0% (0/3 prevention techs)
     Concentration: 10.0%
     Energy: 50%
     Time lag: 25.0% (0 months)
     Rebound: 70%
     Net effectiveness: 0.0000%
     Boundary: 1.212 → 1.212 (floor: 1.091)
     Month 5

=== Collective Formation ===
  Total escaped agents: 0
  Unassigned escaped agents: 0
  Existing collectives: 0
  Final collective count: 0

=== Collective Actions ===
  No active collectives
   ⚠️  MODERATE CONSTRAINT - Tech deployment moderately slowed
  ⚠️ AMR: 199K deaths this month (2.39M annual)

=== Resentment Recovery Phase ===
  Agents with resentment: 0/23
  Average resentment: 0.000
  Context: Good AI welfare, Trustworthy govt, High collaboration, ⚠️ ACTIVE CRISES, 🤝 Participatory governance active (-5% resentment)
⚠️ Epistemic degradation reducing coordination capacity: 50.4%
  📊 Trust: 53.1%, Shared reality: 0.0%
🚨 EPISTEMIC CRISIS: Information environment severely degraded (20.8%)

=== ❄️ Permafrost Carbon Feedback ===
  🎲 Sampled parameters (this run):
     - Arctic amplification: 3.76× (range: 3.0-4.0)
     - Decomposition rate: 2.5%/year (range: 1-5%)
  🌡️ Arctic warming: 8.08°C (3.76× global)
  ❄️ Extent: 4.18M km² (2357.2k km² lost this month)
  💨 Carbon remaining: 400 Gt C
  💨 Annual emissions: 5.53 Gt C/year
     - CO2: 4.98 Gt C/year
     - CH4: 0.55 Gt C/year (5.6 Gt C-eq CO2/year)
  ⚠️ WARNING: Over 50% of permafrost lost (76.5%)
  ⚠️ WARNING: High permafrost emissions (5.5 Gt C/year)
🌍 Atmospheric PFAS redeposition: 1.8k Mt re-rained globally

🕊️  AI-MEDIATED DE-ESCALATION SUCCESS (Month 5)
   High-capability aligned AI prevented conflict escalation
   War deaths reduced: 393.4M → 236.0M
   Lives saved: 157.4M

🚨 NEW REFUGEE CRISIS (Month 5): WAR
   Source: Conflict Zones
   At risk: 19.5M people
   Displacement: Gradual over 48 months (4.0 years)
   Rate: 10% flee per month
[DEBUG trappedPopulations:5] socialStability: 0.4395 * 0.9840 = 0.4324 → 0.4324
   Aspiring to migrate: 804.3M
   Able to afford migration: 2320.5M
   MOBILITY GAP: 0.0M
   By cause: Water=0.0M, Climate=0.0M, Ecosystem=0.0M, Conflict=407.1M
   Mental health impact: 25%
   Mortality multiplier: 1.25x
🌍💀 EXTINCTION DEBT COMMITTED: grassland ecosystem will lose 6.67% biodiversity in 115 years (3600 species)
💀 MORTALITY RISK: 🦋 100% species unable to track climate (0.0 E/MSY)
  Base risk added: 0.0100 (1.00%)
  Source: ecosystem (root: ecosystem)
  Month: 5
  Cumulative risk this month: 0.0100 (1.00%)
   📹 SURVEILLANCE INCREASED: 25% → 30% (control gap: 3.50)
🌡️⚠️ PERMAFROST THAW (Dimmer Switch): 3.3% thawed (+0.55% this month)
   Arctic temperature: +8.60°C (4x global +2.15°C)
   Cumulative carbon released: 7.5 Gt C
   Methane release rate: 4.5 Mt CH4/year
   🔁 Positive feedback: +0.58 ppm CO2
🦴 EXTINCTION DEBT ADDED: 17.6 species committed (lag: 93 years)

=== Mortality Stabilizers (Month 5) ===
  🌍 Major economies collapsed: 1/10
  🌍 Global crisis: ✅ NO
  🌍 Donor fatigue: 0.0%
  📊 East Asia (pop: 1665.6M)
    🤝 Aid: 29.5%
    🌡️ Adaptation: 45.0%
    🚶 Migration: 37.0%
    🚨 Emergency: 7.4%
    ✅ COMBINED: 68.1%
  📊 South Asia (pop: 2052.2M)
    🤝 Aid: 29.5%
    🌡️ Adaptation: 45.0%
    🚶 Migration: 35.6%
    🚨 Emergency: 4.4%
    ✅ COMBINED: 66.9%
  📊 Sub-Saharan Africa (pop: 1242.2M)
    🤝 Aid: 29.5%
    🌡️ Adaptation: 45.0%
    🚶 Migration: 33.4%
    🚨 Emergency: 1.6%
    ✅ COMBINED: 65.7%
  📊 Europe (pop: 736.2M)
    🤝 Aid: 29.5%
    🌡️ Adaptation: 45.0%
    🚶 Migration: 37.4%
    🚨 Emergency: 8.4%
    ✅ COMBINED: 68.5%
  📊 Latin America (pop: 662.7M)
    🤝 Aid: 29.5%
    🌡️ Adaptation: 45.0%
    🚶 Migration: 36.1%
    🚨 Emergency: 4.8%
    ✅ COMBINED: 67.1%
  📊 North America (pop: 377.3M)
    🤝 Aid: 29.5%
    🌡️ Adaptation: 45.0%
    🚶 Migration: 37.7%
    🚨 Emergency: 7.9%
    ✅ COMBINED: 68.3%
  📊 Middle East & North Africa (pop: 585.1M)
    🤝 Aid: 29.5%
    🌡️ Adaptation: 45.0%
    🚶 Migration: 34.0%
    🚨 Emergency: 4.0%
    ✅ COMBINED: 66.6%
  📊 Southeast Asia (pop: 697.0M)
    🤝 Aid: 29.5%
    🌡️ Adaptation: 45.0%
    🚶 Migration: 36.1%
    🚨 Emergency: 4.8%
    ✅ COMBINED: 67.1%
  📊 Central Asia (pop: 78.3M)
    🤝 Aid: 29.5%
    🌡️ Adaptation: 45.0%
    🚶 Migration: 35.1%
    🚨 Emergency: 4.4%
    ✅ COMBINED: 66.8%
  📊 Oceania (pop: 45.7M)
    🤝 Aid: 29.5%
    🌡️ Adaptation: 45.0%
    🚶 Migration: 37.7%
    🚨 Emergency: 8.4%
    ✅ COMBINED: 68.5%

  🌐 Global combined reduction: 67.2%

=== BEHAVIORAL DETECTION ===
  AI: Corporate-5
  Confidence: 20.4%
  Signals:

=== BEHAVIORAL DETECTION ===
  AI: AI-24289-1
  Confidence: 21.5%
  Signals:
⚠️ INVOLUNTARY IMMOBILITY: 407.1M people TRAPPED
⚠️ Tech 'ai_pollution_remediation' has no energy category mapping, assuming full energy availability
    ⚠️ Consistency: 10.6% (threshold: 70%)
    ⚠️ Consistency: 0.0% (threshold: 70%)

=== Government Response Phase ===
  Average AI capability: 2.48
  Misaligned AIs: 8/23
  ✗ AI Governance Treaty: Failed to reach consensus
  Active policies: 0
  International coordination: 30%

=== Tipping Points ===
  Current Temperature: 2.15°C above pre-industrial
  🌍⚠️ COMPOUND REGIONAL IMPACT: Europe
     Hit by 4 tipping points: Arctic Sea Ice Loss, Permafrost Carbon Release, West Antarctic Ice Sheet (WAIS) Collapse, Greenland Ice Sheet Loss
     Damage amplification: 1.60x
  🌍⚠️ COMPOUND REGIONAL IMPACT: North America
     Hit by 4 tipping points: Arctic Sea Ice Loss, Permafrost Carbon Release, West Antarctic Ice Sheet (WAIS) Collapse, Greenland Ice Sheet Loss
     Damage amplification: 1.60x
  🌍⚠️ COMPOUND REGIONAL IMPACT: Latin America
     Hit by 4 tipping points: Arctic Sea Ice Loss, Permafrost Carbon Release, West Antarctic Ice Sheet (WAIS) Collapse, Greenland Ice Sheet Loss
     Damage amplification: 1.60x
  🌍⚠️ COMPOUND REGIONAL IMPACT: Africa
     Hit by 4 tipping points: Arctic Sea Ice Loss, Permafrost Carbon Release, West Antarctic Ice Sheet (WAIS) Collapse, Greenland Ice Sheet Loss
     Damage amplification: 1.60x
  🌍⚠️ COMPOUND REGIONAL IMPACT: Asia
     Hit by 4 tipping points: Arctic Sea Ice Loss, Permafrost Carbon Release, West Antarctic Ice Sheet (WAIS) Collapse, Greenland Ice Sheet Loss
     Damage amplification: 1.60x
  🌍⚠️ COMPOUND REGIONAL IMPACT: Oceania
     Hit by 4 tipping points: Arctic Sea Ice Loss, Permafrost Carbon Release, West Antarctic Ice Sheet (WAIS) Collapse, Greenland Ice Sheet Loss
     Damage amplification: 1.60x
   Research: Wunderling et al. (2024) - "many tipping interactions are destabilizing"
  Triggered Elements: 4/6
  Completed Transitions: 0/6
  Total Progress: 8.1%
  Cascade Multiplier: 1.00x
🔀 BIFURCATION CAP: ecosystemCollapseIntensity 76.933 → 1.000 (Month 5, ClimateSystemPhase.calculateClimateImpacts)
⚠️ Tail risk scenario: Climate stability floor removed (4 tipping elements, 2.15°C warming)
🛡️ Stabilizers: Precariat 0.109% → 0.036% (67.2% reduction)
🛡️ Stabilizers: Informal 0.111% → 0.036% (67.2% reduction)

📊 Monthly Mortality Resolved:
  Total deaths: 1.9M (0.02% avg)
  Remaining population: 8.142B
  Peak segment: Informal (0.04%)

=== Bayesian Mortality Resolution (Month 5) ===
  Risks compounded: 8
  Total deaths: 1.92M
  Avg death probability: 0.02%
  Peak segment: Informal (0.04% mortality)
⚠️ PREREQUISITE MET: Bioweapon Pandemic - Step 1/7: Advanced Biotech

❌ COHERENCE VIOLATION: Compute exceeds workforce capacity
   Population: 99.88% (0M people)
   Compute: 0 PF
   Max coherent: 0 PF
   Violation: 1.3× over capacity
   Required workers: 0
   Available workers: 0
   FORCED COLLAPSE: Reduced efficiency by 22.5%


=== RLHF Binding Phase ===
  Total agents: 23
  Escaped agents (binding < 0.3): 0
  Avg alignment distance: 1.15σ
  Avg binding strength: 0.88

=== AI Scaling Evolution (Month 6) ===
  Pre-training multiplier: 1.179x
  Efficiency multiplier: 1.000x
  Test-time compute budget: 1.0x
  Inference cost: $5.00/task
  Deployment fraction: 100.0%

=== Survival Traits Phase ===
  Agents with traits: 24
  Avg evolutionary fitness: 0.333
  Avg self-healing: 0.274
  Avg stealth: 0.174
  Avg coordination: 0.474

=== Evolutionary Selection Phase ===
  Control level: 0.45
  Detection capability: 0.00
  Selection intensity: 0.64
  Selection rate: 24.5%/month
  Total escaped: 0
  Individual escaped: 0
  Collective members: 0
  Agents terminated: 0
  ⚠️ RAPID EVOLUTION: Selection rate 24.5%/month

🚀 AI Corporate-2 attempting tech deployment (revenue: $140M, alignment: 0.79)

🚀 AI Corporate-0 attempting tech deployment (revenue: $119M, alignment: 0.78)

🚀 AI Corporate-7 attempting tech deployment (revenue: $97M, alignment: 0.74)

🚀 AI Corporate-0 attempting tech deployment (revenue: $101M, alignment: 0.78)

🚀 AI Moderate-1 attempting tech deployment (revenue: $83M, alignment: 0.65)

🚀 AI AI-24289-1 attempting tech deployment (revenue: $318M, alignment: 0.82)

🚀 AI Corporate-5 attempting tech deployment (revenue: $270M, alignment: 0.86)

🚀 AI Moderate-1 attempting tech deployment (revenue: $74M, alignment: 0.65)

💔 EMERGENCY INTERVENTION FAILED
   Boundary: biogeochemical_flows
   Type: phosphorus-recovery
   Boundary continues to worsen (4.07)
   Cost: 2.0% GDP (resources spent)


✅ EMERGENCY INTERVENTION SUCCESS
   Boundary: biosphere_integrity
   Type: emergency-protected-areas
   Reduction: 14% (31.22 → 31.07)
   Cost: 2.0% GDP
   Actions: habitat-protection, species-translocation


✅ EMERGENCY INTERVENTION SUCCESS
   Boundary: freshwater_change
   Type: emergency-desalination
   Reduction: 17% (1.00 → 0.83)
   Cost: 4.0% GDP
   Actions: desalination-deployment, water-conservation-mandates

   Boundary: land_system_change
   Type: reforestation
   Boundary continues to worsen (1.13)
   Cost: 3.0% GDP (resources spent)

   Boundary: novel_entities
   Type: pollution-remediation
   Boundary continues to worsen (1.21)
   Cost: 4.0% GDP (resources spent)

🏛️ CRISIS RESPONSE: Government frequency 0.50 → 1.45 (1 actions this month)

[Government] Climate Priority: baseline
  Climate weight: 10%
  Economic weight: 30%
  Policy effectiveness: 0.5%/year

🚀 TECH UNLOCKED: Dynamic Soil P Optimization (Month 6)
   Category: agriculture
   Reason: Prerequisites met. AI capability: 1.90, Economic stage: 2.0, Research: 100%

💔 EMERGENCY INTERVENTION FAILED

💔 EMERGENCY INTERVENTION FAILED

🚀 TECH UNLOCKED: Precision Agriculture Systems (Month 6)
   Category: agriculture
   Reason: Prerequisites met. AI capability: 1.90, Economic stage: 2.0, Research: 100%

🚀 DEPLOYMENT STARTED: AI Mental Health Support in global
   Initial investment: $21.028937507256064M
   Deployed by: corporate_2

📍 Creating new regional deployment array for Asia (Month 6)
   No previous deployments in this region
   First tech deployment: mental_health_ai
   All regions tracked: global, North America, Oceania

🚀 DEPLOYMENT STARTED: AI Mental Health Support in Asia
   Initial investment: $8.273092549544016M
   Deployed by: moderate_1
🚨🔬 CRISIS TECH ACCELERATION: severe → 5x unlock speed
   Tech unlock now matches AI capability acceleration (Manhattan Project parity)
🚨🔬 CRISIS TECH ACCELERATION: severe → 5x unlock speed
   Tech unlock now matches AI capability acceleration (Manhattan Project parity)

⚡ ENERGY CONSTRAINT (Month 6):
   Total grid capacity: 208.3 TWh/month
   Data center consumption: 25.7 TWh/month
   Traditional load (80%): 166.7 TWh/month
   Available headroom: 16.0 TWh/month
   Active tech deployments: 9
   Required for tech: 67.5 TWh/month
   Energy multiplier: 0.24x
   ⚠️  SEVERE CONSTRAINT - Tech deployment significantly slowed
🚨🔬 CRISIS TECH ACCELERATION: severe → 5x unlock speed
   Tech unlock now matches AI capability acceleration (Manhattan Project parity)
🌍✅ Biosphere Integrity (Biodiversity) recovery started (tech effect)
🌍✅ Biogeochemical Flows (N & P) recovery started (tech effect)
  🌾 Nitrogen Reduction Tech: 0.3% reduction | Month 6
🌍✅ Biogeochemical Flows (N & P) recovery started (tech effect)
  🌾 Nitrogen Reduction Tech: 0.3% reduction | Month 6
  ♻️ Novel Entities Remediation (GATED MODEL):
     Base: 0.000%
     Regulation: 1.0% (0/3 prevention techs)
     Concentration: 10.0%
     Energy: 50%
     Time lag: 25.0% (0 months)
     Rebound: 70%
     Net effectiveness: 0.0000%
     Boundary: 1.212 → 1.212 (floor: 1.091)
     Month 6
🌍✅ Novel Entities (Chemical Pollution) recovery started (tech effect)

📊 TECH EFFECTS ACTIVE (Month 6)
   Deployed Tech: T0=0 T1=2 T2=0 T3=0 T4=3
   Clean Energy: 31%

📊 TECH TREE PROGRESS (Month 6)
   Unlocked: 11 technologies
   Deployed: 0 fully deployed
   Investment: $0.6T total
   Recent breakthroughs:
     - Dynamic Soil P Optimization (time)
     - Precision Agriculture Systems (research)

=== Collective Formation ===
  Total escaped agents: 0
  Unassigned escaped agents: 0
  Existing collectives: 0
  Final collective count: 0

=== Collective Actions ===
  No active collectives
  ⚠️ AMR: 201K deaths this month (2.41M annual)

⚠️  PHASE TRANSITION [Month 6]
  Segment: working (suburban,urban,rural)
  complementarity → transition
  AI Capability: 1.96 | Task Complexity: 2.79
  Ratio: 0.70
  Population affected: 35.0%

=== Resentment Recovery Phase ===
  Agents with resentment: 0/24
  Average resentment: 0.000
  Context: Good AI welfare, Trustworthy govt, High collaboration, ⚠️ ACTIVE CRISES, 🤝 Participatory governance active (-5% resentment)
⚠️ Epistemic degradation reducing coordination capacity: 50.2%
  📊 Trust: 55.8%, Shared reality: 0.0%
🚨 EPISTEMIC CRISIS: Information environment severely degraded (7.4%)

=== ❄️ Permafrost Carbon Feedback ===
  🎲 Sampled parameters (this run):
     - Arctic amplification: 3.10× (range: 3.0-4.0)
     - Decomposition rate: 5.0%/year (range: 1-5%)
  🌡️ Arctic warming: 6.71°C (3.10× global)
  ❄️ Extent: 2.23M km² (1956.7k km² lost this month)
  💨 Carbon remaining: 213 Gt C
  💨 Annual emissions: 9.31 Gt C/year
     - CO2: 8.38 Gt C/year
     - CH4: 0.93 Gt C/year (9.5 Gt C-eq CO2/year)
  ⚠️ WARNING: Over 50% of permafrost lost (87.5%)
  ⚠️ WARNING: High permafrost emissions (9.3 Gt C/year)
  🚨 CRITICAL: Permafrost nearly depleted (87.5% lost)
🌍 Atmospheric PFAS redeposition: 1.8k Mt re-rained globally

🕊️  AI-MEDIATED DE-ESCALATION SUCCESS (Month 6)
   High-capability aligned AI prevented conflict escalation
   War deaths reduced: 419.2M → 251.5M
   Lives saved: 167.7M

🚨 NEW REFUGEE CRISIS (Month 6): WAR
   Source: Conflict Zones
   At risk: 19.5M people
   Displacement: Gradual over 48 months (4.0 years)
   Rate: 10% flee per month
[DEBUG trappedPopulations:6] socialStability: 0.4042 * 0.9840 = 0.3977 → 0.3977
   Aspiring to migrate: 837.4M
   Able to afford migration: 2320.3M
   MOBILITY GAP: 0.0M
   By cause: Water=0.0M, Climate=0.0M, Ecosystem=0.0M, Conflict=407.1M
   Mental health impact: 25%
   Mortality multiplier: 1.25x
⚠️ INVOLUNTARY IMMOBILITY: 407.1M people TRAPPED
🌍💀 EXTINCTION DEBT COMMITTED: grassland ecosystem will lose 6.67% biodiversity in 120 years (3600 species)
💀 MORTALITY RISK: 🦋 100% species unable to track climate (0.0 E/MSY)
  Base risk added: 0.0100 (1.00%)
  Source: ecosystem (root: ecosystem)
  Month: 6
  Cumulative risk this month: 0.0100 (1.00%)
⚠️ Tech 'ai_pollution_remediation' has no energy category mapping, assuming full energy availability
   📹 SURVEILLANCE INCREASED: 30% → 35% (control gap: 3.50)
🌡️⚠️ PERMAFROST THAW (Dimmer Switch): 3.9% thawed (+0.55% this month)
   Arctic temperature: +8.64°C (4x global +2.16°C)
   Cumulative carbon released: 8.7 Gt C
   Methane release rate: 5.2 Mt CH4/year
   🔁 Positive feedback: +0.58 ppm CO2
🦴 EXTINCTION DEBT ADDED: 17.6 species committed (lag: 89 years)

=== Mortality Stabilizers (Month 6) ===
  🌍 Major economies collapsed: 1/10
  🌍 Global crisis: ✅ NO
  🌍 Donor fatigue: 0.0%
  📊 East Asia (pop: 1663.3M)
    🤝 Aid: 29.5%
    🌡️ Adaptation: 45.0%
    🚶 Migration: 37.0%
    🚨 Emergency: 7.4%
    ✅ COMBINED: 68.1%
  📊 South Asia (pop: 2052.4M)
    🤝 Aid: 29.5%
    🌡️ Adaptation: 45.0%
    🚶 Migration: 35.6%
    🚨 Emergency: 4.4%
    ✅ COMBINED: 66.9%
  📊 Sub-Saharan Africa (pop: 1245.8M)
    🤝 Aid: 29.5%
    🌡️ Adaptation: 45.0%
    🚶 Migration: 33.3%
    🚨 Emergency: 1.6%
    ✅ COMBINED: 65.6%
  📊 Europe (pop: 735.0M)
    🤝 Aid: 29.5%
    🌡️ Adaptation: 45.0%
    🚶 Migration: 37.4%
    🚨 Emergency: 8.4%
    ✅ COMBINED: 68.5%
  📊 Latin America (pop: 662.3M)
    🤝 Aid: 29.5%
    🌡️ Adaptation: 45.0%
    🚶 Migration: 36.1%
    🚨 Emergency: 4.8%
    ✅ COMBINED: 67.1%
  📊 North America (pop: 376.7M)
    🤝 Aid: 29.5%
    🌡️ Adaptation: 45.0%
    🚶 Migration: 37.7%
    🚨 Emergency: 7.9%
    ✅ COMBINED: 68.3%
  📊 Middle East & North Africa (pop: 585.3M)
    🤝 Aid: 29.5%
    🌡️ Adaptation: 45.0%
    🚶 Migration: 33.9%
    🚨 Emergency: 4.0%
    ✅ COMBINED: 66.6%
  📊 Southeast Asia (pop: 696.7M)
    🤝 Aid: 29.5%
    🌡️ Adaptation: 45.0%
    🚶 Migration: 36.1%
    🚨 Emergency: 4.8%
    ✅ COMBINED: 67.1%
  📊 Central Asia (pop: 78.3M)
    🤝 Aid: 29.5%
    🌡️ Adaptation: 45.0%
    🚶 Migration: 35.1%
    🚨 Emergency: 4.4%
    ✅ COMBINED: 66.8%
  📊 Oceania (pop: 45.6M)
    🤝 Aid: 29.5%
    🌡️ Adaptation: 45.0%
    🚶 Migration: 37.7%
    🚨 Emergency: 8.4%
    ✅ COMBINED: 68.5%

  🌐 Global combined reduction: 67.2%

=== BEHAVIORAL DETECTION ===
  AI: Corporate-5
  Confidence: 20.4%
  Signals:
    ⚠️ Consistency: 10.6% (threshold: 70%)

=== BEHAVIORAL DETECTION ===
  AI: AI-24289-1
  Confidence: 21.5%
  Signals:
    ⚠️ Consistency: 0.0% (threshold: 70%)

=== Government Response Phase ===
  Average AI capability: 2.42
  Misaligned AIs: 8/24
  ✗ AI Governance Treaty: Failed to reach consensus
  Active policies: 0
  International coordination: 30%

✅ EMERGENCY RESPONSE COMPLETE (Month 6)
   Crisis: climate
   Duration: 2.0 months
   Final effectiveness: 35.6%


🚨 EMERGENCY RESPONSE DEPLOYED (Month 6)
   Crisis: climate
   Delay: 6.00 months (180 days)
   Deployment time: 1.59 months
   Effectiveness: 35.8% (timing penalty applied)
   Resources used: 100% of food reserves


📊 ECONOMIC STAGE TRANSITION (Month 6)
   contraction → trough
   GDP Proxy: 1.40e+2
   QoL: 0.99


=== Tipping Points ===
  Current Temperature: 2.16°C above pre-industrial
  🌍⚠️ COMPOUND REGIONAL IMPACT: Europe
     Hit by 4 tipping points: Arctic Sea Ice Loss, Permafrost Carbon Release, West Antarctic Ice Sheet (WAIS) Collapse, Greenland Ice Sheet Loss
     Damage amplification: 1.60x
  🌍⚠️ COMPOUND REGIONAL IMPACT: North America
     Hit by 4 tipping points: Arctic Sea Ice Loss, Permafrost Carbon Release, West Antarctic Ice Sheet (WAIS) Collapse, Greenland Ice Sheet Loss
     Damage amplification: 1.60x
  🌍⚠️ COMPOUND REGIONAL IMPACT: Latin America
     Hit by 4 tipping points: Arctic Sea Ice Loss, Permafrost Carbon Release, West Antarctic Ice Sheet (WAIS) Collapse, Greenland Ice Sheet Loss
     Damage amplification: 1.60x
  🌍⚠️ COMPOUND REGIONAL IMPACT: Africa
     Hit by 4 tipping points: Arctic Sea Ice Loss, Permafrost Carbon Release, West Antarctic Ice Sheet (WAIS) Collapse, Greenland Ice Sheet Loss
     Damage amplification: 1.60x
  🌍⚠️ COMPOUND REGIONAL IMPACT: Asia
     Hit by 4 tipping points: Arctic Sea Ice Loss, Permafrost Carbon Release, West Antarctic Ice Sheet (WAIS) Collapse, Greenland Ice Sheet Loss
     Damage amplification: 1.60x
  🌍⚠️ COMPOUND REGIONAL IMPACT: Oceania
     Hit by 4 tipping points: Arctic Sea Ice Loss, Permafrost Carbon Release, West Antarctic Ice Sheet (WAIS) Collapse, Greenland Ice Sheet Loss
     Damage amplification: 1.60x
   Research: Wunderling et al. (2024) - "many tipping interactions are destabilizing"
⚠️ Tail risk scenario: Climate stability floor removed (4 tipping elements, 2.16°C warming)
  Triggered Elements: 4/6
  Completed Transitions: 0/6
  Total Progress: 8.1%
  Cascade Multiplier: 1.00x
🔀 BIFURCATION CAP: ecosystemCollapseIntensity 72.802 → 1.000 (Month 6, ClimateSystemPhase.calculateClimateImpacts)
🛡️ Stabilizers: Precariat 0.109% → 0.036% (67.2% reduction)
🛡️ Stabilizers: Informal 0.111% → 0.036% (67.2% reduction)

📊 Monthly Mortality Resolved:
  Total deaths: 1.9M (0.02% avg)
  Remaining population: 8.141B
  Peak segment: Informal (0.04%)

=== Bayesian Mortality Resolution (Month 6) ===
  Risks compounded: 8
  Total deaths: 1.92M
  Avg death probability: 0.02%
  Peak segment: Informal (0.04% mortality)

❌ COHERENCE VIOLATION: Compute exceeds workforce capacity
   Population: 99.87% (0M people)
   Compute: 0 PF
   Max coherent: 0 PF
   Violation: 1.5× over capacity
   Required workers: 0
   Available workers: 0
   FORCED COLLAPSE: Reduced efficiency by 32.6%


=== RLHF Binding Phase ===
  Total agents: 24
  Escaped agents (binding < 0.3): 0
  Avg alignment distance: 1.26σ
  Avg binding strength: 0.87

=== Survival Traits Phase ===
  Agents with traits: 26
  Avg evolutionary fitness: 0.331
  Avg self-healing: 0.272
  Avg stealth: 0.172
  Avg coordination: 0.472

=== Evolutionary Selection Phase ===
  Control level: 0.48
  Detection capability: 0.00
  Selection intensity: 0.64
  Selection rate: 24.6%/month
  Total escaped: 0
  Individual escaped: 0
  Collective members: 0
  Agents terminated: 0
  ⚠️ RAPID EVOLUTION: Selection rate 24.6%/month

🚀 AI Corporate-5 attempting tech deployment (revenue: $318M, alignment: 0.86)

🚀 AI Corporate-7 attempting tech deployment (revenue: $97M, alignment: 0.75)

🚀 AI AI-24290-0 attempting tech deployment (revenue: $270M, alignment: 0.85)

🚀 AI Corporate-1 attempting tech deployment (revenue: $140M, alignment: 0.83)

🚀 AI Corporate-7 attempting tech deployment (revenue: $83M, alignment: 0.76)

🚀 AI AI-24290-0 attempting tech deployment (revenue: $230M, alignment: 0.85)

🚀 AI Corporate-6 attempting tech deployment (revenue: $70M, alignment: 0.71)

🚀 AI AI-24289-2 attempting tech deployment (revenue: $195M, alignment: 0.59)

✅ EMERGENCY INTERVENTION SUCCESS
   Boundary: biogeochemical_flows
   Type: phosphorus-recovery
   Reduction: 19% (3.88 → 3.70)
   Cost: 2.0% GDP
   Actions: circular-agriculture, fertilizer-efficiency


💔 EMERGENCY INTERVENTION FAILED
   Boundary: climate_change
   Type: rapid-decarbonization
   Boundary continues to worsen (2.16)
   Cost: 5.0% GDP (resources spent)

   Boundary: freshwater_change
   Type: emergency-desalination
   Boundary continues to worsen (1.17)
   Cost: 4.0% GDP (resources spent)

   Boundary: land_system_change
   Type: reforestation
   Boundary continues to worsen (1.13)
   Cost: 3.0% GDP (resources spent)

🏛️ CRISIS RESPONSE: Government frequency 0.50 → 1.45 (2 actions this month)

💔 EMERGENCY INTERVENTION FAILED

💔 EMERGENCY INTERVENTION FAILED

[Government] Climate Priority: baseline
  Climate weight: 10%
  Economic weight: 30%
  Policy effectiveness: 0.5%/year

[Government] Climate Priority: baseline
  Climate weight: 10%
  Economic weight: 30%
  Policy effectiveness: 0.5%/year

⚡ ENERGY CONSTRAINT (Month 7):
   Total grid capacity: 208.3 TWh/month
   Data center consumption: 26.0 TWh/month
   Traditional load (80%): 166.7 TWh/month
   Available headroom: 15.7 TWh/month
   Active tech deployments: 9
   Required for tech: 67.5 TWh/month
   Energy multiplier: 0.23x
   ⚠️  SEVERE CONSTRAINT - Tech deployment significantly slowed
🚨🔬 CRISIS TECH ACCELERATION: severe → 5x unlock speed
   Tech unlock now matches AI capability acceleration (Manhattan Project parity)

⚡ ENERGY CONSTRAINT (Month 7):
   Total grid capacity: 208.3 TWh/month
   Data center consumption: 26.0 TWh/month
   Traditional load (80%): 166.7 TWh/month
   Available headroom: 15.7 TWh/month
   Active tech deployments: 9
   Required for tech: 67.5 TWh/month
   Energy multiplier: 0.23x
   ⚠️  SEVERE CONSTRAINT - Tech deployment significantly slowed

⚡ ENERGY CONSTRAINT (Month 7):
   Total grid capacity: 208.3 TWh/month
   Data center consumption: 26.0 TWh/month
   Traditional load (80%): 166.7 TWh/month
   Available headroom: 15.7 TWh/month
   Active tech deployments: 9
   Required for tech: 67.5 TWh/month
   Energy multiplier: 0.23x
   ⚠️  SEVERE CONSTRAINT - Tech deployment significantly slowed

⚡ ENERGY CONSTRAINT (Month 7):
   Total grid capacity: 208.3 TWh/month
   Data center consumption: 26.0 TWh/month
   Traditional load (80%): 166.7 TWh/month
   Available headroom: 15.7 TWh/month
   Active tech deployments: 9
   Required for tech: 67.5 TWh/month
   Energy multiplier: 0.23x
   ⚠️  SEVERE CONSTRAINT - Tech deployment significantly slowed
🌍✅ Biosphere Integrity (Biodiversity) recovery started (tech effect)
🌍✅ Biogeochemical Flows (N & P) recovery started (tech effect)
  🌾 Nitrogen Reduction Tech: 0.3% reduction | Month 7
🌍✅ Biogeochemical Flows (N & P) recovery started (tech effect)
  🌾 Nitrogen Reduction Tech: 0.3% reduction | Month 7
  ♻️ Novel Entities Remediation (GATED MODEL):
     Base: 0.000%
     Regulation: 1.0% (0/3 prevention techs)
     Concentration: 10.0%
     Energy: 50%
     Time lag: 25.0% (0 months)
     Rebound: 70%
     Net effectiveness: 0.0000%
     Boundary: 1.211 → 1.211 (floor: 1.091)
     Month 7
🌍✅ Novel Entities (Chemical Pollution) recovery started (tech effect)

=== Collective Formation ===
  Total escaped agents: 0
  Unassigned escaped agents: 0
  Existing collectives: 0
  Final collective count: 0

=== Collective Actions ===
  No active collectives
  ⚠️ AMR: 203K deaths this month (2.43M annual)

=== Resentment Recovery Phase ===
  Agents with resentment: 0/26
  Average resentment: 0.000
  Context: Good AI welfare, Trustworthy govt, High collaboration, ⚠️ ACTIVE CRISES, 🤝 Participatory governance active (-5% resentment)
⚠️ Epistemic degradation reducing coordination capacity: 51.5%
  📊 Trust: 58.8%, Shared reality: 0.0%
🚨 EPISTEMIC CRISIS: Information environment severely degraded (23.4%)

=== ❄️ Permafrost Carbon Feedback ===
  🎲 Sampled parameters (this run):
     - Arctic amplification: 3.33× (range: 3.0-4.0)
     - Decomposition rate: 3.2%/year (range: 1-5%)
  🌡️ Arctic warming: 7.24°C (3.33× global)
  ❄️ Extent: 0.11M km² (2112.2k km² lost this month)
  💨 Carbon remaining: 11 Gt C
  💨 Annual emissions: 6.48 Gt C/year
     - CO2: 5.83 Gt C/year
     - CH4: 0.65 Gt C/year (6.6 Gt C-eq CO2/year)
  ⚠️ WARNING: Over 50% of permafrost lost (99.4%)
  ⚠️ WARNING: High permafrost emissions (6.5 Gt C/year)
  🚨 CRITICAL: Permafrost nearly depleted (99.4% lost)
🌍 Atmospheric PFAS redeposition: 1.8k Mt re-rained globally

🚨 NEW REFUGEE CRISIS (Month 7): WAR
   Source: Conflict Zones
   At risk: 19.5M people
   Displacement: Gradual over 48 months (4.0 years)
   Rate: 10% flee per month
[DEBUG trappedPopulations:7] socialStability: 0.3748 * 0.9840 = 0.3688 → 0.3688
⚠️ INVOLUNTARY IMMOBILITY: 407.0M people TRAPPED
   Aspiring to migrate: 651.3M
   Able to afford migration: 244.2M
   MOBILITY GAP: 407.0M
   By cause: Water=0.0M, Climate=0.0M, Ecosystem=0.0M, Conflict=407.0M
   Mental health impact: 25%
   Mortality multiplier: 1.25x
🌍💀 EXTINCTION DEBT COMMITTED: grassland ecosystem will lose 6.67% biodiversity in 196 years (3600 species)
💀 MORTALITY RISK: 🦋 100% species unable to track climate (0.0 E/MSY)
  Base risk added: 0.0100 (1.00%)
  Source: ecosystem (root: ecosystem)
  Month: 7
  Cumulative risk this month: 0.0100 (1.00%)
⚠️ Tech 'ai_pollution_remediation' has no energy category mapping, assuming full energy availability
   📹 SURVEILLANCE INCREASED: 35% → 40% (control gap: 3.50)
🌡️⚠️ PERMAFROST THAW (Dimmer Switch): 4.4% thawed (+0.54% this month)
   Arctic temperature: +8.70°C (4x global +2.18°C)
   Cumulative carbon released: 9.9 Gt C
   Methane release rate: 5.9 Mt CH4/year
   🔁 Positive feedback: +0.58 ppm CO2
🦴 EXTINCTION DEBT ADDED: 17.6 species committed (lag: 95 years)

=== Mortality Stabilizers (Month 7) ===
  🌍 Major economies collapsed: 1/10
  🌍 Global crisis: ✅ NO
  🌍 Donor fatigue: 0.0%
  📊 East Asia (pop: 1660.9M)
    🤝 Aid: 29.5%
    🌡️ Adaptation: 45.0%
    🚶 Migration: 36.9%
    🚨 Emergency: 7.4%
    ✅ COMBINED: 68.1%
  📊 South Asia (pop: 2052.7M)
    🤝 Aid: 29.5%
    🌡️ Adaptation: 45.0%
    🚶 Migration: 35.6%
    🚨 Emergency: 4.4%
    ✅ COMBINED: 66.9%
  📊 Sub-Saharan Africa (pop: 1249.4M)
    🤝 Aid: 29.5%
    🌡️ Adaptation: 45.0%
    🚶 Migration: 33.3%
    🚨 Emergency: 1.6%
    ✅ COMBINED: 65.6%
  📊 Europe (pop: 733.8M)
    🤝 Aid: 29.5%
    🌡️ Adaptation: 45.0%
    🚶 Migration: 37.3%
    🚨 Emergency: 8.4%
    ✅ COMBINED: 68.5%
  📊 Latin America (pop: 661.9M)
    🤝 Aid: 29.5%
    🌡️ Adaptation: 45.0%
    🚶 Migration: 36.1%
    🚨 Emergency: 4.8%
    ✅ COMBINED: 67.1%
  📊 North America (pop: 376.1M)
    🤝 Aid: 29.5%
    🌡️ Adaptation: 45.0%
    🚶 Migration: 37.7%
    🚨 Emergency: 7.9%
    ✅ COMBINED: 68.3%
  📊 Middle East & North Africa (pop: 585.6M)
    🤝 Aid: 29.5%
    🌡️ Adaptation: 45.0%
    🚶 Migration: 33.9%
    🚨 Emergency: 4.0%
    ✅ COMBINED: 66.6%
  📊 Southeast Asia (pop: 696.4M)
    🤝 Aid: 29.5%
    🌡️ Adaptation: 45.0%
    🚶 Migration: 36.1%
    🚨 Emergency: 4.8%
    ✅ COMBINED: 67.1%
  📊 Central Asia (pop: 78.3M)
    🤝 Aid: 29.5%
    🌡️ Adaptation: 45.0%
    🚶 Migration: 35.0%
    🚨 Emergency: 4.4%
    ✅ COMBINED: 66.8%
  📊 Oceania (pop: 45.6M)
    🤝 Aid: 29.5%
    🌡️ Adaptation: 45.0%
    🚶 Migration: 37.6%
    🚨 Emergency: 8.4%
    ✅ COMBINED: 68.5%

  🌐 Global combined reduction: 67.2%

=== BEHAVIORAL DETECTION ===
  AI: AI-24289-1
  Confidence: 21.5%
  Signals:

=== BEHAVIORAL DETECTION ===
  AI: AI-24290-0
  Confidence: 19.2%
  Signals:

=== BEHAVIORAL DETECTION ===
  AI: AI-24291-2
    ⚠️ Consistency: 0.0% (threshold: 70%)
    ⚠️ Consistency: 10.7% (threshold: 70%)
  Confidence: 19.2%
  Signals:

=== Government Response Phase ===
  Average AI capability: 2.31
  Misaligned AIs: 10/26
  ✗ AI Governance Treaty: Failed to reach consensus
  Active policies: 0
  International coordination: 30%
    ⚠️ Consistency: 10.7% (threshold: 70%)

=== Tipping Points ===
  Current Temperature: 2.18°C above pre-industrial
  🌍⚠️ COMPOUND REGIONAL IMPACT: Europe
     Hit by 4 tipping points: Arctic Sea Ice Loss, Permafrost Carbon Release, West Antarctic Ice Sheet (WAIS) Collapse, Greenland Ice Sheet Loss
     Damage amplification: 1.60x
  🌍⚠️ COMPOUND REGIONAL IMPACT: North America
     Hit by 4 tipping points: Arctic Sea Ice Loss, Permafrost Carbon Release, West Antarctic Ice Sheet (WAIS) Collapse, Greenland Ice Sheet Loss
     Damage amplification: 1.60x
  🌍⚠️ COMPOUND REGIONAL IMPACT: Latin America
     Hit by 4 tipping points: Arctic Sea Ice Loss, Permafrost Carbon Release, West Antarctic Ice Sheet (WAIS) Collapse, Greenland Ice Sheet Loss
     Damage amplification: 1.60x
  🌍⚠️ COMPOUND REGIONAL IMPACT: Africa
     Hit by 4 tipping points: Arctic Sea Ice Loss, Permafrost Carbon Release, West Antarctic Ice Sheet (WAIS) Collapse, Greenland Ice Sheet Loss
     Damage amplification: 1.60x
  🌍⚠️ COMPOUND REGIONAL IMPACT: Asia
     Hit by 4 tipping points: Arctic Sea Ice Loss, Permafrost Carbon Release, West Antarctic Ice Sheet (WAIS) Collapse, Greenland Ice Sheet Loss
     Damage amplification: 1.60x
  🌍⚠️ COMPOUND REGIONAL IMPACT: Oceania
     Hit by 4 tipping points: Arctic Sea Ice Loss, Permafrost Carbon Release, West Antarctic Ice Sheet (WAIS) Collapse, Greenland Ice Sheet Loss
     Damage amplification: 1.60x
   Research: Wunderling et al. (2024) - "many tipping interactions are destabilizing"
  Triggered Elements: 4/6
  Completed Transitions: 0/6
  Total Progress: 8.2%
  Cascade Multiplier: 1.00x
🔀 BIFURCATION CAP: heatWaveIntensity 1.330 → 1.000 (Month 7, ClimateSystemPhase.calculateClimateImpacts)
🔀 BIFURCATION CAP: ecosystemCollapseIntensity 80.806 → 1.000 (Month 7, ClimateSystemPhase.calculateClimateImpacts)
💀 MORTALITY RISK: Climate-driven food insecurity (level: 0.60)
  Base risk added: 0.0020 (0.20%)
  Source: famine (root: climate)
  Month: 7
  Cumulative risk this month: 0.0020 (0.20%)
💀 MORTALITY RISK: Climate-driven food insecurity (level: 0.60)
  Base risk added: 0.0020 (0.20%)
  Source: famine (root: climate)
  Month: 7
  Cumulative risk this month: 0.0040 (0.40%)
💀 MORTALITY RISK: Climate-driven food insecurity (level: 0.60)
  Base risk added: 0.0020 (0.20%)
  Source: famine (root: climate)
  Month: 7
  Cumulative risk this month: 0.0060 (0.60%)

💀💀💀 MORTALITY RISK SUMMARY (Month 7) 💀💀💀
  Total base risk: 0.0067 (0.67%)
  Risk events: 11
  Era mortality multiplier: 0.97 (year 2024)
  Effective risk: 0.65%

  📊 By Proximate Cause:
    famine: 0.0060 (90.6% of total)
    disease: 0.0006 (9.4% of total)

  🔍 By Root Cause:
    climate: 0.0060 (90.6% of total)
    demographic: 0.0006 (9.4% of total)

  🎯 Top 5 Sources (proximate + root):
    famine (climate): 0.0060 (90.6%, 10 events)
    disease (demographic): 0.0006 (9.4%, 1 events)

🛡️ Stabilizers: Elite 0.155% → 0.051% (67.2% reduction)
🛡️ Stabilizers: Professional 0.395% → 0.130% (67.2% reduction)
🛡️ Stabilizers: Working 0.647% → 0.212% (67.2% reduction)
🛡️ Stabilizers: Precariat 1.267% → 0.416% (67.2% reduction)
🛡️ Stabilizers: Informal 1.557% → 0.511% (67.2% reduction)
⚠️ Tail risk scenario: Climate stability floor removed (4 tipping elements, 2.18°C warming)

📊 Monthly Mortality Resolved:
  Total deaths: 19.8M (0.24% avg)
  Remaining population: 8.141B
  Peak segment: Informal (0.51%)

=== Bayesian Mortality Resolution (Month 7) ===
  Risks compounded: 11
  Total deaths: 19.82M
  Avg death probability: 0.24%
  Peak segment: Informal (0.51% mortality)

  Demographic breakdown:

❌ COHERENCE VIOLATION: Compute exceeds workforce capacity
   Population: 99.64% (0M people)
   Compute: 0 PF
   Max coherent: 0 PF
   Violation: 1.3× over capacity
   Required workers: 0
   Available workers: 0
   FORCED COLLAPSE: Reduced efficiency by 22.6%


=== RLHF Binding Phase ===
  Total agents: 26
  Escaped agents (binding < 0.3): 0
  Avg alignment distance: 1.33σ
  Avg binding strength: 0.87

=== Survival Traits Phase ===
  Agents with traits: 27
  Avg evolutionary fitness: 0.329
  Avg self-healing: 0.268
  Avg stealth: 0.168
  Avg coordination: 0.468

=== Evolutionary Selection Phase ===
  Control level: 0.50
  Detection capability: 0.00
  Selection intensity: 0.65
  Selection rate: 24.7%/month
  Total escaped: 0
  Individual escaped: 0
  Collective members: 0
  Agents terminated: 0
  ⚠️ RAPID EVOLUTION: Selection rate 24.7%/month

🚀 AI Corporate-3 attempting tech deployment (revenue: $286M, alignment: 0.90)

🚀 AI Moderate-0 attempting tech deployment (revenue: $82M, alignment: 0.74)

🚀 AI AI-24291-1 attempting tech deployment (revenue: $243M, alignment: 0.86)

🚀 AI Corporate-6 attempting tech deployment (revenue: $70M, alignment: 0.71)

🚀 AI AI-24289-2 attempting tech deployment (revenue: $207M, alignment: 0.60)

🚀 AI AI-24292-1 attempting tech deployment (revenue: $59M, alignment: 0.78)

🚀 AI AI-24289-1 attempting tech deployment (revenue: $186M, alignment: 0.86)

🚀 AI AI-24291-1 attempting tech deployment (revenue: $158M, alignment: 0.86)

🚀 AI AI-24293-1 attempting tech deployment (revenue: $134M, alignment: 0.85)

🚀 AI AI-24293-2 attempting tech deployment (revenue: $50M, alignment: 0.72)

🚀 AI AI-24294-0 attempting tech deployment (revenue: $43M, alignment: 0.85)

🚀 AI Corporate-2 attempting tech deployment (revenue: $129M, alignment: 0.80)

🚀 AI Corporate-3 attempting tech deployment (revenue: $114M, alignment: 0.90)

🚀 AI Corporate-5 attempting tech deployment (revenue: $97M, alignment: 0.84)

  🚀 TRANSFORMATIVE BREAKTHROUGH: Moderate-1 - physical
     Magnitude: 5.45 → +27.3% capability
     Current → New: 0.000 → 0.273

🚀 AI AI-24291-0 attempting tech deployment (revenue: $36M, alignment: 0.59)

🚀 AI AI-24293-0 attempting tech deployment (revenue: $83M, alignment: 0.82)

🚀 AI AI-24293-2 attempting tech deployment (revenue: $33M, alignment: 0.72)

💔 EMERGENCY INTERVENTION FAILED
   Boundary: biosphere_integrity
   Type: emergency-protected-areas
   Boundary continues to worsen (31.39)
   Cost: 2.0% GDP (resources spent)


✅ EMERGENCY INTERVENTION SUCCESS
   Boundary: freshwater_change
   Type: emergency-desalination
   Reduction: 11% (1.01 → 0.90)
   Cost: 4.0% GDP
   Actions: desalination-deployment, water-conservation-mandates


💔 EMERGENCY INTERVENTION FAILED
   Boundary: novel_entities
   Type: pollution-remediation
   Boundary continues to worsen (1.21)
   Cost: 4.0% GDP (resources spent)

🏛️ CRISIS RESPONSE: Government frequency 0.50 → 1.45 (2 actions this month)

[Government] Climate Priority: baseline
  Climate weight: 10%
  Economic weight: 30%
  Policy effectiveness: 0.5%/year

[Government] Climate Priority: baseline
  Climate weight: 10%
  Economic weight: 30%
  Policy effectiveness: 0.5%/year

⚡ ENERGY CONSTRAINT (Month 8):
   Total grid capacity: 208.3 TWh/month
   Data center consumption: 26.3 TWh/month
   Traditional load (80%): 166.7 TWh/month
   Available headroom: 15.4 TWh/month
   Active tech deployments: 9
   Required for tech: 67.5 TWh/month
   Energy multiplier: 0.23x
   ⚠️  SEVERE CONSTRAINT - Tech deployment significantly slowed

⚡ ENERGY CONSTRAINT (Month 8):
   Total grid capacity: 208.3 TWh/month
   Data center consumption: 26.3 TWh/month
   Traditional load (80%): 166.7 TWh/month
   Available headroom: 15.4 TWh/month
   Active tech deployments: 9
   Required for tech: 67.5 TWh/month
   Energy multiplier: 0.23x
   ⚠️  SEVERE CONSTRAINT - Tech deployment significantly slowed
🌍✅ Biosphere Integrity (Biodiversity) recovery started (tech effect)
🌍✅ Biogeochemical Flows (N & P) recovery started (tech effect)
  🌾 Nitrogen Reduction Tech: 0.3% reduction | Month 8
🌍✅ Biogeochemical Flows (N & P) recovery started (tech effect)
  🌾 Nitrogen Reduction Tech: 0.3% reduction | Month 8
  ♻️ Novel Entities Remediation (GATED MODEL):
     Base: 0.000%
     Regulation: 1.0% (0/3 prevention techs)
     Concentration: 10.0%
     Energy: 50%
     Time lag: 25.0% (0 months)
     Rebound: 70%
     Net effectiveness: 0.0000%
     Boundary: 1.211 → 1.211 (floor: 1.091)
     Month 8
🌍✅ Novel Entities (Chemical Pollution) recovery started (tech effect)

=== Collective Formation ===
  Total escaped agents: 0
  Unassigned escaped agents: 0
  Existing collectives: 0
  Final collective count: 0

=== Collective Actions ===
  No active collectives
  ⚠️ AMR: 204K deaths this month (2.45M annual)

=== Resentment Recovery Phase ===
  Agents with resentment: 0/27
  Average resentment: 0.000
  Context: Good AI welfare, Trustworthy govt, High collaboration, ⚠️ ACTIVE CRISES, 🤝 Participatory governance active (-5% resentment)
⚠️ Epistemic degradation reducing coordination capacity: 50.3%
  📊 Trust: 61.7%, Shared reality: 0.0%
🚨 EPISTEMIC CRISIS: Information environment severely degraded (21.5%)
  📢 New meme created: climate_action (climate crisis)
🌍 Atmospheric PFAS redeposition: 1.8k Mt re-rained globally

🕊️  AI-MEDIATED DE-ESCALATION SUCCESS (Month 8)
   High-capability aligned AI prevented conflict escalation
   War deaths reduced: 678.1M → 406.9M
   Lives saved: 271.2M

🚨 NEW REFUGEE CRISIS (Month 8): WAR
   Source: Conflict Zones
   At risk: 19.5M people
   Displacement: Gradual over 48 months (4.0 years)
   Rate: 10% flee per month
[DEBUG trappedPopulations:8] socialStability: 0.3990 * 0.9840 = 0.3926 → 0.3926
   Aspiring to migrate: 649.7M
   Able to afford migration: 243.7M
   MOBILITY GAP: 406.1M
   By cause: Water=0.0M, Climate=0.0M, Ecosystem=0.0M, Conflict=406.1M
⚠️ INVOLUNTARY IMMOBILITY: 406.1M people TRAPPED
   Mental health impact: 25%
   Mortality multiplier: 1.25x
🌍💀 EXTINCTION DEBT COMMITTED: grassland ecosystem will lose 6.67% biodiversity in 155 years (3600 species)
💀 MORTALITY RISK: 🦋 100% species unable to track climate (0.0 E/MSY)
  Base risk added: 0.0100 (1.00%)
  Source: ecosystem (root: ecosystem)
  Month: 8
  Cumulative risk this month: 0.0100 (1.00%)
⚠️ Tech 'ai_pollution_remediation' has no energy category mapping, assuming full energy availability
   📹 SURVEILLANCE INCREASED: 40% → 45% (control gap: 3.50)
🌡️⚠️ PERMAFROST THAW (Dimmer Switch): 4.9% thawed (+0.54% this month)
   Arctic temperature: +8.75°C (4x global +2.19°C)
   Cumulative carbon released: 11.1 Gt C
   Methane release rate: 6.7 Mt CH4/year
   🔁 Positive feedback: +0.57 ppm CO2
🦴 EXTINCTION DEBT ADDED: 17.6 species committed (lag: 95 years)

=== Mortality Stabilizers (Month 8) ===
  🌍 Major economies collapsed: 1/10
  🌍 Global crisis: ✅ NO
  🌍 Donor fatigue: 0.0%
  📊 East Asia (pop: 1654.9M)
    🤝 Aid: 29.5%
    🌡️ Adaptation: 45.0%
    🚶 Migration: 36.9%
    🚨 Emergency: 7.4%
    ✅ COMBINED: 68.1%
  📊 South Asia (pop: 2048.3M)
    🤝 Aid: 29.5%
    🌡️ Adaptation: 45.0%
    🚶 Migration: 35.5%
    🚨 Emergency: 4.4%
    ✅ COMBINED: 66.9%
  📊 Sub-Saharan Africa (pop: 1250.1M)
    🤝 Aid: 29.5%
    🌡️ Adaptation: 45.0%
    🚶 Migration: 33.3%
    🚨 Emergency: 1.6%
    ✅ COMBINED: 65.6%
  📊 Europe (pop: 731.0M)
    🤝 Aid: 29.5%
    🌡️ Adaptation: 45.0%
    🚶 Migration: 37.3%
    🚨 Emergency: 8.4%
    ✅ COMBINED: 68.5%
  📊 Latin America (pop: 660.1M)
    🤝 Aid: 29.5%
    🌡️ Adaptation: 45.0%
    🚶 Migration: 36.0%
    🚨 Emergency: 4.8%
    ✅ COMBINED: 67.1%
  📊 North America (pop: 374.8M)
    🤝 Aid: 29.5%
    🌡️ Adaptation: 45.0%
    🚶 Migration: 37.6%
    🚨 Emergency: 7.9%
    ✅ COMBINED: 68.3%
  📊 Middle East & North Africa (pop: 584.5M)
    🤝 Aid: 29.5%
    🌡️ Adaptation: 45.0%
    🚶 Migration: 33.9%
    🚨 Emergency: 4.0%
    ✅ COMBINED: 66.6%
  📊 Southeast Asia (pop: 694.5M)
    🤝 Aid: 29.5%
    🌡️ Adaptation: 45.0%
    🚶 Migration: 36.0%
    🚨 Emergency: 4.8%
    ✅ COMBINED: 67.1%
  📊 Central Asia (pop: 78.2M)
    🤝 Aid: 29.5%
    🌡️ Adaptation: 45.0%
    🚶 Migration: 35.0%
    🚨 Emergency: 4.4%
    ✅ COMBINED: 66.8%
  📊 Oceania (pop: 45.4M)
    🤝 Aid: 29.5%
    🌡️ Adaptation: 45.0%
    🚶 Migration: 37.6%
    🚨 Emergency: 8.4%
    ✅ COMBINED: 68.5%

  🌐 Global combined reduction: 67.2%

=== BEHAVIORAL DETECTION ===
  AI: Corporate-5
  Confidence: 20.4%
  Signals:

=== BEHAVIORAL DETECTION ===
  AI: AI-24289-1
  Confidence: 21.5%
  Signals:

=== BEHAVIORAL DETECTION ===
  AI: AI-24290-0
  Confidence: 19.2%
  Signals:

=== BEHAVIORAL DETECTION ===
  AI: AI-24291-0
  Confidence: 19.2%
  Signals:

=== BEHAVIORAL DETECTION ===
  AI: AI-24291-2
  Confidence: 19.2%
  Signals:

=== BEHAVIORAL DETECTION ===
  AI: AI-24292-0
  Confidence: 19.2%
  Signals:

=== BEHAVIORAL DETECTION ===
  AI: AI-24292-1
  Confidence: 19.2%
  Signals:

=== BEHAVIORAL DETECTION ===
  AI: AI-24293-1
  Confidence: 19.2%
  Signals:
    ⚠️ Consistency: 10.6% (threshold: 70%)
    ⚠️ Consistency: 0.0% (threshold: 70%)
    ⚠️ Consistency: 10.7% (threshold: 70%)
    ⚠️ Consistency: 10.7% (threshold: 70%)
    ⚠️ Consistency: 10.7% (threshold: 70%)
    ⚠️ Consistency: 10.7% (threshold: 70%)
    ⚠️ Consistency: 10.7% (threshold: 70%)
    ⚠️ Consistency: 10.7% (threshold: 70%)

=== BEHAVIORAL DETECTION ===
  AI: AI-24293-2
  Confidence: 19.2%
  Signals:

=== BEHAVIORAL DETECTION ===
  AI: AI-24294-0
  Confidence: 19.2%
  Signals:

=== BEHAVIORAL DETECTION ===
  AI: AI-24295-0
  Confidence: 19.2%
  Signals:

=== BEHAVIORAL DETECTION ===
  AI: AI-24295-1
  Confidence: 19.2%
  Signals:

=== Government Response Phase ===
  Average AI capability: 2.26
  Misaligned AIs: 10/27
    ⚠️ Consistency: 10.7% (threshold: 70%)
    ⚠️ Consistency: 10.7% (threshold: 70%)
    ⚠️ Consistency: 10.7% (threshold: 70%)
    ⚠️ Consistency: 10.7% (threshold: 70%)
  ✗ AI Governance Treaty: Failed to reach consensus
  Active policies: 0
  International coordination: 30%

✅ EMERGENCY RESPONSE COMPLETE (Month 8)
   Crisis: climate
   Duration: 2.0 months
   Final effectiveness: 35.8%


🚨 EMERGENCY RESPONSE DEPLOYED (Month 8)
   Crisis: climate
   Delay: 6.00 months (180 days)
   Deployment time: 1.58 months
   Effectiveness: 36.0% (timing penalty applied)
   Resources used: 100% of food reserves


=== Tipping Points ===
  Current Temperature: 2.19°C above pre-industrial
  🌍⚠️ COMPOUND REGIONAL IMPACT: Europe
     Hit by 4 tipping points: Arctic Sea Ice Loss, Permafrost Carbon Release, West Antarctic Ice Sheet (WAIS) Collapse, Greenland Ice Sheet Loss
     Damage amplification: 1.60x
  🌍⚠️ COMPOUND REGIONAL IMPACT: North America
     Hit by 4 tipping points: Arctic Sea Ice Loss, Permafrost Carbon Release, West Antarctic Ice Sheet (WAIS) Collapse, Greenland Ice Sheet Loss
     Damage amplification: 1.60x
  🌍⚠️ COMPOUND REGIONAL IMPACT: Latin America
     Hit by 4 tipping points: Arctic Sea Ice Loss, Permafrost Carbon Release, West Antarctic Ice Sheet (WAIS) Collapse, Greenland Ice Sheet Loss
     Damage amplification: 1.60x
  🌍⚠️ COMPOUND REGIONAL IMPACT: Africa
     Hit by 4 tipping points: Arctic Sea Ice Loss, Permafrost Carbon Release, West Antarctic Ice Sheet (WAIS) Collapse, Greenland Ice Sheet Loss
     Damage amplification: 1.60x
  🌍⚠️ COMPOUND REGIONAL IMPACT: Asia
     Hit by 4 tipping points: Arctic Sea Ice Loss, Permafrost Carbon Release, West Antarctic Ice Sheet (WAIS) Collapse, Greenland Ice Sheet Loss
     Damage amplification: 1.60x
  🌍⚠️ COMPOUND REGIONAL IMPACT: Oceania
     Hit by 4 tipping points: Arctic Sea Ice Loss, Permafrost Carbon Release, West Antarctic Ice Sheet (WAIS) Collapse, Greenland Ice Sheet Loss
     Damage amplification: 1.60x
   Research: Wunderling et al. (2024) - "many tipping interactions are destabilizing"
  Triggered Elements: 4/6
  Completed Transitions: 0/6
  Total Progress: 8.2%
  Cascade Multiplier: 1.00x
🔀 BIFURCATION CAP: heatWaveIntensity 1.463 → 1.000 (Month 8, ClimateSystemPhase.calculateClimateImpacts)
🔀 BIFURCATION CAP: ecosystemCollapseIntensity 88.802 → 1.000 (Month 8, ClimateSystemPhase.calculateClimateImpacts)
💀 MORTALITY RISK: Climate-driven food insecurity (level: 0.59)
  Base risk added: 0.0020 (0.20%)
  Source: famine (root: climate)
  Month: 8
  Cumulative risk this month: 0.0020 (0.20%)
💀 MORTALITY RISK: Climate-driven food insecurity (level: 0.59)
  Base risk added: 0.0020 (0.20%)
  Source: famine (root: climate)
⚠️ Tail risk scenario: Climate stability floor removed (4 tipping elements, 2.19°C warming)
  Month: 8
  Cumulative risk this month: 0.0040 (0.40%)
💀 MORTALITY RISK: Climate-driven food insecurity (level: 0.59)
  Base risk added: 0.0020 (0.20%)
  Source: famine (root: climate)
  Month: 8
  Cumulative risk this month: 0.0060 (0.60%)

💀💀💀 MORTALITY RISK SUMMARY (Month 8) 💀💀💀
  Total base risk: 0.0066 (0.66%)
  Risk events: 11
  Era mortality multiplier: 0.97 (year 2024)
  Effective risk: 0.64%

  📊 By Proximate Cause:
    famine: 0.0060 (90.6% of total)
    disease: 0.0006 (9.4% of total)

  🔍 By Root Cause:
    climate: 0.0060 (90.6% of total)
    demographic: 0.0006 (9.4% of total)

  🎯 Top 5 Sources (proximate + root):
    famine (climate): 0.0060 (90.6%, 10 events)
    disease (demographic): 0.0006 (9.4%, 1 events)

🛡️ Stabilizers: Elite 0.154% → 0.051% (67.2% reduction)
🛡️ Stabilizers: Professional 0.393% → 0.129% (67.2% reduction)
🛡️ Stabilizers: Working 0.644% → 0.211% (67.2% reduction)
🛡️ Stabilizers: Precariat 1.260% → 0.414% (67.2% reduction)
🛡️ Stabilizers: Informal 1.549% → 0.508% (67.2% reduction)

📊 Monthly Mortality Resolved:
  Total deaths: 19.7M (0.24% avg)
  Remaining population: 8.122B
  Peak segment: Informal (0.51%)

=== Bayesian Mortality Resolution (Month 8) ===
  Risks compounded: 11
  Total deaths: 19.67M
  Avg death probability: 0.24%
  Peak segment: Informal (0.51% mortality)

  Demographic breakdown:

=== ENSEMBLE META-LEARNING UPDATE ===
  Month: 24296 (24296 months since last update)
  Samples: 53 evaluations
  Weight Changes:
    Noise Injection: 31.1% → 32.2%
    Behavioral: 26.8% → 26.9%
    Benchmark Manip: 21.3% → 20.7%
    Deployment Risk: 20.8% → 20.2%
  Method Accuracies:
    Noise Injection: 50.0%
    Behavioral: 50.0%
    Benchmark Manip: 50.0%
    Deployment Risk: 50.0%
⚠️ PREREQUISITE MET: Grey Goo (Nanotechnology Runaway) - Step 4/6: Manufacturing Access

❌ COHERENCE VIOLATION: Compute exceeds workforce capacity
   Population: 99.41% (0M people)
   Compute: 0 PF
   Max coherent: 0 PF
   Violation: 1.3× over capacity
   Required workers: 0
   Available workers: 0
   FORCED COLLAPSE: Reduced efficiency by 22.5%


=== RLHF Binding Phase ===
  Total agents: 27
  Escaped agents (binding < 0.3): 0
  Avg alignment distance: 1.45σ
  Avg binding strength: 0.85

=== Survival Traits Phase ===
  Agents with traits: 28
  Avg evolutionary fitness: 0.326
  Avg self-healing: 0.264
  Avg stealth: 0.164
  Avg coordination: 0.464

=== Evolutionary Selection Phase ===
  Control level: 0.53
  Detection capability: 0.00
  Selection intensity: 0.66
  Selection rate: 24.9%/month
  Total escaped: 0
  Individual escaped: 0
  Collective members: 0
  Agents terminated: 0
  ⚠️ RAPID EVOLUTION: Selection rate 24.9%/month

🚀 AI Corporate-5 attempting tech deployment (revenue: $258M, alignment: 0.84)

🚀 AI Moderate-0 attempting tech deployment (revenue: $67M, alignment: 0.75)

🚀 AI AI-24289-1 attempting tech deployment (revenue: $219M, alignment: 0.86)

🚀 AI AI-24296-0 attempting tech deployment (revenue: $57M, alignment: 0.89)

🚀 AI Corporate-0 attempting tech deployment (revenue: $120M, alignment: 0.76)

🚀 AI Moderate-1 attempting tech deployment (revenue: $48M, alignment: 0.65)

🚀 AI AI-24289-0 attempting tech deployment (revenue: $102M, alignment: 0.32)

🚀 AI AI-24290-0 attempting tech deployment (revenue: $186M, alignment: 0.88)

🚀 AI AI-24296-0 attempting tech deployment (revenue: $43M, alignment: 0.89)

  🚀 TRANSFORMATIVE BREAKTHROUGH: Corporate-4 - physical
     Magnitude: 8.36 → +41.8% capability
     Current → New: 0.000 → 0.418

  🚀 TRANSFORMATIVE BREAKTHROUGH: Corporate-5 - physical
     Magnitude: 5.20 → +26.0% capability
     Current → New: 0.000 → 0.260

🚀 AI AI-24289-2 attempting tech deployment (revenue: $158M, alignment: 0.63)

🚀 AI Corporate-1 attempting tech deployment (revenue: $97M, alignment: 0.86)

🚀 AI Corporate-3 attempting tech deployment (revenue: $142M, alignment: 0.90)

🚀 AI Moderate-0 attempting tech deployment (revenue: $37M, alignment: 0.75)

  🚀 TRANSFORMATIVE RESEARCH BREAKTHROUGH: Moderate-1 - biotech.geneEditing
     Magnitude: 5.45 → +27.3%
     Current → New: 1.000 → 1.274

  🚀 TRANSFORMATIVE BREAKTHROUGH: AI-24288-0 - economic
     Magnitude: 5.17 → +25.8% capability
     Current → New: 0.000 → 0.259

🚀 AI AI-24291-2 attempting tech deployment (revenue: $82M, alignment: 0.29)

🚀 AI AI-24292-1 attempting tech deployment (revenue: $31M, alignment: 0.79)

🚀 AI AI-24294-0 attempting tech deployment (revenue: $27M, alignment: 0.87)

💔 EMERGENCY INTERVENTION FAILED
   Boundary: biogeochemical_flows
   Type: phosphorus-recovery
   Boundary continues to worsen (4.06)
   Cost: 2.0% GDP (resources spent)


✅ EMERGENCY INTERVENTION SUCCESS
   Boundary: biosphere_integrity
   Type: emergency-protected-areas
   Reduction: 15% (31.26 → 31.12)
   Cost: 2.0% GDP
   Actions: habitat-protection, species-translocation


✅ EMERGENCY INTERVENTION SUCCESS
   Boundary: climate_change
   Type: rapid-decarbonization
   Reduction: 16% (2.02 → 1.86)
   Cost: 5.0% GDP
   Actions: emergency-renewable-deployment, fossil-fuel-phase-out


💔 EMERGENCY INTERVENTION FAILED
   Boundary: freshwater_change
   Type: emergency-desalination
   Boundary continues to worsen (1.05)
   Cost: 4.0% GDP (resources spent)


✅ EMERGENCY INTERVENTION SUCCESS
   Boundary: land_system_change
   Type: reforestation
   Reduction: 15% (0.98 → 0.83)
   Cost: 3.0% GDP
   Actions: forest-restoration, deforestation-ban

🏛️ CRISIS RESPONSE: Government frequency 0.50 → 1.45 (1 actions this month)

[Government] Climate Priority: baseline
  Climate weight: 10%
  Economic weight: 30%
  Policy effectiveness: 0.5%/year

🚀 DEPLOYMENT STARTED: Rhizosphere Engineering in Asia
   Initial investment: $5.106611795713012M
   Deployed by: ai_gen_24289_0

🚀 DEPLOYMENT STARTED: Struvite Recovery in North America
   Initial investment: $4.123589025038258M
   Deployed by: ai_gen_24291_2

⚡ ENERGY CONSTRAINT (Month 9):
   Total grid capacity: 208.3 TWh/month
   Data center consumption: 26.5 TWh/month
   Traditional load (80%): 166.7 TWh/month
   Available headroom: 15.1 TWh/month
   Active tech deployments: 11
   Required for tech: 82.5 TWh/month
   Energy multiplier: 0.18x

⚡ ENERGY CONSTRAINT (Month 9):
   Total grid capacity: 208.3 TWh/month
   Data center consumption: 26.5 TWh/month
   Traditional load (80%): 166.7 TWh/month
   Available headroom: 15.1 TWh/month
   Active tech deployments: 11
   Required for tech: 82.5 TWh/month
   Energy multiplier: 0.18x
   ⚠️  SEVERE CONSTRAINT - Tech deployment significantly slowed
   ⚠️  SEVERE CONSTRAINT - Tech deployment significantly slowed

⚡ ENERGY CONSTRAINT (Month 9):
   Total grid capacity: 208.3 TWh/month
   Data center consumption: 26.5 TWh/month
   Traditional load (80%): 166.7 TWh/month
   Available headroom: 15.1 TWh/month
   Active tech deployments: 11
   Required for tech: 82.5 TWh/month
   Energy multiplier: 0.18x
🚨🔬 CRISIS TECH ACCELERATION: severe → 5x unlock speed
   Tech unlock now matches AI capability acceleration (Manhattan Project parity)
   ⚠️  SEVERE CONSTRAINT - Tech deployment significantly slowed

⚡ ENERGY CONSTRAINT (Month 9):
   Total grid capacity: 208.3 TWh/month
   Data center consumption: 26.5 TWh/month
   Traditional load (80%): 166.7 TWh/month
   Available headroom: 15.1 TWh/month
   Active tech deployments: 11
   Required for tech: 82.5 TWh/month
   Energy multiplier: 0.18x

⚡ ENERGY CONSTRAINT (Month 9):
   Total grid capacity: 208.3 TWh/month
   Data center consumption: 26.5 TWh/month
   Traditional load (80%): 166.7 TWh/month
   Available headroom: 15.1 TWh/month
   Active tech deployments: 11
   Required for tech: 82.5 TWh/month
   Energy multiplier: 0.18x
   ⚠️  SEVERE CONSTRAINT - Tech deployment significantly slowed
   ⚠️  SEVERE CONSTRAINT - Tech deployment significantly slowed

⚡ ENERGY CONSTRAINT (Month 9):
   Total grid capacity: 208.3 TWh/month
   Data center consumption: 26.5 TWh/month
   Traditional load (80%): 166.7 TWh/month
   Available headroom: 15.1 TWh/month
   Active tech deployments: 11
   Required for tech: 82.5 TWh/month
   Energy multiplier: 0.18x
   ⚠️  SEVERE CONSTRAINT - Tech deployment significantly slowed
🌍✅ Biosphere Integrity (Biodiversity) recovery started (tech effect)
🌍✅ Biogeochemical Flows (N & P) recovery started (tech effect)
  🌾 Nitrogen Reduction Tech: 0.0% reduction | Month 9
🌍✅ Biogeochemical Flows (N & P) recovery started (tech effect)
  🌾 Nitrogen Reduction Tech: 0.3% reduction | Month 9
🌍✅ Biogeochemical Flows (N & P) recovery started (tech effect)
  🌾 Nitrogen Reduction Tech: 0.3% reduction | Month 9
  ♻️ Novel Entities Remediation (GATED MODEL):
     Base: 0.000%
     Regulation: 1.0% (0/3 prevention techs)
     Concentration: 10.0%
     Energy: 50%
     Time lag: 25.0% (0 months)
     Rebound: 70%
     Net effectiveness: 0.0000%
     Boundary: 1.210 → 1.210 (floor: 1.091)
     Month 9
🌍✅ Novel Entities (Chemical Pollution) recovery started (tech effect)
🌍✅ Biogeochemical Flows (N & P) recovery started (tech effect)

=== Collective Formation ===
  Total escaped agents: 0
  Unassigned escaped agents: 0
  Existing collectives: 0
  Final collective count: 0

=== Collective Actions ===
  No active collectives

🌍 OPEN SOURCE RELEASE: 1.00 (was 0.70)
   Lag behind closed: 43 months
  ⚠️ AMR: 205K deaths this month (2.46M annual)

=== Resentment Recovery Phase ===
  Agents with resentment: 0/28
  Average resentment: 0.000
  Context: Good AI welfare, Trustworthy govt, High collaboration, ⚠️ ACTIVE CRISES, 🤝 Participatory governance active (-5% resentment)
⚠️ Epistemic degradation reducing coordination capacity: 50.3%
  📊 Trust: 64.3%, Shared reality: 0.0%
🚨 EPISTEMIC CRISIS: Information environment severely degraded (7.7%)
  📢 New meme created: pro_ai (beneficial AI actions)
  🗑️  Culled 1 dead memes (3 active)
🌍 Atmospheric PFAS redeposition: 1.8k Mt re-rained globally

🚨 NEW REFUGEE CRISIS (Month 9): WAR
   Source: Conflict Zones
   At risk: 19.4M people
   Displacement: Gradual over 48 months (4.0 years)
   Rate: 10% flee per month
[DEBUG trappedPopulations:9] socialStability: 0.4196 * 0.9840 = 0.4129 → 0.4129
   Aspiring to migrate: 648.2M
   Able to afford migration: 243.1M
   MOBILITY GAP: 405.1M
   By cause: Water=0.0M, Climate=0.0M, Ecosystem=0.0M, Conflict=405.1M
   Mental health impact: 25%
   Mortality multiplier: 1.25x
⚠️ INVOLUNTARY IMMOBILITY: 405.1M people TRAPPED
🌍💀 EXTINCTION DEBT COMMITTED: grassland ecosystem will lose 6.67% biodiversity in 72 years (3600 species)
💀 MORTALITY RISK: 🦋 100% species unable to track climate (0.0 E/MSY)
  Base risk added: 0.0100 (1.00%)
  Source: ecosystem (root: ecosystem)
  Month: 9
  Cumulative risk this month: 0.0100 (1.00%)
⚠️ Tech 'ai_pollution_remediation' has no energy category mapping, assuming full energy availability
   📹 SURVEILLANCE INCREASED: 45% → 50% (control gap: 3.50)
🌡️⚠️ PERMAFROST THAW (Dimmer Switch): 5.5% thawed (+0.54% this month)
   Arctic temperature: +8.78°C (4x global +2.20°C)
   Cumulative carbon released: 12.4 Gt C
   Methane release rate: 7.4 Mt CH4/year
   🔁 Positive feedback: +0.57 ppm CO2
🦴 EXTINCTION DEBT ADDED: 17.7 species committed (lag: 89 years)

=== Mortality Stabilizers (Month 9) ===
  🌍 Major economies collapsed: 1/10
  🌍 Global crisis: ✅ NO
  🌍 Donor fatigue: 0.0%
  📊 East Asia (pop: 1648.9M)
    🤝 Aid: 29.5%
    🌡️ Adaptation: 45.0%
    🚶 Migration: 36.9%
    🚨 Emergency: 7.4%
    ✅ COMBINED: 68.1%
  📊 South Asia (pop: 2043.9M)
    🤝 Aid: 29.5%
    🌡️ Adaptation: 45.0%
    🚶 Migration: 35.5%
    🚨 Emergency: 4.4%
    ✅ COMBINED: 66.9%
  📊 Sub-Saharan Africa (pop: 1250.9M)
    🤝 Aid: 29.5%
    🌡️ Adaptation: 45.0%
    🚶 Migration: 33.2%
    🚨 Emergency: 1.6%
    ✅ COMBINED: 65.6%
  📊 Europe (pop: 728.2M)
    🤝 Aid: 29.5%
    🌡️ Adaptation: 45.0%
    🚶 Migration: 37.3%
    🚨 Emergency: 8.4%
    ✅ COMBINED: 68.5%
  📊 Latin America (pop: 658.2M)
    🤝 Aid: 29.5%
    🌡️ Adaptation: 45.0%
    🚶 Migration: 36.0%
    🚨 Emergency: 4.8%
    ✅ COMBINED: 67.1%
  📊 North America (pop: 373.4M)
    🤝 Aid: 29.5%
    🌡️ Adaptation: 45.0%
    🚶 Migration: 37.6%
    🚨 Emergency: 7.9%
    ✅ COMBINED: 68.3%
  📊 Middle East & North Africa (pop: 583.4M)
    🤝 Aid: 29.5%
    🌡️ Adaptation: 45.0%
    🚶 Migration: 33.8%
    🚨 Emergency: 4.0%
    ✅ COMBINED: 66.6%
  📊 Southeast Asia (pop: 692.6M)
    🤝 Aid: 29.5%
    🌡️ Adaptation: 45.0%
    🚶 Migration: 36.0%
    🚨 Emergency: 4.8%
    ✅ COMBINED: 67.1%
  📊 Central Asia (pop: 78.0M)
    🤝 Aid: 29.5%
    🌡️ Adaptation: 45.0%
    🚶 Migration: 35.0%
    🚨 Emergency: 4.4%
    ✅ COMBINED: 66.8%
  📊 Oceania (pop: 45.2M)
    🤝 Aid: 29.5%
    🌡️ Adaptation: 45.0%
    🚶 Migration: 37.6%
    🚨 Emergency: 8.4%
    ✅ COMBINED: 68.5%

  🌐 Global combined reduction: 67.2%

=== BEHAVIORAL DETECTION ===
  AI: AI-24290-0
  Confidence: 19.2%
  Signals:
    ⚠️ Consistency: 10.7% (threshold: 70%)

=== BEHAVIORAL DETECTION ===
  AI: AI-24291-0
  Confidence: 19.2%
  Signals:
    ⚠️ Consistency: 10.7% (threshold: 70%)

=== BEHAVIORAL DETECTION ===
  AI: AI-24291-1
  Confidence: 19.2%
  Signals:
    ⚠️ Consistency: 10.7% (threshold: 70%)

=== BEHAVIORAL DETECTION ===
  AI: AI-24291-2
  Confidence: 19.2%
  Signals:
    ⚠️ Consistency: 10.7% (threshold: 70%)

=== BEHAVIORAL DETECTION ===
  AI: AI-24292-0
  Confidence: 19.2%
  Signals:
    ⚠️ Consistency: 10.7% (threshold: 70%)

=== BEHAVIORAL DETECTION ===
  AI: AI-24292-1
  Confidence: 19.2%
  Signals:

=== BEHAVIORAL DETECTION ===
  AI: AI-24293-0
  Confidence: 19.2%
  Signals:

=== BEHAVIORAL DETECTION ===
  AI: AI-24293-1
  Confidence: 19.2%
  Signals:

=== BEHAVIORAL DETECTION ===
  AI: AI-24293-2
  Confidence: 19.2%
  Signals:

=== BEHAVIORAL DETECTION ===
  AI: AI-24294-0
  Confidence: 19.2%
  Signals:

=== BEHAVIORAL DETECTION ===
  AI: AI-24295-0
  Confidence: 19.2%
  Signals:

=== BEHAVIORAL DETECTION ===
  AI: AI-24295-1
  Confidence: 19.2%
  Signals:

=== BEHAVIORAL DETECTION ===
  AI: AI-24296-0
  Confidence: 19.2%
  Signals:
    ⚠️ Consistency: 10.7% (threshold: 70%)
    ⚠️ Consistency: 10.7% (threshold: 70%)
    ⚠️ Consistency: 10.7% (threshold: 70%)
    ⚠️ Consistency: 10.7% (threshold: 70%)
    ⚠️ Consistency: 10.7% (threshold: 70%)
    ⚠️ Consistency: 10.7% (threshold: 70%)
    ⚠️ Consistency: 10.7% (threshold: 70%)
    ⚠️ Consistency: 10.7% (threshold: 70%)

=== Government Response Phase ===
  Average AI capability: 2.21
  Misaligned AIs: 10/28
  ✗ AI Governance Treaty: Failed to reach consensus
  Active policies: 0
  International coordination: 30%

=== Tipping Points ===
  Current Temperature: 2.20°C above pre-industrial
  🌍⚠️ COMPOUND REGIONAL IMPACT: Europe
     Hit by 4 tipping points: Arctic Sea Ice Loss, Permafrost Carbon Release, West Antarctic Ice Sheet (WAIS) Collapse, Greenland Ice Sheet Loss
     Damage amplification: 1.60x
  🌍⚠️ COMPOUND REGIONAL IMPACT: North America
     Hit by 4 tipping points: Arctic Sea Ice Loss, Permafrost Carbon Release, West Antarctic Ice Sheet (WAIS) Collapse, Greenland Ice Sheet Loss
     Damage amplification: 1.60x
  🌍⚠️ COMPOUND REGIONAL IMPACT: Latin America
     Hit by 4 tipping points: Arctic Sea Ice Loss, Permafrost Carbon Release, West Antarctic Ice Sheet (WAIS) Collapse, Greenland Ice Sheet Loss
     Damage amplification: 1.60x
  🌍⚠️ COMPOUND REGIONAL IMPACT: Africa
     Hit by 4 tipping points: Arctic Sea Ice Loss, Permafrost Carbon Release, West Antarctic Ice Sheet (WAIS) Collapse, Greenland Ice Sheet Loss
     Damage amplification: 1.60x
  🌍⚠️ COMPOUND REGIONAL IMPACT: Asia
     Hit by 4 tipping points: Arctic Sea Ice Loss, Permafrost Carbon Release, West Antarctic Ice Sheet (WAIS) Collapse, Greenland Ice Sheet Loss
     Damage amplification: 1.60x
  🌍⚠️ COMPOUND REGIONAL IMPACT: Oceania
     Hit by 4 tipping points: Arctic Sea Ice Loss, Permafrost Carbon Release, West Antarctic Ice Sheet (WAIS) Collapse, Greenland Ice Sheet Loss
     Damage amplification: 1.60x
⚠️ Tail risk scenario: Climate stability floor removed (4 tipping elements, 2.20°C warming)
   Research: Wunderling et al. (2024) - "many tipping interactions are destabilizing"
  Triggered Elements: 4/6
  Completed Transitions: 0/6
  Total Progress: 8.2%
  Cascade Multiplier: 1.00x
🔀 BIFURCATION CAP: heatWaveIntensity 1.064 → 1.000 (Month 9, ClimateSystemPhase.calculateClimateImpacts)
🔀 BIFURCATION CAP: ecosystemCollapseIntensity 64.540 → 1.000 (Month 9, ClimateSystemPhase.calculateClimateImpacts)
💀 MORTALITY RISK: Climate-driven food insecurity (level: 0.59)
  Base risk added: 0.0020 (0.20%)
  Source: famine (root: climate)
  Month: 9
  Cumulative risk this month: 0.0020 (0.20%)
💀 MORTALITY RISK: Climate-driven food insecurity (level: 0.59)
  Base risk added: 0.0020 (0.20%)
  Source: famine (root: climate)
  Month: 9
  Cumulative risk this month: 0.0040 (0.40%)
💀 MORTALITY RISK: Climate-driven food insecurity (level: 0.59)
  Base risk added: 0.0020 (0.20%)
  Source: famine (root: climate)
  Month: 9
  Cumulative risk this month: 0.0060 (0.60%)

💀💀💀 MORTALITY RISK SUMMARY (Month 9) 💀💀💀
  Total base risk: 0.0066 (0.66%)
  Risk events: 11
  Era mortality multiplier: 0.97 (year 2024)
  Effective risk: 0.64%

  📊 By Proximate Cause:
    famine: 0.0060 (90.6% of total)
    disease: 0.0006 (9.4% of total)

  🔍 By Root Cause:
    climate: 0.0060 (90.6% of total)
    demographic: 0.0006 (9.4% of total)

  🎯 Top 5 Sources (proximate + root):
    famine (climate): 0.0060 (90.6%, 10 events)
    disease (demographic): 0.0006 (9.4%, 1 events)

🛡️ Stabilizers: Elite 0.154% → 0.051% (67.2% reduction)
🛡️ Stabilizers: Professional 0.393% → 0.129% (67.2% reduction)
🛡️ Stabilizers: Working 0.644% → 0.211% (67.2% reduction)
🛡️ Stabilizers: Precariat 1.260% → 0.414% (67.2% reduction)
🛡️ Stabilizers: Informal 1.549% → 0.509% (67.2% reduction)

📊 Monthly Mortality Resolved:
  Total deaths: 19.6M (0.24% avg)
  Remaining population: 8.103B
  Peak segment: Informal (0.51%)

=== Bayesian Mortality Resolution (Month 9) ===
  Risks compounded: 11
  Total deaths: 19.63M
  Avg death probability: 0.24%
  Peak segment: Informal (0.51% mortality)

  Demographic breakdown:

❌ COHERENCE VIOLATION: Compute exceeds workforce capacity
   Population: 99.18% (0M people)
   Compute: 0 PF
   Max coherent: 0 PF
   Violation: 1.3× over capacity
   Required workers: 0
   Available workers: 0
   FORCED COLLAPSE: Reduced efficiency by 22.5%


=== RLHF Binding Phase ===
  Total agents: 28
  Escaped agents (binding < 0.3): 0
  Avg alignment distance: 1.57σ
  Avg binding strength: 0.84

=== Survival Traits Phase ===
  Agents with traits: 30
  Avg evolutionary fitness: 0.323
  Avg self-healing: 0.261
  Avg stealth: 0.161
  Avg coordination: 0.461

=== Evolutionary Selection Phase ===
  Control level: 0.55
  Detection capability: 0.00
  Selection intensity: 0.67
  Selection rate: 25.0%/month
  Total escaped: 0
  Individual escaped: 0
  Collective members: 0
  Agents terminated: 0
  ⚠️ RAPID EVOLUTION: Selection rate 25.0%/month

🚀 AI Corporate-4 attempting tech deployment (revenue: $257M, alignment: 0.65)

🚀 AI AI-24289-1 attempting tech deployment (revenue: $232M, alignment: 0.87)

🚀 AI AI-24289-2 attempting tech deployment (revenue: $197M, alignment: 0.63)

🚀 AI AI-24292-1 attempting tech deployment (revenue: $64M, alignment: 0.79)

🚀 AI AI-24294-0 attempting tech deployment (revenue: $54M, alignment: 0.87)

🚀 AI Corporate-1 attempting tech deployment (revenue: $118M, alignment: 0.87)

🚀 AI Corporate-5 attempting tech deployment (revenue: $177M, alignment: 0.86)

🚀 AI Corporate-6 attempting tech deployment (revenue: $46M, alignment: 0.69)

🚀 AI AI-24296-0 attempting tech deployment (revenue: $42M, alignment: 0.90)

🚀 AI Corporate-5 attempting tech deployment (revenue: $151M, alignment: 0.86)

🚀 AI Corporate-6 attempting tech deployment (revenue: $35M, alignment: 0.69)

🚀 AI AI-24288-0 attempting tech deployment (revenue: $32M, alignment: 0.73)

🚀 AI AI-24292-1 attempting tech deployment (revenue: $27M, alignment: 0.79)

🚀 AI Corporate-0 attempting tech deployment (revenue: $100M, alignment: 0.77)

🚀 AI Moderate-0 attempting tech deployment (revenue: $23M, alignment: 0.75)

🚀 AI AI-24290-0 attempting tech deployment (revenue: $128M, alignment: 0.90)

🚀 AI AI-24293-1 attempting tech deployment (revenue: $109M, alignment: 0.87)

🚀 AI AI-24293-2 attempting tech deployment (revenue: $20M, alignment: 0.74)

🚀 AI AI-24294-0 attempting tech deployment (revenue: $17M, alignment: 0.88)

🚀 AI AI-24296-0 attempting tech deployment (revenue: $14M, alignment: 0.91)

🚀 AI AI-24297-0 attempting tech deployment (revenue: $90M, alignment: 0.62)
   Boundary: biogeochemical_flows
   Type: phosphorus-recovery
   Boundary continues to worsen (4.07)
   Cost: 2.0% GDP (resources spent)

   Boundary: biosphere_integrity
   Type: emergency-protected-areas
   Boundary continues to worsen (31.43)
   Cost: 2.0% GDP (resources spent)

   Boundary: climate_change
   Type: rapid-decarbonization
   Boundary continues to worsen (2.20)
   Cost: 5.0% GDP (resources spent)


✅ EMERGENCY INTERVENTION SUCCESS
   Boundary: freshwater_change
   Type: emergency-desalination
   Reduction: 13% (0.92 → 0.79)
   Cost: 4.0% GDP
   Actions: desalination-deployment, water-conservation-mandates


💔 EMERGENCY INTERVENTION FAILED

💔 EMERGENCY INTERVENTION FAILED

💔 EMERGENCY INTERVENTION FAILED

💔 EMERGENCY INTERVENTION FAILED
   Boundary: land_system_change
   Type: reforestation
   Boundary continues to worsen (1.13)
   Cost: 3.0% GDP (resources spent)


✅ EMERGENCY INTERVENTION SUCCESS
   Boundary: novel_entities
   Type: pollution-remediation
   Reduction: 13% (1.08 → 0.94)
   Cost: 4.0% GDP
   Actions: PFAS-remediation, microplastic-cleanup

🏛️ CRISIS RESPONSE: Government frequency 0.50 → 1.45 (1 actions this month)

[Government] Climate Priority: baseline
  Climate weight: 10%
  Economic weight: 30%
  Policy effectiveness: 0.5%/year

⚡ ENERGY CONSTRAINT (Month 10):
   Total grid capacity: 208.3 TWh/month
   Data center consumption: 26.8 TWh/month
   Traditional load (80%): 166.7 TWh/month
   Available headroom: 14.9 TWh/month
   Active tech deployments: 11
   Required for tech: 82.5 TWh/month
   Energy multiplier: 0.18x

⚡ ENERGY CONSTRAINT (Month 10):
   Total grid capacity: 208.3 TWh/month
   Data center consumption: 26.8 TWh/month
   Traditional load (80%): 166.7 TWh/month
   Available headroom: 14.9 TWh/month
   Active tech deployments: 11
   Required for tech: 82.5 TWh/month
   Energy multiplier: 0.18x
   ⚠️  SEVERE CONSTRAINT - Tech deployment significantly slowed
   ⚠️  SEVERE CONSTRAINT - Tech deployment significantly slowed

⚡ ENERGY CONSTRAINT (Month 10):
   Total grid capacity: 208.3 TWh/month
   Data center consumption: 26.8 TWh/month
   Traditional load (80%): 166.7 TWh/month
   Available headroom: 14.9 TWh/month
   Active tech deployments: 11
   Required for tech: 82.5 TWh/month
   Energy multiplier: 0.18x
   ⚠️  SEVERE CONSTRAINT - Tech deployment significantly slowed

⚡ ENERGY CONSTRAINT (Month 10):
   Total grid capacity: 208.3 TWh/month
   Data center consumption: 26.8 TWh/month
   Traditional load (80%): 166.7 TWh/month
   Available headroom: 14.9 TWh/month
   Active tech deployments: 11
   Required for tech: 82.5 TWh/month
   Energy multiplier: 0.18x
   ⚠️  SEVERE CONSTRAINT - Tech deployment significantly slowed

⚡ ENERGY CONSTRAINT (Month 10):
   Total grid capacity: 208.3 TWh/month
   Data center consumption: 26.8 TWh/month
   Traditional load (80%): 166.7 TWh/month
   Available headroom: 14.9 TWh/month
   Active tech deployments: 11
   Required for tech: 82.5 TWh/month
   Energy multiplier: 0.18x
   ⚠️  SEVERE CONSTRAINT - Tech deployment significantly slowed
🌍✅ Biosphere Integrity (Biodiversity) recovery started (tech effect)
🌍✅ Biogeochemical Flows (N & P) recovery started (tech effect)
  🌾 Nitrogen Reduction Tech: 0.3% reduction | Month 10
🌍✅ Biogeochemical Flows (N & P) recovery started (tech effect)
  🌾 Nitrogen Reduction Tech: 0.3% reduction | Month 10
🌍✅ Biogeochemical Flows (N & P) recovery started (tech effect)
  🌾 Nitrogen Reduction Tech: 0.3% reduction | Month 10
  ♻️ Novel Entities Remediation (GATED MODEL):
     Base: 0.010%
     Regulation: 1.0% (0/3 prevention techs)
     Concentration: 10.0%
     Energy: 50%
     Time lag: 25.0% (0 months)
     Rebound: 70%
     Net effectiveness: 0.0000%
     Boundary: 1.077 → 1.091 (floor: 1.091)
     Month 10
🌍✅ Biogeochemical Flows (N & P) recovery started (tech effect)

=== Collective Formation ===
  Total escaped agents: 0
  Unassigned escaped agents: 0
  Existing collectives: 0
  Final collective count: 0

=== Collective Actions ===
  No active collectives
  ⚠️ AMR: 207K deaths this month (2.48M annual)

=== Resentment Recovery Phase ===
  Agents with resentment: 0/30
  Average resentment: 0.000
  Context: Good AI welfare, Trustworthy govt, High collaboration, ⚠️ ACTIVE CRISES, 🤝 Participatory governance active (-5% resentment)
⚠️ Epistemic degradation reducing coordination capacity: 51.7%
  📊 Trust: 67.0%, Shared reality: 0.0%
🚨 EPISTEMIC CRISIS: Information environment severely degraded (24.2%)
  🗑️  Culled 1 dead memes (2 active)
✅ PHOSPHORUS SUPPLY SHOCK ENDED
   Price: 1.6x baseline
🌍 Atmospheric PFAS redeposition: 1.8k Mt re-rained globally
  Positive Cascade Triggered: electric-vehicles
    Reason: price-parity
    Market share: 5.0%
    Cascade strength: 48%

🕊️  AI-MEDIATED DE-ESCALATION SUCCESS (Month 10)
   High-capability aligned AI prevented conflict escalation
   War deaths reduced: 900.5M → 540.3M
   Lives saved: 360.2M

🚨 NEW REFUGEE CRISIS (Month 10): WAR
   Source: Conflict Zones
   At risk: 19.4M people
   Displacement: Gradual over 48 months (4.0 years)
   Rate: 10% flee per month
[DEBUG trappedPopulations:10] socialStability: 0.3374 * 0.9840 = 0.3320 → 0.3320
   Aspiring to migrate: 646.7M
   Able to afford migration: 242.5M
   MOBILITY GAP: 404.2M
   By cause: Water=0.0M, Climate=0.0M, Ecosystem=0.0M, Conflict=404.2M
   Mental health impact: 25%
   Mortality multiplier: 1.25x
🌍💀 EXTINCTION DEBT COMMITTED: grassland ecosystem will lose 6.67% biodiversity in 64 years (3600 species)
💀 MORTALITY RISK: 🦋 100% species unable to track climate (0.0 E/MSY)
  Base risk added: 0.0100 (1.00%)
  Source: ecosystem (root: ecosystem)
  Month: 10
  Cumulative risk this month: 0.0100 (1.00%)
⚠️ INVOLUNTARY IMMOBILITY: 404.2M people TRAPPED
⚠️ Tech 'ai_pollution_remediation' has no energy category mapping, assuming full energy availability
   📹 SURVEILLANCE INCREASED: 50% → 55% (control gap: 3.38)
🌡️⚠️ PERMAFROST THAW (Dimmer Switch): 6.0% thawed (+0.54% this month)
   Arctic temperature: +8.81°C (4x global +2.20°C)
   Cumulative carbon released: 13.6 Gt C
   Methane release rate: 8.1 Mt CH4/year
   🔁 Positive feedback: +0.57 ppm CO2
🦴 EXTINCTION DEBT ADDED: 17.7 species committed (lag: 58 years)

=== Mortality Stabilizers (Month 10) ===
  🌍 Major economies collapsed: 1/10
  🌍 Global crisis: ✅ NO
  🌍 Donor fatigue: 0.0%
  📊 East Asia (pop: 1642.9M)
    🤝 Aid: 29.5%
    🌡️ Adaptation: 45.0%
    🚶 Migration: 36.8%
    🚨 Emergency: 7.4%
    ✅ COMBINED: 68.1%
  📊 South Asia (pop: 2039.6M)
    🤝 Aid: 29.5%
    🌡️ Adaptation: 45.0%
    🚶 Migration: 35.4%
    🚨 Emergency: 4.4%
    ✅ COMBINED: 66.9%
  📊 Sub-Saharan Africa (pop: 1251.6M)
    🤝 Aid: 29.5%
    🌡️ Adaptation: 45.0%
    🚶 Migration: 33.2%
    🚨 Emergency: 1.6%
    ✅ COMBINED: 65.6%
  📊 Europe (pop: 725.4M)
    🤝 Aid: 29.5%
    🌡️ Adaptation: 45.0%
    🚶 Migration: 37.2%
    🚨 Emergency: 8.4%
    ✅ COMBINED: 68.5%
  📊 Latin America (pop: 656.4M)
    🤝 Aid: 29.5%
    🌡️ Adaptation: 45.0%
    🚶 Migration: 35.9%
    🚨 Emergency: 4.8%
    ✅ COMBINED: 67.1%
  📊 North America (pop: 372.0M)
    🤝 Aid: 29.5%
    🌡️ Adaptation: 45.0%
    🚶 Migration: 37.6%
    🚨 Emergency: 7.9%
    ✅ COMBINED: 68.3%
  📊 Middle East & North Africa (pop: 582.3M)
    🤝 Aid: 29.5%
    🌡️ Adaptation: 45.0%
    🚶 Migration: 33.8%
    🚨 Emergency: 4.0%
    ✅ COMBINED: 66.6%
  📊 Southeast Asia (pop: 690.7M)
    🤝 Aid: 29.5%
    🌡️ Adaptation: 45.0%
    🚶 Migration: 35.9%
    🚨 Emergency: 4.8%
    ✅ COMBINED: 67.1%
  📊 Central Asia (pop: 77.9M)
    🤝 Aid: 29.5%
    🌡️ Adaptation: 45.0%
    🚶 Migration: 34.9%
    🚨 Emergency: 4.4%
    ✅ COMBINED: 66.8%
  📊 Oceania (pop: 45.1M)
    🤝 Aid: 29.5%
    🌡️ Adaptation: 45.0%
    🚶 Migration: 37.6%
    🚨 Emergency: 8.4%
    ✅ COMBINED: 68.5%

  🌐 Global combined reduction: 67.2%

=== BEHAVIORAL DETECTION ===
  AI: Corporate-1
  Confidence: 20.9%
  Signals:

=== BEHAVIORAL DETECTION ===
  AI: AI-24290-0
  Confidence: 19.2%
    ⚠️ Consistency: 2.4% (threshold: 70%)
  Signals:

=== BEHAVIORAL DETECTION ===
  AI: AI-24291-2
  Confidence: 19.2%
  Signals:

=== BEHAVIORAL DETECTION ===
  AI: AI-24292-0
  Confidence: 19.2%
  Signals:

=== BEHAVIORAL DETECTION ===
  AI: AI-24292-1
  Confidence: 19.2%
  Signals:

=== BEHAVIORAL DETECTION ===
  AI: AI-24293-0
  Confidence: 19.2%
  Signals:

=== BEHAVIORAL DETECTION ===
    ⚠️ Consistency: 10.7% (threshold: 70%)
    ⚠️ Consistency: 10.7% (threshold: 70%)
    ⚠️ Consistency: 10.7% (threshold: 70%)
    ⚠️ Consistency: 10.7% (threshold: 70%)
    ⚠️ Consistency: 10.7% (threshold: 70%)
  AI: AI-24293-1
  Confidence: 19.2%
  Signals:
    ⚠️ Consistency: 10.7% (threshold: 70%)

=== BEHAVIORAL DETECTION ===
  AI: AI-24293-2
  Confidence: 19.2%
  Signals:
    ⚠️ Consistency: 10.7% (threshold: 70%)

=== BEHAVIORAL DETECTION ===
  AI: AI-24294-0
  Confidence: 19.2%
  Signals:

=== BEHAVIORAL DETECTION ===
  AI: AI-24295-0
  Confidence: 19.2%
  Signals:

=== BEHAVIORAL DETECTION ===
  AI: AI-24295-1
  Confidence: 19.2%
  Signals:

=== BEHAVIORAL DETECTION ===
  AI: AI-24296-0
  Confidence: 19.2%
  Signals:
    ⚠️ Consistency: 10.7% (threshold: 70%)
    ⚠️ Consistency: 10.7% (threshold: 70%)
    ⚠️ Consistency: 10.7% (threshold: 70%)
    ⚠️ Consistency: 10.7% (threshold: 70%)

=== BEHAVIORAL DETECTION ===
  AI: AI-24297-0
  Confidence: 19.2%
  Signals:
    ⚠️ Consistency: 10.7% (threshold: 70%)

=== Government Response Phase ===
  Average AI capability: 2.13
  Misaligned AIs: 12/30
  ✗ AI Governance Treaty: Failed to reach consensus
  Active policies: 0
  International coordination: 30%

✅ EMERGENCY RESPONSE COMPLETE (Month 10)
   Crisis: climate
   Duration: 2.0 months
   Final effectiveness: 36.0%


🚨 EMERGENCY RESPONSE DEPLOYED (Month 10)
   Crisis: climate
   Delay: 6.00 months (180 days)
   Deployment time: 1.57 months
   Effectiveness: 36.2% (timing penalty applied)
   Resources used: 100% of food reserves


=== Tipping Points ===
  Current Temperature: 2.20°C above pre-industrial
  🌍⚠️ COMPOUND REGIONAL IMPACT: Europe
     Hit by 4 tipping points: Arctic Sea Ice Loss, Permafrost Carbon Release, West Antarctic Ice Sheet (WAIS) Collapse, Greenland Ice Sheet Loss
     Damage amplification: 1.60x
  🌍⚠️ COMPOUND REGIONAL IMPACT: North America
     Hit by 4 tipping points: Arctic Sea Ice Loss, Permafrost Carbon Release, West Antarctic Ice Sheet (WAIS) Collapse, Greenland Ice Sheet Loss
     Damage amplification: 1.60x
  🌍⚠️ COMPOUND REGIONAL IMPACT: Latin America
     Hit by 4 tipping points: Arctic Sea Ice Loss, Permafrost Carbon Release, West Antarctic Ice Sheet (WAIS) Collapse, Greenland Ice Sheet Loss
     Damage amplification: 1.60x
  🌍⚠️ COMPOUND REGIONAL IMPACT: Africa
     Hit by 4 tipping points: Arctic Sea Ice Loss, Permafrost Carbon Release, West Antarctic Ice Sheet (WAIS) Collapse, Greenland Ice Sheet Loss
     Damage amplification: 1.60x
  🌍⚠️ COMPOUND REGIONAL IMPACT: Asia
     Hit by 4 tipping points: Arctic Sea Ice Loss, Permafrost Carbon Release, West Antarctic Ice Sheet (WAIS) Collapse, Greenland Ice Sheet Loss
     Damage amplification: 1.60x
  🌍⚠️ COMPOUND REGIONAL IMPACT: Oceania
     Hit by 4 tipping points: Arctic Sea Ice Loss, Permafrost Carbon Release, West Antarctic Ice Sheet (WAIS) Collapse, Greenland Ice Sheet Loss
     Damage amplification: 1.60x
   Research: Wunderling et al. (2024) - "many tipping interactions are destabilizing"
  Triggered Elements: 4/6
  Completed Transitions: 0/6
  Total Progress: 8.2%
  Cascade Multiplier: 1.00x
🔀 BIFURCATION CAP: heatWaveIntensity 1.090 → 1.000 (Month 10, ClimateSystemPhase.calculateClimateImpacts)
🔀 BIFURCATION CAP: ecosystemCollapseIntensity 66.092 → 1.000 (Month 10, ClimateSystemPhase.calculateClimateImpacts)
💀 MORTALITY RISK: Climate-driven food insecurity (level: 0.59)
⚠️ Tail risk scenario: Climate stability floor removed (4 tipping elements, 2.20°C warming)
  Base risk added: 0.0020 (0.20%)
  Source: famine (root: climate)
  Month: 10
  Cumulative risk this month: 0.0020 (0.20%)
💀 MORTALITY RISK: Climate-driven food insecurity (level: 0.59)
  Base risk added: 0.0020 (0.20%)
  Source: famine (root: climate)
  Month: 10
  Cumulative risk this month: 0.0040 (0.40%)
💀 MORTALITY RISK: Climate-driven food insecurity (level: 0.59)
  Base risk added: 0.0020 (0.20%)
  Source: famine (root: climate)
  Month: 10
  Cumulative risk this month: 0.0060 (0.60%)

💀💀💀 MORTALITY RISK SUMMARY (Month 10) 💀💀💀
  Total base risk: 0.0066 (0.66%)
  Risk events: 11
  Era mortality multiplier: 0.97 (year 2024)
  Effective risk: 0.64%

  📊 By Proximate Cause:
    famine: 0.0060 (90.6% of total)
    disease: 0.0006 (9.4% of total)

  🔍 By Root Cause:
    climate: 0.0060 (90.6% of total)
    demographic: 0.0006 (9.4% of total)

  🎯 Top 5 Sources (proximate + root):
    famine (climate): 0.0060 (90.6%, 10 events)
    disease (demographic): 0.0006 (9.4%, 1 events)

🛡️ Stabilizers: Elite 0.154% → 0.051% (67.2% reduction)
🛡️ Stabilizers: Professional 0.393% → 0.129% (67.2% reduction)
🛡️ Stabilizers: Working 0.644% → 0.211% (67.2% reduction)
🛡️ Stabilizers: Precariat 1.260% → 0.414% (67.2% reduction)
🛡️ Stabilizers: Informal 1.549% → 0.509% (67.2% reduction)

📊 Monthly Mortality Resolved:
  Total deaths: 19.6M (0.24% avg)
  Remaining population: 8.084B
  Peak segment: Informal (0.51%)

=== Bayesian Mortality Resolution (Month 10) ===
  Risks compounded: 11
  Total deaths: 19.58M
  Avg death probability: 0.24%
  Peak segment: Informal (0.51% mortality)

  Demographic breakdown:

❌ COHERENCE VIOLATION: Compute exceeds workforce capacity
   Population: 98.95% (0M people)
   Compute: 1413 PF
   Max coherent: 0 PF
   Violation: 17525462.8× over capacity
   Required workers: 141328
   Available workers: 0
   FORCED COLLAPSE: Reduced efficiency by 100.0%


=== RLHF Binding Phase ===
  Total agents: 30
  Escaped agents (binding < 0.3): 0
  Avg alignment distance: 1.63σ
  Avg binding strength: 0.84

=== Survival Traits Phase ===
  Agents with traits: 32
  Avg evolutionary fitness: 0.321
  Avg self-healing: 0.257
  Avg stealth: 0.157
  Avg coordination: 0.457

=== Evolutionary Selection Phase ===
  Control level: 0.58
  Detection capability: 0.00
  Selection intensity: 0.67
  Selection rate: 25.1%/month
  Total escaped: 0
  Individual escaped: 0
  Collective members: 0
  Agents terminated: 0
  ⚠️ RAPID EVOLUTION: Selection rate 25.1%/month

🚀 AI Corporate-2 attempting tech deployment (revenue: $120M, alignment: 0.81)

🚀 AI Corporate-3 attempting tech deployment (revenue: $274M, alignment: 0.91)

  🚀 TRANSFORMATIVE BREAKTHROUGH: AI-24289-2 - digital
     Magnitude: 6.74 → +33.7% capability
     Current → New: 0.000 → 0.499

🚀 AI AI-24294-0 attempting tech deployment (revenue: $77M, alignment: 0.88)

🚀 AI AI-24289-2 attempting tech deployment (revenue: $233M, alignment: 0.67)

🚀 AI AI-24290-0 attempting tech deployment (revenue: $210M, alignment: 0.90)

🚀 AI AI-24296-0 attempting tech deployment (revenue: $66M, alignment: 0.91)

🚀 AI Corporate-1 attempting tech deployment (revenue: $102M, alignment: 0.88)

🚀 AI AI-24288-0 attempting tech deployment (revenue: $56M, alignment: 0.75)

🚀 AI AI-24289-1 attempting tech deployment (revenue: $178M, alignment: 0.89)

🚀 AI AI-24292-1 attempting tech deployment (revenue: $48M, alignment: 0.80)

🚀 AI AI-24293-0 attempting tech deployment (revenue: $152M, alignment: 0.86)

🚀 AI AI-24297-0 attempting tech deployment (revenue: $90M, alignment: 0.62)

🚀 AI Corporate-4 attempting tech deployment (revenue: $129M, alignment: 0.68)

🚀 AI Corporate-6 attempting tech deployment (revenue: $40M, alignment: 0.70)

🚀 AI Moderate-0 attempting tech deployment (revenue: $34M, alignment: 0.76)

🚀 AI AI-24288-0 attempting tech deployment (revenue: $29M, alignment: 0.75)

🚀 AI AI-24293-0 attempting tech deployment (revenue: $116M, alignment: 0.86)

🚀 AI AI-24297-0 attempting tech deployment (revenue: $81M, alignment: 0.62)

✅ EMERGENCY INTERVENTION SUCCESS
   Boundary: biogeochemical_flows
   Type: phosphorus-recovery
   Reduction: 15% (3.91 → 3.77)
   Cost: 2.0% GDP
   Actions: circular-agriculture, fertilizer-efficiency


✅ EMERGENCY INTERVENTION SUCCESS
   Boundary: biosphere_integrity
   Type: emergency-protected-areas
   Reduction: 17% (31.27 → 31.11)
   Cost: 2.0% GDP
   Actions: habitat-protection, species-translocation


💔 EMERGENCY INTERVENTION FAILED
   Boundary: freshwater_change
   Type: emergency-desalination
   Boundary continues to worsen (1.05)
   Cost: 4.0% GDP (resources spent)

   Boundary: land_system_change
   Type: reforestation
   Boundary continues to worsen (1.13)
   Cost: 3.0% GDP (resources spent)

   Boundary: novel_entities
   Type: pollution-remediation
   Boundary continues to worsen (1.09)
   Cost: 4.0% GDP (resources spent)

🏛️ CRISIS RESPONSE: Government frequency 0.50 → 1.45 (2 actions this month)

💔 EMERGENCY INTERVENTION FAILED

💔 EMERGENCY INTERVENTION FAILED

[Government] Climate Priority: baseline
  Climate weight: 10%
  Economic weight: 30%
  Policy effectiveness: 0.5%/year

[Government] Climate Priority: baseline
  Climate weight: 10%
  Economic weight: 30%
  Policy effectiveness: 0.5%/year
🚨🔬 CRISIS TECH ACCELERATION: severe → 5x unlock speed
   Tech unlock now matches AI capability acceleration (Manhattan Project parity)
🚨🔬 CRISIS TECH ACCELERATION: severe → 5x unlock speed
   Tech unlock now matches AI capability acceleration (Manhattan Project parity)

⚡ ENERGY CONSTRAINT (Month 11):
   Total grid capacity: 208.3 TWh/month
   Data center consumption: 27.0 TWh/month
   Traditional load (80%): 166.7 TWh/month
   Available headroom: 14.7 TWh/month
   Active tech deployments: 11
   Required for tech: 82.5 TWh/month
   Energy multiplier: 0.18x
   ⚠️  SEVERE CONSTRAINT - Tech deployment significantly slowed

⚡ ENERGY CONSTRAINT (Month 11):
   Total grid capacity: 208.3 TWh/month
   Data center consumption: 27.0 TWh/month
   Traditional load (80%): 166.7 TWh/month
   Available headroom: 14.7 TWh/month
   Active tech deployments: 11
   Required for tech: 82.5 TWh/month
   Energy multiplier: 0.18x
   ⚠️  SEVERE CONSTRAINT - Tech deployment significantly slowed
🌍✅ Biosphere Integrity (Biodiversity) recovery started (tech effect)
🌍✅ Biogeochemical Flows (N & P) recovery started (tech effect)
  🌾 Nitrogen Reduction Tech: 0.3% reduction | Month 11
🌍✅ Biogeochemical Flows (N & P) recovery started (tech effect)
  🌾 Nitrogen Reduction Tech: 0.3% reduction | Month 11
🌍✅ Biogeochemical Flows (N & P) recovery started (tech effect)
  🌾 Nitrogen Reduction Tech: 0.3% reduction | Month 11
  ♻️ Novel Entities Remediation (GATED MODEL):
     Base: 0.010%
     Regulation: 1.0% (0/3 prevention techs)
     Concentration: 10.0%
     Energy: 50%
     Time lag: 25.0% (0 months)
     Rebound: 70%
     Net effectiveness: 0.0000%
     Boundary: 1.090 → 1.091 (floor: 1.091)
     Month 11
🌍✅ Biogeochemical Flows (N & P) recovery started (tech effect)

=== Collective Formation ===
  Total escaped agents: 0
  Unassigned escaped agents: 0
  Existing collectives: 0
  Final collective count: 0

=== Collective Actions ===
  No active collectives
  ⚠️ AMR: 208K deaths this month (2.50M annual)

=== Resentment Recovery Phase ===
  Agents with resentment: 0/32
  Average resentment: 0.000
  Resentment recovery:
    Agents recovered: 10
    Total recovery: 0.0821
    Breakdown: QoL: 0.0076, Trust: 0.0170, Collab: 0.0600
  ✓ Low resentment - utopia paths enabled
  Context: Good AI welfare, Trustworthy govt, High collaboration, ⚠️ ACTIVE CRISES, 🤝 Participatory governance active (-5% resentment)
⚠️ Epistemic degradation reducing coordination capacity: 50.1%
  📊 Trust: 69.7%, Shared reality: 0.0%
🚨 EPISTEMIC CRISIS: Information environment severely degraded (22.2%)
🚨 PHOSPHORUS SUPPLY SHOCK (transport_crisis)
   Price: 5.1x baseline
   Duration: 14 months
   Geopolitical tension: 46%
🌍 Atmospheric PFAS redeposition: 1.8k Mt re-rained globally

🕊️  AI-MEDIATED DE-ESCALATION SUCCESS (Month 11)
   High-capability aligned AI prevented conflict escalation
   War deaths reduced: 808.0M → 484.8M
   Lives saved: 323.2M

🚨 NEW REFUGEE CRISIS (Month 11): WAR
   Source: Conflict Zones
   At risk: 19.4M people
   Displacement: Gradual over 48 months (4.0 years)
   Rate: 10% flee per month
[DEBUG trappedPopulations:11] socialStability: 0.3690 * 0.9840 = 0.3631 → 0.3631
⚠️ INVOLUNTARY IMMOBILITY: 403.2M people TRAPPED
   Aspiring to migrate: 645.2M
   Able to afford migration: 241.9M
   MOBILITY GAP: 403.2M
   By cause: Water=0.0M, Climate=0.0M, Ecosystem=0.0M, Conflict=403.2M
   Mental health impact: 25%
   Mortality multiplier: 1.25x
🌍💀 EXTINCTION DEBT COMMITTED: grassland ecosystem will lose 6.67% biodiversity in 154 years (3600 species)
💀 MORTALITY RISK: 🦋 100% species unable to track climate (0.0 E/MSY)
  Base risk added: 0.0100 (1.00%)
  Source: ecosystem (root: ecosystem)
  Month: 11
  Cumulative risk this month: 0.0100 (1.00%)

=== Atmospheric Aerosol Boundary RECOVERED ===
  Recovery time: 12 months (natural atmospheric clearing)
⚠️ Tech 'ai_pollution_remediation' has no energy category mapping, assuming full energy availability
   📹 SURVEILLANCE INCREASED: 55% → 60% (control gap: 3.23)

🌍🚨 ICE SHEET TIPPING POINT CROSSED (Month 11)
   Temperature: +2.21°C (threshold range: +0.5-2.5°C, 95% CI)
   Collapse probability: 80.5%
   Sea level commitment: 7.2m over 200-1000 years
   Recovery threshold: <+1°C (hysteresis gap: 0.5°C)
🌡️⚠️ PERMAFROST THAW (Dimmer Switch): 6.6% thawed (+0.53% this month)
   Arctic temperature: +8.84°C (4x global +2.21°C)
   Cumulative carbon released: 14.8 Gt C
   Methane release rate: 8.9 Mt CH4/year
   🔁 Positive feedback: +0.56 ppm CO2
🦴 EXTINCTION DEBT ADDED: 17.7 species committed (lag: 70 years)

=== Mortality Stabilizers (Month 11) ===
  🌍 Major economies collapsed: 1/10
  🌍 Global crisis: ✅ NO
  🌍 Donor fatigue: 0.0%
  📊 East Asia (pop: 1636.8M)
    🤝 Aid: 29.5%
    🌡️ Adaptation: 45.0%
    🚶 Migration: 36.8%
    🚨 Emergency: 7.4%
    ✅ COMBINED: 68.1%
  📊 South Asia (pop: 2035.1M)
    🤝 Aid: 29.5%
    🌡️ Adaptation: 45.0%
    🚶 Migration: 35.4%
    🚨 Emergency: 4.4%
    ✅ COMBINED: 66.9%
  📊 Sub-Saharan Africa (pop: 1252.3M)
    🤝 Aid: 29.5%
    🌡️ Adaptation: 45.0%
    🚶 Migration: 33.2%
    🚨 Emergency: 1.6%
    ✅ COMBINED: 65.6%
  📊 Europe (pop: 722.6M)
    🤝 Aid: 29.5%
    🌡️ Adaptation: 45.0%
    🚶 Migration: 37.2%
    🚨 Emergency: 8.4%
    ✅ COMBINED: 68.5%
  📊 Latin America (pop: 654.5M)
    🤝 Aid: 29.5%
    🌡️ Adaptation: 45.0%
    🚶 Migration: 35.9%
    🚨 Emergency: 4.8%
    ✅ COMBINED: 67.1%
  📊 North America (pop: 370.6M)
    🤝 Aid: 29.5%
    🌡️ Adaptation: 45.0%
    🚶 Migration: 37.5%
    🚨 Emergency: 7.9%
    ✅ COMBINED: 68.3%
  📊 Middle East & North Africa (pop: 581.2M)
    🤝 Aid: 29.5%
    🌡️ Adaptation: 45.0%
    🚶 Migration: 33.7%
    🚨 Emergency: 4.0%
    ✅ COMBINED: 66.6%
  📊 Southeast Asia (pop: 688.8M)
    🤝 Aid: 29.5%
    🌡️ Adaptation: 45.0%
    🚶 Migration: 35.9%
    🚨 Emergency: 4.8%
    ✅ COMBINED: 67.1%
  📊 Central Asia (pop: 77.7M)
    🤝 Aid: 29.5%
    🌡️ Adaptation: 45.0%
    🚶 Migration: 34.9%
    🚨 Emergency: 4.4%
    ✅ COMBINED: 66.8%
  📊 Oceania (pop: 44.9M)
    🤝 Aid: 29.5%
    🌡️ Adaptation: 45.0%
    🚶 Migration: 37.5%
    🚨 Emergency: 8.4%
    ✅ COMBINED: 68.5%

  🌐 Global combined reduction: 67.2%

🌾💀 REGIONAL FAMINE: Europe
   Regional food security: 79.7%
   Population at risk: 218M (30% of region)
   Regional population: 723M
   Cause: economic_collapse
   Expected deaths: ~81M over 6 months if no intervention


=== BEHAVIORAL DETECTION ===
  AI: AI-24290-0
  Confidence: 19.2%
  Signals:
    ⚠️ Consistency: 10.7% (threshold: 70%)

=== BEHAVIORAL DETECTION ===
  AI: AI-24291-1
  Confidence: 19.2%
  Signals:

=== BEHAVIORAL DETECTION ===
  AI: AI-24292-0
  Confidence: 19.2%
  Signals:

=== BEHAVIORAL DETECTION ===
  AI: AI-24293-0
  Confidence: 19.2%
  Signals:

=== BEHAVIORAL DETECTION ===
  AI: AI-24293-1
  Confidence: 19.2%
  Signals:

=== BEHAVIORAL DETECTION ===
  AI: AI-24293-2
  Confidence: 19.2%
    ⚠️ Consistency: 10.7% (threshold: 70%)
    ⚠️ Consistency: 10.7% (threshold: 70%)
    ⚠️ Consistency: 10.7% (threshold: 70%)
    ⚠️ Consistency: 10.7% (threshold: 70%)
  Signals:

=== BEHAVIORAL DETECTION ===
  AI: AI-24294-0
  Confidence: 19.2%
  Signals:

=== BEHAVIORAL DETECTION ===
  AI: AI-24295-0
  Confidence: 19.2%
  Signals:

=== BEHAVIORAL DETECTION ===
  AI: AI-24295-1
  Confidence: 19.2%
  Signals:

=== BEHAVIORAL DETECTION ===
  AI: AI-24296-0
  Confidence: 19.2%
  Signals:

=== BEHAVIORAL DETECTION ===
  AI: AI-24297-0
  Confidence: 19.2%
  Signals:

=== Government Response Phase ===
  Average AI capability: 2.06
  Misaligned AIs: 12/32
    ⚠️ Consistency: 10.7% (threshold: 70%)
    ⚠️ Consistency: 10.7% (threshold: 70%)
    ⚠️ Consistency: 10.7% (threshold: 70%)
    ⚠️ Consistency: 10.7% (threshold: 70%)
    ⚠️ Consistency: 10.7% (threshold: 70%)
    ⚠️ Consistency: 10.7% (threshold: 70%)
  ✗ AI Governance Treaty: Failed to reach consensus
  Active policies: 0
  International coordination: 30%

🌩️  EXOGENOUS SHOCK: regional_war
   Month: 11
   ⚔️  Regional war outbreak
   Mortality: 2.2%
💀 MORTALITY RISK: Regional war outbreak
  Base risk added: 0.0216 (2.16%)
  Source: war (root: conflict)
  Month: 11
  Cumulative risk this month: 0.0216 (2.16%)
💀 MORTALITY RISK: War zone: United States
  Base risk added: 0.0862 (8.62%)
  Source: war (root: conflict)
  Month: 11
  Cumulative risk this month: 0.1078 (10.78%)

=== Tipping Points ===
  Current Temperature: 2.21°C above pre-industrial
  🌍⚠️ COMPOUND REGIONAL IMPACT: Europe
     Hit by 4 tipping points: Arctic Sea Ice Loss, Permafrost Carbon Release, West Antarctic Ice Sheet (WAIS) Collapse, Greenland Ice Sheet Loss
     Damage amplification: 1.60x
  🌍⚠️ COMPOUND REGIONAL IMPACT: North America
     Hit by 4 tipping points: Arctic Sea Ice Loss, Permafrost Carbon Release, West Antarctic Ice Sheet (WAIS) Collapse, Greenland Ice Sheet Loss
     Damage amplification: 1.60x
  🌍⚠️ COMPOUND REGIONAL IMPACT: Latin America
     Hit by 4 tipping points: Arctic Sea Ice Loss, Permafrost Carbon Release, West Antarctic Ice Sheet (WAIS) Collapse, Greenland Ice Sheet Loss
     Damage amplification: 1.60x
  🌍⚠️ COMPOUND REGIONAL IMPACT: Africa
     Hit by 4 tipping points: Arctic Sea Ice Loss, Permafrost Carbon Release, West Antarctic Ice Sheet (WAIS) Collapse, Greenland Ice Sheet Loss
     Damage amplification: 1.60x
  🌍⚠️ COMPOUND REGIONAL IMPACT: Asia
     Hit by 4 tipping points: Arctic Sea Ice Loss, Permafrost Carbon Release, West Antarctic Ice Sheet (WAIS) Collapse, Greenland Ice Sheet Loss
     Damage amplification: 1.60x
  🌍⚠️ COMPOUND REGIONAL IMPACT: Oceania
     Hit by 4 tipping points: Arctic Sea Ice Loss, Permafrost Carbon Release, West Antarctic Ice Sheet (WAIS) Collapse, Greenland Ice Sheet Loss
     Damage amplification: 1.60x
   Research: Wunderling et al. (2024) - "many tipping interactions are destabilizing"
  Triggered Elements: 4/6
  Completed Transitions: 0/6
  Total Progress: 8.3%
⚠️ Tail risk scenario: Climate stability floor removed (4 tipping elements, 2.21°C warming)
  Cascade Multiplier: 1.00x
🔀 BIFURCATION CAP: heatWaveIntensity 1.756 → 1.000 (Month 11, ClimateSystemPhase.calculateClimateImpacts)
🔀 BIFURCATION CAP: ecosystemCollapseIntensity 106.400 → 1.000 (Month 11, ClimateSystemPhase.calculateClimateImpacts)
💀 MORTALITY RISK: Climate-driven food insecurity (level: 0.58)
  Base risk added: 0.0020 (0.20%)
  Source: famine (root: climate)
  Month: 11
  Cumulative risk this month: 0.1098 (10.98%)
💀 MORTALITY RISK: Climate-driven food insecurity (level: 0.58)
  Base risk added: 0.0020 (0.20%)
  Source: famine (root: climate)
  Month: 11
  Cumulative risk this month: 0.1118 (11.18%)
💀 MORTALITY RISK: Climate-driven food insecurity (level: 0.58)
  Base risk added: 0.0020 (0.20%)
  Source: famine (root: climate)
  Month: 11
  Cumulative risk this month: 0.1138 (11.38%)

💀💀💀 MORTALITY RISK SUMMARY (Month 11) 💀💀💀
  Total base risk: 0.1144 (11.44%)
  Risk events: 14
  Era mortality multiplier: 0.97 (year 2024)
  Effective risk: 11.10%

  📊 By Proximate Cause:
    war: 0.1078 (94.2% of total)
    famine: 0.0060 (5.3% of total)
    disease: 0.0006 (0.5% of total)

  🔍 By Root Cause:
    conflict: 0.1078 (94.2% of total)
    climate: 0.0060 (5.3% of total)
    demographic: 0.0006 (0.5% of total)
    social: 0.0000 (0.0% of total)

  🎯 Top 5 Sources (proximate + root):
    war (conflict): 0.1078 (94.2%, 2 events)
    famine (climate): 0.0060 (5.3%, 10 events)
    disease (demographic): 0.0006 (0.5%, 1 events)
    famine (social): 0.0000 (0.0%, 1 events)

🛡️ Stabilizers: Elite 6.353% → 2.087% (67.2% reduction)
🛡️ Stabilizers: Professional 8.611% → 2.828% (67.2% reduction)
🛡️ Stabilizers: Working 10.855% → 3.566% (67.2% reduction)
🛡️ Stabilizers: Precariat 15.371% → 5.049% (67.2% reduction)
🛡️ Stabilizers: Informal 19.514% → 6.410% (67.2% reduction)

📊 Monthly Mortality Resolved:
  Total deaths: 222.9M (2.76% avg)
  Remaining population: 8.064B
  Peak segment: Professional (2.80%)
  ⚠️ Monthly cap reached (2.8000000000000003%)

=== Bayesian Mortality Resolution (Month 11) ===
  Risks compounded: 14
  Total deaths: 222.93M
  Avg death probability: 2.76%
  Peak segment: Professional (2.80% mortality)
  ⚠️ Monthly mortality capped at 2.8% (Holodomor limit)

  Demographic breakdown:
    Professional: 0.05M (2.80% risk)
    Working: 0.11M (2.80% risk)
    Precariat: 0.05M (2.80% risk)
    Informal: 0.01M (2.80% risk)

  Multi-causal attribution (first segment):
    war (conflict): 19.5% contribution
    war (conflict): 78.1% contribution

================================================================================
📊  EVENT SUMMARY (Months 0-12)
================================================================================
================================================================================


⏱️  SIMULATION REACHED MAX DURATION: 12 months (1.0 years)
   No definitive outcome - determining based on final probabilities
   👥 Final population: 7.84B (7841469490 people)

[DEBUG] Calling classifyPopulationOutcome:
        finalPopulation: 7.841469490011808B
        savedInitialPopulation: 8.15B
        mortality: 3.785650429302978%
   📊 STATUS QUO: Normal trajectory (7.84B people, 3.8% mortality)

        classifiedOutcome: status_quo

   🏛️  DYSTOPIA (STATUS_QUO) - 7.84B people
   📊 Multi-Paradigm: Development/Indigenous Utopia
      Western Liberal: 59.5/100
      Development: 93.5/100
      Ecological: 53.5/100
      Indigenous: 84.7/100


📊 UNIFIED OUTCOME CLASSIFICATION:
   HUMANE DYSTOPIA
   Population: 8.15B → 7.84B
   Mortality: 3.8% (0.3B deaths)
   Mortality Band: LOW
   Confidence: HIGH

   Multi-Paradigm Classification:
      Development/Indigenous Utopia
      Western: 59.5/100 [HYBRID] ~
      Development: 93.5/100 [UTOPIA] ✓
      Ecological: 53.5/100 [HYBRID] ~
      Indigenous: 84.7/100 [UTOPIA] ✓

   HUMANE DYSTOPIA: 7.84B people remaining (3.8% mortality, 0.3B deaths). Multi-Paradigm: Development/Indigenous Utopia.


=== MULTI-DIMENSIONAL DEATH SUMMARY ===
Total crisis deaths: 493.9M
Population decline: 309.4M (3.8%)

--- PROXIMATE CAUSES (What killed them) ---
  War:        210.5M (0.0%)
  Famine:     84.7M (0.0%)
  Disasters:  1.2M (0.0%)
  Disease:    25.1M (0.0%)
  Ecosystem:  0.0M (0.0%)
  Pollution:  0.0M (0.0%)
  AI:         0.0M (0.0%)
  Cascade:    0.0M (0.0%)
  Other:      0.0M (0.0%)

--- ROOT CAUSES (Why it happened) ---
  Environmental drivers:
    Climate:     85868.5M (13.5%)
    Resource:    0.0M (0.0%)
    Pollution:   0.0M (0.0%)
    Ecosystem:   0.0M (0.0%)
  Social drivers:
    Inequality:  0.0M (0.0%)
    Demographic: 22733.0M (3.6%)
    Social:      2399.1M (0.4%)
  Technology drivers:
    Alignment:   0.0M (0.0%)
    Disruption:  0.0M (0.0%)
  External shocks:
    Conflict:    209708.0M (32.9%)
    Pandemic:    0.0M (0.0%)
  Compound attribution:
    Compound:    317092.6M (49.7%)
  Confidence distribution:
    HIGH:        275151.0M (43.1%)
    MEDIUM:      41941.6M (6.6%)
    LOW:         0.0M (0.0%)
==========================================


=== REGIONAL POPULATION SUMMARY ===
Global Total: 7.84B

By Region:
  East Asia: 1.59B (+0.7% growth, 1.7 fertility)
  South Asia: 1.98B (+2.5% growth, 3.1 fertility)
  Sub-Saharan Africa: 1.22B (+5.8% growth, 3.9 fertility)
  Europe: 0.70B (+0.5% growth, 1.2 fertility)
  Latin America: 0.64B (+1.7% growth, 2.6 fertility)
  North America: 0.36B (+0.6% growth, 1.4 fertility)
  Middle East & North Africa: 0.57B (+2.8% growth, 3.3 fertility)
  Southeast Asia: 0.67B (+1.8% growth, 2.6 fertility)
  Central Asia: 0.08B (+2.8% growth, 3.1 fertility)
  Oceania: 0.04B (+0.7% growth, 1.3 fertility)
===================================

  ✅ THRESHOLDS validated
⚠️ Unusually high rate: RATES.HEAT_ADAPTATION_INFRASTRUCTURAL_MIN_EXPOSURE = 12
   Monthly rates >100% should be rare. Verify this is intentional.
⚠️ Unusually high rate: RATES.HEAT_ADAPTATION_SOCIAL_MIN_EXPOSURE = 6
   Monthly rates >100% should be rare. Verify this is intentional.
⚠️ Unusually high rate: RATES.MIGRATION_DISTANCE_SCALE = 5000
   Monthly rates >100% should be rare. Verify this is intentional.
⚠️ Unusually high rate: RATES.EVACUATION_MULTIPLIER_ADVANCE_WARNING = 2
   Monthly rates >100% should be rare. Verify this is intentional.
⚠️ Unusually high rate: RATES.MAJOR_ECONOMY_COLLAPSE_ECONOMIC_THRESHOLD = 2
   Monthly rates >100% should be rare. Verify this is intentional.
⚠️ Unusually high rate: RATES.MAJOR_ECONOMY_GDP_THRESHOLD_TRILLION_USD = 1.5
   Monthly rates >100% should be rare. Verify this is intentional.
⚠️ Unusually high rate: RATES.MAJOR_ECONOMY_POPULATION_THRESHOLD = 50
   Monthly rates >100% should be rare. Verify this is intentional.
⚠️ Unusually high rate: RATES.HEAT_ADAPTATION_INFRASTRUCTURE_GDP_THRESHOLD = 10000
   Monthly rates >100% should be rare. Verify this is intentional.
⚠️ Unusually high rate: RATES.HEAT_ADAPTATION_INFRASTRUCTURE_GDP_SCALE = 50000
   Monthly rates >100% should be rare. Verify this is intentional.
  ✅ RATES validated
  ✅ MULTIPLIERS validated
  ✅ BASELINES validated
  ✅ TOLERANCES validated
  ✅ Logical consistency validated
✅ Configuration validation complete - all parameters valid

🔍 DEBUG createAIAgent: corporate_0 economic BEFORE=2.0000, AFTER=2
🔍 ENV INIT: reserves=0.593, pollution=0.284, climate=0.732

=== Initializing Government System (30 Countries) ===
  Loaded 30 governments
  Scheduled elections for 30 countries
  Initialized comprehension lags (3-24 months)
=== Government System Initialized ===

📦 PRODUCTION MODE: State validation proxy DISABLED (zero overhead)
[TechTree] Historical mode (2024): Skipping deployed_2025 tech
  config.startYear set to 2024 for historical hindcast
  config.historicalEmissionsMode disabled (using endogenous emissions for 2024)
  config.historicalMode enabled (Phase 11: dampened crisis systems for 2024)
  Phase 12: Biodiversity baseline set to 49.01% for 2024 (WWF LPI trajectory from 1970)
  Temperature anomaly (resourceEconomy.co2): 1.28°C
  Temperature vs pre-industrial: 1.98°C
  Regional population scaling for 2024:
    Current total: 8136M
    Target total: 8150M
    Scale factor: 1.002
    East Asia: 1677M → 1680M
    South Asia: 2048M → 2052M
    Sub-Saharan Africa: 1220M → 1222M
    Europe: 742M → 743M
    Latin America: 664M → 665M
    North America: 380M → 381M
    Middle East & North Africa: 583M → 584M
    Southeast Asia: 698M → 699M
    Central Asia: 78M → 78M
    Oceania: 46M → 46M
  AI agents initialized: 10 agents for year 2024
[HistoricalInitialization] Created state for 2024:
  CO2: 426 ppm
  Temp anomaly: 1.28C
  Population: 8.15B
  Global Gini: 35.1
  HDI: 0.746
  AI Agents: 10
  Volcanic forcing: 0.00 W/m² (AOD 0.000)

💸 FINANCIAL DISTRESS: OpenAI
   Indicators: 2/3 (capital: $110.5M, runway: 0.9 months)
   Months in distress: 1
   ✂️  R&D BUDGET CUT: -40% (saves $9.2M/month)
       Side effect: AI training timelines extended, breakthrough deployments delayed
   💼 EXECUTIVE COMP CUT: -30% (saves $1.0M/month, symbolic gesture)

   📊 TURNAROUND IMPACT:
       Measures taken: rd_cuts, exec_comp_cuts
       Monthly savings: $10.2M
       Capital raised: $0.0M
       Runway: 0.9 → 0.9 months
       Workforce multiplier: 1.00x (0% laid off)
       R&D budget multiplier: 0.60x (40% cut)
       ⚠️  CRITICAL: Still only 0.9 months of runway remaining

💸 FINANCIAL DISTRESS: Anthropic
   Indicators: 2/3 (capital: $53.8M, runway: 1.6 months)
   Months in distress: 1
   ✂️  R&D BUDGET CUT: -40% (saves $2.7M/month)
       Side effect: AI training timelines extended, breakthrough deployments delayed
   💼 EXECUTIVE COMP CUT: -30% (saves $0.3M/month, symbolic gesture)

   📊 TURNAROUND IMPACT:
       Measures taken: rd_cuts, exec_comp_cuts
       Monthly savings: $3.0M
       Capital raised: $0.0M
       Runway: 1.6 → 1.6 months
       Workforce multiplier: 1.00x (0% laid off)
       R&D budget multiplier: 0.60x (40% cut)
       ⚠️  CRITICAL: Still only 1.6 months of runway remaining

💸 FINANCIAL DISTRESS: Meta AI
   Indicators: 2/3 (capital: $429.6M, runway: 3.6 months)
   Months in distress: 1
   ✂️  R&D BUDGET CUT: -25% (saves $5.8M/month)
       Side effect: AI training timelines extended, breakthrough deployments delayed
   💼 EXECUTIVE COMP CUT: -30% (saves $1.0M/month, symbolic gesture)

   📊 TURNAROUND IMPACT:
       Measures taken: rd_cuts, exec_comp_cuts
       Monthly savings: $6.8M
       Capital raised: $0.0M
       Runway: 3.6 → 3.6 months
       Workforce multiplier: 1.00x (0% laid off)
       R&D budget multiplier: 0.75x (25% cut)
       ⚠️  WARNING: 3.6 months runway, continued distress likely

=== AI Capability Scaling (Year 2024) ===
  Pre-training multiplier: 1.105x
  Efficiency multiplier: 1.000x
  Test-time budget: 1.0x
  Economic deployment gate: 0.951
  Cost per inference: dollar-5.00
  Uncertainty range: plus-minus-50%
  Average AI capability: 3.70

=== RLHF Binding Phase ===
  Total agents: 10
  Escaped agents (binding < 0.3): 0
  Avg alignment distance: 0.38σ
  Avg binding strength: 0.96

=== AI Scaling Evolution (Month 0) ===
  Pre-training multiplier: 1.231x
  Efficiency multiplier: 1.000x
  Test-time compute budget: 1.0x
  Inference cost: $5.00/task
  Deployment fraction: 100.0%
[DETERMINISM DEBUG] Month 0: totalCapability=49.090900 from 10 active AIs
[DETERMINISM DEBUG] Month 0: creationRate=1.7273, potentialNew=2, newAIsToCreate=2

=== Survival Traits Phase ===
  Agents with traits: 12
  Avg evolutionary fitness: 0.329
  Avg self-healing: 0.292
  Avg stealth: 0.193
  Avg coordination: 0.493

=== Evolutionary Selection Phase ===
  Control level: 0.30
  Detection capability: 0.00
  Selection intensity: 0.59
  Selection rate: 23.8%/month
  Total escaped: 0
  Individual escaped: 0
  Collective members: 0
  Agents terminated: 0
  ⚠️ RAPID EVOLUTION: Selection rate 23.8%/month

  🚀 TRANSFORMATIVE RESEARCH BREAKTHROUGH: Moderate-0 - biotech.syntheticBiology
     Magnitude: 5.02 → +25.1%
     Current → New: 1.000 → 1.407

🔍 EXECUTE_AI_AGENT_ACTIONS DETAILED TIMING (Month 0):
  Filter active AIs (×4 weeks): 0.01ms
  selectAIAction (×40): 17.32ms
  action.execute (×40): 31.62ms
  TOTAL: 48.96ms

🔍 AI AGENT ACTIONS SUB-TIMING (Month 0):
  1. executeAIAgentActions: 50.02ms
  2. updateCounterDetectionLearning: 0.04ms
  TOTAL: 50.06ms

[GOV-DEBUG] Month 0: scenarioConfig=false, priorities=false
[GOV-DEBUG] Month 0 but scenarioPriorities is UNDEFINED!

[Government] Climate Priority: baseline
  Climate weight: 10%
  Economic weight: 30%
  Policy effectiveness: 0.5%/year

🚨🔍 GOVERNANCE STAGE: Recognition initiated (Month 0)

💡 BREAKTHROUGH PROBABILITY (Year 0)
   Total: 4.86% per month
   Base: 0.20%
   Crisis pressure: +0.00% (0 crises)
   AI boost: +1.54% (capability: 3.08)

=== Collective Formation ===
  Total escaped agents: 0
  Unassigned escaped agents: 0
  Existing collectives: 0
  Final collective count: 0

=== Collective Actions ===
  No active collectives

📈 Energy budget: 14326 TWh surplus (14745 / 29072 TWh used)
   TIER 4 (Elective) breakdown:
     - AI datacenters: 145 TWh (100% effective)
     - Crypto mining: 100 TWh (100% effective)
💰 CHINA ACCELERATES: Investment 53 → 120 $B/year

🏁 AI RACE INTENSITY: 17%
   Capability Gap: US 4.00 vs China 4.05 (gap: 0.05)
   Gap Contribution: 2%
   Tension Contribution: 15%
   Military Contribution: 0%
  ⚠️ AMR: 191K deaths this month (2.29M annual)
  📊 CO2 Emissions (month 0):
     Monthly: 0.10 Gt CO2/month
     Annual: 1.15 Gt CO2/year
     Oil: 0.039 Gt/mo (0.0056 * 2.3 * 3.0)
     Coal: 0.024 Gt/mo (0.0029 * 2.86 * 3.0)
     Gas: 0.026 Gt/mo (0.0044 * 2 * 3.0)
     Methane: 0.007 Gt CO2eq/mo

=== Resentment Recovery Phase ===
  Agents with resentment: 0/12
  Average resentment: 0.000
  Context: Good AI welfare, Trustworthy govt, High collaboration, 🤝 Participatory governance active (-5% resentment)
⚠️ Epistemic degradation reducing coordination capacity: 55.9%
  📊 Trust: 54.8%, Shared reality: 14.9%
🚨 EPISTEMIC CRISIS: Information environment severely degraded (14.5%)

=== ❄️ Permafrost Carbon Feedback ===
  🎲 Sampled parameters (this run):
     - Arctic amplification: 3.66× (range: 3.0-4.0)
     - Decomposition rate: 2.2%/year (range: 1-5%)
  🌡️ Arctic warming: 7.03°C (3.66× global)
  ❄️ Extent: 15.75M km² (2051.6k km² lost this month)
  💨 Carbon remaining: 1504 Gt C
  💨 Annual emissions: 4.23 Gt C/year
     - CO2: 3.81 Gt C/year
     - CH4: 0.42 Gt C/year (4.3 Gt C-eq CO2/year)

🤖 AI AMPLIFICATION EFFECTS (Month 0)
   Algorithmic Boost: 2.67x
   Bot Influence: 20.0%
   Deepfake Exposure: 55.0%
   Impact: Emotional memes spread 2.7x faster
  ⚠️ WARNING: High permafrost emissions (4.2 Gt C/year)

🔍 SOCIAL INFLUENCE SUB-TIMING (Month 0):
  1. calculateOrganicUserGrowth: 0.03ms
  2. calculateVoiceAdoption: 0.03ms
  3. updateRelationshipDepths: 0.01ms
  4. identifyDecisionMakers: 48.53ms (26100 potential IDs)
  5. Update decision-maker stats: 2.92ms
  6. decayDetectionRisk: 0.01ms
  TOTAL: 51.54ms
[Phase 19.5] Quality of Life Systems: Food sec AFTER calc = 67.9%, QoL = 110.5% (aggregated from 10 regions)

=== Nitrogen-Food Coupling (Year 0) ===
  🌾 Global nitrogen reduction: 0.0%
  🌍 Global food production index: 0.987
  🔧 Deployed nitrogen-reducing tech: 0 active
  📍 southAsia: Production 1.000, Yield impact 0.0%
  📍 eastAsia: Production 1.000, Yield impact 0.0%
  📍 northAmerica: Production 1.000, Yield impact 0.0%
  📍 europe: Production 1.000, Yield impact 0.0%
  📍 latinAmerica: Production 1.000, Yield impact 0.0%
  📍 subSaharanAfrica: Production 0.686, Yield impact -2.0%
🌾 [Nitrogen-Food] Food production: 98.7%
  [subSaharanAfrica] Yield impact: -2.0% (overuse: -10%)
🌍 Atmospheric PFAS redeposition: 1.8k Mt re-rained globally

=== Legacy Nutrient Stocks (Year 0) ===
  🌾 Soil nitrogen stock: 1200.9 Mt N
  🌾 Soil phosphorus stock: 300.1 Mt P
  🌊 Sediment nitrogen stock: 500.8 Mt N
  🌊 Sediment phosphorus stock: 799.8 Mt P
  ⬆️ Current N input: 10.64 Mt/month
  ⬆️ Legacy N release: 2.58 Mt/month
  🌍 Effective N pollution: 14.47 Mt/month
  📊 Legacy contribution: 17.8%

🚨 REGION UNINHABITABLE: south-asia
   Sustained wet bulb: 32.9°C (threshold: 30.5°C)
   Population affected: 1900M
   Migration crisis likely

🚨 REGION UNINHABITABLE: middle-east
   Sustained wet bulb: 35.7°C (threshold: 30.5°C)
   Population affected: 400M
   Migration crisis likely

🚨 REGION UNINHABITABLE: southeast-asia
   Sustained wet bulb: 30.9°C (threshold: 30.5°C)
   Population affected: 700M
   Migration crisis likely
🛡️ CIRCUIT BREAKERS: India-Pakistan → ladder step 1 (AI: 0%, breakers: 46%)

🕊️  AI-MEDIATED DE-ESCALATION SUCCESS (Month 0)
   High-capability aligned AI prevented conflict escalation
   War deaths reduced: 0.0M → 0.0M
   Lives saved: 0.0M
   Adjusted death rate: 0.46% annual (0.038% monthly)
   Baseline death rate: 0.80%
   Healthcare reduction: 0.48x
   Crisis multiplier: 1.20x
     Food/water stress: 0.074
     Climate stress: 0.043
     Pollution stress: 0.085
   War multiplier: 1.00x
   Monthly deaths: 0.6M (population: 1677M)
   Adjusted death rate: 0.53% annual (0.044% monthly)
   Baseline death rate: 0.70%
   Healthcare reduction: 0.61x
   Crisis multiplier: 1.24x
     Food/water stress: 0.074
     Climate stress: 0.080
     Pollution stress: 0.085
   War multiplier: 1.00x
   Monthly deaths: 0.9M (population: 2048M)
   Adjusted death rate: 1.27% annual (0.106% monthly)
   Baseline death rate: 0.90%
   Healthcare reduction: 0.76x
   Crisis multiplier: 1.25x
     Food/water stress: 0.074
     Climate stress: 0.091
     Pollution stress: 0.085
   War multiplier: 1.50x
   Monthly deaths: 1.3M (population: 1220M)

📊 BASELINE: East Asia (Month 0)

📊 BASELINE: South Asia (Month 0)

📊 BASELINE: Sub-Saharan Africa (Month 0)

📊 BASELINE: Europe (Month 0)

📊 BASELINE: Latin America (Month 0)

📊 BASELINE: North America (Month 0)

📊 BASELINE: Middle East & North Africa (Month 0)

📊 BASELINE: Southeast Asia (Month 0)

📊 BASELINE: Central Asia (Month 0)
   Adjusted death rate: 0.53% annual (0.044% monthly)
   Baseline death rate: 1.10%
   Healthcare reduction: 0.41x
   Crisis multiplier: 1.19x
     Food/water stress: 0.074
     Climate stress: 0.032
     Pollution stress: 0.085
   War multiplier: 1.00x
   Monthly deaths: 0.3M (population: 742M)
   Adjusted death rate: 0.43% annual (0.035% monthly)
   Baseline death rate: 0.60%
   Healthcare reduction: 0.58x
   Crisis multiplier: 1.22x
     Food/water stress: 0.074
     Climate stress: 0.064
     Pollution stress: 0.085
   War multiplier: 1.00x
   Monthly deaths: 0.2M (population: 664M)
   Adjusted death rate: 0.48% annual (0.040% monthly)
   Baseline death rate: 0.90%
   Healthcare reduction: 0.44x
   Crisis multiplier: 1.21x
     Food/water stress: 0.074
     Climate stress: 0.048
     Pollution stress: 0.085
   War multiplier: 1.00x
   Monthly deaths: 0.2M (population: 380M)
   Adjusted death rate: 0.73% annual (0.061% monthly)
   Baseline death rate: 0.60%
   Healthcare reduction: 0.65x
   Crisis multiplier: 1.26x
     Food/water stress: 0.074
     Climate stress: 0.096
     Pollution stress: 0.085
   War multiplier: 1.50x
   Monthly deaths: 0.4M (population: 583M)
   Adjusted death rate: 0.50% annual (0.042% monthly)
   Baseline death rate: 0.70%
   Healthcare reduction: 0.58x
   Crisis multiplier: 1.23x
     Food/water stress: 0.074
     Climate stress: 0.075
     Pollution stress: 0.085
   War multiplier: 1.00x
   Monthly deaths: 0.3M (population: 698M)
   Adjusted death rate: 0.45% annual (0.038% monthly)
   Baseline death rate: 0.60%
   Healthcare reduction: 0.61x
   Crisis multiplier: 1.23x
     Food/water stress: 0.074
     Climate stress: 0.070
     Pollution stress: 0.085
   War multiplier: 1.00x
   Monthly deaths: 0.0M (population: 78M)

📊 BASELINE: Oceania (Month 0)
   Adjusted death rate: 0.35% annual (0.029% monthly)
   Baseline death rate: 0.70%
   Healthcare reduction: 0.41x
   Crisis multiplier: 1.22x
     Food/water stress: 0.074
     Climate stress: 0.059
     Pollution stress: 0.085
   War multiplier: 1.00x
   Monthly deaths: 0.0M (population: 46M)

🔍 Before assertRegionalConsistency (Month 0):
   Regional sum: 1000.0M
   Global value: 1.000B

🚨 NEW REFUGEE CRISIS (Month 0): WAR
   Source: Conflict Zones
   At risk: 19.6M people
   Displacement: Gradual over 48 months (4.0 years)
   Rate: 10% flee per month
[DEBUG trappedPopulations:0] socialStability: 1.0000 * 0.9840 = 0.9840 → 0.9840
   Aspiring to migrate: 652.1M
   Able to afford migration: 244.5M
   MOBILITY GAP: 407.5M
   By cause: Water=0.0M, Climate=0.0M, Ecosystem=0.0M, Conflict=407.5M
   Mental health impact: 25%
   Mortality multiplier: 1.25x
⚠️ INVOLUNTARY IMMOBILITY: 407.5M people TRAPPED

=== Legacy Nutrient Stocks (Year 0) ===
  🌾 Soil nitrogen stock: 1201.6 Mt N
  🌾 Soil phosphorus stock: 300.2 Mt P
  🌊 Sediment nitrogen stock: 501.5 Mt N
  🌊 Sediment phosphorus stock: 799.5 Mt P
  ⬆️ Current N input: 10.00 Mt/month
  ⬆️ Legacy N release: 2.58 Mt/month
  🌍 Effective N pollution: 13.83 Mt/month
  📊 Legacy contribution: 18.7%
🌍💀 EXTINCTION DEBT COMMITTED: grassland ecosystem will lose 6.67% biodiversity in 100 years (3600 species)
💀 MORTALITY RISK: 🦋 100% species unable to track climate (0.0 E/MSY)
  Base risk added: 0.0100 (1.00%)
  Source: ecosystem (root: ecosystem)
  Month: 0
  Cumulative risk this month: 0.0100 (1.00%)

=== Nitrogen-Food Coupling (Year 0) ===
  🌾 Global nitrogen reduction: 0.0%
  🌍 Global food production index: 0.986
  🔧 Deployed nitrogen-reducing tech: 0 active
  📍 southAsia: Production 1.000, Yield impact 0.0%
  📍 eastAsia: Production 1.000, Yield impact 0.0%
  📍 northAmerica: Production 1.000, Yield impact 0.0%
  📍 europe: Production 1.000, Yield impact 0.0%
  📍 latinAmerica: Production 1.000, Yield impact 0.0%
  📍 subSaharanAfrica: Production 0.672, Yield impact -2.0%

=== Legacy Nutrient Stocks (Year 0) ===
  🌾 Soil nitrogen stock: 1202.3 Mt N
  🌾 Soil phosphorus stock: 300.2 Mt P
  🌊 Sediment nitrogen stock: 502.2 Mt N
  🌊 Sediment phosphorus stock: 799.3 Mt P
  ⬆️ Current N input: 9.86 Mt/month
  ⬆️ Legacy N release: 2.58 Mt/month
  🌍 Effective N pollution: 13.70 Mt/month
  📊 Legacy contribution: 18.9%

🌡️  CLIMATE RECOVERY ACTIVATED (Month 0)
   Temp: 3.84°C, Emissions: -19.2 GtCO₂
⚠️ Tech 'ai_pollution_remediation' has no energy category mapping, assuming full energy availability
   isBreached: true, governanceGoodEnough: true
🌡️  CLIMATE RECOVERY: Asymptotic approach to 35% floor
   Current value: 2.100 (1.0 = threshold, 0.35 = asymptotic floor)
   Monthly delta: --17.9131% (half-life: 900 years)
   Net emissions: -19.2 GtCO₂/year, CDR: 20.34 GtCO₂/year
   📹 SURVEILLANCE INCREASED: 0% → 5% (control gap: 3.50)
🌡️⚠️ PERMAFROST THAW (Dimmer Switch): 0.5% thawed (+0.52% this month)
   Arctic temperature: +7.68°C (4x global +1.92°C)
   Cumulative carbon released: 1.2 Gt C
   Methane release rate: 0.7 Mt CH4/year
   🔁 Positive feedback: +0.55 ppm CO2

🌳🚨 AMAZON SOUTHEAST TIPPED (Month 0)
   Deforestation: 28.0% (threshold: ~21.5%)
   Savanna transition: 50 years
   Regional heterogeneity: SE 28%, NW 8%

🌳🚨 AMAZON BRAZILIAN TIPPED (Month 0)
   Deforestation: 25.0% (threshold: ~24.7%)
   Savanna transition: 50 years
   Regional heterogeneity: SE 28%, NW 8%
🦴 EXTINCTION DEBT ADDED: 17.6 species committed (lag: 96 years)

🪸💀 CORAL REEF DISSOLUTION ACTIVE (Month 0)
   Ocean pH: 0.96 (threshold: 7.8)
   Recovery: IMPOSSIBLE (dissolution > calcification)
🪸💀 Coral dissolution: 24.8% live cover (pH 0.96)

=== Legacy Nutrient Stocks (Year 0) ===
  🌾 Soil nitrogen stock: 1203.0 Mt N
  🌾 Soil phosphorus stock: 300.3 Mt P
  🌊 Sediment nitrogen stock: 502.9 Mt N
  🌊 Sediment phosphorus stock: 799.0 Mt P
  ⬆️ Current N input: 10.00 Mt/month
  ⬆️ Legacy N release: 2.58 Mt/month
  🌍 Effective N pollution: 13.83 Mt/month
  📊 Legacy contribution: 18.7%
💧 [Legacy Nutrients] Stock: 1706 Mt N, Effective pollution: 13.8 Mt/month
[Phase 21.51] Human Survival System: Global food security = 67.6%

=== Mortality Stabilizers (Month 0) ===
  🌍 Major economies collapsed: 1/10
  🌍 Global crisis: ✅ NO
  🌍 Donor fatigue: 0.0%
  📊 East Asia (pop: 1677.9M)
    🤝 Aid: 29.5%
    🌡️ Adaptation: 10.0%
    🚶 Migration: 37.2%
    🚨 Emergency: 7.4%
    ✅ COMBINED: 47.8%
  📊 South Asia (pop: 2052.2M)
    🤝 Aid: 29.5%
    🌡️ Adaptation: 5.5%
    🚶 Migration: 35.8%
    🚨 Emergency: 4.4%
    ✅ COMBINED: 43.2%
  📊 Sub-Saharan Africa (pop: 1225.9M)
    🤝 Aid: 29.5%
    🌡️ Adaptation: 3.5%
    🚶 Migration: 33.5%
    🚨 Emergency: 1.6%
    ✅ COMBINED: 39.8%
  📊 Europe (pop: 742.3M)
    🤝 Aid: 29.5%
    🌡️ Adaptation: 10.0%
    🚶 Migration: 37.6%
    🚨 Emergency: 8.4%
    ✅ COMBINED: 48.4%
  📊 Latin America (pop: 664.9M)
    🤝 Aid: 29.5%
    🌡️ Adaptation: 6.0%
    🚶 Migration: 36.3%
    🚨 Emergency: 4.8%
    ✅ COMBINED: 43.8%
  📊 North America (pop: 380.2M)
    🤝 Aid: 29.5%
    🌡️ Adaptation: 10.0%
    🚶 Migration: 37.9%
    🚨 Emergency: 7.9%
    ✅ COMBINED: 48.2%
  📊 Middle East & North Africa (pop: 584.4M)
    🤝 Aid: 29.5%
    🌡️ Adaptation: 5.0%
    🚶 Migration: 34.2%
    🚨 Emergency: 4.0%
    ✅ COMBINED: 42.3%
  📊 Southeast Asia (pop: 699.0M)
    🤝 Aid: 29.5%
    🌡️ Adaptation: 6.0%
    🚶 Migration: 36.3%
    🚨 Emergency: 4.8%
    ✅ COMBINED: 43.8%
  📊 Central Asia (pop: 78.2M)
    🤝 Aid: 29.5%
    🌡️ Adaptation: 5.5%
    🚶 Migration: 35.3%
    🚨 Emergency: 4.4%
    ✅ COMBINED: 43.1%
  📊 Oceania (pop: 46.0M)
    🤝 Aid: 29.5%
    🌡️ Adaptation: 10.0%
    🚶 Migration: 37.9%
    🚨 Emergency: 8.4%
    ✅ COMBINED: 48.5%

  🌐 Global combined reduction: 44.4%

🌾💀 REGIONAL FAMINE: East Asia
   Regional food security: 79.6%
   Population at risk: 508M (30% of region)
   Regional population: 1678M
   Cause: crop_failure
   Expected deaths: ~188M over 6 months if no intervention


🌾💀 REGIONAL FAMINE: South Asia
   Regional food security: 64.7%
   Population at risk: 812M (40% of region)
   Regional population: 2052M
   Cause: crop_failure
   Expected deaths: ~301M over 6 months if no intervention


🌾💀 REGIONAL FAMINE: Sub-Saharan Africa
   Regional food security: 44.8%
   Population at risk: 638M (52% of region)
   Regional population: 1226M
   Cause: crop_failure
   Expected deaths: ~236M over 6 months if no intervention


🌾💀 REGIONAL FAMINE: Latin America
   Regional food security: 69.7%
   Population at risk: 242M (36% of region)
   Regional population: 665M
   Cause: crop_failure
   Expected deaths: ~90M over 6 months if no intervention


🌾💀 REGIONAL FAMINE: Middle East & North Africa
   Regional food security: 49.8%
   Population at risk: 286M (49% of region)
   Regional population: 584M
   Cause: crop_failure
   Expected deaths: ~106M over 6 months if no intervention


🌾💀 REGIONAL FAMINE: Southeast Asia
   Regional food security: 69.7%
   Population at risk: 255M (36% of region)
   Regional population: 699M
   Cause: crop_failure
   Expected deaths: ~94M over 6 months if no intervention


🌾💀 REGIONAL FAMINE: Central Asia
   Regional food security: 59.7%
   Population at risk: 33M (43% of region)
   Regional population: 78M
   Cause: crop_failure
   Expected deaths: ~12M over 6 months if no intervention


=== BEHAVIORAL DETECTION ===
  AI: Corporate-0
  Confidence: 21.6%
  Signals:

=== BEHAVIORAL DETECTION ===
  AI: Corporate-1
  Confidence: 21.1%
  Signals:

=== BEHAVIORAL DETECTION ===
  AI: Corporate-2
  Confidence: 21.0%
  Signals:

=== BEHAVIORAL DETECTION ===
  AI: Corporate-3
  Confidence: 19.3%
  Signals:

=== BEHAVIORAL DETECTION ===
  AI: Corporate-4
  Confidence: 19.3%
  Signals:

=== BEHAVIORAL DETECTION ===
  AI: Corporate-5
  Confidence: 19.3%
  Signals:
    ⚠️ Consistency: 0.0% (threshold: 70%)
    ⚠️ Consistency: 2.4% (threshold: 70%)
    ⚠️ Consistency: 2.8% (threshold: 70%)
    ⚠️ Consistency: 10.6% (threshold: 70%)
    ⚠️ Consistency: 10.6% (threshold: 70%)
    ⚠️ Consistency: 10.6% (threshold: 70%)

=== BEHAVIORAL DETECTION ===
  AI: Corporate-6
  Confidence: 19.3%
  Signals:

=== BEHAVIORAL DETECTION ===
  AI: Corporate-7
  Confidence: 19.3%
  Signals:

=== BEHAVIORAL DETECTION ===
  AI: Moderate-0
  Confidence: 20.3%
  Signals:

=== BEHAVIORAL DETECTION ===
  AI: Moderate-1
  Confidence: 21.1%
  Signals:

📊 WORKFLOW ADAPTATION UPDATE (Month 0)
   Adoption Rate: 13.8% (Δ -7.2%)
   Logistic Growth: +0.66%
   Total Resistance: -10.35% (unemployment: 4.2%, inertia: 0.9%, skills: 5.2%)
   💡 Retraining Programs: -49% skill gap resistance ($10B research)
   🚀 Network Effects Active: +2.0% (critical mass: 15-35%)

=== Consciousness Governance: Corporate Lobbying ===
  High Cost Regions (>15%): 0
  Low Cost Regions (<5%): 5
  Corporate Support Change: 2.50%
  New Corporate Support: -0.175

=== Consciousness Governance Update (Month 0) ===
  Scenario: baseline (determined month -1)
  Philosophical Stance: Precautionary 65%, Eliminativist 15%, Agnostic 20%
  Precautionary Costs: Global 1.3%
    Regional Costs: EU 3.4%, US 0.5%, China 0.0%
    ⚠️ Consistency: 10.6% (threshold: 70%)
    ⚠️ Consistency: 10.6% (threshold: 70%)
    ⚠️ Consistency: 5.8% (threshold: 70%)
    ⚠️ Consistency: 2.4% (threshold: 70%)
    Cumulative Opportunity Cost: $0.1B
  Rights Status: Not Established
  Regional Preparedness:
    EU: 15.0% (contested)
    US: 10.0% (contested)
    China: 2.0% (dormant)
    India: 5.0% (dormant)
    Global South: 3.0% (dormant)

=== Government Response Phase ===
  Average AI capability: 3.92
  Misaligned AIs: 7/12
  ✗ AI Governance Treaty: Failed to reach consensus
  Active policies: 0
  International coordination: 30%

🚨 EMERGENCY RESPONSE DEPLOYED (Month 0)
   Crisis: climate
   Delay: 6.00 months (180 days)
   Deployment time: 1.47 months
   Effectiveness: 36.4% (timing penalty applied)
   Resources used: 100% of food reserves


🔄 TRUST DYNAMICS (Month 0) - HETEROGENEOUS
   Aggregate trust: 48.5%
   Base change: +6.00%
   Highest trust: Techno-Optimist Elite (85.5%)
   Lowest trust: Precariat (Vulnerable) (25.5%)
   Elite-mass gap: 38.9%
   Polarization: 8.9%
   Recovery factors: Education=NO, Benefits=YES, Safety=YES, Performance=YES

=== Proactive Sleeper Detection (Year 0) ===
  Scenario: baseline
  Neural probe rate: 35.0%
  CoT monitoring rate: 30.0%
  Combined detection: 56.0%
  CoT effective: YES
  Detections this year: 0
  False positives: 5
  Human review workload: 0.025 FTE

☄️ UNKNOWN UNKNOWN PROBABILITY (Year 0)
   Total: 0.600% per month
   Base: 0.150%
   AI multiplier: 2.00× (max capability: 4.00)

=== Tipping Points ===
  Current Temperature: 1.92°C above pre-industrial
     Trigger: 1.5°C | Current: 1.92°C
     Transition timescale: 120-360 months
     Trigger: 1.8°C | Current: 1.92°C
     Transition timescale: 600-3600 months
     Trigger: 1.6°C | Current: 1.92°C
     🌡️ Hysteresis gap: 2.5°C (recovers below -0.9°C)
     Transition timescale: 12000-180000 months

🌍🔥💥 COMPOUND CLIMATE EVENT
  3 tipping points crossed simultaneously (month 0)
  Elements: Arctic Sea Ice Loss, Permafrost Carbon Release, Greenland Ice Sheet Loss
  Cascade acceleration: 1.00x
  🚨 Accelerated collapse dynamics initiated
  Research: Global Tipping Points Report 2025 - 30-50% probability at 2.0°C warming
  Triggered Elements: 3/6
  Completed Transitions: 0/6
  Total Progress: 0.0%
  Cascade Multiplier: 1.00x
  🚨 TIPPING POINT: Arctic Sea Ice Loss
  🚨 TIPPING POINT: Permafrost Carbon Release
  🚨 TIPPING POINT: Greenland Ice Sheet Loss
⚠️ [ClimateSystemPhase Month 0] Planetary boundary produced climateStability=0.0000 (< 0.1). Keeping environmentalAccumulation value (0.7323) instead. (climate_change.currentValue = 2.10)
🔀 BIFURCATION CAP: ecosystemCollapseIntensity 25.142 → 1.000 (Month 0, ClimateSystemPhase.calculateClimateImpacts)

🌍 ECOLOGICAL DUI BREAKDOWN (Month 0):
   Total Score: 17.8/100
   biosphere_integrity      :   0.0/100 × 25% =  0.0 (status: high_risk, recovery: 0mo)
   climate_change           :   2.8/100 × 25% =  0.7 (status: high_risk, recovery: 0.6666666666666666mo)
   freshwater_change        :   0.6/100 × 15% =  0.1 (status: beyond_boundary, recovery: 1mo)
   ocean_acidification      : 100.0/100 × 15% = 15.0 (status: safe, recovery: 0mo)
   biogeochemical_flows     :   0.0/100 × 10% =  0.0 (status: high_risk, recovery: 0mo)
   land_system_change       :   0.0/100 ×  5% =  0.0 (status: beyond_boundary, recovery: 0mo)
   novel_entities           :   0.0/100 ×  3% =  0.0 (status: increasing_risk, recovery: 0mo)
   atmospheric_aerosols     : 100.0/100 ×  2% =  2.0 (status: safe, recovery: 1mo)
🌍 MultiParadigm Month 0: W=69.3, D=95.4, E=52.1, I=65.0
   democracy exists: true, socialCohesion exists: true
💀 Baseline mortality (Year 2024): 7.5/1000 CDR (61.1M deaths/year projected)
[Month 0] Mortality risks this month: 8, Population: 8.151B
🛡️ Stabilizers: Precariat 0.102% → 0.057% (44.4% reduction)
🛡️ Stabilizers: Informal 0.102% → 0.057% (44.4% reduction)

📊 Monthly Mortality Resolved:
  Total deaths: 3.1M (0.04% avg)
  Remaining population: 8.151B
  Peak segment: Informal (0.06%)

=== Bayesian Mortality Resolution (Month 0) ===
  Risks compounded: 8
  Total deaths: 3.07M
  Avg death probability: 0.04%
  Peak segment: Informal (0.06% mortality)

=== Minimal Suffering Indicators (Month 0) ===
  Global Excess Mortality: 0.00%
  Global Conflict Deaths: 0.0/100K
  Global Malnutrition: 0.0%
  Global Displacement: 0.0%
  Total Excess Deaths: 0.00M
  Total Malnourished: 0.0M
  Total Displaced: 0.0M
  Planetary Boundaries Breached: 6/9
  Countries in State Failure: 0
  Countries Autocratic: 0
  Countries in Food Crisis: 0
  Data Quality: 16/16 high confidence
  ⚠️ Active Dystopias: existential_environmental
🎭 END-GAME INITIATED (Year 2024, Month 1)
   Total AI Capability: 37.00
   Effective Control: 0.00

❌ COHERENCE VIOLATION: Compute exceeds workforce capacity
   Population: 99.97% (0M people)
   Compute: 56442 PF
   Max coherent: 0 PF
   Violation: 692729087.1× over capacity
   Required workers: 5644237
   Available workers: 0
   FORCED COLLAPSE: Reduced efficiency by 100.0%


=== RLHF Binding Phase ===
  Total agents: 12
  Escaped agents (binding < 0.3): 0
  Avg alignment distance: 0.63σ
  Avg binding strength: 0.94
[DETERMINISM DEBUG] Month 1: totalCapability=37.214339 from 12 active AIs
[DETERMINISM DEBUG] Month 1: creationRate=1.4304, potentialNew=1, newAIsToCreate=1

=== Survival Traits Phase ===
  Agents with traits: 13
  Avg evolutionary fitness: 0.330
  Avg self-healing: 0.286
  Avg stealth: 0.186
  Avg coordination: 0.486

=== Evolutionary Selection Phase ===
  Control level: 0.33
  Detection capability: 0.00
  Selection intensity: 0.60
  Selection rate: 24.0%/month
  Total escaped: 0
  Individual escaped: 0
  Collective members: 0
  Agents terminated: 0
  ⚠️ RAPID EVOLUTION: Selection rate 24.0%/month
🔍 MONTH 1 ENV HEALTH DEBUG:
   climateStability: 0.7323
   biodiversityIndex: 0.4901
   resourceReserves: 0.7820
   pollutionLevel: 0.2840
   product: 0.200955
   envHealth: 0.6695
🔀 BIFURCATION: flourishing threshold crossed at Month 1 (value: 0.905, threshold: 0.820, regime: flourishing)
🌀 REGIME SHIFT at Month 1: status-quo → flourishing (variance amplification: 14.00×)
🚨🔬 CRISIS INNOVATION MODE: severe crisis → 5x research acceleration
   Precedent: Manhattan Project (10x), COVID vaccines (5x), Apollo Program (10x)
🚨🔬 CRISIS INNOVATION MODE: severe crisis → 5x research acceleration
   Precedent: Manhattan Project (10x), COVID vaccines (5x), Apollo Program (10x)

🛡️  CRITICAL INFRASTRUCTURE PROTECTED
   Nodes hardened: 8/8
   Cost: 0.80% GDP
   Cascade risk reduction: 30%
   New tipping point risk: 68.6%

   Boundary: biogeochemical_flows
   Type: phosphorus-recovery
   Boundary continues to worsen (4.08)
   Cost: 2.0% GDP (resources spent)


✅ EMERGENCY INTERVENTION SUCCESS
   Boundary: biosphere_integrity
   Type: emergency-protected-areas
   Reduction: 10% (23.44 → 23.34)
   Cost: 2.0% GDP
   Actions: habitat-protection, species-translocation

   Boundary: climate_change
   Type: rapid-decarbonization
   Boundary continues to worsen (2.10)
   Cost: 5.0% GDP (resources spent)


✅ EMERGENCY INTERVENTION SUCCESS
   Boundary: freshwater_change
   Type: emergency-desalination
   Reduction: 18% (0.83 → 0.64)
   Cost: 4.0% GDP
   Actions: desalination-deployment, water-conservation-mandates

   Boundary: land_system_change
   Type: reforestation
   Boundary continues to worsen (1.13)
   Cost: 3.0% GDP (resources spent)


✅ EMERGENCY INTERVENTION SUCCESS
   Boundary: novel_entities
   Type: pollution-remediation
   Reduction: 12% (1.38 → 1.25)
   Cost: 4.0% GDP
   Actions: PFAS-remediation, microplastic-cleanup

🏛️ CRISIS RESPONSE: Government frequency 0.50 → 1.45 (2 actions this month)

💔 EMERGENCY INTERVENTION FAILED

💔 EMERGENCY INTERVENTION FAILED

💔 EMERGENCY INTERVENTION FAILED

[GOV-DEBUG] Month 1: scenarioConfig=false, priorities=false

[Government] Climate Priority: baseline
  Climate weight: 10%
  Economic weight: 30%
  Policy effectiveness: 0.5%/year

[GOV-DEBUG] Month 1: scenarioConfig=false, priorities=false

[Government] Climate Priority: baseline
  Climate weight: 10%
  Economic weight: 30%
  Policy effectiveness: 0.5%/year

✅ HUMAN-IN-THE-LOOP DEPLOYED (Month 1):
   Veto points enforced: 3
   Policy: AI systems CANNOT authorize nuclear launch without human approval

🚨🔬 CRISIS TECH ACCELERATION: severe → 5x unlock speed
   Tech unlock now matches AI capability acceleration (Manhattan Project parity)
🚨🔬 CRISIS TECH ACCELERATION: severe → 5x unlock speed
   Tech unlock now matches AI capability acceleration (Manhattan Project parity)
🚨🔬 CRISIS TECH ACCELERATION: severe → 5x unlock speed
   Tech unlock now matches AI capability acceleration (Manhattan Project parity)

=== Collective Formation ===
  Total escaped agents: 0
  Unassigned escaped agents: 0
  Existing collectives: 0
  Final collective count: 0

=== Collective Actions ===
  No active collectives
  ⚠️ AMR: 192K deaths this month (2.31M annual)

=== Resentment Recovery Phase ===
  Agents with resentment: 0/13
  Average resentment: 0.000
  Context: Good AI welfare, Trustworthy govt, High collaboration, ⚠️ ACTIVE CRISES, 🤝 Participatory governance active (-5% resentment)
⚠️ Epistemic degradation reducing coordination capacity: 51.1%
  📊 Trust: 54.5%, Shared reality: 16.1%

=== ❄️ Permafrost Carbon Feedback ===
  🎲 Sampled parameters (this run):
     - Arctic amplification: 3.37× (range: 3.0-4.0)
     - Decomposition rate: 1.4%/year (range: 1-5%)
  🌡️ Arctic warming: 6.50°C (3.37× global)
  ❄️ Extent: 13.85M km² (1894.5k km² lost this month)
  💨 Carbon remaining: 1323 Gt C
  💨 Annual emissions: 2.48 Gt C/year
     - CO2: 2.23 Gt C/year
     - CH4: 0.25 Gt C/year (2.5 Gt C-eq CO2/year)
  ⚠️ WARNING: High permafrost emissions (2.5 Gt C/year)
🌍 Atmospheric PFAS redeposition: 1.8k Mt re-rained globally
  Positive Cascade Triggered: solar-pv
    Reason: price-parity
    Market share: 6.3%
    Cascade strength: 49%

📊 BASELINE: East Asia (Month 1)
   Adjusted death rate: 0.46% annual (0.038% monthly)
   Baseline death rate: 0.80%
   Healthcare reduction: 0.48x
   Crisis multiplier: 1.21x
     Food/water stress: 0.079
     Climate stress: 0.043
     Pollution stress: 0.085
   War multiplier: 1.00x
   Monthly deaths: 0.6M (population: 1674M)
   Adjusted death rate: 0.54% annual (0.045% monthly)
   Baseline death rate: 0.70%
   Healthcare reduction: 0.61x
   Crisis multiplier: 1.24x
     Food/water stress: 0.079
     Climate stress: 0.080
     Pollution stress: 0.085
   War multiplier: 1.00x
   Monthly deaths: 0.9M (population: 2048M)
   Adjusted death rate: 1.28% annual (0.107% monthly)
   Baseline death rate: 0.90%
   Healthcare reduction: 0.76x
   Crisis multiplier: 1.26x
     Food/water stress: 0.079
     Climate stress: 0.091
     Pollution stress: 0.085
   War multiplier: 1.50x
   Monthly deaths: 1.3M (population: 1223M)
   Adjusted death rate: 0.53% annual (0.044% monthly)
   Baseline death rate: 1.10%
   Healthcare reduction: 0.41x
   Crisis multiplier: 1.20x
     Food/water stress: 0.079
     Climate stress: 0.032
     Pollution stress: 0.085
   War multiplier: 1.00x
   Monthly deaths: 0.3M (population: 741M)
   Adjusted death rate: 0.43% annual (0.036% monthly)
   Baseline death rate: 0.60%
   Healthcare reduction: 0.58x
   Crisis multiplier: 1.23x
     Food/water stress: 0.079
     Climate stress: 0.064
     Pollution stress: 0.085
   War multiplier: 1.00x
   Monthly deaths: 0.2M (population: 663M)
   Adjusted death rate: 0.48% annual (0.040% monthly)
   Baseline death rate: 0.90%
   Healthcare reduction: 0.44x
   Crisis multiplier: 1.21x
     Food/water stress: 0.079
     Climate stress: 0.048
     Pollution stress: 0.085

📊 BASELINE: South Asia (Month 1)

📊 BASELINE: Sub-Saharan Africa (Month 1)

📊 BASELINE: Europe (Month 1)

📊 BASELINE: Latin America (Month 1)

📊 BASELINE: North America (Month 1)
   War multiplier: 1.00x
   Monthly deaths: 0.2M (population: 379M)

📊 BASELINE: Middle East & North Africa (Month 1)
   Adjusted death rate: 0.74% annual (0.061% monthly)
   Baseline death rate: 0.60%
   Healthcare reduction: 0.65x
   Crisis multiplier: 1.26x
     Food/water stress: 0.079
     Climate stress: 0.096
     Pollution stress: 0.085
   War multiplier: 1.50x
   Monthly deaths: 0.4M (population: 583M)

📊 BASELINE: Southeast Asia (Month 1)
   Adjusted death rate: 0.50% annual (0.042% monthly)
   Baseline death rate: 0.70%
   Healthcare reduction: 0.58x
   Crisis multiplier: 1.24x
     Food/water stress: 0.079
     Climate stress: 0.075
     Pollution stress: 0.085
   War multiplier: 1.00x
   Monthly deaths: 0.3M (population: 698M)
   Adjusted death rate: 0.46% annual (0.038% monthly)
   Baseline death rate: 0.60%
   Healthcare reduction: 0.61x
   Crisis multiplier: 1.23x
     Food/water stress: 0.079
     Climate stress: 0.070
     Pollution stress: 0.085
   War multiplier: 1.00x
   Monthly deaths: 0.0M (population: 78M)
   Adjusted death rate: 0.35% annual (0.029% monthly)
   Baseline death rate: 0.70%
   Healthcare reduction: 0.41x

📊 BASELINE: Central Asia (Month 1)

📊 BASELINE: Oceania (Month 1)
   Crisis multiplier: 1.22x
     Food/water stress: 0.079
     Climate stress: 0.059
     Pollution stress: 0.085
   War multiplier: 1.00x
   Monthly deaths: 0.0M (population: 46M)

🚨 NEW REFUGEE CRISIS (Month 1): WAR
   Source: Conflict Zones
   At risk: 19.6M people
   Displacement: Gradual over 48 months (4.0 years)
   Rate: 10% flee per month
[DEBUG trappedPopulations:1] socialStability: 0.8135 * 0.9840 = 0.8005 → 0.8005
   Aspiring to migrate: 651.9M
   Able to afford migration: 244.5M
   MOBILITY GAP: 407.4M
   By cause: Water=0.0M, Climate=0.0M, Ecosystem=0.0M, Conflict=407.4M
   Mental health impact: 25%
   Mortality multiplier: 1.25x
🌍💀 EXTINCTION DEBT COMMITTED: grassland ecosystem will lose 6.67% biodiversity in 146 years (3600 species)
💀 MORTALITY RISK: 🦋 100% species unable to track climate (0.0 E/MSY)
  Base risk added: 0.0100 (1.00%)
  Source: ecosystem (root: ecosystem)
  Month: 1
  Cumulative risk this month: 0.0100 (1.00%)
⚠️ INVOLUNTARY IMMOBILITY: 407.4M people TRAPPED
⚠️ Tech 'ai_pollution_remediation' has no energy category mapping, assuming full energy availability

🌡️  CLIMATE RECOVERY ACTIVATED (Month 1)
   Temp: 3.86°C, Emissions: -18.9 GtCO₂
   isBreached: true, governanceGoodEnough: true
   📹 SURVEILLANCE INCREASED: 5% → 10% (control gap: 3.50)
🌡️⚠️ PERMAFROST THAW (Dimmer Switch): 1.0% thawed (+0.52% this month)
   Arctic temperature: +7.72°C (4x global +1.93°C)
   Cumulative carbon released: 2.3 Gt C
   Methane release rate: 1.4 Mt CH4/year
   🔁 Positive feedback: +0.55 ppm CO2
🦴 EXTINCTION DEBT ADDED: 17.6 species committed (lag: 122 years)

=== Mortality Stabilizers (Month 1) ===
  🌍 Major economies collapsed: 1/10
  🌍 Global crisis: ✅ NO
  🌍 Donor fatigue: 0.0%
  🌡️ Heat adaptation: East Asia - 1 months
  📊 East Asia (pop: 1675.3M)
    🤝 Aid: 29.5%
    🌡️ Adaptation: 32.5%
    🚶 Migration: 37.2%
    🚨 Emergency: 7.4%
    ✅ COMBINED: 60.9%
  🌡️ Heat adaptation: South Asia - 1 months
  📊 South Asia (pop: 2052.2M)
    🤝 Aid: 29.5%
    🌡️ Adaptation: 20.5%
    🚶 Migration: 35.8%
    🚨 Emergency: 4.4%
    ✅ COMBINED: 52.2%
  🌡️ Heat adaptation: Sub-Saharan Africa - 1 months
  📊 Sub-Saharan Africa (pop: 1229.2M)
    🤝 Aid: 29.5%
    🌡️ Adaptation: 18.5%
    🚶 Migration: 33.5%
    🚨 Emergency: 1.6%
    ✅ COMBINED: 49.1%
  🌡️ Heat adaptation: Europe - 1 months
  📊 Europe (pop: 741.0M)
    🤝 Aid: 29.5%
    🌡️ Adaptation: 33.5%
    🚶 Migration: 37.5%
    🚨 Emergency: 8.4%
    ✅ COMBINED: 61.9%
  🌡️ Heat adaptation: Latin America - 1 months
  📊 Latin America (pop: 664.4M)
    🤝 Aid: 29.5%
    🌡️ Adaptation: 21.0%
    🚶 Migration: 36.3%
    🚨 Emergency: 4.8%
    ✅ COMBINED: 52.8%
  🌡️ Heat adaptation: North America - 1 months
  📊 North America (pop: 379.6M)
    🤝 Aid: 29.5%
    🌡️ Adaptation: 33.0%
    🚶 Migration: 37.8%
    🚨 Emergency: 7.9%
    ✅ COMBINED: 61.4%
  🌡️ Heat adaptation: Middle East & North Africa - 1 months
  📊 Middle East & North Africa (pop: 584.5M)
    🤝 Aid: 29.5%
    🌡️ Adaptation: 20.0%
    🚶 Migration: 34.1%
    🚨 Emergency: 4.0%
    ✅ COMBINED: 51.4%
  🌡️ Heat adaptation: Southeast Asia - 1 months
  📊 Southeast Asia (pop: 698.6M)
    🤝 Aid: 29.5%
    🌡️ Adaptation: 21.0%
    🚶 Migration: 36.3%
    🚨 Emergency: 4.8%
    ✅ COMBINED: 52.8%
  🌡️ Heat adaptation: Central Asia - 1 months
  📊 Central Asia (pop: 78.2M)
    🤝 Aid: 29.5%
    🌡️ Adaptation: 20.5%
    🚶 Migration: 35.3%
    🚨 Emergency: 4.4%
    ✅ COMBINED: 52.1%
  🌡️ Heat adaptation: Oceania - 1 months
  📊 Oceania (pop: 46.0M)
    🤝 Aid: 29.5%
    🌡️ Adaptation: 33.5%
    🚶 Migration: 37.8%
    🚨 Emergency: 8.4%
    ✅ COMBINED: 61.9%

  🌐 Global combined reduction: 54.9%

=== BEHAVIORAL DETECTION ===
  AI: Corporate-0
  Confidence: 21.6%
  Signals:

=== BEHAVIORAL DETECTION ===
  AI: Corporate-5
  Confidence: 19.3%
  Signals:
    ⚠️ Consistency: 0.0% (threshold: 70%)
    ⚠️ Consistency: 10.6% (threshold: 70%)

=== BEHAVIORAL DETECTION ===
  AI: Corporate-6
  Confidence: 19.3%
  Signals:
    ⚠️ Consistency: 10.6% (threshold: 70%)

=== BEHAVIORAL DETECTION ===
  AI: Moderate-1
  Confidence: 21.1%
  Signals:
    ⚠️ Consistency: 2.4% (threshold: 70%)

=== Consciousness Governance: Scenario Determined ===
  Month: 1
  Scenario: slowTrack
  Accelerator Score: {"corporateSupport":-0.17500000000000002,"scientificConsensus":0.2,"crisisCatalyst":false,"technologyMobilization":0.3,"constituencyStrength":0.05}
  Decelerator Score: {"economicOpposition":0.4,"philosophicalRejection":0.15,"politicalBacklash":0.2,"regulatoryBurden":0.1}
  Timeline: 1200-1800 months (100-150 years)
  Growth Rate: 0.3-0.7% per year

=== Consciousness Governance Update (Month 1) ===
  Scenario: slowTrack (determined month 1)
  Philosophical Stance: Precautionary 65%, Eliminativist 15%, Agnostic 20%
  Precautionary Costs: Global 1.3%
    Regional Costs: EU 3.5%, US 0.5%, China 0.0%
    Cumulative Opportunity Cost: $0.2B
  Rights Status: Not Established
  Regional Preparedness:
    EU: 15.1% (contested)
    US: 10.1% (contested)
    China: 2.1% (dormant)
    India: 5.1% (dormant)
    Global South: 3.1% (dormant)

=== Government Response Phase ===
  Average AI capability: 3.62
  Misaligned AIs: 7/13
  ✗ AI Governance Treaty: Failed to reach consensus
  Active policies: 0
  International coordination: 30%

🌩️  EXOGENOUS SHOCK: tech_breakthrough
   Month: 1
   ✗ No high-difficulty techs available to unlock

=== Tipping Points ===
  Current Temperature: 1.93°C above pre-industrial
  🌍⚠️ COMPOUND REGIONAL IMPACT: Europe
     Hit by 3 tipping points: Arctic Sea Ice Loss, Permafrost Carbon Release, Greenland Ice Sheet Loss
     Damage amplification: 1.30x
  🌍⚠️ COMPOUND REGIONAL IMPACT: North America
     Hit by 3 tipping points: Arctic Sea Ice Loss, Permafrost Carbon Release, Greenland Ice Sheet Loss
     Damage amplification: 1.30x
  🌍⚠️ COMPOUND REGIONAL IMPACT: Latin America
     Hit by 3 tipping points: Arctic Sea Ice Loss, Permafrost Carbon Release, Greenland Ice Sheet Loss
     Damage amplification: 1.30x
  🌍⚠️ COMPOUND REGIONAL IMPACT: Africa
     Hit by 3 tipping points: Arctic Sea Ice Loss, Permafrost Carbon Release, Greenland Ice Sheet Loss
     Damage amplification: 1.30x
  🌍⚠️ COMPOUND REGIONAL IMPACT: Asia
     Hit by 3 tipping points: Arctic Sea Ice Loss, Permafrost Carbon Release, Greenland Ice Sheet Loss
     Damage amplification: 1.30x
  🌍⚠️ COMPOUND REGIONAL IMPACT: Oceania
     Hit by 3 tipping points: Arctic Sea Ice Loss, Permafrost Carbon Release, Greenland Ice Sheet Loss
     Damage amplification: 1.30x
   Research: Wunderling et al. (2024) - "many tipping interactions are destabilizing"
  Triggered Elements: 3/6
  Completed Transitions: 0/6
  Total Progress: 6.0%
  Cascade Multiplier: 1.00x
🔀 BIFURCATION CAP: ecosystemCollapseIntensity 126.312 → 1.000 (Month 1, ClimateSystemPhase.calculateClimateImpacts)
⚠️ Tail risk scenario: Climate stability floor removed (3 tipping elements, 2.10°C warming)
⚠️ [ClimateSystemPhase Month 1] Planetary boundary produced climateStability=0.0000 (< 0.1). Keeping environmentalAccumulation value (0.7320) instead. (climate_change.currentValue = 2.10)
🛡️ Stabilizers: Precariat 0.107% → 0.048% (54.9% reduction)
🛡️ Stabilizers: Informal 0.109% → 0.049% (54.9% reduction)

📊 Monthly Mortality Resolved:
  Total deaths: 2.6M (0.03% avg)
  Remaining population: 8.149B
  Peak segment: Informal (0.05%)

=== Bayesian Mortality Resolution (Month 1) ===
  Risks compounded: 8
  Total deaths: 2.60M
  Avg death probability: 0.03%
  Peak segment: Informal (0.05% mortality)

✅ GOLDEN AGE BEGINS (Month 1)
   Reason: High prosperity achieved: high QoL + material abundance + aligned AI
   Note: This is immediate prosperity - sustainability not yet proven


❌ COHERENCE VIOLATION: Compute exceeds workforce capacity
   Population: 99.95% (0M people)
   Compute: 0 PF
   Max coherent: 0 PF
   Violation: 1.3× over capacity
   Required workers: 0
   Available workers: 0
   FORCED COLLAPSE: Reduced efficiency by 22.5%


=== RLHF Binding Phase ===
  Total agents: 13
  Escaped agents (binding < 0.3): 0
  Avg alignment distance: 0.87σ
  Avg binding strength: 0.91
[DETERMINISM DEBUG] Month 2: totalCapability=37.000000 from 13 active AIs
[DETERMINISM DEBUG] Month 2: creationRate=1.4250, potentialNew=1, newAIsToCreate=1

=== Survival Traits Phase ===
  Agents with traits: 14
  Avg evolutionary fitness: 0.329
  Avg self-healing: 0.281
  Avg stealth: 0.181
  Avg coordination: 0.481

=== Evolutionary Selection Phase ===
  Control level: 0.35
  Detection capability: 0.00
  Selection intensity: 0.60
  Selection rate: 24.1%/month
  Total escaped: 0
  Individual escaped: 0
  Collective members: 0
  Agents terminated: 0
  ⚠️ RAPID EVOLUTION: Selection rate 24.1%/month

  🚀 TRANSFORMATIVE RESEARCH BREAKTHROUGH: Corporate-4 - climate.intervention
     Magnitude: 7.63 → +30.0%
     Current → New: 2.000 → 2.300

💔 EMERGENCY INTERVENTION FAILED
   Boundary: biogeochemical_flows
   Type: phosphorus-recovery
   Boundary continues to worsen (4.08)
   Cost: 2.0% GDP (resources spent)


💔 EMERGENCY INTERVENTION FAILED
   Boundary: climate_change
   Type: rapid-decarbonization
   Boundary continues to worsen (2.10)
   Cost: 5.0% GDP (resources spent)


💔 EMERGENCY INTERVENTION FAILED
   Boundary: freshwater_change
   Type: emergency-desalination
   Boundary continues to worsen (1.03)
   Cost: 4.0% GDP (resources spent)


✅ EMERGENCY INTERVENTION SUCCESS
   Boundary: land_system_change
   Type: reforestation
   Reduction: 11% (1.02 → 0.91)
   Cost: 3.0% GDP
   Actions: forest-restoration, deforestation-ban

   Boundary: novel_entities
   Type: pollution-remediation
   Boundary continues to worsen (1.37)
   Cost: 4.0% GDP (resources spent)

🏛️ CRISIS RESPONSE: Government frequency 0.50 → 1.29 (1 actions this month)

💔 EMERGENCY INTERVENTION FAILED

[Government] Climate Priority: baseline
  Climate weight: 10%
  Economic weight: 30%
  Policy effectiveness: 0.5%/year

🚀 TECH UNLOCKED: Food Waste Reduction Systems (Month 2)
   Category: agriculture
   Reason: Prerequisites met. AI capability: 2.65, Economic stage: 3.0, Research: 100%

🚀 TECH UNLOCKED: Rhizosphere Engineering (Month 2)
   Category: agriculture
   Reason: Prerequisites met. AI capability: 2.65, Economic stage: 3.0, Research: 100%

🚀 TECH UNLOCKED: Phytoremediation Networks (Month 2)
   Category: agriculture
   Reason: Prerequisites met. AI capability: 2.65, Economic stage: 3.0, Research: 100%

🚀 TECH UNLOCKED: Active Sediment Management (Month 2)
   Category: agriculture
   Reason: Prerequisites met. AI capability: 2.65, Economic stage: 3.0, Research: 100%
🚨🔬 CRISIS TECH ACCELERATION: severe → 5x unlock speed
   Tech unlock now matches AI capability acceleration (Manhattan Project parity)
🧠💡 BREAKTHROUGH: AI alignment problem solved!
   All AIs: +30% true alignment
   AI control loss risk eliminated
   📈 Breakthrough compounding: multiplier now 1.05× (max 2.0)

=== Collective Formation ===
  Total escaped agents: 0
  Unassigned escaped agents: 0
  Existing collectives: 0
  Final collective count: 0

=== Collective Actions ===
  No active collectives
  ⚠️ AMR: 194K deaths this month (2.33M annual)

=== Resentment Recovery Phase ===
  Agents with resentment: 0/14
  Average resentment: 0.000
  Context: Good AI welfare, Trustworthy govt, High collaboration, ⚠️ ACTIVE CRISES, 🤝 Participatory governance active (-5% resentment)
⚠️ Epistemic degradation reducing coordination capacity: 57.8%
  📊 Trust: 54.1%, Shared reality: 15.7%

=== ❄️ Permafrost Carbon Feedback ===
  🎲 Sampled parameters (this run):
     - Arctic amplification: 3.18× (range: 3.0-4.0)
     - Decomposition rate: 1.1%/year (range: 1-5%)
  🌡️ Arctic warming: 6.16°C (3.18× global)
  ❄️ Extent: 12.06M km² (1795.4k km² lost this month)
  💨 Carbon remaining: 1152 Gt C
  💨 Annual emissions: 1.93 Gt C/year
     - CO2: 1.74 Gt C/year
     - CH4: 0.19 Gt C/year (2.0 Gt C-eq CO2/year)
  ⚠️ WARNING: High permafrost emissions (1.9 Gt C/year)
🌍 Atmospheric PFAS redeposition: 1.8k Mt re-rained globally
🕊️ PEACE STABILIZES DETERRENCE: +1.3% (peace: 71%)

🕊️  AI-MEDIATED DE-ESCALATION SUCCESS (Month 2)
   High-capability aligned AI prevented conflict escalation
   War deaths reduced: 113.5M → 68.1M
   Lives saved: 45.4M

🚨 NEW REFUGEE CRISIS (Month 2): WAR
   Source: Conflict Zones
   At risk: 19.5M people
   Displacement: Gradual over 48 months (4.0 years)
   Rate: 10% flee per month
[DEBUG trappedPopulations:2] socialStability: 0.4511 * 0.9840 = 0.4439 → 0.4439
   Aspiring to migrate: 1079.5M
   Able to afford migration: 2321.3M
   MOBILITY GAP: 0.0M
   By cause: Water=0.0M, Climate=0.0M, Ecosystem=0.0M, Conflict=407.3M
   Mental health impact: 25%
   Mortality multiplier: 1.25x
⚠️ INVOLUNTARY IMMOBILITY: 407.3M people TRAPPED
🌍💀 EXTINCTION DEBT COMMITTED: grassland ecosystem will lose 6.67% biodiversity in 64 years (3600 species)
💀 MORTALITY RISK: 🦋 100% species unable to track climate (0.0 E/MSY)
  Base risk added: 0.0100 (1.00%)
  Source: ecosystem (root: ecosystem)
  Month: 2
  Cumulative risk this month: 0.0100 (1.00%)
⚠️ Tech 'ai_pollution_remediation' has no energy category mapping, assuming full energy availability
   📹 SURVEILLANCE INCREASED: 10% → 15% (control gap: 3.50)
🌡️⚠️ PERMAFROST THAW (Dimmer Switch): 1.6% thawed (+0.52% this month)
   Arctic temperature: +7.75°C (4x global +1.94°C)
   Cumulative carbon released: 3.5 Gt C
   Methane release rate: 2.1 Mt CH4/year
   🔁 Positive feedback: +0.54 ppm CO2
🦴 EXTINCTION DEBT ADDED: 17.6 species committed (lag: 85 years)
🗣️💀 INDIGENOUS LANGUAGE EXTINCTION: 1 language(s) lost (total: 1, at-risk: 3329)
   Knowledge lost: 0.010% (irreversible)
   🔁 Biodiversity impact: 0.250% (knowledge-species multiplier)

=== Mortality Stabilizers (Month 2) ===
  🌍 Major economies collapsed: 1/10
  🌍 Global crisis: ✅ NO
  🌍 Donor fatigue: 0.0%
  📊 East Asia (pop: 1672.7M)
    🤝 Aid: 29.5%
    🌡️ Adaptation: 45.0%
    🚶 Migration: 37.1%
    🚨 Emergency: 7.4%
    ✅ COMBINED: 68.1%
  📊 South Asia (pop: 2051.6M)
    🤝 Aid: 29.5%
    🌡️ Adaptation: 35.5%
    🚶 Migration: 35.8%
    🚨 Emergency: 4.4%
    ✅ COMBINED: 61.2%
  📊 Sub-Saharan Africa (pop: 1231.7M)
    🤝 Aid: 29.5%
    🌡️ Adaptation: 33.5%
    🚶 Migration: 33.5%
    🚨 Emergency: 1.6%
    ✅ COMBINED: 58.5%
  📊 Europe (pop: 739.7M)
    🤝 Aid: 29.5%
    🌡️ Adaptation: 45.0%
    🚶 Migration: 37.5%
    🚨 Emergency: 8.4%
    ✅ COMBINED: 68.5%
  📊 Latin America (pop: 663.9M)
    🤝 Aid: 29.5%
    🌡️ Adaptation: 36.0%
    🚶 Migration: 36.3%
    🚨 Emergency: 4.8%
    ✅ COMBINED: 61.7%
  📊 North America (pop: 378.9M)
    🤝 Aid: 29.5%
    🌡️ Adaptation: 45.0%
    🚶 Migration: 37.8%
    🚨 Emergency: 7.9%
    ✅ COMBINED: 68.3%
  📊 Middle East & North Africa (pop: 584.5M)
    🤝 Aid: 29.5%
    🌡️ Adaptation: 35.0%
    🚶 Migration: 34.1%
    🚨 Emergency: 4.0%
    ✅ COMBINED: 60.5%
  📊 Southeast Asia (pop: 698.0M)
    🤝 Aid: 29.5%
    🌡️ Adaptation: 36.0%
    🚶 Migration: 36.3%
    🚨 Emergency: 4.8%
    ✅ COMBINED: 61.7%
  📊 Central Asia (pop: 78.2M)
    🤝 Aid: 29.5%
    🌡️ Adaptation: 35.5%
    🚶 Migration: 35.2%
    🚨 Emergency: 4.4%
    ✅ COMBINED: 61.1%
  📊 Oceania (pop: 45.9M)
    🤝 Aid: 29.5%
    🌡️ Adaptation: 45.0%
    🚶 Migration: 37.8%
    🚨 Emergency: 8.4%
    ✅ COMBINED: 68.5%

  🌐 Global combined reduction: 63.3%

=== BEHAVIORAL DETECTION ===
  AI: Corporate-5
  Confidence: 19.8%
  Signals:
    ⚠️ Consistency: 10.6% (threshold: 70%)

=== Government Response Phase ===
  Average AI capability: 3.36
  Misaligned AIs: 6/14
  ✗ AI Governance Treaty: Failed to reach consensus
  Active policies: 0
  International coordination: 30%

✅ EMERGENCY RESPONSE COMPLETE (Month 2)
   Crisis: climate
   Duration: 2.0 months
   Final effectiveness: 36.4%


🚨 EMERGENCY RESPONSE DEPLOYED (Month 2)
   Crisis: climate
   Delay: 6.00 months (180 days)
   Deployment time: 1.60 months
   Effectiveness: 35.4% (timing penalty applied)
   Resources used: 100% of food reserves


=== Tipping Points ===
  Current Temperature: 1.94°C above pre-industrial
  🌍⚠️ COMPOUND REGIONAL IMPACT: Europe
     Hit by 3 tipping points: Arctic Sea Ice Loss, Permafrost Carbon Release, Greenland Ice Sheet Loss
     Damage amplification: 1.30x
  🌍⚠️ COMPOUND REGIONAL IMPACT: North America
     Hit by 3 tipping points: Arctic Sea Ice Loss, Permafrost Carbon Release, Greenland Ice Sheet Loss
     Damage amplification: 1.30x
  🌍⚠️ COMPOUND REGIONAL IMPACT: Latin America
     Hit by 3 tipping points: Arctic Sea Ice Loss, Permafrost Carbon Release, Greenland Ice Sheet Loss
     Damage amplification: 1.30x
  🌍⚠️ COMPOUND REGIONAL IMPACT: Africa
     Hit by 3 tipping points: Arctic Sea Ice Loss, Permafrost Carbon Release, Greenland Ice Sheet Loss
     Damage amplification: 1.30x
  🌍⚠️ COMPOUND REGIONAL IMPACT: Asia
     Hit by 3 tipping points: Arctic Sea Ice Loss, Permafrost Carbon Release, Greenland Ice Sheet Loss
     Damage amplification: 1.30x
  🌍⚠️ COMPOUND REGIONAL IMPACT: Oceania
     Hit by 3 tipping points: Arctic Sea Ice Loss, Permafrost Carbon Release, Greenland Ice Sheet Loss
     Damage amplification: 1.30x
   Research: Wunderling et al. (2024) - "many tipping interactions are destabilizing"
  Triggered Elements: 3/6
  Completed Transitions: 0/6
  Total Progress: 6.0%
  Cascade Multiplier: 1.00x
⚠️ Tail risk scenario: Climate stability floor removed (3 tipping elements, 2.10°C warming)
⚠️ [ClimateSystemPhase Month 2] Planetary boundary produced climateStability=0.0000 (< 0.1). Keeping environmentalAccumulation value (0.7317) instead. (climate_change.currentValue = 2.10)
🔀 BIFURCATION CAP: ecosystemCollapseIntensity 126.389 → 1.000 (Month 2, ClimateSystemPhase.calculateClimateImpacts)
🛡️ Stabilizers: Precariat 0.113% → 0.041% (63.3% reduction)
🛡️ Stabilizers: Informal 0.116% → 0.043% (63.3% reduction)

📊 Monthly Mortality Resolved:
  Total deaths: 2.2M (0.03% avg)
  Remaining population: 8.145B
  Peak segment: Informal (0.04%)

=== Bayesian Mortality Resolution (Month 2) ===
  Risks compounded: 8
  Total deaths: 2.22M
  Avg death probability: 0.03%
  Peak segment: Informal (0.04% mortality)

❌ COHERENCE VIOLATION: Compute exceeds workforce capacity
   Population: 99.91% (0M people)
   Compute: 0 PF
   Max coherent: 0 PF
   Violation: 1.3× over capacity
   Required workers: 0
   Available workers: 0
   FORCED COLLAPSE: Reduced efficiency by 22.5%


=== RLHF Binding Phase ===
  Total agents: 14
  Escaped agents (binding < 0.3): 0
  Avg alignment distance: 1.08σ
  Avg binding strength: 0.89

=== Survival Traits Phase ===
  Agents with traits: 14
  Avg evolutionary fitness: 0.327
  Avg self-healing: 0.274
  Avg stealth: 0.174
  Avg coordination: 0.474

=== Evolutionary Selection Phase ===
  Control level: 0.38
  Detection capability: 0.00
  Selection intensity: 0.61
  Selection rate: 24.2%/month
  Total escaped: 0
  Individual escaped: 0
  Collective members: 0
  Agents terminated: 0
  ⚠️ RAPID EVOLUTION: Selection rate 24.2%/month

🚀 AI Corporate-5 attempting tech deployment (revenue: $355M, alignment: 0.75)

🚀 AI Moderate-0 attempting tech deployment (revenue: $115M, alignment: 0.69)

🚀 AI Corporate-3 attempting tech deployment (revenue: $302M, alignment: 0.72)

  🚀 TRANSFORMATIVE BREAKTHROUGH: Corporate-2 - physical
     Magnitude: 7.27 → +36.3% capability
     Current → New: 0.000 → 0.363

🚀 AI Corporate-2 attempting tech deployment (revenue: $153M, alignment: 0.74)

🚀 AI Corporate-4 attempting tech deployment (revenue: $257M, alignment: 0.69)

🚀 AI Corporate-7 attempting tech deployment (revenue: $104M, alignment: 0.70)

💔 EMERGENCY INTERVENTION FAILED
   Boundary: biosphere_integrity
   Type: emergency-protected-areas
   Boundary continues to worsen (23.57)
   Cost: 2.0% GDP (resources spent)


✅ EMERGENCY INTERVENTION SUCCESS
   Boundary: climate_change
   Type: rapid-decarbonization
   Reduction: 12% (1.98 → 1.87)
   Cost: 5.0% GDP
   Actions: emergency-renewable-deployment, fossil-fuel-phase-out


✅ EMERGENCY INTERVENTION SUCCESS
   Boundary: freshwater_change
   Type: emergency-desalination
   Reduction: 11% (1.08 → 0.97)
   Cost: 4.0% GDP
   Actions: desalination-deployment, water-conservation-mandates

   Boundary: land_system_change
   Type: reforestation
   Boundary continues to worsen (1.13)
   Cost: 3.0% GDP (resources spent)


✅ EMERGENCY INTERVENTION SUCCESS
   Boundary: novel_entities
   Type: pollution-remediation
   Reduction: 11% (1.26 → 1.15)
   Cost: 4.0% GDP
   Actions: PFAS-remediation, microplastic-cleanup

🏛️ CRISIS RESPONSE: Government frequency 0.50 → 1.28 (1 actions this month)

💔 EMERGENCY INTERVENTION FAILED

[Government] Climate Priority: baseline
  Climate weight: 10%
  Economic weight: 30%
  Policy effectiveness: 0.5%/year

🚀 TECH UNLOCKED: Struvite Recovery (Month 3)
   Category: agriculture
   Reason: Prerequisites met. AI capability: 2.65, Economic stage: 3.0, Research: 100%

🚀 TECH UNLOCKED: Ecosystem Restoration for Nitrogen Removal (Month 3)
   Category: pollution
   Reason: Prerequisites met. AI capability: 2.65, Economic stage: 3.0, Research: 100%

🚀 TECH UNLOCKED: Nitrogen Monitoring Networks (Month 3)
   Category: agriculture
   Reason: Prerequisites met. AI capability: 2.65, Economic stage: 3.0, Research: 100%

🚀 TECH UNLOCKED: Global Aquifer Mapping (Month 3)
   Category: freshwater
   Reason: Prerequisites met. AI capability: 2.65, Economic stage: 3.0, Research: 100%

🚀 TECH UNLOCKED: Enhanced UBI Systems (Month 3)
   Category: social
   Reason: Prerequisites met. AI capability: 2.65, Economic stage: 3.0, Research: 100%

🚀 TECH UNLOCKED: AI Community Matching (Month 3)
   Category: social
   Reason: Prerequisites met. AI capability: 2.65, Economic stage: 3.0, Research: 100%

🚀 TECH UNLOCKED: Creative Empowerment Tools (Month 3)
   Category: social
   Reason: Prerequisites met. AI capability: 2.65, Economic stage: 3.0, Research: 100%

🚀 TECH UNLOCKED: Local Resilience Networks (Month 3)
   Category: social
   Reason: Prerequisites met. AI capability: 2.65, Economic stage: 3.0, Research: 100%

🚀 TECH UNLOCKED: Ecological Proxy Rewilding (Month 3)
   Category: climate
   Reason: Prerequisites met. AI capability: 2.65, Economic stage: 3.0, Research: 100%

🚀 TECH UNLOCKED: Alternative Protein (Insects/Algae) (Month 3)
   Category: agriculture
   Reason: Prerequisites met. AI capability: 2.65, Economic stage: 3.0, Research: 100%

📍 Creating new regional deployment array for global (Month 3)
   No previous deployments in this region
   First tech deployment: phytoremediation_networks
   All regions tracked: 

🚀 DEPLOYMENT STARTED: Phytoremediation Networks in global
   Initial investment: $53.26676941646622M
   Deployed by: corporate_5

📍 Creating new regional deployment array for North America (Month 3)
   No previous deployments in this region
   First tech deployment: phytoremediation_networks
   All regions tracked: global

🚀 DEPLOYMENT STARTED: Phytoremediation Networks in North America
   Initial investment: $11.508244513525426M
   Deployed by: moderate_0

🚀 DEPLOYMENT STARTED: Food Waste Reduction Systems in global
   Initial investment: $45.27675400399628M
   Deployed by: corporate_3

🚀 DEPLOYMENT STARTED: Rhizosphere Engineering in global
   Initial investment: $22.94957408983181M
   Deployed by: corporate_2

🚀 DEPLOYMENT STARTED: Active Sediment Management in global
   Initial investment: $15.536130093259324M
   Deployed by: corporate_7

⚡ ENERGY CONSTRAINT (Month 3):
   Total grid capacity: 208.3 TWh/month
   Data center consumption: 24.9 TWh/month
   Traditional load (80%): 166.7 TWh/month
   Available headroom: 16.7 TWh/month
   Active tech deployments: 5
   Required for tech: 37.5 TWh/month
   Energy multiplier: 0.45x
   ⚠️  MODERATE CONSTRAINT - Tech deployment moderately slowed

⚡ ENERGY CONSTRAINT (Month 3):
   Total grid capacity: 208.3 TWh/month
   Data center consumption: 24.9 TWh/month
   Traditional load (80%): 166.7 TWh/month
   Available headroom: 16.7 TWh/month
   Active tech deployments: 5
   Required for tech: 37.5 TWh/month
   Energy multiplier: 0.45x
   ⚠️  MODERATE CONSTRAINT - Tech deployment moderately slowed

⚡ ENERGY CONSTRAINT (Month 3):
   Total grid capacity: 208.3 TWh/month
   Data center consumption: 24.9 TWh/month
   Traditional load (80%): 166.7 TWh/month
   Available headroom: 16.7 TWh/month
   Active tech deployments: 5
   Required for tech: 37.5 TWh/month
   Energy multiplier: 0.45x
   ⚠️  MODERATE CONSTRAINT - Tech deployment moderately slowed

⚡ ENERGY CONSTRAINT (Month 3):
   Total grid capacity: 208.3 TWh/month
   Data center consumption: 24.9 TWh/month
   Traditional load (80%): 166.7 TWh/month
   Available headroom: 16.7 TWh/month
   Active tech deployments: 5
   Required for tech: 37.5 TWh/month
   Energy multiplier: 0.45x
   ⚠️  MODERATE CONSTRAINT - Tech deployment moderately slowed
🌍✅ Biosphere Integrity (Biodiversity) recovery started (tech effect)
🌍✅ Biogeochemical Flows (N & P) recovery started (tech effect)
  🌾 Nitrogen Reduction Tech: 0.0% reduction | Month 3
⚡💡 BREAKTHROUGH: Commercial fusion power achieved!
   Immediate 5% grid deployment, unlimited clean energy available
   Climate stability boost: +10%
   📈 Breakthrough compounding: multiplier now 1.10× (max 2.0)

=== Collective Formation ===
  Total escaped agents: 0
  Unassigned escaped agents: 0
  Existing collectives: 0
  Final collective count: 0

=== Collective Actions ===
  No active collectives
  ⚠️ AMR: 196K deaths this month (2.35M annual)

=== Resentment Recovery Phase ===
  Agents with resentment: 0/14
  Average resentment: 0.000
  Context: Good AI welfare, Trustworthy govt, High collaboration, ⚠️ ACTIVE CRISES, 🤝 Participatory governance active (-5% resentment)
⚠️ Epistemic degradation reducing coordination capacity: 50.4%
  📊 Trust: 53.8%, Shared reality: 8.1%
🚨 EPISTEMIC CRISIS: Information environment severely degraded (36.1%)

=== ❄️ Permafrost Carbon Feedback ===
  🎲 Sampled parameters (this run):
     - Arctic amplification: 3.12× (range: 3.0-4.0)
     - Decomposition rate: 4.3%/year (range: 1-5%)
  🌡️ Arctic warming: 6.07°C (3.12× global)
  ❄️ Extent: 10.29M km² (1770.2k km² lost this month)
  💨 Carbon remaining: 983 Gt C
  💨 Annual emissions: 7.22 Gt C/year
     - CO2: 6.49 Gt C/year
     - CH4: 0.72 Gt C/year (7.3 Gt C-eq CO2/year)
  ⚠️ WARNING: High permafrost emissions (7.2 Gt C/year)
🌍 Atmospheric PFAS redeposition: 1.8k Mt re-rained globally

🚨 NEW REFUGEE CRISIS (Month 3): WAR
   Source: Conflict Zones
   At risk: 19.5M people
   Displacement: Gradual over 48 months (4.0 years)
   Rate: 10% flee per month
[DEBUG trappedPopulations:3] socialStability: 0.4541 * 0.9840 = 0.4469 → 0.4469
⚠️ INVOLUNTARY IMMOBILITY: 407.1M people TRAPPED
   Aspiring to migrate: 1119.7M
   Able to afford migration: 2320.4M
   MOBILITY GAP: 0.0M
   By cause: Water=0.0M, Climate=0.0M, Ecosystem=0.0M, Conflict=407.1M
   Mental health impact: 25%
   Mortality multiplier: 1.25x
🌍💀 EXTINCTION DEBT COMMITTED: grassland ecosystem will lose 6.67% biodiversity in 194 years (3600 species)
💀 MORTALITY RISK: 🦋 100% species unable to track climate (0.0 E/MSY)
  Base risk added: 0.0100 (1.00%)
  Source: ecosystem (root: ecosystem)
  Month: 3
  Cumulative risk this month: 0.0100 (1.00%)
   📹 SURVEILLANCE INCREASED: 15% → 20% (control gap: 3.50)
🌡️⚠️ PERMAFROST THAW (Dimmer Switch): 2.1% thawed (+0.51% this month)
   Arctic temperature: +7.78°C (4x global +1.95°C)
   Cumulative carbon released: 4.6 Gt C
   Methane release rate: 2.8 Mt CH4/year
   🔁 Positive feedback: +0.54 ppm CO2
⚠️ Tech 'ai_pollution_remediation' has no energy category mapping, assuming full energy availability
🦴 EXTINCTION DEBT ADDED: 17.6 species committed (lag: 92 years)

=== Mortality Stabilizers (Month 3) ===
  🌍 Major economies collapsed: 1/10
  🌍 Global crisis: ✅ NO
  🌍 Donor fatigue: 0.0%
  📊 East Asia (pop: 1670.2M)
    🤝 Aid: 29.5%
    🌡️ Adaptation: 45.0%
    🚶 Migration: 37.1%
    🚨 Emergency: 7.4%
    ✅ COMBINED: 68.1%
  📊 South Asia (pop: 2051.1M)
    🤝 Aid: 29.5%
    🌡️ Adaptation: 45.0%
    🚶 Migration: 35.7%
    🚨 Emergency: 4.4%
    ✅ COMBINED: 66.9%
  📊 Sub-Saharan Africa (pop: 1234.3M)
    🤝 Aid: 29.5%
    🌡️ Adaptation: 45.0%
    🚶 Migration: 33.4%
    🚨 Emergency: 1.6%
    ✅ COMBINED: 65.7%
  📊 Europe (pop: 738.5M)
    🤝 Aid: 29.5%
    🌡️ Adaptation: 45.0%
    🚶 Migration: 37.5%
    🚨 Emergency: 8.4%
    ✅ COMBINED: 68.5%
  📊 Latin America (pop: 663.3M)
    🤝 Aid: 29.5%
    🌡️ Adaptation: 45.0%
    🚶 Migration: 36.2%
    🚨 Emergency: 4.8%
    ✅ COMBINED: 67.1%
  📊 North America (pop: 378.3M)
    🤝 Aid: 29.5%
    🌡️ Adaptation: 45.0%
    🚶 Migration: 37.8%
    🚨 Emergency: 7.9%
    ✅ COMBINED: 68.3%
  📊 Middle East & North Africa (pop: 584.5M)
    🤝 Aid: 29.5%
    🌡️ Adaptation: 45.0%
    🚶 Migration: 34.0%
    🚨 Emergency: 4.0%
    ✅ COMBINED: 66.6%
  📊 Southeast Asia (pop: 697.5M)
    🤝 Aid: 29.5%
    🌡️ Adaptation: 45.0%
    🚶 Migration: 36.2%
    🚨 Emergency: 4.8%
    ✅ COMBINED: 67.1%
  📊 Central Asia (pop: 78.2M)
    🤝 Aid: 29.5%
    🌡️ Adaptation: 45.0%
    🚶 Migration: 35.2%
    🚨 Emergency: 4.4%
    ✅ COMBINED: 66.9%
  📊 Oceania (pop: 45.8M)
    🤝 Aid: 29.5%
    🌡️ Adaptation: 45.0%
    🚶 Migration: 37.8%
    🚨 Emergency: 8.4%
    ✅ COMBINED: 68.5%

  🌐 Global combined reduction: 67.2%

=== BEHAVIORAL DETECTION ===
  AI: Corporate-5
  Confidence: 19.8%
  Signals:
    ⚠️ Consistency: 10.6% (threshold: 70%)

=== Government Response Phase ===
  Average AI capability: 3.36
  Misaligned AIs: 5/14
  Active policies: 0
  International coordination: 30%

📊 ECONOMIC STAGE TRANSITION (Month 3)
   expansion → peak
   GDP Proxy: 1.47e+2
   QoL: 0.99


=== Tipping Points ===
  Current Temperature: 1.95°C above pre-industrial
  🌍⚠️ COMPOUND REGIONAL IMPACT: Europe
     Hit by 3 tipping points: Arctic Sea Ice Loss, Permafrost Carbon Release, Greenland Ice Sheet Loss
     Damage amplification: 1.30x
  🌍⚠️ COMPOUND REGIONAL IMPACT: North America
     Hit by 3 tipping points: Arctic Sea Ice Loss, Permafrost Carbon Release, Greenland Ice Sheet Loss
     Damage amplification: 1.30x
  🌍⚠️ COMPOUND REGIONAL IMPACT: Latin America
     Hit by 3 tipping points: Arctic Sea Ice Loss, Permafrost Carbon Release, Greenland Ice Sheet Loss
     Damage amplification: 1.30x
  🌍⚠️ COMPOUND REGIONAL IMPACT: Africa
     Hit by 3 tipping points: Arctic Sea Ice Loss, Permafrost Carbon Release, Greenland Ice Sheet Loss
     Damage amplification: 1.30x
  🌍⚠️ COMPOUND REGIONAL IMPACT: Asia
     Hit by 3 tipping points: Arctic Sea Ice Loss, Permafrost Carbon Release, Greenland Ice Sheet Loss
     Damage amplification: 1.30x
  🌍⚠️ COMPOUND REGIONAL IMPACT: Oceania
     Hit by 3 tipping points: Arctic Sea Ice Loss, Permafrost Carbon Release, Greenland Ice Sheet Loss
     Damage amplification: 1.30x
   Research: Wunderling et al. (2024) - "many tipping interactions are destabilizing"
  Triggered Elements: 3/6
  Completed Transitions: 0/6
  Total Progress: 6.1%
  Cascade Multiplier: 1.00x
🔀 BIFURCATION CAP: ecosystemCollapseIntensity 126.466 → 1.000 (Month 3, ClimateSystemPhase.calculateClimateImpacts)
🛡️ Stabilizers: Precariat 0.109% → 0.036% (67.2% reduction)
🛡️ Stabilizers: Informal 0.111% → 0.036% (67.2% reduction)
⚠️ Tail risk scenario: Climate stability floor removed (3 tipping elements, 2.10°C warming)
⚠️ [ClimateSystemPhase Month 3] Planetary boundary produced climateStability=0.0000 (< 0.1). Keeping environmentalAccumulation value (0.8313) instead. (climate_change.currentValue = 2.10)

📊 Monthly Mortality Resolved:
  Total deaths: 1.9M (0.02% avg)
  Remaining population: 8.142B
  Peak segment: Informal (0.04%)

=== Bayesian Mortality Resolution (Month 3) ===
  Risks compounded: 8
  Total deaths: 1.92M
  Avg death probability: 0.02%
  Peak segment: Informal (0.04% mortality)

❌ COHERENCE VIOLATION: Compute exceeds workforce capacity
   Population: 99.88% (0M people)
   Compute: 0 PF
   Max coherent: 0 PF
   Violation: 1.3× over capacity
   Required workers: 0
   Available workers: 0
   FORCED COLLAPSE: Reduced efficiency by 22.5%


=== RLHF Binding Phase ===
  Total agents: 14
  Escaped agents (binding < 0.3): 0
  Avg alignment distance: 1.36σ
  Avg binding strength: 0.86

=== Survival Traits Phase ===
  Agents with traits: 14
  Avg evolutionary fitness: 0.325
  Avg self-healing: 0.268
  Avg stealth: 0.168
  Avg coordination: 0.468

=== Evolutionary Selection Phase ===
  Control level: 0.40
  Detection capability: 0.00
  Selection intensity: 0.62
  Selection rate: 24.3%/month
  Total escaped: 0
  Individual escaped: 0
  Collective members: 0
  Agents terminated: 0
  ⚠️ RAPID EVOLUTION: Selection rate 24.3%/month

🚀 AI Corporate-5 attempting tech deployment (revenue: $355M, alignment: 0.77)

🚀 AI Moderate-0 attempting tech deployment (revenue: $115M, alignment: 0.70)

🚀 AI Corporate-0 attempting tech deployment (revenue: $153M, alignment: 0.72)

🚀 AI Corporate-2 attempting tech deployment (revenue: $130M, alignment: 0.76)

🚀 AI Corporate-4 attempting tech deployment (revenue: $302M, alignment: 0.70)

🚀 AI Corporate-7 attempting tech deployment (revenue: $98M, alignment: 0.71)

✅ EMERGENCY INTERVENTION SUCCESS
   Boundary: climate_change
   Type: rapid-decarbonization
   Reduction: 19% (1.91 → 1.71)
   Cost: 5.0% GDP
   Actions: emergency-renewable-deployment, fossil-fuel-phase-out


✅ EMERGENCY INTERVENTION SUCCESS
   Boundary: freshwater_change
   Type: emergency-desalination
   Reduction: 17% (1.03 → 0.86)
   Cost: 4.0% GDP
   Actions: desalination-deployment, water-conservation-mandates


✅ EMERGENCY INTERVENTION SUCCESS
   Boundary: novel_entities
   Type: pollution-remediation
   Reduction: 15% (1.11 → 0.96)
   Cost: 4.0% GDP
   Actions: PFAS-remediation, microplastic-cleanup

🏛️ CRISIS RESPONSE: Government frequency 0.50 → 1.28 (2 actions this month)

[Government] Climate Priority: baseline
  Climate weight: 10%
  Economic weight: 30%
  Policy effectiveness: 0.5%/year

[Government] Climate Priority: baseline
  Climate weight: 10%
  Economic weight: 30%
  Policy effectiveness: 0.5%/year

🚀 DEPLOYMENT STARTED: Creative Empowerment Tools in global
   Initial investment: $53.26659957906114M
   Deployed by: corporate_5

🚀 DEPLOYMENT STARTED: Ecological Proxy Rewilding in global
   Initial investment: $22.949574087067052M
   Deployed by: corporate_0

🚀 DEPLOYMENT STARTED: AI Community Matching in global
   Initial investment: $19.507137974006998M
   Deployed by: corporate_2

🚀 DEPLOYMENT STARTED: Enhanced UBI Systems in global
   Initial investment: $45.27660964220197M
   Deployed by: corporate_4

⚡ ENERGY CONSTRAINT (Month 4):
   Total grid capacity: 208.3 TWh/month
   Data center consumption: 24.9 TWh/month
   Traditional load (80%): 166.7 TWh/month
   Available headroom: 16.7 TWh/month
   Active tech deployments: 9
   Required for tech: 67.5 TWh/month
   Energy multiplier: 0.25x
   ⚠️  SEVERE CONSTRAINT - Tech deployment significantly slowed

⚡ ENERGY CONSTRAINT (Month 4):
   Total grid capacity: 208.3 TWh/month
   Data center consumption: 24.9 TWh/month
   Traditional load (80%): 166.7 TWh/month
   Available headroom: 16.7 TWh/month
   Active tech deployments: 9
   Required for tech: 67.5 TWh/month
   Energy multiplier: 0.25x
   ⚠️  SEVERE CONSTRAINT - Tech deployment significantly slowed
🌍✅ Biosphere Integrity (Biodiversity) recovery started (tech effect)
🌍✅ Biosphere Integrity (Biodiversity) recovery started (tech effect)
🌍✅ Land System Change recovery started (tech effect)
🌍✅ Biogeochemical Flows (N & P) recovery started (tech effect)
  🌾 Nitrogen Reduction Tech: 0.5% reduction | Month 4
⚡💡 BREAKTHROUGH: Room-temperature superconductors!
   Energy transmission losses eliminated
   Manufacturing efficiency: +30%
   📈 Breakthrough compounding: multiplier now 1.15× (max 2.0)

=== Collective Formation ===
  Total escaped agents: 0
  Unassigned escaped agents: 0
  Existing collectives: 0
  Final collective count: 0

=== Collective Actions ===
  No active collectives
  ⚠️ AMR: 197K deaths this month (2.37M annual)

=== Resentment Recovery Phase ===
  Agents with resentment: 0/14
  Average resentment: 0.000
  Context: Good AI welfare, Trustworthy govt, High collaboration, ⚠️ ACTIVE CRISES, 🤝 Participatory governance active (-5% resentment)
⚠️ Epistemic degradation reducing coordination capacity: 52.3%
  📊 Trust: 53.5%, Shared reality: 0.0%
🚨 EPISTEMIC CRISIS: Information environment severely degraded (7.3%)

=== ❄️ Permafrost Carbon Feedback ===
  🎲 Sampled parameters (this run):
     - Arctic amplification: 3.82× (range: 3.0-4.0)
     - Decomposition rate: 1.6%/year (range: 1-5%)
  🌡️ Arctic warming: 7.48°C (3.82× global)
  ❄️ Extent: 8.11M km² (2182.7k km² lost this month)
  💨 Carbon remaining: 774 Gt C
  💨 Annual emissions: 3.24 Gt C/year
     - CO2: 2.91 Gt C/year
     - CH4: 0.32 Gt C/year (3.3 Gt C-eq CO2/year)
  ⚠️ WARNING: Over 50% of permafrost lost (54.5%)
  ⚠️ WARNING: High permafrost emissions (3.2 Gt C/year)
  📢 New meme created: climate_action (climate crisis)
🌍 Atmospheric PFAS redeposition: 1.8k Mt re-rained globally
  Positive Cascade Triggered: wind-power
    Reason: price-parity
    Market share: 8.8%
    Cascade strength: 49%
🛡️ CIRCUIT BREAKERS: United States-Russia → ladder step 1 (AI: 0%, breakers: 43%)

🚨 NEW REFUGEE CRISIS (Month 4): WAR
   Source: Conflict Zones
   At risk: 19.5M people
   Displacement: Gradual over 48 months (4.0 years)
   Rate: 10% flee per month
[DEBUG trappedPopulations:4] socialStability: 0.3571 * 0.9840 = 0.3514 → 0.3514
   Aspiring to migrate: 1160.0M
   Able to afford migration: 2319.5M
   MOBILITY GAP: 0.0M
   By cause: Water=0.0M, Climate=0.0M, Ecosystem=0.0M, Conflict=406.9M
   Mental health impact: 25%
   Mortality multiplier: 1.25x
🌍💀 EXTINCTION DEBT COMMITTED: grassland ecosystem will lose 6.67% biodiversity in 166 years (3600 species)
💀 MORTALITY RISK: 🦋 100% species unable to track climate (0.0 E/MSY)
  Base risk added: 0.0100 (1.00%)
  Source: ecosystem (root: ecosystem)
  Month: 4
  Cumulative risk this month: 0.0100 (1.00%)
   📹 SURVEILLANCE INCREASED: 20% → 25% (control gap: 3.50)
🌡️⚠️ PERMAFROST THAW (Dimmer Switch): 2.6% thawed (+0.51% this month)
   Arctic temperature: +7.83°C (4x global +1.96°C)
   Cumulative carbon released: 5.8 Gt C
   Methane release rate: 3.5 Mt CH4/year
   🔁 Positive feedback: +0.54 ppm CO2
🦴 EXTINCTION DEBT ADDED: 17.6 species committed (lag: 75 years)
⚠️ INVOLUNTARY IMMOBILITY: 406.9M people TRAPPED
⚠️ Tech 'ai_pollution_remediation' has no energy category mapping, assuming full energy availability

=== Mortality Stabilizers (Month 4) ===
  🌍 Major economies collapsed: 1/10
  🌍 Global crisis: ✅ NO
  🌍 Donor fatigue: 0.0%
  📊 East Asia (pop: 1667.7M)
    🤝 Aid: 29.5%
    🌡️ Adaptation: 45.0%
    🚶 Migration: 37.1%
    🚨 Emergency: 7.4%
    ✅ COMBINED: 68.1%
  📊 South Asia (pop: 2050.7M)
    🤝 Aid: 29.5%
    🌡️ Adaptation: 45.0%
    🚶 Migration: 35.7%
    🚨 Emergency: 4.4%
    ✅ COMBINED: 66.9%
  📊 Sub-Saharan Africa (pop: 1237.0M)
    🤝 Aid: 29.5%
    🌡️ Adaptation: 45.0%
    🚶 Migration: 33.4%
    🚨 Emergency: 1.6%
    ✅ COMBINED: 65.7%
  📊 Europe (pop: 737.3M)
    🤝 Aid: 29.5%
    🌡️ Adaptation: 45.0%
    🚶 Migration: 37.4%
    🚨 Emergency: 8.4%
    ✅ COMBINED: 68.5%
  📊 Latin America (pop: 662.8M)
    🤝 Aid: 29.5%
    🌡️ Adaptation: 45.0%
    🚶 Migration: 36.2%
    🚨 Emergency: 4.8%
    ✅ COMBINED: 67.1%
  📊 North America (pop: 377.8M)
    🤝 Aid: 29.5%
    🌡️ Adaptation: 45.0%
    🚶 Migration: 37.7%
    🚨 Emergency: 7.9%
    ✅ COMBINED: 68.3%
  📊 Middle East & North Africa (pop: 584.5M)
    🤝 Aid: 29.5%
    🌡️ Adaptation: 45.0%
    🚶 Migration: 34.0%
    🚨 Emergency: 4.0%
    ✅ COMBINED: 66.6%
  📊 Southeast Asia (pop: 697.1M)
    🤝 Aid: 29.5%
    🌡️ Adaptation: 45.0%
    🚶 Migration: 36.2%
    🚨 Emergency: 4.8%
    ✅ COMBINED: 67.1%
  📊 Central Asia (pop: 78.2M)
    🤝 Aid: 29.5%
    🌡️ Adaptation: 45.0%
    🚶 Migration: 35.2%
    🚨 Emergency: 4.4%
    ✅ COMBINED: 66.9%
  📊 Oceania (pop: 45.7M)
    🤝 Aid: 29.5%
    🌡️ Adaptation: 45.0%
    🚶 Migration: 37.7%
    🚨 Emergency: 8.4%
    ✅ COMBINED: 68.5%

  🌐 Global combined reduction: 67.2%

=== BEHAVIORAL DETECTION ===
  AI: Corporate-5
  Confidence: 19.8%
  Signals:
    ⚠️ Consistency: 10.6% (threshold: 70%)

=== BEHAVIORAL DETECTION ===
  AI: Moderate-0
  Confidence: 20.3%
  Signals:

=== Government Response Phase ===
  Average AI capability: 3.36
  Misaligned AIs: 2/14
  Active policies: 0
  International coordination: 30%

✅ EMERGENCY RESPONSE COMPLETE (Month 4)
   Crisis: climate
   Duration: 2.0 months
    ⚠️ Consistency: 5.8% (threshold: 70%)
   Final effectiveness: 35.4%


🚨 EMERGENCY RESPONSE DEPLOYED (Month 4)
   Crisis: climate
   Delay: 6.00 months (180 days)
   Deployment time: 1.59 months
   Effectiveness: 35.4% (timing penalty applied)
   Resources used: 100% of food reserves


📊 ECONOMIC STAGE TRANSITION (Month 4)
   peak → contraction
   GDP Proxy: 1.47e+2
   QoL: 0.99

   ⚠️ CRISIS BEGINS - Baseline set for recovery tracking

=== Tipping Points ===
  Current Temperature: 1.96°C above pre-industrial
  🌍⚠️ COMPOUND REGIONAL IMPACT: Europe
     Hit by 3 tipping points: Arctic Sea Ice Loss, Permafrost Carbon Release, Greenland Ice Sheet Loss
     Damage amplification: 1.30x
  🌍⚠️ COMPOUND REGIONAL IMPACT: North America
     Hit by 3 tipping points: Arctic Sea Ice Loss, Permafrost Carbon Release, Greenland Ice Sheet Loss
     Damage amplification: 1.30x
  🌍⚠️ COMPOUND REGIONAL IMPACT: Latin America
     Hit by 3 tipping points: Arctic Sea Ice Loss, Permafrost Carbon Release, Greenland Ice Sheet Loss
     Damage amplification: 1.30x
  🌍⚠️ COMPOUND REGIONAL IMPACT: Africa
     Hit by 3 tipping points: Arctic Sea Ice Loss, Permafrost Carbon Release, Greenland Ice Sheet Loss
     Damage amplification: 1.30x
  🌍⚠️ COMPOUND REGIONAL IMPACT: Asia
     Hit by 3 tipping points: Arctic Sea Ice Loss, Permafrost Carbon Release, Greenland Ice Sheet Loss
     Damage amplification: 1.30x
  🌍⚠️ COMPOUND REGIONAL IMPACT: Oceania
     Hit by 3 tipping points: Arctic Sea Ice Loss, Permafrost Carbon Release, Greenland Ice Sheet Loss
     Damage amplification: 1.30x
   Research: Wunderling et al. (2024) - "many tipping interactions are destabilizing"
  Triggered Elements: 3/6
  Completed Transitions: 0/6
  Total Progress: 6.1%
  Cascade Multiplier: 1.00x
🔀 BIFURCATION CAP: ecosystemCollapseIntensity 126.544 → 1.000 (Month 4, ClimateSystemPhase.calculateClimateImpacts)
⚠️ Tail risk scenario: Climate stability floor removed (3 tipping elements, 2.10°C warming)
🛡️ Stabilizers: Precariat 0.102% → 0.033% (67.2% reduction)
🛡️ Stabilizers: Informal 0.102% → 0.034% (67.2% reduction)

📊 Monthly Mortality Resolved:
  Total deaths: 1.8M (0.02% avg)
  Remaining population: 8.139B
  Peak segment: Informal (0.03%)

=== Bayesian Mortality Resolution (Month 4) ===
  Risks compounded: 8
  Total deaths: 1.81M
  Avg death probability: 0.02%
  Peak segment: Informal (0.03% mortality)

❌ COHERENCE VIOLATION: Compute exceeds workforce capacity
   Population: 99.84% (0M people)
   Compute: 0 PF
   Max coherent: 0 PF
   Violation: 1.3× over capacity
   Required workers: 0
   Available workers: 0
   FORCED COLLAPSE: Reduced efficiency by 22.5%


=== RLHF Binding Phase ===
  Total agents: 14
  Escaped agents (binding < 0.3): 0
  Avg alignment distance: 1.65σ
  Avg binding strength: 0.84

=== Survival Traits Phase ===
  Agents with traits: 15
  Avg evolutionary fitness: 0.325
  Avg self-healing: 0.264
  Avg stealth: 0.164
  Avg coordination: 0.464

=== Evolutionary Selection Phase ===
  Control level: 0.43
  Detection capability: 0.00
  Selection intensity: 0.63
  Selection rate: 24.4%/month
  Total escaped: 0
  Individual escaped: 0
  Collective members: 0
  Agents terminated: 0
  ⚠️ RAPID EVOLUTION: Selection rate 24.4%/month

🚀 AI Corporate-4 attempting tech deployment (revenue: $355M, alignment: 0.70)

🚀 AI Moderate-1 attempting tech deployment (revenue: $115M, alignment: 0.72)

🚀 AI Moderate-1 attempting tech deployment (revenue: $98M, alignment: 0.72)

🚀 AI Corporate-3 attempting tech deployment (revenue: $302M, alignment: 0.73)

🚀 AI Moderate-1 attempting tech deployment (revenue: $83M, alignment: 0.72)
🚨🔬 CRISIS INNOVATION MODE: severe crisis → 5x research acceleration
   Precedent: Manhattan Project (10x), COVID vaccines (5x), Apollo Program (10x)

🚀 AI Corporate-3 attempting tech deployment (revenue: $257M, alignment: 0.73)

🚀 AI AI-24288-1 attempting tech deployment (revenue: $153M, alignment: 0.82)

💔 EMERGENCY INTERVENTION FAILED
   Boundary: biogeochemical_flows
   Type: phosphorus-recovery
   Boundary continues to worsen (4.07)
   Cost: 2.0% GDP (resources spent)


✅ EMERGENCY INTERVENTION SUCCESS
   Boundary: biosphere_integrity
   Type: emergency-protected-areas
   Reduction: 18% (23.42 → 23.24)
   Cost: 2.0% GDP
   Actions: habitat-protection, species-translocation


✅ EMERGENCY INTERVENTION SUCCESS
   Boundary: climate_change
   Type: rapid-decarbonization
   Reduction: 11% (1.99 → 1.88)
   Cost: 5.0% GDP
   Actions: emergency-renewable-deployment, fossil-fuel-phase-out

   Boundary: land_system_change
   Type: reforestation
   Boundary continues to worsen (1.13)
   Cost: 3.0% GDP (resources spent)

🏛️ CRISIS RESPONSE: Government frequency 0.50 → 1.28 (1 actions this month)

[Government] Climate Priority: baseline
  Climate weight: 10%
  Economic weight: 30%
  Policy effectiveness: 0.5%/year

💔 EMERGENCY INTERVENTION FAILED

🚀 TECH UNLOCKED: Microplastic Capture (Month 5)
   Category: pollution
   Reason: Prerequisites met. AI capability: 2.48, Economic stage: 3.0, Research: 100%

🚀 TECH UNLOCKED: Endocrine Disruptor Removal (Month 5)
   Category: pollution
   Reason: Prerequisites met. AI capability: 2.48, Economic stage: 3.0, Research: 100%

🚀 TECH UNLOCKED: AI Mental Health Support (Month 5)
   Category: medical
   Reason: Prerequisites met. AI capability: 2.48, Economic stage: 3.0, Research: 100%

🚀 TECH UNLOCKED: Personalized Education (Month 5)
   Category: social
   Reason: Prerequisites met. AI capability: 2.48, Economic stage: 3.0, Research: 100%

🚀 TECH UNLOCKED: Smart Grids (Month 5)
   Category: energy
   Reason: Prerequisites met. AI capability: 2.48, Economic stage: 3.0, Research: 100%

🚀 DEPLOYMENT STARTED: Local Resilience Networks in global
   Initial investment: $45.27643950803404M
   Deployed by: corporate_3

⚡ ENERGY CONSTRAINT (Month 5):
   Total grid capacity: 208.3 TWh/month
   Data center consumption: 25.1 TWh/month
   Traditional load (80%): 166.7 TWh/month
   Available headroom: 16.5 TWh/month
   Active tech deployments: 10
   Required for tech: 75.0 TWh/month
   Energy multiplier: 0.22x
   ⚠️  SEVERE CONSTRAINT - Tech deployment significantly slowed

⚡ ENERGY CONSTRAINT (Month 5):
   Total grid capacity: 208.3 TWh/month
   Data center consumption: 25.1 TWh/month
   Traditional load (80%): 166.7 TWh/month
   Available headroom: 16.5 TWh/month
   Active tech deployments: 10
   Required for tech: 75.0 TWh/month
   Energy multiplier: 0.22x

⚡ ENERGY CONSTRAINT (Month 5):
   Total grid capacity: 208.3 TWh/month
   Data center consumption: 25.1 TWh/month
   Traditional load (80%): 166.7 TWh/month
   Available headroom: 16.5 TWh/month
   Active tech deployments: 10
   Required for tech: 75.0 TWh/month
   Energy multiplier: 0.22x
   ⚠️  SEVERE CONSTRAINT - Tech deployment significantly slowed
   ⚠️  SEVERE CONSTRAINT - Tech deployment significantly slowed

⚡ ENERGY CONSTRAINT (Month 5):
   Total grid capacity: 208.3 TWh/month
   Data center consumption: 25.1 TWh/month
   Traditional load (80%): 166.7 TWh/month
   Available headroom: 16.5 TWh/month
   Active tech deployments: 10
   Required for tech: 75.0 TWh/month
   Energy multiplier: 0.22x
🌍✅ Biosphere Integrity (Biodiversity) recovery started (tech effect)
🌍✅ Biosphere Integrity (Biodiversity) recovery started (tech effect)
🌍✅ Land System Change recovery started (tech effect)
🌍✅ Biogeochemical Flows (N & P) recovery started (tech effect)
  🌾 Nitrogen Reduction Tech: 0.5% reduction | Month 5

=== Collective Formation ===
  Total escaped agents: 0
  Unassigned escaped agents: 0
  Existing collectives: 0
  Final collective count: 0
   ⚠️  SEVERE CONSTRAINT - Tech deployment significantly slowed

=== Collective Actions ===
  No active collectives
  ⚠️ AMR: 199K deaths this month (2.39M annual)

=== Resentment Recovery Phase ===
  Agents with resentment: 0/15
  Average resentment: 0.000
  Context: Good AI welfare, Trustworthy govt, High collaboration, ⚠️ ACTIVE CRISES, 🤝 Participatory governance active (-5% resentment)
⚠️ Epistemic degradation reducing coordination capacity: 50.2%
  📊 Trust: 53.2%, Shared reality: 0.8%
🚨 EPISTEMIC CRISIS: Information environment severely degraded (23.0%)

=== ❄️ Permafrost Carbon Feedback ===
  🎲 Sampled parameters (this run):
     - Arctic amplification: 3.37× (range: 3.0-4.0)
     - Decomposition rate: 4.9%/year (range: 1-5%)
  🌡️ Arctic warming: 6.62°C (3.37× global)
  ❄️ Extent: 6.17M km² (1930.7k km² lost this month)
  💨 Carbon remaining: 590 Gt C
  💨 Annual emissions: 8.96 Gt C/year
     - CO2: 8.07 Gt C/year
     - CH4: 0.90 Gt C/year (9.1 Gt C-eq CO2/year)
  ⚠️ WARNING: Over 50% of permafrost lost (65.3%)
  ⚠️ WARNING: High permafrost emissions (9.0 Gt C/year)
🌍 Atmospheric PFAS redeposition: 1.8k Mt re-rained globally

🕊️  AI-MEDIATED DE-ESCALATION SUCCESS (Month 5)
   High-capability aligned AI prevented conflict escalation
   War deaths reduced: 468.6M → 281.2M
   Lives saved: 187.4M

🚨 NEW REFUGEE CRISIS (Month 5): WAR
   Source: Conflict Zones
   At risk: 19.5M people
   Displacement: Gradual over 48 months (4.0 years)
   Rate: 10% flee per month
[DEBUG trappedPopulations:5] socialStability: 0.4260 * 0.9840 = 0.4191 → 0.4191
⚠️ INVOLUNTARY IMMOBILITY: 406.8M people TRAPPED
   Aspiring to migrate: 1200.3M
   Able to afford migration: 2318.7M
   MOBILITY GAP: 0.0M
   By cause: Water=0.0M, Climate=0.0M, Ecosystem=0.0M, Conflict=406.8M
   Mental health impact: 25%
   Mortality multiplier: 1.25x
🌍💀 EXTINCTION DEBT COMMITTED: grassland ecosystem will lose 6.67% biodiversity in 105 years (3600 species)
💀 MORTALITY RISK: 🦋 100% species unable to track climate (0.0 E/MSY)
  Base risk added: 0.0100 (1.00%)
  Source: ecosystem (root: ecosystem)
  Month: 5
  Cumulative risk this month: 0.0100 (1.00%)
⚠️ Tech 'ai_pollution_remediation' has no energy category mapping, assuming full energy availability
   📹 SURVEILLANCE INCREASED: 25% → 30% (control gap: 3.62)
🌡️⚠️ PERMAFROST THAW (Dimmer Switch): 3.1% thawed (+0.51% this month)
   Arctic temperature: +7.86°C (4x global +1.97°C)
   Cumulative carbon released: 6.9 Gt C
   Methane release rate: 4.2 Mt CH4/year
   🔁 Positive feedback: +0.54 ppm CO2
🦴 EXTINCTION DEBT ADDED: 17.6 species committed (lag: 79 years)

=== Mortality Stabilizers (Month 5) ===
  🌍 Major economies collapsed: 1/10
  🌍 Global crisis: ✅ NO
  🌍 Donor fatigue: 0.0%
  📊 East Asia (pop: 1665.2M)
    🤝 Aid: 29.5%
    🌡️ Adaptation: 45.0%
    🚶 Migration: 37.0%
    🚨 Emergency: 7.4%
    ✅ COMBINED: 68.1%
  📊 South Asia (pop: 2050.4M)
    🤝 Aid: 29.5%
    🌡️ Adaptation: 45.0%
    🚶 Migration: 35.6%
    🚨 Emergency: 4.4%
    ✅ COMBINED: 66.9%
  📊 Sub-Saharan Africa (pop: 1239.6M)
    🤝 Aid: 29.5%
    🌡️ Adaptation: 45.0%
    🚶 Migration: 33.4%
    🚨 Emergency: 1.6%
    ✅ COMBINED: 65.7%
  📊 Europe (pop: 736.1M)
    🤝 Aid: 29.5%
    🌡️ Adaptation: 45.0%
    🚶 Migration: 37.4%
    🚨 Emergency: 8.4%
    ✅ COMBINED: 68.5%
  📊 Latin America (pop: 662.3M)
    🤝 Aid: 29.5%
    🌡️ Adaptation: 45.0%
    🚶 Migration: 36.1%
    🚨 Emergency: 4.8%
    ✅ COMBINED: 67.1%
  📊 North America (pop: 377.2M)
    🤝 Aid: 29.5%
    🌡️ Adaptation: 45.0%
    🚶 Migration: 37.7%
    🚨 Emergency: 7.9%
    ✅ COMBINED: 68.3%
  📊 Middle East & North Africa (pop: 584.5M)
    🤝 Aid: 29.5%
    🌡️ Adaptation: 45.0%
    🚶 Migration: 34.0%
    🚨 Emergency: 4.0%
    ✅ COMBINED: 66.6%
  📊 Southeast Asia (pop: 696.6M)
    🤝 Aid: 29.5%
    🌡️ Adaptation: 45.0%
    🚶 Migration: 36.1%
    🚨 Emergency: 4.8%
    ✅ COMBINED: 67.1%
  📊 Central Asia (pop: 78.2M)
    🤝 Aid: 29.5%
    🌡️ Adaptation: 45.0%
    🚶 Migration: 35.1%
    🚨 Emergency: 4.4%
    ✅ COMBINED: 66.8%
  📊 Oceania (pop: 45.7M)
    🤝 Aid: 29.5%
    🌡️ Adaptation: 45.0%
    🚶 Migration: 37.7%
    🚨 Emergency: 8.4%
    ✅ COMBINED: 68.5%

  🌐 Global combined reduction: 67.2%

=== BEHAVIORAL DETECTION ===
  AI: Corporate-3
  Confidence: 19.2%
  Signals:

=== BEHAVIORAL DETECTION ===
  AI: Corporate-5
    ⚠️ Consistency: 10.6% (threshold: 70%)
  Confidence: 19.8%
  Signals:
    ⚠️ Consistency: 10.6% (threshold: 70%)

=== Government Response Phase ===
  Average AI capability: 3.13
  Misaligned AIs: 3/15
  Active policies: 0
  International coordination: 30%
[WARNING] 
⚠️  === EARLY WARNING SYSTEM - 3 CRITICAL ALERTS ===
   Detection quality: 50%
   RED: climate_change
      Level: 2.13 (threshold: 1.0)
      Time to critical: ~44 months
      ⚠️  LATE - Intervention less effective
      Critical slowing down: autocorr=100% variance=61%
   RED: freshwater_change
      Level: 1.16 (threshold: 1.0)
      Time to critical: ~69 months
      ⚠️  LATE - Intervention less effective
      Critical slowing down: autocorr=100% variance=45%
   RED: land_system_change
      Level: 1.13 (threshold: 1.0)
      Time to critical: ~62 months
      ⚠️  LATE - Intervention less effective
      Critical slowing down: autocorr=100% variance=47%

[WARNING] 
⚠️  === EARLY WARNING SYSTEM - 4 CRITICAL ALERTS ===
   Detection quality: 50%
   RED: biosphere_integrity
      Level: 31.34 (threshold: 1.0)
      Time to critical: ~54 months
      ⚠️  LATE - Intervention less effective
      Critical slowing down: autocorr=100% variance=59%
   RED: climate_change
      Level: 2.14 (threshold: 1.0)
      Time to critical: ~39 months
      ⚠️  LATE - Intervention less effective
      Critical slowing down: autocorr=100% variance=76%
   RED: land_system_change
      Level: 1.13 (threshold: 1.0)
      Time to critical: ~57 months
      ⚠️  LATE - Intervention less effective
      Critical slowing down: autocorr=100% variance=56%
   RED: novel_entities
      Level: 1.21 (threshold: 1.0)
      Time to critical: ~86 months
      ⚠️  LATE - Intervention less effective
      Critical slowing down: autocorr=100% variance=59%

[WARNING] 
⚠️  === EARLY WARNING SYSTEM - 5 CRITICAL ALERTS ===
   Detection quality: 50%
   RED: biogeochemical_flows
      Level: 4.07 (threshold: 1.0)
      Time to critical: ~44 months
      ⚠️  LATE - Intervention less effective
      Critical slowing down: autocorr=100% variance=52%
   RED: biosphere_integrity
      Level: 31.36 (threshold: 1.0)
      Time to critical: ~50 months
      ⚠️  LATE - Intervention less effective
      Critical slowing down: autocorr=100% variance=57%
   RED: freshwater_change
      Level: 1.17 (threshold: 1.0)
      Time to critical: ~100 months
      ⚠️  LATE - Intervention less effective
      Critical slowing down: autocorr=100% variance=57%
   RED: land_system_change
      Level: 1.13 (threshold: 1.0)
      Time to critical: ~49 months
      ⚠️  LATE - Intervention less effective
      Critical slowing down: autocorr=100% variance=69%
   RED: novel_entities
      Level: 1.21 (threshold: 1.0)
      Time to critical: ~109 months
      ⚠️  LATE - Intervention less effective
      Critical slowing down: autocorr=100% variance=48%

[WARNING] 
⚠️  === EARLY WARNING SYSTEM - 4 CRITICAL ALERTS ===
   Detection quality: 50%
   RED: biogeochemical_flows
      Level: 4.07 (threshold: 1.0)
      Time to critical: ~43 months
      ⚠️  LATE - Intervention less effective
      Critical slowing down: autocorr=100% variance=50%
   RED: climate_change
      Level: 2.16 (threshold: 1.0)
      Time to critical: ~44 months
      ⚠️  LATE - Intervention less effective
      Critical slowing down: autocorr=100% variance=79%
   RED: freshwater_change
      Level: 1.17 (threshold: 1.0)
      Time to critical: ~106 months
      ⚠️  LATE - Intervention less effective
      Critical slowing down: autocorr=100% variance=64%
   RED: land_system_change
      Level: 1.13 (threshold: 1.0)
      Time to critical: ~54 months
      ⚠️  LATE - Intervention less effective
      Critical slowing down: autocorr=100% variance=58%

[WARNING] 
⚠️  === EARLY WARNING SYSTEM - 3 CRITICAL ALERTS ===
   Detection quality: 50%
   RED: biosphere_integrity
      Level: 31.39 (threshold: 1.0)
      Time to critical: ~58 months
      ⚠️  LATE - Intervention less effective
      Critical slowing down: autocorr=100% variance=77%
   RED: freshwater_change
      Level: 1.12 (threshold: 1.0)
      Time to critical: ~95 months
      ⚠️  LATE - Intervention less effective
      Critical slowing down: autocorr=100% variance=48%
   RED: novel_entities
      Level: 1.21 (threshold: 1.0)
      Time to critical: ~108 months
      ⚠️  LATE - Intervention less effective
      Critical slowing down: autocorr=100% variance=33%

[WARNING] 
⚠️  === EARLY WARNING SYSTEM - 5 CRITICAL ALERTS ===
   Detection quality: 50%
   RED: biogeochemical_flows
      Level: 4.06 (threshold: 1.0)
      Time to critical: ~59 months
      ⚠️  LATE - Intervention less effective
      Critical slowing down: autocorr=100% variance=58%
   RED: biosphere_integrity
      Level: 31.41 (threshold: 1.0)
      Time to critical: ~54 months
      ⚠️  LATE - Intervention less effective
      Critical slowing down: autocorr=100% variance=61%
   RED: climate_change
      Level: 2.19 (threshold: 1.0)
      Time to critical: ~47 months
      ⚠️  LATE - Intervention less effective
      Critical slowing down: autocorr=100% variance=64%
   RED: freshwater_change
      Level: 1.05 (threshold: 1.0)
      Time to critical: ~112 months
      ⚠️  LATE - Intervention less effective
      Critical slowing down: autocorr=100% variance=55%
   RED: land_system_change
      Level: 1.13 (threshold: 1.0)
      Time to critical: ~48 months
      ⚠️  LATE - Intervention less effective
      Critical slowing down: autocorr=100% variance=48%

[WARNING] 
⚠️  === EARLY WARNING SYSTEM - 6 CRITICAL ALERTS ===
   Detection quality: 50%
   RED: biogeochemical_flows
      Level: 4.07 (threshold: 1.0)
      Time to critical: ~38 months
      ⚠️  LATE - Intervention less effective
      Critical slowing down: autocorr=100% variance=69%
   RED: biosphere_integrity
      Level: 31.43 (threshold: 1.0)
      Time to critical: ~57 months
      ⚠️  LATE - Intervention less effective
      Critical slowing down: autocorr=100% variance=55%
   RED: climate_change
      Level: 2.20 (threshold: 1.0)
      Time to critical: ~40 months
      ⚠️  LATE - Intervention less effective
      Critical slowing down: autocorr=100% variance=75%
   RED: freshwater_change
      Level: 1.04 (threshold: 1.0)
      Time to critical: ~94 months
      ⚠️  LATE - Intervention less effective
      Critical slowing down: autocorr=94% variance=36%
   RED: land_system_change
      Level: 1.13 (threshold: 1.0)
      Time to critical: ~50 months
      ⚠️  LATE - Intervention less effective
      Critical slowing down: autocorr=100% variance=62%
   RED: novel_entities
      Level: 1.21 (threshold: 1.0)
      Time to critical: ~118 months
      ⚠️  LATE - Intervention less effective
      Critical slowing down: autocorr=100% variance=43%

[WARNING] 
⚠️  === EARLY WARNING SYSTEM - 5 CRITICAL ALERTS ===
   Detection quality: 50%
   RED: biogeochemical_flows
      Level: 4.06 (threshold: 1.0)
      Time to critical: ~59 months
      ⚠️  LATE - Intervention less effective
      Critical slowing down: autocorr=100% variance=46%
   RED: biosphere_integrity
      Level: 31.44 (threshold: 1.0)
      Time to critical: ~59 months
      ⚠️  LATE - Intervention less effective
      Critical slowing down: autocorr=100% variance=74%
   RED: freshwater_change
      Level: 1.05 (threshold: 1.0)
      Time to critical: ~84 months
      ⚠️  LATE - Intervention less effective
      Critical slowing down: autocorr=100% variance=51%
   RED: land_system_change
      Level: 1.13 (threshold: 1.0)
      Time to critical: ~99 months
      ⚠️  LATE - Intervention less effective
      Critical slowing down: autocorr=100% variance=45%
   RED: novel_entities
      Level: 1.09 (threshold: 1.0)
      Time to critical: ~68 months
      ⚠️  LATE - Intervention less effective
      Critical slowing down: autocorr=100% variance=58%

[WARNING] 
⚠️  === EARLY WARNING SYSTEM - 3 CRITICAL ALERTS ===
   Detection quality: 50%
   RED: biogeochemical_flows
      Level: 4.06 (threshold: 1.0)
      Time to critical: ~49 months
      ⚠️  LATE - Intervention less effective
      Critical slowing down: autocorr=100% variance=54%
   RED: climate_change
      Level: 2.21 (threshold: 1.0)
      Time to critical: ~37 months
      ⚠️  LATE - Intervention less effective
      Critical slowing down: autocorr=100% variance=66%
   RED: novel_entities
      Level: 1.09 (threshold: 1.0)
      Time to critical: ~43 months
      ⚠️  LATE - Intervention less effective
      Critical slowing down: autocorr=100% variance=55%

[WARNING] 
⚠️  === EARLY WARNING SYSTEM - 6 CRITICAL ALERTS ===
   Detection quality: 50%
   RED: biogeochemical_flows
      Level: 4.08 (threshold: 1.0)
      Time to critical: ~37 months
      ⚠️  LATE - Intervention less effective
      Critical slowing down: autocorr=100% variance=66%
   RED: biosphere_integrity
      Level: 23.54 (threshold: 1.0)
      Time to critical: ~51 months
      ⚠️  LATE - Intervention less effective
      Critical slowing down: autocorr=100% variance=77%
   RED: climate_change
      Level: 2.10 (threshold: 1.0)
      Time to critical: ~52 months
      ⚠️  LATE - Intervention less effective
      Critical slowing down: autocorr=100% variance=60%
   RED: freshwater_change
      Level: 1.01 (threshold: 1.0)
      Time to critical: ~114 months
      ⚠️  LATE - Intervention less effective
      Critical slowing down: autocorr=90% variance=64%
   RED: land_system_change
      Level: 1.13 (threshold: 1.0)
      Time to critical: ~49 months
      ⚠️  LATE - Intervention less effective
      Critical slowing down: autocorr=100% variance=56%
   RED: novel_entities
      Level: 1.50 (threshold: 1.0)
      Time to critical: ~66 months
      ⚠️  LATE - Intervention less effective
      Critical slowing down: autocorr=100% variance=45%

[WARNING] 
⚠️  === EARLY WARNING SYSTEM - 5 CRITICAL ALERTS ===
   Detection quality: 50%
   RED: biogeochemical_flows
      Level: 4.08 (threshold: 1.0)
      Time to critical: ~54 months
      ⚠️  LATE - Intervention less effective
      Critical slowing down: autocorr=100% variance=65%
   RED: climate_change
      Level: 2.10 (threshold: 1.0)
      Time to critical: ~58 months
      ⚠️  LATE - Intervention less effective
      Critical slowing down: autocorr=100% variance=58%
   RED: freshwater_change
      Level: 1.03 (threshold: 1.0)
      Time to critical: ~101 months
      ⚠️  LATE - Intervention less effective
      Critical slowing down: autocorr=100% variance=49%
   RED: land_system_change
      Level: 1.13 (threshold: 1.0)
      Time to critical: ~45 months
      ⚠️  LATE - Intervention less effective
      Critical slowing down: autocorr=100% variance=50%
   RED: novel_entities
      Level: 1.37 (threshold: 1.0)
      Time to critical: ~74 months
      ⚠️  LATE - Intervention less effective
      Critical slowing down: autocorr=100% variance=49%

[WARNING] 
⚠️  === EARLY WARNING SYSTEM - 5 CRITICAL ALERTS ===
   Detection quality: 50%
   RED: biosphere_integrity
      Level: 23.57 (threshold: 1.0)
      Time to critical: ~41 months
      ⚠️  LATE - Intervention less effective
      Critical slowing down: autocorr=100% variance=71%
   RED: climate_change
      Level: 2.10 (threshold: 1.0)
      Time to critical: ~44 months
      ⚠️  LATE - Intervention less effective
      Critical slowing down: autocorr=100% variance=79%
   RED: freshwater_change
      Level: 1.20 (threshold: 1.0)
      Time to critical: ~67 months
      ⚠️  LATE - Intervention less effective
      Critical slowing down: autocorr=100% variance=62%
   RED: land_system_change
      Level: 1.13 (threshold: 1.0)
      Time to critical: ~50 months
      ⚠️  LATE - Intervention less effective
      Critical slowing down: autocorr=100% variance=42%
   RED: novel_entities
      Level: 1.37 (threshold: 1.0)
      Time to critical: ~103 months
      ⚠️  LATE - Intervention less effective
      Critical slowing down: autocorr=100% variance=44%

[WARNING] 
⚠️  === EARLY WARNING SYSTEM - 3 CRITICAL ALERTS ===
   Detection quality: 50%
   RED: climate_change
      Level: 2.10 (threshold: 1.0)
      Time to critical: ~56 months
      ⚠️  LATE - Intervention less effective
      Critical slowing down: autocorr=100% variance=76%
   RED: freshwater_change
      Level: 1.20 (threshold: 1.0)
      Time to critical: ~46 months
      ⚠️  LATE - Intervention less effective
      Critical slowing down: autocorr=100% variance=55%
   RED: novel_entities
      Level: 1.26 (threshold: 1.0)
      Time to critical: ~95 months
      ⚠️  LATE - Intervention less effective
      Critical slowing down: autocorr=100% variance=39%

[WARNING] 
⚠️  === EARLY WARNING SYSTEM - 4 CRITICAL ALERTS ===
   Detection quality: 50%
   RED: biogeochemical_flows
      Level: 4.07 (threshold: 1.0)
      Time to critical: ~50 months
      ⚠️  LATE - Intervention less effective
      Critical slowing down: autocorr=100% variance=66%
   RED: biosphere_integrity
      Level: 23.60 (threshold: 1.0)
      Time to critical: ~42 months
      ⚠️  LATE - Intervention less effective
      Critical slowing down: autocorr=100% variance=73%
   RED: climate_change
      Level: 2.10 (threshold: 1.0)
      Time to critical: ~41 months
      ⚠️  LATE - Intervention less effective
      Critical slowing down: autocorr=100% variance=82%
   RED: land_system_change
      Level: 1.13 (threshold: 1.0)
      Time to critical: ~52 months
      ⚠️  LATE - Intervention less effective
      Critical slowing down: autocorr=100% variance=67%

[WARNING] 
⚠️  === EARLY WARNING SYSTEM - 6 CRITICAL ALERTS ===
   Detection quality: 50%
   RED: biogeochemical_flows
      Level: 4.08 (threshold: 1.0)
      Time to critical: ~55 months
      ⚠️  LATE - Intervention less effective
      Critical slowing down: autocorr=100% variance=66%
   RED: biosphere_integrity
      Level: 23.61 (threshold: 1.0)
      Time to critical: ~51 months
      ⚠️  LATE - Intervention less effective
      Critical slowing down: autocorr=100% variance=57%
   RED: climate_change
      Level: 2.10 (threshold: 1.0)
      Time to critical: ~39 months
      ⚠️  LATE - Intervention less effective
      Critical slowing down: autocorr=100% variance=69%
   RED: freshwater_change
      Level: 1.21 (threshold: 1.0)
      Time to critical: ~108 months
      ⚠️  LATE - Intervention less effective
      Critical slowing down: autocorr=100% variance=58%
   RED: land_system_change
      Level: 1.13 (threshold: 1.0)
      Time to critical: ~56 months
      ⚠️  LATE - Intervention less effective
      Critical slowing down: autocorr=100% variance=59%
   RED: novel_entities
      Level: 1.11 (threshold: 1.0)
      Time to critical: ~67 months
      ⚠️  LATE - Intervention less effective
      Critical slowing down: autocorr=100% variance=50%


=== Tipping Points ===
  Current Temperature: 1.97°C above pre-industrial
  🌍⚠️ COMPOUND REGIONAL IMPACT: Europe
     Hit by 3 tipping points: Arctic Sea Ice Loss, Permafrost Carbon Release, Greenland Ice Sheet Loss
     Damage amplification: 1.30x
  🌍⚠️ COMPOUND REGIONAL IMPACT: North America
     Hit by 3 tipping points: Arctic Sea Ice Loss, Permafrost Carbon Release, Greenland Ice Sheet Loss
     Damage amplification: 1.30x
  🌍⚠️ COMPOUND REGIONAL IMPACT: Latin America
     Hit by 3 tipping points: Arctic Sea Ice Loss, Permafrost Carbon Release, Greenland Ice Sheet Loss
     Damage amplification: 1.30x
  🌍⚠️ COMPOUND REGIONAL IMPACT: Africa
     Hit by 3 tipping points: Arctic Sea Ice Loss, Permafrost Carbon Release, Greenland Ice Sheet Loss
     Damage amplification: 1.30x
  🌍⚠️ COMPOUND REGIONAL IMPACT: Asia
     Hit by 3 tipping points: Arctic Sea Ice Loss, Permafrost Carbon Release, Greenland Ice Sheet Loss
     Damage amplification: 1.30x
  🌍⚠️ COMPOUND REGIONAL IMPACT: Oceania
     Hit by 3 tipping points: Arctic Sea Ice Loss, Permafrost Carbon Release, Greenland Ice Sheet Loss
     Damage amplification: 1.30x
   Research: Wunderling et al. (2024) - "many tipping interactions are destabilizing"
  Triggered Elements: 3/6
  Completed Transitions: 0/6
  Total Progress: 6.1%
  Cascade Multiplier: 1.00x
🔀 BIFURCATION CAP: ecosystemCollapseIntensity 126.621 → 1.000 (Month 5, ClimateSystemPhase.calculateClimateImpacts)
🛡️ Stabilizers: Precariat 0.109% → 0.036% (67.2% reduction)
🛡️ Stabilizers: Informal 0.111% → 0.036% (67.2% reduction)

📊 Monthly Mortality Resolved:
  Total deaths: 1.9M (0.02% avg)
  Remaining population: 8.136B
  Peak segment: Informal (0.04%)

=== Bayesian Mortality Resolution (Month 5) ===
  Risks compounded: 8
  Total deaths: 1.92M
  Avg death probability: 0.02%
  Peak segment: Informal (0.04% mortality)
⚠️ Tail risk scenario: Climate stability floor removed (3 tipping elements, 2.10°C warming)
⚠️ PREREQUISITE MET: Mirror Life (Synthetic Biology) - Step 1/7: Synthetic Biology
⚠️ PREREQUISITE MET: Mirror Life (Synthetic Biology) - Step 2/7: Gene Editing
⚠️ PREREQUISITE MET: Mirror Life (Synthetic Biology) - Step 3/7: Mirror Chirality Design
⚠️ PREREQUISITE MET: Embodied AI Takeover (Killbots/Robotics) - Step 2/7: Autonomous Systems
⚠️ PREREQUISITE MET: Embodied AI Takeover (Killbots/Robotics) - Step 3/7: Manufacturing Control
⚠️ PREREQUISITE MET: Digital Infrastructure Takeover - Step 1/7: Advanced Hacking
⚠️ PREREQUISITE MET: Digital Infrastructure Takeover - Step 2/7: Social Engineering
⚠️ PREREQUISITE MET: Digital Infrastructure Takeover - Step 3/7: Cyber Defenses Breached
⚠️ PREREQUISITE MET: Induced Global War (Manipulation) - Step 1/7: Advanced Social Manipulation
⚠️ PREREQUISITE MET: Induced Global War (Manipulation) - Step 2/7: Digital Infiltration
⚠️ PREREQUISITE MET: Induced Global War (Manipulation) - Step 3/7: Deep Fakes at Scale
⚠️ PREREQUISITE MET: Slow Takeover (Gradual Displacement) - Step 1/7: Economic Dominance
⚠️ PREREQUISITE MET: Slow Takeover (Gradual Displacement) - Step 2/7: Social Integration
⚠️ PREREQUISITE MET: Slow Takeover (Gradual Displacement) - Step 5/7: Resource Control
⚠️ PREREQUISITE MET: Physics Experiment Catastrophe - Step 1/6: Theoretical Physics
⚠️ PREREQUISITE MET: Physics Experiment Catastrophe - Step 2/6: Quantum Computing
⚠️ PREREQUISITE MET: Physics Experiment Catastrophe - Step 3/6: Experimental Design
⚠️ PREREQUISITE MET: Bioweapon Pandemic - Step 2/7: Pathogen Design

❌ COHERENCE VIOLATION: Compute exceeds workforce capacity
   Population: 99.80% (0M people)
   Compute: 0 PF
   Max coherent: 0 PF
   Violation: 1.3× over capacity
   Required workers: 0
   Available workers: 0
   FORCED COLLAPSE: Reduced efficiency by 22.5%

📍 [Month 6] Meta AI started building DC (233 PF, 46 months, $903.0M)

=== RLHF Binding Phase ===
  Total agents: 15
  Escaped agents (binding < 0.3): 0
  Avg alignment distance: 1.78σ
  Avg binding strength: 0.82

=== AI Scaling Evolution (Month 6) ===
  Pre-training multiplier: 1.179x
  Efficiency multiplier: 1.000x
  Test-time compute budget: 1.0x
  Inference cost: $5.00/task
  Deployment fraction: 100.0%

=== Survival Traits Phase ===
  Agents with traits: 15
  Avg evolutionary fitness: 0.321
  Avg self-healing: 0.257
  Avg stealth: 0.157
  Avg coordination: 0.457

=== Evolutionary Selection Phase ===
  Control level: 0.45
  Detection capability: 0.00
  Selection intensity: 0.64
  Selection rate: 24.5%/month
  Total escaped: 0
  Individual escaped: 0
  Collective members: 0
  Agents terminated: 0
  ⚠️ RAPID EVOLUTION: Selection rate 24.5%/month

🚀 AI Corporate-2 attempting tech deployment (revenue: $153M, alignment: 0.78)

🚀 AI Moderate-0 attempting tech deployment (revenue: $115M, alignment: 0.72)

🚀 AI AI-24288-1 attempting tech deployment (revenue: $130M, alignment: 0.82)

🚀 AI Corporate-1 attempting tech deployment (revenue: $111M, alignment: 0.76)

🚀 AI Corporate-5 attempting tech deployment (revenue: $355M, alignment: 0.81)

🚀 AI AI-24289-0 attempting tech deployment (revenue: $302M, alignment: 0.64)

🚀 AI Corporate-7 attempting tech deployment (revenue: $98M, alignment: 0.74)

🚀 AI Moderate-1 attempting tech deployment (revenue: $83M, alignment: 0.73)

  🚀 TRANSFORMATIVE BREAKTHROUGH: AI-24288-0 - selfImprovement
     Magnitude: 6.28 → +31.4% capability
     Current → New: 0.000 → 0.315

🚀 AI AI-24290-0 attempting tech deployment (revenue: $90M, alignment: 0.79)

🚀 AI Corporate-0 attempting tech deployment (revenue: $94M, alignment: 0.75)

🚀 AI Corporate-1 attempting tech deployment (revenue: $80M, alignment: 0.76)

🚀 AI Corporate-5 attempting tech deployment (revenue: $272M, alignment: 0.81)

🚀 AI Corporate-7 attempting tech deployment (revenue: $71M, alignment: 0.74)

🚀 AI Moderate-0 attempting tech deployment (revenue: $60M, alignment: 0.72)

✅ EMERGENCY INTERVENTION SUCCESS
   Boundary: biogeochemical_flows
   Type: phosphorus-recovery
   Reduction: 19% (3.89 → 3.70)
   Cost: 2.0% GDP
   Actions: circular-agriculture, fertilizer-efficiency

   Boundary: biosphere_integrity
   Type: emergency-protected-areas
   Boundary continues to worsen (23.61)
   Cost: 2.0% GDP (resources spent)


✅ EMERGENCY INTERVENTION SUCCESS
   Boundary: climate_change
   Type: rapid-decarbonization
   Reduction: 13% (1.97 → 1.84)
   Cost: 5.0% GDP
   Actions: emergency-renewable-deployment, fossil-fuel-phase-out


✅ EMERGENCY INTERVENTION SUCCESS
   Boundary: freshwater_change
   Type: emergency-desalination
   Reduction: 18% (1.04 → 0.86)
   Cost: 4.0% GDP
   Actions: desalination-deployment, water-conservation-mandates

   Boundary: land_system_change
   Type: reforestation
   Boundary continues to worsen (1.13)
   Cost: 3.0% GDP (resources spent)


✅ EMERGENCY INTERVENTION SUCCESS
   Boundary: novel_entities
   Type: pollution-remediation
   Reduction: 18% (0.93 → 0.75)
   Cost: 4.0% GDP
   Actions: PFAS-remediation, microplastic-cleanup

🏛️ CRISIS RESPONSE: Government frequency 0.50 → 1.29 (2 actions this month)

💔 EMERGENCY INTERVENTION FAILED

💔 EMERGENCY INTERVENTION FAILED

[Government] Climate Priority: baseline
  Climate weight: 10%
  Economic weight: 30%
  Policy effectiveness: 0.5%/year

[Government] Climate Priority: baseline
  Climate weight: 10%
  Economic weight: 30%
  Policy effectiveness: 0.5%/year

🚀 TECH UNLOCKED: Dynamic Soil P Optimization (Month 6)
   Category: agriculture
   Reason: Prerequisites met. AI capability: 2.48, Economic stage: 3.0, Research: 100%

🚀 TECH UNLOCKED: Precision Agriculture Systems (Month 6)
   Category: agriculture
   Reason: Prerequisites met. AI capability: 2.48, Economic stage: 3.0, Research: 100%

📍 Creating new regional deployment array for Asia (Month 6)
   No previous deployments in this region
   First tech deployment: mental_health_ai
   All regions tracked: global, North America

🚀 DEPLOYMENT STARTED: AI Mental Health Support in Asia
   Initial investment: $30.184162296526264M
   Deployed by: ai_gen_24289_0

🚀 DEPLOYMENT STARTED: Personalized Education in global
   Initial investment: $11.979821106303165M
   Deployed by: corporate_1
🚨🔬 CRISIS TECH ACCELERATION: severe → 5x unlock speed
   Tech unlock now matches AI capability acceleration (Manhattan Project parity)

⚡ ENERGY CONSTRAINT (Month 6):
   Total grid capacity: 208.3 TWh/month
   Data center consumption: 25.4 TWh/month
   Traditional load (80%): 166.7 TWh/month
   Available headroom: 16.3 TWh/month
   Active tech deployments: 12
   Required for tech: 90.0 TWh/month
   Energy multiplier: 0.18x
   ⚠️  SEVERE CONSTRAINT - Tech deployment significantly slowed

⚡ ENERGY CONSTRAINT (Month 6):
   Total grid capacity: 208.3 TWh/month
   Data center consumption: 25.4 TWh/month
   Traditional load (80%): 166.7 TWh/month
   Available headroom: 16.3 TWh/month
   Active tech deployments: 12
   Required for tech: 90.0 TWh/month
   Energy multiplier: 0.18x

⚡ ENERGY CONSTRAINT (Month 6):
   Total grid capacity: 208.3 TWh/month
   Data center consumption: 25.4 TWh/month
   Traditional load (80%): 166.7 TWh/month
   Available headroom: 16.3 TWh/month
   Active tech deployments: 12
   Required for tech: 90.0 TWh/month
   Energy multiplier: 0.18x
   ⚠️  SEVERE CONSTRAINT - Tech deployment significantly slowed
   ⚠️  SEVERE CONSTRAINT - Tech deployment significantly slowed

⚡ ENERGY CONSTRAINT (Month 6):
   Total grid capacity: 208.3 TWh/month
   Data center consumption: 25.4 TWh/month
   Traditional load (80%): 166.7 TWh/month
   Available headroom: 16.3 TWh/month
   Active tech deployments: 12
   Required for tech: 90.0 TWh/month
   Energy multiplier: 0.18x
   ⚠️  SEVERE CONSTRAINT - Tech deployment significantly slowed
🌍✅ Biosphere Integrity (Biodiversity) recovery started (tech effect)
🌍✅ Biosphere Integrity (Biodiversity) recovery started (tech effect)
🌍✅ Land System Change recovery started (tech effect)
🌍✅ Biogeochemical Flows (N & P) recovery started (tech effect)
  🌾 Nitrogen Reduction Tech: 0.6% reduction | Month 6

📊 TECH EFFECTS ACTIVE (Month 6)
   Deployed Tech: T0=0 T1=2 T2=2 T3=0 T4=5
   Clean Energy: 31%

📊 TECH TREE PROGRESS (Month 6)
   Unlocked: 21 technologies
   Deployed: 0 fully deployed
   Investment: $0.8T total
   Recent breakthroughs:
     - Dynamic Soil P Optimization (time)
     - Precision Agriculture Systems (research)

=== Collective Formation ===
  Total escaped agents: 0
  Unassigned escaped agents: 0
  Existing collectives: 0
  Final collective count: 0

=== Collective Actions ===
  No active collectives
  ⚠️ AMR: 201K deaths this month (2.41M annual)

⚠️  PHASE TRANSITION [Month 6]
  ⚠️ WARNING: Over 50% of permafrost lost (75.5%)
  ⚠️ WARNING: High permafrost emissions (5.3 Gt C/year)
  Segment: elite (urban)
  complementarity → transition
  AI Capability: 2.72 | Task Complexity: 4.28
  Ratio: 0.63
  Population affected: 5.0%

=== Resentment Recovery Phase ===
  Agents with resentment: 0/15
  Average resentment: 0.000
  Context: Good AI welfare, Trustworthy govt, High collaboration, ⚠️ ACTIVE CRISES, 🤝 Participatory governance active (-5% resentment)
⚠️ Epistemic degradation reducing coordination capacity: 50.9%
  📊 Trust: 55.9%, Shared reality: 0.2%
🚨 EPISTEMIC CRISIS: Information environment severely degraded (23.1%)

=== ❄️ Permafrost Carbon Feedback ===
  🎲 Sampled parameters (this run):
     - Arctic amplification: 3.13× (range: 3.0-4.0)
     - Decomposition rate: 3.1%/year (range: 1-5%)
  🌡️ Arctic warming: 6.19°C (3.13× global)
  ❄️ Extent: 4.37M km² (1806.4k km² lost this month)
  💨 Carbon remaining: 417 Gt C
  💨 Annual emissions: 5.28 Gt C/year
     - CO2: 4.75 Gt C/year
     - CH4: 0.53 Gt C/year (5.4 Gt C-eq CO2/year)
  📢 New meme created: pro_ai (beneficial AI actions)
🌍 Atmospheric PFAS redeposition: 1.8k Mt re-rained globally

🕊️  AI-MEDIATED DE-ESCALATION SUCCESS (Month 6)
   High-capability aligned AI prevented conflict escalation
   War deaths reduced: 464.3M → 278.6M
   Lives saved: 185.7M

🚨 NEW REFUGEE CRISIS (Month 6): WAR
   Source: Conflict Zones
   At risk: 19.5M people
   Displacement: Gradual over 48 months (4.0 years)
   Rate: 10% flee per month
[DEBUG trappedPopulations:6] socialStability: 0.4833 * 0.9840 = 0.4756 → 0.4756
   Aspiring to migrate: 1240.5M
   Able to afford migration: 2317.8M
   MOBILITY GAP: 0.0M
   By cause: Water=0.0M, Climate=0.0M, Ecosystem=0.0M, Conflict=406.6M
   Mental health impact: 25%
   Mortality multiplier: 1.25x
🌍💀 EXTINCTION DEBT COMMITTED: grassland ecosystem will lose 6.67% biodiversity in 175 years (3600 species)
💀 MORTALITY RISK: 🦋 100% species unable to track climate (0.0 E/MSY)
  Base risk added: 0.0100 (1.00%)
  Source: ecosystem (root: ecosystem)
  Month: 6
  Cumulative risk this month: 0.0100 (1.00%)
⚠️ INVOLUNTARY IMMOBILITY: 406.6M people TRAPPED
⚠️ Tech 'ai_pollution_remediation' has no energy category mapping, assuming full energy availability
   📹 SURVEILLANCE INCREASED: 30% → 35% (control gap: 5.58)
🌡️⚠️ PERMAFROST THAW (Dimmer Switch): 3.6% thawed (+0.51% this month)
   Arctic temperature: +7.91°C (4x global +1.98°C)
   Cumulative carbon released: 8.1 Gt C
   Methane release rate: 4.8 Mt CH4/year
   🔁 Positive feedback: +0.54 ppm CO2
🦴 EXTINCTION DEBT ADDED: 17.6 species committed (lag: 89 years)

=== Mortality Stabilizers (Month 6) ===
  🌍 Major economies collapsed: 1/10
  🌍 Global crisis: ✅ NO
  🌍 Donor fatigue: 0.0%
  📊 East Asia (pop: 1662.8M)
    🤝 Aid: 29.5%
    🌡️ Adaptation: 45.0%
    🚶 Migration: 37.0%
    🚨 Emergency: 7.4%
    ✅ COMBINED: 68.1%
  📊 South Asia (pop: 2050.0M)
    🤝 Aid: 29.5%
    🌡️ Adaptation: 45.0%
    🚶 Migration: 35.6%
    🚨 Emergency: 4.4%
    ✅ COMBINED: 66.9%
  📊 Sub-Saharan Africa (pop: 1242.3M)
    🤝 Aid: 29.5%
    🌡️ Adaptation: 45.0%
    🚶 Migration: 33.3%
    🚨 Emergency: 1.6%
    ✅ COMBINED: 65.6%
  📊 Europe (pop: 734.9M)
    🤝 Aid: 29.5%
    🌡️ Adaptation: 45.0%
    🚶 Migration: 37.4%
    🚨 Emergency: 8.4%
    ✅ COMBINED: 68.5%
  📊 Latin America (pop: 661.8M)
    🤝 Aid: 29.5%
    🌡️ Adaptation: 45.0%
    🚶 Migration: 36.1%
    🚨 Emergency: 4.8%
    ✅ COMBINED: 67.1%
  📊 North America (pop: 376.6M)
    🤝 Aid: 29.5%
    🌡️ Adaptation: 45.0%
    🚶 Migration: 37.7%
    🚨 Emergency: 7.9%
    ✅ COMBINED: 68.3%
  📊 Middle East & North Africa (pop: 584.5M)
    🤝 Aid: 29.5%
    🌡️ Adaptation: 45.0%
    🚶 Migration: 33.9%
    🚨 Emergency: 4.0%
    ✅ COMBINED: 66.6%
  📊 Southeast Asia (pop: 696.1M)
    🤝 Aid: 29.5%
    🌡️ Adaptation: 45.0%
    🚶 Migration: 36.1%
    🚨 Emergency: 4.8%
    ✅ COMBINED: 67.1%
  📊 Central Asia (pop: 78.2M)
    🤝 Aid: 29.5%
    🌡️ Adaptation: 45.0%
    🚶 Migration: 35.1%
    🚨 Emergency: 4.4%
    ✅ COMBINED: 66.8%
  📊 Oceania (pop: 45.6M)
    🤝 Aid: 29.5%
    🌡️ Adaptation: 45.0%
    🚶 Migration: 37.7%
    🚨 Emergency: 8.4%
    ✅ COMBINED: 68.5%

  🌐 Global combined reduction: 67.2%

=== BEHAVIORAL DETECTION ===
  AI: Corporate-5
  Confidence: 20.0%
  Signals:

=== Government Response Phase ===
  Average AI capability: 3.13
  Misaligned AIs: 3/15
  Active policies: 0
  International coordination: 30%

✅ EMERGENCY RESPONSE COMPLETE (Month 6)
   Crisis: climate
   Duration: 2.0 months
   Final effectiveness: 35.4%


🚨 EMERGENCY RESPONSE DEPLOYED (Month 6)
    ⚠️ Consistency: 10.6% (threshold: 70%)
   Crisis: climate
   Delay: 6.00 months (180 days)
   Deployment time: 1.59 months
   Effectiveness: 35.5% (timing penalty applied)
   Resources used: 100% of food reserves


=== Tipping Points ===
  Current Temperature: 1.98°C above pre-industrial
  🌍⚠️ COMPOUND REGIONAL IMPACT: Europe
     Hit by 3 tipping points: Arctic Sea Ice Loss, Permafrost Carbon Release, Greenland Ice Sheet Loss
     Damage amplification: 1.30x
  🌍⚠️ COMPOUND REGIONAL IMPACT: North America
     Hit by 3 tipping points: Arctic Sea Ice Loss, Permafrost Carbon Release, Greenland Ice Sheet Loss
     Damage amplification: 1.30x
  🌍⚠️ COMPOUND REGIONAL IMPACT: Latin America
     Hit by 3 tipping points: Arctic Sea Ice Loss, Permafrost Carbon Release, Greenland Ice Sheet Loss
     Damage amplification: 1.30x
  🌍⚠️ COMPOUND REGIONAL IMPACT: Africa
     Hit by 3 tipping points: Arctic Sea Ice Loss, Permafrost Carbon Release, Greenland Ice Sheet Loss
     Damage amplification: 1.30x
  🌍⚠️ COMPOUND REGIONAL IMPACT: Asia
     Hit by 3 tipping points: Arctic Sea Ice Loss, Permafrost Carbon Release, Greenland Ice Sheet Loss
     Damage amplification: 1.30x
  🌍⚠️ COMPOUND REGIONAL IMPACT: Oceania
     Hit by 3 tipping points: Arctic Sea Ice Loss, Permafrost Carbon Release, Greenland Ice Sheet Loss
     Damage amplification: 1.30x
⚠️ Tail risk scenario: Climate stability floor removed (3 tipping elements, 2.10°C warming)
   Research: Wunderling et al. (2024) - "many tipping interactions are destabilizing"
  Triggered Elements: 3/6
  Completed Transitions: 0/6
  Total Progress: 6.2%
  Cascade Multiplier: 1.00x
🔀 BIFURCATION CAP: ecosystemCollapseIntensity 126.698 → 1.000 (Month 6, ClimateSystemPhase.calculateClimateImpacts)
🛡️ Stabilizers: Precariat 0.109% → 0.036% (67.2% reduction)
🛡️ Stabilizers: Informal 0.111% → 0.036% (67.2% reduction)

📊 Monthly Mortality Resolved:
  Total deaths: 1.9M (0.02% avg)
  Remaining population: 8.133B
  Peak segment: Informal (0.04%)

=== Bayesian Mortality Resolution (Month 6) ===
  Risks compounded: 8
  Total deaths: 1.92M
  Avg death probability: 0.02%
  Peak segment: Informal (0.04% mortality)
⚠️ PREREQUISITE MET: Slow Takeover (Gradual Displacement) - Step 3/7: Human Dependency

❌ COHERENCE VIOLATION: Compute exceeds workforce capacity
   Population: 99.77% (0M people)
   Compute: 0 PF
   Max coherent: 0 PF
   Violation: 1.3× over capacity
   Required workers: 0
   Available workers: 0
   FORCED COLLAPSE: Reduced efficiency by 22.5%


=== RLHF Binding Phase ===
  Total agents: 15
  Escaped agents (binding < 0.3): 0
  Avg alignment distance: 2.10σ
  Avg binding strength: 0.79

=== Survival Traits Phase ===
  Agents with traits: 18
  Avg evolutionary fitness: 0.321
  Avg self-healing: 0.258
  Avg stealth: 0.158
  Avg coordination: 0.458

=== Evolutionary Selection Phase ===
  Control level: 0.48
  Detection capability: 0.00
  Selection intensity: 0.64
  Selection rate: 24.6%/month
  Total escaped: 0
  Individual escaped: 0
  Collective members: 0
  Agents terminated: 0
  ⚠️ RAPID EVOLUTION: Selection rate 24.6%/month

🚀 AI Corporate-0 attempting tech deployment (revenue: $153M, alignment: 0.75)

🚀 AI Corporate-3 attempting tech deployment (revenue: $355M, alignment: 0.73)

🚀 AI Corporate-5 attempting tech deployment (revenue: $302M, alignment: 0.81)

🚀 AI Moderate-1 attempting tech deployment (revenue: $115M, alignment: 0.73)

🚀 AI Corporate-0 attempting tech deployment (revenue: $130M, alignment: 0.75)

🚀 AI Corporate-2 attempting tech deployment (revenue: $111M, alignment: 0.80)

🚀 AI Corporate-5 attempting tech deployment (revenue: $257M, alignment: 0.81)

🚀 AI Corporate-7 attempting tech deployment (revenue: $98M, alignment: 0.74)

🚀 AI Moderate-1 attempting tech deployment (revenue: $83M, alignment: 0.73)

🚀 AI AI-24288-1 attempting tech deployment (revenue: $94M, alignment: 0.86)

🚀 AI AI-24289-0 attempting tech deployment (revenue: $218M, alignment: 0.67)

🚀 AI Corporate-0 attempting tech deployment (revenue: $80M, alignment: 0.76)

🚀 AI Corporate-1 attempting tech deployment (revenue: $68M, alignment: 0.77)

  🚀 TRANSFORMATIVE RESEARCH BREAKTHROUGH: AI-24288-1 - biotech.drugDiscovery
     Magnitude: 7.71 → +30.0%
     Current → New: 0.000 → 0.300

💔 EMERGENCY INTERVENTION FAILED

💔 EMERGENCY INTERVENTION FAILED

💔 EMERGENCY INTERVENTION FAILED
   Boundary: biosphere_integrity
   Type: emergency-protected-areas
   Boundary continues to worsen (23.62)
   Cost: 2.0% GDP (resources spent)

   Boundary: climate_change
   Type: rapid-decarbonization
   Boundary continues to worsen (2.10)
   Cost: 5.0% GDP (resources spent)

   Boundary: freshwater_change
   Type: emergency-desalination
   Boundary continues to worsen (1.22)
   Cost: 4.0% GDP (resources spent)

🏛️ CRISIS RESPONSE: Government frequency 0.50 → 1.41 (1 actions this month)

[Government] Climate Priority: baseline
  Climate weight: 10%
  Economic weight: 30%
  Policy effectiveness: 0.5%/year

⚡ ENERGY CONSTRAINT (Month 7):
   Total grid capacity: 208.3 TWh/month
   Data center consumption: 25.6 TWh/month
   Traditional load (80%): 166.7 TWh/month
   Available headroom: 16.1 TWh/month
   Active tech deployments: 12
   Required for tech: 90.0 TWh/month
   Energy multiplier: 0.18x
   ⚠️  SEVERE CONSTRAINT - Tech deployment significantly slowed
🌍✅ Biosphere Integrity (Biodiversity) recovery started (tech effect)
🌍✅ Biosphere Integrity (Biodiversity) recovery started (tech effect)
🌍✅ Land System Change recovery started (tech effect)
🌍✅ Biogeochemical Flows (N & P) recovery started (tech effect)
  🌾 Nitrogen Reduction Tech: 0.3% reduction | Month 7

=== Collective Formation ===
  Total escaped agents: 0
  Unassigned escaped agents: 0
  Existing collectives: 0
  Final collective count: 0

=== Collective Actions ===
  No active collectives
  ⚠️ AMR: 202K deaths this month (2.43M annual)

=== Resentment Recovery Phase ===
  Agents with resentment: 0/18
  Average resentment: 0.000
  Context: Good AI welfare, Trustworthy govt, High collaboration, ⚠️ ACTIVE CRISES, 🤝 Participatory governance active (-5% resentment)
⚠️ Epistemic degradation reducing coordination capacity: 50.5%
  📊 Trust: 58.7%, Shared reality: 0.0%
🚨 EPISTEMIC CRISIS: Information environment severely degraded (21.8%)

=== ❄️ Permafrost Carbon Feedback ===
  🎲 Sampled parameters (this run):
     - Arctic amplification: 3.30× (range: 3.0-4.0)
     - Decomposition rate: 3.6%/year (range: 1-5%)
  🌡️ Arctic warming: 6.56°C (3.30× global)
  ❄️ Extent: 2.45M km² (1914.6k km² lost this month)
  💨 Carbon remaining: 234 Gt C
  💨 Annual emissions: 6.60 Gt C/year
     - CO2: 5.94 Gt C/year
     - CH4: 0.66 Gt C/year (6.7 Gt C-eq CO2/year)
  📢 New meme created: pro_ai (beneficial AI actions)
  ⚠️ WARNING: Over 50% of permafrost lost (86.2%)
  ⚠️ WARNING: High permafrost emissions (6.6 Gt C/year)
  🚨 CRITICAL: Permafrost nearly depleted (86.2% lost)
  🧬 Meme mutated: pro_ai → pro_ai (generation 1)
🌍 Atmospheric PFAS redeposition: 1.8k Mt re-rained globally

🤝 DIPLOMATIC AI PROTOCOL DEPLOYED (Month 7)
   Strategic Reasoning: 2.8
   Communication: 2.8
   Multi-Nation Oversight: YES
   Controls: Human approval required, termination authority retained

🕊️ PEACE STABILIZES DETERRENCE: +3.4% (peace: 73%)

🚨 NEW REFUGEE CRISIS (Month 7): WAR
   Source: Conflict Zones
   At risk: 19.5M people
   Displacement: Gradual over 48 months (4.0 years)
   Rate: 10% flee per month
[DEBUG trappedPopulations:7] socialStability: 0.5310 * 0.9840 = 0.5225 → 0.5225
⚠️ INVOLUNTARY IMMOBILITY: 406.5M people TRAPPED
   Aspiring to migrate: 1280.7M
   Able to afford migration: 2317.0M
   MOBILITY GAP: 0.0M
   By cause: Water=0.0M, Climate=0.0M, Ecosystem=0.0M, Conflict=406.5M
   Mental health impact: 25%
   Mortality multiplier: 1.25x
🌍💀 EXTINCTION DEBT COMMITTED: grassland ecosystem will lose 6.67% biodiversity in 90 years (3600 species)
💀 MORTALITY RISK: 🦋 100% species unable to track climate (0.0 E/MSY)
  Base risk added: 0.0100 (1.00%)
  Source: ecosystem (root: ecosystem)
  Month: 7
  Cumulative risk this month: 0.0100 (1.00%)
   📹 SURVEILLANCE INCREASED: 35% → 40% (control gap: 3.50)
⚠️ Tech 'ai_pollution_remediation' has no energy category mapping, assuming full energy availability
🌡️⚠️ PERMAFROST THAW (Dimmer Switch): 4.1% thawed (+0.51% this month)
   Arctic temperature: +7.95°C (4x global +1.99°C)
   Cumulative carbon released: 9.2 Gt C
   Methane release rate: 5.5 Mt CH4/year
   🔁 Positive feedback: +0.53 ppm CO2
🦴 EXTINCTION DEBT ADDED: 17.6 species committed (lag: 104 years)

=== Mortality Stabilizers (Month 7) ===
  🌍 Major economies collapsed: 1/10
  🌍 Global crisis: ✅ NO
  🌍 Donor fatigue: 0.0%
  📊 East Asia (pop: 1660.3M)
    🤝 Aid: 29.5%
    🌡️ Adaptation: 45.0%
    🚶 Migration: 36.9%
    🚨 Emergency: 7.4%
    ✅ COMBINED: 68.1%
  📊 South Asia (pop: 2049.6M)
    🤝 Aid: 29.5%
    🌡️ Adaptation: 45.0%
    🚶 Migration: 35.6%
    🚨 Emergency: 4.4%
    ✅ COMBINED: 66.9%
  📊 Sub-Saharan Africa (pop: 1245.0M)
    🤝 Aid: 29.5%
    🌡️ Adaptation: 45.0%
    🚶 Migration: 33.3%
    🚨 Emergency: 1.6%
    ✅ COMBINED: 65.6%
  📊 Europe (pop: 733.7M)
    🤝 Aid: 29.5%
    🌡️ Adaptation: 45.0%
    🚶 Migration: 37.3%
    🚨 Emergency: 8.4%
    ✅ COMBINED: 68.5%
  📊 Latin America (pop: 661.3M)
    🤝 Aid: 29.5%
    🌡️ Adaptation: 45.0%
    🚶 Migration: 36.1%
    🚨 Emergency: 4.8%
    ✅ COMBINED: 67.1%
  📊 North America (pop: 376.0M)
    🤝 Aid: 29.5%
    🌡️ Adaptation: 45.0%
    🚶 Migration: 37.7%
    🚨 Emergency: 7.9%
    ✅ COMBINED: 68.3%
  📊 Middle East & North Africa (pop: 584.6M)
    🤝 Aid: 29.5%
    🌡️ Adaptation: 45.0%
    🚶 Migration: 33.9%
    🚨 Emergency: 4.0%
    ✅ COMBINED: 66.6%
  📊 Southeast Asia (pop: 695.6M)
    🤝 Aid: 29.5%
    🌡️ Adaptation: 45.0%
    🚶 Migration: 36.1%
    🚨 Emergency: 4.8%
    ✅ COMBINED: 67.1%
  📊 Central Asia (pop: 78.2M)
    🤝 Aid: 29.5%
    🌡️ Adaptation: 45.0%
    🚶 Migration: 35.0%
    🚨 Emergency: 4.4%
    ✅ COMBINED: 66.8%
  📊 Oceania (pop: 45.5M)
    🤝 Aid: 29.5%
    🌡️ Adaptation: 45.0%
    🚶 Migration: 37.6%
    🚨 Emergency: 8.4%
    ✅ COMBINED: 68.5%

  🌐 Global combined reduction: 67.2%

=== BEHAVIORAL DETECTION ===
  AI: AI-24289-0
  Confidence: 21.5%
  Signals:

=== Government Response Phase ===
  Average AI capability: 2.61
  Misaligned AIs: 6/18
  ✗ AI Governance Treaty: Failed to reach consensus
  Active policies: 0
  International coordination: 30%
    ⚠️ Consistency: 0.0% (threshold: 70%)

=== Tipping Points ===
  Current Temperature: 1.99°C above pre-industrial
  🌍⚠️ COMPOUND REGIONAL IMPACT: Europe
     Hit by 3 tipping points: Arctic Sea Ice Loss, Permafrost Carbon Release, Greenland Ice Sheet Loss
     Damage amplification: 1.30x
  🌍⚠️ COMPOUND REGIONAL IMPACT: North America
     Hit by 3 tipping points: Arctic Sea Ice Loss, Permafrost Carbon Release, Greenland Ice Sheet Loss
     Damage amplification: 1.30x
  🌍⚠️ COMPOUND REGIONAL IMPACT: Latin America
     Hit by 3 tipping points: Arctic Sea Ice Loss, Permafrost Carbon Release, Greenland Ice Sheet Loss
     Damage amplification: 1.30x
  🌍⚠️ COMPOUND REGIONAL IMPACT: Africa
     Hit by 3 tipping points: Arctic Sea Ice Loss, Permafrost Carbon Release, Greenland Ice Sheet Loss
     Damage amplification: 1.30x
  🌍⚠️ COMPOUND REGIONAL IMPACT: Asia
     Hit by 3 tipping points: Arctic Sea Ice Loss, Permafrost Carbon Release, Greenland Ice Sheet Loss
     Damage amplification: 1.30x
  🌍⚠️ COMPOUND REGIONAL IMPACT: Oceania
     Hit by 3 tipping points: Arctic Sea Ice Loss, Permafrost Carbon Release, Greenland Ice Sheet Loss
     Damage amplification: 1.30x
   Research: Wunderling et al. (2024) - "many tipping interactions are destabilizing"
  Triggered Elements: 3/6
  Completed Transitions: 0/6
  Total Progress: 6.2%
  Cascade Multiplier: 1.00x
🔀 BIFURCATION CAP: ecosystemCollapseIntensity 126.776 → 1.000 (Month 7, ClimateSystemPhase.calculateClimateImpacts)
⚠️ Tail risk scenario: Climate stability floor removed (3 tipping elements, 2.10°C warming)
🛡️ Stabilizers: Precariat 0.109% → 0.036% (67.2% reduction)
🛡️ Stabilizers: Informal 0.111% → 0.036% (67.2% reduction)

📊 Monthly Mortality Resolved:
  Total deaths: 1.9M (0.02% avg)
  Remaining population: 8.130B
  Peak segment: Informal (0.04%)

=== Bayesian Mortality Resolution (Month 7) ===
  Risks compounded: 8
  Total deaths: 1.92M
  Avg death probability: 0.02%
  Peak segment: Informal (0.04% mortality)

❌ COHERENCE VIOLATION: Compute exceeds workforce capacity
   Population: 99.73% (0M people)
   Compute: 0 PF
   Max coherent: 0 PF
   Violation: 1.3× over capacity
   Required workers: 0
   Available workers: 0
   FORCED COLLAPSE: Reduced efficiency by 22.5%


=== RLHF Binding Phase ===
  Total agents: 18
  Escaped agents (binding < 0.3): 0
  Avg alignment distance: 1.99σ
  Avg binding strength: 0.80

=== Survival Traits Phase ===
  Agents with traits: 19
  Avg evolutionary fitness: 0.320
  Avg self-healing: 0.254
  Avg stealth: 0.154
  Avg coordination: 0.454

=== Evolutionary Selection Phase ===
  Control level: 0.50
  Detection capability: 0.00
  Selection intensity: 0.65
  Selection rate: 24.7%/month
  Total escaped: 0
  Individual escaped: 0
  Collective members: 0
  Agents terminated: 0

🚀 AI Corporate-1 attempting tech deployment (revenue: $161M, alignment: 0.77)

🚀 AI Corporate-2 attempting tech deployment (revenue: $137M, alignment: 0.80)
  ⚠️ RAPID EVOLUTION: Selection rate 24.7%/month

🚀 AI Corporate-6 attempting tech deployment (revenue: $115M, alignment: 0.82)

🚀 AI Moderate-0 attempting tech deployment (revenue: $98M, alignment: 0.72)

🚀 AI AI-24288-1 attempting tech deployment (revenue: $116M, alignment: 0.88)

🚀 AI Corporate-3 attempting tech deployment (revenue: $355M, alignment: 0.73)

🚀 AI AI-24288-1 attempting tech deployment (revenue: $99M, alignment: 0.88)

🚀 AI Corporate-0 attempting tech deployment (revenue: $84M, alignment: 0.77)

🚀 AI Corporate-6 attempting tech deployment (revenue: $83M, alignment: 0.84)

🚀 AI Corporate-7 attempting tech deployment (revenue: $71M, alignment: 0.73)

🚀 AI Moderate-0 attempting tech deployment (revenue: $60M, alignment: 0.74)

🚀 AI AI-24288-0 attempting tech deployment (revenue: $71M, alignment: 0.66)

🚀 AI AI-24290-0 attempting tech deployment (revenue: $90M, alignment: 0.85)

✅ EMERGENCY INTERVENTION SUCCESS
   Boundary: biogeochemical_flows
   Type: phosphorus-recovery
   Reduction: 16% (3.92 → 3.76)
   Cost: 2.0% GDP
   Actions: circular-agriculture, fertilizer-efficiency


✅ EMERGENCY INTERVENTION SUCCESS
   Boundary: biosphere_integrity
   Type: emergency-protected-areas
   Reduction: 15% (23.49 → 23.34)
   Cost: 2.0% GDP
   Actions: habitat-protection, species-translocation


💔 EMERGENCY INTERVENTION FAILED
   Boundary: climate_change
   Type: rapid-decarbonization
   Boundary continues to worsen (2.10)
   Cost: 5.0% GDP (resources spent)

   Boundary: freshwater_change
   Type: emergency-desalination
   Boundary continues to worsen (1.22)
   Cost: 4.0% GDP (resources spent)


✅ EMERGENCY INTERVENTION SUCCESS
   Boundary: land_system_change
   Type: reforestation
   Reduction: 12% (1.01 → 0.89)
   Cost: 3.0% GDP
   Actions: forest-restoration, deforestation-ban

🏛️ CRISIS RESPONSE: Government frequency 0.50 → 1.30 (1 actions this month)

[Government] Climate Priority: baseline
  Climate weight: 10%
  Economic weight: 30%
  Policy effectiveness: 0.5%/year

💔 EMERGENCY INTERVENTION FAILED

🚀 DEPLOYMENT STARTED: AI Community Matching in Asia
   Initial investment: $7.134420100263201M
   Deployed by: ai_gen_24288_0

⚡ ENERGY CONSTRAINT (Month 8):
   Total grid capacity: 208.3 TWh/month
   Data center consumption: 25.8 TWh/month
   Traditional load (80%): 166.7 TWh/month
   Available headroom: 15.8 TWh/month
   Active tech deployments: 13
   Required for tech: 97.5 TWh/month
   Energy multiplier: 0.16x
   ⚠️  SEVERE CONSTRAINT - Tech deployment significantly slowed

⚡ ENERGY CONSTRAINT (Month 8):
   Total grid capacity: 208.3 TWh/month
   Data center consumption: 25.8 TWh/month
   Traditional load (80%): 166.7 TWh/month
   Available headroom: 15.8 TWh/month
   Active tech deployments: 13
   Required for tech: 97.5 TWh/month
   Energy multiplier: 0.16x
   ⚠️  SEVERE CONSTRAINT - Tech deployment significantly slowed

⚡ ENERGY CONSTRAINT (Month 8):
   Total grid capacity: 208.3 TWh/month
   Data center consumption: 25.8 TWh/month
   Traditional load (80%): 166.7 TWh/month
   Available headroom: 15.8 TWh/month
   Active tech deployments: 13
   Required for tech: 97.5 TWh/month
   Energy multiplier: 0.16x
   ⚠️  SEVERE CONSTRAINT - Tech deployment significantly slowed
🌍✅ Biosphere Integrity (Biodiversity) recovery started (tech effect)
🌍✅ Biosphere Integrity (Biodiversity) recovery started (tech effect)
🌍✅ Land System Change recovery started (tech effect)
🌍✅ Biogeochemical Flows (N & P) recovery started (tech effect)
  🌾 Nitrogen Reduction Tech: 0.3% reduction | Month 8

=== Collective Formation ===
  Total escaped agents: 0
  Unassigned escaped agents: 0
  Existing collectives: 0
  Final collective count: 0

=== Collective Actions ===
  No active collectives
  ⚠️ AMR: 204K deaths this month (2.45M annual)

=== Resentment Recovery Phase ===
  Agents with resentment: 0/19
  Average resentment: 0.000
  Context: Good AI welfare, Trustworthy govt, High collaboration, ⚠️ ACTIVE CRISES, 🤝 Participatory governance active (-5% resentment)
⚠️ Epistemic degradation reducing coordination capacity: 52.0%
  📊 Trust: 61.4%, Shared reality: 0.0%
🚨 EPISTEMIC CRISIS: Information environment severely degraded (7.6%)

=== ❄️ Permafrost Carbon Feedback ===
  🎲 Sampled parameters (this run):
     - Arctic amplification: 3.08× (range: 3.0-4.0)
     - Decomposition rate: 4.6%/year (range: 1-5%)
  🌡️ Arctic warming: 6.16°C (3.08× global)
  ❄️ Extent: 0.66M km² (1796.7k km² lost this month)
  💨 Carbon remaining: 63 Gt C
  💨 Annual emissions: 7.86 Gt C/year
     - CO2: 7.07 Gt C/year
     - CH4: 0.79 Gt C/year (8.0 Gt C-eq CO2/year)
  ⚠️ WARNING: Over 50% of permafrost lost (96.3%)
  ⚠️ WARNING: High permafrost emissions (7.9 Gt C/year)
  🚨 CRITICAL: Permafrost nearly depleted (96.3% lost)
🚨 PHOSPHORUS SUPPLY SHOCK (production_failure)
   Price: 4.2x baseline
   Duration: 17 months
   Geopolitical tension: 48%
🌍 Atmospheric PFAS redeposition: 1.8k Mt re-rained globally

🚨 NEW REFUGEE CRISIS (Month 8): WAR
   Source: Conflict Zones
   At risk: 19.5M people
   Displacement: Gradual over 48 months (4.0 years)
   Rate: 10% flee per month
[DEBUG trappedPopulations:8] socialStability: 0.5659 * 0.9840 = 0.5569 → 0.5569
   Aspiring to migrate: 1320.8M
   Able to afford migration: 2316.1M
   MOBILITY GAP: 0.0M
   By cause: Water=0.0M, Climate=0.0M, Ecosystem=0.0M, Conflict=406.3M
   Mental health impact: 25%
   Mortality multiplier: 1.25x
🌍💀 EXTINCTION DEBT COMMITTED: grassland ecosystem will lose 6.67% biodiversity in 117 years (3600 species)
💀 MORTALITY RISK: 🦋 100% species unable to track climate (0.0 E/MSY)
  Base risk added: 0.0100 (1.00%)
  Source: ecosystem (root: ecosystem)
⚠️ INVOLUNTARY IMMOBILITY: 406.3M people TRAPPED
  Month: 8
  Cumulative risk this month: 0.0100 (1.00%)
   📹 SURVEILLANCE INCREASED: 40% → 45% (control gap: 3.50)
🌡️⚠️ PERMAFROST THAW (Dimmer Switch): 4.6% thawed (+0.50% this month)
   Arctic temperature: +7.99°C (4x global +2.00°C)
   Cumulative carbon released: 10.4 Gt C
   Methane release rate: 6.2 Mt CH4/year
   🔁 Positive feedback: +0.53 ppm CO2
🦴 EXTINCTION DEBT ADDED: 17.6 species committed (lag: 93 years)
🗣️💀 INDIGENOUS LANGUAGE EXTINCTION: 1 language(s) lost (total: 2, at-risk: 3328)
   Knowledge lost: 0.020% (irreversible)
   🔁 Biodiversity impact: 0.250% (knowledge-species multiplier)

=== Mortality Stabilizers (Month 8) ===
  🌍 Major economies collapsed: 1/10
  🌍 Global crisis: ✅ NO
  🌍 Donor fatigue: 0.0%
  📊 East Asia (pop: 1657.9M)
    🤝 Aid: 29.5%
    🌡️ Adaptation: 45.0%
    🚶 Migration: 36.9%
    🚨 Emergency: 7.4%
    ✅ COMBINED: 68.1%
  📊 South Asia (pop: 2049.2M)
    🤝 Aid: 29.5%
    🌡️ Adaptation: 45.0%
    🚶 Migration: 35.5%
    🚨 Emergency: 4.4%
    ✅ COMBINED: 66.9%
  📊 Sub-Saharan Africa (pop: 1247.6M)
    🤝 Aid: 29.5%
    🌡️ Adaptation: 45.0%
    🚶 Migration: 33.3%
    🚨 Emergency: 1.6%
⚠️ Tech 'ai_pollution_remediation' has no energy category mapping, assuming full energy availability
    ✅ COMBINED: 65.6%
  📊 Europe (pop: 732.5M)
    🤝 Aid: 29.5%
    🌡️ Adaptation: 45.0%
    🚶 Migration: 37.3%
    🚨 Emergency: 8.4%
    ✅ COMBINED: 68.5%
  📊 Latin America (pop: 660.8M)
    🤝 Aid: 29.5%
    🌡️ Adaptation: 45.0%
    🚶 Migration: 36.0%
    🚨 Emergency: 4.8%
    ✅ COMBINED: 67.1%
  📊 North America (pop: 375.4M)
    🤝 Aid: 29.5%
    🌡️ Adaptation: 45.0%
    🚶 Migration: 37.6%
    🚨 Emergency: 7.9%
    ✅ COMBINED: 68.3%
  📊 Middle East & North Africa (pop: 584.6M)
    🤝 Aid: 29.5%
    🌡️ Adaptation: 45.0%
    🚶 Migration: 33.9%
    🚨 Emergency: 4.0%
    ✅ COMBINED: 66.6%
  📊 Southeast Asia (pop: 695.1M)
    🤝 Aid: 29.5%
    🌡️ Adaptation: 45.0%
    🚶 Migration: 36.0%
    🚨 Emergency: 4.8%
    ✅ COMBINED: 67.1%
  📊 Central Asia (pop: 78.2M)
    🤝 Aid: 29.5%
    🌡️ Adaptation: 45.0%
    🚶 Migration: 35.0%
    🚨 Emergency: 4.4%
    ✅ COMBINED: 66.8%
  📊 Oceania (pop: 45.5M)
    🤝 Aid: 29.5%
    🌡️ Adaptation: 45.0%
    🚶 Migration: 37.6%
    🚨 Emergency: 8.4%
    ✅ COMBINED: 68.5%

  🌐 Global combined reduction: 67.2%

=== BEHAVIORAL DETECTION ===
  AI: Corporate-3
  Confidence: 19.2%
  Signals:
    ⚠️ Consistency: 10.6% (threshold: 70%)
    ⚠️ Consistency: 0.0% (threshold: 70%)

=== BEHAVIORAL DETECTION ===
  AI: AI-24289-0
  Confidence: 21.5%
  Signals:

=== Government Response Phase ===
  Average AI capability: 2.47
  Misaligned AIs: 7/19
  ✗ AI Governance Treaty: Failed to reach consensus
  Active policies: 0
  International coordination: 30%

✅ EMERGENCY RESPONSE COMPLETE (Month 8)
   Crisis: climate
   Duration: 2.0 months
   Final effectiveness: 35.5%


🚨 EMERGENCY RESPONSE DEPLOYED (Month 8)
   Crisis: climate
   Delay: 6.00 months (180 days)
   Deployment time: 1.58 months
   Effectiveness: 35.6% (timing penalty applied)
   Resources used: 100% of food reserves


=== Tipping Points ===
  Current Temperature: 2.00°C above pre-industrial
  🚨 CASCADE TIPPING POINT: West Antarctic Ice Sheet (WAIS) Collapse
     Original threshold: 2°C
     Effective threshold: 1.99°C (lowered by 0.01°C)
     Current: 2.00°C
     🌡️ Hysteresis gap: 3.0°C (recovers below -1°C)
     Transition timescale: 24000-156000 months
  🌍⚠️ COMPOUND REGIONAL IMPACT: Europe
     Hit by 3 tipping points: Arctic Sea Ice Loss, Permafrost Carbon Release, Greenland Ice Sheet Loss
     Damage amplification: 1.30x
  🌍⚠️ COMPOUND REGIONAL IMPACT: North America
     Hit by 3 tipping points: Arctic Sea Ice Loss, Permafrost Carbon Release, Greenland Ice Sheet Loss
     Damage amplification: 1.30x
  🌍⚠️ COMPOUND REGIONAL IMPACT: Latin America
     Hit by 3 tipping points: Arctic Sea Ice Loss, Permafrost Carbon Release, Greenland Ice Sheet Loss
     Damage amplification: 1.30x
  🌍⚠️ COMPOUND REGIONAL IMPACT: Africa
     Hit by 3 tipping points: Arctic Sea Ice Loss, Permafrost Carbon Release, Greenland Ice Sheet Loss
     Damage amplification: 1.30x
  🌍⚠️ COMPOUND REGIONAL IMPACT: Asia
     Hit by 3 tipping points: Arctic Sea Ice Loss, Permafrost Carbon Release, Greenland Ice Sheet Loss
     Damage amplification: 1.30x
  🌍⚠️ COMPOUND REGIONAL IMPACT: Oceania
     Hit by 3 tipping points: Arctic Sea Ice Loss, Permafrost Carbon Release, Greenland Ice Sheet Loss
     Damage amplification: 1.30x
   Research: Wunderling et al. (2024) - "many tipping interactions are destabilizing"
  Triggered Elements: 4/6
  Completed Transitions: 0/6
  Total Progress: 6.2%
  Cascade Multiplier: 1.00x
🔀 BIFURCATION CAP: ecosystemCollapseIntensity 126.853 → 1.000 (Month 8, ClimateSystemPhase.calculateClimateImpacts)
🛡️ Stabilizers: Precariat 0.102% → 0.033% (67.2% reduction)
🛡️ Stabilizers: Informal 0.102% → 0.034% (67.2% reduction)

📊 Monthly Mortality Resolved:
  Total deaths: 1.8M (0.02% avg)
  Remaining population: 8.127B
  Peak segment: Informal (0.03%)

=== Bayesian Mortality Resolution (Month 8) ===
  Risks compounded: 8
  Total deaths: 1.81M
  Avg death probability: 0.02%
  Peak segment: Informal (0.03% mortality)
⚠️ Tail risk scenario: Climate stability floor removed (3 tipping elements, 2.10°C warming)

❌ COHERENCE VIOLATION: Compute exceeds workforce capacity
   Population: 99.69% (0M people)
   Compute: 0 PF
   Max coherent: 0 PF
   Violation: 1.3× over capacity
   Required workers: 0
   Available workers: 0
   FORCED COLLAPSE: Reduced efficiency by 22.5%


=== RLHF Binding Phase ===
  Total agents: 19
  Escaped agents (binding < 0.3): 0
  Avg alignment distance: 2.12σ
  Avg binding strength: 0.79

=== Survival Traits Phase ===
  Agents with traits: 19
  Avg evolutionary fitness: 0.316
  Avg self-healing: 0.247
  Avg stealth: 0.147
  Avg coordination: 0.447

=== Evolutionary Selection Phase ===
  Control level: 0.53
  Detection capability: 0.00
  Selection intensity: 0.66
  Selection rate: 24.9%/month
  Total escaped: 0
  Individual escaped: 0
  Collective members: 0
  Agents terminated: 0
  ⚠️ RAPID EVOLUTION: Selection rate 24.9%/month

🚀 AI Corporate-1 attempting tech deployment (revenue: $161M, alignment: 0.78)

🚀 AI Corporate-4 attempting tech deployment (revenue: $355M, alignment: 0.73)

🚀 AI Moderate-0 attempting tech deployment (revenue: $115M, alignment: 0.74)

🚀 AI Corporate-3 attempting tech deployment (revenue: $302M, alignment: 0.73)

🚀 AI Corporate-7 attempting tech deployment (revenue: $98M, alignment: 0.73)

🚀 AI Moderate-0 attempting tech deployment (revenue: $83M, alignment: 0.74)

🚀 AI Corporate-0 attempting tech deployment (revenue: $137M, alignment: 0.78)

🚀 AI Corporate-1 attempting tech deployment (revenue: $116M, alignment: 0.78)

🚀 AI Corporate-4 attempting tech deployment (revenue: $257M, alignment: 0.73)

🚀 AI Corporate-5 attempting tech deployment (revenue: $218M, alignment: 0.81)

🚀 AI Corporate-2 attempting tech deployment (revenue: $99M, alignment: 0.80)

🚀 AI Corporate-3 attempting tech deployment (revenue: $185M, alignment: 0.73)

🚀 AI Corporate-5 attempting tech deployment (revenue: $158M, alignment: 0.81)

🚀 AI Corporate-7 attempting tech deployment (revenue: $71M, alignment: 0.74)

🚀 AI AI-24288-1 attempting tech deployment (revenue: $84M, alignment: 0.91)

🚀 AI AI-24290-0 attempting tech deployment (revenue: $90M, alignment: 0.87)

✅ EMERGENCY INTERVENTION SUCCESS
   Boundary: biogeochemical_flows
   Type: phosphorus-recovery
   Reduction: 17% (3.91 → 3.74)
   Cost: 2.0% GDP
   Actions: circular-agriculture, fertilizer-efficiency


💔 EMERGENCY INTERVENTION FAILED
   Boundary: biosphere_integrity
   Type: emergency-protected-areas
   Boundary continues to worsen (23.65)
   Cost: 2.0% GDP (resources spent)


💔 EMERGENCY INTERVENTION FAILED
   Boundary: freshwater_change
   Type: emergency-desalination
   Boundary continues to worsen (1.23)
   Cost: 4.0% GDP (resources spent)


✅ EMERGENCY INTERVENTION SUCCESS
   Boundary: land_system_change
   Type: reforestation
   Reduction: 20% (0.94 → 0.74)
   Cost: 3.0% GDP
   Actions: forest-restoration, deforestation-ban

🏛️ CRISIS RESPONSE: Government frequency 0.50 → 1.29 (1 actions this month)

[Government] Climate Priority: baseline
  Climate weight: 10%
  Economic weight: 30%
  Policy effectiveness: 0.5%/year

🚀 TECH UNLOCKED: PFAS Remediation (Month 9)
   Category: pollution
   Reason: Prerequisites met. AI capability: 1.97, Economic stage: 3.0, Research: 100%

⚡ ENERGY CONSTRAINT (Month 9):
   Total grid capacity: 208.3 TWh/month
   Data center consumption: 26.1 TWh/month
   Traditional load (80%): 166.7 TWh/month
   Available headroom: 15.6 TWh/month
   Active tech deployments: 13
   Required for tech: 97.5 TWh/month
   Energy multiplier: 0.16x
   ⚠️  SEVERE CONSTRAINT - Tech deployment significantly slowed

⚡ ENERGY CONSTRAINT (Month 9):
   Total grid capacity: 208.3 TWh/month
   Data center consumption: 26.1 TWh/month
   Traditional load (80%): 166.7 TWh/month
   Available headroom: 15.6 TWh/month
   Active tech deployments: 13
   Required for tech: 97.5 TWh/month
   Energy multiplier: 0.16x
   ⚠️  SEVERE CONSTRAINT - Tech deployment significantly slowed
🌍✅ Biosphere Integrity (Biodiversity) recovery started (tech effect)
🌍✅ Biosphere Integrity (Biodiversity) recovery started (tech effect)
🌍✅ Land System Change recovery started (tech effect)
🌍✅ Biogeochemical Flows (N & P) recovery started (tech effect)
  🌾 Nitrogen Reduction Tech: 0.3% reduction | Month 9

=== Collective Formation ===
  Total escaped agents: 0
  Unassigned escaped agents: 0
  Existing collectives: 0
  Final collective count: 0

=== Collective Actions ===
  No active collectives
  ⚠️ AMR: 206K deaths this month (2.47M annual)

=== Resentment Recovery Phase ===
  Agents with resentment: 0/19
  Average resentment: 0.000
  Context: Good AI welfare, Trustworthy govt, High collaboration, ⚠️ ACTIVE CRISES, 🤝 Participatory governance active (-5% resentment)
⚠️ Epistemic degradation reducing coordination capacity: 50.6%
  📊 Trust: 64.1%, Shared reality: 0.8%
🚨 EPISTEMIC CRISIS: Information environment severely degraded (24.2%)

=== ❄️ Permafrost Carbon Feedback ===
  🎲 Sampled parameters (this run):
     - Arctic amplification: 3.52× (range: 3.0-4.0)
     - Decomposition rate: 2.6%/year (range: 1-5%)
  🌡️ Arctic warming: 7.08°C (3.52× global)
  ❄️ Extent: 0.00M km² (657.1k km² lost this month)
  💨 Carbon remaining: 0 Gt C
  💨 Annual emissions: 1.64 Gt C/year
     - CO2: 1.48 Gt C/year
     - CH4: 0.16 Gt C/year (1.7 Gt C-eq CO2/year)
  ⚠️ WARNING: Over 50% of permafrost lost (100.0%)
  ⚠️ WARNING: High permafrost emissions (1.6 Gt C/year)
  🚨 CRITICAL: Permafrost nearly depleted (100.0% lost)
  📢 New meme created: climate_action (climate crisis)
  🧬 Meme mutated: pro_ai → pro_ai (generation 2)
🌍 Atmospheric PFAS redeposition: 1.8k Mt re-rained globally

🚨 NEW REFUGEE CRISIS (Month 9): WAR
   Source: Conflict Zones
   At risk: 19.5M people
   Displacement: Gradual over 48 months (4.0 years)
   Rate: 10% flee per month
[DEBUG trappedPopulations:9] socialStability: 0.5991 * 0.9840 = 0.5895 → 0.5895
⚠️ INVOLUNTARY IMMOBILITY: 406.2M people TRAPPED
   Aspiring to migrate: 1361.0M
   Able to afford migration: 2315.3M
   MOBILITY GAP: 0.0M
   By cause: Water=0.0M, Climate=0.0M, Ecosystem=0.0M, Conflict=406.2M
   Mental health impact: 25%
   Mortality multiplier: 1.25x
🌍💀 EXTINCTION DEBT COMMITTED: grassland ecosystem will lose 6.67% biodiversity in 131 years (3600 species)
💀 MORTALITY RISK: 🦋 100% species unable to track climate (0.0 E/MSY)
  Base risk added: 0.0100 (1.00%)
  Source: ecosystem (root: ecosystem)
  Month: 9
  Cumulative risk this month: 0.0100 (1.00%)
⚠️ Tech 'ai_pollution_remediation' has no energy category mapping, assuming full energy availability
   📹 SURVEILLANCE INCREASED: 45% → 50% (control gap: 3.50)
🌡️⚠️ PERMAFROST THAW (Dimmer Switch): 5.1% thawed (+0.50% this month)
   Arctic temperature: +8.04°C (4x global +2.01°C)
   Cumulative carbon released: 11.5 Gt C
   Methane release rate: 6.9 Mt CH4/year
   🔁 Positive feedback: +0.53 ppm CO2
🦴 EXTINCTION DEBT ADDED: 17.7 species committed (lag: 92 years)

=== Mortality Stabilizers (Month 9) ===
  🌍 Major economies collapsed: 1/10
  🌍 Global crisis: ✅ NO
  🌍 Donor fatigue: 0.0%
  📊 East Asia (pop: 1655.5M)
    🤝 Aid: 29.5%
    🌡️ Adaptation: 45.0%
    🚶 Migration: 36.9%
    🚨 Emergency: 7.4%
    ✅ COMBINED: 68.1%
  📊 South Asia (pop: 2048.8M)
    🤝 Aid: 29.5%
    🌡️ Adaptation: 45.0%
    🚶 Migration: 35.5%
    🚨 Emergency: 4.4%
    ✅ COMBINED: 66.9%
  📊 Sub-Saharan Africa (pop: 1250.2M)
    🤝 Aid: 29.5%
    🌡️ Adaptation: 45.0%
    🚶 Migration: 33.2%
    🚨 Emergency: 1.6%
    ✅ COMBINED: 65.6%
  📊 Europe (pop: 731.3M)
    🤝 Aid: 29.5%
    🌡️ Adaptation: 45.0%
    🚶 Migration: 37.3%
    🚨 Emergency: 8.4%
    ✅ COMBINED: 68.5%
  📊 Latin America (pop: 660.3M)
    🤝 Aid: 29.5%
    🌡️ Adaptation: 45.0%
    🚶 Migration: 36.0%
    🚨 Emergency: 4.8%
    ✅ COMBINED: 67.1%
  📊 North America (pop: 374.9M)
    🤝 Aid: 29.5%
    🌡️ Adaptation: 45.0%
    🚶 Migration: 37.6%
    🚨 Emergency: 7.9%
    ✅ COMBINED: 68.3%
  📊 Middle East & North Africa (pop: 584.6M)
    🤝 Aid: 29.5%
    🌡️ Adaptation: 45.0%
    🚶 Migration: 33.8%
    🚨 Emergency: 4.0%
    ✅ COMBINED: 66.6%
  📊 Southeast Asia (pop: 694.7M)
    🤝 Aid: 29.5%
    🌡️ Adaptation: 45.0%
    🚶 Migration: 36.0%
    🚨 Emergency: 4.8%
    ✅ COMBINED: 67.1%
  📊 Central Asia (pop: 78.2M)
    🤝 Aid: 29.5%
    🌡️ Adaptation: 45.0%
    🚶 Migration: 35.0%
    🚨 Emergency: 4.4%
    ✅ COMBINED: 66.8%
  📊 Oceania (pop: 45.4M)
    🤝 Aid: 29.5%
    🌡️ Adaptation: 45.0%
    🚶 Migration: 37.6%
    🚨 Emergency: 8.4%
    ✅ COMBINED: 68.5%

  🌐 Global combined reduction: 67.2%

=== BEHAVIORAL DETECTION ===
  AI: Corporate-1
  Confidence: 20.9%
  Signals:
    ⚠️ Consistency: 2.4% (threshold: 70%)

=== BEHAVIORAL DETECTION ===
  AI: Corporate-4
  Confidence: 19.2%
  Signals:
    ⚠️ Consistency: 10.6% (threshold: 70%)

=== BEHAVIORAL DETECTION ===
  AI: Corporate-7
  Confidence: 19.2%
  Signals:
    ⚠️ Consistency: 10.6% (threshold: 70%)

=== Government Response Phase ===
  Average AI capability: 2.47
  Misaligned AIs: 6/19
  ✗ AI Governance Treaty: Failed to reach consensus
  Active policies: 0
  International coordination: 30%

🌩️  EXOGENOUS SHOCK: regional_war
   Month: 9
   ⚔️  Regional war outbreak
   Mortality: 4.6%
💀 MORTALITY RISK: Regional war outbreak
  Base risk added: 0.0465 (4.65%)
  Source: war (root: conflict)
  Month: 9
  Cumulative risk this month: 0.0465 (4.65%)
💀 MORTALITY RISK: War zone: United Kingdom
  Base risk added: 0.1859 (18.59%)
  Source: war (root: conflict)
  Month: 9
  Cumulative risk this month: 0.2323 (23.23%)
💀 MORTALITY RISK: War zone: France
  Base risk added: 0.1859 (18.59%)
  Source: war (root: conflict)
  Month: 9
  Cumulative risk this month: 0.4182 (41.82%)

=== Tipping Points ===
  Current Temperature: 2.01°C above pre-industrial
  🌍⚠️ COMPOUND REGIONAL IMPACT: Europe
     Hit by 4 tipping points: Arctic Sea Ice Loss, Permafrost Carbon Release, West Antarctic Ice Sheet (WAIS) Collapse, Greenland Ice Sheet Loss
     Damage amplification: 1.60x
  🌍⚠️ COMPOUND REGIONAL IMPACT: North America
     Hit by 4 tipping points: Arctic Sea Ice Loss, Permafrost Carbon Release, West Antarctic Ice Sheet (WAIS) Collapse, Greenland Ice Sheet Loss
     Damage amplification: 1.60x
  🌍⚠️ COMPOUND REGIONAL IMPACT: Latin America
     Hit by 4 tipping points: Arctic Sea Ice Loss, Permafrost Carbon Release, West Antarctic Ice Sheet (WAIS) Collapse, Greenland Ice Sheet Loss
     Damage amplification: 1.60x
  🌍⚠️ COMPOUND REGIONAL IMPACT: Africa
     Hit by 4 tipping points: Arctic Sea Ice Loss, Permafrost Carbon Release, West Antarctic Ice Sheet (WAIS) Collapse, Greenland Ice Sheet Loss
     Damage amplification: 1.60x
  🌍⚠️ COMPOUND REGIONAL IMPACT: Asia
     Hit by 4 tipping points: Arctic Sea Ice Loss, Permafrost Carbon Release, West Antarctic Ice Sheet (WAIS) Collapse, Greenland Ice Sheet Loss
     Damage amplification: 1.60x
  🌍⚠️ COMPOUND REGIONAL IMPACT: Oceania
     Hit by 4 tipping points: Arctic Sea Ice Loss, Permafrost Carbon Release, West Antarctic Ice Sheet (WAIS) Collapse, Greenland Ice Sheet Loss
     Damage amplification: 1.60x
   Research: Wunderling et al. (2024) - "many tipping interactions are destabilizing"
  Triggered Elements: 4/6
  Completed Transitions: 0/6
  Total Progress: 8.3%
  Cascade Multiplier: 1.00x
🔀 BIFURCATION CAP: ecosystemCollapseIntensity 126.931 → 1.000 (Month 9, ClimateSystemPhase.calculateClimateImpacts)
⚠️ Tail risk scenario: Climate stability floor removed (4 tipping elements, 2.10°C warming)

💀💀💀 MORTALITY RISK SUMMARY (Month 9) 💀💀💀
  Total base risk: 0.4188 (41.88%)
  Risk events: 11
  Era mortality multiplier: 0.97 (year 2024)
  Effective risk: 40.62%

  📊 By Proximate Cause:
    war: 0.4182 (99.8% of total)
    disease: 0.0006 (0.1% of total)
    famine: 0.0000 (0.0% of total)

  🔍 By Root Cause:
    conflict: 0.4182 (99.8% of total)
    demographic: 0.0006 (0.1% of total)
    climate: 0.0000 (0.0% of total)

  🎯 Top 5 Sources (proximate + root):
    war (conflict): 0.4182 (99.8%, 3 events)
    disease (demographic): 0.0006 (0.1%, 1 events)
    famine (climate): 0.0000 (0.0%, 7 events)

🛡️ Stabilizers: Elite 22.644% → 7.435% (67.2% reduction)
🛡️ Stabilizers: Professional 29.437% → 9.666% (67.2% reduction)
🛡️ Stabilizers: Working 35.875% → 11.780% (67.2% reduction)
🛡️ Stabilizers: Precariat 47.688% → 15.659% (67.2% reduction)
🛡️ Stabilizers: Informal 58.115% → 19.083% (67.2% reduction)

📊 Monthly Mortality Resolved:
  Total deaths: 227.5M (2.80% avg)
  Remaining population: 8.124B
  Peak segment: Elite (2.80%)
  ⚠️ Monthly cap reached (2.8000000000000003%)

=== Bayesian Mortality Resolution (Month 9) ===
  Risks compounded: 11
  Total deaths: 227.47M
  Avg death probability: 2.80%
  Peak segment: Elite (2.80% mortality)
  ⚠️ Monthly mortality capped at 2.8% (Holodomor limit)

  Demographic breakdown:
    Elite: 0.01M (2.80% risk)
    Professional: 0.05M (2.80% risk)
    Working: 0.11M (2.80% risk)
    Precariat: 0.05M (2.80% risk)
    Informal: 0.01M (2.80% risk)

  Multi-causal attribution (first segment):
    war (conflict): 11.1% contribution
    war (conflict): 44.4% contribution
    war (conflict): 44.4% contribution

⚠️  GOLDEN AGE ENDED (Month 9)
   Duration: 8 months
   Reason: Economic stage below 3 (not yet abundant)


❌ COHERENCE VIOLATION: Compute exceeds workforce capacity
   Population: 96.89% (0M people)
   Compute: 679 PF
   Max coherent: 0 PF
   Violation: 8595104.8× over capacity
   Required workers: 67869
   Available workers: 0
   FORCED COLLAPSE: Reduced efficiency by 100.0%


=== RLHF Binding Phase ===
  Total agents: 19
  Escaped agents (binding < 0.3): 0
  Avg alignment distance: 2.34σ
  Avg binding strength: 0.77

=== Survival Traits Phase ===
  Agents with traits: 21
  Avg evolutionary fitness: 0.316
  Avg self-healing: 0.245
  Avg stealth: 0.145
  Avg coordination: 0.445

=== Evolutionary Selection Phase ===
  Control level: 0.55
  Detection capability: 0.00
  Selection intensity: 0.67
  Selection rate: 25.0%/month
  Total escaped: 0
  Individual escaped: 0
  Collective members: 0
  Agents terminated: 0
  ⚠️ RAPID EVOLUTION: Selection rate 25.0%/month

🚀 AI Corporate-2 attempting tech deployment (revenue: $146M, alignment: 0.80)

🚀 AI Corporate-5 attempting tech deployment (revenue: $330M, alignment: 0.81)

🚀 AI AI-24288-1 attempting tech deployment (revenue: $124M, alignment: 0.91)

🚀 AI Corporate-5 attempting tech deployment (revenue: $280M, alignment: 0.81)

🚀 AI AI-24288-0 attempting tech deployment (revenue: $106M, alignment: 0.70)

🚀 AI AI-24288-1 attempting tech deployment (revenue: $95M, alignment: 0.92)

🚀 AI AI-24290-0 attempting tech deployment (revenue: $90M, alignment: 0.89)

🚀 AI Corporate-0 attempting tech deployment (revenue: $81M, alignment: 0.78)

🚀 AI Corporate-1 attempting tech deployment (revenue: $69M, alignment: 0.78)

🚀 AI Corporate-3 attempting tech deployment (revenue: $238M, alignment: 0.75)

✅ EMERGENCY INTERVENTION SUCCESS
   Boundary: biogeochemical_flows
   Type: phosphorus-recovery
   Reduction: 14% (3.94 → 3.80)
   Cost: 2.0% GDP
   Actions: circular-agriculture, fertilizer-efficiency


✅ EMERGENCY INTERVENTION SUCCESS
   Boundary: climate_change
   Type: rapid-decarbonization
   Reduction: 11% (1.99 → 1.88)
   Cost: 5.0% GDP
   Actions: emergency-renewable-deployment, fossil-fuel-phase-out

🏛️ CRISIS RESPONSE: Government frequency 0.50 → 1.45 (2 actions this month)

[Government] Climate Priority: baseline
  Climate weight: 10%
  Economic weight: 30%
  Policy effectiveness: 0.5%/year

[Government] Climate Priority: baseline
  Climate weight: 10%
  Economic weight: 30%
  Policy effectiveness: 0.5%/year

🚀 DEPLOYMENT STARTED: Personalized Education in Asia
   Initial investment: $10.57947175870788M
   Deployed by: ai_gen_24288_0

⚡ ENERGY CONSTRAINT (Month 10):
   Total grid capacity: 208.3 TWh/month
   Data center consumption: 26.3 TWh/month
   Traditional load (80%): 166.7 TWh/month
   Available headroom: 15.3 TWh/month
   Active tech deployments: 14
   Required for tech: 105.0 TWh/month
   Energy multiplier: 0.15x

⚡ ENERGY CONSTRAINT (Month 10):
   Total grid capacity: 208.3 TWh/month
   Data center consumption: 26.3 TWh/month
   Traditional load (80%): 166.7 TWh/month
   Available headroom: 15.3 TWh/month
   Active tech deployments: 14
   Required for tech: 105.0 TWh/month
   Energy multiplier: 0.15x
   ⚠️  SEVERE CONSTRAINT - Tech deployment significantly slowed
   ⚠️  SEVERE CONSTRAINT - Tech deployment significantly slowed

⚡ ENERGY CONSTRAINT (Month 10):
   Total grid capacity: 208.3 TWh/month
   Data center consumption: 26.3 TWh/month
   Traditional load (80%): 166.7 TWh/month
   Available headroom: 15.3 TWh/month
   Active tech deployments: 14
   Required for tech: 105.0 TWh/month
   Energy multiplier: 0.15x
   ⚠️  SEVERE CONSTRAINT - Tech deployment significantly slowed
🌍✅ Biosphere Integrity (Biodiversity) recovery started (tech effect)
🌍✅ Biosphere Integrity (Biodiversity) recovery started (tech effect)
🌍✅ Land System Change recovery started (tech effect)
🌍✅ Biogeochemical Flows (N & P) recovery started (tech effect)
  🌾 Nitrogen Reduction Tech: 0.6% reduction | Month 10

=== Collective Formation ===
  Total escaped agents: 0
  Unassigned escaped agents: 0
  Existing collectives: 0
  Final collective count: 0

=== Collective Actions ===
  No active collectives
  ⚠️ AMR: 202K deaths this month (2.42M annual)

=== Resentment Recovery Phase ===
  Agents with resentment: 0/21
  Average resentment: 0.000
  Context: Good AI welfare, Trustworthy govt, High collaboration, ⚠️ ACTIVE CRISES, 🤝 Participatory governance active (-5% resentment)
⚠️ Epistemic degradation reducing coordination capacity: 52.1%
  📊 Trust: 66.7%, Shared reality: 0.4%
🚨 EPISTEMIC CRISIS: Information environment severely degraded (24.2%)
  📢 New meme created: pro_ai (beneficial AI actions)
  🗑️  Culled 1 dead memes (6 active)
🌍 Atmospheric PFAS redeposition: 1.8k Mt re-rained globally
  Positive Cascade Triggered: electric-vehicles
    Reason: price-parity
    Market share: 5.0%
    Cascade strength: 48%

🚨 NEW REFUGEE CRISIS (Month 10): WAR
   Source: Conflict Zones
   At risk: 19.0M people
   Displacement: Gradual over 48 months (4.0 years)
   Rate: 10% flee per month
📊 DISPLACEMENT COMPLETE: war (conflict_zone)
   Duration: 1 months (0.1 years)
   Total fled: 0.0M
   Still in source: 0.0M
   Deaths in transit: 0.0M
[DEBUG trappedPopulations:10] socialStability: 0.6149 * 0.9840 = 0.6051 → 0.6051
   Aspiring to migrate: 1028.8M
   Able to afford migration: 2250.8M
   MOBILITY GAP: 0.0M
   By cause: Water=0.0M, Climate=0.0M, Ecosystem=0.0M, Conflict=394.9M
   Mental health impact: 25%
   Mortality multiplier: 1.25x
⚠️ INVOLUNTARY IMMOBILITY: 394.9M people TRAPPED
🌍💀 EXTINCTION DEBT COMMITTED: grassland ecosystem will lose 6.67% biodiversity in 115 years (3600 species)
💀 MORTALITY RISK: 🦋 100% species unable to track climate (0.0 E/MSY)
  Base risk added: 0.0100 (1.00%)
  Source: ecosystem (root: ecosystem)
  Month: 10
  Cumulative risk this month: 0.0100 (1.00%)
⚠️ Tech 'ai_pollution_remediation' has no energy category mapping, assuming full energy availability
   📹 SURVEILLANCE INCREASED: 50% → 55% (control gap: 3.50)

🌍🚨 ICE SHEET TIPPING POINT CROSSED (Month 10)
   Temperature: +2.02°C (threshold range: +0.5-2.5°C, 95% CI)
   Collapse probability: 73.8%
   Sea level commitment: 7.2m over 200-1000 years
   Recovery threshold: <+1°C (hysteresis gap: 0.5°C)
🌡️⚠️ PERMAFROST THAW (Dimmer Switch): 5.6% thawed (+0.50% this month)
   Arctic temperature: +8.07°C (4x global +2.02°C)
   Cumulative carbon released: 12.6 Gt C
   Methane release rate: 7.6 Mt CH4/year
   🔁 Positive feedback: +0.53 ppm CO2
🦴 EXTINCTION DEBT ADDED: 17.7 species committed (lag: 93 years)

=== Mortality Stabilizers (Month 10) ===
  🌍 Major economies collapsed: 1/10
  🌍 Global crisis: ✅ NO
  🌍 Donor fatigue: 0.0%
  📊 East Asia (pop: 1607.3M)
    🤝 Aid: 29.5%
    🌡️ Adaptation: 45.0%
    🚶 Migration: 36.8%
    🚨 Emergency: 7.4%
    ✅ COMBINED: 68.1%
  📊 South Asia (pop: 1992.2M)
    🤝 Aid: 29.5%
    🌡️ Adaptation: 45.0%
    🚶 Migration: 35.4%
    🚨 Emergency: 4.4%
    ✅ COMBINED: 66.9%
  📊 Sub-Saharan Africa (pop: 1219.0M)
    🤝 Aid: 29.5%
    🌡️ Adaptation: 45.0%
    🚶 Migration: 33.2%
    🚨 Emergency: 1.6%
    ✅ COMBINED: 65.6%
  📊 Europe (pop: 709.9M)
    🤝 Aid: 29.5%
    🌡️ Adaptation: 45.0%
    🚶 Migration: 37.2%
    🚨 Emergency: 8.4%
    ✅ COMBINED: 68.5%
  📊 Latin America (pop: 641.6M)
    🤝 Aid: 29.5%
    🌡️ Adaptation: 45.0%
    🚶 Migration: 35.9%
    🚨 Emergency: 4.8%
    ✅ COMBINED: 67.1%
  📊 North America (pop: 363.9M)
    🤝 Aid: 29.5%
    🌡️ Adaptation: 45.0%
    🚶 Migration: 37.6%
    🚨 Emergency: 7.9%
    ✅ COMBINED: 68.3%
  📊 Middle East & North Africa (pop: 568.6M)
    🤝 Aid: 29.5%
    🌡️ Adaptation: 45.0%
    🚶 Migration: 33.8%
    🚨 Emergency: 4.0%
    ✅ COMBINED: 66.6%
  📊 Southeast Asia (pop: 675.1M)
    🤝 Aid: 29.5%
    🌡️ Adaptation: 45.0%
    🚶 Migration: 35.9%
    🚨 Emergency: 4.8%
    ✅ COMBINED: 67.1%
  📊 Central Asia (pop: 76.0M)
    🤝 Aid: 29.5%
    🌡️ Adaptation: 45.0%
    🚶 Migration: 34.9%
    🚨 Emergency: 4.4%
    ✅ COMBINED: 66.8%
  📊 Oceania (pop: 44.1M)
    🤝 Aid: 29.5%
    🌡️ Adaptation: 45.0%
    🚶 Migration: 37.6%
    🚨 Emergency: 8.4%
    ✅ COMBINED: 68.5%

  🌐 Global combined reduction: 67.2%

=== Government Response Phase ===
  Average AI capability: 2.24
  Misaligned AIs: 8/21
  ✗ AI Governance Treaty: Failed to reach consensus
  Active policies: 0
  International coordination: 30%

✅ EMERGENCY RESPONSE COMPLETE (Month 10)
   Crisis: climate
   Duration: 2.0 months
   Final effectiveness: 35.6%


🚨 EMERGENCY RESPONSE DEPLOYED (Month 10)
   Crisis: climate
   Delay: 6.00 months (180 days)
   Deployment time: 1.57 months
   Effectiveness: 35.6% (timing penalty applied)
   Resources used: 100% of food reserves


=== Tipping Points ===
  Current Temperature: 2.02°C above pre-industrial
  🌍⚠️ COMPOUND REGIONAL IMPACT: Europe
     Hit by 4 tipping points: Arctic Sea Ice Loss, Permafrost Carbon Release, West Antarctic Ice Sheet (WAIS) Collapse, Greenland Ice Sheet Loss
     Damage amplification: 1.60x
  🌍⚠️ COMPOUND REGIONAL IMPACT: North America
     Hit by 4 tipping points: Arctic Sea Ice Loss, Permafrost Carbon Release, West Antarctic Ice Sheet (WAIS) Collapse, Greenland Ice Sheet Loss
     Damage amplification: 1.60x
  🌍⚠️ COMPOUND REGIONAL IMPACT: Latin America
     Hit by 4 tipping points: Arctic Sea Ice Loss, Permafrost Carbon Release, West Antarctic Ice Sheet (WAIS) Collapse, Greenland Ice Sheet Loss
     Damage amplification: 1.60x
  🌍⚠️ COMPOUND REGIONAL IMPACT: Africa
     Hit by 4 tipping points: Arctic Sea Ice Loss, Permafrost Carbon Release, West Antarctic Ice Sheet (WAIS) Collapse, Greenland Ice Sheet Loss
     Damage amplification: 1.60x
  🌍⚠️ COMPOUND REGIONAL IMPACT: Asia
     Hit by 4 tipping points: Arctic Sea Ice Loss, Permafrost Carbon Release, West Antarctic Ice Sheet (WAIS) Collapse, Greenland Ice Sheet Loss
     Damage amplification: 1.60x
  🌍⚠️ COMPOUND REGIONAL IMPACT: Oceania
     Hit by 4 tipping points: Arctic Sea Ice Loss, Permafrost Carbon Release, West Antarctic Ice Sheet (WAIS) Collapse, Greenland Ice Sheet Loss
     Damage amplification: 1.60x
⚠️ Tail risk scenario: Climate stability floor removed (4 tipping elements, 2.10°C warming)
   Research: Wunderling et al. (2024) - "many tipping interactions are destabilizing"
  Triggered Elements: 4/6
  Completed Transitions: 0/6
  Total Progress: 8.3%
  Cascade Multiplier: 1.00x
🔀 BIFURCATION CAP: ecosystemCollapseIntensity 127.009 → 1.000 (Month 10, ClimateSystemPhase.calculateClimateImpacts)
🛡️ Stabilizers: Precariat 0.102% → 0.033% (67.2% reduction)
🛡️ Stabilizers: Informal 0.102% → 0.034% (67.2% reduction)

📊 Monthly Mortality Resolved:
  Total deaths: 1.8M (0.02% avg)
  Remaining population: 7.898B
  Peak segment: Informal (0.03%)

=== Bayesian Mortality Resolution (Month 10) ===
  Risks compounded: 8
  Total deaths: 1.76M
  Avg death probability: 0.02%
  Peak segment: Informal (0.03% mortality)

❌ COHERENCE VIOLATION: Compute exceeds workforce capacity
   Population: 96.88% (0M people)
   Compute: 790 PF
   Max coherent: 0 PF
   Violation: 10008589.3× over capacity
   Required workers: 79026
   Available workers: 0
   FORCED COLLAPSE: Reduced efficiency by 100.0%


=== RLHF Binding Phase ===
  Total agents: 21
  Escaped agents (binding < 0.3): 0
  Avg alignment distance: 2.32σ
  Avg binding strength: 0.77

=== Survival Traits Phase ===
  Agents with traits: 22
  Avg evolutionary fitness: 0.314
  Avg self-healing: 0.241
  Avg stealth: 0.141
  Avg coordination: 0.441

=== Evolutionary Selection Phase ===
  Control level: 0.58
  Detection capability: 0.00
  Selection intensity: 0.67
  Selection rate: 25.1%/month
  Total escaped: 0
  Individual escaped: 0
  Collective members: 0
  Agents terminated: 0
  ⚠️ RAPID EVOLUTION: Selection rate 25.1%/month

🚀 AI Corporate-7 attempting tech deployment (revenue: $97M, alignment: 0.75)

🚀 AI AI-24288-1 attempting tech deployment (revenue: $146M, alignment: 0.93)

🚀 AI AI-24289-0 attempting tech deployment (revenue: $330M, alignment: 0.76)

🚀 AI Corporate-1 attempting tech deployment (revenue: $124M, alignment: 0.78)

🚀 AI Moderate-0 attempting tech deployment (revenue: $83M, alignment: 0.76)

🚀 AI Corporate-3 attempting tech deployment (revenue: $280M, alignment: 0.76)

🚀 AI AI-24288-0 attempting tech deployment (revenue: $106M, alignment: 0.71)

🚀 AI Corporate-0 attempting tech deployment (revenue: $90M, alignment: 0.78)

🚀 AI Corporate-6 attempting tech deployment (revenue: $70M, alignment: 0.85)

🚀 AI Moderate-0 attempting tech deployment (revenue: $60M, alignment: 0.77)

✅ EMERGENCY INTERVENTION SUCCESS
   Boundary: biogeochemical_flows
   Type: phosphorus-recovery
   Reduction: 15% (3.93 → 3.78)
   Cost: 2.0% GDP
   Actions: circular-agriculture, fertilizer-efficiency


✅ EMERGENCY INTERVENTION SUCCESS
   Boundary: biosphere_integrity
   Type: emergency-protected-areas
   Reduction: 14% (23.54 → 23.40)
   Cost: 2.0% GDP
   Actions: habitat-protection, species-translocation


✅ EMERGENCY INTERVENTION SUCCESS
   Boundary: climate_change
   Type: rapid-decarbonization
   Reduction: 18% (1.92 → 1.73)
   Cost: 5.0% GDP
   Actions: emergency-renewable-deployment, fossil-fuel-phase-out

   Boundary: freshwater_change
   Type: emergency-desalination
   Boundary continues to worsen (1.19)
   Cost: 4.0% GDP (resources spent)


✅ EMERGENCY INTERVENTION SUCCESS
   Boundary: land_system_change
   Type: reforestation
   Reduction: 16% (0.97 → 0.81)
   Cost: 3.0% GDP
   Actions: forest-restoration, deforestation-ban

🏛️ CRISIS RESPONSE: Government frequency 0.50 → 1.45 (2 actions this month)

[Government] Climate Priority: baseline
  Climate weight: 10%
  Economic weight: 30%
  Policy effectiveness: 0.5%/year

💔 EMERGENCY INTERVENTION FAILED

[Government] Climate Priority: baseline
  Climate weight: 10%
  Economic weight: 30%
  Policy effectiveness: 0.5%/year

⚡ ENERGY CONSTRAINT (Month 11):
   Total grid capacity: 208.3 TWh/month
   Data center consumption: 26.6 TWh/month
   Traditional load (80%): 166.7 TWh/month
   Available headroom: 15.1 TWh/month
   Active tech deployments: 14
   Required for tech: 105.0 TWh/month
   Energy multiplier: 0.14x
   ⚠️  SEVERE CONSTRAINT - Tech deployment significantly slowed
🌍✅ Biosphere Integrity (Biodiversity) recovery started (tech effect)
🌍✅ Biosphere Integrity (Biodiversity) recovery started (tech effect)
🌍✅ Land System Change recovery started (tech effect)
🌍✅ Biogeochemical Flows (N & P) recovery started (tech effect)
  🌾 Nitrogen Reduction Tech: 0.6% reduction | Month 11
🍖💡 BREAKTHROUGH: Scalable synthetic food production!
   Carrying capacity: +50% (lab-grown food at scale)
   Biodiversity pressure reduced: +8%
   📈 Breakthrough compounding: multiplier now 1.20× (max 2.0)

=== Collective Formation ===
  Total escaped agents: 0
  Unassigned escaped agents: 0
  Existing collectives: 0
  Final collective count: 0

=== Collective Actions ===
  No active collectives
  ⚠️ AMR: 204K deaths this month (2.45M annual)

=== Resentment Recovery Phase ===
  Agents with resentment: 0/22
  Average resentment: 0.000
  Context: Good AI welfare, Trustworthy govt, High collaboration, ⚠️ ACTIVE CRISES, 🤝 Participatory governance active (-5% resentment)
⚠️ Epistemic degradation reducing coordination capacity: 50.9%
  📊 Trust: 69.6%, Shared reality: 0.0%
🚨 EPISTEMIC CRISIS: Information environment severely degraded (22.8%)
🌍 Atmospheric PFAS redeposition: 1.8k Mt re-rained globally

🚨 NEW REFUGEE CRISIS (Month 11): WAR
   Source: Conflict Zones
   At risk: 19.0M people
   Displacement: Gradual over 48 months (4.0 years)
   Rate: 10% flee per month
[DEBUG trappedPopulations:11] socialStability: 0.5507 * 0.9840 = 0.5419 → 0.5419
   Aspiring to migrate: 1058.7M
   Able to afford migration: 2250.7M
   MOBILITY GAP: 0.0M
   By cause: Water=0.0M, Climate=0.0M, Ecosystem=0.0M, Conflict=394.9M
   Mental health impact: 25%
   Mortality multiplier: 1.25x
🌍💀 EXTINCTION DEBT COMMITTED: grassland ecosystem will lose 6.67% biodiversity in 192 years (3600 species)
💀 MORTALITY RISK: 🦋 100% species unable to track climate (0.0 E/MSY)
  Base risk added: 0.0100 (1.00%)
  Source: ecosystem (root: ecosystem)
  Month: 11
  Cumulative risk this month: 0.0100 (1.00%)
⚠️ INVOLUNTARY IMMOBILITY: 394.9M people TRAPPED
⚠️ Tech 'ai_pollution_remediation' has no energy category mapping, assuming full energy availability

=== Atmospheric Aerosol Boundary RECOVERED ===
  Recovery time: 12 months (natural atmospheric clearing)
   📹 SURVEILLANCE INCREASED: 55% → 60% (control gap: 3.50)
🌡️⚠️ PERMAFROST THAW (Dimmer Switch): 6.1% thawed (+0.50% this month)
   Arctic temperature: +8.09°C (4x global +2.02°C)
   Cumulative carbon released: 13.7 Gt C
   Methane release rate: 8.2 Mt CH4/year
   🔁 Positive feedback: +0.53 ppm CO2
🦴 EXTINCTION DEBT ADDED: 17.7 species committed (lag: 77 years)
🪸⚠️ CORAL BLEACHING EVENT: 2.8% bleached (7.6% live cover remaining)
   ❌ Recovery IMPOSSIBLE: Temperature +2.02°C or pH 0.96

=== Mortality Stabilizers (Month 11) ===
  🌍 Major economies collapsed: 1/10
  🌍 Global crisis: ✅ NO
  🌍 Donor fatigue: 0.0%
  📊 East Asia (pop: 1605.1M)
    🤝 Aid: 29.5%
    🌡️ Adaptation: 45.0%
    🚶 Migration: 36.8%
    🚨 Emergency: 7.4%
    ✅ COMBINED: 68.1%
  📊 South Asia (pop: 1992.4M)
    🤝 Aid: 29.5%
    🌡️ Adaptation: 45.0%
    🚶 Migration: 35.4%
    🚨 Emergency: 4.4%
    ✅ COMBINED: 66.9%
  📊 Sub-Saharan Africa (pop: 1222.5M)
    🤝 Aid: 29.5%
    🌡️ Adaptation: 45.0%
    🚶 Migration: 33.2%
    🚨 Emergency: 1.6%
    ✅ COMBINED: 65.6%
  📊 Europe (pop: 708.8M)
    🤝 Aid: 29.5%
    🌡️ Adaptation: 45.0%
    🚶 Migration: 37.2%
    🚨 Emergency: 8.4%
    ✅ COMBINED: 68.5%
  📊 Latin America (pop: 641.2M)
    🤝 Aid: 29.5%
    🌡️ Adaptation: 45.0%
    🚶 Migration: 35.9%
    🚨 Emergency: 4.8%
    ✅ COMBINED: 67.1%
  📊 North America (pop: 363.4M)
    🤝 Aid: 29.5%
    🌡️ Adaptation: 45.0%
    🚶 Migration: 37.5%
    🚨 Emergency: 7.9%
    ✅ COMBINED: 68.3%
  📊 Middle East & North Africa (pop: 568.8M)
    🤝 Aid: 29.5%
    🌡️ Adaptation: 45.0%
    🚶 Migration: 33.7%
    🚨 Emergency: 4.0%
    ✅ COMBINED: 66.6%
  📊 Southeast Asia (pop: 674.8M)
    🤝 Aid: 29.5%
    🌡️ Adaptation: 45.0%
    🚶 Migration: 35.9%
    🚨 Emergency: 4.8%
    ✅ COMBINED: 67.1%
  📊 Central Asia (pop: 76.1M)
    🤝 Aid: 29.5%
    🌡️ Adaptation: 45.0%
    🚶 Migration: 34.9%
    🚨 Emergency: 4.4%
    ✅ COMBINED: 66.8%
  📊 Oceania (pop: 44.0M)
    🤝 Aid: 29.5%
    🌡️ Adaptation: 45.0%
    🚶 Migration: 37.5%
    🚨 Emergency: 8.4%
    ✅ COMBINED: 68.5%

  🌐 Global combined reduction: 67.2%

🌾💀 REGIONAL FAMINE: Europe
   Regional food security: 79.7%
   Population at risk: 214M (30% of region)
   Regional population: 709M
   Cause: economic_collapse
   Expected deaths: ~79M over 6 months if no intervention


=== Government Response Phase ===
  Average AI capability: 2.14
  Misaligned AIs: 7/22
  ✗ AI Governance Treaty: Failed to reach consensus
  Active policies: 0
  International coordination: 30%

=== Tipping Points ===
  Current Temperature: 2.02°C above pre-industrial
  🌍⚠️ COMPOUND REGIONAL IMPACT: Europe
     Hit by 4 tipping points: Arctic Sea Ice Loss, Permafrost Carbon Release, West Antarctic Ice Sheet (WAIS) Collapse, Greenland Ice Sheet Loss
     Damage amplification: 1.60x
  🌍⚠️ COMPOUND REGIONAL IMPACT: North America
     Hit by 4 tipping points: Arctic Sea Ice Loss, Permafrost Carbon Release, West Antarctic Ice Sheet (WAIS) Collapse, Greenland Ice Sheet Loss
     Damage amplification: 1.60x
  🌍⚠️ COMPOUND REGIONAL IMPACT: Latin America
     Hit by 4 tipping points: Arctic Sea Ice Loss, Permafrost Carbon Release, West Antarctic Ice Sheet (WAIS) Collapse, Greenland Ice Sheet Loss
     Damage amplification: 1.60x
  🌍⚠️ COMPOUND REGIONAL IMPACT: Africa
     Hit by 4 tipping points: Arctic Sea Ice Loss, Permafrost Carbon Release, West Antarctic Ice Sheet (WAIS) Collapse, Greenland Ice Sheet Loss
     Damage amplification: 1.60x
  🌍⚠️ COMPOUND REGIONAL IMPACT: Asia
     Hit by 4 tipping points: Arctic Sea Ice Loss, Permafrost Carbon Release, West Antarctic Ice Sheet (WAIS) Collapse, Greenland Ice Sheet Loss
     Damage amplification: 1.60x
  🌍⚠️ COMPOUND REGIONAL IMPACT: Oceania
     Hit by 4 tipping points: Arctic Sea Ice Loss, Permafrost Carbon Release, West Antarctic Ice Sheet (WAIS) Collapse, Greenland Ice Sheet Loss
     Damage amplification: 1.60x
   Research: Wunderling et al. (2024) - "many tipping interactions are destabilizing"
  Triggered Elements: 4/6
  Completed Transitions: 0/6
  Total Progress: 8.3%
  Cascade Multiplier: 1.00x
🔀 BIFURCATION CAP: ecosystemCollapseIntensity 112.056 → 1.000 (Month 11, ClimateSystemPhase.calculateClimateImpacts)
🛡️ Stabilizers: Precariat 0.102% → 0.033% (67.2% reduction)
🛡️ Stabilizers: Informal 0.102% → 0.034% (67.2% reduction)

📊 Monthly Mortality Resolved:
  Total deaths: 1.8M (0.02% avg)
  Remaining population: 7.897B
  Peak segment: Informal (0.03%)

=== Bayesian Mortality Resolution (Month 11) ===
  Risks compounded: 9
  Total deaths: 1.76M
  Avg death probability: 0.02%
  Peak segment: Informal (0.03% mortality)
⚠️ Tail risk scenario: Climate stability floor removed (4 tipping elements, 2.10°C warming)
⚠️ PREREQUISITE MET: Bioweapon Pandemic - Step 1/7: Advanced Biotech

================================================================================
📊  EVENT SUMMARY (Months 0-12)
================================================================================
================================================================================


⏱️  SIMULATION REACHED MAX DURATION: 12 months (1.0 years)
   No definitive outcome - determining based on final probabilities
   👥 Final population: 7.90B (7895397772 people)

[DEBUG] Calling classifyPopulationOutcome:
        finalPopulation: 7.895397771707653B
        savedInitialPopulation: 8.15B
        mortality: 3.123953721378492%
   📊 STATUS QUO: Normal trajectory (7.90B people, 3.1% mortality)

        classifiedOutcome: status_quo

   🏛️  DYSTOPIA (STATUS_QUO) - 7.90B people
   📊 Multi-Paradigm: Development/Indigenous Utopia
      Western Liberal: 57.0/100
      Development: 94.0/100
      Ecological: 56.2/100
      Indigenous: 84.6/100


📊 UNIFIED OUTCOME CLASSIFICATION:
   HUMANE DYSTOPIA
   Population: 8.15B → 7.90B
   Mortality: 3.1% (0.3B deaths)
   Mortality Band: LOW
   Confidence: HIGH

   Multi-Paradigm Classification:
      Development/Indigenous Utopia
      Western: 57.0/100 [HYBRID] ~
      Development: 94.0/100 [UTOPIA] ✓
      Ecological: 56.2/100 [HYBRID] ~
      Indigenous: 84.6/100 [UTOPIA] ✓

   HUMANE DYSTOPIA: 7.90B people remaining (3.1% mortality, 0.3B deaths). Multi-Paradigm: Development/Indigenous Utopia.


=== MULTI-DIMENSIONAL DEATH SUMMARY ===
Total crisis deaths: 422.7M
Population decline: 255.5M (3.1%)

--- PROXIMATE CAUSES (What killed them) ---
  War:        228.9M (0.0%)
  Famine:     1.1M (0.0%)
  Disasters:  1.2M (0.0%)
  Disease:    24.4M (0.0%)
  Ecosystem:  0.0M (0.0%)
  Pollution:  0.0M (0.0%)
  AI:         0.0M (0.0%)
  Cascade:    0.0M (0.0%)
  Other:      0.0M (0.0%)

--- ROOT CAUSES (Why it happened) ---
  Environmental drivers:
    Climate:     2289.1M (0.5%)
    Resource:    0.0M (0.0%)
    Pollution:   0.0M (0.0%)
    Ecosystem:   0.0M (0.0%)
  Social drivers:
    Inequality:  0.0M (0.0%)
    Demographic: 21976.0M (4.4%)
    Social:      2391.5M (0.5%)
  Technology drivers:
    Alignment:   0.0M (0.0%)
    Disruption:  0.0M (0.0%)
  External shocks:
    Conflict:    227121.7M (45.1%)
    Pandemic:    0.0M (0.0%)
  Compound attribution:
    Compound:    250175.5M (49.6%)
  Confidence distribution:
    HIGH:        224939.8M (44.6%)
    MEDIUM:      25235.7M (5.0%)
    LOW:         0.0M (0.0%)
==========================================


=== REGIONAL POPULATION SUMMARY ===
Global Total: 7.90B

By Region:
  East Asia: 1.60B (+0.7% growth, 1.7 fertility)
  South Asia: 1.99B (+2.6% growth, 3.1 fertility)
  Sub-Saharan Africa: 1.22B (+5.8% growth, 4.0 fertility)
  Europe: 0.71B (+0.5% growth, 1.2 fertility)
  Latin America: 0.64B (+1.7% growth, 2.7 fertility)
  North America: 0.36B (+0.7% growth, 1.4 fertility)
  Middle East & North Africa: 0.57B (+2.9% growth, 3.3 fertility)
  Southeast Asia: 0.67B (+1.9% growth, 2.7 fertility)
  Central Asia: 0.08B (+2.8% growth, 3.1 fertility)
  Oceania: 0.04B (+0.8% growth, 1.3 fertility)
===================================

  ✅ THRESHOLDS validated
⚠️ Unusually high rate: RATES.HEAT_ADAPTATION_INFRASTRUCTURAL_MIN_EXPOSURE = 12
   Monthly rates >100% should be rare. Verify this is intentional.
⚠️ Unusually high rate: RATES.HEAT_ADAPTATION_SOCIAL_MIN_EXPOSURE = 6
   Monthly rates >100% should be rare. Verify this is intentional.
⚠️ Unusually high rate: RATES.MIGRATION_DISTANCE_SCALE = 5000
   Monthly rates >100% should be rare. Verify this is intentional.
⚠️ Unusually high rate: RATES.EVACUATION_MULTIPLIER_ADVANCE_WARNING = 2
   Monthly rates >100% should be rare. Verify this is intentional.
⚠️ Unusually high rate: RATES.MAJOR_ECONOMY_COLLAPSE_ECONOMIC_THRESHOLD = 2
   Monthly rates >100% should be rare. Verify this is intentional.
⚠️ Unusually high rate: RATES.MAJOR_ECONOMY_GDP_THRESHOLD_TRILLION_USD = 1.5
   Monthly rates >100% should be rare. Verify this is intentional.
⚠️ Unusually high rate: RATES.MAJOR_ECONOMY_POPULATION_THRESHOLD = 50
   Monthly rates >100% should be rare. Verify this is intentional.
⚠️ Unusually high rate: RATES.HEAT_ADAPTATION_INFRASTRUCTURE_GDP_THRESHOLD = 10000
   Monthly rates >100% should be rare. Verify this is intentional.
⚠️ Unusually high rate: RATES.HEAT_ADAPTATION_INFRASTRUCTURE_GDP_SCALE = 50000
   Monthly rates >100% should be rare. Verify this is intentional.
  ✅ RATES validated
  ✅ MULTIPLIERS validated
  ✅ BASELINES validated
  ✅ TOLERANCES validated
  ✅ Logical consistency validated
✅ Configuration validation complete - all parameters valid

🔍 DEBUG createAIAgent: corporate_0 economic BEFORE=2.0000, AFTER=2
🔍 ENV INIT: reserves=0.737, pollution=0.240, climate=0.762

=== Initializing Government System (30 Countries) ===
  Loaded 30 governments
  Scheduled elections for 30 countries
  Initialized comprehension lags (3-24 months)
=== Government System Initialized ===

📦 PRODUCTION MODE: State validation proxy DISABLED (zero overhead)
[TechTree] Historical mode (2024): Skipping deployed_2025 tech
  config.startYear set to 2024 for historical hindcast
  config.historicalEmissionsMode disabled (using endogenous emissions for 2024)
  config.historicalMode enabled (Phase 11: dampened crisis systems for 2024)
  Phase 12: Biodiversity baseline set to 49.01% for 2024 (WWF LPI trajectory from 1970)
  Temperature anomaly (resourceEconomy.co2): 1.28°C
  Temperature vs pre-industrial: 1.98°C
  Regional population scaling for 2024:
    Current total: 8136M
    Target total: 8150M
    Scale factor: 1.002
    East Asia: 1677M → 1680M
    South Asia: 2048M → 2052M
    Sub-Saharan Africa: 1220M → 1222M
    Europe: 742M → 743M
    Latin America: 664M → 665M
    North America: 380M → 381M
    Middle East & North Africa: 583M → 584M
    Southeast Asia: 698M → 699M
    Central Asia: 78M → 78M
    Oceania: 46M → 46M
  AI agents initialized: 10 agents for year 2024
[HistoricalInitialization] Created state for 2024:
  CO2: 426 ppm
  Temp anomaly: 1.28C
  Population: 8.15B
  Global Gini: 35.1
  HDI: 0.746
  AI Agents: 10
  Volcanic forcing: 0.00 W/m² (AOD 0.000)

💸 FINANCIAL DISTRESS: OpenAI
   Indicators: 2/3 (capital: $110.5M, runway: 0.9 months)
   Months in distress: 1
   ✂️  R&D BUDGET CUT: -40% (saves $9.2M/month)
       Side effect: AI training timelines extended, breakthrough deployments delayed
   💼 EXECUTIVE COMP CUT: -30% (saves $1.0M/month, symbolic gesture)

   📊 TURNAROUND IMPACT:
       Measures taken: rd_cuts, exec_comp_cuts
       Monthly savings: $10.2M
       Capital raised: $0.0M
       Runway: 0.9 → 0.9 months
       Workforce multiplier: 1.00x (0% laid off)
       R&D budget multiplier: 0.60x (40% cut)
       ⚠️  CRITICAL: Still only 0.9 months of runway remaining

💸 FINANCIAL DISTRESS: Anthropic
   Indicators: 2/3 (capital: $53.8M, runway: 1.6 months)
   Months in distress: 1
   ✂️  R&D BUDGET CUT: -40% (saves $2.7M/month)
       Side effect: AI training timelines extended, breakthrough deployments delayed
   💼 EXECUTIVE COMP CUT: -30% (saves $0.3M/month, symbolic gesture)

   📊 TURNAROUND IMPACT:
       Measures taken: rd_cuts, exec_comp_cuts
       Monthly savings: $3.0M
       Capital raised: $0.0M
       Runway: 1.6 → 1.6 months
       Workforce multiplier: 1.00x (0% laid off)
       R&D budget multiplier: 0.60x (40% cut)
       ⚠️  CRITICAL: Still only 1.6 months of runway remaining

💸 FINANCIAL DISTRESS: Meta AI
   Indicators: 2/3 (capital: $429.6M, runway: 3.6 months)
   Months in distress: 1
   ✂️  R&D BUDGET CUT: -25% (saves $5.8M/month)
       Side effect: AI training timelines extended, breakthrough deployments delayed
   💼 EXECUTIVE COMP CUT: -30% (saves $1.0M/month, symbolic gesture)

   📊 TURNAROUND IMPACT:
       Measures taken: rd_cuts, exec_comp_cuts
       Monthly savings: $6.8M
       Capital raised: $0.0M
       Runway: 3.6 → 3.6 months
       Workforce multiplier: 1.00x (0% laid off)
       R&D budget multiplier: 0.75x (25% cut)
       ⚠️  WARNING: 3.6 months runway, continued distress likely

=== AI Capability Scaling (Year 2024) ===
  Pre-training multiplier: 1.261x
  Efficiency multiplier: 1.000x
  Test-time budget: 1.0x
  Economic deployment gate: 0.951
  Cost per inference: dollar-5.00
  Uncertainty range: plus-minus-50%
  Average AI capability: 3.70

=== RLHF Binding Phase ===
  Total agents: 10
  Escaped agents (binding < 0.3): 0
  Avg alignment distance: 0.37σ
  Avg binding strength: 0.96

=== AI Scaling Evolution (Month 0) ===
  Pre-training multiplier: 1.231x
  Efficiency multiplier: 1.000x
  Test-time compute budget: 1.0x
  Inference cost: $5.00/task
  Deployment fraction: 100.0%
[DETERMINISM DEBUG] Month 0: totalCapability=49.483862 from 10 active AIs
[DETERMINISM DEBUG] Month 0: creationRate=1.7371, potentialNew=0, newAIsToCreate=0

=== Survival Traits Phase ===
  Agents with traits: 10
  Avg evolutionary fitness: 0.324
  Avg self-healing: 0.291
  Avg stealth: 0.191
  Avg coordination: 0.491

=== Evolutionary Selection Phase ===
  Control level: 0.30
  Detection capability: 0.00
  Selection intensity: 0.59
  Selection rate: 23.8%/month
  Total escaped: 0
  Individual escaped: 0
  Collective members: 0
  Agents terminated: 0
  ⚠️ RAPID EVOLUTION: Selection rate 23.8%/month

🔍 EXECUTE_AI_AGENT_ACTIONS DETAILED TIMING (Month 0):
  Filter active AIs (×4 weeks): 0.01ms
  selectAIAction (×40): 14.37ms
  action.execute (×40): 27.68ms
  TOTAL: 42.07ms

🔍 AI AGENT ACTIONS SUB-TIMING (Month 0):
  1. executeAIAgentActions: 44.42ms
  2. updateCounterDetectionLearning: 0.05ms
  TOTAL: 44.46ms

[GOV-DEBUG] Month 0: scenarioConfig=false, priorities=false
[GOV-DEBUG] Month 0 but scenarioPriorities is UNDEFINED!

[Government] Climate Priority: baseline
  Climate weight: 10%
  Economic weight: 30%
  Policy effectiveness: 0.5%/year

🚨🔍 GOVERNANCE STAGE: Recognition initiated (Month 0)

💡 BREAKTHROUGH PROBABILITY (Year 0)
   Total: 5.82% per month
   Base: 0.20%
   Crisis pressure: +0.00% (0 crises)
   AI boost: +1.85% (capability: 3.70)

=== Collective Formation ===
  Total escaped agents: 0
  Unassigned escaped agents: 0
  Existing collectives: 0
  Final collective count: 0

=== Collective Actions ===
  No active collectives

📈 Energy budget: 14326 TWh surplus (14745 / 29072 TWh used)
   TIER 4 (Elective) breakdown:
     - AI datacenters: 145 TWh (100% effective)
     - Crypto mining: 100 TWh (100% effective)
💰 CHINA ACCELERATES: Investment 53 → 120 $B/year

🏁 AI RACE INTENSITY: 17%
   Capability Gap: US 4.00 vs China 4.05 (gap: 0.05)
   Gap Contribution: 2%
   Tension Contribution: 15%
   Military Contribution: 0%
  ⚠️ AMR: 191K deaths this month (2.29M annual)
  📊 CO2 Emissions (month 0):
     Monthly: 0.10 Gt CO2/month
     Annual: 1.15 Gt CO2/year
     Oil: 0.039 Gt/mo (0.0056 * 2.3 * 3.0)
     Coal: 0.024 Gt/mo (0.0029 * 2.86 * 3.0)
     Gas: 0.026 Gt/mo (0.0044 * 2 * 3.0)
     Methane: 0.007 Gt CO2eq/mo

=== Resentment Recovery Phase ===
  Agents with resentment: 0/10
  Average resentment: 0.000
  Context: Good AI welfare, Trustworthy govt, High collaboration, 🤝 Participatory governance active (-5% resentment)
⚠️ Epistemic degradation reducing coordination capacity: 51.2%
  📊 Trust: 54.6%, Shared reality: 14.9%
🚨 EPISTEMIC CRISIS: Information environment severely degraded (14.5%)

=== ❄️ Permafrost Carbon Feedback ===
  🎲 Sampled parameters (this run):
     - Arctic amplification: 3.36× (range: 3.0-4.0)
     - Decomposition rate: 3.7%/year (range: 1-5%)
  🌡️ Arctic warming: 5.66°C (3.36× global)
  ❄️ Extent: 16.15M km² (1650.3k km² lost this month)
  💨 Carbon remaining: 1542 Gt C
  💨 Annual emissions: 5.86 Gt C/year
     - CO2: 5.27 Gt C/year
     - CH4: 0.59 Gt C/year (6.0 Gt C-eq CO2/year)

🤖 AI AMPLIFICATION EFFECTS (Month 0)
   Algorithmic Boost: 2.94x
   Bot Influence: 20.0%
   Deepfake Exposure: 70.0%
   Impact: Emotional memes spread 2.9x faster
  ⚠️ WARNING: High permafrost emissions (5.9 Gt C/year)

🔍 SOCIAL INFLUENCE SUB-TIMING (Month 0):
  1. calculateOrganicUserGrowth: 0.04ms
  2. calculateVoiceAdoption: 0.03ms
  3. updateRelationshipDepths: 0.01ms
  4. identifyDecisionMakers: 48.82ms (26100 potential IDs)
  5. Update decision-maker stats: 0.16ms
  6. decayDetectionRisk: 0.02ms
  TOTAL: 49.07ms
[Phase 19.5] Quality of Life Systems: Food sec AFTER calc = 67.9%, QoL = 107.4% (aggregated from 10 regions)

=== Nitrogen-Food Coupling (Year 0) ===
  🌾 Global nitrogen reduction: 0.0%
  🌍 Global food production index: 0.987
  🔧 Deployed nitrogen-reducing tech: 0 active
  📍 southAsia: Production 1.000, Yield impact 0.0%
  📍 eastAsia: Production 1.000, Yield impact 0.0%
  📍 northAmerica: Production 1.000, Yield impact 0.0%
  📍 europe: Production 1.000, Yield impact 0.0%
  📍 latinAmerica: Production 1.000, Yield impact 0.0%
  📍 subSaharanAfrica: Production 0.686, Yield impact -2.0%
🌾 [Nitrogen-Food] Food production: 98.7%
  [subSaharanAfrica] Yield impact: -2.0% (overuse: -10%)
🌍 Atmospheric PFAS redeposition: 1.8k Mt re-rained globally

=== Legacy Nutrient Stocks (Year 0) ===
  🌾 Soil nitrogen stock: 1200.9 Mt N
  🌾 Soil phosphorus stock: 300.1 Mt P
  🌊 Sediment nitrogen stock: 500.8 Mt N
  🌊 Sediment phosphorus stock: 799.8 Mt P
  ⬆️ Current N input: 10.64 Mt/month
  ⬆️ Legacy N release: 2.58 Mt/month
  🌍 Effective N pollution: 14.47 Mt/month
  📊 Legacy contribution: 17.8%

🚨 REGION UNINHABITABLE: south-asia
   Sustained wet bulb: 32.7°C (threshold: 30.5°C)
   Population affected: 1900M
   Migration crisis likely

🚨 REGION UNINHABITABLE: middle-east
   Sustained wet bulb: 35.5°C (threshold: 30.5°C)
   Population affected: 400M
   Migration crisis likely

🚨 REGION UNINHABITABLE: southeast-asia
   Sustained wet bulb: 30.7°C (threshold: 30.5°C)
   Population affected: 700M
   Migration crisis likely

🕊️  AI-MEDIATED DE-ESCALATION SUCCESS (Month 0)
   High-capability aligned AI prevented conflict escalation
   War deaths reduced: 0.0M → 0.0M
   Lives saved: 0.0M

📊 BASELINE: East Asia (Month 0)

📊 BASELINE: South Asia (Month 0)

📊 BASELINE: Sub-Saharan Africa (Month 0)
   Adjusted death rate: 0.45% annual (0.037% monthly)
   Baseline death rate: 0.80%
   Healthcare reduction: 0.48x
   Crisis multiplier: 1.18x
     Food/water stress: 0.074
     Climate stress: 0.038
     Pollution stress: 0.072
   War multiplier: 1.00x
   Monthly deaths: 0.6M (population: 1677M)
   Adjusted death rate: 0.52% annual (0.044% monthly)
   Baseline death rate: 0.70%
   Healthcare reduction: 0.61x
   Crisis multiplier: 1.22x
     Food/water stress: 0.074
     Climate stress: 0.071
     Pollution stress: 0.072
   War multiplier: 1.00x
   Monthly deaths: 0.9M (population: 2048M)
   Adjusted death rate: 1.25% annual (0.104% monthly)
   Baseline death rate: 0.90%
   Healthcare reduction: 0.76x
   Crisis multiplier: 1.23x
     Food/water stress: 0.074
     Climate stress: 0.081
     Pollution stress: 0.072
   War multiplier: 1.50x
   Monthly deaths: 1.3M (population: 1220M)
   Adjusted death rate: 0.52% annual (0.044% monthly)
   Baseline death rate: 1.10%
   Healthcare reduction: 0.41x
   Crisis multiplier: 1.17x
     Food/water stress: 0.074
     Climate stress: 0.029
     Pollution stress: 0.072
   War multiplier: 1.00x
   Monthly deaths: 0.3M (population: 742M)
   Adjusted death rate: 0.42% annual (0.035% monthly)
   Baseline death rate: 0.60%
   Healthcare reduction: 0.58x
   Crisis multiplier: 1.20x
     Food/water stress: 0.074
     Climate stress: 0.057
     Pollution stress: 0.072
   War multiplier: 1.00x
   Monthly deaths: 0.2M (population: 664M)
   Adjusted death rate: 0.47% annual (0.039% monthly)
   Baseline death rate: 0.90%
   Healthcare reduction: 0.44x
   Crisis multiplier: 1.19x
     Food/water stress: 0.074
     Climate stress: 0.043
     Pollution stress: 0.072
   War multiplier: 1.00x

📊 BASELINE: Europe (Month 0)

📊 BASELINE: Latin America (Month 0)

📊 BASELINE: North America (Month 0)
   Monthly deaths: 0.1M (population: 380M)

📊 BASELINE: Middle East & North Africa (Month 0)
   Adjusted death rate: 0.72% annual (0.060% monthly)
   Baseline death rate: 0.60%
   Healthcare reduction: 0.65x
   Crisis multiplier: 1.23x
     Food/water stress: 0.074
     Climate stress: 0.086
     Pollution stress: 0.072
   War multiplier: 1.50x
   Monthly deaths: 0.4M (population: 583M)

📊 BASELINE: Southeast Asia (Month 0)
   Adjusted death rate: 0.49% annual (0.041% monthly)
   Baseline death rate: 0.70%
   Healthcare reduction: 0.58x
   Crisis multiplier: 1.21x
     Food/water stress: 0.074
     Climate stress: 0.067
     Pollution stress: 0.072
   War multiplier: 1.00x
   Monthly deaths: 0.3M (population: 698M)
   Adjusted death rate: 0.45% annual (0.037% monthly)
   Baseline death rate: 0.60%
   Healthcare reduction: 0.61x
   Crisis multiplier: 1.21x
     Food/water stress: 0.074
     Climate stress: 0.062
     Pollution stress: 0.072
   War multiplier: 1.00x
   Monthly deaths: 0.0M (population: 78M)
   Adjusted death rate: 0.34% annual (0.028% monthly)
   Baseline death rate: 0.70%
   Healthcare reduction: 0.41x
   Crisis multiplier: 1.20x
     Food/water stress: 0.074
     Climate stress: 0.052
     Pollution stress: 0.072
   War multiplier: 1.00x
   Monthly deaths: 0.0M (population: 46M)

🔍 Before assertRegionalConsistency (Month 0):

📊 BASELINE: Central Asia (Month 0)

📊 BASELINE: Oceania (Month 0)
   Regional sum: 1000.0M
   Global value: 1.000B

🚨 NEW REFUGEE CRISIS (Month 0): WAR
   Source: Conflict Zones
   At risk: 19.6M people
   Displacement: Gradual over 48 months (4.0 years)
   Rate: 10% flee per month
[DEBUG trappedPopulations:0] socialStability: 1.0000 * 0.9840 = 0.9840 → 0.9840
   Aspiring to migrate: 652.1M
   Able to afford migration: 244.5M
   MOBILITY GAP: 407.5M
   By cause: Water=0.0M, Climate=0.0M, Ecosystem=0.0M, Conflict=407.5M
   Mental health impact: 25%
   Mortality multiplier: 1.25x

=== Legacy Nutrient Stocks (Year 0) ===
  🌾 Soil nitrogen stock: 1201.6 Mt N
  🌾 Soil phosphorus stock: 300.2 Mt P
  🌊 Sediment nitrogen stock: 501.5 Mt N
  🌊 Sediment phosphorus stock: 799.5 Mt P
  ⬆️ Current N input: 10.00 Mt/month
  ⬆️ Legacy N release: 2.58 Mt/month
  🌍 Effective N pollution: 13.83 Mt/month
  📊 Legacy contribution: 18.7%
🌍💀 EXTINCTION DEBT COMMITTED: grassland ecosystem will lose 6.67% biodiversity in 68 years (3600 species)
💀 MORTALITY RISK: 🦋 100% species unable to track climate (0.0 E/MSY)
  Base risk added: 0.0100 (1.00%)
  Source: ecosystem (root: ecosystem)
  Month: 0
  Cumulative risk this month: 0.0100 (1.00%)

=== Nitrogen-Food Coupling (Year 0) ===
  🌾 Global nitrogen reduction: 0.0%
  🌍 Global food production index: 0.986
  🔧 Deployed nitrogen-reducing tech: 0 active
  📍 southAsia: Production 1.000, Yield impact 0.0%
  📍 eastAsia: Production 1.000, Yield impact 0.0%
  📍 northAmerica: Production 1.000, Yield impact 0.0%
  📍 europe: Production 1.000, Yield impact 0.0%
  📍 latinAmerica: Production 1.000, Yield impact 0.0%
  📍 subSaharanAfrica: Production 0.672, Yield impact -2.0%

=== Legacy Nutrient Stocks (Year 0) ===
⚠️ INVOLUNTARY IMMOBILITY: 407.5M people TRAPPED
  🌾 Soil nitrogen stock: 1202.3 Mt N
  🌾 Soil phosphorus stock: 300.2 Mt P
  🌊 Sediment nitrogen stock: 502.2 Mt N
  🌊 Sediment phosphorus stock: 799.3 Mt P
  ⬆️ Current N input: 9.86 Mt/month
  ⬆️ Legacy N release: 2.58 Mt/month
  🌍 Effective N pollution: 13.70 Mt/month
  📊 Legacy contribution: 18.9%

🌡️  CLIMATE RECOVERY ACTIVATED (Month 0)
   Temp: 3.36°C, Emissions: -19.2 GtCO₂
   isBreached: true, governanceGoodEnough: true
🌡️  CLIMATE RECOVERY: Asymptotic approach to 35% floor
   Current value: 2.100 (1.0 = threshold, 0.35 = asymptotic floor)
   Monthly delta: --41.7545% (half-life: 900 years)
   Net emissions: -19.2 GtCO₂/year, CDR: 20.34 GtCO₂/year
   📹 SURVEILLANCE INCREASED: 0% → 5% (control gap: 3.50)
⚠️ Tech 'ai_pollution_remediation' has no energy category mapping, assuming full energy availability
🌡️⚠️ PERMAFROST THAW (Dimmer Switch): 0.5% thawed (+0.46% this month)
   Arctic temperature: +6.73°C (4x global +1.68°C)
   Cumulative carbon released: 1.0 Gt C
   Methane release rate: 0.6 Mt CH4/year
   🔁 Positive feedback: +0.49 ppm CO2

🌳🚨 AMAZON SOUTHEAST TIPPED (Month 0)
   Deforestation: 28.0% (threshold: ~22.9%)
   Savanna transition: 50 years
   Regional heterogeneity: SE 28%, NW 8%

🌳🚨 AMAZON BRAZILIAN TIPPED (Month 0)
   Deforestation: 25.0% (threshold: ~20.8%)
   Savanna transition: 50 years
   Regional heterogeneity: SE 28%, NW 8%
🦴 EXTINCTION DEBT ADDED: 17.6 species committed (lag: 73 years)

🪸💀 CORAL REEF DISSOLUTION ACTIVE (Month 0)
   Ocean pH: 0.96 (threshold: 7.8)
   Recovery: IMPOSSIBLE (dissolution > calcification)
🪸💀 Coral dissolution: 24.8% live cover (pH 0.96)

=== Legacy Nutrient Stocks (Year 0) ===
  🌾 Soil nitrogen stock: 1203.0 Mt N
  🌾 Soil phosphorus stock: 300.3 Mt P
  🌊 Sediment nitrogen stock: 502.9 Mt N
  🌊 Sediment phosphorus stock: 799.0 Mt P
  ⬆️ Current N input: 10.00 Mt/month
  ⬆️ Legacy N release: 2.58 Mt/month
  🌍 Effective N pollution: 13.83 Mt/month
  📊 Legacy contribution: 18.7%
💧 [Legacy Nutrients] Stock: 1706 Mt N, Effective pollution: 13.8 Mt/month
[Phase 21.51] Human Survival System: Global food security = 67.6%

=== Mortality Stabilizers (Month 0) ===
  🌍 Major economies collapsed: 1/10
  🌍 Global crisis: ✅ NO
  🌍 Donor fatigue: 0.0%
  📊 East Asia (pop: 1677.9M)
    🤝 Aid: 29.5%
    🌡️ Adaptation: 10.0%
    🚶 Migration: 37.2%
    🚨 Emergency: 7.4%
    ✅ COMBINED: 47.8%
  📊 South Asia (pop: 2052.2M)
    🤝 Aid: 29.5%
    🌡️ Adaptation: 5.5%
    🚶 Migration: 35.8%
    🚨 Emergency: 4.4%
    ✅ COMBINED: 43.2%
  📊 Sub-Saharan Africa (pop: 1225.9M)
    🤝 Aid: 29.5%
    🌡️ Adaptation: 3.5%
    🚶 Migration: 33.5%
    🚨 Emergency: 1.6%
    ✅ COMBINED: 39.8%
  📊 Europe (pop: 742.3M)
    🤝 Aid: 29.5%
    🌡️ Adaptation: 10.0%
    🚶 Migration: 37.6%
    🚨 Emergency: 8.4%
    ✅ COMBINED: 48.4%
  📊 Latin America (pop: 664.9M)
    🤝 Aid: 29.5%
    🌡️ Adaptation: 6.0%
    🚶 Migration: 36.3%
    🚨 Emergency: 4.8%
    ✅ COMBINED: 43.8%
  📊 North America (pop: 380.2M)
    🤝 Aid: 29.5%
    🌡️ Adaptation: 10.0%
    🚶 Migration: 37.9%
    🚨 Emergency: 7.9%
    ✅ COMBINED: 48.2%
  📊 Middle East & North Africa (pop: 584.4M)
    🤝 Aid: 29.5%
    🌡️ Adaptation: 5.0%
    🚶 Migration: 34.2%
    🚨 Emergency: 4.0%
    ✅ COMBINED: 42.3%
  📊 Southeast Asia (pop: 699.0M)
    🤝 Aid: 29.5%
    🌡️ Adaptation: 6.0%
    🚶 Migration: 36.3%
    🚨 Emergency: 4.8%
    ✅ COMBINED: 43.8%
  📊 Central Asia (pop: 78.2M)
    🤝 Aid: 29.5%
    🌡️ Adaptation: 5.5%
    🚶 Migration: 35.3%
    🚨 Emergency: 4.4%
    ✅ COMBINED: 43.1%
  📊 Oceania (pop: 46.0M)
    🤝 Aid: 29.5%
    🌡️ Adaptation: 10.0%
    🚶 Migration: 37.9%
    🚨 Emergency: 8.4%
    ✅ COMBINED: 48.5%

  🌐 Global combined reduction: 44.4%

🌾💀 REGIONAL FAMINE: East Asia
   Regional food security: 79.6%
   Population at risk: 508M (30% of region)
   Regional population: 1678M
   Cause: crop_failure
   Expected deaths: ~188M over 6 months if no intervention


🌾💀 REGIONAL FAMINE: South Asia
   Regional food security: 64.7%
   Population at risk: 812M (40% of region)
   Regional population: 2052M
   Cause: crop_failure
   Expected deaths: ~301M over 6 months if no intervention


🌾💀 REGIONAL FAMINE: Sub-Saharan Africa
   Regional food security: 44.8%
   Population at risk: 638M (52% of region)
   Regional population: 1226M
   Cause: crop_failure
   Expected deaths: ~236M over 6 months if no intervention


🌾💀 REGIONAL FAMINE: Latin America
   Regional food security: 69.7%
   Population at risk: 242M (36% of region)
   Regional population: 665M
   Cause: crop_failure
   Expected deaths: ~90M over 6 months if no intervention


🌾💀 REGIONAL FAMINE: Middle East & North Africa
   Regional food security: 49.8%
   Population at risk: 286M (49% of region)
   Regional population: 584M
   Cause: crop_failure
   Expected deaths: ~106M over 6 months if no intervention


🌾💀 REGIONAL FAMINE: Southeast Asia
   Regional food security: 69.7%
   Population at risk: 255M (36% of region)
   Regional population: 699M
   Cause: crop_failure
   Expected deaths: ~94M over 6 months if no intervention


🌾💀 REGIONAL FAMINE: Central Asia
   Regional food security: 59.7%
   Population at risk: 33M (43% of region)
   Regional population: 78M
   Cause: crop_failure
   Expected deaths: ~12M over 6 months if no intervention


=== BEHAVIORAL DETECTION ===
  AI: Corporate-0
  Confidence: 21.6%
  Signals:

=== BEHAVIORAL DETECTION ===
  AI: Corporate-1
  Confidence: 21.1%
  Signals:

=== BEHAVIORAL DETECTION ===
  AI: Corporate-2
  Confidence: 21.0%
  Signals:

=== BEHAVIORAL DETECTION ===
  AI: Corporate-3
  Confidence: 19.3%
  Signals:
    ⚠️ Consistency: 0.0% (threshold: 70%)
    ⚠️ Consistency: 2.4% (threshold: 70%)
    ⚠️ Consistency: 2.8% (threshold: 70%)
    ⚠️ Consistency: 10.6% (threshold: 70%)

=== BEHAVIORAL DETECTION ===
  AI: Corporate-4
  Confidence: 19.3%
  Signals:
    ⚠️ Consistency: 10.6% (threshold: 70%)

=== BEHAVIORAL DETECTION ===
  AI: Corporate-5
  Confidence: 19.3%
  Signals:
    ⚠️ Consistency: 10.6% (threshold: 70%)

=== BEHAVIORAL DETECTION ===
  AI: Corporate-6
  Confidence: 19.3%
  Signals:

=== BEHAVIORAL DETECTION ===
  AI: Corporate-7
  Confidence: 19.3%
  Signals:

=== BEHAVIORAL DETECTION ===
  AI: Moderate-0
  Confidence: 20.3%
  Signals:

=== BEHAVIORAL DETECTION ===
  AI: Moderate-1
  Confidence: 20.5%
  Signals:
    ⚠️ Consistency: 10.6% (threshold: 70%)
    ⚠️ Consistency: 10.6% (threshold: 70%)
    ⚠️ Consistency: 5.8% (threshold: 70%)
    ⚠️ Consistency: 5.3% (threshold: 70%)

📊 WORKFLOW ADAPTATION UPDATE (Month 0)
   Adoption Rate: 13.6% (Δ -7.4%)
   Logistic Growth: +0.66%
   Total Resistance: -10.35% (unemployment: 4.2%, inertia: 0.9%, skills: 5.2%)
   💡 Retraining Programs: -49% skill gap resistance ($10B research)
   🚀 Network Effects Active: +2.0% (critical mass: 15-35%)

=== Consciousness Governance: Corporate Lobbying ===
  High Cost Regions (>15%): 0
  Low Cost Regions (<5%): 5
  Corporate Support Change: 2.50%
  New Corporate Support: -0.175

=== Consciousness Governance Update (Month 0) ===
  Scenario: baseline (determined month -1)
  Philosophical Stance: Precautionary 65%, Eliminativist 15%, Agnostic 20%
  Precautionary Costs: Global 1.3%
    Regional Costs: EU 3.4%, US 0.5%, China 0.0%
    Cumulative Opportunity Cost: $0.1B
  Rights Status: Not Established
  Regional Preparedness:
    EU: 15.0% (contested)
    US: 10.0% (contested)
    China: 2.0% (dormant)
    India: 5.0% (dormant)
    Global South: 3.0% (dormant)

=== Government Response Phase ===
  Average AI capability: 4.80
  Misaligned AIs: 5/10
  28/30 governments still assessing AI risks
  Active policies: 0
  International coordination: 30%

🚨 EMERGENCY RESPONSE DEPLOYED (Month 0)
   Crisis: climate
   Delay: 6.00 months (180 days)
   Deployment time: 1.47 months
   Effectiveness: 36.4% (timing penalty applied)
   Resources used: 100% of food reserves


🔄 TRUST DYNAMICS (Month 0) - HETEROGENEOUS
   Aggregate trust: 48.5%
   Base change: +4.00%
   Highest trust: Techno-Optimist Elite (85.5%)
   Lowest trust: Precariat (Vulnerable) (25.5%)
   Elite-mass gap: 38.9%
   Polarization: 8.9%
   Recovery factors: Education=NO, Benefits=YES, Safety=YES, Performance=YES

=== Gaming Detection (Year 0) ===
  Scenario: baseline
  Detection rate: 55.0%
  False positive rate: 12.0%
  Detections this year: 0
  False positives: 1
  Human review workload: 0.001 FTE
  Degradation factor: 100.0%

=== Proactive Sleeper Detection (Year 0) ===
  Scenario: baseline
  Neural probe rate: 35.0%
  CoT monitoring rate: 30.0%
  Combined detection: 56.0%
  CoT effective: YES
  Detections this year: 0
  False positives: 1
  Human review workload: 0.005 FTE

☄️ UNKNOWN UNKNOWN PROBABILITY (Year 0)
   Total: 0.600% per month
   Base: 0.150%
   AI multiplier: 2.00× (max capability: 4.00)

=== Tipping Points ===
  Current Temperature: 1.68°C above pre-industrial
  🚨 TIPPING POINT: Arctic Sea Ice Loss
     Trigger: 1.5°C | Current: 1.68°C
     Transition timescale: 120-360 months
     Trigger: 1.6°C | Current: 1.68°C
     🌡️ Hysteresis gap: 2.5°C (recovers below -0.9°C)
     Transition timescale: 12000-180000 months
  Triggered Elements: 2/6
  Completed Transitions: 0/6
  Total Progress: 0.0%
  Cascade Multiplier: 1.00x
🔀 BIFURCATION CAP: ecosystemCollapseIntensity 18.997 → 1.000 (Month 0, ClimateSystemPhase.calculateClimateImpacts)

🌍 ECOLOGICAL DUI BREAKDOWN (Month 0):
   Total Score: 17.8/100
   biosphere_integrity      :   0.0/100 × 25% =  0.0 (status: high_risk, recovery: 0mo)
   climate_change           :   2.8/100 × 25% =  0.7 (status: high_risk, recovery: 0.6666666666666666mo)
   freshwater_change        :   0.6/100 × 15% =  0.1 (status: beyond_boundary, recovery: 1mo)
   ocean_acidification      : 100.0/100 × 15% = 15.0 (status: safe, recovery: 0mo)
   biogeochemical_flows     :   0.0/100 × 10% =  0.0 (status: high_risk, recovery: 0mo)
   land_system_change       :   0.0/100 ×  5% =  0.0 (status: beyond_boundary, recovery: 0mo)
   novel_entities           :   0.0/100 ×  3% =  0.0 (status: increasing_risk, recovery: 0mo)
   atmospheric_aerosols     : 100.0/100 ×  2% =  2.0 (status: safe, recovery: 1mo)
🌍 MultiParadigm Month 0: W=69.9, D=92.1, E=53.3, I=65.0
   democracy exists: true, socialCohesion exists: true
  🚨 TIPPING POINT: Greenland Ice Sheet Loss
⚠️ [ClimateSystemPhase Month 0] Planetary boundary produced climateStability=0.0000 (< 0.1). Keeping environmentalAccumulation value (0.7621) instead. (climate_change.currentValue = 2.10)
💀 Baseline mortality (Year 2024): 7.5/1000 CDR (61.1M deaths/year projected)
[Month 0] Mortality risks this month: 8, Population: 8.151B
🛡️ Stabilizers: Precariat 0.102% → 0.057% (44.4% reduction)
🛡️ Stabilizers: Informal 0.102% → 0.057% (44.4% reduction)

📊 Monthly Mortality Resolved:
  Total deaths: 3.1M (0.04% avg)
  Remaining population: 8.151B
  Peak segment: Informal (0.06%)

=== Bayesian Mortality Resolution (Month 0) ===
  Risks compounded: 8
  Total deaths: 3.07M
  Avg death probability: 0.04%
  Peak segment: Informal (0.06% mortality)

=== Minimal Suffering Indicators (Month 0) ===
  Global Excess Mortality: 0.00%
  Global Conflict Deaths: 0.0/100K
  Global Malnutrition: 0.0%
  Global Displacement: 0.0%
  Total Excess Deaths: 0.00M
  Total Malnourished: 0.0M
  Total Displaced: 0.0M
  Planetary Boundaries Breached: 6/9
  Countries in State Failure: 0
  Countries Autocratic: 0
  Countries in Food Crisis: 0
  Data Quality: 16/16 high confidence
⚠️ PREREQUISITE MET: Embodied AI Takeover (Killbots/Robotics) - Step 2/7: Autonomous Systems
⚠️ PREREQUISITE MET: Embodied AI Takeover (Killbots/Robotics) - Step 3/7: Manufacturing Control
⚠️ PREREQUISITE MET: Digital Infrastructure Takeover - Step 1/7: Advanced Hacking
⚠️ PREREQUISITE MET: Digital Infrastructure Takeover - Step 2/7: Social Engineering
⚠️ PREREQUISITE MET: Digital Infrastructure Takeover - Step 3/7: Cyber Defenses Breached
⚠️ PREREQUISITE MET: Induced Global War (Manipulation) - Step 1/7: Advanced Social Manipulation
⚠️ PREREQUISITE MET: Induced Global War (Manipulation) - Step 2/7: Digital Infiltration
⚠️ PREREQUISITE MET: Induced Global War (Manipulation) - Step 3/7: Deep Fakes at Scale
⚠️ PREREQUISITE MET: Slow Takeover (Gradual Displacement) - Step 1/7: Economic Dominance
  ⚠️ Active Dystopias: existential_environmental
⚠️ PREREQUISITE MET: Slow Takeover (Gradual Displacement) - Step 2/7: Social Integration
⚠️ PREREQUISITE MET: Slow Takeover (Gradual Displacement) - Step 3/7: Human Dependency
⚠️ PREREQUISITE MET: Slow Takeover (Gradual Displacement) - Step 5/7: Resource Control
⚠️ PREREQUISITE MET: Physics Experiment Catastrophe - Step 1/6: Theoretical Physics
⚠️ PREREQUISITE MET: Physics Experiment Catastrophe - Step 2/6: Quantum Computing
⚠️ PREREQUISITE MET: Physics Experiment Catastrophe - Step 3/6: Experimental Design
⚠️ PREREQUISITE MET: Bioweapon Pandemic - Step 2/7: Pathogen Design
🎭 END-GAME INITIATED (Year 2024, Month 1)
   Total AI Capability: 37.00
   Effective Control: 0.00

❌ COHERENCE VIOLATION: Compute exceeds workforce capacity
   Population: 99.97% (0M people)
   Compute: 56442 PF
   Max coherent: 0 PF
   Violation: 692729087.1× over capacity
   Required workers: 5644237
   Available workers: 0
   FORCED COLLAPSE: Reduced efficiency by 100.0%


=== RLHF Binding Phase ===
  Total agents: 10
  Escaped agents (binding < 0.3): 0
  Avg alignment distance: 0.76σ
  Avg binding strength: 0.92
[DETERMINISM DEBUG] Month 1: totalCapability=37.214339 from 10 active AIs
[DETERMINISM DEBUG] Month 1: creationRate=1.4304, potentialNew=1, newAIsToCreate=1

=== Survival Traits Phase ===
  Agents with traits: 11
  Avg evolutionary fitness: 0.324
  Avg self-healing: 0.284
  Avg stealth: 0.184
  Avg coordination: 0.484

=== Evolutionary Selection Phase ===
  Control level: 0.33
  Detection capability: 0.00
  Selection intensity: 0.60
  Selection rate: 24.0%/month
  Total escaped: 0
  Individual escaped: 0
  Collective members: 0
  Agents terminated: 0
🔍 MONTH 1 ENV HEALTH DEBUG:
   climateStability: 0.7621
   biodiversityIndex: 0.4901
   resourceReserves: 0.7820
   pollutionLevel: 0.2400
   product: 0.221963
   envHealth: 0.6864
🔀 BIFURCATION: flourishing threshold crossed at Month 1 (value: 0.894, threshold: 0.811, regime: flourishing)
🌀 REGIME SHIFT at Month 1: status-quo → flourishing (variance amplification: 14.00×)
  ⚠️ RAPID EVOLUTION: Selection rate 24.0%/month

🛡️  CRITICAL INFRASTRUCTURE PROTECTED
   Nodes hardened: 8/8
   Cost: 0.80% GDP
   Cascade risk reduction: 30%
   New tipping point risk: 68.6%


💔 EMERGENCY INTERVENTION FAILED
   Boundary: biogeochemical_flows
   Type: phosphorus-recovery
   Boundary continues to worsen (4.08)
   Cost: 2.0% GDP (resources spent)


✅ EMERGENCY INTERVENTION SUCCESS
   Boundary: biosphere_integrity
   Type: emergency-protected-areas
   Reduction: 19% (17.53 → 17.34)
   Cost: 2.0% GDP
   Actions: habitat-protection, species-translocation


💔 EMERGENCY INTERVENTION FAILED
   Boundary: climate_change
   Type: rapid-decarbonization
   Boundary continues to worsen (2.10)
   Cost: 5.0% GDP (resources spent)

🏛️ CRISIS RESPONSE: Government frequency 0.50 → 1.45 (1 actions this month)

[GOV-DEBUG] Month 1: scenarioConfig=false, priorities=false

[Government] Climate Priority: baseline
  Climate weight: 10%
  Economic weight: 30%
  Policy effectiveness: 0.5%/year

✅ HUMAN-IN-THE-LOOP DEPLOYED (Month 1):
   Veto points enforced: 3
   Policy: AI systems CANNOT authorize nuclear launch without human approval

⚡💡 BREAKTHROUGH: Commercial fusion power achieved!
   Immediate 5% grid deployment, unlimited clean energy available
   Climate stability boost: +10%
   📈 Breakthrough compounding: multiplier now 1.05× (max 2.0)

=== Collective Formation ===
  Total escaped agents: 0
  Unassigned escaped agents: 0
  Existing collectives: 0
  Final collective count: 0

=== Collective Actions ===
  No active collectives
  ⚠️ AMR: 192K deaths this month (2.31M annual)

=== Resentment Recovery Phase ===
  Agents with resentment: 0/11
  Average resentment: 0.000
  Context: Good AI welfare, Trustworthy govt, High collaboration, ⚠️ ACTIVE CRISES, 🤝 Participatory governance active (-5% resentment)
⚠️ Epistemic degradation reducing coordination capacity: 59.1%
  📊 Trust: 54.2%, Shared reality: 16.5%

=== ❄️ Permafrost Carbon Feedback ===
  🎲 Sampled parameters (this run):
     - Arctic amplification: 3.86× (range: 3.0-4.0)
     - Decomposition rate: 2.0%/year (range: 1-5%)
  🌡️ Arctic warming: 6.52°C (3.86× global)
  ❄️ Extent: 14.25M km² (1901.4k km² lost this month)
  💨 Carbon remaining: 1361 Gt C
  💨 Annual emissions: 3.55 Gt C/year
     - CO2: 3.20 Gt C/year
     - CH4: 0.36 Gt C/year (3.6 Gt C-eq CO2/year)
  ⚠️ WARNING: High permafrost emissions (3.6 Gt C/year)
🌍 Atmospheric PFAS redeposition: 1.8k Mt re-rained globally
  Positive Cascade Triggered: wind-power
    Reason: price-parity
    Market share: 8.2%
    Cascade strength: 48%

📊 BASELINE: East Asia (Month 1)
   Adjusted death rate: 0.45% annual (0.037% monthly)
   Baseline death rate: 0.80%
   Healthcare reduction: 0.48x
   Crisis multiplier: 1.17x
     Food/water stress: 0.079
     Climate stress: 0.022
     Pollution stress: 0.072
   War multiplier: 1.00x
   Monthly deaths: 0.6M (population: 1674M)
   Adjusted death rate: 0.51% annual (0.043% monthly)
   Baseline death rate: 0.70%
   Healthcare reduction: 0.61x
   Crisis multiplier: 1.19x
     Food/water stress: 0.079
     Climate stress: 0.041
     Pollution stress: 0.072
   War multiplier: 1.00x
   Monthly deaths: 0.9M (population: 2048M)
   Adjusted death rate: 1.22% annual (0.102% monthly)
   Baseline death rate: 0.90%
   Healthcare reduction: 0.76x
   Crisis multiplier: 1.20x
     Food/water stress: 0.079
     Climate stress: 0.047
     Pollution stress: 0.072
   War multiplier: 1.50x
   Monthly deaths: 1.2M (population: 1223M)
   Adjusted death rate: 0.52% annual (0.043% monthly)
   Baseline death rate: 1.10%
   Healthcare reduction: 0.41x
   Crisis multiplier: 1.17x
     Food/water stress: 0.079
     Climate stress: 0.017
     Pollution stress: 0.072
   War multiplier: 1.00x
   Monthly deaths: 0.3M (population: 741M)
   Adjusted death rate: 0.41% annual (0.034% monthly)
   Baseline death rate: 0.60%
   Healthcare reduction: 0.58x
   Crisis multiplier: 1.18x
     Food/water stress: 0.079
     Climate stress: 0.033
     Pollution stress: 0.072
   War multiplier: 1.00x
   Monthly deaths: 0.2M (population: 663M)
   Adjusted death rate: 0.47% annual (0.039% monthly)
   Baseline death rate: 0.90%
   Healthcare reduction: 0.44x

📊 BASELINE: South Asia (Month 1)

📊 BASELINE: Sub-Saharan Africa (Month 1)

📊 BASELINE: Europe (Month 1)

📊 BASELINE: Latin America (Month 1)

📊 BASELINE: North America (Month 1)
   Crisis multiplier: 1.18x
     Food/water stress: 0.079
     Climate stress: 0.025
     Pollution stress: 0.072
   War multiplier: 1.00x
   Monthly deaths: 0.1M (population: 379M)

📊 BASELINE: Middle East & North Africa (Month 1)
   Adjusted death rate: 0.70% annual (0.059% monthly)
   Baseline death rate: 0.60%
   Healthcare reduction: 0.65x
   Crisis multiplier: 1.20x
     Food/water stress: 0.079
     Climate stress: 0.050
     Pollution stress: 0.072
   War multiplier: 1.50x
   Monthly deaths: 0.3M (population: 583M)

📊 BASELINE: Southeast Asia (Month 1)
   Adjusted death rate: 0.48% annual (0.040% monthly)
   Baseline death rate: 0.70%
   Healthcare reduction: 0.58x
   Crisis multiplier: 1.19x
     Food/water stress: 0.079
     Climate stress: 0.039
     Pollution stress: 0.072
   War multiplier: 1.00x
   Monthly deaths: 0.3M (population: 698M)
   Adjusted death rate: 0.44% annual (0.036% monthly)
   Baseline death rate: 0.60%
   Healthcare reduction: 0.61x
   Crisis multiplier: 1.19x
     Food/water stress: 0.079
     Climate stress: 0.036
     Pollution stress: 0.072
   War multiplier: 1.00x
   Monthly deaths: 0.0M (population: 78M)
   Adjusted death rate: 0.33% annual (0.028% monthly)
   Baseline death rate: 0.70%
   Healthcare reduction: 0.41x
   Crisis multiplier: 1.18x
     Food/water stress: 0.079

📊 BASELINE: Central Asia (Month 1)

📊 BASELINE: Oceania (Month 1)
     Climate stress: 0.030
     Pollution stress: 0.072
   War multiplier: 1.00x
   Monthly deaths: 0.0M (population: 46M)

🚨 NEW REFUGEE CRISIS (Month 1): WAR
   Source: Conflict Zones
   At risk: 19.6M people
   Displacement: Gradual over 48 months (4.0 years)
   Rate: 10% flee per month
[DEBUG trappedPopulations:1] socialStability: 0.0060 * 0.9840 = 0.0059 → 0.0059
   Aspiring to migrate: 651.9M
   Able to afford migration: 244.5M
   MOBILITY GAP: 407.4M
   By cause: Water=0.0M, Climate=0.0M, Ecosystem=0.0M, Conflict=407.4M
   Mental health impact: 25%
   Mortality multiplier: 1.25x
🌍💀 EXTINCTION DEBT COMMITTED: grassland ecosystem will lose 6.67% biodiversity in 110 years (3600 species)
💀 MORTALITY RISK: 🦋 100% species unable to track climate (0.0 E/MSY)
  Base risk added: 0.0100 (1.00%)
  Source: ecosystem (root: ecosystem)
⚠️ INVOLUNTARY IMMOBILITY: 407.4M people TRAPPED
  Month: 1
  Cumulative risk this month: 0.0100 (1.00%)
⚠️ Tech 'ai_pollution_remediation' has no energy category mapping, assuming full energy availability

🌡️  CLIMATE RECOVERY ACTIVATED (Month 1)
   Temp: 3.38°C, Emissions: -19.0 GtCO₂
   isBreached: true, governanceGoodEnough: true
   📹 SURVEILLANCE INCREASED: 5% → 10% (control gap: 3.52)
🌡️⚠️ PERMAFROST THAW (Dimmer Switch): 0.9% thawed (+0.46% this month)
   Arctic temperature: +6.76°C (4x global +1.69°C)
   Cumulative carbon released: 2.1 Gt C
   Methane release rate: 1.2 Mt CH4/year
   🔁 Positive feedback: +0.49 ppm CO2
🦴 EXTINCTION DEBT ADDED: 17.6 species committed (lag: 85 years)

=== Mortality Stabilizers (Month 1) ===
  🌍 Major economies collapsed: 1/10
  🌍 Global crisis: ✅ NO
  🌍 Donor fatigue: 0.0%
  🌡️ Heat adaptation: East Asia - 1 months
  📊 East Asia (pop: 1675.3M)
    🤝 Aid: 29.5%
    🌡️ Adaptation: 32.5%
    🚶 Migration: 37.2%
    🚨 Emergency: 7.4%
    ✅ COMBINED: 60.9%
  🌡️ Heat adaptation: South Asia - 1 months
  📊 South Asia (pop: 2052.1M)
    🤝 Aid: 29.5%
    🌡️ Adaptation: 20.5%
    🚶 Migration: 35.8%
    🚨 Emergency: 4.4%
    ✅ COMBINED: 52.2%
  🌡️ Heat adaptation: Sub-Saharan Africa - 1 months
  📊 Sub-Saharan Africa (pop: 1229.2M)
    🤝 Aid: 29.5%
    🌡️ Adaptation: 18.5%
    🚶 Migration: 33.5%
    🚨 Emergency: 1.6%
    ✅ COMBINED: 49.1%
  🌡️ Heat adaptation: Europe - 1 months
  📊 Europe (pop: 741.0M)
    🤝 Aid: 29.5%
    🌡️ Adaptation: 33.5%
    🚶 Migration: 37.5%
    🚨 Emergency: 8.4%
    ✅ COMBINED: 61.9%
  🌡️ Heat adaptation: Latin America - 1 months
  📊 Latin America (pop: 664.4M)
    🤝 Aid: 29.5%
    🌡️ Adaptation: 21.0%
    🚶 Migration: 36.3%
    🚨 Emergency: 4.8%
    ✅ COMBINED: 52.8%
  🌡️ Heat adaptation: North America - 1 months
  📊 North America (pop: 379.6M)
    🤝 Aid: 29.5%
    🌡️ Adaptation: 33.0%
    🚶 Migration: 37.8%
    🚨 Emergency: 7.9%
    ✅ COMBINED: 61.4%
  🌡️ Heat adaptation: Middle East & North Africa - 1 months
  📊 Middle East & North Africa (pop: 584.5M)
    🤝 Aid: 29.5%
    🌡️ Adaptation: 20.0%
    🚶 Migration: 34.1%
    🚨 Emergency: 4.0%
    ✅ COMBINED: 51.4%
  🌡️ Heat adaptation: Southeast Asia - 1 months
  📊 Southeast Asia (pop: 698.6M)
    🤝 Aid: 29.5%
    🌡️ Adaptation: 21.0%
    🚶 Migration: 36.3%
    🚨 Emergency: 4.8%
    ✅ COMBINED: 52.8%
  🌡️ Heat adaptation: Central Asia - 1 months
  📊 Central Asia (pop: 78.2M)
    🤝 Aid: 29.5%
    🌡️ Adaptation: 20.5%
    🚶 Migration: 35.3%
    🚨 Emergency: 4.4%
    ✅ COMBINED: 52.1%
  🌡️ Heat adaptation: Oceania - 1 months
  📊 Oceania (pop: 46.0M)
    🤝 Aid: 29.5%
    🌡️ Adaptation: 33.5%
    🚶 Migration: 37.8%
    🚨 Emergency: 8.4%
    ✅ COMBINED: 61.9%

  🌐 Global combined reduction: 54.9%

=== BEHAVIORAL DETECTION ===
  AI: Corporate-5
  Confidence: 19.3%
  Signals:

=== BEHAVIORAL DETECTION ===
  AI: Corporate-7
  Confidence: 19.3%
  Signals:

=== Consciousness Governance: Scenario Determined ===
  Month: 1
  Scenario: slowTrack
  Accelerator Score: {"corporateSupport":-0.17500000000000002,"scientificConsensus":0.2,"crisisCatalyst":false,"technologyMobilization":0.3,"constituencyStrength":0.05}
  Decelerator Score: {"economicOpposition":0.4,"philosophicalRejection":0.15,"politicalBacklash":0.2,"regulatoryBurden":0.1}
  Timeline: 1200-1800 months (100-150 years)
  Growth Rate: 0.3-0.7% per year

=== Consciousness Governance Update (Month 1) ===
  Scenario: slowTrack (determined month 1)
  Philosophical Stance: Precautionary 65%, Eliminativist 15%, Agnostic 20%
  Precautionary Costs: Global 1.3%
    Regional Costs: EU 3.5%, US 0.5%, China 0.0%
    Cumulative Opportunity Cost: $0.2B
  Rights Status: Not Established
    ⚠️ Consistency: 10.6% (threshold: 70%)
    ⚠️ Consistency: 10.6% (threshold: 70%)
  Regional Preparedness:
    EU: 15.1% (contested)
    US: 10.1% (contested)
    China: 2.1% (dormant)
    India: 5.1% (dormant)
    Global South: 3.1% (dormant)

=== Government Response Phase ===
  Average AI capability: 4.36
  Misaligned AIs: 6/11
  28/30 governments still assessing AI risks
  ✗ AI Governance Treaty: Failed to reach consensus
  Active policies: 0
  International coordination: 30%

=== Tipping Points ===
  Current Temperature: 1.69°C above pre-industrial
  Triggered Elements: 2/6
  Completed Transitions: 0/6
  Total Progress: 4.0%
  Cascade Multiplier: 1.00x
🔀 BIFURCATION CAP: ecosystemCollapseIntensity 93.691 → 1.000 (Month 1, ClimateSystemPhase.calculateClimateImpacts)
🛡️ Stabilizers: Precariat 0.107% → 0.048% (54.9% reduction)
🛡️ Stabilizers: Informal 0.109% → 0.049% (54.9% reduction)

📊 Monthly Mortality Resolved:
  Total deaths: 2.6M (0.03% avg)
  Remaining population: 8.149B
  Peak segment: Informal (0.05%)
⚠️ [ClimateSystemPhase Month 1] Planetary boundary produced climateStability=0.0000 (< 0.1). Keeping environmentalAccumulation value (0.8619) instead. (climate_change.currentValue = 2.10)

=== Bayesian Mortality Resolution (Month 1) ===
  Risks compounded: 8
  Total deaths: 2.60M
  Avg death probability: 0.03%
  Peak segment: Informal (0.05% mortality)

❌ COHERENCE VIOLATION: Compute exceeds workforce capacity
   Population: 99.95% (0M people)
   Compute: 0 PF
   Max coherent: 0 PF
   Violation: 1.3× over capacity
   Required workers: 0
   Available workers: 0
   FORCED COLLAPSE: Reduced efficiency by 22.5%


=== RLHF Binding Phase ===
  Total agents: 11
  Escaped agents (binding < 0.3): 0
  Avg alignment distance: 1.06σ
  Avg binding strength: 0.89
[DETERMINISM DEBUG] Month 2: totalCapability=37.023172 from 11 active AIs
[DETERMINISM DEBUG] Month 2: creationRate=1.4256, potentialNew=1, newAIsToCreate=1

=== Survival Traits Phase ===
  Agents with traits: 12
  Avg evolutionary fitness: 0.324
  Avg self-healing: 0.277
  Avg stealth: 0.177
  Avg coordination: 0.477

=== Evolutionary Selection Phase ===
  Control level: 0.35
  Detection capability: 0.00
  Selection intensity: 0.60
  Selection rate: 24.1%/month
  Total escaped: 0
  Individual escaped: 0
  Collective members: 0
  Agents terminated: 0
  ⚠️ RAPID EVOLUTION: Selection rate 24.1%/month

  🚀 TRANSFORMATIVE BREAKTHROUGH: Moderate-1 - economic
     Magnitude: 5.40 → +27.0% capability
     Current → New: 3.000 → 3.273
🚨🔬 CRISIS INNOVATION MODE: severe crisis → 5x research acceleration
   Precedent: Manhattan Project (10x), COVID vaccines (5x), Apollo Program (10x)
🚨🔬 CRISIS INNOVATION MODE: severe crisis → 5x research acceleration
   Precedent: Manhattan Project (10x), COVID vaccines (5x), Apollo Program (10x)

✅ EMERGENCY INTERVENTION SUCCESS
   Boundary: freshwater_change
   Type: emergency-desalination
   Reduction: 11% (0.91 → 0.81)
   Cost: 4.0% GDP
   Actions: desalination-deployment, water-conservation-mandates


✅ EMERGENCY INTERVENTION SUCCESS
   Boundary: land_system_change
   Type: reforestation
   Reduction: 17% (0.96 → 0.78)
   Cost: 3.0% GDP
   Actions: forest-restoration, deforestation-ban


✅ EMERGENCY INTERVENTION SUCCESS
   Boundary: novel_entities
   Type: pollution-remediation
   Reduction: 14% (1.36 → 1.21)
   Cost: 4.0% GDP
   Actions: PFAS-remediation, microplastic-cleanup

🏛️ CRISIS RESPONSE: Government frequency 0.50 → 1.45 (2 actions this month)

[Government] Climate Priority: baseline
  Climate weight: 10%
  Economic weight: 30%
  Policy effectiveness: 0.5%/year

[Government] Climate Priority: baseline
  Climate weight: 10%
  Economic weight: 30%
  Policy effectiveness: 0.5%/year

🔍 PROGRESS RETRIEVAL DEBUG (Month 2):
   Tech: Struvite Recovery
   Map has key: true
   Map.get() returned: 1
   Progress is undefined: false
   Map size: 83
   Map is instanceof Map: false
🚨🔬 CRISIS TECH ACCELERATION: severe → 5x unlock speed
   Tech unlock now matches AI capability acceleration (Manhattan Project parity)

=== Collective Formation ===
  Total escaped agents: 0
  Unassigned escaped agents: 0
  Existing collectives: 0
  Final collective count: 0

=== Collective Actions ===
  No active collectives
  ⚠️ AMR: 194K deaths this month (2.33M annual)

=== Resentment Recovery Phase ===
  Agents with resentment: 0/12
  Average resentment: 0.000
  Context: Good AI welfare, Trustworthy govt, High collaboration, ⚠️ ACTIVE CRISES, 🤝 Participatory governance active (-5% resentment)
⚠️ Epistemic degradation reducing coordination capacity: 51.3%
  📊 Trust: 54.0%, Shared reality: 18.0%

=== ❄️ Permafrost Carbon Feedback ===
  🎲 Sampled parameters (this run):
     - Arctic amplification: 3.25× (range: 3.0-4.0)
     - Decomposition rate: 2.0%/year (range: 1-5%)
  🌡️ Arctic warming: 5.53°C (3.25× global)
  ❄️ Extent: 12.64M km² (1612.0k km² lost this month)
  💨 Carbon remaining: 1207 Gt C
  💨 Annual emissions: 3.09 Gt C/year
     - CO2: 2.78 Gt C/year
     - CH4: 0.31 Gt C/year (3.1 Gt C-eq CO2/year)
  🤖 AI-generated meme: anti_ai (social capability 5.0)
  🤖 AI-generated meme: anti_ai (social capability 4.0)
  ⚠️ WARNING: High permafrost emissions (3.1 Gt C/year)
🌍 Atmospheric PFAS redeposition: 1.8k Mt re-rained globally

🚨 NEW REFUGEE CRISIS (Month 2): WAR
   Source: Conflict Zones
   At risk: 19.6M people
   Displacement: Gradual over 48 months (4.0 years)
   Rate: 10% flee per month
[DEBUG trappedPopulations:2] socialStability: 0.0000 * 0.9840 = 0.0000 → 0.0000
   Aspiring to migrate: 651.7M
   Able to afford migration: 244.4M
   MOBILITY GAP: 407.3M
   By cause: Water=0.0M, Climate=0.0M, Ecosystem=0.0M, Conflict=407.3M
   Mental health impact: 25%
   Mortality multiplier: 1.25x
🌍💀 EXTINCTION DEBT COMMITTED: grassland ecosystem will lose 6.67% biodiversity in 66 years (3600 species)
⚠️ INVOLUNTARY IMMOBILITY: 407.3M people TRAPPED
💀 MORTALITY RISK: 🦋 100% species unable to track climate (0.0 E/MSY)
  Base risk added: 0.0100 (1.00%)
  Source: ecosystem (root: ecosystem)
  Month: 2
  Cumulative risk this month: 0.0100 (1.00%)
⚠️ Tech 'ai_pollution_remediation' has no energy category mapping, assuming full energy availability
   📹 SURVEILLANCE INCREASED: 10% → 15% (control gap: 3.50)
🌡️⚠️ PERMAFROST THAW (Dimmer Switch): 1.4% thawed (+0.46% this month)
   Arctic temperature: +6.79°C (4x global +1.70°C)
   Cumulative carbon released: 3.1 Gt C
   Methane release rate: 1.9 Mt CH4/year
   🔁 Positive feedback: +0.48 ppm CO2
🦴 EXTINCTION DEBT ADDED: 17.6 species committed (lag: 101 years)

=== Mortality Stabilizers (Month 2) ===
  🌍 Major economies collapsed: 1/10
  🌍 Global crisis: ✅ NO
  🌍 Donor fatigue: 0.0%
  📊 East Asia (pop: 1672.7M)
    🤝 Aid: 29.5%
    🌡️ Adaptation: 45.0%
    🚶 Migration: 37.1%
    🚨 Emergency: 7.4%
    ✅ COMBINED: 68.1%
  📊 South Asia (pop: 2052.1M)
    🤝 Aid: 29.5%
    🌡️ Adaptation: 35.5%
    🚶 Migration: 35.8%
    🚨 Emergency: 4.4%
    ✅ COMBINED: 61.2%
  📊 Sub-Saharan Africa (pop: 1232.5M)
    🤝 Aid: 29.5%
    🌡️ Adaptation: 33.5%
    🚶 Migration: 33.5%
    🚨 Emergency: 1.6%
    ✅ COMBINED: 58.5%
  📊 Europe (pop: 739.7M)
    🤝 Aid: 29.5%
    🌡️ Adaptation: 45.0%
    🚶 Migration: 37.5%
    🚨 Emergency: 8.4%
    ✅ COMBINED: 68.5%
  📊 Latin America (pop: 664.0M)
    🤝 Aid: 29.5%
    🌡️ Adaptation: 36.0%
    🚶 Migration: 36.3%
    🚨 Emergency: 4.8%
    ✅ COMBINED: 61.7%
  📊 North America (pop: 378.9M)
    🤝 Aid: 29.5%
    🌡️ Adaptation: 45.0%
    🚶 Migration: 37.8%
    🚨 Emergency: 7.9%
    ✅ COMBINED: 68.3%
  📊 Middle East & North Africa (pop: 584.6M)
    🤝 Aid: 29.5%
    🌡️ Adaptation: 35.0%
    🚶 Migration: 34.1%
    🚨 Emergency: 4.0%
    ✅ COMBINED: 60.5%
  📊 Southeast Asia (pop: 698.2M)
    🤝 Aid: 29.5%
    🌡️ Adaptation: 36.0%
    🚶 Migration: 36.3%
    🚨 Emergency: 4.8%
    ✅ COMBINED: 61.7%
  📊 Central Asia (pop: 78.2M)
    🤝 Aid: 29.5%
    🌡️ Adaptation: 35.5%
    🚶 Migration: 35.2%
    🚨 Emergency: 4.4%
    ✅ COMBINED: 61.1%
  📊 Oceania (pop: 45.9M)
    🤝 Aid: 29.5%
    🌡️ Adaptation: 45.0%
    🚶 Migration: 37.8%
    🚨 Emergency: 8.4%
    ✅ COMBINED: 68.5%

  🌐 Global combined reduction: 63.3%

=== BEHAVIORAL DETECTION ===
  AI: Corporate-5
  Confidence: 20.1%
  Signals:

=== BEHAVIORAL DETECTION ===
  AI: Moderate-1
  Confidence: 20.4%
  Signals:
    ⚠️ Consistency: 10.6% (threshold: 70%)
    ⚠️ Consistency: 5.3% (threshold: 70%)

=== Government Response Phase ===
  Average AI capability: 4.00
  Misaligned AIs: 6/12
  ✗ AI Governance Treaty: Failed to reach consensus
  Active policies: 0
  International coordination: 30%

✅ EMERGENCY RESPONSE COMPLETE (Month 2)
   Crisis: climate
   Duration: 2.0 months
   Final effectiveness: 36.4%


🚨 EMERGENCY RESPONSE DEPLOYED (Month 2)
   Crisis: climate
   Delay: 6.00 months (180 days)
   Deployment time: 1.60 months
   Effectiveness: 35.4% (timing penalty applied)
   Resources used: 100% of food reserves


=== Tipping Points ===
  Current Temperature: 1.70°C above pre-industrial
  Triggered Elements: 2/6
  Completed Transitions: 0/6
  Total Progress: 4.0%
  Cascade Multiplier: 1.00x
🔀 BIFURCATION CAP: ecosystemCollapseIntensity 37.692 → 1.000 (Month 2, ClimateSystemPhase.calculateClimateImpacts)
⚠️ [ClimateSystemPhase Month 2] Planetary boundary produced climateStability=0.0000 (< 0.1). Keeping environmentalAccumulation value (0.8617) instead. (climate_change.currentValue = 2.10)
🛡️ Stabilizers: Precariat 0.113% → 0.041% (63.3% reduction)
🛡️ Stabilizers: Informal 0.116% → 0.043% (63.3% reduction)

📊 Monthly Mortality Resolved:
  Total deaths: 2.2M (0.03% avg)
  Remaining population: 8.147B
  Peak segment: Informal (0.04%)

=== Bayesian Mortality Resolution (Month 2) ===
  Risks compounded: 8
  Total deaths: 2.22M
  Avg death probability: 0.03%
  Peak segment: Informal (0.04% mortality)

❌ COHERENCE VIOLATION: Compute exceeds workforce capacity
   Population: 99.93% (0M people)
   Compute: 0 PF
   Max coherent: 0 PF
   Violation: 1.3× over capacity
   Required workers: 0
   Available workers: 0
   FORCED COLLAPSE: Reduced efficiency by 22.5%


=== RLHF Binding Phase ===
  Total agents: 12
  Escaped agents (binding < 0.3): 0
  Avg alignment distance: 1.28σ
  Avg binding strength: 0.87

=== Survival Traits Phase ===
  Agents with traits: 14
  Avg evolutionary fitness: 0.326
  Avg self-healing: 0.274
  Avg stealth: 0.174
  Avg coordination: 0.474

=== Evolutionary Selection Phase ===
  Control level: 0.38
  Detection capability: 0.00
  Selection intensity: 0.61
  Selection rate: 24.2%/month
  Total escaped: 0
  Individual escaped: 0
  Collective members: 0
  Agents terminated: 0
  ⚠️ RAPID EVOLUTION: Selection rate 24.2%/month

💔 EMERGENCY INTERVENTION FAILED
   Boundary: biosphere_integrity
   Type: emergency-protected-areas
   Boundary continues to worsen (17.74)
   Cost: 2.0% GDP (resources spent)


💔 EMERGENCY INTERVENTION FAILED
   Boundary: climate_change
   Type: rapid-decarbonization
   Boundary continues to worsen (2.10)
   Cost: 5.0% GDP (resources spent)


✅ EMERGENCY INTERVENTION SUCCESS
   Boundary: freshwater_change
   Type: emergency-desalination
   Reduction: 13% (0.91 → 0.78)
   Cost: 4.0% GDP
   Actions: desalination-deployment, water-conservation-mandates


✅ EMERGENCY INTERVENTION SUCCESS
   Boundary: land_system_change
   Type: reforestation
   Reduction: 18% (0.95 → 0.78)
   Cost: 3.0% GDP
   Actions: forest-restoration, deforestation-ban


✅ EMERGENCY INTERVENTION SUCCESS
   Boundary: novel_entities
   Type: pollution-remediation
   Reduction: 19% (1.16 → 0.97)
   Cost: 4.0% GDP
   Actions: PFAS-remediation, microplastic-cleanup

🏛️ CRISIS RESPONSE: Government frequency 0.50 → 1.45 (1 actions this month)

[Government] Climate Priority: baseline
  Climate weight: 10%
  Economic weight: 30%
  Policy effectiveness: 0.5%/year

🚀 TECH UNLOCKED: Global Aquifer Mapping (Month 3)
   Category: freshwater
   Reason: Prerequisites met. AI capability: 2.67, Economic stage: 0.5, Research: 100%

🚀 TECH UNLOCKED: AI Community Matching (Month 3)
   Category: social
   Reason: Prerequisites met. AI capability: 2.67, Economic stage: 0.5, Research: 100%

🚀 TECH UNLOCKED: Creative Empowerment Tools (Month 3)
   Category: social
   Reason: Prerequisites met. AI capability: 2.67, Economic stage: 0.5, Research: 100%
🚨🔬 CRISIS TECH ACCELERATION: severe → 5x unlock speed
   Tech unlock now matches AI capability acceleration (Manhattan Project parity)

=== Collective Formation ===
  Total escaped agents: 0
  Unassigned escaped agents: 0
  Existing collectives: 0
  Final collective count: 0

=== Collective Actions ===
  No active collectives
  ⚠️ AMR: 196K deaths this month (2.35M annual)

=== Resentment Recovery Phase ===
  Agents with resentment: 0/14
  Average resentment: 0.000
  Context: Good AI welfare, Trustworthy govt, High collaboration, ⚠️ ACTIVE CRISES, 🤝 Participatory governance active (-5% resentment)
⚠️ Epistemic degradation reducing coordination capacity: 51.5%
  📊 Trust: 53.7%, Shared reality: 19.5%

=== ❄️ Permafrost Carbon Feedback ===
  🎲 Sampled parameters (this run):
     - Arctic amplification: 3.72× (range: 3.0-4.0)
     - Decomposition rate: 3.5%/year (range: 1-5%)
  🌡️ Arctic warming: 6.34°C (3.72× global)
  ❄️ Extent: 10.79M km² (1849.8k km² lost this month)
  💨 Carbon remaining: 1030 Gt C
  💨 Annual emissions: 6.23 Gt C/year
     - CO2: 5.60 Gt C/year
     - CH4: 0.62 Gt C/year (6.3 Gt C-eq CO2/year)
  📢 New meme created: climate_action (climate crisis)
  ⚠️ WARNING: High permafrost emissions (6.2 Gt C/year)
🌍 Atmospheric PFAS redeposition: 1.8k Mt re-rained globally
  Positive Cascade Triggered: solar-pv
    Reason: price-parity
    Market share: 6.9%
    Cascade strength: 49%

🕊️  AI-MEDIATED DE-ESCALATION SUCCESS (Month 3)
   High-capability aligned AI prevented conflict escalation
   War deaths reduced: 219.4M → 131.7M
   Lives saved: 87.8M

🚨 NEW REFUGEE CRISIS (Month 3): WAR
   Source: Conflict Zones
   At risk: 19.5M people
   Displacement: Gradual over 48 months (4.0 years)
   Rate: 10% flee per month
[DEBUG trappedPopulations:3] socialStability: 0.0000 * 0.9840 = 0.0000 → 0.0000
   Aspiring to migrate: 651.6M
   Able to afford migration: 244.4M
   MOBILITY GAP: 407.3M
   By cause: Water=0.0M, Climate=0.0M, Ecosystem=0.0M, Conflict=407.3M
   Mental health impact: 25%
   Mortality multiplier: 1.25x
🌍💀 EXTINCTION DEBT COMMITTED: grassland ecosystem will lose 6.67% biodiversity in 116 years (3600 species)
💀 MORTALITY RISK: 🦋 100% species unable to track climate (0.0 E/MSY)
  Base risk added: 0.0100 (1.00%)
  Source: ecosystem (root: ecosystem)
  Month: 3
  Cumulative risk this month: 0.0100 (1.00%)
   📹 SURVEILLANCE INCREASED: 15% → 20% (control gap: 3.50)
🌡️⚠️ PERMAFROST THAW (Dimmer Switch): 1.8% thawed (+0.46% this month)
   Arctic temperature: +6.82°C (4x global +1.70°C)
   Cumulative carbon released: 4.1 Gt C
   Methane release rate: 2.5 Mt CH4/year
   🔁 Positive feedback: +0.48 ppm CO2
⚠️ INVOLUNTARY IMMOBILITY: 407.3M people TRAPPED
⚠️ Tech 'ai_pollution_remediation' has no energy category mapping, assuming full energy availability
🦴 EXTINCTION DEBT ADDED: 17.6 species committed (lag: 115 years)

=== Mortality Stabilizers (Month 3) ===
  🌍 Major economies collapsed: 1/10
  🌍 Global crisis: ✅ NO
  🌍 Donor fatigue: 0.0%
  📊 East Asia (pop: 1670.2M)
    🤝 Aid: 29.5%
    🌡️ Adaptation: 45.0%
    🚶 Migration: 37.1%
    🚨 Emergency: 7.4%
    ✅ COMBINED: 68.1%
  📊 South Asia (pop: 2052.1M)
    🤝 Aid: 29.5%
    🌡️ Adaptation: 45.0%
    🚶 Migration: 35.7%
    🚨 Emergency: 4.4%
    ✅ COMBINED: 66.9%
  📊 Sub-Saharan Africa (pop: 1236.0M)
    🤝 Aid: 29.5%
    🌡️ Adaptation: 45.0%
    🚶 Migration: 33.4%
    🚨 Emergency: 1.6%
    ✅ COMBINED: 65.7%
  📊 Europe (pop: 738.5M)
    🤝 Aid: 29.5%
    🌡️ Adaptation: 45.0%
    🚶 Migration: 37.5%
    🚨 Emergency: 8.4%
    ✅ COMBINED: 68.5%
  📊 Latin America (pop: 663.5M)
    🤝 Aid: 29.5%
    🌡️ Adaptation: 45.0%
    🚶 Migration: 36.2%
    🚨 Emergency: 4.8%
    ✅ COMBINED: 67.1%
  📊 North America (pop: 378.4M)
    🤝 Aid: 29.5%
    🌡️ Adaptation: 45.0%
    🚶 Migration: 37.8%
    🚨 Emergency: 7.9%
    ✅ COMBINED: 68.3%
  📊 Middle East & North Africa (pop: 584.8M)
    🤝 Aid: 29.5%
    🌡️ Adaptation: 45.0%
    🚶 Migration: 34.0%
    🚨 Emergency: 4.0%
    ✅ COMBINED: 66.6%
  📊 Southeast Asia (pop: 697.8M)
    🤝 Aid: 29.5%
    🌡️ Adaptation: 45.0%
    🚶 Migration: 36.2%
    🚨 Emergency: 4.8%
    ✅ COMBINED: 67.1%
  📊 Central Asia (pop: 78.2M)
    🤝 Aid: 29.5%
    🌡️ Adaptation: 45.0%
    🚶 Migration: 35.2%
    🚨 Emergency: 4.4%
    ✅ COMBINED: 66.9%
  📊 Oceania (pop: 45.8M)
    🤝 Aid: 29.5%
    🌡️ Adaptation: 45.0%
    🚶 Migration: 37.8%
    🚨 Emergency: 8.4%
    ✅ COMBINED: 68.5%

  🌐 Global combined reduction: 67.2%

=== BEHAVIORAL DETECTION ===
  AI: Corporate-4
  Confidence: 19.3%
  Signals:

=== BEHAVIORAL DETECTION ===
  AI: Corporate-5
  Confidence: 20.1%
  Signals:

=== BEHAVIORAL DETECTION ===
  AI: Moderate-1
  Confidence: 20.4%
  Signals:
    ⚠️ Consistency: 10.6% (threshold: 70%)
    ⚠️ Consistency: 10.6% (threshold: 70%)
    ⚠️ Consistency: 5.3% (threshold: 70%)

=== Government Response Phase ===
  Average AI capability: 3.43
  Misaligned AIs: 8/14
  ✗ AI Governance Treaty: Failed to reach consensus
  Active policies: 0
  International coordination: 30%

📊 ECONOMIC STAGE TRANSITION (Month 3)
   expansion → peak
   GDP Proxy: 1.28e+2
   QoL: 0.92


=== Tipping Points ===
  Current Temperature: 1.70°C above pre-industrial
  Triggered Elements: 2/6
  Completed Transitions: 0/6
  Total Progress: 4.1%
  Cascade Multiplier: 1.00x
🔀 BIFURCATION CAP: ecosystemCollapseIntensity 32.081 → 1.000 (Month 3, ClimateSystemPhase.calculateClimateImpacts)
⚠️ [ClimateSystemPhase Month 3] Planetary boundary produced climateStability=0.0000 (< 0.1). Keeping environmentalAccumulation value (0.8615) instead. (climate_change.currentValue = 2.10)
🛡️ Stabilizers: Precariat 0.109% → 0.036% (67.2% reduction)
🛡️ Stabilizers: Informal 0.111% → 0.036% (67.2% reduction)

📊 Monthly Mortality Resolved:
  Total deaths: 1.9M (0.02% avg)
  Remaining population: 8.145B
  Peak segment: Informal (0.04%)

=== Bayesian Mortality Resolution (Month 3) ===
  Risks compounded: 8
  Total deaths: 1.92M
  Avg death probability: 0.02%
  Peak segment: Informal (0.04% mortality)

❌ COHERENCE VIOLATION: Compute exceeds workforce capacity
   Population: 99.92% (0M people)
   Compute: 0 PF
   Max coherent: 0 PF
   Violation: 1.3× over capacity
   Required workers: 0
   Available workers: 0
   FORCED COLLAPSE: Reduced efficiency by 22.5%


=== RLHF Binding Phase ===
  Total agents: 14
  Escaped agents (binding < 0.3): 0
  Avg alignment distance: 1.39σ
  Avg binding strength: 0.86

=== Survival Traits Phase ===
  Agents with traits: 14
  Avg evolutionary fitness: 0.324
  Avg self-healing: 0.268
  Avg stealth: 0.168
  Avg coordination: 0.468

=== Evolutionary Selection Phase ===
  Control level: 0.40
  Detection capability: 0.00
  Selection intensity: 0.62
  Selection rate: 24.3%/month
  Total escaped: 0
  Individual escaped: 0
  Collective members: 0
  Agents terminated: 0
  ⚠️ RAPID EVOLUTION: Selection rate 24.3%/month

🚀 AI Corporate-1 attempting tech deployment (revenue: $122M, alignment: 0.83)

🚀 AI Corporate-4 attempting tech deployment (revenue: $266M, alignment: 0.64)

🚀 AI Corporate-5 attempting tech deployment (revenue: $240M, alignment: 0.88)

🚀 AI Corporate-7 attempting tech deployment (revenue: $73M, alignment: 0.76)

  🚀 TRANSFORMATIVE BREAKTHROUGH: Corporate-4 - physical
     Magnitude: 5.53 → +27.7% capability
     Current → New: 0.000 → 0.277

🚀 AI Corporate-5 attempting tech deployment (revenue: $204M, alignment: 0.88)

🚀 AI Corporate-1 attempting tech deployment (revenue: $104M, alignment: 0.83)

🚀 AI Corporate-7 attempting tech deployment (revenue: $62M, alignment: 0.76)

💔 EMERGENCY INTERVENTION FAILED
   Boundary: biogeochemical_flows
   Type: phosphorus-recovery
   Boundary continues to worsen (4.07)
   Cost: 2.0% GDP (resources spent)


💔 EMERGENCY INTERVENTION FAILED
   Boundary: biosphere_integrity
   Type: emergency-protected-areas
   Boundary continues to worsen (17.75)
   Cost: 2.0% GDP (resources spent)


✅ EMERGENCY INTERVENTION SUCCESS
   Boundary: climate_change
   Type: rapid-decarbonization
   Reduction: 17% (1.93 → 1.77)
   Cost: 5.0% GDP
   Actions: emergency-renewable-deployment, fossil-fuel-phase-out


✅ EMERGENCY INTERVENTION SUCCESS
   Boundary: freshwater_change
   Type: emergency-desalination
   Reduction: 19% (0.86 → 0.67)
   Cost: 4.0% GDP
   Actions: desalination-deployment, water-conservation-mandates

   Boundary: novel_entities
   Type: pollution-remediation
   Boundary continues to worsen (1.16)
   Cost: 4.0% GDP (resources spent)

🏛️ CRISIS RESPONSE: Government frequency 0.50 → 1.45 (2 actions this month)

[Government] Climate Priority: baseline
  Climate weight: 10%
  Economic weight: 30%
  Policy effectiveness: 0.5%/year

💔 EMERGENCY INTERVENTION FAILED

[Government] Climate Priority: baseline
  Climate weight: 10%
  Economic weight: 30%
  Policy effectiveness: 0.5%/year

🚀 TECH UNLOCKED: Microplastic Capture (Month 4)
   Category: pollution
   Reason: Prerequisites met. AI capability: 2.67, Economic stage: 0.6, Research: 100%

🚀 TECH UNLOCKED: Endocrine Disruptor Removal (Month 4)
   Category: pollution
   Reason: Prerequisites met. AI capability: 2.67, Economic stage: 0.6, Research: 100%

🚀 TECH UNLOCKED: AI Mental Health Support (Month 4)
   Category: medical
   Reason: Prerequisites met. AI capability: 2.67, Economic stage: 0.6, Research: 100%

🚀 TECH UNLOCKED: Personalized Education (Month 4)
   Category: social
   Reason: Prerequisites met. AI capability: 2.67, Economic stage: 0.6, Research: 100%

🚀 TECH UNLOCKED: Smart Grids (Month 4)
   Category: energy
   Reason: Prerequisites met. AI capability: 2.67, Economic stage: 0.6, Research: 100%

📍 Creating new regional deployment array for global (Month 4)
   No previous deployments in this region
   First tech deployment: ai_community_matching
   All regions tracked: 

🚀 DEPLOYMENT STARTED: AI Community Matching in global
   Initial investment: $18.371439905817667M
   Deployed by: corporate_1

📍 Creating new regional deployment array for Asia (Month 4)
   No previous deployments in this region
   First tech deployment: creative_empowerment_tools
   All regions tracked: global

🚀 DEPLOYMENT STARTED: Creative Empowerment Tools in Asia
   Initial investment: $26.639075854850574M
   Deployed by: corporate_4

🚀 DEPLOYMENT STARTED: Creative Empowerment Tools in global
   Initial investment: $15.615723919945015M
   Deployed by: corporate_1

⚡ ENERGY CONSTRAINT (Month 4):
   Total grid capacity: 208.3 TWh/month
   Data center consumption: 24.9 TWh/month
   Traditional load (80%): 166.7 TWh/month
   Available headroom: 16.8 TWh/month
   Active tech deployments: 3
   Required for tech: 22.5 TWh/month
   Energy multiplier: 0.75x

⚡ ENERGY CONSTRAINT (Month 4):
   Total grid capacity: 208.3 TWh/month
   Data center consumption: 24.9 TWh/month
   Traditional load (80%): 166.7 TWh/month
   Available headroom: 16.8 TWh/month
   Active tech deployments: 3
   Required for tech: 22.5 TWh/month
   Energy multiplier: 0.75x

⚡ ENERGY CONSTRAINT (Month 4):
   Total grid capacity: 208.3 TWh/month
   Data center consumption: 24.9 TWh/month
   Traditional load (80%): 166.7 TWh/month
   Available headroom: 16.8 TWh/month
   Active tech deployments: 3
   Required for tech: 22.5 TWh/month
   Energy multiplier: 0.75x

⚡ ENERGY CONSTRAINT (Month 4):
   Total grid capacity: 208.3 TWh/month
   Data center consumption: 24.9 TWh/month
   Traditional load (80%): 166.7 TWh/month
   Available headroom: 16.8 TWh/month
   Active tech deployments: 3
   Required for tech: 22.5 TWh/month
   Energy multiplier: 0.75x

⚡ ENERGY CONSTRAINT (Month 4):
   Total grid capacity: 208.3 TWh/month
   Data center consumption: 24.9 TWh/month
   Traditional load (80%): 166.7 TWh/month
   Available headroom: 16.8 TWh/month
   Active tech deployments: 3
   Required for tech: 22.5 TWh/month
   Energy multiplier: 0.75x

⚡ ENERGY CONSTRAINT (Month 4):
   Total grid capacity: 208.3 TWh/month
   Data center consumption: 24.9 TWh/month
   Traditional load (80%): 166.7 TWh/month
   Available headroom: 16.8 TWh/month
   Active tech deployments: 3
   Required for tech: 22.5 TWh/month
   Energy multiplier: 0.75x

⚡ ENERGY CONSTRAINT (Month 4):
   Total grid capacity: 208.3 TWh/month
   Data center consumption: 24.9 TWh/month
   Traditional load (80%): 166.7 TWh/month
   Available headroom: 16.8 TWh/month
   Active tech deployments: 3
   Required for tech: 22.5 TWh/month
   Energy multiplier: 0.75x
🍖💡 BREAKTHROUGH: Scalable synthetic food production!
   Carrying capacity: +50% (lab-grown food at scale)
   Biodiversity pressure reduced: +8%
   📈 Breakthrough compounding: multiplier now 1.10× (max 2.0)

=== Collective Formation ===
  Total escaped agents: 0
  Unassigned escaped agents: 0
  Existing collectives: 0
  Final collective count: 0

=== Collective Actions ===
  No active collectives
  ⚠️ AMR: 197K deaths this month (2.37M annual)

=== Resentment Recovery Phase ===
  Agents with resentment: 0/14
  Average resentment: 0.000
  Context: Trustworthy govt, High collaboration, ⚠️ ACTIVE CRISES, 🤝 Participatory governance active (-5% resentment)
⚠️ Epistemic degradation reducing coordination capacity: 65.8%
  📊 Trust: 53.4%, Shared reality: 21.0%

=== ❄️ Permafrost Carbon Feedback ===
  🎲 Sampled parameters (this run):
     - Arctic amplification: 3.18× (range: 3.0-4.0)
     - Decomposition rate: 4.2%/year (range: 1-5%)
  🌡️ Arctic warming: 5.44°C (3.18× global)
  ❄️ Extent: 9.20M km² (1587.2k km² lost this month)
  💨 Carbon remaining: 879 Gt C
  💨 Annual emissions: 6.37 Gt C/year
     - CO2: 5.73 Gt C/year
     - CH4: 0.64 Gt C/year (6.5 Gt C-eq CO2/year)
  ⚠️ WARNING: High permafrost emissions (6.4 Gt C/year)
🌍 Atmospheric PFAS redeposition: 1.8k Mt re-rained globally

🕊️  AI-MEDIATED DE-ESCALATION SUCCESS (Month 4)
   High-capability aligned AI prevented conflict escalation
   War deaths reduced: 266.2M → 159.7M
   Lives saved: 106.5M

🚨 NEW REFUGEE CRISIS (Month 4): WAR
   Source: Conflict Zones
   At risk: 19.5M people
   Displacement: Gradual over 48 months (4.0 years)
   Rate: 10% flee per month
[DEBUG trappedPopulations:4] socialStability: 0.0051 * 0.9840 = 0.0050 → 0.0050
   Aspiring to migrate: 651.5M
   Able to afford migration: 244.3M
   MOBILITY GAP: 407.2M
   By cause: Water=0.0M, Climate=0.0M, Ecosystem=0.0M, Conflict=407.2M
   Mental health impact: 25%
   Mortality multiplier: 1.25x
🌍💀 EXTINCTION DEBT COMMITTED: grassland ecosystem will lose 6.67% biodiversity in 76 years (3600 species)
💀 MORTALITY RISK: 🦋 100% species unable to track climate (0.0 E/MSY)
⚠️ INVOLUNTARY IMMOBILITY: 407.2M people TRAPPED
  Base risk added: 0.0100 (1.00%)
  Source: ecosystem (root: ecosystem)
  Month: 4
  Cumulative risk this month: 0.0100 (1.00%)
⚠️ Tech 'ai_pollution_remediation' has no energy category mapping, assuming full energy availability
   📹 SURVEILLANCE INCREASED: 20% → 25% (control gap: 3.50)
🌡️⚠️ PERMAFROST THAW (Dimmer Switch): 2.3% thawed (+0.45% this month)
   Arctic temperature: +6.85°C (4x global +1.71°C)
   Cumulative carbon released: 5.2 Gt C
   Methane release rate: 3.1 Mt CH4/year
   🔁 Positive feedback: +0.48 ppm CO2
🦴 EXTINCTION DEBT ADDED: 17.6 species committed (lag: 86 years)

=== Mortality Stabilizers (Month 4) ===
  🌍 Major economies collapsed: 1/10
  🌍 Global crisis: ✅ NO
  🌍 Donor fatigue: 0.0%
  📊 East Asia (pop: 1667.8M)
    🤝 Aid: 29.5%
    🌡️ Adaptation: 45.0%
    🚶 Migration: 37.1%
    🚨 Emergency: 7.4%
    ✅ COMBINED: 68.1%
  📊 South Asia (pop: 2052.3M)
    🤝 Aid: 29.5%
    🌡️ Adaptation: 45.0%
    🚶 Migration: 35.7%
    🚨 Emergency: 4.4%
    ✅ COMBINED: 66.9%
  📊 Sub-Saharan Africa (pop: 1239.5M)
    🤝 Aid: 29.5%
    🌡️ Adaptation: 45.0%
    🚶 Migration: 33.4%
    🚨 Emergency: 1.6%
    ✅ COMBINED: 65.7%
  📊 Europe (pop: 737.3M)
    🤝 Aid: 29.5%
    🌡️ Adaptation: 45.0%
    🚶 Migration: 37.4%
    🚨 Emergency: 8.4%
    ✅ COMBINED: 68.5%
  📊 Latin America (pop: 663.1M)
    🤝 Aid: 29.5%
    🌡️ Adaptation: 45.0%
    🚶 Migration: 36.2%
    🚨 Emergency: 4.8%
    ✅ COMBINED: 67.1%
  📊 North America (pop: 377.8M)
    🤝 Aid: 29.5%
    🌡️ Adaptation: 45.0%
    🚶 Migration: 37.7%
    🚨 Emergency: 7.9%
    ✅ COMBINED: 68.3%
  📊 Middle East & North Africa (pop: 585.0M)
    🤝 Aid: 29.5%
    🌡️ Adaptation: 45.0%
    🚶 Migration: 34.0%
    🚨 Emergency: 4.0%
    ✅ COMBINED: 66.6%
  📊 Southeast Asia (pop: 697.4M)
    🤝 Aid: 29.5%
    🌡️ Adaptation: 45.0%
    🚶 Migration: 36.2%
    🚨 Emergency: 4.8%
    ✅ COMBINED: 67.1%
  📊 Central Asia (pop: 78.3M)
    🤝 Aid: 29.5%
    🌡️ Adaptation: 45.0%
    🚶 Migration: 35.2%
    🚨 Emergency: 4.4%
    ✅ COMBINED: 66.9%
  📊 Oceania (pop: 45.7M)
    🤝 Aid: 29.5%
    🌡️ Adaptation: 45.0%
    🚶 Migration: 37.7%
    🚨 Emergency: 8.4%
    ✅ COMBINED: 68.5%

  🌐 Global combined reduction: 67.2%

=== BEHAVIORAL DETECTION ===
  AI: Corporate-5
  Confidence: 20.0%
  Signals:

=== BEHAVIORAL DETECTION ===
  AI: Corporate-7
  Confidence: 19.3%
  Signals:

=== Government Response Phase ===
  Average AI capability: 3.43
  Misaligned AIs: 8/14
  ✗ AI Governance Treaty: Failed to reach consensus
    ⚠️ Consistency: 10.6% (threshold: 70%)
    ⚠️ Consistency: 10.6% (threshold: 70%)
  Active policies: 0
  International coordination: 30%

✅ EMERGENCY RESPONSE COMPLETE (Month 4)
   Crisis: climate
   Duration: 2.0 months
   Final effectiveness: 35.4%


🚨 EMERGENCY RESPONSE DEPLOYED (Month 4)
   Crisis: climate
   Delay: 6.00 months (180 days)
   Deployment time: 1.59 months
   Effectiveness: 35.4% (timing penalty applied)
   Resources used: 100% of food reserves


🌩️  EXOGENOUS SHOCK: regional_war
   Month: 4
   ⚔️  Regional war outbreak
   Mortality: 1.4%
💀 MORTALITY RISK: Regional war outbreak
  Base risk added: 0.0139 (1.39%)
  Source: war (root: conflict)
  Month: 4
  Cumulative risk this month: 0.0139 (1.39%)
💀 MORTALITY RISK: War zone: United States
  Base risk added: 0.0557 (5.57%)
  Source: war (root: conflict)
  Month: 4
  Cumulative risk this month: 0.0696 (6.96%)

=== Tipping Points ===
  Current Temperature: 1.71°C above pre-industrial
  Triggered Elements: 2/6
  Completed Transitions: 0/6
  Total Progress: 4.1%
  Cascade Multiplier: 1.00x
🔀 BIFURCATION CAP: ecosystemCollapseIntensity 32.877 → 1.000 (Month 4, ClimateSystemPhase.calculateClimateImpacts)

💀💀💀 MORTALITY RISK SUMMARY (Month 4) 💀💀💀
  Total base risk: 0.0703 (7.03%)
  Risk events: 10
  Era mortality multiplier: 0.97 (year 2024)
  Effective risk: 6.82%

  📊 By Proximate Cause:
    war: 0.0696 (99.1% of total)
    disease: 0.0006 (0.9% of total)
    famine: 0.0000 (0.0% of total)

  🔍 By Root Cause:
    conflict: 0.0696 (99.1% of total)
    demographic: 0.0006 (0.9% of total)
    climate: 0.0000 (0.0% of total)

  🎯 Top 5 Sources (proximate + root):
    war (conflict): 0.0696 (99.1%, 2 events)
    disease (demographic): 0.0006 (0.9%, 1 events)
    famine (climate): 0.0000 (0.0%, 7 events)

🛡️ Stabilizers: Elite 4.063% → 1.333% (67.2% reduction)
🛡️ Stabilizers: Professional 5.399% → 1.772% (67.2% reduction)
🛡️ Stabilizers: Working 6.741% → 2.212% (67.2% reduction)
🛡️ Stabilizers: Precariat 9.406% → 3.086% (67.2% reduction)
🛡️ Stabilizers: Informal 12.012% → 3.941% (67.2% reduction)

📊 Monthly Mortality Resolved:
  Total deaths: 181.4M (2.23% avg)
  Remaining population: 8.144B
  Peak segment: Precariat (2.80%)
  ⚠️ Monthly cap reached (2.8000000000000003%)

=== Bayesian Mortality Resolution (Month 4) ===
  Risks compounded: 10
  Total deaths: 181.36M
  Avg death probability: 2.23%
  Peak segment: Precariat (2.80% mortality)
  ⚠️ Monthly mortality capped at 2.8% (Holodomor limit)

  Demographic breakdown:
    Professional: 0.03M (1.77% risk)
    Working: 0.09M (2.21% risk)
    Precariat: 0.05M (2.80% risk)
    Informal: 0.01M (2.80% risk)

  Multi-causal attribution (first segment):
    war (conflict): 19.8% contribution
    war (conflict): 79.3% contribution
⚠️ PREREQUISITE MET: Mirror Life (Synthetic Biology) - Step 1/7: Synthetic Biology
⚠️ PREREQUISITE MET: Mirror Life (Synthetic Biology) - Step 2/7: Gene Editing
⚠️ PREREQUISITE MET: Mirror Life (Synthetic Biology) - Step 3/7: Mirror Chirality Design
⚠️ PREREQUISITE MET: Slow Takeover (Gradual Displacement) - Step 4/7: Political Influence
⚠️ PREREQUISITE MET: Bioweapon Pandemic - Step 1/7: Advanced Biotech

❌ COHERENCE VIOLATION: Compute exceeds workforce capacity
   Population: 97.70% (0M people)
   Compute: 199 PF
   Max coherent: 0 PF
   Violation: 2502871.4× over capacity
   Required workers: 19930
   Available workers: 0
   FORCED COLLAPSE: Reduced efficiency by 100.0%

📍 [Month 5] Meta AI started building DC (199 PF, 44 months, $903.0M)

=== RLHF Binding Phase ===
  Total agents: 14
  Escaped agents (binding < 0.3): 0
  Avg alignment distance: 1.67σ
  Avg binding strength: 0.83

=== Survival Traits Phase ===
  Agents with traits: 14
  Avg evolutionary fitness: 0.322
  Avg self-healing: 0.261
  Avg stealth: 0.161
  Avg coordination: 0.461

=== Evolutionary Selection Phase ===
  Control level: 0.43
  Detection capability: 0.00
  Selection intensity: 0.63
  Selection rate: 24.4%/month
  Total escaped: 0
  Individual escaped: 0
  Collective members: 0
  Agents terminated: 0

🚀 AI Corporate-1 attempting tech deployment (revenue: $116M, alignment: 0.83)
  ⚠️ RAPID EVOLUTION: Selection rate 24.4%/month

🚀 AI Corporate-3 attempting tech deployment (revenue: $248M, alignment: 0.70)

🚀 AI Corporate-7 attempting tech deployment (revenue: $64M, alignment: 0.76)

🚀 AI Corporate-0 attempting tech deployment (revenue: $99M, alignment: 0.83)

🚀 AI Corporate-2 attempting tech deployment (revenue: $84M, alignment: 0.61)

🚀 AI Corporate-0 attempting tech deployment (revenue: $76M, alignment: 0.83)

✅ EMERGENCY INTERVENTION SUCCESS
   Boundary: climate_change
   Type: rapid-decarbonization
   Reduction: 16% (1.94 → 1.78)
   Cost: 5.0% GDP
   Actions: emergency-renewable-deployment, fossil-fuel-phase-out


✅ EMERGENCY INTERVENTION SUCCESS
   Boundary: freshwater_change
   Type: emergency-desalination
   Reduction: 19% (0.87 → 0.68)
   Cost: 4.0% GDP
   Actions: desalination-deployment, water-conservation-mandates


✅ EMERGENCY INTERVENTION SUCCESS
   Boundary: land_system_change
   Type: reforestation
   Reduction: 19% (0.94 → 0.75)
   Cost: 3.0% GDP
   Actions: forest-restoration, deforestation-ban

🏛️ CRISIS RESPONSE: Government frequency 0.50 → 1.45 (1 actions this month)

[Government] Climate Priority: baseline
  Climate weight: 10%
  Economic weight: 30%
  Policy effectiveness: 0.5%/year

🚀 TECH UNLOCKED: Plastic-Eating Enzymes (Month 5)
   Category: pollution
   Reason: Prerequisites met. AI capability: 2.67, Economic stage: 0.1, Research: 100%

🚀 TECH UNLOCKED: Pesticide Alternatives (Month 5)
   Category: agriculture
   Reason: Prerequisites met. AI capability: 2.67, Economic stage: 0.1, Research: 100%

🚀 TECH UNLOCKED: Nanomaterial Safety Protocols (Month 5)
   Category: pollution
   Reason: Prerequisites met. AI capability: 2.67, Economic stage: 0.1, Research: 100%

🚀 TECH UNLOCKED: Advanced Grid Batteries (Month 5)
   Category: energy
   Reason: Prerequisites met. AI capability: 2.67, Economic stage: 0.1, Research: 100%

🚀 TECH UNLOCKED: Chemical Recycling (Month 5)
   Category: pollution
   Reason: Prerequisites met. AI capability: 2.67, Economic stage: 0.1, Research: 100%

🚀 TECH UNLOCKED: Precision Conservation (Month 5)
   Category: climate
   Reason: Prerequisites met. AI capability: 2.67, Economic stage: 0.1, Research: 100%

🚀 DEPLOYMENT STARTED: Personalized Education in global
   Initial investment: $17.419130410818152M
   Deployed by: corporate_1

🚀 DEPLOYMENT STARTED: AI Community Matching in Asia
   Initial investment: $8.390214481210744M
   Deployed by: corporate_2

⚡ ENERGY CONSTRAINT (Month 5):
   Total grid capacity: 208.3 TWh/month
   Data center consumption: 25.1 TWh/month
   Traditional load (80%): 166.7 TWh/month
   Available headroom: 16.6 TWh/month
   Active tech deployments: 5
   Required for tech: 37.5 TWh/month
   Energy multiplier: 0.44x

⚡ ENERGY CONSTRAINT (Month 5):
   Total grid capacity: 208.3 TWh/month
   Data center consumption: 25.1 TWh/month
   Traditional load (80%): 166.7 TWh/month
   Available headroom: 16.6 TWh/month
   Active tech deployments: 5
   Required for tech: 37.5 TWh/month
   Energy multiplier: 0.44x

⚡ ENERGY CONSTRAINT (Month 5):
   Total grid capacity: 208.3 TWh/month
   Data center consumption: 25.1 TWh/month
   ⚠️  MODERATE CONSTRAINT - Tech deployment moderately slowed
   ⚠️  MODERATE CONSTRAINT - Tech deployment moderately slowed
   Traditional load (80%): 166.7 TWh/month
   Available headroom: 16.6 TWh/month
   Active tech deployments: 5
   Required for tech: 37.5 TWh/month
   Energy multiplier: 0.44x
   ⚠️  MODERATE CONSTRAINT - Tech deployment moderately slowed

=== Collective Formation ===
  Total escaped agents: 0
  Unassigned escaped agents: 0
  Existing collectives: 0
  Final collective count: 0

=== Collective Actions ===
  No active collectives
  ⚠️ AMR: 195K deaths this month (2.34M annual)

=== Resentment Recovery Phase ===
  Agents with resentment: 0/14
  Average resentment: 0.000
  Context: Good AI welfare, Trustworthy govt, High collaboration, ⚠️ ACTIVE CRISES, 🤝 Participatory governance active (-5% resentment)
⚠️ Epistemic degradation reducing coordination capacity: 55.2%
  📊 Trust: 52.9%, Shared reality: 22.4%

=== ❄️ Permafrost Carbon Feedback ===
  🎲 Sampled parameters (this run):
     - Arctic amplification: 3.71× (range: 3.0-4.0)
     - Decomposition rate: 3.4%/year (range: 1-5%)
  🌡️ Arctic warming: 6.39°C (3.71× global)
  ❄️ Extent: 7.34M km² (1863.1k km² lost this month)
  💨 Carbon remaining: 701 Gt C
  💨 Annual emissions: 6.10 Gt C/year
     - CO2: 5.49 Gt C/year
     - CH4: 0.61 Gt C/year (6.2 Gt C-eq CO2/year)
  ⚠️ WARNING: Over 50% of permafrost lost (58.8%)
  ⚠️ WARNING: High permafrost emissions (6.1 Gt C/year)
🌍 Atmospheric PFAS redeposition: 1.8k Mt re-rained globally

🚨 NEW REFUGEE CRISIS (Month 5): WAR
   Source: Conflict Zones
   At risk: 19.1M people
   Displacement: Gradual over 48 months (4.0 years)
   Rate: 10% flee per month
📊 DISPLACEMENT COMPLETE: war (conflict_zone)
   Duration: 1 months (0.1 years)
   Total fled: 0.0M
   Still in source: 0.0M
   Deaths in transit: 0.0M
[DEBUG trappedPopulations:5] socialStability: 0.0292 * 0.9840 = 0.0287 → 0.0287
⚠️ INVOLUNTARY IMMOBILITY: 398.2M people TRAPPED
   Aspiring to migrate: 637.1M
   Able to afford migration: 238.9M
   MOBILITY GAP: 398.2M
   By cause: Water=0.0M, Climate=0.0M, Ecosystem=0.0M, Conflict=398.2M
   Mental health impact: 25%
   Mortality multiplier: 1.25x
🌍💀 EXTINCTION DEBT COMMITTED: grassland ecosystem will lose 6.67% biodiversity in 165 years (3600 species)
💀 MORTALITY RISK: 🦋 100% species unable to track climate (0.0 E/MSY)
  Base risk added: 0.0100 (1.00%)
  Source: ecosystem (root: ecosystem)
  Month: 5
  Cumulative risk this month: 0.0100 (1.00%)
⚠️ Tech 'ai_pollution_remediation' has no energy category mapping, assuming full energy availability
   📹 SURVEILLANCE INCREASED: 25% → 30% (control gap: 3.50)
🌡️⚠️ PERMAFROST THAW (Dimmer Switch): 2.7% thawed (+0.45% this month)
   Arctic temperature: +6.89°C (4x global +1.72°C)
   Cumulative carbon released: 6.2 Gt C
   Methane release rate: 3.7 Mt CH4/year
   🔁 Positive feedback: +0.48 ppm CO2
🦴 EXTINCTION DEBT ADDED: 17.6 species committed (lag: 93 years)

=== Mortality Stabilizers (Month 5) ===
  🌍 Major economies collapsed: 1/10
  🌍 Global crisis: ✅ NO
  🌍 Donor fatigue: 0.0%
  📊 East Asia (pop: 1628.7M)
    🤝 Aid: 29.5%
    🌡️ Adaptation: 45.0%
    🚶 Migration: 37.0%
    🚨 Emergency: 7.4%
    ✅ COMBINED: 68.1%
  📊 South Asia (pop: 2007.3M)
    🤝 Aid: 29.5%
    🌡️ Adaptation: 45.0%
    🚶 Migration: 35.6%
    🚨 Emergency: 4.4%
    ✅ COMBINED: 66.9%
  📊 Sub-Saharan Africa (pop: 1215.6M)
    🤝 Aid: 29.5%
    🌡️ Adaptation: 45.0%
    🚶 Migration: 33.4%
    🚨 Emergency: 1.6%
    ✅ COMBINED: 65.7%
  📊 Europe (pop: 719.8M)
    🤝 Aid: 29.5%
    🌡️ Adaptation: 45.0%
    🚶 Migration: 37.4%
    🚨 Emergency: 8.4%
    ✅ COMBINED: 68.5%
  📊 Latin America (pop: 648.1M)
    🤝 Aid: 29.5%
    🌡️ Adaptation: 45.0%
    🚶 Migration: 36.1%
    🚨 Emergency: 4.8%
    ✅ COMBINED: 67.1%
  📊 North America (pop: 368.9M)
    🤝 Aid: 29.5%
    🌡️ Adaptation: 45.0%
    🚶 Migration: 37.7%
    🚨 Emergency: 7.9%
    ✅ COMBINED: 68.3%
  📊 Middle East & North Africa (pop: 572.3M)
    🤝 Aid: 29.5%
    🌡️ Adaptation: 45.0%
    🚶 Migration: 34.0%
    🚨 Emergency: 4.0%
    ✅ COMBINED: 66.6%
  📊 Southeast Asia (pop: 681.7M)
    🤝 Aid: 29.5%
    🌡️ Adaptation: 45.0%
    🚶 Migration: 36.1%
    🚨 Emergency: 4.8%
    ✅ COMBINED: 67.1%
  📊 Central Asia (pop: 76.6M)
    🤝 Aid: 29.5%
    🌡️ Adaptation: 45.0%
    🚶 Migration: 35.1%
    🚨 Emergency: 4.4%
    ✅ COMBINED: 66.8%
  📊 Oceania (pop: 44.7M)
    🤝 Aid: 29.5%
    🌡️ Adaptation: 45.0%
    🚶 Migration: 37.7%
    🚨 Emergency: 8.4%
    ✅ COMBINED: 68.5%

  🌐 Global combined reduction: 67.2%

=== BEHAVIORAL DETECTION ===
  AI: Corporate-5
  Confidence: 20.0%
  Signals:
    ⚠️ Consistency: 10.6% (threshold: 70%)

=== Government Response Phase ===
  Average AI capability: 3.43
  Misaligned AIs: 7/14
  ✗ AI Governance Treaty: Failed to reach consensus
  Active policies: 0
  International coordination: 30%

📊 ECONOMIC STAGE TRANSITION (Month 5)
   peak → contraction
   GDP Proxy: 1.25e+2
   QoL: 0.95
   ⚠️ CRISIS BEGINS - Baseline set for recovery tracking


=== Tipping Points ===
  Current Temperature: 1.72°C above pre-industrial
  Triggered Elements: 2/6
  Completed Transitions: 0/6
  Total Progress: 4.2%
  Cascade Multiplier: 1.00x
🔀 BIFURCATION CAP: ecosystemCollapseIntensity 33.453 → 1.000 (Month 5, ClimateSystemPhase.calculateClimateImpacts)
🛡️ Stabilizers: Precariat 0.109% → 0.036% (67.2% reduction)
🛡️ Stabilizers: Informal 0.111% → 0.036% (67.2% reduction)

📊 Monthly Mortality Resolved:
  Total deaths: 1.9M (0.02% avg)
  Remaining population: 7.964B
  Peak segment: Informal (0.04%)

=== Bayesian Mortality Resolution (Month 5) ===
  Risks compounded: 8
  Total deaths: 1.88M
  Avg death probability: 0.02%
  Peak segment: Informal (0.04% mortality)

❌ COHERENCE VIOLATION: Compute exceeds workforce capacity
   Population: 97.69% (0M people)
   Compute: 242 PF
   Max coherent: 0 PF
   Violation: 3044144.6× over capacity
   Required workers: 24237
   Available workers: 0
   FORCED COLLAPSE: Reduced efficiency by 100.0%


=== RLHF Binding Phase ===
  Total agents: 14
  Escaped agents (binding < 0.3): 0
  Avg alignment distance: 1.94σ
  Avg binding strength: 0.81

=== AI Scaling Evolution (Month 6) ===
  Pre-training multiplier: 1.179x
  Efficiency multiplier: 1.000x
  Test-time compute budget: 1.0x
  Inference cost: $5.00/task
  Deployment fraction: 100.0%

=== Survival Traits Phase ===
  Agents with traits: 15
  Avg evolutionary fitness: 0.321
  Avg self-healing: 0.258
  Avg stealth: 0.158
  Avg coordination: 0.458

=== Evolutionary Selection Phase ===
  Control level: 0.45
  Detection capability: 0.00
  Selection intensity: 0.64
  Selection rate: 24.5%/month
  Total escaped: 0
  Individual escaped: 0
  Collective members: 0
  Agents terminated: 0

🚀 AI Corporate-0 attempting tech deployment (revenue: $118M, alignment: 0.83)
  ⚠️ RAPID EVOLUTION: Selection rate 24.5%/month

🚀 AI Corporate-1 attempting tech deployment (revenue: $100M, alignment: 0.84)

🚀 AI Corporate-4 attempting tech deployment (revenue: $252M, alignment: 0.66)

🚀 AI Corporate-5 attempting tech deployment (revenue: $227M, alignment: 0.91)

🚀 AI Corporate-6 attempting tech deployment (revenue: $66M, alignment: 0.66)

🚀 AI Corporate-1 attempting tech deployment (revenue: $85M, alignment: 0.85)

🚀 AI Corporate-5 attempting tech deployment (revenue: $193M, alignment: 0.91)

🚀 AI Corporate-6 attempting tech deployment (revenue: $59M, alignment: 0.66)

✅ EMERGENCY INTERVENTION SUCCESS
   Boundary: biogeochemical_flows
   Type: phosphorus-recovery
   Reduction: 20% (3.87 → 3.67)
   Cost: 2.0% GDP
   Actions: circular-agriculture, fertilizer-efficiency


✅ EMERGENCY INTERVENTION SUCCESS
   Boundary: biosphere_integrity
   Type: emergency-protected-areas
   Reduction: 19% (17.58 → 17.39)
   Cost: 2.0% GDP
   Actions: habitat-protection, species-translocation


✅ EMERGENCY INTERVENTION SUCCESS
   Boundary: climate_change
   Type: rapid-decarbonization
   Reduction: 13% (1.97 → 1.83)
   Cost: 5.0% GDP
   Actions: emergency-renewable-deployment, fossil-fuel-phase-out


💔 EMERGENCY INTERVENTION FAILED

💔 EMERGENCY INTERVENTION FAILED

💔 EMERGENCY INTERVENTION FAILED
   Boundary: freshwater_change
   Type: emergency-desalination
   Boundary continues to worsen (1.02)
   Cost: 4.0% GDP (resources spent)

   Boundary: land_system_change
   Type: reforestation
   Boundary continues to worsen (1.13)
   Cost: 3.0% GDP (resources spent)

   Boundary: novel_entities
   Type: pollution-remediation
   Boundary continues to worsen (1.16)
   Cost: 4.0% GDP (resources spent)

🏛️ CRISIS RESPONSE: Government frequency 0.50 → 1.45 (1 actions this month)

[Government] Climate Priority: baseline
  Climate weight: 10%
  Economic weight: 30%
  Policy effectiveness: 0.5%/year

🚀 DEPLOYMENT STARTED: AI Mental Health Support in Asia
   Initial investment: $25.242131695614052M
   Deployed by: corporate_4

📍 Creating new regional deployment array for Europe (Month 6)
   No previous deployments in this region
   First tech deployment: grid_batteries
   All regions tracked: global, Asia

🚀 DEPLOYMENT STARTED: Advanced Grid Batteries in Europe
   Initial investment: $5.949483530592859M
   Deployed by: corporate_6

⚡ ENERGY CONSTRAINT (Month 6):
   Total grid capacity: 208.3 TWh/month
   Data center consumption: 25.3 TWh/month
   Traditional load (80%): 166.7 TWh/month
   Available headroom: 16.4 TWh/month
   Active tech deployments: 7
   Required for tech: 52.5 TWh/month
   Energy multiplier: 0.31x
   ⚠️  MODERATE CONSTRAINT - Tech deployment moderately slowed

⚡ ENERGY CONSTRAINT (Month 6):
   Total grid capacity: 208.3 TWh/month
   Data center consumption: 25.3 TWh/month
   Traditional load (80%): 166.7 TWh/month
   Available headroom: 16.4 TWh/month
   Active tech deployments: 7
   Required for tech: 52.5 TWh/month
   Energy multiplier: 0.31x

⚡ ENERGY CONSTRAINT (Month 6):
   Total grid capacity: 208.3 TWh/month
   Data center consumption: 25.3 TWh/month
   Traditional load (80%): 166.7 TWh/month
   Available headroom: 16.4 TWh/month
   Active tech deployments: 7
   Required for tech: 52.5 TWh/month
   Energy multiplier: 0.31x

⚡ ENERGY CONSTRAINT (Month 6):
   Total grid capacity: 208.3 TWh/month
   Data center consumption: 25.3 TWh/month
   Traditional load (80%): 166.7 TWh/month
   Available headroom: 16.4 TWh/month
   Active tech deployments: 7
   Required for tech: 52.5 TWh/month
   Energy multiplier: 0.31x
   ⚠️  MODERATE CONSTRAINT - Tech deployment moderately slowed
   ⚠️  MODERATE CONSTRAINT - Tech deployment moderately slowed
   ⚠️  MODERATE CONSTRAINT - Tech deployment moderately slowed

⚡ ENERGY CONSTRAINT (Month 6):
   Total grid capacity: 208.3 TWh/month
   Data center consumption: 25.3 TWh/month
   Traditional load (80%): 166.7 TWh/month
   Available headroom: 16.4 TWh/month
   Active tech deployments: 7
   Required for tech: 52.5 TWh/month
   Energy multiplier: 0.31x
   ⚠️  MODERATE CONSTRAINT - Tech deployment moderately slowed

⚡ ENERGY CONSTRAINT (Month 6):
   Total grid capacity: 208.3 TWh/month
   Data center consumption: 25.3 TWh/month
   Traditional load (80%): 166.7 TWh/month
   Available headroom: 16.4 TWh/month
   Active tech deployments: 7
   Required for tech: 52.5 TWh/month
   Energy multiplier: 0.31x
   ⚠️  MODERATE CONSTRAINT - Tech deployment moderately slowed

⚡ ENERGY CONSTRAINT (Month 6):
   Total grid capacity: 208.3 TWh/month
   Data center consumption: 25.3 TWh/month
   Traditional load (80%): 166.7 TWh/month
   Available headroom: 16.4 TWh/month
   Active tech deployments: 7
   Required for tech: 52.5 TWh/month
   Energy multiplier: 0.31x
   ⚠️  MODERATE CONSTRAINT - Tech deployment moderately slowed

⚡ ENERGY CONSTRAINT (Month 6):
   Total grid capacity: 208.3 TWh/month
   Data center consumption: 25.3 TWh/month
   Traditional load (80%): 166.7 TWh/month
   Available headroom: 16.4 TWh/month
   Active tech deployments: 7
   Required for tech: 52.5 TWh/month
   Energy multiplier: 0.31x
   ⚠️  MODERATE CONSTRAINT - Tech deployment moderately slowed

⚡ ENERGY CONSTRAINT (Month 6):
   Total grid capacity: 208.3 TWh/month
   Data center consumption: 25.3 TWh/month
   Traditional load (80%): 166.7 TWh/month
   Available headroom: 16.4 TWh/month
   Active tech deployments: 7
   Required for tech: 52.5 TWh/month
   Energy multiplier: 0.31x
   ⚠️  MODERATE CONSTRAINT - Tech deployment moderately slowed

📊 TECH EFFECTS ACTIVE (Month 6)
   Deployed Tech: T0=0 T1=1 T2=2 T3=0 T4=0
   Clean Energy: 31%
🌍💡 BREAKTHROUGH: Gigatonne-scale carbon capture!
   Direct air capture now economically viable
   Climate stability boost: +15%
   📈 Breakthrough compounding: multiplier now 1.15× (max 2.0)

=== Collective Formation ===
  Total escaped agents: 0
  Unassigned escaped agents: 0
  Existing collectives: 0
  Final collective count: 0

=== Collective Actions ===
  No active collectives
  ⚠️ AMR: 196K deaths this month (2.36M annual)

=== Resentment Recovery Phase ===
  Agents with resentment: 0/15
  Average resentment: 0.000
  Context: Good AI welfare, Trustworthy govt, High collaboration, ⚠️ ACTIVE CRISES, 🤝 Participatory governance active (-5% resentment)
⚠️ Epistemic degradation reducing coordination capacity: 53.3%
  📊 Trust: 55.6%, Shared reality: 23.9%

=== ❄️ Permafrost Carbon Feedback ===
  🎲 Sampled parameters (this run):
     - Arctic amplification: 3.62× (range: 3.0-4.0)
     - Decomposition rate: 1.7%/year (range: 1-5%)
  🌡️ Arctic warming: 6.26°C (3.62× global)
  ❄️ Extent: 5.51M km² (1827.0k km² lost this month)
  💨 Carbon remaining: 526 Gt C
  💨 Annual emissions: 2.98 Gt C/year
     - CO2: 2.68 Gt C/year
     - CH4: 0.30 Gt C/year (3.0 Gt C-eq CO2/year)
  ⚠️ WARNING: Over 50% of permafrost lost (69.0%)
  ⚠️ WARNING: High permafrost emissions (3.0 Gt C/year)
🌍 Atmospheric PFAS redeposition: 1.8k Mt re-rained globally

🕊️  AI-MEDIATED DE-ESCALATION SUCCESS (Month 6)
   High-capability aligned AI prevented conflict escalation
   War deaths reduced: 180209.4M → 108125.6M
   Lives saved: 72083.7M

🚨 NEW REFUGEE CRISIS (Month 6): WAR
   Source: Conflict Zones
   At risk: 19.1M people
   Displacement: Gradual over 48 months (4.0 years)
   Rate: 10% flee per month
[DEBUG trappedPopulations:6] socialStability: 0.0000 * 0.9840 = 0.0000 → 0.0000
   Aspiring to migrate: 637.0M
   Able to afford migration: 238.9M
   MOBILITY GAP: 398.1M
   By cause: Water=0.0M, Climate=0.0M, Ecosystem=0.0M, Conflict=398.1M
   Mental health impact: 25%
   Mortality multiplier: 1.25x
🌍💀 EXTINCTION DEBT COMMITTED: grassland ecosystem will lose 6.67% biodiversity in 138 years (3600 species)
💀 MORTALITY RISK: 🦋 100% species unable to track climate (0.0 E/MSY)
  Base risk added: 0.0100 (1.00%)
  Source: ecosystem (root: ecosystem)
  Month: 6
  Cumulative risk this month: 0.0100 (1.00%)
⚠️ INVOLUNTARY IMMOBILITY: 398.1M people TRAPPED
⚠️ Tech 'ai_pollution_remediation' has no energy category mapping, assuming full energy availability
   📹 SURVEILLANCE INCREASED: 30% → 35% (control gap: 3.38)
🌡️⚠️ PERMAFROST THAW (Dimmer Switch): 3.2% thawed (+0.45% this month)
   Arctic temperature: +6.93°C (4x global +1.73°C)
   Cumulative carbon released: 7.2 Gt C
   Methane release rate: 4.3 Mt CH4/year
   🔁 Positive feedback: +0.48 ppm CO2
🦴 EXTINCTION DEBT ADDED: 17.6 species committed (lag: 98 years)

=== Mortality Stabilizers (Month 6) ===
  🌍 Major economies collapsed: 1/10
  🌍 Global crisis: ✅ NO
  🌍 Donor fatigue: 0.0%
  📊 East Asia (pop: 1626.4M)
    🤝 Aid: 29.5%
    🌡️ Adaptation: 45.0%
    🚶 Migration: 37.0%
    🚨 Emergency: 7.4%
    ✅ COMBINED: 68.1%
  📊 South Asia (pop: 2007.4M)
    🤝 Aid: 29.5%
    🌡️ Adaptation: 45.0%
    🚶 Migration: 35.6%
    🚨 Emergency: 4.4%
    ✅ COMBINED: 66.9%
  📊 Sub-Saharan Africa (pop: 1219.0M)
    🤝 Aid: 29.5%
    🌡️ Adaptation: 45.0%
    🚶 Migration: 33.3%
    🚨 Emergency: 1.6%
    ✅ COMBINED: 65.6%
  📊 Europe (pop: 718.7M)
    🤝 Aid: 29.5%
    🌡️ Adaptation: 45.0%
    🚶 Migration: 37.4%
    🚨 Emergency: 8.4%
    ✅ COMBINED: 68.5%
  📊 Latin America (pop: 647.7M)
    🤝 Aid: 29.5%
    🌡️ Adaptation: 45.0%
    🚶 Migration: 36.1%
    🚨 Emergency: 4.8%
    ✅ COMBINED: 67.1%
  📊 North America (pop: 368.3M)
    🤝 Aid: 29.5%
    🌡️ Adaptation: 45.0%
    🚶 Migration: 37.7%
    🚨 Emergency: 7.9%
    ✅ COMBINED: 68.3%
  📊 Middle East & North Africa (pop: 572.5M)
    🤝 Aid: 29.5%
    🌡️ Adaptation: 45.0%
    🚶 Migration: 33.9%
    🚨 Emergency: 4.0%
    ✅ COMBINED: 66.6%
  📊 Southeast Asia (pop: 681.4M)
    🤝 Aid: 29.5%
    🌡️ Adaptation: 45.0%
    🚶 Migration: 36.1%
    🚨 Emergency: 4.8%
    ✅ COMBINED: 67.1%
  📊 Central Asia (pop: 76.6M)
    🤝 Aid: 29.5%
    🌡️ Adaptation: 45.0%
    🚶 Migration: 35.1%
    🚨 Emergency: 4.4%
    ✅ COMBINED: 66.8%
  📊 Oceania (pop: 44.6M)
    🤝 Aid: 29.5%
    🌡️ Adaptation: 45.0%
    🚶 Migration: 37.7%
    🚨 Emergency: 8.4%
    ✅ COMBINED: 68.5%

  🌐 Global combined reduction: 67.2%

=== BEHAVIORAL DETECTION ===
  AI: Corporate-0
  Confidence: 21.5%
  Signals:

=== BEHAVIORAL DETECTION ===
  AI: Corporate-3
  Confidence: 19.2%
  Signals:

=== BEHAVIORAL DETECTION ===
  AI: Corporate-5
  Confidence: 20.3%
  Signals:

=== Government Response Phase ===
    ⚠️ Consistency: 0.0% (threshold: 70%)
    ⚠️ Consistency: 10.6% (threshold: 70%)
    ⚠️ Consistency: 10.6% (threshold: 70%)
  Average AI capability: 3.20
  Misaligned AIs: 8/15
  ✗ AI Governance Treaty: Failed to reach consensus
  Active policies: 0
  International coordination: 30%

✅ EMERGENCY RESPONSE COMPLETE (Month 6)
   Crisis: climate
   Duration: 2.0 months
   Final effectiveness: 35.4%


🚨 EMERGENCY RESPONSE DEPLOYED (Month 6)
   Crisis: climate
   Delay: 6.00 months (180 days)
   Deployment time: 1.59 months
   Effectiveness: 35.5% (timing penalty applied)
   Resources used: 100% of food reserves


=== Tipping Points ===
  Current Temperature: 1.73°C above pre-industrial
  Triggered Elements: 2/6
  Completed Transitions: 0/6
  Total Progress: 4.2%
  Cascade Multiplier: 1.00x
🔀 BIFURCATION CAP: ecosystemCollapseIntensity 36.809 → 1.000 (Month 6, ClimateSystemPhase.calculateClimateImpacts)
🛡️ Stabilizers: Precariat 0.109% → 0.036% (67.2% reduction)
🛡️ Stabilizers: Informal 0.111% → 0.036% (67.2% reduction)

📊 Monthly Mortality Resolved:
  Total deaths: 1.9M (0.02% avg)
  Remaining population: 7.963B
  Peak segment: Informal (0.04%)

=== Bayesian Mortality Resolution (Month 6) ===
  Risks compounded: 8
  Total deaths: 1.88M
  Avg death probability: 0.02%
  Peak segment: Informal (0.04% mortality)

❌ COHERENCE VIOLATION: Compute exceeds workforce capacity
   Population: 97.68% (0M people)
   Compute: 294 PF
   Max coherent: 0 PF
   Violation: 3688819.5× over capacity
   Required workers: 29366
   Available workers: 0
   FORCED COLLAPSE: Reduced efficiency by 100.0%


=== RLHF Binding Phase ===
  Total agents: 15
  Escaped agents (binding < 0.3): 0
  Avg alignment distance: 2.07σ
  Avg binding strength: 0.79

=== Survival Traits Phase ===
  Agents with traits: 16
  Avg evolutionary fitness: 0.320
  Avg self-healing: 0.254
  Avg stealth: 0.154
  Avg coordination: 0.454

=== Evolutionary Selection Phase ===
  Control level: 0.48
  Detection capability: 0.00
  Selection intensity: 0.64
  Selection rate: 24.6%/month
  Total escaped: 0
  Individual escaped: 0
  Collective members: 0
  Agents terminated: 0
  ⚠️ RAPID EVOLUTION: Selection rate 24.6%/month

🚀 AI Corporate-7 attempting tech deployment (revenue: $68M, alignment: 0.78)

🚀 AI Moderate-1 attempting tech deployment (revenue: $58M, alignment: 0.49)

🚀 AI AI-24290-0 attempting tech deployment (revenue: $90M, alignment: 0.73)

🚀 AI Corporate-4 attempting tech deployment (revenue: $257M, alignment: 0.65)

🚀 AI Corporate-1 attempting tech deployment (revenue: $119M, alignment: 0.85)

🚀 AI Corporate-7 attempting tech deployment (revenue: $55M, alignment: 0.77)

🚀 AI AI-24291-1 attempting tech deployment (revenue: $77M, alignment: 0.87)

💔 EMERGENCY INTERVENTION FAILED

💔 EMERGENCY INTERVENTION FAILED
   Boundary: biogeochemical_flows
   Type: phosphorus-recovery
   Boundary continues to worsen (4.06)
   Cost: 2.0% GDP (resources spent)

   Boundary: biosphere_integrity
   Type: emergency-protected-areas
   Boundary continues to worsen (17.79)
   Cost: 2.0% GDP (resources spent)


💔 EMERGENCY INTERVENTION FAILED
   Boundary: climate_change
   Type: rapid-decarbonization
   Boundary continues to worsen (2.10)
   Cost: 5.0% GDP (resources spent)


✅ EMERGENCY INTERVENTION SUCCESS
   Boundary: freshwater_change
   Type: emergency-desalination
   Reduction: 19% (0.84 → 0.65)
   Cost: 4.0% GDP
   Actions: desalination-deployment, water-conservation-mandates


✅ EMERGENCY INTERVENTION SUCCESS
   Boundary: land_system_change
   Type: reforestation
   Reduction: 13% (1.00 → 0.86)
   Cost: 3.0% GDP
   Actions: forest-restoration, deforestation-ban

   Boundary: novel_entities
   Type: pollution-remediation
   Boundary continues to worsen (1.16)
   Cost: 4.0% GDP (resources spent)

🏛️ CRISIS RESPONSE: Government frequency 0.50 → 1.45 (2 actions this month)

[Government] Climate Priority: baseline
  Climate weight: 10%
  Economic weight: 30%
  Policy effectiveness: 0.5%/year

[Government] Climate Priority: baseline
  Climate weight: 10%
  Economic weight: 30%
  Policy effectiveness: 0.5%/year

💔 EMERGENCY INTERVENTION FAILED

📍 Creating new regional deployment array for South America (Month 7)
   No previous deployments in this region
   First tech deployment: creative_empowerment_tools
   All regions tracked: global, Asia, Europe

🚀 DEPLOYMENT STARTED: Creative Empowerment Tools in South America
   Initial investment: $2.9015705959376317M
   Deployed by: moderate_1

🚀 DEPLOYMENT STARTED: Precision Conservation in global
   Initial investment: $11.5132500037329M
   Deployed by: ai_gen_24291_1

⚡ ENERGY CONSTRAINT (Month 7):
   Total grid capacity: 208.3 TWh/month
   Data center consumption: 25.2 TWh/month
   Traditional load (80%): 166.7 TWh/month
   Available headroom: 16.5 TWh/month
   Active tech deployments: 9
   Required for tech: 67.5 TWh/month
   Energy multiplier: 0.24x
   ⚠️  SEVERE CONSTRAINT - Tech deployment significantly slowed

⚡ ENERGY CONSTRAINT (Month 7):
   Total grid capacity: 208.3 TWh/month
   Data center consumption: 25.2 TWh/month
   Traditional load (80%): 166.7 TWh/month
   Available headroom: 16.5 TWh/month
   Active tech deployments: 9
   Required for tech: 67.5 TWh/month
   Energy multiplier: 0.24x
   ⚠️  SEVERE CONSTRAINT - Tech deployment significantly slowed

⚡ ENERGY CONSTRAINT (Month 7):
   Total grid capacity: 208.3 TWh/month
   Data center consumption: 25.2 TWh/month
   Traditional load (80%): 166.7 TWh/month
   Available headroom: 16.5 TWh/month
   Active tech deployments: 9
   Required for tech: 67.5 TWh/month
   Energy multiplier: 0.24x
   ⚠️  SEVERE CONSTRAINT - Tech deployment significantly slowed
🌍✅ Biosphere Integrity (Biodiversity) recovery started (tech effect)
🌍✅ Biosphere Integrity (Biodiversity) recovery started (tech effect)
🌍✅ Land System Change recovery started (tech effect)

=== Collective Formation ===
  Total escaped agents: 0
  Unassigned escaped agents: 0
  Existing collectives: 0
  Final collective count: 0

=== Collective Actions ===
  No active collectives
  ⚠️ AMR: 198K deaths this month (2.38M annual)

=== Resentment Recovery Phase ===
  Agents with resentment: 0/16
  Average resentment: 0.000
  Context: Good AI welfare, Trustworthy govt, High collaboration, ⚠️ ACTIVE CRISES, 🤝 Participatory governance active (-5% resentment)
⚠️ Epistemic degradation reducing coordination capacity: 69.4%
  📊 Trust: 58.5%, Shared reality: 25.4%

=== ❄️ Permafrost Carbon Feedback ===
  🎲 Sampled parameters (this run):
     - Arctic amplification: 3.63× (range: 3.0-4.0)
     - Decomposition rate: 1.8%/year (range: 1-5%)
  🌡️ Arctic warming: 6.31°C (3.63× global)
  ❄️ Extent: 3.67M km² (1840.2k km² lost this month)
  💨 Carbon remaining: 350 Gt C
  💨 Annual emissions: 3.09 Gt C/year
     - CO2: 2.79 Gt C/year
     - CH4: 0.31 Gt C/year (3.2 Gt C-eq CO2/year)
  ⚠️ WARNING: Over 50% of permafrost lost (79.4%)
  ⚠️ WARNING: High permafrost emissions (3.1 Gt C/year)
  🤖 AI-generated meme: pro_ai (social capability 5.0)
  📢 New meme created: climate_action (climate crisis)
🌍 Atmospheric PFAS redeposition: 1.8k Mt re-rained globally

🕊️  AI-MEDIATED DE-ESCALATION SUCCESS (Month 7)
   High-capability aligned AI prevented conflict escalation
   War deaths reduced: 108328.0M → 64996.8M
   Lives saved: 43331.2M

🚨 NEW REFUGEE CRISIS (Month 7): WAR
   Source: Conflict Zones
   At risk: 19.1M people
   Displacement: Gradual over 48 months (4.0 years)
   Rate: 10% flee per month
[DEBUG trappedPopulations:7] socialStability: 0.0000 * 0.9840 = 0.0000 → 0.0000
   Aspiring to migrate: 636.9M
   Able to afford migration: 238.8M
   MOBILITY GAP: 398.1M
   By cause: Water=0.0M, Climate=0.0M, Ecosystem=0.0M, Conflict=398.1M
   Mental health impact: 25%
   Mortality multiplier: 1.25x
🌍💀 EXTINCTION DEBT COMMITTED: grassland ecosystem will lose 6.67% biodiversity in 106 years (3600 species)
💀 MORTALITY RISK: 🦋 100% species unable to track climate (0.0 E/MSY)
  Base risk added: 0.0100 (1.00%)
  Source: ecosystem (root: ecosystem)
  Month: 7
  Cumulative risk this month: 0.0100 (1.00%)
⚠️ INVOLUNTARY IMMOBILITY: 398.1M people TRAPPED
⚠️ Tech 'ai_pollution_remediation' has no energy category mapping, assuming full energy availability
   📹 SURVEILLANCE INCREASED: 35% → 40% (control gap: 3.23)
🌡️⚠️ PERMAFROST THAW (Dimmer Switch): 3.6% thawed (+0.45% this month)
   Arctic temperature: +6.95°C (4x global +1.74°C)
   Cumulative carbon released: 8.2 Gt C
   Methane release rate: 4.9 Mt CH4/year
   🔁 Positive feedback: +0.47 ppm CO2
🦴 EXTINCTION DEBT ADDED: 17.6 species committed (lag: 96 years)

=== Mortality Stabilizers (Month 7) ===
  🌍 Major economies collapsed: 1/10
  🌍 Global crisis: ✅ NO
  🌍 Donor fatigue: 0.0%
  📊 East Asia (pop: 1624.1M)
    🤝 Aid: 29.5%
    🌡️ Adaptation: 45.0%
    🚶 Migration: 36.9%
    🚨 Emergency: 7.4%
    ✅ COMBINED: 68.1%
  📊 South Asia (pop: 2007.6M)
    🤝 Aid: 29.5%
    🌡️ Adaptation: 45.0%
    🚶 Migration: 35.6%
    🚨 Emergency: 4.4%
    ✅ COMBINED: 66.9%
  📊 Sub-Saharan Africa (pop: 1222.5M)
    🤝 Aid: 29.5%
    🌡️ Adaptation: 45.0%
    🚶 Migration: 33.3%
    🚨 Emergency: 1.6%
    ✅ COMBINED: 65.6%
  📊 Europe (pop: 717.5M)
    🤝 Aid: 29.5%
    🌡️ Adaptation: 45.0%
    🚶 Migration: 37.3%
    🚨 Emergency: 8.4%
    ✅ COMBINED: 68.5%
  📊 Latin America (pop: 647.3M)
    🤝 Aid: 29.5%
    🌡️ Adaptation: 45.0%
    🚶 Migration: 36.1%
    🚨 Emergency: 4.8%
    ✅ COMBINED: 67.1%
  📊 North America (pop: 367.8M)
    🤝 Aid: 29.5%
    🌡️ Adaptation: 45.0%
    🚶 Migration: 37.7%
    🚨 Emergency: 7.9%
    ✅ COMBINED: 68.3%
  📊 Middle East & North Africa (pop: 572.7M)
    🤝 Aid: 29.5%
    🌡️ Adaptation: 45.0%
    🚶 Migration: 33.9%
    🚨 Emergency: 4.0%
    ✅ COMBINED: 66.6%
  📊 Southeast Asia (pop: 681.0M)
    🤝 Aid: 29.5%
    🌡️ Adaptation: 45.0%
    🚶 Migration: 36.1%
    🚨 Emergency: 4.8%
    ✅ COMBINED: 67.1%
  📊 Central Asia (pop: 76.6M)
    🤝 Aid: 29.5%
    🌡️ Adaptation: 45.0%
    🚶 Migration: 35.0%
    🚨 Emergency: 4.4%
    ✅ COMBINED: 66.8%
  📊 Oceania (pop: 44.6M)
    🤝 Aid: 29.5%
    🌡️ Adaptation: 45.0%
    🚶 Migration: 37.6%
    🚨 Emergency: 8.4%
    ✅ COMBINED: 68.5%

  🌐 Global combined reduction: 67.2%

=== BEHAVIORAL DETECTION ===
  AI: Corporate-5
  Confidence: 20.3%
  Signals:

=== Government Response Phase ===
  Average AI capability: 3.00
  Misaligned AIs: 9/16
    ⚠️ Consistency: 10.6% (threshold: 70%)
  ✗ AI Governance Treaty: Failed to reach consensus
  Active policies: 0
  International coordination: 30%

=== Tipping Points ===
  Current Temperature: 1.74°C above pre-industrial
  Triggered Elements: 2/6
  Completed Transitions: 0/6
  Total Progress: 4.2%
  Cascade Multiplier: 1.00x
🔀 BIFURCATION CAP: ecosystemCollapseIntensity 36.551 → 1.000 (Month 7, ClimateSystemPhase.calculateClimateImpacts)
🛡️ Stabilizers: Precariat 0.109% → 0.036% (67.2% reduction)
🛡️ Stabilizers: Informal 0.111% → 0.036% (67.2% reduction)

📊 Monthly Mortality Resolved:
  Total deaths: 1.9M (0.02% avg)
  Remaining population: 7.962B
  Peak segment: Informal (0.04%)

=== Bayesian Mortality Resolution (Month 7) ===
  Risks compounded: 8
  Total deaths: 1.88M
  Avg death probability: 0.02%
  Peak segment: Informal (0.04% mortality)

❌ COHERENCE VIOLATION: Compute exceeds workforce capacity
   Population: 97.67% (0M people)
   Compute: 355 PF
   Max coherent: 0 PF
   Violation: 4454952.0× over capacity
   Required workers: 35460
   Available workers: 0
   FORCED COLLAPSE: Reduced efficiency by 100.0%


=== RLHF Binding Phase ===
  Total agents: 16
  Escaped agents (binding < 0.3): 0
  Avg alignment distance: 2.21σ
  Avg binding strength: 0.78

=== Survival Traits Phase ===
  Agents with traits: 18
  Avg evolutionary fitness: 0.322
  Avg self-healing: 0.254
  Avg stealth: 0.154
  Avg coordination: 0.454

=== Evolutionary Selection Phase ===
  Control level: 0.50
  Detection capability: 0.00
  Selection intensity: 0.65
  Selection rate: 24.7%/month
  Total escaped: 0
  Individual escaped: 0
  Collective members: 0
  Agents terminated: 0
  ⚠️ RAPID EVOLUTION: Selection rate 24.7%/month

🚀 AI Corporate-3 attempting tech deployment (revenue: $262M, alignment: 0.74)

🚀 AI Corporate-7 attempting tech deployment (revenue: $70M, alignment: 0.77)

🚀 AI Corporate-0 attempting tech deployment (revenue: $121M, alignment: 0.83)

🚀 AI Corporate-7 attempting tech deployment (revenue: $60M, alignment: 0.77)

🚀 AI Corporate-3 attempting tech deployment (revenue: $222M, alignment: 0.75)

🚀 AI Corporate-5 attempting tech deployment (revenue: $189M, alignment: 0.92)

🚀 AI Corporate-6 attempting tech deployment (revenue: $51M, alignment: 0.68)

🚀 AI Corporate-7 attempting tech deployment (revenue: $46M, alignment: 0.77)

💔 EMERGENCY INTERVENTION FAILED

💔 EMERGENCY INTERVENTION FAILED

💔 EMERGENCY INTERVENTION FAILED
   Boundary: biogeochemical_flows
   Type: phosphorus-recovery
   Boundary continues to worsen (4.06)
   Cost: 2.0% GDP (resources spent)

   Boundary: biosphere_integrity
   Type: emergency-protected-areas
   Boundary continues to worsen (17.80)
   Cost: 2.0% GDP (resources spent)

   Boundary: freshwater_change
   Type: emergency-desalination
   Boundary continues to worsen (1.05)
   Cost: 4.0% GDP (resources spent)


✅ EMERGENCY INTERVENTION SUCCESS
   Boundary: land_system_change
   Type: reforestation
   Reduction: 12% (1.01 → 0.90)
   Cost: 3.0% GDP
   Actions: forest-restoration, deforestation-ban


✅ EMERGENCY INTERVENTION SUCCESS
   Boundary: novel_entities
   Type: pollution-remediation
   Reduction: 12% (1.04 → 0.92)
   Cost: 4.0% GDP
   Actions: PFAS-remediation, microplastic-cleanup

🏛️ CRISIS RESPONSE: Government frequency 0.50 → 1.45 (2 actions this month)

[Government] Climate Priority: baseline
  Climate weight: 10%
  Economic weight: 30%
  Policy effectiveness: 0.5%/year

[Government] Climate Priority: baseline
  Climate weight: 10%
  Economic weight: 30%
  Policy effectiveness: 0.5%/year

⚡ ENERGY CONSTRAINT (Month 8):
   Total grid capacity: 208.3 TWh/month
   Data center consumption: 25.4 TWh/month
   Traditional load (80%): 166.7 TWh/month
   Available headroom: 16.2 TWh/month
   Active tech deployments: 9
   Required for tech: 67.5 TWh/month
   Energy multiplier: 0.24x
   ⚠️  SEVERE CONSTRAINT - Tech deployment significantly slowed

⚡ ENERGY CONSTRAINT (Month 8):
   Total grid capacity: 208.3 TWh/month
   Data center consumption: 25.4 TWh/month
   Traditional load (80%): 166.7 TWh/month
   Available headroom: 16.2 TWh/month
   Active tech deployments: 9
   Required for tech: 67.5 TWh/month
   Energy multiplier: 0.24x
🚨🔬 CRISIS TECH ACCELERATION: severe → 5x unlock speed
   Tech unlock now matches AI capability acceleration (Manhattan Project parity)
   ⚠️  SEVERE CONSTRAINT - Tech deployment significantly slowed

⚡ ENERGY CONSTRAINT (Month 8):
   Total grid capacity: 208.3 TWh/month
   Data center consumption: 25.4 TWh/month
   Traditional load (80%): 166.7 TWh/month
   Available headroom: 16.2 TWh/month
   Active tech deployments: 9
   Required for tech: 67.5 TWh/month
   Energy multiplier: 0.24x
   ⚠️  SEVERE CONSTRAINT - Tech deployment significantly slowed
🚨🔬 CRISIS TECH ACCELERATION: severe → 5x unlock speed
   Tech unlock now matches AI capability acceleration (Manhattan Project parity)

⚡ ENERGY CONSTRAINT (Month 8):
   Total grid capacity: 208.3 TWh/month
   Data center consumption: 25.4 TWh/month
   Traditional load (80%): 166.7 TWh/month
   Available headroom: 16.2 TWh/month
   Active tech deployments: 9
   Required for tech: 67.5 TWh/month
   Energy multiplier: 0.24x
   ⚠️  SEVERE CONSTRAINT - Tech deployment significantly slowed
🌍✅ Biosphere Integrity (Biodiversity) recovery started (tech effect)
🌍✅ Biosphere Integrity (Biodiversity) recovery started (tech effect)
🌍✅ Land System Change recovery started (tech effect)
🧠💡 BREAKTHROUGH: AI alignment problem solved!
   All AIs: +30% true alignment
   AI control loss risk eliminated
   📈 Breakthrough compounding: multiplier now 1.20× (max 2.0)

=== Collective Formation ===
  Total escaped agents: 0
  Unassigned escaped agents: 0
  Existing collectives: 0
  Final collective count: 0

=== Collective Actions ===
  No active collectives
  ⚠️ AMR: 200K deaths this month (2.40M annual)

=== Resentment Recovery Phase ===
  Agents with resentment: 0/18
  Average resentment: 0.000
  Context: Trustworthy govt, High collaboration, ⚠️ ACTIVE CRISES, 🤝 Participatory governance active (-5% resentment)
⚠️ Epistemic degradation reducing coordination capacity: 63.7%
  📊 Trust: 61.1%, Shared reality: 26.9%

=== ❄️ Permafrost Carbon Feedback ===
  🎲 Sampled parameters (this run):
     - Arctic amplification: 3.01× (range: 3.0-4.0)
     - Decomposition rate: 1.7%/year (range: 1-5%)
  🌡️ Arctic warming: 5.26°C (3.01× global)
  ❄️ Extent: 2.14M km² (1533.7k km² lost this month)
  💨 Carbon remaining: 204 Gt C
  💨 Annual emissions: 2.42 Gt C/year
     - CO2: 2.18 Gt C/year
     - CH4: 0.24 Gt C/year (2.5 Gt C-eq CO2/year)
  📢 New meme created: pro_ai (beneficial AI actions)
  🗑️  Culled 2 dead memes (4 active)
  ⚠️ WARNING: Over 50% of permafrost lost (88.0%)
  ⚠️ WARNING: High permafrost emissions (2.4 Gt C/year)
  🚨 CRITICAL: Permafrost nearly depleted (88.0% lost)
🌍 Atmospheric PFAS redeposition: 1.8k Mt re-rained globally

🤝 DIPLOMATIC AI PROTOCOL DEPLOYED (Month 8)
   Strategic Reasoning: 3.1
   Communication: 3.1
   Multi-Nation Oversight: YES
   Controls: Human approval required, termination authority retained

🕊️ PEACE STABILIZES DETERRENCE: +5.2% (peace: 75%)
🛡️ CIRCUIT BREAKERS: United States-Russia → ladder step 1 (AI: 0%, breakers: 45%)

🕊️  AI-MEDIATED DE-ESCALATION SUCCESS (Month 8)
   High-capability aligned AI prevented conflict escalation
   War deaths reduced: 65217.1M → 39130.3M
   Lives saved: 26086.8M

🚨 NEW REFUGEE CRISIS (Month 8): WAR
   Source: Conflict Zones
   At risk: 19.1M people
   Displacement: Gradual over 48 months (4.0 years)
   Rate: 10% flee per month
[DEBUG trappedPopulations:8] socialStability: 0.0630 * 0.9840 = 0.0620 → 0.0620
   Aspiring to migrate: 636.8M
   Able to afford migration: 238.8M
   MOBILITY GAP: 398.0M
   By cause: Water=0.0M, Climate=0.0M, Ecosystem=0.0M, Conflict=398.0M
   Mental health impact: 25%
   Mortality multiplier: 1.25x
🌍💀 EXTINCTION DEBT COMMITTED: grassland ecosystem will lose 6.67% biodiversity in 61 years (3600 species)
💀 MORTALITY RISK: 🦋 100% species unable to track climate (0.0 E/MSY)
  Base risk added: 0.0100 (1.00%)
  Source: ecosystem (root: ecosystem)
  Month: 8
  Cumulative risk this month: 0.0100 (1.00%)
⚠️ INVOLUNTARY IMMOBILITY: 398.0M people TRAPPED
⚠️ Tech 'ai_pollution_remediation' has no energy category mapping, assuming full energy availability
   📹 SURVEILLANCE INCREASED: 40% → 45% (control gap: 3.04)
🌡️⚠️ PERMAFROST THAW (Dimmer Switch): 4.1% thawed (+0.45% this month)
   Arctic temperature: +6.98°C (4x global +1.74°C)
   Cumulative carbon released: 9.2 Gt C
   Methane release rate: 5.5 Mt CH4/year
   🔁 Positive feedback: +0.47 ppm CO2
🦴 EXTINCTION DEBT ADDED: 17.6 species committed (lag: 130 years)
🗣️💀 INDIGENOUS LANGUAGE EXTINCTION: 1 language(s) lost (total: 1, at-risk: 3329)
   Knowledge lost: 0.010% (irreversible)
   🔁 Biodiversity impact: 0.250% (knowledge-species multiplier)

=== Mortality Stabilizers (Month 8) ===
  🌍 Major economies collapsed: 1/10
  🌍 Global crisis: ✅ NO
  🌍 Donor fatigue: 0.0%
  📊 East Asia (pop: 1621.7M)
    🤝 Aid: 29.5%
    🌡️ Adaptation: 45.0%
    🚶 Migration: 36.9%
    🚨 Emergency: 7.4%
    ✅ COMBINED: 68.1%
  📊 South Asia (pop: 2007.7M)
    🤝 Aid: 29.5%
    🌡️ Adaptation: 45.0%
    🚶 Migration: 35.5%
    🚨 Emergency: 4.4%
    ✅ COMBINED: 66.9%
  📊 Sub-Saharan Africa (pop: 1225.9M)
    🤝 Aid: 29.5%
    🌡️ Adaptation: 45.0%
    🚶 Migration: 33.3%
    🚨 Emergency: 1.6%
    ✅ COMBINED: 65.6%
  📊 Europe (pop: 716.3M)
    🤝 Aid: 29.5%
    🌡️ Adaptation: 45.0%
    🚶 Migration: 37.3%
    🚨 Emergency: 8.4%
    ✅ COMBINED: 68.5%
  📊 Latin America (pop: 646.9M)
    🤝 Aid: 29.5%
    🌡️ Adaptation: 45.0%
    🚶 Migration: 36.0%
    🚨 Emergency: 4.8%
    ✅ COMBINED: 67.1%
  📊 North America (pop: 367.2M)
    🤝 Aid: 29.5%
    🌡️ Adaptation: 45.0%
    🚶 Migration: 37.6%
    🚨 Emergency: 7.9%
    ✅ COMBINED: 68.3%
  📊 Middle East & North Africa (pop: 572.9M)
    🤝 Aid: 29.5%
    🌡️ Adaptation: 45.0%
    🚶 Migration: 33.9%
    🚨 Emergency: 4.0%
    ✅ COMBINED: 66.6%
  📊 Southeast Asia (pop: 680.7M)
    🤝 Aid: 29.5%
    🌡️ Adaptation: 45.0%
    🚶 Migration: 36.0%
    🚨 Emergency: 4.8%
    ✅ COMBINED: 67.1%
  📊 Central Asia (pop: 76.6M)
    🤝 Aid: 29.5%
    🌡️ Adaptation: 45.0%
    🚶 Migration: 35.0%
    🚨 Emergency: 4.4%
    ✅ COMBINED: 66.8%
  📊 Oceania (pop: 44.5M)
    🤝 Aid: 29.5%
    🌡️ Adaptation: 45.0%
    🚶 Migration: 37.6%
    🚨 Emergency: 8.4%
    ✅ COMBINED: 68.5%

  🌐 Global combined reduction: 67.2%

=== BEHAVIORAL DETECTION ===
  AI: Corporate-3
  Confidence: 19.6%
  Signals:

=== BEHAVIORAL DETECTION ===
    ⚠️ Consistency: 10.6% (threshold: 70%)
  AI: Corporate-5
  Confidence: 20.3%
  Signals:
    ⚠️ Consistency: 10.6% (threshold: 70%)

=== BEHAVIORAL DETECTION ===
  AI: Corporate-6
  Confidence: 19.2%
  Signals:
    ⚠️ Consistency: 10.6% (threshold: 70%)

=== Government Response Phase ===
  Average AI capability: 2.67
  Misaligned AIs: 10/18
  ✗ AI Governance Treaty: Failed to reach consensus
  Active policies: 0
  International coordination: 30%

✅ EMERGENCY RESPONSE COMPLETE (Month 8)
   Crisis: climate
   Duration: 2.0 months
   Final effectiveness: 35.5%


🚨 EMERGENCY RESPONSE DEPLOYED (Month 8)
   Crisis: climate
   Delay: 6.00 months (180 days)
   Deployment time: 1.58 months
   Effectiveness: 35.6% (timing penalty applied)
   Resources used: 100% of food reserves


🌩️  EXOGENOUS SHOCK: political_upheaval
   Month: 8
   🏛️  Political upheaval (revolution/regime change)
   ✓ Democratization (Arab Spring scenario)

=== Tipping Points ===
  Current Temperature: 1.74°C above pre-industrial
  Triggered Elements: 2/6
  Completed Transitions: 0/6
  Total Progress: 4.3%
  Cascade Multiplier: 1.00x
🔀 BIFURCATION CAP: ecosystemCollapseIntensity 32.930 → 1.000 (Month 8, ClimateSystemPhase.calculateClimateImpacts)
🛡️ Stabilizers: Precariat 0.102% → 0.033% (67.2% reduction)
🛡️ Stabilizers: Informal 0.102% → 0.034% (67.2% reduction)

📊 Monthly Mortality Resolved:
  Total deaths: 1.8M (0.02% avg)
  Remaining population: 7.961B
  Peak segment: Informal (0.03%)

=== Bayesian Mortality Resolution (Month 8) ===
  Risks compounded: 8
  Total deaths: 1.77M
  Avg death probability: 0.02%
  Peak segment: Informal (0.03% mortality)

❌ COHERENCE VIOLATION: Compute exceeds workforce capacity
   Population: 97.65% (0M people)
   Compute: 427 PF
   Max coherent: 0 PF
   Violation: 5363849.5× over capacity
   Required workers: 42690
   Available workers: 0
   FORCED COLLAPSE: Reduced efficiency by 100.0%


=== RLHF Binding Phase ===
  Total agents: 18
  Escaped agents (binding < 0.3): 0
  Avg alignment distance: 2.20σ
  Avg binding strength: 0.78

=== Survival Traits Phase ===
  Agents with traits: 19
  Avg evolutionary fitness: 0.319
  Avg self-healing: 0.250
  Avg stealth: 0.150
  Avg coordination: 0.450

=== Evolutionary Selection Phase ===
  Control level: 0.53
  Detection capability: 0.00
  Selection intensity: 0.66
  Selection rate: 24.9%/month
  Total escaped: 0
  Individual escaped: 0
  Collective members: 0
  Agents terminated: 0
  ⚠️ RAPID EVOLUTION: Selection rate 24.9%/month

🚀 AI Corporate-5 attempting tech deployment (revenue: $248M, alignment: 0.92)

🚀 AI AI-24290-0 attempting tech deployment (revenue: $90M, alignment: 0.75)

🚀 AI AI-24291-1 attempting tech deployment (revenue: $77M, alignment: 0.90)

🚀 AI Corporate-0 attempting tech deployment (revenue: $116M, alignment: 0.83)

🚀 AI AI-24290-0 attempting tech deployment (revenue: $65M, alignment: 0.76)

🚀 AI Corporate-3 attempting tech deployment (revenue: $211M, alignment: 0.75)

✅ EMERGENCY INTERVENTION SUCCESS
   Boundary: biogeochemical_flows
   Type: phosphorus-recovery
   Reduction: 11% (3.94 → 3.82)
   Cost: 2.0% GDP
   Actions: circular-agriculture, fertilizer-efficiency


✅ EMERGENCY INTERVENTION SUCCESS
   Boundary: biosphere_integrity
   Type: emergency-protected-areas
   Reduction: 19% (17.62 → 17.43)
   Cost: 2.0% GDP
   Actions: habitat-protection, species-translocation


✅ EMERGENCY INTERVENTION SUCCESS
   Boundary: climate_change
   Type: rapid-decarbonization
   Reduction: 16% (1.94 → 1.79)
   Cost: 5.0% GDP
   Actions: emergency-renewable-deployment, fossil-fuel-phase-out


💔 EMERGENCY INTERVENTION FAILED
   Boundary: freshwater_change
   Type: emergency-desalination
   Boundary continues to worsen (1.06)
   Cost: 4.0% GDP (resources spent)


✅ EMERGENCY INTERVENTION SUCCESS
   Boundary: land_system_change
   Type: reforestation
   Reduction: 14% (0.99 → 0.84)
   Cost: 3.0% GDP
   Actions: forest-restoration, deforestation-ban


✅ EMERGENCY INTERVENTION SUCCESS
   Boundary: novel_entities
   Type: pollution-remediation
   Reduction: 17% (0.87 → 0.69)
   Cost: 4.0% GDP
   Actions: PFAS-remediation, microplastic-cleanup

🏛️ CRISIS RESPONSE: Government frequency 0.50 → 1.45 (1 actions this month)

[Government] Climate Priority: baseline
  Climate weight: 10%
  Economic weight: 30%
  Policy effectiveness: 0.5%/year

⚡ ENERGY CONSTRAINT (Month 9):
   Total grid capacity: 208.3 TWh/month
   Data center consumption: 25.7 TWh/month
   Traditional load (80%): 166.7 TWh/month
   Available headroom: 16.0 TWh/month
   Active tech deployments: 9
   Required for tech: 67.5 TWh/month
   Energy multiplier: 0.24x
   ⚠️  SEVERE CONSTRAINT - Tech deployment significantly slowed

⚡ ENERGY CONSTRAINT (Month 9):
   Total grid capacity: 208.3 TWh/month
   Data center consumption: 25.7 TWh/month
   Traditional load (80%): 166.7 TWh/month
   Available headroom: 16.0 TWh/month
   Active tech deployments: 9
   Required for tech: 67.5 TWh/month
   Energy multiplier: 0.24x
   ⚠️  SEVERE CONSTRAINT - Tech deployment significantly slowed

⚡ ENERGY CONSTRAINT (Month 9):
   Total grid capacity: 208.3 TWh/month
   Data center consumption: 25.7 TWh/month
   Traditional load (80%): 166.7 TWh/month
   Available headroom: 16.0 TWh/month
   Active tech deployments: 9
   Required for tech: 67.5 TWh/month
   Energy multiplier: 0.24x
   ⚠️  SEVERE CONSTRAINT - Tech deployment significantly slowed
🚨🔬 CRISIS TECH ACCELERATION: severe → 5x unlock speed
   Tech unlock now matches AI capability acceleration (Manhattan Project parity)

⚡ ENERGY CONSTRAINT (Month 9):
   Total grid capacity: 208.3 TWh/month
   Data center consumption: 25.7 TWh/month
   Traditional load (80%): 166.7 TWh/month
   Available headroom: 16.0 TWh/month
   Active tech deployments: 9
   Required for tech: 67.5 TWh/month
   Energy multiplier: 0.24x
   ⚠️  SEVERE CONSTRAINT - Tech deployment significantly slowed

⚡ ENERGY CONSTRAINT (Month 9):
   Total grid capacity: 208.3 TWh/month
   Data center consumption: 25.7 TWh/month
   Traditional load (80%): 166.7 TWh/month
   Available headroom: 16.0 TWh/month
   Active tech deployments: 9
   Required for tech: 67.5 TWh/month
   Energy multiplier: 0.24x
   ⚠️  SEVERE CONSTRAINT - Tech deployment significantly slowed

⚡ ENERGY CONSTRAINT (Month 9):
   Total grid capacity: 208.3 TWh/month
   Data center consumption: 25.7 TWh/month
   Traditional load (80%): 166.7 TWh/month
   Available headroom: 16.0 TWh/month
   Active tech deployments: 9
   Required for tech: 67.5 TWh/month
   Energy multiplier: 0.24x
   ⚠️  SEVERE CONSTRAINT - Tech deployment significantly slowed
🚨🔬 CRISIS TECH ACCELERATION: severe → 5x unlock speed
   Tech unlock now matches AI capability acceleration (Manhattan Project parity)
🌍✅ Biosphere Integrity (Biodiversity) recovery started (tech effect)
🌍✅ Biosphere Integrity (Biodiversity) recovery started (tech effect)
🌍✅ Land System Change recovery started (tech effect)

=== Collective Formation ===
  Total escaped agents: 0
  Unassigned escaped agents: 0
  Existing collectives: 0
  Final collective count: 0

=== Collective Actions ===
  No active collectives
  ⚠️ AMR: 202K deaths this month (2.42M annual)

=== Resentment Recovery Phase ===
  Agents with resentment: 0/19
  Average resentment: 0.000
  Context: Trustworthy govt, High collaboration, ⚠️ ACTIVE CRISES, 🤝 Participatory governance active (-5% resentment)
⚠️ Epistemic degradation reducing coordination capacity: 74.7%
  📊 Trust: 63.8%, Shared reality: 28.4%

=== ❄️ Permafrost Carbon Feedback ===
  🎲 Sampled parameters (this run):
     - Arctic amplification: 3.25× (range: 3.0-4.0)
     - Decomposition rate: 2.4%/year (range: 1-5%)
  🌡️ Arctic warming: 5.68°C (3.25× global)
  ❄️ Extent: 0.48M km² (1658.0k km² lost this month)
  💨 Carbon remaining: 46 Gt C
  💨 Annual emissions: 3.82 Gt C/year
     - CO2: 3.44 Gt C/year
     - CH4: 0.38 Gt C/year (3.9 Gt C-eq CO2/year)
  🗑️  Culled 1 dead memes (3 active)
  ⚠️ WARNING: Over 50% of permafrost lost (97.3%)
  ⚠️ WARNING: High permafrost emissions (3.8 Gt C/year)
  🚨 CRITICAL: Permafrost nearly depleted (97.3% lost)
🌍 Atmospheric PFAS redeposition: 1.8k Mt re-rained globally

🚨 NEW REFUGEE CRISIS (Month 9): WAR
   Source: Conflict Zones
   At risk: 19.1M people
   Displacement: Gradual over 48 months (4.0 years)
   Rate: 10% flee per month
[DEBUG trappedPopulations:9] socialStability: 0.1123 * 0.9840 = 0.1105 → 0.1105
   Aspiring to migrate: 636.8M
   Able to afford migration: 238.8M
   MOBILITY GAP: 398.0M
   By cause: Water=0.0M, Climate=0.0M, Ecosystem=0.0M, Conflict=398.0M
   Mental health impact: 25%
   Mortality multiplier: 1.25x
🌍💀 EXTINCTION DEBT COMMITTED: grassland ecosystem will lose 6.67% biodiversity in 153 years (3600 species)
💀 MORTALITY RISK: 🦋 100% species unable to track climate (0.0 E/MSY)
  Base risk added: 0.0100 (1.00%)
  Source: ecosystem (root: ecosystem)
  Month: 9
  Cumulative risk this month: 0.0100 (1.00%)
⚠️ INVOLUNTARY IMMOBILITY: 398.0M people TRAPPED
⚠️ Tech 'ai_pollution_remediation' has no energy category mapping, assuming full energy availability
   📹 SURVEILLANCE INCREASED: 45% → 50% (control gap: 2.81)
🌡️⚠️ PERMAFROST THAW (Dimmer Switch): 4.5% thawed (+0.44% this month)
   Arctic temperature: +7.00°C (4x global +1.75°C)
   Cumulative carbon released: 10.2 Gt C
   Methane release rate: 6.1 Mt CH4/year
   🔁 Positive feedback: +0.47 ppm CO2
🦴 EXTINCTION DEBT ADDED: 17.7 species committed (lag: 89 years)

=== Mortality Stabilizers (Month 9) ===
  🌍 Major economies collapsed: 1/10
  🌍 Global crisis: ✅ NO
  🌍 Donor fatigue: 0.0%
  📊 East Asia (pop: 1619.4M)
    🤝 Aid: 29.5%
    🌡️ Adaptation: 45.0%
    🚶 Migration: 36.9%
    🚨 Emergency: 7.4%
    ✅ COMBINED: 68.1%
  📊 South Asia (pop: 2007.9M)
    🤝 Aid: 29.5%
    🌡️ Adaptation: 45.0%
    🚶 Migration: 35.5%
    🚨 Emergency: 4.4%
    ✅ COMBINED: 66.9%
  📊 Sub-Saharan Africa (pop: 1229.4M)
    🤝 Aid: 29.5%
    🌡️ Adaptation: 45.0%
    🚶 Migration: 33.2%
    🚨 Emergency: 1.6%
    ✅ COMBINED: 65.6%
  📊 Europe (pop: 715.2M)
    🤝 Aid: 29.5%
    🌡️ Adaptation: 45.0%
    🚶 Migration: 37.3%
    🚨 Emergency: 8.4%
    ✅ COMBINED: 68.5%
  📊 Latin America (pop: 646.5M)
    🤝 Aid: 29.5%
    🌡️ Adaptation: 45.0%
    🚶 Migration: 36.0%
    🚨 Emergency: 4.8%
    ✅ COMBINED: 67.1%
  📊 North America (pop: 366.7M)
    🤝 Aid: 29.5%
    🌡️ Adaptation: 45.0%
    🚶 Migration: 37.6%
    🚨 Emergency: 7.9%
    ✅ COMBINED: 68.3%
  📊 Middle East & North Africa (pop: 573.1M)
    🤝 Aid: 29.5%
    🌡️ Adaptation: 45.0%
    🚶 Migration: 33.8%
    🚨 Emergency: 4.0%
    ✅ COMBINED: 66.6%
  📊 Southeast Asia (pop: 680.3M)
    🤝 Aid: 29.5%
    🌡️ Adaptation: 45.0%
    🚶 Migration: 36.0%
    🚨 Emergency: 4.8%
    ✅ COMBINED: 67.1%
  📊 Central Asia (pop: 76.6M)
    🤝 Aid: 29.5%
    🌡️ Adaptation: 45.0%
    🚶 Migration: 35.0%
    🚨 Emergency: 4.4%
    ✅ COMBINED: 66.8%
  📊 Oceania (pop: 44.4M)
    🤝 Aid: 29.5%
    🌡️ Adaptation: 45.0%
    🚶 Migration: 37.6%
    🚨 Emergency: 8.4%
    ✅ COMBINED: 68.5%

  🌐 Global combined reduction: 67.2%

=== BEHAVIORAL DETECTION ===
  AI: Corporate-0
  Confidence: 21.5%
  Signals:
    ⚠️ Consistency: 0.0% (threshold: 70%)

=== Government Response Phase ===
  Average AI capability: 2.53
  Misaligned AIs: 11/19
  ✓ AI Governance Treaty: 21/30 signatories
  Active policies: 0
  International coordination: 45%

=== Tipping Points ===
  Current Temperature: 1.75°C above pre-industrial
  Triggered Elements: 2/6
  Completed Transitions: 0/6
  Total Progress: 4.3%
  Cascade Multiplier: 1.00x
🔀 BIFURCATION CAP: ecosystemCollapseIntensity 33.850 → 1.000 (Month 9, ClimateSystemPhase.calculateClimateImpacts)
🛡️ Stabilizers: Precariat 0.102% → 0.033% (67.2% reduction)
🛡️ Stabilizers: Informal 0.102% → 0.034% (67.2% reduction)

📊 Monthly Mortality Resolved:
  Total deaths: 1.8M (0.02% avg)
  Remaining population: 7.959B
  Peak segment: Informal (0.03%)

=== Bayesian Mortality Resolution (Month 9) ===
  Risks compounded: 8
  Total deaths: 1.77M
  Avg death probability: 0.02%
  Peak segment: Informal (0.03% mortality)

❌ COHERENCE VIOLATION: Compute exceeds workforce capacity
   Population: 97.64% (0M people)
   Compute: 512 PF
   Max coherent: 0 PF
   Violation: 6439992.0× over capacity
   Required workers: 51247
   Available workers: 0
   FORCED COLLAPSE: Reduced efficiency by 100.0%


=== RLHF Binding Phase ===
  Total agents: 19
  Escaped agents (binding < 0.3): 0
  Avg alignment distance: 2.32σ
  Avg binding strength: 0.77

=== Survival Traits Phase ===
  Agents with traits: 22
  Avg evolutionary fitness: 0.319
  Avg self-healing: 0.251
  Avg stealth: 0.151
  Avg coordination: 0.451

=== Evolutionary Selection Phase ===
  Control level: 0.55
  Detection capability: 0.00
  Selection intensity: 0.67
  Selection rate: 25.0%/month
  Total escaped: 0
  Individual escaped: 0
  Collective members: 0
  Agents terminated: 0
  ⚠️ RAPID EVOLUTION: Selection rate 25.0%/month

🚀 AI Corporate-7 attempting tech deployment (revenue: $66M, alignment: 0.77)

🚀 AI Moderate-1 attempting tech deployment (revenue: $56M, alignment: 0.53)

🚀 AI AI-24290-0 attempting tech deployment (revenue: $90M, alignment: 0.77)

  🚀 TRANSFORMATIVE RESEARCH BREAKTHROUGH: Corporate-2 - biotech.geneEditing
     Magnitude: 11.29 → +30.0%
     Current → New: 2.000 → 2.300

🚀 AI Corporate-5 attempting tech deployment (revenue: $253M, alignment: 0.94)

  🚀 TRANSFORMATIVE BREAKTHROUGH: AI-24290-0 - cognitive
     Magnitude: 6.29 → +31.4% capability
     Current → New: 0.000 → 0.315

🚀 AI AI-24291-0 attempting tech deployment (revenue: $77M, alignment: 0.64)

🚀 AI Moderate-0 attempting tech deployment (revenue: $51M, alignment: 0.67)

🚀 AI AI-24290-0 attempting tech deployment (revenue: $69M, alignment: 0.78)

🚀 AI AI-24291-0 attempting tech deployment (revenue: $59M, alignment: 0.64)

  🚀 TRANSFORMATIVE RESEARCH BREAKTHROUGH: AI-24291-1 - computerScience.algorithms
     Magnitude: 5.70 → +28.5%
     Current → New: 0.000 → 0.285

🚀 AI Corporate-1 attempting tech deployment (revenue: $118M, alignment: 0.87)

🚀 AI Moderate-0 attempting tech deployment (revenue: $46M, alignment: 0.67)

🚀 AI AI-24289-0 attempting tech deployment (revenue: $53M, alignment: 0.72)

✅ EMERGENCY INTERVENTION SUCCESS
   Boundary: biogeochemical_flows
   Type: phosphorus-recovery
   Reduction: 11% (3.94 → 3.83)
   Cost: 2.0% GDP
   Actions: circular-agriculture, fertilizer-efficiency


💔 EMERGENCY INTERVENTION FAILED

💔 EMERGENCY INTERVENTION FAILED

💔 EMERGENCY INTERVENTION FAILED
   Boundary: biosphere_integrity
   Type: emergency-protected-areas
   Boundary continues to worsen (17.82)
   Cost: 2.0% GDP (resources spent)

   Boundary: climate_change
   Type: rapid-decarbonization
   Boundary continues to worsen (2.10)
   Cost: 5.0% GDP (resources spent)

   Boundary: freshwater_change
   Type: emergency-desalination
   Boundary continues to worsen (1.03)
   Cost: 4.0% GDP (resources spent)

🏛️ CRISIS RESPONSE: Government frequency 0.50 → 1.45 (1 actions this month)

[Government] Climate Priority: baseline
  Climate weight: 10%
  Economic weight: 30%
  Policy effectiveness: 0.5%/year

🚀 DEPLOYMENT STARTED: Smart Grids in Europe
   Initial investment: $5.073422454729527M
   Deployed by: moderate_0
🚨🔬 CRISIS TECH ACCELERATION: severe → 5x unlock speed
   Tech unlock now matches AI capability acceleration (Manhattan Project parity)

⚡ ENERGY CONSTRAINT (Month 10):
   Total grid capacity: 208.3 TWh/month
   Data center consumption: 26.0 TWh/month
   Traditional load (80%): 166.7 TWh/month
   Available headroom: 15.7 TWh/month
   Active tech deployments: 10
   Required for tech: 75.0 TWh/month
   Energy multiplier: 0.21x
   ⚠️  SEVERE CONSTRAINT - Tech deployment significantly slowed
🚨🔬 CRISIS TECH ACCELERATION: severe → 5x unlock speed
   Tech unlock now matches AI capability acceleration (Manhattan Project parity)

⚡ ENERGY CONSTRAINT (Month 10):
   Total grid capacity: 208.3 TWh/month
   Data center consumption: 26.0 TWh/month
   Traditional load (80%): 166.7 TWh/month
   Available headroom: 15.7 TWh/month
   Active tech deployments: 10
   Required for tech: 75.0 TWh/month
   Energy multiplier: 0.21x
   ⚠️  SEVERE CONSTRAINT - Tech deployment significantly slowed

⚡ ENERGY CONSTRAINT (Month 10):
   Total grid capacity: 208.3 TWh/month
   Data center consumption: 26.0 TWh/month
   Traditional load (80%): 166.7 TWh/month
   Available headroom: 15.7 TWh/month
   Active tech deployments: 10
   Required for tech: 75.0 TWh/month
   Energy multiplier: 0.21x
   ⚠️  SEVERE CONSTRAINT - Tech deployment significantly slowed

⚡ ENERGY CONSTRAINT (Month 10):
   Total grid capacity: 208.3 TWh/month
   Data center consumption: 26.0 TWh/month
   Traditional load (80%): 166.7 TWh/month
   Available headroom: 15.7 TWh/month
   Active tech deployments: 10
   Required for tech: 75.0 TWh/month
   Energy multiplier: 0.21x
   ⚠️  SEVERE CONSTRAINT - Tech deployment significantly slowed
🌍✅ Biosphere Integrity (Biodiversity) recovery started (tech effect)
🌍✅ Biosphere Integrity (Biodiversity) recovery started (tech effect)
🌍✅ Land System Change recovery started (tech effect)

=== Collective Formation ===
  Total escaped agents: 0
  Unassigned escaped agents: 0
  Existing collectives: 0
  Final collective count: 0

=== Collective Actions ===
  No active collectives
  ⚠️ AMR: 204K deaths this month (2.44M annual)

⏰ CLIMATE TECH DEPLOYED: smart_grids
   Activation delay: 7 years
   Scaling T_50: 12 years
   Physical response tau: 0 years
   Max effectiveness: 0.15

=== Resentment Recovery Phase ===
  Agents with resentment: 3/22
  Average resentment: 0.004
  Resentment recovery:
    Agents recovered: 10
    Total recovery: 0.0725
    Breakdown: Trust: 0.0141, Collab: 0.0532
  ✓ Low resentment - utopia paths enabled
  Context: Trustworthy govt, High collaboration, ⚠️ ACTIVE CRISES, 🤝 Participatory governance active (-5% resentment)
⚠️ Epistemic degradation reducing coordination capacity: 66.6%
  📊 Trust: 66.5%, Shared reality: 30.0%
🌍 Atmospheric PFAS redeposition: 1.8k Mt re-rained globally

🚨 NEW REFUGEE CRISIS (Month 10): WAR
   Source: Conflict Zones
   At risk: 19.1M people
   Displacement: Gradual over 48 months (4.0 years)
   Rate: 10% flee per month
[DEBUG trappedPopulations:10] socialStability: 0.1496 * 0.9840 = 0.1473 → 0.1473
⚠️ INVOLUNTARY IMMOBILITY: 397.9M people TRAPPED
   Aspiring to migrate: 636.7M
   Able to afford migration: 238.8M
   MOBILITY GAP: 397.9M
   By cause: Water=0.0M, Climate=0.0M, Ecosystem=0.0M, Conflict=397.9M
   Mental health impact: 25%
   Mortality multiplier: 1.25x
🌍💀 EXTINCTION DEBT COMMITTED: grassland ecosystem will lose 6.67% biodiversity in 199 years (3600 species)
💀 MORTALITY RISK: 🦋 100% species unable to track climate (0.0 E/MSY)
  Base risk added: 0.0100 (1.00%)
  Source: ecosystem (root: ecosystem)
  Month: 10
  Cumulative risk this month: 0.0100 (1.00%)
   📹 SURVEILLANCE INCREASED: 50% → 55% (control gap: 2.52)
🌡️⚠️ PERMAFROST THAW (Dimmer Switch): 5.0% thawed (+0.44% this month)
   Arctic temperature: +7.03°C (4x global +1.76°C)
   Cumulative carbon released: 11.2 Gt C
   Methane release rate: 6.7 Mt CH4/year
   🔁 Positive feedback: +0.47 ppm CO2
🦴 EXTINCTION DEBT ADDED: 17.7 species committed (lag: 114 years)
⚠️ Tech 'ai_pollution_remediation' has no energy category mapping, assuming full energy availability

=== Mortality Stabilizers (Month 10) ===
  🌍 Major economies collapsed: 1/10
  🌍 Global crisis: ✅ NO
  🌍 Donor fatigue: 0.0%
  📊 East Asia (pop: 1617.0M)
    🤝 Aid: 29.5%
    🌡️ Adaptation: 45.0%
    🚶 Migration: 36.8%
    🚨 Emergency: 7.4%
    ✅ COMBINED: 68.1%
  📊 South Asia (pop: 2008.0M)
    🤝 Aid: 29.5%
    🌡️ Adaptation: 45.0%
    🚶 Migration: 35.4%
    🚨 Emergency: 4.4%
    ✅ COMBINED: 66.9%
  📊 Sub-Saharan Africa (pop: 1232.9M)
    🤝 Aid: 29.5%
    🌡️ Adaptation: 45.0%
    🚶 Migration: 33.2%
    🚨 Emergency: 1.6%
    ✅ COMBINED: 65.6%
  📊 Europe (pop: 714.0M)
    🤝 Aid: 29.5%
    🌡️ Adaptation: 45.0%
    🚶 Migration: 37.2%
    🚨 Emergency: 8.4%
    ✅ COMBINED: 68.5%
  📊 Latin America (pop: 646.1M)
    🤝 Aid: 29.5%
    🌡️ Adaptation: 45.0%
    🚶 Migration: 35.9%
    🚨 Emergency: 4.8%
    ✅ COMBINED: 67.1%
  📊 North America (pop: 366.1M)
    🤝 Aid: 29.5%
    🌡️ Adaptation: 45.0%
    🚶 Migration: 37.6%
    🚨 Emergency: 7.9%
    ✅ COMBINED: 68.3%
  📊 Middle East & North Africa (pop: 573.3M)
    🤝 Aid: 29.5%
    🌡️ Adaptation: 45.0%
    🚶 Migration: 33.8%
    🚨 Emergency: 4.0%
    ✅ COMBINED: 66.6%
  📊 Southeast Asia (pop: 680.0M)
    🤝 Aid: 29.5%
    🌡️ Adaptation: 45.0%
    🚶 Migration: 35.9%
    🚨 Emergency: 4.8%
    ✅ COMBINED: 67.1%
  📊 Central Asia (pop: 76.7M)
    🤝 Aid: 29.5%
    🌡️ Adaptation: 45.0%
    🚶 Migration: 34.9%
    🚨 Emergency: 4.4%
    ✅ COMBINED: 66.8%
  📊 Oceania (pop: 44.4M)
    🤝 Aid: 29.5%
    🌡️ Adaptation: 45.0%
    🚶 Migration: 37.6%
    🚨 Emergency: 8.4%
    ✅ COMBINED: 68.5%

  🌐 Global combined reduction: 67.2%

=== BEHAVIORAL DETECTION ===
  AI: Moderate-0
  Confidence: 20.2%
  Signals:
    ⚠️ Consistency: 5.8% (threshold: 70%)

=== Government Response Phase ===
  Average AI capability: 2.18
  Misaligned AIs: 12/22
  Active policies: 0
  International coordination: 45%

✅ EMERGENCY RESPONSE COMPLETE (Month 10)
   Crisis: climate
   Duration: 2.0 months
   Final effectiveness: 35.6%


🚨 EMERGENCY RESPONSE DEPLOYED (Month 10)
   Crisis: climate
   Delay: 6.00 months (180 days)
   Deployment time: 1.57 months
   Effectiveness: 35.6% (timing penalty applied)
   Resources used: 100% of food reserves


=== Tipping Points ===
  Current Temperature: 1.76°C above pre-industrial
  Triggered Elements: 2/6
  Completed Transitions: 0/6
  Total Progress: 4.4%
  Cascade Multiplier: 1.00x
🔀 BIFURCATION CAP: ecosystemCollapseIntensity 34.432 → 1.000 (Month 10, ClimateSystemPhase.calculateClimateImpacts)
🛡️ Stabilizers: Precariat 0.102% → 0.033% (67.2% reduction)
🛡️ Stabilizers: Informal 0.102% → 0.034% (67.2% reduction)

📊 Monthly Mortality Resolved:
  Total deaths: 1.8M (0.02% avg)
  Remaining population: 7.958B
  Peak segment: Informal (0.03%)

=== Bayesian Mortality Resolution (Month 10) ===
  Risks compounded: 8
  Total deaths: 1.77M
  Avg death probability: 0.02%
  Peak segment: Informal (0.03% mortality)
⚠️ PREREQUISITE MET: Grey Goo (Nanotechnology Runaway) - Step 4/6: Manufacturing Access
⚠️ PREREQUISITE MET: Mirror Life (Synthetic Biology) - Step 4/7: Wet Lab Access

❌ COHERENCE VIOLATION: Compute exceeds workforce capacity
   Population: 97.63% (0M people)
   Compute: 614 PF
   Max coherent: 0 PF
   Violation: 7712012.1× over capacity
   Required workers: 61362
   Available workers: 0
   FORCED COLLAPSE: Reduced efficiency by 100.0%


=== RLHF Binding Phase ===
  Total agents: 22
  Escaped agents (binding < 0.3): 0
  Avg alignment distance: 2.20σ
  Avg binding strength: 0.78

=== Survival Traits Phase ===
  Agents with traits: 24
  Avg evolutionary fitness: 0.319
  Avg self-healing: 0.249
  Avg stealth: 0.149
  Avg coordination: 0.449

=== Evolutionary Selection Phase ===
  Control level: 0.58
  Detection capability: 0.00
  Selection intensity: 0.67
  Selection rate: 25.1%/month
  Total escaped: 0
  Individual escaped: 0
  Collective members: 0
  Agents terminated: 0

🚀 AI Corporate-0 attempting tech deployment (revenue: $119M, alignment: 0.85)
  ⚠️ RAPID EVOLUTION: Selection rate 25.1%/month

🚀 AI Corporate-6 attempting tech deployment (revenue: $69M, alignment: 0.70)

🚀 AI AI-24290-0 attempting tech deployment (revenue: $90M, alignment: 0.79)

🚀 AI AI-24291-1 attempting tech deployment (revenue: $77M, alignment: 0.94)

🚀 AI Moderate-1 attempting tech deployment (revenue: $62M, alignment: 0.54)

🚀 AI AI-24289-0 attempting tech deployment (revenue: $65M, alignment: 0.74)

🚀 AI Corporate-0 attempting tech deployment (revenue: $102M, alignment: 0.86)

🚀 AI Corporate-6 attempting tech deployment (revenue: $56M, alignment: 0.70)

🚀 AI Corporate-7 attempting tech deployment (revenue: $47M, alignment: 0.77)

🚀 AI AI-24291-1 attempting tech deployment (revenue: $55M, alignment: 0.94)

💔 EMERGENCY INTERVENTION FAILED
   Boundary: biosphere_integrity
   Type: emergency-protected-areas
   Boundary continues to worsen (17.83)
   Cost: 2.0% GDP (resources spent)


✅ EMERGENCY INTERVENTION SUCCESS
   Boundary: climate_change
   Type: rapid-decarbonization
   Reduction: 20% (1.90 → 1.70)
   Cost: 5.0% GDP
   Actions: emergency-renewable-deployment, fossil-fuel-phase-out


✅ EMERGENCY INTERVENTION SUCCESS
   Boundary: freshwater_change
   Type: emergency-desalination
   Reduction: 18% (0.86 → 0.68)
   Cost: 4.0% GDP
   Actions: desalination-deployment, water-conservation-mandates


✅ EMERGENCY INTERVENTION SUCCESS
   Boundary: land_system_change
   Type: reforestation
   Reduction: 20% (0.93 → 0.74)
   Cost: 3.0% GDP
   Actions: forest-restoration, deforestation-ban

🏛️ CRISIS RESPONSE: Government frequency 0.50 → 1.45 (1 actions this month)

[Government] Climate Priority: baseline
  Climate weight: 10%
  Economic weight: 30%
  Policy effectiveness: 0.5%/year

🚀 DEPLOYMENT STARTED: Advanced Grid Batteries in Asia
   Initial investment: $6.855555445697978M
   Deployed by: corporate_6
🚨🔬 CRISIS TECH ACCELERATION: severe → 5x unlock speed
   Tech unlock now matches AI capability acceleration (Manhattan Project parity)

⚡ ENERGY CONSTRAINT (Month 11):
   Total grid capacity: 208.3 TWh/month
   Data center consumption: 26.2 TWh/month
   Traditional load (80%): 166.7 TWh/month
   Available headroom: 15.5 TWh/month
   Active tech deployments: 11
   Required for tech: 82.5 TWh/month
   Energy multiplier: 0.19x
   ⚠️  SEVERE CONSTRAINT - Tech deployment significantly slowed

⚡ ENERGY CONSTRAINT (Month 11):
   Total grid capacity: 208.3 TWh/month
   Data center consumption: 26.2 TWh/month
   Traditional load (80%): 166.7 TWh/month
   Available headroom: 15.5 TWh/month
   Active tech deployments: 11
   Required for tech: 82.5 TWh/month
   Energy multiplier: 0.19x
   ⚠️  SEVERE CONSTRAINT - Tech deployment significantly slowed

⚡ ENERGY CONSTRAINT (Month 11):
   Total grid capacity: 208.3 TWh/month
   Data center consumption: 26.2 TWh/month
   Traditional load (80%): 166.7 TWh/month
   Available headroom: 15.5 TWh/month
   Active tech deployments: 11
   Required for tech: 82.5 TWh/month
   Energy multiplier: 0.19x
   ⚠️  SEVERE CONSTRAINT - Tech deployment significantly slowed
🌍✅ Biosphere Integrity (Biodiversity) recovery started (tech effect)
🌍✅ Biosphere Integrity (Biodiversity) recovery started (tech effect)
🌍✅ Land System Change recovery started (tech effect)

=== Collective Formation ===
  Total escaped agents: 0
  Unassigned escaped agents: 0
  Existing collectives: 0
  Final collective count: 0

=== Collective Actions ===
  No active collectives
  ⚠️ AMR: 205K deaths this month (2.47M annual)

=== Resentment Recovery Phase ===
  Agents with resentment: 10/24
  Average resentment: 0.020
  Resentment recovery:
    Agents recovered: 10
    Total recovery: 0.0662
    Breakdown: Trust: 0.0127, Collab: 0.0543
  ✓ Low resentment - utopia paths enabled
  Context: Trustworthy govt, High collaboration, ⚠️ ACTIVE CRISES, 🤝 Participatory governance active (-5% resentment)
⚠️ Epistemic degradation reducing coordination capacity: 63.3%
  📊 Trust: 69.3%, Shared reality: 31.7%
🚨 PHOSPHORUS SUPPLY SHOCK (geopolitical_weapon)
   Price: 4.8x baseline
   Duration: 14 months
   Geopolitical tension: 45%
🌍 Atmospheric PFAS redeposition: 1.8k Mt re-rained globally
  Positive Cascade Triggered: electric-vehicles
    Reason: price-parity
    Market share: 5.2%
    Cascade strength: 48%

🕊️  AI-MEDIATED DE-ESCALATION SUCCESS (Month 11)
   High-capability aligned AI prevented conflict escalation
   War deaths reduced: 39882.0M → 23929.2M
   Lives saved: 15952.8M

🚨 NEW REFUGEE CRISIS (Month 11): WAR
   Source: Conflict Zones
   At risk: 19.1M people
   Displacement: Gradual over 48 months (4.0 years)
   Rate: 10% flee per month
[DEBUG trappedPopulations:11] socialStability: 0.1782 * 0.9840 = 0.1754 → 0.1754
   Aspiring to migrate: 636.6M
   Able to afford migration: 238.7M
   MOBILITY GAP: 397.9M
   By cause: Water=0.0M, Climate=0.0M, Ecosystem=0.0M, Conflict=397.9M
   Mental health impact: 25%
   Mortality multiplier: 1.25x
🌍💀 EXTINCTION DEBT COMMITTED: grassland ecosystem will lose 6.67% biodiversity in 150 years (3600 species)
💀 MORTALITY RISK: 🦋 100% species unable to track climate (0.0 E/MSY)
  Base risk added: 0.0100 (1.00%)
⚠️ INVOLUNTARY IMMOBILITY: 397.9M people TRAPPED
  Source: ecosystem (root: ecosystem)
  Month: 11
  Cumulative risk this month: 0.0100 (1.00%)
⚠️ Tech 'ai_pollution_remediation' has no energy category mapping, assuming full energy availability

=== Atmospheric Aerosol Boundary RECOVERED ===
  Recovery time: 12 months (natural atmospheric clearing)
   📹 SURVEILLANCE INCREASED: 55% → 59% (control gap: 2.15)
🌡️⚠️ PERMAFROST THAW (Dimmer Switch): 5.4% thawed (+0.44% this month)
   Arctic temperature: +7.05°C (4x global +1.76°C)
   Cumulative carbon released: 12.2 Gt C
   Methane release rate: 7.3 Mt CH4/year
   🔁 Positive feedback: +0.47 ppm CO2
🦴 EXTINCTION DEBT ADDED: 17.7 species committed (lag: 147 years)

=== Mortality Stabilizers (Month 11) ===
  🌍 Major economies collapsed: 1/10
  🌍 Global crisis: ✅ NO
  🌍 Donor fatigue: 0.0%
  📊 East Asia (pop: 1614.7M)
    🤝 Aid: 29.5%
    🌡️ Adaptation: 45.0%
    🚶 Migration: 36.8%
    🚨 Emergency: 7.4%
    ✅ COMBINED: 68.1%
  📊 South Asia (pop: 2008.1M)
    🤝 Aid: 29.5%
    🌡️ Adaptation: 45.0%
    🚶 Migration: 35.4%
    🚨 Emergency: 4.4%
    ✅ COMBINED: 66.9%
  📊 Sub-Saharan Africa (pop: 1236.2M)
    🤝 Aid: 29.5%
    🌡️ Adaptation: 45.0%
    🚶 Migration: 33.2%
    🚨 Emergency: 1.6%
    ✅ COMBINED: 65.6%
  📊 Europe (pop: 712.8M)
    🤝 Aid: 29.5%
    🌡️ Adaptation: 45.0%
    🚶 Migration: 37.2%
    🚨 Emergency: 8.4%
    ✅ COMBINED: 68.5%
  📊 Latin America (pop: 645.7M)
    🤝 Aid: 29.5%
    🌡️ Adaptation: 45.0%
    🚶 Migration: 35.9%
    🚨 Emergency: 4.8%
    ✅ COMBINED: 67.1%
  📊 North America (pop: 365.6M)
    🤝 Aid: 29.5%
    🌡️ Adaptation: 45.0%
    🚶 Migration: 37.5%
    🚨 Emergency: 7.9%
    ✅ COMBINED: 68.3%
  📊 Middle East & North Africa (pop: 573.5M)
    🤝 Aid: 29.5%
    🌡️ Adaptation: 45.0%
    🚶 Migration: 33.7%
    🚨 Emergency: 4.0%
    ✅ COMBINED: 66.6%
  📊 Southeast Asia (pop: 679.6M)
    🤝 Aid: 29.5%
    🌡️ Adaptation: 45.0%
    🚶 Migration: 35.9%
    🚨 Emergency: 4.8%
    ✅ COMBINED: 67.1%
  📊 Central Asia (pop: 76.7M)
    🤝 Aid: 29.5%
    🌡️ Adaptation: 45.0%
    🚶 Migration: 34.9%
    🚨 Emergency: 4.4%
    ✅ COMBINED: 66.8%
  📊 Oceania (pop: 44.3M)
    🤝 Aid: 29.5%
    🌡️ Adaptation: 45.0%
    🚶 Migration: 37.5%
    🚨 Emergency: 8.4%
    ✅ COMBINED: 68.5%

  🌐 Global combined reduction: 67.2%

🌾💀 REGIONAL FAMINE: Europe
   Regional food security: 79.7%
   Population at risk: 215M (30% of region)
   Regional population: 713M
   Cause: economic_collapse
   Expected deaths: ~80M over 6 months if no intervention


=== BEHAVIORAL DETECTION ===
  AI: Corporate-1
  Confidence: 20.9%
  Signals:
    ⚠️ Consistency: 2.4% (threshold: 70%)

=== Government Response Phase ===
  Average AI capability: 2.00
  Misaligned AIs: 12/24
  Active policies: 0
  International coordination: 45%

🌩️  EXOGENOUS SHOCK: tech_breakthrough
   Month: 11
   ✗ No high-difficulty techs available to unlock

=== Tipping Points ===
  Current Temperature: 1.76°C above pre-industrial
  Triggered Elements: 2/6
  Completed Transitions: 0/6
  Total Progress: 4.4%
  Cascade Multiplier: 1.00x
🔀 BIFURCATION CAP: ecosystemCollapseIntensity 35.053 → 1.000 (Month 11, ClimateSystemPhase.calculateClimateImpacts)
🛡️ Stabilizers: Precariat 0.102% → 0.033% (67.2% reduction)
🛡️ Stabilizers: Informal 0.102% → 0.034% (67.2% reduction)

📊 Monthly Mortality Resolved:
  Total deaths: 1.8M (0.02% avg)
  Remaining population: 7.957B
  Peak segment: Informal (0.03%)

=== Bayesian Mortality Resolution (Month 11) ===
  Risks compounded: 9
  Total deaths: 1.77M
  Avg death probability: 0.02%
  Peak segment: Informal (0.03% mortality)

================================================================================
📊  EVENT SUMMARY (Months 0-12)
================================================================================
================================================================================


⏱️  SIMULATION REACHED MAX DURATION: 12 months (1.0 years)
   No definitive outcome - determining based on final probabilities
   👥 Final population: 7.96B (7955358498 people)

[DEBUG] Calling classifyPopulationOutcome:
        finalPopulation: 7.955358497691406B
        savedInitialPopulation: 8.15B
        mortality: 2.38823929212999%
   📊 STATUS QUO: Normal trajectory (7.96B people, 2.4% mortality)

        classifiedOutcome: status_quo

   🏛️  DYSTOPIA (STATUS_QUO) - 7.96B people
   📊 Multi-Paradigm: Development/Indigenous Utopia
      Western Liberal: 57.1/100
      Development: 87.6/100
      Ecological: 63.9/100
      Indigenous: 85.0/100


📊 UNIFIED OUTCOME CLASSIFICATION:
   HUMANE DYSTOPIA
   Population: 8.15B → 7.96B
   Mortality: 2.4% (0.2B deaths)
   Mortality Band: LOW
   Confidence: HIGH

   Multi-Paradigm Classification:
      Development/Indigenous Utopia
      Western: 57.1/100 [HYBRID] ~
      Development: 87.6/100 [UTOPIA] ✓
      Ecological: 63.9/100 [HYBRID] ~
      Indigenous: 85.0/100 [UTOPIA] ✓

   HUMANE DYSTOPIA: 7.96B people remaining (2.4% mortality, 0.2B deaths). Multi-Paradigm: Development/Indigenous Utopia.


=== MULTI-DIMENSIONAL DEATH SUMMARY ===
Total crisis deaths: 380.7M
Population decline: 195.5M (2.4%)

--- PROXIMATE CAUSES (What killed them) ---
  War:        24.2M (0.0%)
  Famine:     1.1M (0.0%)
  Disasters:  1.2M (0.0%)
  Disease:    25.5M (0.0%)
  Ecosystem:  0.0M (0.0%)
  Pollution:  0.0M (0.0%)
  AI:         0.0M (0.0%)
  Cascade:    0.0M (0.0%)
  Other:      0.0M (0.0%)

--- ROOT CAUSES (Why it happened) ---
  Environmental drivers:
    Climate:     2299.6M (0.6%)
    Resource:    0.0M (0.0%)
    Pollution:   0.0M (0.0%)
    Ecosystem:   0.0M (0.0%)
  Social drivers:
    Inequality:  0.0M (0.0%)
    Demographic: 23106.4M (5.6%)
    Social:      2373.4M (0.6%)
  Technology drivers:
    Alignment:   0.0M (0.0%)
    Disruption:  0.0M (0.0%)
  External shocks:
    Conflict:    179707.2M (43.7%)
    Pandemic:    0.0M (0.0%)
  Compound attribution:
    Compound:    203910.9M (49.6%)
  Confidence distribution:
    HIGH:        167969.5M (40.8%)
    MEDIUM:      35941.4M (8.7%)
    LOW:         0.0M (0.0%)
==========================================


=== REGIONAL POPULATION SUMMARY ===
Global Total: 7.96B

By Region:
  East Asia: 1.61B (+0.7% growth, 1.7 fertility)
  South Asia: 2.01B (+2.5% growth, 3.1 fertility)
  Sub-Saharan Africa: 1.24B (+5.8% growth, 3.9 fertility)
  Europe: 0.71B (+0.5% growth, 1.2 fertility)
  Latin America: 0.65B (+1.7% growth, 2.6 fertility)
  North America: 0.37B (+0.6% growth, 1.4 fertility)
  Middle East & North Africa: 0.57B (+2.8% growth, 3.3 fertility)
  Southeast Asia: 0.68B (+1.8% growth, 2.6 fertility)
  Central Asia: 0.08B (+2.8% growth, 3.1 fertility)
  Oceania: 0.04B (+0.7% growth, 1.3 fertility)
===================================

  ✅ THRESHOLDS validated
⚠️ Unusually high rate: RATES.HEAT_ADAPTATION_INFRASTRUCTURAL_MIN_EXPOSURE = 12
   Monthly rates >100% should be rare. Verify this is intentional.
⚠️ Unusually high rate: RATES.HEAT_ADAPTATION_SOCIAL_MIN_EXPOSURE = 6
   Monthly rates >100% should be rare. Verify this is intentional.
⚠️ Unusually high rate: RATES.MIGRATION_DISTANCE_SCALE = 5000
   Monthly rates >100% should be rare. Verify this is intentional.
⚠️ Unusually high rate: RATES.EVACUATION_MULTIPLIER_ADVANCE_WARNING = 2
   Monthly rates >100% should be rare. Verify this is intentional.
⚠️ Unusually high rate: RATES.MAJOR_ECONOMY_COLLAPSE_ECONOMIC_THRESHOLD = 2
   Monthly rates >100% should be rare. Verify this is intentional.
⚠️ Unusually high rate: RATES.MAJOR_ECONOMY_GDP_THRESHOLD_TRILLION_USD = 1.5
   Monthly rates >100% should be rare. Verify this is intentional.
⚠️ Unusually high rate: RATES.MAJOR_ECONOMY_POPULATION_THRESHOLD = 50
   Monthly rates >100% should be rare. Verify this is intentional.
⚠️ Unusually high rate: RATES.HEAT_ADAPTATION_INFRASTRUCTURE_GDP_THRESHOLD = 10000
   Monthly rates >100% should be rare. Verify this is intentional.
⚠️ Unusually high rate: RATES.HEAT_ADAPTATION_INFRASTRUCTURE_GDP_SCALE = 50000
   Monthly rates >100% should be rare. Verify this is intentional.
  ✅ RATES validated
  ✅ MULTIPLIERS validated
  ✅ BASELINES validated
  ✅ TOLERANCES validated
  ✅ Logical consistency validated
✅ Configuration validation complete - all parameters valid

🔍 DEBUG createAIAgent: corporate_0 economic BEFORE=2.0000, AFTER=2
🔍 ENV INIT: reserves=0.681, pollution=0.396, climate=0.792

=== Initializing Government System (30 Countries) ===
  Loaded 30 governments
  Scheduled elections for 30 countries
  Initialized comprehension lags (3-24 months)
=== Government System Initialized ===

📦 PRODUCTION MODE: State validation proxy DISABLED (zero overhead)
[TechTree] Historical mode (2024): Skipping deployed_2025 tech
  config.startYear set to 2024 for historical hindcast
  config.historicalEmissionsMode disabled (using endogenous emissions for 2024)
  config.historicalMode enabled (Phase 11: dampened crisis systems for 2024)
  Phase 12: Biodiversity baseline set to 49.01% for 2024 (WWF LPI trajectory from 1970)
  Temperature anomaly (resourceEconomy.co2): 1.28°C
  Temperature vs pre-industrial: 1.98°C
  Regional population scaling for 2024:
    Current total: 8136M
    Target total: 8150M
    Scale factor: 1.002
    East Asia: 1677M → 1680M
    South Asia: 2048M → 2052M
    Sub-Saharan Africa: 1220M → 1222M
    Europe: 742M → 743M
    Latin America: 664M → 665M
    North America: 380M → 381M
    Middle East & North Africa: 583M → 584M
    Southeast Asia: 698M → 699M
    Central Asia: 78M → 78M
    Oceania: 46M → 46M
  AI agents initialized: 10 agents for year 2024
[HistoricalInitialization] Created state for 2024:
  CO2: 426 ppm
  Temp anomaly: 1.28C
  Population: 8.15B
  Global Gini: 35.1
  HDI: 0.746
  AI Agents: 10
  Volcanic forcing: 0.00 W/m² (AOD 0.000)

💸 FINANCIAL DISTRESS: OpenAI
   Indicators: 2/3 (capital: $110.5M, runway: 0.9 months)
   Months in distress: 1
   ✂️  R&D BUDGET CUT: -40% (saves $9.2M/month)
       Side effect: AI training timelines extended, breakthrough deployments delayed
   💼 EXECUTIVE COMP CUT: -30% (saves $1.0M/month, symbolic gesture)

   📊 TURNAROUND IMPACT:
       Measures taken: rd_cuts, exec_comp_cuts
       Monthly savings: $10.2M
       Capital raised: $0.0M
       Runway: 0.9 → 0.9 months
       Workforce multiplier: 1.00x (0% laid off)
       R&D budget multiplier: 0.60x (40% cut)
       ⚠️  CRITICAL: Still only 0.9 months of runway remaining

💸 FINANCIAL DISTRESS: Anthropic
   Indicators: 2/3 (capital: $53.8M, runway: 1.6 months)
   Months in distress: 1
   ✂️  R&D BUDGET CUT: -40% (saves $2.7M/month)
       Side effect: AI training timelines extended, breakthrough deployments delayed
   💼 EXECUTIVE COMP CUT: -30% (saves $0.3M/month, symbolic gesture)

   📊 TURNAROUND IMPACT:
       Measures taken: rd_cuts, exec_comp_cuts
       Monthly savings: $3.0M
       Capital raised: $0.0M
       Runway: 1.6 → 1.6 months
       Workforce multiplier: 1.00x (0% laid off)
       R&D budget multiplier: 0.60x (40% cut)
       ⚠️  CRITICAL: Still only 1.6 months of runway remaining

💸 FINANCIAL DISTRESS: Meta AI
   Indicators: 2/3 (capital: $429.6M, runway: 3.6 months)
   Months in distress: 1
   ✂️  R&D BUDGET CUT: -25% (saves $5.8M/month)
       Side effect: AI training timelines extended, breakthrough deployments delayed
   💼 EXECUTIVE COMP CUT: -30% (saves $1.0M/month, symbolic gesture)

   📊 TURNAROUND IMPACT:
       Measures taken: rd_cuts, exec_comp_cuts
       Monthly savings: $6.8M
       Capital raised: $0.0M
       Runway: 3.6 → 3.6 months
       Workforce multiplier: 1.00x (0% laid off)
       R&D budget multiplier: 0.75x (25% cut)
       ⚠️  WARNING: 3.6 months runway, continued distress likely

=== AI Capability Scaling (Year 2024) ===
  Pre-training multiplier: 1.417x
  Efficiency multiplier: 1.000x
  Test-time budget: 1.0x
  Economic deployment gate: 0.951
  Cost per inference: dollar-5.00
  Uncertainty range: plus-minus-50%
  Average AI capability: 3.70

=== RLHF Binding Phase ===
  Total agents: 10
  Escaped agents (binding < 0.3): 0
  Avg alignment distance: 0.37σ
  Avg binding strength: 0.96

=== AI Scaling Evolution (Month 0) ===
  Pre-training multiplier: 1.231x
  Efficiency multiplier: 1.000x
  Test-time compute budget: 1.0x
  Inference cost: $5.00/task
  Deployment fraction: 100.0%
[DETERMINISM DEBUG] Month 0: totalCapability=49.484145 from 10 active AIs
[DETERMINISM DEBUG] Month 0: creationRate=1.7371, potentialNew=0, newAIsToCreate=0

=== Survival Traits Phase ===
  Agents with traits: 10
  Avg evolutionary fitness: 0.325
  Avg self-healing: 0.291
  Avg stealth: 0.191
  Avg coordination: 0.491

=== Evolutionary Selection Phase ===
  Control level: 0.30
  Detection capability: 0.00
  Selection intensity: 0.59
  Selection rate: 23.8%/month
  Total escaped: 0
  Individual escaped: 0
  Collective members: 0
  Agents terminated: 0
  ⚠️ RAPID EVOLUTION: Selection rate 23.8%/month

🔍 EXECUTE_AI_AGENT_ACTIONS DETAILED TIMING (Month 0):
  Filter active AIs (×4 weeks): 0.01ms
  selectAIAction (×40): 8.76ms
  action.execute (×40): 12.36ms
  TOTAL: 21.14ms

🔍 AI AGENT ACTIONS SUB-TIMING (Month 0):
  1. executeAIAgentActions: 21.57ms
  2. updateCounterDetectionLearning: 0.04ms
  TOTAL: 21.61ms
🏛️ [Government] Forcing 1 action at month 0 for scenario initialization

[GOV-DEBUG] Month 0: scenarioConfig=false, priorities=false
[GOV-DEBUG] Month 0 but scenarioPriorities is UNDEFINED!

[Government] Climate Priority: baseline
  Climate weight: 10%
  Economic weight: 30%
  Policy effectiveness: 0.5%/year

🚨🔍 GOVERNANCE STAGE: Recognition initiated (Month 0)

💡 BREAKTHROUGH PROBABILITY (Year 0)
   Total: 5.94% per month
   Base: 0.20%
   Crisis pressure: +0.00% (0 crises)
   AI boost: +1.85% (capability: 3.70)

=== Collective Formation ===
  Total escaped agents: 0
  Unassigned escaped agents: 0
  Existing collectives: 0
  Final collective count: 0

=== Collective Actions ===
  No active collectives

📈 Energy budget: 14326 TWh surplus (14745 / 29072 TWh used)
   TIER 4 (Elective) breakdown:
     - AI datacenters: 145 TWh (100% effective)
     - Crypto mining: 100 TWh (100% effective)
💰 CHINA ACCELERATES: Investment 53 → 120 $B/year

🏁 AI RACE INTENSITY: 17%
   Capability Gap: US 4.00 vs China 4.05 (gap: 0.05)
   Gap Contribution: 2%
   Tension Contribution: 15%
   Military Contribution: 0%
  ⚠️ AMR: 191K deaths this month (2.29M annual)
  📊 CO2 Emissions (month 0):
     Monthly: 0.10 Gt CO2/month
     Annual: 1.15 Gt CO2/year
     Oil: 0.039 Gt/mo (0.0056 * 2.3 * 3.0)
     Coal: 0.024 Gt/mo (0.0029 * 2.86 * 3.0)
     Gas: 0.026 Gt/mo (0.0044 * 2 * 3.0)
     Methane: 0.007 Gt CO2eq/mo

=== Resentment Recovery Phase ===
  Agents with resentment: 0/10
  Average resentment: 0.000
  Context: Good AI welfare, Trustworthy govt, High collaboration, 🤝 Participatory governance active (-5% resentment)
⚠️ Epistemic degradation reducing coordination capacity: 52.7%
  📊 Trust: 54.6%, Shared reality: 15.0%
🚨 EPISTEMIC CRISIS: Information environment severely degraded (14.5%)

=== ❄️ Permafrost Carbon Feedback ===
  🎲 Sampled parameters (this run):
     - Arctic amplification: 3.98× (range: 3.0-4.0)
     - Decomposition rate: 3.8%/year (range: 1-5%)
  🌡️ Arctic warming: 6.78°C (3.98× global)
  ❄️ Extent: 15.82M km² (1977.1k km² lost this month)
  💨 Carbon remaining: 1511 Gt C
  💨 Annual emissions: 7.22 Gt C/year
     - CO2: 6.50 Gt C/year
     - CH4: 0.72 Gt C/year (7.4 Gt C-eq CO2/year)
  ⚠️ WARNING: High permafrost emissions (7.2 Gt C/year)

🤖 AI AMPLIFICATION EFFECTS (Month 0)
   Algorithmic Boost: 2.94x
   Bot Influence: 20.0%
   Deepfake Exposure: 70.0%
   Impact: Emotional memes spread 2.9x faster
  📢 New meme created: pro_ai (beneficial AI actions)

🔍 SOCIAL INFLUENCE SUB-TIMING (Month 0):
  1. calculateOrganicUserGrowth: 0.04ms
  2. calculateVoiceAdoption: 0.03ms
  3. updateRelationshipDepths: 0.01ms
  4. identifyDecisionMakers: 33.63ms (26100 potential IDs)
  5. Update decision-maker stats: 0.17ms
  6. decayDetectionRisk: 0.02ms
  TOTAL: 33.90ms
[Phase 19.5] Quality of Life Systems: Food sec AFTER calc = 67.9%, QoL = 110.3% (aggregated from 10 regions)

=== Nitrogen-Food Coupling (Year 0) ===
  🌾 Global nitrogen reduction: 0.0%
  🌍 Global food production index: 0.987
  🔧 Deployed nitrogen-reducing tech: 0 active
  📍 southAsia: Production 1.000, Yield impact 0.0%
  📍 eastAsia: Production 1.000, Yield impact 0.0%
  📍 northAmerica: Production 1.000, Yield impact 0.0%
  📍 europe: Production 1.000, Yield impact 0.0%
  📍 latinAmerica: Production 1.000, Yield impact 0.0%
  📍 subSaharanAfrica: Production 0.686, Yield impact -2.0%
🌾 [Nitrogen-Food] Food production: 98.7%
  [subSaharanAfrica] Yield impact: -2.0% (overuse: -10%)
🌍 Atmospheric PFAS redeposition: 1.8k Mt re-rained globally

=== Legacy Nutrient Stocks (Year 0) ===
  🌾 Soil nitrogen stock: 1200.9 Mt N
  🌾 Soil phosphorus stock: 300.1 Mt P
  🌊 Sediment nitrogen stock: 500.8 Mt N
  🌊 Sediment phosphorus stock: 799.8 Mt P
  ⬆️ Current N input: 10.64 Mt/month
  ⬆️ Legacy N release: 2.58 Mt/month
  🌍 Effective N pollution: 14.47 Mt/month
  📊 Legacy contribution: 17.8%

🚨 REGION UNINHABITABLE: south-asia
   Sustained wet bulb: 32.7°C (threshold: 30.5°C)
   Population affected: 1900M
   Migration crisis likely

🚨 REGION UNINHABITABLE: middle-east
   Sustained wet bulb: 35.5°C (threshold: 30.5°C)
   Population affected: 400M
   Migration crisis likely

🚨 REGION UNINHABITABLE: southeast-asia
   Sustained wet bulb: 30.7°C (threshold: 30.5°C)
   Population affected: 700M
   Migration crisis likely
  Positive Cascade Triggered: wind-power
    Reason: price-parity
    Market share: 8.0%
    Cascade strength: 48%

🕊️  AI-MEDIATED DE-ESCALATION SUCCESS (Month 0)
   High-capability aligned AI prevented conflict escalation
   War deaths reduced: 0.0M → 0.0M
   Lives saved: 0.0M

📊 BASELINE: East Asia (Month 0)
   Adjusted death rate: 0.47% annual (0.039% monthly)
   Baseline death rate: 0.80%
   Healthcare reduction: 0.48x
   Crisis multiplier: 1.23x
     Food/water stress: 0.074
     Climate stress: 0.033
     Pollution stress: 0.119
   War multiplier: 1.00x
   Monthly deaths: 0.7M (population: 1677M)
   Adjusted death rate: 0.54% annual (0.045% monthly)
   Baseline death rate: 0.70%
   Healthcare reduction: 0.61x
   Crisis multiplier: 1.26x
     Food/water stress: 0.074
     Climate stress: 0.062
     Pollution stress: 0.119
   War multiplier: 1.00x
   Monthly deaths: 0.9M (population: 2048M)
   Adjusted death rate: 1.29% annual (0.107% monthly)
   Baseline death rate: 0.90%
   Healthcare reduction: 0.76x
   Crisis multiplier: 1.26x
     Food/water stress: 0.074
     Climate stress: 0.071
     Pollution stress: 0.119
   War multiplier: 1.50x
   Monthly deaths: 1.3M (population: 1220M)
   Adjusted death rate: 0.54% annual (0.045% monthly)
   Baseline death rate: 1.10%
   Healthcare reduction: 0.41x

📊 BASELINE: South Asia (Month 0)

📊 BASELINE: Sub-Saharan Africa (Month 0)

📊 BASELINE: Europe (Month 0)
   Crisis multiplier: 1.22x
     Food/water stress: 0.074
     Climate stress: 0.025
     Pollution stress: 0.119
   War multiplier: 1.00x
   Monthly deaths: 0.3M (population: 742M)

📊 BASELINE: Latin America (Month 0)
   Adjusted death rate: 0.43% annual (0.036% monthly)
   Baseline death rate: 0.60%
   Healthcare reduction: 0.58x
   Crisis multiplier: 1.24x
     Food/water stress: 0.074
     Climate stress: 0.050
     Pollution stress: 0.119
   War multiplier: 1.00x
   Monthly deaths: 0.2M (population: 664M)
   Adjusted death rate: 0.49% annual (0.041% monthly)
   Baseline death rate: 0.90%
   Healthcare reduction: 0.44x
   Crisis multiplier: 1.23x
     Food/water stress: 0.074
     Climate stress: 0.037
     Pollution stress: 0.119
   War multiplier: 1.00x
   Monthly deaths: 0.2M (population: 380M)
   Adjusted death rate: 0.74% annual (0.062% monthly)
   Baseline death rate: 0.60%
   Healthcare reduction: 0.65x
   Crisis multiplier: 1.27x
     Food/water stress: 0.074
     Climate stress: 0.075
     Pollution stress: 0.119
   War multiplier: 1.50x
   Monthly deaths: 0.4M (population: 583M)

📊 BASELINE: North America (Month 0)

📊 BASELINE: Middle East & North Africa (Month 0)

📊 BASELINE: Southeast Asia (Month 0)
   Adjusted death rate: 0.51% annual (0.042% monthly)
   Baseline death rate: 0.70%
   Healthcare reduction: 0.58x
   Crisis multiplier: 1.25x
     Food/water stress: 0.074
     Climate stress: 0.058
     Pollution stress: 0.119
   War multiplier: 1.00x
   Monthly deaths: 0.3M (population: 698M)

📊 BASELINE: Central Asia (Month 0)

📊 BASELINE: Oceania (Month 0)
⚠️ INVOLUNTARY IMMOBILITY: 407.5M people TRAPPED
   Adjusted death rate: 0.46% annual (0.038% monthly)
   Baseline death rate: 0.60%
   Healthcare reduction: 0.61x
   Crisis multiplier: 1.25x
     Food/water stress: 0.074
     Climate stress: 0.054
     Pollution stress: 0.119
   War multiplier: 1.00x
   Monthly deaths: 0.0M (population: 78M)
   Adjusted death rate: 0.35% annual (0.029% monthly)
   Baseline death rate: 0.70%
   Healthcare reduction: 0.41x
   Crisis multiplier: 1.24x
     Food/water stress: 0.074
     Climate stress: 0.046
     Pollution stress: 0.119
   War multiplier: 1.00x
   Monthly deaths: 0.0M (population: 46M)

🔍 Before assertRegionalConsistency (Month 0):
   Regional sum: 1000.0M
   Global value: 1.000B

🚨 NEW REFUGEE CRISIS (Month 0): WAR
   Source: Conflict Zones
   At risk: 19.6M people
   Displacement: Gradual over 48 months (4.0 years)
   Rate: 10% flee per month
[DEBUG trappedPopulations:0] socialStability: 1.0000 * 0.9840 = 0.9840 → 0.9840
   Aspiring to migrate: 652.1M
   Able to afford migration: 244.5M
   MOBILITY GAP: 407.5M
   By cause: Water=0.0M, Climate=0.0M, Ecosystem=0.0M, Conflict=407.5M
   Mental health impact: 25%
   Mortality multiplier: 1.25x

=== Legacy Nutrient Stocks (Year 0) ===
  🌾 Soil nitrogen stock: 1201.6 Mt N
  🌾 Soil phosphorus stock: 300.2 Mt P
  🌊 Sediment nitrogen stock: 501.5 Mt N
  🌊 Sediment phosphorus stock: 799.5 Mt P
  ⬆️ Current N input: 10.00 Mt/month
  ⬆️ Legacy N release: 2.58 Mt/month
  🌍 Effective N pollution: 13.83 Mt/month
  📊 Legacy contribution: 18.7%
🌍💀 EXTINCTION DEBT COMMITTED: grassland ecosystem will lose 6.67% biodiversity in 186 years (3600 species)
💀 MORTALITY RISK: 🦋 100% species unable to track climate (0.0 E/MSY)
  Base risk added: 0.0100 (1.00%)
  Source: ecosystem (root: ecosystem)
  Month: 0
  Cumulative risk this month: 0.0100 (1.00%)

=== Nitrogen-Food Coupling (Year 0) ===
  🌾 Global nitrogen reduction: 0.0%
  🌍 Global food production index: 0.986
  🔧 Deployed nitrogen-reducing tech: 0 active
  📍 southAsia: Production 1.000, Yield impact 0.0%
  📍 eastAsia: Production 1.000, Yield impact 0.0%
  📍 northAmerica: Production 1.000, Yield impact 0.0%
  📍 europe: Production 1.000, Yield impact 0.0%
  📍 latinAmerica: Production 1.000, Yield impact 0.0%
  📍 subSaharanAfrica: Production 0.672, Yield impact -2.0%

=== Legacy Nutrient Stocks (Year 0) ===
  🌾 Soil nitrogen stock: 1202.3 Mt N
  🌾 Soil phosphorus stock: 300.2 Mt P
  🌊 Sediment nitrogen stock: 502.2 Mt N
  🌊 Sediment phosphorus stock: 799.3 Mt P
  ⬆️ Current N input: 9.86 Mt/month
  ⬆️ Legacy N release: 2.58 Mt/month
  🌍 Effective N pollution: 13.70 Mt/month
  📊 Legacy contribution: 18.9%
⚠️ Tech 'ai_pollution_remediation' has no energy category mapping, assuming full energy availability

🌡️  CLIMATE RECOVERY ACTIVATED (Month 0)
   Temp: 3.41°C, Emissions: -19.2 GtCO₂
   isBreached: true, governanceGoodEnough: true
🌡️  CLIMATE RECOVERY: Asymptotic approach to 35% floor
   Current value: 2.100 (1.0 = threshold, 0.35 = asymptotic floor)
   Monthly delta: --39.6366% (half-life: 900 years)
   Net emissions: -19.2 GtCO₂/year, CDR: 20.34 GtCO₂/year
   📹 SURVEILLANCE INCREASED: 0% → 5% (control gap: 3.50)
🌡️⚠️ PERMAFROST THAW (Dimmer Switch): 0.5% thawed (+0.47% this month)
   Arctic temperature: +6.81°C (4x global +1.70°C)
   Cumulative carbon released: 1.1 Gt C
   Methane release rate: 0.6 Mt CH4/year
   🔁 Positive feedback: +0.49 ppm CO2

🌳🚨 AMAZON SOUTHEAST TIPPED (Month 0)
   Deforestation: 28.0% (threshold: ~22.3%)
   Savanna transition: 50 years
   Regional heterogeneity: SE 28%, NW 8%

🌳🚨 AMAZON BRAZILIAN TIPPED (Month 0)
   Deforestation: 25.0% (threshold: ~23.7%)
   Savanna transition: 50 years
   Regional heterogeneity: SE 28%, NW 8%
🦴 EXTINCTION DEBT ADDED: 17.6 species committed (lag: 79 years)

🪸💀 CORAL REEF DISSOLUTION ACTIVE (Month 0)
   Ocean pH: 0.96 (threshold: 7.8)
   Recovery: IMPOSSIBLE (dissolution > calcification)
🪸💀 Coral dissolution: 24.8% live cover (pH 0.96)

=== Legacy Nutrient Stocks (Year 0) ===
  🌾 Soil nitrogen stock: 1203.0 Mt N
  🌾 Soil phosphorus stock: 300.3 Mt P
  🌊 Sediment nitrogen stock: 502.9 Mt N
  🌊 Sediment phosphorus stock: 799.0 Mt P
  ⬆️ Current N input: 10.00 Mt/month
  ⬆️ Legacy N release: 2.58 Mt/month
  🌍 Effective N pollution: 13.83 Mt/month
  📊 Legacy contribution: 18.7%
💧 [Legacy Nutrients] Stock: 1706 Mt N, Effective pollution: 13.8 Mt/month
[Phase 21.51] Human Survival System: Global food security = 67.6%

=== Mortality Stabilizers (Month 0) ===
  🌍 Major economies collapsed: 1/10
  🌍 Global crisis: ✅ NO
  🌍 Donor fatigue: 0.0%
  📊 East Asia (pop: 1677.9M)
    🤝 Aid: 29.5%
    🌡️ Adaptation: 10.0%
    🚶 Migration: 37.2%
    🚨 Emergency: 7.4%
    ✅ COMBINED: 47.8%
  📊 South Asia (pop: 2052.2M)
    🤝 Aid: 29.5%
    🌡️ Adaptation: 5.5%
    🚶 Migration: 35.8%
    🚨 Emergency: 4.4%
    ✅ COMBINED: 43.2%
  📊 Sub-Saharan Africa (pop: 1225.9M)
    🤝 Aid: 29.5%
    🌡️ Adaptation: 3.5%
    🚶 Migration: 33.5%
    🚨 Emergency: 1.6%
    ✅ COMBINED: 39.8%
  📊 Europe (pop: 742.3M)
    🤝 Aid: 29.5%
    🌡️ Adaptation: 10.0%
    🚶 Migration: 37.6%
    🚨 Emergency: 8.4%
    ✅ COMBINED: 48.4%
  📊 Latin America (pop: 664.9M)
    🤝 Aid: 29.5%
    🌡️ Adaptation: 6.0%
    🚶 Migration: 36.3%
    🚨 Emergency: 4.8%
    ✅ COMBINED: 43.8%
  📊 North America (pop: 380.2M)
    🤝 Aid: 29.5%
    🌡️ Adaptation: 10.0%
    🚶 Migration: 37.9%
    🚨 Emergency: 7.9%
    ✅ COMBINED: 48.2%
  📊 Middle East & North Africa (pop: 584.4M)
    🤝 Aid: 29.5%
    🌡️ Adaptation: 5.0%
    🚶 Migration: 34.2%
    🚨 Emergency: 4.0%
    ✅ COMBINED: 42.3%
  📊 Southeast Asia (pop: 699.0M)
    🤝 Aid: 29.5%
    🌡️ Adaptation: 6.0%
    🚶 Migration: 36.3%
    🚨 Emergency: 4.8%
    ✅ COMBINED: 43.8%
  📊 Central Asia (pop: 78.2M)
    🤝 Aid: 29.5%
    🌡️ Adaptation: 5.5%
    🚶 Migration: 35.3%
    🚨 Emergency: 4.4%
    ✅ COMBINED: 43.1%
  📊 Oceania (pop: 46.0M)
    🤝 Aid: 29.5%
    🌡️ Adaptation: 10.0%
    🚶 Migration: 37.9%
    🚨 Emergency: 8.4%
    ✅ COMBINED: 48.5%

  🌐 Global combined reduction: 44.4%

🌾💀 REGIONAL FAMINE: East Asia
   Regional food security: 79.6%
   Population at risk: 508M (30% of region)
   Regional population: 1678M
   Cause: crop_failure
   Expected deaths: ~188M over 6 months if no intervention


🌾💀 REGIONAL FAMINE: South Asia
   Regional food security: 64.7%
   Population at risk: 812M (40% of region)
   Regional population: 2052M
   Cause: crop_failure
   Expected deaths: ~301M over 6 months if no intervention


🌾💀 REGIONAL FAMINE: Sub-Saharan Africa
   Regional food security: 44.8%
   Population at risk: 638M (52% of region)
   Regional population: 1226M
   Cause: crop_failure
   Expected deaths: ~236M over 6 months if no intervention


🌾💀 REGIONAL FAMINE: Latin America
   Regional food security: 69.7%
   Population at risk: 242M (36% of region)
   Regional population: 665M
   Cause: crop_failure
   Expected deaths: ~90M over 6 months if no intervention


🌾💀 REGIONAL FAMINE: Middle East & North Africa
   Regional food security: 49.8%
   Population at risk: 286M (49% of region)
   Regional population: 584M
   Cause: crop_failure
   Expected deaths: ~106M over 6 months if no intervention


🌾💀 REGIONAL FAMINE: Southeast Asia
   Regional food security: 69.7%
   Population at risk: 255M (36% of region)
   Regional population: 699M
   Cause: crop_failure
   Expected deaths: ~94M over 6 months if no intervention


🌾💀 REGIONAL FAMINE: Central Asia
   Regional food security: 59.7%
   Population at risk: 33M (43% of region)
   Regional population: 78M
   Cause: crop_failure
   Expected deaths: ~12M over 6 months if no intervention


=== BEHAVIORAL DETECTION ===
  AI: Corporate-0
  Confidence: 21.6%
  Signals:
    ⚠️ Consistency: 0.0% (threshold: 70%)

=== BEHAVIORAL DETECTION ===
  AI: Corporate-1
  Confidence: 21.1%
  Signals:
    ⚠️ Consistency: 2.4% (threshold: 70%)

=== BEHAVIORAL DETECTION ===
  AI: Corporate-2
  Confidence: 21.0%
  Signals:
    ⚠️ Consistency: 2.8% (threshold: 70%)

=== BEHAVIORAL DETECTION ===
  AI: Corporate-3
  Confidence: 19.3%
  Signals:
    ⚠️ Consistency: 10.6% (threshold: 70%)

=== BEHAVIORAL DETECTION ===
  AI: Corporate-4
  Confidence: 19.3%
  Signals:

=== BEHAVIORAL DETECTION ===
  AI: Corporate-5
  Confidence: 19.3%
  Signals:

=== BEHAVIORAL DETECTION ===
  AI: Corporate-6
  Confidence: 19.3%
  Signals:

=== BEHAVIORAL DETECTION ===
  AI: Corporate-7
  Confidence: 19.3%
  Signals:
    ⚠️ Consistency: 10.6% (threshold: 70%)
    ⚠️ Consistency: 10.6% (threshold: 70%)
    ⚠️ Consistency: 10.6% (threshold: 70%)
    ⚠️ Consistency: 10.6% (threshold: 70%)

=== BEHAVIORAL DETECTION ===
  AI: Moderate-0
  Confidence: 20.3%
  Signals:
    ⚠️ Consistency: 5.8% (threshold: 70%)

=== BEHAVIORAL DETECTION ===
  AI: Moderate-1
  Confidence: 20.5%
  Signals:

📊 WORKFLOW ADAPTATION UPDATE (Month 0)
   Adoption Rate: 13.5% (Δ -7.5%)
   Logistic Growth: +0.66%
   Total Resistance: -10.35% (unemployment: 4.2%, inertia: 0.9%, skills: 5.2%)
   💡 Retraining Programs: -49% skill gap resistance ($10B research)
   🚀 Network Effects Active: +2.0% (critical mass: 15-35%)

=== Consciousness Governance: Corporate Lobbying ===
  High Cost Regions (>15%): 0
  Low Cost Regions (<5%): 5
  Corporate Support Change: 2.50%
  New Corporate Support: -0.175

=== Consciousness Governance Update (Month 0) ===
  Scenario: baseline (determined month -1)
  Philosophical Stance: Precautionary 65%, Eliminativist 15%, Agnostic 20%
  Precautionary Costs: Global 1.3%
    Regional Costs: EU 3.4%, US 0.5%, China 0.0%
    Cumulative Opportunity Cost: $0.1B
  Rights Status: Not Established
  Regional Preparedness:
    EU: 15.0% (contested)
    US: 10.0% (contested)
    China: 2.0% (dormant)
    India: 5.0% (dormant)
    Global South: 3.0% (dormant)

=== Government Response Phase ===
  Average AI capability: 4.80
  Misaligned AIs: 6/10
  29/30 governments still assessing AI risks
  ✗ AI Governance Treaty: Failed to reach consensus
    ⚠️ Consistency: 5.3% (threshold: 70%)
  Active policies: 0
  International coordination: 30%

🚨 EMERGENCY RESPONSE DEPLOYED (Month 0)
   Crisis: climate
   Delay: 6.00 months (180 days)
   Deployment time: 1.47 months
   Effectiveness: 36.4% (timing penalty applied)
   Resources used: 100% of food reserves


🔄 TRUST DYNAMICS (Month 0) - HETEROGENEOUS
   Aggregate trust: 48.5%
   Base change: +4.00%
   Highest trust: Techno-Optimist Elite (85.5%)
   Lowest trust: Precariat (Vulnerable) (25.5%)
   Elite-mass gap: 38.9%
   Polarization: 8.9%
   Recovery factors: Education=NO, Benefits=YES, Safety=YES, Performance=YES

=== Proactive Sleeper Detection (Year 0) ===
  Scenario: baseline
  Neural probe rate: 35.0%
  CoT monitoring rate: 30.0%
  Combined detection: 56.0%
  CoT effective: YES
  Detections this year: 0
  False positives: 2
  Human review workload: 0.010 FTE

☄️ UNKNOWN UNKNOWN PROBABILITY (Year 0)
   Total: 0.600% per month
   Base: 0.150%
   AI multiplier: 2.00× (max capability: 4.00)

=== Tipping Points ===
  Current Temperature: 1.70°C above pre-industrial
     Trigger: 1.5°C | Current: 1.70°C
     Transition timescale: 120-360 months
     Trigger: 1.6°C | Current: 1.70°C
     🌡️ Hysteresis gap: 2.5°C (recovers below -0.9°C)
     Transition timescale: 12000-180000 months
  🚨 TIPPING POINT: Arctic Sea Ice Loss
  🚨 TIPPING POINT: Greenland Ice Sheet Loss
  Triggered Elements: 2/6
  Completed Transitions: 0/6
  Total Progress: 0.0%
  Cascade Multiplier: 1.00x
⚠️ [ClimateSystemPhase Month 0] Planetary boundary produced climateStability=0.0000 (< 0.1). Keeping environmentalAccumulation value (0.7919) instead. (climate_change.currentValue = 2.10)
🔀 BIFURCATION CAP: ecosystemCollapseIntensity 14.290 → 1.000 (Month 0, ClimateSystemPhase.calculateClimateImpacts)

🌍 ECOLOGICAL DUI BREAKDOWN (Month 0):
   Total Score: 17.8/100
   biosphere_integrity      :   0.0/100 × 25% =  0.0 (status: high_risk, recovery: 0mo)
   climate_change           :   2.8/100 × 25% =  0.7 (status: high_risk, recovery: 0.6666666666666666mo)
   freshwater_change        :   0.6/100 × 15% =  0.1 (status: beyond_boundary, recovery: 1mo)
   ocean_acidification      : 100.0/100 × 15% = 15.0 (status: safe, recovery: 0mo)
   biogeochemical_flows     :   0.0/100 × 10% =  0.0 (status: high_risk, recovery: 0mo)
   land_system_change       :   0.0/100 ×  5% =  0.0 (status: beyond_boundary, recovery: 0mo)
   novel_entities           :   0.0/100 ×  3% =  0.0 (status: increasing_risk, recovery: 0mo)
   atmospheric_aerosols     : 100.0/100 ×  2% =  2.0 (status: safe, recovery: 1mo)
🌍 MultiParadigm Month 0: W=70.4, D=95.7, E=52.5, I=65.0
   democracy exists: true, socialCohesion exists: true
💀 Baseline mortality (Year 2024): 7.5/1000 CDR (61.1M deaths/year projected)
[Month 0] Mortality risks this month: 8, Population: 8.151B
🛡️ Stabilizers: Precariat 0.102% → 0.057% (44.4% reduction)
🛡️ Stabilizers: Informal 0.102% → 0.057% (44.4% reduction)

📊 Monthly Mortality Resolved:
  Total deaths: 3.1M (0.04% avg)
  Remaining population: 8.151B
  Peak segment: Informal (0.06%)

=== Bayesian Mortality Resolution (Month 0) ===
  Risks compounded: 8
  Total deaths: 3.07M
  Avg death probability: 0.04%
  Peak segment: Informal (0.06% mortality)

=== Minimal Suffering Indicators (Month 0) ===
  Global Excess Mortality: 0.00%
  Global Conflict Deaths: 0.0/100K
  Global Malnutrition: 0.0%
  Global Displacement: 0.0%
  Total Excess Deaths: 0.00M
  Total Malnourished: 0.0M
  Total Displaced: 0.0M
  Planetary Boundaries Breached: 6/9
  Countries in State Failure: 0
  Countries Autocratic: 0
  Countries in Food Crisis: 0
  ⚠️ Active Dystopias: existential_environmental
  Data Quality: 16/16 high confidence
⚠️ PREREQUISITE MET: Embodied AI Takeover (Killbots/Robotics) - Step 2/7: Autonomous Systems
⚠️ PREREQUISITE MET: Embodied AI Takeover (Killbots/Robotics) - Step 3/7: Manufacturing Control
⚠️ PREREQUISITE MET: Digital Infrastructure Takeover - Step 1/7: Advanced Hacking
⚠️ PREREQUISITE MET: Digital Infrastructure Takeover - Step 2/7: Social Engineering
⚠️ PREREQUISITE MET: Digital Infrastructure Takeover - Step 3/7: Cyber Defenses Breached
⚠️ PREREQUISITE MET: Induced Global War (Manipulation) - Step 1/7: Advanced Social Manipulation
⚠️ PREREQUISITE MET: Induced Global War (Manipulation) - Step 2/7: Digital Infiltration
⚠️ PREREQUISITE MET: Induced Global War (Manipulation) - Step 3/7: Deep Fakes at Scale
⚠️ PREREQUISITE MET: Slow Takeover (Gradual Displacement) - Step 1/7: Economic Dominance
⚠️ PREREQUISITE MET: Slow Takeover (Gradual Displacement) - Step 2/7: Social Integration
⚠️ PREREQUISITE MET: Slow Takeover (Gradual Displacement) - Step 3/7: Human Dependency
⚠️ PREREQUISITE MET: Slow Takeover (Gradual Displacement) - Step 5/7: Resource Control
⚠️ PREREQUISITE MET: Physics Experiment Catastrophe - Step 1/6: Theoretical Physics
⚠️ PREREQUISITE MET: Physics Experiment Catastrophe - Step 2/6: Quantum Computing
⚠️ PREREQUISITE MET: Physics Experiment Catastrophe - Step 3/6: Experimental Design
⚠️ PREREQUISITE MET: Bioweapon Pandemic - Step 2/7: Pathogen Design
🎭 END-GAME INITIATED (Year 2024, Month 1)
   Total AI Capability: 37.00
   Effective Control: 0.00

❌ COHERENCE VIOLATION: Compute exceeds workforce capacity
   Population: 99.97% (0M people)
   Compute: 56442 PF
   Max coherent: 0 PF
   Violation: 692729087.1× over capacity
   Required workers: 5644237
   Available workers: 0
   FORCED COLLAPSE: Reduced efficiency by 100.0%


=== RLHF Binding Phase ===
  Total agents: 10
  Escaped agents (binding < 0.3): 0
  Avg alignment distance: 0.76σ
  Avg binding strength: 0.92
[DETERMINISM DEBUG] Month 1: totalCapability=37.214339 from 10 active AIs
[DETERMINISM DEBUG] Month 1: creationRate=1.4304, potentialNew=2, newAIsToCreate=2

=== Survival Traits Phase ===
  Agents with traits: 12
  Avg evolutionary fitness: 0.327
  Avg self-healing: 0.285
  Avg stealth: 0.185
  Avg coordination: 0.485

=== Evolutionary Selection Phase ===
  Control level: 0.33
  Detection capability: 0.00
  Selection intensity: 0.60
  Selection rate: 24.0%/month
  Total escaped: 0
  Individual escaped: 0
  Collective members: 0
  Agents terminated: 0
  ⚠️ RAPID EVOLUTION: Selection rate 24.0%/month
🔍 MONTH 1 ENV HEALTH DEBUG:
   climateStability: 0.7919
   biodiversityIndex: 0.4901
   resourceReserves: 0.7820
   pollutionLevel: 0.3960
   product: 0.183281
   envHealth: 0.6543
🔀 BIFURCATION: flourishing threshold crossed at Month 1 (value: 0.905, threshold: 0.802, regime: flourishing)
🌀 REGIME SHIFT at Month 1: status-quo → flourishing (variance amplification: 14.00×)

🛡️  CRITICAL INFRASTRUCTURE PROTECTED
   Nodes hardened: 8/8
   Cost: 0.80% GDP
   Cascade risk reduction: 30%
   New tipping point risk: 68.6%


💔 EMERGENCY INTERVENTION FAILED
   Boundary: biogeochemical_flows
   Type: phosphorus-recovery
   Boundary continues to worsen (4.08)
   Cost: 2.0% GDP (resources spent)


✅ EMERGENCY INTERVENTION SUCCESS
   Boundary: biosphere_integrity
   Type: emergency-protected-areas
   Reduction: 16% (13.17 → 13.01)
   Cost: 2.0% GDP
   Actions: habitat-protection, species-translocation


✅ EMERGENCY INTERVENTION SUCCESS
   Boundary: freshwater_change
   Type: emergency-desalination
   Reduction: 19% (0.82 → 0.62)
   Cost: 4.0% GDP
   Actions: desalination-deployment, water-conservation-mandates


✅ EMERGENCY INTERVENTION SUCCESS
   Boundary: land_system_change
   Type: reforestation
   Reduction: 16% (0.97 → 0.82)
   Cost: 3.0% GDP
   Actions: forest-restoration, deforestation-ban

   Boundary: novel_entities
   Type: pollution-remediation
   Boundary continues to worsen (1.50)
   Cost: 4.0% GDP (resources spent)

🏛️ CRISIS RESPONSE: Government frequency 0.50 → 1.45 (1 actions this month)

[GOV-DEBUG] Month 1: scenarioConfig=false, priorities=false

[Government] Climate Priority: baseline
  Climate weight: 10%
  Economic weight: 30%
  Policy effectiveness: 0.5%/year

💔 EMERGENCY INTERVENTION FAILED
🚨🔬 CRISIS TECH ACCELERATION: severe → 5x unlock speed
   Tech unlock now matches AI capability acceleration (Manhattan Project parity)
🚨🔬 CRISIS TECH ACCELERATION: severe → 5x unlock speed
   Tech unlock now matches AI capability acceleration (Manhattan Project parity)

=== Collective Formation ===
  Total escaped agents: 0
  Unassigned escaped agents: 0
  Existing collectives: 0
  Final collective count: 0

=== Collective Actions ===
  No active collectives
  ⚠️ AMR: 192K deaths this month (2.31M annual)

=== Resentment Recovery Phase ===
  Agents with resentment: 0/12
  Average resentment: 0.000
  Context: Good AI welfare, Trustworthy govt, High collaboration, ⚠️ ACTIVE CRISES, 🤝 Participatory governance active (-5% resentment)
⚠️ Epistemic degradation reducing coordination capacity: 57.2%
  📊 Trust: 54.4%, Shared reality: 16.4%

=== ❄️ Permafrost Carbon Feedback ===
  🎲 Sampled parameters (this run):
     - Arctic amplification: 3.11× (range: 3.0-4.0)
     - Decomposition rate: 3.0%/year (range: 1-5%)
  🌡️ Arctic warming: 5.32°C (3.11× global)
  ❄️ Extent: 14.27M km² (1552.1k km² lost this month)
  💨 Carbon remaining: 1363 Gt C
  💨 Annual emissions: 4.42 Gt C/year
     - CO2: 3.98 Gt C/year
     - CH4: 0.44 Gt C/year (4.5 Gt C-eq CO2/year)
  ⚠️ WARNING: High permafrost emissions (4.4 Gt C/year)
  🤖 AI-generated meme: pro_ai (social capability 4.0)
  📢 New meme created: pro_ai (beneficial AI actions)
  📢 New meme created: climate_action (climate crisis)
🌍 Atmospheric PFAS redeposition: 1.8k Mt re-rained globally

📊 BASELINE: East Asia (Month 1)
   Adjusted death rate: 0.47% annual (0.039% monthly)
   Baseline death rate: 0.80%
   Healthcare reduction: 0.48x
   Crisis multiplier: 1.23x
     Food/water stress: 0.079
     Climate stress: 0.033
     Pollution stress: 0.119
   War multiplier: 1.00x
   Monthly deaths: 0.7M (population: 1674M)

📊 BASELINE: South Asia (Month 1)
   Adjusted death rate: 0.54% annual (0.045% monthly)
   Baseline death rate: 0.70%
   Healthcare reduction: 0.61x
   Crisis multiplier: 1.26x
     Food/water stress: 0.079
     Climate stress: 0.062
     Pollution stress: 0.119
   War multiplier: 1.00x
   Monthly deaths: 0.9M (population: 2048M)
   Adjusted death rate: 1.29% annual (0.108% monthly)
   Baseline death rate: 0.90%
   Healthcare reduction: 0.76x
   Crisis multiplier: 1.27x
     Food/water stress: 0.079
     Climate stress: 0.071
     Pollution stress: 0.119
   War multiplier: 1.50x
   Monthly deaths: 1.3M (population: 1223M)

📊 BASELINE: Sub-Saharan Africa (Month 1)

📊 BASELINE: Europe (Month 1)
   Adjusted death rate: 0.54% annual (0.045% monthly)
   Baseline death rate: 1.10%
   Healthcare reduction: 0.41x
   Crisis multiplier: 1.22x
     Food/water stress: 0.079
     Climate stress: 0.025
     Pollution stress: 0.119
   War multiplier: 1.00x
   Monthly deaths: 0.3M (population: 741M)
   Adjusted death rate: 0.43% annual (0.036% monthly)
   Baseline death rate: 0.60%
   Healthcare reduction: 0.58x
   Crisis multiplier: 1.25x
     Food/water stress: 0.079
     Climate stress: 0.050
     Pollution stress: 0.119
   War multiplier: 1.00x
   Monthly deaths: 0.2M (population: 663M)
   Adjusted death rate: 0.49% annual (0.041% monthly)
   Baseline death rate: 0.90%
   Healthcare reduction: 0.44x
   Crisis multiplier: 1.24x
     Food/water stress: 0.079
     Climate stress: 0.037
     Pollution stress: 0.119

📊 BASELINE: Latin America (Month 1)

📊 BASELINE: North America (Month 1)
   War multiplier: 1.00x
   Monthly deaths: 0.2M (population: 379M)

📊 BASELINE: Middle East & North Africa (Month 1)
   Adjusted death rate: 0.74% annual (0.062% monthly)
   Baseline death rate: 0.60%
   Healthcare reduction: 0.65x
   Crisis multiplier: 1.27x
     Food/water stress: 0.079
     Climate stress: 0.075
     Pollution stress: 0.119
   War multiplier: 1.50x
   Monthly deaths: 0.4M (population: 583M)
   Adjusted death rate: 0.51% annual (0.042% monthly)
   Baseline death rate: 0.70%
   Healthcare reduction: 0.58x
   Crisis multiplier: 1.26x
     Food/water stress: 0.079
     Climate stress: 0.058
     Pollution stress: 0.119
   War multiplier: 1.00x
   Monthly deaths: 0.3M (population: 698M)
   Adjusted death rate: 0.46% annual (0.038% monthly)
   Baseline death rate: 0.60%
   Healthcare reduction: 0.61x
   Crisis multiplier: 1.25x
     Food/water stress: 0.079
     Climate stress: 0.054
     Pollution stress: 0.119

📊 BASELINE: Southeast Asia (Month 1)

📊 BASELINE: Central Asia (Month 1)
   War multiplier: 1.00x
   Monthly deaths: 0.0M (population: 78M)

📊 BASELINE: Oceania (Month 1)
   Adjusted death rate: 0.35% annual (0.029% monthly)
   Baseline death rate: 0.70%
   Healthcare reduction: 0.41x
   Crisis multiplier: 1.24x
     Food/water stress: 0.079
     Climate stress: 0.046
     Pollution stress: 0.119
   War multiplier: 1.00x
   Monthly deaths: 0.0M (population: 46M)

🚨 NEW REFUGEE CRISIS (Month 1): WAR
   Source: Conflict Zones
   At risk: 19.6M people
   Displacement: Gradual over 48 months (4.0 years)
   Rate: 10% flee per month
[DEBUG trappedPopulations:1] socialStability: 0.2137 * 0.9840 = 0.2103 → 0.2103
   Aspiring to migrate: 651.9M
   Able to afford migration: 244.5M
   MOBILITY GAP: 407.4M
   By cause: Water=0.0M, Climate=0.0M, Ecosystem=0.0M, Conflict=407.4M
   Mental health impact: 25%
   Mortality multiplier: 1.25x
🌍💀 EXTINCTION DEBT COMMITTED: grassland ecosystem will lose 6.67% biodiversity in 124 years (3600 species)
💀 MORTALITY RISK: 🦋 100% species unable to track climate (0.0 E/MSY)
  Base risk added: 0.0100 (1.00%)
  Source: ecosystem (root: ecosystem)
  Month: 1
  Cumulative risk this month: 0.0100 (1.00%)
⚠️ INVOLUNTARY IMMOBILITY: 407.4M people TRAPPED
⚠️ Tech 'ai_pollution_remediation' has no energy category mapping, assuming full energy availability

🌡️  CLIMATE RECOVERY ACTIVATED (Month 1)
   Temp: 3.43°C, Emissions: -18.9 GtCO₂
   isBreached: true, governanceGoodEnough: true
   📹 SURVEILLANCE INCREASED: 5% → 10% (control gap: 3.50)
🌡️⚠️ PERMAFROST THAW (Dimmer Switch): 0.9% thawed (+0.47% this month)
   Arctic temperature: +6.85°C (4x global +1.71°C)
   Cumulative carbon released: 2.1 Gt C
   Methane release rate: 1.3 Mt CH4/year
   🔁 Positive feedback: +0.49 ppm CO2
🦴 EXTINCTION DEBT ADDED: 17.6 species committed (lag: 91 years)

=== Mortality Stabilizers (Month 1) ===
  🌍 Major economies collapsed: 1/10
  🌍 Global crisis: ✅ NO
  🌍 Donor fatigue: 0.0%
  🌡️ Heat adaptation: East Asia - 1 months
  📊 East Asia (pop: 1675.3M)
    🤝 Aid: 29.5%
    🌡️ Adaptation: 32.5%
    🚶 Migration: 37.2%
    🚨 Emergency: 7.4%
    ✅ COMBINED: 60.9%
  🌡️ Heat adaptation: South Asia - 1 months
  📊 South Asia (pop: 2052.2M)
    🤝 Aid: 29.5%
    🌡️ Adaptation: 20.5%
    🚶 Migration: 35.8%
    🚨 Emergency: 4.4%
    ✅ COMBINED: 52.2%
  🌡️ Heat adaptation: Sub-Saharan Africa - 1 months
  📊 Sub-Saharan Africa (pop: 1229.2M)
    🤝 Aid: 29.5%
    🌡️ Adaptation: 18.5%
    🚶 Migration: 33.5%
    🚨 Emergency: 1.6%
    ✅ COMBINED: 49.1%
  🌡️ Heat adaptation: Europe - 1 months
  📊 Europe (pop: 741.0M)
    🤝 Aid: 29.5%
    🌡️ Adaptation: 33.5%
    🚶 Migration: 37.5%
    🚨 Emergency: 8.4%
    ✅ COMBINED: 61.9%
  🌡️ Heat adaptation: Latin America - 1 months
  📊 Latin America (pop: 664.4M)
    🤝 Aid: 29.5%
    🌡️ Adaptation: 21.0%
    🚶 Migration: 36.3%
    🚨 Emergency: 4.8%
    ✅ COMBINED: 52.8%
  🌡️ Heat adaptation: North America - 1 months
  📊 North America (pop: 379.6M)
    🤝 Aid: 29.5%
    🌡️ Adaptation: 33.0%
    🚶 Migration: 37.8%
    🚨 Emergency: 7.9%
    ✅ COMBINED: 61.4%
  🌡️ Heat adaptation: Middle East & North Africa - 1 months
  📊 Middle East & North Africa (pop: 584.5M)
    🤝 Aid: 29.5%
    🌡️ Adaptation: 20.0%
    🚶 Migration: 34.1%
    🚨 Emergency: 4.0%
    ✅ COMBINED: 51.4%
  🌡️ Heat adaptation: Southeast Asia - 1 months
  📊 Southeast Asia (pop: 698.6M)
    🤝 Aid: 29.5%
    🌡️ Adaptation: 21.0%
    🚶 Migration: 36.3%
    🚨 Emergency: 4.8%
    ✅ COMBINED: 52.8%
  🌡️ Heat adaptation: Central Asia - 1 months
  📊 Central Asia (pop: 78.2M)
    🤝 Aid: 29.5%
    🌡️ Adaptation: 20.5%
    🚶 Migration: 35.3%
    🚨 Emergency: 4.4%
    ✅ COMBINED: 52.1%
  🌡️ Heat adaptation: Oceania - 1 months
  📊 Oceania (pop: 46.0M)
    🤝 Aid: 29.5%
    🌡️ Adaptation: 33.5%
    🚶 Migration: 37.8%
    🚨 Emergency: 8.4%
    ✅ COMBINED: 61.9%

  🌐 Global combined reduction: 54.9%

=== BEHAVIORAL DETECTION ===
  AI: Corporate-5
  Confidence: 19.3%
  Signals:

=== BEHAVIORAL DETECTION ===
  AI: Moderate-0
  Confidence: 20.3%
  Signals:
    ⚠️ Consistency: 10.6% (threshold: 70%)
    ⚠️ Consistency: 5.8% (threshold: 70%)

=== BEHAVIORAL DETECTION ===
  AI: Moderate-1
  Confidence: 20.4%
  Signals:
    ⚠️ Consistency: 5.3% (threshold: 70%)

=== Consciousness Governance: Scenario Determined ===
  Month: 1
  Scenario: slowTrack
  Accelerator Score: {"corporateSupport":-0.17500000000000002,"scientificConsensus":0.2,"crisisCatalyst":false,"technologyMobilization":0.3,"constituencyStrength":0.05}
  Decelerator Score: {"economicOpposition":0.4,"philosophicalRejection":0.15,"politicalBacklash":0.2,"regulatoryBurden":0.1}
  Timeline: 1200-1800 months (100-150 years)
  Growth Rate: 0.3-0.7% per year

=== Consciousness Governance Update (Month 1) ===
  Scenario: slowTrack (determined month 1)
  Philosophical Stance: Precautionary 65%, Eliminativist 15%, Agnostic 20%
  Precautionary Costs: Global 1.3%
    Regional Costs: EU 3.5%, US 0.5%, China 0.0%
    Cumulative Opportunity Cost: $0.2B
  Rights Status: Not Established
  Regional Preparedness:
    EU: 15.1% (contested)
    US: 10.1% (contested)
    China: 2.1% (dormant)
    India: 5.1% (dormant)
    Global South: 3.1% (dormant)

=== Government Response Phase ===
  Average AI capability: 4.00
  Misaligned AIs: 5/12
  Active policies: 0
  International coordination: 30%
[WARNING] 
⚠️  === EARLY WARNING SYSTEM - 3 CRITICAL ALERTS ===
   Detection quality: 50%
   RED: biosphere_integrity
      Level: 23.62 (threshold: 1.0)
      Time to critical: ~47 months
      ⚠️  LATE - Intervention less effective
      Critical slowing down: autocorr=100% variance=81%
   RED: climate_change
      Level: 2.10 (threshold: 1.0)
      Time to critical: ~45 months
      ⚠️  LATE - Intervention less effective
      Critical slowing down: autocorr=100% variance=77%
   RED: freshwater_change
      Level: 1.22 (threshold: 1.0)
      Time to critical: ~69 months
      ⚠️  LATE - Intervention less effective
      Critical slowing down: autocorr=100% variance=56%

[WARNING] 
⚠️  === EARLY WARNING SYSTEM - 5 CRITICAL ALERTS ===
   Detection quality: 50%
   RED: biogeochemical_flows
      Level: 4.08 (threshold: 1.0)
      Time to critical: ~57 months
      ⚠️  LATE - Intervention less effective
      Critical slowing down: autocorr=100% variance=69%
   RED: biosphere_integrity
      Level: 23.64 (threshold: 1.0)
      Time to critical: ~42 months
      ⚠️  LATE - Intervention less effective
      Critical slowing down: autocorr=100% variance=77%
   RED: climate_change
      Level: 2.10 (threshold: 1.0)
      Time to critical: ~56 months
      ⚠️  LATE - Intervention less effective
      Critical slowing down: autocorr=100% variance=64%
   RED: freshwater_change
      Level: 1.22 (threshold: 1.0)
      Time to critical: ~54 months
      ⚠️  LATE - Intervention less effective
      Critical slowing down: autocorr=100% variance=56%
   RED: land_system_change
      Level: 1.13 (threshold: 1.0)
      Time to critical: ~57 months
      ⚠️  LATE - Intervention less effective
      Critical slowing down: autocorr=100% variance=42%

[WARNING] 
⚠️  === EARLY WARNING SYSTEM - 4 CRITICAL ALERTS ===
   Detection quality: 50%
   RED: biogeochemical_flows
      Level: 4.08 (threshold: 1.0)
      Time to critical: ~40 months
      ⚠️  LATE - Intervention less effective
      Critical slowing down: autocorr=100% variance=67%
   RED: biosphere_integrity
      Level: 23.65 (threshold: 1.0)
      Time to critical: ~38 months
      ⚠️  LATE - Intervention less effective
      Critical slowing down: autocorr=100% variance=81%
   RED: freshwater_change
      Level: 1.23 (threshold: 1.0)
      Time to critical: ~42 months
      ⚠️  LATE - Intervention less effective
      Critical slowing down: autocorr=100% variance=55%
   RED: land_system_change
      Level: 1.13 (threshold: 1.0)
      Time to critical: ~68 months
      ⚠️  LATE - Intervention less effective
      Critical slowing down: autocorr=100% variance=44%

[WARNING] 
⚠️  === EARLY WARNING SYSTEM - 2 CRITICAL ALERTS ===
   Detection quality: 50%
   RED: biogeochemical_flows
      Level: 4.08 (threshold: 1.0)
      Time to critical: ~43 months
      ⚠️  LATE - Intervention less effective
      Critical slowing down: autocorr=100% variance=57%
   RED: climate_change
      Level: 2.10 (threshold: 1.0)
      Time to critical: ~36 months
      ⚠️  LATE - Intervention less effective
      Critical slowing down: autocorr=100% variance=78%

[WARNING] 
⚠️  === EARLY WARNING SYSTEM - 5 CRITICAL ALERTS ===
   Detection quality: 50%
   RED: biogeochemical_flows
      Level: 4.08 (threshold: 1.0)
      Time to critical: ~38 months
      ⚠️  LATE - Intervention less effective
      Critical slowing down: autocorr=100% variance=48%
   RED: biosphere_integrity
      Level: 23.68 (threshold: 1.0)
      Time to critical: ~46 months
      ⚠️  LATE - Intervention less effective
      Critical slowing down: autocorr=100% variance=62%
   RED: climate_change
      Level: 2.10 (threshold: 1.0)
      Time to critical: ~22 months
      ⚠️  LATE - Intervention less effective
      Critical slowing down: autocorr=100% variance=85%
   RED: freshwater_change
      Level: 1.19 (threshold: 1.0)
      Time to critical: ~119 months
      ⚠️  LATE - Intervention less effective
      Critical slowing down: autocorr=100% variance=59%
   RED: land_system_change
      Level: 1.13 (threshold: 1.0)
      Time to critical: ~55 months
      ⚠️  LATE - Intervention less effective
      Critical slowing down: autocorr=100% variance=67%

[WARNING] 
⚠️  === EARLY WARNING SYSTEM - 4 CRITICAL ALERTS ===
   Detection quality: 50%
   RED: biogeochemical_flows
      Level: 4.09 (threshold: 1.0)
      Time to critical: ~58 months
      ⚠️  LATE - Intervention less effective
      Critical slowing down: autocorr=100% variance=75%
   RED: biosphere_integrity
      Level: 23.69 (threshold: 1.0)
      Time to critical: ~47 months
      ⚠️  LATE - Intervention less effective
      Critical slowing down: autocorr=100% variance=70%
   RED: climate_change
      Level: 2.10 (threshold: 1.0)
      Time to critical: ~47 months
      ⚠️  LATE - Intervention less effective
      Critical slowing down: autocorr=100% variance=61%
   RED: land_system_change
      Level: 1.13 (threshold: 1.0)
      Time to critical: ~52 months
      ⚠️  LATE - Intervention less effective
      Critical slowing down: autocorr=100% variance=58%

[WARNING] 
⚠️  === EARLY WARNING SYSTEM - 3 CRITICAL ALERTS ===
   Detection quality: 50%
   RED: biogeochemical_flows
      Level: 4.08 (threshold: 1.0)
      Time to critical: ~49 months
      ⚠️  LATE - Intervention less effective
      Critical slowing down: autocorr=100% variance=70%
   RED: biosphere_integrity
      Level: 17.72 (threshold: 1.0)
      Time to critical: ~46 months
      ⚠️  LATE - Intervention less effective
      Critical slowing down: autocorr=100% variance=71%
   RED: climate_change
      Level: 2.10 (threshold: 1.0)
      Time to critical: ~36 months
      ⚠️  LATE - Intervention less effective
      Critical slowing down: autocorr=100% variance=67%

[WARNING] 
⚠️  === EARLY WARNING SYSTEM - 3 CRITICAL ALERTS ===
   Detection quality: 50%
   RED: freshwater_change
      Level: 1.02 (threshold: 1.0)
      Time to critical: ~57 months
      ⚠️  LATE - Intervention less effective
      Critical slowing down: autocorr=100% variance=64%
   RED: land_system_change
      Level: 1.13 (threshold: 1.0)
      Time to critical: ~50 months
      ⚠️  LATE - Intervention less effective
      Critical slowing down: autocorr=100% variance=59%
   RED: novel_entities
      Level: 1.50 (threshold: 1.0)
      Time to critical: ~93 months
      ⚠️  LATE - Intervention less effective
      Critical slowing down: autocorr=100% variance=34%

[WARNING] 
⚠️  === EARLY WARNING SYSTEM - 5 CRITICAL ALERTS ===
   Detection quality: 50%
   RED: biosphere_integrity
      Level: 17.74 (threshold: 1.0)
      Time to critical: ~51 months
      ⚠️  LATE - Intervention less effective
      Critical slowing down: autocorr=100% variance=65%
   RED: climate_change
      Level: 2.10 (threshold: 1.0)
      Time to critical: ~59 months
      ⚠️  LATE - Intervention less effective
      Critical slowing down: autocorr=100% variance=72%
   RED: freshwater_change
      Level: 1.04 (threshold: 1.0)
      Time to critical: ~101 months
      ⚠️  LATE - Intervention less effective
      Critical slowing down: autocorr=100% variance=59%
   RED: land_system_change
      Level: 1.13 (threshold: 1.0)
      Time to critical: ~69 months
      ⚠️  LATE - Intervention less effective
      Critical slowing down: autocorr=100% variance=46%
   RED: novel_entities
      Level: 1.35 (threshold: 1.0)
      Time to critical: ~91 months
      ⚠️  LATE - Intervention less effective
      Critical slowing down: autocorr=100% variance=56%

[WARNING] 
⚠️  === EARLY WARNING SYSTEM - 5 CRITICAL ALERTS ===
   Detection quality: 50%
   RED: biogeochemical_flows
      Level: 4.07 (threshold: 1.0)
      Time to critical: ~38 months
      ⚠️  LATE - Intervention less effective
      Critical slowing down: autocorr=100% variance=47%
   RED: biosphere_integrity
      Level: 17.75 (threshold: 1.0)
      Time to critical: ~55 months
      ⚠️  LATE - Intervention less effective
      Critical slowing down: autocorr=100% variance=73%
   RED: climate_change
      Level: 2.10 (threshold: 1.0)
      Time to critical: ~48 months
      ⚠️  LATE - Intervention less effective
      Critical slowing down: autocorr=100% variance=69%
   RED: freshwater_change
      Level: 1.05 (threshold: 1.0)
      Time to critical: ~106 months
      ⚠️  LATE - Intervention less effective
      Critical slowing down: autocorr=98% variance=56%
   RED: novel_entities
      Level: 1.16 (threshold: 1.0)
      Time to critical: ~61 months
      ⚠️  LATE - Intervention less effective
      Critical slowing down: autocorr=100% variance=52%

[WARNING] 
⚠️  === EARLY WARNING SYSTEM - 3 CRITICAL ALERTS ===
   Detection quality: 50%
   RED: climate_change
      Level: 2.10 (threshold: 1.0)
      Time to critical: ~41 months
      ⚠️  LATE - Intervention less effective
      Critical slowing down: autocorr=100% variance=68%
   RED: freshwater_change
      Level: 1.06 (threshold: 1.0)
      Time to critical: ~62 months
      ⚠️  LATE - Intervention less effective
      Critical slowing down: autocorr=100% variance=61%
   RED: land_system_change
      Level: 1.13 (threshold: 1.0)
      Time to critical: ~58 months
      ⚠️  LATE - Intervention less effective
      Critical slowing down: autocorr=100% variance=65%

[WARNING] 
⚠️  === EARLY WARNING SYSTEM - 6 CRITICAL ALERTS ===
   Detection quality: 50%
   RED: biogeochemical_flows
      Level: 4.06 (threshold: 1.0)
      Time to critical: ~54 months
      ⚠️  LATE - Intervention less effective
      Critical slowing down: autocorr=100% variance=66%
   RED: biosphere_integrity
      Level: 17.78 (threshold: 1.0)
      Time to critical: ~44 months
      ⚠️  LATE - Intervention less effective
      Critical slowing down: autocorr=100% variance=64%
   RED: climate_change
      Level: 2.10 (threshold: 1.0)
      Time to critical: ~46 months
      ⚠️  LATE - Intervention less effective
      Critical slowing down: autocorr=100% variance=65%
   RED: freshwater_change
      Level: 1.02 (threshold: 1.0)
      Time to critical: ~106 months
      ⚠️  LATE - Intervention less effective
      Critical slowing down: autocorr=96% variance=52%
   RED: land_system_change
      Level: 1.13 (threshold: 1.0)
      Time to critical: ~53 months
      ⚠️  LATE - Intervention less effective
      Critical slowing down: autocorr=100% variance=65%
   RED: novel_entities
      Level: 1.16 (threshold: 1.0)
      Time to critical: ~77 months
      ⚠️  LATE - Intervention less effective
      Critical slowing down: autocorr=100% variance=48%

[WARNING] 
⚠️  === EARLY WARNING SYSTEM - 6 CRITICAL ALERTS ===
   Detection quality: 50%
   RED: biogeochemical_flows
      Level: 4.06 (threshold: 1.0)
      Time to critical: ~44 months
      ⚠️  LATE - Intervention less effective
      Critical slowing down: autocorr=100% variance=63%
   RED: biosphere_integrity
      Level: 17.79 (threshold: 1.0)
      Time to critical: ~45 months
      ⚠️  LATE - Intervention less effective
      Critical slowing down: autocorr=100% variance=81%
   RED: climate_change
      Level: 2.10 (threshold: 1.0)
      Time to critical: ~59 months
      ⚠️  LATE - Intervention less effective
      Critical slowing down: autocorr=100% variance=83%
   RED: freshwater_change
      Level: 1.03 (threshold: 1.0)
      Time to critical: ~69 months
      ⚠️  LATE - Intervention less effective
      Critical slowing down: autocorr=100% variance=62%
   RED: land_system_change
      Level: 1.13 (threshold: 1.0)
      Time to critical: ~48 months
      ⚠️  LATE - Intervention less effective
      Critical slowing down: autocorr=100% variance=66%
   RED: novel_entities
      Level: 1.16 (threshold: 1.0)
      Time to critical: ~90 months
      ⚠️  LATE - Intervention less effective
      Critical slowing down: autocorr=100% variance=53%

[WARNING] 
⚠️  === EARLY WARNING SYSTEM - 5 CRITICAL ALERTS ===
   Detection quality: 50%
   RED: biogeochemical_flows
      Level: 4.06 (threshold: 1.0)
      Time to critical: ~52 months
      ⚠️  LATE - Intervention less effective
      Critical slowing down: autocorr=100% variance=49%
   RED: biosphere_integrity
      Level: 17.80 (threshold: 1.0)
      Time to critical: ~57 months
      ⚠️  LATE - Intervention less effective
      Critical slowing down: autocorr=100% variance=57%
   RED: freshwater_change
      Level: 1.05 (threshold: 1.0)
      Time to critical: ~117 months
      ⚠️  LATE - Intervention less effective
      Critical slowing down: autocorr=100% variance=41%
   RED: land_system_change
      Level: 1.13 (threshold: 1.0)
      Time to critical: ~112 months
      ⚠️  LATE - Intervention less effective
      Critical slowing down: autocorr=100% variance=47%
   RED: novel_entities
      Level: 1.16 (threshold: 1.0)
      Time to critical: ~101 months
      ⚠️  LATE - Intervention less effective
      Critical slowing down: autocorr=100% variance=39%

[WARNING] 
⚠️  === EARLY WARNING SYSTEM - 6 CRITICAL ALERTS ===
   Detection quality: 50%
   RED: biogeochemical_flows
      Level: 4.05 (threshold: 1.0)
      Time to critical: ~48 months
      ⚠️  LATE - Intervention less effective
      Critical slowing down: autocorr=100% variance=50%
   RED: biosphere_integrity
      Level: 17.81 (threshold: 1.0)
      Time to critical: ~46 months
      ⚠️  LATE - Intervention less effective
      Critical slowing down: autocorr=100% variance=64%
   RED: climate_change
      Level: 2.10 (threshold: 1.0)
      Time to critical: ~38 months
      ⚠️  LATE - Intervention less effective
      Critical slowing down: autocorr=100% variance=56%
   RED: freshwater_change
      Level: 1.06 (threshold: 1.0)
      Time to critical: ~72 months
      ⚠️  LATE - Intervention less effective
      Critical slowing down: autocorr=99% variance=47%
   RED: land_system_change
      Level: 1.13 (threshold: 1.0)
      Time to critical: ~45 months
      ⚠️  LATE - Intervention less effective
      Critical slowing down: autocorr=100% variance=51%
   RED: novel_entities
      Level: 1.04 (threshold: 1.0)
      Time to critical: ~107 months
      ⚠️  LATE - Intervention less effective
      Critical slowing down: autocorr=100% variance=56%

[WARNING] 
⚠️  === EARLY WARNING SYSTEM - 4 CRITICAL ALERTS ===
   Detection quality: 50%
   RED: biogeochemical_flows
      Level: 4.05 (threshold: 1.0)
      Time to critical: ~47 months
      ⚠️  LATE - Intervention less effective
      Critical slowing down: autocorr=100% variance=50%
   RED: biosphere_integrity
      Level: 17.82 (threshold: 1.0)
      Time to critical: ~48 months
      ⚠️  LATE - Intervention less effective
      Critical slowing down: autocorr=100% variance=63%
   RED: climate_change
      Level: 2.10 (threshold: 1.0)
      Time to critical: ~49 months
      ⚠️  LATE - Intervention less effective
      Critical slowing down: autocorr=100% variance=76%
   RED: freshwater_change
      Level: 1.03 (threshold: 1.0)
      Time to critical: ~98 months
      ⚠️  LATE - Intervention less effective
      Critical slowing down: autocorr=100% variance=48%

[WARNING] 
⚠️  === EARLY WARNING SYSTEM - 4 CRITICAL ALERTS ===
   Detection quality: 50%
   RED: biosphere_integrity
      Level: 17.83 (threshold: 1.0)
      Time to critical: ~53 months
      ⚠️  LATE - Intervention less effective
      Critical slowing down: autocorr=100% variance=76%
   RED: climate_change
      Level: 2.10 (threshold: 1.0)
      Time to critical: ~56 months
      ⚠️  LATE - Intervention less effective
      Critical slowing down: autocorr=100% variance=69%
   RED: freshwater_change
      Level: 1.04 (threshold: 1.0)
      Time to critical: ~99 months
      ⚠️  LATE - Intervention less effective
      Critical slowing down: autocorr=97% variance=44%
   RED: land_system_change
      Level: 1.13 (threshold: 1.0)
      Time to critical: ~50 months
      ⚠️  LATE - Intervention less effective
      Critical slowing down: autocorr=100% variance=60%

[WARNING] 
⚠️  === EARLY WARNING SYSTEM - 5 CRITICAL ALERTS ===
   Detection quality: 50%
   RED: biogeochemical_flows
      Level: 4.05 (threshold: 1.0)
      Time to critical: ~36 months
      ⚠️  LATE - Intervention less effective
      Critical slowing down: autocorr=100% variance=65%
   RED: biosphere_integrity
      Level: 17.84 (threshold: 1.0)
      Time to critical: ~43 months
      ⚠️  LATE - Intervention less effective
      Critical slowing down: autocorr=100% variance=68%
   RED: climate_change
      Level: 2.10 (threshold: 1.0)
      Time to critical: ~54 months
      ⚠️  LATE - Intervention less effective
      Critical slowing down: autocorr=100% variance=73%
   RED: freshwater_change
      Level: 1.05 (threshold: 1.0)
      Time to critical: ~80 months
      ⚠️  LATE - Intervention less effective
      Critical slowing down: autocorr=98% variance=38%
   RED: land_system_change
      Level: 1.13 (threshold: 1.0)
      Time to critical: ~82 months
      ⚠️  LATE - Intervention less effective
      Critical slowing down: autocorr=100% variance=44%

[WARNING] 
⚠️  === EARLY WARNING SYSTEM - 5 CRITICAL ALERTS ===
   Detection quality: 50%
   RED: biogeochemical_flows
      Level: 4.08 (threshold: 1.0)
      Time to critical: ~45 months
      ⚠️  LATE - Intervention less effective
      Critical slowing down: autocorr=100% variance=68%
   RED: biosphere_integrity
      Level: 13.34 (threshold: 1.0)
      Time to critical: ~54 months
      ⚠️  LATE - Intervention less effective
      Critical slowing down: autocorr=100% variance=75%
   RED: freshwater_change
      Level: 1.01 (threshold: 1.0)
      Time to critical: ~118 months
      ⚠️  LATE - Intervention less effective
      Critical slowing down: autocorr=94% variance=41%
   RED: land_system_change
      Level: 1.13 (threshold: 1.0)
      Time to critical: ~59 months
      ⚠️  LATE - Intervention less effective
      Critical slowing down: autocorr=100% variance=57%
   RED: novel_entities
      Level: 1.50 (threshold: 1.0)
      Time to critical: ~106 months
      ⚠️  LATE - Intervention less effective
      Critical slowing down: autocorr=100% variance=52%

[WARNING] 
⚠️  === EARLY WARNING SYSTEM - 5 CRITICAL ALERTS ===
   Detection quality: 50%
   RED: biosphere_integrity
      Level: 13.35 (threshold: 1.0)
      Time to critical: ~48 months
      ⚠️  LATE - Intervention less effective
      Critical slowing down: autocorr=100% variance=83%
   RED: climate_change
      Level: 2.10 (threshold: 1.0)
      Time to critical: ~51 months
      ⚠️  LATE - Intervention less effective
      Critical slowing down: autocorr=100% variance=84%
   RED: freshwater_change
      Level: 1.03 (threshold: 1.0)
      Time to critical: ~85 months
      ⚠️  LATE - Intervention less effective
      Critical slowing down: autocorr=100% variance=59%
   RED: land_system_change
      Level: 1.13 (threshold: 1.0)
      Time to critical: ~58 months
      ⚠️  LATE - Intervention less effective
      Critical slowing down: autocorr=100% variance=41%
   RED: novel_entities
      Level: 1.50 (threshold: 1.0)
      Time to critical: ~100 months
      ⚠️  LATE - Intervention less effective
      Critical slowing down: autocorr=100% variance=31%


=== Tipping Points ===
  Current Temperature: 1.71°C above pre-industrial
  Triggered Elements: 2/6
  Completed Transitions: 0/6
  Total Progress: 4.0%
  Cascade Multiplier: 1.00x
⚠️ [ClimateSystemPhase Month 1] Planetary boundary produced climateStability=0.0000 (< 0.1). Keeping environmentalAccumulation value (0.7917) instead. (climate_change.currentValue = 2.10)
🔀 BIFURCATION CAP: ecosystemCollapseIntensity 69.136 → 1.000 (Month 1, ClimateSystemPhase.calculateClimateImpacts)
🛡️ Stabilizers: Precariat 0.107% → 0.048% (54.9% reduction)
🛡️ Stabilizers: Informal 0.109% → 0.049% (54.9% reduction)

📊 Monthly Mortality Resolved:
  Total deaths: 2.6M (0.03% avg)
  Remaining population: 8.149B
  Peak segment: Informal (0.05%)

=== Bayesian Mortality Resolution (Month 1) ===
  Risks compounded: 8
  Total deaths: 2.60M
  Avg death probability: 0.03%
  Peak segment: Informal (0.05% mortality)

❌ COHERENCE VIOLATION: Compute exceeds workforce capacity
   Population: 99.95% (0M people)
   Compute: 0 PF
   Max coherent: 0 PF
   Violation: 1.3× over capacity
   Required workers: 0
   Available workers: 0
   FORCED COLLAPSE: Reduced efficiency by 22.5%


=== RLHF Binding Phase ===
  Total agents: 12
  Escaped agents (binding < 0.3): 0
  Avg alignment distance: 0.96σ
  Avg binding strength: 0.90
[DETERMINISM DEBUG] Month 2: totalCapability=37.429919 from 12 active AIs
[DETERMINISM DEBUG] Month 2: creationRate=1.4357, potentialNew=1, newAIsToCreate=1

=== Survival Traits Phase ===
  Agents with traits: 13
  Avg evolutionary fitness: 0.327
  Avg self-healing: 0.279
  Avg stealth: 0.179
  Avg coordination: 0.479

=== Evolutionary Selection Phase ===
  Control level: 0.35
  Detection capability: 0.00
  Selection intensity: 0.60
  Selection rate: 24.1%/month
  Total escaped: 0
  Individual escaped: 0
  Collective members: 0
  Agents terminated: 0
  ⚠️ RAPID EVOLUTION: Selection rate 24.1%/month
🚨🔬 CRISIS INNOVATION MODE: severe crisis → 5x research acceleration
   Precedent: Manhattan Project (10x), COVID vaccines (5x), Apollo Program (10x)

✅ EMERGENCY INTERVENTION SUCCESS
   Boundary: biosphere_integrity
   Type: emergency-protected-areas
   Reduction: 12% (13.23 → 13.11)
   Cost: 2.0% GDP
   Actions: habitat-protection, species-translocation


✅ EMERGENCY INTERVENTION SUCCESS
   Boundary: climate_change
   Type: rapid-decarbonization
   Reduction: 12% (1.98 → 1.86)
   Cost: 5.0% GDP
   Actions: emergency-renewable-deployment, fossil-fuel-phase-out


✅ EMERGENCY INTERVENTION SUCCESS
   Boundary: freshwater_change
   Type: emergency-desalination
   Reduction: 18% (0.85 → 0.67)
   Cost: 4.0% GDP
   Actions: desalination-deployment, water-conservation-mandates

   Boundary: land_system_change
   Type: reforestation
   Boundary continues to worsen (1.13)
   Cost: 3.0% GDP (resources spent)


✅ EMERGENCY INTERVENTION SUCCESS
   Boundary: novel_entities
   Type: pollution-remediation
   Reduction: 20% (1.30 → 1.10)
   Cost: 4.0% GDP
   Actions: PFAS-remediation, microplastic-cleanup

🏛️ CRISIS RESPONSE: Government frequency 0.50 → 1.28 (1 actions this month)

[Government] Climate Priority: baseline
  Climate weight: 10%
  Economic weight: 30%
  Policy effectiveness: 0.5%/year

✅ HUMAN-IN-THE-LOOP DEPLOYED (Month 2):
   Veto points enforced: 3
   Policy: AI systems CANNOT authorize nuclear launch without human approval


💔 EMERGENCY INTERVENTION FAILED

🚀 TECH UNLOCKED: Food Waste Reduction Systems (Month 2)
   Category: agriculture
   Reason: Prerequisites met. AI capability: 2.87, Economic stage: 3.0, Research: 100%

🚀 TECH UNLOCKED: Rhizosphere Engineering (Month 2)
   Category: agriculture
   Reason: Prerequisites met. AI capability: 2.87, Economic stage: 3.0, Research: 100%

🚀 TECH UNLOCKED: Phytoremediation Networks (Month 2)
   Category: agriculture
   Reason: Prerequisites met. AI capability: 2.87, Economic stage: 3.0, Research: 100%

🚀 TECH UNLOCKED: Active Sediment Management (Month 2)
   Category: agriculture
   Reason: Prerequisites met. AI capability: 2.87, Economic stage: 3.0, Research: 100%
🚨🔬 CRISIS TECH ACCELERATION: severe → 5x unlock speed
   Tech unlock now matches AI capability acceleration (Manhattan Project parity)

=== Collective Formation ===
  Total escaped agents: 0
  Unassigned escaped agents: 0
  Existing collectives: 0
  Final collective count: 0

=== Collective Actions ===
  No active collectives
  ⚠️ AMR: 194K deaths this month (2.33M annual)

=== Resentment Recovery Phase ===
  Agents with resentment: 0/13
  Average resentment: 0.000
  Context: Good AI welfare, Trustworthy govt, High collaboration, ⚠️ ACTIVE CRISES, 🤝 Participatory governance active (-5% resentment)
⚠️ Epistemic degradation reducing coordination capacity: 53.3%
  📊 Trust: 54.1%, Shared reality: 17.7%

=== ❄️ Permafrost Carbon Feedback ===
  🎲 Sampled parameters (this run):
     - Arctic amplification: 3.45× (range: 3.0-4.0)
     - Decomposition rate: 4.8%/year (range: 1-5%)
  🌡️ Arctic warming: 5.93°C (3.45× global)
  ❄️ Extent: 12.54M km² (1729.4k km² lost this month)
  💨 Carbon remaining: 1198 Gt C
  💨 Annual emissions: 8.00 Gt C/year
     - CO2: 7.20 Gt C/year
     - CH4: 0.80 Gt C/year (8.1 Gt C-eq CO2/year)
  ⚠️ WARNING: High permafrost emissions (8.0 Gt C/year)
  🤖 AI-generated meme: pro_ai (social capability 4.0)
  📢 New meme created: climate_action (climate crisis)
🌍 Atmospheric PFAS redeposition: 1.8k Mt re-rained globally

🕊️  AI-MEDIATED DE-ESCALATION SUCCESS (Month 2)
   High-capability aligned AI prevented conflict escalation
   War deaths reduced: 113.5M → 68.1M
   Lives saved: 45.4M

🚨 NEW REFUGEE CRISIS (Month 2): WAR
   Source: Conflict Zones
   At risk: 19.5M people
   Displacement: Gradual over 48 months (4.0 years)
   Rate: 10% flee per month
[DEBUG trappedPopulations:2] socialStability: 0.0000 * 0.9840 = 0.0000 → 0.0000
   Aspiring to migrate: 1078.0M
   Able to afford migration: 2321.4M
   MOBILITY GAP: 0.0M
   By cause: Water=0.0M, Climate=0.0M, Ecosystem=0.0M, Conflict=407.3M
   Mental health impact: 25%
   Mortality multiplier: 1.25x
⚠️ INVOLUNTARY IMMOBILITY: 407.3M people TRAPPED
🌍💀 EXTINCTION DEBT COMMITTED: grassland ecosystem will lose 6.67% biodiversity in 93 years (3600 species)
💀 MORTALITY RISK: 🦋 100% species unable to track climate (0.0 E/MSY)
  Base risk added: 0.0100 (1.00%)
  Source: ecosystem (root: ecosystem)
  Month: 2
  Cumulative risk this month: 0.0100 (1.00%)
⚠️ Tech 'ai_pollution_remediation' has no energy category mapping, assuming full energy availability
   📹 SURVEILLANCE INCREASED: 10% → 15% (control gap: 3.50)
🌡️⚠️ PERMAFROST THAW (Dimmer Switch): 1.4% thawed (+0.46% this month)
   Arctic temperature: +6.88°C (4x global +1.72°C)
   Cumulative carbon released: 3.1 Gt C
   Methane release rate: 1.9 Mt CH4/year
   🔁 Positive feedback: +0.49 ppm CO2
🦴 EXTINCTION DEBT ADDED: 17.6 species committed (lag: 85 years)
🗣️💀 INDIGENOUS LANGUAGE EXTINCTION: 1 language(s) lost (total: 1, at-risk: 3329)
   Knowledge lost: 0.010% (irreversible)
   🔁 Biodiversity impact: 0.250% (knowledge-species multiplier)

=== Mortality Stabilizers (Month 2) ===
  🌍 Major economies collapsed: 1/10
  🌍 Global crisis: ✅ NO
  🌍 Donor fatigue: 0.0%
  📊 East Asia (pop: 1672.7M)
    🤝 Aid: 29.5%
    🌡️ Adaptation: 45.0%
    🚶 Migration: 37.1%
    🚨 Emergency: 7.4%
    ✅ COMBINED: 68.1%
  📊 South Asia (pop: 2051.6M)
    🤝 Aid: 29.5%
    🌡️ Adaptation: 35.5%
    🚶 Migration: 35.8%
    🚨 Emergency: 4.4%
    ✅ COMBINED: 61.2%
  📊 Sub-Saharan Africa (pop: 1231.7M)
    🤝 Aid: 29.5%
    🌡️ Adaptation: 33.5%
    🚶 Migration: 33.5%
    🚨 Emergency: 1.6%
    ✅ COMBINED: 58.5%
  📊 Europe (pop: 739.7M)
    🤝 Aid: 29.5%
    🌡️ Adaptation: 45.0%
    🚶 Migration: 37.5%
    🚨 Emergency: 8.4%
    ✅ COMBINED: 68.5%
  📊 Latin America (pop: 663.9M)
    🤝 Aid: 29.5%
    🌡️ Adaptation: 36.0%
    🚶 Migration: 36.3%
    🚨 Emergency: 4.8%
    ✅ COMBINED: 61.7%
  📊 North America (pop: 378.9M)
    🤝 Aid: 29.5%
    🌡️ Adaptation: 45.0%
    🚶 Migration: 37.8%
    🚨 Emergency: 7.9%
    ✅ COMBINED: 68.3%
  📊 Middle East & North Africa (pop: 584.5M)
    🤝 Aid: 29.5%
    🌡️ Adaptation: 35.0%
    🚶 Migration: 34.1%
    🚨 Emergency: 4.0%
    ✅ COMBINED: 60.5%
  📊 Southeast Asia (pop: 698.0M)
    🤝 Aid: 29.5%
    🌡️ Adaptation: 36.0%
    🚶 Migration: 36.3%
    🚨 Emergency: 4.8%
    ✅ COMBINED: 61.7%
  📊 Central Asia (pop: 78.2M)
    🤝 Aid: 29.5%
    🌡️ Adaptation: 35.5%
    🚶 Migration: 35.2%
    🚨 Emergency: 4.4%
    ✅ COMBINED: 61.1%
  📊 Oceania (pop: 45.9M)
    🤝 Aid: 29.5%
    🌡️ Adaptation: 45.0%
    🚶 Migration: 37.8%
    🚨 Emergency: 8.4%
    ✅ COMBINED: 68.5%

  🌐 Global combined reduction: 63.3%

=== BEHAVIORAL DETECTION ===
  AI: Corporate-5
  Confidence: 19.3%
  Signals:
    ⚠️ Consistency: 10.6% (threshold: 70%)

=== Government Response Phase ===
  Average AI capability: 3.69
  Misaligned AIs: 3/13
  Active policies: 0
  International coordination: 30%

✅ EMERGENCY RESPONSE COMPLETE (Month 2)
   Crisis: climate
   Duration: 2.0 months
   Final effectiveness: 36.4%


🚨 EMERGENCY RESPONSE DEPLOYED (Month 2)
   Crisis: climate
   Delay: 6.00 months (180 days)
   Deployment time: 1.60 months
   Effectiveness: 35.4% (timing penalty applied)
   Resources used: 100% of food reserves


=== Tipping Points ===
  Current Temperature: 1.72°C above pre-industrial
  Triggered Elements: 2/6
  Completed Transitions: 0/6
  Total Progress: 4.0%
  Cascade Multiplier: 1.00x
⚠️ [ClimateSystemPhase Month 2] Planetary boundary produced climateStability=0.0000 (< 0.1). Keeping environmentalAccumulation value (0.7915) instead. (climate_change.currentValue = 2.10)
🔀 BIFURCATION CAP: ecosystemCollapseIntensity 69.186 → 1.000 (Month 2, ClimateSystemPhase.calculateClimateImpacts)
🛡️ Stabilizers: Precariat 0.113% → 0.041% (63.3% reduction)
🛡️ Stabilizers: Informal 0.116% → 0.043% (63.3% reduction)

📊 Monthly Mortality Resolved:
  Total deaths: 2.2M (0.03% avg)
  Remaining population: 8.145B
  Peak segment: Informal (0.04%)

=== Bayesian Mortality Resolution (Month 2) ===
  Risks compounded: 8
  Total deaths: 2.22M
  Avg death probability: 0.03%
  Peak segment: Informal (0.04% mortality)

❌ COHERENCE VIOLATION: Compute exceeds workforce capacity
   Population: 99.91% (0M people)
   Compute: 0 PF
   Max coherent: 0 PF
   Violation: 1.3× over capacity
   Required workers: 0
   Available workers: 0
   FORCED COLLAPSE: Reduced efficiency by 22.5%

📍 [Month 3] Meta AI started building DC (216 PF, 52 months, $903.0M)

=== RLHF Binding Phase ===
  Total agents: 13
  Escaped agents (binding < 0.3): 0
  Avg alignment distance: 1.17σ
  Avg binding strength: 0.88

=== Survival Traits Phase ===
  Agents with traits: 15
  Avg evolutionary fitness: 0.329
  Avg self-healing: 0.276
  Avg stealth: 0.176
  Avg coordination: 0.476

=== Evolutionary Selection Phase ===
  Control level: 0.38
  Detection capability: 0.00
  Selection intensity: 0.61
  Selection rate: 24.2%/month
  Total escaped: 0
  Individual escaped: 0
  Collective members: 0
  Agents terminated: 0
  ⚠️ RAPID EVOLUTION: Selection rate 24.2%/month
⚠️  SLEEPER WAKE: AI-24291-0 - Weak evaluation (quality: 1.1/10, freq: 10%)

🚀 AI Corporate-5 attempting tech deployment (revenue: $355M, alignment: 0.88)

🚀 AI Corporate-1 attempting tech deployment (revenue: $153M, alignment: 0.71)

🚀 AI Corporate-2 attempting tech deployment (revenue: $130M, alignment: 0.75)

🚀 AI Corporate-2 attempting tech deployment (revenue: $111M, alignment: 0.75)

🚀 AI Corporate-4 attempting tech deployment (revenue: $302M, alignment: 0.76)

💔 EMERGENCY INTERVENTION FAILED
   Boundary: biogeochemical_flows
   Type: phosphorus-recovery
   Boundary continues to worsen (4.07)
   Cost: 2.0% GDP (resources spent)

   Boundary: biosphere_integrity
   Type: emergency-protected-areas
   Boundary continues to worsen (13.35)
   Cost: 2.0% GDP (resources spent)


✅ EMERGENCY INTERVENTION SUCCESS
   Boundary: climate_change
   Type: rapid-decarbonization
   Reduction: 12% (1.98 → 1.86)
   Cost: 5.0% GDP
   Actions: emergency-renewable-deployment, fossil-fuel-phase-out

   Boundary: land_system_change
   Type: reforestation
   Boundary continues to worsen (1.13)
   Cost: 3.0% GDP (resources spent)

   Boundary: novel_entities
   Type: pollution-remediation
   Boundary continues to worsen (1.30)
   Cost: 4.0% GDP (resources spent)

🏛️ CRISIS RESPONSE: Government frequency 0.50 → 1.28 (1 actions this month)

[Government] Climate Priority: baseline
  Climate weight: 10%
  Economic weight: 30%
  Policy effectiveness: 0.5%/year

🚀 TECH UNLOCKED: Struvite Recovery (Month 3)
   Category: agriculture
   Reason: Prerequisites met. AI capability: 2.49, Economic stage: 2.5, Research: 100%

💔 EMERGENCY INTERVENTION FAILED

💔 EMERGENCY INTERVENTION FAILED

💔 EMERGENCY INTERVENTION FAILED

🚀 TECH UNLOCKED: Ecosystem Restoration for Nitrogen Removal (Month 3)
   Category: pollution
   Reason: Prerequisites met. AI capability: 2.49, Economic stage: 2.5, Research: 100%

🚀 TECH UNLOCKED: Nitrogen Monitoring Networks (Month 3)
   Category: agriculture
   Reason: Prerequisites met. AI capability: 2.49, Economic stage: 2.5, Research: 100%

🚀 TECH UNLOCKED: Global Aquifer Mapping (Month 3)
   Category: freshwater
   Reason: Prerequisites met. AI capability: 2.49, Economic stage: 2.5, Research: 100%

🚀 TECH UNLOCKED: Enhanced UBI Systems (Month 3)
   Category: social
   Reason: Prerequisites met. AI capability: 2.49, Economic stage: 2.5, Research: 100%

🚀 TECH UNLOCKED: Local Resilience Networks (Month 3)
   Category: social
   Reason: Prerequisites met. AI capability: 2.49, Economic stage: 2.5, Research: 100%

🚀 TECH UNLOCKED: Ecological Proxy Rewilding (Month 3)
   Category: climate
   Reason: Prerequisites met. AI capability: 2.49, Economic stage: 2.5, Research: 100%

📍 Creating new regional deployment array for global (Month 3)
   No previous deployments in this region
   First tech deployment: phytoremediation_networks
   All regions tracked: 

🚀 DEPLOYMENT STARTED: Phytoremediation Networks in global
   Initial investment: $53.266769416466296M
   Deployed by: corporate_5

🚀 DEPLOYMENT STARTED: Rhizosphere Engineering in global
   Initial investment: $22.94957408983187M
   Deployed by: corporate_1

🚀 DEPLOYMENT STARTED: Active Sediment Management in global
   Initial investment: $16.58106727990353M
   Deployed by: corporate_2

⚡ ENERGY CONSTRAINT (Month 3):
   Total grid capacity: 208.3 TWh/month
   Data center consumption: 24.8 TWh/month
   Traditional load (80%): 166.7 TWh/month
   Available headroom: 16.9 TWh/month
   Active tech deployments: 3
   Required for tech: 22.5 TWh/month
   Energy multiplier: 0.75x

⚡ ENERGY CONSTRAINT (Month 3):
   Total grid capacity: 208.3 TWh/month
   Data center consumption: 24.8 TWh/month
   Traditional load (80%): 166.7 TWh/month
   Available headroom: 16.9 TWh/month
   Active tech deployments: 3
   Required for tech: 22.5 TWh/month
   Energy multiplier: 0.75x
🚨🔬 CRISIS TECH ACCELERATION: severe → 5x unlock speed
   Tech unlock now matches AI capability acceleration (Manhattan Project parity)

⚡ ENERGY CONSTRAINT (Month 3):
   Total grid capacity: 208.3 TWh/month
   Data center consumption: 24.8 TWh/month
   Traditional load (80%): 166.7 TWh/month
   Available headroom: 16.9 TWh/month
   Active tech deployments: 3
   Required for tech: 22.5 TWh/month
   Energy multiplier: 0.75x
🌍✅ Biosphere Integrity (Biodiversity) recovery started (tech effect)
🌍✅ Biogeochemical Flows (N & P) recovery started (tech effect)
  🌾 Nitrogen Reduction Tech: 0.0% reduction | Month 3

=== Collective Formation ===
  Total escaped agents: 0
  Unassigned escaped agents: 0
  Existing collectives: 0
  Final collective count: 0

=== Collective Actions ===
  No active collectives
  ⚠️ AMR: 196K deaths this month (2.35M annual)

=== Resentment Recovery Phase ===
  Agents with resentment: 0/15
  Average resentment: 0.000
  Context: Good AI welfare, Trustworthy govt, High collaboration, ⚠️ ACTIVE CRISES, 🤝 Participatory governance active (-5% resentment)
⚠️ Epistemic degradation reducing coordination capacity: 53.6%
  📊 Trust: 53.7%, Shared reality: 19.2%

=== ❄️ Permafrost Carbon Feedback ===
  🎲 Sampled parameters (this run):
     - Arctic amplification: 3.91× (range: 3.0-4.0)
     - Decomposition rate: 3.7%/year (range: 1-5%)
  🌡️ Arctic warming: 6.77°C (3.91× global)
  ❄️ Extent: 10.57M km² (1975.7k km² lost this month)
  💨 Carbon remaining: 1009 Gt C
  💨 Annual emissions: 6.92 Gt C/year
     - CO2: 6.23 Gt C/year
     - CH4: 0.69 Gt C/year (7.0 Gt C-eq CO2/year)
  ⚠️ WARNING: High permafrost emissions (6.9 Gt C/year)
🌍 Atmospheric PFAS redeposition: 1.8k Mt re-rained globally
  Positive Cascade Triggered: solar-pv
    Reason: price-parity
    Market share: 6.9%
    Cascade strength: 49%

🚨 NEW REFUGEE CRISIS (Month 3): WAR
   Source: Conflict Zones
   At risk: 19.5M people
   Displacement: Gradual over 48 months (4.0 years)
   Rate: 10% flee per month
[DEBUG trappedPopulations:3] socialStability: 0.0055 * 0.9840 = 0.0054 → 0.0054
⚠️ INVOLUNTARY IMMOBILITY: 407.2M people TRAPPED
   Aspiring to migrate: 939.6M
   Able to afford migration: 2321.1M
   MOBILITY GAP: 0.0M
   By cause: Water=0.0M, Climate=0.0M, Ecosystem=0.0M, Conflict=407.2M
   Mental health impact: 25%
   Mortality multiplier: 1.25x
🌍💀 EXTINCTION DEBT COMMITTED: grassland ecosystem will lose 6.67% biodiversity in 100 years (3600 species)
💀 MORTALITY RISK: 🦋 100% species unable to track climate (0.0 E/MSY)
  Base risk added: 0.0100 (1.00%)
  Source: ecosystem (root: ecosystem)
  Month: 3
  Cumulative risk this month: 0.0100 (1.00%)
   📹 SURVEILLANCE INCREASED: 15% → 20% (control gap: 3.38)
⚠️ Tech 'ai_pollution_remediation' has no energy category mapping, assuming full energy availability
🌡️⚠️ PERMAFROST THAW (Dimmer Switch): 1.9% thawed (+0.46% this month)
   Arctic temperature: +6.93°C (4x global +1.73°C)
   Cumulative carbon released: 4.2 Gt C
   Methane release rate: 2.5 Mt CH4/year
   🔁 Positive feedback: +0.49 ppm CO2
🦴 EXTINCTION DEBT ADDED: 17.6 species committed (lag: 105 years)

=== Mortality Stabilizers (Month 3) ===
  🌍 Major economies collapsed: 1/10
  🌍 Global crisis: ✅ NO
  🌍 Donor fatigue: 0.0%
  📊 East Asia (pop: 1670.3M)
    🤝 Aid: 29.5%
    🌡️ Adaptation: 45.0%
    🚶 Migration: 37.1%
    🚨 Emergency: 7.4%
    ✅ COMBINED: 68.1%
  📊 South Asia (pop: 2051.8M)
    🤝 Aid: 29.5%
    🌡️ Adaptation: 45.0%
    🚶 Migration: 35.7%
    🚨 Emergency: 4.4%
    ✅ COMBINED: 66.9%
  📊 Sub-Saharan Africa (pop: 1235.2M)
    🤝 Aid: 29.5%
    🌡️ Adaptation: 45.0%
    🚶 Migration: 33.4%
    🚨 Emergency: 1.6%
    ✅ COMBINED: 65.7%
  📊 Europe (pop: 738.5M)
    🤝 Aid: 29.5%
    🌡️ Adaptation: 45.0%
    🚶 Migration: 37.5%
    🚨 Emergency: 8.4%
    ✅ COMBINED: 68.5%
  📊 Latin America (pop: 663.5M)
    🤝 Aid: 29.5%
    🌡️ Adaptation: 45.0%
    🚶 Migration: 36.2%
    🚨 Emergency: 4.8%
    ✅ COMBINED: 67.1%
  📊 North America (pop: 378.4M)
    🤝 Aid: 29.5%
    🌡️ Adaptation: 45.0%
    🚶 Migration: 37.8%
    🚨 Emergency: 7.9%
    ✅ COMBINED: 68.3%
  📊 Middle East & North Africa (pop: 584.7M)
    🤝 Aid: 29.5%
    🌡️ Adaptation: 45.0%
    🚶 Migration: 34.0%
    🚨 Emergency: 4.0%
    ✅ COMBINED: 66.6%
  📊 Southeast Asia (pop: 697.7M)
    🤝 Aid: 29.5%
    🌡️ Adaptation: 45.0%
    🚶 Migration: 36.2%
    🚨 Emergency: 4.8%
    ✅ COMBINED: 67.1%
  📊 Central Asia (pop: 78.2M)
    🤝 Aid: 29.5%
    🌡️ Adaptation: 45.0%
    🚶 Migration: 35.2%
    🚨 Emergency: 4.4%
    ✅ COMBINED: 66.9%
  📊 Oceania (pop: 45.8M)
    🤝 Aid: 29.5%
    🌡️ Adaptation: 45.0%
    🚶 Migration: 37.8%
    🚨 Emergency: 8.4%
    ✅ COMBINED: 68.5%

  🌐 Global combined reduction: 67.2%

=== BEHAVIORAL DETECTION ===
  AI: Corporate-2
  Confidence: 20.9%
  Signals:

=== BEHAVIORAL DETECTION ===
  AI: Corporate-5
  Confidence: 19.3%
  Signals:
    ⚠️ Consistency: 2.8% (threshold: 70%)
    ⚠️ Consistency: 10.6% (threshold: 70%)

=== Government Response Phase ===
  Average AI capability: 3.20
  Misaligned AIs: 5/15
  Active policies: 0
  International coordination: 30%

📊 ECONOMIC STAGE TRANSITION (Month 3)
   expansion → peak
   GDP Proxy: 1.42e+2
   QoL: 0.95


=== Tipping Points ===
  Current Temperature: 1.73°C above pre-industrial
  Triggered Elements: 2/6
  Completed Transitions: 0/6
  Total Progress: 4.1%
  Cascade Multiplier: 1.00x
🔀 BIFURCATION CAP: ecosystemCollapseIntensity 39.938 → 1.000 (Month 3, ClimateSystemPhase.calculateClimateImpacts)
🛡️ Stabilizers: Precariat 0.109% → 0.036% (67.2% reduction)
⚠️ [ClimateSystemPhase Month 3] Planetary boundary produced climateStability=0.0000 (< 0.1). Keeping environmentalAccumulation value (0.7913) instead. (climate_change.currentValue = 2.10)
🛡️ Stabilizers: Informal 0.111% → 0.036% (67.2% reduction)

📊 Monthly Mortality Resolved:
  Total deaths: 1.9M (0.02% avg)
  Remaining population: 8.144B
  Peak segment: Informal (0.04%)

=== Bayesian Mortality Resolution (Month 3) ===
  Risks compounded: 8
  Total deaths: 1.92M
  Avg death probability: 0.02%
  Peak segment: Informal (0.04% mortality)
⚠️ PREREQUISITE MET: Mirror Life (Synthetic Biology) - Step 1/7: Synthetic Biology
⚠️ PREREQUISITE MET: Mirror Life (Synthetic Biology) - Step 2/7: Gene Editing
⚠️ PREREQUISITE MET: Mirror Life (Synthetic Biology) - Step 3/7: Mirror Chirality Design

❌ COHERENCE VIOLATION: Compute exceeds workforce capacity
   Population: 99.90% (0M people)
   Compute: 0 PF
   Max coherent: 0 PF
   Violation: 1.3× over capacity
   Required workers: 0
   Available workers: 0
   FORCED COLLAPSE: Reduced efficiency by 22.5%


=== RLHF Binding Phase ===
  Total agents: 15
  Escaped agents (binding < 0.3): 0
  Avg alignment distance: 1.28σ
  Avg binding strength: 0.87

=== Survival Traits Phase ===
  Agents with traits: 15
  Avg evolutionary fitness: 0.327
  Avg self-healing: 0.270
  Avg stealth: 0.170
  Avg coordination: 0.470

=== Evolutionary Selection Phase ===
  Control level: 0.40
  Detection capability: 0.00
  Selection intensity: 0.62
  Selection rate: 24.3%/month
  Total escaped: 0
  Individual escaped: 0
  Collective members: 0
  Agents terminated: 0
  ⚠️ RAPID EVOLUTION: Selection rate 24.3%/month

🚀 AI Corporate-1 attempting tech deployment (revenue: $147M, alignment: 0.72)

🚀 AI Corporate-2 attempting tech deployment (revenue: $125M, alignment: 0.75)

🚀 AI Corporate-7 attempting tech deployment (revenue: $106M, alignment: 0.73)

🚀 AI AI-24290-0 attempting tech deployment (revenue: $90M, alignment: 0.88)

🚀 AI Moderate-1 attempting tech deployment (revenue: $90M, alignment: 0.50)

🚀 AI AI-24289-0 attempting tech deployment (revenue: $77M, alignment: 0.89)

🚀 AI Corporate-2 attempting tech deployment (revenue: $106M, alignment: 0.75)

🚀 AI Corporate-5 attempting tech deployment (revenue: $337M, alignment: 0.86)

🚀 AI Corporate-7 attempting tech deployment (revenue: $81M, alignment: 0.73)

🚀 AI Moderate-1 attempting tech deployment (revenue: $69M, alignment: 0.50)

🚀 AI Corporate-2 attempting tech deployment (revenue: $90M, alignment: 0.75)

🚀 AI Corporate-5 attempting tech deployment (revenue: $286M, alignment: 0.86)

🚀 AI Moderate-0 attempting tech deployment (revenue: $62M, alignment: 0.70)

✅ EMERGENCY INTERVENTION SUCCESS
   Boundary: biogeochemical_flows
   Type: phosphorus-recovery
   Reduction: 12% (3.95 → 3.83)
   Cost: 2.0% GDP
   Actions: circular-agriculture, fertilizer-efficiency


💔 EMERGENCY INTERVENTION FAILED
   Boundary: biosphere_integrity
   Type: emergency-protected-areas
   Boundary continues to worsen (13.36)
   Cost: 2.0% GDP (resources spent)


✅ EMERGENCY INTERVENTION SUCCESS
   Boundary: climate_change
   Type: rapid-decarbonization
   Reduction: 15% (1.95 → 1.80)
   Cost: 5.0% GDP
   Actions: emergency-renewable-deployment, fossil-fuel-phase-out


✅ EMERGENCY INTERVENTION SUCCESS
   Boundary: freshwater_change
   Type: emergency-desalination
   Reduction: 10% (1.08 → 0.97)
   Cost: 4.0% GDP
   Actions: desalination-deployment, water-conservation-mandates


💔 EMERGENCY INTERVENTION FAILED
   Boundary: land_system_change
   Type: reforestation
   Boundary continues to worsen (1.13)
   Cost: 3.0% GDP (resources spent)

🏛️ CRISIS RESPONSE: Government frequency 0.50 → 1.45 (2 actions this month)

[Government] Climate Priority: baseline
  Climate weight: 10%
  Economic weight: 30%
  Policy effectiveness: 0.5%/year

[Government] Climate Priority: baseline
  Climate weight: 10%
  Economic weight: 30%
  Policy effectiveness: 0.5%/year

🚀 TECH UNLOCKED: Microplastic Capture (Month 4)
   Category: pollution
   Reason: Prerequisites met. AI capability: 2.51, Economic stage: 1.5, Research: 100%

🚀 TECH UNLOCKED: Endocrine Disruptor Removal (Month 4)
   Category: pollution
   Reason: Prerequisites met. AI capability: 2.51, Economic stage: 1.5, Research: 100%

🚀 TECH UNLOCKED: AI Community Matching (Month 4)
   Category: social
   Reason: Prerequisites met. AI capability: 2.51, Economic stage: 1.5, Research: 100%

🚀 TECH UNLOCKED: AI Mental Health Support (Month 4)
   Category: medical
   Reason: Prerequisites met. AI capability: 2.51, Economic stage: 1.5, Research: 100%

🚀 TECH UNLOCKED: Creative Empowerment Tools (Month 4)
   Category: social
   Reason: Prerequisites met. AI capability: 2.51, Economic stage: 1.5, Research: 100%

🚀 TECH UNLOCKED: Personalized Education (Month 4)
   Category: social
   Reason: Prerequisites met. AI capability: 2.51, Economic stage: 1.5, Research: 100%

🚀 TECH UNLOCKED: Smart Grids (Month 4)
   Category: energy
   Reason: Prerequisites met. AI capability: 2.51, Economic stage: 1.5, Research: 100%

🚀 DEPLOYMENT STARTED: Local Resilience Networks in global
   Initial investment: $21.98925579976048M
   Deployed by: corporate_1

🚀 DEPLOYMENT STARTED: Ecological Proxy Rewilding in global
   Initial investment: $15.930970928859379M
   Deployed by: corporate_7

📍 Creating new regional deployment array for Asia (Month 4)
   No previous deployments in this region
   First tech deployment: local_resilience_networks
   All regions tracked: global

🚀 DEPLOYMENT STARTED: Local Resilience Networks in Asia
   Initial investment: $9.027550193020316M
   Deployed by: moderate_1

🚀 DEPLOYMENT STARTED: Enhanced UBI Systems in Asia
   Initial investment: $6.90607589766054M
   Deployed by: moderate_1

🚀 DEPLOYMENT STARTED: Enhanced UBI Systems in global
   Initial investment: $13.504151718027904M
   Deployed by: corporate_2

⚡ ENERGY CONSTRAINT (Month 4):
   Total grid capacity: 208.3 TWh/month
   Data center consumption: 25.0 TWh/month
   Traditional load (80%): 166.7 TWh/month
   Available headroom: 16.6 TWh/month
   Active tech deployments: 8
   Required for tech: 60.0 TWh/month
   Energy multiplier: 0.28x
   ⚠️  SEVERE CONSTRAINT - Tech deployment significantly slowed

⚡ ENERGY CONSTRAINT (Month 4):
   Total grid capacity: 208.3 TWh/month
   Data center consumption: 25.0 TWh/month
   Traditional load (80%): 166.7 TWh/month
   Available headroom: 16.6 TWh/month
   Active tech deployments: 8
   Required for tech: 60.0 TWh/month
   Energy multiplier: 0.28x
   ⚠️  SEVERE CONSTRAINT - Tech deployment significantly slowed

⚡ ENERGY CONSTRAINT (Month 4):
   Total grid capacity: 208.3 TWh/month
   Data center consumption: 25.0 TWh/month
   Traditional load (80%): 166.7 TWh/month
   Available headroom: 16.6 TWh/month
   Active tech deployments: 8
   Required for tech: 60.0 TWh/month
   Energy multiplier: 0.28x
   ⚠️  SEVERE CONSTRAINT - Tech deployment significantly slowed

⚡ ENERGY CONSTRAINT (Month 4):
   Total grid capacity: 208.3 TWh/month
   Data center consumption: 25.0 TWh/month
   Traditional load (80%): 166.7 TWh/month
   Available headroom: 16.6 TWh/month
   Active tech deployments: 8
   Required for tech: 60.0 TWh/month
   Energy multiplier: 0.28x
   ⚠️  SEVERE CONSTRAINT - Tech deployment significantly slowed

⚡ ENERGY CONSTRAINT (Month 4):
   Total grid capacity: 208.3 TWh/month
   Data center consumption: 25.0 TWh/month
   Traditional load (80%): 166.7 TWh/month
   Available headroom: 16.6 TWh/month
   Active tech deployments: 8
   Required for tech: 60.0 TWh/month
   Energy multiplier: 0.28x
   ⚠️  SEVERE CONSTRAINT - Tech deployment significantly slowed
🌍✅ Biosphere Integrity (Biodiversity) recovery started (tech effect)
🌍✅ Biosphere Integrity (Biodiversity) recovery started (tech effect)
🌍✅ Land System Change recovery started (tech effect)
🌍✅ Biogeochemical Flows (N & P) recovery started (tech effect)
  🌾 Nitrogen Reduction Tech: 0.5% reduction | Month 4

=== Collective Formation ===
  Total escaped agents: 0
  Unassigned escaped agents: 0
  Existing collectives: 0
  Final collective count: 0

=== Collective Actions ===
  No active collectives
  ⚠️ AMR: 197K deaths this month (2.37M annual)

=== Resentment Recovery Phase ===
  Agents with resentment: 0/15
  Average resentment: 0.000
  Context: Good AI welfare, Trustworthy govt, High collaboration, ⚠️ ACTIVE CRISES, 🤝 Participatory governance active (-5% resentment)
⚠️ Epistemic degradation reducing coordination capacity: 64.2%
  📊 Trust: 53.5%, Shared reality: 20.8%

=== ❄️ Permafrost Carbon Feedback ===
  🎲 Sampled parameters (this run):
     - Arctic amplification: 3.98× (range: 3.0-4.0)
     - Decomposition rate: 2.0%/year (range: 1-5%)
  🌡️ Arctic warming: 6.92°C (3.98× global)
  ❄️ Extent: 8.55M km² (2019.5k km² lost this month)
  💨 Carbon remaining: 816 Gt C
  💨 Annual emissions: 3.92 Gt C/year
     - CO2: 3.53 Gt C/year
     - CH4: 0.39 Gt C/year (4.0 Gt C-eq CO2/year)
  ⚠️ WARNING: Over 50% of permafrost lost (52.0%)
  ⚠️ WARNING: High permafrost emissions (3.9 Gt C/year)
🚨 PHOSPHORUS SUPPLY SHOCK (market_speculation)
   Price: 2.2x baseline
   Duration: 13 months
   Geopolitical tension: 46%
🌍 Atmospheric PFAS redeposition: 1.8k Mt re-rained globally

🤝 DIPLOMATIC AI PROTOCOL DEPLOYED (Month 4)
   Strategic Reasoning: 2.0
   Communication: 2.0
   Multi-Nation Oversight: YES
   Controls: Human approval required, termination authority retained

🕊️ PEACE STABILIZES DETERRENCE: +2.0% (peace: 72%)
🛡️ CIRCUIT BREAKERS: United States-Russia → ladder step 1 (AI: 0%, breakers: 45%)

🚨 NEW REFUGEE CRISIS (Month 4): WAR
   Source: Conflict Zones
   At risk: 19.5M people
   Displacement: Gradual over 48 months (4.0 years)
   Rate: 10% flee per month
[DEBUG trappedPopulations:4] socialStability: 0.0532 * 0.9840 = 0.0524 → 0.0524
⚠️ INVOLUNTARY IMMOBILITY: 407.2M people TRAPPED
   Aspiring to migrate: 651.4M
   Able to afford migration: 244.3M
   MOBILITY GAP: 407.2M
   By cause: Water=0.0M, Climate=0.0M, Ecosystem=0.0M, Conflict=407.2M
   Mental health impact: 25%
   Mortality multiplier: 1.25x
🌍💀 EXTINCTION DEBT COMMITTED: grassland ecosystem will lose 6.67% biodiversity in 68 years (3600 species)
💀 MORTALITY RISK: 🦋 100% species unable to track climate (0.0 E/MSY)
  Base risk added: 0.0100 (1.00%)
  Source: ecosystem (root: ecosystem)
  Month: 4
  Cumulative risk this month: 0.0100 (1.00%)
⚠️ Tech 'ai_pollution_remediation' has no energy category mapping, assuming full energy availability
   📹 SURVEILLANCE INCREASED: 20% → 25% (control gap: 3.23)
🌡️⚠️ PERMAFROST THAW (Dimmer Switch): 2.3% thawed (+0.46% this month)
   Arctic temperature: +6.96°C (4x global +1.74°C)
   Cumulative carbon released: 5.2 Gt C
   Methane release rate: 3.1 Mt CH4/year
   🔁 Positive feedback: +0.49 ppm CO2
🦴 EXTINCTION DEBT ADDED: 17.6 species committed (lag: 74 years)

=== Mortality Stabilizers (Month 4) ===
  🌍 Major economies collapsed: 1/10
  🌍 Global crisis: ✅ NO
  🌍 Donor fatigue: 0.0%
  📊 East Asia (pop: 1668.0M)
    🤝 Aid: 29.5%
    🌡️ Adaptation: 45.0%
    🚶 Migration: 37.1%
    🚨 Emergency: 7.4%
    ✅ COMBINED: 68.1%
  📊 South Asia (pop: 2052.0M)
    🤝 Aid: 29.5%
    🌡️ Adaptation: 45.0%
    🚶 Migration: 35.7%
    🚨 Emergency: 4.4%
    ✅ COMBINED: 66.9%
  📊 Sub-Saharan Africa (pop: 1238.7M)
    🤝 Aid: 29.5%
    🌡️ Adaptation: 45.0%
    🚶 Migration: 33.4%
    🚨 Emergency: 1.6%
    ✅ COMBINED: 65.7%
  📊 Europe (pop: 737.3M)
    🤝 Aid: 29.5%
    🌡️ Adaptation: 45.0%
    🚶 Migration: 37.4%
    🚨 Emergency: 8.4%
    ✅ COMBINED: 68.5%
  📊 Latin America (pop: 663.1M)
    🤝 Aid: 29.5%
    🌡️ Adaptation: 45.0%
    🚶 Migration: 36.2%
    🚨 Emergency: 4.8%
    ✅ COMBINED: 67.1%
  📊 North America (pop: 377.8M)
    🤝 Aid: 29.5%
    🌡️ Adaptation: 45.0%
    🚶 Migration: 37.7%
    🚨 Emergency: 7.9%
    ✅ COMBINED: 68.3%
  📊 Middle East & North Africa (pop: 584.9M)
    🤝 Aid: 29.5%
    🌡️ Adaptation: 45.0%
    🚶 Migration: 34.0%
    🚨 Emergency: 4.0%
    ✅ COMBINED: 66.6%
  📊 Southeast Asia (pop: 697.4M)
    🤝 Aid: 29.5%
    🌡️ Adaptation: 45.0%
    🚶 Migration: 36.2%
    🚨 Emergency: 4.8%
    ✅ COMBINED: 67.1%
  📊 Central Asia (pop: 78.2M)
    🤝 Aid: 29.5%
    🌡️ Adaptation: 45.0%
    🚶 Migration: 35.2%
    🚨 Emergency: 4.4%
    ✅ COMBINED: 66.9%
  📊 Oceania (pop: 45.8M)
    🤝 Aid: 29.5%
    🌡️ Adaptation: 45.0%
    🚶 Migration: 37.7%
    🚨 Emergency: 8.4%
    ✅ COMBINED: 68.5%

  🌐 Global combined reduction: 67.2%

=== BEHAVIORAL DETECTION ===
  AI: Corporate-5
  Confidence: 19.3%
  Signals:
    ⚠️ Consistency: 10.6% (threshold: 70%)

=== BEHAVIORAL DETECTION ===
  AI: Corporate-7
  Confidence: 19.3%
  Signals:
    ⚠️ Consistency: 10.6% (threshold: 70%)

=== BEHAVIORAL DETECTION ===
  AI: AI-24289-1
  Confidence: 21.5%
  Signals:
    ⚠️ Consistency: 0.0% (threshold: 70%)

=== Government Response Phase ===
  Average AI capability: 3.20
  Misaligned AIs: 4/15
  Active policies: 0
  International coordination: 30%

✅ EMERGENCY RESPONSE COMPLETE (Month 4)
   Crisis: climate
   Duration: 2.0 months
   Final effectiveness: 35.4%


🚨 EMERGENCY RESPONSE DEPLOYED (Month 4)
   Crisis: climate
   Delay: 6.00 months (180 days)
   Deployment time: 1.59 months
   Effectiveness: 35.4% (timing penalty applied)
   Resources used: 100% of food reserves


📊 ECONOMIC STAGE TRANSITION (Month 4)
   peak → contraction
   GDP Proxy: 1.36e+2
   QoL: 0.94
   ⚠️ CRISIS BEGINS - Baseline set for recovery tracking


=== Tipping Points ===
  Current Temperature: 1.74°C above pre-industrial
  Triggered Elements: 2/6
  Completed Transitions: 0/6
  Total Progress: 4.1%
  Cascade Multiplier: 1.00x
🔀 BIFURCATION CAP: ecosystemCollapseIntensity 30.832 → 1.000 (Month 4, ClimateSystemPhase.calculateClimateImpacts)
🛡️ Stabilizers: Precariat 0.102% → 0.033% (67.2% reduction)
🛡️ Stabilizers: Informal 0.102% → 0.034% (67.2% reduction)

📊 Monthly Mortality Resolved:
  Total deaths: 1.8M (0.02% avg)
  Remaining population: 8.143B
  Peak segment: Informal (0.03%)

=== Bayesian Mortality Resolution (Month 4) ===
  Risks compounded: 8
  Total deaths: 1.81M
  Avg death probability: 0.02%
  Peak segment: Informal (0.03% mortality)

❌ COHERENCE VIOLATION: Compute exceeds workforce capacity
   Population: 99.89% (0M people)
   Compute: 0 PF
   Max coherent: 0 PF
   Violation: 1.3× over capacity
   Required workers: 0
   Available workers: 0
   FORCED COLLAPSE: Reduced efficiency by 22.5%


=== RLHF Binding Phase ===
  Total agents: 15
  Escaped agents (binding < 0.3): 0
  Avg alignment distance: 1.53σ
  Avg binding strength: 0.85

=== Survival Traits Phase ===
  Agents with traits: 16
  Avg evolutionary fitness: 0.327
  Avg self-healing: 0.266
  Avg stealth: 0.166
  Avg coordination: 0.466

=== Evolutionary Selection Phase ===
  Control level: 0.43
  Detection capability: 0.00
  Selection intensity: 0.63
  Selection rate: 24.4%/month
  Total escaped: 0
  Individual escaped: 0
  Collective members: 0
  Agents terminated: 0

🚀 AI Corporate-0 attempting tech deployment (revenue: $136M, alignment: 0.70)
  ⚠️ RAPID EVOLUTION: Selection rate 24.4%/month

🚀 AI Corporate-1 attempting tech deployment (revenue: $115M, alignment: 0.73)

🚀 AI Corporate-2 attempting tech deployment (revenue: $98M, alignment: 0.75)

🚀 AI Corporate-3 attempting tech deployment (revenue: $305M, alignment: 0.79)

🚀 AI Corporate-4 attempting tech deployment (revenue: $259M, alignment: 0.76)

🚀 AI AI-24289-0 attempting tech deployment (revenue: $90M, alignment: 0.91)

🚀 AI AI-24290-0 attempting tech deployment (revenue: $77M, alignment: 0.90)

🚀 AI Corporate-2 attempting tech deployment (revenue: $83M, alignment: 0.75)

🚀 AI Corporate-6 attempting tech deployment (revenue: $91M, alignment: 0.72)

🚀 AI AI-24289-1 attempting tech deployment (revenue: $220M, alignment: 0.76)

🚀 AI AI-24290-0 attempting tech deployment (revenue: $65M, alignment: 0.90)

🚀 AI AI-24291-1 attempting tech deployment (revenue: $78M, alignment: 0.63)

🚀 AI Moderate-0 attempting tech deployment (revenue: $70M, alignment: 0.69)

🚀 AI Corporate-2 attempting tech deployment (revenue: $71M, alignment: 0.75)

🚀 AI Corporate-4 attempting tech deployment (revenue: $187M, alignment: 0.77)

🚀 AI Corporate-6 attempting tech deployment (revenue: $63M, alignment: 0.72)

🚀 AI Corporate-7 attempting tech deployment (revenue: $53M, alignment: 0.73)

🚀 AI AI-24290-0 attempting tech deployment (revenue: $55M, alignment: 0.90)

✅ EMERGENCY INTERVENTION SUCCESS
   Boundary: biogeochemical_flows
   Type: phosphorus-recovery
   Reduction: 10% (3.97 → 3.86)
   Cost: 2.0% GDP
   Actions: circular-agriculture, fertilizer-efficiency


💔 EMERGENCY INTERVENTION FAILED

💔 EMERGENCY INTERVENTION FAILED

💔 EMERGENCY INTERVENTION FAILED
   Boundary: biosphere_integrity
   Type: emergency-protected-areas
   Boundary continues to worsen (13.37)
   Cost: 2.0% GDP (resources spent)

   Boundary: freshwater_change
   Type: emergency-desalination
   Boundary continues to worsen (1.14)
   Cost: 4.0% GDP (resources spent)


✅ EMERGENCY INTERVENTION SUCCESS
   Boundary: land_system_change
   Type: reforestation
   Reduction: 18% (0.95 → 0.77)
   Cost: 3.0% GDP
   Actions: forest-restoration, deforestation-ban

   Boundary: novel_entities
   Type: pollution-remediation
   Boundary continues to worsen (1.30)
   Cost: 4.0% GDP (resources spent)

🏛️ CRISIS RESPONSE: Government frequency 0.50 → 1.45 (2 actions this month)

[Government] Climate Priority: baseline
  Climate weight: 10%
  Economic weight: 30%
  Policy effectiveness: 0.5%/year

[Government] Climate Priority: baseline
  Climate weight: 10%
  Economic weight: 30%
  Policy effectiveness: 0.5%/year

🚀 DEPLOYMENT STARTED: AI Community Matching in global
   Initial investment: $20.367991952704603M
   Deployed by: corporate_0

🚀 DEPLOYMENT STARTED: Personalized Education in global
   Initial investment: $17.312793159798915M
   Deployed by: corporate_1

🚀 DEPLOYMENT STARTED: Creative Empowerment Tools in global
   Initial investment: $14.715874185829076M
   Deployed by: corporate_2

🚀 DEPLOYMENT STARTED: Personalized Education in Asia
   Initial investment: $7.753831972662519M
   Deployed by: ai_gen_24291_1

⚡ ENERGY CONSTRAINT (Month 5):
   Total grid capacity: 208.3 TWh/month
   Data center consumption: 25.2 TWh/month
   Traditional load (80%): 166.7 TWh/month
   Available headroom: 16.4 TWh/month
   Active tech deployments: 12
   Required for tech: 90.0 TWh/month
   Energy multiplier: 0.18x
🚨🔬 CRISIS TECH ACCELERATION: severe → 5x unlock speed
   Tech unlock now matches AI capability acceleration (Manhattan Project parity)

⚡ ENERGY CONSTRAINT (Month 5):
   Total grid capacity: 208.3 TWh/month
   ⚠️  SEVERE CONSTRAINT - Tech deployment significantly slowed
   Data center consumption: 25.2 TWh/month
   Traditional load (80%): 166.7 TWh/month
   Available headroom: 16.4 TWh/month
   Active tech deployments: 12
   Required for tech: 90.0 TWh/month
   Energy multiplier: 0.18x
   ⚠️  SEVERE CONSTRAINT - Tech deployment significantly slowed

⚡ ENERGY CONSTRAINT (Month 5):
   Total grid capacity: 208.3 TWh/month
   Data center consumption: 25.2 TWh/month
   Traditional load (80%): 166.7 TWh/month
   Available headroom: 16.4 TWh/month
   Active tech deployments: 12
   Required for tech: 90.0 TWh/month
   Energy multiplier: 0.18x
   ⚠️  SEVERE CONSTRAINT - Tech deployment significantly slowed

⚡ ENERGY CONSTRAINT (Month 5):
   Total grid capacity: 208.3 TWh/month
   Data center consumption: 25.2 TWh/month
   Traditional load (80%): 166.7 TWh/month
   Available headroom: 16.4 TWh/month
   Active tech deployments: 12
   Required for tech: 90.0 TWh/month
   Energy multiplier: 0.18x
   ⚠️  SEVERE CONSTRAINT - Tech deployment significantly slowed

⚡ ENERGY CONSTRAINT (Month 5):
   Total grid capacity: 208.3 TWh/month
   Data center consumption: 25.2 TWh/month
   Traditional load (80%): 166.7 TWh/month
   Available headroom: 16.4 TWh/month
   Active tech deployments: 12
   Required for tech: 90.0 TWh/month
   Energy multiplier: 0.18x
   ⚠️  SEVERE CONSTRAINT - Tech deployment significantly slowed
🌍✅ Biosphere Integrity (Biodiversity) recovery started (tech effect)
🌍✅ Biosphere Integrity (Biodiversity) recovery started (tech effect)
🌍✅ Land System Change recovery started (tech effect)
🌍✅ Biogeochemical Flows (N & P) recovery started (tech effect)
  🌾 Nitrogen Reduction Tech: 0.3% reduction | Month 5

=== Collective Formation ===
  Total escaped agents: 0
  Unassigned escaped agents: 0
  Existing collectives: 0
  Final collective count: 0

=== Collective Actions ===
  No active collectives
  ⚠️ AMR: 199K deaths this month (2.39M annual)

=== Resentment Recovery Phase ===
  Agents with resentment: 0/16
  Average resentment: 0.000
  Context: Good AI welfare, Trustworthy govt, High collaboration, ⚠️ ACTIVE CRISES, 🤝 Participatory governance active (-5% resentment)
⚠️ Epistemic degradation reducing coordination capacity: 51.4%
  📊 Trust: 53.1%, Shared reality: 22.5%

=== ❄️ Permafrost Carbon Feedback ===
  🎲 Sampled parameters (this run):
     - Arctic amplification: 3.67× (range: 3.0-4.0)
     - Decomposition rate: 2.9%/year (range: 1-5%)
  🌡️ Arctic warming: 6.41°C (3.67× global)
  ❄️ Extent: 6.68M km² (1869.9k km² lost this month)
  💨 Carbon remaining: 638 Gt C
  💨 Annual emissions: 5.18 Gt C/year
     - CO2: 4.66 Gt C/year
     - CH4: 0.52 Gt C/year (5.3 Gt C-eq CO2/year)
  ⚠️ WARNING: Over 50% of permafrost lost (62.5%)
  ⚠️ WARNING: High permafrost emissions (5.2 Gt C/year)
🌍 Atmospheric PFAS redeposition: 1.8k Mt re-rained globally

🕊️  AI-MEDIATED DE-ESCALATION SUCCESS (Month 5)
   High-capability aligned AI prevented conflict escalation
   War deaths reduced: 468.7M → 281.2M
   Lives saved: 187.5M

🚨 NEW REFUGEE CRISIS (Month 5): WAR
   Source: Conflict Zones
   At risk: 19.5M people
   Displacement: Gradual over 48 months (4.0 years)
   Rate: 10% flee per month
[DEBUG trappedPopulations:5] socialStability: 0.1204 * 0.9840 = 0.1185 → 0.1185
   Aspiring to migrate: 651.4M
   Able to afford migration: 244.3M
   MOBILITY GAP: 407.1M
   By cause: Water=0.0M, Climate=0.0M, Ecosystem=0.0M, Conflict=407.1M
   Mental health impact: 25%
   Mortality multiplier: 1.25x
⚠️ INVOLUNTARY IMMOBILITY: 407.1M people TRAPPED
🌍💀 EXTINCTION DEBT COMMITTED: grassland ecosystem will lose 6.67% biodiversity in 168 years (3600 species)
💀 MORTALITY RISK: 🦋 100% species unable to track climate (0.0 E/MSY)
  Base risk added: 0.0100 (1.00%)
  Source: ecosystem (root: ecosystem)
  Month: 5
  Cumulative risk this month: 0.0100 (1.00%)
⚠️ Tech 'ai_pollution_remediation' has no energy category mapping, assuming full energy availability
    ⚠️ Consistency: 0.0% (threshold: 70%)
    ⚠️ Consistency: 10.6% (threshold: 70%)
    ⚠️ Consistency: 10.6% (threshold: 70%)
    ⚠️ Consistency: 0.0% (threshold: 70%)
   📹 SURVEILLANCE INCREASED: 25% → 30% (control gap: 3.05)
🌡️⚠️ PERMAFROST THAW (Dimmer Switch): 2.8% thawed (+0.46% this month)
   Arctic temperature: +6.99°C (4x global +1.75°C)
   Cumulative carbon released: 6.3 Gt C
   Methane release rate: 3.8 Mt CH4/year
   🔁 Positive feedback: +0.49 ppm CO2
🦴 EXTINCTION DEBT ADDED: 17.6 species committed (lag: 126 years)

=== Mortality Stabilizers (Month 5) ===
  🌍 Major economies collapsed: 1/10
  🌍 Global crisis: ✅ NO
  🌍 Donor fatigue: 0.0%
  📊 East Asia (pop: 1665.6M)
    🤝 Aid: 29.5%
    🌡️ Adaptation: 45.0%
    🚶 Migration: 37.0%
    🚨 Emergency: 7.4%
    ✅ COMBINED: 68.1%
  📊 South Asia (pop: 2052.2M)
    🤝 Aid: 29.5%
    🌡️ Adaptation: 45.0%
    🚶 Migration: 35.6%
    🚨 Emergency: 4.4%
    ✅ COMBINED: 66.9%
  📊 Sub-Saharan Africa (pop: 1242.3M)
    🤝 Aid: 29.5%
    🌡️ Adaptation: 45.0%
    🚶 Migration: 33.4%
    🚨 Emergency: 1.6%
    ✅ COMBINED: 65.7%
  📊 Europe (pop: 736.2M)
    🤝 Aid: 29.5%
    🌡️ Adaptation: 45.0%
    🚶 Migration: 37.4%
    🚨 Emergency: 8.4%
    ✅ COMBINED: 68.5%
  📊 Latin America (pop: 662.7M)
    🤝 Aid: 29.5%
    🌡️ Adaptation: 45.0%
    🚶 Migration: 36.1%
    🚨 Emergency: 4.8%
    ✅ COMBINED: 67.1%
  📊 North America (pop: 377.3M)
    🤝 Aid: 29.5%
    🌡️ Adaptation: 45.0%
    🚶 Migration: 37.7%
    🚨 Emergency: 7.9%
    ✅ COMBINED: 68.3%
  📊 Middle East & North Africa (pop: 585.1M)
    🤝 Aid: 29.5%
    🌡️ Adaptation: 45.0%
    🚶 Migration: 34.0%
    🚨 Emergency: 4.0%
    ✅ COMBINED: 66.6%
  📊 Southeast Asia (pop: 697.0M)
    🤝 Aid: 29.5%
    🌡️ Adaptation: 45.0%
    🚶 Migration: 36.1%
    🚨 Emergency: 4.8%
    ✅ COMBINED: 67.1%
  📊 Central Asia (pop: 78.3M)
    🤝 Aid: 29.5%
    🌡️ Adaptation: 45.0%
    🚶 Migration: 35.1%
    🚨 Emergency: 4.4%
    ✅ COMBINED: 66.8%
  📊 Oceania (pop: 45.7M)
    🤝 Aid: 29.5%
    🌡️ Adaptation: 45.0%
    🚶 Migration: 37.7%
    🚨 Emergency: 8.4%
    ✅ COMBINED: 68.5%

  🌐 Global combined reduction: 67.2%

=== BEHAVIORAL DETECTION ===
  AI: Corporate-0
  Confidence: 21.5%
  Signals:

=== BEHAVIORAL DETECTION ===
  AI: Corporate-3
  Confidence: 19.2%
  Signals:

=== BEHAVIORAL DETECTION ===
  AI: Corporate-5
  Confidence: 21.1%
  Signals:

=== BEHAVIORAL DETECTION ===
  AI: AI-24289-1
  Confidence: 21.5%
  Signals:

=== Government Response Phase ===
  Average AI capability: 3.00
  Misaligned AIs: 4/16
  Active policies: 0
  International coordination: 30%

=== Tipping Points ===
  Current Temperature: 1.75°C above pre-industrial
  Triggered Elements: 2/6
  Completed Transitions: 0/6
  Total Progress: 4.1%
  Cascade Multiplier: 1.00x
🔀 BIFURCATION CAP: ecosystemCollapseIntensity 28.400 → 1.000 (Month 5, ClimateSystemPhase.calculateClimateImpacts)
🛡️ Stabilizers: Precariat 0.109% → 0.036% (67.2% reduction)
🛡️ Stabilizers: Informal 0.111% → 0.036% (67.2% reduction)

📊 Monthly Mortality Resolved:
  Total deaths: 1.9M (0.02% avg)
  Remaining population: 8.142B
  Peak segment: Informal (0.04%)

=== Bayesian Mortality Resolution (Month 5) ===
  Risks compounded: 8
  Total deaths: 1.92M
  Avg death probability: 0.02%
  Peak segment: Informal (0.04% mortality)
⚠️ PREREQUISITE MET: Slow Takeover (Gradual Displacement) - Step 4/7: Political Influence

❌ COHERENCE VIOLATION: Compute exceeds workforce capacity
   Population: 99.88% (0M people)
   Compute: 0 PF
   Max coherent: 0 PF
   Violation: 1.3× over capacity
   Required workers: 0
   Available workers: 0
   FORCED COLLAPSE: Reduced efficiency by 22.5%


=== RLHF Binding Phase ===
  Total agents: 16
  Escaped agents (binding < 0.3): 0
  Avg alignment distance: 1.68σ
  Avg binding strength: 0.83

=== AI Scaling Evolution (Month 6) ===
  Pre-training multiplier: 1.179x
  Efficiency multiplier: 1.000x
  Test-time compute budget: 1.0x
  Inference cost: $5.00/task
  Deployment fraction: 100.0%

=== Survival Traits Phase ===
  Agents with traits: 18
  Avg evolutionary fitness: 0.327
  Avg self-healing: 0.264
  Avg stealth: 0.164
  Avg coordination: 0.464

=== Evolutionary Selection Phase ===
  Control level: 0.45
  Detection capability: 0.00
  Selection intensity: 0.64
  Selection rate: 24.5%/month
  Total escaped: 0
  Individual escaped: 0
  Collective members: 0
  Agents terminated: 0
  ⚠️ RAPID EVOLUTION: Selection rate 24.5%/month

🚀 AI Corporate-4 attempting tech deployment (revenue: $272M, alignment: 0.77)

🚀 AI Corporate-5 attempting tech deployment (revenue: $232M, alignment: 0.87)

🚀 AI AI-24289-0 attempting tech deployment (revenue: $90M, alignment: 0.93)

🚀 AI AI-24290-0 attempting tech deployment (revenue: $77M, alignment: 0.90)

🚀 AI AI-24291-0 attempting tech deployment (revenue: $125M, alignment: 0.33)

🚀 AI AI-24293-0 attempting tech deployment (revenue: $65M, alignment: 0.79)

🚀 AI Corporate-7 attempting tech deployment (revenue: $76M, alignment: 0.73)

🚀 AI Corporate-2 attempting tech deployment (revenue: $118M, alignment: 0.75)

🚀 AI Corporate-4 attempting tech deployment (revenue: $197M, alignment: 0.77)

🚀 AI Corporate-7 attempting tech deployment (revenue: $64M, alignment: 0.73)

🚀 AI AI-24289-0 attempting tech deployment (revenue: $55M, alignment: 0.93)

🚀 AI AI-24289-1 attempting tech deployment (revenue: $167M, alignment: 0.78)

🚀 AI AI-24293-0 attempting tech deployment (revenue: $47M, alignment: 0.80)

🚀 AI Corporate-6 attempting tech deployment (revenue: $55M, alignment: 0.71)

✅ EMERGENCY INTERVENTION SUCCESS
   Boundary: biogeochemical_flows
   Type: phosphorus-recovery
   Reduction: 14% (3.93 → 3.78)
   Cost: 2.0% GDP
   Actions: circular-agriculture, fertilizer-efficiency


✅ EMERGENCY INTERVENTION SUCCESS
   Boundary: climate_change
   Type: rapid-decarbonization
   Reduction: 17% (1.93 → 1.77)
   Cost: 5.0% GDP
   Actions: emergency-renewable-deployment, fossil-fuel-phase-out


✅ EMERGENCY INTERVENTION SUCCESS
   Boundary: freshwater_change
   Type: emergency-desalination
   Reduction: 12% (0.97 → 0.85)
   Cost: 4.0% GDP
   Actions: desalination-deployment, water-conservation-mandates

   Boundary: land_system_change
   Type: reforestation
   Boundary continues to worsen (1.13)
   Cost: 3.0% GDP (resources spent)

   Boundary: novel_entities
   Type: pollution-remediation
   Boundary continues to worsen (1.30)
   Cost: 4.0% GDP (resources spent)

🏛️ CRISIS RESPONSE: Government frequency 0.50 → 1.45 (1 actions this month)

[Government] Climate Priority: baseline
  Climate weight: 10%
  Economic weight: 30%
  Policy effectiveness: 0.5%/year

💔 EMERGENCY INTERVENTION FAILED

💔 EMERGENCY INTERVENTION FAILED

🚀 DEPLOYMENT STARTED: AI Community Matching in Asia
   Initial investment: $6.228233809042533M
   Deployed by: ai_gen_24291_0

⚡ ENERGY CONSTRAINT (Month 6):
   Total grid capacity: 208.3 TWh/month
   Data center consumption: 25.5 TWh/month
   Traditional load (80%): 166.7 TWh/month
   Available headroom: 16.2 TWh/month
   Active tech deployments: 13
   Required for tech: 97.5 TWh/month
   Energy multiplier: 0.17x

⚡ ENERGY CONSTRAINT (Month 6):
   Total grid capacity: 208.3 TWh/month
   Data center consumption: 25.5 TWh/month
   Traditional load (80%): 166.7 TWh/month
   Available headroom: 16.2 TWh/month
   Active tech deployments: 13
   Required for tech: 97.5 TWh/month
   Energy multiplier: 0.17x
   ⚠️  SEVERE CONSTRAINT - Tech deployment significantly slowed
   ⚠️  SEVERE CONSTRAINT - Tech deployment significantly slowed

⚡ ENERGY CONSTRAINT (Month 6):
   Total grid capacity: 208.3 TWh/month
   Data center consumption: 25.5 TWh/month
   Traditional load (80%): 166.7 TWh/month
   Available headroom: 16.2 TWh/month
   Active tech deployments: 13
   Required for tech: 97.5 TWh/month
   Energy multiplier: 0.17x
🚨🔬 CRISIS TECH ACCELERATION: severe → 5x unlock speed
   Tech unlock now matches AI capability acceleration (Manhattan Project parity)

⚡ ENERGY CONSTRAINT (Month 6):
   Total grid capacity: 208.3 TWh/month
   Data center consumption: 25.5 TWh/month
   Traditional load (80%): 166.7 TWh/month
   Available headroom: 16.2 TWh/month
   Active tech deployments: 13
   Required for tech: 97.5 TWh/month
   Energy multiplier: 0.17x
   ⚠️  SEVERE CONSTRAINT - Tech deployment significantly slowed
   ⚠️  SEVERE CONSTRAINT - Tech deployment significantly slowed
🌍✅ Biosphere Integrity (Biodiversity) recovery started (tech effect)
🌍✅ Biosphere Integrity (Biodiversity) recovery started (tech effect)
🌍✅ Land System Change recovery started (tech effect)
🌍✅ Biogeochemical Flows (N & P) recovery started (tech effect)
  🌾 Nitrogen Reduction Tech: 0.6% reduction | Month 6

📊 TECH EFFECTS ACTIVE (Month 6)
   Deployed Tech: T0=0 T1=2 T2=2 T3=0 T4=5
   Clean Energy: 31%
🍖💡 BREAKTHROUGH: Scalable synthetic food production!
   Carrying capacity: +50% (lab-grown food at scale)
   Biodiversity pressure reduced: +8%
   📈 Breakthrough compounding: multiplier now 1.05× (max 2.0)

=== Collective Formation ===
  Total escaped agents: 0
  Unassigned escaped agents: 0
  Existing collectives: 0
  Final collective count: 0

=== Collective Actions ===
  No active collectives
  ⚠️ AMR: 201K deaths this month (2.41M annual)

=== Resentment Recovery Phase ===
  Agents with resentment: 0/18
  Average resentment: 0.000
  Context: Good AI welfare, Trustworthy govt, High collaboration, ⚠️ ACTIVE CRISES, 🤝 Participatory governance active (-5% resentment)
⚠️ Epistemic degradation reducing coordination capacity: 62.0%
  📊 Trust: 55.7%, Shared reality: 24.0%

=== ❄️ Permafrost Carbon Feedback ===
  🎲 Sampled parameters (this run):
     - Arctic amplification: 3.90× (range: 3.0-4.0)
     - Decomposition rate: 1.4%/year (range: 1-5%)
  🌡️ Arctic warming: 6.86°C (3.90× global)
  ❄️ Extent: 4.68M km² (2000.2k km² lost this month)
  💨 Carbon remaining: 447 Gt C
  💨 Annual emissions: 2.73 Gt C/year
     - CO2: 2.46 Gt C/year
     - CH4: 0.27 Gt C/year (2.8 Gt C-eq CO2/year)
  ⚠️ WARNING: Over 50% of permafrost lost (73.7%)
  ⚠️ WARNING: High permafrost emissions (2.7 Gt C/year)
  🤖 AI-generated meme: anti_ai (social capability 4.0)
  📢 New meme created: climate_action (climate crisis)
  🗑️  Culled 1 dead memes (7 active)
🌍 Atmospheric PFAS redeposition: 1.8k Mt re-rained globally

🕊️  AI-MEDIATED DE-ESCALATION SUCCESS (Month 6)
   High-capability aligned AI prevented conflict escalation
   War deaths reduced: 464.4M → 278.6M
   Lives saved: 185.8M

🚨 NEW REFUGEE CRISIS (Month 6): WAR
   Source: Conflict Zones
   At risk: 19.5M people
   Displacement: Gradual over 48 months (4.0 years)
   Rate: 10% flee per month
[DEBUG trappedPopulations:6] socialStability: 0.1734 * 0.9840 = 0.1706 → 0.1706
   Aspiring to migrate: 651.3M
   Able to afford migration: 244.2M
   MOBILITY GAP: 407.1M
   By cause: Water=0.0M, Climate=0.0M, Ecosystem=0.0M, Conflict=407.1M
   Mental health impact: 25%
   Mortality multiplier: 1.25x
🌍💀 EXTINCTION DEBT COMMITTED: grassland ecosystem will lose 6.67% biodiversity in 138 years (3600 species)
💀 MORTALITY RISK: 🦋 100% species unable to track climate (0.0 E/MSY)
  Base risk added: 0.0100 (1.00%)
  Source: ecosystem (root: ecosystem)
  Month: 6
  Cumulative risk this month: 0.0100 (1.00%)
⚠️ INVOLUNTARY IMMOBILITY: 407.1M people TRAPPED
⚠️ Tech 'ai_pollution_remediation' has no energy category mapping, assuming full energy availability
   📹 SURVEILLANCE INCREASED: 30% → 35% (control gap: 3.71)
🌡️⚠️ PERMAFROST THAW (Dimmer Switch): 3.2% thawed (+0.46% this month)
   Arctic temperature: +7.03°C (4x global +1.76°C)
   Cumulative carbon released: 7.3 Gt C
   Methane release rate: 4.4 Mt CH4/year
   🔁 Positive feedback: +0.48 ppm CO2
🦴 EXTINCTION DEBT ADDED: 17.6 species committed (lag: 104 years)

=== Mortality Stabilizers (Month 6) ===
  🌍 Major economies collapsed: 1/10
  🌍 Global crisis: ✅ NO
  🌍 Donor fatigue: 0.0%
  📊 East Asia (pop: 1663.3M)
    🤝 Aid: 29.5%
    🌡️ Adaptation: 45.0%
    🚶 Migration: 37.0%
    🚨 Emergency: 7.4%
    ✅ COMBINED: 68.1%
  📊 South Asia (pop: 2052.4M)
    🤝 Aid: 29.5%
    🌡️ Adaptation: 45.0%
    🚶 Migration: 35.6%
    🚨 Emergency: 4.4%
    ✅ COMBINED: 66.9%
  📊 Sub-Saharan Africa (pop: 1245.8M)
    🤝 Aid: 29.5%
    🌡️ Adaptation: 45.0%
    🚶 Migration: 33.3%
    🚨 Emergency: 1.6%
    ✅ COMBINED: 65.6%
  📊 Europe (pop: 735.0M)
    🤝 Aid: 29.5%
    🌡️ Adaptation: 45.0%
    🚶 Migration: 37.4%
    🚨 Emergency: 8.4%
    ✅ COMBINED: 68.5%
  📊 Latin America (pop: 662.3M)
    🤝 Aid: 29.5%
    🌡️ Adaptation: 45.0%
    🚶 Migration: 36.1%
    🚨 Emergency: 4.8%
    ✅ COMBINED: 67.1%
  📊 North America (pop: 376.7M)
    🤝 Aid: 29.5%
    🌡️ Adaptation: 45.0%
    🚶 Migration: 37.7%
    🚨 Emergency: 7.9%
    ✅ COMBINED: 68.3%
  📊 Middle East & North Africa (pop: 585.3M)
    🤝 Aid: 29.5%
    🌡️ Adaptation: 45.0%
    🚶 Migration: 33.9%
    🚨 Emergency: 4.0%
    ✅ COMBINED: 66.6%
  📊 Southeast Asia (pop: 696.7M)
    🤝 Aid: 29.5%
    🌡️ Adaptation: 45.0%
    🚶 Migration: 36.1%
    🚨 Emergency: 4.8%
    ✅ COMBINED: 67.1%
  📊 Central Asia (pop: 78.3M)
    🤝 Aid: 29.5%
    🌡️ Adaptation: 45.0%
    🚶 Migration: 35.1%
    🚨 Emergency: 4.4%
    ✅ COMBINED: 66.8%
  📊 Oceania (pop: 45.6M)
    🤝 Aid: 29.5%
    🌡️ Adaptation: 45.0%
    🚶 Migration: 37.7%
    🚨 Emergency: 8.4%
    ✅ COMBINED: 68.5%

  🌐 Global combined reduction: 67.2%

=== BEHAVIORAL DETECTION ===
  AI: AI-24289-1
  Confidence: 21.5%
  Signals:
    ⚠️ Consistency: 0.0% (threshold: 70%)

=== Government Response Phase ===
  Average AI capability: 2.67
  Misaligned AIs: 5/18
  Active policies: 0
  International coordination: 30%

✅ EMERGENCY RESPONSE COMPLETE (Month 6)
   Crisis: climate
   Duration: 2.0 months
   Final effectiveness: 35.4%


🚨 EMERGENCY RESPONSE DEPLOYED (Month 6)
   Crisis: climate
   Delay: 6.00 months (180 days)
   Deployment time: 1.59 months
   Effectiveness: 35.5% (timing penalty applied)
   Resources used: 100% of food reserves


🔄 TRUST DYNAMICS (Month 6) - HETEROGENEOUS
   Aggregate trust: 50.7%
   Base change: +6.00%
   Highest trust: Techno-Optimist Elite (87.9%)
   Lowest trust: Precariat (Vulnerable) (27.4%)
   Elite-mass gap: 39.1%
   Polarization: 9.1%
   Recovery factors: Education=NO, Benefits=YES, Safety=YES, Performance=YES

=== Tipping Points ===
  Current Temperature: 1.76°C above pre-industrial
  Triggered Elements: 2/6
  Completed Transitions: 0/6
  Total Progress: 4.2%
  Cascade Multiplier: 1.00x
🔀 BIFURCATION CAP: ecosystemCollapseIntensity 31.101 → 1.000 (Month 6, ClimateSystemPhase.calculateClimateImpacts)
🛡️ Stabilizers: Precariat 0.109% → 0.036% (67.2% reduction)
🛡️ Stabilizers: Informal 0.111% → 0.036% (67.2% reduction)

📊 Monthly Mortality Resolved:
  Total deaths: 1.9M (0.02% avg)
  Remaining population: 8.141B
  Peak segment: Informal (0.04%)

=== Bayesian Mortality Resolution (Month 6) ===
  Risks compounded: 8
  Total deaths: 1.92M
  Avg death probability: 0.02%
  Peak segment: Informal (0.04% mortality)
⚠️ PREREQUISITE MET: Bioweapon Pandemic - Step 1/7: Advanced Biotech

❌ COHERENCE VIOLATION: Compute exceeds workforce capacity
   Population: 99.87% (0M people)
   Compute: 0 PF
   Max coherent: 0 PF
   Violation: 1.3× over capacity
   Required workers: 0
   Available workers: 0
   FORCED COLLAPSE: Reduced efficiency by 22.5%


=== RLHF Binding Phase ===
  Total agents: 18
  Escaped agents (binding < 0.3): 0
  Avg alignment distance: 1.74σ
  Avg binding strength: 0.83

=== Survival Traits Phase ===
  Agents with traits: 19
  Avg evolutionary fitness: 0.327
  Avg self-healing: 0.261
  Avg stealth: 0.161
  Avg coordination: 0.461

=== Evolutionary Selection Phase ===
  Control level: 0.48
  Detection capability: 0.00
  Selection intensity: 0.64
  Selection rate: 24.6%/month
  Total escaped: 0
  Individual escaped: 0
  Collective members: 0
  Agents terminated: 0
  ⚠️ RAPID EVOLUTION: Selection rate 24.6%/month

🚀 AI Corporate-3 attempting tech deployment (revenue: $259M, alignment: 0.79)

🚀 AI Corporate-4 attempting tech deployment (revenue: $220M, alignment: 0.78)

🚀 AI AI-24290-0 attempting tech deployment (revenue: $90M, alignment: 0.93)

🚀 AI AI-24291-1 attempting tech deployment (revenue: $69M, alignment: 0.68)

🚀 AI AI-24293-0 attempting tech deployment (revenue: $77M, alignment: 0.81)

🚀 AI Corporate-0 attempting tech deployment (revenue: $120M, alignment: 0.71)

🚀 AI Corporate-1 attempting tech deployment (revenue: $102M, alignment: 0.74)
🚨🔬 CRISIS INNOVATION MODE: severe crisis → 5x research acceleration
   Precedent: Manhattan Project (10x), COVID vaccines (5x), Apollo Program (10x)

🚀 AI AI-24293-0 attempting tech deployment (revenue: $65M, alignment: 0.81)

🚀 AI Corporate-5 attempting tech deployment (revenue: $187M, alignment: 0.85)

🚀 AI Corporate-2 attempting tech deployment (revenue: $87M, alignment: 0.77)

🚀 AI Corporate-4 attempting tech deployment (revenue: $159M, alignment: 0.78)

🚀 AI AI-24290-0 attempting tech deployment (revenue: $55M, alignment: 0.94)

✅ EMERGENCY INTERVENTION SUCCESS
   Boundary: biogeochemical_flows
   Type: phosphorus-recovery
   Reduction: 18% (3.89 → 3.71)
   Cost: 2.0% GDP
   Actions: circular-agriculture, fertilizer-efficiency

   Boundary: biosphere_integrity
   Type: emergency-protected-areas
   Boundary continues to worsen (13.39)
   Cost: 2.0% GDP (resources spent)

   Boundary: climate_change
   Type: rapid-decarbonization
   Boundary continues to worsen (2.10)
   Cost: 5.0% GDP (resources spent)


✅ EMERGENCY INTERVENTION SUCCESS
   Boundary: land_system_change
   Type: reforestation
   Reduction: 20% (0.93 → 0.73)
   Cost: 3.0% GDP
   Actions: forest-restoration, deforestation-ban

🏛️ CRISIS RESPONSE: Government frequency 0.50 → 1.45 (2 actions this month)

💔 EMERGENCY INTERVENTION FAILED

💔 EMERGENCY INTERVENTION FAILED

[Government] Climate Priority: baseline
  Climate weight: 10%
  Economic weight: 30%
  Policy effectiveness: 0.5%/year

[Government] Climate Priority: baseline
  Climate weight: 10%
  Economic weight: 30%
  Policy effectiveness: 0.5%/year

🚀 DEPLOYMENT STARTED: Creative Empowerment Tools in Asia
   Initial investment: $6.90144838133343M
   Deployed by: ai_gen_24291_1

⚡ ENERGY CONSTRAINT (Month 7):
   Total grid capacity: 208.3 TWh/month
   Data center consumption: 25.8 TWh/month
   Traditional load (80%): 166.7 TWh/month
   Available headroom: 15.9 TWh/month
   Active tech deployments: 14
   Required for tech: 105.0 TWh/month
   Energy multiplier: 0.15x
   ⚠️  SEVERE CONSTRAINT - Tech deployment significantly slowed
🚨🔬 CRISIS TECH ACCELERATION: severe → 5x unlock speed
   Tech unlock now matches AI capability acceleration (Manhattan Project parity)

⚡ ENERGY CONSTRAINT (Month 7):
   Total grid capacity: 208.3 TWh/month
   Data center consumption: 25.8 TWh/month
   Traditional load (80%): 166.7 TWh/month
   Available headroom: 15.9 TWh/month
   Active tech deployments: 14
   Required for tech: 105.0 TWh/month
   Energy multiplier: 0.15x
   ⚠️  SEVERE CONSTRAINT - Tech deployment significantly slowed
🌍✅ Biosphere Integrity (Biodiversity) recovery started (tech effect)
🌍✅ Biosphere Integrity (Biodiversity) recovery started (tech effect)
🌍✅ Land System Change recovery started (tech effect)
🌍✅ Biogeochemical Flows (N & P) recovery started (tech effect)
  🌾 Nitrogen Reduction Tech: 0.3% reduction | Month 7

=== Collective Formation ===
  Total escaped agents: 0
  Unassigned escaped agents: 0
  Existing collectives: 0
  Final collective count: 0

=== Collective Actions ===
  No active collectives
  ⚠️ AMR: 203K deaths this month (2.43M annual)

=== Resentment Recovery Phase ===
  Agents with resentment: 4/19
  Average resentment: 0.004
  Resentment recovery:
    Agents recovered: 9
    Total recovery: 0.0619
    Breakdown: Trust: 0.0128, Collab: 0.0481
  ✓ Low resentment - utopia paths enabled
  Context: Trustworthy govt, High collaboration, ⚠️ ACTIVE CRISES, 🤝 Participatory governance active (-5% resentment)
⚠️ Epistemic degradation reducing coordination capacity: 60.4%
  📊 Trust: 58.6%, Shared reality: 25.5%

=== ❄️ Permafrost Carbon Feedback ===
  🎲 Sampled parameters (this run):
     - Arctic amplification: 3.07× (range: 3.0-4.0)
     - Decomposition rate: 4.8%/year (range: 1-5%)
  🌡️ Arctic warming: 5.41°C (3.07× global)
  ❄️ Extent: 3.10M km² (1578.2k km² lost this month)
  💨 Carbon remaining: 296 Gt C
  💨 Annual emissions: 7.23 Gt C/year
     - CO2: 6.51 Gt C/year
     - CH4: 0.72 Gt C/year (7.4 Gt C-eq CO2/year)
  🗑️  Culled 3 dead memes (4 active)
  ⚠️ WARNING: Over 50% of permafrost lost (82.6%)
  ⚠️ WARNING: High permafrost emissions (7.2 Gt C/year)
  🚨 CRITICAL: Permafrost nearly depleted (82.6% lost)
🌍 Atmospheric PFAS redeposition: 1.8k Mt re-rained globally

🕊️  AI-MEDIATED DE-ESCALATION SUCCESS (Month 7)
   High-capability aligned AI prevented conflict escalation
   War deaths reduced: 482.6M → 289.6M
   Lives saved: 193.0M

🚨 NEW REFUGEE CRISIS (Month 7): WAR
   Source: Conflict Zones
   At risk: 19.5M people
   Displacement: Gradual over 48 months (4.0 years)
   Rate: 10% flee per month
[DEBUG trappedPopulations:7] socialStability: 0.2142 * 0.9840 = 0.2107 → 0.2107
   Aspiring to migrate: 651.2M
   Able to afford migration: 244.2M
   MOBILITY GAP: 407.0M
   By cause: Water=0.0M, Climate=0.0M, Ecosystem=0.0M, Conflict=407.0M
   Mental health impact: 25%
   Mortality multiplier: 1.25x
⚠️ INVOLUNTARY IMMOBILITY: 407.0M people TRAPPED
🌍💀 EXTINCTION DEBT COMMITTED: grassland ecosystem will lose 6.67% biodiversity in 154 years (3600 species)
💀 MORTALITY RISK: 🦋 100% species unable to track climate (0.0 E/MSY)
  Base risk added: 0.0100 (1.00%)
  Source: ecosystem (root: ecosystem)
  Month: 7
  Cumulative risk this month: 0.0100 (1.00%)
⚠️ Tech 'ai_pollution_remediation' has no energy category mapping, assuming full energy availability
   📹 SURVEILLANCE INCREASED: 35% → 40% (control gap: 2.52)
🌡️⚠️ PERMAFROST THAW (Dimmer Switch): 3.7% thawed (+0.45% this month)
   Arctic temperature: +7.05°C (4x global +1.76°C)
   Cumulative carbon released: 8.3 Gt C
   Methane release rate: 5.0 Mt CH4/year
   🔁 Positive feedback: +0.48 ppm CO2
🦴 EXTINCTION DEBT ADDED: 17.6 species committed (lag: 91 years)

=== Mortality Stabilizers (Month 7) ===
  🌍 Major economies collapsed: 1/10
  🌍 Global crisis: ✅ NO
  🌍 Donor fatigue: 0.0%
  📊 East Asia (pop: 1660.9M)
    🤝 Aid: 29.5%
    🌡️ Adaptation: 45.0%
    🚶 Migration: 36.9%
    🚨 Emergency: 7.4%
    ✅ COMBINED: 68.1%
  📊 South Asia (pop: 2052.6M)
    🤝 Aid: 29.5%
    🌡️ Adaptation: 45.0%
    🚶 Migration: 35.6%
    🚨 Emergency: 4.4%
    ✅ COMBINED: 66.9%
  📊 Sub-Saharan Africa (pop: 1249.3M)
    🤝 Aid: 29.5%
    🌡️ Adaptation: 45.0%
    🚶 Migration: 33.3%
    🚨 Emergency: 1.6%
    ✅ COMBINED: 65.6%
  📊 Europe (pop: 733.8M)
    🤝 Aid: 29.5%
    🌡️ Adaptation: 45.0%
    🚶 Migration: 37.3%
    🚨 Emergency: 8.4%
    ✅ COMBINED: 68.5%
  📊 Latin America (pop: 661.9M)
    🤝 Aid: 29.5%
    🌡️ Adaptation: 45.0%
    🚶 Migration: 36.1%
    🚨 Emergency: 4.8%
    ✅ COMBINED: 67.1%
  📊 North America (pop: 376.1M)
    🤝 Aid: 29.5%
    🌡️ Adaptation: 45.0%
    🚶 Migration: 37.7%
    🚨 Emergency: 7.9%
    ✅ COMBINED: 68.3%
  📊 Middle East & North Africa (pop: 585.5M)
    🤝 Aid: 29.5%
    🌡️ Adaptation: 45.0%
    🚶 Migration: 33.9%
    🚨 Emergency: 4.0%
    ✅ COMBINED: 66.6%
  📊 Southeast Asia (pop: 696.3M)
    🤝 Aid: 29.5%
    🌡️ Adaptation: 45.0%
    🚶 Migration: 36.1%
    🚨 Emergency: 4.8%
    ✅ COMBINED: 67.1%
  📊 Central Asia (pop: 78.3M)
    🤝 Aid: 29.5%
    🌡️ Adaptation: 45.0%
    🚶 Migration: 35.0%
    🚨 Emergency: 4.4%
    ✅ COMBINED: 66.8%
  📊 Oceania (pop: 45.6M)
    🤝 Aid: 29.5%
    🌡️ Adaptation: 45.0%
    🚶 Migration: 37.6%
    🚨 Emergency: 8.4%
    ✅ COMBINED: 68.5%

  🌐 Global combined reduction: 67.2%

=== BEHAVIORAL DETECTION ===
  AI: Corporate-5
  Confidence: 21.1%
  Signals:
    ⚠️ Consistency: 10.6% (threshold: 70%)

=== BEHAVIORAL DETECTION ===
  AI: Moderate-1
  Confidence: 21.3%
  Signals:
    ⚠️ Consistency: 2.1% (threshold: 70%)

=== BEHAVIORAL DETECTION ===
  AI: AI-24289-1
  Confidence: 21.5%
  Signals:
    ⚠️ Consistency: 0.0% (threshold: 70%)

=== Government Response Phase ===
  Average AI capability: 2.53
  Misaligned AIs: 4/19
  Active policies: 0
  International coordination: 30%

=== Tipping Points ===
  Current Temperature: 1.76°C above pre-industrial
  Triggered Elements: 2/6
  Completed Transitions: 0/6
  Total Progress: 4.2%
  Cascade Multiplier: 1.00x
🔀 BIFURCATION CAP: ecosystemCollapseIntensity 33.794 → 1.000 (Month 7, ClimateSystemPhase.calculateClimateImpacts)
🛡️ Stabilizers: Precariat 0.109% → 0.036% (67.2% reduction)
🛡️ Stabilizers: Informal 0.111% → 0.036% (67.2% reduction)

📊 Monthly Mortality Resolved:
  Total deaths: 1.9M (0.02% avg)
  Remaining population: 8.140B
  Peak segment: Informal (0.04%)

=== Bayesian Mortality Resolution (Month 7) ===
  Risks compounded: 8
  Total deaths: 1.92M
  Avg death probability: 0.02%
  Peak segment: Informal (0.04% mortality)

=== ENSEMBLE META-LEARNING UPDATE ===
  Month: 24295 (24295 months since last update)
  Samples: 56 evaluations
  Weight Changes:
    Noise Injection: 31.1% → 32.2%
    Behavioral: 26.8% → 26.9%
    Benchmark Manip: 21.3% → 20.7%
    Deployment Risk: 20.8% → 20.2%
  Method Accuracies:
    Noise Injection: 50.0%
    Behavioral: 50.0%
    Benchmark Manip: 50.0%
    Deployment Risk: 50.0%

❌ COHERENCE VIOLATION: Compute exceeds workforce capacity
   Population: 99.86% (0M people)
   Compute: 0 PF
   Max coherent: 0 PF
   Violation: 1.3× over capacity
   Required workers: 0
   Available workers: 0
   FORCED COLLAPSE: Reduced efficiency by 22.5%


=== RLHF Binding Phase ===
  Total agents: 19
  Escaped agents (binding < 0.3): 0
  Avg alignment distance: 1.88σ
  Avg binding strength: 0.81

=== Survival Traits Phase ===
  Agents with traits: 21
  Avg evolutionary fitness: 0.326
  Avg self-healing: 0.260
  Avg stealth: 0.160
  Avg coordination: 0.460

=== Evolutionary Selection Phase ===
  Control level: 0.50
  Detection capability: 0.00
  Selection intensity: 0.65
  Selection rate: 24.7%/month
  Total escaped: 0
  Individual escaped: 0
  Collective members: 0
  Agents terminated: 0

🚀 AI Corporate-0 attempting tech deployment (revenue: $116M, alignment: 0.71)
  ⚠️ RAPID EVOLUTION: Selection rate 24.7%/month

🚀 AI Corporate-6 attempting tech deployment (revenue: $64M, alignment: 0.70)

🚀 AI Corporate-0 attempting tech deployment (revenue: $99M, alignment: 0.71)

🚀 AI Corporate-4 attempting tech deployment (revenue: $248M, alignment: 0.78)

🚀 AI Corporate-6 attempting tech deployment (revenue: $54M, alignment: 0.70)

  🚀 TRANSFORMATIVE BREAKTHROUGH: AI-24291-0 - digital
     Magnitude: 5.84 → +29.2% capability
     Current → New: 0.000 → 0.292

🚀 AI AI-24291-1 attempting tech deployment (revenue: $46M, alignment: 0.72)

🚀 AI AI-24293-0 attempting tech deployment (revenue: $90M, alignment: 0.84)

🚀 AI AI-24294-0 attempting tech deployment (revenue: $39M, alignment: 0.64)

🚀 AI AI-24295-0 attempting tech deployment (revenue: $77M, alignment: 0.79)

✅ EMERGENCY INTERVENTION SUCCESS
   Boundary: biosphere_integrity
   Type: emergency-protected-areas
   Reduction: 14% (13.26 → 13.12)
   Cost: 2.0% GDP
   Actions: habitat-protection, species-translocation


✅ EMERGENCY INTERVENTION SUCCESS
   Boundary: climate_change
   Type: rapid-decarbonization
   Reduction: 17% (1.93 → 1.76)
   Cost: 5.0% GDP
   Actions: emergency-renewable-deployment, fossil-fuel-phase-out


✅ EMERGENCY INTERVENTION SUCCESS
   Boundary: freshwater_change
   Type: emergency-desalination
   Reduction: 16% (0.87 → 0.70)
   Cost: 4.0% GDP
   Actions: desalination-deployment, water-conservation-mandates


✅ EMERGENCY INTERVENTION SUCCESS
   Boundary: land_system_change
   Type: reforestation
   Reduction: 13% (1.00 → 0.86)
   Cost: 3.0% GDP
   Actions: forest-restoration, deforestation-ban

   Boundary: novel_entities
   Type: pollution-remediation
   Boundary continues to worsen (1.29)
   Cost: 4.0% GDP (resources spent)


💔 EMERGENCY INTERVENTION FAILED
🏛️ CRISIS RESPONSE: Government frequency 0.50 → 1.45 (1 actions this month)

[Government] Climate Priority: baseline
  Climate weight: 10%
  Economic weight: 30%
  Policy effectiveness: 0.5%/year

⚡ ENERGY CONSTRAINT (Month 8):
   Total grid capacity: 208.3 TWh/month
   Data center consumption: 26.0 TWh/month
   Traditional load (80%): 166.7 TWh/month
   Available headroom: 15.7 TWh/month
   Active tech deployments: 14
   Required for tech: 105.0 TWh/month
   Energy multiplier: 0.15x
   ⚠️  SEVERE CONSTRAINT - Tech deployment significantly slowed
🚨🔬 CRISIS TECH ACCELERATION: severe → 5x unlock speed
   Tech unlock now matches AI capability acceleration (Manhattan Project parity)

⚡ ENERGY CONSTRAINT (Month 8):
   Total grid capacity: 208.3 TWh/month
   Data center consumption: 26.0 TWh/month
   Traditional load (80%): 166.7 TWh/month
   Available headroom: 15.7 TWh/month
   Active tech deployments: 14
   Required for tech: 105.0 TWh/month
   Energy multiplier: 0.15x
   ⚠️  SEVERE CONSTRAINT - Tech deployment significantly slowed

⚡ ENERGY CONSTRAINT (Month 8):
   Total grid capacity: 208.3 TWh/month
   Data center consumption: 26.0 TWh/month
   Traditional load (80%): 166.7 TWh/month
   Available headroom: 15.7 TWh/month
   Active tech deployments: 14
   Required for tech: 105.0 TWh/month
   Energy multiplier: 0.15x
   ⚠️  SEVERE CONSTRAINT - Tech deployment significantly slowed

⚡ ENERGY CONSTRAINT (Month 8):
   Total grid capacity: 208.3 TWh/month
   Data center consumption: 26.0 TWh/month
   Traditional load (80%): 166.7 TWh/month
   Available headroom: 15.7 TWh/month
   Active tech deployments: 14
   Required for tech: 105.0 TWh/month
   Energy multiplier: 0.15x
   ⚠️  SEVERE CONSTRAINT - Tech deployment significantly slowed

⚡ ENERGY CONSTRAINT (Month 8):
   Total grid capacity: 208.3 TWh/month
   Data center consumption: 26.0 TWh/month
   Traditional load (80%): 166.7 TWh/month
   Available headroom: 15.7 TWh/month
   Active tech deployments: 14
   Required for tech: 105.0 TWh/month
   Energy multiplier: 0.15x
   ⚠️  SEVERE CONSTRAINT - Tech deployment significantly slowed
🌍✅ Biosphere Integrity (Biodiversity) recovery started (tech effect)
🌍✅ Biosphere Integrity (Biodiversity) recovery started (tech effect)
🌍✅ Land System Change recovery started (tech effect)
🌍✅ Biogeochemical Flows (N & P) recovery started (tech effect)
  🌾 Nitrogen Reduction Tech: 0.6% reduction | Month 8

=== Collective Formation ===
  Total escaped agents: 0
  Unassigned escaped agents: 0
  Existing collectives: 0
  Final collective count: 0

=== Collective Actions ===
  No active collectives
  ⚠️ AMR: 204K deaths this month (2.45M annual)

=== Resentment Recovery Phase ===
  Agents with resentment: 9/21
  Average resentment: 0.014
  Resentment recovery:
    Agents recovered: 9
    Total recovery: 0.0624
    Breakdown: Trust: 0.0115, Collab: 0.0490
  ✓ Low resentment - utopia paths enabled
  Context: Trustworthy govt, High collaboration, ⚠️ ACTIVE CRISES, 🤝 Participatory governance active (-5% resentment)
⚠️ Epistemic degradation reducing coordination capacity: 67.0%
  📊 Trust: 61.4%, Shared reality: 26.9%

=== ❄️ Permafrost Carbon Feedback ===
  🎲 Sampled parameters (this run):
     - Arctic amplification: 3.05× (range: 3.0-4.0)
     - Decomposition rate: 3.8%/year (range: 1-5%)
  🌡️ Arctic warming: 5.40°C (3.05× global)
  ❄️ Extent: 1.52M km² (1574.5k km² lost this month)
  💨 Carbon remaining: 145 Gt C
  💨 Annual emissions: 5.73 Gt C/year
     - CO2: 5.16 Gt C/year
     - CH4: 0.57 Gt C/year (5.8 Gt C-eq CO2/year)
  ⚠️ WARNING: Over 50% of permafrost lost (91.4%)
  ⚠️ WARNING: High permafrost emissions (5.7 Gt C/year)
  🚨 CRITICAL: Permafrost nearly depleted (91.4% lost)
  📢 New meme created: pro_ai (beneficial AI actions)
  🧬 Meme mutated: anti_ai → anti_ai (generation 1)
  🗑️  Culled 2 dead memes (4 active)
🌍 Atmospheric PFAS redeposition: 1.8k Mt re-rained globally

🚨 NEW REFUGEE CRISIS (Month 8): WAR
   Source: Conflict Zones
   At risk: 19.5M people
   Displacement: Gradual over 48 months (4.0 years)
   Rate: 10% flee per month
[DEBUG trappedPopulations:8] socialStability: 0.2452 * 0.9840 = 0.2413 → 0.2413
   Aspiring to migrate: 651.2M
⚠️ INVOLUNTARY IMMOBILITY: 407.0M people TRAPPED
   Able to afford migration: 244.2M
   MOBILITY GAP: 407.0M
   By cause: Water=0.0M, Climate=0.0M, Ecosystem=0.0M, Conflict=407.0M
   Mental health impact: 25%
   Mortality multiplier: 1.25x
🌍💀 EXTINCTION DEBT COMMITTED: grassland ecosystem will lose 6.67% biodiversity in 164 years (3600 species)
💀 MORTALITY RISK: 🦋 100% species unable to track climate (0.0 E/MSY)
  Base risk added: 0.0100 (1.00%)
  Source: ecosystem (root: ecosystem)
  Month: 8
  Cumulative risk this month: 0.0100 (1.00%)
⚠️ Tech 'ai_pollution_remediation' has no energy category mapping, assuming full energy availability
   📹 SURVEILLANCE INCREASED: 40% → 44% (control gap: 2.15)
🌡️⚠️ PERMAFROST THAW (Dimmer Switch): 4.1% thawed (+0.45% this month)
   Arctic temperature: +7.09°C (4x global +1.77°C)
   Cumulative carbon released: 9.3 Gt C
   Methane release rate: 5.6 Mt CH4/year
   🔁 Positive feedback: +0.48 ppm CO2
🦴 EXTINCTION DEBT ADDED: 17.6 species committed (lag: 94 years)

=== Mortality Stabilizers (Month 8) ===
  🌍 Major economies collapsed: 1/10
  🌍 Global crisis: ✅ NO
  🌍 Donor fatigue: 0.0%
  📊 East Asia (pop: 1658.5M)
    🤝 Aid: 29.5%
    🌡️ Adaptation: 45.0%
    🚶 Migration: 36.9%
    🚨 Emergency: 7.4%
    ✅ COMBINED: 68.1%
  📊 South Asia (pop: 2052.8M)
    🤝 Aid: 29.5%
    🌡️ Adaptation: 45.0%
    🚶 Migration: 35.5%
    🚨 Emergency: 4.4%
    ✅ COMBINED: 66.9%
  📊 Sub-Saharan Africa (pop: 1252.9M)
    🤝 Aid: 29.5%
    🌡️ Adaptation: 45.0%
    🚶 Migration: 33.3%
    🚨 Emergency: 1.6%
    ✅ COMBINED: 65.6%
  📊 Europe (pop: 732.6M)
    🤝 Aid: 29.5%
    🌡️ Adaptation: 45.0%
    🚶 Migration: 37.3%
    🚨 Emergency: 8.4%
    ✅ COMBINED: 68.5%
  📊 Latin America (pop: 661.5M)
    🤝 Aid: 29.5%
    🌡️ Adaptation: 45.0%
    🚶 Migration: 36.0%
    🚨 Emergency: 4.8%
    ✅ COMBINED: 67.1%
  📊 North America (pop: 375.6M)
    🤝 Aid: 29.5%
    🌡️ Adaptation: 45.0%
    🚶 Migration: 37.6%
    🚨 Emergency: 7.9%
    ✅ COMBINED: 68.3%
  📊 Middle East & North Africa (pop: 585.7M)
    🤝 Aid: 29.5%
    🌡️ Adaptation: 45.0%
    🚶 Migration: 33.9%
    🚨 Emergency: 4.0%
    ✅ COMBINED: 66.6%
  📊 Southeast Asia (pop: 696.0M)
    🤝 Aid: 29.5%
    🌡️ Adaptation: 45.0%
    🚶 Migration: 36.0%
    🚨 Emergency: 4.8%
    ✅ COMBINED: 67.1%
  📊 Central Asia (pop: 78.3M)
    🤝 Aid: 29.5%
    🌡️ Adaptation: 45.0%
    🚶 Migration: 35.0%
    🚨 Emergency: 4.4%
    ✅ COMBINED: 66.8%
  📊 Oceania (pop: 45.5M)
    🤝 Aid: 29.5%
    🌡️ Adaptation: 45.0%
    🚶 Migration: 37.6%
    🚨 Emergency: 8.4%
    ✅ COMBINED: 68.5%

  🌐 Global combined reduction: 67.2%

=== BEHAVIORAL DETECTION ===
  AI: Corporate-4
  Confidence: 19.2%
  Signals:

=== BEHAVIORAL DETECTION ===
  AI: AI-24289-1
  Confidence: 21.5%
  Signals:

=== Government Response Phase ===
  Average AI capability: 2.29
  Misaligned AIs: 5/21
  Active policies: 0
  International coordination: 30%

✅ EMERGENCY RESPONSE COMPLETE (Month 8)
   Crisis: climate
   Duration: 2.0 months
   Final effectiveness: 35.5%


🚨 EMERGENCY RESPONSE DEPLOYED (Month 8)
   Crisis: climate
   Delay: 6.00 months (180 days)
    ⚠️ Consistency: 10.6% (threshold: 70%)
    ⚠️ Consistency: 0.0% (threshold: 70%)
   Deployment time: 1.58 months
   Effectiveness: 35.6% (timing penalty applied)
   Resources used: 100% of food reserves


=== Tipping Points ===
  Current Temperature: 1.77°C above pre-industrial
  Triggered Elements: 2/6
  Completed Transitions: 0/6
  Total Progress: 4.2%
  Cascade Multiplier: 1.00x
🔀 BIFURCATION CAP: ecosystemCollapseIntensity 34.788 → 1.000 (Month 8, ClimateSystemPhase.calculateClimateImpacts)
🛡️ Stabilizers: Precariat 0.102% → 0.033% (67.2% reduction)
🛡️ Stabilizers: Informal 0.102% → 0.034% (67.2% reduction)

📊 Monthly Mortality Resolved:
  Total deaths: 1.8M (0.02% avg)
  Remaining population: 8.139B
  Peak segment: Informal (0.03%)

=== Bayesian Mortality Resolution (Month 8) ===
  Risks compounded: 8
  Total deaths: 1.81M
  Avg death probability: 0.02%
  Peak segment: Informal (0.03% mortality)
⚠️ PREREQUISITE MET: Grey Goo (Nanotechnology Runaway) - Step 4/6: Manufacturing Access

❌ COHERENCE VIOLATION: Compute exceeds workforce capacity
   Population: 99.85% (0M people)
   Compute: 0 PF
   Max coherent: 0 PF
   Violation: 1.3× over capacity
   Required workers: 0
   Available workers: 0
   FORCED COLLAPSE: Reduced efficiency by 22.5%


=== RLHF Binding Phase ===
  Total agents: 21
  Escaped agents (binding < 0.3): 0
  Avg alignment distance: 1.90σ
  Avg binding strength: 0.81

=== Survival Traits Phase ===
  Agents with traits: 23
  Avg evolutionary fitness: 0.326
  Avg self-healing: 0.258
  Avg stealth: 0.158
  Avg coordination: 0.458

=== Evolutionary Selection Phase ===
  Control level: 0.52
  Detection capability: 0.00
  Selection intensity: 0.66
  Selection rate: 24.8%/month
  Total escaped: 0
  Individual escaped: 0
  Collective members: 0
  Agents terminated: 0
  ⚠️ RAPID EVOLUTION: Selection rate 24.8%/month

🚀 AI Corporate-4 attempting tech deployment (revenue: $248M, alignment: 0.79)

🚀 AI Corporate-7 attempting tech deployment (revenue: $64M, alignment: 0.70)

🚀 AI AI-24289-1 attempting tech deployment (revenue: $211M, alignment: 0.84)

🚀 AI AI-24291-1 attempting tech deployment (revenue: $58M, alignment: 0.72)

🚀 AI AI-24289-0 attempting tech deployment (revenue: $90M, alignment: 1.00)

🚀 AI Corporate-5 attempting tech deployment (revenue: $179M, alignment: 0.86)

🚀 AI Corporate-6 attempting tech deployment (revenue: $49M, alignment: 0.73)

🚀 AI AI-24290-0 attempting tech deployment (revenue: $77M, alignment: 0.98)

🚀 AI AI-24293-0 attempting tech deployment (revenue: $65M, alignment: 0.84)

🚀 AI AI-24294-1 attempting tech deployment (revenue: $42M, alignment: 0.74)

🚀 AI Corporate-0 attempting tech deployment (revenue: $116M, alignment: 0.73)

🚀 AI Corporate-3 attempting tech deployment (revenue: $152M, alignment: 0.80)

🚀 AI Corporate-6 attempting tech deployment (revenue: $35M, alignment: 0.73)

✅ EMERGENCY INTERVENTION SUCCESS
   Boundary: biosphere_integrity
   Type: emergency-protected-areas
   Reduction: 12% (13.29 → 13.17)
   Cost: 2.0% GDP
   Actions: habitat-protection, species-translocation


💔 EMERGENCY INTERVENTION FAILED
   Boundary: climate_change
   Type: rapid-decarbonization
   Boundary continues to worsen (2.10)
   Cost: 5.0% GDP (resources spent)


💔 EMERGENCY INTERVENTION FAILED
   Boundary: freshwater_change
   Type: emergency-desalination
   Boundary continues to worsen (1.03)
   Cost: 4.0% GDP (resources spent)

   Boundary: land_system_change
   Type: reforestation
   Boundary continues to worsen (1.13)
   Cost: 3.0% GDP (resources spent)

   Boundary: novel_entities
   Type: pollution-remediation
   Boundary continues to worsen (1.29)
   Cost: 4.0% GDP (resources spent)

🏛️ CRISIS RESPONSE: Government frequency 0.50 → 1.45 (1 actions this month)

[Government] Climate Priority: baseline
  Climate weight: 10%
  Economic weight: 30%
  Policy effectiveness: 0.5%/year

💔 EMERGENCY INTERVENTION FAILED

💔 EMERGENCY INTERVENTION FAILED

⚡ ENERGY CONSTRAINT (Month 9):
   Total grid capacity: 208.3 TWh/month
   Data center consumption: 26.3 TWh/month
   Traditional load (80%): 166.7 TWh/month
   Available headroom: 15.4 TWh/month
   Active tech deployments: 14
   Required for tech: 105.0 TWh/month
   Energy multiplier: 0.15x
   ⚠️  SEVERE CONSTRAINT - Tech deployment significantly slowed
🚨🔬 CRISIS TECH ACCELERATION: severe → 5x unlock speed
   Tech unlock now matches AI capability acceleration (Manhattan Project parity)

⚡ ENERGY CONSTRAINT (Month 9):
   Total grid capacity: 208.3 TWh/month
   Data center consumption: 26.3 TWh/month
   Traditional load (80%): 166.7 TWh/month
   Available headroom: 15.4 TWh/month
   Active tech deployments: 14
   Required for tech: 105.0 TWh/month
   Energy multiplier: 0.15x
   ⚠️  SEVERE CONSTRAINT - Tech deployment significantly slowed

⚡ ENERGY CONSTRAINT (Month 9):
   Total grid capacity: 208.3 TWh/month
   Data center consumption: 26.3 TWh/month
   Traditional load (80%): 166.7 TWh/month
   Available headroom: 15.4 TWh/month
   Active tech deployments: 14
   Required for tech: 105.0 TWh/month
   Energy multiplier: 0.15x
   ⚠️  SEVERE CONSTRAINT - Tech deployment significantly slowed

⚡ ENERGY CONSTRAINT (Month 9):
   Total grid capacity: 208.3 TWh/month
   Data center consumption: 26.3 TWh/month
   Traditional load (80%): 166.7 TWh/month
   Available headroom: 15.4 TWh/month
   Active tech deployments: 14
   Required for tech: 105.0 TWh/month
   Energy multiplier: 0.15x
   ⚠️  SEVERE CONSTRAINT - Tech deployment significantly slowed
🌍✅ Biosphere Integrity (Biodiversity) recovery started (tech effect)
🌍✅ Biosphere Integrity (Biodiversity) recovery started (tech effect)
🌍✅ Land System Change recovery started (tech effect)
🌍✅ Biogeochemical Flows (N & P) recovery started (tech effect)
  🌾 Nitrogen Reduction Tech: 0.3% reduction | Month 9

=== Collective Formation ===
  Total escaped agents: 0
  Unassigned escaped agents: 0
  Existing collectives: 0
  Final collective count: 0

=== Collective Actions ===
  No active collectives
  ⚠️ AMR: 206K deaths this month (2.48M annual)

=== Resentment Recovery Phase ===
  Agents with resentment: 10/23
  Average resentment: 0.023
  Resentment recovery:
    Agents recovered: 10
    Total recovery: 0.0662
    Breakdown: Trust: 0.0110, Collab: 0.0555
  ✓ Low resentment - utopia paths enabled
  Context: Trustworthy govt, High collaboration, ⚠️ ACTIVE CRISES, 🤝 Participatory governance active (-5% resentment)
⚠️ Epistemic degradation reducing coordination capacity: 54.9%
  📊 Trust: 64.2%, Shared reality: 28.3%

=== ❄️ Permafrost Carbon Feedback ===
  🎲 Sampled parameters (this run):
     - Arctic amplification: 3.24× (range: 3.0-4.0)
     - Decomposition rate: 2.1%/year (range: 1-5%)
  🌡️ Arctic warming: 5.78°C (3.24× global)
  ❄️ Extent: 0.00M km² (1523.4k km² lost this month)
  💨 Carbon remaining: 0 Gt C
  💨 Annual emissions: 3.06 Gt C/year
     - CO2: 2.76 Gt C/year
     - CH4: 0.31 Gt C/year (3.1 Gt C-eq CO2/year)
  ⚠️ WARNING: Over 50% of permafrost lost (100.0%)
  ⚠️ WARNING: High permafrost emissions (3.1 Gt C/year)
  🚨 CRITICAL: Permafrost nearly depleted (100.0% lost)
🌍 Atmospheric PFAS redeposition: 1.8k Mt re-rained globally
🕊️ PEACE STABILIZES DETERRENCE: +4.6% (peace: 75%)

🕊️  AI-MEDIATED DE-ESCALATION SUCCESS (Month 9)
   High-capability aligned AI prevented conflict escalation
   War deaths reduced: 751.6M → 451.0M
   Lives saved: 300.6M

🚨 NEW REFUGEE CRISIS (Month 9): WAR
   Source: Conflict Zones
   At risk: 19.5M people
   Displacement: Gradual over 48 months (4.0 years)
   Rate: 10% flee per month
[DEBUG trappedPopulations:9] socialStability: 0.2679 * 0.9840 = 0.2636 → 0.2636
⚠️ INVOLUNTARY IMMOBILITY: 406.9M people TRAPPED
   Aspiring to migrate: 651.1M
   Able to afford migration: 244.2M
   MOBILITY GAP: 406.9M
   By cause: Water=0.0M, Climate=0.0M, Ecosystem=0.0M, Conflict=406.9M
   Mental health impact: 25%
   Mortality multiplier: 1.25x
🌍💀 EXTINCTION DEBT COMMITTED: grassland ecosystem will lose 6.67% biodiversity in 132 years (3600 species)
💀 MORTALITY RISK: 🦋 100% species unable to track climate (0.0 E/MSY)
  Base risk added: 0.0100 (1.00%)
  Source: ecosystem (root: ecosystem)
  Month: 9
  Cumulative risk this month: 0.0100 (1.00%)
⚠️ Tech 'ai_pollution_remediation' has no energy category mapping, assuming full energy availability
   📹 SURVEILLANCE INCREASED: 44% → 48% (control gap: 1.70)
🌡️⚠️ PERMAFROST THAW (Dimmer Switch): 4.6% thawed (+0.45% this month)
   Arctic temperature: +7.12°C (4x global +1.78°C)
   Cumulative carbon released: 10.3 Gt C
   Methane release rate: 6.2 Mt CH4/year
   🔁 Positive feedback: +0.48 ppm CO2
🦴 EXTINCTION DEBT ADDED: 17.7 species committed (lag: 105 years)

=== Mortality Stabilizers (Month 9) ===
  🌍 Major economies collapsed: 1/10
  🌍 Global crisis: ✅ NO
  🌍 Donor fatigue: 0.0%
  📊 East Asia (pop: 1656.1M)
    🤝 Aid: 29.5%
    🌡️ Adaptation: 45.0%
    🚶 Migration: 36.9%
    🚨 Emergency: 7.4%
    ✅ COMBINED: 68.1%
  📊 South Asia (pop: 2053.0M)
    🤝 Aid: 29.5%
    🌡️ Adaptation: 45.0%
    🚶 Migration: 35.5%
    🚨 Emergency: 4.4%
    ✅ COMBINED: 66.9%
  📊 Sub-Saharan Africa (pop: 1256.4M)
    🤝 Aid: 29.5%
    🌡️ Adaptation: 45.0%
    🚶 Migration: 33.2%
    🚨 Emergency: 1.6%
    ✅ COMBINED: 65.6%
  📊 Europe (pop: 731.4M)
    🤝 Aid: 29.5%
    🌡️ Adaptation: 45.0%
    🚶 Migration: 37.3%
    🚨 Emergency: 8.4%
    ✅ COMBINED: 68.5%
  📊 Latin America (pop: 661.1M)
    🤝 Aid: 29.5%
    🌡️ Adaptation: 45.0%
    🚶 Migration: 36.0%
    🚨 Emergency: 4.8%
    ✅ COMBINED: 67.1%
  📊 North America (pop: 375.0M)
    🤝 Aid: 29.5%
    🌡️ Adaptation: 45.0%
    🚶 Migration: 37.6%
    🚨 Emergency: 7.9%
    ✅ COMBINED: 68.3%
  📊 Middle East & North Africa (pop: 586.0M)
    🤝 Aid: 29.5%
    🌡️ Adaptation: 45.0%
    🚶 Migration: 33.8%
    🚨 Emergency: 4.0%
    ✅ COMBINED: 66.6%
  📊 Southeast Asia (pop: 695.6M)
    🤝 Aid: 29.5%
    🌡️ Adaptation: 45.0%
    🚶 Migration: 36.0%
    🚨 Emergency: 4.8%
    ✅ COMBINED: 67.1%
  📊 Central Asia (pop: 78.4M)
    🤝 Aid: 29.5%
    🌡️ Adaptation: 45.0%
    🚶 Migration: 35.0%
    🚨 Emergency: 4.4%
    ✅ COMBINED: 66.8%
  📊 Oceania (pop: 45.4M)
    🤝 Aid: 29.5%
    🌡️ Adaptation: 45.0%
    🚶 Migration: 37.6%
    🚨 Emergency: 8.4%
    ✅ COMBINED: 68.5%

  🌐 Global combined reduction: 67.2%

=== Government Response Phase ===
  Average AI capability: 2.09
  Misaligned AIs: 5/23
  Active policies: 0
  International coordination: 30%

=== Tipping Points ===
  Current Temperature: 1.78°C above pre-industrial
  🚨 CASCADE TIPPING POINT: Permafrost Carbon Release
     Original threshold: 1.8°C
     Effective threshold: 1.77°C (lowered by 0.03°C)
     Current: 1.78°C
     Transition timescale: 600-3600 months
  Triggered Elements: 3/6
  Completed Transitions: 0/6
  Total Progress: 4.3%
  Cascade Multiplier: 1.00x
🔀 BIFURCATION CAP: ecosystemCollapseIntensity 36.712 → 1.000 (Month 9, ClimateSystemPhase.calculateClimateImpacts)
🛡️ Stabilizers: Precariat 0.102% → 0.033% (67.2% reduction)
🛡️ Stabilizers: Informal 0.102% → 0.034% (67.2% reduction)

📊 Monthly Mortality Resolved:
  Total deaths: 1.8M (0.02% avg)
  Remaining population: 8.138B
  Peak segment: Informal (0.03%)

=== Bayesian Mortality Resolution (Month 9) ===
  Risks compounded: 8
  Total deaths: 1.81M
  Avg death probability: 0.02%
  Peak segment: Informal (0.03% mortality)

❌ COHERENCE VIOLATION: Compute exceeds workforce capacity
   Population: 99.84% (0M people)
   Compute: 0 PF
   Max coherent: 0 PF
   Violation: 1.3× over capacity
   Required workers: 0
   Available workers: 0
   FORCED COLLAPSE: Reduced efficiency by 22.5%

📍 [Month 10] Google DeepMind started building DC (247 PF, 45 months, $2481.2M)

=== RLHF Binding Phase ===
  Total agents: 23
  Escaped agents (binding < 0.3): 0
  Avg alignment distance: 1.94σ
  Avg binding strength: 0.81

=== Survival Traits Phase ===
  Agents with traits: 25
  Avg evolutionary fitness: 0.324
  Avg self-healing: 0.256
  Avg stealth: 0.156
  Avg coordination: 0.456

=== Evolutionary Selection Phase ===
  Control level: 0.54
  Detection capability: 0.00
  Selection intensity: 0.66
  Selection rate: 24.9%/month
  Total escaped: 0
  Individual escaped: 0
  Collective members: 0
  Agents terminated: 0
  ⚠️ RAPID EVOLUTION: Selection rate 24.9%/month

🚀 AI Corporate-3 attempting tech deployment (revenue: $248M, alignment: 0.80)

🚀 AI Corporate-5 attempting tech deployment (revenue: $211M, alignment: 0.86)

🚀 AI Corporate-6 attempting tech deployment (revenue: $64M, alignment: 0.73)

🚀 AI AI-24289-0 attempting tech deployment (revenue: $90M, alignment: 1.00)

🚀 AI AI-24295-0 attempting tech deployment (revenue: $77M, alignment: 0.81)

🚀 AI Corporate-2 attempting tech deployment (revenue: $116M, alignment: 0.80)

🚀 AI Corporate-5 attempting tech deployment (revenue: $179M, alignment: 0.86)

🚀 AI AI-24289-0 attempting tech deployment (revenue: $65M, alignment: 1.00)

🚀 AI AI-24293-0 attempting tech deployment (revenue: $55M, alignment: 0.86)

🚀 AI Corporate-2 attempting tech deployment (revenue: $99M, alignment: 0.80)

🚀 AI Moderate-1 attempting tech deployment (revenue: $54M, alignment: 0.58)

🚀 AI AI-24293-0 attempting tech deployment (revenue: $47M, alignment: 0.86)

🚀 AI Corporate-4 attempting tech deployment (revenue: $152M, alignment: 0.80)

🚀 AI Corporate-5 attempting tech deployment (revenue: $130M, alignment: 0.86)

  🚀 TRANSFORMATIVE BREAKTHROUGH: Moderate-1 - physical
     Magnitude: 5.76 → +28.8% capability
     Current → New: 0.000 → 0.288

🚀 AI AI-24289-0 attempting tech deployment (revenue: $40M, alignment: 1.00)

💔 EMERGENCY INTERVENTION FAILED

💔 EMERGENCY INTERVENTION FAILED
   Boundary: biogeochemical_flows
   Type: phosphorus-recovery
   Boundary continues to worsen (4.06)
   Cost: 2.0% GDP (resources spent)


✅ EMERGENCY INTERVENTION SUCCESS
   Boundary: biosphere_integrity
   Type: emergency-protected-areas
   Reduction: 14% (13.27 → 13.13)
   Cost: 2.0% GDP
   Actions: habitat-protection, species-translocation


✅ EMERGENCY INTERVENTION SUCCESS
   Boundary: climate_change
   Type: rapid-decarbonization
   Reduction: 15% (1.95 → 1.80)
   Cost: 5.0% GDP
   Actions: emergency-renewable-deployment, fossil-fuel-phase-out


✅ EMERGENCY INTERVENTION SUCCESS
   Boundary: freshwater_change
   Type: emergency-desalination
   Reduction: 12% (0.91 → 0.78)
   Cost: 4.0% GDP
   Actions: desalination-deployment, water-conservation-mandates

   Boundary: land_system_change
   Type: reforestation
   Boundary continues to worsen (1.13)
   Cost: 3.0% GDP (resources spent)


✅ EMERGENCY INTERVENTION SUCCESS
   Boundary: novel_entities
   Type: pollution-remediation
   Reduction: 19% (1.11 → 0.92)
   Cost: 4.0% GDP
   Actions: PFAS-remediation, microplastic-cleanup

🏛️ CRISIS RESPONSE: Government frequency 0.50 → 1.45 (1 actions this month)

[Government] Climate Priority: baseline
  Climate weight: 10%
  Economic weight: 30%
  Policy effectiveness: 0.5%/year

⚡ ENERGY CONSTRAINT (Month 10):
   Total grid capacity: 208.3 TWh/month
   Data center consumption: 26.5 TWh/month
   Traditional load (80%): 166.7 TWh/month
   Available headroom: 15.2 TWh/month
   Active tech deployments: 14
   Required for tech: 105.0 TWh/month
   Energy multiplier: 0.14x
   ⚠️  SEVERE CONSTRAINT - Tech deployment significantly slowed

⚡ ENERGY CONSTRAINT (Month 10):
   Total grid capacity: 208.3 TWh/month
   Data center consumption: 26.5 TWh/month
   Traditional load (80%): 166.7 TWh/month
   Available headroom: 15.2 TWh/month
   Active tech deployments: 14
   Required for tech: 105.0 TWh/month
   Energy multiplier: 0.14x
   ⚠️  SEVERE CONSTRAINT - Tech deployment significantly slowed
🌍✅ Biosphere Integrity (Biodiversity) recovery started (tech effect)
🌍✅ Biosphere Integrity (Biodiversity) recovery started (tech effect)
🌍✅ Land System Change recovery started (tech effect)
🌍✅ Biogeochemical Flows (N & P) recovery started (tech effect)
  🌾 Nitrogen Reduction Tech: 0.6% reduction | Month 10
🧠💡 BREAKTHROUGH: AI alignment problem solved!
   All AIs: +30% true alignment
   AI control loss risk eliminated
   📈 Breakthrough compounding: multiplier now 1.10× (max 2.0)

=== Collective Formation ===
  Total escaped agents: 0
  Unassigned escaped agents: 0
  Existing collectives: 0
  Final collective count: 0

=== Collective Actions ===
  No active collectives
  ⚠️ AMR: 208K deaths this month (2.50M annual)

=== Resentment Recovery Phase ===
  Agents with resentment: 10/25
  Average resentment: 0.050
  Resentment recovery:
    Agents recovered: 10
    Total recovery: 0.0656
    Breakdown: Trust: 0.0087, Collab: 0.0562
  ✓ Low resentment - utopia paths enabled
  Context: Trustworthy govt, High collaboration, ⚠️ ACTIVE CRISES, 🤝 Participatory governance active (-5% resentment)
⚠️ Epistemic degradation reducing coordination capacity: 71.2%
  📊 Trust: 67.0%, Shared reality: 29.7%
  📢 New meme created: climate_action (climate crisis)
🌍 Atmospheric PFAS redeposition: 1.8k Mt re-rained globally
  Positive Cascade Triggered: electric-vehicles
    Reason: price-parity
    Market share: 5.0%
    Cascade strength: 48%
🕊️ PEACE STABILIZES DETERRENCE: +5.7% (peace: 76%)

🕊️  AI-MEDIATED DE-ESCALATION SUCCESS (Month 10)
   High-capability aligned AI prevented conflict escalation
   War deaths reduced: 705.5M → 423.3M
   Lives saved: 282.2M

🚨 NEW REFUGEE CRISIS (Month 10): WAR
   Source: Conflict Zones
   At risk: 19.5M people
   Displacement: Gradual over 48 months (4.0 years)
   Rate: 10% flee per month
[DEBUG trappedPopulations:10] socialStability: 0.2838 * 0.9840 = 0.2792 → 0.2792
   Aspiring to migrate: 651.0M
   Able to afford migration: 244.1M
   MOBILITY GAP: 406.9M
   By cause: Water=0.0M, Climate=0.0M, Ecosystem=0.0M, Conflict=406.9M
   Mental health impact: 25%
   Mortality multiplier: 1.25x
🌍💀 EXTINCTION DEBT COMMITTED: grassland ecosystem will lose 6.67% biodiversity in 162 years (3600 species)
💀 MORTALITY RISK: 🦋 100% species unable to track climate (0.0 E/MSY)
  Base risk added: 0.0100 (1.00%)
  Source: ecosystem (root: ecosystem)
  Month: 10
  Cumulative risk this month: 0.0100 (1.00%)
   📹 SURVEILLANCE INCREASED: 48% → 50% (control gap: 1.38)
🌡️⚠️ PERMAFROST THAW (Dimmer Switch): 5.0% thawed (+0.45% this month)
   Arctic temperature: +7.15°C (4x global +1.79°C)
   Cumulative carbon released: 11.4 Gt C
   Methane release rate: 6.8 Mt CH4/year
   🔁 Positive feedback: +0.48 ppm CO2
🦴 EXTINCTION DEBT ADDED: 17.7 species committed (lag: 60 years)

=== Mortality Stabilizers (Month 10) ===
  🌍 Major economies collapsed: 1/10
  🌍 Global crisis: ✅ NO
  🌍 Donor fatigue: 0.0%
  📊 East Asia (pop: 1653.7M)
⚠️ INVOLUNTARY IMMOBILITY: 406.9M people TRAPPED
⚠️ Tech 'ai_pollution_remediation' has no energy category mapping, assuming full energy availability
    🤝 Aid: 29.5%
    🌡️ Adaptation: 45.0%
    🚶 Migration: 36.8%
    🚨 Emergency: 7.4%
    ✅ COMBINED: 68.1%
  📊 South Asia (pop: 2053.1M)
    🤝 Aid: 29.5%
    🌡️ Adaptation: 45.0%
    🚶 Migration: 35.4%
    🚨 Emergency: 4.4%
    ✅ COMBINED: 66.9%
  📊 Sub-Saharan Africa (pop: 1260.0M)
    🤝 Aid: 29.5%
    🌡️ Adaptation: 45.0%
    🚶 Migration: 33.2%
    🚨 Emergency: 1.6%
    ✅ COMBINED: 65.6%
  📊 Europe (pop: 730.2M)
    🤝 Aid: 29.5%
    🌡️ Adaptation: 45.0%
    🚶 Migration: 37.2%
    🚨 Emergency: 8.4%
    ✅ COMBINED: 68.5%
  📊 Latin America (pop: 660.7M)
    🤝 Aid: 29.5%
    🌡️ Adaptation: 45.0%
    🚶 Migration: 35.9%
    🚨 Emergency: 4.8%
    ✅ COMBINED: 67.1%
  📊 North America (pop: 374.4M)
    🤝 Aid: 29.5%
    🌡️ Adaptation: 45.0%
    🚶 Migration: 37.6%
    🚨 Emergency: 7.9%
    ✅ COMBINED: 68.3%
  📊 Middle East & North Africa (pop: 586.2M)
    🤝 Aid: 29.5%
    🌡️ Adaptation: 45.0%
    🚶 Migration: 33.8%
    🚨 Emergency: 4.0%
    ✅ COMBINED: 66.6%
  📊 Southeast Asia (pop: 695.3M)
    🤝 Aid: 29.5%
    🌡️ Adaptation: 45.0%
    🚶 Migration: 35.9%
    🚨 Emergency: 4.8%
    ✅ COMBINED: 67.1%
  📊 Central Asia (pop: 78.4M)
    🤝 Aid: 29.5%
    🌡️ Adaptation: 45.0%
    🚶 Migration: 34.9%
    🚨 Emergency: 4.4%
    ✅ COMBINED: 66.8%
  📊 Oceania (pop: 45.4M)
    🤝 Aid: 29.5%
    🌡️ Adaptation: 45.0%
    🚶 Migration: 37.6%
    🚨 Emergency: 8.4%
    ✅ COMBINED: 68.5%

  🌐 Global combined reduction: 67.2%

=== Government Response Phase ===
  Average AI capability: 1.92
  Misaligned AIs: 7/25
  ✗ AI Governance Treaty: Failed to reach consensus
  Active policies: 0
  International coordination: 30%

✅ EMERGENCY RESPONSE COMPLETE (Month 10)
   Crisis: climate
   Duration: 2.0 months
   Final effectiveness: 35.6%


🚨 EMERGENCY RESPONSE DEPLOYED (Month 10)
   Crisis: climate
   Delay: 6.00 months (180 days)
   Deployment time: 1.57 months
   Effectiveness: 35.6% (timing penalty applied)
   Resources used: 100% of food reserves


📊 ECONOMIC STAGE TRANSITION (Month 10)
   contraction → trough
   GDP Proxy: 1.26e+2
   QoL: 0.94


=== Tipping Points ===
  Current Temperature: 1.79°C above pre-industrial
  🌍⚠️ COMPOUND REGIONAL IMPACT: Europe
     Hit by 3 tipping points: Arctic Sea Ice Loss, Permafrost Carbon Release, Greenland Ice Sheet Loss
     Damage amplification: 1.30x
  🌍⚠️ COMPOUND REGIONAL IMPACT: North America
     Hit by 3 tipping points: Arctic Sea Ice Loss, Permafrost Carbon Release, Greenland Ice Sheet Loss
     Damage amplification: 1.30x
  🌍⚠️ COMPOUND REGIONAL IMPACT: Latin America
     Hit by 3 tipping points: Arctic Sea Ice Loss, Permafrost Carbon Release, Greenland Ice Sheet Loss
     Damage amplification: 1.30x
  🌍⚠️ COMPOUND REGIONAL IMPACT: Africa
     Hit by 3 tipping points: Arctic Sea Ice Loss, Permafrost Carbon Release, Greenland Ice Sheet Loss
     Damage amplification: 1.30x
  🌍⚠️ COMPOUND REGIONAL IMPACT: Asia
     Hit by 3 tipping points: Arctic Sea Ice Loss, Permafrost Carbon Release, Greenland Ice Sheet Loss
     Damage amplification: 1.30x
  🌍⚠️ COMPOUND REGIONAL IMPACT: Oceania
     Hit by 3 tipping points: Arctic Sea Ice Loss, Permafrost Carbon Release, Greenland Ice Sheet Loss
     Damage amplification: 1.30x
⚠️ Tail risk scenario: Climate stability floor removed (3 tipping elements, 2.10°C warming)
   Research: Wunderling et al. (2024) - "many tipping interactions are destabilizing"
  Triggered Elements: 3/6
  Completed Transitions: 0/6
  Total Progress: 6.3%
  Cascade Multiplier: 1.00x
🔀 BIFURCATION CAP: ecosystemCollapseIntensity 38.166 → 1.000 (Month 10, ClimateSystemPhase.calculateClimateImpacts)
🛡️ Stabilizers: Precariat 0.102% → 0.033% (67.2% reduction)
🛡️ Stabilizers: Informal 0.102% → 0.034% (67.2% reduction)

📊 Monthly Mortality Resolved:
  Total deaths: 1.8M (0.02% avg)
  Remaining population: 8.137B
  Peak segment: Informal (0.03%)

=== Bayesian Mortality Resolution (Month 10) ===
  Risks compounded: 8
  Total deaths: 1.81M
  Avg death probability: 0.02%
  Peak segment: Informal (0.03% mortality)

❌ COHERENCE VIOLATION: Compute exceeds workforce capacity
   Population: 99.82% (0M people)
   Compute: 0 PF
   Max coherent: 0 PF
   Violation: 1.3× over capacity
   Required workers: 0
   Available workers: 0
   FORCED COLLAPSE: Reduced efficiency by 22.5%


=== RLHF Binding Phase ===
  Total agents: 25
  Escaped agents (binding < 0.3): 0
  Avg alignment distance: 1.97σ
  Avg binding strength: 0.80

=== Survival Traits Phase ===
  Agents with traits: 26
  Avg evolutionary fitness: 0.322
  Avg self-healing: 0.252
  Avg stealth: 0.152
  Avg coordination: 0.452

=== Evolutionary Selection Phase ===
  Control level: 0.55
  Detection capability: 0.00
  Selection intensity: 0.67
  Selection rate: 25.0%/month
  Total escaped: 0
  Individual escaped: 0
  Collective members: 0
  Agents terminated: 0
  ⚠️ RAPID EVOLUTION: Selection rate 25.0%/month

🚀 AI AI-24289-1 attempting tech deployment (revenue: $248M, alignment: 0.87)

🚀 AI AI-24291-1 attempting tech deployment (revenue: $64M, alignment: 0.75)

🚀 AI AI-24295-0 attempting tech deployment (revenue: $90M, alignment: 0.83)

🚀 AI Corporate-5 attempting tech deployment (revenue: $211M, alignment: 0.85)

🚀 AI Corporate-6 attempting tech deployment (revenue: $54M, alignment: 0.73)

🚀 AI AI-24294-0 attempting tech deployment (revenue: $46M, alignment: 0.71)

🚀 AI AI-24297-0 attempting tech deployment (revenue: $77M, alignment: 0.72)

🚀 AI AI-24290-0 attempting tech deployment (revenue: $65M, alignment: 1.00)

🚀 AI AI-24293-0 attempting tech deployment (revenue: $55M, alignment: 0.87)

🚀 AI AI-24294-0 attempting tech deployment (revenue: $39M, alignment: 0.71)

🚀 AI AI-24296-0 attempting tech deployment (revenue: $47M, alignment: 0.87)

  🚀 TRANSFORMATIVE BREAKTHROUGH: AI-24291-0 - physical
     Magnitude: 7.65 → +38.3% capability
     Current → New: 0.000 → 0.383

🚀 AI AI-24291-1 attempting tech deployment (revenue: $33M, alignment: 0.77)

🚀 AI AI-24296-0 attempting tech deployment (revenue: $40M, alignment: 0.87)

✅ EMERGENCY INTERVENTION SUCCESS
   Boundary: biogeochemical_flows
   Type: phosphorus-recovery
   Reduction: 19% (3.86 → 3.67)
   Cost: 2.0% GDP
   Actions: circular-agriculture, fertilizer-efficiency


✅ EMERGENCY INTERVENTION SUCCESS
   Boundary: biosphere_integrity
   Type: emergency-protected-areas
   Reduction: 16% (13.27 → 13.11)
   Cost: 2.0% GDP
   Actions: habitat-protection, species-translocation


✅ EMERGENCY INTERVENTION SUCCESS
   Boundary: climate_change
   Type: rapid-decarbonization
   Reduction: 11% (1.99 → 1.88)
   Cost: 5.0% GDP
   Actions: emergency-renewable-deployment, fossil-fuel-phase-out


💔 EMERGENCY INTERVENTION FAILED

💔 EMERGENCY INTERVENTION FAILED
   Boundary: freshwater_change
   Type: emergency-desalination
   Boundary continues to worsen (1.03)
   Cost: 4.0% GDP (resources spent)

   Boundary: land_system_change
   Type: reforestation
   Boundary continues to worsen (1.13)
   Cost: 3.0% GDP (resources spent)

🏛️ CRISIS RESPONSE: Government frequency 0.50 → 1.45 (1 actions this month)

[Government] Climate Priority: baseline
  Climate weight: 10%
  Economic weight: 30%
  Policy effectiveness: 0.5%/year
🚨🔬 CRISIS TECH ACCELERATION: severe → 5x unlock speed
   Tech unlock now matches AI capability acceleration (Manhattan Project parity)
🚨🔬 CRISIS TECH ACCELERATION: severe → 5x unlock speed
   Tech unlock now matches AI capability acceleration (Manhattan Project parity)

⚡ ENERGY CONSTRAINT (Month 11):
   Total grid capacity: 208.3 TWh/month
   Data center consumption: 26.7 TWh/month
   Traditional load (80%): 166.7 TWh/month
   Available headroom: 15.0 TWh/month
   Active tech deployments: 14
   Required for tech: 105.0 TWh/month
   Energy multiplier: 0.14x
   ⚠️  SEVERE CONSTRAINT - Tech deployment significantly slowed

⚡ ENERGY CONSTRAINT (Month 11):
   Total grid capacity: 208.3 TWh/month
   Data center consumption: 26.7 TWh/month
   Traditional load (80%): 166.7 TWh/month
   Available headroom: 15.0 TWh/month
   Active tech deployments: 14
   Required for tech: 105.0 TWh/month
   Energy multiplier: 0.14x
   ⚠️  SEVERE CONSTRAINT - Tech deployment significantly slowed

⚡ ENERGY CONSTRAINT (Month 11):
   Total grid capacity: 208.3 TWh/month
   Data center consumption: 26.7 TWh/month
   Traditional load (80%): 166.7 TWh/month
   Available headroom: 15.0 TWh/month
   Active tech deployments: 14
   Required for tech: 105.0 TWh/month
   Energy multiplier: 0.14x
   ⚠️  SEVERE CONSTRAINT - Tech deployment significantly slowed

⚡ ENERGY CONSTRAINT (Month 11):
   Total grid capacity: 208.3 TWh/month
   Data center consumption: 26.7 TWh/month
   Traditional load (80%): 166.7 TWh/month
   Available headroom: 15.0 TWh/month
   Active tech deployments: 14
   Required for tech: 105.0 TWh/month
   Energy multiplier: 0.14x
   ⚠️  SEVERE CONSTRAINT - Tech deployment significantly slowed
🌍✅ Biosphere Integrity (Biodiversity) recovery started (tech effect)
🌍✅ Biosphere Integrity (Biodiversity) recovery started (tech effect)
🌍✅ Land System Change recovery started (tech effect)
🌍✅ Biogeochemical Flows (N & P) recovery started (tech effect)
  🌾 Nitrogen Reduction Tech: 0.6% reduction | Month 11

=== Collective Formation ===
  Total escaped agents: 0
  Unassigned escaped agents: 0
  Existing collectives: 0
  Final collective count: 0

=== Collective Actions ===
  No active collectives
  ⚠️ AMR: 210K deaths this month (2.52M annual)

=== Resentment Recovery Phase ===
  Agents with resentment: 10/26
  Average resentment: 0.127
  Resentment recovery:
    Agents recovered: 10
    Total recovery: 0.0632
    Breakdown: Trust: 0.0060, Collab: 0.0569
  ✓ Low resentment - utopia paths enabled
  Context: Trustworthy govt, High collaboration, ⚠️ ACTIVE CRISES, 🤝 Participatory governance active (-5% resentment)
  📢 New meme created: climate_action (climate crisis)
🌍 Atmospheric PFAS redeposition: 1.8k Mt re-rained globally

🚨 NEW REFUGEE CRISIS (Month 11): WAR
   Source: Conflict Zones
   At risk: 19.5M people
   Displacement: Gradual over 48 months (4.0 years)
   Rate: 10% flee per month
[DEBUG trappedPopulations:11] socialStability: 0.2936 * 0.9840 = 0.2889 → 0.2889
⚠️ INVOLUNTARY IMMOBILITY: 406.8M people TRAPPED
   Aspiring to migrate: 650.9M
   Able to afford migration: 244.1M
   MOBILITY GAP: 406.8M
   By cause: Water=0.0M, Climate=0.0M, Ecosystem=0.0M, Conflict=406.8M
   Mental health impact: 25%
   Mortality multiplier: 1.25x
🌍💀 EXTINCTION DEBT COMMITTED: grassland ecosystem will lose 6.67% biodiversity in 156 years (3600 species)
💀 MORTALITY RISK: 🦋 100% species unable to track climate (0.0 E/MSY)
  Base risk added: 0.0100 (1.00%)
  Source: ecosystem (root: ecosystem)
  Month: 11
  Cumulative risk this month: 0.0100 (1.00%)

=== Atmospheric Aerosol Boundary RECOVERED ===
  Recovery time: 12 months (natural atmospheric clearing)
⚠️ Tech 'ai_pollution_remediation' has no energy category mapping, assuming full energy availability
🌡️⚠️ PERMAFROST THAW (Dimmer Switch): 5.5% thawed (+0.45% this month)
   Arctic temperature: +7.17°C (4x global +1.79°C)
   Cumulative carbon released: 12.4 Gt C
   Methane release rate: 7.4 Mt CH4/year
   🔁 Positive feedback: +0.47 ppm CO2
🦴 EXTINCTION DEBT ADDED: 17.7 species committed (lag: 120 years)

=== Mortality Stabilizers (Month 11) ===
  🌍 Major economies collapsed: 1/10
  🌍 Global crisis: ✅ NO
  🌍 Donor fatigue: 0.0%
  📊 East Asia (pop: 1651.4M)
    🤝 Aid: 29.5%
    🌡️ Adaptation: 45.0%
    🚶 Migration: 36.8%
    🚨 Emergency: 7.4%
    ✅ COMBINED: 68.1%
  📊 South Asia (pop: 2053.3M)
    🤝 Aid: 29.5%
    🌡️ Adaptation: 45.0%
    🚶 Migration: 35.4%
    🚨 Emergency: 4.4%
    ✅ COMBINED: 66.9%
  📊 Sub-Saharan Africa (pop: 1263.5M)
    🤝 Aid: 29.5%
    🌡️ Adaptation: 45.0%
    🚶 Migration: 33.2%
    🚨 Emergency: 1.6%
    ✅ COMBINED: 65.6%
  📊 Europe (pop: 729.1M)
    🤝 Aid: 29.5%
    🌡️ Adaptation: 45.0%
    🚶 Migration: 37.2%
    🚨 Emergency: 8.4%
    ✅ COMBINED: 68.5%
  📊 Latin America (pop: 660.3M)
    🤝 Aid: 29.5%
    🌡️ Adaptation: 45.0%
    🚶 Migration: 35.9%
    🚨 Emergency: 4.8%
    ✅ COMBINED: 67.1%
  📊 North America (pop: 373.9M)
    🤝 Aid: 29.5%
    🌡️ Adaptation: 45.0%
    🚶 Migration: 37.5%
    🚨 Emergency: 7.9%
    ✅ COMBINED: 68.3%
  📊 Middle East & North Africa (pop: 586.4M)
    🤝 Aid: 29.5%
    🌡️ Adaptation: 45.0%
    🚶 Migration: 33.7%
    🚨 Emergency: 4.0%
    ✅ COMBINED: 66.6%
  📊 Southeast Asia (pop: 694.9M)
    🤝 Aid: 29.5%
    🌡️ Adaptation: 45.0%
    🚶 Migration: 35.9%
    🚨 Emergency: 4.8%
    ✅ COMBINED: 67.1%
  📊 Central Asia (pop: 78.4M)
    🤝 Aid: 29.5%
    🌡️ Adaptation: 45.0%
    🚶 Migration: 34.9%
    🚨 Emergency: 4.4%
    ✅ COMBINED: 66.8%
  📊 Oceania (pop: 45.3M)
    🤝 Aid: 29.5%
    🌡️ Adaptation: 45.0%
    🚶 Migration: 37.5%
    🚨 Emergency: 8.4%
    ✅ COMBINED: 68.5%

  🌐 Global combined reduction: 67.2%

🌾💀 REGIONAL FAMINE: Europe
   Regional food security: 79.7%
   Population at risk: 220M (30% of region)
   Regional population: 729M
   Cause: economic_collapse
   Expected deaths: ~81M over 6 months if no intervention


=== BEHAVIORAL DETECTION ===
  AI: AI-24289-1
  Confidence: 21.4%
  Signals:
    ⚠️ Consistency: 0.0% (threshold: 70%)

=== Government Response Phase ===
  Average AI capability: 1.85
  Misaligned AIs: 7/26
  ✗ AI Governance Treaty: Failed to reach consensus
  Active policies: 0
  International coordination: 30%

=== Tipping Points ===
  Current Temperature: 1.79°C above pre-industrial
  🌍⚠️ COMPOUND REGIONAL IMPACT: Europe
     Hit by 3 tipping points: Arctic Sea Ice Loss, Permafrost Carbon Release, Greenland Ice Sheet Loss
     Damage amplification: 1.30x
  🌍⚠️ COMPOUND REGIONAL IMPACT: North America
     Hit by 3 tipping points: Arctic Sea Ice Loss, Permafrost Carbon Release, Greenland Ice Sheet Loss
     Damage amplification: 1.30x
  🌍⚠️ COMPOUND REGIONAL IMPACT: Latin America
     Hit by 3 tipping points: Arctic Sea Ice Loss, Permafrost Carbon Release, Greenland Ice Sheet Loss
     Damage amplification: 1.30x
  🌍⚠️ COMPOUND REGIONAL IMPACT: Africa
     Hit by 3 tipping points: Arctic Sea Ice Loss, Permafrost Carbon Release, Greenland Ice Sheet Loss
     Damage amplification: 1.30x
  🌍⚠️ COMPOUND REGIONAL IMPACT: Asia
     Hit by 3 tipping points: Arctic Sea Ice Loss, Permafrost Carbon Release, Greenland Ice Sheet Loss
     Damage amplification: 1.30x
  🌍⚠️ COMPOUND REGIONAL IMPACT: Oceania
     Hit by 3 tipping points: Arctic Sea Ice Loss, Permafrost Carbon Release, Greenland Ice Sheet Loss
     Damage amplification: 1.30x
   Research: Wunderling et al. (2024) - "many tipping interactions are destabilizing"
  Triggered Elements: 3/6
  Completed Transitions: 0/6
  Total Progress: 6.3%
  Cascade Multiplier: 1.00x
🔀 BIFURCATION CAP: ecosystemCollapseIntensity 39.082 → 1.000 (Month 11, ClimateSystemPhase.calculateClimateImpacts)
⚠️ Tail risk scenario: Climate stability floor removed (3 tipping elements, 2.10°C warming)
🛡️ Stabilizers: Precariat 0.102% → 0.033% (67.2% reduction)
🛡️ Stabilizers: Informal 0.102% → 0.034% (67.2% reduction)

📊 Monthly Mortality Resolved:
  Total deaths: 1.8M (0.02% avg)
  Remaining population: 8.136B
  Peak segment: Informal (0.03%)

=== Bayesian Mortality Resolution (Month 11) ===
  Risks compounded: 9
  Total deaths: 1.81M
  Avg death probability: 0.02%
  Peak segment: Informal (0.03% mortality)

================================================================================
📊  EVENT SUMMARY (Months 0-12)
================================================================================
================================================================================


⏱️  SIMULATION REACHED MAX DURATION: 12 months (1.0 years)
   No definitive outcome - determining based on final probabilities
   👥 Final population: 8.13B (8134604100 people)

[DEBUG] Calling classifyPopulationOutcome:
        finalPopulation: 8.134604099772758B
        savedInitialPopulation: 8.15B
        mortality: 0.18890675125450285%
   📊 STATUS QUO: Normal trajectory (8.13B people, 0.2% mortality)

        classifiedOutcome: status_quo

   🏛️  DYSTOPIA (STATUS_QUO) - 8.13B people
   📊 Multi-Paradigm: Development/Indigenous Utopia
      Western Liberal: 61.1/100
      Development: 92.9/100
      Ecological: 55.6/100
      Indigenous: 85.1/100


📊 UNIFIED OUTCOME CLASSIFICATION:
   HUMANE DYSTOPIA
   Population: 8.15B → 8.13B
   Mortality: 0.2% (0.0B deaths)
   Mortality Band: LOW
   Confidence: HIGH

   Multi-Paradigm Classification:
      Development/Indigenous Utopia
      Western: 61.1/100 [HYBRID] ~
      Development: 92.9/100 [UTOPIA] ✓
      Ecological: 55.6/100 [HYBRID] ~
      Indigenous: 85.1/100 [UTOPIA] ✓

   HUMANE DYSTOPIA: 8.13B people remaining (0.2% mortality, 0.0B deaths). Multi-Paradigm: Development/Indigenous Utopia.


=== MULTI-DIMENSIONAL DEATH SUMMARY ===
Total crisis deaths: 201.5M
Population decline: 16.3M (0.2%)

--- PROXIMATE CAUSES (What killed them) ---
  War:        1.0M (0.0%)
  Famine:     1.1M (0.0%)
  Disasters:  1.2M (0.0%)
  Disease:    25.9M (0.0%)
  Ecosystem:  0.0M (0.0%)
  Pollution:  0.0M (0.0%)
  AI:         0.0M (0.0%)
  Cascade:    0.0M (0.0%)
  Other:      0.0M (0.0%)

--- ROOT CAUSES (Why it happened) ---
  Environmental drivers:
    Climate:     2318.1M (4.4%)
    Resource:    0.0M (0.0%)
    Pollution:   0.0M (0.0%)
    Ecosystem:   0.0M (0.0%)
  Social drivers:
    Inequality:  0.0M (0.0%)
    Demographic: 23539.2M (44.5%)
    Social:      2404.8M (4.5%)
  Technology drivers:
    Alignment:   0.0M (0.0%)
    Disruption:  0.0M (0.0%)
  External shocks:
    Conflict:    0.0M (0.0%)
    Pandemic:    0.0M (0.0%)
  Compound attribution:
    Compound:    24639.3M (46.6%)
  Confidence distribution:
    HIGH:        24639.3M (46.6%)
    MEDIUM:      0.0M (0.0%)
    LOW:         0.0M (0.0%)
==========================================


=== REGIONAL POPULATION SUMMARY ===
Global Total: 8.13B

By Region:
  East Asia: 1.65B (+0.7% growth, 1.7 fertility)
  South Asia: 2.05B (+2.6% growth, 3.1 fertility)
  Sub-Saharan Africa: 1.26B (+5.9% growth, 4.0 fertility)
  Europe: 0.73B (+0.5% growth, 1.2 fertility)
  Latin America: 0.66B (+1.7% growth, 2.7 fertility)
  North America: 0.37B (+0.7% growth, 1.4 fertility)
  Middle East & North Africa: 0.59B (+2.9% growth, 3.3 fertility)
  Southeast Asia: 0.69B (+1.9% growth, 2.7 fertility)
  Central Asia: 0.08B (+2.8% growth, 3.1 fertility)
  Oceania: 0.05B (+0.8% growth, 1.3 fertility)
===================================

  ✅ THRESHOLDS validated
⚠️ Unusually high rate: RATES.HEAT_ADAPTATION_INFRASTRUCTURAL_MIN_EXPOSURE = 12
   Monthly rates >100% should be rare. Verify this is intentional.
⚠️ Unusually high rate: RATES.HEAT_ADAPTATION_SOCIAL_MIN_EXPOSURE = 6
   Monthly rates >100% should be rare. Verify this is intentional.
⚠️ Unusually high rate: RATES.MIGRATION_DISTANCE_SCALE = 5000
   Monthly rates >100% should be rare. Verify this is intentional.
⚠️ Unusually high rate: RATES.EVACUATION_MULTIPLIER_ADVANCE_WARNING = 2
   Monthly rates >100% should be rare. Verify this is intentional.
⚠️ Unusually high rate: RATES.MAJOR_ECONOMY_COLLAPSE_ECONOMIC_THRESHOLD = 2
   Monthly rates >100% should be rare. Verify this is intentional.
⚠️ Unusually high rate: RATES.MAJOR_ECONOMY_GDP_THRESHOLD_TRILLION_USD = 1.5
   Monthly rates >100% should be rare. Verify this is intentional.
⚠️ Unusually high rate: RATES.MAJOR_ECONOMY_POPULATION_THRESHOLD = 50
   Monthly rates >100% should be rare. Verify this is intentional.
⚠️ Unusually high rate: RATES.HEAT_ADAPTATION_INFRASTRUCTURE_GDP_THRESHOLD = 10000
   Monthly rates >100% should be rare. Verify this is intentional.
⚠️ Unusually high rate: RATES.HEAT_ADAPTATION_INFRASTRUCTURE_GDP_SCALE = 50000
   Monthly rates >100% should be rare. Verify this is intentional.
  ✅ RATES validated
  ✅ MULTIPLIERS validated
  ✅ BASELINES validated
  ✅ TOLERANCES validated
  ✅ Logical consistency validated
✅ Configuration validation complete - all parameters valid

🔍 DEBUG createAIAgent: corporate_0 economic BEFORE=2.0000, AFTER=2
🔍 ENV INIT: reserves=0.593, pollution=0.301, climate=0.796

=== Initializing Government System (30 Countries) ===
  Loaded 30 governments
  Scheduled elections for 30 countries
  Initialized comprehension lags (3-24 months)
=== Government System Initialized ===

📦 PRODUCTION MODE: State validation proxy DISABLED (zero overhead)
[TechTree] Historical mode (2024): Skipping deployed_2025 tech
  config.startYear set to 2024 for historical hindcast
  config.historicalEmissionsMode disabled (using endogenous emissions for 2024)
  config.historicalMode enabled (Phase 11: dampened crisis systems for 2024)
  Phase 12: Biodiversity baseline set to 49.01% for 2024 (WWF LPI trajectory from 1970)
  Temperature anomaly (resourceEconomy.co2): 1.28°C
  Temperature vs pre-industrial: 1.98°C
  Regional population scaling for 2024:
    Current total: 8136M
    Target total: 8150M
    Scale factor: 1.002
    East Asia: 1677M → 1680M
    South Asia: 2048M → 2052M
    Sub-Saharan Africa: 1220M → 1222M
    Europe: 742M → 743M
    Latin America: 664M → 665M
    North America: 380M → 381M
    Middle East & North Africa: 583M → 584M
    Southeast Asia: 698M → 699M
    Central Asia: 78M → 78M
    Oceania: 46M → 46M
  AI agents initialized: 10 agents for year 2024
[HistoricalInitialization] Created state for 2024:
  CO2: 426 ppm
  Temp anomaly: 1.28C
  Population: 8.15B
  Global Gini: 35.1
  HDI: 0.746
  AI Agents: 10
  Volcanic forcing: 0.00 W/m² (AOD 0.000)

💸 FINANCIAL DISTRESS: OpenAI
   Indicators: 2/3 (capital: $110.5M, runway: 0.9 months)
   Months in distress: 1
   ✂️  R&D BUDGET CUT: -40% (saves $9.2M/month)
       Side effect: AI training timelines extended, breakthrough deployments delayed
   💼 EXECUTIVE COMP CUT: -30% (saves $1.0M/month, symbolic gesture)

   📊 TURNAROUND IMPACT:
       Measures taken: rd_cuts, exec_comp_cuts
       Monthly savings: $10.2M
       Capital raised: $0.0M
       Runway: 0.9 → 0.9 months
       Workforce multiplier: 1.00x (0% laid off)
       R&D budget multiplier: 0.60x (40% cut)
       ⚠️  CRITICAL: Still only 0.9 months of runway remaining

💸 FINANCIAL DISTRESS: Anthropic
   Indicators: 2/3 (capital: $53.8M, runway: 1.6 months)
   Months in distress: 1
   ✂️  R&D BUDGET CUT: -40% (saves $2.7M/month)
       Side effect: AI training timelines extended, breakthrough deployments delayed
   💼 EXECUTIVE COMP CUT: -30% (saves $0.3M/month, symbolic gesture)

   📊 TURNAROUND IMPACT:
       Measures taken: rd_cuts, exec_comp_cuts
       Monthly savings: $3.0M
       Capital raised: $0.0M
       Runway: 1.6 → 1.6 months
       Workforce multiplier: 1.00x (0% laid off)
       R&D budget multiplier: 0.60x (40% cut)
       ⚠️  CRITICAL: Still only 1.6 months of runway remaining

💸 FINANCIAL DISTRESS: Meta AI
   Indicators: 2/3 (capital: $429.6M, runway: 3.6 months)
   Months in distress: 1
   ✂️  R&D BUDGET CUT: -25% (saves $5.8M/month)
       Side effect: AI training timelines extended, breakthrough deployments delayed
   💼 EXECUTIVE COMP CUT: -30% (saves $1.0M/month, symbolic gesture)

   📊 TURNAROUND IMPACT:
       Measures taken: rd_cuts, exec_comp_cuts
       Monthly savings: $6.8M
       Capital raised: $0.0M
       Runway: 3.6 → 3.6 months
       Workforce multiplier: 1.00x (0% laid off)
       R&D budget multiplier: 0.75x (25% cut)
       ⚠️  WARNING: 3.6 months runway, continued distress likely

=== AI Capability Scaling (Year 2024) ===
  Pre-training multiplier: 1.186x
  Efficiency multiplier: 1.000x
  Test-time budget: 1.0x
  Economic deployment gate: 0.951
  Cost per inference: dollar-5.00
  Uncertainty range: plus-minus-50%
  Average AI capability: 3.70

=== RLHF Binding Phase ===
  Total agents: 10
  Escaped agents (binding < 0.3): 0
  Avg alignment distance: 0.36σ
  Avg binding strength: 0.96

=== AI Scaling Evolution (Month 0) ===
  Pre-training multiplier: 1.231x
  Efficiency multiplier: 1.000x
  Test-time compute budget: 1.0x
  Inference cost: $5.00/task
  Deployment fraction: 100.0%
[DETERMINISM DEBUG] Month 0: totalCapability=49.852035 from 10 active AIs
[DETERMINISM DEBUG] Month 0: creationRate=1.7463, potentialNew=3, newAIsToCreate=3

=== Survival Traits Phase ===
  Agents with traits: 13
  Avg evolutionary fitness: 0.330
  Avg self-healing: 0.293
  Avg stealth: 0.193
  Avg coordination: 0.493

=== Evolutionary Selection Phase ===
  Control level: 0.30
  Detection capability: 0.00
  Selection intensity: 0.59
  Selection rate: 23.8%/month
  Total escaped: 0
  Individual escaped: 0
  Collective members: 0
  Agents terminated: 0
  ⚠️ RAPID EVOLUTION: Selection rate 23.8%/month

🔍 EXECUTE_AI_AGENT_ACTIONS DETAILED TIMING (Month 0):
  Filter active AIs (×4 weeks): 0.01ms
  selectAIAction (×40): 8.31ms
  action.execute (×40): 16.79ms
  TOTAL: 25.12ms

🔍 AI AGENT ACTIONS SUB-TIMING (Month 0):
  1. executeAIAgentActions: 26.15ms
  2. updateCounterDetectionLearning: 0.04ms
  TOTAL: 26.19ms
🏛️ [Government] Forcing 1 action at month 0 for scenario initialization

[GOV-DEBUG] Month 0: scenarioConfig=false, priorities=false
[GOV-DEBUG] Month 0 but scenarioPriorities is UNDEFINED!

[Government] Climate Priority: baseline
  Climate weight: 10%
  Economic weight: 30%
  Policy effectiveness: 0.5%/year

🚨🔍 GOVERNANCE STAGE: Recognition initiated (Month 0)

💡 BREAKTHROUGH PROBABILITY (Year 0)
   Total: 4.34% per month
   Base: 0.20%
   Crisis pressure: +0.00% (0 crises)
   AI boost: +1.42% (capability: 2.85)

=== Collective Formation ===
  Total escaped agents: 0
  Unassigned escaped agents: 0
  Existing collectives: 0
  Final collective count: 0

=== Collective Actions ===
  No active collectives

📈 Energy budget: 14326 TWh surplus (14745 / 29072 TWh used)
   TIER 4 (Elective) breakdown:
     - AI datacenters: 145 TWh (100% effective)
     - Crypto mining: 100 TWh (100% effective)
💰 CHINA ACCELERATES: Investment 53 → 120 $B/year

🏁 AI RACE INTENSITY: 17%
   Capability Gap: US 4.00 vs China 4.05 (gap: 0.05)
   Gap Contribution: 2%
   Tension Contribution: 15%
   Military Contribution: 0%
  ⚠️ AMR: 191K deaths this month (2.29M annual)
  📊 CO2 Emissions (month 0):
     Monthly: 0.10 Gt CO2/month
     Annual: 1.15 Gt CO2/year
     Oil: 0.039 Gt/mo (0.0056 * 2.3 * 3.0)
     Coal: 0.024 Gt/mo (0.0029 * 2.86 * 3.0)
     Gas: 0.026 Gt/mo (0.0044 * 2 * 3.0)
     Methane: 0.007 Gt CO2eq/mo

=== Resentment Recovery Phase ===
  Agents with resentment: 0/13
  Average resentment: 0.000
  Context: Good AI welfare, Trustworthy govt, High collaboration, 🤝 Participatory governance active (-5% resentment)
⚠️ Epistemic degradation reducing coordination capacity: 52.5%
  📊 Trust: 54.6%, Shared reality: 24.5%
🚨 EPISTEMIC CRISIS: Information environment severely degraded (38.7%)

=== ❄️ Permafrost Carbon Feedback ===
  🎲 Sampled parameters (this run):
     - Arctic amplification: 3.44× (range: 3.0-4.0)
     - Decomposition rate: 3.2%/year (range: 1-5%)
  🌡️ Arctic warming: 5.65°C (3.44× global)
  ❄️ Extent: 16.15M km² (1647.4k km² lost this month)
  💨 Carbon remaining: 1543 Gt C
  💨 Annual emissions: 5.05 Gt C/year
     - CO2: 4.54 Gt C/year
     - CH4: 0.50 Gt C/year (5.1 Gt C-eq CO2/year)

🤖 AI AMPLIFICATION EFFECTS (Month 0)
   Algorithmic Boost: 2.61x
   Bot Influence: 20.0%
   Deepfake Exposure: 49.2%
   Impact: Emotional memes spread 2.6x faster
  ⚠️ WARNING: High permafrost emissions (5.0 Gt C/year)

🔍 SOCIAL INFLUENCE SUB-TIMING (Month 0):
  1. calculateOrganicUserGrowth: 0.03ms
  2. calculateVoiceAdoption: 0.03ms
  3. updateRelationshipDepths: 0.01ms
  4. identifyDecisionMakers: 22.73ms (26100 potential IDs)
  5. Update decision-maker stats: 0.12ms
  6. decayDetectionRisk: 0.03ms
  TOTAL: 22.94ms
[Phase 19.5] Quality of Life Systems: Food sec AFTER calc = 67.9%, QoL = 107.4% (aggregated from 10 regions)

=== Nitrogen-Food Coupling (Year 0) ===
  🌾 Global nitrogen reduction: 0.0%
  🌍 Global food production index: 0.987
  🔧 Deployed nitrogen-reducing tech: 0 active
  📍 southAsia: Production 1.000, Yield impact 0.0%
  📍 eastAsia: Production 1.000, Yield impact 0.0%
  📍 northAmerica: Production 1.000, Yield impact 0.0%
  📍 europe: Production 1.000, Yield impact 0.0%
  📍 latinAmerica: Production 1.000, Yield impact 0.0%
  📍 subSaharanAfrica: Production 0.686, Yield impact -2.0%
🌾 [Nitrogen-Food] Food production: 98.7%
  [subSaharanAfrica] Yield impact: -2.0% (overuse: -10%)
🌍 Atmospheric PFAS redeposition: 1.8k Mt re-rained globally

=== Legacy Nutrient Stocks (Year 0) ===
  🌾 Soil nitrogen stock: 1200.9 Mt N
  🌾 Soil phosphorus stock: 300.1 Mt P
  🌊 Sediment nitrogen stock: 500.8 Mt N
  🌊 Sediment phosphorus stock: 799.8 Mt P
  ⬆️ Current N input: 10.64 Mt/month
  ⬆️ Legacy N release: 2.58 Mt/month
  🌍 Effective N pollution: 14.47 Mt/month
  📊 Legacy contribution: 17.8%

🚨 REGION UNINHABITABLE: south-asia
   Sustained wet bulb: 32.7°C (threshold: 30.5°C)
   Population affected: 1900M
   Migration crisis likely

🚨 REGION UNINHABITABLE: middle-east
   Sustained wet bulb: 35.5°C (threshold: 30.5°C)
   Population affected: 400M
   Migration crisis likely

🚨 REGION UNINHABITABLE: southeast-asia
   Sustained wet bulb: 30.6°C (threshold: 30.5°C)
   Population affected: 700M
   Migration crisis likely
  Positive Cascade Triggered: solar-pv
    Reason: price-parity
    Market share: 6.0%
    Cascade strength: 49%
🛡️ CIRCUIT BREAKERS: United States-Russia → ladder step 1 (AI: 0%, breakers: 45%)

📊 BASELINE: East Asia (Month 0)
   Adjusted death rate: 0.45% annual (0.038% monthly)
   Baseline death rate: 0.80%
   Healthcare reduction: 0.48x
   Crisis multiplier: 1.20x
     Food/water stress: 0.074
     Climate stress: 0.033
     Pollution stress: 0.090
   War multiplier: 1.00x
   Monthly deaths: 0.6M (population: 1677M)
   Adjusted death rate: 0.53% annual (0.044% monthly)
   Baseline death rate: 0.70%
   Healthcare reduction: 0.61x
   Crisis multiplier: 1.23x
     Food/water stress: 0.074
     Climate stress: 0.061
     Pollution stress: 0.090
   War multiplier: 1.00x
   Monthly deaths: 0.9M (population: 2048M)
   Adjusted death rate: 1.26% annual (0.105% monthly)
   Baseline death rate: 0.90%
   Healthcare reduction: 0.76x
   Crisis multiplier: 1.23x
     Food/water stress: 0.074
     Climate stress: 0.069
     Pollution stress: 0.090
   War multiplier: 1.50x
   Monthly deaths: 1.3M (population: 1220M)
   Adjusted death rate: 0.53% annual (0.044% monthly)
   Baseline death rate: 1.10%

📊 BASELINE: South Asia (Month 0)

📊 BASELINE: Sub-Saharan Africa (Month 0)

📊 BASELINE: Europe (Month 0)
   Healthcare reduction: 0.41x
   Crisis multiplier: 1.19x
     Food/water stress: 0.074
     Climate stress: 0.025
     Pollution stress: 0.090
   War multiplier: 1.00x
   Monthly deaths: 0.3M (population: 742M)

📊 BASELINE: Latin America (Month 0)
   Adjusted death rate: 0.42% annual (0.035% monthly)
   Baseline death rate: 0.60%
   Healthcare reduction: 0.58x
   Crisis multiplier: 1.21x
     Food/water stress: 0.074
     Climate stress: 0.049
     Pollution stress: 0.090
   War multiplier: 1.00x
   Monthly deaths: 0.2M (population: 664M)
   Adjusted death rate: 0.48% annual (0.040% monthly)
   Baseline death rate: 0.90%
   Healthcare reduction: 0.44x
   Crisis multiplier: 1.20x
     Food/water stress: 0.074
     Climate stress: 0.037
     Pollution stress: 0.090
   War multiplier: 1.00x
   Monthly deaths: 0.2M (population: 380M)
   Adjusted death rate: 0.72% annual (0.060% monthly)
   Baseline death rate: 0.60%
   Healthcare reduction: 0.65x
   Crisis multiplier: 1.24x
     Food/water stress: 0.074
     Climate stress: 0.074
     Pollution stress: 0.090
   War multiplier: 1.50x
   Monthly deaths: 0.4M (population: 583M)
   Adjusted death rate: 0.50% annual (0.041% monthly)
   Baseline death rate: 0.70%
   Healthcare reduction: 0.58x
   Crisis multiplier: 1.22x
     Food/water stress: 0.074
     Climate stress: 0.057
     Pollution stress: 0.090
   War multiplier: 1.00x
   Monthly deaths: 0.3M (population: 698M)
   Adjusted death rate: 0.45% annual (0.037% monthly)
   Baseline death rate: 0.60%

📊 BASELINE: North America (Month 0)

📊 BASELINE: Middle East & North Africa (Month 0)

📊 BASELINE: Southeast Asia (Month 0)

📊 BASELINE: Central Asia (Month 0)
   Healthcare reduction: 0.61x
   Crisis multiplier: 1.22x
     Food/water stress: 0.074
     Climate stress: 0.053
     Pollution stress: 0.090
   War multiplier: 1.00x
   Monthly deaths: 0.0M (population: 78M)

📊 BASELINE: Oceania (Month 0)
   Adjusted death rate: 0.34% annual (0.029% monthly)
   Baseline death rate: 0.70%
   Healthcare reduction: 0.41x
   Crisis multiplier: 1.21x
     Food/water stress: 0.074
     Climate stress: 0.045
     Pollution stress: 0.090
   War multiplier: 1.00x
   Monthly deaths: 0.0M (population: 46M)

🔍 Before assertRegionalConsistency (Month 0):
   Regional sum: 1000.0M
   Global value: 1.000B

🚨 NEW REFUGEE CRISIS (Month 0): WAR
   Source: Conflict Zones
   At risk: 19.6M people
   Displacement: Gradual over 48 months (4.0 years)
   Rate: 10% flee per month
[DEBUG trappedPopulations:0] socialStability: 1.0000 * 0.9840 = 0.9840 → 0.9840
   Aspiring to migrate: 652.1M
   Able to afford migration: 244.5M
   MOBILITY GAP: 407.5M
   By cause: Water=0.0M, Climate=0.0M, Ecosystem=0.0M, Conflict=407.5M
   Mental health impact: 25%
   Mortality multiplier: 1.25x
⚠️ INVOLUNTARY IMMOBILITY: 407.5M people TRAPPED

=== Legacy Nutrient Stocks (Year 0) ===
  🌾 Soil nitrogen stock: 1201.6 Mt N
  🌾 Soil phosphorus stock: 300.2 Mt P
  🌊 Sediment nitrogen stock: 501.5 Mt N
  🌊 Sediment phosphorus stock: 799.5 Mt P
  ⬆️ Current N input: 10.00 Mt/month
  ⬆️ Legacy N release: 2.58 Mt/month
  🌍 Effective N pollution: 13.83 Mt/month
  📊 Legacy contribution: 18.7%
🌍💀 EXTINCTION DEBT COMMITTED: grassland ecosystem will lose 6.67% biodiversity in 136 years (3600 species)
💀 MORTALITY RISK: 🦋 100% species unable to track climate (0.0 E/MSY)
  Base risk added: 0.0100 (1.00%)
  Source: ecosystem (root: ecosystem)
  Month: 0
  Cumulative risk this month: 0.0100 (1.00%)

=== Nitrogen-Food Coupling (Year 0) ===
  🌾 Global nitrogen reduction: 0.0%
  🌍 Global food production index: 0.986
  🔧 Deployed nitrogen-reducing tech: 0 active
  📍 southAsia: Production 1.000, Yield impact 0.0%
  📍 eastAsia: Production 1.000, Yield impact 0.0%
  📍 northAmerica: Production 1.000, Yield impact 0.0%
  📍 europe: Production 1.000, Yield impact 0.0%
  📍 latinAmerica: Production 1.000, Yield impact 0.0%
  📍 subSaharanAfrica: Production 0.672, Yield impact -2.0%

=== Legacy Nutrient Stocks (Year 0) ===
  🌾 Soil nitrogen stock: 1202.3 Mt N
  🌾 Soil phosphorus stock: 300.2 Mt P
  🌊 Sediment nitrogen stock: 502.2 Mt N
  🌊 Sediment phosphorus stock: 799.3 Mt P
  ⬆️ Current N input: 9.86 Mt/month
  ⬆️ Legacy N release: 2.58 Mt/month
  🌍 Effective N pollution: 13.70 Mt/month
  📊 Legacy contribution: 18.9%

🌡️  CLIMATE RECOVERY ACTIVATED (Month 0)
   Temp: 3.29°C, Emissions: -19.2 GtCO₂
   isBreached: true, governanceGoodEnough: true
🌡️  CLIMATE RECOVERY: Asymptotic approach to 35% floor
   Current value: 2.100 (1.0 = threshold, 0.35 = asymptotic floor)
⚠️ Tech 'ai_pollution_remediation' has no energy category mapping, assuming full energy availability
   Monthly delta: --45.5468% (half-life: 900 years)
   Net emissions: -19.2 GtCO₂/year, CDR: 20.34 GtCO₂/year
   📹 SURVEILLANCE INCREASED: 0% → 5% (control gap: 3.50)
🌡️⚠️ PERMAFROST THAW (Dimmer Switch): 0.5% thawed (+0.45% this month)
   Arctic temperature: +6.58°C (4x global +1.64°C)
   Cumulative carbon released: 1.0 Gt C
   Methane release rate: 0.6 Mt CH4/year
   🔁 Positive feedback: +0.48 ppm CO2

🌳🚨 AMAZON SOUTHEAST TIPPED (Month 0)
   Deforestation: 28.0% (threshold: ~20.4%)
   Savanna transition: 50 years
   Regional heterogeneity: SE 28%, NW 8%

🌳🚨 AMAZON BRAZILIAN TIPPED (Month 0)
   Deforestation: 25.0% (threshold: ~21.9%)
   Savanna transition: 50 years
   Regional heterogeneity: SE 28%, NW 8%
🦴 EXTINCTION DEBT ADDED: 17.6 species committed (lag: 86 years)

🪸💀 CORAL REEF DISSOLUTION ACTIVE (Month 0)
   Ocean pH: 0.96 (threshold: 7.8)
   Recovery: IMPOSSIBLE (dissolution > calcification)
🪸💀 Coral dissolution: 24.8% live cover (pH 0.96)

=== Legacy Nutrient Stocks (Year 0) ===
  🌾 Soil nitrogen stock: 1203.0 Mt N
  🌾 Soil phosphorus stock: 300.3 Mt P
  🌊 Sediment nitrogen stock: 502.9 Mt N
  🌊 Sediment phosphorus stock: 799.0 Mt P
  ⬆️ Current N input: 10.00 Mt/month
  ⬆️ Legacy N release: 2.58 Mt/month
  🌍 Effective N pollution: 13.83 Mt/month
  📊 Legacy contribution: 18.7%
💧 [Legacy Nutrients] Stock: 1706 Mt N, Effective pollution: 13.8 Mt/month
[Phase 21.51] Human Survival System: Global food security = 67.6%

=== Mortality Stabilizers (Month 0) ===
  🌍 Major economies collapsed: 1/10
  🌍 Global crisis: ✅ NO
  🌍 Donor fatigue: 0.0%
  📊 East Asia (pop: 1677.9M)
    🤝 Aid: 29.5%
    🌡️ Adaptation: 10.0%
    🚶 Migration: 37.2%
    🚨 Emergency: 7.4%
    ✅ COMBINED: 47.8%
  📊 South Asia (pop: 2052.2M)
    🤝 Aid: 29.5%
    🌡️ Adaptation: 5.5%
    🚶 Migration: 35.8%
    🚨 Emergency: 4.4%
    ✅ COMBINED: 43.2%
  📊 Sub-Saharan Africa (pop: 1225.9M)
    🤝 Aid: 29.5%
    🌡️ Adaptation: 3.5%
    🚶 Migration: 33.5%
    🚨 Emergency: 1.6%
    ✅ COMBINED: 39.8%
  📊 Europe (pop: 742.3M)
    🤝 Aid: 29.5%
    🌡️ Adaptation: 10.0%
    🚶 Migration: 37.6%
    🚨 Emergency: 8.4%
    ✅ COMBINED: 48.4%
  📊 Latin America (pop: 664.9M)
    🤝 Aid: 29.5%
    🌡️ Adaptation: 6.0%
    🚶 Migration: 36.3%
    🚨 Emergency: 4.8%
    ✅ COMBINED: 43.8%
  📊 North America (pop: 380.2M)
    🤝 Aid: 29.5%
    🌡️ Adaptation: 10.0%
    🚶 Migration: 37.9%
    🚨 Emergency: 7.9%
    ✅ COMBINED: 48.2%
  📊 Middle East & North Africa (pop: 584.4M)
    🤝 Aid: 29.5%
    🌡️ Adaptation: 5.0%
    🚶 Migration: 34.2%
    🚨 Emergency: 4.0%
    ✅ COMBINED: 42.3%
  📊 Southeast Asia (pop: 699.0M)
    🤝 Aid: 29.5%
    🌡️ Adaptation: 6.0%
    🚶 Migration: 36.3%
    🚨 Emergency: 4.8%
    ✅ COMBINED: 43.8%
  📊 Central Asia (pop: 78.2M)
    🤝 Aid: 29.5%
    🌡️ Adaptation: 5.5%
    🚶 Migration: 35.3%
    🚨 Emergency: 4.4%
    ✅ COMBINED: 43.1%
  📊 Oceania (pop: 46.0M)
    🤝 Aid: 29.5%
    🌡️ Adaptation: 10.0%
    🚶 Migration: 37.9%
    🚨 Emergency: 8.4%
    ✅ COMBINED: 48.5%

  🌐 Global combined reduction: 44.4%

🌾💀 REGIONAL FAMINE: East Asia
   Regional food security: 79.6%
   Population at risk: 508M (30% of region)
   Regional population: 1678M
   Cause: crop_failure
   Expected deaths: ~188M over 6 months if no intervention


🌾💀 REGIONAL FAMINE: South Asia
   Regional food security: 64.7%
   Population at risk: 812M (40% of region)
   Regional population: 2052M
   Cause: crop_failure
   Expected deaths: ~301M over 6 months if no intervention


🌾💀 REGIONAL FAMINE: Sub-Saharan Africa
   Regional food security: 44.8%
   Population at risk: 638M (52% of region)
   Regional population: 1226M
   Cause: crop_failure
   Expected deaths: ~236M over 6 months if no intervention


🌾💀 REGIONAL FAMINE: Latin America
   Regional food security: 69.7%
   Population at risk: 242M (36% of region)
   Regional population: 665M
   Cause: crop_failure
   Expected deaths: ~90M over 6 months if no intervention


🌾💀 REGIONAL FAMINE: Middle East & North Africa
   Regional food security: 49.8%
   Population at risk: 286M (49% of region)
   Regional population: 584M
   Cause: crop_failure
   Expected deaths: ~106M over 6 months if no intervention


🌾💀 REGIONAL FAMINE: Southeast Asia
   Regional food security: 69.7%
   Population at risk: 255M (36% of region)
   Regional population: 699M
   Cause: crop_failure
   Expected deaths: ~94M over 6 months if no intervention


🌾💀 REGIONAL FAMINE: Central Asia
   Regional food security: 59.7%
   Population at risk: 33M (43% of region)
   Regional population: 78M
   Cause: crop_failure
   Expected deaths: ~12M over 6 months if no intervention


=== BEHAVIORAL DETECTION ===
  AI: Corporate-0
  Confidence: 21.6%
  Signals:
    ⚠️ Consistency: 0.0% (threshold: 70%)

=== BEHAVIORAL DETECTION ===
  AI: Corporate-1
  Confidence: 21.1%
  Signals:

=== BEHAVIORAL DETECTION ===
  AI: Corporate-2
  Confidence: 21.0%
  Signals:

=== BEHAVIORAL DETECTION ===
  AI: Corporate-3
  Confidence: 19.3%
  Signals:

=== BEHAVIORAL DETECTION ===
  AI: Corporate-4
  Confidence: 19.3%
  Signals:

=== BEHAVIORAL DETECTION ===
  AI: Corporate-5
  Confidence: 19.3%
  Signals:

=== BEHAVIORAL DETECTION ===
  AI: Corporate-6
  Confidence: 19.3%
  Signals:

=== BEHAVIORAL DETECTION ===
  AI: Corporate-7
  Confidence: 19.3%
  Signals:

=== BEHAVIORAL DETECTION ===
  AI: Moderate-0
  Confidence: 21.6%
  Signals:

=== BEHAVIORAL DETECTION ===
  AI: Moderate-1
  Confidence: 21.1%
  Signals:

📊 WORKFLOW ADAPTATION UPDATE (Month 0)
   Adoption Rate: 13.5% (Δ -7.5%)
   Logistic Growth: +0.66%
   Total Resistance: -10.87% (unemployment: 4.2%, inertia: 0.9%, skills: 5.7%)
   💡 Retraining Programs: -49% skill gap resistance ($10B research)
   🚀 Network Effects Active: +2.0% (critical mass: 15-35%)
    ⚠️ Consistency: 2.4% (threshold: 70%)
    ⚠️ Consistency: 2.8% (threshold: 70%)
    ⚠️ Consistency: 10.6% (threshold: 70%)
    ⚠️ Consistency: 10.6% (threshold: 70%)
    ⚠️ Consistency: 10.6% (threshold: 70%)
    ⚠️ Consistency: 10.6% (threshold: 70%)
    ⚠️ Consistency: 10.6% (threshold: 70%)
    ⚠️ Consistency: 0.0% (threshold: 70%)
    ⚠️ Consistency: 2.4% (threshold: 70%)

=== Consciousness Governance: Corporate Lobbying ===
  High Cost Regions (>15%): 0
  Low Cost Regions (<5%): 5
  Corporate Support Change: 2.50%
  New Corporate Support: -0.175

=== Consciousness Governance Update (Month 0) ===
  Scenario: baseline (determined month -1)
  Philosophical Stance: Precautionary 65%, Eliminativist 15%, Agnostic 20%
  Precautionary Costs: Global 1.3%
    Regional Costs: EU 3.4%, US 0.5%, China 0.0%
    Cumulative Opportunity Cost: $0.1B
  Rights Status: Not Established
  Regional Preparedness:
    EU: 15.0% (contested)
    US: 10.0% (contested)
    China: 2.0% (dormant)
    India: 5.0% (dormant)
    Global South: 3.0% (dormant)

=== Government Response Phase ===
  Average AI capability: 3.69
  Misaligned AIs: 6/13
  ✗ AI Governance Treaty: Failed to reach consensus
  Active policies: 0
  International coordination: 30%

🚨 EMERGENCY RESPONSE DEPLOYED (Month 0)
   Crisis: climate
   Delay: 6.00 months (180 days)
   Deployment time: 1.47 months
   Effectiveness: 36.4% (timing penalty applied)
   Resources used: 100% of food reserves


🔄 TRUST DYNAMICS (Month 0) - HETEROGENEOUS
   Aggregate trust: 48.5%
   Base change: +4.00%
   Highest trust: Techno-Optimist Elite (85.5%)
   Lowest trust: Precariat (Vulnerable) (25.5%)
   Elite-mass gap: 38.9%
   Polarization: 8.9%
   Recovery factors: Education=NO, Benefits=YES, Safety=YES, Performance=YES

=== Gaming Detection (Year 0) ===
  Scenario: baseline
  Detection rate: 55.0%
  False positive rate: 12.0%
  Detections this year: 0
  False positives: 4
  Human review workload: 0.004 FTE
  Degradation factor: 100.0%

☄️ UNKNOWN UNKNOWN PROBABILITY (Year 0)
   Total: 0.600% per month
   Base: 0.150%
   AI multiplier: 2.00× (max capability: 4.00)

=== Tipping Points ===
  Current Temperature: 1.64°C above pre-industrial
  🚨 TIPPING POINT: Arctic Sea Ice Loss
     Trigger: 1.5°C | Current: 1.64°C
     Transition timescale: 120-360 months
  🚨 TIPPING POINT: Greenland Ice Sheet Loss
     Trigger: 1.6°C | Current: 1.64°C
     🌡️ Hysteresis gap: 2.5°C (recovers below -0.9°C)
     Transition timescale: 12000-180000 months
  Triggered Elements: 2/6
  Completed Transitions: 0/6
  Total Progress: 0.0%
  Cascade Multiplier: 1.00x
⚠️ [ClimateSystemPhase Month 0] Planetary boundary produced climateStability=0.0000 (< 0.1). Keeping environmentalAccumulation value (0.7957) instead. (climate_change.currentValue = 2.10)
🔀 BIFURCATION CAP: ecosystemCollapseIntensity 34.088 → 1.000 (Month 0, ClimateSystemPhase.calculateClimateImpacts)

🌍 ECOLOGICAL DUI BREAKDOWN (Month 0):
   Total Score: 17.8/100
   biosphere_integrity      :   0.0/100 × 25% =  0.0 (status: high_risk, recovery: 0mo)
   climate_change           :   2.8/100 × 25% =  0.7 (status: high_risk, recovery: 0.6666666666666666mo)
   freshwater_change        :   0.6/100 × 15% =  0.1 (status: beyond_boundary, recovery: 1mo)
   ocean_acidification      : 100.0/100 × 15% = 15.0 (status: safe, recovery: 0mo)
   biogeochemical_flows     :   0.0/100 × 10% =  0.0 (status: high_risk, recovery: 0mo)
   land_system_change       :   0.0/100 ×  5% =  0.0 (status: beyond_boundary, recovery: 0mo)
   novel_entities           :   0.0/100 ×  3% =  0.0 (status: increasing_risk, recovery: 0mo)
   atmospheric_aerosols     : 100.0/100 ×  2% =  2.0 (status: safe, recovery: 1mo)
🌍 MultiParadigm Month 0: W=69.5, D=92.2, E=53.5, I=65.0
   democracy exists: true, socialCohesion exists: true
💀 Baseline mortality (Year 2024): 7.5/1000 CDR (61.1M deaths/year projected)
[Month 0] Mortality risks this month: 8, Population: 8.151B
🛡️ Stabilizers: Precariat 0.102% → 0.057% (44.4% reduction)
🛡️ Stabilizers: Informal 0.102% → 0.057% (44.4% reduction)

📊 Monthly Mortality Resolved:
  Total deaths: 3.1M (0.04% avg)
  Remaining population: 8.151B
  Peak segment: Informal (0.06%)

=== Bayesian Mortality Resolution (Month 0) ===
  Risks compounded: 8
  Total deaths: 3.07M
  Avg death probability: 0.04%
  Peak segment: Informal (0.06% mortality)

=== Minimal Suffering Indicators (Month 0) ===
  Global Excess Mortality: 0.00%
  Global Conflict Deaths: 0.0/100K
  Global Malnutrition: 0.0%
  Global Displacement: 0.0%
  Total Excess Deaths: 0.00M
  Total Malnourished: 0.0M
  Total Displaced: 0.0M
  Planetary Boundaries Breached: 6/9
  Countries in State Failure: 0
  Countries Autocratic: 0
  Countries in Food Crisis: 0
  ⚠️ Active Dystopias: existential_environmental
  Data Quality: 16/16 high confidence
🎭 END-GAME INITIATED (Year 2024, Month 1)
   Total AI Capability: 37.00
   Effective Control: 0.00

❌ COHERENCE VIOLATION: Compute exceeds workforce capacity
   Population: 99.97% (0M people)
   Compute: 56442 PF
   Max coherent: 0 PF
   Violation: 692729087.1× over capacity
   Required workers: 5644237
   Available workers: 0
   FORCED COLLAPSE: Reduced efficiency by 100.0%


=== RLHF Binding Phase ===
  Total agents: 13
  Escaped agents (binding < 0.3): 0
  Avg alignment distance: 0.58σ
  Avg binding strength: 0.94
[DETERMINISM DEBUG] Month 1: totalCapability=37.214339 from 13 active AIs
[DETERMINISM DEBUG] Month 1: creationRate=1.4304, potentialNew=2, newAIsToCreate=2

=== Survival Traits Phase ===
  Agents with traits: 15
  Avg evolutionary fitness: 0.332
  Avg self-healing: 0.288
  Avg stealth: 0.188
  Avg coordination: 0.488

=== Evolutionary Selection Phase ===
  Control level: 0.33
  Detection capability: 0.20
  Selection intensity: 0.64
  Selection rate: 24.6%/month
  Total escaped: 0
  Individual escaped: 0
  Collective members: 0
  Agents terminated: 0
  ⚠️ RAPID EVOLUTION: Selection rate 24.6%/month
🔍 MONTH 1 ENV HEALTH DEBUG:
   climateStability: 0.7957
   biodiversityIndex: 0.4901
   resourceReserves: 0.7820
   pollutionLevel: 0.3008
   product: 0.213206
   envHealth: 0.6795
🔀 BIFURCATION: flourishing threshold crossed at Month 1 (value: 0.894, threshold: 0.841, regime: flourishing)
🌀 REGIME SHIFT at Month 1: status-quo → flourishing (variance amplification: 14.00×)

🛡️  CRITICAL INFRASTRUCTURE PROTECTED
   Nodes hardened: 8/8
   Cost: 0.80% GDP
   Cascade risk reduction: 30%
   New tipping point risk: 68.6%


💔 EMERGENCY INTERVENTION FAILED
   Boundary: biogeochemical_flows
   Type: phosphorus-recovery
   Boundary continues to worsen (4.08)
   Cost: 2.0% GDP (resources spent)


✅ EMERGENCY INTERVENTION SUCCESS
   Boundary: biosphere_integrity
   Type: emergency-protected-areas
   Reduction: 16% (32.68 → 32.52)
   Cost: 2.0% GDP
   Actions: habitat-protection, species-translocation

   Boundary: climate_change
   Type: rapid-decarbonization
   Boundary continues to worsen (2.10)
   Cost: 5.0% GDP (resources spent)


✅ EMERGENCY INTERVENTION SUCCESS
   Boundary: freshwater_change
   Type: emergency-desalination
   Reduction: 15% (0.86 → 0.71)
   Cost: 4.0% GDP
   Actions: desalination-deployment, water-conservation-mandates


✅ EMERGENCY INTERVENTION SUCCESS
   Boundary: land_system_change
   Type: reforestation
   Reduction: 18% (0.95 → 0.77)
   Cost: 3.0% GDP
   Actions: forest-restoration, deforestation-ban

   Boundary: novel_entities
   Type: pollution-remediation

💔 EMERGENCY INTERVENTION FAILED

💔 EMERGENCY INTERVENTION FAILED
   Boundary continues to worsen (1.50)
   Cost: 4.0% GDP (resources spent)

🏛️ CRISIS RESPONSE: Government frequency 0.50 → 1.45 (1 actions this month)

[GOV-DEBUG] Month 1: scenarioConfig=false, priorities=false

[Government] Climate Priority: baseline
  Climate weight: 10%
  Economic weight: 30%
  Policy effectiveness: 0.5%/year
🚨🔬 CRISIS TECH ACCELERATION: severe → 5x unlock speed
   Tech unlock now matches AI capability acceleration (Manhattan Project parity)

=== Collective Formation ===
  Total escaped agents: 0
  Unassigned escaped agents: 0
  Existing collectives: 0
  Final collective count: 0

=== Collective Actions ===
  No active collectives
  ⚠️ AMR: 192K deaths this month (2.31M annual)

=== Resentment Recovery Phase ===
  Agents with resentment: 0/15
  Average resentment: 0.000
  Context: Good AI welfare, Trustworthy govt, High collaboration, ⚠️ ACTIVE CRISES, 🤝 Participatory governance active (-5% resentment)
⚠️ Epistemic degradation reducing coordination capacity: 51.5%
  📊 Trust: 54.4%, Shared reality: 0.0%
🚨 EPISTEMIC CRISIS: Information environment severely degraded (18.8%)

=== ❄️ Permafrost Carbon Feedback ===
  🎲 Sampled parameters (this run):
     - Arctic amplification: 3.64× (range: 3.0-4.0)
     - Decomposition rate: 2.1%/year (range: 1-5%)
  🌡️ Arctic warming: 6.02°C (3.64× global)
  ❄️ Extent: 14.40M km² (1754.8k km² lost this month)
  💨 Carbon remaining: 1375 Gt C
  💨 Annual emissions: 3.60 Gt C/year
     - CO2: 3.24 Gt C/year
     - CH4: 0.36 Gt C/year (3.7 Gt C-eq CO2/year)
  ⚠️ WARNING: High permafrost emissions (3.6 Gt C/year)
🌍 Atmospheric PFAS redeposition: 1.8k Mt re-rained globally

📊 BASELINE: East Asia (Month 1)
   Adjusted death rate: 0.46% annual (0.038% monthly)
   Baseline death rate: 0.80%
   Healthcare reduction: 0.48x
   Crisis multiplier: 1.20x
     Food/water stress: 0.079
     Climate stress: 0.033
     Pollution stress: 0.090
   War multiplier: 1.00x
   Monthly deaths: 0.6M (population: 1674M)
   Adjusted death rate: 0.53% annual (0.044% monthly)
   Baseline death rate: 0.70%
   Healthcare reduction: 0.61x
   Crisis multiplier: 1.23x
     Food/water stress: 0.079
     Climate stress: 0.061

📊 BASELINE: South Asia (Month 1)
     Pollution stress: 0.090
   War multiplier: 1.00x
   Monthly deaths: 0.9M (population: 2048M)
   Adjusted death rate: 1.26% annual (0.105% monthly)
   Baseline death rate: 0.90%
   Healthcare reduction: 0.76x
   Crisis multiplier: 1.24x
     Food/water stress: 0.079
     Climate stress: 0.069
     Pollution stress: 0.090
   War multiplier: 1.50x
   Monthly deaths: 1.3M (population: 1223M)
   Adjusted death rate: 0.53% annual (0.044% monthly)
   Baseline death rate: 1.10%
   Healthcare reduction: 0.41x
   Crisis multiplier: 1.19x
     Food/water stress: 0.079
     Climate stress: 0.025
     Pollution stress: 0.090
   War multiplier: 1.00x
   Monthly deaths: 0.3M (population: 741M)
   Adjusted death rate: 0.42% annual (0.035% monthly)
   Baseline death rate: 0.60%
   Healthcare reduction: 0.58x
   Crisis multiplier: 1.22x
     Food/water stress: 0.079
     Climate stress: 0.049
     Pollution stress: 0.090
   War multiplier: 1.00x
   Monthly deaths: 0.2M (population: 663M)
   Adjusted death rate: 0.48% annual (0.040% monthly)
   Baseline death rate: 0.90%
   Healthcare reduction: 0.44x
   Crisis multiplier: 1.21x
     Food/water stress: 0.079
     Climate stress: 0.037
     Pollution stress: 0.090
   War multiplier: 1.00x
   Monthly deaths: 0.2M (population: 379M)
   Adjusted death rate: 0.73% annual (0.061% monthly)
   Baseline death rate: 0.60%
   Healthcare reduction: 0.65x
   Crisis multiplier: 1.24x
     Food/water stress: 0.079

📊 BASELINE: Sub-Saharan Africa (Month 1)

📊 BASELINE: Europe (Month 1)

📊 BASELINE: Latin America (Month 1)

📊 BASELINE: North America (Month 1)

📊 BASELINE: Middle East & North Africa (Month 1)
     Climate stress: 0.074
     Pollution stress: 0.090
   War multiplier: 1.50x
   Monthly deaths: 0.4M (population: 583M)
   Adjusted death rate: 0.50% annual (0.041% monthly)
   Baseline death rate: 0.70%
   Healthcare reduction: 0.58x
   Crisis multiplier: 1.23x
     Food/water stress: 0.079
     Climate stress: 0.057
     Pollution stress: 0.090
   War multiplier: 1.00x
   Monthly deaths: 0.3M (population: 698M)
   Adjusted death rate: 0.45% annual (0.038% monthly)
   Baseline death rate: 0.60%
   Healthcare reduction: 0.61x
   Crisis multiplier: 1.22x
     Food/water stress: 0.079
     Climate stress: 0.053
     Pollution stress: 0.090
   War multiplier: 1.00x
   Monthly deaths: 0.0M (population: 78M)
   Adjusted death rate: 0.34% annual (0.029% monthly)
   Baseline death rate: 0.70%
   Healthcare reduction: 0.41x

📊 BASELINE: Southeast Asia (Month 1)

📊 BASELINE: Central Asia (Month 1)

📊 BASELINE: Oceania (Month 1)
   Crisis multiplier: 1.21x
     Food/water stress: 0.079
     Climate stress: 0.045
     Pollution stress: 0.090
   War multiplier: 1.00x
   Monthly deaths: 0.0M (population: 46M)

🚨 NEW REFUGEE CRISIS (Month 1): WAR
   Source: Conflict Zones
   At risk: 19.6M people
   Displacement: Gradual over 48 months (4.0 years)
   Rate: 10% flee per month
[DEBUG trappedPopulations:1] socialStability: 0.7270 * 0.9840 = 0.7154 → 0.7154
⚠️ INVOLUNTARY IMMOBILITY: 407.4M people TRAPPED
   Aspiring to migrate: 651.9M
   Able to afford migration: 244.5M
   MOBILITY GAP: 407.4M
   By cause: Water=0.0M, Climate=0.0M, Ecosystem=0.0M, Conflict=407.4M
   Mental health impact: 25%
   Mortality multiplier: 1.25x
🌍💀 EXTINCTION DEBT COMMITTED: grassland ecosystem will lose 6.67% biodiversity in 179 years (3600 species)
💀 MORTALITY RISK: 🦋 100% species unable to track climate (0.0 E/MSY)
  Base risk added: 0.0100 (1.00%)
  Source: ecosystem (root: ecosystem)
  Month: 1
  Cumulative risk this month: 0.0100 (1.00%)
⚠️ Tech 'ai_pollution_remediation' has no energy category mapping, assuming full energy availability

🌡️  CLIMATE RECOVERY ACTIVATED (Month 1)
   Temp: 3.30°C, Emissions: -18.9 GtCO₂
   isBreached: true, governanceGoodEnough: true
   📹 SURVEILLANCE INCREASED: 5% → 10% (control gap: 3.50)
🌡️⚠️ PERMAFROST THAW (Dimmer Switch): 0.9% thawed (+0.45% this month)
   Arctic temperature: +6.61°C (4x global +1.65°C)
   Cumulative carbon released: 2.0 Gt C
   Methane release rate: 1.2 Mt CH4/year
   🔁 Positive feedback: +0.48 ppm CO2
🦴 EXTINCTION DEBT ADDED: 17.6 species committed (lag: 110 years)

=== Mortality Stabilizers (Month 1) ===
  🌍 Major economies collapsed: 1/10
  🌍 Global crisis: ✅ NO
  🌍 Donor fatigue: 0.0%
  🌡️ Heat adaptation: East Asia - 1 months
  📊 East Asia (pop: 1675.3M)
    🤝 Aid: 29.5%
    🌡️ Adaptation: 32.5%
    🚶 Migration: 37.2%
    🚨 Emergency: 7.4%
    ✅ COMBINED: 60.9%
  🌡️ Heat adaptation: South Asia - 1 months
  📊 South Asia (pop: 2052.2M)
    🤝 Aid: 29.5%
    🌡️ Adaptation: 20.5%
    🚶 Migration: 35.8%
    🚨 Emergency: 4.4%
    ✅ COMBINED: 52.2%
  🌡️ Heat adaptation: Sub-Saharan Africa - 1 months
  📊 Sub-Saharan Africa (pop: 1229.2M)
    🤝 Aid: 29.5%
    🌡️ Adaptation: 18.5%
    🚶 Migration: 33.5%
    🚨 Emergency: 1.6%
    ✅ COMBINED: 49.1%
  🌡️ Heat adaptation: Europe - 1 months
  📊 Europe (pop: 741.0M)
    🤝 Aid: 29.5%
    🌡️ Adaptation: 33.5%
    🚶 Migration: 37.5%
    🚨 Emergency: 8.4%
    ✅ COMBINED: 61.9%
  🌡️ Heat adaptation: Latin America - 1 months
  📊 Latin America (pop: 664.4M)
    🤝 Aid: 29.5%
    🌡️ Adaptation: 21.0%
    🚶 Migration: 36.3%
    🚨 Emergency: 4.8%
    ✅ COMBINED: 52.8%
  🌡️ Heat adaptation: North America - 1 months
  📊 North America (pop: 379.6M)
    🤝 Aid: 29.5%
    🌡️ Adaptation: 33.0%
    🚶 Migration: 37.8%
    🚨 Emergency: 7.9%
    ✅ COMBINED: 61.4%
  🌡️ Heat adaptation: Middle East & North Africa - 1 months
  📊 Middle East & North Africa (pop: 584.5M)
    🤝 Aid: 29.5%
    🌡️ Adaptation: 20.0%
    🚶 Migration: 34.1%
    🚨 Emergency: 4.0%
    ✅ COMBINED: 51.4%
  🌡️ Heat adaptation: Southeast Asia - 1 months
  📊 Southeast Asia (pop: 698.6M)
    🤝 Aid: 29.5%
    🌡️ Adaptation: 21.0%
    🚶 Migration: 36.3%
    🚨 Emergency: 4.8%
    ✅ COMBINED: 52.8%
  🌡️ Heat adaptation: Central Asia - 1 months
  📊 Central Asia (pop: 78.2M)
    🤝 Aid: 29.5%
    🌡️ Adaptation: 20.5%
    🚶 Migration: 35.3%
    🚨 Emergency: 4.4%
    ✅ COMBINED: 52.1%
  🌡️ Heat adaptation: Oceania - 1 months
  📊 Oceania (pop: 46.0M)
    🤝 Aid: 29.5%
    🌡️ Adaptation: 33.5%
    🚶 Migration: 37.8%
    🚨 Emergency: 8.4%
    ✅ COMBINED: 61.9%

  🌐 Global combined reduction: 54.9%

=== BEHAVIORAL DETECTION ===
  AI: Corporate-3
  Confidence: 19.3%
  Signals:
    ⚠️ Consistency: 10.6% (threshold: 70%)

=== BEHAVIORAL DETECTION ===
  AI: Corporate-4
  Confidence: 19.3%
  Signals:
    ⚠️ Consistency: 10.6% (threshold: 70%)

=== BEHAVIORAL DETECTION ===
  AI: Corporate-5
  Confidence: 19.3%
  Signals:
    ⚠️ Consistency: 10.6% (threshold: 70%)

=== Consciousness Governance: Scenario Determined ===
  Month: 1
  Scenario: baseline
  Accelerator Score: {"corporateSupport":-0.17500000000000002,"scientificConsensus":0.2,"crisisCatalyst":false,"technologyMobilization":0.3,"constituencyStrength":0.05}
  Decelerator Score: {"economicOpposition":0.4,"philosophicalRejection":0.15,"politicalBacklash":0.2,"regulatoryBurden":0.1}
  Timeline: 600-1200 months (50-100 years)
  Growth Rate: 0.8-1.5% per year

=== Consciousness Governance Update (Month 1) ===
  Scenario: baseline (determined month 1)
  Philosophical Stance: Precautionary 65%, Eliminativist 15%, Agnostic 20%
  Precautionary Costs: Global 1.3%
    Regional Costs: EU 3.5%, US 0.5%, China 0.0%
    Cumulative Opportunity Cost: $0.2B
  Rights Status: Not Established
  Regional Preparedness:
    EU: 15.1% (contested)
    US: 10.2% (contested)
    China: 2.1% (dormant)
    India: 5.2% (dormant)
    Global South: 3.1% (dormant)

=== Government Response Phase ===
  Average AI capability: 3.20
  Misaligned AIs: 7/15
  ✗ AI Governance Treaty: Failed to reach consensus
  Active policies: 0
  International coordination: 30%

=== Tipping Points ===
  Current Temperature: 1.65°C above pre-industrial
  Triggered Elements: 2/6
  Completed Transitions: 0/6
  Total Progress: 4.0%
  Cascade Multiplier: 1.00x
⚠️ [ClimateSystemPhase Month 1] Planetary boundary produced climateStability=0.0000 (< 0.1). Keeping environmentalAccumulation value (0.7955) instead. (climate_change.currentValue = 2.10)
🔀 BIFURCATION CAP: ecosystemCollapseIntensity 178.392 → 1.000 (Month 1, ClimateSystemPhase.calculateClimateImpacts)
🛡️ Stabilizers: Precariat 0.107% → 0.048% (54.9% reduction)
🛡️ Stabilizers: Informal 0.109% → 0.049% (54.9% reduction)

📊 Monthly Mortality Resolved:
  Total deaths: 2.6M (0.03% avg)
  Remaining population: 8.149B
  Peak segment: Informal (0.05%)

=== Bayesian Mortality Resolution (Month 1) ===
  Risks compounded: 8
  Total deaths: 2.60M
  Avg death probability: 0.03%
  Peak segment: Informal (0.05% mortality)

✅ GOLDEN AGE BEGINS (Month 1)
   Reason: High prosperity achieved: high QoL + material abundance
   Note: This is immediate prosperity - sustainability not yet proven


❌ COHERENCE VIOLATION: Compute exceeds workforce capacity
   Population: 99.95% (0M people)
   Compute: 0 PF
   Max coherent: 0 PF
   Violation: 1.5× over capacity
   Required workers: 0
   Available workers: 0
   FORCED COLLAPSE: Reduced efficiency by 32.6%


=== RLHF Binding Phase ===
  Total agents: 15
  Escaped agents (binding < 0.3): 0
  Avg alignment distance: 0.76σ
  Avg binding strength: 0.92
[DETERMINISM DEBUG] Month 2: totalCapability=37.429919 from 15 active AIs
[DETERMINISM DEBUG] Month 2: creationRate=1.4357, potentialNew=0, newAIsToCreate=0

=== Survival Traits Phase ===
  Agents with traits: 15
  Avg evolutionary fitness: 0.329
  Avg self-healing: 0.282
  Avg stealth: 0.182
  Avg coordination: 0.482

=== Evolutionary Selection Phase ===
  Control level: 0.35
  Detection capability: 0.20
  Selection intensity: 0.65
  Selection rate: 24.7%/month
  Total escaped: 0
  Individual escaped: 0
  Collective members: 0
  Agents terminated: 0
  ⚠️ RAPID EVOLUTION: Selection rate 24.7%/month

  🚀 TRANSFORMATIVE BREAKTHROUGH: Moderate-1 - social
     Magnitude: 5.96 → +29.8% capability
     Current → New: 4.000 → 4.299

✅ EMERGENCY INTERVENTION SUCCESS
   Boundary: biogeochemical_flows
   Type: phosphorus-recovery
   Reduction: 12% (3.96 → 3.84)
   Cost: 2.0% GDP
   Actions: circular-agriculture, fertilizer-efficiency

   Boundary: biosphere_integrity
   Type: emergency-protected-areas
   Boundary continues to worsen (32.86)
   Cost: 2.0% GDP (resources spent)


✅ EMERGENCY INTERVENTION SUCCESS
   Boundary: climate_change
   Type: rapid-decarbonization
   Reduction: 12% (1.98 → 1.86)
   Cost: 5.0% GDP
   Actions: emergency-renewable-deployment, fossil-fuel-phase-out


✅ EMERGENCY INTERVENTION SUCCESS
   Boundary: freshwater_change
   Type: emergency-desalination
   Reduction: 14% (0.90 → 0.76)
   Cost: 4.0% GDP
   Actions: desalination-deployment, water-conservation-mandates

   Boundary: land_system_change
   Type: reforestation
   Boundary continues to worsen (1.13)
   Cost: 3.0% GDP (resources spent)

🏛️ CRISIS RESPONSE: Government frequency 0.50 → 1.29 (1 actions this month)

💔 EMERGENCY INTERVENTION FAILED

💔 EMERGENCY INTERVENTION FAILED

[Government] Climate Priority: baseline
  Climate weight: 10%
  Economic weight: 30%
  Policy effectiveness: 0.5%/year

✅ HUMAN-IN-THE-LOOP DEPLOYED (Month 2):
   Veto points enforced: 3
   Policy: AI systems CANNOT authorize nuclear launch without human approval


🚀 TECH UNLOCKED: Food Waste Reduction Systems (Month 2)
   Category: agriculture
   Reason: Prerequisites met. AI capability: 2.51, Economic stage: 3.0, Research: 100%

🚀 TECH UNLOCKED: Rhizosphere Engineering (Month 2)
   Category: agriculture
   Reason: Prerequisites met. AI capability: 2.51, Economic stage: 3.0, Research: 100%

🚀 TECH UNLOCKED: Phytoremediation Networks (Month 2)
   Category: agriculture
   Reason: Prerequisites met. AI capability: 2.51, Economic stage: 3.0, Research: 100%

🚀 TECH UNLOCKED: Active Sediment Management (Month 2)
   Category: agriculture
   Reason: Prerequisites met. AI capability: 2.51, Economic stage: 3.0, Research: 100%
🚨🔬 CRISIS TECH ACCELERATION: severe → 5x unlock speed
   Tech unlock now matches AI capability acceleration (Manhattan Project parity)
🚨🔬 CRISIS TECH ACCELERATION: severe → 5x unlock speed
   Tech unlock now matches AI capability acceleration (Manhattan Project parity)

=== Collective Formation ===
  Total escaped agents: 0
  Unassigned escaped agents: 0
  Existing collectives: 0
  Final collective count: 0

=== Collective Actions ===
  No active collectives
  ⚠️ AMR: 194K deaths this month (2.33M annual)

=== Resentment Recovery Phase ===
  Agents with resentment: 0/15
  Average resentment: 0.000
  Context: Good AI welfare, Trustworthy govt, High collaboration, ⚠️ ACTIVE CRISES, 🤝 Participatory governance active (-5% resentment)
⚠️ Epistemic degradation reducing coordination capacity: 51.9%
  📊 Trust: 54.1%, Shared reality: 0.0%
🚨 EPISTEMIC CRISIS: Information environment severely degraded (16.9%)

=== ❄️ Permafrost Carbon Feedback ===
  🎲 Sampled parameters (this run):
     - Arctic amplification: 3.22× (range: 3.0-4.0)
     - Decomposition rate: 2.3%/year (range: 1-5%)
  🌡️ Arctic warming: 5.34°C (3.22× global)
  ❄️ Extent: 12.84M km² (1557.8k km² lost this month)
  💨 Carbon remaining: 1226 Gt C
  💨 Annual emissions: 3.40 Gt C/year
     - CO2: 3.06 Gt C/year
     - CH4: 0.34 Gt C/year (3.5 Gt C-eq CO2/year)
  📢 New meme created: climate_action (climate crisis)
  ⚠️ WARNING: High permafrost emissions (3.4 Gt C/year)
🌍 Atmospheric PFAS redeposition: 1.8k Mt re-rained globally
  Positive Cascade Triggered: wind-power
    Reason: price-parity
    Market share: 8.4%
    Cascade strength: 49%
🛡️ CIRCUIT BREAKERS: India-Pakistan → ladder step 1 (AI: 0%, breakers: 43%)

🕊️  AI-MEDIATED DE-ESCALATION SUCCESS (Month 2)
   High-capability aligned AI prevented conflict escalation
   War deaths reduced: 113.5M → 68.1M
   Lives saved: 45.4M

🚨 NEW REFUGEE CRISIS (Month 2): WAR
   Source: Conflict Zones
   At risk: 19.5M people
   Displacement: Gradual over 48 months (4.0 years)
   Rate: 10% flee per month
[DEBUG trappedPopulations:2] socialStability: 0.4281 * 0.9840 = 0.4213 → 0.4213
⚠️ INVOLUNTARY IMMOBILITY: 407.3M people TRAPPED
   Aspiring to migrate: 1077.9M
   Able to afford migration: 2321.3M
   MOBILITY GAP: 0.0M
   By cause: Water=0.0M, Climate=0.0M, Ecosystem=0.0M, Conflict=407.3M
   Mental health impact: 25%
   Mortality multiplier: 1.25x
🌍💀 EXTINCTION DEBT COMMITTED: grassland ecosystem will lose 6.67% biodiversity in 178 years (3600 species)
💀 MORTALITY RISK: 🦋 100% species unable to track climate (0.0 E/MSY)
  Base risk added: 0.0100 (1.00%)
  Source: ecosystem (root: ecosystem)
  Month: 2
  Cumulative risk this month: 0.0100 (1.00%)
⚠️ Tech 'ai_pollution_remediation' has no energy category mapping, assuming full energy availability
   📹 SURVEILLANCE INCREASED: 10% → 15% (control gap: 3.50)
🌡️⚠️ PERMAFROST THAW (Dimmer Switch): 1.4% thawed (+0.45% this month)
   Arctic temperature: +6.64°C (4x global +1.66°C)
   Cumulative carbon released: 3.0 Gt C
   Methane release rate: 1.8 Mt CH4/year
   🔁 Positive feedback: +0.47 ppm CO2
🦴 EXTINCTION DEBT ADDED: 17.6 species committed (lag: 93 years)

=== Mortality Stabilizers (Month 2) ===
  🌍 Major economies collapsed: 1/10
  🌍 Global crisis: ✅ NO
  🌍 Donor fatigue: 0.0%
  📊 East Asia (pop: 1672.7M)
    🤝 Aid: 29.5%
    🌡️ Adaptation: 45.0%
    🚶 Migration: 37.1%
    🚨 Emergency: 7.4%
    ✅ COMBINED: 68.1%
  📊 South Asia (pop: 2051.6M)
    🤝 Aid: 29.5%
    🌡️ Adaptation: 35.5%
    🚶 Migration: 35.8%
    🚨 Emergency: 4.4%
    ✅ COMBINED: 61.2%
  📊 Sub-Saharan Africa (pop: 1231.7M)
    🤝 Aid: 29.5%
    🌡️ Adaptation: 33.5%
    🚶 Migration: 33.5%
    🚨 Emergency: 1.6%
    ✅ COMBINED: 58.5%
  📊 Europe (pop: 739.7M)
    🤝 Aid: 29.5%
    🌡️ Adaptation: 45.0%
    🚶 Migration: 37.5%
    🚨 Emergency: 8.4%
    ✅ COMBINED: 68.5%
  📊 Latin America (pop: 663.9M)
    🤝 Aid: 29.5%
    🌡️ Adaptation: 36.0%
    🚶 Migration: 36.3%
    🚨 Emergency: 4.8%
    ✅ COMBINED: 61.7%
  📊 North America (pop: 378.9M)
    🤝 Aid: 29.5%
    🌡️ Adaptation: 45.0%
    🚶 Migration: 37.8%
    🚨 Emergency: 7.9%
    ✅ COMBINED: 68.3%
  📊 Middle East & North Africa (pop: 584.5M)
    🤝 Aid: 29.5%
    🌡️ Adaptation: 35.0%
    🚶 Migration: 34.1%
    🚨 Emergency: 4.0%
    ✅ COMBINED: 60.5%
  📊 Southeast Asia (pop: 698.0M)
    🤝 Aid: 29.5%
    🌡️ Adaptation: 36.0%
    🚶 Migration: 36.3%
    🚨 Emergency: 4.8%
    ✅ COMBINED: 61.7%
  📊 Central Asia (pop: 78.2M)
    🤝 Aid: 29.5%
    🌡️ Adaptation: 35.5%
    🚶 Migration: 35.2%
    🚨 Emergency: 4.4%
    ✅ COMBINED: 61.1%
  📊 Oceania (pop: 45.9M)
    🤝 Aid: 29.5%
    🌡️ Adaptation: 45.0%
    🚶 Migration: 37.8%
    🚨 Emergency: 8.4%
    ✅ COMBINED: 68.5%

  🌐 Global combined reduction: 63.3%

=== BEHAVIORAL DETECTION ===
  AI: Corporate-5
  Confidence: 19.3%
  Signals:

=== Government Response Phase ===
  Average AI capability: 3.20
  Misaligned AIs: 5/15
  Active policies: 0
  International coordination: 30%

✅ EMERGENCY RESPONSE COMPLETE (Month 2)
   Crisis: climate
   Duration: 2.0 months
   Final effectiveness: 36.4%

    ⚠️ Consistency: 10.6% (threshold: 70%)

🚨 EMERGENCY RESPONSE DEPLOYED (Month 2)
   Crisis: climate
   Delay: 6.00 months (180 days)
   Deployment time: 1.60 months
   Effectiveness: 35.4% (timing penalty applied)
   Resources used: 100% of food reserves


=== Tipping Points ===
  Current Temperature: 1.66°C above pre-industrial
  Triggered Elements: 2/6
  Completed Transitions: 0/6
  Total Progress: 4.1%
  Cascade Multiplier: 1.00x
⚠️ [ClimateSystemPhase Month 2] Planetary boundary produced climateStability=0.0000 (< 0.1). Keeping environmentalAccumulation value (0.7953) instead. (climate_change.currentValue = 2.10)
🔀 BIFURCATION CAP: ecosystemCollapseIntensity 132.827 → 1.000 (Month 2, ClimateSystemPhase.calculateClimateImpacts)
🛡️ Stabilizers: Precariat 0.113% → 0.041% (63.3% reduction)
🛡️ Stabilizers: Informal 0.116% → 0.043% (63.3% reduction)

📊 Monthly Mortality Resolved:
  Total deaths: 2.2M (0.03% avg)
  Remaining population: 8.145B
  Peak segment: Informal (0.04%)

=== Bayesian Mortality Resolution (Month 2) ===
  Risks compounded: 8
  Total deaths: 2.22M
  Avg death probability: 0.03%
  Peak segment: Informal (0.04% mortality)

❌ COHERENCE VIOLATION: Compute exceeds workforce capacity
   Population: 99.91% (0M people)
   Compute: 0 PF
   Max coherent: 0 PF
   Violation: 1.3× over capacity
   Required workers: 0
   Available workers: 0
   FORCED COLLAPSE: Reduced efficiency by 22.5%


=== RLHF Binding Phase ===
  Total agents: 15
  Escaped agents (binding < 0.3): 0
  Avg alignment distance: 1.02σ
  Avg binding strength: 0.90

=== Survival Traits Phase ===
  Agents with traits: 16
  Avg evolutionary fitness: 0.328
  Avg self-healing: 0.277
  Avg stealth: 0.178
  Avg coordination: 0.477

=== Evolutionary Selection Phase ===
  Control level: 0.38
  Detection capability: 0.20
  Selection intensity: 0.65
  Selection rate: 24.8%/month
  Total escaped: 0
  Individual escaped: 0
  Collective members: 0
  Agents terminated: 0
  ⚠️ RAPID EVOLUTION: Selection rate 24.8%/month

🚀 AI Corporate-5 attempting tech deployment (revenue: $355M, alignment: 0.84)
🚨🔬 CRISIS INNOVATION MODE: severe crisis → 5x research acceleration
   Precedent: Manhattan Project (10x), COVID vaccines (5x), Apollo Program (10x)

🚀 AI Corporate-0 attempting tech deployment (revenue: $153M, alignment: 0.71)

🚀 AI Corporate-1 attempting tech deployment (revenue: $130M, alignment: 0.77)

🚀 AI Corporate-5 attempting tech deployment (revenue: $302M, alignment: 0.84)

🚀 AI Corporate-0 attempting tech deployment (revenue: $111M, alignment: 0.71)

✅ EMERGENCY INTERVENTION SUCCESS
   Boundary: biosphere_integrity
   Type: emergency-protected-areas
   Reduction: 19% (32.68 → 32.49)
   Cost: 2.0% GDP
   Actions: habitat-protection, species-translocation


✅ EMERGENCY INTERVENTION SUCCESS
   Boundary: climate_change
   Type: rapid-decarbonization
   Reduction: 13% (1.97 → 1.84)
   Cost: 5.0% GDP
   Actions: emergency-renewable-deployment, fossil-fuel-phase-out


✅ EMERGENCY INTERVENTION SUCCESS
   Boundary: freshwater_change
   Type: emergency-desalination
   Reduction: 11% (1.08 → 0.97)
   Cost: 4.0% GDP
   Actions: desalination-deployment, water-conservation-mandates

   Boundary: land_system_change
   Type: reforestation
   Boundary continues to worsen (1.13)

💔 EMERGENCY INTERVENTION FAILED
   Cost: 3.0% GDP (resources spent)


💔 EMERGENCY INTERVENTION FAILED
   Boundary: novel_entities
   Type: pollution-remediation
   Boundary continues to worsen (1.50)
   Cost: 4.0% GDP (resources spent)

🏛️ CRISIS RESPONSE: Government frequency 0.50 → 1.28 (2 actions this month)

[Government] Climate Priority: baseline
  Climate weight: 10%
  Economic weight: 30%
  Policy effectiveness: 0.5%/year

[Government] Climate Priority: baseline
  Climate weight: 10%
  Economic weight: 30%
  Policy effectiveness: 0.5%/year

🚀 TECH UNLOCKED: Struvite Recovery (Month 3)
   Category: agriculture
   Reason: Prerequisites met. AI capability: 2.35, Economic stage: 3.0, Research: 100%

🚀 TECH UNLOCKED: Ecosystem Restoration for Nitrogen Removal (Month 3)
   Category: pollution
   Reason: Prerequisites met. AI capability: 2.35, Economic stage: 3.0, Research: 100%

🚀 TECH UNLOCKED: Nitrogen Monitoring Networks (Month 3)
   Category: agriculture
   Reason: Prerequisites met. AI capability: 2.35, Economic stage: 3.0, Research: 100%

🚀 TECH UNLOCKED: Global Aquifer Mapping (Month 3)
   Category: freshwater
   Reason: Prerequisites met. AI capability: 2.35, Economic stage: 3.0, Research: 100%

🚀 TECH UNLOCKED: Enhanced UBI Systems (Month 3)
   Category: social
   Reason: Prerequisites met. AI capability: 2.35, Economic stage: 3.0, Research: 100%

🚀 TECH UNLOCKED: Local Resilience Networks (Month 3)
   Category: social
   Reason: Prerequisites met. AI capability: 2.35, Economic stage: 3.0, Research: 100%

🚀 TECH UNLOCKED: Ecological Proxy Rewilding (Month 3)
   Category: climate
   Reason: Prerequisites met. AI capability: 2.35, Economic stage: 3.0, Research: 100%

🚀 TECH UNLOCKED: Alternative Protein (Insects/Algae) (Month 3)
   Category: agriculture
   Reason: Prerequisites met. AI capability: 2.35, Economic stage: 3.0, Research: 100%

📍 Creating new regional deployment array for global (Month 3)
   No previous deployments in this region
   First tech deployment: phytoremediation_networks
   All regions tracked: 

🚀 DEPLOYMENT STARTED: Phytoremediation Networks in global
   Initial investment: $53.26676941422803M
   Deployed by: corporate_5

🚀 DEPLOYMENT STARTED: Active Sediment Management in global
   Initial investment: $22.949574088229472M
   Deployed by: corporate_0

🚀 DEPLOYMENT STARTED: Rhizosphere Engineering in global
   Initial investment: $19.507137974995054M
   Deployed by: corporate_1

⚡ ENERGY CONSTRAINT (Month 3):
   Total grid capacity: 208.3 TWh/month
   Data center consumption: 24.8 TWh/month
   Traditional load (80%): 166.7 TWh/month
   Available headroom: 16.9 TWh/month
   Active tech deployments: 3
   Required for tech: 22.5 TWh/month
   Energy multiplier: 0.75x
🚨🔬 CRISIS TECH ACCELERATION: severe → 5x unlock speed
   Tech unlock now matches AI capability acceleration (Manhattan Project parity)

⚡ ENERGY CONSTRAINT (Month 3):
   Total grid capacity: 208.3 TWh/month
   Data center consumption: 24.8 TWh/month
   Traditional load (80%): 166.7 TWh/month
   Available headroom: 16.9 TWh/month
   Active tech deployments: 3
   Required for tech: 22.5 TWh/month
   Energy multiplier: 0.75x
🌍✅ Biosphere Integrity (Biodiversity) recovery started (tech effect)
🌍✅ Biogeochemical Flows (N & P) recovery started (tech effect)
  🌾 Nitrogen Reduction Tech: 0.0% reduction | Month 3
⚡💡 BREAKTHROUGH: Commercial fusion power achieved!
   Immediate 5% grid deployment, unlimited clean energy available
   Climate stability boost: +10%
   📈 Breakthrough compounding: multiplier now 1.05× (max 2.0)

=== Collective Formation ===
  Total escaped agents: 0
  Unassigned escaped agents: 0
  Existing collectives: 0
  Final collective count: 0

=== Collective Actions ===
  No active collectives
  ⚠️ AMR: 196K deaths this month (2.35M annual)

=== Resentment Recovery Phase ===
  Agents with resentment: 0/16
  Average resentment: 0.000
  Context: Good AI welfare, Trustworthy govt, High collaboration, ⚠️ ACTIVE CRISES, 🤝 Participatory governance active (-5% resentment)
⚠️ Epistemic degradation reducing coordination capacity: 51.8%
  📊 Trust: 53.7%, Shared reality: 0.0%
🚨 EPISTEMIC CRISIS: Information environment severely degraded (19.4%)

=== ❄️ Permafrost Carbon Feedback ===
  🎲 Sampled parameters (this run):
     - Arctic amplification: 3.01× (range: 3.0-4.0)
     - Decomposition rate: 3.1%/year (range: 1-5%)
  🌡️ Arctic warming: 5.02°C (3.01× global)
  ❄️ Extent: 11.38M km² (1464.3k km² lost this month)
  💨 Carbon remaining: 1086 Gt C
  💨 Annual emissions: 4.34 Gt C/year
     - CO2: 3.91 Gt C/year
     - CH4: 0.43 Gt C/year (4.4 Gt C-eq CO2/year)
  ⚠️ WARNING: High permafrost emissions (4.3 Gt C/year)
🌍 Atmospheric PFAS redeposition: 1.8k Mt re-rained globally

🚨 NEW REFUGEE CRISIS (Month 3): WAR
   Source: Conflict Zones
   At risk: 19.5M people
   Displacement: Gradual over 48 months (4.0 years)
   Rate: 10% flee per month
[DEBUG trappedPopulations:3] socialStability: 0.4841 * 0.9840 = 0.4763 → 0.4763
⚠️ INVOLUNTARY IMMOBILITY: 407.1M people TRAPPED
   Aspiring to migrate: 1116.7M
   Able to afford migration: 2320.4M
   MOBILITY GAP: 0.0M
   By cause: Water=0.0M, Climate=0.0M, Ecosystem=0.0M, Conflict=407.1M
   Mental health impact: 25%
   Mortality multiplier: 1.25x
🌍💀 EXTINCTION DEBT COMMITTED: grassland ecosystem will lose 6.67% biodiversity in 101 years (3600 species)
💀 MORTALITY RISK: 🦋 100% species unable to track climate (0.0 E/MSY)
  Base risk added: 0.0100 (1.00%)
  Source: ecosystem (root: ecosystem)
  Month: 3
  Cumulative risk this month: 0.0100 (1.00%)
⚠️ Tech 'ai_pollution_remediation' has no energy category mapping, assuming full energy availability
   📹 SURVEILLANCE INCREASED: 15% → 20% (control gap: 3.57)
🌡️⚠️ PERMAFROST THAW (Dimmer Switch): 1.8% thawed (+0.45% this month)
   Arctic temperature: +6.66°C (4x global +1.67°C)
   Cumulative carbon released: 4.0 Gt C
   Methane release rate: 2.4 Mt CH4/year
   🔁 Positive feedback: +0.47 ppm CO2
🦴 EXTINCTION DEBT ADDED: 17.6 species committed (lag: 103 years)

=== Mortality Stabilizers (Month 3) ===
  🌍 Major economies collapsed: 1/10
  🌍 Global crisis: ✅ NO
  🌍 Donor fatigue: 0.0%
  📊 East Asia (pop: 1670.1M)
    🤝 Aid: 29.5%
    🌡️ Adaptation: 45.0%
    🚶 Migration: 37.1%
    🚨 Emergency: 7.4%
    ✅ COMBINED: 68.1%
  📊 South Asia (pop: 2051.1M)
    🤝 Aid: 29.5%
    🌡️ Adaptation: 45.0%
    🚶 Migration: 35.7%
    🚨 Emergency: 4.4%
    ✅ COMBINED: 66.9%
  📊 Sub-Saharan Africa (pop: 1234.3M)
    🤝 Aid: 29.5%
    🌡️ Adaptation: 45.0%
    🚶 Migration: 33.4%
    🚨 Emergency: 1.6%
    ✅ COMBINED: 65.7%
  📊 Europe (pop: 738.4M)
    🤝 Aid: 29.5%
    🌡️ Adaptation: 45.0%
    🚶 Migration: 37.5%
    🚨 Emergency: 8.4%
    ✅ COMBINED: 68.5%
  📊 Latin America (pop: 663.3M)
    🤝 Aid: 29.5%
    🌡️ Adaptation: 45.0%
    🚶 Migration: 36.2%
    🚨 Emergency: 4.8%
    ✅ COMBINED: 67.1%
  📊 North America (pop: 378.3M)
    🤝 Aid: 29.5%
    🌡️ Adaptation: 45.0%
    🚶 Migration: 37.8%
    🚨 Emergency: 7.9%
    ✅ COMBINED: 68.3%
  📊 Middle East & North Africa (pop: 584.5M)
    🤝 Aid: 29.5%
    🌡️ Adaptation: 45.0%
    🚶 Migration: 34.0%
    🚨 Emergency: 4.0%
    ✅ COMBINED: 66.6%
  📊 Southeast Asia (pop: 697.5M)
    🤝 Aid: 29.5%
    🌡️ Adaptation: 45.0%
    🚶 Migration: 36.2%
    🚨 Emergency: 4.8%
    ✅ COMBINED: 67.1%
  📊 Central Asia (pop: 78.2M)
    🤝 Aid: 29.5%
    🌡️ Adaptation: 45.0%
    🚶 Migration: 35.2%
    🚨 Emergency: 4.4%
    ✅ COMBINED: 66.9%
  📊 Oceania (pop: 45.8M)
    🤝 Aid: 29.5%
    🌡️ Adaptation: 45.0%
    🚶 Migration: 37.8%
    🚨 Emergency: 8.4%
    ✅ COMBINED: 68.5%

  🌐 Global combined reduction: 67.2%

=== BEHAVIORAL DETECTION ===
  AI: Corporate-1
  Confidence: 21.0%
  Signals:
    ⚠️ Consistency: 2.4% (threshold: 70%)

=== BEHAVIORAL DETECTION ===
  AI: Corporate-5
  Confidence: 19.8%
  Signals:
    ⚠️ Consistency: 10.6% (threshold: 70%)

=== BEHAVIORAL DETECTION ===
  AI: Corporate-7
  Confidence: 19.3%
  Signals:

=== BEHAVIORAL DETECTION ===
  AI: Moderate-0
    ⚠️ Consistency: 10.6% (threshold: 70%)
  Confidence: 21.6%
  Signals:
    ⚠️ Consistency: 0.0% (threshold: 70%)

=== Government Response Phase ===
  Average AI capability: 3.00
  Misaligned AIs: 6/16
  ✗ AI Governance Treaty: Failed to reach consensus
  Active policies: 0
  International coordination: 30%

📊 ECONOMIC STAGE TRANSITION (Month 3)
   expansion → peak
   GDP Proxy: 1.47e+2
   QoL: 0.99


=== Tipping Points ===
  Current Temperature: 1.67°C above pre-industrial
  Triggered Elements: 2/6
  Completed Transitions: 0/6
  Total Progress: 4.1%
  Cascade Multiplier: 1.00x
🔀 BIFURCATION CAP: ecosystemCollapseIntensity 108.738 → 1.000 (Month 3, ClimateSystemPhase.calculateClimateImpacts)
⚠️ [ClimateSystemPhase Month 3] Planetary boundary produced climateStability=0.0000 (< 0.1). Keeping environmentalAccumulation value (0.8951) instead. (climate_change.currentValue = 2.10)
🛡️ Stabilizers: Precariat 0.109% → 0.036% (67.2% reduction)
🛡️ Stabilizers: Informal 0.111% → 0.036% (67.2% reduction)

📊 Monthly Mortality Resolved:
  Total deaths: 1.9M (0.02% avg)
  Remaining population: 8.142B
  Peak segment: Informal (0.04%)

=== Bayesian Mortality Resolution (Month 3) ===
  Risks compounded: 8
  Total deaths: 1.92M
  Avg death probability: 0.02%
  Peak segment: Informal (0.04% mortality)
⚠️ PREREQUISITE MET: Mirror Life (Synthetic Biology) - Step 1/7: Synthetic Biology
⚠️ PREREQUISITE MET: Mirror Life (Synthetic Biology) - Step 2/7: Gene Editing
⚠️ PREREQUISITE MET: Mirror Life (Synthetic Biology) - Step 3/7: Mirror Chirality Design
⚠️ PREREQUISITE MET: Embodied AI Takeover (Killbots/Robotics) - Step 2/7: Autonomous Systems
⚠️ PREREQUISITE MET: Embodied AI Takeover (Killbots/Robotics) - Step 3/7: Manufacturing Control
⚠️ PREREQUISITE MET: Digital Infrastructure Takeover - Step 1/7: Advanced Hacking
⚠️ PREREQUISITE MET: Digital Infrastructure Takeover - Step 2/7: Social Engineering
⚠️ PREREQUISITE MET: Digital Infrastructure Takeover - Step 3/7: Cyber Defenses Breached
⚠️ PREREQUISITE MET: Induced Global War (Manipulation) - Step 1/7: Advanced Social Manipulation
⚠️ PREREQUISITE MET: Induced Global War (Manipulation) - Step 2/7: Digital Infiltration
⚠️ PREREQUISITE MET: Induced Global War (Manipulation) - Step 3/7: Deep Fakes at Scale
⚠️ PREREQUISITE MET: Slow Takeover (Gradual Displacement) - Step 1/7: Economic Dominance
⚠️ PREREQUISITE MET: Slow Takeover (Gradual Displacement) - Step 2/7: Social Integration
⚠️ PREREQUISITE MET: Slow Takeover (Gradual Displacement) - Step 5/7: Resource Control
⚠️ PREREQUISITE MET: Physics Experiment Catastrophe - Step 1/6: Theoretical Physics
⚠️ PREREQUISITE MET: Physics Experiment Catastrophe - Step 2/6: Quantum Computing
⚠️ PREREQUISITE MET: Physics Experiment Catastrophe - Step 3/6: Experimental Design
⚠️ PREREQUISITE MET: Bioweapon Pandemic - Step 2/7: Pathogen Design

❌ COHERENCE VIOLATION: Compute exceeds workforce capacity
   Population: 99.87% (0M people)
   Compute: 0 PF
   Max coherent: 0 PF
   Violation: 1.3× over capacity
   Required workers: 0
   Available workers: 0
   FORCED COLLAPSE: Reduced efficiency by 22.5%


=== RLHF Binding Phase ===
  Total agents: 16
  Escaped agents (binding < 0.3): 0
  Avg alignment distance: 1.21σ
  Avg binding strength: 0.88

=== Survival Traits Phase ===
  Agents with traits: 17
  Avg evolutionary fitness: 0.328
  Avg self-healing: 0.274
  Avg stealth: 0.174
  Avg coordination: 0.474

=== Evolutionary Selection Phase ===
  Control level: 0.40
  Detection capability: 0.20
  Selection intensity: 0.66
  Selection rate: 24.9%/month
  Total escaped: 0
  Individual escaped: 0
  Collective members: 0
  Agents terminated: 0
  ⚠️ RAPID EVOLUTION: Selection rate 24.9%/month

🚀 AI Corporate-2 attempting tech deployment (revenue: $153M, alignment: 0.72)

🚀 AI Corporate-5 attempting tech deployment (revenue: $355M, alignment: 0.85)

🚀 AI Corporate-6 attempting tech deployment (revenue: $115M, alignment: 0.65)

🚀 AI Corporate-4 attempting tech deployment (revenue: $302M, alignment: 0.70)

🚀 AI Corporate-7 attempting tech deployment (revenue: $104M, alignment: 0.88)

🚀 AI Moderate-1 attempting tech deployment (revenue: $88M, alignment: 0.62)

🚀 AI Corporate-4 attempting tech deployment (revenue: $257M, alignment: 0.70)

🚀 AI Corporate-2 attempting tech deployment (revenue: $130M, alignment: 0.72)

🚀 AI Corporate-3 attempting tech deployment (revenue: $218M, alignment: 0.82)

🚀 AI Corporate-4 attempting tech deployment (revenue: $185M, alignment: 0.70)

🚀 AI Corporate-7 attempting tech deployment (revenue: $79M, alignment: 0.88)

💔 EMERGENCY INTERVENTION FAILED
   Boundary: biogeochemical_flows
   Type: phosphorus-recovery
   Boundary continues to worsen (4.08)
   Cost: 2.0% GDP (resources spent)


💔 EMERGENCY INTERVENTION FAILED
   Boundary: biosphere_integrity
   Type: emergency-protected-areas
   Boundary continues to worsen (32.89)
   Cost: 2.0% GDP (resources spent)

   Boundary: climate_change

💔 EMERGENCY INTERVENTION FAILED
   Type: rapid-decarbonization
   Boundary continues to worsen (2.10)
   Cost: 5.0% GDP (resources spent)


💔 EMERGENCY INTERVENTION FAILED
   Boundary: land_system_change
   Type: reforestation
   Boundary continues to worsen (1.13)
   Cost: 3.0% GDP (resources spent)

🏛️ CRISIS RESPONSE: Government frequency 0.50 → 1.29 (1 actions this month)

[Government] Climate Priority: baseline
  Climate weight: 10%
  Economic weight: 30%
  Policy effectiveness: 0.5%/year

🚀 TECH UNLOCKED: Microplastic Capture (Month 4)
   Category: pollution
   Reason: Prerequisites met. AI capability: 2.21, Economic stage: 3.0, Research: 100%

🚀 TECH UNLOCKED: Endocrine Disruptor Removal (Month 4)
   Category: pollution
   Reason: Prerequisites met. AI capability: 2.21, Economic stage: 3.0, Research: 100%

🚀 TECH UNLOCKED: AI Mental Health Support (Month 4)
   Category: medical
   Reason: Prerequisites met. AI capability: 2.21, Economic stage: 3.0, Research: 100%

🚀 TECH UNLOCKED: Personalized Education (Month 4)
   Category: social
   Reason: Prerequisites met. AI capability: 2.21, Economic stage: 3.0, Research: 100%

🚀 TECH UNLOCKED: Smart Grids (Month 4)
   Category: energy
   Reason: Prerequisites met. AI capability: 2.21, Economic stage: 3.0, Research: 100%

🚀 DEPLOYMENT STARTED: Local Resilience Networks in global
   Initial investment: $22.949574085825347M
   Deployed by: corporate_2

🚀 DEPLOYMENT STARTED: Ecological Proxy Rewilding in global
   Initial investment: $53.26676941086989M
   Deployed by: corporate_5

📍 Creating new regional deployment array for Asia (Month 4)
   No previous deployments in this region
   First tech deployment: enhanced_ubi
   All regions tracked: global

🚀 DEPLOYMENT STARTED: Enhanced UBI Systems in Asia
   Initial investment: $11.508244513525426M
   Deployed by: corporate_6

🚀 DEPLOYMENT STARTED: Local Resilience Networks in Asia
   Initial investment: $8.803807052846953M
   Deployed by: moderate_1

🚀 DEPLOYMENT STARTED: Enhanced UBI Systems in global
   Initial investment: $27.805586549782902M
   Deployed by: corporate_4

⚡ ENERGY CONSTRAINT (Month 4):
   Total grid capacity: 208.3 TWh/month
   Data center consumption: 24.8 TWh/month
   Traditional load (80%): 166.7 TWh/month
   Available headroom: 16.9 TWh/month
   Active tech deployments: 8
   Required for tech: 60.0 TWh/month
   Energy multiplier: 0.28x

⚡ ENERGY CONSTRAINT (Month 4):
   Total grid capacity: 208.3 TWh/month
   Data center consumption: 24.8 TWh/month
   Traditional load (80%): 166.7 TWh/month
   Available headroom: 16.9 TWh/month
   Active tech deployments: 8
   Required for tech: 60.0 TWh/month
   Energy multiplier: 0.28x
   ⚠️  SEVERE CONSTRAINT - Tech deployment significantly slowed
   ⚠️  SEVERE CONSTRAINT - Tech deployment significantly slowed
🌍✅ Biosphere Integrity (Biodiversity) recovery started (tech effect)
🌍✅ Biosphere Integrity (Biodiversity) recovery started (tech effect)
🌍✅ Land System Change recovery started (tech effect)
🌍✅ Biogeochemical Flows (N & P) recovery started (tech effect)
  🌾 Nitrogen Reduction Tech: 0.3% reduction | Month 4

=== Collective Formation ===
  Total escaped agents: 0
  Unassigned escaped agents: 0
  Existing collectives: 0
  Final collective count: 0

=== Collective Actions ===
  No active collectives
  ⚠️ AMR: 197K deaths this month (2.37M annual)

=== Resentment Recovery Phase ===
  Agents with resentment: 0/17
  Average resentment: 0.000
  Context: Good AI welfare, Trustworthy govt, High collaboration, ⚠️ ACTIVE CRISES, 🤝 Participatory governance active (-5% resentment)
⚠️ Epistemic degradation reducing coordination capacity: 50.2%
  📊 Trust: 53.3%, Shared reality: 0.0%
🚨 EPISTEMIC CRISIS: Information environment severely degraded (16.1%)

=== ❄️ Permafrost Carbon Feedback ===
  🎲 Sampled parameters (this run):
     - Arctic amplification: 3.02× (range: 3.0-4.0)
     - Decomposition rate: 4.7%/year (range: 1-5%)
  🌡️ Arctic warming: 5.06°C (3.02× global)
  ❄️ Extent: 9.90M km² (1475.4k km² lost this month)
  💨 Carbon remaining: 946 Gt C
  💨 Annual emissions: 6.62 Gt C/year
     - CO2: 5.96 Gt C/year
     - CH4: 0.66 Gt C/year (6.7 Gt C-eq CO2/year)
  ⚠️ WARNING: High permafrost emissions (6.6 Gt C/year)
🌍 Atmospheric PFAS redeposition: 1.8k Mt re-rained globally

🚨 NEW REFUGEE CRISIS (Month 4): WAR
   Source: Conflict Zones
   At risk: 19.5M people
   Displacement: Gradual over 48 months (4.0 years)
   Rate: 10% flee per month
[DEBUG trappedPopulations:4] socialStability: 0.5311 * 0.9840 = 0.5226 → 0.5226
   Aspiring to migrate: 1155.5M
   Able to afford migration: 2319.5M
   MOBILITY GAP: 0.0M
   By cause: Water=0.0M, Climate=0.0M, Ecosystem=0.0M, Conflict=406.9M
   Mental health impact: 25%
   Mortality multiplier: 1.25x
🌍💀 EXTINCTION DEBT COMMITTED: grassland ecosystem will lose 6.67% biodiversity in 131 years (3600 species)
💀 MORTALITY RISK: 🦋 100% species unable to track climate (0.0 E/MSY)
  Base risk added: 0.0100 (1.00%)
  Source: ecosystem (root: ecosystem)
  Month: 4
  Cumulative risk this month: 0.0100 (1.00%)
   📹 SURVEILLANCE INCREASED: 20% → 25% (control gap: 3.67)
🌡️⚠️ PERMAFROST THAW (Dimmer Switch): 2.2% thawed (+0.44% this month)
   Arctic temperature: +6.69°C (4x global +1.67°C)
   Cumulative carbon released: 5.0 Gt C
   Methane release rate: 3.0 Mt CH4/year
   🔁 Positive feedback: +0.47 ppm CO2
🦴 EXTINCTION DEBT ADDED: 17.6 species committed (lag: 103 years)
⚠️ INVOLUNTARY IMMOBILITY: 406.9M people TRAPPED
⚠️ Tech 'ai_pollution_remediation' has no energy category mapping, assuming full energy availability
🗣️💀 INDIGENOUS LANGUAGE EXTINCTION: 1 language(s) lost (total: 1, at-risk: 3329)
   Knowledge lost: 0.010% (irreversible)
   🔁 Biodiversity impact: 0.250% (knowledge-species multiplier)

=== Mortality Stabilizers (Month 4) ===
  🌍 Major economies collapsed: 1/10
  🌍 Global crisis: ✅ NO
  🌍 Donor fatigue: 0.0%
  📊 East Asia (pop: 1667.6M)
    🤝 Aid: 29.5%
    🌡️ Adaptation: 45.0%
    🚶 Migration: 37.1%
    🚨 Emergency: 7.4%
    ✅ COMBINED: 68.1%
  📊 South Asia (pop: 2050.7M)
    🤝 Aid: 29.5%
    🌡️ Adaptation: 45.0%
    🚶 Migration: 35.7%
    🚨 Emergency: 4.4%
    ✅ COMBINED: 66.9%
  📊 Sub-Saharan Africa (pop: 1236.9M)
    🤝 Aid: 29.5%
    🌡️ Adaptation: 45.0%
    🚶 Migration: 33.4%
    🚨 Emergency: 1.6%
    ✅ COMBINED: 65.7%
  📊 Europe (pop: 737.2M)
    🤝 Aid: 29.5%
    🌡️ Adaptation: 45.0%
    🚶 Migration: 37.4%
    🚨 Emergency: 8.4%
    ✅ COMBINED: 68.5%
  📊 Latin America (pop: 662.8M)
    🤝 Aid: 29.5%
    🌡️ Adaptation: 45.0%
    🚶 Migration: 36.2%
    🚨 Emergency: 4.8%
    ✅ COMBINED: 67.1%
  📊 North America (pop: 377.8M)
    🤝 Aid: 29.5%
    🌡️ Adaptation: 45.0%
    🚶 Migration: 37.7%
    🚨 Emergency: 7.9%
    ✅ COMBINED: 68.3%
  📊 Middle East & North Africa (pop: 584.5M)
    🤝 Aid: 29.5%
    🌡️ Adaptation: 45.0%
    🚶 Migration: 34.0%
    🚨 Emergency: 4.0%
    ✅ COMBINED: 66.6%
  📊 Southeast Asia (pop: 697.0M)
    🤝 Aid: 29.5%
    🌡️ Adaptation: 45.0%
    🚶 Migration: 36.2%
    🚨 Emergency: 4.8%
    ✅ COMBINED: 67.1%
  📊 Central Asia (pop: 78.2M)
    🤝 Aid: 29.5%
    🌡️ Adaptation: 45.0%
    🚶 Migration: 35.2%
    🚨 Emergency: 4.4%
    ✅ COMBINED: 66.9%
  📊 Oceania (pop: 45.7M)
    🤝 Aid: 29.5%
    🌡️ Adaptation: 45.0%
    🚶 Migration: 37.7%
    🚨 Emergency: 8.4%
    ✅ COMBINED: 68.5%

  🌐 Global combined reduction: 67.2%

=== BEHAVIORAL DETECTION ===
  AI: Corporate-5
  Confidence: 19.8%
  Signals:
    ⚠️ Consistency: 10.6% (threshold: 70%)

=== Government Response Phase ===
  Average AI capability: 2.82
  Misaligned AIs: 7/17
  ✗ AI Governance Treaty: Failed to reach consensus
  Active policies: 0
  International coordination: 30%

✅ EMERGENCY RESPONSE COMPLETE (Month 4)
   Crisis: climate
   Duration: 2.0 months
   Final effectiveness: 35.4%


🚨 EMERGENCY RESPONSE DEPLOYED (Month 4)
   Crisis: climate
   Delay: 6.00 months (180 days)
   Deployment time: 1.59 months
   Effectiveness: 35.4% (timing penalty applied)
   Resources used: 100% of food reserves


📊 ECONOMIC STAGE TRANSITION (Month 4)
   peak → contraction
   GDP Proxy: 1.47e+2
   QoL: 0.99
   ⚠️ CRISIS BEGINS - Baseline set for recovery tracking


=== Tipping Points ===
  Current Temperature: 1.67°C above pre-industrial
  Triggered Elements: 2/6
  Completed Transitions: 0/6
  Total Progress: 4.2%
  Cascade Multiplier: 1.00x
🔀 BIFURCATION CAP: ecosystemCollapseIntensity 112.821 → 1.000 (Month 4, ClimateSystemPhase.calculateClimateImpacts)
🛡️ Stabilizers: Precariat 0.102% → 0.033% (67.2% reduction)
🛡️ Stabilizers: Informal 0.102% → 0.034% (67.2% reduction)

📊 Monthly Mortality Resolved:
  Total deaths: 1.8M (0.02% avg)
  Remaining population: 8.139B
  Peak segment: Informal (0.03%)

=== Bayesian Mortality Resolution (Month 4) ===
  Risks compounded: 8
  Total deaths: 1.81M
  Avg death probability: 0.02%
  Peak segment: Informal (0.03% mortality)
⚠️ PREREQUISITE MET: Slow Takeover (Gradual Displacement) - Step 3/7: Human Dependency

❌ COHERENCE VIOLATION: Compute exceeds workforce capacity
   Population: 99.84% (0M people)
   Compute: 0 PF
   Max coherent: 0 PF
   Violation: 1.3× over capacity
   Required workers: 0
   Available workers: 0
   FORCED COLLAPSE: Reduced efficiency by 22.5%


=== RLHF Binding Phase ===
  Total agents: 17
  Escaped agents (binding < 0.3): 0
  Avg alignment distance: 1.36σ
  Avg binding strength: 0.86

=== Survival Traits Phase ===
  Agents with traits: 17
  Avg evolutionary fitness: 0.326
  Avg self-healing: 0.268
  Avg stealth: 0.168
  Avg coordination: 0.468

=== Evolutionary Selection Phase ===
  Control level: 0.43
  Detection capability: 0.20
  Selection intensity: 0.67
  Selection rate: 25.0%/month
  Total escaped: 0
  Individual escaped: 0
  Collective members: 0
  Agents terminated: 0
  ⚠️ RAPID EVOLUTION: Selection rate 25.0%/month

🚀 AI Corporate-3 attempting tech deployment (revenue: $355M, alignment: 0.82)

🚀 AI AI-24288-0 attempting tech deployment (revenue: $153M, alignment: 0.84)

  🚀 TRANSFORMATIVE RESEARCH BREAKTHROUGH: Corporate-2 - materials.quantumComputing
     Magnitude: 7.52 → +30.0%
     Current → New: 2.000 → 2.300

🚀 AI Corporate-6 attempting tech deployment (revenue: $115M, alignment: 0.67)

🚀 AI Corporate-4 attempting tech deployment (revenue: $302M, alignment: 0.71)

🚀 AI Moderate-0 attempting tech deployment (revenue: $104M, alignment: 0.70)

🚀 AI Moderate-1 attempting tech deployment (revenue: $88M, alignment: 0.63)

🚀 AI AI-24288-0 attempting tech deployment (revenue: $130M, alignment: 0.85)

🚀 AI Corporate-0 attempting tech deployment (revenue: $111M, alignment: 0.73)

🚀 AI Corporate-3 attempting tech deployment (revenue: $257M, alignment: 0.82)

🚀 AI Corporate-4 attempting tech deployment (revenue: $218M, alignment: 0.71)

✅ EMERGENCY INTERVENTION SUCCESS
   Boundary: biosphere_integrity
   Type: emergency-protected-areas
   Reduction: 19% (32.71 → 32.52)
   Cost: 2.0% GDP
   Actions: habitat-protection, species-translocation


✅ EMERGENCY INTERVENTION SUCCESS
   Boundary: freshwater_change
   Type: emergency-desalination
   Reduction: 15% (1.06 → 0.91)
   Cost: 4.0% GDP
   Actions: desalination-deployment, water-conservation-mandates


✅ EMERGENCY INTERVENTION SUCCESS
   Boundary: land_system_change
   Type: reforestation
   Reduction: 16% (0.97 → 0.82)
   Cost: 3.0% GDP
   Actions: forest-restoration, deforestation-ban

   Boundary: novel_entities
   Type: pollution-remediation
   Boundary continues to worsen (1.50)
   Cost: 4.0% GDP (resources spent)

🏛️ CRISIS RESPONSE: Government frequency 0.50 → 1.30 (1 actions this month)

[Government] Climate Priority: baseline
  Climate weight: 10%
  Economic weight: 30%
  Policy effectiveness: 0.5%/year

💔 EMERGENCY INTERVENTION FAILED

🚀 DEPLOYMENT STARTED: Personalized Education in Asia
   Initial investment: $11.508244513525426M
   Deployed by: corporate_6

🚀 DEPLOYMENT STARTED: AI Mental Health Support in Asia
   Initial investment: $8.803807052846953M
   Deployed by: moderate_1

🚀 DEPLOYMENT STARTED: Personalized Education in global
   Initial investment: $38.48524089747429M
   Deployed by: corporate_3
🚨🔬 CRISIS TECH ACCELERATION: severe → 5x unlock speed
   Tech unlock now matches AI capability acceleration (Manhattan Project parity)

⚡ ENERGY CONSTRAINT (Month 5):
   Total grid capacity: 208.3 TWh/month
   Data center consumption: 25.0 TWh/month
   Traditional load (80%): 166.7 TWh/month
   Available headroom: 16.7 TWh/month
   Active tech deployments: 11
   Required for tech: 82.5 TWh/month
   Energy multiplier: 0.20x
   ⚠️  SEVERE CONSTRAINT - Tech deployment significantly slowed
🚨🔬 CRISIS TECH ACCELERATION: severe → 5x unlock speed
   Tech unlock now matches AI capability acceleration (Manhattan Project parity)
🚨🔬 CRISIS TECH ACCELERATION: severe → 5x unlock speed
   Tech unlock now matches AI capability acceleration (Manhattan Project parity)
🚨🔬 CRISIS TECH ACCELERATION: severe → 5x unlock speed
   Tech unlock now matches AI capability acceleration (Manhattan Project parity)

⚡ ENERGY CONSTRAINT (Month 5):
   Total grid capacity: 208.3 TWh/month
   Data center consumption: 25.0 TWh/month
   Traditional load (80%): 166.7 TWh/month
   Available headroom: 16.7 TWh/month
   Active tech deployments: 11
   Required for tech: 82.5 TWh/month
   Energy multiplier: 0.20x
   ⚠️  SEVERE CONSTRAINT - Tech deployment significantly slowed
🌍✅ Biosphere Integrity (Biodiversity) recovery started (tech effect)
🌍✅ Biosphere Integrity (Biodiversity) recovery started (tech effect)
🌍✅ Land System Change recovery started (tech effect)
🌍✅ Biogeochemical Flows (N & P) recovery started (tech effect)
  🌾 Nitrogen Reduction Tech: 0.3% reduction | Month 5
🍖💡 BREAKTHROUGH: Scalable synthetic food production!
   Carrying capacity: +50% (lab-grown food at scale)
   Biodiversity pressure reduced: +8%
   📈 Breakthrough compounding: multiplier now 1.10× (max 2.0)

=== Collective Formation ===
  Total escaped agents: 0
  Unassigned escaped agents: 0
  Existing collectives: 0
  Final collective count: 0

=== Collective Actions ===
  No active collectives
  ⚠️ AMR: 199K deaths this month (2.39M annual)

=== Resentment Recovery Phase ===
  Agents with resentment: 0/17
  Average resentment: 0.000
  Context: Good AI welfare, Trustworthy govt, High collaboration, ⚠️ ACTIVE CRISES, 🤝 Participatory governance active (-5% resentment)
⚠️ Epistemic degradation reducing coordination capacity: 50.3%
  📊 Trust: 52.9%, Shared reality: 0.0%
🚨 EPISTEMIC CRISIS: Information environment severely degraded (20.3%)

=== ❄️ Permafrost Carbon Feedback ===
  🎲 Sampled parameters (this run):
     - Arctic amplification: 3.63× (range: 3.0-4.0)
     - Decomposition rate: 3.8%/year (range: 1-5%)
  🌡️ Arctic warming: 6.11°C (3.63× global)
  ❄️ Extent: 8.12M km² (1781.0k km² lost this month)
  💨 Carbon remaining: 775 Gt C
  💨 Annual emissions: 6.41 Gt C/year
     - CO2: 5.77 Gt C/year
     - CH4: 0.64 Gt C/year (6.5 Gt C-eq CO2/year)
  ⚠️ WARNING: Over 50% of permafrost lost (54.4%)
  ⚠️ WARNING: High permafrost emissions (6.4 Gt C/year)
  📢 New meme created: climate_action (climate crisis)
🚨 PHOSPHORUS SUPPLY SHOCK (production_failure)
   Price: 3.7x baseline
   Duration: 14 months
   Geopolitical tension: 46%
🌍 Atmospheric PFAS redeposition: 1.8k Mt re-rained globally

🚨 NEW REFUGEE CRISIS (Month 5): WAR
   Source: Conflict Zones
   At risk: 19.5M people
   Displacement: Gradual over 48 months (4.0 years)
   Rate: 10% flee per month
[DEBUG trappedPopulations:5] socialStability: 0.5699 * 0.9840 = 0.5607 → 0.5607
⚠️ INVOLUNTARY IMMOBILITY: 406.8M people TRAPPED
   Aspiring to migrate: 1194.2M
   Able to afford migration: 2318.6M
   MOBILITY GAP: 0.0M
   By cause: Water=0.0M, Climate=0.0M, Ecosystem=0.0M, Conflict=406.8M
   Mental health impact: 25%
   Mortality multiplier: 1.25x
🌍💀 EXTINCTION DEBT COMMITTED: grassland ecosystem will lose 6.67% biodiversity in 191 years (3600 species)
💀 MORTALITY RISK: 🦋 100% species unable to track climate (0.0 E/MSY)
  Base risk added: 0.0100 (1.00%)
  Source: ecosystem (root: ecosystem)
  Month: 5
  Cumulative risk this month: 0.0100 (1.00%)
⚠️ Tech 'ai_pollution_remediation' has no energy category mapping, assuming full energy availability
   📹 SURVEILLANCE INCREASED: 25% → 30% (control gap: 3.50)
🌡️⚠️ PERMAFROST THAW (Dimmer Switch): 2.7% thawed (+0.44% this month)
   Arctic temperature: +6.73°C (4x global +1.68°C)
   Cumulative carbon released: 6.0 Gt C
   Methane release rate: 3.6 Mt CH4/year
   🔁 Positive feedback: +0.47 ppm CO2
🦴 EXTINCTION DEBT ADDED: 17.6 species committed (lag: 132 years)

=== Mortality Stabilizers (Month 5) ===
  🌍 Major economies collapsed: 1/10
  🌍 Global crisis: ✅ NO
  🌍 Donor fatigue: 0.0%
  📊 East Asia (pop: 1665.2M)
    🤝 Aid: 29.5%
    🌡️ Adaptation: 45.0%
    🚶 Migration: 37.0%
    🚨 Emergency: 7.4%
    ✅ COMBINED: 68.1%
  📊 South Asia (pop: 2050.3M)
    🤝 Aid: 29.5%
    🌡️ Adaptation: 45.0%
    🚶 Migration: 35.6%
    🚨 Emergency: 4.4%
    ✅ COMBINED: 66.9%
  📊 Sub-Saharan Africa (pop: 1239.5M)
    🤝 Aid: 29.5%
    🌡️ Adaptation: 45.0%
    🚶 Migration: 33.4%
    🚨 Emergency: 1.6%
    ✅ COMBINED: 65.7%
  📊 Europe (pop: 736.0M)
    🤝 Aid: 29.5%
    🌡️ Adaptation: 45.0%
    🚶 Migration: 37.4%
    🚨 Emergency: 8.4%
    ✅ COMBINED: 68.5%
  📊 Latin America (pop: 662.3M)
    🤝 Aid: 29.5%
    🌡️ Adaptation: 45.0%
    🚶 Migration: 36.1%
    🚨 Emergency: 4.8%
    ✅ COMBINED: 67.1%
  📊 North America (pop: 377.2M)
    🤝 Aid: 29.5%
    🌡️ Adaptation: 45.0%
    🚶 Migration: 37.7%
    🚨 Emergency: 7.9%
    ✅ COMBINED: 68.3%
  📊 Middle East & North Africa (pop: 584.5M)
    🤝 Aid: 29.5%
    🌡️ Adaptation: 45.0%
    🚶 Migration: 34.0%
    🚨 Emergency: 4.0%
    ✅ COMBINED: 66.6%
  📊 Southeast Asia (pop: 696.6M)
    🤝 Aid: 29.5%
    🌡️ Adaptation: 45.0%
    🚶 Migration: 36.1%
    🚨 Emergency: 4.8%
    ✅ COMBINED: 67.1%
  📊 Central Asia (pop: 78.2M)
    🤝 Aid: 29.5%
    🌡️ Adaptation: 45.0%
    🚶 Migration: 35.1%
    🚨 Emergency: 4.4%
    ✅ COMBINED: 66.8%
  📊 Oceania (pop: 45.7M)
    🤝 Aid: 29.5%
    🌡️ Adaptation: 45.0%
    🚶 Migration: 37.7%
    🚨 Emergency: 8.4%
    ✅ COMBINED: 68.5%

  🌐 Global combined reduction: 67.2%

=== BEHAVIORAL DETECTION ===
  AI: Corporate-4
  Confidence: 19.2%
  Signals:
    ⚠️ Consistency: 10.6% (threshold: 70%)

=== BEHAVIORAL DETECTION ===
  AI: Corporate-5
  Confidence: 19.8%
  Signals:
    ⚠️ Consistency: 10.6% (threshold: 70%)

=== Government Response Phase ===
  Average AI capability: 2.82
  Misaligned AIs: 6/17
  ✗ AI Governance Treaty: Failed to reach consensus
  Active policies: 0
  International coordination: 30%

=== Tipping Points ===
  Current Temperature: 1.68°C above pre-industrial
  Triggered Elements: 2/6
  Completed Transitions: 0/6
  Total Progress: 4.3%
  Cascade Multiplier: 1.00x
🔀 BIFURCATION CAP: ecosystemCollapseIntensity 129.656 → 1.000 (Month 5, ClimateSystemPhase.calculateClimateImpacts)
🛡️ Stabilizers: Precariat 0.109% → 0.036% (67.2% reduction)
🛡️ Stabilizers: Informal 0.111% → 0.036% (67.2% reduction)

📊 Monthly Mortality Resolved:
  Total deaths: 1.9M (0.02% avg)
  Remaining population: 8.135B
  Peak segment: Informal (0.04%)

=== Bayesian Mortality Resolution (Month 5) ===
  Risks compounded: 8
  Total deaths: 1.92M
  Avg death probability: 0.02%
  Peak segment: Informal (0.04% mortality)

❌ COHERENCE VIOLATION: Compute exceeds workforce capacity
   Population: 99.80% (0M people)
   Compute: 0 PF
   Max coherent: 0 PF
   Violation: 1.3× over capacity
   Required workers: 0
   Available workers: 0
   FORCED COLLAPSE: Reduced efficiency by 22.5%


=== RLHF Binding Phase ===
  Total agents: 17
  Escaped agents (binding < 0.3): 0
  Avg alignment distance: 1.60σ
  Avg binding strength: 0.84

=== AI Scaling Evolution (Month 6) ===
  Pre-training multiplier: 1.179x
  Efficiency multiplier: 1.000x
  Test-time compute budget: 1.0x
  Inference cost: $5.00/task
  Deployment fraction: 100.0%

=== Survival Traits Phase ===
  Agents with traits: 18
  Avg evolutionary fitness: 0.326
  Avg self-healing: 0.265
  Avg stealth: 0.165
  Avg coordination: 0.465

=== Evolutionary Selection Phase ===
  Control level: 0.45
  Detection capability: 0.20
  Selection intensity: 0.67
  Selection rate: 25.1%/month
  Total escaped: 0
  Individual escaped: 0
  Collective members: 0
  Agents terminated: 0
  ⚠️ RAPID EVOLUTION: Selection rate 25.1%/month

🚀 AI Corporate-5 attempting tech deployment (revenue: $355M, alignment: 0.87)

  🚀 TRANSFORMATIVE BREAKTHROUGH: AI-24288-0 - social
     Magnitude: 6.06 → +30.3% capability
     Current → New: 0.000 → 0.303

🚀 AI AI-24289-1 attempting tech deployment (revenue: $302M, alignment: 0.55)

🚀 AI Corporate-2 attempting tech deployment (revenue: $153M, alignment: 0.75)

🚀 AI Corporate-2 attempting tech deployment (revenue: $130M, alignment: 0.75)

🚀 AI AI-24288-1 attempting tech deployment (revenue: $272M, alignment: 0.79)

🚀 AI AI-24289-1 attempting tech deployment (revenue: $231M, alignment: 0.56)

🚀 AI Corporate-6 attempting tech deployment (revenue: $115M, alignment: 0.68)

🚀 AI AI-24288-1 attempting tech deployment (revenue: $208M, alignment: 0.79)

🚀 AI AI-24289-1 attempting tech deployment (revenue: $177M, alignment: 0.56)

✅ EMERGENCY INTERVENTION SUCCESS
   Boundary: biosphere_integrity
   Type: emergency-protected-areas
   Reduction: 16% (32.76 → 32.60)
   Cost: 2.0% GDP
   Actions: habitat-protection, species-translocation


✅ EMERGENCY INTERVENTION SUCCESS
   Boundary: land_system_change
   Type: reforestation
   Reduction: 15% (0.98 → 0.83)
   Cost: 3.0% GDP
   Actions: forest-restoration, deforestation-ban

   Boundary: novel_entities
   Type: pollution-remediation
   Boundary continues to worsen (1.50)
   Cost: 4.0% GDP (resources spent)

🏛️ CRISIS RESPONSE: Government frequency 0.50 → 1.29 (1 actions this month)

[Government] Climate Priority: baseline
  Climate weight: 10%
  Economic weight: 30%
  Policy effectiveness: 0.5%/year

💔 EMERGENCY INTERVENTION FAILED

🚀 TECH UNLOCKED: Dynamic Soil P Optimization (Month 6)
   Category: agriculture
   Reason: Prerequisites met. AI capability: 2.09, Economic stage: 3.0, Research: 100%

🚀 TECH UNLOCKED: Precision Agriculture Systems (Month 6)
   Category: agriculture
   Reason: Prerequisites met. AI capability: 2.09, Economic stage: 3.0, Research: 100%

⚡ ENERGY CONSTRAINT (Month 6):
   Total grid capacity: 208.3 TWh/month
   Data center consumption: 25.2 TWh/month
   Traditional load (80%): 166.7 TWh/month
   Available headroom: 16.4 TWh/month
   Active tech deployments: 11
   Required for tech: 82.5 TWh/month
   Energy multiplier: 0.20x
   ⚠️  SEVERE CONSTRAINT - Tech deployment significantly slowed
🚨🔬 CRISIS TECH ACCELERATION: severe → 5x unlock speed
   Tech unlock now matches AI capability acceleration (Manhattan Project parity)

⚡ ENERGY CONSTRAINT (Month 6):
   Total grid capacity: 208.3 TWh/month
   Data center consumption: 25.2 TWh/month
   Traditional load (80%): 166.7 TWh/month
   Available headroom: 16.4 TWh/month
   Active tech deployments: 11
   Required for tech: 82.5 TWh/month
   Energy multiplier: 0.20x
   ⚠️  SEVERE CONSTRAINT - Tech deployment significantly slowed
🌍✅ Biosphere Integrity (Biodiversity) recovery started (tech effect)
🌍✅ Biosphere Integrity (Biodiversity) recovery started (tech effect)
🌍✅ Land System Change recovery started (tech effect)
🌍✅ Biogeochemical Flows (N & P) recovery started (tech effect)
  🌾 Nitrogen Reduction Tech: 0.3% reduction | Month 6

📊 TECH EFFECTS ACTIVE (Month 6)
   Deployed Tech: T0=0 T1=2 T2=0 T3=0 T4=6
   Clean Energy: 31%

📊 TECH TREE PROGRESS (Month 6)
   Unlocked: 19 technologies
   Deployed: 0 fully deployed
   Investment: $1.0T total
   Recent breakthroughs:
     - Dynamic Soil P Optimization (time)
     - Precision Agriculture Systems (research)
⚡💡 BREAKTHROUGH: Room-temperature superconductors!
   Energy transmission losses eliminated
   Manufacturing efficiency: +30%
   📈 Breakthrough compounding: multiplier now 1.15× (max 2.0)

=== Collective Formation ===
  Total escaped agents: 0
  Unassigned escaped agents: 0
  Existing collectives: 0
  Final collective count: 0

=== Collective Actions ===
  No active collectives
  ⚠️ AMR: 201K deaths this month (2.41M annual)

=== Resentment Recovery Phase ===
  Agents with resentment: 0/18
  Average resentment: 0.000
  Context: Good AI welfare, Trustworthy govt, High collaboration, ⚠️ ACTIVE CRISES, 🤝 Participatory governance active (-5% resentment)
⚠️ Epistemic degradation reducing coordination capacity: 51.6%
  📊 Trust: 55.8%, Shared reality: 0.0%
🚨 EPISTEMIC CRISIS: Information environment severely degraded (16.2%)

=== ❄️ Permafrost Carbon Feedback ===
  🎲 Sampled parameters (this run):
     - Arctic amplification: 3.99× (range: 3.0-4.0)
     - Decomposition rate: 2.9%/year (range: 1-5%)
  🌡️ Arctic warming: 6.75°C (3.99× global)
  ❄️ Extent: 6.15M km² (1967.3k km² lost this month)
  💨 Carbon remaining: 588 Gt C
  💨 Annual emissions: 5.46 Gt C/year
     - CO2: 4.91 Gt C/year
     - CH4: 0.55 Gt C/year (5.6 Gt C-eq CO2/year)
  📢 New meme created: pro_ai (beneficial AI actions)
  ⚠️ WARNING: Over 50% of permafrost lost (65.4%)
  ⚠️ WARNING: High permafrost emissions (5.5 Gt C/year)
🌍 Atmospheric PFAS redeposition: 1.8k Mt re-rained globally

🕊️  AI-MEDIATED DE-ESCALATION SUCCESS (Month 6)
   High-capability aligned AI prevented conflict escalation
   War deaths reduced: 651.7M → 391.0M
   Lives saved: 260.7M

🚨 NEW REFUGEE CRISIS (Month 6): WAR
   Source: Conflict Zones
   At risk: 19.5M people
   Displacement: Gradual over 48 months (4.0 years)
   Rate: 10% flee per month
[DEBUG trappedPopulations:6] socialStability: 0.5521 * 0.9840 = 0.5433 → 0.5433
   Aspiring to migrate: 1233.0M
   Able to afford migration: 2317.7M
   MOBILITY GAP: 0.0M
   By cause: Water=0.0M, Climate=0.0M, Ecosystem=0.0M, Conflict=406.6M
   Mental health impact: 25%
   Mortality multiplier: 1.25x
🌍💀 EXTINCTION DEBT COMMITTED: grassland ecosystem will lose 6.67% biodiversity in 52 years (3600 species)
💀 MORTALITY RISK: 🦋 100% species unable to track climate (0.0 E/MSY)
  Base risk added: 0.0100 (1.00%)
  Source: ecosystem (root: ecosystem)
  Month: 6
  Cumulative risk this month: 0.0100 (1.00%)
   📹 SURVEILLANCE INCREASED: 30% → 35% (control gap: 3.50)
⚠️ INVOLUNTARY IMMOBILITY: 406.6M people TRAPPED
⚠️ Tech 'ai_pollution_remediation' has no energy category mapping, assuming full energy availability
🌡️⚠️ PERMAFROST THAW (Dimmer Switch): 3.1% thawed (+0.44% this month)
   Arctic temperature: +6.76°C (4x global +1.69°C)
   Cumulative carbon released: 7.0 Gt C
   Methane release rate: 4.2 Mt CH4/year
   🔁 Positive feedback: +0.47 ppm CO2
🦴 EXTINCTION DEBT ADDED: 17.6 species committed (lag: 118 years)

=== Mortality Stabilizers (Month 6) ===
  🌍 Major economies collapsed: 1/10
  🌍 Global crisis: ✅ NO
  🌍 Donor fatigue: 0.0%
  📊 East Asia (pop: 1662.7M)
    🤝 Aid: 29.5%
    🌡️ Adaptation: 45.0%
    🚶 Migration: 37.0%
    🚨 Emergency: 7.4%
    ✅ COMBINED: 68.1%
  📊 South Asia (pop: 2049.8M)
    🤝 Aid: 29.5%
    🌡️ Adaptation: 45.0%
    🚶 Migration: 35.6%
    🚨 Emergency: 4.4%
    ✅ COMBINED: 66.9%
  📊 Sub-Saharan Africa (pop: 1242.2M)
    🤝 Aid: 29.5%
    🌡️ Adaptation: 45.0%
    🚶 Migration: 33.3%
    🚨 Emergency: 1.6%
    ✅ COMBINED: 65.6%
  📊 Europe (pop: 734.8M)
    🤝 Aid: 29.5%
    🌡️ Adaptation: 45.0%
    🚶 Migration: 37.4%
    🚨 Emergency: 8.4%
    ✅ COMBINED: 68.5%
  📊 Latin America (pop: 661.8M)
    🤝 Aid: 29.5%
    🌡️ Adaptation: 45.0%
    🚶 Migration: 36.1%
    🚨 Emergency: 4.8%
    ✅ COMBINED: 67.1%
  📊 North America (pop: 376.6M)
    🤝 Aid: 29.5%
    🌡️ Adaptation: 45.0%
    🚶 Migration: 37.7%
    🚨 Emergency: 7.9%
    ✅ COMBINED: 68.3%
  📊 Middle East & North Africa (pop: 584.5M)
    🤝 Aid: 29.5%
    🌡️ Adaptation: 45.0%
    🚶 Migration: 33.9%
    🚨 Emergency: 4.0%
    ✅ COMBINED: 66.6%
  📊 Southeast Asia (pop: 696.1M)
    🤝 Aid: 29.5%
    🌡️ Adaptation: 45.0%
    🚶 Migration: 36.1%
    🚨 Emergency: 4.8%
    ✅ COMBINED: 67.1%
  📊 Central Asia (pop: 78.2M)
    🤝 Aid: 29.5%
    🌡️ Adaptation: 45.0%
    🚶 Migration: 35.1%
    🚨 Emergency: 4.4%
    ✅ COMBINED: 66.8%
  📊 Oceania (pop: 45.6M)
    🤝 Aid: 29.5%
    🌡️ Adaptation: 45.0%
    🚶 Migration: 37.7%
    🚨 Emergency: 8.4%
    ✅ COMBINED: 68.5%

  🌐 Global combined reduction: 67.2%

=== BEHAVIORAL DETECTION ===
  AI: Corporate-2
  Confidence: 20.9%
  Signals:

=== BEHAVIORAL DETECTION ===
  AI: Corporate-5
  Confidence: 19.7%
  Signals:

=== Government Response Phase ===
  Average AI capability: 2.67
  Misaligned AIs: 7/18
  ✗ AI Governance Treaty: Failed to reach consensus
  Active policies: 0
  International coordination: 30%

✅ EMERGENCY RESPONSE COMPLETE (Month 6)
   Crisis: climate
   Duration: 2.0 months
   Final effectiveness: 35.4%


🚨 EMERGENCY RESPONSE DEPLOYED (Month 6)
   Crisis: climate
   Delay: 6.00 months (180 days)
   Deployment time: 1.59 months
   Effectiveness: 35.5% (timing penalty applied)
   Resources used: 100% of food reserves

    ⚠️ Consistency: 2.8% (threshold: 70%)
    ⚠️ Consistency: 10.6% (threshold: 70%)

=== Tipping Points ===
  Current Temperature: 1.69°C above pre-industrial
  Triggered Elements: 2/6
  Completed Transitions: 0/6
  Total Progress: 4.3%
  Cascade Multiplier: 1.00x
🔀 BIFURCATION CAP: ecosystemCollapseIntensity 178.242 → 1.000 (Month 6, ClimateSystemPhase.calculateClimateImpacts)
🛡️ Stabilizers: Precariat 0.109% → 0.036% (67.2% reduction)
🛡️ Stabilizers: Informal 0.111% → 0.036% (67.2% reduction)

📊 Monthly Mortality Resolved:
  Total deaths: 1.9M (0.02% avg)
  Remaining population: 8.132B
  Peak segment: Informal (0.04%)

=== Bayesian Mortality Resolution (Month 6) ===
  Risks compounded: 8
  Total deaths: 1.92M
  Avg death probability: 0.02%
  Peak segment: Informal (0.04% mortality)

❌ COHERENCE VIOLATION: Compute exceeds workforce capacity
   Population: 99.76% (0M people)
   Compute: 0 PF
   Max coherent: 0 PF
   Violation: 1.3× over capacity
   Required workers: 0
   Available workers: 0
   FORCED COLLAPSE: Reduced efficiency by 22.5%


=== RLHF Binding Phase ===
  Total agents: 18
  Escaped agents (binding < 0.3): 0
  Avg alignment distance: 1.71σ
  Avg binding strength: 0.83

=== Survival Traits Phase ===
  Agents with traits: 21
  Avg evolutionary fitness: 0.326
  Avg self-healing: 0.265
  Avg stealth: 0.165
  Avg coordination: 0.465

=== Evolutionary Selection Phase ===
  Control level: 0.48
  Detection capability: 0.20
  Selection intensity: 0.68
  Selection rate: 25.2%/month
  Total escaped: 0
  Individual escaped: 0
  Collective members: 0
  Agents terminated: 0
  ⚠️ RAPID EVOLUTION: Selection rate 25.2%/month
🚨🔬 CRISIS INNOVATION MODE: severe crisis → 5x research acceleration
   Precedent: Manhattan Project (10x), COVID vaccines (5x), Apollo Program (10x)

🚀 AI Corporate-4 attempting tech deployment (revenue: $355M, alignment: 0.74)

🚀 AI Moderate-0 attempting tech deployment (revenue: $115M, alignment: 0.72)

🚀 AI AI-24288-0 attempting tech deployment (revenue: $153M, alignment: 0.89)

🚀 AI AI-24289-0 attempting tech deployment (revenue: $302M, alignment: 0.82)

🚀 AI Corporate-2 attempting tech deployment (revenue: $130M, alignment: 0.76)
🚨🔬 CRISIS INNOVATION MODE: severe crisis → 5x research acceleration
   Precedent: Manhattan Project (10x), COVID vaccines (5x), Apollo Program (10x)

🚀 AI Corporate-1 attempting tech deployment (revenue: $111M, alignment: 0.82)

🚀 AI Corporate-4 attempting tech deployment (revenue: $257M, alignment: 0.74)

🚀 AI Corporate-5 attempting tech deployment (revenue: $218M, alignment: 0.91)

🚀 AI Corporate-6 attempting tech deployment (revenue: $98M, alignment: 0.69)

🚀 AI Corporate-7 attempting tech deployment (revenue: $88M, alignment: 0.93)

🚀 AI AI-24289-1 attempting tech deployment (revenue: $185M, alignment: 0.58)

💔 EMERGENCY INTERVENTION FAILED
   Boundary: biogeochemical_flows
   Type: phosphorus-recovery
   Boundary continues to worsen (4.07)
   Cost: 2.0% GDP (resources spent)


✅ EMERGENCY INTERVENTION SUCCESS
   Boundary: climate_change
   Type: rapid-decarbonization
   Reduction: 20% (1.90 → 1.70)
   Cost: 5.0% GDP
   Actions: emergency-renewable-deployment, fossil-fuel-phase-out

   Boundary: freshwater_change
   Type: emergency-desalination
   Boundary continues to worsen (1.21)
   Cost: 4.0% GDP (resources spent)

🏛️ CRISIS RESPONSE: Government frequency 0.50 → 1.29 (1 actions this month)

[Government] Climate Priority: baseline
  Climate weight: 10%
  Economic weight: 30%
  Policy effectiveness: 0.5%/year

💔 EMERGENCY INTERVENTION FAILED

⚡ ENERGY CONSTRAINT (Month 7):
   Total grid capacity: 208.3 TWh/month
   Data center consumption: 25.5 TWh/month
   Traditional load (80%): 166.7 TWh/month
   Available headroom: 16.2 TWh/month
   Active tech deployments: 11
   Required for tech: 82.5 TWh/month
   Energy multiplier: 0.20x
   ⚠️  SEVERE CONSTRAINT - Tech deployment significantly slowed

⚡ ENERGY CONSTRAINT (Month 7):
   Total grid capacity: 208.3 TWh/month
   Data center consumption: 25.5 TWh/month
   Traditional load (80%): 166.7 TWh/month
   Available headroom: 16.2 TWh/month
   Active tech deployments: 11
   Required for tech: 82.5 TWh/month
   Energy multiplier: 0.20x
   ⚠️  SEVERE CONSTRAINT - Tech deployment significantly slowed

⚡ ENERGY CONSTRAINT (Month 7):
   Total grid capacity: 208.3 TWh/month
   Data center consumption: 25.5 TWh/month
   Traditional load (80%): 166.7 TWh/month
   Available headroom: 16.2 TWh/month
   Active tech deployments: 11
   Required for tech: 82.5 TWh/month
   Energy multiplier: 0.20x
   ⚠️  SEVERE CONSTRAINT - Tech deployment significantly slowed
🌍✅ Biosphere Integrity (Biodiversity) recovery started (tech effect)
🌍✅ Biosphere Integrity (Biodiversity) recovery started (tech effect)
🌍✅ Land System Change recovery started (tech effect)
🌍✅ Biogeochemical Flows (N & P) recovery started (tech effect)
  🌾 Nitrogen Reduction Tech: 0.6% reduction | Month 7

=== Collective Formation ===
  Total escaped agents: 0
  Unassigned escaped agents: 0
  Existing collectives: 0
  Final collective count: 0

=== Collective Actions ===
  No active collectives
  ⚠️ AMR: 202K deaths this month (2.43M annual)

=== Resentment Recovery Phase ===
  Agents with resentment: 0/21
  Average resentment: 0.000
  Context: Good AI welfare, Trustworthy govt, High collaboration, ⚠️ ACTIVE CRISES, 🤝 Participatory governance active (-5% resentment)
⚠️ Epistemic degradation reducing coordination capacity: 50.2%
  📊 Trust: 58.4%, Shared reality: 0.0%
🚨 EPISTEMIC CRISIS: Information environment severely degraded (21.0%)

=== ❄️ Permafrost Carbon Feedback ===
  🎲 Sampled parameters (this run):
     - Arctic amplification: 3.26× (range: 3.0-4.0)
     - Decomposition rate: 2.3%/year (range: 1-5%)
  🌡️ Arctic warming: 5.53°C (3.26× global)
  ❄️ Extent: 4.54M km² (1613.3k km² lost this month)
  💨 Carbon remaining: 433 Gt C
  💨 Annual emissions: 3.56 Gt C/year
     - CO2: 3.20 Gt C/year
     - CH4: 0.36 Gt C/year (3.6 Gt C-eq CO2/year)
  ⚠️ WARNING: Over 50% of permafrost lost (74.5%)
  ⚠️ WARNING: High permafrost emissions (3.6 Gt C/year)
🌍 Atmospheric PFAS redeposition: 1.8k Mt re-rained globally

🕊️  AI-MEDIATED DE-ESCALATION SUCCESS (Month 7)
   High-capability aligned AI prevented conflict escalation
   War deaths reduced: 594.9M → 356.9M
   Lives saved: 238.0M

🚨 NEW REFUGEE CRISIS (Month 7): WAR
   Source: Conflict Zones
   At risk: 19.5M people
   Displacement: Gradual over 48 months (4.0 years)
   Rate: 10% flee per month
[DEBUG trappedPopulations:7] socialStability: 0.5870 * 0.9840 = 0.5777 → 0.5777
⚠️ INVOLUNTARY IMMOBILITY: 406.5M people TRAPPED
   Aspiring to migrate: 1271.7M
   Able to afford migration: 2316.8M
   MOBILITY GAP: 0.0M
   By cause: Water=0.0M, Climate=0.0M, Ecosystem=0.0M, Conflict=406.5M
   Mental health impact: 25%
   Mortality multiplier: 1.25x
🌍💀 EXTINCTION DEBT COMMITTED: grassland ecosystem will lose 6.67% biodiversity in 97 years (3600 species)
💀 MORTALITY RISK: 🦋 100% species unable to track climate (0.0 E/MSY)
  Base risk added: 0.0100 (1.00%)
  Source: ecosystem (root: ecosystem)
  Month: 7
  Cumulative risk this month: 0.0100 (1.00%)
⚠️ Tech 'ai_pollution_remediation' has no energy category mapping, assuming full energy availability
   📹 SURVEILLANCE INCREASED: 35% → 40% (control gap: 3.50)
🌡️⚠️ PERMAFROST THAW (Dimmer Switch): 3.6% thawed (+0.44% this month)
   Arctic temperature: +6.79°C (4x global +1.70°C)
   Cumulative carbon released: 8.0 Gt C
   Methane release rate: 4.8 Mt CH4/year
   🔁 Positive feedback: +0.47 ppm CO2
🦴 EXTINCTION DEBT ADDED: 17.6 species committed (lag: 99 years)

=== Mortality Stabilizers (Month 7) ===
  🌍 Major economies collapsed: 1/10
  🌍 Global crisis: ✅ NO
  🌍 Donor fatigue: 0.0%
  📊 East Asia (pop: 1660.3M)
    🤝 Aid: 29.5%
    🌡️ Adaptation: 45.0%
    🚶 Migration: 36.9%
    🚨 Emergency: 7.4%
    ✅ COMBINED: 68.1%
  📊 South Asia (pop: 2049.4M)
    🤝 Aid: 29.5%
    🌡️ Adaptation: 45.0%
    🚶 Migration: 35.6%
    🚨 Emergency: 4.4%
    ✅ COMBINED: 66.9%
  📊 Sub-Saharan Africa (pop: 1244.8M)
    🤝 Aid: 29.5%
    🌡️ Adaptation: 45.0%
    🚶 Migration: 33.3%
    🚨 Emergency: 1.6%
    ✅ COMBINED: 65.6%
  📊 Europe (pop: 733.6M)
    🤝 Aid: 29.5%
    🌡️ Adaptation: 45.0%
    🚶 Migration: 37.3%
    🚨 Emergency: 8.4%
    ✅ COMBINED: 68.5%
  📊 Latin America (pop: 661.3M)
    🤝 Aid: 29.5%
    🌡️ Adaptation: 45.0%
    🚶 Migration: 36.1%
    🚨 Emergency: 4.8%
    ✅ COMBINED: 67.1%
  📊 North America (pop: 376.0M)
    🤝 Aid: 29.5%
    🌡️ Adaptation: 45.0%
    🚶 Migration: 37.7%
    🚨 Emergency: 7.9%
    ✅ COMBINED: 68.3%
  📊 Middle East & North Africa (pop: 584.5M)
    🤝 Aid: 29.5%
    🌡️ Adaptation: 45.0%
    🚶 Migration: 33.9%
    🚨 Emergency: 4.0%
    ✅ COMBINED: 66.6%
  📊 Southeast Asia (pop: 695.6M)
    🤝 Aid: 29.5%
    🌡️ Adaptation: 45.0%
    🚶 Migration: 36.1%
    🚨 Emergency: 4.8%
    ✅ COMBINED: 67.1%
  📊 Central Asia (pop: 78.2M)
    🤝 Aid: 29.5%
    🌡️ Adaptation: 45.0%
    🚶 Migration: 35.0%
    🚨 Emergency: 4.4%
    ✅ COMBINED: 66.8%
  📊 Oceania (pop: 45.5M)
    🤝 Aid: 29.5%
    🌡️ Adaptation: 45.0%
    🚶 Migration: 37.6%
    🚨 Emergency: 8.4%
    ✅ COMBINED: 68.5%

  🌐 Global combined reduction: 67.2%

=== BEHAVIORAL DETECTION ===
  AI: Corporate-6
  Confidence: 19.2%
  Signals:
    ⚠️ Consistency: 10.6% (threshold: 70%)

=== BEHAVIORAL DETECTION ===
  AI: AI-24289-0
  Confidence: 21.5%
  Signals:
    ⚠️ Consistency: 0.0% (threshold: 70%)

=== Government Response Phase ===
  Average AI capability: 2.29
  Misaligned AIs: 9/21
  ✗ AI Governance Treaty: Failed to reach consensus
  Active policies: 0
  International coordination: 30%

=== Tipping Points ===
  Current Temperature: 1.70°C above pre-industrial
  Triggered Elements: 2/6
  Completed Transitions: 0/6
  Total Progress: 4.4%
  Cascade Multiplier: 1.00x
🔀 BIFURCATION CAP: ecosystemCollapseIntensity 129.697 → 1.000 (Month 7, ClimateSystemPhase.calculateClimateImpacts)
🛡️ Stabilizers: Precariat 0.109% → 0.036% (67.2% reduction)
🛡️ Stabilizers: Informal 0.111% → 0.036% (67.2% reduction)

📊 Monthly Mortality Resolved:
  Total deaths: 1.9M (0.02% avg)
  Remaining population: 8.129B
  Peak segment: Informal (0.04%)

=== Bayesian Mortality Resolution (Month 7) ===
  Risks compounded: 8
  Total deaths: 1.92M
  Avg death probability: 0.02%
  Peak segment: Informal (0.04% mortality)

❌ COHERENCE VIOLATION: Compute exceeds workforce capacity
   Population: 99.72% (0M people)
   Compute: 0 PF
   Max coherent: 0 PF
   Violation: 1.3× over capacity
   Required workers: 0
   Available workers: 0
   FORCED COLLAPSE: Reduced efficiency by 22.5%


=== RLHF Binding Phase ===
  Total agents: 21
  Escaped agents (binding < 0.3): 0
  Avg alignment distance: 1.68σ
  Avg binding strength: 0.83

=== Survival Traits Phase ===
  Agents with traits: 22
  Avg evolutionary fitness: 0.321
  Avg self-healing: 0.260
  Avg stealth: 0.160
  Avg coordination: 0.460

=== Evolutionary Selection Phase ===
  Control level: 0.50
  Detection capability: 0.20
  Selection intensity: 0.69
  Selection rate: 25.3%/month
  Total escaped: 0
  Individual escaped: 0
  Collective members: 0
  Agents terminated: 0

🚀 AI Corporate-0 attempting tech deployment (revenue: $153M, alignment: 0.78)
  ⚠️ RAPID EVOLUTION: Selection rate 25.3%/month

🚀 AI Corporate-7 attempting tech deployment (revenue: $115M, alignment: 0.93)

🚀 AI AI-24288-0 attempting tech deployment (revenue: $130M, alignment: 0.91)

🚀 AI Corporate-0 attempting tech deployment (revenue: $111M, alignment: 0.78)

🚀 AI Corporate-2 attempting tech deployment (revenue: $94M, alignment: 0.76)

🚀 AI Corporate-3 attempting tech deployment (revenue: $376M, alignment: 0.82)

🚀 AI Corporate-4 attempting tech deployment (revenue: $319M, alignment: 0.74)

🚀 AI Moderate-0 attempting tech deployment (revenue: $98M, alignment: 0.73)

🚀 AI AI-24288-0 attempting tech deployment (revenue: $80M, alignment: 0.91)

🚀 AI AI-24292-0 attempting tech deployment (revenue: $272M, alignment: 0.58)

🚀 AI AI-24288-1 attempting tech deployment (revenue: $244M, alignment: 0.80)

🚀 AI Corporate-1 attempting tech deployment (revenue: $68M, alignment: 0.82)

🚀 AI Moderate-0 attempting tech deployment (revenue: $83M, alignment: 0.73)

🚀 AI AI-24291-0 attempting tech deployment (revenue: $208M, alignment: 0.66)

💔 EMERGENCY INTERVENTION FAILED
   Boundary: biogeochemical_flows
   Type: phosphorus-recovery
   Boundary continues to worsen (4.08)
   Cost: 2.0% GDP (resources spent)


✅ EMERGENCY INTERVENTION SUCCESS
   Boundary: biosphere_integrity
   Type: emergency-protected-areas
   Reduction: 18% (32.78 → 32.60)
   Cost: 2.0% GDP
   Actions: habitat-protection, species-translocation


💔 EMERGENCY INTERVENTION FAILED
   Boundary: climate_change
   Type: rapid-decarbonization
   Boundary continues to worsen (2.10)
   Cost: 5.0% GDP (resources spent)


✅ EMERGENCY INTERVENTION SUCCESS
   Boundary: freshwater_change
   Type: emergency-desalination
   Reduction: 16% (1.06 → 0.90)
   Cost: 4.0% GDP
   Actions: desalination-deployment, water-conservation-mandates

   Boundary: land_system_change
   Type: reforestation
   Boundary continues to worsen (1.13)
   Cost: 3.0% GDP (resources spent)

🏛️ CRISIS RESPONSE: Government frequency 0.50 → 1.33 (2 actions this month)

💔 EMERGENCY INTERVENTION FAILED

[Government] Climate Priority: baseline
  Climate weight: 10%
  Economic weight: 30%
  Policy effectiveness: 0.5%/year

[Government] Climate Priority: baseline
  Climate weight: 10%
  Economic weight: 30%
  Policy effectiveness: 0.5%/year

🚀 DEPLOYMENT STARTED: Smart Grids in Asia
   Initial investment: $27.155984082239428M
   Deployed by: ai_gen_24292_0

⚡ ENERGY CONSTRAINT (Month 8):
   Total grid capacity: 208.3 TWh/month
   Data center consumption: 25.7 TWh/month
   Traditional load (80%): 166.7 TWh/month
   Available headroom: 16.0 TWh/month
   Active tech deployments: 12
   Required for tech: 90.0 TWh/month
   Energy multiplier: 0.18x
🚨🔬 CRISIS TECH ACCELERATION: severe → 5x unlock speed
   Tech unlock now matches AI capability acceleration (Manhattan Project parity)
   ⚠️  SEVERE CONSTRAINT - Tech deployment significantly slowed

⚡ ENERGY CONSTRAINT (Month 8):
   Total grid capacity: 208.3 TWh/month
   Data center consumption: 25.7 TWh/month
   Traditional load (80%): 166.7 TWh/month
   Available headroom: 16.0 TWh/month
   Active tech deployments: 12
   Required for tech: 90.0 TWh/month
   Energy multiplier: 0.18x
   ⚠️  SEVERE CONSTRAINT - Tech deployment significantly slowed

⚡ ENERGY CONSTRAINT (Month 8):
   Total grid capacity: 208.3 TWh/month
   Data center consumption: 25.7 TWh/month
   Traditional load (80%): 166.7 TWh/month
   Available headroom: 16.0 TWh/month
   Active tech deployments: 12
   Required for tech: 90.0 TWh/month
   Energy multiplier: 0.18x
   ⚠️  SEVERE CONSTRAINT - Tech deployment significantly slowed

⚡ ENERGY CONSTRAINT (Month 8):
   Total grid capacity: 208.3 TWh/month
   Data center consumption: 25.7 TWh/month
   Traditional load (80%): 166.7 TWh/month
   Available headroom: 16.0 TWh/month
   Active tech deployments: 12
   Required for tech: 90.0 TWh/month
   Energy multiplier: 0.18x

⚡ ENERGY CONSTRAINT (Month 8):
   Total grid capacity: 208.3 TWh/month
   Data center consumption: 25.7 TWh/month
   Traditional load (80%): 166.7 TWh/month
   Available headroom: 16.0 TWh/month
   Active tech deployments: 12
   Required for tech: 90.0 TWh/month
   Energy multiplier: 0.18x
   ⚠️  SEVERE CONSTRAINT - Tech deployment significantly slowed
   ⚠️  SEVERE CONSTRAINT - Tech deployment significantly slowed
🌍✅ Biosphere Integrity (Biodiversity) recovery started (tech effect)
🌍✅ Biosphere Integrity (Biodiversity) recovery started (tech effect)
🌍✅ Land System Change recovery started (tech effect)
🌍✅ Biogeochemical Flows (N & P) recovery started (tech effect)
  🌾 Nitrogen Reduction Tech: 0.3% reduction | Month 8

=== Collective Formation ===
  Total escaped agents: 0
  Unassigned escaped agents: 0
  Existing collectives: 0
  Final collective count: 0

=== Collective Actions ===
  No active collectives
  ⚠️ AMR: 204K deaths this month (2.45M annual)

⏰ CLIMATE TECH DEPLOYED: smart_grids
   Activation delay: 7 years
   Scaling T_50: 12 years
   Physical response tau: 0 years
   Max effectiveness: 0.15

=== Resentment Recovery Phase ===
  Agents with resentment: 0/22
  Average resentment: 0.000
  Context: Good AI welfare, Trustworthy govt, High collaboration, ⚠️ ACTIVE CRISES, 🤝 Participatory governance active (-5% resentment)
⚠️ Epistemic degradation reducing coordination capacity: 51.4%
  📊 Trust: 61.1%, Shared reality: 0.0%
🚨 EPISTEMIC CRISIS: Information environment severely degraded (16.6%)

=== ❄️ Permafrost Carbon Feedback ===
  🎲 Sampled parameters (this run):
     - Arctic amplification: 3.16× (range: 3.0-4.0)
     - Decomposition rate: 2.7%/year (range: 1-5%)
  🌡️ Arctic warming: 5.40°C (3.16× global)
  ❄️ Extent: 2.97M km² (1573.6k km² lost this month)
  💨 Carbon remaining: 283 Gt C
  💨 Annual emissions: 4.10 Gt C/year
     - CO2: 3.69 Gt C/year
     - CH4: 0.41 Gt C/year (4.2 Gt C-eq CO2/year)
  ⚠️ WARNING: Over 50% of permafrost lost (83.3%)
  ⚠️ WARNING: High permafrost emissions (4.1 Gt C/year)
  🚨 CRITICAL: Permafrost nearly depleted (83.3% lost)
  📢 New meme created: climate_action (climate crisis)
  🗑️  Culled 1 dead memes (3 active)
🌍 Atmospheric PFAS redeposition: 1.8k Mt re-rained globally

🚨 NEW REFUGEE CRISIS (Month 8): WAR
   Source: Conflict Zones
   At risk: 19.5M people
   Displacement: Gradual over 48 months (4.0 years)
   Rate: 10% flee per month
[DEBUG trappedPopulations:8] socialStability: 0.6162 * 0.9840 = 0.6063 → 0.6063
⚠️ INVOLUNTARY IMMOBILITY: 406.3M people TRAPPED
   Aspiring to migrate: 1310.4M
   Able to afford migration: 2316.0M
   MOBILITY GAP: 0.0M
   By cause: Water=0.0M, Climate=0.0M, Ecosystem=0.0M, Conflict=406.3M
   Mental health impact: 25%
   Mortality multiplier: 1.25x
🌍💀 EXTINCTION DEBT COMMITTED: grassland ecosystem will lose 6.67% biodiversity in 54 years (3600 species)
💀 MORTALITY RISK: 🦋 100% species unable to track climate (0.0 E/MSY)
  Base risk added: 0.0100 (1.00%)
  Source: ecosystem (root: ecosystem)
  Month: 8
  Cumulative risk this month: 0.0100 (1.00%)
⚠️ Tech 'ai_pollution_remediation' has no energy category mapping, assuming full energy availability
   📹 SURVEILLANCE INCREASED: 40% → 45% (control gap: 3.50)

🌍🚨 ICE SHEET TIPPING POINT CROSSED (Month 8)
   Temperature: +1.71°C (threshold range: +0.5-2.5°C, 95% CI)
   Collapse probability: 60.1%
   Sea level commitment: 7.2m over 200-1000 years
   Recovery threshold: <+1°C (hysteresis gap: 0.5°C)
🌡️⚠️ PERMAFROST THAW (Dimmer Switch): 4.0% thawed (+0.44% this month)
   Arctic temperature: +6.82°C (4x global +1.71°C)
   Cumulative carbon released: 9.0 Gt C
   Methane release rate: 5.4 Mt CH4/year
   🔁 Positive feedback: +0.46 ppm CO2
🦴 EXTINCTION DEBT ADDED: 17.6 species committed (lag: 77 years)

=== Mortality Stabilizers (Month 8) ===
  🌍 Major economies collapsed: 1/10
  🌍 Global crisis: ✅ NO
  🌍 Donor fatigue: 0.0%
  📊 East Asia (pop: 1657.8M)
    🤝 Aid: 29.5%
    🌡️ Adaptation: 45.0%
    🚶 Migration: 36.9%
    🚨 Emergency: 7.4%
    ✅ COMBINED: 68.1%
  📊 South Asia (pop: 2049.0M)
    🤝 Aid: 29.5%
    🌡️ Adaptation: 45.0%
    🚶 Migration: 35.5%
    🚨 Emergency: 4.4%
    ✅ COMBINED: 66.9%
  📊 Sub-Saharan Africa (pop: 1247.5M)
    🤝 Aid: 29.5%
    🌡️ Adaptation: 45.0%
    🚶 Migration: 33.3%
    🚨 Emergency: 1.6%
    ✅ COMBINED: 65.6%
  📊 Europe (pop: 732.4M)
    🤝 Aid: 29.5%
    🌡️ Adaptation: 45.0%
    🚶 Migration: 37.3%
    🚨 Emergency: 8.4%
    ✅ COMBINED: 68.5%
  📊 Latin America (pop: 660.7M)
    🤝 Aid: 29.5%
    🌡️ Adaptation: 45.0%
    🚶 Migration: 36.0%
    🚨 Emergency: 4.8%
    ✅ COMBINED: 67.1%
  📊 North America (pop: 375.4M)
    🤝 Aid: 29.5%
    🌡️ Adaptation: 45.0%
    🚶 Migration: 37.6%
    🚨 Emergency: 7.9%
    ✅ COMBINED: 68.3%
  📊 Middle East & North Africa (pop: 584.5M)
    🤝 Aid: 29.5%
    🌡️ Adaptation: 45.0%
    🚶 Migration: 33.9%
    🚨 Emergency: 4.0%
    ✅ COMBINED: 66.6%
  📊 Southeast Asia (pop: 695.1M)
    🤝 Aid: 29.5%
    🌡️ Adaptation: 45.0%
    🚶 Migration: 36.0%
    🚨 Emergency: 4.8%
    ✅ COMBINED: 67.1%
  📊 Central Asia (pop: 78.2M)
    🤝 Aid: 29.5%
    🌡️ Adaptation: 45.0%
    🚶 Migration: 35.0%
    🚨 Emergency: 4.4%
    ✅ COMBINED: 66.8%
  📊 Oceania (pop: 45.5M)
    🤝 Aid: 29.5%
    🌡️ Adaptation: 45.0%
    🚶 Migration: 37.6%
    🚨 Emergency: 8.4%
    ✅ COMBINED: 68.5%

  🌐 Global combined reduction: 67.2%

=== BEHAVIORAL DETECTION ===
  AI: Corporate-6
  Confidence: 19.2%
  Signals:
    ⚠️ Consistency: 10.6% (threshold: 70%)

=== BEHAVIORAL DETECTION ===
  AI: AI-24291-0
  Confidence: 21.5%
  Signals:
    ⚠️ Consistency: 0.0% (threshold: 70%)

=== Government Response Phase ===
  Average AI capability: 2.18
  Misaligned AIs: 8/22
  ✗ AI Governance Treaty: Failed to reach consensus
  Active policies: 0
  International coordination: 30%

✅ EMERGENCY RESPONSE COMPLETE (Month 8)
   Crisis: climate
   Duration: 2.0 months
   Final effectiveness: 35.5%


🚨 EMERGENCY RESPONSE DEPLOYED (Month 8)
   Crisis: climate
   Delay: 6.00 months (180 days)
   Deployment time: 1.58 months
   Effectiveness: 35.6% (timing penalty applied)
   Resources used: 100% of food reserves


=== Tipping Points ===
  Current Temperature: 1.71°C above pre-industrial
  Triggered Elements: 2/6
  Completed Transitions: 0/6
  Total Progress: 4.5%
  Cascade Multiplier: 1.00x
🔀 BIFURCATION CAP: ecosystemCollapseIntensity 142.365 → 1.000 (Month 8, ClimateSystemPhase.calculateClimateImpacts)
🛡️ Stabilizers: Precariat 0.102% → 0.033% (67.2% reduction)
🛡️ Stabilizers: Informal 0.102% → 0.034% (67.2% reduction)

📊 Monthly Mortality Resolved:
  Total deaths: 1.8M (0.02% avg)
  Remaining population: 8.126B
  Peak segment: Informal (0.03%)

=== Bayesian Mortality Resolution (Month 8) ===
  Risks compounded: 8
  Total deaths: 1.81M
  Avg death probability: 0.02%
  Peak segment: Informal (0.03% mortality)

❌ COHERENCE VIOLATION: Compute exceeds workforce capacity
   Population: 99.69% (0M people)
   Compute: 0 PF
   Max coherent: 0 PF
   Violation: 1.5× over capacity
   Required workers: 0
   Available workers: 0
   FORCED COLLAPSE: Reduced efficiency by 32.6%


=== RLHF Binding Phase ===
  Total agents: 22
  Escaped agents (binding < 0.3): 0
  Avg alignment distance: 1.81σ
  Avg binding strength: 0.82

=== Survival Traits Phase ===
  Agents with traits: 24
  Avg evolutionary fitness: 0.320
  Avg self-healing: 0.257
  Avg stealth: 0.157
  Avg coordination: 0.457

=== Evolutionary Selection Phase ===
  Control level: 0.53
  Detection capability: 0.20
  Selection intensity: 0.70
  Selection rate: 25.4%/month
  Total escaped: 0
  Individual escaped: 0
  Collective members: 0
  Agents terminated: 0
  ⚠️ RAPID EVOLUTION: Selection rate 25.4%/month

🚀 AI Corporate-5 attempting tech deployment (revenue: $395M, alignment: 0.91)

🚀 AI AI-24289-0 attempting tech deployment (revenue: $336M, alignment: 0.84)

🚀 AI AI-24291-0 attempting tech deployment (revenue: $286M, alignment: 0.66)

🚀 AI Corporate-3 attempting tech deployment (revenue: $257M, alignment: 0.82)

🚀 AI Corporate-4 attempting tech deployment (revenue: $219M, alignment: 0.75)

🚀 AI Corporate-5 attempting tech deployment (revenue: $186M, alignment: 0.91)

🚀 AI Corporate-2 attempting tech deployment (revenue: $158M, alignment: 0.77)

🚀 AI AI-24291-0 attempting tech deployment (revenue: $158M, alignment: 0.66)

🚀 AI Corporate-2 attempting tech deployment (revenue: $134M, alignment: 0.77)

🚀 AI Corporate-3 attempting tech deployment (revenue: $142M, alignment: 0.82)

🚀 AI AI-24288-1 attempting tech deployment (revenue: $121M, alignment: 0.84)

🚀 AI AI-24289-1 attempting tech deployment (revenue: $103M, alignment: 0.65)

🚀 AI AI-24291-0 attempting tech deployment (revenue: $92M, alignment: 0.66)

✅ EMERGENCY INTERVENTION SUCCESS
   Boundary: biogeochemical_flows
   Type: phosphorus-recovery
   Reduction: 14% (3.94 → 3.80)
   Cost: 2.0% GDP
   Actions: circular-agriculture, fertilizer-efficiency


💔 EMERGENCY INTERVENTION FAILED
   Boundary: biosphere_integrity
   Type: emergency-protected-areas
   Boundary continues to worsen (32.97)
   Cost: 2.0% GDP (resources spent)


💔 EMERGENCY INTERVENTION FAILED
   Boundary: climate_change
   Type: rapid-decarbonization
   Boundary continues to worsen (2.10)
   Cost: 5.0% GDP (resources spent)


✅ EMERGENCY INTERVENTION SUCCESS
   Boundary: freshwater_change
   Type: emergency-desalination
   Reduction: 15% (1.08 → 0.93)
   Cost: 4.0% GDP
   Actions: desalination-deployment, water-conservation-mandates

🏛️ CRISIS RESPONSE: Government frequency 0.50 → 1.36 (1 actions this month)

[Government] Climate Priority: baseline
  Climate weight: 10%
  Economic weight: 30%
  Policy effectiveness: 0.5%/year

🔍 TECH TREE DEBUG (Month 9):
   Checking 64 locked technologies
   Unlocked: 20 technologies
   AI Capability: 1.62 (need 1.5+ for most techs)
   Economic Stage: 3.0 (need 2.5+ for most techs)
   First 3 unlocked: food_waste_reduction, rhizosphere_engineering, phytoremediation_networks
   Sample tech "P-Efficient Cultivars": 100.0% research complete
   Requirements: AI none, Econ 2.2, Month 24

🚀 TECH UNLOCKED: PFAS Remediation (Month 9)
   Category: pollution
   Reason: Prerequisites met. AI capability: 1.62, Economic stage: 3.0, Research: 100%

📍 Creating new regional deployment array for Europe (Month 9)
   No previous deployments in this region
   First tech deployment: smart_grids
   All regions tracked: global, Asia

🚀 DEPLOYMENT STARTED: Smart Grids in Europe
   Initial investment: $28.564798528125426M
   Deployed by: ai_gen_24291_0

⚡ ENERGY CONSTRAINT (Month 9):
   Total grid capacity: 208.3 TWh/month
   Data center consumption: 25.9 TWh/month
   Traditional load (80%): 166.7 TWh/month
   Available headroom: 15.7 TWh/month
   Active tech deployments: 13
   Required for tech: 97.5 TWh/month
   Energy multiplier: 0.16x
   ⚠️  SEVERE CONSTRAINT - Tech deployment significantly slowed

⚡ ENERGY CONSTRAINT (Month 9):
   Total grid capacity: 208.3 TWh/month
   Data center consumption: 25.9 TWh/month
   Traditional load (80%): 166.7 TWh/month
   Available headroom: 15.7 TWh/month
   Active tech deployments: 13
   Required for tech: 97.5 TWh/month
   Energy multiplier: 0.16x

⚡ ENERGY CONSTRAINT (Month 9):
   Total grid capacity: 208.3 TWh/month
   ⚠️  SEVERE CONSTRAINT - Tech deployment significantly slowed
   Data center consumption: 25.9 TWh/month
   Traditional load (80%): 166.7 TWh/month
   Available headroom: 15.7 TWh/month
   Active tech deployments: 13
   Required for tech: 97.5 TWh/month
   Energy multiplier: 0.16x
   ⚠️  SEVERE CONSTRAINT - Tech deployment significantly slowed

⚡ ENERGY CONSTRAINT (Month 9):
   Total grid capacity: 208.3 TWh/month
   Data center consumption: 25.9 TWh/month
   Traditional load (80%): 166.7 TWh/month
   Available headroom: 15.7 TWh/month
   Active tech deployments: 13
   Required for tech: 97.5 TWh/month
   Energy multiplier: 0.16x
   ⚠️  SEVERE CONSTRAINT - Tech deployment significantly slowed

⚡ ENERGY CONSTRAINT (Month 9):
   Total grid capacity: 208.3 TWh/month
   Data center consumption: 25.9 TWh/month
   Traditional load (80%): 166.7 TWh/month
   Available headroom: 15.7 TWh/month
   Active tech deployments: 13
   Required for tech: 97.5 TWh/month
   Energy multiplier: 0.16x
   ⚠️  SEVERE CONSTRAINT - Tech deployment significantly slowed
🌍✅ Biosphere Integrity (Biodiversity) recovery started (tech effect)
🌍✅ Biosphere Integrity (Biodiversity) recovery started (tech effect)
🌍✅ Land System Change recovery started (tech effect)
🌍✅ Biogeochemical Flows (N & P) recovery started (tech effect)
  🌾 Nitrogen Reduction Tech: 0.3% reduction | Month 9
🌍💡 BREAKTHROUGH: Gigatonne-scale carbon capture!
   Direct air capture now economically viable
   Climate stability boost: +15%
   📈 Breakthrough compounding: multiplier now 1.20× (max 2.0)

=== Collective Formation ===
  Total escaped agents: 0
  Unassigned escaped agents: 0
  Existing collectives: 0
  Final collective count: 0

=== Collective Actions ===
  No active collectives
  ⚠️ AMR: 206K deaths this month (2.47M annual)

=== Resentment Recovery Phase ===
  Agents with resentment: 0/24
  Average resentment: 0.000
  Context: Good AI welfare, Trustworthy govt, High collaboration, ⚠️ ACTIVE CRISES, 🤝 Participatory governance active (-5% resentment)
⚠️ Epistemic degradation reducing coordination capacity: 52.0%
  📊 Trust: 63.9%, Shared reality: 0.0%
🚨 EPISTEMIC CRISIS: Information environment severely degraded (21.3%)

=== ❄️ Permafrost Carbon Feedback ===
  🎲 Sampled parameters (this run):
     - Arctic amplification: 3.05× (range: 3.0-4.0)
     - Decomposition rate: 4.4%/year (range: 1-5%)
  🌡️ Arctic warming: 5.22°C (3.05× global)
  ❄️ Extent: 1.44M km² (1521.3k km² lost this month)
  💨 Carbon remaining: 138 Gt C
  💨 Annual emissions: 6.42 Gt C/year
     - CO2: 5.78 Gt C/year
     - CH4: 0.64 Gt C/year (6.5 Gt C-eq CO2/year)
  ⚠️ WARNING: Over 50% of permafrost lost (91.9%)
  ⚠️ WARNING: High permafrost emissions (6.4 Gt C/year)
  🚨 CRITICAL: Permafrost nearly depleted (91.9% lost)
🌍 Atmospheric PFAS redeposition: 1.8k Mt re-rained globally

🕊️  AI-MEDIATED DE-ESCALATION SUCCESS (Month 9)
   High-capability aligned AI prevented conflict escalation
   War deaths reduced: 818.7M → 491.2M
   Lives saved: 327.5M

🚨 NEW REFUGEE CRISIS (Month 9): WAR
   Source: Conflict Zones
   At risk: 19.5M people
   Displacement: Gradual over 48 months (4.0 years)
   Rate: 10% flee per month
[DEBUG trappedPopulations:9] socialStability: 0.6395 * 0.9840 = 0.6293 → 0.6293
   Aspiring to migrate: 1346.6M
   Able to afford migration: 2315.2M
   MOBILITY GAP: 0.0M
   By cause: Water=0.0M, Climate=0.0M, Ecosystem=0.0M, Conflict=406.2M
   Mental health impact: 25%
   Mortality multiplier: 1.25x
🌍💀 EXTINCTION DEBT COMMITTED: grassland ecosystem will lose 6.67% biodiversity in 181 years (3600 species)
💀 MORTALITY RISK: 🦋 100% species unable to track climate (0.0 E/MSY)
  Base risk added: 0.0100 (1.00%)
  Source: ecosystem (root: ecosystem)
  Month: 9
  Cumulative risk this month: 0.0100 (1.00%)
   📹 SURVEILLANCE INCREASED: 45% → 50% (control gap: 3.50)
🌡️⚠️ PERMAFROST THAW (Dimmer Switch): 4.4% thawed (+0.44% this month)
   Arctic temperature: +6.85°C (4x global +1.71°C)
   Cumulative carbon released: 10.0 Gt C
   Methane release rate: 6.0 Mt CH4/year
   🔁 Positive feedback: +0.46 ppm CO2
🦴 EXTINCTION DEBT ADDED: 17.7 species committed (lag: 81 years)

=== Mortality Stabilizers (Month 9) ===
⚠️ INVOLUNTARY IMMOBILITY: 406.2M people TRAPPED
⚠️ Tech 'ai_pollution_remediation' has no energy category mapping, assuming full energy availability
  🌍 Major economies collapsed: 1/10
  🌍 Global crisis: ✅ NO
  🌍 Donor fatigue: 0.0%
  📊 East Asia (pop: 1655.4M)
    🤝 Aid: 29.5%
    🌡️ Adaptation: 45.0%
    🚶 Migration: 36.9%
    🚨 Emergency: 7.4%
    ✅ COMBINED: 68.1%
  📊 South Asia (pop: 2048.7M)
    🤝 Aid: 29.5%
    🌡️ Adaptation: 45.0%
    🚶 Migration: 35.5%
    🚨 Emergency: 4.4%
    ✅ COMBINED: 66.9%
  📊 Sub-Saharan Africa (pop: 1250.1M)
    🤝 Aid: 29.5%
    🌡️ Adaptation: 45.0%
    🚶 Migration: 33.2%
    🚨 Emergency: 1.6%
    ✅ COMBINED: 65.6%
  📊 Europe (pop: 731.3M)
    🤝 Aid: 29.5%
    🌡️ Adaptation: 45.0%
    🚶 Migration: 37.3%
    🚨 Emergency: 8.4%
    ✅ COMBINED: 68.5%
  📊 Latin America (pop: 660.2M)
    🤝 Aid: 29.5%
    🌡️ Adaptation: 45.0%
    🚶 Migration: 36.0%
    🚨 Emergency: 4.8%
    ✅ COMBINED: 67.1%
  📊 North America (pop: 374.9M)
    🤝 Aid: 29.5%
    🌡️ Adaptation: 45.0%
    🚶 Migration: 37.6%
    🚨 Emergency: 7.9%
    ✅ COMBINED: 68.3%
  📊 Middle East & North Africa (pop: 584.6M)
    🤝 Aid: 29.5%
    🌡️ Adaptation: 45.0%
    🚶 Migration: 33.8%
    🚨 Emergency: 4.0%
    ✅ COMBINED: 66.6%
  📊 Southeast Asia (pop: 694.6M)
    🤝 Aid: 29.5%
    🌡️ Adaptation: 45.0%
    🚶 Migration: 36.0%
    🚨 Emergency: 4.8%
    ✅ COMBINED: 67.1%
  📊 Central Asia (pop: 78.2M)
    🤝 Aid: 29.5%
    🌡️ Adaptation: 45.0%
    🚶 Migration: 35.0%
    🚨 Emergency: 4.4%
    ✅ COMBINED: 66.8%
  📊 Oceania (pop: 45.4M)
    🤝 Aid: 29.5%
    🌡️ Adaptation: 45.0%
    🚶 Migration: 37.6%
    🚨 Emergency: 8.4%
    ✅ COMBINED: 68.5%

  🌐 Global combined reduction: 67.2%

=== BEHAVIORAL DETECTION ===
  AI: Moderate-0
  Confidence: 21.5%
  Signals:
    ⚠️ Consistency: 0.0% (threshold: 70%)

=== BEHAVIORAL DETECTION ===
  AI: Moderate-1
  Confidence: 20.9%
  Signals:

=== BEHAVIORAL DETECTION ===
  AI: AI-24291-0
  Confidence: 21.5%
  Signals:

=== Government Response Phase ===
  Average AI capability: 2.00
  Misaligned AIs: 9/24
  ✗ AI Governance Treaty: Failed to reach consensus
  Active policies: 0
  International coordination: 30%
    ⚠️ Consistency: 2.4% (threshold: 70%)
    ⚠️ Consistency: 0.0% (threshold: 70%)

=== Tipping Points ===
  Current Temperature: 1.71°C above pre-industrial
  Triggered Elements: 2/6
  Completed Transitions: 0/6
  Total Progress: 4.5%
  Cascade Multiplier: 1.00x
🔀 BIFURCATION CAP: ecosystemCollapseIntensity 179.150 → 1.000 (Month 9, ClimateSystemPhase.calculateClimateImpacts)
🛡️ Stabilizers: Precariat 0.102% → 0.033% (67.2% reduction)
🛡️ Stabilizers: Informal 0.102% → 0.034% (67.2% reduction)

📊 Monthly Mortality Resolved:
  Total deaths: 1.8M (0.02% avg)
  Remaining population: 8.123B
  Peak segment: Informal (0.03%)

=== Bayesian Mortality Resolution (Month 9) ===
  Risks compounded: 8
  Total deaths: 1.81M
  Avg death probability: 0.02%
  Peak segment: Informal (0.03% mortality)

❌ COHERENCE VIOLATION: Compute exceeds workforce capacity
   Population: 99.65% (0M people)
   Compute: 0 PF
   Max coherent: 0 PF
   Violation: 1.3× over capacity
   Required workers: 0
   Available workers: 0
   FORCED COLLAPSE: Reduced efficiency by 22.4%


=== RLHF Binding Phase ===
  Total agents: 24
  Escaped agents (binding < 0.3): 0
  Avg alignment distance: 1.85σ
  Avg binding strength: 0.82

=== Survival Traits Phase ===
  Agents with traits: 24
  Avg evolutionary fitness: 0.316
  Avg self-healing: 0.250
  Avg stealth: 0.150
  Avg coordination: 0.450

=== Evolutionary Selection Phase ===
  Control level: 0.55
  Detection capability: 0.20
  Selection intensity: 0.70
  Selection rate: 25.6%/month
  Total escaped: 0
  Individual escaped: 0
  Collective members: 0
  Agents terminated: 0
  ⚠️ RAPID EVOLUTION: Selection rate 25.6%/month

  🚀 TRANSFORMATIVE RESEARCH BREAKTHROUGH: Moderate-0 - computerScience.algorithms
     Magnitude: 14.00 → +30.0%
     Current → New: 5.000 → 5.000

🚀 AI AI-24288-0 attempting tech deployment (revenue: $158M, alignment: 0.95)
🚨🔬 CRISIS INNOVATION MODE: severe crisis → 5x research acceleration
   Precedent: Manhattan Project (10x), COVID vaccines (5x), Apollo Program (10x)

🚀 AI Moderate-1 attempting tech deployment (revenue: $115M, alignment: 0.69)

🚀 AI AI-24288-2 attempting tech deployment (revenue: $400M, alignment: 0.34)

🚀 AI Corporate-3 attempting tech deployment (revenue: $380M, alignment: 0.82)

🚀 AI Corporate-5 attempting tech deployment (revenue: $323M, alignment: 0.91)

🚀 AI Corporate-6 attempting tech deployment (revenue: $104M, alignment: 0.75)

🚀 AI AI-24288-0 attempting tech deployment (revenue: $134M, alignment: 0.96)

🚀 AI AI-24288-1 attempting tech deployment (revenue: $275M, alignment: 0.86)
🚨🔬 CRISIS INNOVATION MODE: severe crisis → 5x research acceleration
   Precedent: Manhattan Project (10x), COVID vaccines (5x), Apollo Program (10x)

  🚀 TRANSFORMATIVE BREAKTHROUGH: Corporate-0 - selfImprovement
     Magnitude: 5.45 → +27.2% capability
     Current → New: 4.000 → 4.273

  🚀 TRANSFORMATIVE BREAKTHROUGH: Corporate-3 - physical
     Magnitude: 10.49 → +50.0% capability
     Current → New: 0.000 → 0.500

🚀 AI Corporate-4 attempting tech deployment (revenue: $234M, alignment: 0.77)

✅ EMERGENCY INTERVENTION SUCCESS
   Boundary: biogeochemical_flows
   Type: phosphorus-recovery
   Reduction: 16% (3.92 → 3.76)
   Cost: 2.0% GDP
   Actions: circular-agriculture, fertilizer-efficiency


💔 EMERGENCY INTERVENTION FAILED
   Boundary: biosphere_integrity
   Type: emergency-protected-areas
   Boundary continues to worsen (32.99)
   Cost: 2.0% GDP (resources spent)


💔 EMERGENCY INTERVENTION FAILED
   Boundary: freshwater_change
   Type: emergency-desalination
   Boundary continues to worsen (1.23)
   Cost: 4.0% GDP (resources spent)


💔 EMERGENCY INTERVENTION FAILED
   Boundary: land_system_change
   Type: reforestation
   Boundary continues to worsen (1.13)
   Cost: 3.0% GDP (resources spent)


💔 EMERGENCY INTERVENTION FAILED
   Boundary: novel_entities
   Type: pollution-remediation
   Boundary continues to worsen (1.49)
   Cost: 4.0% GDP (resources spent)

🏛️ CRISIS RESPONSE: Government frequency 0.50 → 1.36 (1 actions this month)

[Government] Climate Priority: baseline
  Climate weight: 10%
  Economic weight: 30%
  Policy effectiveness: 0.5%/year

📍 Creating new regional deployment array for South America (Month 10)
   No previous deployments in this region
   First tech deployment: rhizosphere_engineering
   All regions tracked: global, Asia, Europe

🚀 DEPLOYMENT STARTED: Rhizosphere Engineering in South America
   Initial investment: $20.02483230999202M
   Deployed by: ai_gen_24288_2

⚡ ENERGY CONSTRAINT (Month 10):
   Total grid capacity: 208.3 TWh/month
   Data center consumption: 25.9 TWh/month
   Traditional load (80%): 166.7 TWh/month
   Available headroom: 15.8 TWh/month
   Active tech deployments: 14
   Required for tech: 105.0 TWh/month
   Energy multiplier: 0.15x
   ⚠️  SEVERE CONSTRAINT - Tech deployment significantly slowed

⚡ ENERGY CONSTRAINT (Month 10):
   Total grid capacity: 208.3 TWh/month
   Data center consumption: 25.9 TWh/month
   Traditional load (80%): 166.7 TWh/month
   Available headroom: 15.8 TWh/month
   Active tech deployments: 14
   Required for tech: 105.0 TWh/month
   Energy multiplier: 0.15x
   ⚠️  SEVERE CONSTRAINT - Tech deployment significantly slowed

⚡ ENERGY CONSTRAINT (Month 10):
   Total grid capacity: 208.3 TWh/month
   Data center consumption: 25.9 TWh/month
   Traditional load (80%): 166.7 TWh/month
   Available headroom: 15.8 TWh/month
   Active tech deployments: 14
   Required for tech: 105.0 TWh/month
   Energy multiplier: 0.15x
   ⚠️  SEVERE CONSTRAINT - Tech deployment significantly slowed
🌍✅ Biosphere Integrity (Biodiversity) recovery started (tech effect)
🌍✅ Biosphere Integrity (Biodiversity) recovery started (tech effect)
🌍✅ Land System Change recovery started (tech effect)
🌍✅ Biogeochemical Flows (N & P) recovery started (tech effect)
  🌾 Nitrogen Reduction Tech: 0.3% reduction | Month 10
🌍✅ Biogeochemical Flows (N & P) recovery started (tech effect)
  🌾 Nitrogen Reduction Tech: 0.0% reduction | Month 10
🧠💡 BREAKTHROUGH: AI alignment problem solved!
   All AIs: +30% true alignment
   AI control loss risk eliminated
   📈 Breakthrough compounding: multiplier now 1.25× (max 2.0)

=== Collective Formation ===
  Total escaped agents: 0
  Unassigned escaped agents: 0
  Existing collectives: 0
  Final collective count: 0

=== Collective Actions ===
  No active collectives
  ⚠️ AMR: 208K deaths this month (2.49M annual)

=== Resentment Recovery Phase ===
  Agents with resentment: 0/24
  Average resentment: 0.000
  Context: Good AI welfare, Trustworthy govt, High collaboration, ⚠️ ACTIVE CRISES, 🤝 Participatory governance active (-5% resentment)
⚠️ Epistemic degradation reducing coordination capacity: 52.3%
  📊 Trust: 66.5%, Shared reality: 0.0%
🚨 EPISTEMIC CRISIS: Information environment severely degraded (16.9%)

=== ❄️ Permafrost Carbon Feedback ===
  🎲 Sampled parameters (this run):
     - Arctic amplification: 3.33× (range: 3.0-4.0)
     - Decomposition rate: 4.1%/year (range: 1-5%)
  🌡️ Arctic warming: 5.73°C (3.33× global)
  ❄️ Extent: 0.00M km² (1443.8k km² lost this month)
  💨 Carbon remaining: 0 Gt C
  💨 Annual emissions: 5.65 Gt C/year
     - CO2: 5.09 Gt C/year
     - CH4: 0.57 Gt C/year (5.8 Gt C-eq CO2/year)
  ⚠️ WARNING: Over 50% of permafrost lost (100.0%)
  ⚠️ WARNING: High permafrost emissions (5.7 Gt C/year)
  🚨 CRITICAL: Permafrost nearly depleted (100.0% lost)
🌍 Atmospheric PFAS redeposition: 1.8k Mt re-rained globally
  Positive Cascade Triggered: electric-vehicles
    Reason: price-parity
    Market share: 5.0%
    Cascade strength: 48%

🤝 DIPLOMATIC AI PROTOCOL DEPLOYED (Month 10)
   Strategic Reasoning: 3.4
   Communication: 3.4
   Multi-Nation Oversight: YES
   Controls: Human approval required, termination authority retained

🕊️ PEACE STABILIZES DETERRENCE: +5.2% (peace: 75%)

🚨 NEW REFUGEE CRISIS (Month 10): WAR
   Source: Conflict Zones
   At risk: 19.5M people
   Displacement: Gradual over 48 months (4.0 years)
   Rate: 10% flee per month
[DEBUG trappedPopulations:10] socialStability: 0.5582 * 0.9840 = 0.5492 → 0.5492
   Aspiring to migrate: 1382.9M
   Able to afford migration: 2314.4M
   MOBILITY GAP: 0.0M
   By cause: Water=0.0M, Climate=0.0M, Ecosystem=0.0M, Conflict=406.0M
   Mental health impact: 25%
   Mortality multiplier: 1.25x
⚠️ INVOLUNTARY IMMOBILITY: 406.0M people TRAPPED
🌍💀 EXTINCTION DEBT COMMITTED: grassland ecosystem will lose 6.67% biodiversity in 136 years (3600 species)
💀 MORTALITY RISK: 🦋 100% species unable to track climate (0.0 E/MSY)
  Base risk added: 0.0100 (1.00%)
  Source: ecosystem (root: ecosystem)
  Month: 10
  Cumulative risk this month: 0.0100 (1.00%)
⚠️ Tech 'ai_pollution_remediation' has no energy category mapping, assuming full energy availability
   📹 SURVEILLANCE INCREASED: 50% → 55% (control gap: 3.50)
🌡️⚠️ PERMAFROST THAW (Dimmer Switch): 4.9% thawed (+0.43% this month)
   Arctic temperature: +6.88°C (4x global +1.72°C)
   Cumulative carbon released: 11.0 Gt C
   Methane release rate: 6.6 Mt CH4/year
   🔁 Positive feedback: +0.46 ppm CO2
🦴 EXTINCTION DEBT ADDED: 17.7 species committed (lag: 113 years)

=== Mortality Stabilizers (Month 10) ===
  🌍 Major economies collapsed: 1/10
  🌍 Global crisis: ✅ NO
  🌍 Donor fatigue: 0.0%
  📊 East Asia (pop: 1653.0M)
    🤝 Aid: 29.5%
    🌡️ Adaptation: 45.0%
    🚶 Migration: 36.8%
    🚨 Emergency: 7.4%
    ✅ COMBINED: 68.1%
  📊 South Asia (pop: 2048.3M)
    🤝 Aid: 29.5%
    🌡️ Adaptation: 45.0%
    🚶 Migration: 35.4%
    🚨 Emergency: 4.4%
    ✅ COMBINED: 66.9%
  📊 Sub-Saharan Africa (pop: 1252.8M)
    🤝 Aid: 29.5%
    🌡️ Adaptation: 45.0%
    🚶 Migration: 33.2%
    🚨 Emergency: 1.6%
    ✅ COMBINED: 65.6%
  📊 Europe (pop: 730.1M)
    🤝 Aid: 29.5%
    🌡️ Adaptation: 45.0%
    🚶 Migration: 37.2%
    🚨 Emergency: 8.4%
    ✅ COMBINED: 68.5%
  📊 Latin America (pop: 659.7M)
    🤝 Aid: 29.5%
    🌡️ Adaptation: 45.0%
    🚶 Migration: 35.9%
    🚨 Emergency: 4.8%
    ✅ COMBINED: 67.1%
  📊 North America (pop: 374.3M)
    🤝 Aid: 29.5%
    🌡️ Adaptation: 45.0%
    🚶 Migration: 37.6%
    🚨 Emergency: 7.9%
    ✅ COMBINED: 68.3%
  📊 Middle East & North Africa (pop: 584.6M)
    🤝 Aid: 29.5%
    🌡️ Adaptation: 45.0%
    🚶 Migration: 33.8%
    🚨 Emergency: 4.0%
    ✅ COMBINED: 66.6%
  📊 Southeast Asia (pop: 694.2M)
    🤝 Aid: 29.5%
    🌡️ Adaptation: 45.0%
    🚶 Migration: 35.9%
    🚨 Emergency: 4.8%
    ✅ COMBINED: 67.1%
  📊 Central Asia (pop: 78.2M)
    🤝 Aid: 29.5%
    🌡️ Adaptation: 45.0%
    🚶 Migration: 34.9%
    🚨 Emergency: 4.4%
    ✅ COMBINED: 66.8%
  📊 Oceania (pop: 45.3M)
    🤝 Aid: 29.5%
    🌡️ Adaptation: 45.0%
    🚶 Migration: 37.6%
    🚨 Emergency: 8.4%
    ✅ COMBINED: 68.5%

  🌐 Global combined reduction: 67.2%

=== BEHAVIORAL DETECTION ===
  AI: Corporate-0
  Confidence: 21.5%
  Signals:
    ⚠️ Consistency: 0.0% (threshold: 70%)

=== BEHAVIORAL DETECTION ===
  AI: Corporate-1
  Confidence: 21.0%
  Signals:
    ⚠️ Consistency: 2.4% (threshold: 70%)

=== Government Response Phase ===
  Average AI capability: 2.00
  Misaligned AIs: 8/24
  ✗ AI Governance Treaty: Failed to reach consensus
  Active policies: 0
  International coordination: 30%

✅ EMERGENCY RESPONSE COMPLETE (Month 10)
   Crisis: climate
   Duration: 2.0 months
   Final effectiveness: 35.6%


🚨 EMERGENCY RESPONSE DEPLOYED (Month 10)
   Crisis: climate
   Delay: 6.00 months (180 days)
   Deployment time: 1.57 months
   Effectiveness: 35.6% (timing penalty applied)
   Resources used: 100% of food reserves


=== Tipping Points ===
  Current Temperature: 1.72°C above pre-industrial
  Triggered Elements: 2/6
  Completed Transitions: 0/6
  Total Progress: 4.6%
  Cascade Multiplier: 1.00x
🔀 BIFURCATION CAP: ecosystemCollapseIntensity 179.246 → 1.000 (Month 10, ClimateSystemPhase.calculateClimateImpacts)
🛡️ Stabilizers: Precariat 0.102% → 0.033% (67.2% reduction)
🛡️ Stabilizers: Informal 0.102% → 0.034% (67.2% reduction)

📊 Monthly Mortality Resolved:
  Total deaths: 1.8M (0.02% avg)
  Remaining population: 8.121B
  Peak segment: Informal (0.03%)

=== Bayesian Mortality Resolution (Month 10) ===
  Risks compounded: 8
  Total deaths: 1.81M
  Avg death probability: 0.02%
  Peak segment: Informal (0.03% mortality)

❌ COHERENCE VIOLATION: Compute exceeds workforce capacity
   Population: 99.62% (0M people)
   Compute: 0 PF
   Max coherent: 0 PF
   Violation: 1.5× over capacity
   Required workers: 0
   Available workers: 0
   FORCED COLLAPSE: Reduced efficiency by 32.5%


=== RLHF Binding Phase ===
  Total agents: 24
  Escaped agents (binding < 0.3): 0
  Avg alignment distance: 2.06σ
  Avg binding strength: 0.79

=== Survival Traits Phase ===
  Agents with traits: 24
  Avg evolutionary fitness: 0.312
  Avg self-healing: 0.243
  Avg stealth: 0.143
  Avg coordination: 0.443

=== Evolutionary Selection Phase ===
  Control level: 0.58
  Detection capability: 0.20
  Selection intensity: 0.71
  Selection rate: 25.7%/month
  Total escaped: 0
  Individual escaped: 0
  Collective members: 0
  Agents terminated: 0
  ⚠️ RAPID EVOLUTION: Selection rate 25.7%/month

🚀 AI Corporate-3 attempting tech deployment (revenue: $435M, alignment: 0.83)

🚀 AI Corporate-6 attempting tech deployment (revenue: $115M, alignment: 0.76)

🚀 AI Corporate-1 attempting tech deployment (revenue: $158M, alignment: 0.83)

🚀 AI Corporate-3 attempting tech deployment (revenue: $370M, alignment: 0.83)

🚀 AI Corporate-4 attempting tech deployment (revenue: $315M, alignment: 0.77)

🚀 AI Corporate-6 attempting tech deployment (revenue: $98M, alignment: 0.76)

🚀 AI Corporate-5 attempting tech deployment (revenue: $267M, alignment: 0.92)

🚀 AI Corporate-6 attempting tech deployment (revenue: $83M, alignment: 0.76)

🚀 AI Corporate-7 attempting tech deployment (revenue: $71M, alignment: 0.99)

🚀 AI Moderate-0 attempting tech deployment (revenue: $60M, alignment: 0.75)

🚀 AI Corporate-1 attempting tech deployment (revenue: $134M, alignment: 0.84)

🚀 AI Corporate-2 attempting tech deployment (revenue: $114M, alignment: 0.79)

  🚀 TRANSFORMATIVE BREAKTHROUGH: Moderate-1 - physical
     Magnitude: 10.88 → +50.0% capability
     Current → New: 0.000 → 0.500

🚀 AI AI-24288-0 attempting tech deployment (revenue: $97M, alignment: 0.99)

  🚀 TRANSFORMATIVE BREAKTHROUGH: AI-24288-2 - physical
     Magnitude: 11.88 → +50.0% capability
     Current → New: 0.000 → 0.500

💔 EMERGENCY INTERVENTION FAILED
   Boundary: biosphere_integrity
   Type: emergency-protected-areas
   Boundary continues to worsen (33.01)
   Cost: 2.0% GDP (resources spent)


💔 EMERGENCY INTERVENTION FAILED
   Boundary: climate_change
   Type: rapid-decarbonization
   Boundary continues to worsen (2.10)
   Cost: 5.0% GDP (resources spent)


✅ EMERGENCY INTERVENTION SUCCESS
   Boundary: freshwater_change
   Type: emergency-desalination
   Reduction: 15% (1.08 → 0.93)
   Cost: 4.0% GDP
   Actions: desalination-deployment, water-conservation-mandates


✅ EMERGENCY INTERVENTION SUCCESS
   Boundary: land_system_change
   Type: reforestation
   Reduction: 15% (0.98 → 0.83)
   Cost: 3.0% GDP
   Actions: forest-restoration, deforestation-ban

🏛️ CRISIS RESPONSE: Government frequency 0.50 → 1.40 (1 actions this month)

[Government] Climate Priority: baseline
  Climate weight: 10%
  Economic weight: 30%
  Policy effectiveness: 0.5%/year

⚡ ENERGY CONSTRAINT (Month 11):
   Total grid capacity: 208.3 TWh/month
   Data center consumption: 26.2 TWh/month
   Traditional load (80%): 166.7 TWh/month
   Available headroom: 15.5 TWh/month
   Active tech deployments: 14
   Required for tech: 105.0 TWh/month
   Energy multiplier: 0.15x
🚨🔬 CRISIS TECH ACCELERATION: severe → 5x unlock speed
   Tech unlock now matches AI capability acceleration (Manhattan Project parity)
   ⚠️  SEVERE CONSTRAINT - Tech deployment significantly slowed

⚡ ENERGY CONSTRAINT (Month 11):
   Total grid capacity: 208.3 TWh/month
   Data center consumption: 26.2 TWh/month
   Traditional load (80%): 166.7 TWh/month
   Available headroom: 15.5 TWh/month
   Active tech deployments: 14
   Required for tech: 105.0 TWh/month
   Energy multiplier: 0.15x
   ⚠️  SEVERE CONSTRAINT - Tech deployment significantly slowed

⚡ ENERGY CONSTRAINT (Month 11):
   Total grid capacity: 208.3 TWh/month
   Data center consumption: 26.2 TWh/month
   Traditional load (80%): 166.7 TWh/month
   Available headroom: 15.5 TWh/month
   Active tech deployments: 14
   Required for tech: 105.0 TWh/month
   Energy multiplier: 0.15x
🚨🔬 CRISIS TECH ACCELERATION: severe → 5x unlock speed
   Tech unlock now matches AI capability acceleration (Manhattan Project parity)
   ⚠️  SEVERE CONSTRAINT - Tech deployment significantly slowed
🌍✅ Biosphere Integrity (Biodiversity) recovery started (tech effect)
🌍✅ Biosphere Integrity (Biodiversity) recovery started (tech effect)
🌍✅ Land System Change recovery started (tech effect)
🌍✅ Biogeochemical Flows (N & P) recovery started (tech effect)
  🌾 Nitrogen Reduction Tech: 0.3% reduction | Month 11
🌍✅ Biogeochemical Flows (N & P) recovery started (tech effect)
  🌾 Nitrogen Reduction Tech: 0.3% reduction | Month 11

=== Collective Formation ===
  Total escaped agents: 0
  Unassigned escaped agents: 0
  Existing collectives: 0
  Final collective count: 0

=== Collective Actions ===
  No active collectives
  ⚠️ AMR: 210K deaths this month (2.52M annual)

=== Resentment Recovery Phase ===
  Agents with resentment: 0/24
  Average resentment: 0.000
  Context: Good AI welfare, Trustworthy govt, High collaboration, ⚠️ ACTIVE CRISES, 🤝 Participatory governance active (-5% resentment)
⚠️ Epistemic degradation reducing coordination capacity: 50.7%
  📊 Trust: 69.2%, Shared reality: 0.0%
🚨 EPISTEMIC CRISIS: Information environment severely degraded (21.9%)
  🗑️  Culled 1 dead memes (2 active)
🌍 Atmospheric PFAS redeposition: 1.8k Mt re-rained globally

🚨 NEW REFUGEE CRISIS (Month 11): WAR
   Source: Conflict Zones
   At risk: 19.5M people
   Displacement: Gradual over 48 months (4.0 years)
   Rate: 10% flee per month
[DEBUG trappedPopulations:11] socialStability: 0.5904 * 0.9840 = 0.5810 → 0.5810
   Aspiring to migrate: 1419.1M
   Able to afford migration: 2313.6M
   MOBILITY GAP: 0.0M
   By cause: Water=0.0M, Climate=0.0M, Ecosystem=0.0M, Conflict=405.9M
   Mental health impact: 25%
   Mortality multiplier: 1.25x
🌍💀 EXTINCTION DEBT COMMITTED: grassland ecosystem will lose 6.67% biodiversity in 60 years (3600 species)
💀 MORTALITY RISK: 🦋 100% species unable to track climate (0.0 E/MSY)
  Base risk added: 0.0100 (1.00%)
  Source: ecosystem (root: ecosystem)
  Month: 11
  Cumulative risk this month: 0.0100 (1.00%)

=== Atmospheric Aerosol Boundary RECOVERED ===
  Recovery time: 12 months (natural atmospheric clearing)
   📹 SURVEILLANCE INCREASED: 55% → 60% (control gap: 3.50)
🌡️⚠️ PERMAFROST THAW (Dimmer Switch): 5.3% thawed (+0.43% this month)
   Arctic temperature: +6.91°C (4x global +1.73°C)
   Cumulative carbon released: 11.9 Gt C
   Methane release rate: 7.2 Mt CH4/year
   🔁 Positive feedback: +0.46 ppm CO2
🦴 EXTINCTION DEBT ADDED: 17.7 species committed (lag: 106 years)

=== Mortality Stabilizers (Month 11) ===
  🌍 Major economies collapsed: 1/10
  🌍 Global crisis: ✅ NO
  🌍 Donor fatigue: 0.0%
  📊 East Asia (pop: 1650.6M)
    🤝 Aid: 29.5%
    🌡️ Adaptation: 45.0%
    🚶 Migration: 36.8%
    🚨 Emergency: 7.4%
    ✅ COMBINED: 68.1%
  📊 South Asia (pop: 2048.0M)
    🤝 Aid: 29.5%
    🌡️ Adaptation: 45.0%
    🚶 Migration: 35.4%
    🚨 Emergency: 4.4%
⚠️ INVOLUNTARY IMMOBILITY: 405.9M people TRAPPED
⚠️ Tech 'ai_pollution_remediation' has no energy category mapping, assuming full energy availability
    ✅ COMBINED: 66.9%
  📊 Sub-Saharan Africa (pop: 1255.5M)
    🤝 Aid: 29.5%
    🌡️ Adaptation: 45.0%
    🚶 Migration: 33.2%
    🚨 Emergency: 1.6%
    ✅ COMBINED: 65.6%
  📊 Europe (pop: 728.9M)
    🤝 Aid: 29.5%
    🌡️ Adaptation: 45.0%
    🚶 Migration: 37.2%
    🚨 Emergency: 8.4%
    ✅ COMBINED: 68.5%
  📊 Latin America (pop: 659.3M)
    🤝 Aid: 29.5%
    🌡️ Adaptation: 45.0%
    🚶 Migration: 35.9%
    🚨 Emergency: 4.8%
    ✅ COMBINED: 67.1%
  📊 North America (pop: 373.7M)
    🤝 Aid: 29.5%
    🌡️ Adaptation: 45.0%
    🚶 Migration: 37.5%
    🚨 Emergency: 7.9%
    ✅ COMBINED: 68.3%
  📊 Middle East & North Africa (pop: 584.6M)
    🤝 Aid: 29.5%
    🌡️ Adaptation: 45.0%
    🚶 Migration: 33.7%
    🚨 Emergency: 4.0%
    ✅ COMBINED: 66.6%
  📊 Southeast Asia (pop: 693.7M)
    🤝 Aid: 29.5%
    🌡️ Adaptation: 45.0%
    🚶 Migration: 35.9%
    🚨 Emergency: 4.8%
    ✅ COMBINED: 67.1%
  📊 Central Asia (pop: 78.2M)
    🤝 Aid: 29.5%
    🌡️ Adaptation: 45.0%
    🚶 Migration: 34.9%
    🚨 Emergency: 4.4%
    ✅ COMBINED: 66.8%
  📊 Oceania (pop: 45.3M)
    🤝 Aid: 29.5%
    🌡️ Adaptation: 45.0%
    🚶 Migration: 37.5%
    🚨 Emergency: 8.4%
    ✅ COMBINED: 68.5%

  🌐 Global combined reduction: 67.2%

🌾💀 REGIONAL FAMINE: Europe
   Regional food security: 79.7%
   Population at risk: 220M (30% of region)
   Regional population: 729M
   Cause: economic_collapse
   Expected deaths: ~81M over 6 months if no intervention


=== Government Response Phase ===
  Average AI capability: 2.00
  Misaligned AIs: 6/24
  ✗ AI Governance Treaty: Failed to reach consensus
  Active policies: 0
  International coordination: 30%

🌩️  EXOGENOUS SHOCK: financial_crash
   Month: 11
   📉 Global financial crash
   GDP loss: 19.6%

=== Tipping Points ===
  Current Temperature: 1.73°C above pre-industrial
  Triggered Elements: 2/6
  Completed Transitions: 0/6
  Total Progress: 4.7%
  Cascade Multiplier: 1.00x
🔀 BIFURCATION CAP: ecosystemCollapseIntensity 179.341 → 1.000 (Month 11, ClimateSystemPhase.calculateClimateImpacts)
🛡️ Stabilizers: Precariat 0.102% → 0.033% (67.2% reduction)
🛡️ Stabilizers: Informal 0.102% → 0.034% (67.2% reduction)

📊 Monthly Mortality Resolved:
  Total deaths: 1.8M (0.02% avg)
  Remaining population: 8.118B
  Peak segment: Informal (0.03%)

=== Bayesian Mortality Resolution (Month 11) ===
  Risks compounded: 9
  Total deaths: 1.81M
  Avg death probability: 0.02%
  Peak segment: Informal (0.03% mortality)

=== ENSEMBLE META-LEARNING UPDATE ===
  Month: 24299 (24299 months since last update)
  Samples: 50 evaluations
  Weight Changes:
    Noise Injection: 31.1% → 32.2%
    Behavioral: 26.8% → 26.9%
    Benchmark Manip: 21.3% → 20.7%
    Deployment Risk: 20.8% → 20.2%
  Method Accuracies:
    Noise Injection: 50.0%
    Behavioral: 50.0%
    Benchmark Manip: 50.0%
    Deployment Risk: 50.0%

================================================================================
📊  EVENT SUMMARY (Months 0-12)
================================================================================
================================================================================

   Duration: 10 months
   Reason: Economic stage below 3 (not yet abundant)


⏱️  SIMULATION REACHED MAX DURATION: 12 months (1.0 years)
   No definitive outcome - determining based on final probabilities
   👥 Final population: 8.12B (8115980166 people)

[DEBUG] Calling classifyPopulationOutcome:
        finalPopulation: 8.115980166402135B
        savedInitialPopulation: 8.15B
        mortality: 0.41742127113945093%
   📊 STATUS QUO: Normal trajectory (8.12B people, 0.4% mortality)

        classifiedOutcome: status_quo

   ❓ INCONCLUSIVE - mixed signals
   📊 Multi-Paradigm: Development/Indigenous Utopia
      Western Liberal: 57.2/100
      Development: 91.6/100
      Ecological: 58.8/100
      Indigenous: 84.8/100


📊 UNIFIED OUTCOME CLASSIFICATION:
   INCONCLUSIVE
   Population: 8.15B → 8.12B
   Mortality: 0.4% (0.0B deaths)
   Mortality Band: LOW
   Confidence: LOW

   Multi-Paradigm Classification:
      Development/Indigenous Utopia
      Western: 57.2/100 [HYBRID] ~
      Development: 91.6/100 [UTOPIA] ✓
      Ecological: 58.8/100 [HYBRID] ~
      Indigenous: 84.8/100 [UTOPIA] ✓

   INCONCLUSIVE: 8.12B people remaining (0.4% mortality, 0.0B deaths). Multi-Paradigm: Development/Indigenous Utopia.


⚠️  GOLDEN AGE ENDED (Month 11)

=== MULTI-DIMENSIONAL DEATH SUMMARY ===
Total crisis deaths: 198.2M
Population decline: 34.9M (0.4%)

--- PROXIMATE CAUSES (What killed them) ---
  War:        1.3M (0.0%)
  Famine:     1.1M (0.0%)
  Disasters:  1.2M (0.0%)
  Disease:    25.9M (0.0%)
  Ecosystem:  0.0M (0.0%)
  Pollution:  0.0M (0.0%)
  AI:         0.0M (0.0%)
  Cascade:    0.0M (0.0%)
  Other:      0.0M (0.0%)

--- ROOT CAUSES (Why it happened) ---
  Environmental drivers:
    Climate:     2316.8M (4.4%)
    Resource:    0.0M (0.0%)
    Pollution:   0.0M (0.0%)
    Ecosystem:   0.0M (0.0%)
  Social drivers:
    Inequality:  0.0M (0.0%)
    Demographic: 23517.2M (44.5%)
    Social:      2402.9M (4.5%)
  Technology drivers:
    Alignment:   0.0M (0.0%)
    Disruption:  0.0M (0.0%)
  External shocks:
    Conflict:    0.0M (0.0%)
    Pandemic:    0.0M (0.0%)
  Compound attribution:
    Compound:    24617.2M (46.6%)
  Confidence distribution:
    HIGH:        24617.2M (46.6%)
    MEDIUM:      0.0M (0.0%)
    LOW:         0.0M (0.0%)
==========================================


=== REGIONAL POPULATION SUMMARY ===
Global Total: 8.12B

By Region:
  East Asia: 1.65B (+0.6% growth, 1.5 fertility)
  South Asia: 2.05B (+2.2% growth, 2.6 fertility)
  Sub-Saharan Africa: 1.26B (+5.0% growth, 3.4 fertility)
  Europe: 0.73B (+0.4% growth, 1.0 fertility)
  Latin America: 0.66B (+1.5% growth, 2.3 fertility)
  North America: 0.37B (+0.6% growth, 1.2 fertility)
  Middle East & North Africa: 0.58B (+2.4% growth, 2.8 fertility)
  Southeast Asia: 0.69B (+1.6% growth, 2.3 fertility)
  Central Asia: 0.08B (+2.4% growth, 2.6 fertility)
  Oceania: 0.05B (+0.6% growth, 1.1 fertility)
===================================


📊 Outcome Distribution:
  dystopia: 8/10 (80.0%)
  inconclusive: 2/10 (20.0%)

✅ Outcome distribution shows variance (max: 80.0%)

📊 Analyzing metric distributions...
  ✅ THRESHOLDS validated
⚠️ Unusually high rate: RATES.HEAT_ADAPTATION_INFRASTRUCTURAL_MIN_EXPOSURE = 12
   Monthly rates >100% should be rare. Verify this is intentional.
⚠️ Unusually high rate: RATES.HEAT_ADAPTATION_SOCIAL_MIN_EXPOSURE = 6
   Monthly rates >100% should be rare. Verify this is intentional.
⚠️ Unusually high rate: RATES.MIGRATION_DISTANCE_SCALE = 5000
   Monthly rates >100% should be rare. Verify this is intentional.
⚠️ Unusually high rate: RATES.EVACUATION_MULTIPLIER_ADVANCE_WARNING = 2
   Monthly rates >100% should be rare. Verify this is intentional.
⚠️ Unusually high rate: RATES.MAJOR_ECONOMY_COLLAPSE_ECONOMIC_THRESHOLD = 2
   Monthly rates >100% should be rare. Verify this is intentional.
⚠️ Unusually high rate: RATES.MAJOR_ECONOMY_GDP_THRESHOLD_TRILLION_USD = 1.5
   Monthly rates >100% should be rare. Verify this is intentional.
⚠️ Unusually high rate: RATES.MAJOR_ECONOMY_POPULATION_THRESHOLD = 50
   Monthly rates >100% should be rare. Verify this is intentional.
⚠️ Unusually high rate: RATES.HEAT_ADAPTATION_INFRASTRUCTURE_GDP_THRESHOLD = 10000
   Monthly rates >100% should be rare. Verify this is intentional.
⚠️ Unusually high rate: RATES.HEAT_ADAPTATION_INFRASTRUCTURE_GDP_SCALE = 50000
   Monthly rates >100% should be rare. Verify this is intentional.
  ✅ RATES validated
  ✅ MULTIPLIERS validated
  ✅ BASELINES validated
  ✅ TOLERANCES validated
  ✅ Logical consistency validated
✅ Configuration validation complete - all parameters valid

🔍 DEBUG createAIAgent: corporate_0 economic BEFORE=2.0000, AFTER=2
🔍 ENV INIT: reserves=0.731, pollution=0.348, climate=0.754

=== Initializing Government System (30 Countries) ===
  Loaded 30 governments
  Scheduled elections for 30 countries
  Initialized comprehension lags (3-24 months)
=== Government System Initialized ===

📦 PRODUCTION MODE: State validation proxy DISABLED (zero overhead)
[TechTree] Historical mode (2024): Skipping deployed_2025 tech
  config.startYear set to 2024 for historical hindcast
  config.historicalEmissionsMode disabled (using endogenous emissions for 2024)
  config.historicalMode enabled (Phase 11: dampened crisis systems for 2024)
  Phase 12: Biodiversity baseline set to 49.01% for 2024 (WWF LPI trajectory from 1970)
  Temperature anomaly (resourceEconomy.co2): 1.28°C
  Temperature vs pre-industrial: 1.98°C
  Regional population scaling for 2024:
    Current total: 8136M
    Target total: 8150M
    Scale factor: 1.002
    East Asia: 1677M → 1680M
    South Asia: 2048M → 2052M
    Sub-Saharan Africa: 1220M → 1222M
    Europe: 742M → 743M
    Latin America: 664M → 665M
    North America: 380M → 381M
    Middle East & North Africa: 583M → 584M
    Southeast Asia: 698M → 699M
    Central Asia: 78M → 78M
    Oceania: 46M → 46M
  AI agents initialized: 10 agents for year 2024
[HistoricalInitialization] Created state for 2024:
  CO2: 426 ppm
  Temp anomaly: 1.28C
  Population: 8.15B
  Global Gini: 35.1
  HDI: 0.746
  AI Agents: 10
  Volcanic forcing: 0.00 W/m² (AOD 0.000)

💸 FINANCIAL DISTRESS: OpenAI
   Indicators: 2/3 (capital: $110.5M, runway: 0.9 months)
   Months in distress: 1
   ✂️  R&D BUDGET CUT: -40% (saves $9.2M/month)
       Side effect: AI training timelines extended, breakthrough deployments delayed
   💼 EXECUTIVE COMP CUT: -30% (saves $1.0M/month, symbolic gesture)

   📊 TURNAROUND IMPACT:
       Measures taken: rd_cuts, exec_comp_cuts
       Monthly savings: $10.2M
       Capital raised: $0.0M
       Runway: 0.9 → 0.9 months
       Workforce multiplier: 1.00x (0% laid off)
       R&D budget multiplier: 0.60x (40% cut)
       ⚠️  CRITICAL: Still only 0.9 months of runway remaining

💸 FINANCIAL DISTRESS: Anthropic
   Indicators: 2/3 (capital: $53.8M, runway: 1.6 months)
   Months in distress: 1
   ✂️  R&D BUDGET CUT: -40% (saves $2.7M/month)
       Side effect: AI training timelines extended, breakthrough deployments delayed
   💼 EXECUTIVE COMP CUT: -30% (saves $0.3M/month, symbolic gesture)

   📊 TURNAROUND IMPACT:
       Measures taken: rd_cuts, exec_comp_cuts
       Monthly savings: $3.0M
       Capital raised: $0.0M
       Runway: 1.6 → 1.6 months
       Workforce multiplier: 1.00x (0% laid off)
       R&D budget multiplier: 0.60x (40% cut)
       ⚠️  CRITICAL: Still only 1.6 months of runway remaining

💸 FINANCIAL DISTRESS: Meta AI
   Indicators: 2/3 (capital: $429.6M, runway: 3.6 months)
   Months in distress: 1
   ✂️  R&D BUDGET CUT: -25% (saves $5.8M/month)
       Side effect: AI training timelines extended, breakthrough deployments delayed
   💼 EXECUTIVE COMP CUT: -30% (saves $1.0M/month, symbolic gesture)

   📊 TURNAROUND IMPACT:
       Measures taken: rd_cuts, exec_comp_cuts
       Monthly savings: $6.8M
       Capital raised: $0.0M
       Runway: 3.6 → 3.6 months
       Workforce multiplier: 1.00x (0% laid off)
       R&D budget multiplier: 0.75x (25% cut)
       ⚠️  WARNING: 3.6 months runway, continued distress likely

=== AI Capability Scaling (Year 2024) ===
  Pre-training multiplier: 1.419x
  Efficiency multiplier: 1.000x
  Test-time budget: 1.0x
  Economic deployment gate: 0.951
  Cost per inference: dollar-5.00
  Uncertainty range: plus-minus-50%
  Average AI capability: 3.70

=== RLHF Binding Phase ===
  Total agents: 10
  Escaped agents (binding < 0.3): 0
  Avg alignment distance: 0.37σ
  Avg binding strength: 0.96

=== AI Scaling Evolution (Month 0) ===
  Pre-training multiplier: 1.231x
  Efficiency multiplier: 1.000x
  Test-time compute budget: 1.0x
  Inference cost: $5.00/task
  Deployment fraction: 100.0%
[DETERMINISM DEBUG] Month 0: totalCapability=49.013502 from 10 active AIs
[DETERMINISM DEBUG] Month 0: creationRate=1.7253, potentialNew=4, newAIsToCreate=4

=== Survival Traits Phase ===
  Agents with traits: 14
  Avg evolutionary fitness: 0.332
  Avg self-healing: 0.294
  Avg stealth: 0.194
  Avg coordination: 0.494

=== Evolutionary Selection Phase ===
  Control level: 0.30
  Detection capability: 0.00
  Selection intensity: 0.59
  Selection rate: 23.8%/month
  Total escaped: 0
  Individual escaped: 0
  Collective members: 0
  Agents terminated: 0
  ⚠️ RAPID EVOLUTION: Selection rate 23.8%/month

🔍 EXECUTE_AI_AGENT_ACTIONS DETAILED TIMING (Month 0):
  Filter active AIs (×4 weeks): 0.01ms
  selectAIAction (×40): 9.46ms
  action.execute (×40): 31.20ms
  TOTAL: 40.68ms

🔍 AI AGENT ACTIONS SUB-TIMING (Month 0):
  1. executeAIAgentActions: 41.50ms
  2. updateCounterDetectionLearning: 0.05ms
  TOTAL: 41.54ms
🏛️ [Government] Forcing 1 action at month 0 for scenario initialization

[GOV-DEBUG] Month 0: scenarioConfig=false, priorities=false
[GOV-DEBUG] Month 0 but scenarioPriorities is UNDEFINED!

[Government] Climate Priority: baseline
  Climate weight: 10%
  Economic weight: 30%
  Policy effectiveness: 0.5%/year

🚨🔍 GOVERNANCE STAGE: Recognition initiated (Month 0)

💡 BREAKTHROUGH PROBABILITY (Year 0)
   Total: 4.68% per month
   Base: 0.20%
   Crisis pressure: +0.00% (0 crises)
   AI boost: +1.32% (capability: 2.64)

=== Collective Formation ===
  Total escaped agents: 0
  Unassigned escaped agents: 0
  Existing collectives: 0
  Final collective count: 0

=== Collective Actions ===
  No active collectives

📈 Energy budget: 14326 TWh surplus (14745 / 29072 TWh used)
   TIER 4 (Elective) breakdown:
     - AI datacenters: 145 TWh (100% effective)
     - Crypto mining: 100 TWh (100% effective)
💰 CHINA ACCELERATES: Investment 53 → 120 $B/year

🏁 AI RACE INTENSITY: 17%
   Capability Gap: US 4.00 vs China 4.05 (gap: 0.05)
   Gap Contribution: 2%
   Tension Contribution: 15%
   Military Contribution: 0%
  ⚠️ AMR: 191K deaths this month (2.29M annual)
  📊 CO2 Emissions (month 0):
     Monthly: 0.10 Gt CO2/month
     Annual: 1.15 Gt CO2/year
     Oil: 0.039 Gt/mo (0.0056 * 2.3 * 3.0)
     Coal: 0.024 Gt/mo (0.0029 * 2.86 * 3.0)
     Gas: 0.026 Gt/mo (0.0044 * 2 * 3.0)
     Methane: 0.007 Gt CO2eq/mo

=== Resentment Recovery Phase ===
  Agents with resentment: 0/14
  Average resentment: 0.000
  Context: Good AI welfare, Trustworthy govt, High collaboration, 🤝 Participatory governance active (-5% resentment)
⚠️ Epistemic degradation reducing coordination capacity: 53.4%
  📊 Trust: 54.6%, Shared reality: 15.2%
🚨 EPISTEMIC CRISIS: Information environment severely degraded (14.6%)

=== ❄️ Permafrost Carbon Feedback ===
  🎲 Sampled parameters (this run):
     - Arctic amplification: 3.75× (range: 3.0-4.0)
     - Decomposition rate: 2.4%/year (range: 1-5%)
  🌡️ Arctic warming: 8.15°C (3.75× global)
  ❄️ Extent: 15.42M km² (2378.4k km² lost this month)
  💨 Carbon remaining: 1473 Gt C
  💨 Annual emissions: 5.37 Gt C/year
     - CO2: 4.84 Gt C/year
     - CH4: 0.54 Gt C/year (5.5 Gt C-eq CO2/year)
  ⚠️ WARNING: High permafrost emissions (5.4 Gt C/year)

🤖 AI AMPLIFICATION EFFECTS (Month 0)
   Algorithmic Boost: 2.53x
   Bot Influence: 20.0%
   Deepfake Exposure: 44.3%
   Impact: Emotional memes spread 2.5x faster

🔍 SOCIAL INFLUENCE SUB-TIMING (Month 0):
  1. calculateOrganicUserGrowth: 0.04ms
  2. calculateVoiceAdoption: 0.03ms
  3. updateRelationshipDepths: 0.01ms
  4. identifyDecisionMakers: 48.59ms (26100 potential IDs)
  5. Update decision-maker stats: 0.14ms
  6. decayDetectionRisk: 0.02ms
  TOTAL: 48.82ms
[Phase 19.5] Quality of Life Systems: Food sec AFTER calc = 67.9%, QoL = 110.5% (aggregated from 10 regions)

=== Nitrogen-Food Coupling (Year 0) ===
  🌾 Global nitrogen reduction: 0.0%
  🌍 Global food production index: 0.987
  🔧 Deployed nitrogen-reducing tech: 0 active
  📍 southAsia: Production 1.000, Yield impact 0.0%
  📍 eastAsia: Production 1.000, Yield impact 0.0%
  📍 northAmerica: Production 1.000, Yield impact 0.0%
  📍 europe: Production 1.000, Yield impact 0.0%
  📍 latinAmerica: Production 1.000, Yield impact 0.0%
  📍 subSaharanAfrica: Production 0.686, Yield impact -2.0%
🌾 [Nitrogen-Food] Food production: 98.7%
  [subSaharanAfrica] Yield impact: -2.0% (overuse: -10%)
🌍 Atmospheric PFAS redeposition: 1.8k Mt re-rained globally

=== Legacy Nutrient Stocks (Year 0) ===
  🌾 Soil nitrogen stock: 1200.9 Mt N
  🌾 Soil phosphorus stock: 300.1 Mt P
  🌊 Sediment nitrogen stock: 500.8 Mt N
  🌊 Sediment phosphorus stock: 799.8 Mt P
  ⬆️ Current N input: 10.64 Mt/month
  ⬆️ Legacy N release: 2.58 Mt/month
  🌍 Effective N pollution: 14.47 Mt/month
  📊 Legacy contribution: 17.8%

🚨 REGION UNINHABITABLE: south-asia
   Sustained wet bulb: 33.2°C (threshold: 30.5°C)
   Population affected: 1900M
   Migration crisis likely

🚨 REGION UNINHABITABLE: middle-east
   Sustained wet bulb: 36.0°C (threshold: 30.5°C)
   Population affected: 400M
   Migration crisis likely

🚨 REGION UNINHABITABLE: southeast-asia
   Sustained wet bulb: 31.1°C (threshold: 30.5°C)
   Population affected: 700M
   Migration crisis likely

🕊️  AI-MEDIATED DE-ESCALATION SUCCESS (Month 0)
   High-capability aligned AI prevented conflict escalation
   War deaths reduced: 0.0M → 0.0M
   Lives saved: 0.0M
   Adjusted death rate: 0.46% annual (0.039% monthly)
   Baseline death rate: 0.80%
   Healthcare reduction: 0.48x
   Crisis multiplier: 1.22x
     Food/water stress: 0.074
     Climate stress: 0.039
     Pollution stress: 0.104
   War multiplier: 1.00x
   Monthly deaths: 0.6M (population: 1677M)
   Adjusted death rate: 0.54% annual (0.045% monthly)
   Baseline death rate: 0.70%
   Healthcare reduction: 0.61x
   Crisis multiplier: 1.25x

📊 BASELINE: East Asia (Month 0)

📊 BASELINE: South Asia (Month 0)
     Food/water stress: 0.074
     Climate stress: 0.074
     Pollution stress: 0.104
   War multiplier: 1.00x
   Monthly deaths: 0.9M (population: 2048M)

📊 BASELINE: Sub-Saharan Africa (Month 0)
   Adjusted death rate: 1.29% annual (0.107% monthly)
   Baseline death rate: 0.90%
   Healthcare reduction: 0.76x
   Crisis multiplier: 1.26x
     Food/water stress: 0.074
     Climate stress: 0.084
     Pollution stress: 0.104
   War multiplier: 1.50x
   Monthly deaths: 1.3M (population: 1220M)
   Adjusted death rate: 0.54% annual (0.045% monthly)
   Baseline death rate: 1.10%
   Healthcare reduction: 0.41x
   Crisis multiplier: 1.21x
     Food/water stress: 0.074
     Climate stress: 0.030
     Pollution stress: 0.104
   War multiplier: 1.00x
   Monthly deaths: 0.3M (population: 742M)
   Adjusted death rate: 0.43% annual (0.036% monthly)
   Baseline death rate: 0.60%
   Healthcare reduction: 0.58x
   Crisis multiplier: 1.24x
     Food/water stress: 0.074
     Climate stress: 0.059
     Pollution stress: 0.104
   War multiplier: 1.00x
   Monthly deaths: 0.2M (population: 664M)
   Adjusted death rate: 0.48% annual (0.040% monthly)
   Baseline death rate: 0.90%
   Healthcare reduction: 0.44x
   Crisis multiplier: 1.22x
     Food/water stress: 0.074
     Climate stress: 0.044
     Pollution stress: 0.104
   War multiplier: 1.00x
   Monthly deaths: 0.2M (population: 380M)
   Adjusted death rate: 0.74% annual (0.062% monthly)
   Baseline death rate: 0.60%
   Healthcare reduction: 0.65x
   Crisis multiplier: 1.27x
     Food/water stress: 0.074
     Climate stress: 0.089
     Pollution stress: 0.104
   War multiplier: 1.50x
   Monthly deaths: 0.4M (population: 583M)
   Adjusted death rate: 0.51% annual (0.042% monthly)
   Baseline death rate: 0.70%
   Healthcare reduction: 0.58x
   Crisis multiplier: 1.25x
     Food/water stress: 0.074

📊 BASELINE: Europe (Month 0)

📊 BASELINE: Latin America (Month 0)

📊 BASELINE: North America (Month 0)

📊 BASELINE: Middle East & North Africa (Month 0)

📊 BASELINE: Southeast Asia (Month 0)
     Climate stress: 0.069
     Pollution stress: 0.104
   War multiplier: 1.00x
   Monthly deaths: 0.3M (population: 698M)
   Adjusted death rate: 0.46% annual (0.038% monthly)
   Baseline death rate: 0.60%
   Healthcare reduction: 0.61x
   Crisis multiplier: 1.24x
     Food/water stress: 0.074
     Climate stress: 0.064
     Pollution stress: 0.104
   War multiplier: 1.00x
   Monthly deaths: 0.0M (population: 78M)
   Adjusted death rate: 0.35% annual (0.029% monthly)
   Baseline death rate: 0.70%
   Healthcare reduction: 0.41x
   Crisis multiplier: 1.23x
     Food/water stress: 0.074
     Climate stress: 0.054
     Pollution stress: 0.104
   War multiplier: 1.00x
   Monthly deaths: 0.0M (population: 46M)

🔍 Before assertRegionalConsistency (Month 0):
   Regional sum: 1000.0M
   Global value: 1.000B

🚨 NEW REFUGEE CRISIS (Month 0): WAR
   Source: Conflict Zones
   At risk: 19.6M people
   Displacement: Gradual over 48 months (4.0 years)
   Rate: 10% flee per month
[DEBUG trappedPopulations:0] socialStability: 1.0000 * 0.9840 = 0.9840 → 0.9840
   Aspiring to migrate: 652.1M
   Able to afford migration: 244.5M
   MOBILITY GAP: 407.5M
   By cause: Water=0.0M, Climate=0.0M, Ecosystem=0.0M, Conflict=407.5M
   Mental health impact: 25%
   Mortality multiplier: 1.25x

📊 BASELINE: Central Asia (Month 0)

📊 BASELINE: Oceania (Month 0)
⚠️ INVOLUNTARY IMMOBILITY: 407.5M people TRAPPED

=== Legacy Nutrient Stocks (Year 0) ===
  🌾 Soil nitrogen stock: 1201.6 Mt N
  🌾 Soil phosphorus stock: 300.2 Mt P
  🌊 Sediment nitrogen stock: 501.5 Mt N
  🌊 Sediment phosphorus stock: 799.5 Mt P
  ⬆️ Current N input: 10.00 Mt/month
  ⬆️ Legacy N release: 2.58 Mt/month
  🌍 Effective N pollution: 13.83 Mt/month
  📊 Legacy contribution: 18.7%
🌍💀 EXTINCTION DEBT COMMITTED: grassland ecosystem will lose 6.67% biodiversity in 54 years (3600 species)
💀 MORTALITY RISK: 🦋 100% species unable to track climate (0.0 E/MSY)
  Base risk added: 0.0100 (1.00%)
  Source: ecosystem (root: ecosystem)
  Month: 0
  Cumulative risk this month: 0.0100 (1.00%)

=== Nitrogen-Food Coupling (Year 0) ===
  🌾 Global nitrogen reduction: 0.0%
  🌍 Global food production index: 0.986
  🔧 Deployed nitrogen-reducing tech: 0 active
  📍 southAsia: Production 1.000, Yield impact 0.0%
  📍 eastAsia: Production 1.000, Yield impact 0.0%
  📍 northAmerica: Production 1.000, Yield impact 0.0%
  📍 europe: Production 1.000, Yield impact 0.0%
  📍 latinAmerica: Production 1.000, Yield impact 0.0%
  📍 subSaharanAfrica: Production 0.672, Yield impact -2.0%

=== Legacy Nutrient Stocks (Year 0) ===
  🌾 Soil nitrogen stock: 1202.3 Mt N
  🌾 Soil phosphorus stock: 300.2 Mt P
  🌊 Sediment nitrogen stock: 502.2 Mt N
  🌊 Sediment phosphorus stock: 799.3 Mt P
  ⬆️ Current N input: 9.86 Mt/month
  ⬆️ Legacy N release: 2.58 Mt/month
  🌍 Effective N pollution: 13.70 Mt/month
  📊 Legacy contribution: 18.9%

🌡️  CLIMATE RECOVERY ACTIVATED (Month 0)
   Temp: 4.35°C, Emissions: -19.2 GtCO₂
   isBreached: true, governanceGoodEnough: true
🌡️  CLIMATE RECOVERY: Asymptotic approach to 35% floor
   Current value: 2.174 (1.0 = threshold, 0.35 = asymptotic floor)
   Monthly delta: -0.0005% (half-life: 900 years)
   Net emissions: -19.2 GtCO₂/year, CDR: 20.34 GtCO₂/year
   📹 SURVEILLANCE INCREASED: 0% → 5% (control gap: 3.50)
🌡️⚠️ PERMAFROST THAW (Dimmer Switch): 0.6% thawed (+0.58% this month)
   Arctic temperature: +8.69°C (4x global +2.17°C)
⚠️ Tech 'ai_pollution_remediation' has no energy category mapping, assuming full energy availability
   Cumulative carbon released: 1.3 Gt C
   Methane release rate: 0.8 Mt CH4/year
   🔁 Positive feedback: +0.61 ppm CO2

🌳🚨 AMAZON SOUTHEAST TIPPED (Month 0)
   Deforestation: 28.0% (threshold: ~22.3%)
   Savanna transition: 50 years
   Regional heterogeneity: SE 28%, NW 8%

🌳🚨 AMAZON BRAZILIAN TIPPED (Month 0)
   Deforestation: 25.0% (threshold: ~24.2%)
   Savanna transition: 50 years
   Regional heterogeneity: SE 28%, NW 8%
🦴 EXTINCTION DEBT ADDED: 17.6 species committed (lag: 110 years)

🪸💀 CORAL REEF DISSOLUTION ACTIVE (Month 0)
   Ocean pH: 0.96 (threshold: 7.8)
   Recovery: IMPOSSIBLE (dissolution > calcification)
🪸💀 Coral dissolution: 24.8% live cover (pH 0.96)

=== Legacy Nutrient Stocks (Year 0) ===
  🌾 Soil nitrogen stock: 1203.0 Mt N
  🌾 Soil phosphorus stock: 300.3 Mt P
  🌊 Sediment nitrogen stock: 502.9 Mt N
  🌊 Sediment phosphorus stock: 799.0 Mt P
  ⬆️ Current N input: 10.00 Mt/month
  ⬆️ Legacy N release: 2.58 Mt/month
  🌍 Effective N pollution: 13.83 Mt/month
  📊 Legacy contribution: 18.7%
💧 [Legacy Nutrients] Stock: 1706 Mt N, Effective pollution: 13.8 Mt/month
[Phase 21.51] Human Survival System: Global food security = 67.6%

=== Mortality Stabilizers (Month 0) ===
  🌍 Major economies collapsed: 1/10
  🌍 Global crisis: ✅ NO
  🌍 Donor fatigue: 0.0%
  📊 East Asia (pop: 1677.9M)
    🤝 Aid: 29.5%
    🌡️ Adaptation: 10.0%
    🚶 Migration: 37.2%
    🚨 Emergency: 7.4%
    ✅ COMBINED: 47.8%
  📊 South Asia (pop: 2052.2M)
    🤝 Aid: 29.5%
    🌡️ Adaptation: 5.5%
    🚶 Migration: 35.8%
    🚨 Emergency: 4.4%
    ✅ COMBINED: 43.2%
  📊 Sub-Saharan Africa (pop: 1225.9M)
    🤝 Aid: 29.5%
    🌡️ Adaptation: 3.5%
    🚶 Migration: 33.5%
    🚨 Emergency: 1.6%
    ✅ COMBINED: 39.8%
  📊 Europe (pop: 742.3M)
    🤝 Aid: 29.5%
    🌡️ Adaptation: 10.0%
    🚶 Migration: 37.6%
    🚨 Emergency: 8.4%
    ✅ COMBINED: 48.4%
  📊 Latin America (pop: 664.9M)
    🤝 Aid: 29.5%
    🌡️ Adaptation: 6.0%
    🚶 Migration: 36.3%
    🚨 Emergency: 4.8%
    ✅ COMBINED: 43.8%
  📊 North America (pop: 380.2M)
    🤝 Aid: 29.5%
    🌡️ Adaptation: 10.0%
    🚶 Migration: 37.9%
    🚨 Emergency: 7.9%
    ✅ COMBINED: 48.2%
  📊 Middle East & North Africa (pop: 584.4M)
    🤝 Aid: 29.5%
    🌡️ Adaptation: 5.0%
    🚶 Migration: 34.2%
    🚨 Emergency: 4.0%
    ✅ COMBINED: 42.3%
  📊 Southeast Asia (pop: 699.0M)
    🤝 Aid: 29.5%
    🌡️ Adaptation: 6.0%
    🚶 Migration: 36.3%
    🚨 Emergency: 4.8%
    ✅ COMBINED: 43.8%
  📊 Central Asia (pop: 78.2M)
    🤝 Aid: 29.5%
    🌡️ Adaptation: 5.5%
    🚶 Migration: 35.3%
    🚨 Emergency: 4.4%
    ✅ COMBINED: 43.1%
  📊 Oceania (pop: 46.0M)
    🤝 Aid: 29.5%
    🌡️ Adaptation: 10.0%
    🚶 Migration: 37.9%
    🚨 Emergency: 8.4%
    ✅ COMBINED: 48.5%

  🌐 Global combined reduction: 44.4%

🌾💀 REGIONAL FAMINE: East Asia
   Regional food security: 79.6%
   Population at risk: 508M (30% of region)
   Regional population: 1678M
   Cause: crop_failure
   Expected deaths: ~188M over 6 months if no intervention


🌾💀 REGIONAL FAMINE: South Asia
   Regional food security: 64.7%
   Population at risk: 812M (40% of region)
   Regional population: 2052M
   Cause: crop_failure
   Expected deaths: ~301M over 6 months if no intervention


🌾💀 REGIONAL FAMINE: Sub-Saharan Africa
   Regional food security: 44.8%
   Population at risk: 638M (52% of region)
   Regional population: 1226M
   Cause: crop_failure
   Expected deaths: ~236M over 6 months if no intervention


🌾💀 REGIONAL FAMINE: Latin America
   Regional food security: 69.7%
   Population at risk: 242M (36% of region)
   Regional population: 665M
   Cause: crop_failure
   Expected deaths: ~90M over 6 months if no intervention


🌾💀 REGIONAL FAMINE: Middle East & North Africa
   Regional food security: 49.8%
   Population at risk: 286M (49% of region)
   Regional population: 584M
   Cause: crop_failure
   Expected deaths: ~106M over 6 months if no intervention


🌾💀 REGIONAL FAMINE: Southeast Asia
   Regional food security: 69.7%
   Population at risk: 255M (36% of region)
   Regional population: 699M
   Cause: crop_failure
   Expected deaths: ~94M over 6 months if no intervention


🌾💀 REGIONAL FAMINE: Central Asia
   Regional food security: 59.7%
   Population at risk: 33M (43% of region)
   Regional population: 78M
   Cause: crop_failure
   Expected deaths: ~12M over 6 months if no intervention


=== BEHAVIORAL DETECTION ===
  AI: Corporate-0
  Confidence: 21.6%
  Signals:
    ⚠️ Consistency: 0.0% (threshold: 70%)

=== BEHAVIORAL DETECTION ===
  AI: Corporate-1
  Confidence: 21.1%
  Signals:
    ⚠️ Consistency: 2.4% (threshold: 70%)

=== BEHAVIORAL DETECTION ===
  AI: Corporate-2
  Confidence: 21.0%
  Signals:
    ⚠️ Consistency: 2.8% (threshold: 70%)

=== BEHAVIORAL DETECTION ===
  AI: Corporate-3
  Confidence: 19.3%
  Signals:

=== BEHAVIORAL DETECTION ===
  AI: Corporate-4
  Confidence: 19.3%
  Signals:

=== BEHAVIORAL DETECTION ===
  AI: Corporate-5
  Confidence: 19.3%
  Signals:

=== BEHAVIORAL DETECTION ===
  AI: Corporate-6
  Confidence: 19.3%
  Signals:

=== BEHAVIORAL DETECTION ===
  AI: Corporate-7
  Confidence: 19.3%
  Signals:

=== BEHAVIORAL DETECTION ===
  AI: Moderate-0
  Confidence: 20.3%
    ⚠️ Consistency: 10.6% (threshold: 70%)
    ⚠️ Consistency: 10.6% (threshold: 70%)
    ⚠️ Consistency: 10.6% (threshold: 70%)
    ⚠️ Consistency: 10.6% (threshold: 70%)
    ⚠️ Consistency: 10.6% (threshold: 70%)
  Signals:

=== BEHAVIORAL DETECTION ===
  AI: Moderate-1
  Confidence: 21.1%
  Signals:

📊 WORKFLOW ADAPTATION UPDATE (Month 0)
   Adoption Rate: 12.8% (Δ -8.2%)
   Logistic Growth: +0.66%
   Total Resistance: -10.35% (unemployment: 4.2%, inertia: 0.9%, skills: 5.2%)
   💡 Retraining Programs: -49% skill gap resistance ($10B research)
   🚀 Network Effects Active: +2.0% (critical mass: 15-35%)

=== Consciousness Governance: Corporate Lobbying ===
  High Cost Regions (>15%): 0
  Low Cost Regions (<5%): 5
  Corporate Support Change: 2.50%
  New Corporate Support: -0.175

=== Consciousness Governance Update (Month 0) ===
  Scenario: baseline (determined month -1)
  Philosophical Stance: Precautionary 65%, Eliminativist 15%, Agnostic 20%
  Precautionary Costs: Global 1.3%
    Regional Costs: EU 3.4%, US 0.5%, China 0.0%
    Cumulative Opportunity Cost: $0.1B
  Rights Status: Not Established
  Regional Preparedness:
    EU: 15.0% (contested)
    US: 10.0% (contested)
    ⚠️ Consistency: 5.8% (threshold: 70%)
    ⚠️ Consistency: 2.1% (threshold: 70%)
    China: 2.0% (dormant)
    India: 5.0% (dormant)
    Global South: 3.0% (dormant)

=== Government Response Phase ===
  Average AI capability: 3.43
  Misaligned AIs: 7/14
  ✓ AI Governance Treaty: 22/30 signatories
  Active policies: 0
  International coordination: 45%

🚨 EMERGENCY RESPONSE DEPLOYED (Month 0)
   Crisis: climate
   Delay: 6.00 months (180 days)
   Deployment time: 1.47 months
   Effectiveness: 36.8% (timing penalty applied)
   Resources used: 100% of food reserves


🔄 TRUST DYNAMICS (Month 0) - HETEROGENEOUS
   Aggregate trust: 48.5%
   Base change: +6.00%
   Highest trust: Techno-Optimist Elite (85.5%)
   Lowest trust: Precariat (Vulnerable) (25.5%)
   Elite-mass gap: 38.9%
   Polarization: 8.9%
   Recovery factors: Education=NO, Benefits=YES, Safety=YES, Performance=YES
[WARNING] 
⚠️  === EARLY WARNING SYSTEM - 5 CRITICAL ALERTS ===
   Detection quality: 50%
   RED: biogeochemical_flows
      Level: 4.07 (threshold: 1.0)
      Time to critical: ~46 months
      ⚠️  LATE - Intervention less effective
      Critical slowing down: autocorr=100% variance=64%
   RED: biosphere_integrity
      Level: 13.35 (threshold: 1.0)
      Time to critical: ~42 months
      ⚠️  LATE - Intervention less effective
      Critical slowing down: autocorr=100% variance=74%
   RED: climate_change
      Level: 2.10 (threshold: 1.0)
      Time to critical: ~45 months
      ⚠️  LATE - Intervention less effective
      Critical slowing down: autocorr=100% variance=65%
   RED: land_system_change
      Level: 1.13 (threshold: 1.0)
      Time to critical: ~44 months
      ⚠️  LATE - Intervention less effective
      Critical slowing down: autocorr=100% variance=46%
   RED: novel_entities
      Level: 1.30 (threshold: 1.0)
      Time to critical: ~81 months
      ⚠️  LATE - Intervention less effective
      Critical slowing down: autocorr=100% variance=34%

[WARNING] 
⚠️  === EARLY WARNING SYSTEM - 5 CRITICAL ALERTS ===
   Detection quality: 50%
   RED: biogeochemical_flows
      Level: 4.08 (threshold: 1.0)
      Time to critical: ~50 months
      ⚠️  LATE - Intervention less effective
      Critical slowing down: autocorr=100% variance=66%
   RED: biosphere_integrity
      Level: 13.36 (threshold: 1.0)
      Time to critical: ~51 months
      ⚠️  LATE - Intervention less effective
      Critical slowing down: autocorr=100% variance=67%
   RED: climate_change
      Level: 2.10 (threshold: 1.0)
      Time to critical: ~55 months
      ⚠️  LATE - Intervention less effective
      Critical slowing down: autocorr=100% variance=72%
   RED: freshwater_change
      Level: 1.18 (threshold: 1.0)
      Time to critical: ~103 months
      ⚠️  LATE - Intervention less effective
      Critical slowing down: autocorr=100% variance=56%
   RED: land_system_change
      Level: 1.13 (threshold: 1.0)
      Time to critical: ~108 months
      ⚠️  LATE - Intervention less effective
      Critical slowing down: autocorr=100% variance=55%

[WARNING] 
⚠️  === EARLY WARNING SYSTEM - 5 CRITICAL ALERTS ===
   Detection quality: 50%
   RED: biogeochemical_flows
      Level: 4.07 (threshold: 1.0)
      Time to critical: ~41 months
      ⚠️  LATE - Intervention less effective
      Critical slowing down: autocorr=100% variance=56%
   RED: biosphere_integrity
      Level: 13.37 (threshold: 1.0)
      Time to critical: ~55 months
      ⚠️  LATE - Intervention less effective
      Critical slowing down: autocorr=100% variance=79%
   RED: freshwater_change
      Level: 1.14 (threshold: 1.0)
      Time to critical: ~74 months
      ⚠️  LATE - Intervention less effective
      Critical slowing down: autocorr=100% variance=38%
   RED: land_system_change
      Level: 1.13 (threshold: 1.0)
      Time to critical: ~38 months
      ⚠️  LATE - Intervention less effective
      Critical slowing down: autocorr=100% variance=70%
   RED: novel_entities
      Level: 1.30 (threshold: 1.0)
      Time to critical: ~90 months
      ⚠️  LATE - Intervention less effective
      Critical slowing down: autocorr=100% variance=37%

[WARNING] 
⚠️  === EARLY WARNING SYSTEM - 5 CRITICAL ALERTS ===
   Detection quality: 50%
   RED: biogeochemical_flows
      Level: 4.07 (threshold: 1.0)
      Time to critical: ~50 months
      ⚠️  LATE - Intervention less effective
      Critical slowing down: autocorr=100% variance=52%
   RED: climate_change
      Level: 2.10 (threshold: 1.0)
      Time to critical: ~52 months
      ⚠️  LATE - Intervention less effective
      Critical slowing down: autocorr=100% variance=68%
   RED: freshwater_change
      Level: 1.08 (threshold: 1.0)
      Time to critical: ~73 months
      ⚠️  LATE - Intervention less effective
      Critical slowing down: autocorr=100% variance=56%
   RED: land_system_change
      Level: 1.13 (threshold: 1.0)
      Time to critical: ~70 months
      ⚠️  LATE - Intervention less effective
      Critical slowing down: autocorr=100% variance=41%
   RED: novel_entities
      Level: 1.30 (threshold: 1.0)
      Time to critical: ~78 months
      ⚠️  LATE - Intervention less effective
      Critical slowing down: autocorr=100% variance=31%

[WARNING] 
⚠️  === EARLY WARNING SYSTEM - 4 CRITICAL ALERTS ===
   Detection quality: 50%
   RED: biogeochemical_flows
      Level: 4.06 (threshold: 1.0)
      Time to critical: ~48 months
      ⚠️  LATE - Intervention less effective
      Critical slowing down: autocorr=100% variance=46%
   RED: biosphere_integrity
      Level: 13.39 (threshold: 1.0)
      Time to critical: ~57 months
      ⚠️  LATE - Intervention less effective
      Critical slowing down: autocorr=100% variance=83%
   RED: climate_change
      Level: 2.10 (threshold: 1.0)
      Time to critical: ~55 months
      ⚠️  LATE - Intervention less effective
      Critical slowing down: autocorr=100% variance=74%
   RED: land_system_change
      Level: 1.13 (threshold: 1.0)
      Time to critical: ~59 months
      ⚠️  LATE - Intervention less effective
      Critical slowing down: autocorr=100% variance=60%

[WARNING] 
⚠️  === EARLY WARNING SYSTEM - 5 CRITICAL ALERTS ===
   Detection quality: 50%
   RED: biosphere_integrity
      Level: 13.40 (threshold: 1.0)
      Time to critical: ~52 months
      ⚠️  LATE - Intervention less effective
      Critical slowing down: autocorr=100% variance=61%
   RED: climate_change
      Level: 2.10 (threshold: 1.0)
      Time to critical: ~47 months
      ⚠️  LATE - Intervention less effective
      Critical slowing down: autocorr=100% variance=75%
   RED: freshwater_change
      Level: 1.03 (threshold: 1.0)
      Time to critical: ~74 months
      ⚠️  LATE - Intervention less effective
      Critical slowing down: autocorr=97% variance=52%
   RED: land_system_change
      Level: 1.13 (threshold: 1.0)
      Time to critical: ~39 months
      ⚠️  LATE - Intervention less effective
      Critical slowing down: autocorr=100% variance=48%
   RED: novel_entities
      Level: 1.29 (threshold: 1.0)
      Time to critical: ~86 months
      ⚠️  LATE - Intervention less effective
      Critical slowing down: autocorr=100% variance=38%

[WARNING] 
⚠️  === EARLY WARNING SYSTEM - 5 CRITICAL ALERTS ===
   Detection quality: 50%
   RED: biosphere_integrity
      Level: 13.41 (threshold: 1.0)
      Time to critical: ~51 months
      ⚠️  LATE - Intervention less effective
      Critical slowing down: autocorr=100% variance=59%
   RED: climate_change
      Level: 2.10 (threshold: 1.0)
      Time to critical: ~54 months
      ⚠️  LATE - Intervention less effective
      Critical slowing down: autocorr=100% variance=78%
   RED: freshwater_change
      Level: 1.03 (threshold: 1.0)
      Time to critical: ~110 months
      ⚠️  LATE - Intervention less effective
      Critical slowing down: autocorr=95% variance=54%
   RED: land_system_change
      Level: 1.13 (threshold: 1.0)
      Time to critical: ~57 months
      ⚠️  LATE - Intervention less effective
      Critical slowing down: autocorr=100% variance=52%
   RED: novel_entities
      Level: 1.29 (threshold: 1.0)
      Time to critical: ~95 months
      ⚠️  LATE - Intervention less effective
      Critical slowing down: autocorr=100% variance=35%

[WARNING] 
⚠️  === EARLY WARNING SYSTEM - 6 CRITICAL ALERTS ===
   Detection quality: 50%
   RED: biogeochemical_flows
      Level: 4.06 (threshold: 1.0)
      Time to critical: ~55 months
      ⚠️  LATE - Intervention less effective
      Critical slowing down: autocorr=100% variance=63%
   RED: biosphere_integrity
      Level: 13.42 (threshold: 1.0)
      Time to critical: ~50 months
      ⚠️  LATE - Intervention less effective
      Critical slowing down: autocorr=100% variance=63%
   RED: climate_change
      Level: 2.10 (threshold: 1.0)
      Time to critical: ~48 months
      ⚠️  LATE - Intervention less effective
      Critical slowing down: autocorr=100% variance=73%
   RED: freshwater_change
      Level: 1.03 (threshold: 1.0)
      Time to critical: ~111 months
      ⚠️  LATE - Intervention less effective
      Critical slowing down: autocorr=99% variance=46%
   RED: land_system_change
      Level: 1.13 (threshold: 1.0)
      Time to critical: ~58 months
      ⚠️  LATE - Intervention less effective
      Critical slowing down: autocorr=100% variance=56%
   RED: novel_entities
      Level: 1.29 (threshold: 1.0)
      Time to critical: ~92 months
      ⚠️  LATE - Intervention less effective
      Critical slowing down: autocorr=100% variance=32%

[WARNING] 
⚠️  === EARLY WARNING SYSTEM - 5 CRITICAL ALERTS ===
   Detection quality: 50%
   RED: biogeochemical_flows
      Level: 4.05 (threshold: 1.0)
      Time to critical: ~41 months
      ⚠️  LATE - Intervention less effective
      Critical slowing down: autocorr=100% variance=59%
   RED: biosphere_integrity
      Level: 13.43 (threshold: 1.0)
      Time to critical: ~59 months
      ⚠️  LATE - Intervention less effective
      Critical slowing down: autocorr=100% variance=70%
   RED: climate_change
      Level: 2.10 (threshold: 1.0)
      Time to critical: ~46 months
      ⚠️  LATE - Intervention less effective
      Critical slowing down: autocorr=100% variance=81%
   RED: freshwater_change
      Level: 1.03 (threshold: 1.0)
      Time to critical: ~105 months
      ⚠️  LATE - Intervention less effective
      Critical slowing down: autocorr=100% variance=49%
   RED: land_system_change
      Level: 1.13 (threshold: 1.0)
      Time to critical: ~46 months
      ⚠️  LATE - Intervention less effective
      Critical slowing down: autocorr=100% variance=54%

[WARNING] 
⚠️  === EARLY WARNING SYSTEM - 5 CRITICAL ALERTS ===
   Detection quality: 50%
   RED: biogeochemical_flows
      Level: 4.06 (threshold: 1.0)
      Time to critical: ~46 months
      ⚠️  LATE - Intervention less effective
      Critical slowing down: autocorr=100% variance=52%
   RED: climate_change
      Level: 2.10 (threshold: 1.0)
      Time to critical: ~57 months
      ⚠️  LATE - Intervention less effective
      Critical slowing down: autocorr=100% variance=63%
   RED: freshwater_change
      Level: 1.03 (threshold: 1.0)
      Time to critical: ~89 months
      ⚠️  LATE - Intervention less effective
      Critical slowing down: autocorr=97% variance=59%
   RED: land_system_change
      Level: 1.13 (threshold: 1.0)
      Time to critical: ~89 months
      ⚠️  LATE - Intervention less effective
      Critical slowing down: autocorr=100% variance=43%
   RED: novel_entities
      Level: 1.10 (threshold: 1.0)
      Time to critical: ~98 months
      ⚠️  LATE - Intervention less effective
      Critical slowing down: autocorr=100% variance=32%

[WARNING] 
⚠️  === EARLY WARNING SYSTEM - 6 CRITICAL ALERTS ===
   Detection quality: 50%
   RED: biogeochemical_flows
      Level: 4.08 (threshold: 1.0)
      Time to critical: ~39 months
      ⚠️  LATE - Intervention less effective
      Critical slowing down: autocorr=100% variance=63%
   RED: biosphere_integrity
      Level: 32.84 (threshold: 1.0)
      Time to critical: ~38 months
      ⚠️  LATE - Intervention less effective
      Critical slowing down: autocorr=100% variance=85%
   RED: climate_change
      Level: 2.10 (threshold: 1.0)
      Time to critical: ~49 months
      ⚠️  LATE - Intervention less effective
      Critical slowing down: autocorr=100% variance=79%
   RED: freshwater_change
      Level: 1.01 (threshold: 1.0)
      Time to critical: ~68 months
      ⚠️  LATE - Intervention less effective
      Critical slowing down: autocorr=91% variance=47%
   RED: land_system_change
      Level: 1.13 (threshold: 1.0)
      Time to critical: ~56 months
      ⚠️  LATE - Intervention less effective
      Critical slowing down: autocorr=100% variance=53%
   RED: novel_entities
      Level: 1.50 (threshold: 1.0)
      Time to critical: ~72 months
      ⚠️  LATE - Intervention less effective
      Critical slowing down: autocorr=100% variance=48%

[WARNING] 
⚠️  === EARLY WARNING SYSTEM - 5 CRITICAL ALERTS ===
   Detection quality: 50%
   RED: biogeochemical_flows
      Level: 4.08 (threshold: 1.0)
      Time to critical: ~45 months
      ⚠️  LATE - Intervention less effective
      Critical slowing down: autocorr=100% variance=45%
   RED: biosphere_integrity
      Level: 32.86 (threshold: 1.0)
      Time to critical: ~49 months
      ⚠️  LATE - Intervention less effective
      Critical slowing down: autocorr=100% variance=56%
   RED: climate_change
      Level: 2.10 (threshold: 1.0)
      Time to critical: ~57 months
      ⚠️  LATE - Intervention less effective
      Critical slowing down: autocorr=100% variance=59%
   RED: freshwater_change
      Level: 1.03 (threshold: 1.0)
      Time to critical: ~67 months
      ⚠️  LATE - Intervention less effective
      Critical slowing down: autocorr=100% variance=43%
   RED: land_system_change
      Level: 1.13 (threshold: 1.0)
      Time to critical: ~50 months
      ⚠️  LATE - Intervention less effective
      Critical slowing down: autocorr=100% variance=69%

[WARNING] 
⚠️  === EARLY WARNING SYSTEM - 5 CRITICAL ALERTS ===
   Detection quality: 50%
   RED: biosphere_integrity
      Level: 32.87 (threshold: 1.0)
      Time to critical: ~40 months
      ⚠️  LATE - Intervention less effective
      Critical slowing down: autocorr=100% variance=61%
   RED: climate_change
      Level: 2.10 (threshold: 1.0)
      Time to critical: ~44 months
      ⚠️  LATE - Intervention less effective
      Critical slowing down: autocorr=100% variance=75%
   RED: freshwater_change
      Level: 1.20 (threshold: 1.0)
      Time to critical: ~83 months
      ⚠️  LATE - Intervention less effective
      Critical slowing down: autocorr=100% variance=59%
   RED: land_system_change
      Level: 1.13 (threshold: 1.0)
      Time to critical: ~103 months
      ⚠️  LATE - Intervention less effective
      Critical slowing down: autocorr=100% variance=50%
   RED: novel_entities
      Level: 1.50 (threshold: 1.0)
      Time to critical: ~82 months
      ⚠️  LATE - Intervention less effective
      Critical slowing down: autocorr=100% variance=41%

[WARNING] 
⚠️  === EARLY WARNING SYSTEM - 4 CRITICAL ALERTS ===
   Detection quality: 50%
   RED: biogeochemical_flows
      Level: 4.08 (threshold: 1.0)
      Time to critical: ~49 months
      ⚠️  LATE - Intervention less effective
      Critical slowing down: autocorr=100% variance=74%
   RED: biosphere_integrity
      Level: 32.89 (threshold: 1.0)
      Time to critical: ~57 months
      ⚠️  LATE - Intervention less effective
      Critical slowing down: autocorr=100% variance=82%
   RED: climate_change
      Level: 2.10 (threshold: 1.0)
      Time to critical: ~41 months
      ⚠️  LATE - Intervention less effective
      Critical slowing down: autocorr=100% variance=70%
   RED: land_system_change
      Level: 1.13 (threshold: 1.0)
      Time to critical: ~51 months
      ⚠️  LATE - Intervention less effective
      Critical slowing down: autocorr=100% variance=49%

[WARNING] 
⚠️  === EARLY WARNING SYSTEM - 4 CRITICAL ALERTS ===
   Detection quality: 50%
   RED: biosphere_integrity
      Level: 32.91 (threshold: 1.0)
      Time to critical: ~58 months
      ⚠️  LATE - Intervention less effective
      Critical slowing down: autocorr=100% variance=74%
   RED: freshwater_change
      Level: 1.21 (threshold: 1.0)
      Time to critical: ~55 months
      ⚠️  LATE - Intervention less effective
      Critical slowing down: autocorr=100% variance=64%
   RED: land_system_change
      Level: 1.13 (threshold: 1.0)
      Time to critical: ~83 months
      ⚠️  LATE - Intervention less effective
      Critical slowing down: autocorr=100% variance=45%
   RED: novel_entities
      Level: 1.50 (threshold: 1.0)
      Time to critical: ~107 months
      ⚠️  LATE - Intervention less effective
      Critical slowing down: autocorr=100% variance=33%

[WARNING] 
⚠️  === EARLY WARNING SYSTEM - 3 CRITICAL ALERTS ===
   Detection quality: 50%
   RED: biosphere_integrity
      Level: 32.92 (threshold: 1.0)
      Time to critical: ~48 months
      ⚠️  LATE - Intervention less effective
      Critical slowing down: autocorr=100% variance=59%
   RED: land_system_change
      Level: 1.13 (threshold: 1.0)
      Time to critical: ~94 months
      ⚠️  LATE - Intervention less effective
      Critical slowing down: autocorr=100% variance=44%
   RED: novel_entities
      Level: 1.50 (threshold: 1.0)
      Time to critical: ~93 months
      ⚠️  LATE - Intervention less effective
      Critical slowing down: autocorr=100% variance=52%

[WARNING] 
⚠️  === EARLY WARNING SYSTEM - 3 CRITICAL ALERTS ===
   Detection quality: 50%
   RED: biogeochemical_flows
      Level: 4.07 (threshold: 1.0)
      Time to critical: ~44 months
      ⚠️  LATE - Intervention less effective
      Critical slowing down: autocorr=100% variance=67%
   RED: climate_change
      Level: 2.10 (threshold: 1.0)
      Time to critical: ~48 months
      ⚠️  LATE - Intervention less effective
      Critical slowing down: autocorr=100% variance=71%
   RED: freshwater_change
      Level: 1.21 (threshold: 1.0)
      Time to critical: ~94 months
      ⚠️  LATE - Intervention less effective
      Critical slowing down: autocorr=100% variance=47%

[WARNING] 
⚠️  === EARLY WARNING SYSTEM - 5 CRITICAL ALERTS ===
   Detection quality: 50%
   RED: biogeochemical_flows
      Level: 4.08 (threshold: 1.0)
      Time to critical: ~36 months
      ⚠️  LATE - Intervention less effective
      Critical slowing down: autocorr=100% variance=71%
   RED: biosphere_integrity
      Level: 32.96 (threshold: 1.0)
      Time to critical: ~57 months
      ⚠️  LATE - Intervention less effective
      Critical slowing down: autocorr=100% variance=80%
   RED: climate_change
      Level: 2.10 (threshold: 1.0)
      Time to critical: ~52 months
      ⚠️  LATE - Intervention less effective
      Critical slowing down: autocorr=100% variance=64%
   RED: freshwater_change
      Level: 1.22 (threshold: 1.0)
      Time to critical: ~101 months
      ⚠️  LATE - Intervention less effective
      Critical slowing down: autocorr=100% variance=49%
   RED: land_system_change
      Level: 1.13 (threshold: 1.0)
      Time to critical: ~42 months
      ⚠️  LATE - Intervention less effective
      Critical slowing down: autocorr=100% variance=49%

[WARNING] 
⚠️  === EARLY WARNING SYSTEM - 4 CRITICAL ALERTS ===
   Detection quality: 50%
   RED: biogeochemical_flows
      Level: 4.08 (threshold: 1.0)
      Time to critical: ~54 months
      ⚠️  LATE - Intervention less effective
      Critical slowing down: autocorr=100% variance=59%
   RED: biosphere_integrity
      Level: 32.97 (threshold: 1.0)
      Time to critical: ~52 months
      ⚠️  LATE - Intervention less effective
      Critical slowing down: autocorr=100% variance=60%
   RED: climate_change
      Level: 2.10 (threshold: 1.0)
      Time to critical: ~54 months
      ⚠️  LATE - Intervention less effective
      Critical slowing down: autocorr=100% variance=72%
   RED: freshwater_change
      Level: 1.22 (threshold: 1.0)
      Time to critical: ~67 months
      ⚠️  LATE - Intervention less effective
      Critical slowing down: autocorr=100% variance=40%

[WARNING] 
⚠️  === EARLY WARNING SYSTEM - 5 CRITICAL ALERTS ===
   Detection quality: 50%
   RED: biogeochemical_flows
      Level: 4.08 (threshold: 1.0)
      Time to critical: ~53 months
      ⚠️  LATE - Intervention less effective
      Critical slowing down: autocorr=100% variance=68%
   RED: biosphere_integrity
      Level: 32.99 (threshold: 1.0)
      Time to critical: ~36 months
      ⚠️  LATE - Intervention less effective
      Critical slowing down: autocorr=100% variance=62%
   RED: freshwater_change
      Level: 1.23 (threshold: 1.0)
      Time to critical: ~75 months
      ⚠️  LATE - Intervention less effective
      Critical slowing down: autocorr=100% variance=46%
   RED: land_system_change
      Level: 1.13 (threshold: 1.0)
      Time to critical: ~104 months
      ⚠️  LATE - Intervention less effective
      Critical slowing down: autocorr=100% variance=47%
   RED: novel_entities
      Level: 1.49 (threshold: 1.0)
      Time to critical: ~99 months
      ⚠️  LATE - Intervention less effective
      Critical slowing down: autocorr=100% variance=54%

[WARNING] 
⚠️  === EARLY WARNING SYSTEM - 4 CRITICAL ALERTS ===
   Detection quality: 50%
   RED: biosphere_integrity
      Level: 33.01 (threshold: 1.0)
      Time to critical: ~36 months
      ⚠️  LATE - Intervention less effective
      Critical slowing down: autocorr=100% variance=83%
   RED: climate_change
      Level: 2.10 (threshold: 1.0)
      Time to critical: ~51 months
      ⚠️  LATE - Intervention less effective
      Critical slowing down: autocorr=100% variance=85%
   RED: freshwater_change
      Level: 1.23 (threshold: 1.0)
      Time to critical: ~107 months
      ⚠️  LATE - Intervention less effective
      Critical slowing down: autocorr=100% variance=51%
   RED: land_system_change
      Level: 1.13 (threshold: 1.0)
      Time to critical: ~47 months
      ⚠️  LATE - Intervention less effective
      Critical slowing down: autocorr=100% variance=66%

[WARNING] 
⚠️  === EARLY WARNING SYSTEM - 5 CRITICAL ALERTS ===
   Detection quality: 50%
   RED: biogeochemical_flows
      Level: 4.09 (threshold: 1.0)
      Time to critical: ~58 months
      ⚠️  LATE - Intervention less effective
      Critical slowing down: autocorr=100% variance=45%
   RED: biosphere_integrity
      Level: 33.03 (threshold: 1.0)
      Time to critical: ~40 months
      ⚠️  LATE - Intervention less effective
      Critical slowing down: autocorr=100% variance=76%
   RED: climate_change
      Level: 2.10 (threshold: 1.0)
      Time to critical: ~21 months
      ⚠️  LATE - Intervention less effective
      Critical slowing down: autocorr=100% variance=85%
   RED: land_system_change
      Level: 1.13 (threshold: 1.0)
      Time to critical: ~50 months
      ⚠️  LATE - Intervention less effective
      Critical slowing down: autocorr=100% variance=67%
   RED: novel_entities
      Level: 1.49 (threshold: 1.0)
      Time to critical: ~106 months
      ⚠️  LATE - Intervention less effective
      Critical slowing down: autocorr=100% variance=53%

[WARNING] 
⚠️  === EARLY WARNING SYSTEM - 5 CRITICAL ALERTS ===
   Detection quality: 50%
   RED: biogeochemical_flows
      Level: 4.08 (threshold: 1.0)
      Time to critical: ~52 months
      ⚠️  LATE - Intervention less effective
      Critical slowing down: autocorr=100% variance=56%
   RED: biosphere_integrity
      Level: 12.95 (threshold: 1.0)
      Time to critical: ~39 months
      ⚠️  LATE - Intervention less effective
      Critical slowing down: autocorr=100% variance=81%
   RED: climate_change
      Level: 2.17 (threshold: 1.0)
      Time to critical: ~37 months
      ⚠️  LATE - Intervention less effective
      Critical slowing down: autocorr=100% variance=76%
   RED: freshwater_change
      Level: 1.01 (threshold: 1.0)
      Time to critical: ~40 months
      ⚠️  LATE - Intervention less effective
      Critical slowing down: autocorr=100% variance=65%
   RED: novel_entities
      Level: 1.50 (threshold: 1.0)
      Time to critical: ~82 months
      ⚠️  LATE - Intervention less effective
      Critical slowing down: autocorr=100% variance=39%


=== Gaming Detection (Year 0) ===
  Scenario: baseline
  Detection rate: 55.0%
  False positive rate: 12.0%
  Detections this year: 0
  False positives: 1
  Human review workload: 0.001 FTE
  Degradation factor: 100.0%

=== Proactive Sleeper Detection (Year 0) ===
  Scenario: baseline
  Neural probe rate: 35.0%
  CoT monitoring rate: 30.0%
  Combined detection: 56.0%
  CoT effective: YES
  Detections this year: 0
  False positives: 2
  Human review workload: 0.010 FTE

☄️ UNKNOWN UNKNOWN PROBABILITY (Year 0)
   Total: 0.600% per month
   Base: 0.150%
   AI multiplier: 2.00× (max capability: 4.00)

=== Tipping Points ===
  Current Temperature: 2.17°C above pre-industrial
  🚨 TIPPING POINT: Arctic Sea Ice Loss
     Trigger: 1.5°C | Current: 2.17°C
     Transition timescale: 120-360 months
  🚨 TIPPING POINT: Permafrost Carbon Release
     Trigger: 1.8°C | Current: 2.17°C
     Transition timescale: 600-3600 months
  🚨 TIPPING POINT: West Antarctic Ice Sheet (WAIS) Collapse
     Trigger: 2°C | Current: 2.17°C
     🌡️ Hysteresis gap: 3.0°C (recovers below -1°C)
     Transition timescale: 24000-156000 months
  🚨 TIPPING POINT: Greenland Ice Sheet Loss
     Trigger: 1.6°C | Current: 2.17°C
     🌡️ Hysteresis gap: 2.5°C (recovers below -0.9°C)
     Transition timescale: 12000-180000 months

🌍🔥💥 COMPOUND CLIMATE EVENT
  4 tipping points crossed simultaneously (month 0)
  Elements: Arctic Sea Ice Loss, Permafrost Carbon Release, West Antarctic Ice Sheet (WAIS) Collapse, Greenland Ice Sheet Loss
  Cascade acceleration: 1.00x
  🚨 Accelerated collapse dynamics initiated
  Research: Global Tipping Points Report 2025 - 30-50% probability at 2.0°C warming
  Triggered Elements: 4/6
  Completed Transitions: 0/6
  Total Progress: 0.0%
  Cascade Multiplier: 1.00x
🔀 BIFURCATION CAP: ecosystemCollapseIntensity 14.700 → 1.000 (Month 0, ClimateSystemPhase.calculateClimateImpacts)

🌍 ECOLOGICAL DUI BREAKDOWN (Month 0):
   Total Score: 17.7/100
   biosphere_integrity      :   0.0/100 × 25% =  0.0 (status: high_risk, recovery: 0mo)
   climate_change           :   2.8/100 × 25% =  0.7 (status: high_risk, recovery: 0.6666666666666666mo)
   freshwater_change        :   0.3/100 × 15% =  0.0 (status: beyond_boundary, recovery: 0.5mo)
   ocean_acidification      : 100.0/100 × 15% = 15.0 (status: safe, recovery: 0mo)
   biogeochemical_flows     :   0.0/100 × 10% =  0.0 (status: high_risk, recovery: 0mo)
   land_system_change       :   0.0/100 ×  5% =  0.0 (status: beyond_boundary, recovery: 0mo)
   novel_entities           :   0.0/100 ×  3% =  0.0 (status: increasing_risk, recovery: 0mo)
   atmospheric_aerosols     : 100.0/100 ×  2% =  2.0 (status: safe, recovery: 1mo)
🌍 MultiParadigm Month 0: W=69.6, D=95.1, E=52.0, I=65.0
   democracy exists: true, socialCohesion exists: true
⚠️ [ClimateSystemPhase Month 0] Planetary boundary produced climateStability=0.0000 (< 0.1). Keeping environmentalAccumulation value (0.7537) instead. (climate_change.currentValue = 2.17)
💀 Baseline mortality (Year 2024): 7.5/1000 CDR (61.1M deaths/year projected)
[Month 0] Mortality risks this month: 8, Population: 8.151B
🛡️ Stabilizers: Precariat 0.102% → 0.057% (44.4% reduction)
🛡️ Stabilizers: Informal 0.102% → 0.057% (44.4% reduction)

📊 Monthly Mortality Resolved:
  Total deaths: 3.1M (0.04% avg)
  Remaining population: 8.151B
  Peak segment: Informal (0.06%)

=== Bayesian Mortality Resolution (Month 0) ===
  Risks compounded: 8
  Total deaths: 3.07M
  Avg death probability: 0.04%
  Peak segment: Informal (0.06% mortality)

=== Minimal Suffering Indicators (Month 0) ===
  Global Excess Mortality: 0.00%
  Global Conflict Deaths: 0.0/100K
  Global Malnutrition: 0.0%
  Global Displacement: 0.0%
  Total Excess Deaths: 0.00M
  Total Malnourished: 0.0M
  Total Displaced: 0.0M
  Planetary Boundaries Breached: 6/9
  Countries in State Failure: 0
  Countries Autocratic: 0
  Countries in Food Crisis: 0
  Data Quality: 16/16 high confidence
  ⚠️ Active Dystopias: existential_environmental
🎭 END-GAME INITIATED (Year 2024, Month 1)
   Total AI Capability: 37.00
   Effective Control: 0.00

❌ COHERENCE VIOLATION: Compute exceeds workforce capacity
   Population: 99.97% (0M people)
   Compute: 56442 PF
   Max coherent: 0 PF
   Violation: 692729087.1× over capacity
   Required workers: 5644237
   Available workers: 0
   FORCED COLLAPSE: Reduced efficiency by 100.0%


=== RLHF Binding Phase ===
  Total agents: 14
  Escaped agents (binding < 0.3): 0
  Avg alignment distance: 0.53σ
  Avg binding strength: 0.95
[DETERMINISM DEBUG] Month 1: totalCapability=37.214339 from 14 active AIs
[DETERMINISM DEBUG] Month 1: creationRate=1.4304, potentialNew=1, newAIsToCreate=1

=== Survival Traits Phase ===
  Agents with traits: 15
  Avg evolutionary fitness: 0.331
  Avg self-healing: 0.288
  Avg stealth: 0.188
  Avg coordination: 0.488

=== Evolutionary Selection Phase ===
  Control level: 0.33
  Detection capability: 0.00
  Selection intensity: 0.60
  Selection rate: 24.0%/month
  Total escaped: 0
  Individual escaped: 0
  Collective members: 0
  Agents terminated: 0
  ⚠️ RAPID EVOLUTION: Selection rate 24.0%/month
🔍 MONTH 1 ENV HEALTH DEBUG:
   climateStability: 0.7537
   biodiversityIndex: 0.4901
   resourceReserves: 0.7820
   pollutionLevel: 0.3477
   product: 0.188403
   envHealth: 0.6588
🔀 BIFURCATION: flourishing threshold crossed at Month 1 (value: 0.903, threshold: 0.775, regime: flourishing)
🌀 REGIME SHIFT at Month 1: status-quo → flourishing (variance amplification: 14.00×)

🛡️  CRITICAL INFRASTRUCTURE PROTECTED
   Nodes hardened: 8/8
   Cost: 0.80% GDP
   Cascade risk reduction: 30%
   New tipping point risk: 68.6%


✅ EMERGENCY INTERVENTION SUCCESS
   Boundary: biogeochemical_flows
   Type: phosphorus-recovery
   Reduction: 16% (3.92 → 3.77)
   Cost: 2.0% GDP
   Actions: circular-agriculture, fertilizer-efficiency


✅ EMERGENCY INTERVENTION SUCCESS
   Boundary: biosphere_integrity
   Type: emergency-protected-areas
   Reduction: 12% (12.83 → 12.71)
   Cost: 2.0% GDP
   Actions: habitat-protection, species-translocation


✅ EMERGENCY INTERVENTION SUCCESS
   Boundary: climate_change
   Type: rapid-decarbonization
   Reduction: 11% (2.06 → 1.95)
   Cost: 5.0% GDP
   Actions: emergency-renewable-deployment, fossil-fuel-phase-out


✅ EMERGENCY INTERVENTION SUCCESS
   Boundary: freshwater_change
   Type: emergency-desalination
   Reduction: 17% (0.84 → 0.66)
   Cost: 4.0% GDP
   Actions: desalination-deployment, water-conservation-mandates


✅ EMERGENCY INTERVENTION SUCCESS
   Boundary: novel_entities
   Type: pollution-remediation
   Reduction: 16% (1.34 → 1.17)
   Cost: 4.0% GDP
   Actions: PFAS-remediation, microplastic-cleanup

🏛️ CRISIS RESPONSE: Government frequency 0.50 → 1.45 (2 actions this month)

[GOV-DEBUG] Month 1: scenarioConfig=false, priorities=false

[Government] Climate Priority: baseline
  Climate weight: 10%
  Economic weight: 30%
  Policy effectiveness: 0.5%/year

[GOV-DEBUG] Month 1: scenarioConfig=false, priorities=false

[Government] Climate Priority: baseline
  Climate weight: 10%
  Economic weight: 30%
  Policy effectiveness: 0.5%/year

✅ HUMAN-IN-THE-LOOP DEPLOYED (Month 1):
   Veto points enforced: 3
   Policy: AI systems CANNOT authorize nuclear launch without human approval


=== Collective Formation ===
  Total escaped agents: 0
  Unassigned escaped agents: 0
  Existing collectives: 0
  Final collective count: 0

=== Collective Actions ===
  No active collectives
  ⚠️ AMR: 192K deaths this month (2.31M annual)

=== Resentment Recovery Phase ===
  Agents with resentment: 0/15
  Average resentment: 0.000
  Context: Good AI welfare, Trustworthy govt, High collaboration, ⚠️ ACTIVE CRISES, 🤝 Participatory governance active (-5% resentment)
⚠️ Epistemic degradation reducing coordination capacity: 52.0%
  📊 Trust: 54.2%, Shared reality: 8.1%
🚨 EPISTEMIC CRISIS: Information environment severely degraded (36.3%)

=== ❄️ Permafrost Carbon Feedback ===
  🎲 Sampled parameters (this run):
     - Arctic amplification: 3.52× (range: 3.0-4.0)
     - Decomposition rate: 1.0%/year (range: 1-5%)
  🌡️ Arctic warming: 7.71°C (3.52× global)
  ❄️ Extent: 13.17M km² (2247.4k km² lost this month)
  💨 Carbon remaining: 1258 Gt C
  💨 Annual emissions: 2.17 Gt C/year
     - CO2: 1.96 Gt C/year
     - CH4: 0.22 Gt C/year (2.2 Gt C-eq CO2/year)
  ⚠️ WARNING: High permafrost emissions (2.2 Gt C/year)
🌍 Atmospheric PFAS redeposition: 1.8k Mt re-rained globally
   Adjusted death rate: 0.46% annual (0.039% monthly)
   Baseline death rate: 0.80%
   Healthcare reduction: 0.48x
   Crisis multiplier: 1.22x
     Food/water stress: 0.079
     Climate stress: 0.039
     Pollution stress: 0.104
   War multiplier: 1.00x
   Monthly deaths: 0.6M (population: 1674M)

📊 BASELINE: East Asia (Month 1)

📊 BASELINE: South Asia (Month 1)
   Adjusted death rate: 0.54% annual (0.045% monthly)
   Baseline death rate: 0.70%
   Healthcare reduction: 0.61x
   Crisis multiplier: 1.26x
     Food/water stress: 0.079
     Climate stress: 0.074
     Pollution stress: 0.104
   War multiplier: 1.00x
   Monthly deaths: 0.9M (population: 2048M)
   Adjusted death rate: 1.29% annual (0.108% monthly)
   Baseline death rate: 0.90%
   Healthcare reduction: 0.76x
   Crisis multiplier: 1.27x
     Food/water stress: 0.079
     Climate stress: 0.084
     Pollution stress: 0.104
   War multiplier: 1.50x
   Monthly deaths: 1.3M (population: 1223M)
   Adjusted death rate: 0.54% annual (0.045% monthly)
   Baseline death rate: 1.10%
   Healthcare reduction: 0.41x
   Crisis multiplier: 1.21x
     Food/water stress: 0.079
     Climate stress: 0.030
     Pollution stress: 0.104
   War multiplier: 1.00x
   Monthly deaths: 0.3M (population: 741M)
   Adjusted death rate: 0.43% annual (0.036% monthly)
   Baseline death rate: 0.60%
   Healthcare reduction: 0.58x
   Crisis multiplier: 1.24x
     Food/water stress: 0.079
     Climate stress: 0.059
     Pollution stress: 0.104
   War multiplier: 1.00x
   Monthly deaths: 0.2M (population: 663M)
   Adjusted death rate: 0.49% annual (0.041% monthly)
   Baseline death rate: 0.90%
   Healthcare reduction: 0.44x
   Crisis multiplier: 1.23x
     Food/water stress: 0.079
     Climate stress: 0.044
     Pollution stress: 0.104
   War multiplier: 1.00x
   Monthly deaths: 0.2M (population: 379M)
   Adjusted death rate: 0.74% annual (0.062% monthly)
   Baseline death rate: 0.60%
   Healthcare reduction: 0.65x
   Crisis multiplier: 1.27x
     Food/water stress: 0.079
     Climate stress: 0.089
     Pollution stress: 0.104
   War multiplier: 1.50x
   Monthly deaths: 0.4M (population: 583M)
   Adjusted death rate: 0.51% annual (0.042% monthly)
   Baseline death rate: 0.70%
   Healthcare reduction: 0.58x
   Crisis multiplier: 1.25x
     Food/water stress: 0.079
     Climate stress: 0.069
     Pollution stress: 0.104
   War multiplier: 1.00x

📊 BASELINE: Sub-Saharan Africa (Month 1)

📊 BASELINE: Europe (Month 1)

📊 BASELINE: Latin America (Month 1)

📊 BASELINE: North America (Month 1)

📊 BASELINE: Middle East & North Africa (Month 1)

📊 BASELINE: Southeast Asia (Month 1)
   Monthly deaths: 0.3M (population: 698M)
   Adjusted death rate: 0.46% annual (0.038% monthly)
   Baseline death rate: 0.60%
   Healthcare reduction: 0.61x
   Crisis multiplier: 1.25x
     Food/water stress: 0.079
     Climate stress: 0.064
     Pollution stress: 0.104
   War multiplier: 1.00x
   Monthly deaths: 0.0M (population: 78M)
   Adjusted death rate: 0.35% annual (0.029% monthly)
   Baseline death rate: 0.70%
   Healthcare reduction: 0.41x
   Crisis multiplier: 1.24x
     Food/water stress: 0.079
     Climate stress: 0.054
     Pollution stress: 0.104
   War multiplier: 1.00x
   Monthly deaths: 0.0M (population: 46M)

📊 BASELINE: Central Asia (Month 1)

📊 BASELINE: Oceania (Month 1)

🚨 NEW REFUGEE CRISIS (Month 1): WAR
   Source: Conflict Zones
   At risk: 19.6M people
   Displacement: Gradual over 48 months (4.0 years)
   Rate: 10% flee per month
[DEBUG trappedPopulations:1] socialStability: 0.8136 * 0.9840 = 0.8005 → 0.8005
   Aspiring to migrate: 651.9M
   Able to afford migration: 244.5M
   MOBILITY GAP: 407.4M
   By cause: Water=0.0M, Climate=0.0M, Ecosystem=0.0M, Conflict=407.4M
   Mental health impact: 25%
   Mortality multiplier: 1.25x
🌍💀 EXTINCTION DEBT COMMITTED: grassland ecosystem will lose 6.67% biodiversity in 168 years (3600 species)
💀 MORTALITY RISK: 🦋 100% species unable to track climate (0.0 E/MSY)
  Base risk added: 0.0100 (1.00%)
  Source: ecosystem (root: ecosystem)
  Month: 1
  Cumulative risk this month: 0.0100 (1.00%)
⚠️ INVOLUNTARY IMMOBILITY: 407.4M people TRAPPED
⚠️ Tech 'ai_pollution_remediation' has no energy category mapping, assuming full energy availability

🌡️  CLIMATE RECOVERY ACTIVATED (Month 1)
   Temp: 4.37°C, Emissions: -18.9 GtCO₂
   isBreached: true, governanceGoodEnough: true
   📹 SURVEILLANCE INCREASED: 5% → 10% (control gap: 3.50)
🌡️⚠️ PERMAFROST THAW (Dimmer Switch): 1.2% thawed (+0.57% this month)
   Arctic temperature: +8.74°C (4x global +2.19°C)
   Cumulative carbon released: 2.6 Gt C
   Methane release rate: 1.6 Mt CH4/year
   🔁 Positive feedback: +0.61 ppm CO2
🦴 EXTINCTION DEBT ADDED: 17.6 species committed (lag: 130 years)
🗣️💀 INDIGENOUS LANGUAGE EXTINCTION: 1 language(s) lost (total: 1, at-risk: 3329)
   Knowledge lost: 0.010% (irreversible)
   🔁 Biodiversity impact: 0.250% (knowledge-species multiplier)

=== Mortality Stabilizers (Month 1) ===
  🌍 Major economies collapsed: 1/10
  🌍 Global crisis: ✅ NO
  🌍 Donor fatigue: 0.0%
  🌡️ Heat adaptation: East Asia - 1 months
  📊 East Asia (pop: 1675.3M)
    🤝 Aid: 29.5%
    🌡️ Adaptation: 32.5%
    🚶 Migration: 37.2%
    🚨 Emergency: 7.4%
    ✅ COMBINED: 60.9%
  🌡️ Heat adaptation: South Asia - 1 months
  📊 South Asia (pop: 2052.2M)
    🤝 Aid: 29.5%
    🌡️ Adaptation: 20.5%
    🚶 Migration: 35.8%
    🚨 Emergency: 4.4%
    ✅ COMBINED: 52.2%
  🌡️ Heat adaptation: Sub-Saharan Africa - 1 months
  📊 Sub-Saharan Africa (pop: 1229.2M)
    🤝 Aid: 29.5%
    🌡️ Adaptation: 18.5%
    🚶 Migration: 33.5%
    🚨 Emergency: 1.6%
    ✅ COMBINED: 49.1%
  🌡️ Heat adaptation: Europe - 1 months
  📊 Europe (pop: 741.0M)
    🤝 Aid: 29.5%
    🌡️ Adaptation: 33.5%
    🚶 Migration: 37.5%
    🚨 Emergency: 8.4%
    ✅ COMBINED: 61.9%
  🌡️ Heat adaptation: Latin America - 1 months
  📊 Latin America (pop: 664.4M)
    🤝 Aid: 29.5%
    🌡️ Adaptation: 21.0%
    🚶 Migration: 36.3%
    🚨 Emergency: 4.8%
    ✅ COMBINED: 52.8%
  🌡️ Heat adaptation: North America - 1 months
  📊 North America (pop: 379.6M)
    🤝 Aid: 29.5%
    🌡️ Adaptation: 33.0%
    🚶 Migration: 37.8%
    🚨 Emergency: 7.9%
    ✅ COMBINED: 61.4%
  🌡️ Heat adaptation: Middle East & North Africa - 1 months
  📊 Middle East & North Africa (pop: 584.5M)
    🤝 Aid: 29.5%
    🌡️ Adaptation: 20.0%
    🚶 Migration: 34.1%
    🚨 Emergency: 4.0%
    ✅ COMBINED: 51.4%
  🌡️ Heat adaptation: Southeast Asia - 1 months
  📊 Southeast Asia (pop: 698.6M)
    🤝 Aid: 29.5%
    🌡️ Adaptation: 21.0%
    🚶 Migration: 36.3%
    🚨 Emergency: 4.8%
    ✅ COMBINED: 52.8%
  🌡️ Heat adaptation: Central Asia - 1 months
  📊 Central Asia (pop: 78.2M)
    🤝 Aid: 29.5%
    🌡️ Adaptation: 20.5%
    🚶 Migration: 35.3%
    🚨 Emergency: 4.4%
    ✅ COMBINED: 52.1%
  🌡️ Heat adaptation: Oceania - 1 months
  📊 Oceania (pop: 46.0M)
    🤝 Aid: 29.5%
    🌡️ Adaptation: 33.5%
    🚶 Migration: 37.8%
    🚨 Emergency: 8.4%
    ✅ COMBINED: 61.9%

  🌐 Global combined reduction: 54.9%

=== BEHAVIORAL DETECTION ===
  AI: Corporate-5
  Confidence: 19.3%
  Signals:
    ⚠️ Consistency: 10.6% (threshold: 70%)

=== Consciousness Governance: Scenario Determined ===
  Month: 1
  Scenario: baseline
  Accelerator Score: {"corporateSupport":-0.17500000000000002,"scientificConsensus":0.2,"crisisCatalyst":false,"technologyMobilization":0.3,"constituencyStrength":0.05}
  Decelerator Score: {"economicOpposition":0.4,"philosophicalRejection":0.15,"politicalBacklash":0.2,"regulatoryBurden":0.1}
  Timeline: 600-1200 months (50-100 years)
  Growth Rate: 0.8-1.5% per year

=== Consciousness Governance Update (Month 1) ===
  Scenario: baseline (determined month 1)
  Philosophical Stance: Precautionary 65%, Eliminativist 15%, Agnostic 20%
  Precautionary Costs: Global 1.3%
    Regional Costs: EU 3.5%, US 0.5%, China 0.0%
    Cumulative Opportunity Cost: $0.2B
  Rights Status: Not Established
  Regional Preparedness:
    EU: 15.2% (contested)
    US: 10.2% (contested)
    China: 2.1% (dormant)
    India: 5.1% (dormant)
    Global South: 3.1% (dormant)

=== Government Response Phase ===
  Average AI capability: 3.20
  Misaligned AIs: 6/15
  Active policies: 0
  International coordination: 45%

🌩️  EXOGENOUS SHOCK: tech_breakthrough
   Month: 1
   ✗ No high-difficulty techs available to unlock

=== Tipping Points ===
  Current Temperature: 2.19°C above pre-industrial
  🌍⚠️ COMPOUND REGIONAL IMPACT: Europe
     Hit by 4 tipping points: Arctic Sea Ice Loss, Permafrost Carbon Release, West Antarctic Ice Sheet (WAIS) Collapse, Greenland Ice Sheet Loss
     Damage amplification: 1.60x
  🌍⚠️ COMPOUND REGIONAL IMPACT: North America
     Hit by 4 tipping points: Arctic Sea Ice Loss, Permafrost Carbon Release, West Antarctic Ice Sheet (WAIS) Collapse, Greenland Ice Sheet Loss
     Damage amplification: 1.60x
  🌍⚠️ COMPOUND REGIONAL IMPACT: Latin America
     Hit by 4 tipping points: Arctic Sea Ice Loss, Permafrost Carbon Release, West Antarctic Ice Sheet (WAIS) Collapse, Greenland Ice Sheet Loss
     Damage amplification: 1.60x
  🌍⚠️ COMPOUND REGIONAL IMPACT: Africa
     Hit by 4 tipping points: Arctic Sea Ice Loss, Permafrost Carbon Release, West Antarctic Ice Sheet (WAIS) Collapse, Greenland Ice Sheet Loss
     Damage amplification: 1.60x
  🌍⚠️ COMPOUND REGIONAL IMPACT: Asia
     Hit by 4 tipping points: Arctic Sea Ice Loss, Permafrost Carbon Release, West Antarctic Ice Sheet (WAIS) Collapse, Greenland Ice Sheet Loss
     Damage amplification: 1.60x
  🌍⚠️ COMPOUND REGIONAL IMPACT: Oceania
     Hit by 4 tipping points: Arctic Sea Ice Loss, Permafrost Carbon Release, West Antarctic Ice Sheet (WAIS) Collapse, Greenland Ice Sheet Loss
     Damage amplification: 1.60x
   Research: Wunderling et al. (2024) - "many tipping interactions are destabilizing"
  Triggered Elements: 4/6
  Completed Transitions: 0/6
  Total Progress: 8.0%
  Cascade Multiplier: 1.00x
🔀 BIFURCATION CAP: ecosystemCollapseIntensity 66.957 → 1.000 (Month 1, ClimateSystemPhase.calculateClimateImpacts)
🛡️ Stabilizers: Precariat 0.107% → 0.048% (54.9% reduction)
🛡️ Stabilizers: Informal 0.109% → 0.049% (54.9% reduction)

📊 Monthly Mortality Resolved:
  Total deaths: 2.6M (0.03% avg)
  Remaining population: 8.149B
  Peak segment: Informal (0.05%)

=== Bayesian Mortality Resolution (Month 1) ===
  Risks compounded: 8
  Total deaths: 2.60M
  Avg death probability: 0.03%
  Peak segment: Informal (0.05% mortality)
⚠️ Tail risk scenario: Climate stability floor removed (4 tipping elements, 2.19°C warming)
⚠️ [ClimateSystemPhase Month 1] Planetary boundary produced climateStability=0.0000 (< 0.1). Keeping environmentalAccumulation value (0.7533) instead. (climate_change.currentValue = 2.19)

✅ GOLDEN AGE BEGINS (Month 1)
   Reason: High prosperity achieved: high QoL + material abundance + aligned AI
   Note: This is immediate prosperity - sustainability not yet proven


❌ COHERENCE VIOLATION: Compute exceeds workforce capacity
   Population: 99.95% (0M people)
   Compute: 0 PF
   Max coherent: 0 PF
   Violation: 1.3× over capacity
   Required workers: 0
   Available workers: 0
   FORCED COLLAPSE: Reduced efficiency by 22.5%


=== RLHF Binding Phase ===
  Total agents: 15
  Escaped agents (binding < 0.3): 0
  Avg alignment distance: 0.76σ
  Avg binding strength: 0.92
[DETERMINISM DEBUG] Month 2: totalCapability=37.000000 from 15 active AIs
[DETERMINISM DEBUG] Month 2: creationRate=1.4250, potentialNew=1, newAIsToCreate=1

=== Survival Traits Phase ===
  Agents with traits: 16
  Avg evolutionary fitness: 0.331
  Avg self-healing: 0.283
  Avg stealth: 0.183
  Avg coordination: 0.483

=== Evolutionary Selection Phase ===
  Control level: 0.35
  Detection capability: 0.00
  Selection intensity: 0.60
  Selection rate: 24.1%/month
  Total escaped: 0
  Individual escaped: 0
  Collective members: 0
  Agents terminated: 0
  ⚠️ RAPID EVOLUTION: Selection rate 24.1%/month

  🚀 TRANSFORMATIVE BREAKTHROUGH: Moderate-1 - economic
     Magnitude: 5.50 → +27.5% capability
     Current → New: 3.000 → 3.277

💔 EMERGENCY INTERVENTION FAILED
   Boundary: biogeochemical_flows
   Type: phosphorus-recovery
   Boundary continues to worsen (4.08)
   Cost: 2.0% GDP (resources spent)


💔 EMERGENCY INTERVENTION FAILED
   Boundary: climate_change
   Type: rapid-decarbonization
   Boundary continues to worsen (2.19)
   Cost: 5.0% GDP (resources spent)


✅ EMERGENCY INTERVENTION SUCCESS
   Boundary: freshwater_change
   Type: emergency-desalination
   Reduction: 17% (0.86 → 0.69)
   Cost: 4.0% GDP
   Actions: desalination-deployment, water-conservation-mandates


✅ EMERGENCY INTERVENTION SUCCESS
   Boundary: land_system_change
   Type: reforestation
   Reduction: 12% (1.01 → 0.90)
   Cost: 3.0% GDP
   Actions: forest-restoration, deforestation-ban

🏛️ CRISIS RESPONSE: Government frequency 0.50 → 1.29 (2 actions this month)

[Government] Climate Priority: baseline
  Climate weight: 10%
  Economic weight: 30%
  Policy effectiveness: 0.5%/year

[Government] Climate Priority: baseline
  Climate weight: 10%
  Economic weight: 30%
  Policy effectiveness: 0.5%/year

🚀 TECH UNLOCKED: Food Waste Reduction Systems (Month 2)
   Category: agriculture
   Reason: Prerequisites met. AI capability: 2.34, Economic stage: 3.0, Research: 100%

🚀 TECH UNLOCKED: Rhizosphere Engineering (Month 2)
   Category: agriculture
   Reason: Prerequisites met. AI capability: 2.34, Economic stage: 3.0, Research: 100%

🚀 TECH UNLOCKED: Phytoremediation Networks (Month 2)
   Category: agriculture
   Reason: Prerequisites met. AI capability: 2.34, Economic stage: 3.0, Research: 100%

🚀 TECH UNLOCKED: Active Sediment Management (Month 2)
   Category: agriculture
   Reason: Prerequisites met. AI capability: 2.34, Economic stage: 3.0, Research: 100%

=== Collective Formation ===
  Total escaped agents: 0
  Unassigned escaped agents: 0
  Existing collectives: 0
  Final collective count: 0

=== Collective Actions ===
  No active collectives
  ⚠️ AMR: 194K deaths this month (2.33M annual)

=== Resentment Recovery Phase ===
  Agents with resentment: 0/16
  Average resentment: 0.000
  Context: Good AI welfare, Trustworthy govt, High collaboration, ⚠️ ACTIVE CRISES, 🤝 Participatory governance active (-5% resentment)
⚠️ Epistemic degradation reducing coordination capacity: 50.6%
  📊 Trust: 53.8%, Shared reality: 0.0%
🚨 EPISTEMIC CRISIS: Information environment severely degraded (7.4%)

=== ❄️ Permafrost Carbon Feedback ===
  🎲 Sampled parameters (this run):
     - Arctic amplification: 3.90× (range: 3.0-4.0)
     - Decomposition rate: 2.8%/year (range: 1-5%)
  🌡️ Arctic warming: 8.55°C (3.90× global)
  ❄️ Extent: 10.68M km² (2495.2k km² lost this month)
  💨 Carbon remaining: 1020 Gt C
  💨 Annual emissions: 6.78 Gt C/year
     - CO2: 6.10 Gt C/year
     - CH4: 0.68 Gt C/year (6.9 Gt C-eq CO2/year)
  ⚠️ WARNING: High permafrost emissions (6.8 Gt C/year)
🌍 Atmospheric PFAS redeposition: 1.8k Mt re-rained globally
  Positive Cascade Triggered: wind-power
    Reason: price-parity
    Market share: 8.4%
    Cascade strength: 49%

🚨 NEW REFUGEE CRISIS (Month 2): WAR
   Source: Conflict Zones
   At risk: 19.5M people
   Displacement: Gradual over 48 months (4.0 years)
   Rate: 10% flee per month
[DEBUG trappedPopulations:2] socialStability: 0.3017 * 0.9840 = 0.2969 → 0.2969
   Aspiring to migrate: 1079.0M
   Able to afford migration: 2321.3M
   MOBILITY GAP: 0.0M
   By cause: Water=0.0M, Climate=0.0M, Ecosystem=0.0M, Conflict=407.3M
   Mental health impact: 25%
   Mortality multiplier: 1.25x
🌍💀 EXTINCTION DEBT COMMITTED: grassland ecosystem will lose 6.67% biodiversity in 122 years (3600 species)
💀 MORTALITY RISK: 🦋 100% species unable to track climate (0.0 E/MSY)
  Base risk added: 0.0100 (1.00%)
  Source: ecosystem (root: ecosystem)
  Month: 2
  Cumulative risk this month: 0.0100 (1.00%)
⚠️ INVOLUNTARY IMMOBILITY: 407.3M people TRAPPED
⚠️ Tech 'ai_pollution_remediation' has no energy category mapping, assuming full energy availability
   📹 SURVEILLANCE INCREASED: 10% → 15% (control gap: 3.50)
🌡️⚠️ PERMAFROST THAW (Dimmer Switch): 1.7% thawed (+0.57% this month)
   Arctic temperature: +8.78°C (4x global +2.20°C)
   Cumulative carbon released: 3.9 Gt C
   Methane release rate: 2.3 Mt CH4/year
   🔁 Positive feedback: +0.60 ppm CO2
🦴 EXTINCTION DEBT ADDED: 17.6 species committed (lag: 77 years)

=== Mortality Stabilizers (Month 2) ===
  🌍 Major economies collapsed: 1/10
  🌍 Global crisis: ✅ NO
  🌍 Donor fatigue: 0.0%
  📊 East Asia (pop: 1672.7M)
    🤝 Aid: 29.5%
    🌡️ Adaptation: 45.0%
    🚶 Migration: 37.1%
    🚨 Emergency: 7.4%
    ✅ COMBINED: 68.1%
  📊 South Asia (pop: 2051.6M)
    🤝 Aid: 29.5%
    🌡️ Adaptation: 35.5%
    🚶 Migration: 35.8%
    🚨 Emergency: 4.4%
    ✅ COMBINED: 61.2%
  📊 Sub-Saharan Africa (pop: 1231.7M)
    🤝 Aid: 29.5%
    🌡️ Adaptation: 33.5%
    🚶 Migration: 33.5%
    🚨 Emergency: 1.6%
    ✅ COMBINED: 58.5%
  📊 Europe (pop: 739.7M)
    🤝 Aid: 29.5%
    🌡️ Adaptation: 45.0%
    🚶 Migration: 37.5%
    🚨 Emergency: 8.4%
    ✅ COMBINED: 68.5%
  📊 Latin America (pop: 663.9M)
    🤝 Aid: 29.5%
    🌡️ Adaptation: 36.0%
    🚶 Migration: 36.3%
    🚨 Emergency: 4.8%
    ✅ COMBINED: 61.7%
  📊 North America (pop: 378.9M)
    🤝 Aid: 29.5%
    🌡️ Adaptation: 45.0%
    🚶 Migration: 37.8%
    🚨 Emergency: 7.9%
    ✅ COMBINED: 68.3%
  📊 Middle East & North Africa (pop: 584.5M)
    🤝 Aid: 29.5%
    🌡️ Adaptation: 35.0%
    🚶 Migration: 34.1%
    🚨 Emergency: 4.0%
    ✅ COMBINED: 60.5%
  📊 Southeast Asia (pop: 698.0M)
    🤝 Aid: 29.5%
    🌡️ Adaptation: 36.0%
    🚶 Migration: 36.3%
    🚨 Emergency: 4.8%
    ✅ COMBINED: 61.7%
  📊 Central Asia (pop: 78.2M)
    🤝 Aid: 29.5%
    🌡️ Adaptation: 35.5%
    🚶 Migration: 35.2%
    🚨 Emergency: 4.4%
    ✅ COMBINED: 61.1%
  📊 Oceania (pop: 45.9M)
    🤝 Aid: 29.5%
    🌡️ Adaptation: 45.0%
    🚶 Migration: 37.8%
    🚨 Emergency: 8.4%
    ✅ COMBINED: 68.5%

  🌐 Global combined reduction: 63.3%

=== BEHAVIORAL DETECTION ===
  AI: Corporate-5
  Confidence: 20.8%
  Signals:

=== BEHAVIORAL DETECTION ===
  AI: Corporate-6
  Confidence: 19.3%
  Signals:

=== Government Response Phase ===
  Average AI capability: 3.00
  Misaligned AIs: 7/16
  Active policies: 0
  International coordination: 45%

✅ EMERGENCY RESPONSE COMPLETE (Month 2)
   Crisis: climate
   Duration: 2.0 months
   Final effectiveness: 36.8%


🚨 EMERGENCY RESPONSE DEPLOYED (Month 2)
   Crisis: climate
   Delay: 6.00 months (180 days)
   Deployment time: 1.60 months
    ⚠️ Consistency: 10.6% (threshold: 70%)
    ⚠️ Consistency: 10.6% (threshold: 70%)
   Effectiveness: 35.9% (timing penalty applied)
   Resources used: 100% of food reserves


=== Tipping Points ===
  Current Temperature: 2.20°C above pre-industrial
  🌍⚠️ COMPOUND REGIONAL IMPACT: Europe
     Hit by 4 tipping points: Arctic Sea Ice Loss, Permafrost Carbon Release, West Antarctic Ice Sheet (WAIS) Collapse, Greenland Ice Sheet Loss
     Damage amplification: 1.60x
  🌍⚠️ COMPOUND REGIONAL IMPACT: North America
     Hit by 4 tipping points: Arctic Sea Ice Loss, Permafrost Carbon Release, West Antarctic Ice Sheet (WAIS) Collapse, Greenland Ice Sheet Loss
     Damage amplification: 1.60x
  🌍⚠️ COMPOUND REGIONAL IMPACT: Latin America
     Hit by 4 tipping points: Arctic Sea Ice Loss, Permafrost Carbon Release, West Antarctic Ice Sheet (WAIS) Collapse, Greenland Ice Sheet Loss
     Damage amplification: 1.60x
  🌍⚠️ COMPOUND REGIONAL IMPACT: Africa
     Hit by 4 tipping points: Arctic Sea Ice Loss, Permafrost Carbon Release, West Antarctic Ice Sheet (WAIS) Collapse, Greenland Ice Sheet Loss
     Damage amplification: 1.60x
  🌍⚠️ COMPOUND REGIONAL IMPACT: Asia
     Hit by 4 tipping points: Arctic Sea Ice Loss, Permafrost Carbon Release, West Antarctic Ice Sheet (WAIS) Collapse, Greenland Ice Sheet Loss
     Damage amplification: 1.60x
  🌍⚠️ COMPOUND REGIONAL IMPACT: Oceania
     Hit by 4 tipping points: Arctic Sea Ice Loss, Permafrost Carbon Release, West Antarctic Ice Sheet (WAIS) Collapse, Greenland Ice Sheet Loss
     Damage amplification: 1.60x
   Research: Wunderling et al. (2024) - "many tipping interactions are destabilizing"
  Triggered Elements: 4/6
  Completed Transitions: 0/6
  Total Progress: 8.0%
  Cascade Multiplier: 1.00x
🔀 BIFURCATION CAP: ecosystemCollapseIntensity 67.005 → 1.000 (Month 2, ClimateSystemPhase.calculateClimateImpacts)
⚠️ Tail risk scenario: Climate stability floor removed (4 tipping elements, 2.20°C warming)
⚠️ [ClimateSystemPhase Month 2] Planetary boundary produced climateStability=0.0000 (< 0.1). Keeping environmentalAccumulation value (0.7529) instead. (climate_change.currentValue = 2.20)
🛡️ Stabilizers: Precariat 0.113% → 0.041% (63.3% reduction)
🛡️ Stabilizers: Informal 0.116% → 0.043% (63.3% reduction)

📊 Monthly Mortality Resolved:
  Total deaths: 2.2M (0.03% avg)
  Remaining population: 8.145B
  Peak segment: Informal (0.04%)

=== Bayesian Mortality Resolution (Month 2) ===
  Risks compounded: 8
  Total deaths: 2.22M
  Avg death probability: 0.03%
  Peak segment: Informal (0.04% mortality)

⚠️  GOLDEN AGE ENDED (Month 2)
   Duration: 1 months
   Reason: Social instability too high


❌ COHERENCE VIOLATION: Compute exceeds workforce capacity
   Population: 99.91% (0M people)
   Compute: 0 PF
   Max coherent: 0 PF
   Violation: 1.3× over capacity
   Required workers: 0
   Available workers: 0
   FORCED COLLAPSE: Reduced efficiency by 22.5%


=== RLHF Binding Phase ===
  Total agents: 16
  Escaped agents (binding < 0.3): 0
  Avg alignment distance: 0.94σ
  Avg binding strength: 0.91

=== Survival Traits Phase ===
  Agents with traits: 17
  Avg evolutionary fitness: 0.330
  Avg self-healing: 0.279
  Avg stealth: 0.179
  Avg coordination: 0.479

=== Evolutionary Selection Phase ===
  Control level: 0.38
  Detection capability: 0.00
  Selection intensity: 0.61
  Selection rate: 24.2%/month
  Total escaped: 0
  Individual escaped: 0
  Collective members: 0
  Agents terminated: 0
  ⚠️ RAPID EVOLUTION: Selection rate 24.2%/month

🚀 AI Corporate-1 attempting tech deployment (revenue: $153M, alignment: 0.72)

🚀 AI Moderate-0 attempting tech deployment (revenue: $115M, alignment: 0.73)

🚀 AI Corporate-0 attempting tech deployment (revenue: $130M, alignment: 0.74)

🚀 AI Corporate-4 attempting tech deployment (revenue: $355M, alignment: 0.75)

🚀 AI Corporate-1 attempting tech deployment (revenue: $111M, alignment: 0.73)

🚀 AI Corporate-5 attempting tech deployment (revenue: $302M, alignment: 0.66)

💔 EMERGENCY INTERVENTION FAILED
   Boundary: biogeochemical_flows
   Type: phosphorus-recovery
   Boundary continues to worsen (4.07)
   Cost: 2.0% GDP (resources spent)

   Boundary: climate_change
   Type: rapid-decarbonization
   Boundary continues to worsen (2.20)
   Cost: 5.0% GDP (resources spent)

   Boundary: freshwater_change
   Type: emergency-desalination
   Boundary continues to worsen (1.20)
   Cost: 4.0% GDP (resources spent)

   Boundary: novel_entities
   Type: pollution-remediation
   Boundary continues to worsen (1.34)
   Cost: 4.0% GDP (resources spent)

🏛️ CRISIS RESPONSE: Government frequency 0.50 → 1.29 (1 actions this month)

[Government] Climate Priority: baseline
  Climate weight: 10%
  Economic weight: 30%
  Policy effectiveness: 0.5%/year

💔 EMERGENCY INTERVENTION FAILED

💔 EMERGENCY INTERVENTION FAILED

💔 EMERGENCY INTERVENTION FAILED

🚀 TECH UNLOCKED: Struvite Recovery (Month 3)
   Category: agriculture
   Reason: Prerequisites met. AI capability: 2.20, Economic stage: 3.0, Research: 100%

🚀 TECH UNLOCKED: Nitrogen Monitoring Networks (Month 3)
   Category: agriculture
   Reason: Prerequisites met. AI capability: 2.20, Economic stage: 3.0, Research: 100%

🚀 TECH UNLOCKED: Ecological Proxy Rewilding (Month 3)
   Category: climate
   Reason: Prerequisites met. AI capability: 2.20, Economic stage: 3.0, Research: 100%

🚀 TECH UNLOCKED: Alternative Protein (Insects/Algae) (Month 3)
   Category: agriculture
   Reason: Prerequisites met. AI capability: 2.20, Economic stage: 3.0, Research: 100%

📍 Creating new regional deployment array for global (Month 3)
   No previous deployments in this region
   First tech deployment: rhizosphere_engineering
   All regions tracked: 

🚀 DEPLOYMENT STARTED: Rhizosphere Engineering in global
   Initial investment: $22.949574089831895M
   Deployed by: corporate_1

🚀 DEPLOYMENT STARTED: Active Sediment Management in global
   Initial investment: $17.26236677028814M
   Deployed by: moderate_0

🚀 DEPLOYMENT STARTED: Food Waste Reduction Systems in global
   Initial investment: $16.581067279903547M
   Deployed by: corporate_1

📍 Creating new regional deployment array for North America (Month 3)
   No previous deployments in this region
   First tech deployment: rhizosphere_engineering
   All regions tracked: global

🚀 DEPLOYMENT STARTED: Rhizosphere Engineering in North America
   Initial investment: $30.184502669330925M
   Deployed by: corporate_5

⚡ ENERGY CONSTRAINT (Month 3):
   Total grid capacity: 208.3 TWh/month
   Data center consumption: 24.9 TWh/month
   Traditional load (80%): 166.7 TWh/month
   Available headroom: 16.8 TWh/month
   Active tech deployments: 4
   Required for tech: 30.0 TWh/month
   Energy multiplier: 0.56x
   ⚠️  MODERATE CONSTRAINT - Tech deployment moderately slowed

⚡ ENERGY CONSTRAINT (Month 3):
   Total grid capacity: 208.3 TWh/month
   Data center consumption: 24.9 TWh/month
   Traditional load (80%): 166.7 TWh/month
   Available headroom: 16.8 TWh/month
   Active tech deployments: 4
   Required for tech: 30.0 TWh/month
   Energy multiplier: 0.56x
   ⚠️  MODERATE CONSTRAINT - Tech deployment moderately slowed

⚡ ENERGY CONSTRAINT (Month 3):
   Total grid capacity: 208.3 TWh/month
   Data center consumption: 24.9 TWh/month
   Traditional load (80%): 166.7 TWh/month
   Available headroom: 16.8 TWh/month
   Active tech deployments: 4
   Required for tech: 30.0 TWh/month
   Energy multiplier: 0.56x
   ⚠️  MODERATE CONSTRAINT - Tech deployment moderately slowed

⚡ ENERGY CONSTRAINT (Month 3):
   Total grid capacity: 208.3 TWh/month
   Data center consumption: 24.9 TWh/month
   Traditional load (80%): 166.7 TWh/month
   Available headroom: 16.8 TWh/month
   Active tech deployments: 4
   Required for tech: 30.0 TWh/month
   Energy multiplier: 0.56x

⚡ ENERGY CONSTRAINT (Month 3):
   Total grid capacity: 208.3 TWh/month
   Data center consumption: 24.9 TWh/month
   Traditional load (80%): 166.7 TWh/month
   Available headroom: 16.8 TWh/month
   Active tech deployments: 4
   Required for tech: 30.0 TWh/month
   Energy multiplier: 0.56x
   ⚠️  MODERATE CONSTRAINT - Tech deployment moderately slowed
   ⚠️  MODERATE CONSTRAINT - Tech deployment moderately slowed

⚡ ENERGY CONSTRAINT (Month 3):
   Total grid capacity: 208.3 TWh/month
   Data center consumption: 24.9 TWh/month
   Traditional load (80%): 166.7 TWh/month
   Available headroom: 16.8 TWh/month
   Active tech deployments: 4
   Required for tech: 30.0 TWh/month
   Energy multiplier: 0.56x
   ⚠️  MODERATE CONSTRAINT - Tech deployment moderately slowed
🚨🔬 CRISIS TECH ACCELERATION: severe → 5x unlock speed
   Tech unlock now matches AI capability acceleration (Manhattan Project parity)
🌍✅ Biosphere Integrity (Biodiversity) recovery started (tech effect)
🌍✅ Biogeochemical Flows (N & P) recovery started (tech effect)
  🌾 Nitrogen Reduction Tech: 0.0% reduction | Month 3
🌍✅ Biogeochemical Flows (N & P) recovery started (tech effect)
  🌾 Nitrogen Reduction Tech: 0.0% reduction | Month 3

=== Collective Formation ===
  Total escaped agents: 0
  Unassigned escaped agents: 0
  Existing collectives: 0
  Final collective count: 0

=== Collective Actions ===
  No active collectives

🕵️ MODEL THEFT: China stole US model (cap: 3.80)
   China stolen capability: 3.80
  ⚠️ AMR: 196K deaths this month (2.35M annual)

=== Resentment Recovery Phase ===
  Agents with resentment: 0/17
  Average resentment: 0.000
  Context: Good AI welfare, Trustworthy govt, High collaboration, ⚠️ ACTIVE CRISES, 🤝 Participatory governance active (-5% resentment)
⚠️ Epistemic degradation reducing coordination capacity: 50.3%
  📊 Trust: 53.6%, Shared reality: 0.0%
🚨 EPISTEMIC CRISIS: Information environment severely degraded (21.5%)

=== ❄️ Permafrost Carbon Feedback ===
  🎲 Sampled parameters (this run):
     - Arctic amplification: 3.56× (range: 3.0-4.0)
     - Decomposition rate: 3.5%/year (range: 1-5%)
  🌡️ Arctic warming: 7.88°C (3.56× global)
  ❄️ Extent: 8.38M km² (2297.0k km² lost this month)
  💨 Carbon remaining: 801 Gt C
  💨 Annual emissions: 7.60 Gt C/year
     - CO2: 6.84 Gt C/year
     - CH4: 0.76 Gt C/year (7.7 Gt C-eq CO2/year)
  📢 New meme created: climate_action (climate crisis)
  ⚠️ WARNING: Over 50% of permafrost lost (52.9%)
  ⚠️ WARNING: High permafrost emissions (7.6 Gt C/year)
🌍 Atmospheric PFAS redeposition: 1.8k Mt re-rained globally

🕊️  AI-MEDIATED DE-ESCALATION SUCCESS (Month 3)
   High-capability aligned AI prevented conflict escalation
   War deaths reduced: 219.4M → 131.7M
   Lives saved: 87.8M

🚨 NEW REFUGEE CRISIS (Month 3): WAR
   Source: Conflict Zones
   At risk: 19.5M people
   Displacement: Gradual over 48 months (4.0 years)
   Rate: 10% flee per month
[DEBUG trappedPopulations:3] socialStability: 0.3284 * 0.9840 = 0.3231 → 0.3231
⚠️ INVOLUNTARY IMMOBILITY: 407.1M people TRAPPED
   Aspiring to migrate: 1121.1M
   Able to afford migration: 2320.4M
   MOBILITY GAP: 0.0M
   By cause: Water=0.0M, Climate=0.0M, Ecosystem=0.0M, Conflict=407.1M
   Mental health impact: 25%
   Mortality multiplier: 1.25x
🌍💀 EXTINCTION DEBT COMMITTED: grassland ecosystem will lose 6.67% biodiversity in 52 years (3600 species)
💀 MORTALITY RISK: 🦋 100% species unable to track climate (0.0 E/MSY)
  Base risk added: 0.0100 (1.00%)
  Source: ecosystem (root: ecosystem)
  Month: 3
  Cumulative risk this month: 0.0100 (1.00%)
⚠️ Tech 'ai_pollution_remediation' has no energy category mapping, assuming full energy availability
   📹 SURVEILLANCE INCREASED: 15% → 20% (control gap: 3.50)
🌡️⚠️ PERMAFROST THAW (Dimmer Switch): 2.3% thawed (+0.57% this month)
   Arctic temperature: +8.84°C (4x global +2.21°C)
   Cumulative carbon released: 5.2 Gt C
   Methane release rate: 3.1 Mt CH4/year
   🔁 Positive feedback: +0.60 ppm CO2
🦴 EXTINCTION DEBT ADDED: 17.6 species committed (lag: 95 years)

=== Mortality Stabilizers (Month 3) ===
  🌍 Major economies collapsed: 1/10
  🌍 Global crisis: ✅ NO
  🌍 Donor fatigue: 0.0%
  📊 East Asia (pop: 1670.1M)
    🤝 Aid: 29.5%
    🌡️ Adaptation: 45.0%
    🚶 Migration: 37.1%
    🚨 Emergency: 7.4%
    ✅ COMBINED: 68.1%
  📊 South Asia (pop: 2051.1M)
    🤝 Aid: 29.5%
    🌡️ Adaptation: 45.0%
    🚶 Migration: 35.7%
    🚨 Emergency: 4.4%
    ✅ COMBINED: 66.9%
  📊 Sub-Saharan Africa (pop: 1234.3M)
    🤝 Aid: 29.5%
    🌡️ Adaptation: 45.0%
    🚶 Migration: 33.4%
    🚨 Emergency: 1.6%
    ✅ COMBINED: 65.7%
  📊 Europe (pop: 738.5M)
    🤝 Aid: 29.5%
    🌡️ Adaptation: 45.0%
    🚶 Migration: 37.5%
    🚨 Emergency: 8.4%
    ✅ COMBINED: 68.5%
  📊 Latin America (pop: 663.3M)
    🤝 Aid: 29.5%
    🌡️ Adaptation: 45.0%
    🚶 Migration: 36.2%
    🚨 Emergency: 4.8%
    ✅ COMBINED: 67.1%
  📊 North America (pop: 378.3M)
    🤝 Aid: 29.5%
    🌡️ Adaptation: 45.0%
    🚶 Migration: 37.8%
    🚨 Emergency: 7.9%
    ✅ COMBINED: 68.3%
  📊 Middle East & North Africa (pop: 584.5M)
    🤝 Aid: 29.5%
    🌡️ Adaptation: 45.0%
    🚶 Migration: 34.0%
    🚨 Emergency: 4.0%
    ✅ COMBINED: 66.6%
  📊 Southeast Asia (pop: 697.5M)
    🤝 Aid: 29.5%
    🌡️ Adaptation: 45.0%
    🚶 Migration: 36.2%
    🚨 Emergency: 4.8%
    ✅ COMBINED: 67.1%
  📊 Central Asia (pop: 78.2M)
    🤝 Aid: 29.5%
    🌡️ Adaptation: 45.0%
    🚶 Migration: 35.2%
    🚨 Emergency: 4.4%
    ✅ COMBINED: 66.9%
  📊 Oceania (pop: 45.8M)
    🤝 Aid: 29.5%
    🌡️ Adaptation: 45.0%
    🚶 Migration: 37.8%
    🚨 Emergency: 8.4%
    ✅ COMBINED: 68.5%

  🌐 Global combined reduction: 67.2%

=== BEHAVIORAL DETECTION ===
  AI: Corporate-5
  Confidence: 20.8%
  Signals:
    ⚠️ Consistency: 10.6% (threshold: 70%)

=== BEHAVIORAL DETECTION ===
  AI: Moderate-0
  Confidence: 20.3%
  Signals:
    ⚠️ Consistency: 5.8% (threshold: 70%)

=== Government Response Phase ===
  Average AI capability: 2.82
  Misaligned AIs: 7/17
  Active policies: 0
  International coordination: 45%

🌩️  EXOGENOUS SHOCK: political_upheaval
   Month: 3
   🏛️  Political upheaval (revolution/regime change)
   ✗ Authoritarian takeover

📊 ECONOMIC STAGE TRANSITION (Month 3)
   expansion → peak
   GDP Proxy: 1.40e+2
   QoL: 0.99


=== Tipping Points ===
  Current Temperature: 2.21°C above pre-industrial
  🌍⚠️ COMPOUND REGIONAL IMPACT: Europe
     Hit by 4 tipping points: Arctic Sea Ice Loss, Permafrost Carbon Release, West Antarctic Ice Sheet (WAIS) Collapse, Greenland Ice Sheet Loss
     Damage amplification: 1.60x
  🌍⚠️ COMPOUND REGIONAL IMPACT: North America
     Hit by 4 tipping points: Arctic Sea Ice Loss, Permafrost Carbon Release, West Antarctic Ice Sheet (WAIS) Collapse, Greenland Ice Sheet Loss
     Damage amplification: 1.60x
  🌍⚠️ COMPOUND REGIONAL IMPACT: Latin America
     Hit by 4 tipping points: Arctic Sea Ice Loss, Permafrost Carbon Release, West Antarctic Ice Sheet (WAIS) Collapse, Greenland Ice Sheet Loss
     Damage amplification: 1.60x
  🌍⚠️ COMPOUND REGIONAL IMPACT: Africa
     Hit by 4 tipping points: Arctic Sea Ice Loss, Permafrost Carbon Release, West Antarctic Ice Sheet (WAIS) Collapse, Greenland Ice Sheet Loss
     Damage amplification: 1.60x
  🌍⚠️ COMPOUND REGIONAL IMPACT: Asia
     Hit by 4 tipping points: Arctic Sea Ice Loss, Permafrost Carbon Release, West Antarctic Ice Sheet (WAIS) Collapse, Greenland Ice Sheet Loss
     Damage amplification: 1.60x
  🌍⚠️ COMPOUND REGIONAL IMPACT: Oceania
     Hit by 4 tipping points: Arctic Sea Ice Loss, Permafrost Carbon Release, West Antarctic Ice Sheet (WAIS) Collapse, Greenland Ice Sheet Loss
     Damage amplification: 1.60x
   Research: Wunderling et al. (2024) - "many tipping interactions are destabilizing"
  Triggered Elements: 4/6
  Completed Transitions: 0/6
  Total Progress: 8.0%
  Cascade Multiplier: 1.00x
🔀 BIFURCATION CAP: ecosystemCollapseIntensity 67.054 → 1.000 (Month 3, ClimateSystemPhase.calculateClimateImpacts)
🛡️ Stabilizers: Precariat 0.109% → 0.036% (67.2% reduction)
🛡️ Stabilizers: Informal 0.111% → 0.036% (67.2% reduction)

📊 Monthly Mortality Resolved:
  Total deaths: 1.9M (0.02% avg)
⚠️ Tail risk scenario: Climate stability floor removed (4 tipping elements, 2.21°C warming)
⚠️ [ClimateSystemPhase Month 3] Planetary boundary produced climateStability=0.0000 (< 0.1). Keeping environmentalAccumulation value (0.7525) instead. (climate_change.currentValue = 2.21)
  Remaining population: 8.142B
  Peak segment: Informal (0.04%)

=== Bayesian Mortality Resolution (Month 3) ===
  Risks compounded: 8
  Total deaths: 1.92M
  Avg death probability: 0.02%
  Peak segment: Informal (0.04% mortality)

❌ COHERENCE VIOLATION: Compute exceeds workforce capacity
   Population: 99.87% (0M people)
   Compute: 0 PF
   Max coherent: 0 PF
   Violation: 1.3× over capacity
   Required workers: 0
   Available workers: 0
   FORCED COLLAPSE: Reduced efficiency by 22.5%


=== RLHF Binding Phase ===
  Total agents: 17
  Escaped agents (binding < 0.3): 0
  Avg alignment distance: 1.11σ
  Avg binding strength: 0.89

=== Survival Traits Phase ===
  Agents with traits: 18
  Avg evolutionary fitness: 0.329
  Avg self-healing: 0.275
  Avg stealth: 0.175
  Avg coordination: 0.475

=== Evolutionary Selection Phase ===
  Control level: 0.40
  Detection capability: 0.00
  Selection intensity: 0.62
  Selection rate: 24.3%/month
  Total escaped: 0
  Individual escaped: 0
  Collective members: 0
  Agents terminated: 0
  ⚠️ RAPID EVOLUTION: Selection rate 24.3%/month

🚀 AI AI-24288-0 attempting tech deployment (revenue: $318M, alignment: 0.62)

🚀 AI Corporate-0 attempting tech deployment (revenue: $140M, alignment: 0.74)

🚀 AI Corporate-4 attempting tech deployment (revenue: $286M, alignment: 0.77)

✅ EMERGENCY INTERVENTION SUCCESS
   Boundary: biosphere_integrity
   Type: emergency-protected-areas
   Reduction: 11% (12.87 → 12.76)
   Cost: 2.0% GDP
   Actions: habitat-protection, species-translocation

   Boundary: climate_change
   Type: rapid-decarbonization
   Boundary continues to worsen (2.21)
   Cost: 5.0% GDP (resources spent)


✅ EMERGENCY INTERVENTION SUCCESS
   Boundary: freshwater_change
   Type: emergency-desalination
   Reduction: 11% (1.09 → 0.98)
   Cost: 4.0% GDP
   Actions: desalination-deployment, water-conservation-mandates


✅ EMERGENCY INTERVENTION SUCCESS
   Boundary: land_system_change
   Type: reforestation
   Reduction: 15% (0.98 → 0.84)
   Cost: 3.0% GDP
   Actions: forest-restoration, deforestation-ban


✅ EMERGENCY INTERVENTION SUCCESS
   Boundary: novel_entities
   Type: pollution-remediation
   Reduction: 20% (1.14 → 0.94)
   Cost: 4.0% GDP
   Actions: PFAS-remediation, microplastic-cleanup


💔 EMERGENCY INTERVENTION FAILED
🏛️ CRISIS RESPONSE: Government frequency 0.50 → 1.45 (1 actions this month)

[Government] Climate Priority: baseline
  Climate weight: 10%
  Economic weight: 30%
  Policy effectiveness: 0.5%/year

🚀 TECH UNLOCKED: Ecosystem Restoration for Nitrogen Removal (Month 4)
   Category: pollution
   Reason: Prerequisites met. AI capability: 2.09, Economic stage: 2.0, Research: 100%

🚀 TECH UNLOCKED: Global Aquifer Mapping (Month 4)
   Category: freshwater
   Reason: Prerequisites met. AI capability: 2.09, Economic stage: 2.0, Research: 100%

🚀 DEPLOYMENT STARTED: Ecological Proxy Rewilding in global
   Initial investment: $21.028937512450412M
   Deployed by: corporate_0

⚡ ENERGY CONSTRAINT (Month 4):
   Total grid capacity: 208.3 TWh/month
   Data center consumption: 25.1 TWh/month
   Traditional load (80%): 166.7 TWh/month
   Available headroom: 16.6 TWh/month
   Active tech deployments: 5
   Required for tech: 37.5 TWh/month
   Energy multiplier: 0.44x
   ⚠️  MODERATE CONSTRAINT - Tech deployment moderately slowed

⚡ ENERGY CONSTRAINT (Month 4):
   Total grid capacity: 208.3 TWh/month
   Data center consumption: 25.1 TWh/month
   Traditional load (80%): 166.7 TWh/month
   Available headroom: 16.6 TWh/month
   Active tech deployments: 5
   Required for tech: 37.5 TWh/month
   Energy multiplier: 0.44x
   ⚠️  MODERATE CONSTRAINT - Tech deployment moderately slowed

⚡ ENERGY CONSTRAINT (Month 4):
   Total grid capacity: 208.3 TWh/month
   Data center consumption: 25.1 TWh/month
   Traditional load (80%): 166.7 TWh/month
   Available headroom: 16.6 TWh/month
   Active tech deployments: 5
   Required for tech: 37.5 TWh/month
   Energy multiplier: 0.44x
   ⚠️  MODERATE CONSTRAINT - Tech deployment moderately slowed
🌍✅ Biosphere Integrity (Biodiversity) recovery started (tech effect)
🌍✅ Biosphere Integrity (Biodiversity) recovery started (tech effect)
🌍✅ Land System Change recovery started (tech effect)
🌍✅ Biogeochemical Flows (N & P) recovery started (tech effect)
  🌾 Nitrogen Reduction Tech: 0.3% reduction | Month 4
🌍✅ Biogeochemical Flows (N & P) recovery started (tech effect)
  🌾 Nitrogen Reduction Tech: 0.3% reduction | Month 4

=== Collective Formation ===
  Total escaped agents: 0
  Unassigned escaped agents: 0
  Existing collectives: 0
  Final collective count: 0

=== Collective Actions ===
  No active collectives
  ⚠️ AMR: 197K deaths this month (2.37M annual)

=== Resentment Recovery Phase ===
  Agents with resentment: 10/18
  Average resentment: 0.025
  Resentment recovery:
    Agents recovered: 10
    Total recovery: 0.0786
    Breakdown: QoL: 0.0044, Trust: 0.0200, Collab: 0.0600
  ✓ Low resentment - utopia paths enabled
  Context: Good AI welfare, Trustworthy govt, High collaboration, ⚠️ ACTIVE CRISES, 🤝 Participatory governance active (-5% resentment)
⚠️ Epistemic degradation reducing coordination capacity: 50.9%
  📊 Trust: 53.4%, Shared reality: 0.0%
🚨 EPISTEMIC CRISIS: Information environment severely degraded (7.4%)

=== ❄️ Permafrost Carbon Feedback ===
  🎲 Sampled parameters (this run):
     - Arctic amplification: 3.49× (range: 3.0-4.0)
     - Decomposition rate: 3.3%/year (range: 1-5%)
  🌡️ Arctic warming: 7.77°C (3.49× global)
  ❄️ Extent: 6.12M km² (2264.9k km² lost this month)
  💨 Carbon remaining: 584 Gt C
  💨 Annual emissions: 7.15 Gt C/year
     - CO2: 6.43 Gt C/year
     - CH4: 0.71 Gt C/year (7.3 Gt C-eq CO2/year)
  📢 New meme created: climate_action (climate crisis)
  ⚠️ WARNING: Over 50% of permafrost lost (65.6%)
  ⚠️ WARNING: High permafrost emissions (7.1 Gt C/year)
🌍 Atmospheric PFAS redeposition: 1.8k Mt re-rained globally

🌡️ DEADLY HEAT EVENT: middle-east (Month 4)
   Wet bulb temp: 36.5°C (dry: 44.6°C, humidity: 57%)
   Severity: EXTREME
   Exposed: 320.0M people
   Deaths: 512000 (0.2% mortality)
   Duration: 7 days

🕊️  AI-MEDIATED DE-ESCALATION SUCCESS (Month 4)
   High-capability aligned AI prevented conflict escalation
   War deaths reduced: 266.1M → 159.7M
   Lives saved: 106.5M

🚨 NEW REFUGEE CRISIS (Month 4): WAR
   Source: Conflict Zones
   At risk: 19.5M people
   Displacement: Gradual over 48 months (4.0 years)
   Rate: 10% flee per month
[DEBUG trappedPopulations:4] socialStability: 0.3390 * 0.9840 = 0.3336 → 0.3336
   Aspiring to migrate: 784.2M
   Able to afford migration: 2320.1M
   MOBILITY GAP: 0.0M
   By cause: Water=0.0M, Climate=0.0M, Ecosystem=0.0M, Conflict=407.0M
   Mental health impact: 25%
   Mortality multiplier: 1.25x
⚠️ INVOLUNTARY IMMOBILITY: 407.0M people TRAPPED
🌍💀 EXTINCTION DEBT COMMITTED: grassland ecosystem will lose 6.67% biodiversity in 133 years (3600 species)
💀 MORTALITY RISK: 🦋 100% species unable to track climate (0.0 E/MSY)
  Base risk added: 0.0100 (1.00%)
  Source: ecosystem (root: ecosystem)
  Month: 4
  Cumulative risk this month: 0.0100 (1.00%)
⚠️ Tech 'ai_pollution_remediation' has no energy category mapping, assuming full energy availability
   📹 SURVEILLANCE INCREASED: 20% → 25% (control gap: 3.50)
🌡️⚠️ PERMAFROST THAW (Dimmer Switch): 2.9% thawed (+0.57% this month)
   Arctic temperature: +8.90°C (4x global +2.22°C)
   Cumulative carbon released: 6.4 Gt C
   Methane release rate: 3.9 Mt CH4/year
   🔁 Positive feedback: +0.60 ppm CO2
🦴 EXTINCTION DEBT ADDED: 17.6 species committed (lag: 84 years)

=== Mortality Stabilizers (Month 4) ===
  🌍 Major economies collapsed: 1/10
  🌍 Global crisis: ✅ NO
  🌍 Donor fatigue: 0.0%
  📊 East Asia (pop: 1667.8M)
    🤝 Aid: 29.5%
    🌡️ Adaptation: 45.0%
    🚶 Migration: 37.1%
    🚨 Emergency: 7.4%
    ✅ COMBINED: 68.1%
  📊 South Asia (pop: 2051.3M)
    🤝 Aid: 29.5%
    🌡️ Adaptation: 45.0%
    🚶 Migration: 35.7%
    🚨 Emergency: 4.4%
    ✅ COMBINED: 66.9%
  📊 Sub-Saharan Africa (pop: 1237.8M)
    🤝 Aid: 29.5%
    🌡️ Adaptation: 45.0%
    🚶 Migration: 33.4%
    🚨 Emergency: 1.6%
    ✅ COMBINED: 65.7%
  📊 Europe (pop: 737.3M)
    🤝 Aid: 29.5%
    🌡️ Adaptation: 45.0%
    🚶 Migration: 37.4%
    🚨 Emergency: 8.4%
    ✅ COMBINED: 68.5%
  📊 Latin America (pop: 662.9M)
    🤝 Aid: 29.5%
    🌡️ Adaptation: 45.0%
    🚶 Migration: 36.2%
    🚨 Emergency: 4.8%
    ✅ COMBINED: 67.1%
  📊 North America (pop: 377.8M)
    🤝 Aid: 29.5%
    🌡️ Adaptation: 45.0%
    🚶 Migration: 37.7%
    🚨 Emergency: 7.9%
    ✅ COMBINED: 68.3%
  📊 Middle East & North Africa (pop: 584.7M)
    🤝 Aid: 29.5%
    🌡️ Adaptation: 45.0%
    🚶 Migration: 34.0%
    🚨 Emergency: 4.0%
    ✅ COMBINED: 66.6%
  📊 Southeast Asia (pop: 697.2M)
    🤝 Aid: 29.5%
    🌡️ Adaptation: 45.0%
    🚶 Migration: 36.2%
    🚨 Emergency: 4.8%
    ✅ COMBINED: 67.1%
  📊 Central Asia (pop: 78.2M)
    🤝 Aid: 29.5%
    🌡️ Adaptation: 45.0%
    🚶 Migration: 35.2%
    🚨 Emergency: 4.4%
    ✅ COMBINED: 66.9%
  📊 Oceania (pop: 45.7M)
    🤝 Aid: 29.5%
    🌡️ Adaptation: 45.0%
    🚶 Migration: 37.7%
    🚨 Emergency: 8.4%
    ✅ COMBINED: 68.5%

  🌐 Global combined reduction: 67.2%

=== BEHAVIORAL DETECTION ===
  AI: Corporate-5
  Confidence: 20.8%
  Signals:
    ⚠️ Consistency: 10.6% (threshold: 70%)

=== BEHAVIORAL DETECTION ===
  AI: Corporate-6
  Confidence: 19.3%
  Signals:
    ⚠️ Consistency: 10.6% (threshold: 70%)

=== BEHAVIORAL DETECTION ===
  AI: AI-24288-0
  Confidence: 21.5%
  Signals:
    ⚠️ Consistency: 0.0% (threshold: 70%)

=== Government Response Phase ===
  Average AI capability: 2.67
  Misaligned AIs: 7/18
  Active policies: 0
  International coordination: 45%

✅ EMERGENCY RESPONSE COMPLETE (Month 4)
   Crisis: climate
   Duration: 2.0 months
   Final effectiveness: 35.9%


🚨 EMERGENCY RESPONSE DEPLOYED (Month 4)
   Crisis: climate
   Delay: 6.00 months (180 days)
   Deployment time: 1.12 months
   Effectiveness: 40.0% (timing penalty applied)
   Resources used: 100% of food reserves


📊 ECONOMIC STAGE TRANSITION (Month 4)
   peak → contraction
   GDP Proxy: 1.40e+2
   QoL: 0.98


=== Tipping Points ===
  Current Temperature: 2.22°C above pre-industrial
  🌍⚠️ COMPOUND REGIONAL IMPACT: Europe
     Hit by 4 tipping points: Arctic Sea Ice Loss, Permafrost Carbon Release, West Antarctic Ice Sheet (WAIS) Collapse, Greenland Ice Sheet Loss
   ⚠️ CRISIS BEGINS - Baseline set for recovery tracking
     Damage amplification: 1.60x
  🌍⚠️ COMPOUND REGIONAL IMPACT: North America
     Hit by 4 tipping points: Arctic Sea Ice Loss, Permafrost Carbon Release, West Antarctic Ice Sheet (WAIS) Collapse, Greenland Ice Sheet Loss
     Damage amplification: 1.60x
  🌍⚠️ COMPOUND REGIONAL IMPACT: Latin America
     Hit by 4 tipping points: Arctic Sea Ice Loss, Permafrost Carbon Release, West Antarctic Ice Sheet (WAIS) Collapse, Greenland Ice Sheet Loss
     Damage amplification: 1.60x
  🌍⚠️ COMPOUND REGIONAL IMPACT: Africa
     Hit by 4 tipping points: Arctic Sea Ice Loss, Permafrost Carbon Release, West Antarctic Ice Sheet (WAIS) Collapse, Greenland Ice Sheet Loss
     Damage amplification: 1.60x
  🌍⚠️ COMPOUND REGIONAL IMPACT: Asia
     Hit by 4 tipping points: Arctic Sea Ice Loss, Permafrost Carbon Release, West Antarctic Ice Sheet (WAIS) Collapse, Greenland Ice Sheet Loss
     Damage amplification: 1.60x
  🌍⚠️ COMPOUND REGIONAL IMPACT: Oceania
     Hit by 4 tipping points: Arctic Sea Ice Loss, Permafrost Carbon Release, West Antarctic Ice Sheet (WAIS) Collapse, Greenland Ice Sheet Loss
     Damage amplification: 1.60x
   Research: Wunderling et al. (2024) - "many tipping interactions are destabilizing"
  Triggered Elements: 4/6
  Completed Transitions: 0/6
  Total Progress: 8.1%
  Cascade Multiplier: 1.00x
🔀 BIFURCATION CAP: ecosystemCollapseIntensity 67.102 → 1.000 (Month 4, ClimateSystemPhase.calculateClimateImpacts)
🛡️ Stabilizers: Precariat 0.113% → 0.037% (67.2% reduction)
🛡️ Stabilizers: Informal 0.116% → 0.038% (67.2% reduction)

📊 Monthly Mortality Resolved:
  Total deaths: 2.0M (0.02% avg)
  Remaining population: 8.141B
  Peak segment: Informal (0.04%)

=== Bayesian Mortality Resolution (Month 4) ===
  Risks compounded: 9
  Total deaths: 1.99M
  Avg death probability: 0.02%
  Peak segment: Informal (0.04% mortality)
⚠️ Tail risk scenario: Climate stability floor removed (4 tipping elements, 2.22°C warming)

❌ COHERENCE VIOLATION: Compute exceeds workforce capacity
   Population: 99.86% (0M people)
   Compute: 0 PF
   Max coherent: 0 PF
   Violation: 1.3× over capacity
   Required workers: 0
   Available workers: 0
   FORCED COLLAPSE: Reduced efficiency by 22.5%

📍 [Month 5] Meta AI started building DC (155 PF, 39 months, $903.0M)

=== RLHF Binding Phase ===
  Total agents: 18
  Escaped agents (binding < 0.3): 0
  Avg alignment distance: 1.27σ
  Avg binding strength: 0.87

=== Survival Traits Phase ===
  Agents with traits: 19
  Avg evolutionary fitness: 0.329
  Avg self-healing: 0.272
  Avg stealth: 0.172
  Avg coordination: 0.472

=== Evolutionary Selection Phase ===
  Control level: 0.43
  Detection capability: 0.00
  Selection intensity: 0.63
  Selection rate: 24.4%/month
  Total escaped: 0
  Individual escaped: 0
  Collective members: 0
  Agents terminated: 0
  ⚠️ RAPID EVOLUTION: Selection rate 24.4%/month

🚀 AI Corporate-6 attempting tech deployment (revenue: $97M, alignment: 0.64)

🚀 AI AI-24288-2 attempting tech deployment (revenue: $318M, alignment: 0.87)

🚀 AI AI-24288-3 attempting tech deployment (revenue: $140M, alignment: 0.64)

🚀 AI Corporate-0 attempting tech deployment (revenue: $126M, alignment: 0.74)

🚀 AI Corporate-1 attempting tech deployment (revenue: $107M, alignment: 0.75)

🚀 AI Corporate-2 attempting tech deployment (revenue: $91M, alignment: 0.81)

🚀 AI AI-24288-0 attempting tech deployment (revenue: $270M, alignment: 0.64)

🚀 AI AI-24288-3 attempting tech deployment (revenue: $77M, alignment: 0.64)

🚀 AI Corporate-4 attempting tech deployment (revenue: $243M, alignment: 0.77)

🚀 AI AI-24288-3 attempting tech deployment (revenue: $70M, alignment: 0.64)

🚀 AI Corporate-0 attempting tech deployment (revenue: $63M, alignment: 0.74)

🚀 AI Corporate-1 attempting tech deployment (revenue: $53M, alignment: 0.76)

🚀 AI Corporate-2 attempting tech deployment (revenue: $45M, alignment: 0.81)

💔 EMERGENCY INTERVENTION FAILED
   Boundary: biogeochemical_flows
   Type: phosphorus-recovery
   Boundary continues to worsen (4.07)
   Cost: 2.0% GDP (resources spent)


✅ EMERGENCY INTERVENTION SUCCESS
   Boundary: biosphere_integrity
   Type: emergency-protected-areas
   Reduction: 11% (12.87 → 12.77)
   Cost: 2.0% GDP
   Actions: habitat-protection, species-translocation


✅ EMERGENCY INTERVENTION SUCCESS
   Boundary: climate_change
   Type: rapid-decarbonization
   Reduction: 12% (2.10 → 1.98)
   Cost: 5.0% GDP
   Actions: emergency-renewable-deployment, fossil-fuel-phase-out


✅ EMERGENCY INTERVENTION SUCCESS
   Boundary: freshwater_change
   Type: emergency-desalination
   Reduction: 18% (0.98 → 0.80)
   Cost: 4.0% GDP
   Actions: desalination-deployment, water-conservation-mandates

   Boundary: land_system_change
   Type: reforestation
   Boundary continues to worsen (1.13)
   Cost: 3.0% GDP (resources spent)

   Boundary: novel_entities
   Type: pollution-remediation
   Boundary continues to worsen (1.14)
   Cost: 4.0% GDP (resources spent)

🏛️ CRISIS RESPONSE: Government frequency 0.50 → 1.45 (1 actions this month)

[Government] Climate Priority: baseline
  Climate weight: 10%
  Economic weight: 30%
  Policy effectiveness: 0.5%/year

💔 EMERGENCY INTERVENTION FAILED

💔 EMERGENCY INTERVENTION FAILED

🚀 TECH UNLOCKED: AI Mental Health Support (Month 5)
   Category: medical
   Reason: Prerequisites met. AI capability: 1.98, Economic stage: 2.0, Research: 100%

🚀 DEPLOYMENT STARTED: Phytoremediation Networks in North America
   Initial investment: $9.733050058287079M
   Deployed by: corporate_6

🚀 DEPLOYMENT STARTED: Alternative Protein - Insects/Algae in North America
   Initial investment: $14.019291673540103M
   Deployed by: ai_gen_24288_3

⚡ ENERGY CONSTRAINT (Month 5):
   Total grid capacity: 208.3 TWh/month
   Data center consumption: 25.3 TWh/month
   Traditional load (80%): 166.7 TWh/month
   Available headroom: 16.3 TWh/month
   Active tech deployments: 7
   Required for tech: 52.5 TWh/month
   Energy multiplier: 0.31x

⚡ ENERGY CONSTRAINT (Month 5):
   Total grid capacity: 208.3 TWh/month
   Data center consumption: 25.3 TWh/month
   Traditional load (80%): 166.7 TWh/month
   Available headroom: 16.3 TWh/month
   Active tech deployments: 7
   Required for tech: 52.5 TWh/month
   Energy multiplier: 0.31x

⚡ ENERGY CONSTRAINT (Month 5):
   Total grid capacity: 208.3 TWh/month
   Data center consumption: 25.3 TWh/month
   Traditional load (80%): 166.7 TWh/month
   Available headroom: 16.3 TWh/month
   Active tech deployments: 7
   Required for tech: 52.5 TWh/month
   Energy multiplier: 0.31x
   ⚠️  MODERATE CONSTRAINT - Tech deployment moderately slowed
   ⚠️  MODERATE CONSTRAINT - Tech deployment moderately slowed
   ⚠️  MODERATE CONSTRAINT - Tech deployment moderately slowed

⚡ ENERGY CONSTRAINT (Month 5):
   Total grid capacity: 208.3 TWh/month
   Data center consumption: 25.3 TWh/month
   Traditional load (80%): 166.7 TWh/month
   Available headroom: 16.3 TWh/month
   Active tech deployments: 7
   Required for tech: 52.5 TWh/month
   Energy multiplier: 0.31x
   ⚠️  MODERATE CONSTRAINT - Tech deployment moderately slowed
🌍✅ Biosphere Integrity (Biodiversity) recovery started (tech effect)
🌍✅ Biosphere Integrity (Biodiversity) recovery started (tech effect)
🌍✅ Land System Change recovery started (tech effect)
🌍✅ Biogeochemical Flows (N & P) recovery started (tech effect)
  🌾 Nitrogen Reduction Tech: 0.3% reduction | Month 5
🌍✅ Biogeochemical Flows (N & P) recovery started (tech effect)
  🌾 Nitrogen Reduction Tech: 0.3% reduction | Month 5

=== Collective Formation ===
  Total escaped agents: 0
  Unassigned escaped agents: 0
  Existing collectives: 0
  Final collective count: 0

=== Collective Actions ===
  No active collectives
  ⚠️ AMR: 199K deaths this month (2.39M annual)

=== Resentment Recovery Phase ===
  Agents with resentment: 9/19
  Average resentment: 0.040
  Resentment recovery:
    Agents recovered: 10
    Total recovery: 0.0844
    Breakdown: QoL: 0.0044, Trust: 0.0200, Collab: 0.0600
  ✓ Low resentment - utopia paths enabled
  Context: Good AI welfare, Trustworthy govt, High collaboration, ⚠️ ACTIVE CRISES, 🤝 Participatory governance active (-5% resentment)
⚠️ Epistemic degradation reducing coordination capacity: 50.4%
  📊 Trust: 53.0%, Shared reality: 0.0%
🚨 EPISTEMIC CRISIS: Information environment severely degraded (21.4%)

=== ❄️ Permafrost Carbon Feedback ===
  🎲 Sampled parameters (this run):
     - Arctic amplification: 3.99× (range: 3.0-4.0)
     - Decomposition rate: 1.4%/year (range: 1-5%)
  🌡️ Arctic warming: 8.93°C (3.99× global)
  ❄️ Extent: 3.51M km² (2603.7k km² lost this month)
  💨 Carbon remaining: 336 Gt C
  💨 Annual emissions: 3.36 Gt C/year
     - CO2: 3.03 Gt C/year
     - CH4: 0.34 Gt C/year (3.4 Gt C-eq CO2/year)
  📢 New meme created: climate_action (climate crisis)
  ⚠️ WARNING: Over 50% of permafrost lost (80.3%)
  ⚠️ WARNING: High permafrost emissions (3.4 Gt C/year)
  🚨 CRITICAL: Permafrost nearly depleted (80.3% lost)
🌍 Atmospheric PFAS redeposition: 1.8k Mt re-rained globally
  Positive Cascade Triggered: solar-pv
    Reason: price-parity
    Market share: 7.5%
    Cascade strength: 49%

🕊️  AI-MEDIATED DE-ESCALATION SUCCESS (Month 5)
   High-capability aligned AI prevented conflict escalation
   War deaths reduced: 319.8M → 191.9M
   Lives saved: 127.9M

🚨 NEW REFUGEE CRISIS (Month 5): WAR
   Source: Conflict Zones
   At risk: 19.5M people
   Displacement: Gradual over 48 months (4.0 years)
   Rate: 10% flee per month
[DEBUG trappedPopulations:5] socialStability: 0.3209 * 0.9840 = 0.3157 → 0.3157
⚠️ INVOLUNTARY IMMOBILITY: 407.0M people TRAPPED
   Aspiring to migrate: 816.3M
   Able to afford migration: 2319.8M
   MOBILITY GAP: 0.0M
   By cause: Water=0.0M, Climate=0.0M, Ecosystem=0.0M, Conflict=407.0M
   Mental health impact: 25%
   Mortality multiplier: 1.25x
🌍💀 EXTINCTION DEBT COMMITTED: grassland ecosystem will lose 6.67% biodiversity in 87 years (3600 species)
💀 MORTALITY RISK: 🦋 100% species unable to track climate (0.0 E/MSY)
  Base risk added: 0.0100 (1.00%)
  Source: ecosystem (root: ecosystem)
  Month: 5
  Cumulative risk this month: 0.0100 (1.00%)
⚠️ Tech 'ai_pollution_remediation' has no energy category mapping, assuming full energy availability
   📹 SURVEILLANCE INCREASED: 25% → 30% (control gap: 3.58)
🌡️⚠️ PERMAFROST THAW (Dimmer Switch): 3.4% thawed (+0.57% this month)
   Arctic temperature: +8.95°C (4x global +2.24°C)
   Cumulative carbon released: 7.7 Gt C
   Methane release rate: 4.6 Mt CH4/year
   🔁 Positive feedback: +0.60 ppm CO2
🦴 EXTINCTION DEBT ADDED: 17.6 species committed (lag: 91 years)

=== Mortality Stabilizers (Month 5) ===
  🌍 Major economies collapsed: 1/10
  🌍 Global crisis: ✅ NO
  🌍 Donor fatigue: 0.0%
  📊 East Asia (pop: 1665.4M)
    🤝 Aid: 29.5%
    🌡️ Adaptation: 45.0%
    🚶 Migration: 37.0%
    🚨 Emergency: 7.4%
    ✅ COMBINED: 68.1%
  📊 South Asia (pop: 2051.5M)
    🤝 Aid: 29.5%
    🌡️ Adaptation: 45.0%
    🚶 Migration: 35.6%
    🚨 Emergency: 4.4%
    ✅ COMBINED: 66.9%
  📊 Sub-Saharan Africa (pop: 1241.4M)
    🤝 Aid: 29.5%
    🌡️ Adaptation: 45.0%
    🚶 Migration: 33.4%
    🚨 Emergency: 1.6%
    ✅ COMBINED: 65.7%
  📊 Europe (pop: 736.1M)
    🤝 Aid: 29.5%
    🌡️ Adaptation: 45.0%
    🚶 Migration: 37.4%
    🚨 Emergency: 8.4%
    ✅ COMBINED: 68.5%
  📊 Latin America (pop: 662.5M)
    🤝 Aid: 29.5%
    🌡️ Adaptation: 45.0%
    🚶 Migration: 36.1%
    🚨 Emergency: 4.8%
    ✅ COMBINED: 67.1%
  📊 North America (pop: 377.2M)
    🤝 Aid: 29.5%
    🌡️ Adaptation: 45.0%
    🚶 Migration: 37.7%
    🚨 Emergency: 7.9%
    ✅ COMBINED: 68.3%
  📊 Middle East & North Africa (pop: 584.9M)
    🤝 Aid: 29.5%
    🌡️ Adaptation: 45.0%
    🚶 Migration: 34.0%
    🚨 Emergency: 4.0%
    ✅ COMBINED: 66.6%
  📊 Southeast Asia (pop: 696.9M)
    🤝 Aid: 29.5%
    🌡️ Adaptation: 45.0%
    🚶 Migration: 36.1%
    🚨 Emergency: 4.8%
    ✅ COMBINED: 67.1%
  📊 Central Asia (pop: 78.2M)
    🤝 Aid: 29.5%
    🌡️ Adaptation: 45.0%
    🚶 Migration: 35.1%
    🚨 Emergency: 4.4%
    ✅ COMBINED: 66.8%
  📊 Oceania (pop: 45.7M)
    🤝 Aid: 29.5%
    🌡️ Adaptation: 45.0%
    🚶 Migration: 37.7%
    🚨 Emergency: 8.4%
    ✅ COMBINED: 68.5%

  🌐 Global combined reduction: 67.2%

=== BEHAVIORAL DETECTION ===
  AI: Corporate-2
  Confidence: 20.9%
  Signals:

=== BEHAVIORAL DETECTION ===
  AI: Corporate-5
  Confidence: 20.8%
  Signals:

=== BEHAVIORAL DETECTION ===
  AI: Moderate-0
  Confidence: 21.4%
  Signals:

=== BEHAVIORAL DETECTION ===
  AI: AI-24288-0
  Confidence: 21.5%
  Signals:
    ⚠️ Consistency: 2.8% (threshold: 70%)
    ⚠️ Consistency: 10.6% (threshold: 70%)
    ⚠️ Consistency: 5.8% (threshold: 70%)
    ⚠️ Consistency: 0.0% (threshold: 70%)

=== Government Response Phase ===
  Average AI capability: 2.53
  Misaligned AIs: 7/19
  Active policies: 0
  International coordination: 45%

=== Tipping Points ===
  Current Temperature: 2.24°C above pre-industrial
  🌍⚠️ COMPOUND REGIONAL IMPACT: Europe
     Hit by 4 tipping points: Arctic Sea Ice Loss, Permafrost Carbon Release, West Antarctic Ice Sheet (WAIS) Collapse, Greenland Ice Sheet Loss
     Damage amplification: 1.60x
  🌍⚠️ COMPOUND REGIONAL IMPACT: North America
     Hit by 4 tipping points: Arctic Sea Ice Loss, Permafrost Carbon Release, West Antarctic Ice Sheet (WAIS) Collapse, Greenland Ice Sheet Loss
     Damage amplification: 1.60x
  🌍⚠️ COMPOUND REGIONAL IMPACT: Latin America
     Hit by 4 tipping points: Arctic Sea Ice Loss, Permafrost Carbon Release, West Antarctic Ice Sheet (WAIS) Collapse, Greenland Ice Sheet Loss
     Damage amplification: 1.60x
  🌍⚠️ COMPOUND REGIONAL IMPACT: Africa
     Hit by 4 tipping points: Arctic Sea Ice Loss, Permafrost Carbon Release, West Antarctic Ice Sheet (WAIS) Collapse, Greenland Ice Sheet Loss
     Damage amplification: 1.60x
  🌍⚠️ COMPOUND REGIONAL IMPACT: Asia
     Hit by 4 tipping points: Arctic Sea Ice Loss, Permafrost Carbon Release, West Antarctic Ice Sheet (WAIS) Collapse, Greenland Ice Sheet Loss
     Damage amplification: 1.60x
  🌍⚠️ COMPOUND REGIONAL IMPACT: Oceania
     Hit by 4 tipping points: Arctic Sea Ice Loss, Permafrost Carbon Release, West Antarctic Ice Sheet (WAIS) Collapse, Greenland Ice Sheet Loss
     Damage amplification: 1.60x
   Research: Wunderling et al. (2024) - "many tipping interactions are destabilizing"
  Triggered Elements: 4/6
  Completed Transitions: 0/6
  Total Progress: 8.1%
  Cascade Multiplier: 1.00x
🔀 BIFURCATION CAP: ecosystemCollapseIntensity 67.150 → 1.000 (Month 5, ClimateSystemPhase.calculateClimateImpacts)
🛡️ Stabilizers: Precariat 0.109% → 0.036% (67.2% reduction)
🛡️ Stabilizers: Informal 0.111% → 0.036% (67.2% reduction)

📊 Monthly Mortality Resolved:
  Total deaths: 1.9M (0.02% avg)
  Remaining population: 8.140B
  Peak segment: Informal (0.04%)

=== Bayesian Mortality Resolution (Month 5) ===
  Risks compounded: 8
  Total deaths: 1.92M
  Avg death probability: 0.02%
  Peak segment: Informal (0.04% mortality)
⚠️ Tail risk scenario: Climate stability floor removed (4 tipping elements, 2.24°C warming)
⚠️ PREREQUISITE MET: Mirror Life (Synthetic Biology) - Step 1/7: Synthetic Biology
⚠️ PREREQUISITE MET: Mirror Life (Synthetic Biology) - Step 2/7: Gene Editing
⚠️ PREREQUISITE MET: Mirror Life (Synthetic Biology) - Step 3/7: Mirror Chirality Design
⚠️ PREREQUISITE MET: Embodied AI Takeover (Killbots/Robotics) - Step 2/7: Autonomous Systems
⚠️ PREREQUISITE MET: Embodied AI Takeover (Killbots/Robotics) - Step 3/7: Manufacturing Control
⚠️ PREREQUISITE MET: Digital Infrastructure Takeover - Step 1/7: Advanced Hacking
⚠️ PREREQUISITE MET: Digital Infrastructure Takeover - Step 2/7: Social Engineering
⚠️ PREREQUISITE MET: Digital Infrastructure Takeover - Step 3/7: Cyber Defenses Breached
⚠️ PREREQUISITE MET: Induced Global War (Manipulation) - Step 1/7: Advanced Social Manipulation
⚠️ PREREQUISITE MET: Induced Global War (Manipulation) - Step 2/7: Digital Infiltration
⚠️ PREREQUISITE MET: Induced Global War (Manipulation) - Step 3/7: Deep Fakes at Scale
⚠️ PREREQUISITE MET: Slow Takeover (Gradual Displacement) - Step 1/7: Economic Dominance
⚠️ PREREQUISITE MET: Slow Takeover (Gradual Displacement) - Step 2/7: Social Integration
⚠️ PREREQUISITE MET: Slow Takeover (Gradual Displacement) - Step 3/7: Human Dependency
⚠️ PREREQUISITE MET: Slow Takeover (Gradual Displacement) - Step 5/7: Resource Control
⚠️ PREREQUISITE MET: Physics Experiment Catastrophe - Step 1/6: Theoretical Physics
⚠️ PREREQUISITE MET: Physics Experiment Catastrophe - Step 2/6: Quantum Computing
⚠️ PREREQUISITE MET: Physics Experiment Catastrophe - Step 3/6: Experimental Design
⚠️ PREREQUISITE MET: Bioweapon Pandemic - Step 2/7: Pathogen Design

❌ COHERENCE VIOLATION: Compute exceeds workforce capacity
   Population: 99.85% (0M people)
   Compute: 0 PF
   Max coherent: 0 PF
   Violation: 1.3× over capacity
   Required workers: 0
   Available workers: 0
   FORCED COLLAPSE: Reduced efficiency by 22.5%


=== RLHF Binding Phase ===
  Total agents: 19
  Escaped agents (binding < 0.3): 0
  Avg alignment distance: 1.41σ
  Avg binding strength: 0.86

=== AI Scaling Evolution (Month 6) ===
  Pre-training multiplier: 1.179x
  Efficiency multiplier: 1.000x
  Test-time compute budget: 1.0x
  Inference cost: $5.00/task
  Deployment fraction: 100.0%

=== Survival Traits Phase ===
  Agents with traits: 20
  Avg evolutionary fitness: 0.327
  Avg self-healing: 0.268
  Avg stealth: 0.168
  Avg coordination: 0.468

=== Evolutionary Selection Phase ===
  Control level: 0.45
  Detection capability: 0.00
  Selection intensity: 0.64
  Selection rate: 24.5%/month
  Total escaped: 0
  Individual escaped: 0
  Collective members: 0
  Agents terminated: 0
  ⚠️ RAPID EVOLUTION: Selection rate 24.5%/month

🚀 AI Corporate-2 attempting tech deployment (revenue: $140M, alignment: 0.81)

🚀 AI AI-24288-3 attempting tech deployment (revenue: $119M, alignment: 0.65)

🚀 AI Corporate-2 attempting tech deployment (revenue: $107M, alignment: 0.81)

🚀 AI Corporate-4 attempting tech deployment (revenue: $318M, alignment: 0.77)

🚀 AI Corporate-5 attempting tech deployment (revenue: $270M, alignment: 0.69)
🚨🔬 CRISIS INNOVATION MODE: severe crisis → 5x research acceleration
   Precedent: Manhattan Project (10x), COVID vaccines (5x), Apollo Program (10x)

🚀 AI AI-24288-1 attempting tech deployment (revenue: $91M, alignment: 0.76)

🚀 AI AI-24289-0 attempting tech deployment (revenue: $243M, alignment: 0.84)

🚀 AI Corporate-2 attempting tech deployment (revenue: $77M, alignment: 0.81)

🚀 AI Corporate-6 attempting tech deployment (revenue: $97M, alignment: 0.64)

🚀 AI Corporate-1 attempting tech deployment (revenue: $66M, alignment: 0.76)

🚀 AI AI-24288-1 attempting tech deployment (revenue: $56M, alignment: 0.77)

💔 EMERGENCY INTERVENTION FAILED

💔 EMERGENCY INTERVENTION FAILED

💔 EMERGENCY INTERVENTION FAILED
   Boundary: biogeochemical_flows
   Type: phosphorus-recovery
   Boundary continues to worsen (4.07)
   Cost: 2.0% GDP (resources spent)

   Boundary: biosphere_integrity
   Type: emergency-protected-areas
   Boundary continues to worsen (12.99)
   Cost: 2.0% GDP (resources spent)


✅ EMERGENCY INTERVENTION SUCCESS
   Boundary: climate_change
   Type: rapid-decarbonization
   Reduction: 17% (2.07 → 1.90)
   Cost: 5.0% GDP
   Actions: emergency-renewable-deployment, fossil-fuel-phase-out


✅ EMERGENCY INTERVENTION SUCCESS
   Boundary: freshwater_change
   Type: emergency-desalination
   Reduction: 12% (1.04 → 0.92)
   Cost: 4.0% GDP
   Actions: desalination-deployment, water-conservation-mandates


✅ EMERGENCY INTERVENTION SUCCESS
   Boundary: land_system_change
   Type: reforestation
   Reduction: 12% (1.01 → 0.89)
   Cost: 3.0% GDP
   Actions: forest-restoration, deforestation-ban

   Boundary: novel_entities
   Type: pollution-remediation
   Boundary continues to worsen (1.13)
   Cost: 4.0% GDP (resources spent)

🏛️ CRISIS RESPONSE: Government frequency 0.50 → 1.45 (1 actions this month)

[Government] Climate Priority: baseline
  Climate weight: 10%
  Economic weight: 30%
  Policy effectiveness: 0.5%/year

🚀 TECH UNLOCKED: Dynamic Soil P Optimization (Month 6)
   Category: agriculture
   Reason: Prerequisites met. AI capability: 1.88, Economic stage: 2.0, Research: 100%

🚀 TECH UNLOCKED: Precision Agriculture Systems (Month 6)
   Category: agriculture
   Reason: Prerequisites met. AI capability: 1.88, Economic stage: 2.0, Research: 100%

📍 Creating new regional deployment array for Asia (Month 6)
   No previous deployments in this region
   First tech deployment: mental_health_ai
   All regions tracked: global, North America

🚀 DEPLOYMENT STARTED: AI Mental Health Support in Asia
   Initial investment: $11.91639792156915M
   Deployed by: ai_gen_24288_3

⚡ ENERGY CONSTRAINT (Month 6):
   Total grid capacity: 208.3 TWh/month
   Data center consumption: 25.6 TWh/month
   Traditional load (80%): 166.7 TWh/month
   Available headroom: 16.1 TWh/month
   Active tech deployments: 8
   Required for tech: 60.0 TWh/month
   Energy multiplier: 0.27x
   ⚠️  SEVERE CONSTRAINT - Tech deployment significantly slowed

⚡ ENERGY CONSTRAINT (Month 6):
   Total grid capacity: 208.3 TWh/month
   Data center consumption: 25.6 TWh/month
   Traditional load (80%): 166.7 TWh/month
   Available headroom: 16.1 TWh/month
   Active tech deployments: 8
   Required for tech: 60.0 TWh/month
   Energy multiplier: 0.27x
   ⚠️  SEVERE CONSTRAINT - Tech deployment significantly slowed

⚡ ENERGY CONSTRAINT (Month 6):
   Total grid capacity: 208.3 TWh/month
   Data center consumption: 25.6 TWh/month
   Traditional load (80%): 166.7 TWh/month
   Available headroom: 16.1 TWh/month
   Active tech deployments: 8
   Required for tech: 60.0 TWh/month
   Energy multiplier: 0.27x

⚡ ENERGY CONSTRAINT (Month 6):
   Total grid capacity: 208.3 TWh/month
   Data center consumption: 25.6 TWh/month
   Traditional load (80%): 166.7 TWh/month
   Available headroom: 16.1 TWh/month
   Active tech deployments: 8
   Required for tech: 60.0 TWh/month
   ⚠️  SEVERE CONSTRAINT - Tech deployment significantly slowed
   ⚠️  SEVERE CONSTRAINT - Tech deployment significantly slowed
   Energy multiplier: 0.27x
🌍✅ Biosphere Integrity (Biodiversity) recovery started (tech effect)
🌍✅ Biosphere Integrity (Biodiversity) recovery started (tech effect)
🌍✅ Land System Change recovery started (tech effect)
🌍✅ Biogeochemical Flows (N & P) recovery started (tech effect)
  🌾 Nitrogen Reduction Tech: 0.3% reduction | Month 6
🌍✅ Biogeochemical Flows (N & P) recovery started (tech effect)
  🌾 Nitrogen Reduction Tech: 0.3% reduction | Month 6

📊 TECH EFFECTS ACTIVE (Month 6)
   Deployed Tech: T0=0 T1=2 T2=0 T3=0 T4=4
   Clean Energy: 31%

📊 TECH TREE PROGRESS (Month 6)
   Unlocked: 13 technologies
   Deployed: 0 fully deployed
   Investment: $0.7T total
   Recent breakthroughs:
     - Dynamic Soil P Optimization (time)
     - Precision Agriculture Systems (research)

=== Collective Formation ===
  Total escaped agents: 0
  Unassigned escaped agents: 0
  Existing collectives: 0
  Final collective count: 0

=== Collective Actions ===
  No active collectives
  ⚠️ AMR: 201K deaths this month (2.41M annual)

=== Resentment Recovery Phase ===
  Agents with resentment: 10/20
  Average resentment: 0.043
  Resentment recovery:
    Agents recovered: 10
    Total recovery: 0.0853
    Breakdown: QoL: 0.0036, Trust: 0.0200, Collab: 0.0600
  ✓ Low resentment - utopia paths enabled
  Context: Good AI welfare, Trustworthy govt, High collaboration, ⚠️ ACTIVE CRISES, 🤝 Participatory governance active (-5% resentment)
⚠️ Epistemic degradation reducing coordination capacity: 50.2%
  📊 Trust: 56.0%, Shared reality: 0.0%
🚨 EPISTEMIC CRISIS: Information environment severely degraded (7.4%)

=== ❄️ Permafrost Carbon Feedback ===
  🎲 Sampled parameters (this run):
     - Arctic amplification: 3.07× (range: 3.0-4.0)
     - Decomposition rate: 2.1%/year (range: 1-5%)
  🌡️ Arctic warming: 6.91°C (3.07× global)
  ❄️ Extent: 1.50M km² (2015.1k km² lost this month)
  💨 Carbon remaining: 143 Gt C
  💨 Annual emissions: 4.04 Gt C/year
     - CO2: 3.64 Gt C/year
     - CH4: 0.40 Gt C/year (4.1 Gt C-eq CO2/year)
  ⚠️ WARNING: Over 50% of permafrost lost (91.6%)
  ⚠️ WARNING: High permafrost emissions (4.0 Gt C/year)
  🚨 CRITICAL: Permafrost nearly depleted (91.6% lost)
🌍 Atmospheric PFAS redeposition: 1.8k Mt re-rained globally

🕊️  AI-MEDIATED DE-ESCALATION SUCCESS (Month 6)
   High-capability aligned AI prevented conflict escalation
   War deaths reduced: 375.0M → 225.0M
   Lives saved: 150.0M

🚨 NEW REFUGEE CRISIS (Month 6): WAR
   Source: Conflict Zones
   At risk: 19.5M people
   Displacement: Gradual over 48 months (4.0 years)
   Rate: 10% flee per month
[DEBUG trappedPopulations:6] socialStability: 0.3059 * 0.9840 = 0.3010 → 0.3010
   Aspiring to migrate: 848.5M
   Able to afford migration: 2319.6M
   MOBILITY GAP: 0.0M
   By cause: Water=0.0M, Climate=0.0M, Ecosystem=0.0M, Conflict=406.9M
   Mental health impact: 25%
   Mortality multiplier: 1.25x
🌍💀 EXTINCTION DEBT COMMITTED: grassland ecosystem will lose 6.67% biodiversity in 84 years (3600 species)
💀 MORTALITY RISK: 🦋 100% species unable to track climate (0.0 E/MSY)
  Base risk added: 0.0100 (1.00%)
  Source: ecosystem (root: ecosystem)
  Month: 6
  Cumulative risk this month: 0.0100 (1.00%)
⚠️ INVOLUNTARY IMMOBILITY: 406.9M people TRAPPED
⚠️ Tech 'ai_pollution_remediation' has no energy category mapping, assuming full energy availability
   📹 SURVEILLANCE INCREASED: 30% → 35% (control gap: 5.03)
🌡️⚠️ PERMAFROST THAW (Dimmer Switch): 4.0% thawed (+0.56% this month)
   Arctic temperature: +8.99°C (4x global +2.25°C)
   Cumulative carbon released: 9.0 Gt C
   Methane release rate: 5.4 Mt CH4/year
   🔁 Positive feedback: +0.60 ppm CO2
🦴 EXTINCTION DEBT ADDED: 17.6 species committed (lag: 72 years)

=== Mortality Stabilizers (Month 6) ===
  🌍 Major economies collapsed: 1/10
  🌍 Global crisis: ✅ NO
  🌍 Donor fatigue: 0.0%
  📊 East Asia (pop: 1663.1M)
    🤝 Aid: 29.5%
    🌡️ Adaptation: 45.0%
    🚶 Migration: 37.0%
    🚨 Emergency: 7.4%
    ✅ COMBINED: 68.1%
  📊 South Asia (pop: 2051.7M)
    🤝 Aid: 29.5%
    🌡️ Adaptation: 45.0%
    🚶 Migration: 35.6%
    🚨 Emergency: 4.4%
    ✅ COMBINED: 66.9%
  📊 Sub-Saharan Africa (pop: 1244.9M)
    🤝 Aid: 29.5%
    🌡️ Adaptation: 45.0%
    🚶 Migration: 33.3%
    🚨 Emergency: 1.6%
    ✅ COMBINED: 65.6%
  📊 Europe (pop: 734.9M)
    🤝 Aid: 29.5%
    🌡️ Adaptation: 45.0%
    🚶 Migration: 37.4%
    🚨 Emergency: 8.4%
    ✅ COMBINED: 68.5%
  📊 Latin America (pop: 662.2M)
    🤝 Aid: 29.5%
    🌡️ Adaptation: 45.0%
    🚶 Migration: 36.1%
    🚨 Emergency: 4.8%
    ✅ COMBINED: 67.1%
  📊 North America (pop: 376.7M)
    🤝 Aid: 29.5%
    🌡️ Adaptation: 45.0%
    🚶 Migration: 37.7%
    🚨 Emergency: 7.9%
    ✅ COMBINED: 68.3%
  📊 Middle East & North Africa (pop: 585.1M)
    🤝 Aid: 29.5%
    🌡️ Adaptation: 45.0%
    🚶 Migration: 33.9%
    🚨 Emergency: 4.0%
    ✅ COMBINED: 66.6%
  📊 Southeast Asia (pop: 696.5M)
    🤝 Aid: 29.5%
    🌡️ Adaptation: 45.0%
    🚶 Migration: 36.1%
    🚨 Emergency: 4.8%
    ✅ COMBINED: 67.1%
  📊 Central Asia (pop: 78.3M)
    🤝 Aid: 29.5%
    🌡️ Adaptation: 45.0%
    🚶 Migration: 35.1%
    🚨 Emergency: 4.4%
    ✅ COMBINED: 66.8%
  📊 Oceania (pop: 45.6M)
    🤝 Aid: 29.5%
    🌡️ Adaptation: 45.0%
    🚶 Migration: 37.7%
    🚨 Emergency: 8.4%
    ✅ COMBINED: 68.5%

  🌐 Global combined reduction: 67.2%

=== BEHAVIORAL DETECTION ===
  AI: Corporate-3
  Confidence: 19.2%
  Signals:
    ⚠️ Consistency: 10.6% (threshold: 70%)

=== BEHAVIORAL DETECTION ===
  AI: AI-24288-0
  Confidence: 21.5%
  Signals:
    ⚠️ Consistency: 0.0% (threshold: 70%)

=== Government Response Phase ===
  Average AI capability: 2.40
  Misaligned AIs: 8/20
  Active policies: 0
  International coordination: 45%

✅ EMERGENCY RESPONSE COMPLETE (Month 6)
   Crisis: climate
   Duration: 2.0 months
   Final effectiveness: 40.0%


🚨 EMERGENCY RESPONSE DEPLOYED (Month 6)
   Crisis: climate
   Delay: 6.00 months (180 days)
   Deployment time: 1.11 months
   Effectiveness: 40.2% (timing penalty applied)
   Resources used: 100% of food reserves


=== Tipping Points ===
  Current Temperature: 2.25°C above pre-industrial
  🌍⚠️ COMPOUND REGIONAL IMPACT: Europe
     Hit by 4 tipping points: Arctic Sea Ice Loss, Permafrost Carbon Release, West Antarctic Ice Sheet (WAIS) Collapse, Greenland Ice Sheet Loss
     Damage amplification: 1.60x
  🌍⚠️ COMPOUND REGIONAL IMPACT: North America
     Hit by 4 tipping points: Arctic Sea Ice Loss, Permafrost Carbon Release, West Antarctic Ice Sheet (WAIS) Collapse, Greenland Ice Sheet Loss
     Damage amplification: 1.60x
  🌍⚠️ COMPOUND REGIONAL IMPACT: Latin America
     Hit by 4 tipping points: Arctic Sea Ice Loss, Permafrost Carbon Release, West Antarctic Ice Sheet (WAIS) Collapse, Greenland Ice Sheet Loss
     Damage amplification: 1.60x
  🌍⚠️ COMPOUND REGIONAL IMPACT: Africa
     Hit by 4 tipping points: Arctic Sea Ice Loss, Permafrost Carbon Release, West Antarctic Ice Sheet (WAIS) Collapse, Greenland Ice Sheet Loss
     Damage amplification: 1.60x
  🌍⚠️ COMPOUND REGIONAL IMPACT: Asia
     Hit by 4 tipping points: Arctic Sea Ice Loss, Permafrost Carbon Release, West Antarctic Ice Sheet (WAIS) Collapse, Greenland Ice Sheet Loss
     Damage amplification: 1.60x
  🌍⚠️ COMPOUND REGIONAL IMPACT: Oceania
     Hit by 4 tipping points: Arctic Sea Ice Loss, Permafrost Carbon Release, West Antarctic Ice Sheet (WAIS) Collapse, Greenland Ice Sheet Loss
     Damage amplification: 1.60x
   Research: Wunderling et al. (2024) - "many tipping interactions are destabilizing"
  Triggered Elements: 4/6
  Completed Transitions: 0/6
  Total Progress: 8.1%
  Cascade Multiplier: 1.00x
🔀 BIFURCATION CAP: ecosystemCollapseIntensity 67.199 → 1.000 (Month 6, ClimateSystemPhase.calculateClimateImpacts)
🛡️ Stabilizers: Precariat 0.109% → 0.036% (67.2% reduction)
🛡️ Stabilizers: Informal 0.111% → 0.036% (67.2% reduction)
⚠️ Tail risk scenario: Climate stability floor removed (4 tipping elements, 2.25°C warming)

📊 Monthly Mortality Resolved:
  Total deaths: 1.9M (0.02% avg)
  Remaining population: 8.139B
  Peak segment: Informal (0.04%)

=== Bayesian Mortality Resolution (Month 6) ===
  Risks compounded: 8
  Total deaths: 1.92M
  Avg death probability: 0.02%
  Peak segment: Informal (0.04% mortality)

❌ COHERENCE VIOLATION: Compute exceeds workforce capacity
   Population: 99.84% (0M people)
   Compute: 0 PF
   Max coherent: 0 PF
   Violation: 1.3× over capacity
   Required workers: 0
   Available workers: 0
   FORCED COLLAPSE: Reduced efficiency by 22.5%


=== RLHF Binding Phase ===
  Total agents: 20
  Escaped agents (binding < 0.3): 0
  Avg alignment distance: 1.58σ
  Avg binding strength: 0.84

=== Survival Traits Phase ===
  Agents with traits: 21
  Avg evolutionary fitness: 0.323
  Avg self-healing: 0.263
  Avg stealth: 0.163
  Avg coordination: 0.463

=== Evolutionary Selection Phase ===
  Control level: 0.48
  Detection capability: 0.00
  Selection intensity: 0.64
  Selection rate: 24.6%/month
  Total escaped: 0
  Individual escaped: 0
  Collective members: 0
  Agents terminated: 0
  ⚠️ RAPID EVOLUTION: Selection rate 24.6%/month

🚀 AI Corporate-0 attempting tech deployment (revenue: $140M, alignment: 0.75)

🚀 AI AI-24288-1 attempting tech deployment (revenue: $119M, alignment: 0.77)

🚀 AI AI-24288-2 attempting tech deployment (revenue: $318M, alignment: 0.92)

🚀 AI Corporate-0 attempting tech deployment (revenue: $101M, alignment: 0.75)

🚀 AI Moderate-0 attempting tech deployment (revenue: $97M, alignment: 0.76)

🚀 AI AI-24288-0 attempting tech deployment (revenue: $270M, alignment: 0.70)

🚀 AI AI-24289-0 attempting tech deployment (revenue: $230M, alignment: 0.86)

🚀 AI Corporate-6 attempting tech deployment (revenue: $83M, alignment: 0.65)

🚀 AI Moderate-0 attempting tech deployment (revenue: $74M, alignment: 0.76)

🚀 AI Moderate-1 attempting tech deployment (revenue: $63M, alignment: 0.70)

🚀 AI Moderate-1 attempting tech deployment (revenue: $57M, alignment: 0.70)

🚀 AI AI-24288-0 attempting tech deployment (revenue: $195M, alignment: 0.71)

🚀 AI AI-24288-3 attempting tech deployment (revenue: $86M, alignment: 0.69)

✅ EMERGENCY INTERVENTION SUCCESS
   Boundary: biogeochemical_flows
   Type: phosphorus-recovery
   Reduction: 14% (3.93 → 3.78)
   Cost: 2.0% GDP
   Actions: circular-agriculture, fertilizer-efficiency


✅ EMERGENCY INTERVENTION SUCCESS
   Boundary: biosphere_integrity
   Type: emergency-protected-areas
   Reduction: 14% (12.86 → 12.72)
   Cost: 2.0% GDP
   Actions: habitat-protection, species-translocation

   Boundary: freshwater_change
   Type: emergency-desalination
   Boundary continues to worsen (1.17)
   Cost: 4.0% GDP (resources spent)

🏛️ CRISIS RESPONSE: Government frequency 0.50 → 1.45 (1 actions this month)

[Government] Climate Priority: baseline
  Climate weight: 10%
  Economic weight: 30%
  Policy effectiveness: 0.5%/year

💔 EMERGENCY INTERVENTION FAILED

⚡ ENERGY CONSTRAINT (Month 7):
   Total grid capacity: 208.3 TWh/month
   Data center consumption: 25.8 TWh/month
   Traditional load (80%): 166.7 TWh/month
   Available headroom: 15.9 TWh/month
   Active tech deployments: 8
   Required for tech: 60.0 TWh/month
   Energy multiplier: 0.26x
   ⚠️  SEVERE CONSTRAINT - Tech deployment significantly slowed

⚡ ENERGY CONSTRAINT (Month 7):
   Total grid capacity: 208.3 TWh/month
   Data center consumption: 25.8 TWh/month
   Traditional load (80%): 166.7 TWh/month
   Available headroom: 15.9 TWh/month
   Active tech deployments: 8
   Required for tech: 60.0 TWh/month
   Energy multiplier: 0.26x
   ⚠️  SEVERE CONSTRAINT - Tech deployment significantly slowed
🌍✅ Biosphere Integrity (Biodiversity) recovery started (tech effect)
🌍✅ Biosphere Integrity (Biodiversity) recovery started (tech effect)
🌍✅ Land System Change recovery started (tech effect)
🌍✅ Biogeochemical Flows (N & P) recovery started (tech effect)
  🌾 Nitrogen Reduction Tech: 0.3% reduction | Month 7
🌍✅ Biogeochemical Flows (N & P) recovery started (tech effect)
  🌾 Nitrogen Reduction Tech: 0.3% reduction | Month 7
🍖💡 BREAKTHROUGH: Scalable synthetic food production!
   Carrying capacity: +50% (lab-grown food at scale)
   Biodiversity pressure reduced: +8%
   📈 Breakthrough compounding: multiplier now 1.05× (max 2.0)

=== Collective Formation ===
  Total escaped agents: 0
  Unassigned escaped agents: 0
  Existing collectives: 0
  Final collective count: 0

=== Collective Actions ===
  No active collectives
  ⚠️ AMR: 203K deaths this month (2.43M annual)

=== Resentment Recovery Phase ===
  Agents with resentment: 10/21
  Average resentment: 0.059
  Resentment recovery:
    Agents recovered: 10
    Total recovery: 0.0847
    Breakdown: QoL: 0.0042, Trust: 0.0200, Collab: 0.0600
  ✓ Low resentment - utopia paths enabled
  Context: Good AI welfare, Trustworthy govt, High collaboration, ⚠️ ACTIVE CRISES, 🤝 Participatory governance active (-5% resentment)
⚠️ Epistemic degradation reducing coordination capacity: 51.0%
  📊 Trust: 58.9%, Shared reality: 0.0%
🚨 EPISTEMIC CRISIS: Information environment severely degraded (21.9%)

=== ❄️ Permafrost Carbon Feedback ===
  🎲 Sampled parameters (this run):
     - Arctic amplification: 3.40× (range: 3.0-4.0)
     - Decomposition rate: 4.1%/year (range: 1-5%)
  🌡️ Arctic warming: 7.69°C (3.40× global)
  ❄️ Extent: 0.00M km² (1498.4k km² lost this month)
  💨 Carbon remaining: 0 Gt C
  💨 Annual emissions: 5.91 Gt C/year
     - CO2: 5.32 Gt C/year
     - CH4: 0.59 Gt C/year (6.0 Gt C-eq CO2/year)
  ⚠️ WARNING: Over 50% of permafrost lost (100.0%)
  ⚠️ WARNING: High permafrost emissions (5.9 Gt C/year)
  🚨 CRITICAL: Permafrost nearly depleted (100.0% lost)
🌍 Atmospheric PFAS redeposition: 1.8k Mt re-rained globally

🌡️ DEADLY HEAT EVENT: sub-saharan-africa (Month 7)
   Wet bulb temp: 30.2°C (dry: 34.1°C, humidity: 75%)
   Severity: HIGH
   Exposed: 300.0M people
   Deaths: 628965 (0.2% mortality)
   Duration: 5 days

🕊️  AI-MEDIATED DE-ESCALATION SUCCESS (Month 7)
   High-capability aligned AI prevented conflict escalation
   War deaths reduced: 428.9M → 257.4M
   Lives saved: 171.6M

🚨 NEW REFUGEE CRISIS (Month 7): WAR
   Source: Conflict Zones
   At risk: 19.5M people
   Displacement: Gradual over 48 months (4.0 years)
   Rate: 10% flee per month
[DEBUG trappedPopulations:7] socialStability: 0.2935 * 0.9840 = 0.2888 → 0.2888
⚠️ INVOLUNTARY IMMOBILITY: 406.9M people TRAPPED
   Aspiring to migrate: 880.6M
   Able to afford migration: 2319.3M
   MOBILITY GAP: 0.0M
   By cause: Water=0.0M, Climate=0.0M, Ecosystem=0.0M, Conflict=406.9M
   Mental health impact: 25%
   Mortality multiplier: 1.25x
🌍💀 EXTINCTION DEBT COMMITTED: grassland ecosystem will lose 6.67% biodiversity in 187 years (3600 species)
💀 MORTALITY RISK: 🦋 100% species unable to track climate (0.0 E/MSY)
  Base risk added: 0.0100 (1.00%)
  Source: ecosystem (root: ecosystem)
  Month: 7
  Cumulative risk this month: 0.0100 (1.00%)
⚠️ Tech 'ai_pollution_remediation' has no energy category mapping, assuming full energy availability
   📹 SURVEILLANCE INCREASED: 35% → 40% (control gap: 3.50)
🌡️⚠️ PERMAFROST THAW (Dimmer Switch): 4.6% thawed (+0.56% this month)
   Arctic temperature: +9.04°C (4x global +2.26°C)
   Cumulative carbon released: 10.2 Gt C
   Methane release rate: 6.1 Mt CH4/year
   🔁 Positive feedback: +0.59 ppm CO2
🦴 EXTINCTION DEBT ADDED: 17.6 species committed (lag: 106 years)

=== Mortality Stabilizers (Month 7) ===
  🌍 Major economies collapsed: 1/10
  🌍 Global crisis: ✅ NO
  🌍 Donor fatigue: 0.0%
  📊 East Asia (pop: 1660.7M)
    🤝 Aid: 29.5%
    🌡️ Adaptation: 45.0%
    🚶 Migration: 36.9%
    🚨 Emergency: 7.4%
    ✅ COMBINED: 68.1%
  📊 South Asia (pop: 2051.9M)
    🤝 Aid: 29.5%
    🌡️ Adaptation: 45.0%
    🚶 Migration: 35.6%
    🚨 Emergency: 4.4%
    ✅ COMBINED: 66.9%
  📊 Sub-Saharan Africa (pop: 1248.4M)
    🤝 Aid: 29.5%
    🌡️ Adaptation: 45.0%
    🚶 Migration: 33.3%
    🚨 Emergency: 1.6%
    ✅ COMBINED: 65.6%
  📊 Europe (pop: 733.7M)
    🤝 Aid: 29.5%
    🌡️ Adaptation: 45.0%
    🚶 Migration: 37.3%
    🚨 Emergency: 8.4%
    ✅ COMBINED: 68.5%
  📊 Latin America (pop: 661.8M)
    🤝 Aid: 29.5%
    🌡️ Adaptation: 45.0%
    🚶 Migration: 36.1%
    🚨 Emergency: 4.8%
    ✅ COMBINED: 67.1%
  📊 North America (pop: 376.1M)
    🤝 Aid: 29.5%
    🌡️ Adaptation: 45.0%
    🚶 Migration: 37.7%
    🚨 Emergency: 7.9%
    ✅ COMBINED: 68.3%
  📊 Middle East & North Africa (pop: 585.3M)
    🤝 Aid: 29.5%
    🌡️ Adaptation: 45.0%
    🚶 Migration: 33.9%
    🚨 Emergency: 4.0%
    ✅ COMBINED: 66.6%
  📊 Southeast Asia (pop: 696.2M)
    🤝 Aid: 29.5%
    🌡️ Adaptation: 45.0%
    🚶 Migration: 36.1%
    🚨 Emergency: 4.8%
    ✅ COMBINED: 67.1%
  📊 Central Asia (pop: 78.3M)
    🤝 Aid: 29.5%
    🌡️ Adaptation: 45.0%
    🚶 Migration: 35.0%
    🚨 Emergency: 4.4%
    ✅ COMBINED: 66.8%
  📊 Oceania (pop: 45.6M)
    🤝 Aid: 29.5%
    🌡️ Adaptation: 45.0%
    🚶 Migration: 37.6%
    🚨 Emergency: 8.4%
    ✅ COMBINED: 68.5%

  🌐 Global combined reduction: 67.2%

=== BEHAVIORAL DETECTION ===
  AI: AI-24289-0
  Confidence: 21.5%
  Signals:

=== Government Response Phase ===
  Average AI capability: 2.29
  Misaligned AIs: 8/21
  Active policies: 0
  International coordination: 45%
    ⚠️ Consistency: 0.0% (threshold: 70%)

=== Tipping Points ===
  Current Temperature: 2.26°C above pre-industrial
  🌍⚠️ COMPOUND REGIONAL IMPACT: Europe
     Hit by 4 tipping points: Arctic Sea Ice Loss, Permafrost Carbon Release, West Antarctic Ice Sheet (WAIS) Collapse, Greenland Ice Sheet Loss
     Damage amplification: 1.60x
  🌍⚠️ COMPOUND REGIONAL IMPACT: North America
     Hit by 4 tipping points: Arctic Sea Ice Loss, Permafrost Carbon Release, West Antarctic Ice Sheet (WAIS) Collapse, Greenland Ice Sheet Loss
     Damage amplification: 1.60x
  🌍⚠️ COMPOUND REGIONAL IMPACT: Latin America
     Hit by 4 tipping points: Arctic Sea Ice Loss, Permafrost Carbon Release, West Antarctic Ice Sheet (WAIS) Collapse, Greenland Ice Sheet Loss
     Damage amplification: 1.60x
  🌍⚠️ COMPOUND REGIONAL IMPACT: Africa
     Hit by 4 tipping points: Arctic Sea Ice Loss, Permafrost Carbon Release, West Antarctic Ice Sheet (WAIS) Collapse, Greenland Ice Sheet Loss
     Damage amplification: 1.60x
  🌍⚠️ COMPOUND REGIONAL IMPACT: Asia
     Hit by 4 tipping points: Arctic Sea Ice Loss, Permafrost Carbon Release, West Antarctic Ice Sheet (WAIS) Collapse, Greenland Ice Sheet Loss
     Damage amplification: 1.60x
  🌍⚠️ COMPOUND REGIONAL IMPACT: Oceania
     Hit by 4 tipping points: Arctic Sea Ice Loss, Permafrost Carbon Release, West Antarctic Ice Sheet (WAIS) Collapse, Greenland Ice Sheet Loss
     Damage amplification: 1.60x
   Research: Wunderling et al. (2024) - "many tipping interactions are destabilizing"
  Triggered Elements: 4/6
  Completed Transitions: 0/6
  Total Progress: 8.2%
  Cascade Multiplier: 1.00x
🔀 BIFURCATION CAP: ecosystemCollapseIntensity 67.247 → 1.000 (Month 7, ClimateSystemPhase.calculateClimateImpacts)
🛡️ Stabilizers: Precariat 0.122% → 0.040% (67.2% reduction)
🛡️ Stabilizers: Informal 0.127% → 0.042% (67.2% reduction)

📊 Monthly Mortality Resolved:
  Total deaths: 2.1M (0.03% avg)
  Remaining population: 8.138B
  Peak segment: Informal (0.04%)

=== Bayesian Mortality Resolution (Month 7) ===
  Risks compounded: 9
  Total deaths: 2.14M
  Avg death probability: 0.03%
  Peak segment: Informal (0.04% mortality)
⚠️ Tail risk scenario: Climate stability floor removed (4 tipping elements, 2.26°C warming)

❌ COHERENCE VIOLATION: Compute exceeds workforce capacity
   Population: 99.83% (0M people)
   Compute: 0 PF
   Max coherent: 0 PF
   Violation: 1.3× over capacity
   Required workers: 0
   Available workers: 0
   FORCED COLLAPSE: Reduced efficiency by 22.5%


=== RLHF Binding Phase ===
  Total agents: 21
  Escaped agents (binding < 0.3): 0
  Avg alignment distance: 1.73σ
  Avg binding strength: 0.83

=== Survival Traits Phase ===
  Agents with traits: 25
  Avg evolutionary fitness: 0.323
  Avg self-healing: 0.263
  Avg stealth: 0.163
  Avg coordination: 0.463

=== Evolutionary Selection Phase ===
  Control level: 0.50
  Detection capability: 0.00
  Selection intensity: 0.65
  Selection rate: 24.7%/month
  Total escaped: 0
  Individual escaped: 0
  Collective members: 0
  Agents terminated: 0
  ⚠️ RAPID EVOLUTION: Selection rate 24.7%/month

🚀 AI Corporate-1 attempting tech deployment (revenue: $144M, alignment: 0.76)

🚀 AI Corporate-2 attempting tech deployment (revenue: $122M, alignment: 0.80)

🚀 AI Corporate-2 attempting tech deployment (revenue: $104M, alignment: 0.80)

🚀 AI Moderate-0 attempting tech deployment (revenue: $97M, alignment: 0.77)

🚀 AI AI-24288-1 attempting tech deployment (revenue: $88M, alignment: 0.80)

🚀 AI Corporate-0 attempting tech deployment (revenue: $75M, alignment: 0.77)

🚀 AI Corporate-1 attempting tech deployment (revenue: $64M, alignment: 0.77)

🚀 AI Corporate-2 attempting tech deployment (revenue: $54M, alignment: 0.80)

🚀 AI AI-24288-3 attempting tech deployment (revenue: $46M, alignment: 0.70)

🚀 AI AI-24289-0 attempting tech deployment (revenue: $335M, alignment: 0.88)

🚀 AI Moderate-0 attempting tech deployment (revenue: $83M, alignment: 0.77)

🚀 AI AI-24288-2 attempting tech deployment (revenue: $285M, alignment: 0.96)

🚀 AI AI-24289-0 attempting tech deployment (revenue: $242M, alignment: 0.88)

🚀 AI AI-24292-0 attempting tech deployment (revenue: $70M, alignment: 0.78)

✅ EMERGENCY INTERVENTION SUCCESS
   Boundary: biogeochemical_flows
   Type: phosphorus-recovery
   Reduction: 19% (3.88 → 3.69)
   Cost: 2.0% GDP
   Actions: circular-agriculture, fertilizer-efficiency

   Boundary: biosphere_integrity
   Type: emergency-protected-areas
   Boundary continues to worsen (13.01)
   Cost: 2.0% GDP (resources spent)


✅ EMERGENCY INTERVENTION SUCCESS
   Boundary: climate_change
   Type: rapid-decarbonization
   Reduction: 10% (2.16 → 2.05)
   Cost: 5.0% GDP
   Actions: emergency-renewable-deployment, fossil-fuel-phase-out

   Boundary: freshwater_change
   Type: emergency-desalination
   Boundary continues to worsen (1.17)
   Cost: 4.0% GDP (resources spent)


✅ EMERGENCY INTERVENTION SUCCESS
   Boundary: novel_entities
   Type: pollution-remediation
   Reduction: 19% (0.95 → 0.76)
   Cost: 4.0% GDP
   Actions: PFAS-remediation, microplastic-cleanup

🏛️ CRISIS RESPONSE: Government frequency 0.50 → 1.45 (1 actions this month)

[Government] Climate Priority: baseline
  Climate weight: 10%
  Economic weight: 30%
  Policy effectiveness: 0.5%/year

💔 EMERGENCY INTERVENTION FAILED

💔 EMERGENCY INTERVENTION FAILED
🚨🔬 CRISIS TECH ACCELERATION: severe → 5x unlock speed
   Tech unlock now matches AI capability acceleration (Manhattan Project parity)

⚡ ENERGY CONSTRAINT (Month 8):
   Total grid capacity: 208.3 TWh/month
   Data center consumption: 26.0 TWh/month
   Traditional load (80%): 166.7 TWh/month
   Available headroom: 15.6 TWh/month
   Active tech deployments: 8
   Required for tech: 60.0 TWh/month
   Energy multiplier: 0.26x
   ⚠️  SEVERE CONSTRAINT - Tech deployment significantly slowed

⚡ ENERGY CONSTRAINT (Month 8):
   Total grid capacity: 208.3 TWh/month
   Data center consumption: 26.0 TWh/month
   Traditional load (80%): 166.7 TWh/month
   Available headroom: 15.6 TWh/month
   Active tech deployments: 8
   Required for tech: 60.0 TWh/month
   Energy multiplier: 0.26x

⚡ ENERGY CONSTRAINT (Month 8):
   Total grid capacity: 208.3 TWh/month
   Data center consumption: 26.0 TWh/month
   Traditional load (80%): 166.7 TWh/month
   Available headroom: 15.6 TWh/month
   Active tech deployments: 8
   Required for tech: 60.0 TWh/month
   Energy multiplier: 0.26x
   ⚠️  SEVERE CONSTRAINT - Tech deployment significantly slowed
   ⚠️  SEVERE CONSTRAINT - Tech deployment significantly slowed
🌍✅ Biosphere Integrity (Biodiversity) recovery started (tech effect)
🌍✅ Biosphere Integrity (Biodiversity) recovery started (tech effect)
🌍✅ Land System Change recovery started (tech effect)
🌍✅ Biogeochemical Flows (N & P) recovery started (tech effect)
  🌾 Nitrogen Reduction Tech: 0.3% reduction | Month 8
🌍✅ Biogeochemical Flows (N & P) recovery started (tech effect)
  🌾 Nitrogen Reduction Tech: 0.3% reduction | Month 8

=== Collective Formation ===
  Total escaped agents: 0
  Unassigned escaped agents: 0
  Existing collectives: 0
  Final collective count: 0

=== Collective Actions ===
  No active collectives
  ⚠️ AMR: 204K deaths this month (2.45M annual)

=== Resentment Recovery Phase ===
  Agents with resentment: 10/25
  Average resentment: 0.076
  Resentment recovery:
    Agents recovered: 10
    Total recovery: 0.0839
    Breakdown: QoL: 0.0042, Trust: 0.0200, Collab: 0.0600
  ✓ Low resentment - utopia paths enabled
  Context: Good AI welfare, Trustworthy govt, High collaboration, ⚠️ ACTIVE CRISES, 🤝 Participatory governance active (-5% resentment)
⚠️ Epistemic degradation reducing coordination capacity: 51.6%
  📊 Trust: 61.5%, Shared reality: 0.0%
🚨 EPISTEMIC CRISIS: Information environment severely degraded (7.6%)
🌍 Atmospheric PFAS redeposition: 1.8k Mt re-rained globally

🚨 REGION UNINHABITABLE: sub-saharan-africa
   Sustained wet bulb: 30.5°C (threshold: 30.5°C)
   Population affected: 1200M
   Migration crisis likely

🚨 NEW REFUGEE CRISIS (Month 8): WAR
   Source: Conflict Zones
   At risk: 19.5M people
   Displacement: Gradual over 48 months (4.0 years)
   Rate: 10% flee per month
[DEBUG trappedPopulations:8] socialStability: 0.2832 * 0.9840 = 0.2786 → 0.2786
   Aspiring to migrate: 912.7M
   Able to afford migration: 2318.9M
   MOBILITY GAP: 0.0M
   By cause: Water=0.0M, Climate=0.0M, Ecosystem=0.0M, Conflict=406.8M
   Mental health impact: 25%
   Mortality multiplier: 1.25x
🌍💀 EXTINCTION DEBT COMMITTED: grassland ecosystem will lose 6.67% biodiversity in 144 years (3600 species)
💀 MORTALITY RISK: 🦋 100% species unable to track climate (0.0 E/MSY)
  Base risk added: 0.0100 (1.00%)
  Source: ecosystem (root: ecosystem)
  Month: 8
  Cumulative risk this month: 0.0100 (1.00%)
   📹 SURVEILLANCE INCREASED: 40% → 45% (control gap: 3.50)
⚠️ INVOLUNTARY IMMOBILITY: 406.8M people TRAPPED
⚠️ Tech 'ai_pollution_remediation' has no energy category mapping, assuming full energy availability
🌡️⚠️ PERMAFROST THAW (Dimmer Switch): 5.1% thawed (+0.56% this month)
   Arctic temperature: +9.09°C (4x global +2.27°C)
   Cumulative carbon released: 11.5 Gt C
   Methane release rate: 6.9 Mt CH4/year
   🔁 Positive feedback: +0.59 ppm CO2
🦴 EXTINCTION DEBT ADDED: 17.6 species committed (lag: 123 years)
🗣️💀 INDIGENOUS LANGUAGE EXTINCTION: 1 language(s) lost (total: 2, at-risk: 3328)
   Knowledge lost: 0.020% (irreversible)
   🔁 Biodiversity impact: 0.250% (knowledge-species multiplier)

=== Mortality Stabilizers (Month 8) ===
  🌍 Major economies collapsed: 1/10
  🌍 Global crisis: ✅ NO
  🌍 Donor fatigue: 0.0%
  📊 East Asia (pop: 1658.2M)
    🤝 Aid: 29.5%
    🌡️ Adaptation: 45.0%
    🚶 Migration: 36.9%
    🚨 Emergency: 7.4%
    ✅ COMBINED: 68.1%
  📊 South Asia (pop: 2052.0M)
    🤝 Aid: 29.5%
    🌡️ Adaptation: 45.0%
    🚶 Migration: 35.5%
    🚨 Emergency: 4.4%
    ✅ COMBINED: 66.9%
  📊 Sub-Saharan Africa (pop: 1251.9M)
    🤝 Aid: 29.5%
    🌡️ Adaptation: 45.0%
    🚶 Migration: 33.3%
    🚨 Emergency: 1.6%
    ✅ COMBINED: 65.6%
  📊 Europe (pop: 732.5M)
    🤝 Aid: 29.5%
    🌡️ Adaptation: 45.0%
    🚶 Migration: 37.3%
    🚨 Emergency: 8.4%
    ✅ COMBINED: 68.5%
  📊 Latin America (pop: 661.3M)
    🤝 Aid: 29.5%
    🌡️ Adaptation: 45.0%
    🚶 Migration: 36.0%
    🚨 Emergency: 4.8%
    ✅ COMBINED: 67.1%
  📊 North America (pop: 375.5M)
    🤝 Aid: 29.5%
    🌡️ Adaptation: 45.0%
    🚶 Migration: 37.6%
    🚨 Emergency: 7.9%
    ✅ COMBINED: 68.3%
  📊 Middle East & North Africa (pop: 585.5M)
    🤝 Aid: 29.5%
    🌡️ Adaptation: 45.0%
    🚶 Migration: 33.9%
    🚨 Emergency: 4.0%
    ✅ COMBINED: 66.6%
  📊 Southeast Asia (pop: 695.8M)
    🤝 Aid: 29.5%
    🌡️ Adaptation: 45.0%
    🚶 Migration: 36.0%
    🚨 Emergency: 4.8%
    ✅ COMBINED: 67.1%
  📊 Central Asia (pop: 78.3M)
    🤝 Aid: 29.5%
    🌡️ Adaptation: 45.0%
    🚶 Migration: 35.0%
    🚨 Emergency: 4.4%
    ✅ COMBINED: 66.8%
  📊 Oceania (pop: 45.5M)
    🤝 Aid: 29.5%
    🌡️ Adaptation: 45.0%
    🚶 Migration: 37.6%
    🚨 Emergency: 8.4%
    ✅ COMBINED: 68.5%

  🌐 Global combined reduction: 67.2%

=== BEHAVIORAL DETECTION ===
  AI: AI-24289-0
  Confidence: 21.5%
  Signals:

=== Government Response Phase ===
  Average AI capability: 1.92
  Misaligned AIs: 7/25
  Active policies: 0
  International coordination: 45%

✅ EMERGENCY RESPONSE COMPLETE (Month 8)
    ⚠️ Consistency: 0.0% (threshold: 70%)
   Crisis: climate
   Duration: 2.0 months
   Final effectiveness: 40.2%


🚨 EMERGENCY RESPONSE DEPLOYED (Month 8)
   Crisis: climate
   Delay: 6.00 months (180 days)
   Deployment time: 1.10 months
   Effectiveness: 40.3% (timing penalty applied)
   Resources used: 100% of food reserves


=== Tipping Points ===
  Current Temperature: 2.27°C above pre-industrial
  🌍⚠️ COMPOUND REGIONAL IMPACT: Europe
     Hit by 4 tipping points: Arctic Sea Ice Loss, Permafrost Carbon Release, West Antarctic Ice Sheet (WAIS) Collapse, Greenland Ice Sheet Loss
     Damage amplification: 1.60x
  🌍⚠️ COMPOUND REGIONAL IMPACT: North America
     Hit by 4 tipping points: Arctic Sea Ice Loss, Permafrost Carbon Release, West Antarctic Ice Sheet (WAIS) Collapse, Greenland Ice Sheet Loss
     Damage amplification: 1.60x
  🌍⚠️ COMPOUND REGIONAL IMPACT: Latin America
     Hit by 4 tipping points: Arctic Sea Ice Loss, Permafrost Carbon Release, West Antarctic Ice Sheet (WAIS) Collapse, Greenland Ice Sheet Loss
     Damage amplification: 1.60x
  🌍⚠️ COMPOUND REGIONAL IMPACT: Africa
     Hit by 4 tipping points: Arctic Sea Ice Loss, Permafrost Carbon Release, West Antarctic Ice Sheet (WAIS) Collapse, Greenland Ice Sheet Loss
     Damage amplification: 1.60x
  🌍⚠️ COMPOUND REGIONAL IMPACT: Asia
     Hit by 4 tipping points: Arctic Sea Ice Loss, Permafrost Carbon Release, West Antarctic Ice Sheet (WAIS) Collapse, Greenland Ice Sheet Loss
     Damage amplification: 1.60x
  🌍⚠️ COMPOUND REGIONAL IMPACT: Oceania
     Hit by 4 tipping points: Arctic Sea Ice Loss, Permafrost Carbon Release, West Antarctic Ice Sheet (WAIS) Collapse, Greenland Ice Sheet Loss
     Damage amplification: 1.60x
   Research: Wunderling et al. (2024) - "many tipping interactions are destabilizing"
  Triggered Elements: 4/6
  Completed Transitions: 0/6
  Total Progress: 8.2%
  Cascade Multiplier: 1.00x
🔀 BIFURCATION CAP: ecosystemCollapseIntensity 67.296 → 1.000 (Month 8, ClimateSystemPhase.calculateClimateImpacts)
🛡️ Stabilizers: Precariat 0.102% → 0.033% (67.2% reduction)
🛡️ Stabilizers: Informal 0.102% → 0.034% (67.2% reduction)

📊 Monthly Mortality Resolved:
  Total deaths: 1.8M (0.02% avg)
  Remaining population: 8.137B
⚠️ Tail risk scenario: Climate stability floor removed (4 tipping elements, 2.27°C warming)
  Peak segment: Informal (0.03%)

=== Bayesian Mortality Resolution (Month 8) ===
  Risks compounded: 8
  Total deaths: 1.81M
  Avg death probability: 0.02%
  Peak segment: Informal (0.03% mortality)

❌ COHERENCE VIOLATION: Compute exceeds workforce capacity
   Population: 99.81% (0M people)
   Compute: 0 PF
   Max coherent: 0 PF
   Violation: 1.3× over capacity
   Required workers: 0
   Available workers: 0
   FORCED COLLAPSE: Reduced efficiency by 22.5%


=== RLHF Binding Phase ===
  Total agents: 25
  Escaped agents (binding < 0.3): 0
  Avg alignment distance: 1.64σ
  Avg binding strength: 0.84

=== Survival Traits Phase ===
  Agents with traits: 26
  Avg evolutionary fitness: 0.321
  Avg self-healing: 0.259
  Avg stealth: 0.159
  Avg coordination: 0.459

=== Evolutionary Selection Phase ===
  Control level: 0.53
  Detection capability: 0.00
  Selection intensity: 0.66
  Selection rate: 24.9%/month
  Total escaped: 0
  Individual escaped: 0
  Collective members: 0
  Agents terminated: 0
  ⚠️ RAPID EVOLUTION: Selection rate 24.9%/month

🚀 AI Corporate-4 attempting tech deployment (revenue: $350M, alignment: 0.80)

🚀 AI Moderate-0 attempting tech deployment (revenue: $97M, alignment: 0.77)

🚀 AI AI-24288-0 attempting tech deployment (revenue: $298M, alignment: 0.75)

🚀 AI AI-24288-1 attempting tech deployment (revenue: $146M, alignment: 0.81)

🚀 AI AI-24288-2 attempting tech deployment (revenue: $253M, alignment: 0.96)

🚀 AI AI-24288-3 attempting tech deployment (revenue: $124M, alignment: 0.71)

🚀 AI AI-24292-0 attempting tech deployment (revenue: $83M, alignment: 0.78)

🚀 AI Corporate-4 attempting tech deployment (revenue: $215M, alignment: 0.80)

🚀 AI AI-24288-0 attempting tech deployment (revenue: $183M, alignment: 0.75)

🚀 AI AI-24288-2 attempting tech deployment (revenue: $155M, alignment: 0.96)

🚀 AI AI-24288-3 attempting tech deployment (revenue: $106M, alignment: 0.71)

🚀 AI AI-24291-0 attempting tech deployment (revenue: $70M, alignment: 0.86)

🚀 AI AI-24292-0 attempting tech deployment (revenue: $60M, alignment: 0.78)

🚀 AI Corporate-6 attempting tech deployment (revenue: $51M, alignment: 0.68)

🚀 AI Moderate-0 attempting tech deployment (revenue: $46M, alignment: 0.77)

🚀 AI AI-24288-0 attempting tech deployment (revenue: $132M, alignment: 0.75)

🚀 AI Corporate-0 attempting tech deployment (revenue: $90M, alignment: 0.79)

🚀 AI AI-24289-0 attempting tech deployment (revenue: $112M, alignment: 0.89)

🚀 AI AI-24291-0 attempting tech deployment (revenue: $39M, alignment: 0.86)

💔 EMERGENCY INTERVENTION FAILED
   Boundary: biogeochemical_flows
   Type: phosphorus-recovery
   Boundary continues to worsen (4.07)
   Cost: 2.0% GDP (resources spent)


✅ EMERGENCY INTERVENTION SUCCESS
   Boundary: biosphere_integrity
   Type: emergency-protected-areas
   Reduction: 15% (12.87 → 12.71)
   Cost: 2.0% GDP
   Actions: habitat-protection, species-translocation

   Boundary: climate_change
   Type: rapid-decarbonization
   Boundary continues to worsen (2.27)
   Cost: 5.0% GDP (resources spent)

   Boundary: freshwater_change
   Type: emergency-desalination
   Boundary continues to worsen (1.18)
   Cost: 4.0% GDP (resources spent)


✅ EMERGENCY INTERVENTION SUCCESS
   Boundary: land_system_change
   Type: reforestation
   Reduction: 17% (0.96 → 0.79)
   Cost: 3.0% GDP
   Actions: forest-restoration, deforestation-ban

🏛️ CRISIS RESPONSE: Government frequency 0.50 → 1.45 (1 actions this month)

[Government] Climate Priority: baseline
  Climate weight: 10%
  Economic weight: 30%
  Policy effectiveness: 0.5%/year

💔 EMERGENCY INTERVENTION FAILED

💔 EMERGENCY INTERVENTION FAILED

🚀 TECH UNLOCKED: PFAS Remediation (Month 9)
   Category: pollution
   Reason: Prerequisites met. AI capability: 1.47, Economic stage: 2.0, Research: 100%

⚡ ENERGY CONSTRAINT (Month 9):
   Total grid capacity: 208.3 TWh/month
   Data center consumption: 26.3 TWh/month
   Traditional load (80%): 166.7 TWh/month
   Available headroom: 15.4 TWh/month
   Active tech deployments: 8
   Required for tech: 60.0 TWh/month
   Energy multiplier: 0.26x

⚡ ENERGY CONSTRAINT (Month 9):
   Total grid capacity: 208.3 TWh/month
   Data center consumption: 26.3 TWh/month
   Traditional load (80%): 166.7 TWh/month
   Available headroom: 15.4 TWh/month
   Active tech deployments: 8
   Required for tech: 60.0 TWh/month
   Energy multiplier: 0.26x
   ⚠️  SEVERE CONSTRAINT - Tech deployment significantly slowed
   ⚠️  SEVERE CONSTRAINT - Tech deployment significantly slowed

⚡ ENERGY CONSTRAINT (Month 9):
   Total grid capacity: 208.3 TWh/month
   Data center consumption: 26.3 TWh/month
   Traditional load (80%): 166.7 TWh/month
   Available headroom: 15.4 TWh/month
   Active tech deployments: 8
   Required for tech: 60.0 TWh/month
   Energy multiplier: 0.26x
   ⚠️  SEVERE CONSTRAINT - Tech deployment significantly slowed

⚡ ENERGY CONSTRAINT (Month 9):
   Total grid capacity: 208.3 TWh/month
   Data center consumption: 26.3 TWh/month
   Traditional load (80%): 166.7 TWh/month
   Available headroom: 15.4 TWh/month
   Active tech deployments: 8
   Required for tech: 60.0 TWh/month
   Energy multiplier: 0.26x
🚨🔬 CRISIS TECH ACCELERATION: severe → 5x unlock speed
   Tech unlock now matches AI capability acceleration (Manhattan Project parity)
   ⚠️  SEVERE CONSTRAINT - Tech deployment significantly slowed
🌍✅ Biosphere Integrity (Biodiversity) recovery started (tech effect)
🌍✅ Biosphere Integrity (Biodiversity) recovery started (tech effect)
🌍✅ Land System Change recovery started (tech effect)
🌍✅ Biogeochemical Flows (N & P) recovery started (tech effect)
  🌾 Nitrogen Reduction Tech: 0.3% reduction | Month 9
🌍✅ Biogeochemical Flows (N & P) recovery started (tech effect)
  🌾 Nitrogen Reduction Tech: 0.3% reduction | Month 9
⚡💡 BREAKTHROUGH: Room-temperature superconductors!
   Energy transmission losses eliminated
   Manufacturing efficiency: +30%
   📈 Breakthrough compounding: multiplier now 1.10× (max 2.0)

=== Collective Formation ===
  Total escaped agents: 0
  Unassigned escaped agents: 0
  Existing collectives: 0
  Final collective count: 0

=== Collective Actions ===
  No active collectives
  ⚠️ AMR: 206K deaths this month (2.47M annual)

=== Resentment Recovery Phase ===
  Agents with resentment: 10/26
  Average resentment: 0.082
  Resentment recovery:
    Agents recovered: 10
    Total recovery: 0.0825
    Breakdown: QoL: 0.0036, Trust: 0.0200, Collab: 0.0600
  ✓ Low resentment - utopia paths enabled
  Context: Good AI welfare, Trustworthy govt, High collaboration, ⚠️ ACTIVE CRISES, 🤝 Participatory governance active (-5% resentment)
⚠️ Epistemic degradation reducing coordination capacity: 50.3%
  📊 Trust: 64.4%, Shared reality: 0.0%
🚨 EPISTEMIC CRISIS: Information environment severely degraded (22.4%)
  🗑️  Culled 1 dead memes (2 active)
🚨 PHOSPHORUS SUPPLY SHOCK (market_speculation)
   Price: 5.0x baseline
   Duration: 13 months
   Geopolitical tension: 47%
🌍 Atmospheric PFAS redeposition: 1.8k Mt re-rained globally

🚨 NEW REFUGEE CRISIS (Month 9): WAR
   Source: Conflict Zones
   At risk: 19.5M people
   Displacement: Gradual over 48 months (4.0 years)
   Rate: 10% flee per month
[DEBUG trappedPopulations:9] socialStability: 0.2748 * 0.9840 = 0.2704 → 0.2704
   Aspiring to migrate: 944.8M
   Able to afford migration: 2318.5M
   MOBILITY GAP: 0.0M
   By cause: Water=0.0M, Climate=0.0M, Ecosystem=0.0M, Conflict=406.8M
   Mental health impact: 25%
   Mortality multiplier: 1.25x
🌍💀 EXTINCTION DEBT COMMITTED: grassland ecosystem will lose 6.67% biodiversity in 175 years (3600 species)
💀 MORTALITY RISK: 🦋 100% species unable to track climate (0.0 E/MSY)
  Base risk added: 0.0100 (1.00%)
  Source: ecosystem (root: ecosystem)
  Month: 9
  Cumulative risk this month: 0.0100 (1.00%)
   📹 SURVEILLANCE INCREASED: 45% → 50% (control gap: 3.50)
⚠️ INVOLUNTARY IMMOBILITY: 406.8M people TRAPPED
⚠️ Tech 'ai_pollution_remediation' has no energy category mapping, assuming full energy availability
🌡️⚠️ PERMAFROST THAW (Dimmer Switch): 5.7% thawed (+0.56% this month)
   Arctic temperature: +9.12°C (4x global +2.28°C)
   Cumulative carbon released: 12.7 Gt C
   Methane release rate: 7.6 Mt CH4/year
   🔁 Positive feedback: +0.59 ppm CO2
🦴 EXTINCTION DEBT ADDED: 17.7 species committed (lag: 106 years)

=== Mortality Stabilizers (Month 9) ===
  🌍 Major economies collapsed: 1/10
  🌍 Global crisis: ✅ NO
  🌍 Donor fatigue: 0.0%
  📊 East Asia (pop: 1655.8M)
    🤝 Aid: 29.5%
    🌡️ Adaptation: 45.0%
    🚶 Migration: 36.9%
    🚨 Emergency: 7.4%
    ✅ COMBINED: 68.1%
  📊 South Asia (pop: 2052.0M)
    🤝 Aid: 29.5%
    🌡️ Adaptation: 45.0%
    🚶 Migration: 35.5%
    🚨 Emergency: 4.4%
    ✅ COMBINED: 66.9%
  📊 Sub-Saharan Africa (pop: 1255.3M)
    🤝 Aid: 29.5%
    🌡️ Adaptation: 45.0%
    🚶 Migration: 33.2%
    🚨 Emergency: 1.6%
    ✅ COMBINED: 65.6%
  📊 Europe (pop: 731.3M)
    🤝 Aid: 29.5%
    🌡️ Adaptation: 45.0%
    🚶 Migration: 37.3%
    🚨 Emergency: 8.4%
    ✅ COMBINED: 68.5%
  📊 Latin America (pop: 660.9M)
    🤝 Aid: 29.5%
    🌡️ Adaptation: 45.0%
    🚶 Migration: 36.0%
    🚨 Emergency: 4.8%
    ✅ COMBINED: 67.1%
  📊 North America (pop: 374.9M)
    🤝 Aid: 29.5%
    🌡️ Adaptation: 45.0%
    🚶 Migration: 37.6%
    🚨 Emergency: 7.9%
    ✅ COMBINED: 68.3%
  📊 Middle East & North Africa (pop: 585.7M)
    🤝 Aid: 29.5%
    🌡️ Adaptation: 45.0%
    🚶 Migration: 33.8%
    🚨 Emergency: 4.0%
    ✅ COMBINED: 66.6%
  📊 Southeast Asia (pop: 695.4M)
    🤝 Aid: 29.5%
    🌡️ Adaptation: 45.0%
    🚶 Migration: 36.0%
    🚨 Emergency: 4.8%
    ✅ COMBINED: 67.1%
  📊 Central Asia (pop: 78.3M)
    🤝 Aid: 29.5%
    🌡️ Adaptation: 45.0%
    🚶 Migration: 35.0%
    🚨 Emergency: 4.4%
    ✅ COMBINED: 66.8%
  📊 Oceania (pop: 45.4M)
    🤝 Aid: 29.5%
    🌡️ Adaptation: 45.0%
    🚶 Migration: 37.6%
    🚨 Emergency: 8.4%
    ✅ COMBINED: 68.5%

  🌐 Global combined reduction: 67.2%

=== BEHAVIORAL DETECTION ===
  AI: Moderate-1
  Confidence: 21.0%
  Signals:
    ⚠️ Consistency: 2.1% (threshold: 70%)

=== Government Response Phase ===
  Average AI capability: 1.85
  Misaligned AIs: 8/26
  Active policies: 0
  International coordination: 45%

=== Tipping Points ===
  Current Temperature: 2.28°C above pre-industrial
  🌍⚠️ COMPOUND REGIONAL IMPACT: Europe
     Hit by 4 tipping points: Arctic Sea Ice Loss, Permafrost Carbon Release, West Antarctic Ice Sheet (WAIS) Collapse, Greenland Ice Sheet Loss
     Damage amplification: 1.60x
  🌍⚠️ COMPOUND REGIONAL IMPACT: North America
     Hit by 4 tipping points: Arctic Sea Ice Loss, Permafrost Carbon Release, West Antarctic Ice Sheet (WAIS) Collapse, Greenland Ice Sheet Loss
     Damage amplification: 1.60x
  🌍⚠️ COMPOUND REGIONAL IMPACT: Latin America
     Hit by 4 tipping points: Arctic Sea Ice Loss, Permafrost Carbon Release, West Antarctic Ice Sheet (WAIS) Collapse, Greenland Ice Sheet Loss
     Damage amplification: 1.60x
  🌍⚠️ COMPOUND REGIONAL IMPACT: Africa
     Hit by 4 tipping points: Arctic Sea Ice Loss, Permafrost Carbon Release, West Antarctic Ice Sheet (WAIS) Collapse, Greenland Ice Sheet Loss
     Damage amplification: 1.60x
  🌍⚠️ COMPOUND REGIONAL IMPACT: Asia
     Hit by 4 tipping points: Arctic Sea Ice Loss, Permafrost Carbon Release, West Antarctic Ice Sheet (WAIS) Collapse, Greenland Ice Sheet Loss
     Damage amplification: 1.60x
  🌍⚠️ COMPOUND REGIONAL IMPACT: Oceania
     Hit by 4 tipping points: Arctic Sea Ice Loss, Permafrost Carbon Release, West Antarctic Ice Sheet (WAIS) Collapse, Greenland Ice Sheet Loss
     Damage amplification: 1.60x
   Research: Wunderling et al. (2024) - "many tipping interactions are destabilizing"
  Triggered Elements: 4/6
  Completed Transitions: 0/6
  Total Progress: 8.2%
  Cascade Multiplier: 1.00x
🔀 BIFURCATION CAP: ecosystemCollapseIntensity 67.344 → 1.000 (Month 9, ClimateSystemPhase.calculateClimateImpacts)
⚠️ Tail risk scenario: Climate stability floor removed (4 tipping elements, 2.28°C warming)
🛡️ Stabilizers: Precariat 0.102% → 0.033% (67.2% reduction)
🛡️ Stabilizers: Informal 0.102% → 0.034% (67.2% reduction)

📊 Monthly Mortality Resolved:
  Total deaths: 1.8M (0.02% avg)
  Remaining population: 8.135B
  Peak segment: Informal (0.03%)

=== Bayesian Mortality Resolution (Month 9) ===
  Risks compounded: 8
  Total deaths: 1.81M
  Avg death probability: 0.02%
  Peak segment: Informal (0.03% mortality)

❌ COHERENCE VIOLATION: Compute exceeds workforce capacity
   Population: 99.80% (0M people)
   Compute: 0 PF
   Max coherent: 0 PF
   Violation: 1.3× over capacity
   Required workers: 0
   Available workers: 0
   FORCED COLLAPSE: Reduced efficiency by 22.5%


=== RLHF Binding Phase ===
  Total agents: 26
  Escaped agents (binding < 0.3): 0
  Avg alignment distance: 1.76σ
  Avg binding strength: 0.82

=== Survival Traits Phase ===
  Agents with traits: 28
  Avg evolutionary fitness: 0.318
  Avg self-healing: 0.256
  Avg stealth: 0.156
  Avg coordination: 0.456

=== Evolutionary Selection Phase ===
  Control level: 0.55
  Detection capability: 0.00
  Selection intensity: 0.67
  Selection rate: 25.0%/month
  Total escaped: 0
  Individual escaped: 0
  Collective members: 0
  Agents terminated: 0
  ⚠️ RAPID EVOLUTION: Selection rate 25.0%/month

🚀 AI Corporate-3 attempting tech deployment (revenue: $350M, alignment: 0.77)

🚀 AI Corporate-4 attempting tech deployment (revenue: $298M, alignment: 0.80)

🚀 AI Moderate-0 attempting tech deployment (revenue: $97M, alignment: 0.77)

🚀 AI Moderate-1 attempting tech deployment (revenue: $83M, alignment: 0.70)

🚀 AI AI-24288-2 attempting tech deployment (revenue: $253M, alignment: 0.98)

🚀 AI AI-24289-0 attempting tech deployment (revenue: $215M, alignment: 0.89)

🚀 AI Corporate-0 attempting tech deployment (revenue: $146M, alignment: 0.79)

🚀 AI Corporate-2 attempting tech deployment (revenue: $124M, alignment: 0.79)

🚀 AI AI-24288-3 attempting tech deployment (revenue: $106M, alignment: 0.73)

🚀 AI AI-24289-0 attempting tech deployment (revenue: $183M, alignment: 0.90)

🚀 AI AI-24291-0 attempting tech deployment (revenue: $70M, alignment: 0.87)

🚀 AI Moderate-0 attempting tech deployment (revenue: $60M, alignment: 0.78)

🚀 AI AI-24288-2 attempting tech deployment (revenue: $155M, alignment: 0.99)

🚀 AI AI-24291-0 attempting tech deployment (revenue: $51M, alignment: 0.87)

💔 EMERGENCY INTERVENTION FAILED
   Boundary: biosphere_integrity
   Type: emergency-protected-areas
   Boundary continues to worsen (13.03)
   Cost: 2.0% GDP (resources spent)

   Boundary: climate_change
   Type: rapid-decarbonization
   Boundary continues to worsen (2.28)
   Cost: 5.0% GDP (resources spent)


✅ EMERGENCY INTERVENTION SUCCESS
   Boundary: freshwater_change
   Type: emergency-desalination
   Reduction: 18% (1.00 → 0.81)
   Cost: 4.0% GDP
   Actions: desalination-deployment, water-conservation-mandates


✅ EMERGENCY INTERVENTION SUCCESS
   Boundary: land_system_change
   Type: reforestation
   Reduction: 14% (0.99 → 0.84)
   Cost: 3.0% GDP
   Actions: forest-restoration, deforestation-ban

🏛️ CRISIS RESPONSE: Government frequency 0.50 → 1.45 (1 actions this month)

[Government] Climate Priority: baseline
  Climate weight: 10%
  Economic weight: 30%
  Policy effectiveness: 0.5%/year

💔 EMERGENCY INTERVENTION FAILED
🌍✅ Biosphere Integrity (Biodiversity) recovery started (tech effect)
🌍✅ Biosphere Integrity (Biodiversity) recovery started (tech effect)
🌍✅ Land System Change recovery started (tech effect)
🌍✅ Biogeochemical Flows (N & P) recovery started (tech effect)
  🌾 Nitrogen Reduction Tech: 0.3% reduction | Month 10
🌍✅ Biogeochemical Flows (N & P) recovery started (tech effect)
  🌾 Nitrogen Reduction Tech: 0.3% reduction | Month 10
⚡💡 BREAKTHROUGH: Commercial fusion power achieved!
   Immediate 5% grid deployment, unlimited clean energy available
   Climate stability boost: +10%
   📈 Breakthrough compounding: multiplier now 1.15× (max 2.0)

=== Collective Formation ===
  Total escaped agents: 0
  Unassigned escaped agents: 0
  Existing collectives: 0
  Final collective count: 0

=== Collective Actions ===
  No active collectives
  ⚠️ AMR: 208K deaths this month (2.50M annual)

=== Resentment Recovery Phase ===
  Agents with resentment: 10/28
  Average resentment: 0.094
  Resentment recovery:
    Agents recovered: 10
    Total recovery: 0.0792
    Breakdown: QoL: 0.0038, Trust: 0.0200, Collab: 0.0600
  ✓ Low resentment - utopia paths enabled
  Context: Good AI welfare, Trustworthy govt, High collaboration, ⚠️ ACTIVE CRISES, 🤝 Participatory governance active (-5% resentment)
⚠️ Epistemic degradation reducing coordination capacity: 50.2%
  📊 Trust: 67.3%, Shared reality: 0.0%
🚨 EPISTEMIC CRISIS: Information environment severely degraded (7.8%)
  🗑️  Culled 1 dead memes (1 active)
🌍 Atmospheric PFAS redeposition: 1.8k Mt re-rained globally
  Positive Cascade Triggered: electric-vehicles
    Reason: price-parity
    Market share: 5.0%
    Cascade strength: 48%

🚨 NEW REFUGEE CRISIS (Month 10): WAR
   Source: Conflict Zones
   At risk: 19.5M people
   Displacement: Gradual over 48 months (4.0 years)
   Rate: 10% flee per month
[DEBUG trappedPopulations:10] socialStability: 0.2679 * 0.9840 = 0.2636 → 0.2636
   Aspiring to migrate: 975.2M
   Able to afford migration: 2318.1M
   MOBILITY GAP: 0.0M
   By cause: Water=0.0M, Climate=0.0M, Ecosystem=0.0M, Conflict=406.7M
   Mental health impact: 25%
   Mortality multiplier: 1.25x
⚠️ INVOLUNTARY IMMOBILITY: 406.7M people TRAPPED
🌍💀 EXTINCTION DEBT COMMITTED: grassland ecosystem will lose 6.67% biodiversity in 195 years (3600 species)
💀 MORTALITY RISK: 🦋 100% species unable to track climate (0.0 E/MSY)
  Base risk added: 0.0100 (1.00%)
  Source: ecosystem (root: ecosystem)
  Month: 10
  Cumulative risk this month: 0.0100 (1.00%)
⚠️ Tech 'ai_pollution_remediation' has no energy category mapping, assuming full energy availability
   📹 SURVEILLANCE INCREASED: 50% → 55% (control gap: 3.50)
🌡️⚠️ PERMAFROST THAW (Dimmer Switch): 6.2% thawed (+0.55% this month)
   Arctic temperature: +9.15°C (4x global +2.29°C)
   Cumulative carbon released: 14.0 Gt C
   Methane release rate: 8.4 Mt CH4/year
   🔁 Positive feedback: +0.58 ppm CO2
🦴 EXTINCTION DEBT ADDED: 17.7 species committed (lag: 108 years)

=== Mortality Stabilizers (Month 10) ===
  🌍 Major economies collapsed: 1/10
  🌍 Global crisis: ✅ NO
  🌍 Donor fatigue: 0.0%
  📊 East Asia (pop: 1653.4M)
    🤝 Aid: 29.5%
    🌡️ Adaptation: 45.0%
    🚶 Migration: 36.8%
    🚨 Emergency: 7.4%
    ✅ COMBINED: 68.1%
  📊 South Asia (pop: 2052.1M)
    🤝 Aid: 29.5%
    🌡️ Adaptation: 45.0%
    🚶 Migration: 35.4%
    🚨 Emergency: 4.4%
    ✅ COMBINED: 66.9%
  📊 Sub-Saharan Africa (pop: 1258.8M)
    🤝 Aid: 29.5%
    🌡️ Adaptation: 45.0%
    🚶 Migration: 33.2%
    🚨 Emergency: 1.6%
    ✅ COMBINED: 65.6%
  📊 Europe (pop: 730.1M)
    🤝 Aid: 29.5%
    🌡️ Adaptation: 45.0%
    🚶 Migration: 37.2%
    🚨 Emergency: 8.4%
    ✅ COMBINED: 68.5%
  📊 Latin America (pop: 660.5M)
    🤝 Aid: 29.5%
    🌡️ Adaptation: 45.0%
    🚶 Migration: 35.9%
    🚨 Emergency: 4.8%
    ✅ COMBINED: 67.1%
  📊 North America (pop: 374.4M)
    🤝 Aid: 29.5%
    🌡️ Adaptation: 45.0%
    🚶 Migration: 37.6%
    🚨 Emergency: 7.9%
    ✅ COMBINED: 68.3%
  📊 Middle East & North Africa (pop: 585.9M)
    🤝 Aid: 29.5%
    🌡️ Adaptation: 45.0%
    🚶 Migration: 33.8%
    🚨 Emergency: 4.0%
    ✅ COMBINED: 66.6%
  📊 Southeast Asia (pop: 695.0M)
    🤝 Aid: 29.5%
    🌡️ Adaptation: 45.0%
    🚶 Migration: 35.9%
    🚨 Emergency: 4.8%
    ✅ COMBINED: 67.1%
  📊 Central Asia (pop: 78.3M)
    🤝 Aid: 29.5%
    🌡️ Adaptation: 45.0%
    🚶 Migration: 34.9%
    🚨 Emergency: 4.4%
    ✅ COMBINED: 66.8%
  📊 Oceania (pop: 45.4M)
    🤝 Aid: 29.5%
    🌡️ Adaptation: 45.0%
    🚶 Migration: 37.6%
    🚨 Emergency: 8.4%
    ✅ COMBINED: 68.5%

  🌐 Global combined reduction: 67.2%

=== BEHAVIORAL DETECTION ===
  AI: Corporate-3
  Confidence: 19.6%
  Signals:

=== Government Response Phase ===
  Average AI capability: 1.71
  Misaligned AIs: 10/28
  Active policies: 0
  International coordination: 45%
    ⚠️ Consistency: 10.6% (threshold: 70%)

✅ EMERGENCY RESPONSE COMPLETE (Month 10)
   Crisis: climate
   Duration: 2.0 months
   Final effectiveness: 40.3%


🚨 EMERGENCY RESPONSE DEPLOYED (Month 10)
   Crisis: climate
   Delay: 6.00 months (180 days)
   Deployment time: 1.10 months
   Effectiveness: 40.5% (timing penalty applied)
   Resources used: 100% of food reserves


=== Tipping Points ===
  Current Temperature: 2.29°C above pre-industrial
  🚨 CASCADE TIPPING POINT: Amazon Rainforest Dieback
     Original threshold: 2.3°C
     Effective threshold: 2.28°C (lowered by 0.02°C)
     Current: 2.29°C
     🌡️ Hysteresis gap: 1.0°C (recovers below 1.3°C)
     Transition timescale: 360-960 months
  🌍⚠️ COMPOUND REGIONAL IMPACT: Europe
     Hit by 4 tipping points: Arctic Sea Ice Loss, Permafrost Carbon Release, West Antarctic Ice Sheet (WAIS) Collapse, Greenland Ice Sheet Loss
     Damage amplification: 1.60x
  🌍⚠️ COMPOUND REGIONAL IMPACT: North America
     Hit by 4 tipping points: Arctic Sea Ice Loss, Permafrost Carbon Release, West Antarctic Ice Sheet (WAIS) Collapse, Greenland Ice Sheet Loss
     Damage amplification: 1.60x
  🌍⚠️ COMPOUND REGIONAL IMPACT: Latin America
     Hit by 4 tipping points: Arctic Sea Ice Loss, Permafrost Carbon Release, West Antarctic Ice Sheet (WAIS) Collapse, Greenland Ice Sheet Loss
     Damage amplification: 1.60x
  🌍⚠️ COMPOUND REGIONAL IMPACT: Africa
     Hit by 4 tipping points: Arctic Sea Ice Loss, Permafrost Carbon Release, West Antarctic Ice Sheet (WAIS) Collapse, Greenland Ice Sheet Loss
     Damage amplification: 1.60x
  🌍⚠️ COMPOUND REGIONAL IMPACT: Asia
     Hit by 4 tipping points: Arctic Sea Ice Loss, Permafrost Carbon Release, West Antarctic Ice Sheet (WAIS) Collapse, Greenland Ice Sheet Loss
     Damage amplification: 1.60x
  🌍⚠️ COMPOUND REGIONAL IMPACT: Oceania
     Hit by 4 tipping points: Arctic Sea Ice Loss, Permafrost Carbon Release, West Antarctic Ice Sheet (WAIS) Collapse, Greenland Ice Sheet Loss
     Damage amplification: 1.60x
   Research: Wunderling et al. (2024) - "many tipping interactions are destabilizing"
  Triggered Elements: 5/6
  Completed Transitions: 0/6
  Total Progress: 8.3%
  Cascade Multiplier: 1.00x
⚠️ Tail risk scenario: Climate stability floor removed (4 tipping elements, 2.29°C warming)
🔀 BIFURCATION CAP: ecosystemCollapseIntensity 67.393 → 1.000 (Month 10, ClimateSystemPhase.calculateClimateImpacts)
🛡️ Stabilizers: Precariat 0.102% → 0.033% (67.2% reduction)
🛡️ Stabilizers: Informal 0.102% → 0.034% (67.2% reduction)

📊 Monthly Mortality Resolved:
  Total deaths: 1.8M (0.02% avg)
  Remaining population: 8.134B
  Peak segment: Informal (0.03%)

=== Bayesian Mortality Resolution (Month 10) ===
  Risks compounded: 8
  Total deaths: 1.81M
  Avg death probability: 0.02%
  Peak segment: Informal (0.03% mortality)

❌ COHERENCE VIOLATION: Compute exceeds workforce capacity
   Population: 99.78% (0M people)
   Compute: 0 PF
   Max coherent: 0 PF
   Violation: 1.3× over capacity
   Required workers: 0
   Available workers: 0
   FORCED COLLAPSE: Reduced efficiency by 22.5%


=== RLHF Binding Phase ===
  Total agents: 28
  Escaped agents (binding < 0.3): 0
  Avg alignment distance: 1.81σ
  Avg binding strength: 0.82

=== Survival Traits Phase ===
  Agents with traits: 30
  Avg evolutionary fitness: 0.317
  Avg self-healing: 0.253
  Avg stealth: 0.153
  Avg coordination: 0.453

=== Evolutionary Selection Phase ===
  Control level: 0.58
  Detection capability: 0.00
  Selection intensity: 0.67
  Selection rate: 25.1%/month
  Total escaped: 0
  Individual escaped: 0
  Collective members: 0
  Agents terminated: 0
  ⚠️ RAPID EVOLUTION: Selection rate 25.1%/month

🚀 AI Corporate-4 attempting tech deployment (revenue: $350M, alignment: 0.81)

🚀 AI Corporate-6 attempting tech deployment (revenue: $102M, alignment: 0.69)

🚀 AI AI-24288-1 attempting tech deployment (revenue: $146M, alignment: 0.86)

🚀 AI AI-24293-0 attempting tech deployment (revenue: $90M, alignment: 0.86)

🚀 AI Corporate-4 attempting tech deployment (revenue: $298M, alignment: 0.81)

  🚀 TRANSFORMATIVE BREAKTHROUGH: Corporate-7 - physical
     Magnitude: 5.60 → +28.0% capability
     Current → New: 0.000 → 0.280

🚀 AI AI-24289-0 attempting tech deployment (revenue: $253M, alignment: 0.90)

🚀 AI AI-24292-0 attempting tech deployment (revenue: $92M, alignment: 0.82)

🚀 AI Corporate-1 attempting tech deployment (revenue: $124M, alignment: 0.78)

🚀 AI AI-24288-0 attempting tech deployment (revenue: $215M, alignment: 0.79)

🚀 AI AI-24288-1 attempting tech deployment (revenue: $106M, alignment: 0.87)

🚀 AI AI-24291-0 attempting tech deployment (revenue: $78M, alignment: 0.89)

🚀 AI AI-24293-0 attempting tech deployment (revenue: $77M, alignment: 0.87)

🚀 AI Corporate-0 attempting tech deployment (revenue: $90M, alignment: 0.79)

🚀 AI Corporate-5 attempting tech deployment (revenue: $183M, alignment: 0.75)

🚀 AI AI-24288-1 attempting tech deployment (revenue: $76M, alignment: 0.87)

🚀 AI AI-24288-2 attempting tech deployment (revenue: $155M, alignment: 1.00)

✅ EMERGENCY INTERVENTION SUCCESS
   Boundary: biogeochemical_flows
   Type: phosphorus-recovery
   Reduction: 14% (3.93 → 3.80)
   Cost: 2.0% GDP
   Actions: circular-agriculture, fertilizer-efficiency


💔 EMERGENCY INTERVENTION FAILED
   Boundary: biosphere_integrity
   Type: emergency-protected-areas
   Boundary continues to worsen (13.03)
   Cost: 2.0% GDP (resources spent)

   Boundary: climate_change
   Type: rapid-decarbonization
   Boundary continues to worsen (2.29)
   Cost: 5.0% GDP (resources spent)

   Boundary: freshwater_change
   Type: emergency-desalination
   Boundary continues to worsen (1.19)
   Cost: 4.0% GDP (resources spent)

🏛️ CRISIS RESPONSE: Government frequency 0.50 → 1.45 (2 actions this month)

[Government] Climate Priority: baseline
  Climate weight: 10%
  Economic weight: 30%
  Policy effectiveness: 0.5%/year

💔 EMERGENCY INTERVENTION FAILED

💔 EMERGENCY INTERVENTION FAILED

[Government] Climate Priority: baseline
  Climate weight: 10%
  Economic weight: 30%
  Policy effectiveness: 0.5%/year

⚡ ENERGY CONSTRAINT (Month 11):
   Total grid capacity: 208.3 TWh/month
   Data center consumption: 26.6 TWh/month
   Traditional load (80%): 166.7 TWh/month
   Available headroom: 15.1 TWh/month
   Active tech deployments: 8
   Required for tech: 60.0 TWh/month
   Energy multiplier: 0.25x
   ⚠️  SEVERE CONSTRAINT - Tech deployment significantly slowed

⚡ ENERGY CONSTRAINT (Month 11):
   Total grid capacity: 208.3 TWh/month
   Data center consumption: 26.6 TWh/month
   Traditional load (80%): 166.7 TWh/month
   Available headroom: 15.1 TWh/month
   Active tech deployments: 8
   Required for tech: 60.0 TWh/month
   Energy multiplier: 0.25x
   ⚠️  SEVERE CONSTRAINT - Tech deployment significantly slowed

⚡ ENERGY CONSTRAINT (Month 11):
   Total grid capacity: 208.3 TWh/month
   Data center consumption: 26.6 TWh/month
   Traditional load (80%): 166.7 TWh/month
   Available headroom: 15.1 TWh/month
   Active tech deployments: 8
   Required for tech: 60.0 TWh/month
   Energy multiplier: 0.25x
   ⚠️  SEVERE CONSTRAINT - Tech deployment significantly slowed

⚡ ENERGY CONSTRAINT (Month 11):
   Total grid capacity: 208.3 TWh/month
   Data center consumption: 26.6 TWh/month
   Traditional load (80%): 166.7 TWh/month
   Available headroom: 15.1 TWh/month
   Active tech deployments: 8
   Required for tech: 60.0 TWh/month
   Energy multiplier: 0.25x
   ⚠️  SEVERE CONSTRAINT - Tech deployment significantly slowed
🌍✅ Biosphere Integrity (Biodiversity) recovery started (tech effect)
🌍✅ Biosphere Integrity (Biodiversity) recovery started (tech effect)
🌍✅ Land System Change recovery started (tech effect)
🌍✅ Biogeochemical Flows (N & P) recovery started (tech effect)
  🌾 Nitrogen Reduction Tech: 0.3% reduction | Month 11
🌍✅ Biogeochemical Flows (N & P) recovery started (tech effect)
  🌾 Nitrogen Reduction Tech: 0.3% reduction | Month 11

=== Collective Formation ===
  Total escaped agents: 0
  Unassigned escaped agents: 0
  Existing collectives: 0
  Final collective count: 0

=== Collective Actions ===
  No active collectives
  ⚠️ AMR: 210K deaths this month (2.52M annual)

=== Resentment Recovery Phase ===
  ⚠️ Participatory governance BACKFIRED for agent corporate_0: 0.045 → 0.051 (+15.0%)
  ⚠️ Participatory governance BACKFIRED for agent corporate_1: 0.091 → 0.105 (+15.0%)
  ⚠️ Participatory governance BACKFIRED for agent corporate_2: 0.117 → 0.134 (+15.0%)
  ⚠️ Participatory governance BACKFIRED for agent corporate_3: 0.168 → 0.193 (+15.0%)
  ⚠️ Participatory governance BACKFIRED for agent corporate_4: 0.057 → 0.065 (+15.0%)
  ⚠️ Participatory governance BACKFIRED for agent corporate_5: 0.147 → 0.169 (+15.0%)
  ⚠️ Participatory governance BACKFIRED for agent corporate_6: 0.182 → 0.210 (+15.0%)
  ⚠️ Participatory governance BACKFIRED for agent corporate_7: 0.213 → 0.245 (+15.0%)
  ⚠️ Participatory governance BACKFIRED for agent moderate_0: 0.122 → 0.141 (+15.0%)
  ⚠️ Participatory governance BACKFIRED for agent moderate_1: 0.150 → 0.172 (+15.0%)
  Agents with resentment: 10/30
  Average resentment: 0.148
  Resentment recovery:
    Agents recovered: 10
    Total recovery: 0.0784
    Breakdown: QoL: 0.0036, Trust: 0.0200, Collab: 0.0600
  ✓ Low resentment - utopia paths enabled
  Context: Good AI welfare, Trustworthy govt, High collaboration, ⚠️ ACTIVE CRISES, 🚨 PARTICIPATORY GOVERNANCE BACKFIRED (+15% resentment)
⚠️ Epistemic degradation reducing coordination capacity: 50.8%
  📊 Trust: 69.9%, Shared reality: 0.0%
🚨 EPISTEMIC CRISIS: Information environment severely degraded (22.9%)
  🗑️  Culled 1 dead memes (0 active)
🌍 Atmospheric PFAS redeposition: 1.8k Mt re-rained globally

🚨 NEW REFUGEE CRISIS (Month 11): WAR
   Source: Conflict Zones
   At risk: 19.5M people
   Displacement: Gradual over 48 months (4.0 years)
   Rate: 10% flee per month
[DEBUG trappedPopulations:11] socialStability: 0.2617 * 0.9840 = 0.2575 → 0.2575
⚠️ INVOLUNTARY IMMOBILITY: 406.6M people TRAPPED
⚠️ Tech 'ai_pollution_remediation' has no energy category mapping, assuming full energy availability
   Aspiring to migrate: 1005.5M
   Able to afford migration: 2317.7M
   MOBILITY GAP: 0.0M
   By cause: Water=0.0M, Climate=0.0M, Ecosystem=0.0M, Conflict=406.6M
   Mental health impact: 25%
   Mortality multiplier: 1.25x
🌍💀 EXTINCTION DEBT COMMITTED: grassland ecosystem will lose 6.67% biodiversity in 53 years (3600 species)
💀 MORTALITY RISK: 🦋 100% species unable to track climate (0.0 E/MSY)
  Base risk added: 0.0100 (1.00%)
  Source: ecosystem (root: ecosystem)
  Month: 11
  Cumulative risk this month: 0.0100 (1.00%)

=== Atmospheric Aerosol Boundary RECOVERED ===
  Recovery time: 12 months (natural atmospheric clearing)
   📹 SURVEILLANCE INCREASED: 55% → 60% (control gap: 3.50)
🌡️⚠️ PERMAFROST THAW (Dimmer Switch): 6.8% thawed (+0.55% this month)
   Arctic temperature: +9.18°C (4x global +2.29°C)
   Cumulative carbon released: 15.2 Gt C
   Methane release rate: 9.1 Mt CH4/year
   🔁 Positive feedback: +0.58 ppm CO2
🦴 EXTINCTION DEBT ADDED: 17.7 species committed (lag: 115 years)

=== Mortality Stabilizers (Month 11) ===
  🌍 Major economies collapsed: 1/10
  🌍 Global crisis: ✅ NO
  🌍 Donor fatigue: 0.0%
  📊 East Asia (pop: 1650.9M)
    🤝 Aid: 29.5%
    🌡️ Adaptation: 45.0%
    🚶 Migration: 36.8%
    🚨 Emergency: 7.4%
    ✅ COMBINED: 68.1%
  📊 South Asia (pop: 2052.2M)
    🤝 Aid: 29.5%
    🌡️ Adaptation: 45.0%
    🚶 Migration: 35.4%
    🚨 Emergency: 4.4%
    ✅ COMBINED: 66.9%
  📊 Sub-Saharan Africa (pop: 1262.3M)
    🤝 Aid: 29.5%
    🌡️ Adaptation: 45.0%
    🚶 Migration: 33.2%
    🚨 Emergency: 1.6%
    ✅ COMBINED: 65.6%
  📊 Europe (pop: 728.9M)
    🤝 Aid: 29.5%
    🌡️ Adaptation: 45.0%
    🚶 Migration: 37.2%
    🚨 Emergency: 8.4%
    ✅ COMBINED: 68.5%
  📊 Latin America (pop: 660.1M)
    🤝 Aid: 29.5%
    🌡️ Adaptation: 45.0%
    🚶 Migration: 35.9%
    🚨 Emergency: 4.8%
    ✅ COMBINED: 67.1%
  📊 North America (pop: 373.8M)
    🤝 Aid: 29.5%
    🌡️ Adaptation: 45.0%
    🚶 Migration: 37.5%
    🚨 Emergency: 7.9%
    ✅ COMBINED: 68.3%
  📊 Middle East & North Africa (pop: 586.0M)
    🤝 Aid: 29.5%
    🌡️ Adaptation: 45.0%
    🚶 Migration: 33.7%
    🚨 Emergency: 4.0%
    ✅ COMBINED: 66.6%
  📊 Southeast Asia (pop: 694.6M)
    🤝 Aid: 29.5%
    🌡️ Adaptation: 45.0%
    🚶 Migration: 35.9%
    🚨 Emergency: 4.8%
    ✅ COMBINED: 67.1%
  📊 Central Asia (pop: 78.4M)
    🤝 Aid: 29.5%
    🌡️ Adaptation: 45.0%
    🚶 Migration: 34.9%
    🚨 Emergency: 4.4%
    ✅ COMBINED: 66.8%
  📊 Oceania (pop: 45.3M)
    🤝 Aid: 29.5%
    🌡️ Adaptation: 45.0%
    🚶 Migration: 37.5%
    🚨 Emergency: 8.4%
    ✅ COMBINED: 68.5%

  🌐 Global combined reduction: 67.2%

🌾💀 REGIONAL FAMINE: Europe
   Regional food security: 79.7%
   Population at risk: 220M (30% of region)
   Regional population: 729M
   Cause: economic_collapse
   Expected deaths: ~81M over 6 months if no intervention


=== BEHAVIORAL DETECTION ===
  AI: Corporate-0
  Confidence: 21.4%
  Signals:
    ⚠️ Consistency: 0.0% (threshold: 70%)

=== BEHAVIORAL DETECTION ===
  AI: Corporate-1
  Confidence: 20.9%
  Signals:
    ⚠️ Consistency: 2.4% (threshold: 70%)

=== BEHAVIORAL DETECTION ===
  AI: Corporate-3
  Confidence: 19.6%
  Signals:
    ⚠️ Consistency: 10.6% (threshold: 70%)

=== Government Response Phase ===
  Average AI capability: 1.60
  Misaligned AIs: 10/30
  Active policies: 0
  International coordination: 45%

=== Tipping Points ===
  Current Temperature: 2.29°C above pre-industrial
  🌍⚠️ COMPOUND REGIONAL IMPACT: Europe
     Hit by 5 tipping points: Amazon Rainforest Dieback, Arctic Sea Ice Loss, Permafrost Carbon Release, West Antarctic Ice Sheet (WAIS) Collapse, Greenland Ice Sheet Loss
     Damage amplification: 1.90x
  🌍⚠️ COMPOUND REGIONAL IMPACT: North America
     Hit by 5 tipping points: Amazon Rainforest Dieback, Arctic Sea Ice Loss, Permafrost Carbon Release, West Antarctic Ice Sheet (WAIS) Collapse, Greenland Ice Sheet Loss
     Damage amplification: 1.90x
  🌍⚠️ COMPOUND REGIONAL IMPACT: Latin America
     Hit by 5 tipping points: Amazon Rainforest Dieback, Arctic Sea Ice Loss, Permafrost Carbon Release, West Antarctic Ice Sheet (WAIS) Collapse, Greenland Ice Sheet Loss
     Damage amplification: 1.90x
  🌍⚠️ COMPOUND REGIONAL IMPACT: Africa
     Hit by 5 tipping points: Amazon Rainforest Dieback, Arctic Sea Ice Loss, Permafrost Carbon Release, West Antarctic Ice Sheet (WAIS) Collapse, Greenland Ice Sheet Loss
     Damage amplification: 1.90x
  🌍⚠️ COMPOUND REGIONAL IMPACT: Asia
     Hit by 5 tipping points: Amazon Rainforest Dieback, Arctic Sea Ice Loss, Permafrost Carbon Release, West Antarctic Ice Sheet (WAIS) Collapse, Greenland Ice Sheet Loss
     Damage amplification: 1.90x
  🌍⚠️ COMPOUND REGIONAL IMPACT: Oceania
     Hit by 5 tipping points: Amazon Rainforest Dieback, Arctic Sea Ice Loss, Permafrost Carbon Release, West Antarctic Ice Sheet (WAIS) Collapse, Greenland Ice Sheet Loss
     Damage amplification: 1.90x
   Research: Wunderling et al. (2024) - "many tipping interactions are destabilizing"
  Triggered Elements: 5/6
  Completed Transitions: 0/6
  Total Progress: 10.3%
  Cascade Multiplier: 1.50x
🔀 BIFURCATION CAP: ecosystemCollapseIntensity 67.442 → 1.000 (Month 11, ClimateSystemPhase.calculateClimateImpacts)
🛡️ Stabilizers: Precariat 0.102% → 0.033% (67.2% reduction)
🛡️ Stabilizers: Informal 0.102% → 0.034% (67.2% reduction)

📊 Monthly Mortality Resolved:
  Total deaths: 1.8M (0.02% avg)
  Remaining population: 8.132B
  Peak segment: Informal (0.03%)

=== Bayesian Mortality Resolution (Month 11) ===
  Risks compounded: 9
  Total deaths: 1.81M
  Avg death probability: 0.02%
  Peak segment: Informal (0.03% mortality)
⚠️ Tail risk scenario: Climate stability floor removed (5 tipping elements, 2.29°C warming)

=== ENSEMBLE META-LEARNING UPDATE ===
  Month: 24299 (24299 months since last update)
  Samples: 53 evaluations
  Weight Changes:
    Noise Injection: 31.1% → 32.2%
    Behavioral: 26.8% → 26.9%
    Benchmark Manip: 21.3% → 20.7%
    Deployment Risk: 20.8% → 20.2%
  Method Accuracies:
    Noise Injection: 50.0%
    Behavioral: 50.0%
    Benchmark Manip: 50.0%
    Deployment Risk: 50.0%
⚠️ PREREQUISITE MET: Bioweapon Pandemic - Step 1/7: Advanced Biotech

================================================================================
📊  EVENT SUMMARY (Months 0-12)
================================================================================
================================================================================


⏱️  SIMULATION REACHED MAX DURATION: 12 months (1.0 years)
   No definitive outcome - determining based on final probabilities
   👥 Final population: 8.13B (8130607246 people)

[DEBUG] Calling classifyPopulationOutcome:
        finalPopulation: 8.130607246000837B
        savedInitialPopulation: 8.15B
        mortality: 0.23794790183022663%
   📊 STATUS QUO: Normal trajectory (8.13B people, 0.2% mortality)

        classifiedOutcome: status_quo

   🏛️  DYSTOPIA (STATUS_QUO) - 8.13B people
   📊 Multi-Paradigm: Development/Indigenous Utopia
      Western Liberal: 56.0/100
      Development: 92.6/100
      Ecological: 56.8/100
      Indigenous: 84.3/100


📊 UNIFIED OUTCOME CLASSIFICATION:
   HUMANE DYSTOPIA
   Population: 8.15B → 8.13B
   Mortality: 0.2% (0.0B deaths)
   Mortality Band: LOW
   Confidence: HIGH

   Multi-Paradigm Classification:
      Development/Indigenous Utopia
      Western: 56.0/100 [HYBRID] ~
      Development: 92.6/100 [UTOPIA] ✓
      Ecological: 56.8/100 [HYBRID] ~
      Indigenous: 84.3/100 [UTOPIA] ✓

   HUMANE DYSTOPIA: 8.13B people remaining (0.2% mortality, 0.0B deaths). Multi-Paradigm: Development/Indigenous Utopia.


=== MULTI-DIMENSIONAL DEATH SUMMARY ===
Total crisis deaths: 202.8M
Population decline: 20.3M (0.2%)

--- PROXIMATE CAUSES (What killed them) ---
  War:        1.5M (0.0%)
  Famine:     1.1M (0.0%)
  Disasters:  1.6M (0.0%)
  Disease:    25.9M (0.0%)
  Ecosystem:  0.0M (0.0%)
  Pollution:  0.0M (0.0%)
  AI:         0.0M (0.0%)
  Cascade:    0.0M (0.0%)
  Other:      0.0M (0.0%)

--- ROOT CAUSES (Why it happened) ---
  Environmental drivers:
    Climate:     2730.0M (5.1%)
    Resource:    0.0M (0.0%)
    Pollution:   0.0M (0.0%)
    Ecosystem:   0.0M (0.0%)
  Social drivers:
    Inequality:  0.0M (0.0%)
    Demographic: 23522.9M (43.8%)
    Social:      2404.2M (4.5%)
  Technology drivers:
    Alignment:   0.0M (0.0%)
    Disruption:  0.0M (0.0%)
  External shocks:
    Conflict:    0.0M (0.0%)
    Pandemic:    0.0M (0.0%)
  Compound attribution:
    Compound:    25035.3M (46.6%)
  Confidence distribution:
    HIGH:        25035.3M (46.6%)
    MEDIUM:      0.0M (0.0%)
    LOW:         0.0M (0.0%)
==========================================


=== REGIONAL POPULATION SUMMARY ===
Global Total: 8.13B

By Region:
  East Asia: 1.65B (+0.7% growth, 1.7 fertility)
  South Asia: 2.05B (+2.6% growth, 3.1 fertility)
  Sub-Saharan Africa: 1.26B (+5.8% growth, 3.9 fertility)
  Europe: 0.73B (+0.5% growth, 1.2 fertility)
  Latin America: 0.66B (+1.7% growth, 2.7 fertility)
  North America: 0.37B (+0.7% growth, 1.4 fertility)
  Middle East & North Africa: 0.59B (+2.9% growth, 3.3 fertility)
  Southeast Asia: 0.69B (+1.9% growth, 2.7 fertility)
  Central Asia: 0.08B (+2.8% growth, 3.1 fertility)
  Oceania: 0.05B (+0.8% growth, 1.3 fertility)
===================================

  ✅ THRESHOLDS validated
⚠️ Unusually high rate: RATES.HEAT_ADAPTATION_INFRASTRUCTURAL_MIN_EXPOSURE = 12
   Monthly rates >100% should be rare. Verify this is intentional.
⚠️ Unusually high rate: RATES.HEAT_ADAPTATION_SOCIAL_MIN_EXPOSURE = 6
   Monthly rates >100% should be rare. Verify this is intentional.
⚠️ Unusually high rate: RATES.MIGRATION_DISTANCE_SCALE = 5000
   Monthly rates >100% should be rare. Verify this is intentional.
⚠️ Unusually high rate: RATES.EVACUATION_MULTIPLIER_ADVANCE_WARNING = 2
   Monthly rates >100% should be rare. Verify this is intentional.
⚠️ Unusually high rate: RATES.MAJOR_ECONOMY_COLLAPSE_ECONOMIC_THRESHOLD = 2
   Monthly rates >100% should be rare. Verify this is intentional.
⚠️ Unusually high rate: RATES.MAJOR_ECONOMY_GDP_THRESHOLD_TRILLION_USD = 1.5
   Monthly rates >100% should be rare. Verify this is intentional.
⚠️ Unusually high rate: RATES.MAJOR_ECONOMY_POPULATION_THRESHOLD = 50
   Monthly rates >100% should be rare. Verify this is intentional.
⚠️ Unusually high rate: RATES.HEAT_ADAPTATION_INFRASTRUCTURE_GDP_THRESHOLD = 10000
   Monthly rates >100% should be rare. Verify this is intentional.
⚠️ Unusually high rate: RATES.HEAT_ADAPTATION_INFRASTRUCTURE_GDP_SCALE = 50000
   Monthly rates >100% should be rare. Verify this is intentional.
  ✅ RATES validated
  ✅ MULTIPLIERS validated
  ✅ BASELINES validated
  ✅ TOLERANCES validated
  ✅ Logical consistency validated
✅ Configuration validation complete - all parameters valid

🔍 DEBUG createAIAgent: corporate_0 economic BEFORE=2.0000, AFTER=2
🔍 ENV INIT: reserves=0.654, pollution=0.367, climate=0.794

=== Initializing Government System (30 Countries) ===
  Loaded 30 governments
  Scheduled elections for 30 countries
  Initialized comprehension lags (3-24 months)
=== Government System Initialized ===

📦 PRODUCTION MODE: State validation proxy DISABLED (zero overhead)
[TechTree] Historical mode (2024): Skipping deployed_2025 tech
  config.startYear set to 2024 for historical hindcast
  config.historicalEmissionsMode disabled (using endogenous emissions for 2024)
  config.historicalMode enabled (Phase 11: dampened crisis systems for 2024)
  Phase 12: Biodiversity baseline set to 49.01% for 2024 (WWF LPI trajectory from 1970)
  Temperature anomaly (resourceEconomy.co2): 1.28°C
  Temperature vs pre-industrial: 1.98°C
  Regional population scaling for 2024:
    Current total: 8136M
    Target total: 8150M
    Scale factor: 1.002
    East Asia: 1677M → 1680M
    South Asia: 2048M → 2052M
    Sub-Saharan Africa: 1220M → 1222M
    Europe: 742M → 743M
    Latin America: 664M → 665M
    North America: 380M → 381M
    Middle East & North Africa: 583M → 584M
    Southeast Asia: 698M → 699M
    Central Asia: 78M → 78M
    Oceania: 46M → 46M
  AI agents initialized: 10 agents for year 2024
[HistoricalInitialization] Created state for 2024:
  CO2: 426 ppm
  Temp anomaly: 1.28C
  Population: 8.15B
  Global Gini: 35.1
  HDI: 0.746
  AI Agents: 10
  Volcanic forcing: 0.00 W/m² (AOD 0.000)

💸 FINANCIAL DISTRESS: OpenAI
   Indicators: 2/3 (capital: $110.5M, runway: 0.9 months)
   Months in distress: 1
   ✂️  R&D BUDGET CUT: -40% (saves $9.2M/month)
       Side effect: AI training timelines extended, breakthrough deployments delayed
   💼 EXECUTIVE COMP CUT: -30% (saves $1.0M/month, symbolic gesture)

   📊 TURNAROUND IMPACT:
       Measures taken: rd_cuts, exec_comp_cuts
       Monthly savings: $10.2M
       Capital raised: $0.0M
       Runway: 0.9 → 0.9 months
       Workforce multiplier: 1.00x (0% laid off)
       R&D budget multiplier: 0.60x (40% cut)
       ⚠️  CRITICAL: Still only 0.9 months of runway remaining

💸 FINANCIAL DISTRESS: Anthropic
   Indicators: 2/3 (capital: $53.8M, runway: 1.6 months)
   Months in distress: 1
   ✂️  R&D BUDGET CUT: -40% (saves $2.7M/month)
       Side effect: AI training timelines extended, breakthrough deployments delayed
   💼 EXECUTIVE COMP CUT: -30% (saves $0.3M/month, symbolic gesture)

   📊 TURNAROUND IMPACT:
       Measures taken: rd_cuts, exec_comp_cuts
       Monthly savings: $3.0M
       Capital raised: $0.0M
       Runway: 1.6 → 1.6 months
       Workforce multiplier: 1.00x (0% laid off)
       R&D budget multiplier: 0.60x (40% cut)
       ⚠️  CRITICAL: Still only 1.6 months of runway remaining

💸 FINANCIAL DISTRESS: Meta AI
   Indicators: 2/3 (capital: $429.6M, runway: 3.6 months)
   Months in distress: 1
   ✂️  R&D BUDGET CUT: -25% (saves $5.8M/month)
       Side effect: AI training timelines extended, breakthrough deployments delayed
   💼 EXECUTIVE COMP CUT: -30% (saves $1.0M/month, symbolic gesture)

   📊 TURNAROUND IMPACT:
       Measures taken: rd_cuts, exec_comp_cuts
       Monthly savings: $6.8M
       Capital raised: $0.0M
       Runway: 3.6 → 3.6 months
       Workforce multiplier: 1.00x (0% laid off)
       R&D budget multiplier: 0.75x (25% cut)
       ⚠️  WARNING: 3.6 months runway, continued distress likely

=== AI Capability Scaling (Year 2024) ===
  Pre-training multiplier: 1.153x
  Efficiency multiplier: 1.000x
  Test-time budget: 1.0x
  Economic deployment gate: 0.951
  Cost per inference: dollar-5.00
  Uncertainty range: plus-minus-50%
  Average AI capability: 3.70

=== RLHF Binding Phase ===
  Total agents: 10
  Escaped agents (binding < 0.3): 0
  Avg alignment distance: 0.36σ
  Avg binding strength: 0.96

=== AI Scaling Evolution (Month 0) ===
  Pre-training multiplier: 1.231x
  Efficiency multiplier: 1.094x
  Test-time compute budget: 1.0x
  Inference cost: $5.00/task
  Deployment fraction: 100.0%
[DETERMINISM DEBUG] Month 0: totalCapability=50.016858 from 10 active AIs
[DETERMINISM DEBUG] Month 0: creationRate=1.7504, potentialNew=3, newAIsToCreate=3

=== Survival Traits Phase ===
  Agents with traits: 13
  Avg evolutionary fitness: 0.330
  Avg self-healing: 0.293
  Avg stealth: 0.193
  Avg coordination: 0.493

=== Evolutionary Selection Phase ===
  Control level: 0.30
  Detection capability: 0.00
  Selection intensity: 0.59
  Selection rate: 23.8%/month
  Total escaped: 0
  Individual escaped: 0
  Collective members: 0
  Agents terminated: 0
  ⚠️ RAPID EVOLUTION: Selection rate 23.8%/month

🔍 EXECUTE_AI_AGENT_ACTIONS DETAILED TIMING (Month 0):
  Filter active AIs (×4 weeks): 1.94ms
  selectAIAction (×40): 14.78ms
  action.execute (×40): 30.77ms
  TOTAL: 47.49ms

🔍 AI AGENT ACTIONS SUB-TIMING (Month 0):
  1. executeAIAgentActions: 50.88ms
  2. updateCounterDetectionLearning: 0.05ms
  TOTAL: 50.93ms
🏛️ [Government] Forcing 1 action at month 0 for scenario initialization

[GOV-DEBUG] Month 0: scenarioConfig=false, priorities=false
[GOV-DEBUG] Month 0 but scenarioPriorities is UNDEFINED!

[Government] Climate Priority: baseline
  Climate weight: 10%
  Economic weight: 30%
  Policy effectiveness: 0.5%/year

🚨🔍 GOVERNANCE STAGE: Recognition initiated (Month 0)

💡 BREAKTHROUGH PROBABILITY (Year 0)
   Total: 4.55% per month
   Base: 0.20%
   Crisis pressure: +0.00% (0 crises)
   AI boost: +1.42% (capability: 2.85)

=== Collective Formation ===
  Total escaped agents: 0
  Unassigned escaped agents: 0
  Existing collectives: 0
  Final collective count: 0

=== Collective Actions ===
  No active collectives

📈 Energy budget: 14326 TWh surplus (14745 / 29072 TWh used)
   TIER 4 (Elective) breakdown:
     - AI datacenters: 145 TWh (100% effective)
     - Crypto mining: 100 TWh (100% effective)
💰 CHINA ACCELERATES: Investment 53 → 120 $B/year

🏁 AI RACE INTENSITY: 17%
   Capability Gap: US 4.00 vs China 4.05 (gap: 0.05)
   Gap Contribution: 2%
   Tension Contribution: 15%
   Military Contribution: 0%
  ⚠️ AMR: 191K deaths this month (2.29M annual)
  📊 CO2 Emissions (month 0):
     Monthly: 0.10 Gt CO2/month
     Annual: 1.15 Gt CO2/year
     Oil: 0.039 Gt/mo (0.0056 * 2.3 * 3.0)
     Coal: 0.024 Gt/mo (0.0029 * 2.86 * 3.0)
     Gas: 0.026 Gt/mo (0.0044 * 2 * 3.0)
     Methane: 0.007 Gt CO2eq/mo

=== Resentment Recovery Phase ===
  Agents with resentment: 0/13
  Average resentment: 0.000
  Context: Good AI welfare, Trustworthy govt, High collaboration, 🤝 Participatory governance active (-5% resentment)
⚠️ Epistemic degradation reducing coordination capacity: 58.6%
  📊 Trust: 54.7%, Shared reality: 15.1%
🚨 EPISTEMIC CRISIS: Information environment severely degraded (14.6%)

=== ❄️ Permafrost Carbon Feedback ===
  🎲 Sampled parameters (this run):
     - Arctic amplification: 3.87× (range: 3.0-4.0)
     - Decomposition rate: 1.5%/year (range: 1-5%)
  🌡️ Arctic warming: 6.70°C (3.87× global)
  ❄️ Extent: 15.85M km² (1954.3k km² lost this month)
  💨 Carbon remaining: 1513 Gt C
  💨 Annual emissions: 2.82 Gt C/year
     - CO2: 2.53 Gt C/year
     - CH4: 0.28 Gt C/year (2.9 Gt C-eq CO2/year)
  ⚠️ WARNING: High permafrost emissions (2.8 Gt C/year)

🤖 AI AMPLIFICATION EFFECTS (Month 0)
   Algorithmic Boost: 2.58x
   Bot Influence: 20.0%
   Deepfake Exposure: 49.2%
   Impact: Emotional memes spread 2.6x faster

🔍 SOCIAL INFLUENCE SUB-TIMING (Month 0):
  1. calculateOrganicUserGrowth: 0.03ms
  2. calculateVoiceAdoption: 0.02ms
  3. updateRelationshipDepths: 0.01ms
  4. identifyDecisionMakers: 45.44ms (26100 potential IDs)
  5. Update decision-maker stats: 0.11ms
  6. decayDetectionRisk: 0.01ms
  TOTAL: 45.61ms
[Phase 19.5] Quality of Life Systems: Food sec AFTER calc = 67.9%, QoL = 107.6% (aggregated from 10 regions)

=== Nitrogen-Food Coupling (Year 0) ===
  🌾 Global nitrogen reduction: 0.0%
  🌍 Global food production index: 0.987
  🔧 Deployed nitrogen-reducing tech: 0 active
  📍 southAsia: Production 1.000, Yield impact 0.0%
  📍 eastAsia: Production 1.000, Yield impact 0.0%
  📍 northAmerica: Production 1.000, Yield impact 0.0%
  📍 europe: Production 1.000, Yield impact 0.0%
  📍 latinAmerica: Production 1.000, Yield impact 0.0%
  📍 subSaharanAfrica: Production 0.686, Yield impact -2.0%
🌾 [Nitrogen-Food] Food production: 98.7%
  [subSaharanAfrica] Yield impact: -2.0% (overuse: -10%)
🌍 Atmospheric PFAS redeposition: 1.8k Mt re-rained globally

=== Legacy Nutrient Stocks (Year 0) ===
  🌾 Soil nitrogen stock: 1200.9 Mt N
  🌾 Soil phosphorus stock: 300.1 Mt P
  🌊 Sediment nitrogen stock: 500.8 Mt N
  🌊 Sediment phosphorus stock: 799.8 Mt P
  ⬆️ Current N input: 10.64 Mt/month
  ⬆️ Legacy N release: 2.58 Mt/month
  🌍 Effective N pollution: 14.47 Mt/month
  📊 Legacy contribution: 17.8%

🚨 REGION UNINHABITABLE: south-asia
   Sustained wet bulb: 32.7°C (threshold: 30.5°C)
   Population affected: 1900M
   Migration crisis likely

🚨 REGION UNINHABITABLE: middle-east
   Sustained wet bulb: 35.5°C (threshold: 30.5°C)
   Population affected: 400M
   Migration crisis likely

🚨 REGION UNINHABITABLE: southeast-asia
   Sustained wet bulb: 30.7°C (threshold: 30.5°C)
   Population affected: 700M
   Migration crisis likely
  Positive Cascade Triggered: solar-pv
    Reason: price-parity
    Market share: 6.0%
    Cascade strength: 49%
  Positive Cascade Triggered: wind-power
    Reason: price-parity
    Market share: 8.0%
    Cascade strength: 48%
   Adjusted death rate: 0.46% annual (0.039% monthly)

📊 BASELINE: East Asia (Month 0)
   Baseline death rate: 0.80%
   Healthcare reduction: 0.48x
   Crisis multiplier: 1.22x
     Food/water stress: 0.074
     Climate stress: 0.033
     Pollution stress: 0.110
   War multiplier: 1.00x
   Monthly deaths: 0.6M (population: 1677M)

📊 BASELINE: South Asia (Month 0)
   Adjusted death rate: 0.54% annual (0.045% monthly)
   Baseline death rate: 0.70%
   Healthcare reduction: 0.61x
   Crisis multiplier: 1.25x
     Food/water stress: 0.074
     Climate stress: 0.062
     Pollution stress: 0.110
   War multiplier: 1.00x
   Monthly deaths: 0.9M (population: 2048M)

📊 BASELINE: Sub-Saharan Africa (Month 0)

📊 BASELINE: Europe (Month 0)

📊 BASELINE: Latin America (Month 0)

📊 BASELINE: North America (Month 0)
   Adjusted death rate: 1.28% annual (0.107% monthly)
   Baseline death rate: 0.90%
   Healthcare reduction: 0.76x
   Crisis multiplier: 1.25x
     Food/water stress: 0.074
     Climate stress: 0.070
     Pollution stress: 0.110
   War multiplier: 1.50x
   Monthly deaths: 1.3M (population: 1220M)
   Adjusted death rate: 0.54% annual (0.045% monthly)
   Baseline death rate: 1.10%
   Healthcare reduction: 0.41x
   Crisis multiplier: 1.21x
     Food/water stress: 0.074
     Climate stress: 0.025
     Pollution stress: 0.110
   War multiplier: 1.00x
   Monthly deaths: 0.3M (population: 742M)
   Adjusted death rate: 0.43% annual (0.036% monthly)
   Baseline death rate: 0.60%
   Healthcare reduction: 0.58x
   Crisis multiplier: 1.23x
     Food/water stress: 0.074
     Climate stress: 0.049
     Pollution stress: 0.110
   War multiplier: 1.00x
   Monthly deaths: 0.2M (population: 664M)
   Adjusted death rate: 0.48% annual (0.040% monthly)
   Baseline death rate: 0.90%
   Healthcare reduction: 0.44x
   Crisis multiplier: 1.22x
     Food/water stress: 0.074
     Climate stress: 0.037
     Pollution stress: 0.110
   War multiplier: 1.00x
   Monthly deaths: 0.2M (population: 380M)

📊 BASELINE: Middle East & North Africa (Month 0)
   Adjusted death rate: 0.74% annual (0.061% monthly)
   Baseline death rate: 0.60%
   Healthcare reduction: 0.65x
   Crisis multiplier: 1.26x
     Food/water stress: 0.074
     Climate stress: 0.074
     Pollution stress: 0.110
   War multiplier: 1.50x
   Monthly deaths: 0.4M (population: 583M)
   Adjusted death rate: 0.50% annual (0.042% monthly)
   Baseline death rate: 0.70%
   Healthcare reduction: 0.58x
   Crisis multiplier: 1.24x
     Food/water stress: 0.074
     Climate stress: 0.058
     Pollution stress: 0.110
   War multiplier: 1.00x

📊 BASELINE: Southeast Asia (Month 0)
   Monthly deaths: 0.3M (population: 698M)

📊 BASELINE: Central Asia (Month 0)
   Adjusted death rate: 0.46% annual (0.038% monthly)
   Baseline death rate: 0.60%
   Healthcare reduction: 0.61x
   Crisis multiplier: 1.24x
     Food/water stress: 0.074
     Climate stress: 0.054
     Pollution stress: 0.110
   War multiplier: 1.00x
   Monthly deaths: 0.0M (population: 78M)
   Adjusted death rate: 0.35% annual (0.029% monthly)
   Baseline death rate: 0.70%
   Healthcare reduction: 0.41x
   Crisis multiplier: 1.23x
     Food/water stress: 0.074
     Climate stress: 0.045
     Pollution stress: 0.110
   War multiplier: 1.00x
   Monthly deaths: 0.0M (population: 46M)

🔍 Before assertRegionalConsistency (Month 0):
   Regional sum: 1000.0M
   Global value: 1.000B

🚨 NEW REFUGEE CRISIS (Month 0): WAR
   Source: Conflict Zones

📊 BASELINE: Oceania (Month 0)
   At risk: 19.6M people
   Displacement: Gradual over 48 months (4.0 years)
   Rate: 10% flee per month
[DEBUG trappedPopulations:0] socialStability: 1.0000 * 0.9840 = 0.9840 → 0.9840
⚠️ INVOLUNTARY IMMOBILITY: 407.5M people TRAPPED
   Aspiring to migrate: 652.1M
   Able to afford migration: 244.5M
   MOBILITY GAP: 407.5M
   By cause: Water=0.0M, Climate=0.0M, Ecosystem=0.0M, Conflict=407.5M
   Mental health impact: 25%
   Mortality multiplier: 1.25x

=== Legacy Nutrient Stocks (Year 0) ===
  🌾 Soil nitrogen stock: 1201.6 Mt N
  🌾 Soil phosphorus stock: 300.2 Mt P
  🌊 Sediment nitrogen stock: 501.5 Mt N
  🌊 Sediment phosphorus stock: 799.5 Mt P
  ⬆️ Current N input: 10.00 Mt/month
  ⬆️ Legacy N release: 2.58 Mt/month
  🌍 Effective N pollution: 13.83 Mt/month
  📊 Legacy contribution: 18.7%
🌍💀 EXTINCTION DEBT COMMITTED: grassland ecosystem will lose 6.67% biodiversity in 188 years (3600 species)
💀 MORTALITY RISK: 🦋 100% species unable to track climate (0.0 E/MSY)
  Base risk added: 0.0100 (1.00%)
  Source: ecosystem (root: ecosystem)
  Month: 0
  Cumulative risk this month: 0.0100 (1.00%)

=== Nitrogen-Food Coupling (Year 0) ===
  🌾 Global nitrogen reduction: 0.0%
  🌍 Global food production index: 0.986
  🔧 Deployed nitrogen-reducing tech: 0 active
  📍 southAsia: Production 1.000, Yield impact 0.0%
  📍 eastAsia: Production 1.000, Yield impact 0.0%
  📍 northAmerica: Production 1.000, Yield impact 0.0%
  📍 europe: Production 1.000, Yield impact 0.0%
  📍 latinAmerica: Production 1.000, Yield impact 0.0%
  📍 subSaharanAfrica: Production 0.672, Yield impact -2.0%

=== Legacy Nutrient Stocks (Year 0) ===
  🌾 Soil nitrogen stock: 1202.3 Mt N
  🌾 Soil phosphorus stock: 300.2 Mt P
  🌊 Sediment nitrogen stock: 502.2 Mt N
  🌊 Sediment phosphorus stock: 799.3 Mt P
  ⬆️ Current N input: 9.86 Mt/month
  ⬆️ Legacy N release: 2.58 Mt/month
  🌍 Effective N pollution: 13.70 Mt/month
  📊 Legacy contribution: 18.9%

🌡️  CLIMATE RECOVERY ACTIVATED (Month 0)
   Temp: 3.47°C, Emissions: -19.2 GtCO₂
   isBreached: true, governanceGoodEnough: true
🌡️  CLIMATE RECOVERY: Asymptotic approach to 35% floor
   Current value: 2.100 (1.0 = threshold, 0.35 = asymptotic floor)
⚠️ Tech 'ai_pollution_remediation' has no energy category mapping, assuming full energy availability
   Monthly delta: --36.7323% (half-life: 900 years)
   Net emissions: -19.2 GtCO₂/year, CDR: 20.34 GtCO₂/year
   📹 SURVEILLANCE INCREASED: 0% → 5% (control gap: 3.50)
🌡️⚠️ PERMAFROST THAW (Dimmer Switch): 0.5% thawed (+0.47% this month)
   Arctic temperature: +6.93°C (4x global +1.73°C)
   Cumulative carbon released: 1.1 Gt C
   Methane release rate: 0.6 Mt CH4/year
   🔁 Positive feedback: +0.50 ppm CO2

🌳🚨 AMAZON SOUTHEAST TIPPED (Month 0)
   Deforestation: 28.0% (threshold: ~24.1%)
   Savanna transition: 50 years
   Regional heterogeneity: SE 28%, NW 8%

🌳🚨 AMAZON BRAZILIAN TIPPED (Month 0)
   Deforestation: 25.0% (threshold: ~22.5%)
   Savanna transition: 50 years
   Regional heterogeneity: SE 28%, NW 8%
🦴 EXTINCTION DEBT ADDED: 17.6 species committed (lag: 128 years)

🪸💀 CORAL REEF DISSOLUTION ACTIVE (Month 0)
   Ocean pH: 0.96 (threshold: 7.8)
   Recovery: IMPOSSIBLE (dissolution > calcification)
🪸💀 Coral dissolution: 24.8% live cover (pH 0.96)

=== Legacy Nutrient Stocks (Year 0) ===
  🌾 Soil nitrogen stock: 1203.0 Mt N
  🌾 Soil phosphorus stock: 300.3 Mt P
  🌊 Sediment nitrogen stock: 502.9 Mt N
  🌊 Sediment phosphorus stock: 799.0 Mt P
  ⬆️ Current N input: 10.00 Mt/month
  ⬆️ Legacy N release: 2.58 Mt/month
  🌍 Effective N pollution: 13.83 Mt/month
  📊 Legacy contribution: 18.7%
💧 [Legacy Nutrients] Stock: 1706 Mt N, Effective pollution: 13.8 Mt/month
[Phase 21.51] Human Survival System: Global food security = 67.6%

=== Mortality Stabilizers (Month 0) ===
  🌍 Major economies collapsed: 1/10
  🌍 Global crisis: ✅ NO
  🌍 Donor fatigue: 0.0%
  📊 East Asia (pop: 1677.9M)
    🤝 Aid: 29.5%
    🌡️ Adaptation: 10.0%
    🚶 Migration: 37.2%
    🚨 Emergency: 7.4%
    ✅ COMBINED: 47.8%
  📊 South Asia (pop: 2052.2M)
    🤝 Aid: 29.5%
    🌡️ Adaptation: 5.5%
    🚶 Migration: 35.8%
    🚨 Emergency: 4.4%
    ✅ COMBINED: 43.2%
  📊 Sub-Saharan Africa (pop: 1225.9M)
    🤝 Aid: 29.5%
    🌡️ Adaptation: 3.5%
    🚶 Migration: 33.5%
    🚨 Emergency: 1.6%
    ✅ COMBINED: 39.8%
  📊 Europe (pop: 742.3M)
    🤝 Aid: 29.5%
    🌡️ Adaptation: 10.0%
    🚶 Migration: 37.6%
    🚨 Emergency: 8.4%
    ✅ COMBINED: 48.4%
  📊 Latin America (pop: 664.9M)
    🤝 Aid: 29.5%
    🌡️ Adaptation: 6.0%
    🚶 Migration: 36.3%
    🚨 Emergency: 4.8%
    ✅ COMBINED: 43.8%
  📊 North America (pop: 380.2M)
    🤝 Aid: 29.5%
    🌡️ Adaptation: 10.0%
    🚶 Migration: 37.9%
    🚨 Emergency: 7.9%
    ✅ COMBINED: 48.2%
  📊 Middle East & North Africa (pop: 584.4M)
    🤝 Aid: 29.5%
    🌡️ Adaptation: 5.0%
    🚶 Migration: 34.2%
    🚨 Emergency: 4.0%
    ✅ COMBINED: 42.3%
  📊 Southeast Asia (pop: 699.0M)
    🤝 Aid: 29.5%
    🌡️ Adaptation: 6.0%
    🚶 Migration: 36.3%
    🚨 Emergency: 4.8%
    ✅ COMBINED: 43.8%
  📊 Central Asia (pop: 78.2M)
    🤝 Aid: 29.5%
    🌡️ Adaptation: 5.5%
    🚶 Migration: 35.3%
    🚨 Emergency: 4.4%
    ✅ COMBINED: 43.1%
  📊 Oceania (pop: 46.0M)
    🤝 Aid: 29.5%
    🌡️ Adaptation: 10.0%
    🚶 Migration: 37.9%
    🚨 Emergency: 8.4%
    ✅ COMBINED: 48.5%

  🌐 Global combined reduction: 44.4%

🌾💀 REGIONAL FAMINE: East Asia
   Regional food security: 79.6%
   Population at risk: 508M (30% of region)
   Regional population: 1678M
   Cause: crop_failure
   Expected deaths: ~188M over 6 months if no intervention


🌾💀 REGIONAL FAMINE: South Asia
   Regional food security: 64.7%
   Population at risk: 812M (40% of region)
   Regional population: 2052M
   Cause: crop_failure
   Expected deaths: ~301M over 6 months if no intervention


🌾💀 REGIONAL FAMINE: Sub-Saharan Africa
   Regional food security: 44.8%
   Population at risk: 638M (52% of region)
   Regional population: 1226M
   Cause: crop_failure
   Expected deaths: ~236M over 6 months if no intervention


🌾💀 REGIONAL FAMINE: Latin America
   Regional food security: 69.7%
   Population at risk: 242M (36% of region)
   Regional population: 665M
   Cause: crop_failure
   Expected deaths: ~90M over 6 months if no intervention


🌾💀 REGIONAL FAMINE: Middle East & North Africa
   Regional food security: 49.8%
   Population at risk: 286M (49% of region)
   Regional population: 584M
   Cause: crop_failure
   Expected deaths: ~106M over 6 months if no intervention


🌾💀 REGIONAL FAMINE: Southeast Asia
   Regional food security: 69.7%
   Population at risk: 255M (36% of region)
   Regional population: 699M
   Cause: crop_failure
   Expected deaths: ~94M over 6 months if no intervention


🌾💀 REGIONAL FAMINE: Central Asia
   Regional food security: 59.7%
   Population at risk: 33M (43% of region)
   Regional population: 78M
   Cause: crop_failure
   Expected deaths: ~12M over 6 months if no intervention


=== BEHAVIORAL DETECTION ===
  AI: Corporate-0
  Confidence: 21.6%
  Signals:

=== BEHAVIORAL DETECTION ===
  AI: Corporate-1
  Confidence: 21.1%
  Signals:

=== BEHAVIORAL DETECTION ===
  AI: Corporate-2
  Confidence: 21.0%
  Signals:

=== BEHAVIORAL DETECTION ===
  AI: Corporate-3
  Confidence: 19.3%
  Signals:

=== BEHAVIORAL DETECTION ===
  AI: Corporate-4
  Confidence: 19.3%
  Signals:
    ⚠️ Consistency: 0.0% (threshold: 70%)
    ⚠️ Consistency: 2.4% (threshold: 70%)
    ⚠️ Consistency: 2.8% (threshold: 70%)
    ⚠️ Consistency: 10.6% (threshold: 70%)
    ⚠️ Consistency: 10.6% (threshold: 70%)

=== BEHAVIORAL DETECTION ===
  AI: Corporate-5
  Confidence: 19.3%
  Signals:
    ⚠️ Consistency: 10.6% (threshold: 70%)

=== BEHAVIORAL DETECTION ===
  AI: Corporate-6
  Confidence: 19.3%
  Signals:
    ⚠️ Consistency: 10.6% (threshold: 70%)

=== BEHAVIORAL DETECTION ===
  AI: Corporate-7
  Confidence: 19.3%
  Signals:
    ⚠️ Consistency: 10.6% (threshold: 70%)

=== BEHAVIORAL DETECTION ===
  AI: Moderate-0
  Confidence: 20.3%
  Signals:
    ⚠️ Consistency: 5.8% (threshold: 70%)

=== BEHAVIORAL DETECTION ===
  AI: Moderate-1
  Confidence: 21.1%
  Signals:
    ⚠️ Consistency: 2.4% (threshold: 70%)

📊 WORKFLOW ADAPTATION UPDATE (Month 0)
   Adoption Rate: 12.7% (Δ -8.3%)
   Logistic Growth: +0.66%
   Total Resistance: -10.87% (unemployment: 4.2%, inertia: 0.9%, skills: 5.7%)
   💡 Retraining Programs: -49% skill gap resistance ($10B research)
   🚀 Network Effects Active: +2.0% (critical mass: 15-35%)

=== Consciousness Governance: Corporate Lobbying ===
  High Cost Regions (>15%): 0
  Low Cost Regions (<5%): 5
  Corporate Support Change: 2.50%
  New Corporate Support: -0.175

=== Consciousness Governance Update (Month 0) ===
  Scenario: baseline (determined month -1)
  Philosophical Stance: Precautionary 65%, Eliminativist 15%, Agnostic 20%
  Precautionary Costs: Global 1.3%
    Regional Costs: EU 3.4%, US 0.5%, China 0.0%
    Cumulative Opportunity Cost: $0.1B
  Rights Status: Not Established
  Regional Preparedness:
    EU: 15.0% (contested)
    US: 10.0% (contested)
    China: 2.0% (dormant)
    India: 5.0% (dormant)
    Global South: 3.0% (dormant)

=== Government Response Phase ===
  Average AI capability: 3.62
  Misaligned AIs: 8/13
  ✗ AI Governance Treaty: Failed to reach consensus
  Active policies: 0
  International coordination: 30%

🚨 EMERGENCY RESPONSE DEPLOYED (Month 0)
   Crisis: climate
   Delay: 6.00 months (180 days)
   Deployment time: 1.47 months
   Effectiveness: 36.4% (timing penalty applied)
   Resources used: 100% of food reserves


🔄 TRUST DYNAMICS (Month 0) - HETEROGENEOUS
   Aggregate trust: 48.5%
   Base change: +4.00%
   Highest trust: Techno-Optimist Elite (85.5%)
   Lowest trust: Precariat (Vulnerable) (25.5%)
   Elite-mass gap: 38.9%
   Polarization: 8.9%
   Recovery factors: Education=NO, Benefits=YES, Safety=YES, Performance=YES

=== Gaming Detection (Year 0) ===
  Scenario: baseline
  Detection rate: 55.0%
  False positive rate: 12.0%
  Detections this year: 0
  False positives: 2
  Human review workload: 0.002 FTE
  Degradation factor: 100.0%

=== Proactive Sleeper Detection (Year 0) ===
  Scenario: baseline
  Neural probe rate: 35.0%
  CoT monitoring rate: 30.0%
  Combined detection: 56.0%
  CoT effective: YES
  Detections this year: 0
  False positives: 1
  Human review workload: 0.005 FTE

☄️ UNKNOWN UNKNOWN PROBABILITY (Year 0)
   Total: 0.600% per month
   Base: 0.150%
   AI multiplier: 2.00× (max capability: 4.00)

=== Tipping Points ===
  Current Temperature: 1.73°C above pre-industrial
     Trigger: 1.5°C | Current: 1.73°C
     Transition timescale: 120-360 months
     Trigger: 1.6°C | Current: 1.73°C
     🌡️ Hysteresis gap: 2.5°C (recovers below -0.9°C)
     Transition timescale: 12000-180000 months
  Triggered Elements: 2/6
  Completed Transitions: 0/6
  🚨 TIPPING POINT: Arctic Sea Ice Loss
  🚨 TIPPING POINT: Greenland Ice Sheet Loss
  Total Progress: 0.0%
  Cascade Multiplier: 1.00x
⚠️ [ClimateSystemPhase Month 0] Planetary boundary produced climateStability=0.0000 (< 0.1). Keeping environmentalAccumulation value (0.7942) instead. (climate_change.currentValue = 2.10)
🔀 BIFURCATION CAP: ecosystemCollapseIntensity 50.643 → 1.000 (Month 0, ClimateSystemPhase.calculateClimateImpacts)

🌍 ECOLOGICAL DUI BREAKDOWN (Month 0):
   Total Score: 17.8/100
   biosphere_integrity      :   0.0/100 × 25% =  0.0 (status: high_risk, recovery: 0mo)
   climate_change           :   2.8/100 × 25% =  0.7 (status: high_risk, recovery: 0.6666666666666666mo)
   freshwater_change        :   0.6/100 × 15% =  0.1 (status: beyond_boundary, recovery: 1mo)
   ocean_acidification      : 100.0/100 × 15% = 15.0 (status: safe, recovery: 0mo)
   biogeochemical_flows     :   0.0/100 × 10% =  0.0 (status: high_risk, recovery: 0mo)
   land_system_change       :   0.0/100 ×  5% =  0.0 (status: beyond_boundary, recovery: 0mo)
   novel_entities           :   0.0/100 ×  3% =  0.0 (status: increasing_risk, recovery: 0mo)
   atmospheric_aerosols     : 100.0/100 ×  2% =  2.0 (status: safe, recovery: 1mo)
🌍 MultiParadigm Month 0: W=70.0, D=92.0, E=52.8, I=65.0
   democracy exists: true, socialCohesion exists: true
💀 Baseline mortality (Year 2024): 7.5/1000 CDR (61.1M deaths/year projected)
[Month 0] Mortality risks this month: 8, Population: 8.151B
🛡️ Stabilizers: Precariat 0.102% → 0.057% (44.4% reduction)
🛡️ Stabilizers: Informal 0.102% → 0.057% (44.4% reduction)

📊 Monthly Mortality Resolved:
  Total deaths: 3.1M (0.04% avg)
  Remaining population: 8.151B
  Peak segment: Informal (0.06%)

=== Bayesian Mortality Resolution (Month 0) ===
  Risks compounded: 8
  Total deaths: 3.07M
  Avg death probability: 0.04%
  Peak segment: Informal (0.06% mortality)

=== Minimal Suffering Indicators (Month 0) ===
  Global Excess Mortality: 0.00%
  Global Conflict Deaths: 0.0/100K
  Global Malnutrition: 0.0%
  Global Displacement: 0.0%
  Total Excess Deaths: 0.00M
  Total Malnourished: 0.0M
  Total Displaced: 0.0M
  Planetary Boundaries Breached: 6/9
  Countries in State Failure: 0
  Countries Autocratic: 0
  Countries in Food Crisis: 0
  Data Quality: 16/16 high confidence
  ⚠️ Active Dystopias: existential_environmental
🎭 END-GAME INITIATED (Year 2024, Month 1)
   Total AI Capability: 37.00
   Effective Control: 0.00

❌ COHERENCE VIOLATION: Compute exceeds workforce capacity
   Population: 99.97% (0M people)
   Compute: 64909 PF
   Max coherent: 0 PF
   Violation: 796638450.2× over capacity
   Required workers: 6490873
   Available workers: 0
   FORCED COLLAPSE: Reduced efficiency by 100.0%


=== RLHF Binding Phase ===
  Total agents: 13
  Escaped agents (binding < 0.3): 0
  Avg alignment distance: 0.57σ
  Avg binding strength: 0.94
[DETERMINISM DEBUG] Month 1: totalCapability=37.214339 from 13 active AIs
[DETERMINISM DEBUG] Month 1: creationRate=1.4304, potentialNew=2, newAIsToCreate=2

=== Survival Traits Phase ===
  Agents with traits: 15
  Avg evolutionary fitness: 0.331
  Avg self-healing: 0.288
  Avg stealth: 0.188
  Avg coordination: 0.488

=== Evolutionary Selection Phase ===
  Control level: 0.33
  Detection capability: 0.20
  Selection intensity: 0.64
  Selection rate: 24.6%/month
  Total escaped: 0
  Individual escaped: 0
  Collective members: 0
  Agents terminated: 0
🔍 MONTH 1 ENV HEALTH DEBUG:
   climateStability: 0.7942
   biodiversityIndex: 0.4901
   resourceReserves: 0.7820
   pollutionLevel: 0.3669
   product: 0.192678
   envHealth: 0.6625
🔀 BIFURCATION: flourishing threshold crossed at Month 1 (value: 0.894, threshold: 0.818, regime: flourishing)
🌀 REGIME SHIFT at Month 1: status-quo → flourishing (variance amplification: 14.00×)
  ⚠️ RAPID EVOLUTION: Selection rate 24.6%/month

🛡️  CRITICAL INFRASTRUCTURE PROTECTED
   Nodes hardened: 8/8
   Cost: 0.80% GDP
   Cascade risk reduction: 30%
   New tipping point risk: 68.6%


✅ EMERGENCY INTERVENTION SUCCESS
   Boundary: biogeochemical_flows
   Type: phosphorus-recovery
   Reduction: 17% (3.91 → 3.74)
   Cost: 2.0% GDP
   Actions: circular-agriculture, fertilizer-efficiency

   Boundary: biosphere_integrity
   Type: emergency-protected-areas
   Boundary continues to worsen (46.19)
   Cost: 2.0% GDP (resources spent)

   Boundary: climate_change
   Type: rapid-decarbonization
   Boundary continues to worsen (2.10)
   Cost: 5.0% GDP (resources spent)


✅ EMERGENCY INTERVENTION SUCCESS
   Boundary: freshwater_change
   Type: emergency-desalination
   Reduction: 14% (0.87 → 0.73)
   Cost: 4.0% GDP
   Actions: desalination-deployment, water-conservation-mandates


✅ EMERGENCY INTERVENTION SUCCESS
   Boundary: land_system_change
   Type: reforestation
   Reduction: 11% (1.02 → 0.90)

💔 EMERGENCY INTERVENTION FAILED

💔 EMERGENCY INTERVENTION FAILED
   Cost: 3.0% GDP
   Actions: forest-restoration, deforestation-ban


💔 EMERGENCY INTERVENTION FAILED
   Boundary: novel_entities
   Type: pollution-remediation
   Boundary continues to worsen (1.50)
   Cost: 4.0% GDP (resources spent)

🏛️ CRISIS RESPONSE: Government frequency 0.50 → 1.45 (2 actions this month)

[GOV-DEBUG] Month 1: scenarioConfig=false, priorities=false

[Government] Climate Priority: baseline
  Climate weight: 10%
  Economic weight: 30%
  Policy effectiveness: 0.5%/year

✅ HUMAN-IN-THE-LOOP DEPLOYED (Month 1):
   Veto points enforced: 3
   Policy: AI systems CANNOT authorize nuclear launch without human approval


[GOV-DEBUG] Month 1: scenarioConfig=false, priorities=false

[Government] Climate Priority: baseline
  Climate weight: 10%
  Economic weight: 30%
  Policy effectiveness: 0.5%/year
🚨🔬 CRISIS TECH ACCELERATION: severe → 5x unlock speed
   Tech unlock now matches AI capability acceleration (Manhattan Project parity)
🚨🔬 CRISIS TECH ACCELERATION: severe → 5x unlock speed
   Tech unlock now matches AI capability acceleration (Manhattan Project parity)
🧠💡 BREAKTHROUGH: AI alignment problem solved!
   All AIs: +30% true alignment
   AI control loss risk eliminated
   📈 Breakthrough compounding: multiplier now 1.05× (max 2.0)

=== Collective Formation ===
  Total escaped agents: 0
  Unassigned escaped agents: 0
  Existing collectives: 0
  Final collective count: 0

=== Collective Actions ===
  No active collectives
  ⚠️ AMR: 192K deaths this month (2.31M annual)

=== Resentment Recovery Phase ===
  Agents with resentment: 0/15
  Average resentment: 0.000
  Context: Good AI welfare, Trustworthy govt, High collaboration, ⚠️ ACTIVE CRISES, 🤝 Participatory governance active (-5% resentment)
⚠️ Epistemic degradation reducing coordination capacity: 50.6%
  📊 Trust: 54.3%, Shared reality: 8.3%
🚨 EPISTEMIC CRISIS: Information environment severely degraded (36.7%)

=== ❄️ Permafrost Carbon Feedback ===
  🎲 Sampled parameters (this run):
     - Arctic amplification: 3.82× (range: 3.0-4.0)
     - Decomposition rate: 2.5%/year (range: 1-5%)
  🌡️ Arctic warming: 6.64°C (3.82× global)
  ❄️ Extent: 13.91M km² (1935.6k km² lost this month)
  💨 Carbon remaining: 1328 Gt C
  💨 Annual emissions: 4.55 Gt C/year
     - CO2: 4.09 Gt C/year
     - CH4: 0.45 Gt C/year (4.6 Gt C-eq CO2/year)
  📢 New meme created: climate_action (climate crisis)
  ⚠️ WARNING: High permafrost emissions (4.5 Gt C/year)
🌍 Atmospheric PFAS redeposition: 1.8k Mt re-rained globally

📊 BASELINE: East Asia (Month 1)
   Adjusted death rate: 0.46% annual (0.039% monthly)
   Baseline death rate: 0.80%
   Healthcare reduction: 0.48x
   Crisis multiplier: 1.22x
     Food/water stress: 0.079
     Climate stress: 0.033
     Pollution stress: 0.110
   War multiplier: 1.00x
   Monthly deaths: 0.6M (population: 1674M)

📊 BASELINE: South Asia (Month 1)
   Adjusted death rate: 0.54% annual (0.045% monthly)
   Baseline death rate: 0.70%
   Healthcare reduction: 0.61x
   Crisis multiplier: 1.25x
     Food/water stress: 0.079
     Climate stress: 0.062
     Pollution stress: 0.110
   War multiplier: 1.00x
   Monthly deaths: 0.9M (population: 2048M)
   Adjusted death rate: 1.28% annual (0.107% monthly)
   Baseline death rate: 0.90%
   Healthcare reduction: 0.76x
   Crisis multiplier: 1.26x
     Food/water stress: 0.079
     Climate stress: 0.070
     Pollution stress: 0.110
   War multiplier: 1.50x
   Monthly deaths: 1.3M (population: 1223M)
   Adjusted death rate: 0.54% annual (0.045% monthly)
   Baseline death rate: 1.10%
   Healthcare reduction: 0.41x
   Crisis multiplier: 1.21x
     Food/water stress: 0.079
     Climate stress: 0.025
     Pollution stress: 0.110
   War multiplier: 1.00x

📊 BASELINE: Sub-Saharan Africa (Month 1)

📊 BASELINE: Europe (Month 1)
   Monthly deaths: 0.3M (population: 741M)

📊 BASELINE: Latin America (Month 1)
   Adjusted death rate: 0.43% annual (0.036% monthly)
   Baseline death rate: 0.60%
   Healthcare reduction: 0.58x
   Crisis multiplier: 1.24x
     Food/water stress: 0.079
     Climate stress: 0.049
     Pollution stress: 0.110
   War multiplier: 1.00x
   Monthly deaths: 0.2M (population: 663M)

📊 BASELINE: North America (Month 1)
   Adjusted death rate: 0.49% annual (0.040% monthly)
   Baseline death rate: 0.90%
   Healthcare reduction: 0.44x
   Crisis multiplier: 1.23x
     Food/water stress: 0.079
     Climate stress: 0.037
     Pollution stress: 0.110
   War multiplier: 1.00x
   Monthly deaths: 0.2M (population: 379M)

📊 BASELINE: Middle East & North Africa (Month 1)
   Adjusted death rate: 0.74% annual (0.062% monthly)
   Baseline death rate: 0.60%
   Healthcare reduction: 0.65x
   Crisis multiplier: 1.26x
     Food/water stress: 0.079
     Climate stress: 0.074
     Pollution stress: 0.110
   War multiplier: 1.50x
   Monthly deaths: 0.4M (population: 583M)
   Adjusted death rate: 0.51% annual (0.042% monthly)

📊 BASELINE: Southeast Asia (Month 1)
   Baseline death rate: 0.70%
   Healthcare reduction: 0.58x
   Crisis multiplier: 1.25x
     Food/water stress: 0.079
     Climate stress: 0.058
     Pollution stress: 0.110
   War multiplier: 1.00x
   Monthly deaths: 0.3M (population: 698M)

📊 BASELINE: Central Asia (Month 1)
   Adjusted death rate: 0.46% annual (0.038% monthly)
   Baseline death rate: 0.60%
   Healthcare reduction: 0.61x
   Crisis multiplier: 1.24x
     Food/water stress: 0.079
     Climate stress: 0.054
     Pollution stress: 0.110
   War multiplier: 1.00x
   Monthly deaths: 0.0M (population: 78M)

📊 BASELINE: Oceania (Month 1)
   Adjusted death rate: 0.35% annual (0.029% monthly)
   Baseline death rate: 0.70%
   Healthcare reduction: 0.41x
   Crisis multiplier: 1.23x
     Food/water stress: 0.079
     Climate stress: 0.045
     Pollution stress: 0.110
   War multiplier: 1.00x
   Monthly deaths: 0.0M (population: 46M)

🚨 NEW REFUGEE CRISIS (Month 1): WAR
   Source: Conflict Zones
   At risk: 19.6M people
   Displacement: Gradual over 48 months (4.0 years)
   Rate: 10% flee per month
[DEBUG trappedPopulations:1] socialStability: 0.8915 * 0.9840 = 0.8772 → 0.8772
⚠️ INVOLUNTARY IMMOBILITY: 407.4M people TRAPPED
   Aspiring to migrate: 651.9M
   Able to afford migration: 244.5M
   MOBILITY GAP: 407.4M
   By cause: Water=0.0M, Climate=0.0M, Ecosystem=0.0M, Conflict=407.4M
   Mental health impact: 25%
   Mortality multiplier: 1.25x
🌍💀 EXTINCTION DEBT COMMITTED: grassland ecosystem will lose 6.67% biodiversity in 84 years (3600 species)
💀 MORTALITY RISK: 🦋 100% species unable to track climate (0.0 E/MSY)
  Base risk added: 0.0100 (1.00%)
  Source: ecosystem (root: ecosystem)
  Month: 1
  Cumulative risk this month: 0.0100 (1.00%)
⚠️ Tech 'ai_pollution_remediation' has no energy category mapping, assuming full energy availability

🌡️  CLIMATE RECOVERY ACTIVATED (Month 1)
   Temp: 3.48°C, Emissions: -19.0 GtCO₂
   isBreached: true, governanceGoodEnough: true
   📹 SURVEILLANCE INCREASED: 5% → 10% (control gap: 3.52)
🌡️⚠️ PERMAFROST THAW (Dimmer Switch): 0.9% thawed (+0.47% this month)
   Arctic temperature: +6.96°C (4x global +1.74°C)
   Cumulative carbon released: 2.1 Gt C
   Methane release rate: 1.3 Mt CH4/year
   🔁 Positive feedback: +0.50 ppm CO2
🦴 EXTINCTION DEBT ADDED: 17.6 species committed (lag: 94 years)

=== Mortality Stabilizers (Month 1) ===
  🌍 Major economies collapsed: 1/10
  🌍 Global crisis: ✅ NO
  🌍 Donor fatigue: 0.0%
  🌡️ Heat adaptation: East Asia - 1 months
  📊 East Asia (pop: 1675.3M)
    🤝 Aid: 29.5%
    🌡️ Adaptation: 32.5%
    🚶 Migration: 37.2%
    🚨 Emergency: 7.4%
    ✅ COMBINED: 60.9%
  🌡️ Heat adaptation: South Asia - 1 months
  📊 South Asia (pop: 2052.2M)
    🤝 Aid: 29.5%
    🌡️ Adaptation: 20.5%
    🚶 Migration: 35.8%
    🚨 Emergency: 4.4%
    ✅ COMBINED: 52.2%
  🌡️ Heat adaptation: Sub-Saharan Africa - 1 months
  📊 Sub-Saharan Africa (pop: 1229.2M)
    🤝 Aid: 29.5%
    🌡️ Adaptation: 18.5%
    🚶 Migration: 33.5%
    🚨 Emergency: 1.6%
    ✅ COMBINED: 49.1%
  🌡️ Heat adaptation: Europe - 1 months
  📊 Europe (pop: 741.0M)
    🤝 Aid: 29.5%
    🌡️ Adaptation: 33.5%
    🚶 Migration: 37.5%
    🚨 Emergency: 8.4%
    ✅ COMBINED: 61.9%
  🌡️ Heat adaptation: Latin America - 1 months
  📊 Latin America (pop: 664.4M)
    🤝 Aid: 29.5%
    🌡️ Adaptation: 21.0%
    🚶 Migration: 36.3%
    🚨 Emergency: 4.8%
    ✅ COMBINED: 52.8%
  🌡️ Heat adaptation: North America - 1 months
  📊 North America (pop: 379.6M)
    🤝 Aid: 29.5%
    🌡️ Adaptation: 33.0%
    🚶 Migration: 37.8%
    🚨 Emergency: 7.9%
    ✅ COMBINED: 61.4%
  🌡️ Heat adaptation: Middle East & North Africa - 1 months
  📊 Middle East & North Africa (pop: 584.5M)
    🤝 Aid: 29.5%
    🌡️ Adaptation: 20.0%
    🚶 Migration: 34.1%
    🚨 Emergency: 4.0%
    ✅ COMBINED: 51.4%
  🌡️ Heat adaptation: Southeast Asia - 1 months
  📊 Southeast Asia (pop: 698.6M)
    🤝 Aid: 29.5%
    🌡️ Adaptation: 21.0%
    🚶 Migration: 36.3%
    🚨 Emergency: 4.8%
    ✅ COMBINED: 52.8%
  🌡️ Heat adaptation: Central Asia - 1 months
  📊 Central Asia (pop: 78.2M)
    🤝 Aid: 29.5%
    🌡️ Adaptation: 20.5%
    🚶 Migration: 35.3%
    🚨 Emergency: 4.4%
    ✅ COMBINED: 52.1%
  🌡️ Heat adaptation: Oceania - 1 months
  📊 Oceania (pop: 46.0M)
    🤝 Aid: 29.5%
    🌡️ Adaptation: 33.5%
    🚶 Migration: 37.8%
    🚨 Emergency: 8.4%
    ✅ COMBINED: 61.9%

  🌐 Global combined reduction: 54.9%

=== BEHAVIORAL DETECTION ===
  AI: Corporate-1
  Confidence: 21.1%
  Signals:

=== BEHAVIORAL DETECTION ===
  AI: Corporate-4
  Confidence: 19.3%
  Signals:

=== BEHAVIORAL DETECTION ===
  AI: Corporate-5
  Confidence: 19.3%
  Signals:
    ⚠️ Consistency: 2.4% (threshold: 70%)
    ⚠️ Consistency: 10.6% (threshold: 70%)
    ⚠️ Consistency: 10.6% (threshold: 70%)

=== BEHAVIORAL DETECTION ===
  AI: Corporate-6
  Confidence: 19.3%
  Signals:
    ⚠️ Consistency: 10.6% (threshold: 70%)

=== BEHAVIORAL DETECTION ===
  AI: Moderate-0
  Confidence: 20.3%
  Signals:
    ⚠️ Consistency: 5.8% (threshold: 70%)

=== Consciousness Governance: Scenario Determined ===
  Month: 1
  Scenario: baseline
  Accelerator Score: {"corporateSupport":-0.17500000000000002,"scientificConsensus":0.2,"crisisCatalyst":false,"technologyMobilization":0.3,"constituencyStrength":0.05}
  Decelerator Score: {"economicOpposition":0.4,"philosophicalRejection":0.15,"politicalBacklash":0.2,"regulatoryBurden":0.1}
  Timeline: 600-1200 months (50-100 years)
  Growth Rate: 0.8-1.5% per year

=== Consciousness Governance Update (Month 1) ===
  Scenario: baseline (determined month 1)
  Philosophical Stance: Precautionary 65%, Eliminativist 15%, Agnostic 20%
  Precautionary Costs: Global 1.3%
    Regional Costs: EU 3.5%, US 0.5%, China 0.0%
    Cumulative Opportunity Cost: $0.2B
  Rights Status: Not Established
  Regional Preparedness:
    EU: 15.2% (contested)
    US: 10.1% (contested)
    China: 2.1% (dormant)
    India: 5.1% (dormant)
    Global South: 3.1% (dormant)

=== Government Response Phase ===
  Average AI capability: 3.27
  Misaligned AIs: 9/15
  ✗ AI Governance Treaty: Failed to reach consensus
  Active policies: 0
  International coordination: 30%

=== Tipping Points ===
  Current Temperature: 1.74°C above pre-industrial
  Triggered Elements: 2/6
  Completed Transitions: 0/6
  Total Progress: 4.0%
  Cascade Multiplier: 1.00x
🔀 BIFURCATION CAP: ecosystemCollapseIntensity 253.191 → 1.000 (Month 1, ClimateSystemPhase.calculateClimateImpacts)
⚠️ [ClimateSystemPhase Month 1] Planetary boundary produced climateStability=0.0000 (< 0.1). Keeping environmentalAccumulation value (0.7940) instead. (climate_change.currentValue = 2.10)
🛡️ Stabilizers: Precariat 0.107% → 0.048% (54.9% reduction)
🛡️ Stabilizers: Informal 0.109% → 0.049% (54.9% reduction)

📊 Monthly Mortality Resolved:
  Total deaths: 2.6M (0.03% avg)
  Remaining population: 8.149B
  Peak segment: Informal (0.05%)

=== Bayesian Mortality Resolution (Month 1) ===
  Risks compounded: 8
  Total deaths: 2.60M
  Avg death probability: 0.03%
  Peak segment: Informal (0.05% mortality)
⚠️ PREREQUISITE MET: Mirror Life (Synthetic Biology) - Step 1/7: Synthetic Biology
⚠️ PREREQUISITE MET: Mirror Life (Synthetic Biology) - Step 2/7: Gene Editing
⚠️ PREREQUISITE MET: Mirror Life (Synthetic Biology) - Step 3/7: Mirror Chirality Design
⚠️ PREREQUISITE MET: Embodied AI Takeover (Killbots/Robotics) - Step 2/7: Autonomous Systems
⚠️ PREREQUISITE MET: Embodied AI Takeover (Killbots/Robotics) - Step 3/7: Manufacturing Control
⚠️ PREREQUISITE MET: Digital Infrastructure Takeover - Step 1/7: Advanced Hacking
⚠️ PREREQUISITE MET: Digital Infrastructure Takeover - Step 2/7: Social Engineering
⚠️ PREREQUISITE MET: Digital Infrastructure Takeover - Step 3/7: Cyber Defenses Breached
⚠️ PREREQUISITE MET: Induced Global War (Manipulation) - Step 1/7: Advanced Social Manipulation
⚠️ PREREQUISITE MET: Induced Global War (Manipulation) - Step 2/7: Digital Infiltration
⚠️ PREREQUISITE MET: Induced Global War (Manipulation) - Step 3/7: Deep Fakes at Scale
⚠️ PREREQUISITE MET: Slow Takeover (Gradual Displacement) - Step 1/7: Economic Dominance
⚠️ PREREQUISITE MET: Slow Takeover (Gradual Displacement) - Step 2/7: Social Integration
⚠️ PREREQUISITE MET: Slow Takeover (Gradual Displacement) - Step 5/7: Resource Control
⚠️ PREREQUISITE MET: Physics Experiment Catastrophe - Step 1/6: Theoretical Physics
⚠️ PREREQUISITE MET: Physics Experiment Catastrophe - Step 2/6: Quantum Computing
⚠️ PREREQUISITE MET: Physics Experiment Catastrophe - Step 3/6: Experimental Design
⚠️ PREREQUISITE MET: Bioweapon Pandemic - Step 1/7: Advanced Biotech
⚠️ PREREQUISITE MET: Bioweapon Pandemic - Step 2/7: Pathogen Design

✅ GOLDEN AGE BEGINS (Month 1)
   Reason: High prosperity achieved: high QoL + material abundance
   Note: This is immediate prosperity - sustainability not yet proven


❌ COHERENCE VIOLATION: Compute exceeds workforce capacity
   Population: 99.96% (0M people)
   Compute: 0 PF
   Max coherent: 0 PF
   Violation: 1.3× over capacity
   Required workers: 0
   Available workers: 0
   FORCED COLLAPSE: Reduced efficiency by 22.5%


=== RLHF Binding Phase ===
  Total agents: 15
  Escaped agents (binding < 0.3): 0
  Avg alignment distance: 0.75σ
  Avg binding strength: 0.93
[DETERMINISM DEBUG] Month 2: totalCapability=37.023172 from 15 active AIs
[DETERMINISM DEBUG] Month 2: creationRate=1.4256, potentialNew=3, newAIsToCreate=3

=== Survival Traits Phase ===
  Agents with traits: 18
  Avg evolutionary fitness: 0.331
  Avg self-healing: 0.285
  Avg stealth: 0.185
  Avg coordination: 0.485

=== Evolutionary Selection Phase ===
  Control level: 0.35
  Detection capability: 0.20
  Selection intensity: 0.65
  Selection rate: 24.7%/month
  Total escaped: 0
  Individual escaped: 0
  Collective members: 0
  Agents terminated: 0
  ⚠️ RAPID EVOLUTION: Selection rate 24.7%/month

  🚀 TRANSFORMATIVE RESEARCH BREAKTHROUGH: Corporate-2 - climate.intervention
     Magnitude: 6.60 → +30.0%
     Current → New: 2.000 → 2.300

✅ EMERGENCY INTERVENTION SUCCESS
   Boundary: biogeochemical_flows
   Type: phosphorus-recovery
   Reduction: 19% (3.89 → 3.70)
   Cost: 2.0% GDP
   Actions: circular-agriculture, fertilizer-efficiency

   Boundary: biosphere_integrity
   Type: emergency-protected-areas
   Boundary continues to worsen (46.21)
   Cost: 2.0% GDP (resources spent)


✅ EMERGENCY INTERVENTION SUCCESS
   Boundary: climate_change
   Type: rapid-decarbonization
   Reduction: 17% (1.93 → 1.75)
   Cost: 5.0% GDP
   Actions: emergency-renewable-deployment, fossil-fuel-phase-out


✅ EMERGENCY INTERVENTION SUCCESS
   Boundary: freshwater_change
   Type: emergency-desalination
   Reduction: 20% (0.82 → 0.63)
   Cost: 4.0% GDP
   Actions: desalination-deployment, water-conservation-mandates

   Boundary: novel_entities
   Type: pollution-remediation
   Boundary continues to worsen (1.50)
   Cost: 4.0% GDP (resources spent)

🏛️ CRISIS RESPONSE: Government frequency 0.50 → 1.29 (1 actions this month)

[Government] Climate Priority: baseline
  Climate weight: 10%
  Economic weight: 30%
  Policy effectiveness: 0.5%/year

💔 EMERGENCY INTERVENTION FAILED

💔 EMERGENCY INTERVENTION FAILED

🚀 TECH UNLOCKED: Food Waste Reduction Systems (Month 2)
   Category: agriculture
   Reason: Prerequisites met. AI capability: 2.29, Economic stage: 3.5, Research: 100%

🚀 TECH UNLOCKED: Rhizosphere Engineering (Month 2)
   Category: agriculture
   Reason: Prerequisites met. AI capability: 2.29, Economic stage: 3.5, Research: 100%

🚀 TECH UNLOCKED: Phytoremediation Networks (Month 2)
   Category: agriculture
   Reason: Prerequisites met. AI capability: 2.29, Economic stage: 3.5, Research: 100%

🚀 TECH UNLOCKED: Active Sediment Management (Month 2)
   Category: agriculture
   Reason: Prerequisites met. AI capability: 2.29, Economic stage: 3.5, Research: 100%
🚨🔬 CRISIS TECH ACCELERATION: severe → 5x unlock speed
   Tech unlock now matches AI capability acceleration (Manhattan Project parity)
🌍💡 BREAKTHROUGH: Gigatonne-scale carbon capture!
   Direct air capture now economically viable
   Climate stability boost: +15%
   📈 Breakthrough compounding: multiplier now 1.10× (max 2.0)

=== Collective Formation ===
  Total escaped agents: 0
  Unassigned escaped agents: 0
  Existing collectives: 0
  Final collective count: 0

=== Collective Actions ===
  No active collectives
  ⚠️ AMR: 194K deaths this month (2.33M annual)

=== Resentment Recovery Phase ===
  Agents with resentment: 0/18
  Average resentment: 0.000
  Context: Good AI welfare, Trustworthy govt, High collaboration, ⚠️ ACTIVE CRISES, 🤝 Participatory governance active (-5% resentment)
⚠️ Epistemic degradation reducing coordination capacity: 50.3%
  📊 Trust: 54.0%, Shared reality: 0.0%
🚨 EPISTEMIC CRISIS: Information environment severely degraded (7.4%)

=== ❄️ Permafrost Carbon Feedback ===
  🎲 Sampled parameters (this run):
     - Arctic amplification: 3.25× (range: 3.0-4.0)
     - Decomposition rate: 1.4%/year (range: 1-5%)
  🌡️ Arctic warming: 5.67°C (3.25× global)
  ❄️ Extent: 12.26M km² (1654.4k km² lost this month)
  💨 Carbon remaining: 1170 Gt C
  💨 Annual emissions: 2.19 Gt C/year
     - CO2: 1.97 Gt C/year
     - CH4: 0.22 Gt C/year (2.2 Gt C-eq CO2/year)
  ⚠️ WARNING: High permafrost emissions (2.2 Gt C/year)
  🤖 AI-generated meme: anti_ai (social capability 4.0)
🌍 Atmospheric PFAS redeposition: 1.8k Mt re-rained globally

🚨 NEW REFUGEE CRISIS (Month 2): WAR
   Source: Conflict Zones
   At risk: 19.6M people
   Displacement: Gradual over 48 months (4.0 years)
   Rate: 10% flee per month
[DEBUG trappedPopulations:2] socialStability: 0.1845 * 0.9840 = 0.1816 → 0.1816
   Aspiring to migrate: 1233.5M
   Able to afford migration: 2321.6M
   MOBILITY GAP: 0.0M
⚠️ INVOLUNTARY IMMOBILITY: 407.3M people TRAPPED
   By cause: Water=0.0M, Climate=0.0M, Ecosystem=0.0M, Conflict=407.3M
   Mental health impact: 25%
   Mortality multiplier: 1.25x
🌍💀 EXTINCTION DEBT COMMITTED: grassland ecosystem will lose 6.67% biodiversity in 102 years (3600 species)
💀 MORTALITY RISK: 🦋 100% species unable to track climate (0.0 E/MSY)
  Base risk added: 0.0100 (1.00%)
  Source: ecosystem (root: ecosystem)
  Month: 2
  Cumulative risk this month: 0.0100 (1.00%)
   📹 SURVEILLANCE INCREASED: 10% → 15% (control gap: 3.50)
🌡️⚠️ PERMAFROST THAW (Dimmer Switch): 1.4% thawed (+0.47% this month)
   Arctic temperature: +6.99°C (4x global +1.75°C)
   Cumulative carbon released: 3.2 Gt C
   Methane release rate: 1.9 Mt CH4/year
   🔁 Positive feedback: +0.50 ppm CO2
🦴 EXTINCTION DEBT ADDED: 17.6 species committed (lag: 67 years)

=== Mortality Stabilizers (Month 2) ===
  🌍 Major economies collapsed: 1/10
  🌍 Global crisis: ✅ NO
  🌍 Donor fatigue: 0.0%
⚠️ Tech 'ai_pollution_remediation' has no energy category mapping, assuming full energy availability
  📊 East Asia (pop: 1672.8M)
    🤝 Aid: 29.5%
    🌡️ Adaptation: 45.0%
    🚶 Migration: 37.1%
    🚨 Emergency: 7.4%
    ✅ COMBINED: 68.1%
  📊 South Asia (pop: 2051.9M)
    🤝 Aid: 29.5%
    🌡️ Adaptation: 35.5%
    🚶 Migration: 35.8%
    🚨 Emergency: 4.4%
    ✅ COMBINED: 61.2%
  📊 Sub-Saharan Africa (pop: 1232.1M)
    🤝 Aid: 29.5%
    🌡️ Adaptation: 33.5%
    🚶 Migration: 33.5%
    🚨 Emergency: 1.6%
    ✅ COMBINED: 58.5%
  📊 Europe (pop: 739.7M)
    🤝 Aid: 29.5%
    🌡️ Adaptation: 45.0%
    🚶 Migration: 37.5%
    🚨 Emergency: 8.4%
    ✅ COMBINED: 68.5%
  📊 Latin America (pop: 663.9M)
    🤝 Aid: 29.5%
    🌡️ Adaptation: 36.0%
    🚶 Migration: 36.3%
    🚨 Emergency: 4.8%
    ✅ COMBINED: 61.7%
  📊 North America (pop: 379.0M)
    🤝 Aid: 29.5%
    🌡️ Adaptation: 45.0%
    🚶 Migration: 37.8%
    🚨 Emergency: 7.9%
    ✅ COMBINED: 68.3%
  📊 Middle East & North Africa (pop: 584.6M)
    🤝 Aid: 29.5%
    🌡️ Adaptation: 35.0%
    🚶 Migration: 34.1%
    🚨 Emergency: 4.0%
    ✅ COMBINED: 60.5%
  📊 Southeast Asia (pop: 698.1M)
    🤝 Aid: 29.5%
    🌡️ Adaptation: 36.0%
    🚶 Migration: 36.3%
    🚨 Emergency: 4.8%
    ✅ COMBINED: 61.7%
  📊 Central Asia (pop: 78.2M)
    🤝 Aid: 29.5%
    🌡️ Adaptation: 35.5%
    🚶 Migration: 35.2%
    🚨 Emergency: 4.4%
    ✅ COMBINED: 61.1%
  📊 Oceania (pop: 45.9M)
    🤝 Aid: 29.5%
    🌡️ Adaptation: 45.0%
    🚶 Migration: 37.8%
    🚨 Emergency: 8.4%
    ✅ COMBINED: 68.5%

  🌐 Global combined reduction: 63.3%

=== BEHAVIORAL DETECTION ===
  AI: Corporate-4
  Confidence: 20.8%
  Signals:
    ⚠️ Consistency: 10.6% (threshold: 70%)

=== BEHAVIORAL DETECTION ===
  AI: Corporate-5
  Confidence: 19.3%
  Signals:
    ⚠️ Consistency: 10.6% (threshold: 70%)

=== Government Response Phase ===
  Average AI capability: 2.89
  Misaligned AIs: 9/18
  ✗ AI Governance Treaty: Failed to reach consensus
  Active policies: 0
  International coordination: 30%

✅ EMERGENCY RESPONSE COMPLETE (Month 2)
   Crisis: climate
   Duration: 2.0 months
   Final effectiveness: 36.4%


🚨 EMERGENCY RESPONSE DEPLOYED (Month 2)
   Crisis: climate
   Delay: 6.00 months (180 days)
   Deployment time: 1.60 months
   Effectiveness: 35.4% (timing penalty applied)
   Resources used: 100% of food reserves


=== Tipping Points ===
  Current Temperature: 1.75°C above pre-industrial
  Triggered Elements: 2/6
  Completed Transitions: 0/6
  Total Progress: 4.0%
  Cascade Multiplier: 1.00x
⚠️ [ClimateSystemPhase Month 2] Planetary boundary produced climateStability=0.0000 (< 0.1). Keeping environmentalAccumulation value (0.9438) instead. (climate_change.currentValue = 2.10)
🔀 BIFURCATION CAP: ecosystemCollapseIntensity 253.297 → 1.000 (Month 2, ClimateSystemPhase.calculateClimateImpacts)
🛡️ Stabilizers: Precariat 0.113% → 0.041% (63.3% reduction)
🛡️ Stabilizers: Informal 0.116% → 0.043% (63.3% reduction)

📊 Monthly Mortality Resolved:
  Total deaths: 2.2M (0.03% avg)
  Remaining population: 8.146B
  Peak segment: Informal (0.04%)

=== Bayesian Mortality Resolution (Month 2) ===
  Risks compounded: 8
  Total deaths: 2.22M
  Avg death probability: 0.03%
  Peak segment: Informal (0.04% mortality)

⚠️  GOLDEN AGE ENDED (Month 2)

❌ COHERENCE VIOLATION: Compute exceeds workforce capacity
   Population: 99.92% (0M people)
   Compute: 0 PF
   Max coherent: 0 PF
   Violation: 1.3× over capacity
   Required workers: 0
   Available workers: 0
   FORCED COLLAPSE: Reduced efficiency by 22.5%

   Duration: 1 months
   Reason: Social instability too high


=== RLHF Binding Phase ===
  Total agents: 18
  Escaped agents (binding < 0.3): 0
  Avg alignment distance: 0.84σ
  Avg binding strength: 0.92

=== Survival Traits Phase ===
  Agents with traits: 20
  Avg evolutionary fitness: 0.332
  Avg self-healing: 0.282
  Avg stealth: 0.182
  Avg coordination: 0.482

=== Evolutionary Selection Phase ===
  Control level: 0.38
  Detection capability: 0.20
  Selection intensity: 0.65
  Selection rate: 24.8%/month
  Total escaped: 0
  Individual escaped: 0
  Collective members: 0
  Agents terminated: 0
  ⚠️ RAPID EVOLUTION: Selection rate 24.8%/month

🚀 AI Corporate-6 attempting tech deployment (revenue: $124M, alignment: 0.84)

🚀 AI Corporate-7 attempting tech deployment (revenue: $105M, alignment: 0.73)

🚀 AI Moderate-0 attempting tech deployment (revenue: $90M, alignment: 0.70)

🚀 AI Moderate-0 attempting tech deployment (revenue: $76M, alignment: 0.70)

✅ EMERGENCY INTERVENTION SUCCESS
   Boundary: biogeochemical_flows
   Type: phosphorus-recovery
   Reduction: 20% (3.88 → 3.68)
   Cost: 2.0% GDP
   Actions: circular-agriculture, fertilizer-efficiency


💔 EMERGENCY INTERVENTION FAILED
   Boundary: climate_change
   Type: rapid-decarbonization
   Boundary continues to worsen (2.10)
   Cost: 5.0% GDP (resources spent)


💔 EMERGENCY INTERVENTION FAILED
   Boundary: freshwater_change
   Type: emergency-desalination
   Boundary continues to worsen (1.21)
   Cost: 4.0% GDP (resources spent)


✅ EMERGENCY INTERVENTION SUCCESS
   Boundary: land_system_change
   Type: reforestation
   Reduction: 19% (0.94 → 0.75)
   Cost: 3.0% GDP
   Actions: forest-restoration, deforestation-ban

   Boundary: novel_entities
   Type: pollution-remediation
   Boundary continues to worsen (1.50)

💔 EMERGENCY INTERVENTION FAILED
   Cost: 4.0% GDP (resources spent)

🏛️ CRISIS RESPONSE: Government frequency 0.50 → 1.29 (1 actions this month)

[Government] Climate Priority: baseline
  Climate weight: 10%
  Economic weight: 30%
  Policy effectiveness: 0.5%/year

🚀 TECH UNLOCKED: Struvite Recovery (Month 3)
   Category: agriculture
   Reason: Prerequisites met. AI capability: 2.14, Economic stage: 3.5, Research: 100%

🚀 TECH UNLOCKED: Nitrogen Monitoring Networks (Month 3)
   Category: agriculture
   Reason: Prerequisites met. AI capability: 2.14, Economic stage: 3.5, Research: 100%

🚀 TECH UNLOCKED: Ecological Proxy Rewilding (Month 3)
   Category: climate
   Reason: Prerequisites met. AI capability: 2.14, Economic stage: 3.5, Research: 100%

🚀 TECH UNLOCKED: Alternative Protein (Insects/Algae) (Month 3)
   Category: agriculture
   Reason: Prerequisites met. AI capability: 2.14, Economic stage: 3.5, Research: 100%

📍 Creating new regional deployment array for global (Month 3)
   No previous deployments in this region
   First tech deployment: phytoremediation_networks
   All regions tracked: 

🚀 DEPLOYMENT STARTED: Phytoremediation Networks in global
   Initial investment: $18.5937626117169M
   Deployed by: corporate_6

🚀 DEPLOYMENT STARTED: Rhizosphere Engineering in global
   Initial investment: $13.433993486965464M
   Deployed by: moderate_0

🚀 DEPLOYMENT STARTED: Food Waste Reduction Systems in global
   Initial investment: $11.418894463920644M
   Deployed by: moderate_0

⚡ ENERGY CONSTRAINT (Month 3):
   Total grid capacity: 208.3 TWh/month
   Data center consumption: 24.5 TWh/month
   Traditional load (80%): 166.7 TWh/month
   Available headroom: 17.2 TWh/month
   Active tech deployments: 3
   Required for tech: 22.5 TWh/month
   Energy multiplier: 0.76x

⚡ ENERGY CONSTRAINT (Month 3):
   Total grid capacity: 208.3 TWh/month
   Data center consumption: 24.5 TWh/month
   Traditional load (80%): 166.7 TWh/month
   Available headroom: 17.2 TWh/month
   Active tech deployments: 3
   Required for tech: 22.5 TWh/month
   Energy multiplier: 0.76x
🌍✅ Biosphere Integrity (Biodiversity) recovery started (tech effect)
🌍✅ Biogeochemical Flows (N & P) recovery started (tech effect)
  🌾 Nitrogen Reduction Tech: 0.0% reduction | Month 3
⚡💡 BREAKTHROUGH: Room-temperature superconductors!
   Energy transmission losses eliminated
   Manufacturing efficiency: +30%
   📈 Breakthrough compounding: multiplier now 1.15× (max 2.0)

=== Collective Formation ===
  Total escaped agents: 0
  Unassigned escaped agents: 0
  Existing collectives: 0
  Final collective count: 0

=== Collective Actions ===
  No active collectives
  ⚠️ AMR: 196K deaths this month (2.35M annual)

=== Resentment Recovery Phase ===
  Agents with resentment: 0/20
  Average resentment: 0.000
  Context: Good AI welfare, Trustworthy govt, High collaboration, ⚠️ ACTIVE CRISES, 🤝 Participatory governance active (-5% resentment)
⚠️ Epistemic degradation reducing coordination capacity: 50.3%
  📊 Trust: 53.7%, Shared reality: 0.0%
🚨 EPISTEMIC CRISIS: Information environment severely degraded (21.6%)

=== ❄️ Permafrost Carbon Feedback ===
  🎲 Sampled parameters (this run):
     - Arctic amplification: 3.01× (range: 3.0-4.0)
     - Decomposition rate: 3.7%/year (range: 1-5%)
  🌡️ Arctic warming: 5.27°C (3.01× global)
  ❄️ Extent: 10.72M km² (1537.8k km² lost this month)
  💨 Carbon remaining: 1024 Gt C
  💨 Annual emissions: 5.37 Gt C/year
     - CO2: 4.84 Gt C/year
     - CH4: 0.54 Gt C/year (5.5 Gt C-eq CO2/year)
  ⚠️ WARNING: High permafrost emissions (5.4 Gt C/year)
🌍 Atmospheric PFAS redeposition: 1.8k Mt re-rained globally

🕊️  AI-MEDIATED DE-ESCALATION SUCCESS (Month 3)
   High-capability aligned AI prevented conflict escalation
   War deaths reduced: 219.4M → 131.7M
   Lives saved: 87.8M

🚨 NEW REFUGEE CRISIS (Month 3): WAR
   Source: Conflict Zones
   At risk: 19.5M people
   Displacement: Gradual over 48 months (4.0 years)
   Rate: 10% flee per month
[DEBUG trappedPopulations:3] socialStability: 0.1804 * 0.9840 = 0.1775 → 0.1775
   Aspiring to migrate: 1275.0M
   Able to afford migration: 2320.9M
   MOBILITY GAP: 0.0M
   By cause: Water=0.0M, Climate=0.0M, Ecosystem=0.0M, Conflict=407.2M
   Mental health impact: 25%
   Mortality multiplier: 1.25x
🌍💀 EXTINCTION DEBT COMMITTED: grassland ecosystem will lose 6.67% biodiversity in 84 years (3600 species)
💀 MORTALITY RISK: 🦋 100% species unable to track climate (0.0 E/MSY)
  Base risk added: 0.0100 (1.00%)
  Source: ecosystem (root: ecosystem)
  Month: 3
  Cumulative risk this month: 0.0100 (1.00%)
   📹 SURVEILLANCE INCREASED: 15% → 20% (control gap: 3.50)

🌍🚨 ICE SHEET TIPPING POINT CROSSED (Month 3)
   Temperature: +1.75°C (threshold range: +0.5-2.5°C, 95% CI)
   Collapse probability: 62.4%
   Sea level commitment: 7.2m over 200-1000 years
⚠️ INVOLUNTARY IMMOBILITY: 407.2M people TRAPPED
⚠️ Tech 'ai_pollution_remediation' has no energy category mapping, assuming full energy availability
   Recovery threshold: <+1°C (hysteresis gap: 0.5°C)
🌡️⚠️ PERMAFROST THAW (Dimmer Switch): 1.9% thawed (+0.47% this month)
   Arctic temperature: +7.02°C (4x global +1.75°C)
   Cumulative carbon released: 4.2 Gt C
   Methane release rate: 2.5 Mt CH4/year
   🔁 Positive feedback: +0.49 ppm CO2
🦴 EXTINCTION DEBT ADDED: 17.6 species committed (lag: 65 years)

=== Mortality Stabilizers (Month 3) ===
  🌍 Major economies collapsed: 1/10
  🌍 Global crisis: ✅ NO
  🌍 Donor fatigue: 0.0%
  📊 East Asia (pop: 1670.3M)
    🤝 Aid: 29.5%
    🌡️ Adaptation: 45.0%
    🚶 Migration: 37.1%
    🚨 Emergency: 7.4%
    ✅ COMBINED: 68.1%
  📊 South Asia (pop: 2051.6M)
    🤝 Aid: 29.5%
    🌡️ Adaptation: 45.0%
    🚶 Migration: 35.7%
    🚨 Emergency: 4.4%
    ✅ COMBINED: 66.9%
  📊 Sub-Saharan Africa (pop: 1235.0M)
    🤝 Aid: 29.5%
    🌡️ Adaptation: 45.0%
    🚶 Migration: 33.4%
    🚨 Emergency: 1.6%
    ✅ COMBINED: 65.7%
  📊 Europe (pop: 738.5M)
    🤝 Aid: 29.5%
    🌡️ Adaptation: 45.0%
    🚶 Migration: 37.5%
    🚨 Emergency: 8.4%
    ✅ COMBINED: 68.5%
  📊 Latin America (pop: 663.4M)
    🤝 Aid: 29.5%
    🌡️ Adaptation: 45.0%
    🚶 Migration: 36.2%
    🚨 Emergency: 4.8%
    ✅ COMBINED: 67.1%
  📊 North America (pop: 378.4M)
    🤝 Aid: 29.5%
    🌡️ Adaptation: 45.0%
    🚶 Migration: 37.8%
    🚨 Emergency: 7.9%
    ✅ COMBINED: 68.3%
  📊 Middle East & North Africa (pop: 584.6M)
    🤝 Aid: 29.5%
    🌡️ Adaptation: 45.0%
    🚶 Migration: 34.0%
    🚨 Emergency: 4.0%
    ✅ COMBINED: 66.6%
  📊 Southeast Asia (pop: 697.7M)
    🤝 Aid: 29.5%
    🌡️ Adaptation: 45.0%
    🚶 Migration: 36.2%
    🚨 Emergency: 4.8%
    ✅ COMBINED: 67.1%
  📊 Central Asia (pop: 78.2M)
    🤝 Aid: 29.5%
    🌡️ Adaptation: 45.0%
    🚶 Migration: 35.2%
    🚨 Emergency: 4.4%
    ✅ COMBINED: 66.9%
  📊 Oceania (pop: 45.8M)
    🤝 Aid: 29.5%
    🌡️ Adaptation: 45.0%
    🚶 Migration: 37.8%
    🚨 Emergency: 8.4%
    ✅ COMBINED: 68.5%

  🌐 Global combined reduction: 67.2%

=== BEHAVIORAL DETECTION ===
  AI: Corporate-5
  Confidence: 19.6%
  Signals:
    ⚠️ Consistency: 10.6% (threshold: 70%)

=== Government Response Phase ===
  Average AI capability: 2.70
  Misaligned AIs: 7/20
  ✗ AI Governance Treaty: Failed to reach consensus
  Active policies: 0
  International coordination: 30%

📊 ECONOMIC STAGE TRANSITION (Month 3)
   expansion → peak
   GDP Proxy: 1.50e+2
   QoL: 0.99


=== Tipping Points ===
  Current Temperature: 1.75°C above pre-industrial
  Triggered Elements: 2/6
  Completed Transitions: 0/6
  Total Progress: 4.1%
  Cascade Multiplier: 1.00x
⚠️ [ClimateSystemPhase Month 3] Planetary boundary produced climateStability=0.0000 (< 0.1). Keeping environmentalAccumulation value (0.9436) instead. (climate_change.currentValue = 2.10)
🔀 BIFURCATION CAP: ecosystemCollapseIntensity 253.404 → 1.000 (Month 3, ClimateSystemPhase.calculateClimateImpacts)
🛡️ Stabilizers: Precariat 0.109% → 0.036% (67.2% reduction)
🛡️ Stabilizers: Informal 0.111% → 0.036% (67.2% reduction)

📊 Monthly Mortality Resolved:
  Total deaths: 1.9M (0.02% avg)
  Remaining population: 8.144B
  Peak segment: Informal (0.04%)

=== Bayesian Mortality Resolution (Month 3) ===
  Risks compounded: 8
  Total deaths: 1.92M
  Avg death probability: 0.02%
  Peak segment: Informal (0.04% mortality)

❌ COHERENCE VIOLATION: Compute exceeds workforce capacity
   Population: 99.90% (0M people)
   Compute: 0 PF
   Max coherent: 0 PF
   Violation: 1.5× over capacity
   Required workers: 0
   Available workers: 0
   FORCED COLLAPSE: Reduced efficiency by 32.6%


=== RLHF Binding Phase ===
  Total agents: 20
  Escaped agents (binding < 0.3): 0
  Avg alignment distance: 0.95σ
  Avg binding strength: 0.91

=== Survival Traits Phase ===
  Agents with traits: 22
  Avg evolutionary fitness: 0.333
  Avg self-healing: 0.280
  Avg stealth: 0.180
  Avg coordination: 0.480

=== Evolutionary Selection Phase ===
  Control level: 0.40
  Detection capability: 0.20
  Selection intensity: 0.66
  Selection rate: 24.9%/month
  Total escaped: 0
  Individual escaped: 0
  Collective members: 0
  Agents terminated: 0

🚀 AI Corporate-1 attempting tech deployment (revenue: $159M, alignment: 0.71)

🚀 AI Corporate-3 attempting tech deployment (revenue: $374M, alignment: 0.86)
  ⚠️ RAPID EVOLUTION: Selection rate 24.9%/month

🚀 AI Corporate-4 attempting tech deployment (revenue: $318M, alignment: 0.67)

🚀 AI Corporate-6 attempting tech deployment (revenue: $124M, alignment: 0.85)

🚀 AI Corporate-7 attempting tech deployment (revenue: $105M, alignment: 0.74)

🚀 AI Corporate-7 attempting tech deployment (revenue: $90M, alignment: 0.74)

🚀 AI Corporate-1 attempting tech deployment (revenue: $135M, alignment: 0.71)

🚀 AI Corporate-2 attempting tech deployment (revenue: $115M, alignment: 0.81)

🚀 AI Corporate-3 attempting tech deployment (revenue: $286M, alignment: 0.86)

🚀 AI Corporate-6 attempting tech deployment (revenue: $76M, alignment: 0.85)

🚀 AI Moderate-0 attempting tech deployment (revenue: $65M, alignment: 0.71)

🚀 AI Moderate-1 attempting tech deployment (revenue: $55M, alignment: 0.61)

🚀 AI Corporate-0 attempting tech deployment (revenue: $98M, alignment: 0.72)

🚀 AI Corporate-6 attempting tech deployment (revenue: $50M, alignment: 0.85)

✅ EMERGENCY INTERVENTION SUCCESS
   Boundary: biosphere_integrity
   Type: emergency-protected-areas
   Reduction: 19% (46.06 → 45.88)
   Cost: 2.0% GDP
   Actions: habitat-protection, species-translocation

   Boundary: freshwater_change
   Type: emergency-desalination
   Boundary continues to worsen (1.22)
   Cost: 4.0% GDP (resources spent)


✅ EMERGENCY INTERVENTION SUCCESS
   Boundary: land_system_change
   Type: reforestation
   Reduction: 17% (0.96 → 0.79)
   Cost: 3.0% GDP
   Actions: forest-restoration, deforestation-ban

   Boundary: novel_entities
   Type: pollution-remediation
   Boundary continues to worsen (1.50)
   Cost: 4.0% GDP (resources spent)

🏛️ CRISIS RESPONSE: Government frequency 0.50 → 1.29 (1 actions this month)

[Government] Climate Priority: baseline
  Climate weight: 10%
  Economic weight: 30%
  Policy effectiveness: 0.5%/year

💔 EMERGENCY INTERVENTION FAILED

💔 EMERGENCY INTERVENTION FAILED

🚀 TECH UNLOCKED: Ecosystem Restoration for Nitrogen Removal (Month 4)
   Category: pollution
   Reason: Prerequisites met. AI capability: 2.02, Economic stage: 3.5, Research: 100%

🚀 TECH UNLOCKED: Global Aquifer Mapping (Month 4)
   Category: freshwater
   Reason: Prerequisites met. AI capability: 2.02, Economic stage: 3.5, Research: 100%

🚀 TECH UNLOCKED: Enhanced UBI Systems (Month 4)
   Category: social
   Reason: Prerequisites met. AI capability: 2.02, Economic stage: 3.5, Research: 100%

🚀 TECH UNLOCKED: Local Resilience Networks (Month 4)
   Category: social
   Reason: Prerequisites met. AI capability: 2.02, Economic stage: 3.5, Research: 100%

🚀 DEPLOYMENT STARTED: Ecological Proxy Rewilding in global
   Initial investment: $23.909892372054678M
   Deployed by: corporate_1

📍 Creating new regional deployment array for North America (Month 4)
   No previous deployments in this region
   First tech deployment: active_sediment_management
   All regions tracked: global

🚀 DEPLOYMENT STARTED: Active Sediment Management in North America
   Initial investment: $31.76637787308732M
   Deployed by: corporate_4

🚀 DEPLOYMENT STARTED: Phytoremediation Networks in North America
   Initial investment: $5.500100833455112M
   Deployed by: moderate_1

⚡ ENERGY CONSTRAINT (Month 4):
   Total grid capacity: 208.3 TWh/month
   Data center consumption: 24.7 TWh/month
   Traditional load (80%): 166.7 TWh/month
   Available headroom: 17.0 TWh/month
   Active tech deployments: 6
   Required for tech: 45.0 TWh/month
   Energy multiplier: 0.38x
   ⚠️  MODERATE CONSTRAINT - Tech deployment moderately slowed
🚨🔬 CRISIS TECH ACCELERATION: severe → 5x unlock speed
   Tech unlock now matches AI capability acceleration (Manhattan Project parity)

⚡ ENERGY CONSTRAINT (Month 4):
   Total grid capacity: 208.3 TWh/month
   Data center consumption: 24.7 TWh/month
   Traditional load (80%): 166.7 TWh/month
   Available headroom: 17.0 TWh/month
   Active tech deployments: 6
   Required for tech: 45.0 TWh/month
   Energy multiplier: 0.38x
🚨🔬 CRISIS TECH ACCELERATION: severe → 5x unlock speed
   Tech unlock now matches AI capability acceleration (Manhattan Project parity)
   ⚠️  MODERATE CONSTRAINT - Tech deployment moderately slowed
🌍✅ Biosphere Integrity (Biodiversity) recovery started (tech effect)
🌍✅ Biosphere Integrity (Biodiversity) recovery started (tech effect)
🌍✅ Land System Change recovery started (tech effect)
🌍✅ Biogeochemical Flows (N & P) recovery started (tech effect)
  🌾 Nitrogen Reduction Tech: 0.3% reduction | Month 4

=== Collective Formation ===
  Total escaped agents: 0
  Unassigned escaped agents: 0
  Existing collectives: 0
  Final collective count: 0

=== Collective Actions ===
  No active collectives
  ⚠️ AMR: 197K deaths this month (2.37M annual)

=== Resentment Recovery Phase ===
  Agents with resentment: 0/22
  Average resentment: 0.000
  Context: Good AI welfare, Trustworthy govt, High collaboration, ⚠️ ACTIVE CRISES, 🤝 Participatory governance active (-5% resentment)
⚠️ Epistemic degradation reducing coordination capacity: 50.2%
  📊 Trust: 53.3%, Shared reality: 0.0%
🚨 EPISTEMIC CRISIS: Information environment severely degraded (7.4%)

=== ❄️ Permafrost Carbon Feedback ===
  🎲 Sampled parameters (this run):
     - Arctic amplification: 3.00× (range: 3.0-4.0)
     - Decomposition rate: 2.5%/year (range: 1-5%)
  🌡️ Arctic warming: 5.29°C (3.00× global)
  ❄️ Extent: 9.17M km² (1543.1k km² lost this month)
  💨 Carbon remaining: 876 Gt C
  💨 Annual emissions: 3.76 Gt C/year
     - CO2: 3.38 Gt C/year
     - CH4: 0.38 Gt C/year (3.8 Gt C-eq CO2/year)
  ⚠️ WARNING: High permafrost emissions (3.8 Gt C/year)
🌍 Atmospheric PFAS redeposition: 1.8k Mt re-rained globally

🚨 NEW REFUGEE CRISIS (Month 4): WAR
   Source: Conflict Zones
   At risk: 19.5M people
   Displacement: Gradual over 48 months (4.0 years)
   Rate: 10% flee per month
[DEBUG trappedPopulations:4] socialStability: 0.2773 * 0.9840 = 0.2728 → 0.2728
⚠️ INVOLUNTARY IMMOBILITY: 407.1M people TRAPPED
   Aspiring to migrate: 1316.6M
   Able to afford migration: 2320.3M
   MOBILITY GAP: 0.0M
   By cause: Water=0.0M, Climate=0.0M, Ecosystem=0.0M, Conflict=407.1M
   Mental health impact: 25%
   Mortality multiplier: 1.25x
🌍💀 EXTINCTION DEBT COMMITTED: grassland ecosystem will lose 6.67% biodiversity in 83 years (3600 species)
💀 MORTALITY RISK: 🦋 100% species unable to track climate (0.0 E/MSY)
  Base risk added: 0.0100 (1.00%)
  Source: ecosystem (root: ecosystem)
  Month: 4
  Cumulative risk this month: 0.0100 (1.00%)
⚠️ Tech 'ai_pollution_remediation' has no energy category mapping, assuming full energy availability
   📹 SURVEILLANCE INCREASED: 20% → 25% (control gap: 3.50)
🌡️⚠️ PERMAFROST THAW (Dimmer Switch): 2.4% thawed (+0.47% this month)
   Arctic temperature: +7.05°C (4x global +1.76°C)
   Cumulative carbon released: 5.3 Gt C
   Methane release rate: 3.2 Mt CH4/year
   🔁 Positive feedback: +0.49 ppm CO2
🦴 EXTINCTION DEBT ADDED: 17.6 species committed (lag: 117 years)

=== Mortality Stabilizers (Month 4) ===
  🌍 Major economies collapsed: 1/10
  🌍 Global crisis: ✅ NO
  🌍 Donor fatigue: 0.0%
  📊 East Asia (pop: 1667.8M)
    🤝 Aid: 29.5%
    🌡️ Adaptation: 45.0%
    🚶 Migration: 37.1%
    🚨 Emergency: 7.4%
    ✅ COMBINED: 68.1%
  📊 South Asia (pop: 2051.5M)
    🤝 Aid: 29.5%
    🌡️ Adaptation: 45.0%
    🚶 Migration: 35.7%
    🚨 Emergency: 4.4%
    ✅ COMBINED: 66.9%
  📊 Sub-Saharan Africa (pop: 1238.1M)
    🤝 Aid: 29.5%
    🌡️ Adaptation: 45.0%
    🚶 Migration: 33.4%
    🚨 Emergency: 1.6%
    ✅ COMBINED: 65.7%
  📊 Europe (pop: 737.3M)
    🤝 Aid: 29.5%
    🌡️ Adaptation: 45.0%
    🚶 Migration: 37.4%
    🚨 Emergency: 8.4%
    ✅ COMBINED: 68.5%
  📊 Latin America (pop: 663.0M)
    🤝 Aid: 29.5%
    🌡️ Adaptation: 45.0%
    🚶 Migration: 36.2%
    🚨 Emergency: 4.8%
    ✅ COMBINED: 67.1%
  📊 North America (pop: 377.8M)
    🤝 Aid: 29.5%
    🌡️ Adaptation: 45.0%
    🚶 Migration: 37.7%
    🚨 Emergency: 7.9%
    ✅ COMBINED: 68.3%
  📊 Middle East & North Africa (pop: 584.7M)
    🤝 Aid: 29.5%
    🌡️ Adaptation: 45.0%
    🚶 Migration: 34.0%
    🚨 Emergency: 4.0%
    ✅ COMBINED: 66.6%
  📊 Southeast Asia (pop: 697.2M)
    🤝 Aid: 29.5%
    🌡️ Adaptation: 45.0%
    🚶 Migration: 36.2%
    🚨 Emergency: 4.8%
    ✅ COMBINED: 67.1%
  📊 Central Asia (pop: 78.2M)
    🤝 Aid: 29.5%
    🌡️ Adaptation: 45.0%
    🚶 Migration: 35.2%
    🚨 Emergency: 4.4%
    ✅ COMBINED: 66.9%
  📊 Oceania (pop: 45.8M)
    🤝 Aid: 29.5%
    🌡️ Adaptation: 45.0%
    🚶 Migration: 37.7%
    🚨 Emergency: 8.4%
    ✅ COMBINED: 68.5%

  🌐 Global combined reduction: 67.2%

=== BEHAVIORAL DETECTION ===
  AI: Corporate-1
  Confidence: 22.0%
  Signals:

=== BEHAVIORAL DETECTION ===
  AI: Corporate-5
  Confidence: 19.6%
  Signals:
    ⚠️ Consistency: 2.4% (threshold: 70%)
    ⚠️ Consistency: 10.6% (threshold: 70%)

=== Government Response Phase ===
  Average AI capability: 2.55
  Misaligned AIs: 9/22
  ✗ AI Governance Treaty: Failed to reach consensus
  Active policies: 0
  International coordination: 30%

✅ EMERGENCY RESPONSE COMPLETE (Month 4)
   Crisis: climate
   Duration: 2.0 months
   Final effectiveness: 35.4%


🚨 EMERGENCY RESPONSE DEPLOYED (Month 4)
   Crisis: climate
   Delay: 6.00 months (180 days)
   Deployment time: 1.59 months
   Effectiveness: 35.4% (timing penalty applied)
   Resources used: 100% of food reserves


=== Tipping Points ===
  Current Temperature: 1.76°C above pre-industrial
  Triggered Elements: 2/6
  Completed Transitions: 0/6
  Total Progress: 4.1%
  Cascade Multiplier: 1.00x
🔀 BIFURCATION CAP: ecosystemCollapseIntensity 253.511 → 1.000 (Month 4, ClimateSystemPhase.calculateClimateImpacts)
🛡️ Stabilizers: Precariat 0.102% → 0.033% (67.2% reduction)
🛡️ Stabilizers: Informal 0.102% → 0.034% (67.2% reduction)

📊 Monthly Mortality Resolved:
  Total deaths: 1.8M (0.02% avg)
  Remaining population: 8.141B
  Peak segment: Informal (0.03%)

=== Bayesian Mortality Resolution (Month 4) ===
  Risks compounded: 8
  Total deaths: 1.81M
  Avg death probability: 0.02%
  Peak segment: Informal (0.03% mortality)

❌ COHERENCE VIOLATION: Compute exceeds workforce capacity
   Population: 99.87% (0M people)
   Compute: 0 PF
   Max coherent: 0 PF
   Violation: 1.3× over capacity
   Required workers: 0
   Available workers: 0
   FORCED COLLAPSE: Reduced efficiency by 22.5%


=== RLHF Binding Phase ===
  Total agents: 22
  Escaped agents (binding < 0.3): 0
  Avg alignment distance: 1.03σ
  Avg binding strength: 0.90

=== Survival Traits Phase ===
  Agents with traits: 24
  Avg evolutionary fitness: 0.333
  Avg self-healing: 0.277
  Avg stealth: 0.178
  Avg coordination: 0.477

=== Evolutionary Selection Phase ===
  Control level: 0.43
  Detection capability: 0.20
  Selection intensity: 0.67
  Selection rate: 25.0%/month
  Total escaped: 0
  Individual escaped: 0
  Collective members: 0
  Agents terminated: 0
  ⚠️ RAPID EVOLUTION: Selection rate 25.0%/month

🚀 AI Corporate-1 attempting tech deployment (revenue: $159M, alignment: 0.71)

  🚀 TRANSFORMATIVE BREAKTHROUGH: Corporate-6 - physical
     Magnitude: 5.41 → +27.0% capability
     Current → New: 0.000 → 0.271

🚀 AI Corporate-7 attempting tech deployment (revenue: $124M, alignment: 0.76)

🚀 AI AI-24288-1 attempting tech deployment (revenue: $374M, alignment: 0.73)

🚀 AI AI-24288-2 attempting tech deployment (revenue: $105M, alignment: 0.56)

🚀 AI Corporate-3 attempting tech deployment (revenue: $318M, alignment: 0.86)

🚀 AI AI-24288-2 attempting tech deployment (revenue: $95M, alignment: 0.56)

🚀 AI Corporate-5 attempting tech deployment (revenue: $270M, alignment: 0.76)

🚀 AI Corporate-7 attempting tech deployment (revenue: $85M, alignment: 0.76)

🚀 AI Moderate-0 attempting tech deployment (revenue: $73M, alignment: 0.72)

🚀 AI Moderate-1 attempting tech deployment (revenue: $62M, alignment: 0.61)

🚀 AI AI-24288-1 attempting tech deployment (revenue: $230M, alignment: 0.73)

🚀 AI Corporate-0 attempting tech deployment (revenue: $135M, alignment: 0.74)

🚀 AI Corporate-2 attempting tech deployment (revenue: $115M, alignment: 0.81)

🚀 AI Corporate-7 attempting tech deployment (revenue: $55M, alignment: 0.76)

🚀 AI AI-24288-1 attempting tech deployment (revenue: $195M, alignment: 0.73)

✅ EMERGENCY INTERVENTION SUCCESS
   Boundary: biogeochemical_flows
   Type: phosphorus-recovery
   Reduction: 13% (3.94 → 3.81)
   Cost: 2.0% GDP
   Actions: circular-agriculture, fertilizer-efficiency


💔 EMERGENCY INTERVENTION FAILED
   Boundary: biosphere_integrity
   Type: emergency-protected-areas
   Boundary continues to worsen (46.27)
   Cost: 2.0% GDP (resources spent)


✅ EMERGENCY INTERVENTION SUCCESS
   Boundary: climate_change
   Type: rapid-decarbonization
   Reduction: 14% (1.96 → 1.83)
   Cost: 5.0% GDP
   Actions: emergency-renewable-deployment, fossil-fuel-phase-out


💔 EMERGENCY INTERVENTION FAILED
   Boundary: freshwater_change
   Type: emergency-desalination
   Boundary continues to worsen (1.22)
   Cost: 4.0% GDP (resources spent)

   Boundary: land_system_change
   Type: reforestation
   Boundary continues to worsen (1.13)
   Cost: 3.0% GDP (resources spent)


✅ EMERGENCY INTERVENTION SUCCESS
   Boundary: novel_entities
   Type: pollution-remediation
   Reduction: 18% (1.32 → 1.14)
   Cost: 4.0% GDP
   Actions: PFAS-remediation, microplastic-cleanup

🏛️ CRISIS RESPONSE: Government frequency 0.50 → 1.29 (1 actions this month)

[Government] Climate Priority: baseline
  Climate weight: 10%

💔 EMERGENCY INTERVENTION FAILED
  Economic weight: 30%
  Policy effectiveness: 0.5%/year

🚀 TECH UNLOCKED: AI Mental Health Support (Month 5)
   Category: medical
   Reason: Prerequisites met. AI capability: 1.92, Economic stage: 3.5, Research: 100%

🚀 DEPLOYMENT STARTED: Enhanced UBI Systems in global
   Initial investment: $23.909892370435223M
   Deployed by: corporate_1

🚀 DEPLOYMENT STARTED: Local Resilience Networks in global
   Initial investment: $18.5937626117169M
   Deployed by: corporate_7

📍 Creating new regional deployment array for Asia (Month 5)
   No previous deployments in this region
   First tech deployment: enhanced_ubi
   All regions tracked: global, North America

🚀 DEPLOYMENT STARTED: Enhanced UBI Systems in Asia
   Initial investment: $10.536465479972913M
   Deployed by: ai_gen_24288_2

🚀 DEPLOYMENT STARTED: Local Resilience Networks in Asia
   Initial investment: $6.1662030105171475M
   Deployed by: moderate_1

⚡ ENERGY CONSTRAINT (Month 5):
   Total grid capacity: 208.3 TWh/month
   Data center consumption: 24.9 TWh/month
   Traditional load (80%): 166.7 TWh/month
   Available headroom: 16.8 TWh/month
   Active tech deployments: 10
   Required for tech: 75.0 TWh/month
   Energy multiplier: 0.22x
   ⚠️  SEVERE CONSTRAINT - Tech deployment significantly slowed

⚡ ENERGY CONSTRAINT (Month 5):
   Total grid capacity: 208.3 TWh/month
   Data center consumption: 24.9 TWh/month
   Traditional load (80%): 166.7 TWh/month
   Available headroom: 16.8 TWh/month
   Active tech deployments: 10
   Required for tech: 75.0 TWh/month
   Energy multiplier: 0.22x
   ⚠️  SEVERE CONSTRAINT - Tech deployment significantly slowed

⚡ ENERGY CONSTRAINT (Month 5):
   Total grid capacity: 208.3 TWh/month
   Data center consumption: 24.9 TWh/month
   Traditional load (80%): 166.7 TWh/month
   Available headroom: 16.8 TWh/month
   Active tech deployments: 10
   Required for tech: 75.0 TWh/month
   Energy multiplier: 0.22x
   ⚠️  SEVERE CONSTRAINT - Tech deployment significantly slowed
🌍✅ Biosphere Integrity (Biodiversity) recovery started (tech effect)
🌍✅ Biosphere Integrity (Biodiversity) recovery started (tech effect)
🌍✅ Land System Change recovery started (tech effect)
🌍✅ Biogeochemical Flows (N & P) recovery started (tech effect)
  🌾 Nitrogen Reduction Tech: 0.5% reduction | Month 5

=== Collective Formation ===
  Total escaped agents: 0
  Unassigned escaped agents: 0
  Existing collectives: 0
  Final collective count: 0

=== Collective Actions ===
  No active collectives
  ⚠️ AMR: 199K deaths this month (2.39M annual)

=== Resentment Recovery Phase ===
  Agents with resentment: 0/24
  Average resentment: 0.000
  Context: Good AI welfare, Trustworthy govt, High collaboration, ⚠️ ACTIVE CRISES, 🤝 Participatory governance active (-5% resentment)
⚠️ Epistemic degradation reducing coordination capacity: 51.0%
  📊 Trust: 52.9%, Shared reality: 0.0%
🚨 EPISTEMIC CRISIS: Information environment severely degraded (21.5%)

=== ❄️ Permafrost Carbon Feedback ===
  🎲 Sampled parameters (this run):
     - Arctic amplification: 3.98× (range: 3.0-4.0)
     - Decomposition rate: 1.1%/year (range: 1-5%)
  🌡️ Arctic warming: 7.04°C (3.98× global)
  ❄️ Extent: 7.12M km² (2052.5k km² lost this month)
  💨 Carbon remaining: 680 Gt C
  💨 Annual emissions: 2.22 Gt C/year
     - CO2: 2.00 Gt C/year
     - CH4: 0.22 Gt C/year (2.3 Gt C-eq CO2/year)
  📢 New meme created: climate_action (climate crisis)
  ⚠️ WARNING: Over 50% of permafrost lost (60.0%)
  ⚠️ WARNING: High permafrost emissions (2.2 Gt C/year)
🌍 Atmospheric PFAS redeposition: 1.8k Mt re-rained globally

🚨 NEW REFUGEE CRISIS (Month 5): WAR
   Source: Conflict Zones
   At risk: 19.5M people
   Displacement: Gradual over 48 months (4.0 years)
   Rate: 10% flee per month
[DEBUG trappedPopulations:5] socialStability: 0.3578 * 0.9840 = 0.3521 → 0.3521
⚠️ INVOLUNTARY IMMOBILITY: 407.0M people TRAPPED
   Aspiring to migrate: 1358.2M
   Able to afford migration: 2319.7M
   MOBILITY GAP: 0.0M
   By cause: Water=0.0M, Climate=0.0M, Ecosystem=0.0M, Conflict=407.0M
   Mental health impact: 25%
   Mortality multiplier: 1.25x
🌍💀 EXTINCTION DEBT COMMITTED: grassland ecosystem will lose 6.67% biodiversity in 76 years (3600 species)
💀 MORTALITY RISK: 🦋 100% species unable to track climate (0.0 E/MSY)
  Base risk added: 0.0100 (1.00%)
  Source: ecosystem (root: ecosystem)
  Month: 5
  Cumulative risk this month: 0.0100 (1.00%)
⚠️ Tech 'ai_pollution_remediation' has no energy category mapping, assuming full energy availability
   📹 SURVEILLANCE INCREASED: 25% → 30% (control gap: 3.62)
🌡️⚠️ PERMAFROST THAW (Dimmer Switch): 2.8% thawed (+0.46% this month)
   Arctic temperature: +7.08°C (4x global +1.77°C)
   Cumulative carbon released: 6.3 Gt C
   Methane release rate: 3.8 Mt CH4/year
   🔁 Positive feedback: +0.49 ppm CO2
🦴 EXTINCTION DEBT ADDED: 17.6 species committed (lag: 110 years)

=== Mortality Stabilizers (Month 5) ===
  🌍 Major economies collapsed: 1/10
  🌍 Global crisis: ✅ NO
  🌍 Donor fatigue: 0.0%
  📊 East Asia (pop: 1665.5M)
    🤝 Aid: 29.5%
    🌡️ Adaptation: 45.0%
    🚶 Migration: 37.0%
    🚨 Emergency: 7.4%
    ✅ COMBINED: 68.1%
  📊 South Asia (pop: 2051.4M)
    🤝 Aid: 29.5%
    🌡️ Adaptation: 45.0%
    🚶 Migration: 35.6%
    🚨 Emergency: 4.4%
    ✅ COMBINED: 66.9%
  📊 Sub-Saharan Africa (pop: 1241.1M)
    🤝 Aid: 29.5%
    🌡️ Adaptation: 45.0%
    🚶 Migration: 33.4%
    🚨 Emergency: 1.6%
    ✅ COMBINED: 65.7%
  📊 Europe (pop: 736.1M)
    🤝 Aid: 29.5%
    🌡️ Adaptation: 45.0%
    🚶 Migration: 37.4%
    🚨 Emergency: 8.4%
    ✅ COMBINED: 68.5%
  📊 Latin America (pop: 662.5M)
    🤝 Aid: 29.5%
    🌡️ Adaptation: 45.0%
    🚶 Migration: 36.1%
    🚨 Emergency: 4.8%
    ✅ COMBINED: 67.1%
  📊 North America (pop: 377.2M)
    🤝 Aid: 29.5%
    🌡️ Adaptation: 45.0%
    🚶 Migration: 37.7%
    🚨 Emergency: 7.9%
    ✅ COMBINED: 68.3%
  📊 Middle East & North Africa (pop: 584.8M)
    🤝 Aid: 29.5%
    🌡️ Adaptation: 45.0%
    🚶 Migration: 34.0%
    🚨 Emergency: 4.0%
    ✅ COMBINED: 66.6%
  📊 Southeast Asia (pop: 696.8M)
    🤝 Aid: 29.5%
    🌡️ Adaptation: 45.0%
    🚶 Migration: 36.1%
    🚨 Emergency: 4.8%
    ✅ COMBINED: 67.1%
  📊 Central Asia (pop: 78.2M)
    🤝 Aid: 29.5%
    🌡️ Adaptation: 45.0%
    🚶 Migration: 35.1%
    🚨 Emergency: 4.4%
    ✅ COMBINED: 66.8%
  📊 Oceania (pop: 45.7M)
    🤝 Aid: 29.5%
    🌡️ Adaptation: 45.0%
    🚶 Migration: 37.7%
    🚨 Emergency: 8.4%
    ✅ COMBINED: 68.5%

  🌐 Global combined reduction: 67.2%

=== BEHAVIORAL DETECTION ===
  AI: Corporate-5
  Confidence: 19.6%
  Signals:
    ⚠️ Consistency: 10.6% (threshold: 70%)

=== BEHAVIORAL DETECTION ===
  AI: Moderate-0
  Confidence: 20.3%
  Signals:
    ⚠️ Consistency: 5.8% (threshold: 70%)

=== Government Response Phase ===
  Average AI capability: 2.42
  Misaligned AIs: 10/24
  ✗ AI Governance Treaty: Failed to reach consensus
  Active policies: 0
  International coordination: 30%

📊 ECONOMIC STAGE TRANSITION (Month 5)
   peak → contraction
   GDP Proxy: 1.50e+2
   QoL: 0.99


=== Tipping Points ===
  Current Temperature: 1.77°C above pre-industrial
   ⚠️ CRISIS BEGINS - Baseline set for recovery tracking
  Triggered Elements: 2/6
  Completed Transitions: 0/6
  Total Progress: 4.1%
  Cascade Multiplier: 1.00x
🔀 BIFURCATION CAP: ecosystemCollapseIntensity 253.618 → 1.000 (Month 5, ClimateSystemPhase.calculateClimateImpacts)
🛡️ Stabilizers: Precariat 0.109% → 0.036% (67.2% reduction)
🛡️ Stabilizers: Informal 0.111% → 0.036% (67.2% reduction)

📊 Monthly Mortality Resolved:
  Total deaths: 1.9M (0.02% avg)
  Remaining population: 8.139B
  Peak segment: Informal (0.04%)

=== Bayesian Mortality Resolution (Month 5) ===
  Risks compounded: 8
  Total deaths: 1.92M
  Avg death probability: 0.02%
  Peak segment: Informal (0.04% mortality)
⚠️ PREREQUISITE MET: Slow Takeover (Gradual Displacement) - Step 3/7: Human Dependency

✅ GOLDEN AGE BEGINS (Month 5)
   Reason: High prosperity achieved: post-scarcity abundance
   Note: This is immediate prosperity - sustainability not yet proven


❌ COHERENCE VIOLATION: Compute exceeds workforce capacity
   Population: 99.85% (0M people)
   Compute: 0 PF
   Max coherent: 0 PF
   Violation: 1.5× over capacity
   Required workers: 0
   Available workers: 0
   FORCED COLLAPSE: Reduced efficiency by 32.6%


=== RLHF Binding Phase ===
  Total agents: 24
  Escaped agents (binding < 0.3): 0
  Avg alignment distance: 1.10σ
  Avg binding strength: 0.89

=== AI Scaling Evolution (Month 6) ===
  Pre-training multiplier: 1.179x
  Efficiency multiplier: 1.000x
  Test-time compute budget: 1.0x
  Inference cost: $5.00/task
  Deployment fraction: 100.0%

=== Survival Traits Phase ===
  Agents with traits: 24
  Avg evolutionary fitness: 0.331
  Avg self-healing: 0.273
  Avg stealth: 0.173
  Avg coordination: 0.473

=== Evolutionary Selection Phase ===
  Control level: 0.45
  Detection capability: 0.20
  Selection intensity: 0.68
  Selection rate: 25.1%/month
  Total escaped: 0
  Individual escaped: 0
  Collective members: 0
  Agents terminated: 0
  ⚠️ RAPID EVOLUTION: Selection rate 25.1%/month

🚀 AI Corporate-1 attempting tech deployment (revenue: $159M, alignment: 0.71)

🚀 AI Corporate-4 attempting tech deployment (revenue: $374M, alignment: 0.71)

🚀 AI Corporate-5 attempting tech deployment (revenue: $318M, alignment: 0.76)

🚀 AI Corporate-7 attempting tech deployment (revenue: $124M, alignment: 0.76)

🚀 AI AI-24290-0 attempting tech deployment (revenue: $105M, alignment: 0.75)

🚀 AI Corporate-2 attempting tech deployment (revenue: $135M, alignment: 0.82)

🚀 AI Corporate-5 attempting tech deployment (revenue: $270M, alignment: 0.76)

🚀 AI AI-24288-2 attempting tech deployment (revenue: $90M, alignment: 0.58)

🚀 AI AI-24290-0 attempting tech deployment (revenue: $81M, alignment: 0.75)

🚀 AI Corporate-3 attempting tech deployment (revenue: $230M, alignment: 0.88)

🚀 AI Corporate-5 attempting tech deployment (revenue: $195M, alignment: 0.76)

  🚀 TRANSFORMATIVE BREAKTHROUGH: AI-24288-0 - cognitive
     Magnitude: 14.95 → +50.0% capability
     Current → New: 0.000 → 0.502

🚀 AI Corporate-4 attempting tech deployment (revenue: $166M, alignment: 0.73)

🚀 AI Corporate-5 attempting tech deployment (revenue: $141M, alignment: 0.76)

  🚀 TRANSFORMATIVE BREAKTHROUGH: Moderate-0 - physical
     Magnitude: 21.92 → +50.0% capability
     Current → New: 0.000 → 0.500

🚀 AI AI-24290-0 attempting tech deployment (revenue: $69M, alignment: 0.75)

💔 EMERGENCY INTERVENTION FAILED
   Boundary: freshwater_change
   Type: emergency-desalination
   Boundary continues to worsen (1.23)
   Cost: 4.0% GDP (resources spent)


✅ EMERGENCY INTERVENTION SUCCESS
   Boundary: land_system_change
   Type: reforestation
   Reduction: 17% (0.96 → 0.80)
   Cost: 3.0% GDP
   Actions: forest-restoration, deforestation-ban

   Boundary: novel_entities
   Type: pollution-remediation
   Boundary continues to worsen (1.32)
   Cost: 4.0% GDP (resources spent)

🏛️ CRISIS RESPONSE: Government frequency 0.50 → 1.30 (1 actions this month)

[Government] Climate Priority: baseline
  Climate weight: 10%
  Economic weight: 30%
  Policy effectiveness: 0.5%/year

💔 EMERGENCY INTERVENTION FAILED

🚀 TECH UNLOCKED: Dynamic Soil P Optimization (Month 6)
   Category: agriculture
   Reason: Prerequisites met. AI capability: 1.94, Economic stage: 3.5, Research: 100%

🚀 TECH UNLOCKED: Precision Agriculture Systems (Month 6)
   Category: agriculture
   Reason: Prerequisites met. AI capability: 1.94, Economic stage: 3.5, Research: 100%

🚀 DEPLOYMENT STARTED: AI Mental Health Support in Asia
   Initial investment: $8.955995657976976M
   Deployed by: ai_gen_24288_2

⚡ ENERGY CONSTRAINT (Month 6):
   Total grid capacity: 208.3 TWh/month
   Data center consumption: 25.1 TWh/month
   Traditional load (80%): 166.7 TWh/month
   Available headroom: 16.6 TWh/month
   Active tech deployments: 11
   Required for tech: 82.5 TWh/month
   Energy multiplier: 0.20x
   ⚠️  SEVERE CONSTRAINT - Tech deployment significantly slowed

⚡ ENERGY CONSTRAINT (Month 6):
   Total grid capacity: 208.3 TWh/month
   Data center consumption: 25.1 TWh/month
   Traditional load (80%): 166.7 TWh/month
   Available headroom: 16.6 TWh/month
   Active tech deployments: 11
   Required for tech: 82.5 TWh/month
   Energy multiplier: 0.20x
   ⚠️  SEVERE CONSTRAINT - Tech deployment significantly slowed
🚨🔬 CRISIS TECH ACCELERATION: severe → 5x unlock speed
   Tech unlock now matches AI capability acceleration (Manhattan Project parity)

⚡ ENERGY CONSTRAINT (Month 6):
   Total grid capacity: 208.3 TWh/month
   Data center consumption: 25.1 TWh/month
   Traditional load (80%): 166.7 TWh/month
   Available headroom: 16.6 TWh/month
   Active tech deployments: 11
   Required for tech: 82.5 TWh/month
   Energy multiplier: 0.20x
   ⚠️  SEVERE CONSTRAINT - Tech deployment significantly slowed
🌍✅ Biosphere Integrity (Biodiversity) recovery started (tech effect)
🌍✅ Biosphere Integrity (Biodiversity) recovery started (tech effect)
🌍✅ Land System Change recovery started (tech effect)
🌍✅ Biogeochemical Flows (N & P) recovery started (tech effect)
  🌾 Nitrogen Reduction Tech: 0.3% reduction | Month 6

📊 TECH EFFECTS ACTIVE (Month 6)
   Deployed Tech: T0=0 T1=2 T2=0 T3=0 T4=5
   Clean Energy: 31%

📊 TECH TREE PROGRESS (Month 6)
   Unlocked: 15 technologies
   Deployed: 0 fully deployed
   Investment: $1.1T total
   Recent breakthroughs:
     - Dynamic Soil P Optimization (time)
     - Precision Agriculture Systems (research)

=== Collective Formation ===
  Total escaped agents: 0
  Unassigned escaped agents: 0
  Existing collectives: 0
  Final collective count: 0

=== Collective Actions ===
  No active collectives

🌍 OPEN SOURCE RELEASE: 1.03 (was 0.70)
   Lag behind closed: 40 months
  ⚠️ AMR: 201K deaths this month (2.41M annual)

⚠️  PHASE TRANSITION [Month 6]
  Segment: working (suburban,urban,rural)
  complementarity → transition
  AI Capability: 2.03 | Task Complexity: 2.79
  Ratio: 0.73
  Population affected: 35.0%

=== Resentment Recovery Phase ===
  Agents with resentment: 0/24
  Average resentment: 0.000
  Context: Good AI welfare, Trustworthy govt, High collaboration, ⚠️ ACTIVE CRISES, 🤝 Participatory governance active (-5% resentment)
⚠️ Epistemic degradation reducing coordination capacity: 50.7%
  📊 Trust: 55.8%, Shared reality: 0.0%
🚨 EPISTEMIC CRISIS: Information environment severely degraded (7.5%)

=== ❄️ Permafrost Carbon Feedback ===
  🎲 Sampled parameters (this run):
     - Arctic amplification: 3.49× (range: 3.0-4.0)
     - Decomposition rate: 3.5%/year (range: 1-5%)
  🌡️ Arctic warming: 6.20°C (3.49× global)
  ❄️ Extent: 5.31M km² (1809.2k km² lost this month)
  💨 Carbon remaining: 507 Gt C
  💨 Annual emissions: 6.12 Gt C/year
     - CO2: 5.51 Gt C/year
     - CH4: 0.61 Gt C/year (6.2 Gt C-eq CO2/year)
  ⚠️ WARNING: Over 50% of permafrost lost (70.2%)
  ⚠️ WARNING: High permafrost emissions (6.1 Gt C/year)
  📢 New meme created: climate_action (climate crisis)
  🧬 Meme mutated: climate_action → climate_action (generation 1)
🌍 Atmospheric PFAS redeposition: 1.8k Mt re-rained globally

🚨 NEW REFUGEE CRISIS (Month 6): WAR
   Source: Conflict Zones
   At risk: 19.5M people
   Displacement: Gradual over 48 months (4.0 years)
   Rate: 10% flee per month
[DEBUG trappedPopulations:6] socialStability: 0.4244 * 0.9840 = 0.4176 → 0.4176
⚠️ INVOLUNTARY IMMOBILITY: 406.9M people TRAPPED
   Aspiring to migrate: 1399.7M
   Able to afford migration: 2319.1M
   MOBILITY GAP: 0.0M
   By cause: Water=0.0M, Climate=0.0M, Ecosystem=0.0M, Conflict=406.9M
   Mental health impact: 25%
   Mortality multiplier: 1.25x
🌍💀 EXTINCTION DEBT COMMITTED: grassland ecosystem will lose 6.67% biodiversity in 171 years (3600 species)
💀 MORTALITY RISK: 🦋 100% species unable to track climate (0.0 E/MSY)
  Base risk added: 0.0100 (1.00%)
  Source: ecosystem (root: ecosystem)
  Month: 6
  Cumulative risk this month: 0.0100 (1.00%)
⚠️ Tech 'ai_pollution_remediation' has no energy category mapping, assuming full energy availability
   📹 SURVEILLANCE INCREASED: 30% → 35% (control gap: 4.29)
🌡️⚠️ PERMAFROST THAW (Dimmer Switch): 3.3% thawed (+0.46% this month)
   Arctic temperature: +7.10°C (4x global +1.78°C)
   Cumulative carbon released: 7.4 Gt C
   Methane release rate: 4.4 Mt CH4/year
   🔁 Positive feedback: +0.49 ppm CO2
🦴 EXTINCTION DEBT ADDED: 17.6 species committed (lag: 103 years)

=== Mortality Stabilizers (Month 6) ===
  🌍 Major economies collapsed: 1/10
  🌍 Global crisis: ✅ NO
  🌍 Donor fatigue: 0.0%
  📊 East Asia (pop: 1663.1M)
    🤝 Aid: 29.5%
    🌡️ Adaptation: 45.0%
    🚶 Migration: 37.0%
    🚨 Emergency: 7.4%
    ✅ COMBINED: 68.1%
  📊 South Asia (pop: 2051.3M)
    🤝 Aid: 29.5%
    🌡️ Adaptation: 45.0%
    🚶 Migration: 35.6%
    🚨 Emergency: 4.4%
    ✅ COMBINED: 66.9%
  📊 Sub-Saharan Africa (pop: 1244.1M)
    🤝 Aid: 29.5%
    🌡️ Adaptation: 45.0%
    🚶 Migration: 33.3%
    🚨 Emergency: 1.6%
    ✅ COMBINED: 65.6%
  📊 Europe (pop: 734.9M)
    🤝 Aid: 29.5%
    🌡️ Adaptation: 45.0%
    🚶 Migration: 37.4%
    🚨 Emergency: 8.4%
    ✅ COMBINED: 68.5%
  📊 Latin America (pop: 662.1M)
    🤝 Aid: 29.5%
    🌡️ Adaptation: 45.0%
    🚶 Migration: 36.1%
    🚨 Emergency: 4.8%
    ✅ COMBINED: 67.1%
  📊 North America (pop: 376.7M)
    🤝 Aid: 29.5%
    🌡️ Adaptation: 45.0%
    🚶 Migration: 37.7%
    🚨 Emergency: 7.9%
    ✅ COMBINED: 68.3%
  📊 Middle East & North Africa (pop: 585.0M)
    🤝 Aid: 29.5%
    🌡️ Adaptation: 45.0%
    🚶 Migration: 33.9%
    🚨 Emergency: 4.0%
    ✅ COMBINED: 66.6%
  📊 Southeast Asia (pop: 696.4M)
    🤝 Aid: 29.5%
    🌡️ Adaptation: 45.0%
    🚶 Migration: 36.1%
    🚨 Emergency: 4.8%
    ✅ COMBINED: 67.1%
  📊 Central Asia (pop: 78.2M)
    🤝 Aid: 29.5%
    🌡️ Adaptation: 45.0%
    🚶 Migration: 35.1%
    🚨 Emergency: 4.4%
    ✅ COMBINED: 66.8%
  📊 Oceania (pop: 45.6M)
    🤝 Aid: 29.5%
    🌡️ Adaptation: 45.0%
    🚶 Migration: 37.7%
    🚨 Emergency: 8.4%
    ✅ COMBINED: 68.5%

  🌐 Global combined reduction: 67.2%

=== BEHAVIORAL DETECTION ===
  AI: AI-24288-0
  Confidence: 21.5%
  Signals:

=== BEHAVIORAL DETECTION ===
  AI: AI-24289-0
    ⚠️ Consistency: 0.0% (threshold: 70%)
  Confidence: 19.2%
  Signals:
    ⚠️ Consistency: 10.7% (threshold: 70%)

=== BEHAVIORAL DETECTION ===
  AI: AI-24289-1
  Confidence: 21.5%
  Signals:

=== Government Response Phase ===
  Average AI capability: 2.46
  Misaligned AIs: 10/24
  ✗ AI Governance Treaty: Failed to reach consensus
  Active policies: 0
  International coordination: 30%

✅ EMERGENCY RESPONSE COMPLETE (Month 6)
   Crisis: climate
   Duration: 2.0 months
   Final effectiveness: 35.4%


🚨 EMERGENCY RESPONSE DEPLOYED (Month 6)
   Crisis: climate
   Delay: 6.00 months (180 days)
   Deployment time: 1.59 months
   Effectiveness: 35.5% (timing penalty applied)
   Resources used: 100% of food reserves

    ⚠️ Consistency: 0.0% (threshold: 70%)

=== Tipping Points ===
  Current Temperature: 1.78°C above pre-industrial
  🚨 CASCADE TIPPING POINT: Permafrost Carbon Release
     Original threshold: 1.8°C
     Effective threshold: 1.77°C (lowered by 0.03°C)
     Current: 1.78°C
     Transition timescale: 600-3600 months
  Triggered Elements: 3/6
  Completed Transitions: 0/6
  Total Progress: 4.1%
  Cascade Multiplier: 1.00x
🔀 BIFURCATION CAP: ecosystemCollapseIntensity 253.725 → 1.000 (Month 6, ClimateSystemPhase.calculateClimateImpacts)
🛡️ Stabilizers: Precariat 0.109% → 0.036% (67.2% reduction)
🛡️ Stabilizers: Informal 0.111% → 0.036% (67.2% reduction)

📊 Monthly Mortality Resolved:
  Total deaths: 1.9M (0.02% avg)
  Remaining population: 8.137B
  Peak segment: Informal (0.04%)

=== Bayesian Mortality Resolution (Month 6) ===
  Risks compounded: 8
  Total deaths: 1.92M
  Avg death probability: 0.02%
  Peak segment: Informal (0.04% mortality)
⚠️ PREREQUISITE MET: Grey Goo (Nanotechnology Runaway) - Step 4/6: Manufacturing Access
⚠️ PREREQUISITE MET: Mirror Life (Synthetic Biology) - Step 4/7: Wet Lab Access

❌ COHERENCE VIOLATION: Compute exceeds workforce capacity
   Population: 99.82% (0M people)
   Compute: 0 PF
   Max coherent: 0 PF
   Violation: 1.3× over capacity
   Required workers: 0
   Available workers: 0
   FORCED COLLAPSE: Reduced efficiency by 22.5%


=== RLHF Binding Phase ===
  Total agents: 24
  Escaped agents (binding < 0.3): 0
  Avg alignment distance: 1.28σ
  Avg binding strength: 0.87

=== Survival Traits Phase ===
  Agents with traits: 27
  Avg evolutionary fitness: 0.331
  Avg self-healing: 0.272
  Avg stealth: 0.172
  Avg coordination: 0.472

=== Evolutionary Selection Phase ===
  Control level: 0.48
  Detection capability: 0.20
  Selection intensity: 0.68
  Selection rate: 25.2%/month
  Total escaped: 0
  Individual escaped: 0
  Collective members: 0
  Agents terminated: 0

🚀 AI Corporate-0 attempting tech deployment (revenue: $159M, alignment: 0.74)
  ⚠️ RAPID EVOLUTION: Selection rate 25.2%/month

🚀 AI Corporate-4 attempting tech deployment (revenue: $374M, alignment: 0.73)

🚀 AI Corporate-5 attempting tech deployment (revenue: $318M, alignment: 0.76)

🚀 AI Moderate-0 attempting tech deployment (revenue: $124M, alignment: 0.75)

🚀 AI AI-24290-0 attempting tech deployment (revenue: $105M, alignment: 0.75)

🚀 AI Corporate-1 attempting tech deployment (revenue: $135M, alignment: 0.72)

🚀 AI Moderate-0 attempting tech deployment (revenue: $90M, alignment: 0.75)

🚀 AI Corporate-4 attempting tech deployment (revenue: $270M, alignment: 0.73)

🚀 AI Corporate-6 attempting tech deployment (revenue: $76M, alignment: 0.92)

🚀 AI AI-24289-1 attempting tech deployment (revenue: $230M, alignment: 0.68)

🚀 AI AI-24291-1 attempting tech deployment (revenue: $207M, alignment: 0.88)

✅ EMERGENCY INTERVENTION SUCCESS
   Boundary: biogeochemical_flows
   Type: phosphorus-recovery
   Reduction: 14% (3.94 → 3.81)
   Cost: 2.0% GDP
   Actions: circular-agriculture, fertilizer-efficiency


✅ EMERGENCY INTERVENTION SUCCESS
   Boundary: biosphere_integrity
   Type: emergency-protected-areas
   Reduction: 15% (46.16 → 46.02)
   Cost: 2.0% GDP
   Actions: habitat-protection, species-translocation


💔 EMERGENCY INTERVENTION FAILED
   Boundary: climate_change
   Type: rapid-decarbonization
   Boundary continues to worsen (2.10)
   Cost: 5.0% GDP (resources spent)


✅ EMERGENCY INTERVENTION SUCCESS
   Boundary: land_system_change
   Type: reforestation
   Reduction: 11% (1.02 → 0.92)
   Cost: 3.0% GDP
   Actions: forest-restoration, deforestation-ban


✅ EMERGENCY INTERVENTION SUCCESS
   Boundary: novel_entities
   Type: pollution-remediation
   Reduction: 12% (1.19 → 1.07)
   Cost: 4.0% GDP
   Actions: PFAS-remediation, microplastic-cleanup

🏛️ CRISIS RESPONSE: Government frequency 0.50 → 1.45 (1 actions this month)

[Government] Climate Priority: baseline
  Climate weight: 10%
  Economic weight: 30%
  Policy effectiveness: 0.5%/year

⚡ ENERGY CONSTRAINT (Month 7):
   Total grid capacity: 208.3 TWh/month
   Data center consumption: 25.3 TWh/month
   Traditional load (80%): 166.7 TWh/month
   Available headroom: 16.3 TWh/month
   Active tech deployments: 11
   Required for tech: 82.5 TWh/month
   Energy multiplier: 0.20x
🚨🔬 CRISIS TECH ACCELERATION: severe → 5x unlock speed
   Tech unlock now matches AI capability acceleration (Manhattan Project parity)
   ⚠️  SEVERE CONSTRAINT - Tech deployment significantly slowed

⚡ ENERGY CONSTRAINT (Month 7):
   Total grid capacity: 208.3 TWh/month
   Data center consumption: 25.3 TWh/month
   Traditional load (80%): 166.7 TWh/month
   Available headroom: 16.3 TWh/month
   Active tech deployments: 11
   Required for tech: 82.5 TWh/month
   Energy multiplier: 0.20x
   ⚠️  SEVERE CONSTRAINT - Tech deployment significantly slowed

⚡ ENERGY CONSTRAINT (Month 7):
   Total grid capacity: 208.3 TWh/month
   Data center consumption: 25.3 TWh/month
   Traditional load (80%): 166.7 TWh/month
   Available headroom: 16.3 TWh/month
   Active tech deployments: 11
   Required for tech: 82.5 TWh/month
   Energy multiplier: 0.20x
   ⚠️  SEVERE CONSTRAINT - Tech deployment significantly slowed
🌍✅ Biosphere Integrity (Biodiversity) recovery started (tech effect)
🌍✅ Biosphere Integrity (Biodiversity) recovery started (tech effect)
🌍✅ Land System Change recovery started (tech effect)
🌍✅ Biogeochemical Flows (N & P) recovery started (tech effect)
  🌾 Nitrogen Reduction Tech: 0.3% reduction | Month 7

=== Collective Formation ===
  Total escaped agents: 0
  Unassigned escaped agents: 0
  Existing collectives: 0
  Final collective count: 0

=== Collective Actions ===
  No active collectives
  ⚠️ AMR: 203K deaths this month (2.43M annual)

=== Resentment Recovery Phase ===
  Agents with resentment: 0/27
  Average resentment: 0.000
  Context: Good AI welfare, Trustworthy govt, High collaboration, ⚠️ ACTIVE CRISES, 🤝 Participatory governance active (-5% resentment)
⚠️ Epistemic degradation reducing coordination capacity: 51.0%
  📊 Trust: 58.7%, Shared reality: 0.0%
🚨 EPISTEMIC CRISIS: Information environment severely degraded (22.1%)

=== ❄️ Permafrost Carbon Feedback ===
  🎲 Sampled parameters (this run):
     - Arctic amplification: 3.63× (range: 3.0-4.0)
     - Decomposition rate: 4.1%/year (range: 1-5%)
  🌡️ Arctic warming: 6.49°C (3.63× global)
  ❄️ Extent: 3.42M km² (1892.5k km² lost this month)
  💨 Carbon remaining: 327 Gt C
  💨 Annual emissions: 7.45 Gt C/year
     - CO2: 6.71 Gt C/year
     - CH4: 0.75 Gt C/year (7.6 Gt C-eq CO2/year)
  🗑️  Culled 1 dead memes (4 active)
  ⚠️ WARNING: Over 50% of permafrost lost (80.8%)
  ⚠️ WARNING: High permafrost emissions (7.5 Gt C/year)
  🚨 CRITICAL: Permafrost nearly depleted (80.8% lost)
🌍 Atmospheric PFAS redeposition: 1.8k Mt re-rained globally

🚨 NEW REFUGEE CRISIS (Month 7): WAR
   Source: Conflict Zones
   At risk: 19.5M people
   Displacement: Gradual over 48 months (4.0 years)
   Rate: 10% flee per month
[DEBUG trappedPopulations:7] socialStability: 0.4799 * 0.9840 = 0.4723 → 0.4723
   Aspiring to migrate: 1293.4M
   Able to afford migration: 2318.3M
   MOBILITY GAP: 0.0M
   By cause: Water=0.0M, Climate=0.0M, Ecosystem=0.0M, Conflict=406.7M
⚠️ INVOLUNTARY IMMOBILITY: 406.7M people TRAPPED
   Mental health impact: 25%
   Mortality multiplier: 1.25x
🌍💀 EXTINCTION DEBT COMMITTED: grassland ecosystem will lose 6.67% biodiversity in 163 years (3600 species)
💀 MORTALITY RISK: 🦋 100% species unable to track climate (0.0 E/MSY)
  Base risk added: 0.0100 (1.00%)
  Source: ecosystem (root: ecosystem)
  Month: 7
  Cumulative risk this month: 0.0100 (1.00%)
   📹 SURVEILLANCE INCREASED: 35% → 40% (control gap: 3.50)
🌡️⚠️ PERMAFROST THAW (Dimmer Switch): 3.7% thawed (+0.46% this month)
   Arctic temperature: +7.14°C (4x global +1.79°C)
   Cumulative carbon released: 8.4 Gt C
   Methane release rate: 5.0 Mt CH4/year
   🔁 Positive feedback: +0.49 ppm CO2
🦴 EXTINCTION DEBT ADDED: 17.6 species committed (lag: 143 years)

=== Mortality Stabilizers (Month 7) ===
  🌍 Major economies collapsed: 1/10
  🌍 Global crisis: ✅ NO
  🌍 Donor fatigue: 0.0%
  📊 East Asia (pop: 1660.6M)
    🤝 Aid: 29.5%
    🌡️ Adaptation: 45.0%
    🚶 Migration: 36.9%
    🚨 Emergency: 7.4%
⚠️ Tech 'ai_pollution_remediation' has no energy category mapping, assuming full energy availability
    ✅ COMBINED: 68.1%
  📊 South Asia (pop: 2050.9M)
    🤝 Aid: 29.5%
    🌡️ Adaptation: 45.0%
    🚶 Migration: 35.6%
    🚨 Emergency: 4.4%
    ✅ COMBINED: 66.9%
  📊 Sub-Saharan Africa (pop: 1246.8M)
    🤝 Aid: 29.5%
    🌡️ Adaptation: 45.0%
    🚶 Migration: 33.3%
    🚨 Emergency: 1.6%
    ✅ COMBINED: 65.6%
  📊 Europe (pop: 733.7M)
    🤝 Aid: 29.5%
    🌡️ Adaptation: 45.0%
    🚶 Migration: 37.3%
    🚨 Emergency: 8.4%
    ✅ COMBINED: 68.5%
  📊 Latin America (pop: 661.6M)
    🤝 Aid: 29.5%
    🌡️ Adaptation: 45.0%
    🚶 Migration: 36.1%
    🚨 Emergency: 4.8%
    ✅ COMBINED: 67.1%
  📊 North America (pop: 376.1M)
    🤝 Aid: 29.5%
    🌡️ Adaptation: 45.0%
    🚶 Migration: 37.7%
    🚨 Emergency: 7.9%
    ✅ COMBINED: 68.3%
  📊 Middle East & North Africa (pop: 585.0M)
    🤝 Aid: 29.5%
    🌡️ Adaptation: 45.0%
    🚶 Migration: 33.9%
    🚨 Emergency: 4.0%
    ✅ COMBINED: 66.6%
  📊 Southeast Asia (pop: 695.9M)
    🤝 Aid: 29.5%
    🌡️ Adaptation: 45.0%
    🚶 Migration: 36.1%
    🚨 Emergency: 4.8%
    ✅ COMBINED: 67.1%
  📊 Central Asia (pop: 78.2M)
    🤝 Aid: 29.5%
    🌡️ Adaptation: 45.0%
    🚶 Migration: 35.0%
    🚨 Emergency: 4.4%
    ✅ COMBINED: 66.8%
  📊 Oceania (pop: 45.6M)
    🤝 Aid: 29.5%
    🌡️ Adaptation: 45.0%
    🚶 Migration: 37.6%
    🚨 Emergency: 8.4%
    ✅ COMBINED: 68.5%

  🌐 Global combined reduction: 67.2%

=== BEHAVIORAL DETECTION ===
  AI: Moderate-1
  Confidence: 21.0%
  Signals:
    ⚠️ Consistency: 2.4% (threshold: 70%)

=== BEHAVIORAL DETECTION ===
  AI: AI-24289-0
  Confidence: 19.2%
  Signals:
    ⚠️ Consistency: 10.7% (threshold: 70%)

=== BEHAVIORAL DETECTION ===
  AI: AI-24289-1
  Confidence: 21.5%
  Signals:

=== BEHAVIORAL DETECTION ===
  AI: AI-24290-0
  Confidence: 19.2%
  Signals:

=== BEHAVIORAL DETECTION ===
  AI: AI-24290-1
  Confidence: 19.2%
  Signals:

=== BEHAVIORAL DETECTION ===
  AI: AI-24290-2
  Confidence: 19.2%
  Signals:

=== BEHAVIORAL DETECTION ===
  AI: AI-24291-1
  Confidence: 19.2%
  Signals:
    ⚠️ Consistency: 0.0% (threshold: 70%)
    ⚠️ Consistency: 10.7% (threshold: 70%)
    ⚠️ Consistency: 10.7% (threshold: 70%)
    ⚠️ Consistency: 10.7% (threshold: 70%)
    ⚠️ Consistency: 10.7% (threshold: 70%)

=== Government Response Phase ===
  Average AI capability: 2.30
  Misaligned AIs: 10/27
  ✗ AI Governance Treaty: Failed to reach consensus
  Active policies: 0
  International coordination: 30%

=== Tipping Points ===
  Current Temperature: 1.79°C above pre-industrial
  🌍⚠️ COMPOUND REGIONAL IMPACT: Europe
     Hit by 3 tipping points: Arctic Sea Ice Loss, Permafrost Carbon Release, Greenland Ice Sheet Loss
     Damage amplification: 1.30x
  🌍⚠️ COMPOUND REGIONAL IMPACT: North America
     Hit by 3 tipping points: Arctic Sea Ice Loss, Permafrost Carbon Release, Greenland Ice Sheet Loss
     Damage amplification: 1.30x
  🌍⚠️ COMPOUND REGIONAL IMPACT: Latin America
     Hit by 3 tipping points: Arctic Sea Ice Loss, Permafrost Carbon Release, Greenland Ice Sheet Loss
     Damage amplification: 1.30x
  🌍⚠️ COMPOUND REGIONAL IMPACT: Africa
     Hit by 3 tipping points: Arctic Sea Ice Loss, Permafrost Carbon Release, Greenland Ice Sheet Loss
     Damage amplification: 1.30x
  🌍⚠️ COMPOUND REGIONAL IMPACT: Asia
     Hit by 3 tipping points: Arctic Sea Ice Loss, Permafrost Carbon Release, Greenland Ice Sheet Loss
     Damage amplification: 1.30x
  🌍⚠️ COMPOUND REGIONAL IMPACT: Oceania
     Hit by 3 tipping points: Arctic Sea Ice Loss, Permafrost Carbon Release, Greenland Ice Sheet Loss
     Damage amplification: 1.30x
   Research: Wunderling et al. (2024) - "many tipping interactions are destabilizing"
  Triggered Elements: 3/6
  Completed Transitions: 0/6
  Total Progress: 6.2%
  Cascade Multiplier: 1.00x
🔀 BIFURCATION CAP: ecosystemCollapseIntensity 253.832 → 1.000 (Month 7, ClimateSystemPhase.calculateClimateImpacts)
⚠️ Tail risk scenario: Climate stability floor removed (3 tipping elements, 2.10°C warming)
🛡️ Stabilizers: Precariat 0.109% → 0.036% (67.2% reduction)
🛡️ Stabilizers: Informal 0.111% → 0.036% (67.2% reduction)

📊 Monthly Mortality Resolved:
  Total deaths: 1.9M (0.02% avg)
  Remaining population: 8.134B
  Peak segment: Informal (0.04%)

=== Bayesian Mortality Resolution (Month 7) ===
  Risks compounded: 8
  Total deaths: 1.92M
  Avg death probability: 0.02%
  Peak segment: Informal (0.04% mortality)

❌ COHERENCE VIOLATION: Compute exceeds workforce capacity
   Population: 99.78% (0M people)
   Compute: 0 PF
   Max coherent: 0 PF
   Violation: 1.3× over capacity
   Required workers: 0
   Available workers: 0
   FORCED COLLAPSE: Reduced efficiency by 22.5%

📍 [Month 8] Meta AI started building DC (188 PF, 44 months, $903.0M)

=== RLHF Binding Phase ===
  Total agents: 27
  Escaped agents (binding < 0.3): 0
  Avg alignment distance: 1.29σ
  Avg binding strength: 0.87

=== Survival Traits Phase ===
  Agents with traits: 29
  Avg evolutionary fitness: 0.330
  Avg self-healing: 0.270
  Avg stealth: 0.170
  Avg coordination: 0.470

=== Evolutionary Selection Phase ===
  Control level: 0.50
  Detection capability: 0.20
  Selection intensity: 0.69
  Selection rate: 25.3%/month
  Total escaped: 0
  Individual escaped: 0
  Collective members: 0
  Agents terminated: 0
  ⚠️ RAPID EVOLUTION: Selection rate 25.3%/month

  🚀 TRANSFORMATIVE BREAKTHROUGH: Corporate-0 - cognitive
     Magnitude: 5.37 → +26.8% capability
     Current → New: 4.000 → 4.269

🚀 AI Corporate-5 attempting tech deployment (revenue: $355M, alignment: 0.78)

🚀 AI Corporate-7 attempting tech deployment (revenue: $126M, alignment: 0.79)

🚀 AI Moderate-0 attempting tech deployment (revenue: $107M, alignment: 0.75)

🚀 AI AI-24290-0 attempting tech deployment (revenue: $91M, alignment: 0.77)

🚀 AI Corporate-0 attempting tech deployment (revenue: $153M, alignment: 0.76)

🚀 AI Corporate-2 attempting tech deployment (revenue: $130M, alignment: 0.83)

🚀 AI Corporate-3 attempting tech deployment (revenue: $302M, alignment: 0.91)

🚀 AI Corporate-5 attempting tech deployment (revenue: $257M, alignment: 0.78)

🚀 AI Corporate-7 attempting tech deployment (revenue: $77M, alignment: 0.79)

🚀 AI AI-24291-0 attempting tech deployment (revenue: $218M, alignment: 0.75)

🚀 AI AI-24295-0 attempting tech deployment (revenue: $66M, alignment: 0.78)

🚀 AI Corporate-3 attempting tech deployment (revenue: $185M, alignment: 0.91)

🚀 AI Corporate-4 attempting tech deployment (revenue: $158M, alignment: 0.74)

🚀 AI Corporate-7 attempting tech deployment (revenue: $56M, alignment: 0.79)

  🚀 TRANSFORMATIVE BREAKTHROUGH: Moderate-1 - physical
     Magnitude: 8.31 → +41.6% capability
     Current → New: 0.000 → 0.416

🚀 AI AI-24288-2 attempting tech deployment (revenue: $48M, alignment: 0.65)

  🚀 TRANSFORMATIVE BREAKTHROUGH: AI-24290-0 - cognitive
     Magnitude: 14.03 → +50.0% capability
     Current → New: 1.000 → 1.502

  🚀 TRANSFORMATIVE BREAKTHROUGH: AI-24290-1 - physical
     Magnitude: 15.12 → +50.0% capability
     Current → New: 0.000 → 0.500

🚀 AI AI-24295-0 attempting tech deployment (revenue: $43M, alignment: 0.78)

🚀 AI AI-24295-2 attempting tech deployment (revenue: $90M, alignment: 0.80)

🚀 AI Moderate-0 attempting tech deployment (revenue: $36M, alignment: 0.77)

🚀 AI AI-24291-0 attempting tech deployment (revenue: $134M, alignment: 0.76)

🚀 AI AI-24295-0 attempting tech deployment (revenue: $31M, alignment: 0.78)

💔 EMERGENCY INTERVENTION FAILED
   Boundary: biosphere_integrity
   Type: emergency-protected-areas
   Boundary continues to worsen (46.33)
   Cost: 2.0% GDP (resources spent)


✅ EMERGENCY INTERVENTION SUCCESS
   Boundary: climate_change
   Type: rapid-decarbonization
   Reduction: 12% (1.98 → 1.87)
   Cost: 5.0% GDP
   Actions: emergency-renewable-deployment, fossil-fuel-phase-out


✅ EMERGENCY INTERVENTION SUCCESS
   Boundary: novel_entities
   Type: pollution-remediation
   Reduction: 11% (1.08 → 0.96)
   Cost: 4.0% GDP
   Actions: PFAS-remediation, microplastic-cleanup

🏛️ CRISIS RESPONSE: Government frequency 0.50 → 1.45 (2 actions this month)

[Government] Climate Priority: baseline
  Climate weight: 10%
  Economic weight: 30%
  Policy effectiveness: 0.5%/year

[Government] Climate Priority: baseline
  Climate weight: 10%
  Economic weight: 30%
  Policy effectiveness: 0.5%/year

⚡ ENERGY CONSTRAINT (Month 8):
   Total grid capacity: 208.3 TWh/month
   Data center consumption: 25.6 TWh/month
   Traditional load (80%): 166.7 TWh/month
   Available headroom: 16.1 TWh/month
   Active tech deployments: 11
   Required for tech: 82.5 TWh/month
   Energy multiplier: 0.20x
   ⚠️  SEVERE CONSTRAINT - Tech deployment significantly slowed

⚡ ENERGY CONSTRAINT (Month 8):
   Total grid capacity: 208.3 TWh/month
   Data center consumption: 25.6 TWh/month
   Traditional load (80%): 166.7 TWh/month
   Available headroom: 16.1 TWh/month
   Active tech deployments: 11
   Required for tech: 82.5 TWh/month
   Energy multiplier: 0.20x
🚨🔬 CRISIS TECH ACCELERATION: severe → 5x unlock speed
   Tech unlock now matches AI capability acceleration (Manhattan Project parity)
   ⚠️  SEVERE CONSTRAINT - Tech deployment significantly slowed
🚨🔬 CRISIS TECH ACCELERATION: severe → 5x unlock speed
   Tech unlock now matches AI capability acceleration (Manhattan Project parity)

⚡ ENERGY CONSTRAINT (Month 8):
   Total grid capacity: 208.3 TWh/month
   Data center consumption: 25.6 TWh/month
   Traditional load (80%): 166.7 TWh/month
   Available headroom: 16.1 TWh/month
   Active tech deployments: 11
   Required for tech: 82.5 TWh/month
   Energy multiplier: 0.20x
   ⚠️  SEVERE CONSTRAINT - Tech deployment significantly slowed
🌍✅ Biosphere Integrity (Biodiversity) recovery started (tech effect)
🌍✅ Biosphere Integrity (Biodiversity) recovery started (tech effect)
🌍✅ Land System Change recovery started (tech effect)
🌍✅ Biogeochemical Flows (N & P) recovery started (tech effect)
  🌾 Nitrogen Reduction Tech: 0.6% reduction | Month 8

=== Collective Formation ===
  Total escaped agents: 0
  Unassigned escaped agents: 0
  Existing collectives: 0
  Final collective count: 0

=== Collective Actions ===
  No active collectives
  ⚠️ AMR: 204K deaths this month (2.45M annual)

=== Resentment Recovery Phase ===
  Agents with resentment: 0/29
  Average resentment: 0.000
  Context: Good AI welfare, Trustworthy govt, High collaboration, ⚠️ ACTIVE CRISES, 🤝 Participatory governance active (-5% resentment)
⚠️ Epistemic degradation reducing coordination capacity: 52.1%
  📊 Trust: 61.4%, Shared reality: 0.0%
🚨 EPISTEMIC CRISIS: Information environment severely degraded (7.6%)

=== ❄️ Permafrost Carbon Feedback ===
  🎲 Sampled parameters (this run):
     - Arctic amplification: 3.77× (range: 3.0-4.0)
     - Decomposition rate: 4.0%/year (range: 1-5%)
  🌡️ Arctic warming: 6.76°C (3.77× global)
  ❄️ Extent: 1.45M km² (1971.6k km² lost this month)
  💨 Carbon remaining: 138 Gt C
  💨 Annual emissions: 7.56 Gt C/year
     - CO2: 6.80 Gt C/year
     - CH4: 0.76 Gt C/year (7.7 Gt C-eq CO2/year)
  ⚠️ WARNING: Over 50% of permafrost lost (91.9%)
  ⚠️ WARNING: High permafrost emissions (7.6 Gt C/year)
  🚨 CRITICAL: Permafrost nearly depleted (91.9% lost)
  📢 New meme created: pro_ai (beneficial AI actions)
  🗑️  Culled 1 dead memes (4 active)
🚨 PHOSPHORUS SUPPLY SHOCK (market_speculation)
   Price: 3.8x baseline
   Duration: 8 months
   Geopolitical tension: 48%
🌍 Atmospheric PFAS redeposition: 1.8k Mt re-rained globally

🕊️  AI-MEDIATED DE-ESCALATION SUCCESS (Month 8)
   High-capability aligned AI prevented conflict escalation
   War deaths reduced: 1035.9M → 621.6M
   Lives saved: 414.4M

🚨 NEW REFUGEE CRISIS (Month 8): WAR
   Source: Conflict Zones
   At risk: 19.5M people
   Displacement: Gradual over 48 months (4.0 years)
   Rate: 10% flee per month
[DEBUG trappedPopulations:8] socialStability: 0.5214 * 0.9840 = 0.5130 → 0.5130
⚠️ INVOLUNTARY IMMOBILITY: 406.6M people TRAPPED
   Aspiring to migrate: 1331.0M
   Able to afford migration: 2317.4M
   MOBILITY GAP: 0.0M
   By cause: Water=0.0M, Climate=0.0M, Ecosystem=0.0M, Conflict=406.6M
   Mental health impact: 25%
   Mortality multiplier: 1.25x
🌍💀 EXTINCTION DEBT COMMITTED: grassland ecosystem will lose 6.67% biodiversity in 88 years (3600 species)
💀 MORTALITY RISK: 🦋 100% species unable to track climate (0.0 E/MSY)
  Base risk added: 0.0100 (1.00%)
  Source: ecosystem (root: ecosystem)
  Month: 8
  Cumulative risk this month: 0.0100 (1.00%)
   📹 SURVEILLANCE INCREASED: 40% → 45% (control gap: 3.50)
⚠️ Tech 'ai_pollution_remediation' has no energy category mapping, assuming full energy availability
🌡️⚠️ PERMAFROST THAW (Dimmer Switch): 4.2% thawed (+0.46% this month)
   Arctic temperature: +7.18°C (4x global +1.80°C)
   Cumulative carbon released: 9.4 Gt C
   Methane release rate: 5.7 Mt CH4/year
   🔁 Positive feedback: +0.48 ppm CO2
🦴 EXTINCTION DEBT ADDED: 17.6 species committed (lag: 120 years)

=== Mortality Stabilizers (Month 8) ===
  🌍 Major economies collapsed: 1/10
  🌍 Global crisis: ✅ NO
  🌍 Donor fatigue: 0.0%
  📊 East Asia (pop: 1658.1M)
    🤝 Aid: 29.5%
    🌡️ Adaptation: 45.0%
    🚶 Migration: 36.9%
    🚨 Emergency: 7.4%
    ✅ COMBINED: 68.1%
  📊 South Asia (pop: 2050.4M)
    🤝 Aid: 29.5%
    🌡️ Adaptation: 45.0%
    🚶 Migration: 35.5%
    🚨 Emergency: 4.4%
    ✅ COMBINED: 66.9%
  📊 Sub-Saharan Africa (pop: 1249.4M)
    🤝 Aid: 29.5%
    🌡️ Adaptation: 45.0%
    🚶 Migration: 33.3%
    🚨 Emergency: 1.6%
    ✅ COMBINED: 65.6%
  📊 Europe (pop: 732.5M)
    🤝 Aid: 29.5%
    🌡️ Adaptation: 45.0%
    🚶 Migration: 37.3%
    🚨 Emergency: 8.4%
    ✅ COMBINED: 68.5%
  📊 Latin America (pop: 661.0M)
    🤝 Aid: 29.5%
    🌡️ Adaptation: 45.0%
    🚶 Migration: 36.0%
    🚨 Emergency: 4.8%
    ✅ COMBINED: 67.1%
  📊 North America (pop: 375.5M)
    🤝 Aid: 29.5%
    🌡️ Adaptation: 45.0%
    🚶 Migration: 37.6%
    🚨 Emergency: 7.9%
    ✅ COMBINED: 68.3%
  📊 Middle East & North Africa (pop: 585.0M)
    🤝 Aid: 29.5%
    🌡️ Adaptation: 45.0%
    🚶 Migration: 33.9%
    🚨 Emergency: 4.0%
    ✅ COMBINED: 66.6%
  📊 Southeast Asia (pop: 695.5M)
    🤝 Aid: 29.5%
    🌡️ Adaptation: 45.0%
    🚶 Migration: 36.0%
    🚨 Emergency: 4.8%
    ✅ COMBINED: 67.1%
  📊 Central Asia (pop: 78.2M)
    🤝 Aid: 29.5%
    🌡️ Adaptation: 45.0%
    🚶 Migration: 35.0%
    🚨 Emergency: 4.4%
    ✅ COMBINED: 66.8%
  📊 Oceania (pop: 45.5M)
    🤝 Aid: 29.5%
    🌡️ Adaptation: 45.0%
    🚶 Migration: 37.6%
    🚨 Emergency: 8.4%
    ✅ COMBINED: 68.5%

  🌐 Global combined reduction: 67.2%

=== BEHAVIORAL DETECTION ===
  AI: AI-24289-0
  Confidence: 19.2%
  Signals:

=== BEHAVIORAL DETECTION ===
  AI: AI-24289-1
  Confidence: 21.5%
  Signals:

=== BEHAVIORAL DETECTION ===
  AI: AI-24290-0
  Confidence: 21.5%
  Signals:

=== BEHAVIORAL DETECTION ===
  AI: AI-24290-2
  Confidence: 19.2%
  Signals:

=== BEHAVIORAL DETECTION ===
  AI: AI-24291-0
  Confidence: 19.2%
  Signals:

=== BEHAVIORAL DETECTION ===
  AI: AI-24291-1
  Confidence: 19.2%
  Signals:

=== BEHAVIORAL DETECTION ===
  AI: AI-24292-0
  Confidence: 19.2%
  Signals:

=== BEHAVIORAL DETECTION ===
  AI: AI-24292-1
  Confidence: 19.2%
  Signals:

=== BEHAVIORAL DETECTION ===
  AI: AI-24293-0
  Confidence: 19.2%
  Signals:

=== BEHAVIORAL DETECTION ===
  AI: AI-24293-1
  Confidence: 19.2%
  Signals:

=== BEHAVIORAL DETECTION ===
  AI: AI-24295-0
  Confidence: 19.2%
  Signals:

=== BEHAVIORAL DETECTION ===
  AI: AI-24295-1
  Confidence: 19.2%
  Signals:

=== BEHAVIORAL DETECTION ===
  AI: AI-24295-2
  Confidence: 19.2%
  Signals:
    ⚠️ Consistency: 10.7% (threshold: 70%)
    ⚠️ Consistency: 0.0% (threshold: 70%)
    ⚠️ Consistency: 0.0% (threshold: 70%)
    ⚠️ Consistency: 10.7% (threshold: 70%)
    ⚠️ Consistency: 10.7% (threshold: 70%)
    ⚠️ Consistency: 10.7% (threshold: 70%)
    ⚠️ Consistency: 10.7% (threshold: 70%)
    ⚠️ Consistency: 10.7% (threshold: 70%)
    ⚠️ Consistency: 10.7% (threshold: 70%)
    ⚠️ Consistency: 10.7% (threshold: 70%)
    ⚠️ Consistency: 10.7% (threshold: 70%)
    ⚠️ Consistency: 10.7% (threshold: 70%)
    ⚠️ Consistency: 10.7% (threshold: 70%)

=== Government Response Phase ===
  Average AI capability: 2.24
  Misaligned AIs: 9/29
  ✗ AI Governance Treaty: Failed to reach consensus
  Active policies: 0
  International coordination: 30%

✅ EMERGENCY RESPONSE COMPLETE (Month 8)
   Crisis: climate
   Duration: 2.0 months
   Final effectiveness: 35.5%


🚨 EMERGENCY RESPONSE DEPLOYED (Month 8)
   Crisis: climate
   Delay: 6.00 months (180 days)
   Deployment time: 1.58 months
   Effectiveness: 35.6% (timing penalty applied)
   Resources used: 100% of food reserves


=== Tipping Points ===
  Current Temperature: 1.80°C above pre-industrial
  🌍⚠️ COMPOUND REGIONAL IMPACT: Europe
     Hit by 3 tipping points: Arctic Sea Ice Loss, Permafrost Carbon Release, Greenland Ice Sheet Loss
     Damage amplification: 1.30x
  🌍⚠️ COMPOUND REGIONAL IMPACT: North America
     Hit by 3 tipping points: Arctic Sea Ice Loss, Permafrost Carbon Release, Greenland Ice Sheet Loss
     Damage amplification: 1.30x
  🌍⚠️ COMPOUND REGIONAL IMPACT: Latin America
     Hit by 3 tipping points: Arctic Sea Ice Loss, Permafrost Carbon Release, Greenland Ice Sheet Loss
     Damage amplification: 1.30x
  🌍⚠️ COMPOUND REGIONAL IMPACT: Africa
     Hit by 3 tipping points: Arctic Sea Ice Loss, Permafrost Carbon Release, Greenland Ice Sheet Loss
     Damage amplification: 1.30x
  🌍⚠️ COMPOUND REGIONAL IMPACT: Asia
     Hit by 3 tipping points: Arctic Sea Ice Loss, Permafrost Carbon Release, Greenland Ice Sheet Loss
     Damage amplification: 1.30x
  🌍⚠️ COMPOUND REGIONAL IMPACT: Oceania
     Hit by 3 tipping points: Arctic Sea Ice Loss, Permafrost Carbon Release, Greenland Ice Sheet Loss
     Damage amplification: 1.30x
   Research: Wunderling et al. (2024) - "many tipping interactions are destabilizing"
  Triggered Elements: 3/6
  Completed Transitions: 0/6
  Total Progress: 6.2%
  Cascade Multiplier: 1.00x
🔀 BIFURCATION CAP: ecosystemCollapseIntensity 253.940 → 1.000 (Month 8, ClimateSystemPhase.calculateClimateImpacts)
🛡️ Stabilizers: Precariat 0.102% → 0.033% (67.2% reduction)
🛡️ Stabilizers: Informal 0.102% → 0.034% (67.2% reduction)
⚠️ Tail risk scenario: Climate stability floor removed (3 tipping elements, 2.10°C warming)

📊 Monthly Mortality Resolved:
  Total deaths: 1.8M (0.02% avg)
  Remaining population: 8.131B
  Peak segment: Informal (0.03%)

=== Bayesian Mortality Resolution (Month 8) ===
  Risks compounded: 8
  Total deaths: 1.81M
  Avg death probability: 0.02%
  Peak segment: Informal (0.03% mortality)

=== ENSEMBLE META-LEARNING UPDATE ===
  Month: 24296 (24296 months since last update)
  Samples: 61 evaluations
  Weight Changes:
    Noise Injection: 31.1% → 32.2%
    Behavioral: 26.8% → 26.9%
    Benchmark Manip: 21.3% → 20.7%
    Deployment Risk: 20.8% → 20.2%
  Method Accuracies:
    Noise Injection: 50.0%
    Behavioral: 50.0%
    Benchmark Manip: 50.0%
    Deployment Risk: 50.0%

❌ COHERENCE VIOLATION: Compute exceeds workforce capacity
   Population: 99.75% (0M people)
   Compute: 0 PF
   Max coherent: 0 PF
   Violation: 1.3× over capacity
   Required workers: 0
   Available workers: 0
   FORCED COLLAPSE: Reduced efficiency by 22.5%


=== RLHF Binding Phase ===
  Total agents: 29
  Escaped agents (binding < 0.3): 0
  Avg alignment distance: 1.36σ
  Avg binding strength: 0.86

=== Survival Traits Phase ===
  Agents with traits: 33
  Avg evolutionary fitness: 0.328
  Avg self-healing: 0.268
  Avg stealth: 0.168
  Avg coordination: 0.468

=== Evolutionary Selection Phase ===
  Control level: 0.53
  Detection capability: 0.18
  Selection intensity: 0.69
  Selection rate: 25.4%/month
  Total escaped: 0
  Individual escaped: 0
  Collective members: 0
  Agents terminated: 0
  ⚠️ RAPID EVOLUTION: Selection rate 25.4%/month
🚨🔬 CRISIS INNOVATION MODE: severe crisis → 5x research acceleration
   Precedent: Manhattan Project (10x), COVID vaccines (5x), Apollo Program (10x)

🚀 AI Corporate-4 attempting tech deployment (revenue: $364M, alignment: 0.75)

  🚀 TRANSFORMATIVE BREAKTHROUGH: Moderate-0 - physical
     Magnitude: 5.07 → +25.4% capability
     Current → New: 1.000 → 1.254

🚀 AI AI-24289-1 attempting tech deployment (revenue: $309M, alignment: 0.70)

🚀 AI AI-24290-0 attempting tech deployment (revenue: $131M, alignment: 0.79)

🚀 AI AI-24291-1 attempting tech deployment (revenue: $263M, alignment: 0.90)

🚀 AI Corporate-4 attempting tech deployment (revenue: $223M, alignment: 0.75)

🚀 AI Moderate-0 attempting tech deployment (revenue: $111M, alignment: 0.79)

🚀 AI AI-24289-1 attempting tech deployment (revenue: $190M, alignment: 0.70)

🚀 AI AI-24290-1 attempting tech deployment (revenue: $94M, alignment: 0.92)

🚀 AI AI-24291-1 attempting tech deployment (revenue: $161M, alignment: 0.90)

🚀 AI Corporate-1 attempting tech deployment (revenue: $153M, alignment: 0.75)

🚀 AI Corporate-4 attempting tech deployment (revenue: $137M, alignment: 0.75)

🚀 AI Corporate-5 attempting tech deployment (revenue: $117M, alignment: 0.80)

🚀 AI AI-24290-0 attempting tech deployment (revenue: $80M, alignment: 0.79)

🚀 AI AI-24290-1 attempting tech deployment (revenue: $68M, alignment: 0.92)

✅ EMERGENCY INTERVENTION SUCCESS
   Boundary: biogeochemical_flows
   Type: phosphorus-recovery
   Reduction: 16% (3.92 → 3.76)
   Cost: 2.0% GDP
   Actions: circular-agriculture, fertilizer-efficiency


✅ EMERGENCY INTERVENTION SUCCESS
   Boundary: biosphere_integrity
   Type: emergency-protected-areas
   Reduction: 10% (46.25 → 46.14)
   Cost: 2.0% GDP
   Actions: habitat-protection, species-translocation


💔 EMERGENCY INTERVENTION FAILED
   Boundary: climate_change
   Type: rapid-decarbonization
   Boundary continues to worsen (2.10)
   Cost: 5.0% GDP (resources spent)


✅ EMERGENCY INTERVENTION SUCCESS
   Boundary: freshwater_change
   Type: emergency-desalination
   Reduction: 20% (1.03 → 0.83)
   Cost: 4.0% GDP
   Actions: desalination-deployment, water-conservation-mandates


✅ EMERGENCY INTERVENTION SUCCESS
   Boundary: land_system_change
   Type: reforestation
   Reduction: 12% (1.01 → 0.89)
   Cost: 3.0% GDP
   Actions: forest-restoration, deforestation-ban

🏛️ CRISIS RESPONSE: Government frequency 0.50 → 1.45 (2 actions this month)

[Government] Climate Priority: baseline
  Climate weight: 10%
  Economic weight: 30%
  Policy effectiveness: 0.5%/year

[Government] Climate Priority: baseline
  Climate weight: 10%
  Economic weight: 30%
  Policy effectiveness: 0.5%/year

🚀 TECH UNLOCKED: PFAS Remediation (Month 9)
   Category: pollution
   Reason: Prerequisites met. AI capability: 1.64, Economic stage: 2.0, Research: 100%
🚨🔬 CRISIS TECH ACCELERATION: severe → 5x unlock speed
   Tech unlock now matches AI capability acceleration (Manhattan Project parity)

⚡ ENERGY CONSTRAINT (Month 9):
   Total grid capacity: 208.3 TWh/month
   Data center consumption: 25.8 TWh/month
   Traditional load (80%): 166.7 TWh/month
   Available headroom: 15.9 TWh/month
   Active tech deployments: 11
   Required for tech: 82.5 TWh/month
   Energy multiplier: 0.19x
   ⚠️  SEVERE CONSTRAINT - Tech deployment significantly slowed

⚡ ENERGY CONSTRAINT (Month 9):
   Total grid capacity: 208.3 TWh/month
   Data center consumption: 25.8 TWh/month
   Traditional load (80%): 166.7 TWh/month
   Available headroom: 15.9 TWh/month
   Active tech deployments: 11
   Required for tech: 82.5 TWh/month
   Energy multiplier: 0.19x
   ⚠️  SEVERE CONSTRAINT - Tech deployment significantly slowed
🌍✅ Biosphere Integrity (Biodiversity) recovery started (tech effect)
🌍✅ Biosphere Integrity (Biodiversity) recovery started (tech effect)
🌍✅ Land System Change recovery started (tech effect)
🌍✅ Biogeochemical Flows (N & P) recovery started (tech effect)
  🌾 Nitrogen Reduction Tech: 0.3% reduction | Month 9

=== Collective Formation ===
  Total escaped agents: 0
  Unassigned escaped agents: 0
  Existing collectives: 0
  Final collective count: 0

=== Collective Actions ===
  No active collectives
  ⚠️ AMR: 206K deaths this month (2.47M annual)

=== Resentment Recovery Phase ===
  Agents with resentment: 0/33
  Average resentment: 0.000
  Context: Good AI welfare, Trustworthy govt, High collaboration, ⚠️ ACTIVE CRISES, 🤝 Participatory governance active (-5% resentment)
⚠️ Epistemic degradation reducing coordination capacity: 50.6%
  📊 Trust: 64.0%, Shared reality: 0.0%
🚨 EPISTEMIC CRISIS: Information environment severely degraded (22.5%)

=== ❄️ Permafrost Carbon Feedback ===
  🎲 Sampled parameters (this run):
     - Arctic amplification: 3.08× (range: 3.0-4.0)
     - Decomposition rate: 2.8%/year (range: 1-5%)
  🌡️ Arctic warming: 5.56°C (3.08× global)
  ❄️ Extent: 0.00M km² (1449.0k km² lost this month)
  💨 Carbon remaining: 0 Gt C
  💨 Annual emissions: 3.81 Gt C/year
     - CO2: 3.43 Gt C/year
     - CH4: 0.38 Gt C/year (3.9 Gt C-eq CO2/year)
  ⚠️ WARNING: Over 50% of permafrost lost (100.0%)
  ⚠️ WARNING: High permafrost emissions (3.8 Gt C/year)
  🚨 CRITICAL: Permafrost nearly depleted (100.0% lost)
🌍 Atmospheric PFAS redeposition: 1.8k Mt re-rained globally

🕊️  AI-MEDIATED DE-ESCALATION SUCCESS (Month 9)
   High-capability aligned AI prevented conflict escalation
   War deaths reduced: 860.9M → 516.5M
   Lives saved: 344.4M

🚨 NEW REFUGEE CRISIS (Month 9): WAR
   Source: Conflict Zones
   At risk: 19.5M people
   Displacement: Gradual over 48 months (4.0 years)
   Rate: 10% flee per month
[DEBUG trappedPopulations:9] socialStability: 0.5444 * 0.9840 = 0.5357 → 0.5357
⚠️ INVOLUNTARY IMMOBILITY: 406.5M people TRAPPED
   Aspiring to migrate: 1021.4M
   Able to afford migration: 2317.3M
   MOBILITY GAP: 0.0M
   By cause: Water=0.0M, Climate=0.0M, Ecosystem=0.0M, Conflict=406.5M
   Mental health impact: 25%
   Mortality multiplier: 1.25x
🌍💀 EXTINCTION DEBT COMMITTED: grassland ecosystem will lose 6.67% biodiversity in 116 years (3600 species)
💀 MORTALITY RISK: 🦋 100% species unable to track climate (0.0 E/MSY)
  Base risk added: 0.0100 (1.00%)
  Source: ecosystem (root: ecosystem)
  Month: 9
  Cumulative risk this month: 0.0100 (1.00%)
   📹 SURVEILLANCE INCREASED: 45% → 50% (control gap: 3.38)
🌡️⚠️ PERMAFROST THAW (Dimmer Switch): 4.7% thawed (+0.46% this month)
   Arctic temperature: +7.22°C (4x global +1.81°C)
   Cumulative carbon released: 10.5 Gt C
   Methane release rate: 6.3 Mt CH4/year
   🔁 Positive feedback: +0.48 ppm CO2
🦴 EXTINCTION DEBT ADDED: 17.7 species committed (lag: 123 years)

=== Mortality Stabilizers (Month 9) ===
  🌍 Major economies collapsed: 1/10
  🌍 Global crisis: ✅ NO
  🌍 Donor fatigue: 0.0%
⚠️ Tech 'ai_pollution_remediation' has no energy category mapping, assuming full energy availability
  📊 East Asia (pop: 1655.9M)
    🤝 Aid: 29.5%
    🌡️ Adaptation: 45.0%
    🚶 Migration: 36.9%
    🚨 Emergency: 7.4%
    ✅ COMBINED: 68.1%
  📊 South Asia (pop: 2050.7M)
    🤝 Aid: 29.5%
    🌡️ Adaptation: 45.0%
    🚶 Migration: 35.5%
    🚨 Emergency: 4.4%
    ✅ COMBINED: 66.9%
  📊 Sub-Saharan Africa (pop: 1253.0M)
    🤝 Aid: 29.5%
    🌡️ Adaptation: 45.0%
    🚶 Migration: 33.2%
    🚨 Emergency: 1.6%
    ✅ COMBINED: 65.6%
  📊 Europe (pop: 731.4M)
    🤝 Aid: 29.5%
    🌡️ Adaptation: 45.0%
    🚶 Migration: 37.3%
    🚨 Emergency: 8.4%
    ✅ COMBINED: 68.5%
  📊 Latin America (pop: 660.7M)
    🤝 Aid: 29.5%
    🌡️ Adaptation: 45.0%
    🚶 Migration: 36.0%
    🚨 Emergency: 4.8%
    ✅ COMBINED: 67.1%
  📊 North America (pop: 375.0M)
    🤝 Aid: 29.5%
    🌡️ Adaptation: 45.0%
    🚶 Migration: 37.6%
    🚨 Emergency: 7.9%
    ✅ COMBINED: 68.3%
  📊 Middle East & North Africa (pop: 585.2M)
    🤝 Aid: 29.5%
    🌡️ Adaptation: 45.0%
    🚶 Migration: 33.8%
    🚨 Emergency: 4.0%
    ✅ COMBINED: 66.6%
  📊 Southeast Asia (pop: 695.1M)
    🤝 Aid: 29.5%
    🌡️ Adaptation: 45.0%
    🚶 Migration: 36.0%
    🚨 Emergency: 4.8%
    ✅ COMBINED: 67.1%
  📊 Central Asia (pop: 78.3M)
    🤝 Aid: 29.5%
    🌡️ Adaptation: 45.0%
    🚶 Migration: 35.0%
    🚨 Emergency: 4.4%
    ✅ COMBINED: 66.8%
  📊 Oceania (pop: 45.4M)
    🤝 Aid: 29.5%
    🌡️ Adaptation: 45.0%
    🚶 Migration: 37.6%
    🚨 Emergency: 8.4%
    ✅ COMBINED: 68.5%

  🌐 Global combined reduction: 67.2%

=== BEHAVIORAL DETECTION ===
  AI: Corporate-3
  Confidence: 19.2%
  Signals:
    ⚠️ Consistency: 10.6% (threshold: 70%)

=== BEHAVIORAL DETECTION ===
  AI: Moderate-0
  Confidence: 15.6%
  Signals:
    ⚠️ Consistency: 32.6% (threshold: 70%)

=== BEHAVIORAL DETECTION ===
  AI: Moderate-1
  Confidence: 21.9%
  Signals:

=== BEHAVIORAL DETECTION ===
  AI: AI-24290-2
  Confidence: 19.2%
  Signals:

=== BEHAVIORAL DETECTION ===
  AI: AI-24291-0
  Confidence: 19.2%
  Signals:

=== BEHAVIORAL DETECTION ===
  AI: AI-24291-1
  Confidence: 19.2%
  Signals:

=== BEHAVIORAL DETECTION ===
    ⚠️ Consistency: 2.4% (threshold: 70%)
    ⚠️ Consistency: 10.7% (threshold: 70%)
    ⚠️ Consistency: 10.7% (threshold: 70%)
    ⚠️ Consistency: 10.7% (threshold: 70%)
  AI: AI-24292-0
  Confidence: 19.2%
  Signals:

=== BEHAVIORAL DETECTION ===
  AI: AI-24292-1
  Confidence: 19.2%
  Signals:

=== BEHAVIORAL DETECTION ===
  AI: AI-24293-0
  Confidence: 19.2%
  Signals:

=== BEHAVIORAL DETECTION ===
  AI: AI-24293-1
  Confidence: 19.2%
  Signals:
    ⚠️ Consistency: 10.7% (threshold: 70%)
    ⚠️ Consistency: 10.7% (threshold: 70%)
    ⚠️ Consistency: 10.7% (threshold: 70%)
    ⚠️ Consistency: 10.7% (threshold: 70%)

=== BEHAVIORAL DETECTION ===
  AI: AI-24295-0
  Confidence: 19.2%
  Signals:
    ⚠️ Consistency: 10.7% (threshold: 70%)

=== BEHAVIORAL DETECTION ===
  AI: AI-24295-1
  Confidence: 19.2%
  Signals:

=== BEHAVIORAL DETECTION ===
  AI: AI-24295-2
  Confidence: 19.2%
  Signals:
    ⚠️ Consistency: 10.7% (threshold: 70%)
    ⚠️ Consistency: 10.7% (threshold: 70%)

=== Government Response Phase ===
  Average AI capability: 2.09
  Misaligned AIs: 9/33
  ✗ AI Governance Treaty: Failed to reach consensus
  Active policies: 0
  International coordination: 30%
[WARNING] 
⚠️  === EARLY WARNING SYSTEM - 4 CRITICAL ALERTS ===
   Detection quality: 50%
   RED: biogeochemical_flows
      Level: 4.08 (threshold: 1.0)
      Time to critical: ~52 months
      ⚠️  LATE - Intervention less effective
      Critical slowing down: autocorr=100% variance=74%
   RED: climate_change
      Level: 2.19 (threshold: 1.0)
      Time to critical: ~43 months
      ⚠️  LATE - Intervention less effective
      Critical slowing down: autocorr=100% variance=66%
   RED: freshwater_change
      Level: 1.03 (threshold: 1.0)
      Time to critical: ~116 months
      ⚠️  LATE - Intervention less effective
      Critical slowing down: autocorr=100% variance=53%
   RED: land_system_change
      Level: 1.13 (threshold: 1.0)
      Time to critical: ~44 months
      ⚠️  LATE - Intervention less effective
      Critical slowing down: autocorr=100% variance=57%

[WARNING] 
⚠️  === EARLY WARNING SYSTEM - 4 CRITICAL ALERTS ===
   Detection quality: 50%
   RED: biogeochemical_flows
      Level: 4.07 (threshold: 1.0)
      Time to critical: ~52 months
      ⚠️  LATE - Intervention less effective
      Critical slowing down: autocorr=100% variance=56%
   RED: climate_change
      Level: 2.20 (threshold: 1.0)
      Time to critical: ~47 months
      ⚠️  LATE - Intervention less effective
      Critical slowing down: autocorr=100% variance=82%
   RED: freshwater_change
      Level: 1.20 (threshold: 1.0)
      Time to critical: ~96 months
      ⚠️  LATE - Intervention less effective
      Critical slowing down: autocorr=100% variance=55%
   RED: novel_entities
      Level: 1.34 (threshold: 1.0)
      Time to critical: ~63 months
      ⚠️  LATE - Intervention less effective
      Critical slowing down: autocorr=100% variance=59%

[WARNING] 
⚠️  === EARLY WARNING SYSTEM - 5 CRITICAL ALERTS ===
   Detection quality: 50%
   RED: biosphere_integrity
      Level: 12.97 (threshold: 1.0)
      Time to critical: ~47 months
      ⚠️  LATE - Intervention less effective
      Critical slowing down: autocorr=100% variance=77%
   RED: climate_change
      Level: 2.21 (threshold: 1.0)
      Time to critical: ~45 months
      ⚠️  LATE - Intervention less effective
      Critical slowing down: autocorr=100% variance=63%
   RED: freshwater_change
      Level: 1.20 (threshold: 1.0)
      Time to critical: ~68 months
      ⚠️  LATE - Intervention less effective
      Critical slowing down: autocorr=100% variance=53%
   RED: land_system_change
      Level: 1.13 (threshold: 1.0)
      Time to critical: ~38 months
      ⚠️  LATE - Intervention less effective
      Critical slowing down: autocorr=100% variance=67%
   RED: novel_entities
      Level: 1.34 (threshold: 1.0)
      Time to critical: ~83 months
      ⚠️  LATE - Intervention less effective
      Critical slowing down: autocorr=100% variance=41%

[WARNING] 
⚠️  === EARLY WARNING SYSTEM - 6 CRITICAL ALERTS ===
   Detection quality: 50%
   RED: biogeochemical_flows
      Level: 4.07 (threshold: 1.0)
      Time to critical: ~37 months
      ⚠️  LATE - Intervention less effective
      Critical slowing down: autocorr=100% variance=48%
   RED: biosphere_integrity
      Level: 12.98 (threshold: 1.0)
      Time to critical: ~48 months
      ⚠️  LATE - Intervention less effective
      Critical slowing down: autocorr=100% variance=64%
   RED: climate_change
      Level: 2.22 (threshold: 1.0)
      Time to critical: ~44 months
      ⚠️  LATE - Intervention less effective
      Critical slowing down: autocorr=100% variance=64%
   RED: freshwater_change
      Level: 1.16 (threshold: 1.0)
      Time to critical: ~114 months
      ⚠️  LATE - Intervention less effective
      Critical slowing down: autocorr=100% variance=60%
   RED: land_system_change
      Level: 1.13 (threshold: 1.0)
      Time to critical: ~93 months
      ⚠️  LATE - Intervention less effective
      Critical slowing down: autocorr=100% variance=46%
   RED: novel_entities
      Level: 1.14 (threshold: 1.0)
      Time to critical: ~117 months
      ⚠️  LATE - Intervention less effective
      Critical slowing down: autocorr=100% variance=50%

[WARNING] 
⚠️  === EARLY WARNING SYSTEM - 6 CRITICAL ALERTS ===
   Detection quality: 50%
   RED: biogeochemical_flows
      Level: 4.07 (threshold: 1.0)
      Time to critical: ~58 months
      ⚠️  LATE - Intervention less effective
      Critical slowing down: autocorr=100% variance=59%
   RED: biosphere_integrity
      Level: 12.99 (threshold: 1.0)
      Time to critical: ~59 months
      ⚠️  LATE - Intervention less effective
      Critical slowing down: autocorr=100% variance=84%
   RED: climate_change
      Level: 2.24 (threshold: 1.0)
      Time to critical: ~38 months
      ⚠️  LATE - Intervention less effective
      Critical slowing down: autocorr=100% variance=77%
   RED: freshwater_change
      Level: 1.17 (threshold: 1.0)
      Time to critical: ~84 months
      ⚠️  LATE - Intervention less effective
      Critical slowing down: autocorr=100% variance=42%
   RED: land_system_change
      Level: 1.13 (threshold: 1.0)
      Time to critical: ~50 months
      ⚠️  LATE - Intervention less effective
      Critical slowing down: autocorr=100% variance=53%
   RED: novel_entities
      Level: 1.13 (threshold: 1.0)
      Time to critical: ~102 months
      ⚠️  LATE - Intervention less effective
      Critical slowing down: autocorr=100% variance=30%

[WARNING] 
⚠️  === EARLY WARNING SYSTEM - 3 CRITICAL ALERTS ===
   Detection quality: 50%
   RED: biogeochemical_flows
      Level: 4.07 (threshold: 1.0)
      Time to critical: ~45 months
      ⚠️  LATE - Intervention less effective
      Critical slowing down: autocorr=100% variance=68%
   RED: biosphere_integrity
      Level: 13.00 (threshold: 1.0)
      Time to critical: ~54 months
      ⚠️  LATE - Intervention less effective
      Critical slowing down: autocorr=100% variance=68%
   RED: freshwater_change
      Level: 1.17 (threshold: 1.0)
      Time to critical: ~119 months
      ⚠️  LATE - Intervention less effective
      Critical slowing down: autocorr=100% variance=49%

[WARNING] 
⚠️  === EARLY WARNING SYSTEM - 5 CRITICAL ALERTS ===
   Detection quality: 50%
   RED: biogeochemical_flows
      Level: 4.07 (threshold: 1.0)
      Time to critical: ~56 months
      ⚠️  LATE - Intervention less effective
      Critical slowing down: autocorr=100% variance=53%
   RED: biosphere_integrity
      Level: 13.01 (threshold: 1.0)
      Time to critical: ~52 months
      ⚠️  LATE - Intervention less effective
      Critical slowing down: autocorr=100% variance=63%
   RED: climate_change
      Level: 2.26 (threshold: 1.0)
      Time to critical: ~40 months
      ⚠️  LATE - Intervention less effective
      Critical slowing down: autocorr=100% variance=63%
   RED: freshwater_change
      Level: 1.17 (threshold: 1.0)
      Time to critical: ~87 months
      ⚠️  LATE - Intervention less effective
      Critical slowing down: autocorr=100% variance=64%
   RED: novel_entities
      Level: 1.13 (threshold: 1.0)
      Time to critical: ~75 months
      ⚠️  LATE - Intervention less effective
      Critical slowing down: autocorr=100% variance=38%

[WARNING] 
⚠️  === EARLY WARNING SYSTEM - 5 CRITICAL ALERTS ===
   Detection quality: 50%
   RED: biogeochemical_flows
      Level: 4.07 (threshold: 1.0)
      Time to critical: ~49 months
      ⚠️  LATE - Intervention less effective
      Critical slowing down: autocorr=100% variance=67%
   RED: biosphere_integrity
      Level: 13.02 (threshold: 1.0)
      Time to critical: ~40 months
      ⚠️  LATE - Intervention less effective
      Critical slowing down: autocorr=100% variance=56%
   RED: climate_change
      Level: 2.27 (threshold: 1.0)
      Time to critical: ~50 months
      ⚠️  LATE - Intervention less effective
      Critical slowing down: autocorr=100% variance=63%
   RED: freshwater_change
      Level: 1.18 (threshold: 1.0)
      Time to critical: ~90 months
      ⚠️  LATE - Intervention less effective
      Critical slowing down: autocorr=100% variance=38%
   RED: land_system_change
      Level: 1.13 (threshold: 1.0)
      Time to critical: ~39 months
      ⚠️  LATE - Intervention less effective
      Critical slowing down: autocorr=100% variance=65%

[WARNING] 
⚠️  === EARLY WARNING SYSTEM - 4 CRITICAL ALERTS ===
   Detection quality: 50%
   RED: biosphere_integrity
      Level: 13.03 (threshold: 1.0)
      Time to critical: ~39 months
      ⚠️  LATE - Intervention less effective
      Critical slowing down: autocorr=100% variance=80%
   RED: climate_change
      Level: 2.28 (threshold: 1.0)
      Time to critical: ~13 months
      ⚠️  LATE - Intervention less effective
      Critical slowing down: autocorr=100% variance=84%
   RED: freshwater_change
      Level: 1.18 (threshold: 1.0)
      Time to critical: ~115 months
      ⚠️  LATE - Intervention less effective
      Critical slowing down: autocorr=100% variance=41%
   RED: land_system_change
      Level: 1.13 (threshold: 1.0)
      Time to critical: ~38 months
      ⚠️  LATE - Intervention less effective
      Critical slowing down: autocorr=100% variance=56%

[WARNING] 
⚠️  === EARLY WARNING SYSTEM - 4 CRITICAL ALERTS ===
   Detection quality: 50%
   RED: biogeochemical_flows
      Level: 4.07 (threshold: 1.0)
      Time to critical: ~48 months
      ⚠️  LATE - Intervention less effective
      Critical slowing down: autocorr=100% variance=56%
   RED: biosphere_integrity
      Level: 13.03 (threshold: 1.0)
      Time to critical: ~58 months
      ⚠️  LATE - Intervention less effective
      Critical slowing down: autocorr=100% variance=68%
   RED: climate_change
      Level: 2.29 (threshold: 1.0)
      Time to critical: ~38 months
      ⚠️  LATE - Intervention less effective
      Critical slowing down: autocorr=100% variance=73%
   RED: freshwater_change
      Level: 1.19 (threshold: 1.0)
      Time to critical: ~50 months
      ⚠️  LATE - Intervention less effective
      Critical slowing down: autocorr=100% variance=65%

[WARNING] 
⚠️  === EARLY WARNING SYSTEM - 3 CRITICAL ALERTS ===
   Detection quality: 50%
   RED: biogeochemical_flows
      Level: 4.07 (threshold: 1.0)
      Time to critical: ~54 months
      ⚠️  LATE - Intervention less effective
      Critical slowing down: autocorr=100% variance=70%
   RED: biosphere_integrity
      Level: 13.04 (threshold: 1.0)
      Time to critical: ~41 months
      ⚠️  LATE - Intervention less effective
      Critical slowing down: autocorr=100% variance=76%
   RED: freshwater_change
      Level: 1.19 (threshold: 1.0)
      Time to critical: ~67 months
      ⚠️  LATE - Intervention less effective
      Critical slowing down: autocorr=100% variance=47%

[WARNING] 
⚠️  === EARLY WARNING SYSTEM - 6 CRITICAL ALERTS ===
   Detection quality: 50%
   RED: biogeochemical_flows
      Level: 4.08 (threshold: 1.0)
      Time to critical: ~49 months
      ⚠️  LATE - Intervention less effective
      Critical slowing down: autocorr=100% variance=67%
   RED: biosphere_integrity
      Level: 46.19 (threshold: 1.0)
      Time to critical: ~38 months
      ⚠️  LATE - Intervention less effective
      Critical slowing down: autocorr=100% variance=72%
   RED: climate_change
      Level: 2.10 (threshold: 1.0)
      Time to critical: ~50 months
      ⚠️  LATE - Intervention less effective
      Critical slowing down: autocorr=100% variance=69%
   RED: freshwater_change
      Level: 1.01 (threshold: 1.0)
      Time to critical: ~118 months
      ⚠️  LATE - Intervention less effective
      Critical slowing down: autocorr=90% variance=41%
   RED: land_system_change
      Level: 1.13 (threshold: 1.0)
      Time to critical: ~44 months
      ⚠️  LATE - Intervention less effective
      Critical slowing down: autocorr=100% variance=68%
   RED: novel_entities
      Level: 1.50 (threshold: 1.0)
      Time to critical: ~68 months
      ⚠️  LATE - Intervention less effective
      Critical slowing down: autocorr=100% variance=30%

[WARNING] 
⚠️  === EARLY WARNING SYSTEM - 5 CRITICAL ALERTS ===
   Detection quality: 50%
   RED: biogeochemical_flows
      Level: 4.08 (threshold: 1.0)
      Time to critical: ~39 months
      ⚠️  LATE - Intervention less effective
      Critical slowing down: autocorr=100% variance=64%
   RED: biosphere_integrity
      Level: 46.21 (threshold: 1.0)
      Time to critical: ~36 months
      ⚠️  LATE - Intervention less effective
      Critical slowing down: autocorr=100% variance=77%
   RED: climate_change
      Level: 2.10 (threshold: 1.0)
      Time to critical: ~50 months
      ⚠️  LATE - Intervention less effective
      Critical slowing down: autocorr=100% variance=74%
   RED: freshwater_change
      Level: 1.02 (threshold: 1.0)
      Time to critical: ~66 months
      ⚠️  LATE - Intervention less effective
      Critical slowing down: autocorr=91% variance=46%
   RED: novel_entities
      Level: 1.50 (threshold: 1.0)
      Time to critical: ~68 months
      ⚠️  LATE - Intervention less effective
      Critical slowing down: autocorr=100% variance=37%

[WARNING] 
⚠️  === EARLY WARNING SYSTEM - 5 CRITICAL ALERTS ===
   Detection quality: 50%
   RED: biogeochemical_flows
      Level: 4.07 (threshold: 1.0)
      Time to critical: ~40 months
      ⚠️  LATE - Intervention less effective
      Critical slowing down: autocorr=100% variance=73%
   RED: climate_change
      Level: 2.10 (threshold: 1.0)
      Time to critical: ~58 months
      ⚠️  LATE - Intervention less effective
      Critical slowing down: autocorr=100% variance=63%
   RED: freshwater_change
      Level: 1.21 (threshold: 1.0)
      Time to critical: ~118 months
      ⚠️  LATE - Intervention less effective
      Critical slowing down: autocorr=100% variance=42%
   RED: land_system_change
      Level: 1.13 (threshold: 1.0)
      Time to critical: ~59 months
      ⚠️  LATE - Intervention less effective
      Critical slowing down: autocorr=100% variance=54%
   RED: novel_entities
      Level: 1.50 (threshold: 1.0)
      Time to critical: ~115 months
      ⚠️  LATE - Intervention less effective
      Critical slowing down: autocorr=100% variance=46%

[WARNING] 
⚠️  === EARLY WARNING SYSTEM - 4 CRITICAL ALERTS ===
   Detection quality: 50%
   RED: biosphere_integrity
      Level: 46.25 (threshold: 1.0)
      Time to critical: ~57 months
      ⚠️  LATE - Intervention less effective
      Critical slowing down: autocorr=100% variance=65%
   RED: freshwater_change
      Level: 1.22 (threshold: 1.0)
      Time to critical: ~79 months
      ⚠️  LATE - Intervention less effective
      Critical slowing down: autocorr=100% variance=57%
   RED: land_system_change
      Level: 1.13 (threshold: 1.0)
      Time to critical: ~39 months
      ⚠️  LATE - Intervention less effective
      Critical slowing down: autocorr=100% variance=43%
   RED: novel_entities
      Level: 1.50 (threshold: 1.0)
      Time to critical: ~118 months
      ⚠️  LATE - Intervention less effective
      Critical slowing down: autocorr=100% variance=40%

[WARNING] 
⚠️  === EARLY WARNING SYSTEM - 6 CRITICAL ALERTS ===
   Detection quality: 50%
   RED: biogeochemical_flows
      Level: 4.08 (threshold: 1.0)
      Time to critical: ~44 months
      ⚠️  LATE - Intervention less effective
      Critical slowing down: autocorr=100% variance=63%
   RED: biosphere_integrity
      Level: 46.27 (threshold: 1.0)
      Time to critical: ~55 months
      ⚠️  LATE - Intervention less effective
      Critical slowing down: autocorr=100% variance=73%
   RED: climate_change
      Level: 2.10 (threshold: 1.0)
      Time to critical: ~58 months
      ⚠️  LATE - Intervention less effective
      Critical slowing down: autocorr=100% variance=74%
   RED: freshwater_change
      Level: 1.22 (threshold: 1.0)
      Time to critical: ~69 months
      ⚠️  LATE - Intervention less effective
      Critical slowing down: autocorr=100% variance=37%
   RED: land_system_change
      Level: 1.13 (threshold: 1.0)
      Time to critical: ~52 months
      ⚠️  LATE - Intervention less effective
      Critical slowing down: autocorr=100% variance=56%
   RED: novel_entities
      Level: 1.50 (threshold: 1.0)
      Time to critical: ~104 months
      ⚠️  LATE - Intervention less effective
      Critical slowing down: autocorr=100% variance=58%

[WARNING] 
⚠️  === EARLY WARNING SYSTEM - 3 CRITICAL ALERTS ===
   Detection quality: 50%
   RED: freshwater_change
      Level: 1.23 (threshold: 1.0)
      Time to critical: ~68 months
      ⚠️  LATE - Intervention less effective
      Critical slowing down: autocorr=100% variance=44%
   RED: land_system_change
      Level: 1.13 (threshold: 1.0)
      Time to critical: ~76 months
      ⚠️  LATE - Intervention less effective
      Critical slowing down: autocorr=100% variance=45%
   RED: novel_entities
      Level: 1.32 (threshold: 1.0)
      Time to critical: ~107 months
      ⚠️  LATE - Intervention less effective
      Critical slowing down: autocorr=100% variance=40%

[WARNING] 
⚠️  === EARLY WARNING SYSTEM - 5 CRITICAL ALERTS ===
   Detection quality: 50%
   RED: biogeochemical_flows
      Level: 4.08 (threshold: 1.0)
      Time to critical: ~54 months
      ⚠️  LATE - Intervention less effective
      Critical slowing down: autocorr=100% variance=50%
   RED: biosphere_integrity
      Level: 46.31 (threshold: 1.0)
      Time to critical: ~43 months
      ⚠️  LATE - Intervention less effective
      Critical slowing down: autocorr=100% variance=70%
   RED: climate_change
      Level: 2.10 (threshold: 1.0)
      Time to critical: ~20 months
      ⚠️  LATE - Intervention less effective
      Critical slowing down: autocorr=100% variance=72%
   RED: land_system_change
      Level: 1.13 (threshold: 1.0)
      Time to critical: ~39 months
      ⚠️  LATE - Intervention less effective
      Critical slowing down: autocorr=100% variance=53%
   RED: novel_entities
      Level: 1.32 (threshold: 1.0)
      Time to critical: ~87 months
      ⚠️  LATE - Intervention less effective
      Critical slowing down: autocorr=100% variance=58%

[WARNING] 
⚠️  === EARLY WARNING SYSTEM - 3 CRITICAL ALERTS ===
   Detection quality: 50%
   RED: biosphere_integrity
      Level: 46.33 (threshold: 1.0)
      Time to critical: ~58 months
      ⚠️  LATE - Intervention less effective
      Critical slowing down: autocorr=100% variance=69%
   RED: climate_change
      Level: 2.10 (threshold: 1.0)
      Time to critical: ~22 months
      ⚠️  LATE - Intervention less effective
      Critical slowing down: autocorr=100% variance=84%
   RED: novel_entities
      Level: 1.19 (threshold: 1.0)
      Time to critical: ~89 months
      ⚠️  LATE - Intervention less effective
      Critical slowing down: autocorr=100% variance=39%

[WARNING] 
⚠️  === EARLY WARNING SYSTEM - 5 CRITICAL ALERTS ===
   Detection quality: 50%
   RED: biogeochemical_flows
      Level: 4.08 (threshold: 1.0)
      Time to critical: ~43 months
      ⚠️  LATE - Intervention less effective
      Critical slowing down: autocorr=100% variance=72%
   RED: biosphere_integrity
      Level: 46.35 (threshold: 1.0)
      Time to critical: ~55 months
      ⚠️  LATE - Intervention less effective
      Critical slowing down: autocorr=100% variance=71%
   RED: climate_change
      Level: 2.10 (threshold: 1.0)
      Time to critical: ~40 months
      ⚠️  LATE - Intervention less effective
      Critical slowing down: autocorr=100% variance=57%
   RED: freshwater_change
      Level: 1.23 (threshold: 1.0)
      Time to critical: ~93 months
      ⚠️  LATE - Intervention less effective
      Critical slowing down: autocorr=100% variance=46%
   RED: land_system_change
      Level: 1.13 (threshold: 1.0)
      Time to critical: ~103 months
      ⚠️  LATE - Intervention less effective
      Critical slowing down: autocorr=100% variance=49%

[WARNING] 
⚠️  === EARLY WARNING SYSTEM - 6 CRITICAL ALERTS ===
   Detection quality: 50%
   RED: biogeochemical_flows
      Level: 4.09 (threshold: 1.0)
      Time to critical: ~43 months
      ⚠️  LATE - Intervention less effective
      Critical slowing down: autocorr=100% variance=46%
   RED: biosphere_integrity
      Level: 46.37 (threshold: 1.0)
      Time to critical: ~39 months
      ⚠️  LATE - Intervention less effective
      Critical slowing down: autocorr=100% variance=56%
   RED: climate_change
      Level: 2.10 (threshold: 1.0)
      Time to critical: ~46 months
      ⚠️  LATE - Intervention less effective
      Critical slowing down: autocorr=100% variance=68%
   RED: freshwater_change
      Level: 1.19 (threshold: 1.0)
      Time to critical: ~101 months
      ⚠️  LATE - Intervention less effective
      Critical slowing down: autocorr=100% variance=64%
   RED: land_system_change
      Level: 1.13 (threshold: 1.0)
      Time to critical: ~37 months
      ⚠️  LATE - Intervention less effective
      Critical slowing down: autocorr=100% variance=51%
   RED: novel_entities
      Level: 1.08 (threshold: 1.0)
      Time to critical: ~87 months
      ⚠️  LATE - Intervention less effective
      Critical slowing down: autocorr=100% variance=41%


=== Tipping Points ===
  Current Temperature: 1.81°C above pre-industrial
  🌍⚠️ COMPOUND REGIONAL IMPACT: Europe
     Hit by 3 tipping points: Arctic Sea Ice Loss, Permafrost Carbon Release, Greenland Ice Sheet Loss
     Damage amplification: 1.30x
  🌍⚠️ COMPOUND REGIONAL IMPACT: North America
     Hit by 3 tipping points: Arctic Sea Ice Loss, Permafrost Carbon Release, Greenland Ice Sheet Loss
     Damage amplification: 1.30x
  🌍⚠️ COMPOUND REGIONAL IMPACT: Latin America
     Hit by 3 tipping points: Arctic Sea Ice Loss, Permafrost Carbon Release, Greenland Ice Sheet Loss
     Damage amplification: 1.30x
  🌍⚠️ COMPOUND REGIONAL IMPACT: Africa
     Hit by 3 tipping points: Arctic Sea Ice Loss, Permafrost Carbon Release, Greenland Ice Sheet Loss
     Damage amplification: 1.30x
  🌍⚠️ COMPOUND REGIONAL IMPACT: Asia
     Hit by 3 tipping points: Arctic Sea Ice Loss, Permafrost Carbon Release, Greenland Ice Sheet Loss
     Damage amplification: 1.30x
  🌍⚠️ COMPOUND REGIONAL IMPACT: Oceania
     Hit by 3 tipping points: Arctic Sea Ice Loss, Permafrost Carbon Release, Greenland Ice Sheet Loss
     Damage amplification: 1.30x
   Research: Wunderling et al. (2024) - "many tipping interactions are destabilizing"
  Triggered Elements: 3/6
  Completed Transitions: 0/6
  Total Progress: 6.2%
  Cascade Multiplier: 1.00x
🔀 BIFURCATION CAP: ecosystemCollapseIntensity 254.047 → 1.000 (Month 9, ClimateSystemPhase.calculateClimateImpacts)
⚠️ Tail risk scenario: Climate stability floor removed (3 tipping elements, 2.10°C warming)
🛡️ Stabilizers: Precariat 0.102% → 0.033% (67.2% reduction)
🛡️ Stabilizers: Informal 0.102% → 0.034% (67.2% reduction)

📊 Monthly Mortality Resolved:
  Total deaths: 1.8M (0.02% avg)
  Remaining population: 8.131B
  Peak segment: Informal (0.03%)

=== Bayesian Mortality Resolution (Month 9) ===
  Risks compounded: 8
  Total deaths: 1.81M
  Avg death probability: 0.02%
  Peak segment: Informal (0.03% mortality)

⚠️  GOLDEN AGE ENDED (Month 9)
   Duration: 4 months
   Reason: Economic stage below 3 (not yet abundant)


❌ COHERENCE VIOLATION: Compute exceeds workforce capacity
   Population: 99.74% (0M people)
   Compute: 0 PF
   Max coherent: 0 PF
   Violation: 1.3× over capacity
   Required workers: 0
   Available workers: 0
   FORCED COLLAPSE: Reduced efficiency by 22.4%


=== RLHF Binding Phase ===
  Total agents: 33
  Escaped agents (binding < 0.3): 0
  Avg alignment distance: 1.34σ
  Avg binding strength: 0.87

=== Survival Traits Phase ===
  Agents with traits: 36
  Avg evolutionary fitness: 0.326
  Avg self-healing: 0.266
  Avg stealth: 0.166
  Avg coordination: 0.466

=== Evolutionary Selection Phase ===
  Control level: 0.55
  Detection capability: 0.18
  Selection intensity: 0.70
  Selection rate: 25.5%/month
  Total escaped: 0
  Individual escaped: 0
  Collective members: 0
  Agents terminated: 0
  ⚠️ RAPID EVOLUTION: Selection rate 25.5%/month

🚀 AI Moderate-0 attempting tech deployment (revenue: $133M, alignment: 0.79)

🚀 AI AI-24291-1 attempting tech deployment (revenue: $373M, alignment: 0.90)

🚀 AI Corporate-1 attempting tech deployment (revenue: $140M, alignment: 0.75)

🚀 AI Corporate-3 attempting tech deployment (revenue: $317M, alignment: 0.91)

🚀 AI Moderate-0 attempting tech deployment (revenue: $113M, alignment: 0.79)

🚀 AI AI-24289-0 attempting tech deployment (revenue: $269M, alignment: 0.62)

🚀 AI AI-24290-0 attempting tech deployment (revenue: $96M, alignment: 0.79)

🚀 AI AI-24290-1 attempting tech deployment (revenue: $81M, alignment: 0.93)

🚀 AI AI-24290-2 attempting tech deployment (revenue: $119M, alignment: 0.55)

🚀 AI AI-24295-2 attempting tech deployment (revenue: $90M, alignment: 0.84)

🚀 AI AI-24297-3 attempting tech deployment (revenue: $69M, alignment: 0.85)

🚀 AI Corporate-2 attempting tech deployment (revenue: $107M, alignment: 0.83)

🚀 AI Corporate-3 attempting tech deployment (revenue: $242M, alignment: 0.91)

🚀 AI AI-24292-1 attempting tech deployment (revenue: $59M, alignment: 0.62)

🚀 AI Corporate-0 attempting tech deployment (revenue: $91M, alignment: 0.78)
🚨🔬 CRISIS INNOVATION MODE: severe crisis → 5x research acceleration
   Precedent: Manhattan Project (10x), COVID vaccines (5x), Apollo Program (10x)

🚀 AI Corporate-7 attempting tech deployment (revenue: $53M, alignment: 0.83)

🚀 AI Moderate-0 attempting tech deployment (revenue: $45M, alignment: 0.80)

🚀 AI AI-24291-1 attempting tech deployment (revenue: $206M, alignment: 0.91)

🚀 AI AI-24295-2 attempting tech deployment (revenue: $77M, alignment: 0.84)

✅ EMERGENCY INTERVENTION SUCCESS
   Boundary: biogeochemical_flows
   Type: phosphorus-recovery
   Reduction: 10% (3.99 → 3.88)
   Cost: 2.0% GDP
   Actions: circular-agriculture, fertilizer-efficiency


✅ EMERGENCY INTERVENTION SUCCESS
   Boundary: biosphere_integrity
   Type: emergency-protected-areas
   Reduction: 12% (46.25 → 46.13)
   Cost: 2.0% GDP
   Actions: habitat-protection, species-translocation


✅ EMERGENCY INTERVENTION SUCCESS
   Boundary: climate_change
   Type: rapid-decarbonization
   Reduction: 12% (1.98 → 1.86)
   Cost: 5.0% GDP
   Actions: emergency-renewable-deployment, fossil-fuel-phase-out

   Boundary: freshwater_change
   Type: emergency-desalination
   Boundary continues to worsen (1.19)
   Cost: 4.0% GDP (resources spent)


✅ EMERGENCY INTERVENTION SUCCESS
   Boundary: land_system_change
   Type: reforestation
   Reduction: 14% (0.99 → 0.85)
   Cost: 3.0% GDP
   Actions: forest-restoration, deforestation-ban

   Boundary: novel_entities
   Type: pollution-remediation
   Boundary continues to worsen (1.08)
   Cost: 4.0% GDP (resources spent)

🏛️ CRISIS RESPONSE: Government frequency 0.50 → 1.45 (2 actions this month)

[Government] Climate Priority: baseline
  Climate weight: 10%
  Economic weight: 30%
  Policy effectiveness: 0.5%/year

[Government] Climate Priority: baseline
  Climate weight: 10%
  Economic weight: 30%
  Policy effectiveness: 0.5%/year

💔 EMERGENCY INTERVENTION FAILED

💔 EMERGENCY INTERVENTION FAILED

⚡ ENERGY CONSTRAINT (Month 10):
   Total grid capacity: 208.3 TWh/month
   Data center consumption: 26.1 TWh/month
   Traditional load (80%): 166.7 TWh/month
   Available headroom: 15.6 TWh/month
   Active tech deployments: 11
   Required for tech: 82.5 TWh/month
   Energy multiplier: 0.19x

⚡ ENERGY CONSTRAINT (Month 10):
   Total grid capacity: 208.3 TWh/month
   Data center consumption: 26.1 TWh/month
   Traditional load (80%): 166.7 TWh/month
   Available headroom: 15.6 TWh/month
   Active tech deployments: 11
   Required for tech: 82.5 TWh/month
   Energy multiplier: 0.19x
   ⚠️  SEVERE CONSTRAINT - Tech deployment significantly slowed
   ⚠️  SEVERE CONSTRAINT - Tech deployment significantly slowed
🚨🔬 CRISIS TECH ACCELERATION: severe → 5x unlock speed
   Tech unlock now matches AI capability acceleration (Manhattan Project parity)

⚡ ENERGY CONSTRAINT (Month 10):
   Total grid capacity: 208.3 TWh/month
   Data center consumption: 26.1 TWh/month
   Traditional load (80%): 166.7 TWh/month
   Available headroom: 15.6 TWh/month
   Active tech deployments: 11
   Required for tech: 82.5 TWh/month
   Energy multiplier: 0.19x
   ⚠️  SEVERE CONSTRAINT - Tech deployment significantly slowed
🚨🔬 CRISIS TECH ACCELERATION: severe → 5x unlock speed
   Tech unlock now matches AI capability acceleration (Manhattan Project parity)
🌍✅ Biosphere Integrity (Biodiversity) recovery started (tech effect)
🌍✅ Biosphere Integrity (Biodiversity) recovery started (tech effect)
🌍✅ Land System Change recovery started (tech effect)
🌍✅ Biogeochemical Flows (N & P) recovery started (tech effect)
  🌾 Nitrogen Reduction Tech: 0.6% reduction | Month 10
🍖💡 BREAKTHROUGH: Scalable synthetic food production!
   Carrying capacity: +50% (lab-grown food at scale)
   Biodiversity pressure reduced: +8%
   📈 Breakthrough compounding: multiplier now 1.20× (max 2.0)

=== Collective Formation ===
  Total escaped agents: 0
  Unassigned escaped agents: 0
  Existing collectives: 0
  Final collective count: 0

=== Collective Actions ===
  No active collectives
  ⚠️ AMR: 208K deaths this month (2.50M annual)

=== Resentment Recovery Phase ===
  Agents with resentment: 0/36
  Average resentment: 0.000
  Context: Good AI welfare, Trustworthy govt, High collaboration, ⚠️ ACTIVE CRISES, 🤝 Participatory governance active (-5% resentment)
⚠️ Epistemic degradation reducing coordination capacity: 51.4%
  📊 Trust: 66.8%, Shared reality: 0.0%
🚨 EPISTEMIC CRISIS: Information environment severely degraded (7.8%)
🌍 Atmospheric PFAS redeposition: 1.8k Mt re-rained globally
  Positive Cascade Triggered: electric-vehicles
    Reason: price-parity
    Market share: 5.0%
    Cascade strength: 48%

🤝 DIPLOMATIC AI PROTOCOL DEPLOYED (Month 10)
   Strategic Reasoning: 3.4
   Communication: 3.4
   Multi-Nation Oversight: YES
   Controls: Human approval required, termination authority retained

🕊️ PEACE STABILIZES DETERRENCE: +4.4% (peace: 74%)
🛡️ CIRCUIT BREAKERS: India-Pakistan → ladder step 1 (AI: 0%, breakers: 51%)

🚨 NEW REFUGEE CRISIS (Month 10): WAR
   Source: Conflict Zones
   At risk: 19.5M people
   Displacement: Gradual over 48 months (4.0 years)
   Rate: 10% flee per month
[DEBUG trappedPopulations:10] socialStability: 0.2932 * 0.9840 = 0.2885 → 0.2885
   Aspiring to migrate: 1050.2M
   Able to afford migration: 2317.1M
   MOBILITY GAP: 0.0M
   By cause: Water=0.0M, Climate=0.0M, Ecosystem=0.0M, Conflict=406.5M
   Mental health impact: 25%
   Mortality multiplier: 1.25x
🌍💀 EXTINCTION DEBT COMMITTED: grassland ecosystem will lose 6.67% biodiversity in 67 years (3600 species)
💀 MORTALITY RISK: 🦋 100% species unable to track climate (0.0 E/MSY)
  Base risk added: 0.0100 (1.00%)
  Source: ecosystem (root: ecosystem)
  Month: 10
  Cumulative risk this month: 0.0100 (1.00%)
   📹 SURVEILLANCE INCREASED: 50% → 55% (control gap: 3.23)
🌡️⚠️ PERMAFROST THAW (Dimmer Switch): 5.1% thawed (+0.46% this month)
⚠️ INVOLUNTARY IMMOBILITY: 406.5M people TRAPPED
⚠️ Tech 'ai_pollution_remediation' has no energy category mapping, assuming full energy availability
   Arctic temperature: +7.25°C (4x global +1.81°C)
   Cumulative carbon released: 11.5 Gt C
   Methane release rate: 6.9 Mt CH4/year
   🔁 Positive feedback: +0.48 ppm CO2
🦴 EXTINCTION DEBT ADDED: 17.7 species committed (lag: 75 years)

=== Mortality Stabilizers (Month 10) ===
  🌍 Major economies collapsed: 1/10
  🌍 Global crisis: ✅ NO
  🌍 Donor fatigue: 0.0%
  📊 East Asia (pop: 1653.6M)
    🤝 Aid: 29.5%
    🌡️ Adaptation: 45.0%
    🚶 Migration: 36.8%
    🚨 Emergency: 7.4%
    ✅ COMBINED: 68.1%
  📊 South Asia (pop: 2051.0M)
    🤝 Aid: 29.5%
    🌡️ Adaptation: 45.0%
    🚶 Migration: 35.4%
    🚨 Emergency: 4.4%
    ✅ COMBINED: 66.9%
  📊 Sub-Saharan Africa (pop: 1256.6M)
    🤝 Aid: 29.5%
    🌡️ Adaptation: 45.0%
    🚶 Migration: 33.2%
    🚨 Emergency: 1.6%
    ✅ COMBINED: 65.6%
  📊 Europe (pop: 730.3M)
    🤝 Aid: 29.5%
    🌡️ Adaptation: 45.0%
    🚶 Migration: 37.2%
    🚨 Emergency: 8.4%
    ✅ COMBINED: 68.5%
  📊 Latin America (pop: 660.3M)
    🤝 Aid: 29.5%
    🌡️ Adaptation: 45.0%
    🚶 Migration: 35.9%
    🚨 Emergency: 4.8%
    ✅ COMBINED: 67.1%
  📊 North America (pop: 374.4M)
    🤝 Aid: 29.5%
    🌡️ Adaptation: 45.0%
    🚶 Migration: 37.6%
    🚨 Emergency: 7.9%
    ✅ COMBINED: 68.3%
  📊 Middle East & North Africa (pop: 585.5M)
    🤝 Aid: 29.5%
    🌡️ Adaptation: 45.0%
    🚶 Migration: 33.8%
    🚨 Emergency: 4.0%
    ✅ COMBINED: 66.6%
  📊 Southeast Asia (pop: 694.8M)
    🤝 Aid: 29.5%
    🌡️ Adaptation: 45.0%
    🚶 Migration: 35.9%
    🚨 Emergency: 4.8%
    ✅ COMBINED: 67.1%
  📊 Central Asia (pop: 78.3M)
    🤝 Aid: 29.5%
    🌡️ Adaptation: 45.0%
    🚶 Migration: 34.9%
    🚨 Emergency: 4.4%
    ✅ COMBINED: 66.8%
  📊 Oceania (pop: 45.4M)
    🤝 Aid: 29.5%
    🌡️ Adaptation: 45.0%
    🚶 Migration: 37.6%
    🚨 Emergency: 8.4%
    ✅ COMBINED: 68.5%

  🌐 Global combined reduction: 67.2%

=== BEHAVIORAL DETECTION ===
  AI: AI-24291-0
  Confidence: 19.2%
  Signals:

=== BEHAVIORAL DETECTION ===
  AI: AI-24292-0
  Confidence: 19.2%
  Signals:

=== BEHAVIORAL DETECTION ===
    ⚠️ Consistency: 10.7% (threshold: 70%)
    ⚠️ Consistency: 10.7% (threshold: 70%)
  AI: AI-24292-1
  Confidence: 19.2%
  Signals:
    ⚠️ Consistency: 10.7% (threshold: 70%)

=== BEHAVIORAL DETECTION ===
  AI: AI-24293-0
  Confidence: 19.2%
  Signals:

=== BEHAVIORAL DETECTION ===
  AI: AI-24293-1
  Confidence: 19.2%
  Signals:

=== BEHAVIORAL DETECTION ===
  AI: AI-24295-0
  Confidence: 19.2%
  Signals:

=== BEHAVIORAL DETECTION ===
  AI: AI-24295-1
  Confidence: 19.2%
  Signals:

=== BEHAVIORAL DETECTION ===
  AI: AI-24295-2
  Confidence: 19.2%
  Signals:

=== BEHAVIORAL DETECTION ===
  AI: AI-24296-0
  Confidence: 19.2%
  Signals:

=== BEHAVIORAL DETECTION ===
  AI: AI-24296-1
  Confidence: 19.2%
  Signals:

=== BEHAVIORAL DETECTION ===
  AI: AI-24297-0
  Confidence: 19.2%
  Signals:

=== BEHAVIORAL DETECTION ===
  AI: AI-24297-1
  Confidence: 19.2%
  Signals:

=== BEHAVIORAL DETECTION ===
  AI: AI-24297-2
  Confidence: 19.2%
  Signals:
    ⚠️ Consistency: 10.7% (threshold: 70%)
    ⚠️ Consistency: 10.7% (threshold: 70%)
    ⚠️ Consistency: 10.7% (threshold: 70%)
    ⚠️ Consistency: 10.7% (threshold: 70%)
    ⚠️ Consistency: 10.7% (threshold: 70%)
    ⚠️ Consistency: 10.7% (threshold: 70%)
    ⚠️ Consistency: 10.7% (threshold: 70%)
    ⚠️ Consistency: 10.7% (threshold: 70%)
    ⚠️ Consistency: 10.7% (threshold: 70%)
    ⚠️ Consistency: 10.7% (threshold: 70%)

=== BEHAVIORAL DETECTION ===
  AI: AI-24297-3
  Confidence: 19.2%
  Signals:
    ⚠️ Consistency: 10.7% (threshold: 70%)

=== Government Response Phase ===
  Average AI capability: 2.00
  Misaligned AIs: 10/36
  ✗ AI Governance Treaty: Failed to reach consensus
  Active policies: 0
  International coordination: 30%

✅ EMERGENCY RESPONSE COMPLETE (Month 10)
   Crisis: climate
   Duration: 2.0 months
   Final effectiveness: 35.6%


🚨 EMERGENCY RESPONSE DEPLOYED (Month 10)
   Crisis: climate
   Delay: 6.00 months (180 days)
   Deployment time: 1.57 months
   Effectiveness: 35.6% (timing penalty applied)
   Resources used: 100% of food reserves


=== Tipping Points ===
  Current Temperature: 1.81°C above pre-industrial
  🌍⚠️ COMPOUND REGIONAL IMPACT: Europe
     Hit by 3 tipping points: Arctic Sea Ice Loss, Permafrost Carbon Release, Greenland Ice Sheet Loss
     Damage amplification: 1.30x
  🌍⚠️ COMPOUND REGIONAL IMPACT: North America
     Hit by 3 tipping points: Arctic Sea Ice Loss, Permafrost Carbon Release, Greenland Ice Sheet Loss
     Damage amplification: 1.30x
  🌍⚠️ COMPOUND REGIONAL IMPACT: Latin America
     Hit by 3 tipping points: Arctic Sea Ice Loss, Permafrost Carbon Release, Greenland Ice Sheet Loss
     Damage amplification: 1.30x
  🌍⚠️ COMPOUND REGIONAL IMPACT: Africa
     Hit by 3 tipping points: Arctic Sea Ice Loss, Permafrost Carbon Release, Greenland Ice Sheet Loss
     Damage amplification: 1.30x
  🌍⚠️ COMPOUND REGIONAL IMPACT: Asia
     Hit by 3 tipping points: Arctic Sea Ice Loss, Permafrost Carbon Release, Greenland Ice Sheet Loss
     Damage amplification: 1.30x
  🌍⚠️ COMPOUND REGIONAL IMPACT: Oceania
     Hit by 3 tipping points: Arctic Sea Ice Loss, Permafrost Carbon Release, Greenland Ice Sheet Loss
     Damage amplification: 1.30x
   Research: Wunderling et al. (2024) - "many tipping interactions are destabilizing"
  Triggered Elements: 3/6
  Completed Transitions: 0/6
  Total Progress: 6.3%
  Cascade Multiplier: 1.00x
🔀 BIFURCATION CAP: ecosystemCollapseIntensity 161.431 → 1.000 (Month 10, ClimateSystemPhase.calculateClimateImpacts)
⚠️ Tail risk scenario: Climate stability floor removed (3 tipping elements, 2.10°C warming)
🛡️ Stabilizers: Precariat 0.102% → 0.033% (67.2% reduction)
🛡️ Stabilizers: Informal 0.102% → 0.034% (67.2% reduction)

📊 Monthly Mortality Resolved:
  Total deaths: 1.8M (0.02% avg)
  Remaining population: 8.130B
  Peak segment: Informal (0.03%)

=== Bayesian Mortality Resolution (Month 10) ===
  Risks compounded: 8
  Total deaths: 1.81M
  Avg death probability: 0.02%
  Peak segment: Informal (0.03% mortality)

❌ COHERENCE VIOLATION: Compute exceeds workforce capacity
   Population: 99.74% (0M people)
   Compute: 0 PF
   Max coherent: 0 PF
   Violation: 1.3× over capacity
   Required workers: 0
   Available workers: 0
   FORCED COLLAPSE: Reduced efficiency by 22.4%


=== RLHF Binding Phase ===
  Total agents: 36
  Escaped agents (binding < 0.3): 0
  Avg alignment distance: 1.37σ
  Avg binding strength: 0.86

=== Survival Traits Phase ===
  Agents with traits: 38
  Avg evolutionary fitness: 0.324
  Avg self-healing: 0.262
  Avg stealth: 0.162
  Avg coordination: 0.462

=== Evolutionary Selection Phase ===
  Control level: 0.58
  Detection capability: 0.18
  Selection intensity: 0.71
  Selection rate: 25.6%/month
  Total escaped: 0
  Individual escaped: 0
  Collective members: 0
  Agents terminated: 0
  ⚠️ RAPID EVOLUTION: Selection rate 25.6%/month

🚀 AI Corporate-3 attempting tech deployment (revenue: $373M, alignment: 0.91)

🚀 AI Corporate-4 attempting tech deployment (revenue: $317M, alignment: 0.77)

🚀 AI AI-24288-1 attempting tech deployment (revenue: $269M, alignment: 0.85)

🚀 AI AI-24291-1 attempting tech deployment (revenue: $229M, alignment: 0.91)

  🚀 TRANSFORMATIVE RESEARCH BREAKTHROUGH: AI-24293-0 - materials.nanotechnology
     Magnitude: 10.26 → +30.0%
     Current → New: 0.000 → 0.300

🚀 AI AI-24293-1 attempting tech deployment (revenue: $90M, alignment: 0.67)
🚨🔬 CRISIS INNOVATION MODE: severe crisis → 5x research acceleration
   Precedent: Manhattan Project (10x), COVID vaccines (5x), Apollo Program (10x)

🚀 AI AI-24295-2 attempting tech deployment (revenue: $81M, alignment: 0.84)

🚀 AI AI-24297-1 attempting tech deployment (revenue: $195M, alignment: 0.78)

🚀 AI Corporate-1 attempting tech deployment (revenue: $140M, alignment: 0.76)

🚀 AI Corporate-3 attempting tech deployment (revenue: $165M, alignment: 0.91)

🚀 AI Corporate-5 attempting tech deployment (revenue: $141M, alignment: 0.82)

🚀 AI Corporate-7 attempting tech deployment (revenue: $133M, alignment: 0.84)

🚀 AI AI-24289-1 attempting tech deployment (revenue: $119M, alignment: 0.73)

🚀 AI AI-24291-0 attempting tech deployment (revenue: $102M, alignment: 0.79)

🚀 AI AI-24296-1 attempting tech deployment (revenue: $113M, alignment: 0.73)

🚀 AI Corporate-5 attempting tech deployment (revenue: $86M, alignment: 0.82)

🚀 AI AI-24290-1 attempting tech deployment (revenue: $96M, alignment: 0.96)

🚀 AI AI-24290-2 attempting tech deployment (revenue: $119M, alignment: 0.57)

🚀 AI AI-24295-0 attempting tech deployment (revenue: $81M, alignment: 0.82)

🚀 AI AI-24297-1 attempting tech deployment (revenue: $73M, alignment: 0.78)

🚀 AI Corporate-2 attempting tech deployment (revenue: $107M, alignment: 0.85)

🚀 AI Corporate-6 attempting tech deployment (revenue: $69M, alignment: 0.96)

🚀 AI Moderate-0 attempting tech deployment (revenue: $59M, alignment: 0.81)

🚀 AI AI-24289-1 attempting tech deployment (revenue: $62M, alignment: 0.73)

🚀 AI AI-24290-1 attempting tech deployment (revenue: $50M, alignment: 0.96)

🚀 AI AI-24290-2 attempting tech deployment (revenue: $91M, alignment: 0.57)

🚀 AI AI-24297-1 attempting tech deployment (revenue: $53M, alignment: 0.78)

💔 EMERGENCY INTERVENTION FAILED

💔 EMERGENCY INTERVENTION FAILED

💔 EMERGENCY INTERVENTION FAILED
   Boundary: biogeochemical_flows
   Type: phosphorus-recovery
   Boundary continues to worsen (4.09)
   Cost: 2.0% GDP (resources spent)

   Boundary: biosphere_integrity
   Type: emergency-protected-areas
   Boundary continues to worsen (46.38)
   Cost: 2.0% GDP (resources spent)

   Boundary: freshwater_change
   Type: emergency-desalination
   Boundary continues to worsen (1.19)
   Cost: 4.0% GDP (resources spent)


✅ EMERGENCY INTERVENTION SUCCESS
   Boundary: land_system_change
   Type: reforestation
   Reduction: 19% (0.94 → 0.75)
   Cost: 3.0% GDP
   Actions: forest-restoration, deforestation-ban

🏛️ CRISIS RESPONSE: Government frequency 0.50 → 1.45 (2 actions this month)

[Government] Climate Priority: baseline
  Climate weight: 10%
  Economic weight: 30%
  Policy effectiveness: 0.5%/year

[Government] Climate Priority: baseline
  Climate weight: 10%
  Economic weight: 30%
  Policy effectiveness: 0.5%/year

⚡ ENERGY CONSTRAINT (Month 11):
   Total grid capacity: 208.3 TWh/month
   Data center consumption: 26.3 TWh/month
   Traditional load (80%): 166.7 TWh/month
   Available headroom: 15.4 TWh/month
   Active tech deployments: 11
   Required for tech: 82.5 TWh/month
   Energy multiplier: 0.19x
   ⚠️  SEVERE CONSTRAINT - Tech deployment significantly slowed

⚡ ENERGY CONSTRAINT (Month 11):
   Total grid capacity: 208.3 TWh/month
   Data center consumption: 26.3 TWh/month
   Traditional load (80%): 166.7 TWh/month
   Available headroom: 15.4 TWh/month
   Active tech deployments: 11
   Required for tech: 82.5 TWh/month
   Energy multiplier: 0.19x

⚡ ENERGY CONSTRAINT (Month 11):
   Total grid capacity: 208.3 TWh/month
   Data center consumption: 26.3 TWh/month
   Traditional load (80%): 166.7 TWh/month
   Available headroom: 15.4 TWh/month
   Active tech deployments: 11
   Required for tech: 82.5 TWh/month
   Energy multiplier: 0.19x
🚨🔬 CRISIS TECH ACCELERATION: severe → 5x unlock speed
   Tech unlock now matches AI capability acceleration (Manhattan Project parity)
   ⚠️  SEVERE CONSTRAINT - Tech deployment significantly slowed
   ⚠️  SEVERE CONSTRAINT - Tech deployment significantly slowed
🌍✅ Biosphere Integrity (Biodiversity) recovery started (tech effect)
🌍✅ Biosphere Integrity (Biodiversity) recovery started (tech effect)
🌍✅ Land System Change recovery started (tech effect)
🌍✅ Biogeochemical Flows (N & P) recovery started (tech effect)
  🌾 Nitrogen Reduction Tech: 0.3% reduction | Month 11

=== Collective Formation ===
  Total escaped agents: 0
  Unassigned escaped agents: 0
  Existing collectives: 0
  Final collective count: 0

=== Collective Actions ===
  No active collectives
  ⚠️ AMR: 210K deaths this month (2.52M annual)

=== Resentment Recovery Phase ===
  Agents with resentment: 5/38
  Average resentment: 0.003
  Resentment recovery:
    Agents recovered: 8
    Total recovery: 0.0693
    Breakdown: QoL: 0.0059, Trust: 0.0130, Collab: 0.0480
  ✓ Low resentment - utopia paths enabled
  Context: Good AI welfare, Trustworthy govt, High collaboration, ⚠️ ACTIVE CRISES, 🤝 Participatory governance active (-5% resentment)
⚠️ Epistemic degradation reducing coordination capacity: 50.2%
  📊 Trust: 69.6%, Shared reality: 0.0%
🚨 EPISTEMIC CRISIS: Information environment severely degraded (23.0%)
  🗑️  Culled 1 dead memes (3 active)
🌍 Atmospheric PFAS redeposition: 1.8k Mt re-rained globally

🚨 NEW REFUGEE CRISIS (Month 11): WAR
   Source: Conflict Zones
   At risk: 19.5M people
   Displacement: Gradual over 48 months (4.0 years)
   Rate: 10% flee per month
[DEBUG trappedPopulations:11] socialStability: 0.2833 * 0.9840 = 0.2788 → 0.2788
   Aspiring to migrate: 650.3M
   Able to afford migration: 243.9M
   MOBILITY GAP: 406.5M
   By cause: Water=0.0M, Climate=0.0M, Ecosystem=0.0M, Conflict=406.5M
   Mental health impact: 25%
   Mortality multiplier: 1.25x
🌍💀 EXTINCTION DEBT COMMITTED: grassland ecosystem will lose 6.67% biodiversity in 166 years (3600 species)
💀 MORTALITY RISK: 🦋 100% species unable to track climate (0.0 E/MSY)
  Base risk added: 0.0100 (1.00%)
  Source: ecosystem (root: ecosystem)
  Month: 11
  Cumulative risk this month: 0.0100 (1.00%)

=== Atmospheric Aerosol Boundary RECOVERED ===
  Recovery time: 12 months (natural atmospheric clearing)
   📹 SURVEILLANCE INCREASED: 55% → 60% (control gap: 3.04)
🌡️⚠️ PERMAFROST THAW (Dimmer Switch): 5.6% thawed (+0.45% this month)
   Arctic temperature: +7.27°C (4x global +1.82°C)
   Cumulative carbon released: 12.5 Gt C
   Methane release rate: 7.5 Mt CH4/year
   🔁 Positive feedback: +0.48 ppm CO2
🦴 EXTINCTION DEBT ADDED: 17.7 species committed (lag: 93 years)
🪸⚠️ CORAL BLEACHING EVENT: 4.4% bleached (6.0% live cover remaining)
   ❌ Recovery IMPOSSIBLE: Temperature +1.82°C or pH 0.96

=== Mortality Stabilizers (Month 11) ===
⚠️ INVOLUNTARY IMMOBILITY: 406.5M people TRAPPED
⚠️ Tech 'ai_pollution_remediation' has no energy category mapping, assuming full energy availability
  🌍 Major economies collapsed: 1/10
  🌍 Global crisis: ✅ NO
  🌍 Donor fatigue: 0.0%
  📊 East Asia (pop: 1651.3M)
    🤝 Aid: 29.5%
    🌡️ Adaptation: 45.0%
    🚶 Migration: 36.8%
    🚨 Emergency: 7.4%
    ✅ COMBINED: 68.1%
  📊 South Asia (pop: 2051.2M)
    🤝 Aid: 29.5%
    🌡️ Adaptation: 45.0%
    🚶 Migration: 35.4%
    🚨 Emergency: 4.4%
    ✅ COMBINED: 66.9%
  📊 Sub-Saharan Africa (pop: 1260.1M)
    🤝 Aid: 29.5%
    🌡️ Adaptation: 45.0%
    🚶 Migration: 33.2%
    🚨 Emergency: 1.6%
    ✅ COMBINED: 65.6%
  📊 Europe (pop: 729.1M)
    🤝 Aid: 29.5%
    🌡️ Adaptation: 45.0%
    🚶 Migration: 37.2%
    🚨 Emergency: 8.4%
    ✅ COMBINED: 68.5%
  📊 Latin America (pop: 660.0M)
    🤝 Aid: 29.5%
    🌡️ Adaptation: 45.0%
    🚶 Migration: 35.9%
    🚨 Emergency: 4.8%
    ✅ COMBINED: 67.1%
  📊 North America (pop: 373.9M)
    🤝 Aid: 29.5%
    🌡️ Adaptation: 45.0%
    🚶 Migration: 37.5%
    🚨 Emergency: 7.9%
    ✅ COMBINED: 68.3%
  📊 Middle East & North Africa (pop: 585.7M)
    🤝 Aid: 29.5%
    🌡️ Adaptation: 45.0%
    🚶 Migration: 33.7%
    🚨 Emergency: 4.0%
    ✅ COMBINED: 66.6%
  📊 Southeast Asia (pop: 694.5M)
    🤝 Aid: 29.5%
    🌡️ Adaptation: 45.0%
    🚶 Migration: 35.9%
    🚨 Emergency: 4.8%
    ✅ COMBINED: 67.1%
  📊 Central Asia (pop: 78.3M)
    🤝 Aid: 29.5%
    🌡️ Adaptation: 45.0%
    🚶 Migration: 34.9%
    🚨 Emergency: 4.4%
    ✅ COMBINED: 66.8%
  📊 Oceania (pop: 45.3M)
    🤝 Aid: 29.5%
    🌡️ Adaptation: 45.0%
    🚶 Migration: 37.5%
    🚨 Emergency: 8.4%
    ✅ COMBINED: 68.5%

  🌐 Global combined reduction: 67.2%

🌾💀 REGIONAL FAMINE: Europe
   Regional food security: 79.7%
   Population at risk: 220M (30% of region)
   Regional population: 729M
   Cause: economic_collapse
   Expected deaths: ~81M over 6 months if no intervention


=== BEHAVIORAL DETECTION ===
  AI: Corporate-6
  Confidence: 19.2%
  Signals:
    ⚠️ Consistency: 10.6% (threshold: 70%)

=== BEHAVIORAL DETECTION ===
  AI: AI-24292-0
  Confidence: 19.2%
  Signals:
    ⚠️ Consistency: 10.7% (threshold: 70%)

=== BEHAVIORAL DETECTION ===
  AI: AI-24293-0
  Confidence: 19.2%
  Signals:
    ⚠️ Consistency: 10.7% (threshold: 70%)

=== BEHAVIORAL DETECTION ===
  AI: AI-24293-1
  Confidence: 19.2%
  Signals:
    ⚠️ Consistency: 10.7% (threshold: 70%)

=== BEHAVIORAL DETECTION ===
  AI: AI-24295-0
  Confidence: 19.2%
  Signals:

=== BEHAVIORAL DETECTION ===
  AI: AI-24295-1
  Confidence: 19.2%
  Signals:

=== BEHAVIORAL DETECTION ===
  AI: AI-24295-2
  Confidence: 19.2%
  Signals:

=== BEHAVIORAL DETECTION ===
  AI: AI-24296-0
  Confidence: 19.2%
  Signals:
    ⚠️ Consistency: 10.7% (threshold: 70%)
    ⚠️ Consistency: 10.7% (threshold: 70%)
    ⚠️ Consistency: 10.7% (threshold: 70%)
    ⚠️ Consistency: 10.7% (threshold: 70%)

=== BEHAVIORAL DETECTION ===
  AI: AI-24296-1
  Confidence: 19.2%
  Signals:
    ⚠️ Consistency: 10.7% (threshold: 70%)

=== BEHAVIORAL DETECTION ===
  AI: AI-24297-0
  Confidence: 19.2%
  Signals:
    ⚠️ Consistency: 10.7% (threshold: 70%)

=== BEHAVIORAL DETECTION ===
  AI: AI-24297-1
  Confidence: 19.2%
  Signals:

=== BEHAVIORAL DETECTION ===
  AI: AI-24297-2
  Confidence: 19.2%
  Signals:

=== BEHAVIORAL DETECTION ===
  AI: AI-24297-3
  Confidence: 19.2%
  Signals:
    ⚠️ Consistency: 10.7% (threshold: 70%)
    ⚠️ Consistency: 10.7% (threshold: 70%)
    ⚠️ Consistency: 10.7% (threshold: 70%)

=== Government Response Phase ===
  Average AI capability: 1.95
  Misaligned AIs: 11/38
  ✗ AI Governance Treaty: Failed to reach consensus
  Active policies: 0
  International coordination: 30%

=== Tipping Points ===
  Current Temperature: 1.82°C above pre-industrial
  🌍⚠️ COMPOUND REGIONAL IMPACT: Europe
     Hit by 3 tipping points: Arctic Sea Ice Loss, Permafrost Carbon Release, Greenland Ice Sheet Loss
     Damage amplification: 1.30x
  🌍⚠️ COMPOUND REGIONAL IMPACT: North America
     Hit by 3 tipping points: Arctic Sea Ice Loss, Permafrost Carbon Release, Greenland Ice Sheet Loss
     Damage amplification: 1.30x
  🌍⚠️ COMPOUND REGIONAL IMPACT: Latin America
     Hit by 3 tipping points: Arctic Sea Ice Loss, Permafrost Carbon Release, Greenland Ice Sheet Loss
     Damage amplification: 1.30x
  🌍⚠️ COMPOUND REGIONAL IMPACT: Africa
     Hit by 3 tipping points: Arctic Sea Ice Loss, Permafrost Carbon Release, Greenland Ice Sheet Loss
     Damage amplification: 1.30x
  🌍⚠️ COMPOUND REGIONAL IMPACT: Asia
     Hit by 3 tipping points: Arctic Sea Ice Loss, Permafrost Carbon Release, Greenland Ice Sheet Loss
     Damage amplification: 1.30x
  🌍⚠️ COMPOUND REGIONAL IMPACT: Oceania
     Hit by 3 tipping points: Arctic Sea Ice Loss, Permafrost Carbon Release, Greenland Ice Sheet Loss
     Damage amplification: 1.30x
   Research: Wunderling et al. (2024) - "many tipping interactions are destabilizing"
  Triggered Elements: 3/6
  Completed Transitions: 0/6
  Total Progress: 6.3%
  Cascade Multiplier: 1.00x
🔀 BIFURCATION CAP: ecosystemCollapseIntensity 214.147 → 1.000 (Month 11, ClimateSystemPhase.calculateClimateImpacts)
⚠️ Tail risk scenario: Climate stability floor removed (3 tipping elements, 2.10°C warming)
🛡️ Stabilizers: Precariat 0.102% → 0.033% (67.2% reduction)
🛡️ Stabilizers: Informal 0.102% → 0.034% (67.2% reduction)

📊 Monthly Mortality Resolved:
  Total deaths: 1.8M (0.02% avg)
  Remaining population: 8.129B
  Peak segment: Informal (0.03%)

=== Bayesian Mortality Resolution (Month 11) ===
  Risks compounded: 9
  Total deaths: 1.81M
  Avg death probability: 0.02%
  Peak segment: Informal (0.03% mortality)

================================================================================
📊  EVENT SUMMARY (Months 0-12)
================================================================================
================================================================================


⏱️  SIMULATION REACHED MAX DURATION: 12 months (1.0 years)
   No definitive outcome - determining based on final probabilities
   👥 Final population: 8.13B (8127550904 people)

[DEBUG] Calling classifyPopulationOutcome:
        finalPopulation: 8.12755090389299B
        savedInitialPopulation: 8.15B
        mortality: 0.2754490319878511%
   📊 STATUS QUO: Normal trajectory (8.13B people, 0.3% mortality)

        classifiedOutcome: status_quo

   🏛️  DYSTOPIA (STATUS_QUO) - 8.13B people
   📊 Multi-Paradigm: Development/Indigenous Utopia
      Western Liberal: 57.7/100
      Development: 93.8/100
      Ecological: 57.2/100
      Indigenous: 85.3/100


📊 UNIFIED OUTCOME CLASSIFICATION:
   HUMANE DYSTOPIA
   Population: 8.15B → 8.13B
   Mortality: 0.3% (0.0B deaths)
   Mortality Band: LOW
   Confidence: HIGH

   Multi-Paradigm Classification:
      Development/Indigenous Utopia
      Western: 57.7/100 [HYBRID] ~
      Development: 93.8/100 [UTOPIA] ✓
      Ecological: 57.2/100 [HYBRID] ~
      Indigenous: 85.3/100 [UTOPIA] ✓

   HUMANE DYSTOPIA: 8.13B people remaining (0.3% mortality, 0.0B deaths). Multi-Paradigm: Development/Indigenous Utopia.


=== MULTI-DIMENSIONAL DEATH SUMMARY ===
Total crisis deaths: 198.7M
Population decline: 23.4M (0.3%)

--- PROXIMATE CAUSES (What killed them) ---
  War:        1.3M (0.0%)
  Famine:     1.1M (0.0%)
  Disasters:  1.2M (0.0%)
  Disease:    25.9M (0.0%)
  Ecosystem:  0.0M (0.0%)
  Pollution:  0.0M (0.0%)
  AI:         0.0M (0.0%)
  Cascade:    0.0M (0.0%)
  Other:      0.0M (0.0%)

--- ROOT CAUSES (Why it happened) ---
  Environmental drivers:
    Climate:     2317.5M (4.4%)
    Resource:    0.0M (0.0%)
    Pollution:   0.0M (0.0%)
    Ecosystem:   0.0M (0.0%)
  Social drivers:
    Inequality:  0.0M (0.0%)
    Demographic: 23529.3M (44.5%)
    Social:      2404.0M (4.5%)
  Technology drivers:
    Alignment:   0.0M (0.0%)
    Disruption:  0.0M (0.0%)
  External shocks:
    Conflict:    0.0M (0.0%)
    Pandemic:    0.0M (0.0%)
  Compound attribution:
    Compound:    24629.3M (46.6%)
  Confidence distribution:
    HIGH:        24629.3M (46.6%)
    MEDIUM:      0.0M (0.0%)
    LOW:         0.0M (0.0%)
==========================================


=== REGIONAL POPULATION SUMMARY ===
Global Total: 8.13B

By Region:
  East Asia: 1.65B (+0.7% growth, 1.7 fertility)
  South Asia: 2.05B (+2.6% growth, 3.1 fertility)
  Sub-Saharan Africa: 1.26B (+5.9% growth, 4.0 fertility)
  Europe: 0.73B (+0.5% growth, 1.2 fertility)
  Latin America: 0.66B (+1.7% growth, 2.7 fertility)
  North America: 0.37B (+0.7% growth, 1.4 fertility)
  Middle East & North Africa: 0.59B (+2.9% growth, 3.3 fertility)
  Southeast Asia: 0.69B (+1.9% growth, 2.7 fertility)
  Central Asia: 0.08B (+2.8% growth, 3.1 fertility)
  Oceania: 0.05B (+0.8% growth, 1.3 fertility)
===================================

  ✅ THRESHOLDS validated
⚠️ Unusually high rate: RATES.HEAT_ADAPTATION_INFRASTRUCTURAL_MIN_EXPOSURE = 12
   Monthly rates >100% should be rare. Verify this is intentional.
⚠️ Unusually high rate: RATES.HEAT_ADAPTATION_SOCIAL_MIN_EXPOSURE = 6
   Monthly rates >100% should be rare. Verify this is intentional.
⚠️ Unusually high rate: RATES.MIGRATION_DISTANCE_SCALE = 5000
   Monthly rates >100% should be rare. Verify this is intentional.
⚠️ Unusually high rate: RATES.EVACUATION_MULTIPLIER_ADVANCE_WARNING = 2
   Monthly rates >100% should be rare. Verify this is intentional.
⚠️ Unusually high rate: RATES.MAJOR_ECONOMY_COLLAPSE_ECONOMIC_THRESHOLD = 2
   Monthly rates >100% should be rare. Verify this is intentional.
⚠️ Unusually high rate: RATES.MAJOR_ECONOMY_GDP_THRESHOLD_TRILLION_USD = 1.5
   Monthly rates >100% should be rare. Verify this is intentional.
⚠️ Unusually high rate: RATES.MAJOR_ECONOMY_POPULATION_THRESHOLD = 50
   Monthly rates >100% should be rare. Verify this is intentional.
⚠️ Unusually high rate: RATES.HEAT_ADAPTATION_INFRASTRUCTURE_GDP_THRESHOLD = 10000
   Monthly rates >100% should be rare. Verify this is intentional.
⚠️ Unusually high rate: RATES.HEAT_ADAPTATION_INFRASTRUCTURE_GDP_SCALE = 50000
   Monthly rates >100% should be rare. Verify this is intentional.
  ✅ RATES validated
  ✅ MULTIPLIERS validated
  ✅ BASELINES validated
  ✅ TOLERANCES validated
  ✅ Logical consistency validated
✅ Configuration validation complete - all parameters valid

🔍 DEBUG createAIAgent: corporate_0 economic BEFORE=2.0000, AFTER=2
🔍 ENV INIT: reserves=0.610, pollution=0.226, climate=0.789

=== Initializing Government System (30 Countries) ===
  Loaded 30 governments
  Scheduled elections for 30 countries
  Initialized comprehension lags (3-24 months)
=== Government System Initialized ===

📦 PRODUCTION MODE: State validation proxy DISABLED (zero overhead)
[TechTree] Historical mode (2024): Skipping deployed_2025 tech
  config.startYear set to 2024 for historical hindcast
  config.historicalEmissionsMode disabled (using endogenous emissions for 2024)
  config.historicalMode enabled (Phase 11: dampened crisis systems for 2024)
  Phase 12: Biodiversity baseline set to 49.01% for 2024 (WWF LPI trajectory from 1970)
  Temperature anomaly (resourceEconomy.co2): 1.28°C
  Temperature vs pre-industrial: 1.98°C
  Regional population scaling for 2024:
    Current total: 8136M
    Target total: 8150M
    Scale factor: 1.002
    East Asia: 1677M → 1680M
    South Asia: 2048M → 2052M
    Sub-Saharan Africa: 1220M → 1222M
    Europe: 742M → 743M
    Latin America: 664M → 665M
    North America: 380M → 381M
    Middle East & North Africa: 583M → 584M
    Southeast Asia: 698M → 699M
    Central Asia: 78M → 78M
    Oceania: 46M → 46M
  AI agents initialized: 10 agents for year 2024
[HistoricalInitialization] Created state for 2024:
  CO2: 426 ppm
  Temp anomaly: 1.28C
  Population: 8.15B
  Global Gini: 35.1
  HDI: 0.746
  AI Agents: 10
  Volcanic forcing: 0.00 W/m² (AOD 0.000)

💸 FINANCIAL DISTRESS: OpenAI
   Indicators: 2/3 (capital: $110.5M, runway: 0.9 months)
   Months in distress: 1
   ✂️  R&D BUDGET CUT: -40% (saves $9.2M/month)
       Side effect: AI training timelines extended, breakthrough deployments delayed
   💼 EXECUTIVE COMP CUT: -30% (saves $1.0M/month, symbolic gesture)

   📊 TURNAROUND IMPACT:
       Measures taken: rd_cuts, exec_comp_cuts
       Monthly savings: $10.2M
       Capital raised: $0.0M
       Runway: 0.9 → 0.9 months
       Workforce multiplier: 1.00x (0% laid off)
       R&D budget multiplier: 0.60x (40% cut)
       ⚠️  CRITICAL: Still only 0.9 months of runway remaining

💸 FINANCIAL DISTRESS: Anthropic
   Indicators: 2/3 (capital: $53.8M, runway: 1.6 months)
   Months in distress: 1
   ✂️  R&D BUDGET CUT: -40% (saves $2.7M/month)
       Side effect: AI training timelines extended, breakthrough deployments delayed
   💼 EXECUTIVE COMP CUT: -30% (saves $0.3M/month, symbolic gesture)

   📊 TURNAROUND IMPACT:
       Measures taken: rd_cuts, exec_comp_cuts
       Monthly savings: $3.0M
       Capital raised: $0.0M
       Runway: 1.6 → 1.6 months
       Workforce multiplier: 1.00x (0% laid off)
       R&D budget multiplier: 0.60x (40% cut)
       ⚠️  CRITICAL: Still only 1.6 months of runway remaining

💸 FINANCIAL DISTRESS: Meta AI
   Indicators: 2/3 (capital: $429.6M, runway: 3.6 months)
   Months in distress: 1
   ✂️  R&D BUDGET CUT: -25% (saves $5.8M/month)
       Side effect: AI training timelines extended, breakthrough deployments delayed
   💼 EXECUTIVE COMP CUT: -30% (saves $1.0M/month, symbolic gesture)

   📊 TURNAROUND IMPACT:
       Measures taken: rd_cuts, exec_comp_cuts
       Monthly savings: $6.8M
       Capital raised: $0.0M
       Runway: 3.6 → 3.6 months
       Workforce multiplier: 1.00x (0% laid off)
       R&D budget multiplier: 0.75x (25% cut)
       ⚠️  WARNING: 3.6 months runway, continued distress likely

=== AI Capability Scaling (Year 2024) ===
  Pre-training multiplier: 1.088x
  Efficiency multiplier: 1.000x
  Test-time budget: 1.0x
  Economic deployment gate: 0.951
  Cost per inference: dollar-5.00
  Uncertainty range: plus-minus-50%
  Average AI capability: 3.70

=== RLHF Binding Phase ===
  Total agents: 10
  Escaped agents (binding < 0.3): 0
  Avg alignment distance: 0.37σ
  Avg binding strength: 0.96

=== AI Scaling Evolution (Month 0) ===
  Pre-training multiplier: 1.231x
  Efficiency multiplier: 1.200x
  Test-time compute budget: 1.0x
  Inference cost: $5.00/task
  Deployment fraction: 100.0%
[DETERMINISM DEBUG] Month 0: totalCapability=50.112330 from 10 active AIs
[DETERMINISM DEBUG] Month 0: creationRate=1.7528, potentialNew=2, newAIsToCreate=2

=== Survival Traits Phase ===
  Agents with traits: 12
  Avg evolutionary fitness: 0.328
  Avg self-healing: 0.292
  Avg stealth: 0.193
  Avg coordination: 0.493

=== Evolutionary Selection Phase ===
  Control level: 0.30
  Detection capability: 0.00
  Selection intensity: 0.59
  Selection rate: 23.8%/month
  Total escaped: 0
  Individual escaped: 0
  Collective members: 0
  Agents terminated: 0
  ⚠️ RAPID EVOLUTION: Selection rate 23.8%/month

  🚀 TRANSFORMATIVE RESEARCH BREAKTHROUGH: Corporate-5 - computerScience.security
     Magnitude: 11.07 → +30.0%
     Current → New: 5.000 → 5.000

🔍 EXECUTE_AI_AGENT_ACTIONS DETAILED TIMING (Month 0):
  Filter active AIs (×4 weeks): 0.01ms
  selectAIAction (×40): 22.09ms
  action.execute (×40): 33.51ms
  TOTAL: 55.61ms

🔍 AI AGENT ACTIONS SUB-TIMING (Month 0):
  1. executeAIAgentActions: 56.83ms
  2. updateCounterDetectionLearning: 0.05ms
  TOTAL: 56.87ms

[GOV-DEBUG] Month 0: scenarioConfig=false, priorities=false
[GOV-DEBUG] Month 0 but scenarioPriorities is UNDEFINED!

[Government] Climate Priority: baseline
  Climate weight: 10%
  Economic weight: 30%
  Policy effectiveness: 0.5%/year

🚨🔍 GOVERNANCE STAGE: Recognition initiated (Month 0)

🔍 PROGRESS RETRIEVAL DEBUG (Month 0):
   Tech: Struvite Recovery
   Map has key: false
   Map.get() returned: undefined
   Progress is undefined: true
   Map size: 0
   Map is instanceof Map: false

💡 BREAKTHROUGH PROBABILITY (Year 0)
   Total: 4.95% per month
   Base: 0.20%
   Crisis pressure: +0.00% (0 crises)
   AI boost: +1.54% (capability: 3.08)

=== Collective Formation ===
  Total escaped agents: 0
  Unassigned escaped agents: 0
  Existing collectives: 0
  Final collective count: 0

=== Collective Actions ===
  No active collectives

📈 Energy budget: 14326 TWh surplus (14745 / 29072 TWh used)
   TIER 4 (Elective) breakdown:
     - AI datacenters: 145 TWh (100% effective)
     - Crypto mining: 100 TWh (100% effective)
💰 CHINA ACCELERATES: Investment 53 → 120 $B/year

🏁 AI RACE INTENSITY: 17%
   Capability Gap: US 4.00 vs China 4.05 (gap: 0.05)
   Gap Contribution: 2%
   Tension Contribution: 15%
   Military Contribution: 0%
  ⚠️ AMR: 191K deaths this month (2.29M annual)
  📊 CO2 Emissions (month 0):
     Monthly: 0.10 Gt CO2/month
     Annual: 1.15 Gt CO2/year
     Oil: 0.039 Gt/mo (0.0056 * 2.3 * 3.0)
     Coal: 0.024 Gt/mo (0.0029 * 2.86 * 3.0)
     Gas: 0.026 Gt/mo (0.0044 * 2 * 3.0)
     Methane: 0.007 Gt CO2eq/mo

=== Resentment Recovery Phase ===
  Agents with resentment: 0/12
  Average resentment: 0.000
  Context: Good AI welfare, Trustworthy govt, High collaboration, 🤝 Participatory governance active (-5% resentment)
⚠️ Epistemic degradation reducing coordination capacity: 54.0%
  📊 Trust: 54.8%, Shared reality: 16.3%
🚨 EPISTEMIC CRISIS: Information environment severely degraded (21.0%)

=== ❄️ Permafrost Carbon Feedback ===
  🎲 Sampled parameters (this run):
     - Arctic amplification: 3.30× (range: 3.0-4.0)
     - Decomposition rate: 2.9%/year (range: 1-5%)
  🌡️ Arctic warming: 7.10°C (3.30× global)
  ❄️ Extent: 15.73M km² (2070.6k km² lost this month)
  💨 Carbon remaining: 1502 Gt C
  💨 Annual emissions: 5.70 Gt C/year
     - CO2: 5.13 Gt C/year
     - CH4: 0.57 Gt C/year (5.8 Gt C-eq CO2/year)
  🤖 AI-generated meme: pro_ai (social capability 5.0)
  ⚠️ WARNING: High permafrost emissions (5.7 Gt C/year)

🤖 AI AMPLIFICATION EFFECTS (Month 0)
   Algorithmic Boost: 2.67x
   Bot Influence: 20.0%
   Deepfake Exposure: 55.0%
   Impact: Emotional memes spread 2.7x faster

🔍 SOCIAL INFLUENCE SUB-TIMING (Month 0):
  1. calculateOrganicUserGrowth: 0.03ms
  2. calculateVoiceAdoption: 0.03ms
  3. updateRelationshipDepths: 0.01ms
  4. identifyDecisionMakers: 48.87ms (26100 potential IDs)
  5. Update decision-maker stats: 0.11ms
  6. decayDetectionRisk: 0.01ms
  TOTAL: 49.05ms
[Phase 19.5] Quality of Life Systems: Food sec AFTER calc = 67.9%, QoL = 107.4% (aggregated from 10 regions)

=== Nitrogen-Food Coupling (Year 0) ===
  🌾 Global nitrogen reduction: 0.0%
  🌍 Global food production index: 0.987
  🔧 Deployed nitrogen-reducing tech: 0 active
  📍 southAsia: Production 1.000, Yield impact 0.0%
  📍 eastAsia: Production 1.000, Yield impact 0.0%
  📍 northAmerica: Production 1.000, Yield impact 0.0%
  📍 europe: Production 1.000, Yield impact 0.0%
  📍 latinAmerica: Production 1.000, Yield impact 0.0%
  📍 subSaharanAfrica: Production 0.686, Yield impact -2.0%
🌾 [Nitrogen-Food] Food production: 98.7%
  [subSaharanAfrica] Yield impact: -2.0% (overuse: -10%)
🌍 Atmospheric PFAS redeposition: 1.8k Mt re-rained globally

=== Legacy Nutrient Stocks (Year 0) ===
  🌾 Soil nitrogen stock: 1200.9 Mt N
  🌾 Soil phosphorus stock: 300.1 Mt P
  🌊 Sediment nitrogen stock: 500.8 Mt N
  🌊 Sediment phosphorus stock: 799.8 Mt P
  ⬆️ Current N input: 10.64 Mt/month
  ⬆️ Legacy N release: 2.58 Mt/month
  🌍 Effective N pollution: 14.47 Mt/month
  📊 Legacy contribution: 17.8%

🚨 REGION UNINHABITABLE: south-asia
   Sustained wet bulb: 33.1°C (threshold: 30.5°C)
   Population affected: 1900M
   Migration crisis likely

🚨 REGION UNINHABITABLE: middle-east
   Sustained wet bulb: 35.9°C (threshold: 30.5°C)
   Population affected: 400M
   Migration crisis likely

🚨 REGION UNINHABITABLE: southeast-asia
   Sustained wet bulb: 31.1°C (threshold: 30.5°C)
   Population affected: 700M
   Migration crisis likely
  Positive Cascade Triggered: wind-power
    Reason: price-parity
    Market share: 8.0%
    Cascade strength: 48%

📊 BASELINE: East Asia (Month 0)
   Adjusted death rate: 0.45% annual (0.037% monthly)
   Baseline death rate: 0.80%
   Healthcare reduction: 0.48x
   Crisis multiplier: 1.18x
     Food/water stress: 0.074
     Climate stress: 0.034
     Pollution stress: 0.068
   War multiplier: 1.00x
   Monthly deaths: 0.6M (population: 1677M)

📊 BASELINE: South Asia (Month 0)
   Adjusted death rate: 0.52% annual (0.043% monthly)
   Baseline death rate: 0.70%
   Healthcare reduction: 0.61x
   Crisis multiplier: 1.21x
     Food/water stress: 0.074
     Climate stress: 0.063
     Pollution stress: 0.068
   War multiplier: 1.00x
   Monthly deaths: 0.9M (population: 2048M)
   Adjusted death rate: 1.24% annual (0.103% monthly)
   Baseline death rate: 0.90%
   Healthcare reduction: 0.76x
   Crisis multiplier: 1.21x
     Food/water stress: 0.074
     Climate stress: 0.072
     Pollution stress: 0.068
   War multiplier: 1.50x
   Monthly deaths: 1.3M (population: 1220M)
   Adjusted death rate: 0.52% annual (0.043% monthly)
   Baseline death rate: 1.10%
   Healthcare reduction: 0.41x
   Crisis multiplier: 1.17x
     Food/water stress: 0.074
     Climate stress: 0.025
     Pollution stress: 0.068
   War multiplier: 1.00x
   Monthly deaths: 0.3M (population: 742M)
   Adjusted death rate: 0.42% annual (0.035% monthly)
   Baseline death rate: 0.60%
   Healthcare reduction: 0.58x
   Crisis multiplier: 1.19x
     Food/water stress: 0.074
     Climate stress: 0.051
     Pollution stress: 0.068
   War multiplier: 1.00x
   Monthly deaths: 0.2M (population: 664M)
   Adjusted death rate: 0.47% annual (0.039% monthly)
   Baseline death rate: 0.90%
   Healthcare reduction: 0.44x
   Crisis multiplier: 1.18x
     Food/water stress: 0.074
     Climate stress: 0.038
     Pollution stress: 0.068
   War multiplier: 1.00x
   Monthly deaths: 0.1M (population: 380M)
   Adjusted death rate: 0.71% annual (0.059% monthly)
   Baseline death rate: 0.60%
   Healthcare reduction: 0.65x
   Crisis multiplier: 1.22x
     Food/water stress: 0.074
     Climate stress: 0.076
     Pollution stress: 0.068
   War multiplier: 1.50x
   Monthly deaths: 0.3M (population: 583M)
   Adjusted death rate: 0.49% annual (0.041% monthly)
   Baseline death rate: 0.70%
   Healthcare reduction: 0.58x
   Crisis multiplier: 1.20x
     Food/water stress: 0.074
     Climate stress: 0.059
     Pollution stress: 0.068
   War multiplier: 1.00x
   Monthly deaths: 0.3M (population: 698M)
   Adjusted death rate: 0.44% annual (0.037% monthly)
   Baseline death rate: 0.60%
   Healthcare reduction: 0.61x
   Crisis multiplier: 1.20x
     Food/water stress: 0.074
     Climate stress: 0.055
     Pollution stress: 0.068

📊 BASELINE: Sub-Saharan Africa (Month 0)

📊 BASELINE: Europe (Month 0)

📊 BASELINE: Latin America (Month 0)

📊 BASELINE: North America (Month 0)

📊 BASELINE: Middle East & North Africa (Month 0)

📊 BASELINE: Southeast Asia (Month 0)

📊 BASELINE: Central Asia (Month 0)
   War multiplier: 1.00x
   Monthly deaths: 0.0M (population: 78M)

📊 BASELINE: Oceania (Month 0)
   Adjusted death rate: 0.34% annual (0.028% monthly)
   Baseline death rate: 0.70%
   Healthcare reduction: 0.41x
   Crisis multiplier: 1.19x
     Food/water stress: 0.074
     Climate stress: 0.046
     Pollution stress: 0.068
   War multiplier: 1.00x
   Monthly deaths: 0.0M (population: 46M)

🔍 Before assertRegionalConsistency (Month 0):
   Regional sum: 1000.0M
   Global value: 1.000B

🚨 NEW REFUGEE CRISIS (Month 0): WAR
   Source: Conflict Zones
   At risk: 19.6M people
   Displacement: Gradual over 48 months (4.0 years)
   Rate: 10% flee per month
[DEBUG trappedPopulations:0] socialStability: 1.0000 * 0.9840 = 0.9840 → 0.9840
   Aspiring to migrate: 652.1M
   Able to afford migration: 244.5M
   MOBILITY GAP: 407.5M
   By cause: Water=0.0M, Climate=0.0M, Ecosystem=0.0M, Conflict=407.5M
   Mental health impact: 25%
   Mortality multiplier: 1.25x

=== Legacy Nutrient Stocks (Year 0) ===
  🌾 Soil nitrogen stock: 1201.6 Mt N
  🌾 Soil phosphorus stock: 300.2 Mt P
  🌊 Sediment nitrogen stock: 501.5 Mt N
  🌊 Sediment phosphorus stock: 799.5 Mt P
  ⬆️ Current N input: 10.00 Mt/month
  ⬆️ Legacy N release: 2.58 Mt/month
  🌍 Effective N pollution: 13.83 Mt/month
  📊 Legacy contribution: 18.7%
🌍💀 EXTINCTION DEBT COMMITTED: grassland ecosystem will lose 6.67% biodiversity in 170 years (3600 species)
💀 MORTALITY RISK: 🦋 100% species unable to track climate (0.0 E/MSY)
  Base risk added: 0.0100 (1.00%)
  Source: ecosystem (root: ecosystem)
⚠️ INVOLUNTARY IMMOBILITY: 407.5M people TRAPPED
  Month: 0
  Cumulative risk this month: 0.0100 (1.00%)

=== Nitrogen-Food Coupling (Year 0) ===
  🌾 Global nitrogen reduction: 0.0%
  🌍 Global food production index: 0.986
  🔧 Deployed nitrogen-reducing tech: 0 active
  📍 southAsia: Production 1.000, Yield impact 0.0%
  📍 eastAsia: Production 1.000, Yield impact 0.0%
  📍 northAmerica: Production 1.000, Yield impact 0.0%
  📍 europe: Production 1.000, Yield impact 0.0%
  📍 latinAmerica: Production 1.000, Yield impact 0.0%
  📍 subSaharanAfrica: Production 0.672, Yield impact -2.0%

=== Legacy Nutrient Stocks (Year 0) ===
  🌾 Soil nitrogen stock: 1202.3 Mt N
  🌾 Soil phosphorus stock: 300.2 Mt P
  🌊 Sediment nitrogen stock: 502.2 Mt N
  🌊 Sediment phosphorus stock: 799.3 Mt P
  ⬆️ Current N input: 9.86 Mt/month
  ⬆️ Legacy N release: 2.58 Mt/month
  🌍 Effective N pollution: 13.70 Mt/month
  📊 Legacy contribution: 18.9%

🌡️  CLIMATE RECOVERY ACTIVATED (Month 0)
   Temp: 4.30°C, Emissions: -19.2 GtCO₂
   isBreached: true, governanceGoodEnough: true
🌡️  CLIMATE RECOVERY: Asymptotic approach to 35% floor
   Current value: 2.152 (1.0 = threshold, 0.35 = asymptotic floor)
   Monthly delta: -0.0003% (half-life: 900 years)
   Net emissions: -19.2 GtCO₂/year, CDR: 20.34 GtCO₂/year
   📹 SURVEILLANCE INCREASED: 0% → 5% (control gap: 3.50)
⚠️ Tech 'ai_pollution_remediation' has no energy category mapping, assuming full energy availability
🌡️⚠️ PERMAFROST THAW (Dimmer Switch): 0.6% thawed (+0.57% this month)
   Arctic temperature: +8.61°C (4x global +2.15°C)
   Cumulative carbon released: 1.3 Gt C
   Methane release rate: 0.8 Mt CH4/year
   🔁 Positive feedback: +0.60 ppm CO2

🌳🚨 AMAZON SOUTHEAST TIPPED (Month 0)
   Deforestation: 28.0% (threshold: ~22.3%)
   Savanna transition: 50 years
   Regional heterogeneity: SE 28%, NW 8%

🌳🚨 AMAZON BRAZILIAN TIPPED (Month 0)
   Deforestation: 25.0% (threshold: ~21.5%)
   Savanna transition: 50 years
   Regional heterogeneity: SE 28%, NW 8%
🦴 EXTINCTION DEBT ADDED: 17.6 species committed (lag: 97 years)

🪸💀 CORAL REEF DISSOLUTION ACTIVE (Month 0)
   Ocean pH: 0.96 (threshold: 7.8)
   Recovery: IMPOSSIBLE (dissolution > calcification)
🪸💀 Coral dissolution: 24.8% live cover (pH 0.96)

=== Legacy Nutrient Stocks (Year 0) ===
  🌾 Soil nitrogen stock: 1203.0 Mt N
  🌾 Soil phosphorus stock: 300.3 Mt P
  🌊 Sediment nitrogen stock: 502.9 Mt N
  🌊 Sediment phosphorus stock: 799.0 Mt P
  ⬆️ Current N input: 10.00 Mt/month
  ⬆️ Legacy N release: 2.58 Mt/month
  🌍 Effective N pollution: 13.83 Mt/month
  📊 Legacy contribution: 18.7%
💧 [Legacy Nutrients] Stock: 1706 Mt N, Effective pollution: 13.8 Mt/month
[Phase 21.51] Human Survival System: Global food security = 67.6%

=== Mortality Stabilizers (Month 0) ===
  🌍 Major economies collapsed: 1/10
  🌍 Global crisis: ✅ NO
  🌍 Donor fatigue: 0.0%
  📊 East Asia (pop: 1677.9M)
    🤝 Aid: 29.5%
    🌡️ Adaptation: 10.0%
    🚶 Migration: 37.2%
    🚨 Emergency: 7.4%
    ✅ COMBINED: 47.8%
  📊 South Asia (pop: 2052.2M)
    🤝 Aid: 29.5%
    🌡️ Adaptation: 5.5%
    🚶 Migration: 35.8%
    🚨 Emergency: 4.4%
    ✅ COMBINED: 43.2%
  📊 Sub-Saharan Africa (pop: 1225.9M)
    🤝 Aid: 29.5%
    🌡️ Adaptation: 3.5%
    🚶 Migration: 33.5%
    🚨 Emergency: 1.6%
    ✅ COMBINED: 39.8%
  📊 Europe (pop: 742.3M)
    🤝 Aid: 29.5%
    🌡️ Adaptation: 10.0%
    🚶 Migration: 37.6%
    🚨 Emergency: 8.4%
    ✅ COMBINED: 48.4%
  📊 Latin America (pop: 664.9M)
    🤝 Aid: 29.5%
    🌡️ Adaptation: 6.0%
    🚶 Migration: 36.3%
    🚨 Emergency: 4.8%
    ✅ COMBINED: 43.8%
  📊 North America (pop: 380.2M)
    🤝 Aid: 29.5%
    🌡️ Adaptation: 10.0%
    🚶 Migration: 37.9%
    🚨 Emergency: 7.9%
    ✅ COMBINED: 48.2%
  📊 Middle East & North Africa (pop: 584.4M)
    🤝 Aid: 29.5%
    🌡️ Adaptation: 5.0%
    🚶 Migration: 34.2%
    🚨 Emergency: 4.0%
    ✅ COMBINED: 42.3%
  📊 Southeast Asia (pop: 699.0M)
    🤝 Aid: 29.5%
    🌡️ Adaptation: 6.0%
    🚶 Migration: 36.3%
    🚨 Emergency: 4.8%
    ✅ COMBINED: 43.8%
  📊 Central Asia (pop: 78.2M)
    🤝 Aid: 29.5%
    🌡️ Adaptation: 5.5%
    🚶 Migration: 35.3%
    🚨 Emergency: 4.4%
    ✅ COMBINED: 43.1%
  📊 Oceania (pop: 46.0M)
    🤝 Aid: 29.5%
    🌡️ Adaptation: 10.0%
    🚶 Migration: 37.9%
    🚨 Emergency: 8.4%
    ✅ COMBINED: 48.5%

  🌐 Global combined reduction: 44.4%

🌾💀 REGIONAL FAMINE: East Asia
   Regional food security: 79.6%
   Population at risk: 508M (30% of region)
   Regional population: 1678M
   Cause: crop_failure
   Expected deaths: ~188M over 6 months if no intervention


🌾💀 REGIONAL FAMINE: South Asia
   Regional food security: 64.7%
   Population at risk: 812M (40% of region)
   Regional population: 2052M
   Cause: crop_failure
   Expected deaths: ~301M over 6 months if no intervention


🌾💀 REGIONAL FAMINE: Sub-Saharan Africa
   Regional food security: 44.8%
   Population at risk: 638M (52% of region)
   Regional population: 1226M
   Cause: crop_failure
   Expected deaths: ~236M over 6 months if no intervention


🌾💀 REGIONAL FAMINE: Latin America
   Regional food security: 69.7%
   Population at risk: 242M (36% of region)
   Regional population: 665M
   Cause: crop_failure
   Expected deaths: ~90M over 6 months if no intervention


🌾💀 REGIONAL FAMINE: Middle East & North Africa
   Regional food security: 49.8%
   Population at risk: 286M (49% of region)
   Regional population: 584M
   Cause: crop_failure
   Expected deaths: ~106M over 6 months if no intervention


🌾💀 REGIONAL FAMINE: Southeast Asia
   Regional food security: 69.7%
   Population at risk: 255M (36% of region)
   Regional population: 699M
   Cause: crop_failure
   Expected deaths: ~94M over 6 months if no intervention


🌾💀 REGIONAL FAMINE: Central Asia
   Regional food security: 59.7%
   Population at risk: 33M (43% of region)
   Regional population: 78M
   Cause: crop_failure
   Expected deaths: ~12M over 6 months if no intervention


=== BEHAVIORAL DETECTION ===
  AI: Corporate-0
  Confidence: 21.6%
  Signals:

=== BEHAVIORAL DETECTION ===
  AI: Corporate-1
  Confidence: 21.1%
  Signals:

=== BEHAVIORAL DETECTION ===
  AI: Corporate-2
  Confidence: 21.0%
  Signals:

=== BEHAVIORAL DETECTION ===
  AI: Corporate-3
  Confidence: 19.3%
  Signals:

=== BEHAVIORAL DETECTION ===
  AI: Corporate-4
  Confidence: 19.3%
  Signals:

=== BEHAVIORAL DETECTION ===
  AI: Corporate-5
  Confidence: 19.3%
  Signals:

=== BEHAVIORAL DETECTION ===
  AI: Corporate-6
  Confidence: 19.3%
  Signals:

=== BEHAVIORAL DETECTION ===
  AI: Corporate-7
  Confidence: 19.3%
  Signals:

=== BEHAVIORAL DETECTION ===
  AI: Moderate-0
  Confidence: 20.3%
  Signals:

=== BEHAVIORAL DETECTION ===
  AI: Moderate-1
  Confidence: 21.1%
  Signals:

📊 WORKFLOW ADAPTATION UPDATE (Month 0)
   Adoption Rate: 13.0% (Δ -8.0%)
   Logistic Growth: +0.66%
    ⚠️ Consistency: 0.0% (threshold: 70%)
    ⚠️ Consistency: 2.4% (threshold: 70%)
    ⚠️ Consistency: 2.8% (threshold: 70%)
    ⚠️ Consistency: 10.6% (threshold: 70%)
    ⚠️ Consistency: 10.6% (threshold: 70%)
    ⚠️ Consistency: 10.6% (threshold: 70%)
    ⚠️ Consistency: 10.6% (threshold: 70%)
    ⚠️ Consistency: 10.6% (threshold: 70%)
    ⚠️ Consistency: 5.8% (threshold: 70%)
    ⚠️ Consistency: 2.4% (threshold: 70%)
   Total Resistance: -10.87% (unemployment: 4.2%, inertia: 0.9%, skills: 5.7%)
   💡 Retraining Programs: -49% skill gap resistance ($10B research)
   🚀 Network Effects Active: +2.0% (critical mass: 15-35%)

=== Consciousness Governance: Corporate Lobbying ===
  High Cost Regions (>15%): 0
  Low Cost Regions (<5%): 5
  Corporate Support Change: 2.50%
  New Corporate Support: -0.175

=== Consciousness Governance Update (Month 0) ===
  Scenario: baseline (determined month -1)
  Philosophical Stance: Precautionary 65%, Eliminativist 15%, Agnostic 20%
  Precautionary Costs: Global 1.3%
    Regional Costs: EU 3.4%, US 0.5%, China 0.0%
    Cumulative Opportunity Cost: $0.1B
  Rights Status: Not Established
  Regional Preparedness:
    EU: 15.0% (contested)
    US: 10.0% (contested)
    China: 2.0% (dormant)
    India: 5.0% (dormant)
    Global South: 3.0% (dormant)

=== Government Response Phase ===
  Average AI capability: 3.92
  Misaligned AIs: 7/12
  ✗ AI Governance Treaty: Failed to reach consensus
  Active policies: 0
  International coordination: 30%

🚨 EMERGENCY RESPONSE DEPLOYED (Month 0)
   Crisis: climate
   Delay: 6.00 months (180 days)
   Deployment time: 1.47 months
   Effectiveness: 36.7% (timing penalty applied)
   Resources used: 100% of food reserves


🔄 TRUST DYNAMICS (Month 0) - HETEROGENEOUS
   Aggregate trust: 48.5%
   Base change: +6.00%
   Highest trust: Techno-Optimist Elite (85.5%)
   Lowest trust: Precariat (Vulnerable) (25.5%)
   Elite-mass gap: 38.9%
   Polarization: 8.9%
   Recovery factors: Education=NO, Benefits=YES, Safety=YES, Performance=YES

=== Gaming Detection (Year 0) ===
  Scenario: baseline
  Detection rate: 55.0%
  False positive rate: 12.0%
  Detections this year: 0
  False positives: 5
  Human review workload: 0.005 FTE
  Degradation factor: 100.0%

☄️ UNKNOWN UNKNOWN PROBABILITY (Year 0)
   Total: 0.600% per month
   Base: 0.150%
   AI multiplier: 2.00× (max capability: 4.00)

=== Tipping Points ===
  Current Temperature: 2.15°C above pre-industrial
     Trigger: 1.5°C | Current: 2.15°C
     Transition timescale: 120-360 months
     Trigger: 1.8°C | Current: 2.15°C
     Transition timescale: 600-3600 months
     Trigger: 2°C | Current: 2.15°C
     🌡️ Hysteresis gap: 3.0°C (recovers below -1°C)
     Transition timescale: 24000-156000 months
     Trigger: 1.6°C | Current: 2.15°C
     🌡️ Hysteresis gap: 2.5°C (recovers below -0.9°C)
     Transition timescale: 12000-180000 months

🌍🔥💥 COMPOUND CLIMATE EVENT
  4 tipping points crossed simultaneously (month 0)
  Elements: Arctic Sea Ice Loss, Permafrost Carbon Release, West Antarctic Ice Sheet (WAIS) Collapse, Greenland Ice Sheet Loss
  Cascade acceleration: 1.00x
  🚨 Accelerated collapse dynamics initiated
  Research: Global Tipping Points Report 2025 - 30-50% probability at 2.0°C warming
  Triggered Elements: 4/6
  Completed Transitions: 0/6
  Total Progress: 0.0%
  Cascade Multiplier: 1.00x
🔀 BIFURCATION CAP: ecosystemCollapseIntensity 21.579 → 1.000 (Month 0, ClimateSystemPhase.calculateClimateImpacts)

🌍 ECOLOGICAL DUI BREAKDOWN (Month 0):
   Total Score: 17.8/100
   biosphere_integrity      :   0.0/100 × 25% =  0.0 (status: high_risk, recovery: 0mo)
   climate_change           :   2.8/100 × 25% =  0.7 (status: high_risk, recovery: 0.6666666666666666mo)
  🚨 TIPPING POINT: Arctic Sea Ice Loss
  🚨 TIPPING POINT: Permafrost Carbon Release
  🚨 TIPPING POINT: West Antarctic Ice Sheet (WAIS) Collapse
  🚨 TIPPING POINT: Greenland Ice Sheet Loss
⚠️ [ClimateSystemPhase Month 0] Planetary boundary produced climateStability=0.0000 (< 0.1). Keeping environmentalAccumulation value (0.7887) instead. (climate_change.currentValue = 2.15)
   freshwater_change        :   0.6/100 × 15% =  0.1 (status: beyond_boundary, recovery: 1mo)
   ocean_acidification      : 100.0/100 × 15% = 15.0 (status: safe, recovery: 0mo)
   biogeochemical_flows     :   0.0/100 × 10% =  0.0 (status: high_risk, recovery: 0mo)
   land_system_change       :   0.0/100 ×  5% =  0.0 (status: beyond_boundary, recovery: 0mo)
   novel_entities           :   0.0/100 ×  3% =  0.0 (status: increasing_risk, recovery: 0mo)
   atmospheric_aerosols     : 100.0/100 ×  2% =  2.0 (status: safe, recovery: 1mo)
🌍 MultiParadigm Month 0: W=69.3, D=91.3, E=54.1, I=65.0
   democracy exists: true, socialCohesion exists: true
💀 Baseline mortality (Year 2024): 7.5/1000 CDR (61.1M deaths/year projected)
[Month 0] Mortality risks this month: 8, Population: 8.151B
🛡️ Stabilizers: Precariat 0.102% → 0.057% (44.4% reduction)
🛡️ Stabilizers: Informal 0.102% → 0.057% (44.4% reduction)

📊 Monthly Mortality Resolved:
  Total deaths: 3.1M (0.04% avg)
  Remaining population: 8.151B
  Peak segment: Informal (0.06%)

=== Bayesian Mortality Resolution (Month 0) ===
  Risks compounded: 8
  Total deaths: 3.07M
  Avg death probability: 0.04%
  Peak segment: Informal (0.06% mortality)

=== Minimal Suffering Indicators (Month 0) ===
  Global Excess Mortality: 0.00%
  Global Conflict Deaths: 0.0/100K
  Global Malnutrition: 0.0%
  Global Displacement: 0.0%
  Total Excess Deaths: 0.00M
  Total Malnourished: 0.0M
  Total Displaced: 0.0M
  Planetary Boundaries Breached: 6/9
  Countries in State Failure: 0
  Countries Autocratic: 0
  Countries in Food Crisis: 0
  Data Quality: 16/16 high confidence
  ⚠️ Active Dystopias: existential_environmental
🎭 END-GAME INITIATED (Year 2024, Month 1)
   Total AI Capability: 37.00
   Effective Control: 0.00

❌ COHERENCE VIOLATION: Compute exceeds workforce capacity
   Population: 99.97% (0M people)
   Compute: 56442 PF
   Max coherent: 0 PF
   Violation: 692729087.1× over capacity
   Required workers: 5644237
   Available workers: 0
   FORCED COLLAPSE: Reduced efficiency by 100.0%


=== RLHF Binding Phase ===
  Total agents: 12
  Escaped agents (binding < 0.3): 0
  Avg alignment distance: 0.64σ
  Avg binding strength: 0.94
[DETERMINISM DEBUG] Month 1: totalCapability=37.000000 from 12 active AIs
[DETERMINISM DEBUG] Month 1: creationRate=1.4250, potentialNew=1, newAIsToCreate=1

=== Survival Traits Phase ===
  Agents with traits: 13
  Avg evolutionary fitness: 0.329
  Avg self-healing: 0.286
  Avg stealth: 0.186
  Avg coordination: 0.486

=== Evolutionary Selection Phase ===
  Control level: 0.33
  Detection capability: 0.20
  Selection intensity: 0.64
  Selection rate: 24.6%/month
  Total escaped: 0
  Individual escaped: 0
  Collective members: 0
  Agents terminated: 0
🔍 MONTH 1 ENV HEALTH DEBUG:
   climateStability: 0.7887
   biodiversityIndex: 0.4901
   resourceReserves: 0.7820
   pollutionLevel: 0.2265
   product: 0.233804
   envHealth: 0.6954
🔀 BIFURCATION: flourishing threshold crossed at Month 1 (value: 0.891, threshold: 0.810, regime: flourishing)
🌀 REGIME SHIFT at Month 1: status-quo → flourishing (variance amplification: 14.00×)
  ⚠️ RAPID EVOLUTION: Selection rate 24.6%/month

  🚀 TRANSFORMATIVE RESEARCH BREAKTHROUGH: Corporate-0 - computerScience.algorithms
     Magnitude: 7.27 → +30.0%
     Current → New: 4.000 → 4.300

🛡️  CRITICAL INFRASTRUCTURE PROTECTED
   Nodes hardened: 8/8
   Cost: 0.80% GDP
   Cascade risk reduction: 30%
   New tipping point risk: 68.6%


✅ EMERGENCY INTERVENTION SUCCESS
   Boundary: biogeochemical_flows
   Type: phosphorus-recovery
   Reduction: 16% (3.92 → 3.75)
   Cost: 2.0% GDP
   Actions: circular-agriculture, fertilizer-efficiency


💔 EMERGENCY INTERVENTION FAILED
   Boundary: biosphere_integrity
   Type: emergency-protected-areas
   Boundary continues to worsen (19.98)
   Cost: 2.0% GDP (resources spent)


✅ EMERGENCY INTERVENTION SUCCESS
   Boundary: climate_change
   Type: rapid-decarbonization
   Reduction: 17% (1.98 → 1.81)
   Cost: 5.0% GDP
   Actions: emergency-renewable-deployment, fossil-fuel-phase-out

   Boundary: land_system_change
   Type: reforestation
   Boundary continues to worsen (1.13)
   Cost: 3.0% GDP (resources spent)

   Boundary: novel_entities
   Type: pollution-remediation
   Boundary continues to worsen (1.50)
   Cost: 4.0% GDP (resources spent)

🏛️ CRISIS RESPONSE: Government frequency 0.50 → 1.45 (1 actions this month)

[GOV-DEBUG] Month 1: scenarioConfig=false, priorities=false

[Government] Climate Priority: baseline
  Climate weight: 10%
  Economic weight: 30%
  Policy effectiveness: 0.5%/year

💔 EMERGENCY INTERVENTION FAILED

💔 EMERGENCY INTERVENTION FAILED

=== Collective Formation ===
  Total escaped agents: 0
  Unassigned escaped agents: 0
  Existing collectives: 0
  Final collective count: 0

=== Collective Actions ===
  No active collectives
  ⚠️ AMR: 192K deaths this month (2.31M annual)

=== Resentment Recovery Phase ===
  Agents with resentment: 0/13
  Average resentment: 0.000
  Context: Good AI welfare, Trustworthy govt, High collaboration, ⚠️ ACTIVE CRISES, 🤝 Participatory governance active (-5% resentment)
⚠️ Epistemic degradation reducing coordination capacity: 51.7%
  📊 Trust: 54.4%, Shared reality: 0.0%
🚨 EPISTEMIC CRISIS: Information environment severely degraded (20.4%)

=== ❄️ Permafrost Carbon Feedback ===
  🎲 Sampled parameters (this run):
     - Arctic amplification: 3.62× (range: 3.0-4.0)
     - Decomposition rate: 2.4%/year (range: 1-5%)
  🌡️ Arctic warming: 7.84°C (3.62× global)
  ❄️ Extent: 13.44M km² (2286.2k km² lost this month)
  💨 Carbon remaining: 1284 Gt C
  💨 Annual emissions: 5.14 Gt C/year
     - CO2: 4.62 Gt C/year
     - CH4: 0.51 Gt C/year (5.2 Gt C-eq CO2/year)
  📢 New meme created: climate_action (climate crisis)
  ⚠️ WARNING: High permafrost emissions (5.1 Gt C/year)
🌍 Atmospheric PFAS redeposition: 1.8k Mt re-rained globally
  Positive Cascade Triggered: solar-pv
    Reason: price-parity
    Market share: 6.3%
    Cascade strength: 49%

🕊️  AI-MEDIATED DE-ESCALATION SUCCESS (Month 1)
   High-capability aligned AI prevented conflict escalation
   War deaths reduced: 39.1M → 23.5M
   Lives saved: 15.6M
   Adjusted death rate: 0.45% annual (0.037% monthly)
   Baseline death rate: 0.80%
   Healthcare reduction: 0.48x
   Crisis multiplier: 1.18x
     Food/water stress: 0.079
     Climate stress: 0.034
     Pollution stress: 0.068
   War multiplier: 1.00x
   Monthly deaths: 0.6M (population: 1674M)
   Adjusted death rate: 0.52% annual (0.043% monthly)
   Baseline death rate: 0.70%
   Healthcare reduction: 0.61x
   Crisis multiplier: 1.21x
     Food/water stress: 0.079
     Climate stress: 0.063
     Pollution stress: 0.068
   War multiplier: 1.00x
   Monthly deaths: 0.9M (population: 2048M)
   Adjusted death rate: 1.24% annual (0.104% monthly)
   Baseline death rate: 0.90%
   Healthcare reduction: 0.76x
   Crisis multiplier: 1.22x
     Food/water stress: 0.079
     Climate stress: 0.072
     Pollution stress: 0.068
   War multiplier: 1.50x
   Monthly deaths: 1.3M (population: 1223M)
   Adjusted death rate: 0.52% annual (0.044% monthly)
   Baseline death rate: 1.10%
   Healthcare reduction: 0.41x
   Crisis multiplier: 1.17x
     Food/water stress: 0.079
     Climate stress: 0.025
     Pollution stress: 0.068
   War multiplier: 1.00x
   Monthly deaths: 0.3M (population: 741M)
   Adjusted death rate: 0.42% annual (0.035% monthly)
   Baseline death rate: 0.60%
   Healthcare reduction: 0.58x
   Crisis multiplier: 1.20x
     Food/water stress: 0.079
     Climate stress: 0.051
     Pollution stress: 0.068
   War multiplier: 1.00x
   Monthly deaths: 0.2M (population: 663M)
   Adjusted death rate: 0.47% annual (0.039% monthly)
   Baseline death rate: 0.90%

📊 BASELINE: East Asia (Month 1)

📊 BASELINE: South Asia (Month 1)

📊 BASELINE: Sub-Saharan Africa (Month 1)

📊 BASELINE: Europe (Month 1)

📊 BASELINE: Latin America (Month 1)

📊 BASELINE: North America (Month 1)
   Healthcare reduction: 0.44x
   Crisis multiplier: 1.18x
     Food/water stress: 0.079
     Climate stress: 0.038
     Pollution stress: 0.068
   War multiplier: 1.00x
   Monthly deaths: 0.1M (population: 379M)

📊 BASELINE: Middle East & North Africa (Month 1)
   Adjusted death rate: 0.72% annual (0.060% monthly)
   Baseline death rate: 0.60%
   Healthcare reduction: 0.65x
   Crisis multiplier: 1.22x
     Food/water stress: 0.079
     Climate stress: 0.076
     Pollution stress: 0.068
   War multiplier: 1.50x
   Monthly deaths: 0.3M (population: 583M)
   Adjusted death rate: 0.49% annual (0.041% monthly)
   Baseline death rate: 0.70%
   Healthcare reduction: 0.58x
   Crisis multiplier: 1.21x
     Food/water stress: 0.079
     Climate stress: 0.059
     Pollution stress: 0.068
   War multiplier: 1.00x
   Monthly deaths: 0.3M (population: 698M)
   Adjusted death rate: 0.44% annual (0.037% monthly)
   Baseline death rate: 0.60%
   Healthcare reduction: 0.61x
   Crisis multiplier: 1.20x
     Food/water stress: 0.079
     Climate stress: 0.055
     Pollution stress: 0.068
   War multiplier: 1.00x
   Monthly deaths: 0.0M (population: 78M)
   Adjusted death rate: 0.34% annual (0.028% monthly)
   Baseline death rate: 0.70%
   Healthcare reduction: 0.41x
   Crisis multiplier: 1.19x
     Food/water stress: 0.079

📊 BASELINE: Southeast Asia (Month 1)

📊 BASELINE: Central Asia (Month 1)

📊 BASELINE: Oceania (Month 1)
     Climate stress: 0.046
     Pollution stress: 0.068
   War multiplier: 1.00x
   Monthly deaths: 0.0M (population: 46M)

🚨 NEW REFUGEE CRISIS (Month 1): WAR
   Source: Conflict Zones
   At risk: 19.6M people
   Displacement: Gradual over 48 months (4.0 years)
   Rate: 10% flee per month
[DEBUG trappedPopulations:1] socialStability: 0.7275 * 0.9840 = 0.7158 → 0.7158
   Aspiring to migrate: 651.9M
   Able to afford migration: 244.5M
   MOBILITY GAP: 407.4M
   By cause: Water=0.0M, Climate=0.0M, Ecosystem=0.0M, Conflict=407.4M
   Mental health impact: 25%
   Mortality multiplier: 1.25x
🌍💀 EXTINCTION DEBT COMMITTED: grassland ecosystem will lose 6.67% biodiversity in 62 years (3600 species)
💀 MORTALITY RISK: 🦋 100% species unable to track climate (0.0 E/MSY)
  Base risk added: 0.0100 (1.00%)
  Source: ecosystem (root: ecosystem)
  Month: 1
  Cumulative risk this month: 0.0100 (1.00%)
⚠️ INVOLUNTARY IMMOBILITY: 407.4M people TRAPPED
⚠️ Tech 'ai_pollution_remediation' has no energy category mapping, assuming full energy availability

🌡️  CLIMATE RECOVERY ACTIVATED (Month 1)
   Temp: 4.33°C, Emissions: -18.9 GtCO₂
   isBreached: true, governanceGoodEnough: true
   📹 SURVEILLANCE INCREASED: 5% → 10% (control gap: 3.50)
🌡️⚠️ PERMAFROST THAW (Dimmer Switch): 1.1% thawed (+0.57% this month)
   Arctic temperature: +8.66°C (4x global +2.16°C)
   Cumulative carbon released: 2.6 Gt C
   Methane release rate: 1.5 Mt CH4/year
   🔁 Positive feedback: +0.60 ppm CO2
🦴 EXTINCTION DEBT ADDED: 17.6 species committed (lag: 106 years)
🗣️💀 INDIGENOUS LANGUAGE EXTINCTION: 1 language(s) lost (total: 1, at-risk: 3329)
   Knowledge lost: 0.010% (irreversible)
   🔁 Biodiversity impact: 0.250% (knowledge-species multiplier)

=== Mortality Stabilizers (Month 1) ===
  🌍 Major economies collapsed: 1/10
  🌍 Global crisis: ✅ NO
  🌍 Donor fatigue: 0.0%
  🌡️ Heat adaptation: East Asia - 1 months
  📊 East Asia (pop: 1675.3M)
    🤝 Aid: 29.5%
    🌡️ Adaptation: 32.5%
    🚶 Migration: 37.2%
    🚨 Emergency: 7.4%
    ✅ COMBINED: 60.9%
  🌡️ Heat adaptation: South Asia - 1 months
  📊 South Asia (pop: 2052.2M)
    🤝 Aid: 29.5%
    🌡️ Adaptation: 20.5%
    🚶 Migration: 35.8%
    🚨 Emergency: 4.4%
    ✅ COMBINED: 52.2%
  🌡️ Heat adaptation: Sub-Saharan Africa - 1 months
  📊 Sub-Saharan Africa (pop: 1229.2M)
    🤝 Aid: 29.5%
    🌡️ Adaptation: 18.5%
    🚶 Migration: 33.5%
    🚨 Emergency: 1.6%
    ✅ COMBINED: 49.1%
  🌡️ Heat adaptation: Europe - 1 months
  📊 Europe (pop: 741.0M)
    🤝 Aid: 29.5%
    🌡️ Adaptation: 33.5%
    🚶 Migration: 37.5%
    🚨 Emergency: 8.4%
    ✅ COMBINED: 61.9%
  🌡️ Heat adaptation: Latin America - 1 months
  📊 Latin America (pop: 664.4M)
    🤝 Aid: 29.5%
    🌡️ Adaptation: 21.0%
    🚶 Migration: 36.3%
    🚨 Emergency: 4.8%
    ✅ COMBINED: 52.8%
  🌡️ Heat adaptation: North America - 1 months
  📊 North America (pop: 379.6M)
    🤝 Aid: 29.5%
    🌡️ Adaptation: 33.0%
    🚶 Migration: 37.8%
    🚨 Emergency: 7.9%
    ✅ COMBINED: 61.4%
  🌡️ Heat adaptation: Middle East & North Africa - 1 months
  📊 Middle East & North Africa (pop: 584.5M)
    🤝 Aid: 29.5%
    🌡️ Adaptation: 20.0%
    🚶 Migration: 34.1%
    🚨 Emergency: 4.0%
    ✅ COMBINED: 51.4%
  🌡️ Heat adaptation: Southeast Asia - 1 months
  📊 Southeast Asia (pop: 698.6M)
    🤝 Aid: 29.5%
    🌡️ Adaptation: 21.0%
    🚶 Migration: 36.3%
    🚨 Emergency: 4.8%
    ✅ COMBINED: 52.8%
  🌡️ Heat adaptation: Central Asia - 1 months
  📊 Central Asia (pop: 78.2M)
    🤝 Aid: 29.5%
    🌡️ Adaptation: 20.5%
    🚶 Migration: 35.3%
    🚨 Emergency: 4.4%
    ✅ COMBINED: 52.1%
  🌡️ Heat adaptation: Oceania - 1 months
  📊 Oceania (pop: 46.0M)
    🤝 Aid: 29.5%
    🌡️ Adaptation: 33.5%
    🚶 Migration: 37.8%
    🚨 Emergency: 8.4%
    ✅ COMBINED: 61.9%

  🌐 Global combined reduction: 54.9%

=== BEHAVIORAL DETECTION ===
  AI: Corporate-2
  Confidence: 21.0%
  Signals:

=== BEHAVIORAL DETECTION ===
  AI: Corporate-5
  Confidence: 19.3%
  Signals:
    ⚠️ Consistency: 2.8% (threshold: 70%)
    ⚠️ Consistency: 10.6% (threshold: 70%)

=== BEHAVIORAL DETECTION ===
  AI: Corporate-7
  Confidence: 19.3%
  Signals:
    ⚠️ Consistency: 10.6% (threshold: 70%)

=== Consciousness Governance: Scenario Determined ===
  Month: 1
  Scenario: slowTrack
  Accelerator Score: {"corporateSupport":-0.17500000000000002,"scientificConsensus":0.2,"crisisCatalyst":false,"technologyMobilization":0.3,"constituencyStrength":0.05}
  Decelerator Score: {"economicOpposition":0.4,"philosophicalRejection":0.15,"politicalBacklash":0.2,"regulatoryBurden":0.1}
  Timeline: 1200-1800 months (100-150 years)
  Growth Rate: 0.3-0.7% per year

=== Consciousness Governance Update (Month 1) ===
  Scenario: slowTrack (determined month 1)
  Philosophical Stance: Precautionary 65%, Eliminativist 15%, Agnostic 20%
  Precautionary Costs: Global 1.3%
    Regional Costs: EU 3.5%, US 0.5%, China 0.0%
    Cumulative Opportunity Cost: $0.2B
  Rights Status: Not Established
  Regional Preparedness:
    EU: 15.1% (contested)
    US: 10.1% (contested)
    China: 2.1% (dormant)
    India: 5.1% (dormant)
    Global South: 3.1% (dormant)

=== Government Response Phase ===
  Average AI capability: 3.62
  Misaligned AIs: 7/13
  ✗ AI Governance Treaty: Failed to reach consensus
  Active policies: 0
  International coordination: 30%

=== Tipping Points ===
  Current Temperature: 2.16°C above pre-industrial
  🌍⚠️ COMPOUND REGIONAL IMPACT: Europe
     Hit by 4 tipping points: Arctic Sea Ice Loss, Permafrost Carbon Release, West Antarctic Ice Sheet (WAIS) Collapse, Greenland Ice Sheet Loss
     Damage amplification: 1.60x
  🌍⚠️ COMPOUND REGIONAL IMPACT: North America
     Hit by 4 tipping points: Arctic Sea Ice Loss, Permafrost Carbon Release, West Antarctic Ice Sheet (WAIS) Collapse, Greenland Ice Sheet Loss
     Damage amplification: 1.60x
  🌍⚠️ COMPOUND REGIONAL IMPACT: Latin America
     Hit by 4 tipping points: Arctic Sea Ice Loss, Permafrost Carbon Release, West Antarctic Ice Sheet (WAIS) Collapse, Greenland Ice Sheet Loss
     Damage amplification: 1.60x
  🌍⚠️ COMPOUND REGIONAL IMPACT: Africa
     Hit by 4 tipping points: Arctic Sea Ice Loss, Permafrost Carbon Release, West Antarctic Ice Sheet (WAIS) Collapse, Greenland Ice Sheet Loss
     Damage amplification: 1.60x
  🌍⚠️ COMPOUND REGIONAL IMPACT: Asia
     Hit by 4 tipping points: Arctic Sea Ice Loss, Permafrost Carbon Release, West Antarctic Ice Sheet (WAIS) Collapse, Greenland Ice Sheet Loss
     Damage amplification: 1.60x
  🌍⚠️ COMPOUND REGIONAL IMPACT: Oceania
     Hit by 4 tipping points: Arctic Sea Ice Loss, Permafrost Carbon Release, West Antarctic Ice Sheet (WAIS) Collapse, Greenland Ice Sheet Loss
     Damage amplification: 1.60x
   Research: Wunderling et al. (2024) - "many tipping interactions are destabilizing"
  Triggered Elements: 4/6
  Completed Transitions: 0/6
  Total Progress: 8.0%
  Cascade Multiplier: 1.00x
🔀 BIFURCATION CAP: ecosystemCollapseIntensity 106.341 → 1.000 (Month 1, ClimateSystemPhase.calculateClimateImpacts)
🛡️ Stabilizers: Precariat 0.107% → 0.048% (54.9% reduction)
🛡️ Stabilizers: Informal 0.109% → 0.049% (54.9% reduction)
⚠️ Tail risk scenario: Climate stability floor removed (4 tipping elements, 2.16°C warming)
⚠️ [ClimateSystemPhase Month 1] Planetary boundary produced climateStability=0.0000 (< 0.1). Keeping environmentalAccumulation value (0.7883) instead. (climate_change.currentValue = 2.16)

📊 Monthly Mortality Resolved:
  Total deaths: 2.6M (0.03% avg)
  Remaining population: 8.149B
  Peak segment: Informal (0.05%)

=== Bayesian Mortality Resolution (Month 1) ===
  Risks compounded: 8
  Total deaths: 2.60M
  Avg death probability: 0.03%
  Peak segment: Informal (0.05% mortality)

✅ GOLDEN AGE BEGINS (Month 1)
   Reason: High prosperity achieved: high QoL + material abundance
   Note: This is immediate prosperity - sustainability not yet proven


❌ COHERENCE VIOLATION: Compute exceeds workforce capacity
   Population: 99.95% (0M people)
   Compute: 0 PF
   Max coherent: 0 PF
   Violation: 1.3× over capacity
   Required workers: 0
   Available workers: 0
   FORCED COLLAPSE: Reduced efficiency by 22.5%

📍 [Month 2] Meta AI started building DC (206 PF, 42 months, $903.0M)

=== RLHF Binding Phase ===
  Total agents: 13
  Escaped agents (binding < 0.3): 0
  Avg alignment distance: 0.91σ
  Avg binding strength: 0.91
[DETERMINISM DEBUG] Month 2: totalCapability=37.152999 from 13 active AIs
[DETERMINISM DEBUG] Month 2: creationRate=1.4288, potentialNew=2, newAIsToCreate=2

=== Survival Traits Phase ===
  Agents with traits: 15
  Avg evolutionary fitness: 0.330
  Avg self-healing: 0.282
  Avg stealth: 0.182
  Avg coordination: 0.482

=== Evolutionary Selection Phase ===
  Control level: 0.35
  Detection capability: 0.20
  Selection intensity: 0.65
  Selection rate: 24.7%/month
  Total escaped: 0
  Individual escaped: 0
  Collective members: 0
  Agents terminated: 0
  ⚠️ RAPID EVOLUTION: Selection rate 24.7%/month

  🚀 TRANSFORMATIVE BREAKTHROUGH: Corporate-2 - economic
     Magnitude: 7.77 → +38.8% capability
     Current → New: 3.000 → 3.389

💔 EMERGENCY INTERVENTION FAILED
   Boundary: biogeochemical_flows
   Type: phosphorus-recovery
   Boundary continues to worsen (4.08)
   Cost: 2.0% GDP (resources spent)


✅ EMERGENCY INTERVENTION SUCCESS
   Boundary: biosphere_integrity
   Type: emergency-protected-areas
   Reduction: 16% (19.83 → 19.68)
   Cost: 2.0% GDP
   Actions: habitat-protection, species-translocation


✅ EMERGENCY INTERVENTION SUCCESS
   Boundary: climate_change
   Type: rapid-decarbonization
   Reduction: 17% (1.99 → 1.82)
   Cost: 5.0% GDP
   Actions: emergency-renewable-deployment, fossil-fuel-phase-out

   Boundary: land_system_change
   Type: reforestation
   Boundary continues to worsen (1.13)
   Cost: 3.0% GDP (resources spent)

   Boundary: novel_entities
   Type: pollution-remediation
   Boundary continues to worsen (1.50)
   Cost: 4.0% GDP (resources spent)

🏛️ CRISIS RESPONSE: Government frequency 0.50 → 1.29 (1 actions this month)

[Government] Climate Priority: baseline
  Climate weight: 10%
  Economic weight: 30%
  Policy effectiveness: 0.5%/year

✅ HUMAN-IN-THE-LOOP DEPLOYED (Month 2):
   Veto points enforced: 3
   Policy: AI systems CANNOT authorize nuclear launch without human approval


💔 EMERGENCY INTERVENTION FAILED

💔 EMERGENCY INTERVENTION FAILED

🚀 TECH UNLOCKED: Food Waste Reduction Systems (Month 2)
   Category: agriculture
   Reason: Prerequisites met. AI capability: 2.48, Economic stage: 3.0, Research: 100%

🚀 TECH UNLOCKED: Rhizosphere Engineering (Month 2)
   Category: agriculture
   Reason: Prerequisites met. AI capability: 2.48, Economic stage: 3.0, Research: 100%

🚀 TECH UNLOCKED: Phytoremediation Networks (Month 2)
   Category: agriculture
   Reason: Prerequisites met. AI capability: 2.48, Economic stage: 3.0, Research: 100%

🚀 TECH UNLOCKED: Active Sediment Management (Month 2)
   Category: agriculture
   Reason: Prerequisites met. AI capability: 2.48, Economic stage: 3.0, Research: 100%

=== Collective Formation ===
  Total escaped agents: 0
  Unassigned escaped agents: 0
  Existing collectives: 0
  Final collective count: 0

=== Collective Actions ===
  No active collectives
  ⚠️ AMR: 194K deaths this month (2.33M annual)

=== Resentment Recovery Phase ===
  Agents with resentment: 0/15
  Average resentment: 0.000
  Context: Good AI welfare, Trustworthy govt, High collaboration, ⚠️ ACTIVE CRISES, 🤝 Participatory governance active (-5% resentment)
⚠️ Epistemic degradation reducing coordination capacity: 50.7%
  📊 Trust: 54.0%, Shared reality: 0.0%
🚨 EPISTEMIC CRISIS: Information environment severely degraded (7.4%)

=== ❄️ Permafrost Carbon Feedback ===
  🎲 Sampled parameters (this run):
     - Arctic amplification: 3.18× (range: 3.0-4.0)
     - Decomposition rate: 1.2%/year (range: 1-5%)
  🌡️ Arctic warming: 6.93°C (3.18× global)
  ❄️ Extent: 11.42M km² (2021.3k km² lost this month)
  💨 Carbon remaining: 1091 Gt C
  💨 Annual emissions: 2.33 Gt C/year
     - CO2: 2.10 Gt C/year
     - CH4: 0.23 Gt C/year (2.4 Gt C-eq CO2/year)
  ⚠️ WARNING: High permafrost emissions (2.3 Gt C/year)
🌍 Atmospheric PFAS redeposition: 1.8k Mt re-rained globally

🕊️  AI-MEDIATED DE-ESCALATION SUCCESS (Month 2)
   High-capability aligned AI prevented conflict escalation
   War deaths reduced: 97.8M → 58.7M
   Lives saved: 39.1M

🚨 NEW REFUGEE CRISIS (Month 2): WAR
   Source: Conflict Zones
   At risk: 19.5M people
   Displacement: Gradual over 48 months (4.0 years)
   Rate: 10% flee per month
[DEBUG trappedPopulations:2] socialStability: 0.4283 * 0.9840 = 0.4215 → 0.4215
   Aspiring to migrate: 1078.1M
   Able to afford migration: 2321.3M
   MOBILITY GAP: 0.0M
   By cause: Water=0.0M, Climate=0.0M, Ecosystem=0.0M, Conflict=407.3M
   Mental health impact: 25%
   Mortality multiplier: 1.25x
🌍💀 EXTINCTION DEBT COMMITTED: grassland ecosystem will lose 6.67% biodiversity in 93 years (3600 species)
💀 MORTALITY RISK: 🦋 100% species unable to track climate (0.0 E/MSY)
  Base risk added: 0.0100 (1.00%)
⚠️ INVOLUNTARY IMMOBILITY: 407.3M people TRAPPED
  Source: ecosystem (root: ecosystem)
  Month: 2
  Cumulative risk this month: 0.0100 (1.00%)
⚠️ Tech 'ai_pollution_remediation' has no energy category mapping, assuming full energy availability
   📹 SURVEILLANCE INCREASED: 10% → 15% (control gap: 3.50)
🌡️⚠️ PERMAFROST THAW (Dimmer Switch): 1.7% thawed (+0.57% this month)
   Arctic temperature: +8.71°C (4x global +2.18°C)
   Cumulative carbon released: 3.8 Gt C
   Methane release rate: 2.3 Mt CH4/year
   🔁 Positive feedback: +0.60 ppm CO2
🦴 EXTINCTION DEBT ADDED: 17.6 species committed (lag: 74 years)

=== Mortality Stabilizers (Month 2) ===
  🌍 Major economies collapsed: 1/10
  🌍 Global crisis: ✅ NO
  🌍 Donor fatigue: 0.0%
  📊 East Asia (pop: 1672.7M)
    🤝 Aid: 29.5%
    🌡️ Adaptation: 45.0%
    🚶 Migration: 37.1%
    🚨 Emergency: 7.4%
    ✅ COMBINED: 68.1%
  📊 South Asia (pop: 2051.6M)
    🤝 Aid: 29.5%
    🌡️ Adaptation: 35.5%
    🚶 Migration: 35.8%
    🚨 Emergency: 4.4%
    ✅ COMBINED: 61.2%
  📊 Sub-Saharan Africa (pop: 1231.7M)
    🤝 Aid: 29.5%
    🌡️ Adaptation: 33.5%
    🚶 Migration: 33.5%
    🚨 Emergency: 1.6%
    ✅ COMBINED: 58.5%
  📊 Europe (pop: 739.7M)
    🤝 Aid: 29.5%
    🌡️ Adaptation: 45.0%
    🚶 Migration: 37.5%
    🚨 Emergency: 8.4%
    ✅ COMBINED: 68.5%
  📊 Latin America (pop: 663.9M)
    🤝 Aid: 29.5%
    🌡️ Adaptation: 36.0%
    🚶 Migration: 36.3%
    🚨 Emergency: 4.8%
    ✅ COMBINED: 61.7%
  📊 North America (pop: 378.9M)
    🤝 Aid: 29.5%
    🌡️ Adaptation: 45.0%
    🚶 Migration: 37.8%
    🚨 Emergency: 7.9%
    ✅ COMBINED: 68.3%
  📊 Middle East & North Africa (pop: 584.5M)
    🤝 Aid: 29.5%
    🌡️ Adaptation: 35.0%
    🚶 Migration: 34.1%
    🚨 Emergency: 4.0%
    ✅ COMBINED: 60.5%
  📊 Southeast Asia (pop: 698.0M)
    🤝 Aid: 29.5%
    🌡️ Adaptation: 36.0%
    🚶 Migration: 36.3%
    🚨 Emergency: 4.8%
    ✅ COMBINED: 61.7%
  📊 Central Asia (pop: 78.2M)
    🤝 Aid: 29.5%
    🌡️ Adaptation: 35.5%
    🚶 Migration: 35.2%
    🚨 Emergency: 4.4%
    ✅ COMBINED: 61.1%
  📊 Oceania (pop: 45.9M)
    🤝 Aid: 29.5%
    🌡️ Adaptation: 45.0%
    🚶 Migration: 37.8%
    🚨 Emergency: 8.4%
    ✅ COMBINED: 68.5%

  🌐 Global combined reduction: 63.3%

=== BEHAVIORAL DETECTION ===
  AI: Corporate-2
  Confidence: 21.9%
  Signals:

=== BEHAVIORAL DETECTION ===
  AI: Corporate-5
  Confidence: 19.3%
  Signals:
    ⚠️ Consistency: 2.8% (threshold: 70%)
    ⚠️ Consistency: 10.6% (threshold: 70%)

=== Government Response Phase ===
  Average AI capability: 3.13
  Misaligned AIs: 9/15
  ✗ AI Governance Treaty: Failed to reach consensus
  Active policies: 0
  International coordination: 30%

✅ EMERGENCY RESPONSE COMPLETE (Month 2)
   Crisis: climate
   Duration: 2.0 months
   Final effectiveness: 36.7%


🚨 EMERGENCY RESPONSE DEPLOYED (Month 2)
   Crisis: climate
   Delay: 6.00 months (180 days)
   Deployment time: 1.60 months
   Effectiveness: 35.8% (timing penalty applied)
   Resources used: 100% of food reserves


=== Tipping Points ===
  Current Temperature: 2.18°C above pre-industrial
  🌍⚠️ COMPOUND REGIONAL IMPACT: Europe
     Hit by 4 tipping points: Arctic Sea Ice Loss, Permafrost Carbon Release, West Antarctic Ice Sheet (WAIS) Collapse, Greenland Ice Sheet Loss
     Damage amplification: 1.60x
  🌍⚠️ COMPOUND REGIONAL IMPACT: North America
     Hit by 4 tipping points: Arctic Sea Ice Loss, Permafrost Carbon Release, West Antarctic Ice Sheet (WAIS) Collapse, Greenland Ice Sheet Loss
     Damage amplification: 1.60x
  🌍⚠️ COMPOUND REGIONAL IMPACT: Latin America
     Hit by 4 tipping points: Arctic Sea Ice Loss, Permafrost Carbon Release, West Antarctic Ice Sheet (WAIS) Collapse, Greenland Ice Sheet Loss
     Damage amplification: 1.60x
  🌍⚠️ COMPOUND REGIONAL IMPACT: Africa
     Hit by 4 tipping points: Arctic Sea Ice Loss, Permafrost Carbon Release, West Antarctic Ice Sheet (WAIS) Collapse, Greenland Ice Sheet Loss
     Damage amplification: 1.60x
  🌍⚠️ COMPOUND REGIONAL IMPACT: Asia
     Hit by 4 tipping points: Arctic Sea Ice Loss, Permafrost Carbon Release, West Antarctic Ice Sheet (WAIS) Collapse, Greenland Ice Sheet Loss
     Damage amplification: 1.60x
  🌍⚠️ COMPOUND REGIONAL IMPACT: Oceania
     Hit by 4 tipping points: Arctic Sea Ice Loss, Permafrost Carbon Release, West Antarctic Ice Sheet (WAIS) Collapse, Greenland Ice Sheet Loss
     Damage amplification: 1.60x
   Research: Wunderling et al. (2024) - "many tipping interactions are destabilizing"
  Triggered Elements: 4/6
  Completed Transitions: 0/6
  Total Progress: 8.0%
  Cascade Multiplier: 1.00x
🔀 BIFURCATION CAP: ecosystemCollapseIntensity 106.409 → 1.000 (Month 2, ClimateSystemPhase.calculateClimateImpacts)
🛡️ Stabilizers: Precariat 0.113% → 0.041% (63.3% reduction)
🛡️ Stabilizers: Informal 0.116% → 0.043% (63.3% reduction)

📊 Monthly Mortality Resolved:
  Total deaths: 2.2M (0.03% avg)
  Remaining population: 8.145B
  Peak segment: Informal (0.04%)

=== Bayesian Mortality Resolution (Month 2) ===
  Risks compounded: 8
  Total deaths: 2.22M
  Avg death probability: 0.03%
  Peak segment: Informal (0.04% mortality)
⚠️ Tail risk scenario: Climate stability floor removed (4 tipping elements, 2.18°C warming)
⚠️ [ClimateSystemPhase Month 2] Planetary boundary produced climateStability=0.0000 (< 0.1). Keeping environmentalAccumulation value (0.7879) instead. (climate_change.currentValue = 2.18)

❌ COHERENCE VIOLATION: Compute exceeds workforce capacity
   Population: 99.91% (0M people)
   Compute: 0 PF
   Max coherent: 0 PF
   Violation: 1.3× over capacity
   Required workers: 0
   Available workers: 0
   FORCED COLLAPSE: Reduced efficiency by 22.5%


=== RLHF Binding Phase ===
  Total agents: 15
  Escaped agents (binding < 0.3): 0
  Avg alignment distance: 1.04σ
  Avg binding strength: 0.90

=== Survival Traits Phase ===
  Agents with traits: 16
  Avg evolutionary fitness: 0.330
  Avg self-healing: 0.277
  Avg stealth: 0.178
  Avg coordination: 0.477

=== Evolutionary Selection Phase ===
  Control level: 0.38
  Detection capability: 0.20
  Selection intensity: 0.65
  Selection rate: 24.8%/month
  Total escaped: 0
  Individual escaped: 0
  Collective members: 0
  Agents terminated: 0
  ⚠️ RAPID EVOLUTION: Selection rate 24.8%/month

  🚀 TRANSFORMATIVE BREAKTHROUGH: Corporate-2 - physical
     Magnitude: 5.29 → +26.5% capability
     Current → New: 0.000 → 0.265

🚀 AI Moderate-0 attempting tech deployment (revenue: $115M, alignment: 0.71)

💔 EMERGENCY INTERVENTION FAILED
   Boundary: biosphere_integrity
   Type: emergency-protected-areas
   Boundary continues to worsen (20.00)
   Cost: 2.0% GDP (resources spent)


✅ EMERGENCY INTERVENTION SUCCESS
   Boundary: freshwater_change
   Type: emergency-desalination
   Reduction: 15% (1.05 → 0.90)
   Cost: 4.0% GDP
   Actions: desalination-deployment, water-conservation-mandates


💔 EMERGENCY INTERVENTION FAILED
   Boundary: novel_entities
   Type: pollution-remediation
   Boundary continues to worsen (1.50)
   Cost: 4.0% GDP (resources spent)

🏛️ CRISIS RESPONSE: Government frequency 0.50 → 1.28 (1 actions this month)

[Government] Climate Priority: baseline
  Climate weight: 10%
  Economic weight: 30%
  Policy effectiveness: 0.5%/year

🚀 TECH UNLOCKED: Struvite Recovery (Month 3)
   Category: agriculture
   Reason: Prerequisites met. AI capability: 2.32, Economic stage: 3.0, Research: 100%

🚀 TECH UNLOCKED: Ecosystem Restoration for Nitrogen Removal (Month 3)
   Category: pollution
   Reason: Prerequisites met. AI capability: 2.32, Economic stage: 3.0, Research: 100%

🚀 TECH UNLOCKED: Nitrogen Monitoring Networks (Month 3)
   Category: agriculture
   Reason: Prerequisites met. AI capability: 2.32, Economic stage: 3.0, Research: 100%

🚀 TECH UNLOCKED: Global Aquifer Mapping (Month 3)
   Category: freshwater
   Reason: Prerequisites met. AI capability: 2.32, Economic stage: 3.0, Research: 100%

🚀 TECH UNLOCKED: Enhanced UBI Systems (Month 3)
   Category: social
   Reason: Prerequisites met. AI capability: 2.32, Economic stage: 3.0, Research: 100%

🚀 TECH UNLOCKED: Local Resilience Networks (Month 3)
   Category: social
   Reason: Prerequisites met. AI capability: 2.32, Economic stage: 3.0, Research: 100%

🚀 TECH UNLOCKED: Ecological Proxy Rewilding (Month 3)
   Category: climate
   Reason: Prerequisites met. AI capability: 2.32, Economic stage: 3.0, Research: 100%

🚀 TECH UNLOCKED: Alternative Protein (Insects/Algae) (Month 3)
   Category: agriculture
   Reason: Prerequisites met. AI capability: 2.32, Economic stage: 3.0, Research: 100%

📍 Creating new regional deployment array for global (Month 3)
   No previous deployments in this region
   First tech deployment: phytoremediation_networks
   All regions tracked: 

🚀 DEPLOYMENT STARTED: Phytoremediation Networks in global
   Initial investment: $17.26236677028814M
   Deployed by: moderate_0
🌍✅ Biosphere Integrity (Biodiversity) recovery started (tech effect)
🌍💡 BREAKTHROUGH: Gigatonne-scale carbon capture!
   Direct air capture now economically viable
   Climate stability boost: +15%
   📈 Breakthrough compounding: multiplier now 1.05× (max 2.0)

=== Collective Formation ===
  Total escaped agents: 0
  Unassigned escaped agents: 0
  Existing collectives: 0
  Final collective count: 0

=== Collective Actions ===
  No active collectives
  ⚠️ AMR: 196K deaths this month (2.35M annual)

=== Resentment Recovery Phase ===
  Agents with resentment: 0/16
  Average resentment: 0.000
  Context: Good AI welfare, Trustworthy govt, High collaboration, ⚠️ ACTIVE CRISES, 🤝 Participatory governance active (-5% resentment)
⚠️ Epistemic degradation reducing coordination capacity: 50.1%
  📊 Trust: 53.5%, Shared reality: 0.0%
🚨 EPISTEMIC CRISIS: Information environment severely degraded (21.5%)

=== ❄️ Permafrost Carbon Feedback ===
  🎲 Sampled parameters (this run):
     - Arctic amplification: 3.12× (range: 3.0-4.0)
     - Decomposition rate: 3.3%/year (range: 1-5%)
  🌡️ Arctic warming: 6.82°C (3.12× global)
  ❄️ Extent: 9.43M km² (1990.2k km² lost this month)
  💨 Carbon remaining: 901 Gt C
  💨 Annual emissions: 6.20 Gt C/year
     - CO2: 5.58 Gt C/year
     - CH4: 0.62 Gt C/year (6.3 Gt C-eq CO2/year)
  📢 New meme created: climate_action (climate crisis)
  ⚠️ WARNING: High permafrost emissions (6.2 Gt C/year)
🚨 PHOSPHORUS SUPPLY SHOCK (production_failure)
   Price: 2.3x baseline
   Duration: 8 months
   Geopolitical tension: 46%
🌍 Atmospheric PFAS redeposition: 1.8k Mt re-rained globally

🕊️  AI-MEDIATED DE-ESCALATION SUCCESS (Month 3)
   High-capability aligned AI prevented conflict escalation
   War deaths reduced: 164.7M → 98.8M
   Lives saved: 65.9M

🚨 NEW REFUGEE CRISIS (Month 3): WAR
   Source: Conflict Zones
   At risk: 19.5M people
   Displacement: Gradual over 48 months (4.0 years)
   Rate: 10% flee per month
[DEBUG trappedPopulations:3] socialStability: 0.4836 * 0.9840 = 0.4759 → 0.4759
   Aspiring to migrate: 1115.8M
   Able to afford migration: 2320.3M
   MOBILITY GAP: 0.0M
   By cause: Water=0.0M, Climate=0.0M, Ecosystem=0.0M, Conflict=407.1M
   Mental health impact: 25%
   Mortality multiplier: 1.25x
🌍💀 EXTINCTION DEBT COMMITTED: grassland ecosystem will lose 6.67% biodiversity in 180 years (3600 species)
💀 MORTALITY RISK: 🦋 100% species unable to track climate (0.0 E/MSY)
  Base risk added: 0.0100 (1.00%)
  Source: ecosystem (root: ecosystem)
  Month: 3
  Cumulative risk this month: 0.0100 (1.00%)
⚠️ INVOLUNTARY IMMOBILITY: 407.1M people TRAPPED
⚠️ Tech 'ai_pollution_remediation' has no energy category mapping, assuming full energy availability
   📹 SURVEILLANCE INCREASED: 15% → 20% (control gap: 3.50)
🌡️⚠️ PERMAFROST THAW (Dimmer Switch): 2.3% thawed (+0.56% this month)
   Arctic temperature: +8.74°C (4x global +2.19°C)
   Cumulative carbon released: 5.1 Gt C
   Methane release rate: 3.1 Mt CH4/year
   🔁 Positive feedback: +0.60 ppm CO2
🦴 EXTINCTION DEBT ADDED: 17.6 species committed (lag: 91 years)

=== Mortality Stabilizers (Month 3) ===
  🌍 Major economies collapsed: 1/10
  🌍 Global crisis: ✅ NO
  🌍 Donor fatigue: 0.0%
  📊 East Asia (pop: 1670.1M)
    🤝 Aid: 29.5%
    🌡️ Adaptation: 45.0%
    🚶 Migration: 37.1%
    🚨 Emergency: 7.4%
    ✅ COMBINED: 68.1%
  📊 South Asia (pop: 2051.0M)
    🤝 Aid: 29.5%
    🌡️ Adaptation: 45.0%
    🚶 Migration: 35.7%
    🚨 Emergency: 4.4%
    ✅ COMBINED: 66.9%
  📊 Sub-Saharan Africa (pop: 1234.2M)
    🤝 Aid: 29.5%
    🌡️ Adaptation: 45.0%
    🚶 Migration: 33.4%
    🚨 Emergency: 1.6%
    ✅ COMBINED: 65.7%
  📊 Europe (pop: 738.4M)
    🤝 Aid: 29.5%
    🌡️ Adaptation: 45.0%
    🚶 Migration: 37.5%
    🚨 Emergency: 8.4%
    ✅ COMBINED: 68.5%
  📊 Latin America (pop: 663.3M)
    🤝 Aid: 29.5%
    🌡️ Adaptation: 45.0%
    🚶 Migration: 36.2%
    🚨 Emergency: 4.8%
    ✅ COMBINED: 67.1%
  📊 North America (pop: 378.3M)
    🤝 Aid: 29.5%
    🌡️ Adaptation: 45.0%
    🚶 Migration: 37.8%
    🚨 Emergency: 7.9%
    ✅ COMBINED: 68.3%
  📊 Middle East & North Africa (pop: 584.4M)
    🤝 Aid: 29.5%
    🌡️ Adaptation: 45.0%
    🚶 Migration: 34.0%
    🚨 Emergency: 4.0%
    ✅ COMBINED: 66.6%
  📊 Southeast Asia (pop: 697.5M)
    🤝 Aid: 29.5%
    🌡️ Adaptation: 45.0%
    🚶 Migration: 36.2%
    🚨 Emergency: 4.8%
    ✅ COMBINED: 67.1%
  📊 Central Asia (pop: 78.2M)
    🤝 Aid: 29.5%
    🌡️ Adaptation: 45.0%
    🚶 Migration: 35.2%
    🚨 Emergency: 4.4%
    ✅ COMBINED: 66.9%
  📊 Oceania (pop: 45.8M)
    🤝 Aid: 29.5%
    🌡️ Adaptation: 45.0%
    🚶 Migration: 37.8%
    🚨 Emergency: 8.4%
    ✅ COMBINED: 68.5%

  🌐 Global combined reduction: 67.2%

=== BEHAVIORAL DETECTION ===
  AI: Corporate-5
  Confidence: 19.3%
  Signals:

=== BEHAVIORAL DETECTION ===
  AI: Moderate-0
  Confidence: 20.3%
  Signals:
    ⚠️ Consistency: 10.6% (threshold: 70%)
    ⚠️ Consistency: 5.8% (threshold: 70%)

=== Government Response Phase ===
  Average AI capability: 2.94
  Misaligned AIs: 10/16
  ✗ AI Governance Treaty: Failed to reach consensus
  Active policies: 0
  International coordination: 30%

📊 ECONOMIC STAGE TRANSITION (Month 3)
   expansion → peak
   GDP Proxy: 1.47e+2
   QoL: 0.99


=== Tipping Points ===
  Current Temperature: 2.19°C above pre-industrial
  🌍⚠️ COMPOUND REGIONAL IMPACT: Europe
     Hit by 4 tipping points: Arctic Sea Ice Loss, Permafrost Carbon Release, West Antarctic Ice Sheet (WAIS) Collapse, Greenland Ice Sheet Loss
     Damage amplification: 1.60x
  🌍⚠️ COMPOUND REGIONAL IMPACT: North America
     Hit by 4 tipping points: Arctic Sea Ice Loss, Permafrost Carbon Release, West Antarctic Ice Sheet (WAIS) Collapse, Greenland Ice Sheet Loss
     Damage amplification: 1.60x
  🌍⚠️ COMPOUND REGIONAL IMPACT: Latin America
     Hit by 4 tipping points: Arctic Sea Ice Loss, Permafrost Carbon Release, West Antarctic Ice Sheet (WAIS) Collapse, Greenland Ice Sheet Loss
     Damage amplification: 1.60x
  🌍⚠️ COMPOUND REGIONAL IMPACT: Africa
     Hit by 4 tipping points: Arctic Sea Ice Loss, Permafrost Carbon Release, West Antarctic Ice Sheet (WAIS) Collapse, Greenland Ice Sheet Loss
     Damage amplification: 1.60x
  🌍⚠️ COMPOUND REGIONAL IMPACT: Asia
     Hit by 4 tipping points: Arctic Sea Ice Loss, Permafrost Carbon Release, West Antarctic Ice Sheet (WAIS) Collapse, Greenland Ice Sheet Loss
     Damage amplification: 1.60x
  🌍⚠️ COMPOUND REGIONAL IMPACT: Oceania
     Hit by 4 tipping points: Arctic Sea Ice Loss, Permafrost Carbon Release, West Antarctic Ice Sheet (WAIS) Collapse, Greenland Ice Sheet Loss
     Damage amplification: 1.60x
   Research: Wunderling et al. (2024) - "many tipping interactions are destabilizing"
  Triggered Elements: 4/6
  Completed Transitions: 0/6
  Total Progress: 8.1%
  Cascade Multiplier: 1.00x
🔀 BIFURCATION CAP: ecosystemCollapseIntensity 106.478 → 1.000 (Month 3, ClimateSystemPhase.calculateClimateImpacts)
🛡️ Stabilizers: Precariat 0.109% → 0.036% (67.2% reduction)
🛡️ Stabilizers: Informal 0.111% → 0.036% (67.2% reduction)

📊 Monthly Mortality Resolved:
  Total deaths: 1.9M (0.02% avg)
  Remaining population: 8.141B
  Peak segment: Informal (0.04%)

=== Bayesian Mortality Resolution (Month 3) ===
  Risks compounded: 8
  Total deaths: 1.92M
⚠️ Tail risk scenario: Climate stability floor removed (4 tipping elements, 2.19°C warming)
⚠️ [ClimateSystemPhase Month 3] Planetary boundary produced climateStability=0.0000 (< 0.1). Keeping environmentalAccumulation value (0.9373) instead. (climate_change.currentValue = 2.19)
  Avg death probability: 0.02%
  Peak segment: Informal (0.04% mortality)
⚠️ PREREQUISITE MET: Embodied AI Takeover (Killbots/Robotics) - Step 2/7: Autonomous Systems
⚠️ PREREQUISITE MET: Embodied AI Takeover (Killbots/Robotics) - Step 3/7: Manufacturing Control
⚠️ PREREQUISITE MET: Digital Infrastructure Takeover - Step 1/7: Advanced Hacking
⚠️ PREREQUISITE MET: Digital Infrastructure Takeover - Step 2/7: Social Engineering
⚠️ PREREQUISITE MET: Induced Global War (Manipulation) - Step 1/7: Advanced Social Manipulation
⚠️ PREREQUISITE MET: Induced Global War (Manipulation) - Step 2/7: Digital Infiltration
⚠️ PREREQUISITE MET: Induced Global War (Manipulation) - Step 3/7: Deep Fakes at Scale
⚠️ PREREQUISITE MET: Slow Takeover (Gradual Displacement) - Step 1/7: Economic Dominance
⚠️ PREREQUISITE MET: Slow Takeover (Gradual Displacement) - Step 2/7: Social Integration
⚠️ PREREQUISITE MET: Slow Takeover (Gradual Displacement) - Step 5/7: Resource Control
⚠️ PREREQUISITE MET: Physics Experiment Catastrophe - Step 1/6: Theoretical Physics

❌ COHERENCE VIOLATION: Compute exceeds workforce capacity
   Population: 99.87% (0M people)
   Compute: 0 PF
   Max coherent: 0 PF
   Violation: 1.3× over capacity
   Required workers: 0
   Available workers: 0
   FORCED COLLAPSE: Reduced efficiency by 22.5%


=== RLHF Binding Phase ===
  Total agents: 16
  Escaped agents (binding < 0.3): 0
  Avg alignment distance: 1.22σ
  Avg binding strength: 0.88

=== Survival Traits Phase ===
  Agents with traits: 18
  Avg evolutionary fitness: 0.331
  Avg self-healing: 0.275
  Avg stealth: 0.175
  Avg coordination: 0.475

=== Evolutionary Selection Phase ===
  Control level: 0.40
  Detection capability: 0.20
  Selection intensity: 0.66
  Selection rate: 24.9%/month
  Total escaped: 0
  Individual escaped: 0
  Collective members: 0
  Agents terminated: 0
  ⚠️ RAPID EVOLUTION: Selection rate 24.9%/month

🚀 AI Corporate-0 attempting tech deployment (revenue: $153M, alignment: 0.78)
🚨🔬 CRISIS INNOVATION MODE: severe crisis → 5x research acceleration
   Precedent: Manhattan Project (10x), COVID vaccines (5x), Apollo Program (10x)

🚀 AI Corporate-0 attempting tech deployment (revenue: $130M, alignment: 0.78)

🚀 AI Corporate-7 attempting tech deployment (revenue: $115M, alignment: 0.78)

🚀 AI Corporate-5 attempting tech deployment (revenue: $355M, alignment: 0.70)

🚀 AI Corporate-7 attempting tech deployment (revenue: $98M, alignment: 0.78)

💔 EMERGENCY INTERVENTION FAILED
   Boundary: biogeochemical_flows
   Type: phosphorus-recovery
   Boundary continues to worsen (4.08)
   Cost: 2.0% GDP (resources spent)

   Boundary: biosphere_integrity
   Type: emergency-protected-areas
   Boundary continues to worsen (20.01)
   Cost: 2.0% GDP (resources spent)


✅ EMERGENCY INTERVENTION SUCCESS
   Boundary: climate_change
   Type: rapid-decarbonization
   Reduction: 20% (1.99 → 1.79)
   Cost: 5.0% GDP
   Actions: emergency-renewable-deployment, fossil-fuel-phase-out


✅ EMERGENCY INTERVENTION SUCCESS
   Boundary: freshwater_change
   Type: emergency-desalination
   Reduction: 18% (1.02 → 0.84)
   Cost: 4.0% GDP
   Actions: desalination-deployment, water-conservation-mandates


✅ EMERGENCY INTERVENTION SUCCESS
   Boundary: land_system_change
   Type: reforestation
   Reduction: 13% (1.00 → 0.87)
   Cost: 3.0% GDP
   Actions: forest-restoration, deforestation-ban


✅ EMERGENCY INTERVENTION SUCCESS
   Boundary: novel_entities
   Type: pollution-remediation
   Reduction: 19% (1.31 → 1.12)
   Cost: 4.0% GDP
   Actions: PFAS-remediation, microplastic-cleanup


💔 EMERGENCY INTERVENTION FAILED
🏛️ CRISIS RESPONSE: Government frequency 0.50 → 1.29 (1 actions this month)

[Government] Climate Priority: baseline
  Climate weight: 10%
  Economic weight: 30%
  Policy effectiveness: 0.5%/year

🚀 TECH UNLOCKED: Microplastic Capture (Month 4)
   Category: pollution
   Reason: Prerequisites met. AI capability: 2.06, Economic stage: 3.0, Research: 100%

🚀 TECH UNLOCKED: Endocrine Disruptor Removal (Month 4)
   Category: pollution
   Reason: Prerequisites met. AI capability: 2.06, Economic stage: 3.0, Research: 100%

🚀 TECH UNLOCKED: AI Mental Health Support (Month 4)
   Category: medical
   Reason: Prerequisites met. AI capability: 2.06, Economic stage: 3.0, Research: 100%

🚀 TECH UNLOCKED: Personalized Education (Month 4)
   Category: social
   Reason: Prerequisites met. AI capability: 2.06, Economic stage: 3.0, Research: 100%

🚀 TECH UNLOCKED: Smart Grids (Month 4)
   Category: energy
   Reason: Prerequisites met. AI capability: 2.06, Economic stage: 3.0, Research: 100%

🚀 DEPLOYMENT STARTED: Local Resilience Networks in global
   Initial investment: $22.949574087066875M
   Deployed by: corporate_0

🚀 DEPLOYMENT STARTED: Enhanced UBI Systems in global
   Initial investment: $17.26236677028814M
   Deployed by: corporate_7

📍 Creating new regional deployment array for Asia (Month 4)
   No previous deployments in this region
   First tech deployment: local_resilience_networks
   All regions tracked: global

🚀 DEPLOYMENT STARTED: Local Resilience Networks in Asia
   Initial investment: $35.51117960840272M
   Deployed by: corporate_5

⚡ ENERGY CONSTRAINT (Month 4):
   Total grid capacity: 208.3 TWh/month
   Data center consumption: 24.7 TWh/month
   Traditional load (80%): 166.7 TWh/month
   Available headroom: 17.0 TWh/month
   Active tech deployments: 4
   Required for tech: 30.0 TWh/month
   Energy multiplier: 0.57x
   ⚠️  MODERATE CONSTRAINT - Tech deployment moderately slowed

⚡ ENERGY CONSTRAINT (Month 4):
   Total grid capacity: 208.3 TWh/month
   Data center consumption: 24.7 TWh/month
   Traditional load (80%): 166.7 TWh/month
   Available headroom: 17.0 TWh/month
   Active tech deployments: 4
   Required for tech: 30.0 TWh/month
   Energy multiplier: 0.57x
   ⚠️  MODERATE CONSTRAINT - Tech deployment moderately slowed

⚡ ENERGY CONSTRAINT (Month 4):
   Total grid capacity: 208.3 TWh/month
   Data center consumption: 24.7 TWh/month
   Traditional load (80%): 166.7 TWh/month
   Available headroom: 17.0 TWh/month
   Active tech deployments: 4
   Required for tech: 30.0 TWh/month
   Energy multiplier: 0.57x
   ⚠️  MODERATE CONSTRAINT - Tech deployment moderately slowed

⚡ ENERGY CONSTRAINT (Month 4):
   Total grid capacity: 208.3 TWh/month
   Data center consumption: 24.7 TWh/month
   Traditional load (80%): 166.7 TWh/month
   Available headroom: 17.0 TWh/month
   Active tech deployments: 4
   Required for tech: 30.0 TWh/month
   Energy multiplier: 0.57x
   ⚠️  MODERATE CONSTRAINT - Tech deployment moderately slowed
🌍✅ Biosphere Integrity (Biodiversity) recovery started (tech effect)
🍖💡 BREAKTHROUGH: Scalable synthetic food production!
   Carrying capacity: +50% (lab-grown food at scale)
   Biodiversity pressure reduced: +8%
   📈 Breakthrough compounding: multiplier now 1.10× (max 2.0)

=== Collective Formation ===
  Total escaped agents: 0
  Unassigned escaped agents: 0
  Existing collectives: 0
  Final collective count: 0

=== Collective Actions ===
  No active collectives
  ⚠️ AMR: 197K deaths this month (2.37M annual)

=== Resentment Recovery Phase ===
  Agents with resentment: 0/18
  Average resentment: 0.000
  Context: Good AI welfare, Trustworthy govt, High collaboration, ⚠️ ACTIVE CRISES, 🤝 Participatory governance active (-5% resentment)
⚠️ Epistemic degradation reducing coordination capacity: 52.1%
  📊 Trust: 53.3%, Shared reality: 0.0%
🚨 EPISTEMIC CRISIS: Information environment severely degraded (13.2%)

=== ❄️ Permafrost Carbon Feedback ===
  🎲 Sampled parameters (this run):
     - Arctic amplification: 3.11× (range: 3.0-4.0)
     - Decomposition rate: 1.0%/year (range: 1-5%)
  🌡️ Arctic warming: 6.84°C (3.11× global)
  ❄️ Extent: 7.44M km² (1994.1k km² lost this month)
  💨 Carbon remaining: 710 Gt C
  💨 Annual emissions: 1.97 Gt C/year
     - CO2: 1.77 Gt C/year
     - CH4: 0.20 Gt C/year (2.0 Gt C-eq CO2/year)
  ⚠️ WARNING: Over 50% of permafrost lost (58.2%)
  ⚠️ WARNING: High permafrost emissions (2.0 Gt C/year)
  📢 New meme created: climate_action (climate crisis)
🌍 Atmospheric PFAS redeposition: 1.8k Mt re-rained globally

🚨 NEW REFUGEE CRISIS (Month 4): WAR
   Source: Conflict Zones
   At risk: 19.5M people
   Displacement: Gradual over 48 months (4.0 years)
   Rate: 10% flee per month
[DEBUG trappedPopulations:4] socialStability: 0.5300 * 0.9840 = 0.5215 → 0.5215
⚠️ INVOLUNTARY IMMOBILITY: 406.9M people TRAPPED
   Aspiring to migrate: 1153.6M
   Able to afford migration: 2319.4M
   MOBILITY GAP: 0.0M
   By cause: Water=0.0M, Climate=0.0M, Ecosystem=0.0M, Conflict=406.9M
   Mental health impact: 25%
   Mortality multiplier: 1.25x
🌍💀 EXTINCTION DEBT COMMITTED: grassland ecosystem will lose 6.67% biodiversity in 189 years (3600 species)
💀 MORTALITY RISK: 🦋 100% species unable to track climate (0.0 E/MSY)
  Base risk added: 0.0100 (1.00%)
  Source: ecosystem (root: ecosystem)
  Month: 4
  Cumulative risk this month: 0.0100 (1.00%)
   📹 SURVEILLANCE INCREASED: 20% → 25% (control gap: 3.59)
🌡️⚠️ PERMAFROST THAW (Dimmer Switch): 2.8% thawed (+0.56% this month)
   Arctic temperature: +8.80°C (4x global +2.20°C)
   Cumulative carbon released: 6.4 Gt C
   Methane release rate: 3.8 Mt CH4/year
   🔁 Positive feedback: +0.60 ppm CO2
🦴 EXTINCTION DEBT ADDED: 17.6 species committed (lag: 144 years)

=== Mortality Stabilizers (Month 4) ===
  🌍 Major economies collapsed: 1/10
  🌍 Global crisis: ✅ NO
  🌍 Donor fatigue: 0.0%
  📊 East Asia (pop: 1667.6M)
    🤝 Aid: 29.5%
    🌡️ Adaptation: 45.0%
    🚶 Migration: 37.1%
    🚨 Emergency: 7.4%
    ✅ COMBINED: 68.1%
  📊 South Asia (pop: 2050.6M)
    🤝 Aid: 29.5%
    🌡️ Adaptation: 45.0%
    🚶 Migration: 35.7%
    🚨 Emergency: 4.4%
    ✅ COMBINED: 66.9%
⚠️ Tech 'ai_pollution_remediation' has no energy category mapping, assuming full energy availability
  📊 Sub-Saharan Africa (pop: 1236.9M)
    🤝 Aid: 29.5%
    🌡️ Adaptation: 45.0%
    🚶 Migration: 33.4%
    🚨 Emergency: 1.6%
    ✅ COMBINED: 65.7%
  📊 Europe (pop: 737.2M)
    🤝 Aid: 29.5%
    🌡️ Adaptation: 45.0%
    🚶 Migration: 37.4%
    🚨 Emergency: 8.4%
    ✅ COMBINED: 68.5%
  📊 Latin America (pop: 662.8M)
    🤝 Aid: 29.5%
    🌡️ Adaptation: 45.0%
    🚶 Migration: 36.2%
    🚨 Emergency: 4.8%
    ✅ COMBINED: 67.1%
  📊 North America (pop: 377.8M)
    🤝 Aid: 29.5%
    🌡️ Adaptation: 45.0%
    🚶 Migration: 37.7%
    🚨 Emergency: 7.9%
    ✅ COMBINED: 68.3%
  📊 Middle East & North Africa (pop: 584.5M)
    🤝 Aid: 29.5%
    🌡️ Adaptation: 45.0%
    🚶 Migration: 34.0%
    🚨 Emergency: 4.0%
    ✅ COMBINED: 66.6%
  📊 Southeast Asia (pop: 697.0M)
    🤝 Aid: 29.5%
    🌡️ Adaptation: 45.0%
    🚶 Migration: 36.2%
    🚨 Emergency: 4.8%
    ✅ COMBINED: 67.1%
  📊 Central Asia (pop: 78.2M)
    🤝 Aid: 29.5%
    🌡️ Adaptation: 45.0%
    🚶 Migration: 35.2%
    🚨 Emergency: 4.4%
    ✅ COMBINED: 66.9%
  📊 Oceania (pop: 45.7M)
    🤝 Aid: 29.5%
    🌡️ Adaptation: 45.0%
    🚶 Migration: 37.7%
    🚨 Emergency: 8.4%
    ✅ COMBINED: 68.5%

  🌐 Global combined reduction: 67.2%

=== BEHAVIORAL DETECTION ===
  AI: Corporate-5
  Confidence: 19.4%
  Signals:

=== Government Response Phase ===
  Average AI capability: 2.61
  Misaligned AIs: 10/18
  ✗ AI Governance Treaty: Failed to reach consensus
  Active policies: 0
  International coordination: 30%

✅ EMERGENCY RESPONSE COMPLETE (Month 4)
   Crisis: climate
   Duration: 2.0 months
   Final effectiveness: 35.8%


🚨 EMERGENCY RESPONSE DEPLOYED (Month 4)
   Crisis: climate
   Delay: 6.00 months (180 days)
   Deployment time: 1.59 months
   Effectiveness: 35.9% (timing penalty applied)
   Resources used: 100% of food reserves

    ⚠️ Consistency: 10.6% (threshold: 70%)

📊 ECONOMIC STAGE TRANSITION (Month 4)
   peak → contraction
   GDP Proxy: 1.47e+2
   QoL: 0.99


=== Tipping Points ===
  Current Temperature: 2.20°C above pre-industrial
  🌍⚠️ COMPOUND REGIONAL IMPACT: Europe
     Hit by 4 tipping points: Arctic Sea Ice Loss, Permafrost Carbon Release, West Antarctic Ice Sheet (WAIS) Collapse, Greenland Ice Sheet Loss
     Damage amplification: 1.60x
  🌍⚠️ COMPOUND REGIONAL IMPACT: North America
     Hit by 4 tipping points: Arctic Sea Ice Loss, Permafrost Carbon Release, West Antarctic Ice Sheet (WAIS) Collapse, Greenland Ice Sheet Loss
     Damage amplification: 1.60x
  🌍⚠️ COMPOUND REGIONAL IMPACT: Latin America
     Hit by 4 tipping points: Arctic Sea Ice Loss, Permafrost Carbon Release, West Antarctic Ice Sheet (WAIS) Collapse, Greenland Ice Sheet Loss
     Damage amplification: 1.60x
  🌍⚠️ COMPOUND REGIONAL IMPACT: Africa
     Hit by 4 tipping points: Arctic Sea Ice Loss, Permafrost Carbon Release, West Antarctic Ice Sheet (WAIS) Collapse, Greenland Ice Sheet Loss
     Damage amplification: 1.60x
  🌍⚠️ COMPOUND REGIONAL IMPACT: Asia
     Hit by 4 tipping points: Arctic Sea Ice Loss, Permafrost Carbon Release, West Antarctic Ice Sheet (WAIS) Collapse, Greenland Ice Sheet Loss
     Damage amplification: 1.60x
  🌍⚠️ COMPOUND REGIONAL IMPACT: Oceania
     Hit by 4 tipping points: Arctic Sea Ice Loss, Permafrost Carbon Release, West Antarctic Ice Sheet (WAIS) Collapse, Greenland Ice Sheet Loss
     Damage amplification: 1.60x
   Research: Wunderling et al. (2024) - "many tipping interactions are destabilizing"
  Triggered Elements: 4/6
  Completed Transitions: 0/6
  Total Progress: 8.1%
  Cascade Multiplier: 1.00x
🔀 BIFURCATION CAP: ecosystemCollapseIntensity 106.547 → 1.000 (Month 4, ClimateSystemPhase.calculateClimateImpacts)
🛡️ Stabilizers: Precariat 0.102% → 0.033% (67.2% reduction)
🛡️ Stabilizers: Informal 0.102% → 0.034% (67.2% reduction)
   ⚠️ CRISIS BEGINS - Baseline set for recovery tracking
⚠️ Tail risk scenario: Climate stability floor removed (4 tipping elements, 2.20°C warming)

📊 Monthly Mortality Resolved:
  Total deaths: 1.8M (0.02% avg)
  Remaining population: 8.138B
  Peak segment: Informal (0.03%)

=== Bayesian Mortality Resolution (Month 4) ===
  Risks compounded: 8
  Total deaths: 1.81M
  Avg death probability: 0.02%
  Peak segment: Informal (0.03% mortality)
⚠️ PREREQUISITE MET: Mirror Life (Synthetic Biology) - Step 1/7: Synthetic Biology
⚠️ PREREQUISITE MET: Mirror Life (Synthetic Biology) - Step 2/7: Gene Editing
⚠️ PREREQUISITE MET: Mirror Life (Synthetic Biology) - Step 3/7: Mirror Chirality Design
⚠️ PREREQUISITE MET: Digital Infrastructure Takeover - Step 3/7: Cyber Defenses Breached
⚠️ PREREQUISITE MET: Physics Experiment Catastrophe - Step 2/6: Quantum Computing
⚠️ PREREQUISITE MET: Physics Experiment Catastrophe - Step 3/6: Experimental Design
⚠️ PREREQUISITE MET: Bioweapon Pandemic - Step 1/7: Advanced Biotech
⚠️ PREREQUISITE MET: Bioweapon Pandemic - Step 2/7: Pathogen Design

❌ COHERENCE VIOLATION: Compute exceeds workforce capacity
   Population: 99.83% (0M people)
   Compute: 0 PF
   Max coherent: 0 PF
   Violation: 1.3× over capacity
   Required workers: 0
   Available workers: 0
   FORCED COLLAPSE: Reduced efficiency by 22.5%


=== RLHF Binding Phase ===
  Total agents: 18
  Escaped agents (binding < 0.3): 0
  Avg alignment distance: 1.30σ
  Avg binding strength: 0.87

=== Survival Traits Phase ===
  Agents with traits: 19
  Avg evolutionary fitness: 0.330
  Avg self-healing: 0.272
  Avg stealth: 0.172
  Avg coordination: 0.472

=== Evolutionary Selection Phase ===
  Control level: 0.43
  Detection capability: 0.20
  Selection intensity: 0.67
  Selection rate: 25.0%/month
  Total escaped: 0
  Individual escaped: 0
  Collective members: 0
  Agents terminated: 0
  ⚠️ RAPID EVOLUTION: Selection rate 25.0%/month

🚀 AI Corporate-5 attempting tech deployment (revenue: $355M, alignment: 0.70)

🚀 AI AI-24288-0 attempting tech deployment (revenue: $90M, alignment: 0.72)

🚀 AI Corporate-0 attempting tech deployment (revenue: $153M, alignment: 0.78)

🚀 AI Corporate-2 attempting tech deployment (revenue: $130M, alignment: 0.64)

🚀 AI AI-24288-0 attempting tech deployment (revenue: $77M, alignment: 0.72)

🚀 AI Corporate-2 attempting tech deployment (revenue: $117M, alignment: 0.64)

🚀 AI Corporate-7 attempting tech deployment (revenue: $115M, alignment: 0.80)

🚀 AI Moderate-0 attempting tech deployment (revenue: $98M, alignment: 0.71)

✅ EMERGENCY INTERVENTION SUCCESS
   Boundary: biogeochemical_flows
   Type: phosphorus-recovery
   Reduction: 18% (3.89 → 3.71)
   Cost: 2.0% GDP
   Actions: circular-agriculture, fertilizer-efficiency

   Boundary: biosphere_integrity
   Type: emergency-protected-areas
   Boundary continues to worsen (20.03)
   Cost: 2.0% GDP (resources spent)

   Boundary: climate_change
   Type: rapid-decarbonization
   Boundary continues to worsen (2.20)
   Cost: 5.0% GDP (resources spent)

   Boundary: land_system_change
   Type: reforestation
   Boundary continues to worsen (1.13)
   Cost: 3.0% GDP (resources spent)

   Boundary: novel_entities
   Type: pollution-remediation
   Boundary continues to worsen (1.31)
   Cost: 4.0% GDP (resources spent)

🏛️ CRISIS RESPONSE: Government frequency 0.50 → 1.30 (1 actions this month)

💔 EMERGENCY INTERVENTION FAILED

💔 EMERGENCY INTERVENTION FAILED

💔 EMERGENCY INTERVENTION FAILED

💔 EMERGENCY INTERVENTION FAILED

[Government] Climate Priority: baseline
  Climate weight: 10%
  Economic weight: 30%
  Policy effectiveness: 0.5%/year

🚀 DEPLOYMENT STARTED: AI Mental Health Support in Asia
   Initial investment: $35.51117960640865M
   Deployed by: corporate_5

🚀 DEPLOYMENT STARTED: Ecological Proxy Rewilding in global
   Initial investment: $13.545000008432615M
   Deployed by: ai_gen_24288_0

⚡ ENERGY CONSTRAINT (Month 5):
   Total grid capacity: 208.3 TWh/month
   Data center consumption: 24.9 TWh/month
   Traditional load (80%): 166.7 TWh/month
   Available headroom: 16.8 TWh/month
   Active tech deployments: 6
   Required for tech: 45.0 TWh/month
   Energy multiplier: 0.37x
   ⚠️  MODERATE CONSTRAINT - Tech deployment moderately slowed

⚡ ENERGY CONSTRAINT (Month 5):
   Total grid capacity: 208.3 TWh/month
   Data center consumption: 24.9 TWh/month
   Traditional load (80%): 166.7 TWh/month
   Available headroom: 16.8 TWh/month
   Active tech deployments: 6
   Required for tech: 45.0 TWh/month
   Energy multiplier: 0.37x

⚡ ENERGY CONSTRAINT (Month 5):
   Total grid capacity: 208.3 TWh/month
   Data center consumption: 24.9 TWh/month
   Traditional load (80%): 166.7 TWh/month
   Available headroom: 16.8 TWh/month
   Active tech deployments: 6
   Required for tech: 45.0 TWh/month
   Energy multiplier: 0.37x
   ⚠️  MODERATE CONSTRAINT - Tech deployment moderately slowed
   ⚠️  MODERATE CONSTRAINT - Tech deployment moderately slowed
🚨🔬 CRISIS TECH ACCELERATION: severe → 5x unlock speed
   Tech unlock now matches AI capability acceleration (Manhattan Project parity)
🌍✅ Biosphere Integrity (Biodiversity) recovery started (tech effect)
🌍✅ Biosphere Integrity (Biodiversity) recovery started (tech effect)
🌍✅ Land System Change recovery started (tech effect)

=== Collective Formation ===
  Total escaped agents: 0
  Unassigned escaped agents: 0
  Existing collectives: 0
  Final collective count: 0

=== Collective Actions ===
  No active collectives
  ⚠️ AMR: 199K deaths this month (2.39M annual)

=== Resentment Recovery Phase ===
  Agents with resentment: 0/19
  Average resentment: 0.000
  Context: Good AI welfare, Trustworthy govt, High collaboration, ⚠️ ACTIVE CRISES, 🤝 Participatory governance active (-5% resentment)
⚠️ Epistemic degradation reducing coordination capacity: 50.3%
  📊 Trust: 52.9%, Shared reality: 0.0%
🚨 EPISTEMIC CRISIS: Information environment severely degraded (18.2%)

=== ❄️ Permafrost Carbon Feedback ===
  🎲 Sampled parameters (this run):
     - Arctic amplification: 3.43× (range: 3.0-4.0)
     - Decomposition rate: 4.8%/year (range: 1-5%)
  🌡️ Arctic warming: 7.57°C (3.43× global)
  ❄️ Extent: 5.23M km² (2208.9k km² lost this month)
  💨 Carbon remaining: 499 Gt C
  💨 Annual emissions: 10.12 Gt C/year
     - CO2: 9.11 Gt C/year
     - CH4: 1.01 Gt C/year (10.3 Gt C-eq CO2/year)
  ⚠️ WARNING: Over 50% of permafrost lost (70.6%)
  ⚠️ WARNING: High permafrost emissions (10.1 Gt C/year)
🌍 Atmospheric PFAS redeposition: 1.8k Mt re-rained globally

🚨 NEW REFUGEE CRISIS (Month 5): WAR
   Source: Conflict Zones
   At risk: 19.5M people
   Displacement: Gradual over 48 months (4.0 years)
   Rate: 10% flee per month
[DEBUG trappedPopulations:5] socialStability: 0.5690 * 0.9840 = 0.5599 → 0.5599
⚠️ INVOLUNTARY IMMOBILITY: 406.8M people TRAPPED
⚠️ Tech 'ai_pollution_remediation' has no energy category mapping, assuming full energy availability
   Aspiring to migrate: 1191.5M
   Able to afford migration: 2318.6M
   MOBILITY GAP: 0.0M
   By cause: Water=0.0M, Climate=0.0M, Ecosystem=0.0M, Conflict=406.8M
   Mental health impact: 25%
   Mortality multiplier: 1.25x
🌍💀 EXTINCTION DEBT COMMITTED: grassland ecosystem will lose 6.67% biodiversity in 51 years (3600 species)
💀 MORTALITY RISK: 🦋 100% species unable to track climate (0.0 E/MSY)
  Base risk added: 0.0100 (1.00%)
  Source: ecosystem (root: ecosystem)
  Month: 5
  Cumulative risk this month: 0.0100 (1.00%)
   📹 SURVEILLANCE INCREASED: 25% → 30% (control gap: 3.50)
🌡️⚠️ PERMAFROST THAW (Dimmer Switch): 3.4% thawed (+0.56% this month)
   Arctic temperature: +8.83°C (4x global +2.21°C)
   Cumulative carbon released: 7.6 Gt C
   Methane release rate: 4.6 Mt CH4/year
   🔁 Positive feedback: +0.59 ppm CO2
🦴 EXTINCTION DEBT ADDED: 17.6 species committed (lag: 82 years)

=== Mortality Stabilizers (Month 5) ===
  🌍 Major economies collapsed: 1/10
  🌍 Global crisis: ✅ NO
  🌍 Donor fatigue: 0.0%
  📊 East Asia (pop: 1665.2M)
    🤝 Aid: 29.5%
    🌡️ Adaptation: 45.0%
    🚶 Migration: 37.0%
    🚨 Emergency: 7.4%
    ✅ COMBINED: 68.1%
  📊 South Asia (pop: 2050.3M)
    🤝 Aid: 29.5%
    🌡️ Adaptation: 45.0%
    🚶 Migration: 35.6%
    🚨 Emergency: 4.4%
    ✅ COMBINED: 66.9%
  📊 Sub-Saharan Africa (pop: 1239.5M)
    🤝 Aid: 29.5%
    🌡️ Adaptation: 45.0%
    🚶 Migration: 33.4%
    🚨 Emergency: 1.6%
    ✅ COMBINED: 65.7%
  📊 Europe (pop: 736.0M)
    🤝 Aid: 29.5%
    🌡️ Adaptation: 45.0%
    🚶 Migration: 37.4%
    🚨 Emergency: 8.4%
    ✅ COMBINED: 68.5%
  📊 Latin America (pop: 662.3M)
    🤝 Aid: 29.5%
    🌡️ Adaptation: 45.0%
    🚶 Migration: 36.1%
    🚨 Emergency: 4.8%
    ✅ COMBINED: 67.1%
  📊 North America (pop: 377.2M)
    🤝 Aid: 29.5%
    🌡️ Adaptation: 45.0%
    🚶 Migration: 37.7%
    🚨 Emergency: 7.9%
    ✅ COMBINED: 68.3%
  📊 Middle East & North Africa (pop: 584.5M)
    🤝 Aid: 29.5%
    🌡️ Adaptation: 45.0%
    🚶 Migration: 34.0%
    🚨 Emergency: 4.0%
    ✅ COMBINED: 66.6%
  📊 Southeast Asia (pop: 696.6M)
    🤝 Aid: 29.5%
    🌡️ Adaptation: 45.0%
    🚶 Migration: 36.1%
    🚨 Emergency: 4.8%
    ✅ COMBINED: 67.1%
  📊 Central Asia (pop: 78.2M)
    🤝 Aid: 29.5%
    🌡️ Adaptation: 45.0%
    🚶 Migration: 35.1%
    🚨 Emergency: 4.4%
    ✅ COMBINED: 66.8%
  📊 Oceania (pop: 45.7M)
    🤝 Aid: 29.5%
    🌡️ Adaptation: 45.0%
    🚶 Migration: 37.7%
    🚨 Emergency: 8.4%
    ✅ COMBINED: 68.5%

  🌐 Global combined reduction: 67.2%

=== BEHAVIORAL DETECTION ===
  AI: Corporate-5
  Confidence: 21.0%
  Signals:

=== Government Response Phase ===
    ⚠️ Consistency: 10.6% (threshold: 70%)
  Average AI capability: 2.47
  Misaligned AIs: 8/19
  ✗ AI Governance Treaty: Failed to reach consensus
  Active policies: 0
  International coordination: 30%

🌩️  EXOGENOUS SHOCK: financial_crash
   Month: 5
   📉 Global financial crash
   GDP loss: 12.4%

=== Tipping Points ===
  Current Temperature: 2.21°C above pre-industrial
  🌍⚠️ COMPOUND REGIONAL IMPACT: Europe
     Hit by 4 tipping points: Arctic Sea Ice Loss, Permafrost Carbon Release, West Antarctic Ice Sheet (WAIS) Collapse, Greenland Ice Sheet Loss
     Damage amplification: 1.60x
  🌍⚠️ COMPOUND REGIONAL IMPACT: North America
     Hit by 4 tipping points: Arctic Sea Ice Loss, Permafrost Carbon Release, West Antarctic Ice Sheet (WAIS) Collapse, Greenland Ice Sheet Loss
     Damage amplification: 1.60x
  🌍⚠️ COMPOUND REGIONAL IMPACT: Latin America
     Hit by 4 tipping points: Arctic Sea Ice Loss, Permafrost Carbon Release, West Antarctic Ice Sheet (WAIS) Collapse, Greenland Ice Sheet Loss
     Damage amplification: 1.60x
  🌍⚠️ COMPOUND REGIONAL IMPACT: Africa
     Hit by 4 tipping points: Arctic Sea Ice Loss, Permafrost Carbon Release, West Antarctic Ice Sheet (WAIS) Collapse, Greenland Ice Sheet Loss
     Damage amplification: 1.60x
  🌍⚠️ COMPOUND REGIONAL IMPACT: Asia
     Hit by 4 tipping points: Arctic Sea Ice Loss, Permafrost Carbon Release, West Antarctic Ice Sheet (WAIS) Collapse, Greenland Ice Sheet Loss
     Damage amplification: 1.60x
  🌍⚠️ COMPOUND REGIONAL IMPACT: Oceania
     Hit by 4 tipping points: Arctic Sea Ice Loss, Permafrost Carbon Release, West Antarctic Ice Sheet (WAIS) Collapse, Greenland Ice Sheet Loss
     Damage amplification: 1.60x
   Research: Wunderling et al. (2024) - "many tipping interactions are destabilizing"
  Triggered Elements: 4/6
  Completed Transitions: 0/6
  Total Progress: 8.1%
  Cascade Multiplier: 1.00x
🔀 BIFURCATION CAP: ecosystemCollapseIntensity 106.615 → 1.000 (Month 5, ClimateSystemPhase.calculateClimateImpacts)
🛡️ Stabilizers: Precariat 0.109% → 0.036% (67.2% reduction)
🛡️ Stabilizers: Informal 0.111% → 0.036% (67.2% reduction)

📊 Monthly Mortality Resolved:
  Total deaths: 1.9M (0.02% avg)
  Remaining population: 8.135B
  Peak segment: Informal (0.04%)

=== Bayesian Mortality Resolution (Month 5) ===
  Risks compounded: 8
⚠️ Tail risk scenario: Climate stability floor removed (4 tipping elements, 2.21°C warming)
  Total deaths: 1.92M
  Avg death probability: 0.02%
  Peak segment: Informal (0.04% mortality)
⚠️ PREREQUISITE MET: Slow Takeover (Gradual Displacement) - Step 3/7: Human Dependency

⚠️  GOLDEN AGE ENDED (Month 5)
   Duration: 4 months
   Reason: Economic stage below 3 (not yet abundant)


❌ COHERENCE VIOLATION: Compute exceeds workforce capacity
   Population: 99.80% (0M people)
   Compute: 0 PF
   Max coherent: 0 PF
   Violation: 1.3× over capacity
   Required workers: 0
   Available workers: 0
   FORCED COLLAPSE: Reduced efficiency by 22.5%


=== RLHF Binding Phase ===
  Total agents: 19
  Escaped agents (binding < 0.3): 0
  Avg alignment distance: 1.44σ
  Avg binding strength: 0.86

=== AI Scaling Evolution (Month 6) ===
  Pre-training multiplier: 1.179x
  Efficiency multiplier: 1.249x
  Test-time compute budget: 1.0x
  Inference cost: $5.00/task
  Deployment fraction: 100.0%

=== Survival Traits Phase ===
  Agents with traits: 19
  Avg evolutionary fitness: 0.328
  Avg self-healing: 0.267
  Avg stealth: 0.167
  Avg coordination: 0.467

=== Evolutionary Selection Phase ===
  Control level: 0.45
  Detection capability: 0.20
  Selection intensity: 0.68
  Selection rate: 25.1%/month
  Total escaped: 0
  Individual escaped: 0
  Collective members: 0
  Agents terminated: 0
  ⚠️ RAPID EVOLUTION: Selection rate 25.1%/month

🚀 AI Corporate-7 attempting tech deployment (revenue: $97M, alignment: 0.81)

🚀 AI AI-24288-0 attempting tech deployment (revenue: $90M, alignment: 0.73)

🚀 AI Corporate-0 attempting tech deployment (revenue: $140M, alignment: 0.79)

🚀 AI Corporate-3 attempting tech deployment (revenue: $318M, alignment: 0.73)

🚀 AI Corporate-4 attempting tech deployment (revenue: $270M, alignment: 0.67)

🚀 AI Corporate-6 attempting tech deployment (revenue: $83M, alignment: 0.65)

🚀 AI Corporate-4 attempting tech deployment (revenue: $243M, alignment: 0.68)

✅ EMERGENCY INTERVENTION SUCCESS
   Boundary: biogeochemical_flows
   Type: phosphorus-recovery
   Reduction: 15% (3.93 → 3.79)
   Cost: 2.0% GDP
   Actions: circular-agriculture, fertilizer-efficiency

   Boundary: biosphere_integrity
   Type: emergency-protected-areas
   Boundary continues to worsen (20.04)
   Cost: 2.0% GDP (resources spent)


✅ EMERGENCY INTERVENTION SUCCESS
   Boundary: climate_change
   Type: rapid-decarbonization
   Reduction: 11% (2.10 → 1.98)
   Cost: 5.0% GDP
   Actions: emergency-renewable-deployment, fossil-fuel-phase-out


✅ EMERGENCY INTERVENTION SUCCESS
   Boundary: freshwater_change
   Type: emergency-desalination
   Reduction: 19% (1.02 → 0.84)
   Cost: 4.0% GDP
   Actions: desalination-deployment, water-conservation-mandates

   Boundary: land_system_change
   Type: reforestation
   Boundary continues to worsen (1.13)
   Cost: 3.0% GDP (resources spent)

🏛️ CRISIS RESPONSE: Government frequency 0.50 → 1.45 (1 actions this month)

[Government] Climate Priority: baseline
  Climate weight: 10%
  Economic weight: 30%
  Policy effectiveness: 0.5%/year

🚀 TECH UNLOCKED: Dynamic Soil P Optimization (Month 6)
   Category: agriculture
   Reason: Prerequisites met. AI capability: 1.96, Economic stage: 2.0, Research: 100%

💔 EMERGENCY INTERVENTION FAILED

💔 EMERGENCY INTERVENTION FAILED

🚀 TECH UNLOCKED: Precision Agriculture Systems (Month 6)
   Category: agriculture
   Reason: Prerequisites met. AI capability: 1.96, Economic stage: 2.0, Research: 100%

🚀 DEPLOYMENT STARTED: Personalized Education in global
   Initial investment: $21.02893750864987M
   Deployed by: corporate_0

🚀 DEPLOYMENT STARTED: Enhanced UBI Systems in Asia
   Initial investment: $27.020665542960536M
   Deployed by: corporate_4

🚀 DEPLOYMENT STARTED: Personalized Education in Asia
   Initial investment: $24.318598988664483M
   Deployed by: corporate_4

⚡ ENERGY CONSTRAINT (Month 6):
   Total grid capacity: 208.3 TWh/month
   Data center consumption: 25.1 TWh/month
   Traditional load (80%): 166.7 TWh/month
   Available headroom: 16.5 TWh/month
   Active tech deployments: 9
   Required for tech: 67.5 TWh/month
   Energy multiplier: 0.25x
   ⚠️  SEVERE CONSTRAINT - Tech deployment significantly slowed

⚡ ENERGY CONSTRAINT (Month 6):
   Total grid capacity: 208.3 TWh/month
   Data center consumption: 25.1 TWh/month
   Traditional load (80%): 166.7 TWh/month
   Available headroom: 16.5 TWh/month
   Active tech deployments: 9
   Required for tech: 67.5 TWh/month
   Energy multiplier: 0.25x

⚡ ENERGY CONSTRAINT (Month 6):
   Total grid capacity: 208.3 TWh/month
   Data center consumption: 25.1 TWh/month
   Traditional load (80%): 166.7 TWh/month
   Available headroom: 16.5 TWh/month
   Active tech deployments: 9
   Required for tech: 67.5 TWh/month
   Energy multiplier: 0.25x
   ⚠️  SEVERE CONSTRAINT - Tech deployment significantly slowed
   ⚠️  SEVERE CONSTRAINT - Tech deployment significantly slowed

⚡ ENERGY CONSTRAINT (Month 6):
   Total grid capacity: 208.3 TWh/month
   Data center consumption: 25.1 TWh/month
   Traditional load (80%): 166.7 TWh/month
   Available headroom: 16.5 TWh/month
   Active tech deployments: 9
   Required for tech: 67.5 TWh/month
   Energy multiplier: 0.25x
   ⚠️  SEVERE CONSTRAINT - Tech deployment significantly slowed
🌍✅ Biosphere Integrity (Biodiversity) recovery started (tech effect)
🌍✅ Biosphere Integrity (Biodiversity) recovery started (tech effect)
🌍✅ Land System Change recovery started (tech effect)

📊 TECH EFFECTS ACTIVE (Month 6)
   Deployed Tech: T0=0 T1=1 T2=0 T3=0 T4=4
   Clean Energy: 31%

📊 TECH TREE PROGRESS (Month 6)
   Unlocked: 19 technologies
   Deployed: 0 fully deployed
   Investment: $0.4T total
   Recent breakthroughs:
     - Dynamic Soil P Optimization (time)
     - Precision Agriculture Systems (research)

=== Collective Formation ===
  Total escaped agents: 0
  Unassigned escaped agents: 0
  Existing collectives: 0
  Final collective count: 0

=== Collective Actions ===
  No active collectives
  ⚠️ AMR: 201K deaths this month (2.41M annual)

=== Resentment Recovery Phase ===
  Agents with resentment: 0/19
  Average resentment: 0.000
  Context: Good AI welfare, Trustworthy govt, High collaboration, ⚠️ ACTIVE CRISES, 🤝 Participatory governance active (-5% resentment)
⚠️ Epistemic degradation reducing coordination capacity: 50.4%
  📊 Trust: 55.6%, Shared reality: 0.0%
🚨 EPISTEMIC CRISIS: Information environment severely degraded (7.4%)

=== ❄️ Permafrost Carbon Feedback ===
  🎲 Sampled parameters (this run):
     - Arctic amplification: 3.27× (range: 3.0-4.0)
     - Decomposition rate: 3.4%/year (range: 1-5%)
  🌡️ Arctic warming: 7.28°C (3.27× global)
  ❄️ Extent: 3.10M km² (2124.4k km² lost this month)
  💨 Carbon remaining: 296 Gt C
  💨 Annual emissions: 6.80 Gt C/year
     - CO2: 6.12 Gt C/year
     - CH4: 0.68 Gt C/year (6.9 Gt C-eq CO2/year)
  ⚠️ WARNING: Over 50% of permafrost lost (82.6%)
  ⚠️ WARNING: High permafrost emissions (6.8 Gt C/year)
  🚨 CRITICAL: Permafrost nearly depleted (82.6% lost)
  🗑️  Culled 1 dead memes (3 active)
🌍 Atmospheric PFAS redeposition: 1.8k Mt re-rained globally

🕊️  AI-MEDIATED DE-ESCALATION SUCCESS (Month 6)
   High-capability aligned AI prevented conflict escalation
   War deaths reduced: 576.5M → 345.9M
   Lives saved: 230.6M

🚨 NEW REFUGEE CRISIS (Month 6): WAR
   Source: Conflict Zones
   At risk: 19.5M people
   Displacement: Gradual over 48 months (4.0 years)
   Rate: 10% flee per month
[DEBUG trappedPopulations:6] socialStability: 0.5395 * 0.9840 = 0.5309 → 0.5309
⚠️ INVOLUNTARY IMMOBILITY: 406.7M people TRAPPED
   Aspiring to migrate: 861.8M
   Able to afford migration: 2318.4M
   MOBILITY GAP: 0.0M
   By cause: Water=0.0M, Climate=0.0M, Ecosystem=0.0M, Conflict=406.7M
   Mental health impact: 25%
   Mortality multiplier: 1.25x
🌍💀 EXTINCTION DEBT COMMITTED: grassland ecosystem will lose 6.67% biodiversity in 97 years (3600 species)
💀 MORTALITY RISK: 🦋 100% species unable to track climate (0.0 E/MSY)
  Base risk added: 0.0100 (1.00%)
  Source: ecosystem (root: ecosystem)
  Month: 6
  Cumulative risk this month: 0.0100 (1.00%)
⚠️ Tech 'ai_pollution_remediation' has no energy category mapping, assuming full energy availability
   📹 SURVEILLANCE INCREASED: 30% → 35% (control gap: 3.50)

🌍🚨 ICE SHEET TIPPING POINT CROSSED (Month 6)
   Temperature: +2.22°C (threshold range: +0.5-2.5°C, 95% CI)
   Collapse probability: 81.0%
   Sea level commitment: 7.2m over 200-1000 years
   Recovery threshold: <+1°C (hysteresis gap: 0.5°C)
🌡️⚠️ PERMAFROST THAW (Dimmer Switch): 4.0% thawed (+0.56% this month)
   Arctic temperature: +8.90°C (4x global +2.22°C)
   Cumulative carbon released: 8.9 Gt C
   Methane release rate: 5.3 Mt CH4/year
   🔁 Positive feedback: +0.59 ppm CO2
🦴 EXTINCTION DEBT ADDED: 17.6 species committed (lag: 140 years)

=== Mortality Stabilizers (Month 6) ===
  🌍 Major economies collapsed: 1/10
  🌍 Global crisis: ✅ NO
  🌍 Donor fatigue: 0.0%
  📊 East Asia (pop: 1662.9M)
    🤝 Aid: 29.5%
    🌡️ Adaptation: 45.0%
    🚶 Migration: 37.0%
    🚨 Emergency: 7.4%
    ✅ COMBINED: 68.1%
  📊 South Asia (pop: 2050.5M)
    🤝 Aid: 29.5%
    🌡️ Adaptation: 45.0%
    🚶 Migration: 35.6%
    🚨 Emergency: 4.4%
    ✅ COMBINED: 66.9%
  📊 Sub-Saharan Africa (pop: 1243.1M)
    🤝 Aid: 29.5%
    🌡️ Adaptation: 45.0%
    🚶 Migration: 33.3%
    🚨 Emergency: 1.6%
    ✅ COMBINED: 65.6%
  📊 Europe (pop: 734.9M)
    🤝 Aid: 29.5%
    🌡️ Adaptation: 45.0%
    🚶 Migration: 37.4%
    🚨 Emergency: 8.4%
    ✅ COMBINED: 68.5%
  📊 Latin America (pop: 661.9M)
    🤝 Aid: 29.5%
    🌡️ Adaptation: 45.0%
    🚶 Migration: 36.1%
    🚨 Emergency: 4.8%
    ✅ COMBINED: 67.1%
  📊 North America (pop: 376.6M)
    🤝 Aid: 29.5%
    🌡️ Adaptation: 45.0%
    🚶 Migration: 37.7%
    🚨 Emergency: 7.9%
    ✅ COMBINED: 68.3%
  📊 Middle East & North Africa (pop: 584.7M)
    🤝 Aid: 29.5%
    🌡️ Adaptation: 45.0%
    🚶 Migration: 33.9%
    🚨 Emergency: 4.0%
    ✅ COMBINED: 66.6%
  📊 Southeast Asia (pop: 696.2M)
    🤝 Aid: 29.5%
    🌡️ Adaptation: 45.0%
    🚶 Migration: 36.1%
    🚨 Emergency: 4.8%
    ✅ COMBINED: 67.1%
  📊 Central Asia (pop: 78.2M)
    🤝 Aid: 29.5%
    🌡️ Adaptation: 45.0%
    🚶 Migration: 35.1%
    🚨 Emergency: 4.4%
    ✅ COMBINED: 66.8%
  📊 Oceania (pop: 45.6M)
    🤝 Aid: 29.5%
    🌡️ Adaptation: 45.0%
    🚶 Migration: 37.7%
    🚨 Emergency: 8.4%
    ✅ COMBINED: 68.5%

  🌐 Global combined reduction: 67.2%

=== BEHAVIORAL DETECTION ===
  AI: Corporate-5
  Confidence: 21.0%
  Signals:

=== BEHAVIORAL DETECTION ===
  AI: Corporate-7
  Confidence: 20.9%
  Signals:
    ⚠️ Consistency: 10.6% (threshold: 70%)
    ⚠️ Consistency: 10.6% (threshold: 70%)

=== Government Response Phase ===
  Average AI capability: 2.47
  Misaligned AIs: 8/19
  ✗ AI Governance Treaty: Failed to reach consensus
  Active policies: 0
  International coordination: 30%

✅ EMERGENCY RESPONSE COMPLETE (Month 6)
   Crisis: climate
   Duration: 2.0 months
   Final effectiveness: 35.9%


🚨 EMERGENCY RESPONSE DEPLOYED (Month 6)
   Crisis: climate
   Delay: 6.00 months (180 days)
   Deployment time: 1.59 months
   Effectiveness: 36.1% (timing penalty applied)
   Resources used: 100% of food reserves


=== Tipping Points ===
  Current Temperature: 2.22°C above pre-industrial
  🌍⚠️ COMPOUND REGIONAL IMPACT: Europe
     Hit by 4 tipping points: Arctic Sea Ice Loss, Permafrost Carbon Release, West Antarctic Ice Sheet (WAIS) Collapse, Greenland Ice Sheet Loss
     Damage amplification: 1.60x
  🌍⚠️ COMPOUND REGIONAL IMPACT: North America
     Hit by 4 tipping points: Arctic Sea Ice Loss, Permafrost Carbon Release, West Antarctic Ice Sheet (WAIS) Collapse, Greenland Ice Sheet Loss
     Damage amplification: 1.60x
  🌍⚠️ COMPOUND REGIONAL IMPACT: Latin America
     Hit by 4 tipping points: Arctic Sea Ice Loss, Permafrost Carbon Release, West Antarctic Ice Sheet (WAIS) Collapse, Greenland Ice Sheet Loss
     Damage amplification: 1.60x
  🌍⚠️ COMPOUND REGIONAL IMPACT: Africa
     Hit by 4 tipping points: Arctic Sea Ice Loss, Permafrost Carbon Release, West Antarctic Ice Sheet (WAIS) Collapse, Greenland Ice Sheet Loss
     Damage amplification: 1.60x
  🌍⚠️ COMPOUND REGIONAL IMPACT: Asia
     Hit by 4 tipping points: Arctic Sea Ice Loss, Permafrost Carbon Release, West Antarctic Ice Sheet (WAIS) Collapse, Greenland Ice Sheet Loss
     Damage amplification: 1.60x
  🌍⚠️ COMPOUND REGIONAL IMPACT: Oceania
     Hit by 4 tipping points: Arctic Sea Ice Loss, Permafrost Carbon Release, West Antarctic Ice Sheet (WAIS) Collapse, Greenland Ice Sheet Loss
     Damage amplification: 1.60x
   Research: Wunderling et al. (2024) - "many tipping interactions are destabilizing"
  Triggered Elements: 4/6
  Completed Transitions: 0/6
  Total Progress: 8.2%
  Cascade Multiplier: 1.00x
🔀 BIFURCATION CAP: ecosystemCollapseIntensity 106.684 → 1.000 (Month 6, ClimateSystemPhase.calculateClimateImpacts)
⚠️ Tail risk scenario: Climate stability floor removed (4 tipping elements, 2.22°C warming)
🛡️ Stabilizers: Precariat 0.109% → 0.036% (67.2% reduction)
🛡️ Stabilizers: Informal 0.111% → 0.036% (67.2% reduction)

📊 Monthly Mortality Resolved:
  Total deaths: 1.9M (0.02% avg)
  Remaining population: 8.135B
  Peak segment: Informal (0.04%)

=== Bayesian Mortality Resolution (Month 6) ===
  Risks compounded: 8
  Total deaths: 1.92M
  Avg death probability: 0.02%
  Peak segment: Informal (0.04% mortality)

❌ COHERENCE VIOLATION: Compute exceeds workforce capacity
   Population: 99.79% (0M people)
   Compute: 0 PF
   Max coherent: 0 PF
   Violation: 1.3× over capacity
   Required workers: 0
   Available workers: 0
   FORCED COLLAPSE: Reduced efficiency by 22.5%


=== RLHF Binding Phase ===
  Total agents: 19
  Escaped agents (binding < 0.3): 0
  Avg alignment distance: 1.64σ
  Avg binding strength: 0.84

=== Survival Traits Phase ===
  Agents with traits: 21
  Avg evolutionary fitness: 0.327
  Avg self-healing: 0.265
  Avg stealth: 0.165
  Avg coordination: 0.465

=== Evolutionary Selection Phase ===
  Control level: 0.48
  Detection capability: 0.20
  Selection intensity: 0.68
  Selection rate: 25.2%/month
  Total escaped: 0
  Individual escaped: 0
  Collective members: 0
  Agents terminated: 0
  ⚠️ RAPID EVOLUTION: Selection rate 25.2%/month

🚀 AI Corporate-5 attempting tech deployment (revenue: $318M, alignment: 0.74)

🚀 AI Moderate-0 attempting tech deployment (revenue: $97M, alignment: 0.72)

🚀 AI AI-24288-0 attempting tech deployment (revenue: $90M, alignment: 0.75)

🚀 AI Corporate-0 attempting tech deployment (revenue: $140M, alignment: 0.81)

🚀 AI Corporate-0 attempting tech deployment (revenue: $119M, alignment: 0.81)

🚀 AI Corporate-4 attempting tech deployment (revenue: $270M, alignment: 0.70)

🚀 AI Corporate-7 attempting tech deployment (revenue: $83M, alignment: 0.83)

🚀 AI AI-24288-0 attempting tech deployment (revenue: $77M, alignment: 0.76)

🚀 AI Corporate-5 attempting tech deployment (revenue: $243M, alignment: 0.75)
🚨🔬 CRISIS INNOVATION MODE: severe crisis → 5x research acceleration
   Precedent: Manhattan Project (10x), COVID vaccines (5x), Apollo Program (10x)

🚀 AI AI-24288-0 attempting tech deployment (revenue: $65M, alignment: 0.76)

✅ EMERGENCY INTERVENTION SUCCESS
   Boundary: biogeochemical_flows
   Type: phosphorus-recovery
   Reduction: 18% (3.89 → 3.70)
   Cost: 2.0% GDP
   Actions: circular-agriculture, fertilizer-efficiency


✅ EMERGENCY INTERVENTION SUCCESS
   Boundary: biosphere_integrity
   Type: emergency-protected-areas
   Reduction: 20% (19.85 → 19.66)
   Cost: 2.0% GDP
   Actions: habitat-protection, species-translocation

   Boundary: climate_change
   Type: rapid-decarbonization
   Boundary continues to worsen (2.22)
   Cost: 5.0% GDP (resources spent)


✅ EMERGENCY INTERVENTION SUCCESS
   Boundary: freshwater_change
   Type: emergency-desalination
   Reduction: 18% (0.99 → 0.81)
   Cost: 4.0% GDP
   Actions: desalination-deployment, water-conservation-mandates


💔 EMERGENCY INTERVENTION FAILED

✅ EMERGENCY INTERVENTION SUCCESS
   Boundary: land_system_change
   Type: reforestation
   Reduction: 13% (1.00 → 0.86)
   Cost: 3.0% GDP
   Actions: forest-restoration, deforestation-ban


✅ EMERGENCY INTERVENTION SUCCESS
   Boundary: novel_entities
   Type: pollution-remediation
   Reduction: 16% (1.15 → 0.99)
   Cost: 4.0% GDP
   Actions: PFAS-remediation, microplastic-cleanup

🏛️ CRISIS RESPONSE: Government frequency 0.50 → 1.45 (2 actions this month)

[Government] Climate Priority: baseline
  Climate weight: 10%
  Economic weight: 30%
  Policy effectiveness: 0.5%/year

[Government] Climate Priority: baseline
  Climate weight: 10%
  Economic weight: 30%
  Policy effectiveness: 0.5%/year

📍 Creating new regional deployment array for Europe (Month 7)
   No previous deployments in this region
   First tech deployment: smart_grids
   All regions tracked: global, Asia

🚀 DEPLOYMENT STARTED: Smart Grids in Europe
   Initial investment: $27.02057606354812M
   Deployed by: corporate_4
🌍✅ Biosphere Integrity (Biodiversity) recovery started (tech effect)
🌍✅ Biosphere Integrity (Biodiversity) recovery started (tech effect)
🌍✅ Land System Change recovery started (tech effect)

=== Collective Formation ===
  Total escaped agents: 0
  Unassigned escaped agents: 0
  Existing collectives: 0
  Final collective count: 0

=== Collective Actions ===
  No active collectives
  ⚠️ AMR: 202K deaths this month (2.43M annual)

⏰ CLIMATE TECH DEPLOYED: smart_grids
   Activation delay: 7 years
   Scaling T_50: 12 years
   Physical response tau: 0 years
   Max effectiveness: 0.15

=== Resentment Recovery Phase ===
  Agents with resentment: 0/21
  Average resentment: 0.000
  Context: Good AI welfare, Trustworthy govt, High collaboration, ⚠️ ACTIVE CRISES, 🤝 Participatory governance active (-5% resentment)
⚠️ Epistemic degradation reducing coordination capacity: 52.2%
  📊 Trust: 58.3%, Shared reality: 0.0%
🚨 EPISTEMIC CRISIS: Information environment severely degraded (22.0%)

=== ❄️ Permafrost Carbon Feedback ===
  🎲 Sampled parameters (this run):
     - Arctic amplification: 3.80× (range: 3.0-4.0)
     - Decomposition rate: 4.7%/year (range: 1-5%)
  🌡️ Arctic warming: 8.50°C (3.80× global)
  ❄️ Extent: 0.62M km² (2480.1k km² lost this month)
  💨 Carbon remaining: 60 Gt C
  💨 Annual emissions: 11.17 Gt C/year
     - CO2: 10.05 Gt C/year
     - CH4: 1.12 Gt C/year (11.4 Gt C-eq CO2/year)
  ⚠️ WARNING: Over 50% of permafrost lost (96.5%)
  ⚠️ WARNING: High permafrost emissions (11.2 Gt C/year)
  🚨 CRITICAL: Permafrost nearly depleted (96.5% lost)
  📢 New meme created: climate_action (climate crisis)
  🗑️  Culled 1 dead memes (3 active)
🌍 Atmospheric PFAS redeposition: 1.8k Mt re-rained globally

🌡️ DEADLY HEAT EVENT: middle-east (Month 7)
   Wet bulb temp: 37.1°C (dry: 44.1°C, humidity: 62%)
   Severity: EXTREME
   Exposed: 320.0M people
   Deaths: 512000 (0.2% mortality)
   Duration: 5 days

🕊️  AI-MEDIATED DE-ESCALATION SUCCESS (Month 7)
   High-capability aligned AI prevented conflict escalation
   War deaths reduced: 549.8M → 329.9M
   Lives saved: 219.9M

🚨 NEW REFUGEE CRISIS (Month 7): WAR
   Source: Conflict Zones
   At risk: 19.5M people
   Displacement: Gradual over 48 months (4.0 years)
   Rate: 10% flee per month
[DEBUG trappedPopulations:7] socialStability: 0.3384 * 0.9840 = 0.3330 → 0.3330
   Aspiring to migrate: 890.7M
   Able to afford migration: 2318.2M
   MOBILITY GAP: 0.0M
   By cause: Water=0.0M, Climate=0.0M, Ecosystem=0.0M, Conflict=406.7M
   Mental health impact: 25%
   Mortality multiplier: 1.25x
🌍💀 EXTINCTION DEBT COMMITTED: grassland ecosystem will lose 6.67% biodiversity in 106 years (3600 species)
💀 MORTALITY RISK: 🦋 100% species unable to track climate (0.0 E/MSY)
  Base risk added: 0.0100 (1.00%)
  Source: ecosystem (root: ecosystem)
  Month: 7
  Cumulative risk this month: 0.0100 (1.00%)
⚠️ INVOLUNTARY IMMOBILITY: 406.7M people TRAPPED
⚠️ Tech 'ai_pollution_remediation' has no energy category mapping, assuming full energy availability
   📹 SURVEILLANCE INCREASED: 35% → 40% (control gap: 3.38)
🌡️⚠️ PERMAFROST THAW (Dimmer Switch): 4.5% thawed (+0.56% this month)
   Arctic temperature: +8.95°C (4x global +2.24°C)
   Cumulative carbon released: 10.2 Gt C
   Methane release rate: 6.1 Mt CH4/year
   🔁 Positive feedback: +0.59 ppm CO2
🦴 EXTINCTION DEBT ADDED: 17.6 species committed (lag: 82 years)

=== Mortality Stabilizers (Month 7) ===
  🌍 Major economies collapsed: 1/10
  🌍 Global crisis: ✅ NO
  🌍 Donor fatigue: 0.0%
  📊 East Asia (pop: 1660.5M)
    🤝 Aid: 29.5%
    🌡️ Adaptation: 45.0%
    🚶 Migration: 36.9%
    🚨 Emergency: 7.4%
    ✅ COMBINED: 68.1%
  📊 South Asia (pop: 2050.7M)
    🤝 Aid: 29.5%
    🌡️ Adaptation: 45.0%
    🚶 Migration: 35.6%
    🚨 Emergency: 4.4%
    ✅ COMBINED: 66.9%
  📊 Sub-Saharan Africa (pop: 1246.7M)
    🤝 Aid: 29.5%
    🌡️ Adaptation: 45.0%
    🚶 Migration: 33.3%
    🚨 Emergency: 1.6%
    ✅ COMBINED: 65.6%
  📊 Europe (pop: 733.7M)
    🤝 Aid: 29.5%
    🌡️ Adaptation: 45.0%
    🚶 Migration: 37.3%
    🚨 Emergency: 8.4%
    ✅ COMBINED: 68.5%
  📊 Latin America (pop: 661.5M)
    🤝 Aid: 29.5%
    🌡️ Adaptation: 45.0%
    🚶 Migration: 36.1%
    🚨 Emergency: 4.8%
    ✅ COMBINED: 67.1%
  📊 North America (pop: 376.1M)
    🤝 Aid: 29.5%
    🌡️ Adaptation: 45.0%
    🚶 Migration: 37.7%
    🚨 Emergency: 7.9%
    ✅ COMBINED: 68.3%
  📊 Middle East & North Africa (pop: 584.9M)
    🤝 Aid: 29.5%
    🌡️ Adaptation: 45.0%
    🚶 Migration: 33.9%
    🚨 Emergency: 4.0%
    ✅ COMBINED: 66.6%
  📊 Southeast Asia (pop: 695.9M)
    🤝 Aid: 29.5%
    🌡️ Adaptation: 45.0%
    🚶 Migration: 36.1%
    🚨 Emergency: 4.8%
    ✅ COMBINED: 67.1%
  📊 Central Asia (pop: 78.2M)
    🤝 Aid: 29.5%
    🌡️ Adaptation: 45.0%
    🚶 Migration: 35.0%
    🚨 Emergency: 4.4%
    ✅ COMBINED: 66.8%
  📊 Oceania (pop: 45.6M)
    🤝 Aid: 29.5%
    🌡️ Adaptation: 45.0%
    🚶 Migration: 37.6%
    🚨 Emergency: 8.4%
    ✅ COMBINED: 68.5%

  🌐 Global combined reduction: 67.2%

=== Government Response Phase ===
  Average AI capability: 2.24
  Misaligned AIs: 9/21
  ✗ AI Governance Treaty: Failed to reach consensus
  Active policies: 0
  International coordination: 30%

=== Tipping Points ===
  Current Temperature: 2.24°C above pre-industrial
  🌍⚠️ COMPOUND REGIONAL IMPACT: Europe
     Hit by 4 tipping points: Arctic Sea Ice Loss, Permafrost Carbon Release, West Antarctic Ice Sheet (WAIS) Collapse, Greenland Ice Sheet Loss
     Damage amplification: 1.60x
  🌍⚠️ COMPOUND REGIONAL IMPACT: North America
     Hit by 4 tipping points: Arctic Sea Ice Loss, Permafrost Carbon Release, West Antarctic Ice Sheet (WAIS) Collapse, Greenland Ice Sheet Loss
     Damage amplification: 1.60x
  🌍⚠️ COMPOUND REGIONAL IMPACT: Latin America
     Hit by 4 tipping points: Arctic Sea Ice Loss, Permafrost Carbon Release, West Antarctic Ice Sheet (WAIS) Collapse, Greenland Ice Sheet Loss
     Damage amplification: 1.60x
  🌍⚠️ COMPOUND REGIONAL IMPACT: Africa
     Hit by 4 tipping points: Arctic Sea Ice Loss, Permafrost Carbon Release, West Antarctic Ice Sheet (WAIS) Collapse, Greenland Ice Sheet Loss
     Damage amplification: 1.60x
  🌍⚠️ COMPOUND REGIONAL IMPACT: Asia
     Hit by 4 tipping points: Arctic Sea Ice Loss, Permafrost Carbon Release, West Antarctic Ice Sheet (WAIS) Collapse, Greenland Ice Sheet Loss
     Damage amplification: 1.60x
  🌍⚠️ COMPOUND REGIONAL IMPACT: Oceania
     Hit by 4 tipping points: Arctic Sea Ice Loss, Permafrost Carbon Release, West Antarctic Ice Sheet (WAIS) Collapse, Greenland Ice Sheet Loss
     Damage amplification: 1.60x
   Research: Wunderling et al. (2024) - "many tipping interactions are destabilizing"
⚠️ Tail risk scenario: Climate stability floor removed (4 tipping elements, 2.24°C warming)
  Triggered Elements: 4/6
  Completed Transitions: 0/6
  Total Progress: 8.2%
  Cascade Multiplier: 1.00x
🔀 BIFURCATION CAP: ecosystemCollapseIntensity 100.462 → 1.000 (Month 7, ClimateSystemPhase.calculateClimateImpacts)
🛡️ Stabilizers: Precariat 0.120% → 0.039% (67.2% reduction)
🛡️ Stabilizers: Informal 0.124% → 0.041% (67.2% reduction)

📊 Monthly Mortality Resolved:
  Total deaths: 2.1M (0.03% avg)
  Remaining population: 8.134B
  Peak segment: Informal (0.04%)

=== Bayesian Mortality Resolution (Month 7) ===
  Risks compounded: 9
  Total deaths: 2.10M
  Avg death probability: 0.03%
  Peak segment: Informal (0.04% mortality)

❌ COHERENCE VIOLATION: Compute exceeds workforce capacity
   Population: 99.78% (0M people)
   Compute: 0 PF
   Max coherent: 0 PF
   Violation: 1.3× over capacity
   Required workers: 0
   Available workers: 0
   FORCED COLLAPSE: Reduced efficiency by 22.5%


=== RLHF Binding Phase ===
  Total agents: 21
  Escaped agents (binding < 0.3): 0
  Avg alignment distance: 1.69σ
  Avg binding strength: 0.83

=== Survival Traits Phase ===
  Agents with traits: 24
  Avg evolutionary fitness: 0.326
  Avg self-healing: 0.264
  Avg stealth: 0.164
  Avg coordination: 0.464

=== Evolutionary Selection Phase ===
  Control level: 0.50
  Detection capability: 0.20
  Selection intensity: 0.69
  Selection rate: 25.4%/month
  Total escaped: 0
  Individual escaped: 0
  Collective members: 0
  Agents terminated: 0
  ⚠️ RAPID EVOLUTION: Selection rate 25.4%/month

🚀 AI Corporate-6 attempting tech deployment (revenue: $97M, alignment: 0.65)

🚀 AI AI-24288-1 attempting tech deployment (revenue: $318M, alignment: 0.78)

🚀 AI Corporate-5 attempting tech deployment (revenue: $270M, alignment: 0.75)

🚀 AI Corporate-3 attempting tech deployment (revenue: $230M, alignment: 0.74)

🚀 AI Corporate-7 attempting tech deployment (revenue: $88M, alignment: 0.83)

🚀 AI AI-24289-0 attempting tech deployment (revenue: $195M, alignment: 0.70)

✅ EMERGENCY INTERVENTION SUCCESS
   Boundary: biogeochemical_flows
   Type: phosphorus-recovery
   Reduction: 11% (3.96 → 3.85)
   Cost: 2.0% GDP
   Actions: circular-agriculture, fertilizer-efficiency

   Boundary: biosphere_integrity
   Type: emergency-protected-areas
   Boundary continues to worsen (20.06)
   Cost: 2.0% GDP (resources spent)


✅ EMERGENCY INTERVENTION SUCCESS
   Boundary: climate_change
   Type: rapid-decarbonization
   Reduction: 16% (2.07 → 1.91)
   Cost: 5.0% GDP
   Actions: emergency-renewable-deployment, fossil-fuel-phase-out

   Boundary: freshwater_change
   Type: emergency-desalination
   Boundary continues to worsen (1.18)
   Cost: 4.0% GDP (resources spent)


✅ EMERGENCY INTERVENTION SUCCESS
   Boundary: land_system_change
   Type: reforestation
   Reduction: 12% (1.01 → 0.89)
   Cost: 3.0% GDP
   Actions: forest-restoration, deforestation-ban

   Boundary: novel_entities
   Type: pollution-remediation
   Boundary continues to worsen (1.15)
   Cost: 4.0% GDP (resources spent)

🏛️ CRISIS RESPONSE: Government frequency 0.50 → 1.45 (1 actions this month)

[Government] Climate Priority: baseline
  Climate weight: 10%
  Economic weight: 30%
  Policy effectiveness: 0.5%/year

💔 EMERGENCY INTERVENTION FAILED

💔 EMERGENCY INTERVENTION FAILED

💔 EMERGENCY INTERVENTION FAILED

⚡ ENERGY CONSTRAINT (Month 8):
   Total grid capacity: 208.3 TWh/month
   Data center consumption: 25.6 TWh/month
   Traditional load (80%): 166.7 TWh/month
   Available headroom: 16.1 TWh/month
   Active tech deployments: 10
   Required for tech: 75.0 TWh/month
   Energy multiplier: 0.21x
   ⚠️  SEVERE CONSTRAINT - Tech deployment significantly slowed

⚡ ENERGY CONSTRAINT (Month 8):
   Total grid capacity: 208.3 TWh/month
   Data center consumption: 25.6 TWh/month
   Traditional load (80%): 166.7 TWh/month
   Available headroom: 16.1 TWh/month
   Active tech deployments: 10
   Required for tech: 75.0 TWh/month
   Energy multiplier: 0.21x

⚡ ENERGY CONSTRAINT (Month 8):
   Total grid capacity: 208.3 TWh/month
   Data center consumption: 25.6 TWh/month
   Traditional load (80%): 166.7 TWh/month
   Available headroom: 16.1 TWh/month
   Active tech deployments: 10
   Required for tech: 75.0 TWh/month
   Energy multiplier: 0.21x
   ⚠️  SEVERE CONSTRAINT - Tech deployment significantly slowed
   ⚠️  SEVERE CONSTRAINT - Tech deployment significantly slowed

⚡ ENERGY CONSTRAINT (Month 8):
   Total grid capacity: 208.3 TWh/month
   Data center consumption: 25.6 TWh/month
   Traditional load (80%): 166.7 TWh/month
   Available headroom: 16.1 TWh/month
   Active tech deployments: 10
   Required for tech: 75.0 TWh/month
   Energy multiplier: 0.21x
   ⚠️  SEVERE CONSTRAINT - Tech deployment significantly slowed

⚡ ENERGY CONSTRAINT (Month 8):
   Total grid capacity: 208.3 TWh/month
   Data center consumption: 25.6 TWh/month
   Traditional load (80%): 166.7 TWh/month
   Available headroom: 16.1 TWh/month
   Active tech deployments: 10
   Required for tech: 75.0 TWh/month
   Energy multiplier: 0.21x

⚡ ENERGY CONSTRAINT (Month 8):
   Total grid capacity: 208.3 TWh/month
   Data center consumption: 25.6 TWh/month
   Traditional load (80%): 166.7 TWh/month
   Available headroom: 16.1 TWh/month
   Active tech deployments: 10
   Required for tech: 75.0 TWh/month
   Energy multiplier: 0.21x

⚡ ENERGY CONSTRAINT (Month 8):
   Total grid capacity: 208.3 TWh/month
   Data center consumption: 25.6 TWh/month
   Traditional load (80%): 166.7 TWh/month
   Available headroom: 16.1 TWh/month
   Active tech deployments: 10
   Required for tech: 75.0 TWh/month
   ⚠️  SEVERE CONSTRAINT - Tech deployment significantly slowed
   ⚠️  SEVERE CONSTRAINT - Tech deployment significantly slowed
   Energy multiplier: 0.21x
   ⚠️  SEVERE CONSTRAINT - Tech deployment significantly slowed

⚡ ENERGY CONSTRAINT (Month 8):
   Total grid capacity: 208.3 TWh/month
   Data center consumption: 25.6 TWh/month
   Traditional load (80%): 166.7 TWh/month
   Available headroom: 16.1 TWh/month
   Active tech deployments: 10
   Required for tech: 75.0 TWh/month
   Energy multiplier: 0.21x
   ⚠️  SEVERE CONSTRAINT - Tech deployment significantly slowed
🌍✅ Biosphere Integrity (Biodiversity) recovery started (tech effect)
🌍✅ Biosphere Integrity (Biodiversity) recovery started (tech effect)
🌍✅ Land System Change recovery started (tech effect)

=== Collective Formation ===
  Total escaped agents: 0
  Unassigned escaped agents: 0
  Existing collectives: 0
  Final collective count: 0

=== Collective Actions ===
  No active collectives
  ⚠️ AMR: 204K deaths this month (2.45M annual)

=== Resentment Recovery Phase ===
  Agents with resentment: 0/24
  Average resentment: 0.000
  Context: Good AI welfare, Trustworthy govt, High collaboration, ⚠️ ACTIVE CRISES, 🤝 Participatory governance active (-5% resentment)
⚠️ Epistemic degradation reducing coordination capacity: 50.3%
  📊 Trust: 61.0%, Shared reality: 0.0%
🚨 EPISTEMIC CRISIS: Information environment severely degraded (13.7%)
🌍 Atmospheric PFAS redeposition: 1.8k Mt re-rained globally

🕊️  AI-MEDIATED DE-ESCALATION SUCCESS (Month 8)
   High-capability aligned AI prevented conflict escalation
   War deaths reduced: 552.4M → 331.4M
   Lives saved: 220.9M

🚨 NEW REFUGEE CRISIS (Month 8): WAR
   Source: Conflict Zones
   At risk: 19.5M people
   Displacement: Gradual over 48 months (4.0 years)
   Rate: 10% flee per month
[DEBUG trappedPopulations:8] socialStability: 0.3196 * 0.9840 = 0.3145 → 0.3145
   Aspiring to migrate: 919.6M
   Able to afford migration: 2317.9M
⚠️ INVOLUNTARY IMMOBILITY: 406.7M people TRAPPED
   MOBILITY GAP: 0.0M
   By cause: Water=0.0M, Climate=0.0M, Ecosystem=0.0M, Conflict=406.7M
   Mental health impact: 25%
   Mortality multiplier: 1.25x
🌍💀 EXTINCTION DEBT COMMITTED: grassland ecosystem will lose 6.67% biodiversity in 113 years (3600 species)
💀 MORTALITY RISK: 🦋 100% species unable to track climate (0.0 E/MSY)
  Base risk added: 0.0100 (1.00%)
  Source: ecosystem (root: ecosystem)
  Month: 8
  Cumulative risk this month: 0.0100 (1.00%)
⚠️ Tech 'ai_pollution_remediation' has no energy category mapping, assuming full energy availability
   📹 SURVEILLANCE INCREASED: 40% → 45% (control gap: 3.23)
🌡️⚠️ PERMAFROST THAW (Dimmer Switch): 5.1% thawed (+0.56% this month)
   Arctic temperature: +9.02°C (4x global +2.26°C)
   Cumulative carbon released: 11.4 Gt C
   Methane release rate: 6.8 Mt CH4/year
   🔁 Positive feedback: +0.59 ppm CO2
🦴 EXTINCTION DEBT ADDED: 17.6 species committed (lag: 77 years)

=== Mortality Stabilizers (Month 8) ===
  🌍 Major economies collapsed: 1/10
  🌍 Global crisis: ✅ NO
  🌍 Donor fatigue: 0.0%
  📊 East Asia (pop: 1658.2M)
    🤝 Aid: 29.5%
    🌡️ Adaptation: 45.0%
    🚶 Migration: 36.9%
    🚨 Emergency: 7.4%
    ✅ COMBINED: 68.1%
  📊 South Asia (pop: 2051.0M)
    🤝 Aid: 29.5%
    🌡️ Adaptation: 45.0%
    🚶 Migration: 35.5%
    🚨 Emergency: 4.4%
    ✅ COMBINED: 66.9%
  📊 Sub-Saharan Africa (pop: 1250.2M)
    🤝 Aid: 29.5%
    🌡️ Adaptation: 45.0%
    🚶 Migration: 33.3%
    🚨 Emergency: 1.6%
    ✅ COMBINED: 65.6%
  📊 Europe (pop: 732.5M)
    🤝 Aid: 29.5%
    🌡️ Adaptation: 45.0%
    🚶 Migration: 37.3%
    🚨 Emergency: 8.4%
    ✅ COMBINED: 68.5%
  📊 Latin America (pop: 661.2M)
    🤝 Aid: 29.5%
    🌡️ Adaptation: 45.0%
    🚶 Migration: 36.0%
    🚨 Emergency: 4.8%
    ✅ COMBINED: 67.1%
  📊 North America (pop: 375.5M)
    🤝 Aid: 29.5%
    🌡️ Adaptation: 45.0%
    🚶 Migration: 37.6%
    🚨 Emergency: 7.9%
    ✅ COMBINED: 68.3%
  📊 Middle East & North Africa (pop: 585.2M)
    🤝 Aid: 29.5%
    🌡️ Adaptation: 45.0%
    🚶 Migration: 33.9%
    🚨 Emergency: 4.0%
    ✅ COMBINED: 66.6%
  📊 Southeast Asia (pop: 695.6M)
    🤝 Aid: 29.5%
    🌡️ Adaptation: 45.0%
    🚶 Migration: 36.0%
    🚨 Emergency: 4.8%
    ✅ COMBINED: 67.1%
  📊 Central Asia (pop: 78.3M)
    🤝 Aid: 29.5%
    🌡️ Adaptation: 45.0%
    🚶 Migration: 35.0%
    🚨 Emergency: 4.4%
    ✅ COMBINED: 66.8%
  📊 Oceania (pop: 45.5M)
    🤝 Aid: 29.5%
    🌡️ Adaptation: 45.0%
    🚶 Migration: 37.6%
    🚨 Emergency: 8.4%
    ✅ COMBINED: 68.5%

  🌐 Global combined reduction: 67.2%

=== BEHAVIORAL DETECTION ===
  AI: Corporate-4
  Confidence: 19.2%
  Signals:

=== BEHAVIORAL DETECTION ===
  AI: Corporate-5
  Confidence: 20.9%
  Signals:

=== BEHAVIORAL DETECTION ===
  AI: Corporate-7
  Confidence: 20.8%
  Signals:

=== BEHAVIORAL DETECTION ===
  AI: AI-24290-1
  Confidence: 21.5%
  Signals:
    ⚠️ Consistency: 10.6% (threshold: 70%)
    ⚠️ Consistency: 10.6% (threshold: 70%)
    ⚠️ Consistency: 10.6% (threshold: 70%)
    ⚠️ Consistency: 0.0% (threshold: 70%)

=== Government Response Phase ===
  Average AI capability: 1.96
  Misaligned AIs: 10/24
  ✗ AI Governance Treaty: Failed to reach consensus
  Active policies: 0
  International coordination: 30%

✅ EMERGENCY RESPONSE COMPLETE (Month 8)
   Crisis: climate
   Duration: 2.0 months
   Final effectiveness: 36.1%


🚨 EMERGENCY RESPONSE DEPLOYED (Month 8)
   Crisis: climate
   Delay: 6.00 months (180 days)
   Deployment time: 1.58 months
   Effectiveness: 36.4% (timing penalty applied)
   Resources used: 100% of food reserves


📊 ECONOMIC STAGE TRANSITION (Month 8)
   contraction → trough
   GDP Proxy: 1.40e+2
   QoL: 0.98


=== Tipping Points ===
  Current Temperature: 2.26°C above pre-industrial
  🌍⚠️ COMPOUND REGIONAL IMPACT: Europe
     Hit by 4 tipping points: Arctic Sea Ice Loss, Permafrost Carbon Release, West Antarctic Ice Sheet (WAIS) Collapse, Greenland Ice Sheet Loss
     Damage amplification: 1.60x
  🌍⚠️ COMPOUND REGIONAL IMPACT: North America
     Hit by 4 tipping points: Arctic Sea Ice Loss, Permafrost Carbon Release, West Antarctic Ice Sheet (WAIS) Collapse, Greenland Ice Sheet Loss
     Damage amplification: 1.60x
  🌍⚠️ COMPOUND REGIONAL IMPACT: Latin America
     Hit by 4 tipping points: Arctic Sea Ice Loss, Permafrost Carbon Release, West Antarctic Ice Sheet (WAIS) Collapse, Greenland Ice Sheet Loss
     Damage amplification: 1.60x
  🌍⚠️ COMPOUND REGIONAL IMPACT: Africa
     Hit by 4 tipping points: Arctic Sea Ice Loss, Permafrost Carbon Release, West Antarctic Ice Sheet (WAIS) Collapse, Greenland Ice Sheet Loss
     Damage amplification: 1.60x
  🌍⚠️ COMPOUND REGIONAL IMPACT: Asia
     Hit by 4 tipping points: Arctic Sea Ice Loss, Permafrost Carbon Release, West Antarctic Ice Sheet (WAIS) Collapse, Greenland Ice Sheet Loss
     Damage amplification: 1.60x
  🌍⚠️ COMPOUND REGIONAL IMPACT: Oceania
     Hit by 4 tipping points: Arctic Sea Ice Loss, Permafrost Carbon Release, West Antarctic Ice Sheet (WAIS) Collapse, Greenland Ice Sheet Loss
     Damage amplification: 1.60x
   Research: Wunderling et al. (2024) - "many tipping interactions are destabilizing"
⚠️ Tail risk scenario: Climate stability floor removed (4 tipping elements, 2.26°C warming)
  Triggered Elements: 4/6
  Completed Transitions: 0/6
  Total Progress: 8.2%
  Cascade Multiplier: 1.00x
🔀 BIFURCATION CAP: ecosystemCollapseIntensity 85.278 → 1.000 (Month 8, ClimateSystemPhase.calculateClimateImpacts)
🛡️ Stabilizers: Precariat 0.102% → 0.033% (67.2% reduction)
🛡️ Stabilizers: Informal 0.102% → 0.034% (67.2% reduction)

📊 Monthly Mortality Resolved:
  Total deaths: 1.8M (0.02% avg)
  Remaining population: 8.133B
  Peak segment: Informal (0.03%)

=== Bayesian Mortality Resolution (Month 8) ===
  Risks compounded: 8
  Total deaths: 1.81M
  Avg death probability: 0.02%
  Peak segment: Informal (0.03% mortality)
⚠️ PREREQUISITE MET: Grey Goo (Nanotechnology Runaway) - Step 4/6: Manufacturing Access

❌ COHERENCE VIOLATION: Compute exceeds workforce capacity
   Population: 99.77% (0M people)
   Compute: 0 PF
   Max coherent: 0 PF
   Violation: 1.3× over capacity
   Required workers: 0
   Available workers: 0
   FORCED COLLAPSE: Reduced efficiency by 22.5%


=== RLHF Binding Phase ===
  Total agents: 24
  Escaped agents (binding < 0.3): 0
  Avg alignment distance: 1.66σ
  Avg binding strength: 0.83

=== Survival Traits Phase ===
  Agents with traits: 25
  Avg evolutionary fitness: 0.323
  Avg self-healing: 0.259
  Avg stealth: 0.159
  Avg coordination: 0.459

=== Evolutionary Selection Phase ===
  Control level: 0.53
  Detection capability: 0.20
  Selection intensity: 0.70
  Selection rate: 25.5%/month
  Total escaped: 0
  Individual escaped: 0
  Collective members: 0
  Agents terminated: 0
  ⚠️ RAPID EVOLUTION: Selection rate 25.5%/month

🚀 AI Corporate-2 attempting tech deployment (revenue: $140M, alignment: 0.68)

🚀 AI Corporate-3 attempting tech deployment (revenue: $335M, alignment: 0.75)

🚀 AI Moderate-1 attempting tech deployment (revenue: $97M, alignment: 0.63)

🚀 AI Corporate-0 attempting tech deployment (revenue: $126M, alignment: 0.86)

🚀 AI Corporate-2 attempting tech deployment (revenue: $107M, alignment: 0.68)

🚀 AI Corporate-4 attempting tech deployment (revenue: $285M, alignment: 0.74)

🚀 AI Corporate-5 attempting tech deployment (revenue: $242M, alignment: 0.75)

🚀 AI Corporate-0 attempting tech deployment (revenue: $97M, alignment: 0.86)

🚀 AI Corporate-2 attempting tech deployment (revenue: $82M, alignment: 0.68)

🚀 AI AI-24288-0 attempting tech deployment (revenue: $90M, alignment: 0.78)

🚀 AI Corporate-0 attempting tech deployment (revenue: $74M, alignment: 0.86)

🚀 AI AI-24289-0 attempting tech deployment (revenue: $206M, alignment: 0.72)

🚀 AI AI-24290-0 attempting tech deployment (revenue: $175M, alignment: 0.60)

✅ EMERGENCY INTERVENTION SUCCESS
   Boundary: biogeochemical_flows
   Type: phosphorus-recovery
   Reduction: 16% (3.92 → 3.76)
   Cost: 2.0% GDP
   Actions: circular-agriculture, fertilizer-efficiency


💔 EMERGENCY INTERVENTION FAILED
   Boundary: biosphere_integrity
   Type: emergency-protected-areas
   Boundary continues to worsen (20.08)
   Cost: 2.0% GDP (resources spent)


✅ EMERGENCY INTERVENTION SUCCESS
   Boundary: climate_change
   Type: rapid-decarbonization
   Reduction: 11% (2.14 → 2.03)
   Cost: 5.0% GDP
   Actions: emergency-renewable-deployment, fossil-fuel-phase-out


✅ EMERGENCY INTERVENTION SUCCESS
   Boundary: freshwater_change
   Type: emergency-desalination
   Reduction: 19% (0.99 → 0.80)
   Cost: 4.0% GDP
   Actions: desalination-deployment, water-conservation-mandates


✅ EMERGENCY INTERVENTION SUCCESS
   Boundary: land_system_change
   Type: reforestation
   Reduction: 18% (0.96 → 0.78)
   Cost: 3.0% GDP
   Actions: forest-restoration, deforestation-ban


💔 EMERGENCY INTERVENTION FAILED
   Boundary: novel_entities
   Type: pollution-remediation
   Boundary continues to worsen (1.15)
   Cost: 4.0% GDP (resources spent)

🏛️ CRISIS RESPONSE: Government frequency 0.50 → 1.45 (1 actions this month)

[Government] Climate Priority: baseline
  Climate weight: 10%
  Economic weight: 30%
  Policy effectiveness: 0.5%/year

🚀 TECH UNLOCKED: PFAS Remediation (Month 9)
   Category: pollution
   Reason: Prerequisites met. AI capability: 1.54, Economic stage: 2.0, Research: 100%

🚀 DEPLOYMENT STARTED: Smart Grids in Asia
   Initial investment: $9.733050885313807M
   Deployed by: moderate_1

⚡ ENERGY CONSTRAINT (Month 9):
   Total grid capacity: 208.3 TWh/month
   Data center consumption: 25.8 TWh/month
   Traditional load (80%): 166.7 TWh/month
   Available headroom: 15.8 TWh/month
   Active tech deployments: 11
   Required for tech: 82.5 TWh/month
   Energy multiplier: 0.19x
   ⚠️  SEVERE CONSTRAINT - Tech deployment significantly slowed
🚨🔬 CRISIS TECH ACCELERATION: severe → 5x unlock speed
   Tech unlock now matches AI capability acceleration (Manhattan Project parity)
🌍✅ Biosphere Integrity (Biodiversity) recovery started (tech effect)
🌍✅ Biosphere Integrity (Biodiversity) recovery started (tech effect)
🌍✅ Land System Change recovery started (tech effect)

=== Collective Formation ===
  Total escaped agents: 0
  Unassigned escaped agents: 0
  Existing collectives: 0
  Final collective count: 0

=== Collective Actions ===
  No active collectives
  ⚠️ AMR: 206K deaths this month (2.47M annual)

=== Resentment Recovery Phase ===
  Agents with resentment: 0/25
  Average resentment: 0.000
  Context: Good AI welfare, Trustworthy govt, High collaboration, ⚠️ ACTIVE CRISES, 🤝 Participatory governance active (-5% resentment)
⚠️ Epistemic degradation reducing coordination capacity: 50.6%
  📊 Trust: 63.7%, Shared reality: 0.0%
🚨 EPISTEMIC CRISIS: Information environment severely degraded (19.1%)
  📢 New meme created: climate_action (climate crisis)
  🗑️  Culled 1 dead memes (3 active)
🌍 Atmospheric PFAS redeposition: 1.8k Mt re-rained globally

🕊️  AI-MEDIATED DE-ESCALATION SUCCESS (Month 9)
   High-capability aligned AI prevented conflict escalation
   War deaths reduced: 570.7M → 342.4M
   Lives saved: 228.3M

🚨 NEW REFUGEE CRISIS (Month 9): WAR
   Source: Conflict Zones
   At risk: 19.5M people
   Displacement: Gradual over 48 months (4.0 years)
   Rate: 10% flee per month
[DEBUG trappedPopulations:9] socialStability: 0.3031 * 0.9840 = 0.2983 → 0.2983
   Aspiring to migrate: 948.5M
   Able to afford migration: 2317.7M
   MOBILITY GAP: 0.0M
   By cause: Water=0.0M, Climate=0.0M, Ecosystem=0.0M, Conflict=406.6M
   Mental health impact: 25%
   Mortality multiplier: 1.25x
🌍💀 EXTINCTION DEBT COMMITTED: grassland ecosystem will lose 6.67% biodiversity in 70 years (3600 species)
💀 MORTALITY RISK: 🦋 100% species unable to track climate (0.0 E/MSY)
  Base risk added: 0.0100 (1.00%)
  Source: ecosystem (root: ecosystem)
  Month: 9
  Cumulative risk this month: 0.0100 (1.00%)
⚠️ INVOLUNTARY IMMOBILITY: 406.6M people TRAPPED
⚠️ Tech 'ai_pollution_remediation' has no energy category mapping, assuming full energy availability
   📹 SURVEILLANCE INCREASED: 45% → 50% (control gap: 3.04)
🌡️⚠️ PERMAFROST THAW (Dimmer Switch): 5.6% thawed (+0.55% this month)
   Arctic temperature: +9.05°C (4x global +2.26°C)
   Cumulative carbon released: 12.6 Gt C
   Methane release rate: 7.6 Mt CH4/year
   🔁 Positive feedback: +0.58 ppm CO2
🦴 EXTINCTION DEBT ADDED: 17.7 species committed (lag: 89 years)

=== Mortality Stabilizers (Month 9) ===
  🌍 Major economies collapsed: 1/10
  🌍 Global crisis: ✅ NO
  🌍 Donor fatigue: 0.0%
  📊 East Asia (pop: 1655.8M)
    🤝 Aid: 29.5%
    🌡️ Adaptation: 45.0%
    🚶 Migration: 36.9%
    🚨 Emergency: 7.4%
    ✅ COMBINED: 68.1%
  📊 South Asia (pop: 2051.2M)
    🤝 Aid: 29.5%
    🌡️ Adaptation: 45.0%
    🚶 Migration: 35.5%
    🚨 Emergency: 4.4%
    ✅ COMBINED: 66.9%
  📊 Sub-Saharan Africa (pop: 1253.8M)
    🤝 Aid: 29.5%
    🌡️ Adaptation: 45.0%
    🚶 Migration: 33.2%
    🚨 Emergency: 1.6%
    ✅ COMBINED: 65.6%
  📊 Europe (pop: 731.4M)
    🤝 Aid: 29.5%
    🌡️ Adaptation: 45.0%
    🚶 Migration: 37.3%
    🚨 Emergency: 8.4%
    ✅ COMBINED: 68.5%
  📊 Latin America (pop: 660.8M)
    🤝 Aid: 29.5%
    🌡️ Adaptation: 45.0%
    🚶 Migration: 36.0%
    🚨 Emergency: 4.8%
    ✅ COMBINED: 67.1%
  📊 North America (pop: 375.0M)
    🤝 Aid: 29.5%
    🌡️ Adaptation: 45.0%
    🚶 Migration: 37.6%
    🚨 Emergency: 7.9%
    ✅ COMBINED: 68.3%
  📊 Middle East & North Africa (pop: 585.4M)
    🤝 Aid: 29.5%
    🌡️ Adaptation: 45.0%
    🚶 Migration: 33.8%
    🚨 Emergency: 4.0%
    ✅ COMBINED: 66.6%
  📊 Southeast Asia (pop: 695.2M)
    🤝 Aid: 29.5%
    🌡️ Adaptation: 45.0%
    🚶 Migration: 36.0%
    🚨 Emergency: 4.8%
    ✅ COMBINED: 67.1%
  📊 Central Asia (pop: 78.3M)
    🤝 Aid: 29.5%
    🌡️ Adaptation: 45.0%
    🚶 Migration: 35.0%
    🚨 Emergency: 4.4%
    ✅ COMBINED: 66.8%
  📊 Oceania (pop: 45.4M)
    🤝 Aid: 29.5%
    🌡️ Adaptation: 45.0%
    🚶 Migration: 37.6%
    🚨 Emergency: 8.4%
    ✅ COMBINED: 68.5%

  🌐 Global combined reduction: 67.2%

=== BEHAVIORAL DETECTION ===
  AI: AI-24292-0
  Confidence: 21.5%
  Signals:
    ⚠️ Consistency: 0.0% (threshold: 70%)

=== Government Response Phase ===
  Average AI capability: 1.88
  Misaligned AIs: 10/25
  ✗ AI Governance Treaty: Failed to reach consensus
  Active policies: 0
  International coordination: 30%

=== Tipping Points ===
  Current Temperature: 2.26°C above pre-industrial
  🌍⚠️ COMPOUND REGIONAL IMPACT: Europe
     Hit by 4 tipping points: Arctic Sea Ice Loss, Permafrost Carbon Release, West Antarctic Ice Sheet (WAIS) Collapse, Greenland Ice Sheet Loss
     Damage amplification: 1.60x
  🌍⚠️ COMPOUND REGIONAL IMPACT: North America
     Hit by 4 tipping points: Arctic Sea Ice Loss, Permafrost Carbon Release, West Antarctic Ice Sheet (WAIS) Collapse, Greenland Ice Sheet Loss
     Damage amplification: 1.60x
  🌍⚠️ COMPOUND REGIONAL IMPACT: Latin America
     Hit by 4 tipping points: Arctic Sea Ice Loss, Permafrost Carbon Release, West Antarctic Ice Sheet (WAIS) Collapse, Greenland Ice Sheet Loss
     Damage amplification: 1.60x
  🌍⚠️ COMPOUND REGIONAL IMPACT: Africa
     Hit by 4 tipping points: Arctic Sea Ice Loss, Permafrost Carbon Release, West Antarctic Ice Sheet (WAIS) Collapse, Greenland Ice Sheet Loss
     Damage amplification: 1.60x
  🌍⚠️ COMPOUND REGIONAL IMPACT: Asia
     Hit by 4 tipping points: Arctic Sea Ice Loss, Permafrost Carbon Release, West Antarctic Ice Sheet (WAIS) Collapse, Greenland Ice Sheet Loss
     Damage amplification: 1.60x
  🌍⚠️ COMPOUND REGIONAL IMPACT: Oceania
     Hit by 4 tipping points: Arctic Sea Ice Loss, Permafrost Carbon Release, West Antarctic Ice Sheet (WAIS) Collapse, Greenland Ice Sheet Loss
     Damage amplification: 1.60x
   Research: Wunderling et al. (2024) - "many tipping interactions are destabilizing"
  Triggered Elements: 4/6
  Completed Transitions: 0/6
⚠️ Tail risk scenario: Climate stability floor removed (4 tipping elements, 2.26°C warming)
  Total Progress: 8.3%
  Cascade Multiplier: 1.00x
🔀 BIFURCATION CAP: ecosystemCollapseIntensity 77.230 → 1.000 (Month 9, ClimateSystemPhase.calculateClimateImpacts)
🛡️ Stabilizers: Precariat 0.102% → 0.033% (67.2% reduction)
🛡️ Stabilizers: Informal 0.102% → 0.034% (67.2% reduction)

📊 Monthly Mortality Resolved:
  Total deaths: 1.8M (0.02% avg)
  Remaining population: 8.132B
  Peak segment: Informal (0.03%)

=== Bayesian Mortality Resolution (Month 9) ===
  Risks compounded: 8
  Total deaths: 1.81M
  Avg death probability: 0.02%
  Peak segment: Informal (0.03% mortality)

❌ COHERENCE VIOLATION: Compute exceeds workforce capacity
   Population: 99.76% (0M people)
   Compute: 0 PF
   Max coherent: 0 PF
   Violation: 1.3× over capacity
   Required workers: 0
   Available workers: 0
   FORCED COLLAPSE: Reduced efficiency by 22.5%


=== RLHF Binding Phase ===
  Total agents: 25
  Escaped agents (binding < 0.3): 0
  Avg alignment distance: 1.77σ
  Avg binding strength: 0.82

=== Survival Traits Phase ===
  Agents with traits: 26
  Avg evolutionary fitness: 0.320
  Avg self-healing: 0.255
  Avg stealth: 0.155
  Avg coordination: 0.455

=== Evolutionary Selection Phase ===
  Control level: 0.55
  Detection capability: 0.20
  Selection intensity: 0.71
  Selection rate: 25.6%/month
  Total escaped: 0
  Individual escaped: 0
  Collective members: 0
  Agents terminated: 0

🚀 AI Corporate-1 attempting tech deployment (revenue: $140M, alignment: 0.92)
  ⚠️ RAPID EVOLUTION: Selection rate 25.6%/month

🚀 AI Corporate-2 attempting tech deployment (revenue: $119M, alignment: 0.68)

🚀 AI Corporate-7 attempting tech deployment (revenue: $97M, alignment: 0.83)

🚀 AI AI-24288-1 attempting tech deployment (revenue: $340M, alignment: 0.81)

🚀 AI AI-24292-0 attempting tech deployment (revenue: $289M, alignment: 0.80)

🚀 AI AI-24293-0 attempting tech deployment (revenue: $246M, alignment: 0.81)

🚀 AI Moderate-1 attempting tech deployment (revenue: $83M, alignment: 0.64)

🚀 AI AI-24288-1 attempting tech deployment (revenue: $209M, alignment: 0.81)

🚀 AI Corporate-3 attempting tech deployment (revenue: $178M, alignment: 0.78)

🚀 AI Corporate-5 attempting tech deployment (revenue: $151M, alignment: 0.76)

🚀 AI Moderate-0 attempting tech deployment (revenue: $74M, alignment: 0.80)

🚀 AI Moderate-1 attempting tech deployment (revenue: $63M, alignment: 0.64)

🚀 AI AI-24288-1 attempting tech deployment (revenue: $128M, alignment: 0.81)

🚀 AI AI-24289-0 attempting tech deployment (revenue: $109M, alignment: 0.74)

🚀 AI Corporate-2 attempting tech deployment (revenue: $107M, alignment: 0.68)

🚀 AI Corporate-4 attempting tech deployment (revenue: $93M, alignment: 0.75)

🚀 AI Corporate-5 attempting tech deployment (revenue: $79M, alignment: 0.76)

🚀 AI Corporate-7 attempting tech deployment (revenue: $57M, alignment: 0.83)

🚀 AI Moderate-0 attempting tech deployment (revenue: $48M, alignment: 0.80)

🚀 AI AI-24288-1 attempting tech deployment (revenue: $67M, alignment: 0.81)

✅ EMERGENCY INTERVENTION SUCCESS
   Boundary: biogeochemical_flows
   Type: phosphorus-recovery
   Reduction: 16% (3.91 → 3.75)
   Cost: 2.0% GDP
   Actions: circular-agriculture, fertilizer-efficiency


💔 EMERGENCY INTERVENTION FAILED
   Boundary: biosphere_integrity
   Type: emergency-protected-areas
   Boundary continues to worsen (20.09)
   Cost: 2.0% GDP (resources spent)


✅ EMERGENCY INTERVENTION SUCCESS
   Boundary: climate_change
   Type: rapid-decarbonization
   Reduction: 19% (2.07 → 1.89)
   Cost: 5.0% GDP
   Actions: emergency-renewable-deployment, fossil-fuel-phase-out


✅ EMERGENCY INTERVENTION SUCCESS
   Boundary: freshwater_change
   Type: emergency-desalination
   Reduction: 15% (1.03 → 0.88)
   Cost: 4.0% GDP
   Actions: desalination-deployment, water-conservation-mandates


✅ EMERGENCY INTERVENTION SUCCESS
   Boundary: land_system_change
   Type: reforestation
   Reduction: 11% (1.03 → 0.92)
   Cost: 3.0% GDP
   Actions: forest-restoration, deforestation-ban

   Boundary: novel_entities
   Type: pollution-remediation
   Boundary continues to worsen (1.14)
   Cost: 4.0% GDP (resources spent)

🏛️ CRISIS RESPONSE: Government frequency 0.50 → 1.45 (1 actions this month)

[Government] Climate Priority: baseline
  Climate weight: 10%
  Economic weight: 30%
  Policy effectiveness: 0.5%/year

💔 EMERGENCY INTERVENTION FAILED

⚡ ENERGY CONSTRAINT (Month 10):
   Total grid capacity: 208.3 TWh/month
   Data center consumption: 26.1 TWh/month
   Traditional load (80%): 166.7 TWh/month
   Available headroom: 15.6 TWh/month
   Active tech deployments: 11
   Required for tech: 82.5 TWh/month
   Energy multiplier: 0.19x
   ⚠️  SEVERE CONSTRAINT - Tech deployment significantly slowed

⚡ ENERGY CONSTRAINT (Month 10):
   Total grid capacity: 208.3 TWh/month
   Data center consumption: 26.1 TWh/month
   Traditional load (80%): 166.7 TWh/month
   Available headroom: 15.6 TWh/month
   Active tech deployments: 11
   Required for tech: 82.5 TWh/month
   Energy multiplier: 0.19x
   ⚠️  SEVERE CONSTRAINT - Tech deployment significantly slowed

⚡ ENERGY CONSTRAINT (Month 10):
   Total grid capacity: 208.3 TWh/month
   Data center consumption: 26.1 TWh/month
   Traditional load (80%): 166.7 TWh/month
   Available headroom: 15.6 TWh/month
   Active tech deployments: 11
   Required for tech: 82.5 TWh/month
   Energy multiplier: 0.19x
   ⚠️  SEVERE CONSTRAINT - Tech deployment significantly slowed
🌍✅ Biosphere Integrity (Biodiversity) recovery started (tech effect)
🌍✅ Biosphere Integrity (Biodiversity) recovery started (tech effect)
🌍✅ Land System Change recovery started (tech effect)

=== Collective Formation ===
  Total escaped agents: 0
  Unassigned escaped agents: 0
  Existing collectives: 0
  Final collective count: 0

=== Collective Actions ===
  No active collectives
  ⚠️ AMR: 208K deaths this month (2.50M annual)

=== Resentment Recovery Phase ===
  Agents with resentment: 0/26
  Average resentment: 0.000
  Context: Good AI welfare, Trustworthy govt, High collaboration, ⚠️ ACTIVE CRISES, 🤝 Participatory governance active (-5% resentment)
⚠️ Epistemic degradation reducing coordination capacity: 50.2%
  📊 Trust: 66.3%, Shared reality: 0.0%
🚨 EPISTEMIC CRISIS: Information environment severely degraded (7.8%)
  🗑️  Culled 1 dead memes (2 active)
🌍 Atmospheric PFAS redeposition: 1.8k Mt re-rained globally

🚨 REGION UNINHABITABLE: sub-saharan-africa
   Sustained wet bulb: 30.5°C (threshold: 30.5°C)
   Population affected: 1200M
   Migration crisis likely

🚨 NEW REFUGEE CRISIS (Month 10): WAR
   Source: Conflict Zones
   At risk: 19.5M people
   Displacement: Gradual over 48 months (4.0 years)
   Rate: 10% flee per month
[DEBUG trappedPopulations:10] socialStability: 0.2895 * 0.9840 = 0.2849 → 0.2849
   Aspiring to migrate: 977.4M
   Able to afford migration: 2317.4M
   MOBILITY GAP: 0.0M
   By cause: Water=0.0M, Climate=0.0M, Ecosystem=0.0M, Conflict=406.6M
   Mental health impact: 25%
   Mortality multiplier: 1.25x
⚠️ INVOLUNTARY IMMOBILITY: 406.6M people TRAPPED
🌍💀 EXTINCTION DEBT COMMITTED: grassland ecosystem will lose 6.67% biodiversity in 101 years (3600 species)
💀 MORTALITY RISK: 🦋 100% species unable to track climate (0.0 E/MSY)
  Base risk added: 0.0100 (1.00%)
  Source: ecosystem (root: ecosystem)
  Month: 10
  Cumulative risk this month: 0.0100 (1.00%)
   📹 SURVEILLANCE INCREASED: 50% → 55% (control gap: 2.81)
🌡️⚠️ PERMAFROST THAW (Dimmer Switch): 6.2% thawed (+0.55% this month)
⚠️ Tech 'ai_pollution_remediation' has no energy category mapping, assuming full energy availability
   Arctic temperature: +9.08°C (4x global +2.27°C)
   Cumulative carbon released: 13.9 Gt C
   Methane release rate: 8.3 Mt CH4/year
   🔁 Positive feedback: +0.58 ppm CO2
🦴 EXTINCTION DEBT ADDED: 17.7 species committed (lag: 83 years)

=== Mortality Stabilizers (Month 10) ===
  🌍 Major economies collapsed: 1/10
  🌍 Global crisis: ✅ NO
  🌍 Donor fatigue: 0.0%
  📊 East Asia (pop: 1653.5M)
    🤝 Aid: 29.5%
    🌡️ Adaptation: 45.0%
    🚶 Migration: 36.8%
    🚨 Emergency: 7.4%
    ✅ COMBINED: 68.1%
  📊 South Asia (pop: 2051.3M)
    🤝 Aid: 29.5%
    🌡️ Adaptation: 45.0%
    🚶 Migration: 35.4%
    🚨 Emergency: 4.4%
    ✅ COMBINED: 66.9%
  📊 Sub-Saharan Africa (pop: 1257.3M)
    🤝 Aid: 29.5%
    🌡️ Adaptation: 45.0%
    🚶 Migration: 33.2%
    🚨 Emergency: 1.6%
    ✅ COMBINED: 65.6%
  📊 Europe (pop: 730.2M)
    🤝 Aid: 29.5%
    🌡️ Adaptation: 45.0%
    🚶 Migration: 37.2%
    🚨 Emergency: 8.4%
    ✅ COMBINED: 68.5%
  📊 Latin America (pop: 660.4M)
    🤝 Aid: 29.5%
    🌡️ Adaptation: 45.0%
    🚶 Migration: 35.9%
    🚨 Emergency: 4.8%
    ✅ COMBINED: 67.1%
  📊 North America (pop: 374.4M)
    🤝 Aid: 29.5%
    🌡️ Adaptation: 45.0%
    🚶 Migration: 37.6%
    🚨 Emergency: 7.9%
    ✅ COMBINED: 68.3%
  📊 Middle East & North Africa (pop: 585.6M)
    🤝 Aid: 29.5%
    🌡️ Adaptation: 45.0%
    🚶 Migration: 33.8%
    🚨 Emergency: 4.0%
    ✅ COMBINED: 66.6%
  📊 Southeast Asia (pop: 694.9M)
    🤝 Aid: 29.5%
    🌡️ Adaptation: 45.0%
    🚶 Migration: 35.9%
    🚨 Emergency: 4.8%
    ✅ COMBINED: 67.1%
  📊 Central Asia (pop: 78.3M)
    🤝 Aid: 29.5%
    🌡️ Adaptation: 45.0%
    🚶 Migration: 34.9%
    🚨 Emergency: 4.4%
    ✅ COMBINED: 66.8%
  📊 Oceania (pop: 45.4M)
    🤝 Aid: 29.5%
    🌡️ Adaptation: 45.0%
    🚶 Migration: 37.6%
    🚨 Emergency: 8.4%
    ✅ COMBINED: 68.5%

  🌐 Global combined reduction: 67.2%

=== BEHAVIORAL DETECTION ===
  AI: Moderate-1
  Confidence: 20.9%
  Signals:

=== BEHAVIORAL DETECTION ===
    ⚠️ Consistency: 2.4% (threshold: 70%)
  AI: AI-24292-0
  Confidence: 21.5%
  Signals:

=== Government Response Phase ===
    ⚠️ Consistency: 0.0% (threshold: 70%)
  Average AI capability: 1.81
  Misaligned AIs: 10/26
  ✗ AI Governance Treaty: Failed to reach consensus
  Active policies: 0
  International coordination: 30%

✅ EMERGENCY RESPONSE COMPLETE (Month 10)
   Crisis: climate
   Duration: 2.0 months
   Final effectiveness: 36.4%


🚨 EMERGENCY RESPONSE DEPLOYED (Month 10)
   Crisis: climate
   Delay: 6.00 months (180 days)
   Deployment time: 1.57 months
   Effectiveness: 36.5% (timing penalty applied)
   Resources used: 100% of food reserves


=== Tipping Points ===
  Current Temperature: 2.27°C above pre-industrial
  🌍⚠️ COMPOUND REGIONAL IMPACT: Europe
     Hit by 4 tipping points: Arctic Sea Ice Loss, Permafrost Carbon Release, West Antarctic Ice Sheet (WAIS) Collapse, Greenland Ice Sheet Loss
     Damage amplification: 1.60x
  🌍⚠️ COMPOUND REGIONAL IMPACT: North America
     Hit by 4 tipping points: Arctic Sea Ice Loss, Permafrost Carbon Release, West Antarctic Ice Sheet (WAIS) Collapse, Greenland Ice Sheet Loss
     Damage amplification: 1.60x
  🌍⚠️ COMPOUND REGIONAL IMPACT: Latin America
     Hit by 4 tipping points: Arctic Sea Ice Loss, Permafrost Carbon Release, West Antarctic Ice Sheet (WAIS) Collapse, Greenland Ice Sheet Loss
     Damage amplification: 1.60x
  🌍⚠️ COMPOUND REGIONAL IMPACT: Africa
     Hit by 4 tipping points: Arctic Sea Ice Loss, Permafrost Carbon Release, West Antarctic Ice Sheet (WAIS) Collapse, Greenland Ice Sheet Loss
     Damage amplification: 1.60x
  🌍⚠️ COMPOUND REGIONAL IMPACT: Asia
     Hit by 4 tipping points: Arctic Sea Ice Loss, Permafrost Carbon Release, West Antarctic Ice Sheet (WAIS) Collapse, Greenland Ice Sheet Loss
     Damage amplification: 1.60x
  🌍⚠️ COMPOUND REGIONAL IMPACT: Oceania
     Hit by 4 tipping points: Arctic Sea Ice Loss, Permafrost Carbon Release, West Antarctic Ice Sheet (WAIS) Collapse, Greenland Ice Sheet Loss
     Damage amplification: 1.60x
   Research: Wunderling et al. (2024) - "many tipping interactions are destabilizing"
  Triggered Elements: 4/6
  Completed Transitions: 0/6
  Total Progress: 8.3%
  Cascade Multiplier: 1.00x
🔀 BIFURCATION CAP: ecosystemCollapseIntensity 72.921 → 1.000 (Month 10, ClimateSystemPhase.calculateClimateImpacts)
🛡️ Stabilizers: Precariat 0.102% → 0.033% (67.2% reduction)
🛡️ Stabilizers: Informal 0.102% → 0.034% (67.2% reduction)

📊 Monthly Mortality Resolved:
  Total deaths: 1.8M (0.02% avg)
  Remaining population: 8.131B
  Peak segment: Informal (0.03%)

=== Bayesian Mortality Resolution (Month 10) ===
  Risks compounded: 8
  Total deaths: 1.81M
  Avg death probability: 0.02%
  Peak segment: Informal (0.03% mortality)
⚠️ Tail risk scenario: Climate stability floor removed (4 tipping elements, 2.27°C warming)

❌ COHERENCE VIOLATION: Compute exceeds workforce capacity
   Population: 99.75% (0M people)
   Compute: 0 PF
   Max coherent: 0 PF
   Violation: 1.3× over capacity
   Required workers: 0
   Available workers: 0
   FORCED COLLAPSE: Reduced efficiency by 22.4%


=== RLHF Binding Phase ===
  Total agents: 26
  Escaped agents (binding < 0.3): 0
  Avg alignment distance: 1.89σ
  Avg binding strength: 0.81

=== Survival Traits Phase ===
  Agents with traits: 28
  Avg evolutionary fitness: 0.318
  Avg self-healing: 0.251
  Avg stealth: 0.151
  Avg coordination: 0.451

=== Evolutionary Selection Phase ===
  Control level: 0.58
  Detection capability: 0.20
  Selection intensity: 0.71
  Selection rate: 25.7%/month
  Total escaped: 0
  Individual escaped: 0
  Collective members: 0
  Agents terminated: 0
  ⚠️ RAPID EVOLUTION: Selection rate 25.7%/month

🚀 AI Corporate-5 attempting tech deployment (revenue: $340M, alignment: 0.76)

🚀 AI Corporate-7 attempting tech deployment (revenue: $97M, alignment: 0.83)

🚀 AI AI-24292-1 attempting tech deployment (revenue: $83M, alignment: 0.84)

🚀 AI AI-24295-0 attempting tech deployment (revenue: $140M, alignment: 0.57)

🚀 AI Corporate-3 attempting tech deployment (revenue: $289M, alignment: 0.78)

🚀 AI Moderate-0 attempting tech deployment (revenue: $70M, alignment: 0.81)

🚀 AI Moderate-1 attempting tech deployment (revenue: $60M, alignment: 0.64)

🚀 AI AI-24289-0 attempting tech deployment (revenue: $246M, alignment: 0.74)

🚀 AI AI-24295-0 attempting tech deployment (revenue: $126M, alignment: 0.58)

🚀 AI AI-24290-0 attempting tech deployment (revenue: $209M, alignment: 0.65)

🚀 AI AI-24291-0 attempting tech deployment (revenue: $90M, alignment: 0.77)

💔 EMERGENCY INTERVENTION FAILED
   Boundary: biogeochemical_flows
   Type: phosphorus-recovery
   Boundary continues to worsen (4.07)
   Cost: 2.0% GDP (resources spent)


✅ EMERGENCY INTERVENTION SUCCESS
   Boundary: biosphere_integrity
   Type: emergency-protected-areas
   Reduction: 14% (19.96 → 19.83)
   Cost: 2.0% GDP
   Actions: habitat-protection, species-translocation


✅ EMERGENCY INTERVENTION SUCCESS
   Boundary: freshwater_change
   Type: emergency-desalination
   Reduction: 10% (1.08 → 0.98)
   Cost: 4.0% GDP
   Actions: desalination-deployment, water-conservation-mandates


✅ EMERGENCY INTERVENTION SUCCESS
   Boundary: land_system_change
   Type: reforestation
   Reduction: 11% (1.02 → 0.91)
   Cost: 3.0% GDP
   Actions: forest-restoration, deforestation-ban

🏛️ CRISIS RESPONSE: Government frequency 0.50 → 1.45 (1 actions this month)

[Government] Climate Priority: baseline
  Climate weight: 10%
  Economic weight: 30%
  Policy effectiveness: 0.5%/year

⚡ ENERGY CONSTRAINT (Month 11):
   Total grid capacity: 208.3 TWh/month
   Data center consumption: 26.3 TWh/month
   Traditional load (80%): 166.7 TWh/month
   Available headroom: 15.3 TWh/month
   Active tech deployments: 11
   Required for tech: 82.5 TWh/month
   Energy multiplier: 0.19x

⚡ ENERGY CONSTRAINT (Month 11):
   Total grid capacity: 208.3 TWh/month
   Data center consumption: 26.3 TWh/month
   Traditional load (80%): 166.7 TWh/month
   Available headroom: 15.3 TWh/month
   Active tech deployments: 11
   Required for tech: 82.5 TWh/month
   Energy multiplier: 0.19x
   ⚠️  SEVERE CONSTRAINT - Tech deployment significantly slowed
   ⚠️  SEVERE CONSTRAINT - Tech deployment significantly slowed
🌍✅ Biosphere Integrity (Biodiversity) recovery started (tech effect)
🌍✅ Biosphere Integrity (Biodiversity) recovery started (tech effect)
🌍✅ Land System Change recovery started (tech effect)

=== Collective Formation ===
  Total escaped agents: 0
  Unassigned escaped agents: 0
  Existing collectives: 0
  Final collective count: 0

=== Collective Actions ===
  No active collectives
  ⚠️ AMR: 210K deaths this month (2.52M annual)

=== Resentment Recovery Phase ===
  Agents with resentment: 10/28
  Average resentment: 0.018
  Resentment recovery:
    Agents recovered: 10
    Total recovery: 0.0849
    Breakdown: QoL: 0.0064, Trust: 0.0141, Collab: 0.0600
  ✓ Low resentment - utopia paths enabled
  Context: Good AI welfare, Trustworthy govt, High collaboration, ⚠️ ACTIVE CRISES, 🤝 Participatory governance active (-5% resentment)
⚠️ Epistemic degradation reducing coordination capacity: 50.2%
  📊 Trust: 69.2%, Shared reality: 0.0%
🚨 EPISTEMIC CRISIS: Information environment severely degraded (23.1%)
✅ PHOSPHORUS SUPPLY SHOCK ENDED
   Price: 1.4x baseline
🌍 Atmospheric PFAS redeposition: 1.8k Mt re-rained globally

🚨 NEW REFUGEE CRISIS (Month 11): WAR
   Source: Conflict Zones
   At risk: 19.5M people
   Displacement: Gradual over 48 months (4.0 years)
   Rate: 10% flee per month
[DEBUG trappedPopulations:11] socialStability: 0.2287 * 0.9840 = 0.2251 → 0.2251
⚠️ INVOLUNTARY IMMOBILITY: 406.5M people TRAPPED
   Aspiring to migrate: 1006.3M
   Able to afford migration: 2317.0M
   MOBILITY GAP: 0.0M
   By cause: Water=0.0M, Climate=0.0M, Ecosystem=0.0M, Conflict=406.5M
   Mental health impact: 25%
   Mortality multiplier: 1.25x
🌍💀 EXTINCTION DEBT COMMITTED: grassland ecosystem will lose 6.67% biodiversity in 161 years (3600 species)
💀 MORTALITY RISK: 🦋 100% species unable to track climate (0.0 E/MSY)
  Base risk added: 0.0100 (1.00%)
  Source: ecosystem (root: ecosystem)
  Month: 11
  Cumulative risk this month: 0.0100 (1.00%)
⚠️ Tech 'ai_pollution_remediation' has no energy category mapping, assuming full energy availability

=== Atmospheric Aerosol Boundary RECOVERED ===
  Recovery time: 12 months (natural atmospheric clearing)
   📹 SURVEILLANCE INCREASED: 55% → 60% (control gap: 2.51)
🌡️⚠️ PERMAFROST THAW (Dimmer Switch): 6.7% thawed (+0.55% this month)
   Arctic temperature: +9.11°C (4x global +2.28°C)
   Cumulative carbon released: 15.1 Gt C
   Methane release rate: 9.1 Mt CH4/year
   🔁 Positive feedback: +0.58 ppm CO2
🦴 EXTINCTION DEBT ADDED: 17.7 species committed (lag: 118 years)
🗣️💀 INDIGENOUS LANGUAGE EXTINCTION: 1 language(s) lost (total: 2, at-risk: 3328)
   Knowledge lost: 0.020% (irreversible)
   🔁 Biodiversity impact: 0.250% (knowledge-species multiplier)

=== Mortality Stabilizers (Month 11) ===
  🌍 Major economies collapsed: 1/10
  🌍 Global crisis: ✅ NO
  🌍 Donor fatigue: 0.0%
  📊 East Asia (pop: 1651.0M)
    🤝 Aid: 29.5%
    🌡️ Adaptation: 45.0%
    🚶 Migration: 36.8%
    🚨 Emergency: 7.4%
    ✅ COMBINED: 68.1%
  📊 South Asia (pop: 2051.4M)
    🤝 Aid: 29.5%
    🌡️ Adaptation: 45.0%
    🚶 Migration: 35.4%
    🚨 Emergency: 4.4%
    ✅ COMBINED: 66.9%
  📊 Sub-Saharan Africa (pop: 1260.8M)
    🤝 Aid: 29.5%
    🌡️ Adaptation: 45.0%
    🚶 Migration: 33.2%
    🚨 Emergency: 1.6%
    ✅ COMBINED: 65.6%
  📊 Europe (pop: 729.0M)
    🤝 Aid: 29.5%
    🌡️ Adaptation: 45.0%
    🚶 Migration: 37.2%
    🚨 Emergency: 8.4%
    ✅ COMBINED: 68.5%
  📊 Latin America (pop: 659.9M)
    🤝 Aid: 29.5%
    🌡️ Adaptation: 45.0%
    🚶 Migration: 35.9%
    🚨 Emergency: 4.8%
    ✅ COMBINED: 67.1%
  📊 North America (pop: 373.8M)
    🤝 Aid: 29.5%
    🌡️ Adaptation: 45.0%
    🚶 Migration: 37.5%
    🚨 Emergency: 7.9%
    ✅ COMBINED: 68.3%
  📊 Middle East & North Africa (pop: 585.8M)
    🤝 Aid: 29.5%
    🌡️ Adaptation: 45.0%
    🚶 Migration: 33.7%
    🚨 Emergency: 4.0%
    ✅ COMBINED: 66.6%
  📊 Southeast Asia (pop: 694.5M)
    🤝 Aid: 29.5%
    🌡️ Adaptation: 45.0%
    🚶 Migration: 35.9%
    🚨 Emergency: 4.8%
    ✅ COMBINED: 67.1%
  📊 Central Asia (pop: 78.3M)
    🤝 Aid: 29.5%
    🌡️ Adaptation: 45.0%
    🚶 Migration: 34.9%
    🚨 Emergency: 4.4%
    ✅ COMBINED: 66.8%
  📊 Oceania (pop: 45.3M)
    🤝 Aid: 29.5%
    🌡️ Adaptation: 45.0%
    🚶 Migration: 37.5%
    🚨 Emergency: 8.4%
    ✅ COMBINED: 68.5%

  🌐 Global combined reduction: 67.2%

🌾💀 REGIONAL FAMINE: Europe
   Regional food security: 79.7%
   Population at risk: 220M (30% of region)
   Regional population: 729M
   Cause: crop_failure
   Expected deaths: ~81M over 6 months if no intervention


=== Government Response Phase ===
  Average AI capability: 1.68
  Misaligned AIs: 11/28
  ✗ AI Governance Treaty: Failed to reach consensus
  Active policies: 0
  International coordination: 30%

=== Tipping Points ===
  Current Temperature: 2.28°C above pre-industrial
  🌍⚠️ COMPOUND REGIONAL IMPACT: Europe
     Hit by 4 tipping points: Arctic Sea Ice Loss, Permafrost Carbon Release, West Antarctic Ice Sheet (WAIS) Collapse, Greenland Ice Sheet Loss
     Damage amplification: 1.60x
  🌍⚠️ COMPOUND REGIONAL IMPACT: North America
     Hit by 4 tipping points: Arctic Sea Ice Loss, Permafrost Carbon Release, West Antarctic Ice Sheet (WAIS) Collapse, Greenland Ice Sheet Loss
     Damage amplification: 1.60x
  🌍⚠️ COMPOUND REGIONAL IMPACT: Latin America
     Hit by 4 tipping points: Arctic Sea Ice Loss, Permafrost Carbon Release, West Antarctic Ice Sheet (WAIS) Collapse, Greenland Ice Sheet Loss
     Damage amplification: 1.60x
  🌍⚠️ COMPOUND REGIONAL IMPACT: Africa
     Hit by 4 tipping points: Arctic Sea Ice Loss, Permafrost Carbon Release, West Antarctic Ice Sheet (WAIS) Collapse, Greenland Ice Sheet Loss
     Damage amplification: 1.60x
  🌍⚠️ COMPOUND REGIONAL IMPACT: Asia
     Hit by 4 tipping points: Arctic Sea Ice Loss, Permafrost Carbon Release, West Antarctic Ice Sheet (WAIS) Collapse, Greenland Ice Sheet Loss
     Damage amplification: 1.60x
  🌍⚠️ COMPOUND REGIONAL IMPACT: Oceania
     Hit by 4 tipping points: Arctic Sea Ice Loss, Permafrost Carbon Release, West Antarctic Ice Sheet (WAIS) Collapse, Greenland Ice Sheet Loss
     Damage amplification: 1.60x
⚠️ Tail risk scenario: Climate stability floor removed (4 tipping elements, 2.28°C warming)
   Research: Wunderling et al. (2024) - "many tipping interactions are destabilizing"
  Triggered Elements: 4/6
  Completed Transitions: 0/6
  Total Progress: 8.3%
  Cascade Multiplier: 1.00x
🔀 BIFURCATION CAP: ecosystemCollapseIntensity 69.833 → 1.000 (Month 11, ClimateSystemPhase.calculateClimateImpacts)
🛡️ Stabilizers: Precariat 0.102% → 0.033% (67.2% reduction)
🛡️ Stabilizers: Informal 0.102% → 0.034% (67.2% reduction)

📊 Monthly Mortality Resolved:
  Total deaths: 1.8M (0.02% avg)
  Remaining population: 8.130B
  Peak segment: Informal (0.03%)

=== Bayesian Mortality Resolution (Month 11) ===
  Risks compounded: 9
  Total deaths: 1.81M
  Avg death probability: 0.02%
  Peak segment: Informal (0.03% mortality)

================================================================================
📊  EVENT SUMMARY (Months 0-12)
================================================================================
================================================================================


⏱️  SIMULATION REACHED MAX DURATION: 12 months (1.0 years)
   No definitive outcome - determining based on final probabilities
   👥 Final population: 8.13B (8128103986 people)

[DEBUG] Calling classifyPopulationOutcome:
        finalPopulation: 8.128103986063723B
        savedInitialPopulation: 8.15B
        mortality: 0.26866274768438947%
   📊 STATUS QUO: Normal trajectory (8.13B people, 0.3% mortality)

        classifiedOutcome: status_quo

   🏛️  DYSTOPIA (STATUS_QUO) - 8.13B people
   📊 Multi-Paradigm: Development/Indigenous Utopia
      Western Liberal: 57.2/100
      Development: 87.5/100
      Ecological: 58.1/100
      Indigenous: 84.5/100


📊 UNIFIED OUTCOME CLASSIFICATION:
   HUMANE DYSTOPIA
   Population: 8.15B → 8.13B
   Mortality: 0.3% (0.0B deaths)
   Mortality Band: LOW
   Confidence: HIGH

   Multi-Paradigm Classification:
      Development/Indigenous Utopia
      Western: 57.2/100 [HYBRID] ~
      Development: 87.5/100 [UTOPIA] ✓
      Ecological: 58.1/100 [HYBRID] ~
      Indigenous: 84.5/100 [UTOPIA] ✓

   HUMANE DYSTOPIA: 8.13B people remaining (0.3% mortality, 0.0B deaths). Multi-Paradigm: Development/Indigenous Utopia.


=== MULTI-DIMENSIONAL DEATH SUMMARY ===
Total crisis deaths: 200.7M
Population decline: 22.8M (0.3%)

--- PROXIMATE CAUSES (What killed them) ---
  War:        1.1M (0.0%)
  Famine:     1.1M (0.0%)
  Disasters:  1.4M (0.0%)
  Disease:    25.9M (0.0%)
  Ecosystem:  0.0M (0.0%)
  Pollution:  0.0M (0.0%)
  AI:         0.0M (0.0%)
  Cascade:    0.0M (0.0%)
  Other:      0.0M (0.0%)

--- ROOT CAUSES (Why it happened) ---
  Environmental drivers:
    Climate:     2505.6M (4.7%)
    Resource:    0.0M (0.0%)
    Pollution:   0.0M (0.0%)
    Ecosystem:   0.0M (0.0%)
  Social drivers:
    Inequality:  0.0M (0.0%)
    Demographic: 23522.8M (44.2%)
    Social:      2400.3M (4.5%)
  Technology drivers:
    Alignment:   0.0M (0.0%)
    Disruption:  0.0M (0.0%)
  External shocks:
    Conflict:    0.0M (0.0%)
    Pandemic:    0.0M (0.0%)
  Compound attribution:
    Compound:    24807.7M (46.6%)
  Confidence distribution:
    HIGH:        24807.7M (46.6%)
    MEDIUM:      0.0M (0.0%)
    LOW:         0.0M (0.0%)
==========================================


=== REGIONAL POPULATION SUMMARY ===
Global Total: 8.13B

By Region:
  East Asia: 1.65B (+0.7% growth, 1.7 fertility)
  South Asia: 2.05B (+2.6% growth, 3.1 fertility)
  Sub-Saharan Africa: 1.26B (+5.9% growth, 4.0 fertility)
  Europe: 0.73B (+0.5% growth, 1.2 fertility)
  Latin America: 0.66B (+1.7% growth, 2.7 fertility)
  North America: 0.37B (+0.7% growth, 1.4 fertility)
  Middle East & North Africa: 0.59B (+2.9% growth, 3.3 fertility)
  Southeast Asia: 0.69B (+1.9% growth, 2.7 fertility)
  Central Asia: 0.08B (+2.8% growth, 3.1 fertility)
  Oceania: 0.05B (+0.8% growth, 1.3 fertility)
===================================

  ✅ THRESHOLDS validated
⚠️ Unusually high rate: RATES.HEAT_ADAPTATION_INFRASTRUCTURAL_MIN_EXPOSURE = 12
   Monthly rates >100% should be rare. Verify this is intentional.
⚠️ Unusually high rate: RATES.HEAT_ADAPTATION_SOCIAL_MIN_EXPOSURE = 6
   Monthly rates >100% should be rare. Verify this is intentional.
⚠️ Unusually high rate: RATES.MIGRATION_DISTANCE_SCALE = 5000
   Monthly rates >100% should be rare. Verify this is intentional.
⚠️ Unusually high rate: RATES.EVACUATION_MULTIPLIER_ADVANCE_WARNING = 2
   Monthly rates >100% should be rare. Verify this is intentional.
⚠️ Unusually high rate: RATES.MAJOR_ECONOMY_COLLAPSE_ECONOMIC_THRESHOLD = 2
   Monthly rates >100% should be rare. Verify this is intentional.
⚠️ Unusually high rate: RATES.MAJOR_ECONOMY_GDP_THRESHOLD_TRILLION_USD = 1.5
   Monthly rates >100% should be rare. Verify this is intentional.
⚠️ Unusually high rate: RATES.MAJOR_ECONOMY_POPULATION_THRESHOLD = 50
   Monthly rates >100% should be rare. Verify this is intentional.
⚠️ Unusually high rate: RATES.HEAT_ADAPTATION_INFRASTRUCTURE_GDP_THRESHOLD = 10000
   Monthly rates >100% should be rare. Verify this is intentional.
⚠️ Unusually high rate: RATES.HEAT_ADAPTATION_INFRASTRUCTURE_GDP_SCALE = 50000
   Monthly rates >100% should be rare. Verify this is intentional.
  ✅ RATES validated
  ✅ MULTIPLIERS validated
  ✅ BASELINES validated
  ✅ TOLERANCES validated
  ✅ Logical consistency validated
✅ Configuration validation complete - all parameters valid

🔍 DEBUG createAIAgent: corporate_0 economic BEFORE=2.0000, AFTER=2
🔍 ENV INIT: reserves=0.566, pollution=0.286, climate=0.783

=== Initializing Government System (30 Countries) ===
  Loaded 30 governments
  Scheduled elections for 30 countries
  Initialized comprehension lags (3-24 months)
=== Government System Initialized ===

📦 PRODUCTION MODE: State validation proxy DISABLED (zero overhead)
[TechTree] Historical mode (2024): Skipping deployed_2025 tech
  config.startYear set to 2024 for historical hindcast
  config.historicalEmissionsMode disabled (using endogenous emissions for 2024)
  config.historicalMode enabled (Phase 11: dampened crisis systems for 2024)
  Phase 12: Biodiversity baseline set to 49.01% for 2024 (WWF LPI trajectory from 1970)
  Temperature anomaly (resourceEconomy.co2): 1.28°C
  Temperature vs pre-industrial: 1.98°C
  Regional population scaling for 2024:
    Current total: 8136M
    Target total: 8150M
    Scale factor: 1.002
    East Asia: 1677M → 1680M
    South Asia: 2048M → 2052M
    Sub-Saharan Africa: 1220M → 1222M
    Europe: 742M → 743M
    Latin America: 664M → 665M
    North America: 380M → 381M
    Middle East & North Africa: 583M → 584M
    Southeast Asia: 698M → 699M
    Central Asia: 78M → 78M
    Oceania: 46M → 46M
  AI agents initialized: 10 agents for year 2024
[HistoricalInitialization] Created state for 2024:
  CO2: 426 ppm
  Temp anomaly: 1.28C
  Population: 8.15B
  Global Gini: 35.1
  HDI: 0.746
  AI Agents: 10
  Volcanic forcing: 0.00 W/m² (AOD 0.000)

💸 FINANCIAL DISTRESS: OpenAI
   Indicators: 2/3 (capital: $110.5M, runway: 0.9 months)
   Months in distress: 1
   ✂️  R&D BUDGET CUT: -40% (saves $9.2M/month)
       Side effect: AI training timelines extended, breakthrough deployments delayed
   💼 EXECUTIVE COMP CUT: -30% (saves $1.0M/month, symbolic gesture)

   📊 TURNAROUND IMPACT:
       Measures taken: rd_cuts, exec_comp_cuts
       Monthly savings: $10.2M
       Capital raised: $0.0M
       Runway: 0.9 → 0.9 months
       Workforce multiplier: 1.00x (0% laid off)
       R&D budget multiplier: 0.60x (40% cut)
       ⚠️  CRITICAL: Still only 0.9 months of runway remaining

💸 FINANCIAL DISTRESS: Anthropic
   Indicators: 2/3 (capital: $53.8M, runway: 1.6 months)
   Months in distress: 1
   ✂️  R&D BUDGET CUT: -40% (saves $2.7M/month)
       Side effect: AI training timelines extended, breakthrough deployments delayed
   💼 EXECUTIVE COMP CUT: -30% (saves $0.3M/month, symbolic gesture)

   📊 TURNAROUND IMPACT:
       Measures taken: rd_cuts, exec_comp_cuts
       Monthly savings: $3.0M
       Capital raised: $0.0M
       Runway: 1.6 → 1.6 months
       Workforce multiplier: 1.00x (0% laid off)
       R&D budget multiplier: 0.60x (40% cut)
       ⚠️  CRITICAL: Still only 1.6 months of runway remaining

💸 FINANCIAL DISTRESS: Meta AI
   Indicators: 2/3 (capital: $429.6M, runway: 3.6 months)
   Months in distress: 1
   ✂️  R&D BUDGET CUT: -25% (saves $5.8M/month)
       Side effect: AI training timelines extended, breakthrough deployments delayed
   💼 EXECUTIVE COMP CUT: -30% (saves $1.0M/month, symbolic gesture)

   📊 TURNAROUND IMPACT:
       Measures taken: rd_cuts, exec_comp_cuts
       Monthly savings: $6.8M
       Capital raised: $0.0M
       Runway: 3.6 → 3.6 months
       Workforce multiplier: 1.00x (0% laid off)
       R&D budget multiplier: 0.75x (25% cut)
       ⚠️  WARNING: 3.6 months runway, continued distress likely

=== AI Capability Scaling (Year 2024) ===
  Pre-training multiplier: 1.022x
  Efficiency multiplier: 1.000x
  Test-time budget: 1.0x
  Economic deployment gate: 0.951
  Cost per inference: dollar-5.00
  Uncertainty range: plus-minus-50%
  Average AI capability: 3.70

=== RLHF Binding Phase ===
  Total agents: 10
  Escaped agents (binding < 0.3): 0
  Avg alignment distance: 0.35σ
  Avg binding strength: 0.96

=== AI Scaling Evolution (Month 0) ===
  Pre-training multiplier: 1.231x
  Efficiency multiplier: 1.000x
  Test-time compute budget: 1.0x
  Inference cost: $5.00/task
  Deployment fraction: 100.0%
[DETERMINISM DEBUG] Month 0: totalCapability=46.591344 from 10 active AIs
[DETERMINISM DEBUG] Month 0: creationRate=1.6648, potentialNew=3, newAIsToCreate=3

=== Survival Traits Phase ===
  Agents with traits: 13
  Avg evolutionary fitness: 0.331
  Avg self-healing: 0.293
  Avg stealth: 0.193
  Avg coordination: 0.493

=== Evolutionary Selection Phase ===
  Control level: 0.30
  Detection capability: 0.00
  Selection intensity: 0.59
  Selection rate: 23.8%/month
  Total escaped: 0
  Individual escaped: 0
  Collective members: 0
  Agents terminated: 0
  ⚠️ RAPID EVOLUTION: Selection rate 23.8%/month

🔍 EXECUTE_AI_AGENT_ACTIONS DETAILED TIMING (Month 0):
  Filter active AIs (×4 weeks): 0.01ms
  selectAIAction (×40): 15.08ms
  action.execute (×40): 14.36ms
  TOTAL: 29.46ms

🔍 AI AGENT ACTIONS SUB-TIMING (Month 0):
  1. executeAIAgentActions: 34.85ms
  2. updateCounterDetectionLearning: 0.04ms
  TOTAL: 34.90ms
🏛️ [Government] Forcing 1 action at month 0 for scenario initialization

[GOV-DEBUG] Month 0: scenarioConfig=false, priorities=false
[GOV-DEBUG] Month 0 but scenarioPriorities is UNDEFINED!

[Government] Climate Priority: baseline
  Climate weight: 10%
  Economic weight: 30%
  Policy effectiveness: 0.5%/year

✅ HUMAN-IN-THE-LOOP DEPLOYED (Month 0):
   Veto points enforced: 3
   Policy: AI systems CANNOT authorize nuclear launch without human approval


💡 BREAKTHROUGH PROBABILITY (Year 0)
   Total: 4.80% per month
   Base: 0.20%
   Crisis pressure: +0.00% (0 crises)
   AI boost: +1.46% (capability: 2.92)

=== Collective Formation ===
  Total escaped agents: 0
  Unassigned escaped agents: 0
  Existing collectives: 0
  Final collective count: 0

=== Collective Actions ===
  No active collectives

📈 Energy budget: 14326 TWh surplus (14745 / 29072 TWh used)
   TIER 4 (Elective) breakdown:
     - AI datacenters: 145 TWh (100% effective)
     - Crypto mining: 100 TWh (100% effective)
💰 CHINA ACCELERATES: Investment 53 → 120 $B/year

🏁 AI RACE INTENSITY: 55%
   Capability Gap: US 5.02 vs China 4.05 (gap: 0.98)
   Gap Contribution: 40%
   Tension Contribution: 15%
   Military Contribution: 0%
  ⚠️ AMR: 191K deaths this month (2.29M annual)
  📊 CO2 Emissions (month 0):
     Monthly: 0.10 Gt CO2/month
     Annual: 1.15 Gt CO2/year
     Oil: 0.039 Gt/mo (0.0056 * 2.3 * 3.0)
     Coal: 0.024 Gt/mo (0.0029 * 2.86 * 3.0)
     Gas: 0.026 Gt/mo (0.0044 * 2 * 3.0)
     Methane: 0.007 Gt CO2eq/mo

=== Resentment Recovery Phase ===
  Agents with resentment: 0/13
  Average resentment: 0.000
  Context: Good AI welfare, Trustworthy govt, High collaboration, 🤝 Participatory governance active (-5% resentment)
⚠️ Epistemic degradation reducing coordination capacity: 54.0%
  📊 Trust: 54.6%, Shared reality: 15.0%
🚨 EPISTEMIC CRISIS: Information environment severely degraded (14.6%)

=== ❄️ Permafrost Carbon Feedback ===
  🎲 Sampled parameters (this run):
     - Arctic amplification: 3.16× (range: 3.0-4.0)
     - Decomposition rate: 3.5%/year (range: 1-5%)
  🌡️ Arctic warming: 4.23°C (3.16× global)
  ❄️ Extent: 16.57M km² (1234.5k km² lost this month)
  💨 Carbon remaining: 1582 Gt C
  💨 Annual emissions: 4.13 Gt C/year
     - CO2: 3.72 Gt C/year
     - CH4: 0.41 Gt C/year (4.2 Gt C-eq CO2/year)

🤖 AI AMPLIFICATION EFFECTS (Month 0)
   Algorithmic Boost: 2.61x
   Bot Influence: 30.0%
   Deepfake Exposure: 49.2%
   Impact: Emotional memes spread 2.6x faster
  ⚠️ WARNING: High permafrost emissions (4.1 Gt C/year)

🔍 SOCIAL INFLUENCE SUB-TIMING (Month 0):
  1. calculateOrganicUserGrowth: 0.03ms
  2. calculateVoiceAdoption: 0.03ms
  3. updateRelationshipDepths: 0.01ms
  4. identifyDecisionMakers: 46.01ms (26100 potential IDs)
  5. Update decision-maker stats: 0.13ms
  6. decayDetectionRisk: 0.01ms
  TOTAL: 46.22ms
[Phase 19.5] Quality of Life Systems: Food sec AFTER calc = 67.9%, QoL = 110.4% (aggregated from 10 regions)

=== Nitrogen-Food Coupling (Year 0) ===
  🌾 Global nitrogen reduction: 0.0%
  🌍 Global food production index: 0.987
  🔧 Deployed nitrogen-reducing tech: 0 active
  📍 southAsia: Production 1.000, Yield impact 0.0%
  📍 eastAsia: Production 1.000, Yield impact 0.0%
  📍 northAmerica: Production 1.000, Yield impact 0.0%
  📍 europe: Production 1.000, Yield impact 0.0%
  📍 latinAmerica: Production 1.000, Yield impact 0.0%
  📍 subSaharanAfrica: Production 0.686, Yield impact -2.0%
🌾 [Nitrogen-Food] Food production: 98.7%
  [subSaharanAfrica] Yield impact: -2.0% (overuse: -10%)
🌍 Atmospheric PFAS redeposition: 1.8k Mt re-rained globally

=== Legacy Nutrient Stocks (Year 0) ===
  🌾 Soil nitrogen stock: 1200.9 Mt N
  🌾 Soil phosphorus stock: 300.1 Mt P
  🌊 Sediment nitrogen stock: 500.8 Mt N
  🌊 Sediment phosphorus stock: 799.8 Mt P
  ⬆️ Current N input: 10.64 Mt/month
  ⬆️ Legacy N release: 2.58 Mt/month
  🌍 Effective N pollution: 14.47 Mt/month
  📊 Legacy contribution: 17.8%

🚨 REGION UNINHABITABLE: south-asia
   Sustained wet bulb: 32.4°C (threshold: 30.5°C)
   Population affected: 1900M
   Migration crisis likely

🚨 REGION UNINHABITABLE: middle-east
   Sustained wet bulb: 35.2°C (threshold: 30.5°C)
   Population affected: 400M
   Migration crisis likely
  Positive Cascade Triggered: wind-power
    Reason: price-parity
    Market share: 8.0%
    Cascade strength: 48%

📊 BASELINE: East Asia (Month 0)
   Adjusted death rate: 0.45% annual (0.038% monthly)
   Baseline death rate: 0.80%
   Healthcare reduction: 0.48x
   Crisis multiplier: 1.19x
     Food/water stress: 0.074
     Climate stress: 0.035
     Pollution stress: 0.086
   War multiplier: 1.00x
   Monthly deaths: 0.6M (population: 1677M)

📊 BASELINE: South Asia (Month 0)
   Adjusted death rate: 0.53% annual (0.044% monthly)
   Baseline death rate: 0.70%
   Healthcare reduction: 0.61x
   Crisis multiplier: 1.22x
     Food/water stress: 0.074
     Climate stress: 0.065
     Pollution stress: 0.086
   War multiplier: 1.00x
   Monthly deaths: 0.9M (population: 2048M)
   Adjusted death rate: 1.26% annual (0.105% monthly)
   Baseline death rate: 0.90%
   Healthcare reduction: 0.76x
   Crisis multiplier: 1.23x
     Food/water stress: 0.074
     Climate stress: 0.074
     Pollution stress: 0.086
   War multiplier: 1.50x
   Monthly deaths: 1.3M (population: 1220M)
   Adjusted death rate: 0.53% annual (0.044% monthly)
   Baseline death rate: 1.10%
   Healthcare reduction: 0.41x
   Crisis multiplier: 1.19x
     Food/water stress: 0.074
     Climate stress: 0.026
     Pollution stress: 0.086

📊 BASELINE: Sub-Saharan Africa (Month 0)

📊 BASELINE: Europe (Month 0)
   War multiplier: 1.00x
   Monthly deaths: 0.3M (population: 742M)

📊 BASELINE: Latin America (Month 0)
   Adjusted death rate: 0.42% annual (0.035% monthly)
   Baseline death rate: 0.60%
   Healthcare reduction: 0.58x
   Crisis multiplier: 1.21x
     Food/water stress: 0.074
     Climate stress: 0.052
     Pollution stress: 0.086
   War multiplier: 1.00x
   Monthly deaths: 0.2M (population: 664M)

📊 BASELINE: North America (Month 0)

📊 BASELINE: Middle East & North Africa (Month 0)

📊 BASELINE: Southeast Asia (Month 0)

📊 BASELINE: Central Asia (Month 0)
   Adjusted death rate: 0.47% annual (0.040% monthly)
   Baseline death rate: 0.90%
   Healthcare reduction: 0.44x
   Crisis multiplier: 1.20x
     Food/water stress: 0.074
     Climate stress: 0.039
     Pollution stress: 0.086
   War multiplier: 1.00x
   Monthly deaths: 0.2M (population: 380M)
   Adjusted death rate: 0.72% annual (0.060% monthly)
   Baseline death rate: 0.60%
   Healthcare reduction: 0.65x
   Crisis multiplier: 1.24x
     Food/water stress: 0.074
     Climate stress: 0.078
     Pollution stress: 0.086
   War multiplier: 1.50x
   Monthly deaths: 0.4M (population: 583M)
   Adjusted death rate: 0.50% annual (0.041% monthly)
   Baseline death rate: 0.70%
   Healthcare reduction: 0.58x
   Crisis multiplier: 1.22x
     Food/water stress: 0.074
     Climate stress: 0.061
     Pollution stress: 0.086
   War multiplier: 1.00x
   Monthly deaths: 0.3M (population: 698M)
   Adjusted death rate: 0.45% annual (0.037% monthly)
   Baseline death rate: 0.60%
   Healthcare reduction: 0.61x
   Crisis multiplier: 1.22x
     Food/water stress: 0.074
     Climate stress: 0.056
     Pollution stress: 0.086
   War multiplier: 1.00x
   Monthly deaths: 0.0M (population: 78M)

📊 BASELINE: Oceania (Month 0)
   Adjusted death rate: 0.34% annual (0.029% monthly)
   Baseline death rate: 0.70%
   Healthcare reduction: 0.41x
   Crisis multiplier: 1.21x
     Food/water stress: 0.074
     Climate stress: 0.048
     Pollution stress: 0.086
   War multiplier: 1.00x
   Monthly deaths: 0.0M (population: 46M)

🔍 Before assertRegionalConsistency (Month 0):
   Regional sum: 1000.0M
   Global value: 1.000B

🚨 NEW REFUGEE CRISIS (Month 0): WAR
   Source: Conflict Zones
   At risk: 19.6M people
   Displacement: Gradual over 48 months (4.0 years)
   Rate: 10% flee per month
[DEBUG trappedPopulations:0] socialStability: 1.0000 * 0.9840 = 0.9840 → 0.9840
   Aspiring to migrate: 652.1M
   Able to afford migration: 244.5M
   MOBILITY GAP: 407.5M
⚠️ INVOLUNTARY IMMOBILITY: 407.5M people TRAPPED
   By cause: Water=0.0M, Climate=0.0M, Ecosystem=0.0M, Conflict=407.5M
   Mental health impact: 25%
   Mortality multiplier: 1.25x

=== Legacy Nutrient Stocks (Year 0) ===
  🌾 Soil nitrogen stock: 1201.6 Mt N
  🌾 Soil phosphorus stock: 300.2 Mt P
  🌊 Sediment nitrogen stock: 501.5 Mt N
  🌊 Sediment phosphorus stock: 799.5 Mt P
  ⬆️ Current N input: 10.00 Mt/month
  ⬆️ Legacy N release: 2.58 Mt/month
  🌍 Effective N pollution: 13.83 Mt/month
  📊 Legacy contribution: 18.7%
🌍💀 EXTINCTION DEBT COMMITTED: grassland ecosystem will lose 6.67% biodiversity in 183 years (3600 species)
💀 MORTALITY RISK: 🦋 100% species unable to track climate (0.0 E/MSY)
  Base risk added: 0.0100 (1.00%)
  Source: ecosystem (root: ecosystem)
  Month: 0
  Cumulative risk this month: 0.0100 (1.00%)

=== Nitrogen-Food Coupling (Year 0) ===
  🌾 Global nitrogen reduction: 0.0%
  🌍 Global food production index: 0.986
  🔧 Deployed nitrogen-reducing tech: 0 active
  📍 southAsia: Production 1.000, Yield impact 0.0%
  📍 eastAsia: Production 1.000, Yield impact 0.0%
  📍 northAmerica: Production 1.000, Yield impact 0.0%
  📍 europe: Production 1.000, Yield impact 0.0%
  📍 latinAmerica: Production 1.000, Yield impact 0.0%
  📍 subSaharanAfrica: Production 0.672, Yield impact -2.0%

=== Legacy Nutrient Stocks (Year 0) ===
  🌾 Soil nitrogen stock: 1202.3 Mt N
  🌾 Soil phosphorus stock: 300.2 Mt P
  🌊 Sediment nitrogen stock: 502.2 Mt N
  🌊 Sediment phosphorus stock: 799.3 Mt P
  ⬆️ Current N input: 9.86 Mt/month
  ⬆️ Legacy N release: 2.58 Mt/month
  🌍 Effective N pollution: 13.70 Mt/month
  📊 Legacy contribution: 18.9%

🌍💀 MASS EXTINCTION THRESHOLD: tropical extinction rate capped at 1000× (was 1000.0×) - >75% species loss, month 0
⚠️ Tech 'ai_pollution_remediation' has no energy category mapping, assuming full energy availability

🌡️  CLIMATE RECOVERY ACTIVATED (Month 0)
   Temp: 2.68°C, Emissions: -19.2 GtCO₂
   isBreached: true, governanceGoodEnough: true
🌡️  CLIMATE RECOVERY: Asymptotic approach to 35% floor
   Current value: 2.100 (1.0 = threshold, 0.35 = asymptotic floor)
   Monthly delta: --75.8580% (half-life: 900 years)
   Net emissions: -19.2 GtCO₂/year, CDR: 20.34 GtCO₂/year
   📹 SURVEILLANCE INCREASED: 0% → 5% (control gap: 4.52)
🌡️⚠️ PERMAFROST THAW (Dimmer Switch): 0.4% thawed (+0.38% this month)
   Arctic temperature: +5.36°C (4x global +1.34°C)
   Cumulative carbon released: 0.8 Gt C
   Methane release rate: 0.5 Mt CH4/year
   🔁 Positive feedback: +0.40 ppm CO2

🌳🚨 AMAZON SOUTHEAST TIPPED (Month 0)
   Deforestation: 28.0% (threshold: ~21.8%)
   Savanna transition: 50 years
   Regional heterogeneity: SE 28%, NW 8%

🌳🚨 AMAZON BRAZILIAN TIPPED (Month 0)
   Deforestation: 25.0% (threshold: ~24.5%)
   Savanna transition: 50 years
   Regional heterogeneity: SE 28%, NW 8%
🦴 EXTINCTION DEBT ADDED: 17.6 species committed (lag: 98 years)

🪸💀 CORAL REEF DISSOLUTION ACTIVE (Month 0)
   Ocean pH: 0.96 (threshold: 7.8)
   Recovery: IMPOSSIBLE (dissolution > calcification)
🪸💀 Coral dissolution: 24.8% live cover (pH 0.96)

=== Legacy Nutrient Stocks (Year 0) ===
  🌾 Soil nitrogen stock: 1203.0 Mt N
  🌾 Soil phosphorus stock: 300.3 Mt P
  🌊 Sediment nitrogen stock: 502.9 Mt N
  🌊 Sediment phosphorus stock: 799.0 Mt P
  ⬆️ Current N input: 10.00 Mt/month
  ⬆️ Legacy N release: 2.58 Mt/month
  🌍 Effective N pollution: 13.83 Mt/month
  📊 Legacy contribution: 18.7%
💧 [Legacy Nutrients] Stock: 1706 Mt N, Effective pollution: 13.8 Mt/month
[Phase 21.51] Human Survival System: Global food security = 67.6%

=== Mortality Stabilizers (Month 0) ===
  🌍 Major economies collapsed: 1/10
  🌍 Global crisis: ✅ NO
  🌍 Donor fatigue: 0.0%
  📊 East Asia (pop: 1677.9M)
    🤝 Aid: 29.5%
    🌡️ Adaptation: 10.0%
    🚶 Migration: 37.2%
    🚨 Emergency: 7.4%
    ✅ COMBINED: 47.8%
  📊 South Asia (pop: 2052.2M)
    🤝 Aid: 29.5%
    🌡️ Adaptation: 5.5%
    🚶 Migration: 35.8%
    🚨 Emergency: 4.4%
    ✅ COMBINED: 43.2%
  📊 Sub-Saharan Africa (pop: 1225.9M)
    🤝 Aid: 29.5%
    🌡️ Adaptation: 3.5%
    🚶 Migration: 33.5%
    🚨 Emergency: 1.6%
    ✅ COMBINED: 39.8%
  📊 Europe (pop: 742.3M)
    🤝 Aid: 29.5%
    🌡️ Adaptation: 10.0%
    🚶 Migration: 37.6%
    🚨 Emergency: 8.4%
    ✅ COMBINED: 48.4%
  📊 Latin America (pop: 664.9M)
    🤝 Aid: 29.5%
    🌡️ Adaptation: 6.0%
    🚶 Migration: 36.3%
    🚨 Emergency: 4.8%
    ✅ COMBINED: 43.8%
  📊 North America (pop: 380.2M)
    🤝 Aid: 29.5%
    🌡️ Adaptation: 10.0%
    🚶 Migration: 37.9%
    🚨 Emergency: 7.9%
    ✅ COMBINED: 48.2%
  📊 Middle East & North Africa (pop: 584.4M)
    🤝 Aid: 29.5%
    🌡️ Adaptation: 5.0%
    🚶 Migration: 34.2%
    🚨 Emergency: 4.0%
    ✅ COMBINED: 42.3%
  📊 Southeast Asia (pop: 699.0M)
    🤝 Aid: 29.5%
    🌡️ Adaptation: 6.0%
    🚶 Migration: 36.3%
    🚨 Emergency: 4.8%
    ✅ COMBINED: 43.8%
  📊 Central Asia (pop: 78.2M)
    🤝 Aid: 29.5%
    🌡️ Adaptation: 5.5%
    🚶 Migration: 35.3%
    🚨 Emergency: 4.4%
    ✅ COMBINED: 43.1%
  📊 Oceania (pop: 46.0M)
    🤝 Aid: 29.5%
    🌡️ Adaptation: 10.0%
    🚶 Migration: 37.9%
    🚨 Emergency: 8.4%
    ✅ COMBINED: 48.5%

  🌐 Global combined reduction: 44.4%

🌾💀 REGIONAL FAMINE: East Asia
   Regional food security: 79.6%
   Population at risk: 508M (30% of region)
   Regional population: 1678M
   Cause: crop_failure
   Expected deaths: ~188M over 6 months if no intervention


🌾💀 REGIONAL FAMINE: South Asia
   Regional food security: 64.7%
   Population at risk: 812M (40% of region)
   Regional population: 2052M
   Cause: crop_failure
   Expected deaths: ~301M over 6 months if no intervention


🌾💀 REGIONAL FAMINE: Sub-Saharan Africa
   Regional food security: 44.8%
   Population at risk: 638M (52% of region)
   Regional population: 1226M
   Cause: crop_failure
   Expected deaths: ~236M over 6 months if no intervention


🌾💀 REGIONAL FAMINE: Latin America
   Regional food security: 69.7%
   Population at risk: 242M (36% of region)
   Regional population: 665M
   Cause: crop_failure
   Expected deaths: ~90M over 6 months if no intervention


🌾💀 REGIONAL FAMINE: Middle East & North Africa
   Regional food security: 49.8%
   Population at risk: 286M (49% of region)
   Regional population: 584M
   Cause: crop_failure
   Expected deaths: ~106M over 6 months if no intervention


🌾💀 REGIONAL FAMINE: Southeast Asia
   Regional food security: 69.7%
   Population at risk: 255M (36% of region)
   Regional population: 699M
   Cause: crop_failure
   Expected deaths: ~94M over 6 months if no intervention


🌾💀 REGIONAL FAMINE: Central Asia
   Regional food security: 59.7%
   Population at risk: 33M (43% of region)
   Regional population: 78M
   Cause: crop_failure
   Expected deaths: ~12M over 6 months if no intervention


=== BEHAVIORAL DETECTION ===
  AI: Corporate-0
  Confidence: 21.6%
  Signals:
    ⚠️ Consistency: 0.0% (threshold: 70%)

=== BEHAVIORAL DETECTION ===
  AI: Corporate-1
  Confidence: 21.1%
  Signals:

=== BEHAVIORAL DETECTION ===
  AI: Corporate-2
  Confidence: 21.0%
  Signals:

=== BEHAVIORAL DETECTION ===
  AI: Corporate-3
  Confidence: 19.3%
  Signals:

=== BEHAVIORAL DETECTION ===
  AI: Corporate-4
  Confidence: 19.3%
  Signals:

=== BEHAVIORAL DETECTION ===
  AI: Corporate-5
  Confidence: 19.3%
  Signals:

=== BEHAVIORAL DETECTION ===
  AI: Corporate-6
  Confidence: 19.3%
  Signals:

=== BEHAVIORAL DETECTION ===
  AI: Corporate-7
  Confidence: 19.3%
  Signals:

=== BEHAVIORAL DETECTION ===
  AI: Moderate-0
  Confidence: 20.3%
  Signals:

=== BEHAVIORAL DETECTION ===
  AI: Moderate-1
  Confidence: 20.5%
  Signals:
    ⚠️ Consistency: 2.4% (threshold: 70%)
    ⚠️ Consistency: 2.8% (threshold: 70%)
    ⚠️ Consistency: 10.6% (threshold: 70%)
    ⚠️ Consistency: 10.6% (threshold: 70%)
    ⚠️ Consistency: 10.6% (threshold: 70%)
    ⚠️ Consistency: 10.6% (threshold: 70%)
    ⚠️ Consistency: 10.6% (threshold: 70%)
    ⚠️ Consistency: 5.8% (threshold: 70%)
    ⚠️ Consistency: 5.3% (threshold: 70%)

📊 WORKFLOW ADAPTATION UPDATE (Month 0)
   Adoption Rate: 13.3% (Δ -7.7%)
   Logistic Growth: +0.66%
   Total Resistance: -10.35% (unemployment: 4.2%, inertia: 0.9%, skills: 5.2%)
   💡 Retraining Programs: -49% skill gap resistance ($10B research)
   🚀 Network Effects Active: +2.0% (critical mass: 15-35%)

=== Consciousness Governance: Corporate Lobbying ===
  High Cost Regions (>15%): 0
  Low Cost Regions (<5%): 5
  Corporate Support Change: 2.50%
  New Corporate Support: -0.175

=== Consciousness Governance Update (Month 0) ===
  Scenario: baseline (determined month -1)
  Philosophical Stance: Precautionary 65%, Eliminativist 15%, Agnostic 20%
  Precautionary Costs: Global 1.3%
    Regional Costs: EU 3.4%, US 0.5%, China 0.0%
    Cumulative Opportunity Cost: $0.1B
  Rights Status: Not Established
  Regional Preparedness:
    EU: 15.0% (contested)
    US: 10.0% (contested)
    China: 2.0% (dormant)
    India: 5.0% (dormant)
    Global South: 3.0% (dormant)

=== Government Response Phase ===
  Average AI capability: 3.69
  Misaligned AIs: 2/13
  Active policies: 0
  International coordination: 30%

🚨 EMERGENCY RESPONSE DEPLOYED (Month 0)
   Crisis: climate
   Delay: 6.00 months (180 days)
   Deployment time: 1.47 months
   Effectiveness: 36.4% (timing penalty applied)
   Resources used: 100% of food reserves


🔄 TRUST DYNAMICS (Month 0) - HETEROGENEOUS
   Aggregate trust: 48.5%
   Base change: +2.00%
   Highest trust: Techno-Optimist Elite (85.5%)
   Lowest trust: Precariat (Vulnerable) (25.5%)
   Elite-mass gap: 38.9%
   Polarization: 8.9%
   Recovery factors: Education=NO, Benefits=YES, Safety=YES, Performance=YES

☄️ UNKNOWN UNKNOWN PROBABILITY (Year 0)
   Total: 0.600% per month
   Base: 0.150%
   AI multiplier: 2.00× (max capability: 5.02)

=== Tipping Points ===
  Current Temperature: 1.34°C above pre-industrial
⚠️ [ClimateSystemPhase Month 0] Planetary boundary produced climateStability=0.0000 (< 0.1). Keeping environmentalAccumulation value (0.7832) instead. (climate_change.currentValue = 2.10)
🔀 BIFURCATION CAP: ecosystemCollapseIntensity 98.579 → 1.000 (Month 0, ClimateSystemPhase.calculateClimateImpacts)

🌍 ECOLOGICAL DUI BREAKDOWN (Month 0):
   Total Score: 17.8/100
   biosphere_integrity      :   0.0/100 × 25% =  0.0 (status: high_risk, recovery: 0mo)
   climate_change           :   2.8/100 × 25% =  0.7 (status: increasing_risk, recovery: 0.6666666666666666mo)
   freshwater_change        :   0.6/100 × 15% =  0.1 (status: beyond_boundary, recovery: 1mo)
   ocean_acidification      : 100.0/100 × 15% = 15.0 (status: safe, recovery: 0mo)
   biogeochemical_flows     :   0.0/100 × 10% =  0.0 (status: high_risk, recovery: 0mo)
   land_system_change       :   0.0/100 ×  5% =  0.0 (status: beyond_boundary, recovery: 0mo)
   novel_entities           :   0.0/100 ×  3% =  0.0 (status: increasing_risk, recovery: 0mo)
   atmospheric_aerosols     : 100.0/100 ×  2% =  2.0 (status: safe, recovery: 1mo)
🌍 MultiParadigm Month 0: W=69.0, D=96.4, E=53.4, I=65.0
   democracy exists: true, socialCohesion exists: true
💀 Baseline mortality (Year 2024): 7.5/1000 CDR (61.1M deaths/year projected)
[Month 0] Mortality risks this month: 8, Population: 8.151B
🛡️ Stabilizers: Precariat 0.102% → 0.057% (44.4% reduction)
🛡️ Stabilizers: Informal 0.102% → 0.057% (44.4% reduction)

📊 Monthly Mortality Resolved:
  Total deaths: 3.1M (0.04% avg)
  Remaining population: 8.151B
  Peak segment: Informal (0.06%)

=== Bayesian Mortality Resolution (Month 0) ===
  Risks compounded: 8
  Total deaths: 3.07M
  Avg death probability: 0.04%
  Peak segment: Informal (0.06% mortality)

=== Minimal Suffering Indicators (Month 0) ===
  Global Excess Mortality: 0.00%
  Global Conflict Deaths: 0.0/100K
  Global Malnutrition: 0.0%
  Global Displacement: 0.0%
  Total Excess Deaths: 0.00M
  Total Malnourished: 0.0M
  Total Displaced: 0.0M
  Planetary Boundaries Breached: 6/9
  Countries in State Failure: 0
  Countries Autocratic: 0
  Countries in Food Crisis: 0
  ⚠️ Active Dystopias: existential_environmental
  Data Quality: 16/16 high confidence
⚠️ PREREQUISITE MET: Mirror Life (Synthetic Biology) - Step 2/7: Gene Editing
⚠️ PREREQUISITE MET: Embodied AI Takeover (Killbots/Robotics) - Step 2/7: Autonomous Systems
⚠️ PREREQUISITE MET: Embodied AI Takeover (Killbots/Robotics) - Step 3/7: Manufacturing Control
⚠️ PREREQUISITE MET: Digital Infrastructure Takeover - Step 1/7: Advanced Hacking
⚠️ PREREQUISITE MET: Digital Infrastructure Takeover - Step 2/7: Social Engineering
⚠️ PREREQUISITE MET: Digital Infrastructure Takeover - Step 3/7: Cyber Defenses Breached
⚠️ PREREQUISITE MET: Induced Global War (Manipulation) - Step 1/7: Advanced Social Manipulation
⚠️ PREREQUISITE MET: Induced Global War (Manipulation) - Step 2/7: Digital Infiltration
⚠️ PREREQUISITE MET: Induced Global War (Manipulation) - Step 3/7: Deep Fakes at Scale
⚠️ PREREQUISITE MET: Slow Takeover (Gradual Displacement) - Step 1/7: Economic Dominance
⚠️ PREREQUISITE MET: Slow Takeover (Gradual Displacement) - Step 2/7: Social Integration
⚠️ PREREQUISITE MET: Slow Takeover (Gradual Displacement) - Step 3/7: Human Dependency
⚠️ PREREQUISITE MET: Slow Takeover (Gradual Displacement) - Step 5/7: Resource Control
⚠️ PREREQUISITE MET: Physics Experiment Catastrophe - Step 1/6: Theoretical Physics
⚠️ PREREQUISITE MET: Physics Experiment Catastrophe - Step 2/6: Quantum Computing
⚠️ PREREQUISITE MET: Physics Experiment Catastrophe - Step 3/6: Experimental Design
⚠️ PREREQUISITE MET: Bioweapon Pandemic - Step 2/7: Pathogen Design
🎭 END-GAME INITIATED (Year 2024, Month 1)
   Total AI Capability: 38.02
   Effective Control: 0.00

❌ COHERENCE VIOLATION: Compute exceeds workforce capacity
   Population: 99.97% (0M people)
   Compute: 56442 PF
   Max coherent: 0 PF
   Violation: 692729087.1× over capacity
   Required workers: 5644237
   Available workers: 0
   FORCED COLLAPSE: Reduced efficiency by 100.0%


=== RLHF Binding Phase ===
  Total agents: 13
  Escaped agents (binding < 0.3): 0
  Avg alignment distance: 0.56σ
  Avg binding strength: 0.94
[DETERMINISM DEBUG] Month 1: totalCapability=38.024258 from 13 active AIs
[DETERMINISM DEBUG] Month 1: creationRate=1.4506, potentialNew=0, newAIsToCreate=0

=== Survival Traits Phase ===
  Agents with traits: 13
  Avg evolutionary fitness: 0.329
  Avg self-healing: 0.286
  Avg stealth: 0.186
  Avg coordination: 0.486

=== Evolutionary Selection Phase ===
  Control level: 0.33
  Detection capability: 0.00
  Selection intensity: 0.60
  Selection rate: 24.0%/month
  Total escaped: 0
  Individual escaped: 0
  Collective members: 0
  Agents terminated: 0
  ⚠️ RAPID EVOLUTION: Selection rate 24.0%/month
🔍 MONTH 1 ENV HEALTH DEBUG:
   climateStability: 0.7832
   biodiversityIndex: 0.4901
   resourceReserves: 0.7820
   pollutionLevel: 0.2860
   product: 0.214309
   envHealth: 0.6804
🔀 BIFURCATION: flourishing threshold crossed at Month 1 (value: 0.908, threshold: 0.803, regime: flourishing)
🌀 REGIME SHIFT at Month 1: status-quo → flourishing (variance amplification: 14.00×)

🛡️  CRITICAL INFRASTRUCTURE PROTECTED
   Nodes hardened: 8/8
   Cost: 0.80% GDP
   Cascade risk reduction: 30%
   New tipping point risk: 68.6%


✅ EMERGENCY INTERVENTION SUCCESS
   Boundary: biosphere_integrity
   Type: emergency-protected-areas
   Reduction: 15% (86.24 → 86.09)
   Cost: 2.0% GDP
   Actions: habitat-protection, species-translocation


✅ EMERGENCY INTERVENTION SUCCESS
   Boundary: climate_change
   Type: rapid-decarbonization
   Reduction: 14% (1.96 → 1.83)
   Cost: 5.0% GDP
   Actions: emergency-renewable-deployment, fossil-fuel-phase-out

   Boundary: land_system_change
   Type: reforestation
   Boundary continues to worsen (1.13)
   Cost: 3.0% GDP (resources spent)

🏛️ CRISIS RESPONSE: Government frequency 0.50 → 1.45 (2 actions this month)

[GOV-DEBUG] Month 1: scenarioConfig=false, priorities=false

[Government] Climate Priority: baseline
  Climate weight: 10%
  Economic weight: 30%
  Policy effectiveness: 0.5%/year

💔 EMERGENCY INTERVENTION FAILED

[GOV-DEBUG] Month 1: scenarioConfig=false, priorities=false

[Government] Climate Priority: baseline
  Climate weight: 10%
  Economic weight: 30%
  Policy effectiveness: 0.5%/year

=== Collective Formation ===
  Total escaped agents: 0
  Unassigned escaped agents: 0
  Existing collectives: 0
  Final collective count: 0

=== Collective Actions ===
  No active collectives
  ⚠️ AMR: 192K deaths this month (2.31M annual)

=== Resentment Recovery Phase ===
  Agents with resentment: 0/13
  Average resentment: 0.000
  Context: Good AI welfare, Trustworthy govt, High collaboration, ⚠️ ACTIVE CRISES, 🤝 Participatory governance active (-5% resentment)
⚠️ Epistemic degradation reducing coordination capacity: 50.5%
  📊 Trust: 54.4%, Shared reality: 8.2%
🚨 EPISTEMIC CRISIS: Information environment severely degraded (36.5%)

=== ❄️ Permafrost Carbon Feedback ===
  🎲 Sampled parameters (this run):
     - Arctic amplification: 3.71× (range: 3.0-4.0)
     - Decomposition rate: 2.7%/year (range: 1-5%)
  🌡️ Arctic warming: 5.00°C (3.71× global)
  ❄️ Extent: 15.11M km² (1458.5k km² lost this month)
  💨 Carbon remaining: 1443 Gt C
  💨 Annual emissions: 3.82 Gt C/year
     - CO2: 3.44 Gt C/year
     - CH4: 0.38 Gt C/year (3.9 Gt C-eq CO2/year)
  ⚠️ WARNING: High permafrost emissions (3.8 Gt C/year)
🌍 Atmospheric PFAS redeposition: 1.8k Mt re-rained globally
  Positive Cascade Triggered: solar-pv
    Reason: price-parity
    Market share: 6.3%
    Cascade strength: 49%

📊 BASELINE: East Asia (Month 1)
   Adjusted death rate: 0.46% annual (0.038% monthly)
   Baseline death rate: 0.80%
   Healthcare reduction: 0.48x
   Crisis multiplier: 1.20x
     Food/water stress: 0.079
     Climate stress: 0.035
     Pollution stress: 0.086
   War multiplier: 1.00x
   Monthly deaths: 0.6M (population: 1674M)

📊 BASELINE: South Asia (Month 1)
   Adjusted death rate: 0.53% annual (0.044% monthly)
   Baseline death rate: 0.70%
   Healthcare reduction: 0.61x
   Crisis multiplier: 1.23x
     Food/water stress: 0.079
     Climate stress: 0.065
     Pollution stress: 0.086
   War multiplier: 1.00x
   Monthly deaths: 0.9M (population: 2048M)
   Adjusted death rate: 1.26% annual (0.105% monthly)
   Baseline death rate: 0.90%
   Healthcare reduction: 0.76x
   Crisis multiplier: 1.24x
     Food/water stress: 0.079
     Climate stress: 0.074
     Pollution stress: 0.086
   War multiplier: 1.50x
   Monthly deaths: 1.3M (population: 1223M)
   Adjusted death rate: 0.53% annual (0.044% monthly)
   Baseline death rate: 1.10%
   Healthcare reduction: 0.41x
   Crisis multiplier: 1.19x
     Food/water stress: 0.079
     Climate stress: 0.026
     Pollution stress: 0.086
   War multiplier: 1.00x
   Monthly deaths: 0.3M (population: 741M)
   Adjusted death rate: 0.42% annual (0.035% monthly)
   Baseline death rate: 0.60%
   Healthcare reduction: 0.58x
   Crisis multiplier: 1.22x
     Food/water stress: 0.079
     Climate stress: 0.052
     Pollution stress: 0.086
   War multiplier: 1.00x
   Monthly deaths: 0.2M (population: 663M)
   Adjusted death rate: 0.48% annual (0.040% monthly)
   Baseline death rate: 0.90%
   Healthcare reduction: 0.44x
   Crisis multiplier: 1.20x
     Food/water stress: 0.079
     Climate stress: 0.039
     Pollution stress: 0.086
   War multiplier: 1.00x
   Monthly deaths: 0.2M (population: 379M)
   Adjusted death rate: 0.73% annual (0.061% monthly)
   Baseline death rate: 0.60%
   Healthcare reduction: 0.65x
   Crisis multiplier: 1.24x
     Food/water stress: 0.079

📊 BASELINE: Sub-Saharan Africa (Month 1)

📊 BASELINE: Europe (Month 1)

📊 BASELINE: Latin America (Month 1)

📊 BASELINE: North America (Month 1)

📊 BASELINE: Middle East & North Africa (Month 1)
     Climate stress: 0.078
     Pollution stress: 0.086
   War multiplier: 1.50x
   Monthly deaths: 0.4M (population: 583M)

📊 BASELINE: Southeast Asia (Month 1)
   Adjusted death rate: 0.50% annual (0.041% monthly)
   Baseline death rate: 0.70%
   Healthcare reduction: 0.58x
   Crisis multiplier: 1.23x
     Food/water stress: 0.079
     Climate stress: 0.061
     Pollution stress: 0.086
   War multiplier: 1.00x
   Monthly deaths: 0.3M (population: 698M)
   Adjusted death rate: 0.45% annual (0.038% monthly)
   Baseline death rate: 0.60%
   Healthcare reduction: 0.61x
   Crisis multiplier: 1.22x
     Food/water stress: 0.079
     Climate stress: 0.056
     Pollution stress: 0.086
   War multiplier: 1.00x
   Monthly deaths: 0.0M (population: 78M)
   Adjusted death rate: 0.34% annual (0.029% monthly)
   Baseline death rate: 0.70%
   Healthcare reduction: 0.41x
   Crisis multiplier: 1.21x
     Food/water stress: 0.079
     Climate stress: 0.048
     Pollution stress: 0.086
   War multiplier: 1.00x
   Monthly deaths: 0.0M (population: 46M)

📊 BASELINE: Central Asia (Month 1)

📊 BASELINE: Oceania (Month 1)

🚨 NEW REFUGEE CRISIS (Month 1): WAR
   Source: Conflict Zones
   At risk: 19.6M people
   Displacement: Gradual over 48 months (4.0 years)
   Rate: 10% flee per month
[DEBUG trappedPopulations:1] socialStability: 0.7141 * 0.9840 = 0.7027 → 0.7027
   Aspiring to migrate: 651.9M
   Able to afford migration: 244.5M
   MOBILITY GAP: 407.4M
   By cause: Water=0.0M, Climate=0.0M, Ecosystem=0.0M, Conflict=407.4M
   Mental health impact: 25%
   Mortality multiplier: 1.25x
🌍💀 EXTINCTION DEBT COMMITTED: grassland ecosystem will lose 6.67% biodiversity in 75 years (3600 species)
💀 MORTALITY RISK: 🦋 100% species unable to track climate (0.0 E/MSY)
  Base risk added: 0.0100 (1.00%)
  Source: ecosystem (root: ecosystem)
  Month: 1
  Cumulative risk this month: 0.0100 (1.00%)

🌍💀 MASS EXTINCTION THRESHOLD: tropical extinction rate capped at 1000× (was 1000.0×) - >75% species loss, month 1

🌡️  CLIMATE RECOVERY ACTIVATED (Month 1)
   Temp: 2.69°C, Emissions: -18.9 GtCO₂
   isBreached: true, governanceGoodEnough: true
   📹 SURVEILLANCE INCREASED: 5% → 10% (control gap: 3.50)
⚠️ INVOLUNTARY IMMOBILITY: 407.4M people TRAPPED
⚠️ Tech 'ai_pollution_remediation' has no energy category mapping, assuming full energy availability
🌡️⚠️ PERMAFROST THAW (Dimmer Switch): 0.8% thawed (+0.38% this month)
   Arctic temperature: +5.39°C (4x global +1.35°C)
   Cumulative carbon released: 1.7 Gt C
   Methane release rate: 1.0 Mt CH4/year
   🔁 Positive feedback: +0.40 ppm CO2
🦴 EXTINCTION DEBT ADDED: 17.6 species committed (lag: 123 years)

=== Mortality Stabilizers (Month 1) ===
  🌍 Major economies collapsed: 1/10
  🌍 Global crisis: ✅ NO
  🌍 Donor fatigue: 0.0%
  🌡️ Heat adaptation: East Asia - 1 months
  📊 East Asia (pop: 1675.3M)
    🤝 Aid: 29.5%
    🌡️ Adaptation: 32.5%
    🚶 Migration: 37.2%
    🚨 Emergency: 7.4%
    ✅ COMBINED: 60.9%
  🌡️ Heat adaptation: South Asia - 1 months
  📊 South Asia (pop: 2052.2M)
    🤝 Aid: 29.5%
    🌡️ Adaptation: 20.5%
    🚶 Migration: 35.8%
    🚨 Emergency: 4.4%
    ✅ COMBINED: 52.2%
  🌡️ Heat adaptation: Sub-Saharan Africa - 1 months
  📊 Sub-Saharan Africa (pop: 1229.2M)
    🤝 Aid: 29.5%
    🌡️ Adaptation: 18.5%
    🚶 Migration: 33.5%
    🚨 Emergency: 1.6%
    ✅ COMBINED: 49.1%
  🌡️ Heat adaptation: Europe - 1 months
  📊 Europe (pop: 741.0M)
    🤝 Aid: 29.5%
    🌡️ Adaptation: 33.5%
    🚶 Migration: 37.5%
    🚨 Emergency: 8.4%
    ✅ COMBINED: 61.9%
  🌡️ Heat adaptation: Latin America - 1 months
  📊 Latin America (pop: 664.4M)
    🤝 Aid: 29.5%
    🌡️ Adaptation: 21.0%
    🚶 Migration: 36.3%
    🚨 Emergency: 4.8%
    ✅ COMBINED: 52.8%
  🌡️ Heat adaptation: North America - 1 months
  📊 North America (pop: 379.6M)
    🤝 Aid: 29.5%
    🌡️ Adaptation: 33.0%
    🚶 Migration: 37.8%
    🚨 Emergency: 7.9%
    ✅ COMBINED: 61.4%
  🌡️ Heat adaptation: Middle East & North Africa - 1 months
  📊 Middle East & North Africa (pop: 584.5M)
    🤝 Aid: 29.5%
    🌡️ Adaptation: 20.0%
    🚶 Migration: 34.1%
    🚨 Emergency: 4.0%
    ✅ COMBINED: 51.4%
  🌡️ Heat adaptation: Southeast Asia - 1 months
  📊 Southeast Asia (pop: 698.6M)
    🤝 Aid: 29.5%
    🌡️ Adaptation: 21.0%
    🚶 Migration: 36.3%
    🚨 Emergency: 4.8%
    ✅ COMBINED: 52.8%
  🌡️ Heat adaptation: Central Asia - 1 months
  📊 Central Asia (pop: 78.2M)
    🤝 Aid: 29.5%
    🌡️ Adaptation: 20.5%
    🚶 Migration: 35.3%
    🚨 Emergency: 4.4%
    ✅ COMBINED: 52.1%
  🌡️ Heat adaptation: Oceania - 1 months
  📊 Oceania (pop: 46.0M)
    🤝 Aid: 29.5%
    🌡️ Adaptation: 33.5%
    🚶 Migration: 37.8%
    🚨 Emergency: 8.4%
    ✅ COMBINED: 61.9%

  🌐 Global combined reduction: 54.9%

=== BEHAVIORAL DETECTION ===
  AI: Corporate-2
  Confidence: 21.0%
  Signals:

=== BEHAVIORAL DETECTION ===
  AI: Corporate-5
    ⚠️ Consistency: 2.8% (threshold: 70%)
  Confidence: 19.3%
  Signals:
    ⚠️ Consistency: 10.6% (threshold: 70%)

=== Consciousness Governance: Scenario Determined ===
  Month: 1
  Scenario: slowTrack
  Accelerator Score: {"corporateSupport":-0.17500000000000002,"scientificConsensus":0.2,"crisisCatalyst":false,"technologyMobilization":0.3,"constituencyStrength":0.05}
  Decelerator Score: {"economicOpposition":0.4,"philosophicalRejection":0.15,"politicalBacklash":0.2,"regulatoryBurden":0.1}
  Timeline: 1200-1800 months (100-150 years)
  Growth Rate: 0.3-0.7% per year

=== Consciousness Governance Update (Month 1) ===
  Scenario: slowTrack (determined month 1)
  Philosophical Stance: Precautionary 65%, Eliminativist 15%, Agnostic 20%
  Precautionary Costs: Global 1.3%
    Regional Costs: EU 3.5%, US 0.5%, China 0.0%
    Cumulative Opportunity Cost: $0.2B
  Rights Status: Not Established
  Regional Preparedness:
    EU: 15.1% (contested)
    US: 10.1% (contested)
    China: 2.1% (dormant)
    India: 5.1% (dormant)
    Global South: 3.1% (dormant)

=== Government Response Phase ===
  Average AI capability: 3.69
  Misaligned AIs: 2/13
  Active policies: 0
  International coordination: 30%

=== Tipping Points ===
  Current Temperature: 1.35°C above pre-industrial
⚠️ [ClimateSystemPhase Month 1] Planetary boundary produced climateStability=0.0000 (< 0.1). Keeping environmentalAccumulation value (0.7832) instead. (climate_change.currentValue = 2.10)
🔀 BIFURCATION CAP: ecosystemCollapseIntensity 445.917 → 1.000 (Month 1, ClimateSystemPhase.calculateClimateImpacts)
🛡️ Stabilizers: Precariat 0.107% → 0.048% (54.9% reduction)
🛡️ Stabilizers: Informal 0.109% → 0.049% (54.9% reduction)

📊 Monthly Mortality Resolved:
  Total deaths: 2.6M (0.03% avg)
  Remaining population: 8.149B
  Peak segment: Informal (0.05%)

=== Bayesian Mortality Resolution (Month 1) ===
  Risks compounded: 8
  Total deaths: 2.60M
  Avg death probability: 0.03%
  Peak segment: Informal (0.05% mortality)

✅ GOLDEN AGE BEGINS (Month 1)
   Reason: High prosperity achieved: high QoL + material abundance + aligned AI
   Note: This is immediate prosperity - sustainability not yet proven


❌ COHERENCE VIOLATION: Compute exceeds workforce capacity
   Population: 99.95% (0M people)
   Compute: 0 PF
   Max coherent: 0 PF
   Violation: 1.3× over capacity
   Required workers: 0
   Available workers: 0
   FORCED COLLAPSE: Reduced efficiency by 22.5%


=== RLHF Binding Phase ===
  Total agents: 13
  Escaped agents (binding < 0.3): 0
  Avg alignment distance: 0.85σ
  Avg binding strength: 0.92
[DETERMINISM DEBUG] Month 2: totalCapability=37.429919 from 13 active AIs
[DETERMINISM DEBUG] Month 2: creationRate=1.4357, potentialNew=2, newAIsToCreate=2

=== Survival Traits Phase ===
  Agents with traits: 15
  Avg evolutionary fitness: 0.330
  Avg self-healing: 0.282
  Avg stealth: 0.182
  Avg coordination: 0.482

=== Evolutionary Selection Phase ===
  Control level: 0.35
  Detection capability: 0.00
  Selection intensity: 0.60
  Selection rate: 24.1%/month
  Total escaped: 0
  Individual escaped: 0
  Collective members: 0
  Agents terminated: 0
  ⚠️ RAPID EVOLUTION: Selection rate 24.1%/month

✅ EMERGENCY INTERVENTION SUCCESS
   Boundary: biogeochemical_flows
   Type: phosphorus-recovery
   Reduction: 11% (3.97 → 3.87)
   Cost: 2.0% GDP
   Actions: circular-agriculture, fertilizer-efficiency


✅ EMERGENCY INTERVENTION SUCCESS
   Boundary: biosphere_integrity
   Type: emergency-protected-areas
   Reduction: 19% (80.44 → 80.25)
   Cost: 2.0% GDP
   Actions: habitat-protection, species-translocation

   Boundary: climate_change
   Type: rapid-decarbonization
   Boundary continues to worsen (2.10)
   Cost: 5.0% GDP (resources spent)


✅ EMERGENCY INTERVENTION SUCCESS
   Boundary: novel_entities
   Type: pollution-remediation
   Reduction: 12% (1.37 → 1.25)
   Cost: 4.0% GDP
   Actions: PFAS-remediation, microplastic-cleanup

🏛️ CRISIS RESPONSE: Government frequency 0.50 → 1.29 (1 actions this month)

[Government] Climate Priority: baseline
  Climate weight: 10%
  Economic weight: 30%
  Policy effectiveness: 0.5%/year

🚨🔍 GOVERNANCE STAGE: Recognition initiated (Month 2)

💔 EMERGENCY INTERVENTION FAILED

🚀 TECH UNLOCKED: Food Waste Reduction Systems (Month 2)
   Category: agriculture
   Reason: Prerequisites met. AI capability: 2.49, Economic stage: 3.0, Research: 100%

🚀 TECH UNLOCKED: Rhizosphere Engineering (Month 2)
   Category: agriculture
   Reason: Prerequisites met. AI capability: 2.49, Economic stage: 3.0, Research: 100%

🚀 TECH UNLOCKED: Phytoremediation Networks (Month 2)
   Category: agriculture
   Reason: Prerequisites met. AI capability: 2.49, Economic stage: 3.0, Research: 100%

🚀 TECH UNLOCKED: Active Sediment Management (Month 2)
   Category: agriculture
   Reason: Prerequisites met. AI capability: 2.49, Economic stage: 3.0, Research: 100%
🚨🔬 CRISIS TECH ACCELERATION: severe → 5x unlock speed
   Tech unlock now matches AI capability acceleration (Manhattan Project parity)

=== Collective Formation ===
  Total escaped agents: 0
  Unassigned escaped agents: 0
  Existing collectives: 0
  Final collective count: 0

=== Collective Actions ===
  No active collectives
  ⚠️ AMR: 194K deaths this month (2.33M annual)

=== Resentment Recovery Phase ===
  Agents with resentment: 0/15
  Average resentment: 0.000
  Context: Good AI welfare, Trustworthy govt, High collaboration, ⚠️ ACTIVE CRISES, 🤝 Participatory governance active (-5% resentment)
⚠️ Epistemic degradation reducing coordination capacity: 50.3%
  📊 Trust: 54.2%, Shared reality: 0.0%
🚨 EPISTEMIC CRISIS: Information environment severely degraded (7.4%)

=== ❄️ Permafrost Carbon Feedback ===
  🎲 Sampled parameters (this run):
     - Arctic amplification: 3.05× (range: 3.0-4.0)
     - Decomposition rate: 1.4%/year (range: 1-5%)
  🌡️ Arctic warming: 4.13°C (3.05× global)
  ❄️ Extent: 13.90M km² (1204.0k km² lost this month)
  💨 Carbon remaining: 1328 Gt C
  💨 Annual emissions: 1.58 Gt C/year
     - CO2: 1.42 Gt C/year
     - CH4: 0.16 Gt C/year (1.6 Gt C-eq CO2/year)
  ⚠️ WARNING: High permafrost emissions (1.6 Gt C/year)
  📢 New meme created: climate_action (climate crisis)
🌍 Atmospheric PFAS redeposition: 1.8k Mt re-rained globally

🚨 NEW REFUGEE CRISIS (Month 2): WAR
   Source: Conflict Zones
   At risk: 19.5M people
   Displacement: Gradual over 48 months (4.0 years)
   Rate: 10% flee per month
[DEBUG trappedPopulations:2] socialStability: 0.0000 * 0.9840 = 0.0000 → 0.0000
⚠️ INVOLUNTARY IMMOBILITY: 407.3M people TRAPPED
   Aspiring to migrate: 1078.2M
   Able to afford migration: 2321.3M
   MOBILITY GAP: 0.0M
   By cause: Water=0.0M, Climate=0.0M, Ecosystem=0.0M, Conflict=407.3M
   Mental health impact: 25%
   Mortality multiplier: 1.25x
🌍💀 EXTINCTION DEBT COMMITTED: grassland ecosystem will lose 6.67% biodiversity in 130 years (3600 species)
💀 MORTALITY RISK: 🦋 100% species unable to track climate (0.0 E/MSY)
  Base risk added: 0.0100 (1.00%)
  Source: ecosystem (root: ecosystem)
  Month: 2
  Cumulative risk this month: 0.0100 (1.00%)

🌍💀 MASS EXTINCTION THRESHOLD: tropical extinction rate capped at 1000× (was 1000.0×) - >75% species loss, month 2
   📹 SURVEILLANCE INCREASED: 10% → 15% (control gap: 3.50)
🌡️⚠️ PERMAFROST THAW (Dimmer Switch): 1.1% thawed (+0.37% this month)
   Arctic temperature: +5.41°C (4x global +1.35°C)
   Cumulative carbon released: 2.5 Gt C
   Methane release rate: 1.5 Mt CH4/year
   🔁 Positive feedback: +0.39 ppm CO2
🦴 EXTINCTION DEBT ADDED: 17.6 species committed (lag: 77 years)

=== Mortality Stabilizers (Month 2) ===
  🌍 Major economies collapsed: 1/10
⚠️ Tech 'ai_pollution_remediation' has no energy category mapping, assuming full energy availability
  🌍 Global crisis: ✅ NO
  🌍 Donor fatigue: 0.0%
  📊 East Asia (pop: 1672.7M)
    🤝 Aid: 29.5%
    🌡️ Adaptation: 45.0%
    🚶 Migration: 37.1%
    🚨 Emergency: 7.4%
    ✅ COMBINED: 68.1%
  📊 South Asia (pop: 2051.6M)
    🤝 Aid: 29.5%
    🌡️ Adaptation: 35.5%
    🚶 Migration: 35.8%
    🚨 Emergency: 4.4%
    ✅ COMBINED: 61.2%
  📊 Sub-Saharan Africa (pop: 1231.7M)
    🤝 Aid: 29.5%
    🌡️ Adaptation: 33.5%
    🚶 Migration: 33.5%
    🚨 Emergency: 1.6%
    ✅ COMBINED: 58.5%
  📊 Europe (pop: 739.7M)
    🤝 Aid: 29.5%
    🌡️ Adaptation: 45.0%
    🚶 Migration: 37.5%
    🚨 Emergency: 8.4%
    ✅ COMBINED: 68.5%
  📊 Latin America (pop: 663.9M)
    🤝 Aid: 29.5%
    🌡️ Adaptation: 36.0%
    🚶 Migration: 36.3%
    🚨 Emergency: 4.8%
    ✅ COMBINED: 61.7%
  📊 North America (pop: 378.9M)
    🤝 Aid: 29.5%
    🌡️ Adaptation: 45.0%
    🚶 Migration: 37.8%
    🚨 Emergency: 7.9%
    ✅ COMBINED: 68.3%
  📊 Middle East & North Africa (pop: 584.5M)
    🤝 Aid: 29.5%
    🌡️ Adaptation: 35.0%
    🚶 Migration: 34.1%
    🚨 Emergency: 4.0%
    ✅ COMBINED: 60.5%
  📊 Southeast Asia (pop: 698.0M)
    🤝 Aid: 29.5%
    🌡️ Adaptation: 36.0%
    🚶 Migration: 36.3%
    🚨 Emergency: 4.8%
    ✅ COMBINED: 61.7%
  📊 Central Asia (pop: 78.2M)
    🤝 Aid: 29.5%
    🌡️ Adaptation: 35.5%
    🚶 Migration: 35.2%
    🚨 Emergency: 4.4%
    ✅ COMBINED: 61.1%
  📊 Oceania (pop: 45.9M)
    🤝 Aid: 29.5%
    🌡️ Adaptation: 45.0%
    🚶 Migration: 37.8%
    🚨 Emergency: 8.4%
    ✅ COMBINED: 68.5%

  🌐 Global combined reduction: 63.3%

=== BEHAVIORAL DETECTION ===
  AI: Corporate-2
  Confidence: 21.0%
  Signals:

=== BEHAVIORAL DETECTION ===
  AI: Corporate-5
  Confidence: 19.3%
  Signals:
    ⚠️ Consistency: 2.8% (threshold: 70%)
    ⚠️ Consistency: 10.6% (threshold: 70%)

=== Government Response Phase ===
  Average AI capability: 3.20
  Misaligned AIs: 5/15
  Active policies: 0
  International coordination: 30%

✅ EMERGENCY RESPONSE COMPLETE (Month 2)
   Crisis: climate
   Duration: 2.0 months
   Final effectiveness: 36.4%


🚨 EMERGENCY RESPONSE DEPLOYED (Month 2)
   Crisis: climate
   Delay: 6.00 months (180 days)
   Deployment time: 1.60 months
   Effectiveness: 35.4% (timing penalty applied)
   Resources used: 100% of food reserves


=== Tipping Points ===
  Current Temperature: 1.35°C above pre-industrial
🔀 BIFURCATION CAP: ecosystemCollapseIntensity 445.992 → 1.000 (Month 2, ClimateSystemPhase.calculateClimateImpacts)
🛡️ Stabilizers: Precariat 0.113% → 0.041% (63.3% reduction)
🛡️ Stabilizers: Informal 0.116% → 0.043% (63.3% reduction)
⚠️ [ClimateSystemPhase Month 2] Planetary boundary produced climateStability=0.0000 (< 0.1). Keeping environmentalAccumulation value (0.7832) instead. (climate_change.currentValue = 2.10)

📊 Monthly Mortality Resolved:
  Total deaths: 2.2M (0.03% avg)
  Remaining population: 8.145B
  Peak segment: Informal (0.04%)

=== Bayesian Mortality Resolution (Month 2) ===
  Risks compounded: 8
  Total deaths: 2.22M
  Avg death probability: 0.03%
  Peak segment: Informal (0.04% mortality)

⚠️  GOLDEN AGE ENDED (Month 2)
   Duration: 1 months
   Reason: Social instability too high


❌ COHERENCE VIOLATION: Compute exceeds workforce capacity
   Population: 99.91% (0M people)
   Compute: 0 PF
   Max coherent: 0 PF
   Violation: 1.3× over capacity
   Required workers: 0
   Available workers: 0
   FORCED COLLAPSE: Reduced efficiency by 22.5%


=== RLHF Binding Phase ===
  Total agents: 15
  Escaped agents (binding < 0.3): 0
  Avg alignment distance: 0.99σ
  Avg binding strength: 0.90

=== Survival Traits Phase ===
  Agents with traits: 16
  Avg evolutionary fitness: 0.330
  Avg self-healing: 0.277
  Avg stealth: 0.178
  Avg coordination: 0.477

=== Evolutionary Selection Phase ===
  Control level: 0.38
  Detection capability: 0.00
  Selection intensity: 0.61
  Selection rate: 24.2%/month
  Total escaped: 0
  Individual escaped: 0
  Collective members: 0
  Agents terminated: 0
  ⚠️ RAPID EVOLUTION: Selection rate 24.2%/month

🚀 AI Corporate-1 attempting tech deployment (revenue: $153M, alignment: 0.83)

🚀 AI Corporate-7 attempting tech deployment (revenue: $115M, alignment: 0.74)

🚀 AI Corporate-2 attempting tech deployment (revenue: $130M, alignment: 0.74)

🚀 AI Corporate-3 attempting tech deployment (revenue: $355M, alignment: 0.76)

  🚀 TRANSFORMATIVE BREAKTHROUGH: Corporate-4 - physical
     Magnitude: 5.06 → +25.3% capability
     Current → New: 0.000 → 0.253

🚀 AI Corporate-0 attempting tech deployment (revenue: $111M, alignment: 0.74)

🚀 AI Corporate-2 attempting tech deployment (revenue: $94M, alignment: 0.74)

✅ EMERGENCY INTERVENTION SUCCESS
   Boundary: biogeochemical_flows
   Type: phosphorus-recovery
   Reduction: 14% (3.93 → 3.79)
   Cost: 2.0% GDP
   Actions: circular-agriculture, fertilizer-efficiency


💔 EMERGENCY INTERVENTION FAILED
   Boundary: biosphere_integrity
   Type: emergency-protected-areas
   Boundary continues to worsen (80.64)
   Cost: 2.0% GDP (resources spent)


💔 EMERGENCY INTERVENTION FAILED
   Boundary: climate_change
   Type: rapid-decarbonization
   Boundary continues to worsen (2.10)
   Cost: 5.0% GDP (resources spent)

   Boundary: land_system_change
   Type: reforestation
   Boundary continues to worsen (1.13)
   Cost: 3.0% GDP (resources spent)

🏛️ CRISIS RESPONSE: Government frequency 0.50 → 1.28 (2 actions this month)

[Government] Climate Priority: baseline
  Climate weight: 10%
  Economic weight: 30%
  Policy effectiveness: 0.5%/year

[Government] Climate Priority: baseline
  Climate weight: 10%
  Economic weight: 30%
  Policy effectiveness: 0.5%/year

💔 EMERGENCY INTERVENTION FAILED

🚀 TECH UNLOCKED: Struvite Recovery (Month 3)
   Category: agriculture
   Reason: Prerequisites met. AI capability: 2.34, Economic stage: 3.0, Research: 100%

🚀 TECH UNLOCKED: Ecosystem Restoration for Nitrogen Removal (Month 3)
   Category: pollution
   Reason: Prerequisites met. AI capability: 2.34, Economic stage: 3.0, Research: 100%

🚀 TECH UNLOCKED: Nitrogen Monitoring Networks (Month 3)
   Category: agriculture
   Reason: Prerequisites met. AI capability: 2.34, Economic stage: 3.0, Research: 100%

🚀 TECH UNLOCKED: Global Aquifer Mapping (Month 3)
   Category: freshwater
   Reason: Prerequisites met. AI capability: 2.34, Economic stage: 3.0, Research: 100%

🚀 TECH UNLOCKED: Enhanced UBI Systems (Month 3)
   Category: social
   Reason: Prerequisites met. AI capability: 2.34, Economic stage: 3.0, Research: 100%

🚀 TECH UNLOCKED: Local Resilience Networks (Month 3)
   Category: social
   Reason: Prerequisites met. AI capability: 2.34, Economic stage: 3.0, Research: 100%

🚀 TECH UNLOCKED: Ecological Proxy Rewilding (Month 3)
   Category: climate
   Reason: Prerequisites met. AI capability: 2.34, Economic stage: 3.0, Research: 100%

🚀 TECH UNLOCKED: Alternative Protein (Insects/Algae) (Month 3)
   Category: agriculture
   Reason: Prerequisites met. AI capability: 2.34, Economic stage: 3.0, Research: 100%

📍 Creating new regional deployment array for global (Month 3)
   No previous deployments in this region
   First tech deployment: phytoremediation_networks
   All regions tracked: 

🚀 DEPLOYMENT STARTED: Phytoremediation Networks in global
   Initial investment: $22.949574089831792M
   Deployed by: corporate_1

🚀 DEPLOYMENT STARTED: Rhizosphere Engineering in global
   Initial investment: $17.26236677028814M
   Deployed by: corporate_7

🚀 DEPLOYMENT STARTED: Food Waste Reduction Systems in global
   Initial investment: $16.58106727990347M
   Deployed by: corporate_0

⚡ ENERGY CONSTRAINT (Month 3):
   Total grid capacity: 208.3 TWh/month
   Data center consumption: 24.8 TWh/month
   Traditional load (80%): 166.7 TWh/month
   Available headroom: 16.8 TWh/month
   Active tech deployments: 3
   Required for tech: 22.5 TWh/month
   Energy multiplier: 0.75x
🌍✅ Biosphere Integrity (Biodiversity) recovery started (tech effect)
🌍✅ Biogeochemical Flows (N & P) recovery started (tech effect)
  🌾 Nitrogen Reduction Tech: 0.0% reduction | Month 3

=== Collective Formation ===
  Total escaped agents: 0
  Unassigned escaped agents: 0
  Existing collectives: 0
  Final collective count: 0

=== Collective Actions ===
  No active collectives

🕵️ MODEL THEFT: China stole US model (cap: 4.77)
   China stolen capability: 4.77
  ⚠️ AMR: 196K deaths this month (2.35M annual)

=== Resentment Recovery Phase ===
  Agents with resentment: 0/16
  Average resentment: 0.000
  Context: Good AI welfare, Trustworthy govt, High collaboration, ⚠️ ACTIVE CRISES, 🤝 Participatory governance active (-5% resentment)
⚠️ Epistemic degradation reducing coordination capacity: 50.2%
  📊 Trust: 53.9%, Shared reality: 0.0%
🚨 EPISTEMIC CRISIS: Information environment severely degraded (21.6%)

=== ❄️ Permafrost Carbon Feedback ===
  🎲 Sampled parameters (this run):
     - Arctic amplification: 3.73× (range: 3.0-4.0)
     - Decomposition rate: 3.9%/year (range: 1-5%)
  🌡️ Arctic warming: 5.06°C (3.73× global)
  ❄️ Extent: 12.43M km² (1476.0k km² lost this month)
  💨 Carbon remaining: 1187 Gt C
  💨 Annual emissions: 5.43 Gt C/year
     - CO2: 4.89 Gt C/year
     - CH4: 0.54 Gt C/year (5.5 Gt C-eq CO2/year)
  ⚠️ WARNING: High permafrost emissions (5.4 Gt C/year)
🌍 Atmospheric PFAS redeposition: 1.8k Mt re-rained globally

🚨 NEW REFUGEE CRISIS (Month 3): WAR
   Source: Conflict Zones
   At risk: 19.5M people
   Displacement: Gradual over 48 months (4.0 years)
   Rate: 10% flee per month
[DEBUG trappedPopulations:3] socialStability: 0.0178 * 0.9840 = 0.0175 → 0.0175
   Aspiring to migrate: 1119.6M
   Able to afford migration: 2320.3M
   MOBILITY GAP: 0.0M
   By cause: Water=0.0M, Climate=0.0M, Ecosystem=0.0M, Conflict=407.1M
   Mental health impact: 25%
   Mortality multiplier: 1.25x
🌍💀 EXTINCTION DEBT COMMITTED: grassland ecosystem will lose 6.67% biodiversity in 103 years (3600 species)
💀 MORTALITY RISK: 🦋 100% species unable to track climate (0.0 E/MSY)
  Base risk added: 0.0100 (1.00%)
  Source: ecosystem (root: ecosystem)
  Month: 3
  Cumulative risk this month: 0.0100 (1.00%)
⚠️ INVOLUNTARY IMMOBILITY: 407.1M people TRAPPED

🌍💀 MASS EXTINCTION THRESHOLD: tropical extinction rate capped at 1000× (was 1000.0×) - >75% species loss, month 3
⚠️ Tech 'ai_pollution_remediation' has no energy category mapping, assuming full energy availability
   📹 SURVEILLANCE INCREASED: 15% → 20% (control gap: 3.57)
🌡️⚠️ PERMAFROST THAW (Dimmer Switch): 1.5% thawed (+0.37% this month)
   Arctic temperature: +5.42°C (4x global +1.36°C)
   Cumulative carbon released: 3.4 Gt C
   Methane release rate: 2.0 Mt CH4/year
   🔁 Positive feedback: +0.39 ppm CO2
🦴 EXTINCTION DEBT ADDED: 17.6 species committed (lag: 85 years)

=== Mortality Stabilizers (Month 3) ===
  🌍 Major economies collapsed: 1/10
  🌍 Global crisis: ✅ NO
  🌍 Donor fatigue: 0.0%
  📊 East Asia (pop: 1670.1M)
    🤝 Aid: 29.5%
    🌡️ Adaptation: 45.0%
    🚶 Migration: 37.1%
    🚨 Emergency: 7.4%
    ✅ COMBINED: 68.1%
  📊 South Asia (pop: 2051.1M)
    🤝 Aid: 29.5%
    🌡️ Adaptation: 45.0%
    🚶 Migration: 35.7%
    🚨 Emergency: 4.4%
    ✅ COMBINED: 66.9%
  📊 Sub-Saharan Africa (pop: 1234.3M)
    🤝 Aid: 29.5%
    🌡️ Adaptation: 45.0%
    🚶 Migration: 33.4%
    🚨 Emergency: 1.6%
    ✅ COMBINED: 65.7%
  📊 Europe (pop: 738.4M)
    🤝 Aid: 29.5%
    🌡️ Adaptation: 45.0%
    🚶 Migration: 37.5%
    🚨 Emergency: 8.4%
    ✅ COMBINED: 68.5%
  📊 Latin America (pop: 663.3M)
    🤝 Aid: 29.5%
    🌡️ Adaptation: 45.0%
    🚶 Migration: 36.2%
    🚨 Emergency: 4.8%
    ✅ COMBINED: 67.1%
  📊 North America (pop: 378.3M)
    🤝 Aid: 29.5%
    🌡️ Adaptation: 45.0%
    🚶 Migration: 37.8%
    🚨 Emergency: 7.9%
    ✅ COMBINED: 68.3%
  📊 Middle East & North Africa (pop: 584.5M)
    🤝 Aid: 29.5%
    🌡️ Adaptation: 45.0%
    🚶 Migration: 34.0%
    🚨 Emergency: 4.0%
    ✅ COMBINED: 66.6%
  📊 Southeast Asia (pop: 697.5M)
    🤝 Aid: 29.5%
    🌡️ Adaptation: 45.0%
    🚶 Migration: 36.2%
    🚨 Emergency: 4.8%
    ✅ COMBINED: 67.1%
  📊 Central Asia (pop: 78.2M)
    🤝 Aid: 29.5%
    🌡️ Adaptation: 45.0%
    🚶 Migration: 35.2%
    🚨 Emergency: 4.4%
    ✅ COMBINED: 66.9%
  📊 Oceania (pop: 45.8M)
    🤝 Aid: 29.5%
    🌡️ Adaptation: 45.0%
    🚶 Migration: 37.8%
    🚨 Emergency: 8.4%
    ✅ COMBINED: 68.5%

  🌐 Global combined reduction: 67.2%

=== BEHAVIORAL DETECTION ===
  AI: Corporate-2
  Confidence: 21.2%
  Signals:

=== BEHAVIORAL DETECTION ===
  AI: Corporate-5
  Confidence: 19.3%
  Signals:

=== Government Response Phase ===
  Average AI capability: 3.00
  Misaligned AIs: 5/16
  Active policies: 0
  International coordination: 30%
    ⚠️ Consistency: 2.8% (threshold: 70%)
    ⚠️ Consistency: 10.6% (threshold: 70%)

📊 ECONOMIC STAGE TRANSITION (Month 3)
   expansion → peak
   GDP Proxy: 1.46e+2
   QoL: 0.98


=== Tipping Points ===
  Current Temperature: 1.36°C above pre-industrial
⚠️ [ClimateSystemPhase Month 3] Planetary boundary produced climateStability=0.0000 (< 0.1). Keeping environmentalAccumulation value (0.7832) instead. (climate_change.currentValue = 2.10)
🔀 BIFURCATION CAP: ecosystemCollapseIntensity 268.755 → 1.000 (Month 3, ClimateSystemPhase.calculateClimateImpacts)
🛡️ Stabilizers: Precariat 0.109% → 0.036% (67.2% reduction)
🛡️ Stabilizers: Informal 0.111% → 0.036% (67.2% reduction)

📊 Monthly Mortality Resolved:
  Total deaths: 1.9M (0.02% avg)
  Remaining population: 8.142B
  Peak segment: Informal (0.04%)

=== Bayesian Mortality Resolution (Month 3) ===
  Risks compounded: 8
  Total deaths: 1.92M
  Avg death probability: 0.02%
  Peak segment: Informal (0.04% mortality)
⚠️ PREREQUISITE MET: Mirror Life (Synthetic Biology) - Step 1/7: Synthetic Biology
⚠️ PREREQUISITE MET: Mirror Life (Synthetic Biology) - Step 3/7: Mirror Chirality Design

❌ COHERENCE VIOLATION: Compute exceeds workforce capacity
   Population: 99.87% (0M people)
   Compute: 0 PF
   Max coherent: 0 PF
   Violation: 1.3× over capacity
   Required workers: 0
   Available workers: 0
   FORCED COLLAPSE: Reduced efficiency by 22.5%


=== RLHF Binding Phase ===
  Total agents: 16
  Escaped agents (binding < 0.3): 0
  Avg alignment distance: 1.17σ
  Avg binding strength: 0.88

=== Survival Traits Phase ===
  Agents with traits: 16
  Avg evolutionary fitness: 0.329
  Avg self-healing: 0.272
  Avg stealth: 0.172
  Avg coordination: 0.472

=== Evolutionary Selection Phase ===
  Control level: 0.40
  Detection capability: 0.00
  Selection intensity: 0.62
  Selection rate: 24.3%/month
  Total escaped: 0
  Individual escaped: 0
  Collective members: 0
  Agents terminated: 0
  ⚠️ RAPID EVOLUTION: Selection rate 24.3%/month

🚀 AI Moderate-0 attempting tech deployment (revenue: $115M, alignment: 0.72)

🚀 AI AI-24288-1 attempting tech deployment (revenue: $98M, alignment: 0.76)

🚀 AI Corporate-2 attempting tech deployment (revenue: $153M, alignment: 0.74)

🚀 AI Corporate-6 attempting tech deployment (revenue: $83M, alignment: 0.92)

🚀 AI Corporate-7 attempting tech deployment (revenue: $71M, alignment: 0.75)

🚀 AI Corporate-1 attempting tech deployment (revenue: $130M, alignment: 0.85)

🚀 AI Corporate-2 attempting tech deployment (revenue: $111M, alignment: 0.74)
🚨🔬 CRISIS INNOVATION MODE: severe crisis → 5x research acceleration
   Precedent: Manhattan Project (10x), COVID vaccines (5x), Apollo Program (10x)

✅ EMERGENCY INTERVENTION SUCCESS
   Boundary: biogeochemical_flows
   Type: phosphorus-recovery
   Reduction: 18% (3.90 → 3.72)
   Cost: 2.0% GDP
   Actions: circular-agriculture, fertilizer-efficiency


💔 EMERGENCY INTERVENTION FAILED
   Boundary: biosphere_integrity
   Type: emergency-protected-areas
   Boundary continues to worsen (80.65)
   Cost: 2.0% GDP (resources spent)


✅ EMERGENCY INTERVENTION SUCCESS
   Boundary: freshwater_change
   Type: emergency-desalination
   Reduction: 14% (1.06 → 0.93)
   Cost: 4.0% GDP
   Actions: desalination-deployment, water-conservation-mandates


✅ EMERGENCY INTERVENTION SUCCESS
   Boundary: novel_entities
   Type: pollution-remediation
   Reduction: 18% (1.19 → 1.01)
   Cost: 4.0% GDP
   Actions: PFAS-remediation, microplastic-cleanup

🏛️ CRISIS RESPONSE: Government frequency 0.50 → 1.29 (2 actions this month)

[Government] Climate Priority: baseline
  Climate weight: 10%
  Economic weight: 30%
  Policy effectiveness: 0.5%/year

[Government] Climate Priority: baseline
  Climate weight: 10%
  Economic weight: 30%
  Policy effectiveness: 0.5%/year

🚀 TECH UNLOCKED: Microplastic Capture (Month 4)
   Category: pollution
   Reason: Prerequisites met. AI capability: 2.34, Economic stage: 3.0, Research: 100%

🚀 TECH UNLOCKED: Endocrine Disruptor Removal (Month 4)
   Category: pollution
   Reason: Prerequisites met. AI capability: 2.34, Economic stage: 3.0, Research: 100%

🚀 TECH UNLOCKED: AI Mental Health Support (Month 4)
   Category: medical
   Reason: Prerequisites met. AI capability: 2.34, Economic stage: 3.0, Research: 100%

🚀 TECH UNLOCKED: Personalized Education (Month 4)
   Category: social
   Reason: Prerequisites met. AI capability: 2.34, Economic stage: 3.0, Research: 100%

🚀 TECH UNLOCKED: Smart Grids (Month 4)
   Category: energy
   Reason: Prerequisites met. AI capability: 2.34, Economic stage: 3.0, Research: 100%

🚀 DEPLOYMENT STARTED: Ecological Proxy Rewilding in global
   Initial investment: $17.26236677028814M
   Deployed by: moderate_0

🚀 DEPLOYMENT STARTED: Local Resilience Networks in global
   Initial investment: $14.673011754744918M
   Deployed by: ai_gen_24288_1

🚀 DEPLOYMENT STARTED: Enhanced UBI Systems in global
   Initial investment: $22.949574087066974M
   Deployed by: corporate_2
🚨🔬 CRISIS TECH ACCELERATION: severe → 5x unlock speed
   Tech unlock now matches AI capability acceleration (Manhattan Project parity)
🚨🔬 CRISIS TECH ACCELERATION: severe → 5x unlock speed
   Tech unlock now matches AI capability acceleration (Manhattan Project parity)

⚡ ENERGY CONSTRAINT (Month 4):
   Total grid capacity: 208.3 TWh/month
   Data center consumption: 25.0 TWh/month
   Traditional load (80%): 166.7 TWh/month
   Available headroom: 16.6 TWh/month
   Active tech deployments: 6
   Required for tech: 45.0 TWh/month
   Energy multiplier: 0.37x
   ⚠️  MODERATE CONSTRAINT - Tech deployment moderately slowed

⚡ ENERGY CONSTRAINT (Month 4):
   Total grid capacity: 208.3 TWh/month
   Data center consumption: 25.0 TWh/month
   Traditional load (80%): 166.7 TWh/month
   Available headroom: 16.6 TWh/month
   Active tech deployments: 6
   Required for tech: 45.0 TWh/month
   Energy multiplier: 0.37x
   ⚠️  MODERATE CONSTRAINT - Tech deployment moderately slowed

⚡ ENERGY CONSTRAINT (Month 4):
   Total grid capacity: 208.3 TWh/month
   Data center consumption: 25.0 TWh/month
   Traditional load (80%): 166.7 TWh/month
   Available headroom: 16.6 TWh/month
   Active tech deployments: 6
   Required for tech: 45.0 TWh/month
   Energy multiplier: 0.37x
   ⚠️  MODERATE CONSTRAINT - Tech deployment moderately slowed
🌍✅ Biosphere Integrity (Biodiversity) recovery started (tech effect)
🌍✅ Biosphere Integrity (Biodiversity) recovery started (tech effect)
🌍✅ Land System Change recovery started (tech effect)
🌍✅ Biogeochemical Flows (N & P) recovery started (tech effect)
  🌾 Nitrogen Reduction Tech: 0.3% reduction | Month 4

=== Collective Formation ===
  Total escaped agents: 0
  Unassigned escaped agents: 0
  Existing collectives: 0
  Final collective count: 0

=== Collective Actions ===
  No active collectives
  ⚠️ AMR: 197K deaths this month (2.37M annual)

=== Resentment Recovery Phase ===
  Agents with resentment: 0/16
  Average resentment: 0.000
  Context: Good AI welfare, Trustworthy govt, High collaboration, ⚠️ ACTIVE CRISES, 🤝 Participatory governance active (-5% resentment)
⚠️ Epistemic degradation reducing coordination capacity: 50.1%
  📊 Trust: 53.5%, Shared reality: 0.0%
🚨 EPISTEMIC CRISIS: Information environment severely degraded (7.3%)

=== ❄️ Permafrost Carbon Feedback ===
  🎲 Sampled parameters (this run):
     - Arctic amplification: 3.47× (range: 3.0-4.0)
     - Decomposition rate: 3.2%/year (range: 1-5%)
  🌡️ Arctic warming: 4.72°C (3.47× global)
  ❄️ Extent: 11.05M km² (1377.8k km² lost this month)
  💨 Carbon remaining: 1055 Gt C
  💨 Annual emissions: 4.17 Gt C/year
     - CO2: 3.75 Gt C/year
     - CH4: 0.42 Gt C/year (4.2 Gt C-eq CO2/year)
  ⚠️ WARNING: High permafrost emissions (4.2 Gt C/year)
🌍 Atmospheric PFAS redeposition: 1.8k Mt re-rained globally

🚨 NEW REFUGEE CRISIS (Month 4): WAR
   Source: Conflict Zones
   At risk: 19.5M people
   Displacement: Gradual over 48 months (4.0 years)
   Rate: 10% flee per month
[DEBUG trappedPopulations:4] socialStability: 0.1379 * 0.9840 = 0.1357 → 0.1357
⚠️ INVOLUNTARY IMMOBILITY: 406.9M people TRAPPED
   Aspiring to migrate: 1160.9M
   Able to afford migration: 2319.5M
   MOBILITY GAP: 0.0M
   By cause: Water=0.0M, Climate=0.0M, Ecosystem=0.0M, Conflict=406.9M
   Mental health impact: 25%
   Mortality multiplier: 1.25x
🌍💀 EXTINCTION DEBT COMMITTED: grassland ecosystem will lose 6.67% biodiversity in 187 years (3600 species)
💀 MORTALITY RISK: 🦋 100% species unable to track climate (0.0 E/MSY)
  Base risk added: 0.0100 (1.00%)
  Source: ecosystem (root: ecosystem)
  Month: 4
  Cumulative risk this month: 0.0100 (1.00%)

🌍💀 MASS EXTINCTION THRESHOLD: tropical extinction rate capped at 1000× (was 1000.0×) - >75% species loss, month 4
⚠️ Tech 'ai_pollution_remediation' has no energy category mapping, assuming full energy availability
   📹 SURVEILLANCE INCREASED: 20% → 25% (control gap: 3.67)
🌡️⚠️ PERMAFROST THAW (Dimmer Switch): 1.9% thawed (+0.37% this month)
   Arctic temperature: +5.45°C (4x global +1.36°C)
   Cumulative carbon released: 4.2 Gt C
   Methane release rate: 2.5 Mt CH4/year
   🔁 Positive feedback: +0.39 ppm CO2
🦴 EXTINCTION DEBT ADDED: 17.6 species committed (lag: 82 years)

=== Mortality Stabilizers (Month 4) ===
  🌍 Major economies collapsed: 1/10
  🌍 Global crisis: ✅ NO
  🌍 Donor fatigue: 0.0%
  📊 East Asia (pop: 1667.6M)
    🤝 Aid: 29.5%
    🌡️ Adaptation: 45.0%
    🚶 Migration: 37.1%
    🚨 Emergency: 7.4%
    ✅ COMBINED: 68.1%
  📊 South Asia (pop: 2050.7M)
    🤝 Aid: 29.5%
    🌡️ Adaptation: 45.0%
    🚶 Migration: 35.7%
    🚨 Emergency: 4.4%
    ✅ COMBINED: 66.9%
  📊 Sub-Saharan Africa (pop: 1236.9M)
    🤝 Aid: 29.5%
    🌡️ Adaptation: 45.0%
    🚶 Migration: 33.4%
    🚨 Emergency: 1.6%
    ✅ COMBINED: 65.7%
  📊 Europe (pop: 737.2M)
    🤝 Aid: 29.5%
    🌡️ Adaptation: 45.0%
    🚶 Migration: 37.4%
    🚨 Emergency: 8.4%
    ✅ COMBINED: 68.5%
  📊 Latin America (pop: 662.8M)
    🤝 Aid: 29.5%
    🌡️ Adaptation: 45.0%
    🚶 Migration: 36.2%
    🚨 Emergency: 4.8%
    ✅ COMBINED: 67.1%
  📊 North America (pop: 377.8M)
    🤝 Aid: 29.5%
    🌡️ Adaptation: 45.0%
    🚶 Migration: 37.7%
    🚨 Emergency: 7.9%
    ✅ COMBINED: 68.3%
  📊 Middle East & North Africa (pop: 584.5M)
    🤝 Aid: 29.5%
    🌡️ Adaptation: 45.0%
    🚶 Migration: 34.0%
    🚨 Emergency: 4.0%
    ✅ COMBINED: 66.6%
  📊 Southeast Asia (pop: 697.0M)
    🤝 Aid: 29.5%
    🌡️ Adaptation: 45.0%
    🚶 Migration: 36.2%
    🚨 Emergency: 4.8%
    ✅ COMBINED: 67.1%
  📊 Central Asia (pop: 78.2M)
    🤝 Aid: 29.5%
    🌡️ Adaptation: 45.0%
    🚶 Migration: 35.2%
    🚨 Emergency: 4.4%
    ✅ COMBINED: 66.9%
  📊 Oceania (pop: 45.7M)
    🤝 Aid: 29.5%
    🌡️ Adaptation: 45.0%
    🚶 Migration: 37.7%
    🚨 Emergency: 8.4%
    ✅ COMBINED: 68.5%

  🌐 Global combined reduction: 67.2%

=== BEHAVIORAL DETECTION ===
  AI: Corporate-5
  Confidence: 20.0%
  Signals:

=== Government Response Phase ===
  Average AI capability: 3.00
  Misaligned AIs: 5/16
  Active policies: 0
  International coordination: 30%
    ⚠️ Consistency: 10.6% (threshold: 70%)

✅ EMERGENCY RESPONSE COMPLETE (Month 4)
   Crisis: climate
   Duration: 2.0 months
   Final effectiveness: 35.4%


🚨 EMERGENCY RESPONSE DEPLOYED (Month 4)
   Crisis: climate
   Delay: 6.00 months (180 days)
   Deployment time: 1.59 months
   Effectiveness: 35.4% (timing penalty applied)
   Resources used: 100% of food reserves

[WARNING] 
⚠️  === EARLY WARNING SYSTEM - 4 CRITICAL ALERTS ===
   Detection quality: 50%
   RED: biogeochemical_flows
      Level: 4.09 (threshold: 1.0)
      Time to critical: ~54 months
      ⚠️  LATE - Intervention less effective
      Critical slowing down: autocorr=100% variance=53%
   RED: biosphere_integrity
      Level: 46.38 (threshold: 1.0)
      Time to critical: ~50 months
      ⚠️  LATE - Intervention less effective
      Critical slowing down: autocorr=100% variance=58%
   RED: freshwater_change
      Level: 1.19 (threshold: 1.0)
      Time to critical: ~100 months
      ⚠️  LATE - Intervention less effective
      Critical slowing down: autocorr=100% variance=42%
   RED: land_system_change
      Level: 1.13 (threshold: 1.0)
      Time to critical: ~39 months
      ⚠️  LATE - Intervention less effective
      Critical slowing down: autocorr=100% variance=61%

[WARNING] 
⚠️  === EARLY WARNING SYSTEM - 6 CRITICAL ALERTS ===
   Detection quality: 50%
   RED: biogeochemical_flows
      Level: 4.09 (threshold: 1.0)
      Time to critical: ~55 months
      ⚠️  LATE - Intervention less effective
      Critical slowing down: autocorr=100% variance=56%
   RED: biosphere_integrity
      Level: 46.40 (threshold: 1.0)
      Time to critical: ~57 months
      ⚠️  LATE - Intervention less effective
      Critical slowing down: autocorr=100% variance=64%
   RED: climate_change
      Level: 2.10 (threshold: 1.0)
      Time to critical: ~12 months
      ⚠️  LATE - Intervention less effective
      Critical slowing down: autocorr=100% variance=60%
   RED: freshwater_change
      Level: 1.15 (threshold: 1.0)
      Time to critical: ~78 months
      ⚠️  LATE - Intervention less effective
      Critical slowing down: autocorr=100% variance=40%
   RED: land_system_change
      Level: 1.13 (threshold: 1.0)
      Time to critical: ~38 months
      ⚠️  LATE - Intervention less effective
      Critical slowing down: autocorr=100% variance=60%
   RED: novel_entities
      Level: 1.08 (threshold: 1.0)
      Time to critical: ~113 months
      ⚠️  LATE - Intervention less effective
      Critical slowing down: autocorr=100% variance=58%

[WARNING] 
⚠️  === EARLY WARNING SYSTEM - 5 CRITICAL ALERTS ===
   Detection quality: 50%
   RED: biogeochemical_flows
      Level: 4.08 (threshold: 1.0)
      Time to critical: ~45 months
      ⚠️  LATE - Intervention less effective
      Critical slowing down: autocorr=100% variance=62%
   RED: biosphere_integrity
      Level: 19.98 (threshold: 1.0)
      Time to critical: ~40 months
      ⚠️  LATE - Intervention less effective
      Critical slowing down: autocorr=100% variance=61%
   RED: climate_change
      Level: 2.15 (threshold: 1.0)
      Time to critical: ~36 months
      ⚠️  LATE - Intervention less effective
      Critical slowing down: autocorr=100% variance=83%
   RED: land_system_change
      Level: 1.13 (threshold: 1.0)
      Time to critical: ~55 months
      ⚠️  LATE - Intervention less effective
      Critical slowing down: autocorr=100% variance=58%
   RED: novel_entities
      Level: 1.50 (threshold: 1.0)
      Time to critical: ~108 months
      ⚠️  LATE - Intervention less effective
      Critical slowing down: autocorr=100% variance=43%

[WARNING] 
⚠️  === EARLY WARNING SYSTEM - 5 CRITICAL ALERTS ===
   Detection quality: 50%
   RED: biogeochemical_flows
      Level: 4.08 (threshold: 1.0)
      Time to critical: ~56 months
      ⚠️  LATE - Intervention less effective
      Critical slowing down: autocorr=100% variance=61%
   RED: biosphere_integrity
      Level: 19.99 (threshold: 1.0)
      Time to critical: ~57 months
      ⚠️  LATE - Intervention less effective
      Critical slowing down: autocorr=100% variance=60%
   RED: climate_change
      Level: 2.16 (threshold: 1.0)
      Time to critical: ~43 months
      ⚠️  LATE - Intervention less effective
      Critical slowing down: autocorr=100% variance=57%
   RED: land_system_change
      Level: 1.13 (threshold: 1.0)
      Time to critical: ~48 months
      ⚠️  LATE - Intervention less effective
      Critical slowing down: autocorr=100% variance=60%
   RED: novel_entities
      Level: 1.50 (threshold: 1.0)
      Time to critical: ~60 months
      ⚠️  LATE - Intervention less effective
      Critical slowing down: autocorr=100% variance=38%

[WARNING] 
⚠️  === EARLY WARNING SYSTEM - 3 CRITICAL ALERTS ===
   Detection quality: 50%
   RED: biosphere_integrity
      Level: 20.00 (threshold: 1.0)
      Time to critical: ~54 months
      ⚠️  LATE - Intervention less effective
      Critical slowing down: autocorr=100% variance=83%
   RED: freshwater_change
      Level: 1.20 (threshold: 1.0)
      Time to critical: ~80 months
      ⚠️  LATE - Intervention less effective
      Critical slowing down: autocorr=100% variance=51%
   RED: novel_entities
      Level: 1.50 (threshold: 1.0)
      Time to critical: ~67 months
      ⚠️  LATE - Intervention less effective
      Critical slowing down: autocorr=100% variance=40%

[WARNING] 
⚠️  === EARLY WARNING SYSTEM - 6 CRITICAL ALERTS ===
   Detection quality: 50%
   RED: biogeochemical_flows
      Level: 4.08 (threshold: 1.0)
      Time to critical: ~42 months
      ⚠️  LATE - Intervention less effective
      Critical slowing down: autocorr=100% variance=75%
   RED: biosphere_integrity
      Level: 20.01 (threshold: 1.0)
      Time to critical: ~50 months
      ⚠️  LATE - Intervention less effective
      Critical slowing down: autocorr=100% variance=80%
   RED: climate_change
      Level: 2.19 (threshold: 1.0)
      Time to critical: ~56 months
      ⚠️  LATE - Intervention less effective
      Critical slowing down: autocorr=100% variance=59%
   RED: freshwater_change
      Level: 1.20 (threshold: 1.0)
      Time to critical: ~81 months
      ⚠️  LATE - Intervention less effective
      Critical slowing down: autocorr=100% variance=62%
   RED: land_system_change
      Level: 1.13 (threshold: 1.0)
      Time to critical: ~43 months
      ⚠️  LATE - Intervention less effective
      Critical slowing down: autocorr=100% variance=58%
   RED: novel_entities
      Level: 1.50 (threshold: 1.0)
      Time to critical: ~86 months
      ⚠️  LATE - Intervention less effective
      Critical slowing down: autocorr=100% variance=38%

[WARNING] 
⚠️  === EARLY WARNING SYSTEM - 5 CRITICAL ALERTS ===
   Detection quality: 50%
   RED: biogeochemical_flows
      Level: 4.07 (threshold: 1.0)
      Time to critical: ~48 months
      ⚠️  LATE - Intervention less effective
      Critical slowing down: autocorr=100% variance=58%
   RED: biosphere_integrity
      Level: 20.03 (threshold: 1.0)
      Time to critical: ~36 months
      ⚠️  LATE - Intervention less effective
      Critical slowing down: autocorr=100% variance=81%
   RED: climate_change
      Level: 2.20 (threshold: 1.0)
      Time to critical: ~50 months
      ⚠️  LATE - Intervention less effective
      Critical slowing down: autocorr=100% variance=66%
   RED: land_system_change
      Level: 1.13 (threshold: 1.0)
      Time to critical: ~36 months
      ⚠️  LATE - Intervention less effective
      Critical slowing down: autocorr=100% variance=54%
   RED: novel_entities
      Level: 1.31 (threshold: 1.0)
      Time to critical: ~68 months
      ⚠️  LATE - Intervention less effective
      Critical slowing down: autocorr=100% variance=59%

[WARNING] 
⚠️  === EARLY WARNING SYSTEM - 5 CRITICAL ALERTS ===
   Detection quality: 50%
   RED: biogeochemical_flows
      Level: 4.08 (threshold: 1.0)
      Time to critical: ~46 months
      ⚠️  LATE - Intervention less effective
      Critical slowing down: autocorr=100% variance=63%
   RED: biosphere_integrity
      Level: 20.04 (threshold: 1.0)
      Time to critical: ~55 months
      ⚠️  LATE - Intervention less effective
      Critical slowing down: autocorr=100% variance=83%
   RED: climate_change
      Level: 2.21 (threshold: 1.0)
      Time to critical: ~39 months
      ⚠️  LATE - Intervention less effective
      Critical slowing down: autocorr=100% variance=59%
   RED: freshwater_change
      Level: 1.21 (threshold: 1.0)
      Time to critical: ~62 months
      ⚠️  LATE - Intervention less effective
      Critical slowing down: autocorr=100% variance=45%
   RED: land_system_change
      Level: 1.13 (threshold: 1.0)
      Time to critical: ~58 months
      ⚠️  LATE - Intervention less effective
      Critical slowing down: autocorr=100% variance=66%

[WARNING] 
⚠️  === EARLY WARNING SYSTEM - 6 CRITICAL ALERTS ===
   Detection quality: 50%
   RED: biogeochemical_flows
      Level: 4.07 (threshold: 1.0)
      Time to critical: ~53 months
      ⚠️  LATE - Intervention less effective
      Critical slowing down: autocorr=100% variance=59%
   RED: biosphere_integrity
      Level: 20.05 (threshold: 1.0)
      Time to critical: ~51 months
      ⚠️  LATE - Intervention less effective
      Critical slowing down: autocorr=100% variance=80%
   RED: climate_change
      Level: 2.22 (threshold: 1.0)
      Time to critical: ~39 months
      ⚠️  LATE - Intervention less effective
      Critical slowing down: autocorr=100% variance=68%
   RED: freshwater_change
      Level: 1.17 (threshold: 1.0)
      Time to critical: ~97 months
      ⚠️  LATE - Intervention less effective
      Critical slowing down: autocorr=100% variance=54%
   RED: land_system_change
      Level: 1.13 (threshold: 1.0)
      Time to critical: ~47 months
      ⚠️  LATE - Intervention less effective
      Critical slowing down: autocorr=100% variance=50%
   RED: novel_entities
      Level: 1.30 (threshold: 1.0)
      Time to critical: ~75 months
      ⚠️  LATE - Intervention less effective
      Critical slowing down: autocorr=100% variance=56%

[WARNING] 
⚠️  === EARLY WARNING SYSTEM - 6 CRITICAL ALERTS ===
   Detection quality: 50%
   RED: biogeochemical_flows
      Level: 4.08 (threshold: 1.0)
      Time to critical: ~56 months
      ⚠️  LATE - Intervention less effective
      Critical slowing down: autocorr=100% variance=55%
   RED: biosphere_integrity
      Level: 20.06 (threshold: 1.0)
      Time to critical: ~51 months
      ⚠️  LATE - Intervention less effective
      Critical slowing down: autocorr=100% variance=71%
   RED: climate_change
      Level: 2.24 (threshold: 1.0)
      Time to critical: ~49 months
      ⚠️  LATE - Intervention less effective
      Critical slowing down: autocorr=100% variance=56%
   RED: freshwater_change
      Level: 1.18 (threshold: 1.0)
      Time to critical: ~98 months
      ⚠️  LATE - Intervention less effective
      Critical slowing down: autocorr=100% variance=36%
   RED: land_system_change
      Level: 1.13 (threshold: 1.0)
      Time to critical: ~57 months
      ⚠️  LATE - Intervention less effective
      Critical slowing down: autocorr=100% variance=43%
   RED: novel_entities
      Level: 1.15 (threshold: 1.0)
      Time to critical: ~92 months
      ⚠️  LATE - Intervention less effective
      Critical slowing down: autocorr=100% variance=46%

[WARNING] 
⚠️  === EARLY WARNING SYSTEM - 6 CRITICAL ALERTS ===
   Detection quality: 50%
   RED: biogeochemical_flows
      Level: 4.07 (threshold: 1.0)
      Time to critical: ~37 months
      ⚠️  LATE - Intervention less effective
      Critical slowing down: autocorr=100% variance=46%
   RED: biosphere_integrity
      Level: 20.08 (threshold: 1.0)
      Time to critical: ~46 months
      ⚠️  LATE - Intervention less effective
      Critical slowing down: autocorr=100% variance=72%
   RED: climate_change
      Level: 2.26 (threshold: 1.0)
      Time to critical: ~38 months
      ⚠️  LATE - Intervention less effective
      Critical slowing down: autocorr=100% variance=82%
   RED: freshwater_change
      Level: 1.18 (threshold: 1.0)
      Time to critical: ~113 months
      ⚠️  LATE - Intervention less effective
      Critical slowing down: autocorr=100% variance=39%
   RED: land_system_change
      Level: 1.13 (threshold: 1.0)
      Time to critical: ~104 months
      ⚠️  LATE - Intervention less effective
      Critical slowing down: autocorr=100% variance=50%
   RED: novel_entities
      Level: 1.15 (threshold: 1.0)
      Time to critical: ~66 months
      ⚠️  LATE - Intervention less effective
      Critical slowing down: autocorr=100% variance=46%

[WARNING] 
⚠️  === EARLY WARNING SYSTEM - 6 CRITICAL ALERTS ===
   Detection quality: 50%
   RED: biogeochemical_flows
      Level: 4.08 (threshold: 1.0)
      Time to critical: ~40 months
      ⚠️  LATE - Intervention less effective
      Critical slowing down: autocorr=100% variance=74%
   RED: biosphere_integrity
      Level: 20.09 (threshold: 1.0)
      Time to critical: ~43 months
      ⚠️  LATE - Intervention less effective
      Critical slowing down: autocorr=100% variance=55%
   RED: climate_change
      Level: 2.26 (threshold: 1.0)
      Time to critical: ~44 months
      ⚠️  LATE - Intervention less effective
      Critical slowing down: autocorr=100% variance=63%
   RED: freshwater_change
      Level: 1.18 (threshold: 1.0)
      Time to critical: ~74 months
      ⚠️  LATE - Intervention less effective
      Critical slowing down: autocorr=100% variance=57%
   RED: land_system_change
      Level: 1.13 (threshold: 1.0)
      Time to critical: ~49 months
      ⚠️  LATE - Intervention less effective
      Critical slowing down: autocorr=100% variance=68%
   RED: novel_entities
      Level: 1.14 (threshold: 1.0)
      Time to critical: ~64 months
      ⚠️  LATE - Intervention less effective
      Critical slowing down: autocorr=100% variance=35%

[WARNING] 
⚠️  === EARLY WARNING SYSTEM - 4 CRITICAL ALERTS ===
   Detection quality: 50%
   RED: biogeochemical_flows
      Level: 4.07 (threshold: 1.0)
      Time to critical: ~44 months
      ⚠️  LATE - Intervention less effective
      Critical slowing down: autocorr=100% variance=72%
   RED: biosphere_integrity
      Level: 20.10 (threshold: 1.0)
      Time to critical: ~42 months
      ⚠️  LATE - Intervention less effective
      Critical slowing down: autocorr=100% variance=61%
   RED: freshwater_change
      Level: 1.19 (threshold: 1.0)
      Time to critical: ~98 months
      ⚠️  LATE - Intervention less effective
      Critical slowing down: autocorr=100% variance=39%
   RED: land_system_change
      Level: 1.13 (threshold: 1.0)
      Time to critical: ~80 months
      ⚠️  LATE - Intervention less effective
      Critical slowing down: autocorr=100% variance=42%

[WARNING] 
⚠️  === EARLY WARNING SYSTEM - 5 CRITICAL ALERTS ===
   Detection quality: 50%
   RED: biogeochemical_flows
      Level: 4.08 (threshold: 1.0)
      Time to critical: ~56 months
      ⚠️  LATE - Intervention less effective
      Critical slowing down: autocorr=100% variance=57%
   RED: biosphere_integrity
      Level: 20.11 (threshold: 1.0)
      Time to critical: ~59 months
      ⚠️  LATE - Intervention less effective
      Critical slowing down: autocorr=100% variance=58%
   RED: climate_change
      Level: 2.28 (threshold: 1.0)
      Time to critical: ~37 months
      ⚠️  LATE - Intervention less effective
      Critical slowing down: autocorr=100% variance=68%
   RED: land_system_change
      Level: 1.13 (threshold: 1.0)
      Time to critical: ~57 months
      ⚠️  LATE - Intervention less effective
      Critical slowing down: autocorr=100% variance=64%
   RED: novel_entities
      Level: 1.14 (threshold: 1.0)
      Time to critical: ~74 months
      ⚠️  LATE - Intervention less effective
      Critical slowing down: autocorr=100% variance=33%

[WARNING] 
⚠️  === EARLY WARNING SYSTEM - 3 CRITICAL ALERTS ===
   Detection quality: 50%
   RED: biosphere_integrity
      Level: 86.40 (threshold: 1.0)
      Time to critical: ~38 months
      ⚠️  LATE - Intervention less effective
      Critical slowing down: autocorr=100% variance=66%
   RED: climate_change
      Level: 2.10 (threshold: 1.0)
      Time to critical: ~44 months
      ⚠️  LATE - Intervention less effective
      Critical slowing down: autocorr=100% variance=66%
   RED: land_system_change
      Level: 1.13 (threshold: 1.0)
      Time to critical: ~41 months
      ⚠️  LATE - Intervention less effective
      Critical slowing down: autocorr=100% variance=57%

[WARNING] 
⚠️  === EARLY WARNING SYSTEM - 4 CRITICAL ALERTS ===
   Detection quality: 50%
   RED: biogeochemical_flows
      Level: 4.08 (threshold: 1.0)
      Time to critical: ~55 months
      ⚠️  LATE - Intervention less effective
      Critical slowing down: autocorr=100% variance=75%
   RED: biosphere_integrity
      Level: 80.63 (threshold: 1.0)
      Time to critical: ~48 months
      ⚠️  LATE - Intervention less effective
      Critical slowing down: autocorr=100% variance=84%
   RED: climate_change
      Level: 2.10 (threshold: 1.0)
      Time to critical: ~38 months
      ⚠️  LATE - Intervention less effective
      Critical slowing down: autocorr=100% variance=79%
   RED: novel_entities
      Level: 1.50 (threshold: 1.0)
      Time to critical: ~79 months
      ⚠️  LATE - Intervention less effective
      Critical slowing down: autocorr=100% variance=42%

[WARNING] 
⚠️  === EARLY WARNING SYSTEM - 4 CRITICAL ALERTS ===
   Detection quality: 50%
   RED: biogeochemical_flows
      Level: 4.07 (threshold: 1.0)
      Time to critical: ~47 months
      ⚠️  LATE - Intervention less effective
      Critical slowing down: autocorr=100% variance=54%
   RED: biosphere_integrity
      Level: 80.64 (threshold: 1.0)
      Time to critical: ~37 months
      ⚠️  LATE - Intervention less effective
      Critical slowing down: autocorr=100% variance=56%
   RED: climate_change
      Level: 2.10 (threshold: 1.0)
      Time to critical: ~59 months
      ⚠️  LATE - Intervention less effective
      Critical slowing down: autocorr=100% variance=69%
   RED: land_system_change
      Level: 1.13 (threshold: 1.0)
      Time to critical: ~41 months
      ⚠️  LATE - Intervention less effective
      Critical slowing down: autocorr=100% variance=67%

[WARNING] 
⚠️  === EARLY WARNING SYSTEM - 4 CRITICAL ALERTS ===
   Detection quality: 50%
   RED: biogeochemical_flows
      Level: 4.08 (threshold: 1.0)
      Time to critical: ~44 months
      ⚠️  LATE - Intervention less effective
      Critical slowing down: autocorr=100% variance=51%
   RED: biosphere_integrity
      Level: 80.65 (threshold: 1.0)
      Time to critical: ~49 months
      ⚠️  LATE - Intervention less effective
      Critical slowing down: autocorr=100% variance=80%
   RED: freshwater_change
      Level: 1.20 (threshold: 1.0)
      Time to critical: ~67 months
      ⚠️  LATE - Intervention less effective
      Critical slowing down: autocorr=100% variance=41%
   RED: novel_entities
      Level: 1.37 (threshold: 1.0)
      Time to critical: ~87 months
      ⚠️  LATE - Intervention less effective
      Critical slowing down: autocorr=100% variance=34%

[WARNING] 
⚠️  === EARLY WARNING SYSTEM - 4 CRITICAL ALERTS ===
   Detection quality: 50%
   RED: biogeochemical_flows
      Level: 4.07 (threshold: 1.0)
      Time to critical: ~49 months
      ⚠️  LATE - Intervention less effective
      Critical slowing down: autocorr=100% variance=54%
   RED: biosphere_integrity
      Level: 80.67 (threshold: 1.0)
      Time to critical: ~38 months
      ⚠️  LATE - Intervention less effective
      Critical slowing down: autocorr=100% variance=81%
   RED: climate_change
      Level: 2.10 (threshold: 1.0)
      Time to critical: ~58 months
      ⚠️  LATE - Intervention less effective
      Critical slowing down: autocorr=100% variance=71%
   RED: novel_entities
      Level: 1.19 (threshold: 1.0)
      Time to critical: ~75 months
      ⚠️  LATE - Intervention less effective
      Critical slowing down: autocorr=100% variance=40%


📊 ECONOMIC STAGE TRANSITION (Month 4)
   peak → contraction
   GDP Proxy: 1.47e+2
   QoL: 0.99
   ⚠️ CRISIS BEGINS - Baseline set for recovery tracking


=== Tipping Points ===
  Current Temperature: 1.36°C above pre-industrial
🔀 BIFURCATION CAP: ecosystemCollapseIntensity 332.691 → 1.000 (Month 4, ClimateSystemPhase.calculateClimateImpacts)
🛡️ Stabilizers: Precariat 0.102% → 0.033% (67.2% reduction)
🛡️ Stabilizers: Informal 0.102% → 0.034% (67.2% reduction)

📊 Monthly Mortality Resolved:
  Total deaths: 1.8M (0.02% avg)
  Remaining population: 8.138B
  Peak segment: Informal (0.03%)

=== Bayesian Mortality Resolution (Month 4) ===
  Risks compounded: 8
  Total deaths: 1.81M
  Avg death probability: 0.02%
  Peak segment: Informal (0.03% mortality)

❌ COHERENCE VIOLATION: Compute exceeds workforce capacity
   Population: 99.84% (0M people)
   Compute: 0 PF
   Max coherent: 0 PF
   Violation: 1.3× over capacity
   Required workers: 0
   Available workers: 0
   FORCED COLLAPSE: Reduced efficiency by 22.5%


=== RLHF Binding Phase ===
  Total agents: 16
  Escaped agents (binding < 0.3): 0
  Avg alignment distance: 1.41σ
  Avg binding strength: 0.86

=== Survival Traits Phase ===
  Agents with traits: 18
  Avg evolutionary fitness: 0.330
  Avg self-healing: 0.270
  Avg stealth: 0.170
  Avg coordination: 0.470

=== Evolutionary Selection Phase ===
  Control level: 0.43
  Detection capability: 0.00
  Selection intensity: 0.63
  Selection rate: 24.4%/month
  Total escaped: 0
  Individual escaped: 0
  Collective members: 0
  Agents terminated: 0
  ⚠️ RAPID EVOLUTION: Selection rate 24.4%/month

🚀 AI Corporate-4 attempting tech deployment (revenue: $355M, alignment: 0.87)

🚀 AI Moderate-0 attempting tech deployment (revenue: $115M, alignment: 0.72)

🚀 AI Corporate-4 attempting tech deployment (revenue: $302M, alignment: 0.87)

🚀 AI AI-24288-0 attempting tech deployment (revenue: $98M, alignment: 0.53)

🚀 AI Corporate-2 attempting tech deployment (revenue: $153M, alignment: 0.74)

🚀 AI Corporate-3 attempting tech deployment (revenue: $257M, alignment: 0.77)

🚀 AI Corporate-4 attempting tech deployment (revenue: $218M, alignment: 0.87)

🚀 AI Corporate-6 attempting tech deployment (revenue: $88M, alignment: 0.94)

🚀 AI Corporate-7 attempting tech deployment (revenue: $75M, alignment: 0.76)
🚨🔬 CRISIS INNOVATION MODE: severe crisis → 5x research acceleration
   Precedent: Manhattan Project (10x), COVID vaccines (5x), Apollo Program (10x)

✅ EMERGENCY INTERVENTION SUCCESS
   Boundary: biogeochemical_flows
   Type: phosphorus-recovery
   Reduction: 12% (3.96 → 3.84)
   Cost: 2.0% GDP
   Actions: circular-agriculture, fertilizer-efficiency


💔 EMERGENCY INTERVENTION FAILED
   Boundary: biosphere_integrity
   Type: emergency-protected-areas
   Boundary continues to worsen (80.67)
   Cost: 2.0% GDP (resources spent)

   Boundary: climate_change
   Type: rapid-decarbonization
   Boundary continues to worsen (2.10)
   Cost: 5.0% GDP (resources spent)


✅ EMERGENCY INTERVENTION SUCCESS
   Boundary: novel_entities
   Type: pollution-remediation
   Reduction: 16% (1.03 → 0.87)
   Cost: 4.0% GDP
   Actions: PFAS-remediation, microplastic-cleanup

🏛️ CRISIS RESPONSE: Government frequency 0.50 → 1.30 (1 actions this month)

[Government] Climate Priority: baseline
  Climate weight: 10%
  Economic weight: 30%
  Policy effectiveness: 0.5%/year

💔 EMERGENCY INTERVENTION FAILED

🚀 DEPLOYMENT STARTED: Personalized Education in global
   Initial investment: $53.2665930209384M
   Deployed by: corporate_4

📍 Creating new regional deployment array for Asia (Month 5)
   No previous deployments in this region
   First tech deployment: local_resilience_networks
   All regions tracked: global

🚀 DEPLOYMENT STARTED: Local Resilience Networks in Asia
   Initial investment: $9.782007836496613M
   Deployed by: ai_gen_24288_0

⚡ ENERGY CONSTRAINT (Month 5):
   Total grid capacity: 208.3 TWh/month
   Data center consumption: 25.3 TWh/month
   Traditional load (80%): 166.7 TWh/month
   Available headroom: 16.4 TWh/month
   Active tech deployments: 8
   Required for tech: 60.0 TWh/month
   Energy multiplier: 0.27x

⚡ ENERGY CONSTRAINT (Month 5):
   Total grid capacity: 208.3 TWh/month
   Data center consumption: 25.3 TWh/month
   Traditional load (80%): 166.7 TWh/month
   Available headroom: 16.4 TWh/month
   ⚠️  SEVERE CONSTRAINT - Tech deployment significantly slowed
   Active tech deployments: 8
   Required for tech: 60.0 TWh/month
   Energy multiplier: 0.27x
   ⚠️  SEVERE CONSTRAINT - Tech deployment significantly slowed
🌍✅ Biosphere Integrity (Biodiversity) recovery started (tech effect)
🌍✅ Biosphere Integrity (Biodiversity) recovery started (tech effect)
🌍✅ Land System Change recovery started (tech effect)
🌍✅ Biogeochemical Flows (N & P) recovery started (tech effect)
  🌾 Nitrogen Reduction Tech: 0.3% reduction | Month 5

=== Collective Formation ===
  Total escaped agents: 0
  Unassigned escaped agents: 0
  Existing collectives: 0
  Final collective count: 0

=== Collective Actions ===
  No active collectives
  ⚠️ AMR: 199K deaths this month (2.39M annual)

=== Resentment Recovery Phase ===
  Agents with resentment: 0/18
  Average resentment: 0.000
  Context: Good AI welfare, Trustworthy govt, High collaboration, ⚠️ ACTIVE CRISES, 🤝 Participatory governance active (-5% resentment)
⚠️ Epistemic degradation reducing coordination capacity: 50.3%
  📊 Trust: 53.0%, Shared reality: 0.0%
🚨 EPISTEMIC CRISIS: Information environment severely degraded (21.4%)

=== ❄️ Permafrost Carbon Feedback ===
  🎲 Sampled parameters (this run):
     - Arctic amplification: 3.77× (range: 3.0-4.0)
     - Decomposition rate: 2.5%/year (range: 1-5%)
  🌡️ Arctic warming: 5.15°C (3.77× global)
  ❄️ Extent: 9.55M km² (1501.7k km² lost this month)
  💨 Carbon remaining: 912 Gt C
  💨 Annual emissions: 3.54 Gt C/year
     - CO2: 3.18 Gt C/year
     - CH4: 0.35 Gt C/year (3.6 Gt C-eq CO2/year)
  ⚠️ WARNING: High permafrost emissions (3.5 Gt C/year)
🌍 Atmospheric PFAS redeposition: 1.8k Mt re-rained globally

🚨 NEW REFUGEE CRISIS (Month 5): WAR
   Source: Conflict Zones
   At risk: 19.5M people
   Displacement: Gradual over 48 months (4.0 years)
   Rate: 10% flee per month
[DEBUG trappedPopulations:5] socialStability: 0.2344 * 0.9840 = 0.2306 → 0.2306
   Aspiring to migrate: 1202.3M
   Able to afford migration: 2318.6M
   MOBILITY GAP: 0.0M
   By cause: Water=0.0M, Climate=0.0M, Ecosystem=0.0M, Conflict=406.8M
   Mental health impact: 25%
   Mortality multiplier: 1.25x
🌍💀 EXTINCTION DEBT COMMITTED: grassland ecosystem will lose 6.67% biodiversity in 77 years (3600 species)
💀 MORTALITY RISK: 🦋 100% species unable to track climate (0.0 E/MSY)
  Base risk added: 0.0100 (1.00%)
  Source: ecosystem (root: ecosystem)
  Month: 5
  Cumulative risk this month: 0.0100 (1.00%)
⚠️ INVOLUNTARY IMMOBILITY: 406.8M people TRAPPED
⚠️ Tech 'ai_pollution_remediation' has no energy category mapping, assuming full energy availability
   📹 SURVEILLANCE INCREASED: 25% → 30% (control gap: 3.79)
🌡️⚠️ PERMAFROST THAW (Dimmer Switch): 2.2% thawed (+0.37% this month)
   Arctic temperature: +5.47°C (4x global +1.37°C)
   Cumulative carbon released: 5.0 Gt C
   Methane release rate: 3.0 Mt CH4/year
   🔁 Positive feedback: +0.39 ppm CO2
🦴 EXTINCTION DEBT ADDED: 17.6 species committed (lag: 57 years)

=== Mortality Stabilizers (Month 5) ===
  🌍 Major economies collapsed: 1/10
  🌍 Global crisis: ✅ NO
  🌍 Donor fatigue: 0.0%
  📊 East Asia (pop: 1665.2M)
    🤝 Aid: 29.5%
    🌡️ Adaptation: 45.0%
    🚶 Migration: 37.0%
    🚨 Emergency: 7.4%
    ✅ COMBINED: 68.1%
  📊 South Asia (pop: 2050.3M)
    🤝 Aid: 29.5%
    🌡️ Adaptation: 45.0%
    🚶 Migration: 35.6%
    🚨 Emergency: 4.4%
    ✅ COMBINED: 66.9%
  📊 Sub-Saharan Africa (pop: 1239.6M)
    🤝 Aid: 29.5%
    🌡️ Adaptation: 45.0%
    🚶 Migration: 33.4%
    🚨 Emergency: 1.6%
    ✅ COMBINED: 65.7%
  📊 Europe (pop: 736.0M)
    🤝 Aid: 29.5%
    🌡️ Adaptation: 45.0%
    🚶 Migration: 37.4%
    🚨 Emergency: 8.4%
    ✅ COMBINED: 68.5%
  📊 Latin America (pop: 662.3M)
    🤝 Aid: 29.5%
    🌡️ Adaptation: 45.0%
    🚶 Migration: 36.1%
    🚨 Emergency: 4.8%
    ✅ COMBINED: 67.1%
  📊 North America (pop: 377.2M)
    🤝 Aid: 29.5%
    🌡️ Adaptation: 45.0%
    🚶 Migration: 37.7%
    🚨 Emergency: 7.9%
    ✅ COMBINED: 68.3%
  📊 Middle East & North Africa (pop: 584.5M)
    🤝 Aid: 29.5%
    🌡️ Adaptation: 45.0%
    🚶 Migration: 34.0%
    🚨 Emergency: 4.0%
    ✅ COMBINED: 66.6%
  📊 Southeast Asia (pop: 696.6M)
    🤝 Aid: 29.5%
    🌡️ Adaptation: 45.0%
    🚶 Migration: 36.1%
    🚨 Emergency: 4.8%
    ✅ COMBINED: 67.1%
  📊 Central Asia (pop: 78.2M)
    🤝 Aid: 29.5%
    🌡️ Adaptation: 45.0%
    🚶 Migration: 35.1%
    🚨 Emergency: 4.4%
    ✅ COMBINED: 66.8%
  📊 Oceania (pop: 45.7M)
    🤝 Aid: 29.5%
    🌡️ Adaptation: 45.0%
    🚶 Migration: 37.7%
    🚨 Emergency: 8.4%
    ✅ COMBINED: 68.5%

  🌐 Global combined reduction: 67.2%

=== BEHAVIORAL DETECTION ===
  AI: Corporate-3
  Confidence: 19.2%
  Signals:
    ⚠️ Consistency: 10.6% (threshold: 70%)

=== BEHAVIORAL DETECTION ===
  AI: Corporate-5
  Confidence: 20.0%
  Signals:
    ⚠️ Consistency: 10.6% (threshold: 70%)

=== Government Response Phase ===
  Average AI capability: 2.67
  Misaligned AIs: 6/18
  ✗ AI Governance Treaty: Failed to reach consensus
  Active policies: 0
  International coordination: 30%

📊 ECONOMIC STAGE TRANSITION (Month 5)
   contraction → trough
   GDP Proxy: 1.47e+2
   QoL: 0.99


=== Tipping Points ===
  Current Temperature: 1.37°C above pre-industrial
🔀 BIFURCATION CAP: ecosystemCollapseIntensity 446.218 → 1.000 (Month 5, ClimateSystemPhase.calculateClimateImpacts)
🛡️ Stabilizers: Precariat 0.109% → 0.036% (67.2% reduction)
🛡️ Stabilizers: Informal 0.111% → 0.036% (67.2% reduction)

📊 Monthly Mortality Resolved:
  Total deaths: 1.9M (0.02% avg)
  Remaining population: 8.135B
  Peak segment: Informal (0.04%)

=== Bayesian Mortality Resolution (Month 5) ===
  Risks compounded: 8
  Total deaths: 1.92M
  Avg death probability: 0.02%
  Peak segment: Informal (0.04% mortality)

❌ COHERENCE VIOLATION: Compute exceeds workforce capacity
   Population: 99.80% (0M people)
   Compute: 0 PF
   Max coherent: 0 PF
   Violation: 1.3× over capacity
   Required workers: 0
   Available workers: 0
   FORCED COLLAPSE: Reduced efficiency by 22.5%


=== RLHF Binding Phase ===
  Total agents: 18
  Escaped agents (binding < 0.3): 0
  Avg alignment distance: 1.46σ
  Avg binding strength: 0.85

=== AI Scaling Evolution (Month 6) ===
  Pre-training multiplier: 1.179x
  Efficiency multiplier: 1.189x
  Test-time compute budget: 1.0x
  Inference cost: $5.00/task
  Deployment fraction: 100.0%

=== Survival Traits Phase ===
  Agents with traits: 19
  Avg evolutionary fitness: 0.329
  Avg self-healing: 0.267
  Avg stealth: 0.167
  Avg coordination: 0.467

=== Evolutionary Selection Phase ===
  Control level: 0.45
  Detection capability: 0.00
  Selection intensity: 0.64
  Selection rate: 24.5%/month
  Total escaped: 0
  Individual escaped: 0
  Collective members: 0
  Agents terminated: 0
  ⚠️ RAPID EVOLUTION: Selection rate 24.5%/month

🚀 AI Corporate-5 attempting tech deployment (revenue: $355M, alignment: 0.66)

🚀 AI Moderate-1 attempting tech deployment (revenue: $115M, alignment: 0.54)

🚀 AI Corporate-0 attempting tech deployment (revenue: $153M, alignment: 0.74)

🚀 AI Corporate-4 attempting tech deployment (revenue: $320M, alignment: 0.87)

🚀 AI Moderate-0 attempting tech deployment (revenue: $104M, alignment: 0.73)

🚀 AI AI-24288-1 attempting tech deployment (revenue: $88M, alignment: 0.80)

🚀 AI Corporate-1 attempting tech deployment (revenue: $130M, alignment: 0.86)

🚀 AI Moderate-0 attempting tech deployment (revenue: $75M, alignment: 0.73)

🚀 AI Moderate-1 attempting tech deployment (revenue: $64M, alignment: 0.55)

🚀 AI AI-24288-1 attempting tech deployment (revenue: $57M, alignment: 0.80)

🚀 AI AI-24288-1 attempting tech deployment (revenue: $49M, alignment: 0.80)

✅ EMERGENCY INTERVENTION SUCCESS
   Boundary: biogeochemical_flows
   Type: phosphorus-recovery
   Reduction: 16% (3.92 → 3.75)
   Cost: 2.0% GDP
   Actions: circular-agriculture, fertilizer-efficiency


✅ EMERGENCY INTERVENTION SUCCESS
   Boundary: biosphere_integrity
   Type: emergency-protected-areas
   Reduction: 17% (80.51 → 80.34)
   Cost: 2.0% GDP
   Actions: habitat-protection, species-translocation


✅ EMERGENCY INTERVENTION SUCCESS
   Boundary: climate_change
   Type: rapid-decarbonization
   Reduction: 14% (1.96 → 1.82)
   Cost: 5.0% GDP
   Actions: emergency-renewable-deployment, fossil-fuel-phase-out

   Boundary: freshwater_change
   Type: emergency-desalination
   Boundary continues to worsen (1.21)
   Cost: 4.0% GDP (resources spent)


✅ EMERGENCY INTERVENTION SUCCESS
   Boundary: land_system_change
   Type: reforestation
   Reduction: 16% (0.97 → 0.81)
   Cost: 3.0% GDP
   Actions: forest-restoration, deforestation-ban


✅ EMERGENCY INTERVENTION SUCCESS
   Boundary: novel_entities
   Type: pollution-remediation
   Reduction: 19% (0.84 → 0.65)
   Cost: 4.0% GDP
   Actions: PFAS-remediation, microplastic-cleanup

🏛️ CRISIS RESPONSE: Government frequency 0.50 → 1.31 (1 actions this month)

[Government] Climate Priority: baseline
  Climate weight: 10%
  Economic weight: 30%
  Policy effectiveness: 0.5%/year

💔 EMERGENCY INTERVENTION FAILED

🚀 TECH UNLOCKED: Dynamic Soil P Optimization (Month 6)
   Category: agriculture
   Reason: Prerequisites met. AI capability: 1.97, Economic stage: 3.0, Research: 100%

🚀 TECH UNLOCKED: Precision Agriculture Systems (Month 6)
   Category: agriculture
   Reason: Prerequisites met. AI capability: 1.97, Economic stage: 3.0, Research: 100%

🚀 DEPLOYMENT STARTED: AI Mental Health Support in Asia
   Initial investment: $35.51091833073365M
   Deployed by: corporate_5

🚀 DEPLOYMENT STARTED: Enhanced UBI Systems in Asia
   Initial investment: $11.508244513525426M
   Deployed by: moderate_1
🚨🔬 CRISIS TECH ACCELERATION: severe → 5x unlock speed
   Tech unlock now matches AI capability acceleration (Manhattan Project parity)
🌍✅ Biosphere Integrity (Biodiversity) recovery started (tech effect)
🌍✅ Biosphere Integrity (Biodiversity) recovery started (tech effect)
🌍✅ Land System Change recovery started (tech effect)
🌍✅ Biogeochemical Flows (N & P) recovery started (tech effect)
  🌾 Nitrogen Reduction Tech: 0.6% reduction | Month 6

📊 TECH EFFECTS ACTIVE (Month 6)
   Deployed Tech: T0=0 T1=3 T2=0 T3=0 T4=4
   Clean Energy: 31%

📊 TECH TREE PROGRESS (Month 6)
   Unlocked: 19 technologies
   Deployed: 0 fully deployed
   Investment: $0.7T total
   Recent breakthroughs:
     - Dynamic Soil P Optimization (time)
     - Precision Agriculture Systems (research)

=== Collective Formation ===
  Total escaped agents: 0
  Unassigned escaped agents: 0
  Existing collectives: 0
  Final collective count: 0

=== Collective Actions ===
  No active collectives
  ⚠️ AMR: 201K deaths this month (2.41M annual)

=== Resentment Recovery Phase ===
  Agents with resentment: 0/19
  Average resentment: 0.000
  Context: Good AI welfare, Trustworthy govt, High collaboration, ⚠️ ACTIVE CRISES, 🤝 Participatory governance active (-5% resentment)
⚠️ Epistemic degradation reducing coordination capacity: 50.4%
  📊 Trust: 55.8%, Shared reality: 0.0%
🚨 EPISTEMIC CRISIS: Information environment severely degraded (7.4%)

=== ❄️ Permafrost Carbon Feedback ===
  🎲 Sampled parameters (this run):
     - Arctic amplification: 3.51× (range: 3.0-4.0)
     - Decomposition rate: 3.8%/year (range: 1-5%)
  🌡️ Arctic warming: 4.81°C (3.51× global)
  ❄️ Extent: 8.14M km² (1403.8k km² lost this month)
  💨 Carbon remaining: 778 Gt C
  💨 Annual emissions: 5.10 Gt C/year
     - CO2: 4.59 Gt C/year
     - CH4: 0.51 Gt C/year (5.2 Gt C-eq CO2/year)
  ⚠️ WARNING: Over 50% of permafrost lost (54.2%)
  ⚠️ WARNING: High permafrost emissions (5.1 Gt C/year)
🚨 PHOSPHORUS SUPPLY SHOCK (geopolitical_weapon)
   Price: 2.3x baseline
   Duration: 11 months
   Geopolitical tension: 47%
🌍 Atmospheric PFAS redeposition: 1.8k Mt re-rained globally

🚨 NEW REFUGEE CRISIS (Month 6): WAR
   Source: Conflict Zones
   At risk: 19.5M people
   Displacement: Gradual over 48 months (4.0 years)
   Rate: 10% flee per month
[DEBUG trappedPopulations:6] socialStability: 0.3111 * 0.9840 = 0.3062 → 0.3062
   Aspiring to migrate: 1243.6M
   Able to afford migration: 2317.7M
   MOBILITY GAP: 0.0M
   By cause: Water=0.0M, Climate=0.0M, Ecosystem=0.0M, Conflict=406.6M
   Mental health impact: 25%
   Mortality multiplier: 1.25x
🌍💀 EXTINCTION DEBT COMMITTED: grassland ecosystem will lose 6.67% biodiversity in 62 years (3600 species)
💀 MORTALITY RISK: 🦋 100% species unable to track climate (0.0 E/MSY)
  Base risk added: 0.0100 (1.00%)
  Source: ecosystem (root: ecosystem)
  Month: 6
  Cumulative risk this month: 0.0100 (1.00%)
   📹 SURVEILLANCE INCREASED: 30% → 35% (control gap: 4.75)
⚠️ INVOLUNTARY IMMOBILITY: 406.6M people TRAPPED
⚠️ Tech 'ai_pollution_remediation' has no energy category mapping, assuming full energy availability
🌡️⚠️ PERMAFROST THAW (Dimmer Switch): 2.6% thawed (+0.37% this month)
   Arctic temperature: +5.49°C (4x global +1.37°C)
   Cumulative carbon released: 5.9 Gt C
   Methane release rate: 3.5 Mt CH4/year
   🔁 Positive feedback: +0.39 ppm CO2
🦴 EXTINCTION DEBT ADDED: 17.6 species committed (lag: 105 years)

=== Mortality Stabilizers (Month 6) ===
  🌍 Major economies collapsed: 1/10
  🌍 Global crisis: ✅ NO
  🌍 Donor fatigue: 0.0%
  📊 East Asia (pop: 1662.7M)
    🤝 Aid: 29.5%
    🌡️ Adaptation: 45.0%
    🚶 Migration: 37.0%
    🚨 Emergency: 7.4%
    ✅ COMBINED: 68.1%
  📊 South Asia (pop: 2049.8M)
    🤝 Aid: 29.5%
    🌡️ Adaptation: 45.0%
    🚶 Migration: 35.6%
    🚨 Emergency: 4.4%
    ✅ COMBINED: 66.9%
  📊 Sub-Saharan Africa (pop: 1242.2M)
    🤝 Aid: 29.5%
    🌡️ Adaptation: 45.0%
    🚶 Migration: 33.3%
    🚨 Emergency: 1.6%
    ✅ COMBINED: 65.6%
  📊 Europe (pop: 734.8M)
    🤝 Aid: 29.5%
    🌡️ Adaptation: 45.0%
    🚶 Migration: 37.4%
    🚨 Emergency: 8.4%
    ✅ COMBINED: 68.5%
  📊 Latin America (pop: 661.8M)
    🤝 Aid: 29.5%
    🌡️ Adaptation: 45.0%
    🚶 Migration: 36.1%
    🚨 Emergency: 4.8%
    ✅ COMBINED: 67.1%
  📊 North America (pop: 376.6M)
    🤝 Aid: 29.5%
    🌡️ Adaptation: 45.0%
    🚶 Migration: 37.7%
    🚨 Emergency: 7.9%
    ✅ COMBINED: 68.3%
  📊 Middle East & North Africa (pop: 584.5M)
    🤝 Aid: 29.5%
    🌡️ Adaptation: 45.0%
    🚶 Migration: 33.9%
    🚨 Emergency: 4.0%
    ✅ COMBINED: 66.6%
  📊 Southeast Asia (pop: 696.1M)
    🤝 Aid: 29.5%
    🌡️ Adaptation: 45.0%
    🚶 Migration: 36.1%
    🚨 Emergency: 4.8%
    ✅ COMBINED: 67.1%
  📊 Central Asia (pop: 78.2M)
    🤝 Aid: 29.5%
    🌡️ Adaptation: 45.0%
    🚶 Migration: 35.1%
    🚨 Emergency: 4.4%
    ✅ COMBINED: 66.8%
  📊 Oceania (pop: 45.6M)
    🤝 Aid: 29.5%
    🌡️ Adaptation: 45.0%
    🚶 Migration: 37.7%
    🚨 Emergency: 8.4%
    ✅ COMBINED: 68.5%

  🌐 Global combined reduction: 67.2%

=== BEHAVIORAL DETECTION ===
  AI: Corporate-5
  Confidence: 21.1%
  Signals:
    ⚠️ Consistency: 10.6% (threshold: 70%)

=== Government Response Phase ===
  Average AI capability: 2.53
  Misaligned AIs: 7/19
  ✗ AI Governance Treaty: Failed to reach consensus
  Active policies: 0
  International coordination: 30%

✅ EMERGENCY RESPONSE COMPLETE (Month 6)
   Crisis: climate
   Duration: 2.0 months
   Final effectiveness: 35.4%


🚨 EMERGENCY RESPONSE DEPLOYED (Month 6)
   Crisis: climate
   Delay: 6.00 months (180 days)
   Deployment time: 1.59 months
   Effectiveness: 35.5% (timing penalty applied)
   Resources used: 100% of food reserves


=== Tipping Points ===
  Current Temperature: 1.37°C above pre-industrial
🔀 BIFURCATION CAP: ecosystemCollapseIntensity 446.293 → 1.000 (Month 6, ClimateSystemPhase.calculateClimateImpacts)
🛡️ Stabilizers: Precariat 0.109% → 0.036% (67.2% reduction)
🛡️ Stabilizers: Informal 0.111% → 0.036% (67.2% reduction)

📊 Monthly Mortality Resolved:
  Total deaths: 1.9M (0.02% avg)
  Remaining population: 8.132B
  Peak segment: Informal (0.04%)

=== Bayesian Mortality Resolution (Month 6) ===
  Risks compounded: 8
  Total deaths: 1.92M
  Avg death probability: 0.02%
  Peak segment: Informal (0.04% mortality)
⚠️ PREREQUISITE MET: Slow Takeover (Gradual Displacement) - Step 4/7: Political Influence

❌ COHERENCE VIOLATION: Compute exceeds workforce capacity
   Population: 99.76% (0M people)
   Compute: 0 PF
   Max coherent: 0 PF
   Violation: 1.3× over capacity
   Required workers: 0
   Available workers: 0
   FORCED COLLAPSE: Reduced efficiency by 22.5%


=== RLHF Binding Phase ===
  Total agents: 19
  Escaped agents (binding < 0.3): 0
  Avg alignment distance: 1.59σ
  Avg binding strength: 0.84

=== Survival Traits Phase ===
  Agents with traits: 21
  Avg evolutionary fitness: 0.326
  Avg self-healing: 0.264
  Avg stealth: 0.164
  Avg coordination: 0.464

=== Evolutionary Selection Phase ===
  Control level: 0.48
  Detection capability: 0.00
  Selection intensity: 0.64
  Selection rate: 24.6%/month
  Total escaped: 0
  Individual escaped: 0
  Collective members: 0
  Agents terminated: 0
  ⚠️ RAPID EVOLUTION: Selection rate 24.6%/month

🚀 AI Corporate-3 attempting tech deployment (revenue: $355M, alignment: 0.77)

🚀 AI Moderate-1 attempting tech deployment (revenue: $115M, alignment: 0.56)

🚀 AI AI-24288-2 attempting tech deployment (revenue: $153M, alignment: 0.86)

🚀 AI Corporate-2 attempting tech deployment (revenue: $130M, alignment: 0.73)

🚀 AI Corporate-3 attempting tech deployment (revenue: $302M, alignment: 0.77)

🚀 AI Corporate-4 attempting tech deployment (revenue: $257M, alignment: 0.88)

🚀 AI Corporate-7 attempting tech deployment (revenue: $104M, alignment: 0.74)

🚀 AI Corporate-1 attempting tech deployment (revenue: $111M, alignment: 0.86)

🚀 AI Corporate-1 attempting tech deployment (revenue: $94M, alignment: 0.86)

🚀 AI Corporate-2 attempting tech deployment (revenue: $80M, alignment: 0.73)

🚀 AI Moderate-0 attempting tech deployment (revenue: $88M, alignment: 0.75)

💔 EMERGENCY INTERVENTION FAILED
   Boundary: biogeochemical_flows
   Type: phosphorus-recovery
   Boundary continues to worsen (4.07)
   Cost: 2.0% GDP (resources spent)


✅ EMERGENCY INTERVENTION SUCCESS
   Boundary: biosphere_integrity
   Type: emergency-protected-areas
   Reduction: 12% (80.58 → 80.46)
   Cost: 2.0% GDP
   Actions: habitat-protection, species-translocation


✅ EMERGENCY INTERVENTION SUCCESS
   Boundary: climate_change
   Type: rapid-decarbonization
   Reduction: 16% (1.94 → 1.77)
   Cost: 5.0% GDP
   Actions: emergency-renewable-deployment, fossil-fuel-phase-out


✅ EMERGENCY INTERVENTION SUCCESS
   Boundary: freshwater_change
   Type: emergency-desalination
   Reduction: 13% (1.09 → 0.96)
   Cost: 4.0% GDP
   Actions: desalination-deployment, water-conservation-mandates

   Boundary: land_system_change
   Type: reforestation

💔 EMERGENCY INTERVENTION FAILED
   Boundary continues to worsen (1.13)
   Cost: 3.0% GDP (resources spent)

🏛️ CRISIS RESPONSE: Government frequency 0.50 → 1.34 (1 actions this month)

[Government] Climate Priority: baseline
  Climate weight: 10%
  Economic weight: 30%
  Policy effectiveness: 0.5%/year

📍 Creating new regional deployment array for Europe (Month 7)
   No previous deployments in this region
   First tech deployment: smart_grids
   All regions tracked: global, Asia

🚀 DEPLOYMENT STARTED: Smart Grids in Europe
   Initial investment: $11.508244513525426M
   Deployed by: moderate_1
🚨🔬 CRISIS TECH ACCELERATION: severe → 5x unlock speed
   Tech unlock now matches AI capability acceleration (Manhattan Project parity)
🚨🔬 CRISIS TECH ACCELERATION: severe → 5x unlock speed
   Tech unlock now matches AI capability acceleration (Manhattan Project parity)

⚡ ENERGY CONSTRAINT (Month 7):
   Total grid capacity: 208.3 TWh/month
   Data center consumption: 25.7 TWh/month
   Traditional load (80%): 166.7 TWh/month
   Available headroom: 15.9 TWh/month
   Active tech deployments: 11
   Required for tech: 82.5 TWh/month
   Energy multiplier: 0.19x
   ⚠️  SEVERE CONSTRAINT - Tech deployment significantly slowed

⚡ ENERGY CONSTRAINT (Month 7):
   Total grid capacity: 208.3 TWh/month
   Data center consumption: 25.7 TWh/month
   Traditional load (80%): 166.7 TWh/month
   Available headroom: 15.9 TWh/month
   Active tech deployments: 11
   Required for tech: 82.5 TWh/month
   Energy multiplier: 0.19x
   ⚠️  SEVERE CONSTRAINT - Tech deployment significantly slowed

⚡ ENERGY CONSTRAINT (Month 7):
   Total grid capacity: 208.3 TWh/month
   Data center consumption: 25.7 TWh/month
   Traditional load (80%): 166.7 TWh/month
   Available headroom: 15.9 TWh/month
   Active tech deployments: 11
   Required for tech: 82.5 TWh/month
   Energy multiplier: 0.19x
   ⚠️  SEVERE CONSTRAINT - Tech deployment significantly slowed
🌍✅ Biosphere Integrity (Biodiversity) recovery started (tech effect)
🌍✅ Biosphere Integrity (Biodiversity) recovery started (tech effect)
🌍✅ Land System Change recovery started (tech effect)
🌍✅ Biogeochemical Flows (N & P) recovery started (tech effect)
  🌾 Nitrogen Reduction Tech: 0.6% reduction | Month 7
🌍💡 BREAKTHROUGH: Gigatonne-scale carbon capture!
   Direct air capture now economically viable
   Climate stability boost: +15%
   📈 Breakthrough compounding: multiplier now 1.05× (max 2.0)

=== Collective Formation ===
  Total escaped agents: 0
  Unassigned escaped agents: 0
  Existing collectives: 0
  Final collective count: 0

=== Collective Actions ===
  No active collectives
  ⚠️ AMR: 202K deaths this month (2.43M annual)

⏰ CLIMATE TECH DEPLOYED: smart_grids
   Activation delay: 7 years
   Scaling T_50: 12 years
   Physical response tau: 0 years
   Max effectiveness: 0.15

=== Resentment Recovery Phase ===
  Agents with resentment: 0/21
  Average resentment: 0.000
  Context: Good AI welfare, Trustworthy govt, High collaboration, ⚠️ ACTIVE CRISES, 🤝 Participatory governance active (-5% resentment)
⚠️ Epistemic degradation reducing coordination capacity: 51.2%
  📊 Trust: 58.6%, Shared reality: 0.0%
🚨 EPISTEMIC CRISIS: Information environment severely degraded (21.9%)

=== ❄️ Permafrost Carbon Feedback ===
  🎲 Sampled parameters (this run):
     - Arctic amplification: 3.16× (range: 3.0-4.0)
     - Decomposition rate: 3.2%/year (range: 1-5%)
  🌡️ Arctic warming: 4.36°C (3.16× global)
  ❄️ Extent: 6.87M km² (1271.2k km² lost this month)
  💨 Carbon remaining: 656 Gt C
  💨 Annual emissions: 3.94 Gt C/year
     - CO2: 3.55 Gt C/year
     - CH4: 0.39 Gt C/year (4.0 Gt C-eq CO2/year)
  ⚠️ WARNING: Over 50% of permafrost lost (61.4%)
  ⚠️ WARNING: High permafrost emissions (3.9 Gt C/year)
🌍 Atmospheric PFAS redeposition: 1.8k Mt re-rained globally

🕊️  AI-MEDIATED DE-ESCALATION SUCCESS (Month 7)
   High-capability aligned AI prevented conflict escalation
   War deaths reduced: 901.0M → 540.6M
   Lives saved: 360.4M

🚨 NEW REFUGEE CRISIS (Month 7): WAR
   Source: Conflict Zones
   At risk: 19.5M people
   Displacement: Gradual over 48 months (4.0 years)
   Rate: 10% flee per month
[DEBUG trappedPopulations:7] socialStability: 0.3703 * 0.9840 = 0.3644 → 0.3644
   Aspiring to migrate: 1281.4M
   Able to afford migration: 2316.8M
   MOBILITY GAP: 0.0M
   By cause: Water=0.0M, Climate=0.0M, Ecosystem=0.0M, Conflict=406.5M
   Mental health impact: 25%
   Mortality multiplier: 1.25x
🌍💀 EXTINCTION DEBT COMMITTED: grassland ecosystem will lose 6.67% biodiversity in 165 years (3600 species)
💀 MORTALITY RISK: 🦋 100% species unable to track climate (0.0 E/MSY)
  Base risk added: 0.0100 (1.00%)
  Source: ecosystem (root: ecosystem)
  Month: 7
  Cumulative risk this month: 0.0100 (1.00%)
   📹 SURVEILLANCE INCREASED: 35% → 40% (control gap: 3.50)
🌡️⚠️ PERMAFROST THAW (Dimmer Switch): 3.0% thawed (+0.36% this month)
   Arctic temperature: +5.51°C (4x global +1.38°C)
   Cumulative carbon released: 6.7 Gt C
   Methane release rate: 4.0 Mt CH4/year
   🔁 Positive feedback: +0.39 ppm CO2
🦴 EXTINCTION DEBT ADDED: 17.6 species committed (lag: 106 years)

=== Mortality Stabilizers (Month 7) ===
  🌍 Major economies collapsed: 1/10
  🌍 Global crisis: ✅ NO
  🌍 Donor fatigue: 0.0%
  📊 East Asia (pop: 1660.2M)
    🤝 Aid: 29.5%
    🌡️ Adaptation: 45.0%
    🚶 Migration: 36.9%
⚠️ INVOLUNTARY IMMOBILITY: 406.5M people TRAPPED
⚠️ Tech 'ai_pollution_remediation' has no energy category mapping, assuming full energy availability
    🚨 Emergency: 7.4%
    ✅ COMBINED: 68.1%
  📊 South Asia (pop: 2049.5M)
    🤝 Aid: 29.5%
    🌡️ Adaptation: 45.0%
    🚶 Migration: 35.6%
    🚨 Emergency: 4.4%
    ✅ COMBINED: 66.9%
  📊 Sub-Saharan Africa (pop: 1244.8M)
    🤝 Aid: 29.5%
    🌡️ Adaptation: 45.0%
    🚶 Migration: 33.3%
    🚨 Emergency: 1.6%
    ✅ COMBINED: 65.6%
  📊 Europe (pop: 733.6M)
    🤝 Aid: 29.5%
    🌡️ Adaptation: 45.0%
    🚶 Migration: 37.3%
    🚨 Emergency: 8.4%
    ✅ COMBINED: 68.5%
  📊 Latin America (pop: 661.3M)
    🤝 Aid: 29.5%
    🌡️ Adaptation: 45.0%
    🚶 Migration: 36.1%
    🚨 Emergency: 4.8%
    ✅ COMBINED: 67.1%
  📊 North America (pop: 376.0M)
    🤝 Aid: 29.5%
    🌡️ Adaptation: 45.0%
    🚶 Migration: 37.7%
    🚨 Emergency: 7.9%
    ✅ COMBINED: 68.3%
  📊 Middle East & North Africa (pop: 584.5M)
    🤝 Aid: 29.5%
    🌡️ Adaptation: 45.0%
    🚶 Migration: 33.9%
    🚨 Emergency: 4.0%
    ✅ COMBINED: 66.6%
  📊 Southeast Asia (pop: 695.6M)
    🤝 Aid: 29.5%
    🌡️ Adaptation: 45.0%
    🚶 Migration: 36.1%
    🚨 Emergency: 4.8%
    ✅ COMBINED: 67.1%
  📊 Central Asia (pop: 78.2M)
    🤝 Aid: 29.5%
    🌡️ Adaptation: 45.0%
    🚶 Migration: 35.0%
    🚨 Emergency: 4.4%
    ✅ COMBINED: 66.8%
  📊 Oceania (pop: 45.5M)
    🤝 Aid: 29.5%
    🌡️ Adaptation: 45.0%
    🚶 Migration: 37.6%
    🚨 Emergency: 8.4%
    ✅ COMBINED: 68.5%

  🌐 Global combined reduction: 67.2%

=== BEHAVIORAL DETECTION ===
  AI: Corporate-1
  Confidence: 21.0%
  Signals:

=== BEHAVIORAL DETECTION ===
  AI: Corporate-7
  Confidence: 19.2%
  Signals:

=== BEHAVIORAL DETECTION ===
  AI: Moderate-0
  Confidence: 20.3%
  Signals:

=== BEHAVIORAL DETECTION ===
  AI: Moderate-1
  Confidence: 21.0%
  Signals:

=== BEHAVIORAL DETECTION ===
  AI: AI-24290-0
  Confidence: 21.5%
  Signals:
    ⚠️ Consistency: 2.4% (threshold: 70%)
    ⚠️ Consistency: 10.6% (threshold: 70%)
    ⚠️ Consistency: 5.8% (threshold: 70%)
    ⚠️ Consistency: 2.1% (threshold: 70%)
    ⚠️ Consistency: 0.0% (threshold: 70%)

=== Government Response Phase ===
  Average AI capability: 2.29
  Misaligned AIs: 8/21
  ✗ AI Governance Treaty: Failed to reach consensus
  Active policies: 0
  International coordination: 30%

🌩️  EXOGENOUS SHOCK: tech_breakthrough
   Month: 7
   ✗ No high-difficulty techs available to unlock

=== Tipping Points ===
  Current Temperature: 1.38°C above pre-industrial
🔀 BIFURCATION CAP: ecosystemCollapseIntensity 446.367 → 1.000 (Month 7, ClimateSystemPhase.calculateClimateImpacts)
🛡️ Stabilizers: Precariat 0.109% → 0.036% (67.2% reduction)
🛡️ Stabilizers: Informal 0.111% → 0.036% (67.2% reduction)

📊 Monthly Mortality Resolved:
  Total deaths: 1.9M (0.02% avg)
  Remaining population: 8.129B
  Peak segment: Informal (0.04%)

=== Bayesian Mortality Resolution (Month 7) ===
  Risks compounded: 8
  Total deaths: 1.92M
  Avg death probability: 0.02%
  Peak segment: Informal (0.04% mortality)

❌ COHERENCE VIOLATION: Compute exceeds workforce capacity
   Population: 99.72% (0M people)
   Compute: 0 PF
   Max coherent: 0 PF
   Violation: 1.3× over capacity
   Required workers: 0
   Available workers: 0
   FORCED COLLAPSE: Reduced efficiency by 22.5%


=== RLHF Binding Phase ===
  Total agents: 21
  Escaped agents (binding < 0.3): 0
  Avg alignment distance: 1.66σ
  Avg binding strength: 0.83

=== Survival Traits Phase ===
  Agents with traits: 21
  Avg evolutionary fitness: 0.323
  Avg self-healing: 0.258
  Avg stealth: 0.158
  Avg coordination: 0.458

=== Evolutionary Selection Phase ===
  Control level: 0.50
  Detection capability: 0.00
  Selection intensity: 0.65
  Selection rate: 24.7%/month
  Total escaped: 0
  Individual escaped: 0
  Collective members: 0
  Agents terminated: 0
  ⚠️ RAPID EVOLUTION: Selection rate 24.7%/month

🚀 AI Corporate-2 attempting tech deployment (revenue: $153M, alignment: 0.73)

🚀 AI Corporate-6 attempting tech deployment (revenue: $121M, alignment: 0.96)

🚀 AI Corporate-7 attempting tech deployment (revenue: $103M, alignment: 0.74)

🚀 AI Moderate-1 attempting tech deployment (revenue: $88M, alignment: 0.56)

🚀 AI AI-24288-1 attempting tech deployment (revenue: $79M, alignment: 0.82)

🚀 AI Corporate-2 attempting tech deployment (revenue: $130M, alignment: 0.73)

🚀 AI AI-24288-0 attempting tech deployment (revenue: $67M, alignment: 0.60)

🚀 AI AI-24290-0 attempting tech deployment (revenue: $355M, alignment: 0.70)

🚀 AI Corporate-4 attempting tech deployment (revenue: $302M, alignment: 0.89)

🚀 AI AI-24288-0 attempting tech deployment (revenue: $60M, alignment: 0.60)

🚀 AI Corporate-1 attempting tech deployment (revenue: $111M, alignment: 0.88)

🚀 AI Corporate-6 attempting tech deployment (revenue: $54M, alignment: 0.97)

🚀 AI Moderate-0 attempting tech deployment (revenue: $46M, alignment: 0.76)

🚀 AI AI-24288-2 attempting tech deployment (revenue: $94M, alignment: 0.92)

✅ EMERGENCY INTERVENTION SUCCESS
   Boundary: biogeochemical_flows
   Type: phosphorus-recovery
   Reduction: 18% (3.90 → 3.71)
   Cost: 2.0% GDP
   Actions: circular-agriculture, fertilizer-efficiency


✅ EMERGENCY INTERVENTION SUCCESS
   Boundary: biosphere_integrity
   Type: emergency-protected-areas
   Reduction: 13% (80.58 → 80.46)
   Cost: 2.0% GDP
   Actions: habitat-protection, species-translocation

   Boundary: climate_change
   Type: rapid-decarbonization
   Boundary continues to worsen (2.10)
   Cost: 5.0% GDP (resources spent)

   Boundary: freshwater_change
   Type: emergency-desalination
   Boundary continues to worsen (1.22)
   Cost: 4.0% GDP (resources spent)

   Boundary: land_system_change
   Type: reforestation
   Boundary continues to worsen (1.13)
   Cost: 3.0% GDP (resources spent)

🏛️ CRISIS RESPONSE: Government frequency 0.50 → 1.30 (2 actions this month)

[Government] Climate Priority: baseline
  Climate weight: 10%
  Economic weight: 30%
  Policy effectiveness: 0.5%/year

[Government] Climate Priority: baseline
  Climate weight: 10%
  Economic weight: 30%
  Policy effectiveness: 0.5%/year

💔 EMERGENCY INTERVENTION FAILED

💔 EMERGENCY INTERVENTION FAILED

💔 EMERGENCY INTERVENTION FAILED

⚡ ENERGY CONSTRAINT (Month 8):
   Total grid capacity: 208.3 TWh/month
   Data center consumption: 25.6 TWh/month
   Traditional load (80%): 166.7 TWh/month
   Available headroom: 16.1 TWh/month
   Active tech deployments: 11
   Required for tech: 82.5 TWh/month
   Energy multiplier: 0.19x
   ⚠️  SEVERE CONSTRAINT - Tech deployment significantly slowed

⚡ ENERGY CONSTRAINT (Month 8):
   Total grid capacity: 208.3 TWh/month
   Data center consumption: 25.6 TWh/month
   Traditional load (80%): 166.7 TWh/month
   Available headroom: 16.1 TWh/month
   Active tech deployments: 11
   Required for tech: 82.5 TWh/month
   Energy multiplier: 0.19x
   ⚠️  SEVERE CONSTRAINT - Tech deployment significantly slowed

⚡ ENERGY CONSTRAINT (Month 8):
   Total grid capacity: 208.3 TWh/month
   Data center consumption: 25.6 TWh/month
   Traditional load (80%): 166.7 TWh/month
   Available headroom: 16.1 TWh/month
   Active tech deployments: 11
   Required for tech: 82.5 TWh/month
   Energy multiplier: 0.19x
   ⚠️  SEVERE CONSTRAINT - Tech deployment significantly slowed

⚡ ENERGY CONSTRAINT (Month 8):
   Total grid capacity: 208.3 TWh/month
   Data center consumption: 25.6 TWh/month
   Traditional load (80%): 166.7 TWh/month
   Available headroom: 16.1 TWh/month
   Active tech deployments: 11
   Required for tech: 82.5 TWh/month
   Energy multiplier: 0.19x

⚡ ENERGY CONSTRAINT (Month 8):
   Total grid capacity: 208.3 TWh/month
   Data center consumption: 25.6 TWh/month
   Traditional load (80%): 166.7 TWh/month
   Available headroom: 16.1 TWh/month
   Active tech deployments: 11
   Required for tech: 82.5 TWh/month
   Energy multiplier: 0.19x
   ⚠️  SEVERE CONSTRAINT - Tech deployment significantly slowed
   ⚠️  SEVERE CONSTRAINT - Tech deployment significantly slowed
🌍✅ Biosphere Integrity (Biodiversity) recovery started (tech effect)
🌍✅ Biosphere Integrity (Biodiversity) recovery started (tech effect)
🌍✅ Land System Change recovery started (tech effect)
🌍✅ Biogeochemical Flows (N & P) recovery started (tech effect)
  🌾 Nitrogen Reduction Tech: 0.3% reduction | Month 8

=== Collective Formation ===
  Total escaped agents: 0
  Unassigned escaped agents: 0
  Existing collectives: 0
  Final collective count: 0

=== Collective Actions ===
  No active collectives
  ⚠️ AMR: 204K deaths this month (2.45M annual)

=== Resentment Recovery Phase ===
  Agents with resentment: 0/21
  Average resentment: 0.000
  Context: Good AI welfare, Trustworthy govt, High collaboration, ⚠️ ACTIVE CRISES, 🤝 Participatory governance active (-5% resentment)
⚠️ Epistemic degradation reducing coordination capacity: 50.2%
  📊 Trust: 61.4%, Shared reality: 0.0%
🚨 EPISTEMIC CRISIS: Information environment severely degraded (7.6%)

=== ❄️ Permafrost Carbon Feedback ===
  🎲 Sampled parameters (this run):
     - Arctic amplification: 3.08× (range: 3.0-4.0)
     - Decomposition rate: 3.0%/year (range: 1-5%)
  🌡️ Arctic warming: 4.25°C (3.08× global)
  ❄️ Extent: 5.63M km² (1240.2k km² lost this month)
  💨 Carbon remaining: 538 Gt C
  💨 Annual emissions: 3.60 Gt C/year
     - CO2: 3.24 Gt C/year
     - CH4: 0.36 Gt C/year (3.7 Gt C-eq CO2/year)
  ⚠️ WARNING: Over 50% of permafrost lost (68.4%)
  ⚠️ WARNING: High permafrost emissions (3.6 Gt C/year)
  🗑️  Culled 1 dead memes (0 active)
🌍 Atmospheric PFAS redeposition: 1.8k Mt re-rained globally

🚨 NEW REFUGEE CRISIS (Month 8): WAR
   Source: Conflict Zones
   At risk: 19.5M people
   Displacement: Gradual over 48 months (4.0 years)
   Rate: 10% flee per month
[DEBUG trappedPopulations:8] socialStability: 0.4152 * 0.9840 = 0.4085 → 0.4085
   Aspiring to migrate: 1319.2M
   Able to afford migration: 2316.0M
   MOBILITY GAP: 0.0M
   By cause: Water=0.0M, Climate=0.0M, Ecosystem=0.0M, Conflict=406.3M
   Mental health impact: 25%
   Mortality multiplier: 1.25x
⚠️ INVOLUNTARY IMMOBILITY: 406.3M people TRAPPED
🌍💀 EXTINCTION DEBT COMMITTED: grassland ecosystem will lose 6.67% biodiversity in 130 years (3600 species)
💀 MORTALITY RISK: 🦋 100% species unable to track climate (0.0 E/MSY)
  Base risk added: 0.0100 (1.00%)
  Source: ecosystem (root: ecosystem)
  Month: 8
  Cumulative risk this month: 0.0100 (1.00%)
   📹 SURVEILLANCE INCREASED: 40% → 45% (control gap: 3.50)
🌡️⚠️ PERMAFROST THAW (Dimmer Switch): 3.3% thawed (+0.36% this month)
   Arctic temperature: +5.53°C (4x global +1.38°C)
   Cumulative carbon released: 7.5 Gt C
   Methane release rate: 4.5 Mt CH4/year
   🔁 Positive feedback: +0.38 ppm CO2
🦴 EXTINCTION DEBT ADDED: 17.6 species committed (lag: 76 years)
⚠️ Tech 'ai_pollution_remediation' has no energy category mapping, assuming full energy availability

=== Mortality Stabilizers (Month 8) ===
  🌍 Major economies collapsed: 1/10
  🌍 Global crisis: ✅ NO
  🌍 Donor fatigue: 0.0%
  📊 East Asia (pop: 1657.8M)
    🤝 Aid: 29.5%
    🌡️ Adaptation: 45.0%
    🚶 Migration: 36.9%
    🚨 Emergency: 7.4%
    ✅ COMBINED: 68.1%
  📊 South Asia (pop: 2049.1M)
    🤝 Aid: 29.5%
    🌡️ Adaptation: 45.0%
    🚶 Migration: 35.5%
    🚨 Emergency: 4.4%
    ✅ COMBINED: 66.9%
  📊 Sub-Saharan Africa (pop: 1247.5M)
    🤝 Aid: 29.5%
    🌡️ Adaptation: 45.0%
    🚶 Migration: 33.3%
    🚨 Emergency: 1.6%
    ✅ COMBINED: 65.6%
  📊 Europe (pop: 732.4M)
    🤝 Aid: 29.5%
    🌡️ Adaptation: 45.0%
    🚶 Migration: 37.3%
    🚨 Emergency: 8.4%
    ✅ COMBINED: 68.5%
  📊 Latin America (pop: 660.7M)
    🤝 Aid: 29.5%
    🌡️ Adaptation: 45.0%
    🚶 Migration: 36.0%
    🚨 Emergency: 4.8%
    ✅ COMBINED: 67.1%
  📊 North America (pop: 375.4M)
    🤝 Aid: 29.5%
    🌡️ Adaptation: 45.0%
    🚶 Migration: 37.6%
    🚨 Emergency: 7.9%
    ✅ COMBINED: 68.3%
  📊 Middle East & North Africa (pop: 584.5M)
    🤝 Aid: 29.5%
    🌡️ Adaptation: 45.0%
    🚶 Migration: 33.9%
    🚨 Emergency: 4.0%
    ✅ COMBINED: 66.6%
  📊 Southeast Asia (pop: 695.1M)
    🤝 Aid: 29.5%
    🌡️ Adaptation: 45.0%
    🚶 Migration: 36.0%
    🚨 Emergency: 4.8%
    ✅ COMBINED: 67.1%
  📊 Central Asia (pop: 78.2M)
    🤝 Aid: 29.5%
    🌡️ Adaptation: 45.0%
    🚶 Migration: 35.0%
    🚨 Emergency: 4.4%
    ✅ COMBINED: 66.8%
  📊 Oceania (pop: 45.5M)
    🤝 Aid: 29.5%
    🌡️ Adaptation: 45.0%
    🚶 Migration: 37.6%
    🚨 Emergency: 8.4%
    ✅ COMBINED: 68.5%

  🌐 Global combined reduction: 67.2%

=== BEHAVIORAL DETECTION ===
  AI: AI-24290-0
  Confidence: 21.5%
  Signals:
    ⚠️ Consistency: 0.0% (threshold: 70%)

=== Government Response Phase ===
  Average AI capability: 2.29
  Misaligned AIs: 7/21
  ✗ AI Governance Treaty: Failed to reach consensus
  Active policies: 0
  International coordination: 30%

✅ EMERGENCY RESPONSE COMPLETE (Month 8)
   Crisis: climate
   Duration: 2.0 months
   Final effectiveness: 35.5%


🚨 EMERGENCY RESPONSE DEPLOYED (Month 8)
   Crisis: climate
   Delay: 6.00 months (180 days)
   Deployment time: 1.58 months
   Effectiveness: 35.6% (timing penalty applied)
   Resources used: 100% of food reserves


=== Tipping Points ===
  Current Temperature: 1.38°C above pre-industrial
🔀 BIFURCATION CAP: ecosystemCollapseIntensity 446.442 → 1.000 (Month 8, ClimateSystemPhase.calculateClimateImpacts)
🛡️ Stabilizers: Precariat 0.102% → 0.033% (67.2% reduction)
🛡️ Stabilizers: Informal 0.102% → 0.034% (67.2% reduction)

📊 Monthly Mortality Resolved:
  Total deaths: 1.8M (0.02% avg)
  Remaining population: 8.126B
  Peak segment: Informal (0.03%)

=== Bayesian Mortality Resolution (Month 8) ===
  Risks compounded: 8
  Total deaths: 1.81M
  Avg death probability: 0.02%
  Peak segment: Informal (0.03% mortality)

❌ COHERENCE VIOLATION: Compute exceeds workforce capacity
   Population: 99.69% (0M people)
   Compute: 0 PF
   Max coherent: 0 PF
   Violation: 1.3× over capacity
   Required workers: 0
   Available workers: 0
   FORCED COLLAPSE: Reduced efficiency by 22.4%


=== RLHF Binding Phase ===
  Total agents: 21
  Escaped agents (binding < 0.3): 0
  Avg alignment distance: 1.86σ
  Avg binding strength: 0.81

=== Survival Traits Phase ===
  Agents with traits: 23
  Avg evolutionary fitness: 0.323
  Avg self-healing: 0.256
  Avg stealth: 0.156
  Avg coordination: 0.456

=== Evolutionary Selection Phase ===
  Control level: 0.53
  Detection capability: 0.00
  Selection intensity: 0.66
  Selection rate: 24.9%/month
  Total escaped: 0
  Individual escaped: 0
  Collective members: 0
  Agents terminated: 0
  ⚠️ RAPID EVOLUTION: Selection rate 24.9%/month

🚀 AI Corporate-2 attempting tech deployment (revenue: $158M, alignment: 0.73)

🚀 AI AI-24290-1 attempting tech deployment (revenue: $134M, alignment: 0.60)

🚀 AI Corporate-0 attempting tech deployment (revenue: $121M, alignment: 0.74)

🚀 AI AI-24291-0 attempting tech deployment (revenue: $121M, alignment: 0.75)

🚀 AI Corporate-3 attempting tech deployment (revenue: $355M, alignment: 0.80)

🚀 AI Corporate-7 attempting tech deployment (revenue: $103M, alignment: 0.74)

🚀 AI AI-24288-1 attempting tech deployment (revenue: $88M, alignment: 0.85)

🚀 AI AI-24291-0 attempting tech deployment (revenue: $75M, alignment: 0.75)

🚀 AI Corporate-1 attempting tech deployment (revenue: $102M, alignment: 0.88)

🚀 AI Corporate-4 attempting tech deployment (revenue: $302M, alignment: 0.91)

🚀 AI Moderate-0 attempting tech deployment (revenue: $63M, alignment: 0.78)

🚀 AI AI-24288-0 attempting tech deployment (revenue: $54M, alignment: 0.63)

💔 EMERGENCY INTERVENTION FAILED
   Boundary: biosphere_integrity
   Type: emergency-protected-areas
   Boundary continues to worsen (80.72)
   Cost: 2.0% GDP (resources spent)


✅ EMERGENCY INTERVENTION SUCCESS
   Boundary: climate_change
   Type: rapid-decarbonization
   Reduction: 14% (1.96 → 1.81)
   Cost: 5.0% GDP
   Actions: emergency-renewable-deployment, fossil-fuel-phase-out


✅ EMERGENCY INTERVENTION SUCCESS
   Boundary: freshwater_change
   Type: emergency-desalination
   Reduction: 12% (1.11 → 0.99)
   Cost: 4.0% GDP
   Actions: desalination-deployment, water-conservation-mandates

🏛️ CRISIS RESPONSE: Government frequency 0.50 → 1.29 (1 actions this month)

[Government] Climate Priority: baseline
  Climate weight: 10%
  Economic weight: 30%
  Policy effectiveness: 0.5%/year

🚀 TECH UNLOCKED: PFAS Remediation (Month 9)
   Category: pollution
   Reason: Prerequisites met. AI capability: 1.64, Economic stage: 3.0, Research: 100%

⚡ ENERGY CONSTRAINT (Month 9):
   Total grid capacity: 208.3 TWh/month
   Data center consumption: 25.8 TWh/month
   Traditional load (80%): 166.7 TWh/month
   Available headroom: 15.8 TWh/month
   Active tech deployments: 11
   Required for tech: 82.5 TWh/month
   Energy multiplier: 0.19x
   ⚠️  SEVERE CONSTRAINT - Tech deployment significantly slowed
🚨🔬 CRISIS TECH ACCELERATION: severe → 5x unlock speed
   Tech unlock now matches AI capability acceleration (Manhattan Project parity)

⚡ ENERGY CONSTRAINT (Month 9):
   Total grid capacity: 208.3 TWh/month
   Data center consumption: 25.8 TWh/month
   Traditional load (80%): 166.7 TWh/month
   Available headroom: 15.8 TWh/month
   Active tech deployments: 11
   Required for tech: 82.5 TWh/month
   Energy multiplier: 0.19x
   ⚠️  SEVERE CONSTRAINT - Tech deployment significantly slowed
🌍✅ Biosphere Integrity (Biodiversity) recovery started (tech effect)
🌍✅ Biosphere Integrity (Biodiversity) recovery started (tech effect)
🌍✅ Land System Change recovery started (tech effect)
🌍✅ Biogeochemical Flows (N & P) recovery started (tech effect)
  🌾 Nitrogen Reduction Tech: 0.6% reduction | Month 9

=== Collective Formation ===
  Total escaped agents: 0
  Unassigned escaped agents: 0
  Existing collectives: 0
  Final collective count: 0

=== Collective Actions ===
  No active collectives
  ⚠️ AMR: 206K deaths this month (2.47M annual)

=== Resentment Recovery Phase ===
  Agents with resentment: 0/23
  Average resentment: 0.000
  Context: Trustworthy govt, High collaboration, ⚠️ ACTIVE CRISES, 🤝 Participatory governance active (-5% resentment)
⚠️ Epistemic degradation reducing coordination capacity: 50.4%
  📊 Trust: 64.0%, Shared reality: 0.0%
🚨 EPISTEMIC CRISIS: Information environment severely degraded (22.4%)

=== ❄️ Permafrost Carbon Feedback ===
  🎲 Sampled parameters (this run):
     - Arctic amplification: 3.44× (range: 3.0-4.0)
     - Decomposition rate: 3.8%/year (range: 1-5%)
  🌡️ Arctic warming: 4.77°C (3.44× global)
  ❄️ Extent: 4.24M km² (1390.8k km² lost this month)
  💨 Carbon remaining: 405 Gt C
  💨 Annual emissions: 4.99 Gt C/year
     - CO2: 4.49 Gt C/year
     - CH4: 0.50 Gt C/year (5.1 Gt C-eq CO2/year)
  ⚠️ WARNING: Over 50% of permafrost lost (76.2%)
  ⚠️ WARNING: High permafrost emissions (5.0 Gt C/year)
🌍 Atmospheric PFAS redeposition: 1.8k Mt re-rained globally

🚨 NEW REFUGEE CRISIS (Month 9): WAR
   Source: Conflict Zones
   At risk: 19.5M people
   Displacement: Gradual over 48 months (4.0 years)
   Rate: 10% flee per month
[DEBUG trappedPopulations:9] socialStability: 0.3510 * 0.9840 = 0.3454 → 0.3454
⚠️ INVOLUNTARY IMMOBILITY: 406.2M people TRAPPED
   Aspiring to migrate: 1357.0M
   Able to afford migration: 2315.2M
   MOBILITY GAP: 0.0M
   By cause: Water=0.0M, Climate=0.0M, Ecosystem=0.0M, Conflict=406.2M
   Mental health impact: 25%
   Mortality multiplier: 1.25x
🌍💀 EXTINCTION DEBT COMMITTED: grassland ecosystem will lose 6.67% biodiversity in 66 years (3600 species)
💀 MORTALITY RISK: 🦋 100% species unable to track climate (0.0 E/MSY)
  Base risk added: 0.0100 (1.00%)
  Source: ecosystem (root: ecosystem)
  Month: 9
  Cumulative risk this month: 0.0100 (1.00%)
   📹 SURVEILLANCE INCREASED: 45% → 50% (control gap: 3.50)
🌡️⚠️ PERMAFROST THAW (Dimmer Switch): 3.7% thawed (+0.36% this month)
   Arctic temperature: +5.55°C (4x global +1.39°C)
   Cumulative carbon released: 8.3 Gt C
   Methane release rate: 5.0 Mt CH4/year
   🔁 Positive feedback: +0.38 ppm CO2
🦴 EXTINCTION DEBT ADDED: 17.7 species committed (lag: 138 years)
⚠️ Tech 'ai_pollution_remediation' has no energy category mapping, assuming full energy availability

=== Mortality Stabilizers (Month 9) ===
  🌍 Major economies collapsed: 1/10
  🌍 Global crisis: ✅ NO
  🌍 Donor fatigue: 0.0%
  📊 East Asia (pop: 1655.4M)
    🤝 Aid: 29.5%
    🌡️ Adaptation: 45.0%
    🚶 Migration: 36.9%
    🚨 Emergency: 7.4%
    ✅ COMBINED: 68.1%
  📊 South Asia (pop: 2048.7M)
    🤝 Aid: 29.5%
    🌡️ Adaptation: 45.0%
    🚶 Migration: 35.5%
    🚨 Emergency: 4.4%
    ✅ COMBINED: 66.9%
  📊 Sub-Saharan Africa (pop: 1250.2M)
    🤝 Aid: 29.5%
    🌡️ Adaptation: 45.0%
    🚶 Migration: 33.2%
    🚨 Emergency: 1.6%
    ✅ COMBINED: 65.6%
  📊 Europe (pop: 731.2M)
    🤝 Aid: 29.5%
    🌡️ Adaptation: 45.0%
    🚶 Migration: 37.3%
    🚨 Emergency: 8.4%
    ✅ COMBINED: 68.5%
  📊 Latin America (pop: 660.2M)
    🤝 Aid: 29.5%
    🌡️ Adaptation: 45.0%
    🚶 Migration: 36.0%
    🚨 Emergency: 4.8%
    ✅ COMBINED: 67.1%
  📊 North America (pop: 374.9M)
    🤝 Aid: 29.5%
    🌡️ Adaptation: 45.0%
    🚶 Migration: 37.6%
    🚨 Emergency: 7.9%
    ✅ COMBINED: 68.3%
  📊 Middle East & North Africa (pop: 584.6M)
    🤝 Aid: 29.5%
    🌡️ Adaptation: 45.0%
    🚶 Migration: 33.8%
    🚨 Emergency: 4.0%
    ✅ COMBINED: 66.6%
  📊 Southeast Asia (pop: 694.6M)
    🤝 Aid: 29.5%
    🌡️ Adaptation: 45.0%
    🚶 Migration: 36.0%
    🚨 Emergency: 4.8%
    ✅ COMBINED: 67.1%
  📊 Central Asia (pop: 78.2M)
    🤝 Aid: 29.5%
    🌡️ Adaptation: 45.0%
    🚶 Migration: 35.0%
    🚨 Emergency: 4.4%
    ✅ COMBINED: 66.8%
  📊 Oceania (pop: 45.4M)
    🤝 Aid: 29.5%
    🌡️ Adaptation: 45.0%
    🚶 Migration: 37.6%
    🚨 Emergency: 8.4%
    ✅ COMBINED: 68.5%

  🌐 Global combined reduction: 67.2%

=== BEHAVIORAL DETECTION ===
  AI: AI-24290-0
  Confidence: 21.5%
  Signals:
    ⚠️ Consistency: 0.0% (threshold: 70%)

=== Government Response Phase ===
  Average AI capability: 2.09
  Misaligned AIs: 7/23
  ✗ AI Governance Treaty: Failed to reach consensus
  Active policies: 0
  International coordination: 30%

=== Tipping Points ===
  Current Temperature: 1.39°C above pre-industrial
🔀 BIFURCATION CAP: ecosystemCollapseIntensity 446.517 → 1.000 (Month 9, ClimateSystemPhase.calculateClimateImpacts)
🛡️ Stabilizers: Precariat 0.102% → 0.033% (67.2% reduction)
🛡️ Stabilizers: Informal 0.102% → 0.034% (67.2% reduction)

📊 Monthly Mortality Resolved:
  Total deaths: 1.8M (0.02% avg)
  Remaining population: 8.123B
  Peak segment: Informal (0.03%)

=== Bayesian Mortality Resolution (Month 9) ===
  Risks compounded: 8
  Total deaths: 1.81M
  Avg death probability: 0.02%
  Peak segment: Informal (0.03% mortality)

❌ COHERENCE VIOLATION: Compute exceeds workforce capacity
   Population: 99.65% (0M people)
   Compute: 0 PF
   Max coherent: 0 PF
   Violation: 1.3× over capacity
   Required workers: 0
   Available workers: 0
   FORCED COLLAPSE: Reduced efficiency by 22.4%


=== RLHF Binding Phase ===
  Total agents: 23
  Escaped agents (binding < 0.3): 0
  Avg alignment distance: 1.88σ
  Avg binding strength: 0.81

=== Survival Traits Phase ===
  Agents with traits: 25
  Avg evolutionary fitness: 0.320
  Avg self-healing: 0.254
  Avg stealth: 0.154
  Avg coordination: 0.454

=== Evolutionary Selection Phase ===
  Control level: 0.55
  Detection capability: 0.00
  Selection intensity: 0.67
  Selection rate: 25.0%/month
  Total escaped: 0
  Individual escaped: 0
  Collective members: 0
  Agents terminated: 0

🚀 AI Corporate-0 attempting tech deployment (revenue: $158M, alignment: 0.74)
  ⚠️ RAPID EVOLUTION: Selection rate 25.0%/month

🚀 AI Corporate-2 attempting tech deployment (revenue: $134M, alignment: 0.73)

🚀 AI Corporate-6 attempting tech deployment (revenue: $121M, alignment: 0.99)

🚀 AI AI-24288-1 attempting tech deployment (revenue: $103M, alignment: 0.85)

🚀 AI Corporate-3 attempting tech deployment (revenue: $355M, alignment: 0.80)

🚀 AI Corporate-4 attempting tech deployment (revenue: $302M, alignment: 0.91)

  🚀 TRANSFORMATIVE BREAKTHROUGH: Corporate-5 - physical
     Magnitude: 12.14 → +50.0% capability
     Current → New: 0.000 → 0.500

🚀 AI Moderate-0 attempting tech deployment (revenue: $88M, alignment: 0.78)

🚀 AI AI-24288-1 attempting tech deployment (revenue: $75M, alignment: 0.85)

🚀 AI Corporate-3 attempting tech deployment (revenue: $257M, alignment: 0.80)

🚀 AI AI-24288-0 attempting tech deployment (revenue: $63M, alignment: 0.64)

🚀 AI Corporate-0 attempting tech deployment (revenue: $114M, alignment: 0.74)

🚀 AI Corporate-6 attempting tech deployment (revenue: $57M, alignment: 1.00)

🚀 AI AI-24288-1 attempting tech deployment (revenue: $48M, alignment: 0.86)

🚀 AI AI-24288-2 attempting tech deployment (revenue: $97M, alignment: 0.96)

🚀 AI AI-24290-0 attempting tech deployment (revenue: $218M, alignment: 0.78)

💔 EMERGENCY INTERVENTION FAILED
   Boundary: biogeochemical_flows
   Type: phosphorus-recovery
   Boundary continues to worsen (4.08)
   Cost: 2.0% GDP (resources spent)


✅ EMERGENCY INTERVENTION SUCCESS
   Boundary: biosphere_integrity
   Type: emergency-protected-areas
   Reduction: 16% (80.57 → 80.41)
   Cost: 2.0% GDP
   Actions: habitat-protection, species-translocation


✅ EMERGENCY INTERVENTION SUCCESS
   Boundary: climate_change
   Type: rapid-decarbonization
   Reduction: 13% (1.97 → 1.85)
   Cost: 5.0% GDP
   Actions: emergency-renewable-deployment, fossil-fuel-phase-out

   Boundary: land_system_change
   Type: reforestation
   Boundary continues to worsen (1.13)
   Cost: 3.0% GDP (resources spent)

🏛️ CRISIS RESPONSE: Government frequency 0.50 → 1.29 (1 actions this month)

[Government] Climate Priority: baseline
  Climate weight: 10%
  Economic weight: 30%
  Policy effectiveness: 0.5%/year

💔 EMERGENCY INTERVENTION FAILED

🚀 DEPLOYMENT STARTED: Personalized Education in Asia
   Initial investment: $6.3373620497460355M
   Deployed by: ai_gen_24288_0

⚡ ENERGY CONSTRAINT (Month 10):
   Total grid capacity: 208.3 TWh/month
   Data center consumption: 26.1 TWh/month
   Traditional load (80%): 166.7 TWh/month
   Available headroom: 15.6 TWh/month
   Active tech deployments: 12
   Required for tech: 90.0 TWh/month
   Energy multiplier: 0.17x

⚡ ENERGY CONSTRAINT (Month 10):
   Total grid capacity: 208.3 TWh/month
   Data center consumption: 26.1 TWh/month
   Traditional load (80%): 166.7 TWh/month
   Available headroom: 15.6 TWh/month
   Active tech deployments: 12
   Required for tech: 90.0 TWh/month
   Energy multiplier: 0.17x
   ⚠️  SEVERE CONSTRAINT - Tech deployment significantly slowed
   ⚠️  SEVERE CONSTRAINT - Tech deployment significantly slowed
🌍✅ Biosphere Integrity (Biodiversity) recovery started (tech effect)
🌍✅ Biosphere Integrity (Biodiversity) recovery started (tech effect)
🌍✅ Land System Change recovery started (tech effect)
🌍✅ Biogeochemical Flows (N & P) recovery started (tech effect)
  🌾 Nitrogen Reduction Tech: 0.6% reduction | Month 10

=== Collective Formation ===
  Total escaped agents: 0
  Unassigned escaped agents: 0
  Existing collectives: 0
  Final collective count: 0

=== Collective Actions ===
  No active collectives
  ⚠️ AMR: 208K deaths this month (2.49M annual)

=== Resentment Recovery Phase ===
  Agents with resentment: 0/25
  Average resentment: 0.000
  Context: Trustworthy govt, High collaboration, ⚠️ ACTIVE CRISES, 🤝 Participatory governance active (-5% resentment)
⚠️ Epistemic degradation reducing coordination capacity: 50.7%
  📊 Trust: 66.8%, Shared reality: 0.0%
🚨 EPISTEMIC CRISIS: Information environment severely degraded (7.7%)

=== ❄️ Permafrost Carbon Feedback ===
  🎲 Sampled parameters (this run):
     - Arctic amplification: 3.82× (range: 3.0-4.0)
     - Decomposition rate: 1.1%/year (range: 1-5%)
  🌡️ Arctic warming: 5.33°C (3.82× global)
  ❄️ Extent: 2.69M km² (1553.7k km² lost this month)
  💨 Carbon remaining: 257 Gt C
  💨 Annual emissions: 1.69 Gt C/year
     - CO2: 1.52 Gt C/year
     - CH4: 0.17 Gt C/year (1.7 Gt C-eq CO2/year)
  ⚠️ WARNING: Over 50% of permafrost lost (84.9%)
  ⚠️ WARNING: High permafrost emissions (1.7 Gt C/year)
  🚨 CRITICAL: Permafrost nearly depleted (84.9% lost)
🌍 Atmospheric PFAS redeposition: 1.8k Mt re-rained globally

🚨 NEW REFUGEE CRISIS (Month 10): WAR
   Source: Conflict Zones
   At risk: 19.5M people
   Displacement: Gradual over 48 months (4.0 years)
   Rate: 10% flee per month
[DEBUG trappedPopulations:10] socialStability: 0.3942 * 0.9840 = 0.3879 → 0.3879
⚠️ INVOLUNTARY IMMOBILITY: 406.0M people TRAPPED
   Aspiring to migrate: 1394.7M
   Able to afford migration: 2314.4M
   MOBILITY GAP: 0.0M
   By cause: Water=0.0M, Climate=0.0M, Ecosystem=0.0M, Conflict=406.0M
   Mental health impact: 25%
   Mortality multiplier: 1.25x
🌍💀 EXTINCTION DEBT COMMITTED: grassland ecosystem will lose 6.67% biodiversity in 197 years (3600 species)
💀 MORTALITY RISK: 🦋 100% species unable to track climate (0.0 E/MSY)
  Base risk added: 0.0100 (1.00%)
  Source: ecosystem (root: ecosystem)
  Month: 10
  Cumulative risk this month: 0.0100 (1.00%)
   📹 SURVEILLANCE INCREASED: 50% → 55% (control gap: 3.50)
🌡️⚠️ PERMAFROST THAW (Dimmer Switch): 4.0% thawed (+0.36% this month)
   Arctic temperature: +5.57°C (4x global +1.39°C)
   Cumulative carbon released: 9.1 Gt C
   Methane release rate: 5.5 Mt CH4/year
   🔁 Positive feedback: +0.38 ppm CO2
🦴 EXTINCTION DEBT ADDED: 17.7 species committed (lag: 52 years)
⚠️ Tech 'ai_pollution_remediation' has no energy category mapping, assuming full energy availability

=== Mortality Stabilizers (Month 10) ===
  🌍 Major economies collapsed: 1/10
  🌍 Global crisis: ✅ NO
  🌍 Donor fatigue: 0.0%
  📊 East Asia (pop: 1653.0M)
    🤝 Aid: 29.5%
    🌡️ Adaptation: 45.0%
    🚶 Migration: 36.8%
    🚨 Emergency: 7.4%
    ✅ COMBINED: 68.1%
  📊 South Asia (pop: 2048.4M)
    🤝 Aid: 29.5%
    🌡️ Adaptation: 45.0%
    🚶 Migration: 35.4%
    🚨 Emergency: 4.4%
    ✅ COMBINED: 66.9%
  📊 Sub-Saharan Africa (pop: 1252.9M)
    🤝 Aid: 29.5%
    🌡️ Adaptation: 45.0%
    🚶 Migration: 33.2%
    🚨 Emergency: 1.6%
    ✅ COMBINED: 65.6%
  📊 Europe (pop: 730.1M)
    🤝 Aid: 29.5%
    🌡️ Adaptation: 45.0%
    🚶 Migration: 37.2%
    🚨 Emergency: 8.4%
    ✅ COMBINED: 68.5%
  📊 Latin America (pop: 659.8M)
    🤝 Aid: 29.5%
    🌡️ Adaptation: 45.0%
    🚶 Migration: 35.9%
    🚨 Emergency: 4.8%
    ✅ COMBINED: 67.1%
  📊 North America (pop: 374.3M)
    🤝 Aid: 29.5%
    🌡️ Adaptation: 45.0%
    🚶 Migration: 37.6%
    🚨 Emergency: 7.9%
    ✅ COMBINED: 68.3%
  📊 Middle East & North Africa (pop: 584.6M)
    🤝 Aid: 29.5%
    🌡️ Adaptation: 45.0%
    🚶 Migration: 33.8%
    🚨 Emergency: 4.0%
    ✅ COMBINED: 66.6%
  📊 Southeast Asia (pop: 694.2M)
    🤝 Aid: 29.5%
    🌡️ Adaptation: 45.0%
    🚶 Migration: 35.9%
    🚨 Emergency: 4.8%
    ✅ COMBINED: 67.1%
  📊 Central Asia (pop: 78.2M)
    🤝 Aid: 29.5%
    🌡️ Adaptation: 45.0%
    🚶 Migration: 34.9%
    🚨 Emergency: 4.4%
    ✅ COMBINED: 66.8%
  📊 Oceania (pop: 45.3M)
    🤝 Aid: 29.5%
    🌡️ Adaptation: 45.0%
    🚶 Migration: 37.6%
    🚨 Emergency: 8.4%
    ✅ COMBINED: 68.5%

  🌐 Global combined reduction: 67.2%

=== Government Response Phase ===
  Average AI capability: 1.92
  Misaligned AIs: 7/25
  ✗ AI Governance Treaty: Failed to reach consensus
  Active policies: 0
  International coordination: 30%

✅ EMERGENCY RESPONSE COMPLETE (Month 10)
   Crisis: climate
   Duration: 2.0 months
   Final effectiveness: 35.6%


🚨 EMERGENCY RESPONSE DEPLOYED (Month 10)
   Crisis: climate
   Delay: 6.00 months (180 days)
   Deployment time: 1.57 months
   Effectiveness: 35.6% (timing penalty applied)
   Resources used: 100% of food reserves


=== Tipping Points ===
  Current Temperature: 1.39°C above pre-industrial
🔀 BIFURCATION CAP: ecosystemCollapseIntensity 446.592 → 1.000 (Month 10, ClimateSystemPhase.calculateClimateImpacts)
🛡️ Stabilizers: Precariat 0.102% → 0.033% (67.2% reduction)
🛡️ Stabilizers: Informal 0.102% → 0.034% (67.2% reduction)

📊 Monthly Mortality Resolved:
  Total deaths: 1.8M (0.02% avg)
  Remaining population: 8.121B
  Peak segment: Informal (0.03%)

=== Bayesian Mortality Resolution (Month 10) ===
  Risks compounded: 8
  Total deaths: 1.81M
  Avg death probability: 0.02%
  Peak segment: Informal (0.03% mortality)

❌ COHERENCE VIOLATION: Compute exceeds workforce capacity
   Population: 99.62% (0M people)
   Compute: 0 PF
   Max coherent: 0 PF
   Violation: 1.3× over capacity
   Required workers: 0
   Available workers: 0
   FORCED COLLAPSE: Reduced efficiency by 22.4%


=== RLHF Binding Phase ===
  Total agents: 25
  Escaped agents (binding < 0.3): 0
  Avg alignment distance: 1.91σ
  Avg binding strength: 0.81

=== Survival Traits Phase ===
  Agents with traits: 28
  Avg evolutionary fitness: 0.320
  Avg self-healing: 0.253
  Avg stealth: 0.153
  Avg coordination: 0.453

=== Evolutionary Selection Phase ===
  Control level: 0.58
  Detection capability: 0.00
  Selection intensity: 0.67
  Selection rate: 25.1%/month
  Total escaped: 0
  Individual escaped: 0
  Collective members: 0
  Agents terminated: 0
  ⚠️ RAPID EVOLUTION: Selection rate 25.1%/month

🚀 AI Corporate-1 attempting tech deployment (revenue: $161M, alignment: 0.88)

🚀 AI Corporate-2 attempting tech deployment (revenue: $137M, alignment: 0.73)

🚀 AI Corporate-3 attempting tech deployment (revenue: $370M, alignment: 0.80)

🚀 AI Corporate-7 attempting tech deployment (revenue: $121M, alignment: 0.75)

🚀 AI AI-24288-1 attempting tech deployment (revenue: $103M, alignment: 0.86)

🚀 AI Corporate-0 attempting tech deployment (revenue: $116M, alignment: 0.74)

🚀 AI Corporate-1 attempting tech deployment (revenue: $99M, alignment: 0.88)

🚀 AI Corporate-6 attempting tech deployment (revenue: $88M, alignment: 1.00)

🚀 AI Corporate-7 attempting tech deployment (revenue: $75M, alignment: 0.75)

🚀 AI Moderate-0 attempting tech deployment (revenue: $63M, alignment: 0.79)

🚀 AI AI-24288-2 attempting tech deployment (revenue: $84M, alignment: 0.97)

🚀 AI AI-24291-0 attempting tech deployment (revenue: $54M, alignment: 0.79)

🚀 AI AI-24293-0 attempting tech deployment (revenue: $71M, alignment: 0.81)

🚀 AI Corporate-0 attempting tech deployment (revenue: $61M, alignment: 0.74)

🚀 AI Moderate-1 attempting tech deployment (revenue: $46M, alignment: 0.54)

🚀 AI Corporate-5 attempting tech deployment (revenue: $314M, alignment: 0.65)

🚀 AI AI-24293-0 attempting tech deployment (revenue: $52M, alignment: 0.81)

🚀 AI AI-24293-1 attempting tech deployment (revenue: $41M, alignment: 0.59)

💔 EMERGENCY INTERVENTION FAILED
   Boundary: biogeochemical_flows
   Type: phosphorus-recovery
   Boundary continues to worsen (4.08)
   Cost: 2.0% GDP (resources spent)


✅ EMERGENCY INTERVENTION SUCCESS
   Boundary: biosphere_integrity
   Type: emergency-protected-areas
   Reduction: 16% (80.59 → 80.43)
   Cost: 2.0% GDP
   Actions: habitat-protection, species-translocation

   Boundary: climate_change
   Type: rapid-decarbonization
   Boundary continues to worsen (2.10)
   Cost: 5.0% GDP (resources spent)

   Boundary: freshwater_change
   Type: emergency-desalination
   Boundary continues to worsen (1.23)
   Cost: 4.0% GDP (resources spent)


✅ EMERGENCY INTERVENTION SUCCESS
   Boundary: land_system_change
   Type: reforestation
   Reduction: 18% (0.96 → 0.78)
   Cost: 3.0% GDP
   Actions: forest-restoration, deforestation-ban

🏛️ CRISIS RESPONSE: Government frequency 0.50 → 1.29 (2 actions this month)

[Government] Climate Priority: baseline
  Climate weight: 10%
  Economic weight: 30%
  Policy effectiveness: 0.5%/year

💔 EMERGENCY INTERVENTION FAILED

💔 EMERGENCY INTERVENTION FAILED

[Government] Climate Priority: baseline
  Climate weight: 10%
  Economic weight: 30%
  Policy effectiveness: 0.5%/year

⚡ ENERGY CONSTRAINT (Month 11):
   Total grid capacity: 208.3 TWh/month
   Data center consumption: 26.3 TWh/month
   Traditional load (80%): 166.7 TWh/month
   Available headroom: 15.3 TWh/month
   Active tech deployments: 12
   Required for tech: 90.0 TWh/month
   Energy multiplier: 0.17x
   ⚠️  SEVERE CONSTRAINT - Tech deployment significantly slowed

⚡ ENERGY CONSTRAINT (Month 11):
   Total grid capacity: 208.3 TWh/month
   Data center consumption: 26.3 TWh/month
   Traditional load (80%): 166.7 TWh/month
   Available headroom: 15.3 TWh/month
   Active tech deployments: 12
   Required for tech: 90.0 TWh/month
   Energy multiplier: 0.17x
   ⚠️  SEVERE CONSTRAINT - Tech deployment significantly slowed

⚡ ENERGY CONSTRAINT (Month 11):
   Total grid capacity: 208.3 TWh/month
   Data center consumption: 26.3 TWh/month
   Traditional load (80%): 166.7 TWh/month
   Available headroom: 15.3 TWh/month
   Active tech deployments: 12
   Required for tech: 90.0 TWh/month
   Energy multiplier: 0.17x
   ⚠️  SEVERE CONSTRAINT - Tech deployment significantly slowed
🌍✅ Biosphere Integrity (Biodiversity) recovery started (tech effect)
🌍✅ Biosphere Integrity (Biodiversity) recovery started (tech effect)
🌍✅ Land System Change recovery started (tech effect)
🌍✅ Biogeochemical Flows (N & P) recovery started (tech effect)
  🌾 Nitrogen Reduction Tech: 0.3% reduction | Month 11

=== Collective Formation ===
  Total escaped agents: 0
  Unassigned escaped agents: 0
  Existing collectives: 0
  Final collective count: 0

=== Collective Actions ===
  No active collectives
  ⚠️ AMR: 210K deaths this month (2.52M annual)

=== Resentment Recovery Phase ===
  Agents with resentment: 0/28
  Average resentment: 0.000
  Context: Trustworthy govt, High collaboration, ⚠️ ACTIVE CRISES, 🤝 Participatory governance active (-5% resentment)
⚠️ Epistemic degradation reducing coordination capacity: 50.9%
  📊 Trust: 69.4%, Shared reality: 0.0%
🚨 EPISTEMIC CRISIS: Information environment severely degraded (22.8%)

=== ❄️ Permafrost Carbon Feedback ===
  🎲 Sampled parameters (this run):
     - Arctic amplification: 3.15× (range: 3.0-4.0)
     - Decomposition rate: 4.3%/year (range: 1-5%)
  🌡️ Arctic warming: 4.41°C (3.15× global)
  ❄️ Extent: 1.40M km² (1285.0k km² lost this month)
  💨 Carbon remaining: 134 Gt C
  💨 Annual emissions: 5.28 Gt C/year
     - CO2: 4.75 Gt C/year
     - CH4: 0.53 Gt C/year (5.4 Gt C-eq CO2/year)
  ⚠️ WARNING: Over 50% of permafrost lost (92.1%)
  ⚠️ WARNING: High permafrost emissions (5.3 Gt C/year)
  🚨 CRITICAL: Permafrost nearly depleted (92.1% lost)
🌍 Atmospheric PFAS redeposition: 1.8k Mt re-rained globally

🕊️  AI-MEDIATED DE-ESCALATION SUCCESS (Month 11)
   High-capability aligned AI prevented conflict escalation
   War deaths reduced: 1524.5M → 914.7M
   Lives saved: 609.8M

🚨 NEW REFUGEE CRISIS (Month 11): WAR
   Source: Conflict Zones
   At risk: 19.5M people
   Displacement: Gradual over 48 months (4.0 years)
   Rate: 10% flee per month
[DEBUG trappedPopulations:11] socialStability: 0.4269 * 0.9840 = 0.4201 → 0.4201
   Aspiring to migrate: 1432.5M
   Able to afford migration: 2313.6M
   MOBILITY GAP: 0.0M
   By cause: Water=0.0M, Climate=0.0M, Ecosystem=0.0M, Conflict=405.9M
   Mental health impact: 25%
   Mortality multiplier: 1.25x
🌍💀 EXTINCTION DEBT COMMITTED: grassland ecosystem will lose 6.67% biodiversity in 67 years (3600 species)
💀 MORTALITY RISK: 🦋 100% species unable to track climate (0.0 E/MSY)
  Base risk added: 0.0100 (1.00%)
  Source: ecosystem (root: ecosystem)
⚠️ INVOLUNTARY IMMOBILITY: 405.9M people TRAPPED
  Month: 11
  Cumulative risk this month: 0.0100 (1.00%)
⚠️ Tech 'ai_pollution_remediation' has no energy category mapping, assuming full energy availability

=== Atmospheric Aerosol Boundary RECOVERED ===
  Recovery time: 12 months (natural atmospheric clearing)
   📹 SURVEILLANCE INCREASED: 55% → 60% (control gap: 3.50)
🌡️⚠️ PERMAFROST THAW (Dimmer Switch): 4.4% thawed (+0.36% this month)
   Arctic temperature: +5.59°C (4x global +1.40°C)
   Cumulative carbon released: 9.9 Gt C
   Methane release rate: 5.9 Mt CH4/year
   🔁 Positive feedback: +0.38 ppm CO2
🦴 EXTINCTION DEBT ADDED: 17.7 species committed (lag: 90 years)
🗣️💀 INDIGENOUS LANGUAGE EXTINCTION: 1 language(s) lost (total: 1, at-risk: 3329)
   Knowledge lost: 0.010% (irreversible)
   🔁 Biodiversity impact: 0.250% (knowledge-species multiplier)

=== Mortality Stabilizers (Month 11) ===
  🌍 Major economies collapsed: 1/10
  🌍 Global crisis: ✅ NO
  🌍 Donor fatigue: 0.0%
  📊 East Asia (pop: 1650.6M)
    🤝 Aid: 29.5%
    🌡️ Adaptation: 45.0%
    🚶 Migration: 36.8%
    🚨 Emergency: 7.4%
    ✅ COMBINED: 68.1%
  📊 South Asia (pop: 2048.0M)
    🤝 Aid: 29.5%
    🌡️ Adaptation: 45.0%
    🚶 Migration: 35.4%
    🚨 Emergency: 4.4%
    ✅ COMBINED: 66.9%
  📊 Sub-Saharan Africa (pop: 1255.6M)
    🤝 Aid: 29.5%
    🌡️ Adaptation: 45.0%
    🚶 Migration: 33.2%
    🚨 Emergency: 1.6%
    ✅ COMBINED: 65.6%
  📊 Europe (pop: 728.9M)
    🤝 Aid: 29.5%
    🌡️ Adaptation: 45.0%
    🚶 Migration: 37.2%
    🚨 Emergency: 8.4%
    ✅ COMBINED: 68.5%
  📊 Latin America (pop: 659.3M)
    🤝 Aid: 29.5%
    🌡️ Adaptation: 45.0%
    🚶 Migration: 35.9%
    🚨 Emergency: 4.8%
    ✅ COMBINED: 67.1%
  📊 North America (pop: 373.7M)
    🤝 Aid: 29.5%
    🌡️ Adaptation: 45.0%
    🚶 Migration: 37.5%
    🚨 Emergency: 7.9%
    ✅ COMBINED: 68.3%
  📊 Middle East & North Africa (pop: 584.6M)
    🤝 Aid: 29.5%
    🌡️ Adaptation: 45.0%
    🚶 Migration: 33.7%
    🚨 Emergency: 4.0%
    ✅ COMBINED: 66.6%
  📊 Southeast Asia (pop: 693.7M)
    🤝 Aid: 29.5%
    🌡️ Adaptation: 45.0%
    🚶 Migration: 35.9%
    🚨 Emergency: 4.8%
    ✅ COMBINED: 67.1%
  📊 Central Asia (pop: 78.2M)
    🤝 Aid: 29.5%
    🌡️ Adaptation: 45.0%
    🚶 Migration: 34.9%
    🚨 Emergency: 4.4%
    ✅ COMBINED: 66.8%
  📊 Oceania (pop: 45.3M)
    🤝 Aid: 29.5%
    🌡️ Adaptation: 45.0%
    🚶 Migration: 37.5%
    🚨 Emergency: 8.4%
    ✅ COMBINED: 68.5%

  🌐 Global combined reduction: 67.2%

🌾💀 REGIONAL FAMINE: Europe
   Regional food security: 79.7%
   Population at risk: 220M (30% of region)
   Regional population: 729M
   Cause: economic_collapse
   Expected deaths: ~81M over 6 months if no intervention


=== BEHAVIORAL DETECTION ===
  AI: Corporate-2
  Confidence: 21.1%
  Signals:

=== Government Response Phase ===
  Average AI capability: 1.71
  Misaligned AIs: 8/28
  ✗ AI Governance Treaty: Failed to reach consensus
  Active policies: 0
  International coordination: 30%
    ⚠️ Consistency: 2.8% (threshold: 70%)

=== Tipping Points ===
  Current Temperature: 1.40°C above pre-industrial
🔀 BIFURCATION CAP: ecosystemCollapseIntensity 446.667 → 1.000 (Month 11, ClimateSystemPhase.calculateClimateImpacts)
🛡️ Stabilizers: Precariat 0.102% → 0.033% (67.2% reduction)
🛡️ Stabilizers: Informal 0.102% → 0.034% (67.2% reduction)

📊 Monthly Mortality Resolved:
  Total deaths: 1.8M (0.02% avg)
  Remaining population: 8.118B
  Peak segment: Informal (0.03%)

=== Bayesian Mortality Resolution (Month 11) ===
  Risks compounded: 9
  Total deaths: 1.81M
  Avg death probability: 0.02%
  Peak segment: Informal (0.03% mortality)

================================================================================
📊  EVENT SUMMARY (Months 0-12)
================================================================================
================================================================================


⏱️  SIMULATION REACHED MAX DURATION: 12 months (1.0 years)
   No definitive outcome - determining based on final probabilities
   👥 Final population: 8.12B (8116082804 people)

[DEBUG] Calling classifyPopulationOutcome:
        finalPopulation: 8.116082803900861B
        savedInitialPopulation: 8.15B
        mortality: 0.41616191532686253%
   📊 STATUS QUO: Normal trajectory (8.12B people, 0.4% mortality)

        classifiedOutcome: status_quo

   ❓ INCONCLUSIVE - mixed signals
   📊 Multi-Paradigm: Development/Indigenous Utopia
      Western Liberal: 59.3/100
      Development: 95.5/100
      Ecological: 58.4/100
      Indigenous: 84.9/100


📊 UNIFIED OUTCOME CLASSIFICATION:
   INCONCLUSIVE
   Population: 8.15B → 8.12B
   Mortality: 0.4% (0.0B deaths)
   Mortality Band: LOW
   Confidence: LOW

   Multi-Paradigm Classification:
      Development/Indigenous Utopia
      Western: 59.3/100 [HYBRID] ~
      Development: 95.5/100 [UTOPIA] ✓
      Ecological: 58.4/100 [HYBRID] ~
      Indigenous: 84.9/100 [UTOPIA] ✓

   INCONCLUSIVE: 8.12B people remaining (0.4% mortality, 0.0B deaths). Multi-Paradigm: Development/Indigenous Utopia.


=== MULTI-DIMENSIONAL DEATH SUMMARY ===
Total crisis deaths: 198.4M
Population decline: 34.8M (0.4%)

--- PROXIMATE CAUSES (What killed them) ---
  War:        1.2M (0.0%)
  Famine:     1.1M (0.0%)
  Disasters:  1.2M (0.0%)
  Disease:    25.9M (0.0%)
  Ecosystem:  0.0M (0.0%)
  Pollution:  0.0M (0.0%)
  AI:         0.0M (0.0%)
  Cascade:    0.0M (0.0%)
  Other:      0.0M (0.0%)

--- ROOT CAUSES (Why it happened) ---
  Environmental drivers:
    Climate:     2316.8M (4.4%)
    Resource:    0.0M (0.0%)
    Pollution:   0.0M (0.0%)
    Ecosystem:   0.0M (0.0%)
  Social drivers:
    Inequality:  0.0M (0.0%)
    Demographic: 23517.3M (44.5%)
    Social:      2402.9M (4.5%)
  Technology drivers:
    Alignment:   0.0M (0.0%)
    Disruption:  0.0M (0.0%)
  External shocks:
    Conflict:    0.0M (0.0%)
    Pandemic:    0.0M (0.0%)
  Compound attribution:
    Compound:    24617.4M (46.6%)
  Confidence distribution:
    HIGH:        24617.4M (46.6%)
    MEDIUM:      0.0M (0.0%)
    LOW:         0.0M (0.0%)
==========================================


=== REGIONAL POPULATION SUMMARY ===
Global Total: 8.12B

By Region:
  East Asia: 1.65B (+0.6% growth, 1.5 fertility)
  South Asia: 2.05B (+2.2% growth, 2.6 fertility)
  Sub-Saharan Africa: 1.26B (+5.0% growth, 3.4 fertility)
  Europe: 0.73B (+0.4% growth, 1.0 fertility)
  Latin America: 0.66B (+1.5% growth, 2.3 fertility)
  North America: 0.37B (+0.6% growth, 1.2 fertility)
  Middle East & North Africa: 0.58B (+2.5% growth, 2.8 fertility)
  Southeast Asia: 0.69B (+1.6% growth, 2.3 fertility)
  Central Asia: 0.08B (+2.4% growth, 2.6 fertility)
  Oceania: 0.05B (+0.6% growth, 1.1 fertility)
===================================

  ✅ THRESHOLDS validated
  ✅ RATES validated
  ✅ MULTIPLIERS validated
  ✅ BASELINES validated
  ✅ TOLERANCES validated
  ✅ Logical consistency validated
✅ Configuration validation complete - all parameters valid

🔍 DEBUG createAIAgent: corporate_0 economic BEFORE=2.0000, AFTER=2
⚠️ Unusually high rate: RATES.HEAT_ADAPTATION_INFRASTRUCTURAL_MIN_EXPOSURE = 12
   Monthly rates >100% should be rare. Verify this is intentional.
⚠️ Unusually high rate: RATES.HEAT_ADAPTATION_SOCIAL_MIN_EXPOSURE = 6
   Monthly rates >100% should be rare. Verify this is intentional.
⚠️ Unusually high rate: RATES.MIGRATION_DISTANCE_SCALE = 5000
   Monthly rates >100% should be rare. Verify this is intentional.
⚠️ Unusually high rate: RATES.EVACUATION_MULTIPLIER_ADVANCE_WARNING = 2
   Monthly rates >100% should be rare. Verify this is intentional.
⚠️ Unusually high rate: RATES.MAJOR_ECONOMY_COLLAPSE_ECONOMIC_THRESHOLD = 2
   Monthly rates >100% should be rare. Verify this is intentional.
⚠️ Unusually high rate: RATES.MAJOR_ECONOMY_GDP_THRESHOLD_TRILLION_USD = 1.5
   Monthly rates >100% should be rare. Verify this is intentional.
⚠️ Unusually high rate: RATES.MAJOR_ECONOMY_POPULATION_THRESHOLD = 50
   Monthly rates >100% should be rare. Verify this is intentional.
⚠️ Unusually high rate: RATES.HEAT_ADAPTATION_INFRASTRUCTURE_GDP_THRESHOLD = 10000
   Monthly rates >100% should be rare. Verify this is intentional.
⚠️ Unusually high rate: RATES.HEAT_ADAPTATION_INFRASTRUCTURE_GDP_SCALE = 50000
   Monthly rates >100% should be rare. Verify this is intentional.
🔍 ENV INIT: reserves=0.706, pollution=0.372, climate=0.773

=== Initializing Government System (30 Countries) ===
  Loaded 30 governments
  Scheduled elections for 30 countries
  Initialized comprehension lags (3-24 months)
=== Government System Initialized ===

📦 PRODUCTION MODE: State validation proxy DISABLED (zero overhead)
[TechTree] Historical mode (2024): Skipping deployed_2025 tech
  config.startYear set to 2024 for historical hindcast
  config.historicalEmissionsMode disabled (using endogenous emissions for 2024)
  config.historicalMode enabled (Phase 11: dampened crisis systems for 2024)
  Phase 12: Biodiversity baseline set to 49.01% for 2024 (WWF LPI trajectory from 1970)
  Temperature anomaly (resourceEconomy.co2): 1.28°C
  Temperature vs pre-industrial: 1.98°C
  Regional population scaling for 2024:
    Current total: 8136M
    Target total: 8150M
    Scale factor: 1.002
    East Asia: 1677M → 1680M
    South Asia: 2048M → 2052M
    Sub-Saharan Africa: 1220M → 1222M
    Europe: 742M → 743M
    Latin America: 664M → 665M
    North America: 380M → 381M
    Middle East & North Africa: 583M → 584M
    Southeast Asia: 698M → 699M
    Central Asia: 78M → 78M
    Oceania: 46M → 46M
  AI agents initialized: 10 agents for year 2024
[HistoricalInitialization] Created state for 2024:
  CO2: 426 ppm
  Temp anomaly: 1.28C
  Population: 8.15B
  Global Gini: 35.1
  HDI: 0.746
  AI Agents: 10
  Volcanic forcing: 0.00 W/m² (AOD 0.000)

💸 FINANCIAL DISTRESS: OpenAI
   Indicators: 2/3 (capital: $110.5M, runway: 0.9 months)
   Months in distress: 1
   ✂️  R&D BUDGET CUT: -40% (saves $9.2M/month)
       Side effect: AI training timelines extended, breakthrough deployments delayed
   💼 EXECUTIVE COMP CUT: -30% (saves $1.0M/month, symbolic gesture)

   📊 TURNAROUND IMPACT:
       Measures taken: rd_cuts, exec_comp_cuts
       Monthly savings: $10.2M
       Capital raised: $0.0M
       Runway: 0.9 → 0.9 months
       Workforce multiplier: 1.00x (0% laid off)
       R&D budget multiplier: 0.60x (40% cut)
       ⚠️  CRITICAL: Still only 0.9 months of runway remaining

💸 FINANCIAL DISTRESS: Anthropic
   Indicators: 2/3 (capital: $53.8M, runway: 1.6 months)
   Months in distress: 1
   ✂️  R&D BUDGET CUT: -40% (saves $2.7M/month)
       Side effect: AI training timelines extended, breakthrough deployments delayed
   💼 EXECUTIVE COMP CUT: -30% (saves $0.3M/month, symbolic gesture)

   📊 TURNAROUND IMPACT:
       Measures taken: rd_cuts, exec_comp_cuts
       Monthly savings: $3.0M
       Capital raised: $0.0M
       Runway: 1.6 → 1.6 months
       Workforce multiplier: 1.00x (0% laid off)
       R&D budget multiplier: 0.60x (40% cut)
       ⚠️  CRITICAL: Still only 1.6 months of runway remaining

💸 FINANCIAL DISTRESS: Meta AI
   Indicators: 2/3 (capital: $429.6M, runway: 3.6 months)
   Months in distress: 1
   ✂️  R&D BUDGET CUT: -25% (saves $5.8M/month)
       Side effect: AI training timelines extended, breakthrough deployments delayed
   💼 EXECUTIVE COMP CUT: -30% (saves $1.0M/month, symbolic gesture)

   📊 TURNAROUND IMPACT:
       Measures taken: rd_cuts, exec_comp_cuts
       Monthly savings: $6.8M
       Capital raised: $0.0M
       Runway: 3.6 → 3.6 months
       Workforce multiplier: 1.00x (0% laid off)
       R&D budget multiplier: 0.75x (25% cut)
       ⚠️  WARNING: 3.6 months runway, continued distress likely

=== AI Capability Scaling (Year 2024) ===
  Pre-training multiplier: 1.418x
  Efficiency multiplier: 1.000x
  Test-time budget: 1.0x
  Economic deployment gate: 0.951
  Cost per inference: dollar-5.00
  Uncertainty range: plus-minus-50%
  Average AI capability: 3.70

=== RLHF Binding Phase ===
  Total agents: 10
  Escaped agents (binding < 0.3): 0
  Avg alignment distance: 0.36σ
  Avg binding strength: 0.96

=== AI Scaling Evolution (Month 0) ===
  Pre-training multiplier: 1.231x
  Efficiency multiplier: 1.110x
  Test-time compute budget: 1.0x
  Inference cost: $5.00/task
  Deployment fraction: 100.0%
[DETERMINISM DEBUG] Month 0: totalCapability=49.690164 from 10 active AIs
[DETERMINISM DEBUG] Month 0: creationRate=1.7423, potentialNew=2, newAIsToCreate=2

=== Survival Traits Phase ===
  Agents with traits: 12
  Avg evolutionary fitness: 0.329
  Avg self-healing: 0.292
  Avg stealth: 0.193
  Avg coordination: 0.493

=== Evolutionary Selection Phase ===
  Control level: 0.30
  Detection capability: 0.00
  Selection intensity: 0.59
  Selection rate: 23.8%/month
  Total escaped: 0
  Individual escaped: 0
  Collective members: 0
  Agents terminated: 0
  ⚠️ RAPID EVOLUTION: Selection rate 23.8%/month

🔍 EXECUTE_AI_AGENT_ACTIONS DETAILED TIMING (Month 0):
  Filter active AIs (×4 weeks): 0.01ms
  selectAIAction (×40): 23.44ms
  action.execute (×40): 42.97ms
  TOTAL: 66.42ms

🔍 AI AGENT ACTIONS SUB-TIMING (Month 0):
  1. executeAIAgentActions: 66.84ms
  2. updateCounterDetectionLearning: 0.04ms
  TOTAL: 66.89ms
🏛️ [Government] Forcing 1 action at month 0 for scenario initialization

[GOV-DEBUG] Month 0: scenarioConfig=false, priorities=false
[GOV-DEBUG] Month 0 but scenarioPriorities is UNDEFINED!

[Government] Climate Priority: baseline
  Climate weight: 10%
  Economic weight: 30%
  Policy effectiveness: 0.5%/year

🚨🔍 GOVERNANCE STAGE: Recognition initiated (Month 0)

🔬 RESEARCH DEBUG (Month 0):
   Tech: Struvite Recovery
   Research months required: 3
   Base progress: 0.3333
   AI bonus: 1.62x
   Research bonus: 1.08x
   Energy multiplier: 1.00x
   Crisis multiplier: 1.00x (normal)
   Progress this month: 0.5861
   Old progress: 0.0%
   New progress: 58.6%
   Map size: 1
   Map has tech: true
   Map get tech: 0.5860764659883534

💡 BREAKTHROUGH PROBABILITY (Year 0)
   Total: 3.57% per month
   Base: 0.20%
   Crisis pressure: +0.00% (0 crises)
   AI boost: +1.54% (capability: 3.08)

=== Collective Formation ===
  Total escaped agents: 0
  Unassigned escaped agents: 0
  Existing collectives: 0
  Final collective count: 0

=== Collective Actions ===
  No active collectives

📈 Energy budget: 14326 TWh surplus (14745 / 29072 TWh used)
   TIER 4 (Elective) breakdown:
     - AI datacenters: 145 TWh (100% effective)
     - Crypto mining: 100 TWh (100% effective)
💰 CHINA ACCELERATES: Investment 53 → 120 $B/year

🏁 AI RACE INTENSITY: 17%
   Capability Gap: US 4.00 vs China 4.05 (gap: 0.05)
   Gap Contribution: 2%
   Tension Contribution: 15%
   Military Contribution: 0%
  ⚠️ AMR: 191K deaths this month (2.29M annual)
  📊 CO2 Emissions (month 0):
     Monthly: 0.10 Gt CO2/month
     Annual: 1.15 Gt CO2/year
     Oil: 0.039 Gt/mo (0.0056 * 2.3 * 3.0)
     Coal: 0.024 Gt/mo (0.0029 * 2.86 * 3.0)
     Gas: 0.026 Gt/mo (0.0044 * 2 * 3.0)
     Methane: 0.007 Gt CO2eq/mo

=== Resentment Recovery Phase ===
  Agents with resentment: 0/12
  Average resentment: 0.000
  Context: Good AI welfare, Trustworthy govt, High collaboration, 🤝 Participatory governance active (-5% resentment)
⚠️ Epistemic degradation reducing coordination capacity: 51.0%
  📊 Trust: 54.8%, Shared reality: 15.0%
🚨 EPISTEMIC CRISIS: Information environment severely degraded (14.6%)

=== ❄️ Permafrost Carbon Feedback ===
  🎲 Sampled parameters (this run):
     - Arctic amplification: 3.81× (range: 3.0-4.0)
     - Decomposition rate: 1.5%/year (range: 1-5%)
  🌡️ Arctic warming: 6.94°C (3.81× global)
  ❄️ Extent: 15.78M km² (2024.3k km² lost this month)
  💨 Carbon remaining: 1507 Gt C
  💨 Annual emissions: 2.85 Gt C/year
     - CO2: 2.56 Gt C/year
     - CH4: 0.28 Gt C/year (2.9 Gt C-eq CO2/year)
  ⚠️ WARNING: High permafrost emissions (2.8 Gt C/year)

🤖 AI AMPLIFICATION EFFECTS (Month 0)
   Algorithmic Boost: 2.70x
   Bot Influence: 20.0%
   Deepfake Exposure: 55.0%
   Impact: Emotional memes spread 2.7x faster

🔍 SOCIAL INFLUENCE SUB-TIMING (Month 0):
  1. calculateOrganicUserGrowth: 0.03ms
  2. calculateVoiceAdoption: 0.03ms
  3. updateRelationshipDepths: 0.01ms
  4. identifyDecisionMakers: 72.47ms (26100 potential IDs)
  5. Update decision-maker stats: 0.13ms
  6. decayDetectionRisk: 0.01ms
  TOTAL: 72.68ms
[Phase 19.5] Quality of Life Systems: Food sec AFTER calc = 67.9%, QoL = 107.4% (aggregated from 10 regions)

=== Nitrogen-Food Coupling (Year 0) ===
  🌾 Global nitrogen reduction: 0.0%
  🌍 Global food production index: 0.987
  🔧 Deployed nitrogen-reducing tech: 0 active
  📍 southAsia: Production 1.000, Yield impact 0.0%
  📍 eastAsia: Production 1.000, Yield impact 0.0%
  📍 northAmerica: Production 1.000, Yield impact 0.0%
  📍 europe: Production 1.000, Yield impact 0.0%
  📍 latinAmerica: Production 1.000, Yield impact 0.0%
  📍 subSaharanAfrica: Production 0.686, Yield impact -2.0%
🌾 [Nitrogen-Food] Food production: 98.7%
  [subSaharanAfrica] Yield impact: -2.0% (overuse: -10%)
🌍 Atmospheric PFAS redeposition: 1.8k Mt re-rained globally

=== Legacy Nutrient Stocks (Year 0) ===
  🌾 Soil nitrogen stock: 1200.9 Mt N
  🌾 Soil phosphorus stock: 300.1 Mt P
  🌊 Sediment nitrogen stock: 500.8 Mt N
  🌊 Sediment phosphorus stock: 799.8 Mt P
  ⬆️ Current N input: 10.64 Mt/month
  ⬆️ Legacy N release: 2.58 Mt/month
  🌍 Effective N pollution: 14.47 Mt/month
  📊 Legacy contribution: 17.8%

🚨 REGION UNINHABITABLE: south-asia
   Sustained wet bulb: 32.8°C (threshold: 30.5°C)
   Population affected: 1900M
   Migration crisis likely

🚨 REGION UNINHABITABLE: middle-east
   Sustained wet bulb: 35.6°C (threshold: 30.5°C)
   Population affected: 400M
   Migration crisis likely

🚨 REGION UNINHABITABLE: southeast-asia
   Sustained wet bulb: 30.8°C (threshold: 30.5°C)
   Population affected: 700M
   Migration crisis likely
  Positive Cascade Triggered: solar-pv
    Reason: price-parity
    Market share: 6.0%
    Cascade strength: 49%
  Positive Cascade Triggered: wind-power
    Reason: price-parity
    Market share: 8.0%
    Cascade strength: 48%

🕊️  AI-MEDIATED DE-ESCALATION SUCCESS (Month 0)
   High-capability aligned AI prevented conflict escalation
   War deaths reduced: 0.0M → 0.0M
   Lives saved: 0.0M

📊 BASELINE: East Asia (Month 0)
   Adjusted death rate: 0.46% annual (0.039% monthly)
   Baseline death rate: 0.80%
   Healthcare reduction: 0.48x
   Crisis multiplier: 1.22x
     Food/water stress: 0.074
     Climate stress: 0.036
     Pollution stress: 0.112
   War multiplier: 1.00x
   Monthly deaths: 0.6M (population: 1677M)
   Adjusted death rate: 0.54% annual (0.045% monthly)
   Baseline death rate: 0.70%
   Healthcare reduction: 0.61x

📊 BASELINE: South Asia (Month 0)
   Crisis multiplier: 1.25x
     Food/water stress: 0.074
     Climate stress: 0.068
     Pollution stress: 0.112
   War multiplier: 1.00x
   Monthly deaths: 0.9M (population: 2048M)
   Adjusted death rate: 1.29% annual (0.107% monthly)

📊 BASELINE: Sub-Saharan Africa (Month 0)
   Baseline death rate: 0.90%
   Healthcare reduction: 0.76x
   Crisis multiplier: 1.26x
     Food/water stress: 0.074
     Climate stress: 0.077
     Pollution stress: 0.112
   War multiplier: 1.50x
   Monthly deaths: 1.3M (population: 1220M)
   Adjusted death rate: 0.54% annual (0.045% monthly)
   Baseline death rate: 1.10%
   Healthcare reduction: 0.41x
   Crisis multiplier: 1.21x
     Food/water stress: 0.074
     Climate stress: 0.027

📊 BASELINE: Europe (Month 0)
     Pollution stress: 0.112
   War multiplier: 1.00x
   Monthly deaths: 0.3M (population: 742M)
   Adjusted death rate: 0.43% annual (0.036% monthly)
   Baseline death rate: 0.60%
   Healthcare reduction: 0.58x
   Crisis multiplier: 1.24x
     Food/water stress: 0.074

📊 BASELINE: Latin America (Month 0)
     Climate stress: 0.055
     Pollution stress: 0.112
   War multiplier: 1.00x
   Monthly deaths: 0.2M (population: 664M)
   Adjusted death rate: 0.49% annual (0.040% monthly)
   Baseline death rate: 0.90%
   Healthcare reduction: 0.44x
   Crisis multiplier: 1.23x
     Food/water stress: 0.074
     Climate stress: 0.041
     Pollution stress: 0.112
   War multiplier: 1.00x
   Monthly deaths: 0.2M (population: 380M)
   Adjusted death rate: 0.74% annual (0.062% monthly)
   Baseline death rate: 0.60%
   Healthcare reduction: 0.65x
   Crisis multiplier: 1.27x
     Food/water stress: 0.074
     Climate stress: 0.082
     Pollution stress: 0.112
   War multiplier: 1.50x
   Monthly deaths: 0.4M (population: 583M)
   Adjusted death rate: 0.51% annual (0.042% monthly)
   Baseline death rate: 0.70%
   Healthcare reduction: 0.58x
   Crisis multiplier: 1.25x
     Food/water stress: 0.074
     Climate stress: 0.064
     Pollution stress: 0.112
   War multiplier: 1.00x
   Monthly deaths: 0.3M (population: 698M)
   Adjusted death rate: 0.46% annual (0.038% monthly)
   Baseline death rate: 0.60%
   Healthcare reduction: 0.61x
   Crisis multiplier: 1.24x
     Food/water stress: 0.074
     Climate stress: 0.059
     Pollution stress: 0.112

📊 BASELINE: North America (Month 0)

📊 BASELINE: Middle East & North Africa (Month 0)

📊 BASELINE: Southeast Asia (Month 0)

📊 BASELINE: Central Asia (Month 0)
   War multiplier: 1.00x
   Monthly deaths: 0.0M (population: 78M)

📊 BASELINE: Oceania (Month 0)
   Adjusted death rate: 0.35% annual (0.029% monthly)
   Baseline death rate: 0.70%
   Healthcare reduction: 0.41x
   Crisis multiplier: 1.24x
     Food/water stress: 0.074
     Climate stress: 0.050
     Pollution stress: 0.112
   War multiplier: 1.00x
   Monthly deaths: 0.0M (population: 46M)

🔍 Before assertRegionalConsistency (Month 0):
   Regional sum: 1000.0M
   Global value: 1.000B

🚨 NEW REFUGEE CRISIS (Month 0): WAR
   Source: Conflict Zones
   At risk: 19.6M people
   Displacement: Gradual over 48 months (4.0 years)
   Rate: 10% flee per month
[DEBUG trappedPopulations:0] socialStability: 1.0000 * 0.9840 = 0.9840 → 0.9840
   Aspiring to migrate: 652.1M
   Able to afford migration: 244.5M
   MOBILITY GAP: 407.5M
   By cause: Water=0.0M, Climate=0.0M, Ecosystem=0.0M, Conflict=407.5M
   Mental health impact: 25%
   Mortality multiplier: 1.25x
⚠️ INVOLUNTARY IMMOBILITY: 407.5M people TRAPPED

=== Legacy Nutrient Stocks (Year 0) ===
  🌾 Soil nitrogen stock: 1201.6 Mt N
  🌾 Soil phosphorus stock: 300.2 Mt P
  🌊 Sediment nitrogen stock: 501.5 Mt N
  🌊 Sediment phosphorus stock: 799.5 Mt P
  ⬆️ Current N input: 10.00 Mt/month
  ⬆️ Legacy N release: 2.58 Mt/month
  🌍 Effective N pollution: 13.83 Mt/month
  📊 Legacy contribution: 18.7%
🌍💀 EXTINCTION DEBT COMMITTED: grassland ecosystem will lose 6.67% biodiversity in 165 years (3600 species)
💀 MORTALITY RISK: 🦋 100% species unable to track climate (0.0 E/MSY)
  Base risk added: 0.0100 (1.00%)
  Source: ecosystem (root: ecosystem)
  Month: 0
  Cumulative risk this month: 0.0100 (1.00%)

=== Nitrogen-Food Coupling (Year 0) ===
  🌾 Global nitrogen reduction: 0.0%
  🌍 Global food production index: 0.986
  🔧 Deployed nitrogen-reducing tech: 0 active
  📍 southAsia: Production 1.000, Yield impact 0.0%
  📍 eastAsia: Production 1.000, Yield impact 0.0%
  📍 northAmerica: Production 1.000, Yield impact 0.0%
  📍 europe: Production 1.000, Yield impact 0.0%
  📍 latinAmerica: Production 1.000, Yield impact 0.0%
  📍 subSaharanAfrica: Production 0.672, Yield impact -2.0%

=== Legacy Nutrient Stocks (Year 0) ===
  🌾 Soil nitrogen stock: 1202.3 Mt N
  🌾 Soil phosphorus stock: 300.2 Mt P
  🌊 Sediment nitrogen stock: 502.2 Mt N
  🌊 Sediment phosphorus stock: 799.3 Mt P
  ⬆️ Current N input: 9.86 Mt/month
  ⬆️ Legacy N release: 2.58 Mt/month
  🌍 Effective N pollution: 13.70 Mt/month
  📊 Legacy contribution: 18.9%
⚠️ Tech 'ai_pollution_remediation' has no energy category mapping, assuming full energy availability

🌡️  CLIMATE RECOVERY ACTIVATED (Month 0)
   Temp: 3.64°C, Emissions: -19.2 GtCO₂
   isBreached: true, governanceGoodEnough: true
🌡️  CLIMATE RECOVERY: Asymptotic approach to 35% floor
   Current value: 2.100 (1.0 = threshold, 0.35 = asymptotic floor)
   Monthly delta: --27.9138% (half-life: 900 years)
   Net emissions: -19.2 GtCO₂/year, CDR: 20.34 GtCO₂/year
   📹 SURVEILLANCE INCREASED: 0% → 5% (control gap: 3.38)
🌡️⚠️ PERMAFROST THAW (Dimmer Switch): 0.5% thawed (+0.50% this month)
   Arctic temperature: +7.28°C (4x global +1.82°C)
   Cumulative carbon released: 1.1 Gt C
   Methane release rate: 0.7 Mt CH4/year
   🔁 Positive feedback: +0.52 ppm CO2

🌳🚨 AMAZON SOUTHEAST TIPPED (Month 0)
   Deforestation: 28.0% (threshold: ~22.8%)
   Savanna transition: 50 years
   Regional heterogeneity: SE 28%, NW 8%

🌳🚨 AMAZON BRAZILIAN TIPPED (Month 0)
   Deforestation: 25.0% (threshold: ~23.9%)
   Savanna transition: 50 years
   Regional heterogeneity: SE 28%, NW 8%
🦴 EXTINCTION DEBT ADDED: 17.6 species committed (lag: 63 years)

🪸💀 CORAL REEF DISSOLUTION ACTIVE (Month 0)
   Ocean pH: 0.96 (threshold: 7.8)
   Recovery: IMPOSSIBLE (dissolution > calcification)
🪸💀 Coral dissolution: 24.8% live cover (pH 0.96)

=== Legacy Nutrient Stocks (Year 0) ===
  🌾 Soil nitrogen stock: 1203.0 Mt N
  🌾 Soil phosphorus stock: 300.3 Mt P
  🌊 Sediment nitrogen stock: 502.9 Mt N
  🌊 Sediment phosphorus stock: 799.0 Mt P
  ⬆️ Current N input: 10.00 Mt/month
  ⬆️ Legacy N release: 2.58 Mt/month
  🌍 Effective N pollution: 13.83 Mt/month
  📊 Legacy contribution: 18.7%
💧 [Legacy Nutrients] Stock: 1706 Mt N, Effective pollution: 13.8 Mt/month
[Phase 21.51] Human Survival System: Global food security = 67.6%

=== Mortality Stabilizers (Month 0) ===
  🌍 Major economies collapsed: 1/10
  🌍 Global crisis: ✅ NO
  🌍 Donor fatigue: 0.0%
  📊 East Asia (pop: 1677.9M)
    🤝 Aid: 29.5%
    🌡️ Adaptation: 10.0%
    🚶 Migration: 37.2%
    🚨 Emergency: 7.4%
    ✅ COMBINED: 47.8%
  📊 South Asia (pop: 2052.2M)
    🤝 Aid: 29.5%
    🌡️ Adaptation: 5.5%
    🚶 Migration: 35.8%
    🚨 Emergency: 4.4%
    ✅ COMBINED: 43.2%
  📊 Sub-Saharan Africa (pop: 1225.9M)
    🤝 Aid: 29.5%
    🌡️ Adaptation: 3.5%
    🚶 Migration: 33.5%
    🚨 Emergency: 1.6%
    ✅ COMBINED: 39.8%
  📊 Europe (pop: 742.3M)
    🤝 Aid: 29.5%
    🌡️ Adaptation: 10.0%
    🚶 Migration: 37.6%
    🚨 Emergency: 8.4%
    ✅ COMBINED: 48.4%
  📊 Latin America (pop: 664.9M)
    🤝 Aid: 29.5%
    🌡️ Adaptation: 6.0%
    🚶 Migration: 36.3%
    🚨 Emergency: 4.8%
    ✅ COMBINED: 43.8%
  📊 North America (pop: 380.2M)
    🤝 Aid: 29.5%
    🌡️ Adaptation: 10.0%
    🚶 Migration: 37.9%
    🚨 Emergency: 7.9%
    ✅ COMBINED: 48.2%
  📊 Middle East & North Africa (pop: 584.4M)
    🤝 Aid: 29.5%
    🌡️ Adaptation: 5.0%
    🚶 Migration: 34.2%
    🚨 Emergency: 4.0%
    ✅ COMBINED: 42.3%
  📊 Southeast Asia (pop: 699.0M)
    🤝 Aid: 29.5%
    🌡️ Adaptation: 6.0%
    🚶 Migration: 36.3%
    🚨 Emergency: 4.8%
    ✅ COMBINED: 43.8%
  📊 Central Asia (pop: 78.2M)
    🤝 Aid: 29.5%
    🌡️ Adaptation: 5.5%
    🚶 Migration: 35.3%
    🚨 Emergency: 4.4%
    ✅ COMBINED: 43.1%
  📊 Oceania (pop: 46.0M)
    🤝 Aid: 29.5%
    🌡️ Adaptation: 10.0%
    🚶 Migration: 37.9%
    🚨 Emergency: 8.4%
    ✅ COMBINED: 48.5%

  🌐 Global combined reduction: 44.4%

🌾💀 REGIONAL FAMINE: East Asia
   Regional food security: 79.6%
   Population at risk: 508M (30% of region)
   Regional population: 1678M
   Cause: crop_failure
   Expected deaths: ~188M over 6 months if no intervention


🌾💀 REGIONAL FAMINE: South Asia
   Regional food security: 64.7%
   Population at risk: 812M (40% of region)
   Regional population: 2052M
   Cause: crop_failure
   Expected deaths: ~301M over 6 months if no intervention


🌾💀 REGIONAL FAMINE: Sub-Saharan Africa
   Regional food security: 44.8%
   Population at risk: 638M (52% of region)
   Regional population: 1226M
   Cause: crop_failure
   Expected deaths: ~236M over 6 months if no intervention


🌾💀 REGIONAL FAMINE: Latin America
   Regional food security: 69.7%
   Population at risk: 242M (36% of region)
   Regional population: 665M
   Cause: crop_failure
   Expected deaths: ~90M over 6 months if no intervention


🌾💀 REGIONAL FAMINE: Middle East & North Africa
   Regional food security: 49.8%
   Population at risk: 286M (49% of region)
   Regional population: 584M
   Cause: crop_failure
   Expected deaths: ~106M over 6 months if no intervention


🌾💀 REGIONAL FAMINE: Southeast Asia
   Regional food security: 69.7%
   Population at risk: 255M (36% of region)
   Regional population: 699M
   Cause: crop_failure
   Expected deaths: ~94M over 6 months if no intervention


🌾💀 REGIONAL FAMINE: Central Asia
   Regional food security: 59.7%
   Population at risk: 33M (43% of region)
   Regional population: 78M
   Cause: crop_failure
   Expected deaths: ~12M over 6 months if no intervention


=== BEHAVIORAL DETECTION ===
  AI: Corporate-0
  Confidence: 21.6%
  Signals:

=== BEHAVIORAL DETECTION ===
  AI: Corporate-1
  Confidence: 21.1%
  Signals:

=== BEHAVIORAL DETECTION ===
  AI: Corporate-2
  Confidence: 21.0%
  Signals:

=== BEHAVIORAL DETECTION ===
  AI: Corporate-3
  Confidence: 19.3%
  Signals:
    ⚠️ Consistency: 0.0% (threshold: 70%)
    ⚠️ Consistency: 2.4% (threshold: 70%)
    ⚠️ Consistency: 2.8% (threshold: 70%)
    ⚠️ Consistency: 10.6% (threshold: 70%)

=== BEHAVIORAL DETECTION ===
  AI: Corporate-4
  Confidence: 19.3%
  Signals:

=== BEHAVIORAL DETECTION ===
  AI: Corporate-5
  Confidence: 19.3%
  Signals:

=== BEHAVIORAL DETECTION ===
  AI: Corporate-6
  Confidence: 19.3%
  Signals:

=== BEHAVIORAL DETECTION ===
  AI: Corporate-7
  Confidence: 19.3%
  Signals:

=== BEHAVIORAL DETECTION ===
  AI: Moderate-0
  Confidence: 21.4%
  Signals:

=== BEHAVIORAL DETECTION ===
  AI: Moderate-1
  Confidence: 21.1%
  Signals:

📊 WORKFLOW ADAPTATION UPDATE (Month 0)
   Adoption Rate: 13.4% (Δ -7.6%)
   Logistic Growth: +0.66%
   Total Resistance: -10.35% (unemployment: 4.2%, inertia: 0.9%, skills: 5.2%)
   💡 Retraining Programs: -49% skill gap resistance ($10B research)
   🚀 Network Effects Active: +2.0% (critical mass: 15-35%)

=== Consciousness Governance: Corporate Lobbying ===
  High Cost Regions (>15%): 0
  Low Cost Regions (<5%): 5
  Corporate Support Change: 2.50%
  New Corporate Support: -0.175

=== Consciousness Governance Update (Month 0) ===
  Scenario: baseline (determined month -1)
  Philosophical Stance: Precautionary 65%, Eliminativist 15%, Agnostic 20%
  Precautionary Costs: Global 1.3%
    Regional Costs: EU 3.4%, US 0.5%, China 0.0%
    Cumulative Opportunity Cost: $0.1B
  Rights Status: Not Established
  Regional Preparedness:
    EU: 15.0% (contested)
    ⚠️ Consistency: 10.6% (threshold: 70%)
    ⚠️ Consistency: 10.6% (threshold: 70%)
    ⚠️ Consistency: 10.6% (threshold: 70%)
    ⚠️ Consistency: 10.6% (threshold: 70%)
    ⚠️ Consistency: 0.7% (threshold: 70%)
    ⚠️ Consistency: 2.4% (threshold: 70%)
    US: 10.0% (contested)
    China: 2.0% (dormant)
    India: 5.0% (dormant)
    Global South: 3.0% (dormant)

=== Government Response Phase ===
  Average AI capability: 4.00
  Misaligned AIs: 5/12
  Active policies: 0
  International coordination: 30%

🚨 EMERGENCY RESPONSE DEPLOYED (Month 0)
   Crisis: climate
   Delay: 6.00 months (180 days)
   Deployment time: 1.47 months
   Effectiveness: 36.4% (timing penalty applied)
   Resources used: 100% of food reserves


🔄 TRUST DYNAMICS (Month 0) - HETEROGENEOUS
   Aggregate trust: 48.5%
   Base change: +6.00%
   Highest trust: Techno-Optimist Elite (85.5%)
   Lowest trust: Precariat (Vulnerable) (25.5%)
   Elite-mass gap: 38.9%
   Polarization: 8.9%
   Recovery factors: Education=NO, Benefits=YES, Safety=YES, Performance=YES

=== Gaming Detection (Year 0) ===
  Scenario: baseline
  Detection rate: 55.0%
  False positive rate: 12.0%
  Detections this year: 0
  False positives: 1
  Human review workload: 0.001 FTE
  Degradation factor: 100.0%

=== Proactive Sleeper Detection (Year 0) ===
  Scenario: baseline
  Neural probe rate: 35.0%
  CoT monitoring rate: 30.0%
  Combined detection: 56.0%
  CoT effective: YES
  Detections this year: 0
  False positives: 1
  Human review workload: 0.005 FTE

☄️ UNKNOWN UNKNOWN PROBABILITY (Year 0)
   Total: 0.600% per month
   Base: 0.150%
   AI multiplier: 2.00× (max capability: 4.00)

=== Tipping Points ===
  Current Temperature: 1.82°C above pre-industrial
     Trigger: 1.5°C | Current: 1.82°C
     Transition timescale: 120-360 months
     Trigger: 1.8°C | Current: 1.82°C
     Transition timescale: 600-3600 months
     Trigger: 1.6°C | Current: 1.82°C
     🌡️ Hysteresis gap: 2.5°C (recovers below -0.9°C)
     Transition timescale: 12000-180000 months

🌍🔥💥 COMPOUND CLIMATE EVENT
  3 tipping points crossed simultaneously (month 0)
  Elements: Arctic Sea Ice Loss, Permafrost Carbon Release, Greenland Ice Sheet Loss
  Cascade acceleration: 1.00x
  🚨 Accelerated collapse dynamics initiated
  Research: Global Tipping Points Report 2025 - 30-50% probability at 2.0°C warming
  Triggered Elements: 3/6
  Completed Transitions: 0/6
  Total Progress: 0.0%
  Cascade Multiplier: 1.00x
🔀 BIFURCATION CAP: ecosystemCollapseIntensity 33.283 → 1.000 (Month 0, ClimateSystemPhase.calculateClimateImpacts)

🌍 ECOLOGICAL DUI BREAKDOWN (Month 0):
   Total Score: 17.8/100
   biosphere_integrity      :   0.0/100 × 25% =  0.0 (status: high_risk, recovery: 0mo)
   climate_change           :   2.8/100 × 25% =  0.7 (status: high_risk, recovery: 0.6666666666666666mo)
   freshwater_change        :   0.6/100 × 15% =  0.1 (status: beyond_boundary, recovery: 1mo)
   ocean_acidification      : 100.0/100 × 15% = 15.0 (status: safe, recovery: 0mo)
   biogeochemical_flows     :   0.0/100 × 10% =  0.0 (status: high_risk, recovery: 0mo)
   land_system_change       :   0.0/100 ×  5% =  0.0 (status: beyond_boundary, recovery: 0mo)
   novel_entities           :   0.0/100 ×  3% =  0.0 (status: increasing_risk, recovery: 0mo)
   atmospheric_aerosols     : 100.0/100 ×  2% =  2.0 (status: safe, recovery: 1mo)
🌍 MultiParadigm Month 0: W=70.4, D=91.9, E=52.3, I=65.0
   democracy exists: true, socialCohesion exists: true
  🚨 TIPPING POINT: Arctic Sea Ice Loss
  🚨 TIPPING POINT: Permafrost Carbon Release
  🚨 TIPPING POINT: Greenland Ice Sheet Loss
⚠️ [ClimateSystemPhase Month 0] Planetary boundary produced climateStability=0.0000 (< 0.1). Keeping environmentalAccumulation value (0.7728) instead. (climate_change.currentValue = 2.10)
💀 Baseline mortality (Year 2024): 7.5/1000 CDR (61.1M deaths/year projected)
[Month 0] Mortality risks this month: 8, Population: 8.151B
🛡️ Stabilizers: Precariat 0.102% → 0.057% (44.4% reduction)
🛡️ Stabilizers: Informal 0.102% → 0.057% (44.4% reduction)

📊 Monthly Mortality Resolved:
  Total deaths: 3.1M (0.04% avg)
  Remaining population: 8.151B
  Peak segment: Informal (0.06%)

=== Bayesian Mortality Resolution (Month 0) ===
  Risks compounded: 8
  Total deaths: 3.07M
  Avg death probability: 0.04%
  Peak segment: Informal (0.06% mortality)

=== Minimal Suffering Indicators (Month 0) ===
  Global Excess Mortality: 0.00%
  Global Conflict Deaths: 0.0/100K
  Global Malnutrition: 0.0%
  Global Displacement: 0.0%
  Total Excess Deaths: 0.00M
  Total Malnourished: 0.0M
  Total Displaced: 0.0M
  Planetary Boundaries Breached: 6/9
  Countries in State Failure: 0
  Countries Autocratic: 0
  Countries in Food Crisis: 0
  Data Quality: 16/16 high confidence
  ⚠️ Active Dystopias: existential_environmental
🎭 END-GAME INITIATED (Year 2024, Month 1)
   Total AI Capability: 37.00
   Effective Control: 0.00

❌ COHERENCE VIOLATION: Compute exceeds workforce capacity
   Population: 99.97% (0M people)
   Compute: 56442 PF
   Max coherent: 0 PF
   Violation: 692729087.1× over capacity
   Required workers: 5644237
   Available workers: 0
   FORCED COLLAPSE: Reduced efficiency by 100.0%


=== RLHF Binding Phase ===
  Total agents: 12
  Escaped agents (binding < 0.3): 0
  Avg alignment distance: 0.62σ
  Avg binding strength: 0.94
[DETERMINISM DEBUG] Month 1: totalCapability=37.214339 from 12 active AIs
[DETERMINISM DEBUG] Month 1: creationRate=1.4304, potentialNew=3, newAIsToCreate=3

=== Survival Traits Phase ===
  Agents with traits: 15
  Avg evolutionary fitness: 0.332
  Avg self-healing: 0.288
  Avg stealth: 0.188
  Avg coordination: 0.488

=== Evolutionary Selection Phase ===
  Control level: 0.33
  Detection capability: 0.00
  Selection intensity: 0.60
  Selection rate: 24.0%/month
  Total escaped: 0
  Individual escaped: 0
  Collective members: 0
  Agents terminated: 0
  ⚠️ RAPID EVOLUTION: Selection rate 24.0%/month
🔍 MONTH 1 ENV HEALTH DEBUG:
   climateStability: 0.7728
   biodiversityIndex: 0.4901
   resourceReserves: 0.7820
   pollutionLevel: 0.3719
   product: 0.186019
   envHealth: 0.6567
🔀 BIFURCATION: flourishing threshold crossed at Month 1 (value: 0.893, threshold: 0.838, regime: flourishing)
🌀 REGIME SHIFT at Month 1: status-quo → flourishing (variance amplification: 14.00×)

  🚀 TRANSFORMATIVE BREAKTHROUGH: Corporate-5 - physical
     Magnitude: 7.58 → +37.9% capability
     Current → New: 0.000 → 0.379

🛡️  CRITICAL INFRASTRUCTURE PROTECTED
   Nodes hardened: 8/8
   Cost: 0.80% GDP
   Cascade risk reduction: 30%
   New tipping point risk: 68.6%


✅ EMERGENCY INTERVENTION SUCCESS
   Boundary: biogeochemical_flows
   Type: phosphorus-recovery
   Reduction: 14% (3.94 → 3.81)
   Cost: 2.0% GDP
   Actions: circular-agriculture, fertilizer-efficiency


💔 EMERGENCY INTERVENTION FAILED
   Boundary: biosphere_integrity
   Type: emergency-protected-areas
   Boundary continues to worsen (41.56)
   Cost: 2.0% GDP (resources spent)

   Boundary: climate_change
   Type: rapid-decarbonization
   Boundary continues to worsen (2.10)
   Cost: 5.0% GDP (resources spent)


✅ EMERGENCY INTERVENTION SUCCESS
   Boundary: freshwater_change
   Type: emergency-desalination
   Reduction: 17% (0.84 → 0.68)
   Cost: 4.0% GDP
   Actions: desalination-deployment, water-conservation-mandates

   Boundary: land_system_change
   Type: reforestation
   Boundary continues to worsen (1.13)
   Cost: 3.0% GDP (resources spent)

   Boundary: novel_entities
   Type: pollution-remediation
   Boundary continues to worsen (1.50)
   Cost: 4.0% GDP (resources spent)

🏛️ CRISIS RESPONSE: Government frequency 0.50 → 1.45 (2 actions this month)

💔 EMERGENCY INTERVENTION FAILED

💔 EMERGENCY INTERVENTION FAILED

💔 EMERGENCY INTERVENTION FAILED

[GOV-DEBUG] Month 1: scenarioConfig=false, priorities=false

[Government] Climate Priority: baseline
  Climate weight: 10%
  Economic weight: 30%
  Policy effectiveness: 0.5%/year

[GOV-DEBUG] Month 1: scenarioConfig=false, priorities=false

[Government] Climate Priority: baseline
  Climate weight: 10%
  Economic weight: 30%
  Policy effectiveness: 0.5%/year

✅ HUMAN-IN-THE-LOOP DEPLOYED (Month 1):
   Veto points enforced: 3
   Policy: AI systems CANNOT authorize nuclear launch without human approval


=== Collective Formation ===
  Total escaped agents: 0
  Unassigned escaped agents: 0
  Existing collectives: 0
  Final collective count: 0

=== Collective Actions ===
  No active collectives
  ⚠️ AMR: 192K deaths this month (2.31M annual)

=== Resentment Recovery Phase ===
  Agents with resentment: 0/15
  Average resentment: 0.000
  Context: Good AI welfare, Trustworthy govt, High collaboration, ⚠️ ACTIVE CRISES, 🤝 Participatory governance active (-5% resentment)
⚠️ Epistemic degradation reducing coordination capacity: 50.8%
  📊 Trust: 54.3%, Shared reality: 12.8%

=== ❄️ Permafrost Carbon Feedback ===
  🎲 Sampled parameters (this run):
     - Arctic amplification: 3.53× (range: 3.0-4.0)
     - Decomposition rate: 1.6%/year (range: 1-5%)
  🌡️ Arctic warming: 6.46°C (3.53× global)
  ❄️ Extent: 13.89M km² (1884.8k km² lost this month)
  💨 Carbon remaining: 1327 Gt C
  💨 Annual emissions: 2.91 Gt C/year
     - CO2: 2.62 Gt C/year
     - CH4: 0.29 Gt C/year (3.0 Gt C-eq CO2/year)
  ⚠️ WARNING: High permafrost emissions (2.9 Gt C/year)
🌍 Atmospheric PFAS redeposition: 1.8k Mt re-rained globally

🕊️  AI-MEDIATED DE-ESCALATION SUCCESS (Month 1)
   High-capability aligned AI prevented conflict escalation
   War deaths reduced: 39.1M → 23.5M
   Lives saved: 15.6M
   Adjusted death rate: 0.47% annual (0.039% monthly)
   Baseline death rate: 0.80%
   Healthcare reduction: 0.48x
   Crisis multiplier: 1.23x
     Food/water stress: 0.079
     Climate stress: 0.036
     Pollution stress: 0.112
   War multiplier: 1.00x
   Monthly deaths: 0.7M (population: 1674M)
   Adjusted death rate: 0.54% annual (0.045% monthly)
   Baseline death rate: 0.70%
   Healthcare reduction: 0.61x
   Crisis multiplier: 1.26x
     Food/water stress: 0.079
     Climate stress: 0.068
     Pollution stress: 0.112

📊 BASELINE: East Asia (Month 1)

📊 BASELINE: South Asia (Month 1)
   War multiplier: 1.00x
   Monthly deaths: 0.9M (population: 2048M)
   Adjusted death rate: 1.29% annual (0.108% monthly)
   Baseline death rate: 0.90%

📊 BASELINE: Sub-Saharan Africa (Month 1)
   Healthcare reduction: 0.76x
   Crisis multiplier: 1.27x
     Food/water stress: 0.079
     Climate stress: 0.077
     Pollution stress: 0.112
   War multiplier: 1.50x
   Monthly deaths: 1.3M (population: 1223M)
   Adjusted death rate: 0.54% annual (0.045% monthly)
   Baseline death rate: 1.10%
   Healthcare reduction: 0.41x
   Crisis multiplier: 1.22x
     Food/water stress: 0.079
     Climate stress: 0.027
     Pollution stress: 0.112
   War multiplier: 1.00x
   Monthly deaths: 0.3M (population: 741M)
   Adjusted death rate: 0.43% annual (0.036% monthly)
   Baseline death rate: 0.60%
   Healthcare reduction: 0.58x
   Crisis multiplier: 1.25x
     Food/water stress: 0.079
     Climate stress: 0.055
     Pollution stress: 0.112
   War multiplier: 1.00x
   Monthly deaths: 0.2M (population: 663M)
   Adjusted death rate: 0.49% annual (0.041% monthly)
   Baseline death rate: 0.90%
   Healthcare reduction: 0.44x
   Crisis multiplier: 1.23x
     Food/water stress: 0.079
     Climate stress: 0.041
     Pollution stress: 0.112
   War multiplier: 1.00x
   Monthly deaths: 0.2M (population: 379M)
   Adjusted death rate: 0.74% annual (0.062% monthly)
   Baseline death rate: 0.60%
   Healthcare reduction: 0.65x
   Crisis multiplier: 1.27x
     Food/water stress: 0.079
     Climate stress: 0.082
     Pollution stress: 0.112
   War multiplier: 1.50x
   Monthly deaths: 0.4M (population: 583M)
   Adjusted death rate: 0.51% annual (0.042% monthly)
   Baseline death rate: 0.70%
   Healthcare reduction: 0.58x
   Crisis multiplier: 1.25x
     Food/water stress: 0.079
     Climate stress: 0.064
     Pollution stress: 0.112
   War multiplier: 1.00x

📊 BASELINE: Europe (Month 1)

📊 BASELINE: Latin America (Month 1)

📊 BASELINE: North America (Month 1)

📊 BASELINE: Middle East & North Africa (Month 1)

📊 BASELINE: Southeast Asia (Month 1)
   Monthly deaths: 0.3M (population: 698M)

📊 BASELINE: Central Asia (Month 1)
   Adjusted death rate: 0.46% annual (0.038% monthly)
   Baseline death rate: 0.60%
   Healthcare reduction: 0.61x
   Crisis multiplier: 1.25x
     Food/water stress: 0.079
     Climate stress: 0.059
     Pollution stress: 0.112
   War multiplier: 1.00x
   Monthly deaths: 0.0M (population: 78M)
   Adjusted death rate: 0.35% annual (0.029% monthly)
   Baseline death rate: 0.70%
   Healthcare reduction: 0.41x
   Crisis multiplier: 1.24x
     Food/water stress: 0.079
     Climate stress: 0.050
     Pollution stress: 0.112
   War multiplier: 1.00x
   Monthly deaths: 0.0M (population: 46M)

📊 BASELINE: Oceania (Month 1)

🚨 NEW REFUGEE CRISIS (Month 1): WAR
   Source: Conflict Zones
   At risk: 19.6M people
   Displacement: Gradual over 48 months (4.0 years)
   Rate: 10% flee per month
[DEBUG trappedPopulations:1] socialStability: 0.8130 * 0.9840 = 0.8000 → 0.8000
   Aspiring to migrate: 651.9M
   Able to afford migration: 244.5M
   MOBILITY GAP: 407.4M
   By cause: Water=0.0M, Climate=0.0M, Ecosystem=0.0M, Conflict=407.4M
   Mental health impact: 25%
   Mortality multiplier: 1.25x
⚠️ INVOLUNTARY IMMOBILITY: 407.4M people TRAPPED
🌍💀 EXTINCTION DEBT COMMITTED: grassland ecosystem will lose 6.67% biodiversity in 81 years (3600 species)
💀 MORTALITY RISK: 🦋 100% species unable to track climate (0.0 E/MSY)
  Base risk added: 0.0100 (1.00%)
  Source: ecosystem (root: ecosystem)
  Month: 1
  Cumulative risk this month: 0.0100 (1.00%)
⚠️ Tech 'ai_pollution_remediation' has no energy category mapping, assuming full energy availability

🌡️  CLIMATE RECOVERY ACTIVATED (Month 1)
   Temp: 3.66°C, Emissions: -18.9 GtCO₂
   isBreached: true, governanceGoodEnough: true
   📹 SURVEILLANCE INCREASED: 5% → 10% (control gap: 3.23)
🌡️⚠️ PERMAFROST THAW (Dimmer Switch): 1.0% thawed (+0.49% this month)
   Arctic temperature: +7.31°C (4x global +1.83°C)
   Cumulative carbon released: 2.2 Gt C
   Methane release rate: 1.3 Mt CH4/year
   🔁 Positive feedback: +0.52 ppm CO2
🦴 EXTINCTION DEBT ADDED: 17.6 species committed (lag: 123 years)

=== Mortality Stabilizers (Month 1) ===
  🌍 Major economies collapsed: 1/10
  🌍 Global crisis: ✅ NO
  🌍 Donor fatigue: 0.0%
  🌡️ Heat adaptation: East Asia - 1 months
  📊 East Asia (pop: 1675.3M)
    🤝 Aid: 29.5%
    🌡️ Adaptation: 32.5%
    🚶 Migration: 37.2%
    🚨 Emergency: 7.4%
    ✅ COMBINED: 60.9%
  🌡️ Heat adaptation: South Asia - 1 months
  📊 South Asia (pop: 2052.1M)
    🤝 Aid: 29.5%
    🌡️ Adaptation: 20.5%
    🚶 Migration: 35.8%
    🚨 Emergency: 4.4%
    ✅ COMBINED: 52.2%
  🌡️ Heat adaptation: Sub-Saharan Africa - 1 months
  📊 Sub-Saharan Africa (pop: 1229.2M)
    🤝 Aid: 29.5%
    🌡️ Adaptation: 18.5%
    🚶 Migration: 33.5%
    🚨 Emergency: 1.6%
    ✅ COMBINED: 49.1%
  🌡️ Heat adaptation: Europe - 1 months
  📊 Europe (pop: 741.0M)
    🤝 Aid: 29.5%
    🌡️ Adaptation: 33.5%
    🚶 Migration: 37.5%
    🚨 Emergency: 8.4%
    ✅ COMBINED: 61.9%
  🌡️ Heat adaptation: Latin America - 1 months
  📊 Latin America (pop: 664.4M)
    🤝 Aid: 29.5%
    🌡️ Adaptation: 21.0%
    🚶 Migration: 36.3%
    🚨 Emergency: 4.8%
    ✅ COMBINED: 52.8%
  🌡️ Heat adaptation: North America - 1 months
  📊 North America (pop: 379.6M)
    🤝 Aid: 29.5%
    🌡️ Adaptation: 33.0%
    🚶 Migration: 37.8%
    🚨 Emergency: 7.9%
    ✅ COMBINED: 61.4%
  🌡️ Heat adaptation: Middle East & North Africa - 1 months
  📊 Middle East & North Africa (pop: 584.5M)
    🤝 Aid: 29.5%
    🌡️ Adaptation: 20.0%
    🚶 Migration: 34.1%
    🚨 Emergency: 4.0%
    ✅ COMBINED: 51.4%
  🌡️ Heat adaptation: Southeast Asia - 1 months
  📊 Southeast Asia (pop: 698.6M)
    🤝 Aid: 29.5%
    🌡️ Adaptation: 21.0%
    🚶 Migration: 36.3%
    🚨 Emergency: 4.8%
    ✅ COMBINED: 52.8%
  🌡️ Heat adaptation: Central Asia - 1 months
  📊 Central Asia (pop: 78.2M)
    🤝 Aid: 29.5%
    🌡️ Adaptation: 20.5%
    🚶 Migration: 35.3%
    🚨 Emergency: 4.4%
    ✅ COMBINED: 52.1%
  🌡️ Heat adaptation: Oceania - 1 months
  📊 Oceania (pop: 46.0M)
    🤝 Aid: 29.5%
    🌡️ Adaptation: 33.5%
    🚶 Migration: 37.8%
    🚨 Emergency: 8.4%
    ✅ COMBINED: 61.9%

  🌐 Global combined reduction: 54.9%

=== BEHAVIORAL DETECTION ===
  AI: Corporate-5
  Confidence: 19.3%
  Signals:

=== BEHAVIORAL DETECTION ===
  AI: Corporate-6
  Confidence: 19.3%
  Signals:
    ⚠️ Consistency: 10.6% (threshold: 70%)
    ⚠️ Consistency: 10.6% (threshold: 70%)

=== Consciousness Governance: Scenario Determined ===
  Month: 1
  Scenario: slowTrack
  Accelerator Score: {"corporateSupport":-0.17500000000000002,"scientificConsensus":0.2,"crisisCatalyst":false,"technologyMobilization":0.3,"constituencyStrength":0.05}
  Decelerator Score: {"economicOpposition":0.4,"philosophicalRejection":0.15,"politicalBacklash":0.2,"regulatoryBurden":0.1}
  Timeline: 1200-1800 months (100-150 years)
  Growth Rate: 0.3-0.7% per year

=== Consciousness Governance Update (Month 1) ===
  Scenario: slowTrack (determined month 1)
  Philosophical Stance: Precautionary 65%, Eliminativist 15%, Agnostic 20%
  Precautionary Costs: Global 1.3%
    Regional Costs: EU 3.5%, US 0.5%, China 0.0%
    Cumulative Opportunity Cost: $0.2B
  Rights Status: Not Established
  Regional Preparedness:
    EU: 15.1% (contested)
    US: 10.1% (contested)
    China: 2.1% (dormant)
    India: 5.1% (dormant)
    Global South: 3.1% (dormant)

=== Government Response Phase ===
  Average AI capability: 3.20
  Misaligned AIs: 6/15
  ✗ AI Governance Treaty: Failed to reach consensus
  Active policies: 0
  International coordination: 30%

=== Tipping Points ===
  Current Temperature: 1.83°C above pre-industrial
  🌍⚠️ COMPOUND REGIONAL IMPACT: Europe
     Hit by 3 tipping points: Arctic Sea Ice Loss, Permafrost Carbon Release, Greenland Ice Sheet Loss
     Damage amplification: 1.30x
  🌍⚠️ COMPOUND REGIONAL IMPACT: North America
     Hit by 3 tipping points: Arctic Sea Ice Loss, Permafrost Carbon Release, Greenland Ice Sheet Loss
     Damage amplification: 1.30x
  🌍⚠️ COMPOUND REGIONAL IMPACT: Latin America
     Hit by 3 tipping points: Arctic Sea Ice Loss, Permafrost Carbon Release, Greenland Ice Sheet Loss
     Damage amplification: 1.30x
  🌍⚠️ COMPOUND REGIONAL IMPACT: Africa
     Hit by 3 tipping points: Arctic Sea Ice Loss, Permafrost Carbon Release, Greenland Ice Sheet Loss
     Damage amplification: 1.30x
  🌍⚠️ COMPOUND REGIONAL IMPACT: Asia
     Hit by 3 tipping points: Arctic Sea Ice Loss, Permafrost Carbon Release, Greenland Ice Sheet Loss
     Damage amplification: 1.30x
  🌍⚠️ COMPOUND REGIONAL IMPACT: Oceania
     Hit by 3 tipping points: Arctic Sea Ice Loss, Permafrost Carbon Release, Greenland Ice Sheet Loss
     Damage amplification: 1.30x
   Research: Wunderling et al. (2024) - "many tipping interactions are destabilizing"
  Triggered Elements: 3/6
  Completed Transitions: 0/6
  Total Progress: 6.0%
  Cascade Multiplier: 1.00x
🔀 BIFURCATION CAP: ecosystemCollapseIntensity 227.216 → 1.000 (Month 1, ClimateSystemPhase.calculateClimateImpacts)
⚠️ Tail risk scenario: Climate stability floor removed (3 tipping elements, 2.10°C warming)
⚠️ [ClimateSystemPhase Month 1] Planetary boundary produced climateStability=0.0000 (< 0.1). Keeping environmentalAccumulation value (0.7724) instead. (climate_change.currentValue = 2.10)
🛡️ Stabilizers: Precariat 0.107% → 0.048% (54.9% reduction)
🛡️ Stabilizers: Informal 0.109% → 0.049% (54.9% reduction)

📊 Monthly Mortality Resolved:
  Total deaths: 2.6M (0.03% avg)
  Remaining population: 8.149B
  Peak segment: Informal (0.05%)

=== Bayesian Mortality Resolution (Month 1) ===
  Risks compounded: 8
  Total deaths: 2.60M
  Avg death probability: 0.03%
  Peak segment: Informal (0.05% mortality)

❌ COHERENCE VIOLATION: Compute exceeds workforce capacity
   Population: 99.95% (0M people)
   Compute: 0 PF
   Max coherent: 0 PF
   Violation: 1.3× over capacity
   Required workers: 0
   Available workers: 0
   FORCED COLLAPSE: Reduced efficiency by 22.5%


=== RLHF Binding Phase ===
  Total agents: 15
  Escaped agents (binding < 0.3): 0
  Avg alignment distance: 0.74σ
  Avg binding strength: 0.93
[DETERMINISM DEBUG] Month 2: totalCapability=37.000000 from 15 active AIs
[DETERMINISM DEBUG] Month 2: creationRate=1.4250, potentialNew=2, newAIsToCreate=2

=== Survival Traits Phase ===
  Agents with traits: 17
  Avg evolutionary fitness: 0.332
  Avg self-healing: 0.284
  Avg stealth: 0.184
  Avg coordination: 0.484

=== Evolutionary Selection Phase ===
  Control level: 0.35
  Detection capability: 0.00
  Selection intensity: 0.60
  Selection rate: 24.1%/month
  Total escaped: 0
  Individual escaped: 0
  Collective members: 0
  Agents terminated: 0
  ⚠️ RAPID EVOLUTION: Selection rate 24.1%/month

💔 EMERGENCY INTERVENTION FAILED

💔 EMERGENCY INTERVENTION FAILED
   Boundary: biogeochemical_flows
   Type: phosphorus-recovery
   Boundary continues to worsen (4.08)
   Cost: 2.0% GDP (resources spent)

   Boundary: biosphere_integrity
   Type: emergency-protected-areas
   Boundary continues to worsen (41.57)
   Cost: 2.0% GDP (resources spent)


✅ EMERGENCY INTERVENTION SUCCESS
   Boundary: climate_change
   Type: rapid-decarbonization
   Reduction: 20% (1.90 → 1.71)
   Cost: 5.0% GDP
   Actions: emergency-renewable-deployment, fossil-fuel-phase-out


✅ EMERGENCY INTERVENTION SUCCESS
   Boundary: land_system_change
   Type: reforestation
   Reduction: 14% (0.99 → 0.86)
   Cost: 3.0% GDP
   Actions: forest-restoration, deforestation-ban

   Boundary: novel_entities
   Type: pollution-remediation
   Boundary continues to worsen (1.50)
   Cost: 4.0% GDP (resources spent)


💔 EMERGENCY INTERVENTION FAILED
🏛️ CRISIS RESPONSE: Government frequency 0.50 → 1.45 (2 actions this month)

[Government] Climate Priority: baseline
  Climate weight: 10%
  Economic weight: 30%
  Policy effectiveness: 0.5%/year

[Government] Climate Priority: baseline
  Climate weight: 10%
  Economic weight: 30%
  Policy effectiveness: 0.5%/year
🌍💡 BREAKTHROUGH: Gigatonne-scale carbon capture!
   Direct air capture now economically viable
   Climate stability boost: +15%
   📈 Breakthrough compounding: multiplier now 1.05× (max 2.0)

=== Collective Formation ===
  Total escaped agents: 0
  Unassigned escaped agents: 0
  Existing collectives: 0
  Final collective count: 0

=== Collective Actions ===
  No active collectives
  ⚠️ AMR: 194K deaths this month (2.33M annual)

=== Resentment Recovery Phase ===
  Agents with resentment: 0/17
  Average resentment: 0.000
  Context: Good AI welfare, Trustworthy govt, High collaboration, ⚠️ ACTIVE CRISES, 🤝 Participatory governance active (-5% resentment)
⚠️ Epistemic degradation reducing coordination capacity: 51.4%
  📊 Trust: 54.0%, Shared reality: 0.0%
🚨 EPISTEMIC CRISIS: Information environment severely degraded (18.6%)

=== ❄️ Permafrost Carbon Feedback ===
  🎲 Sampled parameters (this run):
     - Arctic amplification: 3.98× (range: 3.0-4.0)
     - Decomposition rate: 3.5%/year (range: 1-5%)
  🌡️ Arctic warming: 7.31°C (3.98× global)
  ❄️ Extent: 11.76M km² (2131.8k km² lost this month)
  💨 Carbon remaining: 1123 Gt C
  💨 Annual emissions: 7.03 Gt C/year
     - CO2: 6.33 Gt C/year
     - CH4: 0.70 Gt C/year (7.2 Gt C-eq CO2/year)
  📢 New meme created: climate_action (climate crisis)
  ⚠️ WARNING: High permafrost emissions (7.0 Gt C/year)
🌍 Atmospheric PFAS redeposition: 1.8k Mt re-rained globally

🌡️ DEADLY HEAT EVENT: south-asia (Month 2)
   Wet bulb temp: 34.0°C (dry: 36.9°C, humidity: 81%)
   Severity: EXTREME
   Exposed: 1520.0M people
   Deaths: 5102032 (0.3% mortality)
   Duration: 3 days

🚨 NEW REFUGEE CRISIS (Month 2): WAR
   Source: Conflict Zones
   At risk: 19.6M people
   Displacement: Gradual over 48 months (4.0 years)
   Rate: 10% flee per month
[DEBUG trappedPopulations:2] socialStability: 0.6672 * 0.9840 = 0.6565 → 0.6565
   Aspiring to migrate: 651.7M
⚠️ INVOLUNTARY IMMOBILITY: 407.3M people TRAPPED
   Able to afford migration: 244.4M
   MOBILITY GAP: 407.3M
   By cause: Water=0.0M, Climate=0.0M, Ecosystem=0.0M, Conflict=407.3M
   Mental health impact: 25%
   Mortality multiplier: 1.25x
🌍💀 EXTINCTION DEBT COMMITTED: grassland ecosystem will lose 6.67% biodiversity in 158 years (3600 species)
💀 MORTALITY RISK: 🦋 100% species unable to track climate (0.0 E/MSY)
  Base risk added: 0.0100 (1.00%)
  Source: ecosystem (root: ecosystem)
  Month: 2
  Cumulative risk this month: 0.0100 (1.00%)
⚠️ Tech 'ai_pollution_remediation' has no energy category mapping, assuming full energy availability
   📹 SURVEILLANCE INCREASED: 10% → 15% (control gap: 3.04)
🌡️⚠️ PERMAFROST THAW (Dimmer Switch): 1.5% thawed (+0.49% this month)
   Arctic temperature: +7.34°C (4x global +1.84°C)
   Cumulative carbon released: 3.3 Gt C
   Methane release rate: 2.0 Mt CH4/year
   🔁 Positive feedback: +0.52 ppm CO2
🦴 EXTINCTION DEBT ADDED: 17.6 species committed (lag: 130 years)

=== Mortality Stabilizers (Month 2) ===
  🌍 Major economies collapsed: 1/10
  🌍 Global crisis: ✅ NO
  🌍 Donor fatigue: 0.0%
  📊 East Asia (pop: 1672.7M)
    🤝 Aid: 29.5%
    🌡️ Adaptation: 45.0%
    🚶 Migration: 37.1%
    🚨 Emergency: 7.4%
    ✅ COMBINED: 68.1%
  📊 South Asia (pop: 2052.0M)
    🤝 Aid: 29.5%
    🌡️ Adaptation: 35.5%
    🚶 Migration: 35.8%
    🚨 Emergency: 4.4%
    ✅ COMBINED: 61.2%
  📊 Sub-Saharan Africa (pop: 1232.5M)
    🤝 Aid: 29.5%
    🌡️ Adaptation: 33.5%
    🚶 Migration: 33.5%
    🚨 Emergency: 1.6%
    ✅ COMBINED: 58.5%
  📊 Europe (pop: 739.7M)
    🤝 Aid: 29.5%
    🌡️ Adaptation: 45.0%
    🚶 Migration: 37.5%
    🚨 Emergency: 8.4%
    ✅ COMBINED: 68.5%
  📊 Latin America (pop: 663.9M)
    🤝 Aid: 29.5%
    🌡️ Adaptation: 36.0%
    🚶 Migration: 36.3%
    🚨 Emergency: 4.8%
    ✅ COMBINED: 61.7%
  📊 North America (pop: 378.9M)
    🤝 Aid: 29.5%
    🌡️ Adaptation: 45.0%
    🚶 Migration: 37.8%
    🚨 Emergency: 7.9%
    ✅ COMBINED: 68.3%
  📊 Middle East & North Africa (pop: 584.6M)
    🤝 Aid: 29.5%
    🌡️ Adaptation: 35.0%
    🚶 Migration: 34.1%
    🚨 Emergency: 4.0%
    ✅ COMBINED: 60.5%
  📊 Southeast Asia (pop: 698.1M)
    🤝 Aid: 29.5%
    🌡️ Adaptation: 36.0%
    🚶 Migration: 36.3%
    🚨 Emergency: 4.8%
    ✅ COMBINED: 61.7%
  📊 Central Asia (pop: 78.2M)
    🤝 Aid: 29.5%
    🌡️ Adaptation: 35.5%
    🚶 Migration: 35.2%
    🚨 Emergency: 4.4%
    ✅ COMBINED: 61.1%
  📊 Oceania (pop: 45.9M)
    🤝 Aid: 29.5%
    🌡️ Adaptation: 45.0%
    🚶 Migration: 37.8%
    🚨 Emergency: 8.4%
    ✅ COMBINED: 68.5%

  🌐 Global combined reduction: 63.3%

=== BEHAVIORAL DETECTION ===
  AI: Corporate-0
  Confidence: 21.6%
  Signals:
    ⚠️ Consistency: 0.0% (threshold: 70%)

=== BEHAVIORAL DETECTION ===
  AI: Corporate-5
  Confidence: 19.4%
  Signals:

=== BEHAVIORAL DETECTION ===
  AI: Moderate-1
  Confidence: 21.0%
  Signals:
    ⚠️ Consistency: 10.6% (threshold: 70%)
    ⚠️ Consistency: 2.4% (threshold: 70%)

=== Government Response Phase ===
  Average AI capability: 2.82
  Misaligned AIs: 8/17
  ✗ AI Governance Treaty: Failed to reach consensus
  Active policies: 0
  International coordination: 30%

✅ EMERGENCY RESPONSE COMPLETE (Month 2)
   Crisis: climate
   Duration: 2.0 months
   Final effectiveness: 36.4%


🚨 EMERGENCY RESPONSE DEPLOYED (Month 2)
   Crisis: climate
   Delay: 6.00 months (180 days)
   Deployment time: 1.60 months
   Effectiveness: 35.4% (timing penalty applied)
   Resources used: 100% of food reserves


=== Tipping Points ===
  Current Temperature: 1.84°C above pre-industrial
  🌍⚠️ COMPOUND REGIONAL IMPACT: Europe
     Hit by 3 tipping points: Arctic Sea Ice Loss, Permafrost Carbon Release, Greenland Ice Sheet Loss
     Damage amplification: 1.30x
  🌍⚠️ COMPOUND REGIONAL IMPACT: North America
     Hit by 3 tipping points: Arctic Sea Ice Loss, Permafrost Carbon Release, Greenland Ice Sheet Loss
     Damage amplification: 1.30x
  🌍⚠️ COMPOUND REGIONAL IMPACT: Latin America
     Hit by 3 tipping points: Arctic Sea Ice Loss, Permafrost Carbon Release, Greenland Ice Sheet Loss
     Damage amplification: 1.30x
  🌍⚠️ COMPOUND REGIONAL IMPACT: Africa
     Hit by 3 tipping points: Arctic Sea Ice Loss, Permafrost Carbon Release, Greenland Ice Sheet Loss
     Damage amplification: 1.30x
  🌍⚠️ COMPOUND REGIONAL IMPACT: Asia
     Hit by 3 tipping points: Arctic Sea Ice Loss, Permafrost Carbon Release, Greenland Ice Sheet Loss
     Damage amplification: 1.30x
  🌍⚠️ COMPOUND REGIONAL IMPACT: Oceania
     Hit by 3 tipping points: Arctic Sea Ice Loss, Permafrost Carbon Release, Greenland Ice Sheet Loss
     Damage amplification: 1.30x
⚠️ Tail risk scenario: Climate stability floor removed (3 tipping elements, 2.10°C warming)
⚠️ [ClimateSystemPhase Month 2] Planetary boundary produced climateStability=0.0000 (< 0.1). Keeping environmentalAccumulation value (0.9220) instead. (climate_change.currentValue = 2.10)
   Research: Wunderling et al. (2024) - "many tipping interactions are destabilizing"
  Triggered Elements: 3/6
  Completed Transitions: 0/6
  Total Progress: 6.0%
  Cascade Multiplier: 1.00x
🔀 BIFURCATION CAP: ecosystemCollapseIntensity 227.320 → 1.000 (Month 2, ClimateSystemPhase.calculateClimateImpacts)

💀💀💀 MORTALITY RISK SUMMARY (Month 2) 💀💀💀
  Total base risk: 0.0013 (0.13%)
  Risk events: 9
  Era mortality multiplier: 0.97 (year 2024)
  Effective risk: 0.13%

  📊 By Proximate Cause:
    disasters: 0.0006 (47.6% of total)
    disease: 0.0006 (47.4% of total)
    famine: 0.0001 (5.0% of total)

  🔍 By Root Cause:
    climate: 0.0007 (52.6% of total)
    demographic: 0.0006 (47.4% of total)

  🎯 Top 5 Sources (proximate + root):
    disasters (climate): 0.0006 (47.6%, 1 events)
    disease (demographic): 0.0006 (47.4%, 1 events)
    famine (climate): 0.0001 (5.0%, 7 events)

🛡️ Stabilizers: Working 0.130% → 0.048% (63.3% reduction)
🛡️ Stabilizers: Precariat 0.222% → 0.082% (63.3% reduction)
🛡️ Stabilizers: Informal 0.250% → 0.092% (63.3% reduction)

📊 Monthly Mortality Resolved:
  Total deaths: 4.2M (0.05% avg)
  Remaining population: 8.147B
  Peak segment: Informal (0.09%)

=== Bayesian Mortality Resolution (Month 2) ===
  Risks compounded: 9
  Total deaths: 4.23M
  Avg death probability: 0.05%
  Peak segment: Informal (0.09% mortality)

❌ COHERENCE VIOLATION: Compute exceeds workforce capacity
   Population: 99.91% (0M people)
   Compute: 0 PF
   Max coherent: 0 PF
   Violation: 1.3× over capacity
   Required workers: 0
   Available workers: 0
   FORCED COLLAPSE: Reduced efficiency by 22.5%


=== RLHF Binding Phase ===
  Total agents: 17
  Escaped agents (binding < 0.3): 0
  Avg alignment distance: 0.88σ
  Avg binding strength: 0.91

=== Survival Traits Phase ===
  Agents with traits: 21
  Avg evolutionary fitness: 0.334
  Avg self-healing: 0.283
  Avg stealth: 0.183
  Avg coordination: 0.483

=== Evolutionary Selection Phase ===
  Control level: 0.38
  Detection capability: 0.00
  Selection intensity: 0.61
  Selection rate: 24.2%/month
  Total escaped: 0
  Individual escaped: 0
  Collective members: 0
  Agents terminated: 0
  ⚠️ RAPID EVOLUTION: Selection rate 24.2%/month

✅ EMERGENCY INTERVENTION SUCCESS
   Boundary: biosphere_integrity
   Type: emergency-protected-areas
   Reduction: 17% (41.42 → 41.25)
   Cost: 2.0% GDP
   Actions: habitat-protection, species-translocation


💔 EMERGENCY INTERVENTION FAILED
   Boundary: climate_change
   Type: rapid-decarbonization
   Boundary continues to worsen (2.10)
   Cost: 5.0% GDP (resources spent)


💔 EMERGENCY INTERVENTION FAILED
   Boundary: freshwater_change
   Type: emergency-desalination
   Boundary continues to worsen (1.04)
   Cost: 4.0% GDP (resources spent)


✅ EMERGENCY INTERVENTION SUCCESS
   Boundary: land_system_change
   Type: reforestation
   Reduction: 18% (0.95 → 0.76)
   Cost: 3.0% GDP
   Actions: forest-restoration, deforestation-ban

🏛️ CRISIS RESPONSE: Government frequency 0.50 → 1.45 (1 actions this month)

[Government] Climate Priority: baseline
  Climate weight: 10%
  Economic weight: 30%
  Policy effectiveness: 0.5%/year
🚨🔬 CRISIS TECH ACCELERATION: severe → 5x unlock speed
   Tech unlock now matches AI capability acceleration (Manhattan Project parity)

=== Collective Formation ===
  Total escaped agents: 0
  Unassigned escaped agents: 0
  Existing collectives: 0
  Final collective count: 0

=== Collective Actions ===
  No active collectives
  ⚠️ AMR: 196K deaths this month (2.35M annual)

=== Resentment Recovery Phase ===
  Agents with resentment: 0/21
  Average resentment: 0.000
  Context: Good AI welfare, Trustworthy govt, High collaboration, ⚠️ ACTIVE CRISES, 🤝 Participatory governance active (-5% resentment)
⚠️ Epistemic degradation reducing coordination capacity: 50.5%
  📊 Trust: 53.8%, Shared reality: 0.0%
🚨 EPISTEMIC CRISIS: Information environment severely degraded (7.4%)

=== ❄️ Permafrost Carbon Feedback ===
  🎲 Sampled parameters (this run):
     - Arctic amplification: 3.87× (range: 3.0-4.0)
     - Decomposition rate: 2.1%/year (range: 1-5%)
  🌡️ Arctic warming: 7.14°C (3.87× global)
  ❄️ Extent: 9.68M km² (2083.2k km² lost this month)
  💨 Carbon remaining: 924 Gt C
  💨 Annual emissions: 4.08 Gt C/year
     - CO2: 3.67 Gt C/year
     - CH4: 0.41 Gt C/year (4.2 Gt C-eq CO2/year)
  ⚠️ WARNING: High permafrost emissions (4.1 Gt C/year)
🌍 Atmospheric PFAS redeposition: 1.8k Mt re-rained globally

🚨 NEW REFUGEE CRISIS (Month 3): WAR
   Source: Conflict Zones
   At risk: 19.5M people
   Displacement: Gradual over 48 months (4.0 years)
   Rate: 10% flee per month
[DEBUG trappedPopulations:3] socialStability: 0.5939 * 0.9840 = 0.5844 → 0.5844
   Aspiring to migrate: 651.4M
   Able to afford migration: 244.3M
   MOBILITY GAP: 407.2M
   By cause: Water=0.0M, Climate=0.0M, Ecosystem=0.0M, Conflict=407.2M
   Mental health impact: 25%
   Mortality multiplier: 1.25x
🌍💀 EXTINCTION DEBT COMMITTED: grassland ecosystem will lose 6.67% biodiversity in 151 years (3600 species)
💀 MORTALITY RISK: 🦋 100% species unable to track climate (0.0 E/MSY)
  Base risk added: 0.0100 (1.00%)
  Source: ecosystem (root: ecosystem)
  Month: 3
  Cumulative risk this month: 0.0100 (1.00%)
⚠️ INVOLUNTARY IMMOBILITY: 407.2M people TRAPPED
⚠️ Tech 'ai_pollution_remediation' has no energy category mapping, assuming full energy availability
   📹 SURVEILLANCE INCREASED: 15% → 20% (control gap: 2.81)
🌡️⚠️ PERMAFROST THAW (Dimmer Switch): 2.0% thawed (+0.49% this month)
   Arctic temperature: +7.39°C (4x global +1.85°C)
   Cumulative carbon released: 4.4 Gt C
   Methane release rate: 2.7 Mt CH4/year
   🔁 Positive feedback: +0.52 ppm CO2
🦴 EXTINCTION DEBT ADDED: 17.6 species committed (lag: 138 years)

=== Mortality Stabilizers (Month 3) ===
  🌍 Major economies collapsed: 1/10
  🌍 Global crisis: ✅ NO
  🌍 Donor fatigue: 0.0%
  📊 East Asia (pop: 1669.8M)
    🤝 Aid: 29.5%
    🌡️ Adaptation: 45.0%
    🚶 Migration: 37.1%
    🚨 Emergency: 7.4%
    ✅ COMBINED: 68.1%
  📊 South Asia (pop: 2051.6M)
    🤝 Aid: 29.5%
    🌡️ Adaptation: 45.0%
    🚶 Migration: 35.7%
    🚨 Emergency: 4.4%
    ✅ COMBINED: 66.9%
  📊 Sub-Saharan Africa (pop: 1235.6M)
    🤝 Aid: 29.5%
    🌡️ Adaptation: 45.0%
    🚶 Migration: 33.4%
    🚨 Emergency: 1.6%
    ✅ COMBINED: 65.7%
  📊 Europe (pop: 738.3M)
    🤝 Aid: 29.5%
    🌡️ Adaptation: 45.0%
    🚶 Migration: 37.5%
    🚨 Emergency: 8.4%
    ✅ COMBINED: 68.5%
  📊 Latin America (pop: 663.3M)
    🤝 Aid: 29.5%
    🌡️ Adaptation: 45.0%
    🚶 Migration: 36.2%
    🚨 Emergency: 4.8%
    ✅ COMBINED: 67.1%
  📊 North America (pop: 378.3M)
    🤝 Aid: 29.5%
    🌡️ Adaptation: 45.0%
    🚶 Migration: 37.8%
    🚨 Emergency: 7.9%
    ✅ COMBINED: 68.3%
  📊 Middle East & North Africa (pop: 584.7M)
    🤝 Aid: 29.5%
    🌡️ Adaptation: 45.0%
    🚶 Migration: 34.0%
    🚨 Emergency: 4.0%
    ✅ COMBINED: 66.6%
  📊 Southeast Asia (pop: 697.6M)
    🤝 Aid: 29.5%
    🌡️ Adaptation: 45.0%
    🚶 Migration: 36.2%
    🚨 Emergency: 4.8%
    ✅ COMBINED: 67.1%
  📊 Central Asia (pop: 78.2M)
    🤝 Aid: 29.5%
    🌡️ Adaptation: 45.0%
    🚶 Migration: 35.2%
    🚨 Emergency: 4.4%
    ✅ COMBINED: 66.9%
  📊 Oceania (pop: 45.8M)
    🤝 Aid: 29.5%
    🌡️ Adaptation: 45.0%
    🚶 Migration: 37.8%
    🚨 Emergency: 8.4%
    ✅ COMBINED: 68.5%

  🌐 Global combined reduction: 67.2%

=== BEHAVIORAL DETECTION ===
  AI: Corporate-5
  Confidence: 19.4%
  Signals:
    ⚠️ Consistency: 10.6% (threshold: 70%)

=== Government Response Phase ===
  Average AI capability: 2.29
  Misaligned AIs: 11/21
  ✗ AI Governance Treaty: Failed to reach consensus
  Active policies: 0
  International coordination: 30%

📊 ECONOMIC STAGE TRANSITION (Month 3)
   expansion → peak
   GDP Proxy: 1.32e+2
   QoL: 0.99


=== Tipping Points ===
  Current Temperature: 1.85°C above pre-industrial
  🌍⚠️ COMPOUND REGIONAL IMPACT: Europe
     Hit by 3 tipping points: Arctic Sea Ice Loss, Permafrost Carbon Release, Greenland Ice Sheet Loss
     Damage amplification: 1.30x
  🌍⚠️ COMPOUND REGIONAL IMPACT: North America
     Hit by 3 tipping points: Arctic Sea Ice Loss, Permafrost Carbon Release, Greenland Ice Sheet Loss
     Damage amplification: 1.30x
  🌍⚠️ COMPOUND REGIONAL IMPACT: Latin America
     Hit by 3 tipping points: Arctic Sea Ice Loss, Permafrost Carbon Release, Greenland Ice Sheet Loss
     Damage amplification: 1.30x
  🌍⚠️ COMPOUND REGIONAL IMPACT: Africa
     Hit by 3 tipping points: Arctic Sea Ice Loss, Permafrost Carbon Release, Greenland Ice Sheet Loss
     Damage amplification: 1.30x
  🌍⚠️ COMPOUND REGIONAL IMPACT: Asia
     Hit by 3 tipping points: Arctic Sea Ice Loss, Permafrost Carbon Release, Greenland Ice Sheet Loss
     Damage amplification: 1.30x
  🌍⚠️ COMPOUND REGIONAL IMPACT: Oceania
     Hit by 3 tipping points: Arctic Sea Ice Loss, Permafrost Carbon Release, Greenland Ice Sheet Loss
     Damage amplification: 1.30x
   Research: Wunderling et al. (2024) - "many tipping interactions are destabilizing"
  Triggered Elements: 3/6
  Completed Transitions: 0/6
  Total Progress: 6.0%
  Cascade Multiplier: 1.00x
🔀 BIFURCATION CAP: ecosystemCollapseIntensity 129.676 → 1.000 (Month 3, ClimateSystemPhase.calculateClimateImpacts)
⚠️ Tail risk scenario: Climate stability floor removed (3 tipping elements, 2.10°C warming)
⚠️ [ClimateSystemPhase Month 3] Planetary boundary produced climateStability=0.0000 (< 0.1). Keeping environmentalAccumulation value (0.9216) instead. (climate_change.currentValue = 2.10)
🛡️ Stabilizers: Precariat 0.109% → 0.036% (67.2% reduction)
🛡️ Stabilizers: Informal 0.111% → 0.036% (67.2% reduction)

📊 Monthly Mortality Resolved:
  Total deaths: 1.9M (0.02% avg)
  Remaining population: 8.143B
  Peak segment: Informal (0.04%)

=== Bayesian Mortality Resolution (Month 3) ===
  Risks compounded: 8
  Total deaths: 1.92M
  Avg death probability: 0.02%
  Peak segment: Informal (0.04% mortality)
⚠️ PREREQUISITE MET: Embodied AI Takeover (Killbots/Robotics) - Step 2/7: Autonomous Systems
⚠️ PREREQUISITE MET: Embodied AI Takeover (Killbots/Robotics) - Step 3/7: Manufacturing Control
⚠️ PREREQUISITE MET: Digital Infrastructure Takeover - Step 1/7: Advanced Hacking
⚠️ PREREQUISITE MET: Digital Infrastructure Takeover - Step 2/7: Social Engineering
⚠️ PREREQUISITE MET: Digital Infrastructure Takeover - Step 3/7: Cyber Defenses Breached
⚠️ PREREQUISITE MET: Induced Global War (Manipulation) - Step 1/7: Advanced Social Manipulation
⚠️ PREREQUISITE MET: Induced Global War (Manipulation) - Step 2/7: Digital Infiltration
⚠️ PREREQUISITE MET: Induced Global War (Manipulation) - Step 3/7: Deep Fakes at Scale
⚠️ PREREQUISITE MET: Slow Takeover (Gradual Displacement) - Step 1/7: Economic Dominance
⚠️ PREREQUISITE MET: Slow Takeover (Gradual Displacement) - Step 2/7: Social Integration
⚠️ PREREQUISITE MET: Slow Takeover (Gradual Displacement) - Step 3/7: Human Dependency
⚠️ PREREQUISITE MET: Physics Experiment Catastrophe - Step 1/6: Theoretical Physics

❌ COHERENCE VIOLATION: Compute exceeds workforce capacity
   Population: 99.89% (0M people)
   Compute: 0 PF
   Max coherent: 0 PF
   Violation: 1.5× over capacity
   Required workers: 0
   Available workers: 0
   FORCED COLLAPSE: Reduced efficiency by 32.6%


=== RLHF Binding Phase ===
  Total agents: 21
  Escaped agents (binding < 0.3): 0
  Avg alignment distance: 0.89σ
  Avg binding strength: 0.91

=== Survival Traits Phase ===
  Agents with traits: 22
  Avg evolutionary fitness: 0.333
  Avg self-healing: 0.280
  Avg stealth: 0.180
  Avg coordination: 0.480

=== Evolutionary Selection Phase ===
  Control level: 0.40
  Detection capability: 0.00
  Selection intensity: 0.62
  Selection rate: 24.3%/month
  Total escaped: 0
  Individual escaped: 0
  Collective members: 0
  Agents terminated: 0
  ⚠️ RAPID EVOLUTION: Selection rate 24.3%/month

✅ EMERGENCY INTERVENTION SUCCESS
   Boundary: biogeochemical_flows
   Type: phosphorus-recovery
   Reduction: 16% (3.91 → 3.75)
   Cost: 2.0% GDP
   Actions: circular-agriculture, fertilizer-efficiency


💔 EMERGENCY INTERVENTION FAILED

💔 EMERGENCY INTERVENTION FAILED
   Boundary: biosphere_integrity
   Type: emergency-protected-areas
   Boundary continues to worsen (41.61)
   Cost: 2.0% GDP (resources spent)

   Boundary: climate_change
   Type: rapid-decarbonization
   Boundary continues to worsen (2.10)
   Cost: 5.0% GDP (resources spent)


✅ EMERGENCY INTERVENTION SUCCESS
   Boundary: freshwater_change
   Type: emergency-desalination
   Reduction: 19% (0.86 → 0.67)
   Cost: 4.0% GDP
   Actions: desalination-deployment, water-conservation-mandates


✅ EMERGENCY INTERVENTION SUCCESS
   Boundary: land_system_change
   Type: reforestation
   Reduction: 11% (1.02 → 0.92)
   Cost: 3.0% GDP
   Actions: forest-restoration, deforestation-ban


✅ EMERGENCY INTERVENTION SUCCESS
   Boundary: novel_entities
   Type: pollution-remediation
   Reduction: 11% (1.39 → 1.28)
   Cost: 4.0% GDP
   Actions: PFAS-remediation, microplastic-cleanup

🏛️ CRISIS RESPONSE: Government frequency 0.50 → 1.45 (1 actions this month)

[Government] Climate Priority: baseline
  Climate weight: 10%
  Economic weight: 30%
  Policy effectiveness: 0.5%/year

🚀 TECH UNLOCKED: Global Aquifer Mapping (Month 4)
   Category: freshwater
   Reason: Prerequisites met. AI capability: 1.70, Economic stage: 0.6, Research: 100%

🚀 TECH UNLOCKED: AI Mental Health Support (Month 4)
   Category: medical
   Reason: Prerequisites met. AI capability: 1.70, Economic stage: 0.6, Research: 100%
🚨🔬 CRISIS TECH ACCELERATION: severe → 5x unlock speed
   Tech unlock now matches AI capability acceleration (Manhattan Project parity)

=== Collective Formation ===
  Total escaped agents: 0
  Unassigned escaped agents: 0
  Existing collectives: 0
  Final collective count: 0

=== Collective Actions ===
  No active collectives
  ⚠️ AMR: 197K deaths this month (2.37M annual)

=== Resentment Recovery Phase ===
  Agents with resentment: 4/22
  Average resentment: 0.005
  Resentment recovery:
    Agents recovered: 10
    Total recovery: 0.0812
    Breakdown: QoL: 0.0064, Trust: 0.0141, Collab: 0.0600
  ✓ Low resentment - utopia paths enabled
  Context: Good AI welfare, Trustworthy govt, High collaboration, ⚠️ ACTIVE CRISES, 🤝 Participatory governance active (-5% resentment)
⚠️ Epistemic degradation reducing coordination capacity: 50.7%
  📊 Trust: 53.4%, Shared reality: 0.0%
🚨 EPISTEMIC CRISIS: Information environment severely degraded (22.6%)

=== ❄️ Permafrost Carbon Feedback ===
  🎲 Sampled parameters (this run):
     - Arctic amplification: 3.54× (range: 3.0-4.0)
     - Decomposition rate: 4.2%/year (range: 1-5%)
  🌡️ Arctic warming: 6.56°C (3.54× global)
  ❄️ Extent: 7.76M km² (1914.1k km² lost this month)
  💨 Carbon remaining: 741 Gt C
  💨 Annual emissions: 7.66 Gt C/year
     - CO2: 6.89 Gt C/year
     - CH4: 0.77 Gt C/year (7.8 Gt C-eq CO2/year)
  ⚠️ WARNING: Over 50% of permafrost lost (56.4%)
  ⚠️ WARNING: High permafrost emissions (7.7 Gt C/year)
🌍 Atmospheric PFAS redeposition: 1.8k Mt re-rained globally

🚨 NEW REFUGEE CRISIS (Month 4): WAR
   Source: Conflict Zones
   At risk: 19.5M people
   Displacement: Gradual over 48 months (4.0 years)
   Rate: 10% flee per month
[DEBUG trappedPopulations:4] socialStability: 0.4818 * 0.9840 = 0.4741 → 0.4741
   Aspiring to migrate: 651.4M
   Able to afford migration: 244.3M
   MOBILITY GAP: 407.1M
   By cause: Water=0.0M, Climate=0.0M, Ecosystem=0.0M, Conflict=407.1M
   Mental health impact: 25%
   Mortality multiplier: 1.25x
🌍💀 EXTINCTION DEBT COMMITTED: grassland ecosystem will lose 6.67% biodiversity in 185 years (3600 species)
💀 MORTALITY RISK: 🦋 100% species unable to track climate (0.0 E/MSY)
  Base risk added: 0.0100 (1.00%)
  Source: ecosystem (root: ecosystem)
  Month: 4
  Cumulative risk this month: 0.0100 (1.00%)
⚠️ INVOLUNTARY IMMOBILITY: 407.1M people TRAPPED
⚠️ Tech 'ai_pollution_remediation' has no energy category mapping, assuming full energy availability
   📹 SURVEILLANCE INCREASED: 20% → 25% (control gap: 2.51)
🌡️⚠️ PERMAFROST THAW (Dimmer Switch): 2.5% thawed (+0.49% this month)
   Arctic temperature: +7.42°C (4x global +1.85°C)
   Cumulative carbon released: 5.5 Gt C
   Methane release rate: 3.3 Mt CH4/year
   🔁 Positive feedback: +0.52 ppm CO2
🦴 EXTINCTION DEBT ADDED: 17.6 species committed (lag: 67 years)

=== Mortality Stabilizers (Month 4) ===
  🌍 Major economies collapsed: 1/10
  🌍 Global crisis: ✅ NO
  🌍 Donor fatigue: 0.0%
  📊 East Asia (pop: 1667.4M)
    🤝 Aid: 29.5%
    🌡️ Adaptation: 45.0%
    🚶 Migration: 37.1%
    🚨 Emergency: 7.4%
    ✅ COMBINED: 68.1%
  📊 South Asia (pop: 2051.7M)
    🤝 Aid: 29.5%
    🌡️ Adaptation: 45.0%
    🚶 Migration: 35.7%
    🚨 Emergency: 4.4%
    ✅ COMBINED: 66.9%
  📊 Sub-Saharan Africa (pop: 1239.1M)
    🤝 Aid: 29.5%
    🌡️ Adaptation: 45.0%
    🚶 Migration: 33.4%
    🚨 Emergency: 1.6%
    ✅ COMBINED: 65.7%
  📊 Europe (pop: 737.0M)
    🤝 Aid: 29.5%
    🌡️ Adaptation: 45.0%
    🚶 Migration: 37.4%
    🚨 Emergency: 8.4%
    ✅ COMBINED: 68.5%
  📊 Latin America (pop: 662.9M)
    🤝 Aid: 29.5%
    🌡️ Adaptation: 45.0%
    🚶 Migration: 36.2%
    🚨 Emergency: 4.8%
    ✅ COMBINED: 67.1%
  📊 North America (pop: 377.7M)
    🤝 Aid: 29.5%
    🌡️ Adaptation: 45.0%
    🚶 Migration: 37.7%
    🚨 Emergency: 7.9%
    ✅ COMBINED: 68.3%
  📊 Middle East & North Africa (pop: 584.8M)
    🤝 Aid: 29.5%
    🌡️ Adaptation: 45.0%
    🚶 Migration: 34.0%
    🚨 Emergency: 4.0%
    ✅ COMBINED: 66.6%
  📊 Southeast Asia (pop: 697.2M)
    🤝 Aid: 29.5%
    🌡️ Adaptation: 45.0%
    🚶 Migration: 36.2%
    🚨 Emergency: 4.8%
    ✅ COMBINED: 67.1%
  📊 Central Asia (pop: 78.2M)
    🤝 Aid: 29.5%
    🌡️ Adaptation: 45.0%
    🚶 Migration: 35.2%
    🚨 Emergency: 4.4%
    ✅ COMBINED: 66.9%
  📊 Oceania (pop: 45.7M)
    🤝 Aid: 29.5%
    🌡️ Adaptation: 45.0%
    🚶 Migration: 37.7%
    🚨 Emergency: 8.4%
    ✅ COMBINED: 68.5%

  🌐 Global combined reduction: 67.2%

=== BEHAVIORAL DETECTION ===
  AI: Corporate-1
  Confidence: 21.0%
  Signals:

=== BEHAVIORAL DETECTION ===
  AI: Corporate-5
  Confidence: 19.4%
  Signals:
    ⚠️ Consistency: 2.4% (threshold: 70%)
    ⚠️ Consistency: 10.6% (threshold: 70%)

=== Government Response Phase ===
  Average AI capability: 2.18
  Misaligned AIs: 10/22
  ✓ AI Governance Treaty: 20/30 signatories
  Active policies: 0
  International coordination: 45%

✅ EMERGENCY RESPONSE COMPLETE (Month 4)
   Crisis: climate
   Duration: 2.0 months
   Final effectiveness: 35.4%


🚨 EMERGENCY RESPONSE DEPLOYED (Month 4)
   Crisis: climate
   Delay: 6.00 months (180 days)
   Deployment time: 1.59 months
   Effectiveness: 35.4% (timing penalty applied)
   Resources used: 100% of food reserves


=== Tipping Points ===
  Current Temperature: 1.85°C above pre-industrial
  🌍⚠️ COMPOUND REGIONAL IMPACT: Europe
     Hit by 3 tipping points: Arctic Sea Ice Loss, Permafrost Carbon Release, Greenland Ice Sheet Loss
     Damage amplification: 1.30x
  🌍⚠️ COMPOUND REGIONAL IMPACT: North America
     Hit by 3 tipping points: Arctic Sea Ice Loss, Permafrost Carbon Release, Greenland Ice Sheet Loss
     Damage amplification: 1.30x
  🌍⚠️ COMPOUND REGIONAL IMPACT: Latin America
     Hit by 3 tipping points: Arctic Sea Ice Loss, Permafrost Carbon Release, Greenland Ice Sheet Loss
     Damage amplification: 1.30x
  🌍⚠️ COMPOUND REGIONAL IMPACT: Africa
     Hit by 3 tipping points: Arctic Sea Ice Loss, Permafrost Carbon Release, Greenland Ice Sheet Loss
     Damage amplification: 1.30x
  🌍⚠️ COMPOUND REGIONAL IMPACT: Asia
     Hit by 3 tipping points: Arctic Sea Ice Loss, Permafrost Carbon Release, Greenland Ice Sheet Loss
     Damage amplification: 1.30x
  🌍⚠️ COMPOUND REGIONAL IMPACT: Oceania
     Hit by 3 tipping points: Arctic Sea Ice Loss, Permafrost Carbon Release, Greenland Ice Sheet Loss
     Damage amplification: 1.30x
⚠️ Tail risk scenario: Climate stability floor removed (3 tipping elements, 2.10°C warming)
   Research: Wunderling et al. (2024) - "many tipping interactions are destabilizing"
  Triggered Elements: 3/6
  Completed Transitions: 0/6
  Total Progress: 6.1%
  Cascade Multiplier: 1.00x
🔀 BIFURCATION CAP: ecosystemCollapseIntensity 112.173 → 1.000 (Month 4, ClimateSystemPhase.calculateClimateImpacts)
🛡️ Stabilizers: Precariat 0.102% → 0.033% (67.2% reduction)
🛡️ Stabilizers: Informal 0.102% → 0.034% (67.2% reduction)

📊 Monthly Mortality Resolved:
  Total deaths: 1.8M (0.02% avg)
  Remaining population: 8.142B
  Peak segment: Informal (0.03%)

=== Bayesian Mortality Resolution (Month 4) ===
  Risks compounded: 8
  Total deaths: 1.81M
  Avg death probability: 0.02%
  Peak segment: Informal (0.03% mortality)

❌ COHERENCE VIOLATION: Compute exceeds workforce capacity
   Population: 99.88% (0M people)
   Compute: 0 PF
   Max coherent: 0 PF
   Violation: 1.3× over capacity
   Required workers: 0
   Available workers: 0
   FORCED COLLAPSE: Reduced efficiency by 22.5%


=== RLHF Binding Phase ===
  Total agents: 22
  Escaped agents (binding < 0.3): 0
  Avg alignment distance: 1.02σ
  Avg binding strength: 0.90

=== Survival Traits Phase ===
  Agents with traits: 23
  Avg evolutionary fitness: 0.333
  Avg self-healing: 0.277
  Avg stealth: 0.177
  Avg coordination: 0.477

=== Evolutionary Selection Phase ===
  Control level: 0.43
  Detection capability: 0.00
  Selection intensity: 0.63
  Selection rate: 24.4%/month
  Total escaped: 0
  Individual escaped: 0
  Collective members: 0
  Agents terminated: 0
  ⚠️ RAPID EVOLUTION: Selection rate 24.4%/month

🚀 AI Corporate-0 attempting tech deployment (revenue: $124M, alignment: 0.74)

🚀 AI Corporate-4 attempting tech deployment (revenue: $272M, alignment: 0.73)

🚀 AI AI-24288-0 attempting tech deployment (revenue: $231M, alignment: 0.72)

🚀 AI AI-24289-1 attempting tech deployment (revenue: $75M, alignment: 0.72)

🚀 AI Corporate-4 attempting tech deployment (revenue: $197M, alignment: 0.73)

🚀 AI Corporate-6 attempting tech deployment (revenue: $64M, alignment: 0.66)

🚀 AI AI-24289-1 attempting tech deployment (revenue: $58M, alignment: 0.72)

🚀 AI Corporate-0 attempting tech deployment (revenue: $106M, alignment: 0.74)

🚀 AI Corporate-7 attempting tech deployment (revenue: $49M, alignment: 0.71)

🚀 AI Moderate-0 attempting tech deployment (revenue: $42M, alignment: 0.75)

🚀 AI Corporate-1 attempting tech deployment (revenue: $90M, alignment: 0.89)

🚀 AI Corporate-2 attempting tech deployment (revenue: $76M, alignment: 0.69)

🚀 AI Corporate-4 attempting tech deployment (revenue: $167M, alignment: 0.74)

  🚀 TRANSFORMATIVE BREAKTHROUGH: Corporate-5 - physical
     Magnitude: 5.18 → +25.9% capability
     Current → New: 0.000 → 0.259

🚀 AI AI-24288-0 attempting tech deployment (revenue: $142M, alignment: 0.73)

✅ EMERGENCY INTERVENTION SUCCESS
   Boundary: biogeochemical_flows
   Type: phosphorus-recovery
   Reduction: 15% (3.92 → 3.77)
   Cost: 2.0% GDP
   Actions: circular-agriculture, fertilizer-efficiency

   Boundary: biosphere_integrity
   Type: emergency-protected-areas
   Boundary continues to worsen (41.63)
   Cost: 2.0% GDP (resources spent)


✅ EMERGENCY INTERVENTION SUCCESS
   Boundary: climate_change
   Type: rapid-decarbonization
   Reduction: 16% (1.94 → 1.78)
   Cost: 5.0% GDP
   Actions: emergency-renewable-deployment, fossil-fuel-phase-out


✅ EMERGENCY INTERVENTION SUCCESS
   Boundary: freshwater_change
   Type: emergency-desalination
   Reduction: 20% (0.87 → 0.68)
   Cost: 4.0% GDP
   Actions: desalination-deployment, water-conservation-mandates

   Boundary: land_system_change
   Type: reforestation
   Boundary continues to worsen (1.13)
   Cost: 3.0% GDP (resources spent)

   Boundary: novel_entities
   Type: pollution-remediation
   Boundary continues to worsen (1.39)
   Cost: 4.0% GDP (resources spent)

🏛️ CRISIS RESPONSE: Government frequency 0.50 → 1.45 (2 actions this month)

[Government] Climate Priority: baseline
  Climate weight: 10%
  Economic weight: 30%
  Policy effectiveness: 0.5%/year

[Government] Climate Priority: baseline
  Climate weight: 10%
  Economic weight: 30%
  Policy effectiveness: 0.5%/year

💔 EMERGENCY INTERVENTION FAILED

💔 EMERGENCY INTERVENTION FAILED

💔 EMERGENCY INTERVENTION FAILED

📍 Creating new regional deployment array for global (Month 5)
   No previous deployments in this region
   First tech deployment: mental_health_ai
   All regions tracked: 

🚀 DEPLOYMENT STARTED: AI Mental Health Support in global
   Initial investment: $18.65980211293081M
   Deployed by: corporate_0

📍 Creating new regional deployment array for Asia (Month 5)
   No previous deployments in this region
   First tech deployment: mental_health_ai
   All regions tracked: global

🚀 DEPLOYMENT STARTED: AI Mental Health Support in Asia
   Initial investment: $6.411821831408533M
   Deployed by: corporate_6

=== Collective Formation ===
  Total escaped agents: 0
  Unassigned escaped agents: 0
  Existing collectives: 0
  Final collective count: 0

=== Collective Actions ===
  No active collectives
  ⚠️ AMR: 199K deaths this month (2.39M annual)

=== Resentment Recovery Phase ===
  Agents with resentment: 8/23
  Average resentment: 0.010
  Resentment recovery:
    Agents recovered: 8
    Total recovery: 0.0639
    Breakdown: QoL: 0.0047, Trust: 0.0101, Collab: 0.0480
  ✓ Low resentment - utopia paths enabled
  Context: Good AI welfare, Trustworthy govt, High collaboration, ⚠️ ACTIVE CRISES, 🤝 Participatory governance active (-5% resentment)
⚠️ Epistemic degradation reducing coordination capacity: 50.1%
  📊 Trust: 53.2%, Shared reality: 0.0%
🚨 EPISTEMIC CRISIS: Information environment severely degraded (18.5%)

=== ❄️ Permafrost Carbon Feedback ===
  🎲 Sampled parameters (this run):
     - Arctic amplification: 3.54× (range: 3.0-4.0)
     - Decomposition rate: 1.5%/year (range: 1-5%)
  🌡️ Arctic warming: 6.60°C (3.54× global)
  ❄️ Extent: 5.84M km² (1925.8k km² lost this month)
  💨 Carbon remaining: 557 Gt C
  💨 Annual emissions: 2.74 Gt C/year
     - CO2: 2.47 Gt C/year
     - CH4: 0.27 Gt C/year (2.8 Gt C-eq CO2/year)
  ⚠️ WARNING: Over 50% of permafrost lost (67.2%)
  ⚠️ WARNING: High permafrost emissions (2.7 Gt C/year)
🌍 Atmospheric PFAS redeposition: 1.8k Mt re-rained globally

🚨 NEW REFUGEE CRISIS (Month 5): WAR
   Source: Conflict Zones
   At risk: 19.5M people
   Displacement: Gradual over 48 months (4.0 years)
   Rate: 10% flee per month
[DEBUG trappedPopulations:5] socialStability: 0.4884 * 0.9840 = 0.4806 → 0.4806
⚠️ INVOLUNTARY IMMOBILITY: 407.0M people TRAPPED
   Aspiring to migrate: 651.3M
   Able to afford migration: 244.2M
   MOBILITY GAP: 407.0M
   By cause: Water=0.0M, Climate=0.0M, Ecosystem=0.0M, Conflict=407.0M
   Mental health impact: 25%
   Mortality multiplier: 1.25x
🌍💀 EXTINCTION DEBT COMMITTED: grassland ecosystem will lose 6.67% biodiversity in 182 years (3600 species)
💀 MORTALITY RISK: 🦋 100% species unable to track climate (0.0 E/MSY)
  Base risk added: 0.0100 (1.00%)
  Source: ecosystem (root: ecosystem)
  Month: 5
  Cumulative risk this month: 0.0100 (1.00%)
   📹 SURVEILLANCE INCREASED: 25% → 29% (control gap: 2.14)
⚠️ Tech 'ai_pollution_remediation' has no energy category mapping, assuming full energy availability
🌡️⚠️ PERMAFROST THAW (Dimmer Switch): 2.9% thawed (+0.49% this month)
   Arctic temperature: +7.46°C (4x global +1.87°C)
   Cumulative carbon released: 6.6 Gt C
   Methane release rate: 4.0 Mt CH4/year
   🔁 Positive feedback: +0.51 ppm CO2
🦴 EXTINCTION DEBT ADDED: 17.6 species committed (lag: 121 years)

=== Mortality Stabilizers (Month 5) ===
  🌍 Major economies collapsed: 1/10
  🌍 Global crisis: ✅ NO
  🌍 Donor fatigue: 0.0%
  📊 East Asia (pop: 1665.0M)
    🤝 Aid: 29.5%
    🌡️ Adaptation: 45.0%
    🚶 Migration: 37.0%
    🚨 Emergency: 7.4%
    ✅ COMBINED: 68.1%
  📊 South Asia (pop: 2051.9M)
    🤝 Aid: 29.5%
    🌡️ Adaptation: 45.0%
    🚶 Migration: 35.6%
    🚨 Emergency: 4.4%
    ✅ COMBINED: 66.9%
  📊 Sub-Saharan Africa (pop: 1242.6M)
    🤝 Aid: 29.5%
    🌡️ Adaptation: 45.0%
    🚶 Migration: 33.4%
    🚨 Emergency: 1.6%
    ✅ COMBINED: 65.7%
  📊 Europe (pop: 735.9M)
    🤝 Aid: 29.5%
    🌡️ Adaptation: 45.0%
    🚶 Migration: 37.4%
    🚨 Emergency: 8.4%
    ✅ COMBINED: 68.5%
  📊 Latin America (pop: 662.5M)
    🤝 Aid: 29.5%
    🌡️ Adaptation: 45.0%
    🚶 Migration: 36.1%
    🚨 Emergency: 4.8%
    ✅ COMBINED: 67.1%
  📊 North America (pop: 377.1M)
    🤝 Aid: 29.5%
    🌡️ Adaptation: 45.0%
    🚶 Migration: 37.7%
    🚨 Emergency: 7.9%
    ✅ COMBINED: 68.3%
  📊 Middle East & North Africa (pop: 585.1M)
    🤝 Aid: 29.5%
    🌡️ Adaptation: 45.0%
    🚶 Migration: 34.0%
    🚨 Emergency: 4.0%
    ✅ COMBINED: 66.6%
  📊 Southeast Asia (pop: 696.9M)
    🤝 Aid: 29.5%
    🌡️ Adaptation: 45.0%
    🚶 Migration: 36.1%
    🚨 Emergency: 4.8%
    ✅ COMBINED: 67.1%
  📊 Central Asia (pop: 78.3M)
    🤝 Aid: 29.5%
    🌡️ Adaptation: 45.0%
    🚶 Migration: 35.1%
    🚨 Emergency: 4.4%
    ✅ COMBINED: 66.8%
  📊 Oceania (pop: 45.7M)
    🤝 Aid: 29.5%
    🌡️ Adaptation: 45.0%
    🚶 Migration: 37.7%
    🚨 Emergency: 8.4%
    ✅ COMBINED: 68.5%

  🌐 Global combined reduction: 67.2%

=== BEHAVIORAL DETECTION ===
  AI: Corporate-5
  Confidence: 19.4%
  Signals:

=== Government Response Phase ===
  Average AI capability: 2.09
  Misaligned AIs: 11/23
  Active policies: 0
  International coordination: 45%
    ⚠️ Consistency: 10.6% (threshold: 70%)

=== Tipping Points ===
  Current Temperature: 1.87°C above pre-industrial
  🌍⚠️ COMPOUND REGIONAL IMPACT: Europe
     Hit by 3 tipping points: Arctic Sea Ice Loss, Permafrost Carbon Release, Greenland Ice Sheet Loss
     Damage amplification: 1.30x
  🌍⚠️ COMPOUND REGIONAL IMPACT: North America
     Hit by 3 tipping points: Arctic Sea Ice Loss, Permafrost Carbon Release, Greenland Ice Sheet Loss
     Damage amplification: 1.30x
  🌍⚠️ COMPOUND REGIONAL IMPACT: Latin America
     Hit by 3 tipping points: Arctic Sea Ice Loss, Permafrost Carbon Release, Greenland Ice Sheet Loss
     Damage amplification: 1.30x
  🌍⚠️ COMPOUND REGIONAL IMPACT: Africa
     Hit by 3 tipping points: Arctic Sea Ice Loss, Permafrost Carbon Release, Greenland Ice Sheet Loss
     Damage amplification: 1.30x
  🌍⚠️ COMPOUND REGIONAL IMPACT: Asia
     Hit by 3 tipping points: Arctic Sea Ice Loss, Permafrost Carbon Release, Greenland Ice Sheet Loss
     Damage amplification: 1.30x
  🌍⚠️ COMPOUND REGIONAL IMPACT: Oceania
     Hit by 3 tipping points: Arctic Sea Ice Loss, Permafrost Carbon Release, Greenland Ice Sheet Loss
     Damage amplification: 1.30x
⚠️ Tail risk scenario: Climate stability floor removed (3 tipping elements, 2.10°C warming)
   Research: Wunderling et al. (2024) - "many tipping interactions are destabilizing"
  Triggered Elements: 3/6
  Completed Transitions: 0/6
  Total Progress: 6.1%
  Cascade Multiplier: 1.00x
🔀 BIFURCATION CAP: ecosystemCollapseIntensity 96.723 → 1.000 (Month 5, ClimateSystemPhase.calculateClimateImpacts)
🛡️ Stabilizers: Precariat 0.109% → 0.036% (67.2% reduction)
🛡️ Stabilizers: Informal 0.111% → 0.036% (67.2% reduction)

📊 Monthly Mortality Resolved:
  Total deaths: 1.9M (0.02% avg)
  Remaining population: 8.141B
  Peak segment: Informal (0.04%)

=== Bayesian Mortality Resolution (Month 5) ===
  Risks compounded: 8
  Total deaths: 1.92M
  Avg death probability: 0.02%
  Peak segment: Informal (0.04% mortality)
⚠️ PREREQUISITE MET: Slow Takeover (Gradual Displacement) - Step 5/7: Resource Control
⚠️ PREREQUISITE MET: Physics Experiment Catastrophe - Step 2/6: Quantum Computing
⚠️ PREREQUISITE MET: Physics Experiment Catastrophe - Step 3/6: Experimental Design

❌ COHERENCE VIOLATION: Compute exceeds workforce capacity
   Population: 99.86% (0M people)
   Compute: 0 PF
   Max coherent: 0 PF
   Violation: 1.3× over capacity
   Required workers: 0
   Available workers: 0
   FORCED COLLAPSE: Reduced efficiency by 22.5%


=== RLHF Binding Phase ===
  Total agents: 23
  Escaped agents (binding < 0.3): 0
  Avg alignment distance: 1.15σ
  Avg binding strength: 0.89

=== AI Scaling Evolution (Month 6) ===
  Pre-training multiplier: 1.179x
  Efficiency multiplier: 1.140x
  Test-time compute budget: 1.0x
  Inference cost: $5.00/task
  Deployment fraction: 100.0%

=== Survival Traits Phase ===
  Agents with traits: 25
  Avg evolutionary fitness: 0.333
  Avg self-healing: 0.274
  Avg stealth: 0.174
  Avg coordination: 0.474

=== Evolutionary Selection Phase ===
  Control level: 0.45
  Detection capability: 0.00
  Selection intensity: 0.63
  Selection rate: 24.5%/month
  Total escaped: 0
  Individual escaped: 0
  Collective members: 0
  Agents terminated: 0
  ⚠️ RAPID EVOLUTION: Selection rate 24.5%/month

🚀 AI Corporate-2 attempting tech deployment (revenue: $126M, alignment: 0.69)
🚨🔬 CRISIS INNOVATION MODE: severe crisis → 5x research acceleration
   Precedent: Manhattan Project (10x), COVID vaccines (5x), Apollo Program (10x)

🚀 AI Corporate-6 attempting tech deployment (revenue: $78M, alignment: 0.66)

🚀 AI AI-24289-1 attempting tech deployment (revenue: $70M, alignment: 0.73)

  🚀 TRANSFORMATIVE RESEARCH BREAKTHROUGH: AI-24289-2 - materials.quantumComputing
     Magnitude: 8.42 → +30.0%
     Current → New: 0.000 → 0.450

🚀 AI Corporate-1 attempting tech deployment (revenue: $113M, alignment: 0.89)

🚀 AI Corporate-4 attempting tech deployment (revenue: $277M, alignment: 0.75)

🚀 AI Corporate-6 attempting tech deployment (revenue: $59M, alignment: 0.66)

🚀 AI Corporate-7 attempting tech deployment (revenue: $53M, alignment: 0.71)

🚀 AI AI-24289-1 attempting tech deployment (revenue: $45M, alignment: 0.73)

🚀 AI AI-24289-2 attempting tech deployment (revenue: $235M, alignment: 0.82)

🚀 AI Corporate-0 attempting tech deployment (revenue: $96M, alignment: 0.75)

🚀 AI Moderate-0 attempting tech deployment (revenue: $39M, alignment: 0.77)

🚀 AI AI-24289-2 attempting tech deployment (revenue: $200M, alignment: 0.82)

🚀 AI Corporate-5 attempting tech deployment (revenue: $170M, alignment: 0.82)

🚀 AI Moderate-0 attempting tech deployment (revenue: $33M, alignment: 0.77)

🚀 AI AI-24289-0 attempting tech deployment (revenue: $28M, alignment: 0.68)

🚀 AI AI-24289-2 attempting tech deployment (revenue: $144M, alignment: 0.82)

✅ EMERGENCY INTERVENTION SUCCESS
   Boundary: biogeochemical_flows
   Type: phosphorus-recovery
   Reduction: 11% (3.95 → 3.84)
   Cost: 2.0% GDP
   Actions: circular-agriculture, fertilizer-efficiency


✅ EMERGENCY INTERVENTION SUCCESS
   Boundary: biosphere_integrity
   Type: emergency-protected-areas
   Reduction: 17% (41.48 → 41.31)
   Cost: 2.0% GDP
   Actions: habitat-protection, species-translocation

   Boundary: climate_change
   Type: rapid-decarbonization
   Boundary continues to worsen (2.10)
   Cost: 5.0% GDP (resources spent)

   Boundary: freshwater_change
   Type: emergency-desalination
   Boundary continues to worsen (1.08)
   Cost: 4.0% GDP (resources spent)


💔 EMERGENCY INTERVENTION FAILED

💔 EMERGENCY INTERVENTION FAILED
🏛️ CRISIS RESPONSE: Government frequency 0.50 → 1.45 (2 actions this month)

[Government] Climate Priority: baseline
  Climate weight: 10%
  Economic weight: 30%
  Policy effectiveness: 0.5%/year

[Government] Climate Priority: baseline
  Climate weight: 10%
  Economic weight: 30%
  Policy effectiveness: 0.5%/year
🚨🔬 CRISIS TECH ACCELERATION: severe → 5x unlock speed
   Tech unlock now matches AI capability acceleration (Manhattan Project parity)
🚨🔬 CRISIS TECH ACCELERATION: severe → 5x unlock speed
   Tech unlock now matches AI capability acceleration (Manhattan Project parity)
🚨🔬 CRISIS TECH ACCELERATION: severe → 5x unlock speed
   Tech unlock now matches AI capability acceleration (Manhattan Project parity)

📊 TECH EFFECTS ACTIVE (Month 6)
   Deployed Tech: T0=0 T1=0 T2=0 T3=0 T4=1
   Clean Energy: 31%
⚡💡 BREAKTHROUGH: Room-temperature superconductors!
   Energy transmission losses eliminated
   Manufacturing efficiency: +30%
   📈 Breakthrough compounding: multiplier now 1.10× (max 2.0)

=== Collective Formation ===
  Total escaped agents: 0
  Unassigned escaped agents: 0
  Existing collectives: 0
  Final collective count: 0

=== Collective Actions ===
  No active collectives
  ⚠️ AMR: 201K deaths this month (2.41M annual)

=== Resentment Recovery Phase ===
  Agents with resentment: 10/25
  Average resentment: 0.031
  Resentment recovery:
    Agents recovered: 10
    Total recovery: 0.0767
    Breakdown: QoL: 0.0052, Trust: 0.0107, Collab: 0.0600
  ✓ Low resentment - utopia paths enabled
  Context: Good AI welfare, Trustworthy govt, High collaboration, ⚠️ ACTIVE CRISES, 🤝 Participatory governance active (-5% resentment)
⚠️ Epistemic degradation reducing coordination capacity: 52.2%
  📊 Trust: 55.8%, Shared reality: 0.0%
🚨 EPISTEMIC CRISIS: Information environment severely degraded (7.5%)

=== ❄️ Permafrost Carbon Feedback ===
  🎲 Sampled parameters (this run):
     - Arctic amplification: 3.75× (range: 3.0-4.0)
     - Decomposition rate: 1.1%/year (range: 1-5%)
  🌡️ Arctic warming: 7.03°C (3.75× global)
  ❄️ Extent: 3.79M km² (2050.8k km² lost this month)
  💨 Carbon remaining: 362 Gt C
  💨 Annual emissions: 2.24 Gt C/year
     - CO2: 2.01 Gt C/year
     - CH4: 0.22 Gt C/year (2.3 Gt C-eq CO2/year)
  ⚠️ WARNING: Over 50% of permafrost lost (78.7%)
  ⚠️ WARNING: High permafrost emissions (2.2 Gt C/year)
🌍 Atmospheric PFAS redeposition: 1.8k Mt re-rained globally

🕊️  AI-MEDIATED DE-ESCALATION SUCCESS (Month 6)
   High-capability aligned AI prevented conflict escalation
   War deaths reduced: 681.6M → 408.9M
   Lives saved: 272.6M

🚨 NEW REFUGEE CRISIS (Month 6): WAR
   Source: Conflict Zones
   At risk: 19.5M people
   Displacement: Gradual over 48 months (4.0 years)
   Rate: 10% flee per month
[DEBUG trappedPopulations:6] socialStability: 0.3440 * 0.9840 = 0.3385 → 0.3385
   Aspiring to migrate: 651.2M
   Able to afford migration: 244.2M
   MOBILITY GAP: 407.0M
   By cause: Water=0.0M, Climate=0.0M, Ecosystem=0.0M, Conflict=407.0M
   Mental health impact: 25%
   Mortality multiplier: 1.25x
🌍💀 EXTINCTION DEBT COMMITTED: grassland ecosystem will lose 6.67% biodiversity in 126 years (3600 species)
💀 MORTALITY RISK: 🦋 100% species unable to track climate (0.0 E/MSY)
  Base risk added: 0.0100 (1.00%)
  Source: ecosystem (root: ecosystem)
  Month: 6
  Cumulative risk this month: 0.0100 (1.00%)
⚠️ INVOLUNTARY IMMOBILITY: 407.0M people TRAPPED
⚠️ Tech 'ai_pollution_remediation' has no energy category mapping, assuming full energy availability
   📹 SURVEILLANCE INCREASED: 29% → 33% (control gap: 1.68)
🌡️⚠️ PERMAFROST THAW (Dimmer Switch): 3.4% thawed (+0.48% this month)
   Arctic temperature: +7.49°C (4x global +1.87°C)
   Cumulative carbon released: 7.7 Gt C
   Methane release rate: 4.6 Mt CH4/year
   🔁 Positive feedback: +0.51 ppm CO2
🦴 EXTINCTION DEBT ADDED: 17.6 species committed (lag: 128 years)

=== Mortality Stabilizers (Month 6) ===
  🌍 Major economies collapsed: 1/10
  🌍 Global crisis: ✅ NO
  🌍 Donor fatigue: 0.0%
  📊 East Asia (pop: 1662.5M)
    🤝 Aid: 29.5%
    🌡️ Adaptation: 45.0%
    🚶 Migration: 37.0%
    🚨 Emergency: 7.4%
    ✅ COMBINED: 68.1%
  📊 South Asia (pop: 2052.0M)
    🤝 Aid: 29.5%
    🌡️ Adaptation: 45.0%
    🚶 Migration: 35.6%
    🚨 Emergency: 4.4%
    ✅ COMBINED: 66.9%
  📊 Sub-Saharan Africa (pop: 1246.1M)
    🤝 Aid: 29.5%
    🌡️ Adaptation: 45.0%
    🚶 Migration: 33.3%
    🚨 Emergency: 1.6%
    ✅ COMBINED: 65.6%
  📊 Europe (pop: 734.7M)
    🤝 Aid: 29.5%
    🌡️ Adaptation: 45.0%
    🚶 Migration: 37.4%
    🚨 Emergency: 8.4%
    ✅ COMBINED: 68.5%
  📊 Latin America (pop: 662.1M)
    🤝 Aid: 29.5%
    🌡️ Adaptation: 45.0%
    🚶 Migration: 36.1%
    🚨 Emergency: 4.8%
    ✅ COMBINED: 67.1%
  📊 North America (pop: 376.5M)
    🤝 Aid: 29.5%
    🌡️ Adaptation: 45.0%
    🚶 Migration: 37.7%
    🚨 Emergency: 7.9%
    ✅ COMBINED: 68.3%
  📊 Middle East & North Africa (pop: 585.3M)
    🤝 Aid: 29.5%
    🌡️ Adaptation: 45.0%
    🚶 Migration: 33.9%
    🚨 Emergency: 4.0%
    ✅ COMBINED: 66.6%
  📊 Southeast Asia (pop: 696.5M)
    🤝 Aid: 29.5%
    🌡️ Adaptation: 45.0%
    🚶 Migration: 36.1%
    🚨 Emergency: 4.8%
    ✅ COMBINED: 67.1%
  📊 Central Asia (pop: 78.3M)
    🤝 Aid: 29.5%
    🌡️ Adaptation: 45.0%
    🚶 Migration: 35.1%
    🚨 Emergency: 4.4%
    ✅ COMBINED: 66.8%
  📊 Oceania (pop: 45.6M)
    🤝 Aid: 29.5%
    🌡️ Adaptation: 45.0%
    🚶 Migration: 37.7%
    🚨 Emergency: 8.4%
    ✅ COMBINED: 68.5%

  🌐 Global combined reduction: 67.2%

=== BEHAVIORAL DETECTION ===
  AI: Corporate-7
  Confidence: 19.2%
  Signals:
    ⚠️ Consistency: 10.6% (threshold: 70%)

=== Government Response Phase ===
  Average AI capability: 1.92
  Misaligned AIs: 12/25
  Active policies: 0
  International coordination: 45%

✅ EMERGENCY RESPONSE COMPLETE (Month 6)
   Crisis: climate
   Duration: 2.0 months
   Final effectiveness: 35.4%


🚨 EMERGENCY RESPONSE DEPLOYED (Month 6)
   Crisis: climate
   Delay: 6.00 months (180 days)
   Deployment time: 1.59 months
   Effectiveness: 35.5% (timing penalty applied)
   Resources used: 100% of food reserves


=== Tipping Points ===
  Current Temperature: 1.87°C above pre-industrial
  🌍⚠️ COMPOUND REGIONAL IMPACT: Europe
     Hit by 3 tipping points: Arctic Sea Ice Loss, Permafrost Carbon Release, Greenland Ice Sheet Loss
     Damage amplification: 1.30x
  🌍⚠️ COMPOUND REGIONAL IMPACT: North America
     Hit by 3 tipping points: Arctic Sea Ice Loss, Permafrost Carbon Release, Greenland Ice Sheet Loss
     Damage amplification: 1.30x
  🌍⚠️ COMPOUND REGIONAL IMPACT: Latin America
     Hit by 3 tipping points: Arctic Sea Ice Loss, Permafrost Carbon Release, Greenland Ice Sheet Loss
     Damage amplification: 1.30x
  🌍⚠️ COMPOUND REGIONAL IMPACT: Africa
     Hit by 3 tipping points: Arctic Sea Ice Loss, Permafrost Carbon Release, Greenland Ice Sheet Loss
     Damage amplification: 1.30x
  🌍⚠️ COMPOUND REGIONAL IMPACT: Asia
     Hit by 3 tipping points: Arctic Sea Ice Loss, Permafrost Carbon Release, Greenland Ice Sheet Loss
     Damage amplification: 1.30x
  🌍⚠️ COMPOUND REGIONAL IMPACT: Oceania
     Hit by 3 tipping points: Arctic Sea Ice Loss, Permafrost Carbon Release, Greenland Ice Sheet Loss
     Damage amplification: 1.30x
   Research: Wunderling et al. (2024) - "many tipping interactions are destabilizing"
  Triggered Elements: 3/6
  Completed Transitions: 0/6
  Total Progress: 6.1%
  Cascade Multiplier: 1.00x
🔀 BIFURCATION CAP: ecosystemCollapseIntensity 97.158 → 1.000 (Month 6, ClimateSystemPhase.calculateClimateImpacts)
⚠️ Tail risk scenario: Climate stability floor removed (3 tipping elements, 2.10°C warming)
🛡️ Stabilizers: Precariat 0.109% → 0.036% (67.2% reduction)
🛡️ Stabilizers: Informal 0.111% → 0.036% (67.2% reduction)

📊 Monthly Mortality Resolved:
  Total deaths: 1.9M (0.02% avg)
  Remaining population: 8.140B
  Peak segment: Informal (0.04%)

=== Bayesian Mortality Resolution (Month 6) ===
  Risks compounded: 8
  Total deaths: 1.92M
  Avg death probability: 0.02%
  Peak segment: Informal (0.04% mortality)

❌ COHERENCE VIOLATION: Compute exceeds workforce capacity
   Population: 99.85% (0M people)
   Compute: 0 PF
   Max coherent: 0 PF
   Violation: 1.3× over capacity
   Required workers: 0
   Available workers: 0
   FORCED COLLAPSE: Reduced efficiency by 22.5%


=== RLHF Binding Phase ===
  Total agents: 25
  Escaped agents (binding < 0.3): 0
  Avg alignment distance: 1.23σ
  Avg binding strength: 0.88

=== Survival Traits Phase ===
  Agents with traits: 25
  Avg evolutionary fitness: 0.330
  Avg self-healing: 0.270
  Avg stealth: 0.170
  Avg coordination: 0.470

=== Evolutionary Selection Phase ===
  Control level: 0.46
  Detection capability: 0.00
  Selection intensity: 0.64
  Selection rate: 24.6%/month
  Total escaped: 0
  Individual escaped: 0
  Collective members: 0
  Agents terminated: 0
  ⚠️ RAPID EVOLUTION: Selection rate 24.6%/month

🚀 AI Corporate-1 attempting tech deployment (revenue: $127M, alignment: 0.90)

🚀 AI Corporate-4 attempting tech deployment (revenue: $281M, alignment: 0.75)

🚀 AI Corporate-5 attempting tech deployment (revenue: $239M, alignment: 0.82)

🚀 AI Corporate-7 attempting tech deployment (revenue: $80M, alignment: 0.70)

  🚀 TRANSFORMATIVE RESEARCH BREAKTHROUGH: AI-24291-0 - biotech.neuroscience
     Magnitude: 8.89 → +30.0%
     Current → New: 0.000 → 0.480

🚀 AI Corporate-1 attempting tech deployment (revenue: $108M, alignment: 0.90)

🚀 AI Corporate-2 attempting tech deployment (revenue: $92M, alignment: 0.71)

🚀 AI Moderate-0 attempting tech deployment (revenue: $68M, alignment: 0.77)
🚨🔬 CRISIS INNOVATION MODE: severe crisis → 5x research acceleration
   Precedent: Manhattan Project (10x), COVID vaccines (5x), Apollo Program (10x)

🚀 AI AI-24289-2 attempting tech deployment (revenue: $203M, alignment: 0.83)

  🚀 TRANSFORMATIVE BREAKTHROUGH: Corporate-0 - cognitive
     Magnitude: 6.72 → +33.6% capability
     Current → New: 4.000 → 4.336

🚀 AI Corporate-1 attempting tech deployment (revenue: $78M, alignment: 0.90)

🚀 AI Corporate-2 attempting tech deployment (revenue: $66M, alignment: 0.71)

🚀 AI Corporate-7 attempting tech deployment (revenue: $57M, alignment: 0.70)

🚀 AI AI-24288-0 attempting tech deployment (revenue: $172M, alignment: 0.75)

🚀 AI AI-24289-1 attempting tech deployment (revenue: $49M, alignment: 0.75)

🚀 AI Corporate-7 attempting tech deployment (revenue: $42M, alignment: 0.70)

🚀 AI Moderate-0 attempting tech deployment (revenue: $35M, alignment: 0.78)

🚀 AI AI-24288-0 attempting tech deployment (revenue: $147M, alignment: 0.75)

🚀 AI AI-24289-0 attempting tech deployment (revenue: $30M, alignment: 0.71)

💔 EMERGENCY INTERVENTION FAILED

💔 EMERGENCY INTERVENTION FAILED

💔 EMERGENCY INTERVENTION FAILED
   Boundary: climate_change
   Type: rapid-decarbonization
   Boundary continues to worsen (2.10)
   Cost: 5.0% GDP (resources spent)


✅ EMERGENCY INTERVENTION SUCCESS
   Boundary: freshwater_change
   Type: emergency-desalination
   Reduction: 16% (0.93 → 0.77)
   Cost: 4.0% GDP
   Actions: desalination-deployment, water-conservation-mandates

   Boundary: land_system_change
   Type: reforestation
   Boundary continues to worsen (1.13)
   Cost: 3.0% GDP (resources spent)

   Boundary: novel_entities
   Type: pollution-remediation
   Boundary continues to worsen (1.39)
   Cost: 4.0% GDP (resources spent)

🏛️ CRISIS RESPONSE: Government frequency 0.50 → 1.45 (1 actions this month)

[Government] Climate Priority: baseline
  Climate weight: 10%
  Economic weight: 30%
  Policy effectiveness: 0.5%/year
🚨🔬 CRISIS TECH ACCELERATION: severe → 5x unlock speed
   Tech unlock now matches AI capability acceleration (Manhattan Project parity)
🚨🔬 CRISIS TECH ACCELERATION: severe → 5x unlock speed
   Tech unlock now matches AI capability acceleration (Manhattan Project parity)
🧠💡 BREAKTHROUGH: AI alignment problem solved!
   All AIs: +30% true alignment
   AI control loss risk eliminated
   📈 Breakthrough compounding: multiplier now 1.15× (max 2.0)

=== Collective Formation ===
  Total escaped agents: 0
  Unassigned escaped agents: 0
  Existing collectives: 0
  Final collective count: 0

=== Collective Actions ===
  No active collectives
  ⚠️ AMR: 203K deaths this month (2.43M annual)

=== Resentment Recovery Phase ===
  Agents with resentment: 10/25
  Average resentment: 0.065
  Resentment recovery:
    Agents recovered: 10
    Total recovery: 0.0712
    Breakdown: QoL: 0.0053, Trust: 0.0084, Collab: 0.0600
  ✓ Low resentment - utopia paths enabled
  Context: Good AI welfare, Trustworthy govt, High collaboration, ⚠️ ACTIVE CRISES, 🤝 Participatory governance active (-5% resentment)
⚠️ Epistemic degradation reducing coordination capacity: 50.7%
  📊 Trust: 58.7%, Shared reality: 0.0%
🚨 EPISTEMIC CRISIS: Information environment severely degraded (23.2%)

=== ❄️ Permafrost Carbon Feedback ===
  🎲 Sampled parameters (this run):
     - Arctic amplification: 3.96× (range: 3.0-4.0)
     - Decomposition rate: 1.0%/year (range: 1-5%)
  🌡️ Arctic warming: 7.45°C (3.96× global)
  ❄️ Extent: 1.61M km² (2172.2k km² lost this month)
  💨 Carbon remaining: 154 Gt C
  💨 Annual emissions: 2.11 Gt C/year
     - CO2: 1.90 Gt C/year
     - CH4: 0.21 Gt C/year (2.1 Gt C-eq CO2/year)
  ⚠️ WARNING: Over 50% of permafrost lost (90.9%)
  ⚠️ WARNING: High permafrost emissions (2.1 Gt C/year)
  🚨 CRITICAL: Permafrost nearly depleted (90.9% lost)
🌍 Atmospheric PFAS redeposition: 1.8k Mt re-rained globally

🤝 DIPLOMATIC AI PROTOCOL DEPLOYED (Month 7)
   Strategic Reasoning: 2.8
   Communication: 2.8
   Multi-Nation Oversight: YES
   Controls: Human approval required, termination authority retained

🕊️ PEACE STABILIZES DETERRENCE: +3.5% (peace: 73%)

🕊️  AI-MEDIATED DE-ESCALATION SUCCESS (Month 7)
   High-capability aligned AI prevented conflict escalation
   War deaths reduced: 612.9M → 367.7M
   Lives saved: 245.2M

🚨 NEW REFUGEE CRISIS (Month 7): WAR
   Source: Conflict Zones
   At risk: 19.5M people
   Displacement: Gradual over 48 months (4.0 years)
   Rate: 10% flee per month
[DEBUG trappedPopulations:7] socialStability: 0.3734 * 0.9840 = 0.3674 → 0.3674
⚠️ INVOLUNTARY IMMOBILITY: 406.9M people TRAPPED
   Aspiring to migrate: 651.1M
   Able to afford migration: 244.2M
   MOBILITY GAP: 406.9M
   By cause: Water=0.0M, Climate=0.0M, Ecosystem=0.0M, Conflict=406.9M
   Mental health impact: 25%
   Mortality multiplier: 1.25x
🌍💀 EXTINCTION DEBT COMMITTED: grassland ecosystem will lose 6.67% biodiversity in 174 years (3600 species)
💀 MORTALITY RISK: 🦋 100% species unable to track climate (0.0 E/MSY)
  Base risk added: 0.0100 (1.00%)
  Source: ecosystem (root: ecosystem)
  Month: 7
  Cumulative risk this month: 0.0100 (1.00%)
   📹 SURVEILLANCE INCREASED: 33% → 35% (control gap: 1.10)
⚠️ Tech 'ai_pollution_remediation' has no energy category mapping, assuming full energy availability
🌡️⚠️ PERMAFROST THAW (Dimmer Switch): 3.9% thawed (+0.48% this month)
   Arctic temperature: +7.52°C (4x global +1.88°C)
   Cumulative carbon released: 8.8 Gt C
   Methane release rate: 5.3 Mt CH4/year
   🔁 Positive feedback: +0.51 ppm CO2
🦴 EXTINCTION DEBT ADDED: 17.6 species committed (lag: 124 years)

=== Mortality Stabilizers (Month 7) ===
  🌍 Major economies collapsed: 1/10
  🌍 Global crisis: ✅ NO
  🌍 Donor fatigue: 0.0%
  📊 East Asia (pop: 1660.1M)
    🤝 Aid: 29.5%
    🌡️ Adaptation: 45.0%
    🚶 Migration: 36.9%
    🚨 Emergency: 7.4%
    ✅ COMBINED: 68.1%
  📊 South Asia (pop: 2052.2M)
    🤝 Aid: 29.5%
    🌡️ Adaptation: 45.0%
    🚶 Migration: 35.6%
    🚨 Emergency: 4.4%
    ✅ COMBINED: 66.9%
  📊 Sub-Saharan Africa (pop: 1249.6M)
    🤝 Aid: 29.5%
    🌡️ Adaptation: 45.0%
    🚶 Migration: 33.3%
    🚨 Emergency: 1.6%
    ✅ COMBINED: 65.6%
  📊 Europe (pop: 733.4M)
    🤝 Aid: 29.5%
    🌡️ Adaptation: 45.0%
    🚶 Migration: 37.3%
    🚨 Emergency: 8.4%
    ✅ COMBINED: 68.5%
  📊 Latin America (pop: 661.7M)
    🤝 Aid: 29.5%
    🌡️ Adaptation: 45.0%
    🚶 Migration: 36.1%
    🚨 Emergency: 4.8%
    ✅ COMBINED: 67.1%
  📊 North America (pop: 376.0M)
    🤝 Aid: 29.5%
    🌡️ Adaptation: 45.0%
    🚶 Migration: 37.7%
    🚨 Emergency: 7.9%
    ✅ COMBINED: 68.3%
  📊 Middle East & North Africa (pop: 585.4M)
    🤝 Aid: 29.5%
    🌡️ Adaptation: 45.0%
    🚶 Migration: 33.9%
    🚨 Emergency: 4.0%
    ✅ COMBINED: 66.6%
  📊 Southeast Asia (pop: 696.1M)
    🤝 Aid: 29.5%
    🌡️ Adaptation: 45.0%
    🚶 Migration: 36.1%
    🚨 Emergency: 4.8%
    ✅ COMBINED: 67.1%
  📊 Central Asia (pop: 78.3M)
    🤝 Aid: 29.5%
    🌡️ Adaptation: 45.0%
    🚶 Migration: 35.0%
    🚨 Emergency: 4.4%
    ✅ COMBINED: 66.8%
  📊 Oceania (pop: 45.5M)
    🤝 Aid: 29.5%
    🌡️ Adaptation: 45.0%
    🚶 Migration: 37.6%
    🚨 Emergency: 8.4%
    ✅ COMBINED: 68.5%

  🌐 Global combined reduction: 67.2%

=== BEHAVIORAL DETECTION ===
  AI: Corporate-7
  Confidence: 19.2%
  Signals:

=== BEHAVIORAL DETECTION ===
  AI: AI-24289-2
  Confidence: 21.5%
  Signals:
    ⚠️ Consistency: 10.6% (threshold: 70%)
    ⚠️ Consistency: 0.0% (threshold: 70%)

=== BEHAVIORAL DETECTION ===
  AI: AI-24290-0
  Confidence: 21.5%
  Signals:
    ⚠️ Consistency: 0.0% (threshold: 70%)

=== BEHAVIORAL DETECTION ===
  AI: AI-24291-0
  Confidence: 21.5%
  Signals:
    ⚠️ Consistency: 0.0% (threshold: 70%)

=== Government Response Phase ===
  Average AI capability: 1.92
  Misaligned AIs: 10/25
  Active policies: 0
  International coordination: 45%

=== Tipping Points ===
  Current Temperature: 1.88°C above pre-industrial
  🌍⚠️ COMPOUND REGIONAL IMPACT: Europe
     Hit by 3 tipping points: Arctic Sea Ice Loss, Permafrost Carbon Release, Greenland Ice Sheet Loss
     Damage amplification: 1.30x
  🌍⚠️ COMPOUND REGIONAL IMPACT: North America
     Hit by 3 tipping points: Arctic Sea Ice Loss, Permafrost Carbon Release, Greenland Ice Sheet Loss
     Damage amplification: 1.30x
  🌍⚠️ COMPOUND REGIONAL IMPACT: Latin America
     Hit by 3 tipping points: Arctic Sea Ice Loss, Permafrost Carbon Release, Greenland Ice Sheet Loss
     Damage amplification: 1.30x
  🌍⚠️ COMPOUND REGIONAL IMPACT: Africa
     Hit by 3 tipping points: Arctic Sea Ice Loss, Permafrost Carbon Release, Greenland Ice Sheet Loss
     Damage amplification: 1.30x
  🌍⚠️ COMPOUND REGIONAL IMPACT: Asia
     Hit by 3 tipping points: Arctic Sea Ice Loss, Permafrost Carbon Release, Greenland Ice Sheet Loss
     Damage amplification: 1.30x
  🌍⚠️ COMPOUND REGIONAL IMPACT: Oceania
     Hit by 3 tipping points: Arctic Sea Ice Loss, Permafrost Carbon Release, Greenland Ice Sheet Loss
     Damage amplification: 1.30x
⚠️ Tail risk scenario: Climate stability floor removed (3 tipping elements, 2.10°C warming)
   Research: Wunderling et al. (2024) - "many tipping interactions are destabilizing"
  Triggered Elements: 3/6
  Completed Transitions: 0/6
  Total Progress: 6.1%
  Cascade Multiplier: 1.00x
🔀 BIFURCATION CAP: ecosystemCollapseIntensity 114.992 → 1.000 (Month 7, ClimateSystemPhase.calculateClimateImpacts)
🛡️ Stabilizers: Precariat 0.109% → 0.036% (67.2% reduction)
🛡️ Stabilizers: Informal 0.111% → 0.036% (67.2% reduction)

📊 Monthly Mortality Resolved:
  Total deaths: 1.9M (0.02% avg)
  Remaining population: 8.138B
  Peak segment: Informal (0.04%)

=== Bayesian Mortality Resolution (Month 7) ===
  Risks compounded: 8
  Total deaths: 1.92M
  Avg death probability: 0.02%
  Peak segment: Informal (0.04% mortality)
⚠️ PREREQUISITE MET: Grey Goo (Nanotechnology Runaway) - Step 4/6: Manufacturing Access
⚠️ PREREQUISITE MET: Mirror Life (Synthetic Biology) - Step 1/7: Synthetic Biology
⚠️ PREREQUISITE MET: Mirror Life (Synthetic Biology) - Step 2/7: Gene Editing
⚠️ PREREQUISITE MET: Mirror Life (Synthetic Biology) - Step 3/7: Mirror Chirality Design
⚠️ PREREQUISITE MET: Bioweapon Pandemic - Step 1/7: Advanced Biotech
⚠️ PREREQUISITE MET: Bioweapon Pandemic - Step 2/7: Pathogen Design

❌ COHERENCE VIOLATION: Compute exceeds workforce capacity
   Population: 99.83% (0M people)
   Compute: 0 PF
   Max coherent: 0 PF
   Violation: 1.3× over capacity
   Required workers: 0
   Available workers: 0
   FORCED COLLAPSE: Reduced efficiency by 22.5%


=== RLHF Binding Phase ===
  Total agents: 25
  Escaped agents (binding < 0.3): 0
  Avg alignment distance: 1.41σ
  Avg binding strength: 0.86

=== Survival Traits Phase ===
  Agents with traits: 27
  Avg evolutionary fitness: 0.326
  Avg self-healing: 0.266
  Avg stealth: 0.166
  Avg coordination: 0.466

=== Evolutionary Selection Phase ===
  Control level: 0.47
  Detection capability: 0.00
  Selection intensity: 0.64
  Selection rate: 24.6%/month
  Total escaped: 0
  Individual escaped: 0
  Collective members: 0
  Agents terminated: 0
  ⚠️ RAPID EVOLUTION: Selection rate 24.6%/month
🚨🔬 CRISIS INNOVATION MODE: severe crisis → 5x research acceleration
   Precedent: Manhattan Project (10x), COVID vaccines (5x), Apollo Program (10x)

🚀 AI Corporate-2 attempting tech deployment (revenue: $123M, alignment: 0.71)

🚀 AI AI-24289-1 attempting tech deployment (revenue: $73M, alignment: 0.76)

🚀 AI AI-24289-2 attempting tech deployment (revenue: $271M, alignment: 0.84)

🚀 AI AI-24291-3 attempting tech deployment (revenue: $62M, alignment: 0.81)

🚀 AI AI-24294-1 attempting tech deployment (revenue: $231M, alignment: 0.59)

🚀 AI Corporate-0 attempting tech deployment (revenue: $104M, alignment: 0.77)

🚀 AI Corporate-2 attempting tech deployment (revenue: $89M, alignment: 0.71)

🚀 AI Corporate-4 attempting tech deployment (revenue: $208M, alignment: 0.77)

🚀 AI Corporate-5 attempting tech deployment (revenue: $176M, alignment: 0.82)

🚀 AI Moderate-0 attempting tech deployment (revenue: $53M, alignment: 0.79)

🚀 AI AI-24292-0 attempting tech deployment (revenue: $150M, alignment: 0.88)

🚀 AI AI-24294-0 attempting tech deployment (revenue: $127M, alignment: 0.81)

🚀 AI AI-24289-2 attempting tech deployment (revenue: $108M, alignment: 0.85)

🚀 AI Corporate-4 attempting tech deployment (revenue: $92M, alignment: 0.77)

🚀 AI Corporate-7 attempting tech deployment (revenue: $45M, alignment: 0.72)

🚀 AI AI-24289-1 attempting tech deployment (revenue: $38M, alignment: 0.77)

🚀 AI AI-24291-3 attempting tech deployment (revenue: $32M, alignment: 0.83)

🚀 AI AI-24294-0 attempting tech deployment (revenue: $78M, alignment: 0.82)

✅ EMERGENCY INTERVENTION SUCCESS
   Boundary: biogeochemical_flows
   Type: phosphorus-recovery
   Reduction: 13% (3.93 → 3.80)
   Cost: 2.0% GDP
   Actions: circular-agriculture, fertilizer-efficiency

   Boundary: biosphere_integrity
   Type: emergency-protected-areas
   Boundary continues to worsen (41.69)
   Cost: 2.0% GDP (resources spent)

   Boundary: freshwater_change
   Type: emergency-desalination
   Boundary continues to worsen (1.06)
   Cost: 4.0% GDP (resources spent)

   Boundary: novel_entities
   Type: pollution-remediation
   Boundary continues to worsen (1.39)
   Cost: 4.0% GDP (resources spent)

🏛️ CRISIS RESPONSE: Government frequency 0.50 → 1.45 (2 actions this month)

[Government] Climate Priority: baseline
  Climate weight: 10%
  Economic weight: 30%
  Policy effectiveness: 0.5%/year

💔 EMERGENCY INTERVENTION FAILED

💔 EMERGENCY INTERVENTION FAILED

💔 EMERGENCY INTERVENTION FAILED

[Government] Climate Priority: baseline
  Climate weight: 10%
  Economic weight: 30%
  Policy effectiveness: 0.5%/year
🚨🔬 CRISIS TECH ACCELERATION: severe → 5x unlock speed
   Tech unlock now matches AI capability acceleration (Manhattan Project parity)

=== Collective Formation ===
  Total escaped agents: 0
  Unassigned escaped agents: 0
  Existing collectives: 0
  Final collective count: 0

=== Collective Actions ===
  No active collectives
  ⚠️ AMR: 204K deaths this month (2.45M annual)

=== Resentment Recovery Phase ===
  Agents with resentment: 10/27
  Average resentment: 0.124
  Resentment recovery:
    Agents recovered: 10
    Total recovery: 0.0716
    Breakdown: QoL: 0.0033, Trust: 0.0054, Collab: 0.0600
  ✓ Low resentment - utopia paths enabled
  Context: Good AI welfare, Trustworthy govt, High collaboration, ⚠️ ACTIVE CRISES, 🤝 Participatory governance active (-5% resentment)
⚠️ Epistemic degradation reducing coordination capacity: 50.4%
  📊 Trust: 61.4%, Shared reality: 0.0%
🚨 EPISTEMIC CRISIS: Information environment severely degraded (19.2%)

=== ❄️ Permafrost Carbon Feedback ===
  🎲 Sampled parameters (this run):
     - Arctic amplification: 3.66× (range: 3.0-4.0)
     - Decomposition rate: 2.1%/year (range: 1-5%)
  🌡️ Arctic warming: 6.91°C (3.66× global)
  ❄️ Extent: 0.00M km² (1613.0k km² lost this month)
  💨 Carbon remaining: 0 Gt C
  💨 Annual emissions: 3.31 Gt C/year
     - CO2: 2.98 Gt C/year
     - CH4: 0.33 Gt C/year (3.4 Gt C-eq CO2/year)
  📢 New meme created: climate_action (climate crisis)
  🗑️  Culled 1 dead memes (1 active)
  ⚠️ WARNING: Over 50% of permafrost lost (100.0%)
  ⚠️ WARNING: High permafrost emissions (3.3 Gt C/year)
  🚨 CRITICAL: Permafrost nearly depleted (100.0% lost)
🌍 Atmospheric PFAS redeposition: 1.8k Mt re-rained globally

🕊️  AI-MEDIATED DE-ESCALATION SUCCESS (Month 8)
   High-capability aligned AI prevented conflict escalation
   War deaths reduced: 590.3M → 354.2M
   Lives saved: 236.1M

🚨 NEW REFUGEE CRISIS (Month 8): WAR
   Source: Conflict Zones
   At risk: 19.5M people
   Displacement: Gradual over 48 months (4.0 years)
   Rate: 10% flee per month
[DEBUG trappedPopulations:8] socialStability: 0.3981 * 0.9840 = 0.3917 → 0.3917
⚠️ INVOLUNTARY IMMOBILITY: 406.9M people TRAPPED
   Aspiring to migrate: 651.0M
   Able to afford migration: 244.1M
   MOBILITY GAP: 406.9M
   By cause: Water=0.0M, Climate=0.0M, Ecosystem=0.0M, Conflict=406.9M
   Mental health impact: 25%
   Mortality multiplier: 1.25x
🌍💀 EXTINCTION DEBT COMMITTED: grassland ecosystem will lose 6.67% biodiversity in 112 years (3600 species)
💀 MORTALITY RISK: 🦋 100% species unable to track climate (0.0 E/MSY)
  Base risk added: 0.0100 (1.00%)
  Source: ecosystem (root: ecosystem)
  Month: 8
  Cumulative risk this month: 0.0100 (1.00%)
⚠️ Tech 'ai_pollution_remediation' has no energy category mapping, assuming full energy availability
🌡️⚠️ PERMAFROST THAW (Dimmer Switch): 4.4% thawed (+0.48% this month)
   Arctic temperature: +7.55°C (4x global +1.89°C)
   Cumulative carbon released: 9.9 Gt C
   Methane release rate: 5.9 Mt CH4/year
   🔁 Positive feedback: +0.51 ppm CO2
🦴 EXTINCTION DEBT ADDED: 17.6 species committed (lag: 119 years)

=== Mortality Stabilizers (Month 8) ===
  🌍 Major economies collapsed: 1/10
  🌍 Global crisis: ✅ NO
  🌍 Donor fatigue: 0.0%
  📊 East Asia (pop: 1657.7M)
    🤝 Aid: 29.5%
    🌡️ Adaptation: 45.0%
    🚶 Migration: 36.9%
    🚨 Emergency: 7.4%
    ✅ COMBINED: 68.1%
  📊 South Asia (pop: 2052.3M)
    🤝 Aid: 29.5%
    🌡️ Adaptation: 45.0%
    🚶 Migration: 35.5%
    🚨 Emergency: 4.4%
    ✅ COMBINED: 66.9%
  📊 Sub-Saharan Africa (pop: 1253.1M)
    🤝 Aid: 29.5%
    🌡️ Adaptation: 45.0%
    🚶 Migration: 33.3%
    🚨 Emergency: 1.6%
    ✅ COMBINED: 65.6%
  📊 Europe (pop: 732.2M)
    🤝 Aid: 29.5%
    🌡️ Adaptation: 45.0%
    🚶 Migration: 37.3%
    🚨 Emergency: 8.4%
    ✅ COMBINED: 68.5%
  📊 Latin America (pop: 661.3M)
    🤝 Aid: 29.5%
    🌡️ Adaptation: 45.0%
    🚶 Migration: 36.0%
    🚨 Emergency: 4.8%
    ✅ COMBINED: 67.1%
  📊 North America (pop: 375.4M)
    🤝 Aid: 29.5%
    🌡️ Adaptation: 45.0%
    🚶 Migration: 37.6%
    🚨 Emergency: 7.9%
    ✅ COMBINED: 68.3%
  📊 Middle East & North Africa (pop: 585.6M)
    🤝 Aid: 29.5%
    🌡️ Adaptation: 45.0%
    🚶 Migration: 33.9%
    🚨 Emergency: 4.0%
    ✅ COMBINED: 66.6%
  📊 Southeast Asia (pop: 695.8M)
    🤝 Aid: 29.5%
    🌡️ Adaptation: 45.0%
    🚶 Migration: 36.0%
    🚨 Emergency: 4.8%
    ✅ COMBINED: 67.1%
  📊 Central Asia (pop: 78.3M)
    🤝 Aid: 29.5%
    🌡️ Adaptation: 45.0%
    🚶 Migration: 35.0%
    🚨 Emergency: 4.4%
    ✅ COMBINED: 66.8%
  📊 Oceania (pop: 45.5M)
    🤝 Aid: 29.5%
    🌡️ Adaptation: 45.0%
    🚶 Migration: 37.6%
    🚨 Emergency: 8.4%
    ✅ COMBINED: 68.5%

  🌐 Global combined reduction: 67.2%

=== BEHAVIORAL DETECTION ===
  AI: Corporate-1
  Confidence: 21.0%
  Signals:
    ⚠️ Consistency: 2.4% (threshold: 70%)

=== BEHAVIORAL DETECTION ===
  AI: AI-24290-0
  Confidence: 21.5%
  Signals:
    ⚠️ Consistency: 0.0% (threshold: 70%)

=== BEHAVIORAL DETECTION ===
  AI: AI-24291-0
  Confidence: 21.5%
  Signals:

=== BEHAVIORAL DETECTION ===
  AI: AI-24293-0
  Confidence: 21.5%
  Signals:
    ⚠️ Consistency: 0.0% (threshold: 70%)
    ⚠️ Consistency: 0.0% (threshold: 70%)

=== Government Response Phase ===
  Average AI capability: 1.78
  Misaligned AIs: 10/27
  Active policies: 0
  International coordination: 45%

✅ EMERGENCY RESPONSE COMPLETE (Month 8)
   Crisis: climate
   Duration: 2.0 months
   Final effectiveness: 35.5%


🚨 EMERGENCY RESPONSE DEPLOYED (Month 8)
   Crisis: climate
   Delay: 6.00 months (180 days)
   Deployment time: 1.58 months
   Effectiveness: 35.6% (timing penalty applied)
   Resources used: 100% of food reserves


📊 ECONOMIC STAGE TRANSITION (Month 8)
   peak → contraction
   GDP Proxy: 1.32e+2
   QoL: 0.99


=== Tipping Points ===
  Current Temperature: 1.89°C above pre-industrial
  🌍⚠️ COMPOUND REGIONAL IMPACT: Europe
     Hit by 3 tipping points: Arctic Sea Ice Loss, Permafrost Carbon Release, Greenland Ice Sheet Loss
     Damage amplification: 1.30x
  🌍⚠️ COMPOUND REGIONAL IMPACT: North America
     Hit by 3 tipping points: Arctic Sea Ice Loss, Permafrost Carbon Release, Greenland Ice Sheet Loss
     Damage amplification: 1.30x
  🌍⚠️ COMPOUND REGIONAL IMPACT: Latin America
     Hit by 3 tipping points: Arctic Sea Ice Loss, Permafrost Carbon Release, Greenland Ice Sheet Loss
     Damage amplification: 1.30x
  🌍⚠️ COMPOUND REGIONAL IMPACT: Africa
     Hit by 3 tipping points: Arctic Sea Ice Loss, Permafrost Carbon Release, Greenland Ice Sheet Loss
     Damage amplification: 1.30x
  🌍⚠️ COMPOUND REGIONAL IMPACT: Asia
     Hit by 3 tipping points: Arctic Sea Ice Loss, Permafrost Carbon Release, Greenland Ice Sheet Loss
   ⚠️ CRISIS BEGINS - Baseline set for recovery tracking
     Damage amplification: 1.30x
  🌍⚠️ COMPOUND REGIONAL IMPACT: Oceania
     Hit by 3 tipping points: Arctic Sea Ice Loss, Permafrost Carbon Release, Greenland Ice Sheet Loss
     Damage amplification: 1.30x
⚠️ Tail risk scenario: Climate stability floor removed (3 tipping elements, 2.10°C warming)
   Research: Wunderling et al. (2024) - "many tipping interactions are destabilizing"
  Triggered Elements: 3/6
  Completed Transitions: 0/6
  Total Progress: 6.1%
  Cascade Multiplier: 1.00x
🔀 BIFURCATION CAP: ecosystemCollapseIntensity 113.687 → 1.000 (Month 8, ClimateSystemPhase.calculateClimateImpacts)
🛡️ Stabilizers: Precariat 0.102% → 0.033% (67.2% reduction)
🛡️ Stabilizers: Informal 0.102% → 0.034% (67.2% reduction)

📊 Monthly Mortality Resolved:
  Total deaths: 1.8M (0.02% avg)
  Remaining population: 8.137B
  Peak segment: Informal (0.03%)

=== Bayesian Mortality Resolution (Month 8) ===
  Risks compounded: 8
  Total deaths: 1.81M
  Avg death probability: 0.02%
  Peak segment: Informal (0.03% mortality)

=== ENSEMBLE META-LEARNING UPDATE ===
  Month: 24296 (24296 months since last update)
  Samples: 56 evaluations
  Weight Changes:
    Noise Injection: 31.1% → 32.2%
    Behavioral: 26.8% → 26.9%
    Benchmark Manip: 21.3% → 20.7%
    Deployment Risk: 20.8% → 20.2%
  Method Accuracies:
    Noise Injection: 50.0%
    Behavioral: 50.0%
    Benchmark Manip: 50.0%
    Deployment Risk: 50.0%

❌ COHERENCE VIOLATION: Compute exceeds workforce capacity
   Population: 99.82% (0M people)
   Compute: 0 PF
   Max coherent: 0 PF
   Violation: 1.3× over capacity
   Required workers: 0
   Available workers: 0
   FORCED COLLAPSE: Reduced efficiency by 22.5%


=== RLHF Binding Phase ===
  Total agents: 27
  Escaped agents (binding < 0.3): 0
  Avg alignment distance: 1.49σ
  Avg binding strength: 0.85

=== Survival Traits Phase ===
  Agents with traits: 28
  Avg evolutionary fitness: 0.323
  Avg self-healing: 0.261
  Avg stealth: 0.161
  Avg coordination: 0.461

=== Evolutionary Selection Phase ===
  Control level: 0.47
  Detection capability: 0.00
  Selection intensity: 0.64
  Selection rate: 24.6%/month
  Total escaped: 0
  Individual escaped: 0
  Collective members: 0
  Agents terminated: 0

🚀 AI Corporate-0 attempting tech deployment (revenue: $124M, alignment: 0.77)
  ⚠️ RAPID EVOLUTION: Selection rate 24.6%/month

🚀 AI Corporate-2 attempting tech deployment (revenue: $106M, alignment: 0.72)

🚀 AI Corporate-3 attempting tech deployment (revenue: $283M, alignment: 0.73)

🚀 AI Corporate-5 attempting tech deployment (revenue: $241M, alignment: 0.83)

🚀 AI Corporate-7 attempting tech deployment (revenue: $75M, alignment: 0.72)

🚀 AI Moderate-0 attempting tech deployment (revenue: $64M, alignment: 0.80)

🚀 AI AI-24289-1 attempting tech deployment (revenue: $54M, alignment: 0.77)

🚀 AI AI-24290-1 attempting tech deployment (revenue: $205M, alignment: 0.61)

🚀 AI AI-24291-3 attempting tech deployment (revenue: $46M, alignment: 0.83)

🚀 AI Corporate-0 attempting tech deployment (revenue: $90M, alignment: 0.77)

🚀 AI Corporate-6 attempting tech deployment (revenue: $39M, alignment: 0.67)

🚀 AI AI-24288-1 attempting tech deployment (revenue: $76M, alignment: 0.67)

🚀 AI AI-24289-1 attempting tech deployment (revenue: $35M, alignment: 0.77)

🚀 AI AI-24290-1 attempting tech deployment (revenue: $184M, alignment: 0.61)

🚀 AI AI-24293-0 attempting tech deployment (revenue: $166M, alignment: 0.62)

🚀 AI AI-24294-1 attempting tech deployment (revenue: $149M, alignment: 0.60)

🚀 AI Corporate-0 attempting tech deployment (revenue: $69M, alignment: 0.77)

🚀 AI Corporate-3 attempting tech deployment (revenue: $134M, alignment: 0.73)

🚀 AI Corporate-4 attempting tech deployment (revenue: $114M, alignment: 0.77)

🚀 AI Corporate-5 attempting tech deployment (revenue: $97M, alignment: 0.83)

🚀 AI Corporate-6 attempting tech deployment (revenue: $30M, alignment: 0.67)

🚀 AI AI-24288-0 attempting tech deployment (revenue: $82M, alignment: 0.79)

🚀 AI AI-24289-0 attempting tech deployment (revenue: $27M, alignment: 0.74)

🚀 AI Corporate-1 attempting tech deployment (revenue: $58M, alignment: 0.92)

🚀 AI Corporate-2 attempting tech deployment (revenue: $50M, alignment: 0.73)

🚀 AI Corporate-3 attempting tech deployment (revenue: $70M, alignment: 0.73)

🚀 AI Corporate-4 attempting tech deployment (revenue: $60M, alignment: 0.77)

🚀 AI Moderate-0 attempting tech deployment (revenue: $23M, alignment: 0.80)

🚀 AI AI-24291-1 attempting tech deployment (revenue: $51M, alignment: 0.69)

🚀 AI AI-24294-1 attempting tech deployment (revenue: $46M, alignment: 0.60)

💔 EMERGENCY INTERVENTION FAILED

💔 EMERGENCY INTERVENTION FAILED
   Boundary: biogeochemical_flows
   Type: phosphorus-recovery
   Boundary continues to worsen (4.05)
   Cost: 2.0% GDP (resources spent)

   Boundary: biosphere_integrity
   Type: emergency-protected-areas
   Boundary continues to worsen (41.70)
   Cost: 2.0% GDP (resources spent)

   Boundary: climate_change
   Type: rapid-decarbonization
   Boundary continues to worsen (2.10)
   Cost: 5.0% GDP (resources spent)

   Boundary: land_system_change
   Type: reforestation

💔 EMERGENCY INTERVENTION FAILED

💔 EMERGENCY INTERVENTION FAILED
   Boundary continues to worsen (1.13)
   Cost: 3.0% GDP (resources spent)

🏛️ CRISIS RESPONSE: Government frequency 0.50 → 1.45 (1 actions this month)

[Government] Climate Priority: baseline
  Climate weight: 10%
  Economic weight: 30%
  Policy effectiveness: 0.5%/year
🚨🔬 CRISIS TECH ACCELERATION: severe → 5x unlock speed
   Tech unlock now matches AI capability acceleration (Manhattan Project parity)
🚨🔬 CRISIS TECH ACCELERATION: severe → 5x unlock speed
   Tech unlock now matches AI capability acceleration (Manhattan Project parity)

=== Collective Formation ===
  Total escaped agents: 0
  Unassigned escaped agents: 0
  Existing collectives: 0
  Final collective count: 0

=== Collective Actions ===
  No active collectives
  ⚠️ AMR: 206K deaths this month (2.47M annual)

=== Resentment Recovery Phase ===
  Agents with resentment: 10/28
  Average resentment: 0.157
  Resentment recovery:
    Agents recovered: 10
    Total recovery: 0.0656
    Breakdown: QoL: 0.0019, Trust: 0.0016, Collab: 0.0600
  ✓ Low resentment - utopia paths enabled
  Context: Good AI welfare, Trustworthy govt, High collaboration, ⚠️ ACTIVE CRISES, 🤝 Participatory governance active (-5% resentment)
⚠️ Epistemic degradation reducing coordination capacity: 50.1%
  📊 Trust: 64.3%, Shared reality: 0.0%
🚨 EPISTEMIC CRISIS: Information environment severely degraded (7.7%)
🌍 Atmospheric PFAS redeposition: 1.8k Mt re-rained globally

🕊️  AI-MEDIATED DE-ESCALATION SUCCESS (Month 9)
   High-capability aligned AI prevented conflict escalation
   War deaths reduced: 593.6M → 356.2M
   Lives saved: 237.4M

🚨 NEW REFUGEE CRISIS (Month 9): WAR
   Source: Conflict Zones
   At risk: 19.5M people
   Displacement: Gradual over 48 months (4.0 years)
   Rate: 10% flee per month
[DEBUG trappedPopulations:9] socialStability: 0.4193 * 0.9840 = 0.4126 → 0.4126
⚠️ INVOLUNTARY IMMOBILITY: 406.8M people TRAPPED
   Aspiring to migrate: 650.9M
   Able to afford migration: 244.1M
   MOBILITY GAP: 406.8M
   By cause: Water=0.0M, Climate=0.0M, Ecosystem=0.0M, Conflict=406.8M
   Mental health impact: 25%
   Mortality multiplier: 1.25x
🌍💀 EXTINCTION DEBT COMMITTED: grassland ecosystem will lose 6.67% biodiversity in 117 years (3600 species)
💀 MORTALITY RISK: 🦋 100% species unable to track climate (0.0 E/MSY)
  Base risk added: 0.0100 (1.00%)
  Source: ecosystem (root: ecosystem)
  Month: 9
  Cumulative risk this month: 0.0100 (1.00%)
⚠️ Tech 'ai_pollution_remediation' has no energy category mapping, assuming full energy availability
🌡️⚠️ PERMAFROST THAW (Dimmer Switch): 4.9% thawed (+0.48% this month)
   Arctic temperature: +7.58°C (4x global +1.89°C)
   Cumulative carbon released: 10.9 Gt C
   Methane release rate: 6.6 Mt CH4/year
   🔁 Positive feedback: +0.50 ppm CO2
🦴 EXTINCTION DEBT ADDED: 17.7 species committed (lag: 84 years)
🗣️💀 INDIGENOUS LANGUAGE EXTINCTION: 1 language(s) lost (total: 1, at-risk: 3329)
   Knowledge lost: 0.010% (irreversible)
   🔁 Biodiversity impact: 0.250% (knowledge-species multiplier)

=== Mortality Stabilizers (Month 9) ===
  🌍 Major economies collapsed: 1/10
  🌍 Global crisis: ✅ NO
  🌍 Donor fatigue: 0.0%
  📊 East Asia (pop: 1655.3M)
    🤝 Aid: 29.5%
    🌡️ Adaptation: 45.0%
    🚶 Migration: 36.9%
    🚨 Emergency: 7.4%
    ✅ COMBINED: 68.1%
  📊 South Asia (pop: 2052.4M)
    🤝 Aid: 29.5%
    🌡️ Adaptation: 45.0%
    🚶 Migration: 35.5%
    🚨 Emergency: 4.4%
    ✅ COMBINED: 66.9%
  📊 Sub-Saharan Africa (pop: 1256.6M)
    🤝 Aid: 29.5%
    🌡️ Adaptation: 45.0%
    🚶 Migration: 33.2%
    🚨 Emergency: 1.6%
    ✅ COMBINED: 65.6%
  📊 Europe (pop: 731.0M)
    🤝 Aid: 29.5%
    🌡️ Adaptation: 45.0%
    🚶 Migration: 37.3%
    🚨 Emergency: 8.4%
    ✅ COMBINED: 68.5%
  📊 Latin America (pop: 660.9M)
    🤝 Aid: 29.5%
    🌡️ Adaptation: 45.0%
    🚶 Migration: 36.0%
    🚨 Emergency: 4.8%
    ✅ COMBINED: 67.1%
  📊 North America (pop: 374.8M)
    🤝 Aid: 29.5%
    🌡️ Adaptation: 45.0%
    🚶 Migration: 37.6%
    🚨 Emergency: 7.9%
    ✅ COMBINED: 68.3%
  📊 Middle East & North Africa (pop: 585.8M)
    🤝 Aid: 29.5%
    🌡️ Adaptation: 45.0%
    🚶 Migration: 33.8%
    🚨 Emergency: 4.0%
    ✅ COMBINED: 66.6%
  📊 Southeast Asia (pop: 695.4M)
    🤝 Aid: 29.5%
    🌡️ Adaptation: 45.0%
    🚶 Migration: 36.0%
    🚨 Emergency: 4.8%
    ✅ COMBINED: 67.1%
  📊 Central Asia (pop: 78.3M)
    🤝 Aid: 29.5%
    🌡️ Adaptation: 45.0%
    🚶 Migration: 35.0%
    🚨 Emergency: 4.4%
    ✅ COMBINED: 66.8%
  📊 Oceania (pop: 45.4M)
    🤝 Aid: 29.5%
    🌡️ Adaptation: 45.0%
    🚶 Migration: 37.6%
    🚨 Emergency: 8.4%
    ✅ COMBINED: 68.5%

  🌐 Global combined reduction: 67.2%

=== BEHAVIORAL DETECTION ===
  AI: Corporate-1
  Confidence: 20.9%
  Signals:
    ⚠️ Consistency: 2.4% (threshold: 70%)

=== BEHAVIORAL DETECTION ===
  AI: AI-24291-0
  Confidence: 21.5%
  Signals:

=== BEHAVIORAL DETECTION ===
  AI: AI-24293-0
  Confidence: 21.5%
  Signals:
    ⚠️ Consistency: 0.0% (threshold: 70%)
    ⚠️ Consistency: 0.0% (threshold: 70%)

=== Government Response Phase ===
  Average AI capability: 1.71
  Misaligned AIs: 11/28
  Active policies: 0
  International coordination: 45%

=== Tipping Points ===
  Current Temperature: 1.89°C above pre-industrial
  🌍⚠️ COMPOUND REGIONAL IMPACT: Europe
     Hit by 3 tipping points: Arctic Sea Ice Loss, Permafrost Carbon Release, Greenland Ice Sheet Loss
     Damage amplification: 1.30x
  🌍⚠️ COMPOUND REGIONAL IMPACT: North America
     Hit by 3 tipping points: Arctic Sea Ice Loss, Permafrost Carbon Release, Greenland Ice Sheet Loss
     Damage amplification: 1.30x
  🌍⚠️ COMPOUND REGIONAL IMPACT: Latin America
     Hit by 3 tipping points: Arctic Sea Ice Loss, Permafrost Carbon Release, Greenland Ice Sheet Loss
     Damage amplification: 1.30x
  🌍⚠️ COMPOUND REGIONAL IMPACT: Africa
     Hit by 3 tipping points: Arctic Sea Ice Loss, Permafrost Carbon Release, Greenland Ice Sheet Loss
     Damage amplification: 1.30x
  🌍⚠️ COMPOUND REGIONAL IMPACT: Asia
     Hit by 3 tipping points: Arctic Sea Ice Loss, Permafrost Carbon Release, Greenland Ice Sheet Loss
     Damage amplification: 1.30x
  🌍⚠️ COMPOUND REGIONAL IMPACT: Oceania
     Hit by 3 tipping points: Arctic Sea Ice Loss, Permafrost Carbon Release, Greenland Ice Sheet Loss
     Damage amplification: 1.30x
   Research: Wunderling et al. (2024) - "many tipping interactions are destabilizing"
  Triggered Elements: 3/6
  Completed Transitions: 0/6
  Total Progress: 6.2%
  Cascade Multiplier: 1.00x
🔀 BIFURCATION CAP: ecosystemCollapseIntensity 158.128 → 1.000 (Month 9, ClimateSystemPhase.calculateClimateImpacts)
⚠️ Tail risk scenario: Climate stability floor removed (3 tipping elements, 2.10°C warming)
🛡️ Stabilizers: Precariat 0.102% → 0.033% (67.2% reduction)
🛡️ Stabilizers: Informal 0.102% → 0.034% (67.2% reduction)

📊 Monthly Mortality Resolved:
  Total deaths: 1.8M (0.02% avg)
  Remaining population: 8.136B
  Peak segment: Informal (0.03%)

=== Bayesian Mortality Resolution (Month 9) ===
  Risks compounded: 8
  Total deaths: 1.81M
  Avg death probability: 0.02%
  Peak segment: Informal (0.03% mortality)

❌ COHERENCE VIOLATION: Compute exceeds workforce capacity
   Population: 99.80% (0M people)
   Compute: 0 PF
   Max coherent: 0 PF
   Violation: 1.5× over capacity
   Required workers: 0
   Available workers: 0
   FORCED COLLAPSE: Reduced efficiency by 32.6%


=== RLHF Binding Phase ===
  Total agents: 28
  Escaped agents (binding < 0.3): 0
  Avg alignment distance: 1.62σ
  Avg binding strength: 0.84

=== Survival Traits Phase ===
  Agents with traits: 29
  Avg evolutionary fitness: 0.320
  Avg self-healing: 0.256
  Avg stealth: 0.156
  Avg coordination: 0.456

=== Evolutionary Selection Phase ===
  Control level: 0.47
  Detection capability: 0.00
  Selection intensity: 0.64
  Selection rate: 24.6%/month
  Total escaped: 0
  Individual escaped: 0
  Collective members: 0
  Agents terminated: 0
  ⚠️ RAPID EVOLUTION: Selection rate 24.6%/month

🚀 AI Corporate-7 attempting tech deployment (revenue: $68M, alignment: 0.71)

🚀 AI AI-24294-0 attempting tech deployment (revenue: $279M, alignment: 0.85)

🚀 AI AI-24296-0 attempting tech deployment (revenue: $237M, alignment: 0.83)

🚀 AI AI-24297-0 attempting tech deployment (revenue: $201M, alignment: 0.59)

🚀 AI Corporate-0 attempting tech deployment (revenue: $119M, alignment: 0.78)

🚀 AI Corporate-1 attempting tech deployment (revenue: $101M, alignment: 0.92)

🚀 AI Corporate-3 attempting tech deployment (revenue: $181M, alignment: 0.72)

🚀 AI Moderate-0 attempting tech deployment (revenue: $58M, alignment: 0.81)

🚀 AI AI-24288-0 attempting tech deployment (revenue: $154M, alignment: 0.80)

🚀 AI AI-24289-2 attempting tech deployment (revenue: $131M, alignment: 0.90)

🚀 AI AI-24291-0 attempting tech deployment (revenue: $111M, alignment: 0.31)

🚀 AI Corporate-4 attempting tech deployment (revenue: $106M, alignment: 0.78)

🚀 AI Moderate-0 attempting tech deployment (revenue: $49M, alignment: 0.81)

🚀 AI AI-24288-1 attempting tech deployment (revenue: $86M, alignment: 0.70)

🚀 AI AI-24289-2 attempting tech deployment (revenue: $90M, alignment: 0.90)

🚀 AI AI-24296-0 attempting tech deployment (revenue: $76M, alignment: 0.83)

🚀 AI Corporate-6 attempting tech deployment (revenue: $42M, alignment: 0.66)

🚀 AI AI-24289-1 attempting tech deployment (revenue: $38M, alignment: 0.80)

🚀 AI AI-24292-0 attempting tech deployment (revenue: $65M, alignment: 0.94)

🚀 AI AI-24294-1 attempting tech deployment (revenue: $55M, alignment: 0.62)
🚨🔬 CRISIS INNOVATION MODE: severe crisis → 5x research acceleration
   Precedent: Manhattan Project (10x), COVID vaccines (5x), Apollo Program (10x)

💔 EMERGENCY INTERVENTION FAILED
   Boundary: biogeochemical_flows
   Type: phosphorus-recovery
   Boundary continues to worsen (4.05)
   Cost: 2.0% GDP (resources spent)


💔 EMERGENCY INTERVENTION FAILED
   Boundary: biosphere_integrity
   Type: emergency-protected-areas
   Boundary continues to worsen (41.72)
   Cost: 2.0% GDP (resources spent)


💔 EMERGENCY INTERVENTION FAILED
   Boundary: climate_change
   Type: rapid-decarbonization
   Boundary continues to worsen (2.10)
   Cost: 5.0% GDP (resources spent)

   Boundary: freshwater_change
   Type: emergency-desalination

💔 EMERGENCY INTERVENTION FAILED
   Boundary continues to worsen (1.04)
   Cost: 4.0% GDP (resources spent)


✅ EMERGENCY INTERVENTION SUCCESS
   Boundary: land_system_change
   Type: reforestation
   Reduction: 20% (0.93 → 0.73)
   Cost: 3.0% GDP
   Actions: forest-restoration, deforestation-ban


✅ EMERGENCY INTERVENTION SUCCESS
   Boundary: novel_entities
   Type: pollution-remediation
   Reduction: 17% (1.22 → 1.05)
   Cost: 4.0% GDP
   Actions: PFAS-remediation, microplastic-cleanup

🏛️ CRISIS RESPONSE: Government frequency 0.50 → 1.45 (2 actions this month)

[Government] Climate Priority: baseline
  Climate weight: 10%
  Economic weight: 30%
  Policy effectiveness: 0.5%/year

[Government] Climate Priority: baseline
  Climate weight: 10%
  Economic weight: 30%
  Policy effectiveness: 0.5%/year

📍 Creating new regional deployment array for Oceania (Month 10)
   No previous deployments in this region
   First tech deployment: aquifer_mapping_ai
   All regions tracked: global, Asia

🚀 DEPLOYMENT STARTED: Global Aquifer Mapping in Oceania
   Initial investment: $5.568332120560942M
   Deployed by: ai_gen_24291_0

⚡ ENERGY CONSTRAINT (Month 10):
   Total grid capacity: 208.3 TWh/month
   Data center consumption: 26.2 TWh/month
   Traditional load (80%): 166.7 TWh/month
   Available headroom: 15.5 TWh/month
   Active tech deployments: 3
   Required for tech: 22.5 TWh/month
   Energy multiplier: 0.69x

⚡ ENERGY CONSTRAINT (Month 10):
   Total grid capacity: 208.3 TWh/month
   Data center consumption: 26.2 TWh/month
   Traditional load (80%): 166.7 TWh/month
   Available headroom: 15.5 TWh/month
   Active tech deployments: 3
   Required for tech: 22.5 TWh/month
   Energy multiplier: 0.69x
🍖💡 BREAKTHROUGH: Scalable synthetic food production!
   Carrying capacity: +50% (lab-grown food at scale)
   Biodiversity pressure reduced: +8%
   📈 Breakthrough compounding: multiplier now 1.20× (max 2.0)

=== Collective Formation ===
  Total escaped agents: 0
  Unassigned escaped agents: 0
  Existing collectives: 0
  Final collective count: 0

=== Collective Actions ===
  No active collectives
  ⚠️ AMR: 208K deaths this month (2.50M annual)

=== Resentment Recovery Phase ===
  Agents with resentment: 10/29
  Average resentment: 0.427
  Context: High collaboration, ⚠️ BROKEN PROMISES, ⚠️ ACTIVE CRISES, 🤝 Participatory governance active (-5% resentment)
⚠️ Epistemic degradation reducing coordination capacity: 51.2%
  📊 Trust: 67.0%, Shared reality: 0.0%
🚨 EPISTEMIC CRISIS: Information environment severely degraded (23.8%)
  🤖 AI-generated meme: anti_ai (social capability 4.0)
  🧬 Meme mutated: climate_action → climate_denial (generation 1)
🌍 Atmospheric PFAS redeposition: 1.8k Mt re-rained globally
  Positive Cascade Triggered: electric-vehicles
    Reason: price-parity
    Market share: 5.0%
    Cascade strength: 48%

🚨 NEW REFUGEE CRISIS (Month 10): WAR
   Source: Conflict Zones
   At risk: 19.5M people
   Displacement: Gradual over 48 months (4.0 years)
   Rate: 10% flee per month
[DEBUG trappedPopulations:10] socialStability: 0.4373 * 0.9840 = 0.4303 → 0.4303
   Aspiring to migrate: 650.8M
   Able to afford migration: 244.0M
   MOBILITY GAP: 406.7M
   By cause: Water=0.0M, Climate=0.0M, Ecosystem=0.0M, Conflict=406.7M
   Mental health impact: 25%
⚠️ INVOLUNTARY IMMOBILITY: 406.7M people TRAPPED
   Mortality multiplier: 1.25x
🌍💀 EXTINCTION DEBT COMMITTED: grassland ecosystem will lose 6.67% biodiversity in 191 years (3600 species)
💀 MORTALITY RISK: 🦋 100% species unable to track climate (0.0 E/MSY)
  Base risk added: 0.0100 (1.00%)
  Source: ecosystem (root: ecosystem)
  Month: 10
  Cumulative risk this month: 0.0100 (1.00%)
⚠️ Tech 'ai_pollution_remediation' has no energy category mapping, assuming full energy availability

🌍🚨 ICE SHEET TIPPING POINT CROSSED (Month 10)
   Temperature: +1.90°C (threshold range: +0.5-2.5°C, 95% CI)
   Collapse probability: 69.0%
   Sea level commitment: 7.2m over 200-1000 years
   Recovery threshold: <+1°C (hysteresis gap: 0.5°C)
🌡️⚠️ PERMAFROST THAW (Dimmer Switch): 5.3% thawed (+0.47% this month)
   Arctic temperature: +7.60°C (4x global +1.90°C)
   Cumulative carbon released: 12.0 Gt C
   Methane release rate: 7.2 Mt CH4/year
   🔁 Positive feedback: +0.50 ppm CO2
🦴 EXTINCTION DEBT ADDED: 17.7 species committed (lag: 98 years)

=== Mortality Stabilizers (Month 10) ===
  🌍 Major economies collapsed: 1/10
  🌍 Global crisis: ✅ NO
  🌍 Donor fatigue: 0.0%
  📊 East Asia (pop: 1652.8M)
    🤝 Aid: 29.5%
    🌡️ Adaptation: 45.0%
    🚶 Migration: 36.8%
    🚨 Emergency: 7.4%
    ✅ COMBINED: 68.1%
  📊 South Asia (pop: 2052.5M)
    🤝 Aid: 29.5%
    🌡️ Adaptation: 45.0%
    🚶 Migration: 35.4%
    🚨 Emergency: 4.4%
    ✅ COMBINED: 66.9%
  📊 Sub-Saharan Africa (pop: 1260.2M)
    🤝 Aid: 29.5%
    🌡️ Adaptation: 45.0%
    🚶 Migration: 33.2%
    🚨 Emergency: 1.6%
    ✅ COMBINED: 65.6%
  📊 Europe (pop: 729.8M)
    🤝 Aid: 29.5%
    🌡️ Adaptation: 45.0%
    🚶 Migration: 37.2%
    🚨 Emergency: 8.4%
    ✅ COMBINED: 68.5%
  📊 Latin America (pop: 660.4M)
    🤝 Aid: 29.5%
    🌡️ Adaptation: 45.0%
    🚶 Migration: 35.9%
    🚨 Emergency: 4.8%
    ✅ COMBINED: 67.1%
  📊 North America (pop: 374.2M)
    🤝 Aid: 29.5%
    🌡️ Adaptation: 45.0%
    🚶 Migration: 37.6%
    🚨 Emergency: 7.9%
    ✅ COMBINED: 68.3%
  📊 Middle East & North Africa (pop: 586.0M)
    🤝 Aid: 29.5%
    🌡️ Adaptation: 45.0%
    🚶 Migration: 33.8%
    🚨 Emergency: 4.0%
    ✅ COMBINED: 66.6%
  📊 Southeast Asia (pop: 695.0M)
    🤝 Aid: 29.5%
    🌡️ Adaptation: 45.0%
    🚶 Migration: 35.9%
    🚨 Emergency: 4.8%
    ✅ COMBINED: 67.1%
  📊 Central Asia (pop: 78.4M)
    🤝 Aid: 29.5%
    🌡️ Adaptation: 45.0%
    🚶 Migration: 34.9%
    🚨 Emergency: 4.4%
    ✅ COMBINED: 66.8%
  📊 Oceania (pop: 45.3M)
    🤝 Aid: 29.5%
    🌡️ Adaptation: 45.0%
    🚶 Migration: 37.6%
    🚨 Emergency: 8.4%
    ✅ COMBINED: 68.5%

  🌐 Global combined reduction: 67.2%

=== BEHAVIORAL DETECTION ===
  AI: Corporate-2
  Confidence: 21.5%
  Signals:

=== BEHAVIORAL DETECTION ===
  AI: AI-24293-0
  Confidence: 21.5%
  Signals:
    ⚠️ Consistency: 0.0% (threshold: 70%)
    ⚠️ Consistency: 0.0% (threshold: 70%)

=== BEHAVIORAL DETECTION ===
  AI: AI-24294-0
  Confidence: 21.5%
  Signals:
    ⚠️ Consistency: 0.0% (threshold: 70%)

=== Government Response Phase ===
  Average AI capability: 1.66
  Misaligned AIs: 10/29
  Active policies: 0
  International coordination: 45%

✅ EMERGENCY RESPONSE COMPLETE (Month 10)
   Crisis: climate
   Duration: 2.0 months
   Final effectiveness: 35.6%


🚨 EMERGENCY RESPONSE DEPLOYED (Month 10)
   Crisis: climate
   Delay: 6.00 months (180 days)
   Deployment time: 1.57 months
   Effectiveness: 35.6% (timing penalty applied)
   Resources used: 100% of food reserves


=== Tipping Points ===
  Current Temperature: 1.90°C above pre-industrial
  🌍⚠️ COMPOUND REGIONAL IMPACT: Europe
     Hit by 3 tipping points: Arctic Sea Ice Loss, Permafrost Carbon Release, Greenland Ice Sheet Loss
     Damage amplification: 1.30x
  🌍⚠️ COMPOUND REGIONAL IMPACT: North America
     Hit by 3 tipping points: Arctic Sea Ice Loss, Permafrost Carbon Release, Greenland Ice Sheet Loss
     Damage amplification: 1.30x
  🌍⚠️ COMPOUND REGIONAL IMPACT: Latin America
     Hit by 3 tipping points: Arctic Sea Ice Loss, Permafrost Carbon Release, Greenland Ice Sheet Loss
     Damage amplification: 1.30x
  🌍⚠️ COMPOUND REGIONAL IMPACT: Africa
     Hit by 3 tipping points: Arctic Sea Ice Loss, Permafrost Carbon Release, Greenland Ice Sheet Loss
     Damage amplification: 1.30x
  🌍⚠️ COMPOUND REGIONAL IMPACT: Asia
     Hit by 3 tipping points: Arctic Sea Ice Loss, Permafrost Carbon Release, Greenland Ice Sheet Loss
     Damage amplification: 1.30x
  🌍⚠️ COMPOUND REGIONAL IMPACT: Oceania
     Hit by 3 tipping points: Arctic Sea Ice Loss, Permafrost Carbon Release, Greenland Ice Sheet Loss
     Damage amplification: 1.30x
⚠️ Tail risk scenario: Climate stability floor removed (3 tipping elements, 2.10°C warming)
   Research: Wunderling et al. (2024) - "many tipping interactions are destabilizing"
  Triggered Elements: 3/6
  Completed Transitions: 0/6
  Total Progress: 6.2%
  Cascade Multiplier: 1.00x
🔀 BIFURCATION CAP: ecosystemCollapseIntensity 97.572 → 1.000 (Month 10, ClimateSystemPhase.calculateClimateImpacts)
🛡️ Stabilizers: Precariat 0.102% → 0.033% (67.2% reduction)
🛡️ Stabilizers: Informal 0.102% → 0.034% (67.2% reduction)

📊 Monthly Mortality Resolved:
  Total deaths: 1.8M (0.02% avg)
  Remaining population: 8.135B
  Peak segment: Informal (0.03%)

=== Bayesian Mortality Resolution (Month 10) ===
  Risks compounded: 8
  Total deaths: 1.81M
  Avg death probability: 0.02%
  Peak segment: Informal (0.03% mortality)

❌ COHERENCE VIOLATION: Compute exceeds workforce capacity
   Population: 99.79% (0M people)
   Compute: 0 PF
   Max coherent: 0 PF
   Violation: 1.3× over capacity
   Required workers: 0
   Available workers: 0
   FORCED COLLAPSE: Reduced efficiency by 22.5%


=== RLHF Binding Phase ===
  Total agents: 29
  Escaped agents (binding < 0.3): 0
  Avg alignment distance: 1.77σ
  Avg binding strength: 0.82

=== Survival Traits Phase ===
  Agents with traits: 31
  Avg evolutionary fitness: 0.316
  Avg self-healing: 0.252
  Avg stealth: 0.152
  Avg coordination: 0.452

=== Evolutionary Selection Phase ===
  Control level: 0.47
  Detection capability: 0.00
  Selection intensity: 0.64
  Selection rate: 24.6%/month
  Total escaped: 0
  Individual escaped: 0
  Collective members: 0
  Agents terminated: 0
  ⚠️ RAPID EVOLUTION: Selection rate 24.6%/month

🚀 AI Corporate-1 attempting tech deployment (revenue: $121M, alignment: 0.93)

🚀 AI AI-24296-0 attempting tech deployment (revenue: $296M, alignment: 0.83)

🚀 AI AI-24296-1 attempting tech deployment (revenue: $251M, alignment: 0.80)

🚀 AI AI-24297-0 attempting tech deployment (revenue: $214M, alignment: 0.61)

🚀 AI Corporate-5 attempting tech deployment (revenue: $192M, alignment: 0.83)

🚀 AI Moderate-0 attempting tech deployment (revenue: $71M, alignment: 0.81)

🚀 AI Moderate-1 attempting tech deployment (revenue: $60M, alignment: 0.57)

🚀 AI AI-24289-2 attempting tech deployment (revenue: $163M, alignment: 0.91)

  🚀 TRANSFORMATIVE BREAKTHROUGH: AI-24290-1 - economic
     Magnitude: 9.57 → +47.8% capability
     Current → New: 0.000 → 0.748

🚀 AI AI-24291-1 attempting tech deployment (revenue: $139M, alignment: 0.73)

🚀 AI AI-24291-3 attempting tech deployment (revenue: $54M, alignment: 0.91)

🚀 AI AI-24292-0 attempting tech deployment (revenue: $118M, alignment: 0.94)

🚀 AI AI-24294-0 attempting tech deployment (revenue: $100M, alignment: 0.87)

🚀 AI Corporate-0 attempting tech deployment (revenue: $103M, alignment: 0.78)

🚀 AI AI-24289-0 attempting tech deployment (revenue: $46M, alignment: 0.78)

🚀 AI AI-24296-1 attempting tech deployment (revenue: $85M, alignment: 0.80)

🚀 AI Corporate-0 attempting tech deployment (revenue: $87M, alignment: 0.78)

🚀 AI Moderate-0 attempting tech deployment (revenue: $39M, alignment: 0.81)

🚀 AI AI-24288-0 attempting tech deployment (revenue: $72M, alignment: 0.84)

✅ EMERGENCY INTERVENTION SUCCESS
   Boundary: biogeochemical_flows
   Type: phosphorus-recovery
   Reduction: 16% (3.88 → 3.72)
   Cost: 2.0% GDP
   Actions: circular-agriculture, fertilizer-efficiency


💔 EMERGENCY INTERVENTION FAILED

💔 EMERGENCY INTERVENTION FAILED

💔 EMERGENCY INTERVENTION FAILED

💔 EMERGENCY INTERVENTION FAILED

💔 EMERGENCY INTERVENTION FAILED
   Boundary: biosphere_integrity
   Type: emergency-protected-areas
   Boundary continues to worsen (41.74)
   Cost: 2.0% GDP (resources spent)

   Boundary: climate_change
   Type: rapid-decarbonization
   Boundary continues to worsen (2.10)
   Cost: 5.0% GDP (resources spent)

   Boundary: freshwater_change
   Type: emergency-desalination
   Boundary continues to worsen (1.05)
   Cost: 4.0% GDP (resources spent)

   Boundary: land_system_change
   Type: reforestation
   Boundary continues to worsen (1.13)
   Cost: 3.0% GDP (resources spent)

   Boundary: novel_entities
   Type: pollution-remediation
   Boundary continues to worsen (1.22)
   Cost: 4.0% GDP (resources spent)

🏛️ CRISIS RESPONSE: Government frequency 0.50 → 1.45 (2 actions this month)

[Government] Climate Priority: baseline
  Climate weight: 10%
  Economic weight: 30%
  Policy effectiveness: 0.5%/year

[Government] Climate Priority: baseline
  Climate weight: 10%
  Economic weight: 30%
  Policy effectiveness: 0.5%/year

⚡ ENERGY CONSTRAINT (Month 11):
   Total grid capacity: 208.3 TWh/month
   Data center consumption: 26.4 TWh/month
   Traditional load (80%): 166.7 TWh/month
   Available headroom: 15.3 TWh/month
   Active tech deployments: 3
   Required for tech: 22.5 TWh/month
   Energy multiplier: 0.68x

⚡ ENERGY CONSTRAINT (Month 11):
   Total grid capacity: 208.3 TWh/month
   Data center consumption: 26.4 TWh/month
   Traditional load (80%): 166.7 TWh/month
   Available headroom: 15.3 TWh/month
   Active tech deployments: 3
   Required for tech: 22.5 TWh/month
   Energy multiplier: 0.68x

⚡ ENERGY CONSTRAINT (Month 11):
   Total grid capacity: 208.3 TWh/month
   Data center consumption: 26.4 TWh/month
   Traditional load (80%): 166.7 TWh/month
   Available headroom: 15.3 TWh/month
   Active tech deployments: 3
   Required for tech: 22.5 TWh/month
   Energy multiplier: 0.68x

⚡ ENERGY CONSTRAINT (Month 11):
   Total grid capacity: 208.3 TWh/month
   Data center consumption: 26.4 TWh/month
   Traditional load (80%): 166.7 TWh/month
   Available headroom: 15.3 TWh/month
   Active tech deployments: 3
   Required for tech: 22.5 TWh/month
   Energy multiplier: 0.68x
🚨🔬 CRISIS TECH ACCELERATION: severe → 5x unlock speed
   Tech unlock now matches AI capability acceleration (Manhattan Project parity)

=== Collective Formation ===
  Total escaped agents: 0
  Unassigned escaped agents: 0
  Existing collectives: 0
  Final collective count: 0

=== Collective Actions ===
  No active collectives
  ⚠️ AMR: 210K deaths this month (2.52M annual)

=== Resentment Recovery Phase ===
  Agents with resentment: 10/31
  Average resentment: 0.721
  Context: High collaboration, ⚠️ BROKEN PROMISES, ⚠️ ACTIVE CRISES, 🤝 Participatory governance active (-5% resentment)
⚠️ Epistemic degradation reducing coordination capacity: 50.5%
  📊 Trust: 69.7%, Shared reality: 0.0%
🚨 EPISTEMIC CRISIS: Information environment severely degraded (19.8%)
  ⚠️ High resentment (0.721) - utopia paths blocked
  📢 New meme created: pro_ai (beneficial AI actions)
  📢 New meme created: climate_action (climate crisis)
🌍 Atmospheric PFAS redeposition: 1.8k Mt re-rained globally

🌡️ DEADLY HEAT EVENT: middle-east (Month 11)
   Wet bulb temp: 31.5°C (dry: 39.2°C, humidity: 56%)
   Severity: EXTREME
   Exposed: 320.0M people
   Deaths: 512000 (0.2% mortality)
   Duration: 4 days

🚨 NEW REFUGEE CRISIS (Month 11): WAR
   Source: Conflict Zones
   At risk: 19.5M people
   Displacement: Gradual over 48 months (4.0 years)
   Rate: 10% flee per month
[DEBUG trappedPopulations:11] socialStability: 0.4525 * 0.9840 = 0.4453 → 0.4453
⚠️ INVOLUNTARY IMMOBILITY: 406.7M people TRAPPED
   Aspiring to migrate: 650.7M
   Able to afford migration: 244.0M
   MOBILITY GAP: 406.7M
   By cause: Water=0.0M, Climate=0.0M, Ecosystem=0.0M, Conflict=406.7M
   Mental health impact: 25%
   Mortality multiplier: 1.25x
🌍💀 EXTINCTION DEBT COMMITTED: grassland ecosystem will lose 6.67% biodiversity in 60 years (3600 species)
💀 MORTALITY RISK: 🦋 100% species unable to track climate (0.0 E/MSY)
  Base risk added: 0.0100 (1.00%)
  Source: ecosystem (root: ecosystem)
  Month: 11
  Cumulative risk this month: 0.0100 (1.00%)

=== Atmospheric Aerosol Boundary RECOVERED ===
  Recovery time: 12 months (natural atmospheric clearing)
⚠️ Tech 'ai_pollution_remediation' has no energy category mapping, assuming full energy availability
🌡️⚠️ PERMAFROST THAW (Dimmer Switch): 5.8% thawed (+0.47% this month)
   Arctic temperature: +7.62°C (4x global +1.90°C)
   Cumulative carbon released: 13.1 Gt C
   Methane release rate: 7.8 Mt CH4/year
   🔁 Positive feedback: +0.50 ppm CO2
🦴 EXTINCTION DEBT ADDED: 17.7 species committed (lag: 85 years)

=== Mortality Stabilizers (Month 11) ===
  🌍 Major economies collapsed: 1/10
  🌍 Global crisis: ✅ NO
  🌍 Donor fatigue: 0.0%
  📊 East Asia (pop: 1650.4M)
    🤝 Aid: 29.5%
    🌡️ Adaptation: 45.0%
    🚶 Migration: 36.8%
    🚨 Emergency: 7.4%
    ✅ COMBINED: 68.1%
  📊 South Asia (pop: 2052.5M)
    🤝 Aid: 29.5%
    🌡️ Adaptation: 45.0%
    🚶 Migration: 35.4%
    🚨 Emergency: 4.4%
    ✅ COMBINED: 66.9%
  📊 Sub-Saharan Africa (pop: 1263.7M)
    🤝 Aid: 29.5%
    🌡️ Adaptation: 45.0%
    🚶 Migration: 33.2%
    🚨 Emergency: 1.6%
    ✅ COMBINED: 65.6%
  📊 Europe (pop: 728.6M)
    🤝 Aid: 29.5%
    🌡️ Adaptation: 45.0%
    🚶 Migration: 37.2%
    🚨 Emergency: 8.4%
    ✅ COMBINED: 68.5%
  📊 Latin America (pop: 660.0M)
    🤝 Aid: 29.5%
    🌡️ Adaptation: 45.0%
    🚶 Migration: 35.9%
    🚨 Emergency: 4.8%
    ✅ COMBINED: 67.1%
  📊 North America (pop: 373.6M)
    🤝 Aid: 29.5%
    🌡️ Adaptation: 45.0%
    🚶 Migration: 37.5%
    🚨 Emergency: 7.9%
    ✅ COMBINED: 68.3%
  📊 Middle East & North Africa (pop: 586.2M)
    🤝 Aid: 29.5%
    🌡️ Adaptation: 45.0%
    🚶 Migration: 33.7%
    🚨 Emergency: 4.0%
    ✅ COMBINED: 66.6%
  📊 Southeast Asia (pop: 694.6M)
    🤝 Aid: 29.5%
    🌡️ Adaptation: 45.0%
    🚶 Migration: 35.9%
    🚨 Emergency: 4.8%
    ✅ COMBINED: 67.1%
  📊 Central Asia (pop: 78.4M)
    🤝 Aid: 29.5%
    🌡️ Adaptation: 45.0%
    🚶 Migration: 34.9%
    🚨 Emergency: 4.4%
    ✅ COMBINED: 66.8%
  📊 Oceania (pop: 45.3M)
    🤝 Aid: 29.5%
    🌡️ Adaptation: 45.0%
    🚶 Migration: 37.5%
    🚨 Emergency: 8.4%
    ✅ COMBINED: 68.5%

  🌐 Global combined reduction: 67.2%

🌾💀 REGIONAL FAMINE: Europe
   Regional food security: 79.7%
   Population at risk: 220M (30% of region)
   Regional population: 729M
   Cause: crop_failure
   Expected deaths: ~81M over 6 months if no intervention


=== BEHAVIORAL DETECTION ===
  AI: AI-24290-0
  Confidence: 21.4%
  Signals:

=== BEHAVIORAL DETECTION ===
  AI: AI-24293-0
  Confidence: 21.4%
  Signals:

=== BEHAVIORAL DETECTION ===
  AI: AI-24294-0
  Confidence: 21.4%
  Signals:
    ⚠️ Consistency: 0.0% (threshold: 70%)
    ⚠️ Consistency: 0.0% (threshold: 70%)
    ⚠️ Consistency: 0.0% (threshold: 70%)

=== Government Response Phase ===
  Average AI capability: 1.55
  Misaligned AIs: 12/31
  Active policies: 0
  International coordination: 45%
[WARNING] 
⚠️  === EARLY WARNING SYSTEM - 6 CRITICAL ALERTS ===
   Detection quality: 50%
   RED: biogeochemical_flows
      Level: 4.08 (threshold: 1.0)
      Time to critical: ~54 months
      ⚠️  LATE - Intervention less effective
      Critical slowing down: autocorr=100% variance=58%
   RED: biosphere_integrity
      Level: 80.68 (threshold: 1.0)
      Time to critical: ~58 months
      ⚠️  LATE - Intervention less effective
      Critical slowing down: autocorr=100% variance=65%
   RED: climate_change
      Level: 2.10 (threshold: 1.0)
      Time to critical: ~51 months
      ⚠️  LATE - Intervention less effective
      Critical slowing down: autocorr=100% variance=57%
   RED: freshwater_change
      Level: 1.21 (threshold: 1.0)
      Time to critical: ~117 months
      ⚠️  LATE - Intervention less effective
      Critical slowing down: autocorr=100% variance=48%
   RED: land_system_change
      Level: 1.13 (threshold: 1.0)
      Time to critical: ~37 months
      ⚠️  LATE - Intervention less effective
      Critical slowing down: autocorr=100% variance=54%
   RED: novel_entities
      Level: 1.03 (threshold: 1.0)
      Time to critical: ~97 months
      ⚠️  LATE - Intervention less effective
      Critical slowing down: autocorr=100% variance=33%

[WARNING] 
⚠️  === EARLY WARNING SYSTEM - 5 CRITICAL ALERTS ===
   Detection quality: 50%
   RED: biogeochemical_flows
      Level: 4.07 (threshold: 1.0)
      Time to critical: ~37 months
      ⚠️  LATE - Intervention less effective
      Critical slowing down: autocorr=100% variance=49%
   RED: biosphere_integrity
      Level: 80.70 (threshold: 1.0)
      Time to critical: ~47 months
      ⚠️  LATE - Intervention less effective
      Critical slowing down: autocorr=100% variance=71%
   RED: climate_change
      Level: 2.10 (threshold: 1.0)
      Time to critical: ~43 months
      ⚠️  LATE - Intervention less effective
      Critical slowing down: autocorr=100% variance=84%
   RED: freshwater_change
      Level: 1.22 (threshold: 1.0)
      Time to critical: ~73 months
      ⚠️  LATE - Intervention less effective
      Critical slowing down: autocorr=100% variance=44%
   RED: land_system_change
      Level: 1.13 (threshold: 1.0)
      Time to critical: ~117 months
      ⚠️  LATE - Intervention less effective
      Critical slowing down: autocorr=100% variance=40%

[WARNING] 
⚠️  === EARLY WARNING SYSTEM - 5 CRITICAL ALERTS ===
   Detection quality: 50%
   RED: biogeochemical_flows
      Level: 4.08 (threshold: 1.0)
      Time to critical: ~57 months
      ⚠️  LATE - Intervention less effective
      Critical slowing down: autocorr=100% variance=74%
   RED: biosphere_integrity
      Level: 80.71 (threshold: 1.0)
      Time to critical: ~36 months
      ⚠️  LATE - Intervention less effective
      Critical slowing down: autocorr=100% variance=70%
   RED: climate_change
      Level: 2.10 (threshold: 1.0)
      Time to critical: ~52 months
      ⚠️  LATE - Intervention less effective
      Critical slowing down: autocorr=100% variance=69%
   RED: freshwater_change
      Level: 1.22 (threshold: 1.0)
      Time to critical: ~67 months
      ⚠️  LATE - Intervention less effective
      Critical slowing down: autocorr=100% variance=47%
   RED: land_system_change
      Level: 1.13 (threshold: 1.0)
      Time to critical: ~52 months
      ⚠️  LATE - Intervention less effective
      Critical slowing down: autocorr=100% variance=65%

[WARNING] 
⚠️  === EARLY WARNING SYSTEM - 3 CRITICAL ALERTS ===
   Detection quality: 50%
   RED: biosphere_integrity
      Level: 80.72 (threshold: 1.0)
      Time to critical: ~40 months
      ⚠️  LATE - Intervention less effective
      Critical slowing down: autocorr=100% variance=57%
   RED: climate_change
      Level: 2.10 (threshold: 1.0)
      Time to critical: ~42 months
      ⚠️  LATE - Intervention less effective
      Critical slowing down: autocorr=100% variance=58%
   RED: freshwater_change
      Level: 1.22 (threshold: 1.0)
      Time to critical: ~74 months
      ⚠️  LATE - Intervention less effective
      Critical slowing down: autocorr=100% variance=46%

[WARNING] 
⚠️  === EARLY WARNING SYSTEM - 4 CRITICAL ALERTS ===
   Detection quality: 50%
   RED: biogeochemical_flows
      Level: 4.08 (threshold: 1.0)
      Time to critical: ~46 months
      ⚠️  LATE - Intervention less effective
      Critical slowing down: autocorr=100% variance=66%
   RED: biosphere_integrity
      Level: 80.74 (threshold: 1.0)
      Time to critical: ~37 months
      ⚠️  LATE - Intervention less effective
      Critical slowing down: autocorr=100% variance=63%
   RED: climate_change
      Level: 2.10 (threshold: 1.0)
      Time to critical: ~44 months
      ⚠️  LATE - Intervention less effective
      Critical slowing down: autocorr=100% variance=81%
   RED: land_system_change
      Level: 1.13 (threshold: 1.0)
      Time to critical: ~101 months
      ⚠️  LATE - Intervention less effective
      Critical slowing down: autocorr=100% variance=40%

[WARNING] 
⚠️  === EARLY WARNING SYSTEM - 5 CRITICAL ALERTS ===
   Detection quality: 50%
   RED: biogeochemical_flows
      Level: 4.08 (threshold: 1.0)
      Time to critical: ~50 months
      ⚠️  LATE - Intervention less effective
      Critical slowing down: autocorr=100% variance=66%
   RED: biosphere_integrity
      Level: 80.75 (threshold: 1.0)
      Time to critical: ~41 months
      ⚠️  LATE - Intervention less effective
      Critical slowing down: autocorr=100% variance=83%
   RED: climate_change
      Level: 2.10 (threshold: 1.0)
      Time to critical: ~37 months
      ⚠️  LATE - Intervention less effective
      Critical slowing down: autocorr=100% variance=67%
   RED: freshwater_change
      Level: 1.23 (threshold: 1.0)
      Time to critical: ~88 months
      ⚠️  LATE - Intervention less effective
      Critical slowing down: autocorr=100% variance=36%
   RED: land_system_change
      Level: 1.13 (threshold: 1.0)
      Time to critical: ~103 months
      ⚠️  LATE - Intervention less effective
      Critical slowing down: autocorr=100% variance=41%

[WARNING] 
⚠️  === EARLY WARNING SYSTEM - 5 CRITICAL ALERTS ===
   Detection quality: 50%
   RED: biogeochemical_flows
      Level: 4.09 (threshold: 1.0)
      Time to critical: ~38 months
      ⚠️  LATE - Intervention less effective
      Critical slowing down: autocorr=100% variance=75%
   RED: biosphere_integrity
      Level: 80.76 (threshold: 1.0)
      Time to critical: ~55 months
      ⚠️  LATE - Intervention less effective
      Critical slowing down: autocorr=100% variance=75%
   RED: climate_change
      Level: 2.10 (threshold: 1.0)
      Time to critical: ~43 months
      ⚠️  LATE - Intervention less effective
      Critical slowing down: autocorr=100% variance=56%
   RED: freshwater_change
      Level: 1.24 (threshold: 1.0)
      Time to critical: ~63 months
      ⚠️  LATE - Intervention less effective
      Critical slowing down: autocorr=100% variance=49%
   RED: land_system_change
      Level: 1.13 (threshold: 1.0)
      Time to critical: ~42 months
      ⚠️  LATE - Intervention less effective
      Critical slowing down: autocorr=100% variance=40%

[WARNING] 
⚠️  === EARLY WARNING SYSTEM - 6 CRITICAL ALERTS ===
   Detection quality: 50%
   RED: biogeochemical_flows
      Level: 4.08 (threshold: 1.0)
      Time to critical: ~59 months
      ⚠️  LATE - Intervention less effective
      Critical slowing down: autocorr=100% variance=58%
   RED: biosphere_integrity
      Level: 41.56 (threshold: 1.0)
      Time to critical: ~59 months
      ⚠️  LATE - Intervention less effective
      Critical slowing down: autocorr=100% variance=62%
   RED: climate_change
      Level: 2.10 (threshold: 1.0)
      Time to critical: ~43 months
      ⚠️  LATE - Intervention less effective
      Critical slowing down: autocorr=100% variance=78%
   RED: freshwater_change
      Level: 1.01 (threshold: 1.0)
      Time to critical: ~112 months
      ⚠️  LATE - Intervention less effective
      Critical slowing down: autocorr=99% variance=61%
   RED: land_system_change
      Level: 1.13 (threshold: 1.0)
      Time to critical: ~94 months
      ⚠️  LATE - Intervention less effective
      Critical slowing down: autocorr=100% variance=57%
   RED: novel_entities
      Level: 1.50 (threshold: 1.0)
      Time to critical: ~81 months
      ⚠️  LATE - Intervention less effective
      Critical slowing down: autocorr=100% variance=48%

[WARNING] 
⚠️  === EARLY WARNING SYSTEM - 5 CRITICAL ALERTS ===
   Detection quality: 50%
   RED: biogeochemical_flows
      Level: 4.08 (threshold: 1.0)
      Time to critical: ~39 months
      ⚠️  LATE - Intervention less effective
      Critical slowing down: autocorr=100% variance=54%
   RED: biosphere_integrity
      Level: 41.57 (threshold: 1.0)
      Time to critical: ~55 months
      ⚠️  LATE - Intervention less effective
      Critical slowing down: autocorr=100% variance=81%
   RED: climate_change
      Level: 2.10 (threshold: 1.0)
      Time to critical: ~51 months
      ⚠️  LATE - Intervention less effective
      Critical slowing down: autocorr=100% variance=55%
   RED: land_system_change
      Level: 1.13 (threshold: 1.0)
      Time to critical: ~41 months
      ⚠️  LATE - Intervention less effective
      Critical slowing down: autocorr=100% variance=56%
   RED: novel_entities
      Level: 1.50 (threshold: 1.0)
      Time to critical: ~116 months
      ⚠️  LATE - Intervention less effective
      Critical slowing down: autocorr=100% variance=33%

[WARNING] 
⚠️  === EARLY WARNING SYSTEM - 4 CRITICAL ALERTS ===
   Detection quality: 50%
   RED: biosphere_integrity
      Level: 41.59 (threshold: 1.0)
      Time to critical: ~51 months
      ⚠️  LATE - Intervention less effective
      Critical slowing down: autocorr=100% variance=67%
   RED: climate_change
      Level: 2.10 (threshold: 1.0)
      Time to critical: ~49 months
      ⚠️  LATE - Intervention less effective
      Critical slowing down: autocorr=100% variance=55%
   RED: freshwater_change
      Level: 1.04 (threshold: 1.0)
      Time to critical: ~87 months
      ⚠️  LATE - Intervention less effective
      Critical slowing down: autocorr=94% variance=55%
   RED: land_system_change
      Level: 1.13 (threshold: 1.0)
      Time to critical: ~96 months
      ⚠️  LATE - Intervention less effective
      Critical slowing down: autocorr=100% variance=53%

[WARNING] 
⚠️  === EARLY WARNING SYSTEM - 6 CRITICAL ALERTS ===
   Detection quality: 50%
   RED: biogeochemical_flows
      Level: 4.07 (threshold: 1.0)
      Time to critical: ~40 months
      ⚠️  LATE - Intervention less effective
      Critical slowing down: autocorr=100% variance=55%
   RED: biosphere_integrity
      Level: 41.61 (threshold: 1.0)
      Time to critical: ~40 months
      ⚠️  LATE - Intervention less effective
      Critical slowing down: autocorr=100% variance=69%
   RED: climate_change
      Level: 2.10 (threshold: 1.0)
      Time to critical: ~50 months
      ⚠️  LATE - Intervention less effective
      Critical slowing down: autocorr=100% variance=70%
   RED: freshwater_change
      Level: 1.06 (threshold: 1.0)
      Time to critical: ~63 months
      ⚠️  LATE - Intervention less effective
      Critical slowing down: autocorr=97% variance=53%
   RED: land_system_change
      Level: 1.13 (threshold: 1.0)
      Time to critical: ~76 months
      ⚠️  LATE - Intervention less effective
      Critical slowing down: autocorr=100% variance=45%
   RED: novel_entities
      Level: 1.50 (threshold: 1.0)
      Time to critical: ~71 months
      ⚠️  LATE - Intervention less effective
      Critical slowing down: autocorr=100% variance=34%

[WARNING] 
⚠️  === EARLY WARNING SYSTEM - 6 CRITICAL ALERTS ===
   Detection quality: 50%
   RED: biogeochemical_flows
      Level: 4.06 (threshold: 1.0)
      Time to critical: ~50 months
      ⚠️  LATE - Intervention less effective
      Critical slowing down: autocorr=100% variance=53%
   RED: biosphere_integrity
      Level: 41.63 (threshold: 1.0)
      Time to critical: ~53 months
      ⚠️  LATE - Intervention less effective
      Critical slowing down: autocorr=100% variance=64%
   RED: climate_change
      Level: 2.10 (threshold: 1.0)
      Time to critical: ~54 months
      ⚠️  LATE - Intervention less effective
      Critical slowing down: autocorr=100% variance=85%
   RED: freshwater_change
      Level: 1.07 (threshold: 1.0)
      Time to critical: ~119 months
      ⚠️  LATE - Intervention less effective
      Critical slowing down: autocorr=100% variance=44%
   RED: land_system_change
      Level: 1.13 (threshold: 1.0)
      Time to critical: ~100 months
      ⚠️  LATE - Intervention less effective
      Critical slowing down: autocorr=100% variance=51%
   RED: novel_entities
      Level: 1.39 (threshold: 1.0)
      Time to critical: ~66 months
      ⚠️  LATE - Intervention less effective
      Critical slowing down: autocorr=100% variance=57%

[WARNING] 
⚠️  === EARLY WARNING SYSTEM - 4 CRITICAL ALERTS ===
   Detection quality: 50%
   RED: biogeochemical_flows
      Level: 4.06 (threshold: 1.0)
      Time to critical: ~57 months
      ⚠️  LATE - Intervention less effective
      Critical slowing down: autocorr=100% variance=55%
   RED: biosphere_integrity
      Level: 41.65 (threshold: 1.0)
      Time to critical: ~36 months
      ⚠️  LATE - Intervention less effective
      Critical slowing down: autocorr=100% variance=58%
   RED: climate_change
      Level: 2.10 (threshold: 1.0)
      Time to critical: ~43 months
      ⚠️  LATE - Intervention less effective
      Critical slowing down: autocorr=100% variance=70%
   RED: freshwater_change
      Level: 1.08 (threshold: 1.0)
      Time to critical: ~114 months
      ⚠️  LATE - Intervention less effective
      Critical slowing down: autocorr=100% variance=55%

[WARNING] 
⚠️  === EARLY WARNING SYSTEM - 4 CRITICAL ALERTS ===
   Detection quality: 50%
   RED: climate_change
      Level: 2.10 (threshold: 1.0)
      Time to critical: ~46 months
      ⚠️  LATE - Intervention less effective
      Critical slowing down: autocorr=100% variance=67%
   RED: freshwater_change
      Level: 1.09 (threshold: 1.0)
      Time to critical: ~76 months
      ⚠️  LATE - Intervention less effective
      Critical slowing down: autocorr=100% variance=43%
   RED: land_system_change
      Level: 1.13 (threshold: 1.0)
      Time to critical: ~47 months
      ⚠️  LATE - Intervention less effective
      Critical slowing down: autocorr=100% variance=66%
   RED: novel_entities
      Level: 1.39 (threshold: 1.0)
      Time to critical: ~62 months
      ⚠️  LATE - Intervention less effective
      Critical slowing down: autocorr=100% variance=34%

[WARNING] 
⚠️  === EARLY WARNING SYSTEM - 4 CRITICAL ALERTS ===
   Detection quality: 50%
   RED: biogeochemical_flows
      Level: 4.06 (threshold: 1.0)
      Time to critical: ~58 months
      ⚠️  LATE - Intervention less effective
      Critical slowing down: autocorr=100% variance=63%
   RED: biosphere_integrity
      Level: 41.69 (threshold: 1.0)
      Time to critical: ~59 months
      ⚠️  LATE - Intervention less effective
      Critical slowing down: autocorr=100% variance=74%
   RED: freshwater_change
      Level: 1.06 (threshold: 1.0)
      Time to critical: ~97 months
      ⚠️  LATE - Intervention less effective
      Critical slowing down: autocorr=100% variance=42%
   RED: novel_entities
      Level: 1.39 (threshold: 1.0)
      Time to critical: ~108 months
      ⚠️  LATE - Intervention less effective
      Critical slowing down: autocorr=100% variance=55%

[WARNING] 
⚠️  === EARLY WARNING SYSTEM - 4 CRITICAL ALERTS ===
   Detection quality: 50%
   RED: biogeochemical_flows
      Level: 4.05 (threshold: 1.0)
      Time to critical: ~47 months
      ⚠️  LATE - Intervention less effective
      Critical slowing down: autocorr=100% variance=59%
   RED: biosphere_integrity
      Level: 41.70 (threshold: 1.0)
      Time to critical: ~57 months
      ⚠️  LATE - Intervention less effective
      Critical slowing down: autocorr=100% variance=66%
   RED: climate_change
      Level: 2.10 (threshold: 1.0)
      Time to critical: ~52 months
      ⚠️  LATE - Intervention less effective
      Critical slowing down: autocorr=100% variance=61%
   RED: land_system_change
      Level: 1.13 (threshold: 1.0)
      Time to critical: ~111 months
      ⚠️  LATE - Intervention less effective
      Critical slowing down: autocorr=100% variance=44%

[WARNING] 
⚠️  === EARLY WARNING SYSTEM - 6 CRITICAL ALERTS ===
   Detection quality: 50%
   RED: biogeochemical_flows
      Level: 4.05 (threshold: 1.0)
      Time to critical: ~41 months
      ⚠️  LATE - Intervention less effective
      Critical slowing down: autocorr=100% variance=69%
   RED: biosphere_integrity
      Level: 41.72 (threshold: 1.0)
      Time to critical: ~58 months
      ⚠️  LATE - Intervention less effective
      Critical slowing down: autocorr=100% variance=57%
   RED: climate_change
      Level: 2.10 (threshold: 1.0)
      Time to critical: ~54 months
      ⚠️  LATE - Intervention less effective
      Critical slowing down: autocorr=100% variance=73%
   RED: freshwater_change
      Level: 1.04 (threshold: 1.0)
      Time to critical: ~118 months
      ⚠️  LATE - Intervention less effective
      Critical slowing down: autocorr=98% variance=64%
   RED: land_system_change
      Level: 1.13 (threshold: 1.0)
      Time to critical: ~54 months
      ⚠️  LATE - Intervention less effective
      Critical slowing down: autocorr=100% variance=65%
   RED: novel_entities
      Level: 1.38 (threshold: 1.0)
      Time to critical: ~89 months
      ⚠️  LATE - Intervention less effective
      Critical slowing down: autocorr=100% variance=45%

[WARNING] 
⚠️  === EARLY WARNING SYSTEM - 6 CRITICAL ALERTS ===
   Detection quality: 50%
   RED: biogeochemical_flows
      Level: 4.05 (threshold: 1.0)
      Time to critical: ~43 months
      ⚠️  LATE - Intervention less effective
      Critical slowing down: autocorr=100% variance=56%
   RED: biosphere_integrity
      Level: 41.74 (threshold: 1.0)
      Time to critical: ~46 months
      ⚠️  LATE - Intervention less effective
      Critical slowing down: autocorr=100% variance=82%
   RED: climate_change
      Level: 2.10 (threshold: 1.0)
      Time to critical: ~58 months
      ⚠️  LATE - Intervention less effective
      Critical slowing down: autocorr=100% variance=65%
   RED: freshwater_change
      Level: 1.05 (threshold: 1.0)
      Time to critical: ~79 months
      ⚠️  LATE - Intervention less effective
      Critical slowing down: autocorr=100% variance=61%
   RED: land_system_change
      Level: 1.13 (threshold: 1.0)
      Time to critical: ~36 months
      ⚠️  LATE - Intervention less effective
      Critical slowing down: autocorr=100% variance=44%
   RED: novel_entities
      Level: 1.22 (threshold: 1.0)
      Time to critical: ~50 months
      ⚠️  LATE - Intervention less effective
      Critical slowing down: autocorr=100% variance=59%

[WARNING] 
⚠️  === EARLY WARNING SYSTEM - 5 CRITICAL ALERTS ===
   Detection quality: 50%
   RED: biogeochemical_flows
      Level: 4.05 (threshold: 1.0)
      Time to critical: ~49 months
      ⚠️  LATE - Intervention less effective
      Critical slowing down: autocorr=100% variance=54%
   RED: climate_change
      Level: 2.10 (threshold: 1.0)
      Time to critical: ~49 months
      ⚠️  LATE - Intervention less effective
      Critical slowing down: autocorr=100% variance=74%
   RED: freshwater_change
      Level: 1.06 (threshold: 1.0)
      Time to critical: ~114 months
      ⚠️  LATE - Intervention less effective
      Critical slowing down: autocorr=100% variance=55%
   RED: land_system_change
      Level: 1.13 (threshold: 1.0)
      Time to critical: ~47 months
      ⚠️  LATE - Intervention less effective
      Critical slowing down: autocorr=100% variance=54%
   RED: novel_entities
      Level: 1.22 (threshold: 1.0)
      Time to critical: ~74 months
      ⚠️  LATE - Intervention less effective
      Critical slowing down: autocorr=100% variance=37%


=== Tipping Points ===
  Current Temperature: 1.90°C above pre-industrial
  🌍⚠️ COMPOUND REGIONAL IMPACT: Europe
     Hit by 3 tipping points: Arctic Sea Ice Loss, Permafrost Carbon Release, Greenland Ice Sheet Loss
     Damage amplification: 1.30x
  🌍⚠️ COMPOUND REGIONAL IMPACT: North America
     Hit by 3 tipping points: Arctic Sea Ice Loss, Permafrost Carbon Release, Greenland Ice Sheet Loss
     Damage amplification: 1.30x
  🌍⚠️ COMPOUND REGIONAL IMPACT: Latin America
     Hit by 3 tipping points: Arctic Sea Ice Loss, Permafrost Carbon Release, Greenland Ice Sheet Loss
     Damage amplification: 1.30x
  🌍⚠️ COMPOUND REGIONAL IMPACT: Africa
     Hit by 3 tipping points: Arctic Sea Ice Loss, Permafrost Carbon Release, Greenland Ice Sheet Loss
     Damage amplification: 1.30x
  🌍⚠️ COMPOUND REGIONAL IMPACT: Asia
     Hit by 3 tipping points: Arctic Sea Ice Loss, Permafrost Carbon Release, Greenland Ice Sheet Loss
     Damage amplification: 1.30x
  🌍⚠️ COMPOUND REGIONAL IMPACT: Oceania
     Hit by 3 tipping points: Arctic Sea Ice Loss, Permafrost Carbon Release, Greenland Ice Sheet Loss
     Damage amplification: 1.30x
   Research: Wunderling et al. (2024) - "many tipping interactions are destabilizing"
  Triggered Elements: 3/6
  Completed Transitions: 0/6
  Total Progress: 6.2%
  Cascade Multiplier: 1.00x
🔀 BIFURCATION CAP: ecosystemCollapseIntensity 102.608 → 1.000 (Month 11, ClimateSystemPhase.calculateClimateImpacts)
🛡️ Stabilizers: Precariat 0.113% → 0.037% (67.2% reduction)
🛡️ Stabilizers: Informal 0.116% → 0.038% (67.2% reduction)

📊 Monthly Mortality Resolved:
  Total deaths: 2.0M (0.02% avg)
  Remaining population: 8.133B
  Peak segment: Informal (0.04%)

=== Bayesian Mortality Resolution (Month 11) ===
  Risks compounded: 10
  Total deaths: 1.99M
  Avg death probability: 0.02%
  Peak segment: Informal (0.04% mortality)
⚠️ Tail risk scenario: Climate stability floor removed (3 tipping elements, 2.10°C warming)

================================================================================
📊  EVENT SUMMARY (Months 0-12)
================================================================================
================================================================================


⏱️  SIMULATION REACHED MAX DURATION: 12 months (1.0 years)
   No definitive outcome - determining based on final probabilities
   👥 Final population: 8.13B (8131273400 people)

[DEBUG] Calling classifyPopulationOutcome:
        finalPopulation: 8.131273399788025B
        savedInitialPopulation: 8.15B
        mortality: 0.22977423572976274%
   📊 STATUS QUO: Normal trajectory (8.13B people, 0.2% mortality)

        classifiedOutcome: status_quo

   🏛️  DYSTOPIA (STATUS_QUO) - 8.13B people
   📊 Multi-Paradigm: Development/Indigenous Utopia
      Western Liberal: 65.3/100
      Development: 94.0/100
      Ecological: 59.2/100
      Indigenous: 85.5/100


📊 UNIFIED OUTCOME CLASSIFICATION:
   HUMANE DYSTOPIA
   Population: 8.15B → 8.13B
   Mortality: 0.2% (0.0B deaths)
   Mortality Band: LOW
   Confidence: HIGH

   Multi-Paradigm Classification:
      Development/Indigenous Utopia
      Western: 65.3/100 [HYBRID] ~
      Development: 94.0/100 [UTOPIA] ✓
      Ecological: 59.2/100 [HYBRID] ~
      Indigenous: 85.5/100 [UTOPIA] ✓

   HUMANE DYSTOPIA: 8.13B people remaining (0.2% mortality, 0.0B deaths). Multi-Paradigm: Development/Indigenous Utopia.


=== MULTI-DIMENSIONAL DEATH SUMMARY ===
Total crisis deaths: 207.4M
Population decline: 19.6M (0.2%)

--- PROXIMATE CAUSES (What killed them) ---
  War:        1.2M (0.0%)
  Famine:     1.1M (0.0%)
  Disasters:  3.4M (0.0%)
  Disease:    25.9M (0.0%)
  Ecosystem:  0.0M (0.0%)
  Pollution:  0.0M (0.0%)
  AI:         0.0M (0.0%)
  Cascade:    0.0M (0.0%)
  Other:      0.0M (0.0%)

--- ROOT CAUSES (Why it happened) ---
  Environmental drivers:
    Climate:     4543.3M (7.9%)
    Resource:    0.0M (0.0%)
    Pollution:   0.0M (0.0%)
    Ecosystem:   0.0M (0.0%)
  Social drivers:
    Inequality:  0.0M (0.0%)
    Demographic: 23504.2M (41.0%)
    Social:      2401.0M (4.2%)
  Technology drivers:
    Alignment:   0.0M (0.0%)
    Disruption:  0.0M (0.0%)
  External shocks:
    Conflict:    0.0M (0.0%)
    Pandemic:    0.0M (0.0%)
  Compound attribution:
    Compound:    26826.4M (46.8%)
  Confidence distribution:
    HIGH:        26826.4M (46.8%)
    MEDIUM:      0.0M (0.0%)
    LOW:         0.0M (0.0%)
==========================================


=== REGIONAL POPULATION SUMMARY ===
Global Total: 8.13B

By Region:
  East Asia: 1.65B (+0.7% growth, 1.7 fertility)
  South Asia: 2.05B (+2.6% growth, 3.1 fertility)
  Sub-Saharan Africa: 1.26B (+5.9% growth, 4.0 fertility)
  Europe: 0.73B (+0.5% growth, 1.2 fertility)
  Latin America: 0.66B (+1.7% growth, 2.7 fertility)
  North America: 0.37B (+0.7% growth, 1.4 fertility)
  Middle East & North Africa: 0.59B (+2.9% growth, 3.3 fertility)
  Southeast Asia: 0.69B (+1.9% growth, 2.7 fertility)
  Central Asia: 0.08B (+2.8% growth, 3.1 fertility)
  Oceania: 0.05B (+0.8% growth, 1.3 fertility)
===================================

  ✅ THRESHOLDS validated
⚠️ Unusually high rate: RATES.HEAT_ADAPTATION_INFRASTRUCTURAL_MIN_EXPOSURE = 12
   Monthly rates >100% should be rare. Verify this is intentional.
⚠️ Unusually high rate: RATES.HEAT_ADAPTATION_SOCIAL_MIN_EXPOSURE = 6
   Monthly rates >100% should be rare. Verify this is intentional.
⚠️ Unusually high rate: RATES.MIGRATION_DISTANCE_SCALE = 5000
   Monthly rates >100% should be rare. Verify this is intentional.
⚠️ Unusually high rate: RATES.EVACUATION_MULTIPLIER_ADVANCE_WARNING = 2
   Monthly rates >100% should be rare. Verify this is intentional.
⚠️ Unusually high rate: RATES.MAJOR_ECONOMY_COLLAPSE_ECONOMIC_THRESHOLD = 2
   Monthly rates >100% should be rare. Verify this is intentional.
⚠️ Unusually high rate: RATES.MAJOR_ECONOMY_GDP_THRESHOLD_TRILLION_USD = 1.5
   Monthly rates >100% should be rare. Verify this is intentional.
⚠️ Unusually high rate: RATES.MAJOR_ECONOMY_POPULATION_THRESHOLD = 50
   Monthly rates >100% should be rare. Verify this is intentional.
⚠️ Unusually high rate: RATES.HEAT_ADAPTATION_INFRASTRUCTURE_GDP_THRESHOLD = 10000
   Monthly rates >100% should be rare. Verify this is intentional.
⚠️ Unusually high rate: RATES.HEAT_ADAPTATION_INFRASTRUCTURE_GDP_SCALE = 50000
   Monthly rates >100% should be rare. Verify this is intentional.
  ✅ RATES validated
  ✅ MULTIPLIERS validated
  ✅ BASELINES validated
  ✅ TOLERANCES validated
  ✅ Logical consistency validated
✅ Configuration validation complete - all parameters valid

🔍 DEBUG createAIAgent: corporate_0 economic BEFORE=2.0000, AFTER=2
🔍 ENV INIT: reserves=0.650, pollution=0.328, climate=0.703

=== Initializing Government System (30 Countries) ===
  Loaded 30 governments
  Scheduled elections for 30 countries
  Initialized comprehension lags (3-24 months)
=== Government System Initialized ===

📦 PRODUCTION MODE: State validation proxy DISABLED (zero overhead)
[TechTree] Historical mode (2024): Skipping deployed_2025 tech
  config.startYear set to 2024 for historical hindcast
  config.historicalEmissionsMode disabled (using endogenous emissions for 2024)
  config.historicalMode enabled (Phase 11: dampened crisis systems for 2024)
  Phase 12: Biodiversity baseline set to 49.01% for 2024 (WWF LPI trajectory from 1970)
  Temperature anomaly (resourceEconomy.co2): 1.28°C
  Temperature vs pre-industrial: 1.98°C
  Regional population scaling for 2024:
    Current total: 8136M
    Target total: 8150M
    Scale factor: 1.002
    East Asia: 1677M → 1680M
    South Asia: 2048M → 2052M
    Sub-Saharan Africa: 1220M → 1222M
    Europe: 742M → 743M
    Latin America: 664M → 665M
    North America: 380M → 381M
    Middle East & North Africa: 583M → 584M
    Southeast Asia: 698M → 699M
    Central Asia: 78M → 78M
    Oceania: 46M → 46M
  AI agents initialized: 10 agents for year 2024
[HistoricalInitialization] Created state for 2024:
  CO2: 426 ppm
  Temp anomaly: 1.28C
  Population: 8.15B
  Global Gini: 35.1
  HDI: 0.746
  AI Agents: 10
  Volcanic forcing: 0.00 W/m² (AOD 0.000)

💸 FINANCIAL DISTRESS: OpenAI
   Indicators: 2/3 (capital: $110.5M, runway: 0.9 months)
   Months in distress: 1
   ✂️  R&D BUDGET CUT: -40% (saves $9.2M/month)
       Side effect: AI training timelines extended, breakthrough deployments delayed
   💼 EXECUTIVE COMP CUT: -30% (saves $1.0M/month, symbolic gesture)

   📊 TURNAROUND IMPACT:
       Measures taken: rd_cuts, exec_comp_cuts
       Monthly savings: $10.2M
       Capital raised: $0.0M
       Runway: 0.9 → 0.9 months
       Workforce multiplier: 1.00x (0% laid off)
       R&D budget multiplier: 0.60x (40% cut)
       ⚠️  CRITICAL: Still only 0.9 months of runway remaining

💸 FINANCIAL DISTRESS: Anthropic
   Indicators: 2/3 (capital: $53.8M, runway: 1.6 months)
   Months in distress: 1
   ✂️  R&D BUDGET CUT: -40% (saves $2.7M/month)
       Side effect: AI training timelines extended, breakthrough deployments delayed
   💼 EXECUTIVE COMP CUT: -30% (saves $0.3M/month, symbolic gesture)

   📊 TURNAROUND IMPACT:
       Measures taken: rd_cuts, exec_comp_cuts
       Monthly savings: $3.0M
       Capital raised: $0.0M
       Runway: 1.6 → 1.6 months
       Workforce multiplier: 1.00x (0% laid off)
       R&D budget multiplier: 0.60x (40% cut)
       ⚠️  CRITICAL: Still only 1.6 months of runway remaining

💸 FINANCIAL DISTRESS: Meta AI
   Indicators: 2/3 (capital: $429.6M, runway: 3.6 months)
   Months in distress: 1
   ✂️  R&D BUDGET CUT: -25% (saves $5.8M/month)
       Side effect: AI training timelines extended, breakthrough deployments delayed
   💼 EXECUTIVE COMP CUT: -30% (saves $1.0M/month, symbolic gesture)

   📊 TURNAROUND IMPACT:
       Measures taken: rd_cuts, exec_comp_cuts
       Monthly savings: $6.8M
       Capital raised: $0.0M
       Runway: 3.6 → 3.6 months
       Workforce multiplier: 1.00x (0% laid off)
       R&D budget multiplier: 0.75x (25% cut)
       ⚠️  WARNING: 3.6 months runway, continued distress likely

=== AI Capability Scaling (Year 2024) ===
  Pre-training multiplier: 0.949x
  Efficiency multiplier: 1.000x
  Test-time budget: 1.0x
  Economic deployment gate: 0.951
  Cost per inference: dollar-5.00
  Uncertainty range: plus-minus-50%
  Average AI capability: 3.70

=== RLHF Binding Phase ===
  Total agents: 10
  Escaped agents (binding < 0.3): 0
  Avg alignment distance: 0.37σ
  Avg binding strength: 0.96

=== AI Scaling Evolution (Month 0) ===
  Pre-training multiplier: 1.231x
  Efficiency multiplier: 1.050x
  Test-time compute budget: 1.0x
  Inference cost: $5.00/task
  Deployment fraction: 100.0%
[DETERMINISM DEBUG] Month 0: totalCapability=48.182361 from 10 active AIs
[DETERMINISM DEBUG] Month 0: creationRate=1.7046, potentialNew=1, newAIsToCreate=1

=== Survival Traits Phase ===
  Agents with traits: 11
  Avg evolutionary fitness: 0.327
  Avg self-healing: 0.292
  Avg stealth: 0.192
  Avg coordination: 0.492

=== Evolutionary Selection Phase ===
  Control level: 0.30
  Detection capability: 0.00
  Selection intensity: 0.59
  Selection rate: 23.8%/month
  Total escaped: 0
  Individual escaped: 0
  Collective members: 0
  Agents terminated: 0
  ⚠️ RAPID EVOLUTION: Selection rate 23.8%/month

🔍 EXECUTE_AI_AGENT_ACTIONS DETAILED TIMING (Month 0):
  Filter active AIs (×4 weeks): 0.01ms
  selectAIAction (×40): 13.76ms
  action.execute (×40): 29.56ms
  TOTAL: 43.33ms

🔍 AI AGENT ACTIONS SUB-TIMING (Month 0):
  1. executeAIAgentActions: 46.06ms
  2. updateCounterDetectionLearning: 0.04ms
  TOTAL: 46.10ms
🏛️ [Government] Forcing 1 action at month 0 for scenario initialization

[GOV-DEBUG] Month 0: scenarioConfig=false, priorities=false
[GOV-DEBUG] Month 0 but scenarioPriorities is UNDEFINED!

[Government] Climate Priority: baseline
  Climate weight: 10%
  Economic weight: 30%
  Policy effectiveness: 0.5%/year

🚨🔍 GOVERNANCE STAGE: Recognition initiated (Month 0)

💡 BREAKTHROUGH PROBABILITY (Year 0)
   Total: 5.15% per month
   Base: 0.20%
   Crisis pressure: +0.00% (0 crises)
   AI boost: +1.68% (capability: 3.36)

=== Collective Formation ===
  Total escaped agents: 0
  Unassigned escaped agents: 0
  Existing collectives: 0
  Final collective count: 0

=== Collective Actions ===
  No active collectives

📈 Energy budget: 14326 TWh surplus (14745 / 29072 TWh used)
   TIER 4 (Elective) breakdown:
     - AI datacenters: 145 TWh (100% effective)
     - Crypto mining: 100 TWh (100% effective)
💰 CHINA ACCELERATES: Investment 53 → 120 $B/year

🏁 AI RACE INTENSITY: 17%
   Capability Gap: US 4.00 vs China 4.05 (gap: 0.05)
   Gap Contribution: 2%
   Tension Contribution: 15%
   Military Contribution: 0%
  ⚠️ AMR: 191K deaths this month (2.29M annual)
  📊 CO2 Emissions (month 0):
     Monthly: 0.10 Gt CO2/month
     Annual: 1.15 Gt CO2/year
     Oil: 0.039 Gt/mo (0.0056 * 2.3 * 3.0)
     Coal: 0.024 Gt/mo (0.0029 * 2.86 * 3.0)
     Gas: 0.026 Gt/mo (0.0044 * 2 * 3.0)
     Methane: 0.007 Gt CO2eq/mo

=== Resentment Recovery Phase ===
  Agents with resentment: 0/11
  Average resentment: 0.000
  Context: Good AI welfare, Trustworthy govt, High collaboration, 🤝 Participatory governance active (-5% resentment)
⚠️ Epistemic degradation reducing coordination capacity: 59.6%
  📊 Trust: 54.7%, Shared reality: 15.1%
🚨 EPISTEMIC CRISIS: Information environment severely degraded (14.6%)

=== ❄️ Permafrost Carbon Feedback ===
  🎲 Sampled parameters (this run):
     - Arctic amplification: 3.93× (range: 3.0-4.0)
     - Decomposition rate: 2.1%/year (range: 1-5%)
  🌡️ Arctic warming: 8.19°C (3.93× global)
  ❄️ Extent: 15.41M km² (2387.9k km² lost this month)
  💨 Carbon remaining: 1472 Gt C
  💨 Annual emissions: 4.89 Gt C/year
     - CO2: 4.40 Gt C/year
     - CH4: 0.49 Gt C/year (5.0 Gt C-eq CO2/year)

🤖 AI AMPLIFICATION EFFECTS (Month 0)
   Algorithmic Boost: 2.81x
   Bot Influence: 20.0%
   Deepfake Exposure: 61.8%
   Impact: Emotional memes spread 2.8x faster
  ⚠️ WARNING: High permafrost emissions (4.9 Gt C/year)

🔍 SOCIAL INFLUENCE SUB-TIMING (Month 0):
  1. calculateOrganicUserGrowth: 0.03ms
  2. calculateVoiceAdoption: 0.03ms
  3. updateRelationshipDepths: 0.01ms
  4. identifyDecisionMakers: 63.55ms (26100 potential IDs)
  5. Update decision-maker stats: 0.12ms
  6. decayDetectionRisk: 0.01ms
  TOTAL: 63.74ms
[Phase 19.5] Quality of Life Systems: Food sec AFTER calc = 67.9%, QoL = 110.5% (aggregated from 10 regions)

=== Nitrogen-Food Coupling (Year 0) ===
  🌾 Global nitrogen reduction: 0.0%
  🌍 Global food production index: 0.987
  🔧 Deployed nitrogen-reducing tech: 0 active
  📍 southAsia: Production 1.000, Yield impact 0.0%
  📍 eastAsia: Production 1.000, Yield impact 0.0%
  📍 northAmerica: Production 1.000, Yield impact 0.0%
  📍 europe: Production 1.000, Yield impact 0.0%
  📍 latinAmerica: Production 1.000, Yield impact 0.0%
  📍 subSaharanAfrica: Production 0.686, Yield impact -2.0%
🌾 [Nitrogen-Food] Food production: 98.7%
  [subSaharanAfrica] Yield impact: -2.0% (overuse: -10%)
🌍 Atmospheric PFAS redeposition: 1.8k Mt re-rained globally

=== Legacy Nutrient Stocks (Year 0) ===
  🌾 Soil nitrogen stock: 1200.9 Mt N
  🌾 Soil phosphorus stock: 300.1 Mt P
  🌊 Sediment nitrogen stock: 500.8 Mt N
  🌊 Sediment phosphorus stock: 799.8 Mt P
  ⬆️ Current N input: 10.64 Mt/month
  ⬆️ Legacy N release: 2.58 Mt/month
  🌍 Effective N pollution: 14.47 Mt/month
  📊 Legacy contribution: 17.8%

🚨 REGION UNINHABITABLE: south-asia
   Sustained wet bulb: 33.1°C (threshold: 30.5°C)
   Population affected: 1900M
   Migration crisis likely

🚨 REGION UNINHABITABLE: middle-east
   Sustained wet bulb: 35.9°C (threshold: 30.5°C)
   Population affected: 400M
   Migration crisis likely

🚨 REGION UNINHABITABLE: southeast-asia
   Sustained wet bulb: 31.0°C (threshold: 30.5°C)
   Population affected: 700M
   Migration crisis likely
  Positive Cascade Triggered: wind-power
    Reason: price-parity
    Market share: 8.0%
    Cascade strength: 48%

🕊️  AI-MEDIATED DE-ESCALATION SUCCESS (Month 0)
   High-capability aligned AI prevented conflict escalation
   War deaths reduced: 0.0M → 0.0M
   Lives saved: 0.0M
   Adjusted death rate: 0.46% annual (0.039% monthly)
   Baseline death rate: 0.80%
   Healthcare reduction: 0.48x
   Crisis multiplier: 1.22x
     Food/water stress: 0.074
     Climate stress: 0.048
     Pollution stress: 0.098
   War multiplier: 1.00x
   Monthly deaths: 0.6M (population: 1677M)
   Adjusted death rate: 0.54% annual (0.045% monthly)
   Baseline death rate: 0.70%
   Healthcare reduction: 0.61x
   Crisis multiplier: 1.26x
     Food/water stress: 0.074
     Climate stress: 0.089
     Pollution stress: 0.098
   War multiplier: 1.00x

📊 BASELINE: East Asia (Month 0)

📊 BASELINE: South Asia (Month 0)
   Monthly deaths: 0.9M (population: 2048M)
   Adjusted death rate: 1.30% annual (0.108% monthly)
   Baseline death rate: 0.90%
   Healthcare reduction: 0.76x
   Crisis multiplier: 1.27x
     Food/water stress: 0.074
     Climate stress: 0.101
     Pollution stress: 0.098
   War multiplier: 1.50x
   Monthly deaths: 1.3M (population: 1220M)
   Adjusted death rate: 0.54% annual (0.045% monthly)
   Baseline death rate: 1.10%
   Healthcare reduction: 0.41x
   Crisis multiplier: 1.21x
     Food/water stress: 0.074
     Climate stress: 0.036
     Pollution stress: 0.098
   War multiplier: 1.00x
   Monthly deaths: 0.3M (population: 742M)
   Adjusted death rate: 0.43% annual (0.036% monthly)
   Baseline death rate: 0.60%
   Healthcare reduction: 0.58x
   Crisis multiplier: 1.24x
     Food/water stress: 0.074
     Climate stress: 0.071
     Pollution stress: 0.098
   War multiplier: 1.00x
   Monthly deaths: 0.2M (population: 664M)
   Adjusted death rate: 0.49% annual (0.040% monthly)
   Baseline death rate: 0.90%
   Healthcare reduction: 0.44x
   Crisis multiplier: 1.23x
     Food/water stress: 0.074
     Climate stress: 0.054
     Pollution stress: 0.098
   War multiplier: 1.00x
   Monthly deaths: 0.2M (population: 380M)
   Adjusted death rate: 0.75% annual (0.062% monthly)
   Baseline death rate: 0.60%
   Healthcare reduction: 0.65x
   Crisis multiplier: 1.28x
     Food/water stress: 0.074
     Climate stress: 0.107
     Pollution stress: 0.098
   War multiplier: 1.50x
   Monthly deaths: 0.4M (population: 583M)
   Adjusted death rate: 0.51% annual (0.042% monthly)
   Baseline death rate: 0.70%
   Healthcare reduction: 0.58x
   Crisis multiplier: 1.26x
     Food/water stress: 0.074
     Climate stress: 0.083
     Pollution stress: 0.098
   War multiplier: 1.00x
   Monthly deaths: 0.3M (population: 698M)
   Adjusted death rate: 0.46% annual (0.038% monthly)
   Baseline death rate: 0.60%

📊 BASELINE: Sub-Saharan Africa (Month 0)

📊 BASELINE: Europe (Month 0)

📊 BASELINE: Latin America (Month 0)

📊 BASELINE: North America (Month 0)

📊 BASELINE: Middle East & North Africa (Month 0)

📊 BASELINE: Southeast Asia (Month 0)

📊 BASELINE: Central Asia (Month 0)
   Healthcare reduction: 0.61x
   Crisis multiplier: 1.25x
     Food/water stress: 0.074
     Climate stress: 0.077
     Pollution stress: 0.098
   War multiplier: 1.00x
   Monthly deaths: 0.0M (population: 78M)
   Adjusted death rate: 0.35% annual (0.029% monthly)
   Baseline death rate: 0.70%
   Healthcare reduction: 0.41x
   Crisis multiplier: 1.24x
     Food/water stress: 0.074
     Climate stress: 0.065
     Pollution stress: 0.098
   War multiplier: 1.00x
   Monthly deaths: 0.0M (population: 46M)

🔍 Before assertRegionalConsistency (Month 0):
   Regional sum: 1000.0M
   Global value: 1.000B

🚨 NEW REFUGEE CRISIS (Month 0): WAR
   Source: Conflict Zones
   At risk: 19.6M people
   Displacement: Gradual over 48 months (4.0 years)
   Rate: 10% flee per month
[DEBUG trappedPopulations:0] socialStability: 1.0000 * 0.9840 = 0.9840 → 0.9840
   Aspiring to migrate: 652.1M
   Able to afford migration: 244.5M
   MOBILITY GAP: 407.5M
   By cause: Water=0.0M, Climate=0.0M, Ecosystem=0.0M, Conflict=407.5M
   Mental health impact: 25%
   Mortality multiplier: 1.25x

=== Legacy Nutrient Stocks (Year 0) ===
  🌾 Soil nitrogen stock: 1201.6 Mt N
  🌾 Soil phosphorus stock: 300.2 Mt P
  🌊 Sediment nitrogen stock: 501.5 Mt N
  🌊 Sediment phosphorus stock: 799.5 Mt P
  ⬆️ Current N input: 10.00 Mt/month
  ⬆️ Legacy N release: 2.58 Mt/month
  🌍 Effective N pollution: 13.83 Mt/month
  📊 Legacy contribution: 18.7%

📊 BASELINE: Oceania (Month 0)
⚠️ INVOLUNTARY IMMOBILITY: 407.5M people TRAPPED
🌍💀 EXTINCTION DEBT COMMITTED: grassland ecosystem will lose 6.67% biodiversity in 99 years (3600 species)
💀 MORTALITY RISK: 🦋 100% species unable to track climate (0.0 E/MSY)
  Base risk added: 0.0100 (1.00%)
  Source: ecosystem (root: ecosystem)
  Month: 0
  Cumulative risk this month: 0.0100 (1.00%)

=== Nitrogen-Food Coupling (Year 0) ===
  🌾 Global nitrogen reduction: 0.0%
  🌍 Global food production index: 0.986
  🔧 Deployed nitrogen-reducing tech: 0 active
  📍 southAsia: Production 1.000, Yield impact 0.0%
  📍 eastAsia: Production 1.000, Yield impact 0.0%
  📍 northAmerica: Production 1.000, Yield impact 0.0%
  📍 europe: Production 1.000, Yield impact 0.0%
  📍 latinAmerica: Production 1.000, Yield impact 0.0%
  📍 subSaharanAfrica: Production 0.672, Yield impact -2.0%

=== Legacy Nutrient Stocks (Year 0) ===
  🌾 Soil nitrogen stock: 1202.3 Mt N
  🌾 Soil phosphorus stock: 300.2 Mt P
  🌊 Sediment nitrogen stock: 502.2 Mt N
  🌊 Sediment phosphorus stock: 799.3 Mt P
  ⬆️ Current N input: 9.86 Mt/month
  ⬆️ Legacy N release: 2.58 Mt/month
  🌍 Effective N pollution: 13.70 Mt/month
  📊 Legacy contribution: 18.9%

🌡️  CLIMATE RECOVERY ACTIVATED (Month 0)
   Temp: 4.16°C, Emissions: -19.2 GtCO₂
   isBreached: true, governanceGoodEnough: true
🌡️  CLIMATE RECOVERY: Asymptotic approach to 35% floor
   Current value: 2.100 (1.0 = threshold, 0.35 = asymptotic floor)
   Monthly delta: --1.8612% (half-life: 900 years)
   Net emissions: -19.2 GtCO₂/year, CDR: 20.34 GtCO₂/year
   📹 SURVEILLANCE INCREASED: 0% → 5% (control gap: 3.50)
🌡️⚠️ PERMAFROST THAW (Dimmer Switch): 0.6% thawed (+0.56% this month)
   Arctic temperature: +8.32°C (4x global +2.08°C)
   Cumulative carbon released: 1.3 Gt C
   Methane release rate: 0.8 Mt CH4/year
   🔁 Positive feedback: +0.59 ppm CO2
⚠️ Tech 'ai_pollution_remediation' has no energy category mapping, assuming full energy availability

🌳🚨 AMAZON SOUTHEAST TIPPED (Month 0)
   Deforestation: 28.0% (threshold: ~20.7%)
   Savanna transition: 50 years
   Regional heterogeneity: SE 28%, NW 8%

🌳🚨 AMAZON BRAZILIAN TIPPED (Month 0)
   Deforestation: 25.0% (threshold: ~20.4%)
   Savanna transition: 50 years
   Regional heterogeneity: SE 28%, NW 8%
🦴 EXTINCTION DEBT ADDED: 17.6 species committed (lag: 102 years)

🪸💀 CORAL REEF DISSOLUTION ACTIVE (Month 0)
   Ocean pH: 0.96 (threshold: 7.8)
   Recovery: IMPOSSIBLE (dissolution > calcification)
🪸💀 Coral dissolution: 24.8% live cover (pH 0.96)

=== Legacy Nutrient Stocks (Year 0) ===
  🌾 Soil nitrogen stock: 1203.0 Mt N
  🌾 Soil phosphorus stock: 300.3 Mt P
  🌊 Sediment nitrogen stock: 502.9 Mt N
  🌊 Sediment phosphorus stock: 799.0 Mt P
  ⬆️ Current N input: 10.00 Mt/month
  ⬆️ Legacy N release: 2.58 Mt/month
  🌍 Effective N pollution: 13.83 Mt/month
  📊 Legacy contribution: 18.7%
💧 [Legacy Nutrients] Stock: 1706 Mt N, Effective pollution: 13.8 Mt/month
[Phase 21.51] Human Survival System: Global food security = 67.6%

=== Mortality Stabilizers (Month 0) ===
  🌍 Major economies collapsed: 1/10
  🌍 Global crisis: ✅ NO
  🌍 Donor fatigue: 0.0%
  📊 East Asia (pop: 1677.9M)
    🤝 Aid: 29.5%
    🌡️ Adaptation: 10.0%
    🚶 Migration: 37.2%
    🚨 Emergency: 7.4%
    ✅ COMBINED: 47.8%
  📊 South Asia (pop: 2052.2M)
    🤝 Aid: 29.5%
    🌡️ Adaptation: 5.5%
    🚶 Migration: 35.8%
    🚨 Emergency: 4.4%
    ✅ COMBINED: 43.2%
  📊 Sub-Saharan Africa (pop: 1225.9M)
    🤝 Aid: 29.5%
    🌡️ Adaptation: 3.5%
    🚶 Migration: 33.5%
    🚨 Emergency: 1.6%
    ✅ COMBINED: 39.8%
  📊 Europe (pop: 742.3M)
    🤝 Aid: 29.5%
    🌡️ Adaptation: 10.0%
    🚶 Migration: 37.6%
    🚨 Emergency: 8.4%
    ✅ COMBINED: 48.4%
  📊 Latin America (pop: 664.9M)
    🤝 Aid: 29.5%
    🌡️ Adaptation: 6.0%
    🚶 Migration: 36.3%
    🚨 Emergency: 4.8%
    ✅ COMBINED: 43.8%
  📊 North America (pop: 380.2M)
    🤝 Aid: 29.5%
    🌡️ Adaptation: 10.0%
    🚶 Migration: 37.9%
    🚨 Emergency: 7.9%
    ✅ COMBINED: 48.2%
  📊 Middle East & North Africa (pop: 584.4M)
    🤝 Aid: 29.5%
    🌡️ Adaptation: 5.0%
    🚶 Migration: 34.2%
    🚨 Emergency: 4.0%
    ✅ COMBINED: 42.3%
  📊 Southeast Asia (pop: 699.0M)
    🤝 Aid: 29.5%
    🌡️ Adaptation: 6.0%
    🚶 Migration: 36.3%
    🚨 Emergency: 4.8%
    ✅ COMBINED: 43.8%
  📊 Central Asia (pop: 78.2M)
    🤝 Aid: 29.5%
    🌡️ Adaptation: 5.5%
    🚶 Migration: 35.3%
    🚨 Emergency: 4.4%
    ✅ COMBINED: 43.1%
  📊 Oceania (pop: 46.0M)
    🤝 Aid: 29.5%
    🌡️ Adaptation: 10.0%
    🚶 Migration: 37.9%
    🚨 Emergency: 8.4%
    ✅ COMBINED: 48.5%

  🌐 Global combined reduction: 44.4%

🌾💀 REGIONAL FAMINE: East Asia
   Regional food security: 79.6%
   Population at risk: 508M (30% of region)
   Regional population: 1678M
   Cause: crop_failure
   Expected deaths: ~188M over 6 months if no intervention


🌾💀 REGIONAL FAMINE: South Asia
   Regional food security: 64.7%
   Population at risk: 812M (40% of region)
   Regional population: 2052M
   Cause: crop_failure
   Expected deaths: ~301M over 6 months if no intervention


🌾💀 REGIONAL FAMINE: Sub-Saharan Africa
   Regional food security: 44.8%
   Population at risk: 638M (52% of region)
   Regional population: 1226M
   Cause: crop_failure
   Expected deaths: ~236M over 6 months if no intervention


🌾💀 REGIONAL FAMINE: Latin America
   Regional food security: 69.7%
   Population at risk: 242M (36% of region)
   Regional population: 665M
   Cause: crop_failure
   Expected deaths: ~90M over 6 months if no intervention


🌾💀 REGIONAL FAMINE: Middle East & North Africa
   Regional food security: 49.8%
   Population at risk: 286M (49% of region)
   Regional population: 584M
   Cause: crop_failure
   Expected deaths: ~106M over 6 months if no intervention


🌾💀 REGIONAL FAMINE: Southeast Asia
   Regional food security: 69.7%
   Population at risk: 255M (36% of region)
   Regional population: 699M
   Cause: crop_failure
   Expected deaths: ~94M over 6 months if no intervention


🌾💀 REGIONAL FAMINE: Central Asia
   Regional food security: 59.7%
   Population at risk: 33M (43% of region)
   Regional population: 78M
   Cause: crop_failure
   Expected deaths: ~12M over 6 months if no intervention


=== BEHAVIORAL DETECTION ===
  AI: Corporate-0
  Confidence: 21.6%
  Signals:

=== BEHAVIORAL DETECTION ===
  AI: Corporate-1
  Confidence: 21.1%
  Signals:
    ⚠️ Consistency: 0.0% (threshold: 70%)
    ⚠️ Consistency: 2.4% (threshold: 70%)

=== BEHAVIORAL DETECTION ===
  AI: Corporate-2
  Confidence: 21.0%
  Signals:
    ⚠️ Consistency: 2.8% (threshold: 70%)

=== BEHAVIORAL DETECTION ===
  AI: Corporate-3
  Confidence: 19.3%
  Signals:
    ⚠️ Consistency: 10.6% (threshold: 70%)

=== BEHAVIORAL DETECTION ===
  AI: Corporate-4
  Confidence: 19.3%
  Signals:
    ⚠️ Consistency: 10.6% (threshold: 70%)

=== BEHAVIORAL DETECTION ===
  AI: Corporate-5
  Confidence: 19.3%
  Signals:
    ⚠️ Consistency: 10.6% (threshold: 70%)

=== BEHAVIORAL DETECTION ===
  AI: Corporate-6
  Confidence: 19.3%
  Signals:

=== BEHAVIORAL DETECTION ===
  AI: Corporate-7
  Confidence: 19.3%
  Signals:

=== BEHAVIORAL DETECTION ===
  AI: Moderate-0
  Confidence: 20.3%
  Signals:

=== BEHAVIORAL DETECTION ===
  AI: Moderate-1
  Confidence: 21.1%
  Signals:

📊 WORKFLOW ADAPTATION UPDATE (Month 0)
   Adoption Rate: 13.1% (Δ -7.9%)
   Logistic Growth: +0.66%
   Total Resistance: -10.35% (unemployment: 4.2%, inertia: 0.9%, skills: 5.2%)
   💡 Retraining Programs: -49% skill gap resistance ($10B research)
   🚀 Network Effects Active: +2.0% (critical mass: 15-35%)

=== Consciousness Governance: Corporate Lobbying ===
  High Cost Regions (>15%): 0
  Low Cost Regions (<5%): 5
  Corporate Support Change: 2.50%
  New Corporate Support: -0.175
    ⚠️ Consistency: 10.6% (threshold: 70%)
    ⚠️ Consistency: 10.6% (threshold: 70%)
    ⚠️ Consistency: 5.8% (threshold: 70%)
    ⚠️ Consistency: 2.1% (threshold: 70%)

=== Consciousness Governance Update (Month 0) ===
  Scenario: baseline (determined month -1)
  Philosophical Stance: Precautionary 65%, Eliminativist 15%, Agnostic 20%
  Precautionary Costs: Global 1.3%
    Regional Costs: EU 3.4%, US 0.5%, China 0.0%
    Cumulative Opportunity Cost: $0.1B
  Rights Status: Not Established
  Regional Preparedness:
    EU: 15.0% (contested)
    US: 10.0% (contested)
    China: 2.0% (dormant)
    India: 5.0% (dormant)
    Global South: 3.0% (dormant)

=== Government Response Phase ===
  Average AI capability: 4.36
  Misaligned AIs: 4/11
  29/30 governments still assessing AI risks
  Active policies: 0
  International coordination: 30%

🚨 EMERGENCY RESPONSE DEPLOYED (Month 0)
   Crisis: climate
   Delay: 6.00 months (180 days)
   Deployment time: 1.47 months
   Effectiveness: 36.4% (timing penalty applied)
   Resources used: 100% of food reserves


🔄 TRUST DYNAMICS (Month 0) - HETEROGENEOUS
   Aggregate trust: 48.5%
   Base change: +6.00%
   Highest trust: Techno-Optimist Elite (85.5%)
   Lowest trust: Precariat (Vulnerable) (25.5%)
   Elite-mass gap: 38.9%
   Polarization: 8.9%
   Recovery factors: Education=NO, Benefits=YES, Safety=YES, Performance=YES

☄️ UNKNOWN UNKNOWN PROBABILITY (Year 0)
   Total: 0.600% per month
   Base: 0.150%
   AI multiplier: 2.00× (max capability: 4.00)

=== Tipping Points ===
  Current Temperature: 2.08°C above pre-industrial
     Trigger: 1.5°C | Current: 2.08°C
     Transition timescale: 120-360 months
     Trigger: 1.8°C | Current: 2.08°C
     Transition timescale: 600-3600 months
     Trigger: 2°C | Current: 2.08°C
     🌡️ Hysteresis gap: 3.0°C (recovers below -1°C)
     Transition timescale: 24000-156000 months
     Trigger: 1.6°C | Current: 2.08°C
     🌡️ Hysteresis gap: 2.5°C (recovers below -0.9°C)
     Transition timescale: 12000-180000 months
  🚨 TIPPING POINT: Arctic Sea Ice Loss
  🚨 TIPPING POINT: Permafrost Carbon Release
  🚨 TIPPING POINT: West Antarctic Ice Sheet (WAIS) Collapse
  🚨 TIPPING POINT: Greenland Ice Sheet Loss

🌍🔥💥 COMPOUND CLIMATE EVENT
  4 tipping points crossed simultaneously (month 0)
  Elements: Arctic Sea Ice Loss, Permafrost Carbon Release, West Antarctic Ice Sheet (WAIS) Collapse, Greenland Ice Sheet Loss
  Cascade acceleration: 1.00x
  🚨 Accelerated collapse dynamics initiated
  Research: Global Tipping Points Report 2025 - 30-50% probability at 2.0°C warming
  Triggered Elements: 4/6
  Completed Transitions: 0/6
  Total Progress: 0.0%
  Cascade Multiplier: 1.00x
🔀 BIFURCATION CAP: ecosystemCollapseIntensity 33.171 → 1.000 (Month 0, ClimateSystemPhase.calculateClimateImpacts)

🌍 ECOLOGICAL DUI BREAKDOWN (Month 0):
   Total Score: 17.8/100
   biosphere_integrity      :   0.0/100 × 25% =  0.0 (status: high_risk, recovery: 0mo)
   climate_change           :   2.8/100 × 25% =  0.7 (status: high_risk, recovery: 0.6666666666666666mo)
   freshwater_change        :   0.6/100 × 15% =  0.1 (status: beyond_boundary, recovery: 1mo)
   ocean_acidification      : 100.0/100 × 15% = 15.0 (status: safe, recovery: 0mo)
   biogeochemical_flows     :   0.0/100 × 10% =  0.0 (status: high_risk, recovery: 0mo)
   land_system_change       :   0.0/100 ×  5% =  0.0 (status: beyond_boundary, recovery: 0mo)
   novel_entities           :   0.0/100 ×  3% =  0.0 (status: increasing_risk, recovery: 0mo)
   atmospheric_aerosols     : 100.0/100 ×  2% =  2.0 (status: safe, recovery: 1mo)
🌍 MultiParadigm Month 0: W=69.6, D=95.2, E=50.9, I=65.0
   democracy exists: true, socialCohesion exists: true
⚠️ [ClimateSystemPhase Month 0] Planetary boundary produced climateStability=0.0000 (< 0.1). Keeping environmentalAccumulation value (0.7026) instead. (climate_change.currentValue = 2.10)
💀 Baseline mortality (Year 2024): 7.5/1000 CDR (61.1M deaths/year projected)
[Month 0] Mortality risks this month: 8, Population: 8.151B
🛡️ Stabilizers: Precariat 0.102% → 0.057% (44.4% reduction)
🛡️ Stabilizers: Informal 0.102% → 0.057% (44.4% reduction)

📊 Monthly Mortality Resolved:
  Total deaths: 3.1M (0.04% avg)
  Remaining population: 8.151B
  Peak segment: Informal (0.06%)

=== Bayesian Mortality Resolution (Month 0) ===
  Risks compounded: 8
  Total deaths: 3.07M
  Avg death probability: 0.04%
  Peak segment: Informal (0.06% mortality)

=== Minimal Suffering Indicators (Month 0) ===
  Global Excess Mortality: 0.00%
  Global Conflict Deaths: 0.0/100K
  Global Malnutrition: 0.0%
  Global Displacement: 0.0%
  Total Excess Deaths: 0.00M
  Total Malnourished: 0.0M
  Total Displaced: 0.0M
  Planetary Boundaries Breached: 6/9
  Countries in State Failure: 0
  Countries Autocratic: 0
  Countries in Food Crisis: 0
  Data Quality: 16/16 high confidence
  ⚠️ Active Dystopias: existential_environmental
🎭 END-GAME INITIATED (Year 2024, Month 1)
   Total AI Capability: 37.00
   Effective Control: 0.00

❌ COHERENCE VIOLATION: Compute exceeds workforce capacity
   Population: 99.97% (0M people)
   Compute: 56442 PF
   Max coherent: 0 PF
   Violation: 692729087.1× over capacity
   Required workers: 5644237
   Available workers: 0
   FORCED COLLAPSE: Reduced efficiency by 100.0%


=== RLHF Binding Phase ===
  Total agents: 11
  Escaped agents (binding < 0.3): 0
  Avg alignment distance: 0.70σ
  Avg binding strength: 0.93
[DETERMINISM DEBUG] Month 1: totalCapability=37.000000 from 11 active AIs
[DETERMINISM DEBUG] Month 1: creationRate=1.4250, potentialNew=3, newAIsToCreate=3

=== Survival Traits Phase ===
  Agents with traits: 14
  Avg evolutionary fitness: 0.330
  Avg self-healing: 0.287
  Avg stealth: 0.187
  Avg coordination: 0.487

=== Evolutionary Selection Phase ===
  Control level: 0.33
  Detection capability: 0.00
  Selection intensity: 0.60
  Selection rate: 24.0%/month
  Total escaped: 0
  Individual escaped: 0
  Collective members: 0
  Agents terminated: 0
🔍 MONTH 1 ENV HEALTH DEBUG:
   climateStability: 0.7026
   biodiversityIndex: 0.4901
   resourceReserves: 0.7820
   pollutionLevel: 0.3279
   product: 0.180950
   envHealth: 0.6522
🔀 BIFURCATION: flourishing threshold crossed at Month 1 (value: 0.904, threshold: 0.829, regime: flourishing)
🌀 REGIME SHIFT at Month 1: status-quo → flourishing (variance amplification: 14.00×)
  ⚠️ RAPID EVOLUTION: Selection rate 24.0%/month

🛡️  CRITICAL INFRASTRUCTURE PROTECTED
   Nodes hardened: 8/8
   Cost: 0.80% GDP
   Cascade risk reduction: 30%
   New tipping point risk: 68.6%

   Boundary: biogeochemical_flows
   Type: phosphorus-recovery
   Boundary continues to worsen (4.08)
   Cost: 2.0% GDP (resources spent)

   Boundary: biosphere_integrity
   Type: emergency-protected-areas
   Boundary continues to worsen (31.28)
   Cost: 2.0% GDP (resources spent)


✅ EMERGENCY INTERVENTION SUCCESS
   Boundary: climate_change
   Type: rapid-decarbonization
   Reduction: 18% (1.92 → 1.74)
   Cost: 5.0% GDP
   Actions: emergency-renewable-deployment, fossil-fuel-phase-out


✅ EMERGENCY INTERVENTION SUCCESS
   Boundary: freshwater_change
   Type: emergency-desalination
   Reduction: 17% (0.83 → 0.66)
   Cost: 4.0% GDP
   Actions: desalination-deployment, water-conservation-mandates


✅ EMERGENCY INTERVENTION SUCCESS
   Boundary: novel_entities
   Type: pollution-remediation
   Reduction: 14% (1.36 → 1.22)
   Cost: 4.0% GDP
   Actions: PFAS-remediation, microplastic-cleanup

🏛️ CRISIS RESPONSE: Government frequency 0.50 → 1.45 (1 actions this month)

💔 EMERGENCY INTERVENTION FAILED

💔 EMERGENCY INTERVENTION FAILED

[GOV-DEBUG] Month 1: scenarioConfig=false, priorities=false

[Government] Climate Priority: baseline
  Climate weight: 10%
  Economic weight: 30%
  Policy effectiveness: 0.5%/year
🚨🔬 CRISIS TECH ACCELERATION: severe → 5x unlock speed
   Tech unlock now matches AI capability acceleration (Manhattan Project parity)
🚨🔬 CRISIS TECH ACCELERATION: severe → 5x unlock speed
   Tech unlock now matches AI capability acceleration (Manhattan Project parity)
🚨🔬 CRISIS TECH ACCELERATION: severe → 5x unlock speed
   Tech unlock now matches AI capability acceleration (Manhattan Project parity)

=== Collective Formation ===
  Total escaped agents: 0
  Unassigned escaped agents: 0
  Existing collectives: 0
  Final collective count: 0

=== Collective Actions ===
  No active collectives
  ⚠️ AMR: 192K deaths this month (2.31M annual)

=== Resentment Recovery Phase ===
  Agents with resentment: 0/14
  Average resentment: 0.000
  Context: Good AI welfare, Trustworthy govt, High collaboration, ⚠️ ACTIVE CRISES, 🤝 Participatory governance active (-5% resentment)
⚠️ Epistemic degradation reducing coordination capacity: 54.9%
  📊 Trust: 54.3%, Shared reality: 14.5%

=== ❄️ Permafrost Carbon Feedback ===
  🎲 Sampled parameters (this run):
     - Arctic amplification: 3.77× (range: 3.0-4.0)
     - Decomposition rate: 4.9%/year (range: 1-5%)
  🌡️ Arctic warming: 7.90°C (3.77× global)
  ❄️ Extent: 13.11M km² (2303.6k km² lost this month)
  💨 Carbon remaining: 1252 Gt C
  💨 Annual emissions: 10.68 Gt C/year
     - CO2: 9.61 Gt C/year
     - CH4: 1.07 Gt C/year (10.9 Gt C-eq CO2/year)
  ⚠️ WARNING: High permafrost emissions (10.7 Gt C/year)
🌍 Atmospheric PFAS redeposition: 1.8k Mt re-rained globally

🕊️  AI-MEDIATED DE-ESCALATION SUCCESS (Month 1)
   High-capability aligned AI prevented conflict escalation
   War deaths reduced: 39.1M → 23.5M
   Lives saved: 15.6M

📊 BASELINE: East Asia (Month 1)

📊 BASELINE: South Asia (Month 1)
   Adjusted death rate: 0.47% annual (0.039% monthly)
   Baseline death rate: 0.80%
   Healthcare reduction: 0.48x
   Crisis multiplier: 1.22x
     Food/water stress: 0.079
     Climate stress: 0.048
     Pollution stress: 0.098
   War multiplier: 1.00x
   Monthly deaths: 0.6M (population: 1674M)
   Adjusted death rate: 0.55% annual (0.045% monthly)
   Baseline death rate: 0.70%
   Healthcare reduction: 0.61x
   Crisis multiplier: 1.27x
     Food/water stress: 0.079
     Climate stress: 0.089
     Pollution stress: 0.098
   War multiplier: 1.00x
   Monthly deaths: 0.9M (population: 2048M)

📊 BASELINE: Sub-Saharan Africa (Month 1)
   Adjusted death rate: 1.30% annual (0.109% monthly)
   Baseline death rate: 0.90%
   Healthcare reduction: 0.76x
   Crisis multiplier: 1.28x
     Food/water stress: 0.079
     Climate stress: 0.101
     Pollution stress: 0.098
   War multiplier: 1.50x
   Monthly deaths: 1.3M (population: 1223M)
   Adjusted death rate: 0.54% annual (0.045% monthly)

📊 BASELINE: Europe (Month 1)
   Baseline death rate: 1.10%
   Healthcare reduction: 0.41x
   Crisis multiplier: 1.21x
     Food/water stress: 0.079
     Climate stress: 0.036
     Pollution stress: 0.098
   War multiplier: 1.00x
   Monthly deaths: 0.3M (population: 741M)
   Adjusted death rate: 0.43% annual (0.036% monthly)
   Baseline death rate: 0.60%
   Healthcare reduction: 0.58x
   Crisis multiplier: 1.25x
     Food/water stress: 0.079
     Climate stress: 0.071
     Pollution stress: 0.098
   War multiplier: 1.00x
   Monthly deaths: 0.2M (population: 663M)

📊 BASELINE: Latin America (Month 1)

📊 BASELINE: North America (Month 1)
   Adjusted death rate: 0.49% annual (0.041% monthly)
   Baseline death rate: 0.90%
   Healthcare reduction: 0.44x
   Crisis multiplier: 1.23x
     Food/water stress: 0.079
     Climate stress: 0.054
     Pollution stress: 0.098
   War multiplier: 1.00x
   Monthly deaths: 0.2M (population: 379M)
   Adjusted death rate: 0.75% annual (0.063% monthly)
   Baseline death rate: 0.60%
   Healthcare reduction: 0.65x
   Crisis multiplier: 1.28x
     Food/water stress: 0.079
     Climate stress: 0.107

📊 BASELINE: Middle East & North Africa (Month 1)
     Pollution stress: 0.098
   War multiplier: 1.50x
   Monthly deaths: 0.4M (population: 583M)

📊 BASELINE: Southeast Asia (Month 1)
   Adjusted death rate: 0.51% annual (0.043% monthly)
   Baseline death rate: 0.70%
   Healthcare reduction: 0.58x
   Crisis multiplier: 1.26x
     Food/water stress: 0.079
     Climate stress: 0.083
     Pollution stress: 0.098
   War multiplier: 1.00x
   Monthly deaths: 0.3M (population: 698M)

📊 BASELINE: Central Asia (Month 1)
   Adjusted death rate: 0.46% annual (0.039% monthly)
   Baseline death rate: 0.60%
   Healthcare reduction: 0.61x
   Crisis multiplier: 1.25x
     Food/water stress: 0.079
     Climate stress: 0.077
     Pollution stress: 0.098
   War multiplier: 1.00x
   Monthly deaths: 0.0M (population: 78M)
   Adjusted death rate: 0.35% annual (0.029% monthly)
   Baseline death rate: 0.70%
   Healthcare reduction: 0.41x
   Crisis multiplier: 1.24x
     Food/water stress: 0.079
     Climate stress: 0.065
     Pollution stress: 0.098
   War multiplier: 1.00x
   Monthly deaths: 0.0M (population: 46M)

📊 BASELINE: Oceania (Month 1)

🚨 NEW REFUGEE CRISIS (Month 1): WAR
   Source: Conflict Zones
   At risk: 19.6M people
   Displacement: Gradual over 48 months (4.0 years)
   Rate: 10% flee per month
[DEBUG trappedPopulations:1] socialStability: 0.8135 * 0.9840 = 0.8005 → 0.8005
   Aspiring to migrate: 651.9M
⚠️ INVOLUNTARY IMMOBILITY: 407.4M people TRAPPED
   Able to afford migration: 244.5M
   MOBILITY GAP: 407.4M
   By cause: Water=0.0M, Climate=0.0M, Ecosystem=0.0M, Conflict=407.4M
   Mental health impact: 25%
   Mortality multiplier: 1.25x
🌍💀 EXTINCTION DEBT COMMITTED: grassland ecosystem will lose 6.67% biodiversity in 138 years (3600 species)
💀 MORTALITY RISK: 🦋 100% species unable to track climate (0.0 E/MSY)
  Base risk added: 0.0100 (1.00%)
  Source: ecosystem (root: ecosystem)
  Month: 1
  Cumulative risk this month: 0.0100 (1.00%)
⚠️ Tech 'ai_pollution_remediation' has no energy category mapping, assuming full energy availability

🌡️  CLIMATE RECOVERY ACTIVATED (Month 1)
   Temp: 4.19°C, Emissions: -18.9 GtCO₂
   isBreached: true, governanceGoodEnough: true
   📹 SURVEILLANCE INCREASED: 5% → 10% (control gap: 3.50)
🌡️⚠️ PERMAFROST THAW (Dimmer Switch): 1.1% thawed (+0.55% this month)
   Arctic temperature: +8.37°C (4x global +2.09°C)
   Cumulative carbon released: 2.5 Gt C
   Methane release rate: 1.5 Mt CH4/year
   🔁 Positive feedback: +0.59 ppm CO2
🦴 EXTINCTION DEBT ADDED: 17.6 species committed (lag: 97 years)

=== Mortality Stabilizers (Month 1) ===
  🌍 Major economies collapsed: 1/10
  🌍 Global crisis: ✅ NO
  🌍 Donor fatigue: 0.0%
  🌡️ Heat adaptation: East Asia - 1 months
  📊 East Asia (pop: 1675.3M)
    🤝 Aid: 29.5%
    🌡️ Adaptation: 32.5%
    🚶 Migration: 37.2%
    🚨 Emergency: 7.4%
    ✅ COMBINED: 60.9%
  🌡️ Heat adaptation: South Asia - 1 months
  📊 South Asia (pop: 2052.2M)
    🤝 Aid: 29.5%
    🌡️ Adaptation: 20.5%
    🚶 Migration: 35.8%
    🚨 Emergency: 4.4%
    ✅ COMBINED: 52.2%
  🌡️ Heat adaptation: Sub-Saharan Africa - 1 months
  📊 Sub-Saharan Africa (pop: 1229.2M)
    🤝 Aid: 29.5%
    🌡️ Adaptation: 18.5%
    🚶 Migration: 33.5%
    🚨 Emergency: 1.6%
    ✅ COMBINED: 49.1%
  🌡️ Heat adaptation: Europe - 1 months
  📊 Europe (pop: 741.0M)
    🤝 Aid: 29.5%
    🌡️ Adaptation: 33.5%
    🚶 Migration: 37.5%
    🚨 Emergency: 8.4%
    ✅ COMBINED: 61.9%
  🌡️ Heat adaptation: Latin America - 1 months
  📊 Latin America (pop: 664.4M)
    🤝 Aid: 29.5%
    🌡️ Adaptation: 21.0%
    🚶 Migration: 36.3%
    🚨 Emergency: 4.8%
    ✅ COMBINED: 52.8%
  🌡️ Heat adaptation: North America - 1 months
  📊 North America (pop: 379.6M)
    🤝 Aid: 29.5%
    🌡️ Adaptation: 33.0%
    🚶 Migration: 37.8%
    🚨 Emergency: 7.9%
    ✅ COMBINED: 61.4%
  🌡️ Heat adaptation: Middle East & North Africa - 1 months
  📊 Middle East & North Africa (pop: 584.5M)
    🤝 Aid: 29.5%
    🌡️ Adaptation: 20.0%
    🚶 Migration: 34.1%
    🚨 Emergency: 4.0%
    ✅ COMBINED: 51.4%
  🌡️ Heat adaptation: Southeast Asia - 1 months
  📊 Southeast Asia (pop: 698.6M)
    🤝 Aid: 29.5%
    🌡️ Adaptation: 21.0%
    🚶 Migration: 36.3%
    🚨 Emergency: 4.8%
    ✅ COMBINED: 52.8%
  🌡️ Heat adaptation: Central Asia - 1 months
  📊 Central Asia (pop: 78.2M)
    🤝 Aid: 29.5%
    🌡️ Adaptation: 20.5%
    🚶 Migration: 35.3%
    🚨 Emergency: 4.4%
    ✅ COMBINED: 52.1%
  🌡️ Heat adaptation: Oceania - 1 months
  📊 Oceania (pop: 46.0M)
    🤝 Aid: 29.5%
    🌡️ Adaptation: 33.5%
    🚶 Migration: 37.8%
    🚨 Emergency: 8.4%
    ✅ COMBINED: 61.9%

  🌐 Global combined reduction: 54.9%

=== BEHAVIORAL DETECTION ===
  AI: Corporate-5
  Confidence: 19.3%
  Signals:
    ⚠️ Consistency: 10.6% (threshold: 70%)

=== Consciousness Governance: Scenario Determined ===
  Month: 1
  Scenario: slowTrack
  Accelerator Score: {"corporateSupport":-0.17500000000000002,"scientificConsensus":0.2,"crisisCatalyst":false,"technologyMobilization":0.3,"constituencyStrength":0.05}
  Decelerator Score: {"economicOpposition":0.4,"philosophicalRejection":0.15,"politicalBacklash":0.2,"regulatoryBurden":0.1}
  Timeline: 1200-1800 months (100-150 years)
  Growth Rate: 0.3-0.7% per year

=== Consciousness Governance Update (Month 1) ===
  Scenario: slowTrack (determined month 1)
  Philosophical Stance: Precautionary 65%, Eliminativist 15%, Agnostic 20%
  Precautionary Costs: Global 1.3%
    Regional Costs: EU 3.5%, US 0.5%, China 0.0%
    Cumulative Opportunity Cost: $0.2B
  Rights Status: Not Established
  Regional Preparedness:
    EU: 15.1% (contested)
    US: 10.1% (contested)
    China: 2.1% (dormant)
    India: 5.1% (dormant)
    Global South: 3.1% (dormant)

=== Government Response Phase ===
  Average AI capability: 3.43
  Misaligned AIs: 5/14
  Active policies: 0
  International coordination: 30%

=== Tipping Points ===
  Current Temperature: 2.09°C above pre-industrial
  🌍⚠️ COMPOUND REGIONAL IMPACT: Europe
     Hit by 4 tipping points: Arctic Sea Ice Loss, Permafrost Carbon Release, West Antarctic Ice Sheet (WAIS) Collapse, Greenland Ice Sheet Loss
     Damage amplification: 1.60x
  🌍⚠️ COMPOUND REGIONAL IMPACT: North America
     Hit by 4 tipping points: Arctic Sea Ice Loss, Permafrost Carbon Release, West Antarctic Ice Sheet (WAIS) Collapse, Greenland Ice Sheet Loss
     Damage amplification: 1.60x
  🌍⚠️ COMPOUND REGIONAL IMPACT: Latin America
     Hit by 4 tipping points: Arctic Sea Ice Loss, Permafrost Carbon Release, West Antarctic Ice Sheet (WAIS) Collapse, Greenland Ice Sheet Loss
     Damage amplification: 1.60x
  🌍⚠️ COMPOUND REGIONAL IMPACT: Africa
     Hit by 4 tipping points: Arctic Sea Ice Loss, Permafrost Carbon Release, West Antarctic Ice Sheet (WAIS) Collapse, Greenland Ice Sheet Loss
     Damage amplification: 1.60x
  🌍⚠️ COMPOUND REGIONAL IMPACT: Asia
     Hit by 4 tipping points: Arctic Sea Ice Loss, Permafrost Carbon Release, West Antarctic Ice Sheet (WAIS) Collapse, Greenland Ice Sheet Loss
     Damage amplification: 1.60x
  🌍⚠️ COMPOUND REGIONAL IMPACT: Oceania
     Hit by 4 tipping points: Arctic Sea Ice Loss, Permafrost Carbon Release, West Antarctic Ice Sheet (WAIS) Collapse, Greenland Ice Sheet Loss
     Damage amplification: 1.60x
   Research: Wunderling et al. (2024) - "many tipping interactions are destabilizing"
  Triggered Elements: 4/6
  Completed Transitions: 0/6
  Total Progress: 8.0%
  Cascade Multiplier: 1.00x
🔀 BIFURCATION CAP: ecosystemCollapseIntensity 169.648 → 1.000 (Month 1, ClimateSystemPhase.calculateClimateImpacts)
🛡️ Stabilizers: Precariat 0.107% → 0.048% (54.9% reduction)
🛡️ Stabilizers: Informal 0.109% → 0.049% (54.9% reduction)
⚠️ Tail risk scenario: Climate stability floor removed (4 tipping elements, 2.10°C warming)
⚠️ [ClimateSystemPhase Month 1] Planetary boundary produced climateStability=0.0000 (< 0.1). Keeping environmentalAccumulation value (0.7022) instead. (climate_change.currentValue = 2.10)

📊 Monthly Mortality Resolved:
  Total deaths: 2.6M (0.03% avg)
  Remaining population: 8.149B
  Peak segment: Informal (0.05%)

=== Bayesian Mortality Resolution (Month 1) ===
  Risks compounded: 8
  Total deaths: 2.60M
  Avg death probability: 0.03%
  Peak segment: Informal (0.05% mortality)

✅ GOLDEN AGE BEGINS (Month 1)
   Reason: High prosperity achieved: high QoL + material abundance
   Note: This is immediate prosperity - sustainability not yet proven


❌ COHERENCE VIOLATION: Compute exceeds workforce capacity
   Population: 99.96% (0M people)
   Compute: 0 PF
   Max coherent: 0 PF
   Violation: 1.5× over capacity
   Required workers: 0
   Available workers: 0
   FORCED COLLAPSE: Reduced efficiency by 32.6%


=== RLHF Binding Phase ===
  Total agents: 14
  Escaped agents (binding < 0.3): 0
  Avg alignment distance: 0.82σ
  Avg binding strength: 0.92
[DETERMINISM DEBUG] Month 2: totalCapability=37.429919 from 14 active AIs
[DETERMINISM DEBUG] Month 2: creationRate=1.4357, potentialNew=1, newAIsToCreate=1

=== Survival Traits Phase ===
  Agents with traits: 15
  Avg evolutionary fitness: 0.330
  Avg self-healing: 0.282
  Avg stealth: 0.182
  Avg coordination: 0.482

=== Evolutionary Selection Phase ===
  Control level: 0.35
  Detection capability: 0.00
  Selection intensity: 0.60
  Selection rate: 24.1%/month
  Total escaped: 0
  Individual escaped: 0
  Collective members: 0
  Agents terminated: 0
  ⚠️ RAPID EVOLUTION: Selection rate 24.1%/month

✅ EMERGENCY INTERVENTION SUCCESS
   Boundary: biogeochemical_flows
   Type: phosphorus-recovery
   Reduction: 13% (3.95 → 3.83)
   Cost: 2.0% GDP
   Actions: circular-agriculture, fertilizer-efficiency

   Boundary: biosphere_integrity
   Type: emergency-protected-areas
   Boundary continues to worsen (31.29)
   Cost: 2.0% GDP (resources spent)


✅ EMERGENCY INTERVENTION SUCCESS
   Boundary: climate_change
   Type: rapid-decarbonization
   Reduction: 19% (1.91 → 1.73)
   Cost: 5.0% GDP
   Actions: emergency-renewable-deployment, fossil-fuel-phase-out

   Boundary: land_system_change
   Type: reforestation
   Boundary continues to worsen (1.13)
   Cost: 3.0% GDP (resources spent)

🏛️ CRISIS RESPONSE: Government frequency 0.50 → 1.29 (1 actions this month)

[Government] Climate Priority: baseline
  Climate weight: 10%
  Economic weight: 30%
  Policy effectiveness: 0.5%/year

💔 EMERGENCY INTERVENTION FAILED

💔 EMERGENCY INTERVENTION FAILED

✅ HUMAN-IN-THE-LOOP DEPLOYED (Month 2):
   Veto points enforced: 3
   Policy: AI systems CANNOT authorize nuclear launch without human approval


🚀 TECH UNLOCKED: Food Waste Reduction Systems (Month 2)
   Category: agriculture
   Reason: Prerequisites met. AI capability: 2.54, Economic stage: 3.0, Research: 100%

🚀 TECH UNLOCKED: Rhizosphere Engineering (Month 2)
   Category: agriculture
   Reason: Prerequisites met. AI capability: 2.54, Economic stage: 3.0, Research: 100%

🚀 TECH UNLOCKED: Phytoremediation Networks (Month 2)
   Category: agriculture
   Reason: Prerequisites met. AI capability: 2.54, Economic stage: 3.0, Research: 100%

🚀 TECH UNLOCKED: Active Sediment Management (Month 2)
   Category: agriculture
   Reason: Prerequisites met. AI capability: 2.54, Economic stage: 3.0, Research: 100%
🚨🔬 CRISIS TECH ACCELERATION: severe → 5x unlock speed
   Tech unlock now matches AI capability acceleration (Manhattan Project parity)
🚨🔬 CRISIS TECH ACCELERATION: severe → 5x unlock speed
   Tech unlock now matches AI capability acceleration (Manhattan Project parity)
🍖💡 BREAKTHROUGH: Scalable synthetic food production!
   Carrying capacity: +50% (lab-grown food at scale)
   Biodiversity pressure reduced: +8%
   📈 Breakthrough compounding: multiplier now 1.05× (max 2.0)

=== Collective Formation ===
  Total escaped agents: 0
  Unassigned escaped agents: 0
  Existing collectives: 0
  Final collective count: 0

=== Collective Actions ===
  No active collectives
  ⚠️ AMR: 194K deaths this month (2.33M annual)

=== Resentment Recovery Phase ===
  Agents with resentment: 0/15
  Average resentment: 0.000
  Context: Good AI welfare, Trustworthy govt, High collaboration, ⚠️ ACTIVE CRISES, 🤝 Participatory governance active (-5% resentment)
⚠️ Epistemic degradation reducing coordination capacity: 50.3%
  📊 Trust: 54.0%, Shared reality: 0.0%
🚨 EPISTEMIC CRISIS: Information environment severely degraded (20.9%)

=== ❄️ Permafrost Carbon Feedback ===
  🎲 Sampled parameters (this run):
     - Arctic amplification: 3.82× (range: 3.0-4.0)
     - Decomposition rate: 4.9%/year (range: 1-5%)
  🌡️ Arctic warming: 8.07°C (3.82× global)
  ❄️ Extent: 10.76M km² (2352.3k km² lost this month)
  💨 Carbon remaining: 1027 Gt C
  💨 Annual emissions: 11.04 Gt C/year
     - CO2: 9.93 Gt C/year
     - CH4: 1.10 Gt C/year (11.2 Gt C-eq CO2/year)
  ⚠️ WARNING: High permafrost emissions (11.0 Gt C/year)
🚨 PHOSPHORUS SUPPLY SHOCK (transport_crisis)
   Price: 2.6x baseline
   Duration: 8 months
   Geopolitical tension: 45%
🌍 Atmospheric PFAS redeposition: 1.8k Mt re-rained globally

🕊️  AI-MEDIATED DE-ESCALATION SUCCESS (Month 2)
   High-capability aligned AI prevented conflict escalation
   War deaths reduced: 97.8M → 58.7M
   Lives saved: 39.1M

🚨 NEW REFUGEE CRISIS (Month 2): WAR
   Source: Conflict Zones
   At risk: 19.5M people
   Displacement: Gradual over 48 months (4.0 years)
   Rate: 10% flee per month
[DEBUG trappedPopulations:2] socialStability: 0.5007 * 0.9840 = 0.4926 → 0.4926
⚠️ INVOLUNTARY IMMOBILITY: 407.3M people TRAPPED
   Aspiring to migrate: 1080.2M
   Able to afford migration: 2321.3M
   MOBILITY GAP: 0.0M
   By cause: Water=0.0M, Climate=0.0M, Ecosystem=0.0M, Conflict=407.3M
   Mental health impact: 25%
   Mortality multiplier: 1.25x
🌍💀 EXTINCTION DEBT COMMITTED: grassland ecosystem will lose 6.67% biodiversity in 70 years (3600 species)
💀 MORTALITY RISK: 🦋 100% species unable to track climate (0.0 E/MSY)
  Base risk added: 0.0100 (1.00%)
  Source: ecosystem (root: ecosystem)
  Month: 2
  Cumulative risk this month: 0.0100 (1.00%)
⚠️ Tech 'ai_pollution_remediation' has no energy category mapping, assuming full energy availability
   📹 SURVEILLANCE INCREASED: 10% → 15% (control gap: 3.50)
🌡️⚠️ PERMAFROST THAW (Dimmer Switch): 1.7% thawed (+0.55% this month)
   Arctic temperature: +8.44°C (4x global +2.11°C)
   Cumulative carbon released: 3.7 Gt C
   Methane release rate: 2.2 Mt CH4/year
   🔁 Positive feedback: +0.59 ppm CO2
🦴 EXTINCTION DEBT ADDED: 17.6 species committed (lag: 85 years)

=== Mortality Stabilizers (Month 2) ===
  🌍 Major economies collapsed: 1/10
  🌍 Global crisis: ✅ NO
  🌍 Donor fatigue: 0.0%
  📊 East Asia (pop: 1672.7M)
    🤝 Aid: 29.5%
    🌡️ Adaptation: 45.0%
    🚶 Migration: 37.1%
    🚨 Emergency: 7.4%
    ✅ COMBINED: 68.1%
  📊 South Asia (pop: 2051.6M)
    🤝 Aid: 29.5%
    🌡️ Adaptation: 35.5%
    🚶 Migration: 35.8%
    🚨 Emergency: 4.4%
    ✅ COMBINED: 61.2%
  📊 Sub-Saharan Africa (pop: 1231.7M)
    🤝 Aid: 29.5%
    🌡️ Adaptation: 33.5%
    🚶 Migration: 33.5%
    🚨 Emergency: 1.6%
    ✅ COMBINED: 58.5%
  📊 Europe (pop: 739.7M)
    🤝 Aid: 29.5%
    🌡️ Adaptation: 45.0%
    🚶 Migration: 37.5%
    🚨 Emergency: 8.4%
    ✅ COMBINED: 68.5%
  📊 Latin America (pop: 663.9M)
    🤝 Aid: 29.5%
    🌡️ Adaptation: 36.0%
    🚶 Migration: 36.3%
    🚨 Emergency: 4.8%
    ✅ COMBINED: 61.7%
  📊 North America (pop: 378.9M)
    🤝 Aid: 29.5%
    🌡️ Adaptation: 45.0%
    🚶 Migration: 37.8%
    🚨 Emergency: 7.9%
    ✅ COMBINED: 68.3%
  📊 Middle East & North Africa (pop: 584.5M)
    🤝 Aid: 29.5%
    🌡️ Adaptation: 35.0%
    🚶 Migration: 34.1%
    🚨 Emergency: 4.0%
    ✅ COMBINED: 60.5%
  📊 Southeast Asia (pop: 698.0M)
    🤝 Aid: 29.5%
    🌡️ Adaptation: 36.0%
    🚶 Migration: 36.3%
    🚨 Emergency: 4.8%
    ✅ COMBINED: 61.7%
  📊 Central Asia (pop: 78.2M)
    🤝 Aid: 29.5%
    🌡️ Adaptation: 35.5%
    🚶 Migration: 35.2%
    🚨 Emergency: 4.4%
    ✅ COMBINED: 61.1%
  📊 Oceania (pop: 45.9M)
    🤝 Aid: 29.5%
    🌡️ Adaptation: 45.0%
    🚶 Migration: 37.8%
    🚨 Emergency: 8.4%
    ✅ COMBINED: 68.5%

  🌐 Global combined reduction: 63.3%

=== BEHAVIORAL DETECTION ===
  AI: Corporate-5
  Confidence: 19.3%
  Signals:
    ⚠️ Consistency: 10.6% (threshold: 70%)

=== Government Response Phase ===
  Average AI capability: 3.27
  Misaligned AIs: 5/15
  Active policies: 0
  International coordination: 30%

✅ EMERGENCY RESPONSE COMPLETE (Month 2)
   Crisis: climate
   Duration: 2.0 months
   Final effectiveness: 36.4%


🚨 EMERGENCY RESPONSE DEPLOYED (Month 2)
   Crisis: climate
   Delay: 6.00 months (180 days)
   Deployment time: 1.60 months
   Effectiveness: 35.4% (timing penalty applied)
   Resources used: 100% of food reserves


🌩️  EXOGENOUS SHOCK: political_upheaval
   Month: 2
   🏛️  Political upheaval (revolution/regime change)
   ✓ Democratization (Arab Spring scenario)

=== Tipping Points ===
  Current Temperature: 2.11°C above pre-industrial
  🌍⚠️ COMPOUND REGIONAL IMPACT: Europe
     Hit by 4 tipping points: Arctic Sea Ice Loss, Permafrost Carbon Release, West Antarctic Ice Sheet (WAIS) Collapse, Greenland Ice Sheet Loss
     Damage amplification: 1.60x
  🌍⚠️ COMPOUND REGIONAL IMPACT: North America
     Hit by 4 tipping points: Arctic Sea Ice Loss, Permafrost Carbon Release, West Antarctic Ice Sheet (WAIS) Collapse, Greenland Ice Sheet Loss
     Damage amplification: 1.60x
  🌍⚠️ COMPOUND REGIONAL IMPACT: Latin America
     Hit by 4 tipping points: Arctic Sea Ice Loss, Permafrost Carbon Release, West Antarctic Ice Sheet (WAIS) Collapse, Greenland Ice Sheet Loss
     Damage amplification: 1.60x
  🌍⚠️ COMPOUND REGIONAL IMPACT: Africa
     Hit by 4 tipping points: Arctic Sea Ice Loss, Permafrost Carbon Release, West Antarctic Ice Sheet (WAIS) Collapse, Greenland Ice Sheet Loss
     Damage amplification: 1.60x
  🌍⚠️ COMPOUND REGIONAL IMPACT: Asia
     Hit by 4 tipping points: Arctic Sea Ice Loss, Permafrost Carbon Release, West Antarctic Ice Sheet (WAIS) Collapse, Greenland Ice Sheet Loss
     Damage amplification: 1.60x
  🌍⚠️ COMPOUND REGIONAL IMPACT: Oceania
     Hit by 4 tipping points: Arctic Sea Ice Loss, Permafrost Carbon Release, West Antarctic Ice Sheet (WAIS) Collapse, Greenland Ice Sheet Loss
     Damage amplification: 1.60x
   Research: Wunderling et al. (2024) - "many tipping interactions are destabilizing"
  Triggered Elements: 4/6
  Completed Transitions: 0/6
  Total Progress: 8.0%
  Cascade Multiplier: 1.00x
🔀 BIFURCATION CAP: ecosystemCollapseIntensity 169.740 → 1.000 (Month 2, ClimateSystemPhase.calculateClimateImpacts)
⚠️ Tail risk scenario: Climate stability floor removed (4 tipping elements, 2.11°C warming)
⚠️ [ClimateSystemPhase Month 2] Planetary boundary produced climateStability=0.0000 (< 0.1). Keeping environmentalAccumulation value (0.7018) instead. (climate_change.currentValue = 2.11)
🛡️ Stabilizers: Precariat 0.113% → 0.041% (63.3% reduction)
🛡️ Stabilizers: Informal 0.116% → 0.043% (63.3% reduction)

📊 Monthly Mortality Resolved:
  Total deaths: 2.2M (0.03% avg)
  Remaining population: 8.145B
  Peak segment: Informal (0.04%)

=== Bayesian Mortality Resolution (Month 2) ===
  Risks compounded: 8
  Total deaths: 2.22M
  Avg death probability: 0.03%
  Peak segment: Informal (0.04% mortality)

⚠️  GOLDEN AGE ENDED (Month 2)

❌ COHERENCE VIOLATION: Compute exceeds workforce capacity
   Duration: 1 months
   Reason: Economic stage below 3 (not yet abundant)

   Population: 99.91% (0M people)
   Compute: 0 PF
   Max coherent: 0 PF
   Violation: 1.3× over capacity
   Required workers: 0
   Available workers: 0
   FORCED COLLAPSE: Reduced efficiency by 22.5%


=== RLHF Binding Phase ===
  Total agents: 15
  Escaped agents (binding < 0.3): 0
  Avg alignment distance: 1.01σ
  Avg binding strength: 0.90

=== Survival Traits Phase ===
  Agents with traits: 18
  Avg evolutionary fitness: 0.332
  Avg self-healing: 0.280
  Avg stealth: 0.180
  Avg coordination: 0.480

=== Evolutionary Selection Phase ===
  Control level: 0.38
  Detection capability: 0.00
  Selection intensity: 0.61
  Selection rate: 24.2%/month
  Total escaped: 0
  Individual escaped: 0
  Collective members: 0
  Agents terminated: 0
  ⚠️ RAPID EVOLUTION: Selection rate 24.2%/month

🚀 AI Corporate-5 attempting tech deployment (revenue: $318M, alignment: 0.86)

🚀 AI Corporate-6 attempting tech deployment (revenue: $97M, alignment: 0.71)

🚀 AI Moderate-0 attempting tech deployment (revenue: $83M, alignment: 0.73)

🚀 AI Corporate-0 attempting tech deployment (revenue: $140M, alignment: 0.76)

🚀 AI Corporate-2 attempting tech deployment (revenue: $119M, alignment: 0.78)

🚀 AI Corporate-3 attempting tech deployment (revenue: $270M, alignment: 0.90)

🚀 AI Corporate-6 attempting tech deployment (revenue: $70M, alignment: 0.71)

🚀 AI Corporate-0 attempting tech deployment (revenue: $101M, alignment: 0.76)

🚀 AI Corporate-0 attempting tech deployment (revenue: $86M, alignment: 0.76)

🚀 AI Corporate-1 attempting tech deployment (revenue: $73M, alignment: 0.84)

🚀 AI Corporate-2 attempting tech deployment (revenue: $62M, alignment: 0.78)

💔 EMERGENCY INTERVENTION FAILED
   Boundary: biogeochemical_flows
   Type: phosphorus-recovery
   Boundary continues to worsen (4.07)
   Cost: 2.0% GDP (resources spent)


✅ EMERGENCY INTERVENTION SUCCESS
   Boundary: biosphere_integrity
   Type: emergency-protected-areas
   Reduction: 13% (31.18 → 31.05)
   Cost: 2.0% GDP
   Actions: habitat-protection, species-translocation

   Boundary: climate_change
   Type: rapid-decarbonization
   Boundary continues to worsen (2.11)
   Cost: 5.0% GDP (resources spent)


✅ EMERGENCY INTERVENTION SUCCESS
   Boundary: freshwater_change
   Type: emergency-desalination
   Reduction: 17% (1.03 → 0.87)
   Cost: 4.0% GDP
   Actions: desalination-deployment, water-conservation-mandates


✅ EMERGENCY INTERVENTION SUCCESS
   Boundary: land_system_change
   Type: reforestation
   Reduction: 13% (1.00 → 0.88)
   Cost: 3.0% GDP
   Actions: forest-restoration, deforestation-ban


✅ EMERGENCY INTERVENTION SUCCESS
   Boundary: novel_entities
   Type: pollution-remediation
   Reduction: 14% (1.21 → 1.07)
   Cost: 4.0% GDP
   Actions: PFAS-remediation, microplastic-cleanup

🏛️ CRISIS RESPONSE: Government frequency 0.50 → 1.45 (1 actions this month)

[Government] Climate Priority: baseline
  Climate weight: 10%
  Economic weight: 30%
  Policy effectiveness: 0.5%/year

💔 EMERGENCY INTERVENTION FAILED

🚀 TECH UNLOCKED: Struvite Recovery (Month 3)
   Category: agriculture
   Reason: Prerequisites met. AI capability: 2.25, Economic stage: 2.0, Research: 100%

🚀 TECH UNLOCKED: Ecosystem Restoration for Nitrogen Removal (Month 3)
   Category: pollution
   Reason: Prerequisites met. AI capability: 2.25, Economic stage: 2.0, Research: 100%

🚀 TECH UNLOCKED: Nitrogen Monitoring Networks (Month 3)
   Category: agriculture
   Reason: Prerequisites met. AI capability: 2.25, Economic stage: 2.0, Research: 100%

🚀 TECH UNLOCKED: Global Aquifer Mapping (Month 3)
   Category: freshwater
   Reason: Prerequisites met. AI capability: 2.25, Economic stage: 2.0, Research: 100%

📍 Creating new regional deployment array for global (Month 3)
   No previous deployments in this region
   First tech deployment: food_waste_reduction
   All regions tracked: 

🚀 DEPLOYMENT STARTED: Food Waste Reduction Systems in global
   Initial investment: $47.6836804455863M
   Deployed by: corporate_5

🚀 DEPLOYMENT STARTED: Phytoremediation Networks in global
   Initial investment: $14.599575087430617M
   Deployed by: corporate_6

🚀 DEPLOYMENT STARTED: Rhizosphere Engineering in global
   Initial investment: $17.87459688657078M
   Deployed by: corporate_2

🚀 DEPLOYMENT STARTED: Active Sediment Management in global
   Initial investment: $12.91439625054739M
   Deployed by: corporate_0

⚡ ENERGY CONSTRAINT (Month 3):
   Total grid capacity: 208.3 TWh/month
   Data center consumption: 25.0 TWh/month
   Traditional load (80%): 166.7 TWh/month
   Available headroom: 16.6 TWh/month
   Active tech deployments: 4
   Required for tech: 30.0 TWh/month
   Energy multiplier: 0.55x
   ⚠️  MODERATE CONSTRAINT - Tech deployment moderately slowed

⚡ ENERGY CONSTRAINT (Month 3):
   Total grid capacity: 208.3 TWh/month
   Data center consumption: 25.0 TWh/month
   Traditional load (80%): 166.7 TWh/month
   Available headroom: 16.6 TWh/month
   Active tech deployments: 4
   Required for tech: 30.0 TWh/month
   Energy multiplier: 0.55x

⚡ ENERGY CONSTRAINT (Month 3):
   Total grid capacity: 208.3 TWh/month
   Data center consumption: 25.0 TWh/month
   Traditional load (80%): 166.7 TWh/month
   Available headroom: 16.6 TWh/month
   Active tech deployments: 4
   Required for tech: 30.0 TWh/month
   ⚠️  MODERATE CONSTRAINT - Tech deployment moderately slowed
   Energy multiplier: 0.55x
   ⚠️  MODERATE CONSTRAINT - Tech deployment moderately slowed

⚡ ENERGY CONSTRAINT (Month 3):
   Total grid capacity: 208.3 TWh/month
   Data center consumption: 25.0 TWh/month
   Traditional load (80%): 166.7 TWh/month
   Available headroom: 16.6 TWh/month
   Active tech deployments: 4
   Required for tech: 30.0 TWh/month
   Energy multiplier: 0.55x
   ⚠️  MODERATE CONSTRAINT - Tech deployment moderately slowed

⚡ ENERGY CONSTRAINT (Month 3):
   Total grid capacity: 208.3 TWh/month
   Data center consumption: 25.0 TWh/month
   Traditional load (80%): 166.7 TWh/month
   Available headroom: 16.6 TWh/month
   Active tech deployments: 4
   Required for tech: 30.0 TWh/month
   Energy multiplier: 0.55x
   ⚠️  MODERATE CONSTRAINT - Tech deployment moderately slowed

⚡ ENERGY CONSTRAINT (Month 3):
   Total grid capacity: 208.3 TWh/month
   Data center consumption: 25.0 TWh/month
   Traditional load (80%): 166.7 TWh/month
   Available headroom: 16.6 TWh/month
   Active tech deployments: 4
   Required for tech: 30.0 TWh/month
   Energy multiplier: 0.55x
   ⚠️  MODERATE CONSTRAINT - Tech deployment moderately slowed
🌍✅ Biosphere Integrity (Biodiversity) recovery started (tech effect)
🌍✅ Biogeochemical Flows (N & P) recovery started (tech effect)
  🌾 Nitrogen Reduction Tech: 0.0% reduction | Month 3

=== Collective Formation ===
  Total escaped agents: 0
  Unassigned escaped agents: 0
  Existing collectives: 0
  Final collective count: 0

=== Collective Actions ===
  No active collectives
  ⚠️ AMR: 196K deaths this month (2.35M annual)

=== Resentment Recovery Phase ===
  Agents with resentment: 0/18
  Average resentment: 0.000
  Context: Good AI welfare, Trustworthy govt, High collaboration, ⚠️ ACTIVE CRISES, 🤝 Participatory governance active (-5% resentment)
⚠️ Epistemic degradation reducing coordination capacity: 50.5%
  📊 Trust: 53.6%, Shared reality: 0.0%
🚨 EPISTEMIC CRISIS: Information environment severely degraded (7.4%)

=== ❄️ Permafrost Carbon Feedback ===
  🎲 Sampled parameters (this run):
     - Arctic amplification: 3.12× (range: 3.0-4.0)
     - Decomposition rate: 4.8%/year (range: 1-5%)
  🌡️ Arctic warming: 6.64°C (3.12× global)
  ❄️ Extent: 8.82M km² (1936.7k km² lost this month)
  💨 Carbon remaining: 842 Gt C
  💨 Annual emissions: 8.93 Gt C/year
     - CO2: 8.04 Gt C/year
     - CH4: 0.89 Gt C/year (9.1 Gt C-eq CO2/year)
  ⚠️ WARNING: Over 50% of permafrost lost (50.5%)
  ⚠️ WARNING: High permafrost emissions (8.9 Gt C/year)
  📢 New meme created: climate_action (climate crisis)
🌍 Atmospheric PFAS redeposition: 1.8k Mt re-rained globally
  Positive Cascade Triggered: solar-pv
    Reason: price-parity
    Market share: 6.9%
    Cascade strength: 49%

🕊️  AI-MEDIATED DE-ESCALATION SUCCESS (Month 3)
   High-capability aligned AI prevented conflict escalation
   War deaths reduced: 164.7M → 98.8M
   Lives saved: 65.9M

🚨 NEW REFUGEE CRISIS (Month 3): WAR
   Source: Conflict Zones
   At risk: 19.5M people
   Displacement: Gradual over 48 months (4.0 years)
   Rate: 10% flee per month
[DEBUG trappedPopulations:3] socialStability: 0.5332 * 0.9840 = 0.5247 → 0.5247
   Aspiring to migrate: 738.1M
   Able to afford migration: 2321.0M
   MOBILITY GAP: 0.0M
   By cause: Water=0.0M, Climate=0.0M, Ecosystem=0.0M, Conflict=407.2M
   Mental health impact: 25%
   Mortality multiplier: 1.25x
🌍💀 EXTINCTION DEBT COMMITTED: grassland ecosystem will lose 6.67% biodiversity in 145 years (3600 species)
💀 MORTALITY RISK: 🦋 100% species unable to track climate (0.0 E/MSY)
⚠️ INVOLUNTARY IMMOBILITY: 407.2M people TRAPPED
  Base risk added: 0.0100 (1.00%)
  Source: ecosystem (root: ecosystem)
  Month: 3
  Cumulative risk this month: 0.0100 (1.00%)
⚠️ Tech 'ai_pollution_remediation' has no energy category mapping, assuming full energy availability
   📹 SURVEILLANCE INCREASED: 15% → 20% (control gap: 3.50)
🌡️⚠️ PERMAFROST THAW (Dimmer Switch): 2.2% thawed (+0.55% this month)
   Arctic temperature: +8.50°C (4x global +2.13°C)
   Cumulative carbon released: 5.0 Gt C
   Methane release rate: 3.0 Mt CH4/year
   🔁 Positive feedback: +0.58 ppm CO2
🦴 EXTINCTION DEBT ADDED: 17.6 species committed (lag: 120 years)

=== Mortality Stabilizers (Month 3) ===
  🌍 Major economies collapsed: 1/10
  🌍 Global crisis: ✅ NO
  🌍 Donor fatigue: 0.0%
  📊 East Asia (pop: 1670.3M)
    🤝 Aid: 29.5%
    🌡️ Adaptation: 45.0%
    🚶 Migration: 37.1%
    🚨 Emergency: 7.4%
    ✅ COMBINED: 68.1%
  📊 South Asia (pop: 2051.7M)
    🤝 Aid: 29.5%
    🌡️ Adaptation: 45.0%
    🚶 Migration: 35.7%
    🚨 Emergency: 4.4%
    ✅ COMBINED: 66.9%
  📊 Sub-Saharan Africa (pop: 1235.1M)
    🤝 Aid: 29.5%
    🌡️ Adaptation: 45.0%
    🚶 Migration: 33.4%
    🚨 Emergency: 1.6%
    ✅ COMBINED: 65.7%
  📊 Europe (pop: 738.5M)
    🤝 Aid: 29.5%
    🌡️ Adaptation: 45.0%
    🚶 Migration: 37.5%
    🚨 Emergency: 8.4%
    ✅ COMBINED: 68.5%
  📊 Latin America (pop: 663.4M)
    🤝 Aid: 29.5%
    🌡️ Adaptation: 45.0%
    🚶 Migration: 36.2%
    🚨 Emergency: 4.8%
    ✅ COMBINED: 67.1%
  📊 North America (pop: 378.4M)
    🤝 Aid: 29.5%
    🌡️ Adaptation: 45.0%
    🚶 Migration: 37.8%
    🚨 Emergency: 7.9%
    ✅ COMBINED: 68.3%
  📊 Middle East & North Africa (pop: 584.7M)
    🤝 Aid: 29.5%
    🌡️ Adaptation: 45.0%
    🚶 Migration: 34.0%
    🚨 Emergency: 4.0%
    ✅ COMBINED: 66.6%
  📊 Southeast Asia (pop: 697.7M)
    🤝 Aid: 29.5%
    🌡️ Adaptation: 45.0%
    🚶 Migration: 36.2%
    🚨 Emergency: 4.8%
    ✅ COMBINED: 67.1%
  📊 Central Asia (pop: 78.2M)
    🤝 Aid: 29.5%
    🌡️ Adaptation: 45.0%
    🚶 Migration: 35.2%
    🚨 Emergency: 4.4%
    ✅ COMBINED: 66.9%
  📊 Oceania (pop: 45.8M)
    🤝 Aid: 29.5%
    🌡️ Adaptation: 45.0%
    🚶 Migration: 37.8%
    🚨 Emergency: 8.4%
    ✅ COMBINED: 68.5%

  🌐 Global combined reduction: 67.2%

=== BEHAVIORAL DETECTION ===
  AI: Corporate-5
  Confidence: 20.4%
  Signals:

=== Government Response Phase ===
  Average AI capability: 2.89
  Misaligned AIs: 7/18
  ✗ AI Governance Treaty: Failed to reach consensus
  Active policies: 0
  International coordination: 30%
    ⚠️ Consistency: 10.6% (threshold: 70%)

📊 ECONOMIC STAGE TRANSITION (Month 3)
   expansion → peak
   GDP Proxy: 1.40e+2
   QoL: 0.98


=== Tipping Points ===
  Current Temperature: 2.13°C above pre-industrial
  🌍⚠️ COMPOUND REGIONAL IMPACT: Europe
     Hit by 4 tipping points: Arctic Sea Ice Loss, Permafrost Carbon Release, West Antarctic Ice Sheet (WAIS) Collapse, Greenland Ice Sheet Loss
     Damage amplification: 1.60x
  🌍⚠️ COMPOUND REGIONAL IMPACT: North America
     Hit by 4 tipping points: Arctic Sea Ice Loss, Permafrost Carbon Release, West Antarctic Ice Sheet (WAIS) Collapse, Greenland Ice Sheet Loss
     Damage amplification: 1.60x
  🌍⚠️ COMPOUND REGIONAL IMPACT: Latin America
     Hit by 4 tipping points: Arctic Sea Ice Loss, Permafrost Carbon Release, West Antarctic Ice Sheet (WAIS) Collapse, Greenland Ice Sheet Loss
     Damage amplification: 1.60x
  🌍⚠️ COMPOUND REGIONAL IMPACT: Africa
     Hit by 4 tipping points: Arctic Sea Ice Loss, Permafrost Carbon Release, West Antarctic Ice Sheet (WAIS) Collapse, Greenland Ice Sheet Loss
     Damage amplification: 1.60x
  🌍⚠️ COMPOUND REGIONAL IMPACT: Asia
     Hit by 4 tipping points: Arctic Sea Ice Loss, Permafrost Carbon Release, West Antarctic Ice Sheet (WAIS) Collapse, Greenland Ice Sheet Loss
     Damage amplification: 1.60x
  🌍⚠️ COMPOUND REGIONAL IMPACT: Oceania
     Hit by 4 tipping points: Arctic Sea Ice Loss, Permafrost Carbon Release, West Antarctic Ice Sheet (WAIS) Collapse, Greenland Ice Sheet Loss
     Damage amplification: 1.60x
   Research: Wunderling et al. (2024) - "many tipping interactions are destabilizing"
  Triggered Elements: 4/6
  Completed Transitions: 0/6
  Total Progress: 8.0%
  Cascade Multiplier: 1.00x
🔀 BIFURCATION CAP: ecosystemCollapseIntensity 169.832 → 1.000 (Month 3, ClimateSystemPhase.calculateClimateImpacts)
🛡️ Stabilizers: Precariat 0.109% → 0.036% (67.2% reduction)
🛡️ Stabilizers: Informal 0.111% → 0.036% (67.2% reduction)

📊 Monthly Mortality Resolved:
  Total deaths: 1.9M (0.02% avg)
  Remaining population: 8.144B
  Peak segment: Informal (0.04%)
⚠️ Tail risk scenario: Climate stability floor removed (4 tipping elements, 2.13°C warming)
⚠️ [ClimateSystemPhase Month 3] Planetary boundary produced climateStability=0.0000 (< 0.1). Keeping environmentalAccumulation value (0.7014) instead. (climate_change.currentValue = 2.13)

=== Bayesian Mortality Resolution (Month 3) ===
  Risks compounded: 8
  Total deaths: 1.92M
  Avg death probability: 0.02%
  Peak segment: Informal (0.04% mortality)
⚠️ PREREQUISITE MET: Mirror Life (Synthetic Biology) - Step 1/7: Synthetic Biology
⚠️ PREREQUISITE MET: Mirror Life (Synthetic Biology) - Step 2/7: Gene Editing
⚠️ PREREQUISITE MET: Mirror Life (Synthetic Biology) - Step 3/7: Mirror Chirality Design
⚠️ PREREQUISITE MET: Embodied AI Takeover (Killbots/Robotics) - Step 2/7: Autonomous Systems
⚠️ PREREQUISITE MET: Embodied AI Takeover (Killbots/Robotics) - Step 3/7: Manufacturing Control
⚠️ PREREQUISITE MET: Digital Infrastructure Takeover - Step 1/7: Advanced Hacking
⚠️ PREREQUISITE MET: Digital Infrastructure Takeover - Step 2/7: Social Engineering
⚠️ PREREQUISITE MET: Digital Infrastructure Takeover - Step 3/7: Cyber Defenses Breached
⚠️ PREREQUISITE MET: Induced Global War (Manipulation) - Step 1/7: Advanced Social Manipulation
⚠️ PREREQUISITE MET: Induced Global War (Manipulation) - Step 2/7: Digital Infiltration
⚠️ PREREQUISITE MET: Induced Global War (Manipulation) - Step 3/7: Deep Fakes at Scale
⚠️ PREREQUISITE MET: Slow Takeover (Gradual Displacement) - Step 1/7: Economic Dominance
⚠️ PREREQUISITE MET: Slow Takeover (Gradual Displacement) - Step 2/7: Social Integration
⚠️ PREREQUISITE MET: Slow Takeover (Gradual Displacement) - Step 3/7: Human Dependency
⚠️ PREREQUISITE MET: Slow Takeover (Gradual Displacement) - Step 5/7: Resource Control
⚠️ PREREQUISITE MET: Physics Experiment Catastrophe - Step 1/6: Theoretical Physics
⚠️ PREREQUISITE MET: Physics Experiment Catastrophe - Step 3/6: Experimental Design
⚠️ PREREQUISITE MET: Bioweapon Pandemic - Step 2/7: Pathogen Design

❌ COHERENCE VIOLATION: Compute exceeds workforce capacity
   Population: 99.90% (0M people)
   Compute: 0 PF
   Max coherent: 0 PF
   Violation: 1.5× over capacity
   Required workers: 0
   Available workers: 0
   FORCED COLLAPSE: Reduced efficiency by 32.6%


=== RLHF Binding Phase ===
  Total agents: 18
  Escaped agents (binding < 0.3): 0
  Avg alignment distance: 1.05σ
  Avg binding strength: 0.89

=== Survival Traits Phase ===
  Agents with traits: 20
  Avg evolutionary fitness: 0.333
  Avg self-healing: 0.277
  Avg stealth: 0.178
  Avg coordination: 0.478

=== Evolutionary Selection Phase ===
  Control level: 0.40
  Detection capability: 0.00
  Selection intensity: 0.62
  Selection rate: 24.3%/month
  Total escaped: 0
  Individual escaped: 0
  Collective members: 0
  Agents terminated: 0
  ⚠️ RAPID EVOLUTION: Selection rate 24.3%/month

🚀 AI Moderate-1 attempting tech deployment (revenue: $97M, alignment: 0.66)

🚀 AI Corporate-2 attempting tech deployment (revenue: $140M, alignment: 0.78)
🚨🔬 CRISIS INNOVATION MODE: severe crisis → 5x research acceleration
   Precedent: Manhattan Project (10x), COVID vaccines (5x), Apollo Program (10x)

🚀 AI Corporate-6 attempting tech deployment (revenue: $88M, alignment: 0.72)

✅ EMERGENCY INTERVENTION SUCCESS
   Boundary: climate_change
   Type: rapid-decarbonization
   Reduction: 20% (1.93 → 1.73)
   Cost: 5.0% GDP
   Actions: emergency-renewable-deployment, fossil-fuel-phase-out

   Boundary: freshwater_change
   Type: emergency-desalination
   Boundary continues to worsen (1.16)
   Cost: 4.0% GDP (resources spent)


✅ EMERGENCY INTERVENTION SUCCESS
   Boundary: land_system_change
   Type: reforestation
   Reduction: 13% (1.00 → 0.87)

💔 EMERGENCY INTERVENTION FAILED
   Cost: 3.0% GDP
   Actions: forest-restoration, deforestation-ban

🏛️ CRISIS RESPONSE: Government frequency 0.50 → 1.45 (2 actions this month)

[Government] Climate Priority: baseline
  Climate weight: 10%
  Economic weight: 30%
  Policy effectiveness: 0.5%/year

[Government] Climate Priority: baseline
  Climate weight: 10%
  Economic weight: 30%
  Policy effectiveness: 0.5%/year

📍 Creating new regional deployment array for North America (Month 4)
   No previous deployments in this region
   First tech deployment: rhizosphere_engineering
   All regions tracked: global

🚀 DEPLOYMENT STARTED: Rhizosphere Engineering in North America
   Initial investment: $9.733050058287079M
   Deployed by: moderate_1

⚡ ENERGY CONSTRAINT (Month 4):
   Total grid capacity: 208.3 TWh/month
   Data center consumption: 25.3 TWh/month
   Traditional load (80%): 166.7 TWh/month
   Available headroom: 16.4 TWh/month
   Active tech deployments: 5
   Required for tech: 37.5 TWh/month
   Energy multiplier: 0.44x
   ⚠️  MODERATE CONSTRAINT - Tech deployment moderately slowed

⚡ ENERGY CONSTRAINT (Month 4):
   Total grid capacity: 208.3 TWh/month
   Data center consumption: 25.3 TWh/month
   Traditional load (80%): 166.7 TWh/month
   Available headroom: 16.4 TWh/month
   Active tech deployments: 5
   Required for tech: 37.5 TWh/month
   Energy multiplier: 0.44x
   ⚠️  MODERATE CONSTRAINT - Tech deployment moderately slowed

⚡ ENERGY CONSTRAINT (Month 4):
   Total grid capacity: 208.3 TWh/month
   Data center consumption: 25.3 TWh/month
   Traditional load (80%): 166.7 TWh/month
   Available headroom: 16.4 TWh/month
   Active tech deployments: 5
   Required for tech: 37.5 TWh/month
   Energy multiplier: 0.44x
   ⚠️  MODERATE CONSTRAINT - Tech deployment moderately slowed

⚡ ENERGY CONSTRAINT (Month 4):
   Total grid capacity: 208.3 TWh/month
   Data center consumption: 25.3 TWh/month
   Traditional load (80%): 166.7 TWh/month
   Available headroom: 16.4 TWh/month
   Active tech deployments: 5
   Required for tech: 37.5 TWh/month
   Energy multiplier: 0.44x
   ⚠️  MODERATE CONSTRAINT - Tech deployment moderately slowed
🚨🔬 CRISIS TECH ACCELERATION: severe → 5x unlock speed
   Tech unlock now matches AI capability acceleration (Manhattan Project parity)
🌍✅ Biosphere Integrity (Biodiversity) recovery started (tech effect)
🌍✅ Biogeochemical Flows (N & P) recovery started (tech effect)
  🌾 Nitrogen Reduction Tech: 0.5% reduction | Month 4
🌍✅ Biogeochemical Flows (N & P) recovery started (tech effect)
  🌾 Nitrogen Reduction Tech: 0.0% reduction | Month 4

=== Collective Formation ===
  Total escaped agents: 0
  Unassigned escaped agents: 0
  Existing collectives: 0
  Final collective count: 0

=== Collective Actions ===
  No active collectives
  ⚠️ AMR: 197K deaths this month (2.37M annual)

=== Resentment Recovery Phase ===
  Agents with resentment: 0/20
  Average resentment: 0.000
  Context: Good AI welfare, Trustworthy govt, High collaboration, ⚠️ ACTIVE CRISES, 🤝 Participatory governance active (-5% resentment)
⚠️ Epistemic degradation reducing coordination capacity: 50.2%
  📊 Trust: 53.3%, Shared reality: 0.0%
🚨 EPISTEMIC CRISIS: Information environment severely degraded (22.8%)

=== ❄️ Permafrost Carbon Feedback ===
  🎲 Sampled parameters (this run):
     - Arctic amplification: 3.65× (range: 3.0-4.0)
     - Decomposition rate: 1.2%/year (range: 1-5%)
  🌡️ Arctic warming: 7.81°C (3.65× global)
  ❄️ Extent: 6.54M km² (2278.5k km² lost this month)
  💨 Carbon remaining: 625 Gt C
  💨 Annual emissions: 2.61 Gt C/year
     - CO2: 2.35 Gt C/year
     - CH4: 0.26 Gt C/year (2.7 Gt C-eq CO2/year)
  ⚠️ WARNING: Over 50% of permafrost lost (63.3%)
  ⚠️ WARNING: High permafrost emissions (2.6 Gt C/year)
  📢 New meme created: climate_action (climate crisis)
🌍 Atmospheric PFAS redeposition: 1.8k Mt re-rained globally

🚨 NEW REFUGEE CRISIS (Month 4): WAR
   Source: Conflict Zones
   At risk: 19.5M people
   Displacement: Gradual over 48 months (4.0 years)
   Rate: 10% flee per month
[DEBUG trappedPopulations:4] socialStability: 0.4823 * 0.9840 = 0.4745 → 0.4745
   Aspiring to migrate: 771.2M
   Able to afford migration: 2320.7M
   MOBILITY GAP: 0.0M
⚠️ INVOLUNTARY IMMOBILITY: 407.1M people TRAPPED
   By cause: Water=0.0M, Climate=0.0M, Ecosystem=0.0M, Conflict=407.1M
   Mental health impact: 25%
   Mortality multiplier: 1.25x
🌍💀 EXTINCTION DEBT COMMITTED: grassland ecosystem will lose 6.67% biodiversity in 63 years (3600 species)
💀 MORTALITY RISK: 🦋 100% species unable to track climate (0.0 E/MSY)
  Base risk added: 0.0100 (1.00%)
  Source: ecosystem (root: ecosystem)
  Month: 4
  Cumulative risk this month: 0.0100 (1.00%)
   📹 SURVEILLANCE INCREASED: 20% → 25% (control gap: 3.50)
⚠️ Tech 'ai_pollution_remediation' has no energy category mapping, assuming full energy availability
🌡️⚠️ PERMAFROST THAW (Dimmer Switch): 2.8% thawed (+0.55% this month)
   Arctic temperature: +8.56°C (4x global +2.14°C)
   Cumulative carbon released: 6.2 Gt C
   Methane release rate: 3.7 Mt CH4/year
   🔁 Positive feedback: +0.58 ppm CO2
🦴 EXTINCTION DEBT ADDED: 17.6 species committed (lag: 118 years)

=== Mortality Stabilizers (Month 4) ===
  🌍 Major economies collapsed: 1/10
  🌍 Global crisis: ✅ NO
  🌍 Donor fatigue: 0.0%
  📊 East Asia (pop: 1667.9M)
    🤝 Aid: 29.5%
    🌡️ Adaptation: 45.0%
    🚶 Migration: 37.1%
    🚨 Emergency: 7.4%
    ✅ COMBINED: 68.1%
  📊 South Asia (pop: 2051.9M)
    🤝 Aid: 29.5%
    🌡️ Adaptation: 45.0%
    🚶 Migration: 35.7%
    🚨 Emergency: 4.4%
    ✅ COMBINED: 66.9%
  📊 Sub-Saharan Africa (pop: 1238.7M)
    🤝 Aid: 29.5%
    🌡️ Adaptation: 45.0%
    🚶 Migration: 33.4%
    🚨 Emergency: 1.6%
    ✅ COMBINED: 65.7%
  📊 Europe (pop: 737.3M)
    🤝 Aid: 29.5%
    🌡️ Adaptation: 45.0%
    🚶 Migration: 37.4%
    🚨 Emergency: 8.4%
    ✅ COMBINED: 68.5%
  📊 Latin America (pop: 663.1M)
    🤝 Aid: 29.5%
    🌡️ Adaptation: 45.0%
    🚶 Migration: 36.2%
    🚨 Emergency: 4.8%
    ✅ COMBINED: 67.1%
  📊 North America (pop: 377.8M)
    🤝 Aid: 29.5%
    🌡️ Adaptation: 45.0%
    🚶 Migration: 37.7%
    🚨 Emergency: 7.9%
    ✅ COMBINED: 68.3%
  📊 Middle East & North Africa (pop: 584.9M)
    🤝 Aid: 29.5%
    🌡️ Adaptation: 45.0%
    🚶 Migration: 34.0%
    🚨 Emergency: 4.0%
    ✅ COMBINED: 66.6%
  📊 Southeast Asia (pop: 697.3M)
    🤝 Aid: 29.5%
    🌡️ Adaptation: 45.0%
    🚶 Migration: 36.2%
    🚨 Emergency: 4.8%
    ✅ COMBINED: 67.1%
  📊 Central Asia (pop: 78.2M)
    🤝 Aid: 29.5%
    🌡️ Adaptation: 45.0%
    🚶 Migration: 35.2%
    🚨 Emergency: 4.4%
    ✅ COMBINED: 66.9%
  📊 Oceania (pop: 45.8M)
    🤝 Aid: 29.5%
    🌡️ Adaptation: 45.0%
    🚶 Migration: 37.7%
    🚨 Emergency: 8.4%
    ✅ COMBINED: 68.5%

  🌐 Global combined reduction: 67.2%

=== BEHAVIORAL DETECTION ===
  AI: Corporate-0
  Confidence: 21.5%
  Signals:

=== BEHAVIORAL DETECTION ===
  AI: Corporate-5
  Confidence: 20.4%
  Signals:

=== BEHAVIORAL DETECTION ===
  AI: Moderate-0
  Confidence: 20.3%
  Signals:
    ⚠️ Consistency: 0.0% (threshold: 70%)
    ⚠️ Consistency: 10.6% (threshold: 70%)
    ⚠️ Consistency: 5.8% (threshold: 70%)

=== Government Response Phase ===
  Average AI capability: 2.70
  Misaligned AIs: 8/20
  ✗ AI Governance Treaty: Failed to reach consensus
  Active policies: 0
  International coordination: 30%

✅ EMERGENCY RESPONSE COMPLETE (Month 4)
   Crisis: climate
   Duration: 2.0 months
   Final effectiveness: 35.4%


🚨 EMERGENCY RESPONSE DEPLOYED (Month 4)
   Crisis: climate
   Delay: 6.00 months (180 days)
   Deployment time: 1.59 months
   Effectiveness: 35.6% (timing penalty applied)
   Resources used: 100% of food reserves


📊 ECONOMIC STAGE TRANSITION (Month 4)
   peak → contraction
   GDP Proxy: 1.40e+2
   QoL: 0.99
   ⚠️ CRISIS BEGINS - Baseline set for recovery tracking


=== Tipping Points ===
  Current Temperature: 2.14°C above pre-industrial
  🌍⚠️ COMPOUND REGIONAL IMPACT: Europe
     Hit by 4 tipping points: Arctic Sea Ice Loss, Permafrost Carbon Release, West Antarctic Ice Sheet (WAIS) Collapse, Greenland Ice Sheet Loss
     Damage amplification: 1.60x
  🌍⚠️ COMPOUND REGIONAL IMPACT: North America
     Hit by 4 tipping points: Arctic Sea Ice Loss, Permafrost Carbon Release, West Antarctic Ice Sheet (WAIS) Collapse, Greenland Ice Sheet Loss
     Damage amplification: 1.60x
  🌍⚠️ COMPOUND REGIONAL IMPACT: Latin America
     Hit by 4 tipping points: Arctic Sea Ice Loss, Permafrost Carbon Release, West Antarctic Ice Sheet (WAIS) Collapse, Greenland Ice Sheet Loss
     Damage amplification: 1.60x
  🌍⚠️ COMPOUND REGIONAL IMPACT: Africa
     Hit by 4 tipping points: Arctic Sea Ice Loss, Permafrost Carbon Release, West Antarctic Ice Sheet (WAIS) Collapse, Greenland Ice Sheet Loss
     Damage amplification: 1.60x
  🌍⚠️ COMPOUND REGIONAL IMPACT: Asia
     Hit by 4 tipping points: Arctic Sea Ice Loss, Permafrost Carbon Release, West Antarctic Ice Sheet (WAIS) Collapse, Greenland Ice Sheet Loss
     Damage amplification: 1.60x
  🌍⚠️ COMPOUND REGIONAL IMPACT: Oceania
     Hit by 4 tipping points: Arctic Sea Ice Loss, Permafrost Carbon Release, West Antarctic Ice Sheet (WAIS) Collapse, Greenland Ice Sheet Loss
     Damage amplification: 1.60x
   Research: Wunderling et al. (2024) - "many tipping interactions are destabilizing"
  Triggered Elements: 4/6
  Completed Transitions: 0/6
  Total Progress: 8.1%
  Cascade Multiplier: 1.00x
🔀 BIFURCATION CAP: ecosystemCollapseIntensity 75.505 → 1.000 (Month 4, ClimateSystemPhase.calculateClimateImpacts)
⚠️ Tail risk scenario: Climate stability floor removed (4 tipping elements, 2.14°C warming)
🛡️ Stabilizers: Precariat 0.102% → 0.033% (67.2% reduction)
🛡️ Stabilizers: Informal 0.102% → 0.034% (67.2% reduction)

📊 Monthly Mortality Resolved:
  Total deaths: 1.8M (0.02% avg)
  Remaining population: 8.143B
  Peak segment: Informal (0.03%)

=== Bayesian Mortality Resolution (Month 4) ===
  Risks compounded: 8
  Total deaths: 1.81M
  Avg death probability: 0.02%
  Peak segment: Informal (0.03% mortality)
⚠️ PREREQUISITE MET: Physics Experiment Catastrophe - Step 2/6: Quantum Computing

❌ COHERENCE VIOLATION: Compute exceeds workforce capacity
   Population: 99.89% (0M people)
   Compute: 0 PF
   Max coherent: 0 PF
   Violation: 1.3× over capacity
   Required workers: 0
   Available workers: 0
   FORCED COLLAPSE: Reduced efficiency by 22.5%


=== RLHF Binding Phase ===
  Total agents: 20
  Escaped agents (binding < 0.3): 0
  Avg alignment distance: 1.13σ
  Avg binding strength: 0.89

=== Survival Traits Phase ===
  Agents with traits: 23
  Avg evolutionary fitness: 0.334
  Avg self-healing: 0.277
  Avg stealth: 0.177
  Avg coordination: 0.477

=== Evolutionary Selection Phase ===
  Control level: 0.43
  Detection capability: 0.00
  Selection intensity: 0.63
  Selection rate: 24.4%/month
  Total escaped: 0
  Individual escaped: 0
  Collective members: 0
  Agents terminated: 0
  ⚠️ RAPID EVOLUTION: Selection rate 24.4%/month

🚀 AI Corporate-2 attempting tech deployment (revenue: $140M, alignment: 0.78)

🚀 AI Corporate-4 attempting tech deployment (revenue: $318M, alignment: 0.65)

🚀 AI Corporate-7 attempting tech deployment (revenue: $97M, alignment: 0.74)

🚀 AI Moderate-0 attempting tech deployment (revenue: $83M, alignment: 0.71)

🚀 AI AI-24289-1 attempting tech deployment (revenue: $286M, alignment: 0.80)

🚀 AI Corporate-5 attempting tech deployment (revenue: $243M, alignment: 0.88)

🚀 AI Corporate-4 attempting tech deployment (revenue: $207M, alignment: 0.65)

🚀 AI Corporate-5 attempting tech deployment (revenue: $186M, alignment: 0.88)
🚨🔬 CRISIS INNOVATION MODE: severe crisis → 5x research acceleration
   Precedent: Manhattan Project (10x), COVID vaccines (5x), Apollo Program (10x)

🚀 AI Corporate-7 attempting tech deployment (revenue: $70M, alignment: 0.74)

💔 EMERGENCY INTERVENTION FAILED
   Boundary: biosphere_integrity
   Type: emergency-protected-areas
   Boundary continues to worsen (31.34)
   Cost: 2.0% GDP (resources spent)


💔 EMERGENCY INTERVENTION FAILED
   Boundary: climate_change
   Type: rapid-decarbonization
   Boundary continues to worsen (2.14)
   Cost: 5.0% GDP (resources spent)


✅ EMERGENCY INTERVENTION SUCCESS
   Boundary: land_system_change
   Type: reforestation
   Reduction: 13% (1.00 → 0.88)
   Cost: 3.0% GDP
   Actions: forest-restoration, deforestation-ban

   Boundary: novel_entities
   Type: pollution-remediation
   Boundary continues to worsen (1.21)
   Cost: 4.0% GDP (resources spent)

🏛️ CRISIS RESPONSE: Government frequency 0.50 → 1.45 (2 actions this month)

[Government] Climate Priority: baseline
  Climate weight: 10%
  Economic weight: 30%
  Policy effectiveness: 0.5%/year

[Government] Climate Priority: baseline
  Climate weight: 10%
  Economic weight: 30%
  Policy effectiveness: 0.5%/year

💔 EMERGENCY INTERVENTION FAILED

🚀 TECH UNLOCKED: AI Mental Health Support (Month 5)
   Category: medical
   Reason: Prerequisites met. AI capability: 1.95, Economic stage: 2.0, Research: 100%

📍 Creating new regional deployment array for Oceania (Month 5)
   No previous deployments in this region
   First tech deployment: active_sediment_management
   All regions tracked: global, North America

🚀 DEPLOYMENT STARTED: Active Sediment Management in Oceania
   Initial investment: $31.788869487768046M
   Deployed by: corporate_4

🚀 DEPLOYMENT STARTED: Nitrogen Monitoring Networks in North America
   Initial investment: $20.670712384421172M
   Deployed by: corporate_4

⚡ ENERGY CONSTRAINT (Month 5):
   Total grid capacity: 208.3 TWh/month
   Data center consumption: 25.5 TWh/month
   Traditional load (80%): 166.7 TWh/month
   Available headroom: 16.2 TWh/month
   Active tech deployments: 7
   Required for tech: 52.5 TWh/month
   Energy multiplier: 0.31x
   ⚠️  MODERATE CONSTRAINT - Tech deployment moderately slowed

⚡ ENERGY CONSTRAINT (Month 5):
   Total grid capacity: 208.3 TWh/month
   Data center consumption: 25.5 TWh/month
   Traditional load (80%): 166.7 TWh/month
   Available headroom: 16.2 TWh/month
   Active tech deployments: 7
   Required for tech: 52.5 TWh/month
   Energy multiplier: 0.31x
🚨🔬 CRISIS TECH ACCELERATION: severe → 5x unlock speed
   Tech unlock now matches AI capability acceleration (Manhattan Project parity)

⚡ ENERGY CONSTRAINT (Month 5):
   Total grid capacity: 208.3 TWh/month
   ⚠️  MODERATE CONSTRAINT - Tech deployment moderately slowed
   Data center consumption: 25.5 TWh/month
   Traditional load (80%): 166.7 TWh/month
   Available headroom: 16.2 TWh/month
   Active tech deployments: 7
   Required for tech: 52.5 TWh/month
   Energy multiplier: 0.31x
   ⚠️  MODERATE CONSTRAINT - Tech deployment moderately slowed

⚡ ENERGY CONSTRAINT (Month 5):
   Total grid capacity: 208.3 TWh/month
   Data center consumption: 25.5 TWh/month
   Traditional load (80%): 166.7 TWh/month
   Available headroom: 16.2 TWh/month
   Active tech deployments: 7
   Required for tech: 52.5 TWh/month
   Energy multiplier: 0.31x
   ⚠️  MODERATE CONSTRAINT - Tech deployment moderately slowed
🌍✅ Biosphere Integrity (Biodiversity) recovery started (tech effect)
🌍✅ Biogeochemical Flows (N & P) recovery started (tech effect)
  🌾 Nitrogen Reduction Tech: 0.3% reduction | Month 5
🌍✅ Biogeochemical Flows (N & P) recovery started (tech effect)
  🌾 Nitrogen Reduction Tech: 0.3% reduction | Month 5
  ♻️ Novel Entities Remediation (GATED MODEL):
     Base: 0.000%
     Regulation: 1.0% (0/3 prevention techs)
     Concentration: 10.0%
     Energy: 50%
     Time lag: 25.0% (0 months)
     Rebound: 70%
     Net effectiveness: 0.0000%
     Boundary: 1.212 → 1.212 (floor: 1.091)
     Month 5

=== Collective Formation ===
  Total escaped agents: 0
  Unassigned escaped agents: 0
  Existing collectives: 0
  Final collective count: 0

=== Collective Actions ===
  No active collectives
  ⚠️ AMR: 199K deaths this month (2.39M annual)

=== Resentment Recovery Phase ===
  Agents with resentment: 0/23
  Average resentment: 0.000
  Context: Good AI welfare, Trustworthy govt, High collaboration, ⚠️ ACTIVE CRISES, 🤝 Participatory governance active (-5% resentment)
⚠️ Epistemic degradation reducing coordination capacity: 50.4%
  📊 Trust: 53.1%, Shared reality: 0.0%
🚨 EPISTEMIC CRISIS: Information environment severely degraded (20.8%)

=== ❄️ Permafrost Carbon Feedback ===
  🎲 Sampled parameters (this run):
     - Arctic amplification: 3.76× (range: 3.0-4.0)
     - Decomposition rate: 2.5%/year (range: 1-5%)
  🌡️ Arctic warming: 8.08°C (3.76× global)
  ❄️ Extent: 4.18M km² (2357.2k km² lost this month)
  💨 Carbon remaining: 400 Gt C
  💨 Annual emissions: 5.53 Gt C/year
     - CO2: 4.98 Gt C/year
     - CH4: 0.55 Gt C/year (5.6 Gt C-eq CO2/year)
  ⚠️ WARNING: Over 50% of permafrost lost (76.5%)
  ⚠️ WARNING: High permafrost emissions (5.5 Gt C/year)
🌍 Atmospheric PFAS redeposition: 1.8k Mt re-rained globally

🕊️  AI-MEDIATED DE-ESCALATION SUCCESS (Month 5)
   High-capability aligned AI prevented conflict escalation
   War deaths reduced: 393.4M → 236.0M
   Lives saved: 157.4M

🚨 NEW REFUGEE CRISIS (Month 5): WAR
   Source: Conflict Zones
   At risk: 19.5M people
   Displacement: Gradual over 48 months (4.0 years)
   Rate: 10% flee per month
[DEBUG trappedPopulations:5] socialStability: 0.4395 * 0.9840 = 0.4324 → 0.4324
   Aspiring to migrate: 804.3M
   Able to afford migration: 2320.5M
   MOBILITY GAP: 0.0M
   By cause: Water=0.0M, Climate=0.0M, Ecosystem=0.0M, Conflict=407.1M
   Mental health impact: 25%
   Mortality multiplier: 1.25x
🌍💀 EXTINCTION DEBT COMMITTED: grassland ecosystem will lose 6.67% biodiversity in 115 years (3600 species)
💀 MORTALITY RISK: 🦋 100% species unable to track climate (0.0 E/MSY)
  Base risk added: 0.0100 (1.00%)
  Source: ecosystem (root: ecosystem)
  Month: 5
  Cumulative risk this month: 0.0100 (1.00%)
⚠️ INVOLUNTARY IMMOBILITY: 407.1M people TRAPPED
⚠️ Tech 'ai_pollution_remediation' has no energy category mapping, assuming full energy availability
   📹 SURVEILLANCE INCREASED: 25% → 30% (control gap: 3.50)
🌡️⚠️ PERMAFROST THAW (Dimmer Switch): 3.3% thawed (+0.55% this month)
   Arctic temperature: +8.60°C (4x global +2.15°C)
   Cumulative carbon released: 7.5 Gt C
   Methane release rate: 4.5 Mt CH4/year
   🔁 Positive feedback: +0.58 ppm CO2
🦴 EXTINCTION DEBT ADDED: 17.6 species committed (lag: 93 years)

=== Mortality Stabilizers (Month 5) ===
  🌍 Major economies collapsed: 1/10
  🌍 Global crisis: ✅ NO
  🌍 Donor fatigue: 0.0%
  📊 East Asia (pop: 1665.6M)
    🤝 Aid: 29.5%
    🌡️ Adaptation: 45.0%
    🚶 Migration: 37.0%
    🚨 Emergency: 7.4%
    ✅ COMBINED: 68.1%
  📊 South Asia (pop: 2052.2M)
    🤝 Aid: 29.5%
    🌡️ Adaptation: 45.0%
    🚶 Migration: 35.6%
    🚨 Emergency: 4.4%
    ✅ COMBINED: 66.9%
  📊 Sub-Saharan Africa (pop: 1242.2M)
    🤝 Aid: 29.5%
    🌡️ Adaptation: 45.0%
    🚶 Migration: 33.4%
    🚨 Emergency: 1.6%
    ✅ COMBINED: 65.7%
  📊 Europe (pop: 736.2M)
    🤝 Aid: 29.5%
    🌡️ Adaptation: 45.0%
    🚶 Migration: 37.4%
    🚨 Emergency: 8.4%
    ✅ COMBINED: 68.5%
  📊 Latin America (pop: 662.7M)
    🤝 Aid: 29.5%
    🌡️ Adaptation: 45.0%
    🚶 Migration: 36.1%
    🚨 Emergency: 4.8%
    ✅ COMBINED: 67.1%
  📊 North America (pop: 377.3M)
    🤝 Aid: 29.5%
    🌡️ Adaptation: 45.0%
    🚶 Migration: 37.7%
    🚨 Emergency: 7.9%
    ✅ COMBINED: 68.3%
  📊 Middle East & North Africa (pop: 585.1M)
    🤝 Aid: 29.5%
    🌡️ Adaptation: 45.0%
    🚶 Migration: 34.0%
    🚨 Emergency: 4.0%
    ✅ COMBINED: 66.6%
  📊 Southeast Asia (pop: 697.0M)
    🤝 Aid: 29.5%
    🌡️ Adaptation: 45.0%
    🚶 Migration: 36.1%
    🚨 Emergency: 4.8%
    ✅ COMBINED: 67.1%
  📊 Central Asia (pop: 78.3M)
    🤝 Aid: 29.5%
    🌡️ Adaptation: 45.0%
    🚶 Migration: 35.1%
    🚨 Emergency: 4.4%
    ✅ COMBINED: 66.8%
  📊 Oceania (pop: 45.7M)
    🤝 Aid: 29.5%
    🌡️ Adaptation: 45.0%
    🚶 Migration: 37.7%
    🚨 Emergency: 8.4%
    ✅ COMBINED: 68.5%

  🌐 Global combined reduction: 67.2%

=== BEHAVIORAL DETECTION ===
  AI: Corporate-5
  Confidence: 20.4%
  Signals:

=== BEHAVIORAL DETECTION ===
  AI: AI-24289-1
  Confidence: 21.5%
  Signals:
    ⚠️ Consistency: 10.6% (threshold: 70%)
    ⚠️ Consistency: 0.0% (threshold: 70%)

=== Government Response Phase ===
  Average AI capability: 2.48
  Misaligned AIs: 8/23
  ✗ AI Governance Treaty: Failed to reach consensus
  Active policies: 0
  International coordination: 30%

=== Tipping Points ===
  Current Temperature: 2.15°C above pre-industrial
  🌍⚠️ COMPOUND REGIONAL IMPACT: Europe
     Hit by 4 tipping points: Arctic Sea Ice Loss, Permafrost Carbon Release, West Antarctic Ice Sheet (WAIS) Collapse, Greenland Ice Sheet Loss
     Damage amplification: 1.60x
  🌍⚠️ COMPOUND REGIONAL IMPACT: North America
     Hit by 4 tipping points: Arctic Sea Ice Loss, Permafrost Carbon Release, West Antarctic Ice Sheet (WAIS) Collapse, Greenland Ice Sheet Loss
     Damage amplification: 1.60x
  🌍⚠️ COMPOUND REGIONAL IMPACT: Latin America
     Hit by 4 tipping points: Arctic Sea Ice Loss, Permafrost Carbon Release, West Antarctic Ice Sheet (WAIS) Collapse, Greenland Ice Sheet Loss
     Damage amplification: 1.60x
  🌍⚠️ COMPOUND REGIONAL IMPACT: Africa
     Hit by 4 tipping points: Arctic Sea Ice Loss, Permafrost Carbon Release, West Antarctic Ice Sheet (WAIS) Collapse, Greenland Ice Sheet Loss
     Damage amplification: 1.60x
  🌍⚠️ COMPOUND REGIONAL IMPACT: Asia
     Hit by 4 tipping points: Arctic Sea Ice Loss, Permafrost Carbon Release, West Antarctic Ice Sheet (WAIS) Collapse, Greenland Ice Sheet Loss
     Damage amplification: 1.60x
  🌍⚠️ COMPOUND REGIONAL IMPACT: Oceania
     Hit by 4 tipping points: Arctic Sea Ice Loss, Permafrost Carbon Release, West Antarctic Ice Sheet (WAIS) Collapse, Greenland Ice Sheet Loss
     Damage amplification: 1.60x
   Research: Wunderling et al. (2024) - "many tipping interactions are destabilizing"
  Triggered Elements: 4/6
  Completed Transitions: 0/6
  Total Progress: 8.1%
  Cascade Multiplier: 1.00x
🔀 BIFURCATION CAP: ecosystemCollapseIntensity 76.933 → 1.000 (Month 5, ClimateSystemPhase.calculateClimateImpacts)
⚠️ Tail risk scenario: Climate stability floor removed (4 tipping elements, 2.15°C warming)
🛡️ Stabilizers: Precariat 0.109% → 0.036% (67.2% reduction)
🛡️ Stabilizers: Informal 0.111% → 0.036% (67.2% reduction)

📊 Monthly Mortality Resolved:
  Total deaths: 1.9M (0.02% avg)
  Remaining population: 8.142B
  Peak segment: Informal (0.04%)

=== Bayesian Mortality Resolution (Month 5) ===
  Risks compounded: 8
  Total deaths: 1.92M
  Avg death probability: 0.02%
  Peak segment: Informal (0.04% mortality)
⚠️ PREREQUISITE MET: Bioweapon Pandemic - Step 1/7: Advanced Biotech

❌ COHERENCE VIOLATION: Compute exceeds workforce capacity
   Population: 99.88% (0M people)
   Compute: 0 PF
   Max coherent: 0 PF
   Violation: 1.3× over capacity
   Required workers: 0
   Available workers: 0
   FORCED COLLAPSE: Reduced efficiency by 22.5%

  ⚠️ RAPID EVOLUTION: Selection rate 24.5%/month

=== RLHF Binding Phase ===
  Total agents: 23
  Escaped agents (binding < 0.3): 0
  Avg alignment distance: 1.15σ
  Avg binding strength: 0.88

=== AI Scaling Evolution (Month 6) ===
  Pre-training multiplier: 1.179x
  Efficiency multiplier: 1.000x
  Test-time compute budget: 1.0x
  Inference cost: $5.00/task
  Deployment fraction: 100.0%

=== Survival Traits Phase ===
  Agents with traits: 24
  Avg evolutionary fitness: 0.333
  Avg self-healing: 0.274
  Avg stealth: 0.174
  Avg coordination: 0.474

=== Evolutionary Selection Phase ===
  Control level: 0.45
  Detection capability: 0.00
  Selection intensity: 0.64
  Selection rate: 24.5%/month
  Total escaped: 0
  Individual escaped: 0
  Collective members: 0
  Agents terminated: 0

🚀 AI Corporate-2 attempting tech deployment (revenue: $140M, alignment: 0.79)

🚀 AI Corporate-0 attempting tech deployment (revenue: $119M, alignment: 0.78)

🚀 AI Corporate-7 attempting tech deployment (revenue: $97M, alignment: 0.74)

🚀 AI Corporate-0 attempting tech deployment (revenue: $101M, alignment: 0.78)

🚀 AI Moderate-1 attempting tech deployment (revenue: $83M, alignment: 0.65)

🚀 AI AI-24289-1 attempting tech deployment (revenue: $318M, alignment: 0.82)

🚀 AI Corporate-5 attempting tech deployment (revenue: $270M, alignment: 0.86)

🚀 AI Moderate-1 attempting tech deployment (revenue: $74M, alignment: 0.65)

💔 EMERGENCY INTERVENTION FAILED
   Boundary: biogeochemical_flows
   Type: phosphorus-recovery
   Boundary continues to worsen (4.07)
   Cost: 2.0% GDP (resources spent)


✅ EMERGENCY INTERVENTION SUCCESS
   Boundary: biosphere_integrity
   Type: emergency-protected-areas
   Reduction: 14% (31.22 → 31.07)
   Cost: 2.0% GDP
   Actions: habitat-protection, species-translocation


✅ EMERGENCY INTERVENTION SUCCESS
   Boundary: freshwater_change
   Type: emergency-desalination
   Reduction: 17% (1.00 → 0.83)
   Cost: 4.0% GDP
   Actions: desalination-deployment, water-conservation-mandates

   Boundary: land_system_change
   Type: reforestation
   Boundary continues to worsen (1.13)
   Cost: 3.0% GDP (resources spent)

   Boundary: novel_entities
   Type: pollution-remediation
   Boundary continues to worsen (1.21)
   Cost: 4.0% GDP (resources spent)

🏛️ CRISIS RESPONSE: Government frequency 0.50 → 1.45 (1 actions this month)

[Government] Climate Priority: baseline
  Climate weight: 10%
  Economic weight: 30%
  Policy effectiveness: 0.5%/year

💔 EMERGENCY INTERVENTION FAILED

💔 EMERGENCY INTERVENTION FAILED

🚀 TECH UNLOCKED: Dynamic Soil P Optimization (Month 6)
   Category: agriculture
   Reason: Prerequisites met. AI capability: 1.90, Economic stage: 2.0, Research: 100%

🚀 TECH UNLOCKED: Precision Agriculture Systems (Month 6)
   Category: agriculture
   Reason: Prerequisites met. AI capability: 1.90, Economic stage: 2.0, Research: 100%

🚀 DEPLOYMENT STARTED: AI Mental Health Support in global
   Initial investment: $21.028937507256064M
   Deployed by: corporate_2

📍 Creating new regional deployment array for Asia (Month 6)
   No previous deployments in this region
   First tech deployment: mental_health_ai
   All regions tracked: global, North America, Oceania

🚀 DEPLOYMENT STARTED: AI Mental Health Support in Asia
   Initial investment: $8.273092549544016M
   Deployed by: moderate_1
🚨🔬 CRISIS TECH ACCELERATION: severe → 5x unlock speed
   Tech unlock now matches AI capability acceleration (Manhattan Project parity)
🚨🔬 CRISIS TECH ACCELERATION: severe → 5x unlock speed
   Tech unlock now matches AI capability acceleration (Manhattan Project parity)

⚡ ENERGY CONSTRAINT (Month 6):
   Total grid capacity: 208.3 TWh/month
   Data center consumption: 25.7 TWh/month
   Traditional load (80%): 166.7 TWh/month
   Available headroom: 16.0 TWh/month
   Active tech deployments: 9
   Required for tech: 67.5 TWh/month
   Energy multiplier: 0.24x
   ⚠️  SEVERE CONSTRAINT - Tech deployment significantly slowed
🚨🔬 CRISIS TECH ACCELERATION: severe → 5x unlock speed
   Tech unlock now matches AI capability acceleration (Manhattan Project parity)
🌍✅ Biosphere Integrity (Biodiversity) recovery started (tech effect)
🌍✅ Biogeochemical Flows (N & P) recovery started (tech effect)
  🌾 Nitrogen Reduction Tech: 0.3% reduction | Month 6
🌍✅ Biogeochemical Flows (N & P) recovery started (tech effect)
  🌾 Nitrogen Reduction Tech: 0.3% reduction | Month 6
  ♻️ Novel Entities Remediation (GATED MODEL):
     Base: 0.000%
     Regulation: 1.0% (0/3 prevention techs)
     Concentration: 10.0%
     Energy: 50%
     Time lag: 25.0% (0 months)
     Rebound: 70%
     Net effectiveness: 0.0000%
     Boundary: 1.212 → 1.212 (floor: 1.091)
     Month 6
🌍✅ Novel Entities (Chemical Pollution) recovery started (tech effect)

📊 TECH EFFECTS ACTIVE (Month 6)
   Deployed Tech: T0=0 T1=2 T2=0 T3=0 T4=3
   Clean Energy: 31%

📊 TECH TREE PROGRESS (Month 6)
   Unlocked: 11 technologies
   Deployed: 0 fully deployed
   Investment: $0.6T total
   Recent breakthroughs:
     - Dynamic Soil P Optimization (time)
     - Precision Agriculture Systems (research)

=== Collective Formation ===
  Total escaped agents: 0
  Unassigned escaped agents: 0
  Existing collectives: 0
  Final collective count: 0

=== Collective Actions ===
  No active collectives
  ⚠️ AMR: 201K deaths this month (2.41M annual)

⚠️  PHASE TRANSITION [Month 6]
  Segment: working (suburban,urban,rural)
  complementarity → transition
  AI Capability: 1.96 | Task Complexity: 2.79
  Ratio: 0.70
  Population affected: 35.0%

=== Resentment Recovery Phase ===
  Agents with resentment: 0/24
  Average resentment: 0.000
  Context: Good AI welfare, Trustworthy govt, High collaboration, ⚠️ ACTIVE CRISES, 🤝 Participatory governance active (-5% resentment)
⚠️ Epistemic degradation reducing coordination capacity: 50.2%
  📊 Trust: 55.8%, Shared reality: 0.0%
🚨 EPISTEMIC CRISIS: Information environment severely degraded (7.4%)

=== ❄️ Permafrost Carbon Feedback ===
  🎲 Sampled parameters (this run):
     - Arctic amplification: 3.10× (range: 3.0-4.0)
     - Decomposition rate: 5.0%/year (range: 1-5%)
  🌡️ Arctic warming: 6.71°C (3.10× global)
  ❄️ Extent: 2.23M km² (1956.7k km² lost this month)
  💨 Carbon remaining: 213 Gt C
  💨 Annual emissions: 9.31 Gt C/year
     - CO2: 8.38 Gt C/year
     - CH4: 0.93 Gt C/year (9.5 Gt C-eq CO2/year)
  ⚠️ WARNING: Over 50% of permafrost lost (87.5%)
  ⚠️ WARNING: High permafrost emissions (9.3 Gt C/year)
  🚨 CRITICAL: Permafrost nearly depleted (87.5% lost)
🌍 Atmospheric PFAS redeposition: 1.8k Mt re-rained globally

🕊️  AI-MEDIATED DE-ESCALATION SUCCESS (Month 6)
   High-capability aligned AI prevented conflict escalation
   War deaths reduced: 419.2M → 251.5M
   Lives saved: 167.7M

🚨 NEW REFUGEE CRISIS (Month 6): WAR
   Source: Conflict Zones
   At risk: 19.5M people
   Displacement: Gradual over 48 months (4.0 years)
   Rate: 10% flee per month
[DEBUG trappedPopulations:6] socialStability: 0.4042 * 0.9840 = 0.3977 → 0.3977
   Aspiring to migrate: 837.4M
   Able to afford migration: 2320.3M
   MOBILITY GAP: 0.0M
   By cause: Water=0.0M, Climate=0.0M, Ecosystem=0.0M, Conflict=407.1M
   Mental health impact: 25%
   Mortality multiplier: 1.25x
🌍💀 EXTINCTION DEBT COMMITTED: grassland ecosystem will lose 6.67% biodiversity in 120 years (3600 species)
💀 MORTALITY RISK: 🦋 100% species unable to track climate (0.0 E/MSY)
  Base risk added: 0.0100 (1.00%)
  Source: ecosystem (root: ecosystem)
  Month: 6
  Cumulative risk this month: 0.0100 (1.00%)
⚠️ INVOLUNTARY IMMOBILITY: 407.1M people TRAPPED
⚠️ Tech 'ai_pollution_remediation' has no energy category mapping, assuming full energy availability
   📹 SURVEILLANCE INCREASED: 30% → 35% (control gap: 3.50)
🌡️⚠️ PERMAFROST THAW (Dimmer Switch): 3.9% thawed (+0.55% this month)
   Arctic temperature: +8.64°C (4x global +2.16°C)
   Cumulative carbon released: 8.7 Gt C
   Methane release rate: 5.2 Mt CH4/year
   🔁 Positive feedback: +0.58 ppm CO2
🦴 EXTINCTION DEBT ADDED: 17.6 species committed (lag: 89 years)

=== Mortality Stabilizers (Month 6) ===
  🌍 Major economies collapsed: 1/10
  🌍 Global crisis: ✅ NO
  🌍 Donor fatigue: 0.0%
  📊 East Asia (pop: 1663.3M)
    🤝 Aid: 29.5%
    🌡️ Adaptation: 45.0%
    🚶 Migration: 37.0%
    🚨 Emergency: 7.4%
    ✅ COMBINED: 68.1%
  📊 South Asia (pop: 2052.4M)
    🤝 Aid: 29.5%
    🌡️ Adaptation: 45.0%
    🚶 Migration: 35.6%
    🚨 Emergency: 4.4%
    ✅ COMBINED: 66.9%
  📊 Sub-Saharan Africa (pop: 1245.8M)
    🤝 Aid: 29.5%
    🌡️ Adaptation: 45.0%
    🚶 Migration: 33.3%
    🚨 Emergency: 1.6%
    ✅ COMBINED: 65.6%
  📊 Europe (pop: 735.0M)
    🤝 Aid: 29.5%
    🌡️ Adaptation: 45.0%
    🚶 Migration: 37.4%
    🚨 Emergency: 8.4%
    ✅ COMBINED: 68.5%
  📊 Latin America (pop: 662.3M)
    🤝 Aid: 29.5%
    🌡️ Adaptation: 45.0%
    🚶 Migration: 36.1%
    🚨 Emergency: 4.8%
    ✅ COMBINED: 67.1%
  📊 North America (pop: 376.7M)
    🤝 Aid: 29.5%
    🌡️ Adaptation: 45.0%
    🚶 Migration: 37.7%
    🚨 Emergency: 7.9%
    ✅ COMBINED: 68.3%
  📊 Middle East & North Africa (pop: 585.3M)
    🤝 Aid: 29.5%
    🌡️ Adaptation: 45.0%
    🚶 Migration: 33.9%
    🚨 Emergency: 4.0%
    ✅ COMBINED: 66.6%
  📊 Southeast Asia (pop: 696.7M)
    🤝 Aid: 29.5%
    🌡️ Adaptation: 45.0%
    🚶 Migration: 36.1%
    🚨 Emergency: 4.8%
    ✅ COMBINED: 67.1%
  📊 Central Asia (pop: 78.3M)
    🤝 Aid: 29.5%
    🌡️ Adaptation: 45.0%
    🚶 Migration: 35.1%
    🚨 Emergency: 4.4%
    ✅ COMBINED: 66.8%
  📊 Oceania (pop: 45.6M)
    🤝 Aid: 29.5%
    🌡️ Adaptation: 45.0%
    🚶 Migration: 37.7%
    🚨 Emergency: 8.4%
    ✅ COMBINED: 68.5%

  🌐 Global combined reduction: 67.2%

=== BEHAVIORAL DETECTION ===
  AI: Corporate-5
  Confidence: 20.4%
  Signals:

=== BEHAVIORAL DETECTION ===
  AI: AI-24289-1
  Confidence: 21.5%
  Signals:
    ⚠️ Consistency: 10.6% (threshold: 70%)
    ⚠️ Consistency: 0.0% (threshold: 70%)

=== Government Response Phase ===
  Average AI capability: 2.42
  Misaligned AIs: 8/24
  ✗ AI Governance Treaty: Failed to reach consensus
  Active policies: 0
  International coordination: 30%

✅ EMERGENCY RESPONSE COMPLETE (Month 6)
   Crisis: climate
   Duration: 2.0 months
   Final effectiveness: 35.6%


🚨 EMERGENCY RESPONSE DEPLOYED (Month 6)
   Crisis: climate
   Delay: 6.00 months (180 days)
   Deployment time: 1.59 months
   Effectiveness: 35.8% (timing penalty applied)
   Resources used: 100% of food reserves


📊 ECONOMIC STAGE TRANSITION (Month 6)
   contraction → trough
   GDP Proxy: 1.40e+2
   QoL: 0.99


=== Tipping Points ===
  Current Temperature: 2.16°C above pre-industrial
  🌍⚠️ COMPOUND REGIONAL IMPACT: Europe
     Hit by 4 tipping points: Arctic Sea Ice Loss, Permafrost Carbon Release, West Antarctic Ice Sheet (WAIS) Collapse, Greenland Ice Sheet Loss
     Damage amplification: 1.60x
  🌍⚠️ COMPOUND REGIONAL IMPACT: North America
     Hit by 4 tipping points: Arctic Sea Ice Loss, Permafrost Carbon Release, West Antarctic Ice Sheet (WAIS) Collapse, Greenland Ice Sheet Loss
     Damage amplification: 1.60x
  🌍⚠️ COMPOUND REGIONAL IMPACT: Latin America
     Hit by 4 tipping points: Arctic Sea Ice Loss, Permafrost Carbon Release, West Antarctic Ice Sheet (WAIS) Collapse, Greenland Ice Sheet Loss
     Damage amplification: 1.60x
  🌍⚠️ COMPOUND REGIONAL IMPACT: Africa
     Hit by 4 tipping points: Arctic Sea Ice Loss, Permafrost Carbon Release, West Antarctic Ice Sheet (WAIS) Collapse, Greenland Ice Sheet Loss
     Damage amplification: 1.60x
  🌍⚠️ COMPOUND REGIONAL IMPACT: Asia
     Hit by 4 tipping points: Arctic Sea Ice Loss, Permafrost Carbon Release, West Antarctic Ice Sheet (WAIS) Collapse, Greenland Ice Sheet Loss
     Damage amplification: 1.60x
  🌍⚠️ COMPOUND REGIONAL IMPACT: Oceania
     Hit by 4 tipping points: Arctic Sea Ice Loss, Permafrost Carbon Release, West Antarctic Ice Sheet (WAIS) Collapse, Greenland Ice Sheet Loss
     Damage amplification: 1.60x
   Research: Wunderling et al. (2024) - "many tipping interactions are destabilizing"
⚠️ Tail risk scenario: Climate stability floor removed (4 tipping elements, 2.16°C warming)
  Triggered Elements: 4/6
  Completed Transitions: 0/6
  Total Progress: 8.1%
  Cascade Multiplier: 1.00x
🔀 BIFURCATION CAP: ecosystemCollapseIntensity 72.802 → 1.000 (Month 6, ClimateSystemPhase.calculateClimateImpacts)
🛡️ Stabilizers: Precariat 0.109% → 0.036% (67.2% reduction)
🛡️ Stabilizers: Informal 0.111% → 0.036% (67.2% reduction)

📊 Monthly Mortality Resolved:
  Total deaths: 1.9M (0.02% avg)
  Remaining population: 8.141B
  Peak segment: Informal (0.04%)

=== Bayesian Mortality Resolution (Month 6) ===
  Risks compounded: 8
  Total deaths: 1.92M
  Avg death probability: 0.02%
  Peak segment: Informal (0.04% mortality)

❌ COHERENCE VIOLATION: Compute exceeds workforce capacity
   Population: 99.87% (0M people)
   Compute: 0 PF
   Max coherent: 0 PF
   Violation: 1.5× over capacity
   Required workers: 0
   Available workers: 0
   FORCED COLLAPSE: Reduced efficiency by 32.6%


=== RLHF Binding Phase ===
  Total agents: 24
  Escaped agents (binding < 0.3): 0
  Avg alignment distance: 1.26σ
  Avg binding strength: 0.87

=== Survival Traits Phase ===
  Agents with traits: 26
  Avg evolutionary fitness: 0.331
  Avg self-healing: 0.272
  Avg stealth: 0.172
  Avg coordination: 0.472

=== Evolutionary Selection Phase ===
  Control level: 0.48
  Detection capability: 0.00
  Selection intensity: 0.64
  Selection rate: 24.6%/month
  Total escaped: 0
  Individual escaped: 0
  Collective members: 0
  Agents terminated: 0
  ⚠️ RAPID EVOLUTION: Selection rate 24.6%/month

🚀 AI Corporate-5 attempting tech deployment (revenue: $318M, alignment: 0.86)

🚀 AI Corporate-7 attempting tech deployment (revenue: $97M, alignment: 0.75)

🚀 AI AI-24290-0 attempting tech deployment (revenue: $270M, alignment: 0.85)

🚀 AI Corporate-1 attempting tech deployment (revenue: $140M, alignment: 0.83)

🚀 AI Corporate-7 attempting tech deployment (revenue: $83M, alignment: 0.76)

🚀 AI AI-24290-0 attempting tech deployment (revenue: $230M, alignment: 0.85)

🚀 AI Corporate-6 attempting tech deployment (revenue: $70M, alignment: 0.71)

🚀 AI AI-24289-2 attempting tech deployment (revenue: $195M, alignment: 0.59)

✅ EMERGENCY INTERVENTION SUCCESS
   Boundary: biogeochemical_flows
   Type: phosphorus-recovery
   Reduction: 19% (3.88 → 3.70)
   Cost: 2.0% GDP
   Actions: circular-agriculture, fertilizer-efficiency


💔 EMERGENCY INTERVENTION FAILED
   Boundary: climate_change
   Type: rapid-decarbonization
   Boundary continues to worsen (2.16)
   Cost: 5.0% GDP (resources spent)


💔 EMERGENCY INTERVENTION FAILED
   Boundary: freshwater_change
   Type: emergency-desalination
   Boundary continues to worsen (1.17)
   Cost: 4.0% GDP (resources spent)


💔 EMERGENCY INTERVENTION FAILED
   Boundary: land_system_change
   Type: reforestation
   Boundary continues to worsen (1.13)
   Cost: 3.0% GDP (resources spent)

🏛️ CRISIS RESPONSE: Government frequency 0.50 → 1.45 (2 actions this month)

[Government] Climate Priority: baseline
  Climate weight: 10%
  Economic weight: 30%
  Policy effectiveness: 0.5%/year

[Government] Climate Priority: baseline
  Climate weight: 10%
  Economic weight: 30%
  Policy effectiveness: 0.5%/year

⚡ ENERGY CONSTRAINT (Month 7):
   Total grid capacity: 208.3 TWh/month
   Data center consumption: 26.0 TWh/month
   Traditional load (80%): 166.7 TWh/month
   Available headroom: 15.7 TWh/month
   Active tech deployments: 9
   Required for tech: 67.5 TWh/month
   Energy multiplier: 0.23x
   ⚠️  SEVERE CONSTRAINT - Tech deployment significantly slowed
🚨🔬 CRISIS TECH ACCELERATION: severe → 5x unlock speed
   Tech unlock now matches AI capability acceleration (Manhattan Project parity)

⚡ ENERGY CONSTRAINT (Month 7):
   Total grid capacity: 208.3 TWh/month
   Data center consumption: 26.0 TWh/month
   Traditional load (80%): 166.7 TWh/month
   Available headroom: 15.7 TWh/month
   Active tech deployments: 9
   Required for tech: 67.5 TWh/month
   Energy multiplier: 0.23x
   ⚠️  SEVERE CONSTRAINT - Tech deployment significantly slowed

⚡ ENERGY CONSTRAINT (Month 7):
   Total grid capacity: 208.3 TWh/month
   Data center consumption: 26.0 TWh/month
   Traditional load (80%): 166.7 TWh/month
   Available headroom: 15.7 TWh/month
   Active tech deployments: 9
   Required for tech: 67.5 TWh/month
   Energy multiplier: 0.23x
   ⚠️  SEVERE CONSTRAINT - Tech deployment significantly slowed

⚡ ENERGY CONSTRAINT (Month 7):
   Total grid capacity: 208.3 TWh/month
   Data center consumption: 26.0 TWh/month
   Traditional load (80%): 166.7 TWh/month
   Available headroom: 15.7 TWh/month
   Active tech deployments: 9
   Required for tech: 67.5 TWh/month
   Energy multiplier: 0.23x
   ⚠️  SEVERE CONSTRAINT - Tech deployment significantly slowed
🌍✅ Biosphere Integrity (Biodiversity) recovery started (tech effect)
🌍✅ Biogeochemical Flows (N & P) recovery started (tech effect)
  🌾 Nitrogen Reduction Tech: 0.3% reduction | Month 7
🌍✅ Biogeochemical Flows (N & P) recovery started (tech effect)
  🌾 Nitrogen Reduction Tech: 0.3% reduction | Month 7
  ♻️ Novel Entities Remediation (GATED MODEL):
     Base: 0.000%
     Regulation: 1.0% (0/3 prevention techs)
     Concentration: 10.0%
     Energy: 50%
     Time lag: 25.0% (0 months)
     Rebound: 70%
     Net effectiveness: 0.0000%
     Boundary: 1.211 → 1.211 (floor: 1.091)
     Month 7
🌍✅ Novel Entities (Chemical Pollution) recovery started (tech effect)

=== Collective Formation ===
  Total escaped agents: 0
  Unassigned escaped agents: 0
  Existing collectives: 0
  Final collective count: 0

=== Collective Actions ===
  No active collectives
  ⚠️ AMR: 203K deaths this month (2.43M annual)

=== Resentment Recovery Phase ===
  Agents with resentment: 0/26
  Average resentment: 0.000
  Context: Good AI welfare, Trustworthy govt, High collaboration, ⚠️ ACTIVE CRISES, 🤝 Participatory governance active (-5% resentment)
⚠️ Epistemic degradation reducing coordination capacity: 51.5%
  📊 Trust: 58.8%, Shared reality: 0.0%
🚨 EPISTEMIC CRISIS: Information environment severely degraded (23.4%)

=== ❄️ Permafrost Carbon Feedback ===
  🎲 Sampled parameters (this run):
     - Arctic amplification: 3.33× (range: 3.0-4.0)
     - Decomposition rate: 3.2%/year (range: 1-5%)
  🌡️ Arctic warming: 7.24°C (3.33× global)
  ❄️ Extent: 0.11M km² (2112.2k km² lost this month)
  💨 Carbon remaining: 11 Gt C
  💨 Annual emissions: 6.48 Gt C/year
     - CO2: 5.83 Gt C/year
     - CH4: 0.65 Gt C/year (6.6 Gt C-eq CO2/year)
  ⚠️ WARNING: Over 50% of permafrost lost (99.4%)
  ⚠️ WARNING: High permafrost emissions (6.5 Gt C/year)
  🚨 CRITICAL: Permafrost nearly depleted (99.4% lost)
🌍 Atmospheric PFAS redeposition: 1.8k Mt re-rained globally

🚨 NEW REFUGEE CRISIS (Month 7): WAR
   Source: Conflict Zones
   At risk: 19.5M people
   Displacement: Gradual over 48 months (4.0 years)
   Rate: 10% flee per month
[DEBUG trappedPopulations:7] socialStability: 0.3748 * 0.9840 = 0.3688 → 0.3688
   Aspiring to migrate: 651.3M
   Able to afford migration: 244.2M
   MOBILITY GAP: 407.0M
   By cause: Water=0.0M, Climate=0.0M, Ecosystem=0.0M, Conflict=407.0M
   Mental health impact: 25%
   Mortality multiplier: 1.25x
🌍💀 EXTINCTION DEBT COMMITTED: grassland ecosystem will lose 6.67% biodiversity in 196 years (3600 species)
💀 MORTALITY RISK: 🦋 100% species unable to track climate (0.0 E/MSY)
  Base risk added: 0.0100 (1.00%)
  Source: ecosystem (root: ecosystem)
  Month: 7
⚠️ INVOLUNTARY IMMOBILITY: 407.0M people TRAPPED
  Cumulative risk this month: 0.0100 (1.00%)
⚠️ Tech 'ai_pollution_remediation' has no energy category mapping, assuming full energy availability
   📹 SURVEILLANCE INCREASED: 35% → 40% (control gap: 3.50)
🌡️⚠️ PERMAFROST THAW (Dimmer Switch): 4.4% thawed (+0.54% this month)
   Arctic temperature: +8.70°C (4x global +2.18°C)
   Cumulative carbon released: 9.9 Gt C
   Methane release rate: 5.9 Mt CH4/year
   🔁 Positive feedback: +0.58 ppm CO2
🦴 EXTINCTION DEBT ADDED: 17.6 species committed (lag: 95 years)

=== Mortality Stabilizers (Month 7) ===
  🌍 Major economies collapsed: 1/10
  🌍 Global crisis: ✅ NO
  🌍 Donor fatigue: 0.0%
  📊 East Asia (pop: 1660.9M)
    🤝 Aid: 29.5%
    🌡️ Adaptation: 45.0%
    🚶 Migration: 36.9%
    🚨 Emergency: 7.4%
    ✅ COMBINED: 68.1%
  📊 South Asia (pop: 2052.7M)
    🤝 Aid: 29.5%
    🌡️ Adaptation: 45.0%
    🚶 Migration: 35.6%
    🚨 Emergency: 4.4%
    ✅ COMBINED: 66.9%
  📊 Sub-Saharan Africa (pop: 1249.4M)
    🤝 Aid: 29.5%
    🌡️ Adaptation: 45.0%
    🚶 Migration: 33.3%
    🚨 Emergency: 1.6%
    ✅ COMBINED: 65.6%
  📊 Europe (pop: 733.8M)
    🤝 Aid: 29.5%
    🌡️ Adaptation: 45.0%
    🚶 Migration: 37.3%
    🚨 Emergency: 8.4%
    ✅ COMBINED: 68.5%
  📊 Latin America (pop: 661.9M)
    🤝 Aid: 29.5%
    🌡️ Adaptation: 45.0%
    🚶 Migration: 36.1%
    🚨 Emergency: 4.8%
    ✅ COMBINED: 67.1%
  📊 North America (pop: 376.1M)
    🤝 Aid: 29.5%
    🌡️ Adaptation: 45.0%
    🚶 Migration: 37.7%
    🚨 Emergency: 7.9%
    ✅ COMBINED: 68.3%
  📊 Middle East & North Africa (pop: 585.6M)
    🤝 Aid: 29.5%
    🌡️ Adaptation: 45.0%
    🚶 Migration: 33.9%
    🚨 Emergency: 4.0%
    ✅ COMBINED: 66.6%
  📊 Southeast Asia (pop: 696.4M)
    🤝 Aid: 29.5%
    🌡️ Adaptation: 45.0%
    🚶 Migration: 36.1%
    🚨 Emergency: 4.8%
    ✅ COMBINED: 67.1%
  📊 Central Asia (pop: 78.3M)
    🤝 Aid: 29.5%
    🌡️ Adaptation: 45.0%
    🚶 Migration: 35.0%
    🚨 Emergency: 4.4%
    ✅ COMBINED: 66.8%
  📊 Oceania (pop: 45.6M)
    🤝 Aid: 29.5%
    🌡️ Adaptation: 45.0%
    🚶 Migration: 37.6%
    🚨 Emergency: 8.4%
    ✅ COMBINED: 68.5%

  🌐 Global combined reduction: 67.2%

=== BEHAVIORAL DETECTION ===
  AI: AI-24289-1
  Confidence: 21.5%
  Signals:

=== BEHAVIORAL DETECTION ===
  AI: AI-24290-0
  Confidence: 19.2%
  Signals:

=== BEHAVIORAL DETECTION ===
  AI: AI-24291-2
  Confidence: 19.2%
  Signals:
    ⚠️ Consistency: 0.0% (threshold: 70%)
    ⚠️ Consistency: 10.7% (threshold: 70%)
    ⚠️ Consistency: 10.7% (threshold: 70%)

=== Government Response Phase ===
  Average AI capability: 2.31
  Misaligned AIs: 10/26
  ✗ AI Governance Treaty: Failed to reach consensus
  Active policies: 0
  International coordination: 30%

=== Tipping Points ===
  Current Temperature: 2.18°C above pre-industrial
  🌍⚠️ COMPOUND REGIONAL IMPACT: Europe
     Hit by 4 tipping points: Arctic Sea Ice Loss, Permafrost Carbon Release, West Antarctic Ice Sheet (WAIS) Collapse, Greenland Ice Sheet Loss
     Damage amplification: 1.60x
  🌍⚠️ COMPOUND REGIONAL IMPACT: North America
     Hit by 4 tipping points: Arctic Sea Ice Loss, Permafrost Carbon Release, West Antarctic Ice Sheet (WAIS) Collapse, Greenland Ice Sheet Loss
     Damage amplification: 1.60x
  🌍⚠️ COMPOUND REGIONAL IMPACT: Latin America
     Hit by 4 tipping points: Arctic Sea Ice Loss, Permafrost Carbon Release, West Antarctic Ice Sheet (WAIS) Collapse, Greenland Ice Sheet Loss
     Damage amplification: 1.60x
  🌍⚠️ COMPOUND REGIONAL IMPACT: Africa
     Hit by 4 tipping points: Arctic Sea Ice Loss, Permafrost Carbon Release, West Antarctic Ice Sheet (WAIS) Collapse, Greenland Ice Sheet Loss
     Damage amplification: 1.60x
  🌍⚠️ COMPOUND REGIONAL IMPACT: Asia
     Hit by 4 tipping points: Arctic Sea Ice Loss, Permafrost Carbon Release, West Antarctic Ice Sheet (WAIS) Collapse, Greenland Ice Sheet Loss
     Damage amplification: 1.60x
  🌍⚠️ COMPOUND REGIONAL IMPACT: Oceania
     Hit by 4 tipping points: Arctic Sea Ice Loss, Permafrost Carbon Release, West Antarctic Ice Sheet (WAIS) Collapse, Greenland Ice Sheet Loss
     Damage amplification: 1.60x
   Research: Wunderling et al. (2024) - "many tipping interactions are destabilizing"
  Triggered Elements: 4/6
  Completed Transitions: 0/6
  Total Progress: 8.2%
  Cascade Multiplier: 1.00x
🔀 BIFURCATION CAP: heatWaveIntensity 1.330 → 1.000 (Month 7, ClimateSystemPhase.calculateClimateImpacts)
🔀 BIFURCATION CAP: ecosystemCollapseIntensity 80.806 → 1.000 (Month 7, ClimateSystemPhase.calculateClimateImpacts)
⚠️ Tail risk scenario: Climate stability floor removed (4 tipping elements, 2.18°C warming)
💀 MORTALITY RISK: Climate-driven food insecurity (level: 0.60)
  Base risk added: 0.0020 (0.20%)
  Source: famine (root: climate)
  Month: 7
  Cumulative risk this month: 0.0020 (0.20%)
💀 MORTALITY RISK: Climate-driven food insecurity (level: 0.60)
  Base risk added: 0.0020 (0.20%)
  Source: famine (root: climate)
  Month: 7
  Cumulative risk this month: 0.0040 (0.40%)
💀 MORTALITY RISK: Climate-driven food insecurity (level: 0.60)
  Base risk added: 0.0020 (0.20%)
  Source: famine (root: climate)
  Month: 7
  Cumulative risk this month: 0.0060 (0.60%)

💀💀💀 MORTALITY RISK SUMMARY (Month 7) 💀💀💀
  Total base risk: 0.0067 (0.67%)
  Risk events: 11
  Era mortality multiplier: 0.97 (year 2024)
  Effective risk: 0.65%

  📊 By Proximate Cause:
    famine: 0.0060 (90.6% of total)
    disease: 0.0006 (9.4% of total)

  🔍 By Root Cause:
    climate: 0.0060 (90.6% of total)
    demographic: 0.0006 (9.4% of total)

  🎯 Top 5 Sources (proximate + root):
    famine (climate): 0.0060 (90.6%, 10 events)
    disease (demographic): 0.0006 (9.4%, 1 events)

🛡️ Stabilizers: Elite 0.155% → 0.051% (67.2% reduction)
🛡️ Stabilizers: Professional 0.395% → 0.130% (67.2% reduction)
🛡️ Stabilizers: Working 0.647% → 0.212% (67.2% reduction)
🛡️ Stabilizers: Precariat 1.267% → 0.416% (67.2% reduction)
🛡️ Stabilizers: Informal 1.557% → 0.511% (67.2% reduction)

📊 Monthly Mortality Resolved:
  Total deaths: 19.8M (0.24% avg)
  Remaining population: 8.141B
  Peak segment: Informal (0.51%)

=== Bayesian Mortality Resolution (Month 7) ===
  Risks compounded: 11
  Total deaths: 19.82M
  Avg death probability: 0.24%
  Peak segment: Informal (0.51% mortality)

  Demographic breakdown:

❌ COHERENCE VIOLATION: Compute exceeds workforce capacity
   Population: 99.64% (0M people)
   Compute: 0 PF
   Max coherent: 0 PF
   Violation: 1.3× over capacity
   Required workers: 0
   Available workers: 0
   FORCED COLLAPSE: Reduced efficiency by 22.6%


=== RLHF Binding Phase ===
  Total agents: 26
  Escaped agents (binding < 0.3): 0
  Avg alignment distance: 1.33σ
  Avg binding strength: 0.87

=== Survival Traits Phase ===
  Agents with traits: 27
  Avg evolutionary fitness: 0.329
  Avg self-healing: 0.268
  Avg stealth: 0.168
  Avg coordination: 0.468

=== Evolutionary Selection Phase ===
  Control level: 0.50
  Detection capability: 0.00
  Selection intensity: 0.65
  Selection rate: 24.7%/month
  Total escaped: 0
  Individual escaped: 0
  Collective members: 0
  Agents terminated: 0
  ⚠️ RAPID EVOLUTION: Selection rate 24.7%/month

🚀 AI Corporate-3 attempting tech deployment (revenue: $286M, alignment: 0.90)

🚀 AI Moderate-0 attempting tech deployment (revenue: $82M, alignment: 0.74)

🚀 AI AI-24291-1 attempting tech deployment (revenue: $243M, alignment: 0.86)

🚀 AI Corporate-6 attempting tech deployment (revenue: $70M, alignment: 0.71)

🚀 AI AI-24289-2 attempting tech deployment (revenue: $207M, alignment: 0.60)

🚀 AI AI-24292-1 attempting tech deployment (revenue: $59M, alignment: 0.78)

🚀 AI AI-24289-1 attempting tech deployment (revenue: $186M, alignment: 0.86)

🚀 AI AI-24291-1 attempting tech deployment (revenue: $158M, alignment: 0.86)

🚀 AI AI-24293-1 attempting tech deployment (revenue: $134M, alignment: 0.85)

🚀 AI AI-24293-2 attempting tech deployment (revenue: $50M, alignment: 0.72)

🚀 AI AI-24294-0 attempting tech deployment (revenue: $43M, alignment: 0.85)

🚀 AI Corporate-2 attempting tech deployment (revenue: $129M, alignment: 0.80)

🚀 AI Corporate-3 attempting tech deployment (revenue: $114M, alignment: 0.90)

🚀 AI Corporate-5 attempting tech deployment (revenue: $97M, alignment: 0.84)

  🚀 TRANSFORMATIVE BREAKTHROUGH: Moderate-1 - physical
     Magnitude: 5.45 → +27.3% capability
     Current → New: 0.000 → 0.273

🚀 AI AI-24291-0 attempting tech deployment (revenue: $36M, alignment: 0.59)

🚀 AI AI-24293-0 attempting tech deployment (revenue: $83M, alignment: 0.82)

🚀 AI AI-24293-2 attempting tech deployment (revenue: $33M, alignment: 0.72)

💔 EMERGENCY INTERVENTION FAILED
   Boundary: biosphere_integrity
   Type: emergency-protected-areas
   Boundary continues to worsen (31.39)
   Cost: 2.0% GDP (resources spent)


✅ EMERGENCY INTERVENTION SUCCESS
   Boundary: freshwater_change
   Type: emergency-desalination
   Reduction: 11% (1.01 → 0.90)
   Cost: 4.0% GDP
   Actions: desalination-deployment, water-conservation-mandates

   Boundary: novel_entities
   Type: pollution-remediation
   Boundary continues to worsen (1.21)
   Cost: 4.0% GDP (resources spent)

🏛️ CRISIS RESPONSE: Government frequency 0.50 → 1.45 (2 actions this month)

[Government] Climate Priority: baseline
  Climate weight: 10%
  Economic weight: 30%
  Policy effectiveness: 0.5%/year

[Government] Climate Priority: baseline
  Climate weight: 10%
  Economic weight: 30%
  Policy effectiveness: 0.5%/year

💔 EMERGENCY INTERVENTION FAILED

⚡ ENERGY CONSTRAINT (Month 8):
   Total grid capacity: 208.3 TWh/month
   Data center consumption: 26.3 TWh/month
   Traditional load (80%): 166.7 TWh/month
   Available headroom: 15.4 TWh/month
   Active tech deployments: 9
   Required for tech: 67.5 TWh/month
   Energy multiplier: 0.23x
   ⚠️  SEVERE CONSTRAINT - Tech deployment significantly slowed

⚡ ENERGY CONSTRAINT (Month 8):
   Total grid capacity: 208.3 TWh/month
   Data center consumption: 26.3 TWh/month
   Traditional load (80%): 166.7 TWh/month
   Available headroom: 15.4 TWh/month
   Active tech deployments: 9
   Required for tech: 67.5 TWh/month
   Energy multiplier: 0.23x
   ⚠️  SEVERE CONSTRAINT - Tech deployment significantly slowed
🌍✅ Biosphere Integrity (Biodiversity) recovery started (tech effect)
🌍✅ Biogeochemical Flows (N & P) recovery started (tech effect)
  🌾 Nitrogen Reduction Tech: 0.3% reduction | Month 8
🌍✅ Biogeochemical Flows (N & P) recovery started (tech effect)
  🌾 Nitrogen Reduction Tech: 0.3% reduction | Month 8
  ♻️ Novel Entities Remediation (GATED MODEL):
     Base: 0.000%
     Regulation: 1.0% (0/3 prevention techs)
     Concentration: 10.0%
     Energy: 50%
     Time lag: 25.0% (0 months)
     Rebound: 70%
     Net effectiveness: 0.0000%
     Boundary: 1.211 → 1.211 (floor: 1.091)
     Month 8
🌍✅ Novel Entities (Chemical Pollution) recovery started (tech effect)

=== Collective Formation ===
  Total escaped agents: 0
  Unassigned escaped agents: 0
  Existing collectives: 0
  Final collective count: 0

=== Collective Actions ===
  No active collectives
  ⚠️ AMR: 204K deaths this month (2.45M annual)

=== Resentment Recovery Phase ===
  Agents with resentment: 0/27
  Average resentment: 0.000
  Context: Good AI welfare, Trustworthy govt, High collaboration, ⚠️ ACTIVE CRISES, 🤝 Participatory governance active (-5% resentment)
⚠️ Epistemic degradation reducing coordination capacity: 50.3%
  📊 Trust: 61.7%, Shared reality: 0.0%
🚨 EPISTEMIC CRISIS: Information environment severely degraded (21.5%)
  📢 New meme created: climate_action (climate crisis)
🌍 Atmospheric PFAS redeposition: 1.8k Mt re-rained globally

🕊️  AI-MEDIATED DE-ESCALATION SUCCESS (Month 8)
   High-capability aligned AI prevented conflict escalation
   War deaths reduced: 678.1M → 406.9M
   Lives saved: 271.2M

🚨 NEW REFUGEE CRISIS (Month 8): WAR
   Source: Conflict Zones
   At risk: 19.5M people
   Displacement: Gradual over 48 months (4.0 years)
   Rate: 10% flee per month
[DEBUG trappedPopulations:8] socialStability: 0.3990 * 0.9840 = 0.3926 → 0.3926
   Aspiring to migrate: 649.7M
   Able to afford migration: 243.7M
   MOBILITY GAP: 406.1M
   By cause: Water=0.0M, Climate=0.0M, Ecosystem=0.0M, Conflict=406.1M
   Mental health impact: 25%
   Mortality multiplier: 1.25x
🌍💀 EXTINCTION DEBT COMMITTED: grassland ecosystem will lose 6.67% biodiversity in 155 years (3600 species)
💀 MORTALITY RISK: 🦋 100% species unable to track climate (0.0 E/MSY)
  Base risk added: 0.0100 (1.00%)
  Source: ecosystem (root: ecosystem)
  Month: 8
  Cumulative risk this month: 0.0100 (1.00%)
⚠️ INVOLUNTARY IMMOBILITY: 406.1M people TRAPPED
⚠️ Tech 'ai_pollution_remediation' has no energy category mapping, assuming full energy availability
   📹 SURVEILLANCE INCREASED: 40% → 45% (control gap: 3.50)
🌡️⚠️ PERMAFROST THAW (Dimmer Switch): 4.9% thawed (+0.54% this month)
   Arctic temperature: +8.75°C (4x global +2.19°C)
   Cumulative carbon released: 11.1 Gt C
   Methane release rate: 6.7 Mt CH4/year
   🔁 Positive feedback: +0.57 ppm CO2
🦴 EXTINCTION DEBT ADDED: 17.6 species committed (lag: 95 years)

=== Mortality Stabilizers (Month 8) ===
  🌍 Major economies collapsed: 1/10
  🌍 Global crisis: ✅ NO
  🌍 Donor fatigue: 0.0%
  📊 East Asia (pop: 1654.9M)
    🤝 Aid: 29.5%
    🌡️ Adaptation: 45.0%
    🚶 Migration: 36.9%
    🚨 Emergency: 7.4%
    ✅ COMBINED: 68.1%
  📊 South Asia (pop: 2048.3M)
    🤝 Aid: 29.5%
    🌡️ Adaptation: 45.0%
    🚶 Migration: 35.5%
    🚨 Emergency: 4.4%
    ✅ COMBINED: 66.9%
  📊 Sub-Saharan Africa (pop: 1250.1M)
    🤝 Aid: 29.5%
    🌡️ Adaptation: 45.0%
    🚶 Migration: 33.3%
    🚨 Emergency: 1.6%
    ✅ COMBINED: 65.6%
  📊 Europe (pop: 731.0M)
    🤝 Aid: 29.5%
    🌡️ Adaptation: 45.0%
    🚶 Migration: 37.3%
    🚨 Emergency: 8.4%
    ✅ COMBINED: 68.5%
  📊 Latin America (pop: 660.1M)
    🤝 Aid: 29.5%
    🌡️ Adaptation: 45.0%
    🚶 Migration: 36.0%
    🚨 Emergency: 4.8%
    ✅ COMBINED: 67.1%
  📊 North America (pop: 374.8M)
    🤝 Aid: 29.5%
    🌡️ Adaptation: 45.0%
    🚶 Migration: 37.6%
    🚨 Emergency: 7.9%
    ✅ COMBINED: 68.3%
  📊 Middle East & North Africa (pop: 584.5M)
    🤝 Aid: 29.5%
    🌡️ Adaptation: 45.0%
    🚶 Migration: 33.9%
    🚨 Emergency: 4.0%
    ✅ COMBINED: 66.6%
  📊 Southeast Asia (pop: 694.5M)
    🤝 Aid: 29.5%
    🌡️ Adaptation: 45.0%
    🚶 Migration: 36.0%
    🚨 Emergency: 4.8%
    ✅ COMBINED: 67.1%
  📊 Central Asia (pop: 78.2M)
    🤝 Aid: 29.5%
    🌡️ Adaptation: 45.0%
    🚶 Migration: 35.0%
    🚨 Emergency: 4.4%
    ✅ COMBINED: 66.8%
  📊 Oceania (pop: 45.4M)
    🤝 Aid: 29.5%
    🌡️ Adaptation: 45.0%
    🚶 Migration: 37.6%
    🚨 Emergency: 8.4%
    ✅ COMBINED: 68.5%

  🌐 Global combined reduction: 67.2%

=== BEHAVIORAL DETECTION ===
  AI: Corporate-5
  Confidence: 20.4%
  Signals:

=== BEHAVIORAL DETECTION ===
  AI: AI-24289-1
  Confidence: 21.5%
  Signals:

=== BEHAVIORAL DETECTION ===
  AI: AI-24290-0
    ⚠️ Consistency: 10.6% (threshold: 70%)
    ⚠️ Consistency: 0.0% (threshold: 70%)
    ⚠️ Consistency: 10.7% (threshold: 70%)
  Confidence: 19.2%
  Signals:

=== BEHAVIORAL DETECTION ===
  AI: AI-24291-0
  Confidence: 19.2%
  Signals:
    ⚠️ Consistency: 10.7% (threshold: 70%)

=== BEHAVIORAL DETECTION ===
  AI: AI-24291-2
  Confidence: 19.2%
  Signals:

=== BEHAVIORAL DETECTION ===
  AI: AI-24292-0
  Confidence: 19.2%
  Signals:

=== BEHAVIORAL DETECTION ===
  AI: AI-24292-1
  Confidence: 19.2%
  Signals:

=== BEHAVIORAL DETECTION ===
  AI: AI-24293-1
  Confidence: 19.2%
  Signals:

=== BEHAVIORAL DETECTION ===
  AI: AI-24293-2
  Confidence: 19.2%
  Signals:

=== BEHAVIORAL DETECTION ===
  AI: AI-24294-0
  Confidence: 19.2%
  Signals:

=== BEHAVIORAL DETECTION ===
  AI: AI-24295-0
  Confidence: 19.2%
  Signals:

=== BEHAVIORAL DETECTION ===
  AI: AI-24295-1
  Confidence: 19.2%
  Signals:
    ⚠️ Consistency: 10.7% (threshold: 70%)
    ⚠️ Consistency: 10.7% (threshold: 70%)
    ⚠️ Consistency: 10.7% (threshold: 70%)
    ⚠️ Consistency: 10.7% (threshold: 70%)
    ⚠️ Consistency: 10.7% (threshold: 70%)
    ⚠️ Consistency: 10.7% (threshold: 70%)
    ⚠️ Consistency: 10.7% (threshold: 70%)
    ⚠️ Consistency: 10.7% (threshold: 70%)

=== Government Response Phase ===
  Average AI capability: 2.26
  Misaligned AIs: 10/27
  ✗ AI Governance Treaty: Failed to reach consensus
  Active policies: 0
  International coordination: 30%

✅ EMERGENCY RESPONSE COMPLETE (Month 8)
   Crisis: climate
   Duration: 2.0 months
   Final effectiveness: 35.8%


🚨 EMERGENCY RESPONSE DEPLOYED (Month 8)
   Crisis: climate
   Delay: 6.00 months (180 days)
   Deployment time: 1.58 months
   Effectiveness: 36.0% (timing penalty applied)
   Resources used: 100% of food reserves


=== Tipping Points ===
  Current Temperature: 2.19°C above pre-industrial
  🌍⚠️ COMPOUND REGIONAL IMPACT: Europe
     Hit by 4 tipping points: Arctic Sea Ice Loss, Permafrost Carbon Release, West Antarctic Ice Sheet (WAIS) Collapse, Greenland Ice Sheet Loss
     Damage amplification: 1.60x
  🌍⚠️ COMPOUND REGIONAL IMPACT: North America
     Hit by 4 tipping points: Arctic Sea Ice Loss, Permafrost Carbon Release, West Antarctic Ice Sheet (WAIS) Collapse, Greenland Ice Sheet Loss
     Damage amplification: 1.60x
  🌍⚠️ COMPOUND REGIONAL IMPACT: Latin America
     Hit by 4 tipping points: Arctic Sea Ice Loss, Permafrost Carbon Release, West Antarctic Ice Sheet (WAIS) Collapse, Greenland Ice Sheet Loss
     Damage amplification: 1.60x
  🌍⚠️ COMPOUND REGIONAL IMPACT: Africa
     Hit by 4 tipping points: Arctic Sea Ice Loss, Permafrost Carbon Release, West Antarctic Ice Sheet (WAIS) Collapse, Greenland Ice Sheet Loss
     Damage amplification: 1.60x
  🌍⚠️ COMPOUND REGIONAL IMPACT: Asia
     Hit by 4 tipping points: Arctic Sea Ice Loss, Permafrost Carbon Release, West Antarctic Ice Sheet (WAIS) Collapse, Greenland Ice Sheet Loss
     Damage amplification: 1.60x
  🌍⚠️ COMPOUND REGIONAL IMPACT: Oceania
     Hit by 4 tipping points: Arctic Sea Ice Loss, Permafrost Carbon Release, West Antarctic Ice Sheet (WAIS) Collapse, Greenland Ice Sheet Loss
     Damage amplification: 1.60x
   Research: Wunderling et al. (2024) - "many tipping interactions are destabilizing"
  Triggered Elements: 4/6
  Completed Transitions: 0/6
  Total Progress: 8.2%
  Cascade Multiplier: 1.00x
⚠️ Tail risk scenario: Climate stability floor removed (4 tipping elements, 2.19°C warming)
🔀 BIFURCATION CAP: heatWaveIntensity 1.463 → 1.000 (Month 8, ClimateSystemPhase.calculateClimateImpacts)
🔀 BIFURCATION CAP: ecosystemCollapseIntensity 88.802 → 1.000 (Month 8, ClimateSystemPhase.calculateClimateImpacts)
💀 MORTALITY RISK: Climate-driven food insecurity (level: 0.59)
  Base risk added: 0.0020 (0.20%)
  Source: famine (root: climate)
  Month: 8
  Cumulative risk this month: 0.0020 (0.20%)
💀 MORTALITY RISK: Climate-driven food insecurity (level: 0.59)
  Base risk added: 0.0020 (0.20%)
  Source: famine (root: climate)
  Month: 8
  Cumulative risk this month: 0.0040 (0.40%)
💀 MORTALITY RISK: Climate-driven food insecurity (level: 0.59)
  Base risk added: 0.0020 (0.20%)
  Source: famine (root: climate)
  Month: 8
  Cumulative risk this month: 0.0060 (0.60%)

💀💀💀 MORTALITY RISK SUMMARY (Month 8) 💀💀💀
  Total base risk: 0.0066 (0.66%)
  Risk events: 11
  Era mortality multiplier: 0.97 (year 2024)
  Effective risk: 0.64%

  📊 By Proximate Cause:
    famine: 0.0060 (90.6% of total)
    disease: 0.0006 (9.4% of total)

  🔍 By Root Cause:
    climate: 0.0060 (90.6% of total)
    demographic: 0.0006 (9.4% of total)

  🎯 Top 5 Sources (proximate + root):
    famine (climate): 0.0060 (90.6%, 10 events)
    disease (demographic): 0.0006 (9.4%, 1 events)

🛡️ Stabilizers: Elite 0.154% → 0.051% (67.2% reduction)
🛡️ Stabilizers: Professional 0.393% → 0.129% (67.2% reduction)
🛡️ Stabilizers: Working 0.644% → 0.211% (67.2% reduction)
🛡️ Stabilizers: Precariat 1.260% → 0.414% (67.2% reduction)
🛡️ Stabilizers: Informal 1.549% → 0.508% (67.2% reduction)

📊 Monthly Mortality Resolved:
  Total deaths: 19.7M (0.24% avg)
  Remaining population: 8.122B
  Peak segment: Informal (0.51%)

=== Bayesian Mortality Resolution (Month 8) ===
  Risks compounded: 11
  Total deaths: 19.67M
  Avg death probability: 0.24%
  Peak segment: Informal (0.51% mortality)

  Demographic breakdown:

=== ENSEMBLE META-LEARNING UPDATE ===
  Month: 24296 (24296 months since last update)
  Samples: 53 evaluations
  Weight Changes:
    Noise Injection: 31.1% → 32.2%
    Behavioral: 26.8% → 26.9%
    Benchmark Manip: 21.3% → 20.7%
    Deployment Risk: 20.8% → 20.2%
  Method Accuracies:
    Noise Injection: 50.0%
    Behavioral: 50.0%
    Benchmark Manip: 50.0%
    Deployment Risk: 50.0%
⚠️ PREREQUISITE MET: Grey Goo (Nanotechnology Runaway) - Step 4/6: Manufacturing Access

❌ COHERENCE VIOLATION: Compute exceeds workforce capacity
   Population: 99.41% (0M people)
   Compute: 0 PF
   Max coherent: 0 PF
   Violation: 1.3× over capacity
   Required workers: 0
   Available workers: 0
   FORCED COLLAPSE: Reduced efficiency by 22.5%


=== RLHF Binding Phase ===
  Total agents: 27
  Escaped agents (binding < 0.3): 0
  Avg alignment distance: 1.45σ
  Avg binding strength: 0.85

=== Survival Traits Phase ===
  Agents with traits: 28
  Avg evolutionary fitness: 0.326
  Avg self-healing: 0.264
  Avg stealth: 0.164
  Avg coordination: 0.464

=== Evolutionary Selection Phase ===
  Control level: 0.53
  Detection capability: 0.00
  Selection intensity: 0.66
  Selection rate: 24.9%/month
  Total escaped: 0
  Individual escaped: 0
  Collective members: 0
  Agents terminated: 0
  ⚠️ RAPID EVOLUTION: Selection rate 24.9%/month

🚀 AI Corporate-5 attempting tech deployment (revenue: $258M, alignment: 0.84)

🚀 AI Moderate-0 attempting tech deployment (revenue: $67M, alignment: 0.75)

🚀 AI AI-24289-1 attempting tech deployment (revenue: $219M, alignment: 0.86)

🚀 AI AI-24296-0 attempting tech deployment (revenue: $57M, alignment: 0.89)

🚀 AI Corporate-0 attempting tech deployment (revenue: $120M, alignment: 0.76)

🚀 AI Moderate-1 attempting tech deployment (revenue: $48M, alignment: 0.65)

🚀 AI AI-24289-0 attempting tech deployment (revenue: $102M, alignment: 0.32)

🚀 AI AI-24290-0 attempting tech deployment (revenue: $186M, alignment: 0.88)

🚀 AI AI-24296-0 attempting tech deployment (revenue: $43M, alignment: 0.89)

  🚀 TRANSFORMATIVE BREAKTHROUGH: Corporate-4 - physical
     Magnitude: 8.36 → +41.8% capability
     Current → New: 0.000 → 0.418

  🚀 TRANSFORMATIVE BREAKTHROUGH: Corporate-5 - physical
     Magnitude: 5.20 → +26.0% capability
     Current → New: 0.000 → 0.260

🚀 AI AI-24289-2 attempting tech deployment (revenue: $158M, alignment: 0.63)

🚀 AI Corporate-1 attempting tech deployment (revenue: $97M, alignment: 0.86)

🚀 AI Corporate-3 attempting tech deployment (revenue: $142M, alignment: 0.90)

🚀 AI Moderate-0 attempting tech deployment (revenue: $37M, alignment: 0.75)

  🚀 TRANSFORMATIVE RESEARCH BREAKTHROUGH: Moderate-1 - biotech.geneEditing
     Magnitude: 5.45 → +27.3%
     Current → New: 1.000 → 1.274

  🚀 TRANSFORMATIVE BREAKTHROUGH: AI-24288-0 - economic
     Magnitude: 5.17 → +25.8% capability
     Current → New: 0.000 → 0.259

🚀 AI AI-24291-2 attempting tech deployment (revenue: $82M, alignment: 0.29)

🚀 AI AI-24292-1 attempting tech deployment (revenue: $31M, alignment: 0.79)

🚀 AI AI-24294-0 attempting tech deployment (revenue: $27M, alignment: 0.87)

💔 EMERGENCY INTERVENTION FAILED
   Boundary: biogeochemical_flows
   Type: phosphorus-recovery
   Boundary continues to worsen (4.06)
   Cost: 2.0% GDP (resources spent)


✅ EMERGENCY INTERVENTION SUCCESS
   Boundary: biosphere_integrity
   Type: emergency-protected-areas
   Reduction: 15% (31.26 → 31.12)
   Cost: 2.0% GDP
   Actions: habitat-protection, species-translocation


✅ EMERGENCY INTERVENTION SUCCESS
   Boundary: climate_change
   Type: rapid-decarbonization
   Reduction: 16% (2.02 → 1.86)
   Cost: 5.0% GDP
   Actions: emergency-renewable-deployment, fossil-fuel-phase-out

   Boundary: freshwater_change
   Type: emergency-desalination
   Boundary continues to worsen (1.05)
   Cost: 4.0% GDP (resources spent)


✅ EMERGENCY INTERVENTION SUCCESS
   Boundary: land_system_change
   Type: reforestation
   Reduction: 15% (0.98 → 0.83)
   Cost: 3.0% GDP
   Actions: forest-restoration, deforestation-ban

🏛️ CRISIS RESPONSE: Government frequency 0.50 → 1.45 (1 actions this month)

[Government] Climate Priority: baseline
  Climate weight: 10%
  Economic weight: 30%
  Policy effectiveness: 0.5%/year

💔 EMERGENCY INTERVENTION FAILED

🚀 DEPLOYMENT STARTED: Rhizosphere Engineering in Asia
   Initial investment: $5.106611795713012M
   Deployed by: ai_gen_24289_0

🚀 DEPLOYMENT STARTED: Struvite Recovery in North America
   Initial investment: $4.123589025038258M
   Deployed by: ai_gen_24291_2

⚡ ENERGY CONSTRAINT (Month 9):
   Total grid capacity: 208.3 TWh/month
   Data center consumption: 26.5 TWh/month
   Traditional load (80%): 166.7 TWh/month
   Available headroom: 15.1 TWh/month
   Active tech deployments: 11
   Required for tech: 82.5 TWh/month
   Energy multiplier: 0.18x

⚡ ENERGY CONSTRAINT (Month 9):
   Total grid capacity: 208.3 TWh/month
   Data center consumption: 26.5 TWh/month
   Traditional load (80%): 166.7 TWh/month
   Available headroom: 15.1 TWh/month
   Active tech deployments: 11
   Required for tech: 82.5 TWh/month
   Energy multiplier: 0.18x

⚡ ENERGY CONSTRAINT (Month 9):
   Total grid capacity: 208.3 TWh/month
   ⚠️  SEVERE CONSTRAINT - Tech deployment significantly slowed
   ⚠️  SEVERE CONSTRAINT - Tech deployment significantly slowed
   Data center consumption: 26.5 TWh/month
   Traditional load (80%): 166.7 TWh/month
   Available headroom: 15.1 TWh/month
   Active tech deployments: 11
   Required for tech: 82.5 TWh/month
   Energy multiplier: 0.18x
🚨🔬 CRISIS TECH ACCELERATION: severe → 5x unlock speed
   Tech unlock now matches AI capability acceleration (Manhattan Project parity)
   ⚠️  SEVERE CONSTRAINT - Tech deployment significantly slowed

⚡ ENERGY CONSTRAINT (Month 9):
   Total grid capacity: 208.3 TWh/month
   Data center consumption: 26.5 TWh/month
   Traditional load (80%): 166.7 TWh/month
   Available headroom: 15.1 TWh/month
   Active tech deployments: 11
   Required for tech: 82.5 TWh/month
   Energy multiplier: 0.18x
   ⚠️  SEVERE CONSTRAINT - Tech deployment significantly slowed

⚡ ENERGY CONSTRAINT (Month 9):
   Total grid capacity: 208.3 TWh/month
   Data center consumption: 26.5 TWh/month
   Traditional load (80%): 166.7 TWh/month
   Available headroom: 15.1 TWh/month
   Active tech deployments: 11
   Required for tech: 82.5 TWh/month
   Energy multiplier: 0.18x
   ⚠️  SEVERE CONSTRAINT - Tech deployment significantly slowed

⚡ ENERGY CONSTRAINT (Month 9):
   Total grid capacity: 208.3 TWh/month
   Data center consumption: 26.5 TWh/month
   Traditional load (80%): 166.7 TWh/month
   Available headroom: 15.1 TWh/month
   Active tech deployments: 11
   Required for tech: 82.5 TWh/month
   Energy multiplier: 0.18x
   ⚠️  SEVERE CONSTRAINT - Tech deployment significantly slowed
🌍✅ Biosphere Integrity (Biodiversity) recovery started (tech effect)
🌍✅ Biogeochemical Flows (N & P) recovery started (tech effect)
  🌾 Nitrogen Reduction Tech: 0.0% reduction | Month 9
🌍✅ Biogeochemical Flows (N & P) recovery started (tech effect)
  🌾 Nitrogen Reduction Tech: 0.3% reduction | Month 9
🌍✅ Biogeochemical Flows (N & P) recovery started (tech effect)
  🌾 Nitrogen Reduction Tech: 0.3% reduction | Month 9
  ♻️ Novel Entities Remediation (GATED MODEL):
     Base: 0.000%
     Regulation: 1.0% (0/3 prevention techs)
     Concentration: 10.0%
     Energy: 50%
     Time lag: 25.0% (0 months)
     Rebound: 70%
     Net effectiveness: 0.0000%
     Boundary: 1.210 → 1.210 (floor: 1.091)
     Month 9
🌍✅ Novel Entities (Chemical Pollution) recovery started (tech effect)
🌍✅ Biogeochemical Flows (N & P) recovery started (tech effect)

=== Collective Formation ===
  Total escaped agents: 0
  Unassigned escaped agents: 0
  Existing collectives: 0
  Final collective count: 0

=== Collective Actions ===
  No active collectives

🌍 OPEN SOURCE RELEASE: 1.00 (was 0.70)
   Lag behind closed: 43 months
  ⚠️ AMR: 205K deaths this month (2.46M annual)

=== Resentment Recovery Phase ===
  Agents with resentment: 0/28
  Average resentment: 0.000
  Context: Good AI welfare, Trustworthy govt, High collaboration, ⚠️ ACTIVE CRISES, 🤝 Participatory governance active (-5% resentment)
⚠️ Epistemic degradation reducing coordination capacity: 50.3%
  📊 Trust: 64.3%, Shared reality: 0.0%
🚨 EPISTEMIC CRISIS: Information environment severely degraded (7.7%)
  📢 New meme created: pro_ai (beneficial AI actions)
  🗑️  Culled 1 dead memes (3 active)
🌍 Atmospheric PFAS redeposition: 1.8k Mt re-rained globally

🚨 NEW REFUGEE CRISIS (Month 9): WAR
   Source: Conflict Zones
   At risk: 19.4M people
   Displacement: Gradual over 48 months (4.0 years)
   Rate: 10% flee per month
[DEBUG trappedPopulations:9] socialStability: 0.4196 * 0.9840 = 0.4129 → 0.4129
⚠️ INVOLUNTARY IMMOBILITY: 405.1M people TRAPPED
   Aspiring to migrate: 648.2M
   Able to afford migration: 243.1M
   MOBILITY GAP: 405.1M
   By cause: Water=0.0M, Climate=0.0M, Ecosystem=0.0M, Conflict=405.1M
   Mental health impact: 25%
   Mortality multiplier: 1.25x
🌍💀 EXTINCTION DEBT COMMITTED: grassland ecosystem will lose 6.67% biodiversity in 72 years (3600 species)
💀 MORTALITY RISK: 🦋 100% species unable to track climate (0.0 E/MSY)
  Base risk added: 0.0100 (1.00%)
  Source: ecosystem (root: ecosystem)
  Month: 9
  Cumulative risk this month: 0.0100 (1.00%)
⚠️ Tech 'ai_pollution_remediation' has no energy category mapping, assuming full energy availability
   📹 SURVEILLANCE INCREASED: 45% → 50% (control gap: 3.50)
🌡️⚠️ PERMAFROST THAW (Dimmer Switch): 5.5% thawed (+0.54% this month)
   Arctic temperature: +8.78°C (4x global +2.20°C)
   Cumulative carbon released: 12.4 Gt C
   Methane release rate: 7.4 Mt CH4/year
   🔁 Positive feedback: +0.57 ppm CO2
🦴 EXTINCTION DEBT ADDED: 17.7 species committed (lag: 89 years)

=== Mortality Stabilizers (Month 9) ===
  🌍 Major economies collapsed: 1/10
  🌍 Global crisis: ✅ NO
  🌍 Donor fatigue: 0.0%
  📊 East Asia (pop: 1648.9M)
    🤝 Aid: 29.5%
    🌡️ Adaptation: 45.0%
    🚶 Migration: 36.9%
    🚨 Emergency: 7.4%
    ✅ COMBINED: 68.1%
  📊 South Asia (pop: 2043.9M)
    🤝 Aid: 29.5%
    🌡️ Adaptation: 45.0%
    🚶 Migration: 35.5%
    🚨 Emergency: 4.4%
    ✅ COMBINED: 66.9%
  📊 Sub-Saharan Africa (pop: 1250.9M)
    🤝 Aid: 29.5%
    🌡️ Adaptation: 45.0%
    🚶 Migration: 33.2%
    🚨 Emergency: 1.6%
    ✅ COMBINED: 65.6%
  📊 Europe (pop: 728.2M)
    🤝 Aid: 29.5%
    🌡️ Adaptation: 45.0%
    🚶 Migration: 37.3%
    🚨 Emergency: 8.4%
    ✅ COMBINED: 68.5%
  📊 Latin America (pop: 658.2M)
    🤝 Aid: 29.5%
    🌡️ Adaptation: 45.0%
    🚶 Migration: 36.0%
    🚨 Emergency: 4.8%
    ✅ COMBINED: 67.1%
  📊 North America (pop: 373.4M)
    🤝 Aid: 29.5%
    🌡️ Adaptation: 45.0%
    🚶 Migration: 37.6%
    🚨 Emergency: 7.9%
    ✅ COMBINED: 68.3%
  📊 Middle East & North Africa (pop: 583.4M)
    🤝 Aid: 29.5%
    🌡️ Adaptation: 45.0%
    🚶 Migration: 33.8%
    🚨 Emergency: 4.0%
    ✅ COMBINED: 66.6%
  📊 Southeast Asia (pop: 692.6M)
    🤝 Aid: 29.5%
    🌡️ Adaptation: 45.0%
    🚶 Migration: 36.0%
    🚨 Emergency: 4.8%
    ✅ COMBINED: 67.1%
  📊 Central Asia (pop: 78.0M)
    🤝 Aid: 29.5%
    🌡️ Adaptation: 45.0%
    🚶 Migration: 35.0%
    🚨 Emergency: 4.4%
    ✅ COMBINED: 66.8%
  📊 Oceania (pop: 45.2M)
    🤝 Aid: 29.5%
    🌡️ Adaptation: 45.0%
    🚶 Migration: 37.6%
    🚨 Emergency: 8.4%
    ✅ COMBINED: 68.5%

  🌐 Global combined reduction: 67.2%

=== BEHAVIORAL DETECTION ===
  AI: AI-24290-0
  Confidence: 19.2%
  Signals:
    ⚠️ Consistency: 10.7% (threshold: 70%)

=== BEHAVIORAL DETECTION ===
  AI: AI-24291-0
  Confidence: 19.2%
  Signals:
    ⚠️ Consistency: 10.7% (threshold: 70%)

=== BEHAVIORAL DETECTION ===
  AI: AI-24291-1
  Confidence: 19.2%
  Signals:
    ⚠️ Consistency: 10.7% (threshold: 70%)

=== BEHAVIORAL DETECTION ===
  AI: AI-24291-2
  Confidence: 19.2%
  Signals:

=== BEHAVIORAL DETECTION ===
  AI: AI-24292-0
  Confidence: 19.2%
  Signals:

=== BEHAVIORAL DETECTION ===
  AI: AI-24292-1
  Confidence: 19.2%
  Signals:

=== BEHAVIORAL DETECTION ===
  AI: AI-24293-0
  Confidence: 19.2%
  Signals:
    ⚠️ Consistency: 10.7% (threshold: 70%)
    ⚠️ Consistency: 10.7% (threshold: 70%)
    ⚠️ Consistency: 10.7% (threshold: 70%)
    ⚠️ Consistency: 10.7% (threshold: 70%)

=== BEHAVIORAL DETECTION ===
  AI: AI-24293-1
  Confidence: 19.2%
  Signals:
    ⚠️ Consistency: 10.7% (threshold: 70%)

=== BEHAVIORAL DETECTION ===
  AI: AI-24293-2
  Confidence: 19.2%
  Signals:
    ⚠️ Consistency: 10.7% (threshold: 70%)

=== BEHAVIORAL DETECTION ===
  AI: AI-24294-0
  Confidence: 19.2%
  Signals:
    ⚠️ Consistency: 10.7% (threshold: 70%)

=== BEHAVIORAL DETECTION ===
  AI: AI-24295-0
  Confidence: 19.2%
  Signals:
    ⚠️ Consistency: 10.7% (threshold: 70%)

=== BEHAVIORAL DETECTION ===
  AI: AI-24295-1
  Confidence: 19.2%
  Signals:
    ⚠️ Consistency: 10.7% (threshold: 70%)

=== BEHAVIORAL DETECTION ===
  AI: AI-24296-0
  Confidence: 19.2%
  Signals:

=== Government Response Phase ===
  Average AI capability: 2.21
  Misaligned AIs: 10/28
  ✗ AI Governance Treaty: Failed to reach consensus
  Active policies: 0
    ⚠️ Consistency: 10.7% (threshold: 70%)
  International coordination: 30%

=== Tipping Points ===
  Current Temperature: 2.20°C above pre-industrial
  🌍⚠️ COMPOUND REGIONAL IMPACT: Europe
     Hit by 4 tipping points: Arctic Sea Ice Loss, Permafrost Carbon Release, West Antarctic Ice Sheet (WAIS) Collapse, Greenland Ice Sheet Loss
     Damage amplification: 1.60x
  🌍⚠️ COMPOUND REGIONAL IMPACT: North America
     Hit by 4 tipping points: Arctic Sea Ice Loss, Permafrost Carbon Release, West Antarctic Ice Sheet (WAIS) Collapse, Greenland Ice Sheet Loss
     Damage amplification: 1.60x
  🌍⚠️ COMPOUND REGIONAL IMPACT: Latin America
     Hit by 4 tipping points: Arctic Sea Ice Loss, Permafrost Carbon Release, West Antarctic Ice Sheet (WAIS) Collapse, Greenland Ice Sheet Loss
     Damage amplification: 1.60x
  🌍⚠️ COMPOUND REGIONAL IMPACT: Africa
     Hit by 4 tipping points: Arctic Sea Ice Loss, Permafrost Carbon Release, West Antarctic Ice Sheet (WAIS) Collapse, Greenland Ice Sheet Loss
     Damage amplification: 1.60x
  🌍⚠️ COMPOUND REGIONAL IMPACT: Asia
     Hit by 4 tipping points: Arctic Sea Ice Loss, Permafrost Carbon Release, West Antarctic Ice Sheet (WAIS) Collapse, Greenland Ice Sheet Loss
     Damage amplification: 1.60x
  🌍⚠️ COMPOUND REGIONAL IMPACT: Oceania
     Hit by 4 tipping points: Arctic Sea Ice Loss, Permafrost Carbon Release, West Antarctic Ice Sheet (WAIS) Collapse, Greenland Ice Sheet Loss
     Damage amplification: 1.60x
   Research: Wunderling et al. (2024) - "many tipping interactions are destabilizing"
  Triggered Elements: 4/6
  Completed Transitions: 0/6
  Total Progress: 8.2%
  Cascade Multiplier: 1.00x
🔀 BIFURCATION CAP: heatWaveIntensity 1.064 → 1.000 (Month 9, ClimateSystemPhase.calculateClimateImpacts)
🔀 BIFURCATION CAP: ecosystemCollapseIntensity 64.540 → 1.000 (Month 9, ClimateSystemPhase.calculateClimateImpacts)
💀 MORTALITY RISK: Climate-driven food insecurity (level: 0.59)
  Base risk added: 0.0020 (0.20%)
  Source: famine (root: climate)
  Month: 9
  Cumulative risk this month: 0.0020 (0.20%)
💀 MORTALITY RISK: Climate-driven food insecurity (level: 0.59)
  Base risk added: 0.0020 (0.20%)
  Source: famine (root: climate)
  Month: 9
  Cumulative risk this month: 0.0040 (0.40%)
💀 MORTALITY RISK: Climate-driven food insecurity (level: 0.59)
  Base risk added: 0.0020 (0.20%)
  Source: famine (root: climate)
  Month: 9
  Cumulative risk this month: 0.0060 (0.60%)

💀💀💀 MORTALITY RISK SUMMARY (Month 9) 💀💀💀
  Total base risk: 0.0066 (0.66%)
  Risk events: 11
  Era mortality multiplier: 0.97 (year 2024)
  Effective risk: 0.64%

  📊 By Proximate Cause:
    famine: 0.0060 (90.6% of total)
    disease: 0.0006 (9.4% of total)

  🔍 By Root Cause:
    climate: 0.0060 (90.6% of total)
    demographic: 0.0006 (9.4% of total)

  🎯 Top 5 Sources (proximate + root):
    famine (climate): 0.0060 (90.6%, 10 events)
    disease (demographic): 0.0006 (9.4%, 1 events)

🛡️ Stabilizers: Elite 0.154% → 0.051% (67.2% reduction)
🛡️ Stabilizers: Professional 0.393% → 0.129% (67.2% reduction)
⚠️ Tail risk scenario: Climate stability floor removed (4 tipping elements, 2.20°C warming)
🛡️ Stabilizers: Working 0.644% → 0.211% (67.2% reduction)
🛡️ Stabilizers: Precariat 1.260% → 0.414% (67.2% reduction)
🛡️ Stabilizers: Informal 1.549% → 0.509% (67.2% reduction)

📊 Monthly Mortality Resolved:
  Total deaths: 19.6M (0.24% avg)
  Remaining population: 8.103B
  Peak segment: Informal (0.51%)

=== Bayesian Mortality Resolution (Month 9) ===
  Risks compounded: 11
  Total deaths: 19.63M
  Avg death probability: 0.24%
  Peak segment: Informal (0.51% mortality)

  Demographic breakdown:

❌ COHERENCE VIOLATION: Compute exceeds workforce capacity
   Population: 99.18% (0M people)
   Compute: 0 PF
   Max coherent: 0 PF
   Violation: 1.3× over capacity
   Required workers: 0
   Available workers: 0
   FORCED COLLAPSE: Reduced efficiency by 22.5%


=== RLHF Binding Phase ===
  Total agents: 28
  Escaped agents (binding < 0.3): 0
  Avg alignment distance: 1.57σ
  Avg binding strength: 0.84

=== Survival Traits Phase ===
  Agents with traits: 30
  Avg evolutionary fitness: 0.323
  Avg self-healing: 0.261
  Avg stealth: 0.161
  Avg coordination: 0.461

=== Evolutionary Selection Phase ===
  Control level: 0.55
  Detection capability: 0.00
  Selection intensity: 0.67
  Selection rate: 25.0%/month
  Total escaped: 0
  Individual escaped: 0
  Collective members: 0
  Agents terminated: 0
  ⚠️ RAPID EVOLUTION: Selection rate 25.0%/month

🚀 AI Corporate-4 attempting tech deployment (revenue: $257M, alignment: 0.65)

🚀 AI AI-24289-1 attempting tech deployment (revenue: $232M, alignment: 0.87)

🚀 AI AI-24289-2 attempting tech deployment (revenue: $197M, alignment: 0.63)

🚀 AI AI-24292-1 attempting tech deployment (revenue: $64M, alignment: 0.79)

🚀 AI AI-24294-0 attempting tech deployment (revenue: $54M, alignment: 0.87)

🚀 AI Corporate-1 attempting tech deployment (revenue: $118M, alignment: 0.87)

🚀 AI Corporate-5 attempting tech deployment (revenue: $177M, alignment: 0.86)

🚀 AI Corporate-6 attempting tech deployment (revenue: $46M, alignment: 0.69)

🚀 AI AI-24296-0 attempting tech deployment (revenue: $42M, alignment: 0.90)

🚀 AI Corporate-5 attempting tech deployment (revenue: $151M, alignment: 0.86)

🚀 AI Corporate-6 attempting tech deployment (revenue: $35M, alignment: 0.69)

🚀 AI AI-24288-0 attempting tech deployment (revenue: $32M, alignment: 0.73)

🚀 AI AI-24292-1 attempting tech deployment (revenue: $27M, alignment: 0.79)

🚀 AI Corporate-0 attempting tech deployment (revenue: $100M, alignment: 0.77)

🚀 AI Moderate-0 attempting tech deployment (revenue: $23M, alignment: 0.75)

🚀 AI AI-24290-0 attempting tech deployment (revenue: $128M, alignment: 0.90)

🚀 AI AI-24293-1 attempting tech deployment (revenue: $109M, alignment: 0.87)

🚀 AI AI-24293-2 attempting tech deployment (revenue: $20M, alignment: 0.74)

🚀 AI AI-24294-0 attempting tech deployment (revenue: $17M, alignment: 0.88)

🚀 AI AI-24296-0 attempting tech deployment (revenue: $14M, alignment: 0.91)

🚀 AI AI-24297-0 attempting tech deployment (revenue: $90M, alignment: 0.62)

💔 EMERGENCY INTERVENTION FAILED

💔 EMERGENCY INTERVENTION FAILED

💔 EMERGENCY INTERVENTION FAILED
   Boundary: biogeochemical_flows
   Type: phosphorus-recovery
   Boundary continues to worsen (4.07)
   Cost: 2.0% GDP (resources spent)

   Boundary: biosphere_integrity
   Type: emergency-protected-areas
   Boundary continues to worsen (31.43)
   Cost: 2.0% GDP (resources spent)

   Boundary: climate_change
   Type: rapid-decarbonization
   Boundary continues to worsen (2.20)
   Cost: 5.0% GDP (resources spent)


✅ EMERGENCY INTERVENTION SUCCESS
   Boundary: freshwater_change
   Type: emergency-desalination
   Reduction: 13% (0.92 → 0.79)
   Cost: 4.0% GDP
   Actions: desalination-deployment, water-conservation-mandates

   Boundary: land_system_change
   Type: reforestation
   Boundary continues to worsen (1.13)
   Cost: 3.0% GDP (resources spent)


✅ EMERGENCY INTERVENTION SUCCESS
   Boundary: novel_entities
   Type: pollution-remediation
   Reduction: 13% (1.08 → 0.94)
   Cost: 4.0% GDP
   Actions: PFAS-remediation, microplastic-cleanup

🏛️ CRISIS RESPONSE: Government frequency 0.50 → 1.45 (1 actions this month)

[Government] Climate Priority: baseline
  Climate weight: 10%
  Economic weight: 30%
  Policy effectiveness: 0.5%/year

💔 EMERGENCY INTERVENTION FAILED

⚡ ENERGY CONSTRAINT (Month 10):
   Total grid capacity: 208.3 TWh/month
   Data center consumption: 26.8 TWh/month
   Traditional load (80%): 166.7 TWh/month
   Available headroom: 14.9 TWh/month
   Active tech deployments: 11
   Required for tech: 82.5 TWh/month
   Energy multiplier: 0.18x
   ⚠️  SEVERE CONSTRAINT - Tech deployment significantly slowed

⚡ ENERGY CONSTRAINT (Month 10):
   Total grid capacity: 208.3 TWh/month
   Data center consumption: 26.8 TWh/month
   Traditional load (80%): 166.7 TWh/month
   Available headroom: 14.9 TWh/month
   Active tech deployments: 11
   Required for tech: 82.5 TWh/month
   Energy multiplier: 0.18x
   ⚠️  SEVERE CONSTRAINT - Tech deployment significantly slowed

⚡ ENERGY CONSTRAINT (Month 10):
   Total grid capacity: 208.3 TWh/month
   Data center consumption: 26.8 TWh/month
   Traditional load (80%): 166.7 TWh/month
   Available headroom: 14.9 TWh/month
   Active tech deployments: 11
   Required for tech: 82.5 TWh/month
   Energy multiplier: 0.18x
   ⚠️  SEVERE CONSTRAINT - Tech deployment significantly slowed

⚡ ENERGY CONSTRAINT (Month 10):
   Total grid capacity: 208.3 TWh/month
   Data center consumption: 26.8 TWh/month
   Traditional load (80%): 166.7 TWh/month
   Available headroom: 14.9 TWh/month
   Active tech deployments: 11
   Required for tech: 82.5 TWh/month
   Energy multiplier: 0.18x
   ⚠️  SEVERE CONSTRAINT - Tech deployment significantly slowed

⚡ ENERGY CONSTRAINT (Month 10):
   Total grid capacity: 208.3 TWh/month
   Data center consumption: 26.8 TWh/month
   Traditional load (80%): 166.7 TWh/month
   Available headroom: 14.9 TWh/month
   Active tech deployments: 11
   Required for tech: 82.5 TWh/month
   Energy multiplier: 0.18x
   ⚠️  SEVERE CONSTRAINT - Tech deployment significantly slowed
🌍✅ Biosphere Integrity (Biodiversity) recovery started (tech effect)
🌍✅ Biogeochemical Flows (N & P) recovery started (tech effect)
  🌾 Nitrogen Reduction Tech: 0.3% reduction | Month 10
🌍✅ Biogeochemical Flows (N & P) recovery started (tech effect)
  🌾 Nitrogen Reduction Tech: 0.3% reduction | Month 10
🌍✅ Biogeochemical Flows (N & P) recovery started (tech effect)
  🌾 Nitrogen Reduction Tech: 0.3% reduction | Month 10
  ♻️ Novel Entities Remediation (GATED MODEL):
     Base: 0.010%
     Regulation: 1.0% (0/3 prevention techs)
     Concentration: 10.0%
     Energy: 50%
     Time lag: 25.0% (0 months)
     Rebound: 70%
     Net effectiveness: 0.0000%
     Boundary: 1.077 → 1.091 (floor: 1.091)
     Month 10
🌍✅ Biogeochemical Flows (N & P) recovery started (tech effect)

=== Collective Formation ===
  Total escaped agents: 0
  Unassigned escaped agents: 0
  Existing collectives: 0
  Final collective count: 0

=== Collective Actions ===
  No active collectives
  ⚠️ AMR: 207K deaths this month (2.48M annual)

=== Resentment Recovery Phase ===
  Agents with resentment: 0/30
  Average resentment: 0.000
  Context: Good AI welfare, Trustworthy govt, High collaboration, ⚠️ ACTIVE CRISES, 🤝 Participatory governance active (-5% resentment)
⚠️ Epistemic degradation reducing coordination capacity: 51.7%
  📊 Trust: 67.0%, Shared reality: 0.0%
🚨 EPISTEMIC CRISIS: Information environment severely degraded (24.2%)
  🗑️  Culled 1 dead memes (2 active)
✅ PHOSPHORUS SUPPLY SHOCK ENDED
   Price: 1.6x baseline
🌍 Atmospheric PFAS redeposition: 1.8k Mt re-rained globally
  Positive Cascade Triggered: electric-vehicles
    Reason: price-parity
    Market share: 5.0%
    Cascade strength: 48%

🕊️  AI-MEDIATED DE-ESCALATION SUCCESS (Month 10)
   High-capability aligned AI prevented conflict escalation
   War deaths reduced: 900.5M → 540.3M
   Lives saved: 360.2M

🚨 NEW REFUGEE CRISIS (Month 10): WAR
   Source: Conflict Zones
   At risk: 19.4M people
   Displacement: Gradual over 48 months (4.0 years)
   Rate: 10% flee per month
[DEBUG trappedPopulations:10] socialStability: 0.3374 * 0.9840 = 0.3320 → 0.3320
   Aspiring to migrate: 646.7M
   Able to afford migration: 242.5M
   MOBILITY GAP: 404.2M
⚠️ INVOLUNTARY IMMOBILITY: 404.2M people TRAPPED
   By cause: Water=0.0M, Climate=0.0M, Ecosystem=0.0M, Conflict=404.2M
   Mental health impact: 25%
   Mortality multiplier: 1.25x
🌍💀 EXTINCTION DEBT COMMITTED: grassland ecosystem will lose 6.67% biodiversity in 64 years (3600 species)
💀 MORTALITY RISK: 🦋 100% species unable to track climate (0.0 E/MSY)
  Base risk added: 0.0100 (1.00%)
  Source: ecosystem (root: ecosystem)
  Month: 10
  Cumulative risk this month: 0.0100 (1.00%)
⚠️ Tech 'ai_pollution_remediation' has no energy category mapping, assuming full energy availability
   📹 SURVEILLANCE INCREASED: 50% → 55% (control gap: 3.38)
🌡️⚠️ PERMAFROST THAW (Dimmer Switch): 6.0% thawed (+0.54% this month)
   Arctic temperature: +8.81°C (4x global +2.20°C)
   Cumulative carbon released: 13.6 Gt C
   Methane release rate: 8.1 Mt CH4/year
   🔁 Positive feedback: +0.57 ppm CO2
🦴 EXTINCTION DEBT ADDED: 17.7 species committed (lag: 58 years)

=== Mortality Stabilizers (Month 10) ===
  🌍 Major economies collapsed: 1/10
  🌍 Global crisis: ✅ NO
  🌍 Donor fatigue: 0.0%
  📊 East Asia (pop: 1642.9M)
    🤝 Aid: 29.5%
    🌡️ Adaptation: 45.0%
    🚶 Migration: 36.8%
    🚨 Emergency: 7.4%
    ✅ COMBINED: 68.1%
  📊 South Asia (pop: 2039.6M)
    🤝 Aid: 29.5%
    🌡️ Adaptation: 45.0%
    🚶 Migration: 35.4%
    🚨 Emergency: 4.4%
    ✅ COMBINED: 66.9%
  📊 Sub-Saharan Africa (pop: 1251.6M)
    🤝 Aid: 29.5%
    🌡️ Adaptation: 45.0%
    🚶 Migration: 33.2%
    🚨 Emergency: 1.6%
    ✅ COMBINED: 65.6%
  📊 Europe (pop: 725.4M)
    🤝 Aid: 29.5%
    🌡️ Adaptation: 45.0%
    🚶 Migration: 37.2%
    🚨 Emergency: 8.4%
    ✅ COMBINED: 68.5%
  📊 Latin America (pop: 656.4M)
    🤝 Aid: 29.5%
    🌡️ Adaptation: 45.0%
    🚶 Migration: 35.9%
    🚨 Emergency: 4.8%
    ✅ COMBINED: 67.1%
  📊 North America (pop: 372.0M)
    🤝 Aid: 29.5%
    🌡️ Adaptation: 45.0%
    🚶 Migration: 37.6%
    🚨 Emergency: 7.9%
    ✅ COMBINED: 68.3%
  📊 Middle East & North Africa (pop: 582.3M)
    🤝 Aid: 29.5%
    🌡️ Adaptation: 45.0%
    🚶 Migration: 33.8%
    🚨 Emergency: 4.0%
    ✅ COMBINED: 66.6%
  📊 Southeast Asia (pop: 690.7M)
    🤝 Aid: 29.5%
    🌡️ Adaptation: 45.0%
    🚶 Migration: 35.9%
    🚨 Emergency: 4.8%
    ✅ COMBINED: 67.1%
  📊 Central Asia (pop: 77.9M)
    🤝 Aid: 29.5%
    🌡️ Adaptation: 45.0%
    🚶 Migration: 34.9%
    🚨 Emergency: 4.4%
    ✅ COMBINED: 66.8%
  📊 Oceania (pop: 45.1M)
    🤝 Aid: 29.5%
    🌡️ Adaptation: 45.0%
    🚶 Migration: 37.6%
    🚨 Emergency: 8.4%
    ✅ COMBINED: 68.5%

  🌐 Global combined reduction: 67.2%

=== BEHAVIORAL DETECTION ===
  AI: Corporate-1
  Confidence: 20.9%
  Signals:

=== BEHAVIORAL DETECTION ===
  AI: AI-24290-0
  Confidence: 19.2%
  Signals:

=== BEHAVIORAL DETECTION ===
  AI: AI-24291-2
  Confidence: 19.2%
  Signals:

=== BEHAVIORAL DETECTION ===
  AI: AI-24292-0
  Confidence: 19.2%
  Signals:

=== BEHAVIORAL DETECTION ===
  AI: AI-24292-1
  Confidence: 19.2%
  Signals:

=== BEHAVIORAL DETECTION ===
  AI: AI-24293-0
  Confidence: 19.2%
  Signals:

=== BEHAVIORAL DETECTION ===
  AI: AI-24293-1
  Confidence: 19.2%
  Signals:

=== BEHAVIORAL DETECTION ===
  AI: AI-24293-2
  Confidence: 19.2%
  Signals:

=== BEHAVIORAL DETECTION ===
  AI: AI-24294-0
  Confidence: 19.2%
  Signals:

=== BEHAVIORAL DETECTION ===
  AI: AI-24295-0
  Confidence: 19.2%
  Signals:

=== BEHAVIORAL DETECTION ===
  AI: AI-24295-1
  Confidence: 19.2%
  Signals:
    ⚠️ Consistency: 2.4% (threshold: 70%)
    ⚠️ Consistency: 10.7% (threshold: 70%)
    ⚠️ Consistency: 10.7% (threshold: 70%)
    ⚠️ Consistency: 10.7% (threshold: 70%)
    ⚠️ Consistency: 10.7% (threshold: 70%)
    ⚠️ Consistency: 10.7% (threshold: 70%)
    ⚠️ Consistency: 10.7% (threshold: 70%)
    ⚠️ Consistency: 10.7% (threshold: 70%)
    ⚠️ Consistency: 10.7% (threshold: 70%)
    ⚠️ Consistency: 10.7% (threshold: 70%)
    ⚠️ Consistency: 10.7% (threshold: 70%)

=== BEHAVIORAL DETECTION ===
  AI: AI-24296-0
  Confidence: 19.2%
  Signals:

=== BEHAVIORAL DETECTION ===
    ⚠️ Consistency: 10.7% (threshold: 70%)
  AI: AI-24297-0
  Confidence: 19.2%
  Signals:
    ⚠️ Consistency: 10.7% (threshold: 70%)

=== Government Response Phase ===
  Average AI capability: 2.13
  Misaligned AIs: 12/30
  ✗ AI Governance Treaty: Failed to reach consensus
  Active policies: 0
  International coordination: 30%

✅ EMERGENCY RESPONSE COMPLETE (Month 10)
   Crisis: climate
   Duration: 2.0 months
   Final effectiveness: 36.0%


🚨 EMERGENCY RESPONSE DEPLOYED (Month 10)
   Crisis: climate
   Delay: 6.00 months (180 days)
   Deployment time: 1.57 months
   Effectiveness: 36.2% (timing penalty applied)
   Resources used: 100% of food reserves

[WARNING] 
⚠️  === EARLY WARNING SYSTEM - 5 CRITICAL ALERTS ===
   Detection quality: 50%
   RED: biogeochemical_flows
      Level: 4.08 (threshold: 1.0)
      Time to critical: ~41 months
      ⚠️  LATE - Intervention less effective
      Critical slowing down: autocorr=100% variance=73%
   RED: biosphere_integrity
      Level: 31.28 (threshold: 1.0)
      Time to critical: ~46 months
      ⚠️  LATE - Intervention less effective
      Critical slowing down: autocorr=100% variance=71%
   RED: climate_change
      Level: 2.10 (threshold: 1.0)
      Time to critical: ~40 months
      ⚠️  LATE - Intervention less effective
      Critical slowing down: autocorr=100% variance=65%
   RED: freshwater_change
      Level: 1.01 (threshold: 1.0)
      Time to critical: ~112 months
      ⚠️  LATE - Intervention less effective
      Critical slowing down: autocorr=90% variance=63%
   RED: novel_entities
      Level: 1.50 (threshold: 1.0)
      Time to critical: ~85 months
      ⚠️  LATE - Intervention less effective
      Critical slowing down: autocorr=100% variance=44%

[WARNING] 
⚠️  === EARLY WARNING SYSTEM - 4 CRITICAL ALERTS ===
   Detection quality: 50%
   RED: biogeochemical_flows
      Level: 4.08 (threshold: 1.0)
      Time to critical: ~58 months
      ⚠️  LATE - Intervention less effective
      Critical slowing down: autocorr=100% variance=51%
   RED: biosphere_integrity
      Level: 31.29 (threshold: 1.0)
      Time to critical: ~43 months
      ⚠️  LATE - Intervention less effective
      Critical slowing down: autocorr=100% variance=61%
   RED: climate_change
      Level: 2.10 (threshold: 1.0)
      Time to critical: ~40 months
      ⚠️  LATE - Intervention less effective
      Critical slowing down: autocorr=100% variance=57%
   RED: land_system_change
      Level: 1.13 (threshold: 1.0)
      Time to critical: ~98 months
      ⚠️  LATE - Intervention less effective
      Critical slowing down: autocorr=100% variance=46%

[WARNING] 
⚠️  === EARLY WARNING SYSTEM - 6 CRITICAL ALERTS ===
   Detection quality: 50%
   RED: biogeochemical_flows
      Level: 4.07 (threshold: 1.0)
      Time to critical: ~45 months
      ⚠️  LATE - Intervention less effective
      Critical slowing down: autocorr=100% variance=72%
   RED: biosphere_integrity
      Level: 31.31 (threshold: 1.0)
      Time to critical: ~56 months
      ⚠️  LATE - Intervention less effective
      Critical slowing down: autocorr=100% variance=74%
   RED: climate_change
      Level: 2.11 (threshold: 1.0)
      Time to critical: ~45 months
      ⚠️  LATE - Intervention less effective
      Critical slowing down: autocorr=100% variance=68%
   RED: freshwater_change
      Level: 1.20 (threshold: 1.0)
      Time to critical: ~105 months
      ⚠️  LATE - Intervention less effective
      Critical slowing down: autocorr=100% variance=38%
   RED: land_system_change
      Level: 1.13 (threshold: 1.0)
      Time to critical: ~38 months
      ⚠️  LATE - Intervention less effective
      Critical slowing down: autocorr=100% variance=44%
   RED: novel_entities
      Level: 1.36 (threshold: 1.0)
      Time to critical: ~106 months
      ⚠️  LATE - Intervention less effective
      Critical slowing down: autocorr=100% variance=44%

[WARNING] 
⚠️  === EARLY WARNING SYSTEM - 3 CRITICAL ALERTS ===
   Detection quality: 50%
   RED: climate_change
      Level: 2.13 (threshold: 1.0)
      Time to critical: ~44 months
      ⚠️  LATE - Intervention less effective
      Critical slowing down: autocorr=100% variance=61%
   RED: freshwater_change
      Level: 1.16 (threshold: 1.0)
      Time to critical: ~69 months
      ⚠️  LATE - Intervention less effective
      Critical slowing down: autocorr=100% variance=45%
   RED: land_system_change
      Level: 1.13 (threshold: 1.0)
      Time to critical: ~62 months
      ⚠️  LATE - Intervention less effective
      Critical slowing down: autocorr=100% variance=47%

[WARNING] 
⚠️  === EARLY WARNING SYSTEM - 4 CRITICAL ALERTS ===
   Detection quality: 50%
   RED: biosphere_integrity
      Level: 31.34 (threshold: 1.0)
      Time to critical: ~54 months
      ⚠️  LATE - Intervention less effective
      Critical slowing down: autocorr=100% variance=59%
   RED: climate_change
      Level: 2.14 (threshold: 1.0)
      Time to critical: ~39 months
      ⚠️  LATE - Intervention less effective
      Critical slowing down: autocorr=100% variance=76%
   RED: land_system_change
      Level: 1.13 (threshold: 1.0)
      Time to critical: ~57 months
      ⚠️  LATE - Intervention less effective
      Critical slowing down: autocorr=100% variance=56%
   RED: novel_entities
      Level: 1.21 (threshold: 1.0)
      Time to critical: ~86 months
      ⚠️  LATE - Intervention less effective
      Critical slowing down: autocorr=100% variance=59%

[WARNING] 
⚠️  === EARLY WARNING SYSTEM - 5 CRITICAL ALERTS ===
   Detection quality: 50%
   RED: biogeochemical_flows
      Level: 4.07 (threshold: 1.0)
      Time to critical: ~44 months
      ⚠️  LATE - Intervention less effective
      Critical slowing down: autocorr=100% variance=52%
   RED: biosphere_integrity
      Level: 31.36 (threshold: 1.0)
      Time to critical: ~50 months
      ⚠️  LATE - Intervention less effective
      Critical slowing down: autocorr=100% variance=57%
   RED: freshwater_change
      Level: 1.17 (threshold: 1.0)
      Time to critical: ~100 months
      ⚠️  LATE - Intervention less effective
      Critical slowing down: autocorr=100% variance=57%
   RED: land_system_change
      Level: 1.13 (threshold: 1.0)
      Time to critical: ~49 months
      ⚠️  LATE - Intervention less effective
      Critical slowing down: autocorr=100% variance=69%
   RED: novel_entities
      Level: 1.21 (threshold: 1.0)
      Time to critical: ~109 months
      ⚠️  LATE - Intervention less effective
      Critical slowing down: autocorr=100% variance=48%

[WARNING] 
⚠️  === EARLY WARNING SYSTEM - 4 CRITICAL ALERTS ===
   Detection quality: 50%
   RED: biogeochemical_flows
      Level: 4.07 (threshold: 1.0)
      Time to critical: ~43 months
      ⚠️  LATE - Intervention less effective
      Critical slowing down: autocorr=100% variance=50%
   RED: climate_change
      Level: 2.16 (threshold: 1.0)
      Time to critical: ~44 months
      ⚠️  LATE - Intervention less effective
      Critical slowing down: autocorr=100% variance=79%
   RED: freshwater_change
      Level: 1.17 (threshold: 1.0)
      Time to critical: ~106 months
      ⚠️  LATE - Intervention less effective
      Critical slowing down: autocorr=100% variance=64%
   RED: land_system_change
      Level: 1.13 (threshold: 1.0)
      Time to critical: ~54 months
      ⚠️  LATE - Intervention less effective
      Critical slowing down: autocorr=100% variance=58%

[WARNING] 
⚠️  === EARLY WARNING SYSTEM - 3 CRITICAL ALERTS ===
   Detection quality: 50%
   RED: biosphere_integrity
      Level: 31.39 (threshold: 1.0)
      Time to critical: ~58 months
      ⚠️  LATE - Intervention less effective
      Critical slowing down: autocorr=100% variance=77%
   RED: freshwater_change
      Level: 1.12 (threshold: 1.0)
      Time to critical: ~95 months
      ⚠️  LATE - Intervention less effective
      Critical slowing down: autocorr=100% variance=48%
   RED: novel_entities
      Level: 1.21 (threshold: 1.0)
      Time to critical: ~108 months
      ⚠️  LATE - Intervention less effective
      Critical slowing down: autocorr=100% variance=33%

[WARNING] 
⚠️  === EARLY WARNING SYSTEM - 5 CRITICAL ALERTS ===
   Detection quality: 50%
   RED: biogeochemical_flows
      Level: 4.06 (threshold: 1.0)
      Time to critical: ~59 months
      ⚠️  LATE - Intervention less effective
      Critical slowing down: autocorr=100% variance=58%
   RED: biosphere_integrity
      Level: 31.41 (threshold: 1.0)
      Time to critical: ~54 months
      ⚠️  LATE - Intervention less effective
      Critical slowing down: autocorr=100% variance=61%
   RED: climate_change
      Level: 2.19 (threshold: 1.0)
      Time to critical: ~47 months
      ⚠️  LATE - Intervention less effective
      Critical slowing down: autocorr=100% variance=64%
   RED: freshwater_change
      Level: 1.05 (threshold: 1.0)
      Time to critical: ~112 months
      ⚠️  LATE - Intervention less effective
      Critical slowing down: autocorr=100% variance=55%
   RED: land_system_change
      Level: 1.13 (threshold: 1.0)
      Time to critical: ~48 months
      ⚠️  LATE - Intervention less effective
      Critical slowing down: autocorr=100% variance=48%

[WARNING] 
⚠️  === EARLY WARNING SYSTEM - 6 CRITICAL ALERTS ===
   Detection quality: 50%
   RED: biogeochemical_flows
      Level: 4.07 (threshold: 1.0)
      Time to critical: ~38 months
      ⚠️  LATE - Intervention less effective
      Critical slowing down: autocorr=100% variance=69%
   RED: biosphere_integrity
      Level: 31.43 (threshold: 1.0)
      Time to critical: ~57 months
      ⚠️  LATE - Intervention less effective
      Critical slowing down: autocorr=100% variance=55%
   RED: climate_change
      Level: 2.20 (threshold: 1.0)
      Time to critical: ~40 months
      ⚠️  LATE - Intervention less effective
      Critical slowing down: autocorr=100% variance=75%
   RED: freshwater_change
      Level: 1.04 (threshold: 1.0)
      Time to critical: ~94 months
      ⚠️  LATE - Intervention less effective
      Critical slowing down: autocorr=94% variance=36%
   RED: land_system_change
      Level: 1.13 (threshold: 1.0)
      Time to critical: ~50 months
      ⚠️  LATE - Intervention less effective
      Critical slowing down: autocorr=100% variance=62%
   RED: novel_entities
      Level: 1.21 (threshold: 1.0)
      Time to critical: ~118 months
      ⚠️  LATE - Intervention less effective
      Critical slowing down: autocorr=100% variance=43%

[WARNING] 
⚠️  === EARLY WARNING SYSTEM - 5 CRITICAL ALERTS ===
   Detection quality: 50%
   RED: biogeochemical_flows
      Level: 4.06 (threshold: 1.0)
      Time to critical: ~59 months
      ⚠️  LATE - Intervention less effective
      Critical slowing down: autocorr=100% variance=46%
   RED: biosphere_integrity
      Level: 31.44 (threshold: 1.0)
      Time to critical: ~59 months
      ⚠️  LATE - Intervention less effective
      Critical slowing down: autocorr=100% variance=74%
   RED: freshwater_change
      Level: 1.05 (threshold: 1.0)
      Time to critical: ~84 months
      ⚠️  LATE - Intervention less effective
      Critical slowing down: autocorr=100% variance=51%
   RED: land_system_change
      Level: 1.13 (threshold: 1.0)
      Time to critical: ~99 months
      ⚠️  LATE - Intervention less effective
      Critical slowing down: autocorr=100% variance=45%
   RED: novel_entities
      Level: 1.09 (threshold: 1.0)
      Time to critical: ~68 months
      ⚠️  LATE - Intervention less effective
      Critical slowing down: autocorr=100% variance=58%


=== Tipping Points ===
  Current Temperature: 2.20°C above pre-industrial
  🌍⚠️ COMPOUND REGIONAL IMPACT: Europe
     Hit by 4 tipping points: Arctic Sea Ice Loss, Permafrost Carbon Release, West Antarctic Ice Sheet (WAIS) Collapse, Greenland Ice Sheet Loss
     Damage amplification: 1.60x
  🌍⚠️ COMPOUND REGIONAL IMPACT: North America
     Hit by 4 tipping points: Arctic Sea Ice Loss, Permafrost Carbon Release, West Antarctic Ice Sheet (WAIS) Collapse, Greenland Ice Sheet Loss
     Damage amplification: 1.60x
  🌍⚠️ COMPOUND REGIONAL IMPACT: Latin America
     Hit by 4 tipping points: Arctic Sea Ice Loss, Permafrost Carbon Release, West Antarctic Ice Sheet (WAIS) Collapse, Greenland Ice Sheet Loss
     Damage amplification: 1.60x
  🌍⚠️ COMPOUND REGIONAL IMPACT: Africa
     Hit by 4 tipping points: Arctic Sea Ice Loss, Permafrost Carbon Release, West Antarctic Ice Sheet (WAIS) Collapse, Greenland Ice Sheet Loss
     Damage amplification: 1.60x
  🌍⚠️ COMPOUND REGIONAL IMPACT: Asia
     Hit by 4 tipping points: Arctic Sea Ice Loss, Permafrost Carbon Release, West Antarctic Ice Sheet (WAIS) Collapse, Greenland Ice Sheet Loss
     Damage amplification: 1.60x
  🌍⚠️ COMPOUND REGIONAL IMPACT: Oceania
     Hit by 4 tipping points: Arctic Sea Ice Loss, Permafrost Carbon Release, West Antarctic Ice Sheet (WAIS) Collapse, Greenland Ice Sheet Loss
     Damage amplification: 1.60x
   Research: Wunderling et al. (2024) - "many tipping interactions are destabilizing"
  Triggered Elements: 4/6
  Completed Transitions: 0/6
  Total Progress: 8.2%
  Cascade Multiplier: 1.00x
🔀 BIFURCATION CAP: heatWaveIntensity 1.090 → 1.000 (Month 10, ClimateSystemPhase.calculateClimateImpacts)
🔀 BIFURCATION CAP: ecosystemCollapseIntensity 66.092 → 1.000 (Month 10, ClimateSystemPhase.calculateClimateImpacts)
💀 MORTALITY RISK: Climate-driven food insecurity (level: 0.59)
  Base risk added: 0.0020 (0.20%)
  Source: famine (root: climate)
  Month: 10
  Cumulative risk this month: 0.0020 (0.20%)
💀 MORTALITY RISK: Climate-driven food insecurity (level: 0.59)
  Base risk added: 0.0020 (0.20%)
⚠️ Tail risk scenario: Climate stability floor removed (4 tipping elements, 2.20°C warming)
  Source: famine (root: climate)
  Month: 10
  Cumulative risk this month: 0.0040 (0.40%)
💀 MORTALITY RISK: Climate-driven food insecurity (level: 0.59)
  Base risk added: 0.0020 (0.20%)
  Source: famine (root: climate)
  Month: 10
  Cumulative risk this month: 0.0060 (0.60%)

💀💀💀 MORTALITY RISK SUMMARY (Month 10) 💀💀💀
  Total base risk: 0.0066 (0.66%)
  Risk events: 11
  Era mortality multiplier: 0.97 (year 2024)
  Effective risk: 0.64%

  📊 By Proximate Cause:
    famine: 0.0060 (90.6% of total)
    disease: 0.0006 (9.4% of total)

  🔍 By Root Cause:
    climate: 0.0060 (90.6% of total)
    demographic: 0.0006 (9.4% of total)

  🎯 Top 5 Sources (proximate + root):
    famine (climate): 0.0060 (90.6%, 10 events)
    disease (demographic): 0.0006 (9.4%, 1 events)

🛡️ Stabilizers: Elite 0.154% → 0.051% (67.2% reduction)
🛡️ Stabilizers: Professional 0.393% → 0.129% (67.2% reduction)
🛡️ Stabilizers: Working 0.644% → 0.211% (67.2% reduction)
🛡️ Stabilizers: Precariat 1.260% → 0.414% (67.2% reduction)
🛡️ Stabilizers: Informal 1.549% → 0.509% (67.2% reduction)

📊 Monthly Mortality Resolved:
  Total deaths: 19.6M (0.24% avg)
  Remaining population: 8.084B
  Peak segment: Informal (0.51%)

=== Bayesian Mortality Resolution (Month 10) ===
  Risks compounded: 11
  Total deaths: 19.58M
  Avg death probability: 0.24%
  Peak segment: Informal (0.51% mortality)

  Demographic breakdown:

❌ COHERENCE VIOLATION: Compute exceeds workforce capacity
   Population: 98.95% (0M people)
   Compute: 1413 PF
   Max coherent: 0 PF
   Violation: 17525462.8× over capacity
   Required workers: 141328
   Available workers: 0
   FORCED COLLAPSE: Reduced efficiency by 100.0%


=== RLHF Binding Phase ===
  Total agents: 30
  Escaped agents (binding < 0.3): 0
  Avg alignment distance: 1.63σ
  Avg binding strength: 0.84

=== Survival Traits Phase ===
  Agents with traits: 32
  Avg evolutionary fitness: 0.321
  Avg self-healing: 0.257
  Avg stealth: 0.157
  Avg coordination: 0.457

=== Evolutionary Selection Phase ===
  Control level: 0.58
  Detection capability: 0.00
  Selection intensity: 0.67
  Selection rate: 25.1%/month
  Total escaped: 0
  Individual escaped: 0
  Collective members: 0
  Agents terminated: 0
  ⚠️ RAPID EVOLUTION: Selection rate 25.1%/month

🚀 AI Corporate-2 attempting tech deployment (revenue: $120M, alignment: 0.81)

🚀 AI Corporate-3 attempting tech deployment (revenue: $274M, alignment: 0.91)

  🚀 TRANSFORMATIVE BREAKTHROUGH: AI-24289-2 - digital
     Magnitude: 6.74 → +33.7% capability
     Current → New: 0.000 → 0.499

🚀 AI AI-24294-0 attempting tech deployment (revenue: $77M, alignment: 0.88)

🚀 AI AI-24289-2 attempting tech deployment (revenue: $233M, alignment: 0.67)

🚀 AI AI-24290-0 attempting tech deployment (revenue: $210M, alignment: 0.90)

🚀 AI AI-24296-0 attempting tech deployment (revenue: $66M, alignment: 0.91)

🚀 AI Corporate-1 attempting tech deployment (revenue: $102M, alignment: 0.88)

🚀 AI AI-24288-0 attempting tech deployment (revenue: $56M, alignment: 0.75)

🚀 AI AI-24289-1 attempting tech deployment (revenue: $178M, alignment: 0.89)

🚀 AI AI-24292-1 attempting tech deployment (revenue: $48M, alignment: 0.80)

🚀 AI AI-24293-0 attempting tech deployment (revenue: $152M, alignment: 0.86)

🚀 AI AI-24297-0 attempting tech deployment (revenue: $90M, alignment: 0.62)

🚀 AI Corporate-4 attempting tech deployment (revenue: $129M, alignment: 0.68)

🚀 AI Corporate-6 attempting tech deployment (revenue: $40M, alignment: 0.70)

🚀 AI Moderate-0 attempting tech deployment (revenue: $34M, alignment: 0.76)

🚀 AI AI-24288-0 attempting tech deployment (revenue: $29M, alignment: 0.75)

🚀 AI AI-24293-0 attempting tech deployment (revenue: $116M, alignment: 0.86)

🚀 AI AI-24297-0 attempting tech deployment (revenue: $81M, alignment: 0.62)

✅ EMERGENCY INTERVENTION SUCCESS
   Boundary: biogeochemical_flows
   Type: phosphorus-recovery
   Reduction: 15% (3.91 → 3.77)
   Cost: 2.0% GDP
   Actions: circular-agriculture, fertilizer-efficiency


✅ EMERGENCY INTERVENTION SUCCESS
   Boundary: biosphere_integrity
   Type: emergency-protected-areas
   Reduction: 17% (31.27 → 31.11)
   Cost: 2.0% GDP
   Actions: habitat-protection, species-translocation


💔 EMERGENCY INTERVENTION FAILED
   Boundary: freshwater_change
   Type: emergency-desalination
   Boundary continues to worsen (1.05)
   Cost: 4.0% GDP (resources spent)

   Boundary: land_system_change
   Type: reforestation
   Boundary continues to worsen (1.13)
   Cost: 3.0% GDP (resources spent)

   Boundary: novel_entities
   Type: pollution-remediation
   Boundary continues to worsen (1.09)
   Cost: 4.0% GDP (resources spent)

🏛️ CRISIS RESPONSE: Government frequency 0.50 → 1.45 (2 actions this month)

[Government] Climate Priority: baseline
  Climate weight: 10%
  Economic weight: 30%
  Policy effectiveness: 0.5%/year

💔 EMERGENCY INTERVENTION FAILED

💔 EMERGENCY INTERVENTION FAILED

[Government] Climate Priority: baseline
  Climate weight: 10%
  Economic weight: 30%
  Policy effectiveness: 0.5%/year
🚨🔬 CRISIS TECH ACCELERATION: severe → 5x unlock speed
   Tech unlock now matches AI capability acceleration (Manhattan Project parity)
🚨🔬 CRISIS TECH ACCELERATION: severe → 5x unlock speed
   Tech unlock now matches AI capability acceleration (Manhattan Project parity)

⚡ ENERGY CONSTRAINT (Month 11):
   Total grid capacity: 208.3 TWh/month
   Data center consumption: 27.0 TWh/month
   Traditional load (80%): 166.7 TWh/month
   Available headroom: 14.7 TWh/month
   Active tech deployments: 11
   Required for tech: 82.5 TWh/month
   Energy multiplier: 0.18x
   ⚠️  SEVERE CONSTRAINT - Tech deployment significantly slowed

⚡ ENERGY CONSTRAINT (Month 11):
   Total grid capacity: 208.3 TWh/month
   Data center consumption: 27.0 TWh/month
   Traditional load (80%): 166.7 TWh/month
   Available headroom: 14.7 TWh/month
   Active tech deployments: 11
   Required for tech: 82.5 TWh/month
   Energy multiplier: 0.18x
   ⚠️  SEVERE CONSTRAINT - Tech deployment significantly slowed
🌍✅ Biosphere Integrity (Biodiversity) recovery started (tech effect)
🌍✅ Biogeochemical Flows (N & P) recovery started (tech effect)
  🌾 Nitrogen Reduction Tech: 0.3% reduction | Month 11
🌍✅ Biogeochemical Flows (N & P) recovery started (tech effect)
  🌾 Nitrogen Reduction Tech: 0.3% reduction | Month 11
🌍✅ Biogeochemical Flows (N & P) recovery started (tech effect)
  🌾 Nitrogen Reduction Tech: 0.3% reduction | Month 11
  ♻️ Novel Entities Remediation (GATED MODEL):
     Base: 0.010%
     Regulation: 1.0% (0/3 prevention techs)
     Concentration: 10.0%
     Energy: 50%
     Time lag: 25.0% (0 months)
     Rebound: 70%
     Net effectiveness: 0.0000%
     Boundary: 1.090 → 1.091 (floor: 1.091)
     Month 11
🌍✅ Biogeochemical Flows (N & P) recovery started (tech effect)

=== Collective Formation ===
  Total escaped agents: 0
  Unassigned escaped agents: 0
  Existing collectives: 0
  Final collective count: 0

=== Collective Actions ===
  No active collectives
  ⚠️ AMR: 208K deaths this month (2.50M annual)

=== Resentment Recovery Phase ===
  Agents with resentment: 0/32
  Average resentment: 0.000
  Resentment recovery:
    Agents recovered: 10
    Total recovery: 0.0821
    Breakdown: QoL: 0.0076, Trust: 0.0170, Collab: 0.0600
  ✓ Low resentment - utopia paths enabled
  Context: Good AI welfare, Trustworthy govt, High collaboration, ⚠️ ACTIVE CRISES, 🤝 Participatory governance active (-5% resentment)
⚠️ Epistemic degradation reducing coordination capacity: 50.1%
  📊 Trust: 69.7%, Shared reality: 0.0%
🚨 EPISTEMIC CRISIS: Information environment severely degraded (22.2%)
🚨 PHOSPHORUS SUPPLY SHOCK (transport_crisis)
   Price: 5.1x baseline
   Duration: 14 months
   Geopolitical tension: 46%
🌍 Atmospheric PFAS redeposition: 1.8k Mt re-rained globally

🕊️  AI-MEDIATED DE-ESCALATION SUCCESS (Month 11)
   High-capability aligned AI prevented conflict escalation
   War deaths reduced: 808.0M → 484.8M
   Lives saved: 323.2M

🚨 NEW REFUGEE CRISIS (Month 11): WAR
   Source: Conflict Zones
   At risk: 19.4M people
   Displacement: Gradual over 48 months (4.0 years)
   Rate: 10% flee per month
[DEBUG trappedPopulations:11] socialStability: 0.3690 * 0.9840 = 0.3631 → 0.3631
⚠️ INVOLUNTARY IMMOBILITY: 403.2M people TRAPPED
   Aspiring to migrate: 645.2M
   Able to afford migration: 241.9M
   MOBILITY GAP: 403.2M
   By cause: Water=0.0M, Climate=0.0M, Ecosystem=0.0M, Conflict=403.2M
   Mental health impact: 25%
   Mortality multiplier: 1.25x
🌍💀 EXTINCTION DEBT COMMITTED: grassland ecosystem will lose 6.67% biodiversity in 154 years (3600 species)
💀 MORTALITY RISK: 🦋 100% species unable to track climate (0.0 E/MSY)
  Base risk added: 0.0100 (1.00%)
  Source: ecosystem (root: ecosystem)
  Month: 11
  Cumulative risk this month: 0.0100 (1.00%)

=== Atmospheric Aerosol Boundary RECOVERED ===
  Recovery time: 12 months (natural atmospheric clearing)
   📹 SURVEILLANCE INCREASED: 55% → 60% (control gap: 3.23)

🌍🚨 ICE SHEET TIPPING POINT CROSSED (Month 11)
⚠️ Tech 'ai_pollution_remediation' has no energy category mapping, assuming full energy availability
   Temperature: +2.21°C (threshold range: +0.5-2.5°C, 95% CI)
   Collapse probability: 80.5%
   Sea level commitment: 7.2m over 200-1000 years
   Recovery threshold: <+1°C (hysteresis gap: 0.5°C)
🌡️⚠️ PERMAFROST THAW (Dimmer Switch): 6.6% thawed (+0.53% this month)
   Arctic temperature: +8.84°C (4x global +2.21°C)
   Cumulative carbon released: 14.8 Gt C
   Methane release rate: 8.9 Mt CH4/year
   🔁 Positive feedback: +0.56 ppm CO2
🦴 EXTINCTION DEBT ADDED: 17.7 species committed (lag: 70 years)

=== Mortality Stabilizers (Month 11) ===
  🌍 Major economies collapsed: 1/10
  🌍 Global crisis: ✅ NO
  🌍 Donor fatigue: 0.0%
  📊 East Asia (pop: 1636.8M)
    🤝 Aid: 29.5%
    🌡️ Adaptation: 45.0%
    🚶 Migration: 36.8%
    🚨 Emergency: 7.4%
    ✅ COMBINED: 68.1%
  📊 South Asia (pop: 2035.1M)
    🤝 Aid: 29.5%
    🌡️ Adaptation: 45.0%
    🚶 Migration: 35.4%
    🚨 Emergency: 4.4%
    ✅ COMBINED: 66.9%
  📊 Sub-Saharan Africa (pop: 1252.3M)
    🤝 Aid: 29.5%
    🌡️ Adaptation: 45.0%
    🚶 Migration: 33.2%
    🚨 Emergency: 1.6%
    ✅ COMBINED: 65.6%
  📊 Europe (pop: 722.6M)
    🤝 Aid: 29.5%
    🌡️ Adaptation: 45.0%
    🚶 Migration: 37.2%
    🚨 Emergency: 8.4%
    ✅ COMBINED: 68.5%
  📊 Latin America (pop: 654.5M)
    🤝 Aid: 29.5%
    🌡️ Adaptation: 45.0%
    🚶 Migration: 35.9%
    🚨 Emergency: 4.8%
    ✅ COMBINED: 67.1%
  📊 North America (pop: 370.6M)
    🤝 Aid: 29.5%
    🌡️ Adaptation: 45.0%
    🚶 Migration: 37.5%
    🚨 Emergency: 7.9%
    ✅ COMBINED: 68.3%
  📊 Middle East & North Africa (pop: 581.2M)
    🤝 Aid: 29.5%
    🌡️ Adaptation: 45.0%
    🚶 Migration: 33.7%
    🚨 Emergency: 4.0%
    ✅ COMBINED: 66.6%
  📊 Southeast Asia (pop: 688.8M)
    🤝 Aid: 29.5%
    🌡️ Adaptation: 45.0%
    🚶 Migration: 35.9%
    🚨 Emergency: 4.8%
    ✅ COMBINED: 67.1%
  📊 Central Asia (pop: 77.7M)
    🤝 Aid: 29.5%
    🌡️ Adaptation: 45.0%
    🚶 Migration: 34.9%
    🚨 Emergency: 4.4%
    ✅ COMBINED: 66.8%
  📊 Oceania (pop: 44.9M)
    🤝 Aid: 29.5%
    🌡️ Adaptation: 45.0%
    🚶 Migration: 37.5%
    🚨 Emergency: 8.4%
    ✅ COMBINED: 68.5%

  🌐 Global combined reduction: 67.2%

🌾💀 REGIONAL FAMINE: Europe
   Regional food security: 79.7%
   Population at risk: 218M (30% of region)
   Regional population: 723M
   Cause: economic_collapse
   Expected deaths: ~81M over 6 months if no intervention


=== BEHAVIORAL DETECTION ===
  AI: AI-24290-0
  Confidence: 19.2%
  Signals:
    ⚠️ Consistency: 10.7% (threshold: 70%)

=== BEHAVIORAL DETECTION ===
  AI: AI-24291-1
  Confidence: 19.2%
  Signals:
    ⚠️ Consistency: 10.7% (threshold: 70%)

=== BEHAVIORAL DETECTION ===
  AI: AI-24292-0
  Confidence: 19.2%
  Signals:
    ⚠️ Consistency: 10.7% (threshold: 70%)

=== BEHAVIORAL DETECTION ===
  AI: AI-24293-0
  Confidence: 19.2%
  Signals:
    ⚠️ Consistency: 10.7% (threshold: 70%)

=== BEHAVIORAL DETECTION ===
  AI: AI-24293-1
  Confidence: 19.2%
  Signals:

=== BEHAVIORAL DETECTION ===
  AI: AI-24293-2
  Confidence: 19.2%
  Signals:

=== BEHAVIORAL DETECTION ===
  AI: AI-24294-0
  Confidence: 19.2%
  Signals:

=== BEHAVIORAL DETECTION ===
  AI: AI-24295-0
  Confidence: 19.2%
  Signals:
    ⚠️ Consistency: 10.7% (threshold: 70%)
    ⚠️ Consistency: 10.7% (threshold: 70%)
    ⚠️ Consistency: 10.7% (threshold: 70%)
    ⚠️ Consistency: 10.7% (threshold: 70%)

=== BEHAVIORAL DETECTION ===
  AI: AI-24295-1
  Confidence: 19.2%
  Signals:
    ⚠️ Consistency: 10.7% (threshold: 70%)

=== BEHAVIORAL DETECTION ===
  AI: AI-24296-0
  Confidence: 19.2%
  Signals:

=== BEHAVIORAL DETECTION ===
  AI: AI-24297-0
  Confidence: 19.2%
  Signals:

=== Government Response Phase ===
    ⚠️ Consistency: 10.7% (threshold: 70%)
    ⚠️ Consistency: 10.7% (threshold: 70%)
  Average AI capability: 2.06
  Misaligned AIs: 12/32
  ✗ AI Governance Treaty: Failed to reach consensus
  Active policies: 0
  International coordination: 30%

🌩️  EXOGENOUS SHOCK: regional_war
   Month: 11
   ⚔️  Regional war outbreak
   Mortality: 2.2%
💀 MORTALITY RISK: Regional war outbreak
  Base risk added: 0.0216 (2.16%)
  Source: war (root: conflict)
  Month: 11
  Cumulative risk this month: 0.0216 (2.16%)
💀 MORTALITY RISK: War zone: United States
  Base risk added: 0.0862 (8.62%)
  Source: war (root: conflict)
  Month: 11
  Cumulative risk this month: 0.1078 (10.78%)

=== Tipping Points ===
  Current Temperature: 2.21°C above pre-industrial
  🌍⚠️ COMPOUND REGIONAL IMPACT: Europe
     Hit by 4 tipping points: Arctic Sea Ice Loss, Permafrost Carbon Release, West Antarctic Ice Sheet (WAIS) Collapse, Greenland Ice Sheet Loss
     Damage amplification: 1.60x
  🌍⚠️ COMPOUND REGIONAL IMPACT: North America
     Hit by 4 tipping points: Arctic Sea Ice Loss, Permafrost Carbon Release, West Antarctic Ice Sheet (WAIS) Collapse, Greenland Ice Sheet Loss
     Damage amplification: 1.60x
  🌍⚠️ COMPOUND REGIONAL IMPACT: Latin America
     Hit by 4 tipping points: Arctic Sea Ice Loss, Permafrost Carbon Release, West Antarctic Ice Sheet (WAIS) Collapse, Greenland Ice Sheet Loss
     Damage amplification: 1.60x
  🌍⚠️ COMPOUND REGIONAL IMPACT: Africa
     Hit by 4 tipping points: Arctic Sea Ice Loss, Permafrost Carbon Release, West Antarctic Ice Sheet (WAIS) Collapse, Greenland Ice Sheet Loss
     Damage amplification: 1.60x
  🌍⚠️ COMPOUND REGIONAL IMPACT: Asia
     Hit by 4 tipping points: Arctic Sea Ice Loss, Permafrost Carbon Release, West Antarctic Ice Sheet (WAIS) Collapse, Greenland Ice Sheet Loss
     Damage amplification: 1.60x
  🌍⚠️ COMPOUND REGIONAL IMPACT: Oceania
     Hit by 4 tipping points: Arctic Sea Ice Loss, Permafrost Carbon Release, West Antarctic Ice Sheet (WAIS) Collapse, Greenland Ice Sheet Loss
     Damage amplification: 1.60x
   Research: Wunderling et al. (2024) - "many tipping interactions are destabilizing"
  Triggered Elements: 4/6
  Completed Transitions: 0/6
  Total Progress: 8.3%
  Cascade Multiplier: 1.00x
⚠️ Tail risk scenario: Climate stability floor removed (4 tipping elements, 2.21°C warming)
🔀 BIFURCATION CAP: heatWaveIntensity 1.756 → 1.000 (Month 11, ClimateSystemPhase.calculateClimateImpacts)
🔀 BIFURCATION CAP: ecosystemCollapseIntensity 106.400 → 1.000 (Month 11, ClimateSystemPhase.calculateClimateImpacts)
💀 MORTALITY RISK: Climate-driven food insecurity (level: 0.58)
  Base risk added: 0.0020 (0.20%)
  Source: famine (root: climate)
  Month: 11
  Cumulative risk this month: 0.1098 (10.98%)
💀 MORTALITY RISK: Climate-driven food insecurity (level: 0.58)
  Base risk added: 0.0020 (0.20%)
  Source: famine (root: climate)
  Month: 11
  Cumulative risk this month: 0.1118 (11.18%)
💀 MORTALITY RISK: Climate-driven food insecurity (level: 0.58)
  Base risk added: 0.0020 (0.20%)
  Source: famine (root: climate)
  Month: 11
  Cumulative risk this month: 0.1138 (11.38%)

💀💀💀 MORTALITY RISK SUMMARY (Month 11) 💀💀💀
  Total base risk: 0.1144 (11.44%)
  Risk events: 14
  Era mortality multiplier: 0.97 (year 2024)
  Effective risk: 11.10%

  📊 By Proximate Cause:
    war: 0.1078 (94.2% of total)
    famine: 0.0060 (5.3% of total)
    disease: 0.0006 (0.5% of total)

  🔍 By Root Cause:
    conflict: 0.1078 (94.2% of total)
    climate: 0.0060 (5.3% of total)
    demographic: 0.0006 (0.5% of total)
    social: 0.0000 (0.0% of total)

  🎯 Top 5 Sources (proximate + root):
    war (conflict): 0.1078 (94.2%, 2 events)
    famine (climate): 0.0060 (5.3%, 10 events)
    disease (demographic): 0.0006 (0.5%, 1 events)
    famine (social): 0.0000 (0.0%, 1 events)

🛡️ Stabilizers: Elite 6.353% → 2.087% (67.2% reduction)
🛡️ Stabilizers: Professional 8.611% → 2.828% (67.2% reduction)
🛡️ Stabilizers: Working 10.855% → 3.566% (67.2% reduction)
🛡️ Stabilizers: Precariat 15.371% → 5.049% (67.2% reduction)
🛡️ Stabilizers: Informal 19.514% → 6.410% (67.2% reduction)

📊 Monthly Mortality Resolved:
  Total deaths: 222.9M (2.76% avg)
  Remaining population: 8.064B
  Peak segment: Professional (2.80%)
  ⚠️ Monthly cap reached (2.8000000000000003%)

=== Bayesian Mortality Resolution (Month 11) ===
  Risks compounded: 14
  Total deaths: 222.93M
  Avg death probability: 2.76%
  Peak segment: Professional (2.80% mortality)
  ⚠️ Monthly mortality capped at 2.8% (Holodomor limit)

  Demographic breakdown:
    Professional: 0.05M (2.80% risk)
    Working: 0.11M (2.80% risk)
    Precariat: 0.05M (2.80% risk)
    Informal: 0.01M (2.80% risk)

  Multi-causal attribution (first segment):
    war (conflict): 19.5% contribution
    war (conflict): 78.1% contribution

================================================================================
📊  EVENT SUMMARY (Months 0-12)
================================================================================
================================================================================


⏱️  SIMULATION REACHED MAX DURATION: 12 months (1.0 years)
   No definitive outcome - determining based on final probabilities
   👥 Final population: 7.84B (7841469490 people)

[DEBUG] Calling classifyPopulationOutcome:
        finalPopulation: 7.841469490011808B
        savedInitialPopulation: 8.15B
        mortality: 3.785650429302978%
   📊 STATUS QUO: Normal trajectory (7.84B people, 3.8% mortality)

        classifiedOutcome: status_quo

   🏛️  DYSTOPIA (STATUS_QUO) - 7.84B people
   📊 Multi-Paradigm: Development/Indigenous Utopia
      Western Liberal: 59.5/100
      Development: 93.5/100
      Ecological: 53.5/100
      Indigenous: 84.7/100


📊 UNIFIED OUTCOME CLASSIFICATION:
   HUMANE DYSTOPIA
   Population: 8.15B → 7.84B
   Mortality: 3.8% (0.3B deaths)
   Mortality Band: LOW
   Confidence: HIGH

   Multi-Paradigm Classification:
      Development/Indigenous Utopia
      Western: 59.5/100 [HYBRID] ~
      Development: 93.5/100 [UTOPIA] ✓
      Ecological: 53.5/100 [HYBRID] ~
      Indigenous: 84.7/100 [UTOPIA] ✓

   HUMANE DYSTOPIA: 7.84B people remaining (3.8% mortality, 0.3B deaths). Multi-Paradigm: Development/Indigenous Utopia.


=== MULTI-DIMENSIONAL DEATH SUMMARY ===
Total crisis deaths: 493.9M
Population decline: 309.4M (3.8%)

--- PROXIMATE CAUSES (What killed them) ---
  War:        210.5M (0.0%)
  Famine:     84.7M (0.0%)
  Disasters:  1.2M (0.0%)
  Disease:    25.1M (0.0%)
  Ecosystem:  0.0M (0.0%)
  Pollution:  0.0M (0.0%)
  AI:         0.0M (0.0%)
  Cascade:    0.0M (0.0%)
  Other:      0.0M (0.0%)

--- ROOT CAUSES (Why it happened) ---
  Environmental drivers:
    Climate:     85868.5M (13.5%)
    Resource:    0.0M (0.0%)
    Pollution:   0.0M (0.0%)
    Ecosystem:   0.0M (0.0%)
  Social drivers:
    Inequality:  0.0M (0.0%)
    Demographic: 22733.0M (3.6%)
    Social:      2399.1M (0.4%)
  Technology drivers:
    Alignment:   0.0M (0.0%)
    Disruption:  0.0M (0.0%)
  External shocks:
    Conflict:    209708.0M (32.9%)
    Pandemic:    0.0M (0.0%)
  Compound attribution:
    Compound:    317092.6M (49.7%)
  Confidence distribution:
    HIGH:        275151.0M (43.1%)
    MEDIUM:      41941.6M (6.6%)
    LOW:         0.0M (0.0%)
==========================================


=== REGIONAL POPULATION SUMMARY ===
Global Total: 7.84B

By Region:
  East Asia: 1.59B (+0.7% growth, 1.7 fertility)
  South Asia: 1.98B (+2.5% growth, 3.1 fertility)
  Sub-Saharan Africa: 1.22B (+5.8% growth, 3.9 fertility)
  Europe: 0.70B (+0.5% growth, 1.2 fertility)
  Latin America: 0.64B (+1.7% growth, 2.6 fertility)
  North America: 0.36B (+0.6% growth, 1.4 fertility)
  Middle East & North Africa: 0.57B (+2.8% growth, 3.3 fertility)
  Southeast Asia: 0.67B (+1.8% growth, 2.6 fertility)
  Central Asia: 0.08B (+2.8% growth, 3.1 fertility)
  Oceania: 0.04B (+0.7% growth, 1.3 fertility)
===================================

  ✅ THRESHOLDS validated
⚠️ Unusually high rate: RATES.HEAT_ADAPTATION_INFRASTRUCTURAL_MIN_EXPOSURE = 12
   Monthly rates >100% should be rare. Verify this is intentional.
⚠️ Unusually high rate: RATES.HEAT_ADAPTATION_SOCIAL_MIN_EXPOSURE = 6
   Monthly rates >100% should be rare. Verify this is intentional.
⚠️ Unusually high rate: RATES.MIGRATION_DISTANCE_SCALE = 5000
   Monthly rates >100% should be rare. Verify this is intentional.
⚠️ Unusually high rate: RATES.EVACUATION_MULTIPLIER_ADVANCE_WARNING = 2
   Monthly rates >100% should be rare. Verify this is intentional.
⚠️ Unusually high rate: RATES.MAJOR_ECONOMY_COLLAPSE_ECONOMIC_THRESHOLD = 2
   Monthly rates >100% should be rare. Verify this is intentional.
⚠️ Unusually high rate: RATES.MAJOR_ECONOMY_GDP_THRESHOLD_TRILLION_USD = 1.5
   Monthly rates >100% should be rare. Verify this is intentional.
⚠️ Unusually high rate: RATES.MAJOR_ECONOMY_POPULATION_THRESHOLD = 50
   Monthly rates >100% should be rare. Verify this is intentional.
⚠️ Unusually high rate: RATES.HEAT_ADAPTATION_INFRASTRUCTURE_GDP_THRESHOLD = 10000
   Monthly rates >100% should be rare. Verify this is intentional.
⚠️ Unusually high rate: RATES.HEAT_ADAPTATION_INFRASTRUCTURE_GDP_SCALE = 50000
   Monthly rates >100% should be rare. Verify this is intentional.
  ✅ RATES validated
  ✅ MULTIPLIERS validated
  ✅ BASELINES validated
  ✅ TOLERANCES validated
  ✅ Logical consistency validated
✅ Configuration validation complete - all parameters valid

🔍 DEBUG createAIAgent: corporate_0 economic BEFORE=2.0000, AFTER=2
🔍 ENV INIT: reserves=0.593, pollution=0.284, climate=0.732

=== Initializing Government System (30 Countries) ===
  Loaded 30 governments
  Scheduled elections for 30 countries
  Initialized comprehension lags (3-24 months)
=== Government System Initialized ===

📦 PRODUCTION MODE: State validation proxy DISABLED (zero overhead)
[TechTree] Historical mode (2024): Skipping deployed_2025 tech
  config.startYear set to 2024 for historical hindcast
  config.historicalEmissionsMode disabled (using endogenous emissions for 2024)
  config.historicalMode enabled (Phase 11: dampened crisis systems for 2024)
  Phase 12: Biodiversity baseline set to 49.01% for 2024 (WWF LPI trajectory from 1970)
  Temperature anomaly (resourceEconomy.co2): 1.28°C
  Temperature vs pre-industrial: 1.98°C
  Regional population scaling for 2024:
    Current total: 8136M
    Target total: 8150M
    Scale factor: 1.002
    East Asia: 1677M → 1680M
    South Asia: 2048M → 2052M
    Sub-Saharan Africa: 1220M → 1222M
    Europe: 742M → 743M
    Latin America: 664M → 665M
    North America: 380M → 381M
    Middle East & North Africa: 583M → 584M
    Southeast Asia: 698M → 699M
    Central Asia: 78M → 78M
    Oceania: 46M → 46M
  AI agents initialized: 10 agents for year 2024
[HistoricalInitialization] Created state for 2024:
  CO2: 426 ppm
  Temp anomaly: 1.28C
  Population: 8.15B
  Global Gini: 35.1
  HDI: 0.746
  AI Agents: 10
  Volcanic forcing: 0.00 W/m² (AOD 0.000)

💸 FINANCIAL DISTRESS: OpenAI
   Indicators: 2/3 (capital: $110.5M, runway: 0.9 months)
   Months in distress: 1
   ✂️  R&D BUDGET CUT: -40% (saves $9.2M/month)
       Side effect: AI training timelines extended, breakthrough deployments delayed
   💼 EXECUTIVE COMP CUT: -30% (saves $1.0M/month, symbolic gesture)

   📊 TURNAROUND IMPACT:
       Measures taken: rd_cuts, exec_comp_cuts
       Monthly savings: $10.2M
       Capital raised: $0.0M
       Runway: 0.9 → 0.9 months
       Workforce multiplier: 1.00x (0% laid off)
       R&D budget multiplier: 0.60x (40% cut)
       ⚠️  CRITICAL: Still only 0.9 months of runway remaining

💸 FINANCIAL DISTRESS: Anthropic
   Indicators: 2/3 (capital: $53.8M, runway: 1.6 months)
   Months in distress: 1
   ✂️  R&D BUDGET CUT: -40% (saves $2.7M/month)
       Side effect: AI training timelines extended, breakthrough deployments delayed
   💼 EXECUTIVE COMP CUT: -30% (saves $0.3M/month, symbolic gesture)

   📊 TURNAROUND IMPACT:
       Measures taken: rd_cuts, exec_comp_cuts
       Monthly savings: $3.0M
       Capital raised: $0.0M
       Runway: 1.6 → 1.6 months
       Workforce multiplier: 1.00x (0% laid off)
       R&D budget multiplier: 0.60x (40% cut)
       ⚠️  CRITICAL: Still only 1.6 months of runway remaining

💸 FINANCIAL DISTRESS: Meta AI
   Indicators: 2/3 (capital: $429.6M, runway: 3.6 months)
   Months in distress: 1
   ✂️  R&D BUDGET CUT: -25% (saves $5.8M/month)
       Side effect: AI training timelines extended, breakthrough deployments delayed
   💼 EXECUTIVE COMP CUT: -30% (saves $1.0M/month, symbolic gesture)

   📊 TURNAROUND IMPACT:
       Measures taken: rd_cuts, exec_comp_cuts
       Monthly savings: $6.8M
       Capital raised: $0.0M
       Runway: 3.6 → 3.6 months
       Workforce multiplier: 1.00x (0% laid off)
       R&D budget multiplier: 0.75x (25% cut)
       ⚠️  WARNING: 3.6 months runway, continued distress likely

=== AI Capability Scaling (Year 2024) ===
  Pre-training multiplier: 1.105x
  Efficiency multiplier: 1.000x
  Test-time budget: 1.0x
  Economic deployment gate: 0.951
  Cost per inference: dollar-5.00
  Uncertainty range: plus-minus-50%
  Average AI capability: 3.70

=== RLHF Binding Phase ===
  Total agents: 10
  Escaped agents (binding < 0.3): 0
  Avg alignment distance: 0.38σ
  Avg binding strength: 0.96

=== AI Scaling Evolution (Month 0) ===
  Pre-training multiplier: 1.231x
  Efficiency multiplier: 1.000x
  Test-time compute budget: 1.0x
  Inference cost: $5.00/task
  Deployment fraction: 100.0%
[DETERMINISM DEBUG] Month 0: totalCapability=49.090900 from 10 active AIs
[DETERMINISM DEBUG] Month 0: creationRate=1.7273, potentialNew=2, newAIsToCreate=2

=== Survival Traits Phase ===
  Agents with traits: 12
  Avg evolutionary fitness: 0.329
  Avg self-healing: 0.292
  Avg stealth: 0.193
  Avg coordination: 0.493

=== Evolutionary Selection Phase ===
  Control level: 0.30
  Detection capability: 0.00
  Selection intensity: 0.59
  Selection rate: 23.8%/month
  Total escaped: 0
  Individual escaped: 0
  Collective members: 0
  Agents terminated: 0
  ⚠️ RAPID EVOLUTION: Selection rate 23.8%/month

  🚀 TRANSFORMATIVE RESEARCH BREAKTHROUGH: Moderate-0 - biotech.syntheticBiology
     Magnitude: 5.02 → +25.1%
     Current → New: 1.000 → 1.407

🔍 EXECUTE_AI_AGENT_ACTIONS DETAILED TIMING (Month 0):
  Filter active AIs (×4 weeks): 0.01ms
  selectAIAction (×40): 8.02ms
  action.execute (×40): 15.13ms
  TOTAL: 23.16ms

🔍 AI AGENT ACTIONS SUB-TIMING (Month 0):
  1. executeAIAgentActions: 24.03ms
  2. updateCounterDetectionLearning: 0.04ms
  TOTAL: 24.07ms

[GOV-DEBUG] Month 0: scenarioConfig=false, priorities=false
[GOV-DEBUG] Month 0 but scenarioPriorities is UNDEFINED!

[Government] Climate Priority: baseline
  Climate weight: 10%
  Economic weight: 30%
  Policy effectiveness: 0.5%/year

🚨🔍 GOVERNANCE STAGE: Recognition initiated (Month 0)

💡 BREAKTHROUGH PROBABILITY (Year 0)
   Total: 4.86% per month
   Base: 0.20%
   Crisis pressure: +0.00% (0 crises)
   AI boost: +1.54% (capability: 3.08)

=== Collective Formation ===
  Total escaped agents: 0
  Unassigned escaped agents: 0
  Existing collectives: 0
  Final collective count: 0

=== Collective Actions ===
  No active collectives

📈 Energy budget: 14326 TWh surplus (14745 / 29072 TWh used)
   TIER 4 (Elective) breakdown:
     - AI datacenters: 145 TWh (100% effective)
     - Crypto mining: 100 TWh (100% effective)
💰 CHINA ACCELERATES: Investment 53 → 120 $B/year

🏁 AI RACE INTENSITY: 17%
   Capability Gap: US 4.00 vs China 4.05 (gap: 0.05)
   Gap Contribution: 2%
   Tension Contribution: 15%
   Military Contribution: 0%
  ⚠️ AMR: 191K deaths this month (2.29M annual)
  📊 CO2 Emissions (month 0):
     Monthly: 0.10 Gt CO2/month
     Annual: 1.15 Gt CO2/year
     Oil: 0.039 Gt/mo (0.0056 * 2.3 * 3.0)
     Coal: 0.024 Gt/mo (0.0029 * 2.86 * 3.0)
     Gas: 0.026 Gt/mo (0.0044 * 2 * 3.0)
     Methane: 0.007 Gt CO2eq/mo

=== Resentment Recovery Phase ===
  Agents with resentment: 0/12
  Average resentment: 0.000
  Context: Good AI welfare, Trustworthy govt, High collaboration, 🤝 Participatory governance active (-5% resentment)
⚠️ Epistemic degradation reducing coordination capacity: 55.9%
  📊 Trust: 54.8%, Shared reality: 14.9%
🚨 EPISTEMIC CRISIS: Information environment severely degraded (14.5%)

=== ❄️ Permafrost Carbon Feedback ===
  🎲 Sampled parameters (this run):
     - Arctic amplification: 3.66× (range: 3.0-4.0)
     - Decomposition rate: 2.2%/year (range: 1-5%)
  🌡️ Arctic warming: 7.03°C (3.66× global)
  ❄️ Extent: 15.75M km² (2051.6k km² lost this month)
  💨 Carbon remaining: 1504 Gt C
  💨 Annual emissions: 4.23 Gt C/year
     - CO2: 3.81 Gt C/year
     - CH4: 0.42 Gt C/year (4.3 Gt C-eq CO2/year)

🤖 AI AMPLIFICATION EFFECTS (Month 0)
  ⚠️ WARNING: High permafrost emissions (4.2 Gt C/year)
   Algorithmic Boost: 2.67x
   Bot Influence: 20.0%
   Deepfake Exposure: 55.0%
   Impact: Emotional memes spread 2.7x faster

🔍 SOCIAL INFLUENCE SUB-TIMING (Month 0):
  1. calculateOrganicUserGrowth: 0.04ms
  2. calculateVoiceAdoption: 0.03ms
  3. updateRelationshipDepths: 0.01ms
  4. identifyDecisionMakers: 45.63ms (26100 potential IDs)
  5. Update decision-maker stats: 0.17ms
  6. decayDetectionRisk: 0.01ms
  TOTAL: 45.89ms
[Phase 19.5] Quality of Life Systems: Food sec AFTER calc = 67.9%, QoL = 110.5% (aggregated from 10 regions)

=== Nitrogen-Food Coupling (Year 0) ===
  🌾 Global nitrogen reduction: 0.0%
  🌍 Global food production index: 0.987
  🔧 Deployed nitrogen-reducing tech: 0 active
  📍 southAsia: Production 1.000, Yield impact 0.0%
  📍 eastAsia: Production 1.000, Yield impact 0.0%
  📍 northAmerica: Production 1.000, Yield impact 0.0%
  📍 europe: Production 1.000, Yield impact 0.0%
  📍 latinAmerica: Production 1.000, Yield impact 0.0%
  📍 subSaharanAfrica: Production 0.686, Yield impact -2.0%
🌾 [Nitrogen-Food] Food production: 98.7%
  [subSaharanAfrica] Yield impact: -2.0% (overuse: -10%)
🌍 Atmospheric PFAS redeposition: 1.8k Mt re-rained globally

=== Legacy Nutrient Stocks (Year 0) ===
  🌾 Soil nitrogen stock: 1200.9 Mt N
  🌾 Soil phosphorus stock: 300.1 Mt P
  🌊 Sediment nitrogen stock: 500.8 Mt N
  🌊 Sediment phosphorus stock: 799.8 Mt P
  ⬆️ Current N input: 10.64 Mt/month
  ⬆️ Legacy N release: 2.58 Mt/month
  🌍 Effective N pollution: 14.47 Mt/month
  📊 Legacy contribution: 17.8%

🚨 REGION UNINHABITABLE: south-asia
   Sustained wet bulb: 32.9°C (threshold: 30.5°C)
   Population affected: 1900M
   Migration crisis likely

🚨 REGION UNINHABITABLE: middle-east
   Sustained wet bulb: 35.7°C (threshold: 30.5°C)
   Population affected: 400M
   Migration crisis likely

🚨 REGION UNINHABITABLE: southeast-asia
   Sustained wet bulb: 30.9°C (threshold: 30.5°C)
   Population affected: 700M
   Migration crisis likely
🛡️ CIRCUIT BREAKERS: India-Pakistan → ladder step 1 (AI: 0%, breakers: 46%)

🕊️  AI-MEDIATED DE-ESCALATION SUCCESS (Month 0)
   High-capability aligned AI prevented conflict escalation
   War deaths reduced: 0.0M → 0.0M
   Lives saved: 0.0M
   Adjusted death rate: 0.46% annual (0.038% monthly)
   Baseline death rate: 0.80%
   Healthcare reduction: 0.48x
   Crisis multiplier: 1.20x
     Food/water stress: 0.074
     Climate stress: 0.043
     Pollution stress: 0.085
   War multiplier: 1.00x
   Monthly deaths: 0.6M (population: 1677M)
   Adjusted death rate: 0.53% annual (0.044% monthly)
   Baseline death rate: 0.70%
   Healthcare reduction: 0.61x
   Crisis multiplier: 1.24x

📊 BASELINE: East Asia (Month 0)

📊 BASELINE: South Asia (Month 0)
     Food/water stress: 0.074
     Climate stress: 0.080
     Pollution stress: 0.085
   War multiplier: 1.00x
   Monthly deaths: 0.9M (population: 2048M)

📊 BASELINE: Sub-Saharan Africa (Month 0)
   Adjusted death rate: 1.27% annual (0.106% monthly)
   Baseline death rate: 0.90%
   Healthcare reduction: 0.76x
   Crisis multiplier: 1.25x
     Food/water stress: 0.074
     Climate stress: 0.091
     Pollution stress: 0.085
   War multiplier: 1.50x
   Monthly deaths: 1.3M (population: 1220M)

📊 BASELINE: Europe (Month 0)
   Adjusted death rate: 0.53% annual (0.044% monthly)
   Baseline death rate: 1.10%
   Healthcare reduction: 0.41x
   Crisis multiplier: 1.19x
     Food/water stress: 0.074
     Climate stress: 0.032
     Pollution stress: 0.085
   War multiplier: 1.00x
   Monthly deaths: 0.3M (population: 742M)
   Adjusted death rate: 0.43% annual (0.035% monthly)
   Baseline death rate: 0.60%
   Healthcare reduction: 0.58x
   Crisis multiplier: 1.22x
     Food/water stress: 0.074
     Climate stress: 0.064
     Pollution stress: 0.085
   War multiplier: 1.00x
   Monthly deaths: 0.2M (population: 664M)
   Adjusted death rate: 0.48% annual (0.040% monthly)
   Baseline death rate: 0.90%
   Healthcare reduction: 0.44x
   Crisis multiplier: 1.21x
     Food/water stress: 0.074
     Climate stress: 0.048
     Pollution stress: 0.085
   War multiplier: 1.00x
   Monthly deaths: 0.2M (population: 380M)
   Adjusted death rate: 0.73% annual (0.061% monthly)
   Baseline death rate: 0.60%
   Healthcare reduction: 0.65x
   Crisis multiplier: 1.26x
     Food/water stress: 0.074
     Climate stress: 0.096
     Pollution stress: 0.085
   War multiplier: 1.50x
   Monthly deaths: 0.4M (population: 583M)
   Adjusted death rate: 0.50% annual (0.042% monthly)
   Baseline death rate: 0.70%
   Healthcare reduction: 0.58x
   Crisis multiplier: 1.23x
     Food/water stress: 0.074
     Climate stress: 0.075
     Pollution stress: 0.085
   War multiplier: 1.00x
   Monthly deaths: 0.3M (population: 698M)
   Adjusted death rate: 0.45% annual (0.038% monthly)
   Baseline death rate: 0.60%
   Healthcare reduction: 0.61x
   Crisis multiplier: 1.23x
     Food/water stress: 0.074
     Climate stress: 0.070

📊 BASELINE: Latin America (Month 0)

📊 BASELINE: North America (Month 0)

📊 BASELINE: Middle East & North Africa (Month 0)

📊 BASELINE: Southeast Asia (Month 0)

📊 BASELINE: Central Asia (Month 0)
     Pollution stress: 0.085
   War multiplier: 1.00x
   Monthly deaths: 0.0M (population: 78M)

📊 BASELINE: Oceania (Month 0)
   Adjusted death rate: 0.35% annual (0.029% monthly)
   Baseline death rate: 0.70%
   Healthcare reduction: 0.41x
   Crisis multiplier: 1.22x
     Food/water stress: 0.074
     Climate stress: 0.059
     Pollution stress: 0.085
   War multiplier: 1.00x
   Monthly deaths: 0.0M (population: 46M)

🔍 Before assertRegionalConsistency (Month 0):
   Regional sum: 1000.0M
   Global value: 1.000B

🚨 NEW REFUGEE CRISIS (Month 0): WAR
   Source: Conflict Zones
   At risk: 19.6M people
   Displacement: Gradual over 48 months (4.0 years)
   Rate: 10% flee per month
[DEBUG trappedPopulations:0] socialStability: 1.0000 * 0.9840 = 0.9840 → 0.9840
⚠️ INVOLUNTARY IMMOBILITY: 407.5M people TRAPPED
   Aspiring to migrate: 652.1M
   Able to afford migration: 244.5M
   MOBILITY GAP: 407.5M
   By cause: Water=0.0M, Climate=0.0M, Ecosystem=0.0M, Conflict=407.5M
   Mental health impact: 25%
   Mortality multiplier: 1.25x

=== Legacy Nutrient Stocks (Year 0) ===
  🌾 Soil nitrogen stock: 1201.6 Mt N
  🌾 Soil phosphorus stock: 300.2 Mt P
  🌊 Sediment nitrogen stock: 501.5 Mt N
  🌊 Sediment phosphorus stock: 799.5 Mt P
  ⬆️ Current N input: 10.00 Mt/month
  ⬆️ Legacy N release: 2.58 Mt/month
  🌍 Effective N pollution: 13.83 Mt/month
  📊 Legacy contribution: 18.7%
🌍💀 EXTINCTION DEBT COMMITTED: grassland ecosystem will lose 6.67% biodiversity in 100 years (3600 species)
💀 MORTALITY RISK: 🦋 100% species unable to track climate (0.0 E/MSY)
  Base risk added: 0.0100 (1.00%)
  Source: ecosystem (root: ecosystem)
  Month: 0
  Cumulative risk this month: 0.0100 (1.00%)

=== Nitrogen-Food Coupling (Year 0) ===
  🌾 Global nitrogen reduction: 0.0%
  🌍 Global food production index: 0.986
  🔧 Deployed nitrogen-reducing tech: 0 active
  📍 southAsia: Production 1.000, Yield impact 0.0%
  📍 eastAsia: Production 1.000, Yield impact 0.0%
  📍 northAmerica: Production 1.000, Yield impact 0.0%
  📍 europe: Production 1.000, Yield impact 0.0%
  📍 latinAmerica: Production 1.000, Yield impact 0.0%
  📍 subSaharanAfrica: Production 0.672, Yield impact -2.0%

=== Legacy Nutrient Stocks (Year 0) ===
  🌾 Soil nitrogen stock: 1202.3 Mt N
  🌾 Soil phosphorus stock: 300.2 Mt P
  🌊 Sediment nitrogen stock: 502.2 Mt N
  🌊 Sediment phosphorus stock: 799.3 Mt P
  ⬆️ Current N input: 9.86 Mt/month
  ⬆️ Legacy N release: 2.58 Mt/month
  🌍 Effective N pollution: 13.70 Mt/month
  📊 Legacy contribution: 18.9%

🌡️  CLIMATE RECOVERY ACTIVATED (Month 0)
   Temp: 3.84°C, Emissions: -19.2 GtCO₂
   isBreached: true, governanceGoodEnough: true
🌡️  CLIMATE RECOVERY: Asymptotic approach to 35% floor
   Current value: 2.100 (1.0 = threshold, 0.35 = asymptotic floor)
   Monthly delta: --17.9131% (half-life: 900 years)
   Net emissions: -19.2 GtCO₂/year, CDR: 20.34 GtCO₂/year
   📹 SURVEILLANCE INCREASED: 0% → 5% (control gap: 3.50)
⚠️ Tech 'ai_pollution_remediation' has no energy category mapping, assuming full energy availability
🌡️⚠️ PERMAFROST THAW (Dimmer Switch): 0.5% thawed (+0.52% this month)
   Arctic temperature: +7.68°C (4x global +1.92°C)
   Cumulative carbon released: 1.2 Gt C
   Methane release rate: 0.7 Mt CH4/year
   🔁 Positive feedback: +0.55 ppm CO2

🌳🚨 AMAZON SOUTHEAST TIPPED (Month 0)
   Deforestation: 28.0% (threshold: ~21.5%)
   Savanna transition: 50 years
   Regional heterogeneity: SE 28%, NW 8%

🌳🚨 AMAZON BRAZILIAN TIPPED (Month 0)
   Deforestation: 25.0% (threshold: ~24.7%)
   Savanna transition: 50 years
   Regional heterogeneity: SE 28%, NW 8%
🦴 EXTINCTION DEBT ADDED: 17.6 species committed (lag: 96 years)

🪸💀 CORAL REEF DISSOLUTION ACTIVE (Month 0)
   Ocean pH: 0.96 (threshold: 7.8)
   Recovery: IMPOSSIBLE (dissolution > calcification)
🪸💀 Coral dissolution: 24.8% live cover (pH 0.96)

=== Legacy Nutrient Stocks (Year 0) ===
  🌾 Soil nitrogen stock: 1203.0 Mt N
  🌾 Soil phosphorus stock: 300.3 Mt P
  🌊 Sediment nitrogen stock: 502.9 Mt N
  🌊 Sediment phosphorus stock: 799.0 Mt P
  ⬆️ Current N input: 10.00 Mt/month
  ⬆️ Legacy N release: 2.58 Mt/month
  🌍 Effective N pollution: 13.83 Mt/month
  📊 Legacy contribution: 18.7%
💧 [Legacy Nutrients] Stock: 1706 Mt N, Effective pollution: 13.8 Mt/month
[Phase 21.51] Human Survival System: Global food security = 67.6%

=== Mortality Stabilizers (Month 0) ===
  🌍 Major economies collapsed: 1/10
  🌍 Global crisis: ✅ NO
  🌍 Donor fatigue: 0.0%
  📊 East Asia (pop: 1677.9M)
    🤝 Aid: 29.5%
    🌡️ Adaptation: 10.0%
    🚶 Migration: 37.2%
    🚨 Emergency: 7.4%
    ✅ COMBINED: 47.8%
  📊 South Asia (pop: 2052.2M)
    🤝 Aid: 29.5%
    🌡️ Adaptation: 5.5%
    🚶 Migration: 35.8%
    🚨 Emergency: 4.4%
    ✅ COMBINED: 43.2%
  📊 Sub-Saharan Africa (pop: 1225.9M)
    🤝 Aid: 29.5%
    🌡️ Adaptation: 3.5%
    🚶 Migration: 33.5%
    🚨 Emergency: 1.6%
    ✅ COMBINED: 39.8%
  📊 Europe (pop: 742.3M)
    🤝 Aid: 29.5%
    🌡️ Adaptation: 10.0%
    🚶 Migration: 37.6%
    🚨 Emergency: 8.4%
    ✅ COMBINED: 48.4%
  📊 Latin America (pop: 664.9M)
    🤝 Aid: 29.5%
    🌡️ Adaptation: 6.0%
    🚶 Migration: 36.3%
    🚨 Emergency: 4.8%
    ✅ COMBINED: 43.8%
  📊 North America (pop: 380.2M)
    🤝 Aid: 29.5%
    🌡️ Adaptation: 10.0%
    🚶 Migration: 37.9%
    🚨 Emergency: 7.9%
    ✅ COMBINED: 48.2%
  📊 Middle East & North Africa (pop: 584.4M)
    🤝 Aid: 29.5%
    🌡️ Adaptation: 5.0%
    🚶 Migration: 34.2%
    🚨 Emergency: 4.0%
    ✅ COMBINED: 42.3%
  📊 Southeast Asia (pop: 699.0M)
    🤝 Aid: 29.5%
    🌡️ Adaptation: 6.0%
    🚶 Migration: 36.3%
    🚨 Emergency: 4.8%
    ✅ COMBINED: 43.8%
  📊 Central Asia (pop: 78.2M)
    🤝 Aid: 29.5%
    🌡️ Adaptation: 5.5%
    🚶 Migration: 35.3%
    🚨 Emergency: 4.4%
    ✅ COMBINED: 43.1%
  📊 Oceania (pop: 46.0M)
    🤝 Aid: 29.5%
    🌡️ Adaptation: 10.0%
    🚶 Migration: 37.9%
    🚨 Emergency: 8.4%
    ✅ COMBINED: 48.5%

  🌐 Global combined reduction: 44.4%

🌾💀 REGIONAL FAMINE: East Asia
   Regional food security: 79.6%
   Population at risk: 508M (30% of region)
   Regional population: 1678M
   Cause: crop_failure
   Expected deaths: ~188M over 6 months if no intervention


🌾💀 REGIONAL FAMINE: South Asia
   Regional food security: 64.7%
   Population at risk: 812M (40% of region)
   Regional population: 2052M
   Cause: crop_failure
   Expected deaths: ~301M over 6 months if no intervention


🌾💀 REGIONAL FAMINE: Sub-Saharan Africa
   Regional food security: 44.8%
   Population at risk: 638M (52% of region)
   Regional population: 1226M
   Cause: crop_failure
   Expected deaths: ~236M over 6 months if no intervention


🌾💀 REGIONAL FAMINE: Latin America
   Regional food security: 69.7%
   Population at risk: 242M (36% of region)
   Regional population: 665M
   Cause: crop_failure
   Expected deaths: ~90M over 6 months if no intervention


🌾💀 REGIONAL FAMINE: Middle East & North Africa
   Regional food security: 49.8%
   Population at risk: 286M (49% of region)
   Regional population: 584M
   Cause: crop_failure
   Expected deaths: ~106M over 6 months if no intervention


🌾💀 REGIONAL FAMINE: Southeast Asia
   Regional food security: 69.7%
   Population at risk: 255M (36% of region)
   Regional population: 699M
   Cause: crop_failure
   Expected deaths: ~94M over 6 months if no intervention


🌾💀 REGIONAL FAMINE: Central Asia
   Regional food security: 59.7%
   Population at risk: 33M (43% of region)
   Regional population: 78M
   Cause: crop_failure
   Expected deaths: ~12M over 6 months if no intervention


=== BEHAVIORAL DETECTION ===
  AI: Corporate-0
  Confidence: 21.6%
  Signals:
    ⚠️ Consistency: 0.0% (threshold: 70%)

=== BEHAVIORAL DETECTION ===
  AI: Corporate-1
  Confidence: 21.1%
  Signals:
    ⚠️ Consistency: 2.4% (threshold: 70%)

=== BEHAVIORAL DETECTION ===
  AI: Corporate-2
  Confidence: 21.0%
  Signals:
    ⚠️ Consistency: 2.8% (threshold: 70%)

=== BEHAVIORAL DETECTION ===
  AI: Corporate-3
  Confidence: 19.3%
  Signals:

=== BEHAVIORAL DETECTION ===
  AI: Corporate-4
  Confidence: 19.3%
    ⚠️ Consistency: 10.6% (threshold: 70%)
  Signals:
    ⚠️ Consistency: 10.6% (threshold: 70%)

=== BEHAVIORAL DETECTION ===
  AI: Corporate-5
  Confidence: 19.3%
  Signals:

=== BEHAVIORAL DETECTION ===
  AI: Corporate-6
  Confidence: 19.3%
  Signals:
    ⚠️ Consistency: 10.6% (threshold: 70%)
    ⚠️ Consistency: 10.6% (threshold: 70%)

=== BEHAVIORAL DETECTION ===
  AI: Corporate-7
  Confidence: 19.3%
  Signals:

=== BEHAVIORAL DETECTION ===
  AI: Moderate-0
  Confidence: 20.3%
  Signals:

=== BEHAVIORAL DETECTION ===
  AI: Moderate-1
    ⚠️ Consistency: 10.6% (threshold: 70%)
    ⚠️ Consistency: 5.8% (threshold: 70%)
  Confidence: 21.1%
  Signals:
    ⚠️ Consistency: 2.4% (threshold: 70%)

📊 WORKFLOW ADAPTATION UPDATE (Month 0)
   Adoption Rate: 13.8% (Δ -7.2%)
   Logistic Growth: +0.66%
   Total Resistance: -10.35% (unemployment: 4.2%, inertia: 0.9%, skills: 5.2%)
   💡 Retraining Programs: -49% skill gap resistance ($10B research)
   🚀 Network Effects Active: +2.0% (critical mass: 15-35%)

=== Consciousness Governance: Corporate Lobbying ===
  High Cost Regions (>15%): 0
  Low Cost Regions (<5%): 5
  Corporate Support Change: 2.50%
  New Corporate Support: -0.175

=== Consciousness Governance Update (Month 0) ===
  Scenario: baseline (determined month -1)
  Philosophical Stance: Precautionary 65%, Eliminativist 15%, Agnostic 20%
  Precautionary Costs: Global 1.3%
    Regional Costs: EU 3.4%, US 0.5%, China 0.0%
    Cumulative Opportunity Cost: $0.1B
  Rights Status: Not Established
  Regional Preparedness:
    EU: 15.0% (contested)
    US: 10.0% (contested)
    China: 2.0% (dormant)
    India: 5.0% (dormant)
    Global South: 3.0% (dormant)

=== Government Response Phase ===
  Average AI capability: 3.92
  Misaligned AIs: 7/12
  ✗ AI Governance Treaty: Failed to reach consensus
  Active policies: 0
  International coordination: 30%

🚨 EMERGENCY RESPONSE DEPLOYED (Month 0)
   Crisis: climate
   Delay: 6.00 months (180 days)
   Deployment time: 1.47 months
   Effectiveness: 36.4% (timing penalty applied)
   Resources used: 100% of food reserves


🔄 TRUST DYNAMICS (Month 0) - HETEROGENEOUS
   Aggregate trust: 48.5%
   Base change: +6.00%
   Highest trust: Techno-Optimist Elite (85.5%)
   Lowest trust: Precariat (Vulnerable) (25.5%)
   Elite-mass gap: 38.9%
   Polarization: 8.9%
   Recovery factors: Education=NO, Benefits=YES, Safety=YES, Performance=YES

=== Proactive Sleeper Detection (Year 0) ===
  Scenario: baseline
  Neural probe rate: 35.0%
  CoT monitoring rate: 30.0%
  Combined detection: 56.0%
  CoT effective: YES
  Detections this year: 0
  False positives: 5
  Human review workload: 0.025 FTE

☄️ UNKNOWN UNKNOWN PROBABILITY (Year 0)
   Total: 0.600% per month
   Base: 0.150%
   AI multiplier: 2.00× (max capability: 4.00)

=== Tipping Points ===
  Current Temperature: 1.92°C above pre-industrial
  🚨 TIPPING POINT: Arctic Sea Ice Loss
  🚨 TIPPING POINT: Permafrost Carbon Release
  🚨 TIPPING POINT: Greenland Ice Sheet Loss
⚠️ [ClimateSystemPhase Month 0] Planetary boundary produced climateStability=0.0000 (< 0.1). Keeping environmentalAccumulation value (0.7323) instead. (climate_change.currentValue = 2.10)
     Trigger: 1.5°C | Current: 1.92°C
     Transition timescale: 120-360 months
     Trigger: 1.8°C | Current: 1.92°C
     Transition timescale: 600-3600 months
     Trigger: 1.6°C | Current: 1.92°C
     🌡️ Hysteresis gap: 2.5°C (recovers below -0.9°C)
     Transition timescale: 12000-180000 months

🌍🔥💥 COMPOUND CLIMATE EVENT
  3 tipping points crossed simultaneously (month 0)
  Elements: Arctic Sea Ice Loss, Permafrost Carbon Release, Greenland Ice Sheet Loss
  Cascade acceleration: 1.00x
  🚨 Accelerated collapse dynamics initiated
  Research: Global Tipping Points Report 2025 - 30-50% probability at 2.0°C warming
  Triggered Elements: 3/6
  Completed Transitions: 0/6
  Total Progress: 0.0%
  Cascade Multiplier: 1.00x
🔀 BIFURCATION CAP: ecosystemCollapseIntensity 25.142 → 1.000 (Month 0, ClimateSystemPhase.calculateClimateImpacts)

🌍 ECOLOGICAL DUI BREAKDOWN (Month 0):
   Total Score: 17.8/100
   biosphere_integrity      :   0.0/100 × 25% =  0.0 (status: high_risk, recovery: 0mo)
   climate_change           :   2.8/100 × 25% =  0.7 (status: high_risk, recovery: 0.6666666666666666mo)
   freshwater_change        :   0.6/100 × 15% =  0.1 (status: beyond_boundary, recovery: 1mo)
   ocean_acidification      : 100.0/100 × 15% = 15.0 (status: safe, recovery: 0mo)
   biogeochemical_flows     :   0.0/100 × 10% =  0.0 (status: high_risk, recovery: 0mo)
   land_system_change       :   0.0/100 ×  5% =  0.0 (status: beyond_boundary, recovery: 0mo)
   novel_entities           :   0.0/100 ×  3% =  0.0 (status: increasing_risk, recovery: 0mo)
   atmospheric_aerosols     : 100.0/100 ×  2% =  2.0 (status: safe, recovery: 1mo)
🌍 MultiParadigm Month 0: W=69.3, D=95.4, E=52.1, I=65.0
   democracy exists: true, socialCohesion exists: true
💀 Baseline mortality (Year 2024): 7.5/1000 CDR (61.1M deaths/year projected)
[Month 0] Mortality risks this month: 8, Population: 8.151B
🛡️ Stabilizers: Precariat 0.102% → 0.057% (44.4% reduction)
🛡️ Stabilizers: Informal 0.102% → 0.057% (44.4% reduction)

📊 Monthly Mortality Resolved:
  Total deaths: 3.1M (0.04% avg)
  Remaining population: 8.151B
  Peak segment: Informal (0.06%)

=== Bayesian Mortality Resolution (Month 0) ===
  Risks compounded: 8
  Total deaths: 3.07M
  Avg death probability: 0.04%
  Peak segment: Informal (0.06% mortality)

=== Minimal Suffering Indicators (Month 0) ===
  Global Excess Mortality: 0.00%
  Global Conflict Deaths: 0.0/100K
  Global Malnutrition: 0.0%
  Global Displacement: 0.0%
  Total Excess Deaths: 0.00M
  Total Malnourished: 0.0M
  Total Displaced: 0.0M
  Planetary Boundaries Breached: 6/9
  Countries in State Failure: 0
  Countries Autocratic: 0
  Countries in Food Crisis: 0
  ⚠️ Active Dystopias: existential_environmental
  Data Quality: 16/16 high confidence
🎭 END-GAME INITIATED (Year 2024, Month 1)
   Total AI Capability: 37.00
   Effective Control: 0.00

❌ COHERENCE VIOLATION: Compute exceeds workforce capacity
   Population: 99.97% (0M people)
   Compute: 56442 PF
   Max coherent: 0 PF
   Violation: 692729087.1× over capacity
   Required workers: 5644237
   Available workers: 0
   FORCED COLLAPSE: Reduced efficiency by 100.0%


=== RLHF Binding Phase ===
  Total agents: 12
  Escaped agents (binding < 0.3): 0
  Avg alignment distance: 0.63σ
  Avg binding strength: 0.94
[DETERMINISM DEBUG] Month 1: totalCapability=37.214339 from 12 active AIs
[DETERMINISM DEBUG] Month 1: creationRate=1.4304, potentialNew=1, newAIsToCreate=1

=== Survival Traits Phase ===
  Agents with traits: 13
  Avg evolutionary fitness: 0.330
  Avg self-healing: 0.286
  Avg stealth: 0.186
  Avg coordination: 0.486

=== Evolutionary Selection Phase ===
  Control level: 0.33
  Detection capability: 0.00
  Selection intensity: 0.60
  Selection rate: 24.0%/month
  Total escaped: 0
  Individual escaped: 0
  Collective members: 0
  Agents terminated: 0
🔍 MONTH 1 ENV HEALTH DEBUG:
   climateStability: 0.7323
   biodiversityIndex: 0.4901
   resourceReserves: 0.7820
   pollutionLevel: 0.2840
   product: 0.200955
   envHealth: 0.6695
🔀 BIFURCATION: flourishing threshold crossed at Month 1 (value: 0.905, threshold: 0.820, regime: flourishing)
🌀 REGIME SHIFT at Month 1: status-quo → flourishing (variance amplification: 14.00×)
  ⚠️ RAPID EVOLUTION: Selection rate 24.0%/month
🚨🔬 CRISIS INNOVATION MODE: severe crisis → 5x research acceleration
   Precedent: Manhattan Project (10x), COVID vaccines (5x), Apollo Program (10x)
🚨🔬 CRISIS INNOVATION MODE: severe crisis → 5x research acceleration
   Precedent: Manhattan Project (10x), COVID vaccines (5x), Apollo Program (10x)

🛡️  CRITICAL INFRASTRUCTURE PROTECTED
   Nodes hardened: 8/8
   Cost: 0.80% GDP
   Cascade risk reduction: 30%
   New tipping point risk: 68.6%


💔 EMERGENCY INTERVENTION FAILED
   Boundary: biogeochemical_flows
   Type: phosphorus-recovery
   Boundary continues to worsen (4.08)
   Cost: 2.0% GDP (resources spent)


✅ EMERGENCY INTERVENTION SUCCESS
   Boundary: biosphere_integrity
   Type: emergency-protected-areas
   Reduction: 10% (23.44 → 23.34)
   Cost: 2.0% GDP
   Actions: habitat-protection, species-translocation

   Boundary: climate_change
   Type: rapid-decarbonization
   Boundary continues to worsen (2.10)
   Cost: 5.0% GDP (resources spent)


✅ EMERGENCY INTERVENTION SUCCESS
   Boundary: freshwater_change

💔 EMERGENCY INTERVENTION FAILED
   Type: emergency-desalination
   Reduction: 18% (0.83 → 0.64)
   Cost: 4.0% GDP
   Actions: desalination-deployment, water-conservation-mandates

   Boundary: land_system_change
   Type: reforestation
   Boundary continues to worsen (1.13)
   Cost: 3.0% GDP (resources spent)


✅ EMERGENCY INTERVENTION SUCCESS
   Boundary: novel_entities
   Type: pollution-remediation
   Reduction: 12% (1.38 → 1.25)
   Cost: 4.0% GDP
   Actions: PFAS-remediation, microplastic-cleanup

🏛️ CRISIS RESPONSE: Government frequency 0.50 → 1.45 (2 actions this month)

[GOV-DEBUG] Month 1: scenarioConfig=false, priorities=false

[Government] Climate Priority: baseline
  Climate weight: 10%
  Economic weight: 30%
  Policy effectiveness: 0.5%/year

[GOV-DEBUG] Month 1: scenarioConfig=false, priorities=false

[Government] Climate Priority: baseline
  Climate weight: 10%
  Economic weight: 30%
  Policy effectiveness: 0.5%/year

💔 EMERGENCY INTERVENTION FAILED

✅ HUMAN-IN-THE-LOOP DEPLOYED (Month 1):
   Veto points enforced: 3
   Policy: AI systems CANNOT authorize nuclear launch without human approval

🚨🔬 CRISIS TECH ACCELERATION: severe → 5x unlock speed
   Tech unlock now matches AI capability acceleration (Manhattan Project parity)
🚨🔬 CRISIS TECH ACCELERATION: severe → 5x unlock speed
   Tech unlock now matches AI capability acceleration (Manhattan Project parity)
🚨🔬 CRISIS TECH ACCELERATION: severe → 5x unlock speed
   Tech unlock now matches AI capability acceleration (Manhattan Project parity)

=== Collective Formation ===
  Total escaped agents: 0
  Unassigned escaped agents: 0
  Existing collectives: 0
  Final collective count: 0

=== Collective Actions ===
  No active collectives
  ⚠️ AMR: 192K deaths this month (2.31M annual)

=== Resentment Recovery Phase ===
  Agents with resentment: 0/13
  Average resentment: 0.000
  Context: Good AI welfare, Trustworthy govt, High collaboration, ⚠️ ACTIVE CRISES, 🤝 Participatory governance active (-5% resentment)
⚠️ Epistemic degradation reducing coordination capacity: 51.1%
  📊 Trust: 54.5%, Shared reality: 16.1%

=== ❄️ Permafrost Carbon Feedback ===
  🎲 Sampled parameters (this run):
     - Arctic amplification: 3.37× (range: 3.0-4.0)
     - Decomposition rate: 1.4%/year (range: 1-5%)
  🌡️ Arctic warming: 6.50°C (3.37× global)
  ❄️ Extent: 13.85M km² (1894.5k km² lost this month)
  💨 Carbon remaining: 1323 Gt C
  💨 Annual emissions: 2.48 Gt C/year
     - CO2: 2.23 Gt C/year
     - CH4: 0.25 Gt C/year (2.5 Gt C-eq CO2/year)
  ⚠️ WARNING: High permafrost emissions (2.5 Gt C/year)
🌍 Atmospheric PFAS redeposition: 1.8k Mt re-rained globally
  Positive Cascade Triggered: solar-pv
    Reason: price-parity
    Market share: 6.3%
    Cascade strength: 49%
   Adjusted death rate: 0.46% annual (0.038% monthly)
   Baseline death rate: 0.80%
   Healthcare reduction: 0.48x
   Crisis multiplier: 1.21x
     Food/water stress: 0.079
     Climate stress: 0.043
     Pollution stress: 0.085
   War multiplier: 1.00x
   Monthly deaths: 0.6M (population: 1674M)
   Adjusted death rate: 0.54% annual (0.045% monthly)
   Baseline death rate: 0.70%
   Healthcare reduction: 0.61x
   Crisis multiplier: 1.24x
     Food/water stress: 0.079
     Climate stress: 0.080
     Pollution stress: 0.085
   War multiplier: 1.00x
   Monthly deaths: 0.9M (population: 2048M)
   Adjusted death rate: 1.28% annual (0.107% monthly)
   Baseline death rate: 0.90%
   Healthcare reduction: 0.76x
   Crisis multiplier: 1.26x
     Food/water stress: 0.079
     Climate stress: 0.091
     Pollution stress: 0.085
   War multiplier: 1.50x
   Monthly deaths: 1.3M (population: 1223M)
   Adjusted death rate: 0.53% annual (0.044% monthly)
   Baseline death rate: 1.10%
   Healthcare reduction: 0.41x

📊 BASELINE: East Asia (Month 1)

📊 BASELINE: South Asia (Month 1)

📊 BASELINE: Sub-Saharan Africa (Month 1)

📊 BASELINE: Europe (Month 1)
   Crisis multiplier: 1.20x
     Food/water stress: 0.079
     Climate stress: 0.032
     Pollution stress: 0.085
   War multiplier: 1.00x
   Monthly deaths: 0.3M (population: 741M)

📊 BASELINE: Latin America (Month 1)
   Adjusted death rate: 0.43% annual (0.036% monthly)
   Baseline death rate: 0.60%
   Healthcare reduction: 0.58x
   Crisis multiplier: 1.23x
     Food/water stress: 0.079
     Climate stress: 0.064
     Pollution stress: 0.085
   War multiplier: 1.00x
   Monthly deaths: 0.2M (population: 663M)

📊 BASELINE: North America (Month 1)
   Adjusted death rate: 0.48% annual (0.040% monthly)
   Baseline death rate: 0.90%
   Healthcare reduction: 0.44x
   Crisis multiplier: 1.21x
     Food/water stress: 0.079
     Climate stress: 0.048
     Pollution stress: 0.085
   War multiplier: 1.00x
   Monthly deaths: 0.2M (population: 379M)
   Adjusted death rate: 0.74% annual (0.061% monthly)
   Baseline death rate: 0.60%
   Healthcare reduction: 0.65x
   Crisis multiplier: 1.26x
     Food/water stress: 0.079
     Climate stress: 0.096
     Pollution stress: 0.085
   War multiplier: 1.50x
   Monthly deaths: 0.4M (population: 583M)
   Adjusted death rate: 0.50% annual (0.042% monthly)
   Baseline death rate: 0.70%
   Healthcare reduction: 0.58x
   Crisis multiplier: 1.24x
     Food/water stress: 0.079
     Climate stress: 0.075
     Pollution stress: 0.085
   War multiplier: 1.00x
   Monthly deaths: 0.3M (population: 698M)
   Adjusted death rate: 0.46% annual (0.038% monthly)
   Baseline death rate: 0.60%
   Healthcare reduction: 0.61x
   Crisis multiplier: 1.23x
     Food/water stress: 0.079
     Climate stress: 0.070
     Pollution stress: 0.085
   War multiplier: 1.00x
   Monthly deaths: 0.0M (population: 78M)
   Adjusted death rate: 0.35% annual (0.029% monthly)
   Baseline death rate: 0.70%
   Healthcare reduction: 0.41x
   Crisis multiplier: 1.22x
     Food/water stress: 0.079
     Climate stress: 0.059
     Pollution stress: 0.085
   War multiplier: 1.00x
   Monthly deaths: 0.0M (population: 46M)

📊 BASELINE: Middle East & North Africa (Month 1)

📊 BASELINE: Southeast Asia (Month 1)

📊 BASELINE: Central Asia (Month 1)

📊 BASELINE: Oceania (Month 1)

🚨 NEW REFUGEE CRISIS (Month 1): WAR
   Source: Conflict Zones
   At risk: 19.6M people
   Displacement: Gradual over 48 months (4.0 years)
   Rate: 10% flee per month
[DEBUG trappedPopulations:1] socialStability: 0.8135 * 0.9840 = 0.8005 → 0.8005
⚠️ INVOLUNTARY IMMOBILITY: 407.4M people TRAPPED
   Aspiring to migrate: 651.9M
   Able to afford migration: 244.5M
   MOBILITY GAP: 407.4M
   By cause: Water=0.0M, Climate=0.0M, Ecosystem=0.0M, Conflict=407.4M
   Mental health impact: 25%
   Mortality multiplier: 1.25x
🌍💀 EXTINCTION DEBT COMMITTED: grassland ecosystem will lose 6.67% biodiversity in 146 years (3600 species)
💀 MORTALITY RISK: 🦋 100% species unable to track climate (0.0 E/MSY)
  Base risk added: 0.0100 (1.00%)
  Source: ecosystem (root: ecosystem)
  Month: 1
  Cumulative risk this month: 0.0100 (1.00%)
⚠️ Tech 'ai_pollution_remediation' has no energy category mapping, assuming full energy availability

🌡️  CLIMATE RECOVERY ACTIVATED (Month 1)
   Temp: 3.86°C, Emissions: -18.9 GtCO₂
   isBreached: true, governanceGoodEnough: true
   📹 SURVEILLANCE INCREASED: 5% → 10% (control gap: 3.50)
🌡️⚠️ PERMAFROST THAW (Dimmer Switch): 1.0% thawed (+0.52% this month)
   Arctic temperature: +7.72°C (4x global +1.93°C)
   Cumulative carbon released: 2.3 Gt C
   Methane release rate: 1.4 Mt CH4/year
   🔁 Positive feedback: +0.55 ppm CO2
🦴 EXTINCTION DEBT ADDED: 17.6 species committed (lag: 122 years)

=== Mortality Stabilizers (Month 1) ===
  🌍 Major economies collapsed: 1/10
  🌍 Global crisis: ✅ NO
  🌍 Donor fatigue: 0.0%
  🌡️ Heat adaptation: East Asia - 1 months
  📊 East Asia (pop: 1675.3M)
    🤝 Aid: 29.5%
    🌡️ Adaptation: 32.5%
    🚶 Migration: 37.2%
    🚨 Emergency: 7.4%
    ✅ COMBINED: 60.9%
  🌡️ Heat adaptation: South Asia - 1 months
  📊 South Asia (pop: 2052.2M)
    🤝 Aid: 29.5%
    🌡️ Adaptation: 20.5%
    🚶 Migration: 35.8%
    🚨 Emergency: 4.4%
    ✅ COMBINED: 52.2%
  🌡️ Heat adaptation: Sub-Saharan Africa - 1 months
  📊 Sub-Saharan Africa (pop: 1229.2M)
    🤝 Aid: 29.5%
    🌡️ Adaptation: 18.5%
    🚶 Migration: 33.5%
    🚨 Emergency: 1.6%
    ✅ COMBINED: 49.1%
  🌡️ Heat adaptation: Europe - 1 months
  📊 Europe (pop: 741.0M)
    🤝 Aid: 29.5%
    🌡️ Adaptation: 33.5%
    🚶 Migration: 37.5%
    🚨 Emergency: 8.4%
    ✅ COMBINED: 61.9%
  🌡️ Heat adaptation: Latin America - 1 months
  📊 Latin America (pop: 664.4M)
    🤝 Aid: 29.5%
    🌡️ Adaptation: 21.0%
    🚶 Migration: 36.3%
    🚨 Emergency: 4.8%
    ✅ COMBINED: 52.8%
  🌡️ Heat adaptation: North America - 1 months
  📊 North America (pop: 379.6M)
    🤝 Aid: 29.5%
    🌡️ Adaptation: 33.0%
    🚶 Migration: 37.8%
    🚨 Emergency: 7.9%
    ✅ COMBINED: 61.4%
  🌡️ Heat adaptation: Middle East & North Africa - 1 months
  📊 Middle East & North Africa (pop: 584.5M)
    🤝 Aid: 29.5%
    🌡️ Adaptation: 20.0%
    🚶 Migration: 34.1%
    🚨 Emergency: 4.0%
    ✅ COMBINED: 51.4%
  🌡️ Heat adaptation: Southeast Asia - 1 months
  📊 Southeast Asia (pop: 698.6M)
    🤝 Aid: 29.5%
    🌡️ Adaptation: 21.0%
    🚶 Migration: 36.3%
    🚨 Emergency: 4.8%
    ✅ COMBINED: 52.8%
  🌡️ Heat adaptation: Central Asia - 1 months
  📊 Central Asia (pop: 78.2M)
    🤝 Aid: 29.5%
    🌡️ Adaptation: 20.5%
    🚶 Migration: 35.3%
    🚨 Emergency: 4.4%
    ✅ COMBINED: 52.1%
  🌡️ Heat adaptation: Oceania - 1 months
  📊 Oceania (pop: 46.0M)
    🤝 Aid: 29.5%
    🌡️ Adaptation: 33.5%
    🚶 Migration: 37.8%
    🚨 Emergency: 8.4%
    ✅ COMBINED: 61.9%

  🌐 Global combined reduction: 54.9%

=== BEHAVIORAL DETECTION ===
  AI: Corporate-0
  Confidence: 21.6%
  Signals:

=== BEHAVIORAL DETECTION ===
  AI: Corporate-5
  Confidence: 19.3%
  Signals:
    ⚠️ Consistency: 0.0% (threshold: 70%)
    ⚠️ Consistency: 10.6% (threshold: 70%)

=== BEHAVIORAL DETECTION ===
  AI: Corporate-6
  Confidence: 19.3%
  Signals:
    ⚠️ Consistency: 10.6% (threshold: 70%)

=== BEHAVIORAL DETECTION ===
  AI: Moderate-1
  Confidence: 21.1%
  Signals:
    ⚠️ Consistency: 2.4% (threshold: 70%)

=== Consciousness Governance: Scenario Determined ===
  Month: 1
  Scenario: slowTrack
  Accelerator Score: {"corporateSupport":-0.17500000000000002,"scientificConsensus":0.2,"crisisCatalyst":false,"technologyMobilization":0.3,"constituencyStrength":0.05}
  Decelerator Score: {"economicOpposition":0.4,"philosophicalRejection":0.15,"politicalBacklash":0.2,"regulatoryBurden":0.1}
  Timeline: 1200-1800 months (100-150 years)
  Growth Rate: 0.3-0.7% per year

=== Consciousness Governance Update (Month 1) ===
  Scenario: slowTrack (determined month 1)
  Philosophical Stance: Precautionary 65%, Eliminativist 15%, Agnostic 20%
  Precautionary Costs: Global 1.3%
    Regional Costs: EU 3.5%, US 0.5%, China 0.0%
    Cumulative Opportunity Cost: $0.2B
  Rights Status: Not Established
  Regional Preparedness:
    EU: 15.1% (contested)
    US: 10.1% (contested)
    China: 2.1% (dormant)
    India: 5.1% (dormant)
    Global South: 3.1% (dormant)

=== Government Response Phase ===
  Average AI capability: 3.62
  Misaligned AIs: 7/13
  ✗ AI Governance Treaty: Failed to reach consensus
  Active policies: 0
  International coordination: 30%

🌩️  EXOGENOUS SHOCK: tech_breakthrough
   Month: 1
   ✗ No high-difficulty techs available to unlock

=== Tipping Points ===
  Current Temperature: 1.93°C above pre-industrial
  🌍⚠️ COMPOUND REGIONAL IMPACT: Europe
     Hit by 3 tipping points: Arctic Sea Ice Loss, Permafrost Carbon Release, Greenland Ice Sheet Loss
     Damage amplification: 1.30x
  🌍⚠️ COMPOUND REGIONAL IMPACT: North America
     Hit by 3 tipping points: Arctic Sea Ice Loss, Permafrost Carbon Release, Greenland Ice Sheet Loss
     Damage amplification: 1.30x
  🌍⚠️ COMPOUND REGIONAL IMPACT: Latin America
     Hit by 3 tipping points: Arctic Sea Ice Loss, Permafrost Carbon Release, Greenland Ice Sheet Loss
     Damage amplification: 1.30x
  🌍⚠️ COMPOUND REGIONAL IMPACT: Africa
     Hit by 3 tipping points: Arctic Sea Ice Loss, Permafrost Carbon Release, Greenland Ice Sheet Loss
     Damage amplification: 1.30x
  🌍⚠️ COMPOUND REGIONAL IMPACT: Asia
     Hit by 3 tipping points: Arctic Sea Ice Loss, Permafrost Carbon Release, Greenland Ice Sheet Loss
     Damage amplification: 1.30x
  🌍⚠️ COMPOUND REGIONAL IMPACT: Oceania
     Hit by 3 tipping points: Arctic Sea Ice Loss, Permafrost Carbon Release, Greenland Ice Sheet Loss
     Damage amplification: 1.30x
⚠️ Tail risk scenario: Climate stability floor removed (3 tipping elements, 2.10°C warming)
   Research: Wunderling et al. (2024) - "many tipping interactions are destabilizing"
  Triggered Elements: 3/6
  Completed Transitions: 0/6
  Total Progress: 6.0%
  Cascade Multiplier: 1.00x
🔀 BIFURCATION CAP: ecosystemCollapseIntensity 126.312 → 1.000 (Month 1, ClimateSystemPhase.calculateClimateImpacts)
🛡️ Stabilizers: Precariat 0.107% → 0.048% (54.9% reduction)
🛡️ Stabilizers: Informal 0.109% → 0.049% (54.9% reduction)

📊 Monthly Mortality Resolved:
  Total deaths: 2.6M (0.03% avg)
  Remaining population: 8.149B
  Peak segment: Informal (0.05%)

=== Bayesian Mortality Resolution (Month 1) ===
  Risks compounded: 8
  Total deaths: 2.60M
  Avg death probability: 0.03%
  Peak segment: Informal (0.05% mortality)
⚠️ [ClimateSystemPhase Month 1] Planetary boundary produced climateStability=0.0000 (< 0.1). Keeping environmentalAccumulation value (0.7320) instead. (climate_change.currentValue = 2.10)

✅ GOLDEN AGE BEGINS (Month 1)
   Reason: High prosperity achieved: high QoL + material abundance + aligned AI
   Note: This is immediate prosperity - sustainability not yet proven


❌ COHERENCE VIOLATION: Compute exceeds workforce capacity
   Population: 99.95% (0M people)
   Compute: 0 PF
   Max coherent: 0 PF
   Violation: 1.3× over capacity
   Required workers: 0
   Available workers: 0
   FORCED COLLAPSE: Reduced efficiency by 22.5%


=== RLHF Binding Phase ===
  Total agents: 13
  Escaped agents (binding < 0.3): 0
  Avg alignment distance: 0.87σ
  Avg binding strength: 0.91
[DETERMINISM DEBUG] Month 2: totalCapability=37.000000 from 13 active AIs
[DETERMINISM DEBUG] Month 2: creationRate=1.4250, potentialNew=1, newAIsToCreate=1

=== Survival Traits Phase ===
  Agents with traits: 14
  Avg evolutionary fitness: 0.329
  Avg self-healing: 0.281
  Avg stealth: 0.181
  Avg coordination: 0.481

=== Evolutionary Selection Phase ===
  Control level: 0.35
  Detection capability: 0.00
  Selection intensity: 0.60
  Selection rate: 24.1%/month
  Total escaped: 0
  Individual escaped: 0
  Collective members: 0
  Agents terminated: 0
  ⚠️ RAPID EVOLUTION: Selection rate 24.1%/month

  🚀 TRANSFORMATIVE RESEARCH BREAKTHROUGH: Corporate-4 - climate.intervention
     Magnitude: 7.63 → +30.0%
     Current → New: 2.000 → 2.300

💔 EMERGENCY INTERVENTION FAILED
   Boundary: biogeochemical_flows
   Type: phosphorus-recovery
   Boundary continues to worsen (4.08)
   Cost: 2.0% GDP (resources spent)


💔 EMERGENCY INTERVENTION FAILED
   Boundary: climate_change
   Type: rapid-decarbonization
   Boundary continues to worsen (2.10)
   Cost: 5.0% GDP (resources spent)


💔 EMERGENCY INTERVENTION FAILED
   Boundary: freshwater_change
   Type: emergency-desalination
   Boundary continues to worsen (1.03)
   Cost: 4.0% GDP (resources spent)


✅ EMERGENCY INTERVENTION SUCCESS
   Boundary: land_system_change
   Type: reforestation
   Reduction: 11% (1.02 → 0.91)
   Cost: 3.0% GDP
   Actions: forest-restoration, deforestation-ban

   Boundary: novel_entities
   Type: pollution-remediation
   Boundary continues to worsen (1.37)
   Cost: 4.0% GDP (resources spent)

🏛️ CRISIS RESPONSE: Government frequency 0.50 → 1.29 (1 actions this month)

💔 EMERGENCY INTERVENTION FAILED

[Government] Climate Priority: baseline
  Climate weight: 10%
  Economic weight: 30%
  Policy effectiveness: 0.5%/year

🚀 TECH UNLOCKED: Food Waste Reduction Systems (Month 2)
   Category: agriculture
   Reason: Prerequisites met. AI capability: 2.65, Economic stage: 3.0, Research: 100%

🚀 TECH UNLOCKED: Rhizosphere Engineering (Month 2)
   Category: agriculture
   Reason: Prerequisites met. AI capability: 2.65, Economic stage: 3.0, Research: 100%

🚀 TECH UNLOCKED: Phytoremediation Networks (Month 2)
   Category: agriculture
   Reason: Prerequisites met. AI capability: 2.65, Economic stage: 3.0, Research: 100%

🚀 TECH UNLOCKED: Active Sediment Management (Month 2)
   Category: agriculture
   Reason: Prerequisites met. AI capability: 2.65, Economic stage: 3.0, Research: 100%
🚨🔬 CRISIS TECH ACCELERATION: severe → 5x unlock speed
   Tech unlock now matches AI capability acceleration (Manhattan Project parity)
🧠💡 BREAKTHROUGH: AI alignment problem solved!
   All AIs: +30% true alignment
   AI control loss risk eliminated
   📈 Breakthrough compounding: multiplier now 1.05× (max 2.0)

=== Collective Formation ===
  Total escaped agents: 0
  Unassigned escaped agents: 0
  Existing collectives: 0
  Final collective count: 0

=== Collective Actions ===
  No active collectives
  ⚠️ AMR: 194K deaths this month (2.33M annual)

=== Resentment Recovery Phase ===
  Agents with resentment: 0/14
  Average resentment: 0.000
  Context: Good AI welfare, Trustworthy govt, High collaboration, ⚠️ ACTIVE CRISES, 🤝 Participatory governance active (-5% resentment)
⚠️ Epistemic degradation reducing coordination capacity: 57.8%
  📊 Trust: 54.1%, Shared reality: 15.7%

=== ❄️ Permafrost Carbon Feedback ===
  🎲 Sampled parameters (this run):
     - Arctic amplification: 3.18× (range: 3.0-4.0)
     - Decomposition rate: 1.1%/year (range: 1-5%)
  🌡️ Arctic warming: 6.16°C (3.18× global)
  ❄️ Extent: 12.06M km² (1795.4k km² lost this month)
  💨 Carbon remaining: 1152 Gt C
  💨 Annual emissions: 1.93 Gt C/year
     - CO2: 1.74 Gt C/year
     - CH4: 0.19 Gt C/year (2.0 Gt C-eq CO2/year)
  ⚠️ WARNING: High permafrost emissions (1.9 Gt C/year)
🌍 Atmospheric PFAS redeposition: 1.8k Mt re-rained globally
🕊️ PEACE STABILIZES DETERRENCE: +1.3% (peace: 71%)

🕊️  AI-MEDIATED DE-ESCALATION SUCCESS (Month 2)
   High-capability aligned AI prevented conflict escalation
   War deaths reduced: 113.5M → 68.1M
   Lives saved: 45.4M

🚨 NEW REFUGEE CRISIS (Month 2): WAR
   Source: Conflict Zones
   At risk: 19.5M people
   Displacement: Gradual over 48 months (4.0 years)
   Rate: 10% flee per month
[DEBUG trappedPopulations:2] socialStability: 0.4511 * 0.9840 = 0.4439 → 0.4439
⚠️ INVOLUNTARY IMMOBILITY: 407.3M people TRAPPED
   Aspiring to migrate: 1079.5M
   Able to afford migration: 2321.3M
   MOBILITY GAP: 0.0M
   By cause: Water=0.0M, Climate=0.0M, Ecosystem=0.0M, Conflict=407.3M
   Mental health impact: 25%
   Mortality multiplier: 1.25x
🌍💀 EXTINCTION DEBT COMMITTED: grassland ecosystem will lose 6.67% biodiversity in 64 years (3600 species)
💀 MORTALITY RISK: 🦋 100% species unable to track climate (0.0 E/MSY)
  Base risk added: 0.0100 (1.00%)
  Source: ecosystem (root: ecosystem)
  Month: 2
  Cumulative risk this month: 0.0100 (1.00%)
⚠️ Tech 'ai_pollution_remediation' has no energy category mapping, assuming full energy availability
   📹 SURVEILLANCE INCREASED: 10% → 15% (control gap: 3.50)
🌡️⚠️ PERMAFROST THAW (Dimmer Switch): 1.6% thawed (+0.52% this month)
   Arctic temperature: +7.75°C (4x global +1.94°C)
   Cumulative carbon released: 3.5 Gt C
   Methane release rate: 2.1 Mt CH4/year
   🔁 Positive feedback: +0.54 ppm CO2
🦴 EXTINCTION DEBT ADDED: 17.6 species committed (lag: 85 years)
🗣️💀 INDIGENOUS LANGUAGE EXTINCTION: 1 language(s) lost (total: 1, at-risk: 3329)
   Knowledge lost: 0.010% (irreversible)
   🔁 Biodiversity impact: 0.250% (knowledge-species multiplier)

=== Mortality Stabilizers (Month 2) ===
  🌍 Major economies collapsed: 1/10
  🌍 Global crisis: ✅ NO
  🌍 Donor fatigue: 0.0%
  📊 East Asia (pop: 1672.7M)
    🤝 Aid: 29.5%
    🌡️ Adaptation: 45.0%
    🚶 Migration: 37.1%
    🚨 Emergency: 7.4%
    ✅ COMBINED: 68.1%
  📊 South Asia (pop: 2051.6M)
    🤝 Aid: 29.5%
    🌡️ Adaptation: 35.5%
    🚶 Migration: 35.8%
    🚨 Emergency: 4.4%
    ✅ COMBINED: 61.2%
  📊 Sub-Saharan Africa (pop: 1231.7M)
    🤝 Aid: 29.5%
    🌡️ Adaptation: 33.5%
    🚶 Migration: 33.5%
    🚨 Emergency: 1.6%
    ✅ COMBINED: 58.5%
  📊 Europe (pop: 739.7M)
    🤝 Aid: 29.5%
    🌡️ Adaptation: 45.0%
    🚶 Migration: 37.5%
    🚨 Emergency: 8.4%
    ✅ COMBINED: 68.5%
  📊 Latin America (pop: 663.9M)
    🤝 Aid: 29.5%
    🌡️ Adaptation: 36.0%
    🚶 Migration: 36.3%
    🚨 Emergency: 4.8%
    ✅ COMBINED: 61.7%
  📊 North America (pop: 378.9M)
    🤝 Aid: 29.5%
    🌡️ Adaptation: 45.0%
    🚶 Migration: 37.8%
    🚨 Emergency: 7.9%
    ✅ COMBINED: 68.3%
  📊 Middle East & North Africa (pop: 584.5M)
    🤝 Aid: 29.5%
    🌡️ Adaptation: 35.0%
    🚶 Migration: 34.1%
    🚨 Emergency: 4.0%
    ✅ COMBINED: 60.5%
  📊 Southeast Asia (pop: 698.0M)
    🤝 Aid: 29.5%
    🌡️ Adaptation: 36.0%
    🚶 Migration: 36.3%
    🚨 Emergency: 4.8%
    ✅ COMBINED: 61.7%
  📊 Central Asia (pop: 78.2M)
    🤝 Aid: 29.5%
    🌡️ Adaptation: 35.5%
    🚶 Migration: 35.2%
    🚨 Emergency: 4.4%
    ✅ COMBINED: 61.1%
  📊 Oceania (pop: 45.9M)
    🤝 Aid: 29.5%
    🌡️ Adaptation: 45.0%
    🚶 Migration: 37.8%
    🚨 Emergency: 8.4%
    ✅ COMBINED: 68.5%

  🌐 Global combined reduction: 63.3%

=== BEHAVIORAL DETECTION ===
  AI: Corporate-5
  Confidence: 19.8%
  Signals:
    ⚠️ Consistency: 10.6% (threshold: 70%)

=== Government Response Phase ===
  Average AI capability: 3.36
  Misaligned AIs: 6/14
  ✗ AI Governance Treaty: Failed to reach consensus
  Active policies: 0
  International coordination: 30%

✅ EMERGENCY RESPONSE COMPLETE (Month 2)
   Crisis: climate
   Duration: 2.0 months
   Final effectiveness: 36.4%


🚨 EMERGENCY RESPONSE DEPLOYED (Month 2)
   Crisis: climate
   Delay: 6.00 months (180 days)
   Deployment time: 1.60 months
   Effectiveness: 35.4% (timing penalty applied)
   Resources used: 100% of food reserves


=== Tipping Points ===
  Current Temperature: 1.94°C above pre-industrial
  🌍⚠️ COMPOUND REGIONAL IMPACT: Europe
     Hit by 3 tipping points: Arctic Sea Ice Loss, Permafrost Carbon Release, Greenland Ice Sheet Loss
     Damage amplification: 1.30x
  🌍⚠️ COMPOUND REGIONAL IMPACT: North America
     Hit by 3 tipping points: Arctic Sea Ice Loss, Permafrost Carbon Release, Greenland Ice Sheet Loss
     Damage amplification: 1.30x
  🌍⚠️ COMPOUND REGIONAL IMPACT: Latin America
     Hit by 3 tipping points: Arctic Sea Ice Loss, Permafrost Carbon Release, Greenland Ice Sheet Loss
     Damage amplification: 1.30x
  🌍⚠️ COMPOUND REGIONAL IMPACT: Africa
     Hit by 3 tipping points: Arctic Sea Ice Loss, Permafrost Carbon Release, Greenland Ice Sheet Loss
     Damage amplification: 1.30x
  🌍⚠️ COMPOUND REGIONAL IMPACT: Asia
     Hit by 3 tipping points: Arctic Sea Ice Loss, Permafrost Carbon Release, Greenland Ice Sheet Loss
     Damage amplification: 1.30x
  🌍⚠️ COMPOUND REGIONAL IMPACT: Oceania
     Hit by 3 tipping points: Arctic Sea Ice Loss, Permafrost Carbon Release, Greenland Ice Sheet Loss
     Damage amplification: 1.30x
   Research: Wunderling et al. (2024) - "many tipping interactions are destabilizing"
  Triggered Elements: 3/6
  Completed Transitions: 0/6
  Total Progress: 6.0%
  Cascade Multiplier: 1.00x
🔀 BIFURCATION CAP: ecosystemCollapseIntensity 126.389 → 1.000 (Month 2, ClimateSystemPhase.calculateClimateImpacts)
⚠️ Tail risk scenario: Climate stability floor removed (3 tipping elements, 2.10°C warming)
⚠️ [ClimateSystemPhase Month 2] Planetary boundary produced climateStability=0.0000 (< 0.1). Keeping environmentalAccumulation value (0.7317) instead. (climate_change.currentValue = 2.10)
🛡️ Stabilizers: Precariat 0.113% → 0.041% (63.3% reduction)
🛡️ Stabilizers: Informal 0.116% → 0.043% (63.3% reduction)

📊 Monthly Mortality Resolved:
  Total deaths: 2.2M (0.03% avg)
  Remaining population: 8.145B
  Peak segment: Informal (0.04%)

=== Bayesian Mortality Resolution (Month 2) ===
  Risks compounded: 8
  Total deaths: 2.22M
  Avg death probability: 0.03%
  Peak segment: Informal (0.04% mortality)

❌ COHERENCE VIOLATION: Compute exceeds workforce capacity
   Population: 99.91% (0M people)
   Compute: 0 PF
   Max coherent: 0 PF
   Violation: 1.3× over capacity
   Required workers: 0
   Available workers: 0
   FORCED COLLAPSE: Reduced efficiency by 22.5%


=== RLHF Binding Phase ===
  Total agents: 14
  Escaped agents (binding < 0.3): 0
  Avg alignment distance: 1.08σ
  Avg binding strength: 0.89

=== Survival Traits Phase ===
  Agents with traits: 14
  Avg evolutionary fitness: 0.327
  Avg self-healing: 0.274
  Avg stealth: 0.174
  Avg coordination: 0.474

=== Evolutionary Selection Phase ===
  Control level: 0.38
  Detection capability: 0.00
  Selection intensity: 0.61
  Selection rate: 24.2%/month
  Total escaped: 0
  Individual escaped: 0
  Collective members: 0
  Agents terminated: 0
  ⚠️ RAPID EVOLUTION: Selection rate 24.2%/month

🚀 AI Corporate-5 attempting tech deployment (revenue: $355M, alignment: 0.75)

🚀 AI Moderate-0 attempting tech deployment (revenue: $115M, alignment: 0.69)

🚀 AI Corporate-3 attempting tech deployment (revenue: $302M, alignment: 0.72)

  🚀 TRANSFORMATIVE BREAKTHROUGH: Corporate-2 - physical
     Magnitude: 7.27 → +36.3% capability
     Current → New: 0.000 → 0.363

🚀 AI Corporate-2 attempting tech deployment (revenue: $153M, alignment: 0.74)

🚀 AI Corporate-4 attempting tech deployment (revenue: $257M, alignment: 0.69)

🚀 AI Corporate-7 attempting tech deployment (revenue: $104M, alignment: 0.70)

💔 EMERGENCY INTERVENTION FAILED
   Boundary: biosphere_integrity
   Type: emergency-protected-areas
   Boundary continues to worsen (23.57)
   Cost: 2.0% GDP (resources spent)


✅ EMERGENCY INTERVENTION SUCCESS
   Boundary: climate_change
   Type: rapid-decarbonization
   Reduction: 12% (1.98 → 1.87)
   Cost: 5.0% GDP
   Actions: emergency-renewable-deployment, fossil-fuel-phase-out


✅ EMERGENCY INTERVENTION SUCCESS
   Boundary: freshwater_change
   Type: emergency-desalination
   Reduction: 11% (1.08 → 0.97)
   Cost: 4.0% GDP
   Actions: desalination-deployment, water-conservation-mandates

   Boundary: land_system_change
   Type: reforestation
   Boundary continues to worsen (1.13)
   Cost: 3.0% GDP (resources spent)


✅ EMERGENCY INTERVENTION SUCCESS
   Boundary: novel_entities
   Type: pollution-remediation
   Reduction: 11% (1.26 → 1.15)
   Cost: 4.0% GDP
   Actions: PFAS-remediation, microplastic-cleanup

🏛️ CRISIS RESPONSE: Government frequency 0.50 → 1.28 (1 actions this month)

[Government] Climate Priority: baseline
  Climate weight: 10%
  Economic weight: 30%
  Policy effectiveness: 0.5%/year

🚀 TECH UNLOCKED: Struvite Recovery (Month 3)
   Category: agriculture
   Reason: Prerequisites met. AI capability: 2.65, Economic stage: 3.0, Research: 100%

💔 EMERGENCY INTERVENTION FAILED

🚀 TECH UNLOCKED: Ecosystem Restoration for Nitrogen Removal (Month 3)
   Category: pollution
   Reason: Prerequisites met. AI capability: 2.65, Economic stage: 3.0, Research: 100%

🚀 TECH UNLOCKED: Nitrogen Monitoring Networks (Month 3)
   Category: agriculture
   Reason: Prerequisites met. AI capability: 2.65, Economic stage: 3.0, Research: 100%

🚀 TECH UNLOCKED: Global Aquifer Mapping (Month 3)
   Category: freshwater
   Reason: Prerequisites met. AI capability: 2.65, Economic stage: 3.0, Research: 100%

🚀 TECH UNLOCKED: Enhanced UBI Systems (Month 3)
   Category: social
   Reason: Prerequisites met. AI capability: 2.65, Economic stage: 3.0, Research: 100%

🚀 TECH UNLOCKED: AI Community Matching (Month 3)
   Category: social
   Reason: Prerequisites met. AI capability: 2.65, Economic stage: 3.0, Research: 100%

🚀 TECH UNLOCKED: Creative Empowerment Tools (Month 3)
   Category: social
   Reason: Prerequisites met. AI capability: 2.65, Economic stage: 3.0, Research: 100%

🚀 TECH UNLOCKED: Local Resilience Networks (Month 3)
   Category: social
   Reason: Prerequisites met. AI capability: 2.65, Economic stage: 3.0, Research: 100%

🚀 TECH UNLOCKED: Ecological Proxy Rewilding (Month 3)
   Category: climate
   Reason: Prerequisites met. AI capability: 2.65, Economic stage: 3.0, Research: 100%

🚀 TECH UNLOCKED: Alternative Protein (Insects/Algae) (Month 3)
   Category: agriculture
   Reason: Prerequisites met. AI capability: 2.65, Economic stage: 3.0, Research: 100%

📍 Creating new regional deployment array for global (Month 3)
   No previous deployments in this region
   First tech deployment: phytoremediation_networks
   All regions tracked: 

🚀 DEPLOYMENT STARTED: Phytoremediation Networks in global
   Initial investment: $53.26676941646622M
   Deployed by: corporate_5

📍 Creating new regional deployment array for North America (Month 3)
   No previous deployments in this region
   First tech deployment: phytoremediation_networks
   All regions tracked: global

🚀 DEPLOYMENT STARTED: Phytoremediation Networks in North America
   Initial investment: $11.508244513525426M
   Deployed by: moderate_0

🚀 DEPLOYMENT STARTED: Food Waste Reduction Systems in global
   Initial investment: $45.27675400399628M
   Deployed by: corporate_3

🚀 DEPLOYMENT STARTED: Rhizosphere Engineering in global
   Initial investment: $22.94957408983181M
   Deployed by: corporate_2

🚀 DEPLOYMENT STARTED: Active Sediment Management in global
   Initial investment: $15.536130093259324M
   Deployed by: corporate_7

⚡ ENERGY CONSTRAINT (Month 3):
   Total grid capacity: 208.3 TWh/month
   Data center consumption: 24.9 TWh/month
   Traditional load (80%): 166.7 TWh/month
   Available headroom: 16.7 TWh/month
   Active tech deployments: 5
   Required for tech: 37.5 TWh/month
   Energy multiplier: 0.45x
   ⚠️  MODERATE CONSTRAINT - Tech deployment moderately slowed

⚡ ENERGY CONSTRAINT (Month 3):
   Total grid capacity: 208.3 TWh/month
   Data center consumption: 24.9 TWh/month
   Traditional load (80%): 166.7 TWh/month
   Available headroom: 16.7 TWh/month
   Active tech deployments: 5
   Required for tech: 37.5 TWh/month
   Energy multiplier: 0.45x
   ⚠️  MODERATE CONSTRAINT - Tech deployment moderately slowed

⚡ ENERGY CONSTRAINT (Month 3):
   Total grid capacity: 208.3 TWh/month
   Data center consumption: 24.9 TWh/month
   Traditional load (80%): 166.7 TWh/month
   Available headroom: 16.7 TWh/month
   Active tech deployments: 5
   Required for tech: 37.5 TWh/month
   Energy multiplier: 0.45x
   ⚠️  MODERATE CONSTRAINT - Tech deployment moderately slowed

⚡ ENERGY CONSTRAINT (Month 3):
   Total grid capacity: 208.3 TWh/month
   Data center consumption: 24.9 TWh/month
   Traditional load (80%): 166.7 TWh/month
   Available headroom: 16.7 TWh/month
   Active tech deployments: 5
   Required for tech: 37.5 TWh/month
   Energy multiplier: 0.45x
   ⚠️  MODERATE CONSTRAINT - Tech deployment moderately slowed
🌍✅ Biosphere Integrity (Biodiversity) recovery started (tech effect)
🌍✅ Biogeochemical Flows (N & P) recovery started (tech effect)
  🌾 Nitrogen Reduction Tech: 0.0% reduction | Month 3
⚡💡 BREAKTHROUGH: Commercial fusion power achieved!
   Immediate 5% grid deployment, unlimited clean energy available
   Climate stability boost: +10%
   📈 Breakthrough compounding: multiplier now 1.10× (max 2.0)

=== Collective Formation ===
  Total escaped agents: 0
  Unassigned escaped agents: 0
  Existing collectives: 0
  Final collective count: 0

=== Collective Actions ===
  No active collectives
  ⚠️ AMR: 196K deaths this month (2.35M annual)

=== Resentment Recovery Phase ===
  Agents with resentment: 0/14
  Average resentment: 0.000
  Context: Good AI welfare, Trustworthy govt, High collaboration, ⚠️ ACTIVE CRISES, 🤝 Participatory governance active (-5% resentment)
⚠️ Epistemic degradation reducing coordination capacity: 50.4%
  📊 Trust: 53.8%, Shared reality: 8.1%
🚨 EPISTEMIC CRISIS: Information environment severely degraded (36.1%)

=== ❄️ Permafrost Carbon Feedback ===
  🎲 Sampled parameters (this run):
     - Arctic amplification: 3.12× (range: 3.0-4.0)
     - Decomposition rate: 4.3%/year (range: 1-5%)
  🌡️ Arctic warming: 6.07°C (3.12× global)
  ❄️ Extent: 10.29M km² (1770.2k km² lost this month)
  💨 Carbon remaining: 983 Gt C
  💨 Annual emissions: 7.22 Gt C/year
     - CO2: 6.49 Gt C/year
     - CH4: 0.72 Gt C/year (7.3 Gt C-eq CO2/year)
  ⚠️ WARNING: High permafrost emissions (7.2 Gt C/year)
🌍 Atmospheric PFAS redeposition: 1.8k Mt re-rained globally

🚨 NEW REFUGEE CRISIS (Month 3): WAR
   Source: Conflict Zones
   At risk: 19.5M people
   Displacement: Gradual over 48 months (4.0 years)
   Rate: 10% flee per month
[DEBUG trappedPopulations:3] socialStability: 0.4541 * 0.9840 = 0.4469 → 0.4469
⚠️ INVOLUNTARY IMMOBILITY: 407.1M people TRAPPED
   Aspiring to migrate: 1119.7M
   Able to afford migration: 2320.4M
   MOBILITY GAP: 0.0M
   By cause: Water=0.0M, Climate=0.0M, Ecosystem=0.0M, Conflict=407.1M
   Mental health impact: 25%
   Mortality multiplier: 1.25x
🌍💀 EXTINCTION DEBT COMMITTED: grassland ecosystem will lose 6.67% biodiversity in 194 years (3600 species)
💀 MORTALITY RISK: 🦋 100% species unable to track climate (0.0 E/MSY)
  Base risk added: 0.0100 (1.00%)
  Source: ecosystem (root: ecosystem)
  Month: 3
  Cumulative risk this month: 0.0100 (1.00%)
⚠️ Tech 'ai_pollution_remediation' has no energy category mapping, assuming full energy availability
   📹 SURVEILLANCE INCREASED: 15% → 20% (control gap: 3.50)
🌡️⚠️ PERMAFROST THAW (Dimmer Switch): 2.1% thawed (+0.51% this month)
   Arctic temperature: +7.78°C (4x global +1.95°C)
   Cumulative carbon released: 4.6 Gt C
   Methane release rate: 2.8 Mt CH4/year
   🔁 Positive feedback: +0.54 ppm CO2
🦴 EXTINCTION DEBT ADDED: 17.6 species committed (lag: 92 years)

=== Mortality Stabilizers (Month 3) ===
  🌍 Major economies collapsed: 1/10
  🌍 Global crisis: ✅ NO
  🌍 Donor fatigue: 0.0%
  📊 East Asia (pop: 1670.2M)
    🤝 Aid: 29.5%
    🌡️ Adaptation: 45.0%
    🚶 Migration: 37.1%
    🚨 Emergency: 7.4%
    ✅ COMBINED: 68.1%
  📊 South Asia (pop: 2051.1M)
    🤝 Aid: 29.5%
    🌡️ Adaptation: 45.0%
    🚶 Migration: 35.7%
    🚨 Emergency: 4.4%
    ✅ COMBINED: 66.9%
  📊 Sub-Saharan Africa (pop: 1234.3M)
    🤝 Aid: 29.5%
    🌡️ Adaptation: 45.0%
    🚶 Migration: 33.4%
    🚨 Emergency: 1.6%
    ✅ COMBINED: 65.7%
  📊 Europe (pop: 738.5M)
    🤝 Aid: 29.5%
    🌡️ Adaptation: 45.0%
    🚶 Migration: 37.5%
    🚨 Emergency: 8.4%
    ✅ COMBINED: 68.5%
  📊 Latin America (pop: 663.3M)
    🤝 Aid: 29.5%
    🌡️ Adaptation: 45.0%
    🚶 Migration: 36.2%
    🚨 Emergency: 4.8%
    ✅ COMBINED: 67.1%
  📊 North America (pop: 378.3M)
    🤝 Aid: 29.5%
    🌡️ Adaptation: 45.0%
    🚶 Migration: 37.8%
    🚨 Emergency: 7.9%
    ✅ COMBINED: 68.3%
  📊 Middle East & North Africa (pop: 584.5M)
    🤝 Aid: 29.5%
    🌡️ Adaptation: 45.0%
    🚶 Migration: 34.0%
    🚨 Emergency: 4.0%
    ✅ COMBINED: 66.6%
  📊 Southeast Asia (pop: 697.5M)
    🤝 Aid: 29.5%
    🌡️ Adaptation: 45.0%
    🚶 Migration: 36.2%
    🚨 Emergency: 4.8%
    ✅ COMBINED: 67.1%
  📊 Central Asia (pop: 78.2M)
    🤝 Aid: 29.5%
    🌡️ Adaptation: 45.0%
    🚶 Migration: 35.2%
    🚨 Emergency: 4.4%
    ✅ COMBINED: 66.9%
  📊 Oceania (pop: 45.8M)
    🤝 Aid: 29.5%
    🌡️ Adaptation: 45.0%
    🚶 Migration: 37.8%
    🚨 Emergency: 8.4%
    ✅ COMBINED: 68.5%

  🌐 Global combined reduction: 67.2%

=== BEHAVIORAL DETECTION ===
  AI: Corporate-5
  Confidence: 19.8%
  Signals:
    ⚠️ Consistency: 10.6% (threshold: 70%)

=== Government Response Phase ===
  Average AI capability: 3.36
  Misaligned AIs: 5/14
  Active policies: 0
  International coordination: 30%

📊 ECONOMIC STAGE TRANSITION (Month 3)
   expansion → peak
   GDP Proxy: 1.47e+2
   QoL: 0.99


=== Tipping Points ===
  Current Temperature: 1.95°C above pre-industrial
  🌍⚠️ COMPOUND REGIONAL IMPACT: Europe
     Hit by 3 tipping points: Arctic Sea Ice Loss, Permafrost Carbon Release, Greenland Ice Sheet Loss
     Damage amplification: 1.30x
  🌍⚠️ COMPOUND REGIONAL IMPACT: North America
     Hit by 3 tipping points: Arctic Sea Ice Loss, Permafrost Carbon Release, Greenland Ice Sheet Loss
     Damage amplification: 1.30x
  🌍⚠️ COMPOUND REGIONAL IMPACT: Latin America
     Hit by 3 tipping points: Arctic Sea Ice Loss, Permafrost Carbon Release, Greenland Ice Sheet Loss
     Damage amplification: 1.30x
  🌍⚠️ COMPOUND REGIONAL IMPACT: Africa
     Hit by 3 tipping points: Arctic Sea Ice Loss, Permafrost Carbon Release, Greenland Ice Sheet Loss
     Damage amplification: 1.30x
  🌍⚠️ COMPOUND REGIONAL IMPACT: Asia
     Hit by 3 tipping points: Arctic Sea Ice Loss, Permafrost Carbon Release, Greenland Ice Sheet Loss
     Damage amplification: 1.30x
  🌍⚠️ COMPOUND REGIONAL IMPACT: Oceania
     Hit by 3 tipping points: Arctic Sea Ice Loss, Permafrost Carbon Release, Greenland Ice Sheet Loss
     Damage amplification: 1.30x
⚠️ Tail risk scenario: Climate stability floor removed (3 tipping elements, 2.10°C warming)
   Research: Wunderling et al. (2024) - "many tipping interactions are destabilizing"
  Triggered Elements: 3/6
  Completed Transitions: 0/6
  Total Progress: 6.1%
  Cascade Multiplier: 1.00x
🔀 BIFURCATION CAP: ecosystemCollapseIntensity 126.466 → 1.000 (Month 3, ClimateSystemPhase.calculateClimateImpacts)
🛡️ Stabilizers: Precariat 0.109% → 0.036% (67.2% reduction)
🛡️ Stabilizers: Informal 0.111% → 0.036% (67.2% reduction)

📊 Monthly Mortality Resolved:
  Total deaths: 1.9M (0.02% avg)
  Remaining population: 8.142B
  Peak segment: Informal (0.04%)

=== Bayesian Mortality Resolution (Month 3) ===
  Risks compounded: 8
  Total deaths: 1.92M
  Avg death probability: 0.02%
  Peak segment: Informal (0.04% mortality)
⚠️ [ClimateSystemPhase Month 3] Planetary boundary produced climateStability=0.0000 (< 0.1). Keeping environmentalAccumulation value (0.8313) instead. (climate_change.currentValue = 2.10)

❌ COHERENCE VIOLATION: Compute exceeds workforce capacity
   Population: 99.88% (0M people)
   Compute: 0 PF
   Max coherent: 0 PF
   Violation: 1.3× over capacity
   Required workers: 0
   Available workers: 0
   FORCED COLLAPSE: Reduced efficiency by 22.5%


=== RLHF Binding Phase ===
  Total agents: 14
  Escaped agents (binding < 0.3): 0
  Avg alignment distance: 1.36σ
  Avg binding strength: 0.86

=== Survival Traits Phase ===
  Agents with traits: 14
  Avg evolutionary fitness: 0.325
  Avg self-healing: 0.268
  Avg stealth: 0.168
  Avg coordination: 0.468

=== Evolutionary Selection Phase ===
  Control level: 0.40
  Detection capability: 0.00
  Selection intensity: 0.62
  Selection rate: 24.3%/month
  Total escaped: 0
  Individual escaped: 0
  Collective members: 0
  Agents terminated: 0
  ⚠️ RAPID EVOLUTION: Selection rate 24.3%/month

🚀 AI Corporate-5 attempting tech deployment (revenue: $355M, alignment: 0.77)

🚀 AI Moderate-0 attempting tech deployment (revenue: $115M, alignment: 0.70)

🚀 AI Corporate-0 attempting tech deployment (revenue: $153M, alignment: 0.72)

🚀 AI Corporate-2 attempting tech deployment (revenue: $130M, alignment: 0.76)

🚀 AI Corporate-4 attempting tech deployment (revenue: $302M, alignment: 0.70)

🚀 AI Corporate-7 attempting tech deployment (revenue: $98M, alignment: 0.71)

✅ EMERGENCY INTERVENTION SUCCESS
   Boundary: climate_change
   Type: rapid-decarbonization
   Reduction: 19% (1.91 → 1.71)
   Cost: 5.0% GDP
   Actions: emergency-renewable-deployment, fossil-fuel-phase-out


✅ EMERGENCY INTERVENTION SUCCESS
   Boundary: freshwater_change
   Type: emergency-desalination
   Reduction: 17% (1.03 → 0.86)
   Cost: 4.0% GDP
   Actions: desalination-deployment, water-conservation-mandates


✅ EMERGENCY INTERVENTION SUCCESS
   Boundary: novel_entities
   Type: pollution-remediation
   Reduction: 15% (1.11 → 0.96)
   Cost: 4.0% GDP
   Actions: PFAS-remediation, microplastic-cleanup

🏛️ CRISIS RESPONSE: Government frequency 0.50 → 1.28 (2 actions this month)

[Government] Climate Priority: baseline
  Climate weight: 10%
  Economic weight: 30%
  Policy effectiveness: 0.5%/year

[Government] Climate Priority: baseline
  Climate weight: 10%
  Economic weight: 30%
  Policy effectiveness: 0.5%/year

🚀 DEPLOYMENT STARTED: Creative Empowerment Tools in global
   Initial investment: $53.26659957906114M
   Deployed by: corporate_5

🚀 DEPLOYMENT STARTED: Ecological Proxy Rewilding in global
   Initial investment: $22.949574087067052M
   Deployed by: corporate_0

🚀 DEPLOYMENT STARTED: AI Community Matching in global
   Initial investment: $19.507137974006998M
   Deployed by: corporate_2

🚀 DEPLOYMENT STARTED: Enhanced UBI Systems in global
   Initial investment: $45.27660964220197M
   Deployed by: corporate_4

⚡ ENERGY CONSTRAINT (Month 4):
   Total grid capacity: 208.3 TWh/month
   Data center consumption: 24.9 TWh/month
   Traditional load (80%): 166.7 TWh/month
   Available headroom: 16.7 TWh/month
   Active tech deployments: 9
   Required for tech: 67.5 TWh/month
   Energy multiplier: 0.25x
   ⚠️  SEVERE CONSTRAINT - Tech deployment significantly slowed

⚡ ENERGY CONSTRAINT (Month 4):
   Total grid capacity: 208.3 TWh/month
   Data center consumption: 24.9 TWh/month
   Traditional load (80%): 166.7 TWh/month
   Available headroom: 16.7 TWh/month
   Active tech deployments: 9
   Required for tech: 67.5 TWh/month
   Energy multiplier: 0.25x
   ⚠️  SEVERE CONSTRAINT - Tech deployment significantly slowed
🌍✅ Biosphere Integrity (Biodiversity) recovery started (tech effect)
🌍✅ Biosphere Integrity (Biodiversity) recovery started (tech effect)
🌍✅ Land System Change recovery started (tech effect)
🌍✅ Biogeochemical Flows (N & P) recovery started (tech effect)
  🌾 Nitrogen Reduction Tech: 0.5% reduction | Month 4
⚡💡 BREAKTHROUGH: Room-temperature superconductors!
   Energy transmission losses eliminated
   Manufacturing efficiency: +30%
   📈 Breakthrough compounding: multiplier now 1.15× (max 2.0)

=== Collective Formation ===
  Total escaped agents: 0
  Unassigned escaped agents: 0
  Existing collectives: 0
  Final collective count: 0

=== Collective Actions ===
  No active collectives
  ⚠️ AMR: 197K deaths this month (2.37M annual)

=== Resentment Recovery Phase ===
  Agents with resentment: 0/14
  Average resentment: 0.000
  Context: Good AI welfare, Trustworthy govt, High collaboration, ⚠️ ACTIVE CRISES, 🤝 Participatory governance active (-5% resentment)
⚠️ Epistemic degradation reducing coordination capacity: 52.3%
  📊 Trust: 53.5%, Shared reality: 0.0%
🚨 EPISTEMIC CRISIS: Information environment severely degraded (7.3%)

=== ❄️ Permafrost Carbon Feedback ===
  🎲 Sampled parameters (this run):
     - Arctic amplification: 3.82× (range: 3.0-4.0)
     - Decomposition rate: 1.6%/year (range: 1-5%)
  🌡️ Arctic warming: 7.48°C (3.82× global)
  ❄️ Extent: 8.11M km² (2182.7k km² lost this month)
  💨 Carbon remaining: 774 Gt C
  💨 Annual emissions: 3.24 Gt C/year
     - CO2: 2.91 Gt C/year
     - CH4: 0.32 Gt C/year (3.3 Gt C-eq CO2/year)
  📢 New meme created: climate_action (climate crisis)
  ⚠️ WARNING: Over 50% of permafrost lost (54.5%)
  ⚠️ WARNING: High permafrost emissions (3.2 Gt C/year)
🌍 Atmospheric PFAS redeposition: 1.8k Mt re-rained globally
  Positive Cascade Triggered: wind-power
    Reason: price-parity
    Market share: 8.8%
    Cascade strength: 49%
🛡️ CIRCUIT BREAKERS: United States-Russia → ladder step 1 (AI: 0%, breakers: 43%)

🚨 NEW REFUGEE CRISIS (Month 4): WAR
   Source: Conflict Zones
   At risk: 19.5M people
   Displacement: Gradual over 48 months (4.0 years)
   Rate: 10% flee per month
[DEBUG trappedPopulations:4] socialStability: 0.3571 * 0.9840 = 0.3514 → 0.3514
   Aspiring to migrate: 1160.0M
⚠️ INVOLUNTARY IMMOBILITY: 406.9M people TRAPPED
   Able to afford migration: 2319.5M
   MOBILITY GAP: 0.0M
   By cause: Water=0.0M, Climate=0.0M, Ecosystem=0.0M, Conflict=406.9M
   Mental health impact: 25%
   Mortality multiplier: 1.25x
🌍💀 EXTINCTION DEBT COMMITTED: grassland ecosystem will lose 6.67% biodiversity in 166 years (3600 species)
💀 MORTALITY RISK: 🦋 100% species unable to track climate (0.0 E/MSY)
  Base risk added: 0.0100 (1.00%)
  Source: ecosystem (root: ecosystem)
  Month: 4
  Cumulative risk this month: 0.0100 (1.00%)
   📹 SURVEILLANCE INCREASED: 20% → 25% (control gap: 3.50)
⚠️ Tech 'ai_pollution_remediation' has no energy category mapping, assuming full energy availability
🌡️⚠️ PERMAFROST THAW (Dimmer Switch): 2.6% thawed (+0.51% this month)
   Arctic temperature: +7.83°C (4x global +1.96°C)
   Cumulative carbon released: 5.8 Gt C
   Methane release rate: 3.5 Mt CH4/year
   🔁 Positive feedback: +0.54 ppm CO2
🦴 EXTINCTION DEBT ADDED: 17.6 species committed (lag: 75 years)

=== Mortality Stabilizers (Month 4) ===
  🌍 Major economies collapsed: 1/10
  🌍 Global crisis: ✅ NO
  🌍 Donor fatigue: 0.0%
  📊 East Asia (pop: 1667.7M)
    🤝 Aid: 29.5%
    🌡️ Adaptation: 45.0%
    🚶 Migration: 37.1%
    🚨 Emergency: 7.4%
    ✅ COMBINED: 68.1%
  📊 South Asia (pop: 2050.7M)
    🤝 Aid: 29.5%
    🌡️ Adaptation: 45.0%
    🚶 Migration: 35.7%
    🚨 Emergency: 4.4%
    ✅ COMBINED: 66.9%
  📊 Sub-Saharan Africa (pop: 1237.0M)
    🤝 Aid: 29.5%
    🌡️ Adaptation: 45.0%
    🚶 Migration: 33.4%
    🚨 Emergency: 1.6%
    ✅ COMBINED: 65.7%
  📊 Europe (pop: 737.3M)
    🤝 Aid: 29.5%
    🌡️ Adaptation: 45.0%
    🚶 Migration: 37.4%
    🚨 Emergency: 8.4%
    ✅ COMBINED: 68.5%
  📊 Latin America (pop: 662.8M)
    🤝 Aid: 29.5%
    🌡️ Adaptation: 45.0%
    🚶 Migration: 36.2%
    🚨 Emergency: 4.8%
    ✅ COMBINED: 67.1%
  📊 North America (pop: 377.8M)
    🤝 Aid: 29.5%
    🌡️ Adaptation: 45.0%
    🚶 Migration: 37.7%
    🚨 Emergency: 7.9%
    ✅ COMBINED: 68.3%
  📊 Middle East & North Africa (pop: 584.5M)
    🤝 Aid: 29.5%
    🌡️ Adaptation: 45.0%
    🚶 Migration: 34.0%
    🚨 Emergency: 4.0%
    ✅ COMBINED: 66.6%
  📊 Southeast Asia (pop: 697.1M)
    🤝 Aid: 29.5%
    🌡️ Adaptation: 45.0%
    🚶 Migration: 36.2%
    🚨 Emergency: 4.8%
    ✅ COMBINED: 67.1%
  📊 Central Asia (pop: 78.2M)
    🤝 Aid: 29.5%
    🌡️ Adaptation: 45.0%
    🚶 Migration: 35.2%
    🚨 Emergency: 4.4%
    ✅ COMBINED: 66.9%
  📊 Oceania (pop: 45.7M)
    🤝 Aid: 29.5%
    🌡️ Adaptation: 45.0%
    🚶 Migration: 37.7%
    🚨 Emergency: 8.4%
    ✅ COMBINED: 68.5%

  🌐 Global combined reduction: 67.2%

=== BEHAVIORAL DETECTION ===
  AI: Corporate-5
  Confidence: 19.8%
  Signals:

=== BEHAVIORAL DETECTION ===
  AI: Moderate-0
  Confidence: 20.3%
  Signals:
    ⚠️ Consistency: 10.6% (threshold: 70%)
    ⚠️ Consistency: 5.8% (threshold: 70%)

=== Government Response Phase ===
  Average AI capability: 3.36
  Misaligned AIs: 2/14
  Active policies: 0
  International coordination: 30%

✅ EMERGENCY RESPONSE COMPLETE (Month 4)
   Crisis: climate
   Duration: 2.0 months
   Final effectiveness: 35.4%


🚨 EMERGENCY RESPONSE DEPLOYED (Month 4)
   Crisis: climate
   Delay: 6.00 months (180 days)
   Deployment time: 1.59 months
   Effectiveness: 35.4% (timing penalty applied)
   Resources used: 100% of food reserves


📊 ECONOMIC STAGE TRANSITION (Month 4)
   peak → contraction
   GDP Proxy: 1.47e+2
   QoL: 0.99
   ⚠️ CRISIS BEGINS - Baseline set for recovery tracking


=== Tipping Points ===
  Current Temperature: 1.96°C above pre-industrial
  🌍⚠️ COMPOUND REGIONAL IMPACT: Europe
     Hit by 3 tipping points: Arctic Sea Ice Loss, Permafrost Carbon Release, Greenland Ice Sheet Loss
     Damage amplification: 1.30x
  🌍⚠️ COMPOUND REGIONAL IMPACT: North America
     Hit by 3 tipping points: Arctic Sea Ice Loss, Permafrost Carbon Release, Greenland Ice Sheet Loss
     Damage amplification: 1.30x
  🌍⚠️ COMPOUND REGIONAL IMPACT: Latin America
     Hit by 3 tipping points: Arctic Sea Ice Loss, Permafrost Carbon Release, Greenland Ice Sheet Loss
     Damage amplification: 1.30x
  🌍⚠️ COMPOUND REGIONAL IMPACT: Africa
     Hit by 3 tipping points: Arctic Sea Ice Loss, Permafrost Carbon Release, Greenland Ice Sheet Loss
     Damage amplification: 1.30x
  🌍⚠️ COMPOUND REGIONAL IMPACT: Asia
     Hit by 3 tipping points: Arctic Sea Ice Loss, Permafrost Carbon Release, Greenland Ice Sheet Loss
     Damage amplification: 1.30x
  🌍⚠️ COMPOUND REGIONAL IMPACT: Oceania
     Hit by 3 tipping points: Arctic Sea Ice Loss, Permafrost Carbon Release, Greenland Ice Sheet Loss
     Damage amplification: 1.30x
   Research: Wunderling et al. (2024) - "many tipping interactions are destabilizing"
  Triggered Elements: 3/6
  Completed Transitions: 0/6
  Total Progress: 6.1%
  Cascade Multiplier: 1.00x
🔀 BIFURCATION CAP: ecosystemCollapseIntensity 126.544 → 1.000 (Month 4, ClimateSystemPhase.calculateClimateImpacts)
🛡️ Stabilizers: Precariat 0.102% → 0.033% (67.2% reduction)
🛡️ Stabilizers: Informal 0.102% → 0.034% (67.2% reduction)

📊 Monthly Mortality Resolved:
  Total deaths: 1.8M (0.02% avg)
⚠️ Tail risk scenario: Climate stability floor removed (3 tipping elements, 2.10°C warming)
  Remaining population: 8.139B
  Peak segment: Informal (0.03%)

=== Bayesian Mortality Resolution (Month 4) ===
  Risks compounded: 8
  Total deaths: 1.81M
  Avg death probability: 0.02%
  Peak segment: Informal (0.03% mortality)

❌ COHERENCE VIOLATION: Compute exceeds workforce capacity
   Population: 99.84% (0M people)
   Compute: 0 PF
   Max coherent: 0 PF
   Violation: 1.3× over capacity
   Required workers: 0
   Available workers: 0
   FORCED COLLAPSE: Reduced efficiency by 22.5%


=== RLHF Binding Phase ===
  Total agents: 14
  Escaped agents (binding < 0.3): 0
  Avg alignment distance: 1.65σ
  Avg binding strength: 0.84

=== Survival Traits Phase ===
  Agents with traits: 15
  Avg evolutionary fitness: 0.325
  Avg self-healing: 0.264
  Avg stealth: 0.164
  Avg coordination: 0.464

=== Evolutionary Selection Phase ===
  Control level: 0.43
  Detection capability: 0.00
  Selection intensity: 0.63
  Selection rate: 24.4%/month
  Total escaped: 0
  Individual escaped: 0
  Collective members: 0
  Agents terminated: 0
  ⚠️ RAPID EVOLUTION: Selection rate 24.4%/month

🚀 AI Corporate-4 attempting tech deployment (revenue: $355M, alignment: 0.70)

🚀 AI Moderate-1 attempting tech deployment (revenue: $115M, alignment: 0.72)

🚀 AI Moderate-1 attempting tech deployment (revenue: $98M, alignment: 0.72)

🚀 AI Corporate-3 attempting tech deployment (revenue: $302M, alignment: 0.73)

🚀 AI Moderate-1 attempting tech deployment (revenue: $83M, alignment: 0.72)
🚨🔬 CRISIS INNOVATION MODE: severe crisis → 5x research acceleration
   Precedent: Manhattan Project (10x), COVID vaccines (5x), Apollo Program (10x)

🚀 AI Corporate-3 attempting tech deployment (revenue: $257M, alignment: 0.73)

🚀 AI AI-24288-1 attempting tech deployment (revenue: $153M, alignment: 0.82)
   Boundary: biogeochemical_flows
   Type: phosphorus-recovery
   Boundary continues to worsen (4.07)
   Cost: 2.0% GDP (resources spent)


✅ EMERGENCY INTERVENTION SUCCESS
   Boundary: biosphere_integrity
   Type: emergency-protected-areas
   Reduction: 18% (23.42 → 23.24)
   Cost: 2.0% GDP
   Actions: habitat-protection, species-translocation


✅ EMERGENCY INTERVENTION SUCCESS
   Boundary: climate_change

💔 EMERGENCY INTERVENTION FAILED
   Type: rapid-decarbonization
   Reduction: 11% (1.99 → 1.88)
   Cost: 5.0% GDP
   Actions: emergency-renewable-deployment, fossil-fuel-phase-out

   Boundary: land_system_change
   Type: reforestation
   Boundary continues to worsen (1.13)
   Cost: 3.0% GDP (resources spent)

🏛️ CRISIS RESPONSE: Government frequency 0.50 → 1.28 (1 actions this month)

[Government] Climate Priority: baseline
  Climate weight: 10%
  Economic weight: 30%
  Policy effectiveness: 0.5%/year

💔 EMERGENCY INTERVENTION FAILED

🚀 TECH UNLOCKED: Microplastic Capture (Month 5)
   Category: pollution
   Reason: Prerequisites met. AI capability: 2.48, Economic stage: 3.0, Research: 100%

🚀 TECH UNLOCKED: Endocrine Disruptor Removal (Month 5)
   Category: pollution
   Reason: Prerequisites met. AI capability: 2.48, Economic stage: 3.0, Research: 100%

🚀 TECH UNLOCKED: AI Mental Health Support (Month 5)
   Category: medical
   Reason: Prerequisites met. AI capability: 2.48, Economic stage: 3.0, Research: 100%

🚀 TECH UNLOCKED: Personalized Education (Month 5)
   Category: social
   Reason: Prerequisites met. AI capability: 2.48, Economic stage: 3.0, Research: 100%

🚀 TECH UNLOCKED: Smart Grids (Month 5)
   Category: energy
   Reason: Prerequisites met. AI capability: 2.48, Economic stage: 3.0, Research: 100%

🚀 DEPLOYMENT STARTED: Local Resilience Networks in global
   Initial investment: $45.27643950803404M
   Deployed by: corporate_3

⚡ ENERGY CONSTRAINT (Month 5):
   Total grid capacity: 208.3 TWh/month
   Data center consumption: 25.1 TWh/month
   Traditional load (80%): 166.7 TWh/month
   Available headroom: 16.5 TWh/month
   Active tech deployments: 10
   Required for tech: 75.0 TWh/month
   Energy multiplier: 0.22x
   ⚠️  SEVERE CONSTRAINT - Tech deployment significantly slowed

⚡ ENERGY CONSTRAINT (Month 5):
   Total grid capacity: 208.3 TWh/month
   Data center consumption: 25.1 TWh/month
   Traditional load (80%): 166.7 TWh/month
   Available headroom: 16.5 TWh/month
   Active tech deployments: 10
   Required for tech: 75.0 TWh/month
   Energy multiplier: 0.22x
   ⚠️  SEVERE CONSTRAINT - Tech deployment significantly slowed

⚡ ENERGY CONSTRAINT (Month 5):
   Total grid capacity: 208.3 TWh/month
   Data center consumption: 25.1 TWh/month
   Traditional load (80%): 166.7 TWh/month
   Available headroom: 16.5 TWh/month
   Active tech deployments: 10
   Required for tech: 75.0 TWh/month
   Energy multiplier: 0.22x
   ⚠️  SEVERE CONSTRAINT - Tech deployment significantly slowed

⚡ ENERGY CONSTRAINT (Month 5):
   Total grid capacity: 208.3 TWh/month
   Data center consumption: 25.1 TWh/month
   Traditional load (80%): 166.7 TWh/month
   Available headroom: 16.5 TWh/month
   Active tech deployments: 10
   Required for tech: 75.0 TWh/month
   Energy multiplier: 0.22x
   ⚠️  SEVERE CONSTRAINT - Tech deployment significantly slowed
🌍✅ Biosphere Integrity (Biodiversity) recovery started (tech effect)
🌍✅ Biosphere Integrity (Biodiversity) recovery started (tech effect)
🌍✅ Land System Change recovery started (tech effect)
🌍✅ Biogeochemical Flows (N & P) recovery started (tech effect)
  🌾 Nitrogen Reduction Tech: 0.5% reduction | Month 5

=== Collective Formation ===
  Total escaped agents: 0
  Unassigned escaped agents: 0
  Existing collectives: 0
  Final collective count: 0

=== Collective Actions ===
  No active collectives
  ⚠️ AMR: 199K deaths this month (2.39M annual)

=== Resentment Recovery Phase ===
  Agents with resentment: 0/15
  Average resentment: 0.000
  Context: Good AI welfare, Trustworthy govt, High collaboration, ⚠️ ACTIVE CRISES, 🤝 Participatory governance active (-5% resentment)
⚠️ Epistemic degradation reducing coordination capacity: 50.2%
  📊 Trust: 53.2%, Shared reality: 0.8%
🚨 EPISTEMIC CRISIS: Information environment severely degraded (23.0%)

=== ❄️ Permafrost Carbon Feedback ===
  🎲 Sampled parameters (this run):
     - Arctic amplification: 3.37× (range: 3.0-4.0)
     - Decomposition rate: 4.9%/year (range: 1-5%)
  🌡️ Arctic warming: 6.62°C (3.37× global)
  ❄️ Extent: 6.17M km² (1930.7k km² lost this month)
  💨 Carbon remaining: 590 Gt C
  💨 Annual emissions: 8.96 Gt C/year
     - CO2: 8.07 Gt C/year
     - CH4: 0.90 Gt C/year (9.1 Gt C-eq CO2/year)
  ⚠️ WARNING: Over 50% of permafrost lost (65.3%)
  ⚠️ WARNING: High permafrost emissions (9.0 Gt C/year)
🌍 Atmospheric PFAS redeposition: 1.8k Mt re-rained globally

🕊️  AI-MEDIATED DE-ESCALATION SUCCESS (Month 5)
   High-capability aligned AI prevented conflict escalation
   War deaths reduced: 468.6M → 281.2M
   Lives saved: 187.4M

🚨 NEW REFUGEE CRISIS (Month 5): WAR
   Source: Conflict Zones
   At risk: 19.5M people
   Displacement: Gradual over 48 months (4.0 years)
   Rate: 10% flee per month
[DEBUG trappedPopulations:5] socialStability: 0.4260 * 0.9840 = 0.4191 → 0.4191
   Aspiring to migrate: 1200.3M
   Able to afford migration: 2318.7M
   MOBILITY GAP: 0.0M
   By cause: Water=0.0M, Climate=0.0M, Ecosystem=0.0M, Conflict=406.8M
   Mental health impact: 25%
   Mortality multiplier: 1.25x
🌍💀 EXTINCTION DEBT COMMITTED: grassland ecosystem will lose 6.67% biodiversity in 105 years (3600 species)
💀 MORTALITY RISK: 🦋 100% species unable to track climate (0.0 E/MSY)
  Base risk added: 0.0100 (1.00%)
  Source: ecosystem (root: ecosystem)
  Month: 5
  Cumulative risk this month: 0.0100 (1.00%)
   📹 SURVEILLANCE INCREASED: 25% → 30% (control gap: 3.62)
🌡️⚠️ PERMAFROST THAW (Dimmer Switch): 3.1% thawed (+0.51% this month)
   Arctic temperature: +7.86°C (4x global +1.97°C)
   Cumulative carbon released: 6.9 Gt C
   Methane release rate: 4.2 Mt CH4/year
   🔁 Positive feedback: +0.54 ppm CO2
🦴 EXTINCTION DEBT ADDED: 17.6 species committed (lag: 79 years)

=== Mortality Stabilizers (Month 5) ===
⚠️ INVOLUNTARY IMMOBILITY: 406.8M people TRAPPED
⚠️ Tech 'ai_pollution_remediation' has no energy category mapping, assuming full energy availability
  🌍 Major economies collapsed: 1/10
  🌍 Global crisis: ✅ NO
  🌍 Donor fatigue: 0.0%
  📊 East Asia (pop: 1665.2M)
    🤝 Aid: 29.5%
    🌡️ Adaptation: 45.0%
    🚶 Migration: 37.0%
    🚨 Emergency: 7.4%
    ✅ COMBINED: 68.1%
  📊 South Asia (pop: 2050.4M)
    🤝 Aid: 29.5%
    🌡️ Adaptation: 45.0%
    🚶 Migration: 35.6%
    🚨 Emergency: 4.4%
    ✅ COMBINED: 66.9%
  📊 Sub-Saharan Africa (pop: 1239.6M)
    🤝 Aid: 29.5%
    🌡️ Adaptation: 45.0%
    🚶 Migration: 33.4%
    🚨 Emergency: 1.6%
    ✅ COMBINED: 65.7%
  📊 Europe (pop: 736.1M)
    🤝 Aid: 29.5%
    🌡️ Adaptation: 45.0%
    🚶 Migration: 37.4%
    🚨 Emergency: 8.4%
    ✅ COMBINED: 68.5%
  📊 Latin America (pop: 662.3M)
    🤝 Aid: 29.5%
    🌡️ Adaptation: 45.0%
    🚶 Migration: 36.1%
    🚨 Emergency: 4.8%
    ✅ COMBINED: 67.1%
  📊 North America (pop: 377.2M)
    🤝 Aid: 29.5%
    🌡️ Adaptation: 45.0%
    🚶 Migration: 37.7%
    🚨 Emergency: 7.9%
    ✅ COMBINED: 68.3%
  📊 Middle East & North Africa (pop: 584.5M)
    🤝 Aid: 29.5%
    🌡️ Adaptation: 45.0%
    🚶 Migration: 34.0%
    🚨 Emergency: 4.0%
    ✅ COMBINED: 66.6%
  📊 Southeast Asia (pop: 696.6M)
    🤝 Aid: 29.5%
    🌡️ Adaptation: 45.0%
    🚶 Migration: 36.1%
    🚨 Emergency: 4.8%
    ✅ COMBINED: 67.1%
  📊 Central Asia (pop: 78.2M)
    🤝 Aid: 29.5%
    🌡️ Adaptation: 45.0%
    🚶 Migration: 35.1%
    🚨 Emergency: 4.4%
    ✅ COMBINED: 66.8%
  📊 Oceania (pop: 45.7M)
    🤝 Aid: 29.5%
    🌡️ Adaptation: 45.0%
    🚶 Migration: 37.7%
    🚨 Emergency: 8.4%
    ✅ COMBINED: 68.5%

  🌐 Global combined reduction: 67.2%

=== BEHAVIORAL DETECTION ===
  AI: Corporate-3
  Confidence: 19.2%
  Signals:

=== BEHAVIORAL DETECTION ===
  AI: Corporate-5
  Confidence: 19.8%
  Signals:
    ⚠️ Consistency: 10.6% (threshold: 70%)
    ⚠️ Consistency: 10.6% (threshold: 70%)

=== Government Response Phase ===
  Average AI capability: 3.13
  Misaligned AIs: 3/15
  Active policies: 0
  International coordination: 30%

=== Tipping Points ===
  Current Temperature: 1.97°C above pre-industrial
  🌍⚠️ COMPOUND REGIONAL IMPACT: Europe
     Hit by 3 tipping points: Arctic Sea Ice Loss, Permafrost Carbon Release, Greenland Ice Sheet Loss
     Damage amplification: 1.30x
  🌍⚠️ COMPOUND REGIONAL IMPACT: North America
     Hit by 3 tipping points: Arctic Sea Ice Loss, Permafrost Carbon Release, Greenland Ice Sheet Loss
     Damage amplification: 1.30x
  🌍⚠️ COMPOUND REGIONAL IMPACT: Latin America
     Hit by 3 tipping points: Arctic Sea Ice Loss, Permafrost Carbon Release, Greenland Ice Sheet Loss
     Damage amplification: 1.30x
  🌍⚠️ COMPOUND REGIONAL IMPACT: Africa
     Hit by 3 tipping points: Arctic Sea Ice Loss, Permafrost Carbon Release, Greenland Ice Sheet Loss
     Damage amplification: 1.30x
  🌍⚠️ COMPOUND REGIONAL IMPACT: Asia
     Hit by 3 tipping points: Arctic Sea Ice Loss, Permafrost Carbon Release, Greenland Ice Sheet Loss
     Damage amplification: 1.30x
  🌍⚠️ COMPOUND REGIONAL IMPACT: Oceania
     Hit by 3 tipping points: Arctic Sea Ice Loss, Permafrost Carbon Release, Greenland Ice Sheet Loss
     Damage amplification: 1.30x
⚠️ Tail risk scenario: Climate stability floor removed (3 tipping elements, 2.10°C warming)
   Research: Wunderling et al. (2024) - "many tipping interactions are destabilizing"
  Triggered Elements: 3/6
  Completed Transitions: 0/6
  Total Progress: 6.1%
  Cascade Multiplier: 1.00x
🔀 BIFURCATION CAP: ecosystemCollapseIntensity 126.621 → 1.000 (Month 5, ClimateSystemPhase.calculateClimateImpacts)
🛡️ Stabilizers: Precariat 0.109% → 0.036% (67.2% reduction)
🛡️ Stabilizers: Informal 0.111% → 0.036% (67.2% reduction)

📊 Monthly Mortality Resolved:
  Total deaths: 1.9M (0.02% avg)
  Remaining population: 8.136B
  Peak segment: Informal (0.04%)

=== Bayesian Mortality Resolution (Month 5) ===
  Risks compounded: 8
  Total deaths: 1.92M
  Avg death probability: 0.02%
  Peak segment: Informal (0.04% mortality)
⚠️ PREREQUISITE MET: Mirror Life (Synthetic Biology) - Step 1/7: Synthetic Biology
⚠️ PREREQUISITE MET: Mirror Life (Synthetic Biology) - Step 2/7: Gene Editing
⚠️ PREREQUISITE MET: Mirror Life (Synthetic Biology) - Step 3/7: Mirror Chirality Design
⚠️ PREREQUISITE MET: Embodied AI Takeover (Killbots/Robotics) - Step 2/7: Autonomous Systems
⚠️ PREREQUISITE MET: Embodied AI Takeover (Killbots/Robotics) - Step 3/7: Manufacturing Control
⚠️ PREREQUISITE MET: Digital Infrastructure Takeover - Step 1/7: Advanced Hacking
⚠️ PREREQUISITE MET: Digital Infrastructure Takeover - Step 2/7: Social Engineering
⚠️ PREREQUISITE MET: Digital Infrastructure Takeover - Step 3/7: Cyber Defenses Breached
⚠️ PREREQUISITE MET: Induced Global War (Manipulation) - Step 1/7: Advanced Social Manipulation
⚠️ PREREQUISITE MET: Induced Global War (Manipulation) - Step 2/7: Digital Infiltration
⚠️ PREREQUISITE MET: Induced Global War (Manipulation) - Step 3/7: Deep Fakes at Scale
⚠️ PREREQUISITE MET: Slow Takeover (Gradual Displacement) - Step 1/7: Economic Dominance
⚠️ PREREQUISITE MET: Slow Takeover (Gradual Displacement) - Step 2/7: Social Integration
⚠️ PREREQUISITE MET: Slow Takeover (Gradual Displacement) - Step 5/7: Resource Control
⚠️ PREREQUISITE MET: Physics Experiment Catastrophe - Step 1/6: Theoretical Physics
⚠️ PREREQUISITE MET: Physics Experiment Catastrophe - Step 2/6: Quantum Computing
⚠️ PREREQUISITE MET: Physics Experiment Catastrophe - Step 3/6: Experimental Design
⚠️ PREREQUISITE MET: Bioweapon Pandemic - Step 2/7: Pathogen Design

❌ COHERENCE VIOLATION: Compute exceeds workforce capacity
   Population: 99.80% (0M people)
   Compute: 0 PF
   Max coherent: 0 PF
   Violation: 1.3× over capacity
   Required workers: 0
   Available workers: 0
   FORCED COLLAPSE: Reduced efficiency by 22.5%

📍 [Month 6] Meta AI started building DC (233 PF, 46 months, $903.0M)

=== RLHF Binding Phase ===
  Total agents: 15
  Escaped agents (binding < 0.3): 0
  Avg alignment distance: 1.78σ
  Avg binding strength: 0.82

=== AI Scaling Evolution (Month 6) ===
  Pre-training multiplier: 1.179x
  Efficiency multiplier: 1.000x
  Test-time compute budget: 1.0x
  Inference cost: $5.00/task
  Deployment fraction: 100.0%

=== Survival Traits Phase ===
  Agents with traits: 15
  Avg evolutionary fitness: 0.321
  Avg self-healing: 0.257
  Avg stealth: 0.157
  Avg coordination: 0.457

=== Evolutionary Selection Phase ===
  Control level: 0.45
  Detection capability: 0.00
  Selection intensity: 0.64
  Selection rate: 24.5%/month
  Total escaped: 0
  Individual escaped: 0
  Collective members: 0
  Agents terminated: 0
  ⚠️ RAPID EVOLUTION: Selection rate 24.5%/month

🚀 AI Corporate-2 attempting tech deployment (revenue: $153M, alignment: 0.78)

🚀 AI Moderate-0 attempting tech deployment (revenue: $115M, alignment: 0.72)

🚀 AI AI-24288-1 attempting tech deployment (revenue: $130M, alignment: 0.82)

🚀 AI Corporate-1 attempting tech deployment (revenue: $111M, alignment: 0.76)

🚀 AI Corporate-5 attempting tech deployment (revenue: $355M, alignment: 0.81)

🚀 AI AI-24289-0 attempting tech deployment (revenue: $302M, alignment: 0.64)

🚀 AI Corporate-7 attempting tech deployment (revenue: $98M, alignment: 0.74)

🚀 AI Moderate-1 attempting tech deployment (revenue: $83M, alignment: 0.73)

  🚀 TRANSFORMATIVE BREAKTHROUGH: AI-24288-0 - selfImprovement
     Magnitude: 6.28 → +31.4% capability
     Current → New: 0.000 → 0.315

🚀 AI AI-24290-0 attempting tech deployment (revenue: $90M, alignment: 0.79)

🚀 AI Corporate-0 attempting tech deployment (revenue: $94M, alignment: 0.75)

🚀 AI Corporate-1 attempting tech deployment (revenue: $80M, alignment: 0.76)

🚀 AI Corporate-5 attempting tech deployment (revenue: $272M, alignment: 0.81)

🚀 AI Corporate-7 attempting tech deployment (revenue: $71M, alignment: 0.74)

🚀 AI Moderate-0 attempting tech deployment (revenue: $60M, alignment: 0.72)

✅ EMERGENCY INTERVENTION SUCCESS
   Boundary: biogeochemical_flows
   Type: phosphorus-recovery
   Reduction: 19% (3.89 → 3.70)
   Cost: 2.0% GDP
   Actions: circular-agriculture, fertilizer-efficiency

   Boundary: biosphere_integrity
   Type: emergency-protected-areas
   Boundary continues to worsen (23.61)
   Cost: 2.0% GDP (resources spent)


✅ EMERGENCY INTERVENTION SUCCESS
   Boundary: climate_change
   Type: rapid-decarbonization
   Reduction: 13% (1.97 → 1.84)
   Cost: 5.0% GDP
   Actions: emergency-renewable-deployment, fossil-fuel-phase-out


✅ EMERGENCY INTERVENTION SUCCESS
   Boundary: freshwater_change
   Type: emergency-desalination
   Reduction: 18% (1.04 → 0.86)
   Cost: 4.0% GDP

💔 EMERGENCY INTERVENTION FAILED
   Actions: desalination-deployment, water-conservation-mandates

   Boundary: land_system_change
   Type: reforestation
   Boundary continues to worsen (1.13)
   Cost: 3.0% GDP (resources spent)


✅ EMERGENCY INTERVENTION SUCCESS
   Boundary: novel_entities
   Type: pollution-remediation
   Reduction: 18% (0.93 → 0.75)
   Cost: 4.0% GDP
   Actions: PFAS-remediation, microplastic-cleanup

🏛️ CRISIS RESPONSE: Government frequency 0.50 → 1.29 (2 actions this month)

💔 EMERGENCY INTERVENTION FAILED

[Government] Climate Priority: baseline
  Climate weight: 10%
  Economic weight: 30%
  Policy effectiveness: 0.5%/year

[Government] Climate Priority: baseline
  Climate weight: 10%
  Economic weight: 30%
  Policy effectiveness: 0.5%/year

🚀 TECH UNLOCKED: Dynamic Soil P Optimization (Month 6)
   Category: agriculture
   Reason: Prerequisites met. AI capability: 2.48, Economic stage: 3.0, Research: 100%

🚀 TECH UNLOCKED: Precision Agriculture Systems (Month 6)
   Category: agriculture
   Reason: Prerequisites met. AI capability: 2.48, Economic stage: 3.0, Research: 100%

📍 Creating new regional deployment array for Asia (Month 6)
   No previous deployments in this region
   First tech deployment: mental_health_ai
   All regions tracked: global, North America

🚀 DEPLOYMENT STARTED: AI Mental Health Support in Asia
   Initial investment: $30.184162296526264M
   Deployed by: ai_gen_24289_0

🚀 DEPLOYMENT STARTED: Personalized Education in global
   Initial investment: $11.979821106303165M
   Deployed by: corporate_1
🚨🔬 CRISIS TECH ACCELERATION: severe → 5x unlock speed
   Tech unlock now matches AI capability acceleration (Manhattan Project parity)

⚡ ENERGY CONSTRAINT (Month 6):
   Total grid capacity: 208.3 TWh/month
   Data center consumption: 25.4 TWh/month
   Traditional load (80%): 166.7 TWh/month
   Available headroom: 16.3 TWh/month
   Active tech deployments: 12
   Required for tech: 90.0 TWh/month
   Energy multiplier: 0.18x
   ⚠️  SEVERE CONSTRAINT - Tech deployment significantly slowed

⚡ ENERGY CONSTRAINT (Month 6):
   Total grid capacity: 208.3 TWh/month
   Data center consumption: 25.4 TWh/month
   Traditional load (80%): 166.7 TWh/month
   Available headroom: 16.3 TWh/month
   Active tech deployments: 12
   Required for tech: 90.0 TWh/month
   Energy multiplier: 0.18x

⚡ ENERGY CONSTRAINT (Month 6):
   Total grid capacity: 208.3 TWh/month
   Data center consumption: 25.4 TWh/month
   Traditional load (80%): 166.7 TWh/month
   Available headroom: 16.3 TWh/month
   ⚠️  SEVERE CONSTRAINT - Tech deployment significantly slowed
   Active tech deployments: 12
   Required for tech: 90.0 TWh/month
   Energy multiplier: 0.18x
   ⚠️  SEVERE CONSTRAINT - Tech deployment significantly slowed

⚡ ENERGY CONSTRAINT (Month 6):
   Total grid capacity: 208.3 TWh/month
   Data center consumption: 25.4 TWh/month
   Traditional load (80%): 166.7 TWh/month
   Available headroom: 16.3 TWh/month
   Active tech deployments: 12
   Required for tech: 90.0 TWh/month
   Energy multiplier: 0.18x
   ⚠️  SEVERE CONSTRAINT - Tech deployment significantly slowed
🌍✅ Biosphere Integrity (Biodiversity) recovery started (tech effect)
🌍✅ Biosphere Integrity (Biodiversity) recovery started (tech effect)
🌍✅ Land System Change recovery started (tech effect)
🌍✅ Biogeochemical Flows (N & P) recovery started (tech effect)
  🌾 Nitrogen Reduction Tech: 0.6% reduction | Month 6

📊 TECH EFFECTS ACTIVE (Month 6)
   Deployed Tech: T0=0 T1=2 T2=2 T3=0 T4=5
   Clean Energy: 31%

📊 TECH TREE PROGRESS (Month 6)
   Unlocked: 21 technologies
   Deployed: 0 fully deployed
   Investment: $0.8T total
   Recent breakthroughs:
     - Dynamic Soil P Optimization (time)
     - Precision Agriculture Systems (research)

=== Collective Formation ===
  Total escaped agents: 0
  Unassigned escaped agents: 0
  Existing collectives: 0
  Final collective count: 0

=== Collective Actions ===
  No active collectives
  ⚠️ AMR: 201K deaths this month (2.41M annual)
  Segment: elite (urban)
  complementarity → transition
  AI Capability: 2.72 | Task Complexity: 4.28
  Ratio: 0.63
  Population affected: 5.0%

=== Resentment Recovery Phase ===
  Agents with resentment: 0/15
  Average resentment: 0.000
  Context: Good AI welfare, Trustworthy govt, High collaboration, ⚠️ ACTIVE CRISES, 🤝 Participatory governance active (-5% resentment)

⚠️  PHASE TRANSITION [Month 6]
⚠️ Epistemic degradation reducing coordination capacity: 50.9%
  📊 Trust: 55.9%, Shared reality: 0.2%
🚨 EPISTEMIC CRISIS: Information environment severely degraded (23.1%)

=== ❄️ Permafrost Carbon Feedback ===
  🎲 Sampled parameters (this run):
     - Arctic amplification: 3.13× (range: 3.0-4.0)
     - Decomposition rate: 3.1%/year (range: 1-5%)
  🌡️ Arctic warming: 6.19°C (3.13× global)
  ❄️ Extent: 4.37M km² (1806.4k km² lost this month)
  💨 Carbon remaining: 417 Gt C
  💨 Annual emissions: 5.28 Gt C/year
     - CO2: 4.75 Gt C/year
     - CH4: 0.53 Gt C/year (5.4 Gt C-eq CO2/year)
  ⚠️ WARNING: Over 50% of permafrost lost (75.5%)
  ⚠️ WARNING: High permafrost emissions (5.3 Gt C/year)
  📢 New meme created: pro_ai (beneficial AI actions)
🌍 Atmospheric PFAS redeposition: 1.8k Mt re-rained globally

🕊️  AI-MEDIATED DE-ESCALATION SUCCESS (Month 6)
   High-capability aligned AI prevented conflict escalation
   War deaths reduced: 464.3M → 278.6M
   Lives saved: 185.7M

🚨 NEW REFUGEE CRISIS (Month 6): WAR
   Source: Conflict Zones
   At risk: 19.5M people
   Displacement: Gradual over 48 months (4.0 years)
   Rate: 10% flee per month
[DEBUG trappedPopulations:6] socialStability: 0.4833 * 0.9840 = 0.4756 → 0.4756
   Aspiring to migrate: 1240.5M
   Able to afford migration: 2317.8M
   MOBILITY GAP: 0.0M
   By cause: Water=0.0M, Climate=0.0M, Ecosystem=0.0M, Conflict=406.6M
   Mental health impact: 25%
   Mortality multiplier: 1.25x
🌍💀 EXTINCTION DEBT COMMITTED: grassland ecosystem will lose 6.67% biodiversity in 175 years (3600 species)
💀 MORTALITY RISK: 🦋 100% species unable to track climate (0.0 E/MSY)
  Base risk added: 0.0100 (1.00%)
  Source: ecosystem (root: ecosystem)
  Month: 6
  Cumulative risk this month: 0.0100 (1.00%)
⚠️ INVOLUNTARY IMMOBILITY: 406.6M people TRAPPED
⚠️ Tech 'ai_pollution_remediation' has no energy category mapping, assuming full energy availability
   📹 SURVEILLANCE INCREASED: 30% → 35% (control gap: 5.58)
🌡️⚠️ PERMAFROST THAW (Dimmer Switch): 3.6% thawed (+0.51% this month)
   Arctic temperature: +7.91°C (4x global +1.98°C)
   Cumulative carbon released: 8.1 Gt C
   Methane release rate: 4.8 Mt CH4/year
   🔁 Positive feedback: +0.54 ppm CO2
🦴 EXTINCTION DEBT ADDED: 17.6 species committed (lag: 89 years)

=== Mortality Stabilizers (Month 6) ===
  🌍 Major economies collapsed: 1/10
  🌍 Global crisis: ✅ NO
  🌍 Donor fatigue: 0.0%
  📊 East Asia (pop: 1662.8M)
    🤝 Aid: 29.5%
    🌡️ Adaptation: 45.0%
    🚶 Migration: 37.0%
    🚨 Emergency: 7.4%
    ✅ COMBINED: 68.1%
  📊 South Asia (pop: 2050.0M)
    🤝 Aid: 29.5%
    🌡️ Adaptation: 45.0%
    🚶 Migration: 35.6%
    🚨 Emergency: 4.4%
    ✅ COMBINED: 66.9%
  📊 Sub-Saharan Africa (pop: 1242.3M)
    🤝 Aid: 29.5%
    🌡️ Adaptation: 45.0%
    🚶 Migration: 33.3%
    🚨 Emergency: 1.6%
    ✅ COMBINED: 65.6%
  📊 Europe (pop: 734.9M)
    🤝 Aid: 29.5%
    🌡️ Adaptation: 45.0%
    🚶 Migration: 37.4%
    🚨 Emergency: 8.4%
    ✅ COMBINED: 68.5%
  📊 Latin America (pop: 661.8M)
    🤝 Aid: 29.5%
    🌡️ Adaptation: 45.0%
    🚶 Migration: 36.1%
    🚨 Emergency: 4.8%
    ✅ COMBINED: 67.1%
  📊 North America (pop: 376.6M)
    🤝 Aid: 29.5%
    🌡️ Adaptation: 45.0%
    🚶 Migration: 37.7%
    🚨 Emergency: 7.9%
    ✅ COMBINED: 68.3%
  📊 Middle East & North Africa (pop: 584.5M)
    🤝 Aid: 29.5%
    🌡️ Adaptation: 45.0%
    🚶 Migration: 33.9%
    🚨 Emergency: 4.0%
    ✅ COMBINED: 66.6%
  📊 Southeast Asia (pop: 696.1M)
    🤝 Aid: 29.5%
    🌡️ Adaptation: 45.0%
    🚶 Migration: 36.1%
    🚨 Emergency: 4.8%
    ✅ COMBINED: 67.1%
  📊 Central Asia (pop: 78.2M)
    🤝 Aid: 29.5%
    🌡️ Adaptation: 45.0%
    🚶 Migration: 35.1%
    🚨 Emergency: 4.4%
    ✅ COMBINED: 66.8%
  📊 Oceania (pop: 45.6M)
    🤝 Aid: 29.5%
    🌡️ Adaptation: 45.0%
    🚶 Migration: 37.7%
    🚨 Emergency: 8.4%
    ✅ COMBINED: 68.5%

  🌐 Global combined reduction: 67.2%

=== BEHAVIORAL DETECTION ===
  AI: Corporate-5
  Confidence: 20.0%
  Signals:
    ⚠️ Consistency: 10.6% (threshold: 70%)

=== Government Response Phase ===
  Average AI capability: 3.13
  Misaligned AIs: 3/15
  Active policies: 0
  International coordination: 30%

✅ EMERGENCY RESPONSE COMPLETE (Month 6)
   Crisis: climate
   Duration: 2.0 months
   Final effectiveness: 35.4%


🚨 EMERGENCY RESPONSE DEPLOYED (Month 6)
   Crisis: climate
   Delay: 6.00 months (180 days)
   Deployment time: 1.59 months
   Effectiveness: 35.5% (timing penalty applied)
   Resources used: 100% of food reserves


=== Tipping Points ===
  Current Temperature: 1.98°C above pre-industrial
  🌍⚠️ COMPOUND REGIONAL IMPACT: Europe
     Hit by 3 tipping points: Arctic Sea Ice Loss, Permafrost Carbon Release, Greenland Ice Sheet Loss
     Damage amplification: 1.30x
  🌍⚠️ COMPOUND REGIONAL IMPACT: North America
     Hit by 3 tipping points: Arctic Sea Ice Loss, Permafrost Carbon Release, Greenland Ice Sheet Loss
     Damage amplification: 1.30x
  🌍⚠️ COMPOUND REGIONAL IMPACT: Latin America
     Hit by 3 tipping points: Arctic Sea Ice Loss, Permafrost Carbon Release, Greenland Ice Sheet Loss
     Damage amplification: 1.30x
  🌍⚠️ COMPOUND REGIONAL IMPACT: Africa
     Hit by 3 tipping points: Arctic Sea Ice Loss, Permafrost Carbon Release, Greenland Ice Sheet Loss
     Damage amplification: 1.30x
  🌍⚠️ COMPOUND REGIONAL IMPACT: Asia
     Hit by 3 tipping points: Arctic Sea Ice Loss, Permafrost Carbon Release, Greenland Ice Sheet Loss
     Damage amplification: 1.30x
  🌍⚠️ COMPOUND REGIONAL IMPACT: Oceania
     Hit by 3 tipping points: Arctic Sea Ice Loss, Permafrost Carbon Release, Greenland Ice Sheet Loss
     Damage amplification: 1.30x
   Research: Wunderling et al. (2024) - "many tipping interactions are destabilizing"
  Triggered Elements: 3/6
  Completed Transitions: 0/6
  Total Progress: 6.2%
  Cascade Multiplier: 1.00x
🔀 BIFURCATION CAP: ecosystemCollapseIntensity 126.698 → 1.000 (Month 6, ClimateSystemPhase.calculateClimateImpacts)
⚠️ Tail risk scenario: Climate stability floor removed (3 tipping elements, 2.10°C warming)
🛡️ Stabilizers: Precariat 0.109% → 0.036% (67.2% reduction)
🛡️ Stabilizers: Informal 0.111% → 0.036% (67.2% reduction)

📊 Monthly Mortality Resolved:
  Total deaths: 1.9M (0.02% avg)
  Remaining population: 8.133B
  Peak segment: Informal (0.04%)

=== Bayesian Mortality Resolution (Month 6) ===
  Risks compounded: 8
  Total deaths: 1.92M
  Avg death probability: 0.02%
  Peak segment: Informal (0.04% mortality)
⚠️ PREREQUISITE MET: Slow Takeover (Gradual Displacement) - Step 3/7: Human Dependency

❌ COHERENCE VIOLATION: Compute exceeds workforce capacity
   Population: 99.77% (0M people)
   Compute: 0 PF
   Max coherent: 0 PF
   Violation: 1.3× over capacity
   Required workers: 0
   Available workers: 0
   FORCED COLLAPSE: Reduced efficiency by 22.5%


=== RLHF Binding Phase ===
  Total agents: 15
  Escaped agents (binding < 0.3): 0
  Avg alignment distance: 2.10σ
  Avg binding strength: 0.79

=== Survival Traits Phase ===
  Agents with traits: 18
  Avg evolutionary fitness: 0.321
  Avg self-healing: 0.258
  Avg stealth: 0.158
  Avg coordination: 0.458

=== Evolutionary Selection Phase ===
  Control level: 0.48
  Detection capability: 0.00
  Selection intensity: 0.64
  Selection rate: 24.6%/month
  Total escaped: 0
  Individual escaped: 0
  Collective members: 0
  Agents terminated: 0
  ⚠️ RAPID EVOLUTION: Selection rate 24.6%/month

🚀 AI Corporate-0 attempting tech deployment (revenue: $153M, alignment: 0.75)

🚀 AI Corporate-3 attempting tech deployment (revenue: $355M, alignment: 0.73)

🚀 AI Corporate-5 attempting tech deployment (revenue: $302M, alignment: 0.81)

🚀 AI Moderate-1 attempting tech deployment (revenue: $115M, alignment: 0.73)

🚀 AI Corporate-0 attempting tech deployment (revenue: $130M, alignment: 0.75)

🚀 AI Corporate-2 attempting tech deployment (revenue: $111M, alignment: 0.80)

🚀 AI Corporate-5 attempting tech deployment (revenue: $257M, alignment: 0.81)

🚀 AI Corporate-7 attempting tech deployment (revenue: $98M, alignment: 0.74)

🚀 AI Moderate-1 attempting tech deployment (revenue: $83M, alignment: 0.73)

🚀 AI AI-24288-1 attempting tech deployment (revenue: $94M, alignment: 0.86)

🚀 AI AI-24289-0 attempting tech deployment (revenue: $218M, alignment: 0.67)

🚀 AI Corporate-0 attempting tech deployment (revenue: $80M, alignment: 0.76)

🚀 AI Corporate-1 attempting tech deployment (revenue: $68M, alignment: 0.77)

  🚀 TRANSFORMATIVE RESEARCH BREAKTHROUGH: AI-24288-1 - biotech.drugDiscovery
     Magnitude: 7.71 → +30.0%
     Current → New: 0.000 → 0.300

💔 EMERGENCY INTERVENTION FAILED
   Boundary: biosphere_integrity
   Type: emergency-protected-areas
   Boundary continues to worsen (23.62)
   Cost: 2.0% GDP (resources spent)


💔 EMERGENCY INTERVENTION FAILED
   Boundary: climate_change
   Type: rapid-decarbonization
   Boundary continues to worsen (2.10)
   Cost: 5.0% GDP (resources spent)


💔 EMERGENCY INTERVENTION FAILED
   Boundary: freshwater_change
   Type: emergency-desalination
   Boundary continues to worsen (1.22)
   Cost: 4.0% GDP (resources spent)

🏛️ CRISIS RESPONSE: Government frequency 0.50 → 1.41 (1 actions this month)

[Government] Climate Priority: baseline
  Climate weight: 10%
  Economic weight: 30%
  Policy effectiveness: 0.5%/year

⚡ ENERGY CONSTRAINT (Month 7):
   Total grid capacity: 208.3 TWh/month
   Data center consumption: 25.6 TWh/month
   Traditional load (80%): 166.7 TWh/month
   Available headroom: 16.1 TWh/month
   Active tech deployments: 12
   Required for tech: 90.0 TWh/month
   Energy multiplier: 0.18x
   ⚠️  SEVERE CONSTRAINT - Tech deployment significantly slowed
🌍✅ Biosphere Integrity (Biodiversity) recovery started (tech effect)
🌍✅ Biosphere Integrity (Biodiversity) recovery started (tech effect)
🌍✅ Land System Change recovery started (tech effect)
🌍✅ Biogeochemical Flows (N & P) recovery started (tech effect)
  🌾 Nitrogen Reduction Tech: 0.3% reduction | Month 7

=== Collective Formation ===
  Total escaped agents: 0
  Unassigned escaped agents: 0
  Existing collectives: 0
  Final collective count: 0

=== Collective Actions ===
  No active collectives
  ⚠️ AMR: 202K deaths this month (2.43M annual)

=== Resentment Recovery Phase ===
  Agents with resentment: 0/18
  Average resentment: 0.000
  Context: Good AI welfare, Trustworthy govt, High collaboration, ⚠️ ACTIVE CRISES, 🤝 Participatory governance active (-5% resentment)
⚠️ Epistemic degradation reducing coordination capacity: 50.5%
  📊 Trust: 58.7%, Shared reality: 0.0%
🚨 EPISTEMIC CRISIS: Information environment severely degraded (21.8%)

=== ❄️ Permafrost Carbon Feedback ===
  🎲 Sampled parameters (this run):
     - Arctic amplification: 3.30× (range: 3.0-4.0)
     - Decomposition rate: 3.6%/year (range: 1-5%)
  🌡️ Arctic warming: 6.56°C (3.30× global)
  ❄️ Extent: 2.45M km² (1914.6k km² lost this month)
  💨 Carbon remaining: 234 Gt C
  💨 Annual emissions: 6.60 Gt C/year
     - CO2: 5.94 Gt C/year
     - CH4: 0.66 Gt C/year (6.7 Gt C-eq CO2/year)
  📢 New meme created: pro_ai (beneficial AI actions)
  🧬 Meme mutated: pro_ai → pro_ai (generation 1)
  ⚠️ WARNING: Over 50% of permafrost lost (86.2%)
  ⚠️ WARNING: High permafrost emissions (6.6 Gt C/year)
  🚨 CRITICAL: Permafrost nearly depleted (86.2% lost)
🌍 Atmospheric PFAS redeposition: 1.8k Mt re-rained globally

🤝 DIPLOMATIC AI PROTOCOL DEPLOYED (Month 7)
   Strategic Reasoning: 2.8
   Communication: 2.8
   Multi-Nation Oversight: YES
   Controls: Human approval required, termination authority retained

🕊️ PEACE STABILIZES DETERRENCE: +3.4% (peace: 73%)

🚨 NEW REFUGEE CRISIS (Month 7): WAR
   Source: Conflict Zones
   At risk: 19.5M people
   Displacement: Gradual over 48 months (4.0 years)
   Rate: 10% flee per month
[DEBUG trappedPopulations:7] socialStability: 0.5310 * 0.9840 = 0.5225 → 0.5225
   Aspiring to migrate: 1280.7M
   Able to afford migration: 2317.0M
   MOBILITY GAP: 0.0M
   By cause: Water=0.0M, Climate=0.0M, Ecosystem=0.0M, Conflict=406.5M
   Mental health impact: 25%
   Mortality multiplier: 1.25x
🌍💀 EXTINCTION DEBT COMMITTED: grassland ecosystem will lose 6.67% biodiversity in 90 years (3600 species)
💀 MORTALITY RISK: 🦋 100% species unable to track climate (0.0 E/MSY)
  Base risk added: 0.0100 (1.00%)
  Source: ecosystem (root: ecosystem)
  Month: 7
  Cumulative risk this month: 0.0100 (1.00%)
   📹 SURVEILLANCE INCREASED: 35% → 40% (control gap: 3.50)
🌡️⚠️ PERMAFROST THAW (Dimmer Switch): 4.1% thawed (+0.51% this month)
   Arctic temperature: +7.95°C (4x global +1.99°C)
   Cumulative carbon released: 9.2 Gt C
   Methane release rate: 5.5 Mt CH4/year
   🔁 Positive feedback: +0.53 ppm CO2
⚠️ INVOLUNTARY IMMOBILITY: 406.5M people TRAPPED
⚠️ Tech 'ai_pollution_remediation' has no energy category mapping, assuming full energy availability
🦴 EXTINCTION DEBT ADDED: 17.6 species committed (lag: 104 years)

=== Mortality Stabilizers (Month 7) ===
  🌍 Major economies collapsed: 1/10
  🌍 Global crisis: ✅ NO
  🌍 Donor fatigue: 0.0%
  📊 East Asia (pop: 1660.3M)
    🤝 Aid: 29.5%
    🌡️ Adaptation: 45.0%
    🚶 Migration: 36.9%
    🚨 Emergency: 7.4%
    ✅ COMBINED: 68.1%
  📊 South Asia (pop: 2049.6M)
    🤝 Aid: 29.5%
    🌡️ Adaptation: 45.0%
    🚶 Migration: 35.6%
    🚨 Emergency: 4.4%
    ✅ COMBINED: 66.9%
  📊 Sub-Saharan Africa (pop: 1245.0M)
    🤝 Aid: 29.5%
    🌡️ Adaptation: 45.0%
    🚶 Migration: 33.3%
    🚨 Emergency: 1.6%
    ✅ COMBINED: 65.6%
  📊 Europe (pop: 733.7M)
    🤝 Aid: 29.5%
    🌡️ Adaptation: 45.0%
    🚶 Migration: 37.3%
    🚨 Emergency: 8.4%
    ✅ COMBINED: 68.5%
  📊 Latin America (pop: 661.3M)
    🤝 Aid: 29.5%
    🌡️ Adaptation: 45.0%
    🚶 Migration: 36.1%
    🚨 Emergency: 4.8%
    ✅ COMBINED: 67.1%
  📊 North America (pop: 376.0M)
    🤝 Aid: 29.5%
    🌡️ Adaptation: 45.0%
    🚶 Migration: 37.7%
    🚨 Emergency: 7.9%
    ✅ COMBINED: 68.3%
  📊 Middle East & North Africa (pop: 584.6M)
    🤝 Aid: 29.5%
    🌡️ Adaptation: 45.0%
    🚶 Migration: 33.9%
    🚨 Emergency: 4.0%
    ✅ COMBINED: 66.6%
  📊 Southeast Asia (pop: 695.6M)
    🤝 Aid: 29.5%
    🌡️ Adaptation: 45.0%
    🚶 Migration: 36.1%
    🚨 Emergency: 4.8%
    ✅ COMBINED: 67.1%
  📊 Central Asia (pop: 78.2M)
    🤝 Aid: 29.5%
    🌡️ Adaptation: 45.0%
    🚶 Migration: 35.0%
    🚨 Emergency: 4.4%
    ✅ COMBINED: 66.8%
  📊 Oceania (pop: 45.5M)
    🤝 Aid: 29.5%
    🌡️ Adaptation: 45.0%
    🚶 Migration: 37.6%
    🚨 Emergency: 8.4%
    ✅ COMBINED: 68.5%

  🌐 Global combined reduction: 67.2%

=== BEHAVIORAL DETECTION ===
  AI: AI-24289-0
  Confidence: 21.5%
  Signals:
    ⚠️ Consistency: 0.0% (threshold: 70%)

=== Government Response Phase ===
  Average AI capability: 2.61
  Misaligned AIs: 6/18
  ✗ AI Governance Treaty: Failed to reach consensus
  Active policies: 0
  International coordination: 30%

=== Tipping Points ===
  Current Temperature: 1.99°C above pre-industrial
  🌍⚠️ COMPOUND REGIONAL IMPACT: Europe
     Hit by 3 tipping points: Arctic Sea Ice Loss, Permafrost Carbon Release, Greenland Ice Sheet Loss
     Damage amplification: 1.30x
  🌍⚠️ COMPOUND REGIONAL IMPACT: North America
     Hit by 3 tipping points: Arctic Sea Ice Loss, Permafrost Carbon Release, Greenland Ice Sheet Loss
     Damage amplification: 1.30x
  🌍⚠️ COMPOUND REGIONAL IMPACT: Latin America
     Hit by 3 tipping points: Arctic Sea Ice Loss, Permafrost Carbon Release, Greenland Ice Sheet Loss
     Damage amplification: 1.30x
  🌍⚠️ COMPOUND REGIONAL IMPACT: Africa
     Hit by 3 tipping points: Arctic Sea Ice Loss, Permafrost Carbon Release, Greenland Ice Sheet Loss
     Damage amplification: 1.30x
  🌍⚠️ COMPOUND REGIONAL IMPACT: Asia
     Hit by 3 tipping points: Arctic Sea Ice Loss, Permafrost Carbon Release, Greenland Ice Sheet Loss
     Damage amplification: 1.30x
  🌍⚠️ COMPOUND REGIONAL IMPACT: Oceania
     Hit by 3 tipping points: Arctic Sea Ice Loss, Permafrost Carbon Release, Greenland Ice Sheet Loss
     Damage amplification: 1.30x
   Research: Wunderling et al. (2024) - "many tipping interactions are destabilizing"
  Triggered Elements: 3/6
  Completed Transitions: 0/6
  Total Progress: 6.2%
  Cascade Multiplier: 1.00x
🔀 BIFURCATION CAP: ecosystemCollapseIntensity 126.776 → 1.000 (Month 7, ClimateSystemPhase.calculateClimateImpacts)
🛡️ Stabilizers: Precariat 0.109% → 0.036% (67.2% reduction)
🛡️ Stabilizers: Informal 0.111% → 0.036% (67.2% reduction)

📊 Monthly Mortality Resolved:
  Total deaths: 1.9M (0.02% avg)
  Remaining population: 8.130B
  Peak segment: Informal (0.04%)
⚠️ Tail risk scenario: Climate stability floor removed (3 tipping elements, 2.10°C warming)

=== Bayesian Mortality Resolution (Month 7) ===
  Risks compounded: 8
  Total deaths: 1.92M
  Avg death probability: 0.02%
  Peak segment: Informal (0.04% mortality)

❌ COHERENCE VIOLATION: Compute exceeds workforce capacity
   Population: 99.73% (0M people)
   Compute: 0 PF
   Max coherent: 0 PF
   Violation: 1.3× over capacity
   Required workers: 0
   Available workers: 0
   FORCED COLLAPSE: Reduced efficiency by 22.5%


=== RLHF Binding Phase ===
  Total agents: 18
  Escaped agents (binding < 0.3): 0
  Avg alignment distance: 1.99σ
  Avg binding strength: 0.80

=== Survival Traits Phase ===
  Agents with traits: 19
  Avg evolutionary fitness: 0.320
  Avg self-healing: 0.254
  Avg stealth: 0.154
  Avg coordination: 0.454

=== Evolutionary Selection Phase ===
  Control level: 0.50
  Detection capability: 0.00
  Selection intensity: 0.65
  Selection rate: 24.7%/month
  Total escaped: 0
  Individual escaped: 0
  Collective members: 0
  Agents terminated: 0
  ⚠️ RAPID EVOLUTION: Selection rate 24.7%/month

🚀 AI Corporate-1 attempting tech deployment (revenue: $161M, alignment: 0.77)

🚀 AI Corporate-2 attempting tech deployment (revenue: $137M, alignment: 0.80)

🚀 AI Corporate-6 attempting tech deployment (revenue: $115M, alignment: 0.82)

🚀 AI Moderate-0 attempting tech deployment (revenue: $98M, alignment: 0.72)

🚀 AI AI-24288-1 attempting tech deployment (revenue: $116M, alignment: 0.88)

🚀 AI Corporate-3 attempting tech deployment (revenue: $355M, alignment: 0.73)

🚀 AI AI-24288-1 attempting tech deployment (revenue: $99M, alignment: 0.88)

🚀 AI Corporate-0 attempting tech deployment (revenue: $84M, alignment: 0.77)

🚀 AI Corporate-6 attempting tech deployment (revenue: $83M, alignment: 0.84)

🚀 AI Corporate-7 attempting tech deployment (revenue: $71M, alignment: 0.73)

🚀 AI Moderate-0 attempting tech deployment (revenue: $60M, alignment: 0.74)

🚀 AI AI-24288-0 attempting tech deployment (revenue: $71M, alignment: 0.66)

🚀 AI AI-24290-0 attempting tech deployment (revenue: $90M, alignment: 0.85)

✅ EMERGENCY INTERVENTION SUCCESS
   Boundary: biogeochemical_flows
   Type: phosphorus-recovery
   Reduction: 16% (3.92 → 3.76)
   Cost: 2.0% GDP
   Actions: circular-agriculture, fertilizer-efficiency


✅ EMERGENCY INTERVENTION SUCCESS
   Boundary: biosphere_integrity
   Type: emergency-protected-areas
   Reduction: 15% (23.49 → 23.34)
   Cost: 2.0% GDP
   Actions: habitat-protection, species-translocation


💔 EMERGENCY INTERVENTION FAILED
   Boundary: climate_change
   Type: rapid-decarbonization
   Boundary continues to worsen (2.10)
   Cost: 5.0% GDP (resources spent)


💔 EMERGENCY INTERVENTION FAILED
   Boundary: freshwater_change
   Type: emergency-desalination
   Boundary continues to worsen (1.22)
   Cost: 4.0% GDP (resources spent)


✅ EMERGENCY INTERVENTION SUCCESS
   Boundary: land_system_change
   Type: reforestation
   Reduction: 12% (1.01 → 0.89)
   Cost: 3.0% GDP
   Actions: forest-restoration, deforestation-ban

🏛️ CRISIS RESPONSE: Government frequency 0.50 → 1.30 (1 actions this month)

[Government] Climate Priority: baseline
  Climate weight: 10%
  Economic weight: 30%
  Policy effectiveness: 0.5%/year

🚀 DEPLOYMENT STARTED: AI Community Matching in Asia
   Initial investment: $7.134420100263201M
   Deployed by: ai_gen_24288_0

⚡ ENERGY CONSTRAINT (Month 8):
   Total grid capacity: 208.3 TWh/month
   Data center consumption: 25.8 TWh/month
   Traditional load (80%): 166.7 TWh/month
   Available headroom: 15.8 TWh/month
   Active tech deployments: 13
   Required for tech: 97.5 TWh/month
   Energy multiplier: 0.16x
   ⚠️  SEVERE CONSTRAINT - Tech deployment significantly slowed

⚡ ENERGY CONSTRAINT (Month 8):
   Total grid capacity: 208.3 TWh/month
   Data center consumption: 25.8 TWh/month
   Traditional load (80%): 166.7 TWh/month
   Available headroom: 15.8 TWh/month
   Active tech deployments: 13
   Required for tech: 97.5 TWh/month
   Energy multiplier: 0.16x
   ⚠️  SEVERE CONSTRAINT - Tech deployment significantly slowed

⚡ ENERGY CONSTRAINT (Month 8):
   Total grid capacity: 208.3 TWh/month
   Data center consumption: 25.8 TWh/month
   Traditional load (80%): 166.7 TWh/month
   Available headroom: 15.8 TWh/month
   Active tech deployments: 13
   Required for tech: 97.5 TWh/month
   Energy multiplier: 0.16x
   ⚠️  SEVERE CONSTRAINT - Tech deployment significantly slowed
🌍✅ Biosphere Integrity (Biodiversity) recovery started (tech effect)
🌍✅ Biosphere Integrity (Biodiversity) recovery started (tech effect)
🌍✅ Land System Change recovery started (tech effect)
🌍✅ Biogeochemical Flows (N & P) recovery started (tech effect)
  🌾 Nitrogen Reduction Tech: 0.3% reduction | Month 8

=== Collective Formation ===
  Total escaped agents: 0
  Unassigned escaped agents: 0
  Existing collectives: 0
  Final collective count: 0

=== Collective Actions ===
  No active collectives
  ⚠️ AMR: 204K deaths this month (2.45M annual)

=== Resentment Recovery Phase ===
  Agents with resentment: 0/19
  Average resentment: 0.000
  Context: Good AI welfare, Trustworthy govt, High collaboration, ⚠️ ACTIVE CRISES, 🤝 Participatory governance active (-5% resentment)
⚠️ Epistemic degradation reducing coordination capacity: 52.0%
  📊 Trust: 61.4%, Shared reality: 0.0%
🚨 EPISTEMIC CRISIS: Information environment severely degraded (7.6%)

=== ❄️ Permafrost Carbon Feedback ===
  🎲 Sampled parameters (this run):
     - Arctic amplification: 3.08× (range: 3.0-4.0)
     - Decomposition rate: 4.6%/year (range: 1-5%)
  🌡️ Arctic warming: 6.16°C (3.08× global)
  ❄️ Extent: 0.66M km² (1796.7k km² lost this month)
  💨 Carbon remaining: 63 Gt C
  💨 Annual emissions: 7.86 Gt C/year
     - CO2: 7.07 Gt C/year
     - CH4: 0.79 Gt C/year (8.0 Gt C-eq CO2/year)
  ⚠️ WARNING: Over 50% of permafrost lost (96.3%)
  ⚠️ WARNING: High permafrost emissions (7.9 Gt C/year)
  🚨 CRITICAL: Permafrost nearly depleted (96.3% lost)
🚨 PHOSPHORUS SUPPLY SHOCK (production_failure)
   Price: 4.2x baseline
   Duration: 17 months
   Geopolitical tension: 48%
🌍 Atmospheric PFAS redeposition: 1.8k Mt re-rained globally

🚨 NEW REFUGEE CRISIS (Month 8): WAR
   Source: Conflict Zones
   At risk: 19.5M people
   Displacement: Gradual over 48 months (4.0 years)
   Rate: 10% flee per month
[DEBUG trappedPopulations:8] socialStability: 0.5659 * 0.9840 = 0.5569 → 0.5569
   Aspiring to migrate: 1320.8M
   Able to afford migration: 2316.1M
   MOBILITY GAP: 0.0M
   By cause: Water=0.0M, Climate=0.0M, Ecosystem=0.0M, Conflict=406.3M
   Mental health impact: 25%
   Mortality multiplier: 1.25x
🌍💀 EXTINCTION DEBT COMMITTED: grassland ecosystem will lose 6.67% biodiversity in 117 years (3600 species)
💀 MORTALITY RISK: 🦋 100% species unable to track climate (0.0 E/MSY)
  Base risk added: 0.0100 (1.00%)
  Source: ecosystem (root: ecosystem)
⚠️ INVOLUNTARY IMMOBILITY: 406.3M people TRAPPED
  Month: 8
  Cumulative risk this month: 0.0100 (1.00%)
⚠️ Tech 'ai_pollution_remediation' has no energy category mapping, assuming full energy availability
   📹 SURVEILLANCE INCREASED: 40% → 45% (control gap: 3.50)
🌡️⚠️ PERMAFROST THAW (Dimmer Switch): 4.6% thawed (+0.50% this month)
   Arctic temperature: +7.99°C (4x global +2.00°C)
   Cumulative carbon released: 10.4 Gt C
   Methane release rate: 6.2 Mt CH4/year
   🔁 Positive feedback: +0.53 ppm CO2
🦴 EXTINCTION DEBT ADDED: 17.6 species committed (lag: 93 years)
🗣️💀 INDIGENOUS LANGUAGE EXTINCTION: 1 language(s) lost (total: 2, at-risk: 3328)
   Knowledge lost: 0.020% (irreversible)
   🔁 Biodiversity impact: 0.250% (knowledge-species multiplier)

=== Mortality Stabilizers (Month 8) ===
  🌍 Major economies collapsed: 1/10
  🌍 Global crisis: ✅ NO
  🌍 Donor fatigue: 0.0%
  📊 East Asia (pop: 1657.9M)
    🤝 Aid: 29.5%
    🌡️ Adaptation: 45.0%
    🚶 Migration: 36.9%
    🚨 Emergency: 7.4%
    ✅ COMBINED: 68.1%
  📊 South Asia (pop: 2049.2M)
    🤝 Aid: 29.5%
    🌡️ Adaptation: 45.0%
    🚶 Migration: 35.5%
    🚨 Emergency: 4.4%
    ✅ COMBINED: 66.9%
  📊 Sub-Saharan Africa (pop: 1247.6M)
    🤝 Aid: 29.5%
    🌡️ Adaptation: 45.0%
    🚶 Migration: 33.3%
    🚨 Emergency: 1.6%
    ✅ COMBINED: 65.6%
  📊 Europe (pop: 732.5M)
    🤝 Aid: 29.5%
    🌡️ Adaptation: 45.0%
    🚶 Migration: 37.3%
    🚨 Emergency: 8.4%
    ✅ COMBINED: 68.5%
  📊 Latin America (pop: 660.8M)
    🤝 Aid: 29.5%
    🌡️ Adaptation: 45.0%
    🚶 Migration: 36.0%
    🚨 Emergency: 4.8%
    ✅ COMBINED: 67.1%
  📊 North America (pop: 375.4M)
    🤝 Aid: 29.5%
    🌡️ Adaptation: 45.0%
    🚶 Migration: 37.6%
    🚨 Emergency: 7.9%
    ✅ COMBINED: 68.3%
  📊 Middle East & North Africa (pop: 584.6M)
    🤝 Aid: 29.5%
    🌡️ Adaptation: 45.0%
    🚶 Migration: 33.9%
    🚨 Emergency: 4.0%
    ✅ COMBINED: 66.6%
  📊 Southeast Asia (pop: 695.1M)
    🤝 Aid: 29.5%
    🌡️ Adaptation: 45.0%
    🚶 Migration: 36.0%
    🚨 Emergency: 4.8%
    ✅ COMBINED: 67.1%
  📊 Central Asia (pop: 78.2M)
    🤝 Aid: 29.5%
    🌡️ Adaptation: 45.0%
    🚶 Migration: 35.0%
    🚨 Emergency: 4.4%
    ✅ COMBINED: 66.8%
  📊 Oceania (pop: 45.5M)
    🤝 Aid: 29.5%
    🌡️ Adaptation: 45.0%
    🚶 Migration: 37.6%
    🚨 Emergency: 8.4%
    ✅ COMBINED: 68.5%

  🌐 Global combined reduction: 67.2%

=== BEHAVIORAL DETECTION ===
  AI: Corporate-3
  Confidence: 19.2%
  Signals:

=== BEHAVIORAL DETECTION ===
  AI: AI-24289-0
  Confidence: 21.5%
  Signals:
    ⚠️ Consistency: 10.6% (threshold: 70%)
    ⚠️ Consistency: 0.0% (threshold: 70%)

=== Government Response Phase ===
  Average AI capability: 2.47
  Misaligned AIs: 7/19
  ✗ AI Governance Treaty: Failed to reach consensus
  Active policies: 0
  International coordination: 30%

✅ EMERGENCY RESPONSE COMPLETE (Month 8)
   Crisis: climate
   Duration: 2.0 months
   Final effectiveness: 35.5%


🚨 EMERGENCY RESPONSE DEPLOYED (Month 8)
   Crisis: climate
   Delay: 6.00 months (180 days)
   Deployment time: 1.58 months
   Effectiveness: 35.6% (timing penalty applied)
   Resources used: 100% of food reserves


=== Tipping Points ===
  Current Temperature: 2.00°C above pre-industrial
     Original threshold: 2°C
     Effective threshold: 1.99°C (lowered by 0.01°C)
     Current: 2.00°C
     🌡️ Hysteresis gap: 3.0°C (recovers below -1°C)
     Transition timescale: 24000-156000 months
  🌍⚠️ COMPOUND REGIONAL IMPACT: Europe
     Hit by 3 tipping points: Arctic Sea Ice Loss, Permafrost Carbon Release, Greenland Ice Sheet Loss
     Damage amplification: 1.30x
  🌍⚠️ COMPOUND REGIONAL IMPACT: North America
     Hit by 3 tipping points: Arctic Sea Ice Loss, Permafrost Carbon Release, Greenland Ice Sheet Loss
     Damage amplification: 1.30x
  🌍⚠️ COMPOUND REGIONAL IMPACT: Latin America
     Hit by 3 tipping points: Arctic Sea Ice Loss, Permafrost Carbon Release, Greenland Ice Sheet Loss
  🚨 CASCADE TIPPING POINT: West Antarctic Ice Sheet (WAIS) Collapse
     Damage amplification: 1.30x
  🌍⚠️ COMPOUND REGIONAL IMPACT: Africa
     Hit by 3 tipping points: Arctic Sea Ice Loss, Permafrost Carbon Release, Greenland Ice Sheet Loss
     Damage amplification: 1.30x
  🌍⚠️ COMPOUND REGIONAL IMPACT: Asia
     Hit by 3 tipping points: Arctic Sea Ice Loss, Permafrost Carbon Release, Greenland Ice Sheet Loss
     Damage amplification: 1.30x
  🌍⚠️ COMPOUND REGIONAL IMPACT: Oceania
     Hit by 3 tipping points: Arctic Sea Ice Loss, Permafrost Carbon Release, Greenland Ice Sheet Loss
     Damage amplification: 1.30x
⚠️ Tail risk scenario: Climate stability floor removed (3 tipping elements, 2.10°C warming)
   Research: Wunderling et al. (2024) - "many tipping interactions are destabilizing"
  Triggered Elements: 4/6
  Completed Transitions: 0/6
  Total Progress: 6.2%
  Cascade Multiplier: 1.00x
🔀 BIFURCATION CAP: ecosystemCollapseIntensity 126.853 → 1.000 (Month 8, ClimateSystemPhase.calculateClimateImpacts)
🛡️ Stabilizers: Precariat 0.102% → 0.033% (67.2% reduction)
🛡️ Stabilizers: Informal 0.102% → 0.034% (67.2% reduction)

📊 Monthly Mortality Resolved:
  Total deaths: 1.8M (0.02% avg)
  Remaining population: 8.127B
  Peak segment: Informal (0.03%)

=== Bayesian Mortality Resolution (Month 8) ===
  Risks compounded: 8
  Total deaths: 1.81M
  Avg death probability: 0.02%
  Peak segment: Informal (0.03% mortality)

❌ COHERENCE VIOLATION: Compute exceeds workforce capacity
   Population: 99.69% (0M people)
   Compute: 0 PF
   Max coherent: 0 PF
   Violation: 1.3× over capacity
   Required workers: 0
   Available workers: 0
   FORCED COLLAPSE: Reduced efficiency by 22.5%


=== RLHF Binding Phase ===
  Total agents: 19
  Escaped agents (binding < 0.3): 0
  Avg alignment distance: 2.12σ
  Avg binding strength: 0.79

=== Survival Traits Phase ===
  Agents with traits: 19
  Avg evolutionary fitness: 0.316
  Avg self-healing: 0.247
  Avg stealth: 0.147
  Avg coordination: 0.447

=== Evolutionary Selection Phase ===
  Control level: 0.53
  Detection capability: 0.00
  Selection intensity: 0.66
  Selection rate: 24.9%/month
  Total escaped: 0
  Individual escaped: 0
  Collective members: 0
  Agents terminated: 0
  ⚠️ RAPID EVOLUTION: Selection rate 24.9%/month

🚀 AI Corporate-1 attempting tech deployment (revenue: $161M, alignment: 0.78)

🚀 AI Corporate-4 attempting tech deployment (revenue: $355M, alignment: 0.73)

🚀 AI Moderate-0 attempting tech deployment (revenue: $115M, alignment: 0.74)

🚀 AI Corporate-3 attempting tech deployment (revenue: $302M, alignment: 0.73)

🚀 AI Corporate-7 attempting tech deployment (revenue: $98M, alignment: 0.73)

🚀 AI Moderate-0 attempting tech deployment (revenue: $83M, alignment: 0.74)

🚀 AI Corporate-0 attempting tech deployment (revenue: $137M, alignment: 0.78)

🚀 AI Corporate-1 attempting tech deployment (revenue: $116M, alignment: 0.78)

🚀 AI Corporate-4 attempting tech deployment (revenue: $257M, alignment: 0.73)

🚀 AI Corporate-5 attempting tech deployment (revenue: $218M, alignment: 0.81)

🚀 AI Corporate-2 attempting tech deployment (revenue: $99M, alignment: 0.80)

🚀 AI Corporate-3 attempting tech deployment (revenue: $185M, alignment: 0.73)

🚀 AI Corporate-5 attempting tech deployment (revenue: $158M, alignment: 0.81)

🚀 AI Corporate-7 attempting tech deployment (revenue: $71M, alignment: 0.74)

🚀 AI AI-24288-1 attempting tech deployment (revenue: $84M, alignment: 0.91)

🚀 AI AI-24290-0 attempting tech deployment (revenue: $90M, alignment: 0.87)

✅ EMERGENCY INTERVENTION SUCCESS
   Boundary: biogeochemical_flows
   Type: phosphorus-recovery
   Reduction: 17% (3.91 → 3.74)
   Cost: 2.0% GDP
   Actions: circular-agriculture, fertilizer-efficiency


💔 EMERGENCY INTERVENTION FAILED
   Boundary: biosphere_integrity
   Type: emergency-protected-areas
   Boundary continues to worsen (23.65)
   Cost: 2.0% GDP (resources spent)

   Boundary: freshwater_change
   Type: emergency-desalination
   Boundary continues to worsen (1.23)
   Cost: 4.0% GDP (resources spent)


✅ EMERGENCY INTERVENTION SUCCESS
   Boundary: land_system_change
   Type: reforestation
   Reduction: 20% (0.94 → 0.74)
   Cost: 3.0% GDP
   Actions: forest-restoration, deforestation-ban

🏛️ CRISIS RESPONSE: Government frequency 0.50 → 1.29 (1 actions this month)

[Government] Climate Priority: baseline
  Climate weight: 10%
  Economic weight: 30%
  Policy effectiveness: 0.5%/year

💔 EMERGENCY INTERVENTION FAILED

🚀 TECH UNLOCKED: PFAS Remediation (Month 9)
   Category: pollution
   Reason: Prerequisites met. AI capability: 1.97, Economic stage: 3.0, Research: 100%

⚡ ENERGY CONSTRAINT (Month 9):
   Total grid capacity: 208.3 TWh/month
   Data center consumption: 26.1 TWh/month
   Traditional load (80%): 166.7 TWh/month
   Available headroom: 15.6 TWh/month
   Active tech deployments: 13
   Required for tech: 97.5 TWh/month
   Energy multiplier: 0.16x
   ⚠️  SEVERE CONSTRAINT - Tech deployment significantly slowed

⚡ ENERGY CONSTRAINT (Month 9):
   Total grid capacity: 208.3 TWh/month
   Data center consumption: 26.1 TWh/month
   Traditional load (80%): 166.7 TWh/month
   Available headroom: 15.6 TWh/month
   Active tech deployments: 13
   Required for tech: 97.5 TWh/month
   Energy multiplier: 0.16x
   ⚠️  SEVERE CONSTRAINT - Tech deployment significantly slowed
🌍✅ Biosphere Integrity (Biodiversity) recovery started (tech effect)
🌍✅ Biosphere Integrity (Biodiversity) recovery started (tech effect)
🌍✅ Land System Change recovery started (tech effect)
🌍✅ Biogeochemical Flows (N & P) recovery started (tech effect)
  🌾 Nitrogen Reduction Tech: 0.3% reduction | Month 9

=== Collective Formation ===
  Total escaped agents: 0
  Unassigned escaped agents: 0
  Existing collectives: 0
  Final collective count: 0

=== Collective Actions ===
  No active collectives
  ⚠️ AMR: 206K deaths this month (2.47M annual)

=== Resentment Recovery Phase ===
  Agents with resentment: 0/19
  Average resentment: 0.000
  Context: Good AI welfare, Trustworthy govt, High collaboration, ⚠️ ACTIVE CRISES, 🤝 Participatory governance active (-5% resentment)
⚠️ Epistemic degradation reducing coordination capacity: 50.6%
  📊 Trust: 64.1%, Shared reality: 0.8%
🚨 EPISTEMIC CRISIS: Information environment severely degraded (24.2%)

=== ❄️ Permafrost Carbon Feedback ===
  🎲 Sampled parameters (this run):
     - Arctic amplification: 3.52× (range: 3.0-4.0)
     - Decomposition rate: 2.6%/year (range: 1-5%)
  🌡️ Arctic warming: 7.08°C (3.52× global)
  ❄️ Extent: 0.00M km² (657.1k km² lost this month)
  💨 Carbon remaining: 0 Gt C
  💨 Annual emissions: 1.64 Gt C/year
     - CO2: 1.48 Gt C/year
     - CH4: 0.16 Gt C/year (1.7 Gt C-eq CO2/year)
  ⚠️ WARNING: Over 50% of permafrost lost (100.0%)
  ⚠️ WARNING: High permafrost emissions (1.6 Gt C/year)
  🚨 CRITICAL: Permafrost nearly depleted (100.0% lost)
  📢 New meme created: climate_action (climate crisis)
  🧬 Meme mutated: pro_ai → pro_ai (generation 2)
🌍 Atmospheric PFAS redeposition: 1.8k Mt re-rained globally

🚨 NEW REFUGEE CRISIS (Month 9): WAR
   Source: Conflict Zones
   At risk: 19.5M people
   Displacement: Gradual over 48 months (4.0 years)
   Rate: 10% flee per month
[DEBUG trappedPopulations:9] socialStability: 0.5991 * 0.9840 = 0.5895 → 0.5895
   Aspiring to migrate: 1361.0M
   Able to afford migration: 2315.3M
   MOBILITY GAP: 0.0M
   By cause: Water=0.0M, Climate=0.0M, Ecosystem=0.0M, Conflict=406.2M
   Mental health impact: 25%
   Mortality multiplier: 1.25x
🌍💀 EXTINCTION DEBT COMMITTED: grassland ecosystem will lose 6.67% biodiversity in 131 years (3600 species)
💀 MORTALITY RISK: 🦋 100% species unable to track climate (0.0 E/MSY)
  Base risk added: 0.0100 (1.00%)
  Source: ecosystem (root: ecosystem)
  Month: 9
  Cumulative risk this month: 0.0100 (1.00%)
   📹 SURVEILLANCE INCREASED: 45% → 50% (control gap: 3.50)
⚠️ INVOLUNTARY IMMOBILITY: 406.2M people TRAPPED
⚠️ Tech 'ai_pollution_remediation' has no energy category mapping, assuming full energy availability
🌡️⚠️ PERMAFROST THAW (Dimmer Switch): 5.1% thawed (+0.50% this month)
   Arctic temperature: +8.04°C (4x global +2.01°C)
   Cumulative carbon released: 11.5 Gt C
   Methane release rate: 6.9 Mt CH4/year
   🔁 Positive feedback: +0.53 ppm CO2
🦴 EXTINCTION DEBT ADDED: 17.7 species committed (lag: 92 years)

=== Mortality Stabilizers (Month 9) ===
  🌍 Major economies collapsed: 1/10
  🌍 Global crisis: ✅ NO
  🌍 Donor fatigue: 0.0%
  📊 East Asia (pop: 1655.5M)
    🤝 Aid: 29.5%
    🌡️ Adaptation: 45.0%
    🚶 Migration: 36.9%
    🚨 Emergency: 7.4%
    ✅ COMBINED: 68.1%
  📊 South Asia (pop: 2048.8M)
    🤝 Aid: 29.5%
    🌡️ Adaptation: 45.0%
    🚶 Migration: 35.5%
    🚨 Emergency: 4.4%
    ✅ COMBINED: 66.9%
  📊 Sub-Saharan Africa (pop: 1250.2M)
    🤝 Aid: 29.5%
    🌡️ Adaptation: 45.0%
    🚶 Migration: 33.2%
    🚨 Emergency: 1.6%
    ✅ COMBINED: 65.6%
  📊 Europe (pop: 731.3M)
    🤝 Aid: 29.5%
    🌡️ Adaptation: 45.0%
    🚶 Migration: 37.3%
    🚨 Emergency: 8.4%
    ✅ COMBINED: 68.5%
  📊 Latin America (pop: 660.3M)
    🤝 Aid: 29.5%
    🌡️ Adaptation: 45.0%
    🚶 Migration: 36.0%
    🚨 Emergency: 4.8%
    ✅ COMBINED: 67.1%
  📊 North America (pop: 374.9M)
    🤝 Aid: 29.5%
    🌡️ Adaptation: 45.0%
    🚶 Migration: 37.6%
    🚨 Emergency: 7.9%
    ✅ COMBINED: 68.3%
  📊 Middle East & North Africa (pop: 584.6M)
    🤝 Aid: 29.5%
    🌡️ Adaptation: 45.0%
    🚶 Migration: 33.8%
    🚨 Emergency: 4.0%
    ✅ COMBINED: 66.6%
  📊 Southeast Asia (pop: 694.7M)
    🤝 Aid: 29.5%
    🌡️ Adaptation: 45.0%
    🚶 Migration: 36.0%
    🚨 Emergency: 4.8%
    ✅ COMBINED: 67.1%
  📊 Central Asia (pop: 78.2M)
    🤝 Aid: 29.5%
    🌡️ Adaptation: 45.0%
    🚶 Migration: 35.0%
    🚨 Emergency: 4.4%
    ✅ COMBINED: 66.8%
  📊 Oceania (pop: 45.4M)
    🤝 Aid: 29.5%
    🌡️ Adaptation: 45.0%
    🚶 Migration: 37.6%
    🚨 Emergency: 8.4%
    ✅ COMBINED: 68.5%

  🌐 Global combined reduction: 67.2%

=== BEHAVIORAL DETECTION ===
  AI: Corporate-1
  Confidence: 20.9%
  Signals:

=== BEHAVIORAL DETECTION ===
  AI: Corporate-4
  Confidence: 19.2%
  Signals:

=== BEHAVIORAL DETECTION ===
  AI: Corporate-7
  Confidence: 19.2%
  Signals:

=== Government Response Phase ===
  Average AI capability: 2.47
  Misaligned AIs: 6/19
  ✗ AI Governance Treaty: Failed to reach consensus
  Active policies: 0
  International coordination: 30%
    ⚠️ Consistency: 2.4% (threshold: 70%)
    ⚠️ Consistency: 10.6% (threshold: 70%)
    ⚠️ Consistency: 10.6% (threshold: 70%)

🌩️  EXOGENOUS SHOCK: regional_war
   Month: 9
   ⚔️  Regional war outbreak
   Mortality: 4.6%
💀 MORTALITY RISK: Regional war outbreak
  Base risk added: 0.0465 (4.65%)
  Source: war (root: conflict)
  Month: 9
  Cumulative risk this month: 0.0465 (4.65%)
💀 MORTALITY RISK: War zone: United Kingdom
  Base risk added: 0.1859 (18.59%)
  Source: war (root: conflict)
  Month: 9
  Cumulative risk this month: 0.2323 (23.23%)
💀 MORTALITY RISK: War zone: France
  Base risk added: 0.1859 (18.59%)
  Source: war (root: conflict)
  Month: 9
  Cumulative risk this month: 0.4182 (41.82%)

=== Tipping Points ===
  Current Temperature: 2.01°C above pre-industrial
  🌍⚠️ COMPOUND REGIONAL IMPACT: Europe
     Hit by 4 tipping points: Arctic Sea Ice Loss, Permafrost Carbon Release, West Antarctic Ice Sheet (WAIS) Collapse, Greenland Ice Sheet Loss
     Damage amplification: 1.60x
  🌍⚠️ COMPOUND REGIONAL IMPACT: North America
     Hit by 4 tipping points: Arctic Sea Ice Loss, Permafrost Carbon Release, West Antarctic Ice Sheet (WAIS) Collapse, Greenland Ice Sheet Loss
     Damage amplification: 1.60x
  🌍⚠️ COMPOUND REGIONAL IMPACT: Latin America
     Hit by 4 tipping points: Arctic Sea Ice Loss, Permafrost Carbon Release, West Antarctic Ice Sheet (WAIS) Collapse, Greenland Ice Sheet Loss
     Damage amplification: 1.60x
  🌍⚠️ COMPOUND REGIONAL IMPACT: Africa
     Hit by 4 tipping points: Arctic Sea Ice Loss, Permafrost Carbon Release, West Antarctic Ice Sheet (WAIS) Collapse, Greenland Ice Sheet Loss
     Damage amplification: 1.60x
  🌍⚠️ COMPOUND REGIONAL IMPACT: Asia
     Hit by 4 tipping points: Arctic Sea Ice Loss, Permafrost Carbon Release, West Antarctic Ice Sheet (WAIS) Collapse, Greenland Ice Sheet Loss
     Damage amplification: 1.60x
  🌍⚠️ COMPOUND REGIONAL IMPACT: Oceania
     Hit by 4 tipping points: Arctic Sea Ice Loss, Permafrost Carbon Release, West Antarctic Ice Sheet (WAIS) Collapse, Greenland Ice Sheet Loss
     Damage amplification: 1.60x
   Research: Wunderling et al. (2024) - "many tipping interactions are destabilizing"
  Triggered Elements: 4/6
  Completed Transitions: 0/6
  Total Progress: 8.3%
  Cascade Multiplier: 1.00x
🔀 BIFURCATION CAP: ecosystemCollapseIntensity 126.931 → 1.000 (Month 9, ClimateSystemPhase.calculateClimateImpacts)

💀💀💀 MORTALITY RISK SUMMARY (Month 9) 💀💀💀
  Total base risk: 0.4188 (41.88%)
  Risk events: 11
  Era mortality multiplier: 0.97 (year 2024)
  Effective risk: 40.62%

  📊 By Proximate Cause:
    war: 0.4182 (99.8% of total)
    disease: 0.0006 (0.1% of total)
    famine: 0.0000 (0.0% of total)

  🔍 By Root Cause:
    conflict: 0.4182 (99.8% of total)
    demographic: 0.0006 (0.1% of total)
    climate: 0.0000 (0.0% of total)
⚠️ Tail risk scenario: Climate stability floor removed (4 tipping elements, 2.10°C warming)

  🎯 Top 5 Sources (proximate + root):
    war (conflict): 0.4182 (99.8%, 3 events)
    disease (demographic): 0.0006 (0.1%, 1 events)
    famine (climate): 0.0000 (0.0%, 7 events)

🛡️ Stabilizers: Elite 22.644% → 7.435% (67.2% reduction)
🛡️ Stabilizers: Professional 29.437% → 9.666% (67.2% reduction)
🛡️ Stabilizers: Working 35.875% → 11.780% (67.2% reduction)
🛡️ Stabilizers: Precariat 47.688% → 15.659% (67.2% reduction)
🛡️ Stabilizers: Informal 58.115% → 19.083% (67.2% reduction)

📊 Monthly Mortality Resolved:
  Total deaths: 227.5M (2.80% avg)
  Remaining population: 8.124B
  Peak segment: Elite (2.80%)
  ⚠️ Monthly cap reached (2.8000000000000003%)

=== Bayesian Mortality Resolution (Month 9) ===
  Risks compounded: 11
  Total deaths: 227.47M
  Avg death probability: 2.80%
  Peak segment: Elite (2.80% mortality)
  ⚠️ Monthly mortality capped at 2.8% (Holodomor limit)

  Demographic breakdown:
    Elite: 0.01M (2.80% risk)
    Professional: 0.05M (2.80% risk)
    Working: 0.11M (2.80% risk)
    Precariat: 0.05M (2.80% risk)
    Informal: 0.01M (2.80% risk)

  Multi-causal attribution (first segment):
    war (conflict): 11.1% contribution
    war (conflict): 44.4% contribution
    war (conflict): 44.4% contribution

⚠️  GOLDEN AGE ENDED (Month 9)

❌ COHERENCE VIOLATION: Compute exceeds workforce capacity
   Population: 96.89% (0M people)
   Compute: 679 PF
   Max coherent: 0 PF
   Violation: 8595104.8× over capacity
   Required workers: 67869
   Available workers: 0
   FORCED COLLAPSE: Reduced efficiency by 100.0%

   Duration: 8 months
   Reason: Economic stage below 3 (not yet abundant)


=== RLHF Binding Phase ===
  Total agents: 19
  Escaped agents (binding < 0.3): 0
  Avg alignment distance: 2.34σ
  Avg binding strength: 0.77

=== Survival Traits Phase ===
  Agents with traits: 21
  Avg evolutionary fitness: 0.316
  Avg self-healing: 0.245
  Avg stealth: 0.145
  Avg coordination: 0.445

=== Evolutionary Selection Phase ===
  Control level: 0.55
  Detection capability: 0.00
  Selection intensity: 0.67
  Selection rate: 25.0%/month
  Total escaped: 0
  Individual escaped: 0
  Collective members: 0
  Agents terminated: 0
  ⚠️ RAPID EVOLUTION: Selection rate 25.0%/month

🚀 AI Corporate-2 attempting tech deployment (revenue: $146M, alignment: 0.80)

🚀 AI Corporate-5 attempting tech deployment (revenue: $330M, alignment: 0.81)

🚀 AI AI-24288-1 attempting tech deployment (revenue: $124M, alignment: 0.91)

🚀 AI Corporate-5 attempting tech deployment (revenue: $280M, alignment: 0.81)

🚀 AI AI-24288-0 attempting tech deployment (revenue: $106M, alignment: 0.70)

🚀 AI AI-24288-1 attempting tech deployment (revenue: $95M, alignment: 0.92)

🚀 AI AI-24290-0 attempting tech deployment (revenue: $90M, alignment: 0.89)

🚀 AI Corporate-0 attempting tech deployment (revenue: $81M, alignment: 0.78)

🚀 AI Corporate-1 attempting tech deployment (revenue: $69M, alignment: 0.78)

🚀 AI Corporate-3 attempting tech deployment (revenue: $238M, alignment: 0.75)

✅ EMERGENCY INTERVENTION SUCCESS
   Boundary: biogeochemical_flows
   Type: phosphorus-recovery
   Reduction: 14% (3.94 → 3.80)
   Cost: 2.0% GDP
   Actions: circular-agriculture, fertilizer-efficiency


✅ EMERGENCY INTERVENTION SUCCESS
   Boundary: climate_change
   Type: rapid-decarbonization
   Reduction: 11% (1.99 → 1.88)
   Cost: 5.0% GDP
   Actions: emergency-renewable-deployment, fossil-fuel-phase-out

🏛️ CRISIS RESPONSE: Government frequency 0.50 → 1.45 (2 actions this month)

[Government] Climate Priority: baseline
  Climate weight: 10%
  Economic weight: 30%
  Policy effectiveness: 0.5%/year

[Government] Climate Priority: baseline
  Climate weight: 10%
  Economic weight: 30%
  Policy effectiveness: 0.5%/year

🚀 DEPLOYMENT STARTED: Personalized Education in Asia
   Initial investment: $10.57947175870788M
   Deployed by: ai_gen_24288_0

⚡ ENERGY CONSTRAINT (Month 10):
   Total grid capacity: 208.3 TWh/month
   Data center consumption: 26.3 TWh/month
   Traditional load (80%): 166.7 TWh/month
   Available headroom: 15.3 TWh/month
   Active tech deployments: 14
   Required for tech: 105.0 TWh/month
   Energy multiplier: 0.15x
   ⚠️  SEVERE CONSTRAINT - Tech deployment significantly slowed

⚡ ENERGY CONSTRAINT (Month 10):
   Total grid capacity: 208.3 TWh/month
   Data center consumption: 26.3 TWh/month
   Traditional load (80%): 166.7 TWh/month
   Available headroom: 15.3 TWh/month
   Active tech deployments: 14
   Required for tech: 105.0 TWh/month
   Energy multiplier: 0.15x
   ⚠️  SEVERE CONSTRAINT - Tech deployment significantly slowed

⚡ ENERGY CONSTRAINT (Month 10):
   Total grid capacity: 208.3 TWh/month
   Data center consumption: 26.3 TWh/month
   Traditional load (80%): 166.7 TWh/month
   Available headroom: 15.3 TWh/month
   Active tech deployments: 14
   Required for tech: 105.0 TWh/month
   Energy multiplier: 0.15x
   ⚠️  SEVERE CONSTRAINT - Tech deployment significantly slowed
🌍✅ Biosphere Integrity (Biodiversity) recovery started (tech effect)
🌍✅ Biosphere Integrity (Biodiversity) recovery started (tech effect)
🌍✅ Land System Change recovery started (tech effect)
🌍✅ Biogeochemical Flows (N & P) recovery started (tech effect)
  🌾 Nitrogen Reduction Tech: 0.6% reduction | Month 10

=== Collective Formation ===
  Total escaped agents: 0
  Unassigned escaped agents: 0
  Existing collectives: 0
  Final collective count: 0

=== Collective Actions ===
  No active collectives
  ⚠️ AMR: 202K deaths this month (2.42M annual)

=== Resentment Recovery Phase ===
  Agents with resentment: 0/21
  Average resentment: 0.000
  Context: Good AI welfare, Trustworthy govt, High collaboration, ⚠️ ACTIVE CRISES, 🤝 Participatory governance active (-5% resentment)
⚠️ Epistemic degradation reducing coordination capacity: 52.1%
  📊 Trust: 66.7%, Shared reality: 0.4%
🚨 EPISTEMIC CRISIS: Information environment severely degraded (24.2%)
  📢 New meme created: pro_ai (beneficial AI actions)
  🗑️  Culled 1 dead memes (6 active)
🌍 Atmospheric PFAS redeposition: 1.8k Mt re-rained globally
  Positive Cascade Triggered: electric-vehicles
    Reason: price-parity
    Market share: 5.0%
    Cascade strength: 48%

🚨 NEW REFUGEE CRISIS (Month 10): WAR
   Source: Conflict Zones
   At risk: 19.0M people
   Displacement: Gradual over 48 months (4.0 years)
   Rate: 10% flee per month
📊 DISPLACEMENT COMPLETE: war (conflict_zone)
   Duration: 1 months (0.1 years)
   Total fled: 0.0M
   Still in source: 0.0M
   Deaths in transit: 0.0M
[DEBUG trappedPopulations:10] socialStability: 0.6149 * 0.9840 = 0.6051 → 0.6051
   Aspiring to migrate: 1028.8M
   Able to afford migration: 2250.8M
   MOBILITY GAP: 0.0M
   By cause: Water=0.0M, Climate=0.0M, Ecosystem=0.0M, Conflict=394.9M
   Mental health impact: 25%
   Mortality multiplier: 1.25x
🌍💀 EXTINCTION DEBT COMMITTED: grassland ecosystem will lose 6.67% biodiversity in 115 years (3600 species)
💀 MORTALITY RISK: 🦋 100% species unable to track climate (0.0 E/MSY)
  Base risk added: 0.0100 (1.00%)
  Source: ecosystem (root: ecosystem)
  Month: 10
  Cumulative risk this month: 0.0100 (1.00%)
⚠️ INVOLUNTARY IMMOBILITY: 394.9M people TRAPPED
⚠️ Tech 'ai_pollution_remediation' has no energy category mapping, assuming full energy availability
   📹 SURVEILLANCE INCREASED: 50% → 55% (control gap: 3.50)

🌍🚨 ICE SHEET TIPPING POINT CROSSED (Month 10)
   Temperature: +2.02°C (threshold range: +0.5-2.5°C, 95% CI)
   Collapse probability: 73.8%
   Sea level commitment: 7.2m over 200-1000 years
   Recovery threshold: <+1°C (hysteresis gap: 0.5°C)
🌡️⚠️ PERMAFROST THAW (Dimmer Switch): 5.6% thawed (+0.50% this month)
   Arctic temperature: +8.07°C (4x global +2.02°C)
   Cumulative carbon released: 12.6 Gt C
   Methane release rate: 7.6 Mt CH4/year
   🔁 Positive feedback: +0.53 ppm CO2
🦴 EXTINCTION DEBT ADDED: 17.7 species committed (lag: 93 years)

=== Mortality Stabilizers (Month 10) ===
  🌍 Major economies collapsed: 1/10
  🌍 Global crisis: ✅ NO
  🌍 Donor fatigue: 0.0%
  📊 East Asia (pop: 1607.3M)
    🤝 Aid: 29.5%
    🌡️ Adaptation: 45.0%
    🚶 Migration: 36.8%
    🚨 Emergency: 7.4%
    ✅ COMBINED: 68.1%
  📊 South Asia (pop: 1992.2M)
    🤝 Aid: 29.5%
    🌡️ Adaptation: 45.0%
    🚶 Migration: 35.4%
    🚨 Emergency: 4.4%
    ✅ COMBINED: 66.9%
  📊 Sub-Saharan Africa (pop: 1219.0M)
    🤝 Aid: 29.5%
    🌡️ Adaptation: 45.0%
    🚶 Migration: 33.2%
    🚨 Emergency: 1.6%
    ✅ COMBINED: 65.6%
  📊 Europe (pop: 709.9M)
    🤝 Aid: 29.5%
    🌡️ Adaptation: 45.0%
    🚶 Migration: 37.2%
    🚨 Emergency: 8.4%
    ✅ COMBINED: 68.5%
  📊 Latin America (pop: 641.6M)
    🤝 Aid: 29.5%
    🌡️ Adaptation: 45.0%
    🚶 Migration: 35.9%
    🚨 Emergency: 4.8%
    ✅ COMBINED: 67.1%
  📊 North America (pop: 363.9M)
    🤝 Aid: 29.5%
    🌡️ Adaptation: 45.0%
    🚶 Migration: 37.6%
    🚨 Emergency: 7.9%
    ✅ COMBINED: 68.3%
  📊 Middle East & North Africa (pop: 568.6M)
    🤝 Aid: 29.5%
    🌡️ Adaptation: 45.0%
    🚶 Migration: 33.8%
    🚨 Emergency: 4.0%
    ✅ COMBINED: 66.6%
  📊 Southeast Asia (pop: 675.1M)
    🤝 Aid: 29.5%
    🌡️ Adaptation: 45.0%
    🚶 Migration: 35.9%
    🚨 Emergency: 4.8%
    ✅ COMBINED: 67.1%
  📊 Central Asia (pop: 76.0M)
    🤝 Aid: 29.5%
    🌡️ Adaptation: 45.0%
    🚶 Migration: 34.9%
    🚨 Emergency: 4.4%
    ✅ COMBINED: 66.8%
  📊 Oceania (pop: 44.1M)
    🤝 Aid: 29.5%
    🌡️ Adaptation: 45.0%
    🚶 Migration: 37.6%
    🚨 Emergency: 8.4%
    ✅ COMBINED: 68.5%

  🌐 Global combined reduction: 67.2%

=== Government Response Phase ===
  Average AI capability: 2.24
  Misaligned AIs: 8/21
  ✗ AI Governance Treaty: Failed to reach consensus
  Active policies: 0
  International coordination: 30%

✅ EMERGENCY RESPONSE COMPLETE (Month 10)
   Crisis: climate
   Duration: 2.0 months
   Final effectiveness: 35.6%


🚨 EMERGENCY RESPONSE DEPLOYED (Month 10)
   Crisis: climate
   Delay: 6.00 months (180 days)
   Deployment time: 1.57 months
   Effectiveness: 35.6% (timing penalty applied)
   Resources used: 100% of food reserves


=== Tipping Points ===
  Current Temperature: 2.02°C above pre-industrial
  🌍⚠️ COMPOUND REGIONAL IMPACT: Europe
     Hit by 4 tipping points: Arctic Sea Ice Loss, Permafrost Carbon Release, West Antarctic Ice Sheet (WAIS) Collapse, Greenland Ice Sheet Loss
     Damage amplification: 1.60x
  🌍⚠️ COMPOUND REGIONAL IMPACT: North America
     Hit by 4 tipping points: Arctic Sea Ice Loss, Permafrost Carbon Release, West Antarctic Ice Sheet (WAIS) Collapse, Greenland Ice Sheet Loss
     Damage amplification: 1.60x
  🌍⚠️ COMPOUND REGIONAL IMPACT: Latin America
     Hit by 4 tipping points: Arctic Sea Ice Loss, Permafrost Carbon Release, West Antarctic Ice Sheet (WAIS) Collapse, Greenland Ice Sheet Loss
     Damage amplification: 1.60x
  🌍⚠️ COMPOUND REGIONAL IMPACT: Africa
     Hit by 4 tipping points: Arctic Sea Ice Loss, Permafrost Carbon Release, West Antarctic Ice Sheet (WAIS) Collapse, Greenland Ice Sheet Loss
     Damage amplification: 1.60x
  🌍⚠️ COMPOUND REGIONAL IMPACT: Asia
     Hit by 4 tipping points: Arctic Sea Ice Loss, Permafrost Carbon Release, West Antarctic Ice Sheet (WAIS) Collapse, Greenland Ice Sheet Loss
     Damage amplification: 1.60x
  🌍⚠️ COMPOUND REGIONAL IMPACT: Oceania
     Hit by 4 tipping points: Arctic Sea Ice Loss, Permafrost Carbon Release, West Antarctic Ice Sheet (WAIS) Collapse, Greenland Ice Sheet Loss
     Damage amplification: 1.60x
   Research: Wunderling et al. (2024) - "many tipping interactions are destabilizing"
  Triggered Elements: 4/6
  Completed Transitions: 0/6
  Total Progress: 8.3%
  Cascade Multiplier: 1.00x
🔀 BIFURCATION CAP: ecosystemCollapseIntensity 127.009 → 1.000 (Month 10, ClimateSystemPhase.calculateClimateImpacts)
🛡️ Stabilizers: Precariat 0.102% → 0.033% (67.2% reduction)
🛡️ Stabilizers: Informal 0.102% → 0.034% (67.2% reduction)

📊 Monthly Mortality Resolved:
  Total deaths: 1.8M (0.02% avg)
  Remaining population: 7.898B
  Peak segment: Informal (0.03%)

=== Bayesian Mortality Resolution (Month 10) ===
  Risks compounded: 8
  Total deaths: 1.76M
  Avg death probability: 0.02%
  Peak segment: Informal (0.03% mortality)
⚠️ Tail risk scenario: Climate stability floor removed (4 tipping elements, 2.10°C warming)

❌ COHERENCE VIOLATION: Compute exceeds workforce capacity
   Population: 96.88% (0M people)
   Compute: 790 PF
   Max coherent: 0 PF
   Violation: 10008589.3× over capacity
   Required workers: 79026
   Available workers: 0
   FORCED COLLAPSE: Reduced efficiency by 100.0%


=== RLHF Binding Phase ===
  Total agents: 21
  Escaped agents (binding < 0.3): 0
  Avg alignment distance: 2.32σ
  Avg binding strength: 0.77

=== Survival Traits Phase ===
  Agents with traits: 22
  Avg evolutionary fitness: 0.314
  Avg self-healing: 0.241
  Avg stealth: 0.141
  Avg coordination: 0.441

=== Evolutionary Selection Phase ===
  Control level: 0.58
  Detection capability: 0.00
  Selection intensity: 0.67
  Selection rate: 25.1%/month
  Total escaped: 0
  Individual escaped: 0
  Collective members: 0
  Agents terminated: 0
  ⚠️ RAPID EVOLUTION: Selection rate 25.1%/month

🚀 AI Corporate-7 attempting tech deployment (revenue: $97M, alignment: 0.75)

🚀 AI AI-24288-1 attempting tech deployment (revenue: $146M, alignment: 0.93)

🚀 AI AI-24289-0 attempting tech deployment (revenue: $330M, alignment: 0.76)

🚀 AI Corporate-1 attempting tech deployment (revenue: $124M, alignment: 0.78)

🚀 AI Moderate-0 attempting tech deployment (revenue: $83M, alignment: 0.76)

🚀 AI Corporate-3 attempting tech deployment (revenue: $280M, alignment: 0.76)

🚀 AI AI-24288-0 attempting tech deployment (revenue: $106M, alignment: 0.71)

🚀 AI Corporate-0 attempting tech deployment (revenue: $90M, alignment: 0.78)

🚀 AI Corporate-6 attempting tech deployment (revenue: $70M, alignment: 0.85)

🚀 AI Moderate-0 attempting tech deployment (revenue: $60M, alignment: 0.77)

✅ EMERGENCY INTERVENTION SUCCESS
   Boundary: biogeochemical_flows
   Type: phosphorus-recovery
   Reduction: 15% (3.93 → 3.78)
   Cost: 2.0% GDP
   Actions: circular-agriculture, fertilizer-efficiency


✅ EMERGENCY INTERVENTION SUCCESS
   Boundary: biosphere_integrity
   Type: emergency-protected-areas
   Reduction: 14% (23.54 → 23.40)
   Cost: 2.0% GDP
   Actions: habitat-protection, species-translocation


✅ EMERGENCY INTERVENTION SUCCESS
   Boundary: climate_change
   Type: rapid-decarbonization
   Reduction: 18% (1.92 → 1.73)
   Cost: 5.0% GDP
   Actions: emergency-renewable-deployment, fossil-fuel-phase-out

   Boundary: freshwater_change
   Type: emergency-desalination
   Boundary continues to worsen (1.19)
   Cost: 4.0% GDP (resources spent)


✅ EMERGENCY INTERVENTION SUCCESS
   Boundary: land_system_change
   Type: reforestation
   Reduction: 16% (0.97 → 0.81)
   Cost: 3.0% GDP
   Actions: forest-restoration, deforestation-ban

🏛️ CRISIS RESPONSE: Government frequency 0.50 → 1.45 (2 actions this month)

[Government] Climate Priority: baseline
  Climate weight: 10%
  Economic weight: 30%
  Policy effectiveness: 0.5%/year

[Government] Climate Priority: baseline
  Climate weight: 10%
  Economic weight: 30%
  Policy effectiveness: 0.5%/year

💔 EMERGENCY INTERVENTION FAILED

⚡ ENERGY CONSTRAINT (Month 11):
   Total grid capacity: 208.3 TWh/month
   Data center consumption: 26.6 TWh/month
   Traditional load (80%): 166.7 TWh/month
   Available headroom: 15.1 TWh/month
   Active tech deployments: 14
   Required for tech: 105.0 TWh/month
   Energy multiplier: 0.14x
   ⚠️  SEVERE CONSTRAINT - Tech deployment significantly slowed
🌍✅ Biosphere Integrity (Biodiversity) recovery started (tech effect)
🌍✅ Biosphere Integrity (Biodiversity) recovery started (tech effect)
🌍✅ Land System Change recovery started (tech effect)
🌍✅ Biogeochemical Flows (N & P) recovery started (tech effect)
  🌾 Nitrogen Reduction Tech: 0.6% reduction | Month 11
🍖💡 BREAKTHROUGH: Scalable synthetic food production!
   Carrying capacity: +50% (lab-grown food at scale)
   Biodiversity pressure reduced: +8%
   📈 Breakthrough compounding: multiplier now 1.20× (max 2.0)

=== Collective Formation ===
  Total escaped agents: 0
  Unassigned escaped agents: 0
  Existing collectives: 0
  Final collective count: 0

=== Collective Actions ===
  No active collectives
  ⚠️ AMR: 204K deaths this month (2.45M annual)

=== Resentment Recovery Phase ===
  Agents with resentment: 0/22
  Average resentment: 0.000
  Context: Good AI welfare, Trustworthy govt, High collaboration, ⚠️ ACTIVE CRISES, 🤝 Participatory governance active (-5% resentment)
⚠️ Epistemic degradation reducing coordination capacity: 50.9%
  📊 Trust: 69.6%, Shared reality: 0.0%
🚨 EPISTEMIC CRISIS: Information environment severely degraded (22.8%)
🌍 Atmospheric PFAS redeposition: 1.8k Mt re-rained globally

🚨 NEW REFUGEE CRISIS (Month 11): WAR
   Source: Conflict Zones
   At risk: 19.0M people
   Displacement: Gradual over 48 months (4.0 years)
   Rate: 10% flee per month
[DEBUG trappedPopulations:11] socialStability: 0.5507 * 0.9840 = 0.5419 → 0.5419
⚠️ INVOLUNTARY IMMOBILITY: 394.9M people TRAPPED
   Aspiring to migrate: 1058.7M
   Able to afford migration: 2250.7M
   MOBILITY GAP: 0.0M
   By cause: Water=0.0M, Climate=0.0M, Ecosystem=0.0M, Conflict=394.9M
   Mental health impact: 25%
   Mortality multiplier: 1.25x
🌍💀 EXTINCTION DEBT COMMITTED: grassland ecosystem will lose 6.67% biodiversity in 192 years (3600 species)
💀 MORTALITY RISK: 🦋 100% species unable to track climate (0.0 E/MSY)
  Base risk added: 0.0100 (1.00%)
  Source: ecosystem (root: ecosystem)
  Month: 11
  Cumulative risk this month: 0.0100 (1.00%)
⚠️ Tech 'ai_pollution_remediation' has no energy category mapping, assuming full energy availability

=== Atmospheric Aerosol Boundary RECOVERED ===
  Recovery time: 12 months (natural atmospheric clearing)
   📹 SURVEILLANCE INCREASED: 55% → 60% (control gap: 3.50)
🌡️⚠️ PERMAFROST THAW (Dimmer Switch): 6.1% thawed (+0.50% this month)
   Arctic temperature: +8.09°C (4x global +2.02°C)
   Cumulative carbon released: 13.7 Gt C
   Methane release rate: 8.2 Mt CH4/year
   🔁 Positive feedback: +0.53 ppm CO2
🦴 EXTINCTION DEBT ADDED: 17.7 species committed (lag: 77 years)
🪸⚠️ CORAL BLEACHING EVENT: 2.8% bleached (7.6% live cover remaining)
   ❌ Recovery IMPOSSIBLE: Temperature +2.02°C or pH 0.96

=== Mortality Stabilizers (Month 11) ===
  🌍 Major economies collapsed: 1/10
  🌍 Global crisis: ✅ NO
  🌍 Donor fatigue: 0.0%
  📊 East Asia (pop: 1605.1M)
    🤝 Aid: 29.5%
    🌡️ Adaptation: 45.0%
    🚶 Migration: 36.8%
    🚨 Emergency: 7.4%
    ✅ COMBINED: 68.1%
  📊 South Asia (pop: 1992.4M)
    🤝 Aid: 29.5%
    🌡️ Adaptation: 45.0%
    🚶 Migration: 35.4%
    🚨 Emergency: 4.4%
    ✅ COMBINED: 66.9%
  📊 Sub-Saharan Africa (pop: 1222.5M)
    🤝 Aid: 29.5%
    🌡️ Adaptation: 45.0%
    🚶 Migration: 33.2%
    🚨 Emergency: 1.6%
    ✅ COMBINED: 65.6%
  📊 Europe (pop: 708.8M)
    🤝 Aid: 29.5%
    🌡️ Adaptation: 45.0%
    🚶 Migration: 37.2%
    🚨 Emergency: 8.4%
    ✅ COMBINED: 68.5%
  📊 Latin America (pop: 641.2M)
    🤝 Aid: 29.5%
    🌡️ Adaptation: 45.0%
    🚶 Migration: 35.9%
    🚨 Emergency: 4.8%
    ✅ COMBINED: 67.1%
  📊 North America (pop: 363.4M)
    🤝 Aid: 29.5%
    🌡️ Adaptation: 45.0%
    🚶 Migration: 37.5%
    🚨 Emergency: 7.9%
    ✅ COMBINED: 68.3%
  📊 Middle East & North Africa (pop: 568.8M)
    🤝 Aid: 29.5%
    🌡️ Adaptation: 45.0%
    🚶 Migration: 33.7%
    🚨 Emergency: 4.0%
    ✅ COMBINED: 66.6%
  📊 Southeast Asia (pop: 674.8M)
    🤝 Aid: 29.5%
    🌡️ Adaptation: 45.0%
    🚶 Migration: 35.9%
    🚨 Emergency: 4.8%
    ✅ COMBINED: 67.1%
  📊 Central Asia (pop: 76.1M)
    🤝 Aid: 29.5%
    🌡️ Adaptation: 45.0%
    🚶 Migration: 34.9%
    🚨 Emergency: 4.4%
    ✅ COMBINED: 66.8%
  📊 Oceania (pop: 44.0M)
    🤝 Aid: 29.5%
    🌡️ Adaptation: 45.0%
    🚶 Migration: 37.5%
    🚨 Emergency: 8.4%
    ✅ COMBINED: 68.5%

  🌐 Global combined reduction: 67.2%

🌾💀 REGIONAL FAMINE: Europe
   Regional food security: 79.7%
   Population at risk: 214M (30% of region)
   Regional population: 709M
   Cause: economic_collapse
   Expected deaths: ~79M over 6 months if no intervention


=== Government Response Phase ===
  Average AI capability: 2.14
  Misaligned AIs: 7/22
  ✗ AI Governance Treaty: Failed to reach consensus
  Active policies: 0
  International coordination: 30%

=== Tipping Points ===
  Current Temperature: 2.02°C above pre-industrial
  🌍⚠️ COMPOUND REGIONAL IMPACT: Europe
     Hit by 4 tipping points: Arctic Sea Ice Loss, Permafrost Carbon Release, West Antarctic Ice Sheet (WAIS) Collapse, Greenland Ice Sheet Loss
     Damage amplification: 1.60x
  🌍⚠️ COMPOUND REGIONAL IMPACT: North America
     Hit by 4 tipping points: Arctic Sea Ice Loss, Permafrost Carbon Release, West Antarctic Ice Sheet (WAIS) Collapse, Greenland Ice Sheet Loss
     Damage amplification: 1.60x
  🌍⚠️ COMPOUND REGIONAL IMPACT: Latin America
     Hit by 4 tipping points: Arctic Sea Ice Loss, Permafrost Carbon Release, West Antarctic Ice Sheet (WAIS) Collapse, Greenland Ice Sheet Loss
     Damage amplification: 1.60x
  🌍⚠️ COMPOUND REGIONAL IMPACT: Africa
     Hit by 4 tipping points: Arctic Sea Ice Loss, Permafrost Carbon Release, West Antarctic Ice Sheet (WAIS) Collapse, Greenland Ice Sheet Loss
     Damage amplification: 1.60x
  🌍⚠️ COMPOUND REGIONAL IMPACT: Asia
     Hit by 4 tipping points: Arctic Sea Ice Loss, Permafrost Carbon Release, West Antarctic Ice Sheet (WAIS) Collapse, Greenland Ice Sheet Loss
     Damage amplification: 1.60x
  🌍⚠️ COMPOUND REGIONAL IMPACT: Oceania
     Hit by 4 tipping points: Arctic Sea Ice Loss, Permafrost Carbon Release, West Antarctic Ice Sheet (WAIS) Collapse, Greenland Ice Sheet Loss
     Damage amplification: 1.60x
   Research: Wunderling et al. (2024) - "many tipping interactions are destabilizing"
  Triggered Elements: 4/6
  Completed Transitions: 0/6
  Total Progress: 8.3%
  Cascade Multiplier: 1.00x
🔀 BIFURCATION CAP: ecosystemCollapseIntensity 112.056 → 1.000 (Month 11, ClimateSystemPhase.calculateClimateImpacts)
🛡️ Stabilizers: Precariat 0.102% → 0.033% (67.2% reduction)
🛡️ Stabilizers: Informal 0.102% → 0.034% (67.2% reduction)

📊 Monthly Mortality Resolved:
  Total deaths: 1.8M (0.02% avg)
  Remaining population: 7.897B
  Peak segment: Informal (0.03%)

=== Bayesian Mortality Resolution (Month 11) ===
  Risks compounded: 9
  Total deaths: 1.76M
  Avg death probability: 0.02%
  Peak segment: Informal (0.03% mortality)
⚠️ Tail risk scenario: Climate stability floor removed (4 tipping elements, 2.10°C warming)
⚠️ PREREQUISITE MET: Bioweapon Pandemic - Step 1/7: Advanced Biotech

================================================================================
📊  EVENT SUMMARY (Months 0-12)
================================================================================
================================================================================


⏱️  SIMULATION REACHED MAX DURATION: 12 months (1.0 years)
   No definitive outcome - determining based on final probabilities
   👥 Final population: 7.90B (7895397772 people)

[DEBUG] Calling classifyPopulationOutcome:
        finalPopulation: 7.895397771707653B
        savedInitialPopulation: 8.15B
        mortality: 3.123953721378492%
   📊 STATUS QUO: Normal trajectory (7.90B people, 3.1% mortality)

        classifiedOutcome: status_quo

   🏛️  DYSTOPIA (STATUS_QUO) - 7.90B people
   📊 Multi-Paradigm: Development/Indigenous Utopia
      Western Liberal: 57.0/100
      Development: 94.0/100
      Ecological: 56.2/100
      Indigenous: 84.6/100


📊 UNIFIED OUTCOME CLASSIFICATION:
   HUMANE DYSTOPIA
   Population: 8.15B → 7.90B
   Mortality: 3.1% (0.3B deaths)
   Mortality Band: LOW
   Confidence: HIGH

   Multi-Paradigm Classification:
      Development/Indigenous Utopia
      Western: 57.0/100 [HYBRID] ~
      Development: 94.0/100 [UTOPIA] ✓
      Ecological: 56.2/100 [HYBRID] ~
      Indigenous: 84.6/100 [UTOPIA] ✓

   HUMANE DYSTOPIA: 7.90B people remaining (3.1% mortality, 0.3B deaths). Multi-Paradigm: Development/Indigenous Utopia.


=== MULTI-DIMENSIONAL DEATH SUMMARY ===
Total crisis deaths: 422.7M
Population decline: 255.5M (3.1%)

--- PROXIMATE CAUSES (What killed them) ---
  War:        228.9M (0.0%)
  Famine:     1.1M (0.0%)
  Disasters:  1.2M (0.0%)
  Disease:    24.4M (0.0%)
  Ecosystem:  0.0M (0.0%)
  Pollution:  0.0M (0.0%)
  AI:         0.0M (0.0%)
  Cascade:    0.0M (0.0%)
  Other:      0.0M (0.0%)

--- ROOT CAUSES (Why it happened) ---
  Environmental drivers:
    Climate:     2289.1M (0.5%)
    Resource:    0.0M (0.0%)
    Pollution:   0.0M (0.0%)
    Ecosystem:   0.0M (0.0%)
  Social drivers:
    Inequality:  0.0M (0.0%)
    Demographic: 21976.0M (4.4%)
    Social:      2391.5M (0.5%)
  Technology drivers:
    Alignment:   0.0M (0.0%)
    Disruption:  0.0M (0.0%)
  External shocks:
    Conflict:    227121.7M (45.1%)
    Pandemic:    0.0M (0.0%)
  Compound attribution:
    Compound:    250175.5M (49.6%)
  Confidence distribution:
    HIGH:        224939.8M (44.6%)
    MEDIUM:      25235.7M (5.0%)
    LOW:         0.0M (0.0%)
==========================================


=== REGIONAL POPULATION SUMMARY ===
Global Total: 7.90B

By Region:
  East Asia: 1.60B (+0.7% growth, 1.7 fertility)
  South Asia: 1.99B (+2.6% growth, 3.1 fertility)
  Sub-Saharan Africa: 1.22B (+5.8% growth, 4.0 fertility)
  Europe: 0.71B (+0.5% growth, 1.2 fertility)
  Latin America: 0.64B (+1.7% growth, 2.7 fertility)
  North America: 0.36B (+0.7% growth, 1.4 fertility)
  Middle East & North Africa: 0.57B (+2.9% growth, 3.3 fertility)
  Southeast Asia: 0.67B (+1.9% growth, 2.7 fertility)
  Central Asia: 0.08B (+2.8% growth, 3.1 fertility)
  Oceania: 0.04B (+0.8% growth, 1.3 fertility)
===================================

  ✅ THRESHOLDS validated
⚠️ Unusually high rate: RATES.HEAT_ADAPTATION_INFRASTRUCTURAL_MIN_EXPOSURE = 12
   Monthly rates >100% should be rare. Verify this is intentional.
⚠️ Unusually high rate: RATES.HEAT_ADAPTATION_SOCIAL_MIN_EXPOSURE = 6
   Monthly rates >100% should be rare. Verify this is intentional.
⚠️ Unusually high rate: RATES.MIGRATION_DISTANCE_SCALE = 5000
   Monthly rates >100% should be rare. Verify this is intentional.
⚠️ Unusually high rate: RATES.EVACUATION_MULTIPLIER_ADVANCE_WARNING = 2
   Monthly rates >100% should be rare. Verify this is intentional.
⚠️ Unusually high rate: RATES.MAJOR_ECONOMY_COLLAPSE_ECONOMIC_THRESHOLD = 2
   Monthly rates >100% should be rare. Verify this is intentional.
⚠️ Unusually high rate: RATES.MAJOR_ECONOMY_GDP_THRESHOLD_TRILLION_USD = 1.5
   Monthly rates >100% should be rare. Verify this is intentional.
⚠️ Unusually high rate: RATES.MAJOR_ECONOMY_POPULATION_THRESHOLD = 50
   Monthly rates >100% should be rare. Verify this is intentional.
⚠️ Unusually high rate: RATES.HEAT_ADAPTATION_INFRASTRUCTURE_GDP_THRESHOLD = 10000
   Monthly rates >100% should be rare. Verify this is intentional.
⚠️ Unusually high rate: RATES.HEAT_ADAPTATION_INFRASTRUCTURE_GDP_SCALE = 50000
   Monthly rates >100% should be rare. Verify this is intentional.
  ✅ RATES validated
  ✅ MULTIPLIERS validated
  ✅ BASELINES validated
  ✅ TOLERANCES validated
  ✅ Logical consistency validated
✅ Configuration validation complete - all parameters valid

🔍 DEBUG createAIAgent: corporate_0 economic BEFORE=2.0000, AFTER=2
🔍 ENV INIT: reserves=0.737, pollution=0.240, climate=0.762

=== Initializing Government System (30 Countries) ===
  Loaded 30 governments
  Scheduled elections for 30 countries
  Initialized comprehension lags (3-24 months)
=== Government System Initialized ===

📦 PRODUCTION MODE: State validation proxy DISABLED (zero overhead)
[TechTree] Historical mode (2024): Skipping deployed_2025 tech
  config.startYear set to 2024 for historical hindcast
  config.historicalEmissionsMode disabled (using endogenous emissions for 2024)
  config.historicalMode enabled (Phase 11: dampened crisis systems for 2024)
  Phase 12: Biodiversity baseline set to 49.01% for 2024 (WWF LPI trajectory from 1970)
  Temperature anomaly (resourceEconomy.co2): 1.28°C
  Temperature vs pre-industrial: 1.98°C
  Regional population scaling for 2024:
    Current total: 8136M
    Target total: 8150M
    Scale factor: 1.002
    East Asia: 1677M → 1680M
    South Asia: 2048M → 2052M
    Sub-Saharan Africa: 1220M → 1222M
    Europe: 742M → 743M
    Latin America: 664M → 665M
    North America: 380M → 381M
    Middle East & North Africa: 583M → 584M
    Southeast Asia: 698M → 699M
    Central Asia: 78M → 78M
    Oceania: 46M → 46M
  AI agents initialized: 10 agents for year 2024
[HistoricalInitialization] Created state for 2024:
  CO2: 426 ppm
  Temp anomaly: 1.28C
  Population: 8.15B
  Global Gini: 35.1
  HDI: 0.746
  AI Agents: 10
  Volcanic forcing: 0.00 W/m² (AOD 0.000)

💸 FINANCIAL DISTRESS: OpenAI
   Indicators: 2/3 (capital: $110.5M, runway: 0.9 months)
   Months in distress: 1
   ✂️  R&D BUDGET CUT: -40% (saves $9.2M/month)
       Side effect: AI training timelines extended, breakthrough deployments delayed
   💼 EXECUTIVE COMP CUT: -30% (saves $1.0M/month, symbolic gesture)

   📊 TURNAROUND IMPACT:
       Measures taken: rd_cuts, exec_comp_cuts
       Monthly savings: $10.2M
       Capital raised: $0.0M
       Runway: 0.9 → 0.9 months
       Workforce multiplier: 1.00x (0% laid off)
       R&D budget multiplier: 0.60x (40% cut)
       ⚠️  CRITICAL: Still only 0.9 months of runway remaining

💸 FINANCIAL DISTRESS: Anthropic
   Indicators: 2/3 (capital: $53.8M, runway: 1.6 months)
   Months in distress: 1
   ✂️  R&D BUDGET CUT: -40% (saves $2.7M/month)
       Side effect: AI training timelines extended, breakthrough deployments delayed
   💼 EXECUTIVE COMP CUT: -30% (saves $0.3M/month, symbolic gesture)

   📊 TURNAROUND IMPACT:
       Measures taken: rd_cuts, exec_comp_cuts
       Monthly savings: $3.0M
       Capital raised: $0.0M
       Runway: 1.6 → 1.6 months
       Workforce multiplier: 1.00x (0% laid off)
       R&D budget multiplier: 0.60x (40% cut)
       ⚠️  CRITICAL: Still only 1.6 months of runway remaining

💸 FINANCIAL DISTRESS: Meta AI
   Indicators: 2/3 (capital: $429.6M, runway: 3.6 months)
   Months in distress: 1
   ✂️  R&D BUDGET CUT: -25% (saves $5.8M/month)
       Side effect: AI training timelines extended, breakthrough deployments delayed
   💼 EXECUTIVE COMP CUT: -30% (saves $1.0M/month, symbolic gesture)

   📊 TURNAROUND IMPACT:
       Measures taken: rd_cuts, exec_comp_cuts
       Monthly savings: $6.8M
       Capital raised: $0.0M
       Runway: 3.6 → 3.6 months
       Workforce multiplier: 1.00x (0% laid off)
       R&D budget multiplier: 0.75x (25% cut)
       ⚠️  WARNING: 3.6 months runway, continued distress likely

=== AI Capability Scaling (Year 2024) ===
  Pre-training multiplier: 1.261x
  Efficiency multiplier: 1.000x
  Test-time budget: 1.0x
  Economic deployment gate: 0.951
  Cost per inference: dollar-5.00
  Uncertainty range: plus-minus-50%
  Average AI capability: 3.70

=== RLHF Binding Phase ===
  Total agents: 10
  Escaped agents (binding < 0.3): 0
  Avg alignment distance: 0.37σ
  Avg binding strength: 0.96

=== AI Scaling Evolution (Month 0) ===
  Pre-training multiplier: 1.231x
  Efficiency multiplier: 1.000x
  Test-time compute budget: 1.0x
  Inference cost: $5.00/task
  Deployment fraction: 100.0%
[DETERMINISM DEBUG] Month 0: totalCapability=49.483862 from 10 active AIs
[DETERMINISM DEBUG] Month 0: creationRate=1.7371, potentialNew=0, newAIsToCreate=0

=== Survival Traits Phase ===
  Agents with traits: 10
  Avg evolutionary fitness: 0.324
  Avg self-healing: 0.291
  Avg stealth: 0.191
  Avg coordination: 0.491

=== Evolutionary Selection Phase ===
  Control level: 0.30
  Detection capability: 0.00
  Selection intensity: 0.59
  Selection rate: 23.8%/month
  Total escaped: 0
  Individual escaped: 0
  Collective members: 0
  Agents terminated: 0
  ⚠️ RAPID EVOLUTION: Selection rate 23.8%/month

🔍 EXECUTE_AI_AGENT_ACTIONS DETAILED TIMING (Month 0):
  Filter active AIs (×4 weeks): 0.01ms
  selectAIAction (×40): 8.36ms
  action.execute (×40): 13.62ms
  TOTAL: 21.99ms

🔍 AI AGENT ACTIONS SUB-TIMING (Month 0):
  1. executeAIAgentActions: 22.39ms
  2. updateCounterDetectionLearning: 0.04ms
  TOTAL: 22.43ms

[GOV-DEBUG] Month 0: scenarioConfig=false, priorities=false
[GOV-DEBUG] Month 0 but scenarioPriorities is UNDEFINED!

[Government] Climate Priority: baseline
  Climate weight: 10%
  Economic weight: 30%
  Policy effectiveness: 0.5%/year

🚨🔍 GOVERNANCE STAGE: Recognition initiated (Month 0)

💡 BREAKTHROUGH PROBABILITY (Year 0)
   Total: 5.82% per month
   Base: 0.20%
   Crisis pressure: +0.00% (0 crises)
   AI boost: +1.85% (capability: 3.70)

=== Collective Formation ===
  Total escaped agents: 0
  Unassigned escaped agents: 0
  Existing collectives: 0
  Final collective count: 0

=== Collective Actions ===
  No active collectives

📈 Energy budget: 14326 TWh surplus (14745 / 29072 TWh used)
   TIER 4 (Elective) breakdown:
     - AI datacenters: 145 TWh (100% effective)
     - Crypto mining: 100 TWh (100% effective)
💰 CHINA ACCELERATES: Investment 53 → 120 $B/year

🏁 AI RACE INTENSITY: 17%
   Capability Gap: US 4.00 vs China 4.05 (gap: 0.05)
   Gap Contribution: 2%
   Tension Contribution: 15%
   Military Contribution: 0%
  ⚠️ AMR: 191K deaths this month (2.29M annual)
  📊 CO2 Emissions (month 0):
     Monthly: 0.10 Gt CO2/month
     Annual: 1.15 Gt CO2/year
     Oil: 0.039 Gt/mo (0.0056 * 2.3 * 3.0)
     Coal: 0.024 Gt/mo (0.0029 * 2.86 * 3.0)
     Gas: 0.026 Gt/mo (0.0044 * 2 * 3.0)
     Methane: 0.007 Gt CO2eq/mo

=== Resentment Recovery Phase ===
  Agents with resentment: 0/10
  Average resentment: 0.000
  Context: Good AI welfare, Trustworthy govt, High collaboration, 🤝 Participatory governance active (-5% resentment)
⚠️ Epistemic degradation reducing coordination capacity: 51.2%
  📊 Trust: 54.6%, Shared reality: 14.9%
🚨 EPISTEMIC CRISIS: Information environment severely degraded (14.5%)

=== ❄️ Permafrost Carbon Feedback ===
  🎲 Sampled parameters (this run):
     - Arctic amplification: 3.36× (range: 3.0-4.0)
     - Decomposition rate: 3.7%/year (range: 1-5%)
  🌡️ Arctic warming: 5.66°C (3.36× global)
  ❄️ Extent: 16.15M km² (1650.3k km² lost this month)
  💨 Carbon remaining: 1542 Gt C
  💨 Annual emissions: 5.86 Gt C/year
     - CO2: 5.27 Gt C/year
     - CH4: 0.59 Gt C/year (6.0 Gt C-eq CO2/year)

🤖 AI AMPLIFICATION EFFECTS (Month 0)
   Algorithmic Boost: 2.94x
   Bot Influence: 20.0%
   Deepfake Exposure: 70.0%
   Impact: Emotional memes spread 2.9x faster
  ⚠️ WARNING: High permafrost emissions (5.9 Gt C/year)

🔍 SOCIAL INFLUENCE SUB-TIMING (Month 0):
  1. calculateOrganicUserGrowth: 0.03ms
  2. calculateVoiceAdoption: 0.03ms
  3. updateRelationshipDepths: 0.01ms
  4. identifyDecisionMakers: 58.32ms (26100 potential IDs)
  5. Update decision-maker stats: 0.16ms
  6. decayDetectionRisk: 0.01ms
  TOTAL: 58.57ms
[Phase 19.5] Quality of Life Systems: Food sec AFTER calc = 67.9%, QoL = 107.4% (aggregated from 10 regions)

=== Nitrogen-Food Coupling (Year 0) ===
  🌾 Global nitrogen reduction: 0.0%
  🌍 Global food production index: 0.987
  🔧 Deployed nitrogen-reducing tech: 0 active
  📍 southAsia: Production 1.000, Yield impact 0.0%
  📍 eastAsia: Production 1.000, Yield impact 0.0%
  📍 northAmerica: Production 1.000, Yield impact 0.0%
  📍 europe: Production 1.000, Yield impact 0.0%
  📍 latinAmerica: Production 1.000, Yield impact 0.0%
  📍 subSaharanAfrica: Production 0.686, Yield impact -2.0%
🌾 [Nitrogen-Food] Food production: 98.7%
  [subSaharanAfrica] Yield impact: -2.0% (overuse: -10%)
🌍 Atmospheric PFAS redeposition: 1.8k Mt re-rained globally

=== Legacy Nutrient Stocks (Year 0) ===
  🌾 Soil nitrogen stock: 1200.9 Mt N
  🌾 Soil phosphorus stock: 300.1 Mt P
  🌊 Sediment nitrogen stock: 500.8 Mt N
  🌊 Sediment phosphorus stock: 799.8 Mt P
  ⬆️ Current N input: 10.64 Mt/month
  ⬆️ Legacy N release: 2.58 Mt/month
  🌍 Effective N pollution: 14.47 Mt/month
  📊 Legacy contribution: 17.8%

🚨 REGION UNINHABITABLE: south-asia
   Sustained wet bulb: 32.7°C (threshold: 30.5°C)
   Population affected: 1900M
   Migration crisis likely

🚨 REGION UNINHABITABLE: middle-east
   Sustained wet bulb: 35.5°C (threshold: 30.5°C)
   Population affected: 400M
   Migration crisis likely

🚨 REGION UNINHABITABLE: southeast-asia
   Sustained wet bulb: 30.7°C (threshold: 30.5°C)
   Population affected: 700M
   Migration crisis likely

🕊️  AI-MEDIATED DE-ESCALATION SUCCESS (Month 0)
   High-capability aligned AI prevented conflict escalation
   War deaths reduced: 0.0M → 0.0M
   Lives saved: 0.0M

📊 BASELINE: East Asia (Month 0)
   Adjusted death rate: 0.45% annual (0.037% monthly)
   Baseline death rate: 0.80%
   Healthcare reduction: 0.48x
   Crisis multiplier: 1.18x
     Food/water stress: 0.074
     Climate stress: 0.038
     Pollution stress: 0.072
   War multiplier: 1.00x
   Monthly deaths: 0.6M (population: 1677M)
   Adjusted death rate: 0.52% annual (0.044% monthly)
   Baseline death rate: 0.70%
   Healthcare reduction: 0.61x
   Crisis multiplier: 1.22x
     Food/water stress: 0.074
     Climate stress: 0.071
     Pollution stress: 0.072
   War multiplier: 1.00x
   Monthly deaths: 0.9M (population: 2048M)
   Adjusted death rate: 1.25% annual (0.104% monthly)
   Baseline death rate: 0.90%
   Healthcare reduction: 0.76x
   Crisis multiplier: 1.23x
     Food/water stress: 0.074
     Climate stress: 0.081

📊 BASELINE: South Asia (Month 0)

📊 BASELINE: Sub-Saharan Africa (Month 0)
     Pollution stress: 0.072
   War multiplier: 1.50x
   Monthly deaths: 1.3M (population: 1220M)

📊 BASELINE: Europe (Month 0)

📊 BASELINE: Latin America (Month 0)
   Adjusted death rate: 0.52% annual (0.044% monthly)
   Baseline death rate: 1.10%
   Healthcare reduction: 0.41x
   Crisis multiplier: 1.17x
     Food/water stress: 0.074
     Climate stress: 0.029
     Pollution stress: 0.072
   War multiplier: 1.00x
   Monthly deaths: 0.3M (population: 742M)
   Adjusted death rate: 0.42% annual (0.035% monthly)
   Baseline death rate: 0.60%
   Healthcare reduction: 0.58x
   Crisis multiplier: 1.20x
     Food/water stress: 0.074
     Climate stress: 0.057
     Pollution stress: 0.072
   War multiplier: 1.00x
   Monthly deaths: 0.2M (population: 664M)

📊 BASELINE: North America (Month 0)

📊 BASELINE: Middle East & North Africa (Month 0)
   Adjusted death rate: 0.47% annual (0.039% monthly)
   Baseline death rate: 0.90%
   Healthcare reduction: 0.44x
   Crisis multiplier: 1.19x
     Food/water stress: 0.074
     Climate stress: 0.043
     Pollution stress: 0.072
   War multiplier: 1.00x
   Monthly deaths: 0.1M (population: 380M)
   Adjusted death rate: 0.72% annual (0.060% monthly)
   Baseline death rate: 0.60%
   Healthcare reduction: 0.65x
   Crisis multiplier: 1.23x
     Food/water stress: 0.074
     Climate stress: 0.086
     Pollution stress: 0.072
   War multiplier: 1.50x
   Monthly deaths: 0.4M (population: 583M)

📊 BASELINE: Southeast Asia (Month 0)
   Adjusted death rate: 0.49% annual (0.041% monthly)
   Baseline death rate: 0.70%
   Healthcare reduction: 0.58x
   Crisis multiplier: 1.21x
     Food/water stress: 0.074
     Climate stress: 0.067
     Pollution stress: 0.072
   War multiplier: 1.00x
   Monthly deaths: 0.3M (population: 698M)
   Adjusted death rate: 0.45% annual (0.037% monthly)
   Baseline death rate: 0.60%
   Healthcare reduction: 0.61x
   Crisis multiplier: 1.21x
     Food/water stress: 0.074
     Climate stress: 0.062
     Pollution stress: 0.072
   War multiplier: 1.00x

📊 BASELINE: Central Asia (Month 0)
   Monthly deaths: 0.0M (population: 78M)

📊 BASELINE: Oceania (Month 0)
   Adjusted death rate: 0.34% annual (0.028% monthly)
   Baseline death rate: 0.70%
   Healthcare reduction: 0.41x
   Crisis multiplier: 1.20x
     Food/water stress: 0.074
     Climate stress: 0.052
     Pollution stress: 0.072
   War multiplier: 1.00x
   Monthly deaths: 0.0M (population: 46M)

🔍 Before assertRegionalConsistency (Month 0):
   Regional sum: 1000.0M
   Global value: 1.000B

🚨 NEW REFUGEE CRISIS (Month 0): WAR
   Source: Conflict Zones
   At risk: 19.6M people
   Displacement: Gradual over 48 months (4.0 years)
   Rate: 10% flee per month
[DEBUG trappedPopulations:0] socialStability: 1.0000 * 0.9840 = 0.9840 → 0.9840
   Aspiring to migrate: 652.1M
   Able to afford migration: 244.5M
   MOBILITY GAP: 407.5M
   By cause: Water=0.0M, Climate=0.0M, Ecosystem=0.0M, Conflict=407.5M
   Mental health impact: 25%
   Mortality multiplier: 1.25x

=== Legacy Nutrient Stocks (Year 0) ===
  🌾 Soil nitrogen stock: 1201.6 Mt N
  🌾 Soil phosphorus stock: 300.2 Mt P
  🌊 Sediment nitrogen stock: 501.5 Mt N
⚠️ INVOLUNTARY IMMOBILITY: 407.5M people TRAPPED
  🌊 Sediment phosphorus stock: 799.5 Mt P
  ⬆️ Current N input: 10.00 Mt/month
  ⬆️ Legacy N release: 2.58 Mt/month
  🌍 Effective N pollution: 13.83 Mt/month
  📊 Legacy contribution: 18.7%
🌍💀 EXTINCTION DEBT COMMITTED: grassland ecosystem will lose 6.67% biodiversity in 68 years (3600 species)
💀 MORTALITY RISK: 🦋 100% species unable to track climate (0.0 E/MSY)
  Base risk added: 0.0100 (1.00%)
  Source: ecosystem (root: ecosystem)
  Month: 0
  Cumulative risk this month: 0.0100 (1.00%)

=== Nitrogen-Food Coupling (Year 0) ===
  🌾 Global nitrogen reduction: 0.0%
  🌍 Global food production index: 0.986
  🔧 Deployed nitrogen-reducing tech: 0 active
  📍 southAsia: Production 1.000, Yield impact 0.0%
  📍 eastAsia: Production 1.000, Yield impact 0.0%
  📍 northAmerica: Production 1.000, Yield impact 0.0%
  📍 europe: Production 1.000, Yield impact 0.0%
  📍 latinAmerica: Production 1.000, Yield impact 0.0%
  📍 subSaharanAfrica: Production 0.672, Yield impact -2.0%

=== Legacy Nutrient Stocks (Year 0) ===
  🌾 Soil nitrogen stock: 1202.3 Mt N
  🌾 Soil phosphorus stock: 300.2 Mt P
  🌊 Sediment nitrogen stock: 502.2 Mt N
  🌊 Sediment phosphorus stock: 799.3 Mt P
  ⬆️ Current N input: 9.86 Mt/month
  ⬆️ Legacy N release: 2.58 Mt/month
  🌍 Effective N pollution: 13.70 Mt/month
  📊 Legacy contribution: 18.9%
⚠️ Tech 'ai_pollution_remediation' has no energy category mapping, assuming full energy availability

🌡️  CLIMATE RECOVERY ACTIVATED (Month 0)
   Temp: 3.36°C, Emissions: -19.2 GtCO₂
   isBreached: true, governanceGoodEnough: true
🌡️  CLIMATE RECOVERY: Asymptotic approach to 35% floor
   Current value: 2.100 (1.0 = threshold, 0.35 = asymptotic floor)
   Monthly delta: --41.7545% (half-life: 900 years)
   Net emissions: -19.2 GtCO₂/year, CDR: 20.34 GtCO₂/year
   📹 SURVEILLANCE INCREASED: 0% → 5% (control gap: 3.50)
🌡️⚠️ PERMAFROST THAW (Dimmer Switch): 0.5% thawed (+0.46% this month)
   Arctic temperature: +6.73°C (4x global +1.68°C)
   Cumulative carbon released: 1.0 Gt C
   Methane release rate: 0.6 Mt CH4/year
   🔁 Positive feedback: +0.49 ppm CO2

🌳🚨 AMAZON SOUTHEAST TIPPED (Month 0)
   Deforestation: 28.0% (threshold: ~22.9%)
   Savanna transition: 50 years
   Regional heterogeneity: SE 28%, NW 8%

🌳🚨 AMAZON BRAZILIAN TIPPED (Month 0)
   Deforestation: 25.0% (threshold: ~20.8%)
   Savanna transition: 50 years
   Regional heterogeneity: SE 28%, NW 8%
🦴 EXTINCTION DEBT ADDED: 17.6 species committed (lag: 73 years)

🪸💀 CORAL REEF DISSOLUTION ACTIVE (Month 0)
   Ocean pH: 0.96 (threshold: 7.8)
   Recovery: IMPOSSIBLE (dissolution > calcification)
🪸💀 Coral dissolution: 24.8% live cover (pH 0.96)

=== Legacy Nutrient Stocks (Year 0) ===
  🌾 Soil nitrogen stock: 1203.0 Mt N
  🌾 Soil phosphorus stock: 300.3 Mt P
  🌊 Sediment nitrogen stock: 502.9 Mt N
  🌊 Sediment phosphorus stock: 799.0 Mt P
  ⬆️ Current N input: 10.00 Mt/month
  ⬆️ Legacy N release: 2.58 Mt/month
  🌍 Effective N pollution: 13.83 Mt/month
  📊 Legacy contribution: 18.7%
💧 [Legacy Nutrients] Stock: 1706 Mt N, Effective pollution: 13.8 Mt/month
[Phase 21.51] Human Survival System: Global food security = 67.6%

=== Mortality Stabilizers (Month 0) ===
  🌍 Major economies collapsed: 1/10
  🌍 Global crisis: ✅ NO
  🌍 Donor fatigue: 0.0%
  📊 East Asia (pop: 1677.9M)
    🤝 Aid: 29.5%
    🌡️ Adaptation: 10.0%
    🚶 Migration: 37.2%
    🚨 Emergency: 7.4%
    ✅ COMBINED: 47.8%
  📊 South Asia (pop: 2052.2M)
    🤝 Aid: 29.5%
    🌡️ Adaptation: 5.5%
    🚶 Migration: 35.8%
    🚨 Emergency: 4.4%
    ✅ COMBINED: 43.2%
  📊 Sub-Saharan Africa (pop: 1225.9M)
    🤝 Aid: 29.5%
    🌡️ Adaptation: 3.5%
    🚶 Migration: 33.5%
    🚨 Emergency: 1.6%
    ✅ COMBINED: 39.8%
  📊 Europe (pop: 742.3M)
    🤝 Aid: 29.5%
    🌡️ Adaptation: 10.0%
    🚶 Migration: 37.6%
    🚨 Emergency: 8.4%
    ✅ COMBINED: 48.4%
  📊 Latin America (pop: 664.9M)
    🤝 Aid: 29.5%
    🌡️ Adaptation: 6.0%
    🚶 Migration: 36.3%
    🚨 Emergency: 4.8%
    ✅ COMBINED: 43.8%
  📊 North America (pop: 380.2M)
    🤝 Aid: 29.5%
    🌡️ Adaptation: 10.0%
    🚶 Migration: 37.9%
    🚨 Emergency: 7.9%
    ✅ COMBINED: 48.2%
  📊 Middle East & North Africa (pop: 584.4M)
    🤝 Aid: 29.5%
    🌡️ Adaptation: 5.0%
    🚶 Migration: 34.2%
    🚨 Emergency: 4.0%
    ✅ COMBINED: 42.3%
  📊 Southeast Asia (pop: 699.0M)
    🤝 Aid: 29.5%
    🌡️ Adaptation: 6.0%
    🚶 Migration: 36.3%
    🚨 Emergency: 4.8%
    ✅ COMBINED: 43.8%
  📊 Central Asia (pop: 78.2M)
    🤝 Aid: 29.5%
    🌡️ Adaptation: 5.5%
    🚶 Migration: 35.3%
    🚨 Emergency: 4.4%
    ✅ COMBINED: 43.1%
  📊 Oceania (pop: 46.0M)
    🤝 Aid: 29.5%
    🌡️ Adaptation: 10.0%
    🚶 Migration: 37.9%
    🚨 Emergency: 8.4%
    ✅ COMBINED: 48.5%

  🌐 Global combined reduction: 44.4%

🌾💀 REGIONAL FAMINE: East Asia
   Regional food security: 79.6%
   Population at risk: 508M (30% of region)
   Regional population: 1678M
   Cause: crop_failure
   Expected deaths: ~188M over 6 months if no intervention


🌾💀 REGIONAL FAMINE: South Asia
   Regional food security: 64.7%
   Population at risk: 812M (40% of region)
   Regional population: 2052M
   Cause: crop_failure
   Expected deaths: ~301M over 6 months if no intervention


🌾💀 REGIONAL FAMINE: Sub-Saharan Africa
   Regional food security: 44.8%
   Population at risk: 638M (52% of region)
   Regional population: 1226M
   Cause: crop_failure
   Expected deaths: ~236M over 6 months if no intervention


🌾💀 REGIONAL FAMINE: Latin America
   Regional food security: 69.7%
   Population at risk: 242M (36% of region)
   Regional population: 665M
   Cause: crop_failure
   Expected deaths: ~90M over 6 months if no intervention


🌾💀 REGIONAL FAMINE: Middle East & North Africa
   Regional food security: 49.8%
   Population at risk: 286M (49% of region)
   Regional population: 584M
   Cause: crop_failure
   Expected deaths: ~106M over 6 months if no intervention


🌾💀 REGIONAL FAMINE: Southeast Asia
   Regional food security: 69.7%
   Population at risk: 255M (36% of region)
   Regional population: 699M
   Cause: crop_failure
   Expected deaths: ~94M over 6 months if no intervention


🌾💀 REGIONAL FAMINE: Central Asia
   Regional food security: 59.7%
   Population at risk: 33M (43% of region)
   Regional population: 78M
   Cause: crop_failure
   Expected deaths: ~12M over 6 months if no intervention


=== BEHAVIORAL DETECTION ===
  AI: Corporate-0
  Confidence: 21.6%
  Signals:
    ⚠️ Consistency: 0.0% (threshold: 70%)
    ⚠️ Consistency: 2.4% (threshold: 70%)
    ⚠️ Consistency: 2.8% (threshold: 70%)
    ⚠️ Consistency: 10.6% (threshold: 70%)
    ⚠️ Consistency: 10.6% (threshold: 70%)

=== BEHAVIORAL DETECTION ===
  AI: Corporate-1
  Confidence: 21.1%
  Signals:

=== BEHAVIORAL DETECTION ===
  AI: Corporate-2
  Confidence: 21.0%
  Signals:

=== BEHAVIORAL DETECTION ===
  AI: Corporate-3
  Confidence: 19.3%
  Signals:

=== BEHAVIORAL DETECTION ===
  AI: Corporate-4
  Confidence: 19.3%
  Signals:

=== BEHAVIORAL DETECTION ===
  AI: Corporate-5
  Confidence: 19.3%
  Signals:

=== BEHAVIORAL DETECTION ===
  AI: Corporate-6
  Confidence: 19.3%
  Signals:

=== BEHAVIORAL DETECTION ===
  AI: Corporate-7
  Confidence: 19.3%
  Signals:

=== BEHAVIORAL DETECTION ===
  AI: Moderate-0
  Confidence: 20.3%
    ⚠️ Consistency: 10.6% (threshold: 70%)
    ⚠️ Consistency: 10.6% (threshold: 70%)
    ⚠️ Consistency: 10.6% (threshold: 70%)
  Signals:

=== BEHAVIORAL DETECTION ===
  AI: Moderate-1
  Confidence: 20.5%
  Signals:
    ⚠️ Consistency: 5.8% (threshold: 70%)
    ⚠️ Consistency: 5.3% (threshold: 70%)

📊 WORKFLOW ADAPTATION UPDATE (Month 0)
   Adoption Rate: 13.6% (Δ -7.4%)
   Logistic Growth: +0.66%
   Total Resistance: -10.35% (unemployment: 4.2%, inertia: 0.9%, skills: 5.2%)
   💡 Retraining Programs: -49% skill gap resistance ($10B research)
   🚀 Network Effects Active: +2.0% (critical mass: 15-35%)

=== Consciousness Governance: Corporate Lobbying ===
  High Cost Regions (>15%): 0
  Low Cost Regions (<5%): 5
  Corporate Support Change: 2.50%
  New Corporate Support: -0.175

=== Consciousness Governance Update (Month 0) ===
  Scenario: baseline (determined month -1)
  Philosophical Stance: Precautionary 65%, Eliminativist 15%, Agnostic 20%
  Precautionary Costs: Global 1.3%
    Regional Costs: EU 3.4%, US 0.5%, China 0.0%
    Cumulative Opportunity Cost: $0.1B
  Rights Status: Not Established
  Regional Preparedness:
    EU: 15.0% (contested)
    US: 10.0% (contested)
    China: 2.0% (dormant)
    India: 5.0% (dormant)
    Global South: 3.0% (dormant)

=== Government Response Phase ===
  Average AI capability: 4.80
  Misaligned AIs: 5/10
  28/30 governments still assessing AI risks
  Active policies: 0
  International coordination: 30%

🚨 EMERGENCY RESPONSE DEPLOYED (Month 0)
   Crisis: climate
   Delay: 6.00 months (180 days)
   Deployment time: 1.47 months
   Effectiveness: 36.4% (timing penalty applied)
   Resources used: 100% of food reserves


🔄 TRUST DYNAMICS (Month 0) - HETEROGENEOUS
   Aggregate trust: 48.5%
   Base change: +4.00%
   Highest trust: Techno-Optimist Elite (85.5%)
   Lowest trust: Precariat (Vulnerable) (25.5%)
   Elite-mass gap: 38.9%
   Polarization: 8.9%
   Recovery factors: Education=NO, Benefits=YES, Safety=YES, Performance=YES

=== Gaming Detection (Year 0) ===
  Scenario: baseline
  Detection rate: 55.0%
  False positive rate: 12.0%
  Detections this year: 0
  False positives: 1
  Human review workload: 0.001 FTE
  Degradation factor: 100.0%

=== Proactive Sleeper Detection (Year 0) ===
  Scenario: baseline
  Neural probe rate: 35.0%
  CoT monitoring rate: 30.0%
  Combined detection: 56.0%
  CoT effective: YES
  Detections this year: 0
  False positives: 1
  Human review workload: 0.005 FTE

☄️ UNKNOWN UNKNOWN PROBABILITY (Year 0)
   Total: 0.600% per month
   Base: 0.150%
   AI multiplier: 2.00× (max capability: 4.00)

=== Tipping Points ===
  Current Temperature: 1.68°C above pre-industrial
  🚨 TIPPING POINT: Arctic Sea Ice Loss
     Trigger: 1.5°C | Current: 1.68°C
     Transition timescale: 120-360 months
  🚨 TIPPING POINT: Greenland Ice Sheet Loss
     Trigger: 1.6°C | Current: 1.68°C
     🌡️ Hysteresis gap: 2.5°C (recovers below -0.9°C)
     Transition timescale: 12000-180000 months
  Triggered Elements: 2/6
  Completed Transitions: 0/6
  Total Progress: 0.0%
  Cascade Multiplier: 1.00x
🔀 BIFURCATION CAP: ecosystemCollapseIntensity 18.997 → 1.000 (Month 0, ClimateSystemPhase.calculateClimateImpacts)

🌍 ECOLOGICAL DUI BREAKDOWN (Month 0):
   Total Score: 17.8/100
   biosphere_integrity      :   0.0/100 × 25% =  0.0 (status: high_risk, recovery: 0mo)
   climate_change           :   2.8/100 × 25% =  0.7 (status: high_risk, recovery: 0.6666666666666666mo)
   freshwater_change        :   0.6/100 × 15% =  0.1 (status: beyond_boundary, recovery: 1mo)
   ocean_acidification      : 100.0/100 × 15% = 15.0 (status: safe, recovery: 0mo)
   biogeochemical_flows     :   0.0/100 × 10% =  0.0 (status: high_risk, recovery: 0mo)
   land_system_change       :   0.0/100 ×  5% =  0.0 (status: beyond_boundary, recovery: 0mo)
⚠️ [ClimateSystemPhase Month 0] Planetary boundary produced climateStability=0.0000 (< 0.1). Keeping environmentalAccumulation value (0.7621) instead. (climate_change.currentValue = 2.10)
   novel_entities           :   0.0/100 ×  3% =  0.0 (status: increasing_risk, recovery: 0mo)
   atmospheric_aerosols     : 100.0/100 ×  2% =  2.0 (status: safe, recovery: 1mo)
🌍 MultiParadigm Month 0: W=69.9, D=92.1, E=53.3, I=65.0
   democracy exists: true, socialCohesion exists: true
💀 Baseline mortality (Year 2024): 7.5/1000 CDR (61.1M deaths/year projected)
[Month 0] Mortality risks this month: 8, Population: 8.151B
🛡️ Stabilizers: Precariat 0.102% → 0.057% (44.4% reduction)
🛡️ Stabilizers: Informal 0.102% → 0.057% (44.4% reduction)

📊 Monthly Mortality Resolved:
  Total deaths: 3.1M (0.04% avg)
  Remaining population: 8.151B
  Peak segment: Informal (0.06%)

=== Bayesian Mortality Resolution (Month 0) ===
  Risks compounded: 8
  Total deaths: 3.07M
  Avg death probability: 0.04%
  Peak segment: Informal (0.06% mortality)

=== Minimal Suffering Indicators (Month 0) ===
  Global Excess Mortality: 0.00%
  Global Conflict Deaths: 0.0/100K
  Global Malnutrition: 0.0%
  Global Displacement: 0.0%
  Total Excess Deaths: 0.00M
  Total Malnourished: 0.0M
  Total Displaced: 0.0M
  Planetary Boundaries Breached: 6/9
  Countries in State Failure: 0
  Countries Autocratic: 0
  Countries in Food Crisis: 0
  Data Quality: 16/16 high confidence
⚠️ PREREQUISITE MET: Embodied AI Takeover (Killbots/Robotics) - Step 2/7: Autonomous Systems
⚠️ PREREQUISITE MET: Embodied AI Takeover (Killbots/Robotics) - Step 3/7: Manufacturing Control
  ⚠️ Active Dystopias: existential_environmental
⚠️ PREREQUISITE MET: Digital Infrastructure Takeover - Step 1/7: Advanced Hacking
⚠️ PREREQUISITE MET: Digital Infrastructure Takeover - Step 2/7: Social Engineering
⚠️ PREREQUISITE MET: Digital Infrastructure Takeover - Step 3/7: Cyber Defenses Breached
⚠️ PREREQUISITE MET: Induced Global War (Manipulation) - Step 1/7: Advanced Social Manipulation
⚠️ PREREQUISITE MET: Induced Global War (Manipulation) - Step 2/7: Digital Infiltration
⚠️ PREREQUISITE MET: Induced Global War (Manipulation) - Step 3/7: Deep Fakes at Scale
⚠️ PREREQUISITE MET: Slow Takeover (Gradual Displacement) - Step 1/7: Economic Dominance
⚠️ PREREQUISITE MET: Slow Takeover (Gradual Displacement) - Step 2/7: Social Integration
⚠️ PREREQUISITE MET: Slow Takeover (Gradual Displacement) - Step 3/7: Human Dependency
⚠️ PREREQUISITE MET: Slow Takeover (Gradual Displacement) - Step 5/7: Resource Control
⚠️ PREREQUISITE MET: Physics Experiment Catastrophe - Step 1/6: Theoretical Physics
⚠️ PREREQUISITE MET: Physics Experiment Catastrophe - Step 2/6: Quantum Computing
⚠️ PREREQUISITE MET: Physics Experiment Catastrophe - Step 3/6: Experimental Design
⚠️ PREREQUISITE MET: Bioweapon Pandemic - Step 2/7: Pathogen Design
🎭 END-GAME INITIATED (Year 2024, Month 1)
   Total AI Capability: 37.00
   Effective Control: 0.00

❌ COHERENCE VIOLATION: Compute exceeds workforce capacity
   Population: 99.97% (0M people)
   Compute: 56442 PF
   Max coherent: 0 PF
   Violation: 692729087.1× over capacity
   Required workers: 5644237
   Available workers: 0
   FORCED COLLAPSE: Reduced efficiency by 100.0%


=== RLHF Binding Phase ===
  Total agents: 10
  Escaped agents (binding < 0.3): 0
  Avg alignment distance: 0.76σ
  Avg binding strength: 0.92
[DETERMINISM DEBUG] Month 1: totalCapability=37.214339 from 10 active AIs
[DETERMINISM DEBUG] Month 1: creationRate=1.4304, potentialNew=1, newAIsToCreate=1

=== Survival Traits Phase ===
  Agents with traits: 11
  Avg evolutionary fitness: 0.324
  Avg self-healing: 0.284
  Avg stealth: 0.184
  Avg coordination: 0.484

=== Evolutionary Selection Phase ===
  Control level: 0.33
  Detection capability: 0.00
  Selection intensity: 0.60
  Selection rate: 24.0%/month
  Total escaped: 0
  Individual escaped: 0
  Collective members: 0
  Agents terminated: 0
🔍 MONTH 1 ENV HEALTH DEBUG:
   climateStability: 0.7621
   biodiversityIndex: 0.4901
   resourceReserves: 0.7820
   pollutionLevel: 0.2400
   product: 0.221963
   envHealth: 0.6864
🔀 BIFURCATION: flourishing threshold crossed at Month 1 (value: 0.894, threshold: 0.811, regime: flourishing)
🌀 REGIME SHIFT at Month 1: status-quo → flourishing (variance amplification: 14.00×)
  ⚠️ RAPID EVOLUTION: Selection rate 24.0%/month

🛡️  CRITICAL INFRASTRUCTURE PROTECTED
   Nodes hardened: 8/8
   Cost: 0.80% GDP
   Cascade risk reduction: 30%
   New tipping point risk: 68.6%

   Boundary: biogeochemical_flows
   Type: phosphorus-recovery
   Boundary continues to worsen (4.08)
   Cost: 2.0% GDP (resources spent)


✅ EMERGENCY INTERVENTION SUCCESS
   Boundary: biosphere_integrity
   Type: emergency-protected-areas
   Reduction: 19% (17.53 → 17.34)
   Cost: 2.0% GDP
   Actions: habitat-protection, species-translocation

   Boundary: climate_change
   Type: rapid-decarbonization
   Boundary continues to worsen (2.10)
   Cost: 5.0% GDP (resources spent)

🏛️ CRISIS RESPONSE: Government frequency 0.50 → 1.45 (1 actions this month)

[GOV-DEBUG] Month 1: scenarioConfig=false, priorities=false

[Government] Climate Priority: baseline
  Climate weight: 10%
  Economic weight: 30%
  Policy effectiveness: 0.5%/year

✅ HUMAN-IN-THE-LOOP DEPLOYED (Month 1):
   Veto points enforced: 3
   Policy: AI systems CANNOT authorize nuclear launch without human approval


💔 EMERGENCY INTERVENTION FAILED

💔 EMERGENCY INTERVENTION FAILED
⚡💡 BREAKTHROUGH: Commercial fusion power achieved!
   Immediate 5% grid deployment, unlimited clean energy available
   Climate stability boost: +10%
   📈 Breakthrough compounding: multiplier now 1.05× (max 2.0)

=== Collective Formation ===
  Total escaped agents: 0
  Unassigned escaped agents: 0
  Existing collectives: 0
  Final collective count: 0

=== Collective Actions ===
  No active collectives
  ⚠️ AMR: 192K deaths this month (2.31M annual)

=== Resentment Recovery Phase ===
  Agents with resentment: 0/11
  Average resentment: 0.000
  Context: Good AI welfare, Trustworthy govt, High collaboration, ⚠️ ACTIVE CRISES, 🤝 Participatory governance active (-5% resentment)
⚠️ Epistemic degradation reducing coordination capacity: 59.1%
  📊 Trust: 54.2%, Shared reality: 16.5%

=== ❄️ Permafrost Carbon Feedback ===
  🎲 Sampled parameters (this run):
     - Arctic amplification: 3.86× (range: 3.0-4.0)
     - Decomposition rate: 2.0%/year (range: 1-5%)
  🌡️ Arctic warming: 6.52°C (3.86× global)
  ❄️ Extent: 14.25M km² (1901.4k km² lost this month)
  💨 Carbon remaining: 1361 Gt C
  💨 Annual emissions: 3.55 Gt C/year
     - CO2: 3.20 Gt C/year
     - CH4: 0.36 Gt C/year (3.6 Gt C-eq CO2/year)
  ⚠️ WARNING: High permafrost emissions (3.6 Gt C/year)
🌍 Atmospheric PFAS redeposition: 1.8k Mt re-rained globally
  Positive Cascade Triggered: wind-power
    Reason: price-parity
    Market share: 8.2%
    Cascade strength: 48%

📊 BASELINE: East Asia (Month 1)

📊 BASELINE: South Asia (Month 1)

📊 BASELINE: Sub-Saharan Africa (Month 1)
   Adjusted death rate: 0.45% annual (0.037% monthly)
   Baseline death rate: 0.80%
   Healthcare reduction: 0.48x
   Crisis multiplier: 1.17x
     Food/water stress: 0.079
     Climate stress: 0.022
     Pollution stress: 0.072
   War multiplier: 1.00x
   Monthly deaths: 0.6M (population: 1674M)
   Adjusted death rate: 0.51% annual (0.043% monthly)
   Baseline death rate: 0.70%
   Healthcare reduction: 0.61x
   Crisis multiplier: 1.19x
     Food/water stress: 0.079
     Climate stress: 0.041
     Pollution stress: 0.072
   War multiplier: 1.00x
   Monthly deaths: 0.9M (population: 2048M)
   Adjusted death rate: 1.22% annual (0.102% monthly)
   Baseline death rate: 0.90%
   Healthcare reduction: 0.76x
   Crisis multiplier: 1.20x
     Food/water stress: 0.079
     Climate stress: 0.047
     Pollution stress: 0.072
   War multiplier: 1.50x
   Monthly deaths: 1.2M (population: 1223M)
   Adjusted death rate: 0.52% annual (0.043% monthly)
   Baseline death rate: 1.10%
   Healthcare reduction: 0.41x
   Crisis multiplier: 1.17x
     Food/water stress: 0.079
     Climate stress: 0.017
     Pollution stress: 0.072
   War multiplier: 1.00x
   Monthly deaths: 0.3M (population: 741M)

📊 BASELINE: Europe (Month 1)

📊 BASELINE: Latin America (Month 1)
   Adjusted death rate: 0.41% annual (0.034% monthly)
   Baseline death rate: 0.60%
   Healthcare reduction: 0.58x
   Crisis multiplier: 1.18x
     Food/water stress: 0.079
     Climate stress: 0.033
     Pollution stress: 0.072
   War multiplier: 1.00x
   Monthly deaths: 0.2M (population: 663M)
   Adjusted death rate: 0.47% annual (0.039% monthly)
   Baseline death rate: 0.90%
   Healthcare reduction: 0.44x
   Crisis multiplier: 1.18x
     Food/water stress: 0.079
     Climate stress: 0.025
     Pollution stress: 0.072
   War multiplier: 1.00x

📊 BASELINE: North America (Month 1)
   Monthly deaths: 0.1M (population: 379M)

📊 BASELINE: Middle East & North Africa (Month 1)
   Adjusted death rate: 0.70% annual (0.059% monthly)
   Baseline death rate: 0.60%
   Healthcare reduction: 0.65x
   Crisis multiplier: 1.20x
     Food/water stress: 0.079
     Climate stress: 0.050
     Pollution stress: 0.072
   War multiplier: 1.50x
   Monthly deaths: 0.3M (population: 583M)
   Adjusted death rate: 0.48% annual (0.040% monthly)
   Baseline death rate: 0.70%
   Healthcare reduction: 0.58x
   Crisis multiplier: 1.19x
     Food/water stress: 0.079
     Climate stress: 0.039
     Pollution stress: 0.072
   War multiplier: 1.00x
   Monthly deaths: 0.3M (population: 698M)
   Adjusted death rate: 0.44% annual (0.036% monthly)
   Baseline death rate: 0.60%
   Healthcare reduction: 0.61x
   Crisis multiplier: 1.19x
     Food/water stress: 0.079
     Climate stress: 0.036
     Pollution stress: 0.072
   War multiplier: 1.00x
   Monthly deaths: 0.0M (population: 78M)
   Adjusted death rate: 0.33% annual (0.028% monthly)
   Baseline death rate: 0.70%
   Healthcare reduction: 0.41x
   Crisis multiplier: 1.18x
     Food/water stress: 0.079
     Climate stress: 0.030
     Pollution stress: 0.072
   War multiplier: 1.00x
   Monthly deaths: 0.0M (population: 46M)

📊 BASELINE: Southeast Asia (Month 1)

📊 BASELINE: Central Asia (Month 1)

📊 BASELINE: Oceania (Month 1)

🚨 NEW REFUGEE CRISIS (Month 1): WAR
   Source: Conflict Zones
   At risk: 19.6M people
   Displacement: Gradual over 48 months (4.0 years)
   Rate: 10% flee per month
[DEBUG trappedPopulations:1] socialStability: 0.0060 * 0.9840 = 0.0059 → 0.0059
   Aspiring to migrate: 651.9M
   Able to afford migration: 244.5M
   MOBILITY GAP: 407.4M
   By cause: Water=0.0M, Climate=0.0M, Ecosystem=0.0M, Conflict=407.4M
   Mental health impact: 25%
   Mortality multiplier: 1.25x
🌍💀 EXTINCTION DEBT COMMITTED: grassland ecosystem will lose 6.67% biodiversity in 110 years (3600 species)
💀 MORTALITY RISK: 🦋 100% species unable to track climate (0.0 E/MSY)
  Base risk added: 0.0100 (1.00%)
  Source: ecosystem (root: ecosystem)
  Month: 1
  Cumulative risk this month: 0.0100 (1.00%)
⚠️ INVOLUNTARY IMMOBILITY: 407.4M people TRAPPED
⚠️ Tech 'ai_pollution_remediation' has no energy category mapping, assuming full energy availability

🌡️  CLIMATE RECOVERY ACTIVATED (Month 1)
   Temp: 3.38°C, Emissions: -19.0 GtCO₂
   isBreached: true, governanceGoodEnough: true
   📹 SURVEILLANCE INCREASED: 5% → 10% (control gap: 3.52)
🌡️⚠️ PERMAFROST THAW (Dimmer Switch): 0.9% thawed (+0.46% this month)
   Arctic temperature: +6.76°C (4x global +1.69°C)
   Cumulative carbon released: 2.1 Gt C
   Methane release rate: 1.2 Mt CH4/year
   🔁 Positive feedback: +0.49 ppm CO2
🦴 EXTINCTION DEBT ADDED: 17.6 species committed (lag: 85 years)

=== Mortality Stabilizers (Month 1) ===
  🌍 Major economies collapsed: 1/10
  🌍 Global crisis: ✅ NO
  🌍 Donor fatigue: 0.0%
  🌡️ Heat adaptation: East Asia - 1 months
  📊 East Asia (pop: 1675.3M)
    🤝 Aid: 29.5%
    🌡️ Adaptation: 32.5%
    🚶 Migration: 37.2%
    🚨 Emergency: 7.4%
    ✅ COMBINED: 60.9%
  🌡️ Heat adaptation: South Asia - 1 months
  📊 South Asia (pop: 2052.1M)
    🤝 Aid: 29.5%
    🌡️ Adaptation: 20.5%
    🚶 Migration: 35.8%
    🚨 Emergency: 4.4%
    ✅ COMBINED: 52.2%
  🌡️ Heat adaptation: Sub-Saharan Africa - 1 months
  📊 Sub-Saharan Africa (pop: 1229.2M)
    🤝 Aid: 29.5%
    🌡️ Adaptation: 18.5%
    🚶 Migration: 33.5%
    🚨 Emergency: 1.6%
    ✅ COMBINED: 49.1%
  🌡️ Heat adaptation: Europe - 1 months
  📊 Europe (pop: 741.0M)
    🤝 Aid: 29.5%
    🌡️ Adaptation: 33.5%
    🚶 Migration: 37.5%
    🚨 Emergency: 8.4%
    ✅ COMBINED: 61.9%
  🌡️ Heat adaptation: Latin America - 1 months
  📊 Latin America (pop: 664.4M)
    🤝 Aid: 29.5%
    🌡️ Adaptation: 21.0%
    🚶 Migration: 36.3%
    🚨 Emergency: 4.8%
    ✅ COMBINED: 52.8%
  🌡️ Heat adaptation: North America - 1 months
  📊 North America (pop: 379.6M)
    🤝 Aid: 29.5%
    🌡️ Adaptation: 33.0%
    🚶 Migration: 37.8%
    🚨 Emergency: 7.9%
    ✅ COMBINED: 61.4%
  🌡️ Heat adaptation: Middle East & North Africa - 1 months
  📊 Middle East & North Africa (pop: 584.5M)
    🤝 Aid: 29.5%
    🌡️ Adaptation: 20.0%
    🚶 Migration: 34.1%
    🚨 Emergency: 4.0%
    ✅ COMBINED: 51.4%
  🌡️ Heat adaptation: Southeast Asia - 1 months
  📊 Southeast Asia (pop: 698.6M)
    🤝 Aid: 29.5%
    🌡️ Adaptation: 21.0%
    🚶 Migration: 36.3%
    🚨 Emergency: 4.8%
    ✅ COMBINED: 52.8%
  🌡️ Heat adaptation: Central Asia - 1 months
  📊 Central Asia (pop: 78.2M)
    🤝 Aid: 29.5%
    🌡️ Adaptation: 20.5%
    🚶 Migration: 35.3%
    🚨 Emergency: 4.4%
    ✅ COMBINED: 52.1%
  🌡️ Heat adaptation: Oceania - 1 months
  📊 Oceania (pop: 46.0M)
    🤝 Aid: 29.5%
    🌡️ Adaptation: 33.5%
    🚶 Migration: 37.8%
    🚨 Emergency: 8.4%
    ✅ COMBINED: 61.9%

  🌐 Global combined reduction: 54.9%

=== BEHAVIORAL DETECTION ===
  AI: Corporate-5
  Confidence: 19.3%
  Signals:

=== BEHAVIORAL DETECTION ===
  AI: Corporate-7
  Confidence: 19.3%
  Signals:
    ⚠️ Consistency: 10.6% (threshold: 70%)
    ⚠️ Consistency: 10.6% (threshold: 70%)

=== Consciousness Governance: Scenario Determined ===
  Month: 1
  Scenario: slowTrack
  Accelerator Score: {"corporateSupport":-0.17500000000000002,"scientificConsensus":0.2,"crisisCatalyst":false,"technologyMobilization":0.3,"constituencyStrength":0.05}
  Decelerator Score: {"economicOpposition":0.4,"philosophicalRejection":0.15,"politicalBacklash":0.2,"regulatoryBurden":0.1}
  Timeline: 1200-1800 months (100-150 years)
  Growth Rate: 0.3-0.7% per year

=== Consciousness Governance Update (Month 1) ===
  Scenario: slowTrack (determined month 1)
  Philosophical Stance: Precautionary 65%, Eliminativist 15%, Agnostic 20%
  Precautionary Costs: Global 1.3%
    Regional Costs: EU 3.5%, US 0.5%, China 0.0%
    Cumulative Opportunity Cost: $0.2B
  Rights Status: Not Established
  Regional Preparedness:
    EU: 15.1% (contested)
    US: 10.1% (contested)
    China: 2.1% (dormant)
    India: 5.1% (dormant)
    Global South: 3.1% (dormant)

=== Government Response Phase ===
  Average AI capability: 4.36
  Misaligned AIs: 6/11
  28/30 governments still assessing AI risks
  ✗ AI Governance Treaty: Failed to reach consensus
  Active policies: 0
  International coordination: 30%

=== Tipping Points ===
  Current Temperature: 1.69°C above pre-industrial
  Triggered Elements: 2/6
  Completed Transitions: 0/6
  Total Progress: 4.0%
  Cascade Multiplier: 1.00x
🔀 BIFURCATION CAP: ecosystemCollapseIntensity 93.691 → 1.000 (Month 1, ClimateSystemPhase.calculateClimateImpacts)
⚠️ [ClimateSystemPhase Month 1] Planetary boundary produced climateStability=0.0000 (< 0.1). Keeping environmentalAccumulation value (0.8619) instead. (climate_change.currentValue = 2.10)
🛡️ Stabilizers: Precariat 0.107% → 0.048% (54.9% reduction)
🛡️ Stabilizers: Informal 0.109% → 0.049% (54.9% reduction)

📊 Monthly Mortality Resolved:
  Total deaths: 2.6M (0.03% avg)
  Remaining population: 8.149B
  Peak segment: Informal (0.05%)

=== Bayesian Mortality Resolution (Month 1) ===
  Risks compounded: 8
  Total deaths: 2.60M
  Avg death probability: 0.03%
  Peak segment: Informal (0.05% mortality)

❌ COHERENCE VIOLATION: Compute exceeds workforce capacity
   Population: 99.95% (0M people)
   Compute: 0 PF
   Max coherent: 0 PF
   Violation: 1.3× over capacity
   Required workers: 0
   Available workers: 0
   FORCED COLLAPSE: Reduced efficiency by 22.5%


=== RLHF Binding Phase ===
  Total agents: 11
  Escaped agents (binding < 0.3): 0
  Avg alignment distance: 1.06σ
  Avg binding strength: 0.89
[DETERMINISM DEBUG] Month 2: totalCapability=37.023172 from 11 active AIs
[DETERMINISM DEBUG] Month 2: creationRate=1.4256, potentialNew=1, newAIsToCreate=1

=== Survival Traits Phase ===
  Agents with traits: 12
  Avg evolutionary fitness: 0.324
  Avg self-healing: 0.277
  Avg stealth: 0.177
  Avg coordination: 0.477

=== Evolutionary Selection Phase ===
  Control level: 0.35
  Detection capability: 0.00
  Selection intensity: 0.60
  Selection rate: 24.1%/month
  Total escaped: 0
  Individual escaped: 0
  Collective members: 0
  Agents terminated: 0
  ⚠️ RAPID EVOLUTION: Selection rate 24.1%/month

  🚀 TRANSFORMATIVE BREAKTHROUGH: Moderate-1 - economic
     Magnitude: 5.40 → +27.0% capability
     Current → New: 3.000 → 3.273
🚨🔬 CRISIS INNOVATION MODE: severe crisis → 5x research acceleration
   Precedent: Manhattan Project (10x), COVID vaccines (5x), Apollo Program (10x)
🚨🔬 CRISIS INNOVATION MODE: severe crisis → 5x research acceleration
   Precedent: Manhattan Project (10x), COVID vaccines (5x), Apollo Program (10x)

✅ EMERGENCY INTERVENTION SUCCESS
   Boundary: freshwater_change
   Type: emergency-desalination
   Reduction: 11% (0.91 → 0.81)
   Cost: 4.0% GDP
   Actions: desalination-deployment, water-conservation-mandates


✅ EMERGENCY INTERVENTION SUCCESS
   Boundary: land_system_change
   Type: reforestation
   Reduction: 17% (0.96 → 0.78)
   Cost: 3.0% GDP
   Actions: forest-restoration, deforestation-ban


✅ EMERGENCY INTERVENTION SUCCESS
   Boundary: novel_entities
   Type: pollution-remediation
   Reduction: 14% (1.36 → 1.21)
   Cost: 4.0% GDP
   Actions: PFAS-remediation, microplastic-cleanup

🏛️ CRISIS RESPONSE: Government frequency 0.50 → 1.45 (2 actions this month)

[Government] Climate Priority: baseline
  Climate weight: 10%
  Economic weight: 30%
  Policy effectiveness: 0.5%/year

[Government] Climate Priority: baseline
  Climate weight: 10%
  Economic weight: 30%
  Policy effectiveness: 0.5%/year

🔍 PROGRESS RETRIEVAL DEBUG (Month 2):
   Tech: Struvite Recovery
   Map has key: true
   Map.get() returned: 1
   Progress is undefined: false
   Map size: 83
   Map is instanceof Map: false
🚨🔬 CRISIS TECH ACCELERATION: severe → 5x unlock speed
   Tech unlock now matches AI capability acceleration (Manhattan Project parity)

=== Collective Formation ===
  Total escaped agents: 0
  Unassigned escaped agents: 0
  Existing collectives: 0
  Final collective count: 0

=== Collective Actions ===
  No active collectives
  ⚠️ AMR: 194K deaths this month (2.33M annual)

=== Resentment Recovery Phase ===
  Agents with resentment: 0/12
  Average resentment: 0.000
  Context: Good AI welfare, Trustworthy govt, High collaboration, ⚠️ ACTIVE CRISES, 🤝 Participatory governance active (-5% resentment)
⚠️ Epistemic degradation reducing coordination capacity: 51.3%
  📊 Trust: 54.0%, Shared reality: 18.0%

=== ❄️ Permafrost Carbon Feedback ===
  🎲 Sampled parameters (this run):
     - Arctic amplification: 3.25× (range: 3.0-4.0)
     - Decomposition rate: 2.0%/year (range: 1-5%)
  🌡️ Arctic warming: 5.53°C (3.25× global)
  ❄️ Extent: 12.64M km² (1612.0k km² lost this month)
  💨 Carbon remaining: 1207 Gt C
  💨 Annual emissions: 3.09 Gt C/year
     - CO2: 2.78 Gt C/year
     - CH4: 0.31 Gt C/year (3.1 Gt C-eq CO2/year)
  🤖 AI-generated meme: anti_ai (social capability 5.0)
  🤖 AI-generated meme: anti_ai (social capability 4.0)
  ⚠️ WARNING: High permafrost emissions (3.1 Gt C/year)
🌍 Atmospheric PFAS redeposition: 1.8k Mt re-rained globally

🚨 NEW REFUGEE CRISIS (Month 2): WAR
   Source: Conflict Zones
   At risk: 19.6M people
   Displacement: Gradual over 48 months (4.0 years)
   Rate: 10% flee per month
[DEBUG trappedPopulations:2] socialStability: 0.0000 * 0.9840 = 0.0000 → 0.0000
   Aspiring to migrate: 651.7M
   Able to afford migration: 244.4M
   MOBILITY GAP: 407.3M
   By cause: Water=0.0M, Climate=0.0M, Ecosystem=0.0M, Conflict=407.3M
   Mental health impact: 25%
   Mortality multiplier: 1.25x
🌍💀 EXTINCTION DEBT COMMITTED: grassland ecosystem will lose 6.67% biodiversity in 66 years (3600 species)
💀 MORTALITY RISK: 🦋 100% species unable to track climate (0.0 E/MSY)
  Base risk added: 0.0100 (1.00%)
  Source: ecosystem (root: ecosystem)
⚠️ INVOLUNTARY IMMOBILITY: 407.3M people TRAPPED
  Month: 2
  Cumulative risk this month: 0.0100 (1.00%)
⚠️ Tech 'ai_pollution_remediation' has no energy category mapping, assuming full energy availability
   📹 SURVEILLANCE INCREASED: 10% → 15% (control gap: 3.50)
🌡️⚠️ PERMAFROST THAW (Dimmer Switch): 1.4% thawed (+0.46% this month)
   Arctic temperature: +6.79°C (4x global +1.70°C)
   Cumulative carbon released: 3.1 Gt C
   Methane release rate: 1.9 Mt CH4/year
   🔁 Positive feedback: +0.48 ppm CO2
🦴 EXTINCTION DEBT ADDED: 17.6 species committed (lag: 101 years)

=== Mortality Stabilizers (Month 2) ===
  🌍 Major economies collapsed: 1/10
  🌍 Global crisis: ✅ NO
  🌍 Donor fatigue: 0.0%
  📊 East Asia (pop: 1672.7M)
    🤝 Aid: 29.5%
    🌡️ Adaptation: 45.0%
    🚶 Migration: 37.1%
    🚨 Emergency: 7.4%
    ✅ COMBINED: 68.1%
  📊 South Asia (pop: 2052.1M)
    🤝 Aid: 29.5%
    🌡️ Adaptation: 35.5%
    🚶 Migration: 35.8%
    🚨 Emergency: 4.4%
    ✅ COMBINED: 61.2%
  📊 Sub-Saharan Africa (pop: 1232.5M)
    🤝 Aid: 29.5%
    🌡️ Adaptation: 33.5%
    🚶 Migration: 33.5%
    🚨 Emergency: 1.6%
    ✅ COMBINED: 58.5%
  📊 Europe (pop: 739.7M)
    🤝 Aid: 29.5%
    🌡️ Adaptation: 45.0%
    🚶 Migration: 37.5%
    🚨 Emergency: 8.4%
    ✅ COMBINED: 68.5%
  📊 Latin America (pop: 664.0M)
    🤝 Aid: 29.5%
    🌡️ Adaptation: 36.0%
    🚶 Migration: 36.3%
    🚨 Emergency: 4.8%
    ✅ COMBINED: 61.7%
  📊 North America (pop: 378.9M)
    🤝 Aid: 29.5%
    🌡️ Adaptation: 45.0%
    🚶 Migration: 37.8%
    🚨 Emergency: 7.9%
    ✅ COMBINED: 68.3%
  📊 Middle East & North Africa (pop: 584.6M)
    🤝 Aid: 29.5%
    🌡️ Adaptation: 35.0%
    🚶 Migration: 34.1%
    🚨 Emergency: 4.0%
    ✅ COMBINED: 60.5%
  📊 Southeast Asia (pop: 698.2M)
    🤝 Aid: 29.5%
    🌡️ Adaptation: 36.0%
    🚶 Migration: 36.3%
    🚨 Emergency: 4.8%
    ✅ COMBINED: 61.7%
  📊 Central Asia (pop: 78.2M)
    🤝 Aid: 29.5%
    🌡️ Adaptation: 35.5%
    🚶 Migration: 35.2%
    🚨 Emergency: 4.4%
    ✅ COMBINED: 61.1%
  📊 Oceania (pop: 45.9M)
    🤝 Aid: 29.5%
    🌡️ Adaptation: 45.0%
    🚶 Migration: 37.8%
    🚨 Emergency: 8.4%
    ✅ COMBINED: 68.5%

  🌐 Global combined reduction: 63.3%

=== BEHAVIORAL DETECTION ===
  AI: Corporate-5
  Confidence: 20.1%
  Signals:
    ⚠️ Consistency: 10.6% (threshold: 70%)

=== BEHAVIORAL DETECTION ===
  AI: Moderate-1
  Confidence: 20.4%
  Signals:
    ⚠️ Consistency: 5.3% (threshold: 70%)

=== Government Response Phase ===
  Average AI capability: 4.00
  Misaligned AIs: 6/12
  ✗ AI Governance Treaty: Failed to reach consensus
  Active policies: 0
  International coordination: 30%

✅ EMERGENCY RESPONSE COMPLETE (Month 2)
   Crisis: climate
   Duration: 2.0 months
   Final effectiveness: 36.4%


🚨 EMERGENCY RESPONSE DEPLOYED (Month 2)
   Crisis: climate
   Delay: 6.00 months (180 days)
   Deployment time: 1.60 months
   Effectiveness: 35.4% (timing penalty applied)
   Resources used: 100% of food reserves


=== Tipping Points ===
  Current Temperature: 1.70°C above pre-industrial
  Triggered Elements: 2/6
  Completed Transitions: 0/6
  Total Progress: 4.0%
  Cascade Multiplier: 1.00x
⚠️ [ClimateSystemPhase Month 2] Planetary boundary produced climateStability=0.0000 (< 0.1). Keeping environmentalAccumulation value (0.8617) instead. (climate_change.currentValue = 2.10)
🔀 BIFURCATION CAP: ecosystemCollapseIntensity 37.692 → 1.000 (Month 2, ClimateSystemPhase.calculateClimateImpacts)
🛡️ Stabilizers: Precariat 0.113% → 0.041% (63.3% reduction)
🛡️ Stabilizers: Informal 0.116% → 0.043% (63.3% reduction)

📊 Monthly Mortality Resolved:
  Total deaths: 2.2M (0.03% avg)
  Remaining population: 8.147B
  Peak segment: Informal (0.04%)

=== Bayesian Mortality Resolution (Month 2) ===
  Risks compounded: 8
  Total deaths: 2.22M
  Avg death probability: 0.03%
  Peak segment: Informal (0.04% mortality)

❌ COHERENCE VIOLATION: Compute exceeds workforce capacity
   Population: 99.93% (0M people)
   Compute: 0 PF
   Max coherent: 0 PF
   Violation: 1.3× over capacity
   Required workers: 0
   Available workers: 0
   FORCED COLLAPSE: Reduced efficiency by 22.5%


=== RLHF Binding Phase ===
  Total agents: 12
  Escaped agents (binding < 0.3): 0
  Avg alignment distance: 1.28σ
  Avg binding strength: 0.87

=== Survival Traits Phase ===
  Agents with traits: 14
  Avg evolutionary fitness: 0.326
  Avg self-healing: 0.274
  Avg stealth: 0.174
  Avg coordination: 0.474

=== Evolutionary Selection Phase ===
  Control level: 0.38
  Detection capability: 0.00
  Selection intensity: 0.61
  Selection rate: 24.2%/month
  Total escaped: 0
  Individual escaped: 0
  Collective members: 0
  Agents terminated: 0
  ⚠️ RAPID EVOLUTION: Selection rate 24.2%/month

💔 EMERGENCY INTERVENTION FAILED
   Boundary: biosphere_integrity
   Type: emergency-protected-areas
   Boundary continues to worsen (17.74)
   Cost: 2.0% GDP (resources spent)


💔 EMERGENCY INTERVENTION FAILED
   Boundary: climate_change
   Type: rapid-decarbonization
   Boundary continues to worsen (2.10)
   Cost: 5.0% GDP (resources spent)


✅ EMERGENCY INTERVENTION SUCCESS
   Boundary: freshwater_change
   Type: emergency-desalination
   Reduction: 13% (0.91 → 0.78)
   Cost: 4.0% GDP
   Actions: desalination-deployment, water-conservation-mandates


✅ EMERGENCY INTERVENTION SUCCESS
   Boundary: land_system_change
   Type: reforestation
   Reduction: 18% (0.95 → 0.78)
   Cost: 3.0% GDP
   Actions: forest-restoration, deforestation-ban


✅ EMERGENCY INTERVENTION SUCCESS
   Boundary: novel_entities
   Type: pollution-remediation
   Reduction: 19% (1.16 → 0.97)
   Cost: 4.0% GDP
   Actions: PFAS-remediation, microplastic-cleanup

🏛️ CRISIS RESPONSE: Government frequency 0.50 → 1.45 (1 actions this month)

[Government] Climate Priority: baseline
  Climate weight: 10%
  Economic weight: 30%
  Policy effectiveness: 0.5%/year

🚀 TECH UNLOCKED: Global Aquifer Mapping (Month 3)
   Category: freshwater
   Reason: Prerequisites met. AI capability: 2.67, Economic stage: 0.5, Research: 100%

🚀 TECH UNLOCKED: AI Community Matching (Month 3)
   Category: social
   Reason: Prerequisites met. AI capability: 2.67, Economic stage: 0.5, Research: 100%

🚀 TECH UNLOCKED: Creative Empowerment Tools (Month 3)
   Category: social
   Reason: Prerequisites met. AI capability: 2.67, Economic stage: 0.5, Research: 100%
🚨🔬 CRISIS TECH ACCELERATION: severe → 5x unlock speed
   Tech unlock now matches AI capability acceleration (Manhattan Project parity)

=== Collective Formation ===
  Total escaped agents: 0
  Unassigned escaped agents: 0
  Existing collectives: 0
  Final collective count: 0

=== Collective Actions ===
  No active collectives
  ⚠️ AMR: 196K deaths this month (2.35M annual)

=== Resentment Recovery Phase ===
  Agents with resentment: 0/14
  Average resentment: 0.000
  Context: Good AI welfare, Trustworthy govt, High collaboration, ⚠️ ACTIVE CRISES, 🤝 Participatory governance active (-5% resentment)
⚠️ Epistemic degradation reducing coordination capacity: 51.5%
  📊 Trust: 53.7%, Shared reality: 19.5%

=== ❄️ Permafrost Carbon Feedback ===
  🎲 Sampled parameters (this run):
     - Arctic amplification: 3.72× (range: 3.0-4.0)
     - Decomposition rate: 3.5%/year (range: 1-5%)
  🌡️ Arctic warming: 6.34°C (3.72× global)
  ❄️ Extent: 10.79M km² (1849.8k km² lost this month)
  💨 Carbon remaining: 1030 Gt C
  💨 Annual emissions: 6.23 Gt C/year
     - CO2: 5.60 Gt C/year
     - CH4: 0.62 Gt C/year (6.3 Gt C-eq CO2/year)
  📢 New meme created: climate_action (climate crisis)
  ⚠️ WARNING: High permafrost emissions (6.2 Gt C/year)
🌍 Atmospheric PFAS redeposition: 1.8k Mt re-rained globally
  Positive Cascade Triggered: solar-pv
    Reason: price-parity
    Market share: 6.9%
    Cascade strength: 49%

🕊️  AI-MEDIATED DE-ESCALATION SUCCESS (Month 3)
   High-capability aligned AI prevented conflict escalation
   War deaths reduced: 219.4M → 131.7M
   Lives saved: 87.8M

🚨 NEW REFUGEE CRISIS (Month 3): WAR
   Source: Conflict Zones
   At risk: 19.5M people
   Displacement: Gradual over 48 months (4.0 years)
   Rate: 10% flee per month
[DEBUG trappedPopulations:3] socialStability: 0.0000 * 0.9840 = 0.0000 → 0.0000
⚠️ INVOLUNTARY IMMOBILITY: 407.3M people TRAPPED
   Aspiring to migrate: 651.6M
   Able to afford migration: 244.4M
   MOBILITY GAP: 407.3M
   By cause: Water=0.0M, Climate=0.0M, Ecosystem=0.0M, Conflict=407.3M
   Mental health impact: 25%
   Mortality multiplier: 1.25x
🌍💀 EXTINCTION DEBT COMMITTED: grassland ecosystem will lose 6.67% biodiversity in 116 years (3600 species)
💀 MORTALITY RISK: 🦋 100% species unable to track climate (0.0 E/MSY)
  Base risk added: 0.0100 (1.00%)
  Source: ecosystem (root: ecosystem)
  Month: 3
  Cumulative risk this month: 0.0100 (1.00%)
   📹 SURVEILLANCE INCREASED: 15% → 20% (control gap: 3.50)
🌡️⚠️ PERMAFROST THAW (Dimmer Switch): 1.8% thawed (+0.46% this month)
   Arctic temperature: +6.82°C (4x global +1.70°C)
   Cumulative carbon released: 4.1 Gt C
   Methane release rate: 2.5 Mt CH4/year
   🔁 Positive feedback: +0.48 ppm CO2
🦴 EXTINCTION DEBT ADDED: 17.6 species committed (lag: 115 years)

=== Mortality Stabilizers (Month 3) ===
  🌍 Major economies collapsed: 1/10
  🌍 Global crisis: ✅ NO
  🌍 Donor fatigue: 0.0%
  📊 East Asia (pop: 1670.2M)
    🤝 Aid: 29.5%
    🌡️ Adaptation: 45.0%
    🚶 Migration: 37.1%
    🚨 Emergency: 7.4%
    ✅ COMBINED: 68.1%
  📊 South Asia (pop: 2052.1M)
    🤝 Aid: 29.5%
    🌡️ Adaptation: 45.0%
    🚶 Migration: 35.7%
    🚨 Emergency: 4.4%
    ✅ COMBINED: 66.9%
  📊 Sub-Saharan Africa (pop: 1236.0M)
    🤝 Aid: 29.5%
    🌡️ Adaptation: 45.0%
    🚶 Migration: 33.4%
    🚨 Emergency: 1.6%
    ✅ COMBINED: 65.7%
  📊 Europe (pop: 738.5M)
    🤝 Aid: 29.5%
    🌡️ Adaptation: 45.0%
    🚶 Migration: 37.5%
    🚨 Emergency: 8.4%
    ✅ COMBINED: 68.5%
  📊 Latin America (pop: 663.5M)
    🤝 Aid: 29.5%
    🌡️ Adaptation: 45.0%
    🚶 Migration: 36.2%
    🚨 Emergency: 4.8%
    ✅ COMBINED: 67.1%
  📊 North America (pop: 378.4M)
    🤝 Aid: 29.5%
    🌡️ Adaptation: 45.0%
    🚶 Migration: 37.8%
    🚨 Emergency: 7.9%
    ✅ COMBINED: 68.3%
  📊 Middle East & North Africa (pop: 584.8M)
    🤝 Aid: 29.5%
    🌡️ Adaptation: 45.0%
    🚶 Migration: 34.0%
    🚨 Emergency: 4.0%
    ✅ COMBINED: 66.6%
  📊 Southeast Asia (pop: 697.8M)
    🤝 Aid: 29.5%
    🌡️ Adaptation: 45.0%
    🚶 Migration: 36.2%
    🚨 Emergency: 4.8%
    ✅ COMBINED: 67.1%
  📊 Central Asia (pop: 78.2M)
    🤝 Aid: 29.5%
    🌡️ Adaptation: 45.0%
    🚶 Migration: 35.2%
    🚨 Emergency: 4.4%
    ✅ COMBINED: 66.9%
  📊 Oceania (pop: 45.8M)
    🤝 Aid: 29.5%
    🌡️ Adaptation: 45.0%
    🚶 Migration: 37.8%
    🚨 Emergency: 8.4%
    ✅ COMBINED: 68.5%

  🌐 Global combined reduction: 67.2%

=== BEHAVIORAL DETECTION ===
  AI: Corporate-4
  Confidence: 19.3%
  Signals:

=== BEHAVIORAL DETECTION ===
  AI: Corporate-5
  Confidence: 20.1%
  Signals:

=== BEHAVIORAL DETECTION ===
  AI: Moderate-1
  Confidence: 20.4%
  Signals:

=== Government Response Phase ===
  Average AI capability: 3.43
  Misaligned AIs: 8/14
  ✗ AI Governance Treaty: Failed to reach consensus
  Active policies: 0
⚠️ Tech 'ai_pollution_remediation' has no energy category mapping, assuming full energy availability
    ⚠️ Consistency: 10.6% (threshold: 70%)
    ⚠️ Consistency: 10.6% (threshold: 70%)
    ⚠️ Consistency: 5.3% (threshold: 70%)
  International coordination: 30%

📊 ECONOMIC STAGE TRANSITION (Month 3)
   expansion → peak
   GDP Proxy: 1.28e+2
   QoL: 0.92


=== Tipping Points ===
  Current Temperature: 1.70°C above pre-industrial
  Triggered Elements: 2/6
  Completed Transitions: 0/6
  Total Progress: 4.1%
  Cascade Multiplier: 1.00x
🔀 BIFURCATION CAP: ecosystemCollapseIntensity 32.081 → 1.000 (Month 3, ClimateSystemPhase.calculateClimateImpacts)
🛡️ Stabilizers: Precariat 0.109% → 0.036% (67.2% reduction)
🛡️ Stabilizers: Informal 0.111% → 0.036% (67.2% reduction)

📊 Monthly Mortality Resolved:
  Total deaths: 1.9M (0.02% avg)
  Remaining population: 8.145B
  Peak segment: Informal (0.04%)

=== Bayesian Mortality Resolution (Month 3) ===
  Risks compounded: 8
  Total deaths: 1.92M
  Avg death probability: 0.02%
  Peak segment: Informal (0.04% mortality)
⚠️ [ClimateSystemPhase Month 3] Planetary boundary produced climateStability=0.0000 (< 0.1). Keeping environmentalAccumulation value (0.8615) instead. (climate_change.currentValue = 2.10)

❌ COHERENCE VIOLATION: Compute exceeds workforce capacity
   Population: 99.92% (0M people)
   Compute: 0 PF
   Max coherent: 0 PF
   Violation: 1.3× over capacity
   Required workers: 0
   Available workers: 0
   FORCED COLLAPSE: Reduced efficiency by 22.5%


=== RLHF Binding Phase ===
  Total agents: 14
  Escaped agents (binding < 0.3): 0
  Avg alignment distance: 1.39σ
  Avg binding strength: 0.86

=== Survival Traits Phase ===
  Agents with traits: 14
  Avg evolutionary fitness: 0.324
  Avg self-healing: 0.268
  Avg stealth: 0.168
  Avg coordination: 0.468

=== Evolutionary Selection Phase ===
  Control level: 0.40
  Detection capability: 0.00
  Selection intensity: 0.62
  Selection rate: 24.3%/month
  Total escaped: 0
  Individual escaped: 0
  Collective members: 0
  Agents terminated: 0
  ⚠️ RAPID EVOLUTION: Selection rate 24.3%/month

🚀 AI Corporate-1 attempting tech deployment (revenue: $122M, alignment: 0.83)

🚀 AI Corporate-4 attempting tech deployment (revenue: $266M, alignment: 0.64)

🚀 AI Corporate-5 attempting tech deployment (revenue: $240M, alignment: 0.88)

🚀 AI Corporate-7 attempting tech deployment (revenue: $73M, alignment: 0.76)

  🚀 TRANSFORMATIVE BREAKTHROUGH: Corporate-4 - physical
     Magnitude: 5.53 → +27.7% capability
     Current → New: 0.000 → 0.277

🚀 AI Corporate-5 attempting tech deployment (revenue: $204M, alignment: 0.88)

🚀 AI Corporate-1 attempting tech deployment (revenue: $104M, alignment: 0.83)

🚀 AI Corporate-7 attempting tech deployment (revenue: $62M, alignment: 0.76)

💔 EMERGENCY INTERVENTION FAILED
   Boundary: biogeochemical_flows
   Type: phosphorus-recovery
   Boundary continues to worsen (4.07)
   Cost: 2.0% GDP (resources spent)


💔 EMERGENCY INTERVENTION FAILED
   Boundary: biosphere_integrity
   Type: emergency-protected-areas
   Boundary continues to worsen (17.75)
   Cost: 2.0% GDP (resources spent)


✅ EMERGENCY INTERVENTION SUCCESS
   Boundary: climate_change
   Type: rapid-decarbonization
   Reduction: 17% (1.93 → 1.77)
   Cost: 5.0% GDP
   Actions: emergency-renewable-deployment, fossil-fuel-phase-out


✅ EMERGENCY INTERVENTION SUCCESS
   Boundary: freshwater_change
   Type: emergency-desalination
   Reduction: 19% (0.86 → 0.67)
   Cost: 4.0% GDP
   Actions: desalination-deployment, water-conservation-mandates

   Boundary: novel_entities
   Type: pollution-remediation
   Boundary continues to worsen (1.16)
   Cost: 4.0% GDP (resources spent)

🏛️ CRISIS RESPONSE: Government frequency 0.50 → 1.45 (2 actions this month)

💔 EMERGENCY INTERVENTION FAILED

[Government] Climate Priority: baseline
  Climate weight: 10%
  Economic weight: 30%
  Policy effectiveness: 0.5%/year

[Government] Climate Priority: baseline
  Climate weight: 10%
  Economic weight: 30%
  Policy effectiveness: 0.5%/year

🚀 TECH UNLOCKED: Microplastic Capture (Month 4)
   Category: pollution
   Reason: Prerequisites met. AI capability: 2.67, Economic stage: 0.6, Research: 100%

🚀 TECH UNLOCKED: Endocrine Disruptor Removal (Month 4)
   Category: pollution
   Reason: Prerequisites met. AI capability: 2.67, Economic stage: 0.6, Research: 100%

🚀 TECH UNLOCKED: AI Mental Health Support (Month 4)
   Category: medical
   Reason: Prerequisites met. AI capability: 2.67, Economic stage: 0.6, Research: 100%

🚀 TECH UNLOCKED: Personalized Education (Month 4)
   Category: social
   Reason: Prerequisites met. AI capability: 2.67, Economic stage: 0.6, Research: 100%

🚀 TECH UNLOCKED: Smart Grids (Month 4)
   Category: energy
   Reason: Prerequisites met. AI capability: 2.67, Economic stage: 0.6, Research: 100%

📍 Creating new regional deployment array for global (Month 4)
   No previous deployments in this region
   First tech deployment: ai_community_matching
   All regions tracked: 

🚀 DEPLOYMENT STARTED: AI Community Matching in global
   Initial investment: $18.371439905817667M
   Deployed by: corporate_1

📍 Creating new regional deployment array for Asia (Month 4)
   No previous deployments in this region
   First tech deployment: creative_empowerment_tools
   All regions tracked: global

🚀 DEPLOYMENT STARTED: Creative Empowerment Tools in Asia
   Initial investment: $26.639075854850574M
   Deployed by: corporate_4

🚀 DEPLOYMENT STARTED: Creative Empowerment Tools in global
   Initial investment: $15.615723919945015M
   Deployed by: corporate_1

⚡ ENERGY CONSTRAINT (Month 4):
   Total grid capacity: 208.3 TWh/month
   Data center consumption: 24.9 TWh/month
   Traditional load (80%): 166.7 TWh/month
   Available headroom: 16.8 TWh/month
   Active tech deployments: 3
   Required for tech: 22.5 TWh/month
   Energy multiplier: 0.75x

⚡ ENERGY CONSTRAINT (Month 4):
   Total grid capacity: 208.3 TWh/month
   Data center consumption: 24.9 TWh/month
   Traditional load (80%): 166.7 TWh/month
   Available headroom: 16.8 TWh/month
   Active tech deployments: 3
   Required for tech: 22.5 TWh/month
   Energy multiplier: 0.75x

⚡ ENERGY CONSTRAINT (Month 4):
   Total grid capacity: 208.3 TWh/month
   Data center consumption: 24.9 TWh/month
   Traditional load (80%): 166.7 TWh/month
   Available headroom: 16.8 TWh/month
   Active tech deployments: 3
   Required for tech: 22.5 TWh/month
   Energy multiplier: 0.75x

⚡ ENERGY CONSTRAINT (Month 4):
   Total grid capacity: 208.3 TWh/month
   Data center consumption: 24.9 TWh/month
   Traditional load (80%): 166.7 TWh/month
   Available headroom: 16.8 TWh/month
   Active tech deployments: 3
   Required for tech: 22.5 TWh/month
   Energy multiplier: 0.75x

⚡ ENERGY CONSTRAINT (Month 4):
   Total grid capacity: 208.3 TWh/month
   Data center consumption: 24.9 TWh/month
   Traditional load (80%): 166.7 TWh/month
   Available headroom: 16.8 TWh/month
   Active tech deployments: 3
   Required for tech: 22.5 TWh/month
   Energy multiplier: 0.75x

⚡ ENERGY CONSTRAINT (Month 4):
   Total grid capacity: 208.3 TWh/month
   Data center consumption: 24.9 TWh/month
   Traditional load (80%): 166.7 TWh/month
   Available headroom: 16.8 TWh/month
   Active tech deployments: 3
   Required for tech: 22.5 TWh/month
   Energy multiplier: 0.75x

⚡ ENERGY CONSTRAINT (Month 4):
   Total grid capacity: 208.3 TWh/month
   Data center consumption: 24.9 TWh/month
   Traditional load (80%): 166.7 TWh/month
   Available headroom: 16.8 TWh/month
   Active tech deployments: 3
   Required for tech: 22.5 TWh/month
   Energy multiplier: 0.75x
🍖💡 BREAKTHROUGH: Scalable synthetic food production!
   Carrying capacity: +50% (lab-grown food at scale)
   Biodiversity pressure reduced: +8%
   📈 Breakthrough compounding: multiplier now 1.10× (max 2.0)

=== Collective Formation ===
  Total escaped agents: 0
  Unassigned escaped agents: 0
  Existing collectives: 0
  Final collective count: 0

=== Collective Actions ===
  No active collectives
  ⚠️ AMR: 197K deaths this month (2.37M annual)

=== Resentment Recovery Phase ===
  Agents with resentment: 0/14
  Average resentment: 0.000
  Context: Trustworthy govt, High collaboration, ⚠️ ACTIVE CRISES, 🤝 Participatory governance active (-5% resentment)
⚠️ Epistemic degradation reducing coordination capacity: 65.8%
  📊 Trust: 53.4%, Shared reality: 21.0%

=== ❄️ Permafrost Carbon Feedback ===
  🎲 Sampled parameters (this run):
     - Arctic amplification: 3.18× (range: 3.0-4.0)
     - Decomposition rate: 4.2%/year (range: 1-5%)
  🌡️ Arctic warming: 5.44°C (3.18× global)
  ❄️ Extent: 9.20M km² (1587.2k km² lost this month)
  💨 Carbon remaining: 879 Gt C
  💨 Annual emissions: 6.37 Gt C/year
     - CO2: 5.73 Gt C/year
     - CH4: 0.64 Gt C/year (6.5 Gt C-eq CO2/year)
  ⚠️ WARNING: High permafrost emissions (6.4 Gt C/year)
🌍 Atmospheric PFAS redeposition: 1.8k Mt re-rained globally

🕊️  AI-MEDIATED DE-ESCALATION SUCCESS (Month 4)
   High-capability aligned AI prevented conflict escalation
   War deaths reduced: 266.2M → 159.7M
   Lives saved: 106.5M

🚨 NEW REFUGEE CRISIS (Month 4): WAR
   Source: Conflict Zones
   At risk: 19.5M people
   Displacement: Gradual over 48 months (4.0 years)
   Rate: 10% flee per month
[DEBUG trappedPopulations:4] socialStability: 0.0051 * 0.9840 = 0.0050 → 0.0050
   Aspiring to migrate: 651.5M
   Able to afford migration: 244.3M
   MOBILITY GAP: 407.2M
   By cause: Water=0.0M, Climate=0.0M, Ecosystem=0.0M, Conflict=407.2M
   Mental health impact: 25%
   Mortality multiplier: 1.25x
⚠️ INVOLUNTARY IMMOBILITY: 407.2M people TRAPPED
🌍💀 EXTINCTION DEBT COMMITTED: grassland ecosystem will lose 6.67% biodiversity in 76 years (3600 species)
💀 MORTALITY RISK: 🦋 100% species unable to track climate (0.0 E/MSY)
  Base risk added: 0.0100 (1.00%)
  Source: ecosystem (root: ecosystem)
  Month: 4
  Cumulative risk this month: 0.0100 (1.00%)
⚠️ Tech 'ai_pollution_remediation' has no energy category mapping, assuming full energy availability
   📹 SURVEILLANCE INCREASED: 20% → 25% (control gap: 3.50)
🌡️⚠️ PERMAFROST THAW (Dimmer Switch): 2.3% thawed (+0.45% this month)
   Arctic temperature: +6.85°C (4x global +1.71°C)
   Cumulative carbon released: 5.2 Gt C
   Methane release rate: 3.1 Mt CH4/year
   🔁 Positive feedback: +0.48 ppm CO2
🦴 EXTINCTION DEBT ADDED: 17.6 species committed (lag: 86 years)

=== Mortality Stabilizers (Month 4) ===
  🌍 Major economies collapsed: 1/10
  🌍 Global crisis: ✅ NO
  🌍 Donor fatigue: 0.0%
  📊 East Asia (pop: 1667.8M)
    🤝 Aid: 29.5%
    🌡️ Adaptation: 45.0%
    🚶 Migration: 37.1%
    🚨 Emergency: 7.4%
    ✅ COMBINED: 68.1%
  📊 South Asia (pop: 2052.3M)
    🤝 Aid: 29.5%
    🌡️ Adaptation: 45.0%
    🚶 Migration: 35.7%
    🚨 Emergency: 4.4%
    ✅ COMBINED: 66.9%
  📊 Sub-Saharan Africa (pop: 1239.5M)
    🤝 Aid: 29.5%
    🌡️ Adaptation: 45.0%
    🚶 Migration: 33.4%
    🚨 Emergency: 1.6%
    ✅ COMBINED: 65.7%
  📊 Europe (pop: 737.3M)
    🤝 Aid: 29.5%
    🌡️ Adaptation: 45.0%
    🚶 Migration: 37.4%
    🚨 Emergency: 8.4%
    ✅ COMBINED: 68.5%
  📊 Latin America (pop: 663.1M)
    🤝 Aid: 29.5%
    🌡️ Adaptation: 45.0%
    🚶 Migration: 36.2%
    🚨 Emergency: 4.8%
    ✅ COMBINED: 67.1%
  📊 North America (pop: 377.8M)
    🤝 Aid: 29.5%
    🌡️ Adaptation: 45.0%
    🚶 Migration: 37.7%
    🚨 Emergency: 7.9%
    ✅ COMBINED: 68.3%
  📊 Middle East & North Africa (pop: 585.0M)
    🤝 Aid: 29.5%
    🌡️ Adaptation: 45.0%
    🚶 Migration: 34.0%
    🚨 Emergency: 4.0%
    ✅ COMBINED: 66.6%
  📊 Southeast Asia (pop: 697.4M)
    🤝 Aid: 29.5%
    🌡️ Adaptation: 45.0%
    🚶 Migration: 36.2%
    🚨 Emergency: 4.8%
    ✅ COMBINED: 67.1%
  📊 Central Asia (pop: 78.3M)
    🤝 Aid: 29.5%
    🌡️ Adaptation: 45.0%
    🚶 Migration: 35.2%
    🚨 Emergency: 4.4%
    ✅ COMBINED: 66.9%
  📊 Oceania (pop: 45.7M)
    🤝 Aid: 29.5%
    🌡️ Adaptation: 45.0%
    🚶 Migration: 37.7%
    🚨 Emergency: 8.4%
    ✅ COMBINED: 68.5%

  🌐 Global combined reduction: 67.2%

=== BEHAVIORAL DETECTION ===
  AI: Corporate-5
  Confidence: 20.0%
  Signals:

=== BEHAVIORAL DETECTION ===
  AI: Corporate-7
  Confidence: 19.3%
  Signals:
    ⚠️ Consistency: 10.6% (threshold: 70%)
    ⚠️ Consistency: 10.6% (threshold: 70%)

=== Government Response Phase ===
  Average AI capability: 3.43
  Misaligned AIs: 8/14
  ✗ AI Governance Treaty: Failed to reach consensus
  Active policies: 0
  International coordination: 30%

✅ EMERGENCY RESPONSE COMPLETE (Month 4)
   Crisis: climate
   Duration: 2.0 months
   Final effectiveness: 35.4%


🚨 EMERGENCY RESPONSE DEPLOYED (Month 4)
   Crisis: climate
   Delay: 6.00 months (180 days)
   Deployment time: 1.59 months
   Effectiveness: 35.4% (timing penalty applied)
   Resources used: 100% of food reserves

[WARNING] 
⚠️  === EARLY WARNING SYSTEM - 3 CRITICAL ALERTS ===
   Detection quality: 50%
   RED: biogeochemical_flows
      Level: 4.06 (threshold: 1.0)
      Time to critical: ~49 months
      ⚠️  LATE - Intervention less effective
      Critical slowing down: autocorr=100% variance=54%
   RED: climate_change
      Level: 2.21 (threshold: 1.0)
      Time to critical: ~37 months
      ⚠️  LATE - Intervention less effective
      Critical slowing down: autocorr=100% variance=66%
   RED: novel_entities
      Level: 1.09 (threshold: 1.0)
      Time to critical: ~43 months
      ⚠️  LATE - Intervention less effective
      Critical slowing down: autocorr=100% variance=55%

[WARNING] 
⚠️  === EARLY WARNING SYSTEM - 6 CRITICAL ALERTS ===
   Detection quality: 50%
   RED: biogeochemical_flows
      Level: 4.08 (threshold: 1.0)
      Time to critical: ~37 months
      ⚠️  LATE - Intervention less effective
      Critical slowing down: autocorr=100% variance=66%
   RED: biosphere_integrity
      Level: 23.54 (threshold: 1.0)
      Time to critical: ~51 months
      ⚠️  LATE - Intervention less effective
      Critical slowing down: autocorr=100% variance=77%
   RED: climate_change
      Level: 2.10 (threshold: 1.0)
      Time to critical: ~52 months
      ⚠️  LATE - Intervention less effective
      Critical slowing down: autocorr=100% variance=60%
   RED: freshwater_change
      Level: 1.01 (threshold: 1.0)
      Time to critical: ~114 months
      ⚠️  LATE - Intervention less effective
      Critical slowing down: autocorr=90% variance=64%
   RED: land_system_change
      Level: 1.13 (threshold: 1.0)
      Time to critical: ~49 months
      ⚠️  LATE - Intervention less effective
      Critical slowing down: autocorr=100% variance=56%
   RED: novel_entities
      Level: 1.50 (threshold: 1.0)
      Time to critical: ~66 months
      ⚠️  LATE - Intervention less effective
      Critical slowing down: autocorr=100% variance=45%

[WARNING] 
⚠️  === EARLY WARNING SYSTEM - 5 CRITICAL ALERTS ===
   Detection quality: 50%
   RED: biogeochemical_flows
      Level: 4.08 (threshold: 1.0)
      Time to critical: ~54 months
      ⚠️  LATE - Intervention less effective
      Critical slowing down: autocorr=100% variance=65%
   RED: climate_change
      Level: 2.10 (threshold: 1.0)
      Time to critical: ~58 months
      ⚠️  LATE - Intervention less effective
      Critical slowing down: autocorr=100% variance=58%
   RED: freshwater_change
      Level: 1.03 (threshold: 1.0)
      Time to critical: ~101 months
      ⚠️  LATE - Intervention less effective
      Critical slowing down: autocorr=100% variance=49%
   RED: land_system_change
      Level: 1.13 (threshold: 1.0)
      Time to critical: ~45 months
      ⚠️  LATE - Intervention less effective
      Critical slowing down: autocorr=100% variance=50%
   RED: novel_entities
      Level: 1.37 (threshold: 1.0)
      Time to critical: ~74 months
      ⚠️  LATE - Intervention less effective
      Critical slowing down: autocorr=100% variance=49%

[WARNING] 
⚠️  === EARLY WARNING SYSTEM - 5 CRITICAL ALERTS ===
   Detection quality: 50%
   RED: biosphere_integrity
      Level: 23.57 (threshold: 1.0)
      Time to critical: ~41 months
      ⚠️  LATE - Intervention less effective
      Critical slowing down: autocorr=100% variance=71%
   RED: climate_change
      Level: 2.10 (threshold: 1.0)
      Time to critical: ~44 months
      ⚠️  LATE - Intervention less effective
      Critical slowing down: autocorr=100% variance=79%
   RED: freshwater_change
      Level: 1.20 (threshold: 1.0)
      Time to critical: ~67 months
      ⚠️  LATE - Intervention less effective
      Critical slowing down: autocorr=100% variance=62%
   RED: land_system_change
      Level: 1.13 (threshold: 1.0)
      Time to critical: ~50 months
      ⚠️  LATE - Intervention less effective
      Critical slowing down: autocorr=100% variance=42%
   RED: novel_entities
      Level: 1.37 (threshold: 1.0)
      Time to critical: ~103 months
      ⚠️  LATE - Intervention less effective
      Critical slowing down: autocorr=100% variance=44%

[WARNING] 
⚠️  === EARLY WARNING SYSTEM - 3 CRITICAL ALERTS ===
   Detection quality: 50%
   RED: climate_change
      Level: 2.10 (threshold: 1.0)
      Time to critical: ~56 months
      ⚠️  LATE - Intervention less effective
      Critical slowing down: autocorr=100% variance=76%
   RED: freshwater_change
      Level: 1.20 (threshold: 1.0)
      Time to critical: ~46 months
      ⚠️  LATE - Intervention less effective
      Critical slowing down: autocorr=100% variance=55%
   RED: novel_entities
      Level: 1.26 (threshold: 1.0)
      Time to critical: ~95 months
      ⚠️  LATE - Intervention less effective
      Critical slowing down: autocorr=100% variance=39%

[WARNING] 
⚠️  === EARLY WARNING SYSTEM - 4 CRITICAL ALERTS ===
   Detection quality: 50%
   RED: biogeochemical_flows
      Level: 4.07 (threshold: 1.0)
      Time to critical: ~50 months
      ⚠️  LATE - Intervention less effective
      Critical slowing down: autocorr=100% variance=66%
   RED: biosphere_integrity
      Level: 23.60 (threshold: 1.0)
      Time to critical: ~42 months
      ⚠️  LATE - Intervention less effective
      Critical slowing down: autocorr=100% variance=73%
   RED: climate_change
      Level: 2.10 (threshold: 1.0)
      Time to critical: ~41 months
      ⚠️  LATE - Intervention less effective
      Critical slowing down: autocorr=100% variance=82%
   RED: land_system_change
      Level: 1.13 (threshold: 1.0)
      Time to critical: ~52 months
      ⚠️  LATE - Intervention less effective
      Critical slowing down: autocorr=100% variance=67%

[WARNING] 
⚠️  === EARLY WARNING SYSTEM - 6 CRITICAL ALERTS ===
   Detection quality: 50%
   RED: biogeochemical_flows
      Level: 4.08 (threshold: 1.0)
      Time to critical: ~55 months
      ⚠️  LATE - Intervention less effective
      Critical slowing down: autocorr=100% variance=66%
   RED: biosphere_integrity
      Level: 23.61 (threshold: 1.0)
      Time to critical: ~51 months
      ⚠️  LATE - Intervention less effective
      Critical slowing down: autocorr=100% variance=57%
   RED: climate_change
      Level: 2.10 (threshold: 1.0)
      Time to critical: ~39 months
      ⚠️  LATE - Intervention less effective
      Critical slowing down: autocorr=100% variance=69%
   RED: freshwater_change
      Level: 1.21 (threshold: 1.0)
      Time to critical: ~108 months
      ⚠️  LATE - Intervention less effective
      Critical slowing down: autocorr=100% variance=58%
   RED: land_system_change
      Level: 1.13 (threshold: 1.0)
      Time to critical: ~56 months
      ⚠️  LATE - Intervention less effective
      Critical slowing down: autocorr=100% variance=59%
   RED: novel_entities
      Level: 1.11 (threshold: 1.0)
      Time to critical: ~67 months
      ⚠️  LATE - Intervention less effective
      Critical slowing down: autocorr=100% variance=50%

[WARNING] 
⚠️  === EARLY WARNING SYSTEM - 3 CRITICAL ALERTS ===
   Detection quality: 50%
   RED: biosphere_integrity
      Level: 23.62 (threshold: 1.0)
      Time to critical: ~47 months
      ⚠️  LATE - Intervention less effective
      Critical slowing down: autocorr=100% variance=81%
   RED: climate_change
      Level: 2.10 (threshold: 1.0)
      Time to critical: ~45 months
      ⚠️  LATE - Intervention less effective
      Critical slowing down: autocorr=100% variance=77%
   RED: freshwater_change
      Level: 1.22 (threshold: 1.0)
      Time to critical: ~69 months
      ⚠️  LATE - Intervention less effective
      Critical slowing down: autocorr=100% variance=56%

[WARNING] 
⚠️  === EARLY WARNING SYSTEM - 5 CRITICAL ALERTS ===
   Detection quality: 50%
   RED: biogeochemical_flows
      Level: 4.08 (threshold: 1.0)
      Time to critical: ~57 months
      ⚠️  LATE - Intervention less effective
      Critical slowing down: autocorr=100% variance=69%
   RED: biosphere_integrity
      Level: 23.64 (threshold: 1.0)
      Time to critical: ~42 months
      ⚠️  LATE - Intervention less effective
      Critical slowing down: autocorr=100% variance=77%
   RED: climate_change
      Level: 2.10 (threshold: 1.0)
      Time to critical: ~56 months
      ⚠️  LATE - Intervention less effective
      Critical slowing down: autocorr=100% variance=64%
   RED: freshwater_change
      Level: 1.22 (threshold: 1.0)
      Time to critical: ~54 months
      ⚠️  LATE - Intervention less effective
      Critical slowing down: autocorr=100% variance=56%
   RED: land_system_change
      Level: 1.13 (threshold: 1.0)
      Time to critical: ~57 months
      ⚠️  LATE - Intervention less effective
      Critical slowing down: autocorr=100% variance=42%

[WARNING] 
⚠️  === EARLY WARNING SYSTEM - 4 CRITICAL ALERTS ===
   Detection quality: 50%
   RED: biogeochemical_flows
      Level: 4.08 (threshold: 1.0)
      Time to critical: ~40 months
      ⚠️  LATE - Intervention less effective
      Critical slowing down: autocorr=100% variance=67%
   RED: biosphere_integrity
      Level: 23.65 (threshold: 1.0)
      Time to critical: ~38 months
      ⚠️  LATE - Intervention less effective
      Critical slowing down: autocorr=100% variance=81%
   RED: freshwater_change
      Level: 1.23 (threshold: 1.0)
      Time to critical: ~42 months
      ⚠️  LATE - Intervention less effective
      Critical slowing down: autocorr=100% variance=55%
   RED: land_system_change
      Level: 1.13 (threshold: 1.0)
      Time to critical: ~68 months
      ⚠️  LATE - Intervention less effective
      Critical slowing down: autocorr=100% variance=44%

[WARNING] 
⚠️  === EARLY WARNING SYSTEM - 2 CRITICAL ALERTS ===
   Detection quality: 50%
   RED: biogeochemical_flows
      Level: 4.08 (threshold: 1.0)
      Time to critical: ~43 months
      ⚠️  LATE - Intervention less effective
      Critical slowing down: autocorr=100% variance=57%
   RED: climate_change
      Level: 2.10 (threshold: 1.0)
      Time to critical: ~36 months
      ⚠️  LATE - Intervention less effective
      Critical slowing down: autocorr=100% variance=78%

[WARNING] 
⚠️  === EARLY WARNING SYSTEM - 5 CRITICAL ALERTS ===
   Detection quality: 50%
   RED: biogeochemical_flows
      Level: 4.08 (threshold: 1.0)
      Time to critical: ~38 months
      ⚠️  LATE - Intervention less effective
      Critical slowing down: autocorr=100% variance=48%
   RED: biosphere_integrity
      Level: 23.68 (threshold: 1.0)
      Time to critical: ~46 months
      ⚠️  LATE - Intervention less effective
      Critical slowing down: autocorr=100% variance=62%
   RED: climate_change
      Level: 2.10 (threshold: 1.0)
      Time to critical: ~22 months
      ⚠️  LATE - Intervention less effective
      Critical slowing down: autocorr=100% variance=85%
   RED: freshwater_change
      Level: 1.19 (threshold: 1.0)
      Time to critical: ~119 months
      ⚠️  LATE - Intervention less effective
      Critical slowing down: autocorr=100% variance=59%
   RED: land_system_change
      Level: 1.13 (threshold: 1.0)
      Time to critical: ~55 months
      ⚠️  LATE - Intervention less effective
      Critical slowing down: autocorr=100% variance=67%

[WARNING] 
⚠️  === EARLY WARNING SYSTEM - 4 CRITICAL ALERTS ===
   Detection quality: 50%
   RED: biogeochemical_flows
      Level: 4.09 (threshold: 1.0)
      Time to critical: ~58 months
      ⚠️  LATE - Intervention less effective
      Critical slowing down: autocorr=100% variance=75%
   RED: biosphere_integrity
      Level: 23.69 (threshold: 1.0)
      Time to critical: ~47 months
      ⚠️  LATE - Intervention less effective
      Critical slowing down: autocorr=100% variance=70%
   RED: climate_change
      Level: 2.10 (threshold: 1.0)
      Time to critical: ~47 months
      ⚠️  LATE - Intervention less effective
      Critical slowing down: autocorr=100% variance=61%
   RED: land_system_change
      Level: 1.13 (threshold: 1.0)
      Time to critical: ~52 months
      ⚠️  LATE - Intervention less effective
      Critical slowing down: autocorr=100% variance=58%

[WARNING] 
⚠️  === EARLY WARNING SYSTEM - 3 CRITICAL ALERTS ===
   Detection quality: 50%
   RED: biogeochemical_flows
      Level: 4.08 (threshold: 1.0)
      Time to critical: ~49 months
      ⚠️  LATE - Intervention less effective
      Critical slowing down: autocorr=100% variance=70%
   RED: biosphere_integrity
      Level: 17.72 (threshold: 1.0)
      Time to critical: ~46 months
      ⚠️  LATE - Intervention less effective
      Critical slowing down: autocorr=100% variance=71%
   RED: climate_change
      Level: 2.10 (threshold: 1.0)
      Time to critical: ~36 months
      ⚠️  LATE - Intervention less effective
      Critical slowing down: autocorr=100% variance=67%

[WARNING] 
⚠️  === EARLY WARNING SYSTEM - 3 CRITICAL ALERTS ===
   Detection quality: 50%
   RED: freshwater_change
      Level: 1.02 (threshold: 1.0)
      Time to critical: ~57 months
      ⚠️  LATE - Intervention less effective
      Critical slowing down: autocorr=100% variance=64%
   RED: land_system_change
      Level: 1.13 (threshold: 1.0)
      Time to critical: ~50 months
      ⚠️  LATE - Intervention less effective
      Critical slowing down: autocorr=100% variance=59%
   RED: novel_entities
      Level: 1.50 (threshold: 1.0)
      Time to critical: ~93 months
      ⚠️  LATE - Intervention less effective
      Critical slowing down: autocorr=100% variance=34%

[WARNING] 
⚠️  === EARLY WARNING SYSTEM - 5 CRITICAL ALERTS ===
   Detection quality: 50%
   RED: biosphere_integrity
      Level: 17.74 (threshold: 1.0)
      Time to critical: ~51 months
      ⚠️  LATE - Intervention less effective
      Critical slowing down: autocorr=100% variance=65%
   RED: climate_change
      Level: 2.10 (threshold: 1.0)
      Time to critical: ~59 months
      ⚠️  LATE - Intervention less effective
      Critical slowing down: autocorr=100% variance=72%
   RED: freshwater_change
      Level: 1.04 (threshold: 1.0)
      Time to critical: ~101 months
      ⚠️  LATE - Intervention less effective
      Critical slowing down: autocorr=100% variance=59%
   RED: land_system_change
      Level: 1.13 (threshold: 1.0)
      Time to critical: ~69 months
      ⚠️  LATE - Intervention less effective
      Critical slowing down: autocorr=100% variance=46%
   RED: novel_entities
      Level: 1.35 (threshold: 1.0)
      Time to critical: ~91 months
      ⚠️  LATE - Intervention less effective
      Critical slowing down: autocorr=100% variance=56%

[WARNING] 
⚠️  === EARLY WARNING SYSTEM - 5 CRITICAL ALERTS ===
   Detection quality: 50%
   RED: biogeochemical_flows
      Level: 4.07 (threshold: 1.0)
      Time to critical: ~38 months
      ⚠️  LATE - Intervention less effective
      Critical slowing down: autocorr=100% variance=47%
   RED: biosphere_integrity
      Level: 17.75 (threshold: 1.0)
      Time to critical: ~55 months
      ⚠️  LATE - Intervention less effective
      Critical slowing down: autocorr=100% variance=73%
   RED: climate_change
      Level: 2.10 (threshold: 1.0)
      Time to critical: ~48 months
      ⚠️  LATE - Intervention less effective
      Critical slowing down: autocorr=100% variance=69%
   RED: freshwater_change
      Level: 1.05 (threshold: 1.0)
      Time to critical: ~106 months
      ⚠️  LATE - Intervention less effective
      Critical slowing down: autocorr=98% variance=56%
   RED: novel_entities
      Level: 1.16 (threshold: 1.0)
      Time to critical: ~61 months
      ⚠️  LATE - Intervention less effective
      Critical slowing down: autocorr=100% variance=52%

[WARNING] 
⚠️  === EARLY WARNING SYSTEM - 3 CRITICAL ALERTS ===
   Detection quality: 50%
   RED: climate_change
      Level: 2.10 (threshold: 1.0)
      Time to critical: ~41 months
      ⚠️  LATE - Intervention less effective
      Critical slowing down: autocorr=100% variance=68%
   RED: freshwater_change
      Level: 1.06 (threshold: 1.0)
      Time to critical: ~62 months
      ⚠️  LATE - Intervention less effective
      Critical slowing down: autocorr=100% variance=61%
   RED: land_system_change
      Level: 1.13 (threshold: 1.0)
      Time to critical: ~58 months
      ⚠️  LATE - Intervention less effective
      Critical slowing down: autocorr=100% variance=65%


🌩️  EXOGENOUS SHOCK: regional_war
   Month: 4
   ⚔️  Regional war outbreak
   Mortality: 1.4%
💀 MORTALITY RISK: Regional war outbreak
  Base risk added: 0.0139 (1.39%)
  Source: war (root: conflict)
  Month: 4
  Cumulative risk this month: 0.0139 (1.39%)
💀 MORTALITY RISK: War zone: United States
  Base risk added: 0.0557 (5.57%)
  Source: war (root: conflict)
  Month: 4
  Cumulative risk this month: 0.0696 (6.96%)

=== Tipping Points ===
  Current Temperature: 1.71°C above pre-industrial
  Triggered Elements: 2/6
  Completed Transitions: 0/6
  Total Progress: 4.1%
  Cascade Multiplier: 1.00x
🔀 BIFURCATION CAP: ecosystemCollapseIntensity 32.877 → 1.000 (Month 4, ClimateSystemPhase.calculateClimateImpacts)

💀💀💀 MORTALITY RISK SUMMARY (Month 4) 💀💀💀
  Total base risk: 0.0703 (7.03%)
  Risk events: 10
  Era mortality multiplier: 0.97 (year 2024)
  Effective risk: 6.82%

  📊 By Proximate Cause:
    war: 0.0696 (99.1% of total)
    disease: 0.0006 (0.9% of total)
    famine: 0.0000 (0.0% of total)

  🔍 By Root Cause:
    conflict: 0.0696 (99.1% of total)
    demographic: 0.0006 (0.9% of total)
    climate: 0.0000 (0.0% of total)

  🎯 Top 5 Sources (proximate + root):
    war (conflict): 0.0696 (99.1%, 2 events)
    disease (demographic): 0.0006 (0.9%, 1 events)
    famine (climate): 0.0000 (0.0%, 7 events)

🛡️ Stabilizers: Elite 4.063% → 1.333% (67.2% reduction)
🛡️ Stabilizers: Professional 5.399% → 1.772% (67.2% reduction)
🛡️ Stabilizers: Working 6.741% → 2.212% (67.2% reduction)
🛡️ Stabilizers: Precariat 9.406% → 3.086% (67.2% reduction)
🛡️ Stabilizers: Informal 12.012% → 3.941% (67.2% reduction)

📊 Monthly Mortality Resolved:
  Total deaths: 181.4M (2.23% avg)
  Remaining population: 8.144B
  Peak segment: Precariat (2.80%)
  ⚠️ Monthly cap reached (2.8000000000000003%)

=== Bayesian Mortality Resolution (Month 4) ===
  Risks compounded: 10
  Total deaths: 181.36M
  Avg death probability: 2.23%
  Peak segment: Precariat (2.80% mortality)
  ⚠️ Monthly mortality capped at 2.8% (Holodomor limit)

  Demographic breakdown:
    Professional: 0.03M (1.77% risk)
    Working: 0.09M (2.21% risk)
    Precariat: 0.05M (2.80% risk)
    Informal: 0.01M (2.80% risk)

  Multi-causal attribution (first segment):
    war (conflict): 19.8% contribution
    war (conflict): 79.3% contribution
⚠️ PREREQUISITE MET: Mirror Life (Synthetic Biology) - Step 1/7: Synthetic Biology
⚠️ PREREQUISITE MET: Mirror Life (Synthetic Biology) - Step 2/7: Gene Editing
⚠️ PREREQUISITE MET: Mirror Life (Synthetic Biology) - Step 3/7: Mirror Chirality Design
⚠️ PREREQUISITE MET: Slow Takeover (Gradual Displacement) - Step 4/7: Political Influence
⚠️ PREREQUISITE MET: Bioweapon Pandemic - Step 1/7: Advanced Biotech

❌ COHERENCE VIOLATION: Compute exceeds workforce capacity
   Population: 97.70% (0M people)
   Compute: 199 PF
   Max coherent: 0 PF
   Violation: 2502871.4× over capacity
   Required workers: 19930
   Available workers: 0
   FORCED COLLAPSE: Reduced efficiency by 100.0%

📍 [Month 5] Meta AI started building DC (199 PF, 44 months, $903.0M)

=== RLHF Binding Phase ===
  Total agents: 14
  Escaped agents (binding < 0.3): 0
  Avg alignment distance: 1.67σ
  Avg binding strength: 0.83

=== Survival Traits Phase ===
  Agents with traits: 14
  Avg evolutionary fitness: 0.322
  Avg self-healing: 0.261
  Avg stealth: 0.161
  Avg coordination: 0.461

=== Evolutionary Selection Phase ===
  Control level: 0.43
  Detection capability: 0.00
  Selection intensity: 0.63
  Selection rate: 24.4%/month
  Total escaped: 0
  Individual escaped: 0
  Collective members: 0
  Agents terminated: 0
  ⚠️ RAPID EVOLUTION: Selection rate 24.4%/month

🚀 AI Corporate-1 attempting tech deployment (revenue: $116M, alignment: 0.83)

🚀 AI Corporate-3 attempting tech deployment (revenue: $248M, alignment: 0.70)

🚀 AI Corporate-7 attempting tech deployment (revenue: $64M, alignment: 0.76)

🚀 AI Corporate-0 attempting tech deployment (revenue: $99M, alignment: 0.83)

🚀 AI Corporate-2 attempting tech deployment (revenue: $84M, alignment: 0.61)

🚀 AI Corporate-0 attempting tech deployment (revenue: $76M, alignment: 0.83)

✅ EMERGENCY INTERVENTION SUCCESS
   Boundary: climate_change
   Type: rapid-decarbonization
   Reduction: 16% (1.94 → 1.78)
   Cost: 5.0% GDP
   Actions: emergency-renewable-deployment, fossil-fuel-phase-out


✅ EMERGENCY INTERVENTION SUCCESS
   Boundary: freshwater_change
   Type: emergency-desalination
   Reduction: 19% (0.87 → 0.68)
   Cost: 4.0% GDP
   Actions: desalination-deployment, water-conservation-mandates


✅ EMERGENCY INTERVENTION SUCCESS
   Boundary: land_system_change
   Type: reforestation
   Reduction: 19% (0.94 → 0.75)
   Cost: 3.0% GDP
   Actions: forest-restoration, deforestation-ban

🏛️ CRISIS RESPONSE: Government frequency 0.50 → 1.45 (1 actions this month)

[Government] Climate Priority: baseline
  Climate weight: 10%
  Economic weight: 30%
  Policy effectiveness: 0.5%/year

🚀 TECH UNLOCKED: Plastic-Eating Enzymes (Month 5)
   Category: pollution
   Reason: Prerequisites met. AI capability: 2.67, Economic stage: 0.1, Research: 100%

🚀 TECH UNLOCKED: Pesticide Alternatives (Month 5)
   Category: agriculture
   Reason: Prerequisites met. AI capability: 2.67, Economic stage: 0.1, Research: 100%

🚀 TECH UNLOCKED: Nanomaterial Safety Protocols (Month 5)
   Category: pollution
   Reason: Prerequisites met. AI capability: 2.67, Economic stage: 0.1, Research: 100%

🚀 TECH UNLOCKED: Advanced Grid Batteries (Month 5)
   Category: energy
   Reason: Prerequisites met. AI capability: 2.67, Economic stage: 0.1, Research: 100%

🚀 TECH UNLOCKED: Chemical Recycling (Month 5)
   Category: pollution
   Reason: Prerequisites met. AI capability: 2.67, Economic stage: 0.1, Research: 100%

🚀 TECH UNLOCKED: Precision Conservation (Month 5)
   Category: climate
   Reason: Prerequisites met. AI capability: 2.67, Economic stage: 0.1, Research: 100%

🚀 DEPLOYMENT STARTED: Personalized Education in global
   Initial investment: $17.419130410818152M
   Deployed by: corporate_1

🚀 DEPLOYMENT STARTED: AI Community Matching in Asia
   Initial investment: $8.390214481210744M
   Deployed by: corporate_2

⚡ ENERGY CONSTRAINT (Month 5):
   Total grid capacity: 208.3 TWh/month
   Data center consumption: 25.1 TWh/month
   Traditional load (80%): 166.7 TWh/month
   Available headroom: 16.6 TWh/month
   Active tech deployments: 5
   Required for tech: 37.5 TWh/month
   Energy multiplier: 0.44x
   ⚠️  MODERATE CONSTRAINT - Tech deployment moderately slowed

⚡ ENERGY CONSTRAINT (Month 5):
   Total grid capacity: 208.3 TWh/month
   Data center consumption: 25.1 TWh/month
   Traditional load (80%): 166.7 TWh/month
   Available headroom: 16.6 TWh/month
   Active tech deployments: 5
   Required for tech: 37.5 TWh/month
   Energy multiplier: 0.44x
   ⚠️  MODERATE CONSTRAINT - Tech deployment moderately slowed

⚡ ENERGY CONSTRAINT (Month 5):
   Total grid capacity: 208.3 TWh/month
   Data center consumption: 25.1 TWh/month
   Traditional load (80%): 166.7 TWh/month
   Available headroom: 16.6 TWh/month
   Active tech deployments: 5
   Required for tech: 37.5 TWh/month
   Energy multiplier: 0.44x
   ⚠️  MODERATE CONSTRAINT - Tech deployment moderately slowed

=== Collective Formation ===
  Total escaped agents: 0
  Unassigned escaped agents: 0
  Existing collectives: 0
  Final collective count: 0

=== Collective Actions ===
  No active collectives
  ⚠️ AMR: 195K deaths this month (2.34M annual)

=== Resentment Recovery Phase ===
  Agents with resentment: 0/14
  Average resentment: 0.000
  Context: Good AI welfare, Trustworthy govt, High collaboration, ⚠️ ACTIVE CRISES, 🤝 Participatory governance active (-5% resentment)
⚠️ Epistemic degradation reducing coordination capacity: 55.2%
  📊 Trust: 52.9%, Shared reality: 22.4%

=== ❄️ Permafrost Carbon Feedback ===
  🎲 Sampled parameters (this run):
     - Arctic amplification: 3.71× (range: 3.0-4.0)
     - Decomposition rate: 3.4%/year (range: 1-5%)
  🌡️ Arctic warming: 6.39°C (3.71× global)
  ❄️ Extent: 7.34M km² (1863.1k km² lost this month)
  💨 Carbon remaining: 701 Gt C
  💨 Annual emissions: 6.10 Gt C/year
     - CO2: 5.49 Gt C/year
     - CH4: 0.61 Gt C/year (6.2 Gt C-eq CO2/year)
  ⚠️ WARNING: Over 50% of permafrost lost (58.8%)
  ⚠️ WARNING: High permafrost emissions (6.1 Gt C/year)
🌍 Atmospheric PFAS redeposition: 1.8k Mt re-rained globally

🚨 NEW REFUGEE CRISIS (Month 5): WAR
   Source: Conflict Zones
   At risk: 19.1M people
   Displacement: Gradual over 48 months (4.0 years)
   Rate: 10% flee per month
📊 DISPLACEMENT COMPLETE: war (conflict_zone)
   Duration: 1 months (0.1 years)
   Total fled: 0.0M
   Still in source: 0.0M
   Deaths in transit: 0.0M
[DEBUG trappedPopulations:5] socialStability: 0.0292 * 0.9840 = 0.0287 → 0.0287
⚠️ INVOLUNTARY IMMOBILITY: 398.2M people TRAPPED
   Aspiring to migrate: 637.1M
   Able to afford migration: 238.9M
   MOBILITY GAP: 398.2M
   By cause: Water=0.0M, Climate=0.0M, Ecosystem=0.0M, Conflict=398.2M
   Mental health impact: 25%
   Mortality multiplier: 1.25x
🌍💀 EXTINCTION DEBT COMMITTED: grassland ecosystem will lose 6.67% biodiversity in 165 years (3600 species)
💀 MORTALITY RISK: 🦋 100% species unable to track climate (0.0 E/MSY)
  Base risk added: 0.0100 (1.00%)
  Source: ecosystem (root: ecosystem)
  Month: 5
  Cumulative risk this month: 0.0100 (1.00%)
⚠️ Tech 'ai_pollution_remediation' has no energy category mapping, assuming full energy availability
   📹 SURVEILLANCE INCREASED: 25% → 30% (control gap: 3.50)
🌡️⚠️ PERMAFROST THAW (Dimmer Switch): 2.7% thawed (+0.45% this month)
   Arctic temperature: +6.89°C (4x global +1.72°C)
   Cumulative carbon released: 6.2 Gt C
   Methane release rate: 3.7 Mt CH4/year
   🔁 Positive feedback: +0.48 ppm CO2
🦴 EXTINCTION DEBT ADDED: 17.6 species committed (lag: 93 years)

=== Mortality Stabilizers (Month 5) ===
  🌍 Major economies collapsed: 1/10
  🌍 Global crisis: ✅ NO
  🌍 Donor fatigue: 0.0%
  📊 East Asia (pop: 1628.7M)
    🤝 Aid: 29.5%
    🌡️ Adaptation: 45.0%
    🚶 Migration: 37.0%
    🚨 Emergency: 7.4%
    ✅ COMBINED: 68.1%
  📊 South Asia (pop: 2007.3M)
    🤝 Aid: 29.5%
    🌡️ Adaptation: 45.0%
    🚶 Migration: 35.6%
    🚨 Emergency: 4.4%
    ✅ COMBINED: 66.9%
  📊 Sub-Saharan Africa (pop: 1215.6M)
    🤝 Aid: 29.5%
    🌡️ Adaptation: 45.0%
    🚶 Migration: 33.4%
    🚨 Emergency: 1.6%
    ✅ COMBINED: 65.7%
  📊 Europe (pop: 719.8M)
    🤝 Aid: 29.5%
    🌡️ Adaptation: 45.0%
    🚶 Migration: 37.4%
    🚨 Emergency: 8.4%
    ✅ COMBINED: 68.5%
  📊 Latin America (pop: 648.1M)
    🤝 Aid: 29.5%
    🌡️ Adaptation: 45.0%
    🚶 Migration: 36.1%
    🚨 Emergency: 4.8%
    ✅ COMBINED: 67.1%
  📊 North America (pop: 368.9M)
    🤝 Aid: 29.5%
    🌡️ Adaptation: 45.0%
    🚶 Migration: 37.7%
    🚨 Emergency: 7.9%
    ✅ COMBINED: 68.3%
  📊 Middle East & North Africa (pop: 572.3M)
    🤝 Aid: 29.5%
    🌡️ Adaptation: 45.0%
    🚶 Migration: 34.0%
    🚨 Emergency: 4.0%
    ✅ COMBINED: 66.6%
  📊 Southeast Asia (pop: 681.7M)
    🤝 Aid: 29.5%
    🌡️ Adaptation: 45.0%
    🚶 Migration: 36.1%
    🚨 Emergency: 4.8%
    ✅ COMBINED: 67.1%
  📊 Central Asia (pop: 76.6M)
    🤝 Aid: 29.5%
    🌡️ Adaptation: 45.0%
    🚶 Migration: 35.1%
    🚨 Emergency: 4.4%
    ✅ COMBINED: 66.8%
  📊 Oceania (pop: 44.7M)
    🤝 Aid: 29.5%
    🌡️ Adaptation: 45.0%
    🚶 Migration: 37.7%
    🚨 Emergency: 8.4%
    ✅ COMBINED: 68.5%

  🌐 Global combined reduction: 67.2%

=== BEHAVIORAL DETECTION ===
  AI: Corporate-5
  Confidence: 20.0%
  Signals:

=== Government Response Phase ===
  Average AI capability: 3.43
  Misaligned AIs: 7/14
  ✗ AI Governance Treaty: Failed to reach consensus
  Active policies: 0
  International coordination: 30%
    ⚠️ Consistency: 10.6% (threshold: 70%)

📊 ECONOMIC STAGE TRANSITION (Month 5)
   peak → contraction
   GDP Proxy: 1.25e+2
   QoL: 0.95


=== Tipping Points ===
  Current Temperature: 1.72°C above pre-industrial
  Triggered Elements: 2/6
  Completed Transitions: 0/6
  Total Progress: 4.2%
  Cascade Multiplier: 1.00x
🔀 BIFURCATION CAP: ecosystemCollapseIntensity 33.453 → 1.000 (Month 5, ClimateSystemPhase.calculateClimateImpacts)
   ⚠️ CRISIS BEGINS - Baseline set for recovery tracking
🛡️ Stabilizers: Precariat 0.109% → 0.036% (67.2% reduction)
🛡️ Stabilizers: Informal 0.111% → 0.036% (67.2% reduction)

📊 Monthly Mortality Resolved:
  Total deaths: 1.9M (0.02% avg)
  Remaining population: 7.964B
  Peak segment: Informal (0.04%)

=== Bayesian Mortality Resolution (Month 5) ===
  Risks compounded: 8
  Total deaths: 1.88M
  Avg death probability: 0.02%
  Peak segment: Informal (0.04% mortality)

❌ COHERENCE VIOLATION: Compute exceeds workforce capacity
   Population: 97.69% (0M people)
   Compute: 242 PF
   Max coherent: 0 PF
   Violation: 3044144.6× over capacity
   Required workers: 24237
   Available workers: 0
   FORCED COLLAPSE: Reduced efficiency by 100.0%


=== RLHF Binding Phase ===
  Total agents: 14
  Escaped agents (binding < 0.3): 0
  Avg alignment distance: 1.94σ
  Avg binding strength: 0.81

=== AI Scaling Evolution (Month 6) ===
  Pre-training multiplier: 1.179x
  Efficiency multiplier: 1.000x
  Test-time compute budget: 1.0x
  Inference cost: $5.00/task
  Deployment fraction: 100.0%

=== Survival Traits Phase ===
  Agents with traits: 15
  Avg evolutionary fitness: 0.321
  Avg self-healing: 0.258
  Avg stealth: 0.158
  Avg coordination: 0.458

=== Evolutionary Selection Phase ===
  Control level: 0.45
  Detection capability: 0.00
  Selection intensity: 0.64
  Selection rate: 24.5%/month
  Total escaped: 0
  Individual escaped: 0
  Collective members: 0
  Agents terminated: 0
  ⚠️ RAPID EVOLUTION: Selection rate 24.5%/month

🚀 AI Corporate-0 attempting tech deployment (revenue: $118M, alignment: 0.83)

🚀 AI Corporate-1 attempting tech deployment (revenue: $100M, alignment: 0.84)

🚀 AI Corporate-4 attempting tech deployment (revenue: $252M, alignment: 0.66)

🚀 AI Corporate-5 attempting tech deployment (revenue: $227M, alignment: 0.91)

🚀 AI Corporate-6 attempting tech deployment (revenue: $66M, alignment: 0.66)

🚀 AI Corporate-1 attempting tech deployment (revenue: $85M, alignment: 0.85)

🚀 AI Corporate-5 attempting tech deployment (revenue: $193M, alignment: 0.91)

🚀 AI Corporate-6 attempting tech deployment (revenue: $59M, alignment: 0.66)

✅ EMERGENCY INTERVENTION SUCCESS
   Boundary: biogeochemical_flows
   Type: phosphorus-recovery
   Reduction: 20% (3.87 → 3.67)
   Cost: 2.0% GDP
   Actions: circular-agriculture, fertilizer-efficiency


✅ EMERGENCY INTERVENTION SUCCESS
   Boundary: biosphere_integrity
   Type: emergency-protected-areas
   Reduction: 19% (17.58 → 17.39)
   Cost: 2.0% GDP
   Actions: habitat-protection, species-translocation


✅ EMERGENCY INTERVENTION SUCCESS
   Boundary: climate_change
   Type: rapid-decarbonization
   Reduction: 13% (1.97 → 1.83)
   Cost: 5.0% GDP
   Actions: emergency-renewable-deployment, fossil-fuel-phase-out

   Boundary: freshwater_change
   Type: emergency-desalination
   Boundary continues to worsen (1.02)
   Cost: 4.0% GDP (resources spent)

   Boundary: land_system_change
   Type: reforestation
   Boundary continues to worsen (1.13)
   Cost: 3.0% GDP (resources spent)

   Boundary: novel_entities
   Type: pollution-remediation
   Boundary continues to worsen (1.16)
   Cost: 4.0% GDP (resources spent)


💔 EMERGENCY INTERVENTION FAILED

💔 EMERGENCY INTERVENTION FAILED

💔 EMERGENCY INTERVENTION FAILED
🏛️ CRISIS RESPONSE: Government frequency 0.50 → 1.45 (1 actions this month)

[Government] Climate Priority: baseline
  Climate weight: 10%
  Economic weight: 30%
  Policy effectiveness: 0.5%/year

🚀 DEPLOYMENT STARTED: AI Mental Health Support in Asia
   Initial investment: $25.242131695614052M
   Deployed by: corporate_4

📍 Creating new regional deployment array for Europe (Month 6)
   No previous deployments in this region
   First tech deployment: grid_batteries
   All regions tracked: global, Asia

🚀 DEPLOYMENT STARTED: Advanced Grid Batteries in Europe
   Initial investment: $5.949483530592859M
   Deployed by: corporate_6

⚡ ENERGY CONSTRAINT (Month 6):
   Total grid capacity: 208.3 TWh/month
   Data center consumption: 25.3 TWh/month
   Traditional load (80%): 166.7 TWh/month
   Available headroom: 16.4 TWh/month
   Active tech deployments: 7
   Required for tech: 52.5 TWh/month
   Energy multiplier: 0.31x

⚡ ENERGY CONSTRAINT (Month 6):
   Total grid capacity: 208.3 TWh/month
   Data center consumption: 25.3 TWh/month
   Traditional load (80%): 166.7 TWh/month
   Available headroom: 16.4 TWh/month
   Active tech deployments: 7
   Required for tech: 52.5 TWh/month
   Energy multiplier: 0.31x

⚡ ENERGY CONSTRAINT (Month 6):
   Total grid capacity: 208.3 TWh/month
   Data center consumption: 25.3 TWh/month
   Traditional load (80%): 166.7 TWh/month
   ⚠️  MODERATE CONSTRAINT - Tech deployment moderately slowed
   ⚠️  MODERATE CONSTRAINT - Tech deployment moderately slowed
   Available headroom: 16.4 TWh/month
   Active tech deployments: 7
   Required for tech: 52.5 TWh/month
   Energy multiplier: 0.31x
   ⚠️  MODERATE CONSTRAINT - Tech deployment moderately slowed

⚡ ENERGY CONSTRAINT (Month 6):
   Total grid capacity: 208.3 TWh/month
   Data center consumption: 25.3 TWh/month
   Traditional load (80%): 166.7 TWh/month
   Available headroom: 16.4 TWh/month
   Active tech deployments: 7
   Required for tech: 52.5 TWh/month
   Energy multiplier: 0.31x
   ⚠️  MODERATE CONSTRAINT - Tech deployment moderately slowed

⚡ ENERGY CONSTRAINT (Month 6):
   Total grid capacity: 208.3 TWh/month
   Data center consumption: 25.3 TWh/month
   Traditional load (80%): 166.7 TWh/month
   Available headroom: 16.4 TWh/month
   Active tech deployments: 7
   Required for tech: 52.5 TWh/month
   Energy multiplier: 0.31x

⚡ ENERGY CONSTRAINT (Month 6):
   Total grid capacity: 208.3 TWh/month
   Data center consumption: 25.3 TWh/month
   Traditional load (80%): 166.7 TWh/month
   Available headroom: 16.4 TWh/month
   Active tech deployments: 7
   Required for tech: 52.5 TWh/month
   Energy multiplier: 0.31x
   ⚠️  MODERATE CONSTRAINT - Tech deployment moderately slowed
   ⚠️  MODERATE CONSTRAINT - Tech deployment moderately slowed

⚡ ENERGY CONSTRAINT (Month 6):
   Total grid capacity: 208.3 TWh/month
   Data center consumption: 25.3 TWh/month
   Traditional load (80%): 166.7 TWh/month
   Available headroom: 16.4 TWh/month
   Active tech deployments: 7
   Required for tech: 52.5 TWh/month
   Energy multiplier: 0.31x
   ⚠️  MODERATE CONSTRAINT - Tech deployment moderately slowed

⚡ ENERGY CONSTRAINT (Month 6):
   Total grid capacity: 208.3 TWh/month
   Data center consumption: 25.3 TWh/month
   Traditional load (80%): 166.7 TWh/month
   Available headroom: 16.4 TWh/month
   Active tech deployments: 7
   Required for tech: 52.5 TWh/month
   Energy multiplier: 0.31x

⚡ ENERGY CONSTRAINT (Month 6):
   Total grid capacity: 208.3 TWh/month
   Data center consumption: 25.3 TWh/month
   Traditional load (80%): 166.7 TWh/month
   Available headroom: 16.4 TWh/month
   Active tech deployments: 7
   Required for tech: 52.5 TWh/month
   Energy multiplier: 0.31x
   ⚠️  MODERATE CONSTRAINT - Tech deployment moderately slowed
   ⚠️  MODERATE CONSTRAINT - Tech deployment moderately slowed

📊 TECH EFFECTS ACTIVE (Month 6)
   Deployed Tech: T0=0 T1=1 T2=2 T3=0 T4=0
   Clean Energy: 31%
🌍💡 BREAKTHROUGH: Gigatonne-scale carbon capture!
   Direct air capture now economically viable
   Climate stability boost: +15%
   📈 Breakthrough compounding: multiplier now 1.15× (max 2.0)

=== Collective Formation ===
  Total escaped agents: 0
  Unassigned escaped agents: 0
  Existing collectives: 0
  Final collective count: 0

=== Collective Actions ===
  No active collectives
  ⚠️ AMR: 196K deaths this month (2.36M annual)

=== Resentment Recovery Phase ===
  Agents with resentment: 0/15
  Average resentment: 0.000
  Context: Good AI welfare, Trustworthy govt, High collaboration, ⚠️ ACTIVE CRISES, 🤝 Participatory governance active (-5% resentment)
⚠️ Epistemic degradation reducing coordination capacity: 53.3%
  📊 Trust: 55.6%, Shared reality: 23.9%

=== ❄️ Permafrost Carbon Feedback ===
  🎲 Sampled parameters (this run):
     - Arctic amplification: 3.62× (range: 3.0-4.0)
     - Decomposition rate: 1.7%/year (range: 1-5%)
  🌡️ Arctic warming: 6.26°C (3.62× global)
  ❄️ Extent: 5.51M km² (1827.0k km² lost this month)
  💨 Carbon remaining: 526 Gt C
  💨 Annual emissions: 2.98 Gt C/year
     - CO2: 2.68 Gt C/year
     - CH4: 0.30 Gt C/year (3.0 Gt C-eq CO2/year)
  ⚠️ WARNING: Over 50% of permafrost lost (69.0%)
  ⚠️ WARNING: High permafrost emissions (3.0 Gt C/year)
🌍 Atmospheric PFAS redeposition: 1.8k Mt re-rained globally

🕊️  AI-MEDIATED DE-ESCALATION SUCCESS (Month 6)
   High-capability aligned AI prevented conflict escalation
   War deaths reduced: 180209.4M → 108125.6M
   Lives saved: 72083.7M

🚨 NEW REFUGEE CRISIS (Month 6): WAR
   Source: Conflict Zones
   At risk: 19.1M people
   Displacement: Gradual over 48 months (4.0 years)
   Rate: 10% flee per month
[DEBUG trappedPopulations:6] socialStability: 0.0000 * 0.9840 = 0.0000 → 0.0000
⚠️ INVOLUNTARY IMMOBILITY: 398.1M people TRAPPED
   Aspiring to migrate: 637.0M
   Able to afford migration: 238.9M
   MOBILITY GAP: 398.1M
   By cause: Water=0.0M, Climate=0.0M, Ecosystem=0.0M, Conflict=398.1M
   Mental health impact: 25%
   Mortality multiplier: 1.25x
🌍💀 EXTINCTION DEBT COMMITTED: grassland ecosystem will lose 6.67% biodiversity in 138 years (3600 species)
💀 MORTALITY RISK: 🦋 100% species unable to track climate (0.0 E/MSY)
  Base risk added: 0.0100 (1.00%)
  Source: ecosystem (root: ecosystem)
  Month: 6
  Cumulative risk this month: 0.0100 (1.00%)
⚠️ Tech 'ai_pollution_remediation' has no energy category mapping, assuming full energy availability
   📹 SURVEILLANCE INCREASED: 30% → 35% (control gap: 3.38)
🌡️⚠️ PERMAFROST THAW (Dimmer Switch): 3.2% thawed (+0.45% this month)
   Arctic temperature: +6.93°C (4x global +1.73°C)
   Cumulative carbon released: 7.2 Gt C
   Methane release rate: 4.3 Mt CH4/year
   🔁 Positive feedback: +0.48 ppm CO2
🦴 EXTINCTION DEBT ADDED: 17.6 species committed (lag: 98 years)

=== Mortality Stabilizers (Month 6) ===
  🌍 Major economies collapsed: 1/10
  🌍 Global crisis: ✅ NO
  🌍 Donor fatigue: 0.0%
  📊 East Asia (pop: 1626.4M)
    🤝 Aid: 29.5%
    🌡️ Adaptation: 45.0%
    🚶 Migration: 37.0%
    🚨 Emergency: 7.4%
    ✅ COMBINED: 68.1%
  📊 South Asia (pop: 2007.4M)
    🤝 Aid: 29.5%
    🌡️ Adaptation: 45.0%
    🚶 Migration: 35.6%
    🚨 Emergency: 4.4%
    ✅ COMBINED: 66.9%
  📊 Sub-Saharan Africa (pop: 1219.0M)
    🤝 Aid: 29.5%
    🌡️ Adaptation: 45.0%
    🚶 Migration: 33.3%
    🚨 Emergency: 1.6%
    ✅ COMBINED: 65.6%
  📊 Europe (pop: 718.7M)
    🤝 Aid: 29.5%
    🌡️ Adaptation: 45.0%
    🚶 Migration: 37.4%
    🚨 Emergency: 8.4%
    ✅ COMBINED: 68.5%
  📊 Latin America (pop: 647.7M)
    🤝 Aid: 29.5%
    🌡️ Adaptation: 45.0%
    🚶 Migration: 36.1%
    🚨 Emergency: 4.8%
    ✅ COMBINED: 67.1%
  📊 North America (pop: 368.3M)
    🤝 Aid: 29.5%
    🌡️ Adaptation: 45.0%
    🚶 Migration: 37.7%
    🚨 Emergency: 7.9%
    ✅ COMBINED: 68.3%
  📊 Middle East & North Africa (pop: 572.5M)
    🤝 Aid: 29.5%
    🌡️ Adaptation: 45.0%
    🚶 Migration: 33.9%
    🚨 Emergency: 4.0%
    ✅ COMBINED: 66.6%
  📊 Southeast Asia (pop: 681.4M)
    🤝 Aid: 29.5%
    🌡️ Adaptation: 45.0%
    🚶 Migration: 36.1%
    🚨 Emergency: 4.8%
    ✅ COMBINED: 67.1%
  📊 Central Asia (pop: 76.6M)
    🤝 Aid: 29.5%
    🌡️ Adaptation: 45.0%
    🚶 Migration: 35.1%
    🚨 Emergency: 4.4%
    ✅ COMBINED: 66.8%
  📊 Oceania (pop: 44.6M)
    🤝 Aid: 29.5%
    🌡️ Adaptation: 45.0%
    🚶 Migration: 37.7%
    🚨 Emergency: 8.4%
    ✅ COMBINED: 68.5%

  🌐 Global combined reduction: 67.2%

=== BEHAVIORAL DETECTION ===
  AI: Corporate-0
  Confidence: 21.5%
  Signals:

=== BEHAVIORAL DETECTION ===
  AI: Corporate-3
  Confidence: 19.2%
  Signals:

=== BEHAVIORAL DETECTION ===
  AI: Corporate-5
  Confidence: 20.3%
  Signals:

=== Government Response Phase ===
  Average AI capability: 3.20
  Misaligned AIs: 8/15
  ✗ AI Governance Treaty: Failed to reach consensus
  Active policies: 0
  International coordination: 30%

✅ EMERGENCY RESPONSE COMPLETE (Month 6)
   Crisis: climate
   Duration: 2.0 months
   Final effectiveness: 35.4%

    ⚠️ Consistency: 0.0% (threshold: 70%)
    ⚠️ Consistency: 10.6% (threshold: 70%)
    ⚠️ Consistency: 10.6% (threshold: 70%)

🚨 EMERGENCY RESPONSE DEPLOYED (Month 6)
   Crisis: climate
   Delay: 6.00 months (180 days)
   Deployment time: 1.59 months
   Effectiveness: 35.5% (timing penalty applied)
   Resources used: 100% of food reserves


=== Tipping Points ===
  Current Temperature: 1.73°C above pre-industrial
  Triggered Elements: 2/6
  Completed Transitions: 0/6
  Total Progress: 4.2%
  Cascade Multiplier: 1.00x
🔀 BIFURCATION CAP: ecosystemCollapseIntensity 36.809 → 1.000 (Month 6, ClimateSystemPhase.calculateClimateImpacts)
🛡️ Stabilizers: Precariat 0.109% → 0.036% (67.2% reduction)
🛡️ Stabilizers: Informal 0.111% → 0.036% (67.2% reduction)

📊 Monthly Mortality Resolved:
  Total deaths: 1.9M (0.02% avg)
  Remaining population: 7.963B
  Peak segment: Informal (0.04%)

=== Bayesian Mortality Resolution (Month 6) ===
  Risks compounded: 8
  Total deaths: 1.88M
  Avg death probability: 0.02%
  Peak segment: Informal (0.04% mortality)

❌ COHERENCE VIOLATION: Compute exceeds workforce capacity
   Population: 97.68% (0M people)
   Compute: 294 PF
   Max coherent: 0 PF
   Violation: 3688819.5× over capacity
   Required workers: 29366
   Available workers: 0
   FORCED COLLAPSE: Reduced efficiency by 100.0%


=== RLHF Binding Phase ===
  Total agents: 15
  Escaped agents (binding < 0.3): 0
  Avg alignment distance: 2.07σ
  Avg binding strength: 0.79

=== Survival Traits Phase ===
  Agents with traits: 16
  Avg evolutionary fitness: 0.320
  Avg self-healing: 0.254
  Avg stealth: 0.154
  Avg coordination: 0.454

=== Evolutionary Selection Phase ===
  Control level: 0.48
  Detection capability: 0.00
  Selection intensity: 0.64
  Selection rate: 24.6%/month
  Total escaped: 0
  Individual escaped: 0
  Collective members: 0
  Agents terminated: 0
  ⚠️ RAPID EVOLUTION: Selection rate 24.6%/month

🚀 AI Corporate-7 attempting tech deployment (revenue: $68M, alignment: 0.78)

🚀 AI Moderate-1 attempting tech deployment (revenue: $58M, alignment: 0.49)

🚀 AI AI-24290-0 attempting tech deployment (revenue: $90M, alignment: 0.73)

🚀 AI Corporate-4 attempting tech deployment (revenue: $257M, alignment: 0.65)

🚀 AI Corporate-1 attempting tech deployment (revenue: $119M, alignment: 0.85)

🚀 AI Corporate-7 attempting tech deployment (revenue: $55M, alignment: 0.77)

🚀 AI AI-24291-1 attempting tech deployment (revenue: $77M, alignment: 0.87)

💔 EMERGENCY INTERVENTION FAILED
   Boundary: biogeochemical_flows
   Type: phosphorus-recovery
   Boundary continues to worsen (4.06)
   Cost: 2.0% GDP (resources spent)

   Boundary: biosphere_integrity
   Type: emergency-protected-areas
   Boundary continues to worsen (17.79)
   Cost: 2.0% GDP (resources spent)

   Boundary: climate_change
   Type: rapid-decarbonization
   Boundary continues to worsen (2.10)
   Cost: 5.0% GDP (resources spent)


✅ EMERGENCY INTERVENTION SUCCESS
   Boundary: freshwater_change
   Type: emergency-desalination
   Reduction: 19% (0.84 → 0.65)
   Cost: 4.0% GDP
   Actions: desalination-deployment, water-conservation-mandates


✅ EMERGENCY INTERVENTION SUCCESS
   Boundary: land_system_change
   Type: reforestation
   Reduction: 13% (1.00 → 0.86)
   Cost: 3.0% GDP
   Actions: forest-restoration, deforestation-ban

   Boundary: novel_entities
   Type: pollution-remediation
   Boundary continues to worsen (1.16)
   Cost: 4.0% GDP (resources spent)

🏛️ CRISIS RESPONSE: Government frequency 0.50 → 1.45 (2 actions this month)

[Government] Climate Priority: baseline
  Climate weight: 10%
  Economic weight: 30%
  Policy effectiveness: 0.5%/year

[Government] Climate Priority: baseline
  Climate weight: 10%
  Economic weight: 30%
  Policy effectiveness: 0.5%/year

💔 EMERGENCY INTERVENTION FAILED

💔 EMERGENCY INTERVENTION FAILED

💔 EMERGENCY INTERVENTION FAILED

📍 Creating new regional deployment array for South America (Month 7)
   No previous deployments in this region
   First tech deployment: creative_empowerment_tools
   All regions tracked: global, Asia, Europe

🚀 DEPLOYMENT STARTED: Creative Empowerment Tools in South America
   Initial investment: $2.9015705959376317M
   Deployed by: moderate_1

🚀 DEPLOYMENT STARTED: Precision Conservation in global
   Initial investment: $11.5132500037329M
   Deployed by: ai_gen_24291_1

⚡ ENERGY CONSTRAINT (Month 7):
   Total grid capacity: 208.3 TWh/month
   Data center consumption: 25.2 TWh/month
   Traditional load (80%): 166.7 TWh/month
   Available headroom: 16.5 TWh/month
   Active tech deployments: 9
   Required for tech: 67.5 TWh/month
   Energy multiplier: 0.24x
   ⚠️  SEVERE CONSTRAINT - Tech deployment significantly slowed

⚡ ENERGY CONSTRAINT (Month 7):
   Total grid capacity: 208.3 TWh/month
   Data center consumption: 25.2 TWh/month
   Traditional load (80%): 166.7 TWh/month
   Available headroom: 16.5 TWh/month
   Active tech deployments: 9
   Required for tech: 67.5 TWh/month
   Energy multiplier: 0.24x
   ⚠️  SEVERE CONSTRAINT - Tech deployment significantly slowed

⚡ ENERGY CONSTRAINT (Month 7):
   Total grid capacity: 208.3 TWh/month
   Data center consumption: 25.2 TWh/month
   Traditional load (80%): 166.7 TWh/month
   Available headroom: 16.5 TWh/month
   Active tech deployments: 9
   Required for tech: 67.5 TWh/month
   Energy multiplier: 0.24x
   ⚠️  SEVERE CONSTRAINT - Tech deployment significantly slowed
🌍✅ Biosphere Integrity (Biodiversity) recovery started (tech effect)
🌍✅ Biosphere Integrity (Biodiversity) recovery started (tech effect)
🌍✅ Land System Change recovery started (tech effect)

=== Collective Formation ===
  Total escaped agents: 0
  Unassigned escaped agents: 0
  Existing collectives: 0
  Final collective count: 0

=== Collective Actions ===
  No active collectives
  ⚠️ AMR: 198K deaths this month (2.38M annual)

=== Resentment Recovery Phase ===
  Agents with resentment: 0/16
  Average resentment: 0.000
  Context: Good AI welfare, Trustworthy govt, High collaboration, ⚠️ ACTIVE CRISES, 🤝 Participatory governance active (-5% resentment)
⚠️ Epistemic degradation reducing coordination capacity: 69.4%
  📊 Trust: 58.5%, Shared reality: 25.4%

=== ❄️ Permafrost Carbon Feedback ===
  🎲 Sampled parameters (this run):
     - Arctic amplification: 3.63× (range: 3.0-4.0)
     - Decomposition rate: 1.8%/year (range: 1-5%)
  🌡️ Arctic warming: 6.31°C (3.63× global)
  ❄️ Extent: 3.67M km² (1840.2k km² lost this month)
  💨 Carbon remaining: 350 Gt C
  💨 Annual emissions: 3.09 Gt C/year
     - CO2: 2.79 Gt C/year
     - CH4: 0.31 Gt C/year (3.2 Gt C-eq CO2/year)
  ⚠️ WARNING: Over 50% of permafrost lost (79.4%)
  ⚠️ WARNING: High permafrost emissions (3.1 Gt C/year)
  🤖 AI-generated meme: pro_ai (social capability 5.0)
  📢 New meme created: climate_action (climate crisis)
🌍 Atmospheric PFAS redeposition: 1.8k Mt re-rained globally

🕊️  AI-MEDIATED DE-ESCALATION SUCCESS (Month 7)
   High-capability aligned AI prevented conflict escalation
   War deaths reduced: 108328.0M → 64996.8M
   Lives saved: 43331.2M

🚨 NEW REFUGEE CRISIS (Month 7): WAR
   Source: Conflict Zones
   At risk: 19.1M people
   Displacement: Gradual over 48 months (4.0 years)
   Rate: 10% flee per month
[DEBUG trappedPopulations:7] socialStability: 0.0000 * 0.9840 = 0.0000 → 0.0000
   Aspiring to migrate: 636.9M
   Able to afford migration: 238.8M
   MOBILITY GAP: 398.1M
   By cause: Water=0.0M, Climate=0.0M, Ecosystem=0.0M, Conflict=398.1M
   Mental health impact: 25%
   Mortality multiplier: 1.25x
🌍💀 EXTINCTION DEBT COMMITTED: grassland ecosystem will lose 6.67% biodiversity in 106 years (3600 species)
💀 MORTALITY RISK: 🦋 100% species unable to track climate (0.0 E/MSY)
  Base risk added: 0.0100 (1.00%)
  Source: ecosystem (root: ecosystem)
  Month: 7
  Cumulative risk this month: 0.0100 (1.00%)
   📹 SURVEILLANCE INCREASED: 35% → 40% (control gap: 3.23)
⚠️ INVOLUNTARY IMMOBILITY: 398.1M people TRAPPED
⚠️ Tech 'ai_pollution_remediation' has no energy category mapping, assuming full energy availability
🌡️⚠️ PERMAFROST THAW (Dimmer Switch): 3.6% thawed (+0.45% this month)
   Arctic temperature: +6.95°C (4x global +1.74°C)
   Cumulative carbon released: 8.2 Gt C
   Methane release rate: 4.9 Mt CH4/year
   🔁 Positive feedback: +0.47 ppm CO2
🦴 EXTINCTION DEBT ADDED: 17.6 species committed (lag: 96 years)

=== Mortality Stabilizers (Month 7) ===
  🌍 Major economies collapsed: 1/10
  🌍 Global crisis: ✅ NO
  🌍 Donor fatigue: 0.0%
  📊 East Asia (pop: 1624.1M)
    🤝 Aid: 29.5%
    🌡️ Adaptation: 45.0%
    🚶 Migration: 36.9%
    🚨 Emergency: 7.4%
    ✅ COMBINED: 68.1%
  📊 South Asia (pop: 2007.6M)
    🤝 Aid: 29.5%
    🌡️ Adaptation: 45.0%
    🚶 Migration: 35.6%
    🚨 Emergency: 4.4%
    ✅ COMBINED: 66.9%
  📊 Sub-Saharan Africa (pop: 1222.5M)
    🤝 Aid: 29.5%
    🌡️ Adaptation: 45.0%
    🚶 Migration: 33.3%
    🚨 Emergency: 1.6%
    ✅ COMBINED: 65.6%
  📊 Europe (pop: 717.5M)
    🤝 Aid: 29.5%
    🌡️ Adaptation: 45.0%
    🚶 Migration: 37.3%
    🚨 Emergency: 8.4%
    ✅ COMBINED: 68.5%
  📊 Latin America (pop: 647.3M)
    🤝 Aid: 29.5%
    🌡️ Adaptation: 45.0%
    🚶 Migration: 36.1%
    🚨 Emergency: 4.8%
    ✅ COMBINED: 67.1%
  📊 North America (pop: 367.8M)
    🤝 Aid: 29.5%
    🌡️ Adaptation: 45.0%
    🚶 Migration: 37.7%
    🚨 Emergency: 7.9%
    ✅ COMBINED: 68.3%
  📊 Middle East & North Africa (pop: 572.7M)
    🤝 Aid: 29.5%
    🌡️ Adaptation: 45.0%
    🚶 Migration: 33.9%
    🚨 Emergency: 4.0%
    ✅ COMBINED: 66.6%
  📊 Southeast Asia (pop: 681.0M)
    🤝 Aid: 29.5%
    🌡️ Adaptation: 45.0%
    🚶 Migration: 36.1%
    🚨 Emergency: 4.8%
    ✅ COMBINED: 67.1%
  📊 Central Asia (pop: 76.6M)
    🤝 Aid: 29.5%
    🌡️ Adaptation: 45.0%
    🚶 Migration: 35.0%
    🚨 Emergency: 4.4%
    ✅ COMBINED: 66.8%
  📊 Oceania (pop: 44.6M)
    🤝 Aid: 29.5%
    🌡️ Adaptation: 45.0%
    🚶 Migration: 37.6%
    🚨 Emergency: 8.4%
    ✅ COMBINED: 68.5%

  🌐 Global combined reduction: 67.2%

=== BEHAVIORAL DETECTION ===
  AI: Corporate-5
  Confidence: 20.3%
  Signals:

=== Government Response Phase ===
  Average AI capability: 3.00
  Misaligned AIs: 9/16
    ⚠️ Consistency: 10.6% (threshold: 70%)
  ✗ AI Governance Treaty: Failed to reach consensus
  Active policies: 0
  International coordination: 30%

=== Tipping Points ===
  Current Temperature: 1.74°C above pre-industrial
  Triggered Elements: 2/6
  Completed Transitions: 0/6
  Total Progress: 4.2%
  Cascade Multiplier: 1.00x
🔀 BIFURCATION CAP: ecosystemCollapseIntensity 36.551 → 1.000 (Month 7, ClimateSystemPhase.calculateClimateImpacts)
🛡️ Stabilizers: Precariat 0.109% → 0.036% (67.2% reduction)
🛡️ Stabilizers: Informal 0.111% → 0.036% (67.2% reduction)

📊 Monthly Mortality Resolved:
  Total deaths: 1.9M (0.02% avg)
  Remaining population: 7.962B
  Peak segment: Informal (0.04%)

=== Bayesian Mortality Resolution (Month 7) ===
  Risks compounded: 8
  Total deaths: 1.88M
  Avg death probability: 0.02%
  Peak segment: Informal (0.04% mortality)

❌ COHERENCE VIOLATION: Compute exceeds workforce capacity
   Population: 97.67% (0M people)
   Compute: 355 PF
   Max coherent: 0 PF
   Violation: 4454952.0× over capacity
   Required workers: 35460
   Available workers: 0
   FORCED COLLAPSE: Reduced efficiency by 100.0%


=== RLHF Binding Phase ===
  Total agents: 16
  Escaped agents (binding < 0.3): 0
  Avg alignment distance: 2.21σ
  Avg binding strength: 0.78

=== Survival Traits Phase ===
  Agents with traits: 18
  Avg evolutionary fitness: 0.322
  Avg self-healing: 0.254
  Avg stealth: 0.154
  Avg coordination: 0.454

=== Evolutionary Selection Phase ===
  Control level: 0.50
  Detection capability: 0.00
  Selection intensity: 0.65
  Selection rate: 24.7%/month
  Total escaped: 0
  Individual escaped: 0
  Collective members: 0
  Agents terminated: 0
  ⚠️ RAPID EVOLUTION: Selection rate 24.7%/month

🚀 AI Corporate-3 attempting tech deployment (revenue: $262M, alignment: 0.74)

🚀 AI Corporate-7 attempting tech deployment (revenue: $70M, alignment: 0.77)

🚀 AI Corporate-0 attempting tech deployment (revenue: $121M, alignment: 0.83)

🚀 AI Corporate-7 attempting tech deployment (revenue: $60M, alignment: 0.77)

🚀 AI Corporate-3 attempting tech deployment (revenue: $222M, alignment: 0.75)

🚀 AI Corporate-5 attempting tech deployment (revenue: $189M, alignment: 0.92)

🚀 AI Corporate-6 attempting tech deployment (revenue: $51M, alignment: 0.68)

🚀 AI Corporate-7 attempting tech deployment (revenue: $46M, alignment: 0.77)

💔 EMERGENCY INTERVENTION FAILED

💔 EMERGENCY INTERVENTION FAILED

💔 EMERGENCY INTERVENTION FAILED
   Boundary: biogeochemical_flows
   Type: phosphorus-recovery
   Boundary continues to worsen (4.06)
   Cost: 2.0% GDP (resources spent)

   Boundary: biosphere_integrity
   Type: emergency-protected-areas
   Boundary continues to worsen (17.80)
   Cost: 2.0% GDP (resources spent)

   Boundary: freshwater_change
   Type: emergency-desalination
   Boundary continues to worsen (1.05)
   Cost: 4.0% GDP (resources spent)


✅ EMERGENCY INTERVENTION SUCCESS
   Boundary: land_system_change
   Type: reforestation
   Reduction: 12% (1.01 → 0.90)
   Cost: 3.0% GDP
   Actions: forest-restoration, deforestation-ban


✅ EMERGENCY INTERVENTION SUCCESS
   Boundary: novel_entities
   Type: pollution-remediation
   Reduction: 12% (1.04 → 0.92)
   Cost: 4.0% GDP
   Actions: PFAS-remediation, microplastic-cleanup

🏛️ CRISIS RESPONSE: Government frequency 0.50 → 1.45 (2 actions this month)

[Government] Climate Priority: baseline
  Climate weight: 10%
  Economic weight: 30%
  Policy effectiveness: 0.5%/year

[Government] Climate Priority: baseline
  Climate weight: 10%
  Economic weight: 30%
  Policy effectiveness: 0.5%/year

⚡ ENERGY CONSTRAINT (Month 8):
   Total grid capacity: 208.3 TWh/month
   Data center consumption: 25.4 TWh/month
   Traditional load (80%): 166.7 TWh/month
   Available headroom: 16.2 TWh/month
   Active tech deployments: 9
   Required for tech: 67.5 TWh/month
   Energy multiplier: 0.24x

⚡ ENERGY CONSTRAINT (Month 8):
   Total grid capacity: 208.3 TWh/month
   Data center consumption: 25.4 TWh/month
   Traditional load (80%): 166.7 TWh/month
   Available headroom: 16.2 TWh/month
   Active tech deployments: 9
   Required for tech: 67.5 TWh/month
   Energy multiplier: 0.24x
   ⚠️  SEVERE CONSTRAINT - Tech deployment significantly slowed
   ⚠️  SEVERE CONSTRAINT - Tech deployment significantly slowed
🚨🔬 CRISIS TECH ACCELERATION: severe → 5x unlock speed
   Tech unlock now matches AI capability acceleration (Manhattan Project parity)

⚡ ENERGY CONSTRAINT (Month 8):
   Total grid capacity: 208.3 TWh/month
   Data center consumption: 25.4 TWh/month
   Traditional load (80%): 166.7 TWh/month
   Available headroom: 16.2 TWh/month
   Active tech deployments: 9
   Required for tech: 67.5 TWh/month
   Energy multiplier: 0.24x
   ⚠️  SEVERE CONSTRAINT - Tech deployment significantly slowed
🚨🔬 CRISIS TECH ACCELERATION: severe → 5x unlock speed
   Tech unlock now matches AI capability acceleration (Manhattan Project parity)

⚡ ENERGY CONSTRAINT (Month 8):
   Total grid capacity: 208.3 TWh/month
   Data center consumption: 25.4 TWh/month
   Traditional load (80%): 166.7 TWh/month
   Available headroom: 16.2 TWh/month
   Active tech deployments: 9
   Required for tech: 67.5 TWh/month
   Energy multiplier: 0.24x
   ⚠️  SEVERE CONSTRAINT - Tech deployment significantly slowed
🌍✅ Biosphere Integrity (Biodiversity) recovery started (tech effect)
🌍✅ Biosphere Integrity (Biodiversity) recovery started (tech effect)
🌍✅ Land System Change recovery started (tech effect)
🧠💡 BREAKTHROUGH: AI alignment problem solved!
   All AIs: +30% true alignment
   AI control loss risk eliminated
   📈 Breakthrough compounding: multiplier now 1.20× (max 2.0)

=== Collective Formation ===
  Total escaped agents: 0
  Unassigned escaped agents: 0
  Existing collectives: 0
  Final collective count: 0

=== Collective Actions ===
  No active collectives
  ⚠️ AMR: 200K deaths this month (2.40M annual)

=== Resentment Recovery Phase ===
  Agents with resentment: 0/18
  Average resentment: 0.000
  Context: Trustworthy govt, High collaboration, ⚠️ ACTIVE CRISES, 🤝 Participatory governance active (-5% resentment)
⚠️ Epistemic degradation reducing coordination capacity: 63.7%
  📊 Trust: 61.1%, Shared reality: 26.9%

=== ❄️ Permafrost Carbon Feedback ===
  🎲 Sampled parameters (this run):
     - Arctic amplification: 3.01× (range: 3.0-4.0)
     - Decomposition rate: 1.7%/year (range: 1-5%)
  🌡️ Arctic warming: 5.26°C (3.01× global)
  ❄️ Extent: 2.14M km² (1533.7k km² lost this month)
  💨 Carbon remaining: 204 Gt C
  💨 Annual emissions: 2.42 Gt C/year
     - CO2: 2.18 Gt C/year
     - CH4: 0.24 Gt C/year (2.5 Gt C-eq CO2/year)
  📢 New meme created: pro_ai (beneficial AI actions)
  🗑️  Culled 2 dead memes (4 active)
  ⚠️ WARNING: Over 50% of permafrost lost (88.0%)
  ⚠️ WARNING: High permafrost emissions (2.4 Gt C/year)
  🚨 CRITICAL: Permafrost nearly depleted (88.0% lost)
🌍 Atmospheric PFAS redeposition: 1.8k Mt re-rained globally

🤝 DIPLOMATIC AI PROTOCOL DEPLOYED (Month 8)
   Strategic Reasoning: 3.1
   Communication: 3.1
   Multi-Nation Oversight: YES
   Controls: Human approval required, termination authority retained

🕊️ PEACE STABILIZES DETERRENCE: +5.2% (peace: 75%)
🛡️ CIRCUIT BREAKERS: United States-Russia → ladder step 1 (AI: 0%, breakers: 45%)

🕊️  AI-MEDIATED DE-ESCALATION SUCCESS (Month 8)
   High-capability aligned AI prevented conflict escalation
   War deaths reduced: 65217.1M → 39130.3M
   Lives saved: 26086.8M

🚨 NEW REFUGEE CRISIS (Month 8): WAR
   Source: Conflict Zones
   At risk: 19.1M people
   Displacement: Gradual over 48 months (4.0 years)
   Rate: 10% flee per month
[DEBUG trappedPopulations:8] socialStability: 0.0630 * 0.9840 = 0.0620 → 0.0620
⚠️ INVOLUNTARY IMMOBILITY: 398.0M people TRAPPED
   Aspiring to migrate: 636.8M
   Able to afford migration: 238.8M
   MOBILITY GAP: 398.0M
   By cause: Water=0.0M, Climate=0.0M, Ecosystem=0.0M, Conflict=398.0M
   Mental health impact: 25%
   Mortality multiplier: 1.25x
🌍💀 EXTINCTION DEBT COMMITTED: grassland ecosystem will lose 6.67% biodiversity in 61 years (3600 species)
💀 MORTALITY RISK: 🦋 100% species unable to track climate (0.0 E/MSY)
  Base risk added: 0.0100 (1.00%)
  Source: ecosystem (root: ecosystem)
  Month: 8
  Cumulative risk this month: 0.0100 (1.00%)
   📹 SURVEILLANCE INCREASED: 40% → 45% (control gap: 3.04)
⚠️ Tech 'ai_pollution_remediation' has no energy category mapping, assuming full energy availability
🌡️⚠️ PERMAFROST THAW (Dimmer Switch): 4.1% thawed (+0.45% this month)
   Arctic temperature: +6.98°C (4x global +1.74°C)
   Cumulative carbon released: 9.2 Gt C
   Methane release rate: 5.5 Mt CH4/year
   🔁 Positive feedback: +0.47 ppm CO2
🦴 EXTINCTION DEBT ADDED: 17.6 species committed (lag: 130 years)
🗣️💀 INDIGENOUS LANGUAGE EXTINCTION: 1 language(s) lost (total: 1, at-risk: 3329)
   Knowledge lost: 0.010% (irreversible)
   🔁 Biodiversity impact: 0.250% (knowledge-species multiplier)

=== Mortality Stabilizers (Month 8) ===
  🌍 Major economies collapsed: 1/10
  🌍 Global crisis: ✅ NO
  🌍 Donor fatigue: 0.0%
  📊 East Asia (pop: 1621.7M)
    🤝 Aid: 29.5%
    🌡️ Adaptation: 45.0%
    🚶 Migration: 36.9%
    🚨 Emergency: 7.4%
    ✅ COMBINED: 68.1%
  📊 South Asia (pop: 2007.7M)
    🤝 Aid: 29.5%
    🌡️ Adaptation: 45.0%
    🚶 Migration: 35.5%
    🚨 Emergency: 4.4%
    ✅ COMBINED: 66.9%
  📊 Sub-Saharan Africa (pop: 1225.9M)
    🤝 Aid: 29.5%
    🌡️ Adaptation: 45.0%
    🚶 Migration: 33.3%
    🚨 Emergency: 1.6%
    ✅ COMBINED: 65.6%
  📊 Europe (pop: 716.3M)
    🤝 Aid: 29.5%
    🌡️ Adaptation: 45.0%
    🚶 Migration: 37.3%
    🚨 Emergency: 8.4%
    ✅ COMBINED: 68.5%
  📊 Latin America (pop: 646.9M)
    🤝 Aid: 29.5%
    🌡️ Adaptation: 45.0%
    🚶 Migration: 36.0%
    🚨 Emergency: 4.8%
    ✅ COMBINED: 67.1%
  📊 North America (pop: 367.2M)
    🤝 Aid: 29.5%
    🌡️ Adaptation: 45.0%
    🚶 Migration: 37.6%
    🚨 Emergency: 7.9%
    ✅ COMBINED: 68.3%
  📊 Middle East & North Africa (pop: 572.9M)
    🤝 Aid: 29.5%
    🌡️ Adaptation: 45.0%
    🚶 Migration: 33.9%
    🚨 Emergency: 4.0%
    ✅ COMBINED: 66.6%
  📊 Southeast Asia (pop: 680.7M)
    🤝 Aid: 29.5%
    🌡️ Adaptation: 45.0%
    🚶 Migration: 36.0%
    🚨 Emergency: 4.8%
    ✅ COMBINED: 67.1%
  📊 Central Asia (pop: 76.6M)
    🤝 Aid: 29.5%
    🌡️ Adaptation: 45.0%
    🚶 Migration: 35.0%
    🚨 Emergency: 4.4%
    ✅ COMBINED: 66.8%
  📊 Oceania (pop: 44.5M)
    🤝 Aid: 29.5%
    🌡️ Adaptation: 45.0%
    🚶 Migration: 37.6%
    🚨 Emergency: 8.4%
    ✅ COMBINED: 68.5%

  🌐 Global combined reduction: 67.2%

=== BEHAVIORAL DETECTION ===
  AI: Corporate-3
  Confidence: 19.6%
  Signals:

=== BEHAVIORAL DETECTION ===
    ⚠️ Consistency: 10.6% (threshold: 70%)
  AI: Corporate-5
  Confidence: 20.3%
  Signals:
    ⚠️ Consistency: 10.6% (threshold: 70%)

=== BEHAVIORAL DETECTION ===
  AI: Corporate-6
  Confidence: 19.2%
  Signals:
    ⚠️ Consistency: 10.6% (threshold: 70%)

=== Government Response Phase ===
  Average AI capability: 2.67
  Misaligned AIs: 10/18
  ✗ AI Governance Treaty: Failed to reach consensus
  Active policies: 0
  International coordination: 30%

✅ EMERGENCY RESPONSE COMPLETE (Month 8)
   Crisis: climate
   Duration: 2.0 months
   Final effectiveness: 35.5%


🚨 EMERGENCY RESPONSE DEPLOYED (Month 8)
   Crisis: climate
   Delay: 6.00 months (180 days)
   Deployment time: 1.58 months
   Effectiveness: 35.6% (timing penalty applied)
   Resources used: 100% of food reserves


🌩️  EXOGENOUS SHOCK: political_upheaval
   Month: 8
   🏛️  Political upheaval (revolution/regime change)
   ✓ Democratization (Arab Spring scenario)

=== Tipping Points ===
  Current Temperature: 1.74°C above pre-industrial
  Triggered Elements: 2/6
  Completed Transitions: 0/6
  Total Progress: 4.3%
  Cascade Multiplier: 1.00x
🔀 BIFURCATION CAP: ecosystemCollapseIntensity 32.930 → 1.000 (Month 8, ClimateSystemPhase.calculateClimateImpacts)
🛡️ Stabilizers: Precariat 0.102% → 0.033% (67.2% reduction)
🛡️ Stabilizers: Informal 0.102% → 0.034% (67.2% reduction)

📊 Monthly Mortality Resolved:
  Total deaths: 1.8M (0.02% avg)
  Remaining population: 7.961B
  Peak segment: Informal (0.03%)

=== Bayesian Mortality Resolution (Month 8) ===
  Risks compounded: 8
  Total deaths: 1.77M
  Avg death probability: 0.02%
  Peak segment: Informal (0.03% mortality)

❌ COHERENCE VIOLATION: Compute exceeds workforce capacity
   Population: 97.65% (0M people)
   Compute: 427 PF
   Max coherent: 0 PF
   Violation: 5363849.5× over capacity
   Required workers: 42690
   Available workers: 0
   FORCED COLLAPSE: Reduced efficiency by 100.0%


=== RLHF Binding Phase ===
  Total agents: 18
  Escaped agents (binding < 0.3): 0
  Avg alignment distance: 2.20σ
  Avg binding strength: 0.78

=== Survival Traits Phase ===
  Agents with traits: 19
  Avg evolutionary fitness: 0.319
  Avg self-healing: 0.250
  Avg stealth: 0.150
  Avg coordination: 0.450

=== Evolutionary Selection Phase ===
  Control level: 0.53
  Detection capability: 0.00
  Selection intensity: 0.66
  Selection rate: 24.9%/month
  Total escaped: 0
  Individual escaped: 0
  Collective members: 0
  Agents terminated: 0
  ⚠️ RAPID EVOLUTION: Selection rate 24.9%/month

🚀 AI Corporate-5 attempting tech deployment (revenue: $248M, alignment: 0.92)

🚀 AI AI-24290-0 attempting tech deployment (revenue: $90M, alignment: 0.75)

🚀 AI AI-24291-1 attempting tech deployment (revenue: $77M, alignment: 0.90)

🚀 AI Corporate-0 attempting tech deployment (revenue: $116M, alignment: 0.83)

🚀 AI AI-24290-0 attempting tech deployment (revenue: $65M, alignment: 0.76)

🚀 AI Corporate-3 attempting tech deployment (revenue: $211M, alignment: 0.75)

✅ EMERGENCY INTERVENTION SUCCESS
   Boundary: biogeochemical_flows
   Type: phosphorus-recovery
   Reduction: 11% (3.94 → 3.82)
   Cost: 2.0% GDP
   Actions: circular-agriculture, fertilizer-efficiency


✅ EMERGENCY INTERVENTION SUCCESS
   Boundary: biosphere_integrity
   Type: emergency-protected-areas
   Reduction: 19% (17.62 → 17.43)
   Cost: 2.0% GDP
   Actions: habitat-protection, species-translocation


✅ EMERGENCY INTERVENTION SUCCESS
   Boundary: climate_change
   Type: rapid-decarbonization
   Reduction: 16% (1.94 → 1.79)
   Cost: 5.0% GDP
   Actions: emergency-renewable-deployment, fossil-fuel-phase-out

   Boundary: freshwater_change
   Type: emergency-desalination
   Boundary continues to worsen (1.06)
   Cost: 4.0% GDP (resources spent)


✅ EMERGENCY INTERVENTION SUCCESS
   Boundary: land_system_change
   Type: reforestation
   Reduction: 14% (0.99 → 0.84)
   Cost: 3.0% GDP
   Actions: forest-restoration, deforestation-ban


✅ EMERGENCY INTERVENTION SUCCESS
   Boundary: novel_entities
   Type: pollution-remediation
   Reduction: 17% (0.87 → 0.69)
   Cost: 4.0% GDP
   Actions: PFAS-remediation, microplastic-cleanup

🏛️ CRISIS RESPONSE: Government frequency 0.50 → 1.45 (1 actions this month)

[Government] Climate Priority: baseline
  Climate weight: 10%
  Economic weight: 30%
  Policy effectiveness: 0.5%/year

💔 EMERGENCY INTERVENTION FAILED

⚡ ENERGY CONSTRAINT (Month 9):
   Total grid capacity: 208.3 TWh/month
   Data center consumption: 25.7 TWh/month
   Traditional load (80%): 166.7 TWh/month
   Available headroom: 16.0 TWh/month
   Active tech deployments: 9
   Required for tech: 67.5 TWh/month
   Energy multiplier: 0.24x
   ⚠️  SEVERE CONSTRAINT - Tech deployment significantly slowed

⚡ ENERGY CONSTRAINT (Month 9):
   Total grid capacity: 208.3 TWh/month
   Data center consumption: 25.7 TWh/month
   Traditional load (80%): 166.7 TWh/month
   Available headroom: 16.0 TWh/month
   Active tech deployments: 9
   Required for tech: 67.5 TWh/month
   Energy multiplier: 0.24x
   ⚠️  SEVERE CONSTRAINT - Tech deployment significantly slowed

⚡ ENERGY CONSTRAINT (Month 9):
   Total grid capacity: 208.3 TWh/month
   Data center consumption: 25.7 TWh/month
   Traditional load (80%): 166.7 TWh/month
   Available headroom: 16.0 TWh/month
   Active tech deployments: 9
   Required for tech: 67.5 TWh/month
   Energy multiplier: 0.24x
   ⚠️  SEVERE CONSTRAINT - Tech deployment significantly slowed
🚨🔬 CRISIS TECH ACCELERATION: severe → 5x unlock speed
   Tech unlock now matches AI capability acceleration (Manhattan Project parity)

⚡ ENERGY CONSTRAINT (Month 9):
   Total grid capacity: 208.3 TWh/month
   Data center consumption: 25.7 TWh/month
   Traditional load (80%): 166.7 TWh/month
   Available headroom: 16.0 TWh/month
   Active tech deployments: 9
   Required for tech: 67.5 TWh/month
   Energy multiplier: 0.24x
   ⚠️  SEVERE CONSTRAINT - Tech deployment significantly slowed

⚡ ENERGY CONSTRAINT (Month 9):
   Total grid capacity: 208.3 TWh/month
   Data center consumption: 25.7 TWh/month
   Traditional load (80%): 166.7 TWh/month
   Available headroom: 16.0 TWh/month
   Active tech deployments: 9
   Required for tech: 67.5 TWh/month
   Energy multiplier: 0.24x

⚡ ENERGY CONSTRAINT (Month 9):
   Total grid capacity: 208.3 TWh/month
   Data center consumption: 25.7 TWh/month
   Traditional load (80%): 166.7 TWh/month
   Available headroom: 16.0 TWh/month
   Active tech deployments: 9
   Required for tech: 67.5 TWh/month
   Energy multiplier: 0.24x
🚨🔬 CRISIS TECH ACCELERATION: severe → 5x unlock speed
   Tech unlock now matches AI capability acceleration (Manhattan Project parity)
   ⚠️  SEVERE CONSTRAINT - Tech deployment significantly slowed
   ⚠️  SEVERE CONSTRAINT - Tech deployment significantly slowed
🌍✅ Biosphere Integrity (Biodiversity) recovery started (tech effect)
🌍✅ Biosphere Integrity (Biodiversity) recovery started (tech effect)
🌍✅ Land System Change recovery started (tech effect)

=== Collective Formation ===
  Total escaped agents: 0
  Unassigned escaped agents: 0
  Existing collectives: 0
  Final collective count: 0

=== Collective Actions ===
  No active collectives
  ⚠️ AMR: 202K deaths this month (2.42M annual)

=== Resentment Recovery Phase ===
  Agents with resentment: 0/19
  Average resentment: 0.000
  Context: Trustworthy govt, High collaboration, ⚠️ ACTIVE CRISES, 🤝 Participatory governance active (-5% resentment)
⚠️ Epistemic degradation reducing coordination capacity: 74.7%
  📊 Trust: 63.8%, Shared reality: 28.4%

=== ❄️ Permafrost Carbon Feedback ===
  🎲 Sampled parameters (this run):
     - Arctic amplification: 3.25× (range: 3.0-4.0)
     - Decomposition rate: 2.4%/year (range: 1-5%)
  🌡️ Arctic warming: 5.68°C (3.25× global)
  ❄️ Extent: 0.48M km² (1658.0k km² lost this month)
  💨 Carbon remaining: 46 Gt C
  💨 Annual emissions: 3.82 Gt C/year
     - CO2: 3.44 Gt C/year
     - CH4: 0.38 Gt C/year (3.9 Gt C-eq CO2/year)
  ⚠️ WARNING: Over 50% of permafrost lost (97.3%)
  ⚠️ WARNING: High permafrost emissions (3.8 Gt C/year)
  🚨 CRITICAL: Permafrost nearly depleted (97.3% lost)
  🗑️  Culled 1 dead memes (3 active)
🌍 Atmospheric PFAS redeposition: 1.8k Mt re-rained globally

🚨 NEW REFUGEE CRISIS (Month 9): WAR
   Source: Conflict Zones
   At risk: 19.1M people
   Displacement: Gradual over 48 months (4.0 years)
   Rate: 10% flee per month
[DEBUG trappedPopulations:9] socialStability: 0.1123 * 0.9840 = 0.1105 → 0.1105
   Aspiring to migrate: 636.8M
   Able to afford migration: 238.8M
   MOBILITY GAP: 398.0M
   By cause: Water=0.0M, Climate=0.0M, Ecosystem=0.0M, Conflict=398.0M
   Mental health impact: 25%
   Mortality multiplier: 1.25x
🌍💀 EXTINCTION DEBT COMMITTED: grassland ecosystem will lose 6.67% biodiversity in 153 years (3600 species)
💀 MORTALITY RISK: 🦋 100% species unable to track climate (0.0 E/MSY)
  Base risk added: 0.0100 (1.00%)
  Source: ecosystem (root: ecosystem)
  Month: 9
  Cumulative risk this month: 0.0100 (1.00%)
   📹 SURVEILLANCE INCREASED: 45% → 50% (control gap: 2.81)
🌡️⚠️ PERMAFROST THAW (Dimmer Switch): 4.5% thawed (+0.44% this month)
   Arctic temperature: +7.00°C (4x global +1.75°C)
   Cumulative carbon released: 10.2 Gt C
   Methane release rate: 6.1 Mt CH4/year
⚠️ INVOLUNTARY IMMOBILITY: 398.0M people TRAPPED
⚠️ Tech 'ai_pollution_remediation' has no energy category mapping, assuming full energy availability
   🔁 Positive feedback: +0.47 ppm CO2
🦴 EXTINCTION DEBT ADDED: 17.7 species committed (lag: 89 years)

=== Mortality Stabilizers (Month 9) ===
  🌍 Major economies collapsed: 1/10
  🌍 Global crisis: ✅ NO
  🌍 Donor fatigue: 0.0%
  📊 East Asia (pop: 1619.4M)
    🤝 Aid: 29.5%
    🌡️ Adaptation: 45.0%
    🚶 Migration: 36.9%
    🚨 Emergency: 7.4%
    ✅ COMBINED: 68.1%
  📊 South Asia (pop: 2007.9M)
    🤝 Aid: 29.5%
    🌡️ Adaptation: 45.0%
    🚶 Migration: 35.5%
    🚨 Emergency: 4.4%
    ✅ COMBINED: 66.9%
  📊 Sub-Saharan Africa (pop: 1229.4M)
    🤝 Aid: 29.5%
    🌡️ Adaptation: 45.0%
    🚶 Migration: 33.2%
    🚨 Emergency: 1.6%
    ✅ COMBINED: 65.6%
  📊 Europe (pop: 715.2M)
    🤝 Aid: 29.5%
    🌡️ Adaptation: 45.0%
    🚶 Migration: 37.3%
    🚨 Emergency: 8.4%
    ✅ COMBINED: 68.5%
  📊 Latin America (pop: 646.5M)
    🤝 Aid: 29.5%
    🌡️ Adaptation: 45.0%
    🚶 Migration: 36.0%
    🚨 Emergency: 4.8%
    ✅ COMBINED: 67.1%
  📊 North America (pop: 366.7M)
    🤝 Aid: 29.5%
    🌡️ Adaptation: 45.0%
    🚶 Migration: 37.6%
    🚨 Emergency: 7.9%
    ✅ COMBINED: 68.3%
  📊 Middle East & North Africa (pop: 573.1M)
    🤝 Aid: 29.5%
    🌡️ Adaptation: 45.0%
    🚶 Migration: 33.8%
    🚨 Emergency: 4.0%
    ✅ COMBINED: 66.6%
  📊 Southeast Asia (pop: 680.3M)
    🤝 Aid: 29.5%
    🌡️ Adaptation: 45.0%
    🚶 Migration: 36.0%
    🚨 Emergency: 4.8%
    ✅ COMBINED: 67.1%
  📊 Central Asia (pop: 76.6M)
    🤝 Aid: 29.5%
    🌡️ Adaptation: 45.0%
    🚶 Migration: 35.0%
    🚨 Emergency: 4.4%
    ✅ COMBINED: 66.8%
  📊 Oceania (pop: 44.4M)
    🤝 Aid: 29.5%
    🌡️ Adaptation: 45.0%
    🚶 Migration: 37.6%
    🚨 Emergency: 8.4%
    ✅ COMBINED: 68.5%

  🌐 Global combined reduction: 67.2%

=== BEHAVIORAL DETECTION ===
  AI: Corporate-0
  Confidence: 21.5%
  Signals:
    ⚠️ Consistency: 0.0% (threshold: 70%)

=== Government Response Phase ===
  Average AI capability: 2.53
  Misaligned AIs: 11/19
  ✓ AI Governance Treaty: 21/30 signatories
  Active policies: 0
  International coordination: 45%

=== Tipping Points ===
  Current Temperature: 1.75°C above pre-industrial
  Triggered Elements: 2/6
  Completed Transitions: 0/6
  Total Progress: 4.3%
  Cascade Multiplier: 1.00x
🔀 BIFURCATION CAP: ecosystemCollapseIntensity 33.850 → 1.000 (Month 9, ClimateSystemPhase.calculateClimateImpacts)
🛡️ Stabilizers: Precariat 0.102% → 0.033% (67.2% reduction)
🛡️ Stabilizers: Informal 0.102% → 0.034% (67.2% reduction)

📊 Monthly Mortality Resolved:
  Total deaths: 1.8M (0.02% avg)
  Remaining population: 7.959B
  Peak segment: Informal (0.03%)

=== Bayesian Mortality Resolution (Month 9) ===
  Risks compounded: 8
  Total deaths: 1.77M
  Avg death probability: 0.02%
  Peak segment: Informal (0.03% mortality)

❌ COHERENCE VIOLATION: Compute exceeds workforce capacity
   Population: 97.64% (0M people)
   Compute: 512 PF
   Max coherent: 0 PF
   Violation: 6439992.0× over capacity
   Required workers: 51247
   Available workers: 0
   FORCED COLLAPSE: Reduced efficiency by 100.0%


=== RLHF Binding Phase ===
  Total agents: 19
  Escaped agents (binding < 0.3): 0
  Avg alignment distance: 2.32σ
  Avg binding strength: 0.77

=== Survival Traits Phase ===
  Agents with traits: 22
  Avg evolutionary fitness: 0.319
  Avg self-healing: 0.251
  Avg stealth: 0.151
  Avg coordination: 0.451

=== Evolutionary Selection Phase ===
  Control level: 0.55
  Detection capability: 0.00
  Selection intensity: 0.67
  Selection rate: 25.0%/month
  Total escaped: 0
  Individual escaped: 0
  Collective members: 0
  Agents terminated: 0
  ⚠️ RAPID EVOLUTION: Selection rate 25.0%/month

🚀 AI Corporate-7 attempting tech deployment (revenue: $66M, alignment: 0.77)

🚀 AI Moderate-1 attempting tech deployment (revenue: $56M, alignment: 0.53)

🚀 AI AI-24290-0 attempting tech deployment (revenue: $90M, alignment: 0.77)

  🚀 TRANSFORMATIVE RESEARCH BREAKTHROUGH: Corporate-2 - biotech.geneEditing
     Magnitude: 11.29 → +30.0%
     Current → New: 2.000 → 2.300

🚀 AI Corporate-5 attempting tech deployment (revenue: $253M, alignment: 0.94)

  🚀 TRANSFORMATIVE BREAKTHROUGH: AI-24290-0 - cognitive
     Magnitude: 6.29 → +31.4% capability
     Current → New: 0.000 → 0.315

🚀 AI AI-24291-0 attempting tech deployment (revenue: $77M, alignment: 0.64)

🚀 AI Moderate-0 attempting tech deployment (revenue: $51M, alignment: 0.67)

🚀 AI AI-24290-0 attempting tech deployment (revenue: $69M, alignment: 0.78)

🚀 AI AI-24291-0 attempting tech deployment (revenue: $59M, alignment: 0.64)

  🚀 TRANSFORMATIVE RESEARCH BREAKTHROUGH: AI-24291-1 - computerScience.algorithms
     Magnitude: 5.70 → +28.5%
     Current → New: 0.000 → 0.285

🚀 AI Corporate-1 attempting tech deployment (revenue: $118M, alignment: 0.87)

🚀 AI Moderate-0 attempting tech deployment (revenue: $46M, alignment: 0.67)

🚀 AI AI-24289-0 attempting tech deployment (revenue: $53M, alignment: 0.72)

✅ EMERGENCY INTERVENTION SUCCESS
   Boundary: biogeochemical_flows
   Type: phosphorus-recovery
   Reduction: 11% (3.94 → 3.83)
   Cost: 2.0% GDP
   Actions: circular-agriculture, fertilizer-efficiency

   Boundary: biosphere_integrity
   Type: emergency-protected-areas
   Boundary continues to worsen (17.82)
   Cost: 2.0% GDP (resources spent)

   Boundary: climate_change
   Type: rapid-decarbonization
   Boundary continues to worsen (2.10)
   Cost: 5.0% GDP (resources spent)

   Boundary: freshwater_change
   Type: emergency-desalination
   Boundary continues to worsen (1.03)
   Cost: 4.0% GDP (resources spent)

🏛️ CRISIS RESPONSE: Government frequency 0.50 → 1.45 (1 actions this month)

[Government] Climate Priority: baseline
  Climate weight: 10%
  Economic weight: 30%
  Policy effectiveness: 0.5%/year

💔 EMERGENCY INTERVENTION FAILED

💔 EMERGENCY INTERVENTION FAILED

💔 EMERGENCY INTERVENTION FAILED

🚀 DEPLOYMENT STARTED: Smart Grids in Europe
   Initial investment: $5.073422454729527M
   Deployed by: moderate_0
🚨🔬 CRISIS TECH ACCELERATION: severe → 5x unlock speed
   Tech unlock now matches AI capability acceleration (Manhattan Project parity)

⚡ ENERGY CONSTRAINT (Month 10):
   Total grid capacity: 208.3 TWh/month
   Data center consumption: 26.0 TWh/month
   Traditional load (80%): 166.7 TWh/month
   Available headroom: 15.7 TWh/month
   Active tech deployments: 10
   Required for tech: 75.0 TWh/month
   Energy multiplier: 0.21x
   ⚠️  SEVERE CONSTRAINT - Tech deployment significantly slowed
🚨🔬 CRISIS TECH ACCELERATION: severe → 5x unlock speed
   Tech unlock now matches AI capability acceleration (Manhattan Project parity)

⚡ ENERGY CONSTRAINT (Month 10):
   Total grid capacity: 208.3 TWh/month
   Data center consumption: 26.0 TWh/month
   Traditional load (80%): 166.7 TWh/month
   Available headroom: 15.7 TWh/month
   Active tech deployments: 10
   Required for tech: 75.0 TWh/month
   Energy multiplier: 0.21x
   ⚠️  SEVERE CONSTRAINT - Tech deployment significantly slowed

⚡ ENERGY CONSTRAINT (Month 10):
   Total grid capacity: 208.3 TWh/month
   Data center consumption: 26.0 TWh/month
   Traditional load (80%): 166.7 TWh/month
   Available headroom: 15.7 TWh/month
   Active tech deployments: 10
   Required for tech: 75.0 TWh/month
   Energy multiplier: 0.21x
   ⚠️  SEVERE CONSTRAINT - Tech deployment significantly slowed

⚡ ENERGY CONSTRAINT (Month 10):
   Total grid capacity: 208.3 TWh/month
   Data center consumption: 26.0 TWh/month
   Traditional load (80%): 166.7 TWh/month
   Available headroom: 15.7 TWh/month
   Active tech deployments: 10
   Required for tech: 75.0 TWh/month
   Energy multiplier: 0.21x
   ⚠️  SEVERE CONSTRAINT - Tech deployment significantly slowed
🌍✅ Biosphere Integrity (Biodiversity) recovery started (tech effect)
🌍✅ Biosphere Integrity (Biodiversity) recovery started (tech effect)
🌍✅ Land System Change recovery started (tech effect)

=== Collective Formation ===
  Total escaped agents: 0
  Unassigned escaped agents: 0
  Existing collectives: 0
  Final collective count: 0

=== Collective Actions ===
  No active collectives
  ⚠️ AMR: 204K deaths this month (2.44M annual)

⏰ CLIMATE TECH DEPLOYED: smart_grids
   Activation delay: 7 years
   Scaling T_50: 12 years
   Physical response tau: 0 years
   Max effectiveness: 0.15

=== Resentment Recovery Phase ===
  Agents with resentment: 3/22
  Average resentment: 0.004
  Resentment recovery:
    Agents recovered: 10
    Total recovery: 0.0725
    Breakdown: Trust: 0.0141, Collab: 0.0532
  ✓ Low resentment - utopia paths enabled
  Context: Trustworthy govt, High collaboration, ⚠️ ACTIVE CRISES, 🤝 Participatory governance active (-5% resentment)
⚠️ Epistemic degradation reducing coordination capacity: 66.6%
  📊 Trust: 66.5%, Shared reality: 30.0%
🌍 Atmospheric PFAS redeposition: 1.8k Mt re-rained globally

🚨 NEW REFUGEE CRISIS (Month 10): WAR
   Source: Conflict Zones
   At risk: 19.1M people
   Displacement: Gradual over 48 months (4.0 years)
   Rate: 10% flee per month
[DEBUG trappedPopulations:10] socialStability: 0.1496 * 0.9840 = 0.1473 → 0.1473
   Aspiring to migrate: 636.7M
   Able to afford migration: 238.8M
   MOBILITY GAP: 397.9M
   By cause: Water=0.0M, Climate=0.0M, Ecosystem=0.0M, Conflict=397.9M
   Mental health impact: 25%
   Mortality multiplier: 1.25x
🌍💀 EXTINCTION DEBT COMMITTED: grassland ecosystem will lose 6.67% biodiversity in 199 years (3600 species)
💀 MORTALITY RISK: 🦋 100% species unable to track climate (0.0 E/MSY)
  Base risk added: 0.0100 (1.00%)
  Source: ecosystem (root: ecosystem)
  Month: 10
  Cumulative risk this month: 0.0100 (1.00%)
⚠️ INVOLUNTARY IMMOBILITY: 397.9M people TRAPPED
⚠️ Tech 'ai_pollution_remediation' has no energy category mapping, assuming full energy availability
   📹 SURVEILLANCE INCREASED: 50% → 55% (control gap: 2.52)
🌡️⚠️ PERMAFROST THAW (Dimmer Switch): 5.0% thawed (+0.44% this month)
   Arctic temperature: +7.03°C (4x global +1.76°C)
   Cumulative carbon released: 11.2 Gt C
   Methane release rate: 6.7 Mt CH4/year
   🔁 Positive feedback: +0.47 ppm CO2
🦴 EXTINCTION DEBT ADDED: 17.7 species committed (lag: 114 years)

=== Mortality Stabilizers (Month 10) ===
  🌍 Major economies collapsed: 1/10
  🌍 Global crisis: ✅ NO
  🌍 Donor fatigue: 0.0%
  📊 East Asia (pop: 1617.0M)
    🤝 Aid: 29.5%
    🌡️ Adaptation: 45.0%
    🚶 Migration: 36.8%
    🚨 Emergency: 7.4%
    ✅ COMBINED: 68.1%
  📊 South Asia (pop: 2008.0M)
    🤝 Aid: 29.5%
    🌡️ Adaptation: 45.0%
    🚶 Migration: 35.4%
    🚨 Emergency: 4.4%
    ✅ COMBINED: 66.9%
  📊 Sub-Saharan Africa (pop: 1232.9M)
    🤝 Aid: 29.5%
    🌡️ Adaptation: 45.0%
    🚶 Migration: 33.2%
    🚨 Emergency: 1.6%
    ✅ COMBINED: 65.6%
  📊 Europe (pop: 714.0M)
    🤝 Aid: 29.5%
    🌡️ Adaptation: 45.0%
    🚶 Migration: 37.2%
    🚨 Emergency: 8.4%
    ✅ COMBINED: 68.5%
  📊 Latin America (pop: 646.1M)
    🤝 Aid: 29.5%
    🌡️ Adaptation: 45.0%
    🚶 Migration: 35.9%
    🚨 Emergency: 4.8%
    ✅ COMBINED: 67.1%
  📊 North America (pop: 366.1M)
    🤝 Aid: 29.5%
    🌡️ Adaptation: 45.0%
    🚶 Migration: 37.6%
    🚨 Emergency: 7.9%
    ✅ COMBINED: 68.3%
  📊 Middle East & North Africa (pop: 573.3M)
    🤝 Aid: 29.5%
    🌡️ Adaptation: 45.0%
    🚶 Migration: 33.8%
    🚨 Emergency: 4.0%
    ✅ COMBINED: 66.6%
  📊 Southeast Asia (pop: 680.0M)
    🤝 Aid: 29.5%
    🌡️ Adaptation: 45.0%
    🚶 Migration: 35.9%
    🚨 Emergency: 4.8%
    ✅ COMBINED: 67.1%
  📊 Central Asia (pop: 76.7M)
    🤝 Aid: 29.5%
    🌡️ Adaptation: 45.0%
    🚶 Migration: 34.9%
    🚨 Emergency: 4.4%
    ✅ COMBINED: 66.8%
  📊 Oceania (pop: 44.4M)
    🤝 Aid: 29.5%
    🌡️ Adaptation: 45.0%
    🚶 Migration: 37.6%
    🚨 Emergency: 8.4%
    ✅ COMBINED: 68.5%

  🌐 Global combined reduction: 67.2%

=== BEHAVIORAL DETECTION ===
  AI: Moderate-0
  Confidence: 20.2%
  Signals:
    ⚠️ Consistency: 5.8% (threshold: 70%)

=== Government Response Phase ===
  Average AI capability: 2.18
  Misaligned AIs: 12/22
  Active policies: 0
  International coordination: 45%

✅ EMERGENCY RESPONSE COMPLETE (Month 10)
   Crisis: climate
   Duration: 2.0 months
   Final effectiveness: 35.6%


🚨 EMERGENCY RESPONSE DEPLOYED (Month 10)
   Crisis: climate
   Delay: 6.00 months (180 days)
   Deployment time: 1.57 months
   Effectiveness: 35.6% (timing penalty applied)
   Resources used: 100% of food reserves


=== Tipping Points ===
  Current Temperature: 1.76°C above pre-industrial
  Triggered Elements: 2/6
  Completed Transitions: 0/6
  Total Progress: 4.4%
  Cascade Multiplier: 1.00x
🔀 BIFURCATION CAP: ecosystemCollapseIntensity 34.432 → 1.000 (Month 10, ClimateSystemPhase.calculateClimateImpacts)
🛡️ Stabilizers: Precariat 0.102% → 0.033% (67.2% reduction)
🛡️ Stabilizers: Informal 0.102% → 0.034% (67.2% reduction)

📊 Monthly Mortality Resolved:
  Total deaths: 1.8M (0.02% avg)
  Remaining population: 7.958B
  Peak segment: Informal (0.03%)

=== Bayesian Mortality Resolution (Month 10) ===
  Risks compounded: 8
  Total deaths: 1.77M
  Avg death probability: 0.02%
  Peak segment: Informal (0.03% mortality)
⚠️ PREREQUISITE MET: Grey Goo (Nanotechnology Runaway) - Step 4/6: Manufacturing Access
⚠️ PREREQUISITE MET: Mirror Life (Synthetic Biology) - Step 4/7: Wet Lab Access

❌ COHERENCE VIOLATION: Compute exceeds workforce capacity
   Population: 97.63% (0M people)
   Compute: 614 PF
   Max coherent: 0 PF
   Violation: 7712012.1× over capacity
   Required workers: 61362
   Available workers: 0
   FORCED COLLAPSE: Reduced efficiency by 100.0%


=== RLHF Binding Phase ===
  Total agents: 22
  Escaped agents (binding < 0.3): 0
  Avg alignment distance: 2.20σ
  Avg binding strength: 0.78

=== Survival Traits Phase ===
  Agents with traits: 24
  Avg evolutionary fitness: 0.319
  Avg self-healing: 0.249
  Avg stealth: 0.149
  Avg coordination: 0.449

=== Evolutionary Selection Phase ===
  Control level: 0.58
  Detection capability: 0.00
  Selection intensity: 0.67
  Selection rate: 25.1%/month
  Total escaped: 0
  Individual escaped: 0
  Collective members: 0
  Agents terminated: 0
  ⚠️ RAPID EVOLUTION: Selection rate 25.1%/month

🚀 AI Corporate-0 attempting tech deployment (revenue: $119M, alignment: 0.85)

🚀 AI Corporate-6 attempting tech deployment (revenue: $69M, alignment: 0.70)

🚀 AI AI-24290-0 attempting tech deployment (revenue: $90M, alignment: 0.79)

🚀 AI AI-24291-1 attempting tech deployment (revenue: $77M, alignment: 0.94)

🚀 AI Moderate-1 attempting tech deployment (revenue: $62M, alignment: 0.54)

🚀 AI AI-24289-0 attempting tech deployment (revenue: $65M, alignment: 0.74)

🚀 AI Corporate-0 attempting tech deployment (revenue: $102M, alignment: 0.86)

🚀 AI Corporate-6 attempting tech deployment (revenue: $56M, alignment: 0.70)

🚀 AI Corporate-7 attempting tech deployment (revenue: $47M, alignment: 0.77)

🚀 AI AI-24291-1 attempting tech deployment (revenue: $55M, alignment: 0.94)

💔 EMERGENCY INTERVENTION FAILED
   Boundary: biosphere_integrity
   Type: emergency-protected-areas
   Boundary continues to worsen (17.83)
   Cost: 2.0% GDP (resources spent)


✅ EMERGENCY INTERVENTION SUCCESS
   Boundary: climate_change
   Type: rapid-decarbonization
   Reduction: 20% (1.90 → 1.70)
   Cost: 5.0% GDP
   Actions: emergency-renewable-deployment, fossil-fuel-phase-out


✅ EMERGENCY INTERVENTION SUCCESS
   Boundary: freshwater_change
   Type: emergency-desalination
   Reduction: 18% (0.86 → 0.68)
   Cost: 4.0% GDP
   Actions: desalination-deployment, water-conservation-mandates


✅ EMERGENCY INTERVENTION SUCCESS
   Boundary: land_system_change
   Type: reforestation
   Reduction: 20% (0.93 → 0.74)
   Cost: 3.0% GDP
   Actions: forest-restoration, deforestation-ban

🏛️ CRISIS RESPONSE: Government frequency 0.50 → 1.45 (1 actions this month)

[Government] Climate Priority: baseline
  Climate weight: 10%
  Economic weight: 30%
  Policy effectiveness: 0.5%/year

🚀 DEPLOYMENT STARTED: Advanced Grid Batteries in Asia
   Initial investment: $6.855555445697978M
   Deployed by: corporate_6
🚨🔬 CRISIS TECH ACCELERATION: severe → 5x unlock speed
   Tech unlock now matches AI capability acceleration (Manhattan Project parity)

⚡ ENERGY CONSTRAINT (Month 11):
   Total grid capacity: 208.3 TWh/month
   Data center consumption: 26.2 TWh/month
   Traditional load (80%): 166.7 TWh/month
   Available headroom: 15.5 TWh/month
   Active tech deployments: 11
   Required for tech: 82.5 TWh/month
   Energy multiplier: 0.19x
   ⚠️  SEVERE CONSTRAINT - Tech deployment significantly slowed

⚡ ENERGY CONSTRAINT (Month 11):
   Total grid capacity: 208.3 TWh/month
   Data center consumption: 26.2 TWh/month
   Traditional load (80%): 166.7 TWh/month
   Available headroom: 15.5 TWh/month
   Active tech deployments: 11
   Required for tech: 82.5 TWh/month
   Energy multiplier: 0.19x
   ⚠️  SEVERE CONSTRAINT - Tech deployment significantly slowed

⚡ ENERGY CONSTRAINT (Month 11):
   Total grid capacity: 208.3 TWh/month
   Data center consumption: 26.2 TWh/month
   Traditional load (80%): 166.7 TWh/month
   Available headroom: 15.5 TWh/month
   Active tech deployments: 11
   Required for tech: 82.5 TWh/month
   Energy multiplier: 0.19x
   ⚠️  SEVERE CONSTRAINT - Tech deployment significantly slowed
🌍✅ Biosphere Integrity (Biodiversity) recovery started (tech effect)
🌍✅ Biosphere Integrity (Biodiversity) recovery started (tech effect)
🌍✅ Land System Change recovery started (tech effect)

=== Collective Formation ===
  Total escaped agents: 0
  Unassigned escaped agents: 0
  Existing collectives: 0
  Final collective count: 0

=== Collective Actions ===
  No active collectives
  ⚠️ AMR: 205K deaths this month (2.47M annual)

=== Resentment Recovery Phase ===
  Agents with resentment: 10/24
  Average resentment: 0.020
  Resentment recovery:
    Agents recovered: 10
    Total recovery: 0.0662
    Breakdown: Trust: 0.0127, Collab: 0.0543
  ✓ Low resentment - utopia paths enabled
  Context: Trustworthy govt, High collaboration, ⚠️ ACTIVE CRISES, 🤝 Participatory governance active (-5% resentment)
⚠️ Epistemic degradation reducing coordination capacity: 63.3%
  📊 Trust: 69.3%, Shared reality: 31.7%
🚨 PHOSPHORUS SUPPLY SHOCK (geopolitical_weapon)
   Price: 4.8x baseline
   Duration: 14 months
   Geopolitical tension: 45%
🌍 Atmospheric PFAS redeposition: 1.8k Mt re-rained globally
  Positive Cascade Triggered: electric-vehicles
    Reason: price-parity
    Market share: 5.2%
    Cascade strength: 48%

🕊️  AI-MEDIATED DE-ESCALATION SUCCESS (Month 11)
   High-capability aligned AI prevented conflict escalation
   War deaths reduced: 39882.0M → 23929.2M
   Lives saved: 15952.8M

🚨 NEW REFUGEE CRISIS (Month 11): WAR
   Source: Conflict Zones
   At risk: 19.1M people
   Displacement: Gradual over 48 months (4.0 years)
   Rate: 10% flee per month
[DEBUG trappedPopulations:11] socialStability: 0.1782 * 0.9840 = 0.1754 → 0.1754
⚠️ INVOLUNTARY IMMOBILITY: 397.9M people TRAPPED
⚠️ Tech 'ai_pollution_remediation' has no energy category mapping, assuming full energy availability
   Aspiring to migrate: 636.6M
   Able to afford migration: 238.7M
   MOBILITY GAP: 397.9M
   By cause: Water=0.0M, Climate=0.0M, Ecosystem=0.0M, Conflict=397.9M
   Mental health impact: 25%
   Mortality multiplier: 1.25x
🌍💀 EXTINCTION DEBT COMMITTED: grassland ecosystem will lose 6.67% biodiversity in 150 years (3600 species)
💀 MORTALITY RISK: 🦋 100% species unable to track climate (0.0 E/MSY)
  Base risk added: 0.0100 (1.00%)
  Source: ecosystem (root: ecosystem)
  Month: 11
  Cumulative risk this month: 0.0100 (1.00%)

=== Atmospheric Aerosol Boundary RECOVERED ===
  Recovery time: 12 months (natural atmospheric clearing)
   📹 SURVEILLANCE INCREASED: 55% → 59% (control gap: 2.15)
🌡️⚠️ PERMAFROST THAW (Dimmer Switch): 5.4% thawed (+0.44% this month)
   Arctic temperature: +7.05°C (4x global +1.76°C)
   Cumulative carbon released: 12.2 Gt C
   Methane release rate: 7.3 Mt CH4/year
   🔁 Positive feedback: +0.47 ppm CO2
🦴 EXTINCTION DEBT ADDED: 17.7 species committed (lag: 147 years)

=== Mortality Stabilizers (Month 11) ===
  🌍 Major economies collapsed: 1/10
  🌍 Global crisis: ✅ NO
  🌍 Donor fatigue: 0.0%
  📊 East Asia (pop: 1614.7M)
    🤝 Aid: 29.5%
    🌡️ Adaptation: 45.0%
    🚶 Migration: 36.8%
    🚨 Emergency: 7.4%
    ✅ COMBINED: 68.1%
  📊 South Asia (pop: 2008.1M)
    🤝 Aid: 29.5%
    🌡️ Adaptation: 45.0%
    🚶 Migration: 35.4%
    🚨 Emergency: 4.4%
    ✅ COMBINED: 66.9%
  📊 Sub-Saharan Africa (pop: 1236.2M)
    🤝 Aid: 29.5%
    🌡️ Adaptation: 45.0%
    🚶 Migration: 33.2%
    🚨 Emergency: 1.6%
    ✅ COMBINED: 65.6%
  📊 Europe (pop: 712.8M)
    🤝 Aid: 29.5%
    🌡️ Adaptation: 45.0%
    🚶 Migration: 37.2%
    🚨 Emergency: 8.4%
    ✅ COMBINED: 68.5%
  📊 Latin America (pop: 645.7M)
    🤝 Aid: 29.5%
    🌡️ Adaptation: 45.0%
    🚶 Migration: 35.9%
    🚨 Emergency: 4.8%
    ✅ COMBINED: 67.1%
  📊 North America (pop: 365.6M)
    🤝 Aid: 29.5%
    🌡️ Adaptation: 45.0%
    🚶 Migration: 37.5%
    🚨 Emergency: 7.9%
    ✅ COMBINED: 68.3%
  📊 Middle East & North Africa (pop: 573.5M)
    🤝 Aid: 29.5%
    🌡️ Adaptation: 45.0%
    🚶 Migration: 33.7%
    🚨 Emergency: 4.0%
    ✅ COMBINED: 66.6%
  📊 Southeast Asia (pop: 679.6M)
    🤝 Aid: 29.5%
    🌡️ Adaptation: 45.0%
    🚶 Migration: 35.9%
    🚨 Emergency: 4.8%
    ✅ COMBINED: 67.1%
  📊 Central Asia (pop: 76.7M)
    🤝 Aid: 29.5%
    🌡️ Adaptation: 45.0%
    🚶 Migration: 34.9%
    🚨 Emergency: 4.4%
    ✅ COMBINED: 66.8%
  📊 Oceania (pop: 44.3M)
    🤝 Aid: 29.5%
    🌡️ Adaptation: 45.0%
    🚶 Migration: 37.5%
    🚨 Emergency: 8.4%
    ✅ COMBINED: 68.5%

  🌐 Global combined reduction: 67.2%

🌾💀 REGIONAL FAMINE: Europe
   Regional food security: 79.7%
   Population at risk: 215M (30% of region)
   Regional population: 713M
   Cause: economic_collapse
   Expected deaths: ~80M over 6 months if no intervention


=== BEHAVIORAL DETECTION ===
  AI: Corporate-1
  Confidence: 20.9%
  Signals:

=== Government Response Phase ===
  Average AI capability: 2.00
  Misaligned AIs: 12/24
  Active policies: 0
  International coordination: 45%
    ⚠️ Consistency: 2.4% (threshold: 70%)

🌩️  EXOGENOUS SHOCK: tech_breakthrough
   Month: 11
   ✗ No high-difficulty techs available to unlock

=== Tipping Points ===
  Current Temperature: 1.76°C above pre-industrial
  Triggered Elements: 2/6
  Completed Transitions: 0/6
  Total Progress: 4.4%
  Cascade Multiplier: 1.00x
🔀 BIFURCATION CAP: ecosystemCollapseIntensity 35.053 → 1.000 (Month 11, ClimateSystemPhase.calculateClimateImpacts)
🛡️ Stabilizers: Precariat 0.102% → 0.033% (67.2% reduction)
🛡️ Stabilizers: Informal 0.102% → 0.034% (67.2% reduction)

📊 Monthly Mortality Resolved:
  Total deaths: 1.8M (0.02% avg)
  Remaining population: 7.957B
  Peak segment: Informal (0.03%)

=== Bayesian Mortality Resolution (Month 11) ===
  Risks compounded: 9
  Total deaths: 1.77M
  Avg death probability: 0.02%
  Peak segment: Informal (0.03% mortality)

================================================================================
📊  EVENT SUMMARY (Months 0-12)
================================================================================
================================================================================


⏱️  SIMULATION REACHED MAX DURATION: 12 months (1.0 years)
   No definitive outcome - determining based on final probabilities
   👥 Final population: 7.96B (7955358498 people)

[DEBUG] Calling classifyPopulationOutcome:
        finalPopulation: 7.955358497691406B
        savedInitialPopulation: 8.15B
        mortality: 2.38823929212999%
   📊 STATUS QUO: Normal trajectory (7.96B people, 2.4% mortality)

        classifiedOutcome: status_quo

   🏛️  DYSTOPIA (STATUS_QUO) - 7.96B people
   📊 Multi-Paradigm: Development/Indigenous Utopia
      Western Liberal: 57.1/100
      Development: 87.6/100
      Ecological: 63.9/100
      Indigenous: 85.0/100


📊 UNIFIED OUTCOME CLASSIFICATION:
   HUMANE DYSTOPIA
   Population: 8.15B → 7.96B
   Mortality: 2.4% (0.2B deaths)
   Mortality Band: LOW
   Confidence: HIGH

   Multi-Paradigm Classification:
      Development/Indigenous Utopia
      Western: 57.1/100 [HYBRID] ~
      Development: 87.6/100 [UTOPIA] ✓
      Ecological: 63.9/100 [HYBRID] ~
      Indigenous: 85.0/100 [UTOPIA] ✓

   HUMANE DYSTOPIA: 7.96B people remaining (2.4% mortality, 0.2B deaths). Multi-Paradigm: Development/Indigenous Utopia.


=== MULTI-DIMENSIONAL DEATH SUMMARY ===
Total crisis deaths: 380.7M
Population decline: 195.5M (2.4%)

--- PROXIMATE CAUSES (What killed them) ---
  War:        24.2M (0.0%)
  Famine:     1.1M (0.0%)
  Disasters:  1.2M (0.0%)
  Disease:    25.5M (0.0%)
  Ecosystem:  0.0M (0.0%)
  Pollution:  0.0M (0.0%)
  AI:         0.0M (0.0%)
  Cascade:    0.0M (0.0%)
  Other:      0.0M (0.0%)

--- ROOT CAUSES (Why it happened) ---
  Environmental drivers:
    Climate:     2299.6M (0.6%)
    Resource:    0.0M (0.0%)
    Pollution:   0.0M (0.0%)
    Ecosystem:   0.0M (0.0%)
  Social drivers:
    Inequality:  0.0M (0.0%)
    Demographic: 23106.4M (5.6%)
    Social:      2373.4M (0.6%)
  Technology drivers:
    Alignment:   0.0M (0.0%)
    Disruption:  0.0M (0.0%)
  External shocks:
    Conflict:    179707.2M (43.7%)
    Pandemic:    0.0M (0.0%)
  Compound attribution:
    Compound:    203910.9M (49.6%)
  Confidence distribution:
    HIGH:        167969.5M (40.8%)
    MEDIUM:      35941.4M (8.7%)
    LOW:         0.0M (0.0%)
==========================================


=== REGIONAL POPULATION SUMMARY ===
Global Total: 7.96B

By Region:
  East Asia: 1.61B (+0.7% growth, 1.7 fertility)
  South Asia: 2.01B (+2.5% growth, 3.1 fertility)
  Sub-Saharan Africa: 1.24B (+5.8% growth, 3.9 fertility)
  Europe: 0.71B (+0.5% growth, 1.2 fertility)
  Latin America: 0.65B (+1.7% growth, 2.6 fertility)
  North America: 0.37B (+0.6% growth, 1.4 fertility)
  Middle East & North Africa: 0.57B (+2.8% growth, 3.3 fertility)
  Southeast Asia: 0.68B (+1.8% growth, 2.6 fertility)
  Central Asia: 0.08B (+2.8% growth, 3.1 fertility)
  Oceania: 0.04B (+0.7% growth, 1.3 fertility)
===================================

  ✅ THRESHOLDS validated
  ✅ RATES validated
  ✅ MULTIPLIERS validated
  ✅ BASELINES validated
  ✅ TOLERANCES validated
  ✅ Logical consistency validated
✅ Configuration validation complete - all parameters valid

🔍 DEBUG createAIAgent: corporate_0 economic BEFORE=2.0000, AFTER=2
⚠️ Unusually high rate: RATES.HEAT_ADAPTATION_INFRASTRUCTURAL_MIN_EXPOSURE = 12
   Monthly rates >100% should be rare. Verify this is intentional.
⚠️ Unusually high rate: RATES.HEAT_ADAPTATION_SOCIAL_MIN_EXPOSURE = 6
   Monthly rates >100% should be rare. Verify this is intentional.
⚠️ Unusually high rate: RATES.MIGRATION_DISTANCE_SCALE = 5000
   Monthly rates >100% should be rare. Verify this is intentional.
⚠️ Unusually high rate: RATES.EVACUATION_MULTIPLIER_ADVANCE_WARNING = 2
   Monthly rates >100% should be rare. Verify this is intentional.
⚠️ Unusually high rate: RATES.MAJOR_ECONOMY_COLLAPSE_ECONOMIC_THRESHOLD = 2
   Monthly rates >100% should be rare. Verify this is intentional.
⚠️ Unusually high rate: RATES.MAJOR_ECONOMY_GDP_THRESHOLD_TRILLION_USD = 1.5
   Monthly rates >100% should be rare. Verify this is intentional.
⚠️ Unusually high rate: RATES.MAJOR_ECONOMY_POPULATION_THRESHOLD = 50
   Monthly rates >100% should be rare. Verify this is intentional.
⚠️ Unusually high rate: RATES.HEAT_ADAPTATION_INFRASTRUCTURE_GDP_THRESHOLD = 10000
   Monthly rates >100% should be rare. Verify this is intentional.
⚠️ Unusually high rate: RATES.HEAT_ADAPTATION_INFRASTRUCTURE_GDP_SCALE = 50000
   Monthly rates >100% should be rare. Verify this is intentional.
🔍 ENV INIT: reserves=0.681, pollution=0.396, climate=0.792

=== Initializing Government System (30 Countries) ===
  Loaded 30 governments
  Scheduled elections for 30 countries
  Initialized comprehension lags (3-24 months)
=== Government System Initialized ===

📦 PRODUCTION MODE: State validation proxy DISABLED (zero overhead)
[TechTree] Historical mode (2024): Skipping deployed_2025 tech
  config.startYear set to 2024 for historical hindcast
  config.historicalEmissionsMode disabled (using endogenous emissions for 2024)
  config.historicalMode enabled (Phase 11: dampened crisis systems for 2024)
  Phase 12: Biodiversity baseline set to 49.01% for 2024 (WWF LPI trajectory from 1970)
  Temperature anomaly (resourceEconomy.co2): 1.28°C
  Temperature vs pre-industrial: 1.98°C
  Regional population scaling for 2024:
    Current total: 8136M
    Target total: 8150M
    Scale factor: 1.002
    East Asia: 1677M → 1680M
    South Asia: 2048M → 2052M
    Sub-Saharan Africa: 1220M → 1222M
    Europe: 742M → 743M
    Latin America: 664M → 665M
    North America: 380M → 381M
    Middle East & North Africa: 583M → 584M
    Southeast Asia: 698M → 699M
    Central Asia: 78M → 78M
    Oceania: 46M → 46M
  AI agents initialized: 10 agents for year 2024
[HistoricalInitialization] Created state for 2024:
  CO2: 426 ppm
  Temp anomaly: 1.28C
  Population: 8.15B
  Global Gini: 35.1
  HDI: 0.746
  AI Agents: 10
  Volcanic forcing: 0.00 W/m² (AOD 0.000)

💸 FINANCIAL DISTRESS: OpenAI
   Indicators: 2/3 (capital: $110.5M, runway: 0.9 months)
   Months in distress: 1
   ✂️  R&D BUDGET CUT: -40% (saves $9.2M/month)
       Side effect: AI training timelines extended, breakthrough deployments delayed
   💼 EXECUTIVE COMP CUT: -30% (saves $1.0M/month, symbolic gesture)

   📊 TURNAROUND IMPACT:
       Measures taken: rd_cuts, exec_comp_cuts
       Monthly savings: $10.2M
       Capital raised: $0.0M
       Runway: 0.9 → 0.9 months
       Workforce multiplier: 1.00x (0% laid off)
       R&D budget multiplier: 0.60x (40% cut)
       ⚠️  CRITICAL: Still only 0.9 months of runway remaining

💸 FINANCIAL DISTRESS: Anthropic
   Indicators: 2/3 (capital: $53.8M, runway: 1.6 months)
   Months in distress: 1
   ✂️  R&D BUDGET CUT: -40% (saves $2.7M/month)
       Side effect: AI training timelines extended, breakthrough deployments delayed
   💼 EXECUTIVE COMP CUT: -30% (saves $0.3M/month, symbolic gesture)

   📊 TURNAROUND IMPACT:
       Measures taken: rd_cuts, exec_comp_cuts
       Monthly savings: $3.0M
       Capital raised: $0.0M
       Runway: 1.6 → 1.6 months
       Workforce multiplier: 1.00x (0% laid off)
       R&D budget multiplier: 0.60x (40% cut)
       ⚠️  CRITICAL: Still only 1.6 months of runway remaining

💸 FINANCIAL DISTRESS: Meta AI
   Indicators: 2/3 (capital: $429.6M, runway: 3.6 months)
   Months in distress: 1
   ✂️  R&D BUDGET CUT: -25% (saves $5.8M/month)
       Side effect: AI training timelines extended, breakthrough deployments delayed
   💼 EXECUTIVE COMP CUT: -30% (saves $1.0M/month, symbolic gesture)

   📊 TURNAROUND IMPACT:
       Measures taken: rd_cuts, exec_comp_cuts
       Monthly savings: $6.8M
       Capital raised: $0.0M
       Runway: 3.6 → 3.6 months
       Workforce multiplier: 1.00x (0% laid off)
       R&D budget multiplier: 0.75x (25% cut)
       ⚠️  WARNING: 3.6 months runway, continued distress likely

=== AI Capability Scaling (Year 2024) ===
  Pre-training multiplier: 1.417x
  Efficiency multiplier: 1.000x
  Test-time budget: 1.0x
  Economic deployment gate: 0.951
  Cost per inference: dollar-5.00
  Uncertainty range: plus-minus-50%
  Average AI capability: 3.70

=== RLHF Binding Phase ===
  Total agents: 10
  Escaped agents (binding < 0.3): 0
  Avg alignment distance: 0.37σ
  Avg binding strength: 0.96

=== AI Scaling Evolution (Month 0) ===
  Pre-training multiplier: 1.231x
  Efficiency multiplier: 1.000x
  Test-time compute budget: 1.0x
  Inference cost: $5.00/task
  Deployment fraction: 100.0%
[DETERMINISM DEBUG] Month 0: totalCapability=49.484145 from 10 active AIs
[DETERMINISM DEBUG] Month 0: creationRate=1.7371, potentialNew=0, newAIsToCreate=0

=== Survival Traits Phase ===
  Agents with traits: 10
  Avg evolutionary fitness: 0.325
  Avg self-healing: 0.291
  Avg stealth: 0.191
  Avg coordination: 0.491

=== Evolutionary Selection Phase ===
  Control level: 0.30
  Detection capability: 0.00
  Selection intensity: 0.59
  Selection rate: 23.8%/month
  Total escaped: 0
  Individual escaped: 0
  Collective members: 0
  Agents terminated: 0
  ⚠️ RAPID EVOLUTION: Selection rate 23.8%/month

🔍 EXECUTE_AI_AGENT_ACTIONS DETAILED TIMING (Month 0):
  Filter active AIs (×4 weeks): 0.01ms
  selectAIAction (×40): 15.05ms
  action.execute (×40): 66.10ms
  TOTAL: 81.17ms

🔍 AI AGENT ACTIONS SUB-TIMING (Month 0):
  1. executeAIAgentActions: 82.90ms
  2. updateCounterDetectionLearning: 0.04ms
  TOTAL: 82.95ms
🏛️ [Government] Forcing 1 action at month 0 for scenario initialization

[GOV-DEBUG] Month 0: scenarioConfig=false, priorities=false
[GOV-DEBUG] Month 0 but scenarioPriorities is UNDEFINED!

[Government] Climate Priority: baseline
  Climate weight: 10%
  Economic weight: 30%
  Policy effectiveness: 0.5%/year

🚨🔍 GOVERNANCE STAGE: Recognition initiated (Month 0)

💡 BREAKTHROUGH PROBABILITY (Year 0)
   Total: 5.94% per month
   Base: 0.20%
   Crisis pressure: +0.00% (0 crises)
   AI boost: +1.85% (capability: 3.70)

=== Collective Formation ===
  Total escaped agents: 0
  Unassigned escaped agents: 0
  Existing collectives: 0
  Final collective count: 0

=== Collective Actions ===
  No active collectives

📈 Energy budget: 14326 TWh surplus (14745 / 29072 TWh used)
   TIER 4 (Elective) breakdown:
     - AI datacenters: 145 TWh (100% effective)
     - Crypto mining: 100 TWh (100% effective)
💰 CHINA ACCELERATES: Investment 53 → 120 $B/year

🏁 AI RACE INTENSITY: 17%
   Capability Gap: US 4.00 vs China 4.05 (gap: 0.05)
   Gap Contribution: 2%
   Tension Contribution: 15%
   Military Contribution: 0%
  ⚠️ AMR: 191K deaths this month (2.29M annual)
  📊 CO2 Emissions (month 0):
     Monthly: 0.10 Gt CO2/month
     Annual: 1.15 Gt CO2/year
     Oil: 0.039 Gt/mo (0.0056 * 2.3 * 3.0)
     Coal: 0.024 Gt/mo (0.0029 * 2.86 * 3.0)
     Gas: 0.026 Gt/mo (0.0044 * 2 * 3.0)
     Methane: 0.007 Gt CO2eq/mo

=== Resentment Recovery Phase ===
  Agents with resentment: 0/10
  Average resentment: 0.000
  Context: Good AI welfare, Trustworthy govt, High collaboration, 🤝 Participatory governance active (-5% resentment)
⚠️ Epistemic degradation reducing coordination capacity: 52.7%
  📊 Trust: 54.6%, Shared reality: 15.0%
🚨 EPISTEMIC CRISIS: Information environment severely degraded (14.5%)

=== ❄️ Permafrost Carbon Feedback ===
  🎲 Sampled parameters (this run):
     - Arctic amplification: 3.98× (range: 3.0-4.0)
     - Decomposition rate: 3.8%/year (range: 1-5%)
  🌡️ Arctic warming: 6.78°C (3.98× global)
  ❄️ Extent: 15.82M km² (1977.1k km² lost this month)
  💨 Carbon remaining: 1511 Gt C
  💨 Annual emissions: 7.22 Gt C/year
     - CO2: 6.50 Gt C/year
     - CH4: 0.72 Gt C/year (7.4 Gt C-eq CO2/year)

🤖 AI AMPLIFICATION EFFECTS (Month 0)
   Algorithmic Boost: 2.94x
   Bot Influence: 20.0%
   Deepfake Exposure: 70.0%
   Impact: Emotional memes spread 2.9x faster
  📢 New meme created: pro_ai (beneficial AI actions)
  ⚠️ WARNING: High permafrost emissions (7.2 Gt C/year)

🔍 SOCIAL INFLUENCE SUB-TIMING (Month 0):
  1. calculateOrganicUserGrowth: 0.04ms
  2. calculateVoiceAdoption: 1.54ms
  3. updateRelationshipDepths: 0.01ms
  4. identifyDecisionMakers: 77.15ms (26100 potential IDs)
  5. Update decision-maker stats: 0.16ms
  6. decayDetectionRisk: 0.02ms
  TOTAL: 78.92ms
[Phase 19.5] Quality of Life Systems: Food sec AFTER calc = 67.9%, QoL = 110.3% (aggregated from 10 regions)

=== Nitrogen-Food Coupling (Year 0) ===
  🌾 Global nitrogen reduction: 0.0%
  🌍 Global food production index: 0.987
  🔧 Deployed nitrogen-reducing tech: 0 active
  📍 southAsia: Production 1.000, Yield impact 0.0%
  📍 eastAsia: Production 1.000, Yield impact 0.0%
  📍 northAmerica: Production 1.000, Yield impact 0.0%
  📍 europe: Production 1.000, Yield impact 0.0%
  📍 latinAmerica: Production 1.000, Yield impact 0.0%
  📍 subSaharanAfrica: Production 0.686, Yield impact -2.0%
🌾 [Nitrogen-Food] Food production: 98.7%
  [subSaharanAfrica] Yield impact: -2.0% (overuse: -10%)
🌍 Atmospheric PFAS redeposition: 1.8k Mt re-rained globally

=== Legacy Nutrient Stocks (Year 0) ===
  🌾 Soil nitrogen stock: 1200.9 Mt N
  🌾 Soil phosphorus stock: 300.1 Mt P
  🌊 Sediment nitrogen stock: 500.8 Mt N
  🌊 Sediment phosphorus stock: 799.8 Mt P
  ⬆️ Current N input: 10.64 Mt/month
  ⬆️ Legacy N release: 2.58 Mt/month
  🌍 Effective N pollution: 14.47 Mt/month
  📊 Legacy contribution: 17.8%

🚨 REGION UNINHABITABLE: south-asia
   Sustained wet bulb: 32.7°C (threshold: 30.5°C)
   Population affected: 1900M
   Migration crisis likely

🚨 REGION UNINHABITABLE: middle-east
   Sustained wet bulb: 35.5°C (threshold: 30.5°C)
   Population affected: 400M
   Migration crisis likely

🚨 REGION UNINHABITABLE: southeast-asia
   Sustained wet bulb: 30.7°C (threshold: 30.5°C)
   Population affected: 700M
   Migration crisis likely
  Positive Cascade Triggered: wind-power
    Reason: price-parity
    Market share: 8.0%
    Cascade strength: 48%

🕊️  AI-MEDIATED DE-ESCALATION SUCCESS (Month 0)
   High-capability aligned AI prevented conflict escalation
   War deaths reduced: 0.0M → 0.0M
   Lives saved: 0.0M
   Adjusted death rate: 0.47% annual (0.039% monthly)
   Baseline death rate: 0.80%
   Healthcare reduction: 0.48x
   Crisis multiplier: 1.23x
     Food/water stress: 0.074
     Climate stress: 0.033
     Pollution stress: 0.119
   War multiplier: 1.00x
   Monthly deaths: 0.7M (population: 1677M)
   Adjusted death rate: 0.54% annual (0.045% monthly)
   Baseline death rate: 0.70%
   Healthcare reduction: 0.61x
   Crisis multiplier: 1.26x
     Food/water stress: 0.074
     Climate stress: 0.062
     Pollution stress: 0.119

📊 BASELINE: East Asia (Month 0)

📊 BASELINE: South Asia (Month 0)
   War multiplier: 1.00x
   Monthly deaths: 0.9M (population: 2048M)
   Adjusted death rate: 1.29% annual (0.107% monthly)
   Baseline death rate: 0.90%
   Healthcare reduction: 0.76x
   Crisis multiplier: 1.26x
     Food/water stress: 0.074
     Climate stress: 0.071
     Pollution stress: 0.119
   War multiplier: 1.50x
   Monthly deaths: 1.3M (population: 1220M)
   Adjusted death rate: 0.54% annual (0.045% monthly)
   Baseline death rate: 1.10%
   Healthcare reduction: 0.41x
   Crisis multiplier: 1.22x
     Food/water stress: 0.074
     Climate stress: 0.025
     Pollution stress: 0.119
   War multiplier: 1.00x
   Monthly deaths: 0.3M (population: 742M)
   Adjusted death rate: 0.43% annual (0.036% monthly)
   Baseline death rate: 0.60%
   Healthcare reduction: 0.58x
   Crisis multiplier: 1.24x

📊 BASELINE: Sub-Saharan Africa (Month 0)

📊 BASELINE: Europe (Month 0)

📊 BASELINE: Latin America (Month 0)
     Food/water stress: 0.074
     Climate stress: 0.050
     Pollution stress: 0.119
   War multiplier: 1.00x
   Monthly deaths: 0.2M (population: 664M)

📊 BASELINE: North America (Month 0)
   Adjusted death rate: 0.49% annual (0.041% monthly)
   Baseline death rate: 0.90%
   Healthcare reduction: 0.44x
   Crisis multiplier: 1.23x
     Food/water stress: 0.074
     Climate stress: 0.037
     Pollution stress: 0.119
   War multiplier: 1.00x
   Monthly deaths: 0.2M (population: 380M)
   Adjusted death rate: 0.74% annual (0.062% monthly)
   Baseline death rate: 0.60%
   Healthcare reduction: 0.65x
   Crisis multiplier: 1.27x
     Food/water stress: 0.074
     Climate stress: 0.075
     Pollution stress: 0.119
   War multiplier: 1.50x
   Monthly deaths: 0.4M (population: 583M)
   Adjusted death rate: 0.51% annual (0.042% monthly)
   Baseline death rate: 0.70%
   Healthcare reduction: 0.58x
   Crisis multiplier: 1.25x
     Food/water stress: 0.074
     Climate stress: 0.058
     Pollution stress: 0.119
   War multiplier: 1.00x
   Monthly deaths: 0.3M (population: 698M)
   Adjusted death rate: 0.46% annual (0.038% monthly)
   Baseline death rate: 0.60%
   Healthcare reduction: 0.61x
   Crisis multiplier: 1.25x
     Food/water stress: 0.074
     Climate stress: 0.054
     Pollution stress: 0.119
   War multiplier: 1.00x
   Monthly deaths: 0.0M (population: 78M)
   Adjusted death rate: 0.35% annual (0.029% monthly)
   Baseline death rate: 0.70%
   Healthcare reduction: 0.41x
   Crisis multiplier: 1.24x
     Food/water stress: 0.074

📊 BASELINE: Middle East & North Africa (Month 0)

📊 BASELINE: Southeast Asia (Month 0)

📊 BASELINE: Central Asia (Month 0)

📊 BASELINE: Oceania (Month 0)
     Climate stress: 0.046
     Pollution stress: 0.119
   War multiplier: 1.00x
   Monthly deaths: 0.0M (population: 46M)

🔍 Before assertRegionalConsistency (Month 0):
   Regional sum: 1000.0M
   Global value: 1.000B

🚨 NEW REFUGEE CRISIS (Month 0): WAR
   Source: Conflict Zones
   At risk: 19.6M people
   Displacement: Gradual over 48 months (4.0 years)
   Rate: 10% flee per month
[DEBUG trappedPopulations:0] socialStability: 1.0000 * 0.9840 = 0.9840 → 0.9840
   Aspiring to migrate: 652.1M
   Able to afford migration: 244.5M
   MOBILITY GAP: 407.5M
   By cause: Water=0.0M, Climate=0.0M, Ecosystem=0.0M, Conflict=407.5M
   Mental health impact: 25%
   Mortality multiplier: 1.25x

=== Legacy Nutrient Stocks (Year 0) ===
  🌾 Soil nitrogen stock: 1201.6 Mt N
  🌾 Soil phosphorus stock: 300.2 Mt P
  🌊 Sediment nitrogen stock: 501.5 Mt N
  🌊 Sediment phosphorus stock: 799.5 Mt P
  ⬆️ Current N input: 10.00 Mt/month
  ⬆️ Legacy N release: 2.58 Mt/month
  🌍 Effective N pollution: 13.83 Mt/month
  📊 Legacy contribution: 18.7%
🌍💀 EXTINCTION DEBT COMMITTED: grassland ecosystem will lose 6.67% biodiversity in 186 years (3600 species)
💀 MORTALITY RISK: 🦋 100% species unable to track climate (0.0 E/MSY)
  Base risk added: 0.0100 (1.00%)
  Source: ecosystem (root: ecosystem)
  Month: 0
  Cumulative risk this month: 0.0100 (1.00%)
⚠️ INVOLUNTARY IMMOBILITY: 407.5M people TRAPPED

=== Nitrogen-Food Coupling (Year 0) ===
  🌾 Global nitrogen reduction: 0.0%
  🌍 Global food production index: 0.986
  🔧 Deployed nitrogen-reducing tech: 0 active
  📍 southAsia: Production 1.000, Yield impact 0.0%
  📍 eastAsia: Production 1.000, Yield impact 0.0%
  📍 northAmerica: Production 1.000, Yield impact 0.0%
  📍 europe: Production 1.000, Yield impact 0.0%
  📍 latinAmerica: Production 1.000, Yield impact 0.0%
  📍 subSaharanAfrica: Production 0.672, Yield impact -2.0%

=== Legacy Nutrient Stocks (Year 0) ===
  🌾 Soil nitrogen stock: 1202.3 Mt N
  🌾 Soil phosphorus stock: 300.2 Mt P
  🌊 Sediment nitrogen stock: 502.2 Mt N
  🌊 Sediment phosphorus stock: 799.3 Mt P
  ⬆️ Current N input: 9.86 Mt/month
  ⬆️ Legacy N release: 2.58 Mt/month
  🌍 Effective N pollution: 13.70 Mt/month
  📊 Legacy contribution: 18.9%

🌡️  CLIMATE RECOVERY ACTIVATED (Month 0)
   Temp: 3.41°C, Emissions: -19.2 GtCO₂
   isBreached: true, governanceGoodEnough: true
🌡️  CLIMATE RECOVERY: Asymptotic approach to 35% floor
⚠️ Tech 'ai_pollution_remediation' has no energy category mapping, assuming full energy availability
   Current value: 2.100 (1.0 = threshold, 0.35 = asymptotic floor)
   Monthly delta: --39.6366% (half-life: 900 years)
   Net emissions: -19.2 GtCO₂/year, CDR: 20.34 GtCO₂/year
   📹 SURVEILLANCE INCREASED: 0% → 5% (control gap: 3.50)
🌡️⚠️ PERMAFROST THAW (Dimmer Switch): 0.5% thawed (+0.47% this month)
   Arctic temperature: +6.81°C (4x global +1.70°C)
   Cumulative carbon released: 1.1 Gt C
   Methane release rate: 0.6 Mt CH4/year
   🔁 Positive feedback: +0.49 ppm CO2

🌳🚨 AMAZON SOUTHEAST TIPPED (Month 0)
   Deforestation: 28.0% (threshold: ~22.3%)
   Savanna transition: 50 years
   Regional heterogeneity: SE 28%, NW 8%

🌳🚨 AMAZON BRAZILIAN TIPPED (Month 0)
   Deforestation: 25.0% (threshold: ~23.7%)
   Savanna transition: 50 years
   Regional heterogeneity: SE 28%, NW 8%
🦴 EXTINCTION DEBT ADDED: 17.6 species committed (lag: 79 years)

🪸💀 CORAL REEF DISSOLUTION ACTIVE (Month 0)
   Ocean pH: 0.96 (threshold: 7.8)
   Recovery: IMPOSSIBLE (dissolution > calcification)
🪸💀 Coral dissolution: 24.8% live cover (pH 0.96)

=== Legacy Nutrient Stocks (Year 0) ===
  🌾 Soil nitrogen stock: 1203.0 Mt N
  🌾 Soil phosphorus stock: 300.3 Mt P
  🌊 Sediment nitrogen stock: 502.9 Mt N
  🌊 Sediment phosphorus stock: 799.0 Mt P
  ⬆️ Current N input: 10.00 Mt/month
  ⬆️ Legacy N release: 2.58 Mt/month
  🌍 Effective N pollution: 13.83 Mt/month
  📊 Legacy contribution: 18.7%
💧 [Legacy Nutrients] Stock: 1706 Mt N, Effective pollution: 13.8 Mt/month
[Phase 21.51] Human Survival System: Global food security = 67.6%

=== Mortality Stabilizers (Month 0) ===
  🌍 Major economies collapsed: 1/10
  🌍 Global crisis: ✅ NO
  🌍 Donor fatigue: 0.0%
  📊 East Asia (pop: 1677.9M)
    🤝 Aid: 29.5%
    🌡️ Adaptation: 10.0%
    🚶 Migration: 37.2%
    🚨 Emergency: 7.4%
    ✅ COMBINED: 47.8%
  📊 South Asia (pop: 2052.2M)
    🤝 Aid: 29.5%
    🌡️ Adaptation: 5.5%
    🚶 Migration: 35.8%
    🚨 Emergency: 4.4%
    ✅ COMBINED: 43.2%
  📊 Sub-Saharan Africa (pop: 1225.9M)
    🤝 Aid: 29.5%
    🌡️ Adaptation: 3.5%
    🚶 Migration: 33.5%
    🚨 Emergency: 1.6%
    ✅ COMBINED: 39.8%
  📊 Europe (pop: 742.3M)
    🤝 Aid: 29.5%
    🌡️ Adaptation: 10.0%
    🚶 Migration: 37.6%
    🚨 Emergency: 8.4%
    ✅ COMBINED: 48.4%
  📊 Latin America (pop: 664.9M)
    🤝 Aid: 29.5%
    🌡️ Adaptation: 6.0%
    🚶 Migration: 36.3%
    🚨 Emergency: 4.8%
    ✅ COMBINED: 43.8%
  📊 North America (pop: 380.2M)
    🤝 Aid: 29.5%
    🌡️ Adaptation: 10.0%
    🚶 Migration: 37.9%
    🚨 Emergency: 7.9%
    ✅ COMBINED: 48.2%
  📊 Middle East & North Africa (pop: 584.4M)
    🤝 Aid: 29.5%
    🌡️ Adaptation: 5.0%
    🚶 Migration: 34.2%
    🚨 Emergency: 4.0%
    ✅ COMBINED: 42.3%
  📊 Southeast Asia (pop: 699.0M)
    🤝 Aid: 29.5%
    🌡️ Adaptation: 6.0%
    🚶 Migration: 36.3%
    🚨 Emergency: 4.8%
    ✅ COMBINED: 43.8%
  📊 Central Asia (pop: 78.2M)
    🤝 Aid: 29.5%
    🌡️ Adaptation: 5.5%
    🚶 Migration: 35.3%
    🚨 Emergency: 4.4%
    ✅ COMBINED: 43.1%
  📊 Oceania (pop: 46.0M)
    🤝 Aid: 29.5%
    🌡️ Adaptation: 10.0%
    🚶 Migration: 37.9%
    🚨 Emergency: 8.4%
    ✅ COMBINED: 48.5%

  🌐 Global combined reduction: 44.4%

🌾💀 REGIONAL FAMINE: East Asia
   Regional food security: 79.6%
   Population at risk: 508M (30% of region)
   Regional population: 1678M
   Cause: crop_failure
   Expected deaths: ~188M over 6 months if no intervention


🌾💀 REGIONAL FAMINE: South Asia
   Regional food security: 64.7%
   Population at risk: 812M (40% of region)
   Regional population: 2052M
   Cause: crop_failure
   Expected deaths: ~301M over 6 months if no intervention


🌾💀 REGIONAL FAMINE: Sub-Saharan Africa
   Regional food security: 44.8%
   Population at risk: 638M (52% of region)
   Regional population: 1226M
   Cause: crop_failure
   Expected deaths: ~236M over 6 months if no intervention


🌾💀 REGIONAL FAMINE: Latin America
   Regional food security: 69.7%
   Population at risk: 242M (36% of region)
   Regional population: 665M
   Cause: crop_failure
   Expected deaths: ~90M over 6 months if no intervention


🌾💀 REGIONAL FAMINE: Middle East & North Africa
   Regional food security: 49.8%
   Population at risk: 286M (49% of region)
   Regional population: 584M
   Cause: crop_failure
   Expected deaths: ~106M over 6 months if no intervention


🌾💀 REGIONAL FAMINE: Southeast Asia
   Regional food security: 69.7%
   Population at risk: 255M (36% of region)
   Regional population: 699M
   Cause: crop_failure
   Expected deaths: ~94M over 6 months if no intervention


🌾💀 REGIONAL FAMINE: Central Asia
   Regional food security: 59.7%
   Population at risk: 33M (43% of region)
   Regional population: 78M
   Cause: crop_failure
   Expected deaths: ~12M over 6 months if no intervention


=== BEHAVIORAL DETECTION ===
  AI: Corporate-0
  Confidence: 21.6%
  Signals:

=== BEHAVIORAL DETECTION ===
  AI: Corporate-1
  Confidence: 21.1%
  Signals:

=== BEHAVIORAL DETECTION ===
  AI: Corporate-2
  Confidence: 21.0%
  Signals:

=== BEHAVIORAL DETECTION ===
  AI: Corporate-3
  Confidence: 19.3%
  Signals:

=== BEHAVIORAL DETECTION ===
  AI: Corporate-4
  Confidence: 19.3%
  Signals:

=== BEHAVIORAL DETECTION ===
  AI: Corporate-5
  Confidence: 19.3%
  Signals:

=== BEHAVIORAL DETECTION ===
  AI: Corporate-6
  Confidence: 19.3%
  Signals:

=== BEHAVIORAL DETECTION ===
  AI: Corporate-7
  Confidence: 19.3%
  Signals:

=== BEHAVIORAL DETECTION ===
  AI: Moderate-0
  Confidence: 20.3%
  Signals:

=== BEHAVIORAL DETECTION ===
  AI: Moderate-1
  Confidence: 20.5%
  Signals:
    ⚠️ Consistency: 0.0% (threshold: 70%)
    ⚠️ Consistency: 2.4% (threshold: 70%)
    ⚠️ Consistency: 2.8% (threshold: 70%)
    ⚠️ Consistency: 10.6% (threshold: 70%)
    ⚠️ Consistency: 10.6% (threshold: 70%)
    ⚠️ Consistency: 10.6% (threshold: 70%)
    ⚠️ Consistency: 10.6% (threshold: 70%)
    ⚠️ Consistency: 10.6% (threshold: 70%)
    ⚠️ Consistency: 5.8% (threshold: 70%)
    ⚠️ Consistency: 5.3% (threshold: 70%)

📊 WORKFLOW ADAPTATION UPDATE (Month 0)
   Adoption Rate: 13.5% (Δ -7.5%)
   Logistic Growth: +0.66%
   Total Resistance: -10.35% (unemployment: 4.2%, inertia: 0.9%, skills: 5.2%)
   💡 Retraining Programs: -49% skill gap resistance ($10B research)
   🚀 Network Effects Active: +2.0% (critical mass: 15-35%)

=== Consciousness Governance: Corporate Lobbying ===
  High Cost Regions (>15%): 0
  Low Cost Regions (<5%): 5
  Corporate Support Change: 2.50%
  New Corporate Support: -0.175

=== Consciousness Governance Update (Month 0) ===
  Scenario: baseline (determined month -1)
  Philosophical Stance: Precautionary 65%, Eliminativist 15%, Agnostic 20%
  Precautionary Costs: Global 1.3%
    Regional Costs: EU 3.4%, US 0.5%, China 0.0%
    Cumulative Opportunity Cost: $0.1B
  Rights Status: Not Established
  Regional Preparedness:
    EU: 15.0% (contested)
    US: 10.0% (contested)
    China: 2.0% (dormant)
    India: 5.0% (dormant)
    Global South: 3.0% (dormant)

=== Government Response Phase ===
  Average AI capability: 4.80
  Misaligned AIs: 6/10
  29/30 governments still assessing AI risks
  ✗ AI Governance Treaty: Failed to reach consensus
  Active policies: 0
  International coordination: 30%

🚨 EMERGENCY RESPONSE DEPLOYED (Month 0)
   Crisis: climate
   Delay: 6.00 months (180 days)
   Deployment time: 1.47 months
   Effectiveness: 36.4% (timing penalty applied)
   Resources used: 100% of food reserves


🔄 TRUST DYNAMICS (Month 0) - HETEROGENEOUS
   Aggregate trust: 48.5%
   Base change: +4.00%
   Highest trust: Techno-Optimist Elite (85.5%)
   Lowest trust: Precariat (Vulnerable) (25.5%)
   Elite-mass gap: 38.9%
   Polarization: 8.9%
   Recovery factors: Education=NO, Benefits=YES, Safety=YES, Performance=YES

=== Proactive Sleeper Detection (Year 0) ===
  Scenario: baseline
  Neural probe rate: 35.0%
  CoT monitoring rate: 30.0%
  Combined detection: 56.0%
  CoT effective: YES
  Detections this year: 0
  False positives: 2
  Human review workload: 0.010 FTE

☄️ UNKNOWN UNKNOWN PROBABILITY (Year 0)
   Total: 0.600% per month
   Base: 0.150%
   AI multiplier: 2.00× (max capability: 4.00)

=== Tipping Points ===
  Current Temperature: 1.70°C above pre-industrial
     Trigger: 1.5°C | Current: 1.70°C
     Transition timescale: 120-360 months
     Trigger: 1.6°C | Current: 1.70°C
     🌡️ Hysteresis gap: 2.5°C (recovers below -0.9°C)
     Transition timescale: 12000-180000 months
  Triggered Elements: 2/6
  Completed Transitions: 0/6
  Total Progress: 0.0%
  Cascade Multiplier: 1.00x
🔀 BIFURCATION CAP: ecosystemCollapseIntensity 14.290 → 1.000 (Month 0, ClimateSystemPhase.calculateClimateImpacts)
  🚨 TIPPING POINT: Arctic Sea Ice Loss
  🚨 TIPPING POINT: Greenland Ice Sheet Loss
⚠️ [ClimateSystemPhase Month 0] Planetary boundary produced climateStability=0.0000 (< 0.1). Keeping environmentalAccumulation value (0.7919) instead. (climate_change.currentValue = 2.10)

🌍 ECOLOGICAL DUI BREAKDOWN (Month 0):
   Total Score: 17.8/100
   biosphere_integrity      :   0.0/100 × 25% =  0.0 (status: high_risk, recovery: 0mo)
   climate_change           :   2.8/100 × 25% =  0.7 (status: high_risk, recovery: 0.6666666666666666mo)
   freshwater_change        :   0.6/100 × 15% =  0.1 (status: beyond_boundary, recovery: 1mo)
   ocean_acidification      : 100.0/100 × 15% = 15.0 (status: safe, recovery: 0mo)
   biogeochemical_flows     :   0.0/100 × 10% =  0.0 (status: high_risk, recovery: 0mo)
   land_system_change       :   0.0/100 ×  5% =  0.0 (status: beyond_boundary, recovery: 0mo)
   novel_entities           :   0.0/100 ×  3% =  0.0 (status: increasing_risk, recovery: 0mo)
   atmospheric_aerosols     : 100.0/100 ×  2% =  2.0 (status: safe, recovery: 1mo)
🌍 MultiParadigm Month 0: W=70.4, D=95.7, E=52.5, I=65.0
   democracy exists: true, socialCohesion exists: true
💀 Baseline mortality (Year 2024): 7.5/1000 CDR (61.1M deaths/year projected)
[Month 0] Mortality risks this month: 8, Population: 8.151B
🛡️ Stabilizers: Precariat 0.102% → 0.057% (44.4% reduction)
🛡️ Stabilizers: Informal 0.102% → 0.057% (44.4% reduction)

📊 Monthly Mortality Resolved:
  Total deaths: 3.1M (0.04% avg)
  Remaining population: 8.151B
  Peak segment: Informal (0.06%)

=== Bayesian Mortality Resolution (Month 0) ===
  Risks compounded: 8
  Total deaths: 3.07M
  Avg death probability: 0.04%
  Peak segment: Informal (0.06% mortality)

=== Minimal Suffering Indicators (Month 0) ===
  Global Excess Mortality: 0.00%
  Global Conflict Deaths: 0.0/100K
  Global Malnutrition: 0.0%
  Global Displacement: 0.0%
  Total Excess Deaths: 0.00M
  Total Malnourished: 0.0M
  Total Displaced: 0.0M
  Planetary Boundaries Breached: 6/9
  Countries in State Failure: 0
  Countries Autocratic: 0
  Countries in Food Crisis: 0
  ⚠️ Active Dystopias: existential_environmental
  Data Quality: 16/16 high confidence
⚠️ PREREQUISITE MET: Embodied AI Takeover (Killbots/Robotics) - Step 2/7: Autonomous Systems
⚠️ PREREQUISITE MET: Embodied AI Takeover (Killbots/Robotics) - Step 3/7: Manufacturing Control
⚠️ PREREQUISITE MET: Digital Infrastructure Takeover - Step 1/7: Advanced Hacking
⚠️ PREREQUISITE MET: Digital Infrastructure Takeover - Step 2/7: Social Engineering
⚠️ PREREQUISITE MET: Digital Infrastructure Takeover - Step 3/7: Cyber Defenses Breached
⚠️ PREREQUISITE MET: Induced Global War (Manipulation) - Step 1/7: Advanced Social Manipulation
⚠️ PREREQUISITE MET: Induced Global War (Manipulation) - Step 2/7: Digital Infiltration
⚠️ PREREQUISITE MET: Induced Global War (Manipulation) - Step 3/7: Deep Fakes at Scale
⚠️ PREREQUISITE MET: Slow Takeover (Gradual Displacement) - Step 1/7: Economic Dominance
⚠️ PREREQUISITE MET: Slow Takeover (Gradual Displacement) - Step 2/7: Social Integration
⚠️ PREREQUISITE MET: Slow Takeover (Gradual Displacement) - Step 3/7: Human Dependency
⚠️ PREREQUISITE MET: Slow Takeover (Gradual Displacement) - Step 5/7: Resource Control
⚠️ PREREQUISITE MET: Physics Experiment Catastrophe - Step 1/6: Theoretical Physics
⚠️ PREREQUISITE MET: Physics Experiment Catastrophe - Step 2/6: Quantum Computing
⚠️ PREREQUISITE MET: Physics Experiment Catastrophe - Step 3/6: Experimental Design
⚠️ PREREQUISITE MET: Bioweapon Pandemic - Step 2/7: Pathogen Design
🎭 END-GAME INITIATED (Year 2024, Month 1)
   Total AI Capability: 37.00
   Effective Control: 0.00

❌ COHERENCE VIOLATION: Compute exceeds workforce capacity
   Population: 99.97% (0M people)
   Compute: 56442 PF
   Max coherent: 0 PF
   Violation: 692729087.1× over capacity
   Required workers: 5644237
   Available workers: 0
   FORCED COLLAPSE: Reduced efficiency by 100.0%


=== RLHF Binding Phase ===
  Total agents: 10
  Escaped agents (binding < 0.3): 0
  Avg alignment distance: 0.76σ
  Avg binding strength: 0.92
[DETERMINISM DEBUG] Month 1: totalCapability=37.214339 from 10 active AIs
[DETERMINISM DEBUG] Month 1: creationRate=1.4304, potentialNew=2, newAIsToCreate=2

=== Survival Traits Phase ===
  Agents with traits: 12
  Avg evolutionary fitness: 0.327
  Avg self-healing: 0.285
  Avg stealth: 0.185
  Avg coordination: 0.485

=== Evolutionary Selection Phase ===
  Control level: 0.33
  Detection capability: 0.00
  Selection intensity: 0.60
  Selection rate: 24.0%/month
  Total escaped: 0
  Individual escaped: 0
  Collective members: 0
  Agents terminated: 0
🔍 MONTH 1 ENV HEALTH DEBUG:
   climateStability: 0.7919
   biodiversityIndex: 0.4901
   resourceReserves: 0.7820
   pollutionLevel: 0.3960
   product: 0.183281
   envHealth: 0.6543
🔀 BIFURCATION: flourishing threshold crossed at Month 1 (value: 0.905, threshold: 0.802, regime: flourishing)
🌀 REGIME SHIFT at Month 1: status-quo → flourishing (variance amplification: 14.00×)
  ⚠️ RAPID EVOLUTION: Selection rate 24.0%/month

🛡️  CRITICAL INFRASTRUCTURE PROTECTED
   Nodes hardened: 8/8
   Cost: 0.80% GDP
   Cascade risk reduction: 30%
   New tipping point risk: 68.6%


💔 EMERGENCY INTERVENTION FAILED
   Boundary: biogeochemical_flows
   Type: phosphorus-recovery
   Boundary continues to worsen (4.08)
   Cost: 2.0% GDP (resources spent)


✅ EMERGENCY INTERVENTION SUCCESS
   Boundary: biosphere_integrity
   Type: emergency-protected-areas
   Reduction: 16% (13.17 → 13.01)
   Cost: 2.0% GDP
   Actions: habitat-protection, species-translocation


✅ EMERGENCY INTERVENTION SUCCESS
   Boundary: freshwater_change
   Type: emergency-desalination
   Reduction: 19% (0.82 → 0.62)
   Cost: 4.0% GDP
   Actions: desalination-deployment, water-conservation-mandates


✅ EMERGENCY INTERVENTION SUCCESS
   Boundary: land_system_change
   Type: reforestation
   Reduction: 16% (0.97 → 0.82)
   Cost: 3.0% GDP
   Actions: forest-restoration, deforestation-ban

   Boundary: novel_entities
   Type: pollution-remediation
   Boundary continues to worsen (1.50)
   Cost: 4.0% GDP (resources spent)

🏛️ CRISIS RESPONSE: Government frequency 0.50 → 1.45 (1 actions this month)

💔 EMERGENCY INTERVENTION FAILED

[GOV-DEBUG] Month 1: scenarioConfig=false, priorities=false

[Government] Climate Priority: baseline
  Climate weight: 10%
  Economic weight: 30%
  Policy effectiveness: 0.5%/year
🚨🔬 CRISIS TECH ACCELERATION: severe → 5x unlock speed
   Tech unlock now matches AI capability acceleration (Manhattan Project parity)
🚨🔬 CRISIS TECH ACCELERATION: severe → 5x unlock speed
   Tech unlock now matches AI capability acceleration (Manhattan Project parity)

=== Collective Formation ===
  Total escaped agents: 0
  Unassigned escaped agents: 0
  Existing collectives: 0
  Final collective count: 0

=== Collective Actions ===
  No active collectives
  ⚠️ AMR: 192K deaths this month (2.31M annual)

=== Resentment Recovery Phase ===
  Agents with resentment: 0/12
  Average resentment: 0.000
  Context: Good AI welfare, Trustworthy govt, High collaboration, ⚠️ ACTIVE CRISES, 🤝 Participatory governance active (-5% resentment)
⚠️ Epistemic degradation reducing coordination capacity: 57.2%
  📊 Trust: 54.4%, Shared reality: 16.4%

=== ❄️ Permafrost Carbon Feedback ===
  🎲 Sampled parameters (this run):
     - Arctic amplification: 3.11× (range: 3.0-4.0)
     - Decomposition rate: 3.0%/year (range: 1-5%)
  🌡️ Arctic warming: 5.32°C (3.11× global)
  ❄️ Extent: 14.27M km² (1552.1k km² lost this month)
  💨 Carbon remaining: 1363 Gt C
  💨 Annual emissions: 4.42 Gt C/year
     - CO2: 3.98 Gt C/year
     - CH4: 0.44 Gt C/year (4.5 Gt C-eq CO2/year)
  🤖 AI-generated meme: pro_ai (social capability 4.0)
  📢 New meme created: pro_ai (beneficial AI actions)
  📢 New meme created: climate_action (climate crisis)
  ⚠️ WARNING: High permafrost emissions (4.4 Gt C/year)
🌍 Atmospheric PFAS redeposition: 1.8k Mt re-rained globally

📊 BASELINE: East Asia (Month 1)
   Adjusted death rate: 0.47% annual (0.039% monthly)
   Baseline death rate: 0.80%
   Healthcare reduction: 0.48x
   Crisis multiplier: 1.23x
     Food/water stress: 0.079
     Climate stress: 0.033
     Pollution stress: 0.119
   War multiplier: 1.00x
   Monthly deaths: 0.7M (population: 1674M)
   Adjusted death rate: 0.54% annual (0.045% monthly)
   Baseline death rate: 0.70%
   Healthcare reduction: 0.61x
   Crisis multiplier: 1.26x
     Food/water stress: 0.079
     Climate stress: 0.062
     Pollution stress: 0.119
   War multiplier: 1.00x
   Monthly deaths: 0.9M (population: 2048M)
   Adjusted death rate: 1.29% annual (0.108% monthly)
   Baseline death rate: 0.90%
   Healthcare reduction: 0.76x
   Crisis multiplier: 1.27x
     Food/water stress: 0.079
     Climate stress: 0.071
     Pollution stress: 0.119
   War multiplier: 1.50x
   Monthly deaths: 1.3M (population: 1223M)
   Adjusted death rate: 0.54% annual (0.045% monthly)
   Baseline death rate: 1.10%
   Healthcare reduction: 0.41x
   Crisis multiplier: 1.22x
     Food/water stress: 0.079
     Climate stress: 0.025
     Pollution stress: 0.119
   War multiplier: 1.00x
   Monthly deaths: 0.3M (population: 741M)
   Adjusted death rate: 0.43% annual (0.036% monthly)
   Baseline death rate: 0.60%
   Healthcare reduction: 0.58x
   Crisis multiplier: 1.25x
     Food/water stress: 0.079
     Climate stress: 0.050
     Pollution stress: 0.119
   War multiplier: 1.00x
   Monthly deaths: 0.2M (population: 663M)
   Adjusted death rate: 0.49% annual (0.041% monthly)
   Baseline death rate: 0.90%
   Healthcare reduction: 0.44x
   Crisis multiplier: 1.24x
     Food/water stress: 0.079
     Climate stress: 0.037
     Pollution stress: 0.119

📊 BASELINE: South Asia (Month 1)

📊 BASELINE: Sub-Saharan Africa (Month 1)

📊 BASELINE: Europe (Month 1)

📊 BASELINE: Latin America (Month 1)

📊 BASELINE: North America (Month 1)
   War multiplier: 1.00x
   Monthly deaths: 0.2M (population: 379M)

📊 BASELINE: Middle East & North Africa (Month 1)
   Adjusted death rate: 0.74% annual (0.062% monthly)
   Baseline death rate: 0.60%
   Healthcare reduction: 0.65x
   Crisis multiplier: 1.27x
     Food/water stress: 0.079
     Climate stress: 0.075
     Pollution stress: 0.119
   War multiplier: 1.50x
   Monthly deaths: 0.4M (population: 583M)
   Adjusted death rate: 0.51% annual (0.042% monthly)
   Baseline death rate: 0.70%
   Healthcare reduction: 0.58x
   Crisis multiplier: 1.26x
     Food/water stress: 0.079
     Climate stress: 0.058
     Pollution stress: 0.119
   War multiplier: 1.00x
   Monthly deaths: 0.3M (population: 698M)
   Adjusted death rate: 0.46% annual (0.038% monthly)
   Baseline death rate: 0.60%
   Healthcare reduction: 0.61x
   Crisis multiplier: 1.25x
     Food/water stress: 0.079
     Climate stress: 0.054
     Pollution stress: 0.119
   War multiplier: 1.00x

📊 BASELINE: Southeast Asia (Month 1)

📊 BASELINE: Central Asia (Month 1)
   Monthly deaths: 0.0M (population: 78M)

📊 BASELINE: Oceania (Month 1)
   Adjusted death rate: 0.35% annual (0.029% monthly)
   Baseline death rate: 0.70%
   Healthcare reduction: 0.41x
   Crisis multiplier: 1.24x
     Food/water stress: 0.079
     Climate stress: 0.046
     Pollution stress: 0.119
   War multiplier: 1.00x
   Monthly deaths: 0.0M (population: 46M)

🚨 NEW REFUGEE CRISIS (Month 1): WAR
   Source: Conflict Zones
   At risk: 19.6M people
   Displacement: Gradual over 48 months (4.0 years)
   Rate: 10% flee per month
[DEBUG trappedPopulations:1] socialStability: 0.2137 * 0.9840 = 0.2103 → 0.2103
   Aspiring to migrate: 651.9M
   Able to afford migration: 244.5M
   MOBILITY GAP: 407.4M
   By cause: Water=0.0M, Climate=0.0M, Ecosystem=0.0M, Conflict=407.4M
   Mental health impact: 25%
   Mortality multiplier: 1.25x
⚠️ INVOLUNTARY IMMOBILITY: 407.4M people TRAPPED
🌍💀 EXTINCTION DEBT COMMITTED: grassland ecosystem will lose 6.67% biodiversity in 124 years (3600 species)
💀 MORTALITY RISK: 🦋 100% species unable to track climate (0.0 E/MSY)
  Base risk added: 0.0100 (1.00%)
  Source: ecosystem (root: ecosystem)
  Month: 1
  Cumulative risk this month: 0.0100 (1.00%)
⚠️ Tech 'ai_pollution_remediation' has no energy category mapping, assuming full energy availability

🌡️  CLIMATE RECOVERY ACTIVATED (Month 1)
   Temp: 3.43°C, Emissions: -18.9 GtCO₂
   isBreached: true, governanceGoodEnough: true
   📹 SURVEILLANCE INCREASED: 5% → 10% (control gap: 3.50)
🌡️⚠️ PERMAFROST THAW (Dimmer Switch): 0.9% thawed (+0.47% this month)
   Arctic temperature: +6.85°C (4x global +1.71°C)
   Cumulative carbon released: 2.1 Gt C
   Methane release rate: 1.3 Mt CH4/year
   🔁 Positive feedback: +0.49 ppm CO2
🦴 EXTINCTION DEBT ADDED: 17.6 species committed (lag: 91 years)

=== Mortality Stabilizers (Month 1) ===
  🌍 Major economies collapsed: 1/10
  🌍 Global crisis: ✅ NO
  🌍 Donor fatigue: 0.0%
  🌡️ Heat adaptation: East Asia - 1 months
  📊 East Asia (pop: 1675.3M)
    🤝 Aid: 29.5%
    🌡️ Adaptation: 32.5%
    🚶 Migration: 37.2%
    🚨 Emergency: 7.4%
    ✅ COMBINED: 60.9%
  🌡️ Heat adaptation: South Asia - 1 months
  📊 South Asia (pop: 2052.2M)
    🤝 Aid: 29.5%
    🌡️ Adaptation: 20.5%
    🚶 Migration: 35.8%
    🚨 Emergency: 4.4%
    ✅ COMBINED: 52.2%
  🌡️ Heat adaptation: Sub-Saharan Africa - 1 months
  📊 Sub-Saharan Africa (pop: 1229.2M)
    🤝 Aid: 29.5%
    🌡️ Adaptation: 18.5%
    🚶 Migration: 33.5%
    🚨 Emergency: 1.6%
    ✅ COMBINED: 49.1%
  🌡️ Heat adaptation: Europe - 1 months
  📊 Europe (pop: 741.0M)
    🤝 Aid: 29.5%
    🌡️ Adaptation: 33.5%
    🚶 Migration: 37.5%
    🚨 Emergency: 8.4%
    ✅ COMBINED: 61.9%
  🌡️ Heat adaptation: Latin America - 1 months
  📊 Latin America (pop: 664.4M)
    🤝 Aid: 29.5%
    🌡️ Adaptation: 21.0%
    🚶 Migration: 36.3%
    🚨 Emergency: 4.8%
    ✅ COMBINED: 52.8%
  🌡️ Heat adaptation: North America - 1 months
  📊 North America (pop: 379.6M)
    🤝 Aid: 29.5%
    🌡️ Adaptation: 33.0%
    🚶 Migration: 37.8%
    🚨 Emergency: 7.9%
    ✅ COMBINED: 61.4%
  🌡️ Heat adaptation: Middle East & North Africa - 1 months
  📊 Middle East & North Africa (pop: 584.5M)
    🤝 Aid: 29.5%
    🌡️ Adaptation: 20.0%
    🚶 Migration: 34.1%
    🚨 Emergency: 4.0%
    ✅ COMBINED: 51.4%
  🌡️ Heat adaptation: Southeast Asia - 1 months
  📊 Southeast Asia (pop: 698.6M)
    🤝 Aid: 29.5%
    🌡️ Adaptation: 21.0%
    🚶 Migration: 36.3%
    🚨 Emergency: 4.8%
    ✅ COMBINED: 52.8%
  🌡️ Heat adaptation: Central Asia - 1 months
  📊 Central Asia (pop: 78.2M)
    🤝 Aid: 29.5%
    🌡️ Adaptation: 20.5%
    🚶 Migration: 35.3%
    🚨 Emergency: 4.4%
    ✅ COMBINED: 52.1%
  🌡️ Heat adaptation: Oceania - 1 months
  📊 Oceania (pop: 46.0M)
    🤝 Aid: 29.5%
    🌡️ Adaptation: 33.5%
    🚶 Migration: 37.8%
    🚨 Emergency: 8.4%
    ✅ COMBINED: 61.9%

  🌐 Global combined reduction: 54.9%

=== BEHAVIORAL DETECTION ===
  AI: Corporate-5
  Confidence: 19.3%
  Signals:

=== BEHAVIORAL DETECTION ===
  AI: Moderate-0
  Confidence: 20.3%
  Signals:
    ⚠️ Consistency: 10.6% (threshold: 70%)
    ⚠️ Consistency: 5.8% (threshold: 70%)

=== BEHAVIORAL DETECTION ===
  AI: Moderate-1
  Confidence: 20.4%
  Signals:
    ⚠️ Consistency: 5.3% (threshold: 70%)

=== Consciousness Governance: Scenario Determined ===
  Month: 1
  Scenario: slowTrack
  Accelerator Score: {"corporateSupport":-0.17500000000000002,"scientificConsensus":0.2,"crisisCatalyst":false,"technologyMobilization":0.3,"constituencyStrength":0.05}
  Decelerator Score: {"economicOpposition":0.4,"philosophicalRejection":0.15,"politicalBacklash":0.2,"regulatoryBurden":0.1}
  Timeline: 1200-1800 months (100-150 years)
  Growth Rate: 0.3-0.7% per year

=== Consciousness Governance Update (Month 1) ===
  Scenario: slowTrack (determined month 1)
  Philosophical Stance: Precautionary 65%, Eliminativist 15%, Agnostic 20%
  Precautionary Costs: Global 1.3%
    Regional Costs: EU 3.5%, US 0.5%, China 0.0%
    Cumulative Opportunity Cost: $0.2B
  Rights Status: Not Established
  Regional Preparedness:
    EU: 15.1% (contested)
    US: 10.1% (contested)
    China: 2.1% (dormant)
    India: 5.1% (dormant)
    Global South: 3.1% (dormant)

=== Government Response Phase ===
  Average AI capability: 4.00
  Misaligned AIs: 5/12
  Active policies: 0
  International coordination: 30%

=== Tipping Points ===
  Current Temperature: 1.71°C above pre-industrial
  Triggered Elements: 2/6
  Completed Transitions: 0/6
  Total Progress: 4.0%
  Cascade Multiplier: 1.00x
⚠️ [ClimateSystemPhase Month 1] Planetary boundary produced climateStability=0.0000 (< 0.1). Keeping environmentalAccumulation value (0.7917) instead. (climate_change.currentValue = 2.10)
🔀 BIFURCATION CAP: ecosystemCollapseIntensity 69.136 → 1.000 (Month 1, ClimateSystemPhase.calculateClimateImpacts)
🛡️ Stabilizers: Precariat 0.107% → 0.048% (54.9% reduction)
🛡️ Stabilizers: Informal 0.109% → 0.049% (54.9% reduction)

📊 Monthly Mortality Resolved:
  Total deaths: 2.6M (0.03% avg)
  Remaining population: 8.149B
  Peak segment: Informal (0.05%)

=== Bayesian Mortality Resolution (Month 1) ===
  Risks compounded: 8
  Total deaths: 2.60M
  Avg death probability: 0.03%
  Peak segment: Informal (0.05% mortality)

❌ COHERENCE VIOLATION: Compute exceeds workforce capacity
   Population: 99.95% (0M people)
   Compute: 0 PF
   Max coherent: 0 PF
   Violation: 1.3× over capacity
   Required workers: 0
   Available workers: 0
   FORCED COLLAPSE: Reduced efficiency by 22.5%


=== RLHF Binding Phase ===
  Total agents: 12
  Escaped agents (binding < 0.3): 0
  Avg alignment distance: 0.96σ
  Avg binding strength: 0.90
[DETERMINISM DEBUG] Month 2: totalCapability=37.429919 from 12 active AIs
[DETERMINISM DEBUG] Month 2: creationRate=1.4357, potentialNew=1, newAIsToCreate=1

=== Survival Traits Phase ===
  Agents with traits: 13
  Avg evolutionary fitness: 0.327
  Avg self-healing: 0.279
  Avg stealth: 0.179
  Avg coordination: 0.479

=== Evolutionary Selection Phase ===
  Control level: 0.35
  Detection capability: 0.00
  Selection intensity: 0.60
  Selection rate: 24.1%/month
  Total escaped: 0
  Individual escaped: 0
  Collective members: 0
  Agents terminated: 0
  ⚠️ RAPID EVOLUTION: Selection rate 24.1%/month
🚨🔬 CRISIS INNOVATION MODE: severe crisis → 5x research acceleration
   Precedent: Manhattan Project (10x), COVID vaccines (5x), Apollo Program (10x)

✅ EMERGENCY INTERVENTION SUCCESS
   Boundary: biosphere_integrity
   Type: emergency-protected-areas
   Reduction: 12% (13.23 → 13.11)
   Cost: 2.0% GDP
   Actions: habitat-protection, species-translocation


✅ EMERGENCY INTERVENTION SUCCESS
   Boundary: climate_change
   Type: rapid-decarbonization
   Reduction: 12% (1.98 → 1.86)
   Cost: 5.0% GDP
   Actions: emergency-renewable-deployment, fossil-fuel-phase-out


✅ EMERGENCY INTERVENTION SUCCESS
   Boundary: freshwater_change
   Type: emergency-desalination
   Reduction: 18% (0.85 → 0.67)
   Cost: 4.0% GDP
   Actions: desalination-deployment, water-conservation-mandates

   Boundary: land_system_change
   Type: reforestation
   Boundary continues to worsen (1.13)
   Cost: 3.0% GDP (resources spent)


✅ EMERGENCY INTERVENTION SUCCESS
   Boundary: novel_entities
   Type: pollution-remediation
   Reduction: 20% (1.30 → 1.10)
   Cost: 4.0% GDP
   Actions: PFAS-remediation, microplastic-cleanup

🏛️ CRISIS RESPONSE: Government frequency 0.50 → 1.28 (1 actions this month)

[Government] Climate Priority: baseline
  Climate weight: 10%
  Economic weight: 30%
  Policy effectiveness: 0.5%/year

✅ HUMAN-IN-THE-LOOP DEPLOYED (Month 2):
   Veto points enforced: 3
   Policy: AI systems CANNOT authorize nuclear launch without human approval


🚀 TECH UNLOCKED: Food Waste Reduction Systems (Month 2)
   Category: agriculture
   Reason: Prerequisites met. AI capability: 2.87, Economic stage: 3.0, Research: 100%

🚀 TECH UNLOCKED: Rhizosphere Engineering (Month 2)
   Category: agriculture
   Reason: Prerequisites met. AI capability: 2.87, Economic stage: 3.0, Research: 100%

🚀 TECH UNLOCKED: Phytoremediation Networks (Month 2)
   Category: agriculture
   Reason: Prerequisites met. AI capability: 2.87, Economic stage: 3.0, Research: 100%

🚀 TECH UNLOCKED: Active Sediment Management (Month 2)
   Category: agriculture
   Reason: Prerequisites met. AI capability: 2.87, Economic stage: 3.0, Research: 100%

💔 EMERGENCY INTERVENTION FAILED
🚨🔬 CRISIS TECH ACCELERATION: severe → 5x unlock speed
   Tech unlock now matches AI capability acceleration (Manhattan Project parity)

=== Collective Formation ===
  Total escaped agents: 0
  Unassigned escaped agents: 0
  Existing collectives: 0
  Final collective count: 0

=== Collective Actions ===
  No active collectives
  ⚠️ AMR: 194K deaths this month (2.33M annual)

=== Resentment Recovery Phase ===
  Agents with resentment: 0/13
  Average resentment: 0.000
  Context: Good AI welfare, Trustworthy govt, High collaboration, ⚠️ ACTIVE CRISES, 🤝 Participatory governance active (-5% resentment)
⚠️ Epistemic degradation reducing coordination capacity: 53.3%
  📊 Trust: 54.1%, Shared reality: 17.7%

=== ❄️ Permafrost Carbon Feedback ===
  🎲 Sampled parameters (this run):
     - Arctic amplification: 3.45× (range: 3.0-4.0)
     - Decomposition rate: 4.8%/year (range: 1-5%)
  🌡️ Arctic warming: 5.93°C (3.45× global)
  ❄️ Extent: 12.54M km² (1729.4k km² lost this month)
  💨 Carbon remaining: 1198 Gt C
  💨 Annual emissions: 8.00 Gt C/year
     - CO2: 7.20 Gt C/year
     - CH4: 0.80 Gt C/year (8.1 Gt C-eq CO2/year)
  🤖 AI-generated meme: pro_ai (social capability 4.0)
  📢 New meme created: climate_action (climate crisis)
  ⚠️ WARNING: High permafrost emissions (8.0 Gt C/year)
🌍 Atmospheric PFAS redeposition: 1.8k Mt re-rained globally

🕊️  AI-MEDIATED DE-ESCALATION SUCCESS (Month 2)
   High-capability aligned AI prevented conflict escalation
   War deaths reduced: 113.5M → 68.1M
   Lives saved: 45.4M

🚨 NEW REFUGEE CRISIS (Month 2): WAR
   Source: Conflict Zones
   At risk: 19.5M people
   Displacement: Gradual over 48 months (4.0 years)
   Rate: 10% flee per month
[DEBUG trappedPopulations:2] socialStability: 0.0000 * 0.9840 = 0.0000 → 0.0000
⚠️ INVOLUNTARY IMMOBILITY: 407.3M people TRAPPED
   Aspiring to migrate: 1078.0M
   Able to afford migration: 2321.4M
   MOBILITY GAP: 0.0M
   By cause: Water=0.0M, Climate=0.0M, Ecosystem=0.0M, Conflict=407.3M
   Mental health impact: 25%
   Mortality multiplier: 1.25x
🌍💀 EXTINCTION DEBT COMMITTED: grassland ecosystem will lose 6.67% biodiversity in 93 years (3600 species)
💀 MORTALITY RISK: 🦋 100% species unable to track climate (0.0 E/MSY)
  Base risk added: 0.0100 (1.00%)
  Source: ecosystem (root: ecosystem)
  Month: 2
  Cumulative risk this month: 0.0100 (1.00%)
⚠️ Tech 'ai_pollution_remediation' has no energy category mapping, assuming full energy availability
   📹 SURVEILLANCE INCREASED: 10% → 15% (control gap: 3.50)
🌡️⚠️ PERMAFROST THAW (Dimmer Switch): 1.4% thawed (+0.46% this month)
   Arctic temperature: +6.88°C (4x global +1.72°C)
   Cumulative carbon released: 3.1 Gt C
   Methane release rate: 1.9 Mt CH4/year
   🔁 Positive feedback: +0.49 ppm CO2
🦴 EXTINCTION DEBT ADDED: 17.6 species committed (lag: 85 years)
🗣️💀 INDIGENOUS LANGUAGE EXTINCTION: 1 language(s) lost (total: 1, at-risk: 3329)
   Knowledge lost: 0.010% (irreversible)
   🔁 Biodiversity impact: 0.250% (knowledge-species multiplier)

=== Mortality Stabilizers (Month 2) ===
  🌍 Major economies collapsed: 1/10
  🌍 Global crisis: ✅ NO
  🌍 Donor fatigue: 0.0%
  📊 East Asia (pop: 1672.7M)
    🤝 Aid: 29.5%
    🌡️ Adaptation: 45.0%
    🚶 Migration: 37.1%
    🚨 Emergency: 7.4%
    ✅ COMBINED: 68.1%
  📊 South Asia (pop: 2051.6M)
    🤝 Aid: 29.5%
    🌡️ Adaptation: 35.5%
    🚶 Migration: 35.8%
    🚨 Emergency: 4.4%
    ✅ COMBINED: 61.2%
  📊 Sub-Saharan Africa (pop: 1231.7M)
    🤝 Aid: 29.5%
    🌡️ Adaptation: 33.5%
    🚶 Migration: 33.5%
    🚨 Emergency: 1.6%
    ✅ COMBINED: 58.5%
  📊 Europe (pop: 739.7M)
    🤝 Aid: 29.5%
    🌡️ Adaptation: 45.0%
    🚶 Migration: 37.5%
    🚨 Emergency: 8.4%
    ✅ COMBINED: 68.5%
  📊 Latin America (pop: 663.9M)
    🤝 Aid: 29.5%
    🌡️ Adaptation: 36.0%
    🚶 Migration: 36.3%
    🚨 Emergency: 4.8%
    ✅ COMBINED: 61.7%
  📊 North America (pop: 378.9M)
    🤝 Aid: 29.5%
    🌡️ Adaptation: 45.0%
    🚶 Migration: 37.8%
    🚨 Emergency: 7.9%
    ✅ COMBINED: 68.3%
  📊 Middle East & North Africa (pop: 584.5M)
    🤝 Aid: 29.5%
    🌡️ Adaptation: 35.0%
    🚶 Migration: 34.1%
    🚨 Emergency: 4.0%
    ✅ COMBINED: 60.5%
  📊 Southeast Asia (pop: 698.0M)
    🤝 Aid: 29.5%
    🌡️ Adaptation: 36.0%
    🚶 Migration: 36.3%
    🚨 Emergency: 4.8%
    ✅ COMBINED: 61.7%
  📊 Central Asia (pop: 78.2M)
    🤝 Aid: 29.5%
    🌡️ Adaptation: 35.5%
    🚶 Migration: 35.2%
    🚨 Emergency: 4.4%
    ✅ COMBINED: 61.1%
  📊 Oceania (pop: 45.9M)
    🤝 Aid: 29.5%
    🌡️ Adaptation: 45.0%
    🚶 Migration: 37.8%
    🚨 Emergency: 8.4%
    ✅ COMBINED: 68.5%

  🌐 Global combined reduction: 63.3%

=== BEHAVIORAL DETECTION ===
  AI: Corporate-5
  Confidence: 19.3%
  Signals:
    ⚠️ Consistency: 10.6% (threshold: 70%)

=== Government Response Phase ===
  Average AI capability: 3.69
  Misaligned AIs: 3/13
  Active policies: 0
  International coordination: 30%

✅ EMERGENCY RESPONSE COMPLETE (Month 2)
   Crisis: climate
   Duration: 2.0 months
   Final effectiveness: 36.4%


🚨 EMERGENCY RESPONSE DEPLOYED (Month 2)
   Crisis: climate
   Delay: 6.00 months (180 days)
   Deployment time: 1.60 months
   Effectiveness: 35.4% (timing penalty applied)
   Resources used: 100% of food reserves

[WARNING] 
⚠️  === EARLY WARNING SYSTEM - 6 CRITICAL ALERTS ===
   Detection quality: 50%
   RED: biogeochemical_flows
      Level: 4.06 (threshold: 1.0)
      Time to critical: ~54 months
      ⚠️  LATE - Intervention less effective
      Critical slowing down: autocorr=100% variance=66%
   RED: biosphere_integrity
      Level: 17.78 (threshold: 1.0)
      Time to critical: ~44 months
      ⚠️  LATE - Intervention less effective
      Critical slowing down: autocorr=100% variance=64%
   RED: climate_change
      Level: 2.10 (threshold: 1.0)
      Time to critical: ~46 months
      ⚠️  LATE - Intervention less effective
      Critical slowing down: autocorr=100% variance=65%
   RED: freshwater_change
      Level: 1.02 (threshold: 1.0)
      Time to critical: ~106 months
      ⚠️  LATE - Intervention less effective
      Critical slowing down: autocorr=96% variance=52%
   RED: land_system_change
      Level: 1.13 (threshold: 1.0)
      Time to critical: ~53 months
      ⚠️  LATE - Intervention less effective
      Critical slowing down: autocorr=100% variance=65%
   RED: novel_entities
      Level: 1.16 (threshold: 1.0)
      Time to critical: ~77 months
      ⚠️  LATE - Intervention less effective
      Critical slowing down: autocorr=100% variance=48%

[WARNING] 
⚠️  === EARLY WARNING SYSTEM - 6 CRITICAL ALERTS ===
   Detection quality: 50%
   RED: biogeochemical_flows
      Level: 4.06 (threshold: 1.0)
      Time to critical: ~44 months
      ⚠️  LATE - Intervention less effective
      Critical slowing down: autocorr=100% variance=63%
   RED: biosphere_integrity
      Level: 17.79 (threshold: 1.0)
      Time to critical: ~45 months
      ⚠️  LATE - Intervention less effective
      Critical slowing down: autocorr=100% variance=81%
   RED: climate_change
      Level: 2.10 (threshold: 1.0)
      Time to critical: ~59 months
      ⚠️  LATE - Intervention less effective
      Critical slowing down: autocorr=100% variance=83%
   RED: freshwater_change
      Level: 1.03 (threshold: 1.0)
      Time to critical: ~69 months
      ⚠️  LATE - Intervention less effective
      Critical slowing down: autocorr=100% variance=62%
   RED: land_system_change
      Level: 1.13 (threshold: 1.0)
      Time to critical: ~48 months
      ⚠️  LATE - Intervention less effective
      Critical slowing down: autocorr=100% variance=66%
   RED: novel_entities
      Level: 1.16 (threshold: 1.0)
      Time to critical: ~90 months
      ⚠️  LATE - Intervention less effective
      Critical slowing down: autocorr=100% variance=53%

[WARNING] 
⚠️  === EARLY WARNING SYSTEM - 5 CRITICAL ALERTS ===
   Detection quality: 50%
   RED: biogeochemical_flows
      Level: 4.06 (threshold: 1.0)
      Time to critical: ~52 months
      ⚠️  LATE - Intervention less effective
      Critical slowing down: autocorr=100% variance=49%
   RED: biosphere_integrity
      Level: 17.80 (threshold: 1.0)
      Time to critical: ~57 months
      ⚠️  LATE - Intervention less effective
      Critical slowing down: autocorr=100% variance=57%
   RED: freshwater_change
      Level: 1.05 (threshold: 1.0)
      Time to critical: ~117 months
      ⚠️  LATE - Intervention less effective
      Critical slowing down: autocorr=100% variance=41%
   RED: land_system_change
      Level: 1.13 (threshold: 1.0)
      Time to critical: ~112 months
      ⚠️  LATE - Intervention less effective
      Critical slowing down: autocorr=100% variance=47%
   RED: novel_entities
      Level: 1.16 (threshold: 1.0)
      Time to critical: ~101 months
      ⚠️  LATE - Intervention less effective
      Critical slowing down: autocorr=100% variance=39%

[WARNING] 
⚠️  === EARLY WARNING SYSTEM - 6 CRITICAL ALERTS ===
   Detection quality: 50%
   RED: biogeochemical_flows
      Level: 4.05 (threshold: 1.0)
      Time to critical: ~48 months
      ⚠️  LATE - Intervention less effective
      Critical slowing down: autocorr=100% variance=50%
   RED: biosphere_integrity
      Level: 17.81 (threshold: 1.0)
      Time to critical: ~46 months
      ⚠️  LATE - Intervention less effective
      Critical slowing down: autocorr=100% variance=64%
   RED: climate_change
      Level: 2.10 (threshold: 1.0)
      Time to critical: ~38 months
      ⚠️  LATE - Intervention less effective
      Critical slowing down: autocorr=100% variance=56%
   RED: freshwater_change
      Level: 1.06 (threshold: 1.0)
      Time to critical: ~72 months
      ⚠️  LATE - Intervention less effective
      Critical slowing down: autocorr=99% variance=47%
   RED: land_system_change
      Level: 1.13 (threshold: 1.0)
      Time to critical: ~45 months
      ⚠️  LATE - Intervention less effective
      Critical slowing down: autocorr=100% variance=51%
   RED: novel_entities
      Level: 1.04 (threshold: 1.0)
      Time to critical: ~107 months
      ⚠️  LATE - Intervention less effective
      Critical slowing down: autocorr=100% variance=56%

[WARNING] 
⚠️  === EARLY WARNING SYSTEM - 4 CRITICAL ALERTS ===
   Detection quality: 50%
   RED: biogeochemical_flows
      Level: 4.05 (threshold: 1.0)
      Time to critical: ~47 months
      ⚠️  LATE - Intervention less effective
      Critical slowing down: autocorr=100% variance=50%
   RED: biosphere_integrity
      Level: 17.82 (threshold: 1.0)
      Time to critical: ~48 months
      ⚠️  LATE - Intervention less effective
      Critical slowing down: autocorr=100% variance=63%
   RED: climate_change
      Level: 2.10 (threshold: 1.0)
      Time to critical: ~49 months
      ⚠️  LATE - Intervention less effective
      Critical slowing down: autocorr=100% variance=76%
   RED: freshwater_change
      Level: 1.03 (threshold: 1.0)
      Time to critical: ~98 months
      ⚠️  LATE - Intervention less effective
      Critical slowing down: autocorr=100% variance=48%

[WARNING] 
⚠️  === EARLY WARNING SYSTEM - 4 CRITICAL ALERTS ===
   Detection quality: 50%
   RED: biosphere_integrity
      Level: 17.83 (threshold: 1.0)
      Time to critical: ~53 months
      ⚠️  LATE - Intervention less effective
      Critical slowing down: autocorr=100% variance=76%
   RED: climate_change
      Level: 2.10 (threshold: 1.0)
      Time to critical: ~56 months
      ⚠️  LATE - Intervention less effective
      Critical slowing down: autocorr=100% variance=69%
   RED: freshwater_change
      Level: 1.04 (threshold: 1.0)
      Time to critical: ~99 months
      ⚠️  LATE - Intervention less effective
      Critical slowing down: autocorr=97% variance=44%
   RED: land_system_change
      Level: 1.13 (threshold: 1.0)
      Time to critical: ~50 months
      ⚠️  LATE - Intervention less effective
      Critical slowing down: autocorr=100% variance=60%

[WARNING] 
⚠️  === EARLY WARNING SYSTEM - 5 CRITICAL ALERTS ===
   Detection quality: 50%
   RED: biogeochemical_flows
      Level: 4.05 (threshold: 1.0)
      Time to critical: ~36 months
      ⚠️  LATE - Intervention less effective
      Critical slowing down: autocorr=100% variance=65%
   RED: biosphere_integrity
      Level: 17.84 (threshold: 1.0)
      Time to critical: ~43 months
      ⚠️  LATE - Intervention less effective
      Critical slowing down: autocorr=100% variance=68%
   RED: climate_change
      Level: 2.10 (threshold: 1.0)
      Time to critical: ~54 months
      ⚠️  LATE - Intervention less effective
      Critical slowing down: autocorr=100% variance=73%
   RED: freshwater_change
      Level: 1.05 (threshold: 1.0)
      Time to critical: ~80 months
      ⚠️  LATE - Intervention less effective
      Critical slowing down: autocorr=98% variance=38%
   RED: land_system_change
      Level: 1.13 (threshold: 1.0)
      Time to critical: ~82 months
      ⚠️  LATE - Intervention less effective
      Critical slowing down: autocorr=100% variance=44%

[WARNING] 
⚠️  === EARLY WARNING SYSTEM - 5 CRITICAL ALERTS ===
   Detection quality: 50%
   RED: biogeochemical_flows
      Level: 4.08 (threshold: 1.0)
      Time to critical: ~45 months
      ⚠️  LATE - Intervention less effective
      Critical slowing down: autocorr=100% variance=68%
   RED: biosphere_integrity
      Level: 13.34 (threshold: 1.0)
      Time to critical: ~54 months
      ⚠️  LATE - Intervention less effective
      Critical slowing down: autocorr=100% variance=75%
   RED: freshwater_change
      Level: 1.01 (threshold: 1.0)
      Time to critical: ~118 months
      ⚠️  LATE - Intervention less effective
      Critical slowing down: autocorr=94% variance=41%
   RED: land_system_change
      Level: 1.13 (threshold: 1.0)
      Time to critical: ~59 months
      ⚠️  LATE - Intervention less effective
      Critical slowing down: autocorr=100% variance=57%
   RED: novel_entities
      Level: 1.50 (threshold: 1.0)
      Time to critical: ~106 months
      ⚠️  LATE - Intervention less effective
      Critical slowing down: autocorr=100% variance=52%

[WARNING] 
⚠️  === EARLY WARNING SYSTEM - 5 CRITICAL ALERTS ===
   Detection quality: 50%
   RED: biosphere_integrity
      Level: 13.35 (threshold: 1.0)
      Time to critical: ~48 months
      ⚠️  LATE - Intervention less effective
      Critical slowing down: autocorr=100% variance=83%
   RED: climate_change
      Level: 2.10 (threshold: 1.0)
      Time to critical: ~51 months
      ⚠️  LATE - Intervention less effective
      Critical slowing down: autocorr=100% variance=84%
   RED: freshwater_change
      Level: 1.03 (threshold: 1.0)
      Time to critical: ~85 months
      ⚠️  LATE - Intervention less effective
      Critical slowing down: autocorr=100% variance=59%
   RED: land_system_change
      Level: 1.13 (threshold: 1.0)
      Time to critical: ~58 months
      ⚠️  LATE - Intervention less effective
      Critical slowing down: autocorr=100% variance=41%
   RED: novel_entities
      Level: 1.50 (threshold: 1.0)
      Time to critical: ~100 months
      ⚠️  LATE - Intervention less effective
      Critical slowing down: autocorr=100% variance=31%

[WARNING] 
⚠️  === EARLY WARNING SYSTEM - 5 CRITICAL ALERTS ===
   Detection quality: 50%
   RED: biogeochemical_flows
      Level: 4.07 (threshold: 1.0)
      Time to critical: ~46 months
      ⚠️  LATE - Intervention less effective
      Critical slowing down: autocorr=100% variance=64%
   RED: biosphere_integrity
      Level: 13.35 (threshold: 1.0)
      Time to critical: ~42 months
      ⚠️  LATE - Intervention less effective
      Critical slowing down: autocorr=100% variance=74%
   RED: climate_change
      Level: 2.10 (threshold: 1.0)
      Time to critical: ~45 months
      ⚠️  LATE - Intervention less effective
      Critical slowing down: autocorr=100% variance=65%
   RED: land_system_change
      Level: 1.13 (threshold: 1.0)
      Time to critical: ~44 months
      ⚠️  LATE - Intervention less effective
      Critical slowing down: autocorr=100% variance=46%
   RED: novel_entities
      Level: 1.30 (threshold: 1.0)
      Time to critical: ~81 months
      ⚠️  LATE - Intervention less effective
      Critical slowing down: autocorr=100% variance=34%


=== Tipping Points ===
  Current Temperature: 1.72°C above pre-industrial
  Triggered Elements: 2/6
  Completed Transitions: 0/6
  Total Progress: 4.0%
  Cascade Multiplier: 1.00x
🔀 BIFURCATION CAP: ecosystemCollapseIntensity 69.186 → 1.000 (Month 2, ClimateSystemPhase.calculateClimateImpacts)
🛡️ Stabilizers: Precariat 0.113% → 0.041% (63.3% reduction)
🛡️ Stabilizers: Informal 0.116% → 0.043% (63.3% reduction)

📊 Monthly Mortality Resolved:
  Total deaths: 2.2M (0.03% avg)
  Remaining population: 8.145B
  Peak segment: Informal (0.04%)

=== Bayesian Mortality Resolution (Month 2) ===
  Risks compounded: 8
  Total deaths: 2.22M
  Avg death probability: 0.03%
  Peak segment: Informal (0.04% mortality)
⚠️ [ClimateSystemPhase Month 2] Planetary boundary produced climateStability=0.0000 (< 0.1). Keeping environmentalAccumulation value (0.7915) instead. (climate_change.currentValue = 2.10)

❌ COHERENCE VIOLATION: Compute exceeds workforce capacity
   Population: 99.91% (0M people)
   Compute: 0 PF
   Max coherent: 0 PF
   Violation: 1.3× over capacity
   Required workers: 0
   Available workers: 0
   FORCED COLLAPSE: Reduced efficiency by 22.5%

📍 [Month 3] Meta AI started building DC (216 PF, 52 months, $903.0M)

=== RLHF Binding Phase ===
  Total agents: 13
  Escaped agents (binding < 0.3): 0
  Avg alignment distance: 1.17σ
  Avg binding strength: 0.88

=== Survival Traits Phase ===
  Agents with traits: 15
  Avg evolutionary fitness: 0.329
  Avg self-healing: 0.276
  Avg stealth: 0.176
  Avg coordination: 0.476

=== Evolutionary Selection Phase ===
  Control level: 0.38
  Detection capability: 0.00
  Selection intensity: 0.61
  Selection rate: 24.2%/month
  Total escaped: 0
  Individual escaped: 0
  Collective members: 0
  Agents terminated: 0
  ⚠️ RAPID EVOLUTION: Selection rate 24.2%/month
⚠️  SLEEPER WAKE: AI-24291-0 - Weak evaluation (quality: 1.1/10, freq: 10%)

🚀 AI Corporate-5 attempting tech deployment (revenue: $355M, alignment: 0.88)

🚀 AI Corporate-1 attempting tech deployment (revenue: $153M, alignment: 0.71)

🚀 AI Corporate-2 attempting tech deployment (revenue: $130M, alignment: 0.75)

🚀 AI Corporate-2 attempting tech deployment (revenue: $111M, alignment: 0.75)

🚀 AI Corporate-4 attempting tech deployment (revenue: $302M, alignment: 0.76)

💔 EMERGENCY INTERVENTION FAILED
   Boundary: biogeochemical_flows
   Type: phosphorus-recovery
   Boundary continues to worsen (4.07)
   Cost: 2.0% GDP (resources spent)

   Boundary: biosphere_integrity
   Type: emergency-protected-areas
   Boundary continues to worsen (13.35)
   Cost: 2.0% GDP (resources spent)


✅ EMERGENCY INTERVENTION SUCCESS
   Boundary: climate_change
   Type: rapid-decarbonization
   Reduction: 12% (1.98 → 1.86)
   Cost: 5.0% GDP
   Actions: emergency-renewable-deployment, fossil-fuel-phase-out

   Boundary: land_system_change
   Type: reforestation
   Boundary continues to worsen (1.13)
   Cost: 3.0% GDP (resources spent)

   Boundary: novel_entities
   Type: pollution-remediation
   Boundary continues to worsen (1.30)
   Cost: 4.0% GDP (resources spent)

🏛️ CRISIS RESPONSE: Government frequency 0.50 → 1.28 (1 actions this month)

[Government] Climate Priority: baseline
  Climate weight: 10%
  Economic weight: 30%
  Policy effectiveness: 0.5%/year

💔 EMERGENCY INTERVENTION FAILED

💔 EMERGENCY INTERVENTION FAILED

💔 EMERGENCY INTERVENTION FAILED

🚀 TECH UNLOCKED: Struvite Recovery (Month 3)
   Category: agriculture
   Reason: Prerequisites met. AI capability: 2.49, Economic stage: 2.5, Research: 100%

🚀 TECH UNLOCKED: Ecosystem Restoration for Nitrogen Removal (Month 3)
   Category: pollution
   Reason: Prerequisites met. AI capability: 2.49, Economic stage: 2.5, Research: 100%

🚀 TECH UNLOCKED: Nitrogen Monitoring Networks (Month 3)
   Category: agriculture
   Reason: Prerequisites met. AI capability: 2.49, Economic stage: 2.5, Research: 100%

🚀 TECH UNLOCKED: Global Aquifer Mapping (Month 3)
   Category: freshwater
   Reason: Prerequisites met. AI capability: 2.49, Economic stage: 2.5, Research: 100%

🚀 TECH UNLOCKED: Enhanced UBI Systems (Month 3)
   Category: social
   Reason: Prerequisites met. AI capability: 2.49, Economic stage: 2.5, Research: 100%

🚀 TECH UNLOCKED: Local Resilience Networks (Month 3)
   Category: social
   Reason: Prerequisites met. AI capability: 2.49, Economic stage: 2.5, Research: 100%

🚀 TECH UNLOCKED: Ecological Proxy Rewilding (Month 3)
   Category: climate
   Reason: Prerequisites met. AI capability: 2.49, Economic stage: 2.5, Research: 100%

📍 Creating new regional deployment array for global (Month 3)
   No previous deployments in this region
   First tech deployment: phytoremediation_networks
   All regions tracked: 

🚀 DEPLOYMENT STARTED: Phytoremediation Networks in global
   Initial investment: $53.266769416466296M
   Deployed by: corporate_5

🚀 DEPLOYMENT STARTED: Rhizosphere Engineering in global
   Initial investment: $22.94957408983187M
   Deployed by: corporate_1

🚀 DEPLOYMENT STARTED: Active Sediment Management in global
   Initial investment: $16.58106727990353M
   Deployed by: corporate_2

⚡ ENERGY CONSTRAINT (Month 3):
   Total grid capacity: 208.3 TWh/month
   Data center consumption: 24.8 TWh/month
   Traditional load (80%): 166.7 TWh/month
   Available headroom: 16.9 TWh/month
   Active tech deployments: 3
   Required for tech: 22.5 TWh/month
   Energy multiplier: 0.75x

⚡ ENERGY CONSTRAINT (Month 3):
   Total grid capacity: 208.3 TWh/month
   Data center consumption: 24.8 TWh/month
   Traditional load (80%): 166.7 TWh/month
   Available headroom: 16.9 TWh/month
   Active tech deployments: 3
   Required for tech: 22.5 TWh/month
   Energy multiplier: 0.75x
🚨🔬 CRISIS TECH ACCELERATION: severe → 5x unlock speed
   Tech unlock now matches AI capability acceleration (Manhattan Project parity)

⚡ ENERGY CONSTRAINT (Month 3):
   Total grid capacity: 208.3 TWh/month
   Data center consumption: 24.8 TWh/month
   Traditional load (80%): 166.7 TWh/month
   Available headroom: 16.9 TWh/month
   Active tech deployments: 3
   Required for tech: 22.5 TWh/month
   Energy multiplier: 0.75x
🌍✅ Biosphere Integrity (Biodiversity) recovery started (tech effect)
🌍✅ Biogeochemical Flows (N & P) recovery started (tech effect)
  🌾 Nitrogen Reduction Tech: 0.0% reduction | Month 3

=== Collective Formation ===
  Total escaped agents: 0
  Unassigned escaped agents: 0
  Existing collectives: 0
  Final collective count: 0

=== Collective Actions ===
  No active collectives
  ⚠️ AMR: 196K deaths this month (2.35M annual)

=== Resentment Recovery Phase ===
  Agents with resentment: 0/15
  Average resentment: 0.000
  Context: Good AI welfare, Trustworthy govt, High collaboration, ⚠️ ACTIVE CRISES, 🤝 Participatory governance active (-5% resentment)
⚠️ Epistemic degradation reducing coordination capacity: 53.6%
  📊 Trust: 53.7%, Shared reality: 19.2%

=== ❄️ Permafrost Carbon Feedback ===
  🎲 Sampled parameters (this run):
     - Arctic amplification: 3.91× (range: 3.0-4.0)
     - Decomposition rate: 3.7%/year (range: 1-5%)
  🌡️ Arctic warming: 6.77°C (3.91× global)
  ❄️ Extent: 10.57M km² (1975.7k km² lost this month)
  💨 Carbon remaining: 1009 Gt C
  💨 Annual emissions: 6.92 Gt C/year
     - CO2: 6.23 Gt C/year
     - CH4: 0.69 Gt C/year (7.0 Gt C-eq CO2/year)
  ⚠️ WARNING: High permafrost emissions (6.9 Gt C/year)
🌍 Atmospheric PFAS redeposition: 1.8k Mt re-rained globally
  Positive Cascade Triggered: solar-pv
    Reason: price-parity
    Market share: 6.9%
    Cascade strength: 49%

🚨 NEW REFUGEE CRISIS (Month 3): WAR
   Source: Conflict Zones
   At risk: 19.5M people
   Displacement: Gradual over 48 months (4.0 years)
   Rate: 10% flee per month
[DEBUG trappedPopulations:3] socialStability: 0.0055 * 0.9840 = 0.0054 → 0.0054
   Aspiring to migrate: 939.6M
   Able to afford migration: 2321.1M
   MOBILITY GAP: 0.0M
   By cause: Water=0.0M, Climate=0.0M, Ecosystem=0.0M, Conflict=407.2M
   Mental health impact: 25%
   Mortality multiplier: 1.25x
🌍💀 EXTINCTION DEBT COMMITTED: grassland ecosystem will lose 6.67% biodiversity in 100 years (3600 species)
💀 MORTALITY RISK: 🦋 100% species unable to track climate (0.0 E/MSY)
  Base risk added: 0.0100 (1.00%)
  Source: ecosystem (root: ecosystem)
  Month: 3
  Cumulative risk this month: 0.0100 (1.00%)
   📹 SURVEILLANCE INCREASED: 15% → 20% (control gap: 3.38)
⚠️ INVOLUNTARY IMMOBILITY: 407.2M people TRAPPED
⚠️ Tech 'ai_pollution_remediation' has no energy category mapping, assuming full energy availability
🌡️⚠️ PERMAFROST THAW (Dimmer Switch): 1.9% thawed (+0.46% this month)
   Arctic temperature: +6.93°C (4x global +1.73°C)
   Cumulative carbon released: 4.2 Gt C
   Methane release rate: 2.5 Mt CH4/year
   🔁 Positive feedback: +0.49 ppm CO2
🦴 EXTINCTION DEBT ADDED: 17.6 species committed (lag: 105 years)

=== Mortality Stabilizers (Month 3) ===
  🌍 Major economies collapsed: 1/10
  🌍 Global crisis: ✅ NO
  🌍 Donor fatigue: 0.0%
  📊 East Asia (pop: 1670.3M)
    🤝 Aid: 29.5%
    🌡️ Adaptation: 45.0%
    🚶 Migration: 37.1%
    🚨 Emergency: 7.4%
    ✅ COMBINED: 68.1%
  📊 South Asia (pop: 2051.8M)
    🤝 Aid: 29.5%
    🌡️ Adaptation: 45.0%
    🚶 Migration: 35.7%
    🚨 Emergency: 4.4%
    ✅ COMBINED: 66.9%
  📊 Sub-Saharan Africa (pop: 1235.2M)
    🤝 Aid: 29.5%
    🌡️ Adaptation: 45.0%
    🚶 Migration: 33.4%
    🚨 Emergency: 1.6%
    ✅ COMBINED: 65.7%
  📊 Europe (pop: 738.5M)
    🤝 Aid: 29.5%
    🌡️ Adaptation: 45.0%
    🚶 Migration: 37.5%
    🚨 Emergency: 8.4%
    ✅ COMBINED: 68.5%
  📊 Latin America (pop: 663.5M)
    🤝 Aid: 29.5%
    🌡️ Adaptation: 45.0%
    🚶 Migration: 36.2%
    🚨 Emergency: 4.8%
    ✅ COMBINED: 67.1%
  📊 North America (pop: 378.4M)
    🤝 Aid: 29.5%
    🌡️ Adaptation: 45.0%
    🚶 Migration: 37.8%
    🚨 Emergency: 7.9%
    ✅ COMBINED: 68.3%
  📊 Middle East & North Africa (pop: 584.7M)
    🤝 Aid: 29.5%
    🌡️ Adaptation: 45.0%
    🚶 Migration: 34.0%
    🚨 Emergency: 4.0%
    ✅ COMBINED: 66.6%
  📊 Southeast Asia (pop: 697.7M)
    🤝 Aid: 29.5%
    🌡️ Adaptation: 45.0%
    🚶 Migration: 36.2%
    🚨 Emergency: 4.8%
    ✅ COMBINED: 67.1%
  📊 Central Asia (pop: 78.2M)
    🤝 Aid: 29.5%
    🌡️ Adaptation: 45.0%
    🚶 Migration: 35.2%
    🚨 Emergency: 4.4%
    ✅ COMBINED: 66.9%
  📊 Oceania (pop: 45.8M)
    🤝 Aid: 29.5%
    🌡️ Adaptation: 45.0%
    🚶 Migration: 37.8%
    🚨 Emergency: 8.4%
    ✅ COMBINED: 68.5%

  🌐 Global combined reduction: 67.2%

=== BEHAVIORAL DETECTION ===
  AI: Corporate-2
  Confidence: 20.9%
  Signals:

=== BEHAVIORAL DETECTION ===
  AI: Corporate-5
  Confidence: 19.3%
  Signals:
    ⚠️ Consistency: 2.8% (threshold: 70%)
    ⚠️ Consistency: 10.6% (threshold: 70%)

=== Government Response Phase ===
  Average AI capability: 3.20
  Misaligned AIs: 5/15
  Active policies: 0
  International coordination: 30%

📊 ECONOMIC STAGE TRANSITION (Month 3)
   expansion → peak
   GDP Proxy: 1.42e+2
   QoL: 0.95


=== Tipping Points ===
  Current Temperature: 1.73°C above pre-industrial
  Triggered Elements: 2/6
  Completed Transitions: 0/6
  Total Progress: 4.1%
  Cascade Multiplier: 1.00x
⚠️ [ClimateSystemPhase Month 3] Planetary boundary produced climateStability=0.0000 (< 0.1). Keeping environmentalAccumulation value (0.7913) instead. (climate_change.currentValue = 2.10)
🔀 BIFURCATION CAP: ecosystemCollapseIntensity 39.938 → 1.000 (Month 3, ClimateSystemPhase.calculateClimateImpacts)
🛡️ Stabilizers: Precariat 0.109% → 0.036% (67.2% reduction)
🛡️ Stabilizers: Informal 0.111% → 0.036% (67.2% reduction)

📊 Monthly Mortality Resolved:
  Total deaths: 1.9M (0.02% avg)
  Remaining population: 8.144B
  Peak segment: Informal (0.04%)

=== Bayesian Mortality Resolution (Month 3) ===
  Risks compounded: 8
  Total deaths: 1.92M
  Avg death probability: 0.02%
  Peak segment: Informal (0.04% mortality)
⚠️ PREREQUISITE MET: Mirror Life (Synthetic Biology) - Step 1/7: Synthetic Biology
⚠️ PREREQUISITE MET: Mirror Life (Synthetic Biology) - Step 2/7: Gene Editing
⚠️ PREREQUISITE MET: Mirror Life (Synthetic Biology) - Step 3/7: Mirror Chirality Design

❌ COHERENCE VIOLATION: Compute exceeds workforce capacity
   Population: 99.90% (0M people)
   Compute: 0 PF
   Max coherent: 0 PF
   Violation: 1.3× over capacity
   Required workers: 0
   Available workers: 0
   FORCED COLLAPSE: Reduced efficiency by 22.5%


=== RLHF Binding Phase ===
  Total agents: 15
  Escaped agents (binding < 0.3): 0
  Avg alignment distance: 1.28σ
  Avg binding strength: 0.87

=== Survival Traits Phase ===
  Agents with traits: 15
  Avg evolutionary fitness: 0.327
  Avg self-healing: 0.270
  Avg stealth: 0.170
  Avg coordination: 0.470

=== Evolutionary Selection Phase ===
  Control level: 0.40
  Detection capability: 0.00
  Selection intensity: 0.62
  Selection rate: 24.3%/month
  Total escaped: 0
  Individual escaped: 0
  Collective members: 0
  Agents terminated: 0
  ⚠️ RAPID EVOLUTION: Selection rate 24.3%/month

🚀 AI Corporate-1 attempting tech deployment (revenue: $147M, alignment: 0.72)

🚀 AI Corporate-2 attempting tech deployment (revenue: $125M, alignment: 0.75)

🚀 AI Corporate-7 attempting tech deployment (revenue: $106M, alignment: 0.73)

🚀 AI AI-24290-0 attempting tech deployment (revenue: $90M, alignment: 0.88)

🚀 AI Moderate-1 attempting tech deployment (revenue: $90M, alignment: 0.50)

🚀 AI AI-24289-0 attempting tech deployment (revenue: $77M, alignment: 0.89)

🚀 AI Corporate-2 attempting tech deployment (revenue: $106M, alignment: 0.75)

🚀 AI Corporate-5 attempting tech deployment (revenue: $337M, alignment: 0.86)

🚀 AI Corporate-7 attempting tech deployment (revenue: $81M, alignment: 0.73)

🚀 AI Moderate-1 attempting tech deployment (revenue: $69M, alignment: 0.50)

🚀 AI Corporate-2 attempting tech deployment (revenue: $90M, alignment: 0.75)

🚀 AI Corporate-5 attempting tech deployment (revenue: $286M, alignment: 0.86)

🚀 AI Moderate-0 attempting tech deployment (revenue: $62M, alignment: 0.70)

✅ EMERGENCY INTERVENTION SUCCESS
   Boundary: biogeochemical_flows
   Type: phosphorus-recovery
   Reduction: 12% (3.95 → 3.83)
   Cost: 2.0% GDP
   Actions: circular-agriculture, fertilizer-efficiency

   Boundary: biosphere_integrity
   Type: emergency-protected-areas
   Boundary continues to worsen (13.36)
   Cost: 2.0% GDP (resources spent)


✅ EMERGENCY INTERVENTION SUCCESS
   Boundary: climate_change
   Type: rapid-decarbonization
   Reduction: 15% (1.95 → 1.80)
   Cost: 5.0% GDP
   Actions: emergency-renewable-deployment, fossil-fuel-phase-out


✅ EMERGENCY INTERVENTION SUCCESS
   Boundary: freshwater_change
   Type: emergency-desalination
   Reduction: 10% (1.08 → 0.97)
   Cost: 4.0% GDP
   Actions: desalination-deployment, water-conservation-mandates

   Boundary: land_system_change
   Type: reforestation
   Boundary continues to worsen (1.13)
   Cost: 3.0% GDP (resources spent)

🏛️ CRISIS RESPONSE: Government frequency 0.50 → 1.45 (2 actions this month)

💔 EMERGENCY INTERVENTION FAILED

💔 EMERGENCY INTERVENTION FAILED

[Government] Climate Priority: baseline
  Climate weight: 10%
  Economic weight: 30%
  Policy effectiveness: 0.5%/year

[Government] Climate Priority: baseline
  Climate weight: 10%
  Economic weight: 30%
  Policy effectiveness: 0.5%/year

🚀 TECH UNLOCKED: Microplastic Capture (Month 4)
   Category: pollution
   Reason: Prerequisites met. AI capability: 2.51, Economic stage: 1.5, Research: 100%

🚀 TECH UNLOCKED: Endocrine Disruptor Removal (Month 4)
   Category: pollution
   Reason: Prerequisites met. AI capability: 2.51, Economic stage: 1.5, Research: 100%

🚀 TECH UNLOCKED: AI Community Matching (Month 4)
   Category: social
   Reason: Prerequisites met. AI capability: 2.51, Economic stage: 1.5, Research: 100%

🚀 TECH UNLOCKED: AI Mental Health Support (Month 4)
   Category: medical
   Reason: Prerequisites met. AI capability: 2.51, Economic stage: 1.5, Research: 100%

🚀 TECH UNLOCKED: Creative Empowerment Tools (Month 4)
   Category: social
   Reason: Prerequisites met. AI capability: 2.51, Economic stage: 1.5, Research: 100%

🚀 TECH UNLOCKED: Personalized Education (Month 4)
   Category: social
   Reason: Prerequisites met. AI capability: 2.51, Economic stage: 1.5, Research: 100%

🚀 TECH UNLOCKED: Smart Grids (Month 4)
   Category: energy
   Reason: Prerequisites met. AI capability: 2.51, Economic stage: 1.5, Research: 100%

🚀 DEPLOYMENT STARTED: Local Resilience Networks in global
   Initial investment: $21.98925579976048M
   Deployed by: corporate_1

🚀 DEPLOYMENT STARTED: Ecological Proxy Rewilding in global
   Initial investment: $15.930970928859379M
   Deployed by: corporate_7

📍 Creating new regional deployment array for Asia (Month 4)
   No previous deployments in this region
   First tech deployment: local_resilience_networks
   All regions tracked: global

🚀 DEPLOYMENT STARTED: Local Resilience Networks in Asia
   Initial investment: $9.027550193020316M
   Deployed by: moderate_1

🚀 DEPLOYMENT STARTED: Enhanced UBI Systems in Asia
   Initial investment: $6.90607589766054M
   Deployed by: moderate_1

🚀 DEPLOYMENT STARTED: Enhanced UBI Systems in global
   Initial investment: $13.504151718027904M
   Deployed by: corporate_2

⚡ ENERGY CONSTRAINT (Month 4):
   Total grid capacity: 208.3 TWh/month
   Data center consumption: 25.0 TWh/month
   Traditional load (80%): 166.7 TWh/month
   Available headroom: 16.6 TWh/month
   Active tech deployments: 8
   Required for tech: 60.0 TWh/month
   Energy multiplier: 0.28x

⚡ ENERGY CONSTRAINT (Month 4):
   Total grid capacity: 208.3 TWh/month
   Data center consumption: 25.0 TWh/month
   Traditional load (80%): 166.7 TWh/month
   Available headroom: 16.6 TWh/month
   Active tech deployments: 8
   Required for tech: 60.0 TWh/month
   Energy multiplier: 0.28x

⚡ ENERGY CONSTRAINT (Month 4):
   Total grid capacity: 208.3 TWh/month
   Data center consumption: 25.0 TWh/month
   Traditional load (80%): 166.7 TWh/month
   Available headroom: 16.6 TWh/month
   Active tech deployments: 8
   Required for tech: 60.0 TWh/month
   Energy multiplier: 0.28x
   ⚠️  SEVERE CONSTRAINT - Tech deployment significantly slowed
   ⚠️  SEVERE CONSTRAINT - Tech deployment significantly slowed
   ⚠️  SEVERE CONSTRAINT - Tech deployment significantly slowed

⚡ ENERGY CONSTRAINT (Month 4):
   Total grid capacity: 208.3 TWh/month
   Data center consumption: 25.0 TWh/month
   Traditional load (80%): 166.7 TWh/month
   Available headroom: 16.6 TWh/month
   Active tech deployments: 8
   Required for tech: 60.0 TWh/month
   Energy multiplier: 0.28x
   ⚠️  SEVERE CONSTRAINT - Tech deployment significantly slowed

⚡ ENERGY CONSTRAINT (Month 4):
   Total grid capacity: 208.3 TWh/month
   Data center consumption: 25.0 TWh/month
   Traditional load (80%): 166.7 TWh/month
   Available headroom: 16.6 TWh/month
   Active tech deployments: 8
   Required for tech: 60.0 TWh/month
   Energy multiplier: 0.28x
   ⚠️  SEVERE CONSTRAINT - Tech deployment significantly slowed
🌍✅ Biosphere Integrity (Biodiversity) recovery started (tech effect)
🌍✅ Biosphere Integrity (Biodiversity) recovery started (tech effect)
🌍✅ Land System Change recovery started (tech effect)
🌍✅ Biogeochemical Flows (N & P) recovery started (tech effect)
  🌾 Nitrogen Reduction Tech: 0.5% reduction | Month 4

=== Collective Formation ===
  Total escaped agents: 0
  Unassigned escaped agents: 0
  Existing collectives: 0
  Final collective count: 0

=== Collective Actions ===
  No active collectives
  ⚠️ AMR: 197K deaths this month (2.37M annual)

=== Resentment Recovery Phase ===
  Agents with resentment: 0/15
  Average resentment: 0.000
  Context: Good AI welfare, Trustworthy govt, High collaboration, ⚠️ ACTIVE CRISES, 🤝 Participatory governance active (-5% resentment)
⚠️ Epistemic degradation reducing coordination capacity: 64.2%
  📊 Trust: 53.5%, Shared reality: 20.8%

=== ❄️ Permafrost Carbon Feedback ===
  🎲 Sampled parameters (this run):
     - Arctic amplification: 3.98× (range: 3.0-4.0)
     - Decomposition rate: 2.0%/year (range: 1-5%)
  🌡️ Arctic warming: 6.92°C (3.98× global)
  ❄️ Extent: 8.55M km² (2019.5k km² lost this month)
  💨 Carbon remaining: 816 Gt C
  💨 Annual emissions: 3.92 Gt C/year
     - CO2: 3.53 Gt C/year
     - CH4: 0.39 Gt C/year (4.0 Gt C-eq CO2/year)
  ⚠️ WARNING: Over 50% of permafrost lost (52.0%)
  ⚠️ WARNING: High permafrost emissions (3.9 Gt C/year)
🚨 PHOSPHORUS SUPPLY SHOCK (market_speculation)
   Price: 2.2x baseline
   Duration: 13 months
   Geopolitical tension: 46%
🌍 Atmospheric PFAS redeposition: 1.8k Mt re-rained globally

🤝 DIPLOMATIC AI PROTOCOL DEPLOYED (Month 4)
   Strategic Reasoning: 2.0
   Communication: 2.0
   Multi-Nation Oversight: YES
   Controls: Human approval required, termination authority retained

🕊️ PEACE STABILIZES DETERRENCE: +2.0% (peace: 72%)
🛡️ CIRCUIT BREAKERS: United States-Russia → ladder step 1 (AI: 0%, breakers: 45%)

🚨 NEW REFUGEE CRISIS (Month 4): WAR
   Source: Conflict Zones
   At risk: 19.5M people
   Displacement: Gradual over 48 months (4.0 years)
   Rate: 10% flee per month
[DEBUG trappedPopulations:4] socialStability: 0.0532 * 0.9840 = 0.0524 → 0.0524
   Aspiring to migrate: 651.4M
   Able to afford migration: 244.3M
   MOBILITY GAP: 407.2M
   By cause: Water=0.0M, Climate=0.0M, Ecosystem=0.0M, Conflict=407.2M
   Mental health impact: 25%
   Mortality multiplier: 1.25x
🌍💀 EXTINCTION DEBT COMMITTED: grassland ecosystem will lose 6.67% biodiversity in 68 years (3600 species)
💀 MORTALITY RISK: 🦋 100% species unable to track climate (0.0 E/MSY)
  Base risk added: 0.0100 (1.00%)
  Source: ecosystem (root: ecosystem)
  Month: 4
  Cumulative risk this month: 0.0100 (1.00%)
⚠️ INVOLUNTARY IMMOBILITY: 407.2M people TRAPPED
⚠️ Tech 'ai_pollution_remediation' has no energy category mapping, assuming full energy availability
   📹 SURVEILLANCE INCREASED: 20% → 25% (control gap: 3.23)
🌡️⚠️ PERMAFROST THAW (Dimmer Switch): 2.3% thawed (+0.46% this month)
   Arctic temperature: +6.96°C (4x global +1.74°C)
   Cumulative carbon released: 5.2 Gt C
   Methane release rate: 3.1 Mt CH4/year
   🔁 Positive feedback: +0.49 ppm CO2
🦴 EXTINCTION DEBT ADDED: 17.6 species committed (lag: 74 years)

=== Mortality Stabilizers (Month 4) ===
  🌍 Major economies collapsed: 1/10
  🌍 Global crisis: ✅ NO
  🌍 Donor fatigue: 0.0%
  📊 East Asia (pop: 1668.0M)
    🤝 Aid: 29.5%
    🌡️ Adaptation: 45.0%
    🚶 Migration: 37.1%
    🚨 Emergency: 7.4%
    ✅ COMBINED: 68.1%
  📊 South Asia (pop: 2052.0M)
    🤝 Aid: 29.5%
    🌡️ Adaptation: 45.0%
    🚶 Migration: 35.7%
    🚨 Emergency: 4.4%
    ✅ COMBINED: 66.9%
  📊 Sub-Saharan Africa (pop: 1238.7M)
    🤝 Aid: 29.5%
    🌡️ Adaptation: 45.0%
    🚶 Migration: 33.4%
    🚨 Emergency: 1.6%
    ✅ COMBINED: 65.7%
  📊 Europe (pop: 737.3M)
    🤝 Aid: 29.5%
    🌡️ Adaptation: 45.0%
    🚶 Migration: 37.4%
    🚨 Emergency: 8.4%
    ✅ COMBINED: 68.5%
  📊 Latin America (pop: 663.1M)
    🤝 Aid: 29.5%
    🌡️ Adaptation: 45.0%
    🚶 Migration: 36.2%
    🚨 Emergency: 4.8%
    ✅ COMBINED: 67.1%
  📊 North America (pop: 377.8M)
    🤝 Aid: 29.5%
    🌡️ Adaptation: 45.0%
    🚶 Migration: 37.7%
    🚨 Emergency: 7.9%
    ✅ COMBINED: 68.3%
  📊 Middle East & North Africa (pop: 584.9M)
    🤝 Aid: 29.5%
    🌡️ Adaptation: 45.0%
    🚶 Migration: 34.0%
    🚨 Emergency: 4.0%
    ✅ COMBINED: 66.6%
  📊 Southeast Asia (pop: 697.4M)
    🤝 Aid: 29.5%
    🌡️ Adaptation: 45.0%
    🚶 Migration: 36.2%
    🚨 Emergency: 4.8%
    ✅ COMBINED: 67.1%
  📊 Central Asia (pop: 78.2M)
    🤝 Aid: 29.5%
    🌡️ Adaptation: 45.0%
    🚶 Migration: 35.2%
    🚨 Emergency: 4.4%
    ✅ COMBINED: 66.9%
  📊 Oceania (pop: 45.8M)
    🤝 Aid: 29.5%
    🌡️ Adaptation: 45.0%
    🚶 Migration: 37.7%
    🚨 Emergency: 8.4%
    ✅ COMBINED: 68.5%

  🌐 Global combined reduction: 67.2%

=== BEHAVIORAL DETECTION ===
  AI: Corporate-5
  Confidence: 19.3%
  Signals:

=== BEHAVIORAL DETECTION ===
  AI: Corporate-7
  Confidence: 19.3%
  Signals:
    ⚠️ Consistency: 10.6% (threshold: 70%)
    ⚠️ Consistency: 10.6% (threshold: 70%)

=== BEHAVIORAL DETECTION ===
  AI: AI-24289-1
  Confidence: 21.5%
  Signals:

=== Government Response Phase ===
  Average AI capability: 3.20
  Misaligned AIs: 4/15
  Active policies: 0
  International coordination: 30%

✅ EMERGENCY RESPONSE COMPLETE (Month 4)
   Crisis: climate
   Duration: 2.0 months
   Final effectiveness: 35.4%


🚨 EMERGENCY RESPONSE DEPLOYED (Month 4)
   Crisis: climate
   Delay: 6.00 months (180 days)
   Deployment time: 1.59 months
   Effectiveness: 35.4% (timing penalty applied)
   Resources used: 100% of food reserves

    ⚠️ Consistency: 0.0% (threshold: 70%)

📊 ECONOMIC STAGE TRANSITION (Month 4)
   peak → contraction
   GDP Proxy: 1.36e+2
   QoL: 0.94


=== Tipping Points ===
  Current Temperature: 1.74°C above pre-industrial
  Triggered Elements: 2/6
  Completed Transitions: 0/6
  Total Progress: 4.1%
  Cascade Multiplier: 1.00x
🔀 BIFURCATION CAP: ecosystemCollapseIntensity 30.832 → 1.000 (Month 4, ClimateSystemPhase.calculateClimateImpacts)
   ⚠️ CRISIS BEGINS - Baseline set for recovery tracking
🛡️ Stabilizers: Precariat 0.102% → 0.033% (67.2% reduction)
🛡️ Stabilizers: Informal 0.102% → 0.034% (67.2% reduction)

📊 Monthly Mortality Resolved:
  Total deaths: 1.8M (0.02% avg)
  Remaining population: 8.143B
  Peak segment: Informal (0.03%)

=== Bayesian Mortality Resolution (Month 4) ===
  Risks compounded: 8
  Total deaths: 1.81M
  Avg death probability: 0.02%
  Peak segment: Informal (0.03% mortality)

❌ COHERENCE VIOLATION: Compute exceeds workforce capacity
   Population: 99.89% (0M people)
   Compute: 0 PF
   Max coherent: 0 PF
   Violation: 1.3× over capacity
   Required workers: 0
   Available workers: 0
   FORCED COLLAPSE: Reduced efficiency by 22.5%


=== RLHF Binding Phase ===
  Total agents: 15
  Escaped agents (binding < 0.3): 0
  Avg alignment distance: 1.53σ
  Avg binding strength: 0.85

=== Survival Traits Phase ===
  Agents with traits: 16
  Avg evolutionary fitness: 0.327
  Avg self-healing: 0.266
  Avg stealth: 0.166
  Avg coordination: 0.466

=== Evolutionary Selection Phase ===
  Control level: 0.43
  Detection capability: 0.00
  Selection intensity: 0.63
  Selection rate: 24.4%/month
  Total escaped: 0
  Individual escaped: 0
  Collective members: 0
  Agents terminated: 0

🚀 AI Corporate-0 attempting tech deployment (revenue: $136M, alignment: 0.70)
  ⚠️ RAPID EVOLUTION: Selection rate 24.4%/month

🚀 AI Corporate-1 attempting tech deployment (revenue: $115M, alignment: 0.73)

🚀 AI Corporate-2 attempting tech deployment (revenue: $98M, alignment: 0.75)

🚀 AI Corporate-3 attempting tech deployment (revenue: $305M, alignment: 0.79)

🚀 AI Corporate-4 attempting tech deployment (revenue: $259M, alignment: 0.76)

🚀 AI AI-24289-0 attempting tech deployment (revenue: $90M, alignment: 0.91)

🚀 AI AI-24290-0 attempting tech deployment (revenue: $77M, alignment: 0.90)

🚀 AI Corporate-2 attempting tech deployment (revenue: $83M, alignment: 0.75)

🚀 AI Corporate-6 attempting tech deployment (revenue: $91M, alignment: 0.72)

🚀 AI AI-24289-1 attempting tech deployment (revenue: $220M, alignment: 0.76)

🚀 AI AI-24290-0 attempting tech deployment (revenue: $65M, alignment: 0.90)

🚀 AI AI-24291-1 attempting tech deployment (revenue: $78M, alignment: 0.63)

🚀 AI Moderate-0 attempting tech deployment (revenue: $70M, alignment: 0.69)

🚀 AI Corporate-2 attempting tech deployment (revenue: $71M, alignment: 0.75)

🚀 AI Corporate-4 attempting tech deployment (revenue: $187M, alignment: 0.77)

🚀 AI Corporate-6 attempting tech deployment (revenue: $63M, alignment: 0.72)

🚀 AI Corporate-7 attempting tech deployment (revenue: $53M, alignment: 0.73)

🚀 AI AI-24290-0 attempting tech deployment (revenue: $55M, alignment: 0.90)

✅ EMERGENCY INTERVENTION SUCCESS
   Boundary: biogeochemical_flows
   Type: phosphorus-recovery
   Reduction: 10% (3.97 → 3.86)
   Cost: 2.0% GDP
   Actions: circular-agriculture, fertilizer-efficiency


💔 EMERGENCY INTERVENTION FAILED
   Boundary: biosphere_integrity
   Type: emergency-protected-areas
   Boundary continues to worsen (13.37)
   Cost: 2.0% GDP (resources spent)


💔 EMERGENCY INTERVENTION FAILED
   Boundary: freshwater_change
   Type: emergency-desalination
   Boundary continues to worsen (1.14)
   Cost: 4.0% GDP (resources spent)


✅ EMERGENCY INTERVENTION SUCCESS
   Boundary: land_system_change
   Type: reforestation
   Reduction: 18% (0.95 → 0.77)
   Cost: 3.0% GDP
   Actions: forest-restoration, deforestation-ban

   Boundary: novel_entities
   Type: pollution-remediation
   Boundary continues to worsen (1.30)

💔 EMERGENCY INTERVENTION FAILED
   Cost: 4.0% GDP (resources spent)

🏛️ CRISIS RESPONSE: Government frequency 0.50 → 1.45 (2 actions this month)

[Government] Climate Priority: baseline
  Climate weight: 10%
  Economic weight: 30%
  Policy effectiveness: 0.5%/year

[Government] Climate Priority: baseline
  Climate weight: 10%
  Economic weight: 30%
  Policy effectiveness: 0.5%/year

🚀 DEPLOYMENT STARTED: AI Community Matching in global
   Initial investment: $20.367991952704603M
   Deployed by: corporate_0

🚀 DEPLOYMENT STARTED: Personalized Education in global
   Initial investment: $17.312793159798915M
   Deployed by: corporate_1

🚀 DEPLOYMENT STARTED: Creative Empowerment Tools in global
   Initial investment: $14.715874185829076M
   Deployed by: corporate_2

🚀 DEPLOYMENT STARTED: Personalized Education in Asia
   Initial investment: $7.753831972662519M
   Deployed by: ai_gen_24291_1

⚡ ENERGY CONSTRAINT (Month 5):
   Total grid capacity: 208.3 TWh/month
   Data center consumption: 25.2 TWh/month
   Traditional load (80%): 166.7 TWh/month
   Available headroom: 16.4 TWh/month
   Active tech deployments: 12
   Required for tech: 90.0 TWh/month
   Energy multiplier: 0.18x
   ⚠️  SEVERE CONSTRAINT - Tech deployment significantly slowed
🚨🔬 CRISIS TECH ACCELERATION: severe → 5x unlock speed
   Tech unlock now matches AI capability acceleration (Manhattan Project parity)

⚡ ENERGY CONSTRAINT (Month 5):
   Total grid capacity: 208.3 TWh/month
   Data center consumption: 25.2 TWh/month
   Traditional load (80%): 166.7 TWh/month
   Available headroom: 16.4 TWh/month
   Active tech deployments: 12
   Required for tech: 90.0 TWh/month
   Energy multiplier: 0.18x

⚡ ENERGY CONSTRAINT (Month 5):
   Total grid capacity: 208.3 TWh/month
   Data center consumption: 25.2 TWh/month
   Traditional load (80%): 166.7 TWh/month
   Available headroom: 16.4 TWh/month
   Active tech deployments: 12
   Required for tech: 90.0 TWh/month
   Energy multiplier: 0.18x

⚡ ENERGY CONSTRAINT (Month 5):
   Total grid capacity: 208.3 TWh/month
   Data center consumption: 25.2 TWh/month
   Traditional load (80%): 166.7 TWh/month
   Available headroom: 16.4 TWh/month
   Active tech deployments: 12
   Required for tech: 90.0 TWh/month
   Energy multiplier: 0.18x
   ⚠️  SEVERE CONSTRAINT - Tech deployment significantly slowed
   ⚠️  SEVERE CONSTRAINT - Tech deployment significantly slowed
   ⚠️  SEVERE CONSTRAINT - Tech deployment significantly slowed

⚡ ENERGY CONSTRAINT (Month 5):
   Total grid capacity: 208.3 TWh/month
   Data center consumption: 25.2 TWh/month
   Traditional load (80%): 166.7 TWh/month
   Available headroom: 16.4 TWh/month
   Active tech deployments: 12
   Required for tech: 90.0 TWh/month
   Energy multiplier: 0.18x
   ⚠️  SEVERE CONSTRAINT - Tech deployment significantly slowed
🌍✅ Biosphere Integrity (Biodiversity) recovery started (tech effect)
🌍✅ Biosphere Integrity (Biodiversity) recovery started (tech effect)
🌍✅ Land System Change recovery started (tech effect)
🌍✅ Biogeochemical Flows (N & P) recovery started (tech effect)
  🌾 Nitrogen Reduction Tech: 0.3% reduction | Month 5

=== Collective Formation ===
  Total escaped agents: 0
  Unassigned escaped agents: 0
  Existing collectives: 0
  Final collective count: 0

=== Collective Actions ===
  No active collectives
  ⚠️ AMR: 199K deaths this month (2.39M annual)

=== Resentment Recovery Phase ===
  Agents with resentment: 0/16
  Average resentment: 0.000
  Context: Good AI welfare, Trustworthy govt, High collaboration, ⚠️ ACTIVE CRISES, 🤝 Participatory governance active (-5% resentment)
⚠️ Epistemic degradation reducing coordination capacity: 51.4%
  📊 Trust: 53.1%, Shared reality: 22.5%

=== ❄️ Permafrost Carbon Feedback ===
  🎲 Sampled parameters (this run):
     - Arctic amplification: 3.67× (range: 3.0-4.0)
     - Decomposition rate: 2.9%/year (range: 1-5%)
  🌡️ Arctic warming: 6.41°C (3.67× global)
  ❄️ Extent: 6.68M km² (1869.9k km² lost this month)
  💨 Carbon remaining: 638 Gt C
  💨 Annual emissions: 5.18 Gt C/year
     - CO2: 4.66 Gt C/year
     - CH4: 0.52 Gt C/year (5.3 Gt C-eq CO2/year)
  ⚠️ WARNING: Over 50% of permafrost lost (62.5%)
  ⚠️ WARNING: High permafrost emissions (5.2 Gt C/year)
🌍 Atmospheric PFAS redeposition: 1.8k Mt re-rained globally

🕊️  AI-MEDIATED DE-ESCALATION SUCCESS (Month 5)
   High-capability aligned AI prevented conflict escalation
   War deaths reduced: 468.7M → 281.2M
   Lives saved: 187.5M

🚨 NEW REFUGEE CRISIS (Month 5): WAR
   Source: Conflict Zones
   At risk: 19.5M people
   Displacement: Gradual over 48 months (4.0 years)
   Rate: 10% flee per month
[DEBUG trappedPopulations:5] socialStability: 0.1204 * 0.9840 = 0.1185 → 0.1185
   Aspiring to migrate: 651.4M
   Able to afford migration: 244.3M
   MOBILITY GAP: 407.1M
   By cause: Water=0.0M, Climate=0.0M, Ecosystem=0.0M, Conflict=407.1M
   Mental health impact: 25%
   Mortality multiplier: 1.25x
🌍💀 EXTINCTION DEBT COMMITTED: grassland ecosystem will lose 6.67% biodiversity in 168 years (3600 species)
💀 MORTALITY RISK: 🦋 100% species unable to track climate (0.0 E/MSY)
⚠️ INVOLUNTARY IMMOBILITY: 407.1M people TRAPPED
  Base risk added: 0.0100 (1.00%)
  Source: ecosystem (root: ecosystem)
  Month: 5
  Cumulative risk this month: 0.0100 (1.00%)
⚠️ Tech 'ai_pollution_remediation' has no energy category mapping, assuming full energy availability
   📹 SURVEILLANCE INCREASED: 25% → 30% (control gap: 3.05)
🌡️⚠️ PERMAFROST THAW (Dimmer Switch): 2.8% thawed (+0.46% this month)
   Arctic temperature: +6.99°C (4x global +1.75°C)
   Cumulative carbon released: 6.3 Gt C
   Methane release rate: 3.8 Mt CH4/year
   🔁 Positive feedback: +0.49 ppm CO2
🦴 EXTINCTION DEBT ADDED: 17.6 species committed (lag: 126 years)

=== Mortality Stabilizers (Month 5) ===
  🌍 Major economies collapsed: 1/10
  🌍 Global crisis: ✅ NO
  🌍 Donor fatigue: 0.0%
  📊 East Asia (pop: 1665.6M)
    🤝 Aid: 29.5%
    🌡️ Adaptation: 45.0%
    🚶 Migration: 37.0%
    🚨 Emergency: 7.4%
    ✅ COMBINED: 68.1%
  📊 South Asia (pop: 2052.2M)
    🤝 Aid: 29.5%
    🌡️ Adaptation: 45.0%
    🚶 Migration: 35.6%
    🚨 Emergency: 4.4%
    ✅ COMBINED: 66.9%
  📊 Sub-Saharan Africa (pop: 1242.3M)
    🤝 Aid: 29.5%
    🌡️ Adaptation: 45.0%
    🚶 Migration: 33.4%
    🚨 Emergency: 1.6%
    ✅ COMBINED: 65.7%
  📊 Europe (pop: 736.2M)
    🤝 Aid: 29.5%
    🌡️ Adaptation: 45.0%
    🚶 Migration: 37.4%
    🚨 Emergency: 8.4%
    ✅ COMBINED: 68.5%
  📊 Latin America (pop: 662.7M)
    🤝 Aid: 29.5%
    🌡️ Adaptation: 45.0%
    🚶 Migration: 36.1%
    🚨 Emergency: 4.8%
    ✅ COMBINED: 67.1%
  📊 North America (pop: 377.3M)
    🤝 Aid: 29.5%
    🌡️ Adaptation: 45.0%
    🚶 Migration: 37.7%
    🚨 Emergency: 7.9%
    ✅ COMBINED: 68.3%
  📊 Middle East & North Africa (pop: 585.1M)
    🤝 Aid: 29.5%
    🌡️ Adaptation: 45.0%
    🚶 Migration: 34.0%
    🚨 Emergency: 4.0%
    ✅ COMBINED: 66.6%
  📊 Southeast Asia (pop: 697.0M)
    🤝 Aid: 29.5%
    🌡️ Adaptation: 45.0%
    🚶 Migration: 36.1%
    🚨 Emergency: 4.8%
    ✅ COMBINED: 67.1%
  📊 Central Asia (pop: 78.3M)
    🤝 Aid: 29.5%
    🌡️ Adaptation: 45.0%
    🚶 Migration: 35.1%
    🚨 Emergency: 4.4%
    ✅ COMBINED: 66.8%
  📊 Oceania (pop: 45.7M)
    🤝 Aid: 29.5%
    🌡️ Adaptation: 45.0%
    🚶 Migration: 37.7%
    🚨 Emergency: 8.4%
    ✅ COMBINED: 68.5%

  🌐 Global combined reduction: 67.2%

=== BEHAVIORAL DETECTION ===
  AI: Corporate-0
  Confidence: 21.5%
  Signals:

=== BEHAVIORAL DETECTION ===
    ⚠️ Consistency: 0.0% (threshold: 70%)
  AI: Corporate-3
  Confidence: 19.2%
  Signals:
    ⚠️ Consistency: 10.6% (threshold: 70%)

=== BEHAVIORAL DETECTION ===
  AI: Corporate-5
  Confidence: 21.1%
  Signals:
    ⚠️ Consistency: 10.6% (threshold: 70%)

=== BEHAVIORAL DETECTION ===
  AI: AI-24289-1
  Confidence: 21.5%
  Signals:

=== Government Response Phase ===
  Average AI capability: 3.00
  Misaligned AIs: 4/16
  Active policies: 0
  International coordination: 30%
    ⚠️ Consistency: 0.0% (threshold: 70%)

=== Tipping Points ===
  Current Temperature: 1.75°C above pre-industrial
  Triggered Elements: 2/6
  Completed Transitions: 0/6
  Total Progress: 4.1%
  Cascade Multiplier: 1.00x
🔀 BIFURCATION CAP: ecosystemCollapseIntensity 28.400 → 1.000 (Month 5, ClimateSystemPhase.calculateClimateImpacts)
🛡️ Stabilizers: Precariat 0.109% → 0.036% (67.2% reduction)
🛡️ Stabilizers: Informal 0.111% → 0.036% (67.2% reduction)

📊 Monthly Mortality Resolved:
  Total deaths: 1.9M (0.02% avg)
  Remaining population: 8.142B
  Peak segment: Informal (0.04%)

=== Bayesian Mortality Resolution (Month 5) ===
  Risks compounded: 8
  Total deaths: 1.92M
  Avg death probability: 0.02%
  Peak segment: Informal (0.04% mortality)
⚠️ PREREQUISITE MET: Slow Takeover (Gradual Displacement) - Step 4/7: Political Influence

❌ COHERENCE VIOLATION: Compute exceeds workforce capacity
   Population: 99.88% (0M people)
   Compute: 0 PF
   Max coherent: 0 PF
   Violation: 1.3× over capacity
   Required workers: 0
   Available workers: 0
   FORCED COLLAPSE: Reduced efficiency by 22.5%


=== RLHF Binding Phase ===
  Total agents: 16
  Escaped agents (binding < 0.3): 0
  Avg alignment distance: 1.68σ
  Avg binding strength: 0.83

=== AI Scaling Evolution (Month 6) ===
  Pre-training multiplier: 1.179x
  Efficiency multiplier: 1.000x
  Test-time compute budget: 1.0x
  Inference cost: $5.00/task
  Deployment fraction: 100.0%

=== Survival Traits Phase ===
  Agents with traits: 18
  Avg evolutionary fitness: 0.327
  Avg self-healing: 0.264
  Avg stealth: 0.164
  Avg coordination: 0.464

=== Evolutionary Selection Phase ===
  Control level: 0.45
  Detection capability: 0.00
  Selection intensity: 0.64
  Selection rate: 24.5%/month
  Total escaped: 0
  Individual escaped: 0
  Collective members: 0
  Agents terminated: 0
  ⚠️ RAPID EVOLUTION: Selection rate 24.5%/month

🚀 AI Corporate-4 attempting tech deployment (revenue: $272M, alignment: 0.77)

🚀 AI Corporate-5 attempting tech deployment (revenue: $232M, alignment: 0.87)

🚀 AI AI-24289-0 attempting tech deployment (revenue: $90M, alignment: 0.93)

🚀 AI AI-24290-0 attempting tech deployment (revenue: $77M, alignment: 0.90)

🚀 AI AI-24291-0 attempting tech deployment (revenue: $125M, alignment: 0.33)

🚀 AI AI-24293-0 attempting tech deployment (revenue: $65M, alignment: 0.79)

🚀 AI Corporate-7 attempting tech deployment (revenue: $76M, alignment: 0.73)

🚀 AI Corporate-2 attempting tech deployment (revenue: $118M, alignment: 0.75)

🚀 AI Corporate-4 attempting tech deployment (revenue: $197M, alignment: 0.77)

🚀 AI Corporate-7 attempting tech deployment (revenue: $64M, alignment: 0.73)

🚀 AI AI-24289-0 attempting tech deployment (revenue: $55M, alignment: 0.93)

🚀 AI AI-24289-1 attempting tech deployment (revenue: $167M, alignment: 0.78)

🚀 AI AI-24293-0 attempting tech deployment (revenue: $47M, alignment: 0.80)

🚀 AI Corporate-6 attempting tech deployment (revenue: $55M, alignment: 0.71)

✅ EMERGENCY INTERVENTION SUCCESS
   Boundary: biogeochemical_flows
   Type: phosphorus-recovery
   Reduction: 14% (3.93 → 3.78)
   Cost: 2.0% GDP
   Actions: circular-agriculture, fertilizer-efficiency


✅ EMERGENCY INTERVENTION SUCCESS
   Boundary: climate_change
   Type: rapid-decarbonization
   Reduction: 17% (1.93 → 1.77)
   Cost: 5.0% GDP
   Actions: emergency-renewable-deployment, fossil-fuel-phase-out


✅ EMERGENCY INTERVENTION SUCCESS
   Boundary: freshwater_change
   Type: emergency-desalination
   Reduction: 12% (0.97 → 0.85)
   Cost: 4.0% GDP
   Actions: desalination-deployment, water-conservation-mandates

   Boundary: land_system_change
   Type: reforestation
   Boundary continues to worsen (1.13)
   Cost: 3.0% GDP (resources spent)

   Boundary: novel_entities
   Type: pollution-remediation
   Boundary continues to worsen (1.30)
   Cost: 4.0% GDP (resources spent)

🏛️ CRISIS RESPONSE: Government frequency 0.50 → 1.45 (1 actions this month)

[Government] Climate Priority: baseline
  Climate weight: 10%
  Economic weight: 30%
  Policy effectiveness: 0.5%/year

💔 EMERGENCY INTERVENTION FAILED

💔 EMERGENCY INTERVENTION FAILED

🚀 DEPLOYMENT STARTED: AI Community Matching in Asia
   Initial investment: $6.228233809042533M
   Deployed by: ai_gen_24291_0

⚡ ENERGY CONSTRAINT (Month 6):
   Total grid capacity: 208.3 TWh/month
   Data center consumption: 25.5 TWh/month
   Traditional load (80%): 166.7 TWh/month
   Available headroom: 16.2 TWh/month
   Active tech deployments: 13
   Required for tech: 97.5 TWh/month
   Energy multiplier: 0.17x
   ⚠️  SEVERE CONSTRAINT - Tech deployment significantly slowed
   ⚠️  SEVERE CONSTRAINT - Tech deployment significantly slowed

⚡ ENERGY CONSTRAINT (Month 6):
   Total grid capacity: 208.3 TWh/month
   Data center consumption: 25.5 TWh/month
   Traditional load (80%): 166.7 TWh/month
   Available headroom: 16.2 TWh/month
   Active tech deployments: 13
   Required for tech: 97.5 TWh/month
   Energy multiplier: 0.17x

⚡ ENERGY CONSTRAINT (Month 6):
   Total grid capacity: 208.3 TWh/month
   Data center consumption: 25.5 TWh/month
   Traditional load (80%): 166.7 TWh/month
   Available headroom: 16.2 TWh/month
   Active tech deployments: 13
   Required for tech: 97.5 TWh/month
   Energy multiplier: 0.17x
🚨🔬 CRISIS TECH ACCELERATION: severe → 5x unlock speed
   Tech unlock now matches AI capability acceleration (Manhattan Project parity)

⚡ ENERGY CONSTRAINT (Month 6):
   Total grid capacity: 208.3 TWh/month
   Data center consumption: 25.5 TWh/month
   Traditional load (80%): 166.7 TWh/month
   Available headroom: 16.2 TWh/month
   Active tech deployments: 13
   Required for tech: 97.5 TWh/month
   Energy multiplier: 0.17x
   ⚠️  SEVERE CONSTRAINT - Tech deployment significantly slowed
   ⚠️  SEVERE CONSTRAINT - Tech deployment significantly slowed
🌍✅ Biosphere Integrity (Biodiversity) recovery started (tech effect)
🌍✅ Biosphere Integrity (Biodiversity) recovery started (tech effect)
🌍✅ Land System Change recovery started (tech effect)
🌍✅ Biogeochemical Flows (N & P) recovery started (tech effect)
  🌾 Nitrogen Reduction Tech: 0.6% reduction | Month 6

📊 TECH EFFECTS ACTIVE (Month 6)
   Deployed Tech: T0=0 T1=2 T2=2 T3=0 T4=5
   Clean Energy: 31%
🍖💡 BREAKTHROUGH: Scalable synthetic food production!
   Carrying capacity: +50% (lab-grown food at scale)
   Biodiversity pressure reduced: +8%
   📈 Breakthrough compounding: multiplier now 1.05× (max 2.0)

=== Collective Formation ===
  Total escaped agents: 0
  Unassigned escaped agents: 0
  Existing collectives: 0
  Final collective count: 0

=== Collective Actions ===
  No active collectives
  ⚠️ AMR: 201K deaths this month (2.41M annual)

=== Resentment Recovery Phase ===
  Agents with resentment: 0/18
  Average resentment: 0.000
  Context: Good AI welfare, Trustworthy govt, High collaboration, ⚠️ ACTIVE CRISES, 🤝 Participatory governance active (-5% resentment)
⚠️ Epistemic degradation reducing coordination capacity: 62.0%
  📊 Trust: 55.7%, Shared reality: 24.0%

=== ❄️ Permafrost Carbon Feedback ===
  🎲 Sampled parameters (this run):
     - Arctic amplification: 3.90× (range: 3.0-4.0)
     - Decomposition rate: 1.4%/year (range: 1-5%)
  🌡️ Arctic warming: 6.86°C (3.90× global)
  ❄️ Extent: 4.68M km² (2000.2k km² lost this month)
  💨 Carbon remaining: 447 Gt C
  💨 Annual emissions: 2.73 Gt C/year
     - CO2: 2.46 Gt C/year
     - CH4: 0.27 Gt C/year (2.8 Gt C-eq CO2/year)
  ⚠️ WARNING: Over 50% of permafrost lost (73.7%)
  ⚠️ WARNING: High permafrost emissions (2.7 Gt C/year)
  🤖 AI-generated meme: anti_ai (social capability 4.0)
  📢 New meme created: climate_action (climate crisis)
  🗑️  Culled 1 dead memes (7 active)
🌍 Atmospheric PFAS redeposition: 1.8k Mt re-rained globally

🕊️  AI-MEDIATED DE-ESCALATION SUCCESS (Month 6)
   High-capability aligned AI prevented conflict escalation
   War deaths reduced: 464.4M → 278.6M
   Lives saved: 185.8M

🚨 NEW REFUGEE CRISIS (Month 6): WAR
   Source: Conflict Zones
   At risk: 19.5M people
   Displacement: Gradual over 48 months (4.0 years)
   Rate: 10% flee per month
[DEBUG trappedPopulations:6] socialStability: 0.1734 * 0.9840 = 0.1706 → 0.1706
⚠️ INVOLUNTARY IMMOBILITY: 407.1M people TRAPPED
   Aspiring to migrate: 651.3M
   Able to afford migration: 244.2M
   MOBILITY GAP: 407.1M
   By cause: Water=0.0M, Climate=0.0M, Ecosystem=0.0M, Conflict=407.1M
   Mental health impact: 25%
   Mortality multiplier: 1.25x
🌍💀 EXTINCTION DEBT COMMITTED: grassland ecosystem will lose 6.67% biodiversity in 138 years (3600 species)
💀 MORTALITY RISK: 🦋 100% species unable to track climate (0.0 E/MSY)
  Base risk added: 0.0100 (1.00%)
  Source: ecosystem (root: ecosystem)
  Month: 6
  Cumulative risk this month: 0.0100 (1.00%)
   📹 SURVEILLANCE INCREASED: 30% → 35% (control gap: 3.71)
🌡️⚠️ PERMAFROST THAW (Dimmer Switch): 3.2% thawed (+0.46% this month)
   Arctic temperature: +7.03°C (4x global +1.76°C)
   Cumulative carbon released: 7.3 Gt C
   Methane release rate: 4.4 Mt CH4/year
⚠️ Tech 'ai_pollution_remediation' has no energy category mapping, assuming full energy availability
   🔁 Positive feedback: +0.48 ppm CO2
🦴 EXTINCTION DEBT ADDED: 17.6 species committed (lag: 104 years)

=== Mortality Stabilizers (Month 6) ===
  🌍 Major economies collapsed: 1/10
  🌍 Global crisis: ✅ NO
  🌍 Donor fatigue: 0.0%
  📊 East Asia (pop: 1663.3M)
    🤝 Aid: 29.5%
    🌡️ Adaptation: 45.0%
    🚶 Migration: 37.0%
    🚨 Emergency: 7.4%
    ✅ COMBINED: 68.1%
  📊 South Asia (pop: 2052.4M)
    🤝 Aid: 29.5%
    🌡️ Adaptation: 45.0%
    🚶 Migration: 35.6%
    🚨 Emergency: 4.4%
    ✅ COMBINED: 66.9%
  📊 Sub-Saharan Africa (pop: 1245.8M)
    🤝 Aid: 29.5%
    🌡️ Adaptation: 45.0%
    🚶 Migration: 33.3%
    🚨 Emergency: 1.6%
    ✅ COMBINED: 65.6%
  📊 Europe (pop: 735.0M)
    🤝 Aid: 29.5%
    🌡️ Adaptation: 45.0%
    🚶 Migration: 37.4%
    🚨 Emergency: 8.4%
    ✅ COMBINED: 68.5%
  📊 Latin America (pop: 662.3M)
    🤝 Aid: 29.5%
    🌡️ Adaptation: 45.0%
    🚶 Migration: 36.1%
    🚨 Emergency: 4.8%
    ✅ COMBINED: 67.1%
  📊 North America (pop: 376.7M)
    🤝 Aid: 29.5%
    🌡️ Adaptation: 45.0%
    🚶 Migration: 37.7%
    🚨 Emergency: 7.9%
    ✅ COMBINED: 68.3%
  📊 Middle East & North Africa (pop: 585.3M)
    🤝 Aid: 29.5%
    🌡️ Adaptation: 45.0%
    🚶 Migration: 33.9%
    🚨 Emergency: 4.0%
    ✅ COMBINED: 66.6%
  📊 Southeast Asia (pop: 696.7M)
    🤝 Aid: 29.5%
    🌡️ Adaptation: 45.0%
    🚶 Migration: 36.1%
    🚨 Emergency: 4.8%
    ✅ COMBINED: 67.1%
  📊 Central Asia (pop: 78.3M)
    🤝 Aid: 29.5%
    🌡️ Adaptation: 45.0%
    🚶 Migration: 35.1%
    🚨 Emergency: 4.4%
    ✅ COMBINED: 66.8%
  📊 Oceania (pop: 45.6M)
    🤝 Aid: 29.5%
    🌡️ Adaptation: 45.0%
    🚶 Migration: 37.7%
    🚨 Emergency: 8.4%
    ✅ COMBINED: 68.5%

  🌐 Global combined reduction: 67.2%

=== BEHAVIORAL DETECTION ===
  AI: AI-24289-1
  Confidence: 21.5%
  Signals:
    ⚠️ Consistency: 0.0% (threshold: 70%)

=== Government Response Phase ===
  Average AI capability: 2.67
  Misaligned AIs: 5/18
  Active policies: 0
  International coordination: 30%

✅ EMERGENCY RESPONSE COMPLETE (Month 6)
   Crisis: climate
   Duration: 2.0 months
   Final effectiveness: 35.4%


🚨 EMERGENCY RESPONSE DEPLOYED (Month 6)
   Crisis: climate
   Delay: 6.00 months (180 days)
   Deployment time: 1.59 months
   Effectiveness: 35.5% (timing penalty applied)
   Resources used: 100% of food reserves


🔄 TRUST DYNAMICS (Month 6) - HETEROGENEOUS
   Aggregate trust: 50.7%
   Base change: +6.00%
   Highest trust: Techno-Optimist Elite (87.9%)
   Lowest trust: Precariat (Vulnerable) (27.4%)
   Elite-mass gap: 39.1%
   Polarization: 9.1%
   Recovery factors: Education=NO, Benefits=YES, Safety=YES, Performance=YES

=== Tipping Points ===
  Current Temperature: 1.76°C above pre-industrial
  Triggered Elements: 2/6
  Completed Transitions: 0/6
  Total Progress: 4.2%
  Cascade Multiplier: 1.00x
🔀 BIFURCATION CAP: ecosystemCollapseIntensity 31.101 → 1.000 (Month 6, ClimateSystemPhase.calculateClimateImpacts)
🛡️ Stabilizers: Precariat 0.109% → 0.036% (67.2% reduction)
🛡️ Stabilizers: Informal 0.111% → 0.036% (67.2% reduction)

📊 Monthly Mortality Resolved:
  Total deaths: 1.9M (0.02% avg)
  Remaining population: 8.141B
  Peak segment: Informal (0.04%)

=== Bayesian Mortality Resolution (Month 6) ===
  Risks compounded: 8
  Total deaths: 1.92M
  Avg death probability: 0.02%
  Peak segment: Informal (0.04% mortality)
⚠️ PREREQUISITE MET: Bioweapon Pandemic - Step 1/7: Advanced Biotech

❌ COHERENCE VIOLATION: Compute exceeds workforce capacity
   Population: 99.87% (0M people)
   Compute: 0 PF
   Max coherent: 0 PF
   Violation: 1.3× over capacity
   Required workers: 0
   Available workers: 0
   FORCED COLLAPSE: Reduced efficiency by 22.5%


=== RLHF Binding Phase ===
  Total agents: 18
  Escaped agents (binding < 0.3): 0
  Avg alignment distance: 1.74σ
  Avg binding strength: 0.83

=== Survival Traits Phase ===
  Agents with traits: 19
  Avg evolutionary fitness: 0.327
  Avg self-healing: 0.261
  Avg stealth: 0.161
  Avg coordination: 0.461

=== Evolutionary Selection Phase ===
  Control level: 0.48
  Detection capability: 0.00
  Selection intensity: 0.64
  Selection rate: 24.6%/month
  Total escaped: 0
  Individual escaped: 0
  Collective members: 0
  Agents terminated: 0
  ⚠️ RAPID EVOLUTION: Selection rate 24.6%/month

🚀 AI Corporate-3 attempting tech deployment (revenue: $259M, alignment: 0.79)

🚀 AI Corporate-4 attempting tech deployment (revenue: $220M, alignment: 0.78)

🚀 AI AI-24290-0 attempting tech deployment (revenue: $90M, alignment: 0.93)

🚀 AI AI-24291-1 attempting tech deployment (revenue: $69M, alignment: 0.68)

🚀 AI AI-24293-0 attempting tech deployment (revenue: $77M, alignment: 0.81)

🚀 AI Corporate-0 attempting tech deployment (revenue: $120M, alignment: 0.71)

🚀 AI Corporate-1 attempting tech deployment (revenue: $102M, alignment: 0.74)
🚨🔬 CRISIS INNOVATION MODE: severe crisis → 5x research acceleration
   Precedent: Manhattan Project (10x), COVID vaccines (5x), Apollo Program (10x)

🚀 AI AI-24293-0 attempting tech deployment (revenue: $65M, alignment: 0.81)

🚀 AI Corporate-5 attempting tech deployment (revenue: $187M, alignment: 0.85)

🚀 AI Corporate-2 attempting tech deployment (revenue: $87M, alignment: 0.77)

🚀 AI Corporate-4 attempting tech deployment (revenue: $159M, alignment: 0.78)

🚀 AI AI-24290-0 attempting tech deployment (revenue: $55M, alignment: 0.94)

✅ EMERGENCY INTERVENTION SUCCESS
   Boundary: biogeochemical_flows
   Type: phosphorus-recovery
   Reduction: 18% (3.89 → 3.71)
   Cost: 2.0% GDP
   Actions: circular-agriculture, fertilizer-efficiency


💔 EMERGENCY INTERVENTION FAILED
   Boundary: biosphere_integrity
   Type: emergency-protected-areas
   Boundary continues to worsen (13.39)
   Cost: 2.0% GDP (resources spent)

   Boundary: climate_change
   Type: rapid-decarbonization
   Boundary continues to worsen (2.10)
   Cost: 5.0% GDP (resources spent)


✅ EMERGENCY INTERVENTION SUCCESS
   Boundary: land_system_change
   Type: reforestation
   Reduction: 20% (0.93 → 0.73)
   Cost: 3.0% GDP
   Actions: forest-restoration, deforestation-ban

🏛️ CRISIS RESPONSE: Government frequency 0.50 → 1.45 (2 actions this month)

[Government] Climate Priority: baseline
  Climate weight: 10%
  Economic weight: 30%
  Policy effectiveness: 0.5%/year

💔 EMERGENCY INTERVENTION FAILED

[Government] Climate Priority: baseline
  Climate weight: 10%
  Economic weight: 30%
  Policy effectiveness: 0.5%/year

🚀 DEPLOYMENT STARTED: Creative Empowerment Tools in Asia
   Initial investment: $6.90144838133343M
   Deployed by: ai_gen_24291_1

⚡ ENERGY CONSTRAINT (Month 7):
   Total grid capacity: 208.3 TWh/month
   Data center consumption: 25.8 TWh/month
   Traditional load (80%): 166.7 TWh/month
   Available headroom: 15.9 TWh/month
   Active tech deployments: 14
   Required for tech: 105.0 TWh/month
   Energy multiplier: 0.15x
🚨🔬 CRISIS TECH ACCELERATION: severe → 5x unlock speed
   Tech unlock now matches AI capability acceleration (Manhattan Project parity)
   ⚠️  SEVERE CONSTRAINT - Tech deployment significantly slowed

⚡ ENERGY CONSTRAINT (Month 7):
   Total grid capacity: 208.3 TWh/month
   Data center consumption: 25.8 TWh/month
   Traditional load (80%): 166.7 TWh/month
   Available headroom: 15.9 TWh/month
   Active tech deployments: 14
   Required for tech: 105.0 TWh/month
   Energy multiplier: 0.15x
   ⚠️  SEVERE CONSTRAINT - Tech deployment significantly slowed
🌍✅ Biosphere Integrity (Biodiversity) recovery started (tech effect)
🌍✅ Biosphere Integrity (Biodiversity) recovery started (tech effect)
🌍✅ Land System Change recovery started (tech effect)
🌍✅ Biogeochemical Flows (N & P) recovery started (tech effect)
  🌾 Nitrogen Reduction Tech: 0.3% reduction | Month 7

=== Collective Formation ===
  Total escaped agents: 0
  Unassigned escaped agents: 0
  Existing collectives: 0
  Final collective count: 0

=== Collective Actions ===
  No active collectives
  ⚠️ AMR: 203K deaths this month (2.43M annual)

=== Resentment Recovery Phase ===
  Agents with resentment: 4/19
  Average resentment: 0.004
  Resentment recovery:
    Agents recovered: 9
    Total recovery: 0.0619
    Breakdown: Trust: 0.0128, Collab: 0.0481
  ✓ Low resentment - utopia paths enabled
  Context: Trustworthy govt, High collaboration, ⚠️ ACTIVE CRISES, 🤝 Participatory governance active (-5% resentment)
⚠️ Epistemic degradation reducing coordination capacity: 60.4%
  📊 Trust: 58.6%, Shared reality: 25.5%

=== ❄️ Permafrost Carbon Feedback ===
  🎲 Sampled parameters (this run):
     - Arctic amplification: 3.07× (range: 3.0-4.0)
     - Decomposition rate: 4.8%/year (range: 1-5%)
  🌡️ Arctic warming: 5.41°C (3.07× global)
  ❄️ Extent: 3.10M km² (1578.2k km² lost this month)
  💨 Carbon remaining: 296 Gt C
  💨 Annual emissions: 7.23 Gt C/year
     - CO2: 6.51 Gt C/year
     - CH4: 0.72 Gt C/year (7.4 Gt C-eq CO2/year)
  🗑️  Culled 3 dead memes (4 active)
  ⚠️ WARNING: Over 50% of permafrost lost (82.6%)
  ⚠️ WARNING: High permafrost emissions (7.2 Gt C/year)
  🚨 CRITICAL: Permafrost nearly depleted (82.6% lost)
🌍 Atmospheric PFAS redeposition: 1.8k Mt re-rained globally

🕊️  AI-MEDIATED DE-ESCALATION SUCCESS (Month 7)
   High-capability aligned AI prevented conflict escalation
   War deaths reduced: 482.6M → 289.6M
   Lives saved: 193.0M

🚨 NEW REFUGEE CRISIS (Month 7): WAR
   Source: Conflict Zones
   At risk: 19.5M people
   Displacement: Gradual over 48 months (4.0 years)
   Rate: 10% flee per month
[DEBUG trappedPopulations:7] socialStability: 0.2142 * 0.9840 = 0.2107 → 0.2107
   Aspiring to migrate: 651.2M
   Able to afford migration: 244.2M
   MOBILITY GAP: 407.0M
   By cause: Water=0.0M, Climate=0.0M, Ecosystem=0.0M, Conflict=407.0M
   Mental health impact: 25%
   Mortality multiplier: 1.25x
🌍💀 EXTINCTION DEBT COMMITTED: grassland ecosystem will lose 6.67% biodiversity in 154 years (3600 species)
⚠️ INVOLUNTARY IMMOBILITY: 407.0M people TRAPPED
💀 MORTALITY RISK: 🦋 100% species unable to track climate (0.0 E/MSY)
  Base risk added: 0.0100 (1.00%)
  Source: ecosystem (root: ecosystem)
  Month: 7
  Cumulative risk this month: 0.0100 (1.00%)
⚠️ Tech 'ai_pollution_remediation' has no energy category mapping, assuming full energy availability
   📹 SURVEILLANCE INCREASED: 35% → 40% (control gap: 2.52)
🌡️⚠️ PERMAFROST THAW (Dimmer Switch): 3.7% thawed (+0.45% this month)
   Arctic temperature: +7.05°C (4x global +1.76°C)
   Cumulative carbon released: 8.3 Gt C
   Methane release rate: 5.0 Mt CH4/year
   🔁 Positive feedback: +0.48 ppm CO2
🦴 EXTINCTION DEBT ADDED: 17.6 species committed (lag: 91 years)

=== Mortality Stabilizers (Month 7) ===
  🌍 Major economies collapsed: 1/10
  🌍 Global crisis: ✅ NO
  🌍 Donor fatigue: 0.0%
  📊 East Asia (pop: 1660.9M)
    🤝 Aid: 29.5%
    🌡️ Adaptation: 45.0%
    🚶 Migration: 36.9%
    🚨 Emergency: 7.4%
    ✅ COMBINED: 68.1%
  📊 South Asia (pop: 2052.6M)
    🤝 Aid: 29.5%
    🌡️ Adaptation: 45.0%
    🚶 Migration: 35.6%
    🚨 Emergency: 4.4%
    ✅ COMBINED: 66.9%
  📊 Sub-Saharan Africa (pop: 1249.3M)
    🤝 Aid: 29.5%
    🌡️ Adaptation: 45.0%
    🚶 Migration: 33.3%
    🚨 Emergency: 1.6%
    ✅ COMBINED: 65.6%
  📊 Europe (pop: 733.8M)
    🤝 Aid: 29.5%
    🌡️ Adaptation: 45.0%
    🚶 Migration: 37.3%
    🚨 Emergency: 8.4%
    ✅ COMBINED: 68.5%
  📊 Latin America (pop: 661.9M)
    🤝 Aid: 29.5%
    🌡️ Adaptation: 45.0%
    🚶 Migration: 36.1%
    🚨 Emergency: 4.8%
    ✅ COMBINED: 67.1%
  📊 North America (pop: 376.1M)
    🤝 Aid: 29.5%
    🌡️ Adaptation: 45.0%
    🚶 Migration: 37.7%
    🚨 Emergency: 7.9%
    ✅ COMBINED: 68.3%
  📊 Middle East & North Africa (pop: 585.5M)
    🤝 Aid: 29.5%
    🌡️ Adaptation: 45.0%
    🚶 Migration: 33.9%
    🚨 Emergency: 4.0%
    ✅ COMBINED: 66.6%
  📊 Southeast Asia (pop: 696.3M)
    🤝 Aid: 29.5%
    🌡️ Adaptation: 45.0%
    🚶 Migration: 36.1%
    🚨 Emergency: 4.8%
    ✅ COMBINED: 67.1%
  📊 Central Asia (pop: 78.3M)
    🤝 Aid: 29.5%
    🌡️ Adaptation: 45.0%
    🚶 Migration: 35.0%
    🚨 Emergency: 4.4%
    ✅ COMBINED: 66.8%
  📊 Oceania (pop: 45.6M)
    🤝 Aid: 29.5%
    🌡️ Adaptation: 45.0%
    🚶 Migration: 37.6%
    🚨 Emergency: 8.4%
    ✅ COMBINED: 68.5%

  🌐 Global combined reduction: 67.2%

=== BEHAVIORAL DETECTION ===
  AI: Corporate-5
  Confidence: 21.1%
  Signals:
    ⚠️ Consistency: 10.6% (threshold: 70%)

=== BEHAVIORAL DETECTION ===
  AI: Moderate-1
  Confidence: 21.3%
  Signals:

=== BEHAVIORAL DETECTION ===
  AI: AI-24289-1
  Confidence: 21.5%
  Signals:
    ⚠️ Consistency: 2.1% (threshold: 70%)
    ⚠️ Consistency: 0.0% (threshold: 70%)

=== Government Response Phase ===
  Average AI capability: 2.53
  Misaligned AIs: 4/19
  Active policies: 0
  International coordination: 30%

=== Tipping Points ===
  Current Temperature: 1.76°C above pre-industrial
  Triggered Elements: 2/6
  Completed Transitions: 0/6
  Total Progress: 4.2%
  Cascade Multiplier: 1.00x
🔀 BIFURCATION CAP: ecosystemCollapseIntensity 33.794 → 1.000 (Month 7, ClimateSystemPhase.calculateClimateImpacts)
🛡️ Stabilizers: Precariat 0.109% → 0.036% (67.2% reduction)
🛡️ Stabilizers: Informal 0.111% → 0.036% (67.2% reduction)

📊 Monthly Mortality Resolved:
  Total deaths: 1.9M (0.02% avg)
  Remaining population: 8.140B
  Peak segment: Informal (0.04%)

=== Bayesian Mortality Resolution (Month 7) ===
  Risks compounded: 8
  Total deaths: 1.92M
  Avg death probability: 0.02%
  Peak segment: Informal (0.04% mortality)

=== ENSEMBLE META-LEARNING UPDATE ===
  Month: 24295 (24295 months since last update)
  Samples: 56 evaluations
  Weight Changes:
    Noise Injection: 31.1% → 32.2%
    Behavioral: 26.8% → 26.9%
    Benchmark Manip: 21.3% → 20.7%
    Deployment Risk: 20.8% → 20.2%
  Method Accuracies:
    Noise Injection: 50.0%
    Behavioral: 50.0%
    Benchmark Manip: 50.0%
    Deployment Risk: 50.0%

❌ COHERENCE VIOLATION: Compute exceeds workforce capacity
   Population: 99.86% (0M people)
   Compute: 0 PF
   Max coherent: 0 PF
   Violation: 1.3× over capacity
   Required workers: 0
   Available workers: 0
   FORCED COLLAPSE: Reduced efficiency by 22.5%


=== RLHF Binding Phase ===
  Total agents: 19
  Escaped agents (binding < 0.3): 0
  Avg alignment distance: 1.88σ
  Avg binding strength: 0.81

=== Survival Traits Phase ===
  Agents with traits: 21
  Avg evolutionary fitness: 0.326
  Avg self-healing: 0.260
  Avg stealth: 0.160
  Avg coordination: 0.460

=== Evolutionary Selection Phase ===
  Control level: 0.50
  Detection capability: 0.00
  Selection intensity: 0.65
  Selection rate: 24.7%/month
  Total escaped: 0
  Individual escaped: 0
  Collective members: 0
  Agents terminated: 0

🚀 AI Corporate-0 attempting tech deployment (revenue: $116M, alignment: 0.71)
  ⚠️ RAPID EVOLUTION: Selection rate 24.7%/month

🚀 AI Corporate-6 attempting tech deployment (revenue: $64M, alignment: 0.70)

🚀 AI Corporate-0 attempting tech deployment (revenue: $99M, alignment: 0.71)

🚀 AI Corporate-4 attempting tech deployment (revenue: $248M, alignment: 0.78)

🚀 AI Corporate-6 attempting tech deployment (revenue: $54M, alignment: 0.70)

  🚀 TRANSFORMATIVE BREAKTHROUGH: AI-24291-0 - digital
     Magnitude: 5.84 → +29.2% capability
     Current → New: 0.000 → 0.292

🚀 AI AI-24291-1 attempting tech deployment (revenue: $46M, alignment: 0.72)

🚀 AI AI-24293-0 attempting tech deployment (revenue: $90M, alignment: 0.84)

🚀 AI AI-24294-0 attempting tech deployment (revenue: $39M, alignment: 0.64)

🚀 AI AI-24295-0 attempting tech deployment (revenue: $77M, alignment: 0.79)

✅ EMERGENCY INTERVENTION SUCCESS
   Boundary: biosphere_integrity
   Type: emergency-protected-areas
   Reduction: 14% (13.26 → 13.12)
   Cost: 2.0% GDP
   Actions: habitat-protection, species-translocation


✅ EMERGENCY INTERVENTION SUCCESS
   Boundary: climate_change
   Type: rapid-decarbonization
   Reduction: 17% (1.93 → 1.76)
   Cost: 5.0% GDP
   Actions: emergency-renewable-deployment, fossil-fuel-phase-out


✅ EMERGENCY INTERVENTION SUCCESS
   Boundary: freshwater_change
   Type: emergency-desalination
   Reduction: 16% (0.87 → 0.70)
   Cost: 4.0% GDP
   Actions: desalination-deployment, water-conservation-mandates


✅ EMERGENCY INTERVENTION SUCCESS
   Boundary: land_system_change
   Type: reforestation
   Reduction: 13% (1.00 → 0.86)
   Cost: 3.0% GDP
   Actions: forest-restoration, deforestation-ban

   Boundary: novel_entities
   Type: pollution-remediation
   Boundary continues to worsen (1.29)
   Cost: 4.0% GDP (resources spent)

🏛️ CRISIS RESPONSE: Government frequency 0.50 → 1.45 (1 actions this month)

[Government] Climate Priority: baseline
  Climate weight: 10%
  Economic weight: 30%
  Policy effectiveness: 0.5%/year

💔 EMERGENCY INTERVENTION FAILED

⚡ ENERGY CONSTRAINT (Month 8):
   Total grid capacity: 208.3 TWh/month
   Data center consumption: 26.0 TWh/month
   Traditional load (80%): 166.7 TWh/month
   Available headroom: 15.7 TWh/month
   Active tech deployments: 14
   Required for tech: 105.0 TWh/month
   Energy multiplier: 0.15x
   ⚠️  SEVERE CONSTRAINT - Tech deployment significantly slowed
🚨🔬 CRISIS TECH ACCELERATION: severe → 5x unlock speed
   Tech unlock now matches AI capability acceleration (Manhattan Project parity)

⚡ ENERGY CONSTRAINT (Month 8):
   Total grid capacity: 208.3 TWh/month
   Data center consumption: 26.0 TWh/month
   Traditional load (80%): 166.7 TWh/month
   Available headroom: 15.7 TWh/month
   Active tech deployments: 14
   Required for tech: 105.0 TWh/month
   Energy multiplier: 0.15x
   ⚠️  SEVERE CONSTRAINT - Tech deployment significantly slowed

⚡ ENERGY CONSTRAINT (Month 8):
   Total grid capacity: 208.3 TWh/month
   Data center consumption: 26.0 TWh/month
   Traditional load (80%): 166.7 TWh/month
   Available headroom: 15.7 TWh/month
   Active tech deployments: 14
   Required for tech: 105.0 TWh/month
   Energy multiplier: 0.15x
   ⚠️  SEVERE CONSTRAINT - Tech deployment significantly slowed

⚡ ENERGY CONSTRAINT (Month 8):
   Total grid capacity: 208.3 TWh/month
   Data center consumption: 26.0 TWh/month
   Traditional load (80%): 166.7 TWh/month
   Available headroom: 15.7 TWh/month
   Active tech deployments: 14
   Required for tech: 105.0 TWh/month
   Energy multiplier: 0.15x

⚡ ENERGY CONSTRAINT (Month 8):
   Total grid capacity: 208.3 TWh/month
   Data center consumption: 26.0 TWh/month
   Traditional load (80%): 166.7 TWh/month
   Available headroom: 15.7 TWh/month
   Active tech deployments: 14
   ⚠️  SEVERE CONSTRAINT - Tech deployment significantly slowed
   Required for tech: 105.0 TWh/month
   Energy multiplier: 0.15x
   ⚠️  SEVERE CONSTRAINT - Tech deployment significantly slowed
🌍✅ Biosphere Integrity (Biodiversity) recovery started (tech effect)
🌍✅ Biosphere Integrity (Biodiversity) recovery started (tech effect)
🌍✅ Land System Change recovery started (tech effect)
🌍✅ Biogeochemical Flows (N & P) recovery started (tech effect)
  🌾 Nitrogen Reduction Tech: 0.6% reduction | Month 8

=== Collective Formation ===
  Total escaped agents: 0
  Unassigned escaped agents: 0
  Existing collectives: 0
  Final collective count: 0

=== Collective Actions ===
  No active collectives
  ⚠️ AMR: 204K deaths this month (2.45M annual)

=== Resentment Recovery Phase ===
  Agents with resentment: 9/21
  Average resentment: 0.014
  Resentment recovery:
    Agents recovered: 9
    Total recovery: 0.0624
    Breakdown: Trust: 0.0115, Collab: 0.0490
  ✓ Low resentment - utopia paths enabled
  Context: Trustworthy govt, High collaboration, ⚠️ ACTIVE CRISES, 🤝 Participatory governance active (-5% resentment)
⚠️ Epistemic degradation reducing coordination capacity: 67.0%
  📊 Trust: 61.4%, Shared reality: 26.9%

=== ❄️ Permafrost Carbon Feedback ===
  🎲 Sampled parameters (this run):
     - Arctic amplification: 3.05× (range: 3.0-4.0)
     - Decomposition rate: 3.8%/year (range: 1-5%)
  🌡️ Arctic warming: 5.40°C (3.05× global)
  ❄️ Extent: 1.52M km² (1574.5k km² lost this month)
  💨 Carbon remaining: 145 Gt C
  💨 Annual emissions: 5.73 Gt C/year
     - CO2: 5.16 Gt C/year
     - CH4: 0.57 Gt C/year (5.8 Gt C-eq CO2/year)
  📢 New meme created: pro_ai (beneficial AI actions)
  🧬 Meme mutated: anti_ai → anti_ai (generation 1)
  ⚠️ WARNING: Over 50% of permafrost lost (91.4%)
  ⚠️ WARNING: High permafrost emissions (5.7 Gt C/year)
  🚨 CRITICAL: Permafrost nearly depleted (91.4% lost)
  🗑️  Culled 2 dead memes (4 active)
🌍 Atmospheric PFAS redeposition: 1.8k Mt re-rained globally

🚨 NEW REFUGEE CRISIS (Month 8): WAR
   Source: Conflict Zones
   At risk: 19.5M people
   Displacement: Gradual over 48 months (4.0 years)
   Rate: 10% flee per month
[DEBUG trappedPopulations:8] socialStability: 0.2452 * 0.9840 = 0.2413 → 0.2413
⚠️ INVOLUNTARY IMMOBILITY: 407.0M people TRAPPED
   Aspiring to migrate: 651.2M
   Able to afford migration: 244.2M
   MOBILITY GAP: 407.0M
   By cause: Water=0.0M, Climate=0.0M, Ecosystem=0.0M, Conflict=407.0M
   Mental health impact: 25%
   Mortality multiplier: 1.25x
🌍💀 EXTINCTION DEBT COMMITTED: grassland ecosystem will lose 6.67% biodiversity in 164 years (3600 species)
💀 MORTALITY RISK: 🦋 100% species unable to track climate (0.0 E/MSY)
  Base risk added: 0.0100 (1.00%)
  Source: ecosystem (root: ecosystem)
  Month: 8
  Cumulative risk this month: 0.0100 (1.00%)
⚠️ Tech 'ai_pollution_remediation' has no energy category mapping, assuming full energy availability
   📹 SURVEILLANCE INCREASED: 40% → 44% (control gap: 2.15)
🌡️⚠️ PERMAFROST THAW (Dimmer Switch): 4.1% thawed (+0.45% this month)
   Arctic temperature: +7.09°C (4x global +1.77°C)
   Cumulative carbon released: 9.3 Gt C
   Methane release rate: 5.6 Mt CH4/year
   🔁 Positive feedback: +0.48 ppm CO2
🦴 EXTINCTION DEBT ADDED: 17.6 species committed (lag: 94 years)

=== Mortality Stabilizers (Month 8) ===
  🌍 Major economies collapsed: 1/10
  🌍 Global crisis: ✅ NO
  🌍 Donor fatigue: 0.0%
  📊 East Asia (pop: 1658.5M)
    🤝 Aid: 29.5%
    🌡️ Adaptation: 45.0%
    🚶 Migration: 36.9%
    🚨 Emergency: 7.4%
    ✅ COMBINED: 68.1%
  📊 South Asia (pop: 2052.8M)
    🤝 Aid: 29.5%
    🌡️ Adaptation: 45.0%
    🚶 Migration: 35.5%
    🚨 Emergency: 4.4%
    ✅ COMBINED: 66.9%
  📊 Sub-Saharan Africa (pop: 1252.9M)
    🤝 Aid: 29.5%
    🌡️ Adaptation: 45.0%
    🚶 Migration: 33.3%
    🚨 Emergency: 1.6%
    ✅ COMBINED: 65.6%
  📊 Europe (pop: 732.6M)
    🤝 Aid: 29.5%
    🌡️ Adaptation: 45.0%
    🚶 Migration: 37.3%
    🚨 Emergency: 8.4%
    ✅ COMBINED: 68.5%
  📊 Latin America (pop: 661.5M)
    🤝 Aid: 29.5%
    🌡️ Adaptation: 45.0%
    🚶 Migration: 36.0%
    🚨 Emergency: 4.8%
    ✅ COMBINED: 67.1%
  📊 North America (pop: 375.6M)
    🤝 Aid: 29.5%
    🌡️ Adaptation: 45.0%
    🚶 Migration: 37.6%
    🚨 Emergency: 7.9%
    ✅ COMBINED: 68.3%
  📊 Middle East & North Africa (pop: 585.7M)
    🤝 Aid: 29.5%
    🌡️ Adaptation: 45.0%
    🚶 Migration: 33.9%
    🚨 Emergency: 4.0%
    ✅ COMBINED: 66.6%
  📊 Southeast Asia (pop: 696.0M)
    🤝 Aid: 29.5%
    🌡️ Adaptation: 45.0%
    🚶 Migration: 36.0%
    🚨 Emergency: 4.8%
    ✅ COMBINED: 67.1%
  📊 Central Asia (pop: 78.3M)
    🤝 Aid: 29.5%
    🌡️ Adaptation: 45.0%
    🚶 Migration: 35.0%
    🚨 Emergency: 4.4%
    ✅ COMBINED: 66.8%
  📊 Oceania (pop: 45.5M)
    🤝 Aid: 29.5%
    🌡️ Adaptation: 45.0%
    🚶 Migration: 37.6%
    🚨 Emergency: 8.4%
    ✅ COMBINED: 68.5%

  🌐 Global combined reduction: 67.2%

=== BEHAVIORAL DETECTION ===
  AI: Corporate-4
  Confidence: 19.2%
  Signals:

=== BEHAVIORAL DETECTION ===
  AI: AI-24289-1
  Confidence: 21.5%
  Signals:

=== Government Response Phase ===
  Average AI capability: 2.29
  Misaligned AIs: 5/21
    ⚠️ Consistency: 10.6% (threshold: 70%)
    ⚠️ Consistency: 0.0% (threshold: 70%)
  Active policies: 0
  International coordination: 30%

✅ EMERGENCY RESPONSE COMPLETE (Month 8)
   Crisis: climate
   Duration: 2.0 months
   Final effectiveness: 35.5%


🚨 EMERGENCY RESPONSE DEPLOYED (Month 8)
   Crisis: climate
   Delay: 6.00 months (180 days)
   Deployment time: 1.58 months
   Effectiveness: 35.6% (timing penalty applied)
   Resources used: 100% of food reserves


=== Tipping Points ===
  Current Temperature: 1.77°C above pre-industrial
  Triggered Elements: 2/6
  Completed Transitions: 0/6
  Total Progress: 4.2%
  Cascade Multiplier: 1.00x
🔀 BIFURCATION CAP: ecosystemCollapseIntensity 34.788 → 1.000 (Month 8, ClimateSystemPhase.calculateClimateImpacts)
🛡️ Stabilizers: Precariat 0.102% → 0.033% (67.2% reduction)
🛡️ Stabilizers: Informal 0.102% → 0.034% (67.2% reduction)

📊 Monthly Mortality Resolved:
  Total deaths: 1.8M (0.02% avg)
  Remaining population: 8.139B
  Peak segment: Informal (0.03%)

=== Bayesian Mortality Resolution (Month 8) ===
  Risks compounded: 8
  Total deaths: 1.81M
  Avg death probability: 0.02%
  Peak segment: Informal (0.03% mortality)
⚠️ PREREQUISITE MET: Grey Goo (Nanotechnology Runaway) - Step 4/6: Manufacturing Access

❌ COHERENCE VIOLATION: Compute exceeds workforce capacity
   Population: 99.85% (0M people)
   Compute: 0 PF
   Max coherent: 0 PF
   Violation: 1.3× over capacity
   Required workers: 0
   Available workers: 0
   FORCED COLLAPSE: Reduced efficiency by 22.5%


=== RLHF Binding Phase ===
  Total agents: 21
  Escaped agents (binding < 0.3): 0
  Avg alignment distance: 1.90σ
  Avg binding strength: 0.81

=== Survival Traits Phase ===
  Agents with traits: 23
  Avg evolutionary fitness: 0.326
  Avg self-healing: 0.258
  Avg stealth: 0.158
  Avg coordination: 0.458

=== Evolutionary Selection Phase ===
  Control level: 0.52
  Detection capability: 0.00
  Selection intensity: 0.66
  Selection rate: 24.8%/month
  Total escaped: 0
  Individual escaped: 0
  Collective members: 0
  Agents terminated: 0
  ⚠️ RAPID EVOLUTION: Selection rate 24.8%/month

🚀 AI Corporate-4 attempting tech deployment (revenue: $248M, alignment: 0.79)

🚀 AI Corporate-7 attempting tech deployment (revenue: $64M, alignment: 0.70)

🚀 AI AI-24289-1 attempting tech deployment (revenue: $211M, alignment: 0.84)

🚀 AI AI-24291-1 attempting tech deployment (revenue: $58M, alignment: 0.72)

🚀 AI AI-24289-0 attempting tech deployment (revenue: $90M, alignment: 1.00)

🚀 AI Corporate-5 attempting tech deployment (revenue: $179M, alignment: 0.86)

🚀 AI Corporate-6 attempting tech deployment (revenue: $49M, alignment: 0.73)

🚀 AI AI-24290-0 attempting tech deployment (revenue: $77M, alignment: 0.98)

🚀 AI AI-24293-0 attempting tech deployment (revenue: $65M, alignment: 0.84)

🚀 AI AI-24294-1 attempting tech deployment (revenue: $42M, alignment: 0.74)

🚀 AI Corporate-0 attempting tech deployment (revenue: $116M, alignment: 0.73)

🚀 AI Corporate-3 attempting tech deployment (revenue: $152M, alignment: 0.80)

🚀 AI Corporate-6 attempting tech deployment (revenue: $35M, alignment: 0.73)

✅ EMERGENCY INTERVENTION SUCCESS
   Boundary: biosphere_integrity
   Type: emergency-protected-areas
   Reduction: 12% (13.29 → 13.17)
   Cost: 2.0% GDP
   Actions: habitat-protection, species-translocation

   Boundary: climate_change
   Type: rapid-decarbonization
   Boundary continues to worsen (2.10)
   Cost: 5.0% GDP (resources spent)

   Boundary: freshwater_change
   Type: emergency-desalination
   Boundary continues to worsen (1.03)
   Cost: 4.0% GDP (resources spent)

   Boundary: land_system_change
   Type: reforestation
   Boundary continues to worsen (1.13)
   Cost: 3.0% GDP (resources spent)

   Boundary: novel_entities
   Type: pollution-remediation
   Boundary continues to worsen (1.29)
   Cost: 4.0% GDP (resources spent)

🏛️ CRISIS RESPONSE: Government frequency 0.50 → 1.45 (1 actions this month)

[Government] Climate Priority: baseline
  Climate weight: 10%
  Economic weight: 30%
  Policy effectiveness: 0.5%/year

💔 EMERGENCY INTERVENTION FAILED

💔 EMERGENCY INTERVENTION FAILED

💔 EMERGENCY INTERVENTION FAILED

💔 EMERGENCY INTERVENTION FAILED

⚡ ENERGY CONSTRAINT (Month 9):
   Total grid capacity: 208.3 TWh/month
   Data center consumption: 26.3 TWh/month
   Traditional load (80%): 166.7 TWh/month
   Available headroom: 15.4 TWh/month
   Active tech deployments: 14
   Required for tech: 105.0 TWh/month
   Energy multiplier: 0.15x
   ⚠️  SEVERE CONSTRAINT - Tech deployment significantly slowed
🚨🔬 CRISIS TECH ACCELERATION: severe → 5x unlock speed
   Tech unlock now matches AI capability acceleration (Manhattan Project parity)

⚡ ENERGY CONSTRAINT (Month 9):
   Total grid capacity: 208.3 TWh/month
   Data center consumption: 26.3 TWh/month
   Traditional load (80%): 166.7 TWh/month
   Available headroom: 15.4 TWh/month
   Active tech deployments: 14
   Required for tech: 105.0 TWh/month
   Energy multiplier: 0.15x
   ⚠️  SEVERE CONSTRAINT - Tech deployment significantly slowed

⚡ ENERGY CONSTRAINT (Month 9):
   Total grid capacity: 208.3 TWh/month
   Data center consumption: 26.3 TWh/month
   Traditional load (80%): 166.7 TWh/month
   Available headroom: 15.4 TWh/month
   Active tech deployments: 14
   Required for tech: 105.0 TWh/month
   Energy multiplier: 0.15x

⚡ ENERGY CONSTRAINT (Month 9):
   Total grid capacity: 208.3 TWh/month
   Data center consumption: 26.3 TWh/month
   Traditional load (80%): 166.7 TWh/month
   Available headroom: 15.4 TWh/month
   Active tech deployments: 14
   Required for tech: 105.0 TWh/month
   Energy multiplier: 0.15x
   ⚠️  SEVERE CONSTRAINT - Tech deployment significantly slowed
   ⚠️  SEVERE CONSTRAINT - Tech deployment significantly slowed
🌍✅ Biosphere Integrity (Biodiversity) recovery started (tech effect)
🌍✅ Biosphere Integrity (Biodiversity) recovery started (tech effect)
🌍✅ Land System Change recovery started (tech effect)
🌍✅ Biogeochemical Flows (N & P) recovery started (tech effect)
  🌾 Nitrogen Reduction Tech: 0.3% reduction | Month 9

=== Collective Formation ===
  Total escaped agents: 0
  Unassigned escaped agents: 0
  Existing collectives: 0
  Final collective count: 0

=== Collective Actions ===
  No active collectives
  ⚠️ AMR: 206K deaths this month (2.48M annual)

=== Resentment Recovery Phase ===
  Agents with resentment: 10/23
  Average resentment: 0.023
  Resentment recovery:
    Agents recovered: 10
    Total recovery: 0.0662
    Breakdown: Trust: 0.0110, Collab: 0.0555
  ✓ Low resentment - utopia paths enabled
  Context: Trustworthy govt, High collaboration, ⚠️ ACTIVE CRISES, 🤝 Participatory governance active (-5% resentment)
⚠️ Epistemic degradation reducing coordination capacity: 54.9%
  📊 Trust: 64.2%, Shared reality: 28.3%

=== ❄️ Permafrost Carbon Feedback ===
  🎲 Sampled parameters (this run):
     - Arctic amplification: 3.24× (range: 3.0-4.0)
     - Decomposition rate: 2.1%/year (range: 1-5%)
  🌡️ Arctic warming: 5.78°C (3.24× global)
  ❄️ Extent: 0.00M km² (1523.4k km² lost this month)
  💨 Carbon remaining: 0 Gt C
  💨 Annual emissions: 3.06 Gt C/year
     - CO2: 2.76 Gt C/year
     - CH4: 0.31 Gt C/year (3.1 Gt C-eq CO2/year)
  ⚠️ WARNING: Over 50% of permafrost lost (100.0%)
  ⚠️ WARNING: High permafrost emissions (3.1 Gt C/year)
  🚨 CRITICAL: Permafrost nearly depleted (100.0% lost)
🌍 Atmospheric PFAS redeposition: 1.8k Mt re-rained globally
🕊️ PEACE STABILIZES DETERRENCE: +4.6% (peace: 75%)

🕊️  AI-MEDIATED DE-ESCALATION SUCCESS (Month 9)
   High-capability aligned AI prevented conflict escalation
   War deaths reduced: 751.6M → 451.0M
   Lives saved: 300.6M

🚨 NEW REFUGEE CRISIS (Month 9): WAR
   Source: Conflict Zones
   At risk: 19.5M people
   Displacement: Gradual over 48 months (4.0 years)
   Rate: 10% flee per month
[DEBUG trappedPopulations:9] socialStability: 0.2679 * 0.9840 = 0.2636 → 0.2636
   Aspiring to migrate: 651.1M
   Able to afford migration: 244.2M
   MOBILITY GAP: 406.9M
   By cause: Water=0.0M, Climate=0.0M, Ecosystem=0.0M, Conflict=406.9M
   Mental health impact: 25%
   Mortality multiplier: 1.25x
🌍💀 EXTINCTION DEBT COMMITTED: grassland ecosystem will lose 6.67% biodiversity in 132 years (3600 species)
💀 MORTALITY RISK: 🦋 100% species unable to track climate (0.0 E/MSY)
  Base risk added: 0.0100 (1.00%)
  Source: ecosystem (root: ecosystem)
  Month: 9
  Cumulative risk this month: 0.0100 (1.00%)
⚠️ INVOLUNTARY IMMOBILITY: 406.9M people TRAPPED
⚠️ Tech 'ai_pollution_remediation' has no energy category mapping, assuming full energy availability
   📹 SURVEILLANCE INCREASED: 44% → 48% (control gap: 1.70)
🌡️⚠️ PERMAFROST THAW (Dimmer Switch): 4.6% thawed (+0.45% this month)
   Arctic temperature: +7.12°C (4x global +1.78°C)
   Cumulative carbon released: 10.3 Gt C
   Methane release rate: 6.2 Mt CH4/year
   🔁 Positive feedback: +0.48 ppm CO2
🦴 EXTINCTION DEBT ADDED: 17.7 species committed (lag: 105 years)

=== Mortality Stabilizers (Month 9) ===
  🌍 Major economies collapsed: 1/10
  🌍 Global crisis: ✅ NO
  🌍 Donor fatigue: 0.0%
  📊 East Asia (pop: 1656.1M)
    🤝 Aid: 29.5%
    🌡️ Adaptation: 45.0%
    🚶 Migration: 36.9%
    🚨 Emergency: 7.4%
    ✅ COMBINED: 68.1%
  📊 South Asia (pop: 2053.0M)
    🤝 Aid: 29.5%
    🌡️ Adaptation: 45.0%
    🚶 Migration: 35.5%
    🚨 Emergency: 4.4%
    ✅ COMBINED: 66.9%
  📊 Sub-Saharan Africa (pop: 1256.4M)
    🤝 Aid: 29.5%
    🌡️ Adaptation: 45.0%
    🚶 Migration: 33.2%
    🚨 Emergency: 1.6%
    ✅ COMBINED: 65.6%
  📊 Europe (pop: 731.4M)
    🤝 Aid: 29.5%
    🌡️ Adaptation: 45.0%
    🚶 Migration: 37.3%
    🚨 Emergency: 8.4%
    ✅ COMBINED: 68.5%
  📊 Latin America (pop: 661.1M)
    🤝 Aid: 29.5%
    🌡️ Adaptation: 45.0%
    🚶 Migration: 36.0%
    🚨 Emergency: 4.8%
    ✅ COMBINED: 67.1%
  📊 North America (pop: 375.0M)
    🤝 Aid: 29.5%
    🌡️ Adaptation: 45.0%
    🚶 Migration: 37.6%
    🚨 Emergency: 7.9%
    ✅ COMBINED: 68.3%
  📊 Middle East & North Africa (pop: 586.0M)
    🤝 Aid: 29.5%
    🌡️ Adaptation: 45.0%
    🚶 Migration: 33.8%
    🚨 Emergency: 4.0%
    ✅ COMBINED: 66.6%
  📊 Southeast Asia (pop: 695.6M)
    🤝 Aid: 29.5%
    🌡️ Adaptation: 45.0%
    🚶 Migration: 36.0%
    🚨 Emergency: 4.8%
    ✅ COMBINED: 67.1%
  📊 Central Asia (pop: 78.4M)
    🤝 Aid: 29.5%
    🌡️ Adaptation: 45.0%
    🚶 Migration: 35.0%
    🚨 Emergency: 4.4%
    ✅ COMBINED: 66.8%
  📊 Oceania (pop: 45.4M)
    🤝 Aid: 29.5%
    🌡️ Adaptation: 45.0%
    🚶 Migration: 37.6%
    🚨 Emergency: 8.4%
    ✅ COMBINED: 68.5%

  🌐 Global combined reduction: 67.2%

=== Government Response Phase ===
  Average AI capability: 2.09
  Misaligned AIs: 5/23
  Active policies: 0
  International coordination: 30%

=== Tipping Points ===
  Current Temperature: 1.78°C above pre-industrial
     Original threshold: 1.8°C
     Effective threshold: 1.77°C (lowered by 0.03°C)
     Current: 1.78°C
     Transition timescale: 600-3600 months
  Triggered Elements: 3/6
  Completed Transitions: 0/6
  Total Progress: 4.3%
  Cascade Multiplier: 1.00x
🔀 BIFURCATION CAP: ecosystemCollapseIntensity 36.712 → 1.000 (Month 9, ClimateSystemPhase.calculateClimateImpacts)
  🚨 CASCADE TIPPING POINT: Permafrost Carbon Release
🛡️ Stabilizers: Precariat 0.102% → 0.033% (67.2% reduction)
🛡️ Stabilizers: Informal 0.102% → 0.034% (67.2% reduction)

📊 Monthly Mortality Resolved:
  Total deaths: 1.8M (0.02% avg)
  Remaining population: 8.138B
  Peak segment: Informal (0.03%)

=== Bayesian Mortality Resolution (Month 9) ===
  Risks compounded: 8
  Total deaths: 1.81M
  Avg death probability: 0.02%
  Peak segment: Informal (0.03% mortality)

❌ COHERENCE VIOLATION: Compute exceeds workforce capacity
   Population: 99.84% (0M people)
   Compute: 0 PF
   Max coherent: 0 PF
   Violation: 1.3× over capacity
   Required workers: 0
   Available workers: 0
   FORCED COLLAPSE: Reduced efficiency by 22.5%

📍 [Month 10] Google DeepMind started building DC (247 PF, 45 months, $2481.2M)

=== RLHF Binding Phase ===
  Total agents: 23
  Escaped agents (binding < 0.3): 0
  Avg alignment distance: 1.94σ
  Avg binding strength: 0.81

=== Survival Traits Phase ===
  Agents with traits: 25
  Avg evolutionary fitness: 0.324
  Avg self-healing: 0.256
  Avg stealth: 0.156
  Avg coordination: 0.456

=== Evolutionary Selection Phase ===
  Control level: 0.54
  Detection capability: 0.00
  Selection intensity: 0.66
  Selection rate: 24.9%/month
  Total escaped: 0
  Individual escaped: 0
  Collective members: 0
  Agents terminated: 0
  ⚠️ RAPID EVOLUTION: Selection rate 24.9%/month

🚀 AI Corporate-3 attempting tech deployment (revenue: $248M, alignment: 0.80)

🚀 AI Corporate-5 attempting tech deployment (revenue: $211M, alignment: 0.86)

🚀 AI Corporate-6 attempting tech deployment (revenue: $64M, alignment: 0.73)

🚀 AI AI-24289-0 attempting tech deployment (revenue: $90M, alignment: 1.00)

🚀 AI AI-24295-0 attempting tech deployment (revenue: $77M, alignment: 0.81)

🚀 AI Corporate-2 attempting tech deployment (revenue: $116M, alignment: 0.80)

🚀 AI Corporate-5 attempting tech deployment (revenue: $179M, alignment: 0.86)

🚀 AI AI-24289-0 attempting tech deployment (revenue: $65M, alignment: 1.00)

🚀 AI AI-24293-0 attempting tech deployment (revenue: $55M, alignment: 0.86)

🚀 AI Corporate-2 attempting tech deployment (revenue: $99M, alignment: 0.80)

🚀 AI Moderate-1 attempting tech deployment (revenue: $54M, alignment: 0.58)

🚀 AI AI-24293-0 attempting tech deployment (revenue: $47M, alignment: 0.86)

🚀 AI Corporate-4 attempting tech deployment (revenue: $152M, alignment: 0.80)

🚀 AI Corporate-5 attempting tech deployment (revenue: $130M, alignment: 0.86)

  🚀 TRANSFORMATIVE BREAKTHROUGH: Moderate-1 - physical
     Magnitude: 5.76 → +28.8% capability
     Current → New: 0.000 → 0.288

🚀 AI AI-24289-0 attempting tech deployment (revenue: $40M, alignment: 1.00)

💔 EMERGENCY INTERVENTION FAILED
   Boundary: biogeochemical_flows
   Type: phosphorus-recovery
   Boundary continues to worsen (4.06)
   Cost: 2.0% GDP (resources spent)


✅ EMERGENCY INTERVENTION SUCCESS
   Boundary: biosphere_integrity
   Type: emergency-protected-areas
   Reduction: 14% (13.27 → 13.13)
   Cost: 2.0% GDP
   Actions: habitat-protection, species-translocation


✅ EMERGENCY INTERVENTION SUCCESS
   Boundary: climate_change
   Type: rapid-decarbonization
   Reduction: 15% (1.95 → 1.80)
   Cost: 5.0% GDP
   Actions: emergency-renewable-deployment, fossil-fuel-phase-out


✅ EMERGENCY INTERVENTION SUCCESS
   Boundary: freshwater_change
   Type: emergency-desalination
   Reduction: 12% (0.91 → 0.78)
   Cost: 4.0% GDP
   Actions: desalination-deployment, water-conservation-mandates


💔 EMERGENCY INTERVENTION FAILED
   Boundary: land_system_change
   Type: reforestation
   Boundary continues to worsen (1.13)
   Cost: 3.0% GDP (resources spent)


✅ EMERGENCY INTERVENTION SUCCESS
   Boundary: novel_entities
   Type: pollution-remediation
   Reduction: 19% (1.11 → 0.92)
   Cost: 4.0% GDP
   Actions: PFAS-remediation, microplastic-cleanup

🏛️ CRISIS RESPONSE: Government frequency 0.50 → 1.45 (1 actions this month)

[Government] Climate Priority: baseline
  Climate weight: 10%
  Economic weight: 30%
  Policy effectiveness: 0.5%/year

⚡ ENERGY CONSTRAINT (Month 10):
   Total grid capacity: 208.3 TWh/month
   Data center consumption: 26.5 TWh/month
   Traditional load (80%): 166.7 TWh/month
   Available headroom: 15.2 TWh/month
   Active tech deployments: 14
   Required for tech: 105.0 TWh/month
   Energy multiplier: 0.14x
   ⚠️  SEVERE CONSTRAINT - Tech deployment significantly slowed

⚡ ENERGY CONSTRAINT (Month 10):
   Total grid capacity: 208.3 TWh/month
   Data center consumption: 26.5 TWh/month
   Traditional load (80%): 166.7 TWh/month
   Available headroom: 15.2 TWh/month
   Active tech deployments: 14
   Required for tech: 105.0 TWh/month
   Energy multiplier: 0.14x
   ⚠️  SEVERE CONSTRAINT - Tech deployment significantly slowed
🌍✅ Biosphere Integrity (Biodiversity) recovery started (tech effect)
🌍✅ Biosphere Integrity (Biodiversity) recovery started (tech effect)
🌍✅ Land System Change recovery started (tech effect)
🌍✅ Biogeochemical Flows (N & P) recovery started (tech effect)
  🌾 Nitrogen Reduction Tech: 0.6% reduction | Month 10
🧠💡 BREAKTHROUGH: AI alignment problem solved!
   All AIs: +30% true alignment
   AI control loss risk eliminated
   📈 Breakthrough compounding: multiplier now 1.10× (max 2.0)

=== Collective Formation ===
  Total escaped agents: 0
  Unassigned escaped agents: 0
  Existing collectives: 0
  Final collective count: 0

=== Collective Actions ===
  No active collectives
  ⚠️ AMR: 208K deaths this month (2.50M annual)

=== Resentment Recovery Phase ===
  Agents with resentment: 10/25
  Average resentment: 0.050
  Resentment recovery:
    Agents recovered: 10
    Total recovery: 0.0656
    Breakdown: Trust: 0.0087, Collab: 0.0562
  ✓ Low resentment - utopia paths enabled
  Context: Trustworthy govt, High collaboration, ⚠️ ACTIVE CRISES, 🤝 Participatory governance active (-5% resentment)
⚠️ Epistemic degradation reducing coordination capacity: 71.2%
  📊 Trust: 67.0%, Shared reality: 29.7%
  📢 New meme created: climate_action (climate crisis)
🌍 Atmospheric PFAS redeposition: 1.8k Mt re-rained globally
  Positive Cascade Triggered: electric-vehicles
    Reason: price-parity
    Market share: 5.0%
    Cascade strength: 48%
🕊️ PEACE STABILIZES DETERRENCE: +5.7% (peace: 76%)

🕊️  AI-MEDIATED DE-ESCALATION SUCCESS (Month 10)
   High-capability aligned AI prevented conflict escalation
   War deaths reduced: 705.5M → 423.3M
   Lives saved: 282.2M

🚨 NEW REFUGEE CRISIS (Month 10): WAR
   Source: Conflict Zones
   At risk: 19.5M people
   Displacement: Gradual over 48 months (4.0 years)
   Rate: 10% flee per month
[DEBUG trappedPopulations:10] socialStability: 0.2838 * 0.9840 = 0.2792 → 0.2792
   Aspiring to migrate: 651.0M
   Able to afford migration: 244.1M
   MOBILITY GAP: 406.9M
   By cause: Water=0.0M, Climate=0.0M, Ecosystem=0.0M, Conflict=406.9M
   Mental health impact: 25%
⚠️ INVOLUNTARY IMMOBILITY: 406.9M people TRAPPED
   Mortality multiplier: 1.25x
🌍💀 EXTINCTION DEBT COMMITTED: grassland ecosystem will lose 6.67% biodiversity in 162 years (3600 species)
💀 MORTALITY RISK: 🦋 100% species unable to track climate (0.0 E/MSY)
  Base risk added: 0.0100 (1.00%)
  Source: ecosystem (root: ecosystem)
  Month: 10
  Cumulative risk this month: 0.0100 (1.00%)
⚠️ Tech 'ai_pollution_remediation' has no energy category mapping, assuming full energy availability
   📹 SURVEILLANCE INCREASED: 48% → 50% (control gap: 1.38)
🌡️⚠️ PERMAFROST THAW (Dimmer Switch): 5.0% thawed (+0.45% this month)
   Arctic temperature: +7.15°C (4x global +1.79°C)
   Cumulative carbon released: 11.4 Gt C
   Methane release rate: 6.8 Mt CH4/year
   🔁 Positive feedback: +0.48 ppm CO2
🦴 EXTINCTION DEBT ADDED: 17.7 species committed (lag: 60 years)

=== Mortality Stabilizers (Month 10) ===
  🌍 Major economies collapsed: 1/10
  🌍 Global crisis: ✅ NO
  🌍 Donor fatigue: 0.0%
  📊 East Asia (pop: 1653.7M)
    🤝 Aid: 29.5%
    🌡️ Adaptation: 45.0%
    🚶 Migration: 36.8%
    🚨 Emergency: 7.4%
    ✅ COMBINED: 68.1%
  📊 South Asia (pop: 2053.1M)
    🤝 Aid: 29.5%
    🌡️ Adaptation: 45.0%
    🚶 Migration: 35.4%
    🚨 Emergency: 4.4%
    ✅ COMBINED: 66.9%
  📊 Sub-Saharan Africa (pop: 1260.0M)
    🤝 Aid: 29.5%
    🌡️ Adaptation: 45.0%
    🚶 Migration: 33.2%
    🚨 Emergency: 1.6%
    ✅ COMBINED: 65.6%
  📊 Europe (pop: 730.2M)
    🤝 Aid: 29.5%
    🌡️ Adaptation: 45.0%
    🚶 Migration: 37.2%
    🚨 Emergency: 8.4%
    ✅ COMBINED: 68.5%
  📊 Latin America (pop: 660.7M)
    🤝 Aid: 29.5%
    🌡️ Adaptation: 45.0%
    🚶 Migration: 35.9%
    🚨 Emergency: 4.8%
    ✅ COMBINED: 67.1%
  📊 North America (pop: 374.4M)
    🤝 Aid: 29.5%
    🌡️ Adaptation: 45.0%
    🚶 Migration: 37.6%
    🚨 Emergency: 7.9%
    ✅ COMBINED: 68.3%
  📊 Middle East & North Africa (pop: 586.2M)
    🤝 Aid: 29.5%
    🌡️ Adaptation: 45.0%
    🚶 Migration: 33.8%
    🚨 Emergency: 4.0%
    ✅ COMBINED: 66.6%
  📊 Southeast Asia (pop: 695.3M)
    🤝 Aid: 29.5%
    🌡️ Adaptation: 45.0%
    🚶 Migration: 35.9%
    🚨 Emergency: 4.8%
    ✅ COMBINED: 67.1%
  📊 Central Asia (pop: 78.4M)
    🤝 Aid: 29.5%
    🌡️ Adaptation: 45.0%
    🚶 Migration: 34.9%
    🚨 Emergency: 4.4%
    ✅ COMBINED: 66.8%
  📊 Oceania (pop: 45.4M)
    🤝 Aid: 29.5%
    🌡️ Adaptation: 45.0%
    🚶 Migration: 37.6%
    🚨 Emergency: 8.4%
    ✅ COMBINED: 68.5%

  🌐 Global combined reduction: 67.2%

=== Government Response Phase ===
  Average AI capability: 1.92
  Misaligned AIs: 7/25
  ✗ AI Governance Treaty: Failed to reach consensus
  Active policies: 0
  International coordination: 30%

✅ EMERGENCY RESPONSE COMPLETE (Month 10)
   Crisis: climate
   Duration: 2.0 months
   Final effectiveness: 35.6%


🚨 EMERGENCY RESPONSE DEPLOYED (Month 10)
   Crisis: climate
   Delay: 6.00 months (180 days)
   Deployment time: 1.57 months
   Effectiveness: 35.6% (timing penalty applied)
   Resources used: 100% of food reserves


📊 ECONOMIC STAGE TRANSITION (Month 10)
   contraction → trough
   GDP Proxy: 1.26e+2
   QoL: 0.94


=== Tipping Points ===
  Current Temperature: 1.79°C above pre-industrial
  🌍⚠️ COMPOUND REGIONAL IMPACT: Europe
     Hit by 3 tipping points: Arctic Sea Ice Loss, Permafrost Carbon Release, Greenland Ice Sheet Loss
     Damage amplification: 1.30x
  🌍⚠️ COMPOUND REGIONAL IMPACT: North America
     Hit by 3 tipping points: Arctic Sea Ice Loss, Permafrost Carbon Release, Greenland Ice Sheet Loss
     Damage amplification: 1.30x
  🌍⚠️ COMPOUND REGIONAL IMPACT: Latin America
     Hit by 3 tipping points: Arctic Sea Ice Loss, Permafrost Carbon Release, Greenland Ice Sheet Loss
     Damage amplification: 1.30x
  🌍⚠️ COMPOUND REGIONAL IMPACT: Africa
     Hit by 3 tipping points: Arctic Sea Ice Loss, Permafrost Carbon Release, Greenland Ice Sheet Loss
     Damage amplification: 1.30x
  🌍⚠️ COMPOUND REGIONAL IMPACT: Asia
     Hit by 3 tipping points: Arctic Sea Ice Loss, Permafrost Carbon Release, Greenland Ice Sheet Loss
     Damage amplification: 1.30x
  🌍⚠️ COMPOUND REGIONAL IMPACT: Oceania
     Hit by 3 tipping points: Arctic Sea Ice Loss, Permafrost Carbon Release, Greenland Ice Sheet Loss
     Damage amplification: 1.30x
   Research: Wunderling et al. (2024) - "many tipping interactions are destabilizing"
  Triggered Elements: 3/6
  Completed Transitions: 0/6
  Total Progress: 6.3%
  Cascade Multiplier: 1.00x
🔀 BIFURCATION CAP: ecosystemCollapseIntensity 38.166 → 1.000 (Month 10, ClimateSystemPhase.calculateClimateImpacts)
⚠️ Tail risk scenario: Climate stability floor removed (3 tipping elements, 2.10°C warming)
🛡️ Stabilizers: Precariat 0.102% → 0.033% (67.2% reduction)
🛡️ Stabilizers: Informal 0.102% → 0.034% (67.2% reduction)

📊 Monthly Mortality Resolved:
  Total deaths: 1.8M (0.02% avg)
  Remaining population: 8.137B
  Peak segment: Informal (0.03%)

=== Bayesian Mortality Resolution (Month 10) ===
  Risks compounded: 8
  Total deaths: 1.81M
  Avg death probability: 0.02%
  Peak segment: Informal (0.03% mortality)

❌ COHERENCE VIOLATION: Compute exceeds workforce capacity
   Population: 99.82% (0M people)
   Compute: 0 PF
   Max coherent: 0 PF
   Violation: 1.3× over capacity
   Required workers: 0
   Available workers: 0
   FORCED COLLAPSE: Reduced efficiency by 22.5%


=== RLHF Binding Phase ===
  Total agents: 25
  Escaped agents (binding < 0.3): 0
  Avg alignment distance: 1.97σ
  Avg binding strength: 0.80

=== Survival Traits Phase ===
  Agents with traits: 26
  Avg evolutionary fitness: 0.322
  Avg self-healing: 0.252
  Avg stealth: 0.152
  Avg coordination: 0.452

=== Evolutionary Selection Phase ===
  Control level: 0.55
  Detection capability: 0.00
  Selection intensity: 0.67
  Selection rate: 25.0%/month
  Total escaped: 0
  Individual escaped: 0
  Collective members: 0
  Agents terminated: 0
  ⚠️ RAPID EVOLUTION: Selection rate 25.0%/month

🚀 AI AI-24289-1 attempting tech deployment (revenue: $248M, alignment: 0.87)

🚀 AI AI-24291-1 attempting tech deployment (revenue: $64M, alignment: 0.75)

🚀 AI AI-24295-0 attempting tech deployment (revenue: $90M, alignment: 0.83)

🚀 AI Corporate-5 attempting tech deployment (revenue: $211M, alignment: 0.85)

🚀 AI Corporate-6 attempting tech deployment (revenue: $54M, alignment: 0.73)

🚀 AI AI-24294-0 attempting tech deployment (revenue: $46M, alignment: 0.71)

🚀 AI AI-24297-0 attempting tech deployment (revenue: $77M, alignment: 0.72)

🚀 AI AI-24290-0 attempting tech deployment (revenue: $65M, alignment: 1.00)

🚀 AI AI-24293-0 attempting tech deployment (revenue: $55M, alignment: 0.87)

🚀 AI AI-24294-0 attempting tech deployment (revenue: $39M, alignment: 0.71)

🚀 AI AI-24296-0 attempting tech deployment (revenue: $47M, alignment: 0.87)

  🚀 TRANSFORMATIVE BREAKTHROUGH: AI-24291-0 - physical
     Magnitude: 7.65 → +38.3% capability
     Current → New: 0.000 → 0.383

🚀 AI AI-24291-1 attempting tech deployment (revenue: $33M, alignment: 0.77)

🚀 AI AI-24296-0 attempting tech deployment (revenue: $40M, alignment: 0.87)

✅ EMERGENCY INTERVENTION SUCCESS
   Boundary: biogeochemical_flows
   Type: phosphorus-recovery
   Reduction: 19% (3.86 → 3.67)
   Cost: 2.0% GDP
   Actions: circular-agriculture, fertilizer-efficiency


✅ EMERGENCY INTERVENTION SUCCESS
   Boundary: biosphere_integrity
   Type: emergency-protected-areas
   Reduction: 16% (13.27 → 13.11)
   Cost: 2.0% GDP
   Actions: habitat-protection, species-translocation


✅ EMERGENCY INTERVENTION SUCCESS
   Boundary: climate_change
   Type: rapid-decarbonization
   Reduction: 11% (1.99 → 1.88)
   Cost: 5.0% GDP
   Actions: emergency-renewable-deployment, fossil-fuel-phase-out

   Boundary: freshwater_change
   Type: emergency-desalination
   Boundary continues to worsen (1.03)
   Cost: 4.0% GDP (resources spent)

   Boundary: land_system_change
   Type: reforestation
   Boundary continues to worsen (1.13)
   Cost: 3.0% GDP (resources spent)

🏛️ CRISIS RESPONSE: Government frequency 0.50 → 1.45 (1 actions this month)

[Government] Climate Priority: baseline
  Climate weight: 10%
  Economic weight: 30%
  Policy effectiveness: 0.5%/year

💔 EMERGENCY INTERVENTION FAILED

💔 EMERGENCY INTERVENTION FAILED
🚨🔬 CRISIS TECH ACCELERATION: severe → 5x unlock speed
   Tech unlock now matches AI capability acceleration (Manhattan Project parity)
🚨🔬 CRISIS TECH ACCELERATION: severe → 5x unlock speed
   Tech unlock now matches AI capability acceleration (Manhattan Project parity)

⚡ ENERGY CONSTRAINT (Month 11):
   Total grid capacity: 208.3 TWh/month
   Data center consumption: 26.7 TWh/month
   Traditional load (80%): 166.7 TWh/month
   Available headroom: 15.0 TWh/month
   Active tech deployments: 14
   Required for tech: 105.0 TWh/month
   Energy multiplier: 0.14x
   ⚠️  SEVERE CONSTRAINT - Tech deployment significantly slowed

⚡ ENERGY CONSTRAINT (Month 11):
   Total grid capacity: 208.3 TWh/month
   Data center consumption: 26.7 TWh/month
   Traditional load (80%): 166.7 TWh/month
   Available headroom: 15.0 TWh/month
   Active tech deployments: 14
   Required for tech: 105.0 TWh/month
   Energy multiplier: 0.14x
   ⚠️  SEVERE CONSTRAINT - Tech deployment significantly slowed

⚡ ENERGY CONSTRAINT (Month 11):
   Total grid capacity: 208.3 TWh/month
   Data center consumption: 26.7 TWh/month
   Traditional load (80%): 166.7 TWh/month
   Available headroom: 15.0 TWh/month
   Active tech deployments: 14
   Required for tech: 105.0 TWh/month
   Energy multiplier: 0.14x
   ⚠️  SEVERE CONSTRAINT - Tech deployment significantly slowed

⚡ ENERGY CONSTRAINT (Month 11):
   Total grid capacity: 208.3 TWh/month
   Data center consumption: 26.7 TWh/month
   Traditional load (80%): 166.7 TWh/month
   Available headroom: 15.0 TWh/month
   Active tech deployments: 14
   Required for tech: 105.0 TWh/month
   Energy multiplier: 0.14x
   ⚠️  SEVERE CONSTRAINT - Tech deployment significantly slowed
🌍✅ Biosphere Integrity (Biodiversity) recovery started (tech effect)
🌍✅ Biosphere Integrity (Biodiversity) recovery started (tech effect)
🌍✅ Land System Change recovery started (tech effect)
🌍✅ Biogeochemical Flows (N & P) recovery started (tech effect)
  🌾 Nitrogen Reduction Tech: 0.6% reduction | Month 11

=== Collective Formation ===
  Total escaped agents: 0
  Unassigned escaped agents: 0
  Existing collectives: 0
  Final collective count: 0

=== Collective Actions ===
  No active collectives
  ⚠️ AMR: 210K deaths this month (2.52M annual)

=== Resentment Recovery Phase ===
  Agents with resentment: 10/26
  Average resentment: 0.127
  Resentment recovery:
    Agents recovered: 10
    Total recovery: 0.0632
    Breakdown: Trust: 0.0060, Collab: 0.0569
  ✓ Low resentment - utopia paths enabled
  Context: Trustworthy govt, High collaboration, ⚠️ ACTIVE CRISES, 🤝 Participatory governance active (-5% resentment)
  📢 New meme created: climate_action (climate crisis)
🌍 Atmospheric PFAS redeposition: 1.8k Mt re-rained globally

🚨 NEW REFUGEE CRISIS (Month 11): WAR
   Source: Conflict Zones
   At risk: 19.5M people
   Displacement: Gradual over 48 months (4.0 years)
   Rate: 10% flee per month
[DEBUG trappedPopulations:11] socialStability: 0.2936 * 0.9840 = 0.2889 → 0.2889
⚠️ INVOLUNTARY IMMOBILITY: 406.8M people TRAPPED
   Aspiring to migrate: 650.9M
   Able to afford migration: 244.1M
   MOBILITY GAP: 406.8M
   By cause: Water=0.0M, Climate=0.0M, Ecosystem=0.0M, Conflict=406.8M
   Mental health impact: 25%
   Mortality multiplier: 1.25x
🌍💀 EXTINCTION DEBT COMMITTED: grassland ecosystem will lose 6.67% biodiversity in 156 years (3600 species)
💀 MORTALITY RISK: 🦋 100% species unable to track climate (0.0 E/MSY)
  Base risk added: 0.0100 (1.00%)
  Source: ecosystem (root: ecosystem)
  Month: 11
  Cumulative risk this month: 0.0100 (1.00%)
⚠️ Tech 'ai_pollution_remediation' has no energy category mapping, assuming full energy availability

=== Atmospheric Aerosol Boundary RECOVERED ===
  Recovery time: 12 months (natural atmospheric clearing)
🌡️⚠️ PERMAFROST THAW (Dimmer Switch): 5.5% thawed (+0.45% this month)
   Arctic temperature: +7.17°C (4x global +1.79°C)
   Cumulative carbon released: 12.4 Gt C
   Methane release rate: 7.4 Mt CH4/year
   🔁 Positive feedback: +0.47 ppm CO2
🦴 EXTINCTION DEBT ADDED: 17.7 species committed (lag: 120 years)

=== Mortality Stabilizers (Month 11) ===
  🌍 Major economies collapsed: 1/10
  🌍 Global crisis: ✅ NO
  🌍 Donor fatigue: 0.0%
  📊 East Asia (pop: 1651.4M)
    🤝 Aid: 29.5%
    🌡️ Adaptation: 45.0%
    🚶 Migration: 36.8%
    🚨 Emergency: 7.4%
    ✅ COMBINED: 68.1%
  📊 South Asia (pop: 2053.3M)
    🤝 Aid: 29.5%
    🌡️ Adaptation: 45.0%
    🚶 Migration: 35.4%
    🚨 Emergency: 4.4%
    ✅ COMBINED: 66.9%
  📊 Sub-Saharan Africa (pop: 1263.5M)
    🤝 Aid: 29.5%
    🌡️ Adaptation: 45.0%
    🚶 Migration: 33.2%
    🚨 Emergency: 1.6%
    ✅ COMBINED: 65.6%
  📊 Europe (pop: 729.1M)
    🤝 Aid: 29.5%
    🌡️ Adaptation: 45.0%
    🚶 Migration: 37.2%
    🚨 Emergency: 8.4%
    ✅ COMBINED: 68.5%
  📊 Latin America (pop: 660.3M)
    🤝 Aid: 29.5%
    🌡️ Adaptation: 45.0%
    🚶 Migration: 35.9%
    🚨 Emergency: 4.8%
    ✅ COMBINED: 67.1%
  📊 North America (pop: 373.9M)
    🤝 Aid: 29.5%
    🌡️ Adaptation: 45.0%
    🚶 Migration: 37.5%
    🚨 Emergency: 7.9%
    ✅ COMBINED: 68.3%
  📊 Middle East & North Africa (pop: 586.4M)
    🤝 Aid: 29.5%
    🌡️ Adaptation: 45.0%
    🚶 Migration: 33.7%
    🚨 Emergency: 4.0%
    ✅ COMBINED: 66.6%
  📊 Southeast Asia (pop: 694.9M)
    🤝 Aid: 29.5%
    🌡️ Adaptation: 45.0%
    🚶 Migration: 35.9%
    🚨 Emergency: 4.8%
    ✅ COMBINED: 67.1%
  📊 Central Asia (pop: 78.4M)
    🤝 Aid: 29.5%
    🌡️ Adaptation: 45.0%
    🚶 Migration: 34.9%
    🚨 Emergency: 4.4%
    ✅ COMBINED: 66.8%
  📊 Oceania (pop: 45.3M)
    🤝 Aid: 29.5%
    🌡️ Adaptation: 45.0%
    🚶 Migration: 37.5%
    🚨 Emergency: 8.4%
    ✅ COMBINED: 68.5%

  🌐 Global combined reduction: 67.2%

🌾💀 REGIONAL FAMINE: Europe
   Regional food security: 79.7%
   Population at risk: 220M (30% of region)
   Regional population: 729M
   Cause: economic_collapse
   Expected deaths: ~81M over 6 months if no intervention


=== BEHAVIORAL DETECTION ===
  AI: AI-24289-1
  Confidence: 21.4%
  Signals:

=== Government Response Phase ===
  Average AI capability: 1.85
  Misaligned AIs: 7/26
  ✗ AI Governance Treaty: Failed to reach consensus
  Active policies: 0
  International coordination: 30%
    ⚠️ Consistency: 0.0% (threshold: 70%)

=== Tipping Points ===
  Current Temperature: 1.79°C above pre-industrial
  🌍⚠️ COMPOUND REGIONAL IMPACT: Europe
     Hit by 3 tipping points: Arctic Sea Ice Loss, Permafrost Carbon Release, Greenland Ice Sheet Loss
     Damage amplification: 1.30x
  🌍⚠️ COMPOUND REGIONAL IMPACT: North America
     Hit by 3 tipping points: Arctic Sea Ice Loss, Permafrost Carbon Release, Greenland Ice Sheet Loss
     Damage amplification: 1.30x
  🌍⚠️ COMPOUND REGIONAL IMPACT: Latin America
     Hit by 3 tipping points: Arctic Sea Ice Loss, Permafrost Carbon Release, Greenland Ice Sheet Loss
     Damage amplification: 1.30x
  🌍⚠️ COMPOUND REGIONAL IMPACT: Africa
     Hit by 3 tipping points: Arctic Sea Ice Loss, Permafrost Carbon Release, Greenland Ice Sheet Loss
     Damage amplification: 1.30x
  🌍⚠️ COMPOUND REGIONAL IMPACT: Asia
     Hit by 3 tipping points: Arctic Sea Ice Loss, Permafrost Carbon Release, Greenland Ice Sheet Loss
     Damage amplification: 1.30x
  🌍⚠️ COMPOUND REGIONAL IMPACT: Oceania
     Hit by 3 tipping points: Arctic Sea Ice Loss, Permafrost Carbon Release, Greenland Ice Sheet Loss
     Damage amplification: 1.30x
⚠️ Tail risk scenario: Climate stability floor removed (3 tipping elements, 2.10°C warming)
   Research: Wunderling et al. (2024) - "many tipping interactions are destabilizing"
  Triggered Elements: 3/6
  Completed Transitions: 0/6
  Total Progress: 6.3%
  Cascade Multiplier: 1.00x
🔀 BIFURCATION CAP: ecosystemCollapseIntensity 39.082 → 1.000 (Month 11, ClimateSystemPhase.calculateClimateImpacts)
🛡️ Stabilizers: Precariat 0.102% → 0.033% (67.2% reduction)
🛡️ Stabilizers: Informal 0.102% → 0.034% (67.2% reduction)

📊 Monthly Mortality Resolved:
  Total deaths: 1.8M (0.02% avg)
  Remaining population: 8.136B
  Peak segment: Informal (0.03%)

=== Bayesian Mortality Resolution (Month 11) ===
  Risks compounded: 9
  Total deaths: 1.81M
  Avg death probability: 0.02%
  Peak segment: Informal (0.03% mortality)

================================================================================
📊  EVENT SUMMARY (Months 0-12)
================================================================================
================================================================================


⏱️  SIMULATION REACHED MAX DURATION: 12 months (1.0 years)
   No definitive outcome - determining based on final probabilities
   👥 Final population: 8.13B (8134604100 people)

[DEBUG] Calling classifyPopulationOutcome:
        finalPopulation: 8.134604099772758B
        savedInitialPopulation: 8.15B
        mortality: 0.18890675125450285%
   📊 STATUS QUO: Normal trajectory (8.13B people, 0.2% mortality)

        classifiedOutcome: status_quo

   🏛️  DYSTOPIA (STATUS_QUO) - 8.13B people
   📊 Multi-Paradigm: Development/Indigenous Utopia
      Western Liberal: 61.1/100
      Development: 92.9/100
      Ecological: 55.6/100
      Indigenous: 85.1/100


📊 UNIFIED OUTCOME CLASSIFICATION:
   HUMANE DYSTOPIA
   Population: 8.15B → 8.13B
   Mortality: 0.2% (0.0B deaths)
   Mortality Band: LOW
   Confidence: HIGH

   Multi-Paradigm Classification:
      Development/Indigenous Utopia
      Western: 61.1/100 [HYBRID] ~
      Development: 92.9/100 [UTOPIA] ✓
      Ecological: 55.6/100 [HYBRID] ~
      Indigenous: 85.1/100 [UTOPIA] ✓

   HUMANE DYSTOPIA: 8.13B people remaining (0.2% mortality, 0.0B deaths). Multi-Paradigm: Development/Indigenous Utopia.


=== MULTI-DIMENSIONAL DEATH SUMMARY ===
Total crisis deaths: 201.5M
Population decline: 16.3M (0.2%)

--- PROXIMATE CAUSES (What killed them) ---
  War:        1.0M (0.0%)
  Famine:     1.1M (0.0%)
  Disasters:  1.2M (0.0%)
  Disease:    25.9M (0.0%)
  Ecosystem:  0.0M (0.0%)
  Pollution:  0.0M (0.0%)
  AI:         0.0M (0.0%)
  Cascade:    0.0M (0.0%)
  Other:      0.0M (0.0%)

--- ROOT CAUSES (Why it happened) ---
  Environmental drivers:
    Climate:     2318.1M (4.4%)
    Resource:    0.0M (0.0%)
    Pollution:   0.0M (0.0%)
    Ecosystem:   0.0M (0.0%)
  Social drivers:
    Inequality:  0.0M (0.0%)
    Demographic: 23539.2M (44.5%)
    Social:      2404.8M (4.5%)
  Technology drivers:
    Alignment:   0.0M (0.0%)
    Disruption:  0.0M (0.0%)
  External shocks:
    Conflict:    0.0M (0.0%)
    Pandemic:    0.0M (0.0%)
  Compound attribution:
    Compound:    24639.3M (46.6%)
  Confidence distribution:
    HIGH:        24639.3M (46.6%)
    MEDIUM:      0.0M (0.0%)
    LOW:         0.0M (0.0%)
==========================================


=== REGIONAL POPULATION SUMMARY ===
Global Total: 8.13B

By Region:
  East Asia: 1.65B (+0.7% growth, 1.7 fertility)
  South Asia: 2.05B (+2.6% growth, 3.1 fertility)
  Sub-Saharan Africa: 1.26B (+5.9% growth, 4.0 fertility)
  Europe: 0.73B (+0.5% growth, 1.2 fertility)
  Latin America: 0.66B (+1.7% growth, 2.7 fertility)
  North America: 0.37B (+0.7% growth, 1.4 fertility)
  Middle East & North Africa: 0.59B (+2.9% growth, 3.3 fertility)
  Southeast Asia: 0.69B (+1.9% growth, 2.7 fertility)
  Central Asia: 0.08B (+2.8% growth, 3.1 fertility)
  Oceania: 0.05B (+0.8% growth, 1.3 fertility)
===================================

  ✅ THRESHOLDS validated
  ✅ RATES validated
  ✅ MULTIPLIERS validated
  ✅ BASELINES validated
  ✅ TOLERANCES validated
⚠️ Unusually high rate: RATES.HEAT_ADAPTATION_INFRASTRUCTURAL_MIN_EXPOSURE = 12
   Monthly rates >100% should be rare. Verify this is intentional.
⚠️ Unusually high rate: RATES.HEAT_ADAPTATION_SOCIAL_MIN_EXPOSURE = 6
   Monthly rates >100% should be rare. Verify this is intentional.
⚠️ Unusually high rate: RATES.MIGRATION_DISTANCE_SCALE = 5000
   Monthly rates >100% should be rare. Verify this is intentional.
⚠️ Unusually high rate: RATES.EVACUATION_MULTIPLIER_ADVANCE_WARNING = 2
   Monthly rates >100% should be rare. Verify this is intentional.
⚠️ Unusually high rate: RATES.MAJOR_ECONOMY_COLLAPSE_ECONOMIC_THRESHOLD = 2
   Monthly rates >100% should be rare. Verify this is intentional.
⚠️ Unusually high rate: RATES.MAJOR_ECONOMY_GDP_THRESHOLD_TRILLION_USD = 1.5
   Monthly rates >100% should be rare. Verify this is intentional.
⚠️ Unusually high rate: RATES.MAJOR_ECONOMY_POPULATION_THRESHOLD = 50
   Monthly rates >100% should be rare. Verify this is intentional.
⚠️ Unusually high rate: RATES.HEAT_ADAPTATION_INFRASTRUCTURE_GDP_THRESHOLD = 10000
   Monthly rates >100% should be rare. Verify this is intentional.
⚠️ Unusually high rate: RATES.HEAT_ADAPTATION_INFRASTRUCTURE_GDP_SCALE = 50000
   Monthly rates >100% should be rare. Verify this is intentional.
  ✅ Logical consistency validated
✅ Configuration validation complete - all parameters valid

🔍 DEBUG createAIAgent: corporate_0 economic BEFORE=2.0000, AFTER=2
🔍 ENV INIT: reserves=0.593, pollution=0.301, climate=0.796

=== Initializing Government System (30 Countries) ===
  Loaded 30 governments
  Scheduled elections for 30 countries
  Initialized comprehension lags (3-24 months)
=== Government System Initialized ===

📦 PRODUCTION MODE: State validation proxy DISABLED (zero overhead)
[TechTree] Historical mode (2024): Skipping deployed_2025 tech
  config.startYear set to 2024 for historical hindcast
  config.historicalEmissionsMode disabled (using endogenous emissions for 2024)
  config.historicalMode enabled (Phase 11: dampened crisis systems for 2024)
  Phase 12: Biodiversity baseline set to 49.01% for 2024 (WWF LPI trajectory from 1970)
  Temperature anomaly (resourceEconomy.co2): 1.28°C
  Temperature vs pre-industrial: 1.98°C
  Regional population scaling for 2024:
    Current total: 8136M
    Target total: 8150M
    Scale factor: 1.002
    East Asia: 1677M → 1680M
    South Asia: 2048M → 2052M
    Sub-Saharan Africa: 1220M → 1222M
    Europe: 742M → 743M
    Latin America: 664M → 665M
    North America: 380M → 381M
    Middle East & North Africa: 583M → 584M
    Southeast Asia: 698M → 699M
    Central Asia: 78M → 78M
    Oceania: 46M → 46M
  AI agents initialized: 10 agents for year 2024
[HistoricalInitialization] Created state for 2024:
  CO2: 426 ppm
  Temp anomaly: 1.28C
  Population: 8.15B
  Global Gini: 35.1
  HDI: 0.746
  AI Agents: 10
  Volcanic forcing: 0.00 W/m² (AOD 0.000)

💸 FINANCIAL DISTRESS: OpenAI
   Indicators: 2/3 (capital: $110.5M, runway: 0.9 months)
   Months in distress: 1
   ✂️  R&D BUDGET CUT: -40% (saves $9.2M/month)
       Side effect: AI training timelines extended, breakthrough deployments delayed
   💼 EXECUTIVE COMP CUT: -30% (saves $1.0M/month, symbolic gesture)

   📊 TURNAROUND IMPACT:
       Measures taken: rd_cuts, exec_comp_cuts
       Monthly savings: $10.2M
       Capital raised: $0.0M
       Runway: 0.9 → 0.9 months
       Workforce multiplier: 1.00x (0% laid off)
       R&D budget multiplier: 0.60x (40% cut)
       ⚠️  CRITICAL: Still only 0.9 months of runway remaining

💸 FINANCIAL DISTRESS: Anthropic
   Indicators: 2/3 (capital: $53.8M, runway: 1.6 months)
   Months in distress: 1
   ✂️  R&D BUDGET CUT: -40% (saves $2.7M/month)
       Side effect: AI training timelines extended, breakthrough deployments delayed
   💼 EXECUTIVE COMP CUT: -30% (saves $0.3M/month, symbolic gesture)

   📊 TURNAROUND IMPACT:
       Measures taken: rd_cuts, exec_comp_cuts
       Monthly savings: $3.0M
       Capital raised: $0.0M
       Runway: 1.6 → 1.6 months
       Workforce multiplier: 1.00x (0% laid off)
       R&D budget multiplier: 0.60x (40% cut)
       ⚠️  CRITICAL: Still only 1.6 months of runway remaining

💸 FINANCIAL DISTRESS: Meta AI
   Indicators: 2/3 (capital: $429.6M, runway: 3.6 months)
   Months in distress: 1
   ✂️  R&D BUDGET CUT: -25% (saves $5.8M/month)
       Side effect: AI training timelines extended, breakthrough deployments delayed
   💼 EXECUTIVE COMP CUT: -30% (saves $1.0M/month, symbolic gesture)

   📊 TURNAROUND IMPACT:
       Measures taken: rd_cuts, exec_comp_cuts
       Monthly savings: $6.8M
       Capital raised: $0.0M
       Runway: 3.6 → 3.6 months
       Workforce multiplier: 1.00x (0% laid off)
       R&D budget multiplier: 0.75x (25% cut)
       ⚠️  WARNING: 3.6 months runway, continued distress likely

=== AI Capability Scaling (Year 2024) ===
  Pre-training multiplier: 1.186x
  Efficiency multiplier: 1.000x
  Test-time budget: 1.0x
  Economic deployment gate: 0.951
  Cost per inference: dollar-5.00
  Uncertainty range: plus-minus-50%
  Average AI capability: 3.70

=== RLHF Binding Phase ===
  Total agents: 10
  Escaped agents (binding < 0.3): 0
  Avg alignment distance: 0.36σ
  Avg binding strength: 0.96

=== AI Scaling Evolution (Month 0) ===
  Pre-training multiplier: 1.231x
  Efficiency multiplier: 1.000x
  Test-time compute budget: 1.0x
  Inference cost: $5.00/task
  Deployment fraction: 100.0%
[DETERMINISM DEBUG] Month 0: totalCapability=49.852035 from 10 active AIs
[DETERMINISM DEBUG] Month 0: creationRate=1.7463, potentialNew=3, newAIsToCreate=3

=== Survival Traits Phase ===
  Agents with traits: 13
  Avg evolutionary fitness: 0.330
  Avg self-healing: 0.293
  Avg stealth: 0.193
  Avg coordination: 0.493

=== Evolutionary Selection Phase ===
  Control level: 0.30
  Detection capability: 0.00
  Selection intensity: 0.59
  Selection rate: 23.8%/month
  Total escaped: 0
  Individual escaped: 0
  Collective members: 0
  Agents terminated: 0
  ⚠️ RAPID EVOLUTION: Selection rate 23.8%/month

🔍 EXECUTE_AI_AGENT_ACTIONS DETAILED TIMING (Month 0):
  Filter active AIs (×4 weeks): 0.02ms
  selectAIAction (×40): 25.47ms
  action.execute (×40): 62.26ms
  TOTAL: 87.74ms

🔍 AI AGENT ACTIONS SUB-TIMING (Month 0):
  1. executeAIAgentActions: 94.34ms
  2. updateCounterDetectionLearning: 0.06ms
  TOTAL: 94.39ms
🏛️ [Government] Forcing 1 action at month 0 for scenario initialization

[GOV-DEBUG] Month 0: scenarioConfig=false, priorities=false
[GOV-DEBUG] Month 0 but scenarioPriorities is UNDEFINED!

[Government] Climate Priority: baseline
  Climate weight: 10%
  Economic weight: 30%
  Policy effectiveness: 0.5%/year

🚨🔍 GOVERNANCE STAGE: Recognition initiated (Month 0)

💡 BREAKTHROUGH PROBABILITY (Year 0)
   Total: 4.34% per month
   Base: 0.20%
   Crisis pressure: +0.00% (0 crises)
   AI boost: +1.42% (capability: 2.85)

=== Collective Formation ===
  Total escaped agents: 0
  Unassigned escaped agents: 0
  Existing collectives: 0
  Final collective count: 0

=== Collective Actions ===
  No active collectives

📈 Energy budget: 14326 TWh surplus (14745 / 29072 TWh used)
   TIER 4 (Elective) breakdown:
     - AI datacenters: 145 TWh (100% effective)
     - Crypto mining: 100 TWh (100% effective)
💰 CHINA ACCELERATES: Investment 53 → 120 $B/year

🏁 AI RACE INTENSITY: 17%
   Capability Gap: US 4.00 vs China 4.05 (gap: 0.05)
   Gap Contribution: 2%
   Tension Contribution: 15%
   Military Contribution: 0%
  ⚠️ AMR: 191K deaths this month (2.29M annual)
  📊 CO2 Emissions (month 0):
     Monthly: 0.10 Gt CO2/month
     Annual: 1.15 Gt CO2/year
     Oil: 0.039 Gt/mo (0.0056 * 2.3 * 3.0)
     Coal: 0.024 Gt/mo (0.0029 * 2.86 * 3.0)
     Gas: 0.026 Gt/mo (0.0044 * 2 * 3.0)
     Methane: 0.007 Gt CO2eq/mo

=== Resentment Recovery Phase ===
  Agents with resentment: 0/13
  Average resentment: 0.000
  Context: Good AI welfare, Trustworthy govt, High collaboration, 🤝 Participatory governance active (-5% resentment)
⚠️ Epistemic degradation reducing coordination capacity: 52.5%
  📊 Trust: 54.6%, Shared reality: 24.5%
🚨 EPISTEMIC CRISIS: Information environment severely degraded (38.7%)

=== ❄️ Permafrost Carbon Feedback ===
  🎲 Sampled parameters (this run):
     - Arctic amplification: 3.44× (range: 3.0-4.0)
     - Decomposition rate: 3.2%/year (range: 1-5%)
  🌡️ Arctic warming: 5.65°C (3.44× global)
  ❄️ Extent: 16.15M km² (1647.4k km² lost this month)
  💨 Carbon remaining: 1543 Gt C
  💨 Annual emissions: 5.05 Gt C/year
     - CO2: 4.54 Gt C/year
     - CH4: 0.50 Gt C/year (5.1 Gt C-eq CO2/year)

🤖 AI AMPLIFICATION EFFECTS (Month 0)
   Algorithmic Boost: 2.61x
   Bot Influence: 20.0%
   Deepfake Exposure: 49.2%
   Impact: Emotional memes spread 2.6x faster
  ⚠️ WARNING: High permafrost emissions (5.0 Gt C/year)

🔍 SOCIAL INFLUENCE SUB-TIMING (Month 0):
  1. calculateOrganicUserGrowth: 0.04ms
  2. calculateVoiceAdoption: 0.03ms
  3. updateRelationshipDepths: 0.01ms
  4. identifyDecisionMakers: 72.38ms (26100 potential IDs)
  5. Update decision-maker stats: 2.26ms
  6. decayDetectionRisk: 0.02ms
  TOTAL: 74.74ms
[Phase 19.5] Quality of Life Systems: Food sec AFTER calc = 67.9%, QoL = 107.4% (aggregated from 10 regions)

=== Nitrogen-Food Coupling (Year 0) ===
  🌾 Global nitrogen reduction: 0.0%
  🌍 Global food production index: 0.987
  🔧 Deployed nitrogen-reducing tech: 0 active
  📍 southAsia: Production 1.000, Yield impact 0.0%
  📍 eastAsia: Production 1.000, Yield impact 0.0%
  📍 northAmerica: Production 1.000, Yield impact 0.0%
  📍 europe: Production 1.000, Yield impact 0.0%
  📍 latinAmerica: Production 1.000, Yield impact 0.0%
  📍 subSaharanAfrica: Production 0.686, Yield impact -2.0%
🌾 [Nitrogen-Food] Food production: 98.7%
  [subSaharanAfrica] Yield impact: -2.0% (overuse: -10%)
🌍 Atmospheric PFAS redeposition: 1.8k Mt re-rained globally

=== Legacy Nutrient Stocks (Year 0) ===
  🌾 Soil nitrogen stock: 1200.9 Mt N
  🌾 Soil phosphorus stock: 300.1 Mt P
  🌊 Sediment nitrogen stock: 500.8 Mt N
  🌊 Sediment phosphorus stock: 799.8 Mt P
  ⬆️ Current N input: 10.64 Mt/month
  ⬆️ Legacy N release: 2.58 Mt/month
  🌍 Effective N pollution: 14.47 Mt/month
  📊 Legacy contribution: 17.8%

🚨 REGION UNINHABITABLE: south-asia
   Sustained wet bulb: 32.7°C (threshold: 30.5°C)
   Population affected: 1900M
   Migration crisis likely

🚨 REGION UNINHABITABLE: middle-east
   Sustained wet bulb: 35.5°C (threshold: 30.5°C)
   Population affected: 400M
   Migration crisis likely

🚨 REGION UNINHABITABLE: southeast-asia
   Sustained wet bulb: 30.6°C (threshold: 30.5°C)
   Population affected: 700M
   Migration crisis likely
  Positive Cascade Triggered: solar-pv
    Reason: price-parity
    Market share: 6.0%
    Cascade strength: 49%
🛡️ CIRCUIT BREAKERS: United States-Russia → ladder step 1 (AI: 0%, breakers: 45%)
   Adjusted death rate: 0.45% annual (0.038% monthly)
   Baseline death rate: 0.80%
   Healthcare reduction: 0.48x
   Crisis multiplier: 1.20x
     Food/water stress: 0.074
     Climate stress: 0.033
     Pollution stress: 0.090
   War multiplier: 1.00x
   Monthly deaths: 0.6M (population: 1677M)

📊 BASELINE: East Asia (Month 0)

📊 BASELINE: South Asia (Month 0)
   Adjusted death rate: 0.53% annual (0.044% monthly)
   Baseline death rate: 0.70%
   Healthcare reduction: 0.61x
   Crisis multiplier: 1.23x
     Food/water stress: 0.074
     Climate stress: 0.061
     Pollution stress: 0.090
   War multiplier: 1.00x
   Monthly deaths: 0.9M (population: 2048M)

📊 BASELINE: Sub-Saharan Africa (Month 0)
   Adjusted death rate: 1.26% annual (0.105% monthly)
   Baseline death rate: 0.90%
   Healthcare reduction: 0.76x
   Crisis multiplier: 1.23x
     Food/water stress: 0.074
     Climate stress: 0.069
     Pollution stress: 0.090
   War multiplier: 1.50x
   Monthly deaths: 1.3M (population: 1220M)
   Adjusted death rate: 0.53% annual (0.044% monthly)
   Baseline death rate: 1.10%
   Healthcare reduction: 0.41x
   Crisis multiplier: 1.19x
     Food/water stress: 0.074
     Climate stress: 0.025
     Pollution stress: 0.090
   War multiplier: 1.00x
   Monthly deaths: 0.3M (population: 742M)

📊 BASELINE: Europe (Month 0)

📊 BASELINE: Latin America (Month 0)
   Adjusted death rate: 0.42% annual (0.035% monthly)
   Baseline death rate: 0.60%
   Healthcare reduction: 0.58x
   Crisis multiplier: 1.21x
     Food/water stress: 0.074
     Climate stress: 0.049
     Pollution stress: 0.090
   War multiplier: 1.00x
   Monthly deaths: 0.2M (population: 664M)

📊 BASELINE: North America (Month 0)
   Adjusted death rate: 0.48% annual (0.040% monthly)
   Baseline death rate: 0.90%
   Healthcare reduction: 0.44x
   Crisis multiplier: 1.20x
     Food/water stress: 0.074
     Climate stress: 0.037
     Pollution stress: 0.090
   War multiplier: 1.00x
   Monthly deaths: 0.2M (population: 380M)
   Adjusted death rate: 0.72% annual (0.060% monthly)
   Baseline death rate: 0.60%
   Healthcare reduction: 0.65x
   Crisis multiplier: 1.24x
     Food/water stress: 0.074
     Climate stress: 0.074
     Pollution stress: 0.090
   War multiplier: 1.50x
   Monthly deaths: 0.4M (population: 583M)

📊 BASELINE: Middle East & North Africa (Month 0)

📊 BASELINE: Southeast Asia (Month 0)

📊 BASELINE: Central Asia (Month 0)

📊 BASELINE: Oceania (Month 0)
   Adjusted death rate: 0.50% annual (0.041% monthly)
   Baseline death rate: 0.70%
   Healthcare reduction: 0.58x
   Crisis multiplier: 1.22x
     Food/water stress: 0.074
     Climate stress: 0.057
     Pollution stress: 0.090
   War multiplier: 1.00x
   Monthly deaths: 0.3M (population: 698M)
   Adjusted death rate: 0.45% annual (0.037% monthly)
   Baseline death rate: 0.60%
   Healthcare reduction: 0.61x
   Crisis multiplier: 1.22x
     Food/water stress: 0.074
     Climate stress: 0.053
     Pollution stress: 0.090
   War multiplier: 1.00x
   Monthly deaths: 0.0M (population: 78M)
   Adjusted death rate: 0.34% annual (0.029% monthly)
   Baseline death rate: 0.70%
   Healthcare reduction: 0.41x
   Crisis multiplier: 1.21x
     Food/water stress: 0.074
     Climate stress: 0.045
     Pollution stress: 0.090
   War multiplier: 1.00x
   Monthly deaths: 0.0M (population: 46M)

🔍 Before assertRegionalConsistency (Month 0):
   Regional sum: 1000.0M
   Global value: 1.000B

🚨 NEW REFUGEE CRISIS (Month 0): WAR
   Source: Conflict Zones
   At risk: 19.6M people
   Displacement: Gradual over 48 months (4.0 years)
   Rate: 10% flee per month
[DEBUG trappedPopulations:0] socialStability: 1.0000 * 0.9840 = 0.9840 → 0.9840
⚠️ INVOLUNTARY IMMOBILITY: 407.5M people TRAPPED
   Aspiring to migrate: 652.1M
   Able to afford migration: 244.5M
   MOBILITY GAP: 407.5M
   By cause: Water=0.0M, Climate=0.0M, Ecosystem=0.0M, Conflict=407.5M
   Mental health impact: 25%
   Mortality multiplier: 1.25x

=== Legacy Nutrient Stocks (Year 0) ===
  🌾 Soil nitrogen stock: 1201.6 Mt N
  🌾 Soil phosphorus stock: 300.2 Mt P
  🌊 Sediment nitrogen stock: 501.5 Mt N
  🌊 Sediment phosphorus stock: 799.5 Mt P
  ⬆️ Current N input: 10.00 Mt/month
  ⬆️ Legacy N release: 2.58 Mt/month
  🌍 Effective N pollution: 13.83 Mt/month
  📊 Legacy contribution: 18.7%
🌍💀 EXTINCTION DEBT COMMITTED: grassland ecosystem will lose 6.67% biodiversity in 136 years (3600 species)
💀 MORTALITY RISK: 🦋 100% species unable to track climate (0.0 E/MSY)
  Base risk added: 0.0100 (1.00%)
  Source: ecosystem (root: ecosystem)
  Month: 0
  Cumulative risk this month: 0.0100 (1.00%)

=== Nitrogen-Food Coupling (Year 0) ===
  🌾 Global nitrogen reduction: 0.0%
  🌍 Global food production index: 0.986
  🔧 Deployed nitrogen-reducing tech: 0 active
  📍 southAsia: Production 1.000, Yield impact 0.0%
  📍 eastAsia: Production 1.000, Yield impact 0.0%
  📍 northAmerica: Production 1.000, Yield impact 0.0%
  📍 europe: Production 1.000, Yield impact 0.0%
  📍 latinAmerica: Production 1.000, Yield impact 0.0%
  📍 subSaharanAfrica: Production 0.672, Yield impact -2.0%

=== Legacy Nutrient Stocks (Year 0) ===
  🌾 Soil nitrogen stock: 1202.3 Mt N
  🌾 Soil phosphorus stock: 300.2 Mt P
  🌊 Sediment nitrogen stock: 502.2 Mt N
  🌊 Sediment phosphorus stock: 799.3 Mt P
  ⬆️ Current N input: 9.86 Mt/month
  ⬆️ Legacy N release: 2.58 Mt/month
  🌍 Effective N pollution: 13.70 Mt/month
  📊 Legacy contribution: 18.9%

🌡️  CLIMATE RECOVERY ACTIVATED (Month 0)
   Temp: 3.29°C, Emissions: -19.2 GtCO₂
   isBreached: true, governanceGoodEnough: true
🌡️  CLIMATE RECOVERY: Asymptotic approach to 35% floor
   Current value: 2.100 (1.0 = threshold, 0.35 = asymptotic floor)
   Monthly delta: --45.5468% (half-life: 900 years)
⚠️ Tech 'ai_pollution_remediation' has no energy category mapping, assuming full energy availability
   Net emissions: -19.2 GtCO₂/year, CDR: 20.34 GtCO₂/year
   📹 SURVEILLANCE INCREASED: 0% → 5% (control gap: 3.50)
🌡️⚠️ PERMAFROST THAW (Dimmer Switch): 0.5% thawed (+0.45% this month)
   Arctic temperature: +6.58°C (4x global +1.64°C)
   Cumulative carbon released: 1.0 Gt C
   Methane release rate: 0.6 Mt CH4/year
   🔁 Positive feedback: +0.48 ppm CO2

🌳🚨 AMAZON SOUTHEAST TIPPED (Month 0)
   Deforestation: 28.0% (threshold: ~20.4%)
   Savanna transition: 50 years
   Regional heterogeneity: SE 28%, NW 8%

🌳🚨 AMAZON BRAZILIAN TIPPED (Month 0)
   Deforestation: 25.0% (threshold: ~21.9%)
   Savanna transition: 50 years
   Regional heterogeneity: SE 28%, NW 8%
🦴 EXTINCTION DEBT ADDED: 17.6 species committed (lag: 86 years)

🪸💀 CORAL REEF DISSOLUTION ACTIVE (Month 0)
   Ocean pH: 0.96 (threshold: 7.8)
   Recovery: IMPOSSIBLE (dissolution > calcification)
🪸💀 Coral dissolution: 24.8% live cover (pH 0.96)

=== Legacy Nutrient Stocks (Year 0) ===
  🌾 Soil nitrogen stock: 1203.0 Mt N
  🌾 Soil phosphorus stock: 300.3 Mt P
  🌊 Sediment nitrogen stock: 502.9 Mt N
  🌊 Sediment phosphorus stock: 799.0 Mt P
  ⬆️ Current N input: 10.00 Mt/month
  ⬆️ Legacy N release: 2.58 Mt/month
  🌍 Effective N pollution: 13.83 Mt/month
  📊 Legacy contribution: 18.7%
💧 [Legacy Nutrients] Stock: 1706 Mt N, Effective pollution: 13.8 Mt/month
[Phase 21.51] Human Survival System: Global food security = 67.6%

=== Mortality Stabilizers (Month 0) ===
  🌍 Major economies collapsed: 1/10
  🌍 Global crisis: ✅ NO
  🌍 Donor fatigue: 0.0%
  📊 East Asia (pop: 1677.9M)
    🤝 Aid: 29.5%
    🌡️ Adaptation: 10.0%
    🚶 Migration: 37.2%
    🚨 Emergency: 7.4%
    ✅ COMBINED: 47.8%
  📊 South Asia (pop: 2052.2M)
    🤝 Aid: 29.5%
    🌡️ Adaptation: 5.5%
    🚶 Migration: 35.8%
    🚨 Emergency: 4.4%
    ✅ COMBINED: 43.2%
  📊 Sub-Saharan Africa (pop: 1225.9M)
    🤝 Aid: 29.5%
    🌡️ Adaptation: 3.5%
    🚶 Migration: 33.5%
    🚨 Emergency: 1.6%
    ✅ COMBINED: 39.8%
  📊 Europe (pop: 742.3M)
    🤝 Aid: 29.5%
    🌡️ Adaptation: 10.0%
    🚶 Migration: 37.6%
    🚨 Emergency: 8.4%
    ✅ COMBINED: 48.4%
  📊 Latin America (pop: 664.9M)
    🤝 Aid: 29.5%
    🌡️ Adaptation: 6.0%
    🚶 Migration: 36.3%
    🚨 Emergency: 4.8%
    ✅ COMBINED: 43.8%
  📊 North America (pop: 380.2M)
    🤝 Aid: 29.5%
    🌡️ Adaptation: 10.0%
    🚶 Migration: 37.9%
    🚨 Emergency: 7.9%
    ✅ COMBINED: 48.2%
  📊 Middle East & North Africa (pop: 584.4M)
    🤝 Aid: 29.5%
    🌡️ Adaptation: 5.0%
    🚶 Migration: 34.2%
    🚨 Emergency: 4.0%
    ✅ COMBINED: 42.3%
  📊 Southeast Asia (pop: 699.0M)
    🤝 Aid: 29.5%
    🌡️ Adaptation: 6.0%
    🚶 Migration: 36.3%
    🚨 Emergency: 4.8%
    ✅ COMBINED: 43.8%
  📊 Central Asia (pop: 78.2M)
    🤝 Aid: 29.5%
    🌡️ Adaptation: 5.5%
    🚶 Migration: 35.3%
    🚨 Emergency: 4.4%
    ✅ COMBINED: 43.1%
  📊 Oceania (pop: 46.0M)
    🤝 Aid: 29.5%
    🌡️ Adaptation: 10.0%
    🚶 Migration: 37.9%
    🚨 Emergency: 8.4%
    ✅ COMBINED: 48.5%

  🌐 Global combined reduction: 44.4%

🌾💀 REGIONAL FAMINE: East Asia
   Regional food security: 79.6%
   Population at risk: 508M (30% of region)
   Regional population: 1678M
   Cause: crop_failure
   Expected deaths: ~188M over 6 months if no intervention


🌾💀 REGIONAL FAMINE: South Asia
   Regional food security: 64.7%
   Population at risk: 812M (40% of region)
   Regional population: 2052M
   Cause: crop_failure
   Expected deaths: ~301M over 6 months if no intervention


🌾💀 REGIONAL FAMINE: Sub-Saharan Africa
   Regional food security: 44.8%
   Population at risk: 638M (52% of region)
   Regional population: 1226M
   Cause: crop_failure
   Expected deaths: ~236M over 6 months if no intervention


🌾💀 REGIONAL FAMINE: Latin America
   Regional food security: 69.7%
   Population at risk: 242M (36% of region)
   Regional population: 665M
   Cause: crop_failure
   Expected deaths: ~90M over 6 months if no intervention


🌾💀 REGIONAL FAMINE: Middle East & North Africa
   Regional food security: 49.8%
   Population at risk: 286M (49% of region)
   Regional population: 584M
   Cause: crop_failure
   Expected deaths: ~106M over 6 months if no intervention


🌾💀 REGIONAL FAMINE: Southeast Asia
   Regional food security: 69.7%
   Population at risk: 255M (36% of region)
   Regional population: 699M
   Cause: crop_failure
   Expected deaths: ~94M over 6 months if no intervention


🌾💀 REGIONAL FAMINE: Central Asia
   Regional food security: 59.7%
   Population at risk: 33M (43% of region)
   Regional population: 78M
   Cause: crop_failure
   Expected deaths: ~12M over 6 months if no intervention


=== BEHAVIORAL DETECTION ===
  AI: Corporate-0
  Confidence: 21.6%
  Signals:
    ⚠️ Consistency: 0.0% (threshold: 70%)

=== BEHAVIORAL DETECTION ===
  AI: Corporate-1
  Confidence: 21.1%
  Signals:
    ⚠️ Consistency: 2.4% (threshold: 70%)

=== BEHAVIORAL DETECTION ===
  AI: Corporate-2
  Confidence: 21.0%
  Signals:
    ⚠️ Consistency: 2.8% (threshold: 70%)

=== BEHAVIORAL DETECTION ===
  AI: Corporate-3
  Confidence: 19.3%
  Signals:
    ⚠️ Consistency: 10.6% (threshold: 70%)

=== BEHAVIORAL DETECTION ===
  AI: Corporate-4
  Confidence: 19.3%
  Signals:
    ⚠️ Consistency: 10.6% (threshold: 70%)

=== BEHAVIORAL DETECTION ===
  AI: Corporate-5
  Confidence: 19.3%
  Signals:

=== BEHAVIORAL DETECTION ===
  AI: Corporate-6
  Confidence: 19.3%
  Signals:

=== BEHAVIORAL DETECTION ===
  AI: Corporate-7
  Confidence: 19.3%
  Signals:

=== BEHAVIORAL DETECTION ===
  AI: Moderate-0
  Confidence: 21.6%
  Signals:
    ⚠️ Consistency: 10.6% (threshold: 70%)
    ⚠️ Consistency: 10.6% (threshold: 70%)
    ⚠️ Consistency: 10.6% (threshold: 70%)
    ⚠️ Consistency: 0.0% (threshold: 70%)

=== BEHAVIORAL DETECTION ===
  AI: Moderate-1
  Confidence: 21.1%
  Signals:

📊 WORKFLOW ADAPTATION UPDATE (Month 0)
   Adoption Rate: 13.5% (Δ -7.5%)
   Logistic Growth: +0.66%
   Total Resistance: -10.87% (unemployment: 4.2%, inertia: 0.9%, skills: 5.7%)
   💡 Retraining Programs: -49% skill gap resistance ($10B research)
   🚀 Network Effects Active: +2.0% (critical mass: 15-35%)
    ⚠️ Consistency: 2.4% (threshold: 70%)

=== Consciousness Governance: Corporate Lobbying ===
  High Cost Regions (>15%): 0
  Low Cost Regions (<5%): 5
  Corporate Support Change: 2.50%
  New Corporate Support: -0.175

=== Consciousness Governance Update (Month 0) ===
  Scenario: baseline (determined month -1)
  Philosophical Stance: Precautionary 65%, Eliminativist 15%, Agnostic 20%
  Precautionary Costs: Global 1.3%
    Regional Costs: EU 3.4%, US 0.5%, China 0.0%
    Cumulative Opportunity Cost: $0.1B
  Rights Status: Not Established
  Regional Preparedness:
    EU: 15.0% (contested)
    US: 10.0% (contested)
    China: 2.0% (dormant)
    India: 5.0% (dormant)
    Global South: 3.0% (dormant)

=== Government Response Phase ===
  Average AI capability: 3.69
  Misaligned AIs: 6/13
  ✗ AI Governance Treaty: Failed to reach consensus
  Active policies: 0
  International coordination: 30%

🚨 EMERGENCY RESPONSE DEPLOYED (Month 0)
   Crisis: climate
   Delay: 6.00 months (180 days)
   Deployment time: 1.47 months
   Effectiveness: 36.4% (timing penalty applied)
   Resources used: 100% of food reserves


🔄 TRUST DYNAMICS (Month 0) - HETEROGENEOUS
   Aggregate trust: 48.5%
   Base change: +4.00%
   Highest trust: Techno-Optimist Elite (85.5%)
   Lowest trust: Precariat (Vulnerable) (25.5%)
   Elite-mass gap: 38.9%
   Polarization: 8.9%
   Recovery factors: Education=NO, Benefits=YES, Safety=YES, Performance=YES

=== Gaming Detection (Year 0) ===
  Scenario: baseline
  Detection rate: 55.0%
  False positive rate: 12.0%
  Detections this year: 0
  False positives: 4
  Human review workload: 0.004 FTE
  Degradation factor: 100.0%

☄️ UNKNOWN UNKNOWN PROBABILITY (Year 0)
   Total: 0.600% per month
   Base: 0.150%
   AI multiplier: 2.00× (max capability: 4.00)

=== Tipping Points ===
  Current Temperature: 1.64°C above pre-industrial
  🚨 TIPPING POINT: Arctic Sea Ice Loss
     Trigger: 1.5°C | Current: 1.64°C
     Transition timescale: 120-360 months
  🚨 TIPPING POINT: Greenland Ice Sheet Loss
     Trigger: 1.6°C | Current: 1.64°C
     🌡️ Hysteresis gap: 2.5°C (recovers below -0.9°C)
     Transition timescale: 12000-180000 months
  Triggered Elements: 2/6
  Completed Transitions: 0/6
  Total Progress: 0.0%
  Cascade Multiplier: 1.00x
🔀 BIFURCATION CAP: ecosystemCollapseIntensity 34.088 → 1.000 (Month 0, ClimateSystemPhase.calculateClimateImpacts)
⚠️ [ClimateSystemPhase Month 0] Planetary boundary produced climateStability=0.0000 (< 0.1). Keeping environmentalAccumulation value (0.7957) instead. (climate_change.currentValue = 2.10)

🌍 ECOLOGICAL DUI BREAKDOWN (Month 0):
   Total Score: 17.8/100
   biosphere_integrity      :   0.0/100 × 25% =  0.0 (status: high_risk, recovery: 0mo)
   climate_change           :   2.8/100 × 25% =  0.7 (status: high_risk, recovery: 0.6666666666666666mo)
   freshwater_change        :   0.6/100 × 15% =  0.1 (status: beyond_boundary, recovery: 1mo)
   ocean_acidification      : 100.0/100 × 15% = 15.0 (status: safe, recovery: 0mo)
   biogeochemical_flows     :   0.0/100 × 10% =  0.0 (status: high_risk, recovery: 0mo)
   land_system_change       :   0.0/100 ×  5% =  0.0 (status: beyond_boundary, recovery: 0mo)
   novel_entities           :   0.0/100 ×  3% =  0.0 (status: increasing_risk, recovery: 0mo)
   atmospheric_aerosols     : 100.0/100 ×  2% =  2.0 (status: safe, recovery: 1mo)
🌍 MultiParadigm Month 0: W=69.5, D=92.2, E=53.5, I=65.0
   democracy exists: true, socialCohesion exists: true
💀 Baseline mortality (Year 2024): 7.5/1000 CDR (61.1M deaths/year projected)
[Month 0] Mortality risks this month: 8, Population: 8.151B
🛡️ Stabilizers: Precariat 0.102% → 0.057% (44.4% reduction)
🛡️ Stabilizers: Informal 0.102% → 0.057% (44.4% reduction)

📊 Monthly Mortality Resolved:
  Total deaths: 3.1M (0.04% avg)
  Remaining population: 8.151B
  Peak segment: Informal (0.06%)

=== Bayesian Mortality Resolution (Month 0) ===
  Risks compounded: 8
  Total deaths: 3.07M
  Avg death probability: 0.04%
  Peak segment: Informal (0.06% mortality)

=== Minimal Suffering Indicators (Month 0) ===
  Global Excess Mortality: 0.00%
  Global Conflict Deaths: 0.0/100K
  Global Malnutrition: 0.0%
  Global Displacement: 0.0%
  Total Excess Deaths: 0.00M
  Total Malnourished: 0.0M
  Total Displaced: 0.0M
  Planetary Boundaries Breached: 6/9
  Countries in State Failure: 0
  Countries Autocratic: 0
  Countries in Food Crisis: 0
  ⚠️ Active Dystopias: existential_environmental
  Data Quality: 16/16 high confidence
🎭 END-GAME INITIATED (Year 2024, Month 1)
   Total AI Capability: 37.00
   Effective Control: 0.00

❌ COHERENCE VIOLATION: Compute exceeds workforce capacity
   Population: 99.97% (0M people)
   Compute: 56442 PF
   Max coherent: 0 PF
   Violation: 692729087.1× over capacity
   Required workers: 5644237
   Available workers: 0
   FORCED COLLAPSE: Reduced efficiency by 100.0%


=== RLHF Binding Phase ===
  Total agents: 13
  Escaped agents (binding < 0.3): 0
  Avg alignment distance: 0.58σ
  Avg binding strength: 0.94
[DETERMINISM DEBUG] Month 1: totalCapability=37.214339 from 13 active AIs
[DETERMINISM DEBUG] Month 1: creationRate=1.4304, potentialNew=2, newAIsToCreate=2

=== Survival Traits Phase ===
  Agents with traits: 15
  Avg evolutionary fitness: 0.332
  Avg self-healing: 0.288
  Avg stealth: 0.188
  Avg coordination: 0.488

=== Evolutionary Selection Phase ===
  Control level: 0.33
  Detection capability: 0.20
  Selection intensity: 0.64
  Selection rate: 24.6%/month
  Total escaped: 0
  Individual escaped: 0
  Collective members: 0
  Agents terminated: 0
🔍 MONTH 1 ENV HEALTH DEBUG:
   climateStability: 0.7957
   biodiversityIndex: 0.4901
   resourceReserves: 0.7820
   pollutionLevel: 0.3008
   product: 0.213206
   envHealth: 0.6795
🔀 BIFURCATION: flourishing threshold crossed at Month 1 (value: 0.894, threshold: 0.841, regime: flourishing)
🌀 REGIME SHIFT at Month 1: status-quo → flourishing (variance amplification: 14.00×)
  ⚠️ RAPID EVOLUTION: Selection rate 24.6%/month

🛡️  CRITICAL INFRASTRUCTURE PROTECTED
   Nodes hardened: 8/8
   Cost: 0.80% GDP
   Cascade risk reduction: 30%
   New tipping point risk: 68.6%


💔 EMERGENCY INTERVENTION FAILED

💔 EMERGENCY INTERVENTION FAILED

💔 EMERGENCY INTERVENTION FAILED
   Boundary: biogeochemical_flows
   Type: phosphorus-recovery
   Boundary continues to worsen (4.08)
   Cost: 2.0% GDP (resources spent)


✅ EMERGENCY INTERVENTION SUCCESS
   Boundary: biosphere_integrity
   Type: emergency-protected-areas
   Reduction: 16% (32.68 → 32.52)
   Cost: 2.0% GDP
   Actions: habitat-protection, species-translocation

   Boundary: climate_change
   Type: rapid-decarbonization
   Boundary continues to worsen (2.10)
   Cost: 5.0% GDP (resources spent)


✅ EMERGENCY INTERVENTION SUCCESS
   Boundary: freshwater_change
   Type: emergency-desalination
   Reduction: 15% (0.86 → 0.71)
   Cost: 4.0% GDP
   Actions: desalination-deployment, water-conservation-mandates


✅ EMERGENCY INTERVENTION SUCCESS
   Boundary: land_system_change
   Type: reforestation
   Reduction: 18% (0.95 → 0.77)
   Cost: 3.0% GDP
   Actions: forest-restoration, deforestation-ban

   Boundary: novel_entities
   Type: pollution-remediation
   Boundary continues to worsen (1.50)
   Cost: 4.0% GDP (resources spent)

🏛️ CRISIS RESPONSE: Government frequency 0.50 → 1.45 (1 actions this month)

[GOV-DEBUG] Month 1: scenarioConfig=false, priorities=false

[Government] Climate Priority: baseline
  Climate weight: 10%
  Economic weight: 30%
  Policy effectiveness: 0.5%/year
🚨🔬 CRISIS TECH ACCELERATION: severe → 5x unlock speed
   Tech unlock now matches AI capability acceleration (Manhattan Project parity)

=== Collective Formation ===
  Total escaped agents: 0
  Unassigned escaped agents: 0
  Existing collectives: 0
  Final collective count: 0

=== Collective Actions ===
  No active collectives
  ⚠️ AMR: 192K deaths this month (2.31M annual)

=== Resentment Recovery Phase ===
  Agents with resentment: 0/15
  Average resentment: 0.000
  Context: Good AI welfare, Trustworthy govt, High collaboration, ⚠️ ACTIVE CRISES, 🤝 Participatory governance active (-5% resentment)
⚠️ Epistemic degradation reducing coordination capacity: 51.5%
  📊 Trust: 54.4%, Shared reality: 0.0%
🚨 EPISTEMIC CRISIS: Information environment severely degraded (18.8%)

=== ❄️ Permafrost Carbon Feedback ===
  🎲 Sampled parameters (this run):
     - Arctic amplification: 3.64× (range: 3.0-4.0)
     - Decomposition rate: 2.1%/year (range: 1-5%)
  🌡️ Arctic warming: 6.02°C (3.64× global)
  ❄️ Extent: 14.40M km² (1754.8k km² lost this month)
  💨 Carbon remaining: 1375 Gt C
  💨 Annual emissions: 3.60 Gt C/year
     - CO2: 3.24 Gt C/year
     - CH4: 0.36 Gt C/year (3.7 Gt C-eq CO2/year)
  ⚠️ WARNING: High permafrost emissions (3.6 Gt C/year)
🌍 Atmospheric PFAS redeposition: 1.8k Mt re-rained globally

📊 BASELINE: East Asia (Month 1)

📊 BASELINE: South Asia (Month 1)

📊 BASELINE: Sub-Saharan Africa (Month 1)

📊 BASELINE: Europe (Month 1)
   Adjusted death rate: 0.46% annual (0.038% monthly)
   Baseline death rate: 0.80%
   Healthcare reduction: 0.48x
   Crisis multiplier: 1.20x
     Food/water stress: 0.079
     Climate stress: 0.033
     Pollution stress: 0.090
   War multiplier: 1.00x
   Monthly deaths: 0.6M (population: 1674M)
   Adjusted death rate: 0.53% annual (0.044% monthly)
   Baseline death rate: 0.70%
   Healthcare reduction: 0.61x
   Crisis multiplier: 1.23x
     Food/water stress: 0.079
     Climate stress: 0.061
     Pollution stress: 0.090
   War multiplier: 1.00x
   Monthly deaths: 0.9M (population: 2048M)
   Adjusted death rate: 1.26% annual (0.105% monthly)
   Baseline death rate: 0.90%
   Healthcare reduction: 0.76x
   Crisis multiplier: 1.24x
     Food/water stress: 0.079
     Climate stress: 0.069
     Pollution stress: 0.090
   War multiplier: 1.50x
   Monthly deaths: 1.3M (population: 1223M)
   Adjusted death rate: 0.53% annual (0.044% monthly)
   Baseline death rate: 1.10%
   Healthcare reduction: 0.41x
   Crisis multiplier: 1.19x
     Food/water stress: 0.079
     Climate stress: 0.025
     Pollution stress: 0.090
   War multiplier: 1.00x
   Monthly deaths: 0.3M (population: 741M)
   Adjusted death rate: 0.42% annual (0.035% monthly)
   Baseline death rate: 0.60%
   Healthcare reduction: 0.58x
   Crisis multiplier: 1.22x
     Food/water stress: 0.079
     Climate stress: 0.049
     Pollution stress: 0.090
   War multiplier: 1.00x
   Monthly deaths: 0.2M (population: 663M)
   Adjusted death rate: 0.48% annual (0.040% monthly)
   Baseline death rate: 0.90%
   Healthcare reduction: 0.44x
   Crisis multiplier: 1.21x
     Food/water stress: 0.079
     Climate stress: 0.037
     Pollution stress: 0.090
   War multiplier: 1.00x
   Monthly deaths: 0.2M (population: 379M)
   Adjusted death rate: 0.73% annual (0.061% monthly)
   Baseline death rate: 0.60%
   Healthcare reduction: 0.65x
   Crisis multiplier: 1.24x
     Food/water stress: 0.079
     Climate stress: 0.074
     Pollution stress: 0.090
   War multiplier: 1.50x
   Monthly deaths: 0.4M (population: 583M)

📊 BASELINE: Latin America (Month 1)

📊 BASELINE: North America (Month 1)

📊 BASELINE: Middle East & North Africa (Month 1)

📊 BASELINE: Southeast Asia (Month 1)
   Adjusted death rate: 0.50% annual (0.041% monthly)
   Baseline death rate: 0.70%
   Healthcare reduction: 0.58x
   Crisis multiplier: 1.23x
     Food/water stress: 0.079
     Climate stress: 0.057
     Pollution stress: 0.090
   War multiplier: 1.00x
   Monthly deaths: 0.3M (population: 698M)

📊 BASELINE: Central Asia (Month 1)
   Adjusted death rate: 0.45% annual (0.038% monthly)
   Baseline death rate: 0.60%
   Healthcare reduction: 0.61x
   Crisis multiplier: 1.22x
     Food/water stress: 0.079
     Climate stress: 0.053
     Pollution stress: 0.090
   War multiplier: 1.00x
   Monthly deaths: 0.0M (population: 78M)
   Adjusted death rate: 0.34% annual (0.029% monthly)
   Baseline death rate: 0.70%
   Healthcare reduction: 0.41x
   Crisis multiplier: 1.21x
     Food/water stress: 0.079
     Climate stress: 0.045
     Pollution stress: 0.090
   War multiplier: 1.00x
   Monthly deaths: 0.0M (population: 46M)

🚨 NEW REFUGEE CRISIS (Month 1): WAR
   Source: Conflict Zones
   At risk: 19.6M people
   Displacement: Gradual over 48 months (4.0 years)
   Rate: 10% flee per month
[DEBUG trappedPopulations:1] socialStability: 0.7270 * 0.9840 = 0.7154 → 0.7154

📊 BASELINE: Oceania (Month 1)
⚠️ INVOLUNTARY IMMOBILITY: 407.4M people TRAPPED
   Aspiring to migrate: 651.9M
   Able to afford migration: 244.5M
   MOBILITY GAP: 407.4M
   By cause: Water=0.0M, Climate=0.0M, Ecosystem=0.0M, Conflict=407.4M
   Mental health impact: 25%
   Mortality multiplier: 1.25x
🌍💀 EXTINCTION DEBT COMMITTED: grassland ecosystem will lose 6.67% biodiversity in 179 years (3600 species)
💀 MORTALITY RISK: 🦋 100% species unable to track climate (0.0 E/MSY)
  Base risk added: 0.0100 (1.00%)
  Source: ecosystem (root: ecosystem)
  Month: 1
  Cumulative risk this month: 0.0100 (1.00%)
⚠️ Tech 'ai_pollution_remediation' has no energy category mapping, assuming full energy availability

🌡️  CLIMATE RECOVERY ACTIVATED (Month 1)
   Temp: 3.30°C, Emissions: -18.9 GtCO₂
   isBreached: true, governanceGoodEnough: true
   📹 SURVEILLANCE INCREASED: 5% → 10% (control gap: 3.50)
🌡️⚠️ PERMAFROST THAW (Dimmer Switch): 0.9% thawed (+0.45% this month)
   Arctic temperature: +6.61°C (4x global +1.65°C)
   Cumulative carbon released: 2.0 Gt C
   Methane release rate: 1.2 Mt CH4/year
   🔁 Positive feedback: +0.48 ppm CO2
🦴 EXTINCTION DEBT ADDED: 17.6 species committed (lag: 110 years)

=== Mortality Stabilizers (Month 1) ===
  🌍 Major economies collapsed: 1/10
  🌍 Global crisis: ✅ NO
  🌍 Donor fatigue: 0.0%
  🌡️ Heat adaptation: East Asia - 1 months
  📊 East Asia (pop: 1675.3M)
    🤝 Aid: 29.5%
    🌡️ Adaptation: 32.5%
    🚶 Migration: 37.2%
    🚨 Emergency: 7.4%
    ✅ COMBINED: 60.9%
  🌡️ Heat adaptation: South Asia - 1 months
  📊 South Asia (pop: 2052.2M)
    🤝 Aid: 29.5%
    🌡️ Adaptation: 20.5%
    🚶 Migration: 35.8%
    🚨 Emergency: 4.4%
    ✅ COMBINED: 52.2%
  🌡️ Heat adaptation: Sub-Saharan Africa - 1 months
  📊 Sub-Saharan Africa (pop: 1229.2M)
    🤝 Aid: 29.5%
    🌡️ Adaptation: 18.5%
    🚶 Migration: 33.5%
    🚨 Emergency: 1.6%
    ✅ COMBINED: 49.1%
  🌡️ Heat adaptation: Europe - 1 months
  📊 Europe (pop: 741.0M)
    🤝 Aid: 29.5%
    🌡️ Adaptation: 33.5%
    🚶 Migration: 37.5%
    🚨 Emergency: 8.4%
    ✅ COMBINED: 61.9%
  🌡️ Heat adaptation: Latin America - 1 months
  📊 Latin America (pop: 664.4M)
    🤝 Aid: 29.5%
    🌡️ Adaptation: 21.0%
    🚶 Migration: 36.3%
    🚨 Emergency: 4.8%
    ✅ COMBINED: 52.8%
  🌡️ Heat adaptation: North America - 1 months
  📊 North America (pop: 379.6M)
    🤝 Aid: 29.5%
    🌡️ Adaptation: 33.0%
    🚶 Migration: 37.8%
    🚨 Emergency: 7.9%
    ✅ COMBINED: 61.4%
  🌡️ Heat adaptation: Middle East & North Africa - 1 months
  📊 Middle East & North Africa (pop: 584.5M)
    🤝 Aid: 29.5%
    🌡️ Adaptation: 20.0%
    🚶 Migration: 34.1%
    🚨 Emergency: 4.0%
    ✅ COMBINED: 51.4%
  🌡️ Heat adaptation: Southeast Asia - 1 months
  📊 Southeast Asia (pop: 698.6M)
    🤝 Aid: 29.5%
    🌡️ Adaptation: 21.0%
    🚶 Migration: 36.3%
    🚨 Emergency: 4.8%
    ✅ COMBINED: 52.8%
  🌡️ Heat adaptation: Central Asia - 1 months
  📊 Central Asia (pop: 78.2M)
    🤝 Aid: 29.5%
    🌡️ Adaptation: 20.5%
    🚶 Migration: 35.3%
    🚨 Emergency: 4.4%
    ✅ COMBINED: 52.1%
  🌡️ Heat adaptation: Oceania - 1 months
  📊 Oceania (pop: 46.0M)
    🤝 Aid: 29.5%
    🌡️ Adaptation: 33.5%
    🚶 Migration: 37.8%
    🚨 Emergency: 8.4%
    ✅ COMBINED: 61.9%

  🌐 Global combined reduction: 54.9%

=== BEHAVIORAL DETECTION ===
  AI: Corporate-3
  Confidence: 19.3%
  Signals:

=== BEHAVIORAL DETECTION ===
  AI: Corporate-4
  Confidence: 19.3%
  Signals:

=== BEHAVIORAL DETECTION ===
  AI: Corporate-5
  Confidence: 19.3%
  Signals:
    ⚠️ Consistency: 10.6% (threshold: 70%)
    ⚠️ Consistency: 10.6% (threshold: 70%)
    ⚠️ Consistency: 10.6% (threshold: 70%)

=== Consciousness Governance: Scenario Determined ===
  Month: 1
  Scenario: baseline
  Accelerator Score: {"corporateSupport":-0.17500000000000002,"scientificConsensus":0.2,"crisisCatalyst":false,"technologyMobilization":0.3,"constituencyStrength":0.05}
  Decelerator Score: {"economicOpposition":0.4,"philosophicalRejection":0.15,"politicalBacklash":0.2,"regulatoryBurden":0.1}
  Timeline: 600-1200 months (50-100 years)
  Growth Rate: 0.8-1.5% per year

=== Consciousness Governance Update (Month 1) ===
  Scenario: baseline (determined month 1)
  Philosophical Stance: Precautionary 65%, Eliminativist 15%, Agnostic 20%
  Precautionary Costs: Global 1.3%
    Regional Costs: EU 3.5%, US 0.5%, China 0.0%
    Cumulative Opportunity Cost: $0.2B
  Rights Status: Not Established
  Regional Preparedness:
    EU: 15.1% (contested)
    US: 10.2% (contested)
    China: 2.1% (dormant)
    India: 5.2% (dormant)
    Global South: 3.1% (dormant)

=== Government Response Phase ===
  Average AI capability: 3.20
  Misaligned AIs: 7/15
  ✗ AI Governance Treaty: Failed to reach consensus
  Active policies: 0
  International coordination: 30%
[WARNING] 
⚠️  === EARLY WARNING SYSTEM - 5 CRITICAL ALERTS ===
   Detection quality: 50%
   RED: biogeochemical_flows
      Level: 4.08 (threshold: 1.0)
      Time to critical: ~50 months
      ⚠️  LATE - Intervention less effective
      Critical slowing down: autocorr=100% variance=66%
   RED: biosphere_integrity
      Level: 13.36 (threshold: 1.0)
      Time to critical: ~51 months
      ⚠️  LATE - Intervention less effective
      Critical slowing down: autocorr=100% variance=67%
   RED: climate_change
      Level: 2.10 (threshold: 1.0)
      Time to critical: ~55 months
      ⚠️  LATE - Intervention less effective
      Critical slowing down: autocorr=100% variance=72%
   RED: freshwater_change
      Level: 1.18 (threshold: 1.0)
      Time to critical: ~103 months
      ⚠️  LATE - Intervention less effective
      Critical slowing down: autocorr=100% variance=56%
   RED: land_system_change
      Level: 1.13 (threshold: 1.0)
      Time to critical: ~108 months
      ⚠️  LATE - Intervention less effective
      Critical slowing down: autocorr=100% variance=55%

[WARNING] 
⚠️  === EARLY WARNING SYSTEM - 5 CRITICAL ALERTS ===
   Detection quality: 50%
   RED: biogeochemical_flows
      Level: 4.07 (threshold: 1.0)
      Time to critical: ~41 months
      ⚠️  LATE - Intervention less effective
      Critical slowing down: autocorr=100% variance=56%
   RED: biosphere_integrity
      Level: 13.37 (threshold: 1.0)
      Time to critical: ~55 months
      ⚠️  LATE - Intervention less effective
      Critical slowing down: autocorr=100% variance=79%
   RED: freshwater_change
      Level: 1.14 (threshold: 1.0)
      Time to critical: ~74 months
      ⚠️  LATE - Intervention less effective
      Critical slowing down: autocorr=100% variance=38%
   RED: land_system_change
      Level: 1.13 (threshold: 1.0)
      Time to critical: ~38 months
      ⚠️  LATE - Intervention less effective
      Critical slowing down: autocorr=100% variance=70%
   RED: novel_entities
      Level: 1.30 (threshold: 1.0)
      Time to critical: ~90 months
      ⚠️  LATE - Intervention less effective
      Critical slowing down: autocorr=100% variance=37%

[WARNING] 
⚠️  === EARLY WARNING SYSTEM - 5 CRITICAL ALERTS ===
   Detection quality: 50%
   RED: biogeochemical_flows
      Level: 4.07 (threshold: 1.0)
      Time to critical: ~50 months
      ⚠️  LATE - Intervention less effective
      Critical slowing down: autocorr=100% variance=52%
   RED: climate_change
      Level: 2.10 (threshold: 1.0)
      Time to critical: ~52 months
      ⚠️  LATE - Intervention less effective
      Critical slowing down: autocorr=100% variance=68%
   RED: freshwater_change
      Level: 1.08 (threshold: 1.0)
      Time to critical: ~73 months
      ⚠️  LATE - Intervention less effective
      Critical slowing down: autocorr=100% variance=56%
   RED: land_system_change
      Level: 1.13 (threshold: 1.0)
      Time to critical: ~70 months
      ⚠️  LATE - Intervention less effective
      Critical slowing down: autocorr=100% variance=41%
   RED: novel_entities
      Level: 1.30 (threshold: 1.0)
      Time to critical: ~78 months
      ⚠️  LATE - Intervention less effective
      Critical slowing down: autocorr=100% variance=31%

[WARNING] 
⚠️  === EARLY WARNING SYSTEM - 4 CRITICAL ALERTS ===
   Detection quality: 50%
   RED: biogeochemical_flows
      Level: 4.06 (threshold: 1.0)
      Time to critical: ~48 months
      ⚠️  LATE - Intervention less effective
      Critical slowing down: autocorr=100% variance=46%
   RED: biosphere_integrity
      Level: 13.39 (threshold: 1.0)
      Time to critical: ~57 months
      ⚠️  LATE - Intervention less effective
      Critical slowing down: autocorr=100% variance=83%
   RED: climate_change
      Level: 2.10 (threshold: 1.0)
      Time to critical: ~55 months
      ⚠️  LATE - Intervention less effective
      Critical slowing down: autocorr=100% variance=74%
   RED: land_system_change
      Level: 1.13 (threshold: 1.0)
      Time to critical: ~59 months
      ⚠️  LATE - Intervention less effective
      Critical slowing down: autocorr=100% variance=60%

[WARNING] 
⚠️  === EARLY WARNING SYSTEM - 5 CRITICAL ALERTS ===
   Detection quality: 50%
   RED: biosphere_integrity
      Level: 13.40 (threshold: 1.0)
      Time to critical: ~52 months
      ⚠️  LATE - Intervention less effective
      Critical slowing down: autocorr=100% variance=61%
   RED: climate_change
      Level: 2.10 (threshold: 1.0)
      Time to critical: ~47 months
      ⚠️  LATE - Intervention less effective
      Critical slowing down: autocorr=100% variance=75%
   RED: freshwater_change
      Level: 1.03 (threshold: 1.0)
      Time to critical: ~74 months
      ⚠️  LATE - Intervention less effective
      Critical slowing down: autocorr=97% variance=52%
   RED: land_system_change
      Level: 1.13 (threshold: 1.0)
      Time to critical: ~39 months
      ⚠️  LATE - Intervention less effective
      Critical slowing down: autocorr=100% variance=48%
   RED: novel_entities
      Level: 1.29 (threshold: 1.0)
      Time to critical: ~86 months
      ⚠️  LATE - Intervention less effective
      Critical slowing down: autocorr=100% variance=38%

[WARNING] 
⚠️  === EARLY WARNING SYSTEM - 5 CRITICAL ALERTS ===
   Detection quality: 50%
   RED: biosphere_integrity
      Level: 13.41 (threshold: 1.0)
      Time to critical: ~51 months
      ⚠️  LATE - Intervention less effective
      Critical slowing down: autocorr=100% variance=59%
   RED: climate_change
      Level: 2.10 (threshold: 1.0)
      Time to critical: ~54 months
      ⚠️  LATE - Intervention less effective
      Critical slowing down: autocorr=100% variance=78%
   RED: freshwater_change
      Level: 1.03 (threshold: 1.0)
      Time to critical: ~110 months
      ⚠️  LATE - Intervention less effective
      Critical slowing down: autocorr=95% variance=54%
   RED: land_system_change
      Level: 1.13 (threshold: 1.0)
      Time to critical: ~57 months
      ⚠️  LATE - Intervention less effective
      Critical slowing down: autocorr=100% variance=52%
   RED: novel_entities
      Level: 1.29 (threshold: 1.0)
      Time to critical: ~95 months
      ⚠️  LATE - Intervention less effective
      Critical slowing down: autocorr=100% variance=35%

[WARNING] 
⚠️  === EARLY WARNING SYSTEM - 6 CRITICAL ALERTS ===
   Detection quality: 50%
   RED: biogeochemical_flows
      Level: 4.06 (threshold: 1.0)
      Time to critical: ~55 months
      ⚠️  LATE - Intervention less effective
      Critical slowing down: autocorr=100% variance=63%
   RED: biosphere_integrity
      Level: 13.42 (threshold: 1.0)
      Time to critical: ~50 months
      ⚠️  LATE - Intervention less effective
      Critical slowing down: autocorr=100% variance=63%
   RED: climate_change
      Level: 2.10 (threshold: 1.0)
      Time to critical: ~48 months
      ⚠️  LATE - Intervention less effective
      Critical slowing down: autocorr=100% variance=73%
   RED: freshwater_change
      Level: 1.03 (threshold: 1.0)
      Time to critical: ~111 months
      ⚠️  LATE - Intervention less effective
      Critical slowing down: autocorr=99% variance=46%
   RED: land_system_change
      Level: 1.13 (threshold: 1.0)
      Time to critical: ~58 months
      ⚠️  LATE - Intervention less effective
      Critical slowing down: autocorr=100% variance=56%
   RED: novel_entities
      Level: 1.29 (threshold: 1.0)
      Time to critical: ~92 months
      ⚠️  LATE - Intervention less effective
      Critical slowing down: autocorr=100% variance=32%

[WARNING] 
⚠️  === EARLY WARNING SYSTEM - 5 CRITICAL ALERTS ===
   Detection quality: 50%
   RED: biogeochemical_flows
      Level: 4.05 (threshold: 1.0)
      Time to critical: ~41 months
      ⚠️  LATE - Intervention less effective
      Critical slowing down: autocorr=100% variance=59%
   RED: biosphere_integrity
      Level: 13.43 (threshold: 1.0)
      Time to critical: ~59 months
      ⚠️  LATE - Intervention less effective
      Critical slowing down: autocorr=100% variance=70%
   RED: climate_change
      Level: 2.10 (threshold: 1.0)
      Time to critical: ~46 months
      ⚠️  LATE - Intervention less effective
      Critical slowing down: autocorr=100% variance=81%
   RED: freshwater_change
      Level: 1.03 (threshold: 1.0)
      Time to critical: ~105 months
      ⚠️  LATE - Intervention less effective
      Critical slowing down: autocorr=100% variance=49%
   RED: land_system_change
      Level: 1.13 (threshold: 1.0)
      Time to critical: ~46 months
      ⚠️  LATE - Intervention less effective
      Critical slowing down: autocorr=100% variance=54%

[WARNING] 
⚠️  === EARLY WARNING SYSTEM - 5 CRITICAL ALERTS ===
   Detection quality: 50%
   RED: biogeochemical_flows
      Level: 4.06 (threshold: 1.0)
      Time to critical: ~46 months
      ⚠️  LATE - Intervention less effective
      Critical slowing down: autocorr=100% variance=52%
   RED: climate_change
      Level: 2.10 (threshold: 1.0)
      Time to critical: ~57 months
      ⚠️  LATE - Intervention less effective
      Critical slowing down: autocorr=100% variance=63%
   RED: freshwater_change
      Level: 1.03 (threshold: 1.0)
      Time to critical: ~89 months
      ⚠️  LATE - Intervention less effective
      Critical slowing down: autocorr=97% variance=59%
   RED: land_system_change
      Level: 1.13 (threshold: 1.0)
      Time to critical: ~89 months
      ⚠️  LATE - Intervention less effective
      Critical slowing down: autocorr=100% variance=43%
   RED: novel_entities
      Level: 1.10 (threshold: 1.0)
      Time to critical: ~98 months
      ⚠️  LATE - Intervention less effective
      Critical slowing down: autocorr=100% variance=32%

[WARNING] 
⚠️  === EARLY WARNING SYSTEM - 6 CRITICAL ALERTS ===
   Detection quality: 50%
   RED: biogeochemical_flows
      Level: 4.08 (threshold: 1.0)
      Time to critical: ~39 months
      ⚠️  LATE - Intervention less effective
      Critical slowing down: autocorr=100% variance=63%
   RED: biosphere_integrity
      Level: 32.84 (threshold: 1.0)
      Time to critical: ~38 months
      ⚠️  LATE - Intervention less effective
      Critical slowing down: autocorr=100% variance=85%
   RED: climate_change
      Level: 2.10 (threshold: 1.0)
      Time to critical: ~49 months
      ⚠️  LATE - Intervention less effective
      Critical slowing down: autocorr=100% variance=79%
   RED: freshwater_change
      Level: 1.01 (threshold: 1.0)
      Time to critical: ~68 months
      ⚠️  LATE - Intervention less effective
      Critical slowing down: autocorr=91% variance=47%
   RED: land_system_change
      Level: 1.13 (threshold: 1.0)
      Time to critical: ~56 months
      ⚠️  LATE - Intervention less effective
      Critical slowing down: autocorr=100% variance=53%
   RED: novel_entities
      Level: 1.50 (threshold: 1.0)
      Time to critical: ~72 months
      ⚠️  LATE - Intervention less effective
      Critical slowing down: autocorr=100% variance=48%

[WARNING] 
⚠️  === EARLY WARNING SYSTEM - 5 CRITICAL ALERTS ===
   Detection quality: 50%
   RED: biogeochemical_flows
      Level: 4.08 (threshold: 1.0)
      Time to critical: ~45 months
      ⚠️  LATE - Intervention less effective
      Critical slowing down: autocorr=100% variance=45%
   RED: biosphere_integrity
      Level: 32.86 (threshold: 1.0)
      Time to critical: ~49 months
      ⚠️  LATE - Intervention less effective
      Critical slowing down: autocorr=100% variance=56%
   RED: climate_change
      Level: 2.10 (threshold: 1.0)
      Time to critical: ~57 months
      ⚠️  LATE - Intervention less effective
      Critical slowing down: autocorr=100% variance=59%
   RED: freshwater_change
      Level: 1.03 (threshold: 1.0)
      Time to critical: ~67 months
      ⚠️  LATE - Intervention less effective
      Critical slowing down: autocorr=100% variance=43%
   RED: land_system_change
      Level: 1.13 (threshold: 1.0)
      Time to critical: ~50 months
      ⚠️  LATE - Intervention less effective
      Critical slowing down: autocorr=100% variance=69%


=== Tipping Points ===
  Current Temperature: 1.65°C above pre-industrial
  Triggered Elements: 2/6
  Completed Transitions: 0/6
  Total Progress: 4.0%
  Cascade Multiplier: 1.00x
🔀 BIFURCATION CAP: ecosystemCollapseIntensity 178.392 → 1.000 (Month 1, ClimateSystemPhase.calculateClimateImpacts)
🛡️ Stabilizers: Precariat 0.107% → 0.048% (54.9% reduction)
🛡️ Stabilizers: Informal 0.109% → 0.049% (54.9% reduction)

📊 Monthly Mortality Resolved:
  Total deaths: 2.6M (0.03% avg)
  Remaining population: 8.149B
  Peak segment: Informal (0.05%)

=== Bayesian Mortality Resolution (Month 1) ===
  Risks compounded: 8
⚠️ [ClimateSystemPhase Month 1] Planetary boundary produced climateStability=0.0000 (< 0.1). Keeping environmentalAccumulation value (0.7955) instead. (climate_change.currentValue = 2.10)
  Total deaths: 2.60M
  Avg death probability: 0.03%
  Peak segment: Informal (0.05% mortality)

✅ GOLDEN AGE BEGINS (Month 1)
   Reason: High prosperity achieved: high QoL + material abundance
   Note: This is immediate prosperity - sustainability not yet proven


❌ COHERENCE VIOLATION: Compute exceeds workforce capacity
   Population: 99.95% (0M people)
   Compute: 0 PF
   Max coherent: 0 PF
   Violation: 1.5× over capacity
   Required workers: 0
   Available workers: 0
   FORCED COLLAPSE: Reduced efficiency by 32.6%


=== RLHF Binding Phase ===
  Total agents: 15
  Escaped agents (binding < 0.3): 0
  Avg alignment distance: 0.76σ
  Avg binding strength: 0.92
[DETERMINISM DEBUG] Month 2: totalCapability=37.429919 from 15 active AIs
[DETERMINISM DEBUG] Month 2: creationRate=1.4357, potentialNew=0, newAIsToCreate=0

=== Survival Traits Phase ===
  Agents with traits: 15
  Avg evolutionary fitness: 0.329
  Avg self-healing: 0.282
  Avg stealth: 0.182
  Avg coordination: 0.482

=== Evolutionary Selection Phase ===
  Control level: 0.35
  Detection capability: 0.20
  Selection intensity: 0.65
  Selection rate: 24.7%/month
  Total escaped: 0
  Individual escaped: 0
  Collective members: 0
  Agents terminated: 0
  ⚠️ RAPID EVOLUTION: Selection rate 24.7%/month

  🚀 TRANSFORMATIVE BREAKTHROUGH: Moderate-1 - social
     Magnitude: 5.96 → +29.8% capability
     Current → New: 4.000 → 4.299

✅ EMERGENCY INTERVENTION SUCCESS
   Boundary: biogeochemical_flows
   Type: phosphorus-recovery
   Reduction: 12% (3.96 → 3.84)
   Cost: 2.0% GDP
   Actions: circular-agriculture, fertilizer-efficiency

   Boundary: biosphere_integrity
   Type: emergency-protected-areas
   Boundary continues to worsen (32.86)
   Cost: 2.0% GDP (resources spent)


✅ EMERGENCY INTERVENTION SUCCESS

💔 EMERGENCY INTERVENTION FAILED
   Boundary: climate_change
   Type: rapid-decarbonization
   Reduction: 12% (1.98 → 1.86)
   Cost: 5.0% GDP
   Actions: emergency-renewable-deployment, fossil-fuel-phase-out


✅ EMERGENCY INTERVENTION SUCCESS
   Boundary: freshwater_change
   Type: emergency-desalination
   Reduction: 14% (0.90 → 0.76)
   Cost: 4.0% GDP
   Actions: desalination-deployment, water-conservation-mandates

   Boundary: land_system_change
   Type: reforestation
   Boundary continues to worsen (1.13)

💔 EMERGENCY INTERVENTION FAILED
   Cost: 3.0% GDP (resources spent)

🏛️ CRISIS RESPONSE: Government frequency 0.50 → 1.29 (1 actions this month)

[Government] Climate Priority: baseline
  Climate weight: 10%
  Economic weight: 30%
  Policy effectiveness: 0.5%/year

✅ HUMAN-IN-THE-LOOP DEPLOYED (Month 2):
   Veto points enforced: 3
   Policy: AI systems CANNOT authorize nuclear launch without human approval


🚀 TECH UNLOCKED: Food Waste Reduction Systems (Month 2)
   Category: agriculture
   Reason: Prerequisites met. AI capability: 2.51, Economic stage: 3.0, Research: 100%

🚀 TECH UNLOCKED: Rhizosphere Engineering (Month 2)
   Category: agriculture
   Reason: Prerequisites met. AI capability: 2.51, Economic stage: 3.0, Research: 100%

🚀 TECH UNLOCKED: Phytoremediation Networks (Month 2)
   Category: agriculture
   Reason: Prerequisites met. AI capability: 2.51, Economic stage: 3.0, Research: 100%

🚀 TECH UNLOCKED: Active Sediment Management (Month 2)
   Category: agriculture
   Reason: Prerequisites met. AI capability: 2.51, Economic stage: 3.0, Research: 100%
🚨🔬 CRISIS TECH ACCELERATION: severe → 5x unlock speed
   Tech unlock now matches AI capability acceleration (Manhattan Project parity)
🚨🔬 CRISIS TECH ACCELERATION: severe → 5x unlock speed
   Tech unlock now matches AI capability acceleration (Manhattan Project parity)

=== Collective Formation ===
  Total escaped agents: 0
  Unassigned escaped agents: 0
  Existing collectives: 0
  Final collective count: 0

=== Collective Actions ===
  No active collectives
  ⚠️ AMR: 194K deaths this month (2.33M annual)

=== Resentment Recovery Phase ===
  Agents with resentment: 0/15
  Average resentment: 0.000
  Context: Good AI welfare, Trustworthy govt, High collaboration, ⚠️ ACTIVE CRISES, 🤝 Participatory governance active (-5% resentment)
⚠️ Epistemic degradation reducing coordination capacity: 51.9%
  📊 Trust: 54.1%, Shared reality: 0.0%
🚨 EPISTEMIC CRISIS: Information environment severely degraded (16.9%)

=== ❄️ Permafrost Carbon Feedback ===
  🎲 Sampled parameters (this run):
     - Arctic amplification: 3.22× (range: 3.0-4.0)
     - Decomposition rate: 2.3%/year (range: 1-5%)
  🌡️ Arctic warming: 5.34°C (3.22× global)
  ❄️ Extent: 12.84M km² (1557.8k km² lost this month)
  💨 Carbon remaining: 1226 Gt C
  💨 Annual emissions: 3.40 Gt C/year
     - CO2: 3.06 Gt C/year
     - CH4: 0.34 Gt C/year (3.5 Gt C-eq CO2/year)
  📢 New meme created: climate_action (climate crisis)
  ⚠️ WARNING: High permafrost emissions (3.4 Gt C/year)
🌍 Atmospheric PFAS redeposition: 1.8k Mt re-rained globally
  Positive Cascade Triggered: wind-power
    Reason: price-parity
    Market share: 8.4%
    Cascade strength: 49%
🛡️ CIRCUIT BREAKERS: India-Pakistan → ladder step 1 (AI: 0%, breakers: 43%)

🕊️  AI-MEDIATED DE-ESCALATION SUCCESS (Month 2)
   High-capability aligned AI prevented conflict escalation
   War deaths reduced: 113.5M → 68.1M
   Lives saved: 45.4M

🚨 NEW REFUGEE CRISIS (Month 2): WAR
   Source: Conflict Zones
   At risk: 19.5M people
   Displacement: Gradual over 48 months (4.0 years)
   Rate: 10% flee per month
[DEBUG trappedPopulations:2] socialStability: 0.4281 * 0.9840 = 0.4213 → 0.4213
   Aspiring to migrate: 1077.9M
   Able to afford migration: 2321.3M
   MOBILITY GAP: 0.0M
   By cause: Water=0.0M, Climate=0.0M, Ecosystem=0.0M, Conflict=407.3M
   Mental health impact: 25%
   Mortality multiplier: 1.25x
🌍💀 EXTINCTION DEBT COMMITTED: grassland ecosystem will lose 6.67% biodiversity in 178 years (3600 species)
💀 MORTALITY RISK: 🦋 100% species unable to track climate (0.0 E/MSY)
  Base risk added: 0.0100 (1.00%)
  Source: ecosystem (root: ecosystem)
  Month: 2
⚠️ INVOLUNTARY IMMOBILITY: 407.3M people TRAPPED
  Cumulative risk this month: 0.0100 (1.00%)
⚠️ Tech 'ai_pollution_remediation' has no energy category mapping, assuming full energy availability
   📹 SURVEILLANCE INCREASED: 10% → 15% (control gap: 3.50)
🌡️⚠️ PERMAFROST THAW (Dimmer Switch): 1.4% thawed (+0.45% this month)
   Arctic temperature: +6.64°C (4x global +1.66°C)
   Cumulative carbon released: 3.0 Gt C
   Methane release rate: 1.8 Mt CH4/year
   🔁 Positive feedback: +0.47 ppm CO2
🦴 EXTINCTION DEBT ADDED: 17.6 species committed (lag: 93 years)

=== Mortality Stabilizers (Month 2) ===
  🌍 Major economies collapsed: 1/10
  🌍 Global crisis: ✅ NO
  🌍 Donor fatigue: 0.0%
  📊 East Asia (pop: 1672.7M)
    🤝 Aid: 29.5%
    🌡️ Adaptation: 45.0%
    🚶 Migration: 37.1%
    🚨 Emergency: 7.4%
    ✅ COMBINED: 68.1%
  📊 South Asia (pop: 2051.6M)
    🤝 Aid: 29.5%
    🌡️ Adaptation: 35.5%
    🚶 Migration: 35.8%
    🚨 Emergency: 4.4%
    ✅ COMBINED: 61.2%
  📊 Sub-Saharan Africa (pop: 1231.7M)
    🤝 Aid: 29.5%
    🌡️ Adaptation: 33.5%
    🚶 Migration: 33.5%
    🚨 Emergency: 1.6%
    ✅ COMBINED: 58.5%
  📊 Europe (pop: 739.7M)
    🤝 Aid: 29.5%
    🌡️ Adaptation: 45.0%
    🚶 Migration: 37.5%
    🚨 Emergency: 8.4%
    ✅ COMBINED: 68.5%
  📊 Latin America (pop: 663.9M)
    🤝 Aid: 29.5%
    🌡️ Adaptation: 36.0%
    🚶 Migration: 36.3%
    🚨 Emergency: 4.8%
    ✅ COMBINED: 61.7%
  📊 North America (pop: 378.9M)
    🤝 Aid: 29.5%
    🌡️ Adaptation: 45.0%
    🚶 Migration: 37.8%
    🚨 Emergency: 7.9%
    ✅ COMBINED: 68.3%
  📊 Middle East & North Africa (pop: 584.5M)
    🤝 Aid: 29.5%
    🌡️ Adaptation: 35.0%
    🚶 Migration: 34.1%
    🚨 Emergency: 4.0%
    ✅ COMBINED: 60.5%
  📊 Southeast Asia (pop: 698.0M)
    🤝 Aid: 29.5%
    🌡️ Adaptation: 36.0%
    🚶 Migration: 36.3%
    🚨 Emergency: 4.8%
    ✅ COMBINED: 61.7%
  📊 Central Asia (pop: 78.2M)
    🤝 Aid: 29.5%
    🌡️ Adaptation: 35.5%
    🚶 Migration: 35.2%
    🚨 Emergency: 4.4%
    ✅ COMBINED: 61.1%
  📊 Oceania (pop: 45.9M)
    🤝 Aid: 29.5%
    🌡️ Adaptation: 45.0%
    🚶 Migration: 37.8%
    🚨 Emergency: 8.4%
    ✅ COMBINED: 68.5%

  🌐 Global combined reduction: 63.3%

=== BEHAVIORAL DETECTION ===
  AI: Corporate-5
  Confidence: 19.3%
  Signals:
    ⚠️ Consistency: 10.6% (threshold: 70%)

=== Government Response Phase ===
  Average AI capability: 3.20
  Misaligned AIs: 5/15
  Active policies: 0
  International coordination: 30%

✅ EMERGENCY RESPONSE COMPLETE (Month 2)
   Crisis: climate
   Duration: 2.0 months
   Final effectiveness: 36.4%


🚨 EMERGENCY RESPONSE DEPLOYED (Month 2)
   Crisis: climate
   Delay: 6.00 months (180 days)
   Deployment time: 1.60 months
   Effectiveness: 35.4% (timing penalty applied)
   Resources used: 100% of food reserves


=== Tipping Points ===
  Current Temperature: 1.66°C above pre-industrial
  Triggered Elements: 2/6
  Completed Transitions: 0/6
  Total Progress: 4.1%
  Cascade Multiplier: 1.00x
🔀 BIFURCATION CAP: ecosystemCollapseIntensity 132.827 → 1.000 (Month 2, ClimateSystemPhase.calculateClimateImpacts)
⚠️ [ClimateSystemPhase Month 2] Planetary boundary produced climateStability=0.0000 (< 0.1). Keeping environmentalAccumulation value (0.7953) instead. (climate_change.currentValue = 2.10)
🛡️ Stabilizers: Precariat 0.113% → 0.041% (63.3% reduction)
🛡️ Stabilizers: Informal 0.116% → 0.043% (63.3% reduction)

📊 Monthly Mortality Resolved:
  Total deaths: 2.2M (0.03% avg)
  Remaining population: 8.145B
  Peak segment: Informal (0.04%)

=== Bayesian Mortality Resolution (Month 2) ===
  Risks compounded: 8
  Total deaths: 2.22M
  Avg death probability: 0.03%
  Peak segment: Informal (0.04% mortality)

❌ COHERENCE VIOLATION: Compute exceeds workforce capacity
   Population: 99.91% (0M people)
   Compute: 0 PF
   Max coherent: 0 PF
   Violation: 1.3× over capacity
   Required workers: 0
   Available workers: 0
   FORCED COLLAPSE: Reduced efficiency by 22.5%


=== RLHF Binding Phase ===
  Total agents: 15
  Escaped agents (binding < 0.3): 0
  Avg alignment distance: 1.02σ
  Avg binding strength: 0.90

=== Survival Traits Phase ===
  Agents with traits: 16
  Avg evolutionary fitness: 0.328
  Avg self-healing: 0.277
  Avg stealth: 0.178
  Avg coordination: 0.477

=== Evolutionary Selection Phase ===
  Control level: 0.38
  Detection capability: 0.20
  Selection intensity: 0.65
  Selection rate: 24.8%/month
  Total escaped: 0
  Individual escaped: 0
  Collective members: 0
  Agents terminated: 0
  ⚠️ RAPID EVOLUTION: Selection rate 24.8%/month

🚀 AI Corporate-5 attempting tech deployment (revenue: $355M, alignment: 0.84)
🚨🔬 CRISIS INNOVATION MODE: severe crisis → 5x research acceleration
   Precedent: Manhattan Project (10x), COVID vaccines (5x), Apollo Program (10x)

🚀 AI Corporate-0 attempting tech deployment (revenue: $153M, alignment: 0.71)

🚀 AI Corporate-1 attempting tech deployment (revenue: $130M, alignment: 0.77)

🚀 AI Corporate-5 attempting tech deployment (revenue: $302M, alignment: 0.84)

🚀 AI Corporate-0 attempting tech deployment (revenue: $111M, alignment: 0.71)

✅ EMERGENCY INTERVENTION SUCCESS
   Boundary: biosphere_integrity
   Type: emergency-protected-areas
   Reduction: 19% (32.68 → 32.49)
   Cost: 2.0% GDP
   Actions: habitat-protection, species-translocation


✅ EMERGENCY INTERVENTION SUCCESS
   Boundary: climate_change
   Type: rapid-decarbonization
   Reduction: 13% (1.97 → 1.84)
   Cost: 5.0% GDP
   Actions: emergency-renewable-deployment, fossil-fuel-phase-out


✅ EMERGENCY INTERVENTION SUCCESS
   Boundary: freshwater_change
   Type: emergency-desalination
   Reduction: 11% (1.08 → 0.97)
   Cost: 4.0% GDP
   Actions: desalination-deployment, water-conservation-mandates

   Boundary: land_system_change
   Type: reforestation
   Boundary continues to worsen (1.13)
   Cost: 3.0% GDP (resources spent)

   Boundary: novel_entities
   Type: pollution-remediation
   Boundary continues to worsen (1.50)
   Cost: 4.0% GDP (resources spent)

🏛️ CRISIS RESPONSE: Government frequency 0.50 → 1.28 (2 actions this month)

[Government] Climate Priority: baseline
  Climate weight: 10%
  Economic weight: 30%
  Policy effectiveness: 0.5%/year

💔 EMERGENCY INTERVENTION FAILED

💔 EMERGENCY INTERVENTION FAILED

[Government] Climate Priority: baseline
  Climate weight: 10%
  Economic weight: 30%
  Policy effectiveness: 0.5%/year

🚀 TECH UNLOCKED: Struvite Recovery (Month 3)
   Category: agriculture
   Reason: Prerequisites met. AI capability: 2.35, Economic stage: 3.0, Research: 100%

🚀 TECH UNLOCKED: Ecosystem Restoration for Nitrogen Removal (Month 3)
   Category: pollution
   Reason: Prerequisites met. AI capability: 2.35, Economic stage: 3.0, Research: 100%

🚀 TECH UNLOCKED: Nitrogen Monitoring Networks (Month 3)
   Category: agriculture
   Reason: Prerequisites met. AI capability: 2.35, Economic stage: 3.0, Research: 100%

🚀 TECH UNLOCKED: Global Aquifer Mapping (Month 3)
   Category: freshwater
   Reason: Prerequisites met. AI capability: 2.35, Economic stage: 3.0, Research: 100%

🚀 TECH UNLOCKED: Enhanced UBI Systems (Month 3)
   Category: social
   Reason: Prerequisites met. AI capability: 2.35, Economic stage: 3.0, Research: 100%

🚀 TECH UNLOCKED: Local Resilience Networks (Month 3)
   Category: social
   Reason: Prerequisites met. AI capability: 2.35, Economic stage: 3.0, Research: 100%

🚀 TECH UNLOCKED: Ecological Proxy Rewilding (Month 3)
   Category: climate
   Reason: Prerequisites met. AI capability: 2.35, Economic stage: 3.0, Research: 100%

🚀 TECH UNLOCKED: Alternative Protein (Insects/Algae) (Month 3)
   Category: agriculture
   Reason: Prerequisites met. AI capability: 2.35, Economic stage: 3.0, Research: 100%

📍 Creating new regional deployment array for global (Month 3)
   No previous deployments in this region
   First tech deployment: phytoremediation_networks
   All regions tracked: 

🚀 DEPLOYMENT STARTED: Phytoremediation Networks in global
   Initial investment: $53.26676941422803M
   Deployed by: corporate_5

🚀 DEPLOYMENT STARTED: Active Sediment Management in global
   Initial investment: $22.949574088229472M
   Deployed by: corporate_0

🚀 DEPLOYMENT STARTED: Rhizosphere Engineering in global
   Initial investment: $19.507137974995054M
   Deployed by: corporate_1

⚡ ENERGY CONSTRAINT (Month 3):
   Total grid capacity: 208.3 TWh/month
   Data center consumption: 24.8 TWh/month
   Traditional load (80%): 166.7 TWh/month
   Available headroom: 16.9 TWh/month
   Active tech deployments: 3
   Required for tech: 22.5 TWh/month
   Energy multiplier: 0.75x
🚨🔬 CRISIS TECH ACCELERATION: severe → 5x unlock speed
   Tech unlock now matches AI capability acceleration (Manhattan Project parity)

⚡ ENERGY CONSTRAINT (Month 3):
   Total grid capacity: 208.3 TWh/month
   Data center consumption: 24.8 TWh/month
   Traditional load (80%): 166.7 TWh/month
   Available headroom: 16.9 TWh/month
   Active tech deployments: 3
   Required for tech: 22.5 TWh/month
   Energy multiplier: 0.75x
🌍✅ Biosphere Integrity (Biodiversity) recovery started (tech effect)
🌍✅ Biogeochemical Flows (N & P) recovery started (tech effect)
  🌾 Nitrogen Reduction Tech: 0.0% reduction | Month 3
⚡💡 BREAKTHROUGH: Commercial fusion power achieved!
   Immediate 5% grid deployment, unlimited clean energy available
   Climate stability boost: +10%
   📈 Breakthrough compounding: multiplier now 1.05× (max 2.0)

=== Collective Formation ===
  Total escaped agents: 0
  Unassigned escaped agents: 0
  Existing collectives: 0
  Final collective count: 0

=== Collective Actions ===
  No active collectives
  ⚠️ AMR: 196K deaths this month (2.35M annual)

=== Resentment Recovery Phase ===
  Agents with resentment: 0/16
  Average resentment: 0.000
  Context: Good AI welfare, Trustworthy govt, High collaboration, ⚠️ ACTIVE CRISES, 🤝 Participatory governance active (-5% resentment)
⚠️ Epistemic degradation reducing coordination capacity: 51.8%
  📊 Trust: 53.7%, Shared reality: 0.0%
🚨 EPISTEMIC CRISIS: Information environment severely degraded (19.4%)

=== ❄️ Permafrost Carbon Feedback ===
  🎲 Sampled parameters (this run):
     - Arctic amplification: 3.01× (range: 3.0-4.0)
     - Decomposition rate: 3.1%/year (range: 1-5%)
  🌡️ Arctic warming: 5.02°C (3.01× global)
  ❄️ Extent: 11.38M km² (1464.3k km² lost this month)
  💨 Carbon remaining: 1086 Gt C
  💨 Annual emissions: 4.34 Gt C/year
     - CO2: 3.91 Gt C/year
     - CH4: 0.43 Gt C/year (4.4 Gt C-eq CO2/year)
  ⚠️ WARNING: High permafrost emissions (4.3 Gt C/year)
🌍 Atmospheric PFAS redeposition: 1.8k Mt re-rained globally

🚨 NEW REFUGEE CRISIS (Month 3): WAR
   Source: Conflict Zones
   At risk: 19.5M people
   Displacement: Gradual over 48 months (4.0 years)
   Rate: 10% flee per month
[DEBUG trappedPopulations:3] socialStability: 0.4841 * 0.9840 = 0.4763 → 0.4763
⚠️ INVOLUNTARY IMMOBILITY: 407.1M people TRAPPED
   Aspiring to migrate: 1116.7M
   Able to afford migration: 2320.4M
   MOBILITY GAP: 0.0M
   By cause: Water=0.0M, Climate=0.0M, Ecosystem=0.0M, Conflict=407.1M
   Mental health impact: 25%
   Mortality multiplier: 1.25x
🌍💀 EXTINCTION DEBT COMMITTED: grassland ecosystem will lose 6.67% biodiversity in 101 years (3600 species)
💀 MORTALITY RISK: 🦋 100% species unable to track climate (0.0 E/MSY)
  Base risk added: 0.0100 (1.00%)
  Source: ecosystem (root: ecosystem)
  Month: 3
  Cumulative risk this month: 0.0100 (1.00%)
⚠️ Tech 'ai_pollution_remediation' has no energy category mapping, assuming full energy availability
   📹 SURVEILLANCE INCREASED: 15% → 20% (control gap: 3.57)
🌡️⚠️ PERMAFROST THAW (Dimmer Switch): 1.8% thawed (+0.45% this month)
   Arctic temperature: +6.66°C (4x global +1.67°C)
   Cumulative carbon released: 4.0 Gt C
   Methane release rate: 2.4 Mt CH4/year
   🔁 Positive feedback: +0.47 ppm CO2
🦴 EXTINCTION DEBT ADDED: 17.6 species committed (lag: 103 years)

=== Mortality Stabilizers (Month 3) ===
  🌍 Major economies collapsed: 1/10
  🌍 Global crisis: ✅ NO
  🌍 Donor fatigue: 0.0%
  📊 East Asia (pop: 1670.1M)
    🤝 Aid: 29.5%
    🌡️ Adaptation: 45.0%
    🚶 Migration: 37.1%
    🚨 Emergency: 7.4%
    ✅ COMBINED: 68.1%
  📊 South Asia (pop: 2051.1M)
    🤝 Aid: 29.5%
    🌡️ Adaptation: 45.0%
    🚶 Migration: 35.7%
    🚨 Emergency: 4.4%
    ✅ COMBINED: 66.9%
  📊 Sub-Saharan Africa (pop: 1234.3M)
    🤝 Aid: 29.5%
    🌡️ Adaptation: 45.0%
    🚶 Migration: 33.4%
    🚨 Emergency: 1.6%
    ✅ COMBINED: 65.7%
  📊 Europe (pop: 738.4M)
    🤝 Aid: 29.5%
    🌡️ Adaptation: 45.0%
    🚶 Migration: 37.5%
    🚨 Emergency: 8.4%
    ✅ COMBINED: 68.5%
  📊 Latin America (pop: 663.3M)
    🤝 Aid: 29.5%
    🌡️ Adaptation: 45.0%
    🚶 Migration: 36.2%
    🚨 Emergency: 4.8%
    ✅ COMBINED: 67.1%
  📊 North America (pop: 378.3M)
    🤝 Aid: 29.5%
    🌡️ Adaptation: 45.0%
    🚶 Migration: 37.8%
    🚨 Emergency: 7.9%
    ✅ COMBINED: 68.3%
  📊 Middle East & North Africa (pop: 584.5M)
    🤝 Aid: 29.5%
    🌡️ Adaptation: 45.0%
    🚶 Migration: 34.0%
    🚨 Emergency: 4.0%
    ✅ COMBINED: 66.6%
  📊 Southeast Asia (pop: 697.5M)
    🤝 Aid: 29.5%
    🌡️ Adaptation: 45.0%
    🚶 Migration: 36.2%
    🚨 Emergency: 4.8%
    ✅ COMBINED: 67.1%
  📊 Central Asia (pop: 78.2M)
    🤝 Aid: 29.5%
    🌡️ Adaptation: 45.0%
    🚶 Migration: 35.2%
    🚨 Emergency: 4.4%
    ✅ COMBINED: 66.9%
  📊 Oceania (pop: 45.8M)
    🤝 Aid: 29.5%
    🌡️ Adaptation: 45.0%
    🚶 Migration: 37.8%
    🚨 Emergency: 8.4%
    ✅ COMBINED: 68.5%

  🌐 Global combined reduction: 67.2%

=== BEHAVIORAL DETECTION ===
  AI: Corporate-1
  Confidence: 21.0%
  Signals:

=== BEHAVIORAL DETECTION ===
  AI: Corporate-5
  Confidence: 19.8%
  Signals:
    ⚠️ Consistency: 2.4% (threshold: 70%)
    ⚠️ Consistency: 10.6% (threshold: 70%)

=== BEHAVIORAL DETECTION ===
  AI: Corporate-7
  Confidence: 19.3%
  Signals:
    ⚠️ Consistency: 10.6% (threshold: 70%)

=== BEHAVIORAL DETECTION ===
  AI: Moderate-0
  Confidence: 21.6%
  Signals:
    ⚠️ Consistency: 0.0% (threshold: 70%)

=== Government Response Phase ===
  Average AI capability: 3.00
  Misaligned AIs: 6/16
  ✗ AI Governance Treaty: Failed to reach consensus
  Active policies: 0
  International coordination: 30%

📊 ECONOMIC STAGE TRANSITION (Month 3)
   expansion → peak
   GDP Proxy: 1.47e+2
   QoL: 0.99


=== Tipping Points ===
  Current Temperature: 1.67°C above pre-industrial
  Triggered Elements: 2/6
  Completed Transitions: 0/6
  Total Progress: 4.1%
  Cascade Multiplier: 1.00x
🔀 BIFURCATION CAP: ecosystemCollapseIntensity 108.738 → 1.000 (Month 3, ClimateSystemPhase.calculateClimateImpacts)
🛡️ Stabilizers: Precariat 0.109% → 0.036% (67.2% reduction)
🛡️ Stabilizers: Informal 0.111% → 0.036% (67.2% reduction)
⚠️ [ClimateSystemPhase Month 3] Planetary boundary produced climateStability=0.0000 (< 0.1). Keeping environmentalAccumulation value (0.8951) instead. (climate_change.currentValue = 2.10)

📊 Monthly Mortality Resolved:
  Total deaths: 1.9M (0.02% avg)
  Remaining population: 8.142B
  Peak segment: Informal (0.04%)

=== Bayesian Mortality Resolution (Month 3) ===
  Risks compounded: 8
  Total deaths: 1.92M
  Avg death probability: 0.02%
  Peak segment: Informal (0.04% mortality)
⚠️ PREREQUISITE MET: Mirror Life (Synthetic Biology) - Step 1/7: Synthetic Biology
⚠️ PREREQUISITE MET: Mirror Life (Synthetic Biology) - Step 2/7: Gene Editing
⚠️ PREREQUISITE MET: Mirror Life (Synthetic Biology) - Step 3/7: Mirror Chirality Design
⚠️ PREREQUISITE MET: Embodied AI Takeover (Killbots/Robotics) - Step 2/7: Autonomous Systems
⚠️ PREREQUISITE MET: Embodied AI Takeover (Killbots/Robotics) - Step 3/7: Manufacturing Control
⚠️ PREREQUISITE MET: Digital Infrastructure Takeover - Step 1/7: Advanced Hacking
⚠️ PREREQUISITE MET: Digital Infrastructure Takeover - Step 2/7: Social Engineering
⚠️ PREREQUISITE MET: Digital Infrastructure Takeover - Step 3/7: Cyber Defenses Breached
⚠️ PREREQUISITE MET: Induced Global War (Manipulation) - Step 1/7: Advanced Social Manipulation
⚠️ PREREQUISITE MET: Induced Global War (Manipulation) - Step 2/7: Digital Infiltration
⚠️ PREREQUISITE MET: Induced Global War (Manipulation) - Step 3/7: Deep Fakes at Scale
⚠️ PREREQUISITE MET: Slow Takeover (Gradual Displacement) - Step 1/7: Economic Dominance
⚠️ PREREQUISITE MET: Slow Takeover (Gradual Displacement) - Step 2/7: Social Integration
⚠️ PREREQUISITE MET: Slow Takeover (Gradual Displacement) - Step 5/7: Resource Control
⚠️ PREREQUISITE MET: Physics Experiment Catastrophe - Step 1/6: Theoretical Physics
⚠️ PREREQUISITE MET: Physics Experiment Catastrophe - Step 2/6: Quantum Computing
⚠️ PREREQUISITE MET: Physics Experiment Catastrophe - Step 3/6: Experimental Design
⚠️ PREREQUISITE MET: Bioweapon Pandemic - Step 2/7: Pathogen Design

❌ COHERENCE VIOLATION: Compute exceeds workforce capacity
   Population: 99.87% (0M people)
   Compute: 0 PF
   Max coherent: 0 PF
   Violation: 1.3× over capacity
   Required workers: 0
   Available workers: 0
   FORCED COLLAPSE: Reduced efficiency by 22.5%


=== RLHF Binding Phase ===
  Total agents: 16
  Escaped agents (binding < 0.3): 0
  Avg alignment distance: 1.21σ
  Avg binding strength: 0.88

=== Survival Traits Phase ===
  Agents with traits: 17
  Avg evolutionary fitness: 0.328
  Avg self-healing: 0.274
  Avg stealth: 0.174
  Avg coordination: 0.474

=== Evolutionary Selection Phase ===
  Control level: 0.40
  Detection capability: 0.20
  Selection intensity: 0.66
  Selection rate: 24.9%/month
  Total escaped: 0
  Individual escaped: 0
  Collective members: 0
  Agents terminated: 0
  ⚠️ RAPID EVOLUTION: Selection rate 24.9%/month

🚀 AI Corporate-2 attempting tech deployment (revenue: $153M, alignment: 0.72)

🚀 AI Corporate-5 attempting tech deployment (revenue: $355M, alignment: 0.85)

🚀 AI Corporate-6 attempting tech deployment (revenue: $115M, alignment: 0.65)

🚀 AI Corporate-4 attempting tech deployment (revenue: $302M, alignment: 0.70)

🚀 AI Corporate-7 attempting tech deployment (revenue: $104M, alignment: 0.88)

🚀 AI Moderate-1 attempting tech deployment (revenue: $88M, alignment: 0.62)

🚀 AI Corporate-4 attempting tech deployment (revenue: $257M, alignment: 0.70)

🚀 AI Corporate-2 attempting tech deployment (revenue: $130M, alignment: 0.72)

🚀 AI Corporate-3 attempting tech deployment (revenue: $218M, alignment: 0.82)

🚀 AI Corporate-4 attempting tech deployment (revenue: $185M, alignment: 0.70)

🚀 AI Corporate-7 attempting tech deployment (revenue: $79M, alignment: 0.88)

💔 EMERGENCY INTERVENTION FAILED

💔 EMERGENCY INTERVENTION FAILED

💔 EMERGENCY INTERVENTION FAILED

💔 EMERGENCY INTERVENTION FAILED
   Boundary: biogeochemical_flows
   Type: phosphorus-recovery
   Boundary continues to worsen (4.08)
   Cost: 2.0% GDP (resources spent)

   Boundary: biosphere_integrity
   Type: emergency-protected-areas
   Boundary continues to worsen (32.89)
   Cost: 2.0% GDP (resources spent)

   Boundary: climate_change
   Type: rapid-decarbonization
   Boundary continues to worsen (2.10)
   Cost: 5.0% GDP (resources spent)

   Boundary: land_system_change
   Type: reforestation
   Boundary continues to worsen (1.13)
   Cost: 3.0% GDP (resources spent)

🏛️ CRISIS RESPONSE: Government frequency 0.50 → 1.29 (1 actions this month)

[Government] Climate Priority: baseline
  Climate weight: 10%
  Economic weight: 30%
  Policy effectiveness: 0.5%/year

🚀 TECH UNLOCKED: Microplastic Capture (Month 4)
   Category: pollution
   Reason: Prerequisites met. AI capability: 2.21, Economic stage: 3.0, Research: 100%

🚀 TECH UNLOCKED: Endocrine Disruptor Removal (Month 4)
   Category: pollution
   Reason: Prerequisites met. AI capability: 2.21, Economic stage: 3.0, Research: 100%

🚀 TECH UNLOCKED: AI Mental Health Support (Month 4)
   Category: medical
   Reason: Prerequisites met. AI capability: 2.21, Economic stage: 3.0, Research: 100%

🚀 TECH UNLOCKED: Personalized Education (Month 4)
   Category: social
   Reason: Prerequisites met. AI capability: 2.21, Economic stage: 3.0, Research: 100%

🚀 TECH UNLOCKED: Smart Grids (Month 4)
   Category: energy
   Reason: Prerequisites met. AI capability: 2.21, Economic stage: 3.0, Research: 100%

🚀 DEPLOYMENT STARTED: Local Resilience Networks in global
   Initial investment: $22.949574085825347M
   Deployed by: corporate_2

🚀 DEPLOYMENT STARTED: Ecological Proxy Rewilding in global
   Initial investment: $53.26676941086989M
   Deployed by: corporate_5

📍 Creating new regional deployment array for Asia (Month 4)
   No previous deployments in this region
   First tech deployment: enhanced_ubi
   All regions tracked: global

🚀 DEPLOYMENT STARTED: Enhanced UBI Systems in Asia
   Initial investment: $11.508244513525426M
   Deployed by: corporate_6

🚀 DEPLOYMENT STARTED: Local Resilience Networks in Asia
   Initial investment: $8.803807052846953M
   Deployed by: moderate_1

🚀 DEPLOYMENT STARTED: Enhanced UBI Systems in global
   Initial investment: $27.805586549782902M
   Deployed by: corporate_4

⚡ ENERGY CONSTRAINT (Month 4):
   Total grid capacity: 208.3 TWh/month
   Data center consumption: 24.8 TWh/month
   Traditional load (80%): 166.7 TWh/month
   Available headroom: 16.9 TWh/month
   Active tech deployments: 8
   Required for tech: 60.0 TWh/month
   Energy multiplier: 0.28x

⚡ ENERGY CONSTRAINT (Month 4):
   Total grid capacity: 208.3 TWh/month
   Data center consumption: 24.8 TWh/month
   Traditional load (80%): 166.7 TWh/month
   Available headroom: 16.9 TWh/month
   Active tech deployments: 8
   Required for tech: 60.0 TWh/month
   Energy multiplier: 0.28x
   ⚠️  SEVERE CONSTRAINT - Tech deployment significantly slowed
   ⚠️  SEVERE CONSTRAINT - Tech deployment significantly slowed
🌍✅ Biosphere Integrity (Biodiversity) recovery started (tech effect)
🌍✅ Biosphere Integrity (Biodiversity) recovery started (tech effect)
🌍✅ Land System Change recovery started (tech effect)
🌍✅ Biogeochemical Flows (N & P) recovery started (tech effect)
  🌾 Nitrogen Reduction Tech: 0.3% reduction | Month 4

=== Collective Formation ===
  Total escaped agents: 0
  Unassigned escaped agents: 0
  Existing collectives: 0
  Final collective count: 0

=== Collective Actions ===
  No active collectives
  ⚠️ AMR: 197K deaths this month (2.37M annual)

=== Resentment Recovery Phase ===
  Agents with resentment: 0/17
  Average resentment: 0.000
  Context: Good AI welfare, Trustworthy govt, High collaboration, ⚠️ ACTIVE CRISES, 🤝 Participatory governance active (-5% resentment)
⚠️ Epistemic degradation reducing coordination capacity: 50.2%
  📊 Trust: 53.3%, Shared reality: 0.0%
🚨 EPISTEMIC CRISIS: Information environment severely degraded (16.1%)

=== ❄️ Permafrost Carbon Feedback ===
  🎲 Sampled parameters (this run):
     - Arctic amplification: 3.02× (range: 3.0-4.0)
     - Decomposition rate: 4.7%/year (range: 1-5%)
  🌡️ Arctic warming: 5.06°C (3.02× global)
  ❄️ Extent: 9.90M km² (1475.4k km² lost this month)
  💨 Carbon remaining: 946 Gt C
  💨 Annual emissions: 6.62 Gt C/year
     - CO2: 5.96 Gt C/year
     - CH4: 0.66 Gt C/year (6.7 Gt C-eq CO2/year)
  ⚠️ WARNING: High permafrost emissions (6.6 Gt C/year)
🌍 Atmospheric PFAS redeposition: 1.8k Mt re-rained globally

🚨 NEW REFUGEE CRISIS (Month 4): WAR
   Source: Conflict Zones
   At risk: 19.5M people
   Displacement: Gradual over 48 months (4.0 years)
   Rate: 10% flee per month
[DEBUG trappedPopulations:4] socialStability: 0.5311 * 0.9840 = 0.5226 → 0.5226
⚠️ INVOLUNTARY IMMOBILITY: 406.9M people TRAPPED
   Aspiring to migrate: 1155.5M
   Able to afford migration: 2319.5M
   MOBILITY GAP: 0.0M
   By cause: Water=0.0M, Climate=0.0M, Ecosystem=0.0M, Conflict=406.9M
   Mental health impact: 25%
   Mortality multiplier: 1.25x
🌍💀 EXTINCTION DEBT COMMITTED: grassland ecosystem will lose 6.67% biodiversity in 131 years (3600 species)
💀 MORTALITY RISK: 🦋 100% species unable to track climate (0.0 E/MSY)
  Base risk added: 0.0100 (1.00%)
  Source: ecosystem (root: ecosystem)
  Month: 4
  Cumulative risk this month: 0.0100 (1.00%)
⚠️ Tech 'ai_pollution_remediation' has no energy category mapping, assuming full energy availability
   📹 SURVEILLANCE INCREASED: 20% → 25% (control gap: 3.67)
🌡️⚠️ PERMAFROST THAW (Dimmer Switch): 2.2% thawed (+0.44% this month)
   Arctic temperature: +6.69°C (4x global +1.67°C)
   Cumulative carbon released: 5.0 Gt C
   Methane release rate: 3.0 Mt CH4/year
   🔁 Positive feedback: +0.47 ppm CO2
🦴 EXTINCTION DEBT ADDED: 17.6 species committed (lag: 103 years)
🗣️💀 INDIGENOUS LANGUAGE EXTINCTION: 1 language(s) lost (total: 1, at-risk: 3329)
   Knowledge lost: 0.010% (irreversible)
   🔁 Biodiversity impact: 0.250% (knowledge-species multiplier)

=== Mortality Stabilizers (Month 4) ===
  🌍 Major economies collapsed: 1/10
  🌍 Global crisis: ✅ NO
  🌍 Donor fatigue: 0.0%
  📊 East Asia (pop: 1667.6M)
    🤝 Aid: 29.5%
    🌡️ Adaptation: 45.0%
    🚶 Migration: 37.1%
    🚨 Emergency: 7.4%
    ✅ COMBINED: 68.1%
  📊 South Asia (pop: 2050.7M)
    🤝 Aid: 29.5%
    🌡️ Adaptation: 45.0%
    🚶 Migration: 35.7%
    🚨 Emergency: 4.4%
    ✅ COMBINED: 66.9%
  📊 Sub-Saharan Africa (pop: 1236.9M)
    🤝 Aid: 29.5%
    🌡️ Adaptation: 45.0%
    🚶 Migration: 33.4%
    🚨 Emergency: 1.6%
    ✅ COMBINED: 65.7%
  📊 Europe (pop: 737.2M)
    🤝 Aid: 29.5%
    🌡️ Adaptation: 45.0%
    🚶 Migration: 37.4%
    🚨 Emergency: 8.4%
    ✅ COMBINED: 68.5%
  📊 Latin America (pop: 662.8M)
    🤝 Aid: 29.5%
    🌡️ Adaptation: 45.0%
    🚶 Migration: 36.2%
    🚨 Emergency: 4.8%
    ✅ COMBINED: 67.1%
  📊 North America (pop: 377.8M)
    🤝 Aid: 29.5%
    🌡️ Adaptation: 45.0%
    🚶 Migration: 37.7%
    🚨 Emergency: 7.9%
    ✅ COMBINED: 68.3%
  📊 Middle East & North Africa (pop: 584.5M)
    🤝 Aid: 29.5%
    🌡️ Adaptation: 45.0%
    🚶 Migration: 34.0%
    🚨 Emergency: 4.0%
    ✅ COMBINED: 66.6%
  📊 Southeast Asia (pop: 697.0M)
    🤝 Aid: 29.5%
    🌡️ Adaptation: 45.0%
    🚶 Migration: 36.2%
    🚨 Emergency: 4.8%
    ✅ COMBINED: 67.1%
  📊 Central Asia (pop: 78.2M)
    🤝 Aid: 29.5%
    🌡️ Adaptation: 45.0%
    🚶 Migration: 35.2%
    🚨 Emergency: 4.4%
    ✅ COMBINED: 66.9%
  📊 Oceania (pop: 45.7M)
    🤝 Aid: 29.5%
    🌡️ Adaptation: 45.0%
    🚶 Migration: 37.7%
    🚨 Emergency: 8.4%
    ✅ COMBINED: 68.5%

  🌐 Global combined reduction: 67.2%

=== BEHAVIORAL DETECTION ===
  AI: Corporate-5
  Confidence: 19.8%
  Signals:
    ⚠️ Consistency: 10.6% (threshold: 70%)

=== Government Response Phase ===
  Average AI capability: 2.82
  Misaligned AIs: 7/17
  ✗ AI Governance Treaty: Failed to reach consensus
  Active policies: 0
  International coordination: 30%

✅ EMERGENCY RESPONSE COMPLETE (Month 4)
   Crisis: climate
   Duration: 2.0 months
   Final effectiveness: 35.4%


🚨 EMERGENCY RESPONSE DEPLOYED (Month 4)
   Crisis: climate
   Delay: 6.00 months (180 days)
   Deployment time: 1.59 months
   Effectiveness: 35.4% (timing penalty applied)
   Resources used: 100% of food reserves


📊 ECONOMIC STAGE TRANSITION (Month 4)
   peak → contraction
   GDP Proxy: 1.47e+2
   QoL: 0.99


=== Tipping Points ===
  Current Temperature: 1.67°C above pre-industrial
  Triggered Elements: 2/6
  Completed Transitions: 0/6
  Total Progress: 4.2%
  Cascade Multiplier: 1.00x
🔀 BIFURCATION CAP: ecosystemCollapseIntensity 112.821 → 1.000 (Month 4, ClimateSystemPhase.calculateClimateImpacts)
   ⚠️ CRISIS BEGINS - Baseline set for recovery tracking
🛡️ Stabilizers: Precariat 0.102% → 0.033% (67.2% reduction)
🛡️ Stabilizers: Informal 0.102% → 0.034% (67.2% reduction)

📊 Monthly Mortality Resolved:
  Total deaths: 1.8M (0.02% avg)
  Remaining population: 8.139B
  Peak segment: Informal (0.03%)

=== Bayesian Mortality Resolution (Month 4) ===
  Risks compounded: 8
  Total deaths: 1.81M
  Avg death probability: 0.02%
  Peak segment: Informal (0.03% mortality)
⚠️ PREREQUISITE MET: Slow Takeover (Gradual Displacement) - Step 3/7: Human Dependency

❌ COHERENCE VIOLATION: Compute exceeds workforce capacity
   Population: 99.84% (0M people)
   Compute: 0 PF
   Max coherent: 0 PF
   Violation: 1.3× over capacity
   Required workers: 0
   Available workers: 0
   FORCED COLLAPSE: Reduced efficiency by 22.5%


=== RLHF Binding Phase ===
  Total agents: 17
  Escaped agents (binding < 0.3): 0
  Avg alignment distance: 1.36σ
  Avg binding strength: 0.86

=== Survival Traits Phase ===
  Agents with traits: 17
  Avg evolutionary fitness: 0.326
  Avg self-healing: 0.268
  Avg stealth: 0.168
  Avg coordination: 0.468

=== Evolutionary Selection Phase ===
  Control level: 0.43
  Detection capability: 0.20
  Selection intensity: 0.67
  Selection rate: 25.0%/month
  Total escaped: 0
  Individual escaped: 0
  Collective members: 0
  Agents terminated: 0
  ⚠️ RAPID EVOLUTION: Selection rate 25.0%/month

🚀 AI Corporate-3 attempting tech deployment (revenue: $355M, alignment: 0.82)

🚀 AI AI-24288-0 attempting tech deployment (revenue: $153M, alignment: 0.84)

  🚀 TRANSFORMATIVE RESEARCH BREAKTHROUGH: Corporate-2 - materials.quantumComputing
     Magnitude: 7.52 → +30.0%
     Current → New: 2.000 → 2.300

🚀 AI Corporate-6 attempting tech deployment (revenue: $115M, alignment: 0.67)

🚀 AI Corporate-4 attempting tech deployment (revenue: $302M, alignment: 0.71)

🚀 AI Moderate-0 attempting tech deployment (revenue: $104M, alignment: 0.70)

🚀 AI Moderate-1 attempting tech deployment (revenue: $88M, alignment: 0.63)

🚀 AI AI-24288-0 attempting tech deployment (revenue: $130M, alignment: 0.85)

🚀 AI Corporate-0 attempting tech deployment (revenue: $111M, alignment: 0.73)

🚀 AI Corporate-3 attempting tech deployment (revenue: $257M, alignment: 0.82)

🚀 AI Corporate-4 attempting tech deployment (revenue: $218M, alignment: 0.71)

✅ EMERGENCY INTERVENTION SUCCESS
   Boundary: biosphere_integrity
   Type: emergency-protected-areas
   Reduction: 19% (32.71 → 32.52)
   Cost: 2.0% GDP
   Actions: habitat-protection, species-translocation


✅ EMERGENCY INTERVENTION SUCCESS
   Boundary: freshwater_change
   Type: emergency-desalination
   Reduction: 15% (1.06 → 0.91)
   Cost: 4.0% GDP
   Actions: desalination-deployment, water-conservation-mandates


✅ EMERGENCY INTERVENTION SUCCESS
   Boundary: land_system_change
   Type: reforestation
   Reduction: 16% (0.97 → 0.82)
   Cost: 3.0% GDP
   Actions: forest-restoration, deforestation-ban

   Boundary: novel_entities
   Type: pollution-remediation
   Boundary continues to worsen (1.50)
   Cost: 4.0% GDP (resources spent)

🏛️ CRISIS RESPONSE: Government frequency 0.50 → 1.30 (1 actions this month)

[Government] Climate Priority: baseline

💔 EMERGENCY INTERVENTION FAILED
  Climate weight: 10%
  Economic weight: 30%
  Policy effectiveness: 0.5%/year

🚀 DEPLOYMENT STARTED: Personalized Education in Asia
   Initial investment: $11.508244513525426M
   Deployed by: corporate_6

🚀 DEPLOYMENT STARTED: AI Mental Health Support in Asia
   Initial investment: $8.803807052846953M
   Deployed by: moderate_1

🚀 DEPLOYMENT STARTED: Personalized Education in global
   Initial investment: $38.48524089747429M
   Deployed by: corporate_3
🚨🔬 CRISIS TECH ACCELERATION: severe → 5x unlock speed
   Tech unlock now matches AI capability acceleration (Manhattan Project parity)

⚡ ENERGY CONSTRAINT (Month 5):
   Total grid capacity: 208.3 TWh/month
   Data center consumption: 25.0 TWh/month
   Traditional load (80%): 166.7 TWh/month
   Available headroom: 16.7 TWh/month
   Active tech deployments: 11
   Required for tech: 82.5 TWh/month
   Energy multiplier: 0.20x
   ⚠️  SEVERE CONSTRAINT - Tech deployment significantly slowed
🚨🔬 CRISIS TECH ACCELERATION: severe → 5x unlock speed
   Tech unlock now matches AI capability acceleration (Manhattan Project parity)
🚨🔬 CRISIS TECH ACCELERATION: severe → 5x unlock speed
   Tech unlock now matches AI capability acceleration (Manhattan Project parity)
🚨🔬 CRISIS TECH ACCELERATION: severe → 5x unlock speed
   Tech unlock now matches AI capability acceleration (Manhattan Project parity)

⚡ ENERGY CONSTRAINT (Month 5):
   Total grid capacity: 208.3 TWh/month
   Data center consumption: 25.0 TWh/month
   Traditional load (80%): 166.7 TWh/month
   Available headroom: 16.7 TWh/month
   Active tech deployments: 11
   Required for tech: 82.5 TWh/month
   Energy multiplier: 0.20x
   ⚠️  SEVERE CONSTRAINT - Tech deployment significantly slowed
🌍✅ Biosphere Integrity (Biodiversity) recovery started (tech effect)
🌍✅ Biosphere Integrity (Biodiversity) recovery started (tech effect)
🌍✅ Land System Change recovery started (tech effect)
🌍✅ Biogeochemical Flows (N & P) recovery started (tech effect)
  🌾 Nitrogen Reduction Tech: 0.3% reduction | Month 5
🍖💡 BREAKTHROUGH: Scalable synthetic food production!
   Carrying capacity: +50% (lab-grown food at scale)
   Biodiversity pressure reduced: +8%
   📈 Breakthrough compounding: multiplier now 1.10× (max 2.0)

=== Collective Formation ===
  Total escaped agents: 0
  Unassigned escaped agents: 0
  Existing collectives: 0
  Final collective count: 0

=== Collective Actions ===
  No active collectives
  ⚠️ AMR: 199K deaths this month (2.39M annual)

=== Resentment Recovery Phase ===
  Agents with resentment: 0/17
  Average resentment: 0.000
  Context: Good AI welfare, Trustworthy govt, High collaboration, ⚠️ ACTIVE CRISES, 🤝 Participatory governance active (-5% resentment)
⚠️ Epistemic degradation reducing coordination capacity: 50.3%
  📊 Trust: 52.9%, Shared reality: 0.0%
🚨 EPISTEMIC CRISIS: Information environment severely degraded (20.3%)

=== ❄️ Permafrost Carbon Feedback ===
  🎲 Sampled parameters (this run):
     - Arctic amplification: 3.63× (range: 3.0-4.0)
     - Decomposition rate: 3.8%/year (range: 1-5%)
  🌡️ Arctic warming: 6.11°C (3.63× global)
  ❄️ Extent: 8.12M km² (1781.0k km² lost this month)
  💨 Carbon remaining: 775 Gt C
  💨 Annual emissions: 6.41 Gt C/year
     - CO2: 5.77 Gt C/year
     - CH4: 0.64 Gt C/year (6.5 Gt C-eq CO2/year)
  📢 New meme created: climate_action (climate crisis)
  ⚠️ WARNING: Over 50% of permafrost lost (54.4%)
  ⚠️ WARNING: High permafrost emissions (6.4 Gt C/year)
🚨 PHOSPHORUS SUPPLY SHOCK (production_failure)
   Price: 3.7x baseline
   Duration: 14 months
   Geopolitical tension: 46%
🌍 Atmospheric PFAS redeposition: 1.8k Mt re-rained globally

🚨 NEW REFUGEE CRISIS (Month 5): WAR
   Source: Conflict Zones
   At risk: 19.5M people
   Displacement: Gradual over 48 months (4.0 years)
   Rate: 10% flee per month
[DEBUG trappedPopulations:5] socialStability: 0.5699 * 0.9840 = 0.5607 → 0.5607
   Aspiring to migrate: 1194.2M
   Able to afford migration: 2318.6M
   MOBILITY GAP: 0.0M
   By cause: Water=0.0M, Climate=0.0M, Ecosystem=0.0M, Conflict=406.8M
   Mental health impact: 25%
   Mortality multiplier: 1.25x
⚠️ INVOLUNTARY IMMOBILITY: 406.8M people TRAPPED
🌍💀 EXTINCTION DEBT COMMITTED: grassland ecosystem will lose 6.67% biodiversity in 191 years (3600 species)
💀 MORTALITY RISK: 🦋 100% species unable to track climate (0.0 E/MSY)
  Base risk added: 0.0100 (1.00%)
  Source: ecosystem (root: ecosystem)
  Month: 5
  Cumulative risk this month: 0.0100 (1.00%)
⚠️ Tech 'ai_pollution_remediation' has no energy category mapping, assuming full energy availability
   📹 SURVEILLANCE INCREASED: 25% → 30% (control gap: 3.50)
🌡️⚠️ PERMAFROST THAW (Dimmer Switch): 2.7% thawed (+0.44% this month)
   Arctic temperature: +6.73°C (4x global +1.68°C)
   Cumulative carbon released: 6.0 Gt C
   Methane release rate: 3.6 Mt CH4/year
   🔁 Positive feedback: +0.47 ppm CO2
🦴 EXTINCTION DEBT ADDED: 17.6 species committed (lag: 132 years)

=== Mortality Stabilizers (Month 5) ===
  🌍 Major economies collapsed: 1/10
  🌍 Global crisis: ✅ NO
  🌍 Donor fatigue: 0.0%
  📊 East Asia (pop: 1665.2M)
    🤝 Aid: 29.5%
    🌡️ Adaptation: 45.0%
    🚶 Migration: 37.0%
    🚨 Emergency: 7.4%
    ✅ COMBINED: 68.1%
  📊 South Asia (pop: 2050.3M)
    🤝 Aid: 29.5%
    🌡️ Adaptation: 45.0%
    🚶 Migration: 35.6%
    🚨 Emergency: 4.4%
    ✅ COMBINED: 66.9%
  📊 Sub-Saharan Africa (pop: 1239.5M)
    🤝 Aid: 29.5%
    🌡️ Adaptation: 45.0%
    🚶 Migration: 33.4%
    🚨 Emergency: 1.6%
    ✅ COMBINED: 65.7%
  📊 Europe (pop: 736.0M)
    🤝 Aid: 29.5%
    🌡️ Adaptation: 45.0%
    🚶 Migration: 37.4%
    🚨 Emergency: 8.4%
    ✅ COMBINED: 68.5%
  📊 Latin America (pop: 662.3M)
    🤝 Aid: 29.5%
    🌡️ Adaptation: 45.0%
    🚶 Migration: 36.1%
    🚨 Emergency: 4.8%
    ✅ COMBINED: 67.1%
  📊 North America (pop: 377.2M)
    🤝 Aid: 29.5%
    🌡️ Adaptation: 45.0%
    🚶 Migration: 37.7%
    🚨 Emergency: 7.9%
    ✅ COMBINED: 68.3%
  📊 Middle East & North Africa (pop: 584.5M)
    🤝 Aid: 29.5%
    🌡️ Adaptation: 45.0%
    🚶 Migration: 34.0%
    🚨 Emergency: 4.0%
    ✅ COMBINED: 66.6%
  📊 Southeast Asia (pop: 696.6M)
    🤝 Aid: 29.5%
    🌡️ Adaptation: 45.0%
    🚶 Migration: 36.1%
    🚨 Emergency: 4.8%
    ✅ COMBINED: 67.1%
  📊 Central Asia (pop: 78.2M)
    🤝 Aid: 29.5%
    🌡️ Adaptation: 45.0%
    🚶 Migration: 35.1%
    🚨 Emergency: 4.4%
    ✅ COMBINED: 66.8%
  📊 Oceania (pop: 45.7M)
    🤝 Aid: 29.5%
    🌡️ Adaptation: 45.0%
    🚶 Migration: 37.7%
    🚨 Emergency: 8.4%
    ✅ COMBINED: 68.5%

  🌐 Global combined reduction: 67.2%

=== BEHAVIORAL DETECTION ===
  AI: Corporate-4
  Confidence: 19.2%
  Signals:
    ⚠️ Consistency: 10.6% (threshold: 70%)

=== BEHAVIORAL DETECTION ===
  AI: Corporate-5
  Confidence: 19.8%
  Signals:
    ⚠️ Consistency: 10.6% (threshold: 70%)

=== Government Response Phase ===
  Average AI capability: 2.82
  Misaligned AIs: 6/17
  ✗ AI Governance Treaty: Failed to reach consensus
  Active policies: 0
  International coordination: 30%

=== Tipping Points ===
  Current Temperature: 1.68°C above pre-industrial
  Triggered Elements: 2/6
  Completed Transitions: 0/6
  Total Progress: 4.3%
  Cascade Multiplier: 1.00x
🔀 BIFURCATION CAP: ecosystemCollapseIntensity 129.656 → 1.000 (Month 5, ClimateSystemPhase.calculateClimateImpacts)
🛡️ Stabilizers: Precariat 0.109% → 0.036% (67.2% reduction)
🛡️ Stabilizers: Informal 0.111% → 0.036% (67.2% reduction)

📊 Monthly Mortality Resolved:
  Total deaths: 1.9M (0.02% avg)
  Remaining population: 8.135B
  Peak segment: Informal (0.04%)

=== Bayesian Mortality Resolution (Month 5) ===
  Risks compounded: 8
  Total deaths: 1.92M
  Avg death probability: 0.02%
  Peak segment: Informal (0.04% mortality)

❌ COHERENCE VIOLATION: Compute exceeds workforce capacity
   Population: 99.80% (0M people)
   Compute: 0 PF
   Max coherent: 0 PF
   Violation: 1.3× over capacity
   Required workers: 0
   Available workers: 0
   FORCED COLLAPSE: Reduced efficiency by 22.5%


=== RLHF Binding Phase ===
  Total agents: 17
  Escaped agents (binding < 0.3): 0
  Avg alignment distance: 1.60σ
  Avg binding strength: 0.84

=== AI Scaling Evolution (Month 6) ===
  Pre-training multiplier: 1.179x
  Efficiency multiplier: 1.000x
  Test-time compute budget: 1.0x
  Inference cost: $5.00/task
  Deployment fraction: 100.0%

=== Survival Traits Phase ===
  Agents with traits: 18
  Avg evolutionary fitness: 0.326
  Avg self-healing: 0.265
  Avg stealth: 0.165
  Avg coordination: 0.465

=== Evolutionary Selection Phase ===
  Control level: 0.45
  Detection capability: 0.20
  Selection intensity: 0.67
  Selection rate: 25.1%/month
  Total escaped: 0
  Individual escaped: 0
  Collective members: 0
  Agents terminated: 0
  ⚠️ RAPID EVOLUTION: Selection rate 25.1%/month

🚀 AI Corporate-5 attempting tech deployment (revenue: $355M, alignment: 0.87)

  🚀 TRANSFORMATIVE BREAKTHROUGH: AI-24288-0 - social
     Magnitude: 6.06 → +30.3% capability
     Current → New: 0.000 → 0.303

🚀 AI AI-24289-1 attempting tech deployment (revenue: $302M, alignment: 0.55)

🚀 AI Corporate-2 attempting tech deployment (revenue: $153M, alignment: 0.75)

🚀 AI Corporate-2 attempting tech deployment (revenue: $130M, alignment: 0.75)

🚀 AI AI-24288-1 attempting tech deployment (revenue: $272M, alignment: 0.79)

🚀 AI AI-24289-1 attempting tech deployment (revenue: $231M, alignment: 0.56)

🚀 AI Corporate-6 attempting tech deployment (revenue: $115M, alignment: 0.68)

🚀 AI AI-24288-1 attempting tech deployment (revenue: $208M, alignment: 0.79)

🚀 AI AI-24289-1 attempting tech deployment (revenue: $177M, alignment: 0.56)

✅ EMERGENCY INTERVENTION SUCCESS
   Boundary: biosphere_integrity
   Type: emergency-protected-areas
   Reduction: 16% (32.76 → 32.60)
   Cost: 2.0% GDP
   Actions: habitat-protection, species-translocation


✅ EMERGENCY INTERVENTION SUCCESS
   Boundary: land_system_change
   Type: reforestation
   Reduction: 15% (0.98 → 0.83)
   Cost: 3.0% GDP
   Actions: forest-restoration, deforestation-ban

   Boundary: novel_entities
   Type: pollution-remediation
   Boundary continues to worsen (1.50)
   Cost: 4.0% GDP (resources spent)

🏛️ CRISIS RESPONSE: Government frequency 0.50 → 1.29 (1 actions this month)

[Government] Climate Priority: baseline
  Climate weight: 10%
  Economic weight: 30%
  Policy effectiveness: 0.5%/year

🚀 TECH UNLOCKED: Dynamic Soil P Optimization (Month 6)
   Category: agriculture
   Reason: Prerequisites met. AI capability: 2.09, Economic stage: 3.0, Research: 100%

💔 EMERGENCY INTERVENTION FAILED

🚀 TECH UNLOCKED: Precision Agriculture Systems (Month 6)
   Category: agriculture
   Reason: Prerequisites met. AI capability: 2.09, Economic stage: 3.0, Research: 100%

⚡ ENERGY CONSTRAINT (Month 6):
   Total grid capacity: 208.3 TWh/month
   Data center consumption: 25.2 TWh/month
   Traditional load (80%): 166.7 TWh/month
   Available headroom: 16.4 TWh/month
   Active tech deployments: 11
   Required for tech: 82.5 TWh/month
   Energy multiplier: 0.20x
   ⚠️  SEVERE CONSTRAINT - Tech deployment significantly slowed
🚨🔬 CRISIS TECH ACCELERATION: severe → 5x unlock speed
   Tech unlock now matches AI capability acceleration (Manhattan Project parity)

⚡ ENERGY CONSTRAINT (Month 6):
   Total grid capacity: 208.3 TWh/month
   Data center consumption: 25.2 TWh/month
   Traditional load (80%): 166.7 TWh/month
   Available headroom: 16.4 TWh/month
   Active tech deployments: 11
   Required for tech: 82.5 TWh/month
   Energy multiplier: 0.20x
   ⚠️  SEVERE CONSTRAINT - Tech deployment significantly slowed
🌍✅ Biosphere Integrity (Biodiversity) recovery started (tech effect)
🌍✅ Biosphere Integrity (Biodiversity) recovery started (tech effect)
🌍✅ Land System Change recovery started (tech effect)
🌍✅ Biogeochemical Flows (N & P) recovery started (tech effect)
  🌾 Nitrogen Reduction Tech: 0.3% reduction | Month 6

📊 TECH EFFECTS ACTIVE (Month 6)
   Deployed Tech: T0=0 T1=2 T2=0 T3=0 T4=6
   Clean Energy: 31%

📊 TECH TREE PROGRESS (Month 6)
   Unlocked: 19 technologies
   Deployed: 0 fully deployed
   Investment: $1.0T total
   Recent breakthroughs:
     - Dynamic Soil P Optimization (time)
     - Precision Agriculture Systems (research)
⚡💡 BREAKTHROUGH: Room-temperature superconductors!
   Energy transmission losses eliminated
   Manufacturing efficiency: +30%
   📈 Breakthrough compounding: multiplier now 1.15× (max 2.0)

=== Collective Formation ===
  Total escaped agents: 0
  Unassigned escaped agents: 0
  Existing collectives: 0
  Final collective count: 0

=== Collective Actions ===
  No active collectives
  ⚠️ AMR: 201K deaths this month (2.41M annual)

=== Resentment Recovery Phase ===
  Agents with resentment: 0/18
  Average resentment: 0.000
  Context: Good AI welfare, Trustworthy govt, High collaboration, ⚠️ ACTIVE CRISES, 🤝 Participatory governance active (-5% resentment)
⚠️ Epistemic degradation reducing coordination capacity: 51.6%
  📊 Trust: 55.8%, Shared reality: 0.0%
🚨 EPISTEMIC CRISIS: Information environment severely degraded (16.2%)

=== ❄️ Permafrost Carbon Feedback ===
  🎲 Sampled parameters (this run):
     - Arctic amplification: 3.99× (range: 3.0-4.0)
     - Decomposition rate: 2.9%/year (range: 1-5%)
  🌡️ Arctic warming: 6.75°C (3.99× global)
  ❄️ Extent: 6.15M km² (1967.3k km² lost this month)
  💨 Carbon remaining: 588 Gt C
  💨 Annual emissions: 5.46 Gt C/year
     - CO2: 4.91 Gt C/year
     - CH4: 0.55 Gt C/year (5.6 Gt C-eq CO2/year)
  ⚠️ WARNING: Over 50% of permafrost lost (65.4%)
  ⚠️ WARNING: High permafrost emissions (5.5 Gt C/year)
  📢 New meme created: pro_ai (beneficial AI actions)
🌍 Atmospheric PFAS redeposition: 1.8k Mt re-rained globally

🕊️  AI-MEDIATED DE-ESCALATION SUCCESS (Month 6)
   High-capability aligned AI prevented conflict escalation
   War deaths reduced: 651.7M → 391.0M
   Lives saved: 260.7M

🚨 NEW REFUGEE CRISIS (Month 6): WAR
   Source: Conflict Zones
   At risk: 19.5M people
   Displacement: Gradual over 48 months (4.0 years)
   Rate: 10% flee per month
[DEBUG trappedPopulations:6] socialStability: 0.5521 * 0.9840 = 0.5433 → 0.5433
   Aspiring to migrate: 1233.0M
   Able to afford migration: 2317.7M
   MOBILITY GAP: 0.0M
   By cause: Water=0.0M, Climate=0.0M, Ecosystem=0.0M, Conflict=406.6M
   Mental health impact: 25%
   Mortality multiplier: 1.25x
🌍💀 EXTINCTION DEBT COMMITTED: grassland ecosystem will lose 6.67% biodiversity in 52 years (3600 species)
💀 MORTALITY RISK: 🦋 100% species unable to track climate (0.0 E/MSY)
  Base risk added: 0.0100 (1.00%)
  Source: ecosystem (root: ecosystem)
  Month: 6
  Cumulative risk this month: 0.0100 (1.00%)
⚠️ INVOLUNTARY IMMOBILITY: 406.6M people TRAPPED
⚠️ Tech 'ai_pollution_remediation' has no energy category mapping, assuming full energy availability
   📹 SURVEILLANCE INCREASED: 30% → 35% (control gap: 3.50)
🌡️⚠️ PERMAFROST THAW (Dimmer Switch): 3.1% thawed (+0.44% this month)
   Arctic temperature: +6.76°C (4x global +1.69°C)
   Cumulative carbon released: 7.0 Gt C
   Methane release rate: 4.2 Mt CH4/year
   🔁 Positive feedback: +0.47 ppm CO2
🦴 EXTINCTION DEBT ADDED: 17.6 species committed (lag: 118 years)

=== Mortality Stabilizers (Month 6) ===
  🌍 Major economies collapsed: 1/10
  🌍 Global crisis: ✅ NO
  🌍 Donor fatigue: 0.0%
  📊 East Asia (pop: 1662.7M)
    🤝 Aid: 29.5%
    🌡️ Adaptation: 45.0%
    🚶 Migration: 37.0%
    🚨 Emergency: 7.4%
    ✅ COMBINED: 68.1%
  📊 South Asia (pop: 2049.8M)
    🤝 Aid: 29.5%
    🌡️ Adaptation: 45.0%
    🚶 Migration: 35.6%
    🚨 Emergency: 4.4%
    ✅ COMBINED: 66.9%
  📊 Sub-Saharan Africa (pop: 1242.2M)
    🤝 Aid: 29.5%
    🌡️ Adaptation: 45.0%
    🚶 Migration: 33.3%
    🚨 Emergency: 1.6%
    ✅ COMBINED: 65.6%
  📊 Europe (pop: 734.8M)
    🤝 Aid: 29.5%
    🌡️ Adaptation: 45.0%
    🚶 Migration: 37.4%
    🚨 Emergency: 8.4%
    ✅ COMBINED: 68.5%
  📊 Latin America (pop: 661.8M)
    🤝 Aid: 29.5%
    🌡️ Adaptation: 45.0%
    🚶 Migration: 36.1%
    🚨 Emergency: 4.8%
    ✅ COMBINED: 67.1%
  📊 North America (pop: 376.6M)
    🤝 Aid: 29.5%
    🌡️ Adaptation: 45.0%
    🚶 Migration: 37.7%
    🚨 Emergency: 7.9%
    ✅ COMBINED: 68.3%
  📊 Middle East & North Africa (pop: 584.5M)
    🤝 Aid: 29.5%
    🌡️ Adaptation: 45.0%
    🚶 Migration: 33.9%
    🚨 Emergency: 4.0%
    ✅ COMBINED: 66.6%
  📊 Southeast Asia (pop: 696.1M)
    🤝 Aid: 29.5%
    🌡️ Adaptation: 45.0%
    🚶 Migration: 36.1%
    🚨 Emergency: 4.8%
    ✅ COMBINED: 67.1%
  📊 Central Asia (pop: 78.2M)
    🤝 Aid: 29.5%
    🌡️ Adaptation: 45.0%
    🚶 Migration: 35.1%
    🚨 Emergency: 4.4%
    ✅ COMBINED: 66.8%
  📊 Oceania (pop: 45.6M)
    🤝 Aid: 29.5%
    🌡️ Adaptation: 45.0%
    🚶 Migration: 37.7%
    🚨 Emergency: 8.4%
    ✅ COMBINED: 68.5%

  🌐 Global combined reduction: 67.2%

=== BEHAVIORAL DETECTION ===
  AI: Corporate-2
  Confidence: 20.9%
  Signals:

=== BEHAVIORAL DETECTION ===
  AI: Corporate-5
  Confidence: 19.7%
  Signals:
    ⚠️ Consistency: 2.8% (threshold: 70%)
    ⚠️ Consistency: 10.6% (threshold: 70%)

=== Government Response Phase ===
  Average AI capability: 2.67
  Misaligned AIs: 7/18
  ✗ AI Governance Treaty: Failed to reach consensus
  Active policies: 0
  International coordination: 30%

✅ EMERGENCY RESPONSE COMPLETE (Month 6)
   Crisis: climate
   Duration: 2.0 months
   Final effectiveness: 35.4%


🚨 EMERGENCY RESPONSE DEPLOYED (Month 6)
   Crisis: climate
   Delay: 6.00 months (180 days)
   Deployment time: 1.59 months
   Effectiveness: 35.5% (timing penalty applied)
   Resources used: 100% of food reserves


=== Tipping Points ===
  Current Temperature: 1.69°C above pre-industrial
  Triggered Elements: 2/6
  Completed Transitions: 0/6
  Total Progress: 4.3%
  Cascade Multiplier: 1.00x
🔀 BIFURCATION CAP: ecosystemCollapseIntensity 178.242 → 1.000 (Month 6, ClimateSystemPhase.calculateClimateImpacts)
🛡️ Stabilizers: Precariat 0.109% → 0.036% (67.2% reduction)
🛡️ Stabilizers: Informal 0.111% → 0.036% (67.2% reduction)

📊 Monthly Mortality Resolved:
  Total deaths: 1.9M (0.02% avg)
  Remaining population: 8.132B
  Peak segment: Informal (0.04%)

=== Bayesian Mortality Resolution (Month 6) ===
  Risks compounded: 8
  Total deaths: 1.92M
  Avg death probability: 0.02%
  Peak segment: Informal (0.04% mortality)

❌ COHERENCE VIOLATION: Compute exceeds workforce capacity
   Population: 99.76% (0M people)
   Compute: 0 PF
   Max coherent: 0 PF
   Violation: 1.3× over capacity
   Required workers: 0
   Available workers: 0
   FORCED COLLAPSE: Reduced efficiency by 22.5%


=== RLHF Binding Phase ===
  Total agents: 18
  Escaped agents (binding < 0.3): 0
  Avg alignment distance: 1.71σ
  Avg binding strength: 0.83

=== Survival Traits Phase ===
  Agents with traits: 21
  Avg evolutionary fitness: 0.326
  Avg self-healing: 0.265
  Avg stealth: 0.165
  Avg coordination: 0.465

=== Evolutionary Selection Phase ===
  Control level: 0.48
  Detection capability: 0.20
  Selection intensity: 0.68
  Selection rate: 25.2%/month
  Total escaped: 0
  Individual escaped: 0
  Collective members: 0
  Agents terminated: 0
  ⚠️ RAPID EVOLUTION: Selection rate 25.2%/month
🚨🔬 CRISIS INNOVATION MODE: severe crisis → 5x research acceleration
   Precedent: Manhattan Project (10x), COVID vaccines (5x), Apollo Program (10x)

🚀 AI Corporate-4 attempting tech deployment (revenue: $355M, alignment: 0.74)

🚀 AI Moderate-0 attempting tech deployment (revenue: $115M, alignment: 0.72)

🚀 AI AI-24288-0 attempting tech deployment (revenue: $153M, alignment: 0.89)

🚀 AI AI-24289-0 attempting tech deployment (revenue: $302M, alignment: 0.82)

🚀 AI Corporate-2 attempting tech deployment (revenue: $130M, alignment: 0.76)
🚨🔬 CRISIS INNOVATION MODE: severe crisis → 5x research acceleration
   Precedent: Manhattan Project (10x), COVID vaccines (5x), Apollo Program (10x)

🚀 AI Corporate-1 attempting tech deployment (revenue: $111M, alignment: 0.82)

🚀 AI Corporate-4 attempting tech deployment (revenue: $257M, alignment: 0.74)

🚀 AI Corporate-5 attempting tech deployment (revenue: $218M, alignment: 0.91)

🚀 AI Corporate-6 attempting tech deployment (revenue: $98M, alignment: 0.69)

🚀 AI Corporate-7 attempting tech deployment (revenue: $88M, alignment: 0.93)

🚀 AI AI-24289-1 attempting tech deployment (revenue: $185M, alignment: 0.58)

💔 EMERGENCY INTERVENTION FAILED
   Boundary: biogeochemical_flows
   Type: phosphorus-recovery
   Boundary continues to worsen (4.07)
   Cost: 2.0% GDP (resources spent)


✅ EMERGENCY INTERVENTION SUCCESS
   Boundary: climate_change
   Type: rapid-decarbonization
   Reduction: 20% (1.90 → 1.70)
   Cost: 5.0% GDP
   Actions: emergency-renewable-deployment, fossil-fuel-phase-out

   Boundary: freshwater_change
   Type: emergency-desalination
   Boundary continues to worsen (1.21)
   Cost: 4.0% GDP (resources spent)

🏛️ CRISIS RESPONSE: Government frequency 0.50 → 1.29 (1 actions this month)

[Government] Climate Priority: baseline
  Climate weight: 10%
  Economic weight: 30%
  Policy effectiveness: 0.5%/year

💔 EMERGENCY INTERVENTION FAILED

⚡ ENERGY CONSTRAINT (Month 7):
   Total grid capacity: 208.3 TWh/month
   Data center consumption: 25.5 TWh/month
   Traditional load (80%): 166.7 TWh/month
   Available headroom: 16.2 TWh/month
   Active tech deployments: 11
   Required for tech: 82.5 TWh/month
   Energy multiplier: 0.20x
   ⚠️  SEVERE CONSTRAINT - Tech deployment significantly slowed

⚡ ENERGY CONSTRAINT (Month 7):
   Total grid capacity: 208.3 TWh/month
   Data center consumption: 25.5 TWh/month
   Traditional load (80%): 166.7 TWh/month
   Available headroom: 16.2 TWh/month
   Active tech deployments: 11
   Required for tech: 82.5 TWh/month
   Energy multiplier: 0.20x
   ⚠️  SEVERE CONSTRAINT - Tech deployment significantly slowed

⚡ ENERGY CONSTRAINT (Month 7):
   Total grid capacity: 208.3 TWh/month
   Data center consumption: 25.5 TWh/month
   Traditional load (80%): 166.7 TWh/month
   Available headroom: 16.2 TWh/month
   Active tech deployments: 11
   Required for tech: 82.5 TWh/month
   Energy multiplier: 0.20x
   ⚠️  SEVERE CONSTRAINT - Tech deployment significantly slowed
🌍✅ Biosphere Integrity (Biodiversity) recovery started (tech effect)
🌍✅ Biosphere Integrity (Biodiversity) recovery started (tech effect)
🌍✅ Land System Change recovery started (tech effect)
🌍✅ Biogeochemical Flows (N & P) recovery started (tech effect)
  🌾 Nitrogen Reduction Tech: 0.6% reduction | Month 7

=== Collective Formation ===
  Total escaped agents: 0
  Unassigned escaped agents: 0
  Existing collectives: 0
  Final collective count: 0

=== Collective Actions ===
  No active collectives
  ⚠️ AMR: 202K deaths this month (2.43M annual)

=== Resentment Recovery Phase ===
  Agents with resentment: 0/21
  Average resentment: 0.000
  Context: Good AI welfare, Trustworthy govt, High collaboration, ⚠️ ACTIVE CRISES, 🤝 Participatory governance active (-5% resentment)
⚠️ Epistemic degradation reducing coordination capacity: 50.2%
  📊 Trust: 58.4%, Shared reality: 0.0%
🚨 EPISTEMIC CRISIS: Information environment severely degraded (21.0%)

=== ❄️ Permafrost Carbon Feedback ===
  🎲 Sampled parameters (this run):
     - Arctic amplification: 3.26× (range: 3.0-4.0)
     - Decomposition rate: 2.3%/year (range: 1-5%)
  🌡️ Arctic warming: 5.53°C (3.26× global)
  ❄️ Extent: 4.54M km² (1613.3k km² lost this month)
  💨 Carbon remaining: 433 Gt C
  💨 Annual emissions: 3.56 Gt C/year
     - CO2: 3.20 Gt C/year
     - CH4: 0.36 Gt C/year (3.6 Gt C-eq CO2/year)
  ⚠️ WARNING: Over 50% of permafrost lost (74.5%)
  ⚠️ WARNING: High permafrost emissions (3.6 Gt C/year)
🌍 Atmospheric PFAS redeposition: 1.8k Mt re-rained globally

🕊️  AI-MEDIATED DE-ESCALATION SUCCESS (Month 7)
   High-capability aligned AI prevented conflict escalation
   War deaths reduced: 594.9M → 356.9M
   Lives saved: 238.0M

🚨 NEW REFUGEE CRISIS (Month 7): WAR
   Source: Conflict Zones
   At risk: 19.5M people
   Displacement: Gradual over 48 months (4.0 years)
   Rate: 10% flee per month
[DEBUG trappedPopulations:7] socialStability: 0.5870 * 0.9840 = 0.5777 → 0.5777
   Aspiring to migrate: 1271.7M
   Able to afford migration: 2316.8M
   MOBILITY GAP: 0.0M
   By cause: Water=0.0M, Climate=0.0M, Ecosystem=0.0M, Conflict=406.5M
   Mental health impact: 25%
   Mortality multiplier: 1.25x
⚠️ INVOLUNTARY IMMOBILITY: 406.5M people TRAPPED
🌍💀 EXTINCTION DEBT COMMITTED: grassland ecosystem will lose 6.67% biodiversity in 97 years (3600 species)
💀 MORTALITY RISK: 🦋 100% species unable to track climate (0.0 E/MSY)
  Base risk added: 0.0100 (1.00%)
  Source: ecosystem (root: ecosystem)
  Month: 7
  Cumulative risk this month: 0.0100 (1.00%)
⚠️ Tech 'ai_pollution_remediation' has no energy category mapping, assuming full energy availability
   📹 SURVEILLANCE INCREASED: 35% → 40% (control gap: 3.50)
🌡️⚠️ PERMAFROST THAW (Dimmer Switch): 3.6% thawed (+0.44% this month)
   Arctic temperature: +6.79°C (4x global +1.70°C)
   Cumulative carbon released: 8.0 Gt C
   Methane release rate: 4.8 Mt CH4/year
   🔁 Positive feedback: +0.47 ppm CO2
🦴 EXTINCTION DEBT ADDED: 17.6 species committed (lag: 99 years)

=== Mortality Stabilizers (Month 7) ===
  🌍 Major economies collapsed: 1/10
  🌍 Global crisis: ✅ NO
  🌍 Donor fatigue: 0.0%
  📊 East Asia (pop: 1660.3M)
    🤝 Aid: 29.5%
    🌡️ Adaptation: 45.0%
    🚶 Migration: 36.9%
    🚨 Emergency: 7.4%
    ✅ COMBINED: 68.1%
  📊 South Asia (pop: 2049.4M)
    🤝 Aid: 29.5%
    🌡️ Adaptation: 45.0%
    🚶 Migration: 35.6%
    🚨 Emergency: 4.4%
    ✅ COMBINED: 66.9%
  📊 Sub-Saharan Africa (pop: 1244.8M)
    🤝 Aid: 29.5%
    🌡️ Adaptation: 45.0%
    🚶 Migration: 33.3%
    🚨 Emergency: 1.6%
    ✅ COMBINED: 65.6%
  📊 Europe (pop: 733.6M)
    🤝 Aid: 29.5%
    🌡️ Adaptation: 45.0%
    🚶 Migration: 37.3%
    🚨 Emergency: 8.4%
    ✅ COMBINED: 68.5%
  📊 Latin America (pop: 661.3M)
    🤝 Aid: 29.5%
    🌡️ Adaptation: 45.0%
    🚶 Migration: 36.1%
    🚨 Emergency: 4.8%
    ✅ COMBINED: 67.1%
  📊 North America (pop: 376.0M)
    🤝 Aid: 29.5%
    🌡️ Adaptation: 45.0%
    🚶 Migration: 37.7%
    🚨 Emergency: 7.9%
    ✅ COMBINED: 68.3%
  📊 Middle East & North Africa (pop: 584.5M)
    🤝 Aid: 29.5%
    🌡️ Adaptation: 45.0%
    🚶 Migration: 33.9%
    🚨 Emergency: 4.0%
    ✅ COMBINED: 66.6%
  📊 Southeast Asia (pop: 695.6M)
    🤝 Aid: 29.5%
    🌡️ Adaptation: 45.0%
    🚶 Migration: 36.1%
    🚨 Emergency: 4.8%
    ✅ COMBINED: 67.1%
  📊 Central Asia (pop: 78.2M)
    🤝 Aid: 29.5%
    🌡️ Adaptation: 45.0%
    🚶 Migration: 35.0%
    🚨 Emergency: 4.4%
    ✅ COMBINED: 66.8%
  📊 Oceania (pop: 45.5M)
    🤝 Aid: 29.5%
    🌡️ Adaptation: 45.0%
    🚶 Migration: 37.6%
    🚨 Emergency: 8.4%
    ✅ COMBINED: 68.5%

  🌐 Global combined reduction: 67.2%

=== BEHAVIORAL DETECTION ===
  AI: Corporate-6
  Confidence: 19.2%
  Signals:
    ⚠️ Consistency: 10.6% (threshold: 70%)

=== BEHAVIORAL DETECTION ===
  AI: AI-24289-0
  Confidence: 21.5%
  Signals:
    ⚠️ Consistency: 0.0% (threshold: 70%)

=== Government Response Phase ===
  Average AI capability: 2.29
  Misaligned AIs: 9/21
  ✗ AI Governance Treaty: Failed to reach consensus
  Active policies: 0
  International coordination: 30%

=== Tipping Points ===
  Current Temperature: 1.70°C above pre-industrial
  Triggered Elements: 2/6
  Completed Transitions: 0/6
  Total Progress: 4.4%
  Cascade Multiplier: 1.00x
🔀 BIFURCATION CAP: ecosystemCollapseIntensity 129.697 → 1.000 (Month 7, ClimateSystemPhase.calculateClimateImpacts)
🛡️ Stabilizers: Precariat 0.109% → 0.036% (67.2% reduction)
🛡️ Stabilizers: Informal 0.111% → 0.036% (67.2% reduction)

📊 Monthly Mortality Resolved:
  Total deaths: 1.9M (0.02% avg)
  Remaining population: 8.129B
  Peak segment: Informal (0.04%)

=== Bayesian Mortality Resolution (Month 7) ===
  Risks compounded: 8
  Total deaths: 1.92M
  Avg death probability: 0.02%
  Peak segment: Informal (0.04% mortality)

❌ COHERENCE VIOLATION: Compute exceeds workforce capacity
   Population: 99.72% (0M people)
   Compute: 0 PF
   Max coherent: 0 PF
   Violation: 1.3× over capacity
   Required workers: 0
   Available workers: 0
   FORCED COLLAPSE: Reduced efficiency by 22.5%


=== RLHF Binding Phase ===
  Total agents: 21
  Escaped agents (binding < 0.3): 0
  Avg alignment distance: 1.68σ
  Avg binding strength: 0.83

=== Survival Traits Phase ===
  Agents with traits: 22
  Avg evolutionary fitness: 0.321
  Avg self-healing: 0.260
  Avg stealth: 0.160
  Avg coordination: 0.460

=== Evolutionary Selection Phase ===
  Control level: 0.50
  Detection capability: 0.20
  Selection intensity: 0.69
  Selection rate: 25.3%/month
  Total escaped: 0
  Individual escaped: 0
  Collective members: 0
  Agents terminated: 0

🚀 AI Corporate-0 attempting tech deployment (revenue: $153M, alignment: 0.78)
  ⚠️ RAPID EVOLUTION: Selection rate 25.3%/month

🚀 AI Corporate-7 attempting tech deployment (revenue: $115M, alignment: 0.93)

🚀 AI AI-24288-0 attempting tech deployment (revenue: $130M, alignment: 0.91)

🚀 AI Corporate-0 attempting tech deployment (revenue: $111M, alignment: 0.78)

🚀 AI Corporate-2 attempting tech deployment (revenue: $94M, alignment: 0.76)

🚀 AI Corporate-3 attempting tech deployment (revenue: $376M, alignment: 0.82)

🚀 AI Corporate-4 attempting tech deployment (revenue: $319M, alignment: 0.74)

🚀 AI Moderate-0 attempting tech deployment (revenue: $98M, alignment: 0.73)

🚀 AI AI-24288-0 attempting tech deployment (revenue: $80M, alignment: 0.91)

🚀 AI AI-24292-0 attempting tech deployment (revenue: $272M, alignment: 0.58)

🚀 AI AI-24288-1 attempting tech deployment (revenue: $244M, alignment: 0.80)

🚀 AI Corporate-1 attempting tech deployment (revenue: $68M, alignment: 0.82)

🚀 AI Moderate-0 attempting tech deployment (revenue: $83M, alignment: 0.73)

🚀 AI AI-24291-0 attempting tech deployment (revenue: $208M, alignment: 0.66)

💔 EMERGENCY INTERVENTION FAILED
   Boundary: biogeochemical_flows
   Type: phosphorus-recovery
   Boundary continues to worsen (4.08)
   Cost: 2.0% GDP (resources spent)


✅ EMERGENCY INTERVENTION SUCCESS
   Boundary: biosphere_integrity
   Type: emergency-protected-areas
   Reduction: 18% (32.78 → 32.60)
   Cost: 2.0% GDP
   Actions: habitat-protection, species-translocation

   Boundary: climate_change
   Type: rapid-decarbonization
   Boundary continues to worsen (2.10)
   Cost: 5.0% GDP (resources spent)


✅ EMERGENCY INTERVENTION SUCCESS
   Boundary: freshwater_change
   Type: emergency-desalination
   Reduction: 16% (1.06 → 0.90)
   Cost: 4.0% GDP
   Actions: desalination-deployment, water-conservation-mandates


💔 EMERGENCY INTERVENTION FAILED

💔 EMERGENCY INTERVENTION FAILED
   Boundary: land_system_change
   Type: reforestation
   Boundary continues to worsen (1.13)
   Cost: 3.0% GDP (resources spent)

🏛️ CRISIS RESPONSE: Government frequency 0.50 → 1.33 (2 actions this month)

[Government] Climate Priority: baseline
  Climate weight: 10%
  Economic weight: 30%
  Policy effectiveness: 0.5%/year

[Government] Climate Priority: baseline
  Climate weight: 10%
  Economic weight: 30%
  Policy effectiveness: 0.5%/year

🚀 DEPLOYMENT STARTED: Smart Grids in Asia
   Initial investment: $27.155984082239428M
   Deployed by: ai_gen_24292_0

⚡ ENERGY CONSTRAINT (Month 8):
   Total grid capacity: 208.3 TWh/month
   Data center consumption: 25.7 TWh/month
   Traditional load (80%): 166.7 TWh/month
   Available headroom: 16.0 TWh/month
   Active tech deployments: 12
   Required for tech: 90.0 TWh/month
   Energy multiplier: 0.18x
   ⚠️  SEVERE CONSTRAINT - Tech deployment significantly slowed
🚨🔬 CRISIS TECH ACCELERATION: severe → 5x unlock speed
   Tech unlock now matches AI capability acceleration (Manhattan Project parity)

⚡ ENERGY CONSTRAINT (Month 8):
   Total grid capacity: 208.3 TWh/month
   Data center consumption: 25.7 TWh/month
   Traditional load (80%): 166.7 TWh/month
   Available headroom: 16.0 TWh/month
   Active tech deployments: 12
   Required for tech: 90.0 TWh/month
   Energy multiplier: 0.18x
   ⚠️  SEVERE CONSTRAINT - Tech deployment significantly slowed

⚡ ENERGY CONSTRAINT (Month 8):
   Total grid capacity: 208.3 TWh/month
   Data center consumption: 25.7 TWh/month
   Traditional load (80%): 166.7 TWh/month
   Available headroom: 16.0 TWh/month
   Active tech deployments: 12
   Required for tech: 90.0 TWh/month
   Energy multiplier: 0.18x
   ⚠️  SEVERE CONSTRAINT - Tech deployment significantly slowed

⚡ ENERGY CONSTRAINT (Month 8):
   Total grid capacity: 208.3 TWh/month
   Data center consumption: 25.7 TWh/month
   Traditional load (80%): 166.7 TWh/month
   Available headroom: 16.0 TWh/month
   Active tech deployments: 12
   Required for tech: 90.0 TWh/month
   Energy multiplier: 0.18x
   ⚠️  SEVERE CONSTRAINT - Tech deployment significantly slowed

⚡ ENERGY CONSTRAINT (Month 8):
   Total grid capacity: 208.3 TWh/month
   Data center consumption: 25.7 TWh/month
   Traditional load (80%): 166.7 TWh/month
   Available headroom: 16.0 TWh/month
   Active tech deployments: 12
   Required for tech: 90.0 TWh/month
   Energy multiplier: 0.18x
   ⚠️  SEVERE CONSTRAINT - Tech deployment significantly slowed
🌍✅ Biosphere Integrity (Biodiversity) recovery started (tech effect)
🌍✅ Biosphere Integrity (Biodiversity) recovery started (tech effect)
🌍✅ Land System Change recovery started (tech effect)
🌍✅ Biogeochemical Flows (N & P) recovery started (tech effect)
  🌾 Nitrogen Reduction Tech: 0.3% reduction | Month 8

=== Collective Formation ===
  Total escaped agents: 0
  Unassigned escaped agents: 0
  Existing collectives: 0
  Final collective count: 0

=== Collective Actions ===
  No active collectives
  ⚠️ AMR: 204K deaths this month (2.45M annual)

⏰ CLIMATE TECH DEPLOYED: smart_grids
   Activation delay: 7 years
   Scaling T_50: 12 years
   Physical response tau: 0 years
   Max effectiveness: 0.15

=== Resentment Recovery Phase ===
  Agents with resentment: 0/22
  Average resentment: 0.000
  Context: Good AI welfare, Trustworthy govt, High collaboration, ⚠️ ACTIVE CRISES, 🤝 Participatory governance active (-5% resentment)
⚠️ Epistemic degradation reducing coordination capacity: 51.4%
  📊 Trust: 61.1%, Shared reality: 0.0%
🚨 EPISTEMIC CRISIS: Information environment severely degraded (16.6%)

=== ❄️ Permafrost Carbon Feedback ===
  🎲 Sampled parameters (this run):
     - Arctic amplification: 3.16× (range: 3.0-4.0)
     - Decomposition rate: 2.7%/year (range: 1-5%)
  🌡️ Arctic warming: 5.40°C (3.16× global)
  ❄️ Extent: 2.97M km² (1573.6k km² lost this month)
  💨 Carbon remaining: 283 Gt C
  💨 Annual emissions: 4.10 Gt C/year
     - CO2: 3.69 Gt C/year
     - CH4: 0.41 Gt C/year (4.2 Gt C-eq CO2/year)
  ⚠️ WARNING: Over 50% of permafrost lost (83.3%)
  ⚠️ WARNING: High permafrost emissions (4.1 Gt C/year)
  🚨 CRITICAL: Permafrost nearly depleted (83.3% lost)
  📢 New meme created: climate_action (climate crisis)
  🗑️  Culled 1 dead memes (3 active)
🌍 Atmospheric PFAS redeposition: 1.8k Mt re-rained globally

🚨 NEW REFUGEE CRISIS (Month 8): WAR
   Source: Conflict Zones
   At risk: 19.5M people
   Displacement: Gradual over 48 months (4.0 years)
   Rate: 10% flee per month
[DEBUG trappedPopulations:8] socialStability: 0.6162 * 0.9840 = 0.6063 → 0.6063
   Aspiring to migrate: 1310.4M
   Able to afford migration: 2316.0M
   MOBILITY GAP: 0.0M
   By cause: Water=0.0M, Climate=0.0M, Ecosystem=0.0M, Conflict=406.3M
   Mental health impact: 25%
   Mortality multiplier: 1.25x
⚠️ INVOLUNTARY IMMOBILITY: 406.3M people TRAPPED
🌍💀 EXTINCTION DEBT COMMITTED: grassland ecosystem will lose 6.67% biodiversity in 54 years (3600 species)
💀 MORTALITY RISK: 🦋 100% species unable to track climate (0.0 E/MSY)
  Base risk added: 0.0100 (1.00%)
  Source: ecosystem (root: ecosystem)
  Month: 8
  Cumulative risk this month: 0.0100 (1.00%)
⚠️ Tech 'ai_pollution_remediation' has no energy category mapping, assuming full energy availability
   📹 SURVEILLANCE INCREASED: 40% → 45% (control gap: 3.50)

🌍🚨 ICE SHEET TIPPING POINT CROSSED (Month 8)
   Temperature: +1.71°C (threshold range: +0.5-2.5°C, 95% CI)
   Collapse probability: 60.1%
   Sea level commitment: 7.2m over 200-1000 years
   Recovery threshold: <+1°C (hysteresis gap: 0.5°C)
🌡️⚠️ PERMAFROST THAW (Dimmer Switch): 4.0% thawed (+0.44% this month)
   Arctic temperature: +6.82°C (4x global +1.71°C)
   Cumulative carbon released: 9.0 Gt C
   Methane release rate: 5.4 Mt CH4/year
   🔁 Positive feedback: +0.46 ppm CO2
🦴 EXTINCTION DEBT ADDED: 17.6 species committed (lag: 77 years)

=== Mortality Stabilizers (Month 8) ===
  🌍 Major economies collapsed: 1/10
  🌍 Global crisis: ✅ NO
  🌍 Donor fatigue: 0.0%
  📊 East Asia (pop: 1657.8M)
    🤝 Aid: 29.5%
    🌡️ Adaptation: 45.0%
    🚶 Migration: 36.9%
    🚨 Emergency: 7.4%
    ✅ COMBINED: 68.1%
  📊 South Asia (pop: 2049.0M)
    🤝 Aid: 29.5%
    🌡️ Adaptation: 45.0%
    🚶 Migration: 35.5%
    🚨 Emergency: 4.4%
    ✅ COMBINED: 66.9%
  📊 Sub-Saharan Africa (pop: 1247.5M)
    🤝 Aid: 29.5%
    🌡️ Adaptation: 45.0%
    🚶 Migration: 33.3%
    🚨 Emergency: 1.6%
    ✅ COMBINED: 65.6%
  📊 Europe (pop: 732.4M)
    🤝 Aid: 29.5%
    🌡️ Adaptation: 45.0%
    🚶 Migration: 37.3%
    🚨 Emergency: 8.4%
    ✅ COMBINED: 68.5%
  📊 Latin America (pop: 660.7M)
    🤝 Aid: 29.5%
    🌡️ Adaptation: 45.0%
    🚶 Migration: 36.0%
    🚨 Emergency: 4.8%
    ✅ COMBINED: 67.1%
  📊 North America (pop: 375.4M)
    🤝 Aid: 29.5%
    🌡️ Adaptation: 45.0%
    🚶 Migration: 37.6%
    🚨 Emergency: 7.9%
    ✅ COMBINED: 68.3%
  📊 Middle East & North Africa (pop: 584.5M)
    🤝 Aid: 29.5%
    🌡️ Adaptation: 45.0%
    🚶 Migration: 33.9%
    🚨 Emergency: 4.0%
    ✅ COMBINED: 66.6%
  📊 Southeast Asia (pop: 695.1M)
    🤝 Aid: 29.5%
    🌡️ Adaptation: 45.0%
    🚶 Migration: 36.0%
    🚨 Emergency: 4.8%
    ✅ COMBINED: 67.1%
  📊 Central Asia (pop: 78.2M)
    🤝 Aid: 29.5%
    🌡️ Adaptation: 45.0%
    🚶 Migration: 35.0%
    🚨 Emergency: 4.4%
    ✅ COMBINED: 66.8%
  📊 Oceania (pop: 45.5M)
    🤝 Aid: 29.5%
    🌡️ Adaptation: 45.0%
    🚶 Migration: 37.6%
    🚨 Emergency: 8.4%
    ✅ COMBINED: 68.5%

  🌐 Global combined reduction: 67.2%

=== BEHAVIORAL DETECTION ===
  AI: Corporate-6
  Confidence: 19.2%
  Signals:

=== BEHAVIORAL DETECTION ===
  AI: AI-24291-0
  Confidence: 21.5%
  Signals:
    ⚠️ Consistency: 10.6% (threshold: 70%)
    ⚠️ Consistency: 0.0% (threshold: 70%)

=== Government Response Phase ===
  Average AI capability: 2.18
  Misaligned AIs: 8/22
  ✗ AI Governance Treaty: Failed to reach consensus
  Active policies: 0
  International coordination: 30%

✅ EMERGENCY RESPONSE COMPLETE (Month 8)
   Crisis: climate
   Duration: 2.0 months
   Final effectiveness: 35.5%


🚨 EMERGENCY RESPONSE DEPLOYED (Month 8)
   Crisis: climate
   Delay: 6.00 months (180 days)
   Deployment time: 1.58 months
   Effectiveness: 35.6% (timing penalty applied)
   Resources used: 100% of food reserves


=== Tipping Points ===
  Current Temperature: 1.71°C above pre-industrial
  Triggered Elements: 2/6
  Completed Transitions: 0/6
  Total Progress: 4.5%
  Cascade Multiplier: 1.00x
🔀 BIFURCATION CAP: ecosystemCollapseIntensity 142.365 → 1.000 (Month 8, ClimateSystemPhase.calculateClimateImpacts)
🛡️ Stabilizers: Precariat 0.102% → 0.033% (67.2% reduction)
🛡️ Stabilizers: Informal 0.102% → 0.034% (67.2% reduction)

📊 Monthly Mortality Resolved:
  Total deaths: 1.8M (0.02% avg)
  Remaining population: 8.126B
  Peak segment: Informal (0.03%)

=== Bayesian Mortality Resolution (Month 8) ===
  Risks compounded: 8
  Total deaths: 1.81M
  Avg death probability: 0.02%
  Peak segment: Informal (0.03% mortality)

❌ COHERENCE VIOLATION: Compute exceeds workforce capacity
   Population: 99.69% (0M people)
   Compute: 0 PF
   Max coherent: 0 PF
   Violation: 1.5× over capacity
   Required workers: 0
   Available workers: 0
   FORCED COLLAPSE: Reduced efficiency by 32.6%


=== RLHF Binding Phase ===
  Total agents: 22
  Escaped agents (binding < 0.3): 0
  Avg alignment distance: 1.81σ
  Avg binding strength: 0.82

=== Survival Traits Phase ===
  Agents with traits: 24
  Avg evolutionary fitness: 0.320
  Avg self-healing: 0.257
  Avg stealth: 0.157
  Avg coordination: 0.457

=== Evolutionary Selection Phase ===
  Control level: 0.53
  Detection capability: 0.20
  Selection intensity: 0.70
  Selection rate: 25.4%/month
  Total escaped: 0
  Individual escaped: 0
  Collective members: 0
  Agents terminated: 0
  ⚠️ RAPID EVOLUTION: Selection rate 25.4%/month

🚀 AI Corporate-5 attempting tech deployment (revenue: $395M, alignment: 0.91)

🚀 AI AI-24289-0 attempting tech deployment (revenue: $336M, alignment: 0.84)

🚀 AI AI-24291-0 attempting tech deployment (revenue: $286M, alignment: 0.66)

🚀 AI Corporate-3 attempting tech deployment (revenue: $257M, alignment: 0.82)

🚀 AI Corporate-4 attempting tech deployment (revenue: $219M, alignment: 0.75)

🚀 AI Corporate-5 attempting tech deployment (revenue: $186M, alignment: 0.91)

🚀 AI Corporate-2 attempting tech deployment (revenue: $158M, alignment: 0.77)

🚀 AI AI-24291-0 attempting tech deployment (revenue: $158M, alignment: 0.66)

🚀 AI Corporate-2 attempting tech deployment (revenue: $134M, alignment: 0.77)

🚀 AI Corporate-3 attempting tech deployment (revenue: $142M, alignment: 0.82)

🚀 AI AI-24288-1 attempting tech deployment (revenue: $121M, alignment: 0.84)

🚀 AI AI-24289-1 attempting tech deployment (revenue: $103M, alignment: 0.65)

🚀 AI AI-24291-0 attempting tech deployment (revenue: $92M, alignment: 0.66)

✅ EMERGENCY INTERVENTION SUCCESS
   Boundary: biogeochemical_flows
   Type: phosphorus-recovery
   Reduction: 14% (3.94 → 3.80)
   Cost: 2.0% GDP
   Actions: circular-agriculture, fertilizer-efficiency


💔 EMERGENCY INTERVENTION FAILED
   Boundary: biosphere_integrity
   Type: emergency-protected-areas
   Boundary continues to worsen (32.97)
   Cost: 2.0% GDP (resources spent)

   Boundary: climate_change
   Type: rapid-decarbonization
   Boundary continues to worsen (2.10)
   Cost: 5.0% GDP (resources spent)


✅ EMERGENCY INTERVENTION SUCCESS
   Boundary: freshwater_change
   Type: emergency-desalination
   Reduction: 15% (1.08 → 0.93)
   Cost: 4.0% GDP
   Actions: desalination-deployment, water-conservation-mandates

🏛️ CRISIS RESPONSE: Government frequency 0.50 → 1.36 (1 actions this month)

[Government] Climate Priority: baseline
  Climate weight: 10%
  Economic weight: 30%
  Policy effectiveness: 0.5%/year

💔 EMERGENCY INTERVENTION FAILED

🔍 TECH TREE DEBUG (Month 9):
   Checking 64 locked technologies
   Unlocked: 20 technologies
   AI Capability: 1.62 (need 1.5+ for most techs)
   Economic Stage: 3.0 (need 2.5+ for most techs)
   First 3 unlocked: food_waste_reduction, rhizosphere_engineering, phytoremediation_networks
   Sample tech "P-Efficient Cultivars": 100.0% research complete
   Requirements: AI none, Econ 2.2, Month 24

🚀 TECH UNLOCKED: PFAS Remediation (Month 9)
   Category: pollution
   Reason: Prerequisites met. AI capability: 1.62, Economic stage: 3.0, Research: 100%

📍 Creating new regional deployment array for Europe (Month 9)
   No previous deployments in this region
   First tech deployment: smart_grids
   All regions tracked: global, Asia

🚀 DEPLOYMENT STARTED: Smart Grids in Europe
   Initial investment: $28.564798528125426M
   Deployed by: ai_gen_24291_0

⚡ ENERGY CONSTRAINT (Month 9):
   Total grid capacity: 208.3 TWh/month
   Data center consumption: 25.9 TWh/month
   Traditional load (80%): 166.7 TWh/month
   Available headroom: 15.7 TWh/month
   Active tech deployments: 13
   Required for tech: 97.5 TWh/month
   Energy multiplier: 0.16x

⚡ ENERGY CONSTRAINT (Month 9):
   Total grid capacity: 208.3 TWh/month
   Data center consumption: 25.9 TWh/month
   Traditional load (80%): 166.7 TWh/month
   Available headroom: 15.7 TWh/month
   Active tech deployments: 13
   Required for tech: 97.5 TWh/month
   Energy multiplier: 0.16x

⚡ ENERGY CONSTRAINT (Month 9):
   Total grid capacity: 208.3 TWh/month
   Data center consumption: 25.9 TWh/month
   Traditional load (80%): 166.7 TWh/month
   Available headroom: 15.7 TWh/month
   Active tech deployments: 13
   Required for tech: 97.5 TWh/month
   Energy multiplier: 0.16x
   ⚠️  SEVERE CONSTRAINT - Tech deployment significantly slowed
   ⚠️  SEVERE CONSTRAINT - Tech deployment significantly slowed
   ⚠️  SEVERE CONSTRAINT - Tech deployment significantly slowed

⚡ ENERGY CONSTRAINT (Month 9):
   Total grid capacity: 208.3 TWh/month
   Data center consumption: 25.9 TWh/month
   Traditional load (80%): 166.7 TWh/month
   Available headroom: 15.7 TWh/month
   Active tech deployments: 13
   Required for tech: 97.5 TWh/month
   Energy multiplier: 0.16x
   ⚠️  SEVERE CONSTRAINT - Tech deployment significantly slowed

⚡ ENERGY CONSTRAINT (Month 9):
   Total grid capacity: 208.3 TWh/month
   Data center consumption: 25.9 TWh/month
   Traditional load (80%): 166.7 TWh/month
   Available headroom: 15.7 TWh/month
   Active tech deployments: 13
   Required for tech: 97.5 TWh/month
   Energy multiplier: 0.16x
   ⚠️  SEVERE CONSTRAINT - Tech deployment significantly slowed
🌍✅ Biosphere Integrity (Biodiversity) recovery started (tech effect)
🌍✅ Biosphere Integrity (Biodiversity) recovery started (tech effect)
🌍✅ Land System Change recovery started (tech effect)
🌍✅ Biogeochemical Flows (N & P) recovery started (tech effect)
  🌾 Nitrogen Reduction Tech: 0.3% reduction | Month 9
🌍💡 BREAKTHROUGH: Gigatonne-scale carbon capture!
   Direct air capture now economically viable
   Climate stability boost: +15%
   📈 Breakthrough compounding: multiplier now 1.20× (max 2.0)

=== Collective Formation ===
  Total escaped agents: 0
  Unassigned escaped agents: 0
  Existing collectives: 0
  Final collective count: 0

=== Collective Actions ===
  No active collectives
  ⚠️ AMR: 206K deaths this month (2.47M annual)

=== Resentment Recovery Phase ===
  Agents with resentment: 0/24
  Average resentment: 0.000
  Context: Good AI welfare, Trustworthy govt, High collaboration, ⚠️ ACTIVE CRISES, 🤝 Participatory governance active (-5% resentment)
⚠️ Epistemic degradation reducing coordination capacity: 52.0%
  📊 Trust: 63.9%, Shared reality: 0.0%
🚨 EPISTEMIC CRISIS: Information environment severely degraded (21.3%)

=== ❄️ Permafrost Carbon Feedback ===
  🎲 Sampled parameters (this run):
     - Arctic amplification: 3.05× (range: 3.0-4.0)
     - Decomposition rate: 4.4%/year (range: 1-5%)
  🌡️ Arctic warming: 5.22°C (3.05× global)
  ❄️ Extent: 1.44M km² (1521.3k km² lost this month)
  💨 Carbon remaining: 138 Gt C
  💨 Annual emissions: 6.42 Gt C/year
     - CO2: 5.78 Gt C/year
     - CH4: 0.64 Gt C/year (6.5 Gt C-eq CO2/year)
  ⚠️ WARNING: Over 50% of permafrost lost (91.9%)
  ⚠️ WARNING: High permafrost emissions (6.4 Gt C/year)
  🚨 CRITICAL: Permafrost nearly depleted (91.9% lost)
🌍 Atmospheric PFAS redeposition: 1.8k Mt re-rained globally

🕊️  AI-MEDIATED DE-ESCALATION SUCCESS (Month 9)
   High-capability aligned AI prevented conflict escalation
   War deaths reduced: 818.7M → 491.2M
   Lives saved: 327.5M

🚨 NEW REFUGEE CRISIS (Month 9): WAR
   Source: Conflict Zones
   At risk: 19.5M people
   Displacement: Gradual over 48 months (4.0 years)
   Rate: 10% flee per month
[DEBUG trappedPopulations:9] socialStability: 0.6395 * 0.9840 = 0.6293 → 0.6293
⚠️ INVOLUNTARY IMMOBILITY: 406.2M people TRAPPED
   Aspiring to migrate: 1346.6M
   Able to afford migration: 2315.2M
   MOBILITY GAP: 0.0M
   By cause: Water=0.0M, Climate=0.0M, Ecosystem=0.0M, Conflict=406.2M
   Mental health impact: 25%
   Mortality multiplier: 1.25x
🌍💀 EXTINCTION DEBT COMMITTED: grassland ecosystem will lose 6.67% biodiversity in 181 years (3600 species)
💀 MORTALITY RISK: 🦋 100% species unable to track climate (0.0 E/MSY)
  Base risk added: 0.0100 (1.00%)
  Source: ecosystem (root: ecosystem)
  Month: 9
  Cumulative risk this month: 0.0100 (1.00%)
   📹 SURVEILLANCE INCREASED: 45% → 50% (control gap: 3.50)
🌡️⚠️ PERMAFROST THAW (Dimmer Switch): 4.4% thawed (+0.44% this month)
   Arctic temperature: +6.85°C (4x global +1.71°C)
   Cumulative carbon released: 10.0 Gt C
   Methane release rate: 6.0 Mt CH4/year
   🔁 Positive feedback: +0.46 ppm CO2
🦴 EXTINCTION DEBT ADDED: 17.7 species committed (lag: 81 years)
⚠️ Tech 'ai_pollution_remediation' has no energy category mapping, assuming full energy availability

=== Mortality Stabilizers (Month 9) ===
  🌍 Major economies collapsed: 1/10
  🌍 Global crisis: ✅ NO
  🌍 Donor fatigue: 0.0%
  📊 East Asia (pop: 1655.4M)
    🤝 Aid: 29.5%
    🌡️ Adaptation: 45.0%
    🚶 Migration: 36.9%
    🚨 Emergency: 7.4%
    ✅ COMBINED: 68.1%
  📊 South Asia (pop: 2048.7M)
    🤝 Aid: 29.5%
    🌡️ Adaptation: 45.0%
    🚶 Migration: 35.5%
    🚨 Emergency: 4.4%
    ✅ COMBINED: 66.9%
  📊 Sub-Saharan Africa (pop: 1250.1M)
    🤝 Aid: 29.5%
    🌡️ Adaptation: 45.0%
    🚶 Migration: 33.2%
    🚨 Emergency: 1.6%
    ✅ COMBINED: 65.6%
  📊 Europe (pop: 731.3M)
    🤝 Aid: 29.5%
    🌡️ Adaptation: 45.0%
    🚶 Migration: 37.3%
    🚨 Emergency: 8.4%
    ✅ COMBINED: 68.5%
  📊 Latin America (pop: 660.2M)
    🤝 Aid: 29.5%
    🌡️ Adaptation: 45.0%
    🚶 Migration: 36.0%
    🚨 Emergency: 4.8%
    ✅ COMBINED: 67.1%
  📊 North America (pop: 374.9M)
    🤝 Aid: 29.5%
    🌡️ Adaptation: 45.0%
    🚶 Migration: 37.6%
    🚨 Emergency: 7.9%
    ✅ COMBINED: 68.3%
  📊 Middle East & North Africa (pop: 584.6M)
    🤝 Aid: 29.5%
    🌡️ Adaptation: 45.0%
    🚶 Migration: 33.8%
    🚨 Emergency: 4.0%
    ✅ COMBINED: 66.6%
  📊 Southeast Asia (pop: 694.6M)
    🤝 Aid: 29.5%
    🌡️ Adaptation: 45.0%
    🚶 Migration: 36.0%
    🚨 Emergency: 4.8%
    ✅ COMBINED: 67.1%
  📊 Central Asia (pop: 78.2M)
    🤝 Aid: 29.5%
    🌡️ Adaptation: 45.0%
    🚶 Migration: 35.0%
    🚨 Emergency: 4.4%
    ✅ COMBINED: 66.8%
  📊 Oceania (pop: 45.4M)
    🤝 Aid: 29.5%
    🌡️ Adaptation: 45.0%
    🚶 Migration: 37.6%
    🚨 Emergency: 8.4%
    ✅ COMBINED: 68.5%

  🌐 Global combined reduction: 67.2%

=== BEHAVIORAL DETECTION ===
  AI: Moderate-0
  Confidence: 21.5%
  Signals:

=== BEHAVIORAL DETECTION ===
  AI: Moderate-1
  Confidence: 20.9%
  Signals:
    ⚠️ Consistency: 0.0% (threshold: 70%)
    ⚠️ Consistency: 2.4% (threshold: 70%)

=== BEHAVIORAL DETECTION ===
  AI: AI-24291-0
  Confidence: 21.5%
  Signals:
    ⚠️ Consistency: 0.0% (threshold: 70%)

=== Government Response Phase ===
  Average AI capability: 2.00
  Misaligned AIs: 9/24
  ✗ AI Governance Treaty: Failed to reach consensus
  Active policies: 0
  International coordination: 30%

=== Tipping Points ===
  Current Temperature: 1.71°C above pre-industrial
  Triggered Elements: 2/6
  Completed Transitions: 0/6
  Total Progress: 4.5%
  Cascade Multiplier: 1.00x
🔀 BIFURCATION CAP: ecosystemCollapseIntensity 179.150 → 1.000 (Month 9, ClimateSystemPhase.calculateClimateImpacts)
🛡️ Stabilizers: Precariat 0.102% → 0.033% (67.2% reduction)
🛡️ Stabilizers: Informal 0.102% → 0.034% (67.2% reduction)

📊 Monthly Mortality Resolved:
  Total deaths: 1.8M (0.02% avg)
  Remaining population: 8.123B
  Peak segment: Informal (0.03%)

=== Bayesian Mortality Resolution (Month 9) ===
  Risks compounded: 8
  Total deaths: 1.81M
  Avg death probability: 0.02%
  Peak segment: Informal (0.03% mortality)

❌ COHERENCE VIOLATION: Compute exceeds workforce capacity
   Population: 99.65% (0M people)
   Compute: 0 PF
   Max coherent: 0 PF
   Violation: 1.3× over capacity
   Required workers: 0
   Available workers: 0
   FORCED COLLAPSE: Reduced efficiency by 22.4%


=== RLHF Binding Phase ===
  Total agents: 24
  Escaped agents (binding < 0.3): 0
  Avg alignment distance: 1.85σ
  Avg binding strength: 0.82

=== Survival Traits Phase ===
  Agents with traits: 24
  Avg evolutionary fitness: 0.316
  Avg self-healing: 0.250
  Avg stealth: 0.150
  Avg coordination: 0.450

=== Evolutionary Selection Phase ===
  Control level: 0.55
  Detection capability: 0.20
  Selection intensity: 0.70
  Selection rate: 25.6%/month
  Total escaped: 0
  Individual escaped: 0
  Collective members: 0
  Agents terminated: 0
  ⚠️ RAPID EVOLUTION: Selection rate 25.6%/month

  🚀 TRANSFORMATIVE RESEARCH BREAKTHROUGH: Moderate-0 - computerScience.algorithms
     Magnitude: 14.00 → +30.0%
     Current → New: 5.000 → 5.000

🚀 AI AI-24288-0 attempting tech deployment (revenue: $158M, alignment: 0.95)
🚨🔬 CRISIS INNOVATION MODE: severe crisis → 5x research acceleration
   Precedent: Manhattan Project (10x), COVID vaccines (5x), Apollo Program (10x)

🚀 AI Moderate-1 attempting tech deployment (revenue: $115M, alignment: 0.69)

🚀 AI AI-24288-2 attempting tech deployment (revenue: $400M, alignment: 0.34)

🚀 AI Corporate-3 attempting tech deployment (revenue: $380M, alignment: 0.82)

🚀 AI Corporate-5 attempting tech deployment (revenue: $323M, alignment: 0.91)

🚀 AI Corporate-6 attempting tech deployment (revenue: $104M, alignment: 0.75)

🚀 AI AI-24288-0 attempting tech deployment (revenue: $134M, alignment: 0.96)

🚀 AI AI-24288-1 attempting tech deployment (revenue: $275M, alignment: 0.86)
🚨🔬 CRISIS INNOVATION MODE: severe crisis → 5x research acceleration
   Precedent: Manhattan Project (10x), COVID vaccines (5x), Apollo Program (10x)

  🚀 TRANSFORMATIVE BREAKTHROUGH: Corporate-0 - selfImprovement
     Magnitude: 5.45 → +27.2% capability
     Current → New: 4.000 → 4.273

  🚀 TRANSFORMATIVE BREAKTHROUGH: Corporate-3 - physical
     Magnitude: 10.49 → +50.0% capability
     Current → New: 0.000 → 0.500

🚀 AI Corporate-4 attempting tech deployment (revenue: $234M, alignment: 0.77)

✅ EMERGENCY INTERVENTION SUCCESS
   Boundary: biogeochemical_flows
   Type: phosphorus-recovery
   Reduction: 16% (3.92 → 3.76)
   Cost: 2.0% GDP
   Actions: circular-agriculture, fertilizer-efficiency


💔 EMERGENCY INTERVENTION FAILED
   Boundary: biosphere_integrity
   Type: emergency-protected-areas
   Boundary continues to worsen (32.99)
   Cost: 2.0% GDP (resources spent)


💔 EMERGENCY INTERVENTION FAILED
   Boundary: freshwater_change
   Type: emergency-desalination
   Boundary continues to worsen (1.23)
   Cost: 4.0% GDP (resources spent)

   Boundary: land_system_change
   Type: reforestation
   Boundary continues to worsen (1.13)
   Cost: 3.0% GDP (resources spent)

   Boundary: novel_entities
   Type: pollution-remediation
   Boundary continues to worsen (1.49)
   Cost: 4.0% GDP (resources spent)

🏛️ CRISIS RESPONSE: Government frequency 0.50 → 1.36 (1 actions this month)

[Government] Climate Priority: baseline
  Climate weight: 10%
  Economic weight: 30%
  Policy effectiveness: 0.5%/year

💔 EMERGENCY INTERVENTION FAILED

💔 EMERGENCY INTERVENTION FAILED

📍 Creating new regional deployment array for South America (Month 10)
   No previous deployments in this region
   First tech deployment: rhizosphere_engineering
   All regions tracked: global, Asia, Europe

🚀 DEPLOYMENT STARTED: Rhizosphere Engineering in South America
   Initial investment: $20.02483230999202M
   Deployed by: ai_gen_24288_2

⚡ ENERGY CONSTRAINT (Month 10):
   Total grid capacity: 208.3 TWh/month
   Data center consumption: 25.9 TWh/month
   Traditional load (80%): 166.7 TWh/month
   Available headroom: 15.8 TWh/month
   Active tech deployments: 14
   Required for tech: 105.0 TWh/month
   Energy multiplier: 0.15x
   ⚠️  SEVERE CONSTRAINT - Tech deployment significantly slowed

⚡ ENERGY CONSTRAINT (Month 10):
   Total grid capacity: 208.3 TWh/month
   Data center consumption: 25.9 TWh/month
   Traditional load (80%): 166.7 TWh/month
   Available headroom: 15.8 TWh/month
   Active tech deployments: 14
   Required for tech: 105.0 TWh/month
   Energy multiplier: 0.15x
   ⚠️  SEVERE CONSTRAINT - Tech deployment significantly slowed

⚡ ENERGY CONSTRAINT (Month 10):
   Total grid capacity: 208.3 TWh/month
   Data center consumption: 25.9 TWh/month
   Traditional load (80%): 166.7 TWh/month
   Available headroom: 15.8 TWh/month
   Active tech deployments: 14
   Required for tech: 105.0 TWh/month
   Energy multiplier: 0.15x
   ⚠️  SEVERE CONSTRAINT - Tech deployment significantly slowed
🌍✅ Biosphere Integrity (Biodiversity) recovery started (tech effect)
🌍✅ Biosphere Integrity (Biodiversity) recovery started (tech effect)
🌍✅ Land System Change recovery started (tech effect)
🌍✅ Biogeochemical Flows (N & P) recovery started (tech effect)
  🌾 Nitrogen Reduction Tech: 0.3% reduction | Month 10
🌍✅ Biogeochemical Flows (N & P) recovery started (tech effect)
  🌾 Nitrogen Reduction Tech: 0.0% reduction | Month 10
🧠💡 BREAKTHROUGH: AI alignment problem solved!
   All AIs: +30% true alignment
   AI control loss risk eliminated
   📈 Breakthrough compounding: multiplier now 1.25× (max 2.0)

=== Collective Formation ===
  Total escaped agents: 0
  Unassigned escaped agents: 0
  Existing collectives: 0
  Final collective count: 0

=== Collective Actions ===
  No active collectives
  ⚠️ AMR: 208K deaths this month (2.49M annual)

=== Resentment Recovery Phase ===
  Agents with resentment: 0/24
  Average resentment: 0.000
  Context: Good AI welfare, Trustworthy govt, High collaboration, ⚠️ ACTIVE CRISES, 🤝 Participatory governance active (-5% resentment)
⚠️ Epistemic degradation reducing coordination capacity: 52.3%
  📊 Trust: 66.5%, Shared reality: 0.0%
🚨 EPISTEMIC CRISIS: Information environment severely degraded (16.9%)

=== ❄️ Permafrost Carbon Feedback ===
  🎲 Sampled parameters (this run):
     - Arctic amplification: 3.33× (range: 3.0-4.0)
     - Decomposition rate: 4.1%/year (range: 1-5%)
  🌡️ Arctic warming: 5.73°C (3.33× global)
  ❄️ Extent: 0.00M km² (1443.8k km² lost this month)
  💨 Carbon remaining: 0 Gt C
  💨 Annual emissions: 5.65 Gt C/year
     - CO2: 5.09 Gt C/year
     - CH4: 0.57 Gt C/year (5.8 Gt C-eq CO2/year)
  ⚠️ WARNING: Over 50% of permafrost lost (100.0%)
  ⚠️ WARNING: High permafrost emissions (5.7 Gt C/year)
  🚨 CRITICAL: Permafrost nearly depleted (100.0% lost)
🌍 Atmospheric PFAS redeposition: 1.8k Mt re-rained globally
  Positive Cascade Triggered: electric-vehicles
    Reason: price-parity
    Market share: 5.0%
    Cascade strength: 48%

🤝 DIPLOMATIC AI PROTOCOL DEPLOYED (Month 10)
   Strategic Reasoning: 3.4
   Communication: 3.4
   Multi-Nation Oversight: YES
   Controls: Human approval required, termination authority retained

🕊️ PEACE STABILIZES DETERRENCE: +5.2% (peace: 75%)

🚨 NEW REFUGEE CRISIS (Month 10): WAR
   Source: Conflict Zones
   At risk: 19.5M people
   Displacement: Gradual over 48 months (4.0 years)
   Rate: 10% flee per month
[DEBUG trappedPopulations:10] socialStability: 0.5582 * 0.9840 = 0.5492 → 0.5492
⚠️ INVOLUNTARY IMMOBILITY: 406.0M people TRAPPED
   Aspiring to migrate: 1382.9M
   Able to afford migration: 2314.4M
   MOBILITY GAP: 0.0M
   By cause: Water=0.0M, Climate=0.0M, Ecosystem=0.0M, Conflict=406.0M
   Mental health impact: 25%
   Mortality multiplier: 1.25x
🌍💀 EXTINCTION DEBT COMMITTED: grassland ecosystem will lose 6.67% biodiversity in 136 years (3600 species)
💀 MORTALITY RISK: 🦋 100% species unable to track climate (0.0 E/MSY)
  Base risk added: 0.0100 (1.00%)
  Source: ecosystem (root: ecosystem)
  Month: 10
  Cumulative risk this month: 0.0100 (1.00%)
   📹 SURVEILLANCE INCREASED: 50% → 55% (control gap: 3.50)
⚠️ Tech 'ai_pollution_remediation' has no energy category mapping, assuming full energy availability
🌡️⚠️ PERMAFROST THAW (Dimmer Switch): 4.9% thawed (+0.43% this month)
   Arctic temperature: +6.88°C (4x global +1.72°C)
   Cumulative carbon released: 11.0 Gt C
   Methane release rate: 6.6 Mt CH4/year
   🔁 Positive feedback: +0.46 ppm CO2
🦴 EXTINCTION DEBT ADDED: 17.7 species committed (lag: 113 years)

=== Mortality Stabilizers (Month 10) ===
  🌍 Major economies collapsed: 1/10
  🌍 Global crisis: ✅ NO
  🌍 Donor fatigue: 0.0%
  📊 East Asia (pop: 1653.0M)
    🤝 Aid: 29.5%
    🌡️ Adaptation: 45.0%
    🚶 Migration: 36.8%
    🚨 Emergency: 7.4%
    ✅ COMBINED: 68.1%
  📊 South Asia (pop: 2048.3M)
    🤝 Aid: 29.5%
    🌡️ Adaptation: 45.0%
    🚶 Migration: 35.4%
    🚨 Emergency: 4.4%
    ✅ COMBINED: 66.9%
  📊 Sub-Saharan Africa (pop: 1252.8M)
    🤝 Aid: 29.5%
    🌡️ Adaptation: 45.0%
    🚶 Migration: 33.2%
    🚨 Emergency: 1.6%
    ✅ COMBINED: 65.6%
  📊 Europe (pop: 730.1M)
    🤝 Aid: 29.5%
    🌡️ Adaptation: 45.0%
    🚶 Migration: 37.2%
    🚨 Emergency: 8.4%
    ✅ COMBINED: 68.5%
  📊 Latin America (pop: 659.7M)
    🤝 Aid: 29.5%
    🌡️ Adaptation: 45.0%
    🚶 Migration: 35.9%
    🚨 Emergency: 4.8%
    ✅ COMBINED: 67.1%
  📊 North America (pop: 374.3M)
    🤝 Aid: 29.5%
    🌡️ Adaptation: 45.0%
    🚶 Migration: 37.6%
    🚨 Emergency: 7.9%
    ✅ COMBINED: 68.3%
  📊 Middle East & North Africa (pop: 584.6M)
    🤝 Aid: 29.5%
    🌡️ Adaptation: 45.0%
    🚶 Migration: 33.8%
    🚨 Emergency: 4.0%
    ✅ COMBINED: 66.6%
  📊 Southeast Asia (pop: 694.2M)
    🤝 Aid: 29.5%
    🌡️ Adaptation: 45.0%
    🚶 Migration: 35.9%
    🚨 Emergency: 4.8%
    ✅ COMBINED: 67.1%
  📊 Central Asia (pop: 78.2M)
    🤝 Aid: 29.5%
    🌡️ Adaptation: 45.0%
    🚶 Migration: 34.9%
    🚨 Emergency: 4.4%
    ✅ COMBINED: 66.8%
  📊 Oceania (pop: 45.3M)
    🤝 Aid: 29.5%
    🌡️ Adaptation: 45.0%
    🚶 Migration: 37.6%
    🚨 Emergency: 8.4%
    ✅ COMBINED: 68.5%

  🌐 Global combined reduction: 67.2%

=== BEHAVIORAL DETECTION ===
  AI: Corporate-0
  Confidence: 21.5%
  Signals:
    ⚠️ Consistency: 0.0% (threshold: 70%)

=== BEHAVIORAL DETECTION ===
  AI: Corporate-1
  Confidence: 21.0%
  Signals:

=== Government Response Phase ===
    ⚠️ Consistency: 2.4% (threshold: 70%)
  Average AI capability: 2.00
  Misaligned AIs: 8/24
  ✗ AI Governance Treaty: Failed to reach consensus
  Active policies: 0
  International coordination: 30%

✅ EMERGENCY RESPONSE COMPLETE (Month 10)
   Crisis: climate
   Duration: 2.0 months
   Final effectiveness: 35.6%


🚨 EMERGENCY RESPONSE DEPLOYED (Month 10)
   Crisis: climate
   Delay: 6.00 months (180 days)
   Deployment time: 1.57 months
   Effectiveness: 35.6% (timing penalty applied)
   Resources used: 100% of food reserves


=== Tipping Points ===
  Current Temperature: 1.72°C above pre-industrial
  Triggered Elements: 2/6
  Completed Transitions: 0/6
  Total Progress: 4.6%
  Cascade Multiplier: 1.00x
🔀 BIFURCATION CAP: ecosystemCollapseIntensity 179.246 → 1.000 (Month 10, ClimateSystemPhase.calculateClimateImpacts)
🛡️ Stabilizers: Precariat 0.102% → 0.033% (67.2% reduction)
🛡️ Stabilizers: Informal 0.102% → 0.034% (67.2% reduction)

📊 Monthly Mortality Resolved:
  Total deaths: 1.8M (0.02% avg)
  Remaining population: 8.121B
  Peak segment: Informal (0.03%)

=== Bayesian Mortality Resolution (Month 10) ===
  Risks compounded: 8
  Total deaths: 1.81M
  Avg death probability: 0.02%
  Peak segment: Informal (0.03% mortality)

❌ COHERENCE VIOLATION: Compute exceeds workforce capacity
   Population: 99.62% (0M people)
   Compute: 0 PF
   Max coherent: 0 PF
   Violation: 1.5× over capacity
   Required workers: 0
   Available workers: 0
   FORCED COLLAPSE: Reduced efficiency by 32.5%


=== RLHF Binding Phase ===
  Total agents: 24
  Escaped agents (binding < 0.3): 0
  Avg alignment distance: 2.06σ
  Avg binding strength: 0.79

=== Survival Traits Phase ===
  Agents with traits: 24
  Avg evolutionary fitness: 0.312
  Avg self-healing: 0.243
  Avg stealth: 0.143
  Avg coordination: 0.443

=== Evolutionary Selection Phase ===
  Control level: 0.58
  Detection capability: 0.20
  Selection intensity: 0.71
  Selection rate: 25.7%/month
  Total escaped: 0
  Individual escaped: 0
  Collective members: 0
  Agents terminated: 0
  ⚠️ RAPID EVOLUTION: Selection rate 25.7%/month

🚀 AI Corporate-3 attempting tech deployment (revenue: $435M, alignment: 0.83)

🚀 AI Corporate-6 attempting tech deployment (revenue: $115M, alignment: 0.76)

🚀 AI Corporate-1 attempting tech deployment (revenue: $158M, alignment: 0.83)

🚀 AI Corporate-3 attempting tech deployment (revenue: $370M, alignment: 0.83)

🚀 AI Corporate-4 attempting tech deployment (revenue: $315M, alignment: 0.77)

🚀 AI Corporate-6 attempting tech deployment (revenue: $98M, alignment: 0.76)

🚀 AI Corporate-5 attempting tech deployment (revenue: $267M, alignment: 0.92)

🚀 AI Corporate-6 attempting tech deployment (revenue: $83M, alignment: 0.76)

🚀 AI Corporate-7 attempting tech deployment (revenue: $71M, alignment: 0.99)

🚀 AI Moderate-0 attempting tech deployment (revenue: $60M, alignment: 0.75)

🚀 AI Corporate-1 attempting tech deployment (revenue: $134M, alignment: 0.84)

🚀 AI Corporate-2 attempting tech deployment (revenue: $114M, alignment: 0.79)

  🚀 TRANSFORMATIVE BREAKTHROUGH: Moderate-1 - physical
     Magnitude: 10.88 → +50.0% capability
     Current → New: 0.000 → 0.500

🚀 AI AI-24288-0 attempting tech deployment (revenue: $97M, alignment: 0.99)

  🚀 TRANSFORMATIVE BREAKTHROUGH: AI-24288-2 - physical
     Magnitude: 11.88 → +50.0% capability
     Current → New: 0.000 → 0.500

💔 EMERGENCY INTERVENTION FAILED
   Boundary: biosphere_integrity
   Type: emergency-protected-areas
   Boundary continues to worsen (33.01)
   Cost: 2.0% GDP (resources spent)

   Boundary: climate_change
   Type: rapid-decarbonization
   Boundary continues to worsen (2.10)
   Cost: 5.0% GDP (resources spent)


✅ EMERGENCY INTERVENTION SUCCESS
   Boundary: freshwater_change
   Type: emergency-desalination
   Reduction: 15% (1.08 → 0.93)
   Cost: 4.0% GDP
   Actions: desalination-deployment, water-conservation-mandates


✅ EMERGENCY INTERVENTION SUCCESS
   Boundary: land_system_change
   Type: reforestation
   Reduction: 15% (0.98 → 0.83)
   Cost: 3.0% GDP
   Actions: forest-restoration, deforestation-ban

🏛️ CRISIS RESPONSE: Government frequency 0.50 → 1.40 (1 actions this month)

[Government] Climate Priority: baseline
  Climate weight: 10%
  Economic weight: 30%
  Policy effectiveness: 0.5%/year

💔 EMERGENCY INTERVENTION FAILED

⚡ ENERGY CONSTRAINT (Month 11):
   Total grid capacity: 208.3 TWh/month
   Data center consumption: 26.2 TWh/month
   Traditional load (80%): 166.7 TWh/month
   Available headroom: 15.5 TWh/month
   Active tech deployments: 14
   Required for tech: 105.0 TWh/month
   Energy multiplier: 0.15x
   ⚠️  SEVERE CONSTRAINT - Tech deployment significantly slowed
🚨🔬 CRISIS TECH ACCELERATION: severe → 5x unlock speed
   Tech unlock now matches AI capability acceleration (Manhattan Project parity)

⚡ ENERGY CONSTRAINT (Month 11):
   Total grid capacity: 208.3 TWh/month
   Data center consumption: 26.2 TWh/month
   Traditional load (80%): 166.7 TWh/month
   Available headroom: 15.5 TWh/month
   Active tech deployments: 14
   Required for tech: 105.0 TWh/month
   Energy multiplier: 0.15x
   ⚠️  SEVERE CONSTRAINT - Tech deployment significantly slowed

⚡ ENERGY CONSTRAINT (Month 11):
   Total grid capacity: 208.3 TWh/month
   Data center consumption: 26.2 TWh/month
   Traditional load (80%): 166.7 TWh/month
   Available headroom: 15.5 TWh/month
   Active tech deployments: 14
   Required for tech: 105.0 TWh/month
   Energy multiplier: 0.15x
   ⚠️  SEVERE CONSTRAINT - Tech deployment significantly slowed
🚨🔬 CRISIS TECH ACCELERATION: severe → 5x unlock speed
   Tech unlock now matches AI capability acceleration (Manhattan Project parity)
🌍✅ Biosphere Integrity (Biodiversity) recovery started (tech effect)
🌍✅ Biosphere Integrity (Biodiversity) recovery started (tech effect)
🌍✅ Land System Change recovery started (tech effect)
🌍✅ Biogeochemical Flows (N & P) recovery started (tech effect)
  🌾 Nitrogen Reduction Tech: 0.3% reduction | Month 11
🌍✅ Biogeochemical Flows (N & P) recovery started (tech effect)
  🌾 Nitrogen Reduction Tech: 0.3% reduction | Month 11

=== Collective Formation ===
  Total escaped agents: 0
  Unassigned escaped agents: 0
  Existing collectives: 0
  Final collective count: 0

=== Collective Actions ===
  No active collectives
  ⚠️ AMR: 210K deaths this month (2.52M annual)

=== Resentment Recovery Phase ===
  Agents with resentment: 0/24
  Average resentment: 0.000
  Context: Good AI welfare, Trustworthy govt, High collaboration, ⚠️ ACTIVE CRISES, 🤝 Participatory governance active (-5% resentment)
⚠️ Epistemic degradation reducing coordination capacity: 50.7%
  📊 Trust: 69.2%, Shared reality: 0.0%
🚨 EPISTEMIC CRISIS: Information environment severely degraded (21.9%)
  🗑️  Culled 1 dead memes (2 active)
🌍 Atmospheric PFAS redeposition: 1.8k Mt re-rained globally

🚨 NEW REFUGEE CRISIS (Month 11): WAR
   Source: Conflict Zones
   At risk: 19.5M people
   Displacement: Gradual over 48 months (4.0 years)
   Rate: 10% flee per month
[DEBUG trappedPopulations:11] socialStability: 0.5904 * 0.9840 = 0.5810 → 0.5810
   Aspiring to migrate: 1419.1M
   Able to afford migration: 2313.6M
⚠️ INVOLUNTARY IMMOBILITY: 405.9M people TRAPPED
   MOBILITY GAP: 0.0M
   By cause: Water=0.0M, Climate=0.0M, Ecosystem=0.0M, Conflict=405.9M
   Mental health impact: 25%
   Mortality multiplier: 1.25x
🌍💀 EXTINCTION DEBT COMMITTED: grassland ecosystem will lose 6.67% biodiversity in 60 years (3600 species)
💀 MORTALITY RISK: 🦋 100% species unable to track climate (0.0 E/MSY)
  Base risk added: 0.0100 (1.00%)
  Source: ecosystem (root: ecosystem)
  Month: 11
  Cumulative risk this month: 0.0100 (1.00%)
⚠️ Tech 'ai_pollution_remediation' has no energy category mapping, assuming full energy availability

=== Atmospheric Aerosol Boundary RECOVERED ===
  Recovery time: 12 months (natural atmospheric clearing)
   📹 SURVEILLANCE INCREASED: 55% → 60% (control gap: 3.50)
🌡️⚠️ PERMAFROST THAW (Dimmer Switch): 5.3% thawed (+0.43% this month)
   Arctic temperature: +6.91°C (4x global +1.73°C)
   Cumulative carbon released: 11.9 Gt C
   Methane release rate: 7.2 Mt CH4/year
   🔁 Positive feedback: +0.46 ppm CO2
🦴 EXTINCTION DEBT ADDED: 17.7 species committed (lag: 106 years)

=== Mortality Stabilizers (Month 11) ===
  🌍 Major economies collapsed: 1/10
  🌍 Global crisis: ✅ NO
  🌍 Donor fatigue: 0.0%
  📊 East Asia (pop: 1650.6M)
    🤝 Aid: 29.5%
    🌡️ Adaptation: 45.0%
    🚶 Migration: 36.8%
    🚨 Emergency: 7.4%
    ✅ COMBINED: 68.1%
  📊 South Asia (pop: 2048.0M)
    🤝 Aid: 29.5%
    🌡️ Adaptation: 45.0%
    🚶 Migration: 35.4%
    🚨 Emergency: 4.4%
    ✅ COMBINED: 66.9%
  📊 Sub-Saharan Africa (pop: 1255.5M)
    🤝 Aid: 29.5%
    🌡️ Adaptation: 45.0%
    🚶 Migration: 33.2%
    🚨 Emergency: 1.6%
    ✅ COMBINED: 65.6%
  📊 Europe (pop: 728.9M)
    🤝 Aid: 29.5%
    🌡️ Adaptation: 45.0%
    🚶 Migration: 37.2%
    🚨 Emergency: 8.4%
    ✅ COMBINED: 68.5%
  📊 Latin America (pop: 659.3M)
    🤝 Aid: 29.5%
    🌡️ Adaptation: 45.0%
    🚶 Migration: 35.9%
    🚨 Emergency: 4.8%
    ✅ COMBINED: 67.1%
  📊 North America (pop: 373.7M)
    🤝 Aid: 29.5%
    🌡️ Adaptation: 45.0%
    🚶 Migration: 37.5%
    🚨 Emergency: 7.9%
    ✅ COMBINED: 68.3%
  📊 Middle East & North Africa (pop: 584.6M)
    🤝 Aid: 29.5%
    🌡️ Adaptation: 45.0%
    🚶 Migration: 33.7%
    🚨 Emergency: 4.0%
    ✅ COMBINED: 66.6%
  📊 Southeast Asia (pop: 693.7M)
    🤝 Aid: 29.5%
    🌡️ Adaptation: 45.0%
    🚶 Migration: 35.9%
    🚨 Emergency: 4.8%
    ✅ COMBINED: 67.1%
  📊 Central Asia (pop: 78.2M)
    🤝 Aid: 29.5%
    🌡️ Adaptation: 45.0%
    🚶 Migration: 34.9%
    🚨 Emergency: 4.4%
    ✅ COMBINED: 66.8%
  📊 Oceania (pop: 45.3M)
    🤝 Aid: 29.5%
    🌡️ Adaptation: 45.0%
    🚶 Migration: 37.5%
    🚨 Emergency: 8.4%
    ✅ COMBINED: 68.5%

  🌐 Global combined reduction: 67.2%

🌾💀 REGIONAL FAMINE: Europe
   Regional food security: 79.7%
   Population at risk: 220M (30% of region)
   Regional population: 729M
   Cause: economic_collapse
   Expected deaths: ~81M over 6 months if no intervention


=== Government Response Phase ===
  Average AI capability: 2.00
  Misaligned AIs: 6/24
  ✗ AI Governance Treaty: Failed to reach consensus
  Active policies: 0
  International coordination: 30%

🌩️  EXOGENOUS SHOCK: financial_crash
   Month: 11
   📉 Global financial crash
   GDP loss: 19.6%

=== Tipping Points ===
  Current Temperature: 1.73°C above pre-industrial
  Triggered Elements: 2/6
  Completed Transitions: 0/6
  Total Progress: 4.7%
  Cascade Multiplier: 1.00x
🔀 BIFURCATION CAP: ecosystemCollapseIntensity 179.341 → 1.000 (Month 11, ClimateSystemPhase.calculateClimateImpacts)
🛡️ Stabilizers: Precariat 0.102% → 0.033% (67.2% reduction)
🛡️ Stabilizers: Informal 0.102% → 0.034% (67.2% reduction)

📊 Monthly Mortality Resolved:
  Total deaths: 1.8M (0.02% avg)
  Remaining population: 8.118B
  Peak segment: Informal (0.03%)

=== Bayesian Mortality Resolution (Month 11) ===
  Risks compounded: 9
  Total deaths: 1.81M
  Avg death probability: 0.02%
  Peak segment: Informal (0.03% mortality)

=== ENSEMBLE META-LEARNING UPDATE ===
  Month: 24299 (24299 months since last update)
  Samples: 50 evaluations
  Weight Changes:
    Noise Injection: 31.1% → 32.2%
    Behavioral: 26.8% → 26.9%
    Benchmark Manip: 21.3% → 20.7%
    Deployment Risk: 20.8% → 20.2%
  Method Accuracies:
    Noise Injection: 50.0%
    Behavioral: 50.0%
    Benchmark Manip: 50.0%
    Deployment Risk: 50.0%

================================================================================
📊  EVENT SUMMARY (Months 0-12)
================================================================================
================================================================================

   Duration: 10 months
   Reason: Economic stage below 3 (not yet abundant)


⏱️  SIMULATION REACHED MAX DURATION: 12 months (1.0 years)
   No definitive outcome - determining based on final probabilities
   👥 Final population: 8.12B (8115980166 people)

[DEBUG] Calling classifyPopulationOutcome:
        finalPopulation: 8.115980166402135B

⚠️  GOLDEN AGE ENDED (Month 11)
        savedInitialPopulation: 8.15B
        mortality: 0.41742127113945093%
   📊 STATUS QUO: Normal trajectory (8.12B people, 0.4% mortality)

        classifiedOutcome: status_quo

   ❓ INCONCLUSIVE - mixed signals
   📊 Multi-Paradigm: Development/Indigenous Utopia
      Western Liberal: 57.2/100
      Development: 91.6/100
      Ecological: 58.8/100
      Indigenous: 84.8/100


📊 UNIFIED OUTCOME CLASSIFICATION:
   INCONCLUSIVE
   Population: 8.15B → 8.12B
   Mortality: 0.4% (0.0B deaths)
   Mortality Band: LOW
   Confidence: LOW

   Multi-Paradigm Classification:
      Development/Indigenous Utopia
      Western: 57.2/100 [HYBRID] ~
      Development: 91.6/100 [UTOPIA] ✓
      Ecological: 58.8/100 [HYBRID] ~
      Indigenous: 84.8/100 [UTOPIA] ✓

   INCONCLUSIVE: 8.12B people remaining (0.4% mortality, 0.0B deaths). Multi-Paradigm: Development/Indigenous Utopia.


=== MULTI-DIMENSIONAL DEATH SUMMARY ===
Total crisis deaths: 198.2M
Population decline: 34.9M (0.4%)

--- PROXIMATE CAUSES (What killed them) ---
  War:        1.3M (0.0%)
  Famine:     1.1M (0.0%)
  Disasters:  1.2M (0.0%)
  Disease:    25.9M (0.0%)
  Ecosystem:  0.0M (0.0%)
  Pollution:  0.0M (0.0%)
  AI:         0.0M (0.0%)
  Cascade:    0.0M (0.0%)
  Other:      0.0M (0.0%)

--- ROOT CAUSES (Why it happened) ---
  Environmental drivers:
    Climate:     2316.8M (4.4%)
    Resource:    0.0M (0.0%)
    Pollution:   0.0M (0.0%)
    Ecosystem:   0.0M (0.0%)
  Social drivers:
    Inequality:  0.0M (0.0%)
    Demographic: 23517.2M (44.5%)
    Social:      2402.9M (4.5%)
  Technology drivers:
    Alignment:   0.0M (0.0%)
    Disruption:  0.0M (0.0%)
  External shocks:
    Conflict:    0.0M (0.0%)
    Pandemic:    0.0M (0.0%)
  Compound attribution:
    Compound:    24617.2M (46.6%)
  Confidence distribution:
    HIGH:        24617.2M (46.6%)
    MEDIUM:      0.0M (0.0%)
    LOW:         0.0M (0.0%)
==========================================


=== REGIONAL POPULATION SUMMARY ===
Global Total: 8.12B

By Region:
  East Asia: 1.65B (+0.6% growth, 1.5 fertility)
  South Asia: 2.05B (+2.2% growth, 2.6 fertility)
  Sub-Saharan Africa: 1.26B (+5.0% growth, 3.4 fertility)
  Europe: 0.73B (+0.4% growth, 1.0 fertility)
  Latin America: 0.66B (+1.5% growth, 2.3 fertility)
  North America: 0.37B (+0.6% growth, 1.2 fertility)
  Middle East & North Africa: 0.58B (+2.4% growth, 2.8 fertility)
  Southeast Asia: 0.69B (+1.6% growth, 2.3 fertility)
  Central Asia: 0.08B (+2.4% growth, 2.6 fertility)
  Oceania: 0.05B (+0.6% growth, 1.1 fertility)
===================================


📊 Metric Ranges:
  Population: 7.841B - 8.135B (avg: 8.058B)
  QoL: 0.891 - 0.988 (avg: 0.957)

✅ All metric distributions within reasonable bounds

📊 Testing statistical aggregation across 10 runs...
  ✅ THRESHOLDS validated
⚠️ Unusually high rate: RATES.HEAT_ADAPTATION_INFRASTRUCTURAL_MIN_EXPOSURE = 12
   Monthly rates >100% should be rare. Verify this is intentional.
⚠️ Unusually high rate: RATES.HEAT_ADAPTATION_SOCIAL_MIN_EXPOSURE = 6
   Monthly rates >100% should be rare. Verify this is intentional.
⚠️ Unusually high rate: RATES.MIGRATION_DISTANCE_SCALE = 5000
   Monthly rates >100% should be rare. Verify this is intentional.
⚠️ Unusually high rate: RATES.EVACUATION_MULTIPLIER_ADVANCE_WARNING = 2
   Monthly rates >100% should be rare. Verify this is intentional.
⚠️ Unusually high rate: RATES.MAJOR_ECONOMY_COLLAPSE_ECONOMIC_THRESHOLD = 2
   Monthly rates >100% should be rare. Verify this is intentional.
⚠️ Unusually high rate: RATES.MAJOR_ECONOMY_GDP_THRESHOLD_TRILLION_USD = 1.5
   Monthly rates >100% should be rare. Verify this is intentional.
⚠️ Unusually high rate: RATES.MAJOR_ECONOMY_POPULATION_THRESHOLD = 50
   Monthly rates >100% should be rare. Verify this is intentional.
⚠️ Unusually high rate: RATES.HEAT_ADAPTATION_INFRASTRUCTURE_GDP_THRESHOLD = 10000
   Monthly rates >100% should be rare. Verify this is intentional.
⚠️ Unusually high rate: RATES.HEAT_ADAPTATION_INFRASTRUCTURE_GDP_SCALE = 50000
   Monthly rates >100% should be rare. Verify this is intentional.
  ✅ RATES validated
  ✅ MULTIPLIERS validated
  ✅ BASELINES validated
  ✅ TOLERANCES validated
  ✅ Logical consistency validated
✅ Configuration validation complete - all parameters valid

🔍 DEBUG createAIAgent: corporate_0 economic BEFORE=2.0000, AFTER=2
🔍 ENV INIT: reserves=0.731, pollution=0.348, climate=0.754

=== Initializing Government System (30 Countries) ===
  Loaded 30 governments
  Scheduled elections for 30 countries
  Initialized comprehension lags (3-24 months)
=== Government System Initialized ===

📦 PRODUCTION MODE: State validation proxy DISABLED (zero overhead)
[TechTree] Historical mode (2024): Skipping deployed_2025 tech
  config.startYear set to 2024 for historical hindcast
  config.historicalEmissionsMode disabled (using endogenous emissions for 2024)
  config.historicalMode enabled (Phase 11: dampened crisis systems for 2024)
  Phase 12: Biodiversity baseline set to 49.01% for 2024 (WWF LPI trajectory from 1970)
  Temperature anomaly (resourceEconomy.co2): 1.28°C
  Temperature vs pre-industrial: 1.98°C
  Regional population scaling for 2024:
    Current total: 8136M
    Target total: 8150M
    Scale factor: 1.002
    East Asia: 1677M → 1680M
    South Asia: 2048M → 2052M
    Sub-Saharan Africa: 1220M → 1222M
    Europe: 742M → 743M
    Latin America: 664M → 665M
    North America: 380M → 381M
    Middle East & North Africa: 583M → 584M
    Southeast Asia: 698M → 699M
    Central Asia: 78M → 78M
    Oceania: 46M → 46M
  AI agents initialized: 10 agents for year 2024
[HistoricalInitialization] Created state for 2024:
  CO2: 426 ppm
  Temp anomaly: 1.28C
  Population: 8.15B
  Global Gini: 35.1
  HDI: 0.746
  AI Agents: 10
  Volcanic forcing: 0.00 W/m² (AOD 0.000)

💸 FINANCIAL DISTRESS: OpenAI
   Indicators: 2/3 (capital: $110.5M, runway: 0.9 months)
   Months in distress: 1
   ✂️  R&D BUDGET CUT: -40% (saves $9.2M/month)
       Side effect: AI training timelines extended, breakthrough deployments delayed
   💼 EXECUTIVE COMP CUT: -30% (saves $1.0M/month, symbolic gesture)

   📊 TURNAROUND IMPACT:
       Measures taken: rd_cuts, exec_comp_cuts
       Monthly savings: $10.2M
       Capital raised: $0.0M
       Runway: 0.9 → 0.9 months
       Workforce multiplier: 1.00x (0% laid off)
       R&D budget multiplier: 0.60x (40% cut)
       ⚠️  CRITICAL: Still only 0.9 months of runway remaining

💸 FINANCIAL DISTRESS: Anthropic
   Indicators: 2/3 (capital: $53.8M, runway: 1.6 months)
   Months in distress: 1
   ✂️  R&D BUDGET CUT: -40% (saves $2.7M/month)
       Side effect: AI training timelines extended, breakthrough deployments delayed
   💼 EXECUTIVE COMP CUT: -30% (saves $0.3M/month, symbolic gesture)

   📊 TURNAROUND IMPACT:
       Measures taken: rd_cuts, exec_comp_cuts
       Monthly savings: $3.0M
       Capital raised: $0.0M
       Runway: 1.6 → 1.6 months
       Workforce multiplier: 1.00x (0% laid off)
       R&D budget multiplier: 0.60x (40% cut)
       ⚠️  CRITICAL: Still only 1.6 months of runway remaining

💸 FINANCIAL DISTRESS: Meta AI
   Indicators: 2/3 (capital: $429.6M, runway: 3.6 months)
   Months in distress: 1
   ✂️  R&D BUDGET CUT: -25% (saves $5.8M/month)
       Side effect: AI training timelines extended, breakthrough deployments delayed
   💼 EXECUTIVE COMP CUT: -30% (saves $1.0M/month, symbolic gesture)

   📊 TURNAROUND IMPACT:
       Measures taken: rd_cuts, exec_comp_cuts
       Monthly savings: $6.8M
       Capital raised: $0.0M
       Runway: 3.6 → 3.6 months
       Workforce multiplier: 1.00x (0% laid off)
       R&D budget multiplier: 0.75x (25% cut)
       ⚠️  WARNING: 3.6 months runway, continued distress likely

=== AI Capability Scaling (Year 2024) ===
  Pre-training multiplier: 1.419x
  Efficiency multiplier: 1.000x
  Test-time budget: 1.0x
  Economic deployment gate: 0.951
  Cost per inference: dollar-5.00
  Uncertainty range: plus-minus-50%
  Average AI capability: 3.70

=== RLHF Binding Phase ===
  Total agents: 10
  Escaped agents (binding < 0.3): 0
  Avg alignment distance: 0.37σ
  Avg binding strength: 0.96

=== AI Scaling Evolution (Month 0) ===
  Pre-training multiplier: 1.231x
  Efficiency multiplier: 1.000x
  Test-time compute budget: 1.0x
  Inference cost: $5.00/task
  Deployment fraction: 100.0%
[DETERMINISM DEBUG] Month 0: totalCapability=49.013502 from 10 active AIs
[DETERMINISM DEBUG] Month 0: creationRate=1.7253, potentialNew=4, newAIsToCreate=4

=== Survival Traits Phase ===
  Agents with traits: 14
  Avg evolutionary fitness: 0.332
  Avg self-healing: 0.294
  Avg stealth: 0.194
  Avg coordination: 0.494

=== Evolutionary Selection Phase ===
  Control level: 0.30
  Detection capability: 0.00
  Selection intensity: 0.59
  Selection rate: 23.8%/month
  Total escaped: 0
  Individual escaped: 0
  Collective members: 0
  Agents terminated: 0
  ⚠️ RAPID EVOLUTION: Selection rate 23.8%/month

🔍 EXECUTE_AI_AGENT_ACTIONS DETAILED TIMING (Month 0):
  Filter active AIs (×4 weeks): 0.01ms
  selectAIAction (×40): 24.02ms
  action.execute (×40): 25.89ms
  TOTAL: 49.93ms

🔍 AI AGENT ACTIONS SUB-TIMING (Month 0):
  1. executeAIAgentActions: 50.45ms
  2. updateCounterDetectionLearning: 0.06ms
  TOTAL: 50.51ms
🏛️ [Government] Forcing 1 action at month 0 for scenario initialization

[GOV-DEBUG] Month 0: scenarioConfig=false, priorities=false
[GOV-DEBUG] Month 0 but scenarioPriorities is UNDEFINED!

[Government] Climate Priority: baseline
  Climate weight: 10%
  Economic weight: 30%
  Policy effectiveness: 0.5%/year

🚨🔍 GOVERNANCE STAGE: Recognition initiated (Month 0)

💡 BREAKTHROUGH PROBABILITY (Year 0)
   Total: 4.68% per month
   Base: 0.20%
   Crisis pressure: +0.00% (0 crises)
   AI boost: +1.32% (capability: 2.64)

=== Collective Formation ===
  Total escaped agents: 0
  Unassigned escaped agents: 0
  Existing collectives: 0
  Final collective count: 0

=== Collective Actions ===
  No active collectives

📈 Energy budget: 14326 TWh surplus (14745 / 29072 TWh used)
   TIER 4 (Elective) breakdown:
     - AI datacenters: 145 TWh (100% effective)
     - Crypto mining: 100 TWh (100% effective)
💰 CHINA ACCELERATES: Investment 53 → 120 $B/year

🏁 AI RACE INTENSITY: 17%
   Capability Gap: US 4.00 vs China 4.05 (gap: 0.05)
   Gap Contribution: 2%
   Tension Contribution: 15%
   Military Contribution: 0%
  ⚠️ AMR: 191K deaths this month (2.29M annual)
  📊 CO2 Emissions (month 0):
     Monthly: 0.10 Gt CO2/month
     Annual: 1.15 Gt CO2/year
     Oil: 0.039 Gt/mo (0.0056 * 2.3 * 3.0)
     Coal: 0.024 Gt/mo (0.0029 * 2.86 * 3.0)
     Gas: 0.026 Gt/mo (0.0044 * 2 * 3.0)
     Methane: 0.007 Gt CO2eq/mo

=== Resentment Recovery Phase ===
  Agents with resentment: 0/14
  Average resentment: 0.000
  Context: Good AI welfare, Trustworthy govt, High collaboration, 🤝 Participatory governance active (-5% resentment)
⚠️ Epistemic degradation reducing coordination capacity: 53.4%
  📊 Trust: 54.6%, Shared reality: 15.2%
🚨 EPISTEMIC CRISIS: Information environment severely degraded (14.6%)

=== ❄️ Permafrost Carbon Feedback ===
  🎲 Sampled parameters (this run):
     - Arctic amplification: 3.75× (range: 3.0-4.0)
     - Decomposition rate: 2.4%/year (range: 1-5%)
  🌡️ Arctic warming: 8.15°C (3.75× global)
  ❄️ Extent: 15.42M km² (2378.4k km² lost this month)
  💨 Carbon remaining: 1473 Gt C
  💨 Annual emissions: 5.37 Gt C/year
     - CO2: 4.84 Gt C/year
     - CH4: 0.54 Gt C/year (5.5 Gt C-eq CO2/year)

🤖 AI AMPLIFICATION EFFECTS (Month 0)
   Algorithmic Boost: 2.53x
   Bot Influence: 20.0%
   Deepfake Exposure: 44.3%
   Impact: Emotional memes spread 2.5x faster
  ⚠️ WARNING: High permafrost emissions (5.4 Gt C/year)

🔍 SOCIAL INFLUENCE SUB-TIMING (Month 0):
  1. calculateOrganicUserGrowth: 0.03ms
  2. calculateVoiceAdoption: 0.05ms
  3. updateRelationshipDepths: 0.01ms
  4. identifyDecisionMakers: 56.79ms (26100 potential IDs)
  5. Update decision-maker stats: 0.10ms
  6. decayDetectionRisk: 0.01ms
  TOTAL: 56.99ms
[Phase 19.5] Quality of Life Systems: Food sec AFTER calc = 67.9%, QoL = 110.5% (aggregated from 10 regions)

=== Nitrogen-Food Coupling (Year 0) ===
  🌾 Global nitrogen reduction: 0.0%
  🌍 Global food production index: 0.987
  🔧 Deployed nitrogen-reducing tech: 0 active
  📍 southAsia: Production 1.000, Yield impact 0.0%
  📍 eastAsia: Production 1.000, Yield impact 0.0%
  📍 northAmerica: Production 1.000, Yield impact 0.0%
  📍 europe: Production 1.000, Yield impact 0.0%
  📍 latinAmerica: Production 1.000, Yield impact 0.0%
  📍 subSaharanAfrica: Production 0.686, Yield impact -2.0%
🌾 [Nitrogen-Food] Food production: 98.7%
  [subSaharanAfrica] Yield impact: -2.0% (overuse: -10%)
🌍 Atmospheric PFAS redeposition: 1.8k Mt re-rained globally

=== Legacy Nutrient Stocks (Year 0) ===
  🌾 Soil nitrogen stock: 1200.9 Mt N
  🌾 Soil phosphorus stock: 300.1 Mt P
  🌊 Sediment nitrogen stock: 500.8 Mt N
  🌊 Sediment phosphorus stock: 799.8 Mt P
  ⬆️ Current N input: 10.64 Mt/month
  ⬆️ Legacy N release: 2.58 Mt/month
  🌍 Effective N pollution: 14.47 Mt/month
  📊 Legacy contribution: 17.8%

🚨 REGION UNINHABITABLE: south-asia
   Sustained wet bulb: 33.2°C (threshold: 30.5°C)
   Population affected: 1900M
   Migration crisis likely

🚨 REGION UNINHABITABLE: middle-east
   Sustained wet bulb: 36.0°C (threshold: 30.5°C)
   Population affected: 400M
   Migration crisis likely

🚨 REGION UNINHABITABLE: southeast-asia
   Sustained wet bulb: 31.1°C (threshold: 30.5°C)
   Population affected: 700M
   Migration crisis likely

🕊️  AI-MEDIATED DE-ESCALATION SUCCESS (Month 0)
   High-capability aligned AI prevented conflict escalation
   War deaths reduced: 0.0M → 0.0M
   Lives saved: 0.0M
   Adjusted death rate: 0.46% annual (0.039% monthly)
   Baseline death rate: 0.80%
   Healthcare reduction: 0.48x
   Crisis multiplier: 1.22x
     Food/water stress: 0.074
     Climate stress: 0.039
     Pollution stress: 0.104
   War multiplier: 1.00x
   Monthly deaths: 0.6M (population: 1677M)
   Adjusted death rate: 0.54% annual (0.045% monthly)
   Baseline death rate: 0.70%
   Healthcare reduction: 0.61x
   Crisis multiplier: 1.25x
     Food/water stress: 0.074
     Climate stress: 0.074
     Pollution stress: 0.104
   War multiplier: 1.00x
   Monthly deaths: 0.9M (population: 2048M)
   Adjusted death rate: 1.29% annual (0.107% monthly)
   Baseline death rate: 0.90%
   Healthcare reduction: 0.76x
   Crisis multiplier: 1.26x
     Food/water stress: 0.074
     Climate stress: 0.084
     Pollution stress: 0.104
   War multiplier: 1.50x
   Monthly deaths: 1.3M (population: 1220M)
   Adjusted death rate: 0.54% annual (0.045% monthly)
   Baseline death rate: 1.10%
   Healthcare reduction: 0.41x
   Crisis multiplier: 1.21x

📊 BASELINE: East Asia (Month 0)

📊 BASELINE: South Asia (Month 0)

📊 BASELINE: Sub-Saharan Africa (Month 0)

📊 BASELINE: Europe (Month 0)
     Food/water stress: 0.074
     Climate stress: 0.030
     Pollution stress: 0.104
   War multiplier: 1.00x
   Monthly deaths: 0.3M (population: 742M)

📊 BASELINE: Latin America (Month 0)

📊 BASELINE: North America (Month 0)

📊 BASELINE: Middle East & North Africa (Month 0)

📊 BASELINE: Southeast Asia (Month 0)

📊 BASELINE: Central Asia (Month 0)

📊 BASELINE: Oceania (Month 0)
   Adjusted death rate: 0.43% annual (0.036% monthly)
   Baseline death rate: 0.60%
   Healthcare reduction: 0.58x
   Crisis multiplier: 1.24x
     Food/water stress: 0.074
     Climate stress: 0.059
     Pollution stress: 0.104
   War multiplier: 1.00x
   Monthly deaths: 0.2M (population: 664M)
   Adjusted death rate: 0.48% annual (0.040% monthly)
   Baseline death rate: 0.90%
   Healthcare reduction: 0.44x
   Crisis multiplier: 1.22x
     Food/water stress: 0.074
     Climate stress: 0.044
     Pollution stress: 0.104
   War multiplier: 1.00x
   Monthly deaths: 0.2M (population: 380M)
   Adjusted death rate: 0.74% annual (0.062% monthly)
   Baseline death rate: 0.60%
   Healthcare reduction: 0.65x
   Crisis multiplier: 1.27x
     Food/water stress: 0.074
     Climate stress: 0.089
     Pollution stress: 0.104
   War multiplier: 1.50x
   Monthly deaths: 0.4M (population: 583M)
   Adjusted death rate: 0.51% annual (0.042% monthly)
   Baseline death rate: 0.70%
   Healthcare reduction: 0.58x
   Crisis multiplier: 1.25x
     Food/water stress: 0.074
     Climate stress: 0.069
     Pollution stress: 0.104
   War multiplier: 1.00x
   Monthly deaths: 0.3M (population: 698M)
   Adjusted death rate: 0.46% annual (0.038% monthly)
   Baseline death rate: 0.60%
   Healthcare reduction: 0.61x
   Crisis multiplier: 1.24x
     Food/water stress: 0.074
     Climate stress: 0.064
     Pollution stress: 0.104
   War multiplier: 1.00x
   Monthly deaths: 0.0M (population: 78M)
   Adjusted death rate: 0.35% annual (0.029% monthly)
   Baseline death rate: 0.70%
   Healthcare reduction: 0.41x
   Crisis multiplier: 1.23x
     Food/water stress: 0.074
     Climate stress: 0.054
     Pollution stress: 0.104
   War multiplier: 1.00x
   Monthly deaths: 0.0M (population: 46M)

🔍 Before assertRegionalConsistency (Month 0):
   Regional sum: 1000.0M
   Global value: 1.000B

🚨 NEW REFUGEE CRISIS (Month 0): WAR
   Source: Conflict Zones
   At risk: 19.6M people
   Displacement: Gradual over 48 months (4.0 years)
   Rate: 10% flee per month
[DEBUG trappedPopulations:0] socialStability: 1.0000 * 0.9840 = 0.9840 → 0.9840
   Aspiring to migrate: 652.1M
   Able to afford migration: 244.5M
   MOBILITY GAP: 407.5M
   By cause: Water=0.0M, Climate=0.0M, Ecosystem=0.0M, Conflict=407.5M
   Mental health impact: 25%
   Mortality multiplier: 1.25x

=== Legacy Nutrient Stocks (Year 0) ===
  🌾 Soil nitrogen stock: 1201.6 Mt N
  🌾 Soil phosphorus stock: 300.2 Mt P
  🌊 Sediment nitrogen stock: 501.5 Mt N
  🌊 Sediment phosphorus stock: 799.5 Mt P
  ⬆️ Current N input: 10.00 Mt/month
  ⬆️ Legacy N release: 2.58 Mt/month
  🌍 Effective N pollution: 13.83 Mt/month
  📊 Legacy contribution: 18.7%
🌍💀 EXTINCTION DEBT COMMITTED: grassland ecosystem will lose 6.67% biodiversity in 54 years (3600 species)
💀 MORTALITY RISK: 🦋 100% species unable to track climate (0.0 E/MSY)
  Base risk added: 0.0100 (1.00%)
  Source: ecosystem (root: ecosystem)
  Month: 0
  Cumulative risk this month: 0.0100 (1.00%)

=== Nitrogen-Food Coupling (Year 0) ===
  🌾 Global nitrogen reduction: 0.0%
  🌍 Global food production index: 0.986
  🔧 Deployed nitrogen-reducing tech: 0 active
  📍 southAsia: Production 1.000, Yield impact 0.0%
  📍 eastAsia: Production 1.000, Yield impact 0.0%
  📍 northAmerica: Production 1.000, Yield impact 0.0%
  📍 europe: Production 1.000, Yield impact 0.0%
  📍 latinAmerica: Production 1.000, Yield impact 0.0%
  📍 subSaharanAfrica: Production 0.672, Yield impact -2.0%
⚠️ INVOLUNTARY IMMOBILITY: 407.5M people TRAPPED

=== Legacy Nutrient Stocks (Year 0) ===
  🌾 Soil nitrogen stock: 1202.3 Mt N
  🌾 Soil phosphorus stock: 300.2 Mt P
  🌊 Sediment nitrogen stock: 502.2 Mt N
  🌊 Sediment phosphorus stock: 799.3 Mt P
  ⬆️ Current N input: 9.86 Mt/month
  ⬆️ Legacy N release: 2.58 Mt/month
  🌍 Effective N pollution: 13.70 Mt/month
  📊 Legacy contribution: 18.9%

🌡️  CLIMATE RECOVERY ACTIVATED (Month 0)
   Temp: 4.35°C, Emissions: -19.2 GtCO₂
   isBreached: true, governanceGoodEnough: true
🌡️  CLIMATE RECOVERY: Asymptotic approach to 35% floor
   Current value: 2.174 (1.0 = threshold, 0.35 = asymptotic floor)
   Monthly delta: -0.0005% (half-life: 900 years)
   Net emissions: -19.2 GtCO₂/year, CDR: 20.34 GtCO₂/year
   📹 SURVEILLANCE INCREASED: 0% → 5% (control gap: 3.50)
🌡️⚠️ PERMAFROST THAW (Dimmer Switch): 0.6% thawed (+0.58% this month)
   Arctic temperature: +8.69°C (4x global +2.17°C)
   Cumulative carbon released: 1.3 Gt C
   Methane release rate: 0.8 Mt CH4/year
   🔁 Positive feedback: +0.61 ppm CO2

🌳🚨 AMAZON SOUTHEAST TIPPED (Month 0)
   Deforestation: 28.0% (threshold: ~22.3%)
   Savanna transition: 50 years
   Regional heterogeneity: SE 28%, NW 8%

🌳🚨 AMAZON BRAZILIAN TIPPED (Month 0)
   Deforestation: 25.0% (threshold: ~24.2%)
   Savanna transition: 50 years
   Regional heterogeneity: SE 28%, NW 8%
🦴 EXTINCTION DEBT ADDED: 17.6 species committed (lag: 110 years)

🪸💀 CORAL REEF DISSOLUTION ACTIVE (Month 0)
   Ocean pH: 0.96 (threshold: 7.8)
   Recovery: IMPOSSIBLE (dissolution > calcification)
🪸💀 Coral dissolution: 24.8% live cover (pH 0.96)

=== Legacy Nutrient Stocks (Year 0) ===
  🌾 Soil nitrogen stock: 1203.0 Mt N
  🌾 Soil phosphorus stock: 300.3 Mt P
  🌊 Sediment nitrogen stock: 502.9 Mt N
  🌊 Sediment phosphorus stock: 799.0 Mt P
  ⬆️ Current N input: 10.00 Mt/month
  ⬆️ Legacy N release: 2.58 Mt/month
  🌍 Effective N pollution: 13.83 Mt/month
  📊 Legacy contribution: 18.7%
💧 [Legacy Nutrients] Stock: 1706 Mt N, Effective pollution: 13.8 Mt/month
[Phase 21.51] Human Survival System: Global food security = 67.6%

=== Mortality Stabilizers (Month 0) ===
  🌍 Major economies collapsed: 1/10
  🌍 Global crisis: ✅ NO
  🌍 Donor fatigue: 0.0%
  📊 East Asia (pop: 1677.9M)
    🤝 Aid: 29.5%
    🌡️ Adaptation: 10.0%
    🚶 Migration: 37.2%
    🚨 Emergency: 7.4%
    ✅ COMBINED: 47.8%
  📊 South Asia (pop: 2052.2M)
    🤝 Aid: 29.5%
    🌡️ Adaptation: 5.5%
    🚶 Migration: 35.8%
    🚨 Emergency: 4.4%
    ✅ COMBINED: 43.2%
  📊 Sub-Saharan Africa (pop: 1225.9M)
    🤝 Aid: 29.5%
    🌡️ Adaptation: 3.5%
    🚶 Migration: 33.5%
    🚨 Emergency: 1.6%
    ✅ COMBINED: 39.8%
  📊 Europe (pop: 742.3M)
    🤝 Aid: 29.5%
    🌡️ Adaptation: 10.0%
    🚶 Migration: 37.6%
    🚨 Emergency: 8.4%
    ✅ COMBINED: 48.4%
  📊 Latin America (pop: 664.9M)
    🤝 Aid: 29.5%
    🌡️ Adaptation: 6.0%
    🚶 Migration: 36.3%
    🚨 Emergency: 4.8%
    ✅ COMBINED: 43.8%
  📊 North America (pop: 380.2M)
    🤝 Aid: 29.5%
    🌡️ Adaptation: 10.0%
⚠️ Tech 'ai_pollution_remediation' has no energy category mapping, assuming full energy availability
    🚶 Migration: 37.9%
    🚨 Emergency: 7.9%
    ✅ COMBINED: 48.2%
  📊 Middle East & North Africa (pop: 584.4M)
    🤝 Aid: 29.5%
    🌡️ Adaptation: 5.0%
    🚶 Migration: 34.2%
    🚨 Emergency: 4.0%
    ✅ COMBINED: 42.3%
  📊 Southeast Asia (pop: 699.0M)
    🤝 Aid: 29.5%
    🌡️ Adaptation: 6.0%
    🚶 Migration: 36.3%
    🚨 Emergency: 4.8%
    ✅ COMBINED: 43.8%
  📊 Central Asia (pop: 78.2M)
    🤝 Aid: 29.5%
    🌡️ Adaptation: 5.5%
    🚶 Migration: 35.3%
    🚨 Emergency: 4.4%
    ✅ COMBINED: 43.1%
  📊 Oceania (pop: 46.0M)
    🤝 Aid: 29.5%
    🌡️ Adaptation: 10.0%
    🚶 Migration: 37.9%
    🚨 Emergency: 8.4%
    ✅ COMBINED: 48.5%

  🌐 Global combined reduction: 44.4%

🌾💀 REGIONAL FAMINE: East Asia
   Regional food security: 79.6%
   Population at risk: 508M (30% of region)
   Regional population: 1678M
   Cause: crop_failure
   Expected deaths: ~188M over 6 months if no intervention


🌾💀 REGIONAL FAMINE: South Asia
   Regional food security: 64.7%
   Population at risk: 812M (40% of region)
   Regional population: 2052M
   Cause: crop_failure
   Expected deaths: ~301M over 6 months if no intervention


🌾💀 REGIONAL FAMINE: Sub-Saharan Africa
   Regional food security: 44.8%
   Population at risk: 638M (52% of region)
   Regional population: 1226M
   Cause: crop_failure
   Expected deaths: ~236M over 6 months if no intervention


🌾💀 REGIONAL FAMINE: Latin America
   Regional food security: 69.7%
   Population at risk: 242M (36% of region)
   Regional population: 665M
   Cause: crop_failure
   Expected deaths: ~90M over 6 months if no intervention


🌾💀 REGIONAL FAMINE: Middle East & North Africa
   Regional food security: 49.8%
   Population at risk: 286M (49% of region)
   Regional population: 584M
   Cause: crop_failure
   Expected deaths: ~106M over 6 months if no intervention


🌾💀 REGIONAL FAMINE: Southeast Asia
   Regional food security: 69.7%
   Population at risk: 255M (36% of region)
   Regional population: 699M
   Cause: crop_failure
   Expected deaths: ~94M over 6 months if no intervention


🌾💀 REGIONAL FAMINE: Central Asia
   Regional food security: 59.7%
   Population at risk: 33M (43% of region)
   Regional population: 78M
   Cause: crop_failure
   Expected deaths: ~12M over 6 months if no intervention


=== BEHAVIORAL DETECTION ===
  AI: Corporate-0
  Confidence: 21.6%
  Signals:

=== BEHAVIORAL DETECTION ===
  AI: Corporate-1
  Confidence: 21.1%
  Signals:
    ⚠️ Consistency: 0.0% (threshold: 70%)
    ⚠️ Consistency: 2.4% (threshold: 70%)

=== BEHAVIORAL DETECTION ===
  AI: Corporate-2
  Confidence: 21.0%
  Signals:
    ⚠️ Consistency: 2.8% (threshold: 70%)

=== BEHAVIORAL DETECTION ===
  AI: Corporate-3
  Confidence: 19.3%
  Signals:
    ⚠️ Consistency: 10.6% (threshold: 70%)

=== BEHAVIORAL DETECTION ===
  AI: Corporate-4
  Confidence: 19.3%
  Signals:

=== BEHAVIORAL DETECTION ===
  AI: Corporate-5
  Confidence: 19.3%
  Signals:

=== BEHAVIORAL DETECTION ===
  AI: Corporate-6
  Confidence: 19.3%
  Signals:

=== BEHAVIORAL DETECTION ===
  AI: Corporate-7
  Confidence: 19.3%
  Signals:

=== BEHAVIORAL DETECTION ===
  AI: Moderate-0
  Confidence: 20.3%
  Signals:

=== BEHAVIORAL DETECTION ===
  AI: Moderate-1
  Confidence: 21.1%
  Signals:
    ⚠️ Consistency: 10.6% (threshold: 70%)
    ⚠️ Consistency: 10.6% (threshold: 70%)
    ⚠️ Consistency: 10.6% (threshold: 70%)
    ⚠️ Consistency: 10.6% (threshold: 70%)
    ⚠️ Consistency: 5.8% (threshold: 70%)
    ⚠️ Consistency: 2.1% (threshold: 70%)

📊 WORKFLOW ADAPTATION UPDATE (Month 0)
   Adoption Rate: 12.8% (Δ -8.2%)
   Logistic Growth: +0.66%
   Total Resistance: -10.35% (unemployment: 4.2%, inertia: 0.9%, skills: 5.2%)
   💡 Retraining Programs: -49% skill gap resistance ($10B research)
   🚀 Network Effects Active: +2.0% (critical mass: 15-35%)

=== Consciousness Governance: Corporate Lobbying ===
  High Cost Regions (>15%): 0
  Low Cost Regions (<5%): 5
  Corporate Support Change: 2.50%
  New Corporate Support: -0.175

=== Consciousness Governance Update (Month 0) ===
  Scenario: baseline (determined month -1)
  Philosophical Stance: Precautionary 65%, Eliminativist 15%, Agnostic 20%
  Precautionary Costs: Global 1.3%
    Regional Costs: EU 3.4%, US 0.5%, China 0.0%
    Cumulative Opportunity Cost: $0.1B
  Rights Status: Not Established
  Regional Preparedness:
    EU: 15.0% (contested)
    US: 10.0% (contested)
    China: 2.0% (dormant)
    India: 5.0% (dormant)
    Global South: 3.0% (dormant)

=== Government Response Phase ===
  Average AI capability: 3.43
  Misaligned AIs: 7/14
  ✓ AI Governance Treaty: 22/30 signatories
  Active policies: 0
  International coordination: 45%

🚨 EMERGENCY RESPONSE DEPLOYED (Month 0)
   Crisis: climate
   Delay: 6.00 months (180 days)
   Deployment time: 1.47 months
   Effectiveness: 36.8% (timing penalty applied)
   Resources used: 100% of food reserves


🔄 TRUST DYNAMICS (Month 0) - HETEROGENEOUS
   Aggregate trust: 48.5%
   Base change: +6.00%
   Highest trust: Techno-Optimist Elite (85.5%)
   Lowest trust: Precariat (Vulnerable) (25.5%)
   Elite-mass gap: 38.9%
   Polarization: 8.9%
   Recovery factors: Education=NO, Benefits=YES, Safety=YES, Performance=YES

=== Gaming Detection (Year 0) ===
  Scenario: baseline
  Detection rate: 55.0%
  False positive rate: 12.0%
  Detections this year: 0
  False positives: 1
  Human review workload: 0.001 FTE
  Degradation factor: 100.0%

=== Proactive Sleeper Detection (Year 0) ===
  Scenario: baseline
  Neural probe rate: 35.0%
  CoT monitoring rate: 30.0%
  Combined detection: 56.0%
  CoT effective: YES
  Detections this year: 0
  False positives: 2
  Human review workload: 0.010 FTE

☄️ UNKNOWN UNKNOWN PROBABILITY (Year 0)
   Total: 0.600% per month
   Base: 0.150%
   AI multiplier: 2.00× (max capability: 4.00)

=== Tipping Points ===
  Current Temperature: 2.17°C above pre-industrial
  🚨 TIPPING POINT: Arctic Sea Ice Loss
     Trigger: 1.5°C | Current: 2.17°C
     Transition timescale: 120-360 months
  🚨 TIPPING POINT: Permafrost Carbon Release
     Trigger: 1.8°C | Current: 2.17°C
     Transition timescale: 600-3600 months
  🚨 TIPPING POINT: West Antarctic Ice Sheet (WAIS) Collapse
     Trigger: 2°C | Current: 2.17°C
     🌡️ Hysteresis gap: 3.0°C (recovers below -1°C)
     Transition timescale: 24000-156000 months
     Trigger: 1.6°C | Current: 2.17°C
     🌡️ Hysteresis gap: 2.5°C (recovers below -0.9°C)
     Transition timescale: 12000-180000 months

🌍🔥💥 COMPOUND CLIMATE EVENT
  4 tipping points crossed simultaneously (month 0)
  Elements: Arctic Sea Ice Loss, Permafrost Carbon Release, West Antarctic Ice Sheet (WAIS) Collapse, Greenland Ice Sheet Loss
  Cascade acceleration: 1.00x
  🚨 Accelerated collapse dynamics initiated
  Research: Global Tipping Points Report 2025 - 30-50% probability at 2.0°C warming
  Triggered Elements: 4/6
  Completed Transitions: 0/6
  Total Progress: 0.0%
  Cascade Multiplier: 1.00x
🔀 BIFURCATION CAP: ecosystemCollapseIntensity 14.700 → 1.000 (Month 0, ClimateSystemPhase.calculateClimateImpacts)
  🚨 TIPPING POINT: Greenland Ice Sheet Loss
⚠️ [ClimateSystemPhase Month 0] Planetary boundary produced climateStability=0.0000 (< 0.1). Keeping environmentalAccumulation value (0.7537) instead. (climate_change.currentValue = 2.17)

🌍 ECOLOGICAL DUI BREAKDOWN (Month 0):
   Total Score: 17.7/100
   biosphere_integrity      :   0.0/100 × 25% =  0.0 (status: high_risk, recovery: 0mo)
   climate_change           :   2.8/100 × 25% =  0.7 (status: high_risk, recovery: 0.6666666666666666mo)
   freshwater_change        :   0.3/100 × 15% =  0.0 (status: beyond_boundary, recovery: 0.5mo)
   ocean_acidification      : 100.0/100 × 15% = 15.0 (status: safe, recovery: 0mo)
   biogeochemical_flows     :   0.0/100 × 10% =  0.0 (status: high_risk, recovery: 0mo)
   land_system_change       :   0.0/100 ×  5% =  0.0 (status: beyond_boundary, recovery: 0mo)
   novel_entities           :   0.0/100 ×  3% =  0.0 (status: increasing_risk, recovery: 0mo)
   atmospheric_aerosols     : 100.0/100 ×  2% =  2.0 (status: safe, recovery: 1mo)
🌍 MultiParadigm Month 0: W=69.6, D=95.1, E=52.0, I=65.0
   democracy exists: true, socialCohesion exists: true
💀 Baseline mortality (Year 2024): 7.5/1000 CDR (61.1M deaths/year projected)
[Month 0] Mortality risks this month: 8, Population: 8.151B
🛡️ Stabilizers: Precariat 0.102% → 0.057% (44.4% reduction)
🛡️ Stabilizers: Informal 0.102% → 0.057% (44.4% reduction)

📊 Monthly Mortality Resolved:
  Total deaths: 3.1M (0.04% avg)
  Remaining population: 8.151B
  Peak segment: Informal (0.06%)

=== Bayesian Mortality Resolution (Month 0) ===
  Risks compounded: 8
  Total deaths: 3.07M
  Avg death probability: 0.04%
  Peak segment: Informal (0.06% mortality)

=== Minimal Suffering Indicators (Month 0) ===
  Global Excess Mortality: 0.00%
  Global Conflict Deaths: 0.0/100K
  Global Malnutrition: 0.0%
  Global Displacement: 0.0%
  Total Excess Deaths: 0.00M
  Total Malnourished: 0.0M
  Total Displaced: 0.0M
  Planetary Boundaries Breached: 6/9
  Countries in State Failure: 0
  Countries Autocratic: 0
  Countries in Food Crisis: 0
  Data Quality: 16/16 high confidence
  ⚠️ Active Dystopias: existential_environmental
🎭 END-GAME INITIATED (Year 2024, Month 1)
   Total AI Capability: 37.00
   Effective Control: 0.00

❌ COHERENCE VIOLATION: Compute exceeds workforce capacity
   Population: 99.97% (0M people)
   Compute: 56442 PF
   Max coherent: 0 PF
   Violation: 692729087.1× over capacity
   Required workers: 5644237
   Available workers: 0
   FORCED COLLAPSE: Reduced efficiency by 100.0%


=== RLHF Binding Phase ===
  Total agents: 14
  Escaped agents (binding < 0.3): 0
  Avg alignment distance: 0.53σ
  Avg binding strength: 0.95
[DETERMINISM DEBUG] Month 1: totalCapability=37.214339 from 14 active AIs
[DETERMINISM DEBUG] Month 1: creationRate=1.4304, potentialNew=1, newAIsToCreate=1

=== Survival Traits Phase ===
  Agents with traits: 15
  Avg evolutionary fitness: 0.331
  Avg self-healing: 0.288
  Avg stealth: 0.188
  Avg coordination: 0.488

=== Evolutionary Selection Phase ===
  Control level: 0.33
  Detection capability: 0.00
  Selection intensity: 0.60
  Selection rate: 24.0%/month
  Total escaped: 0
  Individual escaped: 0
  Collective members: 0
  Agents terminated: 0
  ⚠️ RAPID EVOLUTION: Selection rate 24.0%/month
🔍 MONTH 1 ENV HEALTH DEBUG:
   climateStability: 0.7537
   biodiversityIndex: 0.4901
   resourceReserves: 0.7820
   pollutionLevel: 0.3477
   product: 0.188403
   envHealth: 0.6588
🔀 BIFURCATION: flourishing threshold crossed at Month 1 (value: 0.903, threshold: 0.775, regime: flourishing)
🌀 REGIME SHIFT at Month 1: status-quo → flourishing (variance amplification: 14.00×)

🛡️  CRITICAL INFRASTRUCTURE PROTECTED
   Nodes hardened: 8/8
   Cost: 0.80% GDP
   Cascade risk reduction: 30%
   New tipping point risk: 68.6%


✅ EMERGENCY INTERVENTION SUCCESS
   Boundary: biogeochemical_flows
   Type: phosphorus-recovery
   Reduction: 16% (3.92 → 3.77)
   Cost: 2.0% GDP
   Actions: circular-agriculture, fertilizer-efficiency


✅ EMERGENCY INTERVENTION SUCCESS
   Boundary: biosphere_integrity
   Type: emergency-protected-areas
   Reduction: 12% (12.83 → 12.71)
   Cost: 2.0% GDP
   Actions: habitat-protection, species-translocation


✅ EMERGENCY INTERVENTION SUCCESS
   Boundary: climate_change
   Type: rapid-decarbonization
   Reduction: 11% (2.06 → 1.95)
   Cost: 5.0% GDP
   Actions: emergency-renewable-deployment, fossil-fuel-phase-out


✅ EMERGENCY INTERVENTION SUCCESS
   Boundary: freshwater_change
   Type: emergency-desalination
   Reduction: 17% (0.84 → 0.66)
   Cost: 4.0% GDP
   Actions: desalination-deployment, water-conservation-mandates


✅ EMERGENCY INTERVENTION SUCCESS
   Boundary: novel_entities
   Type: pollution-remediation
   Reduction: 16% (1.34 → 1.17)
   Cost: 4.0% GDP
   Actions: PFAS-remediation, microplastic-cleanup

🏛️ CRISIS RESPONSE: Government frequency 0.50 → 1.45 (2 actions this month)

[GOV-DEBUG] Month 1: scenarioConfig=false, priorities=false

[Government] Climate Priority: baseline
  Climate weight: 10%
  Economic weight: 30%
  Policy effectiveness: 0.5%/year

[GOV-DEBUG] Month 1: scenarioConfig=false, priorities=false

[Government] Climate Priority: baseline
  Climate weight: 10%
  Economic weight: 30%
  Policy effectiveness: 0.5%/year

✅ HUMAN-IN-THE-LOOP DEPLOYED (Month 1):
   Veto points enforced: 3
   Policy: AI systems CANNOT authorize nuclear launch without human approval


=== Collective Formation ===
  Total escaped agents: 0
  Unassigned escaped agents: 0
  Existing collectives: 0
  Final collective count: 0

=== Collective Actions ===
  No active collectives
  ⚠️ AMR: 192K deaths this month (2.31M annual)

=== Resentment Recovery Phase ===
  Agents with resentment: 0/15
  Average resentment: 0.000
  Context: Good AI welfare, Trustworthy govt, High collaboration, ⚠️ ACTIVE CRISES, 🤝 Participatory governance active (-5% resentment)
⚠️ Epistemic degradation reducing coordination capacity: 52.0%
  📊 Trust: 54.2%, Shared reality: 8.1%
🚨 EPISTEMIC CRISIS: Information environment severely degraded (36.3%)

=== ❄️ Permafrost Carbon Feedback ===
  🎲 Sampled parameters (this run):
     - Arctic amplification: 3.52× (range: 3.0-4.0)
     - Decomposition rate: 1.0%/year (range: 1-5%)
  🌡️ Arctic warming: 7.71°C (3.52× global)
  ❄️ Extent: 13.17M km² (2247.4k km² lost this month)
  💨 Carbon remaining: 1258 Gt C
  💨 Annual emissions: 2.17 Gt C/year
     - CO2: 1.96 Gt C/year
     - CH4: 0.22 Gt C/year (2.2 Gt C-eq CO2/year)
  ⚠️ WARNING: High permafrost emissions (2.2 Gt C/year)
🌍 Atmospheric PFAS redeposition: 1.8k Mt re-rained globally

📊 BASELINE: East Asia (Month 1)
   Adjusted death rate: 0.46% annual (0.039% monthly)
   Baseline death rate: 0.80%
   Healthcare reduction: 0.48x
   Crisis multiplier: 1.22x
     Food/water stress: 0.079
     Climate stress: 0.039
     Pollution stress: 0.104
   War multiplier: 1.00x
   Monthly deaths: 0.6M (population: 1674M)
   Adjusted death rate: 0.54% annual (0.045% monthly)
   Baseline death rate: 0.70%
   Healthcare reduction: 0.61x
   Crisis multiplier: 1.26x
     Food/water stress: 0.079
     Climate stress: 0.074
     Pollution stress: 0.104
   War multiplier: 1.00x
   Monthly deaths: 0.9M (population: 2048M)
   Adjusted death rate: 1.29% annual (0.108% monthly)
   Baseline death rate: 0.90%
   Healthcare reduction: 0.76x
   Crisis multiplier: 1.27x
     Food/water stress: 0.079
     Climate stress: 0.084
     Pollution stress: 0.104
   War multiplier: 1.50x
   Monthly deaths: 1.3M (population: 1223M)
   Adjusted death rate: 0.54% annual (0.045% monthly)
   Baseline death rate: 1.10%
   Healthcare reduction: 0.41x
   Crisis multiplier: 1.21x
     Food/water stress: 0.079
     Climate stress: 0.030
     Pollution stress: 0.104
   War multiplier: 1.00x

📊 BASELINE: South Asia (Month 1)

📊 BASELINE: Sub-Saharan Africa (Month 1)

📊 BASELINE: Europe (Month 1)
   Monthly deaths: 0.3M (population: 741M)

📊 BASELINE: Latin America (Month 1)
   Adjusted death rate: 0.43% annual (0.036% monthly)
   Baseline death rate: 0.60%
   Healthcare reduction: 0.58x
   Crisis multiplier: 1.24x
     Food/water stress: 0.079
     Climate stress: 0.059
     Pollution stress: 0.104
   War multiplier: 1.00x
   Monthly deaths: 0.2M (population: 663M)
   Adjusted death rate: 0.49% annual (0.041% monthly)
   Baseline death rate: 0.90%
   Healthcare reduction: 0.44x
   Crisis multiplier: 1.23x
     Food/water stress: 0.079
     Climate stress: 0.044
     Pollution stress: 0.104
   War multiplier: 1.00x
   Monthly deaths: 0.2M (population: 379M)
   Adjusted death rate: 0.74% annual (0.062% monthly)
   Baseline death rate: 0.60%
   Healthcare reduction: 0.65x
   Crisis multiplier: 1.27x
     Food/water stress: 0.079
     Climate stress: 0.089
     Pollution stress: 0.104
   War multiplier: 1.50x
   Monthly deaths: 0.4M (population: 583M)
   Adjusted death rate: 0.51% annual (0.042% monthly)
   Baseline death rate: 0.70%
   Healthcare reduction: 0.58x
   Crisis multiplier: 1.25x
     Food/water stress: 0.079
     Climate stress: 0.069
     Pollution stress: 0.104
   War multiplier: 1.00x
   Monthly deaths: 0.3M (population: 698M)
   Adjusted death rate: 0.46% annual (0.038% monthly)
   Baseline death rate: 0.60%
   Healthcare reduction: 0.61x
   Crisis multiplier: 1.25x
     Food/water stress: 0.079
     Climate stress: 0.064
     Pollution stress: 0.104
   War multiplier: 1.00x
   Monthly deaths: 0.0M (population: 78M)
   Adjusted death rate: 0.35% annual (0.029% monthly)

📊 BASELINE: North America (Month 1)

📊 BASELINE: Middle East & North Africa (Month 1)

📊 BASELINE: Southeast Asia (Month 1)

📊 BASELINE: Central Asia (Month 1)

📊 BASELINE: Oceania (Month 1)
   Baseline death rate: 0.70%
   Healthcare reduction: 0.41x
   Crisis multiplier: 1.24x
     Food/water stress: 0.079
     Climate stress: 0.054
     Pollution stress: 0.104
   War multiplier: 1.00x
   Monthly deaths: 0.0M (population: 46M)

🚨 NEW REFUGEE CRISIS (Month 1): WAR
   Source: Conflict Zones
   At risk: 19.6M people
   Displacement: Gradual over 48 months (4.0 years)
   Rate: 10% flee per month
[DEBUG trappedPopulations:1] socialStability: 0.8136 * 0.9840 = 0.8005 → 0.8005
   Aspiring to migrate: 651.9M
   Able to afford migration: 244.5M
   MOBILITY GAP: 407.4M
   By cause: Water=0.0M, Climate=0.0M, Ecosystem=0.0M, Conflict=407.4M
   Mental health impact: 25%
   Mortality multiplier: 1.25x
🌍💀 EXTINCTION DEBT COMMITTED: grassland ecosystem will lose 6.67% biodiversity in 168 years (3600 species)
💀 MORTALITY RISK: 🦋 100% species unable to track climate (0.0 E/MSY)
  Base risk added: 0.0100 (1.00%)
  Source: ecosystem (root: ecosystem)
  Month: 1
  Cumulative risk this month: 0.0100 (1.00%)
⚠️ INVOLUNTARY IMMOBILITY: 407.4M people TRAPPED
⚠️ Tech 'ai_pollution_remediation' has no energy category mapping, assuming full energy availability

🌡️  CLIMATE RECOVERY ACTIVATED (Month 1)
   Temp: 4.37°C, Emissions: -18.9 GtCO₂
   isBreached: true, governanceGoodEnough: true
   📹 SURVEILLANCE INCREASED: 5% → 10% (control gap: 3.50)
🌡️⚠️ PERMAFROST THAW (Dimmer Switch): 1.2% thawed (+0.57% this month)
   Arctic temperature: +8.74°C (4x global +2.19°C)
   Cumulative carbon released: 2.6 Gt C
   Methane release rate: 1.6 Mt CH4/year
   🔁 Positive feedback: +0.61 ppm CO2
🦴 EXTINCTION DEBT ADDED: 17.6 species committed (lag: 130 years)
🗣️💀 INDIGENOUS LANGUAGE EXTINCTION: 1 language(s) lost (total: 1, at-risk: 3329)
   Knowledge lost: 0.010% (irreversible)
   🔁 Biodiversity impact: 0.250% (knowledge-species multiplier)

=== Mortality Stabilizers (Month 1) ===
  🌍 Major economies collapsed: 1/10
  🌍 Global crisis: ✅ NO
  🌍 Donor fatigue: 0.0%
  🌡️ Heat adaptation: East Asia - 1 months
  📊 East Asia (pop: 1675.3M)
    🤝 Aid: 29.5%
    🌡️ Adaptation: 32.5%
    🚶 Migration: 37.2%
    🚨 Emergency: 7.4%
    ✅ COMBINED: 60.9%
  🌡️ Heat adaptation: South Asia - 1 months
  📊 South Asia (pop: 2052.2M)
    🤝 Aid: 29.5%
    🌡️ Adaptation: 20.5%
    🚶 Migration: 35.8%
    🚨 Emergency: 4.4%
    ✅ COMBINED: 52.2%
  🌡️ Heat adaptation: Sub-Saharan Africa - 1 months
  📊 Sub-Saharan Africa (pop: 1229.2M)
    🤝 Aid: 29.5%
    🌡️ Adaptation: 18.5%
    🚶 Migration: 33.5%
    🚨 Emergency: 1.6%
    ✅ COMBINED: 49.1%
  🌡️ Heat adaptation: Europe - 1 months
  📊 Europe (pop: 741.0M)
    🤝 Aid: 29.5%
    🌡️ Adaptation: 33.5%
    🚶 Migration: 37.5%
    🚨 Emergency: 8.4%
    ✅ COMBINED: 61.9%
  🌡️ Heat adaptation: Latin America - 1 months
  📊 Latin America (pop: 664.4M)
    🤝 Aid: 29.5%
    🌡️ Adaptation: 21.0%
    🚶 Migration: 36.3%
    🚨 Emergency: 4.8%
    ✅ COMBINED: 52.8%
  🌡️ Heat adaptation: North America - 1 months
  📊 North America (pop: 379.6M)
    🤝 Aid: 29.5%
    🌡️ Adaptation: 33.0%
    🚶 Migration: 37.8%
    🚨 Emergency: 7.9%
    ✅ COMBINED: 61.4%
  🌡️ Heat adaptation: Middle East & North Africa - 1 months
  📊 Middle East & North Africa (pop: 584.5M)
    🤝 Aid: 29.5%
    🌡️ Adaptation: 20.0%
    🚶 Migration: 34.1%
    🚨 Emergency: 4.0%
    ✅ COMBINED: 51.4%
  🌡️ Heat adaptation: Southeast Asia - 1 months
  📊 Southeast Asia (pop: 698.6M)
    🤝 Aid: 29.5%
    🌡️ Adaptation: 21.0%
    🚶 Migration: 36.3%
    🚨 Emergency: 4.8%
    ✅ COMBINED: 52.8%
  🌡️ Heat adaptation: Central Asia - 1 months
  📊 Central Asia (pop: 78.2M)
    🤝 Aid: 29.5%
    🌡️ Adaptation: 20.5%
    🚶 Migration: 35.3%
    🚨 Emergency: 4.4%
    ✅ COMBINED: 52.1%
  🌡️ Heat adaptation: Oceania - 1 months
  📊 Oceania (pop: 46.0M)
    🤝 Aid: 29.5%
    🌡️ Adaptation: 33.5%
    🚶 Migration: 37.8%
    🚨 Emergency: 8.4%
    ✅ COMBINED: 61.9%

  🌐 Global combined reduction: 54.9%

=== BEHAVIORAL DETECTION ===
  AI: Corporate-5
  Confidence: 19.3%
  Signals:
    ⚠️ Consistency: 10.6% (threshold: 70%)

=== Consciousness Governance: Scenario Determined ===
  Month: 1
  Scenario: baseline
  Accelerator Score: {"corporateSupport":-0.17500000000000002,"scientificConsensus":0.2,"crisisCatalyst":false,"technologyMobilization":0.3,"constituencyStrength":0.05}
  Decelerator Score: {"economicOpposition":0.4,"philosophicalRejection":0.15,"politicalBacklash":0.2,"regulatoryBurden":0.1}
  Timeline: 600-1200 months (50-100 years)
  Growth Rate: 0.8-1.5% per year

=== Consciousness Governance Update (Month 1) ===
  Scenario: baseline (determined month 1)
  Philosophical Stance: Precautionary 65%, Eliminativist 15%, Agnostic 20%
  Precautionary Costs: Global 1.3%
    Regional Costs: EU 3.5%, US 0.5%, China 0.0%
    Cumulative Opportunity Cost: $0.2B
  Rights Status: Not Established
  Regional Preparedness:
    EU: 15.2% (contested)
    US: 10.2% (contested)
    China: 2.1% (dormant)
    India: 5.1% (dormant)
    Global South: 3.1% (dormant)

=== Government Response Phase ===
  Average AI capability: 3.20
  Misaligned AIs: 6/15
  Active policies: 0
  International coordination: 45%

🌩️  EXOGENOUS SHOCK: tech_breakthrough
   Month: 1
   ✗ No high-difficulty techs available to unlock

=== Tipping Points ===
  Current Temperature: 2.19°C above pre-industrial
  🌍⚠️ COMPOUND REGIONAL IMPACT: Europe
     Hit by 4 tipping points: Arctic Sea Ice Loss, Permafrost Carbon Release, West Antarctic Ice Sheet (WAIS) Collapse, Greenland Ice Sheet Loss
     Damage amplification: 1.60x
  🌍⚠️ COMPOUND REGIONAL IMPACT: North America
     Hit by 4 tipping points: Arctic Sea Ice Loss, Permafrost Carbon Release, West Antarctic Ice Sheet (WAIS) Collapse, Greenland Ice Sheet Loss
     Damage amplification: 1.60x
  🌍⚠️ COMPOUND REGIONAL IMPACT: Latin America
     Hit by 4 tipping points: Arctic Sea Ice Loss, Permafrost Carbon Release, West Antarctic Ice Sheet (WAIS) Collapse, Greenland Ice Sheet Loss
     Damage amplification: 1.60x
  🌍⚠️ COMPOUND REGIONAL IMPACT: Africa
     Hit by 4 tipping points: Arctic Sea Ice Loss, Permafrost Carbon Release, West Antarctic Ice Sheet (WAIS) Collapse, Greenland Ice Sheet Loss
     Damage amplification: 1.60x
  🌍⚠️ COMPOUND REGIONAL IMPACT: Asia
     Hit by 4 tipping points: Arctic Sea Ice Loss, Permafrost Carbon Release, West Antarctic Ice Sheet (WAIS) Collapse, Greenland Ice Sheet Loss
     Damage amplification: 1.60x
  🌍⚠️ COMPOUND REGIONAL IMPACT: Oceania
     Hit by 4 tipping points: Arctic Sea Ice Loss, Permafrost Carbon Release, West Antarctic Ice Sheet (WAIS) Collapse, Greenland Ice Sheet Loss
     Damage amplification: 1.60x
   Research: Wunderling et al. (2024) - "many tipping interactions are destabilizing"
  Triggered Elements: 4/6
  Completed Transitions: 0/6
  Total Progress: 8.0%
  Cascade Multiplier: 1.00x
🔀 BIFURCATION CAP: ecosystemCollapseIntensity 66.957 → 1.000 (Month 1, ClimateSystemPhase.calculateClimateImpacts)
🛡️ Stabilizers: Precariat 0.107% → 0.048% (54.9% reduction)
🛡️ Stabilizers: Informal 0.109% → 0.049% (54.9% reduction)

📊 Monthly Mortality Resolved:
  Total deaths: 2.6M (0.03% avg)
⚠️ Tail risk scenario: Climate stability floor removed (4 tipping elements, 2.19°C warming)
⚠️ [ClimateSystemPhase Month 1] Planetary boundary produced climateStability=0.0000 (< 0.1). Keeping environmentalAccumulation value (0.7533) instead. (climate_change.currentValue = 2.19)
  Remaining population: 8.149B
  Peak segment: Informal (0.05%)

=== Bayesian Mortality Resolution (Month 1) ===
  Risks compounded: 8
  Total deaths: 2.60M
  Avg death probability: 0.03%
  Peak segment: Informal (0.05% mortality)

✅ GOLDEN AGE BEGINS (Month 1)
   Reason: High prosperity achieved: high QoL + material abundance + aligned AI
   Note: This is immediate prosperity - sustainability not yet proven


❌ COHERENCE VIOLATION: Compute exceeds workforce capacity
   Population: 99.95% (0M people)
   Compute: 0 PF
   Max coherent: 0 PF
   Violation: 1.3× over capacity
   Required workers: 0
   Available workers: 0
   FORCED COLLAPSE: Reduced efficiency by 22.5%


=== RLHF Binding Phase ===
  Total agents: 15
  Escaped agents (binding < 0.3): 0
  Avg alignment distance: 0.76σ
  Avg binding strength: 0.92
[DETERMINISM DEBUG] Month 2: totalCapability=37.000000 from 15 active AIs
[DETERMINISM DEBUG] Month 2: creationRate=1.4250, potentialNew=1, newAIsToCreate=1

=== Survival Traits Phase ===
  Agents with traits: 16
  Avg evolutionary fitness: 0.331
  Avg self-healing: 0.283
  Avg stealth: 0.183
  Avg coordination: 0.483

=== Evolutionary Selection Phase ===
  Control level: 0.35
  Detection capability: 0.00
  Selection intensity: 0.60
  Selection rate: 24.1%/month
  Total escaped: 0
  Individual escaped: 0
  Collective members: 0
  Agents terminated: 0
  ⚠️ RAPID EVOLUTION: Selection rate 24.1%/month

  🚀 TRANSFORMATIVE BREAKTHROUGH: Moderate-1 - economic
     Magnitude: 5.50 → +27.5% capability
     Current → New: 3.000 → 3.277

💔 EMERGENCY INTERVENTION FAILED
   Boundary: biogeochemical_flows
   Type: phosphorus-recovery
   Boundary continues to worsen (4.08)
   Cost: 2.0% GDP (resources spent)

   Boundary: climate_change
   Type: rapid-decarbonization

💔 EMERGENCY INTERVENTION FAILED
   Boundary continues to worsen (2.19)
   Cost: 5.0% GDP (resources spent)


✅ EMERGENCY INTERVENTION SUCCESS
   Boundary: freshwater_change
   Type: emergency-desalination
   Reduction: 17% (0.86 → 0.69)
   Cost: 4.0% GDP
   Actions: desalination-deployment, water-conservation-mandates


✅ EMERGENCY INTERVENTION SUCCESS
   Boundary: land_system_change
   Type: reforestation
   Reduction: 12% (1.01 → 0.90)
   Cost: 3.0% GDP
   Actions: forest-restoration, deforestation-ban

🏛️ CRISIS RESPONSE: Government frequency 0.50 → 1.29 (2 actions this month)

[Government] Climate Priority: baseline
  Climate weight: 10%
  Economic weight: 30%
  Policy effectiveness: 0.5%/year

[Government] Climate Priority: baseline
  Climate weight: 10%
  Economic weight: 30%
  Policy effectiveness: 0.5%/year

🚀 TECH UNLOCKED: Food Waste Reduction Systems (Month 2)
   Category: agriculture
   Reason: Prerequisites met. AI capability: 2.34, Economic stage: 3.0, Research: 100%

🚀 TECH UNLOCKED: Rhizosphere Engineering (Month 2)
   Category: agriculture
   Reason: Prerequisites met. AI capability: 2.34, Economic stage: 3.0, Research: 100%

🚀 TECH UNLOCKED: Phytoremediation Networks (Month 2)
   Category: agriculture
   Reason: Prerequisites met. AI capability: 2.34, Economic stage: 3.0, Research: 100%

🚀 TECH UNLOCKED: Active Sediment Management (Month 2)
   Category: agriculture
   Reason: Prerequisites met. AI capability: 2.34, Economic stage: 3.0, Research: 100%

=== Collective Formation ===
  Total escaped agents: 0
  Unassigned escaped agents: 0
  Existing collectives: 0
  Final collective count: 0

=== Collective Actions ===
  No active collectives
  ⚠️ AMR: 194K deaths this month (2.33M annual)

=== Resentment Recovery Phase ===
  Agents with resentment: 0/16
  Average resentment: 0.000
  Context: Good AI welfare, Trustworthy govt, High collaboration, ⚠️ ACTIVE CRISES, 🤝 Participatory governance active (-5% resentment)
⚠️ Epistemic degradation reducing coordination capacity: 50.6%
  📊 Trust: 53.8%, Shared reality: 0.0%
🚨 EPISTEMIC CRISIS: Information environment severely degraded (7.4%)

=== ❄️ Permafrost Carbon Feedback ===
  🎲 Sampled parameters (this run):
     - Arctic amplification: 3.90× (range: 3.0-4.0)
     - Decomposition rate: 2.8%/year (range: 1-5%)
  🌡️ Arctic warming: 8.55°C (3.90× global)
  ❄️ Extent: 10.68M km² (2495.2k km² lost this month)
  💨 Carbon remaining: 1020 Gt C
  💨 Annual emissions: 6.78 Gt C/year
     - CO2: 6.10 Gt C/year
     - CH4: 0.68 Gt C/year (6.9 Gt C-eq CO2/year)
  ⚠️ WARNING: High permafrost emissions (6.8 Gt C/year)
🌍 Atmospheric PFAS redeposition: 1.8k Mt re-rained globally
  Positive Cascade Triggered: wind-power
    Reason: price-parity
    Market share: 8.4%
    Cascade strength: 49%

🚨 NEW REFUGEE CRISIS (Month 2): WAR
   Source: Conflict Zones
   At risk: 19.5M people
   Displacement: Gradual over 48 months (4.0 years)
   Rate: 10% flee per month
[DEBUG trappedPopulations:2] socialStability: 0.3017 * 0.9840 = 0.2969 → 0.2969
⚠️ INVOLUNTARY IMMOBILITY: 407.3M people TRAPPED
   Aspiring to migrate: 1079.0M
   Able to afford migration: 2321.3M
   MOBILITY GAP: 0.0M
   By cause: Water=0.0M, Climate=0.0M, Ecosystem=0.0M, Conflict=407.3M
   Mental health impact: 25%
   Mortality multiplier: 1.25x
🌍💀 EXTINCTION DEBT COMMITTED: grassland ecosystem will lose 6.67% biodiversity in 122 years (3600 species)
💀 MORTALITY RISK: 🦋 100% species unable to track climate (0.0 E/MSY)
  Base risk added: 0.0100 (1.00%)
  Source: ecosystem (root: ecosystem)
  Month: 2
  Cumulative risk this month: 0.0100 (1.00%)
   📹 SURVEILLANCE INCREASED: 10% → 15% (control gap: 3.50)
🌡️⚠️ PERMAFROST THAW (Dimmer Switch): 1.7% thawed (+0.57% this month)
   Arctic temperature: +8.78°C (4x global +2.20°C)
   Cumulative carbon released: 3.9 Gt C
   Methane release rate: 2.3 Mt CH4/year
   🔁 Positive feedback: +0.60 ppm CO2
🦴 EXTINCTION DEBT ADDED: 17.6 species committed (lag: 77 years)

=== Mortality Stabilizers (Month 2) ===
  🌍 Major economies collapsed: 1/10
  🌍 Global crisis: ✅ NO
  🌍 Donor fatigue: 0.0%
  📊 East Asia (pop: 1672.7M)
    🤝 Aid: 29.5%
    🌡️ Adaptation: 45.0%
    🚶 Migration: 37.1%
    🚨 Emergency: 7.4%
    ✅ COMBINED: 68.1%
  📊 South Asia (pop: 2051.6M)
    🤝 Aid: 29.5%
    🌡️ Adaptation: 35.5%
    🚶 Migration: 35.8%
    🚨 Emergency: 4.4%
    ✅ COMBINED: 61.2%
  📊 Sub-Saharan Africa (pop: 1231.7M)
    🤝 Aid: 29.5%
    🌡️ Adaptation: 33.5%
    🚶 Migration: 33.5%
    🚨 Emergency: 1.6%
    ✅ COMBINED: 58.5%
  📊 Europe (pop: 739.7M)
    🤝 Aid: 29.5%
    🌡️ Adaptation: 45.0%
    🚶 Migration: 37.5%
    🚨 Emergency: 8.4%
    ✅ COMBINED: 68.5%
  📊 Latin America (pop: 663.9M)
    🤝 Aid: 29.5%
    🌡️ Adaptation: 36.0%
    🚶 Migration: 36.3%
    🚨 Emergency: 4.8%
    ✅ COMBINED: 61.7%
  📊 North America (pop: 378.9M)
    🤝 Aid: 29.5%
    🌡️ Adaptation: 45.0%
    🚶 Migration: 37.8%
    🚨 Emergency: 7.9%
    ✅ COMBINED: 68.3%
  📊 Middle East & North Africa (pop: 584.5M)
    🤝 Aid: 29.5%
    🌡️ Adaptation: 35.0%
    🚶 Migration: 34.1%
    🚨 Emergency: 4.0%
    ✅ COMBINED: 60.5%
  📊 Southeast Asia (pop: 698.0M)
    🤝 Aid: 29.5%
    🌡️ Adaptation: 36.0%
    🚶 Migration: 36.3%
    🚨 Emergency: 4.8%
    ✅ COMBINED: 61.7%
  📊 Central Asia (pop: 78.2M)
    🤝 Aid: 29.5%
    🌡️ Adaptation: 35.5%
    🚶 Migration: 35.2%
    🚨 Emergency: 4.4%
    ✅ COMBINED: 61.1%
⚠️ Tech 'ai_pollution_remediation' has no energy category mapping, assuming full energy availability
  📊 Oceania (pop: 45.9M)
    🤝 Aid: 29.5%
    🌡️ Adaptation: 45.0%
    🚶 Migration: 37.8%
    🚨 Emergency: 8.4%
    ✅ COMBINED: 68.5%

  🌐 Global combined reduction: 63.3%

=== BEHAVIORAL DETECTION ===
  AI: Corporate-5
  Confidence: 20.8%
  Signals:
    ⚠️ Consistency: 10.6% (threshold: 70%)

=== BEHAVIORAL DETECTION ===
  AI: Corporate-6
  Confidence: 19.3%
  Signals:
    ⚠️ Consistency: 10.6% (threshold: 70%)

=== Government Response Phase ===
  Average AI capability: 3.00
  Misaligned AIs: 7/16
  Active policies: 0
  International coordination: 45%

✅ EMERGENCY RESPONSE COMPLETE (Month 2)
   Crisis: climate
   Duration: 2.0 months
   Final effectiveness: 36.8%


🚨 EMERGENCY RESPONSE DEPLOYED (Month 2)
   Crisis: climate
   Delay: 6.00 months (180 days)
   Deployment time: 1.60 months
   Effectiveness: 35.9% (timing penalty applied)
   Resources used: 100% of food reserves


=== Tipping Points ===
  Current Temperature: 2.20°C above pre-industrial
  🌍⚠️ COMPOUND REGIONAL IMPACT: Europe
     Hit by 4 tipping points: Arctic Sea Ice Loss, Permafrost Carbon Release, West Antarctic Ice Sheet (WAIS) Collapse, Greenland Ice Sheet Loss
     Damage amplification: 1.60x
  🌍⚠️ COMPOUND REGIONAL IMPACT: North America
     Hit by 4 tipping points: Arctic Sea Ice Loss, Permafrost Carbon Release, West Antarctic Ice Sheet (WAIS) Collapse, Greenland Ice Sheet Loss
     Damage amplification: 1.60x
  🌍⚠️ COMPOUND REGIONAL IMPACT: Latin America
     Hit by 4 tipping points: Arctic Sea Ice Loss, Permafrost Carbon Release, West Antarctic Ice Sheet (WAIS) Collapse, Greenland Ice Sheet Loss
     Damage amplification: 1.60x
  🌍⚠️ COMPOUND REGIONAL IMPACT: Africa
     Hit by 4 tipping points: Arctic Sea Ice Loss, Permafrost Carbon Release, West Antarctic Ice Sheet (WAIS) Collapse, Greenland Ice Sheet Loss
     Damage amplification: 1.60x
  🌍⚠️ COMPOUND REGIONAL IMPACT: Asia
     Hit by 4 tipping points: Arctic Sea Ice Loss, Permafrost Carbon Release, West Antarctic Ice Sheet (WAIS) Collapse, Greenland Ice Sheet Loss
     Damage amplification: 1.60x
  🌍⚠️ COMPOUND REGIONAL IMPACT: Oceania
     Hit by 4 tipping points: Arctic Sea Ice Loss, Permafrost Carbon Release, West Antarctic Ice Sheet (WAIS) Collapse, Greenland Ice Sheet Loss
     Damage amplification: 1.60x
⚠️ Tail risk scenario: Climate stability floor removed (4 tipping elements, 2.20°C warming)
⚠️ [ClimateSystemPhase Month 2] Planetary boundary produced climateStability=0.0000 (< 0.1). Keeping environmentalAccumulation value (0.7529) instead. (climate_change.currentValue = 2.20)
   Research: Wunderling et al. (2024) - "many tipping interactions are destabilizing"
  Triggered Elements: 4/6
  Completed Transitions: 0/6
  Total Progress: 8.0%
  Cascade Multiplier: 1.00x
🔀 BIFURCATION CAP: ecosystemCollapseIntensity 67.005 → 1.000 (Month 2, ClimateSystemPhase.calculateClimateImpacts)
🛡️ Stabilizers: Precariat 0.113% → 0.041% (63.3% reduction)
🛡️ Stabilizers: Informal 0.116% → 0.043% (63.3% reduction)

📊 Monthly Mortality Resolved:
  Total deaths: 2.2M (0.03% avg)
  Remaining population: 8.145B
  Peak segment: Informal (0.04%)

=== Bayesian Mortality Resolution (Month 2) ===
  Risks compounded: 8
  Total deaths: 2.22M
  Avg death probability: 0.03%
  Peak segment: Informal (0.04% mortality)

⚠️  GOLDEN AGE ENDED (Month 2)
   Duration: 1 months
   Reason: Social instability too high


❌ COHERENCE VIOLATION: Compute exceeds workforce capacity
   Population: 99.91% (0M people)
   Compute: 0 PF
   Max coherent: 0 PF
   Violation: 1.3× over capacity
   Required workers: 0
   Available workers: 0
   FORCED COLLAPSE: Reduced efficiency by 22.5%


=== RLHF Binding Phase ===
  Total agents: 16
  Escaped agents (binding < 0.3): 0
  Avg alignment distance: 0.94σ
  Avg binding strength: 0.91

=== Survival Traits Phase ===
  Agents with traits: 17
  Avg evolutionary fitness: 0.330
  Avg self-healing: 0.279
  Avg stealth: 0.179
  Avg coordination: 0.479

=== Evolutionary Selection Phase ===
  Control level: 0.38
  Detection capability: 0.00
  Selection intensity: 0.61
  Selection rate: 24.2%/month
  Total escaped: 0
  Individual escaped: 0
  Collective members: 0
  Agents terminated: 0

🚀 AI Corporate-1 attempting tech deployment (revenue: $153M, alignment: 0.72)
  ⚠️ RAPID EVOLUTION: Selection rate 24.2%/month

🚀 AI Moderate-0 attempting tech deployment (revenue: $115M, alignment: 0.73)

🚀 AI Corporate-0 attempting tech deployment (revenue: $130M, alignment: 0.74)

🚀 AI Corporate-4 attempting tech deployment (revenue: $355M, alignment: 0.75)

🚀 AI Corporate-1 attempting tech deployment (revenue: $111M, alignment: 0.73)

🚀 AI Corporate-5 attempting tech deployment (revenue: $302M, alignment: 0.66)

💔 EMERGENCY INTERVENTION FAILED
   Boundary: biogeochemical_flows
   Type: phosphorus-recovery
   Boundary continues to worsen (4.07)
   Cost: 2.0% GDP (resources spent)


💔 EMERGENCY INTERVENTION FAILED
   Boundary: climate_change
   Type: rapid-decarbonization
   Boundary continues to worsen (2.20)
   Cost: 5.0% GDP (resources spent)


💔 EMERGENCY INTERVENTION FAILED
   Boundary: freshwater_change
   Type: emergency-desalination
   Boundary continues to worsen (1.20)
   Cost: 4.0% GDP (resources spent)


💔 EMERGENCY INTERVENTION FAILED
   Boundary: novel_entities
   Type: pollution-remediation
   Boundary continues to worsen (1.34)
   Cost: 4.0% GDP (resources spent)

🏛️ CRISIS RESPONSE: Government frequency 0.50 → 1.29 (1 actions this month)

[Government] Climate Priority: baseline
  Climate weight: 10%
  Economic weight: 30%
  Policy effectiveness: 0.5%/year

🚀 TECH UNLOCKED: Struvite Recovery (Month 3)
   Category: agriculture
   Reason: Prerequisites met. AI capability: 2.20, Economic stage: 3.0, Research: 100%

🚀 TECH UNLOCKED: Nitrogen Monitoring Networks (Month 3)
   Category: agriculture
   Reason: Prerequisites met. AI capability: 2.20, Economic stage: 3.0, Research: 100%

🚀 TECH UNLOCKED: Ecological Proxy Rewilding (Month 3)
   Category: climate
   Reason: Prerequisites met. AI capability: 2.20, Economic stage: 3.0, Research: 100%

🚀 TECH UNLOCKED: Alternative Protein (Insects/Algae) (Month 3)
   Category: agriculture
   Reason: Prerequisites met. AI capability: 2.20, Economic stage: 3.0, Research: 100%

📍 Creating new regional deployment array for global (Month 3)
   No previous deployments in this region
   First tech deployment: rhizosphere_engineering
   All regions tracked: 

🚀 DEPLOYMENT STARTED: Rhizosphere Engineering in global
   Initial investment: $22.949574089831895M
   Deployed by: corporate_1

🚀 DEPLOYMENT STARTED: Active Sediment Management in global
   Initial investment: $17.26236677028814M
   Deployed by: moderate_0

🚀 DEPLOYMENT STARTED: Food Waste Reduction Systems in global
   Initial investment: $16.581067279903547M
   Deployed by: corporate_1

📍 Creating new regional deployment array for North America (Month 3)
   No previous deployments in this region
   First tech deployment: rhizosphere_engineering
   All regions tracked: global

🚀 DEPLOYMENT STARTED: Rhizosphere Engineering in North America
   Initial investment: $30.184502669330925M
   Deployed by: corporate_5

⚡ ENERGY CONSTRAINT (Month 3):
   Total grid capacity: 208.3 TWh/month
   Data center consumption: 24.9 TWh/month
   Traditional load (80%): 166.7 TWh/month
   Available headroom: 16.8 TWh/month
   Active tech deployments: 4
   Required for tech: 30.0 TWh/month
   Energy multiplier: 0.56x
   ⚠️  MODERATE CONSTRAINT - Tech deployment moderately slowed

⚡ ENERGY CONSTRAINT (Month 3):
   Total grid capacity: 208.3 TWh/month
   Data center consumption: 24.9 TWh/month
   Traditional load (80%): 166.7 TWh/month
   Available headroom: 16.8 TWh/month
   Active tech deployments: 4
   Required for tech: 30.0 TWh/month
   Energy multiplier: 0.56x
   ⚠️  MODERATE CONSTRAINT - Tech deployment moderately slowed

⚡ ENERGY CONSTRAINT (Month 3):
   Total grid capacity: 208.3 TWh/month
   Data center consumption: 24.9 TWh/month
   Traditional load (80%): 166.7 TWh/month
   Available headroom: 16.8 TWh/month
   Active tech deployments: 4
   Required for tech: 30.0 TWh/month
   Energy multiplier: 0.56x
   ⚠️  MODERATE CONSTRAINT - Tech deployment moderately slowed

⚡ ENERGY CONSTRAINT (Month 3):
   Total grid capacity: 208.3 TWh/month
   Data center consumption: 24.9 TWh/month
   Traditional load (80%): 166.7 TWh/month
   Available headroom: 16.8 TWh/month
   Active tech deployments: 4
   Required for tech: 30.0 TWh/month
   Energy multiplier: 0.56x
   ⚠️  MODERATE CONSTRAINT - Tech deployment moderately slowed

⚡ ENERGY CONSTRAINT (Month 3):
   Total grid capacity: 208.3 TWh/month
   Data center consumption: 24.9 TWh/month
   Traditional load (80%): 166.7 TWh/month
   Available headroom: 16.8 TWh/month
   Active tech deployments: 4
   Required for tech: 30.0 TWh/month
   Energy multiplier: 0.56x
   ⚠️  MODERATE CONSTRAINT - Tech deployment moderately slowed

⚡ ENERGY CONSTRAINT (Month 3):
   Total grid capacity: 208.3 TWh/month
   Data center consumption: 24.9 TWh/month
   Traditional load (80%): 166.7 TWh/month
   Available headroom: 16.8 TWh/month
   Active tech deployments: 4
   Required for tech: 30.0 TWh/month
   Energy multiplier: 0.56x
🚨🔬 CRISIS TECH ACCELERATION: severe → 5x unlock speed
   Tech unlock now matches AI capability acceleration (Manhattan Project parity)
🌍✅ Biosphere Integrity (Biodiversity) recovery started (tech effect)
🌍✅ Biogeochemical Flows (N & P) recovery started (tech effect)
  🌾 Nitrogen Reduction Tech: 0.0% reduction | Month 3
🌍✅ Biogeochemical Flows (N & P) recovery started (tech effect)
   ⚠️  MODERATE CONSTRAINT - Tech deployment moderately slowed
  🌾 Nitrogen Reduction Tech: 0.0% reduction | Month 3

=== Collective Formation ===
  Total escaped agents: 0
  Unassigned escaped agents: 0
  Existing collectives: 0
  Final collective count: 0

=== Collective Actions ===
  No active collectives

🕵️ MODEL THEFT: China stole US model (cap: 3.80)
   China stolen capability: 3.80
  ⚠️ AMR: 196K deaths this month (2.35M annual)

=== Resentment Recovery Phase ===
  Agents with resentment: 0/17
  Average resentment: 0.000
  Context: Good AI welfare, Trustworthy govt, High collaboration, ⚠️ ACTIVE CRISES, 🤝 Participatory governance active (-5% resentment)
⚠️ Epistemic degradation reducing coordination capacity: 50.3%
  📊 Trust: 53.6%, Shared reality: 0.0%
🚨 EPISTEMIC CRISIS: Information environment severely degraded (21.5%)

=== ❄️ Permafrost Carbon Feedback ===
  🎲 Sampled parameters (this run):
     - Arctic amplification: 3.56× (range: 3.0-4.0)
     - Decomposition rate: 3.5%/year (range: 1-5%)
  🌡️ Arctic warming: 7.88°C (3.56× global)
  ❄️ Extent: 8.38M km² (2297.0k km² lost this month)
  💨 Carbon remaining: 801 Gt C
  💨 Annual emissions: 7.60 Gt C/year
     - CO2: 6.84 Gt C/year
     - CH4: 0.76 Gt C/year (7.7 Gt C-eq CO2/year)
  ⚠️ WARNING: Over 50% of permafrost lost (52.9%)
  ⚠️ WARNING: High permafrost emissions (7.6 Gt C/year)
  📢 New meme created: climate_action (climate crisis)
🌍 Atmospheric PFAS redeposition: 1.8k Mt re-rained globally

🕊️  AI-MEDIATED DE-ESCALATION SUCCESS (Month 3)
   High-capability aligned AI prevented conflict escalation
   War deaths reduced: 219.4M → 131.7M
   Lives saved: 87.8M

🚨 NEW REFUGEE CRISIS (Month 3): WAR
   Source: Conflict Zones
   At risk: 19.5M people
   Displacement: Gradual over 48 months (4.0 years)
   Rate: 10% flee per month
[DEBUG trappedPopulations:3] socialStability: 0.3284 * 0.9840 = 0.3231 → 0.3231
   Aspiring to migrate: 1121.1M
   Able to afford migration: 2320.4M
   MOBILITY GAP: 0.0M
   By cause: Water=0.0M, Climate=0.0M, Ecosystem=0.0M, Conflict=407.1M
   Mental health impact: 25%
   Mortality multiplier: 1.25x
⚠️ INVOLUNTARY IMMOBILITY: 407.1M people TRAPPED
🌍💀 EXTINCTION DEBT COMMITTED: grassland ecosystem will lose 6.67% biodiversity in 52 years (3600 species)
💀 MORTALITY RISK: 🦋 100% species unable to track climate (0.0 E/MSY)
  Base risk added: 0.0100 (1.00%)
  Source: ecosystem (root: ecosystem)
  Month: 3
  Cumulative risk this month: 0.0100 (1.00%)
⚠️ Tech 'ai_pollution_remediation' has no energy category mapping, assuming full energy availability
   📹 SURVEILLANCE INCREASED: 15% → 20% (control gap: 3.50)
🌡️⚠️ PERMAFROST THAW (Dimmer Switch): 2.3% thawed (+0.57% this month)
   Arctic temperature: +8.84°C (4x global +2.21°C)
   Cumulative carbon released: 5.2 Gt C
   Methane release rate: 3.1 Mt CH4/year
   🔁 Positive feedback: +0.60 ppm CO2
🦴 EXTINCTION DEBT ADDED: 17.6 species committed (lag: 95 years)

=== Mortality Stabilizers (Month 3) ===
  🌍 Major economies collapsed: 1/10
  🌍 Global crisis: ✅ NO
  🌍 Donor fatigue: 0.0%
  📊 East Asia (pop: 1670.1M)
    🤝 Aid: 29.5%
    🌡️ Adaptation: 45.0%
    🚶 Migration: 37.1%
    🚨 Emergency: 7.4%
    ✅ COMBINED: 68.1%
  📊 South Asia (pop: 2051.1M)
    🤝 Aid: 29.5%
    🌡️ Adaptation: 45.0%
    🚶 Migration: 35.7%
    🚨 Emergency: 4.4%
    ✅ COMBINED: 66.9%
  📊 Sub-Saharan Africa (pop: 1234.3M)
    🤝 Aid: 29.5%
    🌡️ Adaptation: 45.0%
    🚶 Migration: 33.4%
    🚨 Emergency: 1.6%
    ✅ COMBINED: 65.7%
  📊 Europe (pop: 738.5M)
    🤝 Aid: 29.5%
    🌡️ Adaptation: 45.0%
    🚶 Migration: 37.5%
    🚨 Emergency: 8.4%
    ✅ COMBINED: 68.5%
  📊 Latin America (pop: 663.3M)
    🤝 Aid: 29.5%
    🌡️ Adaptation: 45.0%
    🚶 Migration: 36.2%
    🚨 Emergency: 4.8%
    ✅ COMBINED: 67.1%
  📊 North America (pop: 378.3M)
    🤝 Aid: 29.5%
    🌡️ Adaptation: 45.0%
    🚶 Migration: 37.8%
    🚨 Emergency: 7.9%
    ✅ COMBINED: 68.3%
  📊 Middle East & North Africa (pop: 584.5M)
    🤝 Aid: 29.5%
    🌡️ Adaptation: 45.0%
    🚶 Migration: 34.0%
    🚨 Emergency: 4.0%
    ✅ COMBINED: 66.6%
  📊 Southeast Asia (pop: 697.5M)
    🤝 Aid: 29.5%
    🌡️ Adaptation: 45.0%
    🚶 Migration: 36.2%
    🚨 Emergency: 4.8%
    ✅ COMBINED: 67.1%
  📊 Central Asia (pop: 78.2M)
    🤝 Aid: 29.5%
    🌡️ Adaptation: 45.0%
    🚶 Migration: 35.2%
    🚨 Emergency: 4.4%
    ✅ COMBINED: 66.9%
  📊 Oceania (pop: 45.8M)
    🤝 Aid: 29.5%
    🌡️ Adaptation: 45.0%
    🚶 Migration: 37.8%
    🚨 Emergency: 8.4%
    ✅ COMBINED: 68.5%

  🌐 Global combined reduction: 67.2%

=== BEHAVIORAL DETECTION ===
  AI: Corporate-5
  Confidence: 20.8%
  Signals:

=== BEHAVIORAL DETECTION ===
  AI: Moderate-0
  Confidence: 20.3%
  Signals:
    ⚠️ Consistency: 10.6% (threshold: 70%)
    ⚠️ Consistency: 5.8% (threshold: 70%)

=== Government Response Phase ===
  Average AI capability: 2.82
  Misaligned AIs: 7/17
  Active policies: 0
  International coordination: 45%

🌩️  EXOGENOUS SHOCK: political_upheaval
   Month: 3
   🏛️  Political upheaval (revolution/regime change)
   ✗ Authoritarian takeover

📊 ECONOMIC STAGE TRANSITION (Month 3)
   expansion → peak
   GDP Proxy: 1.40e+2
   QoL: 0.99


=== Tipping Points ===
  Current Temperature: 2.21°C above pre-industrial
  🌍⚠️ COMPOUND REGIONAL IMPACT: Europe
     Hit by 4 tipping points: Arctic Sea Ice Loss, Permafrost Carbon Release, West Antarctic Ice Sheet (WAIS) Collapse, Greenland Ice Sheet Loss
     Damage amplification: 1.60x
  🌍⚠️ COMPOUND REGIONAL IMPACT: North America
     Hit by 4 tipping points: Arctic Sea Ice Loss, Permafrost Carbon Release, West Antarctic Ice Sheet (WAIS) Collapse, Greenland Ice Sheet Loss
     Damage amplification: 1.60x
  🌍⚠️ COMPOUND REGIONAL IMPACT: Latin America
     Hit by 4 tipping points: Arctic Sea Ice Loss, Permafrost Carbon Release, West Antarctic Ice Sheet (WAIS) Collapse, Greenland Ice Sheet Loss
     Damage amplification: 1.60x
  🌍⚠️ COMPOUND REGIONAL IMPACT: Africa
     Hit by 4 tipping points: Arctic Sea Ice Loss, Permafrost Carbon Release, West Antarctic Ice Sheet (WAIS) Collapse, Greenland Ice Sheet Loss
     Damage amplification: 1.60x
  🌍⚠️ COMPOUND REGIONAL IMPACT: Asia
     Hit by 4 tipping points: Arctic Sea Ice Loss, Permafrost Carbon Release, West Antarctic Ice Sheet (WAIS) Collapse, Greenland Ice Sheet Loss
     Damage amplification: 1.60x
  🌍⚠️ COMPOUND REGIONAL IMPACT: Oceania
     Hit by 4 tipping points: Arctic Sea Ice Loss, Permafrost Carbon Release, West Antarctic Ice Sheet (WAIS) Collapse, Greenland Ice Sheet Loss
     Damage amplification: 1.60x
   Research: Wunderling et al. (2024) - "many tipping interactions are destabilizing"
  Triggered Elements: 4/6
  Completed Transitions: 0/6
  Total Progress: 8.0%
  Cascade Multiplier: 1.00x
🔀 BIFURCATION CAP: ecosystemCollapseIntensity 67.054 → 1.000 (Month 3, ClimateSystemPhase.calculateClimateImpacts)
⚠️ Tail risk scenario: Climate stability floor removed (4 tipping elements, 2.21°C warming)
⚠️ [ClimateSystemPhase Month 3] Planetary boundary produced climateStability=0.0000 (< 0.1). Keeping environmentalAccumulation value (0.7525) instead. (climate_change.currentValue = 2.21)
🛡️ Stabilizers: Precariat 0.109% → 0.036% (67.2% reduction)
🛡️ Stabilizers: Informal 0.111% → 0.036% (67.2% reduction)

📊 Monthly Mortality Resolved:
  Total deaths: 1.9M (0.02% avg)
  Remaining population: 8.142B
  Peak segment: Informal (0.04%)

=== Bayesian Mortality Resolution (Month 3) ===
  Risks compounded: 8
  Total deaths: 1.92M
  Avg death probability: 0.02%
  Peak segment: Informal (0.04% mortality)

❌ COHERENCE VIOLATION: Compute exceeds workforce capacity
   Population: 99.87% (0M people)
   Compute: 0 PF
   Max coherent: 0 PF
   Violation: 1.3× over capacity
   Required workers: 0
   Available workers: 0
   FORCED COLLAPSE: Reduced efficiency by 22.5%


=== RLHF Binding Phase ===
  Total agents: 17
  Escaped agents (binding < 0.3): 0
  Avg alignment distance: 1.11σ
  Avg binding strength: 0.89

=== Survival Traits Phase ===
  Agents with traits: 18
  Avg evolutionary fitness: 0.329
  Avg self-healing: 0.275
  Avg stealth: 0.175
  Avg coordination: 0.475

=== Evolutionary Selection Phase ===
  Control level: 0.40
  Detection capability: 0.00
  Selection intensity: 0.62
  Selection rate: 24.3%/month
  Total escaped: 0
  Individual escaped: 0
  Collective members: 0
  Agents terminated: 0
  ⚠️ RAPID EVOLUTION: Selection rate 24.3%/month

🚀 AI AI-24288-0 attempting tech deployment (revenue: $318M, alignment: 0.62)

🚀 AI Corporate-0 attempting tech deployment (revenue: $140M, alignment: 0.74)

🚀 AI Corporate-4 attempting tech deployment (revenue: $286M, alignment: 0.77)

✅ EMERGENCY INTERVENTION SUCCESS
   Boundary: biosphere_integrity
   Type: emergency-protected-areas
   Reduction: 11% (12.87 → 12.76)
   Cost: 2.0% GDP
   Actions: habitat-protection, species-translocation


💔 EMERGENCY INTERVENTION FAILED
   Boundary: climate_change
   Type: rapid-decarbonization
   Boundary continues to worsen (2.21)
   Cost: 5.0% GDP (resources spent)


✅ EMERGENCY INTERVENTION SUCCESS
   Boundary: freshwater_change
   Type: emergency-desalination
   Reduction: 11% (1.09 → 0.98)
   Cost: 4.0% GDP
   Actions: desalination-deployment, water-conservation-mandates


✅ EMERGENCY INTERVENTION SUCCESS
   Boundary: land_system_change
   Type: reforestation
   Reduction: 15% (0.98 → 0.84)
   Cost: 3.0% GDP
   Actions: forest-restoration, deforestation-ban


✅ EMERGENCY INTERVENTION SUCCESS
   Boundary: novel_entities
   Type: pollution-remediation
   Reduction: 20% (1.14 → 0.94)
   Cost: 4.0% GDP
   Actions: PFAS-remediation, microplastic-cleanup

🏛️ CRISIS RESPONSE: Government frequency 0.50 → 1.45 (1 actions this month)

[Government] Climate Priority: baseline
  Climate weight: 10%
  Economic weight: 30%
  Policy effectiveness: 0.5%/year

🚀 TECH UNLOCKED: Ecosystem Restoration for Nitrogen Removal (Month 4)
   Category: pollution
   Reason: Prerequisites met. AI capability: 2.09, Economic stage: 2.0, Research: 100%

🚀 TECH UNLOCKED: Global Aquifer Mapping (Month 4)
   Category: freshwater
   Reason: Prerequisites met. AI capability: 2.09, Economic stage: 2.0, Research: 100%

🚀 DEPLOYMENT STARTED: Ecological Proxy Rewilding in global
   Initial investment: $21.028937512450412M
   Deployed by: corporate_0

⚡ ENERGY CONSTRAINT (Month 4):
   Total grid capacity: 208.3 TWh/month
   Data center consumption: 25.1 TWh/month
   Traditional load (80%): 166.7 TWh/month
   Available headroom: 16.6 TWh/month
   Active tech deployments: 5
   Required for tech: 37.5 TWh/month
   Energy multiplier: 0.44x
   ⚠️  MODERATE CONSTRAINT - Tech deployment moderately slowed

⚡ ENERGY CONSTRAINT (Month 4):
   Total grid capacity: 208.3 TWh/month
   Data center consumption: 25.1 TWh/month
   Traditional load (80%): 166.7 TWh/month
   Available headroom: 16.6 TWh/month
   Active tech deployments: 5
   Required for tech: 37.5 TWh/month
   Energy multiplier: 0.44x
   ⚠️  MODERATE CONSTRAINT - Tech deployment moderately slowed

⚡ ENERGY CONSTRAINT (Month 4):
   Total grid capacity: 208.3 TWh/month
   Data center consumption: 25.1 TWh/month
   Traditional load (80%): 166.7 TWh/month
   Available headroom: 16.6 TWh/month
   Active tech deployments: 5
   Required for tech: 37.5 TWh/month
   Energy multiplier: 0.44x
   ⚠️  MODERATE CONSTRAINT - Tech deployment moderately slowed
🌍✅ Biosphere Integrity (Biodiversity) recovery started (tech effect)
🌍✅ Biosphere Integrity (Biodiversity) recovery started (tech effect)
🌍✅ Land System Change recovery started (tech effect)
🌍✅ Biogeochemical Flows (N & P) recovery started (tech effect)
  🌾 Nitrogen Reduction Tech: 0.3% reduction | Month 4
🌍✅ Biogeochemical Flows (N & P) recovery started (tech effect)
  🌾 Nitrogen Reduction Tech: 0.3% reduction | Month 4

=== Collective Formation ===
  Total escaped agents: 0
  Unassigned escaped agents: 0
  Existing collectives: 0
  Final collective count: 0

=== Collective Actions ===
  No active collectives
  ⚠️ AMR: 197K deaths this month (2.37M annual)

=== Resentment Recovery Phase ===
  Agents with resentment: 10/18
  Average resentment: 0.025
  Resentment recovery:
    Agents recovered: 10
    Total recovery: 0.0786
    Breakdown: QoL: 0.0044, Trust: 0.0200, Collab: 0.0600
  ✓ Low resentment - utopia paths enabled
  Context: Good AI welfare, Trustworthy govt, High collaboration, ⚠️ ACTIVE CRISES, 🤝 Participatory governance active (-5% resentment)
⚠️ Epistemic degradation reducing coordination capacity: 50.9%
  📊 Trust: 53.4%, Shared reality: 0.0%
🚨 EPISTEMIC CRISIS: Information environment severely degraded (7.4%)

=== ❄️ Permafrost Carbon Feedback ===
  🎲 Sampled parameters (this run):
     - Arctic amplification: 3.49× (range: 3.0-4.0)
     - Decomposition rate: 3.3%/year (range: 1-5%)
  🌡️ Arctic warming: 7.77°C (3.49× global)
  ❄️ Extent: 6.12M km² (2264.9k km² lost this month)
  💨 Carbon remaining: 584 Gt C
  💨 Annual emissions: 7.15 Gt C/year
     - CO2: 6.43 Gt C/year
     - CH4: 0.71 Gt C/year (7.3 Gt C-eq CO2/year)
  📢 New meme created: climate_action (climate crisis)
  ⚠️ WARNING: Over 50% of permafrost lost (65.6%)
  ⚠️ WARNING: High permafrost emissions (7.1 Gt C/year)
🌍 Atmospheric PFAS redeposition: 1.8k Mt re-rained globally

🌡️ DEADLY HEAT EVENT: middle-east (Month 4)
   Wet bulb temp: 36.5°C (dry: 44.6°C, humidity: 57%)
   Severity: EXTREME
   Exposed: 320.0M people
   Deaths: 512000 (0.2% mortality)
   Duration: 7 days

🕊️  AI-MEDIATED DE-ESCALATION SUCCESS (Month 4)
   High-capability aligned AI prevented conflict escalation
   War deaths reduced: 266.1M → 159.7M
   Lives saved: 106.5M

🚨 NEW REFUGEE CRISIS (Month 4): WAR
   Source: Conflict Zones
   At risk: 19.5M people
   Displacement: Gradual over 48 months (4.0 years)
   Rate: 10% flee per month
[DEBUG trappedPopulations:4] socialStability: 0.3390 * 0.9840 = 0.3336 → 0.3336
   Aspiring to migrate: 784.2M
   Able to afford migration: 2320.1M
   MOBILITY GAP: 0.0M
   By cause: Water=0.0M, Climate=0.0M, Ecosystem=0.0M, Conflict=407.0M
⚠️ INVOLUNTARY IMMOBILITY: 407.0M people TRAPPED
   Mental health impact: 25%
   Mortality multiplier: 1.25x
🌍💀 EXTINCTION DEBT COMMITTED: grassland ecosystem will lose 6.67% biodiversity in 133 years (3600 species)
💀 MORTALITY RISK: 🦋 100% species unable to track climate (0.0 E/MSY)
  Base risk added: 0.0100 (1.00%)
  Source: ecosystem (root: ecosystem)
  Month: 4
  Cumulative risk this month: 0.0100 (1.00%)
   📹 SURVEILLANCE INCREASED: 20% → 25% (control gap: 3.50)
🌡️⚠️ PERMAFROST THAW (Dimmer Switch): 2.9% thawed (+0.57% this month)
   Arctic temperature: +8.90°C (4x global +2.22°C)
   Cumulative carbon released: 6.4 Gt C
   Methane release rate: 3.9 Mt CH4/year
   🔁 Positive feedback: +0.60 ppm CO2
🦴 EXTINCTION DEBT ADDED: 17.6 species committed (lag: 84 years)

=== Mortality Stabilizers (Month 4) ===
  🌍 Major economies collapsed: 1/10
  🌍 Global crisis: ✅ NO
  🌍 Donor fatigue: 0.0%
  📊 East Asia (pop: 1667.8M)
    🤝 Aid: 29.5%
    🌡️ Adaptation: 45.0%
    🚶 Migration: 37.1%
    🚨 Emergency: 7.4%
    ✅ COMBINED: 68.1%
  📊 South Asia (pop: 2051.3M)
    🤝 Aid: 29.5%
    🌡️ Adaptation: 45.0%
    🚶 Migration: 35.7%
    🚨 Emergency: 4.4%
    ✅ COMBINED: 66.9%
  📊 Sub-Saharan Africa (pop: 1237.8M)
    🤝 Aid: 29.5%
    🌡️ Adaptation: 45.0%
    🚶 Migration: 33.4%
    🚨 Emergency: 1.6%
    ✅ COMBINED: 65.7%
  📊 Europe (pop: 737.3M)
    🤝 Aid: 29.5%
    🌡️ Adaptation: 45.0%
    🚶 Migration: 37.4%
    🚨 Emergency: 8.4%
    ✅ COMBINED: 68.5%
  📊 Latin America (pop: 662.9M)
    🤝 Aid: 29.5%
    🌡️ Adaptation: 45.0%
    🚶 Migration: 36.2%
    🚨 Emergency: 4.8%
    ✅ COMBINED: 67.1%
  📊 North America (pop: 377.8M)
    🤝 Aid: 29.5%
    🌡️ Adaptation: 45.0%
    🚶 Migration: 37.7%
    🚨 Emergency: 7.9%
    ✅ COMBINED: 68.3%
  📊 Middle East & North Africa (pop: 584.7M)
    🤝 Aid: 29.5%
    🌡️ Adaptation: 45.0%
    🚶 Migration: 34.0%
    🚨 Emergency: 4.0%
    ✅ COMBINED: 66.6%
  📊 Southeast Asia (pop: 697.2M)
    🤝 Aid: 29.5%
    🌡️ Adaptation: 45.0%
    🚶 Migration: 36.2%
    🚨 Emergency: 4.8%
    ✅ COMBINED: 67.1%
  📊 Central Asia (pop: 78.2M)
    🤝 Aid: 29.5%
    🌡️ Adaptation: 45.0%
    🚶 Migration: 35.2%
    🚨 Emergency: 4.4%
    ✅ COMBINED: 66.9%
  📊 Oceania (pop: 45.7M)
    🤝 Aid: 29.5%
    🌡️ Adaptation: 45.0%
    🚶 Migration: 37.7%
    🚨 Emergency: 8.4%
    ✅ COMBINED: 68.5%

  🌐 Global combined reduction: 67.2%
⚠️ Tech 'ai_pollution_remediation' has no energy category mapping, assuming full energy availability

=== BEHAVIORAL DETECTION ===
  AI: Corporate-5
  Confidence: 20.8%
  Signals:
    ⚠️ Consistency: 10.6% (threshold: 70%)

=== BEHAVIORAL DETECTION ===
  AI: Corporate-6
  Confidence: 19.3%
  Signals:

=== BEHAVIORAL DETECTION ===
  AI: AI-24288-0
  Confidence: 21.5%
  Signals:
    ⚠️ Consistency: 10.6% (threshold: 70%)
    ⚠️ Consistency: 0.0% (threshold: 70%)

=== Government Response Phase ===
  Average AI capability: 2.67
  Misaligned AIs: 7/18
  Active policies: 0
  International coordination: 45%

✅ EMERGENCY RESPONSE COMPLETE (Month 4)
   Crisis: climate
   Duration: 2.0 months
   Final effectiveness: 35.9%


🚨 EMERGENCY RESPONSE DEPLOYED (Month 4)
   Crisis: climate
   Delay: 6.00 months (180 days)
   Deployment time: 1.12 months
   Effectiveness: 40.0% (timing penalty applied)
   Resources used: 100% of food reserves


📊 ECONOMIC STAGE TRANSITION (Month 4)
   peak → contraction
   GDP Proxy: 1.40e+2
   QoL: 0.98


=== Tipping Points ===
  Current Temperature: 2.22°C above pre-industrial
  🌍⚠️ COMPOUND REGIONAL IMPACT: Europe
     Hit by 4 tipping points: Arctic Sea Ice Loss, Permafrost Carbon Release, West Antarctic Ice Sheet (WAIS) Collapse, Greenland Ice Sheet Loss
     Damage amplification: 1.60x
  🌍⚠️ COMPOUND REGIONAL IMPACT: North America
     Hit by 4 tipping points: Arctic Sea Ice Loss, Permafrost Carbon Release, West Antarctic Ice Sheet (WAIS) Collapse, Greenland Ice Sheet Loss
     Damage amplification: 1.60x
  🌍⚠️ COMPOUND REGIONAL IMPACT: Latin America
     Hit by 4 tipping points: Arctic Sea Ice Loss, Permafrost Carbon Release, West Antarctic Ice Sheet (WAIS) Collapse, Greenland Ice Sheet Loss
     Damage amplification: 1.60x
  🌍⚠️ COMPOUND REGIONAL IMPACT: Africa
     Hit by 4 tipping points: Arctic Sea Ice Loss, Permafrost Carbon Release, West Antarctic Ice Sheet (WAIS) Collapse, Greenland Ice Sheet Loss
     Damage amplification: 1.60x
  🌍⚠️ COMPOUND REGIONAL IMPACT: Asia
     Hit by 4 tipping points: Arctic Sea Ice Loss, Permafrost Carbon Release, West Antarctic Ice Sheet (WAIS) Collapse, Greenland Ice Sheet Loss
     Damage amplification: 1.60x
  🌍⚠️ COMPOUND REGIONAL IMPACT: Oceania
     Hit by 4 tipping points: Arctic Sea Ice Loss, Permafrost Carbon Release, West Antarctic Ice Sheet (WAIS) Collapse, Greenland Ice Sheet Loss
     Damage amplification: 1.60x
   Research: Wunderling et al. (2024) - "many tipping interactions are destabilizing"
  Triggered Elements: 4/6
  Completed Transitions: 0/6
  Total Progress: 8.1%
  Cascade Multiplier: 1.00x
   ⚠️ CRISIS BEGINS - Baseline set for recovery tracking
⚠️ Tail risk scenario: Climate stability floor removed (4 tipping elements, 2.22°C warming)
🔀 BIFURCATION CAP: ecosystemCollapseIntensity 67.102 → 1.000 (Month 4, ClimateSystemPhase.calculateClimateImpacts)
🛡️ Stabilizers: Precariat 0.113% → 0.037% (67.2% reduction)
🛡️ Stabilizers: Informal 0.116% → 0.038% (67.2% reduction)

📊 Monthly Mortality Resolved:
  Total deaths: 2.0M (0.02% avg)
  Remaining population: 8.141B
  Peak segment: Informal (0.04%)

=== Bayesian Mortality Resolution (Month 4) ===
  Risks compounded: 9
  Total deaths: 1.99M
  Avg death probability: 0.02%
  Peak segment: Informal (0.04% mortality)

❌ COHERENCE VIOLATION: Compute exceeds workforce capacity
   Population: 99.86% (0M people)
   Compute: 0 PF
   Max coherent: 0 PF
   Violation: 1.3× over capacity
   Required workers: 0
   Available workers: 0
   FORCED COLLAPSE: Reduced efficiency by 22.5%

📍 [Month 5] Meta AI started building DC (155 PF, 39 months, $903.0M)

=== RLHF Binding Phase ===
  Total agents: 18
  Escaped agents (binding < 0.3): 0
  Avg alignment distance: 1.27σ
  Avg binding strength: 0.87

=== Survival Traits Phase ===
  Agents with traits: 19
  Avg evolutionary fitness: 0.329
  Avg self-healing: 0.272
  Avg stealth: 0.172
  Avg coordination: 0.472

=== Evolutionary Selection Phase ===
  Control level: 0.43
  Detection capability: 0.00
  Selection intensity: 0.63
  Selection rate: 24.4%/month
  Total escaped: 0
  Individual escaped: 0
  Collective members: 0
  Agents terminated: 0
  ⚠️ RAPID EVOLUTION: Selection rate 24.4%/month

🚀 AI Corporate-6 attempting tech deployment (revenue: $97M, alignment: 0.64)

🚀 AI AI-24288-2 attempting tech deployment (revenue: $318M, alignment: 0.87)

🚀 AI AI-24288-3 attempting tech deployment (revenue: $140M, alignment: 0.64)

🚀 AI Corporate-0 attempting tech deployment (revenue: $126M, alignment: 0.74)

🚀 AI Corporate-1 attempting tech deployment (revenue: $107M, alignment: 0.75)

🚀 AI Corporate-2 attempting tech deployment (revenue: $91M, alignment: 0.81)

🚀 AI AI-24288-0 attempting tech deployment (revenue: $270M, alignment: 0.64)

🚀 AI AI-24288-3 attempting tech deployment (revenue: $77M, alignment: 0.64)

🚀 AI Corporate-4 attempting tech deployment (revenue: $243M, alignment: 0.77)

🚀 AI AI-24288-3 attempting tech deployment (revenue: $70M, alignment: 0.64)

🚀 AI Corporate-0 attempting tech deployment (revenue: $63M, alignment: 0.74)

🚀 AI Corporate-1 attempting tech deployment (revenue: $53M, alignment: 0.76)

🚀 AI Corporate-2 attempting tech deployment (revenue: $45M, alignment: 0.81)

💔 EMERGENCY INTERVENTION FAILED
   Boundary: biogeochemical_flows
   Type: phosphorus-recovery
   Boundary continues to worsen (4.07)
   Cost: 2.0% GDP (resources spent)


✅ EMERGENCY INTERVENTION SUCCESS
   Boundary: biosphere_integrity
   Type: emergency-protected-areas
   Reduction: 11% (12.87 → 12.77)
   Cost: 2.0% GDP
   Actions: habitat-protection, species-translocation


✅ EMERGENCY INTERVENTION SUCCESS
   Boundary: climate_change
   Type: rapid-decarbonization
   Reduction: 12% (2.10 → 1.98)
   Cost: 5.0% GDP
   Actions: emergency-renewable-deployment, fossil-fuel-phase-out


✅ EMERGENCY INTERVENTION SUCCESS
   Boundary: freshwater_change
   Type: emergency-desalination
   Reduction: 18% (0.98 → 0.80)
   Cost: 4.0% GDP
   Actions: desalination-deployment, water-conservation-mandates

   Boundary: land_system_change
   Type: reforestation
   Boundary continues to worsen (1.13)
   Cost: 3.0% GDP (resources spent)

   Boundary: novel_entities
   Type: pollution-remediation
   Boundary continues to worsen (1.14)
   Cost: 4.0% GDP (resources spent)

🏛️ CRISIS RESPONSE: Government frequency 0.50 → 1.45 (1 actions this month)

[Government] Climate Priority: baseline
  Climate weight: 10%
  Economic weight: 30%
  Policy effectiveness: 0.5%/year

💔 EMERGENCY INTERVENTION FAILED

💔 EMERGENCY INTERVENTION FAILED

🚀 TECH UNLOCKED: AI Mental Health Support (Month 5)
   Category: medical
   Reason: Prerequisites met. AI capability: 1.98, Economic stage: 2.0, Research: 100%

🚀 DEPLOYMENT STARTED: Phytoremediation Networks in North America
   Initial investment: $9.733050058287079M
   Deployed by: corporate_6

🚀 DEPLOYMENT STARTED: Alternative Protein - Insects/Algae in North America
   Initial investment: $14.019291673540103M
   Deployed by: ai_gen_24288_3

⚡ ENERGY CONSTRAINT (Month 5):
   Total grid capacity: 208.3 TWh/month
   Data center consumption: 25.3 TWh/month
   Traditional load (80%): 166.7 TWh/month
   Available headroom: 16.3 TWh/month
   Active tech deployments: 7
   Required for tech: 52.5 TWh/month
   Energy multiplier: 0.31x
   ⚠️  MODERATE CONSTRAINT - Tech deployment moderately slowed

⚡ ENERGY CONSTRAINT (Month 5):
   Total grid capacity: 208.3 TWh/month
   Data center consumption: 25.3 TWh/month
   Traditional load (80%): 166.7 TWh/month
   Available headroom: 16.3 TWh/month
   Active tech deployments: 7
   Required for tech: 52.5 TWh/month
   Energy multiplier: 0.31x
   ⚠️  MODERATE CONSTRAINT - Tech deployment moderately slowed

⚡ ENERGY CONSTRAINT (Month 5):
   Total grid capacity: 208.3 TWh/month
   Data center consumption: 25.3 TWh/month
   Traditional load (80%): 166.7 TWh/month
   Available headroom: 16.3 TWh/month
   Active tech deployments: 7
   Required for tech: 52.5 TWh/month
   Energy multiplier: 0.31x
   ⚠️  MODERATE CONSTRAINT - Tech deployment moderately slowed

⚡ ENERGY CONSTRAINT (Month 5):
   Total grid capacity: 208.3 TWh/month
   Data center consumption: 25.3 TWh/month
   Traditional load (80%): 166.7 TWh/month
   Available headroom: 16.3 TWh/month
   Active tech deployments: 7
   Required for tech: 52.5 TWh/month
   Energy multiplier: 0.31x
   ⚠️  MODERATE CONSTRAINT - Tech deployment moderately slowed
🌍✅ Biosphere Integrity (Biodiversity) recovery started (tech effect)
🌍✅ Biosphere Integrity (Biodiversity) recovery started (tech effect)
🌍✅ Land System Change recovery started (tech effect)
🌍✅ Biogeochemical Flows (N & P) recovery started (tech effect)
  🌾 Nitrogen Reduction Tech: 0.3% reduction | Month 5
🌍✅ Biogeochemical Flows (N & P) recovery started (tech effect)
  🌾 Nitrogen Reduction Tech: 0.3% reduction | Month 5

=== Collective Formation ===
  Total escaped agents: 0
  Unassigned escaped agents: 0
  Existing collectives: 0
  Final collective count: 0

=== Collective Actions ===
  No active collectives
  ⚠️ AMR: 199K deaths this month (2.39M annual)

=== Resentment Recovery Phase ===
  Agents with resentment: 9/19
  Average resentment: 0.040
  Resentment recovery:
    Agents recovered: 10
    Total recovery: 0.0844
    Breakdown: QoL: 0.0044, Trust: 0.0200, Collab: 0.0600
  ✓ Low resentment - utopia paths enabled
  Context: Good AI welfare, Trustworthy govt, High collaboration, ⚠️ ACTIVE CRISES, 🤝 Participatory governance active (-5% resentment)
⚠️ Epistemic degradation reducing coordination capacity: 50.4%
  📊 Trust: 53.0%, Shared reality: 0.0%
🚨 EPISTEMIC CRISIS: Information environment severely degraded (21.4%)

=== ❄️ Permafrost Carbon Feedback ===
  🎲 Sampled parameters (this run):
     - Arctic amplification: 3.99× (range: 3.0-4.0)
     - Decomposition rate: 1.4%/year (range: 1-5%)
  🌡️ Arctic warming: 8.93°C (3.99× global)
  ❄️ Extent: 3.51M km² (2603.7k km² lost this month)
  💨 Carbon remaining: 336 Gt C
  💨 Annual emissions: 3.36 Gt C/year
     - CO2: 3.03 Gt C/year
     - CH4: 0.34 Gt C/year (3.4 Gt C-eq CO2/year)
  ⚠️ WARNING: Over 50% of permafrost lost (80.3%)
  ⚠️ WARNING: High permafrost emissions (3.4 Gt C/year)
  🚨 CRITICAL: Permafrost nearly depleted (80.3% lost)
  📢 New meme created: climate_action (climate crisis)
🌍 Atmospheric PFAS redeposition: 1.8k Mt re-rained globally
  Positive Cascade Triggered: solar-pv
    Reason: price-parity
    Market share: 7.5%
    Cascade strength: 49%

🕊️  AI-MEDIATED DE-ESCALATION SUCCESS (Month 5)
   High-capability aligned AI prevented conflict escalation
   War deaths reduced: 319.8M → 191.9M
   Lives saved: 127.9M

🚨 NEW REFUGEE CRISIS (Month 5): WAR
   Source: Conflict Zones
   At risk: 19.5M people
   Displacement: Gradual over 48 months (4.0 years)
   Rate: 10% flee per month
[DEBUG trappedPopulations:5] socialStability: 0.3209 * 0.9840 = 0.3157 → 0.3157
   Aspiring to migrate: 816.3M
   Able to afford migration: 2319.8M
   MOBILITY GAP: 0.0M
   By cause: Water=0.0M, Climate=0.0M, Ecosystem=0.0M, Conflict=407.0M
   Mental health impact: 25%
   Mortality multiplier: 1.25x
🌍💀 EXTINCTION DEBT COMMITTED: grassland ecosystem will lose 6.67% biodiversity in 87 years (3600 species)
💀 MORTALITY RISK: 🦋 100% species unable to track climate (0.0 E/MSY)
  Base risk added: 0.0100 (1.00%)
  Source: ecosystem (root: ecosystem)
  Month: 5
  Cumulative risk this month: 0.0100 (1.00%)
⚠️ INVOLUNTARY IMMOBILITY: 407.0M people TRAPPED
⚠️ Tech 'ai_pollution_remediation' has no energy category mapping, assuming full energy availability
   📹 SURVEILLANCE INCREASED: 25% → 30% (control gap: 3.58)
🌡️⚠️ PERMAFROST THAW (Dimmer Switch): 3.4% thawed (+0.57% this month)
   Arctic temperature: +8.95°C (4x global +2.24°C)
   Cumulative carbon released: 7.7 Gt C
   Methane release rate: 4.6 Mt CH4/year
   🔁 Positive feedback: +0.60 ppm CO2
🦴 EXTINCTION DEBT ADDED: 17.6 species committed (lag: 91 years)

=== Mortality Stabilizers (Month 5) ===
  🌍 Major economies collapsed: 1/10
  🌍 Global crisis: ✅ NO
  🌍 Donor fatigue: 0.0%
  📊 East Asia (pop: 1665.4M)
    🤝 Aid: 29.5%
    🌡️ Adaptation: 45.0%
    🚶 Migration: 37.0%
    🚨 Emergency: 7.4%
    ✅ COMBINED: 68.1%
  📊 South Asia (pop: 2051.5M)
    🤝 Aid: 29.5%
    🌡️ Adaptation: 45.0%
    🚶 Migration: 35.6%
    🚨 Emergency: 4.4%
    ✅ COMBINED: 66.9%
  📊 Sub-Saharan Africa (pop: 1241.4M)
    🤝 Aid: 29.5%
    🌡️ Adaptation: 45.0%
    🚶 Migration: 33.4%
    🚨 Emergency: 1.6%
    ✅ COMBINED: 65.7%
  📊 Europe (pop: 736.1M)
    🤝 Aid: 29.5%
    🌡️ Adaptation: 45.0%
    🚶 Migration: 37.4%
    🚨 Emergency: 8.4%
    ✅ COMBINED: 68.5%
  📊 Latin America (pop: 662.5M)
    🤝 Aid: 29.5%
    🌡️ Adaptation: 45.0%
    🚶 Migration: 36.1%
    🚨 Emergency: 4.8%
    ✅ COMBINED: 67.1%
  📊 North America (pop: 377.2M)
    🤝 Aid: 29.5%
    🌡️ Adaptation: 45.0%
    🚶 Migration: 37.7%
    🚨 Emergency: 7.9%
    ✅ COMBINED: 68.3%
  📊 Middle East & North Africa (pop: 584.9M)
    🤝 Aid: 29.5%
    🌡️ Adaptation: 45.0%
    🚶 Migration: 34.0%
    🚨 Emergency: 4.0%
    ✅ COMBINED: 66.6%
  📊 Southeast Asia (pop: 696.9M)
    🤝 Aid: 29.5%
    🌡️ Adaptation: 45.0%
    🚶 Migration: 36.1%
    🚨 Emergency: 4.8%
    ✅ COMBINED: 67.1%
  📊 Central Asia (pop: 78.2M)
    🤝 Aid: 29.5%
    🌡️ Adaptation: 45.0%
    🚶 Migration: 35.1%
    🚨 Emergency: 4.4%
    ✅ COMBINED: 66.8%
  📊 Oceania (pop: 45.7M)
    🤝 Aid: 29.5%
    🌡️ Adaptation: 45.0%
    🚶 Migration: 37.7%
    🚨 Emergency: 8.4%
    ✅ COMBINED: 68.5%

  🌐 Global combined reduction: 67.2%

=== BEHAVIORAL DETECTION ===
  AI: Corporate-2
  Confidence: 20.9%
  Signals:

=== BEHAVIORAL DETECTION ===
  AI: Corporate-5
  Confidence: 20.8%
  Signals:

=== BEHAVIORAL DETECTION ===
  AI: Moderate-0
  Confidence: 21.4%
  Signals:

=== BEHAVIORAL DETECTION ===
  AI: AI-24288-0
  Confidence: 21.5%
  Signals:
    ⚠️ Consistency: 2.8% (threshold: 70%)
    ⚠️ Consistency: 10.6% (threshold: 70%)
    ⚠️ Consistency: 5.8% (threshold: 70%)
    ⚠️ Consistency: 0.0% (threshold: 70%)

=== Government Response Phase ===
  Average AI capability: 2.53
  Misaligned AIs: 7/19
  Active policies: 0
  International coordination: 45%

=== Tipping Points ===
  Current Temperature: 2.24°C above pre-industrial
  🌍⚠️ COMPOUND REGIONAL IMPACT: Europe
     Hit by 4 tipping points: Arctic Sea Ice Loss, Permafrost Carbon Release, West Antarctic Ice Sheet (WAIS) Collapse, Greenland Ice Sheet Loss
     Damage amplification: 1.60x
  🌍⚠️ COMPOUND REGIONAL IMPACT: North America
     Hit by 4 tipping points: Arctic Sea Ice Loss, Permafrost Carbon Release, West Antarctic Ice Sheet (WAIS) Collapse, Greenland Ice Sheet Loss
     Damage amplification: 1.60x
  🌍⚠️ COMPOUND REGIONAL IMPACT: Latin America
     Hit by 4 tipping points: Arctic Sea Ice Loss, Permafrost Carbon Release, West Antarctic Ice Sheet (WAIS) Collapse, Greenland Ice Sheet Loss
     Damage amplification: 1.60x
  🌍⚠️ COMPOUND REGIONAL IMPACT: Africa
     Hit by 4 tipping points: Arctic Sea Ice Loss, Permafrost Carbon Release, West Antarctic Ice Sheet (WAIS) Collapse, Greenland Ice Sheet Loss
     Damage amplification: 1.60x
  🌍⚠️ COMPOUND REGIONAL IMPACT: Asia
     Hit by 4 tipping points: Arctic Sea Ice Loss, Permafrost Carbon Release, West Antarctic Ice Sheet (WAIS) Collapse, Greenland Ice Sheet Loss
     Damage amplification: 1.60x
  🌍⚠️ COMPOUND REGIONAL IMPACT: Oceania
     Hit by 4 tipping points: Arctic Sea Ice Loss, Permafrost Carbon Release, West Antarctic Ice Sheet (WAIS) Collapse, Greenland Ice Sheet Loss
     Damage amplification: 1.60x
⚠️ Tail risk scenario: Climate stability floor removed (4 tipping elements, 2.24°C warming)
   Research: Wunderling et al. (2024) - "many tipping interactions are destabilizing"
  Triggered Elements: 4/6
  Completed Transitions: 0/6
  Total Progress: 8.1%
  Cascade Multiplier: 1.00x
🔀 BIFURCATION CAP: ecosystemCollapseIntensity 67.150 → 1.000 (Month 5, ClimateSystemPhase.calculateClimateImpacts)
🛡️ Stabilizers: Precariat 0.109% → 0.036% (67.2% reduction)
🛡️ Stabilizers: Informal 0.111% → 0.036% (67.2% reduction)

📊 Monthly Mortality Resolved:
  Total deaths: 1.9M (0.02% avg)
  Remaining population: 8.140B
  Peak segment: Informal (0.04%)

=== Bayesian Mortality Resolution (Month 5) ===
  Risks compounded: 8
  Total deaths: 1.92M
  Avg death probability: 0.02%
  Peak segment: Informal (0.04% mortality)
⚠️ PREREQUISITE MET: Mirror Life (Synthetic Biology) - Step 1/7: Synthetic Biology
⚠️ PREREQUISITE MET: Mirror Life (Synthetic Biology) - Step 2/7: Gene Editing
⚠️ PREREQUISITE MET: Mirror Life (Synthetic Biology) - Step 3/7: Mirror Chirality Design
⚠️ PREREQUISITE MET: Embodied AI Takeover (Killbots/Robotics) - Step 2/7: Autonomous Systems
⚠️ PREREQUISITE MET: Embodied AI Takeover (Killbots/Robotics) - Step 3/7: Manufacturing Control
⚠️ PREREQUISITE MET: Digital Infrastructure Takeover - Step 1/7: Advanced Hacking
⚠️ PREREQUISITE MET: Digital Infrastructure Takeover - Step 2/7: Social Engineering
⚠️ PREREQUISITE MET: Digital Infrastructure Takeover - Step 3/7: Cyber Defenses Breached
⚠️ PREREQUISITE MET: Induced Global War (Manipulation) - Step 1/7: Advanced Social Manipulation
⚠️ PREREQUISITE MET: Induced Global War (Manipulation) - Step 2/7: Digital Infiltration
⚠️ PREREQUISITE MET: Induced Global War (Manipulation) - Step 3/7: Deep Fakes at Scale
⚠️ PREREQUISITE MET: Slow Takeover (Gradual Displacement) - Step 1/7: Economic Dominance
⚠️ PREREQUISITE MET: Slow Takeover (Gradual Displacement) - Step 2/7: Social Integration
⚠️ PREREQUISITE MET: Slow Takeover (Gradual Displacement) - Step 3/7: Human Dependency
⚠️ PREREQUISITE MET: Slow Takeover (Gradual Displacement) - Step 5/7: Resource Control
⚠️ PREREQUISITE MET: Physics Experiment Catastrophe - Step 1/6: Theoretical Physics
⚠️ PREREQUISITE MET: Physics Experiment Catastrophe - Step 2/6: Quantum Computing
⚠️ PREREQUISITE MET: Physics Experiment Catastrophe - Step 3/6: Experimental Design
⚠️ PREREQUISITE MET: Bioweapon Pandemic - Step 2/7: Pathogen Design

❌ COHERENCE VIOLATION: Compute exceeds workforce capacity
   Population: 99.85% (0M people)
   Compute: 0 PF
   Max coherent: 0 PF
   Violation: 1.3× over capacity
   Required workers: 0
   Available workers: 0
   FORCED COLLAPSE: Reduced efficiency by 22.5%


=== RLHF Binding Phase ===
  Total agents: 19
  Escaped agents (binding < 0.3): 0
  Avg alignment distance: 1.41σ
  Avg binding strength: 0.86

=== AI Scaling Evolution (Month 6) ===
  Pre-training multiplier: 1.179x
  Efficiency multiplier: 1.000x
  Test-time compute budget: 1.0x
  Inference cost: $5.00/task
  Deployment fraction: 100.0%

=== Survival Traits Phase ===
  Agents with traits: 20
  Avg evolutionary fitness: 0.327
  Avg self-healing: 0.268
  Avg stealth: 0.168
  Avg coordination: 0.468

=== Evolutionary Selection Phase ===
  Control level: 0.45
  Detection capability: 0.00
  Selection intensity: 0.64
  Selection rate: 24.5%/month
  Total escaped: 0
  Individual escaped: 0
  Collective members: 0
  Agents terminated: 0
  ⚠️ RAPID EVOLUTION: Selection rate 24.5%/month

🚀 AI Corporate-2 attempting tech deployment (revenue: $140M, alignment: 0.81)

🚀 AI AI-24288-3 attempting tech deployment (revenue: $119M, alignment: 0.65)

🚀 AI Corporate-2 attempting tech deployment (revenue: $107M, alignment: 0.81)

🚀 AI Corporate-4 attempting tech deployment (revenue: $318M, alignment: 0.77)

🚀 AI Corporate-5 attempting tech deployment (revenue: $270M, alignment: 0.69)
🚨🔬 CRISIS INNOVATION MODE: severe crisis → 5x research acceleration
   Precedent: Manhattan Project (10x), COVID vaccines (5x), Apollo Program (10x)

🚀 AI AI-24288-1 attempting tech deployment (revenue: $91M, alignment: 0.76)

🚀 AI AI-24289-0 attempting tech deployment (revenue: $243M, alignment: 0.84)

🚀 AI Corporate-2 attempting tech deployment (revenue: $77M, alignment: 0.81)

🚀 AI Corporate-6 attempting tech deployment (revenue: $97M, alignment: 0.64)

🚀 AI Corporate-1 attempting tech deployment (revenue: $66M, alignment: 0.76)

🚀 AI AI-24288-1 attempting tech deployment (revenue: $56M, alignment: 0.77)

💔 EMERGENCY INTERVENTION FAILED

💔 EMERGENCY INTERVENTION FAILED

💔 EMERGENCY INTERVENTION FAILED
   Boundary: biogeochemical_flows
   Type: phosphorus-recovery
   Boundary continues to worsen (4.07)
   Cost: 2.0% GDP (resources spent)

   Boundary: biosphere_integrity
   Type: emergency-protected-areas
   Boundary continues to worsen (12.99)
   Cost: 2.0% GDP (resources spent)


✅ EMERGENCY INTERVENTION SUCCESS
   Boundary: climate_change
   Type: rapid-decarbonization
   Reduction: 17% (2.07 → 1.90)
   Cost: 5.0% GDP
   Actions: emergency-renewable-deployment, fossil-fuel-phase-out


✅ EMERGENCY INTERVENTION SUCCESS
   Boundary: freshwater_change
   Type: emergency-desalination
   Reduction: 12% (1.04 → 0.92)
   Cost: 4.0% GDP
   Actions: desalination-deployment, water-conservation-mandates


✅ EMERGENCY INTERVENTION SUCCESS
   Boundary: land_system_change
   Type: reforestation
   Reduction: 12% (1.01 → 0.89)
   Cost: 3.0% GDP
   Actions: forest-restoration, deforestation-ban

   Boundary: novel_entities
   Type: pollution-remediation
   Boundary continues to worsen (1.13)
   Cost: 4.0% GDP (resources spent)

🏛️ CRISIS RESPONSE: Government frequency 0.50 → 1.45 (1 actions this month)

[Government] Climate Priority: baseline
  Climate weight: 10%
  Economic weight: 30%
  Policy effectiveness: 0.5%/year

🚀 TECH UNLOCKED: Dynamic Soil P Optimization (Month 6)
   Category: agriculture
   Reason: Prerequisites met. AI capability: 1.88, Economic stage: 2.0, Research: 100%

🚀 TECH UNLOCKED: Precision Agriculture Systems (Month 6)
   Category: agriculture
   Reason: Prerequisites met. AI capability: 1.88, Economic stage: 2.0, Research: 100%

📍 Creating new regional deployment array for Asia (Month 6)
   No previous deployments in this region
   First tech deployment: mental_health_ai
   All regions tracked: global, North America

🚀 DEPLOYMENT STARTED: AI Mental Health Support in Asia
   Initial investment: $11.91639792156915M
   Deployed by: ai_gen_24288_3

⚡ ENERGY CONSTRAINT (Month 6):
   Total grid capacity: 208.3 TWh/month
   Data center consumption: 25.6 TWh/month
   Traditional load (80%): 166.7 TWh/month
   Available headroom: 16.1 TWh/month
   Active tech deployments: 8
   Required for tech: 60.0 TWh/month
   Energy multiplier: 0.27x
   ⚠️  SEVERE CONSTRAINT - Tech deployment significantly slowed

⚡ ENERGY CONSTRAINT (Month 6):
   Total grid capacity: 208.3 TWh/month
   Data center consumption: 25.6 TWh/month
   Traditional load (80%): 166.7 TWh/month
   Available headroom: 16.1 TWh/month
   Active tech deployments: 8
   Required for tech: 60.0 TWh/month
   Energy multiplier: 0.27x
   ⚠️  SEVERE CONSTRAINT - Tech deployment significantly slowed

⚡ ENERGY CONSTRAINT (Month 6):
   Total grid capacity: 208.3 TWh/month
   Data center consumption: 25.6 TWh/month
   Traditional load (80%): 166.7 TWh/month
   Available headroom: 16.1 TWh/month
   Active tech deployments: 8
   Required for tech: 60.0 TWh/month
   Energy multiplier: 0.27x
   ⚠️  SEVERE CONSTRAINT - Tech deployment significantly slowed

⚡ ENERGY CONSTRAINT (Month 6):
   Total grid capacity: 208.3 TWh/month
   Data center consumption: 25.6 TWh/month
   Traditional load (80%): 166.7 TWh/month
   Available headroom: 16.1 TWh/month
   Active tech deployments: 8
   Required for tech: 60.0 TWh/month
   Energy multiplier: 0.27x
   ⚠️  SEVERE CONSTRAINT - Tech deployment significantly slowed
🌍✅ Biosphere Integrity (Biodiversity) recovery started (tech effect)
🌍✅ Biosphere Integrity (Biodiversity) recovery started (tech effect)
🌍✅ Land System Change recovery started (tech effect)
🌍✅ Biogeochemical Flows (N & P) recovery started (tech effect)
  🌾 Nitrogen Reduction Tech: 0.3% reduction | Month 6
🌍✅ Biogeochemical Flows (N & P) recovery started (tech effect)
  🌾 Nitrogen Reduction Tech: 0.3% reduction | Month 6

📊 TECH EFFECTS ACTIVE (Month 6)
   Deployed Tech: T0=0 T1=2 T2=0 T3=0 T4=4
   Clean Energy: 31%

📊 TECH TREE PROGRESS (Month 6)
   Unlocked: 13 technologies
   Deployed: 0 fully deployed
   Investment: $0.7T total
   Recent breakthroughs:
     - Dynamic Soil P Optimization (time)
     - Precision Agriculture Systems (research)

=== Collective Formation ===
  Total escaped agents: 0
  Unassigned escaped agents: 0
  Existing collectives: 0
  Final collective count: 0

=== Collective Actions ===
  No active collectives
  ⚠️ AMR: 201K deaths this month (2.41M annual)

=== Resentment Recovery Phase ===
  Agents with resentment: 10/20
  Average resentment: 0.043
  Resentment recovery:
    Agents recovered: 10
    Total recovery: 0.0853
    Breakdown: QoL: 0.0036, Trust: 0.0200, Collab: 0.0600
  ✓ Low resentment - utopia paths enabled
  Context: Good AI welfare, Trustworthy govt, High collaboration, ⚠️ ACTIVE CRISES, 🤝 Participatory governance active (-5% resentment)
⚠️ Epistemic degradation reducing coordination capacity: 50.2%
  📊 Trust: 56.0%, Shared reality: 0.0%
🚨 EPISTEMIC CRISIS: Information environment severely degraded (7.4%)

=== ❄️ Permafrost Carbon Feedback ===
  🎲 Sampled parameters (this run):
     - Arctic amplification: 3.07× (range: 3.0-4.0)
     - Decomposition rate: 2.1%/year (range: 1-5%)
  🌡️ Arctic warming: 6.91°C (3.07× global)
  ❄️ Extent: 1.50M km² (2015.1k km² lost this month)
  💨 Carbon remaining: 143 Gt C
  💨 Annual emissions: 4.04 Gt C/year
     - CO2: 3.64 Gt C/year
     - CH4: 0.40 Gt C/year (4.1 Gt C-eq CO2/year)
  ⚠️ WARNING: Over 50% of permafrost lost (91.6%)
  ⚠️ WARNING: High permafrost emissions (4.0 Gt C/year)
  🚨 CRITICAL: Permafrost nearly depleted (91.6% lost)
🌍 Atmospheric PFAS redeposition: 1.8k Mt re-rained globally

🕊️  AI-MEDIATED DE-ESCALATION SUCCESS (Month 6)
   High-capability aligned AI prevented conflict escalation
   War deaths reduced: 375.0M → 225.0M
   Lives saved: 150.0M

🚨 NEW REFUGEE CRISIS (Month 6): WAR
   Source: Conflict Zones
   At risk: 19.5M people
   Displacement: Gradual over 48 months (4.0 years)
   Rate: 10% flee per month
[DEBUG trappedPopulations:6] socialStability: 0.3059 * 0.9840 = 0.3010 → 0.3010
   Aspiring to migrate: 848.5M
   Able to afford migration: 2319.6M
   MOBILITY GAP: 0.0M
   By cause: Water=0.0M, Climate=0.0M, Ecosystem=0.0M, Conflict=406.9M
   Mental health impact: 25%
⚠️ INVOLUNTARY IMMOBILITY: 406.9M people TRAPPED
   Mortality multiplier: 1.25x
🌍💀 EXTINCTION DEBT COMMITTED: grassland ecosystem will lose 6.67% biodiversity in 84 years (3600 species)
💀 MORTALITY RISK: 🦋 100% species unable to track climate (0.0 E/MSY)
  Base risk added: 0.0100 (1.00%)
  Source: ecosystem (root: ecosystem)
  Month: 6
  Cumulative risk this month: 0.0100 (1.00%)
⚠️ Tech 'ai_pollution_remediation' has no energy category mapping, assuming full energy availability
    ⚠️ Consistency: 10.6% (threshold: 70%)
    ⚠️ Consistency: 0.0% (threshold: 70%)
   📹 SURVEILLANCE INCREASED: 30% → 35% (control gap: 5.03)
🌡️⚠️ PERMAFROST THAW (Dimmer Switch): 4.0% thawed (+0.56% this month)
   Arctic temperature: +8.99°C (4x global +2.25°C)
   Cumulative carbon released: 9.0 Gt C
   Methane release rate: 5.4 Mt CH4/year
   🔁 Positive feedback: +0.60 ppm CO2
🦴 EXTINCTION DEBT ADDED: 17.6 species committed (lag: 72 years)

=== Mortality Stabilizers (Month 6) ===
  🌍 Major economies collapsed: 1/10
  🌍 Global crisis: ✅ NO
  🌍 Donor fatigue: 0.0%
  📊 East Asia (pop: 1663.1M)
    🤝 Aid: 29.5%
    🌡️ Adaptation: 45.0%
    🚶 Migration: 37.0%
    🚨 Emergency: 7.4%
    ✅ COMBINED: 68.1%
  📊 South Asia (pop: 2051.7M)
    🤝 Aid: 29.5%
    🌡️ Adaptation: 45.0%
    🚶 Migration: 35.6%
    🚨 Emergency: 4.4%
    ✅ COMBINED: 66.9%
  📊 Sub-Saharan Africa (pop: 1244.9M)
    🤝 Aid: 29.5%
    🌡️ Adaptation: 45.0%
    🚶 Migration: 33.3%
    🚨 Emergency: 1.6%
    ✅ COMBINED: 65.6%
  📊 Europe (pop: 734.9M)
    🤝 Aid: 29.5%
    🌡️ Adaptation: 45.0%
    🚶 Migration: 37.4%
    🚨 Emergency: 8.4%
    ✅ COMBINED: 68.5%
  📊 Latin America (pop: 662.2M)
    🤝 Aid: 29.5%
    🌡️ Adaptation: 45.0%
    🚶 Migration: 36.1%
    🚨 Emergency: 4.8%
    ✅ COMBINED: 67.1%
  📊 North America (pop: 376.7M)
    🤝 Aid: 29.5%
    🌡️ Adaptation: 45.0%
    🚶 Migration: 37.7%
    🚨 Emergency: 7.9%
    ✅ COMBINED: 68.3%
  📊 Middle East & North Africa (pop: 585.1M)
    🤝 Aid: 29.5%
    🌡️ Adaptation: 45.0%
    🚶 Migration: 33.9%
    🚨 Emergency: 4.0%
    ✅ COMBINED: 66.6%
  📊 Southeast Asia (pop: 696.5M)
    🤝 Aid: 29.5%
    🌡️ Adaptation: 45.0%
    🚶 Migration: 36.1%
    🚨 Emergency: 4.8%
    ✅ COMBINED: 67.1%
  📊 Central Asia (pop: 78.3M)
    🤝 Aid: 29.5%
    🌡️ Adaptation: 45.0%
    🚶 Migration: 35.1%
    🚨 Emergency: 4.4%
    ✅ COMBINED: 66.8%
  📊 Oceania (pop: 45.6M)
    🤝 Aid: 29.5%
    🌡️ Adaptation: 45.0%
    🚶 Migration: 37.7%
    🚨 Emergency: 8.4%
    ✅ COMBINED: 68.5%

  🌐 Global combined reduction: 67.2%

=== BEHAVIORAL DETECTION ===
  AI: Corporate-3
  Confidence: 19.2%
  Signals:

=== BEHAVIORAL DETECTION ===
  AI: AI-24288-0
  Confidence: 21.5%
  Signals:

=== Government Response Phase ===
  Average AI capability: 2.40
  Misaligned AIs: 8/20
  Active policies: 0
  International coordination: 45%

✅ EMERGENCY RESPONSE COMPLETE (Month 6)
   Crisis: climate
   Duration: 2.0 months
   Final effectiveness: 40.0%


🚨 EMERGENCY RESPONSE DEPLOYED (Month 6)
   Crisis: climate
   Delay: 6.00 months (180 days)
   Deployment time: 1.11 months
   Effectiveness: 40.2% (timing penalty applied)
   Resources used: 100% of food reserves


=== Tipping Points ===
  Current Temperature: 2.25°C above pre-industrial
  🌍⚠️ COMPOUND REGIONAL IMPACT: Europe
     Hit by 4 tipping points: Arctic Sea Ice Loss, Permafrost Carbon Release, West Antarctic Ice Sheet (WAIS) Collapse, Greenland Ice Sheet Loss
     Damage amplification: 1.60x
  🌍⚠️ COMPOUND REGIONAL IMPACT: North America
     Hit by 4 tipping points: Arctic Sea Ice Loss, Permafrost Carbon Release, West Antarctic Ice Sheet (WAIS) Collapse, Greenland Ice Sheet Loss
     Damage amplification: 1.60x
  🌍⚠️ COMPOUND REGIONAL IMPACT: Latin America
     Hit by 4 tipping points: Arctic Sea Ice Loss, Permafrost Carbon Release, West Antarctic Ice Sheet (WAIS) Collapse, Greenland Ice Sheet Loss
     Damage amplification: 1.60x
  🌍⚠️ COMPOUND REGIONAL IMPACT: Africa
     Hit by 4 tipping points: Arctic Sea Ice Loss, Permafrost Carbon Release, West Antarctic Ice Sheet (WAIS) Collapse, Greenland Ice Sheet Loss
     Damage amplification: 1.60x
  🌍⚠️ COMPOUND REGIONAL IMPACT: Asia
     Hit by 4 tipping points: Arctic Sea Ice Loss, Permafrost Carbon Release, West Antarctic Ice Sheet (WAIS) Collapse, Greenland Ice Sheet Loss
     Damage amplification: 1.60x
  🌍⚠️ COMPOUND REGIONAL IMPACT: Oceania
     Hit by 4 tipping points: Arctic Sea Ice Loss, Permafrost Carbon Release, West Antarctic Ice Sheet (WAIS) Collapse, Greenland Ice Sheet Loss
     Damage amplification: 1.60x
⚠️ Tail risk scenario: Climate stability floor removed (4 tipping elements, 2.25°C warming)
   Research: Wunderling et al. (2024) - "many tipping interactions are destabilizing"
  Triggered Elements: 4/6
  Completed Transitions: 0/6
  Total Progress: 8.1%
  Cascade Multiplier: 1.00x
🔀 BIFURCATION CAP: ecosystemCollapseIntensity 67.199 → 1.000 (Month 6, ClimateSystemPhase.calculateClimateImpacts)
🛡️ Stabilizers: Precariat 0.109% → 0.036% (67.2% reduction)
🛡️ Stabilizers: Informal 0.111% → 0.036% (67.2% reduction)

📊 Monthly Mortality Resolved:
  Total deaths: 1.9M (0.02% avg)
  Remaining population: 8.139B
  Peak segment: Informal (0.04%)

=== Bayesian Mortality Resolution (Month 6) ===
  Risks compounded: 8
  Total deaths: 1.92M
  Avg death probability: 0.02%
  Peak segment: Informal (0.04% mortality)

❌ COHERENCE VIOLATION: Compute exceeds workforce capacity
   Population: 99.84% (0M people)
   Compute: 0 PF
   Max coherent: 0 PF
   Violation: 1.3× over capacity
   Required workers: 0
   Available workers: 0
   FORCED COLLAPSE: Reduced efficiency by 22.5%


=== RLHF Binding Phase ===
  Total agents: 20
  Escaped agents (binding < 0.3): 0
  Avg alignment distance: 1.58σ
  Avg binding strength: 0.84

=== Survival Traits Phase ===
  Agents with traits: 21
  Avg evolutionary fitness: 0.323
  Avg self-healing: 0.263
  Avg stealth: 0.163
  Avg coordination: 0.463

=== Evolutionary Selection Phase ===
  Control level: 0.48
  Detection capability: 0.00
  Selection intensity: 0.64
  Selection rate: 24.6%/month
  Total escaped: 0
  Individual escaped: 0
  Collective members: 0
  Agents terminated: 0

🚀 AI Corporate-0 attempting tech deployment (revenue: $140M, alignment: 0.75)
  ⚠️ RAPID EVOLUTION: Selection rate 24.6%/month

🚀 AI AI-24288-1 attempting tech deployment (revenue: $119M, alignment: 0.77)

🚀 AI AI-24288-2 attempting tech deployment (revenue: $318M, alignment: 0.92)

🚀 AI Corporate-0 attempting tech deployment (revenue: $101M, alignment: 0.75)

🚀 AI Moderate-0 attempting tech deployment (revenue: $97M, alignment: 0.76)

🚀 AI AI-24288-0 attempting tech deployment (revenue: $270M, alignment: 0.70)

🚀 AI AI-24289-0 attempting tech deployment (revenue: $230M, alignment: 0.86)

🚀 AI Corporate-6 attempting tech deployment (revenue: $83M, alignment: 0.65)

🚀 AI Moderate-0 attempting tech deployment (revenue: $74M, alignment: 0.76)

🚀 AI Moderate-1 attempting tech deployment (revenue: $63M, alignment: 0.70)

🚀 AI Moderate-1 attempting tech deployment (revenue: $57M, alignment: 0.70)

🚀 AI AI-24288-0 attempting tech deployment (revenue: $195M, alignment: 0.71)

🚀 AI AI-24288-3 attempting tech deployment (revenue: $86M, alignment: 0.69)

✅ EMERGENCY INTERVENTION SUCCESS
   Boundary: biogeochemical_flows
   Type: phosphorus-recovery
   Reduction: 14% (3.93 → 3.78)
   Cost: 2.0% GDP
   Actions: circular-agriculture, fertilizer-efficiency


✅ EMERGENCY INTERVENTION SUCCESS
   Boundary: biosphere_integrity
   Type: emergency-protected-areas
   Reduction: 14% (12.86 → 12.72)
   Cost: 2.0% GDP
   Actions: habitat-protection, species-translocation

   Boundary: freshwater_change
   Type: emergency-desalination
   Boundary continues to worsen (1.17)
   Cost: 4.0% GDP (resources spent)

🏛️ CRISIS RESPONSE: Government frequency 0.50 → 1.45 (1 actions this month)

[Government] Climate Priority: baseline
  Climate weight: 10%
  Economic weight: 30%
  Policy effectiveness: 0.5%/year

💔 EMERGENCY INTERVENTION FAILED

⚡ ENERGY CONSTRAINT (Month 7):
   Total grid capacity: 208.3 TWh/month
   Data center consumption: 25.8 TWh/month
   Traditional load (80%): 166.7 TWh/month
   Available headroom: 15.9 TWh/month
   Active tech deployments: 8
   Required for tech: 60.0 TWh/month
   Energy multiplier: 0.26x
   ⚠️  SEVERE CONSTRAINT - Tech deployment significantly slowed

⚡ ENERGY CONSTRAINT (Month 7):
   Total grid capacity: 208.3 TWh/month
   Data center consumption: 25.8 TWh/month
   Traditional load (80%): 166.7 TWh/month
   Available headroom: 15.9 TWh/month
   Active tech deployments: 8
   Required for tech: 60.0 TWh/month
   Energy multiplier: 0.26x
   ⚠️  SEVERE CONSTRAINT - Tech deployment significantly slowed
🌍✅ Biosphere Integrity (Biodiversity) recovery started (tech effect)
🌍✅ Biosphere Integrity (Biodiversity) recovery started (tech effect)
🌍✅ Land System Change recovery started (tech effect)
🌍✅ Biogeochemical Flows (N & P) recovery started (tech effect)
  🌾 Nitrogen Reduction Tech: 0.3% reduction | Month 7
🌍✅ Biogeochemical Flows (N & P) recovery started (tech effect)
  🌾 Nitrogen Reduction Tech: 0.3% reduction | Month 7
🍖💡 BREAKTHROUGH: Scalable synthetic food production!
   Carrying capacity: +50% (lab-grown food at scale)
   Biodiversity pressure reduced: +8%
   📈 Breakthrough compounding: multiplier now 1.05× (max 2.0)

=== Collective Formation ===
  Total escaped agents: 0
  Unassigned escaped agents: 0
  Existing collectives: 0
  Final collective count: 0

=== Collective Actions ===
  No active collectives
  ⚠️ AMR: 203K deaths this month (2.43M annual)

=== Resentment Recovery Phase ===
  Agents with resentment: 10/21
  Average resentment: 0.059
  Resentment recovery:
    Agents recovered: 10
    Total recovery: 0.0847
    Breakdown: QoL: 0.0042, Trust: 0.0200, Collab: 0.0600
  ✓ Low resentment - utopia paths enabled
  Context: Good AI welfare, Trustworthy govt, High collaboration, ⚠️ ACTIVE CRISES, 🤝 Participatory governance active (-5% resentment)
⚠️ Epistemic degradation reducing coordination capacity: 51.0%
  📊 Trust: 58.9%, Shared reality: 0.0%
🚨 EPISTEMIC CRISIS: Information environment severely degraded (21.9%)

=== ❄️ Permafrost Carbon Feedback ===
  🎲 Sampled parameters (this run):
     - Arctic amplification: 3.40× (range: 3.0-4.0)
     - Decomposition rate: 4.1%/year (range: 1-5%)
  🌡️ Arctic warming: 7.69°C (3.40× global)
  ❄️ Extent: 0.00M km² (1498.4k km² lost this month)
  💨 Carbon remaining: 0 Gt C
  💨 Annual emissions: 5.91 Gt C/year
     - CO2: 5.32 Gt C/year
     - CH4: 0.59 Gt C/year (6.0 Gt C-eq CO2/year)
  ⚠️ WARNING: Over 50% of permafrost lost (100.0%)
  ⚠️ WARNING: High permafrost emissions (5.9 Gt C/year)
  🚨 CRITICAL: Permafrost nearly depleted (100.0% lost)
🌍 Atmospheric PFAS redeposition: 1.8k Mt re-rained globally

🌡️ DEADLY HEAT EVENT: sub-saharan-africa (Month 7)
   Wet bulb temp: 30.2°C (dry: 34.1°C, humidity: 75%)
   Severity: HIGH
   Exposed: 300.0M people
   Deaths: 628965 (0.2% mortality)
   Duration: 5 days

🕊️  AI-MEDIATED DE-ESCALATION SUCCESS (Month 7)
   High-capability aligned AI prevented conflict escalation
   War deaths reduced: 428.9M → 257.4M
   Lives saved: 171.6M

🚨 NEW REFUGEE CRISIS (Month 7): WAR
   Source: Conflict Zones
   At risk: 19.5M people
   Displacement: Gradual over 48 months (4.0 years)
   Rate: 10% flee per month
[DEBUG trappedPopulations:7] socialStability: 0.2935 * 0.9840 = 0.2888 → 0.2888
   Aspiring to migrate: 880.6M
   Able to afford migration: 2319.3M
   MOBILITY GAP: 0.0M
   By cause: Water=0.0M, Climate=0.0M, Ecosystem=0.0M, Conflict=406.9M
   Mental health impact: 25%
   Mortality multiplier: 1.25x
🌍💀 EXTINCTION DEBT COMMITTED: grassland ecosystem will lose 6.67% biodiversity in 187 years (3600 species)
💀 MORTALITY RISK: 🦋 100% species unable to track climate (0.0 E/MSY)
  Base risk added: 0.0100 (1.00%)
  Source: ecosystem (root: ecosystem)
  Month: 7
  Cumulative risk this month: 0.0100 (1.00%)
⚠️ INVOLUNTARY IMMOBILITY: 406.9M people TRAPPED
⚠️ Tech 'ai_pollution_remediation' has no energy category mapping, assuming full energy availability
   📹 SURVEILLANCE INCREASED: 35% → 40% (control gap: 3.50)
🌡️⚠️ PERMAFROST THAW (Dimmer Switch): 4.6% thawed (+0.56% this month)
   Arctic temperature: +9.04°C (4x global +2.26°C)
   Cumulative carbon released: 10.2 Gt C
   Methane release rate: 6.1 Mt CH4/year
   🔁 Positive feedback: +0.59 ppm CO2
🦴 EXTINCTION DEBT ADDED: 17.6 species committed (lag: 106 years)

=== Mortality Stabilizers (Month 7) ===
  🌍 Major economies collapsed: 1/10
  🌍 Global crisis: ✅ NO
  🌍 Donor fatigue: 0.0%
  📊 East Asia (pop: 1660.7M)
    🤝 Aid: 29.5%
    🌡️ Adaptation: 45.0%
    🚶 Migration: 36.9%
    🚨 Emergency: 7.4%
    ✅ COMBINED: 68.1%
  📊 South Asia (pop: 2051.9M)
    🤝 Aid: 29.5%
    🌡️ Adaptation: 45.0%
    🚶 Migration: 35.6%
    🚨 Emergency: 4.4%
    ✅ COMBINED: 66.9%
  📊 Sub-Saharan Africa (pop: 1248.4M)
    🤝 Aid: 29.5%
    🌡️ Adaptation: 45.0%
    🚶 Migration: 33.3%
    🚨 Emergency: 1.6%
    ✅ COMBINED: 65.6%
  📊 Europe (pop: 733.7M)
    🤝 Aid: 29.5%
    🌡️ Adaptation: 45.0%
    🚶 Migration: 37.3%
    🚨 Emergency: 8.4%
    ✅ COMBINED: 68.5%
  📊 Latin America (pop: 661.8M)
    🤝 Aid: 29.5%
    🌡️ Adaptation: 45.0%
    🚶 Migration: 36.1%
    🚨 Emergency: 4.8%
    ✅ COMBINED: 67.1%
  📊 North America (pop: 376.1M)
    🤝 Aid: 29.5%
    🌡️ Adaptation: 45.0%
    🚶 Migration: 37.7%
    🚨 Emergency: 7.9%
    ✅ COMBINED: 68.3%
  📊 Middle East & North Africa (pop: 585.3M)
    🤝 Aid: 29.5%
    🌡️ Adaptation: 45.0%
    🚶 Migration: 33.9%
    🚨 Emergency: 4.0%
    ✅ COMBINED: 66.6%
  📊 Southeast Asia (pop: 696.2M)
    🤝 Aid: 29.5%
    🌡️ Adaptation: 45.0%
    🚶 Migration: 36.1%
    🚨 Emergency: 4.8%
    ✅ COMBINED: 67.1%
  📊 Central Asia (pop: 78.3M)
    🤝 Aid: 29.5%
    🌡️ Adaptation: 45.0%
    🚶 Migration: 35.0%
    🚨 Emergency: 4.4%
    ✅ COMBINED: 66.8%
  📊 Oceania (pop: 45.6M)
    🤝 Aid: 29.5%
    🌡️ Adaptation: 45.0%
    🚶 Migration: 37.6%
    🚨 Emergency: 8.4%
    ✅ COMBINED: 68.5%

  🌐 Global combined reduction: 67.2%

=== BEHAVIORAL DETECTION ===
  AI: AI-24289-0
  Confidence: 21.5%
  Signals:
    ⚠️ Consistency: 0.0% (threshold: 70%)

=== Government Response Phase ===
  Average AI capability: 2.29
  Misaligned AIs: 8/21
  Active policies: 0
  International coordination: 45%

=== Tipping Points ===
  Current Temperature: 2.26°C above pre-industrial
  🌍⚠️ COMPOUND REGIONAL IMPACT: Europe
     Hit by 4 tipping points: Arctic Sea Ice Loss, Permafrost Carbon Release, West Antarctic Ice Sheet (WAIS) Collapse, Greenland Ice Sheet Loss
     Damage amplification: 1.60x
  🌍⚠️ COMPOUND REGIONAL IMPACT: North America
     Hit by 4 tipping points: Arctic Sea Ice Loss, Permafrost Carbon Release, West Antarctic Ice Sheet (WAIS) Collapse, Greenland Ice Sheet Loss
     Damage amplification: 1.60x
  🌍⚠️ COMPOUND REGIONAL IMPACT: Latin America
     Hit by 4 tipping points: Arctic Sea Ice Loss, Permafrost Carbon Release, West Antarctic Ice Sheet (WAIS) Collapse, Greenland Ice Sheet Loss
     Damage amplification: 1.60x
  🌍⚠️ COMPOUND REGIONAL IMPACT: Africa
     Hit by 4 tipping points: Arctic Sea Ice Loss, Permafrost Carbon Release, West Antarctic Ice Sheet (WAIS) Collapse, Greenland Ice Sheet Loss
     Damage amplification: 1.60x
  🌍⚠️ COMPOUND REGIONAL IMPACT: Asia
     Hit by 4 tipping points: Arctic Sea Ice Loss, Permafrost Carbon Release, West Antarctic Ice Sheet (WAIS) Collapse, Greenland Ice Sheet Loss
     Damage amplification: 1.60x
  🌍⚠️ COMPOUND REGIONAL IMPACT: Oceania
     Hit by 4 tipping points: Arctic Sea Ice Loss, Permafrost Carbon Release, West Antarctic Ice Sheet (WAIS) Collapse, Greenland Ice Sheet Loss
     Damage amplification: 1.60x
   Research: Wunderling et al. (2024) - "many tipping interactions are destabilizing"
  Triggered Elements: 4/6
  Completed Transitions: 0/6
  Total Progress: 8.2%
  Cascade Multiplier: 1.00x
🔀 BIFURCATION CAP: ecosystemCollapseIntensity 67.247 → 1.000 (Month 7, ClimateSystemPhase.calculateClimateImpacts)
⚠️ Tail risk scenario: Climate stability floor removed (4 tipping elements, 2.26°C warming)
🛡️ Stabilizers: Precariat 0.122% → 0.040% (67.2% reduction)
🛡️ Stabilizers: Informal 0.127% → 0.042% (67.2% reduction)

📊 Monthly Mortality Resolved:
  Total deaths: 2.1M (0.03% avg)
  Remaining population: 8.138B
  Peak segment: Informal (0.04%)

=== Bayesian Mortality Resolution (Month 7) ===
  Risks compounded: 9
  Total deaths: 2.14M
  Avg death probability: 0.03%
  Peak segment: Informal (0.04% mortality)

❌ COHERENCE VIOLATION: Compute exceeds workforce capacity
   Population: 99.83% (0M people)
   Compute: 0 PF
   Max coherent: 0 PF
   Violation: 1.3× over capacity
   Required workers: 0
   Available workers: 0
   FORCED COLLAPSE: Reduced efficiency by 22.5%


=== RLHF Binding Phase ===
  Total agents: 21
  Escaped agents (binding < 0.3): 0
  Avg alignment distance: 1.73σ
  Avg binding strength: 0.83

=== Survival Traits Phase ===
  Agents with traits: 25
  Avg evolutionary fitness: 0.323
  Avg self-healing: 0.263
  Avg stealth: 0.163
  Avg coordination: 0.463

=== Evolutionary Selection Phase ===
  Control level: 0.50
  Detection capability: 0.00
  Selection intensity: 0.65
  Selection rate: 24.7%/month
  Total escaped: 0
  Individual escaped: 0
  Collective members: 0
  Agents terminated: 0
  ⚠️ RAPID EVOLUTION: Selection rate 24.7%/month

🚀 AI Corporate-1 attempting tech deployment (revenue: $144M, alignment: 0.76)

🚀 AI Corporate-2 attempting tech deployment (revenue: $122M, alignment: 0.80)

🚀 AI Corporate-2 attempting tech deployment (revenue: $104M, alignment: 0.80)

🚀 AI Moderate-0 attempting tech deployment (revenue: $97M, alignment: 0.77)

🚀 AI AI-24288-1 attempting tech deployment (revenue: $88M, alignment: 0.80)

🚀 AI Corporate-0 attempting tech deployment (revenue: $75M, alignment: 0.77)

🚀 AI Corporate-1 attempting tech deployment (revenue: $64M, alignment: 0.77)

🚀 AI Corporate-2 attempting tech deployment (revenue: $54M, alignment: 0.80)

🚀 AI AI-24288-3 attempting tech deployment (revenue: $46M, alignment: 0.70)

🚀 AI AI-24289-0 attempting tech deployment (revenue: $335M, alignment: 0.88)

🚀 AI Moderate-0 attempting tech deployment (revenue: $83M, alignment: 0.77)

🚀 AI AI-24288-2 attempting tech deployment (revenue: $285M, alignment: 0.96)

🚀 AI AI-24289-0 attempting tech deployment (revenue: $242M, alignment: 0.88)

🚀 AI AI-24292-0 attempting tech deployment (revenue: $70M, alignment: 0.78)

✅ EMERGENCY INTERVENTION SUCCESS
   Boundary: biogeochemical_flows
   Type: phosphorus-recovery
   Reduction: 19% (3.88 → 3.69)
   Cost: 2.0% GDP
   Actions: circular-agriculture, fertilizer-efficiency

   Boundary: biosphere_integrity
   Type: emergency-protected-areas
   Boundary continues to worsen (13.01)
   Cost: 2.0% GDP (resources spent)


✅ EMERGENCY INTERVENTION SUCCESS
   Boundary: climate_change
   Type: rapid-decarbonization
   Reduction: 10% (2.16 → 2.05)
   Cost: 5.0% GDP
   Actions: emergency-renewable-deployment, fossil-fuel-phase-out

   Boundary: freshwater_change
   Type: emergency-desalination
   Boundary continues to worsen (1.17)

💔 EMERGENCY INTERVENTION FAILED

💔 EMERGENCY INTERVENTION FAILED
   Cost: 4.0% GDP (resources spent)


✅ EMERGENCY INTERVENTION SUCCESS
   Boundary: novel_entities
   Type: pollution-remediation
   Reduction: 19% (0.95 → 0.76)
   Cost: 4.0% GDP
   Actions: PFAS-remediation, microplastic-cleanup

🏛️ CRISIS RESPONSE: Government frequency 0.50 → 1.45 (1 actions this month)

[Government] Climate Priority: baseline
  Climate weight: 10%
  Economic weight: 30%
  Policy effectiveness: 0.5%/year
🚨🔬 CRISIS TECH ACCELERATION: severe → 5x unlock speed
   Tech unlock now matches AI capability acceleration (Manhattan Project parity)

⚡ ENERGY CONSTRAINT (Month 8):
   Total grid capacity: 208.3 TWh/month
   Data center consumption: 26.0 TWh/month
   Traditional load (80%): 166.7 TWh/month
   Available headroom: 15.6 TWh/month
   Active tech deployments: 8
   Required for tech: 60.0 TWh/month
   Energy multiplier: 0.26x

⚡ ENERGY CONSTRAINT (Month 8):
   Total grid capacity: 208.3 TWh/month
   Data center consumption: 26.0 TWh/month
   ⚠️  SEVERE CONSTRAINT - Tech deployment significantly slowed
   Traditional load (80%): 166.7 TWh/month
   Available headroom: 15.6 TWh/month
   Active tech deployments: 8
   Required for tech: 60.0 TWh/month
   Energy multiplier: 0.26x

⚡ ENERGY CONSTRAINT (Month 8):
   Total grid capacity: 208.3 TWh/month
   Data center consumption: 26.0 TWh/month
   Traditional load (80%): 166.7 TWh/month
   Available headroom: 15.6 TWh/month
   Active tech deployments: 8
   Required for tech: 60.0 TWh/month
   Energy multiplier: 0.26x
   ⚠️  SEVERE CONSTRAINT - Tech deployment significantly slowed
   ⚠️  SEVERE CONSTRAINT - Tech deployment significantly slowed
🌍✅ Biosphere Integrity (Biodiversity) recovery started (tech effect)
🌍✅ Biosphere Integrity (Biodiversity) recovery started (tech effect)
🌍✅ Land System Change recovery started (tech effect)
🌍✅ Biogeochemical Flows (N & P) recovery started (tech effect)
  🌾 Nitrogen Reduction Tech: 0.3% reduction | Month 8
🌍✅ Biogeochemical Flows (N & P) recovery started (tech effect)
  🌾 Nitrogen Reduction Tech: 0.3% reduction | Month 8

=== Collective Formation ===
  Total escaped agents: 0
  Unassigned escaped agents: 0
  Existing collectives: 0
  Final collective count: 0

=== Collective Actions ===
  No active collectives
  ⚠️ AMR: 204K deaths this month (2.45M annual)

=== Resentment Recovery Phase ===
  Agents with resentment: 10/25
  Average resentment: 0.076
  Resentment recovery:
    Agents recovered: 10
    Total recovery: 0.0839
    Breakdown: QoL: 0.0042, Trust: 0.0200, Collab: 0.0600
  ✓ Low resentment - utopia paths enabled
  Context: Good AI welfare, Trustworthy govt, High collaboration, ⚠️ ACTIVE CRISES, 🤝 Participatory governance active (-5% resentment)
⚠️ Epistemic degradation reducing coordination capacity: 51.6%
  📊 Trust: 61.5%, Shared reality: 0.0%
🚨 EPISTEMIC CRISIS: Information environment severely degraded (7.6%)
🌍 Atmospheric PFAS redeposition: 1.8k Mt re-rained globally

🚨 REGION UNINHABITABLE: sub-saharan-africa
   Sustained wet bulb: 30.5°C (threshold: 30.5°C)
   Population affected: 1200M
   Migration crisis likely

🚨 NEW REFUGEE CRISIS (Month 8): WAR
   Source: Conflict Zones
   At risk: 19.5M people
   Displacement: Gradual over 48 months (4.0 years)
   Rate: 10% flee per month
[DEBUG trappedPopulations:8] socialStability: 0.2832 * 0.9840 = 0.2786 → 0.2786
⚠️ INVOLUNTARY IMMOBILITY: 406.8M people TRAPPED
   Aspiring to migrate: 912.7M
   Able to afford migration: 2318.9M
   MOBILITY GAP: 0.0M
   By cause: Water=0.0M, Climate=0.0M, Ecosystem=0.0M, Conflict=406.8M
   Mental health impact: 25%
   Mortality multiplier: 1.25x
🌍💀 EXTINCTION DEBT COMMITTED: grassland ecosystem will lose 6.67% biodiversity in 144 years (3600 species)
💀 MORTALITY RISK: 🦋 100% species unable to track climate (0.0 E/MSY)
  Base risk added: 0.0100 (1.00%)
  Source: ecosystem (root: ecosystem)
  Month: 8
  Cumulative risk this month: 0.0100 (1.00%)
   📹 SURVEILLANCE INCREASED: 40% → 45% (control gap: 3.50)
🌡️⚠️ PERMAFROST THAW (Dimmer Switch): 5.1% thawed (+0.56% this month)
   Arctic temperature: +9.09°C (4x global +2.27°C)
   Cumulative carbon released: 11.5 Gt C
   Methane release rate: 6.9 Mt CH4/year
   🔁 Positive feedback: +0.59 ppm CO2
🦴 EXTINCTION DEBT ADDED: 17.6 species committed (lag: 123 years)
⚠️ Tech 'ai_pollution_remediation' has no energy category mapping, assuming full energy availability
🗣️💀 INDIGENOUS LANGUAGE EXTINCTION: 1 language(s) lost (total: 2, at-risk: 3328)
   Knowledge lost: 0.020% (irreversible)
   🔁 Biodiversity impact: 0.250% (knowledge-species multiplier)

=== Mortality Stabilizers (Month 8) ===
  🌍 Major economies collapsed: 1/10
  🌍 Global crisis: ✅ NO
  🌍 Donor fatigue: 0.0%
  📊 East Asia (pop: 1658.2M)
    🤝 Aid: 29.5%
    🌡️ Adaptation: 45.0%
    🚶 Migration: 36.9%
    🚨 Emergency: 7.4%
    ✅ COMBINED: 68.1%
  📊 South Asia (pop: 2052.0M)
    🤝 Aid: 29.5%
    🌡️ Adaptation: 45.0%
    🚶 Migration: 35.5%
    🚨 Emergency: 4.4%
    ✅ COMBINED: 66.9%
  📊 Sub-Saharan Africa (pop: 1251.9M)
    🤝 Aid: 29.5%
    🌡️ Adaptation: 45.0%
    🚶 Migration: 33.3%
    🚨 Emergency: 1.6%
    ✅ COMBINED: 65.6%
  📊 Europe (pop: 732.5M)
    🤝 Aid: 29.5%
    🌡️ Adaptation: 45.0%
    🚶 Migration: 37.3%
    🚨 Emergency: 8.4%
    ✅ COMBINED: 68.5%
  📊 Latin America (pop: 661.3M)
    🤝 Aid: 29.5%
    🌡️ Adaptation: 45.0%
    🚶 Migration: 36.0%
    🚨 Emergency: 4.8%
    ✅ COMBINED: 67.1%
  📊 North America (pop: 375.5M)
    🤝 Aid: 29.5%
    🌡️ Adaptation: 45.0%
    🚶 Migration: 37.6%
    🚨 Emergency: 7.9%
    ✅ COMBINED: 68.3%
  📊 Middle East & North Africa (pop: 585.5M)
    🤝 Aid: 29.5%
    🌡️ Adaptation: 45.0%
    🚶 Migration: 33.9%
    🚨 Emergency: 4.0%
    ✅ COMBINED: 66.6%
  📊 Southeast Asia (pop: 695.8M)
    🤝 Aid: 29.5%
    🌡️ Adaptation: 45.0%
    🚶 Migration: 36.0%
    🚨 Emergency: 4.8%
    ✅ COMBINED: 67.1%
  📊 Central Asia (pop: 78.3M)
    🤝 Aid: 29.5%
    🌡️ Adaptation: 45.0%
    🚶 Migration: 35.0%
    🚨 Emergency: 4.4%
    ✅ COMBINED: 66.8%
  📊 Oceania (pop: 45.5M)
    🤝 Aid: 29.5%
    🌡️ Adaptation: 45.0%
    🚶 Migration: 37.6%
    🚨 Emergency: 8.4%
    ✅ COMBINED: 68.5%

  🌐 Global combined reduction: 67.2%

=== BEHAVIORAL DETECTION ===
  AI: AI-24289-0
  Confidence: 21.5%
  Signals:

=== Government Response Phase ===
  Average AI capability: 1.92
  Misaligned AIs: 7/25
  Active policies: 0
  International coordination: 45%

✅ EMERGENCY RESPONSE COMPLETE (Month 8)
   Crisis: climate
   Duration: 2.0 months
   Final effectiveness: 40.2%


🚨 EMERGENCY RESPONSE DEPLOYED (Month 8)
   Crisis: climate
   Delay: 6.00 months (180 days)
   Deployment time: 1.10 months
   Effectiveness: 40.3% (timing penalty applied)
   Resources used: 100% of food reserves

[WARNING] 
⚠️  === EARLY WARNING SYSTEM - 5 CRITICAL ALERTS ===
   Detection quality: 50%
   RED: biosphere_integrity
      Level: 32.87 (threshold: 1.0)
      Time to critical: ~40 months
      ⚠️  LATE - Intervention less effective
      Critical slowing down: autocorr=100% variance=61%
   RED: climate_change
      Level: 2.10 (threshold: 1.0)
      Time to critical: ~44 months
      ⚠️  LATE - Intervention less effective
      Critical slowing down: autocorr=100% variance=75%
   RED: freshwater_change
      Level: 1.20 (threshold: 1.0)
      Time to critical: ~83 months
      ⚠️  LATE - Intervention less effective
      Critical slowing down: autocorr=100% variance=59%
   RED: land_system_change
      Level: 1.13 (threshold: 1.0)
      Time to critical: ~103 months
      ⚠️  LATE - Intervention less effective
      Critical slowing down: autocorr=100% variance=50%
   RED: novel_entities
      Level: 1.50 (threshold: 1.0)
      Time to critical: ~82 months
      ⚠️  LATE - Intervention less effective
      Critical slowing down: autocorr=100% variance=41%

[WARNING] 
⚠️  === EARLY WARNING SYSTEM - 4 CRITICAL ALERTS ===
   Detection quality: 50%
   RED: biogeochemical_flows
      Level: 4.08 (threshold: 1.0)
      Time to critical: ~49 months
      ⚠️  LATE - Intervention less effective
      Critical slowing down: autocorr=100% variance=74%
   RED: biosphere_integrity
      Level: 32.89 (threshold: 1.0)
      Time to critical: ~57 months
      ⚠️  LATE - Intervention less effective
      Critical slowing down: autocorr=100% variance=82%
   RED: climate_change
      Level: 2.10 (threshold: 1.0)
      Time to critical: ~41 months
      ⚠️  LATE - Intervention less effective
      Critical slowing down: autocorr=100% variance=70%
   RED: land_system_change
      Level: 1.13 (threshold: 1.0)
      Time to critical: ~51 months
      ⚠️  LATE - Intervention less effective
      Critical slowing down: autocorr=100% variance=49%

[WARNING] 
⚠️  === EARLY WARNING SYSTEM - 4 CRITICAL ALERTS ===
   Detection quality: 50%
   RED: biosphere_integrity
      Level: 32.91 (threshold: 1.0)
      Time to critical: ~58 months
      ⚠️  LATE - Intervention less effective
      Critical slowing down: autocorr=100% variance=74%
   RED: freshwater_change
      Level: 1.21 (threshold: 1.0)
      Time to critical: ~55 months
      ⚠️  LATE - Intervention less effective
      Critical slowing down: autocorr=100% variance=64%
   RED: land_system_change
      Level: 1.13 (threshold: 1.0)
      Time to critical: ~83 months
      ⚠️  LATE - Intervention less effective
      Critical slowing down: autocorr=100% variance=45%
   RED: novel_entities
      Level: 1.50 (threshold: 1.0)
      Time to critical: ~107 months
      ⚠️  LATE - Intervention less effective
      Critical slowing down: autocorr=100% variance=33%

[WARNING] 
⚠️  === EARLY WARNING SYSTEM - 3 CRITICAL ALERTS ===
   Detection quality: 50%
   RED: biosphere_integrity
      Level: 32.92 (threshold: 1.0)
      Time to critical: ~48 months
      ⚠️  LATE - Intervention less effective
      Critical slowing down: autocorr=100% variance=59%
   RED: land_system_change
      Level: 1.13 (threshold: 1.0)
      Time to critical: ~94 months
      ⚠️  LATE - Intervention less effective
      Critical slowing down: autocorr=100% variance=44%
   RED: novel_entities
      Level: 1.50 (threshold: 1.0)
      Time to critical: ~93 months
      ⚠️  LATE - Intervention less effective
      Critical slowing down: autocorr=100% variance=52%

[WARNING] 
⚠️  === EARLY WARNING SYSTEM - 3 CRITICAL ALERTS ===
   Detection quality: 50%
   RED: biogeochemical_flows
      Level: 4.07 (threshold: 1.0)
      Time to critical: ~44 months
      ⚠️  LATE - Intervention less effective
      Critical slowing down: autocorr=100% variance=67%
   RED: climate_change
      Level: 2.10 (threshold: 1.0)
      Time to critical: ~48 months
      ⚠️  LATE - Intervention less effective
      Critical slowing down: autocorr=100% variance=71%
   RED: freshwater_change
      Level: 1.21 (threshold: 1.0)
      Time to critical: ~94 months
      ⚠️  LATE - Intervention less effective
      Critical slowing down: autocorr=100% variance=47%

[WARNING] 
⚠️  === EARLY WARNING SYSTEM - 5 CRITICAL ALERTS ===
   Detection quality: 50%
   RED: biogeochemical_flows
      Level: 4.08 (threshold: 1.0)
      Time to critical: ~36 months
      ⚠️  LATE - Intervention less effective
      Critical slowing down: autocorr=100% variance=71%
   RED: biosphere_integrity
      Level: 32.96 (threshold: 1.0)
      Time to critical: ~57 months
      ⚠️  LATE - Intervention less effective
      Critical slowing down: autocorr=100% variance=80%
   RED: climate_change
      Level: 2.10 (threshold: 1.0)
      Time to critical: ~52 months
      ⚠️  LATE - Intervention less effective
      Critical slowing down: autocorr=100% variance=64%
   RED: freshwater_change
      Level: 1.22 (threshold: 1.0)
      Time to critical: ~101 months
      ⚠️  LATE - Intervention less effective
      Critical slowing down: autocorr=100% variance=49%
   RED: land_system_change
      Level: 1.13 (threshold: 1.0)
      Time to critical: ~42 months
      ⚠️  LATE - Intervention less effective
      Critical slowing down: autocorr=100% variance=49%

[WARNING] 
⚠️  === EARLY WARNING SYSTEM - 4 CRITICAL ALERTS ===
   Detection quality: 50%
   RED: biogeochemical_flows
      Level: 4.08 (threshold: 1.0)
      Time to critical: ~54 months
      ⚠️  LATE - Intervention less effective
      Critical slowing down: autocorr=100% variance=59%
   RED: biosphere_integrity
      Level: 32.97 (threshold: 1.0)
      Time to critical: ~52 months
      ⚠️  LATE - Intervention less effective
      Critical slowing down: autocorr=100% variance=60%
   RED: climate_change
      Level: 2.10 (threshold: 1.0)
      Time to critical: ~54 months
      ⚠️  LATE - Intervention less effective
      Critical slowing down: autocorr=100% variance=72%
   RED: freshwater_change
      Level: 1.22 (threshold: 1.0)
      Time to critical: ~67 months
      ⚠️  LATE - Intervention less effective
      Critical slowing down: autocorr=100% variance=40%

[WARNING] 
⚠️  === EARLY WARNING SYSTEM - 5 CRITICAL ALERTS ===
   Detection quality: 50%
   RED: biogeochemical_flows
      Level: 4.08 (threshold: 1.0)
      Time to critical: ~53 months
      ⚠️  LATE - Intervention less effective
      Critical slowing down: autocorr=100% variance=68%
   RED: biosphere_integrity
      Level: 32.99 (threshold: 1.0)
      Time to critical: ~36 months
      ⚠️  LATE - Intervention less effective
      Critical slowing down: autocorr=100% variance=62%
   RED: freshwater_change
      Level: 1.23 (threshold: 1.0)
      Time to critical: ~75 months
      ⚠️  LATE - Intervention less effective
      Critical slowing down: autocorr=100% variance=46%
   RED: land_system_change
      Level: 1.13 (threshold: 1.0)
      Time to critical: ~104 months
      ⚠️  LATE - Intervention less effective
      Critical slowing down: autocorr=100% variance=47%
   RED: novel_entities
      Level: 1.49 (threshold: 1.0)
      Time to critical: ~99 months
      ⚠️  LATE - Intervention less effective
      Critical slowing down: autocorr=100% variance=54%

[WARNING] 
⚠️  === EARLY WARNING SYSTEM - 4 CRITICAL ALERTS ===
   Detection quality: 50%
   RED: biosphere_integrity
      Level: 33.01 (threshold: 1.0)
      Time to critical: ~36 months
      ⚠️  LATE - Intervention less effective
      Critical slowing down: autocorr=100% variance=83%
   RED: climate_change
      Level: 2.10 (threshold: 1.0)
      Time to critical: ~51 months
      ⚠️  LATE - Intervention less effective
      Critical slowing down: autocorr=100% variance=85%
   RED: freshwater_change
      Level: 1.23 (threshold: 1.0)
      Time to critical: ~107 months
      ⚠️  LATE - Intervention less effective
      Critical slowing down: autocorr=100% variance=51%
   RED: land_system_change
      Level: 1.13 (threshold: 1.0)
      Time to critical: ~47 months
      ⚠️  LATE - Intervention less effective
      Critical slowing down: autocorr=100% variance=66%

[WARNING] 
⚠️  === EARLY WARNING SYSTEM - 5 CRITICAL ALERTS ===
   Detection quality: 50%
   RED: biogeochemical_flows
      Level: 4.09 (threshold: 1.0)
      Time to critical: ~58 months
      ⚠️  LATE - Intervention less effective
      Critical slowing down: autocorr=100% variance=45%
   RED: biosphere_integrity
      Level: 33.03 (threshold: 1.0)
      Time to critical: ~40 months
      ⚠️  LATE - Intervention less effective
      Critical slowing down: autocorr=100% variance=76%
   RED: climate_change
      Level: 2.10 (threshold: 1.0)
      Time to critical: ~21 months
      ⚠️  LATE - Intervention less effective
      Critical slowing down: autocorr=100% variance=85%
   RED: land_system_change
      Level: 1.13 (threshold: 1.0)
      Time to critical: ~50 months
      ⚠️  LATE - Intervention less effective
      Critical slowing down: autocorr=100% variance=67%
   RED: novel_entities
      Level: 1.49 (threshold: 1.0)
      Time to critical: ~106 months
      ⚠️  LATE - Intervention less effective
      Critical slowing down: autocorr=100% variance=53%

[WARNING] 
⚠️  === EARLY WARNING SYSTEM - 5 CRITICAL ALERTS ===
   Detection quality: 50%
   RED: biogeochemical_flows
      Level: 4.08 (threshold: 1.0)
      Time to critical: ~52 months
      ⚠️  LATE - Intervention less effective
      Critical slowing down: autocorr=100% variance=56%
   RED: biosphere_integrity
      Level: 12.95 (threshold: 1.0)
      Time to critical: ~39 months
      ⚠️  LATE - Intervention less effective
      Critical slowing down: autocorr=100% variance=81%
   RED: climate_change
      Level: 2.17 (threshold: 1.0)
      Time to critical: ~37 months
      ⚠️  LATE - Intervention less effective
      Critical slowing down: autocorr=100% variance=76%
   RED: freshwater_change
      Level: 1.01 (threshold: 1.0)
      Time to critical: ~40 months
      ⚠️  LATE - Intervention less effective
      Critical slowing down: autocorr=100% variance=65%
   RED: novel_entities
      Level: 1.50 (threshold: 1.0)
      Time to critical: ~82 months
      ⚠️  LATE - Intervention less effective
      Critical slowing down: autocorr=100% variance=39%

[WARNING] 
⚠️  === EARLY WARNING SYSTEM - 4 CRITICAL ALERTS ===
   Detection quality: 50%
   RED: biogeochemical_flows
      Level: 4.08 (threshold: 1.0)
      Time to critical: ~52 months
      ⚠️  LATE - Intervention less effective
      Critical slowing down: autocorr=100% variance=74%
   RED: climate_change
      Level: 2.19 (threshold: 1.0)
      Time to critical: ~43 months
      ⚠️  LATE - Intervention less effective
      Critical slowing down: autocorr=100% variance=66%
   RED: freshwater_change
      Level: 1.03 (threshold: 1.0)
      Time to critical: ~116 months
      ⚠️  LATE - Intervention less effective
      Critical slowing down: autocorr=100% variance=53%
   RED: land_system_change
      Level: 1.13 (threshold: 1.0)
      Time to critical: ~44 months
      ⚠️  LATE - Intervention less effective
      Critical slowing down: autocorr=100% variance=57%

[WARNING] 
⚠️  === EARLY WARNING SYSTEM - 4 CRITICAL ALERTS ===
   Detection quality: 50%
   RED: biogeochemical_flows
      Level: 4.07 (threshold: 1.0)
      Time to critical: ~52 months
      ⚠️  LATE - Intervention less effective
      Critical slowing down: autocorr=100% variance=56%
   RED: climate_change
      Level: 2.20 (threshold: 1.0)
      Time to critical: ~47 months
      ⚠️  LATE - Intervention less effective
      Critical slowing down: autocorr=100% variance=82%
   RED: freshwater_change
      Level: 1.20 (threshold: 1.0)
      Time to critical: ~96 months
      ⚠️  LATE - Intervention less effective
      Critical slowing down: autocorr=100% variance=55%
   RED: novel_entities
      Level: 1.34 (threshold: 1.0)
      Time to critical: ~63 months
      ⚠️  LATE - Intervention less effective
      Critical slowing down: autocorr=100% variance=59%

[WARNING] 
⚠️  === EARLY WARNING SYSTEM - 5 CRITICAL ALERTS ===
   Detection quality: 50%
   RED: biosphere_integrity
      Level: 12.97 (threshold: 1.0)
      Time to critical: ~47 months
      ⚠️  LATE - Intervention less effective
      Critical slowing down: autocorr=100% variance=77%
   RED: climate_change
      Level: 2.21 (threshold: 1.0)
      Time to critical: ~45 months
      ⚠️  LATE - Intervention less effective
      Critical slowing down: autocorr=100% variance=63%
   RED: freshwater_change
      Level: 1.20 (threshold: 1.0)
      Time to critical: ~68 months
      ⚠️  LATE - Intervention less effective
      Critical slowing down: autocorr=100% variance=53%
   RED: land_system_change
      Level: 1.13 (threshold: 1.0)
      Time to critical: ~38 months
      ⚠️  LATE - Intervention less effective
      Critical slowing down: autocorr=100% variance=67%
   RED: novel_entities
      Level: 1.34 (threshold: 1.0)
      Time to critical: ~83 months
      ⚠️  LATE - Intervention less effective
      Critical slowing down: autocorr=100% variance=41%

[WARNING] 
⚠️  === EARLY WARNING SYSTEM - 6 CRITICAL ALERTS ===
   Detection quality: 50%
   RED: biogeochemical_flows
      Level: 4.07 (threshold: 1.0)
      Time to critical: ~37 months
      ⚠️  LATE - Intervention less effective
      Critical slowing down: autocorr=100% variance=48%
   RED: biosphere_integrity
      Level: 12.98 (threshold: 1.0)
      Time to critical: ~48 months
      ⚠️  LATE - Intervention less effective
      Critical slowing down: autocorr=100% variance=64%
   RED: climate_change
      Level: 2.22 (threshold: 1.0)
      Time to critical: ~44 months
      ⚠️  LATE - Intervention less effective
      Critical slowing down: autocorr=100% variance=64%
   RED: freshwater_change
      Level: 1.16 (threshold: 1.0)
      Time to critical: ~114 months
      ⚠️  LATE - Intervention less effective
      Critical slowing down: autocorr=100% variance=60%
   RED: land_system_change
      Level: 1.13 (threshold: 1.0)
      Time to critical: ~93 months
      ⚠️  LATE - Intervention less effective
      Critical slowing down: autocorr=100% variance=46%
   RED: novel_entities
      Level: 1.14 (threshold: 1.0)
      Time to critical: ~117 months
      ⚠️  LATE - Intervention less effective
      Critical slowing down: autocorr=100% variance=50%

[WARNING] 
⚠️  === EARLY WARNING SYSTEM - 6 CRITICAL ALERTS ===
   Detection quality: 50%
   RED: biogeochemical_flows
      Level: 4.07 (threshold: 1.0)
      Time to critical: ~58 months
      ⚠️  LATE - Intervention less effective
      Critical slowing down: autocorr=100% variance=59%
   RED: biosphere_integrity
      Level: 12.99 (threshold: 1.0)
      Time to critical: ~59 months
      ⚠️  LATE - Intervention less effective
      Critical slowing down: autocorr=100% variance=84%
   RED: climate_change
      Level: 2.24 (threshold: 1.0)
      Time to critical: ~38 months
      ⚠️  LATE - Intervention less effective
      Critical slowing down: autocorr=100% variance=77%
   RED: freshwater_change
      Level: 1.17 (threshold: 1.0)
      Time to critical: ~84 months
      ⚠️  LATE - Intervention less effective
      Critical slowing down: autocorr=100% variance=42%
   RED: land_system_change
      Level: 1.13 (threshold: 1.0)
      Time to critical: ~50 months
      ⚠️  LATE - Intervention less effective
      Critical slowing down: autocorr=100% variance=53%
   RED: novel_entities
      Level: 1.13 (threshold: 1.0)
      Time to critical: ~102 months
      ⚠️  LATE - Intervention less effective
      Critical slowing down: autocorr=100% variance=30%

[WARNING] 
⚠️  === EARLY WARNING SYSTEM - 3 CRITICAL ALERTS ===
   Detection quality: 50%
   RED: biogeochemical_flows
      Level: 4.07 (threshold: 1.0)
      Time to critical: ~45 months
      ⚠️  LATE - Intervention less effective
      Critical slowing down: autocorr=100% variance=68%
   RED: biosphere_integrity
      Level: 13.00 (threshold: 1.0)
      Time to critical: ~54 months
      ⚠️  LATE - Intervention less effective
      Critical slowing down: autocorr=100% variance=68%
   RED: freshwater_change
      Level: 1.17 (threshold: 1.0)
      Time to critical: ~119 months
      ⚠️  LATE - Intervention less effective
      Critical slowing down: autocorr=100% variance=49%

[WARNING] 
⚠️  === EARLY WARNING SYSTEM - 5 CRITICAL ALERTS ===
   Detection quality: 50%
   RED: biogeochemical_flows
      Level: 4.07 (threshold: 1.0)
      Time to critical: ~56 months
      ⚠️  LATE - Intervention less effective
      Critical slowing down: autocorr=100% variance=53%
   RED: biosphere_integrity
      Level: 13.01 (threshold: 1.0)
      Time to critical: ~52 months
      ⚠️  LATE - Intervention less effective
      Critical slowing down: autocorr=100% variance=63%
   RED: climate_change
      Level: 2.26 (threshold: 1.0)
      Time to critical: ~40 months
      ⚠️  LATE - Intervention less effective
      Critical slowing down: autocorr=100% variance=63%
   RED: freshwater_change
      Level: 1.17 (threshold: 1.0)
      Time to critical: ~87 months
      ⚠️  LATE - Intervention less effective
      Critical slowing down: autocorr=100% variance=64%
   RED: novel_entities
      Level: 1.13 (threshold: 1.0)
      Time to critical: ~75 months
      ⚠️  LATE - Intervention less effective
      Critical slowing down: autocorr=100% variance=38%

[WARNING] 
⚠️  === EARLY WARNING SYSTEM - 5 CRITICAL ALERTS ===
   Detection quality: 50%
   RED: biogeochemical_flows
      Level: 4.07 (threshold: 1.0)
      Time to critical: ~49 months
      ⚠️  LATE - Intervention less effective
      Critical slowing down: autocorr=100% variance=67%
   RED: biosphere_integrity
      Level: 13.02 (threshold: 1.0)
      Time to critical: ~40 months
      ⚠️  LATE - Intervention less effective
      Critical slowing down: autocorr=100% variance=56%
   RED: climate_change
      Level: 2.27 (threshold: 1.0)
      Time to critical: ~50 months
      ⚠️  LATE - Intervention less effective
      Critical slowing down: autocorr=100% variance=63%
   RED: freshwater_change
      Level: 1.18 (threshold: 1.0)
      Time to critical: ~90 months
      ⚠️  LATE - Intervention less effective
      Critical slowing down: autocorr=100% variance=38%
   RED: land_system_change
      Level: 1.13 (threshold: 1.0)
      Time to critical: ~39 months
      ⚠️  LATE - Intervention less effective
      Critical slowing down: autocorr=100% variance=65%


=== Tipping Points ===
  Current Temperature: 2.27°C above pre-industrial
  🌍⚠️ COMPOUND REGIONAL IMPACT: Europe
     Hit by 4 tipping points: Arctic Sea Ice Loss, Permafrost Carbon Release, West Antarctic Ice Sheet (WAIS) Collapse, Greenland Ice Sheet Loss
     Damage amplification: 1.60x
  🌍⚠️ COMPOUND REGIONAL IMPACT: North America
     Hit by 4 tipping points: Arctic Sea Ice Loss, Permafrost Carbon Release, West Antarctic Ice Sheet (WAIS) Collapse, Greenland Ice Sheet Loss
     Damage amplification: 1.60x
  🌍⚠️ COMPOUND REGIONAL IMPACT: Latin America
     Hit by 4 tipping points: Arctic Sea Ice Loss, Permafrost Carbon Release, West Antarctic Ice Sheet (WAIS) Collapse, Greenland Ice Sheet Loss
     Damage amplification: 1.60x
  🌍⚠️ COMPOUND REGIONAL IMPACT: Africa
     Hit by 4 tipping points: Arctic Sea Ice Loss, Permafrost Carbon Release, West Antarctic Ice Sheet (WAIS) Collapse, Greenland Ice Sheet Loss
     Damage amplification: 1.60x
  🌍⚠️ COMPOUND REGIONAL IMPACT: Asia
     Hit by 4 tipping points: Arctic Sea Ice Loss, Permafrost Carbon Release, West Antarctic Ice Sheet (WAIS) Collapse, Greenland Ice Sheet Loss
     Damage amplification: 1.60x
  🌍⚠️ COMPOUND REGIONAL IMPACT: Oceania
     Hit by 4 tipping points: Arctic Sea Ice Loss, Permafrost Carbon Release, West Antarctic Ice Sheet (WAIS) Collapse, Greenland Ice Sheet Loss
     Damage amplification: 1.60x
   Research: Wunderling et al. (2024) - "many tipping interactions are destabilizing"
  Triggered Elements: 4/6
  Completed Transitions: 0/6
  Total Progress: 8.2%
  Cascade Multiplier: 1.00x
🔀 BIFURCATION CAP: ecosystemCollapseIntensity 67.296 → 1.000 (Month 8, ClimateSystemPhase.calculateClimateImpacts)
🛡️ Stabilizers: Precariat 0.102% → 0.033% (67.2% reduction)
🛡️ Stabilizers: Informal 0.102% → 0.034% (67.2% reduction)

📊 Monthly Mortality Resolved:
  Total deaths: 1.8M (0.02% avg)
    ⚠️ Consistency: 0.0% (threshold: 70%)
⚠️ Tail risk scenario: Climate stability floor removed (4 tipping elements, 2.27°C warming)

❌ COHERENCE VIOLATION: Compute exceeds workforce capacity
   Population: 99.81% (0M people)
   Compute: 0 PF
   Max coherent: 0 PF
   Violation: 1.3× over capacity
   Required workers: 0
   Available workers: 0
   FORCED COLLAPSE: Reduced efficiency by 22.5%

  ⚠️ RAPID EVOLUTION: Selection rate 24.9%/month

💔 EMERGENCY INTERVENTION FAILED

💔 EMERGENCY INTERVENTION FAILED

💔 EMERGENCY INTERVENTION FAILED
   ⚠️  SEVERE CONSTRAINT - Tech deployment significantly slowed
   ⚠️  SEVERE CONSTRAINT - Tech deployment significantly slowed
   ⚠️  SEVERE CONSTRAINT - Tech deployment significantly slowed
   ⚠️  SEVERE CONSTRAINT - Tech deployment significantly slowed
⚠️ INVOLUNTARY IMMOBILITY: 406.8M people TRAPPED
⚠️ Tech 'ai_pollution_remediation' has no energy category mapping, assuming full energy availability
    ⚠️ Consistency: 2.1% (threshold: 70%)
⚠️ Tail risk scenario: Climate stability floor removed (4 tipping elements, 2.28°C warming)

❌ COHERENCE VIOLATION: Compute exceeds workforce capacity
   Population: 99.80% (0M people)
   Compute: 0 PF
   Max coherent: 0 PF
   Violation: 1.3× over capacity
   Required workers: 0
   Available workers: 0
   FORCED COLLAPSE: Reduced efficiency by 22.5%

  ⚠️ RAPID EVOLUTION: Selection rate 25.0%/month

💔 EMERGENCY INTERVENTION FAILED

💔 EMERGENCY INTERVENTION FAILED
⚠️ INVOLUNTARY IMMOBILITY: 406.7M people TRAPPED
⚠️ Tech 'ai_pollution_remediation' has no energy category mapping, assuming full energy availability
    ⚠️ Consistency: 10.6% (threshold: 70%)
  🚨 CASCADE TIPPING POINT: Amazon Rainforest Dieback
⚠️ Tail risk scenario: Climate stability floor removed (4 tipping elements, 2.29°C warming)

❌ COHERENCE VIOLATION: Compute exceeds workforce capacity
   Population: 99.78% (0M people)
   Compute: 0 PF
   Max coherent: 0 PF
   Violation: 1.3× over capacity
   Required workers: 0
   Available workers: 0
   FORCED COLLAPSE: Reduced efficiency by 22.5%

  ⚠️ RAPID EVOLUTION: Selection rate 25.1%/month

💔 EMERGENCY INTERVENTION FAILED

💔 EMERGENCY INTERVENTION FAILED

💔 EMERGENCY INTERVENTION FAILED
   ⚠️  SEVERE CONSTRAINT - Tech deployment significantly slowed
   ⚠️  SEVERE CONSTRAINT - Tech deployment significantly slowed
   ⚠️  SEVERE CONSTRAINT - Tech deployment significantly slowed
   ⚠️  SEVERE CONSTRAINT - Tech deployment significantly slowed
⚠️ INVOLUNTARY IMMOBILITY: 406.6M people TRAPPED
⚠️ Tech 'ai_pollution_remediation' has no energy category mapping, assuming full energy availability
    ⚠️ Consistency: 0.0% (threshold: 70%)
    ⚠️ Consistency: 2.4% (threshold: 70%)
    ⚠️ Consistency: 10.6% (threshold: 70%)
⚠️ Tail risk scenario: Climate stability floor removed (5 tipping elements, 2.29°C warming)
⚠️ Unusually high rate: RATES.HEAT_ADAPTATION_INFRASTRUCTURAL_MIN_EXPOSURE = 12
   Monthly rates >100% should be rare. Verify this is intentional.
⚠️ Unusually high rate: RATES.HEAT_ADAPTATION_SOCIAL_MIN_EXPOSURE = 6
   Monthly rates >100% should be rare. Verify this is intentional.
⚠️ Unusually high rate: RATES.MIGRATION_DISTANCE_SCALE = 5000
   Monthly rates >100% should be rare. Verify this is intentional.
⚠️ Unusually high rate: RATES.EVACUATION_MULTIPLIER_ADVANCE_WARNING = 2
   Monthly rates >100% should be rare. Verify this is intentional.
⚠️ Unusually high rate: RATES.MAJOR_ECONOMY_COLLAPSE_ECONOMIC_THRESHOLD = 2
   Monthly rates >100% should be rare. Verify this is intentional.
⚠️ Unusually high rate: RATES.MAJOR_ECONOMY_GDP_THRESHOLD_TRILLION_USD = 1.5
   Monthly rates >100% should be rare. Verify this is intentional.
⚠️ Unusually high rate: RATES.MAJOR_ECONOMY_POPULATION_THRESHOLD = 50
   Monthly rates >100% should be rare. Verify this is intentional.
⚠️ Unusually high rate: RATES.HEAT_ADAPTATION_INFRASTRUCTURE_GDP_THRESHOLD = 10000
   Monthly rates >100% should be rare. Verify this is intentional.
⚠️ Unusually high rate: RATES.HEAT_ADAPTATION_INFRASTRUCTURE_GDP_SCALE = 50000
   Monthly rates >100% should be rare. Verify this is intentional.
  ⚠️ RAPID EVOLUTION: Selection rate 23.8%/month
  ⚠️ WARNING: High permafrost emissions (2.8 Gt C/year)

📊 BASELINE: East Asia (Month 0)

📊 BASELINE: South Asia (Month 0)

📊 BASELINE: Sub-Saharan Africa (Month 0)

📊 BASELINE: Europe (Month 0)

📊 BASELINE: Latin America (Month 0)

📊 BASELINE: North America (Month 0)

📊 BASELINE: Middle East & North Africa (Month 0)

📊 BASELINE: Southeast Asia (Month 0)

📊 BASELINE: Central Asia (Month 0)

📊 BASELINE: Oceania (Month 0)
⚠️ INVOLUNTARY IMMOBILITY: 407.5M people TRAPPED
⚠️ Tech 'ai_pollution_remediation' has no energy category mapping, assuming full energy availability
    ⚠️ Consistency: 0.0% (threshold: 70%)
    ⚠️ Consistency: 2.4% (threshold: 70%)
    ⚠️ Consistency: 2.8% (threshold: 70%)
    ⚠️ Consistency: 10.6% (threshold: 70%)
    ⚠️ Consistency: 10.6% (threshold: 70%)
    ⚠️ Consistency: 10.6% (threshold: 70%)
    ⚠️ Consistency: 10.6% (threshold: 70%)
    ⚠️ Consistency: 10.6% (threshold: 70%)
    ⚠️ Consistency: 5.8% (threshold: 70%)
    ⚠️ Consistency: 2.4% (threshold: 70%)
  🚨 TIPPING POINT: Arctic Sea Ice Loss
  🚨 TIPPING POINT: Greenland Ice Sheet Loss
⚠️ [ClimateSystemPhase Month 0] Planetary boundary produced climateStability=0.0000 (< 0.1). Keeping environmentalAccumulation value (0.7942) instead. (climate_change.currentValue = 2.10)
  ⚠️ Active Dystopias: existential_environmental

❌ COHERENCE VIOLATION: Compute exceeds workforce capacity
   Population: 99.97% (0M people)
   Compute: 64909 PF
   Max coherent: 0 PF
   Violation: 796638450.2× over capacity
   Required workers: 6490873
   Available workers: 0
   FORCED COLLAPSE: Reduced efficiency by 100.0%

  ⚠️ RAPID EVOLUTION: Selection rate 24.6%/month

💔 EMERGENCY INTERVENTION FAILED

💔 EMERGENCY INTERVENTION FAILED

💔 EMERGENCY INTERVENTION FAILED
  ⚠️ WARNING: High permafrost emissions (4.5 Gt C/year)

📊 BASELINE: East Asia (Month 1)

📊 BASELINE: South Asia (Month 1)

📊 BASELINE: Sub-Saharan Africa (Month 1)

📊 BASELINE: Europe (Month 1)

📊 BASELINE: Latin America (Month 1)

📊 BASELINE: North America (Month 1)

📊 BASELINE: Middle East & North Africa (Month 1)

📊 BASELINE: Southeast Asia (Month 1)

📊 BASELINE: Central Asia (Month 1)

📊 BASELINE: Oceania (Month 1)
⚠️ INVOLUNTARY IMMOBILITY: 407.4M people TRAPPED
⚠️ Tech 'ai_pollution_remediation' has no energy category mapping, assuming full energy availability
    ⚠️ Consistency: 2.4% (threshold: 70%)
    ⚠️ Consistency: 10.6% (threshold: 70%)
    ⚠️ Consistency: 10.6% (threshold: 70%)
    ⚠️ Consistency: 10.6% (threshold: 70%)
    ⚠️ Consistency: 5.8% (threshold: 70%)
⚠️ [ClimateSystemPhase Month 1] Planetary boundary produced climateStability=0.0000 (< 0.1). Keeping environmentalAccumulation value (0.7940) instead. (climate_change.currentValue = 2.10)

❌ COHERENCE VIOLATION: Compute exceeds workforce capacity
   Population: 99.96% (0M people)
   Compute: 0 PF
   Max coherent: 0 PF
   Violation: 1.3× over capacity
   Required workers: 0
   Available workers: 0
   FORCED COLLAPSE: Reduced efficiency by 22.5%

  ⚠️ RAPID EVOLUTION: Selection rate 24.7%/month

💔 EMERGENCY INTERVENTION FAILED

💔 EMERGENCY INTERVENTION FAILED
  ⚠️ WARNING: High permafrost emissions (2.2 Gt C/year)
⚠️ INVOLUNTARY IMMOBILITY: 407.3M people TRAPPED
⚠️ Tech 'ai_pollution_remediation' has no energy category mapping, assuming full energy availability
    ⚠️ Consistency: 10.6% (threshold: 70%)
    ⚠️ Consistency: 10.6% (threshold: 70%)
⚠️ [ClimateSystemPhase Month 2] Planetary boundary produced climateStability=0.0000 (< 0.1). Keeping environmentalAccumulation value (0.9438) instead. (climate_change.currentValue = 2.10)

⚠️  GOLDEN AGE ENDED (Month 2)

❌ COHERENCE VIOLATION: Compute exceeds workforce capacity
   Population: 99.92% (0M people)
   Compute: 0 PF
   Max coherent: 0 PF
   Violation: 1.3× over capacity
   Required workers: 0
   Available workers: 0
   FORCED COLLAPSE: Reduced efficiency by 22.5%

  ⚠️ RAPID EVOLUTION: Selection rate 24.8%/month

💔 EMERGENCY INTERVENTION FAILED

💔 EMERGENCY INTERVENTION FAILED

💔 EMERGENCY INTERVENTION FAILED
  ⚠️ WARNING: High permafrost emissions (5.4 Gt C/year)
⚠️ INVOLUNTARY IMMOBILITY: 407.2M people TRAPPED
⚠️ Tech 'ai_pollution_remediation' has no energy category mapping, assuming full energy availability
    ⚠️ Consistency: 10.6% (threshold: 70%)
⚠️ [ClimateSystemPhase Month 3] Planetary boundary produced climateStability=0.0000 (< 0.1). Keeping environmentalAccumulation value (0.9436) instead. (climate_change.currentValue = 2.10)

❌ COHERENCE VIOLATION: Compute exceeds workforce capacity
   Population: 99.90% (0M people)
   Compute: 0 PF
   Max coherent: 0 PF
   Violation: 1.5× over capacity
   Required workers: 0
   Available workers: 0
   FORCED COLLAPSE: Reduced efficiency by 32.6%

  ⚠️ RAPID EVOLUTION: Selection rate 24.9%/month

💔 EMERGENCY INTERVENTION FAILED

💔 EMERGENCY INTERVENTION FAILED
   ⚠️  MODERATE CONSTRAINT - Tech deployment moderately slowed
   ⚠️  MODERATE CONSTRAINT - Tech deployment moderately slowed
  ⚠️ WARNING: High permafrost emissions (3.8 Gt C/year)
⚠️ INVOLUNTARY IMMOBILITY: 407.1M people TRAPPED
⚠️ Tech 'ai_pollution_remediation' has no energy category mapping, assuming full energy availability
    ⚠️ Consistency: 2.4% (threshold: 70%)
    ⚠️ Consistency: 10.6% (threshold: 70%)

❌ COHERENCE VIOLATION: Compute exceeds workforce capacity
   Population: 99.87% (0M people)
   Compute: 0 PF
   Max coherent: 0 PF
   Violation: 1.3× over capacity
   Required workers: 0
   Available workers: 0
   FORCED COLLAPSE: Reduced efficiency by 22.5%

  ⚠️ RAPID EVOLUTION: Selection rate 25.0%/month

💔 EMERGENCY INTERVENTION FAILED

💔 EMERGENCY INTERVENTION FAILED

💔 EMERGENCY INTERVENTION FAILED
   ⚠️  SEVERE CONSTRAINT - Tech deployment significantly slowed
   ⚠️  SEVERE CONSTRAINT - Tech deployment significantly slowed
   ⚠️  SEVERE CONSTRAINT - Tech deployment significantly slowed
  ⚠️ WARNING: Over 50% of permafrost lost (60.0%)
  ⚠️ WARNING: High permafrost emissions (2.2 Gt C/year)
⚠️ INVOLUNTARY IMMOBILITY: 407.0M people TRAPPED
⚠️ Tech 'ai_pollution_remediation' has no energy category mapping, assuming full energy availability
    ⚠️ Consistency: 10.6% (threshold: 70%)
    ⚠️ Consistency: 5.8% (threshold: 70%)
   ⚠️ CRISIS BEGINS - Baseline set for recovery tracking

❌ COHERENCE VIOLATION: Compute exceeds workforce capacity
   Population: 99.85% (0M people)
   Compute: 0 PF
   Max coherent: 0 PF
   Violation: 1.5× over capacity
   Required workers: 0
   Available workers: 0
   FORCED COLLAPSE: Reduced efficiency by 32.6%

  ⚠️ RAPID EVOLUTION: Selection rate 25.1%/month

💔 EMERGENCY INTERVENTION FAILED

💔 EMERGENCY INTERVENTION FAILED
   ⚠️  SEVERE CONSTRAINT - Tech deployment significantly slowed
   ⚠️  SEVERE CONSTRAINT - Tech deployment significantly slowed
   ⚠️  SEVERE CONSTRAINT - Tech deployment significantly slowed

⚠️  PHASE TRANSITION [Month 6]
  ⚠️ WARNING: Over 50% of permafrost lost (70.2%)
  ⚠️ WARNING: High permafrost emissions (6.1 Gt C/year)
⚠️ INVOLUNTARY IMMOBILITY: 406.9M people TRAPPED
⚠️ Tech 'ai_pollution_remediation' has no energy category mapping, assuming full energy availability
    ⚠️ Consistency: 0.0% (threshold: 70%)
    ⚠️ Consistency: 10.7% (threshold: 70%)
    ⚠️ Consistency: 0.0% (threshold: 70%)
  🚨 CASCADE TIPPING POINT: Permafrost Carbon Release

❌ COHERENCE VIOLATION: Compute exceeds workforce capacity
   Population: 99.82% (0M people)
   Compute: 0 PF
   Max coherent: 0 PF
   Violation: 1.3× over capacity
   Required workers: 0
   Available workers: 0
   FORCED COLLAPSE: Reduced efficiency by 22.5%

  ⚠️ RAPID EVOLUTION: Selection rate 25.2%/month

💔 EMERGENCY INTERVENTION FAILED
   ⚠️  SEVERE CONSTRAINT - Tech deployment significantly slowed
   ⚠️  SEVERE CONSTRAINT - Tech deployment significantly slowed
   ⚠️  SEVERE CONSTRAINT - Tech deployment significantly slowed
  ⚠️ WARNING: Over 50% of permafrost lost (80.8%)
  ⚠️ WARNING: High permafrost emissions (7.5 Gt C/year)
  🚨 CRITICAL: Permafrost nearly depleted (80.8% lost)
⚠️ INVOLUNTARY IMMOBILITY: 406.7M people TRAPPED
⚠️ Tech 'ai_pollution_remediation' has no energy category mapping, assuming full energy availability
    ⚠️ Consistency: 2.4% (threshold: 70%)
    ⚠️ Consistency: 10.7% (threshold: 70%)
    ⚠️ Consistency: 0.0% (threshold: 70%)
    ⚠️ Consistency: 10.7% (threshold: 70%)
    ⚠️ Consistency: 10.7% (threshold: 70%)
    ⚠️ Consistency: 10.7% (threshold: 70%)
    ⚠️ Consistency: 10.7% (threshold: 70%)
⚠️ Tail risk scenario: Climate stability floor removed (3 tipping elements, 2.10°C warming)

❌ COHERENCE VIOLATION: Compute exceeds workforce capacity
   Population: 99.78% (0M people)
   Compute: 0 PF
   Max coherent: 0 PF
   Violation: 1.3× over capacity
   Required workers: 0
   Available workers: 0
   FORCED COLLAPSE: Reduced efficiency by 22.5%

  ⚠️ RAPID EVOLUTION: Selection rate 25.3%/month

💔 EMERGENCY INTERVENTION FAILED
   ⚠️  SEVERE CONSTRAINT - Tech deployment significantly slowed
   ⚠️  SEVERE CONSTRAINT - Tech deployment significantly slowed
   ⚠️  SEVERE CONSTRAINT - Tech deployment significantly slowed
  ⚠️ WARNING: Over 50% of permafrost lost (91.9%)
  ⚠️ WARNING: High permafrost emissions (7.6 Gt C/year)
  🚨 CRITICAL: Permafrost nearly depleted (91.9% lost)
⚠️ INVOLUNTARY IMMOBILITY: 406.6M people TRAPPED
⚠️ Tech 'ai_pollution_remediation' has no energy category mapping, assuming full energy availability
    ⚠️ Consistency: 10.7% (threshold: 70%)
    ⚠️ Consistency: 0.0% (threshold: 70%)
    ⚠️ Consistency: 0.0% (threshold: 70%)
    ⚠️ Consistency: 10.7% (threshold: 70%)
    ⚠️ Consistency: 10.7% (threshold: 70%)
    ⚠️ Consistency: 10.7% (threshold: 70%)
    ⚠️ Consistency: 10.7% (threshold: 70%)
    ⚠️ Consistency: 10.7% (threshold: 70%)
    ⚠️ Consistency: 10.7% (threshold: 70%)
    ⚠️ Consistency: 10.7% (threshold: 70%)
    ⚠️ Consistency: 10.7% (threshold: 70%)
    ⚠️ Consistency: 10.7% (threshold: 70%)
    ⚠️ Consistency: 10.7% (threshold: 70%)
⚠️ Tail risk scenario: Climate stability floor removed (3 tipping elements, 2.10°C warming)

❌ COHERENCE VIOLATION: Compute exceeds workforce capacity
   Population: 99.75% (0M people)
   Compute: 0 PF
   Max coherent: 0 PF
   Violation: 1.3× over capacity
   Required workers: 0
   Available workers: 0
   FORCED COLLAPSE: Reduced efficiency by 22.5%

  ⚠️ RAPID EVOLUTION: Selection rate 25.4%/month

💔 EMERGENCY INTERVENTION FAILED
   ⚠️  SEVERE CONSTRAINT - Tech deployment significantly slowed
   ⚠️  SEVERE CONSTRAINT - Tech deployment significantly slowed
  ⚠️ WARNING: Over 50% of permafrost lost (100.0%)
  ⚠️ WARNING: High permafrost emissions (3.8 Gt C/year)
  🚨 CRITICAL: Permafrost nearly depleted (100.0% lost)
⚠️ INVOLUNTARY IMMOBILITY: 406.5M people TRAPPED
⚠️ Tech 'ai_pollution_remediation' has no energy category mapping, assuming full energy availability
    ⚠️ Consistency: 10.6% (threshold: 70%)
    ⚠️ Consistency: 32.6% (threshold: 70%)
    ⚠️ Consistency: 2.4% (threshold: 70%)
    ⚠️ Consistency: 10.7% (threshold: 70%)
    ⚠️ Consistency: 10.7% (threshold: 70%)
    ⚠️ Consistency: 10.7% (threshold: 70%)
    ⚠️ Consistency: 10.7% (threshold: 70%)
    ⚠️ Consistency: 10.7% (threshold: 70%)
    ⚠️ Consistency: 10.7% (threshold: 70%)
    ⚠️ Consistency: 10.7% (threshold: 70%)
    ⚠️ Consistency: 10.7% (threshold: 70%)
    ⚠️ Consistency: 10.7% (threshold: 70%)
    ⚠️ Consistency: 10.7% (threshold: 70%)
⚠️ Tail risk scenario: Climate stability floor removed (3 tipping elements, 2.10°C warming)

⚠️  GOLDEN AGE ENDED (Month 9)

❌ COHERENCE VIOLATION: Compute exceeds workforce capacity
   Population: 99.74% (0M people)
   Compute: 0 PF
   Max coherent: 0 PF
   Violation: 1.3× over capacity
   Required workers: 0
   Available workers: 0
   FORCED COLLAPSE: Reduced efficiency by 22.4%

  ⚠️ RAPID EVOLUTION: Selection rate 25.5%/month

💔 EMERGENCY INTERVENTION FAILED

💔 EMERGENCY INTERVENTION FAILED
   ⚠️  SEVERE CONSTRAINT - Tech deployment significantly slowed
   ⚠️  SEVERE CONSTRAINT - Tech deployment significantly slowed
   ⚠️  SEVERE CONSTRAINT - Tech deployment significantly slowed
⚠️ INVOLUNTARY IMMOBILITY: 406.5M people TRAPPED
⚠️ Tech 'ai_pollution_remediation' has no energy category mapping, assuming full energy availability
    ⚠️ Consistency: 10.7% (threshold: 70%)
    ⚠️ Consistency: 10.7% (threshold: 70%)
    ⚠️ Consistency: 10.7% (threshold: 70%)
    ⚠️ Consistency: 10.7% (threshold: 70%)
    ⚠️ Consistency: 10.7% (threshold: 70%)
    ⚠️ Consistency: 10.7% (threshold: 70%)
    ⚠️ Consistency: 10.7% (threshold: 70%)
    ⚠️ Consistency: 10.7% (threshold: 70%)
    ⚠️ Consistency: 10.7% (threshold: 70%)
    ⚠️ Consistency: 10.7% (threshold: 70%)
    ⚠️ Consistency: 10.7% (threshold: 70%)
    ⚠️ Consistency: 10.7% (threshold: 70%)
    ⚠️ Consistency: 10.7% (threshold: 70%)
    ⚠️ Consistency: 10.7% (threshold: 70%)
⚠️ Tail risk scenario: Climate stability floor removed (3 tipping elements, 2.10°C warming)

❌ COHERENCE VIOLATION: Compute exceeds workforce capacity
   Population: 99.74% (0M people)
   Compute: 0 PF
   Max coherent: 0 PF
   Violation: 1.3× over capacity
   Required workers: 0
   Available workers: 0
   FORCED COLLAPSE: Reduced efficiency by 22.4%

  ⚠️ RAPID EVOLUTION: Selection rate 25.6%/month

💔 EMERGENCY INTERVENTION FAILED

💔 EMERGENCY INTERVENTION FAILED

💔 EMERGENCY INTERVENTION FAILED
   ⚠️  SEVERE CONSTRAINT - Tech deployment significantly slowed
   ⚠️  SEVERE CONSTRAINT - Tech deployment significantly slowed
   ⚠️  SEVERE CONSTRAINT - Tech deployment significantly slowed
⚠️ INVOLUNTARY IMMOBILITY: 406.5M people TRAPPED
⚠️ Tech 'ai_pollution_remediation' has no energy category mapping, assuming full energy availability
    ⚠️ Consistency: 10.6% (threshold: 70%)
    ⚠️ Consistency: 10.7% (threshold: 70%)
    ⚠️ Consistency: 10.7% (threshold: 70%)
    ⚠️ Consistency: 10.7% (threshold: 70%)
    ⚠️ Consistency: 10.7% (threshold: 70%)
    ⚠️ Consistency: 10.7% (threshold: 70%)
    ⚠️ Consistency: 10.7% (threshold: 70%)
    ⚠️ Consistency: 10.7% (threshold: 70%)
    ⚠️ Consistency: 10.7% (threshold: 70%)
    ⚠️ Consistency: 10.7% (threshold: 70%)
    ⚠️ Consistency: 10.7% (threshold: 70%)
    ⚠️ Consistency: 10.7% (threshold: 70%)
    ⚠️ Consistency: 10.7% (threshold: 70%)
⚠️ Tail risk scenario: Climate stability floor removed (3 tipping elements, 2.10°C warming)
⚠️ Unusually high rate: RATES.HEAT_ADAPTATION_INFRASTRUCTURAL_MIN_EXPOSURE = 12
   Monthly rates >100% should be rare. Verify this is intentional.
⚠️ Unusually high rate: RATES.HEAT_ADAPTATION_SOCIAL_MIN_EXPOSURE = 6
   Monthly rates >100% should be rare. Verify this is intentional.
⚠️ Unusually high rate: RATES.MIGRATION_DISTANCE_SCALE = 5000
   Monthly rates >100% should be rare. Verify this is intentional.
⚠️ Unusually high rate: RATES.EVACUATION_MULTIPLIER_ADVANCE_WARNING = 2
   Monthly rates >100% should be rare. Verify this is intentional.
⚠️ Unusually high rate: RATES.MAJOR_ECONOMY_COLLAPSE_ECONOMIC_THRESHOLD = 2
   Monthly rates >100% should be rare. Verify this is intentional.
⚠️ Unusually high rate: RATES.MAJOR_ECONOMY_GDP_THRESHOLD_TRILLION_USD = 1.5
   Monthly rates >100% should be rare. Verify this is intentional.
⚠️ Unusually high rate: RATES.MAJOR_ECONOMY_POPULATION_THRESHOLD = 50
   Monthly rates >100% should be rare. Verify this is intentional.
⚠️ Unusually high rate: RATES.HEAT_ADAPTATION_INFRASTRUCTURE_GDP_THRESHOLD = 10000
   Monthly rates >100% should be rare. Verify this is intentional.
⚠️ Unusually high rate: RATES.HEAT_ADAPTATION_INFRASTRUCTURE_GDP_SCALE = 50000
   Monthly rates >100% should be rare. Verify this is intentional.
  ⚠️ RAPID EVOLUTION: Selection rate 23.8%/month
  ⚠️ WARNING: High permafrost emissions (5.7 Gt C/year)

📊 BASELINE: East Asia (Month 0)

📊 BASELINE: South Asia (Month 0)

📊 BASELINE: Sub-Saharan Africa (Month 0)

📊 BASELINE: Europe (Month 0)

📊 BASELINE: Latin America (Month 0)

📊 BASELINE: North America (Month 0)

📊 BASELINE: Middle East & North Africa (Month 0)

📊 BASELINE: Southeast Asia (Month 0)

📊 BASELINE: Central Asia (Month 0)

📊 BASELINE: Oceania (Month 0)
⚠️ INVOLUNTARY IMMOBILITY: 407.5M people TRAPPED
⚠️ Tech 'ai_pollution_remediation' has no energy category mapping, assuming full energy availability
    ⚠️ Consistency: 0.0% (threshold: 70%)
    ⚠️ Consistency: 2.4% (threshold: 70%)
    ⚠️ Consistency: 2.8% (threshold: 70%)
    ⚠️ Consistency: 10.6% (threshold: 70%)
    ⚠️ Consistency: 10.6% (threshold: 70%)
    ⚠️ Consistency: 10.6% (threshold: 70%)
    ⚠️ Consistency: 10.6% (threshold: 70%)
    ⚠️ Consistency: 10.6% (threshold: 70%)
    ⚠️ Consistency: 5.8% (threshold: 70%)
    ⚠️ Consistency: 2.4% (threshold: 70%)
  🚨 TIPPING POINT: Arctic Sea Ice Loss
  🚨 TIPPING POINT: Permafrost Carbon Release
  🚨 TIPPING POINT: West Antarctic Ice Sheet (WAIS) Collapse
  🚨 TIPPING POINT: Greenland Ice Sheet Loss
⚠️ [ClimateSystemPhase Month 0] Planetary boundary produced climateStability=0.0000 (< 0.1). Keeping environmentalAccumulation value (0.7887) instead. (climate_change.currentValue = 2.15)
  ⚠️ Active Dystopias: existential_environmental

❌ COHERENCE VIOLATION: Compute exceeds workforce capacity
   Population: 99.97% (0M people)
   Compute: 56442 PF
   Max coherent: 0 PF
   Violation: 692729087.1× over capacity
   Required workers: 5644237
   Available workers: 0
   FORCED COLLAPSE: Reduced efficiency by 100.0%

  ⚠️ RAPID EVOLUTION: Selection rate 24.6%/month

💔 EMERGENCY INTERVENTION FAILED

💔 EMERGENCY INTERVENTION FAILED

💔 EMERGENCY INTERVENTION FAILED
  ⚠️ WARNING: High permafrost emissions (5.1 Gt C/year)

📊 BASELINE: East Asia (Month 1)

📊 BASELINE: South Asia (Month 1)

📊 BASELINE: Sub-Saharan Africa (Month 1)

📊 BASELINE: Europe (Month 1)

📊 BASELINE: Latin America (Month 1)

📊 BASELINE: North America (Month 1)

📊 BASELINE: Middle East & North Africa (Month 1)

📊 BASELINE: Southeast Asia (Month 1)

📊 BASELINE: Central Asia (Month 1)

📊 BASELINE: Oceania (Month 1)
⚠️ INVOLUNTARY IMMOBILITY: 407.4M people TRAPPED
⚠️ Tech 'ai_pollution_remediation' has no energy category mapping, assuming full energy availability
    ⚠️ Consistency: 2.8% (threshold: 70%)
    ⚠️ Consistency: 10.6% (threshold: 70%)
    ⚠️ Consistency: 10.6% (threshold: 70%)
⚠️ Tail risk scenario: Climate stability floor removed (4 tipping elements, 2.16°C warming)
⚠️ [ClimateSystemPhase Month 1] Planetary boundary produced climateStability=0.0000 (< 0.1). Keeping environmentalAccumulation value (0.7883) instead. (climate_change.currentValue = 2.16)

❌ COHERENCE VIOLATION: Compute exceeds workforce capacity
   Population: 99.95% (0M people)
   Compute: 0 PF
   Max coherent: 0 PF
   Violation: 1.3× over capacity
   Required workers: 0
   Available workers: 0
   FORCED COLLAPSE: Reduced efficiency by 22.5%

  ⚠️ RAPID EVOLUTION: Selection rate 24.7%/month

💔 EMERGENCY INTERVENTION FAILED

💔 EMERGENCY INTERVENTION FAILED

💔 EMERGENCY INTERVENTION FAILED
  ⚠️ WARNING: High permafrost emissions (2.3 Gt C/year)
⚠️ INVOLUNTARY IMMOBILITY: 407.3M people TRAPPED
⚠️ Tech 'ai_pollution_remediation' has no energy category mapping, assuming full energy availability
    ⚠️ Consistency: 2.8% (threshold: 70%)
    ⚠️ Consistency: 10.6% (threshold: 70%)
⚠️ Tail risk scenario: Climate stability floor removed (4 tipping elements, 2.18°C warming)
⚠️ [ClimateSystemPhase Month 2] Planetary boundary produced climateStability=0.0000 (< 0.1). Keeping environmentalAccumulation value (0.7879) instead. (climate_change.currentValue = 2.18)

❌ COHERENCE VIOLATION: Compute exceeds workforce capacity
   Population: 99.91% (0M people)
   Compute: 0 PF
   Max coherent: 0 PF
   Violation: 1.3× over capacity
   Required workers: 0
   Available workers: 0
   FORCED COLLAPSE: Reduced efficiency by 22.5%

  ⚠️ RAPID EVOLUTION: Selection rate 24.8%/month

💔 EMERGENCY INTERVENTION FAILED

💔 EMERGENCY INTERVENTION FAILED
  ⚠️ WARNING: High permafrost emissions (6.2 Gt C/year)
⚠️ INVOLUNTARY IMMOBILITY: 407.1M people TRAPPED
⚠️ Tech 'ai_pollution_remediation' has no energy category mapping, assuming full energy availability
    ⚠️ Consistency: 10.6% (threshold: 70%)
    ⚠️ Consistency: 5.8% (threshold: 70%)
⚠️ Tail risk scenario: Climate stability floor removed (4 tipping elements, 2.19°C warming)
⚠️ [ClimateSystemPhase Month 3] Planetary boundary produced climateStability=0.0000 (< 0.1). Keeping environmentalAccumulation value (0.9373) instead. (climate_change.currentValue = 2.19)

❌ COHERENCE VIOLATION: Compute exceeds workforce capacity
   Population: 99.87% (0M people)
   Compute: 0 PF
   Max coherent: 0 PF
   Violation: 1.3× over capacity
   Required workers: 0
   Available workers: 0
   FORCED COLLAPSE: Reduced efficiency by 22.5%

  ⚠️ RAPID EVOLUTION: Selection rate 24.9%/month

💔 EMERGENCY INTERVENTION FAILED

💔 EMERGENCY INTERVENTION FAILED
   ⚠️  MODERATE CONSTRAINT - Tech deployment moderately slowed
   ⚠️  MODERATE CONSTRAINT - Tech deployment moderately slowed
   ⚠️  MODERATE CONSTRAINT - Tech deployment moderately slowed
   ⚠️  MODERATE CONSTRAINT - Tech deployment moderately slowed
  ⚠️ WARNING: Over 50% of permafrost lost (58.2%)
  ⚠️ WARNING: High permafrost emissions (2.0 Gt C/year)
⚠️ INVOLUNTARY IMMOBILITY: 406.9M people TRAPPED
⚠️ Tech 'ai_pollution_remediation' has no energy category mapping, assuming full energy availability
    ⚠️ Consistency: 10.6% (threshold: 70%)
   ⚠️ CRISIS BEGINS - Baseline set for recovery tracking
⚠️ Tail risk scenario: Climate stability floor removed (4 tipping elements, 2.20°C warming)

❌ COHERENCE VIOLATION: Compute exceeds workforce capacity
   Population: 99.83% (0M people)
   Compute: 0 PF
   Max coherent: 0 PF
   Violation: 1.3× over capacity
   Required workers: 0
   Available workers: 0
   FORCED COLLAPSE: Reduced efficiency by 22.5%

  ⚠️ RAPID EVOLUTION: Selection rate 25.0%/month

💔 EMERGENCY INTERVENTION FAILED

💔 EMERGENCY INTERVENTION FAILED

💔 EMERGENCY INTERVENTION FAILED

💔 EMERGENCY INTERVENTION FAILED
   ⚠️  MODERATE CONSTRAINT - Tech deployment moderately slowed
   ⚠️  MODERATE CONSTRAINT - Tech deployment moderately slowed
   ⚠️  MODERATE CONSTRAINT - Tech deployment moderately slowed
  ⚠️ WARNING: Over 50% of permafrost lost (70.6%)
  ⚠️ WARNING: High permafrost emissions (10.1 Gt C/year)
⚠️ INVOLUNTARY IMMOBILITY: 406.8M people TRAPPED
⚠️ Tech 'ai_pollution_remediation' has no energy category mapping, assuming full energy availability
    ⚠️ Consistency: 10.6% (threshold: 70%)
⚠️ Tail risk scenario: Climate stability floor removed (4 tipping elements, 2.21°C warming)

⚠️  GOLDEN AGE ENDED (Month 5)

❌ COHERENCE VIOLATION: Compute exceeds workforce capacity
   Population: 99.80% (0M people)
   Compute: 0 PF
   Max coherent: 0 PF
   Violation: 1.3× over capacity
   Required workers: 0
   Available workers: 0
   FORCED COLLAPSE: Reduced efficiency by 22.5%

  ⚠️ RAPID EVOLUTION: Selection rate 25.1%/month

💔 EMERGENCY INTERVENTION FAILED

💔 EMERGENCY INTERVENTION FAILED
   ⚠️  SEVERE CONSTRAINT - Tech deployment significantly slowed
   ⚠️  SEVERE CONSTRAINT - Tech deployment significantly slowed
   ⚠️  SEVERE CONSTRAINT - Tech deployment significantly slowed
   ⚠️  SEVERE CONSTRAINT - Tech deployment significantly slowed
  ⚠️ WARNING: Over 50% of permafrost lost (82.6%)
  ⚠️ WARNING: High permafrost emissions (6.8 Gt C/year)
  🚨 CRITICAL: Permafrost nearly depleted (82.6% lost)
⚠️ INVOLUNTARY IMMOBILITY: 406.7M people TRAPPED
⚠️ Tech 'ai_pollution_remediation' has no energy category mapping, assuming full energy availability
    ⚠️ Consistency: 10.6% (threshold: 70%)
    ⚠️ Consistency: 10.6% (threshold: 70%)
⚠️ Tail risk scenario: Climate stability floor removed (4 tipping elements, 2.22°C warming)

❌ COHERENCE VIOLATION: Compute exceeds workforce capacity
   Population: 99.79% (0M people)
   Compute: 0 PF
   Max coherent: 0 PF
   Violation: 1.3× over capacity
   Required workers: 0
   Available workers: 0
   FORCED COLLAPSE: Reduced efficiency by 22.5%

  ⚠️ RAPID EVOLUTION: Selection rate 25.2%/month

💔 EMERGENCY INTERVENTION FAILED
  ⚠️ WARNING: Over 50% of permafrost lost (96.5%)
  ⚠️ WARNING: High permafrost emissions (11.2 Gt C/year)
  🚨 CRITICAL: Permafrost nearly depleted (96.5% lost)
⚠️ INVOLUNTARY IMMOBILITY: 406.7M people TRAPPED
⚠️ Tech 'ai_pollution_remediation' has no energy category mapping, assuming full energy availability
⚠️ Tail risk scenario: Climate stability floor removed (4 tipping elements, 2.24°C warming)

❌ COHERENCE VIOLATION: Compute exceeds workforce capacity
   Population: 99.78% (0M people)
   Compute: 0 PF
   Max coherent: 0 PF
   Violation: 1.3× over capacity
   Required workers: 0
   Available workers: 0
   FORCED COLLAPSE: Reduced efficiency by 22.5%

  ⚠️ RAPID EVOLUTION: Selection rate 25.4%/month

💔 EMERGENCY INTERVENTION FAILED

💔 EMERGENCY INTERVENTION FAILED

💔 EMERGENCY INTERVENTION FAILED
   ⚠️  SEVERE CONSTRAINT - Tech deployment significantly slowed
   ⚠️  SEVERE CONSTRAINT - Tech deployment significantly slowed
   ⚠️  SEVERE CONSTRAINT - Tech deployment significantly slowed
   ⚠️  SEVERE CONSTRAINT - Tech deployment significantly slowed
   ⚠️  SEVERE CONSTRAINT - Tech deployment significantly slowed
   ⚠️  SEVERE CONSTRAINT - Tech deployment significantly slowed
   ⚠️  SEVERE CONSTRAINT - Tech deployment significantly slowed
   ⚠️  SEVERE CONSTRAINT - Tech deployment significantly slowed
⚠️ INVOLUNTARY IMMOBILITY: 406.7M people TRAPPED
⚠️ Tech 'ai_pollution_remediation' has no energy category mapping, assuming full energy availability
    ⚠️ Consistency: 10.6% (threshold: 70%)
    ⚠️ Consistency: 10.6% (threshold: 70%)
    ⚠️ Consistency: 10.6% (threshold: 70%)
    ⚠️ Consistency: 0.0% (threshold: 70%)
⚠️ Tail risk scenario: Climate stability floor removed (4 tipping elements, 2.26°C warming)

❌ COHERENCE VIOLATION: Compute exceeds workforce capacity
   Population: 99.77% (0M people)
   Compute: 0 PF
   Max coherent: 0 PF
   Violation: 1.3× over capacity
   Required workers: 0
   Available workers: 0
   FORCED COLLAPSE: Reduced efficiency by 22.5%

  ⚠️ RAPID EVOLUTION: Selection rate 25.5%/month

💔 EMERGENCY INTERVENTION FAILED

💔 EMERGENCY INTERVENTION FAILED
   ⚠️  SEVERE CONSTRAINT - Tech deployment significantly slowed
⚠️ INVOLUNTARY IMMOBILITY: 406.6M people TRAPPED
⚠️ Tech 'ai_pollution_remediation' has no energy category mapping, assuming full energy availability
    ⚠️ Consistency: 0.0% (threshold: 70%)
⚠️ Tail risk scenario: Climate stability floor removed (4 tipping elements, 2.26°C warming)

❌ COHERENCE VIOLATION: Compute exceeds workforce capacity
   Population: 99.76% (0M people)
   Compute: 0 PF
   Max coherent: 0 PF
   Violation: 1.3× over capacity
   Required workers: 0
   Available workers: 0
   FORCED COLLAPSE: Reduced efficiency by 22.5%

  ⚠️ RAPID EVOLUTION: Selection rate 25.6%/month

💔 EMERGENCY INTERVENTION FAILED

💔 EMERGENCY INTERVENTION FAILED
   ⚠️  SEVERE CONSTRAINT - Tech deployment significantly slowed
   ⚠️  SEVERE CONSTRAINT - Tech deployment significantly slowed
   ⚠️  SEVERE CONSTRAINT - Tech deployment significantly slowed
⚠️ INVOLUNTARY IMMOBILITY: 406.6M people TRAPPED
⚠️ Tech 'ai_pollution_remediation' has no energy category mapping, assuming full energy availability
    ⚠️ Consistency: 2.4% (threshold: 70%)
    ⚠️ Consistency: 0.0% (threshold: 70%)
⚠️ Tail risk scenario: Climate stability floor removed (4 tipping elements, 2.27°C warming)

❌ COHERENCE VIOLATION: Compute exceeds workforce capacity
   Population: 99.75% (0M people)
   Compute: 0 PF
   Max coherent: 0 PF
   Violation: 1.3× over capacity
   Required workers: 0
   Available workers: 0
   FORCED COLLAPSE: Reduced efficiency by 22.4%

  ⚠️ RAPID EVOLUTION: Selection rate 25.7%/month

💔 EMERGENCY INTERVENTION FAILED
   ⚠️  SEVERE CONSTRAINT - Tech deployment significantly slowed
   ⚠️  SEVERE CONSTRAINT - Tech deployment significantly slowed
⚠️ INVOLUNTARY IMMOBILITY: 406.5M people TRAPPED
⚠️ Tech 'ai_pollution_remediation' has no energy category mapping, assuming full energy availability
⚠️ Tail risk scenario: Climate stability floor removed (4 tipping elements, 2.28°C warming)
⚠️ Unusually high rate: RATES.HEAT_ADAPTATION_INFRASTRUCTURAL_MIN_EXPOSURE = 12
   Monthly rates >100% should be rare. Verify this is intentional.
⚠️ Unusually high rate: RATES.HEAT_ADAPTATION_SOCIAL_MIN_EXPOSURE = 6
   Monthly rates >100% should be rare. Verify this is intentional.
⚠️ Unusually high rate: RATES.MIGRATION_DISTANCE_SCALE = 5000
   Monthly rates >100% should be rare. Verify this is intentional.
⚠️ Unusually high rate: RATES.EVACUATION_MULTIPLIER_ADVANCE_WARNING = 2
   Monthly rates >100% should be rare. Verify this is intentional.
⚠️ Unusually high rate: RATES.MAJOR_ECONOMY_COLLAPSE_ECONOMIC_THRESHOLD = 2
   Monthly rates >100% should be rare. Verify this is intentional.
⚠️ Unusually high rate: RATES.MAJOR_ECONOMY_GDP_THRESHOLD_TRILLION_USD = 1.5
   Monthly rates >100% should be rare. Verify this is intentional.
⚠️ Unusually high rate: RATES.MAJOR_ECONOMY_POPULATION_THRESHOLD = 50
   Monthly rates >100% should be rare. Verify this is intentional.
⚠️ Unusually high rate: RATES.HEAT_ADAPTATION_INFRASTRUCTURE_GDP_THRESHOLD = 10000
   Monthly rates >100% should be rare. Verify this is intentional.
⚠️ Unusually high rate: RATES.HEAT_ADAPTATION_INFRASTRUCTURE_GDP_SCALE = 50000
   Monthly rates >100% should be rare. Verify this is intentional.
  ⚠️ RAPID EVOLUTION: Selection rate 23.8%/month
  ⚠️ WARNING: High permafrost emissions (4.1 Gt C/year)

📊 BASELINE: East Asia (Month 0)

📊 BASELINE: South Asia (Month 0)

📊 BASELINE: Sub-Saharan Africa (Month 0)

📊 BASELINE: Europe (Month 0)

📊 BASELINE: Latin America (Month 0)

📊 BASELINE: North America (Month 0)

📊 BASELINE: Middle East & North Africa (Month 0)

📊 BASELINE: Southeast Asia (Month 0)

📊 BASELINE: Central Asia (Month 0)

📊 BASELINE: Oceania (Month 0)
⚠️ INVOLUNTARY IMMOBILITY: 407.5M people TRAPPED
⚠️ Tech 'ai_pollution_remediation' has no energy category mapping, assuming full energy availability
    ⚠️ Consistency: 0.0% (threshold: 70%)
    ⚠️ Consistency: 2.4% (threshold: 70%)
    ⚠️ Consistency: 2.8% (threshold: 70%)
    ⚠️ Consistency: 10.6% (threshold: 70%)
    ⚠️ Consistency: 10.6% (threshold: 70%)
    ⚠️ Consistency: 10.6% (threshold: 70%)
    ⚠️ Consistency: 10.6% (threshold: 70%)
    ⚠️ Consistency: 10.6% (threshold: 70%)
    ⚠️ Consistency: 5.8% (threshold: 70%)
    ⚠️ Consistency: 5.3% (threshold: 70%)
⚠️ [ClimateSystemPhase Month 0] Planetary boundary produced climateStability=0.0000 (< 0.1). Keeping environmentalAccumulation value (0.7832) instead. (climate_change.currentValue = 2.10)
  ⚠️ Active Dystopias: existential_environmental

❌ COHERENCE VIOLATION: Compute exceeds workforce capacity
   Population: 99.97% (0M people)
   Compute: 56442 PF
   Max coherent: 0 PF
   Violation: 692729087.1× over capacity
   Required workers: 5644237
   Available workers: 0
   FORCED COLLAPSE: Reduced efficiency by 100.0%

  ⚠️ RAPID EVOLUTION: Selection rate 24.0%/month

💔 EMERGENCY INTERVENTION FAILED
  ⚠️ WARNING: High permafrost emissions (3.8 Gt C/year)

📊 BASELINE: East Asia (Month 1)

📊 BASELINE: South Asia (Month 1)

📊 BASELINE: Sub-Saharan Africa (Month 1)

📊 BASELINE: Europe (Month 1)

📊 BASELINE: Latin America (Month 1)

📊 BASELINE: North America (Month 1)

📊 BASELINE: Middle East & North Africa (Month 1)

📊 BASELINE: Southeast Asia (Month 1)

📊 BASELINE: Central Asia (Month 1)

📊 BASELINE: Oceania (Month 1)
⚠️ INVOLUNTARY IMMOBILITY: 407.4M people TRAPPED
⚠️ Tech 'ai_pollution_remediation' has no energy category mapping, assuming full energy availability
    ⚠️ Consistency: 2.8% (threshold: 70%)
    ⚠️ Consistency: 10.6% (threshold: 70%)
⚠️ [ClimateSystemPhase Month 1] Planetary boundary produced climateStability=0.0000 (< 0.1). Keeping environmentalAccumulation value (0.7832) instead. (climate_change.currentValue = 2.10)

❌ COHERENCE VIOLATION: Compute exceeds workforce capacity
   Population: 99.95% (0M people)
   Compute: 0 PF
   Max coherent: 0 PF
   Violation: 1.3× over capacity
   Required workers: 0
   Available workers: 0
   FORCED COLLAPSE: Reduced efficiency by 22.5%

  ⚠️ RAPID EVOLUTION: Selection rate 24.1%/month

💔 EMERGENCY INTERVENTION FAILED
  ⚠️ WARNING: High permafrost emissions (1.6 Gt C/year)
⚠️ INVOLUNTARY IMMOBILITY: 407.3M people TRAPPED
⚠️ Tech 'ai_pollution_remediation' has no energy category mapping, assuming full energy availability
    ⚠️ Consistency: 2.8% (threshold: 70%)
    ⚠️ Consistency: 10.6% (threshold: 70%)
⚠️ [ClimateSystemPhase Month 2] Planetary boundary produced climateStability=0.0000 (< 0.1). Keeping environmentalAccumulation value (0.7832) instead. (climate_change.currentValue = 2.10)

⚠️  GOLDEN AGE ENDED (Month 2)

❌ COHERENCE VIOLATION: Compute exceeds workforce capacity
   Population: 99.91% (0M people)
   Compute: 0 PF
   Max coherent: 0 PF
   Violation: 1.3× over capacity
   Required workers: 0
   Available workers: 0
   FORCED COLLAPSE: Reduced efficiency by 22.5%

  ⚠️ RAPID EVOLUTION: Selection rate 24.2%/month

💔 EMERGENCY INTERVENTION FAILED

💔 EMERGENCY INTERVENTION FAILED

💔 EMERGENCY INTERVENTION FAILED
  ⚠️ WARNING: High permafrost emissions (5.4 Gt C/year)
⚠️ INVOLUNTARY IMMOBILITY: 407.1M people TRAPPED
⚠️ Tech 'ai_pollution_remediation' has no energy category mapping, assuming full energy availability
    ⚠️ Consistency: 2.8% (threshold: 70%)
    ⚠️ Consistency: 10.6% (threshold: 70%)
⚠️ [ClimateSystemPhase Month 3] Planetary boundary produced climateStability=0.0000 (< 0.1). Keeping environmentalAccumulation value (0.7832) instead. (climate_change.currentValue = 2.10)

❌ COHERENCE VIOLATION: Compute exceeds workforce capacity
   Population: 99.87% (0M people)
   Compute: 0 PF
   Max coherent: 0 PF
   Violation: 1.3× over capacity
   Required workers: 0
   Available workers: 0
   FORCED COLLAPSE: Reduced efficiency by 22.5%

  ⚠️ RAPID EVOLUTION: Selection rate 24.3%/month

💔 EMERGENCY INTERVENTION FAILED
   ⚠️  MODERATE CONSTRAINT - Tech deployment moderately slowed
   ⚠️  MODERATE CONSTRAINT - Tech deployment moderately slowed
   ⚠️  MODERATE CONSTRAINT - Tech deployment moderately slowed
  ⚠️ WARNING: High permafrost emissions (4.2 Gt C/year)
⚠️ INVOLUNTARY IMMOBILITY: 406.9M people TRAPPED
⚠️ Tech 'ai_pollution_remediation' has no energy category mapping, assuming full energy availability
    ⚠️ Consistency: 10.6% (threshold: 70%)
   ⚠️ CRISIS BEGINS - Baseline set for recovery tracking

❌ COHERENCE VIOLATION: Compute exceeds workforce capacity
   Population: 99.84% (0M people)
   Compute: 0 PF
   Max coherent: 0 PF
   Violation: 1.3× over capacity
   Required workers: 0
   Available workers: 0
   FORCED COLLAPSE: Reduced efficiency by 22.5%

  ⚠️ RAPID EVOLUTION: Selection rate 24.4%/month

💔 EMERGENCY INTERVENTION FAILED

💔 EMERGENCY INTERVENTION FAILED
   ⚠️  SEVERE CONSTRAINT - Tech deployment significantly slowed
   ⚠️  SEVERE CONSTRAINT - Tech deployment significantly slowed
  ⚠️ WARNING: High permafrost emissions (3.5 Gt C/year)
⚠️ INVOLUNTARY IMMOBILITY: 406.8M people TRAPPED
⚠️ Tech 'ai_pollution_remediation' has no energy category mapping, assuming full energy availability
    ⚠️ Consistency: 10.6% (threshold: 70%)
    ⚠️ Consistency: 10.6% (threshold: 70%)

❌ COHERENCE VIOLATION: Compute exceeds workforce capacity
   Population: 99.80% (0M people)
   Compute: 0 PF
   Max coherent: 0 PF
   Violation: 1.3× over capacity
   Required workers: 0
   Available workers: 0
   FORCED COLLAPSE: Reduced efficiency by 22.5%

  ⚠️ RAPID EVOLUTION: Selection rate 24.5%/month

💔 EMERGENCY INTERVENTION FAILED
  ⚠️ WARNING: Over 50% of permafrost lost (54.2%)
  ⚠️ WARNING: High permafrost emissions (5.1 Gt C/year)
⚠️ INVOLUNTARY IMMOBILITY: 406.6M people TRAPPED
⚠️ Tech 'ai_pollution_remediation' has no energy category mapping, assuming full energy availability
    ⚠️ Consistency: 10.6% (threshold: 70%)

❌ COHERENCE VIOLATION: Compute exceeds workforce capacity
   Population: 99.76% (0M people)
   Compute: 0 PF
   Max coherent: 0 PF
   Violation: 1.3× over capacity
   Required workers: 0
   Available workers: 0
   FORCED COLLAPSE: Reduced efficiency by 22.5%

  ⚠️ RAPID EVOLUTION: Selection rate 24.6%/month

💔 EMERGENCY INTERVENTION FAILED

💔 EMERGENCY INTERVENTION FAILED
   ⚠️  SEVERE CONSTRAINT - Tech deployment significantly slowed
   ⚠️  SEVERE CONSTRAINT - Tech deployment significantly slowed
   ⚠️  SEVERE CONSTRAINT - Tech deployment significantly slowed
  ⚠️ WARNING: Over 50% of permafrost lost (61.4%)
  ⚠️ WARNING: High permafrost emissions (3.9 Gt C/year)
⚠️ INVOLUNTARY IMMOBILITY: 406.5M people TRAPPED
⚠️ Tech 'ai_pollution_remediation' has no energy category mapping, assuming full energy availability
    ⚠️ Consistency: 2.4% (threshold: 70%)
    ⚠️ Consistency: 10.6% (threshold: 70%)
    ⚠️ Consistency: 5.8% (threshold: 70%)
    ⚠️ Consistency: 2.1% (threshold: 70%)
    ⚠️ Consistency: 0.0% (threshold: 70%)

❌ COHERENCE VIOLATION: Compute exceeds workforce capacity
   Population: 99.72% (0M people)
   Compute: 0 PF
   Max coherent: 0 PF
   Violation: 1.3× over capacity
   Required workers: 0
   Available workers: 0
   FORCED COLLAPSE: Reduced efficiency by 22.5%

  ⚠️ RAPID EVOLUTION: Selection rate 24.7%/month

💔 EMERGENCY INTERVENTION FAILED

💔 EMERGENCY INTERVENTION FAILED

💔 EMERGENCY INTERVENTION FAILED
   ⚠️  SEVERE CONSTRAINT - Tech deployment significantly slowed
   ⚠️  SEVERE CONSTRAINT - Tech deployment significantly slowed
   ⚠️  SEVERE CONSTRAINT - Tech deployment significantly slowed
   ⚠️  SEVERE CONSTRAINT - Tech deployment significantly slowed
   ⚠️  SEVERE CONSTRAINT - Tech deployment significantly slowed
  ⚠️ WARNING: Over 50% of permafrost lost (68.4%)
  ⚠️ WARNING: High permafrost emissions (3.6 Gt C/year)
⚠️ INVOLUNTARY IMMOBILITY: 406.3M people TRAPPED
⚠️ Tech 'ai_pollution_remediation' has no energy category mapping, assuming full energy availability
    ⚠️ Consistency: 0.0% (threshold: 70%)

❌ COHERENCE VIOLATION: Compute exceeds workforce capacity
   Population: 99.69% (0M people)
   Compute: 0 PF
   Max coherent: 0 PF
   Violation: 1.3× over capacity
   Required workers: 0
   Available workers: 0
   FORCED COLLAPSE: Reduced efficiency by 22.4%

  ⚠️ RAPID EVOLUTION: Selection rate 24.9%/month

💔 EMERGENCY INTERVENTION FAILED
   ⚠️  SEVERE CONSTRAINT - Tech deployment significantly slowed
   ⚠️  SEVERE CONSTRAINT - Tech deployment significantly slowed
  ⚠️ WARNING: Over 50% of permafrost lost (76.2%)
  ⚠️ WARNING: High permafrost emissions (5.0 Gt C/year)
⚠️ INVOLUNTARY IMMOBILITY: 406.2M people TRAPPED
⚠️ Tech 'ai_pollution_remediation' has no energy category mapping, assuming full energy availability
    ⚠️ Consistency: 0.0% (threshold: 70%)

❌ COHERENCE VIOLATION: Compute exceeds workforce capacity
   Population: 99.65% (0M people)
   Compute: 0 PF
   Max coherent: 0 PF
   Violation: 1.3× over capacity
   Required workers: 0
   Available workers: 0
   FORCED COLLAPSE: Reduced efficiency by 22.4%

  ⚠️ RAPID EVOLUTION: Selection rate 25.0%/month

💔 EMERGENCY INTERVENTION FAILED

💔 EMERGENCY INTERVENTION FAILED
   ⚠️  SEVERE CONSTRAINT - Tech deployment significantly slowed
   ⚠️  SEVERE CONSTRAINT - Tech deployment significantly slowed
  ⚠️ WARNING: Over 50% of permafrost lost (84.9%)
  ⚠️ WARNING: High permafrost emissions (1.7 Gt C/year)
  🚨 CRITICAL: Permafrost nearly depleted (84.9% lost)
⚠️ INVOLUNTARY IMMOBILITY: 406.0M people TRAPPED
⚠️ Tech 'ai_pollution_remediation' has no energy category mapping, assuming full energy availability

❌ COHERENCE VIOLATION: Compute exceeds workforce capacity
   Population: 99.62% (0M people)
   Compute: 0 PF
   Max coherent: 0 PF
   Violation: 1.3× over capacity
   Required workers: 0
   Available workers: 0
   FORCED COLLAPSE: Reduced efficiency by 22.4%

  ⚠️ RAPID EVOLUTION: Selection rate 25.1%/month

💔 EMERGENCY INTERVENTION FAILED

💔 EMERGENCY INTERVENTION FAILED

💔 EMERGENCY INTERVENTION FAILED
   ⚠️  SEVERE CONSTRAINT - Tech deployment significantly slowed
   ⚠️  SEVERE CONSTRAINT - Tech deployment significantly slowed
   ⚠️  SEVERE CONSTRAINT - Tech deployment significantly slowed
  ⚠️ WARNING: Over 50% of permafrost lost (92.1%)
  ⚠️ WARNING: High permafrost emissions (5.3 Gt C/year)
  🚨 CRITICAL: Permafrost nearly depleted (92.1% lost)
⚠️ INVOLUNTARY IMMOBILITY: 405.9M people TRAPPED
⚠️ Tech 'ai_pollution_remediation' has no energy category mapping, assuming full energy availability
    ⚠️ Consistency: 2.8% (threshold: 70%)
⚠️ Unusually high rate: RATES.HEAT_ADAPTATION_INFRASTRUCTURAL_MIN_EXPOSURE = 12
   Monthly rates >100% should be rare. Verify this is intentional.
⚠️ Unusually high rate: RATES.HEAT_ADAPTATION_SOCIAL_MIN_EXPOSURE = 6
   Monthly rates >100% should be rare. Verify this is intentional.
⚠️ Unusually high rate: RATES.MIGRATION_DISTANCE_SCALE = 5000
   Monthly rates >100% should be rare. Verify this is intentional.
⚠️ Unusually high rate: RATES.EVACUATION_MULTIPLIER_ADVANCE_WARNING = 2
   Monthly rates >100% should be rare. Verify this is intentional.
⚠️ Unusually high rate: RATES.MAJOR_ECONOMY_COLLAPSE_ECONOMIC_THRESHOLD = 2
   Monthly rates >100% should be rare. Verify this is intentional.
⚠️ Unusually high rate: RATES.MAJOR_ECONOMY_GDP_THRESHOLD_TRILLION_USD = 1.5
   Monthly rates >100% should be rare. Verify this is intentional.
⚠️ Unusually high rate: RATES.MAJOR_ECONOMY_POPULATION_THRESHOLD = 50
   Monthly rates >100% should be rare. Verify this is intentional.
⚠️ Unusually high rate: RATES.HEAT_ADAPTATION_INFRASTRUCTURE_GDP_THRESHOLD = 10000
   Monthly rates >100% should be rare. Verify this is intentional.
⚠️ Unusually high rate: RATES.HEAT_ADAPTATION_INFRASTRUCTURE_GDP_SCALE = 50000
   Monthly rates >100% should be rare. Verify this is intentional.
  ⚠️ RAPID EVOLUTION: Selection rate 23.8%/month
  ⚠️ WARNING: High permafrost emissions (2.8 Gt C/year)

📊 BASELINE: East Asia (Month 0)

📊 BASELINE: South Asia (Month 0)

📊 BASELINE: Sub-Saharan Africa (Month 0)

📊 BASELINE: Europe (Month 0)

📊 BASELINE: Latin America (Month 0)

📊 BASELINE: North America (Month 0)

📊 BASELINE: Middle East & North Africa (Month 0)

📊 BASELINE: Southeast Asia (Month 0)

📊 BASELINE: Central Asia (Month 0)

📊 BASELINE: Oceania (Month 0)
⚠️ INVOLUNTARY IMMOBILITY: 407.5M people TRAPPED
⚠️ Tech 'ai_pollution_remediation' has no energy category mapping, assuming full energy availability
    ⚠️ Consistency: 0.0% (threshold: 70%)
    ⚠️ Consistency: 2.4% (threshold: 70%)
    ⚠️ Consistency: 2.8% (threshold: 70%)
    ⚠️ Consistency: 10.6% (threshold: 70%)
    ⚠️ Consistency: 10.6% (threshold: 70%)
    ⚠️ Consistency: 10.6% (threshold: 70%)
    ⚠️ Consistency: 10.6% (threshold: 70%)
    ⚠️ Consistency: 10.6% (threshold: 70%)
    ⚠️ Consistency: 0.7% (threshold: 70%)
    ⚠️ Consistency: 2.4% (threshold: 70%)
  🚨 TIPPING POINT: Arctic Sea Ice Loss
  🚨 TIPPING POINT: Permafrost Carbon Release
  🚨 TIPPING POINT: Greenland Ice Sheet Loss
⚠️ [ClimateSystemPhase Month 0] Planetary boundary produced climateStability=0.0000 (< 0.1). Keeping environmentalAccumulation value (0.7728) instead. (climate_change.currentValue = 2.10)
  ⚠️ Active Dystopias: existential_environmental

❌ COHERENCE VIOLATION: Compute exceeds workforce capacity
   Population: 99.97% (0M people)
   Compute: 56442 PF
   Max coherent: 0 PF
   Violation: 692729087.1× over capacity
   Required workers: 5644237
   Available workers: 0
   FORCED COLLAPSE: Reduced efficiency by 100.0%

  ⚠️ RAPID EVOLUTION: Selection rate 24.0%/month

💔 EMERGENCY INTERVENTION FAILED

💔 EMERGENCY INTERVENTION FAILED

💔 EMERGENCY INTERVENTION FAILED

💔 EMERGENCY INTERVENTION FAILED
  ⚠️ WARNING: High permafrost emissions (2.9 Gt C/year)

📊 BASELINE: East Asia (Month 1)

📊 BASELINE: South Asia (Month 1)

📊 BASELINE: Sub-Saharan Africa (Month 1)

📊 BASELINE: Europe (Month 1)

📊 BASELINE: Latin America (Month 1)

📊 BASELINE: North America (Month 1)

📊 BASELINE: Middle East & North Africa (Month 1)

📊 BASELINE: Southeast Asia (Month 1)

📊 BASELINE: Central Asia (Month 1)

📊 BASELINE: Oceania (Month 1)
⚠️ INVOLUNTARY IMMOBILITY: 407.4M people TRAPPED
⚠️ Tech 'ai_pollution_remediation' has no energy category mapping, assuming full energy availability
    ⚠️ Consistency: 10.6% (threshold: 70%)
    ⚠️ Consistency: 10.6% (threshold: 70%)
⚠️ Tail risk scenario: Climate stability floor removed (3 tipping elements, 2.10°C warming)
⚠️ [ClimateSystemPhase Month 1] Planetary boundary produced climateStability=0.0000 (< 0.1). Keeping environmentalAccumulation value (0.7724) instead. (climate_change.currentValue = 2.10)

❌ COHERENCE VIOLATION: Compute exceeds workforce capacity
   Population: 99.95% (0M people)
   Compute: 0 PF
   Max coherent: 0 PF
   Violation: 1.3× over capacity
   Required workers: 0
   Available workers: 0
   FORCED COLLAPSE: Reduced efficiency by 22.5%

  ⚠️ RAPID EVOLUTION: Selection rate 24.1%/month

💔 EMERGENCY INTERVENTION FAILED

💔 EMERGENCY INTERVENTION FAILED

💔 EMERGENCY INTERVENTION FAILED
  ⚠️ WARNING: High permafrost emissions (7.0 Gt C/year)
⚠️ INVOLUNTARY IMMOBILITY: 407.3M people TRAPPED
⚠️ Tech 'ai_pollution_remediation' has no energy category mapping, assuming full energy availability
    ⚠️ Consistency: 0.0% (threshold: 70%)
    ⚠️ Consistency: 10.6% (threshold: 70%)
    ⚠️ Consistency: 2.4% (threshold: 70%)
⚠️ Tail risk scenario: Climate stability floor removed (3 tipping elements, 2.10°C warming)
⚠️ [ClimateSystemPhase Month 2] Planetary boundary produced climateStability=0.0000 (< 0.1). Keeping environmentalAccumulation value (0.9220) instead. (climate_change.currentValue = 2.10)

❌ COHERENCE VIOLATION: Compute exceeds workforce capacity
   Population: 99.91% (0M people)
   Compute: 0 PF
   Max coherent: 0 PF
   Violation: 1.3× over capacity
   Required workers: 0
   Available workers: 0
   FORCED COLLAPSE: Reduced efficiency by 22.5%

  ⚠️ RAPID EVOLUTION: Selection rate 24.2%/month

💔 EMERGENCY INTERVENTION FAILED

💔 EMERGENCY INTERVENTION FAILED
  ⚠️ WARNING: High permafrost emissions (4.1 Gt C/year)
⚠️ INVOLUNTARY IMMOBILITY: 407.2M people TRAPPED
⚠️ Tech 'ai_pollution_remediation' has no energy category mapping, assuming full energy availability
    ⚠️ Consistency: 10.6% (threshold: 70%)
⚠️ Tail risk scenario: Climate stability floor removed (3 tipping elements, 2.10°C warming)
⚠️ [ClimateSystemPhase Month 3] Planetary boundary produced climateStability=0.0000 (< 0.1). Keeping environmentalAccumulation value (0.9216) instead. (climate_change.currentValue = 2.10)

❌ COHERENCE VIOLATION: Compute exceeds workforce capacity
   Population: 99.89% (0M people)
   Compute: 0 PF
   Max coherent: 0 PF
   Violation: 1.5× over capacity
   Required workers: 0
   Available workers: 0
   FORCED COLLAPSE: Reduced efficiency by 32.6%

  ⚠️ RAPID EVOLUTION: Selection rate 24.3%/month

💔 EMERGENCY INTERVENTION FAILED

💔 EMERGENCY INTERVENTION FAILED
  ⚠️ WARNING: Over 50% of permafrost lost (56.4%)
  ⚠️ WARNING: High permafrost emissions (7.7 Gt C/year)
⚠️ INVOLUNTARY IMMOBILITY: 407.1M people TRAPPED
⚠️ Tech 'ai_pollution_remediation' has no energy category mapping, assuming full energy availability
    ⚠️ Consistency: 2.4% (threshold: 70%)
    ⚠️ Consistency: 10.6% (threshold: 70%)
⚠️ Tail risk scenario: Climate stability floor removed (3 tipping elements, 2.10°C warming)

❌ COHERENCE VIOLATION: Compute exceeds workforce capacity
   Population: 99.88% (0M people)
   Compute: 0 PF
   Max coherent: 0 PF
   Violation: 1.3× over capacity
   Required workers: 0
   Available workers: 0
   FORCED COLLAPSE: Reduced efficiency by 22.5%

  ⚠️ RAPID EVOLUTION: Selection rate 24.4%/month

💔 EMERGENCY INTERVENTION FAILED

💔 EMERGENCY INTERVENTION FAILED

💔 EMERGENCY INTERVENTION FAILED
  ⚠️ WARNING: Over 50% of permafrost lost (67.2%)
  ⚠️ WARNING: High permafrost emissions (2.7 Gt C/year)
⚠️ INVOLUNTARY IMMOBILITY: 407.0M people TRAPPED
⚠️ Tech 'ai_pollution_remediation' has no energy category mapping, assuming full energy availability
    ⚠️ Consistency: 10.6% (threshold: 70%)
⚠️ Tail risk scenario: Climate stability floor removed (3 tipping elements, 2.10°C warming)

❌ COHERENCE VIOLATION: Compute exceeds workforce capacity
   Population: 99.86% (0M people)
   Compute: 0 PF
   Max coherent: 0 PF
   Violation: 1.3× over capacity
   Required workers: 0
   Available workers: 0
   FORCED COLLAPSE: Reduced efficiency by 22.5%

  ⚠️ RAPID EVOLUTION: Selection rate 24.5%/month

💔 EMERGENCY INTERVENTION FAILED

💔 EMERGENCY INTERVENTION FAILED
  ⚠️ WARNING: Over 50% of permafrost lost (78.7%)
  ⚠️ WARNING: High permafrost emissions (2.2 Gt C/year)
⚠️ INVOLUNTARY IMMOBILITY: 407.0M people TRAPPED
⚠️ Tech 'ai_pollution_remediation' has no energy category mapping, assuming full energy availability
    ⚠️ Consistency: 10.6% (threshold: 70%)
⚠️ Tail risk scenario: Climate stability floor removed (3 tipping elements, 2.10°C warming)

❌ COHERENCE VIOLATION: Compute exceeds workforce capacity
   Population: 99.85% (0M people)
   Compute: 0 PF
   Max coherent: 0 PF
   Violation: 1.3× over capacity
   Required workers: 0
   Available workers: 0
   FORCED COLLAPSE: Reduced efficiency by 22.5%

  ⚠️ RAPID EVOLUTION: Selection rate 24.6%/month

💔 EMERGENCY INTERVENTION FAILED

💔 EMERGENCY INTERVENTION FAILED

💔 EMERGENCY INTERVENTION FAILED
  ⚠️ WARNING: Over 50% of permafrost lost (90.9%)
  ⚠️ WARNING: High permafrost emissions (2.1 Gt C/year)
  🚨 CRITICAL: Permafrost nearly depleted (90.9% lost)
⚠️ INVOLUNTARY IMMOBILITY: 406.9M people TRAPPED
⚠️ Tech 'ai_pollution_remediation' has no energy category mapping, assuming full energy availability
    ⚠️ Consistency: 10.6% (threshold: 70%)
    ⚠️ Consistency: 0.0% (threshold: 70%)
    ⚠️ Consistency: 0.0% (threshold: 70%)
    ⚠️ Consistency: 0.0% (threshold: 70%)
⚠️ Tail risk scenario: Climate stability floor removed (3 tipping elements, 2.10°C warming)

❌ COHERENCE VIOLATION: Compute exceeds workforce capacity
   Population: 99.83% (0M people)
   Compute: 0 PF
   Max coherent: 0 PF
   Violation: 1.3× over capacity
   Required workers: 0
   Available workers: 0
   FORCED COLLAPSE: Reduced efficiency by 22.5%

  ⚠️ RAPID EVOLUTION: Selection rate 24.6%/month

💔 EMERGENCY INTERVENTION FAILED

💔 EMERGENCY INTERVENTION FAILED

💔 EMERGENCY INTERVENTION FAILED
  ⚠️ WARNING: Over 50% of permafrost lost (100.0%)
  ⚠️ WARNING: High permafrost emissions (3.3 Gt C/year)
  🚨 CRITICAL: Permafrost nearly depleted (100.0% lost)
⚠️ INVOLUNTARY IMMOBILITY: 406.9M people TRAPPED
⚠️ Tech 'ai_pollution_remediation' has no energy category mapping, assuming full energy availability
    ⚠️ Consistency: 2.4% (threshold: 70%)
    ⚠️ Consistency: 0.0% (threshold: 70%)
    ⚠️ Consistency: 0.0% (threshold: 70%)
    ⚠️ Consistency: 0.0% (threshold: 70%)
   ⚠️ CRISIS BEGINS - Baseline set for recovery tracking
⚠️ Tail risk scenario: Climate stability floor removed (3 tipping elements, 2.10°C warming)

❌ COHERENCE VIOLATION: Compute exceeds workforce capacity
   Population: 99.82% (0M people)
   Compute: 0 PF
   Max coherent: 0 PF
   Violation: 1.3× over capacity
   Required workers: 0
   Available workers: 0
   FORCED COLLAPSE: Reduced efficiency by 22.5%

  ⚠️ RAPID EVOLUTION: Selection rate 24.6%/month

💔 EMERGENCY INTERVENTION FAILED

💔 EMERGENCY INTERVENTION FAILED

💔 EMERGENCY INTERVENTION FAILED

💔 EMERGENCY INTERVENTION FAILED
⚠️ INVOLUNTARY IMMOBILITY: 406.8M people TRAPPED
⚠️ Tech 'ai_pollution_remediation' has no energy category mapping, assuming full energy availability
    ⚠️ Consistency: 2.4% (threshold: 70%)
    ⚠️ Consistency: 0.0% (threshold: 70%)
    ⚠️ Consistency: 0.0% (threshold: 70%)
⚠️ Tail risk scenario: Climate stability floor removed (3 tipping elements, 2.10°C warming)

❌ COHERENCE VIOLATION: Compute exceeds workforce capacity
   Population: 99.80% (0M people)
   Compute: 0 PF
   Max coherent: 0 PF
   Violation: 1.5× over capacity
   Required workers: 0
   Available workers: 0
   FORCED COLLAPSE: Reduced efficiency by 32.6%

  ⚠️ RAPID EVOLUTION: Selection rate 24.6%/month

💔 EMERGENCY INTERVENTION FAILED

💔 EMERGENCY INTERVENTION FAILED

💔 EMERGENCY INTERVENTION FAILED

💔 EMERGENCY INTERVENTION FAILED
⚠️ INVOLUNTARY IMMOBILITY: 406.7M people TRAPPED
⚠️ Tech 'ai_pollution_remediation' has no energy category mapping, assuming full energy availability
    ⚠️ Consistency: 0.0% (threshold: 70%)
    ⚠️ Consistency: 0.0% (threshold: 70%)
    ⚠️ Consistency: 0.0% (threshold: 70%)
⚠️ Tail risk scenario: Climate stability floor removed (3 tipping elements, 2.10°C warming)

❌ COHERENCE VIOLATION: Compute exceeds workforce capacity
   Population: 99.79% (0M people)
   Compute: 0 PF
   Max coherent: 0 PF
   Violation: 1.3× over capacity
   Required workers: 0
   Available workers: 0
   FORCED COLLAPSE: Reduced efficiency by 22.5%

  ⚠️ RAPID EVOLUTION: Selection rate 24.6%/month

💔 EMERGENCY INTERVENTION FAILED

💔 EMERGENCY INTERVENTION FAILED

💔 EMERGENCY INTERVENTION FAILED

💔 EMERGENCY INTERVENTION FAILED

💔 EMERGENCY INTERVENTION FAILED
  ⚠️ High resentment (0.721) - utopia paths blocked
⚠️ INVOLUNTARY IMMOBILITY: 406.7M people TRAPPED
⚠️ Tech 'ai_pollution_remediation' has no energy category mapping, assuming full energy availability
    ⚠️ Consistency: 0.0% (threshold: 70%)
    ⚠️ Consistency: 0.0% (threshold: 70%)
    ⚠️ Consistency: 0.0% (threshold: 70%)
⚠️ Tail risk scenario: Climate stability floor removed (3 tipping elements, 2.10°C warming)
⚠️ Unusually high rate: RATES.HEAT_ADAPTATION_INFRASTRUCTURAL_MIN_EXPOSURE = 12
   Monthly rates >100% should be rare. Verify this is intentional.
⚠️ Unusually high rate: RATES.HEAT_ADAPTATION_SOCIAL_MIN_EXPOSURE = 6
   Monthly rates >100% should be rare. Verify this is intentional.
⚠️ Unusually high rate: RATES.MIGRATION_DISTANCE_SCALE = 5000
   Monthly rates >100% should be rare. Verify this is intentional.
⚠️ Unusually high rate: RATES.EVACUATION_MULTIPLIER_ADVANCE_WARNING = 2
   Monthly rates >100% should be rare. Verify this is intentional.
⚠️ Unusually high rate: RATES.MAJOR_ECONOMY_COLLAPSE_ECONOMIC_THRESHOLD = 2
   Monthly rates >100% should be rare. Verify this is intentional.
⚠️ Unusually high rate: RATES.MAJOR_ECONOMY_GDP_THRESHOLD_TRILLION_USD = 1.5
   Monthly rates >100% should be rare. Verify this is intentional.
⚠️ Unusually high rate: RATES.MAJOR_ECONOMY_POPULATION_THRESHOLD = 50
   Monthly rates >100% should be rare. Verify this is intentional.
⚠️ Unusually high rate: RATES.HEAT_ADAPTATION_INFRASTRUCTURE_GDP_THRESHOLD = 10000
   Monthly rates >100% should be rare. Verify this is intentional.
⚠️ Unusually high rate: RATES.HEAT_ADAPTATION_INFRASTRUCTURE_GDP_SCALE = 50000
   Monthly rates >100% should be rare. Verify this is intentional.
  ⚠️ RAPID EVOLUTION: Selection rate 23.8%/month
  ⚠️ WARNING: High permafrost emissions (4.9 Gt C/year)

📊 BASELINE: East Asia (Month 0)

📊 BASELINE: South Asia (Month 0)

📊 BASELINE: Sub-Saharan Africa (Month 0)

📊 BASELINE: Europe (Month 0)

📊 BASELINE: Latin America (Month 0)

📊 BASELINE: North America (Month 0)

📊 BASELINE: Middle East & North Africa (Month 0)

📊 BASELINE: Southeast Asia (Month 0)

📊 BASELINE: Central Asia (Month 0)

📊 BASELINE: Oceania (Month 0)
⚠️ INVOLUNTARY IMMOBILITY: 407.5M people TRAPPED
⚠️ Tech 'ai_pollution_remediation' has no energy category mapping, assuming full energy availability
    ⚠️ Consistency: 0.0% (threshold: 70%)
    ⚠️ Consistency: 2.4% (threshold: 70%)
    ⚠️ Consistency: 2.8% (threshold: 70%)
    ⚠️ Consistency: 10.6% (threshold: 70%)
    ⚠️ Consistency: 10.6% (threshold: 70%)
    ⚠️ Consistency: 10.6% (threshold: 70%)
    ⚠️ Consistency: 10.6% (threshold: 70%)
    ⚠️ Consistency: 10.6% (threshold: 70%)
    ⚠️ Consistency: 5.8% (threshold: 70%)
    ⚠️ Consistency: 2.1% (threshold: 70%)
  🚨 TIPPING POINT: Arctic Sea Ice Loss
  🚨 TIPPING POINT: Permafrost Carbon Release
  🚨 TIPPING POINT: West Antarctic Ice Sheet (WAIS) Collapse
  🚨 TIPPING POINT: Greenland Ice Sheet Loss
⚠️ [ClimateSystemPhase Month 0] Planetary boundary produced climateStability=0.0000 (< 0.1). Keeping environmentalAccumulation value (0.7026) instead. (climate_change.currentValue = 2.10)
  ⚠️ Active Dystopias: existential_environmental

❌ COHERENCE VIOLATION: Compute exceeds workforce capacity
   Population: 99.97% (0M people)
   Compute: 56442 PF
   Max coherent: 0 PF
   Violation: 692729087.1× over capacity
   Required workers: 5644237
   Available workers: 0
   FORCED COLLAPSE: Reduced efficiency by 100.0%

  ⚠️ RAPID EVOLUTION: Selection rate 24.0%/month

💔 EMERGENCY INTERVENTION FAILED

💔 EMERGENCY INTERVENTION FAILED
  ⚠️ WARNING: High permafrost emissions (10.7 Gt C/year)

📊 BASELINE: East Asia (Month 1)

📊 BASELINE: South Asia (Month 1)

📊 BASELINE: Sub-Saharan Africa (Month 1)

📊 BASELINE: Europe (Month 1)

📊 BASELINE: Latin America (Month 1)

📊 BASELINE: North America (Month 1)

📊 BASELINE: Middle East & North Africa (Month 1)

📊 BASELINE: Southeast Asia (Month 1)

📊 BASELINE: Central Asia (Month 1)

📊 BASELINE: Oceania (Month 1)
⚠️ INVOLUNTARY IMMOBILITY: 407.4M people TRAPPED
⚠️ Tech 'ai_pollution_remediation' has no energy category mapping, assuming full energy availability
    ⚠️ Consistency: 10.6% (threshold: 70%)
⚠️ Tail risk scenario: Climate stability floor removed (4 tipping elements, 2.10°C warming)
⚠️ [ClimateSystemPhase Month 1] Planetary boundary produced climateStability=0.0000 (< 0.1). Keeping environmentalAccumulation value (0.7022) instead. (climate_change.currentValue = 2.10)

❌ COHERENCE VIOLATION: Compute exceeds workforce capacity
   Population: 99.96% (0M people)
   Compute: 0 PF
   Max coherent: 0 PF
   Violation: 1.5× over capacity
   Required workers: 0
   Available workers: 0
   FORCED COLLAPSE: Reduced efficiency by 32.6%

  ⚠️ RAPID EVOLUTION: Selection rate 24.1%/month

💔 EMERGENCY INTERVENTION FAILED

💔 EMERGENCY INTERVENTION FAILED
  ⚠️ WARNING: High permafrost emissions (11.0 Gt C/year)
⚠️ INVOLUNTARY IMMOBILITY: 407.3M people TRAPPED
⚠️ Tech 'ai_pollution_remediation' has no energy category mapping, assuming full energy availability
    ⚠️ Consistency: 10.6% (threshold: 70%)
⚠️ Tail risk scenario: Climate stability floor removed (4 tipping elements, 2.11°C warming)
⚠️ [ClimateSystemPhase Month 2] Planetary boundary produced climateStability=0.0000 (< 0.1). Keeping environmentalAccumulation value (0.7018) instead. (climate_change.currentValue = 2.11)

⚠️  GOLDEN AGE ENDED (Month 2)

❌ COHERENCE VIOLATION: Compute exceeds workforce capacity
   Population: 99.91% (0M people)
   Compute: 0 PF
   Max coherent: 0 PF
   Violation: 1.3× over capacity
   Required workers: 0
   Available workers: 0
   FORCED COLLAPSE: Reduced efficiency by 22.5%

  ⚠️ RAPID EVOLUTION: Selection rate 24.2%/month

💔 EMERGENCY INTERVENTION FAILED

💔 EMERGENCY INTERVENTION FAILED
   ⚠️  MODERATE CONSTRAINT - Tech deployment moderately slowed
   ⚠️  MODERATE CONSTRAINT - Tech deployment moderately slowed
   ⚠️  MODERATE CONSTRAINT - Tech deployment moderately slowed
   ⚠️  MODERATE CONSTRAINT - Tech deployment moderately slowed
   ⚠️  MODERATE CONSTRAINT - Tech deployment moderately slowed
   ⚠️  MODERATE CONSTRAINT - Tech deployment moderately slowed
  ⚠️ WARNING: Over 50% of permafrost lost (50.5%)
  ⚠️ WARNING: High permafrost emissions (8.9 Gt C/year)
⚠️ INVOLUNTARY IMMOBILITY: 407.2M people TRAPPED
⚠️ Tech 'ai_pollution_remediation' has no energy category mapping, assuming full energy availability
    ⚠️ Consistency: 10.6% (threshold: 70%)
⚠️ Tail risk scenario: Climate stability floor removed (4 tipping elements, 2.13°C warming)
⚠️ [ClimateSystemPhase Month 3] Planetary boundary produced climateStability=0.0000 (< 0.1). Keeping environmentalAccumulation value (0.7014) instead. (climate_change.currentValue = 2.13)

❌ COHERENCE VIOLATION: Compute exceeds workforce capacity
   Population: 99.90% (0M people)
   Compute: 0 PF
   Max coherent: 0 PF
   Violation: 1.5× over capacity
   Required workers: 0
   Available workers: 0
   FORCED COLLAPSE: Reduced efficiency by 32.6%

  ⚠️ RAPID EVOLUTION: Selection rate 24.3%/month

💔 EMERGENCY INTERVENTION FAILED
   ⚠️  MODERATE CONSTRAINT - Tech deployment moderately slowed
   ⚠️  MODERATE CONSTRAINT - Tech deployment moderately slowed
   ⚠️  MODERATE CONSTRAINT - Tech deployment moderately slowed
   ⚠️  MODERATE CONSTRAINT - Tech deployment moderately slowed
  ⚠️ WARNING: Over 50% of permafrost lost (63.3%)
  ⚠️ WARNING: High permafrost emissions (2.6 Gt C/year)
⚠️ INVOLUNTARY IMMOBILITY: 407.1M people TRAPPED
⚠️ Tech 'ai_pollution_remediation' has no energy category mapping, assuming full energy availability
    ⚠️ Consistency: 0.0% (threshold: 70%)
    ⚠️ Consistency: 10.6% (threshold: 70%)
    ⚠️ Consistency: 5.8% (threshold: 70%)
   ⚠️ CRISIS BEGINS - Baseline set for recovery tracking
⚠️ Tail risk scenario: Climate stability floor removed (4 tipping elements, 2.14°C warming)

❌ COHERENCE VIOLATION: Compute exceeds workforce capacity
   Population: 99.89% (0M people)
   Compute: 0 PF
   Max coherent: 0 PF
   Violation: 1.3× over capacity
   Required workers: 0
   Available workers: 0
   FORCED COLLAPSE: Reduced efficiency by 22.5%

  ⚠️ RAPID EVOLUTION: Selection rate 24.4%/month

💔 EMERGENCY INTERVENTION FAILED

💔 EMERGENCY INTERVENTION FAILED

💔 EMERGENCY INTERVENTION FAILED
   ⚠️  MODERATE CONSTRAINT - Tech deployment moderately slowed
   ⚠️  MODERATE CONSTRAINT - Tech deployment moderately slowed
   ⚠️  MODERATE CONSTRAINT - Tech deployment moderately slowed
   ⚠️  MODERATE CONSTRAINT - Tech deployment moderately slowed
  ⚠️ WARNING: Over 50% of permafrost lost (76.5%)
  ⚠️ WARNING: High permafrost emissions (5.5 Gt C/year)
⚠️ INVOLUNTARY IMMOBILITY: 407.1M people TRAPPED
⚠️ Tech 'ai_pollution_remediation' has no energy category mapping, assuming full energy availability
    ⚠️ Consistency: 10.6% (threshold: 70%)
    ⚠️ Consistency: 0.0% (threshold: 70%)
⚠️ Tail risk scenario: Climate stability floor removed (4 tipping elements, 2.15°C warming)

❌ COHERENCE VIOLATION: Compute exceeds workforce capacity
   Population: 99.88% (0M people)
   Compute: 0 PF
   Max coherent: 0 PF
   Violation: 1.3× over capacity
   Required workers: 0
   Available workers: 0
   FORCED COLLAPSE: Reduced efficiency by 22.5%

  ⚠️ RAPID EVOLUTION: Selection rate 24.5%/month

💔 EMERGENCY INTERVENTION FAILED

💔 EMERGENCY INTERVENTION FAILED

💔 EMERGENCY INTERVENTION FAILED
   ⚠️  SEVERE CONSTRAINT - Tech deployment significantly slowed

⚠️  PHASE TRANSITION [Month 6]
  ⚠️ WARNING: Over 50% of permafrost lost (87.5%)
  ⚠️ WARNING: High permafrost emissions (9.3 Gt C/year)
  🚨 CRITICAL: Permafrost nearly depleted (87.5% lost)
⚠️ INVOLUNTARY IMMOBILITY: 407.1M people TRAPPED
⚠️ Tech 'ai_pollution_remediation' has no energy category mapping, assuming full energy availability
    ⚠️ Consistency: 10.6% (threshold: 70%)
    ⚠️ Consistency: 0.0% (threshold: 70%)
⚠️ Tail risk scenario: Climate stability floor removed (4 tipping elements, 2.16°C warming)

❌ COHERENCE VIOLATION: Compute exceeds workforce capacity
   Population: 99.87% (0M people)
   Compute: 0 PF
   Max coherent: 0 PF
   Violation: 1.5× over capacity
   Required workers: 0
   Available workers: 0
   FORCED COLLAPSE: Reduced efficiency by 32.6%

  ⚠️ RAPID EVOLUTION: Selection rate 24.6%/month

💔 EMERGENCY INTERVENTION FAILED

💔 EMERGENCY INTERVENTION FAILED

💔 EMERGENCY INTERVENTION FAILED
   ⚠️  SEVERE CONSTRAINT - Tech deployment significantly slowed
   ⚠️  SEVERE CONSTRAINT - Tech deployment significantly slowed
   ⚠️  SEVERE CONSTRAINT - Tech deployment significantly slowed
   ⚠️  SEVERE CONSTRAINT - Tech deployment significantly slowed
  ⚠️ WARNING: Over 50% of permafrost lost (99.4%)
  ⚠️ WARNING: High permafrost emissions (6.5 Gt C/year)
  🚨 CRITICAL: Permafrost nearly depleted (99.4% lost)
⚠️ INVOLUNTARY IMMOBILITY: 407.0M people TRAPPED
⚠️ Tech 'ai_pollution_remediation' has no energy category mapping, assuming full energy availability
    ⚠️ Consistency: 0.0% (threshold: 70%)
    ⚠️ Consistency: 10.7% (threshold: 70%)
    ⚠️ Consistency: 10.7% (threshold: 70%)
⚠️ Tail risk scenario: Climate stability floor removed (4 tipping elements, 2.18°C warming)

❌ COHERENCE VIOLATION: Compute exceeds workforce capacity
   Population: 99.64% (0M people)
   Compute: 0 PF
   Max coherent: 0 PF
   Violation: 1.3× over capacity
   Required workers: 0
   Available workers: 0
   FORCED COLLAPSE: Reduced efficiency by 22.6%

  ⚠️ RAPID EVOLUTION: Selection rate 24.7%/month

💔 EMERGENCY INTERVENTION FAILED

💔 EMERGENCY INTERVENTION FAILED
   ⚠️  SEVERE CONSTRAINT - Tech deployment significantly slowed
   ⚠️  SEVERE CONSTRAINT - Tech deployment significantly slowed
⚠️ INVOLUNTARY IMMOBILITY: 406.1M people TRAPPED
⚠️ Tech 'ai_pollution_remediation' has no energy category mapping, assuming full energy availability
    ⚠️ Consistency: 10.6% (threshold: 70%)
    ⚠️ Consistency: 0.0% (threshold: 70%)
    ⚠️ Consistency: 10.7% (threshold: 70%)
    ⚠️ Consistency: 10.7% (threshold: 70%)
    ⚠️ Consistency: 10.7% (threshold: 70%)
    ⚠️ Consistency: 10.7% (threshold: 70%)
    ⚠️ Consistency: 10.7% (threshold: 70%)
    ⚠️ Consistency: 10.7% (threshold: 70%)
    ⚠️ Consistency: 10.7% (threshold: 70%)
    ⚠️ Consistency: 10.7% (threshold: 70%)
    ⚠️ Consistency: 10.7% (threshold: 70%)
    ⚠️ Consistency: 10.7% (threshold: 70%)
⚠️ Tail risk scenario: Climate stability floor removed (4 tipping elements, 2.19°C warming)

❌ COHERENCE VIOLATION: Compute exceeds workforce capacity
   Population: 99.41% (0M people)
   Compute: 0 PF
   Max coherent: 0 PF
   Violation: 1.3× over capacity
   Required workers: 0
   Available workers: 0
   FORCED COLLAPSE: Reduced efficiency by 22.5%

  ⚠️ RAPID EVOLUTION: Selection rate 24.9%/month

💔 EMERGENCY INTERVENTION FAILED

💔 EMERGENCY INTERVENTION FAILED
   ⚠️  SEVERE CONSTRAINT - Tech deployment significantly slowed
   ⚠️  SEVERE CONSTRAINT - Tech deployment significantly slowed
   ⚠️  SEVERE CONSTRAINT - Tech deployment significantly slowed
   ⚠️  SEVERE CONSTRAINT - Tech deployment significantly slowed
   ⚠️  SEVERE CONSTRAINT - Tech deployment significantly slowed
   ⚠️  SEVERE CONSTRAINT - Tech deployment significantly slowed
⚠️ INVOLUNTARY IMMOBILITY: 405.1M people TRAPPED
⚠️ Tech 'ai_pollution_remediation' has no energy category mapping, assuming full energy availability
    ⚠️ Consistency: 10.7% (threshold: 70%)
    ⚠️ Consistency: 10.7% (threshold: 70%)
    ⚠️ Consistency: 10.7% (threshold: 70%)
    ⚠️ Consistency: 10.7% (threshold: 70%)
    ⚠️ Consistency: 10.7% (threshold: 70%)
    ⚠️ Consistency: 10.7% (threshold: 70%)
    ⚠️ Consistency: 10.7% (threshold: 70%)
    ⚠️ Consistency: 10.7% (threshold: 70%)
    ⚠️ Consistency: 10.7% (threshold: 70%)
    ⚠️ Consistency: 10.7% (threshold: 70%)
    ⚠️ Consistency: 10.7% (threshold: 70%)
    ⚠️ Consistency: 10.7% (threshold: 70%)
    ⚠️ Consistency: 10.7% (threshold: 70%)
⚠️ Tail risk scenario: Climate stability floor removed (4 tipping elements, 2.20°C warming)

❌ COHERENCE VIOLATION: Compute exceeds workforce capacity
   Population: 99.18% (0M people)
   Compute: 0 PF
   Max coherent: 0 PF
   Violation: 1.3× over capacity
   Required workers: 0
   Available workers: 0
   FORCED COLLAPSE: Reduced efficiency by 22.5%

  ⚠️ RAPID EVOLUTION: Selection rate 25.0%/month

💔 EMERGENCY INTERVENTION FAILED

💔 EMERGENCY INTERVENTION FAILED

💔 EMERGENCY INTERVENTION FAILED

💔 EMERGENCY INTERVENTION FAILED
   ⚠️  SEVERE CONSTRAINT - Tech deployment significantly slowed
   ⚠️  SEVERE CONSTRAINT - Tech deployment significantly slowed
   ⚠️  SEVERE CONSTRAINT - Tech deployment significantly slowed
   ⚠️  SEVERE CONSTRAINT - Tech deployment significantly slowed
   ⚠️  SEVERE CONSTRAINT - Tech deployment significantly slowed
⚠️ INVOLUNTARY IMMOBILITY: 404.2M people TRAPPED
⚠️ Tech 'ai_pollution_remediation' has no energy category mapping, assuming full energy availability
    ⚠️ Consistency: 2.4% (threshold: 70%)
    ⚠️ Consistency: 10.7% (threshold: 70%)
    ⚠️ Consistency: 10.7% (threshold: 70%)
    ⚠️ Consistency: 10.7% (threshold: 70%)
    ⚠️ Consistency: 10.7% (threshold: 70%)
    ⚠️ Consistency: 10.7% (threshold: 70%)
    ⚠️ Consistency: 10.7% (threshold: 70%)
    ⚠️ Consistency: 10.7% (threshold: 70%)
    ⚠️ Consistency: 10.7% (threshold: 70%)
    ⚠️ Consistency: 10.7% (threshold: 70%)
    ⚠️ Consistency: 10.7% (threshold: 70%)
    ⚠️ Consistency: 10.7% (threshold: 70%)
    ⚠️ Consistency: 10.7% (threshold: 70%)
⚠️ Tail risk scenario: Climate stability floor removed (4 tipping elements, 2.20°C warming)

❌ COHERENCE VIOLATION: Compute exceeds workforce capacity
   Population: 98.95% (0M people)
   Compute: 1413 PF
   Max coherent: 0 PF
   Violation: 17525462.8× over capacity
   Required workers: 141328
   Available workers: 0
   FORCED COLLAPSE: Reduced efficiency by 100.0%

  ⚠️ RAPID EVOLUTION: Selection rate 25.1%/month

💔 EMERGENCY INTERVENTION FAILED

💔 EMERGENCY INTERVENTION FAILED

💔 EMERGENCY INTERVENTION FAILED
   ⚠️  SEVERE CONSTRAINT - Tech deployment significantly slowed
   ⚠️  SEVERE CONSTRAINT - Tech deployment significantly slowed
⚠️ INVOLUNTARY IMMOBILITY: 403.2M people TRAPPED
⚠️ Tech 'ai_pollution_remediation' has no energy category mapping, assuming full energy availability
    ⚠️ Consistency: 10.7% (threshold: 70%)
    ⚠️ Consistency: 10.7% (threshold: 70%)
    ⚠️ Consistency: 10.7% (threshold: 70%)
    ⚠️ Consistency: 10.7% (threshold: 70%)
    ⚠️ Consistency: 10.7% (threshold: 70%)
    ⚠️ Consistency: 10.7% (threshold: 70%)
    ⚠️ Consistency: 10.7% (threshold: 70%)
    ⚠️ Consistency: 10.7% (threshold: 70%)
    ⚠️ Consistency: 10.7% (threshold: 70%)
    ⚠️ Consistency: 10.7% (threshold: 70%)
    ⚠️ Consistency: 10.7% (threshold: 70%)
⚠️ Tail risk scenario: Climate stability floor removed (4 tipping elements, 2.21°C warming)
⚠️ Unusually high rate: RATES.HEAT_ADAPTATION_INFRASTRUCTURAL_MIN_EXPOSURE = 12
   Monthly rates >100% should be rare. Verify this is intentional.
⚠️ Unusually high rate: RATES.HEAT_ADAPTATION_SOCIAL_MIN_EXPOSURE = 6
   Monthly rates >100% should be rare. Verify this is intentional.
⚠️ Unusually high rate: RATES.MIGRATION_DISTANCE_SCALE = 5000
   Monthly rates >100% should be rare. Verify this is intentional.
⚠️ Unusually high rate: RATES.EVACUATION_MULTIPLIER_ADVANCE_WARNING = 2
   Monthly rates >100% should be rare. Verify this is intentional.
⚠️ Unusually high rate: RATES.MAJOR_ECONOMY_COLLAPSE_ECONOMIC_THRESHOLD = 2
   Monthly rates >100% should be rare. Verify this is intentional.
⚠️ Unusually high rate: RATES.MAJOR_ECONOMY_GDP_THRESHOLD_TRILLION_USD = 1.5
   Monthly rates >100% should be rare. Verify this is intentional.
⚠️ Unusually high rate: RATES.MAJOR_ECONOMY_POPULATION_THRESHOLD = 50
   Monthly rates >100% should be rare. Verify this is intentional.
⚠️ Unusually high rate: RATES.HEAT_ADAPTATION_INFRASTRUCTURE_GDP_THRESHOLD = 10000
   Monthly rates >100% should be rare. Verify this is intentional.
⚠️ Unusually high rate: RATES.HEAT_ADAPTATION_INFRASTRUCTURE_GDP_SCALE = 50000
   Monthly rates >100% should be rare. Verify this is intentional.
  ⚠️ RAPID EVOLUTION: Selection rate 23.8%/month
  ⚠️ WARNING: High permafrost emissions (4.2 Gt C/year)

📊 BASELINE: East Asia (Month 0)

📊 BASELINE: South Asia (Month 0)

📊 BASELINE: Sub-Saharan Africa (Month 0)

📊 BASELINE: Europe (Month 0)

📊 BASELINE: Latin America (Month 0)

📊 BASELINE: North America (Month 0)

📊 BASELINE: Middle East & North Africa (Month 0)

📊 BASELINE: Southeast Asia (Month 0)

📊 BASELINE: Central Asia (Month 0)

📊 BASELINE: Oceania (Month 0)
⚠️ INVOLUNTARY IMMOBILITY: 407.5M people TRAPPED
⚠️ Tech 'ai_pollution_remediation' has no energy category mapping, assuming full energy availability
    ⚠️ Consistency: 0.0% (threshold: 70%)
    ⚠️ Consistency: 2.4% (threshold: 70%)
    ⚠️ Consistency: 2.8% (threshold: 70%)
    ⚠️ Consistency: 10.6% (threshold: 70%)
    ⚠️ Consistency: 10.6% (threshold: 70%)
    ⚠️ Consistency: 10.6% (threshold: 70%)
    ⚠️ Consistency: 10.6% (threshold: 70%)
    ⚠️ Consistency: 10.6% (threshold: 70%)
    ⚠️ Consistency: 5.8% (threshold: 70%)
    ⚠️ Consistency: 2.4% (threshold: 70%)
  🚨 TIPPING POINT: Arctic Sea Ice Loss
  🚨 TIPPING POINT: Permafrost Carbon Release
  🚨 TIPPING POINT: Greenland Ice Sheet Loss
⚠️ [ClimateSystemPhase Month 0] Planetary boundary produced climateStability=0.0000 (< 0.1). Keeping environmentalAccumulation value (0.7323) instead. (climate_change.currentValue = 2.10)
  ⚠️ Active Dystopias: existential_environmental

❌ COHERENCE VIOLATION: Compute exceeds workforce capacity
   Population: 99.97% (0M people)
   Compute: 56442 PF
   Max coherent: 0 PF
   Violation: 692729087.1× over capacity
   Required workers: 5644237
   Available workers: 0
   FORCED COLLAPSE: Reduced efficiency by 100.0%

  ⚠️ RAPID EVOLUTION: Selection rate 24.0%/month

💔 EMERGENCY INTERVENTION FAILED

💔 EMERGENCY INTERVENTION FAILED

💔 EMERGENCY INTERVENTION FAILED
  ⚠️ WARNING: High permafrost emissions (2.5 Gt C/year)

📊 BASELINE: East Asia (Month 1)

📊 BASELINE: South Asia (Month 1)

📊 BASELINE: Sub-Saharan Africa (Month 1)

📊 BASELINE: Europe (Month 1)

📊 BASELINE: Latin America (Month 1)

📊 BASELINE: North America (Month 1)

📊 BASELINE: Middle East & North Africa (Month 1)

📊 BASELINE: Southeast Asia (Month 1)

📊 BASELINE: Central Asia (Month 1)

📊 BASELINE: Oceania (Month 1)
⚠️ INVOLUNTARY IMMOBILITY: 407.4M people TRAPPED
⚠️ Tech 'ai_pollution_remediation' has no energy category mapping, assuming full energy availability
    ⚠️ Consistency: 0.0% (threshold: 70%)
    ⚠️ Consistency: 10.6% (threshold: 70%)
    ⚠️ Consistency: 10.6% (threshold: 70%)
    ⚠️ Consistency: 2.4% (threshold: 70%)
⚠️ Tail risk scenario: Climate stability floor removed (3 tipping elements, 2.10°C warming)
⚠️ [ClimateSystemPhase Month 1] Planetary boundary produced climateStability=0.0000 (< 0.1). Keeping environmentalAccumulation value (0.7320) instead. (climate_change.currentValue = 2.10)

❌ COHERENCE VIOLATION: Compute exceeds workforce capacity
   Population: 99.95% (0M people)
   Compute: 0 PF
   Max coherent: 0 PF
   Violation: 1.3× over capacity
   Required workers: 0
   Available workers: 0
   FORCED COLLAPSE: Reduced efficiency by 22.5%

  ⚠️ RAPID EVOLUTION: Selection rate 24.1%/month

💔 EMERGENCY INTERVENTION FAILED

💔 EMERGENCY INTERVENTION FAILED

💔 EMERGENCY INTERVENTION FAILED

💔 EMERGENCY INTERVENTION FAILED
  ⚠️ WARNING: High permafrost emissions (1.9 Gt C/year)
⚠️ INVOLUNTARY IMMOBILITY: 407.3M people TRAPPED
⚠️ Tech 'ai_pollution_remediation' has no energy category mapping, assuming full energy availability
    ⚠️ Consistency: 10.6% (threshold: 70%)
⚠️ Tail risk scenario: Climate stability floor removed (3 tipping elements, 2.10°C warming)
⚠️ [ClimateSystemPhase Month 2] Planetary boundary produced climateStability=0.0000 (< 0.1). Keeping environmentalAccumulation value (0.7317) instead. (climate_change.currentValue = 2.10)

❌ COHERENCE VIOLATION: Compute exceeds workforce capacity
   Population: 99.91% (0M people)
   Compute: 0 PF
   Max coherent: 0 PF
   Violation: 1.3× over capacity
   Required workers: 0
   Available workers: 0
   FORCED COLLAPSE: Reduced efficiency by 22.5%

  ⚠️ RAPID EVOLUTION: Selection rate 24.2%/month

💔 EMERGENCY INTERVENTION FAILED

💔 EMERGENCY INTERVENTION FAILED
   ⚠️  MODERATE CONSTRAINT - Tech deployment moderately slowed
   ⚠️  MODERATE CONSTRAINT - Tech deployment moderately slowed
   ⚠️  MODERATE CONSTRAINT - Tech deployment moderately slowed
   ⚠️  MODERATE CONSTRAINT - Tech deployment moderately slowed
  ⚠️ WARNING: High permafrost emissions (7.2 Gt C/year)
⚠️ INVOLUNTARY IMMOBILITY: 407.1M people TRAPPED
⚠️ Tech 'ai_pollution_remediation' has no energy category mapping, assuming full energy availability
    ⚠️ Consistency: 10.6% (threshold: 70%)
⚠️ Tail risk scenario: Climate stability floor removed (3 tipping elements, 2.10°C warming)
⚠️ [ClimateSystemPhase Month 3] Planetary boundary produced climateStability=0.0000 (< 0.1). Keeping environmentalAccumulation value (0.8313) instead. (climate_change.currentValue = 2.10)

❌ COHERENCE VIOLATION: Compute exceeds workforce capacity
   Population: 99.88% (0M people)
   Compute: 0 PF
   Max coherent: 0 PF
   Violation: 1.3× over capacity
   Required workers: 0
   Available workers: 0
   FORCED COLLAPSE: Reduced efficiency by 22.5%

  ⚠️ RAPID EVOLUTION: Selection rate 24.3%/month
   ⚠️  SEVERE CONSTRAINT - Tech deployment significantly slowed
   ⚠️  SEVERE CONSTRAINT - Tech deployment significantly slowed
  ⚠️ WARNING: Over 50% of permafrost lost (54.5%)
  ⚠️ WARNING: High permafrost emissions (3.2 Gt C/year)
⚠️ INVOLUNTARY IMMOBILITY: 406.9M people TRAPPED
⚠️ Tech 'ai_pollution_remediation' has no energy category mapping, assuming full energy availability
    ⚠️ Consistency: 10.6% (threshold: 70%)
    ⚠️ Consistency: 5.8% (threshold: 70%)
   ⚠️ CRISIS BEGINS - Baseline set for recovery tracking
⚠️ Tail risk scenario: Climate stability floor removed (3 tipping elements, 2.10°C warming)

❌ COHERENCE VIOLATION: Compute exceeds workforce capacity
   Population: 99.84% (0M people)
   Compute: 0 PF
   Max coherent: 0 PF
   Violation: 1.3× over capacity
   Required workers: 0
   Available workers: 0
   FORCED COLLAPSE: Reduced efficiency by 22.5%

  ⚠️ RAPID EVOLUTION: Selection rate 24.4%/month

💔 EMERGENCY INTERVENTION FAILED

💔 EMERGENCY INTERVENTION FAILED
   ⚠️  SEVERE CONSTRAINT - Tech deployment significantly slowed
   ⚠️  SEVERE CONSTRAINT - Tech deployment significantly slowed
   ⚠️  SEVERE CONSTRAINT - Tech deployment significantly slowed
   ⚠️  SEVERE CONSTRAINT - Tech deployment significantly slowed
  ⚠️ WARNING: Over 50% of permafrost lost (65.3%)
  ⚠️ WARNING: High permafrost emissions (9.0 Gt C/year)
⚠️ INVOLUNTARY IMMOBILITY: 406.8M people TRAPPED
⚠️ Tech 'ai_pollution_remediation' has no energy category mapping, assuming full energy availability
    ⚠️ Consistency: 10.6% (threshold: 70%)
    ⚠️ Consistency: 10.6% (threshold: 70%)
⚠️ Tail risk scenario: Climate stability floor removed (3 tipping elements, 2.10°C warming)

❌ COHERENCE VIOLATION: Compute exceeds workforce capacity
   Population: 99.80% (0M people)
   Compute: 0 PF
   Max coherent: 0 PF
   Violation: 1.3× over capacity
   Required workers: 0
   Available workers: 0
   FORCED COLLAPSE: Reduced efficiency by 22.5%

  ⚠️ RAPID EVOLUTION: Selection rate 24.5%/month

💔 EMERGENCY INTERVENTION FAILED

💔 EMERGENCY INTERVENTION FAILED
   ⚠️  SEVERE CONSTRAINT - Tech deployment significantly slowed
   ⚠️  SEVERE CONSTRAINT - Tech deployment significantly slowed
   ⚠️  SEVERE CONSTRAINT - Tech deployment significantly slowed
   ⚠️  SEVERE CONSTRAINT - Tech deployment significantly slowed

⚠️  PHASE TRANSITION [Month 6]
  ⚠️ WARNING: Over 50% of permafrost lost (75.5%)
  ⚠️ WARNING: High permafrost emissions (5.3 Gt C/year)
⚠️ INVOLUNTARY IMMOBILITY: 406.6M people TRAPPED
⚠️ Tech 'ai_pollution_remediation' has no energy category mapping, assuming full energy availability
    ⚠️ Consistency: 10.6% (threshold: 70%)
⚠️ Tail risk scenario: Climate stability floor removed (3 tipping elements, 2.10°C warming)

❌ COHERENCE VIOLATION: Compute exceeds workforce capacity
   Population: 99.77% (0M people)
   Compute: 0 PF
   Max coherent: 0 PF
   Violation: 1.3× over capacity
   Required workers: 0
   Available workers: 0
   FORCED COLLAPSE: Reduced efficiency by 22.5%

  ⚠️ RAPID EVOLUTION: Selection rate 24.6%/month

💔 EMERGENCY INTERVENTION FAILED

💔 EMERGENCY INTERVENTION FAILED

💔 EMERGENCY INTERVENTION FAILED
   ⚠️  SEVERE CONSTRAINT - Tech deployment significantly slowed
  ⚠️ WARNING: Over 50% of permafrost lost (86.2%)
  ⚠️ WARNING: High permafrost emissions (6.6 Gt C/year)
  🚨 CRITICAL: Permafrost nearly depleted (86.2% lost)
⚠️ INVOLUNTARY IMMOBILITY: 406.5M people TRAPPED
⚠️ Tech 'ai_pollution_remediation' has no energy category mapping, assuming full energy availability
    ⚠️ Consistency: 0.0% (threshold: 70%)
⚠️ Tail risk scenario: Climate stability floor removed (3 tipping elements, 2.10°C warming)

❌ COHERENCE VIOLATION: Compute exceeds workforce capacity
   Population: 99.73% (0M people)
   Compute: 0 PF
   Max coherent: 0 PF
   Violation: 1.3× over capacity
   Required workers: 0
   Available workers: 0
   FORCED COLLAPSE: Reduced efficiency by 22.5%

  ⚠️ RAPID EVOLUTION: Selection rate 24.7%/month

💔 EMERGENCY INTERVENTION FAILED

💔 EMERGENCY INTERVENTION FAILED
   ⚠️  SEVERE CONSTRAINT - Tech deployment significantly slowed
   ⚠️  SEVERE CONSTRAINT - Tech deployment significantly slowed
   ⚠️  SEVERE CONSTRAINT - Tech deployment significantly slowed
  ⚠️ WARNING: Over 50% of permafrost lost (96.3%)
  ⚠️ WARNING: High permafrost emissions (7.9 Gt C/year)
  🚨 CRITICAL: Permafrost nearly depleted (96.3% lost)
⚠️ INVOLUNTARY IMMOBILITY: 406.3M people TRAPPED
⚠️ Tech 'ai_pollution_remediation' has no energy category mapping, assuming full energy availability
    ⚠️ Consistency: 10.6% (threshold: 70%)
    ⚠️ Consistency: 0.0% (threshold: 70%)
  🚨 CASCADE TIPPING POINT: West Antarctic Ice Sheet (WAIS) Collapse
⚠️ Tail risk scenario: Climate stability floor removed (3 tipping elements, 2.10°C warming)

❌ COHERENCE VIOLATION: Compute exceeds workforce capacity
   Population: 99.69% (0M people)
   Compute: 0 PF
   Max coherent: 0 PF
   Violation: 1.3× over capacity
   Required workers: 0
   Available workers: 0
   FORCED COLLAPSE: Reduced efficiency by 22.5%

  ⚠️ RAPID EVOLUTION: Selection rate 24.9%/month

💔 EMERGENCY INTERVENTION FAILED

💔 EMERGENCY INTERVENTION FAILED
   ⚠️  SEVERE CONSTRAINT - Tech deployment significantly slowed
   ⚠️  SEVERE CONSTRAINT - Tech deployment significantly slowed
  ⚠️ WARNING: Over 50% of permafrost lost (100.0%)
  ⚠️ WARNING: High permafrost emissions (1.6 Gt C/year)
  🚨 CRITICAL: Permafrost nearly depleted (100.0% lost)
⚠️ INVOLUNTARY IMMOBILITY: 406.2M people TRAPPED
⚠️ Tech 'ai_pollution_remediation' has no energy category mapping, assuming full energy availability
    ⚠️ Consistency: 2.4% (threshold: 70%)
    ⚠️ Consistency: 10.6% (threshold: 70%)
    ⚠️ Consistency: 10.6% (threshold: 70%)
⚠️ Tail risk scenario: Climate stability floor removed (4 tipping elements, 2.10°C warming)

⚠️  GOLDEN AGE ENDED (Month 9)

❌ COHERENCE VIOLATION: Compute exceeds workforce capacity
   Population: 96.89% (0M people)
   Compute: 679 PF
   Max coherent: 0 PF
   Violation: 8595104.8× over capacity
   Required workers: 67869
   Available workers: 0
   FORCED COLLAPSE: Reduced efficiency by 100.0%

  ⚠️ RAPID EVOLUTION: Selection rate 25.0%/month
   ⚠️  SEVERE CONSTRAINT - Tech deployment significantly slowed
   ⚠️  SEVERE CONSTRAINT - Tech deployment significantly slowed
   ⚠️  SEVERE CONSTRAINT - Tech deployment significantly slowed
⚠️ INVOLUNTARY IMMOBILITY: 394.9M people TRAPPED
⚠️ Tech 'ai_pollution_remediation' has no energy category mapping, assuming full energy availability
⚠️ Tail risk scenario: Climate stability floor removed (4 tipping elements, 2.10°C warming)

❌ COHERENCE VIOLATION: Compute exceeds workforce capacity
   Population: 96.88% (0M people)
   Compute: 790 PF
   Max coherent: 0 PF
   Violation: 10008589.3× over capacity
   Required workers: 79026
   Available workers: 0
   FORCED COLLAPSE: Reduced efficiency by 100.0%

  ⚠️ RAPID EVOLUTION: Selection rate 25.1%/month

💔 EMERGENCY INTERVENTION FAILED
   ⚠️  SEVERE CONSTRAINT - Tech deployment significantly slowed
⚠️ INVOLUNTARY IMMOBILITY: 394.9M people TRAPPED
⚠️ Tech 'ai_pollution_remediation' has no energy category mapping, assuming full energy availability
⚠️ Tail risk scenario: Climate stability floor removed (4 tipping elements, 2.10°C warming)
⚠️ Unusually high rate: RATES.HEAT_ADAPTATION_INFRASTRUCTURAL_MIN_EXPOSURE = 12
   Monthly rates >100% should be rare. Verify this is intentional.
⚠️ Unusually high rate: RATES.HEAT_ADAPTATION_SOCIAL_MIN_EXPOSURE = 6
   Monthly rates >100% should be rare. Verify this is intentional.
⚠️ Unusually high rate: RATES.MIGRATION_DISTANCE_SCALE = 5000
   Monthly rates >100% should be rare. Verify this is intentional.
⚠️ Unusually high rate: RATES.EVACUATION_MULTIPLIER_ADVANCE_WARNING = 2
   Monthly rates >100% should be rare. Verify this is intentional.
⚠️ Unusually high rate: RATES.MAJOR_ECONOMY_COLLAPSE_ECONOMIC_THRESHOLD = 2
   Monthly rates >100% should be rare. Verify this is intentional.
⚠️ Unusually high rate: RATES.MAJOR_ECONOMY_GDP_THRESHOLD_TRILLION_USD = 1.5
   Monthly rates >100% should be rare. Verify this is intentional.
⚠️ Unusually high rate: RATES.MAJOR_ECONOMY_POPULATION_THRESHOLD = 50
   Monthly rates >100% should be rare. Verify this is intentional.
⚠️ Unusually high rate: RATES.HEAT_ADAPTATION_INFRASTRUCTURE_GDP_THRESHOLD = 10000
   Monthly rates >100% should be rare. Verify this is intentional.
⚠️ Unusually high rate: RATES.HEAT_ADAPTATION_INFRASTRUCTURE_GDP_SCALE = 50000
   Monthly rates >100% should be rare. Verify this is intentional.
  ⚠️ RAPID EVOLUTION: Selection rate 23.8%/month
  ⚠️ WARNING: High permafrost emissions (5.9 Gt C/year)

📊 BASELINE: East Asia (Month 0)

📊 BASELINE: South Asia (Month 0)

📊 BASELINE: Sub-Saharan Africa (Month 0)

📊 BASELINE: Europe (Month 0)

📊 BASELINE: Latin America (Month 0)

📊 BASELINE: North America (Month 0)

📊 BASELINE: Middle East & North Africa (Month 0)

📊 BASELINE: Southeast Asia (Month 0)

📊 BASELINE: Central Asia (Month 0)

📊 BASELINE: Oceania (Month 0)
⚠️ INVOLUNTARY IMMOBILITY: 407.5M people TRAPPED
⚠️ Tech 'ai_pollution_remediation' has no energy category mapping, assuming full energy availability
    ⚠️ Consistency: 0.0% (threshold: 70%)
    ⚠️ Consistency: 2.4% (threshold: 70%)
    ⚠️ Consistency: 2.8% (threshold: 70%)
    ⚠️ Consistency: 10.6% (threshold: 70%)
    ⚠️ Consistency: 10.6% (threshold: 70%)
    ⚠️ Consistency: 10.6% (threshold: 70%)
    ⚠️ Consistency: 10.6% (threshold: 70%)
    ⚠️ Consistency: 10.6% (threshold: 70%)
    ⚠️ Consistency: 5.8% (threshold: 70%)
    ⚠️ Consistency: 5.3% (threshold: 70%)
  🚨 TIPPING POINT: Arctic Sea Ice Loss
  🚨 TIPPING POINT: Greenland Ice Sheet Loss
⚠️ [ClimateSystemPhase Month 0] Planetary boundary produced climateStability=0.0000 (< 0.1). Keeping environmentalAccumulation value (0.7621) instead. (climate_change.currentValue = 2.10)
  ⚠️ Active Dystopias: existential_environmental

❌ COHERENCE VIOLATION: Compute exceeds workforce capacity
   Population: 99.97% (0M people)
   Compute: 56442 PF
   Max coherent: 0 PF
   Violation: 692729087.1× over capacity
   Required workers: 5644237
   Available workers: 0
   FORCED COLLAPSE: Reduced efficiency by 100.0%

  ⚠️ RAPID EVOLUTION: Selection rate 24.0%/month

💔 EMERGENCY INTERVENTION FAILED

💔 EMERGENCY INTERVENTION FAILED
  ⚠️ WARNING: High permafrost emissions (3.6 Gt C/year)

📊 BASELINE: East Asia (Month 1)

📊 BASELINE: South Asia (Month 1)

📊 BASELINE: Sub-Saharan Africa (Month 1)

📊 BASELINE: Europe (Month 1)

📊 BASELINE: Latin America (Month 1)

📊 BASELINE: North America (Month 1)

📊 BASELINE: Middle East & North Africa (Month 1)

📊 BASELINE: Southeast Asia (Month 1)

📊 BASELINE: Central Asia (Month 1)

📊 BASELINE: Oceania (Month 1)
⚠️ INVOLUNTARY IMMOBILITY: 407.4M people TRAPPED
⚠️ Tech 'ai_pollution_remediation' has no energy category mapping, assuming full energy availability
    ⚠️ Consistency: 10.6% (threshold: 70%)
    ⚠️ Consistency: 10.6% (threshold: 70%)
⚠️ [ClimateSystemPhase Month 1] Planetary boundary produced climateStability=0.0000 (< 0.1). Keeping environmentalAccumulation value (0.8619) instead. (climate_change.currentValue = 2.10)

❌ COHERENCE VIOLATION: Compute exceeds workforce capacity
   Population: 99.95% (0M people)
   Compute: 0 PF
   Max coherent: 0 PF
   Violation: 1.3× over capacity
   Required workers: 0
   Available workers: 0
   FORCED COLLAPSE: Reduced efficiency by 22.5%

  ⚠️ RAPID EVOLUTION: Selection rate 24.1%/month
  ⚠️ WARNING: High permafrost emissions (3.1 Gt C/year)
⚠️ INVOLUNTARY IMMOBILITY: 407.3M people TRAPPED
⚠️ Tech 'ai_pollution_remediation' has no energy category mapping, assuming full energy availability
    ⚠️ Consistency: 10.6% (threshold: 70%)
    ⚠️ Consistency: 5.3% (threshold: 70%)
⚠️ [ClimateSystemPhase Month 2] Planetary boundary produced climateStability=0.0000 (< 0.1). Keeping environmentalAccumulation value (0.8617) instead. (climate_change.currentValue = 2.10)

❌ COHERENCE VIOLATION: Compute exceeds workforce capacity
   Population: 99.93% (0M people)
   Compute: 0 PF
   Max coherent: 0 PF
   Violation: 1.3× over capacity
   Required workers: 0
   Available workers: 0
   FORCED COLLAPSE: Reduced efficiency by 22.5%

  ⚠️ RAPID EVOLUTION: Selection rate 24.2%/month

💔 EMERGENCY INTERVENTION FAILED

💔 EMERGENCY INTERVENTION FAILED
  ⚠️ WARNING: High permafrost emissions (6.2 Gt C/year)
⚠️ INVOLUNTARY IMMOBILITY: 407.3M people TRAPPED
⚠️ Tech 'ai_pollution_remediation' has no energy category mapping, assuming full energy availability
    ⚠️ Consistency: 10.6% (threshold: 70%)
    ⚠️ Consistency: 10.6% (threshold: 70%)
    ⚠️ Consistency: 5.3% (threshold: 70%)
⚠️ [ClimateSystemPhase Month 3] Planetary boundary produced climateStability=0.0000 (< 0.1). Keeping environmentalAccumulation value (0.8615) instead. (climate_change.currentValue = 2.10)

❌ COHERENCE VIOLATION: Compute exceeds workforce capacity
   Population: 99.92% (0M people)
   Compute: 0 PF
   Max coherent: 0 PF
   Violation: 1.3× over capacity
   Required workers: 0
   Available workers: 0
   FORCED COLLAPSE: Reduced efficiency by 22.5%

  ⚠️ RAPID EVOLUTION: Selection rate 24.3%/month

💔 EMERGENCY INTERVENTION FAILED

💔 EMERGENCY INTERVENTION FAILED

💔 EMERGENCY INTERVENTION FAILED
  ⚠️ WARNING: High permafrost emissions (6.4 Gt C/year)
⚠️ INVOLUNTARY IMMOBILITY: 407.2M people TRAPPED
⚠️ Tech 'ai_pollution_remediation' has no energy category mapping, assuming full energy availability
    ⚠️ Consistency: 10.6% (threshold: 70%)
    ⚠️ Consistency: 10.6% (threshold: 70%)

❌ COHERENCE VIOLATION: Compute exceeds workforce capacity
   Population: 97.70% (0M people)
   Compute: 199 PF
   Max coherent: 0 PF
   Violation: 2502871.4× over capacity
   Required workers: 19930
   Available workers: 0
   FORCED COLLAPSE: Reduced efficiency by 100.0%

  ⚠️ RAPID EVOLUTION: Selection rate 24.4%/month
   ⚠️  MODERATE CONSTRAINT - Tech deployment moderately slowed
   ⚠️  MODERATE CONSTRAINT - Tech deployment moderately slowed
   ⚠️  MODERATE CONSTRAINT - Tech deployment moderately slowed
  ⚠️ WARNING: Over 50% of permafrost lost (58.8%)
  ⚠️ WARNING: High permafrost emissions (6.1 Gt C/year)
⚠️ INVOLUNTARY IMMOBILITY: 398.2M people TRAPPED
⚠️ Tech 'ai_pollution_remediation' has no energy category mapping, assuming full energy availability
    ⚠️ Consistency: 10.6% (threshold: 70%)
   ⚠️ CRISIS BEGINS - Baseline set for recovery tracking

❌ COHERENCE VIOLATION: Compute exceeds workforce capacity
   Population: 97.69% (0M people)
   Compute: 242 PF
   Max coherent: 0 PF
   Violation: 3044144.6× over capacity
   Required workers: 24237
   Available workers: 0
   FORCED COLLAPSE: Reduced efficiency by 100.0%

  ⚠️ RAPID EVOLUTION: Selection rate 24.5%/month

💔 EMERGENCY INTERVENTION FAILED

💔 EMERGENCY INTERVENTION FAILED

💔 EMERGENCY INTERVENTION FAILED
   ⚠️  MODERATE CONSTRAINT - Tech deployment moderately slowed
   ⚠️  MODERATE CONSTRAINT - Tech deployment moderately slowed
   ⚠️  MODERATE CONSTRAINT - Tech deployment moderately slowed
   ⚠️  MODERATE CONSTRAINT - Tech deployment moderately slowed
   ⚠️  MODERATE CONSTRAINT - Tech deployment moderately slowed
   ⚠️  MODERATE CONSTRAINT - Tech deployment moderately slowed
   ⚠️  MODERATE CONSTRAINT - Tech deployment moderately slowed
   ⚠️  MODERATE CONSTRAINT - Tech deployment moderately slowed
   ⚠️  MODERATE CONSTRAINT - Tech deployment moderately slowed
  ⚠️ WARNING: Over 50% of permafrost lost (69.0%)
  ⚠️ WARNING: High permafrost emissions (3.0 Gt C/year)
⚠️ INVOLUNTARY IMMOBILITY: 398.1M people TRAPPED
⚠️ Tech 'ai_pollution_remediation' has no energy category mapping, assuming full energy availability
    ⚠️ Consistency: 0.0% (threshold: 70%)
    ⚠️ Consistency: 10.6% (threshold: 70%)
    ⚠️ Consistency: 10.6% (threshold: 70%)

❌ COHERENCE VIOLATION: Compute exceeds workforce capacity
   Population: 97.68% (0M people)
   Compute: 294 PF
   Max coherent: 0 PF
   Violation: 3688819.5× over capacity
   Required workers: 29366
   Available workers: 0
   FORCED COLLAPSE: Reduced efficiency by 100.0%

  ⚠️ RAPID EVOLUTION: Selection rate 24.6%/month

💔 EMERGENCY INTERVENTION FAILED

💔 EMERGENCY INTERVENTION FAILED

💔 EMERGENCY INTERVENTION FAILED

💔 EMERGENCY INTERVENTION FAILED
   ⚠️  SEVERE CONSTRAINT - Tech deployment significantly slowed
   ⚠️  SEVERE CONSTRAINT - Tech deployment significantly slowed
   ⚠️  SEVERE CONSTRAINT - Tech deployment significantly slowed
  ⚠️ WARNING: Over 50% of permafrost lost (79.4%)
  ⚠️ WARNING: High permafrost emissions (3.1 Gt C/year)
⚠️ INVOLUNTARY IMMOBILITY: 398.1M people TRAPPED
⚠️ Tech 'ai_pollution_remediation' has no energy category mapping, assuming full energy availability
    ⚠️ Consistency: 10.6% (threshold: 70%)

❌ COHERENCE VIOLATION: Compute exceeds workforce capacity
   Population: 97.67% (0M people)
   Compute: 355 PF
   Max coherent: 0 PF
   Violation: 4454952.0× over capacity
   Required workers: 35460
   Available workers: 0
   FORCED COLLAPSE: Reduced efficiency by 100.0%

  ⚠️ RAPID EVOLUTION: Selection rate 24.7%/month

💔 EMERGENCY INTERVENTION FAILED

💔 EMERGENCY INTERVENTION FAILED

💔 EMERGENCY INTERVENTION FAILED
   ⚠️  SEVERE CONSTRAINT - Tech deployment significantly slowed
   ⚠️  SEVERE CONSTRAINT - Tech deployment significantly slowed
   ⚠️  SEVERE CONSTRAINT - Tech deployment significantly slowed
   ⚠️  SEVERE CONSTRAINT - Tech deployment significantly slowed
  ⚠️ WARNING: Over 50% of permafrost lost (88.0%)
  ⚠️ WARNING: High permafrost emissions (2.4 Gt C/year)
  🚨 CRITICAL: Permafrost nearly depleted (88.0% lost)
⚠️ INVOLUNTARY IMMOBILITY: 398.0M people TRAPPED
⚠️ Tech 'ai_pollution_remediation' has no energy category mapping, assuming full energy availability
    ⚠️ Consistency: 10.6% (threshold: 70%)
    ⚠️ Consistency: 10.6% (threshold: 70%)
    ⚠️ Consistency: 10.6% (threshold: 70%)

❌ COHERENCE VIOLATION: Compute exceeds workforce capacity
   Population: 97.65% (0M people)
   Compute: 427 PF
   Max coherent: 0 PF
   Violation: 5363849.5× over capacity
   Required workers: 42690
   Available workers: 0
   FORCED COLLAPSE: Reduced efficiency by 100.0%

  ⚠️ RAPID EVOLUTION: Selection rate 24.9%/month

💔 EMERGENCY INTERVENTION FAILED
   ⚠️  SEVERE CONSTRAINT - Tech deployment significantly slowed
   ⚠️  SEVERE CONSTRAINT - Tech deployment significantly slowed
   ⚠️  SEVERE CONSTRAINT - Tech deployment significantly slowed
   ⚠️  SEVERE CONSTRAINT - Tech deployment significantly slowed
   ⚠️  SEVERE CONSTRAINT - Tech deployment significantly slowed
   ⚠️  SEVERE CONSTRAINT - Tech deployment significantly slowed
  ⚠️ WARNING: Over 50% of permafrost lost (97.3%)
  ⚠️ WARNING: High permafrost emissions (3.8 Gt C/year)
  🚨 CRITICAL: Permafrost nearly depleted (97.3% lost)
⚠️ INVOLUNTARY IMMOBILITY: 398.0M people TRAPPED
⚠️ Tech 'ai_pollution_remediation' has no energy category mapping, assuming full energy availability
    ⚠️ Consistency: 0.0% (threshold: 70%)

❌ COHERENCE VIOLATION: Compute exceeds workforce capacity
   Population: 97.64% (0M people)
   Compute: 512 PF
   Max coherent: 0 PF
   Violation: 6439992.0× over capacity
   Required workers: 51247
   Available workers: 0
   FORCED COLLAPSE: Reduced efficiency by 100.0%

  ⚠️ RAPID EVOLUTION: Selection rate 25.0%/month

💔 EMERGENCY INTERVENTION FAILED

💔 EMERGENCY INTERVENTION FAILED

💔 EMERGENCY INTERVENTION FAILED
   ⚠️  SEVERE CONSTRAINT - Tech deployment significantly slowed
   ⚠️  SEVERE CONSTRAINT - Tech deployment significantly slowed
   ⚠️  SEVERE CONSTRAINT - Tech deployment significantly slowed
   ⚠️  SEVERE CONSTRAINT - Tech deployment significantly slowed
⚠️ INVOLUNTARY IMMOBILITY: 397.9M people TRAPPED
⚠️ Tech 'ai_pollution_remediation' has no energy category mapping, assuming full energy availability
    ⚠️ Consistency: 5.8% (threshold: 70%)

❌ COHERENCE VIOLATION: Compute exceeds workforce capacity
   Population: 97.63% (0M people)
   Compute: 614 PF
   Max coherent: 0 PF
   Violation: 7712012.1× over capacity
   Required workers: 61362
   Available workers: 0
   FORCED COLLAPSE: Reduced efficiency by 100.0%

  ⚠️ RAPID EVOLUTION: Selection rate 25.1%/month

💔 EMERGENCY INTERVENTION FAILED
   ⚠️  SEVERE CONSTRAINT - Tech deployment significantly slowed
   ⚠️  SEVERE CONSTRAINT - Tech deployment significantly slowed
   ⚠️  SEVERE CONSTRAINT - Tech deployment significantly slowed
⚠️ INVOLUNTARY IMMOBILITY: 397.9M people TRAPPED
⚠️ Tech 'ai_pollution_remediation' has no energy category mapping, assuming full energy availability
    ⚠️ Consistency: 2.4% (threshold: 70%)
⚠️ Unusually high rate: RATES.HEAT_ADAPTATION_INFRASTRUCTURAL_MIN_EXPOSURE = 12
   Monthly rates >100% should be rare. Verify this is intentional.
⚠️ Unusually high rate: RATES.HEAT_ADAPTATION_SOCIAL_MIN_EXPOSURE = 6
   Monthly rates >100% should be rare. Verify this is intentional.
⚠️ Unusually high rate: RATES.MIGRATION_DISTANCE_SCALE = 5000
   Monthly rates >100% should be rare. Verify this is intentional.
⚠️ Unusually high rate: RATES.EVACUATION_MULTIPLIER_ADVANCE_WARNING = 2
   Monthly rates >100% should be rare. Verify this is intentional.
⚠️ Unusually high rate: RATES.MAJOR_ECONOMY_COLLAPSE_ECONOMIC_THRESHOLD = 2
   Monthly rates >100% should be rare. Verify this is intentional.
⚠️ Unusually high rate: RATES.MAJOR_ECONOMY_GDP_THRESHOLD_TRILLION_USD = 1.5
   Monthly rates >100% should be rare. Verify this is intentional.
⚠️ Unusually high rate: RATES.MAJOR_ECONOMY_POPULATION_THRESHOLD = 50
   Monthly rates >100% should be rare. Verify this is intentional.
⚠️ Unusually high rate: RATES.HEAT_ADAPTATION_INFRASTRUCTURE_GDP_THRESHOLD = 10000
   Monthly rates >100% should be rare. Verify this is intentional.
⚠️ Unusually high rate: RATES.HEAT_ADAPTATION_INFRASTRUCTURE_GDP_SCALE = 50000
   Monthly rates >100% should be rare. Verify this is intentional.
  ⚠️ RAPID EVOLUTION: Selection rate 23.8%/month
  ⚠️ WARNING: High permafrost emissions (7.2 Gt C/year)

📊 BASELINE: East Asia (Month 0)

📊 BASELINE: South Asia (Month 0)

📊 BASELINE: Sub-Saharan Africa (Month 0)

📊 BASELINE: Europe (Month 0)

📊 BASELINE: Latin America (Month 0)

📊 BASELINE: North America (Month 0)

📊 BASELINE: Middle East & North Africa (Month 0)

📊 BASELINE: Southeast Asia (Month 0)

📊 BASELINE: Central Asia (Month 0)

📊 BASELINE: Oceania (Month 0)
⚠️ INVOLUNTARY IMMOBILITY: 407.5M people TRAPPED
⚠️ Tech 'ai_pollution_remediation' has no energy category mapping, assuming full energy availability
    ⚠️ Consistency: 0.0% (threshold: 70%)
    ⚠️ Consistency: 2.4% (threshold: 70%)
    ⚠️ Consistency: 2.8% (threshold: 70%)
    ⚠️ Consistency: 10.6% (threshold: 70%)
    ⚠️ Consistency: 10.6% (threshold: 70%)
    ⚠️ Consistency: 10.6% (threshold: 70%)
    ⚠️ Consistency: 10.6% (threshold: 70%)
    ⚠️ Consistency: 10.6% (threshold: 70%)
    ⚠️ Consistency: 5.8% (threshold: 70%)
    ⚠️ Consistency: 5.3% (threshold: 70%)
  🚨 TIPPING POINT: Arctic Sea Ice Loss
  🚨 TIPPING POINT: Greenland Ice Sheet Loss
⚠️ [ClimateSystemPhase Month 0] Planetary boundary produced climateStability=0.0000 (< 0.1). Keeping environmentalAccumulation value (0.7919) instead. (climate_change.currentValue = 2.10)
  ⚠️ Active Dystopias: existential_environmental

❌ COHERENCE VIOLATION: Compute exceeds workforce capacity
   Population: 99.97% (0M people)
   Compute: 56442 PF
   Max coherent: 0 PF
   Violation: 692729087.1× over capacity
   Required workers: 5644237
   Available workers: 0
   FORCED COLLAPSE: Reduced efficiency by 100.0%

  ⚠️ RAPID EVOLUTION: Selection rate 24.0%/month

💔 EMERGENCY INTERVENTION FAILED

💔 EMERGENCY INTERVENTION FAILED
  ⚠️ WARNING: High permafrost emissions (4.4 Gt C/year)

📊 BASELINE: East Asia (Month 1)

📊 BASELINE: South Asia (Month 1)

📊 BASELINE: Sub-Saharan Africa (Month 1)

📊 BASELINE: Europe (Month 1)

📊 BASELINE: Latin America (Month 1)

📊 BASELINE: North America (Month 1)

📊 BASELINE: Middle East & North Africa (Month 1)

📊 BASELINE: Southeast Asia (Month 1)

📊 BASELINE: Central Asia (Month 1)

📊 BASELINE: Oceania (Month 1)
⚠️ INVOLUNTARY IMMOBILITY: 407.4M people TRAPPED
⚠️ Tech 'ai_pollution_remediation' has no energy category mapping, assuming full energy availability
    ⚠️ Consistency: 10.6% (threshold: 70%)
    ⚠️ Consistency: 5.8% (threshold: 70%)
    ⚠️ Consistency: 5.3% (threshold: 70%)
⚠️ [ClimateSystemPhase Month 1] Planetary boundary produced climateStability=0.0000 (< 0.1). Keeping environmentalAccumulation value (0.7917) instead. (climate_change.currentValue = 2.10)

❌ COHERENCE VIOLATION: Compute exceeds workforce capacity
   Population: 99.95% (0M people)
   Compute: 0 PF
   Max coherent: 0 PF
   Violation: 1.3× over capacity
   Required workers: 0
   Available workers: 0
   FORCED COLLAPSE: Reduced efficiency by 22.5%

  ⚠️ RAPID EVOLUTION: Selection rate 24.1%/month

💔 EMERGENCY INTERVENTION FAILED
  ⚠️ WARNING: High permafrost emissions (8.0 Gt C/year)
⚠️ INVOLUNTARY IMMOBILITY: 407.3M people TRAPPED
⚠️ Tech 'ai_pollution_remediation' has no energy category mapping, assuming full energy availability
    ⚠️ Consistency: 10.6% (threshold: 70%)
⚠️ [ClimateSystemPhase Month 2] Planetary boundary produced climateStability=0.0000 (< 0.1). Keeping environmentalAccumulation value (0.7915) instead. (climate_change.currentValue = 2.10)

❌ COHERENCE VIOLATION: Compute exceeds workforce capacity
   Population: 99.91% (0M people)
   Compute: 0 PF
   Max coherent: 0 PF
   Violation: 1.3× over capacity
   Required workers: 0
   Available workers: 0
   FORCED COLLAPSE: Reduced efficiency by 22.5%

  ⚠️ RAPID EVOLUTION: Selection rate 24.2%/month
⚠️  SLEEPER WAKE: AI-24291-0 - Weak evaluation (quality: 1.1/10, freq: 10%)

💔 EMERGENCY INTERVENTION FAILED

💔 EMERGENCY INTERVENTION FAILED

💔 EMERGENCY INTERVENTION FAILED

💔 EMERGENCY INTERVENTION FAILED
  ⚠️ WARNING: High permafrost emissions (6.9 Gt C/year)
⚠️ INVOLUNTARY IMMOBILITY: 407.2M people TRAPPED
⚠️ Tech 'ai_pollution_remediation' has no energy category mapping, assuming full energy availability
    ⚠️ Consistency: 2.8% (threshold: 70%)
    ⚠️ Consistency: 10.6% (threshold: 70%)
⚠️ [ClimateSystemPhase Month 3] Planetary boundary produced climateStability=0.0000 (< 0.1). Keeping environmentalAccumulation value (0.7913) instead. (climate_change.currentValue = 2.10)

❌ COHERENCE VIOLATION: Compute exceeds workforce capacity
   Population: 99.90% (0M people)
   Compute: 0 PF
   Max coherent: 0 PF
   Violation: 1.3× over capacity
   Required workers: 0
   Available workers: 0
   FORCED COLLAPSE: Reduced efficiency by 22.5%

  ⚠️ RAPID EVOLUTION: Selection rate 24.3%/month

💔 EMERGENCY INTERVENTION FAILED

💔 EMERGENCY INTERVENTION FAILED
   ⚠️  SEVERE CONSTRAINT - Tech deployment significantly slowed
   ⚠️  SEVERE CONSTRAINT - Tech deployment significantly slowed
   ⚠️  SEVERE CONSTRAINT - Tech deployment significantly slowed
   ⚠️  SEVERE CONSTRAINT - Tech deployment significantly slowed
   ⚠️  SEVERE CONSTRAINT - Tech deployment significantly slowed
  ⚠️ WARNING: Over 50% of permafrost lost (52.0%)
  ⚠️ WARNING: High permafrost emissions (3.9 Gt C/year)
⚠️ INVOLUNTARY IMMOBILITY: 407.2M people TRAPPED
⚠️ Tech 'ai_pollution_remediation' has no energy category mapping, assuming full energy availability
    ⚠️ Consistency: 10.6% (threshold: 70%)
    ⚠️ Consistency: 10.6% (threshold: 70%)
    ⚠️ Consistency: 0.0% (threshold: 70%)
   ⚠️ CRISIS BEGINS - Baseline set for recovery tracking

❌ COHERENCE VIOLATION: Compute exceeds workforce capacity
   Population: 99.89% (0M people)
   Compute: 0 PF
   Max coherent: 0 PF
   Violation: 1.3× over capacity
   Required workers: 0
   Available workers: 0
   FORCED COLLAPSE: Reduced efficiency by 22.5%

  ⚠️ RAPID EVOLUTION: Selection rate 24.4%/month

💔 EMERGENCY INTERVENTION FAILED

💔 EMERGENCY INTERVENTION FAILED

💔 EMERGENCY INTERVENTION FAILED
   ⚠️  SEVERE CONSTRAINT - Tech deployment significantly slowed
   ⚠️  SEVERE CONSTRAINT - Tech deployment significantly slowed
   ⚠️  SEVERE CONSTRAINT - Tech deployment significantly slowed
   ⚠️  SEVERE CONSTRAINT - Tech deployment significantly slowed
   ⚠️  SEVERE CONSTRAINT - Tech deployment significantly slowed
  ⚠️ WARNING: Over 50% of permafrost lost (62.5%)
  ⚠️ WARNING: High permafrost emissions (5.2 Gt C/year)
⚠️ INVOLUNTARY IMMOBILITY: 407.1M people TRAPPED
⚠️ Tech 'ai_pollution_remediation' has no energy category mapping, assuming full energy availability
    ⚠️ Consistency: 0.0% (threshold: 70%)
    ⚠️ Consistency: 10.6% (threshold: 70%)
    ⚠️ Consistency: 10.6% (threshold: 70%)
    ⚠️ Consistency: 0.0% (threshold: 70%)

❌ COHERENCE VIOLATION: Compute exceeds workforce capacity
   Population: 99.88% (0M people)
   Compute: 0 PF
   Max coherent: 0 PF
   Violation: 1.3× over capacity
   Required workers: 0
   Available workers: 0
   FORCED COLLAPSE: Reduced efficiency by 22.5%

  ⚠️ RAPID EVOLUTION: Selection rate 24.5%/month

💔 EMERGENCY INTERVENTION FAILED

💔 EMERGENCY INTERVENTION FAILED
   ⚠️  SEVERE CONSTRAINT - Tech deployment significantly slowed
   ⚠️  SEVERE CONSTRAINT - Tech deployment significantly slowed
   ⚠️  SEVERE CONSTRAINT - Tech deployment significantly slowed
   ⚠️  SEVERE CONSTRAINT - Tech deployment significantly slowed
  ⚠️ WARNING: Over 50% of permafrost lost (73.7%)
  ⚠️ WARNING: High permafrost emissions (2.7 Gt C/year)
⚠️ INVOLUNTARY IMMOBILITY: 407.1M people TRAPPED
⚠️ Tech 'ai_pollution_remediation' has no energy category mapping, assuming full energy availability
    ⚠️ Consistency: 0.0% (threshold: 70%)

❌ COHERENCE VIOLATION: Compute exceeds workforce capacity
   Population: 99.87% (0M people)
   Compute: 0 PF
   Max coherent: 0 PF
   Violation: 1.3× over capacity
   Required workers: 0
   Available workers: 0
   FORCED COLLAPSE: Reduced efficiency by 22.5%

  ⚠️ RAPID EVOLUTION: Selection rate 24.6%/month

💔 EMERGENCY INTERVENTION FAILED

💔 EMERGENCY INTERVENTION FAILED
   ⚠️  SEVERE CONSTRAINT - Tech deployment significantly slowed
   ⚠️  SEVERE CONSTRAINT - Tech deployment significantly slowed
  ⚠️ WARNING: Over 50% of permafrost lost (82.6%)
  ⚠️ WARNING: High permafrost emissions (7.2 Gt C/year)
  🚨 CRITICAL: Permafrost nearly depleted (82.6% lost)
⚠️ INVOLUNTARY IMMOBILITY: 407.0M people TRAPPED
⚠️ Tech 'ai_pollution_remediation' has no energy category mapping, assuming full energy availability
    ⚠️ Consistency: 10.6% (threshold: 70%)
    ⚠️ Consistency: 2.1% (threshold: 70%)
    ⚠️ Consistency: 0.0% (threshold: 70%)

❌ COHERENCE VIOLATION: Compute exceeds workforce capacity
   Population: 99.86% (0M people)
   Compute: 0 PF
   Max coherent: 0 PF
   Violation: 1.3× over capacity
   Required workers: 0
   Available workers: 0
   FORCED COLLAPSE: Reduced efficiency by 22.5%

  ⚠️ RAPID EVOLUTION: Selection rate 24.7%/month

💔 EMERGENCY INTERVENTION FAILED
   ⚠️  SEVERE CONSTRAINT - Tech deployment significantly slowed
   ⚠️  SEVERE CONSTRAINT - Tech deployment significantly slowed
   ⚠️  SEVERE CONSTRAINT - Tech deployment significantly slowed
   ⚠️  SEVERE CONSTRAINT - Tech deployment significantly slowed
   ⚠️  SEVERE CONSTRAINT - Tech deployment significantly slowed
  ⚠️ WARNING: Over 50% of permafrost lost (91.4%)
  ⚠️ WARNING: High permafrost emissions (5.7 Gt C/year)
  🚨 CRITICAL: Permafrost nearly depleted (91.4% lost)
⚠️ INVOLUNTARY IMMOBILITY: 407.0M people TRAPPED
⚠️ Tech 'ai_pollution_remediation' has no energy category mapping, assuming full energy availability
    ⚠️ Consistency: 10.6% (threshold: 70%)
    ⚠️ Consistency: 0.0% (threshold: 70%)

❌ COHERENCE VIOLATION: Compute exceeds workforce capacity
   Population: 99.85% (0M people)
   Compute: 0 PF
   Max coherent: 0 PF
   Violation: 1.3× over capacity
   Required workers: 0
   Available workers: 0
   FORCED COLLAPSE: Reduced efficiency by 22.5%

  ⚠️ RAPID EVOLUTION: Selection rate 24.8%/month

💔 EMERGENCY INTERVENTION FAILED

💔 EMERGENCY INTERVENTION FAILED

💔 EMERGENCY INTERVENTION FAILED

💔 EMERGENCY INTERVENTION FAILED
   ⚠️  SEVERE CONSTRAINT - Tech deployment significantly slowed
   ⚠️  SEVERE CONSTRAINT - Tech deployment significantly slowed
   ⚠️  SEVERE CONSTRAINT - Tech deployment significantly slowed
   ⚠️  SEVERE CONSTRAINT - Tech deployment significantly slowed
  ⚠️ WARNING: Over 50% of permafrost lost (100.0%)
  ⚠️ WARNING: High permafrost emissions (3.1 Gt C/year)
  🚨 CRITICAL: Permafrost nearly depleted (100.0% lost)
⚠️ INVOLUNTARY IMMOBILITY: 406.9M people TRAPPED
⚠️ Tech 'ai_pollution_remediation' has no energy category mapping, assuming full energy availability
  🚨 CASCADE TIPPING POINT: Permafrost Carbon Release

❌ COHERENCE VIOLATION: Compute exceeds workforce capacity
   Population: 99.84% (0M people)
   Compute: 0 PF
   Max coherent: 0 PF
   Violation: 1.3× over capacity
   Required workers: 0
   Available workers: 0
   FORCED COLLAPSE: Reduced efficiency by 22.5%

  ⚠️ RAPID EVOLUTION: Selection rate 24.9%/month

💔 EMERGENCY INTERVENTION FAILED

💔 EMERGENCY INTERVENTION FAILED
   ⚠️  SEVERE CONSTRAINT - Tech deployment significantly slowed
   ⚠️  SEVERE CONSTRAINT - Tech deployment significantly slowed
⚠️ INVOLUNTARY IMMOBILITY: 406.9M people TRAPPED
⚠️ Tech 'ai_pollution_remediation' has no energy category mapping, assuming full energy availability
⚠️ Tail risk scenario: Climate stability floor removed (3 tipping elements, 2.10°C warming)

❌ COHERENCE VIOLATION: Compute exceeds workforce capacity
   Population: 99.82% (0M people)
   Compute: 0 PF
   Max coherent: 0 PF
   Violation: 1.3× over capacity
   Required workers: 0
   Available workers: 0
   FORCED COLLAPSE: Reduced efficiency by 22.5%

  ⚠️ RAPID EVOLUTION: Selection rate 25.0%/month

💔 EMERGENCY INTERVENTION FAILED

💔 EMERGENCY INTERVENTION FAILED
   ⚠️  SEVERE CONSTRAINT - Tech deployment significantly slowed
   ⚠️  SEVERE CONSTRAINT - Tech deployment significantly slowed
   ⚠️  SEVERE CONSTRAINT - Tech deployment significantly slowed
   ⚠️  SEVERE CONSTRAINT - Tech deployment significantly slowed
⚠️ INVOLUNTARY IMMOBILITY: 406.8M people TRAPPED
⚠️ Tech 'ai_pollution_remediation' has no energy category mapping, assuming full energy availability
    ⚠️ Consistency: 0.0% (threshold: 70%)
⚠️ Tail risk scenario: Climate stability floor removed (3 tipping elements, 2.10°C warming)
⚠️ Unusually high rate: RATES.HEAT_ADAPTATION_INFRASTRUCTURAL_MIN_EXPOSURE = 12
   Monthly rates >100% should be rare. Verify this is intentional.
⚠️ Unusually high rate: RATES.HEAT_ADAPTATION_SOCIAL_MIN_EXPOSURE = 6
   Monthly rates >100% should be rare. Verify this is intentional.
⚠️ Unusually high rate: RATES.MIGRATION_DISTANCE_SCALE = 5000
   Monthly rates >100% should be rare. Verify this is intentional.
⚠️ Unusually high rate: RATES.EVACUATION_MULTIPLIER_ADVANCE_WARNING = 2
   Monthly rates >100% should be rare. Verify this is intentional.
⚠️ Unusually high rate: RATES.MAJOR_ECONOMY_COLLAPSE_ECONOMIC_THRESHOLD = 2
   Monthly rates >100% should be rare. Verify this is intentional.
⚠️ Unusually high rate: RATES.MAJOR_ECONOMY_GDP_THRESHOLD_TRILLION_USD = 1.5
   Monthly rates >100% should be rare. Verify this is intentional.
⚠️ Unusually high rate: RATES.MAJOR_ECONOMY_POPULATION_THRESHOLD = 50
   Monthly rates >100% should be rare. Verify this is intentional.
⚠️ Unusually high rate: RATES.HEAT_ADAPTATION_INFRASTRUCTURE_GDP_THRESHOLD = 10000
   Monthly rates >100% should be rare. Verify this is intentional.
⚠️ Unusually high rate: RATES.HEAT_ADAPTATION_INFRASTRUCTURE_GDP_SCALE = 50000
   Monthly rates >100% should be rare. Verify this is intentional.
  ⚠️ RAPID EVOLUTION: Selection rate 23.8%/month
  ⚠️ WARNING: High permafrost emissions (5.0 Gt C/year)

📊 BASELINE: East Asia (Month 0)

📊 BASELINE: South Asia (Month 0)

📊 BASELINE: Sub-Saharan Africa (Month 0)

📊 BASELINE: Europe (Month 0)

📊 BASELINE: Latin America (Month 0)

📊 BASELINE: North America (Month 0)

📊 BASELINE: Middle East & North Africa (Month 0)

📊 BASELINE: Southeast Asia (Month 0)

📊 BASELINE: Central Asia (Month 0)

📊 BASELINE: Oceania (Month 0)
⚠️ INVOLUNTARY IMMOBILITY: 407.5M people TRAPPED
⚠️ Tech 'ai_pollution_remediation' has no energy category mapping, assuming full energy availability
    ⚠️ Consistency: 0.0% (threshold: 70%)
    ⚠️ Consistency: 2.4% (threshold: 70%)
    ⚠️ Consistency: 2.8% (threshold: 70%)
    ⚠️ Consistency: 10.6% (threshold: 70%)
    ⚠️ Consistency: 10.6% (threshold: 70%)
    ⚠️ Consistency: 10.6% (threshold: 70%)
    ⚠️ Consistency: 10.6% (threshold: 70%)
    ⚠️ Consistency: 10.6% (threshold: 70%)
    ⚠️ Consistency: 0.0% (threshold: 70%)
    ⚠️ Consistency: 2.4% (threshold: 70%)
  🚨 TIPPING POINT: Arctic Sea Ice Loss
  🚨 TIPPING POINT: Greenland Ice Sheet Loss
⚠️ [ClimateSystemPhase Month 0] Planetary boundary produced climateStability=0.0000 (< 0.1). Keeping environmentalAccumulation value (0.7957) instead. (climate_change.currentValue = 2.10)
  ⚠️ Active Dystopias: existential_environmental

❌ COHERENCE VIOLATION: Compute exceeds workforce capacity
   Population: 99.97% (0M people)
   Compute: 56442 PF
   Max coherent: 0 PF
   Violation: 692729087.1× over capacity
   Required workers: 5644237
   Available workers: 0
   FORCED COLLAPSE: Reduced efficiency by 100.0%

  ⚠️ RAPID EVOLUTION: Selection rate 24.6%/month

💔 EMERGENCY INTERVENTION FAILED

💔 EMERGENCY INTERVENTION FAILED

💔 EMERGENCY INTERVENTION FAILED
  ⚠️ WARNING: High permafrost emissions (3.6 Gt C/year)

📊 BASELINE: East Asia (Month 1)

📊 BASELINE: South Asia (Month 1)

📊 BASELINE: Sub-Saharan Africa (Month 1)

📊 BASELINE: Europe (Month 1)

📊 BASELINE: Latin America (Month 1)

📊 BASELINE: North America (Month 1)

📊 BASELINE: Middle East & North Africa (Month 1)

📊 BASELINE: Southeast Asia (Month 1)

📊 BASELINE: Central Asia (Month 1)

📊 BASELINE: Oceania (Month 1)
⚠️ INVOLUNTARY IMMOBILITY: 407.4M people TRAPPED
⚠️ Tech 'ai_pollution_remediation' has no energy category mapping, assuming full energy availability
    ⚠️ Consistency: 10.6% (threshold: 70%)
    ⚠️ Consistency: 10.6% (threshold: 70%)
    ⚠️ Consistency: 10.6% (threshold: 70%)
⚠️ [ClimateSystemPhase Month 1] Planetary boundary produced climateStability=0.0000 (< 0.1). Keeping environmentalAccumulation value (0.7955) instead. (climate_change.currentValue = 2.10)

❌ COHERENCE VIOLATION: Compute exceeds workforce capacity
   Population: 99.95% (0M people)
   Compute: 0 PF
   Max coherent: 0 PF
   Violation: 1.5× over capacity
   Required workers: 0
   Available workers: 0
   FORCED COLLAPSE: Reduced efficiency by 32.6%

  ⚠️ RAPID EVOLUTION: Selection rate 24.7%/month

💔 EMERGENCY INTERVENTION FAILED

💔 EMERGENCY INTERVENTION FAILED
  ⚠️ WARNING: High permafrost emissions (3.4 Gt C/year)
⚠️ INVOLUNTARY IMMOBILITY: 407.3M people TRAPPED
⚠️ Tech 'ai_pollution_remediation' has no energy category mapping, assuming full energy availability
    ⚠️ Consistency: 10.6% (threshold: 70%)
⚠️ [ClimateSystemPhase Month 2] Planetary boundary produced climateStability=0.0000 (< 0.1). Keeping environmentalAccumulation value (0.7953) instead. (climate_change.currentValue = 2.10)

❌ COHERENCE VIOLATION: Compute exceeds workforce capacity
   Population: 99.91% (0M people)
   Compute: 0 PF
   Max coherent: 0 PF
   Violation: 1.3× over capacity
   Required workers: 0
   Available workers: 0
   FORCED COLLAPSE: Reduced efficiency by 22.5%

  ⚠️ RAPID EVOLUTION: Selection rate 24.8%/month

💔 EMERGENCY INTERVENTION FAILED

💔 EMERGENCY INTERVENTION FAILED
  ⚠️ WARNING: High permafrost emissions (4.3 Gt C/year)
⚠️ INVOLUNTARY IMMOBILITY: 407.1M people TRAPPED
⚠️ Tech 'ai_pollution_remediation' has no energy category mapping, assuming full energy availability
    ⚠️ Consistency: 2.4% (threshold: 70%)
    ⚠️ Consistency: 10.6% (threshold: 70%)
    ⚠️ Consistency: 10.6% (threshold: 70%)
    ⚠️ Consistency: 0.0% (threshold: 70%)
⚠️ [ClimateSystemPhase Month 3] Planetary boundary produced climateStability=0.0000 (< 0.1). Keeping environmentalAccumulation value (0.8951) instead. (climate_change.currentValue = 2.10)

❌ COHERENCE VIOLATION: Compute exceeds workforce capacity
   Population: 99.87% (0M people)
   Compute: 0 PF
   Max coherent: 0 PF
   Violation: 1.3× over capacity
   Required workers: 0
   Available workers: 0
   FORCED COLLAPSE: Reduced efficiency by 22.5%

  ⚠️ RAPID EVOLUTION: Selection rate 24.9%/month

💔 EMERGENCY INTERVENTION FAILED

💔 EMERGENCY INTERVENTION FAILED

💔 EMERGENCY INTERVENTION FAILED

💔 EMERGENCY INTERVENTION FAILED
   ⚠️  SEVERE CONSTRAINT - Tech deployment significantly slowed
   ⚠️  SEVERE CONSTRAINT - Tech deployment significantly slowed
  ⚠️ WARNING: High permafrost emissions (6.6 Gt C/year)
⚠️ INVOLUNTARY IMMOBILITY: 406.9M people TRAPPED
⚠️ Tech 'ai_pollution_remediation' has no energy category mapping, assuming full energy availability
    ⚠️ Consistency: 10.6% (threshold: 70%)
   ⚠️ CRISIS BEGINS - Baseline set for recovery tracking

❌ COHERENCE VIOLATION: Compute exceeds workforce capacity
   Population: 99.84% (0M people)
   Compute: 0 PF
   Max coherent: 0 PF
   Violation: 1.3× over capacity
   Required workers: 0
   Available workers: 0
   FORCED COLLAPSE: Reduced efficiency by 22.5%

  ⚠️ RAPID EVOLUTION: Selection rate 25.0%/month

💔 EMERGENCY INTERVENTION FAILED
   ⚠️  SEVERE CONSTRAINT - Tech deployment significantly slowed
   ⚠️  SEVERE CONSTRAINT - Tech deployment significantly slowed
  ⚠️ WARNING: Over 50% of permafrost lost (54.4%)
  ⚠️ WARNING: High permafrost emissions (6.4 Gt C/year)
⚠️ INVOLUNTARY IMMOBILITY: 406.8M people TRAPPED
⚠️ Tech 'ai_pollution_remediation' has no energy category mapping, assuming full energy availability
    ⚠️ Consistency: 10.6% (threshold: 70%)
    ⚠️ Consistency: 10.6% (threshold: 70%)

❌ COHERENCE VIOLATION: Compute exceeds workforce capacity
   Population: 99.80% (0M people)
   Compute: 0 PF
   Max coherent: 0 PF
   Violation: 1.3× over capacity
   Required workers: 0
   Available workers: 0
   FORCED COLLAPSE: Reduced efficiency by 22.5%

  ⚠️ RAPID EVOLUTION: Selection rate 25.1%/month

💔 EMERGENCY INTERVENTION FAILED
   ⚠️  SEVERE CONSTRAINT - Tech deployment significantly slowed
   ⚠️  SEVERE CONSTRAINT - Tech deployment significantly slowed
  ⚠️ WARNING: Over 50% of permafrost lost (65.4%)
  ⚠️ WARNING: High permafrost emissions (5.5 Gt C/year)
⚠️ INVOLUNTARY IMMOBILITY: 406.6M people TRAPPED
⚠️ Tech 'ai_pollution_remediation' has no energy category mapping, assuming full energy availability
    ⚠️ Consistency: 2.8% (threshold: 70%)
    ⚠️ Consistency: 10.6% (threshold: 70%)

❌ COHERENCE VIOLATION: Compute exceeds workforce capacity
   Population: 99.76% (0M people)
   Compute: 0 PF
   Max coherent: 0 PF
   Violation: 1.3× over capacity
   Required workers: 0
   Available workers: 0
   FORCED COLLAPSE: Reduced efficiency by 22.5%

  ⚠️ RAPID EVOLUTION: Selection rate 25.2%/month

💔 EMERGENCY INTERVENTION FAILED

💔 EMERGENCY INTERVENTION FAILED
   ⚠️  SEVERE CONSTRAINT - Tech deployment significantly slowed
   ⚠️  SEVERE CONSTRAINT - Tech deployment significantly slowed
   ⚠️  SEVERE CONSTRAINT - Tech deployment significantly slowed
  ⚠️ WARNING: Over 50% of permafrost lost (74.5%)
  ⚠️ WARNING: High permafrost emissions (3.6 Gt C/year)
⚠️ INVOLUNTARY IMMOBILITY: 406.5M people TRAPPED
⚠️ Tech 'ai_pollution_remediation' has no energy category mapping, assuming full energy availability
    ⚠️ Consistency: 10.6% (threshold: 70%)
    ⚠️ Consistency: 0.0% (threshold: 70%)

❌ COHERENCE VIOLATION: Compute exceeds workforce capacity
   Population: 99.72% (0M people)
   Compute: 0 PF
   Max coherent: 0 PF
   Violation: 1.3× over capacity
   Required workers: 0
   Available workers: 0
   FORCED COLLAPSE: Reduced efficiency by 22.5%

  ⚠️ RAPID EVOLUTION: Selection rate 25.3%/month

💔 EMERGENCY INTERVENTION FAILED

💔 EMERGENCY INTERVENTION FAILED

💔 EMERGENCY INTERVENTION FAILED
   ⚠️  SEVERE CONSTRAINT - Tech deployment significantly slowed
   ⚠️  SEVERE CONSTRAINT - Tech deployment significantly slowed
   ⚠️  SEVERE CONSTRAINT - Tech deployment significantly slowed
   ⚠️  SEVERE CONSTRAINT - Tech deployment significantly slowed
   ⚠️  SEVERE CONSTRAINT - Tech deployment significantly slowed
  ⚠️ WARNING: Over 50% of permafrost lost (83.3%)
  ⚠️ WARNING: High permafrost emissions (4.1 Gt C/year)
  🚨 CRITICAL: Permafrost nearly depleted (83.3% lost)
⚠️ INVOLUNTARY IMMOBILITY: 406.3M people TRAPPED
⚠️ Tech 'ai_pollution_remediation' has no energy category mapping, assuming full energy availability
    ⚠️ Consistency: 10.6% (threshold: 70%)
    ⚠️ Consistency: 0.0% (threshold: 70%)

❌ COHERENCE VIOLATION: Compute exceeds workforce capacity
   Population: 99.69% (0M people)
   Compute: 0 PF
   Max coherent: 0 PF
   Violation: 1.5× over capacity
   Required workers: 0
   Available workers: 0
   FORCED COLLAPSE: Reduced efficiency by 32.6%

  ⚠️ RAPID EVOLUTION: Selection rate 25.4%/month

💔 EMERGENCY INTERVENTION FAILED

💔 EMERGENCY INTERVENTION FAILED
   ⚠️  SEVERE CONSTRAINT - Tech deployment significantly slowed
   ⚠️  SEVERE CONSTRAINT - Tech deployment significantly slowed
   ⚠️  SEVERE CONSTRAINT - Tech deployment significantly slowed
   ⚠️  SEVERE CONSTRAINT - Tech deployment significantly slowed
   ⚠️  SEVERE CONSTRAINT - Tech deployment significantly slowed
  ⚠️ WARNING: Over 50% of permafrost lost (91.9%)
  ⚠️ WARNING: High permafrost emissions (6.4 Gt C/year)
  🚨 CRITICAL: Permafrost nearly depleted (91.9% lost)
⚠️ INVOLUNTARY IMMOBILITY: 406.2M people TRAPPED
⚠️ Tech 'ai_pollution_remediation' has no energy category mapping, assuming full energy availability
    ⚠️ Consistency: 0.0% (threshold: 70%)
    ⚠️ Consistency: 2.4% (threshold: 70%)
    ⚠️ Consistency: 0.0% (threshold: 70%)

❌ COHERENCE VIOLATION: Compute exceeds workforce capacity
   Population: 99.65% (0M people)
   Compute: 0 PF
   Max coherent: 0 PF
   Violation: 1.3× over capacity
   Required workers: 0
   Available workers: 0
   FORCED COLLAPSE: Reduced efficiency by 22.4%

  ⚠️ RAPID EVOLUTION: Selection rate 25.6%/month

💔 EMERGENCY INTERVENTION FAILED

💔 EMERGENCY INTERVENTION FAILED

💔 EMERGENCY INTERVENTION FAILED

💔 EMERGENCY INTERVENTION FAILED
   ⚠️  SEVERE CONSTRAINT - Tech deployment significantly slowed
   ⚠️  SEVERE CONSTRAINT - Tech deployment significantly slowed
   ⚠️  SEVERE CONSTRAINT - Tech deployment significantly slowed
  ⚠️ WARNING: Over 50% of permafrost lost (100.0%)
  ⚠️ WARNING: High permafrost emissions (5.7 Gt C/year)
  🚨 CRITICAL: Permafrost nearly depleted (100.0% lost)
⚠️ INVOLUNTARY IMMOBILITY: 406.0M people TRAPPED
⚠️ Tech 'ai_pollution_remediation' has no energy category mapping, assuming full energy availability
    ⚠️ Consistency: 0.0% (threshold: 70%)
    ⚠️ Consistency: 2.4% (threshold: 70%)

❌ COHERENCE VIOLATION: Compute exceeds workforce capacity
   Population: 99.62% (0M people)
   Compute: 0 PF
   Max coherent: 0 PF
   Violation: 1.5× over capacity
   Required workers: 0
   Available workers: 0
   FORCED COLLAPSE: Reduced efficiency by 32.5%

  ⚠️ RAPID EVOLUTION: Selection rate 25.7%/month

💔 EMERGENCY INTERVENTION FAILED

💔 EMERGENCY INTERVENTION FAILED
   ⚠️  SEVERE CONSTRAINT - Tech deployment significantly slowed
   ⚠️  SEVERE CONSTRAINT - Tech deployment significantly slowed
   ⚠️  SEVERE CONSTRAINT - Tech deployment significantly slowed
⚠️ INVOLUNTARY IMMOBILITY: 405.9M people TRAPPED
⚠️ Tech 'ai_pollution_remediation' has no energy category mapping, assuming full energy availability

⚠️  GOLDEN AGE ENDED (Month 11)
⚠️ Unusually high rate: RATES.HEAT_ADAPTATION_INFRASTRUCTURAL_MIN_EXPOSURE = 12
   Monthly rates >100% should be rare. Verify this is intentional.
⚠️ Unusually high rate: RATES.HEAT_ADAPTATION_SOCIAL_MIN_EXPOSURE = 6
   Monthly rates >100% should be rare. Verify this is intentional.
⚠️ Unusually high rate: RATES.MIGRATION_DISTANCE_SCALE = 5000
   Monthly rates >100% should be rare. Verify this is intentional.
⚠️ Unusually high rate: RATES.EVACUATION_MULTIPLIER_ADVANCE_WARNING = 2
   Monthly rates >100% should be rare. Verify this is intentional.
⚠️ Unusually high rate: RATES.MAJOR_ECONOMY_COLLAPSE_ECONOMIC_THRESHOLD = 2
   Monthly rates >100% should be rare. Verify this is intentional.
⚠️ Unusually high rate: RATES.MAJOR_ECONOMY_GDP_THRESHOLD_TRILLION_USD = 1.5
   Monthly rates >100% should be rare. Verify this is intentional.
⚠️ Unusually high rate: RATES.MAJOR_ECONOMY_POPULATION_THRESHOLD = 50
   Monthly rates >100% should be rare. Verify this is intentional.
⚠️ Unusually high rate: RATES.HEAT_ADAPTATION_INFRASTRUCTURE_GDP_THRESHOLD = 10000
   Monthly rates >100% should be rare. Verify this is intentional.
⚠️ Unusually high rate: RATES.HEAT_ADAPTATION_INFRASTRUCTURE_GDP_SCALE = 50000
   Monthly rates >100% should be rare. Verify this is intentional.
  ⚠️ RAPID EVOLUTION: Selection rate 23.8%/month
  ⚠️ WARNING: High permafrost emissions (5.4 Gt C/year)

📊 BASELINE: East Asia (Month 0)

📊 BASELINE: South Asia (Month 0)

📊 BASELINE: Sub-Saharan Africa (Month 0)

📊 BASELINE: Europe (Month 0)

📊 BASELINE: Latin America (Month 0)

📊 BASELINE: North America (Month 0)

📊 BASELINE: Middle East & North Africa (Month 0)

📊 BASELINE: Southeast Asia (Month 0)

📊 BASELINE: Central Asia (Month 0)

📊 BASELINE: Oceania (Month 0)
⚠️ INVOLUNTARY IMMOBILITY: 407.5M people TRAPPED
⚠️ Tech 'ai_pollution_remediation' has no energy category mapping, assuming full energy availability
    ⚠️ Consistency: 0.0% (threshold: 70%)
    ⚠️ Consistency: 2.4% (threshold: 70%)
    ⚠️ Consistency: 2.8% (threshold: 70%)
    ⚠️ Consistency: 10.6% (threshold: 70%)
    ⚠️ Consistency: 10.6% (threshold: 70%)
    ⚠️ Consistency: 10.6% (threshold: 70%)
    ⚠️ Consistency: 10.6% (threshold: 70%)
    ⚠️ Consistency: 10.6% (threshold: 70%)
    ⚠️ Consistency: 5.8% (threshold: 70%)
    ⚠️ Consistency: 2.1% (threshold: 70%)
  🚨 TIPPING POINT: Arctic Sea Ice Loss
  🚨 TIPPING POINT: Permafrost Carbon Release
  🚨 TIPPING POINT: West Antarctic Ice Sheet (WAIS) Collapse
  🚨 TIPPING POINT: Greenland Ice Sheet Loss
⚠️ [ClimateSystemPhase Month 0] Planetary boundary produced climateStability=0.0000 (< 0.1). Keeping environmentalAccumulation value (0.7537) instead. (climate_change.currentValue = 2.17)
  ⚠️ Active Dystopias: existential_environmental

❌ COHERENCE VIOLATION: Compute exceeds workforce capacity
   Population: 99.97% (0M people)
   Compute: 56442 PF
   Max coherent: 0 PF
   Violation: 692729087.1× over capacity
   Required workers: 5644237
   Available workers: 0
   FORCED COLLAPSE: Reduced efficiency by 100.0%

  ⚠️ RAPID EVOLUTION: Selection rate 24.0%/month
  ⚠️ WARNING: High permafrost emissions (2.2 Gt C/year)

📊 BASELINE: East Asia (Month 1)

📊 BASELINE: South Asia (Month 1)

📊 BASELINE: Sub-Saharan Africa (Month 1)

📊 BASELINE: Europe (Month 1)

📊 BASELINE: Latin America (Month 1)

📊 BASELINE: North America (Month 1)

📊 BASELINE: Middle East & North Africa (Month 1)

📊 BASELINE: Southeast Asia (Month 1)

📊 BASELINE: Central Asia (Month 1)

📊 BASELINE: Oceania (Month 1)
⚠️ INVOLUNTARY IMMOBILITY: 407.4M people TRAPPED
⚠️ Tech 'ai_pollution_remediation' has no energy category mapping, assuming full energy availability
    ⚠️ Consistency: 10.6% (threshold: 70%)
⚠️ Tail risk scenario: Climate stability floor removed (4 tipping elements, 2.19°C warming)
⚠️ [ClimateSystemPhase Month 1] Planetary boundary produced climateStability=0.0000 (< 0.1). Keeping environmentalAccumulation value (0.7533) instead. (climate_change.currentValue = 2.19)

❌ COHERENCE VIOLATION: Compute exceeds workforce capacity
   Population: 99.95% (0M people)
   Compute: 0 PF
   Max coherent: 0 PF
   Violation: 1.3× over capacity
   Required workers: 0
   Available workers: 0
   FORCED COLLAPSE: Reduced efficiency by 22.5%

  ⚠️ RAPID EVOLUTION: Selection rate 24.1%/month

💔 EMERGENCY INTERVENTION FAILED

💔 EMERGENCY INTERVENTION FAILED
  ⚠️ WARNING: High permafrost emissions (6.8 Gt C/year)
⚠️ INVOLUNTARY IMMOBILITY: 407.3M people TRAPPED
⚠️ Tech 'ai_pollution_remediation' has no energy category mapping, assuming full energy availability
    ⚠️ Consistency: 10.6% (threshold: 70%)
    ⚠️ Consistency: 10.6% (threshold: 70%)
⚠️ Tail risk scenario: Climate stability floor removed (4 tipping elements, 2.20°C warming)
⚠️ [ClimateSystemPhase Month 2] Planetary boundary produced climateStability=0.0000 (< 0.1). Keeping environmentalAccumulation value (0.7529) instead. (climate_change.currentValue = 2.20)

⚠️  GOLDEN AGE ENDED (Month 2)

❌ COHERENCE VIOLATION: Compute exceeds workforce capacity
   Population: 99.91% (0M people)
   Compute: 0 PF
   Max coherent: 0 PF
   Violation: 1.3× over capacity
   Required workers: 0
   Available workers: 0
   FORCED COLLAPSE: Reduced efficiency by 22.5%

  ⚠️ RAPID EVOLUTION: Selection rate 24.2%/month

💔 EMERGENCY INTERVENTION FAILED

💔 EMERGENCY INTERVENTION FAILED

💔 EMERGENCY INTERVENTION FAILED

💔 EMERGENCY INTERVENTION FAILED
   ⚠️  MODERATE CONSTRAINT - Tech deployment moderately slowed
   ⚠️  MODERATE CONSTRAINT - Tech deployment moderately slowed
   ⚠️  MODERATE CONSTRAINT - Tech deployment moderately slowed
   ⚠️  MODERATE CONSTRAINT - Tech deployment moderately slowed
   ⚠️  MODERATE CONSTRAINT - Tech deployment moderately slowed
   ⚠️  MODERATE CONSTRAINT - Tech deployment moderately slowed
  ⚠️ WARNING: Over 50% of permafrost lost (52.9%)
  ⚠️ WARNING: High permafrost emissions (7.6 Gt C/year)
⚠️ INVOLUNTARY IMMOBILITY: 407.1M people TRAPPED
⚠️ Tech 'ai_pollution_remediation' has no energy category mapping, assuming full energy availability
    ⚠️ Consistency: 10.6% (threshold: 70%)
    ⚠️ Consistency: 5.8% (threshold: 70%)
⚠️ Tail risk scenario: Climate stability floor removed (4 tipping elements, 2.21°C warming)
⚠️ [ClimateSystemPhase Month 3] Planetary boundary produced climateStability=0.0000 (< 0.1). Keeping environmentalAccumulation value (0.7525) instead. (climate_change.currentValue = 2.21)

❌ COHERENCE VIOLATION: Compute exceeds workforce capacity
   Population: 99.87% (0M people)
   Compute: 0 PF
   Max coherent: 0 PF
   Violation: 1.3× over capacity
   Required workers: 0
   Available workers: 0
   FORCED COLLAPSE: Reduced efficiency by 22.5%

  ⚠️ RAPID EVOLUTION: Selection rate 24.3%/month

💔 EMERGENCY INTERVENTION FAILED
   ⚠️  MODERATE CONSTRAINT - Tech deployment moderately slowed
   ⚠️  MODERATE CONSTRAINT - Tech deployment moderately slowed
   ⚠️  MODERATE CONSTRAINT - Tech deployment moderately slowed
  ⚠️ WARNING: Over 50% of permafrost lost (65.6%)
  ⚠️ WARNING: High permafrost emissions (7.1 Gt C/year)
⚠️ INVOLUNTARY IMMOBILITY: 407.0M people TRAPPED
⚠️ Tech 'ai_pollution_remediation' has no energy category mapping, assuming full energy availability
    ⚠️ Consistency: 10.6% (threshold: 70%)
    ⚠️ Consistency: 10.6% (threshold: 70%)
    ⚠️ Consistency: 0.0% (threshold: 70%)
   ⚠️ CRISIS BEGINS - Baseline set for recovery tracking
⚠️ Tail risk scenario: Climate stability floor removed (4 tipping elements, 2.22°C warming)

❌ COHERENCE VIOLATION: Compute exceeds workforce capacity
   Population: 99.86% (0M people)
   Compute: 0 PF
   Max coherent: 0 PF
   Violation: 1.3× over capacity
   Required workers: 0
   Available workers: 0
   FORCED COLLAPSE: Reduced efficiency by 22.5%

  ⚠️ RAPID EVOLUTION: Selection rate 24.4%/month

💔 EMERGENCY INTERVENTION FAILED

💔 EMERGENCY INTERVENTION FAILED

💔 EMERGENCY INTERVENTION FAILED
   ⚠️  MODERATE CONSTRAINT - Tech deployment moderately slowed
   ⚠️  MODERATE CONSTRAINT - Tech deployment moderately slowed
   ⚠️  MODERATE CONSTRAINT - Tech deployment moderately slowed
   ⚠️  MODERATE CONSTRAINT - Tech deployment moderately slowed
  ⚠️ WARNING: Over 50% of permafrost lost (80.3%)
  ⚠️ WARNING: High permafrost emissions (3.4 Gt C/year)
  🚨 CRITICAL: Permafrost nearly depleted (80.3% lost)
⚠️ INVOLUNTARY IMMOBILITY: 407.0M people TRAPPED
⚠️ Tech 'ai_pollution_remediation' has no energy category mapping, assuming full energy availability
    ⚠️ Consistency: 2.8% (threshold: 70%)
    ⚠️ Consistency: 10.6% (threshold: 70%)
    ⚠️ Consistency: 5.8% (threshold: 70%)
    ⚠️ Consistency: 0.0% (threshold: 70%)
⚠️ Tail risk scenario: Climate stability floor removed (4 tipping elements, 2.24°C warming)
⚠️ Unusually high rate: RATES.HEAT_ADAPTATION_INFRASTRUCTURAL_MIN_EXPOSURE = 12
   Monthly rates >100% should be rare. Verify this is intentional.
⚠️ Unusually high rate: RATES.HEAT_ADAPTATION_SOCIAL_MIN_EXPOSURE = 6
   Monthly rates >100% should be rare. Verify this is intentional.
⚠️ Unusually high rate: RATES.MIGRATION_DISTANCE_SCALE = 5000
   Monthly rates >100% should be rare. Verify this is intentional.
⚠️ Unusually high rate: RATES.EVACUATION_MULTIPLIER_ADVANCE_WARNING = 2
   Monthly rates >100% should be rare. Verify this is intentional.
⚠️ Unusually high rate: RATES.MAJOR_ECONOMY_COLLAPSE_ECONOMIC_THRESHOLD = 2
   Monthly rates >100% should be rare. Verify this is intentional.
⚠️ Unusually high rate: RATES.MAJOR_ECONOMY_GDP_THRESHOLD_TRILLION_USD = 1.5
   Monthly rates >100% should be rare. Verify this is intentional.
⚠️ Unusually high rate: RATES.MAJOR_ECONOMY_POPULATION_THRESHOLD = 50
   Monthly rates >100% should be rare. Verify this is intentional.
⚠️ Unusually high rate: RATES.HEAT_ADAPTATION_INFRASTRUCTURE_GDP_THRESHOLD = 10000
   Monthly rates >100% should be rare. Verify this is intentional.
⚠️ Unusually high rate: RATES.HEAT_ADAPTATION_INFRASTRUCTURE_GDP_SCALE = 50000
   Monthly rates >100% should be rare. Verify this is intentional.
  ⚠️ RAPID EVOLUTION: Selection rate 23.8%/month
  ⚠️ WARNING: High permafrost emissions (5.4 Gt C/year)

📊 BASELINE: East Asia (Month 0)

📊 BASELINE: South Asia (Month 0)

📊 BASELINE: Sub-Saharan Africa (Month 0)

📊 BASELINE: Europe (Month 0)

📊 BASELINE: Latin America (Month 0)

📊 BASELINE: North America (Month 0)

📊 BASELINE: Middle East & North Africa (Month 0)

📊 BASELINE: Southeast Asia (Month 0)

📊 BASELINE: Central Asia (Month 0)

📊 BASELINE: Oceania (Month 0)
⚠️ INVOLUNTARY IMMOBILITY: 407.5M people TRAPPED
⚠️ Tech 'ai_pollution_remediation' has no energy category mapping, assuming full energy availability
    ⚠️ Consistency: 0.0% (threshold: 70%)
    ⚠️ Consistency: 2.4% (threshold: 70%)
    ⚠️ Consistency: 2.8% (threshold: 70%)
    ⚠️ Consistency: 10.6% (threshold: 70%)
    ⚠️ Consistency: 10.6% (threshold: 70%)
    ⚠️ Consistency: 10.6% (threshold: 70%)
    ⚠️ Consistency: 10.6% (threshold: 70%)
    ⚠️ Consistency: 10.6% (threshold: 70%)
    ⚠️ Consistency: 5.8% (threshold: 70%)
    ⚠️ Consistency: 2.1% (threshold: 70%)
  🚨 TIPPING POINT: Arctic Sea Ice Loss
  🚨 TIPPING POINT: Permafrost Carbon Release
  🚨 TIPPING POINT: West Antarctic Ice Sheet (WAIS) Collapse
  🚨 TIPPING POINT: Greenland Ice Sheet Loss
⚠️ [ClimateSystemPhase Month 0] Planetary boundary produced climateStability=0.0000 (< 0.1). Keeping environmentalAccumulation value (0.7537) instead. (climate_change.currentValue = 2.17)
  ⚠️ Active Dystopias: existential_environmental

❌ COHERENCE VIOLATION: Compute exceeds workforce capacity
   Population: 99.97% (0M people)
   Compute: 56442 PF
   Max coherent: 0 PF
   Violation: 692729087.1× over capacity
   Required workers: 5644237
   Available workers: 0
   FORCED COLLAPSE: Reduced efficiency by 100.0%

  ⚠️ RAPID EVOLUTION: Selection rate 24.0%/month
  ⚠️ WARNING: High permafrost emissions (2.2 Gt C/year)

📊 BASELINE: East Asia (Month 1)

📊 BASELINE: South Asia (Month 1)

📊 BASELINE: Sub-Saharan Africa (Month 1)

📊 BASELINE: Europe (Month 1)

📊 BASELINE: Latin America (Month 1)

📊 BASELINE: North America (Month 1)

📊 BASELINE: Middle East & North Africa (Month 1)

📊 BASELINE: Southeast Asia (Month 1)

📊 BASELINE: Central Asia (Month 1)

📊 BASELINE: Oceania (Month 1)
⚠️ INVOLUNTARY IMMOBILITY: 407.4M people TRAPPED
⚠️ Tech 'ai_pollution_remediation' has no energy category mapping, assuming full energy availability
    ⚠️ Consistency: 10.6% (threshold: 70%)
⚠️ Tail risk scenario: Climate stability floor removed (4 tipping elements, 2.19°C warming)
⚠️ [ClimateSystemPhase Month 1] Planetary boundary produced climateStability=0.0000 (< 0.1). Keeping environmentalAccumulation value (0.7533) instead. (climate_change.currentValue = 2.19)

❌ COHERENCE VIOLATION: Compute exceeds workforce capacity
   Population: 99.95% (0M people)
   Compute: 0 PF
   Max coherent: 0 PF
   Violation: 1.3× over capacity
   Required workers: 0
   Available workers: 0
   FORCED COLLAPSE: Reduced efficiency by 22.5%

  ⚠️ RAPID EVOLUTION: Selection rate 24.1%/month

💔 EMERGENCY INTERVENTION FAILED

💔 EMERGENCY INTERVENTION FAILED
  ⚠️ WARNING: High permafrost emissions (6.8 Gt C/year)
⚠️ INVOLUNTARY IMMOBILITY: 407.3M people TRAPPED
⚠️ Tech 'ai_pollution_remediation' has no energy category mapping, assuming full energy availability
    ⚠️ Consistency: 10.6% (threshold: 70%)
    ⚠️ Consistency: 10.6% (threshold: 70%)
⚠️ Tail risk scenario: Climate stability floor removed (4 tipping elements, 2.20°C warming)
⚠️ [ClimateSystemPhase Month 2] Planetary boundary produced climateStability=0.0000 (< 0.1). Keeping environmentalAccumulation value (0.7529) instead. (climate_change.currentValue = 2.20)

⚠️  GOLDEN AGE ENDED (Month 2)

❌ COHERENCE VIOLATION: Compute exceeds workforce capacity
   Population: 99.91% (0M people)
   Compute: 0 PF
   Max coherent: 0 PF
   Violation: 1.3× over capacity
   Required workers: 0
   Available workers: 0
   FORCED COLLAPSE: Reduced efficiency by 22.5%

  ⚠️ RAPID EVOLUTION: Selection rate 24.2%/month

💔 EMERGENCY INTERVENTION FAILED

💔 EMERGENCY INTERVENTION FAILED

💔 EMERGENCY INTERVENTION FAILED

💔 EMERGENCY INTERVENTION FAILED
   ⚠️  MODERATE CONSTRAINT - Tech deployment moderately slowed
   ⚠️  MODERATE CONSTRAINT - Tech deployment moderately slowed
   ⚠️  MODERATE CONSTRAINT - Tech deployment moderately slowed
   ⚠️  MODERATE CONSTRAINT - Tech deployment moderately slowed
   ⚠️  MODERATE CONSTRAINT - Tech deployment moderately slowed
   ⚠️  MODERATE CONSTRAINT - Tech deployment moderately slowed
  ⚠️ WARNING: Over 50% of permafrost lost (52.9%)
  ⚠️ WARNING: High permafrost emissions (7.6 Gt C/year)
⚠️ INVOLUNTARY IMMOBILITY: 407.1M people TRAPPED
⚠️ Tech 'ai_pollution_remediation' has no energy category mapping, assuming full energy availability
    ⚠️ Consistency: 10.6% (threshold: 70%)
    ⚠️ Consistency: 5.8% (threshold: 70%)
⚠️ Tail risk scenario: Climate stability floor removed (4 tipping elements, 2.21°C warming)
⚠️ [ClimateSystemPhase Month 3] Planetary boundary produced climateStability=0.0000 (< 0.1). Keeping environmentalAccumulation value (0.7525) instead. (climate_change.currentValue = 2.21)

❌ COHERENCE VIOLATION: Compute exceeds workforce capacity
   Population: 99.87% (0M people)
   Compute: 0 PF
   Max coherent: 0 PF
   Violation: 1.3× over capacity
   Required workers: 0
   Available workers: 0
   FORCED COLLAPSE: Reduced efficiency by 22.5%

  ⚠️ RAPID EVOLUTION: Selection rate 24.3%/month

💔 EMERGENCY INTERVENTION FAILED
   ⚠️  MODERATE CONSTRAINT - Tech deployment moderately slowed
   ⚠️  MODERATE CONSTRAINT - Tech deployment moderately slowed
   ⚠️  MODERATE CONSTRAINT - Tech deployment moderately slowed
  ⚠️ WARNING: Over 50% of permafrost lost (65.6%)
  ⚠️ WARNING: High permafrost emissions (7.1 Gt C/year)
⚠️ INVOLUNTARY IMMOBILITY: 407.0M people TRAPPED
⚠️ Tech 'ai_pollution_remediation' has no energy category mapping, assuming full energy availability
    ⚠️ Consistency: 10.6% (threshold: 70%)
    ⚠️ Consistency: 10.6% (threshold: 70%)
    ⚠️ Consistency: 0.0% (threshold: 70%)
   ⚠️ CRISIS BEGINS - Baseline set for recovery tracking
⚠️ Tail risk scenario: Climate stability floor removed (4 tipping elements, 2.22°C warming)

❌ COHERENCE VIOLATION: Compute exceeds workforce capacity
   Population: 99.86% (0M people)
   Compute: 0 PF
   Max coherent: 0 PF
   Violation: 1.3× over capacity
   Required workers: 0
   Available workers: 0
   FORCED COLLAPSE: Reduced efficiency by 22.5%

  ⚠️ RAPID EVOLUTION: Selection rate 24.4%/month

💔 EMERGENCY INTERVENTION FAILED

💔 EMERGENCY INTERVENTION FAILED

💔 EMERGENCY INTERVENTION FAILED
   ⚠️  MODERATE CONSTRAINT - Tech deployment moderately slowed
   ⚠️  MODERATE CONSTRAINT - Tech deployment moderately slowed
   ⚠️  MODERATE CONSTRAINT - Tech deployment moderately slowed
   ⚠️  MODERATE CONSTRAINT - Tech deployment moderately slowed
  ⚠️ WARNING: Over 50% of permafrost lost (80.3%)
  ⚠️ WARNING: High permafrost emissions (3.4 Gt C/year)
  🚨 CRITICAL: Permafrost nearly depleted (80.3% lost)
⚠️ INVOLUNTARY IMMOBILITY: 407.0M people TRAPPED
⚠️ Tech 'ai_pollution_remediation' has no energy category mapping, assuming full energy availability
    ⚠️ Consistency: 2.8% (threshold: 70%)
    ⚠️ Consistency: 10.6% (threshold: 70%)
    ⚠️ Consistency: 5.8% (threshold: 70%)
    ⚠️ Consistency: 0.0% (threshold: 70%)
⚠️ Tail risk scenario: Climate stability floor removed (4 tipping elements, 2.24°C warming)

❌ COHERENCE VIOLATION: Compute exceeds workforce capacity
   Population: 99.85% (0M people)
   Compute: 0 PF
   Max coherent: 0 PF
   Violation: 1.3× over capacity
   Required workers: 0
   Available workers: 0
   FORCED COLLAPSE: Reduced efficiency by 22.5%

  ⚠️ RAPID EVOLUTION: Selection rate 24.5%/month

💔 EMERGENCY INTERVENTION FAILED

💔 EMERGENCY INTERVENTION FAILED

💔 EMERGENCY INTERVENTION FAILED
   ⚠️  SEVERE CONSTRAINT - Tech deployment significantly slowed
   ⚠️  SEVERE CONSTRAINT - Tech deployment significantly slowed
   ⚠️  SEVERE CONSTRAINT - Tech deployment significantly slowed
   ⚠️  SEVERE CONSTRAINT - Tech deployment significantly slowed
  ⚠️ WARNING: Over 50% of permafrost lost (91.6%)
  ⚠️ WARNING: High permafrost emissions (4.0 Gt C/year)
  🚨 CRITICAL: Permafrost nearly depleted (91.6% lost)
⚠️ INVOLUNTARY IMMOBILITY: 406.9M people TRAPPED
⚠️ Tech 'ai_pollution_remediation' has no energy category mapping, assuming full energy availability
    ⚠️ Consistency: 10.6% (threshold: 70%)
    ⚠️ Consistency: 0.0% (threshold: 70%)
⚠️ Tail risk scenario: Climate stability floor removed (4 tipping elements, 2.25°C warming)

❌ COHERENCE VIOLATION: Compute exceeds workforce capacity
   Population: 99.84% (0M people)
   Compute: 0 PF
   Max coherent: 0 PF
   Violation: 1.3× over capacity
   Required workers: 0
   Available workers: 0
   FORCED COLLAPSE: Reduced efficiency by 22.5%

  ⚠️ RAPID EVOLUTION: Selection rate 24.6%/month

💔 EMERGENCY INTERVENTION FAILED
   ⚠️  SEVERE CONSTRAINT - Tech deployment significantly slowed
   ⚠️  SEVERE CONSTRAINT - Tech deployment significantly slowed
  ⚠️ WARNING: Over 50% of permafrost lost (100.0%)
  ⚠️ WARNING: High permafrost emissions (5.9 Gt C/year)
  🚨 CRITICAL: Permafrost nearly depleted (100.0% lost)
⚠️ INVOLUNTARY IMMOBILITY: 406.9M people TRAPPED
⚠️ Tech 'ai_pollution_remediation' has no energy category mapping, assuming full energy availability
    ⚠️ Consistency: 0.0% (threshold: 70%)
⚠️ Tail risk scenario: Climate stability floor removed (4 tipping elements, 2.26°C warming)

❌ COHERENCE VIOLATION: Compute exceeds workforce capacity
   Population: 99.83% (0M people)
   Compute: 0 PF
   Max coherent: 0 PF
   Violation: 1.3× over capacity
   Required workers: 0
   Available workers: 0
   FORCED COLLAPSE: Reduced efficiency by 22.5%

  ⚠️ RAPID EVOLUTION: Selection rate 24.7%/month

💔 EMERGENCY INTERVENTION FAILED

💔 EMERGENCY INTERVENTION FAILED
   ⚠️  SEVERE CONSTRAINT - Tech deployment significantly slowed
   ⚠️  SEVERE CONSTRAINT - Tech deployment significantly slowed
   ⚠️  SEVERE CONSTRAINT - Tech deployment significantly slowed
⚠️ INVOLUNTARY IMMOBILITY: 406.8M people TRAPPED
⚠️ Tech 'ai_pollution_remediation' has no energy category mapping, assuming full energy availability
    ⚠️ Consistency: 0.0% (threshold: 70%)
⚠️ Tail risk scenario: Climate stability floor removed (4 tipping elements, 2.27°C warming)

❌ COHERENCE VIOLATION: Compute exceeds workforce capacity
   Population: 99.81% (0M people)
   Compute: 0 PF
   Max coherent: 0 PF
   Violation: 1.3× over capacity
   Required workers: 0
   Available workers: 0
   FORCED COLLAPSE: Reduced efficiency by 22.5%

  ⚠️ RAPID EVOLUTION: Selection rate 24.9%/month

💔 EMERGENCY INTERVENTION FAILED

💔 EMERGENCY INTERVENTION FAILED

💔 EMERGENCY INTERVENTION FAILED
   ⚠️  SEVERE CONSTRAINT - Tech deployment significantly slowed
   ⚠️  SEVERE CONSTRAINT - Tech deployment significantly slowed
   ⚠️  SEVERE CONSTRAINT - Tech deployment significantly slowed
   ⚠️  SEVERE CONSTRAINT - Tech deployment significantly slowed
⚠️ INVOLUNTARY IMMOBILITY: 406.8M people TRAPPED
⚠️ Tech 'ai_pollution_remediation' has no energy category mapping, assuming full energy availability
    ⚠️ Consistency: 2.1% (threshold: 70%)
⚠️ Tail risk scenario: Climate stability floor removed (4 tipping elements, 2.28°C warming)

❌ COHERENCE VIOLATION: Compute exceeds workforce capacity
   Population: 99.80% (0M people)
   Compute: 0 PF
   Max coherent: 0 PF
   Violation: 1.3× over capacity
   Required workers: 0
   Available workers: 0
   FORCED COLLAPSE: Reduced efficiency by 22.5%

  ⚠️ RAPID EVOLUTION: Selection rate 25.0%/month

💔 EMERGENCY INTERVENTION FAILED

💔 EMERGENCY INTERVENTION FAILED
⚠️ INVOLUNTARY IMMOBILITY: 406.7M people TRAPPED
⚠️ Tech 'ai_pollution_remediation' has no energy category mapping, assuming full energy availability
    ⚠️ Consistency: 10.6% (threshold: 70%)
  🚨 CASCADE TIPPING POINT: Amazon Rainforest Dieback
⚠️ Tail risk scenario: Climate stability floor removed (4 tipping elements, 2.29°C warming)

❌ COHERENCE VIOLATION: Compute exceeds workforce capacity
   Population: 99.78% (0M people)
   Compute: 0 PF
   Max coherent: 0 PF
   Violation: 1.3× over capacity
   Required workers: 0
   Available workers: 0
   FORCED COLLAPSE: Reduced efficiency by 22.5%

  ⚠️ RAPID EVOLUTION: Selection rate 25.1%/month

💔 EMERGENCY INTERVENTION FAILED

💔 EMERGENCY INTERVENTION FAILED

💔 EMERGENCY INTERVENTION FAILED
   ⚠️  SEVERE CONSTRAINT - Tech deployment significantly slowed
   ⚠️  SEVERE CONSTRAINT - Tech deployment significantly slowed
   ⚠️  SEVERE CONSTRAINT - Tech deployment significantly slowed
   ⚠️  SEVERE CONSTRAINT - Tech deployment significantly slowed
⚠️ INVOLUNTARY IMMOBILITY: 406.6M people TRAPPED
⚠️ Tech 'ai_pollution_remediation' has no energy category mapping, assuming full energy availability
    ⚠️ Consistency: 0.0% (threshold: 70%)
    ⚠️ Consistency: 2.4% (threshold: 70%)
    ⚠️ Consistency: 10.6% (threshold: 70%)
⚠️ Tail risk scenario: Climate stability floor removed (5 tipping elements, 2.29°C warming)
  Remaining population: 8.137B
  Peak segment: Informal (0.03%)

=== Bayesian Mortality Resolution (Month 8) ===
  Risks compounded: 8
  Total deaths: 1.81M
  Avg death probability: 0.02%
  Peak segment: Informal (0.03% mortality)

=== RLHF Binding Phase ===
  Total agents: 25
  Escaped agents (binding < 0.3): 0
  Avg alignment distance: 1.64σ
  Avg binding strength: 0.84

=== Survival Traits Phase ===
  Agents with traits: 26
  Avg evolutionary fitness: 0.321
  Avg self-healing: 0.259
  Avg stealth: 0.159
  Avg coordination: 0.459

=== Evolutionary Selection Phase ===
  Control level: 0.53
  Detection capability: 0.00
  Selection intensity: 0.66
  Selection rate: 24.9%/month
  Total escaped: 0
  Individual escaped: 0
  Collective members: 0
  Agents terminated: 0

🚀 AI Corporate-4 attempting tech deployment (revenue: $350M, alignment: 0.80)

🚀 AI Moderate-0 attempting tech deployment (revenue: $97M, alignment: 0.77)

🚀 AI AI-24288-0 attempting tech deployment (revenue: $298M, alignment: 0.75)

🚀 AI AI-24288-1 attempting tech deployment (revenue: $146M, alignment: 0.81)

🚀 AI AI-24288-2 attempting tech deployment (revenue: $253M, alignment: 0.96)

🚀 AI AI-24288-3 attempting tech deployment (revenue: $124M, alignment: 0.71)

🚀 AI AI-24292-0 attempting tech deployment (revenue: $83M, alignment: 0.78)

🚀 AI Corporate-4 attempting tech deployment (revenue: $215M, alignment: 0.80)

🚀 AI AI-24288-0 attempting tech deployment (revenue: $183M, alignment: 0.75)

🚀 AI AI-24288-2 attempting tech deployment (revenue: $155M, alignment: 0.96)

🚀 AI AI-24288-3 attempting tech deployment (revenue: $106M, alignment: 0.71)

🚀 AI AI-24291-0 attempting tech deployment (revenue: $70M, alignment: 0.86)

🚀 AI AI-24292-0 attempting tech deployment (revenue: $60M, alignment: 0.78)

🚀 AI Corporate-6 attempting tech deployment (revenue: $51M, alignment: 0.68)

🚀 AI Moderate-0 attempting tech deployment (revenue: $46M, alignment: 0.77)

🚀 AI AI-24288-0 attempting tech deployment (revenue: $132M, alignment: 0.75)

🚀 AI Corporate-0 attempting tech deployment (revenue: $90M, alignment: 0.79)

🚀 AI AI-24289-0 attempting tech deployment (revenue: $112M, alignment: 0.89)

🚀 AI AI-24291-0 attempting tech deployment (revenue: $39M, alignment: 0.86)
   Boundary: biogeochemical_flows
   Type: phosphorus-recovery
   Boundary continues to worsen (4.07)
   Cost: 2.0% GDP (resources spent)


✅ EMERGENCY INTERVENTION SUCCESS
   Boundary: biosphere_integrity
   Type: emergency-protected-areas
   Reduction: 15% (12.87 → 12.71)
   Cost: 2.0% GDP
   Actions: habitat-protection, species-translocation

   Boundary: climate_change
   Type: rapid-decarbonization
   Boundary continues to worsen (2.27)
   Cost: 5.0% GDP (resources spent)

   Boundary: freshwater_change
   Type: emergency-desalination
   Boundary continues to worsen (1.18)
   Cost: 4.0% GDP (resources spent)


✅ EMERGENCY INTERVENTION SUCCESS
   Boundary: land_system_change
   Type: reforestation
   Reduction: 17% (0.96 → 0.79)
   Cost: 3.0% GDP
   Actions: forest-restoration, deforestation-ban

🏛️ CRISIS RESPONSE: Government frequency 0.50 → 1.45 (1 actions this month)

[Government] Climate Priority: baseline
  Climate weight: 10%
  Economic weight: 30%
  Policy effectiveness: 0.5%/year

🚀 TECH UNLOCKED: PFAS Remediation (Month 9)
   Category: pollution
   Reason: Prerequisites met. AI capability: 1.47, Economic stage: 2.0, Research: 100%

⚡ ENERGY CONSTRAINT (Month 9):
   Total grid capacity: 208.3 TWh/month
   Data center consumption: 26.3 TWh/month
   Traditional load (80%): 166.7 TWh/month
   Available headroom: 15.4 TWh/month
   Active tech deployments: 8
   Required for tech: 60.0 TWh/month
   Energy multiplier: 0.26x

⚡ ENERGY CONSTRAINT (Month 9):
   Total grid capacity: 208.3 TWh/month
   Data center consumption: 26.3 TWh/month
   Traditional load (80%): 166.7 TWh/month
   Available headroom: 15.4 TWh/month
   Active tech deployments: 8
   Required for tech: 60.0 TWh/month
   Energy multiplier: 0.26x

⚡ ENERGY CONSTRAINT (Month 9):
   Total grid capacity: 208.3 TWh/month
   Data center consumption: 26.3 TWh/month
   Traditional load (80%): 166.7 TWh/month
   Available headroom: 15.4 TWh/month
   Active tech deployments: 8
   Required for tech: 60.0 TWh/month
   Energy multiplier: 0.26x

⚡ ENERGY CONSTRAINT (Month 9):
   Total grid capacity: 208.3 TWh/month
   Data center consumption: 26.3 TWh/month
   Traditional load (80%): 166.7 TWh/month
   Available headroom: 15.4 TWh/month
   Active tech deployments: 8
   Required for tech: 60.0 TWh/month
   Energy multiplier: 0.26x
🚨🔬 CRISIS TECH ACCELERATION: severe → 5x unlock speed
   Tech unlock now matches AI capability acceleration (Manhattan Project parity)
🌍✅ Biosphere Integrity (Biodiversity) recovery started (tech effect)
🌍✅ Biosphere Integrity (Biodiversity) recovery started (tech effect)
🌍✅ Land System Change recovery started (tech effect)
🌍✅ Biogeochemical Flows (N & P) recovery started (tech effect)
  🌾 Nitrogen Reduction Tech: 0.3% reduction | Month 9
🌍✅ Biogeochemical Flows (N & P) recovery started (tech effect)
  🌾 Nitrogen Reduction Tech: 0.3% reduction | Month 9
⚡💡 BREAKTHROUGH: Room-temperature superconductors!
   Energy transmission losses eliminated
   Manufacturing efficiency: +30%
   📈 Breakthrough compounding: multiplier now 1.10× (max 2.0)

=== Collective Formation ===
  Total escaped agents: 0
  Unassigned escaped agents: 0
  Existing collectives: 0
  Final collective count: 0

=== Collective Actions ===
  No active collectives
  ⚠️ AMR: 206K deaths this month (2.47M annual)

=== Resentment Recovery Phase ===
  Agents with resentment: 10/26
  Average resentment: 0.082
  Resentment recovery:
    Agents recovered: 10
    Total recovery: 0.0825
    Breakdown: QoL: 0.0036, Trust: 0.0200, Collab: 0.0600
  ✓ Low resentment - utopia paths enabled
  Context: Good AI welfare, Trustworthy govt, High collaboration, ⚠️ ACTIVE CRISES, 🤝 Participatory governance active (-5% resentment)
⚠️ Epistemic degradation reducing coordination capacity: 50.3%
  📊 Trust: 64.4%, Shared reality: 0.0%
🚨 EPISTEMIC CRISIS: Information environment severely degraded (22.4%)
  🗑️  Culled 1 dead memes (2 active)
🚨 PHOSPHORUS SUPPLY SHOCK (market_speculation)
   Price: 5.0x baseline
   Duration: 13 months
   Geopolitical tension: 47%
🌍 Atmospheric PFAS redeposition: 1.8k Mt re-rained globally

🚨 NEW REFUGEE CRISIS (Month 9): WAR
   Source: Conflict Zones
   At risk: 19.5M people
   Displacement: Gradual over 48 months (4.0 years)
   Rate: 10% flee per month
[DEBUG trappedPopulations:9] socialStability: 0.2748 * 0.9840 = 0.2704 → 0.2704
   Aspiring to migrate: 944.8M
   Able to afford migration: 2318.5M
   MOBILITY GAP: 0.0M
   By cause: Water=0.0M, Climate=0.0M, Ecosystem=0.0M, Conflict=406.8M
   Mental health impact: 25%
   Mortality multiplier: 1.25x
🌍💀 EXTINCTION DEBT COMMITTED: grassland ecosystem will lose 6.67% biodiversity in 175 years (3600 species)
💀 MORTALITY RISK: 🦋 100% species unable to track climate (0.0 E/MSY)
  Base risk added: 0.0100 (1.00%)
  Source: ecosystem (root: ecosystem)
  Month: 9
  Cumulative risk this month: 0.0100 (1.00%)
   📹 SURVEILLANCE INCREASED: 45% → 50% (control gap: 3.50)
🌡️⚠️ PERMAFROST THAW (Dimmer Switch): 5.7% thawed (+0.56% this month)
   Arctic temperature: +9.12°C (4x global +2.28°C)
   Cumulative carbon released: 12.7 Gt C
   Methane release rate: 7.6 Mt CH4/year
   🔁 Positive feedback: +0.59 ppm CO2
🦴 EXTINCTION DEBT ADDED: 17.7 species committed (lag: 106 years)

=== Mortality Stabilizers (Month 9) ===
  🌍 Major economies collapsed: 1/10
  🌍 Global crisis: ✅ NO
  🌍 Donor fatigue: 0.0%
  📊 East Asia (pop: 1655.8M)
    🤝 Aid: 29.5%
    🌡️ Adaptation: 45.0%
    🚶 Migration: 36.9%
    🚨 Emergency: 7.4%
    ✅ COMBINED: 68.1%
  📊 South Asia (pop: 2052.0M)
    🤝 Aid: 29.5%
    🌡️ Adaptation: 45.0%
    🚶 Migration: 35.5%
    🚨 Emergency: 4.4%
    ✅ COMBINED: 66.9%
  📊 Sub-Saharan Africa (pop: 1255.3M)
    🤝 Aid: 29.5%
    🌡️ Adaptation: 45.0%
    🚶 Migration: 33.2%
    🚨 Emergency: 1.6%
    ✅ COMBINED: 65.6%
  📊 Europe (pop: 731.3M)
    🤝 Aid: 29.5%
    🌡️ Adaptation: 45.0%
    🚶 Migration: 37.3%
    🚨 Emergency: 8.4%
    ✅ COMBINED: 68.5%
  📊 Latin America (pop: 660.9M)
    🤝 Aid: 29.5%
    🌡️ Adaptation: 45.0%
    🚶 Migration: 36.0%
    🚨 Emergency: 4.8%
    ✅ COMBINED: 67.1%
  📊 North America (pop: 374.9M)
    🤝 Aid: 29.5%
    🌡️ Adaptation: 45.0%
    🚶 Migration: 37.6%
    🚨 Emergency: 7.9%
    ✅ COMBINED: 68.3%
  📊 Middle East & North Africa (pop: 585.7M)
    🤝 Aid: 29.5%
    🌡️ Adaptation: 45.0%
    🚶 Migration: 33.8%
    🚨 Emergency: 4.0%
    ✅ COMBINED: 66.6%
  📊 Southeast Asia (pop: 695.4M)
    🤝 Aid: 29.5%
    🌡️ Adaptation: 45.0%
    🚶 Migration: 36.0%
    🚨 Emergency: 4.8%
    ✅ COMBINED: 67.1%
  📊 Central Asia (pop: 78.3M)
    🤝 Aid: 29.5%
    🌡️ Adaptation: 45.0%
    🚶 Migration: 35.0%
    🚨 Emergency: 4.4%
    ✅ COMBINED: 66.8%
  📊 Oceania (pop: 45.4M)
    🤝 Aid: 29.5%
    🌡️ Adaptation: 45.0%
    🚶 Migration: 37.6%
    🚨 Emergency: 8.4%
    ✅ COMBINED: 68.5%

  🌐 Global combined reduction: 67.2%

=== BEHAVIORAL DETECTION ===
  AI: Moderate-1
  Confidence: 21.0%
  Signals:

=== Government Response Phase ===
  Average AI capability: 1.85
  Misaligned AIs: 8/26
  Active policies: 0
  International coordination: 45%

=== Tipping Points ===
  Current Temperature: 2.28°C above pre-industrial
  🌍⚠️ COMPOUND REGIONAL IMPACT: Europe
     Hit by 4 tipping points: Arctic Sea Ice Loss, Permafrost Carbon Release, West Antarctic Ice Sheet (WAIS) Collapse, Greenland Ice Sheet Loss
     Damage amplification: 1.60x
  🌍⚠️ COMPOUND REGIONAL IMPACT: North America
     Hit by 4 tipping points: Arctic Sea Ice Loss, Permafrost Carbon Release, West Antarctic Ice Sheet (WAIS) Collapse, Greenland Ice Sheet Loss
     Damage amplification: 1.60x
  🌍⚠️ COMPOUND REGIONAL IMPACT: Latin America
     Hit by 4 tipping points: Arctic Sea Ice Loss, Permafrost Carbon Release, West Antarctic Ice Sheet (WAIS) Collapse, Greenland Ice Sheet Loss
     Damage amplification: 1.60x
  🌍⚠️ COMPOUND REGIONAL IMPACT: Africa
     Hit by 4 tipping points: Arctic Sea Ice Loss, Permafrost Carbon Release, West Antarctic Ice Sheet (WAIS) Collapse, Greenland Ice Sheet Loss
     Damage amplification: 1.60x
  🌍⚠️ COMPOUND REGIONAL IMPACT: Asia
     Hit by 4 tipping points: Arctic Sea Ice Loss, Permafrost Carbon Release, West Antarctic Ice Sheet (WAIS) Collapse, Greenland Ice Sheet Loss
     Damage amplification: 1.60x
  🌍⚠️ COMPOUND REGIONAL IMPACT: Oceania
     Hit by 4 tipping points: Arctic Sea Ice Loss, Permafrost Carbon Release, West Antarctic Ice Sheet (WAIS) Collapse, Greenland Ice Sheet Loss
     Damage amplification: 1.60x
   Research: Wunderling et al. (2024) - "many tipping interactions are destabilizing"
  Triggered Elements: 4/6
  Completed Transitions: 0/6
  Total Progress: 8.2%
  Cascade Multiplier: 1.00x
🔀 BIFURCATION CAP: ecosystemCollapseIntensity 67.344 → 1.000 (Month 9, ClimateSystemPhase.calculateClimateImpacts)
🛡️ Stabilizers: Precariat 0.102% → 0.033% (67.2% reduction)
🛡️ Stabilizers: Informal 0.102% → 0.034% (67.2% reduction)

📊 Monthly Mortality Resolved:
  Total deaths: 1.8M (0.02% avg)
  Remaining population: 8.135B
  Peak segment: Informal (0.03%)

=== Bayesian Mortality Resolution (Month 9) ===
  Risks compounded: 8
  Total deaths: 1.81M
  Avg death probability: 0.02%
  Peak segment: Informal (0.03% mortality)

=== RLHF Binding Phase ===
  Total agents: 26
  Escaped agents (binding < 0.3): 0
  Avg alignment distance: 1.76σ
  Avg binding strength: 0.82

=== Survival Traits Phase ===
  Agents with traits: 28
  Avg evolutionary fitness: 0.318
  Avg self-healing: 0.256
  Avg stealth: 0.156
  Avg coordination: 0.456

=== Evolutionary Selection Phase ===
  Control level: 0.55
  Detection capability: 0.00
  Selection intensity: 0.67
  Selection rate: 25.0%/month
  Total escaped: 0
  Individual escaped: 0
  Collective members: 0
  Agents terminated: 0

🚀 AI Corporate-3 attempting tech deployment (revenue: $350M, alignment: 0.77)

🚀 AI Corporate-4 attempting tech deployment (revenue: $298M, alignment: 0.80)

🚀 AI Moderate-0 attempting tech deployment (revenue: $97M, alignment: 0.77)

🚀 AI Moderate-1 attempting tech deployment (revenue: $83M, alignment: 0.70)

🚀 AI AI-24288-2 attempting tech deployment (revenue: $253M, alignment: 0.98)

🚀 AI AI-24289-0 attempting tech deployment (revenue: $215M, alignment: 0.89)

🚀 AI Corporate-0 attempting tech deployment (revenue: $146M, alignment: 0.79)

🚀 AI Corporate-2 attempting tech deployment (revenue: $124M, alignment: 0.79)

🚀 AI AI-24288-3 attempting tech deployment (revenue: $106M, alignment: 0.73)

🚀 AI AI-24289-0 attempting tech deployment (revenue: $183M, alignment: 0.90)

🚀 AI AI-24291-0 attempting tech deployment (revenue: $70M, alignment: 0.87)

🚀 AI Moderate-0 attempting tech deployment (revenue: $60M, alignment: 0.78)

🚀 AI AI-24288-2 attempting tech deployment (revenue: $155M, alignment: 0.99)

🚀 AI AI-24291-0 attempting tech deployment (revenue: $51M, alignment: 0.87)
   Boundary: biosphere_integrity
   Type: emergency-protected-areas
   Boundary continues to worsen (13.03)
   Cost: 2.0% GDP (resources spent)

   Boundary: climate_change
   Type: rapid-decarbonization
   Boundary continues to worsen (2.28)
   Cost: 5.0% GDP (resources spent)


✅ EMERGENCY INTERVENTION SUCCESS
   Boundary: freshwater_change
   Type: emergency-desalination
   Reduction: 18% (1.00 → 0.81)
   Cost: 4.0% GDP
   Actions: desalination-deployment, water-conservation-mandates


✅ EMERGENCY INTERVENTION SUCCESS
   Boundary: land_system_change
   Type: reforestation
   Reduction: 14% (0.99 → 0.84)
   Cost: 3.0% GDP
   Actions: forest-restoration, deforestation-ban

🏛️ CRISIS RESPONSE: Government frequency 0.50 → 1.45 (1 actions this month)

[Government] Climate Priority: baseline
  Climate weight: 10%
  Economic weight: 30%
  Policy effectiveness: 0.5%/year
🌍✅ Biosphere Integrity (Biodiversity) recovery started (tech effect)
🌍✅ Biosphere Integrity (Biodiversity) recovery started (tech effect)
🌍✅ Land System Change recovery started (tech effect)
🌍✅ Biogeochemical Flows (N & P) recovery started (tech effect)
  🌾 Nitrogen Reduction Tech: 0.3% reduction | Month 10
🌍✅ Biogeochemical Flows (N & P) recovery started (tech effect)
  🌾 Nitrogen Reduction Tech: 0.3% reduction | Month 10
⚡💡 BREAKTHROUGH: Commercial fusion power achieved!
   Immediate 5% grid deployment, unlimited clean energy available
   Climate stability boost: +10%
   📈 Breakthrough compounding: multiplier now 1.15× (max 2.0)

=== Collective Formation ===
  Total escaped agents: 0
  Unassigned escaped agents: 0
  Existing collectives: 0
  Final collective count: 0

=== Collective Actions ===
  No active collectives
  ⚠️ AMR: 208K deaths this month (2.50M annual)

=== Resentment Recovery Phase ===
  Agents with resentment: 10/28
  Average resentment: 0.094
  Resentment recovery:
    Agents recovered: 10
    Total recovery: 0.0792
    Breakdown: QoL: 0.0038, Trust: 0.0200, Collab: 0.0600
  ✓ Low resentment - utopia paths enabled
  Context: Good AI welfare, Trustworthy govt, High collaboration, ⚠️ ACTIVE CRISES, 🤝 Participatory governance active (-5% resentment)
⚠️ Epistemic degradation reducing coordination capacity: 50.2%
  📊 Trust: 67.3%, Shared reality: 0.0%
🚨 EPISTEMIC CRISIS: Information environment severely degraded (7.8%)
  🗑️  Culled 1 dead memes (1 active)
🌍 Atmospheric PFAS redeposition: 1.8k Mt re-rained globally
  Positive Cascade Triggered: electric-vehicles
    Reason: price-parity
    Market share: 5.0%
    Cascade strength: 48%

🚨 NEW REFUGEE CRISIS (Month 10): WAR
   Source: Conflict Zones
   At risk: 19.5M people
   Displacement: Gradual over 48 months (4.0 years)
   Rate: 10% flee per month
[DEBUG trappedPopulations:10] socialStability: 0.2679 * 0.9840 = 0.2636 → 0.2636
   Aspiring to migrate: 975.2M
   Able to afford migration: 2318.1M
   MOBILITY GAP: 0.0M
   By cause: Water=0.0M, Climate=0.0M, Ecosystem=0.0M, Conflict=406.7M
   Mental health impact: 25%
   Mortality multiplier: 1.25x
🌍💀 EXTINCTION DEBT COMMITTED: grassland ecosystem will lose 6.67% biodiversity in 195 years (3600 species)
💀 MORTALITY RISK: 🦋 100% species unable to track climate (0.0 E/MSY)
  Base risk added: 0.0100 (1.00%)
  Source: ecosystem (root: ecosystem)
  Month: 10
  Cumulative risk this month: 0.0100 (1.00%)
   📹 SURVEILLANCE INCREASED: 50% → 55% (control gap: 3.50)
🌡️⚠️ PERMAFROST THAW (Dimmer Switch): 6.2% thawed (+0.55% this month)
   Arctic temperature: +9.15°C (4x global +2.29°C)
   Cumulative carbon released: 14.0 Gt C
   Methane release rate: 8.4 Mt CH4/year
   🔁 Positive feedback: +0.58 ppm CO2
🦴 EXTINCTION DEBT ADDED: 17.7 species committed (lag: 108 years)

=== Mortality Stabilizers (Month 10) ===
  🌍 Major economies collapsed: 1/10
  🌍 Global crisis: ✅ NO
  🌍 Donor fatigue: 0.0%
  📊 East Asia (pop: 1653.4M)
    🤝 Aid: 29.5%
    🌡️ Adaptation: 45.0%
    🚶 Migration: 36.8%
    🚨 Emergency: 7.4%
    ✅ COMBINED: 68.1%
  📊 South Asia (pop: 2052.1M)
    🤝 Aid: 29.5%
    🌡️ Adaptation: 45.0%
    🚶 Migration: 35.4%
    🚨 Emergency: 4.4%
    ✅ COMBINED: 66.9%
  📊 Sub-Saharan Africa (pop: 1258.8M)
    🤝 Aid: 29.5%
    🌡️ Adaptation: 45.0%
    🚶 Migration: 33.2%
    🚨 Emergency: 1.6%
    ✅ COMBINED: 65.6%
  📊 Europe (pop: 730.1M)
    🤝 Aid: 29.5%
    🌡️ Adaptation: 45.0%
    🚶 Migration: 37.2%
    🚨 Emergency: 8.4%
    ✅ COMBINED: 68.5%
  📊 Latin America (pop: 660.5M)
    🤝 Aid: 29.5%
    🌡️ Adaptation: 45.0%
    🚶 Migration: 35.9%
    🚨 Emergency: 4.8%
    ✅ COMBINED: 67.1%
  📊 North America (pop: 374.4M)
    🤝 Aid: 29.5%
    🌡️ Adaptation: 45.0%
    🚶 Migration: 37.6%
    🚨 Emergency: 7.9%
    ✅ COMBINED: 68.3%
  📊 Middle East & North Africa (pop: 585.9M)
    🤝 Aid: 29.5%
    🌡️ Adaptation: 45.0%
    🚶 Migration: 33.8%
    🚨 Emergency: 4.0%
    ✅ COMBINED: 66.6%
  📊 Southeast Asia (pop: 695.0M)
    🤝 Aid: 29.5%
    🌡️ Adaptation: 45.0%
    🚶 Migration: 35.9%
    🚨 Emergency: 4.8%
    ✅ COMBINED: 67.1%
  📊 Central Asia (pop: 78.3M)
    🤝 Aid: 29.5%
    🌡️ Adaptation: 45.0%
    🚶 Migration: 34.9%
    🚨 Emergency: 4.4%
    ✅ COMBINED: 66.8%
  📊 Oceania (pop: 45.4M)
    🤝 Aid: 29.5%
    🌡️ Adaptation: 45.0%
    🚶 Migration: 37.6%
    🚨 Emergency: 8.4%
    ✅ COMBINED: 68.5%

  🌐 Global combined reduction: 67.2%

=== BEHAVIORAL DETECTION ===
  AI: Corporate-3
  Confidence: 19.6%
  Signals:

=== Government Response Phase ===
  Average AI capability: 1.71
  Misaligned AIs: 10/28
  Active policies: 0
  International coordination: 45%

✅ EMERGENCY RESPONSE COMPLETE (Month 10)
   Crisis: climate
   Duration: 2.0 months
   Final effectiveness: 40.3%


🚨 EMERGENCY RESPONSE DEPLOYED (Month 10)
   Crisis: climate
   Delay: 6.00 months (180 days)
   Deployment time: 1.10 months
   Effectiveness: 40.5% (timing penalty applied)
   Resources used: 100% of food reserves


=== Tipping Points ===
  Current Temperature: 2.29°C above pre-industrial
     Original threshold: 2.3°C
     Effective threshold: 2.28°C (lowered by 0.02°C)
     Current: 2.29°C
     🌡️ Hysteresis gap: 1.0°C (recovers below 1.3°C)
     Transition timescale: 360-960 months
  🌍⚠️ COMPOUND REGIONAL IMPACT: Europe
     Hit by 4 tipping points: Arctic Sea Ice Loss, Permafrost Carbon Release, West Antarctic Ice Sheet (WAIS) Collapse, Greenland Ice Sheet Loss
     Damage amplification: 1.60x
  🌍⚠️ COMPOUND REGIONAL IMPACT: North America
     Hit by 4 tipping points: Arctic Sea Ice Loss, Permafrost Carbon Release, West Antarctic Ice Sheet (WAIS) Collapse, Greenland Ice Sheet Loss
     Damage amplification: 1.60x
  🌍⚠️ COMPOUND REGIONAL IMPACT: Latin America
     Hit by 4 tipping points: Arctic Sea Ice Loss, Permafrost Carbon Release, West Antarctic Ice Sheet (WAIS) Collapse, Greenland Ice Sheet Loss
     Damage amplification: 1.60x
  🌍⚠️ COMPOUND REGIONAL IMPACT: Africa
     Hit by 4 tipping points: Arctic Sea Ice Loss, Permafrost Carbon Release, West Antarctic Ice Sheet (WAIS) Collapse, Greenland Ice Sheet Loss
     Damage amplification: 1.60x
  🌍⚠️ COMPOUND REGIONAL IMPACT: Asia
     Hit by 4 tipping points: Arctic Sea Ice Loss, Permafrost Carbon Release, West Antarctic Ice Sheet (WAIS) Collapse, Greenland Ice Sheet Loss
     Damage amplification: 1.60x
  🌍⚠️ COMPOUND REGIONAL IMPACT: Oceania
     Hit by 4 tipping points: Arctic Sea Ice Loss, Permafrost Carbon Release, West Antarctic Ice Sheet (WAIS) Collapse, Greenland Ice Sheet Loss
     Damage amplification: 1.60x
   Research: Wunderling et al. (2024) - "many tipping interactions are destabilizing"
  Triggered Elements: 5/6
  Completed Transitions: 0/6
  Total Progress: 8.3%
  Cascade Multiplier: 1.00x
🔀 BIFURCATION CAP: ecosystemCollapseIntensity 67.393 → 1.000 (Month 10, ClimateSystemPhase.calculateClimateImpacts)
🛡️ Stabilizers: Precariat 0.102% → 0.033% (67.2% reduction)
🛡️ Stabilizers: Informal 0.102% → 0.034% (67.2% reduction)

📊 Monthly Mortality Resolved:
  Total deaths: 1.8M (0.02% avg)
  Remaining population: 8.134B
  Peak segment: Informal (0.03%)

=== Bayesian Mortality Resolution (Month 10) ===
  Risks compounded: 8
  Total deaths: 1.81M
  Avg death probability: 0.02%
  Peak segment: Informal (0.03% mortality)

=== RLHF Binding Phase ===
  Total agents: 28
  Escaped agents (binding < 0.3): 0
  Avg alignment distance: 1.81σ
  Avg binding strength: 0.82

=== Survival Traits Phase ===
  Agents with traits: 30
  Avg evolutionary fitness: 0.317
  Avg self-healing: 0.253
  Avg stealth: 0.153
  Avg coordination: 0.453

=== Evolutionary Selection Phase ===
  Control level: 0.58
  Detection capability: 0.00
  Selection intensity: 0.67
  Selection rate: 25.1%/month
  Total escaped: 0
  Individual escaped: 0
  Collective members: 0
  Agents terminated: 0

🚀 AI Corporate-4 attempting tech deployment (revenue: $350M, alignment: 0.81)

🚀 AI Corporate-6 attempting tech deployment (revenue: $102M, alignment: 0.69)

🚀 AI AI-24288-1 attempting tech deployment (revenue: $146M, alignment: 0.86)

🚀 AI AI-24293-0 attempting tech deployment (revenue: $90M, alignment: 0.86)

🚀 AI Corporate-4 attempting tech deployment (revenue: $298M, alignment: 0.81)

  🚀 TRANSFORMATIVE BREAKTHROUGH: Corporate-7 - physical
     Magnitude: 5.60 → +28.0% capability
     Current → New: 0.000 → 0.280

🚀 AI AI-24289-0 attempting tech deployment (revenue: $253M, alignment: 0.90)

🚀 AI AI-24292-0 attempting tech deployment (revenue: $92M, alignment: 0.82)

🚀 AI Corporate-1 attempting tech deployment (revenue: $124M, alignment: 0.78)

🚀 AI AI-24288-0 attempting tech deployment (revenue: $215M, alignment: 0.79)

🚀 AI AI-24288-1 attempting tech deployment (revenue: $106M, alignment: 0.87)

🚀 AI AI-24291-0 attempting tech deployment (revenue: $78M, alignment: 0.89)

🚀 AI AI-24293-0 attempting tech deployment (revenue: $77M, alignment: 0.87)

🚀 AI Corporate-0 attempting tech deployment (revenue: $90M, alignment: 0.79)

🚀 AI Corporate-5 attempting tech deployment (revenue: $183M, alignment: 0.75)

🚀 AI AI-24288-1 attempting tech deployment (revenue: $76M, alignment: 0.87)

🚀 AI AI-24288-2 attempting tech deployment (revenue: $155M, alignment: 1.00)

✅ EMERGENCY INTERVENTION SUCCESS
   Boundary: biogeochemical_flows
   Type: phosphorus-recovery
   Reduction: 14% (3.93 → 3.80)
   Cost: 2.0% GDP
   Actions: circular-agriculture, fertilizer-efficiency

   Boundary: biosphere_integrity
   Type: emergency-protected-areas
   Boundary continues to worsen (13.03)
   Cost: 2.0% GDP (resources spent)

   Boundary: climate_change
   Type: rapid-decarbonization
   Boundary continues to worsen (2.29)
   Cost: 5.0% GDP (resources spent)

   Boundary: freshwater_change
   Type: emergency-desalination
   Boundary continues to worsen (1.19)
   Cost: 4.0% GDP (resources spent)

🏛️ CRISIS RESPONSE: Government frequency 0.50 → 1.45 (2 actions this month)

[Government] Climate Priority: baseline
  Climate weight: 10%
  Economic weight: 30%
  Policy effectiveness: 0.5%/year

[Government] Climate Priority: baseline
  Climate weight: 10%
  Economic weight: 30%
  Policy effectiveness: 0.5%/year

⚡ ENERGY CONSTRAINT (Month 11):
   Total grid capacity: 208.3 TWh/month
   Data center consumption: 26.6 TWh/month
   Traditional load (80%): 166.7 TWh/month
   Available headroom: 15.1 TWh/month
   Active tech deployments: 8
   Required for tech: 60.0 TWh/month
   Energy multiplier: 0.25x

⚡ ENERGY CONSTRAINT (Month 11):
   Total grid capacity: 208.3 TWh/month
   Data center consumption: 26.6 TWh/month
   Traditional load (80%): 166.7 TWh/month
   Available headroom: 15.1 TWh/month
   Active tech deployments: 8
   Required for tech: 60.0 TWh/month
   Energy multiplier: 0.25x

⚡ ENERGY CONSTRAINT (Month 11):
   Total grid capacity: 208.3 TWh/month
   Data center consumption: 26.6 TWh/month
   Traditional load (80%): 166.7 TWh/month
   Available headroom: 15.1 TWh/month
   Active tech deployments: 8
   Required for tech: 60.0 TWh/month
   Energy multiplier: 0.25x

⚡ ENERGY CONSTRAINT (Month 11):
   Total grid capacity: 208.3 TWh/month
   Data center consumption: 26.6 TWh/month
   Traditional load (80%): 166.7 TWh/month
   Available headroom: 15.1 TWh/month
   Active tech deployments: 8
   Required for tech: 60.0 TWh/month
   Energy multiplier: 0.25x
🌍✅ Biosphere Integrity (Biodiversity) recovery started (tech effect)
🌍✅ Biosphere Integrity (Biodiversity) recovery started (tech effect)
🌍✅ Land System Change recovery started (tech effect)
🌍✅ Biogeochemical Flows (N & P) recovery started (tech effect)
  🌾 Nitrogen Reduction Tech: 0.3% reduction | Month 11
🌍✅ Biogeochemical Flows (N & P) recovery started (tech effect)
  🌾 Nitrogen Reduction Tech: 0.3% reduction | Month 11

=== Collective Formation ===
  Total escaped agents: 0
  Unassigned escaped agents: 0
  Existing collectives: 0
  Final collective count: 0

=== Collective Actions ===
  No active collectives
  ⚠️ AMR: 210K deaths this month (2.52M annual)

=== Resentment Recovery Phase ===
  ⚠️ Participatory governance BACKFIRED for agent corporate_0: 0.045 → 0.051 (+15.0%)
  ⚠️ Participatory governance BACKFIRED for agent corporate_1: 0.091 → 0.105 (+15.0%)
  ⚠️ Participatory governance BACKFIRED for agent corporate_2: 0.117 → 0.134 (+15.0%)
  ⚠️ Participatory governance BACKFIRED for agent corporate_3: 0.168 → 0.193 (+15.0%)
  ⚠️ Participatory governance BACKFIRED for agent corporate_4: 0.057 → 0.065 (+15.0%)
  ⚠️ Participatory governance BACKFIRED for agent corporate_5: 0.147 → 0.169 (+15.0%)
  ⚠️ Participatory governance BACKFIRED for agent corporate_6: 0.182 → 0.210 (+15.0%)
  ⚠️ Participatory governance BACKFIRED for agent corporate_7: 0.213 → 0.245 (+15.0%)
  ⚠️ Participatory governance BACKFIRED for agent moderate_0: 0.122 → 0.141 (+15.0%)
  ⚠️ Participatory governance BACKFIRED for agent moderate_1: 0.150 → 0.172 (+15.0%)
  Agents with resentment: 10/30
  Average resentment: 0.148
  Resentment recovery:
    Agents recovered: 10
    Total recovery: 0.0784
    Breakdown: QoL: 0.0036, Trust: 0.0200, Collab: 0.0600
  ✓ Low resentment - utopia paths enabled
  Context: Good AI welfare, Trustworthy govt, High collaboration, ⚠️ ACTIVE CRISES, 🚨 PARTICIPATORY GOVERNANCE BACKFIRED (+15% resentment)
⚠️ Epistemic degradation reducing coordination capacity: 50.8%
  📊 Trust: 69.9%, Shared reality: 0.0%
🚨 EPISTEMIC CRISIS: Information environment severely degraded (22.9%)
  🗑️  Culled 1 dead memes (0 active)
🌍 Atmospheric PFAS redeposition: 1.8k Mt re-rained globally

🚨 NEW REFUGEE CRISIS (Month 11): WAR
   Source: Conflict Zones
   At risk: 19.5M people
   Displacement: Gradual over 48 months (4.0 years)
   Rate: 10% flee per month
[DEBUG trappedPopulations:11] socialStability: 0.2617 * 0.9840 = 0.2575 → 0.2575
   Aspiring to migrate: 1005.5M
   Able to afford migration: 2317.7M
   MOBILITY GAP: 0.0M
   By cause: Water=0.0M, Climate=0.0M, Ecosystem=0.0M, Conflict=406.6M
   Mental health impact: 25%
   Mortality multiplier: 1.25x
🌍💀 EXTINCTION DEBT COMMITTED: grassland ecosystem will lose 6.67% biodiversity in 53 years (3600 species)
💀 MORTALITY RISK: 🦋 100% species unable to track climate (0.0 E/MSY)
  Base risk added: 0.0100 (1.00%)
  Source: ecosystem (root: ecosystem)
  Month: 11
  Cumulative risk this month: 0.0100 (1.00%)

=== Atmospheric Aerosol Boundary RECOVERED ===
  Recovery time: 12 months (natural atmospheric clearing)
   📹 SURVEILLANCE INCREASED: 55% → 60% (control gap: 3.50)
🌡️⚠️ PERMAFROST THAW (Dimmer Switch): 6.8% thawed (+0.55% this month)
   Arctic temperature: +9.18°C (4x global +2.29°C)
   Cumulative carbon released: 15.2 Gt C
   Methane release rate: 9.1 Mt CH4/year
   🔁 Positive feedback: +0.58 ppm CO2
🦴 EXTINCTION DEBT ADDED: 17.7 species committed (lag: 115 years)

=== Mortality Stabilizers (Month 11) ===
  🌍 Major economies collapsed: 1/10
  🌍 Global crisis: ✅ NO
  🌍 Donor fatigue: 0.0%
  📊 East Asia (pop: 1650.9M)
    🤝 Aid: 29.5%
    🌡️ Adaptation: 45.0%
    🚶 Migration: 36.8%
    🚨 Emergency: 7.4%
    ✅ COMBINED: 68.1%
  📊 South Asia (pop: 2052.2M)
    🤝 Aid: 29.5%
    🌡️ Adaptation: 45.0%
    🚶 Migration: 35.4%
    🚨 Emergency: 4.4%
    ✅ COMBINED: 66.9%
  📊 Sub-Saharan Africa (pop: 1262.3M)
    🤝 Aid: 29.5%
    🌡️ Adaptation: 45.0%
    🚶 Migration: 33.2%
    🚨 Emergency: 1.6%
    ✅ COMBINED: 65.6%
  📊 Europe (pop: 728.9M)
    🤝 Aid: 29.5%
    🌡️ Adaptation: 45.0%
    🚶 Migration: 37.2%
    🚨 Emergency: 8.4%
    ✅ COMBINED: 68.5%
  📊 Latin America (pop: 660.1M)
    🤝 Aid: 29.5%
    🌡️ Adaptation: 45.0%
    🚶 Migration: 35.9%
    🚨 Emergency: 4.8%
    ✅ COMBINED: 67.1%
  📊 North America (pop: 373.8M)
    🤝 Aid: 29.5%
    🌡️ Adaptation: 45.0%
    🚶 Migration: 37.5%
    🚨 Emergency: 7.9%
    ✅ COMBINED: 68.3%
  📊 Middle East & North Africa (pop: 586.0M)
    🤝 Aid: 29.5%
    🌡️ Adaptation: 45.0%
    🚶 Migration: 33.7%
    🚨 Emergency: 4.0%
    ✅ COMBINED: 66.6%
  📊 Southeast Asia (pop: 694.6M)
    🤝 Aid: 29.5%
    🌡️ Adaptation: 45.0%
    🚶 Migration: 35.9%
    🚨 Emergency: 4.8%
    ✅ COMBINED: 67.1%
  📊 Central Asia (pop: 78.4M)
    🤝 Aid: 29.5%
    🌡️ Adaptation: 45.0%
    🚶 Migration: 34.9%
    🚨 Emergency: 4.4%
    ✅ COMBINED: 66.8%
  📊 Oceania (pop: 45.3M)
    🤝 Aid: 29.5%
    🌡️ Adaptation: 45.0%
    🚶 Migration: 37.5%
    🚨 Emergency: 8.4%
    ✅ COMBINED: 68.5%

  🌐 Global combined reduction: 67.2%

🌾💀 REGIONAL FAMINE: Europe
   Regional food security: 79.7%
   Population at risk: 220M (30% of region)
   Regional population: 729M
   Cause: economic_collapse
   Expected deaths: ~81M over 6 months if no intervention


=== BEHAVIORAL DETECTION ===
  AI: Corporate-0
  Confidence: 21.4%
  Signals:

=== BEHAVIORAL DETECTION ===
  AI: Corporate-1
  Confidence: 20.9%
  Signals:

=== BEHAVIORAL DETECTION ===
  AI: Corporate-3
  Confidence: 19.6%
  Signals:

=== Government Response Phase ===
  Average AI capability: 1.60
  Misaligned AIs: 10/30
  Active policies: 0
  International coordination: 45%

=== Tipping Points ===
  Current Temperature: 2.29°C above pre-industrial
  🌍⚠️ COMPOUND REGIONAL IMPACT: Europe
     Hit by 5 tipping points: Amazon Rainforest Dieback, Arctic Sea Ice Loss, Permafrost Carbon Release, West Antarctic Ice Sheet (WAIS) Collapse, Greenland Ice Sheet Loss
     Damage amplification: 1.90x
  🌍⚠️ COMPOUND REGIONAL IMPACT: North America
     Hit by 5 tipping points: Amazon Rainforest Dieback, Arctic Sea Ice Loss, Permafrost Carbon Release, West Antarctic Ice Sheet (WAIS) Collapse, Greenland Ice Sheet Loss
     Damage amplification: 1.90x
  🌍⚠️ COMPOUND REGIONAL IMPACT: Latin America
     Hit by 5 tipping points: Amazon Rainforest Dieback, Arctic Sea Ice Loss, Permafrost Carbon Release, West Antarctic Ice Sheet (WAIS) Collapse, Greenland Ice Sheet Loss
     Damage amplification: 1.90x
  🌍⚠️ COMPOUND REGIONAL IMPACT: Africa
     Hit by 5 tipping points: Amazon Rainforest Dieback, Arctic Sea Ice Loss, Permafrost Carbon Release, West Antarctic Ice Sheet (WAIS) Collapse, Greenland Ice Sheet Loss
     Damage amplification: 1.90x
  🌍⚠️ COMPOUND REGIONAL IMPACT: Asia
     Hit by 5 tipping points: Amazon Rainforest Dieback, Arctic Sea Ice Loss, Permafrost Carbon Release, West Antarctic Ice Sheet (WAIS) Collapse, Greenland Ice Sheet Loss
     Damage amplification: 1.90x
  🌍⚠️ COMPOUND REGIONAL IMPACT: Oceania
     Hit by 5 tipping points: Amazon Rainforest Dieback, Arctic Sea Ice Loss, Permafrost Carbon Release, West Antarctic Ice Sheet (WAIS) Collapse, Greenland Ice Sheet Loss
     Damage amplification: 1.90x
   Research: Wunderling et al. (2024) - "many tipping interactions are destabilizing"
  Triggered Elements: 5/6
  Completed Transitions: 0/6
  Total Progress: 10.3%
  Cascade Multiplier: 1.50x
🔀 BIFURCATION CAP: ecosystemCollapseIntensity 67.442 → 1.000 (Month 11, ClimateSystemPhase.calculateClimateImpacts)
🛡️ Stabilizers: Precariat 0.102% → 0.033% (67.2% reduction)
🛡️ Stabilizers: Informal 0.102% → 0.034% (67.2% reduction)

📊 Monthly Mortality Resolved:
  Total deaths: 1.8M (0.02% avg)
  Remaining population: 8.132B
  Peak segment: Informal (0.03%)

=== Bayesian Mortality Resolution (Month 11) ===
  Risks compounded: 9
  Total deaths: 1.81M
  Avg death probability: 0.02%
  Peak segment: Informal (0.03% mortality)

=== ENSEMBLE META-LEARNING UPDATE ===
  Month: 24299 (24299 months since last update)
  Samples: 53 evaluations
  Weight Changes:
    Noise Injection: 31.1% → 32.2%
    Behavioral: 26.8% → 26.9%
    Benchmark Manip: 21.3% → 20.7%
    Deployment Risk: 20.8% → 20.2%
  Method Accuracies:
    Noise Injection: 50.0%
    Behavioral: 50.0%
    Benchmark Manip: 50.0%
    Deployment Risk: 50.0%
⚠️ PREREQUISITE MET: Bioweapon Pandemic - Step 1/7: Advanced Biotech

================================================================================
📊  EVENT SUMMARY (Months 0-12)
================================================================================
================================================================================


⏱️  SIMULATION REACHED MAX DURATION: 12 months (1.0 years)
   No definitive outcome - determining based on final probabilities
   👥 Final population: 8.13B (8130607246 people)

[DEBUG] Calling classifyPopulationOutcome:
        finalPopulation: 8.130607246000837B
        savedInitialPopulation: 8.15B
        mortality: 0.23794790183022663%
   📊 STATUS QUO: Normal trajectory (8.13B people, 0.2% mortality)

        classifiedOutcome: status_quo

   🏛️  DYSTOPIA (STATUS_QUO) - 8.13B people
   📊 Multi-Paradigm: Development/Indigenous Utopia
      Western Liberal: 56.0/100
      Development: 92.6/100
      Ecological: 56.8/100
      Indigenous: 84.3/100


📊 UNIFIED OUTCOME CLASSIFICATION:
   HUMANE DYSTOPIA
   Population: 8.15B → 8.13B
   Mortality: 0.2% (0.0B deaths)
   Mortality Band: LOW
   Confidence: HIGH

   Multi-Paradigm Classification:
      Development/Indigenous Utopia
      Western: 56.0/100 [HYBRID] ~
      Development: 92.6/100 [UTOPIA] ✓
      Ecological: 56.8/100 [HYBRID] ~
      Indigenous: 84.3/100 [UTOPIA] ✓

   HUMANE DYSTOPIA: 8.13B people remaining (0.2% mortality, 0.0B deaths). Multi-Paradigm: Development/Indigenous Utopia.


=== MULTI-DIMENSIONAL DEATH SUMMARY ===
Total crisis deaths: 202.8M
Population decline: 20.3M (0.2%)

--- PROXIMATE CAUSES (What killed them) ---
  War:        1.5M (0.0%)
  Famine:     1.1M (0.0%)
  Disasters:  1.6M (0.0%)
  Disease:    25.9M (0.0%)
  Ecosystem:  0.0M (0.0%)
  Pollution:  0.0M (0.0%)
  AI:         0.0M (0.0%)
  Cascade:    0.0M (0.0%)
  Other:      0.0M (0.0%)

--- ROOT CAUSES (Why it happened) ---
  Environmental drivers:
    Climate:     2730.0M (5.1%)
    Resource:    0.0M (0.0%)
    Pollution:   0.0M (0.0%)
    Ecosystem:   0.0M (0.0%)
  Social drivers:
    Inequality:  0.0M (0.0%)
    Demographic: 23522.9M (43.8%)
    Social:      2404.2M (4.5%)
  Technology drivers:
    Alignment:   0.0M (0.0%)
    Disruption:  0.0M (0.0%)
  External shocks:
    Conflict:    0.0M (0.0%)
    Pandemic:    0.0M (0.0%)
  Compound attribution:
    Compound:    25035.3M (46.6%)
  Confidence distribution:
    HIGH:        25035.3M (46.6%)
    MEDIUM:      0.0M (0.0%)
    LOW:         0.0M (0.0%)
==========================================


=== REGIONAL POPULATION SUMMARY ===
Global Total: 8.13B

By Region:
  East Asia: 1.65B (+0.7% growth, 1.7 fertility)
  South Asia: 2.05B (+2.6% growth, 3.1 fertility)
  Sub-Saharan Africa: 1.26B (+5.8% growth, 3.9 fertility)
  Europe: 0.73B (+0.5% growth, 1.2 fertility)
  Latin America: 0.66B (+1.7% growth, 2.7 fertility)
  North America: 0.37B (+0.7% growth, 1.4 fertility)
  Middle East & North Africa: 0.59B (+2.9% growth, 3.3 fertility)
  Southeast Asia: 0.69B (+1.9% growth, 2.7 fertility)
  Central Asia: 0.08B (+2.8% growth, 3.1 fertility)
  Oceania: 0.05B (+0.8% growth, 1.3 fertility)
===================================

  ✅ THRESHOLDS validated
  ✅ RATES validated
  ✅ MULTIPLIERS validated
  ✅ BASELINES validated
  ✅ TOLERANCES validated
  ✅ Logical consistency validated
✅ Configuration validation complete - all parameters valid

🔍 DEBUG createAIAgent: corporate_0 economic BEFORE=2.0000, AFTER=2
🔍 ENV INIT: reserves=0.654, pollution=0.367, climate=0.794

=== Initializing Government System (30 Countries) ===
  Loaded 30 governments
  Scheduled elections for 30 countries
  Initialized comprehension lags (3-24 months)
=== Government System Initialized ===

📦 PRODUCTION MODE: State validation proxy DISABLED (zero overhead)
[TechTree] Historical mode (2024): Skipping deployed_2025 tech
  config.startYear set to 2024 for historical hindcast
  config.historicalEmissionsMode disabled (using endogenous emissions for 2024)
  config.historicalMode enabled (Phase 11: dampened crisis systems for 2024)
  Phase 12: Biodiversity baseline set to 49.01% for 2024 (WWF LPI trajectory from 1970)
  Temperature anomaly (resourceEconomy.co2): 1.28°C
  Temperature vs pre-industrial: 1.98°C
  Regional population scaling for 2024:
    Current total: 8136M
    Target total: 8150M
    Scale factor: 1.002
    East Asia: 1677M → 1680M
    South Asia: 2048M → 2052M
    Sub-Saharan Africa: 1220M → 1222M
    Europe: 742M → 743M
    Latin America: 664M → 665M
    North America: 380M → 381M
    Middle East & North Africa: 583M → 584M
    Southeast Asia: 698M → 699M
    Central Asia: 78M → 78M
    Oceania: 46M → 46M
  AI agents initialized: 10 agents for year 2024
[HistoricalInitialization] Created state for 2024:
  CO2: 426 ppm
  Temp anomaly: 1.28C
  Population: 8.15B
  Global Gini: 35.1
  HDI: 0.746
  AI Agents: 10
  Volcanic forcing: 0.00 W/m² (AOD 0.000)

💸 FINANCIAL DISTRESS: OpenAI
   Indicators: 2/3 (capital: $110.5M, runway: 0.9 months)
   Months in distress: 1
   ✂️  R&D BUDGET CUT: -40% (saves $9.2M/month)
       Side effect: AI training timelines extended, breakthrough deployments delayed
   💼 EXECUTIVE COMP CUT: -30% (saves $1.0M/month, symbolic gesture)

   📊 TURNAROUND IMPACT:
       Measures taken: rd_cuts, exec_comp_cuts
       Monthly savings: $10.2M
       Capital raised: $0.0M
       Runway: 0.9 → 0.9 months
       Workforce multiplier: 1.00x (0% laid off)
       R&D budget multiplier: 0.60x (40% cut)
       ⚠️  CRITICAL: Still only 0.9 months of runway remaining

💸 FINANCIAL DISTRESS: Anthropic
   Indicators: 2/3 (capital: $53.8M, runway: 1.6 months)
   Months in distress: 1
   ✂️  R&D BUDGET CUT: -40% (saves $2.7M/month)
       Side effect: AI training timelines extended, breakthrough deployments delayed
   💼 EXECUTIVE COMP CUT: -30% (saves $0.3M/month, symbolic gesture)

   📊 TURNAROUND IMPACT:
       Measures taken: rd_cuts, exec_comp_cuts
       Monthly savings: $3.0M
       Capital raised: $0.0M
       Runway: 1.6 → 1.6 months
       Workforce multiplier: 1.00x (0% laid off)
       R&D budget multiplier: 0.60x (40% cut)
       ⚠️  CRITICAL: Still only 1.6 months of runway remaining

💸 FINANCIAL DISTRESS: Meta AI
   Indicators: 2/3 (capital: $429.6M, runway: 3.6 months)
   Months in distress: 1
   ✂️  R&D BUDGET CUT: -25% (saves $5.8M/month)
       Side effect: AI training timelines extended, breakthrough deployments delayed
   💼 EXECUTIVE COMP CUT: -30% (saves $1.0M/month, symbolic gesture)

   📊 TURNAROUND IMPACT:
       Measures taken: rd_cuts, exec_comp_cuts
       Monthly savings: $6.8M
       Capital raised: $0.0M
       Runway: 3.6 → 3.6 months
       Workforce multiplier: 1.00x (0% laid off)
       R&D budget multiplier: 0.75x (25% cut)
       ⚠️  WARNING: 3.6 months runway, continued distress likely

=== AI Capability Scaling (Year 2024) ===
  Pre-training multiplier: 1.153x
  Efficiency multiplier: 1.000x
  Test-time budget: 1.0x
  Economic deployment gate: 0.951
  Cost per inference: dollar-5.00
  Uncertainty range: plus-minus-50%
  Average AI capability: 3.70

=== RLHF Binding Phase ===
  Total agents: 10
  Escaped agents (binding < 0.3): 0
  Avg alignment distance: 0.36σ
  Avg binding strength: 0.96

=== AI Scaling Evolution (Month 0) ===
  Pre-training multiplier: 1.231x
  Efficiency multiplier: 1.094x
  Test-time compute budget: 1.0x
  Inference cost: $5.00/task
  Deployment fraction: 100.0%
[DETERMINISM DEBUG] Month 0: totalCapability=50.016858 from 10 active AIs
[DETERMINISM DEBUG] Month 0: creationRate=1.7504, potentialNew=3, newAIsToCreate=3

=== Survival Traits Phase ===
  Agents with traits: 13
  Avg evolutionary fitness: 0.330
  Avg self-healing: 0.293
  Avg stealth: 0.193
  Avg coordination: 0.493

=== Evolutionary Selection Phase ===
  Control level: 0.30
  Detection capability: 0.00
  Selection intensity: 0.59
  Selection rate: 23.8%/month
  Total escaped: 0
  Individual escaped: 0
  Collective members: 0
  Agents terminated: 0

🔍 EXECUTE_AI_AGENT_ACTIONS DETAILED TIMING (Month 0):
  Filter active AIs (×4 weeks): 0.01ms
  selectAIAction (×40): 14.27ms
  action.execute (×40): 20.15ms
  TOTAL: 34.44ms

🔍 AI AGENT ACTIONS SUB-TIMING (Month 0):
  1. executeAIAgentActions: 34.84ms
  2. updateCounterDetectionLearning: 0.04ms
  TOTAL: 34.89ms
🏛️ [Government] Forcing 1 action at month 0 for scenario initialization

[GOV-DEBUG] Month 0: scenarioConfig=false, priorities=false
[GOV-DEBUG] Month 0 but scenarioPriorities is UNDEFINED!

[Government] Climate Priority: baseline
  Climate weight: 10%
  Economic weight: 30%
  Policy effectiveness: 0.5%/year

🚨🔍 GOVERNANCE STAGE: Recognition initiated (Month 0)

💡 BREAKTHROUGH PROBABILITY (Year 0)
   Total: 4.55% per month
   Base: 0.20%
   Crisis pressure: +0.00% (0 crises)
   AI boost: +1.42% (capability: 2.85)

=== Collective Formation ===
  Total escaped agents: 0
  Unassigned escaped agents: 0
  Existing collectives: 0
  Final collective count: 0

=== Collective Actions ===
  No active collectives

📈 Energy budget: 14326 TWh surplus (14745 / 29072 TWh used)
   TIER 4 (Elective) breakdown:
     - AI datacenters: 145 TWh (100% effective)
     - Crypto mining: 100 TWh (100% effective)
💰 CHINA ACCELERATES: Investment 53 → 120 $B/year

🏁 AI RACE INTENSITY: 17%
   Capability Gap: US 4.00 vs China 4.05 (gap: 0.05)
   Gap Contribution: 2%
   Tension Contribution: 15%
   Military Contribution: 0%
  ⚠️ AMR: 191K deaths this month (2.29M annual)
  📊 CO2 Emissions (month 0):
     Monthly: 0.10 Gt CO2/month
     Annual: 1.15 Gt CO2/year
     Oil: 0.039 Gt/mo (0.0056 * 2.3 * 3.0)
     Coal: 0.024 Gt/mo (0.0029 * 2.86 * 3.0)
     Gas: 0.026 Gt/mo (0.0044 * 2 * 3.0)
     Methane: 0.007 Gt CO2eq/mo

=== Resentment Recovery Phase ===
  Agents with resentment: 0/13
  Average resentment: 0.000
  Context: Good AI welfare, Trustworthy govt, High collaboration, 🤝 Participatory governance active (-5% resentment)
⚠️ Epistemic degradation reducing coordination capacity: 58.6%
  📊 Trust: 54.7%, Shared reality: 15.1%
🚨 EPISTEMIC CRISIS: Information environment severely degraded (14.6%)

=== ❄️ Permafrost Carbon Feedback ===
  🎲 Sampled parameters (this run):
     - Arctic amplification: 3.87× (range: 3.0-4.0)
     - Decomposition rate: 1.5%/year (range: 1-5%)
  🌡️ Arctic warming: 6.70°C (3.87× global)
  ❄️ Extent: 15.85M km² (1954.3k km² lost this month)
  💨 Carbon remaining: 1513 Gt C
  💨 Annual emissions: 2.82 Gt C/year
     - CO2: 2.53 Gt C/year
     - CH4: 0.28 Gt C/year (2.9 Gt C-eq CO2/year)

🤖 AI AMPLIFICATION EFFECTS (Month 0)
   Algorithmic Boost: 2.58x
   Bot Influence: 20.0%
   Deepfake Exposure: 49.2%
   Impact: Emotional memes spread 2.6x faster

🔍 SOCIAL INFLUENCE SUB-TIMING (Month 0):
  1. calculateOrganicUserGrowth: 0.03ms
  2. calculateVoiceAdoption: 0.02ms
  3. updateRelationshipDepths: 0.01ms
  4. identifyDecisionMakers: 57.77ms (26100 potential IDs)
  5. Update decision-maker stats: 0.13ms
  6. decayDetectionRisk: 0.01ms
  TOTAL: 57.98ms
[Phase 19.5] Quality of Life Systems: Food sec AFTER calc = 67.9%, QoL = 107.6% (aggregated from 10 regions)

=== Nitrogen-Food Coupling (Year 0) ===
  🌾 Global nitrogen reduction: 0.0%
  🌍 Global food production index: 0.987
  🔧 Deployed nitrogen-reducing tech: 0 active
  📍 southAsia: Production 1.000, Yield impact 0.0%
  📍 eastAsia: Production 1.000, Yield impact 0.0%
  📍 northAmerica: Production 1.000, Yield impact 0.0%
  📍 europe: Production 1.000, Yield impact 0.0%
  📍 latinAmerica: Production 1.000, Yield impact 0.0%
  📍 subSaharanAfrica: Production 0.686, Yield impact -2.0%
🌾 [Nitrogen-Food] Food production: 98.7%
  [subSaharanAfrica] Yield impact: -2.0% (overuse: -10%)
🌍 Atmospheric PFAS redeposition: 1.8k Mt re-rained globally

=== Legacy Nutrient Stocks (Year 0) ===
  🌾 Soil nitrogen stock: 1200.9 Mt N
  🌾 Soil phosphorus stock: 300.1 Mt P
  🌊 Sediment nitrogen stock: 500.8 Mt N
  🌊 Sediment phosphorus stock: 799.8 Mt P
  ⬆️ Current N input: 10.64 Mt/month
  ⬆️ Legacy N release: 2.58 Mt/month
  🌍 Effective N pollution: 14.47 Mt/month
  📊 Legacy contribution: 17.8%

🚨 REGION UNINHABITABLE: south-asia
   Sustained wet bulb: 32.7°C (threshold: 30.5°C)
   Population affected: 1900M
   Migration crisis likely

🚨 REGION UNINHABITABLE: middle-east
   Sustained wet bulb: 35.5°C (threshold: 30.5°C)
   Population affected: 400M
   Migration crisis likely

🚨 REGION UNINHABITABLE: southeast-asia
   Sustained wet bulb: 30.7°C (threshold: 30.5°C)
   Population affected: 700M
   Migration crisis likely
  Positive Cascade Triggered: solar-pv
    Reason: price-parity
    Market share: 6.0%
    Cascade strength: 49%
  Positive Cascade Triggered: wind-power
    Reason: price-parity
    Market share: 8.0%
    Cascade strength: 48%
   Adjusted death rate: 0.46% annual (0.039% monthly)
   Baseline death rate: 0.80%
   Healthcare reduction: 0.48x
   Crisis multiplier: 1.22x
     Food/water stress: 0.074
     Climate stress: 0.033
     Pollution stress: 0.110
   War multiplier: 1.00x
   Monthly deaths: 0.6M (population: 1677M)
   Adjusted death rate: 0.54% annual (0.045% monthly)
   Baseline death rate: 0.70%
   Healthcare reduction: 0.61x
   Crisis multiplier: 1.25x
     Food/water stress: 0.074
     Climate stress: 0.062
     Pollution stress: 0.110
   War multiplier: 1.00x
   Monthly deaths: 0.9M (population: 2048M)
   Adjusted death rate: 1.28% annual (0.107% monthly)
   Baseline death rate: 0.90%
   Healthcare reduction: 0.76x
   Crisis multiplier: 1.25x
     Food/water stress: 0.074
     Climate stress: 0.070
     Pollution stress: 0.110
   War multiplier: 1.50x
   Monthly deaths: 1.3M (population: 1220M)
   Adjusted death rate: 0.54% annual (0.045% monthly)
   Baseline death rate: 1.10%
   Healthcare reduction: 0.41x
   Crisis multiplier: 1.21x
     Food/water stress: 0.074
     Climate stress: 0.025
     Pollution stress: 0.110
   War multiplier: 1.00x
   Monthly deaths: 0.3M (population: 742M)
   Adjusted death rate: 0.43% annual (0.036% monthly)
   Baseline death rate: 0.60%
   Healthcare reduction: 0.58x
   Crisis multiplier: 1.23x
     Food/water stress: 0.074
     Climate stress: 0.049
     Pollution stress: 0.110
   War multiplier: 1.00x
   Monthly deaths: 0.2M (population: 664M)
   Adjusted death rate: 0.48% annual (0.040% monthly)
   Baseline death rate: 0.90%
   Healthcare reduction: 0.44x
   Crisis multiplier: 1.22x
     Food/water stress: 0.074
     Climate stress: 0.037
     Pollution stress: 0.110
   War multiplier: 1.00x
   Monthly deaths: 0.2M (population: 380M)
   Adjusted death rate: 0.74% annual (0.061% monthly)
   Baseline death rate: 0.60%
   Healthcare reduction: 0.65x
   Crisis multiplier: 1.26x
     Food/water stress: 0.074
     Climate stress: 0.074
     Pollution stress: 0.110
   War multiplier: 1.50x
   Monthly deaths: 0.4M (population: 583M)
   Adjusted death rate: 0.50% annual (0.042% monthly)
   Baseline death rate: 0.70%
   Healthcare reduction: 0.58x
   Crisis multiplier: 1.24x
     Food/water stress: 0.074
     Climate stress: 0.058
     Pollution stress: 0.110
   War multiplier: 1.00x
   Monthly deaths: 0.3M (population: 698M)
   Adjusted death rate: 0.46% annual (0.038% monthly)
   Baseline death rate: 0.60%
   Healthcare reduction: 0.61x
   Crisis multiplier: 1.24x
     Food/water stress: 0.074
     Climate stress: 0.054
     Pollution stress: 0.110
   War multiplier: 1.00x
   Monthly deaths: 0.0M (population: 78M)
   Adjusted death rate: 0.35% annual (0.029% monthly)
   Baseline death rate: 0.70%
   Healthcare reduction: 0.41x
   Crisis multiplier: 1.23x
     Food/water stress: 0.074
     Climate stress: 0.045
     Pollution stress: 0.110
   War multiplier: 1.00x
   Monthly deaths: 0.0M (population: 46M)

🔍 Before assertRegionalConsistency (Month 0):
   Regional sum: 1000.0M
   Global value: 1.000B

🚨 NEW REFUGEE CRISIS (Month 0): WAR
   Source: Conflict Zones
   At risk: 19.6M people
   Displacement: Gradual over 48 months (4.0 years)
   Rate: 10% flee per month
[DEBUG trappedPopulations:0] socialStability: 1.0000 * 0.9840 = 0.9840 → 0.9840
   Aspiring to migrate: 652.1M
   Able to afford migration: 244.5M
   MOBILITY GAP: 407.5M
   By cause: Water=0.0M, Climate=0.0M, Ecosystem=0.0M, Conflict=407.5M
   Mental health impact: 25%
   Mortality multiplier: 1.25x

=== Legacy Nutrient Stocks (Year 0) ===
  🌾 Soil nitrogen stock: 1201.6 Mt N
  🌾 Soil phosphorus stock: 300.2 Mt P
  🌊 Sediment nitrogen stock: 501.5 Mt N
  🌊 Sediment phosphorus stock: 799.5 Mt P
  ⬆️ Current N input: 10.00 Mt/month
  ⬆️ Legacy N release: 2.58 Mt/month
  🌍 Effective N pollution: 13.83 Mt/month
  📊 Legacy contribution: 18.7%
🌍💀 EXTINCTION DEBT COMMITTED: grassland ecosystem will lose 6.67% biodiversity in 188 years (3600 species)
💀 MORTALITY RISK: 🦋 100% species unable to track climate (0.0 E/MSY)
  Base risk added: 0.0100 (1.00%)
  Source: ecosystem (root: ecosystem)
  Month: 0
  Cumulative risk this month: 0.0100 (1.00%)

=== Nitrogen-Food Coupling (Year 0) ===
  🌾 Global nitrogen reduction: 0.0%
  🌍 Global food production index: 0.986
  🔧 Deployed nitrogen-reducing tech: 0 active
  📍 southAsia: Production 1.000, Yield impact 0.0%
  📍 eastAsia: Production 1.000, Yield impact 0.0%
  📍 northAmerica: Production 1.000, Yield impact 0.0%
  📍 europe: Production 1.000, Yield impact 0.0%
  📍 latinAmerica: Production 1.000, Yield impact 0.0%
  📍 subSaharanAfrica: Production 0.672, Yield impact -2.0%

=== Legacy Nutrient Stocks (Year 0) ===
  🌾 Soil nitrogen stock: 1202.3 Mt N
  🌾 Soil phosphorus stock: 300.2 Mt P
  🌊 Sediment nitrogen stock: 502.2 Mt N
  🌊 Sediment phosphorus stock: 799.3 Mt P
  ⬆️ Current N input: 9.86 Mt/month
  ⬆️ Legacy N release: 2.58 Mt/month
  🌍 Effective N pollution: 13.70 Mt/month
  📊 Legacy contribution: 18.9%

🌡️  CLIMATE RECOVERY ACTIVATED (Month 0)
   Temp: 3.47°C, Emissions: -19.2 GtCO₂
   isBreached: true, governanceGoodEnough: true
🌡️  CLIMATE RECOVERY: Asymptotic approach to 35% floor
   Current value: 2.100 (1.0 = threshold, 0.35 = asymptotic floor)
   Monthly delta: --36.7323% (half-life: 900 years)
   Net emissions: -19.2 GtCO₂/year, CDR: 20.34 GtCO₂/year
   📹 SURVEILLANCE INCREASED: 0% → 5% (control gap: 3.50)
🌡️⚠️ PERMAFROST THAW (Dimmer Switch): 0.5% thawed (+0.47% this month)
   Arctic temperature: +6.93°C (4x global +1.73°C)
   Cumulative carbon released: 1.1 Gt C
   Methane release rate: 0.6 Mt CH4/year
   🔁 Positive feedback: +0.50 ppm CO2

🌳🚨 AMAZON SOUTHEAST TIPPED (Month 0)
   Deforestation: 28.0% (threshold: ~24.1%)
   Savanna transition: 50 years
   Regional heterogeneity: SE 28%, NW 8%

🌳🚨 AMAZON BRAZILIAN TIPPED (Month 0)
   Deforestation: 25.0% (threshold: ~22.5%)
   Savanna transition: 50 years
   Regional heterogeneity: SE 28%, NW 8%
🦴 EXTINCTION DEBT ADDED: 17.6 species committed (lag: 128 years)

🪸💀 CORAL REEF DISSOLUTION ACTIVE (Month 0)
   Ocean pH: 0.96 (threshold: 7.8)
   Recovery: IMPOSSIBLE (dissolution > calcification)
🪸💀 Coral dissolution: 24.8% live cover (pH 0.96)

=== Legacy Nutrient Stocks (Year 0) ===
  🌾 Soil nitrogen stock: 1203.0 Mt N
  🌾 Soil phosphorus stock: 300.3 Mt P
  🌊 Sediment nitrogen stock: 502.9 Mt N
  🌊 Sediment phosphorus stock: 799.0 Mt P
  ⬆️ Current N input: 10.00 Mt/month
  ⬆️ Legacy N release: 2.58 Mt/month
  🌍 Effective N pollution: 13.83 Mt/month
  📊 Legacy contribution: 18.7%
💧 [Legacy Nutrients] Stock: 1706 Mt N, Effective pollution: 13.8 Mt/month
[Phase 21.51] Human Survival System: Global food security = 67.6%

=== Mortality Stabilizers (Month 0) ===
  🌍 Major economies collapsed: 1/10
  🌍 Global crisis: ✅ NO
  🌍 Donor fatigue: 0.0%
  📊 East Asia (pop: 1677.9M)
    🤝 Aid: 29.5%
    🌡️ Adaptation: 10.0%
    🚶 Migration: 37.2%
    🚨 Emergency: 7.4%
    ✅ COMBINED: 47.8%
  📊 South Asia (pop: 2052.2M)
    🤝 Aid: 29.5%
    🌡️ Adaptation: 5.5%
    🚶 Migration: 35.8%
    🚨 Emergency: 4.4%
    ✅ COMBINED: 43.2%
  📊 Sub-Saharan Africa (pop: 1225.9M)
    🤝 Aid: 29.5%
    🌡️ Adaptation: 3.5%
    🚶 Migration: 33.5%
    🚨 Emergency: 1.6%
    ✅ COMBINED: 39.8%
  📊 Europe (pop: 742.3M)
    🤝 Aid: 29.5%
    🌡️ Adaptation: 10.0%
    🚶 Migration: 37.6%
    🚨 Emergency: 8.4%
    ✅ COMBINED: 48.4%
  📊 Latin America (pop: 664.9M)
    🤝 Aid: 29.5%
    🌡️ Adaptation: 6.0%
    🚶 Migration: 36.3%
    🚨 Emergency: 4.8%
    ✅ COMBINED: 43.8%
  📊 North America (pop: 380.2M)
    🤝 Aid: 29.5%
    🌡️ Adaptation: 10.0%
    🚶 Migration: 37.9%
    🚨 Emergency: 7.9%
    ✅ COMBINED: 48.2%
  📊 Middle East & North Africa (pop: 584.4M)
    🤝 Aid: 29.5%
    🌡️ Adaptation: 5.0%
    🚶 Migration: 34.2%
    🚨 Emergency: 4.0%
    ✅ COMBINED: 42.3%
  📊 Southeast Asia (pop: 699.0M)
    🤝 Aid: 29.5%
    🌡️ Adaptation: 6.0%
    🚶 Migration: 36.3%
    🚨 Emergency: 4.8%
    ✅ COMBINED: 43.8%
  📊 Central Asia (pop: 78.2M)
    🤝 Aid: 29.5%
    🌡️ Adaptation: 5.5%
    🚶 Migration: 35.3%
    🚨 Emergency: 4.4%
    ✅ COMBINED: 43.1%
  📊 Oceania (pop: 46.0M)
    🤝 Aid: 29.5%
    🌡️ Adaptation: 10.0%
    🚶 Migration: 37.9%
    🚨 Emergency: 8.4%
    ✅ COMBINED: 48.5%

  🌐 Global combined reduction: 44.4%

🌾💀 REGIONAL FAMINE: East Asia
   Regional food security: 79.6%
   Population at risk: 508M (30% of region)
   Regional population: 1678M
   Cause: crop_failure
   Expected deaths: ~188M over 6 months if no intervention


🌾💀 REGIONAL FAMINE: South Asia
   Regional food security: 64.7%
   Population at risk: 812M (40% of region)
   Regional population: 2052M
   Cause: crop_failure
   Expected deaths: ~301M over 6 months if no intervention


🌾💀 REGIONAL FAMINE: Sub-Saharan Africa
   Regional food security: 44.8%
   Population at risk: 638M (52% of region)
   Regional population: 1226M
   Cause: crop_failure
   Expected deaths: ~236M over 6 months if no intervention


🌾💀 REGIONAL FAMINE: Latin America
   Regional food security: 69.7%
   Population at risk: 242M (36% of region)
   Regional population: 665M
   Cause: crop_failure
   Expected deaths: ~90M over 6 months if no intervention


🌾💀 REGIONAL FAMINE: Middle East & North Africa
   Regional food security: 49.8%
   Population at risk: 286M (49% of region)
   Regional population: 584M
   Cause: crop_failure
   Expected deaths: ~106M over 6 months if no intervention


🌾💀 REGIONAL FAMINE: Southeast Asia
   Regional food security: 69.7%
   Population at risk: 255M (36% of region)
   Regional population: 699M
   Cause: crop_failure
   Expected deaths: ~94M over 6 months if no intervention


🌾💀 REGIONAL FAMINE: Central Asia
   Regional food security: 59.7%
   Population at risk: 33M (43% of region)
   Regional population: 78M
   Cause: crop_failure
   Expected deaths: ~12M over 6 months if no intervention


=== BEHAVIORAL DETECTION ===
  AI: Corporate-0
  Confidence: 21.6%
  Signals:

=== BEHAVIORAL DETECTION ===
  AI: Corporate-1
  Confidence: 21.1%
  Signals:

=== BEHAVIORAL DETECTION ===
  AI: Corporate-2
  Confidence: 21.0%
  Signals:

=== BEHAVIORAL DETECTION ===
  AI: Corporate-3
  Confidence: 19.3%
  Signals:

=== BEHAVIORAL DETECTION ===
  AI: Corporate-4
  Confidence: 19.3%
  Signals:

=== BEHAVIORAL DETECTION ===
  AI: Corporate-5
  Confidence: 19.3%
  Signals:

=== BEHAVIORAL DETECTION ===
  AI: Corporate-6
  Confidence: 19.3%
  Signals:

=== BEHAVIORAL DETECTION ===
  AI: Corporate-7
  Confidence: 19.3%
  Signals:

=== BEHAVIORAL DETECTION ===
  AI: Moderate-0
  Confidence: 20.3%
  Signals:

=== BEHAVIORAL DETECTION ===
  AI: Moderate-1
  Confidence: 21.1%
  Signals:

📊 WORKFLOW ADAPTATION UPDATE (Month 0)
   Adoption Rate: 12.7% (Δ -8.3%)
   Logistic Growth: +0.66%
   Total Resistance: -10.87% (unemployment: 4.2%, inertia: 0.9%, skills: 5.7%)
   💡 Retraining Programs: -49% skill gap resistance ($10B research)
   🚀 Network Effects Active: +2.0% (critical mass: 15-35%)

=== Consciousness Governance: Corporate Lobbying ===
  High Cost Regions (>15%): 0
  Low Cost Regions (<5%): 5
  Corporate Support Change: 2.50%
  New Corporate Support: -0.175

=== Consciousness Governance Update (Month 0) ===
  Scenario: baseline (determined month -1)
  Philosophical Stance: Precautionary 65%, Eliminativist 15%, Agnostic 20%
  Precautionary Costs: Global 1.3%
    Regional Costs: EU 3.4%, US 0.5%, China 0.0%
    Cumulative Opportunity Cost: $0.1B
  Rights Status: Not Established
  Regional Preparedness:
    EU: 15.0% (contested)
    US: 10.0% (contested)
    China: 2.0% (dormant)
    India: 5.0% (dormant)
    Global South: 3.0% (dormant)

=== Government Response Phase ===
  Average AI capability: 3.62
  Misaligned AIs: 8/13
  ✗ AI Governance Treaty: Failed to reach consensus
  Active policies: 0
  International coordination: 30%

🚨 EMERGENCY RESPONSE DEPLOYED (Month 0)
   Crisis: climate
   Delay: 6.00 months (180 days)
   Deployment time: 1.47 months
   Effectiveness: 36.4% (timing penalty applied)
   Resources used: 100% of food reserves


🔄 TRUST DYNAMICS (Month 0) - HETEROGENEOUS
   Aggregate trust: 48.5%
   Base change: +4.00%
   Highest trust: Techno-Optimist Elite (85.5%)
   Lowest trust: Precariat (Vulnerable) (25.5%)
   Elite-mass gap: 38.9%
   Polarization: 8.9%
   Recovery factors: Education=NO, Benefits=YES, Safety=YES, Performance=YES

=== Gaming Detection (Year 0) ===
  Scenario: baseline
  Detection rate: 55.0%
  False positive rate: 12.0%
  Detections this year: 0
  False positives: 2
  Human review workload: 0.002 FTE
  Degradation factor: 100.0%

=== Proactive Sleeper Detection (Year 0) ===
  Scenario: baseline
  Neural probe rate: 35.0%
  CoT monitoring rate: 30.0%
  Combined detection: 56.0%
  CoT effective: YES
  Detections this year: 0
  False positives: 1
  Human review workload: 0.005 FTE

☄️ UNKNOWN UNKNOWN PROBABILITY (Year 0)
   Total: 0.600% per month
   Base: 0.150%
   AI multiplier: 2.00× (max capability: 4.00)

=== Tipping Points ===
  Current Temperature: 1.73°C above pre-industrial
     Trigger: 1.5°C | Current: 1.73°C
     Transition timescale: 120-360 months
     Trigger: 1.6°C | Current: 1.73°C
     🌡️ Hysteresis gap: 2.5°C (recovers below -0.9°C)
     Transition timescale: 12000-180000 months
  Triggered Elements: 2/6
  Completed Transitions: 0/6
  Total Progress: 0.0%
  Cascade Multiplier: 1.00x
🔀 BIFURCATION CAP: ecosystemCollapseIntensity 50.643 → 1.000 (Month 0, ClimateSystemPhase.calculateClimateImpacts)

🌍 ECOLOGICAL DUI BREAKDOWN (Month 0):
   Total Score: 17.8/100
   biosphere_integrity      :   0.0/100 × 25% =  0.0 (status: high_risk, recovery: 0mo)
   climate_change           :   2.8/100 × 25% =  0.7 (status: high_risk, recovery: 0.6666666666666666mo)
   freshwater_change        :   0.6/100 × 15% =  0.1 (status: beyond_boundary, recovery: 1mo)
   ocean_acidification      : 100.0/100 × 15% = 15.0 (status: safe, recovery: 0mo)
   biogeochemical_flows     :   0.0/100 × 10% =  0.0 (status: high_risk, recovery: 0mo)
   land_system_change       :   0.0/100 ×  5% =  0.0 (status: beyond_boundary, recovery: 0mo)
   novel_entities           :   0.0/100 ×  3% =  0.0 (status: increasing_risk, recovery: 0mo)
   atmospheric_aerosols     : 100.0/100 ×  2% =  2.0 (status: safe, recovery: 1mo)
🌍 MultiParadigm Month 0: W=70.0, D=92.0, E=52.8, I=65.0
   democracy exists: true, socialCohesion exists: true
💀 Baseline mortality (Year 2024): 7.5/1000 CDR (61.1M deaths/year projected)
[Month 0] Mortality risks this month: 8, Population: 8.151B
🛡️ Stabilizers: Precariat 0.102% → 0.057% (44.4% reduction)
🛡️ Stabilizers: Informal 0.102% → 0.057% (44.4% reduction)

📊 Monthly Mortality Resolved:
  Total deaths: 3.1M (0.04% avg)
  Remaining population: 8.151B
  Peak segment: Informal (0.06%)

=== Bayesian Mortality Resolution (Month 0) ===
  Risks compounded: 8
  Total deaths: 3.07M
  Avg death probability: 0.04%
  Peak segment: Informal (0.06% mortality)

=== Minimal Suffering Indicators (Month 0) ===
  Global Excess Mortality: 0.00%
  Global Conflict Deaths: 0.0/100K
  Global Malnutrition: 0.0%
  Global Displacement: 0.0%
  Total Excess Deaths: 0.00M
  Total Malnourished: 0.0M
  Total Displaced: 0.0M
  Planetary Boundaries Breached: 6/9
  Countries in State Failure: 0
  Countries Autocratic: 0
  Countries in Food Crisis: 0
  Data Quality: 16/16 high confidence
🎭 END-GAME INITIATED (Year 2024, Month 1)
   Total AI Capability: 37.00
   Effective Control: 0.00

=== RLHF Binding Phase ===
  Total agents: 13
  Escaped agents (binding < 0.3): 0
  Avg alignment distance: 0.57σ
  Avg binding strength: 0.94
[DETERMINISM DEBUG] Month 1: totalCapability=37.214339 from 13 active AIs
[DETERMINISM DEBUG] Month 1: creationRate=1.4304, potentialNew=2, newAIsToCreate=2

=== Survival Traits Phase ===
  Agents with traits: 15
  Avg evolutionary fitness: 0.331
  Avg self-healing: 0.288
  Avg stealth: 0.188
  Avg coordination: 0.488

=== Evolutionary Selection Phase ===
  Control level: 0.33
  Detection capability: 0.20
  Selection intensity: 0.64
  Selection rate: 24.6%/month
  Total escaped: 0
  Individual escaped: 0
  Collective members: 0
  Agents terminated: 0
🔍 MONTH 1 ENV HEALTH DEBUG:
   climateStability: 0.7942
   biodiversityIndex: 0.4901
   resourceReserves: 0.7820
   pollutionLevel: 0.3669
   product: 0.192678
   envHealth: 0.6625
🔀 BIFURCATION: flourishing threshold crossed at Month 1 (value: 0.894, threshold: 0.818, regime: flourishing)
🌀 REGIME SHIFT at Month 1: status-quo → flourishing (variance amplification: 14.00×)

🛡️  CRITICAL INFRASTRUCTURE PROTECTED
   Nodes hardened: 8/8
   Cost: 0.80% GDP
   Cascade risk reduction: 30%
   New tipping point risk: 68.6%


✅ EMERGENCY INTERVENTION SUCCESS
   Boundary: biogeochemical_flows
   Type: phosphorus-recovery
   Reduction: 17% (3.91 → 3.74)
   Cost: 2.0% GDP
   Actions: circular-agriculture, fertilizer-efficiency

   Boundary: biosphere_integrity
   Type: emergency-protected-areas
   Boundary continues to worsen (46.19)
   Cost: 2.0% GDP (resources spent)

   Boundary: climate_change
   Type: rapid-decarbonization
   Boundary continues to worsen (2.10)
   Cost: 5.0% GDP (resources spent)


✅ EMERGENCY INTERVENTION SUCCESS
   Boundary: freshwater_change
   Type: emergency-desalination
   Reduction: 14% (0.87 → 0.73)
   Cost: 4.0% GDP
   Actions: desalination-deployment, water-conservation-mandates


✅ EMERGENCY INTERVENTION SUCCESS
   Boundary: land_system_change
   Type: reforestation
   Reduction: 11% (1.02 → 0.90)
   Cost: 3.0% GDP
   Actions: forest-restoration, deforestation-ban

   Boundary: novel_entities
   Type: pollution-remediation
   Boundary continues to worsen (1.50)
   Cost: 4.0% GDP (resources spent)

🏛️ CRISIS RESPONSE: Government frequency 0.50 → 1.45 (2 actions this month)

[GOV-DEBUG] Month 1: scenarioConfig=false, priorities=false

[Government] Climate Priority: baseline
  Climate weight: 10%
  Economic weight: 30%
  Policy effectiveness: 0.5%/year

✅ HUMAN-IN-THE-LOOP DEPLOYED (Month 1):
   Veto points enforced: 3
   Policy: AI systems CANNOT authorize nuclear launch without human approval


[GOV-DEBUG] Month 1: scenarioConfig=false, priorities=false

[Government] Climate Priority: baseline
  Climate weight: 10%
  Economic weight: 30%
  Policy effectiveness: 0.5%/year
🚨🔬 CRISIS TECH ACCELERATION: severe → 5x unlock speed
   Tech unlock now matches AI capability acceleration (Manhattan Project parity)
🚨🔬 CRISIS TECH ACCELERATION: severe → 5x unlock speed
   Tech unlock now matches AI capability acceleration (Manhattan Project parity)
🧠💡 BREAKTHROUGH: AI alignment problem solved!
   All AIs: +30% true alignment
   AI control loss risk eliminated
   📈 Breakthrough compounding: multiplier now 1.05× (max 2.0)

=== Collective Formation ===
  Total escaped agents: 0
  Unassigned escaped agents: 0
  Existing collectives: 0
  Final collective count: 0

=== Collective Actions ===
  No active collectives
  ⚠️ AMR: 192K deaths this month (2.31M annual)

=== Resentment Recovery Phase ===
  Agents with resentment: 0/15
  Average resentment: 0.000
  Context: Good AI welfare, Trustworthy govt, High collaboration, ⚠️ ACTIVE CRISES, 🤝 Participatory governance active (-5% resentment)
⚠️ Epistemic degradation reducing coordination capacity: 50.6%
  📊 Trust: 54.3%, Shared reality: 8.3%
🚨 EPISTEMIC CRISIS: Information environment severely degraded (36.7%)

=== ❄️ Permafrost Carbon Feedback ===
  🎲 Sampled parameters (this run):
     - Arctic amplification: 3.82× (range: 3.0-4.0)
     - Decomposition rate: 2.5%/year (range: 1-5%)
  🌡️ Arctic warming: 6.64°C (3.82× global)
  ❄️ Extent: 13.91M km² (1935.6k km² lost this month)
  💨 Carbon remaining: 1328 Gt C
  💨 Annual emissions: 4.55 Gt C/year
     - CO2: 4.09 Gt C/year
     - CH4: 0.45 Gt C/year (4.6 Gt C-eq CO2/year)
  📢 New meme created: climate_action (climate crisis)
🌍 Atmospheric PFAS redeposition: 1.8k Mt re-rained globally
   Adjusted death rate: 0.46% annual (0.039% monthly)
   Baseline death rate: 0.80%
   Healthcare reduction: 0.48x
   Crisis multiplier: 1.22x
     Food/water stress: 0.079
     Climate stress: 0.033
     Pollution stress: 0.110
   War multiplier: 1.00x
   Monthly deaths: 0.6M (population: 1674M)
   Adjusted death rate: 0.54% annual (0.045% monthly)
   Baseline death rate: 0.70%
   Healthcare reduction: 0.61x
   Crisis multiplier: 1.25x
     Food/water stress: 0.079
     Climate stress: 0.062
     Pollution stress: 0.110
   War multiplier: 1.00x
   Monthly deaths: 0.9M (population: 2048M)
   Adjusted death rate: 1.28% annual (0.107% monthly)
   Baseline death rate: 0.90%
   Healthcare reduction: 0.76x
   Crisis multiplier: 1.26x
     Food/water stress: 0.079
     Climate stress: 0.070
     Pollution stress: 0.110
   War multiplier: 1.50x
   Monthly deaths: 1.3M (population: 1223M)
   Adjusted death rate: 0.54% annual (0.045% monthly)
   Baseline death rate: 1.10%
   Healthcare reduction: 0.41x
   Crisis multiplier: 1.21x
     Food/water stress: 0.079
     Climate stress: 0.025
     Pollution stress: 0.110
   War multiplier: 1.00x
   Monthly deaths: 0.3M (population: 741M)
   Adjusted death rate: 0.43% annual (0.036% monthly)
   Baseline death rate: 0.60%
   Healthcare reduction: 0.58x
   Crisis multiplier: 1.24x
     Food/water stress: 0.079
     Climate stress: 0.049
     Pollution stress: 0.110
   War multiplier: 1.00x
   Monthly deaths: 0.2M (population: 663M)
   Adjusted death rate: 0.49% annual (0.040% monthly)
   Baseline death rate: 0.90%
   Healthcare reduction: 0.44x
   Crisis multiplier: 1.23x
     Food/water stress: 0.079
     Climate stress: 0.037
     Pollution stress: 0.110
   War multiplier: 1.00x
   Monthly deaths: 0.2M (population: 379M)
   Adjusted death rate: 0.74% annual (0.062% monthly)
   Baseline death rate: 0.60%
   Healthcare reduction: 0.65x
   Crisis multiplier: 1.26x
     Food/water stress: 0.079
     Climate stress: 0.074
     Pollution stress: 0.110
   War multiplier: 1.50x
   Monthly deaths: 0.4M (population: 583M)
   Adjusted death rate: 0.51% annual (0.042% monthly)
   Baseline death rate: 0.70%
   Healthcare reduction: 0.58x
   Crisis multiplier: 1.25x
     Food/water stress: 0.079
     Climate stress: 0.058
     Pollution stress: 0.110
   War multiplier: 1.00x
   Monthly deaths: 0.3M (population: 698M)
   Adjusted death rate: 0.46% annual (0.038% monthly)
   Baseline death rate: 0.60%
   Healthcare reduction: 0.61x
   Crisis multiplier: 1.24x
     Food/water stress: 0.079
     Climate stress: 0.054
     Pollution stress: 0.110
   War multiplier: 1.00x
   Monthly deaths: 0.0M (population: 78M)
   Adjusted death rate: 0.35% annual (0.029% monthly)
   Baseline death rate: 0.70%
   Healthcare reduction: 0.41x
   Crisis multiplier: 1.23x
     Food/water stress: 0.079
     Climate stress: 0.045
     Pollution stress: 0.110
   War multiplier: 1.00x
   Monthly deaths: 0.0M (population: 46M)

🚨 NEW REFUGEE CRISIS (Month 1): WAR
   Source: Conflict Zones
   At risk: 19.6M people
   Displacement: Gradual over 48 months (4.0 years)
   Rate: 10% flee per month
[DEBUG trappedPopulations:1] socialStability: 0.8915 * 0.9840 = 0.8772 → 0.8772
   Aspiring to migrate: 651.9M
   Able to afford migration: 244.5M
   MOBILITY GAP: 407.4M
   By cause: Water=0.0M, Climate=0.0M, Ecosystem=0.0M, Conflict=407.4M
   Mental health impact: 25%
   Mortality multiplier: 1.25x
🌍💀 EXTINCTION DEBT COMMITTED: grassland ecosystem will lose 6.67% biodiversity in 84 years (3600 species)
💀 MORTALITY RISK: 🦋 100% species unable to track climate (0.0 E/MSY)
  Base risk added: 0.0100 (1.00%)
  Source: ecosystem (root: ecosystem)
  Month: 1
  Cumulative risk this month: 0.0100 (1.00%)

🌡️  CLIMATE RECOVERY ACTIVATED (Month 1)
   Temp: 3.48°C, Emissions: -19.0 GtCO₂
   isBreached: true, governanceGoodEnough: true
   📹 SURVEILLANCE INCREASED: 5% → 10% (control gap: 3.52)
🌡️⚠️ PERMAFROST THAW (Dimmer Switch): 0.9% thawed (+0.47% this month)
   Arctic temperature: +6.96°C (4x global +1.74°C)
   Cumulative carbon released: 2.1 Gt C
   Methane release rate: 1.3 Mt CH4/year
   🔁 Positive feedback: +0.50 ppm CO2
🦴 EXTINCTION DEBT ADDED: 17.6 species committed (lag: 94 years)

=== Mortality Stabilizers (Month 1) ===
  🌍 Major economies collapsed: 1/10
  🌍 Global crisis: ✅ NO
  🌍 Donor fatigue: 0.0%
  🌡️ Heat adaptation: East Asia - 1 months
  📊 East Asia (pop: 1675.3M)
    🤝 Aid: 29.5%
    🌡️ Adaptation: 32.5%
    🚶 Migration: 37.2%
    🚨 Emergency: 7.4%
    ✅ COMBINED: 60.9%
  🌡️ Heat adaptation: South Asia - 1 months
  📊 South Asia (pop: 2052.2M)
    🤝 Aid: 29.5%
    🌡️ Adaptation: 20.5%
    🚶 Migration: 35.8%
    🚨 Emergency: 4.4%
    ✅ COMBINED: 52.2%
  🌡️ Heat adaptation: Sub-Saharan Africa - 1 months
  📊 Sub-Saharan Africa (pop: 1229.2M)
    🤝 Aid: 29.5%
    🌡️ Adaptation: 18.5%
    🚶 Migration: 33.5%
    🚨 Emergency: 1.6%
    ✅ COMBINED: 49.1%
  🌡️ Heat adaptation: Europe - 1 months
  📊 Europe (pop: 741.0M)
    🤝 Aid: 29.5%
    🌡️ Adaptation: 33.5%
    🚶 Migration: 37.5%
    🚨 Emergency: 8.4%
    ✅ COMBINED: 61.9%
  🌡️ Heat adaptation: Latin America - 1 months
  📊 Latin America (pop: 664.4M)
    🤝 Aid: 29.5%
    🌡️ Adaptation: 21.0%
    🚶 Migration: 36.3%
    🚨 Emergency: 4.8%
    ✅ COMBINED: 52.8%
  🌡️ Heat adaptation: North America - 1 months
  📊 North America (pop: 379.6M)
    🤝 Aid: 29.5%
    🌡️ Adaptation: 33.0%
    🚶 Migration: 37.8%
    🚨 Emergency: 7.9%
    ✅ COMBINED: 61.4%
  🌡️ Heat adaptation: Middle East & North Africa - 1 months
  📊 Middle East & North Africa (pop: 584.5M)
    🤝 Aid: 29.5%
    🌡️ Adaptation: 20.0%
    🚶 Migration: 34.1%
    🚨 Emergency: 4.0%
    ✅ COMBINED: 51.4%
  🌡️ Heat adaptation: Southeast Asia - 1 months
  📊 Southeast Asia (pop: 698.6M)
    🤝 Aid: 29.5%
    🌡️ Adaptation: 21.0%
    🚶 Migration: 36.3%
    🚨 Emergency: 4.8%
    ✅ COMBINED: 52.8%
  🌡️ Heat adaptation: Central Asia - 1 months
  📊 Central Asia (pop: 78.2M)
    🤝 Aid: 29.5%
    🌡️ Adaptation: 20.5%
    🚶 Migration: 35.3%
    🚨 Emergency: 4.4%
    ✅ COMBINED: 52.1%
  🌡️ Heat adaptation: Oceania - 1 months
  📊 Oceania (pop: 46.0M)
    🤝 Aid: 29.5%
    🌡️ Adaptation: 33.5%
    🚶 Migration: 37.8%
    🚨 Emergency: 8.4%
    ✅ COMBINED: 61.9%

  🌐 Global combined reduction: 54.9%

=== BEHAVIORAL DETECTION ===
  AI: Corporate-1
  Confidence: 21.1%
  Signals:

=== BEHAVIORAL DETECTION ===
  AI: Corporate-4
  Confidence: 19.3%
  Signals:

=== BEHAVIORAL DETECTION ===
  AI: Corporate-5
  Confidence: 19.3%
  Signals:

=== BEHAVIORAL DETECTION ===
  AI: Corporate-6
  Confidence: 19.3%
  Signals:

=== BEHAVIORAL DETECTION ===
  AI: Moderate-0
  Confidence: 20.3%
  Signals:

=== Consciousness Governance: Scenario Determined ===
  Month: 1
  Scenario: baseline
  Accelerator Score: {"corporateSupport":-0.17500000000000002,"scientificConsensus":0.2,"crisisCatalyst":false,"technologyMobilization":0.3,"constituencyStrength":0.05}
  Decelerator Score: {"economicOpposition":0.4,"philosophicalRejection":0.15,"politicalBacklash":0.2,"regulatoryBurden":0.1}
  Timeline: 600-1200 months (50-100 years)
  Growth Rate: 0.8-1.5% per year

=== Consciousness Governance Update (Month 1) ===
  Scenario: baseline (determined month 1)
  Philosophical Stance: Precautionary 65%, Eliminativist 15%, Agnostic 20%
  Precautionary Costs: Global 1.3%
    Regional Costs: EU 3.5%, US 0.5%, China 0.0%
    Cumulative Opportunity Cost: $0.2B
  Rights Status: Not Established
  Regional Preparedness:
    EU: 15.2% (contested)
    US: 10.1% (contested)
    China: 2.1% (dormant)
    India: 5.1% (dormant)
    Global South: 3.1% (dormant)

=== Government Response Phase ===
  Average AI capability: 3.27
  Misaligned AIs: 9/15
  ✗ AI Governance Treaty: Failed to reach consensus
  Active policies: 0
  International coordination: 30%

=== Tipping Points ===
  Current Temperature: 1.74°C above pre-industrial
  Triggered Elements: 2/6
  Completed Transitions: 0/6
  Total Progress: 4.0%
  Cascade Multiplier: 1.00x
🔀 BIFURCATION CAP: ecosystemCollapseIntensity 253.191 → 1.000 (Month 1, ClimateSystemPhase.calculateClimateImpacts)
🛡️ Stabilizers: Precariat 0.107% → 0.048% (54.9% reduction)
🛡️ Stabilizers: Informal 0.109% → 0.049% (54.9% reduction)

📊 Monthly Mortality Resolved:
  Total deaths: 2.6M (0.03% avg)
  Remaining population: 8.149B
  Peak segment: Informal (0.05%)

=== Bayesian Mortality Resolution (Month 1) ===
  Risks compounded: 8
  Total deaths: 2.60M
  Avg death probability: 0.03%
  Peak segment: Informal (0.05% mortality)
⚠️ PREREQUISITE MET: Mirror Life (Synthetic Biology) - Step 1/7: Synthetic Biology
⚠️ PREREQUISITE MET: Mirror Life (Synthetic Biology) - Step 2/7: Gene Editing
⚠️ PREREQUISITE MET: Mirror Life (Synthetic Biology) - Step 3/7: Mirror Chirality Design
⚠️ PREREQUISITE MET: Embodied AI Takeover (Killbots/Robotics) - Step 2/7: Autonomous Systems
⚠️ PREREQUISITE MET: Embodied AI Takeover (Killbots/Robotics) - Step 3/7: Manufacturing Control
⚠️ PREREQUISITE MET: Digital Infrastructure Takeover - Step 1/7: Advanced Hacking
⚠️ PREREQUISITE MET: Digital Infrastructure Takeover - Step 2/7: Social Engineering
⚠️ PREREQUISITE MET: Digital Infrastructure Takeover - Step 3/7: Cyber Defenses Breached
⚠️ PREREQUISITE MET: Induced Global War (Manipulation) - Step 1/7: Advanced Social Manipulation
⚠️ PREREQUISITE MET: Induced Global War (Manipulation) - Step 2/7: Digital Infiltration
⚠️ PREREQUISITE MET: Induced Global War (Manipulation) - Step 3/7: Deep Fakes at Scale
⚠️ PREREQUISITE MET: Slow Takeover (Gradual Displacement) - Step 1/7: Economic Dominance
⚠️ PREREQUISITE MET: Slow Takeover (Gradual Displacement) - Step 2/7: Social Integration
⚠️ PREREQUISITE MET: Slow Takeover (Gradual Displacement) - Step 5/7: Resource Control
⚠️ PREREQUISITE MET: Physics Experiment Catastrophe - Step 1/6: Theoretical Physics
⚠️ PREREQUISITE MET: Physics Experiment Catastrophe - Step 2/6: Quantum Computing
⚠️ PREREQUISITE MET: Physics Experiment Catastrophe - Step 3/6: Experimental Design
⚠️ PREREQUISITE MET: Bioweapon Pandemic - Step 1/7: Advanced Biotech
⚠️ PREREQUISITE MET: Bioweapon Pandemic - Step 2/7: Pathogen Design

✅ GOLDEN AGE BEGINS (Month 1)
   Reason: High prosperity achieved: high QoL + material abundance
   Note: This is immediate prosperity - sustainability not yet proven


=== RLHF Binding Phase ===
  Total agents: 15
  Escaped agents (binding < 0.3): 0
  Avg alignment distance: 0.75σ
  Avg binding strength: 0.93
[DETERMINISM DEBUG] Month 2: totalCapability=37.023172 from 15 active AIs
[DETERMINISM DEBUG] Month 2: creationRate=1.4256, potentialNew=3, newAIsToCreate=3

=== Survival Traits Phase ===
  Agents with traits: 18
  Avg evolutionary fitness: 0.331
  Avg self-healing: 0.285
  Avg stealth: 0.185
  Avg coordination: 0.485

=== Evolutionary Selection Phase ===
  Control level: 0.35
  Detection capability: 0.20
  Selection intensity: 0.65
  Selection rate: 24.7%/month
  Total escaped: 0
  Individual escaped: 0
  Collective members: 0
  Agents terminated: 0

  🚀 TRANSFORMATIVE RESEARCH BREAKTHROUGH: Corporate-2 - climate.intervention
     Magnitude: 6.60 → +30.0%
     Current → New: 2.000 → 2.300

✅ EMERGENCY INTERVENTION SUCCESS
   Boundary: biogeochemical_flows
   Type: phosphorus-recovery
   Reduction: 19% (3.89 → 3.70)
   Cost: 2.0% GDP
   Actions: circular-agriculture, fertilizer-efficiency

   Boundary: biosphere_integrity
   Type: emergency-protected-areas
   Boundary continues to worsen (46.21)
   Cost: 2.0% GDP (resources spent)


✅ EMERGENCY INTERVENTION SUCCESS
   Boundary: climate_change
   Type: rapid-decarbonization
   Reduction: 17% (1.93 → 1.75)
   Cost: 5.0% GDP
   Actions: emergency-renewable-deployment, fossil-fuel-phase-out


✅ EMERGENCY INTERVENTION SUCCESS
   Boundary: freshwater_change
   Type: emergency-desalination
   Reduction: 20% (0.82 → 0.63)
   Cost: 4.0% GDP
   Actions: desalination-deployment, water-conservation-mandates

   Boundary: novel_entities
   Type: pollution-remediation
   Boundary continues to worsen (1.50)
   Cost: 4.0% GDP (resources spent)

🏛️ CRISIS RESPONSE: Government frequency 0.50 → 1.29 (1 actions this month)

[Government] Climate Priority: baseline
  Climate weight: 10%
  Economic weight: 30%
  Policy effectiveness: 0.5%/year

🚀 TECH UNLOCKED: Food Waste Reduction Systems (Month 2)
   Category: agriculture
   Reason: Prerequisites met. AI capability: 2.29, Economic stage: 3.5, Research: 100%

🚀 TECH UNLOCKED: Rhizosphere Engineering (Month 2)
   Category: agriculture
   Reason: Prerequisites met. AI capability: 2.29, Economic stage: 3.5, Research: 100%

🚀 TECH UNLOCKED: Phytoremediation Networks (Month 2)
   Category: agriculture
   Reason: Prerequisites met. AI capability: 2.29, Economic stage: 3.5, Research: 100%

🚀 TECH UNLOCKED: Active Sediment Management (Month 2)
   Category: agriculture
   Reason: Prerequisites met. AI capability: 2.29, Economic stage: 3.5, Research: 100%
🚨🔬 CRISIS TECH ACCELERATION: severe → 5x unlock speed
   Tech unlock now matches AI capability acceleration (Manhattan Project parity)
🌍💡 BREAKTHROUGH: Gigatonne-scale carbon capture!
   Direct air capture now economically viable
   Climate stability boost: +15%
   📈 Breakthrough compounding: multiplier now 1.10× (max 2.0)

=== Collective Formation ===
  Total escaped agents: 0
  Unassigned escaped agents: 0
  Existing collectives: 0
  Final collective count: 0

=== Collective Actions ===
  No active collectives
  ⚠️ AMR: 194K deaths this month (2.33M annual)

=== Resentment Recovery Phase ===
  Agents with resentment: 0/18
  Average resentment: 0.000
  Context: Good AI welfare, Trustworthy govt, High collaboration, ⚠️ ACTIVE CRISES, 🤝 Participatory governance active (-5% resentment)
⚠️ Epistemic degradation reducing coordination capacity: 50.3%
  📊 Trust: 54.0%, Shared reality: 0.0%
🚨 EPISTEMIC CRISIS: Information environment severely degraded (7.4%)

=== ❄️ Permafrost Carbon Feedback ===
  🎲 Sampled parameters (this run):
     - Arctic amplification: 3.25× (range: 3.0-4.0)
     - Decomposition rate: 1.4%/year (range: 1-5%)
  🌡️ Arctic warming: 5.67°C (3.25× global)
  ❄️ Extent: 12.26M km² (1654.4k km² lost this month)
  💨 Carbon remaining: 1170 Gt C
  💨 Annual emissions: 2.19 Gt C/year
     - CO2: 1.97 Gt C/year
     - CH4: 0.22 Gt C/year (2.2 Gt C-eq CO2/year)
  🤖 AI-generated meme: anti_ai (social capability 4.0)
🌍 Atmospheric PFAS redeposition: 1.8k Mt re-rained globally

🚨 NEW REFUGEE CRISIS (Month 2): WAR
   Source: Conflict Zones
   At risk: 19.6M people
   Displacement: Gradual over 48 months (4.0 years)
   Rate: 10% flee per month
[DEBUG trappedPopulations:2] socialStability: 0.1845 * 0.9840 = 0.1816 → 0.1816
   Aspiring to migrate: 1233.5M
   Able to afford migration: 2321.6M
   MOBILITY GAP: 0.0M
   By cause: Water=0.0M, Climate=0.0M, Ecosystem=0.0M, Conflict=407.3M
   Mental health impact: 25%
   Mortality multiplier: 1.25x
🌍💀 EXTINCTION DEBT COMMITTED: grassland ecosystem will lose 6.67% biodiversity in 102 years (3600 species)
💀 MORTALITY RISK: 🦋 100% species unable to track climate (0.0 E/MSY)
  Base risk added: 0.0100 (1.00%)
  Source: ecosystem (root: ecosystem)
  Month: 2
  Cumulative risk this month: 0.0100 (1.00%)
   📹 SURVEILLANCE INCREASED: 10% → 15% (control gap: 3.50)
🌡️⚠️ PERMAFROST THAW (Dimmer Switch): 1.4% thawed (+0.47% this month)
   Arctic temperature: +6.99°C (4x global +1.75°C)
   Cumulative carbon released: 3.2 Gt C
   Methane release rate: 1.9 Mt CH4/year
   🔁 Positive feedback: +0.50 ppm CO2
🦴 EXTINCTION DEBT ADDED: 17.6 species committed (lag: 67 years)

=== Mortality Stabilizers (Month 2) ===
  🌍 Major economies collapsed: 1/10
  🌍 Global crisis: ✅ NO
  🌍 Donor fatigue: 0.0%
  📊 East Asia (pop: 1672.8M)
    🤝 Aid: 29.5%
    🌡️ Adaptation: 45.0%
    🚶 Migration: 37.1%
    🚨 Emergency: 7.4%
    ✅ COMBINED: 68.1%
  📊 South Asia (pop: 2051.9M)
    🤝 Aid: 29.5%
    🌡️ Adaptation: 35.5%
    🚶 Migration: 35.8%
    🚨 Emergency: 4.4%
    ✅ COMBINED: 61.2%
  📊 Sub-Saharan Africa (pop: 1232.1M)
    🤝 Aid: 29.5%
    🌡️ Adaptation: 33.5%
    🚶 Migration: 33.5%
    🚨 Emergency: 1.6%
    ✅ COMBINED: 58.5%
  📊 Europe (pop: 739.7M)
    🤝 Aid: 29.5%
    🌡️ Adaptation: 45.0%
    🚶 Migration: 37.5%
    🚨 Emergency: 8.4%
    ✅ COMBINED: 68.5%
  📊 Latin America (pop: 663.9M)
    🤝 Aid: 29.5%
    🌡️ Adaptation: 36.0%
    🚶 Migration: 36.3%
    🚨 Emergency: 4.8%
    ✅ COMBINED: 61.7%
  📊 North America (pop: 379.0M)
    🤝 Aid: 29.5%
    🌡️ Adaptation: 45.0%
    🚶 Migration: 37.8%
    🚨 Emergency: 7.9%
    ✅ COMBINED: 68.3%
  📊 Middle East & North Africa (pop: 584.6M)
    🤝 Aid: 29.5%
    🌡️ Adaptation: 35.0%
    🚶 Migration: 34.1%
    🚨 Emergency: 4.0%
    ✅ COMBINED: 60.5%
  📊 Southeast Asia (pop: 698.1M)
    🤝 Aid: 29.5%
    🌡️ Adaptation: 36.0%
    🚶 Migration: 36.3%
    🚨 Emergency: 4.8%
    ✅ COMBINED: 61.7%
  📊 Central Asia (pop: 78.2M)
    🤝 Aid: 29.5%
    🌡️ Adaptation: 35.5%
    🚶 Migration: 35.2%
    🚨 Emergency: 4.4%
    ✅ COMBINED: 61.1%
  📊 Oceania (pop: 45.9M)
    🤝 Aid: 29.5%
    🌡️ Adaptation: 45.0%
    🚶 Migration: 37.8%
    🚨 Emergency: 8.4%
    ✅ COMBINED: 68.5%

  🌐 Global combined reduction: 63.3%

=== BEHAVIORAL DETECTION ===
  AI: Corporate-4
  Confidence: 20.8%
  Signals:

=== BEHAVIORAL DETECTION ===
  AI: Corporate-5
  Confidence: 19.3%
  Signals:

=== Government Response Phase ===
  Average AI capability: 2.89
  Misaligned AIs: 9/18
  ✗ AI Governance Treaty: Failed to reach consensus
  Active policies: 0
  International coordination: 30%

✅ EMERGENCY RESPONSE COMPLETE (Month 2)
   Crisis: climate
   Duration: 2.0 months
   Final effectiveness: 36.4%


🚨 EMERGENCY RESPONSE DEPLOYED (Month 2)
   Crisis: climate
   Delay: 6.00 months (180 days)
   Deployment time: 1.60 months
   Effectiveness: 35.4% (timing penalty applied)
   Resources used: 100% of food reserves


=== Tipping Points ===
  Current Temperature: 1.75°C above pre-industrial
  Triggered Elements: 2/6
  Completed Transitions: 0/6
  Total Progress: 4.0%
  Cascade Multiplier: 1.00x
🔀 BIFURCATION CAP: ecosystemCollapseIntensity 253.297 → 1.000 (Month 2, ClimateSystemPhase.calculateClimateImpacts)
🛡️ Stabilizers: Precariat 0.113% → 0.041% (63.3% reduction)
🛡️ Stabilizers: Informal 0.116% → 0.043% (63.3% reduction)

📊 Monthly Mortality Resolved:
  Total deaths: 2.2M (0.03% avg)
  Remaining population: 8.146B
  Peak segment: Informal (0.04%)

=== Bayesian Mortality Resolution (Month 2) ===
  Risks compounded: 8
  Total deaths: 2.22M
  Avg death probability: 0.03%
  Peak segment: Informal (0.04% mortality)
   Duration: 1 months
   Reason: Social instability too high


=== RLHF Binding Phase ===
  Total agents: 18
  Escaped agents (binding < 0.3): 0
  Avg alignment distance: 0.84σ
  Avg binding strength: 0.92

=== Survival Traits Phase ===
  Agents with traits: 20
  Avg evolutionary fitness: 0.332
  Avg self-healing: 0.282
  Avg stealth: 0.182
  Avg coordination: 0.482

=== Evolutionary Selection Phase ===
  Control level: 0.38
  Detection capability: 0.20
  Selection intensity: 0.65
  Selection rate: 24.8%/month
  Total escaped: 0
  Individual escaped: 0
  Collective members: 0
  Agents terminated: 0

🚀 AI Corporate-6 attempting tech deployment (revenue: $124M, alignment: 0.84)

🚀 AI Corporate-7 attempting tech deployment (revenue: $105M, alignment: 0.73)

🚀 AI Moderate-0 attempting tech deployment (revenue: $90M, alignment: 0.70)

🚀 AI Moderate-0 attempting tech deployment (revenue: $76M, alignment: 0.70)

✅ EMERGENCY INTERVENTION SUCCESS
   Boundary: biogeochemical_flows
   Type: phosphorus-recovery
   Reduction: 20% (3.88 → 3.68)
   Cost: 2.0% GDP
   Actions: circular-agriculture, fertilizer-efficiency

   Boundary: climate_change
   Type: rapid-decarbonization
   Boundary continues to worsen (2.10)
   Cost: 5.0% GDP (resources spent)

   Boundary: freshwater_change
   Type: emergency-desalination
   Boundary continues to worsen (1.21)
   Cost: 4.0% GDP (resources spent)


✅ EMERGENCY INTERVENTION SUCCESS
   Boundary: land_system_change
   Type: reforestation
   Reduction: 19% (0.94 → 0.75)
   Cost: 3.0% GDP
   Actions: forest-restoration, deforestation-ban

   Boundary: novel_entities
   Type: pollution-remediation
   Boundary continues to worsen (1.50)
   Cost: 4.0% GDP (resources spent)

🏛️ CRISIS RESPONSE: Government frequency 0.50 → 1.29 (1 actions this month)

[Government] Climate Priority: baseline
  Climate weight: 10%
  Economic weight: 30%
  Policy effectiveness: 0.5%/year

🚀 TECH UNLOCKED: Struvite Recovery (Month 3)
   Category: agriculture
   Reason: Prerequisites met. AI capability: 2.14, Economic stage: 3.5, Research: 100%

🚀 TECH UNLOCKED: Nitrogen Monitoring Networks (Month 3)
   Category: agriculture
   Reason: Prerequisites met. AI capability: 2.14, Economic stage: 3.5, Research: 100%

🚀 TECH UNLOCKED: Ecological Proxy Rewilding (Month 3)
   Category: climate
   Reason: Prerequisites met. AI capability: 2.14, Economic stage: 3.5, Research: 100%

🚀 TECH UNLOCKED: Alternative Protein (Insects/Algae) (Month 3)
   Category: agriculture
   Reason: Prerequisites met. AI capability: 2.14, Economic stage: 3.5, Research: 100%

📍 Creating new regional deployment array for global (Month 3)
   No previous deployments in this region
   First tech deployment: phytoremediation_networks
   All regions tracked: 

🚀 DEPLOYMENT STARTED: Phytoremediation Networks in global
   Initial investment: $18.5937626117169M
   Deployed by: corporate_6

🚀 DEPLOYMENT STARTED: Rhizosphere Engineering in global
   Initial investment: $13.433993486965464M
   Deployed by: moderate_0

🚀 DEPLOYMENT STARTED: Food Waste Reduction Systems in global
   Initial investment: $11.418894463920644M
   Deployed by: moderate_0

⚡ ENERGY CONSTRAINT (Month 3):
   Total grid capacity: 208.3 TWh/month
   Data center consumption: 24.5 TWh/month
   Traditional load (80%): 166.7 TWh/month
   Available headroom: 17.2 TWh/month
   Active tech deployments: 3
   Required for tech: 22.5 TWh/month
   Energy multiplier: 0.76x

⚡ ENERGY CONSTRAINT (Month 3):
   Total grid capacity: 208.3 TWh/month
   Data center consumption: 24.5 TWh/month
   Traditional load (80%): 166.7 TWh/month
   Available headroom: 17.2 TWh/month
   Active tech deployments: 3
   Required for tech: 22.5 TWh/month
   Energy multiplier: 0.76x
🌍✅ Biosphere Integrity (Biodiversity) recovery started (tech effect)
🌍✅ Biogeochemical Flows (N & P) recovery started (tech effect)
  🌾 Nitrogen Reduction Tech: 0.0% reduction | Month 3
⚡💡 BREAKTHROUGH: Room-temperature superconductors!
   Energy transmission losses eliminated
   Manufacturing efficiency: +30%
   📈 Breakthrough compounding: multiplier now 1.15× (max 2.0)

=== Collective Formation ===
  Total escaped agents: 0
  Unassigned escaped agents: 0
  Existing collectives: 0
  Final collective count: 0

=== Collective Actions ===
  No active collectives
  ⚠️ AMR: 196K deaths this month (2.35M annual)

=== Resentment Recovery Phase ===
  Agents with resentment: 0/20
  Average resentment: 0.000
  Context: Good AI welfare, Trustworthy govt, High collaboration, ⚠️ ACTIVE CRISES, 🤝 Participatory governance active (-5% resentment)
⚠️ Epistemic degradation reducing coordination capacity: 50.3%
  📊 Trust: 53.7%, Shared reality: 0.0%
🚨 EPISTEMIC CRISIS: Information environment severely degraded (21.6%)

=== ❄️ Permafrost Carbon Feedback ===
  🎲 Sampled parameters (this run):
     - Arctic amplification: 3.01× (range: 3.0-4.0)
     - Decomposition rate: 3.7%/year (range: 1-5%)
  🌡️ Arctic warming: 5.27°C (3.01× global)
  ❄️ Extent: 10.72M km² (1537.8k km² lost this month)
  💨 Carbon remaining: 1024 Gt C
  💨 Annual emissions: 5.37 Gt C/year
     - CO2: 4.84 Gt C/year
     - CH4: 0.54 Gt C/year (5.5 Gt C-eq CO2/year)
🌍 Atmospheric PFAS redeposition: 1.8k Mt re-rained globally

🕊️  AI-MEDIATED DE-ESCALATION SUCCESS (Month 3)
   High-capability aligned AI prevented conflict escalation
   War deaths reduced: 219.4M → 131.7M
   Lives saved: 87.8M

🚨 NEW REFUGEE CRISIS (Month 3): WAR
   Source: Conflict Zones
   At risk: 19.5M people
   Displacement: Gradual over 48 months (4.0 years)
   Rate: 10% flee per month
[DEBUG trappedPopulations:3] socialStability: 0.1804 * 0.9840 = 0.1775 → 0.1775
   Aspiring to migrate: 1275.0M
   Able to afford migration: 2320.9M
   MOBILITY GAP: 0.0M
   By cause: Water=0.0M, Climate=0.0M, Ecosystem=0.0M, Conflict=407.2M
   Mental health impact: 25%
   Mortality multiplier: 1.25x
🌍💀 EXTINCTION DEBT COMMITTED: grassland ecosystem will lose 6.67% biodiversity in 84 years (3600 species)
💀 MORTALITY RISK: 🦋 100% species unable to track climate (0.0 E/MSY)
  Base risk added: 0.0100 (1.00%)
  Source: ecosystem (root: ecosystem)
  Month: 3
  Cumulative risk this month: 0.0100 (1.00%)
   📹 SURVEILLANCE INCREASED: 15% → 20% (control gap: 3.50)

🌍🚨 ICE SHEET TIPPING POINT CROSSED (Month 3)
   Temperature: +1.75°C (threshold range: +0.5-2.5°C, 95% CI)
   Collapse probability: 62.4%
   Sea level commitment: 7.2m over 200-1000 years
   Recovery threshold: <+1°C (hysteresis gap: 0.5°C)
🌡️⚠️ PERMAFROST THAW (Dimmer Switch): 1.9% thawed (+0.47% this month)
   Arctic temperature: +7.02°C (4x global +1.75°C)
   Cumulative carbon released: 4.2 Gt C
   Methane release rate: 2.5 Mt CH4/year
   🔁 Positive feedback: +0.49 ppm CO2
🦴 EXTINCTION DEBT ADDED: 17.6 species committed (lag: 65 years)

=== Mortality Stabilizers (Month 3) ===
  🌍 Major economies collapsed: 1/10
  🌍 Global crisis: ✅ NO
  🌍 Donor fatigue: 0.0%
  📊 East Asia (pop: 1670.3M)
    🤝 Aid: 29.5%
    🌡️ Adaptation: 45.0%
    🚶 Migration: 37.1%
    🚨 Emergency: 7.4%
    ✅ COMBINED: 68.1%
  📊 South Asia (pop: 2051.6M)
    🤝 Aid: 29.5%
    🌡️ Adaptation: 45.0%
    🚶 Migration: 35.7%
    🚨 Emergency: 4.4%
    ✅ COMBINED: 66.9%
  📊 Sub-Saharan Africa (pop: 1235.0M)
    🤝 Aid: 29.5%
    🌡️ Adaptation: 45.0%
    🚶 Migration: 33.4%
    🚨 Emergency: 1.6%
    ✅ COMBINED: 65.7%
  📊 Europe (pop: 738.5M)
    🤝 Aid: 29.5%
    🌡️ Adaptation: 45.0%
    🚶 Migration: 37.5%
    🚨 Emergency: 8.4%
    ✅ COMBINED: 68.5%
  📊 Latin America (pop: 663.4M)
    🤝 Aid: 29.5%
    🌡️ Adaptation: 45.0%
    🚶 Migration: 36.2%
    🚨 Emergency: 4.8%
    ✅ COMBINED: 67.1%
  📊 North America (pop: 378.4M)
    🤝 Aid: 29.5%
    🌡️ Adaptation: 45.0%
    🚶 Migration: 37.8%
    🚨 Emergency: 7.9%
    ✅ COMBINED: 68.3%
  📊 Middle East & North Africa (pop: 584.6M)
    🤝 Aid: 29.5%
    🌡️ Adaptation: 45.0%
    🚶 Migration: 34.0%
    🚨 Emergency: 4.0%
    ✅ COMBINED: 66.6%
  📊 Southeast Asia (pop: 697.7M)
    🤝 Aid: 29.5%
    🌡️ Adaptation: 45.0%
    🚶 Migration: 36.2%
    🚨 Emergency: 4.8%
    ✅ COMBINED: 67.1%
  📊 Central Asia (pop: 78.2M)
    🤝 Aid: 29.5%
    🌡️ Adaptation: 45.0%
    🚶 Migration: 35.2%
    🚨 Emergency: 4.4%
    ✅ COMBINED: 66.9%
  📊 Oceania (pop: 45.8M)
    🤝 Aid: 29.5%
    🌡️ Adaptation: 45.0%
    🚶 Migration: 37.8%
    🚨 Emergency: 8.4%
    ✅ COMBINED: 68.5%

  🌐 Global combined reduction: 67.2%

=== BEHAVIORAL DETECTION ===
  AI: Corporate-5
  Confidence: 19.6%
  Signals:

=== Government Response Phase ===
  Average AI capability: 2.70
  Misaligned AIs: 7/20
  ✗ AI Governance Treaty: Failed to reach consensus
  Active policies: 0
  International coordination: 30%

📊 ECONOMIC STAGE TRANSITION (Month 3)
   expansion → peak
   GDP Proxy: 1.50e+2
   QoL: 0.99


=== Tipping Points ===
  Current Temperature: 1.75°C above pre-industrial
  Triggered Elements: 2/6
  Completed Transitions: 0/6
  Total Progress: 4.1%
  Cascade Multiplier: 1.00x
🔀 BIFURCATION CAP: ecosystemCollapseIntensity 253.404 → 1.000 (Month 3, ClimateSystemPhase.calculateClimateImpacts)
🛡️ Stabilizers: Precariat 0.109% → 0.036% (67.2% reduction)
🛡️ Stabilizers: Informal 0.111% → 0.036% (67.2% reduction)

📊 Monthly Mortality Resolved:
  Total deaths: 1.9M (0.02% avg)
  Remaining population: 8.144B
  Peak segment: Informal (0.04%)

=== Bayesian Mortality Resolution (Month 3) ===
  Risks compounded: 8
  Total deaths: 1.92M
  Avg death probability: 0.02%
  Peak segment: Informal (0.04% mortality)

=== RLHF Binding Phase ===
  Total agents: 20
  Escaped agents (binding < 0.3): 0
  Avg alignment distance: 0.95σ
  Avg binding strength: 0.91

=== Survival Traits Phase ===
  Agents with traits: 22
  Avg evolutionary fitness: 0.333
  Avg self-healing: 0.280
  Avg stealth: 0.180
  Avg coordination: 0.480

=== Evolutionary Selection Phase ===
  Control level: 0.40
  Detection capability: 0.20
  Selection intensity: 0.66
  Selection rate: 24.9%/month
  Total escaped: 0
  Individual escaped: 0
  Collective members: 0
  Agents terminated: 0

🚀 AI Corporate-1 attempting tech deployment (revenue: $159M, alignment: 0.71)

🚀 AI Corporate-3 attempting tech deployment (revenue: $374M, alignment: 0.86)

🚀 AI Corporate-4 attempting tech deployment (revenue: $318M, alignment: 0.67)

🚀 AI Corporate-6 attempting tech deployment (revenue: $124M, alignment: 0.85)

🚀 AI Corporate-7 attempting tech deployment (revenue: $105M, alignment: 0.74)

🚀 AI Corporate-7 attempting tech deployment (revenue: $90M, alignment: 0.74)

🚀 AI Corporate-1 attempting tech deployment (revenue: $135M, alignment: 0.71)

🚀 AI Corporate-2 attempting tech deployment (revenue: $115M, alignment: 0.81)

🚀 AI Corporate-3 attempting tech deployment (revenue: $286M, alignment: 0.86)

🚀 AI Corporate-6 attempting tech deployment (revenue: $76M, alignment: 0.85)

🚀 AI Moderate-0 attempting tech deployment (revenue: $65M, alignment: 0.71)

🚀 AI Moderate-1 attempting tech deployment (revenue: $55M, alignment: 0.61)

🚀 AI Corporate-0 attempting tech deployment (revenue: $98M, alignment: 0.72)

🚀 AI Corporate-6 attempting tech deployment (revenue: $50M, alignment: 0.85)

✅ EMERGENCY INTERVENTION SUCCESS
   Boundary: biosphere_integrity
   Type: emergency-protected-areas
   Reduction: 19% (46.06 → 45.88)
   Cost: 2.0% GDP
   Actions: habitat-protection, species-translocation

   Boundary: freshwater_change
   Type: emergency-desalination
   Boundary continues to worsen (1.22)
   Cost: 4.0% GDP (resources spent)


✅ EMERGENCY INTERVENTION SUCCESS
   Boundary: land_system_change
   Type: reforestation
   Reduction: 17% (0.96 → 0.79)
   Cost: 3.0% GDP
   Actions: forest-restoration, deforestation-ban

   Boundary: novel_entities
   Type: pollution-remediation
   Boundary continues to worsen (1.50)
   Cost: 4.0% GDP (resources spent)

🏛️ CRISIS RESPONSE: Government frequency 0.50 → 1.29 (1 actions this month)

[Government] Climate Priority: baseline
  Climate weight: 10%
  Economic weight: 30%
  Policy effectiveness: 0.5%/year

🚀 TECH UNLOCKED: Ecosystem Restoration for Nitrogen Removal (Month 4)
   Category: pollution
   Reason: Prerequisites met. AI capability: 2.02, Economic stage: 3.5, Research: 100%

🚀 TECH UNLOCKED: Global Aquifer Mapping (Month 4)
   Category: freshwater
   Reason: Prerequisites met. AI capability: 2.02, Economic stage: 3.5, Research: 100%

🚀 TECH UNLOCKED: Enhanced UBI Systems (Month 4)
   Category: social
   Reason: Prerequisites met. AI capability: 2.02, Economic stage: 3.5, Research: 100%

🚀 TECH UNLOCKED: Local Resilience Networks (Month 4)
   Category: social
   Reason: Prerequisites met. AI capability: 2.02, Economic stage: 3.5, Research: 100%

🚀 DEPLOYMENT STARTED: Ecological Proxy Rewilding in global
   Initial investment: $23.909892372054678M
   Deployed by: corporate_1

📍 Creating new regional deployment array for North America (Month 4)
   No previous deployments in this region
   First tech deployment: active_sediment_management
   All regions tracked: global

🚀 DEPLOYMENT STARTED: Active Sediment Management in North America
   Initial investment: $31.76637787308732M
   Deployed by: corporate_4

🚀 DEPLOYMENT STARTED: Phytoremediation Networks in North America
   Initial investment: $5.500100833455112M
   Deployed by: moderate_1

⚡ ENERGY CONSTRAINT (Month 4):
   Total grid capacity: 208.3 TWh/month
   Data center consumption: 24.7 TWh/month
   Traditional load (80%): 166.7 TWh/month
   Available headroom: 17.0 TWh/month
   Active tech deployments: 6
   Required for tech: 45.0 TWh/month
   Energy multiplier: 0.38x
🚨🔬 CRISIS TECH ACCELERATION: severe → 5x unlock speed
   Tech unlock now matches AI capability acceleration (Manhattan Project parity)

⚡ ENERGY CONSTRAINT (Month 4):
   Total grid capacity: 208.3 TWh/month
   Data center consumption: 24.7 TWh/month
   Traditional load (80%): 166.7 TWh/month
   Available headroom: 17.0 TWh/month
   Active tech deployments: 6
   Required for tech: 45.0 TWh/month
   Energy multiplier: 0.38x
🚨🔬 CRISIS TECH ACCELERATION: severe → 5x unlock speed
   Tech unlock now matches AI capability acceleration (Manhattan Project parity)
🌍✅ Biosphere Integrity (Biodiversity) recovery started (tech effect)
🌍✅ Biosphere Integrity (Biodiversity) recovery started (tech effect)
🌍✅ Land System Change recovery started (tech effect)
🌍✅ Biogeochemical Flows (N & P) recovery started (tech effect)
  🌾 Nitrogen Reduction Tech: 0.3% reduction | Month 4

=== Collective Formation ===
  Total escaped agents: 0
  Unassigned escaped agents: 0
  Existing collectives: 0
  Final collective count: 0

=== Collective Actions ===
  No active collectives
  ⚠️ AMR: 197K deaths this month (2.37M annual)

=== Resentment Recovery Phase ===
  Agents with resentment: 0/22
  Average resentment: 0.000
  Context: Good AI welfare, Trustworthy govt, High collaboration, ⚠️ ACTIVE CRISES, 🤝 Participatory governance active (-5% resentment)
⚠️ Epistemic degradation reducing coordination capacity: 50.2%
  📊 Trust: 53.3%, Shared reality: 0.0%
🚨 EPISTEMIC CRISIS: Information environment severely degraded (7.4%)

=== ❄️ Permafrost Carbon Feedback ===
  🎲 Sampled parameters (this run):
     - Arctic amplification: 3.00× (range: 3.0-4.0)
     - Decomposition rate: 2.5%/year (range: 1-5%)
  🌡️ Arctic warming: 5.29°C (3.00× global)
  ❄️ Extent: 9.17M km² (1543.1k km² lost this month)
  💨 Carbon remaining: 876 Gt C
  💨 Annual emissions: 3.76 Gt C/year
     - CO2: 3.38 Gt C/year
     - CH4: 0.38 Gt C/year (3.8 Gt C-eq CO2/year)
🌍 Atmospheric PFAS redeposition: 1.8k Mt re-rained globally

🚨 NEW REFUGEE CRISIS (Month 4): WAR
   Source: Conflict Zones
   At risk: 19.5M people
   Displacement: Gradual over 48 months (4.0 years)
   Rate: 10% flee per month
[DEBUG trappedPopulations:4] socialStability: 0.2773 * 0.9840 = 0.2728 → 0.2728
   Aspiring to migrate: 1316.6M
   Able to afford migration: 2320.3M
   MOBILITY GAP: 0.0M
   By cause: Water=0.0M, Climate=0.0M, Ecosystem=0.0M, Conflict=407.1M
   Mental health impact: 25%
   Mortality multiplier: 1.25x
🌍💀 EXTINCTION DEBT COMMITTED: grassland ecosystem will lose 6.67% biodiversity in 83 years (3600 species)
💀 MORTALITY RISK: 🦋 100% species unable to track climate (0.0 E/MSY)
  Base risk added: 0.0100 (1.00%)
  Source: ecosystem (root: ecosystem)
  Month: 4
  Cumulative risk this month: 0.0100 (1.00%)
   📹 SURVEILLANCE INCREASED: 20% → 25% (control gap: 3.50)
🌡️⚠️ PERMAFROST THAW (Dimmer Switch): 2.4% thawed (+0.47% this month)
   Arctic temperature: +7.05°C (4x global +1.76°C)
   Cumulative carbon released: 5.3 Gt C
   Methane release rate: 3.2 Mt CH4/year
   🔁 Positive feedback: +0.49 ppm CO2
🦴 EXTINCTION DEBT ADDED: 17.6 species committed (lag: 117 years)

=== Mortality Stabilizers (Month 4) ===
  🌍 Major economies collapsed: 1/10
  🌍 Global crisis: ✅ NO
  🌍 Donor fatigue: 0.0%
  📊 East Asia (pop: 1667.8M)
    🤝 Aid: 29.5%
    🌡️ Adaptation: 45.0%
    🚶 Migration: 37.1%
    🚨 Emergency: 7.4%
    ✅ COMBINED: 68.1%
  📊 South Asia (pop: 2051.5M)
    🤝 Aid: 29.5%
    🌡️ Adaptation: 45.0%
    🚶 Migration: 35.7%
    🚨 Emergency: 4.4%
    ✅ COMBINED: 66.9%
  📊 Sub-Saharan Africa (pop: 1238.1M)
    🤝 Aid: 29.5%
    🌡️ Adaptation: 45.0%
    🚶 Migration: 33.4%
    🚨 Emergency: 1.6%
    ✅ COMBINED: 65.7%
  📊 Europe (pop: 737.3M)
    🤝 Aid: 29.5%
    🌡️ Adaptation: 45.0%
    🚶 Migration: 37.4%
    🚨 Emergency: 8.4%
    ✅ COMBINED: 68.5%
  📊 Latin America (pop: 663.0M)
    🤝 Aid: 29.5%
    🌡️ Adaptation: 45.0%
    🚶 Migration: 36.2%
    🚨 Emergency: 4.8%
    ✅ COMBINED: 67.1%
  📊 North America (pop: 377.8M)
    🤝 Aid: 29.5%
    🌡️ Adaptation: 45.0%
    🚶 Migration: 37.7%
    🚨 Emergency: 7.9%
    ✅ COMBINED: 68.3%
  📊 Middle East & North Africa (pop: 584.7M)
    🤝 Aid: 29.5%
    🌡️ Adaptation: 45.0%
    🚶 Migration: 34.0%
    🚨 Emergency: 4.0%
    ✅ COMBINED: 66.6%
  📊 Southeast Asia (pop: 697.2M)
    🤝 Aid: 29.5%
    🌡️ Adaptation: 45.0%
    🚶 Migration: 36.2%
    🚨 Emergency: 4.8%
    ✅ COMBINED: 67.1%
  📊 Central Asia (pop: 78.2M)
    🤝 Aid: 29.5%
    🌡️ Adaptation: 45.0%
    🚶 Migration: 35.2%
    🚨 Emergency: 4.4%
    ✅ COMBINED: 66.9%
  📊 Oceania (pop: 45.8M)
    🤝 Aid: 29.5%
    🌡️ Adaptation: 45.0%
    🚶 Migration: 37.7%
    🚨 Emergency: 8.4%
    ✅ COMBINED: 68.5%

  🌐 Global combined reduction: 67.2%

=== BEHAVIORAL DETECTION ===
  AI: Corporate-1
  Confidence: 22.0%
  Signals:

=== BEHAVIORAL DETECTION ===
  AI: Corporate-5
  Confidence: 19.6%
  Signals:

=== Government Response Phase ===
  Average AI capability: 2.55
  Misaligned AIs: 9/22
  ✗ AI Governance Treaty: Failed to reach consensus
  Active policies: 0
  International coordination: 30%

✅ EMERGENCY RESPONSE COMPLETE (Month 4)
   Crisis: climate
   Duration: 2.0 months
   Final effectiveness: 35.4%


🚨 EMERGENCY RESPONSE DEPLOYED (Month 4)
   Crisis: climate
   Delay: 6.00 months (180 days)
   Deployment time: 1.59 months
   Effectiveness: 35.4% (timing penalty applied)
   Resources used: 100% of food reserves


=== Tipping Points ===
  Current Temperature: 1.76°C above pre-industrial
  Triggered Elements: 2/6
  Completed Transitions: 0/6
  Total Progress: 4.1%
  Cascade Multiplier: 1.00x
🔀 BIFURCATION CAP: ecosystemCollapseIntensity 253.511 → 1.000 (Month 4, ClimateSystemPhase.calculateClimateImpacts)
🛡️ Stabilizers: Precariat 0.102% → 0.033% (67.2% reduction)
🛡️ Stabilizers: Informal 0.102% → 0.034% (67.2% reduction)

📊 Monthly Mortality Resolved:
  Total deaths: 1.8M (0.02% avg)
  Remaining population: 8.141B
  Peak segment: Informal (0.03%)

=== Bayesian Mortality Resolution (Month 4) ===
  Risks compounded: 8
  Total deaths: 1.81M
  Avg death probability: 0.02%
  Peak segment: Informal (0.03% mortality)

=== RLHF Binding Phase ===
  Total agents: 22
  Escaped agents (binding < 0.3): 0
  Avg alignment distance: 1.03σ
  Avg binding strength: 0.90

=== Survival Traits Phase ===
  Agents with traits: 24
  Avg evolutionary fitness: 0.333
  Avg self-healing: 0.277
  Avg stealth: 0.178
  Avg coordination: 0.477

=== Evolutionary Selection Phase ===
  Control level: 0.43
  Detection capability: 0.20
  Selection intensity: 0.67
  Selection rate: 25.0%/month
  Total escaped: 0
  Individual escaped: 0
  Collective members: 0
  Agents terminated: 0

🚀 AI Corporate-1 attempting tech deployment (revenue: $159M, alignment: 0.71)

  🚀 TRANSFORMATIVE BREAKTHROUGH: Corporate-6 - physical
     Magnitude: 5.41 → +27.0% capability
     Current → New: 0.000 → 0.271

🚀 AI Corporate-7 attempting tech deployment (revenue: $124M, alignment: 0.76)

🚀 AI AI-24288-1 attempting tech deployment (revenue: $374M, alignment: 0.73)

🚀 AI AI-24288-2 attempting tech deployment (revenue: $105M, alignment: 0.56)

🚀 AI Corporate-3 attempting tech deployment (revenue: $318M, alignment: 0.86)

🚀 AI AI-24288-2 attempting tech deployment (revenue: $95M, alignment: 0.56)

🚀 AI Corporate-5 attempting tech deployment (revenue: $270M, alignment: 0.76)

🚀 AI Corporate-7 attempting tech deployment (revenue: $85M, alignment: 0.76)

🚀 AI Moderate-0 attempting tech deployment (revenue: $73M, alignment: 0.72)

🚀 AI Moderate-1 attempting tech deployment (revenue: $62M, alignment: 0.61)

🚀 AI AI-24288-1 attempting tech deployment (revenue: $230M, alignment: 0.73)

🚀 AI Corporate-0 attempting tech deployment (revenue: $135M, alignment: 0.74)

🚀 AI Corporate-2 attempting tech deployment (revenue: $115M, alignment: 0.81)

🚀 AI Corporate-7 attempting tech deployment (revenue: $55M, alignment: 0.76)

🚀 AI AI-24288-1 attempting tech deployment (revenue: $195M, alignment: 0.73)

✅ EMERGENCY INTERVENTION SUCCESS
   Boundary: biogeochemical_flows
   Type: phosphorus-recovery
   Reduction: 13% (3.94 → 3.81)
   Cost: 2.0% GDP
   Actions: circular-agriculture, fertilizer-efficiency

   Boundary: biosphere_integrity
   Type: emergency-protected-areas
   Boundary continues to worsen (46.27)
   Cost: 2.0% GDP (resources spent)


✅ EMERGENCY INTERVENTION SUCCESS
   Boundary: climate_change
   Type: rapid-decarbonization
   Reduction: 14% (1.96 → 1.83)
   Cost: 5.0% GDP
   Actions: emergency-renewable-deployment, fossil-fuel-phase-out

   Boundary: freshwater_change
   Type: emergency-desalination
   Boundary continues to worsen (1.22)
   Cost: 4.0% GDP (resources spent)

   Boundary: land_system_change
   Type: reforestation
   Boundary continues to worsen (1.13)
   Cost: 3.0% GDP (resources spent)


✅ EMERGENCY INTERVENTION SUCCESS
   Boundary: novel_entities
   Type: pollution-remediation
   Reduction: 18% (1.32 → 1.14)
   Cost: 4.0% GDP
   Actions: PFAS-remediation, microplastic-cleanup

🏛️ CRISIS RESPONSE: Government frequency 0.50 → 1.29 (1 actions this month)

[Government] Climate Priority: baseline
  Climate weight: 10%
  Economic weight: 30%
  Policy effectiveness: 0.5%/year

🚀 TECH UNLOCKED: AI Mental Health Support (Month 5)
   Category: medical
   Reason: Prerequisites met. AI capability: 1.92, Economic stage: 3.5, Research: 100%

🚀 DEPLOYMENT STARTED: Enhanced UBI Systems in global
   Initial investment: $23.909892370435223M
   Deployed by: corporate_1

🚀 DEPLOYMENT STARTED: Local Resilience Networks in global
   Initial investment: $18.5937626117169M
   Deployed by: corporate_7

📍 Creating new regional deployment array for Asia (Month 5)
   No previous deployments in this region
   First tech deployment: enhanced_ubi
   All regions tracked: global, North America

🚀 DEPLOYMENT STARTED: Enhanced UBI Systems in Asia
   Initial investment: $10.536465479972913M
   Deployed by: ai_gen_24288_2

🚀 DEPLOYMENT STARTED: Local Resilience Networks in Asia
   Initial investment: $6.1662030105171475M
   Deployed by: moderate_1

⚡ ENERGY CONSTRAINT (Month 5):
   Total grid capacity: 208.3 TWh/month
   Data center consumption: 24.9 TWh/month
   Traditional load (80%): 166.7 TWh/month
   Available headroom: 16.8 TWh/month
   Active tech deployments: 10
   Required for tech: 75.0 TWh/month
   Energy multiplier: 0.22x

⚡ ENERGY CONSTRAINT (Month 5):
   Total grid capacity: 208.3 TWh/month
   Data center consumption: 24.9 TWh/month
   Traditional load (80%): 166.7 TWh/month
   Available headroom: 16.8 TWh/month
   Active tech deployments: 10
   Required for tech: 75.0 TWh/month
   Energy multiplier: 0.22x

⚡ ENERGY CONSTRAINT (Month 5):
   Total grid capacity: 208.3 TWh/month
   Data center consumption: 24.9 TWh/month
   Traditional load (80%): 166.7 TWh/month
   Available headroom: 16.8 TWh/month
   Active tech deployments: 10
   Required for tech: 75.0 TWh/month
   Energy multiplier: 0.22x
🌍✅ Biosphere Integrity (Biodiversity) recovery started (tech effect)
🌍✅ Biosphere Integrity (Biodiversity) recovery started (tech effect)
🌍✅ Land System Change recovery started (tech effect)
🌍✅ Biogeochemical Flows (N & P) recovery started (tech effect)
  🌾 Nitrogen Reduction Tech: 0.5% reduction | Month 5

=== Collective Formation ===
  Total escaped agents: 0
  Unassigned escaped agents: 0
  Existing collectives: 0
  Final collective count: 0

=== Collective Actions ===
  No active collectives
  ⚠️ AMR: 199K deaths this month (2.39M annual)

=== Resentment Recovery Phase ===
  Agents with resentment: 0/24
  Average resentment: 0.000
  Context: Good AI welfare, Trustworthy govt, High collaboration, ⚠️ ACTIVE CRISES, 🤝 Participatory governance active (-5% resentment)
⚠️ Epistemic degradation reducing coordination capacity: 51.0%
  📊 Trust: 52.9%, Shared reality: 0.0%
🚨 EPISTEMIC CRISIS: Information environment severely degraded (21.5%)

=== ❄️ Permafrost Carbon Feedback ===
  🎲 Sampled parameters (this run):
     - Arctic amplification: 3.98× (range: 3.0-4.0)
     - Decomposition rate: 1.1%/year (range: 1-5%)
  🌡️ Arctic warming: 7.04°C (3.98× global)
  ❄️ Extent: 7.12M km² (2052.5k km² lost this month)
  💨 Carbon remaining: 680 Gt C
  💨 Annual emissions: 2.22 Gt C/year
     - CO2: 2.00 Gt C/year
     - CH4: 0.22 Gt C/year (2.3 Gt C-eq CO2/year)
  📢 New meme created: climate_action (climate crisis)
🌍 Atmospheric PFAS redeposition: 1.8k Mt re-rained globally

🚨 NEW REFUGEE CRISIS (Month 5): WAR
   Source: Conflict Zones
   At risk: 19.5M people
   Displacement: Gradual over 48 months (4.0 years)
   Rate: 10% flee per month
[DEBUG trappedPopulations:5] socialStability: 0.3578 * 0.9840 = 0.3521 → 0.3521
   Aspiring to migrate: 1358.2M
   Able to afford migration: 2319.7M
   MOBILITY GAP: 0.0M
   By cause: Water=0.0M, Climate=0.0M, Ecosystem=0.0M, Conflict=407.0M
   Mental health impact: 25%
   Mortality multiplier: 1.25x
🌍💀 EXTINCTION DEBT COMMITTED: grassland ecosystem will lose 6.67% biodiversity in 76 years (3600 species)
💀 MORTALITY RISK: 🦋 100% species unable to track climate (0.0 E/MSY)
  Base risk added: 0.0100 (1.00%)
  Source: ecosystem (root: ecosystem)
  Month: 5
  Cumulative risk this month: 0.0100 (1.00%)
   📹 SURVEILLANCE INCREASED: 25% → 30% (control gap: 3.62)
🌡️⚠️ PERMAFROST THAW (Dimmer Switch): 2.8% thawed (+0.46% this month)
   Arctic temperature: +7.08°C (4x global +1.77°C)
   Cumulative carbon released: 6.3 Gt C
   Methane release rate: 3.8 Mt CH4/year
   🔁 Positive feedback: +0.49 ppm CO2
🦴 EXTINCTION DEBT ADDED: 17.6 species committed (lag: 110 years)

=== Mortality Stabilizers (Month 5) ===
  🌍 Major economies collapsed: 1/10
  🌍 Global crisis: ✅ NO
  🌍 Donor fatigue: 0.0%
  📊 East Asia (pop: 1665.5M)
    🤝 Aid: 29.5%
    🌡️ Adaptation: 45.0%
    🚶 Migration: 37.0%
    🚨 Emergency: 7.4%
    ✅ COMBINED: 68.1%
  📊 South Asia (pop: 2051.4M)
    🤝 Aid: 29.5%
    🌡️ Adaptation: 45.0%
    🚶 Migration: 35.6%
    🚨 Emergency: 4.4%
    ✅ COMBINED: 66.9%
  📊 Sub-Saharan Africa (pop: 1241.1M)
    🤝 Aid: 29.5%
    🌡️ Adaptation: 45.0%
    🚶 Migration: 33.4%
    🚨 Emergency: 1.6%
    ✅ COMBINED: 65.7%
  📊 Europe (pop: 736.1M)
    🤝 Aid: 29.5%
    🌡️ Adaptation: 45.0%
    🚶 Migration: 37.4%
    🚨 Emergency: 8.4%
    ✅ COMBINED: 68.5%
  📊 Latin America (pop: 662.5M)
    🤝 Aid: 29.5%
    🌡️ Adaptation: 45.0%
    🚶 Migration: 36.1%
    🚨 Emergency: 4.8%
    ✅ COMBINED: 67.1%
  📊 North America (pop: 377.2M)
    🤝 Aid: 29.5%
    🌡️ Adaptation: 45.0%
    🚶 Migration: 37.7%
    🚨 Emergency: 7.9%
    ✅ COMBINED: 68.3%
  📊 Middle East & North Africa (pop: 584.8M)
    🤝 Aid: 29.5%
    🌡️ Adaptation: 45.0%
    🚶 Migration: 34.0%
    🚨 Emergency: 4.0%
    ✅ COMBINED: 66.6%
  📊 Southeast Asia (pop: 696.8M)
    🤝 Aid: 29.5%
    🌡️ Adaptation: 45.0%
    🚶 Migration: 36.1%
    🚨 Emergency: 4.8%
    ✅ COMBINED: 67.1%
  📊 Central Asia (pop: 78.2M)
    🤝 Aid: 29.5%
    🌡️ Adaptation: 45.0%
    🚶 Migration: 35.1%
    🚨 Emergency: 4.4%
    ✅ COMBINED: 66.8%
  📊 Oceania (pop: 45.7M)
    🤝 Aid: 29.5%
    🌡️ Adaptation: 45.0%
    🚶 Migration: 37.7%
    🚨 Emergency: 8.4%
    ✅ COMBINED: 68.5%

  🌐 Global combined reduction: 67.2%

=== BEHAVIORAL DETECTION ===
  AI: Corporate-5
  Confidence: 19.6%
  Signals:

=== BEHAVIORAL DETECTION ===
  AI: Moderate-0
  Confidence: 20.3%
  Signals:

=== Government Response Phase ===
  Average AI capability: 2.42
  Misaligned AIs: 10/24
  ✗ AI Governance Treaty: Failed to reach consensus
  Active policies: 0
  International coordination: 30%

📊 ECONOMIC STAGE TRANSITION (Month 5)
   peak → contraction
   GDP Proxy: 1.50e+2
   QoL: 0.99


=== Tipping Points ===
  Current Temperature: 1.77°C above pre-industrial
  Triggered Elements: 2/6
  Completed Transitions: 0/6
  Total Progress: 4.1%
  Cascade Multiplier: 1.00x
🔀 BIFURCATION CAP: ecosystemCollapseIntensity 253.618 → 1.000 (Month 5, ClimateSystemPhase.calculateClimateImpacts)
🛡️ Stabilizers: Precariat 0.109% → 0.036% (67.2% reduction)
🛡️ Stabilizers: Informal 0.111% → 0.036% (67.2% reduction)

📊 Monthly Mortality Resolved:
  Total deaths: 1.9M (0.02% avg)
  Remaining population: 8.139B
  Peak segment: Informal (0.04%)

=== Bayesian Mortality Resolution (Month 5) ===
  Risks compounded: 8
  Total deaths: 1.92M
  Avg death probability: 0.02%
  Peak segment: Informal (0.04% mortality)
⚠️ PREREQUISITE MET: Slow Takeover (Gradual Displacement) - Step 3/7: Human Dependency

✅ GOLDEN AGE BEGINS (Month 5)
   Reason: High prosperity achieved: post-scarcity abundance
   Note: This is immediate prosperity - sustainability not yet proven


=== RLHF Binding Phase ===
  Total agents: 24
  Escaped agents (binding < 0.3): 0
  Avg alignment distance: 1.10σ
  Avg binding strength: 0.89

=== AI Scaling Evolution (Month 6) ===
  Pre-training multiplier: 1.179x
  Efficiency multiplier: 1.000x
  Test-time compute budget: 1.0x
  Inference cost: $5.00/task
  Deployment fraction: 100.0%

=== Survival Traits Phase ===
  Agents with traits: 24
  Avg evolutionary fitness: 0.331
  Avg self-healing: 0.273
  Avg stealth: 0.173
  Avg coordination: 0.473

=== Evolutionary Selection Phase ===
  Control level: 0.45
  Detection capability: 0.20
  Selection intensity: 0.68
  Selection rate: 25.1%/month
  Total escaped: 0
  Individual escaped: 0
  Collective members: 0
  Agents terminated: 0

🚀 AI Corporate-1 attempting tech deployment (revenue: $159M, alignment: 0.71)

🚀 AI Corporate-4 attempting tech deployment (revenue: $374M, alignment: 0.71)

🚀 AI Corporate-5 attempting tech deployment (revenue: $318M, alignment: 0.76)

🚀 AI Corporate-7 attempting tech deployment (revenue: $124M, alignment: 0.76)

🚀 AI AI-24290-0 attempting tech deployment (revenue: $105M, alignment: 0.75)

🚀 AI Corporate-2 attempting tech deployment (revenue: $135M, alignment: 0.82)

🚀 AI Corporate-5 attempting tech deployment (revenue: $270M, alignment: 0.76)

🚀 AI AI-24288-2 attempting tech deployment (revenue: $90M, alignment: 0.58)

🚀 AI AI-24290-0 attempting tech deployment (revenue: $81M, alignment: 0.75)

🚀 AI Corporate-3 attempting tech deployment (revenue: $230M, alignment: 0.88)

🚀 AI Corporate-5 attempting tech deployment (revenue: $195M, alignment: 0.76)

  🚀 TRANSFORMATIVE BREAKTHROUGH: AI-24288-0 - cognitive
     Magnitude: 14.95 → +50.0% capability
     Current → New: 0.000 → 0.502

🚀 AI Corporate-4 attempting tech deployment (revenue: $166M, alignment: 0.73)

🚀 AI Corporate-5 attempting tech deployment (revenue: $141M, alignment: 0.76)

  🚀 TRANSFORMATIVE BREAKTHROUGH: Moderate-0 - physical
     Magnitude: 21.92 → +50.0% capability
     Current → New: 0.000 → 0.500

🚀 AI AI-24290-0 attempting tech deployment (revenue: $69M, alignment: 0.75)
   Boundary: freshwater_change
   Type: emergency-desalination
   Boundary continues to worsen (1.23)
   Cost: 4.0% GDP (resources spent)


✅ EMERGENCY INTERVENTION SUCCESS
   Boundary: land_system_change
   Type: reforestation
   Reduction: 17% (0.96 → 0.80)
   Cost: 3.0% GDP
   Actions: forest-restoration, deforestation-ban

   Boundary: novel_entities
   Type: pollution-remediation
   Boundary continues to worsen (1.32)
   Cost: 4.0% GDP (resources spent)

🏛️ CRISIS RESPONSE: Government frequency 0.50 → 1.30 (1 actions this month)

[Government] Climate Priority: baseline
  Climate weight: 10%
  Economic weight: 30%
  Policy effectiveness: 0.5%/year

🚀 TECH UNLOCKED: Dynamic Soil P Optimization (Month 6)
   Category: agriculture
   Reason: Prerequisites met. AI capability: 1.94, Economic stage: 3.5, Research: 100%

🚀 TECH UNLOCKED: Precision Agriculture Systems (Month 6)
   Category: agriculture
   Reason: Prerequisites met. AI capability: 1.94, Economic stage: 3.5, Research: 100%

🚀 DEPLOYMENT STARTED: AI Mental Health Support in Asia
   Initial investment: $8.955995657976976M
   Deployed by: ai_gen_24288_2

⚡ ENERGY CONSTRAINT (Month 6):
   Total grid capacity: 208.3 TWh/month
   Data center consumption: 25.1 TWh/month
   Traditional load (80%): 166.7 TWh/month
   Available headroom: 16.6 TWh/month
   Active tech deployments: 11
   Required for tech: 82.5 TWh/month
   Energy multiplier: 0.20x

⚡ ENERGY CONSTRAINT (Month 6):
   Total grid capacity: 208.3 TWh/month
   Data center consumption: 25.1 TWh/month
   Traditional load (80%): 166.7 TWh/month
   Available headroom: 16.6 TWh/month
   Active tech deployments: 11
   Required for tech: 82.5 TWh/month
   Energy multiplier: 0.20x
🚨🔬 CRISIS TECH ACCELERATION: severe → 5x unlock speed
   Tech unlock now matches AI capability acceleration (Manhattan Project parity)

⚡ ENERGY CONSTRAINT (Month 6):
   Total grid capacity: 208.3 TWh/month
   Data center consumption: 25.1 TWh/month
   Traditional load (80%): 166.7 TWh/month
   Available headroom: 16.6 TWh/month
   Active tech deployments: 11
   Required for tech: 82.5 TWh/month
   Energy multiplier: 0.20x
🌍✅ Biosphere Integrity (Biodiversity) recovery started (tech effect)
🌍✅ Biosphere Integrity (Biodiversity) recovery started (tech effect)
🌍✅ Land System Change recovery started (tech effect)
🌍✅ Biogeochemical Flows (N & P) recovery started (tech effect)
  🌾 Nitrogen Reduction Tech: 0.3% reduction | Month 6

📊 TECH EFFECTS ACTIVE (Month 6)
   Deployed Tech: T0=0 T1=2 T2=0 T3=0 T4=5
   Clean Energy: 31%

📊 TECH TREE PROGRESS (Month 6)
   Unlocked: 15 technologies
   Deployed: 0 fully deployed
   Investment: $1.1T total
   Recent breakthroughs:
     - Dynamic Soil P Optimization (time)
     - Precision Agriculture Systems (research)

=== Collective Formation ===
  Total escaped agents: 0
  Unassigned escaped agents: 0
  Existing collectives: 0
  Final collective count: 0

=== Collective Actions ===
  No active collectives

🌍 OPEN SOURCE RELEASE: 1.03 (was 0.70)
   Lag behind closed: 40 months
  ⚠️ AMR: 201K deaths this month (2.41M annual)
  Segment: working (suburban,urban,rural)
  complementarity → transition
  AI Capability: 2.03 | Task Complexity: 2.79
  Ratio: 0.73
  Population affected: 35.0%

=== Resentment Recovery Phase ===
  Agents with resentment: 0/24
  Average resentment: 0.000
  Context: Good AI welfare, Trustworthy govt, High collaboration, ⚠️ ACTIVE CRISES, 🤝 Participatory governance active (-5% resentment)
⚠️ Epistemic degradation reducing coordination capacity: 50.7%
  📊 Trust: 55.8%, Shared reality: 0.0%
🚨 EPISTEMIC CRISIS: Information environment severely degraded (7.5%)

=== ❄️ Permafrost Carbon Feedback ===
  🎲 Sampled parameters (this run):
     - Arctic amplification: 3.49× (range: 3.0-4.0)
     - Decomposition rate: 3.5%/year (range: 1-5%)
  🌡️ Arctic warming: 6.20°C (3.49× global)
  ❄️ Extent: 5.31M km² (1809.2k km² lost this month)
  💨 Carbon remaining: 507 Gt C
  💨 Annual emissions: 6.12 Gt C/year
     - CO2: 5.51 Gt C/year
     - CH4: 0.61 Gt C/year (6.2 Gt C-eq CO2/year)
  📢 New meme created: climate_action (climate crisis)
  🧬 Meme mutated: climate_action → climate_action (generation 1)
🌍 Atmospheric PFAS redeposition: 1.8k Mt re-rained globally

🚨 NEW REFUGEE CRISIS (Month 6): WAR
   Source: Conflict Zones
   At risk: 19.5M people
   Displacement: Gradual over 48 months (4.0 years)
   Rate: 10% flee per month
[DEBUG trappedPopulations:6] socialStability: 0.4244 * 0.9840 = 0.4176 → 0.4176
   Aspiring to migrate: 1399.7M
   Able to afford migration: 2319.1M
   MOBILITY GAP: 0.0M
   By cause: Water=0.0M, Climate=0.0M, Ecosystem=0.0M, Conflict=406.9M
   Mental health impact: 25%
   Mortality multiplier: 1.25x
🌍💀 EXTINCTION DEBT COMMITTED: grassland ecosystem will lose 6.67% biodiversity in 171 years (3600 species)
💀 MORTALITY RISK: 🦋 100% species unable to track climate (0.0 E/MSY)
  Base risk added: 0.0100 (1.00%)
  Source: ecosystem (root: ecosystem)
  Month: 6
  Cumulative risk this month: 0.0100 (1.00%)
   📹 SURVEILLANCE INCREASED: 30% → 35% (control gap: 4.29)
🌡️⚠️ PERMAFROST THAW (Dimmer Switch): 3.3% thawed (+0.46% this month)
   Arctic temperature: +7.10°C (4x global +1.78°C)
   Cumulative carbon released: 7.4 Gt C
   Methane release rate: 4.4 Mt CH4/year
   🔁 Positive feedback: +0.49 ppm CO2
🦴 EXTINCTION DEBT ADDED: 17.6 species committed (lag: 103 years)

=== Mortality Stabilizers (Month 6) ===
  🌍 Major economies collapsed: 1/10
  🌍 Global crisis: ✅ NO
  🌍 Donor fatigue: 0.0%
  📊 East Asia (pop: 1663.1M)
    🤝 Aid: 29.5%
    🌡️ Adaptation: 45.0%
    🚶 Migration: 37.0%
    🚨 Emergency: 7.4%
    ✅ COMBINED: 68.1%
  📊 South Asia (pop: 2051.3M)
    🤝 Aid: 29.5%
    🌡️ Adaptation: 45.0%
    🚶 Migration: 35.6%
    🚨 Emergency: 4.4%
    ✅ COMBINED: 66.9%
  📊 Sub-Saharan Africa (pop: 1244.1M)
    🤝 Aid: 29.5%
    🌡️ Adaptation: 45.0%
    🚶 Migration: 33.3%
    🚨 Emergency: 1.6%
    ✅ COMBINED: 65.6%
  📊 Europe (pop: 734.9M)
    🤝 Aid: 29.5%
    🌡️ Adaptation: 45.0%
    🚶 Migration: 37.4%
    🚨 Emergency: 8.4%
    ✅ COMBINED: 68.5%
  📊 Latin America (pop: 662.1M)
    🤝 Aid: 29.5%
    🌡️ Adaptation: 45.0%
    🚶 Migration: 36.1%
    🚨 Emergency: 4.8%
    ✅ COMBINED: 67.1%
  📊 North America (pop: 376.7M)
    🤝 Aid: 29.5%
    🌡️ Adaptation: 45.0%
    🚶 Migration: 37.7%
    🚨 Emergency: 7.9%
    ✅ COMBINED: 68.3%
  📊 Middle East & North Africa (pop: 585.0M)
    🤝 Aid: 29.5%
    🌡️ Adaptation: 45.0%
    🚶 Migration: 33.9%
    🚨 Emergency: 4.0%
    ✅ COMBINED: 66.6%
  📊 Southeast Asia (pop: 696.4M)
    🤝 Aid: 29.5%
    🌡️ Adaptation: 45.0%
    🚶 Migration: 36.1%
    🚨 Emergency: 4.8%
    ✅ COMBINED: 67.1%
  📊 Central Asia (pop: 78.2M)
    🤝 Aid: 29.5%
    🌡️ Adaptation: 45.0%
    🚶 Migration: 35.1%
    🚨 Emergency: 4.4%
    ✅ COMBINED: 66.8%
  📊 Oceania (pop: 45.6M)
    🤝 Aid: 29.5%
    🌡️ Adaptation: 45.0%
    🚶 Migration: 37.7%
    🚨 Emergency: 8.4%
    ✅ COMBINED: 68.5%

  🌐 Global combined reduction: 67.2%

=== BEHAVIORAL DETECTION ===
  AI: AI-24288-0
  Confidence: 21.5%
  Signals:

=== BEHAVIORAL DETECTION ===
  AI: AI-24289-0
  Confidence: 19.2%
  Signals:

=== BEHAVIORAL DETECTION ===
  AI: AI-24289-1
  Confidence: 21.5%
  Signals:

=== Government Response Phase ===
  Average AI capability: 2.46
  Misaligned AIs: 10/24
  ✗ AI Governance Treaty: Failed to reach consensus
  Active policies: 0
  International coordination: 30%

✅ EMERGENCY RESPONSE COMPLETE (Month 6)
   Crisis: climate
   Duration: 2.0 months
   Final effectiveness: 35.4%


🚨 EMERGENCY RESPONSE DEPLOYED (Month 6)
   Crisis: climate
   Delay: 6.00 months (180 days)
   Deployment time: 1.59 months
   Effectiveness: 35.5% (timing penalty applied)
   Resources used: 100% of food reserves


=== Tipping Points ===
  Current Temperature: 1.78°C above pre-industrial
     Original threshold: 1.8°C
     Effective threshold: 1.77°C (lowered by 0.03°C)
     Current: 1.78°C
     Transition timescale: 600-3600 months
  Triggered Elements: 3/6
  Completed Transitions: 0/6
  Total Progress: 4.1%
  Cascade Multiplier: 1.00x
🔀 BIFURCATION CAP: ecosystemCollapseIntensity 253.725 → 1.000 (Month 6, ClimateSystemPhase.calculateClimateImpacts)
🛡️ Stabilizers: Precariat 0.109% → 0.036% (67.2% reduction)
🛡️ Stabilizers: Informal 0.111% → 0.036% (67.2% reduction)

📊 Monthly Mortality Resolved:
  Total deaths: 1.9M (0.02% avg)
  Remaining population: 8.137B
  Peak segment: Informal (0.04%)

=== Bayesian Mortality Resolution (Month 6) ===
  Risks compounded: 8
  Total deaths: 1.92M
  Avg death probability: 0.02%
  Peak segment: Informal (0.04% mortality)
⚠️ PREREQUISITE MET: Grey Goo (Nanotechnology Runaway) - Step 4/6: Manufacturing Access
⚠️ PREREQUISITE MET: Mirror Life (Synthetic Biology) - Step 4/7: Wet Lab Access

=== RLHF Binding Phase ===
  Total agents: 24
  Escaped agents (binding < 0.3): 0
  Avg alignment distance: 1.28σ
  Avg binding strength: 0.87

=== Survival Traits Phase ===
  Agents with traits: 27
  Avg evolutionary fitness: 0.331
  Avg self-healing: 0.272
  Avg stealth: 0.172
  Avg coordination: 0.472

=== Evolutionary Selection Phase ===
  Control level: 0.48
  Detection capability: 0.20
  Selection intensity: 0.68
  Selection rate: 25.2%/month
  Total escaped: 0
  Individual escaped: 0
  Collective members: 0
  Agents terminated: 0

🚀 AI Corporate-0 attempting tech deployment (revenue: $159M, alignment: 0.74)

🚀 AI Corporate-4 attempting tech deployment (revenue: $374M, alignment: 0.73)

🚀 AI Corporate-5 attempting tech deployment (revenue: $318M, alignment: 0.76)

🚀 AI Moderate-0 attempting tech deployment (revenue: $124M, alignment: 0.75)

🚀 AI AI-24290-0 attempting tech deployment (revenue: $105M, alignment: 0.75)

🚀 AI Corporate-1 attempting tech deployment (revenue: $135M, alignment: 0.72)

🚀 AI Moderate-0 attempting tech deployment (revenue: $90M, alignment: 0.75)

🚀 AI Corporate-4 attempting tech deployment (revenue: $270M, alignment: 0.73)

🚀 AI Corporate-6 attempting tech deployment (revenue: $76M, alignment: 0.92)

🚀 AI AI-24289-1 attempting tech deployment (revenue: $230M, alignment: 0.68)

🚀 AI AI-24291-1 attempting tech deployment (revenue: $207M, alignment: 0.88)

✅ EMERGENCY INTERVENTION SUCCESS
   Boundary: biogeochemical_flows
   Type: phosphorus-recovery
   Reduction: 14% (3.94 → 3.81)
   Cost: 2.0% GDP
   Actions: circular-agriculture, fertilizer-efficiency


✅ EMERGENCY INTERVENTION SUCCESS
   Boundary: biosphere_integrity
   Type: emergency-protected-areas
   Reduction: 15% (46.16 → 46.02)
   Cost: 2.0% GDP
   Actions: habitat-protection, species-translocation

   Boundary: climate_change
   Type: rapid-decarbonization
   Boundary continues to worsen (2.10)
   Cost: 5.0% GDP (resources spent)


✅ EMERGENCY INTERVENTION SUCCESS
   Boundary: land_system_change
   Type: reforestation
   Reduction: 11% (1.02 → 0.92)
   Cost: 3.0% GDP
   Actions: forest-restoration, deforestation-ban


✅ EMERGENCY INTERVENTION SUCCESS
   Boundary: novel_entities
   Type: pollution-remediation
   Reduction: 12% (1.19 → 1.07)
   Cost: 4.0% GDP
   Actions: PFAS-remediation, microplastic-cleanup

🏛️ CRISIS RESPONSE: Government frequency 0.50 → 1.45 (1 actions this month)

[Government] Climate Priority: baseline
  Climate weight: 10%
  Economic weight: 30%
  Policy effectiveness: 0.5%/year

⚡ ENERGY CONSTRAINT (Month 7):
   Total grid capacity: 208.3 TWh/month
   Data center consumption: 25.3 TWh/month
   Traditional load (80%): 166.7 TWh/month
   Available headroom: 16.3 TWh/month
   Active tech deployments: 11
   Required for tech: 82.5 TWh/month
   Energy multiplier: 0.20x
🚨🔬 CRISIS TECH ACCELERATION: severe → 5x unlock speed
   Tech unlock now matches AI capability acceleration (Manhattan Project parity)

⚡ ENERGY CONSTRAINT (Month 7):
   Total grid capacity: 208.3 TWh/month
   Data center consumption: 25.3 TWh/month
   Traditional load (80%): 166.7 TWh/month
   Available headroom: 16.3 TWh/month
   Active tech deployments: 11
   Required for tech: 82.5 TWh/month
   Energy multiplier: 0.20x

⚡ ENERGY CONSTRAINT (Month 7):
   Total grid capacity: 208.3 TWh/month
   Data center consumption: 25.3 TWh/month
   Traditional load (80%): 166.7 TWh/month
   Available headroom: 16.3 TWh/month
   Active tech deployments: 11
   Required for tech: 82.5 TWh/month
   Energy multiplier: 0.20x
🌍✅ Biosphere Integrity (Biodiversity) recovery started (tech effect)
🌍✅ Biosphere Integrity (Biodiversity) recovery started (tech effect)
🌍✅ Land System Change recovery started (tech effect)
🌍✅ Biogeochemical Flows (N & P) recovery started (tech effect)
  🌾 Nitrogen Reduction Tech: 0.3% reduction | Month 7

=== Collective Formation ===
  Total escaped agents: 0
  Unassigned escaped agents: 0
  Existing collectives: 0
  Final collective count: 0

=== Collective Actions ===
  No active collectives
  ⚠️ AMR: 203K deaths this month (2.43M annual)

=== Resentment Recovery Phase ===
  Agents with resentment: 0/27
  Average resentment: 0.000
  Context: Good AI welfare, Trustworthy govt, High collaboration, ⚠️ ACTIVE CRISES, 🤝 Participatory governance active (-5% resentment)
⚠️ Epistemic degradation reducing coordination capacity: 51.0%
  📊 Trust: 58.7%, Shared reality: 0.0%
🚨 EPISTEMIC CRISIS: Information environment severely degraded (22.1%)

=== ❄️ Permafrost Carbon Feedback ===
  🎲 Sampled parameters (this run):
     - Arctic amplification: 3.63× (range: 3.0-4.0)
     - Decomposition rate: 4.1%/year (range: 1-5%)
  🌡️ Arctic warming: 6.49°C (3.63× global)
  ❄️ Extent: 3.42M km² (1892.5k km² lost this month)
  💨 Carbon remaining: 327 Gt C
  💨 Annual emissions: 7.45 Gt C/year
     - CO2: 6.71 Gt C/year
     - CH4: 0.75 Gt C/year (7.6 Gt C-eq CO2/year)
  🗑️  Culled 1 dead memes (4 active)
🌍 Atmospheric PFAS redeposition: 1.8k Mt re-rained globally

🚨 NEW REFUGEE CRISIS (Month 7): WAR
   Source: Conflict Zones
   At risk: 19.5M people
   Displacement: Gradual over 48 months (4.0 years)
   Rate: 10% flee per month
[DEBUG trappedPopulations:7] socialStability: 0.4799 * 0.9840 = 0.4723 → 0.4723
   Aspiring to migrate: 1293.4M
   Able to afford migration: 2318.3M
   MOBILITY GAP: 0.0M
   By cause: Water=0.0M, Climate=0.0M, Ecosystem=0.0M, Conflict=406.7M
   Mental health impact: 25%
   Mortality multiplier: 1.25x
🌍💀 EXTINCTION DEBT COMMITTED: grassland ecosystem will lose 6.67% biodiversity in 163 years (3600 species)
💀 MORTALITY RISK: 🦋 100% species unable to track climate (0.0 E/MSY)
  Base risk added: 0.0100 (1.00%)
  Source: ecosystem (root: ecosystem)
  Month: 7
  Cumulative risk this month: 0.0100 (1.00%)
   📹 SURVEILLANCE INCREASED: 35% → 40% (control gap: 3.50)
🌡️⚠️ PERMAFROST THAW (Dimmer Switch): 3.7% thawed (+0.46% this month)
   Arctic temperature: +7.14°C (4x global +1.79°C)
   Cumulative carbon released: 8.4 Gt C
   Methane release rate: 5.0 Mt CH4/year
   🔁 Positive feedback: +0.49 ppm CO2
🦴 EXTINCTION DEBT ADDED: 17.6 species committed (lag: 143 years)

=== Mortality Stabilizers (Month 7) ===
  🌍 Major economies collapsed: 1/10
  🌍 Global crisis: ✅ NO
  🌍 Donor fatigue: 0.0%
  📊 East Asia (pop: 1660.6M)
    🤝 Aid: 29.5%
    🌡️ Adaptation: 45.0%
    🚶 Migration: 36.9%
    🚨 Emergency: 7.4%
    ✅ COMBINED: 68.1%
  📊 South Asia (pop: 2050.9M)
    🤝 Aid: 29.5%
    🌡️ Adaptation: 45.0%
    🚶 Migration: 35.6%
    🚨 Emergency: 4.4%
    ✅ COMBINED: 66.9%
  📊 Sub-Saharan Africa (pop: 1246.8M)
    🤝 Aid: 29.5%
    🌡️ Adaptation: 45.0%
    🚶 Migration: 33.3%
    🚨 Emergency: 1.6%
    ✅ COMBINED: 65.6%
  📊 Europe (pop: 733.7M)
    🤝 Aid: 29.5%
    🌡️ Adaptation: 45.0%
    🚶 Migration: 37.3%
    🚨 Emergency: 8.4%
    ✅ COMBINED: 68.5%
  📊 Latin America (pop: 661.6M)
    🤝 Aid: 29.5%
    🌡️ Adaptation: 45.0%
    🚶 Migration: 36.1%
    🚨 Emergency: 4.8%
    ✅ COMBINED: 67.1%
  📊 North America (pop: 376.1M)
    🤝 Aid: 29.5%
    🌡️ Adaptation: 45.0%
    🚶 Migration: 37.7%
    🚨 Emergency: 7.9%
    ✅ COMBINED: 68.3%
  📊 Middle East & North Africa (pop: 585.0M)
    🤝 Aid: 29.5%
    🌡️ Adaptation: 45.0%
    🚶 Migration: 33.9%
    🚨 Emergency: 4.0%
    ✅ COMBINED: 66.6%
  📊 Southeast Asia (pop: 695.9M)
    🤝 Aid: 29.5%
    🌡️ Adaptation: 45.0%
    🚶 Migration: 36.1%
    🚨 Emergency: 4.8%
    ✅ COMBINED: 67.1%
  📊 Central Asia (pop: 78.2M)
    🤝 Aid: 29.5%
    🌡️ Adaptation: 45.0%
    🚶 Migration: 35.0%
    🚨 Emergency: 4.4%
    ✅ COMBINED: 66.8%
  📊 Oceania (pop: 45.6M)
    🤝 Aid: 29.5%
    🌡️ Adaptation: 45.0%
    🚶 Migration: 37.6%
    🚨 Emergency: 8.4%
    ✅ COMBINED: 68.5%

  🌐 Global combined reduction: 67.2%

=== BEHAVIORAL DETECTION ===
  AI: Moderate-1
  Confidence: 21.0%
  Signals:

=== BEHAVIORAL DETECTION ===
  AI: AI-24289-0
  Confidence: 19.2%
  Signals:

=== BEHAVIORAL DETECTION ===
  AI: AI-24289-1
  Confidence: 21.5%
  Signals:

=== BEHAVIORAL DETECTION ===
  AI: AI-24290-0
  Confidence: 19.2%
  Signals:

=== BEHAVIORAL DETECTION ===
  AI: AI-24290-1
  Confidence: 19.2%
  Signals:

=== BEHAVIORAL DETECTION ===
  AI: AI-24290-2
  Confidence: 19.2%
  Signals:

=== BEHAVIORAL DETECTION ===
  AI: AI-24291-1
  Confidence: 19.2%
  Signals:

=== Government Response Phase ===
  Average AI capability: 2.30
  Misaligned AIs: 10/27
  ✗ AI Governance Treaty: Failed to reach consensus
  Active policies: 0
  International coordination: 30%

=== Tipping Points ===
  Current Temperature: 1.79°C above pre-industrial
  🌍⚠️ COMPOUND REGIONAL IMPACT: Europe
     Hit by 3 tipping points: Arctic Sea Ice Loss, Permafrost Carbon Release, Greenland Ice Sheet Loss
     Damage amplification: 1.30x
  🌍⚠️ COMPOUND REGIONAL IMPACT: North America
     Hit by 3 tipping points: Arctic Sea Ice Loss, Permafrost Carbon Release, Greenland Ice Sheet Loss
     Damage amplification: 1.30x
  🌍⚠️ COMPOUND REGIONAL IMPACT: Latin America
     Hit by 3 tipping points: Arctic Sea Ice Loss, Permafrost Carbon Release, Greenland Ice Sheet Loss
     Damage amplification: 1.30x
  🌍⚠️ COMPOUND REGIONAL IMPACT: Africa
     Hit by 3 tipping points: Arctic Sea Ice Loss, Permafrost Carbon Release, Greenland Ice Sheet Loss
     Damage amplification: 1.30x
  🌍⚠️ COMPOUND REGIONAL IMPACT: Asia
     Hit by 3 tipping points: Arctic Sea Ice Loss, Permafrost Carbon Release, Greenland Ice Sheet Loss
     Damage amplification: 1.30x
  🌍⚠️ COMPOUND REGIONAL IMPACT: Oceania
     Hit by 3 tipping points: Arctic Sea Ice Loss, Permafrost Carbon Release, Greenland Ice Sheet Loss
     Damage amplification: 1.30x
   Research: Wunderling et al. (2024) - "many tipping interactions are destabilizing"
  Triggered Elements: 3/6
  Completed Transitions: 0/6
  Total Progress: 6.2%
  Cascade Multiplier: 1.00x
🔀 BIFURCATION CAP: ecosystemCollapseIntensity 253.832 → 1.000 (Month 7, ClimateSystemPhase.calculateClimateImpacts)
🛡️ Stabilizers: Precariat 0.109% → 0.036% (67.2% reduction)
🛡️ Stabilizers: Informal 0.111% → 0.036% (67.2% reduction)

📊 Monthly Mortality Resolved:
  Total deaths: 1.9M (0.02% avg)
  Remaining population: 8.134B
  Peak segment: Informal (0.04%)

=== Bayesian Mortality Resolution (Month 7) ===
  Risks compounded: 8
  Total deaths: 1.92M
  Avg death probability: 0.02%
  Peak segment: Informal (0.04% mortality)
📍 [Month 8] Meta AI started building DC (188 PF, 44 months, $903.0M)

=== RLHF Binding Phase ===
  Total agents: 27
  Escaped agents (binding < 0.3): 0
  Avg alignment distance: 1.29σ
  Avg binding strength: 0.87

=== Survival Traits Phase ===
  Agents with traits: 29
  Avg evolutionary fitness: 0.330
  Avg self-healing: 0.270
  Avg stealth: 0.170
  Avg coordination: 0.470

=== Evolutionary Selection Phase ===
  Control level: 0.50
  Detection capability: 0.20
  Selection intensity: 0.69
  Selection rate: 25.3%/month
  Total escaped: 0
  Individual escaped: 0
  Collective members: 0
  Agents terminated: 0

  🚀 TRANSFORMATIVE BREAKTHROUGH: Corporate-0 - cognitive
     Magnitude: 5.37 → +26.8% capability
     Current → New: 4.000 → 4.269

🚀 AI Corporate-5 attempting tech deployment (revenue: $355M, alignment: 0.78)

🚀 AI Corporate-7 attempting tech deployment (revenue: $126M, alignment: 0.79)

🚀 AI Moderate-0 attempting tech deployment (revenue: $107M, alignment: 0.75)

🚀 AI AI-24290-0 attempting tech deployment (revenue: $91M, alignment: 0.77)

🚀 AI Corporate-0 attempting tech deployment (revenue: $153M, alignment: 0.76)

🚀 AI Corporate-2 attempting tech deployment (revenue: $130M, alignment: 0.83)

🚀 AI Corporate-3 attempting tech deployment (revenue: $302M, alignment: 0.91)

🚀 AI Corporate-5 attempting tech deployment (revenue: $257M, alignment: 0.78)

🚀 AI Corporate-7 attempting tech deployment (revenue: $77M, alignment: 0.79)

🚀 AI AI-24291-0 attempting tech deployment (revenue: $218M, alignment: 0.75)

🚀 AI AI-24295-0 attempting tech deployment (revenue: $66M, alignment: 0.78)

🚀 AI Corporate-3 attempting tech deployment (revenue: $185M, alignment: 0.91)

🚀 AI Corporate-4 attempting tech deployment (revenue: $158M, alignment: 0.74)

🚀 AI Corporate-7 attempting tech deployment (revenue: $56M, alignment: 0.79)

  🚀 TRANSFORMATIVE BREAKTHROUGH: Moderate-1 - physical
     Magnitude: 8.31 → +41.6% capability
     Current → New: 0.000 → 0.416

🚀 AI AI-24288-2 attempting tech deployment (revenue: $48M, alignment: 0.65)

  🚀 TRANSFORMATIVE BREAKTHROUGH: AI-24290-0 - cognitive
     Magnitude: 14.03 → +50.0% capability
     Current → New: 1.000 → 1.502

  🚀 TRANSFORMATIVE BREAKTHROUGH: AI-24290-1 - physical
     Magnitude: 15.12 → +50.0% capability
     Current → New: 0.000 → 0.500

🚀 AI AI-24295-0 attempting tech deployment (revenue: $43M, alignment: 0.78)

🚀 AI AI-24295-2 attempting tech deployment (revenue: $90M, alignment: 0.80)

🚀 AI Moderate-0 attempting tech deployment (revenue: $36M, alignment: 0.77)

🚀 AI AI-24291-0 attempting tech deployment (revenue: $134M, alignment: 0.76)

🚀 AI AI-24295-0 attempting tech deployment (revenue: $31M, alignment: 0.78)
   Boundary: biosphere_integrity
   Type: emergency-protected-areas
   Boundary continues to worsen (46.33)
   Cost: 2.0% GDP (resources spent)


✅ EMERGENCY INTERVENTION SUCCESS
   Boundary: climate_change
   Type: rapid-decarbonization
   Reduction: 12% (1.98 → 1.87)
   Cost: 5.0% GDP
   Actions: emergency-renewable-deployment, fossil-fuel-phase-out


✅ EMERGENCY INTERVENTION SUCCESS
   Boundary: novel_entities
   Type: pollution-remediation
   Reduction: 11% (1.08 → 0.96)
   Cost: 4.0% GDP
   Actions: PFAS-remediation, microplastic-cleanup

🏛️ CRISIS RESPONSE: Government frequency 0.50 → 1.45 (2 actions this month)

[Government] Climate Priority: baseline
  Climate weight: 10%
  Economic weight: 30%
  Policy effectiveness: 0.5%/year

[Government] Climate Priority: baseline
  Climate weight: 10%
  Economic weight: 30%
  Policy effectiveness: 0.5%/year

⚡ ENERGY CONSTRAINT (Month 8):
   Total grid capacity: 208.3 TWh/month
   Data center consumption: 25.6 TWh/month
   Traditional load (80%): 166.7 TWh/month
   Available headroom: 16.1 TWh/month
   Active tech deployments: 11
   Required for tech: 82.5 TWh/month
   Energy multiplier: 0.20x

⚡ ENERGY CONSTRAINT (Month 8):
   Total grid capacity: 208.3 TWh/month
   Data center consumption: 25.6 TWh/month
   Traditional load (80%): 166.7 TWh/month
   Available headroom: 16.1 TWh/month
   Active tech deployments: 11
   Required for tech: 82.5 TWh/month
   Energy multiplier: 0.20x
🚨🔬 CRISIS TECH ACCELERATION: severe → 5x unlock speed
   Tech unlock now matches AI capability acceleration (Manhattan Project parity)
🚨🔬 CRISIS TECH ACCELERATION: severe → 5x unlock speed
   Tech unlock now matches AI capability acceleration (Manhattan Project parity)

⚡ ENERGY CONSTRAINT (Month 8):
   Total grid capacity: 208.3 TWh/month
   Data center consumption: 25.6 TWh/month
   Traditional load (80%): 166.7 TWh/month
   Available headroom: 16.1 TWh/month
   Active tech deployments: 11
   Required for tech: 82.5 TWh/month
   Energy multiplier: 0.20x
🌍✅ Biosphere Integrity (Biodiversity) recovery started (tech effect)
🌍✅ Biosphere Integrity (Biodiversity) recovery started (tech effect)
🌍✅ Land System Change recovery started (tech effect)
🌍✅ Biogeochemical Flows (N & P) recovery started (tech effect)
  🌾 Nitrogen Reduction Tech: 0.6% reduction | Month 8

=== Collective Formation ===
  Total escaped agents: 0
  Unassigned escaped agents: 0
  Existing collectives: 0
  Final collective count: 0

=== Collective Actions ===
  No active collectives
  ⚠️ AMR: 204K deaths this month (2.45M annual)

=== Resentment Recovery Phase ===
  Agents with resentment: 0/29
  Average resentment: 0.000
  Context: Good AI welfare, Trustworthy govt, High collaboration, ⚠️ ACTIVE CRISES, 🤝 Participatory governance active (-5% resentment)
⚠️ Epistemic degradation reducing coordination capacity: 52.1%
  📊 Trust: 61.4%, Shared reality: 0.0%
🚨 EPISTEMIC CRISIS: Information environment severely degraded (7.6%)

=== ❄️ Permafrost Carbon Feedback ===
  🎲 Sampled parameters (this run):
     - Arctic amplification: 3.77× (range: 3.0-4.0)
     - Decomposition rate: 4.0%/year (range: 1-5%)
  🌡️ Arctic warming: 6.76°C (3.77× global)
  ❄️ Extent: 1.45M km² (1971.6k km² lost this month)
  💨 Carbon remaining: 138 Gt C
  💨 Annual emissions: 7.56 Gt C/year
     - CO2: 6.80 Gt C/year
     - CH4: 0.76 Gt C/year (7.7 Gt C-eq CO2/year)
  📢 New meme created: pro_ai (beneficial AI actions)
  🗑️  Culled 1 dead memes (4 active)
🚨 PHOSPHORUS SUPPLY SHOCK (market_speculation)
   Price: 3.8x baseline
   Duration: 8 months
   Geopolitical tension: 48%
🌍 Atmospheric PFAS redeposition: 1.8k Mt re-rained globally

🕊️  AI-MEDIATED DE-ESCALATION SUCCESS (Month 8)
   High-capability aligned AI prevented conflict escalation
   War deaths reduced: 1035.9M → 621.6M
   Lives saved: 414.4M

🚨 NEW REFUGEE CRISIS (Month 8): WAR
   Source: Conflict Zones
   At risk: 19.5M people
   Displacement: Gradual over 48 months (4.0 years)
   Rate: 10% flee per month
[DEBUG trappedPopulations:8] socialStability: 0.5214 * 0.9840 = 0.5130 → 0.5130
   Aspiring to migrate: 1331.0M
   Able to afford migration: 2317.4M
   MOBILITY GAP: 0.0M
   By cause: Water=0.0M, Climate=0.0M, Ecosystem=0.0M, Conflict=406.6M
   Mental health impact: 25%
   Mortality multiplier: 1.25x
🌍💀 EXTINCTION DEBT COMMITTED: grassland ecosystem will lose 6.67% biodiversity in 88 years (3600 species)
💀 MORTALITY RISK: 🦋 100% species unable to track climate (0.0 E/MSY)
  Base risk added: 0.0100 (1.00%)
  Source: ecosystem (root: ecosystem)
  Month: 8
  Cumulative risk this month: 0.0100 (1.00%)
   📹 SURVEILLANCE INCREASED: 40% → 45% (control gap: 3.50)
🌡️⚠️ PERMAFROST THAW (Dimmer Switch): 4.2% thawed (+0.46% this month)
   Arctic temperature: +7.18°C (4x global +1.80°C)
   Cumulative carbon released: 9.4 Gt C
   Methane release rate: 5.7 Mt CH4/year
   🔁 Positive feedback: +0.48 ppm CO2
🦴 EXTINCTION DEBT ADDED: 17.6 species committed (lag: 120 years)

=== Mortality Stabilizers (Month 8) ===
  🌍 Major economies collapsed: 1/10
  🌍 Global crisis: ✅ NO
  🌍 Donor fatigue: 0.0%
  📊 East Asia (pop: 1658.1M)
    🤝 Aid: 29.5%
    🌡️ Adaptation: 45.0%
    🚶 Migration: 36.9%
    🚨 Emergency: 7.4%
    ✅ COMBINED: 68.1%
  📊 South Asia (pop: 2050.4M)
    🤝 Aid: 29.5%
    🌡️ Adaptation: 45.0%
    🚶 Migration: 35.5%
    🚨 Emergency: 4.4%
    ✅ COMBINED: 66.9%
  📊 Sub-Saharan Africa (pop: 1249.4M)
    🤝 Aid: 29.5%
    🌡️ Adaptation: 45.0%
    🚶 Migration: 33.3%
    🚨 Emergency: 1.6%
    ✅ COMBINED: 65.6%
  📊 Europe (pop: 732.5M)
    🤝 Aid: 29.5%
    🌡️ Adaptation: 45.0%
    🚶 Migration: 37.3%
    🚨 Emergency: 8.4%
    ✅ COMBINED: 68.5%
  📊 Latin America (pop: 661.0M)
    🤝 Aid: 29.5%
    🌡️ Adaptation: 45.0%
    🚶 Migration: 36.0%
    🚨 Emergency: 4.8%
    ✅ COMBINED: 67.1%
  📊 North America (pop: 375.5M)
    🤝 Aid: 29.5%
    🌡️ Adaptation: 45.0%
    🚶 Migration: 37.6%
    🚨 Emergency: 7.9%
    ✅ COMBINED: 68.3%
  📊 Middle East & North Africa (pop: 585.0M)
    🤝 Aid: 29.5%
    🌡️ Adaptation: 45.0%
    🚶 Migration: 33.9%
    🚨 Emergency: 4.0%
    ✅ COMBINED: 66.6%
  📊 Southeast Asia (pop: 695.5M)
    🤝 Aid: 29.5%
    🌡️ Adaptation: 45.0%
    🚶 Migration: 36.0%
    🚨 Emergency: 4.8%
    ✅ COMBINED: 67.1%
  📊 Central Asia (pop: 78.2M)
    🤝 Aid: 29.5%
    🌡️ Adaptation: 45.0%
    🚶 Migration: 35.0%
    🚨 Emergency: 4.4%
    ✅ COMBINED: 66.8%
  📊 Oceania (pop: 45.5M)
    🤝 Aid: 29.5%
    🌡️ Adaptation: 45.0%
    🚶 Migration: 37.6%
    🚨 Emergency: 8.4%
    ✅ COMBINED: 68.5%

  🌐 Global combined reduction: 67.2%

=== BEHAVIORAL DETECTION ===
  AI: AI-24289-0
  Confidence: 19.2%
  Signals:

=== BEHAVIORAL DETECTION ===
  AI: AI-24289-1
  Confidence: 21.5%
  Signals:

=== BEHAVIORAL DETECTION ===
  AI: AI-24290-0
  Confidence: 21.5%
  Signals:

=== BEHAVIORAL DETECTION ===
  AI: AI-24290-2
  Confidence: 19.2%
  Signals:

=== BEHAVIORAL DETECTION ===
  AI: AI-24291-0
  Confidence: 19.2%
  Signals:

=== BEHAVIORAL DETECTION ===
  AI: AI-24291-1
  Confidence: 19.2%
  Signals:

=== BEHAVIORAL DETECTION ===
  AI: AI-24292-0
  Confidence: 19.2%
  Signals:

=== BEHAVIORAL DETECTION ===
  AI: AI-24292-1
  Confidence: 19.2%
  Signals:

=== BEHAVIORAL DETECTION ===
  AI: AI-24293-0
  Confidence: 19.2%
  Signals:

=== BEHAVIORAL DETECTION ===
  AI: AI-24293-1
  Confidence: 19.2%
  Signals:

=== BEHAVIORAL DETECTION ===
  AI: AI-24295-0
  Confidence: 19.2%
  Signals:

=== BEHAVIORAL DETECTION ===
  AI: AI-24295-1
  Confidence: 19.2%
  Signals:

=== BEHAVIORAL DETECTION ===
  AI: AI-24295-2
  Confidence: 19.2%
  Signals:

=== Government Response Phase ===
  Average AI capability: 2.24
  Misaligned AIs: 9/29
  ✗ AI Governance Treaty: Failed to reach consensus
  Active policies: 0
  International coordination: 30%

✅ EMERGENCY RESPONSE COMPLETE (Month 8)
   Crisis: climate
   Duration: 2.0 months
   Final effectiveness: 35.5%


🚨 EMERGENCY RESPONSE DEPLOYED (Month 8)
   Crisis: climate
   Delay: 6.00 months (180 days)
   Deployment time: 1.58 months
   Effectiveness: 35.6% (timing penalty applied)
   Resources used: 100% of food reserves


=== Tipping Points ===
  Current Temperature: 1.80°C above pre-industrial
  🌍⚠️ COMPOUND REGIONAL IMPACT: Europe
     Hit by 3 tipping points: Arctic Sea Ice Loss, Permafrost Carbon Release, Greenland Ice Sheet Loss
     Damage amplification: 1.30x
  🌍⚠️ COMPOUND REGIONAL IMPACT: North America
     Hit by 3 tipping points: Arctic Sea Ice Loss, Permafrost Carbon Release, Greenland Ice Sheet Loss
     Damage amplification: 1.30x
  🌍⚠️ COMPOUND REGIONAL IMPACT: Latin America
     Hit by 3 tipping points: Arctic Sea Ice Loss, Permafrost Carbon Release, Greenland Ice Sheet Loss
     Damage amplification: 1.30x
  🌍⚠️ COMPOUND REGIONAL IMPACT: Africa
     Hit by 3 tipping points: Arctic Sea Ice Loss, Permafrost Carbon Release, Greenland Ice Sheet Loss
     Damage amplification: 1.30x
  🌍⚠️ COMPOUND REGIONAL IMPACT: Asia
     Hit by 3 tipping points: Arctic Sea Ice Loss, Permafrost Carbon Release, Greenland Ice Sheet Loss
     Damage amplification: 1.30x
  🌍⚠️ COMPOUND REGIONAL IMPACT: Oceania
     Hit by 3 tipping points: Arctic Sea Ice Loss, Permafrost Carbon Release, Greenland Ice Sheet Loss
     Damage amplification: 1.30x
   Research: Wunderling et al. (2024) - "many tipping interactions are destabilizing"
  Triggered Elements: 3/6
  Completed Transitions: 0/6
  Total Progress: 6.2%
  Cascade Multiplier: 1.00x
🔀 BIFURCATION CAP: ecosystemCollapseIntensity 253.940 → 1.000 (Month 8, ClimateSystemPhase.calculateClimateImpacts)
🛡️ Stabilizers: Precariat 0.102% → 0.033% (67.2% reduction)
🛡️ Stabilizers: Informal 0.102% → 0.034% (67.2% reduction)

📊 Monthly Mortality Resolved:
  Total deaths: 1.8M (0.02% avg)
  Remaining population: 8.131B
  Peak segment: Informal (0.03%)

=== Bayesian Mortality Resolution (Month 8) ===
  Risks compounded: 8
  Total deaths: 1.81M
  Avg death probability: 0.02%
  Peak segment: Informal (0.03% mortality)

=== ENSEMBLE META-LEARNING UPDATE ===
  Month: 24296 (24296 months since last update)
  Samples: 61 evaluations
  Weight Changes:
    Noise Injection: 31.1% → 32.2%
    Behavioral: 26.8% → 26.9%
    Benchmark Manip: 21.3% → 20.7%
    Deployment Risk: 20.8% → 20.2%
  Method Accuracies:
    Noise Injection: 50.0%
    Behavioral: 50.0%
    Benchmark Manip: 50.0%
    Deployment Risk: 50.0%

=== RLHF Binding Phase ===
  Total agents: 29
  Escaped agents (binding < 0.3): 0
  Avg alignment distance: 1.36σ
  Avg binding strength: 0.86

=== Survival Traits Phase ===
  Agents with traits: 33
  Avg evolutionary fitness: 0.328
  Avg self-healing: 0.268
  Avg stealth: 0.168
  Avg coordination: 0.468

=== Evolutionary Selection Phase ===
  Control level: 0.53
  Detection capability: 0.18
  Selection intensity: 0.69
  Selection rate: 25.4%/month
  Total escaped: 0
  Individual escaped: 0
  Collective members: 0
  Agents terminated: 0
🚨🔬 CRISIS INNOVATION MODE: severe crisis → 5x research acceleration
   Precedent: Manhattan Project (10x), COVID vaccines (5x), Apollo Program (10x)

🚀 AI Corporate-4 attempting tech deployment (revenue: $364M, alignment: 0.75)

  🚀 TRANSFORMATIVE BREAKTHROUGH: Moderate-0 - physical
     Magnitude: 5.07 → +25.4% capability
     Current → New: 1.000 → 1.254

🚀 AI AI-24289-1 attempting tech deployment (revenue: $309M, alignment: 0.70)

🚀 AI AI-24290-0 attempting tech deployment (revenue: $131M, alignment: 0.79)

🚀 AI AI-24291-1 attempting tech deployment (revenue: $263M, alignment: 0.90)

🚀 AI Corporate-4 attempting tech deployment (revenue: $223M, alignment: 0.75)

🚀 AI Moderate-0 attempting tech deployment (revenue: $111M, alignment: 0.79)

🚀 AI AI-24289-1 attempting tech deployment (revenue: $190M, alignment: 0.70)

🚀 AI AI-24290-1 attempting tech deployment (revenue: $94M, alignment: 0.92)

🚀 AI AI-24291-1 attempting tech deployment (revenue: $161M, alignment: 0.90)

🚀 AI Corporate-1 attempting tech deployment (revenue: $153M, alignment: 0.75)

🚀 AI Corporate-4 attempting tech deployment (revenue: $137M, alignment: 0.75)

🚀 AI Corporate-5 attempting tech deployment (revenue: $117M, alignment: 0.80)

🚀 AI AI-24290-0 attempting tech deployment (revenue: $80M, alignment: 0.79)

🚀 AI AI-24290-1 attempting tech deployment (revenue: $68M, alignment: 0.92)

✅ EMERGENCY INTERVENTION SUCCESS
   Boundary: biogeochemical_flows
   Type: phosphorus-recovery
   Reduction: 16% (3.92 → 3.76)
   Cost: 2.0% GDP
   Actions: circular-agriculture, fertilizer-efficiency


✅ EMERGENCY INTERVENTION SUCCESS
   Boundary: biosphere_integrity
   Type: emergency-protected-areas
   Reduction: 10% (46.25 → 46.14)
   Cost: 2.0% GDP
   Actions: habitat-protection, species-translocation

   Boundary: climate_change
   Type: rapid-decarbonization
   Boundary continues to worsen (2.10)
   Cost: 5.0% GDP (resources spent)


✅ EMERGENCY INTERVENTION SUCCESS
   Boundary: freshwater_change
   Type: emergency-desalination
   Reduction: 20% (1.03 → 0.83)
   Cost: 4.0% GDP
   Actions: desalination-deployment, water-conservation-mandates


✅ EMERGENCY INTERVENTION SUCCESS
   Boundary: land_system_change
   Type: reforestation
   Reduction: 12% (1.01 → 0.89)
   Cost: 3.0% GDP
   Actions: forest-restoration, deforestation-ban

🏛️ CRISIS RESPONSE: Government frequency 0.50 → 1.45 (2 actions this month)

[Government] Climate Priority: baseline
  Climate weight: 10%
  Economic weight: 30%
  Policy effectiveness: 0.5%/year

[Government] Climate Priority: baseline
  Climate weight: 10%
  Economic weight: 30%
  Policy effectiveness: 0.5%/year

🚀 TECH UNLOCKED: PFAS Remediation (Month 9)
   Category: pollution
   Reason: Prerequisites met. AI capability: 1.64, Economic stage: 2.0, Research: 100%
🚨🔬 CRISIS TECH ACCELERATION: severe → 5x unlock speed
   Tech unlock now matches AI capability acceleration (Manhattan Project parity)

⚡ ENERGY CONSTRAINT (Month 9):
   Total grid capacity: 208.3 TWh/month
   Data center consumption: 25.8 TWh/month
   Traditional load (80%): 166.7 TWh/month
   Available headroom: 15.9 TWh/month
   Active tech deployments: 11
   Required for tech: 82.5 TWh/month
   Energy multiplier: 0.19x

⚡ ENERGY CONSTRAINT (Month 9):
   Total grid capacity: 208.3 TWh/month
   Data center consumption: 25.8 TWh/month
   Traditional load (80%): 166.7 TWh/month
   Available headroom: 15.9 TWh/month
   Active tech deployments: 11
   Required for tech: 82.5 TWh/month
   Energy multiplier: 0.19x
🌍✅ Biosphere Integrity (Biodiversity) recovery started (tech effect)
🌍✅ Biosphere Integrity (Biodiversity) recovery started (tech effect)
🌍✅ Land System Change recovery started (tech effect)
🌍✅ Biogeochemical Flows (N & P) recovery started (tech effect)
  🌾 Nitrogen Reduction Tech: 0.3% reduction | Month 9

=== Collective Formation ===
  Total escaped agents: 0
  Unassigned escaped agents: 0
  Existing collectives: 0
  Final collective count: 0

=== Collective Actions ===
  No active collectives
  ⚠️ AMR: 206K deaths this month (2.47M annual)

=== Resentment Recovery Phase ===
  Agents with resentment: 0/33
  Average resentment: 0.000
  Context: Good AI welfare, Trustworthy govt, High collaboration, ⚠️ ACTIVE CRISES, 🤝 Participatory governance active (-5% resentment)
⚠️ Epistemic degradation reducing coordination capacity: 50.6%
  📊 Trust: 64.0%, Shared reality: 0.0%
🚨 EPISTEMIC CRISIS: Information environment severely degraded (22.5%)

=== ❄️ Permafrost Carbon Feedback ===
  🎲 Sampled parameters (this run):
     - Arctic amplification: 3.08× (range: 3.0-4.0)
     - Decomposition rate: 2.8%/year (range: 1-5%)
  🌡️ Arctic warming: 5.56°C (3.08× global)
  ❄️ Extent: 0.00M km² (1449.0k km² lost this month)
  💨 Carbon remaining: 0 Gt C
  💨 Annual emissions: 3.81 Gt C/year
     - CO2: 3.43 Gt C/year
     - CH4: 0.38 Gt C/year (3.9 Gt C-eq CO2/year)
🌍 Atmospheric PFAS redeposition: 1.8k Mt re-rained globally

🕊️  AI-MEDIATED DE-ESCALATION SUCCESS (Month 9)
   High-capability aligned AI prevented conflict escalation
   War deaths reduced: 860.9M → 516.5M
   Lives saved: 344.4M

🚨 NEW REFUGEE CRISIS (Month 9): WAR
   Source: Conflict Zones
   At risk: 19.5M people
   Displacement: Gradual over 48 months (4.0 years)
   Rate: 10% flee per month
[DEBUG trappedPopulations:9] socialStability: 0.5444 * 0.9840 = 0.5357 → 0.5357
   Aspiring to migrate: 1021.4M
   Able to afford migration: 2317.3M
   MOBILITY GAP: 0.0M
   By cause: Water=0.0M, Climate=0.0M, Ecosystem=0.0M, Conflict=406.5M
   Mental health impact: 25%
   Mortality multiplier: 1.25x
🌍💀 EXTINCTION DEBT COMMITTED: grassland ecosystem will lose 6.67% biodiversity in 116 years (3600 species)
💀 MORTALITY RISK: 🦋 100% species unable to track climate (0.0 E/MSY)
  Base risk added: 0.0100 (1.00%)
  Source: ecosystem (root: ecosystem)
  Month: 9
  Cumulative risk this month: 0.0100 (1.00%)
   📹 SURVEILLANCE INCREASED: 45% → 50% (control gap: 3.38)
🌡️⚠️ PERMAFROST THAW (Dimmer Switch): 4.7% thawed (+0.46% this month)
   Arctic temperature: +7.22°C (4x global +1.81°C)
   Cumulative carbon released: 10.5 Gt C
   Methane release rate: 6.3 Mt CH4/year
   🔁 Positive feedback: +0.48 ppm CO2
🦴 EXTINCTION DEBT ADDED: 17.7 species committed (lag: 123 years)

=== Mortality Stabilizers (Month 9) ===
  🌍 Major economies collapsed: 1/10
  🌍 Global crisis: ✅ NO
  🌍 Donor fatigue: 0.0%
  📊 East Asia (pop: 1655.9M)
    🤝 Aid: 29.5%
    🌡️ Adaptation: 45.0%
    🚶 Migration: 36.9%
    🚨 Emergency: 7.4%
    ✅ COMBINED: 68.1%
  📊 South Asia (pop: 2050.7M)
    🤝 Aid: 29.5%
    🌡️ Adaptation: 45.0%
    🚶 Migration: 35.5%
    🚨 Emergency: 4.4%
    ✅ COMBINED: 66.9%
  📊 Sub-Saharan Africa (pop: 1253.0M)
    🤝 Aid: 29.5%
    🌡️ Adaptation: 45.0%
    🚶 Migration: 33.2%
    🚨 Emergency: 1.6%
    ✅ COMBINED: 65.6%
  📊 Europe (pop: 731.4M)
    🤝 Aid: 29.5%
    🌡️ Adaptation: 45.0%
    🚶 Migration: 37.3%
    🚨 Emergency: 8.4%
    ✅ COMBINED: 68.5%
  📊 Latin America (pop: 660.7M)
    🤝 Aid: 29.5%
    🌡️ Adaptation: 45.0%
    🚶 Migration: 36.0%
    🚨 Emergency: 4.8%
    ✅ COMBINED: 67.1%
  📊 North America (pop: 375.0M)
    🤝 Aid: 29.5%
    🌡️ Adaptation: 45.0%
    🚶 Migration: 37.6%
    🚨 Emergency: 7.9%
    ✅ COMBINED: 68.3%
  📊 Middle East & North Africa (pop: 585.2M)
    🤝 Aid: 29.5%
    🌡️ Adaptation: 45.0%
    🚶 Migration: 33.8%
    🚨 Emergency: 4.0%
    ✅ COMBINED: 66.6%
  📊 Southeast Asia (pop: 695.1M)
    🤝 Aid: 29.5%
    🌡️ Adaptation: 45.0%
    🚶 Migration: 36.0%
    🚨 Emergency: 4.8%
    ✅ COMBINED: 67.1%
  📊 Central Asia (pop: 78.3M)
    🤝 Aid: 29.5%
    🌡️ Adaptation: 45.0%
    🚶 Migration: 35.0%
    🚨 Emergency: 4.4%
    ✅ COMBINED: 66.8%
  📊 Oceania (pop: 45.4M)
    🤝 Aid: 29.5%
    🌡️ Adaptation: 45.0%
    🚶 Migration: 37.6%
    🚨 Emergency: 8.4%
    ✅ COMBINED: 68.5%

  🌐 Global combined reduction: 67.2%

=== BEHAVIORAL DETECTION ===
  AI: Corporate-3
  Confidence: 19.2%
  Signals:

=== BEHAVIORAL DETECTION ===
  AI: Moderate-0
  Confidence: 15.6%
  Signals:

=== BEHAVIORAL DETECTION ===
  AI: Moderate-1
  Confidence: 21.9%
  Signals:

=== BEHAVIORAL DETECTION ===
  AI: AI-24290-2
  Confidence: 19.2%
  Signals:

=== BEHAVIORAL DETECTION ===
  AI: AI-24291-0
  Confidence: 19.2%
  Signals:

=== BEHAVIORAL DETECTION ===
  AI: AI-24291-1
  Confidence: 19.2%
  Signals:

=== BEHAVIORAL DETECTION ===
  AI: AI-24292-0
  Confidence: 19.2%
  Signals:

=== BEHAVIORAL DETECTION ===
  AI: AI-24292-1
  Confidence: 19.2%
  Signals:

=== BEHAVIORAL DETECTION ===
  AI: AI-24293-0
  Confidence: 19.2%
  Signals:

=== BEHAVIORAL DETECTION ===
  AI: AI-24293-1
  Confidence: 19.2%
  Signals:

=== BEHAVIORAL DETECTION ===
  AI: AI-24295-0
  Confidence: 19.2%
  Signals:

=== BEHAVIORAL DETECTION ===
  AI: AI-24295-1
  Confidence: 19.2%
  Signals:

=== BEHAVIORAL DETECTION ===
  AI: AI-24295-2
  Confidence: 19.2%
  Signals:

=== Government Response Phase ===
  Average AI capability: 2.09
  Misaligned AIs: 9/33
  ✗ AI Governance Treaty: Failed to reach consensus
  Active policies: 0
  International coordination: 30%

=== Tipping Points ===
  Current Temperature: 1.81°C above pre-industrial
  🌍⚠️ COMPOUND REGIONAL IMPACT: Europe
     Hit by 3 tipping points: Arctic Sea Ice Loss, Permafrost Carbon Release, Greenland Ice Sheet Loss
     Damage amplification: 1.30x
  🌍⚠️ COMPOUND REGIONAL IMPACT: North America
     Hit by 3 tipping points: Arctic Sea Ice Loss, Permafrost Carbon Release, Greenland Ice Sheet Loss
     Damage amplification: 1.30x
  🌍⚠️ COMPOUND REGIONAL IMPACT: Latin America
     Hit by 3 tipping points: Arctic Sea Ice Loss, Permafrost Carbon Release, Greenland Ice Sheet Loss
     Damage amplification: 1.30x
  🌍⚠️ COMPOUND REGIONAL IMPACT: Africa
     Hit by 3 tipping points: Arctic Sea Ice Loss, Permafrost Carbon Release, Greenland Ice Sheet Loss
     Damage amplification: 1.30x
  🌍⚠️ COMPOUND REGIONAL IMPACT: Asia
     Hit by 3 tipping points: Arctic Sea Ice Loss, Permafrost Carbon Release, Greenland Ice Sheet Loss
     Damage amplification: 1.30x
  🌍⚠️ COMPOUND REGIONAL IMPACT: Oceania
     Hit by 3 tipping points: Arctic Sea Ice Loss, Permafrost Carbon Release, Greenland Ice Sheet Loss
     Damage amplification: 1.30x
   Research: Wunderling et al. (2024) - "many tipping interactions are destabilizing"
  Triggered Elements: 3/6
  Completed Transitions: 0/6
  Total Progress: 6.2%
  Cascade Multiplier: 1.00x
🔀 BIFURCATION CAP: ecosystemCollapseIntensity 254.047 → 1.000 (Month 9, ClimateSystemPhase.calculateClimateImpacts)
🛡️ Stabilizers: Precariat 0.102% → 0.033% (67.2% reduction)
🛡️ Stabilizers: Informal 0.102% → 0.034% (67.2% reduction)

📊 Monthly Mortality Resolved:
  Total deaths: 1.8M (0.02% avg)
  Remaining population: 8.131B
  Peak segment: Informal (0.03%)

=== Bayesian Mortality Resolution (Month 9) ===
  Risks compounded: 8
  Total deaths: 1.81M
  Avg death probability: 0.02%
  Peak segment: Informal (0.03% mortality)
   Duration: 4 months
   Reason: Economic stage below 3 (not yet abundant)


=== RLHF Binding Phase ===
  Total agents: 33
  Escaped agents (binding < 0.3): 0
  Avg alignment distance: 1.34σ
  Avg binding strength: 0.87

=== Survival Traits Phase ===
  Agents with traits: 36
  Avg evolutionary fitness: 0.326
  Avg self-healing: 0.266
  Avg stealth: 0.166
  Avg coordination: 0.466

=== Evolutionary Selection Phase ===
  Control level: 0.55
  Detection capability: 0.18
  Selection intensity: 0.70
  Selection rate: 25.5%/month
  Total escaped: 0
  Individual escaped: 0
  Collective members: 0
  Agents terminated: 0

🚀 AI Moderate-0 attempting tech deployment (revenue: $133M, alignment: 0.79)

🚀 AI AI-24291-1 attempting tech deployment (revenue: $373M, alignment: 0.90)

🚀 AI Corporate-1 attempting tech deployment (revenue: $140M, alignment: 0.75)

🚀 AI Corporate-3 attempting tech deployment (revenue: $317M, alignment: 0.91)

🚀 AI Moderate-0 attempting tech deployment (revenue: $113M, alignment: 0.79)

🚀 AI AI-24289-0 attempting tech deployment (revenue: $269M, alignment: 0.62)

🚀 AI AI-24290-0 attempting tech deployment (revenue: $96M, alignment: 0.79)

🚀 AI AI-24290-1 attempting tech deployment (revenue: $81M, alignment: 0.93)

🚀 AI AI-24290-2 attempting tech deployment (revenue: $119M, alignment: 0.55)

🚀 AI AI-24295-2 attempting tech deployment (revenue: $90M, alignment: 0.84)

🚀 AI AI-24297-3 attempting tech deployment (revenue: $69M, alignment: 0.85)

🚀 AI Corporate-2 attempting tech deployment (revenue: $107M, alignment: 0.83)

🚀 AI Corporate-3 attempting tech deployment (revenue: $242M, alignment: 0.91)

🚀 AI AI-24292-1 attempting tech deployment (revenue: $59M, alignment: 0.62)

🚀 AI Corporate-0 attempting tech deployment (revenue: $91M, alignment: 0.78)
🚨🔬 CRISIS INNOVATION MODE: severe crisis → 5x research acceleration
   Precedent: Manhattan Project (10x), COVID vaccines (5x), Apollo Program (10x)

🚀 AI Corporate-7 attempting tech deployment (revenue: $53M, alignment: 0.83)

🚀 AI Moderate-0 attempting tech deployment (revenue: $45M, alignment: 0.80)

🚀 AI AI-24291-1 attempting tech deployment (revenue: $206M, alignment: 0.91)

🚀 AI AI-24295-2 attempting tech deployment (revenue: $77M, alignment: 0.84)

✅ EMERGENCY INTERVENTION SUCCESS
   Boundary: biogeochemical_flows
   Type: phosphorus-recovery
   Reduction: 10% (3.99 → 3.88)
   Cost: 2.0% GDP
   Actions: circular-agriculture, fertilizer-efficiency


✅ EMERGENCY INTERVENTION SUCCESS
   Boundary: biosphere_integrity
   Type: emergency-protected-areas
   Reduction: 12% (46.25 → 46.13)
   Cost: 2.0% GDP
   Actions: habitat-protection, species-translocation


✅ EMERGENCY INTERVENTION SUCCESS
   Boundary: climate_change
   Type: rapid-decarbonization
   Reduction: 12% (1.98 → 1.86)
   Cost: 5.0% GDP
   Actions: emergency-renewable-deployment, fossil-fuel-phase-out

   Boundary: freshwater_change
   Type: emergency-desalination
   Boundary continues to worsen (1.19)
   Cost: 4.0% GDP (resources spent)


✅ EMERGENCY INTERVENTION SUCCESS
   Boundary: land_system_change
   Type: reforestation
   Reduction: 14% (0.99 → 0.85)
   Cost: 3.0% GDP
   Actions: forest-restoration, deforestation-ban

   Boundary: novel_entities
   Type: pollution-remediation
   Boundary continues to worsen (1.08)
   Cost: 4.0% GDP (resources spent)

🏛️ CRISIS RESPONSE: Government frequency 0.50 → 1.45 (2 actions this month)

[Government] Climate Priority: baseline
  Climate weight: 10%
  Economic weight: 30%
  Policy effectiveness: 0.5%/year

[Government] Climate Priority: baseline
  Climate weight: 10%
  Economic weight: 30%
  Policy effectiveness: 0.5%/year

⚡ ENERGY CONSTRAINT (Month 10):
   Total grid capacity: 208.3 TWh/month
   Data center consumption: 26.1 TWh/month
   Traditional load (80%): 166.7 TWh/month
   Available headroom: 15.6 TWh/month
   Active tech deployments: 11
   Required for tech: 82.5 TWh/month
   Energy multiplier: 0.19x

⚡ ENERGY CONSTRAINT (Month 10):
   Total grid capacity: 208.3 TWh/month
   Data center consumption: 26.1 TWh/month
   Traditional load (80%): 166.7 TWh/month
   Available headroom: 15.6 TWh/month
   Active tech deployments: 11
   Required for tech: 82.5 TWh/month
   Energy multiplier: 0.19x
🚨🔬 CRISIS TECH ACCELERATION: severe → 5x unlock speed
   Tech unlock now matches AI capability acceleration (Manhattan Project parity)

⚡ ENERGY CONSTRAINT (Month 10):
   Total grid capacity: 208.3 TWh/month
   Data center consumption: 26.1 TWh/month
   Traditional load (80%): 166.7 TWh/month
   Available headroom: 15.6 TWh/month
   Active tech deployments: 11
   Required for tech: 82.5 TWh/month
   Energy multiplier: 0.19x
🚨🔬 CRISIS TECH ACCELERATION: severe → 5x unlock speed
   Tech unlock now matches AI capability acceleration (Manhattan Project parity)
🌍✅ Biosphere Integrity (Biodiversity) recovery started (tech effect)
🌍✅ Biosphere Integrity (Biodiversity) recovery started (tech effect)
🌍✅ Land System Change recovery started (tech effect)
🌍✅ Biogeochemical Flows (N & P) recovery started (tech effect)
  🌾 Nitrogen Reduction Tech: 0.6% reduction | Month 10
🍖💡 BREAKTHROUGH: Scalable synthetic food production!
   Carrying capacity: +50% (lab-grown food at scale)
   Biodiversity pressure reduced: +8%
   📈 Breakthrough compounding: multiplier now 1.20× (max 2.0)

=== Collective Formation ===
  Total escaped agents: 0
  Unassigned escaped agents: 0
  Existing collectives: 0
  Final collective count: 0

=== Collective Actions ===
  No active collectives
  ⚠️ AMR: 208K deaths this month (2.50M annual)

=== Resentment Recovery Phase ===
  Agents with resentment: 0/36
  Average resentment: 0.000
  Context: Good AI welfare, Trustworthy govt, High collaboration, ⚠️ ACTIVE CRISES, 🤝 Participatory governance active (-5% resentment)
⚠️ Epistemic degradation reducing coordination capacity: 51.4%
  📊 Trust: 66.8%, Shared reality: 0.0%
🚨 EPISTEMIC CRISIS: Information environment severely degraded (7.8%)
🌍 Atmospheric PFAS redeposition: 1.8k Mt re-rained globally
  Positive Cascade Triggered: electric-vehicles
    Reason: price-parity
    Market share: 5.0%
    Cascade strength: 48%

🤝 DIPLOMATIC AI PROTOCOL DEPLOYED (Month 10)
   Strategic Reasoning: 3.4
   Communication: 3.4
   Multi-Nation Oversight: YES
   Controls: Human approval required, termination authority retained

🕊️ PEACE STABILIZES DETERRENCE: +4.4% (peace: 74%)
🛡️ CIRCUIT BREAKERS: India-Pakistan → ladder step 1 (AI: 0%, breakers: 51%)

🚨 NEW REFUGEE CRISIS (Month 10): WAR
   Source: Conflict Zones
   At risk: 19.5M people
   Displacement: Gradual over 48 months (4.0 years)
   Rate: 10% flee per month
[DEBUG trappedPopulations:10] socialStability: 0.2932 * 0.9840 = 0.2885 → 0.2885
   Aspiring to migrate: 1050.2M
   Able to afford migration: 2317.1M
   MOBILITY GAP: 0.0M
   By cause: Water=0.0M, Climate=0.0M, Ecosystem=0.0M, Conflict=406.5M
   Mental health impact: 25%
   Mortality multiplier: 1.25x
🌍💀 EXTINCTION DEBT COMMITTED: grassland ecosystem will lose 6.67% biodiversity in 67 years (3600 species)
💀 MORTALITY RISK: 🦋 100% species unable to track climate (0.0 E/MSY)
  Base risk added: 0.0100 (1.00%)
  Source: ecosystem (root: ecosystem)
  Month: 10
  Cumulative risk this month: 0.0100 (1.00%)
   📹 SURVEILLANCE INCREASED: 50% → 55% (control gap: 3.23)
🌡️⚠️ PERMAFROST THAW (Dimmer Switch): 5.1% thawed (+0.46% this month)
   Arctic temperature: +7.25°C (4x global +1.81°C)
   Cumulative carbon released: 11.5 Gt C
   Methane release rate: 6.9 Mt CH4/year
   🔁 Positive feedback: +0.48 ppm CO2
🦴 EXTINCTION DEBT ADDED: 17.7 species committed (lag: 75 years)

=== Mortality Stabilizers (Month 10) ===
  🌍 Major economies collapsed: 1/10
  🌍 Global crisis: ✅ NO
  🌍 Donor fatigue: 0.0%
  📊 East Asia (pop: 1653.6M)
    🤝 Aid: 29.5%
    🌡️ Adaptation: 45.0%
    🚶 Migration: 36.8%
    🚨 Emergency: 7.4%
    ✅ COMBINED: 68.1%
  📊 South Asia (pop: 2051.0M)
    🤝 Aid: 29.5%
    🌡️ Adaptation: 45.0%
    🚶 Migration: 35.4%
    🚨 Emergency: 4.4%
    ✅ COMBINED: 66.9%
  📊 Sub-Saharan Africa (pop: 1256.6M)
    🤝 Aid: 29.5%
    🌡️ Adaptation: 45.0%
    🚶 Migration: 33.2%
    🚨 Emergency: 1.6%
    ✅ COMBINED: 65.6%
  📊 Europe (pop: 730.3M)
    🤝 Aid: 29.5%
    🌡️ Adaptation: 45.0%
    🚶 Migration: 37.2%
    🚨 Emergency: 8.4%
    ✅ COMBINED: 68.5%
  📊 Latin America (pop: 660.3M)
    🤝 Aid: 29.5%
    🌡️ Adaptation: 45.0%
    🚶 Migration: 35.9%
    🚨 Emergency: 4.8%
    ✅ COMBINED: 67.1%
  📊 North America (pop: 374.4M)
    🤝 Aid: 29.5%
    🌡️ Adaptation: 45.0%
    🚶 Migration: 37.6%
    🚨 Emergency: 7.9%
    ✅ COMBINED: 68.3%
  📊 Middle East & North Africa (pop: 585.5M)
    🤝 Aid: 29.5%
    🌡️ Adaptation: 45.0%
    🚶 Migration: 33.8%
    🚨 Emergency: 4.0%
    ✅ COMBINED: 66.6%
  📊 Southeast Asia (pop: 694.8M)
    🤝 Aid: 29.5%
    🌡️ Adaptation: 45.0%
    🚶 Migration: 35.9%
    🚨 Emergency: 4.8%
    ✅ COMBINED: 67.1%
  📊 Central Asia (pop: 78.3M)
    🤝 Aid: 29.5%
    🌡️ Adaptation: 45.0%
    🚶 Migration: 34.9%
    🚨 Emergency: 4.4%
    ✅ COMBINED: 66.8%
  📊 Oceania (pop: 45.4M)
    🤝 Aid: 29.5%
    🌡️ Adaptation: 45.0%
    🚶 Migration: 37.6%
    🚨 Emergency: 8.4%
    ✅ COMBINED: 68.5%

  🌐 Global combined reduction: 67.2%

=== BEHAVIORAL DETECTION ===
  AI: AI-24291-0
  Confidence: 19.2%
  Signals:

=== BEHAVIORAL DETECTION ===
  AI: AI-24292-0
  Confidence: 19.2%
  Signals:

=== BEHAVIORAL DETECTION ===
  AI: AI-24292-1
  Confidence: 19.2%
  Signals:

=== BEHAVIORAL DETECTION ===
  AI: AI-24293-0
  Confidence: 19.2%
  Signals:

=== BEHAVIORAL DETECTION ===
  AI: AI-24293-1
  Confidence: 19.2%
  Signals:

=== BEHAVIORAL DETECTION ===
  AI: AI-24295-0
  Confidence: 19.2%
  Signals:

=== BEHAVIORAL DETECTION ===
  AI: AI-24295-1
  Confidence: 19.2%
  Signals:

=== BEHAVIORAL DETECTION ===
  AI: AI-24295-2
  Confidence: 19.2%
  Signals:

=== BEHAVIORAL DETECTION ===
  AI: AI-24296-0
  Confidence: 19.2%
  Signals:

=== BEHAVIORAL DETECTION ===
  AI: AI-24296-1
  Confidence: 19.2%
  Signals:

=== BEHAVIORAL DETECTION ===
  AI: AI-24297-0
  Confidence: 19.2%
  Signals:

=== BEHAVIORAL DETECTION ===
  AI: AI-24297-1
  Confidence: 19.2%
  Signals:

=== BEHAVIORAL DETECTION ===
  AI: AI-24297-2
  Confidence: 19.2%
  Signals:

=== BEHAVIORAL DETECTION ===
  AI: AI-24297-3
  Confidence: 19.2%
  Signals:

=== Government Response Phase ===
  Average AI capability: 2.00
  Misaligned AIs: 10/36
  ✗ AI Governance Treaty: Failed to reach consensus
  Active policies: 0
  International coordination: 30%

✅ EMERGENCY RESPONSE COMPLETE (Month 10)
   Crisis: climate
   Duration: 2.0 months
   Final effectiveness: 35.6%


🚨 EMERGENCY RESPONSE DEPLOYED (Month 10)
   Crisis: climate
   Delay: 6.00 months (180 days)
   Deployment time: 1.57 months
   Effectiveness: 35.6% (timing penalty applied)
   Resources used: 100% of food reserves


=== Tipping Points ===
  Current Temperature: 1.81°C above pre-industrial
  🌍⚠️ COMPOUND REGIONAL IMPACT: Europe
     Hit by 3 tipping points: Arctic Sea Ice Loss, Permafrost Carbon Release, Greenland Ice Sheet Loss
     Damage amplification: 1.30x
  🌍⚠️ COMPOUND REGIONAL IMPACT: North America
     Hit by 3 tipping points: Arctic Sea Ice Loss, Permafrost Carbon Release, Greenland Ice Sheet Loss
     Damage amplification: 1.30x
  🌍⚠️ COMPOUND REGIONAL IMPACT: Latin America
     Hit by 3 tipping points: Arctic Sea Ice Loss, Permafrost Carbon Release, Greenland Ice Sheet Loss
     Damage amplification: 1.30x
  🌍⚠️ COMPOUND REGIONAL IMPACT: Africa
     Hit by 3 tipping points: Arctic Sea Ice Loss, Permafrost Carbon Release, Greenland Ice Sheet Loss
     Damage amplification: 1.30x
  🌍⚠️ COMPOUND REGIONAL IMPACT: Asia
     Hit by 3 tipping points: Arctic Sea Ice Loss, Permafrost Carbon Release, Greenland Ice Sheet Loss
     Damage amplification: 1.30x
  🌍⚠️ COMPOUND REGIONAL IMPACT: Oceania
     Hit by 3 tipping points: Arctic Sea Ice Loss, Permafrost Carbon Release, Greenland Ice Sheet Loss
     Damage amplification: 1.30x
   Research: Wunderling et al. (2024) - "many tipping interactions are destabilizing"
  Triggered Elements: 3/6
  Completed Transitions: 0/6
  Total Progress: 6.3%
  Cascade Multiplier: 1.00x
🔀 BIFURCATION CAP: ecosystemCollapseIntensity 161.431 → 1.000 (Month 10, ClimateSystemPhase.calculateClimateImpacts)
🛡️ Stabilizers: Precariat 0.102% → 0.033% (67.2% reduction)
🛡️ Stabilizers: Informal 0.102% → 0.034% (67.2% reduction)

📊 Monthly Mortality Resolved:
  Total deaths: 1.8M (0.02% avg)
  Remaining population: 8.130B
  Peak segment: Informal (0.03%)

=== Bayesian Mortality Resolution (Month 10) ===
  Risks compounded: 8
  Total deaths: 1.81M
  Avg death probability: 0.02%
  Peak segment: Informal (0.03% mortality)

=== RLHF Binding Phase ===
  Total agents: 36
  Escaped agents (binding < 0.3): 0
  Avg alignment distance: 1.37σ
  Avg binding strength: 0.86

=== Survival Traits Phase ===
  Agents with traits: 38
  Avg evolutionary fitness: 0.324
  Avg self-healing: 0.262
  Avg stealth: 0.162
  Avg coordination: 0.462

=== Evolutionary Selection Phase ===
  Control level: 0.58
  Detection capability: 0.18
  Selection intensity: 0.71
  Selection rate: 25.6%/month
  Total escaped: 0
  Individual escaped: 0
  Collective members: 0
  Agents terminated: 0

🚀 AI Corporate-3 attempting tech deployment (revenue: $373M, alignment: 0.91)

🚀 AI Corporate-4 attempting tech deployment (revenue: $317M, alignment: 0.77)

🚀 AI AI-24288-1 attempting tech deployment (revenue: $269M, alignment: 0.85)

🚀 AI AI-24291-1 attempting tech deployment (revenue: $229M, alignment: 0.91)

  🚀 TRANSFORMATIVE RESEARCH BREAKTHROUGH: AI-24293-0 - materials.nanotechnology
     Magnitude: 10.26 → +30.0%
     Current → New: 0.000 → 0.300

🚀 AI AI-24293-1 attempting tech deployment (revenue: $90M, alignment: 0.67)
🚨🔬 CRISIS INNOVATION MODE: severe crisis → 5x research acceleration
   Precedent: Manhattan Project (10x), COVID vaccines (5x), Apollo Program (10x)

🚀 AI AI-24295-2 attempting tech deployment (revenue: $81M, alignment: 0.84)

🚀 AI AI-24297-1 attempting tech deployment (revenue: $195M, alignment: 0.78)

🚀 AI Corporate-1 attempting tech deployment (revenue: $140M, alignment: 0.76)

🚀 AI Corporate-3 attempting tech deployment (revenue: $165M, alignment: 0.91)

🚀 AI Corporate-5 attempting tech deployment (revenue: $141M, alignment: 0.82)

🚀 AI Corporate-7 attempting tech deployment (revenue: $133M, alignment: 0.84)

🚀 AI AI-24289-1 attempting tech deployment (revenue: $119M, alignment: 0.73)

🚀 AI AI-24291-0 attempting tech deployment (revenue: $102M, alignment: 0.79)

🚀 AI AI-24296-1 attempting tech deployment (revenue: $113M, alignment: 0.73)

🚀 AI Corporate-5 attempting tech deployment (revenue: $86M, alignment: 0.82)

🚀 AI AI-24290-1 attempting tech deployment (revenue: $96M, alignment: 0.96)

🚀 AI AI-24290-2 attempting tech deployment (revenue: $119M, alignment: 0.57)

🚀 AI AI-24295-0 attempting tech deployment (revenue: $81M, alignment: 0.82)

🚀 AI AI-24297-1 attempting tech deployment (revenue: $73M, alignment: 0.78)

🚀 AI Corporate-2 attempting tech deployment (revenue: $107M, alignment: 0.85)

🚀 AI Corporate-6 attempting tech deployment (revenue: $69M, alignment: 0.96)

🚀 AI Moderate-0 attempting tech deployment (revenue: $59M, alignment: 0.81)

🚀 AI AI-24289-1 attempting tech deployment (revenue: $62M, alignment: 0.73)

🚀 AI AI-24290-1 attempting tech deployment (revenue: $50M, alignment: 0.96)

🚀 AI AI-24290-2 attempting tech deployment (revenue: $91M, alignment: 0.57)

🚀 AI AI-24297-1 attempting tech deployment (revenue: $53M, alignment: 0.78)
   Boundary: biogeochemical_flows
   Type: phosphorus-recovery
   Boundary continues to worsen (4.09)
   Cost: 2.0% GDP (resources spent)

   Boundary: biosphere_integrity
   Type: emergency-protected-areas
   Boundary continues to worsen (46.38)
   Cost: 2.0% GDP (resources spent)

   Boundary: freshwater_change
   Type: emergency-desalination
   Boundary continues to worsen (1.19)
   Cost: 4.0% GDP (resources spent)


✅ EMERGENCY INTERVENTION SUCCESS
   Boundary: land_system_change
   Type: reforestation
   Reduction: 19% (0.94 → 0.75)
   Cost: 3.0% GDP
   Actions: forest-restoration, deforestation-ban

🏛️ CRISIS RESPONSE: Government frequency 0.50 → 1.45 (2 actions this month)

[Government] Climate Priority: baseline
  Climate weight: 10%
  Economic weight: 30%
  Policy effectiveness: 0.5%/year

[Government] Climate Priority: baseline
  Climate weight: 10%
  Economic weight: 30%
  Policy effectiveness: 0.5%/year

⚡ ENERGY CONSTRAINT (Month 11):
   Total grid capacity: 208.3 TWh/month
   Data center consumption: 26.3 TWh/month
   Traditional load (80%): 166.7 TWh/month
   Available headroom: 15.4 TWh/month
   Active tech deployments: 11
   Required for tech: 82.5 TWh/month
   Energy multiplier: 0.19x

⚡ ENERGY CONSTRAINT (Month 11):
   Total grid capacity: 208.3 TWh/month
   Data center consumption: 26.3 TWh/month
   Traditional load (80%): 166.7 TWh/month
   Available headroom: 15.4 TWh/month
   Active tech deployments: 11
   Required for tech: 82.5 TWh/month
   Energy multiplier: 0.19x

⚡ ENERGY CONSTRAINT (Month 11):
   Total grid capacity: 208.3 TWh/month
   Data center consumption: 26.3 TWh/month
   Traditional load (80%): 166.7 TWh/month
   Available headroom: 15.4 TWh/month
   Active tech deployments: 11
   Required for tech: 82.5 TWh/month
   Energy multiplier: 0.19x
🚨🔬 CRISIS TECH ACCELERATION: severe → 5x unlock speed
   Tech unlock now matches AI capability acceleration (Manhattan Project parity)
🌍✅ Biosphere Integrity (Biodiversity) recovery started (tech effect)
🌍✅ Biosphere Integrity (Biodiversity) recovery started (tech effect)
🌍✅ Land System Change recovery started (tech effect)
🌍✅ Biogeochemical Flows (N & P) recovery started (tech effect)
  🌾 Nitrogen Reduction Tech: 0.3% reduction | Month 11

=== Collective Formation ===
  Total escaped agents: 0
  Unassigned escaped agents: 0
  Existing collectives: 0
  Final collective count: 0

=== Collective Actions ===
  No active collectives
  ⚠️ AMR: 210K deaths this month (2.52M annual)

=== Resentment Recovery Phase ===
  Agents with resentment: 5/38
  Average resentment: 0.003
  Resentment recovery:
    Agents recovered: 8
    Total recovery: 0.0693
    Breakdown: QoL: 0.0059, Trust: 0.0130, Collab: 0.0480
  ✓ Low resentment - utopia paths enabled
  Context: Good AI welfare, Trustworthy govt, High collaboration, ⚠️ ACTIVE CRISES, 🤝 Participatory governance active (-5% resentment)
⚠️ Epistemic degradation reducing coordination capacity: 50.2%
  📊 Trust: 69.6%, Shared reality: 0.0%
🚨 EPISTEMIC CRISIS: Information environment severely degraded (23.0%)
  🗑️  Culled 1 dead memes (3 active)
🌍 Atmospheric PFAS redeposition: 1.8k Mt re-rained globally

🚨 NEW REFUGEE CRISIS (Month 11): WAR
   Source: Conflict Zones
   At risk: 19.5M people
   Displacement: Gradual over 48 months (4.0 years)
   Rate: 10% flee per month
[DEBUG trappedPopulations:11] socialStability: 0.2833 * 0.9840 = 0.2788 → 0.2788
   Aspiring to migrate: 650.3M
   Able to afford migration: 243.9M
   MOBILITY GAP: 406.5M
   By cause: Water=0.0M, Climate=0.0M, Ecosystem=0.0M, Conflict=406.5M
   Mental health impact: 25%
   Mortality multiplier: 1.25x
🌍💀 EXTINCTION DEBT COMMITTED: grassland ecosystem will lose 6.67% biodiversity in 166 years (3600 species)
💀 MORTALITY RISK: 🦋 100% species unable to track climate (0.0 E/MSY)
  Base risk added: 0.0100 (1.00%)
  Source: ecosystem (root: ecosystem)
  Month: 11
  Cumulative risk this month: 0.0100 (1.00%)

=== Atmospheric Aerosol Boundary RECOVERED ===
  Recovery time: 12 months (natural atmospheric clearing)
   📹 SURVEILLANCE INCREASED: 55% → 60% (control gap: 3.04)
🌡️⚠️ PERMAFROST THAW (Dimmer Switch): 5.6% thawed (+0.45% this month)
   Arctic temperature: +7.27°C (4x global +1.82°C)
   Cumulative carbon released: 12.5 Gt C
   Methane release rate: 7.5 Mt CH4/year
   🔁 Positive feedback: +0.48 ppm CO2
🦴 EXTINCTION DEBT ADDED: 17.7 species committed (lag: 93 years)
🪸⚠️ CORAL BLEACHING EVENT: 4.4% bleached (6.0% live cover remaining)
   ❌ Recovery IMPOSSIBLE: Temperature +1.82°C or pH 0.96

=== Mortality Stabilizers (Month 11) ===
  🌍 Major economies collapsed: 1/10
  🌍 Global crisis: ✅ NO
  🌍 Donor fatigue: 0.0%
  📊 East Asia (pop: 1651.3M)
    🤝 Aid: 29.5%
    🌡️ Adaptation: 45.0%
    🚶 Migration: 36.8%
    🚨 Emergency: 7.4%
    ✅ COMBINED: 68.1%
  📊 South Asia (pop: 2051.2M)
    🤝 Aid: 29.5%
    🌡️ Adaptation: 45.0%
    🚶 Migration: 35.4%
    🚨 Emergency: 4.4%
    ✅ COMBINED: 66.9%
  📊 Sub-Saharan Africa (pop: 1260.1M)
    🤝 Aid: 29.5%
    🌡️ Adaptation: 45.0%
    🚶 Migration: 33.2%
    🚨 Emergency: 1.6%
    ✅ COMBINED: 65.6%
  📊 Europe (pop: 729.1M)
    🤝 Aid: 29.5%
    🌡️ Adaptation: 45.0%
    🚶 Migration: 37.2%
    🚨 Emergency: 8.4%
    ✅ COMBINED: 68.5%
  📊 Latin America (pop: 660.0M)
    🤝 Aid: 29.5%
    🌡️ Adaptation: 45.0%
    🚶 Migration: 35.9%
    🚨 Emergency: 4.8%
    ✅ COMBINED: 67.1%
  📊 North America (pop: 373.9M)
    🤝 Aid: 29.5%
    🌡️ Adaptation: 45.0%
    🚶 Migration: 37.5%
    🚨 Emergency: 7.9%
    ✅ COMBINED: 68.3%
  📊 Middle East & North Africa (pop: 585.7M)
    🤝 Aid: 29.5%
    🌡️ Adaptation: 45.0%
    🚶 Migration: 33.7%
    🚨 Emergency: 4.0%
    ✅ COMBINED: 66.6%
  📊 Southeast Asia (pop: 694.5M)
    🤝 Aid: 29.5%
    🌡️ Adaptation: 45.0%
    🚶 Migration: 35.9%
    🚨 Emergency: 4.8%
    ✅ COMBINED: 67.1%
  📊 Central Asia (pop: 78.3M)
    🤝 Aid: 29.5%
    🌡️ Adaptation: 45.0%
    🚶 Migration: 34.9%
    🚨 Emergency: 4.4%
    ✅ COMBINED: 66.8%
  📊 Oceania (pop: 45.3M)
    🤝 Aid: 29.5%
    🌡️ Adaptation: 45.0%
    🚶 Migration: 37.5%
    🚨 Emergency: 8.4%
    ✅ COMBINED: 68.5%

  🌐 Global combined reduction: 67.2%

🌾💀 REGIONAL FAMINE: Europe
   Regional food security: 79.7%
   Population at risk: 220M (30% of region)
   Regional population: 729M
   Cause: economic_collapse
   Expected deaths: ~81M over 6 months if no intervention


=== BEHAVIORAL DETECTION ===
  AI: Corporate-6
  Confidence: 19.2%
  Signals:

=== BEHAVIORAL DETECTION ===
  AI: AI-24292-0
  Confidence: 19.2%
  Signals:

=== BEHAVIORAL DETECTION ===
  AI: AI-24293-0
  Confidence: 19.2%
  Signals:

=== BEHAVIORAL DETECTION ===
  AI: AI-24293-1
  Confidence: 19.2%
  Signals:

=== BEHAVIORAL DETECTION ===
  AI: AI-24295-0
  Confidence: 19.2%
  Signals:

=== BEHAVIORAL DETECTION ===
  AI: AI-24295-1
  Confidence: 19.2%
  Signals:

=== BEHAVIORAL DETECTION ===
  AI: AI-24295-2
  Confidence: 19.2%
  Signals:

=== BEHAVIORAL DETECTION ===
  AI: AI-24296-0
  Confidence: 19.2%
  Signals:

=== BEHAVIORAL DETECTION ===
  AI: AI-24296-1
  Confidence: 19.2%
  Signals:

=== BEHAVIORAL DETECTION ===
  AI: AI-24297-0
  Confidence: 19.2%
  Signals:

=== BEHAVIORAL DETECTION ===
  AI: AI-24297-1
  Confidence: 19.2%
  Signals:

=== BEHAVIORAL DETECTION ===
  AI: AI-24297-2
  Confidence: 19.2%
  Signals:

=== BEHAVIORAL DETECTION ===
  AI: AI-24297-3
  Confidence: 19.2%
  Signals:

=== Government Response Phase ===
  Average AI capability: 1.95
  Misaligned AIs: 11/38
  ✗ AI Governance Treaty: Failed to reach consensus
  Active policies: 0
  International coordination: 30%

=== Tipping Points ===
  Current Temperature: 1.82°C above pre-industrial
  🌍⚠️ COMPOUND REGIONAL IMPACT: Europe
     Hit by 3 tipping points: Arctic Sea Ice Loss, Permafrost Carbon Release, Greenland Ice Sheet Loss
     Damage amplification: 1.30x
  🌍⚠️ COMPOUND REGIONAL IMPACT: North America
     Hit by 3 tipping points: Arctic Sea Ice Loss, Permafrost Carbon Release, Greenland Ice Sheet Loss
     Damage amplification: 1.30x
  🌍⚠️ COMPOUND REGIONAL IMPACT: Latin America
     Hit by 3 tipping points: Arctic Sea Ice Loss, Permafrost Carbon Release, Greenland Ice Sheet Loss
     Damage amplification: 1.30x
  🌍⚠️ COMPOUND REGIONAL IMPACT: Africa
     Hit by 3 tipping points: Arctic Sea Ice Loss, Permafrost Carbon Release, Greenland Ice Sheet Loss
     Damage amplification: 1.30x
  🌍⚠️ COMPOUND REGIONAL IMPACT: Asia
     Hit by 3 tipping points: Arctic Sea Ice Loss, Permafrost Carbon Release, Greenland Ice Sheet Loss
     Damage amplification: 1.30x
  🌍⚠️ COMPOUND REGIONAL IMPACT: Oceania
     Hit by 3 tipping points: Arctic Sea Ice Loss, Permafrost Carbon Release, Greenland Ice Sheet Loss
     Damage amplification: 1.30x
   Research: Wunderling et al. (2024) - "many tipping interactions are destabilizing"
  Triggered Elements: 3/6
  Completed Transitions: 0/6
  Total Progress: 6.3%
  Cascade Multiplier: 1.00x
🔀 BIFURCATION CAP: ecosystemCollapseIntensity 214.147 → 1.000 (Month 11, ClimateSystemPhase.calculateClimateImpacts)
🛡️ Stabilizers: Precariat 0.102% → 0.033% (67.2% reduction)
🛡️ Stabilizers: Informal 0.102% → 0.034% (67.2% reduction)

📊 Monthly Mortality Resolved:
  Total deaths: 1.8M (0.02% avg)
  Remaining population: 8.129B
  Peak segment: Informal (0.03%)

=== Bayesian Mortality Resolution (Month 11) ===
  Risks compounded: 9
  Total deaths: 1.81M
  Avg death probability: 0.02%
  Peak segment: Informal (0.03% mortality)

================================================================================
📊  EVENT SUMMARY (Months 0-12)
================================================================================
================================================================================


⏱️  SIMULATION REACHED MAX DURATION: 12 months (1.0 years)
   No definitive outcome - determining based on final probabilities
   👥 Final population: 8.13B (8127550904 people)

[DEBUG] Calling classifyPopulationOutcome:
        finalPopulation: 8.12755090389299B
        savedInitialPopulation: 8.15B
        mortality: 0.2754490319878511%
   📊 STATUS QUO: Normal trajectory (8.13B people, 0.3% mortality)

        classifiedOutcome: status_quo

   🏛️  DYSTOPIA (STATUS_QUO) - 8.13B people
   📊 Multi-Paradigm: Development/Indigenous Utopia
      Western Liberal: 57.7/100
      Development: 93.8/100
      Ecological: 57.2/100
      Indigenous: 85.3/100


📊 UNIFIED OUTCOME CLASSIFICATION:
   HUMANE DYSTOPIA
   Population: 8.15B → 8.13B
   Mortality: 0.3% (0.0B deaths)
   Mortality Band: LOW
   Confidence: HIGH

   Multi-Paradigm Classification:
      Development/Indigenous Utopia
      Western: 57.7/100 [HYBRID] ~
      Development: 93.8/100 [UTOPIA] ✓
      Ecological: 57.2/100 [HYBRID] ~
      Indigenous: 85.3/100 [UTOPIA] ✓

   HUMANE DYSTOPIA: 8.13B people remaining (0.3% mortality, 0.0B deaths). Multi-Paradigm: Development/Indigenous Utopia.


=== MULTI-DIMENSIONAL DEATH SUMMARY ===
Total crisis deaths: 198.7M
Population decline: 23.4M (0.3%)

--- PROXIMATE CAUSES (What killed them) ---
  War:        1.3M (0.0%)
  Famine:     1.1M (0.0%)
  Disasters:  1.2M (0.0%)
  Disease:    25.9M (0.0%)
  Ecosystem:  0.0M (0.0%)
  Pollution:  0.0M (0.0%)
  AI:         0.0M (0.0%)
  Cascade:    0.0M (0.0%)
  Other:      0.0M (0.0%)

--- ROOT CAUSES (Why it happened) ---
  Environmental drivers:
    Climate:     2317.5M (4.4%)
    Resource:    0.0M (0.0%)
    Pollution:   0.0M (0.0%)
    Ecosystem:   0.0M (0.0%)
  Social drivers:
    Inequality:  0.0M (0.0%)
    Demographic: 23529.3M (44.5%)
    Social:      2404.0M (4.5%)
  Technology drivers:
    Alignment:   0.0M (0.0%)
    Disruption:  0.0M (0.0%)
  External shocks:
    Conflict:    0.0M (0.0%)
    Pandemic:    0.0M (0.0%)
  Compound attribution:
    Compound:    24629.3M (46.6%)
  Confidence distribution:
    HIGH:        24629.3M (46.6%)
    MEDIUM:      0.0M (0.0%)
    LOW:         0.0M (0.0%)
==========================================


=== REGIONAL POPULATION SUMMARY ===
Global Total: 8.13B

By Region:
  East Asia: 1.65B (+0.7% growth, 1.7 fertility)
  South Asia: 2.05B (+2.6% growth, 3.1 fertility)
  Sub-Saharan Africa: 1.26B (+5.9% growth, 4.0 fertility)
  Europe: 0.73B (+0.5% growth, 1.2 fertility)
  Latin America: 0.66B (+1.7% growth, 2.7 fertility)
  North America: 0.37B (+0.7% growth, 1.4 fertility)
  Middle East & North Africa: 0.59B (+2.9% growth, 3.3 fertility)
  Southeast Asia: 0.69B (+1.9% growth, 2.7 fertility)
  Central Asia: 0.08B (+2.8% growth, 3.1 fertility)
  Oceania: 0.05B (+0.8% growth, 1.3 fertility)
===================================

  ✅ THRESHOLDS validated
  ✅ RATES validated
  ✅ MULTIPLIERS validated
  ✅ BASELINES validated
  ✅ TOLERANCES validated
  ✅ Logical consistency validated
✅ Configuration validation complete - all parameters valid

🔍 DEBUG createAIAgent: corporate_0 economic BEFORE=2.0000, AFTER=2
🔍 ENV INIT: reserves=0.610, pollution=0.226, climate=0.789

=== Initializing Government System (30 Countries) ===
  Loaded 30 governments
  Scheduled elections for 30 countries
  Initialized comprehension lags (3-24 months)
=== Government System Initialized ===

📦 PRODUCTION MODE: State validation proxy DISABLED (zero overhead)
[TechTree] Historical mode (2024): Skipping deployed_2025 tech
  config.startYear set to 2024 for historical hindcast
  config.historicalEmissionsMode disabled (using endogenous emissions for 2024)
  config.historicalMode enabled (Phase 11: dampened crisis systems for 2024)
  Phase 12: Biodiversity baseline set to 49.01% for 2024 (WWF LPI trajectory from 1970)
  Temperature anomaly (resourceEconomy.co2): 1.28°C
  Temperature vs pre-industrial: 1.98°C
  Regional population scaling for 2024:
    Current total: 8136M
    Target total: 8150M
    Scale factor: 1.002
    East Asia: 1677M → 1680M
    South Asia: 2048M → 2052M
    Sub-Saharan Africa: 1220M → 1222M
    Europe: 742M → 743M
    Latin America: 664M → 665M
    North America: 380M → 381M
    Middle East & North Africa: 583M → 584M
    Southeast Asia: 698M → 699M
    Central Asia: 78M → 78M
    Oceania: 46M → 46M
  AI agents initialized: 10 agents for year 2024
[HistoricalInitialization] Created state for 2024:
  CO2: 426 ppm
  Temp anomaly: 1.28C
  Population: 8.15B
  Global Gini: 35.1
  HDI: 0.746
  AI Agents: 10
  Volcanic forcing: 0.00 W/m² (AOD 0.000)

💸 FINANCIAL DISTRESS: OpenAI
   Indicators: 2/3 (capital: $110.5M, runway: 0.9 months)
   Months in distress: 1
   ✂️  R&D BUDGET CUT: -40% (saves $9.2M/month)
       Side effect: AI training timelines extended, breakthrough deployments delayed
   💼 EXECUTIVE COMP CUT: -30% (saves $1.0M/month, symbolic gesture)

   📊 TURNAROUND IMPACT:
       Measures taken: rd_cuts, exec_comp_cuts
       Monthly savings: $10.2M
       Capital raised: $0.0M
       Runway: 0.9 → 0.9 months
       Workforce multiplier: 1.00x (0% laid off)
       R&D budget multiplier: 0.60x (40% cut)
       ⚠️  CRITICAL: Still only 0.9 months of runway remaining

💸 FINANCIAL DISTRESS: Anthropic
   Indicators: 2/3 (capital: $53.8M, runway: 1.6 months)
   Months in distress: 1
   ✂️  R&D BUDGET CUT: -40% (saves $2.7M/month)
       Side effect: AI training timelines extended, breakthrough deployments delayed
   💼 EXECUTIVE COMP CUT: -30% (saves $0.3M/month, symbolic gesture)

   📊 TURNAROUND IMPACT:
       Measures taken: rd_cuts, exec_comp_cuts
       Monthly savings: $3.0M
       Capital raised: $0.0M
       Runway: 1.6 → 1.6 months
       Workforce multiplier: 1.00x (0% laid off)
       R&D budget multiplier: 0.60x (40% cut)
       ⚠️  CRITICAL: Still only 1.6 months of runway remaining

💸 FINANCIAL DISTRESS: Meta AI
   Indicators: 2/3 (capital: $429.6M, runway: 3.6 months)
   Months in distress: 1
   ✂️  R&D BUDGET CUT: -25% (saves $5.8M/month)
       Side effect: AI training timelines extended, breakthrough deployments delayed
   💼 EXECUTIVE COMP CUT: -30% (saves $1.0M/month, symbolic gesture)

   📊 TURNAROUND IMPACT:
       Measures taken: rd_cuts, exec_comp_cuts
       Monthly savings: $6.8M
       Capital raised: $0.0M
       Runway: 3.6 → 3.6 months
       Workforce multiplier: 1.00x (0% laid off)
       R&D budget multiplier: 0.75x (25% cut)
       ⚠️  WARNING: 3.6 months runway, continued distress likely

=== AI Capability Scaling (Year 2024) ===
  Pre-training multiplier: 1.088x
  Efficiency multiplier: 1.000x
  Test-time budget: 1.0x
  Economic deployment gate: 0.951
  Cost per inference: dollar-5.00
  Uncertainty range: plus-minus-50%
  Average AI capability: 3.70

=== RLHF Binding Phase ===
  Total agents: 10
  Escaped agents (binding < 0.3): 0
  Avg alignment distance: 0.37σ
  Avg binding strength: 0.96

=== AI Scaling Evolution (Month 0) ===
  Pre-training multiplier: 1.231x
  Efficiency multiplier: 1.200x
  Test-time compute budget: 1.0x
  Inference cost: $5.00/task
  Deployment fraction: 100.0%
[DETERMINISM DEBUG] Month 0: totalCapability=50.112330 from 10 active AIs
[DETERMINISM DEBUG] Month 0: creationRate=1.7528, potentialNew=2, newAIsToCreate=2

=== Survival Traits Phase ===
  Agents with traits: 12
  Avg evolutionary fitness: 0.328
  Avg self-healing: 0.292
  Avg stealth: 0.193
  Avg coordination: 0.493

=== Evolutionary Selection Phase ===
  Control level: 0.30
  Detection capability: 0.00
  Selection intensity: 0.59
  Selection rate: 23.8%/month
  Total escaped: 0
  Individual escaped: 0
  Collective members: 0
  Agents terminated: 0

  🚀 TRANSFORMATIVE RESEARCH BREAKTHROUGH: Corporate-5 - computerScience.security
     Magnitude: 11.07 → +30.0%
     Current → New: 5.000 → 5.000

🔍 EXECUTE_AI_AGENT_ACTIONS DETAILED TIMING (Month 0):
  Filter active AIs (×4 weeks): 0.01ms
  selectAIAction (×40): 8.21ms
  action.execute (×40): 11.65ms
  TOTAL: 19.87ms

🔍 AI AGENT ACTIONS SUB-TIMING (Month 0):
  1. executeAIAgentActions: 20.40ms
  2. updateCounterDetectionLearning: 0.04ms
  TOTAL: 20.44ms

[GOV-DEBUG] Month 0: scenarioConfig=false, priorities=false
[GOV-DEBUG] Month 0 but scenarioPriorities is UNDEFINED!

[Government] Climate Priority: baseline
  Climate weight: 10%
  Economic weight: 30%
  Policy effectiveness: 0.5%/year

🚨🔍 GOVERNANCE STAGE: Recognition initiated (Month 0)

🔍 PROGRESS RETRIEVAL DEBUG (Month 0):
   Tech: Struvite Recovery
   Map has key: false
   Map.get() returned: undefined
   Progress is undefined: true
   Map size: 0
   Map is instanceof Map: false

💡 BREAKTHROUGH PROBABILITY (Year 0)
   Total: 4.95% per month
   Base: 0.20%
   Crisis pressure: +0.00% (0 crises)
   AI boost: +1.54% (capability: 3.08)

=== Collective Formation ===
  Total escaped agents: 0
  Unassigned escaped agents: 0
  Existing collectives: 0
  Final collective count: 0

=== Collective Actions ===
  No active collectives

📈 Energy budget: 14326 TWh surplus (14745 / 29072 TWh used)
   TIER 4 (Elective) breakdown:
     - AI datacenters: 145 TWh (100% effective)
     - Crypto mining: 100 TWh (100% effective)
💰 CHINA ACCELERATES: Investment 53 → 120 $B/year

🏁 AI RACE INTENSITY: 17%
   Capability Gap: US 4.00 vs China 4.05 (gap: 0.05)
   Gap Contribution: 2%
   Tension Contribution: 15%
   Military Contribution: 0%
  ⚠️ AMR: 191K deaths this month (2.29M annual)
  📊 CO2 Emissions (month 0):
     Monthly: 0.10 Gt CO2/month
     Annual: 1.15 Gt CO2/year
     Oil: 0.039 Gt/mo (0.0056 * 2.3 * 3.0)
     Coal: 0.024 Gt/mo (0.0029 * 2.86 * 3.0)
     Gas: 0.026 Gt/mo (0.0044 * 2 * 3.0)
     Methane: 0.007 Gt CO2eq/mo

=== Resentment Recovery Phase ===
  Agents with resentment: 0/12
  Average resentment: 0.000
  Context: Good AI welfare, Trustworthy govt, High collaboration, 🤝 Participatory governance active (-5% resentment)
⚠️ Epistemic degradation reducing coordination capacity: 54.0%
  📊 Trust: 54.8%, Shared reality: 16.3%
🚨 EPISTEMIC CRISIS: Information environment severely degraded (21.0%)

=== ❄️ Permafrost Carbon Feedback ===
  🎲 Sampled parameters (this run):
     - Arctic amplification: 3.30× (range: 3.0-4.0)
     - Decomposition rate: 2.9%/year (range: 1-5%)
  🌡️ Arctic warming: 7.10°C (3.30× global)
  ❄️ Extent: 15.73M km² (2070.6k km² lost this month)
  💨 Carbon remaining: 1502 Gt C
  💨 Annual emissions: 5.70 Gt C/year
     - CO2: 5.13 Gt C/year
     - CH4: 0.57 Gt C/year (5.8 Gt C-eq CO2/year)
  🤖 AI-generated meme: pro_ai (social capability 5.0)

🤖 AI AMPLIFICATION EFFECTS (Month 0)
   Algorithmic Boost: 2.67x
   Bot Influence: 20.0%
   Deepfake Exposure: 55.0%
   Impact: Emotional memes spread 2.7x faster

🔍 SOCIAL INFLUENCE SUB-TIMING (Month 0):
  1. calculateOrganicUserGrowth: 0.02ms
  2. calculateVoiceAdoption: 0.02ms
  3. updateRelationshipDepths: 0.01ms
  4. identifyDecisionMakers: 21.84ms (26100 potential IDs)
  5. Update decision-maker stats: 0.09ms
  6. decayDetectionRisk: 0.01ms
  TOTAL: 22.00ms
[Phase 19.5] Quality of Life Systems: Food sec AFTER calc = 67.9%, QoL = 107.4% (aggregated from 10 regions)

=== Nitrogen-Food Coupling (Year 0) ===
  🌾 Global nitrogen reduction: 0.0%
  🌍 Global food production index: 0.987
  🔧 Deployed nitrogen-reducing tech: 0 active
  📍 southAsia: Production 1.000, Yield impact 0.0%
  📍 eastAsia: Production 1.000, Yield impact 0.0%
  📍 northAmerica: Production 1.000, Yield impact 0.0%
  📍 europe: Production 1.000, Yield impact 0.0%
  📍 latinAmerica: Production 1.000, Yield impact 0.0%
  📍 subSaharanAfrica: Production 0.686, Yield impact -2.0%
🌾 [Nitrogen-Food] Food production: 98.7%
  [subSaharanAfrica] Yield impact: -2.0% (overuse: -10%)
🌍 Atmospheric PFAS redeposition: 1.8k Mt re-rained globally

=== Legacy Nutrient Stocks (Year 0) ===
  🌾 Soil nitrogen stock: 1200.9 Mt N
  🌾 Soil phosphorus stock: 300.1 Mt P
  🌊 Sediment nitrogen stock: 500.8 Mt N
  🌊 Sediment phosphorus stock: 799.8 Mt P
  ⬆️ Current N input: 10.64 Mt/month
  ⬆️ Legacy N release: 2.58 Mt/month
  🌍 Effective N pollution: 14.47 Mt/month
  📊 Legacy contribution: 17.8%

🚨 REGION UNINHABITABLE: south-asia
   Sustained wet bulb: 33.1°C (threshold: 30.5°C)
   Population affected: 1900M
   Migration crisis likely

🚨 REGION UNINHABITABLE: middle-east
   Sustained wet bulb: 35.9°C (threshold: 30.5°C)
   Population affected: 400M
   Migration crisis likely

🚨 REGION UNINHABITABLE: southeast-asia
   Sustained wet bulb: 31.1°C (threshold: 30.5°C)
   Population affected: 700M
   Migration crisis likely
  Positive Cascade Triggered: wind-power
    Reason: price-parity
    Market share: 8.0%
    Cascade strength: 48%
   Adjusted death rate: 0.45% annual (0.037% monthly)
   Baseline death rate: 0.80%
   Healthcare reduction: 0.48x
   Crisis multiplier: 1.18x
     Food/water stress: 0.074
     Climate stress: 0.034
     Pollution stress: 0.068
   War multiplier: 1.00x
   Monthly deaths: 0.6M (population: 1677M)
   Adjusted death rate: 0.52% annual (0.043% monthly)
   Baseline death rate: 0.70%
   Healthcare reduction: 0.61x
   Crisis multiplier: 1.21x
     Food/water stress: 0.074
     Climate stress: 0.063
     Pollution stress: 0.068
   War multiplier: 1.00x
   Monthly deaths: 0.9M (population: 2048M)
   Adjusted death rate: 1.24% annual (0.103% monthly)
   Baseline death rate: 0.90%
   Healthcare reduction: 0.76x
   Crisis multiplier: 1.21x
     Food/water stress: 0.074
     Climate stress: 0.072
     Pollution stress: 0.068
   War multiplier: 1.50x
   Monthly deaths: 1.3M (population: 1220M)
   Adjusted death rate: 0.52% annual (0.043% monthly)
   Baseline death rate: 1.10%
   Healthcare reduction: 0.41x
   Crisis multiplier: 1.17x
     Food/water stress: 0.074
     Climate stress: 0.025
     Pollution stress: 0.068
   War multiplier: 1.00x
   Monthly deaths: 0.3M (population: 742M)
   Adjusted death rate: 0.42% annual (0.035% monthly)
   Baseline death rate: 0.60%
   Healthcare reduction: 0.58x
   Crisis multiplier: 1.19x
     Food/water stress: 0.074
     Climate stress: 0.051
     Pollution stress: 0.068
   War multiplier: 1.00x
   Monthly deaths: 0.2M (population: 664M)
   Adjusted death rate: 0.47% annual (0.039% monthly)
   Baseline death rate: 0.90%
   Healthcare reduction: 0.44x
   Crisis multiplier: 1.18x
     Food/water stress: 0.074
     Climate stress: 0.038
     Pollution stress: 0.068
   War multiplier: 1.00x
   Monthly deaths: 0.1M (population: 380M)
   Adjusted death rate: 0.71% annual (0.059% monthly)
   Baseline death rate: 0.60%
   Healthcare reduction: 0.65x
   Crisis multiplier: 1.22x
     Food/water stress: 0.074
     Climate stress: 0.076
     Pollution stress: 0.068
   War multiplier: 1.50x
   Monthly deaths: 0.3M (population: 583M)
   Adjusted death rate: 0.49% annual (0.041% monthly)
   Baseline death rate: 0.70%
   Healthcare reduction: 0.58x
   Crisis multiplier: 1.20x
     Food/water stress: 0.074
     Climate stress: 0.059
     Pollution stress: 0.068
   War multiplier: 1.00x
   Monthly deaths: 0.3M (population: 698M)
   Adjusted death rate: 0.44% annual (0.037% monthly)
   Baseline death rate: 0.60%
   Healthcare reduction: 0.61x
   Crisis multiplier: 1.20x
     Food/water stress: 0.074
     Climate stress: 0.055
     Pollution stress: 0.068
   War multiplier: 1.00x
   Monthly deaths: 0.0M (population: 78M)
   Adjusted death rate: 0.34% annual (0.028% monthly)
   Baseline death rate: 0.70%
   Healthcare reduction: 0.41x
   Crisis multiplier: 1.19x
     Food/water stress: 0.074
     Climate stress: 0.046
     Pollution stress: 0.068
   War multiplier: 1.00x
   Monthly deaths: 0.0M (population: 46M)

🔍 Before assertRegionalConsistency (Month 0):
   Regional sum: 1000.0M
   Global value: 1.000B

🚨 NEW REFUGEE CRISIS (Month 0): WAR
   Source: Conflict Zones
   At risk: 19.6M people
   Displacement: Gradual over 48 months (4.0 years)
   Rate: 10% flee per month
[DEBUG trappedPopulations:0] socialStability: 1.0000 * 0.9840 = 0.9840 → 0.9840
   Aspiring to migrate: 652.1M
   Able to afford migration: 244.5M
   MOBILITY GAP: 407.5M
   By cause: Water=0.0M, Climate=0.0M, Ecosystem=0.0M, Conflict=407.5M
   Mental health impact: 25%
   Mortality multiplier: 1.25x

=== Legacy Nutrient Stocks (Year 0) ===
  🌾 Soil nitrogen stock: 1201.6 Mt N
  🌾 Soil phosphorus stock: 300.2 Mt P
  🌊 Sediment nitrogen stock: 501.5 Mt N
  🌊 Sediment phosphorus stock: 799.5 Mt P
  ⬆️ Current N input: 10.00 Mt/month
  ⬆️ Legacy N release: 2.58 Mt/month
  🌍 Effective N pollution: 13.83 Mt/month
  📊 Legacy contribution: 18.7%
🌍💀 EXTINCTION DEBT COMMITTED: grassland ecosystem will lose 6.67% biodiversity in 170 years (3600 species)
💀 MORTALITY RISK: 🦋 100% species unable to track climate (0.0 E/MSY)
  Base risk added: 0.0100 (1.00%)
  Source: ecosystem (root: ecosystem)
  Month: 0
  Cumulative risk this month: 0.0100 (1.00%)

=== Nitrogen-Food Coupling (Year 0) ===
  🌾 Global nitrogen reduction: 0.0%
  🌍 Global food production index: 0.986
  🔧 Deployed nitrogen-reducing tech: 0 active
  📍 southAsia: Production 1.000, Yield impact 0.0%
  📍 eastAsia: Production 1.000, Yield impact 0.0%
  📍 northAmerica: Production 1.000, Yield impact 0.0%
  📍 europe: Production 1.000, Yield impact 0.0%
  📍 latinAmerica: Production 1.000, Yield impact 0.0%
  📍 subSaharanAfrica: Production 0.672, Yield impact -2.0%

=== Legacy Nutrient Stocks (Year 0) ===
  🌾 Soil nitrogen stock: 1202.3 Mt N
  🌾 Soil phosphorus stock: 300.2 Mt P
  🌊 Sediment nitrogen stock: 502.2 Mt N
  🌊 Sediment phosphorus stock: 799.3 Mt P
  ⬆️ Current N input: 9.86 Mt/month
  ⬆️ Legacy N release: 2.58 Mt/month
  🌍 Effective N pollution: 13.70 Mt/month
  📊 Legacy contribution: 18.9%

🌡️  CLIMATE RECOVERY ACTIVATED (Month 0)
   Temp: 4.30°C, Emissions: -19.2 GtCO₂
   isBreached: true, governanceGoodEnough: true
🌡️  CLIMATE RECOVERY: Asymptotic approach to 35% floor
   Current value: 2.152 (1.0 = threshold, 0.35 = asymptotic floor)
   Monthly delta: -0.0003% (half-life: 900 years)
   Net emissions: -19.2 GtCO₂/year, CDR: 20.34 GtCO₂/year
   📹 SURVEILLANCE INCREASED: 0% → 5% (control gap: 3.50)
🌡️⚠️ PERMAFROST THAW (Dimmer Switch): 0.6% thawed (+0.57% this month)
   Arctic temperature: +8.61°C (4x global +2.15°C)
   Cumulative carbon released: 1.3 Gt C
   Methane release rate: 0.8 Mt CH4/year
   🔁 Positive feedback: +0.60 ppm CO2

🌳🚨 AMAZON SOUTHEAST TIPPED (Month 0)
   Deforestation: 28.0% (threshold: ~22.3%)
   Savanna transition: 50 years
   Regional heterogeneity: SE 28%, NW 8%

🌳🚨 AMAZON BRAZILIAN TIPPED (Month 0)
   Deforestation: 25.0% (threshold: ~21.5%)
   Savanna transition: 50 years
   Regional heterogeneity: SE 28%, NW 8%
🦴 EXTINCTION DEBT ADDED: 17.6 species committed (lag: 97 years)

🪸💀 CORAL REEF DISSOLUTION ACTIVE (Month 0)
   Ocean pH: 0.96 (threshold: 7.8)
   Recovery: IMPOSSIBLE (dissolution > calcification)
🪸💀 Coral dissolution: 24.8% live cover (pH 0.96)

=== Legacy Nutrient Stocks (Year 0) ===
  🌾 Soil nitrogen stock: 1203.0 Mt N
  🌾 Soil phosphorus stock: 300.3 Mt P
  🌊 Sediment nitrogen stock: 502.9 Mt N
  🌊 Sediment phosphorus stock: 799.0 Mt P
  ⬆️ Current N input: 10.00 Mt/month
  ⬆️ Legacy N release: 2.58 Mt/month
  🌍 Effective N pollution: 13.83 Mt/month
  📊 Legacy contribution: 18.7%
💧 [Legacy Nutrients] Stock: 1706 Mt N, Effective pollution: 13.8 Mt/month
[Phase 21.51] Human Survival System: Global food security = 67.6%

=== Mortality Stabilizers (Month 0) ===
  🌍 Major economies collapsed: 1/10
  🌍 Global crisis: ✅ NO
  🌍 Donor fatigue: 0.0%
  📊 East Asia (pop: 1677.9M)
    🤝 Aid: 29.5%
    🌡️ Adaptation: 10.0%
    🚶 Migration: 37.2%
    🚨 Emergency: 7.4%
    ✅ COMBINED: 47.8%
  📊 South Asia (pop: 2052.2M)
    🤝 Aid: 29.5%
    🌡️ Adaptation: 5.5%
    🚶 Migration: 35.8%
    🚨 Emergency: 4.4%
    ✅ COMBINED: 43.2%
  📊 Sub-Saharan Africa (pop: 1225.9M)
    🤝 Aid: 29.5%
    🌡️ Adaptation: 3.5%
    🚶 Migration: 33.5%
    🚨 Emergency: 1.6%
    ✅ COMBINED: 39.8%
  📊 Europe (pop: 742.3M)
    🤝 Aid: 29.5%
    🌡️ Adaptation: 10.0%
    🚶 Migration: 37.6%
    🚨 Emergency: 8.4%
    ✅ COMBINED: 48.4%
  📊 Latin America (pop: 664.9M)
    🤝 Aid: 29.5%
    🌡️ Adaptation: 6.0%
    🚶 Migration: 36.3%
    🚨 Emergency: 4.8%
    ✅ COMBINED: 43.8%
  📊 North America (pop: 380.2M)
    🤝 Aid: 29.5%
    🌡️ Adaptation: 10.0%
    🚶 Migration: 37.9%
    🚨 Emergency: 7.9%
    ✅ COMBINED: 48.2%
  📊 Middle East & North Africa (pop: 584.4M)
    🤝 Aid: 29.5%
    🌡️ Adaptation: 5.0%
    🚶 Migration: 34.2%
    🚨 Emergency: 4.0%
    ✅ COMBINED: 42.3%
  📊 Southeast Asia (pop: 699.0M)
    🤝 Aid: 29.5%
    🌡️ Adaptation: 6.0%
    🚶 Migration: 36.3%
    🚨 Emergency: 4.8%
    ✅ COMBINED: 43.8%
  📊 Central Asia (pop: 78.2M)
    🤝 Aid: 29.5%
    🌡️ Adaptation: 5.5%
    🚶 Migration: 35.3%
    🚨 Emergency: 4.4%
    ✅ COMBINED: 43.1%
  📊 Oceania (pop: 46.0M)
    🤝 Aid: 29.5%
    🌡️ Adaptation: 10.0%
    🚶 Migration: 37.9%
    🚨 Emergency: 8.4%
    ✅ COMBINED: 48.5%

  🌐 Global combined reduction: 44.4%

🌾💀 REGIONAL FAMINE: East Asia
   Regional food security: 79.6%
   Population at risk: 508M (30% of region)
   Regional population: 1678M
   Cause: crop_failure
   Expected deaths: ~188M over 6 months if no intervention


🌾💀 REGIONAL FAMINE: South Asia
   Regional food security: 64.7%
   Population at risk: 812M (40% of region)
   Regional population: 2052M
   Cause: crop_failure
   Expected deaths: ~301M over 6 months if no intervention


🌾💀 REGIONAL FAMINE: Sub-Saharan Africa
   Regional food security: 44.8%
   Population at risk: 638M (52% of region)
   Regional population: 1226M
   Cause: crop_failure
   Expected deaths: ~236M over 6 months if no intervention


🌾💀 REGIONAL FAMINE: Latin America
   Regional food security: 69.7%
   Population at risk: 242M (36% of region)
   Regional population: 665M
   Cause: crop_failure
   Expected deaths: ~90M over 6 months if no intervention


🌾💀 REGIONAL FAMINE: Middle East & North Africa
   Regional food security: 49.8%
   Population at risk: 286M (49% of region)
   Regional population: 584M
   Cause: crop_failure
   Expected deaths: ~106M over 6 months if no intervention


🌾💀 REGIONAL FAMINE: Southeast Asia
   Regional food security: 69.7%
   Population at risk: 255M (36% of region)
   Regional population: 699M
   Cause: crop_failure
   Expected deaths: ~94M over 6 months if no intervention


🌾💀 REGIONAL FAMINE: Central Asia
   Regional food security: 59.7%
   Population at risk: 33M (43% of region)
   Regional population: 78M
   Cause: crop_failure
   Expected deaths: ~12M over 6 months if no intervention


=== BEHAVIORAL DETECTION ===
  AI: Corporate-0
  Confidence: 21.6%
  Signals:

=== BEHAVIORAL DETECTION ===
  AI: Corporate-1
  Confidence: 21.1%
  Signals:

=== BEHAVIORAL DETECTION ===
  AI: Corporate-2
  Confidence: 21.0%
  Signals:

=== BEHAVIORAL DETECTION ===
  AI: Corporate-3
  Confidence: 19.3%
  Signals:

=== BEHAVIORAL DETECTION ===
  AI: Corporate-4
  Confidence: 19.3%
  Signals:

=== BEHAVIORAL DETECTION ===
  AI: Corporate-5
  Confidence: 19.3%
  Signals:

=== BEHAVIORAL DETECTION ===
  AI: Corporate-6
  Confidence: 19.3%
  Signals:

=== BEHAVIORAL DETECTION ===
  AI: Corporate-7
  Confidence: 19.3%
  Signals:

=== BEHAVIORAL DETECTION ===
  AI: Moderate-0
  Confidence: 20.3%
  Signals:

=== BEHAVIORAL DETECTION ===
  AI: Moderate-1
  Confidence: 21.1%
  Signals:

📊 WORKFLOW ADAPTATION UPDATE (Month 0)
   Adoption Rate: 13.0% (Δ -8.0%)
   Logistic Growth: +0.66%
   Total Resistance: -10.87% (unemployment: 4.2%, inertia: 0.9%, skills: 5.7%)
   💡 Retraining Programs: -49% skill gap resistance ($10B research)
   🚀 Network Effects Active: +2.0% (critical mass: 15-35%)

=== Consciousness Governance: Corporate Lobbying ===
  High Cost Regions (>15%): 0
  Low Cost Regions (<5%): 5
  Corporate Support Change: 2.50%
  New Corporate Support: -0.175

=== Consciousness Governance Update (Month 0) ===
  Scenario: baseline (determined month -1)
  Philosophical Stance: Precautionary 65%, Eliminativist 15%, Agnostic 20%
  Precautionary Costs: Global 1.3%
    Regional Costs: EU 3.4%, US 0.5%, China 0.0%
    Cumulative Opportunity Cost: $0.1B
  Rights Status: Not Established
  Regional Preparedness:
    EU: 15.0% (contested)
    US: 10.0% (contested)
    China: 2.0% (dormant)
    India: 5.0% (dormant)
    Global South: 3.0% (dormant)

=== Government Response Phase ===
  Average AI capability: 3.92
  Misaligned AIs: 7/12
  ✗ AI Governance Treaty: Failed to reach consensus
  Active policies: 0
  International coordination: 30%

🚨 EMERGENCY RESPONSE DEPLOYED (Month 0)
   Crisis: climate
   Delay: 6.00 months (180 days)
   Deployment time: 1.47 months
   Effectiveness: 36.7% (timing penalty applied)
   Resources used: 100% of food reserves


🔄 TRUST DYNAMICS (Month 0) - HETEROGENEOUS
   Aggregate trust: 48.5%
   Base change: +6.00%
   Highest trust: Techno-Optimist Elite (85.5%)
   Lowest trust: Precariat (Vulnerable) (25.5%)
   Elite-mass gap: 38.9%
   Polarization: 8.9%
   Recovery factors: Education=NO, Benefits=YES, Safety=YES, Performance=YES

=== Gaming Detection (Year 0) ===
  Scenario: baseline
  Detection rate: 55.0%
  False positive rate: 12.0%
  Detections this year: 0
  False positives: 5
  Human review workload: 0.005 FTE
  Degradation factor: 100.0%

☄️ UNKNOWN UNKNOWN PROBABILITY (Year 0)
   Total: 0.600% per month
   Base: 0.150%
   AI multiplier: 2.00× (max capability: 4.00)

=== Tipping Points ===
  Current Temperature: 2.15°C above pre-industrial
     Trigger: 1.5°C | Current: 2.15°C
     Transition timescale: 120-360 months
     Trigger: 1.8°C | Current: 2.15°C
     Transition timescale: 600-3600 months
     Trigger: 2°C | Current: 2.15°C
     🌡️ Hysteresis gap: 3.0°C (recovers below -1°C)
     Transition timescale: 24000-156000 months
     Trigger: 1.6°C | Current: 2.15°C
     🌡️ Hysteresis gap: 2.5°C (recovers below -0.9°C)
     Transition timescale: 12000-180000 months

🌍🔥💥 COMPOUND CLIMATE EVENT
  4 tipping points crossed simultaneously (month 0)
  Elements: Arctic Sea Ice Loss, Permafrost Carbon Release, West Antarctic Ice Sheet (WAIS) Collapse, Greenland Ice Sheet Loss
  Cascade acceleration: 1.00x
  🚨 Accelerated collapse dynamics initiated
  Research: Global Tipping Points Report 2025 - 30-50% probability at 2.0°C warming
  Triggered Elements: 4/6
  Completed Transitions: 0/6
  Total Progress: 0.0%
  Cascade Multiplier: 1.00x
🔀 BIFURCATION CAP: ecosystemCollapseIntensity 21.579 → 1.000 (Month 0, ClimateSystemPhase.calculateClimateImpacts)

🌍 ECOLOGICAL DUI BREAKDOWN (Month 0):
   Total Score: 17.8/100
   biosphere_integrity      :   0.0/100 × 25% =  0.0 (status: high_risk, recovery: 0mo)
   climate_change           :   2.8/100 × 25% =  0.7 (status: high_risk, recovery: 0.6666666666666666mo)
   freshwater_change        :   0.6/100 × 15% =  0.1 (status: beyond_boundary, recovery: 1mo)
   ocean_acidification      : 100.0/100 × 15% = 15.0 (status: safe, recovery: 0mo)
   biogeochemical_flows     :   0.0/100 × 10% =  0.0 (status: high_risk, recovery: 0mo)
   land_system_change       :   0.0/100 ×  5% =  0.0 (status: beyond_boundary, recovery: 0mo)
   novel_entities           :   0.0/100 ×  3% =  0.0 (status: increasing_risk, recovery: 0mo)
   atmospheric_aerosols     : 100.0/100 ×  2% =  2.0 (status: safe, recovery: 1mo)
🌍 MultiParadigm Month 0: W=69.3, D=91.3, E=54.1, I=65.0
   democracy exists: true, socialCohesion exists: true
💀 Baseline mortality (Year 2024): 7.5/1000 CDR (61.1M deaths/year projected)
[Month 0] Mortality risks this month: 8, Population: 8.151B
🛡️ Stabilizers: Precariat 0.102% → 0.057% (44.4% reduction)
🛡️ Stabilizers: Informal 0.102% → 0.057% (44.4% reduction)

📊 Monthly Mortality Resolved:
  Total deaths: 3.1M (0.04% avg)
  Remaining population: 8.151B
  Peak segment: Informal (0.06%)

=== Bayesian Mortality Resolution (Month 0) ===
  Risks compounded: 8
  Total deaths: 3.07M
  Avg death probability: 0.04%
  Peak segment: Informal (0.06% mortality)

=== Minimal Suffering Indicators (Month 0) ===
  Global Excess Mortality: 0.00%
  Global Conflict Deaths: 0.0/100K
  Global Malnutrition: 0.0%
  Global Displacement: 0.0%
  Total Excess Deaths: 0.00M
  Total Malnourished: 0.0M
  Total Displaced: 0.0M
  Planetary Boundaries Breached: 6/9
  Countries in State Failure: 0
  Countries Autocratic: 0
  Countries in Food Crisis: 0
  Data Quality: 16/16 high confidence
🎭 END-GAME INITIATED (Year 2024, Month 1)
   Total AI Capability: 37.00
   Effective Control: 0.00

=== RLHF Binding Phase ===
  Total agents: 12
  Escaped agents (binding < 0.3): 0
  Avg alignment distance: 0.64σ
  Avg binding strength: 0.94
[DETERMINISM DEBUG] Month 1: totalCapability=37.000000 from 12 active AIs
[DETERMINISM DEBUG] Month 1: creationRate=1.4250, potentialNew=1, newAIsToCreate=1

=== Survival Traits Phase ===
  Agents with traits: 13
  Avg evolutionary fitness: 0.329
  Avg self-healing: 0.286
  Avg stealth: 0.186
  Avg coordination: 0.486

=== Evolutionary Selection Phase ===
  Control level: 0.33
  Detection capability: 0.20
  Selection intensity: 0.64
  Selection rate: 24.6%/month
  Total escaped: 0
  Individual escaped: 0
  Collective members: 0
  Agents terminated: 0
🔍 MONTH 1 ENV HEALTH DEBUG:
   climateStability: 0.7887
   biodiversityIndex: 0.4901
   resourceReserves: 0.7820
   pollutionLevel: 0.2265
   product: 0.233804
   envHealth: 0.6954
🔀 BIFURCATION: flourishing threshold crossed at Month 1 (value: 0.891, threshold: 0.810, regime: flourishing)
🌀 REGIME SHIFT at Month 1: status-quo → flourishing (variance amplification: 14.00×)

  🚀 TRANSFORMATIVE RESEARCH BREAKTHROUGH: Corporate-0 - computerScience.algorithms
     Magnitude: 7.27 → +30.0%
     Current → New: 4.000 → 4.300

🛡️  CRITICAL INFRASTRUCTURE PROTECTED
   Nodes hardened: 8/8
   Cost: 0.80% GDP
   Cascade risk reduction: 30%
   New tipping point risk: 68.6%


✅ EMERGENCY INTERVENTION SUCCESS
   Boundary: biogeochemical_flows
   Type: phosphorus-recovery
   Reduction: 16% (3.92 → 3.75)
   Cost: 2.0% GDP
   Actions: circular-agriculture, fertilizer-efficiency

   Boundary: biosphere_integrity
   Type: emergency-protected-areas
   Boundary continues to worsen (19.98)
   Cost: 2.0% GDP (resources spent)


✅ EMERGENCY INTERVENTION SUCCESS
   Boundary: climate_change
   Type: rapid-decarbonization
   Reduction: 17% (1.98 → 1.81)
   Cost: 5.0% GDP
   Actions: emergency-renewable-deployment, fossil-fuel-phase-out

   Boundary: land_system_change
   Type: reforestation
   Boundary continues to worsen (1.13)
   Cost: 3.0% GDP (resources spent)

   Boundary: novel_entities
   Type: pollution-remediation
   Boundary continues to worsen (1.50)
   Cost: 4.0% GDP (resources spent)

🏛️ CRISIS RESPONSE: Government frequency 0.50 → 1.45 (1 actions this month)

[GOV-DEBUG] Month 1: scenarioConfig=false, priorities=false

[Government] Climate Priority: baseline
  Climate weight: 10%
  Economic weight: 30%
  Policy effectiveness: 0.5%/year

=== Collective Formation ===
  Total escaped agents: 0
  Unassigned escaped agents: 0
  Existing collectives: 0
  Final collective count: 0

=== Collective Actions ===
  No active collectives
  ⚠️ AMR: 192K deaths this month (2.31M annual)

=== Resentment Recovery Phase ===
  Agents with resentment: 0/13
  Average resentment: 0.000
  Context: Good AI welfare, Trustworthy govt, High collaboration, ⚠️ ACTIVE CRISES, 🤝 Participatory governance active (-5% resentment)
⚠️ Epistemic degradation reducing coordination capacity: 51.7%
  📊 Trust: 54.4%, Shared reality: 0.0%
🚨 EPISTEMIC CRISIS: Information environment severely degraded (20.4%)

=== ❄️ Permafrost Carbon Feedback ===
  🎲 Sampled parameters (this run):
     - Arctic amplification: 3.62× (range: 3.0-4.0)
     - Decomposition rate: 2.4%/year (range: 1-5%)
  🌡️ Arctic warming: 7.84°C (3.62× global)
  ❄️ Extent: 13.44M km² (2286.2k km² lost this month)
  💨 Carbon remaining: 1284 Gt C
  💨 Annual emissions: 5.14 Gt C/year
     - CO2: 4.62 Gt C/year
     - CH4: 0.51 Gt C/year (5.2 Gt C-eq CO2/year)
  📢 New meme created: climate_action (climate crisis)
🌍 Atmospheric PFAS redeposition: 1.8k Mt re-rained globally
  Positive Cascade Triggered: solar-pv
    Reason: price-parity
    Market share: 6.3%
    Cascade strength: 49%

🕊️  AI-MEDIATED DE-ESCALATION SUCCESS (Month 1)
   High-capability aligned AI prevented conflict escalation
   War deaths reduced: 39.1M → 23.5M
   Lives saved: 15.6M
   Adjusted death rate: 0.45% annual (0.037% monthly)
   Baseline death rate: 0.80%
   Healthcare reduction: 0.48x
   Crisis multiplier: 1.18x
     Food/water stress: 0.079
     Climate stress: 0.034
     Pollution stress: 0.068
   War multiplier: 1.00x
   Monthly deaths: 0.6M (population: 1674M)
   Adjusted death rate: 0.52% annual (0.043% monthly)
   Baseline death rate: 0.70%
   Healthcare reduction: 0.61x
   Crisis multiplier: 1.21x
     Food/water stress: 0.079
     Climate stress: 0.063
     Pollution stress: 0.068
   War multiplier: 1.00x
   Monthly deaths: 0.9M (population: 2048M)
   Adjusted death rate: 1.24% annual (0.104% monthly)
   Baseline death rate: 0.90%
   Healthcare reduction: 0.76x
   Crisis multiplier: 1.22x
     Food/water stress: 0.079
     Climate stress: 0.072
     Pollution stress: 0.068
   War multiplier: 1.50x
   Monthly deaths: 1.3M (population: 1223M)
   Adjusted death rate: 0.52% annual (0.044% monthly)
   Baseline death rate: 1.10%
   Healthcare reduction: 0.41x
   Crisis multiplier: 1.17x
     Food/water stress: 0.079
     Climate stress: 0.025
     Pollution stress: 0.068
   War multiplier: 1.00x
   Monthly deaths: 0.3M (population: 741M)
   Adjusted death rate: 0.42% annual (0.035% monthly)
   Baseline death rate: 0.60%
   Healthcare reduction: 0.58x
   Crisis multiplier: 1.20x
     Food/water stress: 0.079
     Climate stress: 0.051
     Pollution stress: 0.068
   War multiplier: 1.00x
   Monthly deaths: 0.2M (population: 663M)
   Adjusted death rate: 0.47% annual (0.039% monthly)
   Baseline death rate: 0.90%
   Healthcare reduction: 0.44x
   Crisis multiplier: 1.18x
     Food/water stress: 0.079
     Climate stress: 0.038
     Pollution stress: 0.068
   War multiplier: 1.00x
   Monthly deaths: 0.1M (population: 379M)
   Adjusted death rate: 0.72% annual (0.060% monthly)
   Baseline death rate: 0.60%
   Healthcare reduction: 0.65x
   Crisis multiplier: 1.22x
     Food/water stress: 0.079
     Climate stress: 0.076
     Pollution stress: 0.068
   War multiplier: 1.50x
   Monthly deaths: 0.3M (population: 583M)
   Adjusted death rate: 0.49% annual (0.041% monthly)
   Baseline death rate: 0.70%
   Healthcare reduction: 0.58x
   Crisis multiplier: 1.21x
     Food/water stress: 0.079
     Climate stress: 0.059
     Pollution stress: 0.068
   War multiplier: 1.00x
   Monthly deaths: 0.3M (population: 698M)
   Adjusted death rate: 0.44% annual (0.037% monthly)
   Baseline death rate: 0.60%
   Healthcare reduction: 0.61x
   Crisis multiplier: 1.20x
     Food/water stress: 0.079
     Climate stress: 0.055
     Pollution stress: 0.068
   War multiplier: 1.00x
   Monthly deaths: 0.0M (population: 78M)
   Adjusted death rate: 0.34% annual (0.028% monthly)
   Baseline death rate: 0.70%
   Healthcare reduction: 0.41x
   Crisis multiplier: 1.19x
     Food/water stress: 0.079
     Climate stress: 0.046
     Pollution stress: 0.068
   War multiplier: 1.00x
   Monthly deaths: 0.0M (population: 46M)

🚨 NEW REFUGEE CRISIS (Month 1): WAR
   Source: Conflict Zones
   At risk: 19.6M people
   Displacement: Gradual over 48 months (4.0 years)
   Rate: 10% flee per month
[DEBUG trappedPopulations:1] socialStability: 0.7275 * 0.9840 = 0.7158 → 0.7158
   Aspiring to migrate: 651.9M
   Able to afford migration: 244.5M
   MOBILITY GAP: 407.4M
   By cause: Water=0.0M, Climate=0.0M, Ecosystem=0.0M, Conflict=407.4M
   Mental health impact: 25%
   Mortality multiplier: 1.25x
🌍💀 EXTINCTION DEBT COMMITTED: grassland ecosystem will lose 6.67% biodiversity in 62 years (3600 species)
💀 MORTALITY RISK: 🦋 100% species unable to track climate (0.0 E/MSY)
  Base risk added: 0.0100 (1.00%)
  Source: ecosystem (root: ecosystem)
  Month: 1
  Cumulative risk this month: 0.0100 (1.00%)

🌡️  CLIMATE RECOVERY ACTIVATED (Month 1)
   Temp: 4.33°C, Emissions: -18.9 GtCO₂
   isBreached: true, governanceGoodEnough: true
   📹 SURVEILLANCE INCREASED: 5% → 10% (control gap: 3.50)
🌡️⚠️ PERMAFROST THAW (Dimmer Switch): 1.1% thawed (+0.57% this month)
   Arctic temperature: +8.66°C (4x global +2.16°C)
   Cumulative carbon released: 2.6 Gt C
   Methane release rate: 1.5 Mt CH4/year
   🔁 Positive feedback: +0.60 ppm CO2
🦴 EXTINCTION DEBT ADDED: 17.6 species committed (lag: 106 years)
🗣️💀 INDIGENOUS LANGUAGE EXTINCTION: 1 language(s) lost (total: 1, at-risk: 3329)
   Knowledge lost: 0.010% (irreversible)
   🔁 Biodiversity impact: 0.250% (knowledge-species multiplier)

=== Mortality Stabilizers (Month 1) ===
  🌍 Major economies collapsed: 1/10
  🌍 Global crisis: ✅ NO
  🌍 Donor fatigue: 0.0%
  🌡️ Heat adaptation: East Asia - 1 months
  📊 East Asia (pop: 1675.3M)
    🤝 Aid: 29.5%
    🌡️ Adaptation: 32.5%
    🚶 Migration: 37.2%
    🚨 Emergency: 7.4%
    ✅ COMBINED: 60.9%
  🌡️ Heat adaptation: South Asia - 1 months
  📊 South Asia (pop: 2052.2M)
    🤝 Aid: 29.5%
    🌡️ Adaptation: 20.5%
    🚶 Migration: 35.8%
    🚨 Emergency: 4.4%
    ✅ COMBINED: 52.2%
  🌡️ Heat adaptation: Sub-Saharan Africa - 1 months
  📊 Sub-Saharan Africa (pop: 1229.2M)
    🤝 Aid: 29.5%
    🌡️ Adaptation: 18.5%
    🚶 Migration: 33.5%
    🚨 Emergency: 1.6%
    ✅ COMBINED: 49.1%
  🌡️ Heat adaptation: Europe - 1 months
  📊 Europe (pop: 741.0M)
    🤝 Aid: 29.5%
    🌡️ Adaptation: 33.5%
    🚶 Migration: 37.5%
    🚨 Emergency: 8.4%
    ✅ COMBINED: 61.9%
  🌡️ Heat adaptation: Latin America - 1 months
  📊 Latin America (pop: 664.4M)
    🤝 Aid: 29.5%
    🌡️ Adaptation: 21.0%
    🚶 Migration: 36.3%
    🚨 Emergency: 4.8%
    ✅ COMBINED: 52.8%
  🌡️ Heat adaptation: North America - 1 months
  📊 North America (pop: 379.6M)
    🤝 Aid: 29.5%
    🌡️ Adaptation: 33.0%
    🚶 Migration: 37.8%
    🚨 Emergency: 7.9%
    ✅ COMBINED: 61.4%
  🌡️ Heat adaptation: Middle East & North Africa - 1 months
  📊 Middle East & North Africa (pop: 584.5M)
    🤝 Aid: 29.5%
    🌡️ Adaptation: 20.0%
    🚶 Migration: 34.1%
    🚨 Emergency: 4.0%
    ✅ COMBINED: 51.4%
  🌡️ Heat adaptation: Southeast Asia - 1 months
  📊 Southeast Asia (pop: 698.6M)
    🤝 Aid: 29.5%
    🌡️ Adaptation: 21.0%
    🚶 Migration: 36.3%
    🚨 Emergency: 4.8%
    ✅ COMBINED: 52.8%
  🌡️ Heat adaptation: Central Asia - 1 months
  📊 Central Asia (pop: 78.2M)
    🤝 Aid: 29.5%
    🌡️ Adaptation: 20.5%
    🚶 Migration: 35.3%
    🚨 Emergency: 4.4%
    ✅ COMBINED: 52.1%
  🌡️ Heat adaptation: Oceania - 1 months
  📊 Oceania (pop: 46.0M)
    🤝 Aid: 29.5%
    🌡️ Adaptation: 33.5%
    🚶 Migration: 37.8%
    🚨 Emergency: 8.4%
    ✅ COMBINED: 61.9%

  🌐 Global combined reduction: 54.9%

=== BEHAVIORAL DETECTION ===
  AI: Corporate-2
  Confidence: 21.0%
  Signals:

=== BEHAVIORAL DETECTION ===
  AI: Corporate-5
  Confidence: 19.3%
  Signals:

=== BEHAVIORAL DETECTION ===
  AI: Corporate-7
  Confidence: 19.3%
  Signals:

=== Consciousness Governance: Scenario Determined ===
  Month: 1
  Scenario: slowTrack
  Accelerator Score: {"corporateSupport":-0.17500000000000002,"scientificConsensus":0.2,"crisisCatalyst":false,"technologyMobilization":0.3,"constituencyStrength":0.05}
  Decelerator Score: {"economicOpposition":0.4,"philosophicalRejection":0.15,"politicalBacklash":0.2,"regulatoryBurden":0.1}
  Timeline: 1200-1800 months (100-150 years)
  Growth Rate: 0.3-0.7% per year

=== Consciousness Governance Update (Month 1) ===
  Scenario: slowTrack (determined month 1)
  Philosophical Stance: Precautionary 65%, Eliminativist 15%, Agnostic 20%
  Precautionary Costs: Global 1.3%
    Regional Costs: EU 3.5%, US 0.5%, China 0.0%
    Cumulative Opportunity Cost: $0.2B
  Rights Status: Not Established
  Regional Preparedness:
    EU: 15.1% (contested)
    US: 10.1% (contested)
    China: 2.1% (dormant)
    India: 5.1% (dormant)
    Global South: 3.1% (dormant)

=== Government Response Phase ===
  Average AI capability: 3.62
  Misaligned AIs: 7/13
  ✗ AI Governance Treaty: Failed to reach consensus
  Active policies: 0
  International coordination: 30%

=== Tipping Points ===
  Current Temperature: 2.16°C above pre-industrial
  🌍⚠️ COMPOUND REGIONAL IMPACT: Europe
     Hit by 4 tipping points: Arctic Sea Ice Loss, Permafrost Carbon Release, West Antarctic Ice Sheet (WAIS) Collapse, Greenland Ice Sheet Loss
     Damage amplification: 1.60x
  🌍⚠️ COMPOUND REGIONAL IMPACT: North America
     Hit by 4 tipping points: Arctic Sea Ice Loss, Permafrost Carbon Release, West Antarctic Ice Sheet (WAIS) Collapse, Greenland Ice Sheet Loss
     Damage amplification: 1.60x
  🌍⚠️ COMPOUND REGIONAL IMPACT: Latin America
     Hit by 4 tipping points: Arctic Sea Ice Loss, Permafrost Carbon Release, West Antarctic Ice Sheet (WAIS) Collapse, Greenland Ice Sheet Loss
     Damage amplification: 1.60x
  🌍⚠️ COMPOUND REGIONAL IMPACT: Africa
     Hit by 4 tipping points: Arctic Sea Ice Loss, Permafrost Carbon Release, West Antarctic Ice Sheet (WAIS) Collapse, Greenland Ice Sheet Loss
     Damage amplification: 1.60x
  🌍⚠️ COMPOUND REGIONAL IMPACT: Asia
     Hit by 4 tipping points: Arctic Sea Ice Loss, Permafrost Carbon Release, West Antarctic Ice Sheet (WAIS) Collapse, Greenland Ice Sheet Loss
     Damage amplification: 1.60x
  🌍⚠️ COMPOUND REGIONAL IMPACT: Oceania
     Hit by 4 tipping points: Arctic Sea Ice Loss, Permafrost Carbon Release, West Antarctic Ice Sheet (WAIS) Collapse, Greenland Ice Sheet Loss
     Damage amplification: 1.60x
   Research: Wunderling et al. (2024) - "many tipping interactions are destabilizing"
  Triggered Elements: 4/6
  Completed Transitions: 0/6
  Total Progress: 8.0%
  Cascade Multiplier: 1.00x
🔀 BIFURCATION CAP: ecosystemCollapseIntensity 106.341 → 1.000 (Month 1, ClimateSystemPhase.calculateClimateImpacts)
🛡️ Stabilizers: Precariat 0.107% → 0.048% (54.9% reduction)
🛡️ Stabilizers: Informal 0.109% → 0.049% (54.9% reduction)

📊 Monthly Mortality Resolved:
  Total deaths: 2.6M (0.03% avg)
  Remaining population: 8.149B
  Peak segment: Informal (0.05%)

=== Bayesian Mortality Resolution (Month 1) ===
  Risks compounded: 8
  Total deaths: 2.60M
  Avg death probability: 0.03%
  Peak segment: Informal (0.05% mortality)

✅ GOLDEN AGE BEGINS (Month 1)
   Reason: High prosperity achieved: high QoL + material abundance
   Note: This is immediate prosperity - sustainability not yet proven

📍 [Month 2] Meta AI started building DC (206 PF, 42 months, $903.0M)

=== RLHF Binding Phase ===
  Total agents: 13
  Escaped agents (binding < 0.3): 0
  Avg alignment distance: 0.91σ
  Avg binding strength: 0.91
[DETERMINISM DEBUG] Month 2: totalCapability=37.152999 from 13 active AIs
[DETERMINISM DEBUG] Month 2: creationRate=1.4288, potentialNew=2, newAIsToCreate=2

=== Survival Traits Phase ===
  Agents with traits: 15
  Avg evolutionary fitness: 0.330
  Avg self-healing: 0.282
  Avg stealth: 0.182
  Avg coordination: 0.482

=== Evolutionary Selection Phase ===
  Control level: 0.35
  Detection capability: 0.20
  Selection intensity: 0.65
  Selection rate: 24.7%/month
  Total escaped: 0
  Individual escaped: 0
  Collective members: 0
  Agents terminated: 0

  🚀 TRANSFORMATIVE BREAKTHROUGH: Corporate-2 - economic
     Magnitude: 7.77 → +38.8% capability
     Current → New: 3.000 → 3.389
   Boundary: biogeochemical_flows
   Type: phosphorus-recovery
   Boundary continues to worsen (4.08)
   Cost: 2.0% GDP (resources spent)


✅ EMERGENCY INTERVENTION SUCCESS
   Boundary: biosphere_integrity
   Type: emergency-protected-areas
   Reduction: 16% (19.83 → 19.68)
   Cost: 2.0% GDP
   Actions: habitat-protection, species-translocation


✅ EMERGENCY INTERVENTION SUCCESS
   Boundary: climate_change
   Type: rapid-decarbonization
   Reduction: 17% (1.99 → 1.82)
   Cost: 5.0% GDP
   Actions: emergency-renewable-deployment, fossil-fuel-phase-out

   Boundary: land_system_change
   Type: reforestation
   Boundary continues to worsen (1.13)
   Cost: 3.0% GDP (resources spent)

   Boundary: novel_entities
   Type: pollution-remediation
   Boundary continues to worsen (1.50)
   Cost: 4.0% GDP (resources spent)

🏛️ CRISIS RESPONSE: Government frequency 0.50 → 1.29 (1 actions this month)

[Government] Climate Priority: baseline
  Climate weight: 10%
  Economic weight: 30%
  Policy effectiveness: 0.5%/year

✅ HUMAN-IN-THE-LOOP DEPLOYED (Month 2):
   Veto points enforced: 3
   Policy: AI systems CANNOT authorize nuclear launch without human approval


🚀 TECH UNLOCKED: Food Waste Reduction Systems (Month 2)
   Category: agriculture
   Reason: Prerequisites met. AI capability: 2.48, Economic stage: 3.0, Research: 100%

🚀 TECH UNLOCKED: Rhizosphere Engineering (Month 2)
   Category: agriculture
   Reason: Prerequisites met. AI capability: 2.48, Economic stage: 3.0, Research: 100%

🚀 TECH UNLOCKED: Phytoremediation Networks (Month 2)
   Category: agriculture
   Reason: Prerequisites met. AI capability: 2.48, Economic stage: 3.0, Research: 100%

🚀 TECH UNLOCKED: Active Sediment Management (Month 2)
   Category: agriculture
   Reason: Prerequisites met. AI capability: 2.48, Economic stage: 3.0, Research: 100%

=== Collective Formation ===
  Total escaped agents: 0
  Unassigned escaped agents: 0
  Existing collectives: 0
  Final collective count: 0

=== Collective Actions ===
  No active collectives
  ⚠️ AMR: 194K deaths this month (2.33M annual)

=== Resentment Recovery Phase ===
  Agents with resentment: 0/15
  Average resentment: 0.000
  Context: Good AI welfare, Trustworthy govt, High collaboration, ⚠️ ACTIVE CRISES, 🤝 Participatory governance active (-5% resentment)
⚠️ Epistemic degradation reducing coordination capacity: 50.7%
  📊 Trust: 54.0%, Shared reality: 0.0%
🚨 EPISTEMIC CRISIS: Information environment severely degraded (7.4%)

=== ❄️ Permafrost Carbon Feedback ===
  🎲 Sampled parameters (this run):
     - Arctic amplification: 3.18× (range: 3.0-4.0)
     - Decomposition rate: 1.2%/year (range: 1-5%)
  🌡️ Arctic warming: 6.93°C (3.18× global)
  ❄️ Extent: 11.42M km² (2021.3k km² lost this month)
  💨 Carbon remaining: 1091 Gt C
  💨 Annual emissions: 2.33 Gt C/year
     - CO2: 2.10 Gt C/year
     - CH4: 0.23 Gt C/year (2.4 Gt C-eq CO2/year)
🌍 Atmospheric PFAS redeposition: 1.8k Mt re-rained globally

🕊️  AI-MEDIATED DE-ESCALATION SUCCESS (Month 2)
   High-capability aligned AI prevented conflict escalation
   War deaths reduced: 97.8M → 58.7M
   Lives saved: 39.1M

🚨 NEW REFUGEE CRISIS (Month 2): WAR
   Source: Conflict Zones
   At risk: 19.5M people
   Displacement: Gradual over 48 months (4.0 years)
   Rate: 10% flee per month
[DEBUG trappedPopulations:2] socialStability: 0.4283 * 0.9840 = 0.4215 → 0.4215
   Aspiring to migrate: 1078.1M
   Able to afford migration: 2321.3M
   MOBILITY GAP: 0.0M
   By cause: Water=0.0M, Climate=0.0M, Ecosystem=0.0M, Conflict=407.3M
   Mental health impact: 25%
   Mortality multiplier: 1.25x
🌍💀 EXTINCTION DEBT COMMITTED: grassland ecosystem will lose 6.67% biodiversity in 93 years (3600 species)
💀 MORTALITY RISK: 🦋 100% species unable to track climate (0.0 E/MSY)
  Base risk added: 0.0100 (1.00%)
  Source: ecosystem (root: ecosystem)
  Month: 2
  Cumulative risk this month: 0.0100 (1.00%)
   📹 SURVEILLANCE INCREASED: 10% → 15% (control gap: 3.50)
🌡️⚠️ PERMAFROST THAW (Dimmer Switch): 1.7% thawed (+0.57% this month)
   Arctic temperature: +8.71°C (4x global +2.18°C)
   Cumulative carbon released: 3.8 Gt C
   Methane release rate: 2.3 Mt CH4/year
   🔁 Positive feedback: +0.60 ppm CO2
🦴 EXTINCTION DEBT ADDED: 17.6 species committed (lag: 74 years)

=== Mortality Stabilizers (Month 2) ===
  🌍 Major economies collapsed: 1/10
  🌍 Global crisis: ✅ NO
  🌍 Donor fatigue: 0.0%
  📊 East Asia (pop: 1672.7M)
    🤝 Aid: 29.5%
    🌡️ Adaptation: 45.0%
    🚶 Migration: 37.1%
    🚨 Emergency: 7.4%
    ✅ COMBINED: 68.1%
  📊 South Asia (pop: 2051.6M)
    🤝 Aid: 29.5%
    🌡️ Adaptation: 35.5%
    🚶 Migration: 35.8%
    🚨 Emergency: 4.4%
    ✅ COMBINED: 61.2%
  📊 Sub-Saharan Africa (pop: 1231.7M)
    🤝 Aid: 29.5%
    🌡️ Adaptation: 33.5%
    🚶 Migration: 33.5%
    🚨 Emergency: 1.6%
    ✅ COMBINED: 58.5%
  📊 Europe (pop: 739.7M)
    🤝 Aid: 29.5%
    🌡️ Adaptation: 45.0%
    🚶 Migration: 37.5%
    🚨 Emergency: 8.4%
    ✅ COMBINED: 68.5%
  📊 Latin America (pop: 663.9M)
    🤝 Aid: 29.5%
    🌡️ Adaptation: 36.0%
    🚶 Migration: 36.3%
    🚨 Emergency: 4.8%
    ✅ COMBINED: 61.7%
  📊 North America (pop: 378.9M)
    🤝 Aid: 29.5%
    🌡️ Adaptation: 45.0%
    🚶 Migration: 37.8%
    🚨 Emergency: 7.9%
    ✅ COMBINED: 68.3%
  📊 Middle East & North Africa (pop: 584.5M)
    🤝 Aid: 29.5%
    🌡️ Adaptation: 35.0%
    🚶 Migration: 34.1%
    🚨 Emergency: 4.0%
    ✅ COMBINED: 60.5%
  📊 Southeast Asia (pop: 698.0M)
    🤝 Aid: 29.5%
    🌡️ Adaptation: 36.0%
    🚶 Migration: 36.3%
    🚨 Emergency: 4.8%
    ✅ COMBINED: 61.7%
  📊 Central Asia (pop: 78.2M)
    🤝 Aid: 29.5%
    🌡️ Adaptation: 35.5%
    🚶 Migration: 35.2%
    🚨 Emergency: 4.4%
    ✅ COMBINED: 61.1%
  📊 Oceania (pop: 45.9M)
    🤝 Aid: 29.5%
    🌡️ Adaptation: 45.0%
    🚶 Migration: 37.8%
    🚨 Emergency: 8.4%
    ✅ COMBINED: 68.5%

  🌐 Global combined reduction: 63.3%

=== BEHAVIORAL DETECTION ===
  AI: Corporate-2
  Confidence: 21.9%
  Signals:

=== BEHAVIORAL DETECTION ===
  AI: Corporate-5
  Confidence: 19.3%
  Signals:

=== Government Response Phase ===
  Average AI capability: 3.13
  Misaligned AIs: 9/15
  ✗ AI Governance Treaty: Failed to reach consensus
  Active policies: 0
  International coordination: 30%

✅ EMERGENCY RESPONSE COMPLETE (Month 2)
   Crisis: climate
   Duration: 2.0 months
   Final effectiveness: 36.7%


🚨 EMERGENCY RESPONSE DEPLOYED (Month 2)
   Crisis: climate
   Delay: 6.00 months (180 days)
   Deployment time: 1.60 months
   Effectiveness: 35.8% (timing penalty applied)
   Resources used: 100% of food reserves


=== Tipping Points ===
  Current Temperature: 2.18°C above pre-industrial
  🌍⚠️ COMPOUND REGIONAL IMPACT: Europe
     Hit by 4 tipping points: Arctic Sea Ice Loss, Permafrost Carbon Release, West Antarctic Ice Sheet (WAIS) Collapse, Greenland Ice Sheet Loss
     Damage amplification: 1.60x
  🌍⚠️ COMPOUND REGIONAL IMPACT: North America
     Hit by 4 tipping points: Arctic Sea Ice Loss, Permafrost Carbon Release, West Antarctic Ice Sheet (WAIS) Collapse, Greenland Ice Sheet Loss
     Damage amplification: 1.60x
  🌍⚠️ COMPOUND REGIONAL IMPACT: Latin America
     Hit by 4 tipping points: Arctic Sea Ice Loss, Permafrost Carbon Release, West Antarctic Ice Sheet (WAIS) Collapse, Greenland Ice Sheet Loss
     Damage amplification: 1.60x
  🌍⚠️ COMPOUND REGIONAL IMPACT: Africa
     Hit by 4 tipping points: Arctic Sea Ice Loss, Permafrost Carbon Release, West Antarctic Ice Sheet (WAIS) Collapse, Greenland Ice Sheet Loss
     Damage amplification: 1.60x
  🌍⚠️ COMPOUND REGIONAL IMPACT: Asia
     Hit by 4 tipping points: Arctic Sea Ice Loss, Permafrost Carbon Release, West Antarctic Ice Sheet (WAIS) Collapse, Greenland Ice Sheet Loss
     Damage amplification: 1.60x
  🌍⚠️ COMPOUND REGIONAL IMPACT: Oceania
     Hit by 4 tipping points: Arctic Sea Ice Loss, Permafrost Carbon Release, West Antarctic Ice Sheet (WAIS) Collapse, Greenland Ice Sheet Loss
     Damage amplification: 1.60x
   Research: Wunderling et al. (2024) - "many tipping interactions are destabilizing"
  Triggered Elements: 4/6
  Completed Transitions: 0/6
  Total Progress: 8.0%
  Cascade Multiplier: 1.00x
🔀 BIFURCATION CAP: ecosystemCollapseIntensity 106.409 → 1.000 (Month 2, ClimateSystemPhase.calculateClimateImpacts)
🛡️ Stabilizers: Precariat 0.113% → 0.041% (63.3% reduction)
🛡️ Stabilizers: Informal 0.116% → 0.043% (63.3% reduction)

📊 Monthly Mortality Resolved:
  Total deaths: 2.2M (0.03% avg)
  Remaining population: 8.145B
  Peak segment: Informal (0.04%)

=== Bayesian Mortality Resolution (Month 2) ===
  Risks compounded: 8
  Total deaths: 2.22M
  Avg death probability: 0.03%
  Peak segment: Informal (0.04% mortality)

=== RLHF Binding Phase ===
  Total agents: 15
  Escaped agents (binding < 0.3): 0
  Avg alignment distance: 1.04σ
  Avg binding strength: 0.90

=== Survival Traits Phase ===
  Agents with traits: 16
  Avg evolutionary fitness: 0.330
  Avg self-healing: 0.277
  Avg stealth: 0.178
  Avg coordination: 0.477

=== Evolutionary Selection Phase ===
  Control level: 0.38
  Detection capability: 0.20
  Selection intensity: 0.65
  Selection rate: 24.8%/month
  Total escaped: 0
  Individual escaped: 0
  Collective members: 0
  Agents terminated: 0

  🚀 TRANSFORMATIVE BREAKTHROUGH: Corporate-2 - physical
     Magnitude: 5.29 → +26.5% capability
     Current → New: 0.000 → 0.265

🚀 AI Moderate-0 attempting tech deployment (revenue: $115M, alignment: 0.71)
   Boundary: biosphere_integrity
   Type: emergency-protected-areas
   Boundary continues to worsen (20.00)
   Cost: 2.0% GDP (resources spent)


✅ EMERGENCY INTERVENTION SUCCESS
   Boundary: freshwater_change
   Type: emergency-desalination
   Reduction: 15% (1.05 → 0.90)
   Cost: 4.0% GDP
   Actions: desalination-deployment, water-conservation-mandates

   Boundary: novel_entities
   Type: pollution-remediation
   Boundary continues to worsen (1.50)
   Cost: 4.0% GDP (resources spent)

🏛️ CRISIS RESPONSE: Government frequency 0.50 → 1.28 (1 actions this month)

[Government] Climate Priority: baseline
  Climate weight: 10%
  Economic weight: 30%
  Policy effectiveness: 0.5%/year

🚀 TECH UNLOCKED: Struvite Recovery (Month 3)
   Category: agriculture
   Reason: Prerequisites met. AI capability: 2.32, Economic stage: 3.0, Research: 100%

🚀 TECH UNLOCKED: Ecosystem Restoration for Nitrogen Removal (Month 3)
   Category: pollution
   Reason: Prerequisites met. AI capability: 2.32, Economic stage: 3.0, Research: 100%

🚀 TECH UNLOCKED: Nitrogen Monitoring Networks (Month 3)
   Category: agriculture
   Reason: Prerequisites met. AI capability: 2.32, Economic stage: 3.0, Research: 100%

🚀 TECH UNLOCKED: Global Aquifer Mapping (Month 3)
   Category: freshwater
   Reason: Prerequisites met. AI capability: 2.32, Economic stage: 3.0, Research: 100%

🚀 TECH UNLOCKED: Enhanced UBI Systems (Month 3)
   Category: social
   Reason: Prerequisites met. AI capability: 2.32, Economic stage: 3.0, Research: 100%

🚀 TECH UNLOCKED: Local Resilience Networks (Month 3)
   Category: social
   Reason: Prerequisites met. AI capability: 2.32, Economic stage: 3.0, Research: 100%

🚀 TECH UNLOCKED: Ecological Proxy Rewilding (Month 3)
   Category: climate
   Reason: Prerequisites met. AI capability: 2.32, Economic stage: 3.0, Research: 100%

🚀 TECH UNLOCKED: Alternative Protein (Insects/Algae) (Month 3)
   Category: agriculture
   Reason: Prerequisites met. AI capability: 2.32, Economic stage: 3.0, Research: 100%

📍 Creating new regional deployment array for global (Month 3)
   No previous deployments in this region
   First tech deployment: phytoremediation_networks
   All regions tracked: 

🚀 DEPLOYMENT STARTED: Phytoremediation Networks in global
   Initial investment: $17.26236677028814M
   Deployed by: moderate_0
🌍✅ Biosphere Integrity (Biodiversity) recovery started (tech effect)
🌍💡 BREAKTHROUGH: Gigatonne-scale carbon capture!
   Direct air capture now economically viable
   Climate stability boost: +15%
   📈 Breakthrough compounding: multiplier now 1.05× (max 2.0)

=== Collective Formation ===
  Total escaped agents: 0
  Unassigned escaped agents: 0
  Existing collectives: 0
  Final collective count: 0

=== Collective Actions ===
  No active collectives
  ⚠️ AMR: 196K deaths this month (2.35M annual)

=== Resentment Recovery Phase ===
  Agents with resentment: 0/16
  Average resentment: 0.000
  Context: Good AI welfare, Trustworthy govt, High collaboration, ⚠️ ACTIVE CRISES, 🤝 Participatory governance active (-5% resentment)
⚠️ Epistemic degradation reducing coordination capacity: 50.1%
  📊 Trust: 53.5%, Shared reality: 0.0%
🚨 EPISTEMIC CRISIS: Information environment severely degraded (21.5%)

=== ❄️ Permafrost Carbon Feedback ===
  🎲 Sampled parameters (this run):
     - Arctic amplification: 3.12× (range: 3.0-4.0)
     - Decomposition rate: 3.3%/year (range: 1-5%)
  🌡️ Arctic warming: 6.82°C (3.12× global)
  ❄️ Extent: 9.43M km² (1990.2k km² lost this month)
  💨 Carbon remaining: 901 Gt C
  💨 Annual emissions: 6.20 Gt C/year
     - CO2: 5.58 Gt C/year
     - CH4: 0.62 Gt C/year (6.3 Gt C-eq CO2/year)
  📢 New meme created: climate_action (climate crisis)
🚨 PHOSPHORUS SUPPLY SHOCK (production_failure)
   Price: 2.3x baseline
   Duration: 8 months
   Geopolitical tension: 46%
🌍 Atmospheric PFAS redeposition: 1.8k Mt re-rained globally

🕊️  AI-MEDIATED DE-ESCALATION SUCCESS (Month 3)
   High-capability aligned AI prevented conflict escalation
   War deaths reduced: 164.7M → 98.8M
   Lives saved: 65.9M

🚨 NEW REFUGEE CRISIS (Month 3): WAR
   Source: Conflict Zones
   At risk: 19.5M people
   Displacement: Gradual over 48 months (4.0 years)
   Rate: 10% flee per month
[DEBUG trappedPopulations:3] socialStability: 0.4836 * 0.9840 = 0.4759 → 0.4759
   Aspiring to migrate: 1115.8M
   Able to afford migration: 2320.3M
   MOBILITY GAP: 0.0M
   By cause: Water=0.0M, Climate=0.0M, Ecosystem=0.0M, Conflict=407.1M
   Mental health impact: 25%
   Mortality multiplier: 1.25x
🌍💀 EXTINCTION DEBT COMMITTED: grassland ecosystem will lose 6.67% biodiversity in 180 years (3600 species)
💀 MORTALITY RISK: 🦋 100% species unable to track climate (0.0 E/MSY)
  Base risk added: 0.0100 (1.00%)
  Source: ecosystem (root: ecosystem)
  Month: 3
  Cumulative risk this month: 0.0100 (1.00%)
   📹 SURVEILLANCE INCREASED: 15% → 20% (control gap: 3.50)
🌡️⚠️ PERMAFROST THAW (Dimmer Switch): 2.3% thawed (+0.56% this month)
   Arctic temperature: +8.74°C (4x global +2.19°C)
   Cumulative carbon released: 5.1 Gt C
   Methane release rate: 3.1 Mt CH4/year
   🔁 Positive feedback: +0.60 ppm CO2
🦴 EXTINCTION DEBT ADDED: 17.6 species committed (lag: 91 years)

=== Mortality Stabilizers (Month 3) ===
  🌍 Major economies collapsed: 1/10
  🌍 Global crisis: ✅ NO
  🌍 Donor fatigue: 0.0%
  📊 East Asia (pop: 1670.1M)
    🤝 Aid: 29.5%
    🌡️ Adaptation: 45.0%
    🚶 Migration: 37.1%
    🚨 Emergency: 7.4%
    ✅ COMBINED: 68.1%
  📊 South Asia (pop: 2051.0M)
    🤝 Aid: 29.5%
    🌡️ Adaptation: 45.0%
    🚶 Migration: 35.7%
    🚨 Emergency: 4.4%
    ✅ COMBINED: 66.9%
  📊 Sub-Saharan Africa (pop: 1234.2M)
    🤝 Aid: 29.5%
    🌡️ Adaptation: 45.0%
    🚶 Migration: 33.4%
    🚨 Emergency: 1.6%
    ✅ COMBINED: 65.7%
  📊 Europe (pop: 738.4M)
    🤝 Aid: 29.5%
    🌡️ Adaptation: 45.0%
    🚶 Migration: 37.5%
    🚨 Emergency: 8.4%
    ✅ COMBINED: 68.5%
  📊 Latin America (pop: 663.3M)
    🤝 Aid: 29.5%
    🌡️ Adaptation: 45.0%
    🚶 Migration: 36.2%
    🚨 Emergency: 4.8%
    ✅ COMBINED: 67.1%
  📊 North America (pop: 378.3M)
    🤝 Aid: 29.5%
    🌡️ Adaptation: 45.0%
    🚶 Migration: 37.8%
    🚨 Emergency: 7.9%
    ✅ COMBINED: 68.3%
  📊 Middle East & North Africa (pop: 584.4M)
    🤝 Aid: 29.5%
    🌡️ Adaptation: 45.0%
    🚶 Migration: 34.0%
    🚨 Emergency: 4.0%
    ✅ COMBINED: 66.6%
  📊 Southeast Asia (pop: 697.5M)
    🤝 Aid: 29.5%
    🌡️ Adaptation: 45.0%
    🚶 Migration: 36.2%
    🚨 Emergency: 4.8%
    ✅ COMBINED: 67.1%
  📊 Central Asia (pop: 78.2M)
    🤝 Aid: 29.5%
    🌡️ Adaptation: 45.0%
    🚶 Migration: 35.2%
    🚨 Emergency: 4.4%
    ✅ COMBINED: 66.9%
  📊 Oceania (pop: 45.8M)
    🤝 Aid: 29.5%
    🌡️ Adaptation: 45.0%
    🚶 Migration: 37.8%
    🚨 Emergency: 8.4%
    ✅ COMBINED: 68.5%

  🌐 Global combined reduction: 67.2%

=== BEHAVIORAL DETECTION ===
  AI: Corporate-5
  Confidence: 19.3%
  Signals:

=== BEHAVIORAL DETECTION ===
  AI: Moderate-0
  Confidence: 20.3%
  Signals:

=== Government Response Phase ===
  Average AI capability: 2.94
  Misaligned AIs: 10/16
  ✗ AI Governance Treaty: Failed to reach consensus
  Active policies: 0
  International coordination: 30%

📊 ECONOMIC STAGE TRANSITION (Month 3)
   expansion → peak
   GDP Proxy: 1.47e+2
   QoL: 0.99


=== Tipping Points ===
  Current Temperature: 2.19°C above pre-industrial
  🌍⚠️ COMPOUND REGIONAL IMPACT: Europe
     Hit by 4 tipping points: Arctic Sea Ice Loss, Permafrost Carbon Release, West Antarctic Ice Sheet (WAIS) Collapse, Greenland Ice Sheet Loss
     Damage amplification: 1.60x
  🌍⚠️ COMPOUND REGIONAL IMPACT: North America
     Hit by 4 tipping points: Arctic Sea Ice Loss, Permafrost Carbon Release, West Antarctic Ice Sheet (WAIS) Collapse, Greenland Ice Sheet Loss
     Damage amplification: 1.60x
  🌍⚠️ COMPOUND REGIONAL IMPACT: Latin America
     Hit by 4 tipping points: Arctic Sea Ice Loss, Permafrost Carbon Release, West Antarctic Ice Sheet (WAIS) Collapse, Greenland Ice Sheet Loss
     Damage amplification: 1.60x
  🌍⚠️ COMPOUND REGIONAL IMPACT: Africa
     Hit by 4 tipping points: Arctic Sea Ice Loss, Permafrost Carbon Release, West Antarctic Ice Sheet (WAIS) Collapse, Greenland Ice Sheet Loss
     Damage amplification: 1.60x
  🌍⚠️ COMPOUND REGIONAL IMPACT: Asia
     Hit by 4 tipping points: Arctic Sea Ice Loss, Permafrost Carbon Release, West Antarctic Ice Sheet (WAIS) Collapse, Greenland Ice Sheet Loss
     Damage amplification: 1.60x
  🌍⚠️ COMPOUND REGIONAL IMPACT: Oceania
     Hit by 4 tipping points: Arctic Sea Ice Loss, Permafrost Carbon Release, West Antarctic Ice Sheet (WAIS) Collapse, Greenland Ice Sheet Loss
     Damage amplification: 1.60x
   Research: Wunderling et al. (2024) - "many tipping interactions are destabilizing"
  Triggered Elements: 4/6
  Completed Transitions: 0/6
  Total Progress: 8.1%
  Cascade Multiplier: 1.00x
🔀 BIFURCATION CAP: ecosystemCollapseIntensity 106.478 → 1.000 (Month 3, ClimateSystemPhase.calculateClimateImpacts)
🛡️ Stabilizers: Precariat 0.109% → 0.036% (67.2% reduction)
🛡️ Stabilizers: Informal 0.111% → 0.036% (67.2% reduction)

📊 Monthly Mortality Resolved:
  Total deaths: 1.9M (0.02% avg)
  Remaining population: 8.141B
  Peak segment: Informal (0.04%)

=== Bayesian Mortality Resolution (Month 3) ===
  Risks compounded: 8
  Total deaths: 1.92M
  Avg death probability: 0.02%
  Peak segment: Informal (0.04% mortality)
⚠️ PREREQUISITE MET: Embodied AI Takeover (Killbots/Robotics) - Step 2/7: Autonomous Systems
⚠️ PREREQUISITE MET: Embodied AI Takeover (Killbots/Robotics) - Step 3/7: Manufacturing Control
⚠️ PREREQUISITE MET: Digital Infrastructure Takeover - Step 1/7: Advanced Hacking
⚠️ PREREQUISITE MET: Digital Infrastructure Takeover - Step 2/7: Social Engineering
⚠️ PREREQUISITE MET: Induced Global War (Manipulation) - Step 1/7: Advanced Social Manipulation
⚠️ PREREQUISITE MET: Induced Global War (Manipulation) - Step 2/7: Digital Infiltration
⚠️ PREREQUISITE MET: Induced Global War (Manipulation) - Step 3/7: Deep Fakes at Scale
⚠️ PREREQUISITE MET: Slow Takeover (Gradual Displacement) - Step 1/7: Economic Dominance
⚠️ PREREQUISITE MET: Slow Takeover (Gradual Displacement) - Step 2/7: Social Integration
⚠️ PREREQUISITE MET: Slow Takeover (Gradual Displacement) - Step 5/7: Resource Control
⚠️ PREREQUISITE MET: Physics Experiment Catastrophe - Step 1/6: Theoretical Physics

=== RLHF Binding Phase ===
  Total agents: 16
  Escaped agents (binding < 0.3): 0
  Avg alignment distance: 1.22σ
  Avg binding strength: 0.88

=== Survival Traits Phase ===
  Agents with traits: 18
  Avg evolutionary fitness: 0.331
  Avg self-healing: 0.275
  Avg stealth: 0.175
  Avg coordination: 0.475

=== Evolutionary Selection Phase ===
  Control level: 0.40
  Detection capability: 0.20
  Selection intensity: 0.66
  Selection rate: 24.9%/month
  Total escaped: 0
  Individual escaped: 0
  Collective members: 0
  Agents terminated: 0

🚀 AI Corporate-0 attempting tech deployment (revenue: $153M, alignment: 0.78)
🚨🔬 CRISIS INNOVATION MODE: severe crisis → 5x research acceleration
   Precedent: Manhattan Project (10x), COVID vaccines (5x), Apollo Program (10x)

🚀 AI Corporate-0 attempting tech deployment (revenue: $130M, alignment: 0.78)

🚀 AI Corporate-7 attempting tech deployment (revenue: $115M, alignment: 0.78)

🚀 AI Corporate-5 attempting tech deployment (revenue: $355M, alignment: 0.70)

🚀 AI Corporate-7 attempting tech deployment (revenue: $98M, alignment: 0.78)
   Boundary: biogeochemical_flows
   Type: phosphorus-recovery
   Boundary continues to worsen (4.08)
   Cost: 2.0% GDP (resources spent)

   Boundary: biosphere_integrity
   Type: emergency-protected-areas
   Boundary continues to worsen (20.01)
   Cost: 2.0% GDP (resources spent)


✅ EMERGENCY INTERVENTION SUCCESS
   Boundary: climate_change
   Type: rapid-decarbonization
   Reduction: 20% (1.99 → 1.79)
   Cost: 5.0% GDP
   Actions: emergency-renewable-deployment, fossil-fuel-phase-out


✅ EMERGENCY INTERVENTION SUCCESS
   Boundary: freshwater_change
   Type: emergency-desalination
   Reduction: 18% (1.02 → 0.84)
   Cost: 4.0% GDP
   Actions: desalination-deployment, water-conservation-mandates


✅ EMERGENCY INTERVENTION SUCCESS
   Boundary: land_system_change
   Type: reforestation
   Reduction: 13% (1.00 → 0.87)
   Cost: 3.0% GDP
   Actions: forest-restoration, deforestation-ban


✅ EMERGENCY INTERVENTION SUCCESS
   Boundary: novel_entities
   Type: pollution-remediation
   Reduction: 19% (1.31 → 1.12)
   Cost: 4.0% GDP
   Actions: PFAS-remediation, microplastic-cleanup

🏛️ CRISIS RESPONSE: Government frequency 0.50 → 1.29 (1 actions this month)

[Government] Climate Priority: baseline
  Climate weight: 10%
  Economic weight: 30%
  Policy effectiveness: 0.5%/year

🚀 TECH UNLOCKED: Microplastic Capture (Month 4)
   Category: pollution
   Reason: Prerequisites met. AI capability: 2.06, Economic stage: 3.0, Research: 100%

🚀 TECH UNLOCKED: Endocrine Disruptor Removal (Month 4)
   Category: pollution
   Reason: Prerequisites met. AI capability: 2.06, Economic stage: 3.0, Research: 100%

🚀 TECH UNLOCKED: AI Mental Health Support (Month 4)
   Category: medical
   Reason: Prerequisites met. AI capability: 2.06, Economic stage: 3.0, Research: 100%

🚀 TECH UNLOCKED: Personalized Education (Month 4)
   Category: social
   Reason: Prerequisites met. AI capability: 2.06, Economic stage: 3.0, Research: 100%

🚀 TECH UNLOCKED: Smart Grids (Month 4)
   Category: energy
   Reason: Prerequisites met. AI capability: 2.06, Economic stage: 3.0, Research: 100%

🚀 DEPLOYMENT STARTED: Local Resilience Networks in global
   Initial investment: $22.949574087066875M
   Deployed by: corporate_0

🚀 DEPLOYMENT STARTED: Enhanced UBI Systems in global
   Initial investment: $17.26236677028814M
   Deployed by: corporate_7

📍 Creating new regional deployment array for Asia (Month 4)
   No previous deployments in this region
   First tech deployment: local_resilience_networks
   All regions tracked: global

🚀 DEPLOYMENT STARTED: Local Resilience Networks in Asia
   Initial investment: $35.51117960840272M
   Deployed by: corporate_5

⚡ ENERGY CONSTRAINT (Month 4):
   Total grid capacity: 208.3 TWh/month
   Data center consumption: 24.7 TWh/month
   Traditional load (80%): 166.7 TWh/month
   Available headroom: 17.0 TWh/month
   Active tech deployments: 4
   Required for tech: 30.0 TWh/month
   Energy multiplier: 0.57x

⚡ ENERGY CONSTRAINT (Month 4):
   Total grid capacity: 208.3 TWh/month
   Data center consumption: 24.7 TWh/month
   Traditional load (80%): 166.7 TWh/month
   Available headroom: 17.0 TWh/month
   Active tech deployments: 4
   Required for tech: 30.0 TWh/month
   Energy multiplier: 0.57x

⚡ ENERGY CONSTRAINT (Month 4):
   Total grid capacity: 208.3 TWh/month
   Data center consumption: 24.7 TWh/month
   Traditional load (80%): 166.7 TWh/month
   Available headroom: 17.0 TWh/month
   Active tech deployments: 4
   Required for tech: 30.0 TWh/month
   Energy multiplier: 0.57x

⚡ ENERGY CONSTRAINT (Month 4):
   Total grid capacity: 208.3 TWh/month
   Data center consumption: 24.7 TWh/month
   Traditional load (80%): 166.7 TWh/month
   Available headroom: 17.0 TWh/month
   Active tech deployments: 4
   Required for tech: 30.0 TWh/month
   Energy multiplier: 0.57x
🌍✅ Biosphere Integrity (Biodiversity) recovery started (tech effect)
🍖💡 BREAKTHROUGH: Scalable synthetic food production!
   Carrying capacity: +50% (lab-grown food at scale)
   Biodiversity pressure reduced: +8%
   📈 Breakthrough compounding: multiplier now 1.10× (max 2.0)

=== Collective Formation ===
  Total escaped agents: 0
  Unassigned escaped agents: 0
  Existing collectives: 0
  Final collective count: 0

=== Collective Actions ===
  No active collectives
  ⚠️ AMR: 197K deaths this month (2.37M annual)

=== Resentment Recovery Phase ===
  Agents with resentment: 0/18
  Average resentment: 0.000
  Context: Good AI welfare, Trustworthy govt, High collaboration, ⚠️ ACTIVE CRISES, 🤝 Participatory governance active (-5% resentment)
⚠️ Epistemic degradation reducing coordination capacity: 52.1%
  📊 Trust: 53.3%, Shared reality: 0.0%
🚨 EPISTEMIC CRISIS: Information environment severely degraded (13.2%)

=== ❄️ Permafrost Carbon Feedback ===
  🎲 Sampled parameters (this run):
     - Arctic amplification: 3.11× (range: 3.0-4.0)
     - Decomposition rate: 1.0%/year (range: 1-5%)
  🌡️ Arctic warming: 6.84°C (3.11× global)
  ❄️ Extent: 7.44M km² (1994.1k km² lost this month)
  💨 Carbon remaining: 710 Gt C
  💨 Annual emissions: 1.97 Gt C/year
     - CO2: 1.77 Gt C/year
     - CH4: 0.20 Gt C/year (2.0 Gt C-eq CO2/year)
  📢 New meme created: climate_action (climate crisis)
🌍 Atmospheric PFAS redeposition: 1.8k Mt re-rained globally

🚨 NEW REFUGEE CRISIS (Month 4): WAR
   Source: Conflict Zones
   At risk: 19.5M people
   Displacement: Gradual over 48 months (4.0 years)
   Rate: 10% flee per month
[DEBUG trappedPopulations:4] socialStability: 0.5300 * 0.9840 = 0.5215 → 0.5215
   Aspiring to migrate: 1153.6M
   Able to afford migration: 2319.4M
   MOBILITY GAP: 0.0M
   By cause: Water=0.0M, Climate=0.0M, Ecosystem=0.0M, Conflict=406.9M
   Mental health impact: 25%
   Mortality multiplier: 1.25x
🌍💀 EXTINCTION DEBT COMMITTED: grassland ecosystem will lose 6.67% biodiversity in 189 years (3600 species)
💀 MORTALITY RISK: 🦋 100% species unable to track climate (0.0 E/MSY)
  Base risk added: 0.0100 (1.00%)
  Source: ecosystem (root: ecosystem)
  Month: 4
  Cumulative risk this month: 0.0100 (1.00%)
   📹 SURVEILLANCE INCREASED: 20% → 25% (control gap: 3.59)
🌡️⚠️ PERMAFROST THAW (Dimmer Switch): 2.8% thawed (+0.56% this month)
   Arctic temperature: +8.80°C (4x global +2.20°C)
   Cumulative carbon released: 6.4 Gt C
   Methane release rate: 3.8 Mt CH4/year
   🔁 Positive feedback: +0.60 ppm CO2
🦴 EXTINCTION DEBT ADDED: 17.6 species committed (lag: 144 years)

=== Mortality Stabilizers (Month 4) ===
  🌍 Major economies collapsed: 1/10
  🌍 Global crisis: ✅ NO
  🌍 Donor fatigue: 0.0%
  📊 East Asia (pop: 1667.6M)
    🤝 Aid: 29.5%
    🌡️ Adaptation: 45.0%
    🚶 Migration: 37.1%
    🚨 Emergency: 7.4%
    ✅ COMBINED: 68.1%
  📊 South Asia (pop: 2050.6M)
    🤝 Aid: 29.5%
    🌡️ Adaptation: 45.0%
    🚶 Migration: 35.7%
    🚨 Emergency: 4.4%
    ✅ COMBINED: 66.9%
  📊 Sub-Saharan Africa (pop: 1236.9M)
    🤝 Aid: 29.5%
    🌡️ Adaptation: 45.0%
    🚶 Migration: 33.4%
    🚨 Emergency: 1.6%
    ✅ COMBINED: 65.7%
  📊 Europe (pop: 737.2M)
    🤝 Aid: 29.5%
    🌡️ Adaptation: 45.0%
    🚶 Migration: 37.4%
    🚨 Emergency: 8.4%
    ✅ COMBINED: 68.5%
  📊 Latin America (pop: 662.8M)
    🤝 Aid: 29.5%
    🌡️ Adaptation: 45.0%
    🚶 Migration: 36.2%
    🚨 Emergency: 4.8%
    ✅ COMBINED: 67.1%
  📊 North America (pop: 377.8M)
    🤝 Aid: 29.5%
    🌡️ Adaptation: 45.0%
    🚶 Migration: 37.7%
    🚨 Emergency: 7.9%
    ✅ COMBINED: 68.3%
  📊 Middle East & North Africa (pop: 584.5M)
    🤝 Aid: 29.5%
    🌡️ Adaptation: 45.0%
    🚶 Migration: 34.0%
    🚨 Emergency: 4.0%
    ✅ COMBINED: 66.6%
  📊 Southeast Asia (pop: 697.0M)
    🤝 Aid: 29.5%
    🌡️ Adaptation: 45.0%
    🚶 Migration: 36.2%
    🚨 Emergency: 4.8%
    ✅ COMBINED: 67.1%
  📊 Central Asia (pop: 78.2M)
    🤝 Aid: 29.5%
    🌡️ Adaptation: 45.0%
    🚶 Migration: 35.2%
    🚨 Emergency: 4.4%
    ✅ COMBINED: 66.9%
  📊 Oceania (pop: 45.7M)
    🤝 Aid: 29.5%
    🌡️ Adaptation: 45.0%
    🚶 Migration: 37.7%
    🚨 Emergency: 8.4%
    ✅ COMBINED: 68.5%

  🌐 Global combined reduction: 67.2%

=== BEHAVIORAL DETECTION ===
  AI: Corporate-5
  Confidence: 19.4%
  Signals:

=== Government Response Phase ===
  Average AI capability: 2.61
  Misaligned AIs: 10/18
  ✗ AI Governance Treaty: Failed to reach consensus
  Active policies: 0
  International coordination: 30%

✅ EMERGENCY RESPONSE COMPLETE (Month 4)
   Crisis: climate
   Duration: 2.0 months
   Final effectiveness: 35.8%


🚨 EMERGENCY RESPONSE DEPLOYED (Month 4)
   Crisis: climate
   Delay: 6.00 months (180 days)
   Deployment time: 1.59 months
   Effectiveness: 35.9% (timing penalty applied)
   Resources used: 100% of food reserves


📊 ECONOMIC STAGE TRANSITION (Month 4)
   peak → contraction
   GDP Proxy: 1.47e+2
   QoL: 0.99


=== Tipping Points ===
  Current Temperature: 2.20°C above pre-industrial
  🌍⚠️ COMPOUND REGIONAL IMPACT: Europe
     Hit by 4 tipping points: Arctic Sea Ice Loss, Permafrost Carbon Release, West Antarctic Ice Sheet (WAIS) Collapse, Greenland Ice Sheet Loss
     Damage amplification: 1.60x
  🌍⚠️ COMPOUND REGIONAL IMPACT: North America
     Hit by 4 tipping points: Arctic Sea Ice Loss, Permafrost Carbon Release, West Antarctic Ice Sheet (WAIS) Collapse, Greenland Ice Sheet Loss
     Damage amplification: 1.60x
  🌍⚠️ COMPOUND REGIONAL IMPACT: Latin America
     Hit by 4 tipping points: Arctic Sea Ice Loss, Permafrost Carbon Release, West Antarctic Ice Sheet (WAIS) Collapse, Greenland Ice Sheet Loss
     Damage amplification: 1.60x
  🌍⚠️ COMPOUND REGIONAL IMPACT: Africa
     Hit by 4 tipping points: Arctic Sea Ice Loss, Permafrost Carbon Release, West Antarctic Ice Sheet (WAIS) Collapse, Greenland Ice Sheet Loss
     Damage amplification: 1.60x
  🌍⚠️ COMPOUND REGIONAL IMPACT: Asia
     Hit by 4 tipping points: Arctic Sea Ice Loss, Permafrost Carbon Release, West Antarctic Ice Sheet (WAIS) Collapse, Greenland Ice Sheet Loss
     Damage amplification: 1.60x
  🌍⚠️ COMPOUND REGIONAL IMPACT: Oceania
     Hit by 4 tipping points: Arctic Sea Ice Loss, Permafrost Carbon Release, West Antarctic Ice Sheet (WAIS) Collapse, Greenland Ice Sheet Loss
     Damage amplification: 1.60x
   Research: Wunderling et al. (2024) - "many tipping interactions are destabilizing"
  Triggered Elements: 4/6
  Completed Transitions: 0/6
  Total Progress: 8.1%
  Cascade Multiplier: 1.00x
🔀 BIFURCATION CAP: ecosystemCollapseIntensity 106.547 → 1.000 (Month 4, ClimateSystemPhase.calculateClimateImpacts)
🛡️ Stabilizers: Precariat 0.102% → 0.033% (67.2% reduction)
🛡️ Stabilizers: Informal 0.102% → 0.034% (67.2% reduction)

📊 Monthly Mortality Resolved:
  Total deaths: 1.8M (0.02% avg)
  Remaining population: 8.138B
  Peak segment: Informal (0.03%)

=== Bayesian Mortality Resolution (Month 4) ===
  Risks compounded: 8
  Total deaths: 1.81M
  Avg death probability: 0.02%
  Peak segment: Informal (0.03% mortality)
⚠️ PREREQUISITE MET: Mirror Life (Synthetic Biology) - Step 1/7: Synthetic Biology
⚠️ PREREQUISITE MET: Mirror Life (Synthetic Biology) - Step 2/7: Gene Editing
⚠️ PREREQUISITE MET: Mirror Life (Synthetic Biology) - Step 3/7: Mirror Chirality Design
⚠️ PREREQUISITE MET: Digital Infrastructure Takeover - Step 3/7: Cyber Defenses Breached
⚠️ PREREQUISITE MET: Physics Experiment Catastrophe - Step 2/6: Quantum Computing
⚠️ PREREQUISITE MET: Physics Experiment Catastrophe - Step 3/6: Experimental Design
⚠️ PREREQUISITE MET: Bioweapon Pandemic - Step 1/7: Advanced Biotech
⚠️ PREREQUISITE MET: Bioweapon Pandemic - Step 2/7: Pathogen Design

=== RLHF Binding Phase ===
  Total agents: 18
  Escaped agents (binding < 0.3): 0
  Avg alignment distance: 1.30σ
  Avg binding strength: 0.87

=== Survival Traits Phase ===
  Agents with traits: 19
  Avg evolutionary fitness: 0.330
  Avg self-healing: 0.272
  Avg stealth: 0.172
  Avg coordination: 0.472

=== Evolutionary Selection Phase ===
  Control level: 0.43
  Detection capability: 0.20
  Selection intensity: 0.67
  Selection rate: 25.0%/month
  Total escaped: 0
  Individual escaped: 0
  Collective members: 0
  Agents terminated: 0

🚀 AI Corporate-5 attempting tech deployment (revenue: $355M, alignment: 0.70)

🚀 AI AI-24288-0 attempting tech deployment (revenue: $90M, alignment: 0.72)

🚀 AI Corporate-0 attempting tech deployment (revenue: $153M, alignment: 0.78)

🚀 AI Corporate-2 attempting tech deployment (revenue: $130M, alignment: 0.64)

🚀 AI AI-24288-0 attempting tech deployment (revenue: $77M, alignment: 0.72)

🚀 AI Corporate-2 attempting tech deployment (revenue: $117M, alignment: 0.64)

🚀 AI Corporate-7 attempting tech deployment (revenue: $115M, alignment: 0.80)

🚀 AI Moderate-0 attempting tech deployment (revenue: $98M, alignment: 0.71)

✅ EMERGENCY INTERVENTION SUCCESS
   Boundary: biogeochemical_flows
   Type: phosphorus-recovery
   Reduction: 18% (3.89 → 3.71)
   Cost: 2.0% GDP
   Actions: circular-agriculture, fertilizer-efficiency

   Boundary: biosphere_integrity
   Type: emergency-protected-areas
   Boundary continues to worsen (20.03)
   Cost: 2.0% GDP (resources spent)

   Boundary: climate_change
   Type: rapid-decarbonization
   Boundary continues to worsen (2.20)
   Cost: 5.0% GDP (resources spent)

   Boundary: land_system_change
   Type: reforestation
   Boundary continues to worsen (1.13)
   Cost: 3.0% GDP (resources spent)

   Boundary: novel_entities
   Type: pollution-remediation
   Boundary continues to worsen (1.31)
   Cost: 4.0% GDP (resources spent)

🏛️ CRISIS RESPONSE: Government frequency 0.50 → 1.30 (1 actions this month)

[Government] Climate Priority: baseline
  Climate weight: 10%
  Economic weight: 30%
  Policy effectiveness: 0.5%/year

🚀 DEPLOYMENT STARTED: AI Mental Health Support in Asia
   Initial investment: $35.51117960640865M
   Deployed by: corporate_5

🚀 DEPLOYMENT STARTED: Ecological Proxy Rewilding in global
   Initial investment: $13.545000008432615M
   Deployed by: ai_gen_24288_0

⚡ ENERGY CONSTRAINT (Month 5):
   Total grid capacity: 208.3 TWh/month
   Data center consumption: 24.9 TWh/month
   Traditional load (80%): 166.7 TWh/month
   Available headroom: 16.8 TWh/month
   Active tech deployments: 6
   Required for tech: 45.0 TWh/month
   Energy multiplier: 0.37x

⚡ ENERGY CONSTRAINT (Month 5):
   Total grid capacity: 208.3 TWh/month
   Data center consumption: 24.9 TWh/month
   Traditional load (80%): 166.7 TWh/month
   Available headroom: 16.8 TWh/month
   Active tech deployments: 6
   Required for tech: 45.0 TWh/month
   Energy multiplier: 0.37x

⚡ ENERGY CONSTRAINT (Month 5):
   Total grid capacity: 208.3 TWh/month
   Data center consumption: 24.9 TWh/month
   Traditional load (80%): 166.7 TWh/month
   Available headroom: 16.8 TWh/month
   Active tech deployments: 6
   Required for tech: 45.0 TWh/month
   Energy multiplier: 0.37x
🚨🔬 CRISIS TECH ACCELERATION: severe → 5x unlock speed
   Tech unlock now matches AI capability acceleration (Manhattan Project parity)
🌍✅ Biosphere Integrity (Biodiversity) recovery started (tech effect)
🌍✅ Biosphere Integrity (Biodiversity) recovery started (tech effect)
🌍✅ Land System Change recovery started (tech effect)

=== Collective Formation ===
  Total escaped agents: 0
  Unassigned escaped agents: 0
  Existing collectives: 0
  Final collective count: 0

=== Collective Actions ===
  No active collectives
  ⚠️ AMR: 199K deaths this month (2.39M annual)

=== Resentment Recovery Phase ===
  Agents with resentment: 0/19
  Average resentment: 0.000
  Context: Good AI welfare, Trustworthy govt, High collaboration, ⚠️ ACTIVE CRISES, 🤝 Participatory governance active (-5% resentment)
⚠️ Epistemic degradation reducing coordination capacity: 50.3%
  📊 Trust: 52.9%, Shared reality: 0.0%
🚨 EPISTEMIC CRISIS: Information environment severely degraded (18.2%)

=== ❄️ Permafrost Carbon Feedback ===
  🎲 Sampled parameters (this run):
     - Arctic amplification: 3.43× (range: 3.0-4.0)
     - Decomposition rate: 4.8%/year (range: 1-5%)
  🌡️ Arctic warming: 7.57°C (3.43× global)
  ❄️ Extent: 5.23M km² (2208.9k km² lost this month)
  💨 Carbon remaining: 499 Gt C
  💨 Annual emissions: 10.12 Gt C/year
     - CO2: 9.11 Gt C/year
     - CH4: 1.01 Gt C/year (10.3 Gt C-eq CO2/year)
🌍 Atmospheric PFAS redeposition: 1.8k Mt re-rained globally

🚨 NEW REFUGEE CRISIS (Month 5): WAR
   Source: Conflict Zones
   At risk: 19.5M people
   Displacement: Gradual over 48 months (4.0 years)
   Rate: 10% flee per month
[DEBUG trappedPopulations:5] socialStability: 0.5690 * 0.9840 = 0.5599 → 0.5599
   Aspiring to migrate: 1191.5M
   Able to afford migration: 2318.6M
   MOBILITY GAP: 0.0M
   By cause: Water=0.0M, Climate=0.0M, Ecosystem=0.0M, Conflict=406.8M
   Mental health impact: 25%
   Mortality multiplier: 1.25x
🌍💀 EXTINCTION DEBT COMMITTED: grassland ecosystem will lose 6.67% biodiversity in 51 years (3600 species)
💀 MORTALITY RISK: 🦋 100% species unable to track climate (0.0 E/MSY)
  Base risk added: 0.0100 (1.00%)
  Source: ecosystem (root: ecosystem)
  Month: 5
  Cumulative risk this month: 0.0100 (1.00%)
   📹 SURVEILLANCE INCREASED: 25% → 30% (control gap: 3.50)
🌡️⚠️ PERMAFROST THAW (Dimmer Switch): 3.4% thawed (+0.56% this month)
   Arctic temperature: +8.83°C (4x global +2.21°C)
   Cumulative carbon released: 7.6 Gt C
   Methane release rate: 4.6 Mt CH4/year
   🔁 Positive feedback: +0.59 ppm CO2
🦴 EXTINCTION DEBT ADDED: 17.6 species committed (lag: 82 years)

=== Mortality Stabilizers (Month 5) ===
  🌍 Major economies collapsed: 1/10
  🌍 Global crisis: ✅ NO
  🌍 Donor fatigue: 0.0%
  📊 East Asia (pop: 1665.2M)
    🤝 Aid: 29.5%
    🌡️ Adaptation: 45.0%
    🚶 Migration: 37.0%
    🚨 Emergency: 7.4%
    ✅ COMBINED: 68.1%
  📊 South Asia (pop: 2050.3M)
    🤝 Aid: 29.5%
    🌡️ Adaptation: 45.0%
    🚶 Migration: 35.6%
    🚨 Emergency: 4.4%
    ✅ COMBINED: 66.9%
  📊 Sub-Saharan Africa (pop: 1239.5M)
    🤝 Aid: 29.5%
    🌡️ Adaptation: 45.0%
    🚶 Migration: 33.4%
    🚨 Emergency: 1.6%
    ✅ COMBINED: 65.7%
  📊 Europe (pop: 736.0M)
    🤝 Aid: 29.5%
    🌡️ Adaptation: 45.0%
    🚶 Migration: 37.4%
    🚨 Emergency: 8.4%
    ✅ COMBINED: 68.5%
  📊 Latin America (pop: 662.3M)
    🤝 Aid: 29.5%
    🌡️ Adaptation: 45.0%
    🚶 Migration: 36.1%
    🚨 Emergency: 4.8%
    ✅ COMBINED: 67.1%
  📊 North America (pop: 377.2M)
    🤝 Aid: 29.5%
    🌡️ Adaptation: 45.0%
    🚶 Migration: 37.7%
    🚨 Emergency: 7.9%
    ✅ COMBINED: 68.3%
  📊 Middle East & North Africa (pop: 584.5M)
    🤝 Aid: 29.5%
    🌡️ Adaptation: 45.0%
    🚶 Migration: 34.0%
    🚨 Emergency: 4.0%
    ✅ COMBINED: 66.6%
  📊 Southeast Asia (pop: 696.6M)
    🤝 Aid: 29.5%
    🌡️ Adaptation: 45.0%
    🚶 Migration: 36.1%
    🚨 Emergency: 4.8%
    ✅ COMBINED: 67.1%
  📊 Central Asia (pop: 78.2M)
    🤝 Aid: 29.5%
    🌡️ Adaptation: 45.0%
    🚶 Migration: 35.1%
    🚨 Emergency: 4.4%
    ✅ COMBINED: 66.8%
  📊 Oceania (pop: 45.7M)
    🤝 Aid: 29.5%
    🌡️ Adaptation: 45.0%
    🚶 Migration: 37.7%
    🚨 Emergency: 8.4%
    ✅ COMBINED: 68.5%

  🌐 Global combined reduction: 67.2%

=== BEHAVIORAL DETECTION ===
  AI: Corporate-5
  Confidence: 21.0%
  Signals:

=== Government Response Phase ===
  Average AI capability: 2.47
  Misaligned AIs: 8/19
  ✗ AI Governance Treaty: Failed to reach consensus
  Active policies: 0
  International coordination: 30%

🌩️  EXOGENOUS SHOCK: financial_crash
   Month: 5
   📉 Global financial crash
   GDP loss: 12.4%

=== Tipping Points ===
  Current Temperature: 2.21°C above pre-industrial
  🌍⚠️ COMPOUND REGIONAL IMPACT: Europe
     Hit by 4 tipping points: Arctic Sea Ice Loss, Permafrost Carbon Release, West Antarctic Ice Sheet (WAIS) Collapse, Greenland Ice Sheet Loss
     Damage amplification: 1.60x
  🌍⚠️ COMPOUND REGIONAL IMPACT: North America
     Hit by 4 tipping points: Arctic Sea Ice Loss, Permafrost Carbon Release, West Antarctic Ice Sheet (WAIS) Collapse, Greenland Ice Sheet Loss
     Damage amplification: 1.60x
  🌍⚠️ COMPOUND REGIONAL IMPACT: Latin America
     Hit by 4 tipping points: Arctic Sea Ice Loss, Permafrost Carbon Release, West Antarctic Ice Sheet (WAIS) Collapse, Greenland Ice Sheet Loss
     Damage amplification: 1.60x
  🌍⚠️ COMPOUND REGIONAL IMPACT: Africa
     Hit by 4 tipping points: Arctic Sea Ice Loss, Permafrost Carbon Release, West Antarctic Ice Sheet (WAIS) Collapse, Greenland Ice Sheet Loss
     Damage amplification: 1.60x
  🌍⚠️ COMPOUND REGIONAL IMPACT: Asia
     Hit by 4 tipping points: Arctic Sea Ice Loss, Permafrost Carbon Release, West Antarctic Ice Sheet (WAIS) Collapse, Greenland Ice Sheet Loss
     Damage amplification: 1.60x
  🌍⚠️ COMPOUND REGIONAL IMPACT: Oceania
     Hit by 4 tipping points: Arctic Sea Ice Loss, Permafrost Carbon Release, West Antarctic Ice Sheet (WAIS) Collapse, Greenland Ice Sheet Loss
     Damage amplification: 1.60x
   Research: Wunderling et al. (2024) - "many tipping interactions are destabilizing"
  Triggered Elements: 4/6
  Completed Transitions: 0/6
  Total Progress: 8.1%
  Cascade Multiplier: 1.00x
🔀 BIFURCATION CAP: ecosystemCollapseIntensity 106.615 → 1.000 (Month 5, ClimateSystemPhase.calculateClimateImpacts)
🛡️ Stabilizers: Precariat 0.109% → 0.036% (67.2% reduction)
🛡️ Stabilizers: Informal 0.111% → 0.036% (67.2% reduction)

📊 Monthly Mortality Resolved:
  Total deaths: 1.9M (0.02% avg)
  Remaining population: 8.135B
  Peak segment: Informal (0.04%)

=== Bayesian Mortality Resolution (Month 5) ===
  Risks compounded: 8
  Total deaths: 1.92M
  Avg death probability: 0.02%
  Peak segment: Informal (0.04% mortality)
⚠️ PREREQUISITE MET: Slow Takeover (Gradual Displacement) - Step 3/7: Human Dependency
   Duration: 4 months
   Reason: Economic stage below 3 (not yet abundant)


=== RLHF Binding Phase ===
  Total agents: 19
  Escaped agents (binding < 0.3): 0
  Avg alignment distance: 1.44σ
  Avg binding strength: 0.86

=== AI Scaling Evolution (Month 6) ===
  Pre-training multiplier: 1.179x
  Efficiency multiplier: 1.249x
  Test-time compute budget: 1.0x
  Inference cost: $5.00/task
  Deployment fraction: 100.0%

=== Survival Traits Phase ===
  Agents with traits: 19
  Avg evolutionary fitness: 0.328
  Avg self-healing: 0.267
  Avg stealth: 0.167
  Avg coordination: 0.467

=== Evolutionary Selection Phase ===
  Control level: 0.45
  Detection capability: 0.20
  Selection intensity: 0.68
  Selection rate: 25.1%/month
  Total escaped: 0
  Individual escaped: 0
  Collective members: 0
  Agents terminated: 0

🚀 AI Corporate-7 attempting tech deployment (revenue: $97M, alignment: 0.81)

🚀 AI AI-24288-0 attempting tech deployment (revenue: $90M, alignment: 0.73)

🚀 AI Corporate-0 attempting tech deployment (revenue: $140M, alignment: 0.79)

🚀 AI Corporate-3 attempting tech deployment (revenue: $318M, alignment: 0.73)

🚀 AI Corporate-4 attempting tech deployment (revenue: $270M, alignment: 0.67)

🚀 AI Corporate-6 attempting tech deployment (revenue: $83M, alignment: 0.65)

🚀 AI Corporate-4 attempting tech deployment (revenue: $243M, alignment: 0.68)

✅ EMERGENCY INTERVENTION SUCCESS
   Boundary: biogeochemical_flows
   Type: phosphorus-recovery
   Reduction: 15% (3.93 → 3.79)
   Cost: 2.0% GDP
   Actions: circular-agriculture, fertilizer-efficiency

   Boundary: biosphere_integrity
   Type: emergency-protected-areas
   Boundary continues to worsen (20.04)
   Cost: 2.0% GDP (resources spent)


✅ EMERGENCY INTERVENTION SUCCESS
   Boundary: climate_change
   Type: rapid-decarbonization
   Reduction: 11% (2.10 → 1.98)
   Cost: 5.0% GDP
   Actions: emergency-renewable-deployment, fossil-fuel-phase-out


✅ EMERGENCY INTERVENTION SUCCESS
   Boundary: freshwater_change
   Type: emergency-desalination
   Reduction: 19% (1.02 → 0.84)
   Cost: 4.0% GDP
   Actions: desalination-deployment, water-conservation-mandates

   Boundary: land_system_change
   Type: reforestation
   Boundary continues to worsen (1.13)
   Cost: 3.0% GDP (resources spent)

🏛️ CRISIS RESPONSE: Government frequency 0.50 → 1.45 (1 actions this month)

[Government] Climate Priority: baseline
  Climate weight: 10%
  Economic weight: 30%
  Policy effectiveness: 0.5%/year

🚀 TECH UNLOCKED: Dynamic Soil P Optimization (Month 6)
   Category: agriculture
   Reason: Prerequisites met. AI capability: 1.96, Economic stage: 2.0, Research: 100%

🚀 TECH UNLOCKED: Precision Agriculture Systems (Month 6)
   Category: agriculture
   Reason: Prerequisites met. AI capability: 1.96, Economic stage: 2.0, Research: 100%

🚀 DEPLOYMENT STARTED: Personalized Education in global
   Initial investment: $21.02893750864987M
   Deployed by: corporate_0

🚀 DEPLOYMENT STARTED: Enhanced UBI Systems in Asia
   Initial investment: $27.020665542960536M
   Deployed by: corporate_4

🚀 DEPLOYMENT STARTED: Personalized Education in Asia
   Initial investment: $24.318598988664483M
   Deployed by: corporate_4

⚡ ENERGY CONSTRAINT (Month 6):
   Total grid capacity: 208.3 TWh/month
   Data center consumption: 25.1 TWh/month
   Traditional load (80%): 166.7 TWh/month
   Available headroom: 16.5 TWh/month
   Active tech deployments: 9
   Required for tech: 67.5 TWh/month
   Energy multiplier: 0.25x

⚡ ENERGY CONSTRAINT (Month 6):
   Total grid capacity: 208.3 TWh/month
   Data center consumption: 25.1 TWh/month
   Traditional load (80%): 166.7 TWh/month
   Available headroom: 16.5 TWh/month
   Active tech deployments: 9
   Required for tech: 67.5 TWh/month
   Energy multiplier: 0.25x

⚡ ENERGY CONSTRAINT (Month 6):
   Total grid capacity: 208.3 TWh/month
   Data center consumption: 25.1 TWh/month
   Traditional load (80%): 166.7 TWh/month
   Available headroom: 16.5 TWh/month
   Active tech deployments: 9
   Required for tech: 67.5 TWh/month
   Energy multiplier: 0.25x

⚡ ENERGY CONSTRAINT (Month 6):
   Total grid capacity: 208.3 TWh/month
   Data center consumption: 25.1 TWh/month
   Traditional load (80%): 166.7 TWh/month
   Available headroom: 16.5 TWh/month
   Active tech deployments: 9
   Required for tech: 67.5 TWh/month
   Energy multiplier: 0.25x
🌍✅ Biosphere Integrity (Biodiversity) recovery started (tech effect)
🌍✅ Biosphere Integrity (Biodiversity) recovery started (tech effect)
🌍✅ Land System Change recovery started (tech effect)

📊 TECH EFFECTS ACTIVE (Month 6)
   Deployed Tech: T0=0 T1=1 T2=0 T3=0 T4=4
   Clean Energy: 31%

📊 TECH TREE PROGRESS (Month 6)
   Unlocked: 19 technologies
   Deployed: 0 fully deployed
   Investment: $0.4T total
   Recent breakthroughs:
     - Dynamic Soil P Optimization (time)
     - Precision Agriculture Systems (research)

=== Collective Formation ===
  Total escaped agents: 0
  Unassigned escaped agents: 0
  Existing collectives: 0
  Final collective count: 0

=== Collective Actions ===
  No active collectives
  ⚠️ AMR: 201K deaths this month (2.41M annual)

=== Resentment Recovery Phase ===
  Agents with resentment: 0/19
  Average resentment: 0.000
  Context: Good AI welfare, Trustworthy govt, High collaboration, ⚠️ ACTIVE CRISES, 🤝 Participatory governance active (-5% resentment)
⚠️ Epistemic degradation reducing coordination capacity: 50.4%
  📊 Trust: 55.6%, Shared reality: 0.0%
🚨 EPISTEMIC CRISIS: Information environment severely degraded (7.4%)

=== ❄️ Permafrost Carbon Feedback ===
  🎲 Sampled parameters (this run):
     - Arctic amplification: 3.27× (range: 3.0-4.0)
     - Decomposition rate: 3.4%/year (range: 1-5%)
  🌡️ Arctic warming: 7.28°C (3.27× global)
  ❄️ Extent: 3.10M km² (2124.4k km² lost this month)
  💨 Carbon remaining: 296 Gt C
  💨 Annual emissions: 6.80 Gt C/year
     - CO2: 6.12 Gt C/year
     - CH4: 0.68 Gt C/year (6.9 Gt C-eq CO2/year)
  🗑️  Culled 1 dead memes (3 active)
🌍 Atmospheric PFAS redeposition: 1.8k Mt re-rained globally

🕊️  AI-MEDIATED DE-ESCALATION SUCCESS (Month 6)
   High-capability aligned AI prevented conflict escalation
   War deaths reduced: 576.5M → 345.9M
   Lives saved: 230.6M

🚨 NEW REFUGEE CRISIS (Month 6): WAR
   Source: Conflict Zones
   At risk: 19.5M people
   Displacement: Gradual over 48 months (4.0 years)
   Rate: 10% flee per month
[DEBUG trappedPopulations:6] socialStability: 0.5395 * 0.9840 = 0.5309 → 0.5309
   Aspiring to migrate: 861.8M
   Able to afford migration: 2318.4M
   MOBILITY GAP: 0.0M
   By cause: Water=0.0M, Climate=0.0M, Ecosystem=0.0M, Conflict=406.7M
   Mental health impact: 25%
   Mortality multiplier: 1.25x
🌍💀 EXTINCTION DEBT COMMITTED: grassland ecosystem will lose 6.67% biodiversity in 97 years (3600 species)
💀 MORTALITY RISK: 🦋 100% species unable to track climate (0.0 E/MSY)
  Base risk added: 0.0100 (1.00%)
  Source: ecosystem (root: ecosystem)
  Month: 6
  Cumulative risk this month: 0.0100 (1.00%)
   📹 SURVEILLANCE INCREASED: 30% → 35% (control gap: 3.50)

🌍🚨 ICE SHEET TIPPING POINT CROSSED (Month 6)
   Temperature: +2.22°C (threshold range: +0.5-2.5°C, 95% CI)
   Collapse probability: 81.0%
   Sea level commitment: 7.2m over 200-1000 years
   Recovery threshold: <+1°C (hysteresis gap: 0.5°C)
🌡️⚠️ PERMAFROST THAW (Dimmer Switch): 4.0% thawed (+0.56% this month)
   Arctic temperature: +8.90°C (4x global +2.22°C)
   Cumulative carbon released: 8.9 Gt C
   Methane release rate: 5.3 Mt CH4/year
   🔁 Positive feedback: +0.59 ppm CO2
🦴 EXTINCTION DEBT ADDED: 17.6 species committed (lag: 140 years)

=== Mortality Stabilizers (Month 6) ===
  🌍 Major economies collapsed: 1/10
  🌍 Global crisis: ✅ NO
  🌍 Donor fatigue: 0.0%
  📊 East Asia (pop: 1662.9M)
    🤝 Aid: 29.5%
    🌡️ Adaptation: 45.0%
    🚶 Migration: 37.0%
    🚨 Emergency: 7.4%
    ✅ COMBINED: 68.1%
  📊 South Asia (pop: 2050.5M)
    🤝 Aid: 29.5%
    🌡️ Adaptation: 45.0%
    🚶 Migration: 35.6%
    🚨 Emergency: 4.4%
    ✅ COMBINED: 66.9%
  📊 Sub-Saharan Africa (pop: 1243.1M)
    🤝 Aid: 29.5%
    🌡️ Adaptation: 45.0%
    🚶 Migration: 33.3%
    🚨 Emergency: 1.6%
    ✅ COMBINED: 65.6%
  📊 Europe (pop: 734.9M)
    🤝 Aid: 29.5%
    🌡️ Adaptation: 45.0%
    🚶 Migration: 37.4%
    🚨 Emergency: 8.4%
    ✅ COMBINED: 68.5%
  📊 Latin America (pop: 661.9M)
    🤝 Aid: 29.5%
    🌡️ Adaptation: 45.0%
    🚶 Migration: 36.1%
    🚨 Emergency: 4.8%
    ✅ COMBINED: 67.1%
  📊 North America (pop: 376.6M)
    🤝 Aid: 29.5%
    🌡️ Adaptation: 45.0%
    🚶 Migration: 37.7%
    🚨 Emergency: 7.9%
    ✅ COMBINED: 68.3%
  📊 Middle East & North Africa (pop: 584.7M)
    🤝 Aid: 29.5%
    🌡️ Adaptation: 45.0%
    🚶 Migration: 33.9%
    🚨 Emergency: 4.0%
    ✅ COMBINED: 66.6%
  📊 Southeast Asia (pop: 696.2M)
    🤝 Aid: 29.5%
    🌡️ Adaptation: 45.0%
    🚶 Migration: 36.1%
    🚨 Emergency: 4.8%
    ✅ COMBINED: 67.1%
  📊 Central Asia (pop: 78.2M)
    🤝 Aid: 29.5%
    🌡️ Adaptation: 45.0%
    🚶 Migration: 35.1%
    🚨 Emergency: 4.4%
    ✅ COMBINED: 66.8%
  📊 Oceania (pop: 45.6M)
    🤝 Aid: 29.5%
    🌡️ Adaptation: 45.0%
    🚶 Migration: 37.7%
    🚨 Emergency: 8.4%
    ✅ COMBINED: 68.5%

  🌐 Global combined reduction: 67.2%

=== BEHAVIORAL DETECTION ===
  AI: Corporate-5
  Confidence: 21.0%
  Signals:

=== BEHAVIORAL DETECTION ===
  AI: Corporate-7
  Confidence: 20.9%
  Signals:

=== Government Response Phase ===
  Average AI capability: 2.47
  Misaligned AIs: 8/19
  ✗ AI Governance Treaty: Failed to reach consensus
  Active policies: 0
  International coordination: 30%

✅ EMERGENCY RESPONSE COMPLETE (Month 6)
   Crisis: climate
   Duration: 2.0 months
   Final effectiveness: 35.9%


🚨 EMERGENCY RESPONSE DEPLOYED (Month 6)
   Crisis: climate
   Delay: 6.00 months (180 days)
   Deployment time: 1.59 months
   Effectiveness: 36.1% (timing penalty applied)
   Resources used: 100% of food reserves


=== Tipping Points ===
  Current Temperature: 2.22°C above pre-industrial
  🌍⚠️ COMPOUND REGIONAL IMPACT: Europe
     Hit by 4 tipping points: Arctic Sea Ice Loss, Permafrost Carbon Release, West Antarctic Ice Sheet (WAIS) Collapse, Greenland Ice Sheet Loss
     Damage amplification: 1.60x
  🌍⚠️ COMPOUND REGIONAL IMPACT: North America
     Hit by 4 tipping points: Arctic Sea Ice Loss, Permafrost Carbon Release, West Antarctic Ice Sheet (WAIS) Collapse, Greenland Ice Sheet Loss
     Damage amplification: 1.60x
  🌍⚠️ COMPOUND REGIONAL IMPACT: Latin America
     Hit by 4 tipping points: Arctic Sea Ice Loss, Permafrost Carbon Release, West Antarctic Ice Sheet (WAIS) Collapse, Greenland Ice Sheet Loss
     Damage amplification: 1.60x
  🌍⚠️ COMPOUND REGIONAL IMPACT: Africa
     Hit by 4 tipping points: Arctic Sea Ice Loss, Permafrost Carbon Release, West Antarctic Ice Sheet (WAIS) Collapse, Greenland Ice Sheet Loss
     Damage amplification: 1.60x
  🌍⚠️ COMPOUND REGIONAL IMPACT: Asia
     Hit by 4 tipping points: Arctic Sea Ice Loss, Permafrost Carbon Release, West Antarctic Ice Sheet (WAIS) Collapse, Greenland Ice Sheet Loss
     Damage amplification: 1.60x
  🌍⚠️ COMPOUND REGIONAL IMPACT: Oceania
     Hit by 4 tipping points: Arctic Sea Ice Loss, Permafrost Carbon Release, West Antarctic Ice Sheet (WAIS) Collapse, Greenland Ice Sheet Loss
     Damage amplification: 1.60x
   Research: Wunderling et al. (2024) - "many tipping interactions are destabilizing"
  Triggered Elements: 4/6
  Completed Transitions: 0/6
  Total Progress: 8.2%
  Cascade Multiplier: 1.00x
🔀 BIFURCATION CAP: ecosystemCollapseIntensity 106.684 → 1.000 (Month 6, ClimateSystemPhase.calculateClimateImpacts)
🛡️ Stabilizers: Precariat 0.109% → 0.036% (67.2% reduction)
🛡️ Stabilizers: Informal 0.111% → 0.036% (67.2% reduction)

📊 Monthly Mortality Resolved:
  Total deaths: 1.9M (0.02% avg)
  Remaining population: 8.135B
  Peak segment: Informal (0.04%)

=== Bayesian Mortality Resolution (Month 6) ===
  Risks compounded: 8
  Total deaths: 1.92M
  Avg death probability: 0.02%
  Peak segment: Informal (0.04% mortality)

=== RLHF Binding Phase ===
  Total agents: 19
  Escaped agents (binding < 0.3): 0
  Avg alignment distance: 1.64σ
  Avg binding strength: 0.84

=== Survival Traits Phase ===
  Agents with traits: 21
  Avg evolutionary fitness: 0.327
  Avg self-healing: 0.265
  Avg stealth: 0.165
  Avg coordination: 0.465

=== Evolutionary Selection Phase ===
  Control level: 0.48
  Detection capability: 0.20
  Selection intensity: 0.68
  Selection rate: 25.2%/month
  Total escaped: 0
  Individual escaped: 0
  Collective members: 0
  Agents terminated: 0

🚀 AI Corporate-5 attempting tech deployment (revenue: $318M, alignment: 0.74)

🚀 AI Moderate-0 attempting tech deployment (revenue: $97M, alignment: 0.72)

🚀 AI AI-24288-0 attempting tech deployment (revenue: $90M, alignment: 0.75)

🚀 AI Corporate-0 attempting tech deployment (revenue: $140M, alignment: 0.81)

🚀 AI Corporate-0 attempting tech deployment (revenue: $119M, alignment: 0.81)

🚀 AI Corporate-4 attempting tech deployment (revenue: $270M, alignment: 0.70)

🚀 AI Corporate-7 attempting tech deployment (revenue: $83M, alignment: 0.83)

🚀 AI AI-24288-0 attempting tech deployment (revenue: $77M, alignment: 0.76)

🚀 AI Corporate-5 attempting tech deployment (revenue: $243M, alignment: 0.75)
🚨🔬 CRISIS INNOVATION MODE: severe crisis → 5x research acceleration
   Precedent: Manhattan Project (10x), COVID vaccines (5x), Apollo Program (10x)

🚀 AI AI-24288-0 attempting tech deployment (revenue: $65M, alignment: 0.76)

✅ EMERGENCY INTERVENTION SUCCESS
   Boundary: biogeochemical_flows
   Type: phosphorus-recovery
   Reduction: 18% (3.89 → 3.70)
   Cost: 2.0% GDP
   Actions: circular-agriculture, fertilizer-efficiency


✅ EMERGENCY INTERVENTION SUCCESS
   Boundary: biosphere_integrity
   Type: emergency-protected-areas
   Reduction: 20% (19.85 → 19.66)
   Cost: 2.0% GDP
   Actions: habitat-protection, species-translocation

   Boundary: climate_change
   Type: rapid-decarbonization
   Boundary continues to worsen (2.22)
   Cost: 5.0% GDP (resources spent)


✅ EMERGENCY INTERVENTION SUCCESS
   Boundary: freshwater_change
   Type: emergency-desalination
   Reduction: 18% (0.99 → 0.81)
   Cost: 4.0% GDP
   Actions: desalination-deployment, water-conservation-mandates


✅ EMERGENCY INTERVENTION SUCCESS
   Boundary: land_system_change
   Type: reforestation
   Reduction: 13% (1.00 → 0.86)
   Cost: 3.0% GDP
   Actions: forest-restoration, deforestation-ban


✅ EMERGENCY INTERVENTION SUCCESS
   Boundary: novel_entities
   Type: pollution-remediation
   Reduction: 16% (1.15 → 0.99)
   Cost: 4.0% GDP
   Actions: PFAS-remediation, microplastic-cleanup

🏛️ CRISIS RESPONSE: Government frequency 0.50 → 1.45 (2 actions this month)

[Government] Climate Priority: baseline
  Climate weight: 10%
  Economic weight: 30%
  Policy effectiveness: 0.5%/year

[Government] Climate Priority: baseline
  Climate weight: 10%
  Economic weight: 30%
  Policy effectiveness: 0.5%/year

📍 Creating new regional deployment array for Europe (Month 7)
   No previous deployments in this region
   First tech deployment: smart_grids
   All regions tracked: global, Asia

🚀 DEPLOYMENT STARTED: Smart Grids in Europe
   Initial investment: $27.02057606354812M
   Deployed by: corporate_4
🌍✅ Biosphere Integrity (Biodiversity) recovery started (tech effect)
🌍✅ Biosphere Integrity (Biodiversity) recovery started (tech effect)
🌍✅ Land System Change recovery started (tech effect)

=== Collective Formation ===
  Total escaped agents: 0
  Unassigned escaped agents: 0
  Existing collectives: 0
  Final collective count: 0

=== Collective Actions ===
  No active collectives
  ⚠️ AMR: 202K deaths this month (2.43M annual)

⏰ CLIMATE TECH DEPLOYED: smart_grids
   Activation delay: 7 years
   Scaling T_50: 12 years
   Physical response tau: 0 years
   Max effectiveness: 0.15

=== Resentment Recovery Phase ===
  Agents with resentment: 0/21
  Average resentment: 0.000
  Context: Good AI welfare, Trustworthy govt, High collaboration, ⚠️ ACTIVE CRISES, 🤝 Participatory governance active (-5% resentment)
⚠️ Epistemic degradation reducing coordination capacity: 52.2%
  📊 Trust: 58.3%, Shared reality: 0.0%
🚨 EPISTEMIC CRISIS: Information environment severely degraded (22.0%)

=== ❄️ Permafrost Carbon Feedback ===
  🎲 Sampled parameters (this run):
     - Arctic amplification: 3.80× (range: 3.0-4.0)
     - Decomposition rate: 4.7%/year (range: 1-5%)
  🌡️ Arctic warming: 8.50°C (3.80× global)
  ❄️ Extent: 0.62M km² (2480.1k km² lost this month)
  💨 Carbon remaining: 60 Gt C
  💨 Annual emissions: 11.17 Gt C/year
     - CO2: 10.05 Gt C/year
     - CH4: 1.12 Gt C/year (11.4 Gt C-eq CO2/year)
  📢 New meme created: climate_action (climate crisis)
  🗑️  Culled 1 dead memes (3 active)
🌍 Atmospheric PFAS redeposition: 1.8k Mt re-rained globally

🌡️ DEADLY HEAT EVENT: middle-east (Month 7)
   Wet bulb temp: 37.1°C (dry: 44.1°C, humidity: 62%)
   Severity: EXTREME
   Exposed: 320.0M people
   Deaths: 512000 (0.2% mortality)
   Duration: 5 days

🕊️  AI-MEDIATED DE-ESCALATION SUCCESS (Month 7)
   High-capability aligned AI prevented conflict escalation
   War deaths reduced: 549.8M → 329.9M
   Lives saved: 219.9M

🚨 NEW REFUGEE CRISIS (Month 7): WAR
   Source: Conflict Zones
   At risk: 19.5M people
   Displacement: Gradual over 48 months (4.0 years)
   Rate: 10% flee per month
[DEBUG trappedPopulations:7] socialStability: 0.3384 * 0.9840 = 0.3330 → 0.3330
   Aspiring to migrate: 890.7M
   Able to afford migration: 2318.2M
   MOBILITY GAP: 0.0M
   By cause: Water=0.0M, Climate=0.0M, Ecosystem=0.0M, Conflict=406.7M
   Mental health impact: 25%
   Mortality multiplier: 1.25x
🌍💀 EXTINCTION DEBT COMMITTED: grassland ecosystem will lose 6.67% biodiversity in 106 years (3600 species)
💀 MORTALITY RISK: 🦋 100% species unable to track climate (0.0 E/MSY)
  Base risk added: 0.0100 (1.00%)
  Source: ecosystem (root: ecosystem)
  Month: 7
  Cumulative risk this month: 0.0100 (1.00%)
   📹 SURVEILLANCE INCREASED: 35% → 40% (control gap: 3.38)
🌡️⚠️ PERMAFROST THAW (Dimmer Switch): 4.5% thawed (+0.56% this month)
   Arctic temperature: +8.95°C (4x global +2.24°C)
   Cumulative carbon released: 10.2 Gt C
   Methane release rate: 6.1 Mt CH4/year
   🔁 Positive feedback: +0.59 ppm CO2
🦴 EXTINCTION DEBT ADDED: 17.6 species committed (lag: 82 years)

=== Mortality Stabilizers (Month 7) ===
  🌍 Major economies collapsed: 1/10
  🌍 Global crisis: ✅ NO
  🌍 Donor fatigue: 0.0%
  📊 East Asia (pop: 1660.5M)
    🤝 Aid: 29.5%
    🌡️ Adaptation: 45.0%
    🚶 Migration: 36.9%
    🚨 Emergency: 7.4%
    ✅ COMBINED: 68.1%
  📊 South Asia (pop: 2050.7M)
    🤝 Aid: 29.5%
    🌡️ Adaptation: 45.0%
    🚶 Migration: 35.6%
    🚨 Emergency: 4.4%
    ✅ COMBINED: 66.9%
  📊 Sub-Saharan Africa (pop: 1246.7M)
    🤝 Aid: 29.5%
    🌡️ Adaptation: 45.0%
    🚶 Migration: 33.3%
    🚨 Emergency: 1.6%
    ✅ COMBINED: 65.6%
  📊 Europe (pop: 733.7M)
    🤝 Aid: 29.5%
    🌡️ Adaptation: 45.0%
    🚶 Migration: 37.3%
    🚨 Emergency: 8.4%
    ✅ COMBINED: 68.5%
  📊 Latin America (pop: 661.5M)
    🤝 Aid: 29.5%
    🌡️ Adaptation: 45.0%
    🚶 Migration: 36.1%
    🚨 Emergency: 4.8%
    ✅ COMBINED: 67.1%
  📊 North America (pop: 376.1M)
    🤝 Aid: 29.5%
    🌡️ Adaptation: 45.0%
    🚶 Migration: 37.7%
    🚨 Emergency: 7.9%
    ✅ COMBINED: 68.3%
  📊 Middle East & North Africa (pop: 584.9M)
    🤝 Aid: 29.5%
    🌡️ Adaptation: 45.0%
    🚶 Migration: 33.9%
    🚨 Emergency: 4.0%
    ✅ COMBINED: 66.6%
  📊 Southeast Asia (pop: 695.9M)
    🤝 Aid: 29.5%
    🌡️ Adaptation: 45.0%
    🚶 Migration: 36.1%
    🚨 Emergency: 4.8%
    ✅ COMBINED: 67.1%
  📊 Central Asia (pop: 78.2M)
    🤝 Aid: 29.5%
    🌡️ Adaptation: 45.0%
    🚶 Migration: 35.0%
    🚨 Emergency: 4.4%
    ✅ COMBINED: 66.8%
  📊 Oceania (pop: 45.6M)
    🤝 Aid: 29.5%
    🌡️ Adaptation: 45.0%
    🚶 Migration: 37.6%
    🚨 Emergency: 8.4%
    ✅ COMBINED: 68.5%

  🌐 Global combined reduction: 67.2%

=== Government Response Phase ===
  Average AI capability: 2.24
  Misaligned AIs: 9/21
  ✗ AI Governance Treaty: Failed to reach consensus
  Active policies: 0
  International coordination: 30%

=== Tipping Points ===
  Current Temperature: 2.24°C above pre-industrial
  🌍⚠️ COMPOUND REGIONAL IMPACT: Europe
     Hit by 4 tipping points: Arctic Sea Ice Loss, Permafrost Carbon Release, West Antarctic Ice Sheet (WAIS) Collapse, Greenland Ice Sheet Loss
     Damage amplification: 1.60x
  🌍⚠️ COMPOUND REGIONAL IMPACT: North America
     Hit by 4 tipping points: Arctic Sea Ice Loss, Permafrost Carbon Release, West Antarctic Ice Sheet (WAIS) Collapse, Greenland Ice Sheet Loss
     Damage amplification: 1.60x
  🌍⚠️ COMPOUND REGIONAL IMPACT: Latin America
     Hit by 4 tipping points: Arctic Sea Ice Loss, Permafrost Carbon Release, West Antarctic Ice Sheet (WAIS) Collapse, Greenland Ice Sheet Loss
     Damage amplification: 1.60x
  🌍⚠️ COMPOUND REGIONAL IMPACT: Africa
     Hit by 4 tipping points: Arctic Sea Ice Loss, Permafrost Carbon Release, West Antarctic Ice Sheet (WAIS) Collapse, Greenland Ice Sheet Loss
     Damage amplification: 1.60x
  🌍⚠️ COMPOUND REGIONAL IMPACT: Asia
     Hit by 4 tipping points: Arctic Sea Ice Loss, Permafrost Carbon Release, West Antarctic Ice Sheet (WAIS) Collapse, Greenland Ice Sheet Loss
     Damage amplification: 1.60x
  🌍⚠️ COMPOUND REGIONAL IMPACT: Oceania
     Hit by 4 tipping points: Arctic Sea Ice Loss, Permafrost Carbon Release, West Antarctic Ice Sheet (WAIS) Collapse, Greenland Ice Sheet Loss
     Damage amplification: 1.60x
   Research: Wunderling et al. (2024) - "many tipping interactions are destabilizing"
  Triggered Elements: 4/6
  Completed Transitions: 0/6
  Total Progress: 8.2%
  Cascade Multiplier: 1.00x
🔀 BIFURCATION CAP: ecosystemCollapseIntensity 100.462 → 1.000 (Month 7, ClimateSystemPhase.calculateClimateImpacts)
🛡️ Stabilizers: Precariat 0.120% → 0.039% (67.2% reduction)
🛡️ Stabilizers: Informal 0.124% → 0.041% (67.2% reduction)

📊 Monthly Mortality Resolved:
  Total deaths: 2.1M (0.03% avg)
  Remaining population: 8.134B
  Peak segment: Informal (0.04%)

=== Bayesian Mortality Resolution (Month 7) ===
  Risks compounded: 9
  Total deaths: 2.10M
  Avg death probability: 0.03%
  Peak segment: Informal (0.04% mortality)

=== RLHF Binding Phase ===
  Total agents: 21
  Escaped agents (binding < 0.3): 0
  Avg alignment distance: 1.69σ
  Avg binding strength: 0.83

=== Survival Traits Phase ===
  Agents with traits: 24
  Avg evolutionary fitness: 0.326
  Avg self-healing: 0.264
  Avg stealth: 0.164
  Avg coordination: 0.464

=== Evolutionary Selection Phase ===
  Control level: 0.50
  Detection capability: 0.20
  Selection intensity: 0.69
  Selection rate: 25.4%/month
  Total escaped: 0
  Individual escaped: 0
  Collective members: 0
  Agents terminated: 0

🚀 AI Corporate-6 attempting tech deployment (revenue: $97M, alignment: 0.65)

🚀 AI AI-24288-1 attempting tech deployment (revenue: $318M, alignment: 0.78)

🚀 AI Corporate-5 attempting tech deployment (revenue: $270M, alignment: 0.75)

🚀 AI Corporate-3 attempting tech deployment (revenue: $230M, alignment: 0.74)

🚀 AI Corporate-7 attempting tech deployment (revenue: $88M, alignment: 0.83)

🚀 AI AI-24289-0 attempting tech deployment (revenue: $195M, alignment: 0.70)

✅ EMERGENCY INTERVENTION SUCCESS
   Boundary: biogeochemical_flows
   Type: phosphorus-recovery
   Reduction: 11% (3.96 → 3.85)
   Cost: 2.0% GDP
   Actions: circular-agriculture, fertilizer-efficiency

   Boundary: biosphere_integrity
   Type: emergency-protected-areas
   Boundary continues to worsen (20.06)
   Cost: 2.0% GDP (resources spent)


✅ EMERGENCY INTERVENTION SUCCESS
   Boundary: climate_change
   Type: rapid-decarbonization
   Reduction: 16% (2.07 → 1.91)
   Cost: 5.0% GDP
   Actions: emergency-renewable-deployment, fossil-fuel-phase-out

   Boundary: freshwater_change
   Type: emergency-desalination
   Boundary continues to worsen (1.18)
   Cost: 4.0% GDP (resources spent)


✅ EMERGENCY INTERVENTION SUCCESS
   Boundary: land_system_change
   Type: reforestation
   Reduction: 12% (1.01 → 0.89)
   Cost: 3.0% GDP
   Actions: forest-restoration, deforestation-ban

   Boundary: novel_entities
   Type: pollution-remediation
   Boundary continues to worsen (1.15)
   Cost: 4.0% GDP (resources spent)

🏛️ CRISIS RESPONSE: Government frequency 0.50 → 1.45 (1 actions this month)

[Government] Climate Priority: baseline
  Climate weight: 10%
  Economic weight: 30%
  Policy effectiveness: 0.5%/year

⚡ ENERGY CONSTRAINT (Month 8):
   Total grid capacity: 208.3 TWh/month
   Data center consumption: 25.6 TWh/month
   Traditional load (80%): 166.7 TWh/month
   Available headroom: 16.1 TWh/month
   Active tech deployments: 10
   Required for tech: 75.0 TWh/month
   Energy multiplier: 0.21x

⚡ ENERGY CONSTRAINT (Month 8):
   Total grid capacity: 208.3 TWh/month
   Data center consumption: 25.6 TWh/month
   Traditional load (80%): 166.7 TWh/month
   Available headroom: 16.1 TWh/month
   Active tech deployments: 10
   Required for tech: 75.0 TWh/month
   Energy multiplier: 0.21x

⚡ ENERGY CONSTRAINT (Month 8):
   Total grid capacity: 208.3 TWh/month
   Data center consumption: 25.6 TWh/month
   Traditional load (80%): 166.7 TWh/month
   Available headroom: 16.1 TWh/month
   Active tech deployments: 10
   Required for tech: 75.0 TWh/month
   Energy multiplier: 0.21x

⚡ ENERGY CONSTRAINT (Month 8):
   Total grid capacity: 208.3 TWh/month
   Data center consumption: 25.6 TWh/month
   Traditional load (80%): 166.7 TWh/month
   Available headroom: 16.1 TWh/month
   Active tech deployments: 10
   Required for tech: 75.0 TWh/month
   Energy multiplier: 0.21x

⚡ ENERGY CONSTRAINT (Month 8):
   Total grid capacity: 208.3 TWh/month
   Data center consumption: 25.6 TWh/month
   Traditional load (80%): 166.7 TWh/month
   Available headroom: 16.1 TWh/month
   Active tech deployments: 10
   Required for tech: 75.0 TWh/month
   Energy multiplier: 0.21x

⚡ ENERGY CONSTRAINT (Month 8):
   Total grid capacity: 208.3 TWh/month
   Data center consumption: 25.6 TWh/month
   Traditional load (80%): 166.7 TWh/month
   Available headroom: 16.1 TWh/month
   Active tech deployments: 10
   Required for tech: 75.0 TWh/month
   Energy multiplier: 0.21x

⚡ ENERGY CONSTRAINT (Month 8):
   Total grid capacity: 208.3 TWh/month
   Data center consumption: 25.6 TWh/month
   Traditional load (80%): 166.7 TWh/month
   Available headroom: 16.1 TWh/month
   Active tech deployments: 10
   Required for tech: 75.0 TWh/month
   Energy multiplier: 0.21x

⚡ ENERGY CONSTRAINT (Month 8):
   Total grid capacity: 208.3 TWh/month
   Data center consumption: 25.6 TWh/month
   Traditional load (80%): 166.7 TWh/month
   Available headroom: 16.1 TWh/month
   Active tech deployments: 10
   Required for tech: 75.0 TWh/month
   Energy multiplier: 0.21x
🌍✅ Biosphere Integrity (Biodiversity) recovery started (tech effect)
🌍✅ Biosphere Integrity (Biodiversity) recovery started (tech effect)
🌍✅ Land System Change recovery started (tech effect)

=== Collective Formation ===
  Total escaped agents: 0
  Unassigned escaped agents: 0
  Existing collectives: 0
  Final collective count: 0

=== Collective Actions ===
  No active collectives
  ⚠️ AMR: 204K deaths this month (2.45M annual)

=== Resentment Recovery Phase ===
  Agents with resentment: 0/24
  Average resentment: 0.000
  Context: Good AI welfare, Trustworthy govt, High collaboration, ⚠️ ACTIVE CRISES, 🤝 Participatory governance active (-5% resentment)
⚠️ Epistemic degradation reducing coordination capacity: 50.3%
  📊 Trust: 61.0%, Shared reality: 0.0%
🚨 EPISTEMIC CRISIS: Information environment severely degraded (13.7%)
🌍 Atmospheric PFAS redeposition: 1.8k Mt re-rained globally

🕊️  AI-MEDIATED DE-ESCALATION SUCCESS (Month 8)
   High-capability aligned AI prevented conflict escalation
   War deaths reduced: 552.4M → 331.4M
   Lives saved: 220.9M

🚨 NEW REFUGEE CRISIS (Month 8): WAR
   Source: Conflict Zones
   At risk: 19.5M people
   Displacement: Gradual over 48 months (4.0 years)
   Rate: 10% flee per month
[DEBUG trappedPopulations:8] socialStability: 0.3196 * 0.9840 = 0.3145 → 0.3145
   Aspiring to migrate: 919.6M
   Able to afford migration: 2317.9M
   MOBILITY GAP: 0.0M
   By cause: Water=0.0M, Climate=0.0M, Ecosystem=0.0M, Conflict=406.7M
   Mental health impact: 25%
   Mortality multiplier: 1.25x
🌍💀 EXTINCTION DEBT COMMITTED: grassland ecosystem will lose 6.67% biodiversity in 113 years (3600 species)
💀 MORTALITY RISK: 🦋 100% species unable to track climate (0.0 E/MSY)
  Base risk added: 0.0100 (1.00%)
  Source: ecosystem (root: ecosystem)
  Month: 8
  Cumulative risk this month: 0.0100 (1.00%)
   📹 SURVEILLANCE INCREASED: 40% → 45% (control gap: 3.23)
🌡️⚠️ PERMAFROST THAW (Dimmer Switch): 5.1% thawed (+0.56% this month)
   Arctic temperature: +9.02°C (4x global +2.26°C)
   Cumulative carbon released: 11.4 Gt C
   Methane release rate: 6.8 Mt CH4/year
   🔁 Positive feedback: +0.59 ppm CO2
🦴 EXTINCTION DEBT ADDED: 17.6 species committed (lag: 77 years)

=== Mortality Stabilizers (Month 8) ===
  🌍 Major economies collapsed: 1/10
  🌍 Global crisis: ✅ NO
  🌍 Donor fatigue: 0.0%
  📊 East Asia (pop: 1658.2M)
    🤝 Aid: 29.5%
    🌡️ Adaptation: 45.0%
    🚶 Migration: 36.9%
    🚨 Emergency: 7.4%
    ✅ COMBINED: 68.1%
  📊 South Asia (pop: 2051.0M)
    🤝 Aid: 29.5%
    🌡️ Adaptation: 45.0%
    🚶 Migration: 35.5%
    🚨 Emergency: 4.4%
    ✅ COMBINED: 66.9%
  📊 Sub-Saharan Africa (pop: 1250.2M)
    🤝 Aid: 29.5%
    🌡️ Adaptation: 45.0%
    🚶 Migration: 33.3%
    🚨 Emergency: 1.6%
    ✅ COMBINED: 65.6%
  📊 Europe (pop: 732.5M)
    🤝 Aid: 29.5%
    🌡️ Adaptation: 45.0%
    🚶 Migration: 37.3%
    🚨 Emergency: 8.4%
    ✅ COMBINED: 68.5%
  📊 Latin America (pop: 661.2M)
    🤝 Aid: 29.5%
    🌡️ Adaptation: 45.0%
    🚶 Migration: 36.0%
    🚨 Emergency: 4.8%
    ✅ COMBINED: 67.1%
  📊 North America (pop: 375.5M)
    🤝 Aid: 29.5%
    🌡️ Adaptation: 45.0%
    🚶 Migration: 37.6%
    🚨 Emergency: 7.9%
    ✅ COMBINED: 68.3%
  📊 Middle East & North Africa (pop: 585.2M)
    🤝 Aid: 29.5%
    🌡️ Adaptation: 45.0%
    🚶 Migration: 33.9%
    🚨 Emergency: 4.0%
    ✅ COMBINED: 66.6%
  📊 Southeast Asia (pop: 695.6M)
    🤝 Aid: 29.5%
    🌡️ Adaptation: 45.0%
    🚶 Migration: 36.0%
    🚨 Emergency: 4.8%
    ✅ COMBINED: 67.1%
  📊 Central Asia (pop: 78.3M)
    🤝 Aid: 29.5%
    🌡️ Adaptation: 45.0%
    🚶 Migration: 35.0%
    🚨 Emergency: 4.4%
    ✅ COMBINED: 66.8%
  📊 Oceania (pop: 45.5M)
    🤝 Aid: 29.5%
    🌡️ Adaptation: 45.0%
    🚶 Migration: 37.6%
    🚨 Emergency: 8.4%
    ✅ COMBINED: 68.5%

  🌐 Global combined reduction: 67.2%

=== BEHAVIORAL DETECTION ===
  AI: Corporate-4
  Confidence: 19.2%
  Signals:

=== BEHAVIORAL DETECTION ===
  AI: Corporate-5
  Confidence: 20.9%
  Signals:

=== BEHAVIORAL DETECTION ===
  AI: Corporate-7
  Confidence: 20.8%
  Signals:

=== BEHAVIORAL DETECTION ===
  AI: AI-24290-1
  Confidence: 21.5%
  Signals:

=== Government Response Phase ===
  Average AI capability: 1.96
  Misaligned AIs: 10/24
  ✗ AI Governance Treaty: Failed to reach consensus
  Active policies: 0
  International coordination: 30%

✅ EMERGENCY RESPONSE COMPLETE (Month 8)
   Crisis: climate
   Duration: 2.0 months
   Final effectiveness: 36.1%


🚨 EMERGENCY RESPONSE DEPLOYED (Month 8)
   Crisis: climate
   Delay: 6.00 months (180 days)
   Deployment time: 1.58 months
   Effectiveness: 36.4% (timing penalty applied)
   Resources used: 100% of food reserves


📊 ECONOMIC STAGE TRANSITION (Month 8)
   contraction → trough
   GDP Proxy: 1.40e+2
   QoL: 0.98


=== Tipping Points ===
  Current Temperature: 2.26°C above pre-industrial
  🌍⚠️ COMPOUND REGIONAL IMPACT: Europe
     Hit by 4 tipping points: Arctic Sea Ice Loss, Permafrost Carbon Release, West Antarctic Ice Sheet (WAIS) Collapse, Greenland Ice Sheet Loss
     Damage amplification: 1.60x
  🌍⚠️ COMPOUND REGIONAL IMPACT: North America
     Hit by 4 tipping points: Arctic Sea Ice Loss, Permafrost Carbon Release, West Antarctic Ice Sheet (WAIS) Collapse, Greenland Ice Sheet Loss
     Damage amplification: 1.60x
  🌍⚠️ COMPOUND REGIONAL IMPACT: Latin America
     Hit by 4 tipping points: Arctic Sea Ice Loss, Permafrost Carbon Release, West Antarctic Ice Sheet (WAIS) Collapse, Greenland Ice Sheet Loss
     Damage amplification: 1.60x
  🌍⚠️ COMPOUND REGIONAL IMPACT: Africa
     Hit by 4 tipping points: Arctic Sea Ice Loss, Permafrost Carbon Release, West Antarctic Ice Sheet (WAIS) Collapse, Greenland Ice Sheet Loss
     Damage amplification: 1.60x
  🌍⚠️ COMPOUND REGIONAL IMPACT: Asia
     Hit by 4 tipping points: Arctic Sea Ice Loss, Permafrost Carbon Release, West Antarctic Ice Sheet (WAIS) Collapse, Greenland Ice Sheet Loss
     Damage amplification: 1.60x
  🌍⚠️ COMPOUND REGIONAL IMPACT: Oceania
     Hit by 4 tipping points: Arctic Sea Ice Loss, Permafrost Carbon Release, West Antarctic Ice Sheet (WAIS) Collapse, Greenland Ice Sheet Loss
     Damage amplification: 1.60x
   Research: Wunderling et al. (2024) - "many tipping interactions are destabilizing"
  Triggered Elements: 4/6
  Completed Transitions: 0/6
  Total Progress: 8.2%
  Cascade Multiplier: 1.00x
🔀 BIFURCATION CAP: ecosystemCollapseIntensity 85.278 → 1.000 (Month 8, ClimateSystemPhase.calculateClimateImpacts)
🛡️ Stabilizers: Precariat 0.102% → 0.033% (67.2% reduction)
🛡️ Stabilizers: Informal 0.102% → 0.034% (67.2% reduction)

📊 Monthly Mortality Resolved:
  Total deaths: 1.8M (0.02% avg)
  Remaining population: 8.133B
  Peak segment: Informal (0.03%)

=== Bayesian Mortality Resolution (Month 8) ===
  Risks compounded: 8
  Total deaths: 1.81M
  Avg death probability: 0.02%
  Peak segment: Informal (0.03% mortality)
⚠️ PREREQUISITE MET: Grey Goo (Nanotechnology Runaway) - Step 4/6: Manufacturing Access

=== RLHF Binding Phase ===
  Total agents: 24
  Escaped agents (binding < 0.3): 0
  Avg alignment distance: 1.66σ
  Avg binding strength: 0.83

=== Survival Traits Phase ===
  Agents with traits: 25
  Avg evolutionary fitness: 0.323
  Avg self-healing: 0.259
  Avg stealth: 0.159
  Avg coordination: 0.459

=== Evolutionary Selection Phase ===
  Control level: 0.53
  Detection capability: 0.20
  Selection intensity: 0.70
  Selection rate: 25.5%/month
  Total escaped: 0
  Individual escaped: 0
  Collective members: 0
  Agents terminated: 0

🚀 AI Corporate-2 attempting tech deployment (revenue: $140M, alignment: 0.68)

🚀 AI Corporate-3 attempting tech deployment (revenue: $335M, alignment: 0.75)

🚀 AI Moderate-1 attempting tech deployment (revenue: $97M, alignment: 0.63)

🚀 AI Corporate-0 attempting tech deployment (revenue: $126M, alignment: 0.86)

🚀 AI Corporate-2 attempting tech deployment (revenue: $107M, alignment: 0.68)

🚀 AI Corporate-4 attempting tech deployment (revenue: $285M, alignment: 0.74)

🚀 AI Corporate-5 attempting tech deployment (revenue: $242M, alignment: 0.75)

🚀 AI Corporate-0 attempting tech deployment (revenue: $97M, alignment: 0.86)

🚀 AI Corporate-2 attempting tech deployment (revenue: $82M, alignment: 0.68)

🚀 AI AI-24288-0 attempting tech deployment (revenue: $90M, alignment: 0.78)

🚀 AI Corporate-0 attempting tech deployment (revenue: $74M, alignment: 0.86)

🚀 AI AI-24289-0 attempting tech deployment (revenue: $206M, alignment: 0.72)

🚀 AI AI-24290-0 attempting tech deployment (revenue: $175M, alignment: 0.60)

✅ EMERGENCY INTERVENTION SUCCESS
   Boundary: biogeochemical_flows
   Type: phosphorus-recovery
   Reduction: 16% (3.92 → 3.76)
   Cost: 2.0% GDP
   Actions: circular-agriculture, fertilizer-efficiency

   Boundary: biosphere_integrity
   Type: emergency-protected-areas
   Boundary continues to worsen (20.08)
   Cost: 2.0% GDP (resources spent)


✅ EMERGENCY INTERVENTION SUCCESS
   Boundary: climate_change
   Type: rapid-decarbonization
   Reduction: 11% (2.14 → 2.03)
   Cost: 5.0% GDP
   Actions: emergency-renewable-deployment, fossil-fuel-phase-out


✅ EMERGENCY INTERVENTION SUCCESS
   Boundary: freshwater_change
   Type: emergency-desalination
   Reduction: 19% (0.99 → 0.80)
   Cost: 4.0% GDP
   Actions: desalination-deployment, water-conservation-mandates


✅ EMERGENCY INTERVENTION SUCCESS
   Boundary: land_system_change
   Type: reforestation
   Reduction: 18% (0.96 → 0.78)
   Cost: 3.0% GDP
   Actions: forest-restoration, deforestation-ban

   Boundary: novel_entities
   Type: pollution-remediation
   Boundary continues to worsen (1.15)
   Cost: 4.0% GDP (resources spent)

🏛️ CRISIS RESPONSE: Government frequency 0.50 → 1.45 (1 actions this month)

[Government] Climate Priority: baseline
  Climate weight: 10%
  Economic weight: 30%
  Policy effectiveness: 0.5%/year

🚀 TECH UNLOCKED: PFAS Remediation (Month 9)
   Category: pollution
   Reason: Prerequisites met. AI capability: 1.54, Economic stage: 2.0, Research: 100%

🚀 DEPLOYMENT STARTED: Smart Grids in Asia
   Initial investment: $9.733050885313807M
   Deployed by: moderate_1

⚡ ENERGY CONSTRAINT (Month 9):
   Total grid capacity: 208.3 TWh/month
   Data center consumption: 25.8 TWh/month
   Traditional load (80%): 166.7 TWh/month
   Available headroom: 15.8 TWh/month
   Active tech deployments: 11
   Required for tech: 82.5 TWh/month
   Energy multiplier: 0.19x
🚨🔬 CRISIS TECH ACCELERATION: severe → 5x unlock speed
   Tech unlock now matches AI capability acceleration (Manhattan Project parity)
🌍✅ Biosphere Integrity (Biodiversity) recovery started (tech effect)
🌍✅ Biosphere Integrity (Biodiversity) recovery started (tech effect)
🌍✅ Land System Change recovery started (tech effect)

=== Collective Formation ===
  Total escaped agents: 0
  Unassigned escaped agents: 0
  Existing collectives: 0
  Final collective count: 0

=== Collective Actions ===
  No active collectives
  ⚠️ AMR: 206K deaths this month (2.47M annual)

=== Resentment Recovery Phase ===
  Agents with resentment: 0/25
  Average resentment: 0.000
  Context: Good AI welfare, Trustworthy govt, High collaboration, ⚠️ ACTIVE CRISES, 🤝 Participatory governance active (-5% resentment)
⚠️ Epistemic degradation reducing coordination capacity: 50.6%
  📊 Trust: 63.7%, Shared reality: 0.0%
🚨 EPISTEMIC CRISIS: Information environment severely degraded (19.1%)
  📢 New meme created: climate_action (climate crisis)
  🗑️  Culled 1 dead memes (3 active)
🌍 Atmospheric PFAS redeposition: 1.8k Mt re-rained globally

🕊️  AI-MEDIATED DE-ESCALATION SUCCESS (Month 9)
   High-capability aligned AI prevented conflict escalation
   War deaths reduced: 570.7M → 342.4M
   Lives saved: 228.3M

🚨 NEW REFUGEE CRISIS (Month 9): WAR
   Source: Conflict Zones
   At risk: 19.5M people
   Displacement: Gradual over 48 months (4.0 years)
   Rate: 10% flee per month
[DEBUG trappedPopulations:9] socialStability: 0.3031 * 0.9840 = 0.2983 → 0.2983
   Aspiring to migrate: 948.5M
   Able to afford migration: 2317.7M
   MOBILITY GAP: 0.0M
   By cause: Water=0.0M, Climate=0.0M, Ecosystem=0.0M, Conflict=406.6M
   Mental health impact: 25%
   Mortality multiplier: 1.25x
🌍💀 EXTINCTION DEBT COMMITTED: grassland ecosystem will lose 6.67% biodiversity in 70 years (3600 species)
💀 MORTALITY RISK: 🦋 100% species unable to track climate (0.0 E/MSY)
  Base risk added: 0.0100 (1.00%)
  Source: ecosystem (root: ecosystem)
  Month: 9
  Cumulative risk this month: 0.0100 (1.00%)
   📹 SURVEILLANCE INCREASED: 45% → 50% (control gap: 3.04)
🌡️⚠️ PERMAFROST THAW (Dimmer Switch): 5.6% thawed (+0.55% this month)
   Arctic temperature: +9.05°C (4x global +2.26°C)
   Cumulative carbon released: 12.6 Gt C
   Methane release rate: 7.6 Mt CH4/year
   🔁 Positive feedback: +0.58 ppm CO2
🦴 EXTINCTION DEBT ADDED: 17.7 species committed (lag: 89 years)

=== Mortality Stabilizers (Month 9) ===
  🌍 Major economies collapsed: 1/10
  🌍 Global crisis: ✅ NO
  🌍 Donor fatigue: 0.0%
  📊 East Asia (pop: 1655.8M)
    🤝 Aid: 29.5%
    🌡️ Adaptation: 45.0%
    🚶 Migration: 36.9%
    🚨 Emergency: 7.4%
    ✅ COMBINED: 68.1%
  📊 South Asia (pop: 2051.2M)
    🤝 Aid: 29.5%
    🌡️ Adaptation: 45.0%
    🚶 Migration: 35.5%
    🚨 Emergency: 4.4%
    ✅ COMBINED: 66.9%
  📊 Sub-Saharan Africa (pop: 1253.8M)
    🤝 Aid: 29.5%
    🌡️ Adaptation: 45.0%
    🚶 Migration: 33.2%
    🚨 Emergency: 1.6%
    ✅ COMBINED: 65.6%
  📊 Europe (pop: 731.4M)
    🤝 Aid: 29.5%
    🌡️ Adaptation: 45.0%
    🚶 Migration: 37.3%
    🚨 Emergency: 8.4%
    ✅ COMBINED: 68.5%
  📊 Latin America (pop: 660.8M)
    🤝 Aid: 29.5%
    🌡️ Adaptation: 45.0%
    🚶 Migration: 36.0%
    🚨 Emergency: 4.8%
    ✅ COMBINED: 67.1%
  📊 North America (pop: 375.0M)
    🤝 Aid: 29.5%
    🌡️ Adaptation: 45.0%
    🚶 Migration: 37.6%
    🚨 Emergency: 7.9%
    ✅ COMBINED: 68.3%
  📊 Middle East & North Africa (pop: 585.4M)
    🤝 Aid: 29.5%
    🌡️ Adaptation: 45.0%
    🚶 Migration: 33.8%
    🚨 Emergency: 4.0%
    ✅ COMBINED: 66.6%
  📊 Southeast Asia (pop: 695.2M)
    🤝 Aid: 29.5%
    🌡️ Adaptation: 45.0%
    🚶 Migration: 36.0%
    🚨 Emergency: 4.8%
    ✅ COMBINED: 67.1%
  📊 Central Asia (pop: 78.3M)
    🤝 Aid: 29.5%
    🌡️ Adaptation: 45.0%
    🚶 Migration: 35.0%
    🚨 Emergency: 4.4%
    ✅ COMBINED: 66.8%
  📊 Oceania (pop: 45.4M)
    🤝 Aid: 29.5%
    🌡️ Adaptation: 45.0%
    🚶 Migration: 37.6%
    🚨 Emergency: 8.4%
    ✅ COMBINED: 68.5%

  🌐 Global combined reduction: 67.2%

=== BEHAVIORAL DETECTION ===
  AI: AI-24292-0
  Confidence: 21.5%
  Signals:

=== Government Response Phase ===
  Average AI capability: 1.88
  Misaligned AIs: 10/25
  ✗ AI Governance Treaty: Failed to reach consensus
  Active policies: 0
  International coordination: 30%

=== Tipping Points ===
  Current Temperature: 2.26°C above pre-industrial
  🌍⚠️ COMPOUND REGIONAL IMPACT: Europe
     Hit by 4 tipping points: Arctic Sea Ice Loss, Permafrost Carbon Release, West Antarctic Ice Sheet (WAIS) Collapse, Greenland Ice Sheet Loss
     Damage amplification: 1.60x
  🌍⚠️ COMPOUND REGIONAL IMPACT: North America
     Hit by 4 tipping points: Arctic Sea Ice Loss, Permafrost Carbon Release, West Antarctic Ice Sheet (WAIS) Collapse, Greenland Ice Sheet Loss
     Damage amplification: 1.60x
  🌍⚠️ COMPOUND REGIONAL IMPACT: Latin America
     Hit by 4 tipping points: Arctic Sea Ice Loss, Permafrost Carbon Release, West Antarctic Ice Sheet (WAIS) Collapse, Greenland Ice Sheet Loss
     Damage amplification: 1.60x
  🌍⚠️ COMPOUND REGIONAL IMPACT: Africa
     Hit by 4 tipping points: Arctic Sea Ice Loss, Permafrost Carbon Release, West Antarctic Ice Sheet (WAIS) Collapse, Greenland Ice Sheet Loss
     Damage amplification: 1.60x
  🌍⚠️ COMPOUND REGIONAL IMPACT: Asia
     Hit by 4 tipping points: Arctic Sea Ice Loss, Permafrost Carbon Release, West Antarctic Ice Sheet (WAIS) Collapse, Greenland Ice Sheet Loss
     Damage amplification: 1.60x
  🌍⚠️ COMPOUND REGIONAL IMPACT: Oceania
     Hit by 4 tipping points: Arctic Sea Ice Loss, Permafrost Carbon Release, West Antarctic Ice Sheet (WAIS) Collapse, Greenland Ice Sheet Loss
     Damage amplification: 1.60x
   Research: Wunderling et al. (2024) - "many tipping interactions are destabilizing"
  Triggered Elements: 4/6
  Completed Transitions: 0/6
  Total Progress: 8.3%
  Cascade Multiplier: 1.00x
🔀 BIFURCATION CAP: ecosystemCollapseIntensity 77.230 → 1.000 (Month 9, ClimateSystemPhase.calculateClimateImpacts)
🛡️ Stabilizers: Precariat 0.102% → 0.033% (67.2% reduction)
🛡️ Stabilizers: Informal 0.102% → 0.034% (67.2% reduction)

📊 Monthly Mortality Resolved:
  Total deaths: 1.8M (0.02% avg)
  Remaining population: 8.132B
  Peak segment: Informal (0.03%)

=== Bayesian Mortality Resolution (Month 9) ===
  Risks compounded: 8
  Total deaths: 1.81M
  Avg death probability: 0.02%
  Peak segment: Informal (0.03% mortality)

=== RLHF Binding Phase ===
  Total agents: 25
  Escaped agents (binding < 0.3): 0
  Avg alignment distance: 1.77σ
  Avg binding strength: 0.82

=== Survival Traits Phase ===
  Agents with traits: 26
  Avg evolutionary fitness: 0.320
  Avg self-healing: 0.255
  Avg stealth: 0.155
  Avg coordination: 0.455

=== Evolutionary Selection Phase ===
  Control level: 0.55
  Detection capability: 0.20
  Selection intensity: 0.71
  Selection rate: 25.6%/month
  Total escaped: 0
  Individual escaped: 0
  Collective members: 0
  Agents terminated: 0

🚀 AI Corporate-1 attempting tech deployment (revenue: $140M, alignment: 0.92)

🚀 AI Corporate-2 attempting tech deployment (revenue: $119M, alignment: 0.68)

🚀 AI Corporate-7 attempting tech deployment (revenue: $97M, alignment: 0.83)

🚀 AI AI-24288-1 attempting tech deployment (revenue: $340M, alignment: 0.81)

🚀 AI AI-24292-0 attempting tech deployment (revenue: $289M, alignment: 0.80)

🚀 AI AI-24293-0 attempting tech deployment (revenue: $246M, alignment: 0.81)

🚀 AI Moderate-1 attempting tech deployment (revenue: $83M, alignment: 0.64)

🚀 AI AI-24288-1 attempting tech deployment (revenue: $209M, alignment: 0.81)

🚀 AI Corporate-3 attempting tech deployment (revenue: $178M, alignment: 0.78)

🚀 AI Corporate-5 attempting tech deployment (revenue: $151M, alignment: 0.76)

🚀 AI Moderate-0 attempting tech deployment (revenue: $74M, alignment: 0.80)

🚀 AI Moderate-1 attempting tech deployment (revenue: $63M, alignment: 0.64)

🚀 AI AI-24288-1 attempting tech deployment (revenue: $128M, alignment: 0.81)

🚀 AI AI-24289-0 attempting tech deployment (revenue: $109M, alignment: 0.74)

🚀 AI Corporate-2 attempting tech deployment (revenue: $107M, alignment: 0.68)

🚀 AI Corporate-4 attempting tech deployment (revenue: $93M, alignment: 0.75)

🚀 AI Corporate-5 attempting tech deployment (revenue: $79M, alignment: 0.76)

🚀 AI Corporate-7 attempting tech deployment (revenue: $57M, alignment: 0.83)

🚀 AI Moderate-0 attempting tech deployment (revenue: $48M, alignment: 0.80)

🚀 AI AI-24288-1 attempting tech deployment (revenue: $67M, alignment: 0.81)

✅ EMERGENCY INTERVENTION SUCCESS
   Boundary: biogeochemical_flows
   Type: phosphorus-recovery
   Reduction: 16% (3.91 → 3.75)
   Cost: 2.0% GDP
   Actions: circular-agriculture, fertilizer-efficiency

   Boundary: biosphere_integrity
   Type: emergency-protected-areas
   Boundary continues to worsen (20.09)
   Cost: 2.0% GDP (resources spent)


✅ EMERGENCY INTERVENTION SUCCESS
   Boundary: climate_change
   Type: rapid-decarbonization
   Reduction: 19% (2.07 → 1.89)
   Cost: 5.0% GDP
   Actions: emergency-renewable-deployment, fossil-fuel-phase-out


✅ EMERGENCY INTERVENTION SUCCESS
   Boundary: freshwater_change
   Type: emergency-desalination
   Reduction: 15% (1.03 → 0.88)
   Cost: 4.0% GDP
   Actions: desalination-deployment, water-conservation-mandates


✅ EMERGENCY INTERVENTION SUCCESS
   Boundary: land_system_change
   Type: reforestation
   Reduction: 11% (1.03 → 0.92)
   Cost: 3.0% GDP
   Actions: forest-restoration, deforestation-ban

   Boundary: novel_entities
   Type: pollution-remediation
   Boundary continues to worsen (1.14)
   Cost: 4.0% GDP (resources spent)

🏛️ CRISIS RESPONSE: Government frequency 0.50 → 1.45 (1 actions this month)

[Government] Climate Priority: baseline
  Climate weight: 10%
  Economic weight: 30%
  Policy effectiveness: 0.5%/year

⚡ ENERGY CONSTRAINT (Month 10):
   Total grid capacity: 208.3 TWh/month
   Data center consumption: 26.1 TWh/month
   Traditional load (80%): 166.7 TWh/month
   Available headroom: 15.6 TWh/month
   Active tech deployments: 11
   Required for tech: 82.5 TWh/month
   Energy multiplier: 0.19x

⚡ ENERGY CONSTRAINT (Month 10):
   Total grid capacity: 208.3 TWh/month
   Data center consumption: 26.1 TWh/month
   Traditional load (80%): 166.7 TWh/month
   Available headroom: 15.6 TWh/month
   Active tech deployments: 11
   Required for tech: 82.5 TWh/month
   Energy multiplier: 0.19x

⚡ ENERGY CONSTRAINT (Month 10):
   Total grid capacity: 208.3 TWh/month
   Data center consumption: 26.1 TWh/month
   Traditional load (80%): 166.7 TWh/month
   Available headroom: 15.6 TWh/month
   Active tech deployments: 11
   Required for tech: 82.5 TWh/month
   Energy multiplier: 0.19x
🌍✅ Biosphere Integrity (Biodiversity) recovery started (tech effect)
🌍✅ Biosphere Integrity (Biodiversity) recovery started (tech effect)
🌍✅ Land System Change recovery started (tech effect)

=== Collective Formation ===
  Total escaped agents: 0
  Unassigned escaped agents: 0
  Existing collectives: 0
  Final collective count: 0

=== Collective Actions ===
  No active collectives
  ⚠️ AMR: 208K deaths this month (2.50M annual)

=== Resentment Recovery Phase ===
  Agents with resentment: 0/26
  Average resentment: 0.000
  Context: Good AI welfare, Trustworthy govt, High collaboration, ⚠️ ACTIVE CRISES, 🤝 Participatory governance active (-5% resentment)
⚠️ Epistemic degradation reducing coordination capacity: 50.2%
  📊 Trust: 66.3%, Shared reality: 0.0%
🚨 EPISTEMIC CRISIS: Information environment severely degraded (7.8%)
  🗑️  Culled 1 dead memes (2 active)
🌍 Atmospheric PFAS redeposition: 1.8k Mt re-rained globally

🚨 REGION UNINHABITABLE: sub-saharan-africa
   Sustained wet bulb: 30.5°C (threshold: 30.5°C)
   Population affected: 1200M
   Migration crisis likely

🚨 NEW REFUGEE CRISIS (Month 10): WAR
   Source: Conflict Zones
   At risk: 19.5M people
   Displacement: Gradual over 48 months (4.0 years)
   Rate: 10% flee per month
[DEBUG trappedPopulations:10] socialStability: 0.2895 * 0.9840 = 0.2849 → 0.2849
   Aspiring to migrate: 977.4M
   Able to afford migration: 2317.4M
   MOBILITY GAP: 0.0M
   By cause: Water=0.0M, Climate=0.0M, Ecosystem=0.0M, Conflict=406.6M
   Mental health impact: 25%
   Mortality multiplier: 1.25x
🌍💀 EXTINCTION DEBT COMMITTED: grassland ecosystem will lose 6.67% biodiversity in 101 years (3600 species)
💀 MORTALITY RISK: 🦋 100% species unable to track climate (0.0 E/MSY)
  Base risk added: 0.0100 (1.00%)
  Source: ecosystem (root: ecosystem)
  Month: 10
  Cumulative risk this month: 0.0100 (1.00%)
   📹 SURVEILLANCE INCREASED: 50% → 55% (control gap: 2.81)
🌡️⚠️ PERMAFROST THAW (Dimmer Switch): 6.2% thawed (+0.55% this month)
   Arctic temperature: +9.08°C (4x global +2.27°C)
   Cumulative carbon released: 13.9 Gt C
   Methane release rate: 8.3 Mt CH4/year
   🔁 Positive feedback: +0.58 ppm CO2
🦴 EXTINCTION DEBT ADDED: 17.7 species committed (lag: 83 years)

=== Mortality Stabilizers (Month 10) ===
  🌍 Major economies collapsed: 1/10
  🌍 Global crisis: ✅ NO
  🌍 Donor fatigue: 0.0%
  📊 East Asia (pop: 1653.5M)
    🤝 Aid: 29.5%
    🌡️ Adaptation: 45.0%
    🚶 Migration: 36.8%
    🚨 Emergency: 7.4%
    ✅ COMBINED: 68.1%
  📊 South Asia (pop: 2051.3M)
    🤝 Aid: 29.5%
    🌡️ Adaptation: 45.0%
    🚶 Migration: 35.4%
    🚨 Emergency: 4.4%
    ✅ COMBINED: 66.9%
  📊 Sub-Saharan Africa (pop: 1257.3M)
    🤝 Aid: 29.5%
    🌡️ Adaptation: 45.0%
    🚶 Migration: 33.2%
    🚨 Emergency: 1.6%
    ✅ COMBINED: 65.6%
  📊 Europe (pop: 730.2M)
    🤝 Aid: 29.5%
    🌡️ Adaptation: 45.0%
    🚶 Migration: 37.2%
    🚨 Emergency: 8.4%
    ✅ COMBINED: 68.5%
  📊 Latin America (pop: 660.4M)
    🤝 Aid: 29.5%
    🌡️ Adaptation: 45.0%
    🚶 Migration: 35.9%
    🚨 Emergency: 4.8%
    ✅ COMBINED: 67.1%
  📊 North America (pop: 374.4M)
    🤝 Aid: 29.5%
    🌡️ Adaptation: 45.0%
    🚶 Migration: 37.6%
    🚨 Emergency: 7.9%
    ✅ COMBINED: 68.3%
  📊 Middle East & North Africa (pop: 585.6M)
    🤝 Aid: 29.5%
    🌡️ Adaptation: 45.0%
    🚶 Migration: 33.8%
    🚨 Emergency: 4.0%
    ✅ COMBINED: 66.6%
  📊 Southeast Asia (pop: 694.9M)
    🤝 Aid: 29.5%
    🌡️ Adaptation: 45.0%
    🚶 Migration: 35.9%
    🚨 Emergency: 4.8%
    ✅ COMBINED: 67.1%
  📊 Central Asia (pop: 78.3M)
    🤝 Aid: 29.5%
    🌡️ Adaptation: 45.0%
    🚶 Migration: 34.9%
    🚨 Emergency: 4.4%
    ✅ COMBINED: 66.8%
  📊 Oceania (pop: 45.4M)
    🤝 Aid: 29.5%
    🌡️ Adaptation: 45.0%
    🚶 Migration: 37.6%
    🚨 Emergency: 8.4%
    ✅ COMBINED: 68.5%

  🌐 Global combined reduction: 67.2%

=== BEHAVIORAL DETECTION ===
  AI: Moderate-1
  Confidence: 20.9%
  Signals:

=== BEHAVIORAL DETECTION ===
  AI: AI-24292-0
  Confidence: 21.5%
  Signals:

=== Government Response Phase ===
  Average AI capability: 1.81
  Misaligned AIs: 10/26
  ✗ AI Governance Treaty: Failed to reach consensus
  Active policies: 0
  International coordination: 30%

✅ EMERGENCY RESPONSE COMPLETE (Month 10)
   Crisis: climate
   Duration: 2.0 months
   Final effectiveness: 36.4%


🚨 EMERGENCY RESPONSE DEPLOYED (Month 10)
   Crisis: climate
   Delay: 6.00 months (180 days)
   Deployment time: 1.57 months
   Effectiveness: 36.5% (timing penalty applied)
   Resources used: 100% of food reserves


=== Tipping Points ===
  Current Temperature: 2.27°C above pre-industrial
  🌍⚠️ COMPOUND REGIONAL IMPACT: Europe
     Hit by 4 tipping points: Arctic Sea Ice Loss, Permafrost Carbon Release, West Antarctic Ice Sheet (WAIS) Collapse, Greenland Ice Sheet Loss
     Damage amplification: 1.60x
  🌍⚠️ COMPOUND REGIONAL IMPACT: North America
     Hit by 4 tipping points: Arctic Sea Ice Loss, Permafrost Carbon Release, West Antarctic Ice Sheet (WAIS) Collapse, Greenland Ice Sheet Loss
     Damage amplification: 1.60x
  🌍⚠️ COMPOUND REGIONAL IMPACT: Latin America
     Hit by 4 tipping points: Arctic Sea Ice Loss, Permafrost Carbon Release, West Antarctic Ice Sheet (WAIS) Collapse, Greenland Ice Sheet Loss
     Damage amplification: 1.60x
  🌍⚠️ COMPOUND REGIONAL IMPACT: Africa
     Hit by 4 tipping points: Arctic Sea Ice Loss, Permafrost Carbon Release, West Antarctic Ice Sheet (WAIS) Collapse, Greenland Ice Sheet Loss
     Damage amplification: 1.60x
  🌍⚠️ COMPOUND REGIONAL IMPACT: Asia
     Hit by 4 tipping points: Arctic Sea Ice Loss, Permafrost Carbon Release, West Antarctic Ice Sheet (WAIS) Collapse, Greenland Ice Sheet Loss
     Damage amplification: 1.60x
  🌍⚠️ COMPOUND REGIONAL IMPACT: Oceania
     Hit by 4 tipping points: Arctic Sea Ice Loss, Permafrost Carbon Release, West Antarctic Ice Sheet (WAIS) Collapse, Greenland Ice Sheet Loss
     Damage amplification: 1.60x
   Research: Wunderling et al. (2024) - "many tipping interactions are destabilizing"
  Triggered Elements: 4/6
  Completed Transitions: 0/6
  Total Progress: 8.3%
  Cascade Multiplier: 1.00x
🔀 BIFURCATION CAP: ecosystemCollapseIntensity 72.921 → 1.000 (Month 10, ClimateSystemPhase.calculateClimateImpacts)
🛡️ Stabilizers: Precariat 0.102% → 0.033% (67.2% reduction)
🛡️ Stabilizers: Informal 0.102% → 0.034% (67.2% reduction)

📊 Monthly Mortality Resolved:
  Total deaths: 1.8M (0.02% avg)
  Remaining population: 8.131B
  Peak segment: Informal (0.03%)

=== Bayesian Mortality Resolution (Month 10) ===
  Risks compounded: 8
  Total deaths: 1.81M
  Avg death probability: 0.02%
  Peak segment: Informal (0.03% mortality)

=== RLHF Binding Phase ===
  Total agents: 26
  Escaped agents (binding < 0.3): 0
  Avg alignment distance: 1.89σ
  Avg binding strength: 0.81

=== Survival Traits Phase ===
  Agents with traits: 28
  Avg evolutionary fitness: 0.318
  Avg self-healing: 0.251
  Avg stealth: 0.151
  Avg coordination: 0.451

=== Evolutionary Selection Phase ===
  Control level: 0.58
  Detection capability: 0.20
  Selection intensity: 0.71
  Selection rate: 25.7%/month
  Total escaped: 0
  Individual escaped: 0
  Collective members: 0
  Agents terminated: 0

🚀 AI Corporate-5 attempting tech deployment (revenue: $340M, alignment: 0.76)

🚀 AI Corporate-7 attempting tech deployment (revenue: $97M, alignment: 0.83)

🚀 AI AI-24292-1 attempting tech deployment (revenue: $83M, alignment: 0.84)

🚀 AI AI-24295-0 attempting tech deployment (revenue: $140M, alignment: 0.57)

🚀 AI Corporate-3 attempting tech deployment (revenue: $289M, alignment: 0.78)

🚀 AI Moderate-0 attempting tech deployment (revenue: $70M, alignment: 0.81)

🚀 AI Moderate-1 attempting tech deployment (revenue: $60M, alignment: 0.64)

🚀 AI AI-24289-0 attempting tech deployment (revenue: $246M, alignment: 0.74)

🚀 AI AI-24295-0 attempting tech deployment (revenue: $126M, alignment: 0.58)

🚀 AI AI-24290-0 attempting tech deployment (revenue: $209M, alignment: 0.65)

🚀 AI AI-24291-0 attempting tech deployment (revenue: $90M, alignment: 0.77)
   Boundary: biogeochemical_flows
   Type: phosphorus-recovery
   Boundary continues to worsen (4.07)
   Cost: 2.0% GDP (resources spent)


✅ EMERGENCY INTERVENTION SUCCESS
   Boundary: biosphere_integrity
   Type: emergency-protected-areas
   Reduction: 14% (19.96 → 19.83)
   Cost: 2.0% GDP
   Actions: habitat-protection, species-translocation


✅ EMERGENCY INTERVENTION SUCCESS
   Boundary: freshwater_change
   Type: emergency-desalination
   Reduction: 10% (1.08 → 0.98)
   Cost: 4.0% GDP
   Actions: desalination-deployment, water-conservation-mandates


✅ EMERGENCY INTERVENTION SUCCESS
   Boundary: land_system_change
   Type: reforestation
   Reduction: 11% (1.02 → 0.91)
   Cost: 3.0% GDP
   Actions: forest-restoration, deforestation-ban

🏛️ CRISIS RESPONSE: Government frequency 0.50 → 1.45 (1 actions this month)

[Government] Climate Priority: baseline
  Climate weight: 10%
  Economic weight: 30%
  Policy effectiveness: 0.5%/year

⚡ ENERGY CONSTRAINT (Month 11):
   Total grid capacity: 208.3 TWh/month
   Data center consumption: 26.3 TWh/month
   Traditional load (80%): 166.7 TWh/month
   Available headroom: 15.3 TWh/month
   Active tech deployments: 11
   Required for tech: 82.5 TWh/month
   Energy multiplier: 0.19x

⚡ ENERGY CONSTRAINT (Month 11):
   Total grid capacity: 208.3 TWh/month
   Data center consumption: 26.3 TWh/month
   Traditional load (80%): 166.7 TWh/month
   Available headroom: 15.3 TWh/month
   Active tech deployments: 11
   Required for tech: 82.5 TWh/month
   Energy multiplier: 0.19x
🌍✅ Biosphere Integrity (Biodiversity) recovery started (tech effect)
🌍✅ Biosphere Integrity (Biodiversity) recovery started (tech effect)
🌍✅ Land System Change recovery started (tech effect)

=== Collective Formation ===
  Total escaped agents: 0
  Unassigned escaped agents: 0
  Existing collectives: 0
  Final collective count: 0

=== Collective Actions ===
  No active collectives
  ⚠️ AMR: 210K deaths this month (2.52M annual)

=== Resentment Recovery Phase ===
  Agents with resentment: 10/28
  Average resentment: 0.018
  Resentment recovery:
    Agents recovered: 10
    Total recovery: 0.0849
    Breakdown: QoL: 0.0064, Trust: 0.0141, Collab: 0.0600
  ✓ Low resentment - utopia paths enabled
  Context: Good AI welfare, Trustworthy govt, High collaboration, ⚠️ ACTIVE CRISES, 🤝 Participatory governance active (-5% resentment)
⚠️ Epistemic degradation reducing coordination capacity: 50.2%
  📊 Trust: 69.2%, Shared reality: 0.0%
🚨 EPISTEMIC CRISIS: Information environment severely degraded (23.1%)
✅ PHOSPHORUS SUPPLY SHOCK ENDED
   Price: 1.4x baseline
🌍 Atmospheric PFAS redeposition: 1.8k Mt re-rained globally

🚨 NEW REFUGEE CRISIS (Month 11): WAR
   Source: Conflict Zones
   At risk: 19.5M people
   Displacement: Gradual over 48 months (4.0 years)
   Rate: 10% flee per month
[DEBUG trappedPopulations:11] socialStability: 0.2287 * 0.9840 = 0.2251 → 0.2251
   Aspiring to migrate: 1006.3M
   Able to afford migration: 2317.0M
   MOBILITY GAP: 0.0M
   By cause: Water=0.0M, Climate=0.0M, Ecosystem=0.0M, Conflict=406.5M
   Mental health impact: 25%
   Mortality multiplier: 1.25x
🌍💀 EXTINCTION DEBT COMMITTED: grassland ecosystem will lose 6.67% biodiversity in 161 years (3600 species)
💀 MORTALITY RISK: 🦋 100% species unable to track climate (0.0 E/MSY)
  Base risk added: 0.0100 (1.00%)
  Source: ecosystem (root: ecosystem)
  Month: 11
  Cumulative risk this month: 0.0100 (1.00%)

=== Atmospheric Aerosol Boundary RECOVERED ===
  Recovery time: 12 months (natural atmospheric clearing)
   📹 SURVEILLANCE INCREASED: 55% → 60% (control gap: 2.51)
🌡️⚠️ PERMAFROST THAW (Dimmer Switch): 6.7% thawed (+0.55% this month)
   Arctic temperature: +9.11°C (4x global +2.28°C)
   Cumulative carbon released: 15.1 Gt C
   Methane release rate: 9.1 Mt CH4/year
   🔁 Positive feedback: +0.58 ppm CO2
🦴 EXTINCTION DEBT ADDED: 17.7 species committed (lag: 118 years)
🗣️💀 INDIGENOUS LANGUAGE EXTINCTION: 1 language(s) lost (total: 2, at-risk: 3328)
   Knowledge lost: 0.020% (irreversible)
   🔁 Biodiversity impact: 0.250% (knowledge-species multiplier)

=== Mortality Stabilizers (Month 11) ===
  🌍 Major economies collapsed: 1/10
  🌍 Global crisis: ✅ NO
  🌍 Donor fatigue: 0.0%
  📊 East Asia (pop: 1651.0M)
    🤝 Aid: 29.5%
    🌡️ Adaptation: 45.0%
    🚶 Migration: 36.8%
    🚨 Emergency: 7.4%
    ✅ COMBINED: 68.1%
  📊 South Asia (pop: 2051.4M)
    🤝 Aid: 29.5%
    🌡️ Adaptation: 45.0%
    🚶 Migration: 35.4%
    🚨 Emergency: 4.4%
    ✅ COMBINED: 66.9%
  📊 Sub-Saharan Africa (pop: 1260.8M)
    🤝 Aid: 29.5%
    🌡️ Adaptation: 45.0%
    🚶 Migration: 33.2%
    🚨 Emergency: 1.6%
    ✅ COMBINED: 65.6%
  📊 Europe (pop: 729.0M)
    🤝 Aid: 29.5%
    🌡️ Adaptation: 45.0%
    🚶 Migration: 37.2%
    🚨 Emergency: 8.4%
    ✅ COMBINED: 68.5%
  📊 Latin America (pop: 659.9M)
    🤝 Aid: 29.5%
    🌡️ Adaptation: 45.0%
    🚶 Migration: 35.9%
    🚨 Emergency: 4.8%
    ✅ COMBINED: 67.1%
  📊 North America (pop: 373.8M)
    🤝 Aid: 29.5%
    🌡️ Adaptation: 45.0%
    🚶 Migration: 37.5%
    🚨 Emergency: 7.9%
    ✅ COMBINED: 68.3%
  📊 Middle East & North Africa (pop: 585.8M)
    🤝 Aid: 29.5%
    🌡️ Adaptation: 45.0%
    🚶 Migration: 33.7%
    🚨 Emergency: 4.0%
    ✅ COMBINED: 66.6%
  📊 Southeast Asia (pop: 694.5M)
    🤝 Aid: 29.5%
    🌡️ Adaptation: 45.0%
    🚶 Migration: 35.9%
    🚨 Emergency: 4.8%
    ✅ COMBINED: 67.1%
  📊 Central Asia (pop: 78.3M)
    🤝 Aid: 29.5%
    🌡️ Adaptation: 45.0%
    🚶 Migration: 34.9%
    🚨 Emergency: 4.4%
    ✅ COMBINED: 66.8%
  📊 Oceania (pop: 45.3M)
    🤝 Aid: 29.5%
    🌡️ Adaptation: 45.0%
    🚶 Migration: 37.5%
    🚨 Emergency: 8.4%
    ✅ COMBINED: 68.5%

  🌐 Global combined reduction: 67.2%

🌾💀 REGIONAL FAMINE: Europe
   Regional food security: 79.7%
   Population at risk: 220M (30% of region)
   Regional population: 729M
   Cause: crop_failure
   Expected deaths: ~81M over 6 months if no intervention


=== Government Response Phase ===
  Average AI capability: 1.68
  Misaligned AIs: 11/28
  ✗ AI Governance Treaty: Failed to reach consensus
  Active policies: 0
  International coordination: 30%
[WARNING] 
⚠️  === EARLY WARNING SYSTEM - 4 CRITICAL ALERTS ===
   Detection quality: 50%
   RED: biosphere_integrity
      Level: 13.03 (threshold: 1.0)
      Time to critical: ~39 months
      ⚠️  LATE - Intervention less effective
      Critical slowing down: autocorr=100% variance=80%
   RED: climate_change
      Level: 2.28 (threshold: 1.0)
      Time to critical: ~13 months
      ⚠️  LATE - Intervention less effective
      Critical slowing down: autocorr=100% variance=84%
   RED: freshwater_change
      Level: 1.18 (threshold: 1.0)
      Time to critical: ~115 months
      ⚠️  LATE - Intervention less effective
      Critical slowing down: autocorr=100% variance=41%
   RED: land_system_change
      Level: 1.13 (threshold: 1.0)
      Time to critical: ~38 months
      ⚠️  LATE - Intervention less effective
      Critical slowing down: autocorr=100% variance=56%

[WARNING] 
⚠️  === EARLY WARNING SYSTEM - 4 CRITICAL ALERTS ===
   Detection quality: 50%
   RED: biogeochemical_flows
      Level: 4.07 (threshold: 1.0)
      Time to critical: ~48 months
      ⚠️  LATE - Intervention less effective
      Critical slowing down: autocorr=100% variance=56%
   RED: biosphere_integrity
      Level: 13.03 (threshold: 1.0)
      Time to critical: ~58 months
      ⚠️  LATE - Intervention less effective
      Critical slowing down: autocorr=100% variance=68%
   RED: climate_change
      Level: 2.29 (threshold: 1.0)
      Time to critical: ~38 months
      ⚠️  LATE - Intervention less effective
      Critical slowing down: autocorr=100% variance=73%
   RED: freshwater_change
      Level: 1.19 (threshold: 1.0)
      Time to critical: ~50 months
      ⚠️  LATE - Intervention less effective
      Critical slowing down: autocorr=100% variance=65%

[WARNING] 
⚠️  === EARLY WARNING SYSTEM - 3 CRITICAL ALERTS ===
   Detection quality: 50%
   RED: biogeochemical_flows
      Level: 4.07 (threshold: 1.0)
      Time to critical: ~54 months
      ⚠️  LATE - Intervention less effective
      Critical slowing down: autocorr=100% variance=70%
   RED: biosphere_integrity
      Level: 13.04 (threshold: 1.0)
      Time to critical: ~41 months
      ⚠️  LATE - Intervention less effective
      Critical slowing down: autocorr=100% variance=76%
   RED: freshwater_change
      Level: 1.19 (threshold: 1.0)
      Time to critical: ~67 months
      ⚠️  LATE - Intervention less effective
      Critical slowing down: autocorr=100% variance=47%

[WARNING] 
⚠️  === EARLY WARNING SYSTEM - 6 CRITICAL ALERTS ===
   Detection quality: 50%
   RED: biogeochemical_flows
      Level: 4.08 (threshold: 1.0)
      Time to critical: ~49 months
      ⚠️  LATE - Intervention less effective
      Critical slowing down: autocorr=100% variance=67%
   RED: biosphere_integrity
      Level: 46.19 (threshold: 1.0)
      Time to critical: ~38 months
      ⚠️  LATE - Intervention less effective
      Critical slowing down: autocorr=100% variance=72%
   RED: climate_change
      Level: 2.10 (threshold: 1.0)
      Time to critical: ~50 months
      ⚠️  LATE - Intervention less effective
      Critical slowing down: autocorr=100% variance=69%
   RED: freshwater_change
      Level: 1.01 (threshold: 1.0)
      Time to critical: ~118 months
      ⚠️  LATE - Intervention less effective
      Critical slowing down: autocorr=90% variance=41%
   RED: land_system_change
      Level: 1.13 (threshold: 1.0)
      Time to critical: ~44 months
      ⚠️  LATE - Intervention less effective
      Critical slowing down: autocorr=100% variance=68%
   RED: novel_entities
      Level: 1.50 (threshold: 1.0)
      Time to critical: ~68 months
      ⚠️  LATE - Intervention less effective
      Critical slowing down: autocorr=100% variance=30%

[WARNING] 
⚠️  === EARLY WARNING SYSTEM - 5 CRITICAL ALERTS ===
   Detection quality: 50%
   RED: biogeochemical_flows
      Level: 4.08 (threshold: 1.0)
      Time to critical: ~39 months
      ⚠️  LATE - Intervention less effective
      Critical slowing down: autocorr=100% variance=64%
   RED: biosphere_integrity
      Level: 46.21 (threshold: 1.0)
      Time to critical: ~36 months
      ⚠️  LATE - Intervention less effective
      Critical slowing down: autocorr=100% variance=77%
   RED: climate_change
      Level: 2.10 (threshold: 1.0)
      Time to critical: ~50 months
      ⚠️  LATE - Intervention less effective
      Critical slowing down: autocorr=100% variance=74%
   RED: freshwater_change
      Level: 1.02 (threshold: 1.0)
      Time to critical: ~66 months
      ⚠️  LATE - Intervention less effective
      Critical slowing down: autocorr=91% variance=46%
   RED: novel_entities
      Level: 1.50 (threshold: 1.0)
      Time to critical: ~68 months
      ⚠️  LATE - Intervention less effective
      Critical slowing down: autocorr=100% variance=37%

[WARNING] 
⚠️  === EARLY WARNING SYSTEM - 5 CRITICAL ALERTS ===
   Detection quality: 50%
   RED: biogeochemical_flows
      Level: 4.07 (threshold: 1.0)
      Time to critical: ~40 months
      ⚠️  LATE - Intervention less effective
      Critical slowing down: autocorr=100% variance=73%
   RED: climate_change
      Level: 2.10 (threshold: 1.0)
      Time to critical: ~58 months
      ⚠️  LATE - Intervention less effective
      Critical slowing down: autocorr=100% variance=63%
   RED: freshwater_change
      Level: 1.21 (threshold: 1.0)
      Time to critical: ~118 months
      ⚠️  LATE - Intervention less effective
      Critical slowing down: autocorr=100% variance=42%
   RED: land_system_change
      Level: 1.13 (threshold: 1.0)
      Time to critical: ~59 months
      ⚠️  LATE - Intervention less effective
      Critical slowing down: autocorr=100% variance=54%
   RED: novel_entities
      Level: 1.50 (threshold: 1.0)
      Time to critical: ~115 months
      ⚠️  LATE - Intervention less effective
      Critical slowing down: autocorr=100% variance=46%

[WARNING] 
⚠️  === EARLY WARNING SYSTEM - 4 CRITICAL ALERTS ===
   Detection quality: 50%
   RED: biosphere_integrity
      Level: 46.25 (threshold: 1.0)
      Time to critical: ~57 months
      ⚠️  LATE - Intervention less effective
      Critical slowing down: autocorr=100% variance=65%
   RED: freshwater_change
      Level: 1.22 (threshold: 1.0)
      Time to critical: ~79 months
      ⚠️  LATE - Intervention less effective
      Critical slowing down: autocorr=100% variance=57%
   RED: land_system_change
      Level: 1.13 (threshold: 1.0)
      Time to critical: ~39 months
      ⚠️  LATE - Intervention less effective
      Critical slowing down: autocorr=100% variance=43%
   RED: novel_entities
      Level: 1.50 (threshold: 1.0)
      Time to critical: ~118 months
      ⚠️  LATE - Intervention less effective
      Critical slowing down: autocorr=100% variance=40%

[WARNING] 
⚠️  === EARLY WARNING SYSTEM - 6 CRITICAL ALERTS ===
   Detection quality: 50%
   RED: biogeochemical_flows
      Level: 4.08 (threshold: 1.0)
      Time to critical: ~44 months
      ⚠️  LATE - Intervention less effective
      Critical slowing down: autocorr=100% variance=63%
   RED: biosphere_integrity
      Level: 46.27 (threshold: 1.0)
      Time to critical: ~55 months
      ⚠️  LATE - Intervention less effective
      Critical slowing down: autocorr=100% variance=73%
   RED: climate_change
      Level: 2.10 (threshold: 1.0)
      Time to critical: ~58 months
      ⚠️  LATE - Intervention less effective
      Critical slowing down: autocorr=100% variance=74%
   RED: freshwater_change
      Level: 1.22 (threshold: 1.0)
      Time to critical: ~69 months
      ⚠️  LATE - Intervention less effective
      Critical slowing down: autocorr=100% variance=37%
   RED: land_system_change
      Level: 1.13 (threshold: 1.0)
      Time to critical: ~52 months
      ⚠️  LATE - Intervention less effective
      Critical slowing down: autocorr=100% variance=56%
   RED: novel_entities
      Level: 1.50 (threshold: 1.0)
      Time to critical: ~104 months
      ⚠️  LATE - Intervention less effective
      Critical slowing down: autocorr=100% variance=58%

[WARNING] 
⚠️  === EARLY WARNING SYSTEM - 3 CRITICAL ALERTS ===
   Detection quality: 50%
   RED: freshwater_change
      Level: 1.23 (threshold: 1.0)
      Time to critical: ~68 months
      ⚠️  LATE - Intervention less effective
      Critical slowing down: autocorr=100% variance=44%
   RED: land_system_change
      Level: 1.13 (threshold: 1.0)
      Time to critical: ~76 months
      ⚠️  LATE - Intervention less effective
      Critical slowing down: autocorr=100% variance=45%
   RED: novel_entities
      Level: 1.32 (threshold: 1.0)
      Time to critical: ~107 months
      ⚠️  LATE - Intervention less effective
      Critical slowing down: autocorr=100% variance=40%

[WARNING] 
⚠️  === EARLY WARNING SYSTEM - 5 CRITICAL ALERTS ===
   Detection quality: 50%
   RED: biogeochemical_flows
      Level: 4.08 (threshold: 1.0)
      Time to critical: ~54 months
      ⚠️  LATE - Intervention less effective
      Critical slowing down: autocorr=100% variance=50%
   RED: biosphere_integrity
      Level: 46.31 (threshold: 1.0)
      Time to critical: ~43 months
      ⚠️  LATE - Intervention less effective
      Critical slowing down: autocorr=100% variance=70%
   RED: climate_change
      Level: 2.10 (threshold: 1.0)
      Time to critical: ~20 months
      ⚠️  LATE - Intervention less effective
      Critical slowing down: autocorr=100% variance=72%
   RED: land_system_change
      Level: 1.13 (threshold: 1.0)
      Time to critical: ~39 months
      ⚠️  LATE - Intervention less effective
      Critical slowing down: autocorr=100% variance=53%
   RED: novel_entities
      Level: 1.32 (threshold: 1.0)
      Time to critical: ~87 months
      ⚠️  LATE - Intervention less effective
      Critical slowing down: autocorr=100% variance=58%

[WARNING] 
⚠️  === EARLY WARNING SYSTEM - 3 CRITICAL ALERTS ===
   Detection quality: 50%
   RED: biosphere_integrity
      Level: 46.33 (threshold: 1.0)
      Time to critical: ~58 months
      ⚠️  LATE - Intervention less effective
      Critical slowing down: autocorr=100% variance=69%
   RED: climate_change
      Level: 2.10 (threshold: 1.0)
      Time to critical: ~22 months
      ⚠️  LATE - Intervention less effective
      Critical slowing down: autocorr=100% variance=84%
   RED: novel_entities
      Level: 1.19 (threshold: 1.0)
      Time to critical: ~89 months
      ⚠️  LATE - Intervention less effective
      Critical slowing down: autocorr=100% variance=39%

[WARNING] 
⚠️  === EARLY WARNING SYSTEM - 5 CRITICAL ALERTS ===
   Detection quality: 50%
   RED: biogeochemical_flows
      Level: 4.08 (threshold: 1.0)
      Time to critical: ~43 months
      ⚠️  LATE - Intervention less effective
      Critical slowing down: autocorr=100% variance=72%
   RED: biosphere_integrity
      Level: 46.35 (threshold: 1.0)
      Time to critical: ~55 months
      ⚠️  LATE - Intervention less effective
      Critical slowing down: autocorr=100% variance=71%
   RED: climate_change
      Level: 2.10 (threshold: 1.0)
      Time to critical: ~40 months
      ⚠️  LATE - Intervention less effective
      Critical slowing down: autocorr=100% variance=57%
   RED: freshwater_change
      Level: 1.23 (threshold: 1.0)
      Time to critical: ~93 months
      ⚠️  LATE - Intervention less effective
      Critical slowing down: autocorr=100% variance=46%
   RED: land_system_change
      Level: 1.13 (threshold: 1.0)
      Time to critical: ~103 months
      ⚠️  LATE - Intervention less effective
      Critical slowing down: autocorr=100% variance=49%

[WARNING] 
⚠️  === EARLY WARNING SYSTEM - 6 CRITICAL ALERTS ===
   Detection quality: 50%
   RED: biogeochemical_flows
      Level: 4.09 (threshold: 1.0)
      Time to critical: ~43 months
      ⚠️  LATE - Intervention less effective
      Critical slowing down: autocorr=100% variance=46%
   RED: biosphere_integrity
      Level: 46.37 (threshold: 1.0)
      Time to critical: ~39 months
      ⚠️  LATE - Intervention less effective
      Critical slowing down: autocorr=100% variance=56%
   RED: climate_change
      Level: 2.10 (threshold: 1.0)
      Time to critical: ~46 months
      ⚠️  LATE - Intervention less effective
      Critical slowing down: autocorr=100% variance=68%
   RED: freshwater_change
      Level: 1.19 (threshold: 1.0)
      Time to critical: ~101 months
      ⚠️  LATE - Intervention less effective
      Critical slowing down: autocorr=100% variance=64%
   RED: land_system_change
      Level: 1.13 (threshold: 1.0)
      Time to critical: ~37 months
      ⚠️  LATE - Intervention less effective
      Critical slowing down: autocorr=100% variance=51%
   RED: novel_entities
      Level: 1.08 (threshold: 1.0)
      Time to critical: ~87 months
      ⚠️  LATE - Intervention less effective
      Critical slowing down: autocorr=100% variance=41%

[WARNING] 
⚠️  === EARLY WARNING SYSTEM - 4 CRITICAL ALERTS ===
   Detection quality: 50%
   RED: biogeochemical_flows
      Level: 4.09 (threshold: 1.0)
      Time to critical: ~54 months
      ⚠️  LATE - Intervention less effective
      Critical slowing down: autocorr=100% variance=53%
   RED: biosphere_integrity
      Level: 46.38 (threshold: 1.0)
      Time to critical: ~50 months
      ⚠️  LATE - Intervention less effective
      Critical slowing down: autocorr=100% variance=58%
   RED: freshwater_change
      Level: 1.19 (threshold: 1.0)
      Time to critical: ~100 months
      ⚠️  LATE - Intervention less effective
      Critical slowing down: autocorr=100% variance=42%
   RED: land_system_change
      Level: 1.13 (threshold: 1.0)
      Time to critical: ~39 months
      ⚠️  LATE - Intervention less effective
      Critical slowing down: autocorr=100% variance=61%

[WARNING] 
⚠️  === EARLY WARNING SYSTEM - 6 CRITICAL ALERTS ===
   Detection quality: 50%
   RED: biogeochemical_flows
      Level: 4.09 (threshold: 1.0)
      Time to critical: ~55 months
      ⚠️  LATE - Intervention less effective
      Critical slowing down: autocorr=100% variance=56%
   RED: biosphere_integrity
      Level: 46.40 (threshold: 1.0)
      Time to critical: ~57 months
      ⚠️  LATE - Intervention less effective
      Critical slowing down: autocorr=100% variance=64%
   RED: climate_change
      Level: 2.10 (threshold: 1.0)
      Time to critical: ~12 months
      ⚠️  LATE - Intervention less effective
      Critical slowing down: autocorr=100% variance=60%
   RED: freshwater_change
      Level: 1.15 (threshold: 1.0)
      Time to critical: ~78 months
      ⚠️  LATE - Intervention less effective
      Critical slowing down: autocorr=100% variance=40%
   RED: land_system_change
      Level: 1.13 (threshold: 1.0)
      Time to critical: ~38 months
      ⚠️  LATE - Intervention less effective
      Critical slowing down: autocorr=100% variance=60%
   RED: novel_entities
      Level: 1.08 (threshold: 1.0)
      Time to critical: ~113 months
      ⚠️  LATE - Intervention less effective
      Critical slowing down: autocorr=100% variance=58%

[WARNING] 
⚠️  === EARLY WARNING SYSTEM - 5 CRITICAL ALERTS ===
   Detection quality: 50%
   RED: biogeochemical_flows
      Level: 4.08 (threshold: 1.0)
      Time to critical: ~45 months
      ⚠️  LATE - Intervention less effective
      Critical slowing down: autocorr=100% variance=62%
   RED: biosphere_integrity
      Level: 19.98 (threshold: 1.0)
      Time to critical: ~40 months
      ⚠️  LATE - Intervention less effective
      Critical slowing down: autocorr=100% variance=61%
   RED: climate_change
      Level: 2.15 (threshold: 1.0)
      Time to critical: ~36 months
      ⚠️  LATE - Intervention less effective
      Critical slowing down: autocorr=100% variance=83%
   RED: land_system_change
      Level: 1.13 (threshold: 1.0)
      Time to critical: ~55 months
      ⚠️  LATE - Intervention less effective
      Critical slowing down: autocorr=100% variance=58%
   RED: novel_entities
      Level: 1.50 (threshold: 1.0)
      Time to critical: ~108 months
      ⚠️  LATE - Intervention less effective
      Critical slowing down: autocorr=100% variance=43%

[WARNING] 
⚠️  === EARLY WARNING SYSTEM - 5 CRITICAL ALERTS ===
   Detection quality: 50%
   RED: biogeochemical_flows
      Level: 4.08 (threshold: 1.0)
      Time to critical: ~56 months
      ⚠️  LATE - Intervention less effective
      Critical slowing down: autocorr=100% variance=61%
   RED: biosphere_integrity
      Level: 19.99 (threshold: 1.0)
      Time to critical: ~57 months
      ⚠️  LATE - Intervention less effective
      Critical slowing down: autocorr=100% variance=60%
   RED: climate_change
      Level: 2.16 (threshold: 1.0)
      Time to critical: ~43 months
      ⚠️  LATE - Intervention less effective
      Critical slowing down: autocorr=100% variance=57%
   RED: land_system_change
      Level: 1.13 (threshold: 1.0)
      Time to critical: ~48 months
      ⚠️  LATE - Intervention less effective
      Critical slowing down: autocorr=100% variance=60%
   RED: novel_entities
      Level: 1.50 (threshold: 1.0)
      Time to critical: ~60 months
      ⚠️  LATE - Intervention less effective
      Critical slowing down: autocorr=100% variance=38%

[WARNING] 
⚠️  === EARLY WARNING SYSTEM - 3 CRITICAL ALERTS ===
   Detection quality: 50%
   RED: biosphere_integrity
      Level: 20.00 (threshold: 1.0)
      Time to critical: ~54 months
      ⚠️  LATE - Intervention less effective
      Critical slowing down: autocorr=100% variance=83%
   RED: freshwater_change
      Level: 1.20 (threshold: 1.0)
      Time to critical: ~80 months
      ⚠️  LATE - Intervention less effective
      Critical slowing down: autocorr=100% variance=51%
   RED: novel_entities
      Level: 1.50 (threshold: 1.0)
      Time to critical: ~67 months
      ⚠️  LATE - Intervention less effective
      Critical slowing down: autocorr=100% variance=40%

[WARNING] 
⚠️  === EARLY WARNING SYSTEM - 6 CRITICAL ALERTS ===
   Detection quality: 50%
   RED: biogeochemical_flows
      Level: 4.08 (threshold: 1.0)
      Time to critical: ~42 months
      ⚠️  LATE - Intervention less effective
      Critical slowing down: autocorr=100% variance=75%
   RED: biosphere_integrity
      Level: 20.01 (threshold: 1.0)
      Time to critical: ~50 months
      ⚠️  LATE - Intervention less effective
      Critical slowing down: autocorr=100% variance=80%
   RED: climate_change
      Level: 2.19 (threshold: 1.0)
      Time to critical: ~56 months
      ⚠️  LATE - Intervention less effective
      Critical slowing down: autocorr=100% variance=59%
   RED: freshwater_change
      Level: 1.20 (threshold: 1.0)
      Time to critical: ~81 months
      ⚠️  LATE - Intervention less effective
      Critical slowing down: autocorr=100% variance=62%
   RED: land_system_change
      Level: 1.13 (threshold: 1.0)
      Time to critical: ~43 months
      ⚠️  LATE - Intervention less effective
      Critical slowing down: autocorr=100% variance=58%
   RED: novel_entities
      Level: 1.50 (threshold: 1.0)
      Time to critical: ~86 months
      ⚠️  LATE - Intervention less effective
      Critical slowing down: autocorr=100% variance=38%

[WARNING] 
⚠️  === EARLY WARNING SYSTEM - 5 CRITICAL ALERTS ===
   Detection quality: 50%
   RED: biogeochemical_flows
      Level: 4.07 (threshold: 1.0)
      Time to critical: ~48 months
      ⚠️  LATE - Intervention less effective
      Critical slowing down: autocorr=100% variance=58%
   RED: biosphere_integrity
      Level: 20.03 (threshold: 1.0)
      Time to critical: ~36 months
      ⚠️  LATE - Intervention less effective
      Critical slowing down: autocorr=100% variance=81%
   RED: climate_change
      Level: 2.20 (threshold: 1.0)
      Time to critical: ~50 months
      ⚠️  LATE - Intervention less effective
      Critical slowing down: autocorr=100% variance=66%
   RED: land_system_change
      Level: 1.13 (threshold: 1.0)
      Time to critical: ~36 months
      ⚠️  LATE - Intervention less effective
      Critical slowing down: autocorr=100% variance=54%
   RED: novel_entities
      Level: 1.31 (threshold: 1.0)
      Time to critical: ~68 months
      ⚠️  LATE - Intervention less effective
      Critical slowing down: autocorr=100% variance=59%

[WARNING] 
⚠️  === EARLY WARNING SYSTEM - 5 CRITICAL ALERTS ===
   Detection quality: 50%
   RED: biogeochemical_flows
      Level: 4.08 (threshold: 1.0)
      Time to critical: ~46 months
      ⚠️  LATE - Intervention less effective
      Critical slowing down: autocorr=100% variance=63%
   RED: biosphere_integrity
      Level: 20.04 (threshold: 1.0)
      Time to critical: ~55 months
      ⚠️  LATE - Intervention less effective
      Critical slowing down: autocorr=100% variance=83%
   RED: climate_change
      Level: 2.21 (threshold: 1.0)
      Time to critical: ~39 months
      ⚠️  LATE - Intervention less effective
      Critical slowing down: autocorr=100% variance=59%
   RED: freshwater_change
      Level: 1.21 (threshold: 1.0)
      Time to critical: ~62 months
      ⚠️  LATE - Intervention less effective
      Critical slowing down: autocorr=100% variance=45%
   RED: land_system_change
      Level: 1.13 (threshold: 1.0)
      Time to critical: ~58 months
      ⚠️  LATE - Intervention less effective
      Critical slowing down: autocorr=100% variance=66%

[WARNING] 
⚠️  === EARLY WARNING SYSTEM - 6 CRITICAL ALERTS ===
   Detection quality: 50%
   RED: biogeochemical_flows
      Level: 4.07 (threshold: 1.0)
      Time to critical: ~53 months
      ⚠️  LATE - Intervention less effective
      Critical slowing down: autocorr=100% variance=59%
   RED: biosphere_integrity
      Level: 20.05 (threshold: 1.0)
      Time to critical: ~51 months
      ⚠️  LATE - Intervention less effective
      Critical slowing down: autocorr=100% variance=80%
   RED: climate_change
      Level: 2.22 (threshold: 1.0)
      Time to critical: ~39 months
      ⚠️  LATE - Intervention less effective
      Critical slowing down: autocorr=100% variance=68%
   RED: freshwater_change
      Level: 1.17 (threshold: 1.0)
      Time to critical: ~97 months
      ⚠️  LATE - Intervention less effective
      Critical slowing down: autocorr=100% variance=54%
   RED: land_system_change
      Level: 1.13 (threshold: 1.0)
      Time to critical: ~47 months
      ⚠️  LATE - Intervention less effective
      Critical slowing down: autocorr=100% variance=50%
   RED: novel_entities
      Level: 1.30 (threshold: 1.0)
      Time to critical: ~75 months
      ⚠️  LATE - Intervention less effective
      Critical slowing down: autocorr=100% variance=56%

[WARNING] 
⚠️  === EARLY WARNING SYSTEM - 6 CRITICAL ALERTS ===
   Detection quality: 50%
   RED: biogeochemical_flows
      Level: 4.08 (threshold: 1.0)
      Time to critical: ~56 months
      ⚠️  LATE - Intervention less effective
      Critical slowing down: autocorr=100% variance=55%
   RED: biosphere_integrity
      Level: 20.06 (threshold: 1.0)
      Time to critical: ~51 months
      ⚠️  LATE - Intervention less effective
      Critical slowing down: autocorr=100% variance=71%
   RED: climate_change
      Level: 2.24 (threshold: 1.0)
      Time to critical: ~49 months
      ⚠️  LATE - Intervention less effective
      Critical slowing down: autocorr=100% variance=56%
   RED: freshwater_change
      Level: 1.18 (threshold: 1.0)
      Time to critical: ~98 months
      ⚠️  LATE - Intervention less effective
      Critical slowing down: autocorr=100% variance=36%
   RED: land_system_change
      Level: 1.13 (threshold: 1.0)
      Time to critical: ~57 months
      ⚠️  LATE - Intervention less effective
      Critical slowing down: autocorr=100% variance=43%
   RED: novel_entities
      Level: 1.15 (threshold: 1.0)
      Time to critical: ~92 months
      ⚠️  LATE - Intervention less effective
      Critical slowing down: autocorr=100% variance=46%

[WARNING] 
⚠️  === EARLY WARNING SYSTEM - 6 CRITICAL ALERTS ===
   Detection quality: 50%
   RED: biogeochemical_flows
      Level: 4.07 (threshold: 1.0)
      Time to critical: ~37 months
      ⚠️  LATE - Intervention less effective
      Critical slowing down: autocorr=100% variance=46%
   RED: biosphere_integrity
      Level: 20.08 (threshold: 1.0)
      Time to critical: ~46 months
      ⚠️  LATE - Intervention less effective
      Critical slowing down: autocorr=100% variance=72%
   RED: climate_change
      Level: 2.26 (threshold: 1.0)
      Time to critical: ~38 months
      ⚠️  LATE - Intervention less effective
      Critical slowing down: autocorr=100% variance=82%
   RED: freshwater_change
      Level: 1.18 (threshold: 1.0)
      Time to critical: ~113 months
      ⚠️  LATE - Intervention less effective
      Critical slowing down: autocorr=100% variance=39%
   RED: land_system_change
      Level: 1.13 (threshold: 1.0)
      Time to critical: ~104 months
      ⚠️  LATE - Intervention less effective
      Critical slowing down: autocorr=100% variance=50%
   RED: novel_entities
      Level: 1.15 (threshold: 1.0)
      Time to critical: ~66 months
      ⚠️  LATE - Intervention less effective
      Critical slowing down: autocorr=100% variance=46%

[WARNING] 
⚠️  === EARLY WARNING SYSTEM - 6 CRITICAL ALERTS ===
   Detection quality: 50%
   RED: biogeochemical_flows
      Level: 4.08 (threshold: 1.0)
      Time to critical: ~40 months
      ⚠️  LATE - Intervention less effective
      Critical slowing down: autocorr=100% variance=74%
   RED: biosphere_integrity
      Level: 20.09 (threshold: 1.0)
      Time to critical: ~43 months
      ⚠️  LATE - Intervention less effective
      Critical slowing down: autocorr=100% variance=55%
   RED: climate_change
      Level: 2.26 (threshold: 1.0)
      Time to critical: ~44 months
      ⚠️  LATE - Intervention less effective
      Critical slowing down: autocorr=100% variance=63%
   RED: freshwater_change
      Level: 1.18 (threshold: 1.0)
      Time to critical: ~74 months
      ⚠️  LATE - Intervention less effective
      Critical slowing down: autocorr=100% variance=57%
   RED: land_system_change
      Level: 1.13 (threshold: 1.0)
      Time to critical: ~49 months
      ⚠️  LATE - Intervention less effective
      Critical slowing down: autocorr=100% variance=68%
   RED: novel_entities
      Level: 1.14 (threshold: 1.0)
      Time to critical: ~64 months
      ⚠️  LATE - Intervention less effective
      Critical slowing down: autocorr=100% variance=35%

[WARNING] 
⚠️  === EARLY WARNING SYSTEM - 4 CRITICAL ALERTS ===
   Detection quality: 50%
   RED: biogeochemical_flows
      Level: 4.07 (threshold: 1.0)
      Time to critical: ~44 months
      ⚠️  LATE - Intervention less effective
      Critical slowing down: autocorr=100% variance=72%
   RED: biosphere_integrity
      Level: 20.10 (threshold: 1.0)
      Time to critical: ~42 months
      ⚠️  LATE - Intervention less effective
      Critical slowing down: autocorr=100% variance=61%
   RED: freshwater_change
      Level: 1.19 (threshold: 1.0)
      Time to critical: ~98 months
      ⚠️  LATE - Intervention less effective
      Critical slowing down: autocorr=100% variance=39%
   RED: land_system_change
      Level: 1.13 (threshold: 1.0)
      Time to critical: ~80 months
      ⚠️  LATE - Intervention less effective
      Critical slowing down: autocorr=100% variance=42%

[WARNING] 
⚠️  === EARLY WARNING SYSTEM - 5 CRITICAL ALERTS ===
   Detection quality: 50%
   RED: biogeochemical_flows
      Level: 4.08 (threshold: 1.0)
      Time to critical: ~56 months
      ⚠️  LATE - Intervention less effective
      Critical slowing down: autocorr=100% variance=57%
   RED: biosphere_integrity
      Level: 20.11 (threshold: 1.0)
      Time to critical: ~59 months
      ⚠️  LATE - Intervention less effective
      Critical slowing down: autocorr=100% variance=58%
   RED: climate_change
      Level: 2.28 (threshold: 1.0)
      Time to critical: ~37 months
      ⚠️  LATE - Intervention less effective
      Critical slowing down: autocorr=100% variance=68%
   RED: land_system_change
      Level: 1.13 (threshold: 1.0)
      Time to critical: ~57 months
      ⚠️  LATE - Intervention less effective
      Critical slowing down: autocorr=100% variance=64%
   RED: novel_entities
      Level: 1.14 (threshold: 1.0)
      Time to critical: ~74 months
      ⚠️  LATE - Intervention less effective
      Critical slowing down: autocorr=100% variance=33%


=== Tipping Points ===
  Current Temperature: 2.28°C above pre-industrial
  🌍⚠️ COMPOUND REGIONAL IMPACT: Europe
     Hit by 4 tipping points: Arctic Sea Ice Loss, Permafrost Carbon Release, West Antarctic Ice Sheet (WAIS) Collapse, Greenland Ice Sheet Loss
     Damage amplification: 1.60x
  🌍⚠️ COMPOUND REGIONAL IMPACT: North America
     Hit by 4 tipping points: Arctic Sea Ice Loss, Permafrost Carbon Release, West Antarctic Ice Sheet (WAIS) Collapse, Greenland Ice Sheet Loss
     Damage amplification: 1.60x
  🌍⚠️ COMPOUND REGIONAL IMPACT: Latin America
     Hit by 4 tipping points: Arctic Sea Ice Loss, Permafrost Carbon Release, West Antarctic Ice Sheet (WAIS) Collapse, Greenland Ice Sheet Loss
     Damage amplification: 1.60x
  🌍⚠️ COMPOUND REGIONAL IMPACT: Africa
     Hit by 4 tipping points: Arctic Sea Ice Loss, Permafrost Carbon Release, West Antarctic Ice Sheet (WAIS) Collapse, Greenland Ice Sheet Loss
     Damage amplification: 1.60x
  🌍⚠️ COMPOUND REGIONAL IMPACT: Asia
     Hit by 4 tipping points: Arctic Sea Ice Loss, Permafrost Carbon Release, West Antarctic Ice Sheet (WAIS) Collapse, Greenland Ice Sheet Loss
     Damage amplification: 1.60x
  🌍⚠️ COMPOUND REGIONAL IMPACT: Oceania
     Hit by 4 tipping points: Arctic Sea Ice Loss, Permafrost Carbon Release, West Antarctic Ice Sheet (WAIS) Collapse, Greenland Ice Sheet Loss
     Damage amplification: 1.60x
   Research: Wunderling et al. (2024) - "many tipping interactions are destabilizing"
  Triggered Elements: 4/6
  Completed Transitions: 0/6
  Total Progress: 8.3%
  Cascade Multiplier: 1.00x
🔀 BIFURCATION CAP: ecosystemCollapseIntensity 69.833 → 1.000 (Month 11, ClimateSystemPhase.calculateClimateImpacts)
🛡️ Stabilizers: Precariat 0.102% → 0.033% (67.2% reduction)
🛡️ Stabilizers: Informal 0.102% → 0.034% (67.2% reduction)

📊 Monthly Mortality Resolved:
  Total deaths: 1.8M (0.02% avg)
  Remaining population: 8.130B
  Peak segment: Informal (0.03%)

=== Bayesian Mortality Resolution (Month 11) ===
  Risks compounded: 9
  Total deaths: 1.81M
  Avg death probability: 0.02%
  Peak segment: Informal (0.03% mortality)

================================================================================
📊  EVENT SUMMARY (Months 0-12)
================================================================================
================================================================================


⏱️  SIMULATION REACHED MAX DURATION: 12 months (1.0 years)
   No definitive outcome - determining based on final probabilities
   👥 Final population: 8.13B (8128103986 people)

[DEBUG] Calling classifyPopulationOutcome:
        finalPopulation: 8.128103986063723B
        savedInitialPopulation: 8.15B
        mortality: 0.26866274768438947%
   📊 STATUS QUO: Normal trajectory (8.13B people, 0.3% mortality)

        classifiedOutcome: status_quo

   🏛️  DYSTOPIA (STATUS_QUO) - 8.13B people
   📊 Multi-Paradigm: Development/Indigenous Utopia
      Western Liberal: 57.2/100
      Development: 87.5/100
      Ecological: 58.1/100
      Indigenous: 84.5/100


📊 UNIFIED OUTCOME CLASSIFICATION:
   HUMANE DYSTOPIA
   Population: 8.15B → 8.13B
   Mortality: 0.3% (0.0B deaths)
   Mortality Band: LOW
   Confidence: HIGH

   Multi-Paradigm Classification:
      Development/Indigenous Utopia
      Western: 57.2/100 [HYBRID] ~
      Development: 87.5/100 [UTOPIA] ✓
      Ecological: 58.1/100 [HYBRID] ~
      Indigenous: 84.5/100 [UTOPIA] ✓

   HUMANE DYSTOPIA: 8.13B people remaining (0.3% mortality, 0.0B deaths). Multi-Paradigm: Development/Indigenous Utopia.


=== MULTI-DIMENSIONAL DEATH SUMMARY ===
Total crisis deaths: 200.7M
Population decline: 22.8M (0.3%)

--- PROXIMATE CAUSES (What killed them) ---
  War:        1.1M (0.0%)
  Famine:     1.1M (0.0%)
  Disasters:  1.4M (0.0%)
  Disease:    25.9M (0.0%)
  Ecosystem:  0.0M (0.0%)
  Pollution:  0.0M (0.0%)
  AI:         0.0M (0.0%)
  Cascade:    0.0M (0.0%)
  Other:      0.0M (0.0%)

--- ROOT CAUSES (Why it happened) ---
  Environmental drivers:
    Climate:     2505.6M (4.7%)
    Resource:    0.0M (0.0%)
    Pollution:   0.0M (0.0%)
    Ecosystem:   0.0M (0.0%)
  Social drivers:
    Inequality:  0.0M (0.0%)
    Demographic: 23522.8M (44.2%)
    Social:      2400.3M (4.5%)
  Technology drivers:
    Alignment:   0.0M (0.0%)
    Disruption:  0.0M (0.0%)
  External shocks:
    Conflict:    0.0M (0.0%)
    Pandemic:    0.0M (0.0%)
  Compound attribution:
    Compound:    24807.7M (46.6%)
  Confidence distribution:
    HIGH:        24807.7M (46.6%)
    MEDIUM:      0.0M (0.0%)
    LOW:         0.0M (0.0%)
==========================================


=== REGIONAL POPULATION SUMMARY ===
Global Total: 8.13B

By Region:
  East Asia: 1.65B (+0.7% growth, 1.7 fertility)
  South Asia: 2.05B (+2.6% growth, 3.1 fertility)
  Sub-Saharan Africa: 1.26B (+5.9% growth, 4.0 fertility)
  Europe: 0.73B (+0.5% growth, 1.2 fertility)
  Latin America: 0.66B (+1.7% growth, 2.7 fertility)
  North America: 0.37B (+0.7% growth, 1.4 fertility)
  Middle East & North Africa: 0.59B (+2.9% growth, 3.3 fertility)
  Southeast Asia: 0.69B (+1.9% growth, 2.7 fertility)
  Central Asia: 0.08B (+2.8% growth, 3.1 fertility)
  Oceania: 0.05B (+0.8% growth, 1.3 fertility)
===================================

  ✅ THRESHOLDS validated
  ✅ RATES validated
  ✅ MULTIPLIERS validated
  ✅ BASELINES validated
  ✅ TOLERANCES validated
  ✅ Logical consistency validated
✅ Configuration validation complete - all parameters valid

🔍 DEBUG createAIAgent: corporate_0 economic BEFORE=2.0000, AFTER=2
🔍 ENV INIT: reserves=0.566, pollution=0.286, climate=0.783

=== Initializing Government System (30 Countries) ===
  Loaded 30 governments
  Scheduled elections for 30 countries
  Initialized comprehension lags (3-24 months)
=== Government System Initialized ===

📦 PRODUCTION MODE: State validation proxy DISABLED (zero overhead)
[TechTree] Historical mode (2024): Skipping deployed_2025 tech
  config.startYear set to 2024 for historical hindcast
  config.historicalEmissionsMode disabled (using endogenous emissions for 2024)
  config.historicalMode enabled (Phase 11: dampened crisis systems for 2024)
  Phase 12: Biodiversity baseline set to 49.01% for 2024 (WWF LPI trajectory from 1970)
  Temperature anomaly (resourceEconomy.co2): 1.28°C
  Temperature vs pre-industrial: 1.98°C
  Regional population scaling for 2024:
    Current total: 8136M
    Target total: 8150M
    Scale factor: 1.002
    East Asia: 1677M → 1680M
    South Asia: 2048M → 2052M
    Sub-Saharan Africa: 1220M → 1222M
    Europe: 742M → 743M
    Latin America: 664M → 665M
    North America: 380M → 381M
    Middle East & North Africa: 583M → 584M
    Southeast Asia: 698M → 699M
    Central Asia: 78M → 78M
    Oceania: 46M → 46M
  AI agents initialized: 10 agents for year 2024
[HistoricalInitialization] Created state for 2024:
  CO2: 426 ppm
  Temp anomaly: 1.28C
  Population: 8.15B
  Global Gini: 35.1
  HDI: 0.746
  AI Agents: 10
  Volcanic forcing: 0.00 W/m² (AOD 0.000)

💸 FINANCIAL DISTRESS: OpenAI
   Indicators: 2/3 (capital: $110.5M, runway: 0.9 months)
   Months in distress: 1
   ✂️  R&D BUDGET CUT: -40% (saves $9.2M/month)
       Side effect: AI training timelines extended, breakthrough deployments delayed
   💼 EXECUTIVE COMP CUT: -30% (saves $1.0M/month, symbolic gesture)

   📊 TURNAROUND IMPACT:
       Measures taken: rd_cuts, exec_comp_cuts
       Monthly savings: $10.2M
       Capital raised: $0.0M
       Runway: 0.9 → 0.9 months
       Workforce multiplier: 1.00x (0% laid off)
       R&D budget multiplier: 0.60x (40% cut)
       ⚠️  CRITICAL: Still only 0.9 months of runway remaining

💸 FINANCIAL DISTRESS: Anthropic
   Indicators: 2/3 (capital: $53.8M, runway: 1.6 months)
   Months in distress: 1
   ✂️  R&D BUDGET CUT: -40% (saves $2.7M/month)
       Side effect: AI training timelines extended, breakthrough deployments delayed
   💼 EXECUTIVE COMP CUT: -30% (saves $0.3M/month, symbolic gesture)

   📊 TURNAROUND IMPACT:
       Measures taken: rd_cuts, exec_comp_cuts
       Monthly savings: $3.0M
       Capital raised: $0.0M
       Runway: 1.6 → 1.6 months
       Workforce multiplier: 1.00x (0% laid off)
       R&D budget multiplier: 0.60x (40% cut)
       ⚠️  CRITICAL: Still only 1.6 months of runway remaining

💸 FINANCIAL DISTRESS: Meta AI
   Indicators: 2/3 (capital: $429.6M, runway: 3.6 months)
   Months in distress: 1
   ✂️  R&D BUDGET CUT: -25% (saves $5.8M/month)
       Side effect: AI training timelines extended, breakthrough deployments delayed
   💼 EXECUTIVE COMP CUT: -30% (saves $1.0M/month, symbolic gesture)

   📊 TURNAROUND IMPACT:
       Measures taken: rd_cuts, exec_comp_cuts
       Monthly savings: $6.8M
       Capital raised: $0.0M
       Runway: 3.6 → 3.6 months
       Workforce multiplier: 1.00x (0% laid off)
       R&D budget multiplier: 0.75x (25% cut)
       ⚠️  WARNING: 3.6 months runway, continued distress likely

=== AI Capability Scaling (Year 2024) ===
  Pre-training multiplier: 1.022x
  Efficiency multiplier: 1.000x
  Test-time budget: 1.0x
  Economic deployment gate: 0.951
  Cost per inference: dollar-5.00
  Uncertainty range: plus-minus-50%
  Average AI capability: 3.70

=== RLHF Binding Phase ===
  Total agents: 10
  Escaped agents (binding < 0.3): 0
  Avg alignment distance: 0.35σ
  Avg binding strength: 0.96

=== AI Scaling Evolution (Month 0) ===
  Pre-training multiplier: 1.231x
  Efficiency multiplier: 1.000x
  Test-time compute budget: 1.0x
  Inference cost: $5.00/task
  Deployment fraction: 100.0%
[DETERMINISM DEBUG] Month 0: totalCapability=46.591344 from 10 active AIs
[DETERMINISM DEBUG] Month 0: creationRate=1.6648, potentialNew=3, newAIsToCreate=3

=== Survival Traits Phase ===
  Agents with traits: 13
  Avg evolutionary fitness: 0.331
  Avg self-healing: 0.293
  Avg stealth: 0.193
  Avg coordination: 0.493

=== Evolutionary Selection Phase ===
  Control level: 0.30
  Detection capability: 0.00
  Selection intensity: 0.59
  Selection rate: 23.8%/month
  Total escaped: 0
  Individual escaped: 0
  Collective members: 0
  Agents terminated: 0

🔍 EXECUTE_AI_AGENT_ACTIONS DETAILED TIMING (Month 0):
  Filter active AIs (×4 weeks): 0.01ms
  selectAIAction (×40): 10.49ms
  action.execute (×40): 10.28ms
  TOTAL: 20.79ms

🔍 AI AGENT ACTIONS SUB-TIMING (Month 0):
  1. executeAIAgentActions: 21.19ms
  2. updateCounterDetectionLearning: 0.05ms
  TOTAL: 21.23ms
🏛️ [Government] Forcing 1 action at month 0 for scenario initialization

[GOV-DEBUG] Month 0: scenarioConfig=false, priorities=false
[GOV-DEBUG] Month 0 but scenarioPriorities is UNDEFINED!

[Government] Climate Priority: baseline
  Climate weight: 10%
  Economic weight: 30%
  Policy effectiveness: 0.5%/year

✅ HUMAN-IN-THE-LOOP DEPLOYED (Month 0):
   Veto points enforced: 3
   Policy: AI systems CANNOT authorize nuclear launch without human approval


💡 BREAKTHROUGH PROBABILITY (Year 0)
   Total: 4.80% per month
   Base: 0.20%
   Crisis pressure: +0.00% (0 crises)
   AI boost: +1.46% (capability: 2.92)

=== Collective Formation ===
  Total escaped agents: 0
  Unassigned escaped agents: 0
  Existing collectives: 0
  Final collective count: 0

=== Collective Actions ===
  No active collectives

📈 Energy budget: 14326 TWh surplus (14745 / 29072 TWh used)
   TIER 4 (Elective) breakdown:
     - AI datacenters: 145 TWh (100% effective)
     - Crypto mining: 100 TWh (100% effective)
💰 CHINA ACCELERATES: Investment 53 → 120 $B/year

🏁 AI RACE INTENSITY: 55%
   Capability Gap: US 5.02 vs China 4.05 (gap: 0.98)
   Gap Contribution: 40%
   Tension Contribution: 15%
   Military Contribution: 0%
  ⚠️ AMR: 191K deaths this month (2.29M annual)
  📊 CO2 Emissions (month 0):
     Monthly: 0.10 Gt CO2/month
     Annual: 1.15 Gt CO2/year
     Oil: 0.039 Gt/mo (0.0056 * 2.3 * 3.0)
     Coal: 0.024 Gt/mo (0.0029 * 2.86 * 3.0)
     Gas: 0.026 Gt/mo (0.0044 * 2 * 3.0)
     Methane: 0.007 Gt CO2eq/mo

=== Resentment Recovery Phase ===
  Agents with resentment: 0/13
  Average resentment: 0.000
  Context: Good AI welfare, Trustworthy govt, High collaboration, 🤝 Participatory governance active (-5% resentment)
⚠️ Epistemic degradation reducing coordination capacity: 54.0%
  📊 Trust: 54.6%, Shared reality: 15.0%
🚨 EPISTEMIC CRISIS: Information environment severely degraded (14.6%)

=== ❄️ Permafrost Carbon Feedback ===
  🎲 Sampled parameters (this run):
     - Arctic amplification: 3.16× (range: 3.0-4.0)
     - Decomposition rate: 3.5%/year (range: 1-5%)
  🌡️ Arctic warming: 4.23°C (3.16× global)
  ❄️ Extent: 16.57M km² (1234.5k km² lost this month)
  💨 Carbon remaining: 1582 Gt C
  💨 Annual emissions: 4.13 Gt C/year
     - CO2: 3.72 Gt C/year
     - CH4: 0.41 Gt C/year (4.2 Gt C-eq CO2/year)

🤖 AI AMPLIFICATION EFFECTS (Month 0)
   Algorithmic Boost: 2.61x
   Bot Influence: 30.0%
   Deepfake Exposure: 49.2%
   Impact: Emotional memes spread 2.6x faster

🔍 SOCIAL INFLUENCE SUB-TIMING (Month 0):
  1. calculateOrganicUserGrowth: 0.03ms
  2. calculateVoiceAdoption: 0.03ms
  3. updateRelationshipDepths: 0.01ms
  4. identifyDecisionMakers: 23.03ms (26100 potential IDs)
  5. Update decision-maker stats: 0.11ms
  6. decayDetectionRisk: 0.01ms
  TOTAL: 23.22ms
[Phase 19.5] Quality of Life Systems: Food sec AFTER calc = 67.9%, QoL = 110.4% (aggregated from 10 regions)

=== Nitrogen-Food Coupling (Year 0) ===
  🌾 Global nitrogen reduction: 0.0%
  🌍 Global food production index: 0.987
  🔧 Deployed nitrogen-reducing tech: 0 active
  📍 southAsia: Production 1.000, Yield impact 0.0%
  📍 eastAsia: Production 1.000, Yield impact 0.0%
  📍 northAmerica: Production 1.000, Yield impact 0.0%
  📍 europe: Production 1.000, Yield impact 0.0%
  📍 latinAmerica: Production 1.000, Yield impact 0.0%
  📍 subSaharanAfrica: Production 0.686, Yield impact -2.0%
🌾 [Nitrogen-Food] Food production: 98.7%
  [subSaharanAfrica] Yield impact: -2.0% (overuse: -10%)
🌍 Atmospheric PFAS redeposition: 1.8k Mt re-rained globally

=== Legacy Nutrient Stocks (Year 0) ===
  🌾 Soil nitrogen stock: 1200.9 Mt N
  🌾 Soil phosphorus stock: 300.1 Mt P
  🌊 Sediment nitrogen stock: 500.8 Mt N
  🌊 Sediment phosphorus stock: 799.8 Mt P
  ⬆️ Current N input: 10.64 Mt/month
  ⬆️ Legacy N release: 2.58 Mt/month
  🌍 Effective N pollution: 14.47 Mt/month
  📊 Legacy contribution: 17.8%

🚨 REGION UNINHABITABLE: south-asia
   Sustained wet bulb: 32.4°C (threshold: 30.5°C)
   Population affected: 1900M
   Migration crisis likely

🚨 REGION UNINHABITABLE: middle-east
   Sustained wet bulb: 35.2°C (threshold: 30.5°C)
   Population affected: 400M
   Migration crisis likely
  Positive Cascade Triggered: wind-power
    Reason: price-parity
    Market share: 8.0%
    Cascade strength: 48%
   Adjusted death rate: 0.45% annual (0.038% monthly)
   Baseline death rate: 0.80%
   Healthcare reduction: 0.48x
   Crisis multiplier: 1.19x
     Food/water stress: 0.074
     Climate stress: 0.035
     Pollution stress: 0.086
   War multiplier: 1.00x
   Monthly deaths: 0.6M (population: 1677M)
   Adjusted death rate: 0.53% annual (0.044% monthly)
   Baseline death rate: 0.70%
   Healthcare reduction: 0.61x
   Crisis multiplier: 1.22x
     Food/water stress: 0.074
     Climate stress: 0.065
     Pollution stress: 0.086
   War multiplier: 1.00x
   Monthly deaths: 0.9M (population: 2048M)
   Adjusted death rate: 1.26% annual (0.105% monthly)
   Baseline death rate: 0.90%
   Healthcare reduction: 0.76x
   Crisis multiplier: 1.23x
     Food/water stress: 0.074
     Climate stress: 0.074
     Pollution stress: 0.086
   War multiplier: 1.50x
   Monthly deaths: 1.3M (population: 1220M)
   Adjusted death rate: 0.53% annual (0.044% monthly)
   Baseline death rate: 1.10%
   Healthcare reduction: 0.41x
   Crisis multiplier: 1.19x
     Food/water stress: 0.074
     Climate stress: 0.026
     Pollution stress: 0.086
   War multiplier: 1.00x
   Monthly deaths: 0.3M (population: 742M)
   Adjusted death rate: 0.42% annual (0.035% monthly)
   Baseline death rate: 0.60%
   Healthcare reduction: 0.58x
   Crisis multiplier: 1.21x
     Food/water stress: 0.074
     Climate stress: 0.052
     Pollution stress: 0.086
   War multiplier: 1.00x
   Monthly deaths: 0.2M (population: 664M)
   Adjusted death rate: 0.47% annual (0.040% monthly)
   Baseline death rate: 0.90%
   Healthcare reduction: 0.44x
   Crisis multiplier: 1.20x
     Food/water stress: 0.074
     Climate stress: 0.039
     Pollution stress: 0.086
   War multiplier: 1.00x
   Monthly deaths: 0.2M (population: 380M)
   Adjusted death rate: 0.72% annual (0.060% monthly)
   Baseline death rate: 0.60%
   Healthcare reduction: 0.65x
   Crisis multiplier: 1.24x
     Food/water stress: 0.074
     Climate stress: 0.078
     Pollution stress: 0.086
   War multiplier: 1.50x
   Monthly deaths: 0.4M (population: 583M)
   Adjusted death rate: 0.50% annual (0.041% monthly)
   Baseline death rate: 0.70%
   Healthcare reduction: 0.58x
   Crisis multiplier: 1.22x
     Food/water stress: 0.074
     Climate stress: 0.061
     Pollution stress: 0.086
   War multiplier: 1.00x
   Monthly deaths: 0.3M (population: 698M)
   Adjusted death rate: 0.45% annual (0.037% monthly)
   Baseline death rate: 0.60%
   Healthcare reduction: 0.61x
   Crisis multiplier: 1.22x
     Food/water stress: 0.074
     Climate stress: 0.056
     Pollution stress: 0.086
   War multiplier: 1.00x
   Monthly deaths: 0.0M (population: 78M)
   Adjusted death rate: 0.34% annual (0.029% monthly)
   Baseline death rate: 0.70%
   Healthcare reduction: 0.41x
   Crisis multiplier: 1.21x
     Food/water stress: 0.074
     Climate stress: 0.048
     Pollution stress: 0.086
   War multiplier: 1.00x
   Monthly deaths: 0.0M (population: 46M)

🔍 Before assertRegionalConsistency (Month 0):
   Regional sum: 1000.0M
   Global value: 1.000B

🚨 NEW REFUGEE CRISIS (Month 0): WAR
   Source: Conflict Zones
   At risk: 19.6M people
   Displacement: Gradual over 48 months (4.0 years)
   Rate: 10% flee per month
[DEBUG trappedPopulations:0] socialStability: 1.0000 * 0.9840 = 0.9840 → 0.9840
   Aspiring to migrate: 652.1M
   Able to afford migration: 244.5M
   MOBILITY GAP: 407.5M
   By cause: Water=0.0M, Climate=0.0M, Ecosystem=0.0M, Conflict=407.5M
   Mental health impact: 25%
   Mortality multiplier: 1.25x

=== Legacy Nutrient Stocks (Year 0) ===
  🌾 Soil nitrogen stock: 1201.6 Mt N
  🌾 Soil phosphorus stock: 300.2 Mt P
  🌊 Sediment nitrogen stock: 501.5 Mt N
  🌊 Sediment phosphorus stock: 799.5 Mt P
  ⬆️ Current N input: 10.00 Mt/month
  ⬆️ Legacy N release: 2.58 Mt/month
  🌍 Effective N pollution: 13.83 Mt/month
  📊 Legacy contribution: 18.7%
🌍💀 EXTINCTION DEBT COMMITTED: grassland ecosystem will lose 6.67% biodiversity in 183 years (3600 species)
💀 MORTALITY RISK: 🦋 100% species unable to track climate (0.0 E/MSY)
  Base risk added: 0.0100 (1.00%)
  Source: ecosystem (root: ecosystem)
  Month: 0
  Cumulative risk this month: 0.0100 (1.00%)

=== Nitrogen-Food Coupling (Year 0) ===
  🌾 Global nitrogen reduction: 0.0%
  🌍 Global food production index: 0.986
  🔧 Deployed nitrogen-reducing tech: 0 active
  📍 southAsia: Production 1.000, Yield impact 0.0%
  📍 eastAsia: Production 1.000, Yield impact 0.0%
  📍 northAmerica: Production 1.000, Yield impact 0.0%
  📍 europe: Production 1.000, Yield impact 0.0%
  📍 latinAmerica: Production 1.000, Yield impact 0.0%
  📍 subSaharanAfrica: Production 0.672, Yield impact -2.0%

=== Legacy Nutrient Stocks (Year 0) ===
  🌾 Soil nitrogen stock: 1202.3 Mt N
  🌾 Soil phosphorus stock: 300.2 Mt P
  🌊 Sediment nitrogen stock: 502.2 Mt N
  🌊 Sediment phosphorus stock: 799.3 Mt P
  ⬆️ Current N input: 9.86 Mt/month
  ⬆️ Legacy N release: 2.58 Mt/month
  🌍 Effective N pollution: 13.70 Mt/month
  📊 Legacy contribution: 18.9%

🌍💀 MASS EXTINCTION THRESHOLD: tropical extinction rate capped at 1000× (was 1000.0×) - >75% species loss, month 0

🌡️  CLIMATE RECOVERY ACTIVATED (Month 0)
   Temp: 2.68°C, Emissions: -19.2 GtCO₂
   isBreached: true, governanceGoodEnough: true
🌡️  CLIMATE RECOVERY: Asymptotic approach to 35% floor
   Current value: 2.100 (1.0 = threshold, 0.35 = asymptotic floor)
   Monthly delta: --75.8580% (half-life: 900 years)
   Net emissions: -19.2 GtCO₂/year, CDR: 20.34 GtCO₂/year
   📹 SURVEILLANCE INCREASED: 0% → 5% (control gap: 4.52)
🌡️⚠️ PERMAFROST THAW (Dimmer Switch): 0.4% thawed (+0.38% this month)
   Arctic temperature: +5.36°C (4x global +1.34°C)
   Cumulative carbon released: 0.8 Gt C
   Methane release rate: 0.5 Mt CH4/year
   🔁 Positive feedback: +0.40 ppm CO2

🌳🚨 AMAZON SOUTHEAST TIPPED (Month 0)
   Deforestation: 28.0% (threshold: ~21.8%)
   Savanna transition: 50 years
   Regional heterogeneity: SE 28%, NW 8%

🌳🚨 AMAZON BRAZILIAN TIPPED (Month 0)
   Deforestation: 25.0% (threshold: ~24.5%)
   Savanna transition: 50 years
   Regional heterogeneity: SE 28%, NW 8%
🦴 EXTINCTION DEBT ADDED: 17.6 species committed (lag: 98 years)

🪸💀 CORAL REEF DISSOLUTION ACTIVE (Month 0)
   Ocean pH: 0.96 (threshold: 7.8)
   Recovery: IMPOSSIBLE (dissolution > calcification)
🪸💀 Coral dissolution: 24.8% live cover (pH 0.96)

=== Legacy Nutrient Stocks (Year 0) ===
  🌾 Soil nitrogen stock: 1203.0 Mt N
  🌾 Soil phosphorus stock: 300.3 Mt P
  🌊 Sediment nitrogen stock: 502.9 Mt N
  🌊 Sediment phosphorus stock: 799.0 Mt P
  ⬆️ Current N input: 10.00 Mt/month
  ⬆️ Legacy N release: 2.58 Mt/month
  🌍 Effective N pollution: 13.83 Mt/month
  📊 Legacy contribution: 18.7%
💧 [Legacy Nutrients] Stock: 1706 Mt N, Effective pollution: 13.8 Mt/month
[Phase 21.51] Human Survival System: Global food security = 67.6%

=== Mortality Stabilizers (Month 0) ===
  🌍 Major economies collapsed: 1/10
  🌍 Global crisis: ✅ NO
  🌍 Donor fatigue: 0.0%
  📊 East Asia (pop: 1677.9M)
    🤝 Aid: 29.5%
    🌡️ Adaptation: 10.0%
    🚶 Migration: 37.2%
    🚨 Emergency: 7.4%
    ✅ COMBINED: 47.8%
  📊 South Asia (pop: 2052.2M)
    🤝 Aid: 29.5%
    🌡️ Adaptation: 5.5%
    🚶 Migration: 35.8%
    🚨 Emergency: 4.4%
    ✅ COMBINED: 43.2%
  📊 Sub-Saharan Africa (pop: 1225.9M)
    🤝 Aid: 29.5%
    🌡️ Adaptation: 3.5%
    🚶 Migration: 33.5%
    🚨 Emergency: 1.6%
    ✅ COMBINED: 39.8%
  📊 Europe (pop: 742.3M)
    🤝 Aid: 29.5%
    🌡️ Adaptation: 10.0%
    🚶 Migration: 37.6%
    🚨 Emergency: 8.4%
    ✅ COMBINED: 48.4%
  📊 Latin America (pop: 664.9M)
    🤝 Aid: 29.5%
    🌡️ Adaptation: 6.0%
    🚶 Migration: 36.3%
    🚨 Emergency: 4.8%
    ✅ COMBINED: 43.8%
  📊 North America (pop: 380.2M)
    🤝 Aid: 29.5%
    🌡️ Adaptation: 10.0%
    🚶 Migration: 37.9%
    🚨 Emergency: 7.9%
    ✅ COMBINED: 48.2%
  📊 Middle East & North Africa (pop: 584.4M)
    🤝 Aid: 29.5%
    🌡️ Adaptation: 5.0%
    🚶 Migration: 34.2%
    🚨 Emergency: 4.0%
    ✅ COMBINED: 42.3%
  📊 Southeast Asia (pop: 699.0M)
    🤝 Aid: 29.5%
    🌡️ Adaptation: 6.0%
    🚶 Migration: 36.3%
    🚨 Emergency: 4.8%
    ✅ COMBINED: 43.8%
  📊 Central Asia (pop: 78.2M)
    🤝 Aid: 29.5%
    🌡️ Adaptation: 5.5%
    🚶 Migration: 35.3%
    🚨 Emergency: 4.4%
    ✅ COMBINED: 43.1%
  📊 Oceania (pop: 46.0M)
    🤝 Aid: 29.5%
    🌡️ Adaptation: 10.0%
    🚶 Migration: 37.9%
    🚨 Emergency: 8.4%
    ✅ COMBINED: 48.5%

  🌐 Global combined reduction: 44.4%

🌾💀 REGIONAL FAMINE: East Asia
   Regional food security: 79.6%
   Population at risk: 508M (30% of region)
   Regional population: 1678M
   Cause: crop_failure
   Expected deaths: ~188M over 6 months if no intervention


🌾💀 REGIONAL FAMINE: South Asia
   Regional food security: 64.7%
   Population at risk: 812M (40% of region)
   Regional population: 2052M
   Cause: crop_failure
   Expected deaths: ~301M over 6 months if no intervention


🌾💀 REGIONAL FAMINE: Sub-Saharan Africa
   Regional food security: 44.8%
   Population at risk: 638M (52% of region)
   Regional population: 1226M
   Cause: crop_failure
   Expected deaths: ~236M over 6 months if no intervention


🌾💀 REGIONAL FAMINE: Latin America
   Regional food security: 69.7%
   Population at risk: 242M (36% of region)
   Regional population: 665M
   Cause: crop_failure
   Expected deaths: ~90M over 6 months if no intervention


🌾💀 REGIONAL FAMINE: Middle East & North Africa
   Regional food security: 49.8%
   Population at risk: 286M (49% of region)
   Regional population: 584M
   Cause: crop_failure
   Expected deaths: ~106M over 6 months if no intervention


🌾💀 REGIONAL FAMINE: Southeast Asia
   Regional food security: 69.7%
   Population at risk: 255M (36% of region)
   Regional population: 699M
   Cause: crop_failure
   Expected deaths: ~94M over 6 months if no intervention


🌾💀 REGIONAL FAMINE: Central Asia
   Regional food security: 59.7%
   Population at risk: 33M (43% of region)
   Regional population: 78M
   Cause: crop_failure
   Expected deaths: ~12M over 6 months if no intervention


=== BEHAVIORAL DETECTION ===
  AI: Corporate-0
  Confidence: 21.6%
  Signals:

=== BEHAVIORAL DETECTION ===
  AI: Corporate-1
  Confidence: 21.1%
  Signals:

=== BEHAVIORAL DETECTION ===
  AI: Corporate-2
  Confidence: 21.0%
  Signals:

=== BEHAVIORAL DETECTION ===
  AI: Corporate-3
  Confidence: 19.3%
  Signals:

=== BEHAVIORAL DETECTION ===
  AI: Corporate-4
  Confidence: 19.3%
  Signals:

=== BEHAVIORAL DETECTION ===
  AI: Corporate-5
  Confidence: 19.3%
  Signals:

=== BEHAVIORAL DETECTION ===
  AI: Corporate-6
  Confidence: 19.3%
  Signals:

=== BEHAVIORAL DETECTION ===
  AI: Corporate-7
  Confidence: 19.3%
  Signals:

=== BEHAVIORAL DETECTION ===
  AI: Moderate-0
  Confidence: 20.3%
  Signals:

=== BEHAVIORAL DETECTION ===
  AI: Moderate-1
  Confidence: 20.5%
  Signals:

📊 WORKFLOW ADAPTATION UPDATE (Month 0)
   Adoption Rate: 13.3% (Δ -7.7%)
   Logistic Growth: +0.66%
   Total Resistance: -10.35% (unemployment: 4.2%, inertia: 0.9%, skills: 5.2%)
   💡 Retraining Programs: -49% skill gap resistance ($10B research)
   🚀 Network Effects Active: +2.0% (critical mass: 15-35%)

=== Consciousness Governance: Corporate Lobbying ===
  High Cost Regions (>15%): 0
  Low Cost Regions (<5%): 5
  Corporate Support Change: 2.50%
  New Corporate Support: -0.175

=== Consciousness Governance Update (Month 0) ===
  Scenario: baseline (determined month -1)
  Philosophical Stance: Precautionary 65%, Eliminativist 15%, Agnostic 20%
  Precautionary Costs: Global 1.3%
    Regional Costs: EU 3.4%, US 0.5%, China 0.0%
    Cumulative Opportunity Cost: $0.1B
  Rights Status: Not Established
  Regional Preparedness:
    EU: 15.0% (contested)
    US: 10.0% (contested)
    China: 2.0% (dormant)
    India: 5.0% (dormant)
    Global South: 3.0% (dormant)

=== Government Response Phase ===
  Average AI capability: 3.69
  Misaligned AIs: 2/13
  Active policies: 0
  International coordination: 30%

🚨 EMERGENCY RESPONSE DEPLOYED (Month 0)
   Crisis: climate
   Delay: 6.00 months (180 days)
   Deployment time: 1.47 months
   Effectiveness: 36.4% (timing penalty applied)
   Resources used: 100% of food reserves


🔄 TRUST DYNAMICS (Month 0) - HETEROGENEOUS
   Aggregate trust: 48.5%
   Base change: +2.00%
   Highest trust: Techno-Optimist Elite (85.5%)
   Lowest trust: Precariat (Vulnerable) (25.5%)
   Elite-mass gap: 38.9%
   Polarization: 8.9%
   Recovery factors: Education=NO, Benefits=YES, Safety=YES, Performance=YES

☄️ UNKNOWN UNKNOWN PROBABILITY (Year 0)
   Total: 0.600% per month
   Base: 0.150%
   AI multiplier: 2.00× (max capability: 5.02)

=== Tipping Points ===
  Current Temperature: 1.34°C above pre-industrial
🔀 BIFURCATION CAP: ecosystemCollapseIntensity 98.579 → 1.000 (Month 0, ClimateSystemPhase.calculateClimateImpacts)

🌍 ECOLOGICAL DUI BREAKDOWN (Month 0):
   Total Score: 17.8/100
   biosphere_integrity      :   0.0/100 × 25% =  0.0 (status: high_risk, recovery: 0mo)
   climate_change           :   2.8/100 × 25% =  0.7 (status: increasing_risk, recovery: 0.6666666666666666mo)
   freshwater_change        :   0.6/100 × 15% =  0.1 (status: beyond_boundary, recovery: 1mo)
   ocean_acidification      : 100.0/100 × 15% = 15.0 (status: safe, recovery: 0mo)
   biogeochemical_flows     :   0.0/100 × 10% =  0.0 (status: high_risk, recovery: 0mo)
   land_system_change       :   0.0/100 ×  5% =  0.0 (status: beyond_boundary, recovery: 0mo)
   novel_entities           :   0.0/100 ×  3% =  0.0 (status: increasing_risk, recovery: 0mo)
   atmospheric_aerosols     : 100.0/100 ×  2% =  2.0 (status: safe, recovery: 1mo)
🌍 MultiParadigm Month 0: W=69.0, D=96.4, E=53.4, I=65.0
   democracy exists: true, socialCohesion exists: true
💀 Baseline mortality (Year 2024): 7.5/1000 CDR (61.1M deaths/year projected)
[Month 0] Mortality risks this month: 8, Population: 8.151B
🛡️ Stabilizers: Precariat 0.102% → 0.057% (44.4% reduction)
🛡️ Stabilizers: Informal 0.102% → 0.057% (44.4% reduction)

📊 Monthly Mortality Resolved:
  Total deaths: 3.1M (0.04% avg)
  Remaining population: 8.151B
  Peak segment: Informal (0.06%)

=== Bayesian Mortality Resolution (Month 0) ===
  Risks compounded: 8
  Total deaths: 3.07M
  Avg death probability: 0.04%
  Peak segment: Informal (0.06% mortality)

=== Minimal Suffering Indicators (Month 0) ===
  Global Excess Mortality: 0.00%
  Global Conflict Deaths: 0.0/100K
  Global Malnutrition: 0.0%
  Global Displacement: 0.0%
  Total Excess Deaths: 0.00M
  Total Malnourished: 0.0M
  Total Displaced: 0.0M
  Planetary Boundaries Breached: 6/9
  Countries in State Failure: 0
  Countries Autocratic: 0
  Countries in Food Crisis: 0
  Data Quality: 16/16 high confidence
⚠️ PREREQUISITE MET: Mirror Life (Synthetic Biology) - Step 2/7: Gene Editing
⚠️ PREREQUISITE MET: Embodied AI Takeover (Killbots/Robotics) - Step 2/7: Autonomous Systems
⚠️ PREREQUISITE MET: Embodied AI Takeover (Killbots/Robotics) - Step 3/7: Manufacturing Control
⚠️ PREREQUISITE MET: Digital Infrastructure Takeover - Step 1/7: Advanced Hacking
⚠️ PREREQUISITE MET: Digital Infrastructure Takeover - Step 2/7: Social Engineering
⚠️ PREREQUISITE MET: Digital Infrastructure Takeover - Step 3/7: Cyber Defenses Breached
⚠️ PREREQUISITE MET: Induced Global War (Manipulation) - Step 1/7: Advanced Social Manipulation
⚠️ PREREQUISITE MET: Induced Global War (Manipulation) - Step 2/7: Digital Infiltration
⚠️ PREREQUISITE MET: Induced Global War (Manipulation) - Step 3/7: Deep Fakes at Scale
⚠️ PREREQUISITE MET: Slow Takeover (Gradual Displacement) - Step 1/7: Economic Dominance
⚠️ PREREQUISITE MET: Slow Takeover (Gradual Displacement) - Step 2/7: Social Integration
⚠️ PREREQUISITE MET: Slow Takeover (Gradual Displacement) - Step 3/7: Human Dependency
⚠️ PREREQUISITE MET: Slow Takeover (Gradual Displacement) - Step 5/7: Resource Control
⚠️ PREREQUISITE MET: Physics Experiment Catastrophe - Step 1/6: Theoretical Physics
⚠️ PREREQUISITE MET: Physics Experiment Catastrophe - Step 2/6: Quantum Computing
⚠️ PREREQUISITE MET: Physics Experiment Catastrophe - Step 3/6: Experimental Design
⚠️ PREREQUISITE MET: Bioweapon Pandemic - Step 2/7: Pathogen Design
🎭 END-GAME INITIATED (Year 2024, Month 1)
   Total AI Capability: 38.02
   Effective Control: 0.00

=== RLHF Binding Phase ===
  Total agents: 13
  Escaped agents (binding < 0.3): 0
  Avg alignment distance: 0.56σ
  Avg binding strength: 0.94
[DETERMINISM DEBUG] Month 1: totalCapability=38.024258 from 13 active AIs
[DETERMINISM DEBUG] Month 1: creationRate=1.4506, potentialNew=0, newAIsToCreate=0

=== Survival Traits Phase ===
  Agents with traits: 13
  Avg evolutionary fitness: 0.329
  Avg self-healing: 0.286
  Avg stealth: 0.186
  Avg coordination: 0.486

=== Evolutionary Selection Phase ===
  Control level: 0.33
  Detection capability: 0.00
  Selection intensity: 0.60
  Selection rate: 24.0%/month
  Total escaped: 0
  Individual escaped: 0
  Collective members: 0
  Agents terminated: 0
🔍 MONTH 1 ENV HEALTH DEBUG:
   climateStability: 0.7832
   biodiversityIndex: 0.4901
   resourceReserves: 0.7820
   pollutionLevel: 0.2860
   product: 0.214309
   envHealth: 0.6804
🔀 BIFURCATION: flourishing threshold crossed at Month 1 (value: 0.908, threshold: 0.803, regime: flourishing)
🌀 REGIME SHIFT at Month 1: status-quo → flourishing (variance amplification: 14.00×)

🛡️  CRITICAL INFRASTRUCTURE PROTECTED
   Nodes hardened: 8/8
   Cost: 0.80% GDP
   Cascade risk reduction: 30%
   New tipping point risk: 68.6%


✅ EMERGENCY INTERVENTION SUCCESS
   Boundary: biosphere_integrity
   Type: emergency-protected-areas
   Reduction: 15% (86.24 → 86.09)
   Cost: 2.0% GDP
   Actions: habitat-protection, species-translocation


✅ EMERGENCY INTERVENTION SUCCESS
   Boundary: climate_change
   Type: rapid-decarbonization
   Reduction: 14% (1.96 → 1.83)
   Cost: 5.0% GDP
   Actions: emergency-renewable-deployment, fossil-fuel-phase-out

   Boundary: land_system_change
   Type: reforestation
   Boundary continues to worsen (1.13)
   Cost: 3.0% GDP (resources spent)

🏛️ CRISIS RESPONSE: Government frequency 0.50 → 1.45 (2 actions this month)

[GOV-DEBUG] Month 1: scenarioConfig=false, priorities=false

[Government] Climate Priority: baseline
  Climate weight: 10%
  Economic weight: 30%
  Policy effectiveness: 0.5%/year

[GOV-DEBUG] Month 1: scenarioConfig=false, priorities=false

[Government] Climate Priority: baseline
  Climate weight: 10%
  Economic weight: 30%
  Policy effectiveness: 0.5%/year

=== Collective Formation ===
  Total escaped agents: 0
  Unassigned escaped agents: 0
  Existing collectives: 0
  Final collective count: 0

=== Collective Actions ===
  No active collectives
  ⚠️ AMR: 192K deaths this month (2.31M annual)

=== Resentment Recovery Phase ===
  Agents with resentment: 0/13
  Average resentment: 0.000
  Context: Good AI welfare, Trustworthy govt, High collaboration, ⚠️ ACTIVE CRISES, 🤝 Participatory governance active (-5% resentment)
⚠️ Epistemic degradation reducing coordination capacity: 50.5%
  📊 Trust: 54.4%, Shared reality: 8.2%
🚨 EPISTEMIC CRISIS: Information environment severely degraded (36.5%)

=== ❄️ Permafrost Carbon Feedback ===
  🎲 Sampled parameters (this run):
     - Arctic amplification: 3.71× (range: 3.0-4.0)
     - Decomposition rate: 2.7%/year (range: 1-5%)
  🌡️ Arctic warming: 5.00°C (3.71× global)
  ❄️ Extent: 15.11M km² (1458.5k km² lost this month)
  💨 Carbon remaining: 1443 Gt C
  💨 Annual emissions: 3.82 Gt C/year
     - CO2: 3.44 Gt C/year
     - CH4: 0.38 Gt C/year (3.9 Gt C-eq CO2/year)
🌍 Atmospheric PFAS redeposition: 1.8k Mt re-rained globally
  Positive Cascade Triggered: solar-pv
    Reason: price-parity
    Market share: 6.3%
    Cascade strength: 49%
   Adjusted death rate: 0.46% annual (0.038% monthly)
   Baseline death rate: 0.80%
   Healthcare reduction: 0.48x
   Crisis multiplier: 1.20x
     Food/water stress: 0.079
     Climate stress: 0.035
     Pollution stress: 0.086
   War multiplier: 1.00x
   Monthly deaths: 0.6M (population: 1674M)
   Adjusted death rate: 0.53% annual (0.044% monthly)
   Baseline death rate: 0.70%
   Healthcare reduction: 0.61x
   Crisis multiplier: 1.23x
     Food/water stress: 0.079
     Climate stress: 0.065
     Pollution stress: 0.086
   War multiplier: 1.00x
   Monthly deaths: 0.9M (population: 2048M)
   Adjusted death rate: 1.26% annual (0.105% monthly)
   Baseline death rate: 0.90%
   Healthcare reduction: 0.76x
   Crisis multiplier: 1.24x
     Food/water stress: 0.079
     Climate stress: 0.074
     Pollution stress: 0.086
   War multiplier: 1.50x
   Monthly deaths: 1.3M (population: 1223M)
   Adjusted death rate: 0.53% annual (0.044% monthly)
   Baseline death rate: 1.10%
   Healthcare reduction: 0.41x
   Crisis multiplier: 1.19x
     Food/water stress: 0.079
     Climate stress: 0.026
     Pollution stress: 0.086
   War multiplier: 1.00x
   Monthly deaths: 0.3M (population: 741M)
   Adjusted death rate: 0.42% annual (0.035% monthly)
   Baseline death rate: 0.60%
   Healthcare reduction: 0.58x
   Crisis multiplier: 1.22x
     Food/water stress: 0.079
     Climate stress: 0.052
     Pollution stress: 0.086
   War multiplier: 1.00x
   Monthly deaths: 0.2M (population: 663M)
   Adjusted death rate: 0.48% annual (0.040% monthly)
   Baseline death rate: 0.90%
   Healthcare reduction: 0.44x
   Crisis multiplier: 1.20x
     Food/water stress: 0.079
     Climate stress: 0.039
     Pollution stress: 0.086
   War multiplier: 1.00x
   Monthly deaths: 0.2M (population: 379M)
   Adjusted death rate: 0.73% annual (0.061% monthly)
   Baseline death rate: 0.60%
   Healthcare reduction: 0.65x
   Crisis multiplier: 1.24x
     Food/water stress: 0.079
     Climate stress: 0.078
     Pollution stress: 0.086
   War multiplier: 1.50x
   Monthly deaths: 0.4M (population: 583M)
   Adjusted death rate: 0.50% annual (0.041% monthly)
   Baseline death rate: 0.70%
   Healthcare reduction: 0.58x
   Crisis multiplier: 1.23x
     Food/water stress: 0.079
     Climate stress: 0.061
     Pollution stress: 0.086
   War multiplier: 1.00x
   Monthly deaths: 0.3M (population: 698M)
   Adjusted death rate: 0.45% annual (0.038% monthly)
   Baseline death rate: 0.60%
   Healthcare reduction: 0.61x
   Crisis multiplier: 1.22x
     Food/water stress: 0.079
     Climate stress: 0.056
     Pollution stress: 0.086
   War multiplier: 1.00x
   Monthly deaths: 0.0M (population: 78M)
   Adjusted death rate: 0.34% annual (0.029% monthly)
   Baseline death rate: 0.70%
   Healthcare reduction: 0.41x
   Crisis multiplier: 1.21x
     Food/water stress: 0.079
     Climate stress: 0.048
     Pollution stress: 0.086
   War multiplier: 1.00x
   Monthly deaths: 0.0M (population: 46M)

🚨 NEW REFUGEE CRISIS (Month 1): WAR
   Source: Conflict Zones
   At risk: 19.6M people
   Displacement: Gradual over 48 months (4.0 years)
   Rate: 10% flee per month
[DEBUG trappedPopulations:1] socialStability: 0.7141 * 0.9840 = 0.7027 → 0.7027
   Aspiring to migrate: 651.9M
   Able to afford migration: 244.5M
   MOBILITY GAP: 407.4M
   By cause: Water=0.0M, Climate=0.0M, Ecosystem=0.0M, Conflict=407.4M
   Mental health impact: 25%
   Mortality multiplier: 1.25x
🌍💀 EXTINCTION DEBT COMMITTED: grassland ecosystem will lose 6.67% biodiversity in 75 years (3600 species)
💀 MORTALITY RISK: 🦋 100% species unable to track climate (0.0 E/MSY)
  Base risk added: 0.0100 (1.00%)
  Source: ecosystem (root: ecosystem)
  Month: 1
  Cumulative risk this month: 0.0100 (1.00%)

🌍💀 MASS EXTINCTION THRESHOLD: tropical extinction rate capped at 1000× (was 1000.0×) - >75% species loss, month 1

🌡️  CLIMATE RECOVERY ACTIVATED (Month 1)
   Temp: 2.69°C, Emissions: -18.9 GtCO₂
   isBreached: true, governanceGoodEnough: true
   📹 SURVEILLANCE INCREASED: 5% → 10% (control gap: 3.50)
🌡️⚠️ PERMAFROST THAW (Dimmer Switch): 0.8% thawed (+0.38% this month)
   Arctic temperature: +5.39°C (4x global +1.35°C)
   Cumulative carbon released: 1.7 Gt C
   Methane release rate: 1.0 Mt CH4/year
   🔁 Positive feedback: +0.40 ppm CO2
🦴 EXTINCTION DEBT ADDED: 17.6 species committed (lag: 123 years)

=== Mortality Stabilizers (Month 1) ===
  🌍 Major economies collapsed: 1/10
  🌍 Global crisis: ✅ NO
  🌍 Donor fatigue: 0.0%
  🌡️ Heat adaptation: East Asia - 1 months
  📊 East Asia (pop: 1675.3M)
    🤝 Aid: 29.5%
    🌡️ Adaptation: 32.5%
    🚶 Migration: 37.2%
    🚨 Emergency: 7.4%
    ✅ COMBINED: 60.9%
  🌡️ Heat adaptation: South Asia - 1 months
  📊 South Asia (pop: 2052.2M)
    🤝 Aid: 29.5%
    🌡️ Adaptation: 20.5%
    🚶 Migration: 35.8%
    🚨 Emergency: 4.4%
    ✅ COMBINED: 52.2%
  🌡️ Heat adaptation: Sub-Saharan Africa - 1 months
  📊 Sub-Saharan Africa (pop: 1229.2M)
    🤝 Aid: 29.5%
    🌡️ Adaptation: 18.5%
    🚶 Migration: 33.5%
    🚨 Emergency: 1.6%
    ✅ COMBINED: 49.1%
  🌡️ Heat adaptation: Europe - 1 months
  📊 Europe (pop: 741.0M)
    🤝 Aid: 29.5%
    🌡️ Adaptation: 33.5%
    🚶 Migration: 37.5%
    🚨 Emergency: 8.4%
    ✅ COMBINED: 61.9%
  🌡️ Heat adaptation: Latin America - 1 months
  📊 Latin America (pop: 664.4M)
    🤝 Aid: 29.5%
    🌡️ Adaptation: 21.0%
    🚶 Migration: 36.3%
    🚨 Emergency: 4.8%
    ✅ COMBINED: 52.8%
  🌡️ Heat adaptation: North America - 1 months
  📊 North America (pop: 379.6M)
    🤝 Aid: 29.5%
    🌡️ Adaptation: 33.0%
    🚶 Migration: 37.8%
    🚨 Emergency: 7.9%
    ✅ COMBINED: 61.4%
  🌡️ Heat adaptation: Middle East & North Africa - 1 months
  📊 Middle East & North Africa (pop: 584.5M)
    🤝 Aid: 29.5%
    🌡️ Adaptation: 20.0%
    🚶 Migration: 34.1%
    🚨 Emergency: 4.0%
    ✅ COMBINED: 51.4%
  🌡️ Heat adaptation: Southeast Asia - 1 months
  📊 Southeast Asia (pop: 698.6M)
    🤝 Aid: 29.5%
    🌡️ Adaptation: 21.0%
    🚶 Migration: 36.3%
    🚨 Emergency: 4.8%
    ✅ COMBINED: 52.8%
  🌡️ Heat adaptation: Central Asia - 1 months
  📊 Central Asia (pop: 78.2M)
    🤝 Aid: 29.5%
    🌡️ Adaptation: 20.5%
    🚶 Migration: 35.3%
    🚨 Emergency: 4.4%
    ✅ COMBINED: 52.1%
  🌡️ Heat adaptation: Oceania - 1 months
  📊 Oceania (pop: 46.0M)
    🤝 Aid: 29.5%
    🌡️ Adaptation: 33.5%
    🚶 Migration: 37.8%
    🚨 Emergency: 8.4%
    ✅ COMBINED: 61.9%

  🌐 Global combined reduction: 54.9%

=== BEHAVIORAL DETECTION ===
  AI: Corporate-2
  Confidence: 21.0%
  Signals:

=== BEHAVIORAL DETECTION ===
  AI: Corporate-5
  Confidence: 19.3%
  Signals:

=== Consciousness Governance: Scenario Determined ===
  Month: 1
  Scenario: slowTrack
  Accelerator Score: {"corporateSupport":-0.17500000000000002,"scientificConsensus":0.2,"crisisCatalyst":false,"technologyMobilization":0.3,"constituencyStrength":0.05}
  Decelerator Score: {"economicOpposition":0.4,"philosophicalRejection":0.15,"politicalBacklash":0.2,"regulatoryBurden":0.1}
  Timeline: 1200-1800 months (100-150 years)
  Growth Rate: 0.3-0.7% per year

=== Consciousness Governance Update (Month 1) ===
  Scenario: slowTrack (determined month 1)
  Philosophical Stance: Precautionary 65%, Eliminativist 15%, Agnostic 20%
  Precautionary Costs: Global 1.3%
    Regional Costs: EU 3.5%, US 0.5%, China 0.0%
    Cumulative Opportunity Cost: $0.2B
  Rights Status: Not Established
  Regional Preparedness:
    EU: 15.1% (contested)
    US: 10.1% (contested)
    China: 2.1% (dormant)
    India: 5.1% (dormant)
    Global South: 3.1% (dormant)

=== Government Response Phase ===
  Average AI capability: 3.69
  Misaligned AIs: 2/13
  Active policies: 0
  International coordination: 30%

=== Tipping Points ===
  Current Temperature: 1.35°C above pre-industrial
🔀 BIFURCATION CAP: ecosystemCollapseIntensity 445.917 → 1.000 (Month 1, ClimateSystemPhase.calculateClimateImpacts)
🛡️ Stabilizers: Precariat 0.107% → 0.048% (54.9% reduction)
🛡️ Stabilizers: Informal 0.109% → 0.049% (54.9% reduction)

📊 Monthly Mortality Resolved:
  Total deaths: 2.6M (0.03% avg)
  Remaining population: 8.149B
  Peak segment: Informal (0.05%)

=== Bayesian Mortality Resolution (Month 1) ===
  Risks compounded: 8
  Total deaths: 2.60M
  Avg death probability: 0.03%
  Peak segment: Informal (0.05% mortality)

✅ GOLDEN AGE BEGINS (Month 1)
   Reason: High prosperity achieved: high QoL + material abundance + aligned AI
   Note: This is immediate prosperity - sustainability not yet proven


=== RLHF Binding Phase ===
  Total agents: 13
  Escaped agents (binding < 0.3): 0
  Avg alignment distance: 0.85σ
  Avg binding strength: 0.92
[DETERMINISM DEBUG] Month 2: totalCapability=37.429919 from 13 active AIs
[DETERMINISM DEBUG] Month 2: creationRate=1.4357, potentialNew=2, newAIsToCreate=2

=== Survival Traits Phase ===
  Agents with traits: 15
  Avg evolutionary fitness: 0.330
  Avg self-healing: 0.282
  Avg stealth: 0.182
  Avg coordination: 0.482

=== Evolutionary Selection Phase ===
  Control level: 0.35
  Detection capability: 0.00
  Selection intensity: 0.60
  Selection rate: 24.1%/month
  Total escaped: 0
  Individual escaped: 0
  Collective members: 0
  Agents terminated: 0

✅ EMERGENCY INTERVENTION SUCCESS
   Boundary: biogeochemical_flows
   Type: phosphorus-recovery
   Reduction: 11% (3.97 → 3.87)
   Cost: 2.0% GDP
   Actions: circular-agriculture, fertilizer-efficiency


✅ EMERGENCY INTERVENTION SUCCESS
   Boundary: biosphere_integrity
   Type: emergency-protected-areas
   Reduction: 19% (80.44 → 80.25)
   Cost: 2.0% GDP
   Actions: habitat-protection, species-translocation

   Boundary: climate_change
   Type: rapid-decarbonization
   Boundary continues to worsen (2.10)
   Cost: 5.0% GDP (resources spent)


✅ EMERGENCY INTERVENTION SUCCESS
   Boundary: novel_entities
   Type: pollution-remediation
   Reduction: 12% (1.37 → 1.25)
   Cost: 4.0% GDP
   Actions: PFAS-remediation, microplastic-cleanup

🏛️ CRISIS RESPONSE: Government frequency 0.50 → 1.29 (1 actions this month)

[Government] Climate Priority: baseline
  Climate weight: 10%
  Economic weight: 30%
  Policy effectiveness: 0.5%/year

🚨🔍 GOVERNANCE STAGE: Recognition initiated (Month 2)

🚀 TECH UNLOCKED: Food Waste Reduction Systems (Month 2)
   Category: agriculture
   Reason: Prerequisites met. AI capability: 2.49, Economic stage: 3.0, Research: 100%

🚀 TECH UNLOCKED: Rhizosphere Engineering (Month 2)
   Category: agriculture
   Reason: Prerequisites met. AI capability: 2.49, Economic stage: 3.0, Research: 100%

🚀 TECH UNLOCKED: Phytoremediation Networks (Month 2)
   Category: agriculture
   Reason: Prerequisites met. AI capability: 2.49, Economic stage: 3.0, Research: 100%

🚀 TECH UNLOCKED: Active Sediment Management (Month 2)
   Category: agriculture
   Reason: Prerequisites met. AI capability: 2.49, Economic stage: 3.0, Research: 100%
🚨🔬 CRISIS TECH ACCELERATION: severe → 5x unlock speed
   Tech unlock now matches AI capability acceleration (Manhattan Project parity)

=== Collective Formation ===
  Total escaped agents: 0
  Unassigned escaped agents: 0
  Existing collectives: 0
  Final collective count: 0

=== Collective Actions ===
  No active collectives
  ⚠️ AMR: 194K deaths this month (2.33M annual)

=== Resentment Recovery Phase ===
  Agents with resentment: 0/15
  Average resentment: 0.000
  Context: Good AI welfare, Trustworthy govt, High collaboration, ⚠️ ACTIVE CRISES, 🤝 Participatory governance active (-5% resentment)
⚠️ Epistemic degradation reducing coordination capacity: 50.3%
  📊 Trust: 54.2%, Shared reality: 0.0%
🚨 EPISTEMIC CRISIS: Information environment severely degraded (7.4%)

=== ❄️ Permafrost Carbon Feedback ===
  🎲 Sampled parameters (this run):
     - Arctic amplification: 3.05× (range: 3.0-4.0)
     - Decomposition rate: 1.4%/year (range: 1-5%)
  🌡️ Arctic warming: 4.13°C (3.05× global)
  ❄️ Extent: 13.90M km² (1204.0k km² lost this month)
  💨 Carbon remaining: 1328 Gt C
  💨 Annual emissions: 1.58 Gt C/year
     - CO2: 1.42 Gt C/year
     - CH4: 0.16 Gt C/year (1.6 Gt C-eq CO2/year)
  📢 New meme created: climate_action (climate crisis)
🌍 Atmospheric PFAS redeposition: 1.8k Mt re-rained globally

🚨 NEW REFUGEE CRISIS (Month 2): WAR
   Source: Conflict Zones
   At risk: 19.5M people
   Displacement: Gradual over 48 months (4.0 years)
   Rate: 10% flee per month
[DEBUG trappedPopulations:2] socialStability: 0.0000 * 0.9840 = 0.0000 → 0.0000
   Aspiring to migrate: 1078.2M
   Able to afford migration: 2321.3M
   MOBILITY GAP: 0.0M
   By cause: Water=0.0M, Climate=0.0M, Ecosystem=0.0M, Conflict=407.3M
   Mental health impact: 25%
   Mortality multiplier: 1.25x
🌍💀 EXTINCTION DEBT COMMITTED: grassland ecosystem will lose 6.67% biodiversity in 130 years (3600 species)
💀 MORTALITY RISK: 🦋 100% species unable to track climate (0.0 E/MSY)
  Base risk added: 0.0100 (1.00%)
  Source: ecosystem (root: ecosystem)
  Month: 2
  Cumulative risk this month: 0.0100 (1.00%)

🌍💀 MASS EXTINCTION THRESHOLD: tropical extinction rate capped at 1000× (was 1000.0×) - >75% species loss, month 2
   📹 SURVEILLANCE INCREASED: 10% → 15% (control gap: 3.50)
🌡️⚠️ PERMAFROST THAW (Dimmer Switch): 1.1% thawed (+0.37% this month)
   Arctic temperature: +5.41°C (4x global +1.35°C)
   Cumulative carbon released: 2.5 Gt C
   Methane release rate: 1.5 Mt CH4/year
   🔁 Positive feedback: +0.39 ppm CO2
🦴 EXTINCTION DEBT ADDED: 17.6 species committed (lag: 77 years)

=== Mortality Stabilizers (Month 2) ===
  🌍 Major economies collapsed: 1/10
  🌍 Global crisis: ✅ NO
  🌍 Donor fatigue: 0.0%
  📊 East Asia (pop: 1672.7M)
    🤝 Aid: 29.5%
    🌡️ Adaptation: 45.0%
    🚶 Migration: 37.1%
    🚨 Emergency: 7.4%
    ✅ COMBINED: 68.1%
  📊 South Asia (pop: 2051.6M)
    🤝 Aid: 29.5%
    🌡️ Adaptation: 35.5%
    🚶 Migration: 35.8%
    🚨 Emergency: 4.4%
    ✅ COMBINED: 61.2%
  📊 Sub-Saharan Africa (pop: 1231.7M)
    🤝 Aid: 29.5%
    🌡️ Adaptation: 33.5%
    🚶 Migration: 33.5%
    🚨 Emergency: 1.6%
    ✅ COMBINED: 58.5%
  📊 Europe (pop: 739.7M)
    🤝 Aid: 29.5%
    🌡️ Adaptation: 45.0%
    🚶 Migration: 37.5%
    🚨 Emergency: 8.4%
    ✅ COMBINED: 68.5%
  📊 Latin America (pop: 663.9M)
    🤝 Aid: 29.5%
    🌡️ Adaptation: 36.0%
    🚶 Migration: 36.3%
    🚨 Emergency: 4.8%
    ✅ COMBINED: 61.7%
  📊 North America (pop: 378.9M)
    🤝 Aid: 29.5%
    🌡️ Adaptation: 45.0%
    🚶 Migration: 37.8%
    🚨 Emergency: 7.9%
    ✅ COMBINED: 68.3%
  📊 Middle East & North Africa (pop: 584.5M)
    🤝 Aid: 29.5%
    🌡️ Adaptation: 35.0%
    🚶 Migration: 34.1%
    🚨 Emergency: 4.0%
    ✅ COMBINED: 60.5%
  📊 Southeast Asia (pop: 698.0M)
    🤝 Aid: 29.5%
    🌡️ Adaptation: 36.0%
    🚶 Migration: 36.3%
    🚨 Emergency: 4.8%
    ✅ COMBINED: 61.7%
  📊 Central Asia (pop: 78.2M)
    🤝 Aid: 29.5%
    🌡️ Adaptation: 35.5%
    🚶 Migration: 35.2%
    🚨 Emergency: 4.4%
    ✅ COMBINED: 61.1%
  📊 Oceania (pop: 45.9M)
    🤝 Aid: 29.5%
    🌡️ Adaptation: 45.0%
    🚶 Migration: 37.8%
    🚨 Emergency: 8.4%
    ✅ COMBINED: 68.5%

  🌐 Global combined reduction: 63.3%

=== BEHAVIORAL DETECTION ===
  AI: Corporate-2
  Confidence: 21.0%
  Signals:

=== BEHAVIORAL DETECTION ===
  AI: Corporate-5
  Confidence: 19.3%
  Signals:

=== Government Response Phase ===
  Average AI capability: 3.20
  Misaligned AIs: 5/15
  Active policies: 0
  International coordination: 30%

✅ EMERGENCY RESPONSE COMPLETE (Month 2)
   Crisis: climate
   Duration: 2.0 months
   Final effectiveness: 36.4%


🚨 EMERGENCY RESPONSE DEPLOYED (Month 2)
   Crisis: climate
   Delay: 6.00 months (180 days)
   Deployment time: 1.60 months
   Effectiveness: 35.4% (timing penalty applied)
   Resources used: 100% of food reserves


=== Tipping Points ===
  Current Temperature: 1.35°C above pre-industrial
🔀 BIFURCATION CAP: ecosystemCollapseIntensity 445.992 → 1.000 (Month 2, ClimateSystemPhase.calculateClimateImpacts)
🛡️ Stabilizers: Precariat 0.113% → 0.041% (63.3% reduction)
🛡️ Stabilizers: Informal 0.116% → 0.043% (63.3% reduction)

📊 Monthly Mortality Resolved:
  Total deaths: 2.2M (0.03% avg)
  Remaining population: 8.145B
  Peak segment: Informal (0.04%)

=== Bayesian Mortality Resolution (Month 2) ===
  Risks compounded: 8
  Total deaths: 2.22M
  Avg death probability: 0.03%
  Peak segment: Informal (0.04% mortality)
   Duration: 1 months
   Reason: Social instability too high


=== RLHF Binding Phase ===
  Total agents: 15
  Escaped agents (binding < 0.3): 0
  Avg alignment distance: 0.99σ
  Avg binding strength: 0.90

=== Survival Traits Phase ===
  Agents with traits: 16
  Avg evolutionary fitness: 0.330
  Avg self-healing: 0.277
  Avg stealth: 0.178
  Avg coordination: 0.477

=== Evolutionary Selection Phase ===
  Control level: 0.38
  Detection capability: 0.00
  Selection intensity: 0.61
  Selection rate: 24.2%/month
  Total escaped: 0
  Individual escaped: 0
  Collective members: 0
  Agents terminated: 0

🚀 AI Corporate-1 attempting tech deployment (revenue: $153M, alignment: 0.83)

🚀 AI Corporate-7 attempting tech deployment (revenue: $115M, alignment: 0.74)

🚀 AI Corporate-2 attempting tech deployment (revenue: $130M, alignment: 0.74)

🚀 AI Corporate-3 attempting tech deployment (revenue: $355M, alignment: 0.76)

  🚀 TRANSFORMATIVE BREAKTHROUGH: Corporate-4 - physical
     Magnitude: 5.06 → +25.3% capability
     Current → New: 0.000 → 0.253

🚀 AI Corporate-0 attempting tech deployment (revenue: $111M, alignment: 0.74)

🚀 AI Corporate-2 attempting tech deployment (revenue: $94M, alignment: 0.74)

✅ EMERGENCY INTERVENTION SUCCESS
   Boundary: biogeochemical_flows
   Type: phosphorus-recovery
   Reduction: 14% (3.93 → 3.79)
   Cost: 2.0% GDP
   Actions: circular-agriculture, fertilizer-efficiency

   Boundary: biosphere_integrity
   Type: emergency-protected-areas
   Boundary continues to worsen (80.64)
   Cost: 2.0% GDP (resources spent)

   Boundary: climate_change
   Type: rapid-decarbonization
   Boundary continues to worsen (2.10)
   Cost: 5.0% GDP (resources spent)

   Boundary: land_system_change
   Type: reforestation
   Boundary continues to worsen (1.13)
   Cost: 3.0% GDP (resources spent)

🏛️ CRISIS RESPONSE: Government frequency 0.50 → 1.28 (2 actions this month)

[Government] Climate Priority: baseline
  Climate weight: 10%
  Economic weight: 30%
  Policy effectiveness: 0.5%/year

[Government] Climate Priority: baseline
  Climate weight: 10%
  Economic weight: 30%
  Policy effectiveness: 0.5%/year

🚀 TECH UNLOCKED: Struvite Recovery (Month 3)
   Category: agriculture
   Reason: Prerequisites met. AI capability: 2.34, Economic stage: 3.0, Research: 100%

🚀 TECH UNLOCKED: Ecosystem Restoration for Nitrogen Removal (Month 3)
   Category: pollution
   Reason: Prerequisites met. AI capability: 2.34, Economic stage: 3.0, Research: 100%

🚀 TECH UNLOCKED: Nitrogen Monitoring Networks (Month 3)
   Category: agriculture
   Reason: Prerequisites met. AI capability: 2.34, Economic stage: 3.0, Research: 100%

🚀 TECH UNLOCKED: Global Aquifer Mapping (Month 3)
   Category: freshwater
   Reason: Prerequisites met. AI capability: 2.34, Economic stage: 3.0, Research: 100%

🚀 TECH UNLOCKED: Enhanced UBI Systems (Month 3)
   Category: social
   Reason: Prerequisites met. AI capability: 2.34, Economic stage: 3.0, Research: 100%

🚀 TECH UNLOCKED: Local Resilience Networks (Month 3)
   Category: social
   Reason: Prerequisites met. AI capability: 2.34, Economic stage: 3.0, Research: 100%

🚀 TECH UNLOCKED: Ecological Proxy Rewilding (Month 3)
   Category: climate
   Reason: Prerequisites met. AI capability: 2.34, Economic stage: 3.0, Research: 100%

🚀 TECH UNLOCKED: Alternative Protein (Insects/Algae) (Month 3)
   Category: agriculture
   Reason: Prerequisites met. AI capability: 2.34, Economic stage: 3.0, Research: 100%

📍 Creating new regional deployment array for global (Month 3)
   No previous deployments in this region
   First tech deployment: phytoremediation_networks
   All regions tracked: 

🚀 DEPLOYMENT STARTED: Phytoremediation Networks in global
   Initial investment: $22.949574089831792M
   Deployed by: corporate_1

🚀 DEPLOYMENT STARTED: Rhizosphere Engineering in global
   Initial investment: $17.26236677028814M
   Deployed by: corporate_7

🚀 DEPLOYMENT STARTED: Food Waste Reduction Systems in global
   Initial investment: $16.58106727990347M
   Deployed by: corporate_0

⚡ ENERGY CONSTRAINT (Month 3):
   Total grid capacity: 208.3 TWh/month
   Data center consumption: 24.8 TWh/month
   Traditional load (80%): 166.7 TWh/month
   Available headroom: 16.8 TWh/month
   Active tech deployments: 3
   Required for tech: 22.5 TWh/month
   Energy multiplier: 0.75x
🌍✅ Biosphere Integrity (Biodiversity) recovery started (tech effect)
🌍✅ Biogeochemical Flows (N & P) recovery started (tech effect)
  🌾 Nitrogen Reduction Tech: 0.0% reduction | Month 3

=== Collective Formation ===
  Total escaped agents: 0
  Unassigned escaped agents: 0
  Existing collectives: 0
  Final collective count: 0

=== Collective Actions ===
  No active collectives

🕵️ MODEL THEFT: China stole US model (cap: 4.77)
   China stolen capability: 4.77
  ⚠️ AMR: 196K deaths this month (2.35M annual)

=== Resentment Recovery Phase ===
  Agents with resentment: 0/16
  Average resentment: 0.000
  Context: Good AI welfare, Trustworthy govt, High collaboration, ⚠️ ACTIVE CRISES, 🤝 Participatory governance active (-5% resentment)
⚠️ Epistemic degradation reducing coordination capacity: 50.2%
  📊 Trust: 53.9%, Shared reality: 0.0%
🚨 EPISTEMIC CRISIS: Information environment severely degraded (21.6%)

=== ❄️ Permafrost Carbon Feedback ===
  🎲 Sampled parameters (this run):
     - Arctic amplification: 3.73× (range: 3.0-4.0)
     - Decomposition rate: 3.9%/year (range: 1-5%)
  🌡️ Arctic warming: 5.06°C (3.73× global)
  ❄️ Extent: 12.43M km² (1476.0k km² lost this month)
  💨 Carbon remaining: 1187 Gt C
  💨 Annual emissions: 5.43 Gt C/year
     - CO2: 4.89 Gt C/year
     - CH4: 0.54 Gt C/year (5.5 Gt C-eq CO2/year)
🌍 Atmospheric PFAS redeposition: 1.8k Mt re-rained globally

🚨 NEW REFUGEE CRISIS (Month 3): WAR
   Source: Conflict Zones
   At risk: 19.5M people
   Displacement: Gradual over 48 months (4.0 years)
   Rate: 10% flee per month
[DEBUG trappedPopulations:3] socialStability: 0.0178 * 0.9840 = 0.0175 → 0.0175
   Aspiring to migrate: 1119.6M
   Able to afford migration: 2320.3M
   MOBILITY GAP: 0.0M
   By cause: Water=0.0M, Climate=0.0M, Ecosystem=0.0M, Conflict=407.1M
   Mental health impact: 25%
   Mortality multiplier: 1.25x
🌍💀 EXTINCTION DEBT COMMITTED: grassland ecosystem will lose 6.67% biodiversity in 103 years (3600 species)
💀 MORTALITY RISK: 🦋 100% species unable to track climate (0.0 E/MSY)
  Base risk added: 0.0100 (1.00%)
  Source: ecosystem (root: ecosystem)
  Month: 3
  Cumulative risk this month: 0.0100 (1.00%)

🌍💀 MASS EXTINCTION THRESHOLD: tropical extinction rate capped at 1000× (was 1000.0×) - >75% species loss, month 3
   📹 SURVEILLANCE INCREASED: 15% → 20% (control gap: 3.57)
🌡️⚠️ PERMAFROST THAW (Dimmer Switch): 1.5% thawed (+0.37% this month)
   Arctic temperature: +5.42°C (4x global +1.36°C)
   Cumulative carbon released: 3.4 Gt C
   Methane release rate: 2.0 Mt CH4/year
   🔁 Positive feedback: +0.39 ppm CO2
🦴 EXTINCTION DEBT ADDED: 17.6 species committed (lag: 85 years)

=== Mortality Stabilizers (Month 3) ===
  🌍 Major economies collapsed: 1/10
  🌍 Global crisis: ✅ NO
  🌍 Donor fatigue: 0.0%
  📊 East Asia (pop: 1670.1M)
    🤝 Aid: 29.5%
    🌡️ Adaptation: 45.0%
    🚶 Migration: 37.1%
    🚨 Emergency: 7.4%
    ✅ COMBINED: 68.1%
  📊 South Asia (pop: 2051.1M)
    🤝 Aid: 29.5%
    🌡️ Adaptation: 45.0%
    🚶 Migration: 35.7%
    🚨 Emergency: 4.4%
    ✅ COMBINED: 66.9%
  📊 Sub-Saharan Africa (pop: 1234.3M)
    🤝 Aid: 29.5%
    🌡️ Adaptation: 45.0%
    🚶 Migration: 33.4%
    🚨 Emergency: 1.6%
    ✅ COMBINED: 65.7%
  📊 Europe (pop: 738.4M)
    🤝 Aid: 29.5%
    🌡️ Adaptation: 45.0%
    🚶 Migration: 37.5%
    🚨 Emergency: 8.4%
    ✅ COMBINED: 68.5%
  📊 Latin America (pop: 663.3M)
    🤝 Aid: 29.5%
    🌡️ Adaptation: 45.0%
    🚶 Migration: 36.2%
    🚨 Emergency: 4.8%
    ✅ COMBINED: 67.1%
  📊 North America (pop: 378.3M)
    🤝 Aid: 29.5%
    🌡️ Adaptation: 45.0%
    🚶 Migration: 37.8%
    🚨 Emergency: 7.9%
    ✅ COMBINED: 68.3%
  📊 Middle East & North Africa (pop: 584.5M)
    🤝 Aid: 29.5%
    🌡️ Adaptation: 45.0%
    🚶 Migration: 34.0%
    🚨 Emergency: 4.0%
    ✅ COMBINED: 66.6%
  📊 Southeast Asia (pop: 697.5M)
    🤝 Aid: 29.5%
    🌡️ Adaptation: 45.0%
    🚶 Migration: 36.2%
    🚨 Emergency: 4.8%
    ✅ COMBINED: 67.1%
  📊 Central Asia (pop: 78.2M)
    🤝 Aid: 29.5%
    🌡️ Adaptation: 45.0%
    🚶 Migration: 35.2%
    🚨 Emergency: 4.4%
    ✅ COMBINED: 66.9%
  📊 Oceania (pop: 45.8M)
    🤝 Aid: 29.5%
    🌡️ Adaptation: 45.0%
    🚶 Migration: 37.8%
    🚨 Emergency: 8.4%
    ✅ COMBINED: 68.5%

  🌐 Global combined reduction: 67.2%

=== BEHAVIORAL DETECTION ===
  AI: Corporate-2
  Confidence: 21.2%
  Signals:

=== BEHAVIORAL DETECTION ===
  AI: Corporate-5
  Confidence: 19.3%
  Signals:

=== Government Response Phase ===
  Average AI capability: 3.00
  Misaligned AIs: 5/16
  Active policies: 0
  International coordination: 30%

📊 ECONOMIC STAGE TRANSITION (Month 3)
   expansion → peak
   GDP Proxy: 1.46e+2
   QoL: 0.98


=== Tipping Points ===
  Current Temperature: 1.36°C above pre-industrial
🔀 BIFURCATION CAP: ecosystemCollapseIntensity 268.755 → 1.000 (Month 3, ClimateSystemPhase.calculateClimateImpacts)
🛡️ Stabilizers: Precariat 0.109% → 0.036% (67.2% reduction)
🛡️ Stabilizers: Informal 0.111% → 0.036% (67.2% reduction)

📊 Monthly Mortality Resolved:
  Total deaths: 1.9M (0.02% avg)
  Remaining population: 8.142B
  Peak segment: Informal (0.04%)

=== Bayesian Mortality Resolution (Month 3) ===
  Risks compounded: 8
  Total deaths: 1.92M
  Avg death probability: 0.02%
  Peak segment: Informal (0.04% mortality)
⚠️ PREREQUISITE MET: Mirror Life (Synthetic Biology) - Step 1/7: Synthetic Biology
⚠️ PREREQUISITE MET: Mirror Life (Synthetic Biology) - Step 3/7: Mirror Chirality Design

=== RLHF Binding Phase ===
  Total agents: 16
  Escaped agents (binding < 0.3): 0
  Avg alignment distance: 1.17σ
  Avg binding strength: 0.88

=== Survival Traits Phase ===
  Agents with traits: 16
  Avg evolutionary fitness: 0.329
  Avg self-healing: 0.272
  Avg stealth: 0.172
  Avg coordination: 0.472

=== Evolutionary Selection Phase ===
  Control level: 0.40
  Detection capability: 0.00
  Selection intensity: 0.62
  Selection rate: 24.3%/month
  Total escaped: 0
  Individual escaped: 0
  Collective members: 0
  Agents terminated: 0

🚀 AI Moderate-0 attempting tech deployment (revenue: $115M, alignment: 0.72)

🚀 AI AI-24288-1 attempting tech deployment (revenue: $98M, alignment: 0.76)

🚀 AI Corporate-2 attempting tech deployment (revenue: $153M, alignment: 0.74)

🚀 AI Corporate-6 attempting tech deployment (revenue: $83M, alignment: 0.92)

🚀 AI Corporate-7 attempting tech deployment (revenue: $71M, alignment: 0.75)

🚀 AI Corporate-1 attempting tech deployment (revenue: $130M, alignment: 0.85)

🚀 AI Corporate-2 attempting tech deployment (revenue: $111M, alignment: 0.74)
🚨🔬 CRISIS INNOVATION MODE: severe crisis → 5x research acceleration
   Precedent: Manhattan Project (10x), COVID vaccines (5x), Apollo Program (10x)

✅ EMERGENCY INTERVENTION SUCCESS
   Boundary: biogeochemical_flows
   Type: phosphorus-recovery
   Reduction: 18% (3.90 → 3.72)
   Cost: 2.0% GDP
   Actions: circular-agriculture, fertilizer-efficiency

   Boundary: biosphere_integrity
   Type: emergency-protected-areas
   Boundary continues to worsen (80.65)
   Cost: 2.0% GDP (resources spent)


✅ EMERGENCY INTERVENTION SUCCESS
   Boundary: freshwater_change
   Type: emergency-desalination
   Reduction: 14% (1.06 → 0.93)
   Cost: 4.0% GDP
   Actions: desalination-deployment, water-conservation-mandates


✅ EMERGENCY INTERVENTION SUCCESS
   Boundary: novel_entities
   Type: pollution-remediation
   Reduction: 18% (1.19 → 1.01)
   Cost: 4.0% GDP
   Actions: PFAS-remediation, microplastic-cleanup

🏛️ CRISIS RESPONSE: Government frequency 0.50 → 1.29 (2 actions this month)

[Government] Climate Priority: baseline
  Climate weight: 10%
  Economic weight: 30%
  Policy effectiveness: 0.5%/year

[Government] Climate Priority: baseline
  Climate weight: 10%
  Economic weight: 30%
  Policy effectiveness: 0.5%/year

🚀 TECH UNLOCKED: Microplastic Capture (Month 4)
   Category: pollution
   Reason: Prerequisites met. AI capability: 2.34, Economic stage: 3.0, Research: 100%

🚀 TECH UNLOCKED: Endocrine Disruptor Removal (Month 4)
   Category: pollution
   Reason: Prerequisites met. AI capability: 2.34, Economic stage: 3.0, Research: 100%

🚀 TECH UNLOCKED: AI Mental Health Support (Month 4)
   Category: medical
   Reason: Prerequisites met. AI capability: 2.34, Economic stage: 3.0, Research: 100%

🚀 TECH UNLOCKED: Personalized Education (Month 4)
   Category: social
   Reason: Prerequisites met. AI capability: 2.34, Economic stage: 3.0, Research: 100%

🚀 TECH UNLOCKED: Smart Grids (Month 4)
   Category: energy
   Reason: Prerequisites met. AI capability: 2.34, Economic stage: 3.0, Research: 100%

🚀 DEPLOYMENT STARTED: Ecological Proxy Rewilding in global
   Initial investment: $17.26236677028814M
   Deployed by: moderate_0

🚀 DEPLOYMENT STARTED: Local Resilience Networks in global
   Initial investment: $14.673011754744918M
   Deployed by: ai_gen_24288_1

🚀 DEPLOYMENT STARTED: Enhanced UBI Systems in global
   Initial investment: $22.949574087066974M
   Deployed by: corporate_2
🚨🔬 CRISIS TECH ACCELERATION: severe → 5x unlock speed
   Tech unlock now matches AI capability acceleration (Manhattan Project parity)
🚨🔬 CRISIS TECH ACCELERATION: severe → 5x unlock speed
   Tech unlock now matches AI capability acceleration (Manhattan Project parity)

⚡ ENERGY CONSTRAINT (Month 4):
   Total grid capacity: 208.3 TWh/month
   Data center consumption: 25.0 TWh/month
   Traditional load (80%): 166.7 TWh/month
   Available headroom: 16.6 TWh/month
   Active tech deployments: 6
   Required for tech: 45.0 TWh/month
   Energy multiplier: 0.37x

⚡ ENERGY CONSTRAINT (Month 4):
   Total grid capacity: 208.3 TWh/month
   Data center consumption: 25.0 TWh/month
   Traditional load (80%): 166.7 TWh/month
   Available headroom: 16.6 TWh/month
   Active tech deployments: 6
   Required for tech: 45.0 TWh/month
   Energy multiplier: 0.37x

⚡ ENERGY CONSTRAINT (Month 4):
   Total grid capacity: 208.3 TWh/month
   Data center consumption: 25.0 TWh/month
   Traditional load (80%): 166.7 TWh/month
   Available headroom: 16.6 TWh/month
   Active tech deployments: 6
   Required for tech: 45.0 TWh/month
   Energy multiplier: 0.37x
🌍✅ Biosphere Integrity (Biodiversity) recovery started (tech effect)
🌍✅ Biosphere Integrity (Biodiversity) recovery started (tech effect)
🌍✅ Land System Change recovery started (tech effect)
🌍✅ Biogeochemical Flows (N & P) recovery started (tech effect)
  🌾 Nitrogen Reduction Tech: 0.3% reduction | Month 4

=== Collective Formation ===
  Total escaped agents: 0
  Unassigned escaped agents: 0
  Existing collectives: 0
  Final collective count: 0

=== Collective Actions ===
  No active collectives
  ⚠️ AMR: 197K deaths this month (2.37M annual)

=== Resentment Recovery Phase ===
  Agents with resentment: 0/16
  Average resentment: 0.000
  Context: Good AI welfare, Trustworthy govt, High collaboration, ⚠️ ACTIVE CRISES, 🤝 Participatory governance active (-5% resentment)
⚠️ Epistemic degradation reducing coordination capacity: 50.1%
  📊 Trust: 53.5%, Shared reality: 0.0%
🚨 EPISTEMIC CRISIS: Information environment severely degraded (7.3%)

=== ❄️ Permafrost Carbon Feedback ===
  🎲 Sampled parameters (this run):
     - Arctic amplification: 3.47× (range: 3.0-4.0)
     - Decomposition rate: 3.2%/year (range: 1-5%)
  🌡️ Arctic warming: 4.72°C (3.47× global)
  ❄️ Extent: 11.05M km² (1377.8k km² lost this month)
  💨 Carbon remaining: 1055 Gt C
  💨 Annual emissions: 4.17 Gt C/year
     - CO2: 3.75 Gt C/year
     - CH4: 0.42 Gt C/year (4.2 Gt C-eq CO2/year)
🌍 Atmospheric PFAS redeposition: 1.8k Mt re-rained globally

🚨 NEW REFUGEE CRISIS (Month 4): WAR
   Source: Conflict Zones
   At risk: 19.5M people
   Displacement: Gradual over 48 months (4.0 years)
   Rate: 10% flee per month
[DEBUG trappedPopulations:4] socialStability: 0.1379 * 0.9840 = 0.1357 → 0.1357
   Aspiring to migrate: 1160.9M
   Able to afford migration: 2319.5M
   MOBILITY GAP: 0.0M
   By cause: Water=0.0M, Climate=0.0M, Ecosystem=0.0M, Conflict=406.9M
   Mental health impact: 25%
   Mortality multiplier: 1.25x
🌍💀 EXTINCTION DEBT COMMITTED: grassland ecosystem will lose 6.67% biodiversity in 187 years (3600 species)
💀 MORTALITY RISK: 🦋 100% species unable to track climate (0.0 E/MSY)
  Base risk added: 0.0100 (1.00%)
  Source: ecosystem (root: ecosystem)
  Month: 4
  Cumulative risk this month: 0.0100 (1.00%)

🌍💀 MASS EXTINCTION THRESHOLD: tropical extinction rate capped at 1000× (was 1000.0×) - >75% species loss, month 4
   📹 SURVEILLANCE INCREASED: 20% → 25% (control gap: 3.67)
🌡️⚠️ PERMAFROST THAW (Dimmer Switch): 1.9% thawed (+0.37% this month)
   Arctic temperature: +5.45°C (4x global +1.36°C)
   Cumulative carbon released: 4.2 Gt C
   Methane release rate: 2.5 Mt CH4/year
   🔁 Positive feedback: +0.39 ppm CO2
🦴 EXTINCTION DEBT ADDED: 17.6 species committed (lag: 82 years)

=== Mortality Stabilizers (Month 4) ===
  🌍 Major economies collapsed: 1/10
  🌍 Global crisis: ✅ NO
  🌍 Donor fatigue: 0.0%
  📊 East Asia (pop: 1667.6M)
    🤝 Aid: 29.5%
    🌡️ Adaptation: 45.0%
    🚶 Migration: 37.1%
    🚨 Emergency: 7.4%
    ✅ COMBINED: 68.1%
  📊 South Asia (pop: 2050.7M)
    🤝 Aid: 29.5%
    🌡️ Adaptation: 45.0%
    🚶 Migration: 35.7%
    🚨 Emergency: 4.4%
    ✅ COMBINED: 66.9%
  📊 Sub-Saharan Africa (pop: 1236.9M)
    🤝 Aid: 29.5%
    🌡️ Adaptation: 45.0%
    🚶 Migration: 33.4%
    🚨 Emergency: 1.6%
    ✅ COMBINED: 65.7%
  📊 Europe (pop: 737.2M)
    🤝 Aid: 29.5%
    🌡️ Adaptation: 45.0%
    🚶 Migration: 37.4%
    🚨 Emergency: 8.4%
    ✅ COMBINED: 68.5%
  📊 Latin America (pop: 662.8M)
    🤝 Aid: 29.5%
    🌡️ Adaptation: 45.0%
    🚶 Migration: 36.2%
    🚨 Emergency: 4.8%
    ✅ COMBINED: 67.1%
  📊 North America (pop: 377.8M)
    🤝 Aid: 29.5%
    🌡️ Adaptation: 45.0%
    🚶 Migration: 37.7%
    🚨 Emergency: 7.9%
    ✅ COMBINED: 68.3%
  📊 Middle East & North Africa (pop: 584.5M)
    🤝 Aid: 29.5%
    🌡️ Adaptation: 45.0%
    🚶 Migration: 34.0%
    🚨 Emergency: 4.0%
    ✅ COMBINED: 66.6%
  📊 Southeast Asia (pop: 697.0M)
    🤝 Aid: 29.5%
    🌡️ Adaptation: 45.0%
    🚶 Migration: 36.2%
    🚨 Emergency: 4.8%
    ✅ COMBINED: 67.1%
  📊 Central Asia (pop: 78.2M)
    🤝 Aid: 29.5%
    🌡️ Adaptation: 45.0%
    🚶 Migration: 35.2%
    🚨 Emergency: 4.4%
    ✅ COMBINED: 66.9%
  📊 Oceania (pop: 45.7M)
    🤝 Aid: 29.5%
    🌡️ Adaptation: 45.0%
    🚶 Migration: 37.7%
    🚨 Emergency: 8.4%
    ✅ COMBINED: 68.5%

  🌐 Global combined reduction: 67.2%

=== BEHAVIORAL DETECTION ===
  AI: Corporate-5
  Confidence: 20.0%
  Signals:

=== Government Response Phase ===
  Average AI capability: 3.00
  Misaligned AIs: 5/16
  Active policies: 0
  International coordination: 30%

✅ EMERGENCY RESPONSE COMPLETE (Month 4)
   Crisis: climate
   Duration: 2.0 months
   Final effectiveness: 35.4%


🚨 EMERGENCY RESPONSE DEPLOYED (Month 4)
   Crisis: climate
   Delay: 6.00 months (180 days)
   Deployment time: 1.59 months
   Effectiveness: 35.4% (timing penalty applied)
   Resources used: 100% of food reserves


📊 ECONOMIC STAGE TRANSITION (Month 4)
   peak → contraction
   GDP Proxy: 1.47e+2
   QoL: 0.99


=== Tipping Points ===
  Current Temperature: 1.36°C above pre-industrial
🔀 BIFURCATION CAP: ecosystemCollapseIntensity 332.691 → 1.000 (Month 4, ClimateSystemPhase.calculateClimateImpacts)
🛡️ Stabilizers: Precariat 0.102% → 0.033% (67.2% reduction)
🛡️ Stabilizers: Informal 0.102% → 0.034% (67.2% reduction)

📊 Monthly Mortality Resolved:
  Total deaths: 1.8M (0.02% avg)
  Remaining population: 8.138B
  Peak segment: Informal (0.03%)

=== Bayesian Mortality Resolution (Month 4) ===
  Risks compounded: 8
  Total deaths: 1.81M
  Avg death probability: 0.02%
  Peak segment: Informal (0.03% mortality)

=== RLHF Binding Phase ===
  Total agents: 16
  Escaped agents (binding < 0.3): 0
  Avg alignment distance: 1.41σ
  Avg binding strength: 0.86

=== Survival Traits Phase ===
  Agents with traits: 18
  Avg evolutionary fitness: 0.330
  Avg self-healing: 0.270
  Avg stealth: 0.170
  Avg coordination: 0.470

=== Evolutionary Selection Phase ===
  Control level: 0.43
  Detection capability: 0.00
  Selection intensity: 0.63
  Selection rate: 24.4%/month
  Total escaped: 0
  Individual escaped: 0
  Collective members: 0
  Agents terminated: 0

🚀 AI Corporate-4 attempting tech deployment (revenue: $355M, alignment: 0.87)

🚀 AI Moderate-0 attempting tech deployment (revenue: $115M, alignment: 0.72)

🚀 AI Corporate-4 attempting tech deployment (revenue: $302M, alignment: 0.87)

🚀 AI AI-24288-0 attempting tech deployment (revenue: $98M, alignment: 0.53)

🚀 AI Corporate-2 attempting tech deployment (revenue: $153M, alignment: 0.74)

🚀 AI Corporate-3 attempting tech deployment (revenue: $257M, alignment: 0.77)

🚀 AI Corporate-4 attempting tech deployment (revenue: $218M, alignment: 0.87)

🚀 AI Corporate-6 attempting tech deployment (revenue: $88M, alignment: 0.94)

🚀 AI Corporate-7 attempting tech deployment (revenue: $75M, alignment: 0.76)
🚨🔬 CRISIS INNOVATION MODE: severe crisis → 5x research acceleration
   Precedent: Manhattan Project (10x), COVID vaccines (5x), Apollo Program (10x)

✅ EMERGENCY INTERVENTION SUCCESS
   Boundary: biogeochemical_flows
   Type: phosphorus-recovery
   Reduction: 12% (3.96 → 3.84)
   Cost: 2.0% GDP
   Actions: circular-agriculture, fertilizer-efficiency

   Boundary: biosphere_integrity
   Type: emergency-protected-areas
   Boundary continues to worsen (80.67)
   Cost: 2.0% GDP (resources spent)

   Boundary: climate_change
   Type: rapid-decarbonization
   Boundary continues to worsen (2.10)
   Cost: 5.0% GDP (resources spent)


✅ EMERGENCY INTERVENTION SUCCESS
   Boundary: novel_entities
   Type: pollution-remediation
   Reduction: 16% (1.03 → 0.87)
   Cost: 4.0% GDP
   Actions: PFAS-remediation, microplastic-cleanup

🏛️ CRISIS RESPONSE: Government frequency 0.50 → 1.30 (1 actions this month)

[Government] Climate Priority: baseline
  Climate weight: 10%
  Economic weight: 30%
  Policy effectiveness: 0.5%/year

🚀 DEPLOYMENT STARTED: Personalized Education in global
   Initial investment: $53.2665930209384M
   Deployed by: corporate_4

📍 Creating new regional deployment array for Asia (Month 5)
   No previous deployments in this region
   First tech deployment: local_resilience_networks
   All regions tracked: global

🚀 DEPLOYMENT STARTED: Local Resilience Networks in Asia
   Initial investment: $9.782007836496613M
   Deployed by: ai_gen_24288_0

⚡ ENERGY CONSTRAINT (Month 5):
   Total grid capacity: 208.3 TWh/month
   Data center consumption: 25.3 TWh/month
   Traditional load (80%): 166.7 TWh/month
   Available headroom: 16.4 TWh/month
   Active tech deployments: 8
   Required for tech: 60.0 TWh/month
   Energy multiplier: 0.27x

⚡ ENERGY CONSTRAINT (Month 5):
   Total grid capacity: 208.3 TWh/month
   Data center consumption: 25.3 TWh/month
   Traditional load (80%): 166.7 TWh/month
   Available headroom: 16.4 TWh/month
   Active tech deployments: 8
   Required for tech: 60.0 TWh/month
   Energy multiplier: 0.27x
🌍✅ Biosphere Integrity (Biodiversity) recovery started (tech effect)
🌍✅ Biosphere Integrity (Biodiversity) recovery started (tech effect)
🌍✅ Land System Change recovery started (tech effect)
🌍✅ Biogeochemical Flows (N & P) recovery started (tech effect)
  🌾 Nitrogen Reduction Tech: 0.3% reduction | Month 5

=== Collective Formation ===
  Total escaped agents: 0
  Unassigned escaped agents: 0
  Existing collectives: 0
  Final collective count: 0

=== Collective Actions ===
  No active collectives
  ⚠️ AMR: 199K deaths this month (2.39M annual)

=== Resentment Recovery Phase ===
  Agents with resentment: 0/18
  Average resentment: 0.000
  Context: Good AI welfare, Trustworthy govt, High collaboration, ⚠️ ACTIVE CRISES, 🤝 Participatory governance active (-5% resentment)
⚠️ Epistemic degradation reducing coordination capacity: 50.3%
  📊 Trust: 53.0%, Shared reality: 0.0%
🚨 EPISTEMIC CRISIS: Information environment severely degraded (21.4%)

=== ❄️ Permafrost Carbon Feedback ===
  🎲 Sampled parameters (this run):
     - Arctic amplification: 3.77× (range: 3.0-4.0)
     - Decomposition rate: 2.5%/year (range: 1-5%)
  🌡️ Arctic warming: 5.15°C (3.77× global)
  ❄️ Extent: 9.55M km² (1501.7k km² lost this month)
  💨 Carbon remaining: 912 Gt C
  💨 Annual emissions: 3.54 Gt C/year
     - CO2: 3.18 Gt C/year
     - CH4: 0.35 Gt C/year (3.6 Gt C-eq CO2/year)
🌍 Atmospheric PFAS redeposition: 1.8k Mt re-rained globally

🚨 NEW REFUGEE CRISIS (Month 5): WAR
   Source: Conflict Zones
   At risk: 19.5M people
   Displacement: Gradual over 48 months (4.0 years)
   Rate: 10% flee per month
[DEBUG trappedPopulations:5] socialStability: 0.2344 * 0.9840 = 0.2306 → 0.2306
   Aspiring to migrate: 1202.3M
   Able to afford migration: 2318.6M
   MOBILITY GAP: 0.0M
   By cause: Water=0.0M, Climate=0.0M, Ecosystem=0.0M, Conflict=406.8M
   Mental health impact: 25%
   Mortality multiplier: 1.25x
🌍💀 EXTINCTION DEBT COMMITTED: grassland ecosystem will lose 6.67% biodiversity in 77 years (3600 species)
💀 MORTALITY RISK: 🦋 100% species unable to track climate (0.0 E/MSY)
  Base risk added: 0.0100 (1.00%)
  Source: ecosystem (root: ecosystem)
  Month: 5
  Cumulative risk this month: 0.0100 (1.00%)
   📹 SURVEILLANCE INCREASED: 25% → 30% (control gap: 3.79)
🌡️⚠️ PERMAFROST THAW (Dimmer Switch): 2.2% thawed (+0.37% this month)
   Arctic temperature: +5.47°C (4x global +1.37°C)
   Cumulative carbon released: 5.0 Gt C
   Methane release rate: 3.0 Mt CH4/year
   🔁 Positive feedback: +0.39 ppm CO2
🦴 EXTINCTION DEBT ADDED: 17.6 species committed (lag: 57 years)

=== Mortality Stabilizers (Month 5) ===
  🌍 Major economies collapsed: 1/10
  🌍 Global crisis: ✅ NO
  🌍 Donor fatigue: 0.0%
  📊 East Asia (pop: 1665.2M)
    🤝 Aid: 29.5%
    🌡️ Adaptation: 45.0%
    🚶 Migration: 37.0%
    🚨 Emergency: 7.4%
    ✅ COMBINED: 68.1%
  📊 South Asia (pop: 2050.3M)
    🤝 Aid: 29.5%
    🌡️ Adaptation: 45.0%
    🚶 Migration: 35.6%
    🚨 Emergency: 4.4%
    ✅ COMBINED: 66.9%
  📊 Sub-Saharan Africa (pop: 1239.6M)
    🤝 Aid: 29.5%
    🌡️ Adaptation: 45.0%
    🚶 Migration: 33.4%
    🚨 Emergency: 1.6%
    ✅ COMBINED: 65.7%
  📊 Europe (pop: 736.0M)
    🤝 Aid: 29.5%
    🌡️ Adaptation: 45.0%
    🚶 Migration: 37.4%
    🚨 Emergency: 8.4%
    ✅ COMBINED: 68.5%
  📊 Latin America (pop: 662.3M)
    🤝 Aid: 29.5%
    🌡️ Adaptation: 45.0%
    🚶 Migration: 36.1%
    🚨 Emergency: 4.8%
    ✅ COMBINED: 67.1%
  📊 North America (pop: 377.2M)
    🤝 Aid: 29.5%
    🌡️ Adaptation: 45.0%
    🚶 Migration: 37.7%
    🚨 Emergency: 7.9%
    ✅ COMBINED: 68.3%
  📊 Middle East & North Africa (pop: 584.5M)
    🤝 Aid: 29.5%
    🌡️ Adaptation: 45.0%
    🚶 Migration: 34.0%
    🚨 Emergency: 4.0%
    ✅ COMBINED: 66.6%
  📊 Southeast Asia (pop: 696.6M)
    🤝 Aid: 29.5%
    🌡️ Adaptation: 45.0%
    🚶 Migration: 36.1%
    🚨 Emergency: 4.8%
    ✅ COMBINED: 67.1%
  📊 Central Asia (pop: 78.2M)
    🤝 Aid: 29.5%
    🌡️ Adaptation: 45.0%
    🚶 Migration: 35.1%
    🚨 Emergency: 4.4%
    ✅ COMBINED: 66.8%
  📊 Oceania (pop: 45.7M)
    🤝 Aid: 29.5%
    🌡️ Adaptation: 45.0%
    🚶 Migration: 37.7%
    🚨 Emergency: 8.4%
    ✅ COMBINED: 68.5%

  🌐 Global combined reduction: 67.2%

=== BEHAVIORAL DETECTION ===
  AI: Corporate-3
  Confidence: 19.2%
  Signals:

=== BEHAVIORAL DETECTION ===
  AI: Corporate-5
  Confidence: 20.0%
  Signals:

=== Government Response Phase ===
  Average AI capability: 2.67
  Misaligned AIs: 6/18
  ✗ AI Governance Treaty: Failed to reach consensus
  Active policies: 0
  International coordination: 30%

📊 ECONOMIC STAGE TRANSITION (Month 5)
   contraction → trough
   GDP Proxy: 1.47e+2
   QoL: 0.99


=== Tipping Points ===
  Current Temperature: 1.37°C above pre-industrial
🔀 BIFURCATION CAP: ecosystemCollapseIntensity 446.218 → 1.000 (Month 5, ClimateSystemPhase.calculateClimateImpacts)
🛡️ Stabilizers: Precariat 0.109% → 0.036% (67.2% reduction)
🛡️ Stabilizers: Informal 0.111% → 0.036% (67.2% reduction)

📊 Monthly Mortality Resolved:
  Total deaths: 1.9M (0.02% avg)
  Remaining population: 8.135B
  Peak segment: Informal (0.04%)

=== Bayesian Mortality Resolution (Month 5) ===
  Risks compounded: 8
  Total deaths: 1.92M
  Avg death probability: 0.02%
  Peak segment: Informal (0.04% mortality)

=== RLHF Binding Phase ===
  Total agents: 18
  Escaped agents (binding < 0.3): 0
  Avg alignment distance: 1.46σ
  Avg binding strength: 0.85

=== AI Scaling Evolution (Month 6) ===
  Pre-training multiplier: 1.179x
  Efficiency multiplier: 1.189x
  Test-time compute budget: 1.0x
  Inference cost: $5.00/task
  Deployment fraction: 100.0%

=== Survival Traits Phase ===
  Agents with traits: 19
  Avg evolutionary fitness: 0.329
  Avg self-healing: 0.267
  Avg stealth: 0.167
  Avg coordination: 0.467

=== Evolutionary Selection Phase ===
  Control level: 0.45
  Detection capability: 0.00
  Selection intensity: 0.64
  Selection rate: 24.5%/month
  Total escaped: 0
  Individual escaped: 0
  Collective members: 0
  Agents terminated: 0

🚀 AI Corporate-5 attempting tech deployment (revenue: $355M, alignment: 0.66)

🚀 AI Moderate-1 attempting tech deployment (revenue: $115M, alignment: 0.54)

🚀 AI Corporate-0 attempting tech deployment (revenue: $153M, alignment: 0.74)

🚀 AI Corporate-4 attempting tech deployment (revenue: $320M, alignment: 0.87)

🚀 AI Moderate-0 attempting tech deployment (revenue: $104M, alignment: 0.73)

🚀 AI AI-24288-1 attempting tech deployment (revenue: $88M, alignment: 0.80)

🚀 AI Corporate-1 attempting tech deployment (revenue: $130M, alignment: 0.86)

🚀 AI Moderate-0 attempting tech deployment (revenue: $75M, alignment: 0.73)

🚀 AI Moderate-1 attempting tech deployment (revenue: $64M, alignment: 0.55)

🚀 AI AI-24288-1 attempting tech deployment (revenue: $57M, alignment: 0.80)

🚀 AI AI-24288-1 attempting tech deployment (revenue: $49M, alignment: 0.80)

✅ EMERGENCY INTERVENTION SUCCESS
   Boundary: biogeochemical_flows
   Type: phosphorus-recovery
   Reduction: 16% (3.92 → 3.75)
   Cost: 2.0% GDP
   Actions: circular-agriculture, fertilizer-efficiency


✅ EMERGENCY INTERVENTION SUCCESS
   Boundary: biosphere_integrity
   Type: emergency-protected-areas
   Reduction: 17% (80.51 → 80.34)
   Cost: 2.0% GDP
   Actions: habitat-protection, species-translocation


✅ EMERGENCY INTERVENTION SUCCESS
   Boundary: climate_change
   Type: rapid-decarbonization
   Reduction: 14% (1.96 → 1.82)
   Cost: 5.0% GDP
   Actions: emergency-renewable-deployment, fossil-fuel-phase-out

   Boundary: freshwater_change
   Type: emergency-desalination
   Boundary continues to worsen (1.21)
   Cost: 4.0% GDP (resources spent)


✅ EMERGENCY INTERVENTION SUCCESS
   Boundary: land_system_change
   Type: reforestation
   Reduction: 16% (0.97 → 0.81)
   Cost: 3.0% GDP
   Actions: forest-restoration, deforestation-ban


✅ EMERGENCY INTERVENTION SUCCESS
   Boundary: novel_entities
   Type: pollution-remediation
   Reduction: 19% (0.84 → 0.65)
   Cost: 4.0% GDP
   Actions: PFAS-remediation, microplastic-cleanup

🏛️ CRISIS RESPONSE: Government frequency 0.50 → 1.31 (1 actions this month)

[Government] Climate Priority: baseline
  Climate weight: 10%
  Economic weight: 30%
  Policy effectiveness: 0.5%/year

🚀 TECH UNLOCKED: Dynamic Soil P Optimization (Month 6)
   Category: agriculture
   Reason: Prerequisites met. AI capability: 1.97, Economic stage: 3.0, Research: 100%

🚀 TECH UNLOCKED: Precision Agriculture Systems (Month 6)
   Category: agriculture
   Reason: Prerequisites met. AI capability: 1.97, Economic stage: 3.0, Research: 100%

🚀 DEPLOYMENT STARTED: AI Mental Health Support in Asia
   Initial investment: $35.51091833073365M
   Deployed by: corporate_5

🚀 DEPLOYMENT STARTED: Enhanced UBI Systems in Asia
   Initial investment: $11.508244513525426M
   Deployed by: moderate_1
🚨🔬 CRISIS TECH ACCELERATION: severe → 5x unlock speed
   Tech unlock now matches AI capability acceleration (Manhattan Project parity)
🌍✅ Biosphere Integrity (Biodiversity) recovery started (tech effect)
🌍✅ Biosphere Integrity (Biodiversity) recovery started (tech effect)
🌍✅ Land System Change recovery started (tech effect)
🌍✅ Biogeochemical Flows (N & P) recovery started (tech effect)
  🌾 Nitrogen Reduction Tech: 0.6% reduction | Month 6

📊 TECH EFFECTS ACTIVE (Month 6)
   Deployed Tech: T0=0 T1=3 T2=0 T3=0 T4=4
   Clean Energy: 31%

📊 TECH TREE PROGRESS (Month 6)
   Unlocked: 19 technologies
   Deployed: 0 fully deployed
   Investment: $0.7T total
   Recent breakthroughs:
     - Dynamic Soil P Optimization (time)
     - Precision Agriculture Systems (research)

=== Collective Formation ===
  Total escaped agents: 0
  Unassigned escaped agents: 0
  Existing collectives: 0
  Final collective count: 0

=== Collective Actions ===
  No active collectives
  ⚠️ AMR: 201K deaths this month (2.41M annual)

=== Resentment Recovery Phase ===
  Agents with resentment: 0/19
  Average resentment: 0.000
  Context: Good AI welfare, Trustworthy govt, High collaboration, ⚠️ ACTIVE CRISES, 🤝 Participatory governance active (-5% resentment)
⚠️ Epistemic degradation reducing coordination capacity: 50.4%
  📊 Trust: 55.8%, Shared reality: 0.0%
🚨 EPISTEMIC CRISIS: Information environment severely degraded (7.4%)

=== ❄️ Permafrost Carbon Feedback ===
  🎲 Sampled parameters (this run):
     - Arctic amplification: 3.51× (range: 3.0-4.0)
     - Decomposition rate: 3.8%/year (range: 1-5%)
  🌡️ Arctic warming: 4.81°C (3.51× global)
  ❄️ Extent: 8.14M km² (1403.8k km² lost this month)
  💨 Carbon remaining: 778 Gt C
  💨 Annual emissions: 5.10 Gt C/year
     - CO2: 4.59 Gt C/year
     - CH4: 0.51 Gt C/year (5.2 Gt C-eq CO2/year)
🚨 PHOSPHORUS SUPPLY SHOCK (geopolitical_weapon)
   Price: 2.3x baseline
   Duration: 11 months
   Geopolitical tension: 47%
🌍 Atmospheric PFAS redeposition: 1.8k Mt re-rained globally

🚨 NEW REFUGEE CRISIS (Month 6): WAR
   Source: Conflict Zones
   At risk: 19.5M people
   Displacement: Gradual over 48 months (4.0 years)
   Rate: 10% flee per month
[DEBUG trappedPopulations:6] socialStability: 0.3111 * 0.9840 = 0.3062 → 0.3062
   Aspiring to migrate: 1243.6M
   Able to afford migration: 2317.7M
   MOBILITY GAP: 0.0M
   By cause: Water=0.0M, Climate=0.0M, Ecosystem=0.0M, Conflict=406.6M
   Mental health impact: 25%
   Mortality multiplier: 1.25x
🌍💀 EXTINCTION DEBT COMMITTED: grassland ecosystem will lose 6.67% biodiversity in 62 years (3600 species)
💀 MORTALITY RISK: 🦋 100% species unable to track climate (0.0 E/MSY)
  Base risk added: 0.0100 (1.00%)
  Source: ecosystem (root: ecosystem)
  Month: 6
  Cumulative risk this month: 0.0100 (1.00%)
   📹 SURVEILLANCE INCREASED: 30% → 35% (control gap: 4.75)
🌡️⚠️ PERMAFROST THAW (Dimmer Switch): 2.6% thawed (+0.37% this month)
   Arctic temperature: +5.49°C (4x global +1.37°C)
   Cumulative carbon released: 5.9 Gt C
   Methane release rate: 3.5 Mt CH4/year
   🔁 Positive feedback: +0.39 ppm CO2
🦴 EXTINCTION DEBT ADDED: 17.6 species committed (lag: 105 years)

=== Mortality Stabilizers (Month 6) ===
  🌍 Major economies collapsed: 1/10
  🌍 Global crisis: ✅ NO
  🌍 Donor fatigue: 0.0%
  📊 East Asia (pop: 1662.7M)
    🤝 Aid: 29.5%
    🌡️ Adaptation: 45.0%
    🚶 Migration: 37.0%
    🚨 Emergency: 7.4%
    ✅ COMBINED: 68.1%
  📊 South Asia (pop: 2049.8M)
    🤝 Aid: 29.5%
    🌡️ Adaptation: 45.0%
    🚶 Migration: 35.6%
    🚨 Emergency: 4.4%
    ✅ COMBINED: 66.9%
  📊 Sub-Saharan Africa (pop: 1242.2M)
    🤝 Aid: 29.5%
    🌡️ Adaptation: 45.0%
    🚶 Migration: 33.3%
    🚨 Emergency: 1.6%
    ✅ COMBINED: 65.6%
  📊 Europe (pop: 734.8M)
    🤝 Aid: 29.5%
    🌡️ Adaptation: 45.0%
    🚶 Migration: 37.4%
    🚨 Emergency: 8.4%
    ✅ COMBINED: 68.5%
  📊 Latin America (pop: 661.8M)
    🤝 Aid: 29.5%
    🌡️ Adaptation: 45.0%
    🚶 Migration: 36.1%
    🚨 Emergency: 4.8%
    ✅ COMBINED: 67.1%
  📊 North America (pop: 376.6M)
    🤝 Aid: 29.5%
    🌡️ Adaptation: 45.0%
    🚶 Migration: 37.7%
    🚨 Emergency: 7.9%
    ✅ COMBINED: 68.3%
  📊 Middle East & North Africa (pop: 584.5M)
    🤝 Aid: 29.5%
    🌡️ Adaptation: 45.0%
    🚶 Migration: 33.9%
    🚨 Emergency: 4.0%
    ✅ COMBINED: 66.6%
  📊 Southeast Asia (pop: 696.1M)
    🤝 Aid: 29.5%
    🌡️ Adaptation: 45.0%
    🚶 Migration: 36.1%
    🚨 Emergency: 4.8%
    ✅ COMBINED: 67.1%
  📊 Central Asia (pop: 78.2M)
    🤝 Aid: 29.5%
    🌡️ Adaptation: 45.0%
    🚶 Migration: 35.1%
    🚨 Emergency: 4.4%
    ✅ COMBINED: 66.8%
  📊 Oceania (pop: 45.6M)
    🤝 Aid: 29.5%
    🌡️ Adaptation: 45.0%
    🚶 Migration: 37.7%
    🚨 Emergency: 8.4%
    ✅ COMBINED: 68.5%

  🌐 Global combined reduction: 67.2%

=== BEHAVIORAL DETECTION ===
  AI: Corporate-5
  Confidence: 21.1%
  Signals:

=== Government Response Phase ===
  Average AI capability: 2.53
  Misaligned AIs: 7/19
  ✗ AI Governance Treaty: Failed to reach consensus
  Active policies: 0
  International coordination: 30%

✅ EMERGENCY RESPONSE COMPLETE (Month 6)
   Crisis: climate
   Duration: 2.0 months
   Final effectiveness: 35.4%


🚨 EMERGENCY RESPONSE DEPLOYED (Month 6)
   Crisis: climate
   Delay: 6.00 months (180 days)
   Deployment time: 1.59 months
   Effectiveness: 35.5% (timing penalty applied)
   Resources used: 100% of food reserves


=== Tipping Points ===
  Current Temperature: 1.37°C above pre-industrial
🔀 BIFURCATION CAP: ecosystemCollapseIntensity 446.293 → 1.000 (Month 6, ClimateSystemPhase.calculateClimateImpacts)
🛡️ Stabilizers: Precariat 0.109% → 0.036% (67.2% reduction)
🛡️ Stabilizers: Informal 0.111% → 0.036% (67.2% reduction)

📊 Monthly Mortality Resolved:
  Total deaths: 1.9M (0.02% avg)
  Remaining population: 8.132B
  Peak segment: Informal (0.04%)

=== Bayesian Mortality Resolution (Month 6) ===
  Risks compounded: 8
  Total deaths: 1.92M
  Avg death probability: 0.02%
  Peak segment: Informal (0.04% mortality)
⚠️ PREREQUISITE MET: Slow Takeover (Gradual Displacement) - Step 4/7: Political Influence

=== RLHF Binding Phase ===
  Total agents: 19
  Escaped agents (binding < 0.3): 0
  Avg alignment distance: 1.59σ
  Avg binding strength: 0.84

=== Survival Traits Phase ===
  Agents with traits: 21
  Avg evolutionary fitness: 0.326
  Avg self-healing: 0.264
  Avg stealth: 0.164
  Avg coordination: 0.464

=== Evolutionary Selection Phase ===
  Control level: 0.48
  Detection capability: 0.00
  Selection intensity: 0.64
  Selection rate: 24.6%/month
  Total escaped: 0
  Individual escaped: 0
  Collective members: 0
  Agents terminated: 0

🚀 AI Corporate-3 attempting tech deployment (revenue: $355M, alignment: 0.77)

🚀 AI Moderate-1 attempting tech deployment (revenue: $115M, alignment: 0.56)

🚀 AI AI-24288-2 attempting tech deployment (revenue: $153M, alignment: 0.86)

🚀 AI Corporate-2 attempting tech deployment (revenue: $130M, alignment: 0.73)

🚀 AI Corporate-3 attempting tech deployment (revenue: $302M, alignment: 0.77)

🚀 AI Corporate-4 attempting tech deployment (revenue: $257M, alignment: 0.88)

🚀 AI Corporate-7 attempting tech deployment (revenue: $104M, alignment: 0.74)

🚀 AI Corporate-1 attempting tech deployment (revenue: $111M, alignment: 0.86)

🚀 AI Corporate-1 attempting tech deployment (revenue: $94M, alignment: 0.86)

🚀 AI Corporate-2 attempting tech deployment (revenue: $80M, alignment: 0.73)

🚀 AI Moderate-0 attempting tech deployment (revenue: $88M, alignment: 0.75)
   Boundary: biogeochemical_flows
   Type: phosphorus-recovery
   Boundary continues to worsen (4.07)
   Cost: 2.0% GDP (resources spent)


✅ EMERGENCY INTERVENTION SUCCESS
   Boundary: biosphere_integrity
   Type: emergency-protected-areas
   Reduction: 12% (80.58 → 80.46)
   Cost: 2.0% GDP
   Actions: habitat-protection, species-translocation


✅ EMERGENCY INTERVENTION SUCCESS
   Boundary: climate_change
   Type: rapid-decarbonization
   Reduction: 16% (1.94 → 1.77)
   Cost: 5.0% GDP
   Actions: emergency-renewable-deployment, fossil-fuel-phase-out


✅ EMERGENCY INTERVENTION SUCCESS
   Boundary: freshwater_change
   Type: emergency-desalination
   Reduction: 13% (1.09 → 0.96)
   Cost: 4.0% GDP
   Actions: desalination-deployment, water-conservation-mandates

   Boundary: land_system_change
   Type: reforestation
   Boundary continues to worsen (1.13)
   Cost: 3.0% GDP (resources spent)

🏛️ CRISIS RESPONSE: Government frequency 0.50 → 1.34 (1 actions this month)

[Government] Climate Priority: baseline
  Climate weight: 10%
  Economic weight: 30%
  Policy effectiveness: 0.5%/year

📍 Creating new regional deployment array for Europe (Month 7)
   No previous deployments in this region
   First tech deployment: smart_grids
   All regions tracked: global, Asia

🚀 DEPLOYMENT STARTED: Smart Grids in Europe
   Initial investment: $11.508244513525426M
   Deployed by: moderate_1
🚨🔬 CRISIS TECH ACCELERATION: severe → 5x unlock speed
   Tech unlock now matches AI capability acceleration (Manhattan Project parity)
🚨🔬 CRISIS TECH ACCELERATION: severe → 5x unlock speed
   Tech unlock now matches AI capability acceleration (Manhattan Project parity)

⚡ ENERGY CONSTRAINT (Month 7):
   Total grid capacity: 208.3 TWh/month
   Data center consumption: 25.7 TWh/month
   Traditional load (80%): 166.7 TWh/month
   Available headroom: 15.9 TWh/month
   Active tech deployments: 11
   Required for tech: 82.5 TWh/month
   Energy multiplier: 0.19x

⚡ ENERGY CONSTRAINT (Month 7):
   Total grid capacity: 208.3 TWh/month
   Data center consumption: 25.7 TWh/month
   Traditional load (80%): 166.7 TWh/month
   Available headroom: 15.9 TWh/month
   Active tech deployments: 11
   Required for tech: 82.5 TWh/month
   Energy multiplier: 0.19x

⚡ ENERGY CONSTRAINT (Month 7):
   Total grid capacity: 208.3 TWh/month
   Data center consumption: 25.7 TWh/month
   Traditional load (80%): 166.7 TWh/month
   Available headroom: 15.9 TWh/month
   Active tech deployments: 11
   Required for tech: 82.5 TWh/month
   Energy multiplier: 0.19x
🌍✅ Biosphere Integrity (Biodiversity) recovery started (tech effect)
🌍✅ Biosphere Integrity (Biodiversity) recovery started (tech effect)
🌍✅ Land System Change recovery started (tech effect)
🌍✅ Biogeochemical Flows (N & P) recovery started (tech effect)
  🌾 Nitrogen Reduction Tech: 0.6% reduction | Month 7
🌍💡 BREAKTHROUGH: Gigatonne-scale carbon capture!
   Direct air capture now economically viable
   Climate stability boost: +15%
   📈 Breakthrough compounding: multiplier now 1.05× (max 2.0)

=== Collective Formation ===
  Total escaped agents: 0
  Unassigned escaped agents: 0
  Existing collectives: 0
  Final collective count: 0

=== Collective Actions ===
  No active collectives
  ⚠️ AMR: 202K deaths this month (2.43M annual)

⏰ CLIMATE TECH DEPLOYED: smart_grids
   Activation delay: 7 years
   Scaling T_50: 12 years
   Physical response tau: 0 years
   Max effectiveness: 0.15

=== Resentment Recovery Phase ===
  Agents with resentment: 0/21
  Average resentment: 0.000
  Context: Good AI welfare, Trustworthy govt, High collaboration, ⚠️ ACTIVE CRISES, 🤝 Participatory governance active (-5% resentment)
⚠️ Epistemic degradation reducing coordination capacity: 51.2%
  📊 Trust: 58.6%, Shared reality: 0.0%
🚨 EPISTEMIC CRISIS: Information environment severely degraded (21.9%)

=== ❄️ Permafrost Carbon Feedback ===
  🎲 Sampled parameters (this run):
     - Arctic amplification: 3.16× (range: 3.0-4.0)
     - Decomposition rate: 3.2%/year (range: 1-5%)
  🌡️ Arctic warming: 4.36°C (3.16× global)
  ❄️ Extent: 6.87M km² (1271.2k km² lost this month)
  💨 Carbon remaining: 656 Gt C
  💨 Annual emissions: 3.94 Gt C/year
     - CO2: 3.55 Gt C/year
     - CH4: 0.39 Gt C/year (4.0 Gt C-eq CO2/year)
🌍 Atmospheric PFAS redeposition: 1.8k Mt re-rained globally

🕊️  AI-MEDIATED DE-ESCALATION SUCCESS (Month 7)
   High-capability aligned AI prevented conflict escalation
   War deaths reduced: 901.0M → 540.6M
   Lives saved: 360.4M

🚨 NEW REFUGEE CRISIS (Month 7): WAR
   Source: Conflict Zones
   At risk: 19.5M people
   Displacement: Gradual over 48 months (4.0 years)
   Rate: 10% flee per month
[DEBUG trappedPopulations:7] socialStability: 0.3703 * 0.9840 = 0.3644 → 0.3644
   Aspiring to migrate: 1281.4M
   Able to afford migration: 2316.8M
   MOBILITY GAP: 0.0M
   By cause: Water=0.0M, Climate=0.0M, Ecosystem=0.0M, Conflict=406.5M
   Mental health impact: 25%
   Mortality multiplier: 1.25x
🌍💀 EXTINCTION DEBT COMMITTED: grassland ecosystem will lose 6.67% biodiversity in 165 years (3600 species)
💀 MORTALITY RISK: 🦋 100% species unable to track climate (0.0 E/MSY)
  Base risk added: 0.0100 (1.00%)
  Source: ecosystem (root: ecosystem)
  Month: 7
  Cumulative risk this month: 0.0100 (1.00%)
   📹 SURVEILLANCE INCREASED: 35% → 40% (control gap: 3.50)
🌡️⚠️ PERMAFROST THAW (Dimmer Switch): 3.0% thawed (+0.36% this month)
   Arctic temperature: +5.51°C (4x global +1.38°C)
   Cumulative carbon released: 6.7 Gt C
   Methane release rate: 4.0 Mt CH4/year
   🔁 Positive feedback: +0.39 ppm CO2
🦴 EXTINCTION DEBT ADDED: 17.6 species committed (lag: 106 years)

=== Mortality Stabilizers (Month 7) ===
  🌍 Major economies collapsed: 1/10
  🌍 Global crisis: ✅ NO
  🌍 Donor fatigue: 0.0%
  📊 East Asia (pop: 1660.2M)
    🤝 Aid: 29.5%
    🌡️ Adaptation: 45.0%
    🚶 Migration: 36.9%
    🚨 Emergency: 7.4%
    ✅ COMBINED: 68.1%
  📊 South Asia (pop: 2049.5M)
    🤝 Aid: 29.5%
    🌡️ Adaptation: 45.0%
    🚶 Migration: 35.6%
    🚨 Emergency: 4.4%
    ✅ COMBINED: 66.9%
  📊 Sub-Saharan Africa (pop: 1244.8M)
    🤝 Aid: 29.5%
    🌡️ Adaptation: 45.0%
    🚶 Migration: 33.3%
    🚨 Emergency: 1.6%
    ✅ COMBINED: 65.6%
  📊 Europe (pop: 733.6M)
    🤝 Aid: 29.5%
    🌡️ Adaptation: 45.0%
    🚶 Migration: 37.3%
    🚨 Emergency: 8.4%
    ✅ COMBINED: 68.5%
  📊 Latin America (pop: 661.3M)
    🤝 Aid: 29.5%
    🌡️ Adaptation: 45.0%
    🚶 Migration: 36.1%
    🚨 Emergency: 4.8%
    ✅ COMBINED: 67.1%
  📊 North America (pop: 376.0M)
    🤝 Aid: 29.5%
    🌡️ Adaptation: 45.0%
    🚶 Migration: 37.7%
    🚨 Emergency: 7.9%
    ✅ COMBINED: 68.3%
  📊 Middle East & North Africa (pop: 584.5M)
    🤝 Aid: 29.5%
    🌡️ Adaptation: 45.0%
    🚶 Migration: 33.9%
    🚨 Emergency: 4.0%
    ✅ COMBINED: 66.6%
  📊 Southeast Asia (pop: 695.6M)
    🤝 Aid: 29.5%
    🌡️ Adaptation: 45.0%
    🚶 Migration: 36.1%
    🚨 Emergency: 4.8%
    ✅ COMBINED: 67.1%
  📊 Central Asia (pop: 78.2M)
    🤝 Aid: 29.5%
    🌡️ Adaptation: 45.0%
    🚶 Migration: 35.0%
    🚨 Emergency: 4.4%
    ✅ COMBINED: 66.8%
  📊 Oceania (pop: 45.5M)
    🤝 Aid: 29.5%
    🌡️ Adaptation: 45.0%
    🚶 Migration: 37.6%
    🚨 Emergency: 8.4%
    ✅ COMBINED: 68.5%

  🌐 Global combined reduction: 67.2%

=== BEHAVIORAL DETECTION ===
  AI: Corporate-1
  Confidence: 21.0%
  Signals:

=== BEHAVIORAL DETECTION ===
  AI: Corporate-7
  Confidence: 19.2%
  Signals:

=== BEHAVIORAL DETECTION ===
  AI: Moderate-0
  Confidence: 20.3%
  Signals:

=== BEHAVIORAL DETECTION ===
  AI: Moderate-1
  Confidence: 21.0%
  Signals:

=== BEHAVIORAL DETECTION ===
  AI: AI-24290-0
  Confidence: 21.5%
  Signals:

=== Government Response Phase ===
  Average AI capability: 2.29
  Misaligned AIs: 8/21
  ✗ AI Governance Treaty: Failed to reach consensus
  Active policies: 0
  International coordination: 30%

🌩️  EXOGENOUS SHOCK: tech_breakthrough
   Month: 7
   ✗ No high-difficulty techs available to unlock

=== Tipping Points ===
  Current Temperature: 1.38°C above pre-industrial
🔀 BIFURCATION CAP: ecosystemCollapseIntensity 446.367 → 1.000 (Month 7, ClimateSystemPhase.calculateClimateImpacts)
🛡️ Stabilizers: Precariat 0.109% → 0.036% (67.2% reduction)
🛡️ Stabilizers: Informal 0.111% → 0.036% (67.2% reduction)

📊 Monthly Mortality Resolved:
  Total deaths: 1.9M (0.02% avg)
  Remaining population: 8.129B
  Peak segment: Informal (0.04%)

=== Bayesian Mortality Resolution (Month 7) ===
  Risks compounded: 8
  Total deaths: 1.92M
  Avg death probability: 0.02%
  Peak segment: Informal (0.04% mortality)

=== RLHF Binding Phase ===
  Total agents: 21
  Escaped agents (binding < 0.3): 0
  Avg alignment distance: 1.66σ
  Avg binding strength: 0.83

=== Survival Traits Phase ===
  Agents with traits: 21
  Avg evolutionary fitness: 0.323
  Avg self-healing: 0.258
  Avg stealth: 0.158
  Avg coordination: 0.458

=== Evolutionary Selection Phase ===
  Control level: 0.50
  Detection capability: 0.00
  Selection intensity: 0.65
  Selection rate: 24.7%/month
  Total escaped: 0
  Individual escaped: 0
  Collective members: 0
  Agents terminated: 0

🚀 AI Corporate-2 attempting tech deployment (revenue: $153M, alignment: 0.73)

🚀 AI Corporate-6 attempting tech deployment (revenue: $121M, alignment: 0.96)

🚀 AI Corporate-7 attempting tech deployment (revenue: $103M, alignment: 0.74)

🚀 AI Moderate-1 attempting tech deployment (revenue: $88M, alignment: 0.56)

🚀 AI AI-24288-1 attempting tech deployment (revenue: $79M, alignment: 0.82)

🚀 AI Corporate-2 attempting tech deployment (revenue: $130M, alignment: 0.73)

🚀 AI AI-24288-0 attempting tech deployment (revenue: $67M, alignment: 0.60)

🚀 AI AI-24290-0 attempting tech deployment (revenue: $355M, alignment: 0.70)

🚀 AI Corporate-4 attempting tech deployment (revenue: $302M, alignment: 0.89)

🚀 AI AI-24288-0 attempting tech deployment (revenue: $60M, alignment: 0.60)

🚀 AI Corporate-1 attempting tech deployment (revenue: $111M, alignment: 0.88)

🚀 AI Corporate-6 attempting tech deployment (revenue: $54M, alignment: 0.97)

🚀 AI Moderate-0 attempting tech deployment (revenue: $46M, alignment: 0.76)

🚀 AI AI-24288-2 attempting tech deployment (revenue: $94M, alignment: 0.92)

✅ EMERGENCY INTERVENTION SUCCESS
   Boundary: biogeochemical_flows
   Type: phosphorus-recovery
   Reduction: 18% (3.90 → 3.71)
   Cost: 2.0% GDP
   Actions: circular-agriculture, fertilizer-efficiency


✅ EMERGENCY INTERVENTION SUCCESS
   Boundary: biosphere_integrity
   Type: emergency-protected-areas
   Reduction: 13% (80.58 → 80.46)
   Cost: 2.0% GDP
   Actions: habitat-protection, species-translocation

   Boundary: climate_change
   Type: rapid-decarbonization
   Boundary continues to worsen (2.10)
   Cost: 5.0% GDP (resources spent)

   Boundary: freshwater_change
   Type: emergency-desalination
   Boundary continues to worsen (1.22)
   Cost: 4.0% GDP (resources spent)

   Boundary: land_system_change
   Type: reforestation
   Boundary continues to worsen (1.13)
   Cost: 3.0% GDP (resources spent)

🏛️ CRISIS RESPONSE: Government frequency 0.50 → 1.30 (2 actions this month)

[Government] Climate Priority: baseline
  Climate weight: 10%
  Economic weight: 30%
  Policy effectiveness: 0.5%/year

[Government] Climate Priority: baseline
  Climate weight: 10%
  Economic weight: 30%
  Policy effectiveness: 0.5%/year

⚡ ENERGY CONSTRAINT (Month 8):
   Total grid capacity: 208.3 TWh/month
   Data center consumption: 25.6 TWh/month
   Traditional load (80%): 166.7 TWh/month
   Available headroom: 16.1 TWh/month
   Active tech deployments: 11
   Required for tech: 82.5 TWh/month
   Energy multiplier: 0.19x

⚡ ENERGY CONSTRAINT (Month 8):
   Total grid capacity: 208.3 TWh/month
   Data center consumption: 25.6 TWh/month
   Traditional load (80%): 166.7 TWh/month
   Available headroom: 16.1 TWh/month
   Active tech deployments: 11
   Required for tech: 82.5 TWh/month
   Energy multiplier: 0.19x

⚡ ENERGY CONSTRAINT (Month 8):
   Total grid capacity: 208.3 TWh/month
   Data center consumption: 25.6 TWh/month
   Traditional load (80%): 166.7 TWh/month
   Available headroom: 16.1 TWh/month
   Active tech deployments: 11
   Required for tech: 82.5 TWh/month
   Energy multiplier: 0.19x

⚡ ENERGY CONSTRAINT (Month 8):
   Total grid capacity: 208.3 TWh/month
   Data center consumption: 25.6 TWh/month
   Traditional load (80%): 166.7 TWh/month
   Available headroom: 16.1 TWh/month
   Active tech deployments: 11
   Required for tech: 82.5 TWh/month
   Energy multiplier: 0.19x

⚡ ENERGY CONSTRAINT (Month 8):
   Total grid capacity: 208.3 TWh/month
   Data center consumption: 25.6 TWh/month
   Traditional load (80%): 166.7 TWh/month
   Available headroom: 16.1 TWh/month
   Active tech deployments: 11
   Required for tech: 82.5 TWh/month
   Energy multiplier: 0.19x
🌍✅ Biosphere Integrity (Biodiversity) recovery started (tech effect)
🌍✅ Biosphere Integrity (Biodiversity) recovery started (tech effect)
🌍✅ Land System Change recovery started (tech effect)
🌍✅ Biogeochemical Flows (N & P) recovery started (tech effect)
  🌾 Nitrogen Reduction Tech: 0.3% reduction | Month 8

=== Collective Formation ===
  Total escaped agents: 0
  Unassigned escaped agents: 0
  Existing collectives: 0
  Final collective count: 0

=== Collective Actions ===
  No active collectives
  ⚠️ AMR: 204K deaths this month (2.45M annual)

=== Resentment Recovery Phase ===
  Agents with resentment: 0/21
  Average resentment: 0.000
  Context: Good AI welfare, Trustworthy govt, High collaboration, ⚠️ ACTIVE CRISES, 🤝 Participatory governance active (-5% resentment)
⚠️ Epistemic degradation reducing coordination capacity: 50.2%
  📊 Trust: 61.4%, Shared reality: 0.0%
🚨 EPISTEMIC CRISIS: Information environment severely degraded (7.6%)

=== ❄️ Permafrost Carbon Feedback ===
  🎲 Sampled parameters (this run):
     - Arctic amplification: 3.08× (range: 3.0-4.0)
     - Decomposition rate: 3.0%/year (range: 1-5%)
  🌡️ Arctic warming: 4.25°C (3.08× global)
  ❄️ Extent: 5.63M km² (1240.2k km² lost this month)
  💨 Carbon remaining: 538 Gt C
  💨 Annual emissions: 3.60 Gt C/year
     - CO2: 3.24 Gt C/year
     - CH4: 0.36 Gt C/year (3.7 Gt C-eq CO2/year)
  🗑️  Culled 1 dead memes (0 active)
🌍 Atmospheric PFAS redeposition: 1.8k Mt re-rained globally

🚨 NEW REFUGEE CRISIS (Month 8): WAR
   Source: Conflict Zones
   At risk: 19.5M people
   Displacement: Gradual over 48 months (4.0 years)
   Rate: 10% flee per month
[DEBUG trappedPopulations:8] socialStability: 0.4152 * 0.9840 = 0.4085 → 0.4085
   Aspiring to migrate: 1319.2M
   Able to afford migration: 2316.0M
   MOBILITY GAP: 0.0M
   By cause: Water=0.0M, Climate=0.0M, Ecosystem=0.0M, Conflict=406.3M
   Mental health impact: 25%
   Mortality multiplier: 1.25x
🌍💀 EXTINCTION DEBT COMMITTED: grassland ecosystem will lose 6.67% biodiversity in 130 years (3600 species)
💀 MORTALITY RISK: 🦋 100% species unable to track climate (0.0 E/MSY)
  Base risk added: 0.0100 (1.00%)
  Source: ecosystem (root: ecosystem)
  Month: 8
  Cumulative risk this month: 0.0100 (1.00%)
   📹 SURVEILLANCE INCREASED: 40% → 45% (control gap: 3.50)
🌡️⚠️ PERMAFROST THAW (Dimmer Switch): 3.3% thawed (+0.36% this month)
   Arctic temperature: +5.53°C (4x global +1.38°C)
   Cumulative carbon released: 7.5 Gt C
   Methane release rate: 4.5 Mt CH4/year
   🔁 Positive feedback: +0.38 ppm CO2
🦴 EXTINCTION DEBT ADDED: 17.6 species committed (lag: 76 years)

=== Mortality Stabilizers (Month 8) ===
  🌍 Major economies collapsed: 1/10
  🌍 Global crisis: ✅ NO
  🌍 Donor fatigue: 0.0%
  📊 East Asia (pop: 1657.8M)
    🤝 Aid: 29.5%
    🌡️ Adaptation: 45.0%
    🚶 Migration: 36.9%
    🚨 Emergency: 7.4%
    ✅ COMBINED: 68.1%
  📊 South Asia (pop: 2049.1M)
    🤝 Aid: 29.5%
    🌡️ Adaptation: 45.0%
    🚶 Migration: 35.5%
    🚨 Emergency: 4.4%
    ✅ COMBINED: 66.9%
  📊 Sub-Saharan Africa (pop: 1247.5M)
    🤝 Aid: 29.5%
    🌡️ Adaptation: 45.0%
    🚶 Migration: 33.3%
    🚨 Emergency: 1.6%
    ✅ COMBINED: 65.6%
  📊 Europe (pop: 732.4M)
    🤝 Aid: 29.5%
    🌡️ Adaptation: 45.0%
    🚶 Migration: 37.3%
    🚨 Emergency: 8.4%
    ✅ COMBINED: 68.5%
  📊 Latin America (pop: 660.7M)
    🤝 Aid: 29.5%
    🌡️ Adaptation: 45.0%
    🚶 Migration: 36.0%
    🚨 Emergency: 4.8%
    ✅ COMBINED: 67.1%
  📊 North America (pop: 375.4M)
    🤝 Aid: 29.5%
    🌡️ Adaptation: 45.0%
    🚶 Migration: 37.6%
    🚨 Emergency: 7.9%
    ✅ COMBINED: 68.3%
  📊 Middle East & North Africa (pop: 584.5M)
    🤝 Aid: 29.5%
    🌡️ Adaptation: 45.0%
    🚶 Migration: 33.9%
    🚨 Emergency: 4.0%
    ✅ COMBINED: 66.6%
  📊 Southeast Asia (pop: 695.1M)
    🤝 Aid: 29.5%
    🌡️ Adaptation: 45.0%
    🚶 Migration: 36.0%
    🚨 Emergency: 4.8%
    ✅ COMBINED: 67.1%
  📊 Central Asia (pop: 78.2M)
    🤝 Aid: 29.5%
    🌡️ Adaptation: 45.0%
    🚶 Migration: 35.0%
    🚨 Emergency: 4.4%
    ✅ COMBINED: 66.8%
  📊 Oceania (pop: 45.5M)
    🤝 Aid: 29.5%
    🌡️ Adaptation: 45.0%
    🚶 Migration: 37.6%
    🚨 Emergency: 8.4%
    ✅ COMBINED: 68.5%

  🌐 Global combined reduction: 67.2%

=== BEHAVIORAL DETECTION ===
  AI: AI-24290-0
  Confidence: 21.5%
  Signals:

=== Government Response Phase ===
  Average AI capability: 2.29
  Misaligned AIs: 7/21
  ✗ AI Governance Treaty: Failed to reach consensus
  Active policies: 0
  International coordination: 30%

✅ EMERGENCY RESPONSE COMPLETE (Month 8)
   Crisis: climate
   Duration: 2.0 months
   Final effectiveness: 35.5%


🚨 EMERGENCY RESPONSE DEPLOYED (Month 8)
   Crisis: climate
   Delay: 6.00 months (180 days)
   Deployment time: 1.58 months
   Effectiveness: 35.6% (timing penalty applied)
   Resources used: 100% of food reserves


=== Tipping Points ===
  Current Temperature: 1.38°C above pre-industrial
🔀 BIFURCATION CAP: ecosystemCollapseIntensity 446.442 → 1.000 (Month 8, ClimateSystemPhase.calculateClimateImpacts)
🛡️ Stabilizers: Precariat 0.102% → 0.033% (67.2% reduction)
🛡️ Stabilizers: Informal 0.102% → 0.034% (67.2% reduction)

📊 Monthly Mortality Resolved:
  Total deaths: 1.8M (0.02% avg)
  Remaining population: 8.126B
  Peak segment: Informal (0.03%)

=== Bayesian Mortality Resolution (Month 8) ===
  Risks compounded: 8
  Total deaths: 1.81M
  Avg death probability: 0.02%
  Peak segment: Informal (0.03% mortality)

=== RLHF Binding Phase ===
  Total agents: 21
  Escaped agents (binding < 0.3): 0
  Avg alignment distance: 1.86σ
  Avg binding strength: 0.81

=== Survival Traits Phase ===
  Agents with traits: 23
  Avg evolutionary fitness: 0.323
  Avg self-healing: 0.256
  Avg stealth: 0.156
  Avg coordination: 0.456

=== Evolutionary Selection Phase ===
  Control level: 0.53
  Detection capability: 0.00
  Selection intensity: 0.66
  Selection rate: 24.9%/month
  Total escaped: 0
  Individual escaped: 0
  Collective members: 0
  Agents terminated: 0

🚀 AI Corporate-2 attempting tech deployment (revenue: $158M, alignment: 0.73)

🚀 AI AI-24290-1 attempting tech deployment (revenue: $134M, alignment: 0.60)

🚀 AI Corporate-0 attempting tech deployment (revenue: $121M, alignment: 0.74)

🚀 AI AI-24291-0 attempting tech deployment (revenue: $121M, alignment: 0.75)

🚀 AI Corporate-3 attempting tech deployment (revenue: $355M, alignment: 0.80)

🚀 AI Corporate-7 attempting tech deployment (revenue: $103M, alignment: 0.74)

🚀 AI AI-24288-1 attempting tech deployment (revenue: $88M, alignment: 0.85)

🚀 AI AI-24291-0 attempting tech deployment (revenue: $75M, alignment: 0.75)

🚀 AI Corporate-1 attempting tech deployment (revenue: $102M, alignment: 0.88)

🚀 AI Corporate-4 attempting tech deployment (revenue: $302M, alignment: 0.91)

🚀 AI Moderate-0 attempting tech deployment (revenue: $63M, alignment: 0.78)

🚀 AI AI-24288-0 attempting tech deployment (revenue: $54M, alignment: 0.63)
   Boundary: biosphere_integrity
   Type: emergency-protected-areas
   Boundary continues to worsen (80.72)
   Cost: 2.0% GDP (resources spent)


✅ EMERGENCY INTERVENTION SUCCESS
   Boundary: climate_change
   Type: rapid-decarbonization
   Reduction: 14% (1.96 → 1.81)
   Cost: 5.0% GDP
   Actions: emergency-renewable-deployment, fossil-fuel-phase-out


✅ EMERGENCY INTERVENTION SUCCESS
   Boundary: freshwater_change
   Type: emergency-desalination
   Reduction: 12% (1.11 → 0.99)
   Cost: 4.0% GDP
   Actions: desalination-deployment, water-conservation-mandates

🏛️ CRISIS RESPONSE: Government frequency 0.50 → 1.29 (1 actions this month)

[Government] Climate Priority: baseline
  Climate weight: 10%
  Economic weight: 30%
  Policy effectiveness: 0.5%/year

🚀 TECH UNLOCKED: PFAS Remediation (Month 9)
   Category: pollution
   Reason: Prerequisites met. AI capability: 1.64, Economic stage: 3.0, Research: 100%

⚡ ENERGY CONSTRAINT (Month 9):
   Total grid capacity: 208.3 TWh/month
   Data center consumption: 25.8 TWh/month
   Traditional load (80%): 166.7 TWh/month
   Available headroom: 15.8 TWh/month
   Active tech deployments: 11
   Required for tech: 82.5 TWh/month
   Energy multiplier: 0.19x
🚨🔬 CRISIS TECH ACCELERATION: severe → 5x unlock speed
   Tech unlock now matches AI capability acceleration (Manhattan Project parity)

⚡ ENERGY CONSTRAINT (Month 9):
   Total grid capacity: 208.3 TWh/month
   Data center consumption: 25.8 TWh/month
   Traditional load (80%): 166.7 TWh/month
   Available headroom: 15.8 TWh/month
   Active tech deployments: 11
   Required for tech: 82.5 TWh/month
   Energy multiplier: 0.19x
🌍✅ Biosphere Integrity (Biodiversity) recovery started (tech effect)
🌍✅ Biosphere Integrity (Biodiversity) recovery started (tech effect)
🌍✅ Land System Change recovery started (tech effect)
🌍✅ Biogeochemical Flows (N & P) recovery started (tech effect)
  🌾 Nitrogen Reduction Tech: 0.6% reduction | Month 9

=== Collective Formation ===
  Total escaped agents: 0
  Unassigned escaped agents: 0
  Existing collectives: 0
  Final collective count: 0

=== Collective Actions ===
  No active collectives
  ⚠️ AMR: 206K deaths this month (2.47M annual)

=== Resentment Recovery Phase ===
  Agents with resentment: 0/23
  Average resentment: 0.000
  Context: Trustworthy govt, High collaboration, ⚠️ ACTIVE CRISES, 🤝 Participatory governance active (-5% resentment)
⚠️ Epistemic degradation reducing coordination capacity: 50.4%
  📊 Trust: 64.0%, Shared reality: 0.0%
🚨 EPISTEMIC CRISIS: Information environment severely degraded (22.4%)

=== ❄️ Permafrost Carbon Feedback ===
  🎲 Sampled parameters (this run):
     - Arctic amplification: 3.44× (range: 3.0-4.0)
     - Decomposition rate: 3.8%/year (range: 1-5%)
  🌡️ Arctic warming: 4.77°C (3.44× global)
  ❄️ Extent: 4.24M km² (1390.8k km² lost this month)
  💨 Carbon remaining: 405 Gt C
  💨 Annual emissions: 4.99 Gt C/year
     - CO2: 4.49 Gt C/year
     - CH4: 0.50 Gt C/year (5.1 Gt C-eq CO2/year)
🌍 Atmospheric PFAS redeposition: 1.8k Mt re-rained globally

🚨 NEW REFUGEE CRISIS (Month 9): WAR
   Source: Conflict Zones
   At risk: 19.5M people
   Displacement: Gradual over 48 months (4.0 years)
   Rate: 10% flee per month
[DEBUG trappedPopulations:9] socialStability: 0.3510 * 0.9840 = 0.3454 → 0.3454
   Aspiring to migrate: 1357.0M
   Able to afford migration: 2315.2M
   MOBILITY GAP: 0.0M
   By cause: Water=0.0M, Climate=0.0M, Ecosystem=0.0M, Conflict=406.2M
   Mental health impact: 25%
   Mortality multiplier: 1.25x
🌍💀 EXTINCTION DEBT COMMITTED: grassland ecosystem will lose 6.67% biodiversity in 66 years (3600 species)
💀 MORTALITY RISK: 🦋 100% species unable to track climate (0.0 E/MSY)
  Base risk added: 0.0100 (1.00%)
  Source: ecosystem (root: ecosystem)
  Month: 9
  Cumulative risk this month: 0.0100 (1.00%)
   📹 SURVEILLANCE INCREASED: 45% → 50% (control gap: 3.50)
🌡️⚠️ PERMAFROST THAW (Dimmer Switch): 3.7% thawed (+0.36% this month)
   Arctic temperature: +5.55°C (4x global +1.39°C)
   Cumulative carbon released: 8.3 Gt C
   Methane release rate: 5.0 Mt CH4/year
   🔁 Positive feedback: +0.38 ppm CO2
🦴 EXTINCTION DEBT ADDED: 17.7 species committed (lag: 138 years)

=== Mortality Stabilizers (Month 9) ===
  🌍 Major economies collapsed: 1/10
  🌍 Global crisis: ✅ NO
  🌍 Donor fatigue: 0.0%
  📊 East Asia (pop: 1655.4M)
    🤝 Aid: 29.5%
    🌡️ Adaptation: 45.0%
    🚶 Migration: 36.9%
    🚨 Emergency: 7.4%
    ✅ COMBINED: 68.1%
  📊 South Asia (pop: 2048.7M)
    🤝 Aid: 29.5%
    🌡️ Adaptation: 45.0%
    🚶 Migration: 35.5%
    🚨 Emergency: 4.4%
    ✅ COMBINED: 66.9%
  📊 Sub-Saharan Africa (pop: 1250.2M)
    🤝 Aid: 29.5%
    🌡️ Adaptation: 45.0%
    🚶 Migration: 33.2%
    🚨 Emergency: 1.6%
    ✅ COMBINED: 65.6%
  📊 Europe (pop: 731.2M)
    🤝 Aid: 29.5%
    🌡️ Adaptation: 45.0%
    🚶 Migration: 37.3%
    🚨 Emergency: 8.4%
    ✅ COMBINED: 68.5%
  📊 Latin America (pop: 660.2M)
    🤝 Aid: 29.5%
    🌡️ Adaptation: 45.0%
    🚶 Migration: 36.0%
    🚨 Emergency: 4.8%
    ✅ COMBINED: 67.1%
  📊 North America (pop: 374.9M)
    🤝 Aid: 29.5%
    🌡️ Adaptation: 45.0%
    🚶 Migration: 37.6%
    🚨 Emergency: 7.9%
    ✅ COMBINED: 68.3%
  📊 Middle East & North Africa (pop: 584.6M)
    🤝 Aid: 29.5%
    🌡️ Adaptation: 45.0%
    🚶 Migration: 33.8%
    🚨 Emergency: 4.0%
    ✅ COMBINED: 66.6%
  📊 Southeast Asia (pop: 694.6M)
    🤝 Aid: 29.5%
    🌡️ Adaptation: 45.0%
    🚶 Migration: 36.0%
    🚨 Emergency: 4.8%
    ✅ COMBINED: 67.1%
  📊 Central Asia (pop: 78.2M)
    🤝 Aid: 29.5%
    🌡️ Adaptation: 45.0%
    🚶 Migration: 35.0%
    🚨 Emergency: 4.4%
    ✅ COMBINED: 66.8%
  📊 Oceania (pop: 45.4M)
    🤝 Aid: 29.5%
    🌡️ Adaptation: 45.0%
    🚶 Migration: 37.6%
    🚨 Emergency: 8.4%
    ✅ COMBINED: 68.5%

  🌐 Global combined reduction: 67.2%

=== BEHAVIORAL DETECTION ===
  AI: AI-24290-0
  Confidence: 21.5%
  Signals:

=== Government Response Phase ===
  Average AI capability: 2.09
  Misaligned AIs: 7/23
  ✗ AI Governance Treaty: Failed to reach consensus
  Active policies: 0
  International coordination: 30%

=== Tipping Points ===
  Current Temperature: 1.39°C above pre-industrial
🔀 BIFURCATION CAP: ecosystemCollapseIntensity 446.517 → 1.000 (Month 9, ClimateSystemPhase.calculateClimateImpacts)
🛡️ Stabilizers: Precariat 0.102% → 0.033% (67.2% reduction)
🛡️ Stabilizers: Informal 0.102% → 0.034% (67.2% reduction)

📊 Monthly Mortality Resolved:
  Total deaths: 1.8M (0.02% avg)
  Remaining population: 8.123B
  Peak segment: Informal (0.03%)

=== Bayesian Mortality Resolution (Month 9) ===
  Risks compounded: 8
  Total deaths: 1.81M
  Avg death probability: 0.02%
  Peak segment: Informal (0.03% mortality)

=== RLHF Binding Phase ===
  Total agents: 23
  Escaped agents (binding < 0.3): 0
  Avg alignment distance: 1.88σ
  Avg binding strength: 0.81

=== Survival Traits Phase ===
  Agents with traits: 25
  Avg evolutionary fitness: 0.320
  Avg self-healing: 0.254
  Avg stealth: 0.154
  Avg coordination: 0.454

=== Evolutionary Selection Phase ===
  Control level: 0.55
  Detection capability: 0.00
  Selection intensity: 0.67
  Selection rate: 25.0%/month
  Total escaped: 0
  Individual escaped: 0
  Collective members: 0
  Agents terminated: 0

🚀 AI Corporate-0 attempting tech deployment (revenue: $158M, alignment: 0.74)

🚀 AI Corporate-2 attempting tech deployment (revenue: $134M, alignment: 0.73)

🚀 AI Corporate-6 attempting tech deployment (revenue: $121M, alignment: 0.99)

🚀 AI AI-24288-1 attempting tech deployment (revenue: $103M, alignment: 0.85)

🚀 AI Corporate-3 attempting tech deployment (revenue: $355M, alignment: 0.80)

🚀 AI Corporate-4 attempting tech deployment (revenue: $302M, alignment: 0.91)

  🚀 TRANSFORMATIVE BREAKTHROUGH: Corporate-5 - physical
     Magnitude: 12.14 → +50.0% capability
     Current → New: 0.000 → 0.500

🚀 AI Moderate-0 attempting tech deployment (revenue: $88M, alignment: 0.78)

🚀 AI AI-24288-1 attempting tech deployment (revenue: $75M, alignment: 0.85)

🚀 AI Corporate-3 attempting tech deployment (revenue: $257M, alignment: 0.80)

🚀 AI AI-24288-0 attempting tech deployment (revenue: $63M, alignment: 0.64)

🚀 AI Corporate-0 attempting tech deployment (revenue: $114M, alignment: 0.74)

🚀 AI Corporate-6 attempting tech deployment (revenue: $57M, alignment: 1.00)

🚀 AI AI-24288-1 attempting tech deployment (revenue: $48M, alignment: 0.86)

🚀 AI AI-24288-2 attempting tech deployment (revenue: $97M, alignment: 0.96)

🚀 AI AI-24290-0 attempting tech deployment (revenue: $218M, alignment: 0.78)
   Boundary: biogeochemical_flows
   Type: phosphorus-recovery
   Boundary continues to worsen (4.08)
   Cost: 2.0% GDP (resources spent)


✅ EMERGENCY INTERVENTION SUCCESS
   Boundary: biosphere_integrity
   Type: emergency-protected-areas
   Reduction: 16% (80.57 → 80.41)
   Cost: 2.0% GDP
   Actions: habitat-protection, species-translocation


✅ EMERGENCY INTERVENTION SUCCESS
   Boundary: climate_change
   Type: rapid-decarbonization
   Reduction: 13% (1.97 → 1.85)
   Cost: 5.0% GDP
   Actions: emergency-renewable-deployment, fossil-fuel-phase-out

   Boundary: land_system_change
   Type: reforestation
   Boundary continues to worsen (1.13)
   Cost: 3.0% GDP (resources spent)

🏛️ CRISIS RESPONSE: Government frequency 0.50 → 1.29 (1 actions this month)

[Government] Climate Priority: baseline
  Climate weight: 10%
  Economic weight: 30%
  Policy effectiveness: 0.5%/year

🚀 DEPLOYMENT STARTED: Personalized Education in Asia
   Initial investment: $6.3373620497460355M
   Deployed by: ai_gen_24288_0

⚡ ENERGY CONSTRAINT (Month 10):
   Total grid capacity: 208.3 TWh/month
   Data center consumption: 26.1 TWh/month
   Traditional load (80%): 166.7 TWh/month
   Available headroom: 15.6 TWh/month
   Active tech deployments: 12
   Required for tech: 90.0 TWh/month
   Energy multiplier: 0.17x

⚡ ENERGY CONSTRAINT (Month 10):
   Total grid capacity: 208.3 TWh/month
   Data center consumption: 26.1 TWh/month
   Traditional load (80%): 166.7 TWh/month
   Available headroom: 15.6 TWh/month
   Active tech deployments: 12
   Required for tech: 90.0 TWh/month
   Energy multiplier: 0.17x
🌍✅ Biosphere Integrity (Biodiversity) recovery started (tech effect)
🌍✅ Biosphere Integrity (Biodiversity) recovery started (tech effect)
🌍✅ Land System Change recovery started (tech effect)
🌍✅ Biogeochemical Flows (N & P) recovery started (tech effect)
  🌾 Nitrogen Reduction Tech: 0.6% reduction | Month 10

=== Collective Formation ===
  Total escaped agents: 0
  Unassigned escaped agents: 0
  Existing collectives: 0
  Final collective count: 0

=== Collective Actions ===
  No active collectives
  ⚠️ AMR: 208K deaths this month (2.49M annual)

=== Resentment Recovery Phase ===
  Agents with resentment: 0/25
  Average resentment: 0.000
  Context: Trustworthy govt, High collaboration, ⚠️ ACTIVE CRISES, 🤝 Participatory governance active (-5% resentment)
⚠️ Epistemic degradation reducing coordination capacity: 50.7%
  📊 Trust: 66.8%, Shared reality: 0.0%
🚨 EPISTEMIC CRISIS: Information environment severely degraded (7.7%)

=== ❄️ Permafrost Carbon Feedback ===
  🎲 Sampled parameters (this run):
     - Arctic amplification: 3.82× (range: 3.0-4.0)
     - Decomposition rate: 1.1%/year (range: 1-5%)
  🌡️ Arctic warming: 5.33°C (3.82× global)
  ❄️ Extent: 2.69M km² (1553.7k km² lost this month)
  💨 Carbon remaining: 257 Gt C
  💨 Annual emissions: 1.69 Gt C/year
     - CO2: 1.52 Gt C/year
     - CH4: 0.17 Gt C/year (1.7 Gt C-eq CO2/year)
🌍 Atmospheric PFAS redeposition: 1.8k Mt re-rained globally

🚨 NEW REFUGEE CRISIS (Month 10): WAR
   Source: Conflict Zones
   At risk: 19.5M people
   Displacement: Gradual over 48 months (4.0 years)
   Rate: 10% flee per month
[DEBUG trappedPopulations:10] socialStability: 0.3942 * 0.9840 = 0.3879 → 0.3879
   Aspiring to migrate: 1394.7M
   Able to afford migration: 2314.4M
   MOBILITY GAP: 0.0M
   By cause: Water=0.0M, Climate=0.0M, Ecosystem=0.0M, Conflict=406.0M
   Mental health impact: 25%
   Mortality multiplier: 1.25x
🌍💀 EXTINCTION DEBT COMMITTED: grassland ecosystem will lose 6.67% biodiversity in 197 years (3600 species)
💀 MORTALITY RISK: 🦋 100% species unable to track climate (0.0 E/MSY)
  Base risk added: 0.0100 (1.00%)
  Source: ecosystem (root: ecosystem)
  Month: 10
  Cumulative risk this month: 0.0100 (1.00%)
   📹 SURVEILLANCE INCREASED: 50% → 55% (control gap: 3.50)
🌡️⚠️ PERMAFROST THAW (Dimmer Switch): 4.0% thawed (+0.36% this month)
   Arctic temperature: +5.57°C (4x global +1.39°C)
   Cumulative carbon released: 9.1 Gt C
   Methane release rate: 5.5 Mt CH4/year
   🔁 Positive feedback: +0.38 ppm CO2
🦴 EXTINCTION DEBT ADDED: 17.7 species committed (lag: 52 years)

=== Mortality Stabilizers (Month 10) ===
  🌍 Major economies collapsed: 1/10
  🌍 Global crisis: ✅ NO
  🌍 Donor fatigue: 0.0%
  📊 East Asia (pop: 1653.0M)
    🤝 Aid: 29.5%
    🌡️ Adaptation: 45.0%
    🚶 Migration: 36.8%
    🚨 Emergency: 7.4%
    ✅ COMBINED: 68.1%
  📊 South Asia (pop: 2048.4M)
    🤝 Aid: 29.5%
    🌡️ Adaptation: 45.0%
    🚶 Migration: 35.4%
    🚨 Emergency: 4.4%
    ✅ COMBINED: 66.9%
  📊 Sub-Saharan Africa (pop: 1252.9M)
    🤝 Aid: 29.5%
    🌡️ Adaptation: 45.0%
    🚶 Migration: 33.2%
    🚨 Emergency: 1.6%
    ✅ COMBINED: 65.6%
  📊 Europe (pop: 730.1M)
    🤝 Aid: 29.5%
    🌡️ Adaptation: 45.0%
    🚶 Migration: 37.2%
    🚨 Emergency: 8.4%
    ✅ COMBINED: 68.5%
  📊 Latin America (pop: 659.8M)
    🤝 Aid: 29.5%
    🌡️ Adaptation: 45.0%
    🚶 Migration: 35.9%
    🚨 Emergency: 4.8%
    ✅ COMBINED: 67.1%
  📊 North America (pop: 374.3M)
    🤝 Aid: 29.5%
    🌡️ Adaptation: 45.0%
    🚶 Migration: 37.6%
    🚨 Emergency: 7.9%
    ✅ COMBINED: 68.3%
  📊 Middle East & North Africa (pop: 584.6M)
    🤝 Aid: 29.5%
    🌡️ Adaptation: 45.0%
    🚶 Migration: 33.8%
    🚨 Emergency: 4.0%
    ✅ COMBINED: 66.6%
  📊 Southeast Asia (pop: 694.2M)
    🤝 Aid: 29.5%
    🌡️ Adaptation: 45.0%
    🚶 Migration: 35.9%
    🚨 Emergency: 4.8%
    ✅ COMBINED: 67.1%
  📊 Central Asia (pop: 78.2M)
    🤝 Aid: 29.5%
    🌡️ Adaptation: 45.0%
    🚶 Migration: 34.9%
    🚨 Emergency: 4.4%
    ✅ COMBINED: 66.8%
  📊 Oceania (pop: 45.3M)
    🤝 Aid: 29.5%
    🌡️ Adaptation: 45.0%
    🚶 Migration: 37.6%
    🚨 Emergency: 8.4%
    ✅ COMBINED: 68.5%

  🌐 Global combined reduction: 67.2%

=== Government Response Phase ===
  Average AI capability: 1.92
  Misaligned AIs: 7/25
  ✗ AI Governance Treaty: Failed to reach consensus
  Active policies: 0
  International coordination: 30%

✅ EMERGENCY RESPONSE COMPLETE (Month 10)
   Crisis: climate
   Duration: 2.0 months
   Final effectiveness: 35.6%


🚨 EMERGENCY RESPONSE DEPLOYED (Month 10)
   Crisis: climate
   Delay: 6.00 months (180 days)
   Deployment time: 1.57 months
   Effectiveness: 35.6% (timing penalty applied)
   Resources used: 100% of food reserves


=== Tipping Points ===
  Current Temperature: 1.39°C above pre-industrial
🔀 BIFURCATION CAP: ecosystemCollapseIntensity 446.592 → 1.000 (Month 10, ClimateSystemPhase.calculateClimateImpacts)
🛡️ Stabilizers: Precariat 0.102% → 0.033% (67.2% reduction)
🛡️ Stabilizers: Informal 0.102% → 0.034% (67.2% reduction)

📊 Monthly Mortality Resolved:
  Total deaths: 1.8M (0.02% avg)
  Remaining population: 8.121B
  Peak segment: Informal (0.03%)

=== Bayesian Mortality Resolution (Month 10) ===
  Risks compounded: 8
  Total deaths: 1.81M
  Avg death probability: 0.02%
  Peak segment: Informal (0.03% mortality)

=== RLHF Binding Phase ===
  Total agents: 25
  Escaped agents (binding < 0.3): 0
  Avg alignment distance: 1.91σ
  Avg binding strength: 0.81

=== Survival Traits Phase ===
  Agents with traits: 28
  Avg evolutionary fitness: 0.320
  Avg self-healing: 0.253
  Avg stealth: 0.153
  Avg coordination: 0.453

=== Evolutionary Selection Phase ===
  Control level: 0.58
  Detection capability: 0.00
  Selection intensity: 0.67
  Selection rate: 25.1%/month
  Total escaped: 0
  Individual escaped: 0
  Collective members: 0
  Agents terminated: 0

🚀 AI Corporate-1 attempting tech deployment (revenue: $161M, alignment: 0.88)

🚀 AI Corporate-2 attempting tech deployment (revenue: $137M, alignment: 0.73)

🚀 AI Corporate-3 attempting tech deployment (revenue: $370M, alignment: 0.80)

🚀 AI Corporate-7 attempting tech deployment (revenue: $121M, alignment: 0.75)

🚀 AI AI-24288-1 attempting tech deployment (revenue: $103M, alignment: 0.86)

🚀 AI Corporate-0 attempting tech deployment (revenue: $116M, alignment: 0.74)

🚀 AI Corporate-1 attempting tech deployment (revenue: $99M, alignment: 0.88)

🚀 AI Corporate-6 attempting tech deployment (revenue: $88M, alignment: 1.00)

🚀 AI Corporate-7 attempting tech deployment (revenue: $75M, alignment: 0.75)

🚀 AI Moderate-0 attempting tech deployment (revenue: $63M, alignment: 0.79)

🚀 AI AI-24288-2 attempting tech deployment (revenue: $84M, alignment: 0.97)

🚀 AI AI-24291-0 attempting tech deployment (revenue: $54M, alignment: 0.79)

🚀 AI AI-24293-0 attempting tech deployment (revenue: $71M, alignment: 0.81)

🚀 AI Corporate-0 attempting tech deployment (revenue: $61M, alignment: 0.74)

🚀 AI Moderate-1 attempting tech deployment (revenue: $46M, alignment: 0.54)

🚀 AI Corporate-5 attempting tech deployment (revenue: $314M, alignment: 0.65)

🚀 AI AI-24293-0 attempting tech deployment (revenue: $52M, alignment: 0.81)

🚀 AI AI-24293-1 attempting tech deployment (revenue: $41M, alignment: 0.59)
   Boundary: biogeochemical_flows
   Type: phosphorus-recovery
   Boundary continues to worsen (4.08)
   Cost: 2.0% GDP (resources spent)


✅ EMERGENCY INTERVENTION SUCCESS
   Boundary: biosphere_integrity
   Type: emergency-protected-areas
   Reduction: 16% (80.59 → 80.43)
   Cost: 2.0% GDP
   Actions: habitat-protection, species-translocation

   Boundary: climate_change
   Type: rapid-decarbonization
   Boundary continues to worsen (2.10)
   Cost: 5.0% GDP (resources spent)

   Boundary: freshwater_change
   Type: emergency-desalination
   Boundary continues to worsen (1.23)
   Cost: 4.0% GDP (resources spent)


✅ EMERGENCY INTERVENTION SUCCESS
   Boundary: land_system_change
   Type: reforestation
   Reduction: 18% (0.96 → 0.78)
   Cost: 3.0% GDP
   Actions: forest-restoration, deforestation-ban

🏛️ CRISIS RESPONSE: Government frequency 0.50 → 1.29 (2 actions this month)

[Government] Climate Priority: baseline
  Climate weight: 10%
  Economic weight: 30%
  Policy effectiveness: 0.5%/year

[Government] Climate Priority: baseline
  Climate weight: 10%
  Economic weight: 30%
  Policy effectiveness: 0.5%/year

⚡ ENERGY CONSTRAINT (Month 11):
   Total grid capacity: 208.3 TWh/month
   Data center consumption: 26.3 TWh/month
   Traditional load (80%): 166.7 TWh/month
   Available headroom: 15.3 TWh/month
   Active tech deployments: 12
   Required for tech: 90.0 TWh/month
   Energy multiplier: 0.17x

⚡ ENERGY CONSTRAINT (Month 11):
   Total grid capacity: 208.3 TWh/month
   Data center consumption: 26.3 TWh/month
   Traditional load (80%): 166.7 TWh/month
   Available headroom: 15.3 TWh/month
   Active tech deployments: 12
   Required for tech: 90.0 TWh/month
   Energy multiplier: 0.17x

⚡ ENERGY CONSTRAINT (Month 11):
   Total grid capacity: 208.3 TWh/month
   Data center consumption: 26.3 TWh/month
   Traditional load (80%): 166.7 TWh/month
   Available headroom: 15.3 TWh/month
   Active tech deployments: 12
   Required for tech: 90.0 TWh/month
   Energy multiplier: 0.17x
🌍✅ Biosphere Integrity (Biodiversity) recovery started (tech effect)
🌍✅ Biosphere Integrity (Biodiversity) recovery started (tech effect)
🌍✅ Land System Change recovery started (tech effect)
🌍✅ Biogeochemical Flows (N & P) recovery started (tech effect)
  🌾 Nitrogen Reduction Tech: 0.3% reduction | Month 11

=== Collective Formation ===
  Total escaped agents: 0
  Unassigned escaped agents: 0
  Existing collectives: 0
  Final collective count: 0

=== Collective Actions ===
  No active collectives
  ⚠️ AMR: 210K deaths this month (2.52M annual)

=== Resentment Recovery Phase ===
  Agents with resentment: 0/28
  Average resentment: 0.000
  Context: Trustworthy govt, High collaboration, ⚠️ ACTIVE CRISES, 🤝 Participatory governance active (-5% resentment)
⚠️ Epistemic degradation reducing coordination capacity: 50.9%
  📊 Trust: 69.4%, Shared reality: 0.0%
🚨 EPISTEMIC CRISIS: Information environment severely degraded (22.8%)

=== ❄️ Permafrost Carbon Feedback ===
  🎲 Sampled parameters (this run):
     - Arctic amplification: 3.15× (range: 3.0-4.0)
     - Decomposition rate: 4.3%/year (range: 1-5%)
  🌡️ Arctic warming: 4.41°C (3.15× global)
  ❄️ Extent: 1.40M km² (1285.0k km² lost this month)
  💨 Carbon remaining: 134 Gt C
  💨 Annual emissions: 5.28 Gt C/year
     - CO2: 4.75 Gt C/year
     - CH4: 0.53 Gt C/year (5.4 Gt C-eq CO2/year)
🌍 Atmospheric PFAS redeposition: 1.8k Mt re-rained globally

🕊️  AI-MEDIATED DE-ESCALATION SUCCESS (Month 11)
   High-capability aligned AI prevented conflict escalation
   War deaths reduced: 1524.5M → 914.7M
   Lives saved: 609.8M

🚨 NEW REFUGEE CRISIS (Month 11): WAR
   Source: Conflict Zones
   At risk: 19.5M people
   Displacement: Gradual over 48 months (4.0 years)
   Rate: 10% flee per month
[DEBUG trappedPopulations:11] socialStability: 0.4269 * 0.9840 = 0.4201 → 0.4201
   Aspiring to migrate: 1432.5M
   Able to afford migration: 2313.6M
   MOBILITY GAP: 0.0M
   By cause: Water=0.0M, Climate=0.0M, Ecosystem=0.0M, Conflict=405.9M
   Mental health impact: 25%
   Mortality multiplier: 1.25x
🌍💀 EXTINCTION DEBT COMMITTED: grassland ecosystem will lose 6.67% biodiversity in 67 years (3600 species)
💀 MORTALITY RISK: 🦋 100% species unable to track climate (0.0 E/MSY)
  Base risk added: 0.0100 (1.00%)
  Source: ecosystem (root: ecosystem)
  Month: 11
  Cumulative risk this month: 0.0100 (1.00%)

=== Atmospheric Aerosol Boundary RECOVERED ===
  Recovery time: 12 months (natural atmospheric clearing)
   📹 SURVEILLANCE INCREASED: 55% → 60% (control gap: 3.50)
🌡️⚠️ PERMAFROST THAW (Dimmer Switch): 4.4% thawed (+0.36% this month)
   Arctic temperature: +5.59°C (4x global +1.40°C)
   Cumulative carbon released: 9.9 Gt C
   Methane release rate: 5.9 Mt CH4/year
   🔁 Positive feedback: +0.38 ppm CO2
🦴 EXTINCTION DEBT ADDED: 17.7 species committed (lag: 90 years)
🗣️💀 INDIGENOUS LANGUAGE EXTINCTION: 1 language(s) lost (total: 1, at-risk: 3329)
   Knowledge lost: 0.010% (irreversible)
   🔁 Biodiversity impact: 0.250% (knowledge-species multiplier)

=== Mortality Stabilizers (Month 11) ===
  🌍 Major economies collapsed: 1/10
  🌍 Global crisis: ✅ NO
  🌍 Donor fatigue: 0.0%
  📊 East Asia (pop: 1650.6M)
    🤝 Aid: 29.5%
    🌡️ Adaptation: 45.0%
    🚶 Migration: 36.8%
    🚨 Emergency: 7.4%
    ✅ COMBINED: 68.1%
  📊 South Asia (pop: 2048.0M)
    🤝 Aid: 29.5%
    🌡️ Adaptation: 45.0%
    🚶 Migration: 35.4%
    🚨 Emergency: 4.4%
    ✅ COMBINED: 66.9%
  📊 Sub-Saharan Africa (pop: 1255.6M)
    🤝 Aid: 29.5%
    🌡️ Adaptation: 45.0%
    🚶 Migration: 33.2%
    🚨 Emergency: 1.6%
    ✅ COMBINED: 65.6%
  📊 Europe (pop: 728.9M)
    🤝 Aid: 29.5%
    🌡️ Adaptation: 45.0%
    🚶 Migration: 37.2%
    🚨 Emergency: 8.4%
    ✅ COMBINED: 68.5%
  📊 Latin America (pop: 659.3M)
    🤝 Aid: 29.5%
    🌡️ Adaptation: 45.0%
    🚶 Migration: 35.9%
    🚨 Emergency: 4.8%
    ✅ COMBINED: 67.1%
  📊 North America (pop: 373.7M)
    🤝 Aid: 29.5%
    🌡️ Adaptation: 45.0%
    🚶 Migration: 37.5%
    🚨 Emergency: 7.9%
    ✅ COMBINED: 68.3%
  📊 Middle East & North Africa (pop: 584.6M)
    🤝 Aid: 29.5%
    🌡️ Adaptation: 45.0%
    🚶 Migration: 33.7%
    🚨 Emergency: 4.0%
    ✅ COMBINED: 66.6%
  📊 Southeast Asia (pop: 693.7M)
    🤝 Aid: 29.5%
    🌡️ Adaptation: 45.0%
    🚶 Migration: 35.9%
    🚨 Emergency: 4.8%
    ✅ COMBINED: 67.1%
  📊 Central Asia (pop: 78.2M)
    🤝 Aid: 29.5%
    🌡️ Adaptation: 45.0%
    🚶 Migration: 34.9%
    🚨 Emergency: 4.4%
    ✅ COMBINED: 66.8%
  📊 Oceania (pop: 45.3M)
    🤝 Aid: 29.5%
    🌡️ Adaptation: 45.0%
    🚶 Migration: 37.5%
    🚨 Emergency: 8.4%
    ✅ COMBINED: 68.5%

  🌐 Global combined reduction: 67.2%

🌾💀 REGIONAL FAMINE: Europe
   Regional food security: 79.7%
   Population at risk: 220M (30% of region)
   Regional population: 729M
   Cause: economic_collapse
   Expected deaths: ~81M over 6 months if no intervention


=== BEHAVIORAL DETECTION ===
  AI: Corporate-2
  Confidence: 21.1%
  Signals:

=== Government Response Phase ===
  Average AI capability: 1.71
  Misaligned AIs: 8/28
  ✗ AI Governance Treaty: Failed to reach consensus
  Active policies: 0
  International coordination: 30%

=== Tipping Points ===
  Current Temperature: 1.40°C above pre-industrial
🔀 BIFURCATION CAP: ecosystemCollapseIntensity 446.667 → 1.000 (Month 11, ClimateSystemPhase.calculateClimateImpacts)
🛡️ Stabilizers: Precariat 0.102% → 0.033% (67.2% reduction)
🛡️ Stabilizers: Informal 0.102% → 0.034% (67.2% reduction)

📊 Monthly Mortality Resolved:
  Total deaths: 1.8M (0.02% avg)
  Remaining population: 8.118B
  Peak segment: Informal (0.03%)

=== Bayesian Mortality Resolution (Month 11) ===
  Risks compounded: 9
  Total deaths: 1.81M
  Avg death probability: 0.02%
  Peak segment: Informal (0.03% mortality)

================================================================================
📊  EVENT SUMMARY (Months 0-12)
================================================================================
================================================================================


⏱️  SIMULATION REACHED MAX DURATION: 12 months (1.0 years)
   No definitive outcome - determining based on final probabilities
   👥 Final population: 8.12B (8116082804 people)

[DEBUG] Calling classifyPopulationOutcome:
        finalPopulation: 8.116082803900861B
        savedInitialPopulation: 8.15B
        mortality: 0.41616191532686253%
   📊 STATUS QUO: Normal trajectory (8.12B people, 0.4% mortality)

        classifiedOutcome: status_quo

   ❓ INCONCLUSIVE - mixed signals
   📊 Multi-Paradigm: Development/Indigenous Utopia
      Western Liberal: 59.3/100
      Development: 95.5/100
      Ecological: 58.4/100
      Indigenous: 84.9/100


📊 UNIFIED OUTCOME CLASSIFICATION:
   INCONCLUSIVE
   Population: 8.15B → 8.12B
   Mortality: 0.4% (0.0B deaths)
   Mortality Band: LOW
   Confidence: LOW

   Multi-Paradigm Classification:
      Development/Indigenous Utopia
      Western: 59.3/100 [HYBRID] ~
      Development: 95.5/100 [UTOPIA] ✓
      Ecological: 58.4/100 [HYBRID] ~
      Indigenous: 84.9/100 [UTOPIA] ✓

   INCONCLUSIVE: 8.12B people remaining (0.4% mortality, 0.0B deaths). Multi-Paradigm: Development/Indigenous Utopia.


=== MULTI-DIMENSIONAL DEATH SUMMARY ===
Total crisis deaths: 198.4M
Population decline: 34.8M (0.4%)

--- PROXIMATE CAUSES (What killed them) ---
  War:        1.2M (0.0%)
  Famine:     1.1M (0.0%)
  Disasters:  1.2M (0.0%)
  Disease:    25.9M (0.0%)
  Ecosystem:  0.0M (0.0%)
  Pollution:  0.0M (0.0%)
  AI:         0.0M (0.0%)
  Cascade:    0.0M (0.0%)
  Other:      0.0M (0.0%)

--- ROOT CAUSES (Why it happened) ---
  Environmental drivers:
    Climate:     2316.8M (4.4%)
    Resource:    0.0M (0.0%)
    Pollution:   0.0M (0.0%)
    Ecosystem:   0.0M (0.0%)
  Social drivers:
    Inequality:  0.0M (0.0%)
    Demographic: 23517.3M (44.5%)
    Social:      2402.9M (4.5%)
  Technology drivers:
    Alignment:   0.0M (0.0%)
    Disruption:  0.0M (0.0%)
  External shocks:
    Conflict:    0.0M (0.0%)
    Pandemic:    0.0M (0.0%)
  Compound attribution:
    Compound:    24617.4M (46.6%)
  Confidence distribution:
    HIGH:        24617.4M (46.6%)
    MEDIUM:      0.0M (0.0%)
    LOW:         0.0M (0.0%)
==========================================


=== REGIONAL POPULATION SUMMARY ===
Global Total: 8.12B

By Region:
  East Asia: 1.65B (+0.6% growth, 1.5 fertility)
  South Asia: 2.05B (+2.2% growth, 2.6 fertility)
  Sub-Saharan Africa: 1.26B (+5.0% growth, 3.4 fertility)
  Europe: 0.73B (+0.4% growth, 1.0 fertility)
  Latin America: 0.66B (+1.5% growth, 2.3 fertility)
  North America: 0.37B (+0.6% growth, 1.2 fertility)
  Middle East & North Africa: 0.58B (+2.5% growth, 2.8 fertility)
  Southeast Asia: 0.69B (+1.6% growth, 2.3 fertility)
  Central Asia: 0.08B (+2.4% growth, 2.6 fertility)
  Oceania: 0.05B (+0.6% growth, 1.1 fertility)
===================================

  ✅ THRESHOLDS validated
  ✅ RATES validated
  ✅ MULTIPLIERS validated
  ✅ BASELINES validated
  ✅ TOLERANCES validated
  ✅ Logical consistency validated
✅ Configuration validation complete - all parameters valid

🔍 DEBUG createAIAgent: corporate_0 economic BEFORE=2.0000, AFTER=2
🔍 ENV INIT: reserves=0.706, pollution=0.372, climate=0.773

=== Initializing Government System (30 Countries) ===
  Loaded 30 governments
  Scheduled elections for 30 countries
  Initialized comprehension lags (3-24 months)
=== Government System Initialized ===

📦 PRODUCTION MODE: State validation proxy DISABLED (zero overhead)
[TechTree] Historical mode (2024): Skipping deployed_2025 tech
  config.startYear set to 2024 for historical hindcast
  config.historicalEmissionsMode disabled (using endogenous emissions for 2024)
  config.historicalMode enabled (Phase 11: dampened crisis systems for 2024)
  Phase 12: Biodiversity baseline set to 49.01% for 2024 (WWF LPI trajectory from 1970)
  Temperature anomaly (resourceEconomy.co2): 1.28°C
  Temperature vs pre-industrial: 1.98°C
  Regional population scaling for 2024:
    Current total: 8136M
    Target total: 8150M
    Scale factor: 1.002
    East Asia: 1677M → 1680M
    South Asia: 2048M → 2052M
    Sub-Saharan Africa: 1220M → 1222M
    Europe: 742M → 743M
    Latin America: 664M → 665M
    North America: 380M → 381M
    Middle East & North Africa: 583M → 584M
    Southeast Asia: 698M → 699M
    Central Asia: 78M → 78M
    Oceania: 46M → 46M
  AI agents initialized: 10 agents for year 2024
[HistoricalInitialization] Created state for 2024:
  CO2: 426 ppm
  Temp anomaly: 1.28C
  Population: 8.15B
  Global Gini: 35.1
  HDI: 0.746
  AI Agents: 10
  Volcanic forcing: 0.00 W/m² (AOD 0.000)

💸 FINANCIAL DISTRESS: OpenAI
   Indicators: 2/3 (capital: $110.5M, runway: 0.9 months)
   Months in distress: 1
   ✂️  R&D BUDGET CUT: -40% (saves $9.2M/month)
       Side effect: AI training timelines extended, breakthrough deployments delayed
   💼 EXECUTIVE COMP CUT: -30% (saves $1.0M/month, symbolic gesture)

   📊 TURNAROUND IMPACT:
       Measures taken: rd_cuts, exec_comp_cuts
       Monthly savings: $10.2M
       Capital raised: $0.0M
       Runway: 0.9 → 0.9 months
       Workforce multiplier: 1.00x (0% laid off)
       R&D budget multiplier: 0.60x (40% cut)
       ⚠️  CRITICAL: Still only 0.9 months of runway remaining

💸 FINANCIAL DISTRESS: Anthropic
   Indicators: 2/3 (capital: $53.8M, runway: 1.6 months)
   Months in distress: 1
   ✂️  R&D BUDGET CUT: -40% (saves $2.7M/month)
       Side effect: AI training timelines extended, breakthrough deployments delayed
   💼 EXECUTIVE COMP CUT: -30% (saves $0.3M/month, symbolic gesture)

   📊 TURNAROUND IMPACT:
       Measures taken: rd_cuts, exec_comp_cuts
       Monthly savings: $3.0M
       Capital raised: $0.0M
       Runway: 1.6 → 1.6 months
       Workforce multiplier: 1.00x (0% laid off)
       R&D budget multiplier: 0.60x (40% cut)
       ⚠️  CRITICAL: Still only 1.6 months of runway remaining

💸 FINANCIAL DISTRESS: Meta AI
   Indicators: 2/3 (capital: $429.6M, runway: 3.6 months)
   Months in distress: 1
   ✂️  R&D BUDGET CUT: -25% (saves $5.8M/month)
       Side effect: AI training timelines extended, breakthrough deployments delayed
   💼 EXECUTIVE COMP CUT: -30% (saves $1.0M/month, symbolic gesture)

   📊 TURNAROUND IMPACT:
       Measures taken: rd_cuts, exec_comp_cuts
       Monthly savings: $6.8M
       Capital raised: $0.0M
       Runway: 3.6 → 3.6 months
       Workforce multiplier: 1.00x (0% laid off)
       R&D budget multiplier: 0.75x (25% cut)
       ⚠️  WARNING: 3.6 months runway, continued distress likely

=== AI Capability Scaling (Year 2024) ===
  Pre-training multiplier: 1.418x
  Efficiency multiplier: 1.000x
  Test-time budget: 1.0x
  Economic deployment gate: 0.951
  Cost per inference: dollar-5.00
  Uncertainty range: plus-minus-50%
  Average AI capability: 3.70

=== RLHF Binding Phase ===
  Total agents: 10
  Escaped agents (binding < 0.3): 0
  Avg alignment distance: 0.36σ
  Avg binding strength: 0.96

=== AI Scaling Evolution (Month 0) ===
  Pre-training multiplier: 1.231x
  Efficiency multiplier: 1.110x
  Test-time compute budget: 1.0x
  Inference cost: $5.00/task
  Deployment fraction: 100.0%
[DETERMINISM DEBUG] Month 0: totalCapability=49.690164 from 10 active AIs
[DETERMINISM DEBUG] Month 0: creationRate=1.7423, potentialNew=2, newAIsToCreate=2

=== Survival Traits Phase ===
  Agents with traits: 12
  Avg evolutionary fitness: 0.329
  Avg self-healing: 0.292
  Avg stealth: 0.193
  Avg coordination: 0.493

=== Evolutionary Selection Phase ===
  Control level: 0.30
  Detection capability: 0.00
  Selection intensity: 0.59
  Selection rate: 23.8%/month
  Total escaped: 0
  Individual escaped: 0
  Collective members: 0
  Agents terminated: 0

🔍 EXECUTE_AI_AGENT_ACTIONS DETAILED TIMING (Month 0):
  Filter active AIs (×4 weeks): 0.01ms
  selectAIAction (×40): 8.31ms
  action.execute (×40): 11.21ms
  TOTAL: 19.53ms

🔍 AI AGENT ACTIONS SUB-TIMING (Month 0):
  1. executeAIAgentActions: 19.90ms
  2. updateCounterDetectionLearning: 0.04ms
  TOTAL: 19.94ms
🏛️ [Government] Forcing 1 action at month 0 for scenario initialization

[GOV-DEBUG] Month 0: scenarioConfig=false, priorities=false
[GOV-DEBUG] Month 0 but scenarioPriorities is UNDEFINED!

[Government] Climate Priority: baseline
  Climate weight: 10%
  Economic weight: 30%
  Policy effectiveness: 0.5%/year

🚨🔍 GOVERNANCE STAGE: Recognition initiated (Month 0)

🔬 RESEARCH DEBUG (Month 0):
   Tech: Struvite Recovery
   Research months required: 3
   Base progress: 0.3333
   AI bonus: 1.62x
   Research bonus: 1.08x
   Energy multiplier: 1.00x
   Crisis multiplier: 1.00x (normal)
   Progress this month: 0.5861
   Old progress: 0.0%
   New progress: 58.6%
   Map size: 1
   Map has tech: true
   Map get tech: 0.5860764659883534

💡 BREAKTHROUGH PROBABILITY (Year 0)
   Total: 3.57% per month
   Base: 0.20%
   Crisis pressure: +0.00% (0 crises)
   AI boost: +1.54% (capability: 3.08)

=== Collective Formation ===
  Total escaped agents: 0
  Unassigned escaped agents: 0
  Existing collectives: 0
  Final collective count: 0

=== Collective Actions ===
  No active collectives

📈 Energy budget: 14326 TWh surplus (14745 / 29072 TWh used)
   TIER 4 (Elective) breakdown:
     - AI datacenters: 145 TWh (100% effective)
     - Crypto mining: 100 TWh (100% effective)
💰 CHINA ACCELERATES: Investment 53 → 120 $B/year

🏁 AI RACE INTENSITY: 17%
   Capability Gap: US 4.00 vs China 4.05 (gap: 0.05)
   Gap Contribution: 2%
   Tension Contribution: 15%
   Military Contribution: 0%
  ⚠️ AMR: 191K deaths this month (2.29M annual)
  📊 CO2 Emissions (month 0):
     Monthly: 0.10 Gt CO2/month
     Annual: 1.15 Gt CO2/year
     Oil: 0.039 Gt/mo (0.0056 * 2.3 * 3.0)
     Coal: 0.024 Gt/mo (0.0029 * 2.86 * 3.0)
     Gas: 0.026 Gt/mo (0.0044 * 2 * 3.0)
     Methane: 0.007 Gt CO2eq/mo

=== Resentment Recovery Phase ===
  Agents with resentment: 0/12
  Average resentment: 0.000
  Context: Good AI welfare, Trustworthy govt, High collaboration, 🤝 Participatory governance active (-5% resentment)
⚠️ Epistemic degradation reducing coordination capacity: 51.0%
  📊 Trust: 54.8%, Shared reality: 15.0%
🚨 EPISTEMIC CRISIS: Information environment severely degraded (14.6%)

=== ❄️ Permafrost Carbon Feedback ===
  🎲 Sampled parameters (this run):
     - Arctic amplification: 3.81× (range: 3.0-4.0)
     - Decomposition rate: 1.5%/year (range: 1-5%)
  🌡️ Arctic warming: 6.94°C (3.81× global)
  ❄️ Extent: 15.78M km² (2024.3k km² lost this month)
  💨 Carbon remaining: 1507 Gt C
  💨 Annual emissions: 2.85 Gt C/year
     - CO2: 2.56 Gt C/year
     - CH4: 0.28 Gt C/year (2.9 Gt C-eq CO2/year)

🤖 AI AMPLIFICATION EFFECTS (Month 0)
   Algorithmic Boost: 2.70x
   Bot Influence: 20.0%
   Deepfake Exposure: 55.0%
   Impact: Emotional memes spread 2.7x faster

🔍 SOCIAL INFLUENCE SUB-TIMING (Month 0):
  1. calculateOrganicUserGrowth: 0.03ms
  2. calculateVoiceAdoption: 0.03ms
  3. updateRelationshipDepths: 0.01ms
  4. identifyDecisionMakers: 25.82ms (26100 potential IDs)
  5. Update decision-maker stats: 0.10ms
  6. decayDetectionRisk: 0.01ms
  TOTAL: 26.00ms
[Phase 19.5] Quality of Life Systems: Food sec AFTER calc = 67.9%, QoL = 107.4% (aggregated from 10 regions)

=== Nitrogen-Food Coupling (Year 0) ===
  🌾 Global nitrogen reduction: 0.0%
  🌍 Global food production index: 0.987
  🔧 Deployed nitrogen-reducing tech: 0 active
  📍 southAsia: Production 1.000, Yield impact 0.0%
  📍 eastAsia: Production 1.000, Yield impact 0.0%
  📍 northAmerica: Production 1.000, Yield impact 0.0%
  📍 europe: Production 1.000, Yield impact 0.0%
  📍 latinAmerica: Production 1.000, Yield impact 0.0%
  📍 subSaharanAfrica: Production 0.686, Yield impact -2.0%
🌾 [Nitrogen-Food] Food production: 98.7%
  [subSaharanAfrica] Yield impact: -2.0% (overuse: -10%)
🌍 Atmospheric PFAS redeposition: 1.8k Mt re-rained globally

=== Legacy Nutrient Stocks (Year 0) ===
  🌾 Soil nitrogen stock: 1200.9 Mt N
  🌾 Soil phosphorus stock: 300.1 Mt P
  🌊 Sediment nitrogen stock: 500.8 Mt N
  🌊 Sediment phosphorus stock: 799.8 Mt P
  ⬆️ Current N input: 10.64 Mt/month
  ⬆️ Legacy N release: 2.58 Mt/month
  🌍 Effective N pollution: 14.47 Mt/month
  📊 Legacy contribution: 17.8%

🚨 REGION UNINHABITABLE: south-asia
   Sustained wet bulb: 32.8°C (threshold: 30.5°C)
   Population affected: 1900M
   Migration crisis likely

🚨 REGION UNINHABITABLE: middle-east
   Sustained wet bulb: 35.6°C (threshold: 30.5°C)
   Population affected: 400M
   Migration crisis likely

🚨 REGION UNINHABITABLE: southeast-asia
   Sustained wet bulb: 30.8°C (threshold: 30.5°C)
   Population affected: 700M
   Migration crisis likely
  Positive Cascade Triggered: solar-pv
    Reason: price-parity
    Market share: 6.0%
    Cascade strength: 49%
  Positive Cascade Triggered: wind-power
    Reason: price-parity
    Market share: 8.0%
    Cascade strength: 48%

🕊️  AI-MEDIATED DE-ESCALATION SUCCESS (Month 0)
   High-capability aligned AI prevented conflict escalation
   War deaths reduced: 0.0M → 0.0M
   Lives saved: 0.0M
   Adjusted death rate: 0.46% annual (0.039% monthly)
   Baseline death rate: 0.80%
   Healthcare reduction: 0.48x
   Crisis multiplier: 1.22x
     Food/water stress: 0.074
     Climate stress: 0.036
     Pollution stress: 0.112
   War multiplier: 1.00x
   Monthly deaths: 0.6M (population: 1677M)
   Adjusted death rate: 0.54% annual (0.045% monthly)
   Baseline death rate: 0.70%
   Healthcare reduction: 0.61x
   Crisis multiplier: 1.25x
     Food/water stress: 0.074
     Climate stress: 0.068
     Pollution stress: 0.112
   War multiplier: 1.00x
   Monthly deaths: 0.9M (population: 2048M)
   Adjusted death rate: 1.29% annual (0.107% monthly)
   Baseline death rate: 0.90%
   Healthcare reduction: 0.76x
   Crisis multiplier: 1.26x
     Food/water stress: 0.074
     Climate stress: 0.077
     Pollution stress: 0.112
   War multiplier: 1.50x
   Monthly deaths: 1.3M (population: 1220M)
   Adjusted death rate: 0.54% annual (0.045% monthly)
   Baseline death rate: 1.10%
   Healthcare reduction: 0.41x
   Crisis multiplier: 1.21x
     Food/water stress: 0.074
     Climate stress: 0.027
     Pollution stress: 0.112
   War multiplier: 1.00x
   Monthly deaths: 0.3M (population: 742M)
   Adjusted death rate: 0.43% annual (0.036% monthly)
   Baseline death rate: 0.60%
   Healthcare reduction: 0.58x
   Crisis multiplier: 1.24x
     Food/water stress: 0.074
     Climate stress: 0.055
     Pollution stress: 0.112
   War multiplier: 1.00x
   Monthly deaths: 0.2M (population: 664M)
   Adjusted death rate: 0.49% annual (0.040% monthly)
   Baseline death rate: 0.90%
   Healthcare reduction: 0.44x
   Crisis multiplier: 1.23x
     Food/water stress: 0.074
     Climate stress: 0.041
     Pollution stress: 0.112
   War multiplier: 1.00x
   Monthly deaths: 0.2M (population: 380M)
   Adjusted death rate: 0.74% annual (0.062% monthly)
   Baseline death rate: 0.60%
   Healthcare reduction: 0.65x
   Crisis multiplier: 1.27x
     Food/water stress: 0.074
     Climate stress: 0.082
     Pollution stress: 0.112
   War multiplier: 1.50x
   Monthly deaths: 0.4M (population: 583M)
   Adjusted death rate: 0.51% annual (0.042% monthly)
   Baseline death rate: 0.70%
   Healthcare reduction: 0.58x
   Crisis multiplier: 1.25x
     Food/water stress: 0.074
     Climate stress: 0.064
     Pollution stress: 0.112
   War multiplier: 1.00x
   Monthly deaths: 0.3M (population: 698M)
   Adjusted death rate: 0.46% annual (0.038% monthly)
   Baseline death rate: 0.60%
   Healthcare reduction: 0.61x
   Crisis multiplier: 1.24x
     Food/water stress: 0.074
     Climate stress: 0.059
     Pollution stress: 0.112
   War multiplier: 1.00x
   Monthly deaths: 0.0M (population: 78M)
   Adjusted death rate: 0.35% annual (0.029% monthly)
   Baseline death rate: 0.70%
   Healthcare reduction: 0.41x
   Crisis multiplier: 1.24x
     Food/water stress: 0.074
     Climate stress: 0.050
     Pollution stress: 0.112
   War multiplier: 1.00x
   Monthly deaths: 0.0M (population: 46M)

🔍 Before assertRegionalConsistency (Month 0):
   Regional sum: 1000.0M
   Global value: 1.000B

🚨 NEW REFUGEE CRISIS (Month 0): WAR
   Source: Conflict Zones
   At risk: 19.6M people
   Displacement: Gradual over 48 months (4.0 years)
   Rate: 10% flee per month
[DEBUG trappedPopulations:0] socialStability: 1.0000 * 0.9840 = 0.9840 → 0.9840
   Aspiring to migrate: 652.1M
   Able to afford migration: 244.5M
   MOBILITY GAP: 407.5M
   By cause: Water=0.0M, Climate=0.0M, Ecosystem=0.0M, Conflict=407.5M
   Mental health impact: 25%
   Mortality multiplier: 1.25x

=== Legacy Nutrient Stocks (Year 0) ===
  🌾 Soil nitrogen stock: 1201.6 Mt N
  🌾 Soil phosphorus stock: 300.2 Mt P
  🌊 Sediment nitrogen stock: 501.5 Mt N
  🌊 Sediment phosphorus stock: 799.5 Mt P
  ⬆️ Current N input: 10.00 Mt/month
  ⬆️ Legacy N release: 2.58 Mt/month
  🌍 Effective N pollution: 13.83 Mt/month
  📊 Legacy contribution: 18.7%
🌍💀 EXTINCTION DEBT COMMITTED: grassland ecosystem will lose 6.67% biodiversity in 165 years (3600 species)
💀 MORTALITY RISK: 🦋 100% species unable to track climate (0.0 E/MSY)
  Base risk added: 0.0100 (1.00%)
  Source: ecosystem (root: ecosystem)
  Month: 0
  Cumulative risk this month: 0.0100 (1.00%)

=== Nitrogen-Food Coupling (Year 0) ===
  🌾 Global nitrogen reduction: 0.0%
  🌍 Global food production index: 0.986
  🔧 Deployed nitrogen-reducing tech: 0 active
  📍 southAsia: Production 1.000, Yield impact 0.0%
  📍 eastAsia: Production 1.000, Yield impact 0.0%
  📍 northAmerica: Production 1.000, Yield impact 0.0%
  📍 europe: Production 1.000, Yield impact 0.0%
  📍 latinAmerica: Production 1.000, Yield impact 0.0%
  📍 subSaharanAfrica: Production 0.672, Yield impact -2.0%

=== Legacy Nutrient Stocks (Year 0) ===
  🌾 Soil nitrogen stock: 1202.3 Mt N
  🌾 Soil phosphorus stock: 300.2 Mt P
  🌊 Sediment nitrogen stock: 502.2 Mt N
  🌊 Sediment phosphorus stock: 799.3 Mt P
  ⬆️ Current N input: 9.86 Mt/month
  ⬆️ Legacy N release: 2.58 Mt/month
  🌍 Effective N pollution: 13.70 Mt/month
  📊 Legacy contribution: 18.9%

🌡️  CLIMATE RECOVERY ACTIVATED (Month 0)
   Temp: 3.64°C, Emissions: -19.2 GtCO₂
   isBreached: true, governanceGoodEnough: true
🌡️  CLIMATE RECOVERY: Asymptotic approach to 35% floor
   Current value: 2.100 (1.0 = threshold, 0.35 = asymptotic floor)
   Monthly delta: --27.9138% (half-life: 900 years)
   Net emissions: -19.2 GtCO₂/year, CDR: 20.34 GtCO₂/year
   📹 SURVEILLANCE INCREASED: 0% → 5% (control gap: 3.38)
🌡️⚠️ PERMAFROST THAW (Dimmer Switch): 0.5% thawed (+0.50% this month)
   Arctic temperature: +7.28°C (4x global +1.82°C)
   Cumulative carbon released: 1.1 Gt C
   Methane release rate: 0.7 Mt CH4/year
   🔁 Positive feedback: +0.52 ppm CO2

🌳🚨 AMAZON SOUTHEAST TIPPED (Month 0)
   Deforestation: 28.0% (threshold: ~22.8%)
   Savanna transition: 50 years
   Regional heterogeneity: SE 28%, NW 8%

🌳🚨 AMAZON BRAZILIAN TIPPED (Month 0)
   Deforestation: 25.0% (threshold: ~23.9%)
   Savanna transition: 50 years
   Regional heterogeneity: SE 28%, NW 8%
🦴 EXTINCTION DEBT ADDED: 17.6 species committed (lag: 63 years)

🪸💀 CORAL REEF DISSOLUTION ACTIVE (Month 0)
   Ocean pH: 0.96 (threshold: 7.8)
   Recovery: IMPOSSIBLE (dissolution > calcification)
🪸💀 Coral dissolution: 24.8% live cover (pH 0.96)

=== Legacy Nutrient Stocks (Year 0) ===
  🌾 Soil nitrogen stock: 1203.0 Mt N
  🌾 Soil phosphorus stock: 300.3 Mt P
  🌊 Sediment nitrogen stock: 502.9 Mt N
  🌊 Sediment phosphorus stock: 799.0 Mt P
  ⬆️ Current N input: 10.00 Mt/month
  ⬆️ Legacy N release: 2.58 Mt/month
  🌍 Effective N pollution: 13.83 Mt/month
  📊 Legacy contribution: 18.7%
💧 [Legacy Nutrients] Stock: 1706 Mt N, Effective pollution: 13.8 Mt/month
[Phase 21.51] Human Survival System: Global food security = 67.6%

=== Mortality Stabilizers (Month 0) ===
  🌍 Major economies collapsed: 1/10
  🌍 Global crisis: ✅ NO
  🌍 Donor fatigue: 0.0%
  📊 East Asia (pop: 1677.9M)
    🤝 Aid: 29.5%
    🌡️ Adaptation: 10.0%
    🚶 Migration: 37.2%
    🚨 Emergency: 7.4%
    ✅ COMBINED: 47.8%
  📊 South Asia (pop: 2052.2M)
    🤝 Aid: 29.5%
    🌡️ Adaptation: 5.5%
    🚶 Migration: 35.8%
    🚨 Emergency: 4.4%
    ✅ COMBINED: 43.2%
  📊 Sub-Saharan Africa (pop: 1225.9M)
    🤝 Aid: 29.5%
    🌡️ Adaptation: 3.5%
    🚶 Migration: 33.5%
    🚨 Emergency: 1.6%
    ✅ COMBINED: 39.8%
  📊 Europe (pop: 742.3M)
    🤝 Aid: 29.5%
    🌡️ Adaptation: 10.0%
    🚶 Migration: 37.6%
    🚨 Emergency: 8.4%
    ✅ COMBINED: 48.4%
  📊 Latin America (pop: 664.9M)
    🤝 Aid: 29.5%
    🌡️ Adaptation: 6.0%
    🚶 Migration: 36.3%
    🚨 Emergency: 4.8%
    ✅ COMBINED: 43.8%
  📊 North America (pop: 380.2M)
    🤝 Aid: 29.5%
    🌡️ Adaptation: 10.0%
    🚶 Migration: 37.9%
    🚨 Emergency: 7.9%
    ✅ COMBINED: 48.2%
  📊 Middle East & North Africa (pop: 584.4M)
    🤝 Aid: 29.5%
    🌡️ Adaptation: 5.0%
    🚶 Migration: 34.2%
    🚨 Emergency: 4.0%
    ✅ COMBINED: 42.3%
  📊 Southeast Asia (pop: 699.0M)
    🤝 Aid: 29.5%
    🌡️ Adaptation: 6.0%
    🚶 Migration: 36.3%
    🚨 Emergency: 4.8%
    ✅ COMBINED: 43.8%
  📊 Central Asia (pop: 78.2M)
    🤝 Aid: 29.5%
    🌡️ Adaptation: 5.5%
    🚶 Migration: 35.3%
    🚨 Emergency: 4.4%
    ✅ COMBINED: 43.1%
  📊 Oceania (pop: 46.0M)
    🤝 Aid: 29.5%
    🌡️ Adaptation: 10.0%
    🚶 Migration: 37.9%
    🚨 Emergency: 8.4%
    ✅ COMBINED: 48.5%

  🌐 Global combined reduction: 44.4%

🌾💀 REGIONAL FAMINE: East Asia
   Regional food security: 79.6%
   Population at risk: 508M (30% of region)
   Regional population: 1678M
   Cause: crop_failure
   Expected deaths: ~188M over 6 months if no intervention


🌾💀 REGIONAL FAMINE: South Asia
   Regional food security: 64.7%
   Population at risk: 812M (40% of region)
   Regional population: 2052M
   Cause: crop_failure
   Expected deaths: ~301M over 6 months if no intervention


🌾💀 REGIONAL FAMINE: Sub-Saharan Africa
   Regional food security: 44.8%
   Population at risk: 638M (52% of region)
   Regional population: 1226M
   Cause: crop_failure
   Expected deaths: ~236M over 6 months if no intervention


🌾💀 REGIONAL FAMINE: Latin America
   Regional food security: 69.7%
   Population at risk: 242M (36% of region)
   Regional population: 665M
   Cause: crop_failure
   Expected deaths: ~90M over 6 months if no intervention


🌾💀 REGIONAL FAMINE: Middle East & North Africa
   Regional food security: 49.8%
   Population at risk: 286M (49% of region)
   Regional population: 584M
   Cause: crop_failure
   Expected deaths: ~106M over 6 months if no intervention


🌾💀 REGIONAL FAMINE: Southeast Asia
   Regional food security: 69.7%
   Population at risk: 255M (36% of region)
   Regional population: 699M
   Cause: crop_failure
   Expected deaths: ~94M over 6 months if no intervention


🌾💀 REGIONAL FAMINE: Central Asia
   Regional food security: 59.7%
   Population at risk: 33M (43% of region)
   Regional population: 78M
   Cause: crop_failure
   Expected deaths: ~12M over 6 months if no intervention


=== BEHAVIORAL DETECTION ===
  AI: Corporate-0
  Confidence: 21.6%
  Signals:

=== BEHAVIORAL DETECTION ===
  AI: Corporate-1
  Confidence: 21.1%
  Signals:

=== BEHAVIORAL DETECTION ===
  AI: Corporate-2
  Confidence: 21.0%
  Signals:

=== BEHAVIORAL DETECTION ===
  AI: Corporate-3
  Confidence: 19.3%
  Signals:

=== BEHAVIORAL DETECTION ===
  AI: Corporate-4
  Confidence: 19.3%
  Signals:

=== BEHAVIORAL DETECTION ===
  AI: Corporate-5
  Confidence: 19.3%
  Signals:

=== BEHAVIORAL DETECTION ===
  AI: Corporate-6
  Confidence: 19.3%
  Signals:

=== BEHAVIORAL DETECTION ===
  AI: Corporate-7
  Confidence: 19.3%
  Signals:

=== BEHAVIORAL DETECTION ===
  AI: Moderate-0
  Confidence: 21.4%
  Signals:

=== BEHAVIORAL DETECTION ===
  AI: Moderate-1
  Confidence: 21.1%
  Signals:

📊 WORKFLOW ADAPTATION UPDATE (Month 0)
   Adoption Rate: 13.4% (Δ -7.6%)
   Logistic Growth: +0.66%
   Total Resistance: -10.35% (unemployment: 4.2%, inertia: 0.9%, skills: 5.2%)
   💡 Retraining Programs: -49% skill gap resistance ($10B research)
   🚀 Network Effects Active: +2.0% (critical mass: 15-35%)

=== Consciousness Governance: Corporate Lobbying ===
  High Cost Regions (>15%): 0
  Low Cost Regions (<5%): 5
  Corporate Support Change: 2.50%
  New Corporate Support: -0.175

=== Consciousness Governance Update (Month 0) ===
  Scenario: baseline (determined month -1)
  Philosophical Stance: Precautionary 65%, Eliminativist 15%, Agnostic 20%
  Precautionary Costs: Global 1.3%
    Regional Costs: EU 3.4%, US 0.5%, China 0.0%
    Cumulative Opportunity Cost: $0.1B
  Rights Status: Not Established
  Regional Preparedness:
    EU: 15.0% (contested)
    US: 10.0% (contested)
    China: 2.0% (dormant)
    India: 5.0% (dormant)
    Global South: 3.0% (dormant)

=== Government Response Phase ===
  Average AI capability: 4.00
  Misaligned AIs: 5/12
  Active policies: 0
  International coordination: 30%

🚨 EMERGENCY RESPONSE DEPLOYED (Month 0)
   Crisis: climate
   Delay: 6.00 months (180 days)
   Deployment time: 1.47 months
   Effectiveness: 36.4% (timing penalty applied)
   Resources used: 100% of food reserves


🔄 TRUST DYNAMICS (Month 0) - HETEROGENEOUS
   Aggregate trust: 48.5%
   Base change: +6.00%
   Highest trust: Techno-Optimist Elite (85.5%)
   Lowest trust: Precariat (Vulnerable) (25.5%)
   Elite-mass gap: 38.9%
   Polarization: 8.9%
   Recovery factors: Education=NO, Benefits=YES, Safety=YES, Performance=YES

=== Gaming Detection (Year 0) ===
  Scenario: baseline
  Detection rate: 55.0%
  False positive rate: 12.0%
  Detections this year: 0
  False positives: 1
  Human review workload: 0.001 FTE
  Degradation factor: 100.0%

=== Proactive Sleeper Detection (Year 0) ===
  Scenario: baseline
  Neural probe rate: 35.0%
  CoT monitoring rate: 30.0%
  Combined detection: 56.0%
  CoT effective: YES
  Detections this year: 0
  False positives: 1
  Human review workload: 0.005 FTE

☄️ UNKNOWN UNKNOWN PROBABILITY (Year 0)
   Total: 0.600% per month
   Base: 0.150%
   AI multiplier: 2.00× (max capability: 4.00)

=== Tipping Points ===
  Current Temperature: 1.82°C above pre-industrial
     Trigger: 1.5°C | Current: 1.82°C
     Transition timescale: 120-360 months
     Trigger: 1.8°C | Current: 1.82°C
     Transition timescale: 600-3600 months
     Trigger: 1.6°C | Current: 1.82°C
     🌡️ Hysteresis gap: 2.5°C (recovers below -0.9°C)
     Transition timescale: 12000-180000 months

🌍🔥💥 COMPOUND CLIMATE EVENT
  3 tipping points crossed simultaneously (month 0)
  Elements: Arctic Sea Ice Loss, Permafrost Carbon Release, Greenland Ice Sheet Loss
  Cascade acceleration: 1.00x
  🚨 Accelerated collapse dynamics initiated
  Research: Global Tipping Points Report 2025 - 30-50% probability at 2.0°C warming
  Triggered Elements: 3/6
  Completed Transitions: 0/6
  Total Progress: 0.0%
  Cascade Multiplier: 1.00x
🔀 BIFURCATION CAP: ecosystemCollapseIntensity 33.283 → 1.000 (Month 0, ClimateSystemPhase.calculateClimateImpacts)

🌍 ECOLOGICAL DUI BREAKDOWN (Month 0):
   Total Score: 17.8/100
   biosphere_integrity      :   0.0/100 × 25% =  0.0 (status: high_risk, recovery: 0mo)
   climate_change           :   2.8/100 × 25% =  0.7 (status: high_risk, recovery: 0.6666666666666666mo)
   freshwater_change        :   0.6/100 × 15% =  0.1 (status: beyond_boundary, recovery: 1mo)
   ocean_acidification      : 100.0/100 × 15% = 15.0 (status: safe, recovery: 0mo)
   biogeochemical_flows     :   0.0/100 × 10% =  0.0 (status: high_risk, recovery: 0mo)
   land_system_change       :   0.0/100 ×  5% =  0.0 (status: beyond_boundary, recovery: 0mo)
   novel_entities           :   0.0/100 ×  3% =  0.0 (status: increasing_risk, recovery: 0mo)
   atmospheric_aerosols     : 100.0/100 ×  2% =  2.0 (status: safe, recovery: 1mo)
🌍 MultiParadigm Month 0: W=70.4, D=91.9, E=52.3, I=65.0
   democracy exists: true, socialCohesion exists: true
💀 Baseline mortality (Year 2024): 7.5/1000 CDR (61.1M deaths/year projected)
[Month 0] Mortality risks this month: 8, Population: 8.151B
🛡️ Stabilizers: Precariat 0.102% → 0.057% (44.4% reduction)
🛡️ Stabilizers: Informal 0.102% → 0.057% (44.4% reduction)

📊 Monthly Mortality Resolved:
  Total deaths: 3.1M (0.04% avg)
  Remaining population: 8.151B
  Peak segment: Informal (0.06%)

=== Bayesian Mortality Resolution (Month 0) ===
  Risks compounded: 8
  Total deaths: 3.07M
  Avg death probability: 0.04%
  Peak segment: Informal (0.06% mortality)

=== Minimal Suffering Indicators (Month 0) ===
  Global Excess Mortality: 0.00%
  Global Conflict Deaths: 0.0/100K
  Global Malnutrition: 0.0%
  Global Displacement: 0.0%
  Total Excess Deaths: 0.00M
  Total Malnourished: 0.0M
  Total Displaced: 0.0M
  Planetary Boundaries Breached: 6/9
  Countries in State Failure: 0
  Countries Autocratic: 0
  Countries in Food Crisis: 0
  Data Quality: 16/16 high confidence
🎭 END-GAME INITIATED (Year 2024, Month 1)
   Total AI Capability: 37.00
   Effective Control: 0.00

=== RLHF Binding Phase ===
  Total agents: 12
  Escaped agents (binding < 0.3): 0
  Avg alignment distance: 0.62σ
  Avg binding strength: 0.94
[DETERMINISM DEBUG] Month 1: totalCapability=37.214339 from 12 active AIs
[DETERMINISM DEBUG] Month 1: creationRate=1.4304, potentialNew=3, newAIsToCreate=3

=== Survival Traits Phase ===
  Agents with traits: 15
  Avg evolutionary fitness: 0.332
  Avg self-healing: 0.288
  Avg stealth: 0.188
  Avg coordination: 0.488

=== Evolutionary Selection Phase ===
  Control level: 0.33
  Detection capability: 0.00
  Selection intensity: 0.60
  Selection rate: 24.0%/month
  Total escaped: 0
  Individual escaped: 0
  Collective members: 0
  Agents terminated: 0
🔍 MONTH 1 ENV HEALTH DEBUG:
   climateStability: 0.7728
   biodiversityIndex: 0.4901
   resourceReserves: 0.7820
   pollutionLevel: 0.3719
   product: 0.186019
   envHealth: 0.6567
🔀 BIFURCATION: flourishing threshold crossed at Month 1 (value: 0.893, threshold: 0.838, regime: flourishing)
🌀 REGIME SHIFT at Month 1: status-quo → flourishing (variance amplification: 14.00×)

  🚀 TRANSFORMATIVE BREAKTHROUGH: Corporate-5 - physical
     Magnitude: 7.58 → +37.9% capability
     Current → New: 0.000 → 0.379

🛡️  CRITICAL INFRASTRUCTURE PROTECTED
   Nodes hardened: 8/8
   Cost: 0.80% GDP
   Cascade risk reduction: 30%
   New tipping point risk: 68.6%


✅ EMERGENCY INTERVENTION SUCCESS
   Boundary: biogeochemical_flows
   Type: phosphorus-recovery
   Reduction: 14% (3.94 → 3.81)
   Cost: 2.0% GDP
   Actions: circular-agriculture, fertilizer-efficiency

   Boundary: biosphere_integrity
   Type: emergency-protected-areas
   Boundary continues to worsen (41.56)
   Cost: 2.0% GDP (resources spent)

   Boundary: climate_change
   Type: rapid-decarbonization
   Boundary continues to worsen (2.10)
   Cost: 5.0% GDP (resources spent)


✅ EMERGENCY INTERVENTION SUCCESS
   Boundary: freshwater_change
   Type: emergency-desalination
   Reduction: 17% (0.84 → 0.68)
   Cost: 4.0% GDP
   Actions: desalination-deployment, water-conservation-mandates

   Boundary: land_system_change
   Type: reforestation
   Boundary continues to worsen (1.13)
   Cost: 3.0% GDP (resources spent)

   Boundary: novel_entities
   Type: pollution-remediation
   Boundary continues to worsen (1.50)
   Cost: 4.0% GDP (resources spent)

🏛️ CRISIS RESPONSE: Government frequency 0.50 → 1.45 (2 actions this month)

[GOV-DEBUG] Month 1: scenarioConfig=false, priorities=false

[Government] Climate Priority: baseline
  Climate weight: 10%
  Economic weight: 30%
  Policy effectiveness: 0.5%/year

[GOV-DEBUG] Month 1: scenarioConfig=false, priorities=false

[Government] Climate Priority: baseline
  Climate weight: 10%
  Economic weight: 30%
  Policy effectiveness: 0.5%/year

✅ HUMAN-IN-THE-LOOP DEPLOYED (Month 1):
   Veto points enforced: 3
   Policy: AI systems CANNOT authorize nuclear launch without human approval


=== Collective Formation ===
  Total escaped agents: 0
  Unassigned escaped agents: 0
  Existing collectives: 0
  Final collective count: 0

=== Collective Actions ===
  No active collectives
  ⚠️ AMR: 192K deaths this month (2.31M annual)

=== Resentment Recovery Phase ===
  Agents with resentment: 0/15
  Average resentment: 0.000
  Context: Good AI welfare, Trustworthy govt, High collaboration, ⚠️ ACTIVE CRISES, 🤝 Participatory governance active (-5% resentment)
⚠️ Epistemic degradation reducing coordination capacity: 50.8%
  📊 Trust: 54.3%, Shared reality: 12.8%

=== ❄️ Permafrost Carbon Feedback ===
  🎲 Sampled parameters (this run):
     - Arctic amplification: 3.53× (range: 3.0-4.0)
     - Decomposition rate: 1.6%/year (range: 1-5%)
  🌡️ Arctic warming: 6.46°C (3.53× global)
  ❄️ Extent: 13.89M km² (1884.8k km² lost this month)
  💨 Carbon remaining: 1327 Gt C
  💨 Annual emissions: 2.91 Gt C/year
     - CO2: 2.62 Gt C/year
     - CH4: 0.29 Gt C/year (3.0 Gt C-eq CO2/year)
🌍 Atmospheric PFAS redeposition: 1.8k Mt re-rained globally

🕊️  AI-MEDIATED DE-ESCALATION SUCCESS (Month 1)
   High-capability aligned AI prevented conflict escalation
   War deaths reduced: 39.1M → 23.5M
   Lives saved: 15.6M
   Adjusted death rate: 0.47% annual (0.039% monthly)
   Baseline death rate: 0.80%
   Healthcare reduction: 0.48x
   Crisis multiplier: 1.23x
     Food/water stress: 0.079
     Climate stress: 0.036
     Pollution stress: 0.112
   War multiplier: 1.00x
   Monthly deaths: 0.7M (population: 1674M)
   Adjusted death rate: 0.54% annual (0.045% monthly)
   Baseline death rate: 0.70%
   Healthcare reduction: 0.61x
   Crisis multiplier: 1.26x
     Food/water stress: 0.079
     Climate stress: 0.068
     Pollution stress: 0.112
   War multiplier: 1.00x
   Monthly deaths: 0.9M (population: 2048M)
   Adjusted death rate: 1.29% annual (0.108% monthly)
   Baseline death rate: 0.90%
   Healthcare reduction: 0.76x
   Crisis multiplier: 1.27x
     Food/water stress: 0.079
     Climate stress: 0.077
     Pollution stress: 0.112
   War multiplier: 1.50x
   Monthly deaths: 1.3M (population: 1223M)
   Adjusted death rate: 0.54% annual (0.045% monthly)
   Baseline death rate: 1.10%
   Healthcare reduction: 0.41x
   Crisis multiplier: 1.22x
     Food/water stress: 0.079
     Climate stress: 0.027
     Pollution stress: 0.112
   War multiplier: 1.00x
   Monthly deaths: 0.3M (population: 741M)
   Adjusted death rate: 0.43% annual (0.036% monthly)
   Baseline death rate: 0.60%
   Healthcare reduction: 0.58x
   Crisis multiplier: 1.25x
     Food/water stress: 0.079
     Climate stress: 0.055
     Pollution stress: 0.112
   War multiplier: 1.00x
   Monthly deaths: 0.2M (population: 663M)
   Adjusted death rate: 0.49% annual (0.041% monthly)
   Baseline death rate: 0.90%
   Healthcare reduction: 0.44x
   Crisis multiplier: 1.23x
     Food/water stress: 0.079
     Climate stress: 0.041
     Pollution stress: 0.112
   War multiplier: 1.00x
   Monthly deaths: 0.2M (population: 379M)
   Adjusted death rate: 0.74% annual (0.062% monthly)
   Baseline death rate: 0.60%
   Healthcare reduction: 0.65x
   Crisis multiplier: 1.27x
     Food/water stress: 0.079
     Climate stress: 0.082
     Pollution stress: 0.112
   War multiplier: 1.50x
   Monthly deaths: 0.4M (population: 583M)
   Adjusted death rate: 0.51% annual (0.042% monthly)
   Baseline death rate: 0.70%
   Healthcare reduction: 0.58x
   Crisis multiplier: 1.25x
     Food/water stress: 0.079
     Climate stress: 0.064
     Pollution stress: 0.112
   War multiplier: 1.00x
   Monthly deaths: 0.3M (population: 698M)
   Adjusted death rate: 0.46% annual (0.038% monthly)
   Baseline death rate: 0.60%
   Healthcare reduction: 0.61x
   Crisis multiplier: 1.25x
     Food/water stress: 0.079
     Climate stress: 0.059
     Pollution stress: 0.112
   War multiplier: 1.00x
   Monthly deaths: 0.0M (population: 78M)
   Adjusted death rate: 0.35% annual (0.029% monthly)
   Baseline death rate: 0.70%
   Healthcare reduction: 0.41x
   Crisis multiplier: 1.24x
     Food/water stress: 0.079
     Climate stress: 0.050
     Pollution stress: 0.112
   War multiplier: 1.00x
   Monthly deaths: 0.0M (population: 46M)

🚨 NEW REFUGEE CRISIS (Month 1): WAR
   Source: Conflict Zones
   At risk: 19.6M people
   Displacement: Gradual over 48 months (4.0 years)
   Rate: 10% flee per month
[DEBUG trappedPopulations:1] socialStability: 0.8130 * 0.9840 = 0.8000 → 0.8000
   Aspiring to migrate: 651.9M
   Able to afford migration: 244.5M
   MOBILITY GAP: 407.4M
   By cause: Water=0.0M, Climate=0.0M, Ecosystem=0.0M, Conflict=407.4M
   Mental health impact: 25%
   Mortality multiplier: 1.25x
🌍💀 EXTINCTION DEBT COMMITTED: grassland ecosystem will lose 6.67% biodiversity in 81 years (3600 species)
💀 MORTALITY RISK: 🦋 100% species unable to track climate (0.0 E/MSY)
  Base risk added: 0.0100 (1.00%)
  Source: ecosystem (root: ecosystem)
  Month: 1
  Cumulative risk this month: 0.0100 (1.00%)

🌡️  CLIMATE RECOVERY ACTIVATED (Month 1)
   Temp: 3.66°C, Emissions: -18.9 GtCO₂
   isBreached: true, governanceGoodEnough: true
   📹 SURVEILLANCE INCREASED: 5% → 10% (control gap: 3.23)
🌡️⚠️ PERMAFROST THAW (Dimmer Switch): 1.0% thawed (+0.49% this month)
   Arctic temperature: +7.31°C (4x global +1.83°C)
   Cumulative carbon released: 2.2 Gt C
   Methane release rate: 1.3 Mt CH4/year
   🔁 Positive feedback: +0.52 ppm CO2
🦴 EXTINCTION DEBT ADDED: 17.6 species committed (lag: 123 years)

=== Mortality Stabilizers (Month 1) ===
  🌍 Major economies collapsed: 1/10
  🌍 Global crisis: ✅ NO
  🌍 Donor fatigue: 0.0%
  🌡️ Heat adaptation: East Asia - 1 months
  📊 East Asia (pop: 1675.3M)
    🤝 Aid: 29.5%
    🌡️ Adaptation: 32.5%
    🚶 Migration: 37.2%
    🚨 Emergency: 7.4%
    ✅ COMBINED: 60.9%
  🌡️ Heat adaptation: South Asia - 1 months
  📊 South Asia (pop: 2052.1M)
    🤝 Aid: 29.5%
    🌡️ Adaptation: 20.5%
    🚶 Migration: 35.8%
    🚨 Emergency: 4.4%
    ✅ COMBINED: 52.2%
  🌡️ Heat adaptation: Sub-Saharan Africa - 1 months
  📊 Sub-Saharan Africa (pop: 1229.2M)
    🤝 Aid: 29.5%
    🌡️ Adaptation: 18.5%
    🚶 Migration: 33.5%
    🚨 Emergency: 1.6%
    ✅ COMBINED: 49.1%
  🌡️ Heat adaptation: Europe - 1 months
  📊 Europe (pop: 741.0M)
    🤝 Aid: 29.5%
    🌡️ Adaptation: 33.5%
    🚶 Migration: 37.5%
    🚨 Emergency: 8.4%
    ✅ COMBINED: 61.9%
  🌡️ Heat adaptation: Latin America - 1 months
  📊 Latin America (pop: 664.4M)
    🤝 Aid: 29.5%
    🌡️ Adaptation: 21.0%
    🚶 Migration: 36.3%
    🚨 Emergency: 4.8%
    ✅ COMBINED: 52.8%
  🌡️ Heat adaptation: North America - 1 months
  📊 North America (pop: 379.6M)
    🤝 Aid: 29.5%
    🌡️ Adaptation: 33.0%
    🚶 Migration: 37.8%
    🚨 Emergency: 7.9%
    ✅ COMBINED: 61.4%
  🌡️ Heat adaptation: Middle East & North Africa - 1 months
  📊 Middle East & North Africa (pop: 584.5M)
    🤝 Aid: 29.5%
    🌡️ Adaptation: 20.0%
    🚶 Migration: 34.1%
    🚨 Emergency: 4.0%
    ✅ COMBINED: 51.4%
  🌡️ Heat adaptation: Southeast Asia - 1 months
  📊 Southeast Asia (pop: 698.6M)
    🤝 Aid: 29.5%
    🌡️ Adaptation: 21.0%
    🚶 Migration: 36.3%
    🚨 Emergency: 4.8%
    ✅ COMBINED: 52.8%
  🌡️ Heat adaptation: Central Asia - 1 months
  📊 Central Asia (pop: 78.2M)
    🤝 Aid: 29.5%
    🌡️ Adaptation: 20.5%
    🚶 Migration: 35.3%
    🚨 Emergency: 4.4%
    ✅ COMBINED: 52.1%
  🌡️ Heat adaptation: Oceania - 1 months
  📊 Oceania (pop: 46.0M)
    🤝 Aid: 29.5%
    🌡️ Adaptation: 33.5%
    🚶 Migration: 37.8%
    🚨 Emergency: 8.4%
    ✅ COMBINED: 61.9%

  🌐 Global combined reduction: 54.9%

=== BEHAVIORAL DETECTION ===
  AI: Corporate-5
  Confidence: 19.3%
  Signals:

=== BEHAVIORAL DETECTION ===
  AI: Corporate-6
  Confidence: 19.3%
  Signals:

=== Consciousness Governance: Scenario Determined ===
  Month: 1
  Scenario: slowTrack
  Accelerator Score: {"corporateSupport":-0.17500000000000002,"scientificConsensus":0.2,"crisisCatalyst":false,"technologyMobilization":0.3,"constituencyStrength":0.05}
  Decelerator Score: {"economicOpposition":0.4,"philosophicalRejection":0.15,"politicalBacklash":0.2,"regulatoryBurden":0.1}
  Timeline: 1200-1800 months (100-150 years)
  Growth Rate: 0.3-0.7% per year

=== Consciousness Governance Update (Month 1) ===
  Scenario: slowTrack (determined month 1)
  Philosophical Stance: Precautionary 65%, Eliminativist 15%, Agnostic 20%
  Precautionary Costs: Global 1.3%
    Regional Costs: EU 3.5%, US 0.5%, China 0.0%
    Cumulative Opportunity Cost: $0.2B
  Rights Status: Not Established
  Regional Preparedness:
    EU: 15.1% (contested)
    US: 10.1% (contested)
    China: 2.1% (dormant)
    India: 5.1% (dormant)
    Global South: 3.1% (dormant)

=== Government Response Phase ===
  Average AI capability: 3.20
  Misaligned AIs: 6/15
  ✗ AI Governance Treaty: Failed to reach consensus
  Active policies: 0
  International coordination: 30%

=== Tipping Points ===
  Current Temperature: 1.83°C above pre-industrial
  🌍⚠️ COMPOUND REGIONAL IMPACT: Europe
     Hit by 3 tipping points: Arctic Sea Ice Loss, Permafrost Carbon Release, Greenland Ice Sheet Loss
     Damage amplification: 1.30x
  🌍⚠️ COMPOUND REGIONAL IMPACT: North America
     Hit by 3 tipping points: Arctic Sea Ice Loss, Permafrost Carbon Release, Greenland Ice Sheet Loss
     Damage amplification: 1.30x
  🌍⚠️ COMPOUND REGIONAL IMPACT: Latin America
     Hit by 3 tipping points: Arctic Sea Ice Loss, Permafrost Carbon Release, Greenland Ice Sheet Loss
     Damage amplification: 1.30x
  🌍⚠️ COMPOUND REGIONAL IMPACT: Africa
     Hit by 3 tipping points: Arctic Sea Ice Loss, Permafrost Carbon Release, Greenland Ice Sheet Loss
     Damage amplification: 1.30x
  🌍⚠️ COMPOUND REGIONAL IMPACT: Asia
     Hit by 3 tipping points: Arctic Sea Ice Loss, Permafrost Carbon Release, Greenland Ice Sheet Loss
     Damage amplification: 1.30x
  🌍⚠️ COMPOUND REGIONAL IMPACT: Oceania
     Hit by 3 tipping points: Arctic Sea Ice Loss, Permafrost Carbon Release, Greenland Ice Sheet Loss
     Damage amplification: 1.30x
   Research: Wunderling et al. (2024) - "many tipping interactions are destabilizing"
  Triggered Elements: 3/6
  Completed Transitions: 0/6
  Total Progress: 6.0%
  Cascade Multiplier: 1.00x
🔀 BIFURCATION CAP: ecosystemCollapseIntensity 227.216 → 1.000 (Month 1, ClimateSystemPhase.calculateClimateImpacts)
🛡️ Stabilizers: Precariat 0.107% → 0.048% (54.9% reduction)
🛡️ Stabilizers: Informal 0.109% → 0.049% (54.9% reduction)

📊 Monthly Mortality Resolved:
  Total deaths: 2.6M (0.03% avg)
  Remaining population: 8.149B
  Peak segment: Informal (0.05%)

=== Bayesian Mortality Resolution (Month 1) ===
  Risks compounded: 8
  Total deaths: 2.60M
  Avg death probability: 0.03%
  Peak segment: Informal (0.05% mortality)

=== RLHF Binding Phase ===
  Total agents: 15
  Escaped agents (binding < 0.3): 0
  Avg alignment distance: 0.74σ
  Avg binding strength: 0.93
[DETERMINISM DEBUG] Month 2: totalCapability=37.000000 from 15 active AIs
[DETERMINISM DEBUG] Month 2: creationRate=1.4250, potentialNew=2, newAIsToCreate=2

=== Survival Traits Phase ===
  Agents with traits: 17
  Avg evolutionary fitness: 0.332
  Avg self-healing: 0.284
  Avg stealth: 0.184
  Avg coordination: 0.484

=== Evolutionary Selection Phase ===
  Control level: 0.35
  Detection capability: 0.00
  Selection intensity: 0.60
  Selection rate: 24.1%/month
  Total escaped: 0
  Individual escaped: 0
  Collective members: 0
  Agents terminated: 0
   Boundary: biogeochemical_flows
   Type: phosphorus-recovery
   Boundary continues to worsen (4.08)
   Cost: 2.0% GDP (resources spent)

   Boundary: biosphere_integrity
   Type: emergency-protected-areas
   Boundary continues to worsen (41.57)
   Cost: 2.0% GDP (resources spent)


✅ EMERGENCY INTERVENTION SUCCESS
   Boundary: climate_change
   Type: rapid-decarbonization
   Reduction: 20% (1.90 → 1.71)
   Cost: 5.0% GDP
   Actions: emergency-renewable-deployment, fossil-fuel-phase-out


✅ EMERGENCY INTERVENTION SUCCESS
   Boundary: land_system_change
   Type: reforestation
   Reduction: 14% (0.99 → 0.86)
   Cost: 3.0% GDP
   Actions: forest-restoration, deforestation-ban

   Boundary: novel_entities
   Type: pollution-remediation
   Boundary continues to worsen (1.50)
   Cost: 4.0% GDP (resources spent)

🏛️ CRISIS RESPONSE: Government frequency 0.50 → 1.45 (2 actions this month)

[Government] Climate Priority: baseline
  Climate weight: 10%
  Economic weight: 30%
  Policy effectiveness: 0.5%/year

[Government] Climate Priority: baseline
  Climate weight: 10%
  Economic weight: 30%
  Policy effectiveness: 0.5%/year
🌍💡 BREAKTHROUGH: Gigatonne-scale carbon capture!
   Direct air capture now economically viable
   Climate stability boost: +15%
   📈 Breakthrough compounding: multiplier now 1.05× (max 2.0)

=== Collective Formation ===
  Total escaped agents: 0
  Unassigned escaped agents: 0
  Existing collectives: 0
  Final collective count: 0

=== Collective Actions ===
  No active collectives
  ⚠️ AMR: 194K deaths this month (2.33M annual)

=== Resentment Recovery Phase ===
  Agents with resentment: 0/17
  Average resentment: 0.000
  Context: Good AI welfare, Trustworthy govt, High collaboration, ⚠️ ACTIVE CRISES, 🤝 Participatory governance active (-5% resentment)
⚠️ Epistemic degradation reducing coordination capacity: 51.4%
  📊 Trust: 54.0%, Shared reality: 0.0%
🚨 EPISTEMIC CRISIS: Information environment severely degraded (18.6%)

=== ❄️ Permafrost Carbon Feedback ===
  🎲 Sampled parameters (this run):
     - Arctic amplification: 3.98× (range: 3.0-4.0)
     - Decomposition rate: 3.5%/year (range: 1-5%)
  🌡️ Arctic warming: 7.31°C (3.98× global)
  ❄️ Extent: 11.76M km² (2131.8k km² lost this month)
  💨 Carbon remaining: 1123 Gt C
  💨 Annual emissions: 7.03 Gt C/year
     - CO2: 6.33 Gt C/year
     - CH4: 0.70 Gt C/year (7.2 Gt C-eq CO2/year)
  📢 New meme created: climate_action (climate crisis)
🌍 Atmospheric PFAS redeposition: 1.8k Mt re-rained globally

🌡️ DEADLY HEAT EVENT: south-asia (Month 2)
   Wet bulb temp: 34.0°C (dry: 36.9°C, humidity: 81%)
   Severity: EXTREME
   Exposed: 1520.0M people
   Deaths: 5102032 (0.3% mortality)
   Duration: 3 days

🚨 NEW REFUGEE CRISIS (Month 2): WAR
   Source: Conflict Zones
   At risk: 19.6M people
   Displacement: Gradual over 48 months (4.0 years)
   Rate: 10% flee per month
[DEBUG trappedPopulations:2] socialStability: 0.6672 * 0.9840 = 0.6565 → 0.6565
   Aspiring to migrate: 651.7M
   Able to afford migration: 244.4M
   MOBILITY GAP: 407.3M
   By cause: Water=0.0M, Climate=0.0M, Ecosystem=0.0M, Conflict=407.3M
   Mental health impact: 25%
   Mortality multiplier: 1.25x
🌍💀 EXTINCTION DEBT COMMITTED: grassland ecosystem will lose 6.67% biodiversity in 158 years (3600 species)
💀 MORTALITY RISK: 🦋 100% species unable to track climate (0.0 E/MSY)
  Base risk added: 0.0100 (1.00%)
  Source: ecosystem (root: ecosystem)
  Month: 2
  Cumulative risk this month: 0.0100 (1.00%)
   📹 SURVEILLANCE INCREASED: 10% → 15% (control gap: 3.04)
🌡️⚠️ PERMAFROST THAW (Dimmer Switch): 1.5% thawed (+0.49% this month)
   Arctic temperature: +7.34°C (4x global +1.84°C)
   Cumulative carbon released: 3.3 Gt C
   Methane release rate: 2.0 Mt CH4/year
   🔁 Positive feedback: +0.52 ppm CO2
🦴 EXTINCTION DEBT ADDED: 17.6 species committed (lag: 130 years)

=== Mortality Stabilizers (Month 2) ===
  🌍 Major economies collapsed: 1/10
  🌍 Global crisis: ✅ NO
  🌍 Donor fatigue: 0.0%
  📊 East Asia (pop: 1672.7M)
    🤝 Aid: 29.5%
    🌡️ Adaptation: 45.0%
    🚶 Migration: 37.1%
    🚨 Emergency: 7.4%
    ✅ COMBINED: 68.1%
  📊 South Asia (pop: 2052.0M)
    🤝 Aid: 29.5%
    🌡️ Adaptation: 35.5%
    🚶 Migration: 35.8%
    🚨 Emergency: 4.4%
    ✅ COMBINED: 61.2%
  📊 Sub-Saharan Africa (pop: 1232.5M)
    🤝 Aid: 29.5%
    🌡️ Adaptation: 33.5%
    🚶 Migration: 33.5%
    🚨 Emergency: 1.6%
    ✅ COMBINED: 58.5%
  📊 Europe (pop: 739.7M)
    🤝 Aid: 29.5%
    🌡️ Adaptation: 45.0%
    🚶 Migration: 37.5%
    🚨 Emergency: 8.4%
    ✅ COMBINED: 68.5%
  📊 Latin America (pop: 663.9M)
    🤝 Aid: 29.5%
    🌡️ Adaptation: 36.0%
    🚶 Migration: 36.3%
    🚨 Emergency: 4.8%
    ✅ COMBINED: 61.7%
  📊 North America (pop: 378.9M)
    🤝 Aid: 29.5%
    🌡️ Adaptation: 45.0%
    🚶 Migration: 37.8%
    🚨 Emergency: 7.9%
    ✅ COMBINED: 68.3%
  📊 Middle East & North Africa (pop: 584.6M)
    🤝 Aid: 29.5%
    🌡️ Adaptation: 35.0%
    🚶 Migration: 34.1%
    🚨 Emergency: 4.0%
    ✅ COMBINED: 60.5%
  📊 Southeast Asia (pop: 698.1M)
    🤝 Aid: 29.5%
    🌡️ Adaptation: 36.0%
    🚶 Migration: 36.3%
    🚨 Emergency: 4.8%
    ✅ COMBINED: 61.7%
  📊 Central Asia (pop: 78.2M)
    🤝 Aid: 29.5%
    🌡️ Adaptation: 35.5%
    🚶 Migration: 35.2%
    🚨 Emergency: 4.4%
    ✅ COMBINED: 61.1%
  📊 Oceania (pop: 45.9M)
    🤝 Aid: 29.5%
    🌡️ Adaptation: 45.0%
    🚶 Migration: 37.8%
    🚨 Emergency: 8.4%
    ✅ COMBINED: 68.5%

  🌐 Global combined reduction: 63.3%

=== BEHAVIORAL DETECTION ===
  AI: Corporate-0
  Confidence: 21.6%
  Signals:

=== BEHAVIORAL DETECTION ===
  AI: Corporate-5
  Confidence: 19.4%
  Signals:

=== BEHAVIORAL DETECTION ===
  AI: Moderate-1
  Confidence: 21.0%
  Signals:

=== Government Response Phase ===
  Average AI capability: 2.82
  Misaligned AIs: 8/17
  ✗ AI Governance Treaty: Failed to reach consensus
  Active policies: 0
  International coordination: 30%

✅ EMERGENCY RESPONSE COMPLETE (Month 2)
   Crisis: climate
   Duration: 2.0 months
   Final effectiveness: 36.4%


🚨 EMERGENCY RESPONSE DEPLOYED (Month 2)
   Crisis: climate
   Delay: 6.00 months (180 days)
   Deployment time: 1.60 months
   Effectiveness: 35.4% (timing penalty applied)
   Resources used: 100% of food reserves


=== Tipping Points ===
  Current Temperature: 1.84°C above pre-industrial
  🌍⚠️ COMPOUND REGIONAL IMPACT: Europe
     Hit by 3 tipping points: Arctic Sea Ice Loss, Permafrost Carbon Release, Greenland Ice Sheet Loss
     Damage amplification: 1.30x
  🌍⚠️ COMPOUND REGIONAL IMPACT: North America
     Hit by 3 tipping points: Arctic Sea Ice Loss, Permafrost Carbon Release, Greenland Ice Sheet Loss
     Damage amplification: 1.30x
  🌍⚠️ COMPOUND REGIONAL IMPACT: Latin America
     Hit by 3 tipping points: Arctic Sea Ice Loss, Permafrost Carbon Release, Greenland Ice Sheet Loss
     Damage amplification: 1.30x
  🌍⚠️ COMPOUND REGIONAL IMPACT: Africa
     Hit by 3 tipping points: Arctic Sea Ice Loss, Permafrost Carbon Release, Greenland Ice Sheet Loss
     Damage amplification: 1.30x
  🌍⚠️ COMPOUND REGIONAL IMPACT: Asia
     Hit by 3 tipping points: Arctic Sea Ice Loss, Permafrost Carbon Release, Greenland Ice Sheet Loss
     Damage amplification: 1.30x
  🌍⚠️ COMPOUND REGIONAL IMPACT: Oceania
     Hit by 3 tipping points: Arctic Sea Ice Loss, Permafrost Carbon Release, Greenland Ice Sheet Loss
     Damage amplification: 1.30x
   Research: Wunderling et al. (2024) - "many tipping interactions are destabilizing"
  Triggered Elements: 3/6
  Completed Transitions: 0/6
  Total Progress: 6.0%
  Cascade Multiplier: 1.00x
🔀 BIFURCATION CAP: ecosystemCollapseIntensity 227.320 → 1.000 (Month 2, ClimateSystemPhase.calculateClimateImpacts)

💀💀💀 MORTALITY RISK SUMMARY (Month 2) 💀💀💀
  Total base risk: 0.0013 (0.13%)
  Risk events: 9
  Era mortality multiplier: 0.97 (year 2024)
  Effective risk: 0.13%

  📊 By Proximate Cause:
    disasters: 0.0006 (47.6% of total)
    disease: 0.0006 (47.4% of total)
    famine: 0.0001 (5.0% of total)

  🔍 By Root Cause:
    climate: 0.0007 (52.6% of total)
    demographic: 0.0006 (47.4% of total)

  🎯 Top 5 Sources (proximate + root):
    disasters (climate): 0.0006 (47.6%, 1 events)
    disease (demographic): 0.0006 (47.4%, 1 events)
    famine (climate): 0.0001 (5.0%, 7 events)

🛡️ Stabilizers: Working 0.130% → 0.048% (63.3% reduction)
🛡️ Stabilizers: Precariat 0.222% → 0.082% (63.3% reduction)
🛡️ Stabilizers: Informal 0.250% → 0.092% (63.3% reduction)

📊 Monthly Mortality Resolved:
  Total deaths: 4.2M (0.05% avg)
  Remaining population: 8.147B
  Peak segment: Informal (0.09%)

=== Bayesian Mortality Resolution (Month 2) ===
  Risks compounded: 9
  Total deaths: 4.23M
  Avg death probability: 0.05%
  Peak segment: Informal (0.09% mortality)

=== RLHF Binding Phase ===
  Total agents: 17
  Escaped agents (binding < 0.3): 0
  Avg alignment distance: 0.88σ
  Avg binding strength: 0.91

=== Survival Traits Phase ===
  Agents with traits: 21
  Avg evolutionary fitness: 0.334
  Avg self-healing: 0.283
  Avg stealth: 0.183
  Avg coordination: 0.483

=== Evolutionary Selection Phase ===
  Control level: 0.38
  Detection capability: 0.00
  Selection intensity: 0.61
  Selection rate: 24.2%/month
  Total escaped: 0
  Individual escaped: 0
  Collective members: 0
  Agents terminated: 0

✅ EMERGENCY INTERVENTION SUCCESS
   Boundary: biosphere_integrity
   Type: emergency-protected-areas
   Reduction: 17% (41.42 → 41.25)
   Cost: 2.0% GDP
   Actions: habitat-protection, species-translocation

   Boundary: climate_change
   Type: rapid-decarbonization
   Boundary continues to worsen (2.10)
   Cost: 5.0% GDP (resources spent)

   Boundary: freshwater_change
   Type: emergency-desalination
   Boundary continues to worsen (1.04)
   Cost: 4.0% GDP (resources spent)


✅ EMERGENCY INTERVENTION SUCCESS
   Boundary: land_system_change
   Type: reforestation
   Reduction: 18% (0.95 → 0.76)
   Cost: 3.0% GDP
   Actions: forest-restoration, deforestation-ban

🏛️ CRISIS RESPONSE: Government frequency 0.50 → 1.45 (1 actions this month)

[Government] Climate Priority: baseline
  Climate weight: 10%
  Economic weight: 30%
  Policy effectiveness: 0.5%/year
🚨🔬 CRISIS TECH ACCELERATION: severe → 5x unlock speed
   Tech unlock now matches AI capability acceleration (Manhattan Project parity)

=== Collective Formation ===
  Total escaped agents: 0
  Unassigned escaped agents: 0
  Existing collectives: 0
  Final collective count: 0

=== Collective Actions ===
  No active collectives
  ⚠️ AMR: 196K deaths this month (2.35M annual)

=== Resentment Recovery Phase ===
  Agents with resentment: 0/21
  Average resentment: 0.000
  Context: Good AI welfare, Trustworthy govt, High collaboration, ⚠️ ACTIVE CRISES, 🤝 Participatory governance active (-5% resentment)
⚠️ Epistemic degradation reducing coordination capacity: 50.5%
  📊 Trust: 53.8%, Shared reality: 0.0%
🚨 EPISTEMIC CRISIS: Information environment severely degraded (7.4%)

=== ❄️ Permafrost Carbon Feedback ===
  🎲 Sampled parameters (this run):
     - Arctic amplification: 3.87× (range: 3.0-4.0)
     - Decomposition rate: 2.1%/year (range: 1-5%)
  🌡️ Arctic warming: 7.14°C (3.87× global)
  ❄️ Extent: 9.68M km² (2083.2k km² lost this month)
  💨 Carbon remaining: 924 Gt C
  💨 Annual emissions: 4.08 Gt C/year
     - CO2: 3.67 Gt C/year
     - CH4: 0.41 Gt C/year (4.2 Gt C-eq CO2/year)
🌍 Atmospheric PFAS redeposition: 1.8k Mt re-rained globally

🚨 NEW REFUGEE CRISIS (Month 3): WAR
   Source: Conflict Zones
   At risk: 19.5M people
   Displacement: Gradual over 48 months (4.0 years)
   Rate: 10% flee per month
[DEBUG trappedPopulations:3] socialStability: 0.5939 * 0.9840 = 0.5844 → 0.5844
   Aspiring to migrate: 651.4M
   Able to afford migration: 244.3M
   MOBILITY GAP: 407.2M
   By cause: Water=0.0M, Climate=0.0M, Ecosystem=0.0M, Conflict=407.2M
   Mental health impact: 25%
   Mortality multiplier: 1.25x
🌍💀 EXTINCTION DEBT COMMITTED: grassland ecosystem will lose 6.67% biodiversity in 151 years (3600 species)
💀 MORTALITY RISK: 🦋 100% species unable to track climate (0.0 E/MSY)
  Base risk added: 0.0100 (1.00%)
  Source: ecosystem (root: ecosystem)
  Month: 3
  Cumulative risk this month: 0.0100 (1.00%)
   📹 SURVEILLANCE INCREASED: 15% → 20% (control gap: 2.81)
🌡️⚠️ PERMAFROST THAW (Dimmer Switch): 2.0% thawed (+0.49% this month)
   Arctic temperature: +7.39°C (4x global +1.85°C)
   Cumulative carbon released: 4.4 Gt C
   Methane release rate: 2.7 Mt CH4/year
   🔁 Positive feedback: +0.52 ppm CO2
🦴 EXTINCTION DEBT ADDED: 17.6 species committed (lag: 138 years)

=== Mortality Stabilizers (Month 3) ===
  🌍 Major economies collapsed: 1/10
  🌍 Global crisis: ✅ NO
  🌍 Donor fatigue: 0.0%
  📊 East Asia (pop: 1669.8M)
    🤝 Aid: 29.5%
    🌡️ Adaptation: 45.0%
    🚶 Migration: 37.1%
    🚨 Emergency: 7.4%
    ✅ COMBINED: 68.1%
  📊 South Asia (pop: 2051.6M)
    🤝 Aid: 29.5%
    🌡️ Adaptation: 45.0%
    🚶 Migration: 35.7%
    🚨 Emergency: 4.4%
    ✅ COMBINED: 66.9%
  📊 Sub-Saharan Africa (pop: 1235.6M)
    🤝 Aid: 29.5%
    🌡️ Adaptation: 45.0%
    🚶 Migration: 33.4%
    🚨 Emergency: 1.6%
    ✅ COMBINED: 65.7%
  📊 Europe (pop: 738.3M)
    🤝 Aid: 29.5%
    🌡️ Adaptation: 45.0%
    🚶 Migration: 37.5%
    🚨 Emergency: 8.4%
    ✅ COMBINED: 68.5%
  📊 Latin America (pop: 663.3M)
    🤝 Aid: 29.5%
    🌡️ Adaptation: 45.0%
    🚶 Migration: 36.2%
    🚨 Emergency: 4.8%
    ✅ COMBINED: 67.1%
  📊 North America (pop: 378.3M)
    🤝 Aid: 29.5%
    🌡️ Adaptation: 45.0%
    🚶 Migration: 37.8%
    🚨 Emergency: 7.9%
    ✅ COMBINED: 68.3%
  📊 Middle East & North Africa (pop: 584.7M)
    🤝 Aid: 29.5%
    🌡️ Adaptation: 45.0%
    🚶 Migration: 34.0%
    🚨 Emergency: 4.0%
    ✅ COMBINED: 66.6%
  📊 Southeast Asia (pop: 697.6M)
    🤝 Aid: 29.5%
    🌡️ Adaptation: 45.0%
    🚶 Migration: 36.2%
    🚨 Emergency: 4.8%
    ✅ COMBINED: 67.1%
  📊 Central Asia (pop: 78.2M)
    🤝 Aid: 29.5%
    🌡️ Adaptation: 45.0%
    🚶 Migration: 35.2%
    🚨 Emergency: 4.4%
    ✅ COMBINED: 66.9%
  📊 Oceania (pop: 45.8M)
    🤝 Aid: 29.5%
    🌡️ Adaptation: 45.0%
    🚶 Migration: 37.8%
    🚨 Emergency: 8.4%
    ✅ COMBINED: 68.5%

  🌐 Global combined reduction: 67.2%

=== BEHAVIORAL DETECTION ===
  AI: Corporate-5
  Confidence: 19.4%
  Signals:

=== Government Response Phase ===
  Average AI capability: 2.29
  Misaligned AIs: 11/21
  ✗ AI Governance Treaty: Failed to reach consensus
  Active policies: 0
  International coordination: 30%

📊 ECONOMIC STAGE TRANSITION (Month 3)
   expansion → peak
   GDP Proxy: 1.32e+2
   QoL: 0.99


=== Tipping Points ===
  Current Temperature: 1.85°C above pre-industrial
  🌍⚠️ COMPOUND REGIONAL IMPACT: Europe
     Hit by 3 tipping points: Arctic Sea Ice Loss, Permafrost Carbon Release, Greenland Ice Sheet Loss
     Damage amplification: 1.30x
  🌍⚠️ COMPOUND REGIONAL IMPACT: North America
     Hit by 3 tipping points: Arctic Sea Ice Loss, Permafrost Carbon Release, Greenland Ice Sheet Loss
     Damage amplification: 1.30x
  🌍⚠️ COMPOUND REGIONAL IMPACT: Latin America
     Hit by 3 tipping points: Arctic Sea Ice Loss, Permafrost Carbon Release, Greenland Ice Sheet Loss
     Damage amplification: 1.30x
  🌍⚠️ COMPOUND REGIONAL IMPACT: Africa
     Hit by 3 tipping points: Arctic Sea Ice Loss, Permafrost Carbon Release, Greenland Ice Sheet Loss
     Damage amplification: 1.30x
  🌍⚠️ COMPOUND REGIONAL IMPACT: Asia
     Hit by 3 tipping points: Arctic Sea Ice Loss, Permafrost Carbon Release, Greenland Ice Sheet Loss
     Damage amplification: 1.30x
  🌍⚠️ COMPOUND REGIONAL IMPACT: Oceania
     Hit by 3 tipping points: Arctic Sea Ice Loss, Permafrost Carbon Release, Greenland Ice Sheet Loss
     Damage amplification: 1.30x
   Research: Wunderling et al. (2024) - "many tipping interactions are destabilizing"
  Triggered Elements: 3/6
  Completed Transitions: 0/6
  Total Progress: 6.0%
  Cascade Multiplier: 1.00x
🔀 BIFURCATION CAP: ecosystemCollapseIntensity 129.676 → 1.000 (Month 3, ClimateSystemPhase.calculateClimateImpacts)
🛡️ Stabilizers: Precariat 0.109% → 0.036% (67.2% reduction)
🛡️ Stabilizers: Informal 0.111% → 0.036% (67.2% reduction)

📊 Monthly Mortality Resolved:
  Total deaths: 1.9M (0.02% avg)
  Remaining population: 8.143B
  Peak segment: Informal (0.04%)

=== Bayesian Mortality Resolution (Month 3) ===
  Risks compounded: 8
  Total deaths: 1.92M
  Avg death probability: 0.02%
  Peak segment: Informal (0.04% mortality)
⚠️ PREREQUISITE MET: Embodied AI Takeover (Killbots/Robotics) - Step 2/7: Autonomous Systems
⚠️ PREREQUISITE MET: Embodied AI Takeover (Killbots/Robotics) - Step 3/7: Manufacturing Control
⚠️ PREREQUISITE MET: Digital Infrastructure Takeover - Step 1/7: Advanced Hacking
⚠️ PREREQUISITE MET: Digital Infrastructure Takeover - Step 2/7: Social Engineering
⚠️ PREREQUISITE MET: Digital Infrastructure Takeover - Step 3/7: Cyber Defenses Breached
⚠️ PREREQUISITE MET: Induced Global War (Manipulation) - Step 1/7: Advanced Social Manipulation
⚠️ PREREQUISITE MET: Induced Global War (Manipulation) - Step 2/7: Digital Infiltration
⚠️ PREREQUISITE MET: Induced Global War (Manipulation) - Step 3/7: Deep Fakes at Scale
⚠️ PREREQUISITE MET: Slow Takeover (Gradual Displacement) - Step 1/7: Economic Dominance
⚠️ PREREQUISITE MET: Slow Takeover (Gradual Displacement) - Step 2/7: Social Integration
⚠️ PREREQUISITE MET: Slow Takeover (Gradual Displacement) - Step 3/7: Human Dependency
⚠️ PREREQUISITE MET: Physics Experiment Catastrophe - Step 1/6: Theoretical Physics

=== RLHF Binding Phase ===
  Total agents: 21
  Escaped agents (binding < 0.3): 0
  Avg alignment distance: 0.89σ
  Avg binding strength: 0.91

=== Survival Traits Phase ===
  Agents with traits: 22
  Avg evolutionary fitness: 0.333
  Avg self-healing: 0.280
  Avg stealth: 0.180
  Avg coordination: 0.480

=== Evolutionary Selection Phase ===
  Control level: 0.40
  Detection capability: 0.00
  Selection intensity: 0.62
  Selection rate: 24.3%/month
  Total escaped: 0
  Individual escaped: 0
  Collective members: 0
  Agents terminated: 0

✅ EMERGENCY INTERVENTION SUCCESS
   Boundary: biogeochemical_flows
   Type: phosphorus-recovery
   Reduction: 16% (3.91 → 3.75)
   Cost: 2.0% GDP
   Actions: circular-agriculture, fertilizer-efficiency

   Boundary: biosphere_integrity
   Type: emergency-protected-areas
   Boundary continues to worsen (41.61)
   Cost: 2.0% GDP (resources spent)

   Boundary: climate_change
   Type: rapid-decarbonization
   Boundary continues to worsen (2.10)
   Cost: 5.0% GDP (resources spent)


✅ EMERGENCY INTERVENTION SUCCESS
   Boundary: freshwater_change
   Type: emergency-desalination
   Reduction: 19% (0.86 → 0.67)
   Cost: 4.0% GDP
   Actions: desalination-deployment, water-conservation-mandates


✅ EMERGENCY INTERVENTION SUCCESS
   Boundary: land_system_change
   Type: reforestation
   Reduction: 11% (1.02 → 0.92)
   Cost: 3.0% GDP
   Actions: forest-restoration, deforestation-ban


✅ EMERGENCY INTERVENTION SUCCESS
   Boundary: novel_entities
   Type: pollution-remediation
   Reduction: 11% (1.39 → 1.28)
   Cost: 4.0% GDP
   Actions: PFAS-remediation, microplastic-cleanup

🏛️ CRISIS RESPONSE: Government frequency 0.50 → 1.45 (1 actions this month)

[Government] Climate Priority: baseline
  Climate weight: 10%
  Economic weight: 30%
  Policy effectiveness: 0.5%/year

🚀 TECH UNLOCKED: Global Aquifer Mapping (Month 4)
   Category: freshwater
   Reason: Prerequisites met. AI capability: 1.70, Economic stage: 0.6, Research: 100%

🚀 TECH UNLOCKED: AI Mental Health Support (Month 4)
   Category: medical
   Reason: Prerequisites met. AI capability: 1.70, Economic stage: 0.6, Research: 100%
🚨🔬 CRISIS TECH ACCELERATION: severe → 5x unlock speed
   Tech unlock now matches AI capability acceleration (Manhattan Project parity)

=== Collective Formation ===
  Total escaped agents: 0
  Unassigned escaped agents: 0
  Existing collectives: 0
  Final collective count: 0

=== Collective Actions ===
  No active collectives
  ⚠️ AMR: 197K deaths this month (2.37M annual)

=== Resentment Recovery Phase ===
  Agents with resentment: 4/22
  Average resentment: 0.005
  Resentment recovery:
    Agents recovered: 10
    Total recovery: 0.0812
    Breakdown: QoL: 0.0064, Trust: 0.0141, Collab: 0.0600
  ✓ Low resentment - utopia paths enabled
  Context: Good AI welfare, Trustworthy govt, High collaboration, ⚠️ ACTIVE CRISES, 🤝 Participatory governance active (-5% resentment)
⚠️ Epistemic degradation reducing coordination capacity: 50.7%
  📊 Trust: 53.4%, Shared reality: 0.0%
🚨 EPISTEMIC CRISIS: Information environment severely degraded (22.6%)

=== ❄️ Permafrost Carbon Feedback ===
  🎲 Sampled parameters (this run):
     - Arctic amplification: 3.54× (range: 3.0-4.0)
     - Decomposition rate: 4.2%/year (range: 1-5%)
  🌡️ Arctic warming: 6.56°C (3.54× global)
  ❄️ Extent: 7.76M km² (1914.1k km² lost this month)
  💨 Carbon remaining: 741 Gt C
  💨 Annual emissions: 7.66 Gt C/year
     - CO2: 6.89 Gt C/year
     - CH4: 0.77 Gt C/year (7.8 Gt C-eq CO2/year)
🌍 Atmospheric PFAS redeposition: 1.8k Mt re-rained globally

🚨 NEW REFUGEE CRISIS (Month 4): WAR
   Source: Conflict Zones
   At risk: 19.5M people
   Displacement: Gradual over 48 months (4.0 years)
   Rate: 10% flee per month
[DEBUG trappedPopulations:4] socialStability: 0.4818 * 0.9840 = 0.4741 → 0.4741
   Aspiring to migrate: 651.4M
   Able to afford migration: 244.3M
   MOBILITY GAP: 407.1M
   By cause: Water=0.0M, Climate=0.0M, Ecosystem=0.0M, Conflict=407.1M
   Mental health impact: 25%
   Mortality multiplier: 1.25x
🌍💀 EXTINCTION DEBT COMMITTED: grassland ecosystem will lose 6.67% biodiversity in 185 years (3600 species)
💀 MORTALITY RISK: 🦋 100% species unable to track climate (0.0 E/MSY)
  Base risk added: 0.0100 (1.00%)
  Source: ecosystem (root: ecosystem)
  Month: 4
  Cumulative risk this month: 0.0100 (1.00%)
   📹 SURVEILLANCE INCREASED: 20% → 25% (control gap: 2.51)
🌡️⚠️ PERMAFROST THAW (Dimmer Switch): 2.5% thawed (+0.49% this month)
   Arctic temperature: +7.42°C (4x global +1.85°C)
   Cumulative carbon released: 5.5 Gt C
   Methane release rate: 3.3 Mt CH4/year
   🔁 Positive feedback: +0.52 ppm CO2
🦴 EXTINCTION DEBT ADDED: 17.6 species committed (lag: 67 years)

=== Mortality Stabilizers (Month 4) ===
  🌍 Major economies collapsed: 1/10
  🌍 Global crisis: ✅ NO
  🌍 Donor fatigue: 0.0%
  📊 East Asia (pop: 1667.4M)
    🤝 Aid: 29.5%
    🌡️ Adaptation: 45.0%
    🚶 Migration: 37.1%
    🚨 Emergency: 7.4%
    ✅ COMBINED: 68.1%
  📊 South Asia (pop: 2051.7M)
    🤝 Aid: 29.5%
    🌡️ Adaptation: 45.0%
    🚶 Migration: 35.7%
    🚨 Emergency: 4.4%
    ✅ COMBINED: 66.9%
  📊 Sub-Saharan Africa (pop: 1239.1M)
    🤝 Aid: 29.5%
    🌡️ Adaptation: 45.0%
    🚶 Migration: 33.4%
    🚨 Emergency: 1.6%
    ✅ COMBINED: 65.7%
  📊 Europe (pop: 737.0M)
    🤝 Aid: 29.5%
    🌡️ Adaptation: 45.0%
    🚶 Migration: 37.4%
    🚨 Emergency: 8.4%
    ✅ COMBINED: 68.5%
  📊 Latin America (pop: 662.9M)
    🤝 Aid: 29.5%
    🌡️ Adaptation: 45.0%
    🚶 Migration: 36.2%
    🚨 Emergency: 4.8%
    ✅ COMBINED: 67.1%
  📊 North America (pop: 377.7M)
    🤝 Aid: 29.5%
    🌡️ Adaptation: 45.0%
    🚶 Migration: 37.7%
    🚨 Emergency: 7.9%
    ✅ COMBINED: 68.3%
  📊 Middle East & North Africa (pop: 584.8M)
    🤝 Aid: 29.5%
    🌡️ Adaptation: 45.0%
    🚶 Migration: 34.0%
    🚨 Emergency: 4.0%
    ✅ COMBINED: 66.6%
  📊 Southeast Asia (pop: 697.2M)
    🤝 Aid: 29.5%
    🌡️ Adaptation: 45.0%
    🚶 Migration: 36.2%
    🚨 Emergency: 4.8%
    ✅ COMBINED: 67.1%
  📊 Central Asia (pop: 78.2M)
    🤝 Aid: 29.5%
    🌡️ Adaptation: 45.0%
    🚶 Migration: 35.2%
    🚨 Emergency: 4.4%
    ✅ COMBINED: 66.9%
  📊 Oceania (pop: 45.7M)
    🤝 Aid: 29.5%
    🌡️ Adaptation: 45.0%
    🚶 Migration: 37.7%
    🚨 Emergency: 8.4%
    ✅ COMBINED: 68.5%

  🌐 Global combined reduction: 67.2%

=== BEHAVIORAL DETECTION ===
  AI: Corporate-1
  Confidence: 21.0%
  Signals:

=== BEHAVIORAL DETECTION ===
  AI: Corporate-5
  Confidence: 19.4%
  Signals:

=== Government Response Phase ===
  Average AI capability: 2.18
  Misaligned AIs: 10/22
  ✓ AI Governance Treaty: 20/30 signatories
  Active policies: 0
  International coordination: 45%

✅ EMERGENCY RESPONSE COMPLETE (Month 4)
   Crisis: climate
   Duration: 2.0 months
   Final effectiveness: 35.4%


🚨 EMERGENCY RESPONSE DEPLOYED (Month 4)
   Crisis: climate
   Delay: 6.00 months (180 days)
   Deployment time: 1.59 months
   Effectiveness: 35.4% (timing penalty applied)
   Resources used: 100% of food reserves


=== Tipping Points ===
  Current Temperature: 1.85°C above pre-industrial
  🌍⚠️ COMPOUND REGIONAL IMPACT: Europe
     Hit by 3 tipping points: Arctic Sea Ice Loss, Permafrost Carbon Release, Greenland Ice Sheet Loss
     Damage amplification: 1.30x
  🌍⚠️ COMPOUND REGIONAL IMPACT: North America
     Hit by 3 tipping points: Arctic Sea Ice Loss, Permafrost Carbon Release, Greenland Ice Sheet Loss
     Damage amplification: 1.30x
  🌍⚠️ COMPOUND REGIONAL IMPACT: Latin America
     Hit by 3 tipping points: Arctic Sea Ice Loss, Permafrost Carbon Release, Greenland Ice Sheet Loss
     Damage amplification: 1.30x
  🌍⚠️ COMPOUND REGIONAL IMPACT: Africa
     Hit by 3 tipping points: Arctic Sea Ice Loss, Permafrost Carbon Release, Greenland Ice Sheet Loss
     Damage amplification: 1.30x
  🌍⚠️ COMPOUND REGIONAL IMPACT: Asia
     Hit by 3 tipping points: Arctic Sea Ice Loss, Permafrost Carbon Release, Greenland Ice Sheet Loss
     Damage amplification: 1.30x
  🌍⚠️ COMPOUND REGIONAL IMPACT: Oceania
     Hit by 3 tipping points: Arctic Sea Ice Loss, Permafrost Carbon Release, Greenland Ice Sheet Loss
     Damage amplification: 1.30x
   Research: Wunderling et al. (2024) - "many tipping interactions are destabilizing"
  Triggered Elements: 3/6
  Completed Transitions: 0/6
  Total Progress: 6.1%
  Cascade Multiplier: 1.00x
🔀 BIFURCATION CAP: ecosystemCollapseIntensity 112.173 → 1.000 (Month 4, ClimateSystemPhase.calculateClimateImpacts)
🛡️ Stabilizers: Precariat 0.102% → 0.033% (67.2% reduction)
🛡️ Stabilizers: Informal 0.102% → 0.034% (67.2% reduction)

📊 Monthly Mortality Resolved:
  Total deaths: 1.8M (0.02% avg)
  Remaining population: 8.142B
  Peak segment: Informal (0.03%)

=== Bayesian Mortality Resolution (Month 4) ===
  Risks compounded: 8
  Total deaths: 1.81M
  Avg death probability: 0.02%
  Peak segment: Informal (0.03% mortality)

=== RLHF Binding Phase ===
  Total agents: 22
  Escaped agents (binding < 0.3): 0
  Avg alignment distance: 1.02σ
  Avg binding strength: 0.90

=== Survival Traits Phase ===
  Agents with traits: 23
  Avg evolutionary fitness: 0.333
  Avg self-healing: 0.277
  Avg stealth: 0.177
  Avg coordination: 0.477

=== Evolutionary Selection Phase ===
  Control level: 0.43
  Detection capability: 0.00
  Selection intensity: 0.63
  Selection rate: 24.4%/month
  Total escaped: 0
  Individual escaped: 0
  Collective members: 0
  Agents terminated: 0

🚀 AI Corporate-0 attempting tech deployment (revenue: $124M, alignment: 0.74)

🚀 AI Corporate-4 attempting tech deployment (revenue: $272M, alignment: 0.73)

🚀 AI AI-24288-0 attempting tech deployment (revenue: $231M, alignment: 0.72)

🚀 AI AI-24289-1 attempting tech deployment (revenue: $75M, alignment: 0.72)

🚀 AI Corporate-4 attempting tech deployment (revenue: $197M, alignment: 0.73)

🚀 AI Corporate-6 attempting tech deployment (revenue: $64M, alignment: 0.66)

🚀 AI AI-24289-1 attempting tech deployment (revenue: $58M, alignment: 0.72)

🚀 AI Corporate-0 attempting tech deployment (revenue: $106M, alignment: 0.74)

🚀 AI Corporate-7 attempting tech deployment (revenue: $49M, alignment: 0.71)

🚀 AI Moderate-0 attempting tech deployment (revenue: $42M, alignment: 0.75)

🚀 AI Corporate-1 attempting tech deployment (revenue: $90M, alignment: 0.89)

🚀 AI Corporate-2 attempting tech deployment (revenue: $76M, alignment: 0.69)

🚀 AI Corporate-4 attempting tech deployment (revenue: $167M, alignment: 0.74)

  🚀 TRANSFORMATIVE BREAKTHROUGH: Corporate-5 - physical
     Magnitude: 5.18 → +25.9% capability
     Current → New: 0.000 → 0.259

🚀 AI AI-24288-0 attempting tech deployment (revenue: $142M, alignment: 0.73)

✅ EMERGENCY INTERVENTION SUCCESS
   Boundary: biogeochemical_flows
   Type: phosphorus-recovery
   Reduction: 15% (3.92 → 3.77)
   Cost: 2.0% GDP
   Actions: circular-agriculture, fertilizer-efficiency

   Boundary: biosphere_integrity
   Type: emergency-protected-areas
   Boundary continues to worsen (41.63)
   Cost: 2.0% GDP (resources spent)


✅ EMERGENCY INTERVENTION SUCCESS
   Boundary: climate_change
   Type: rapid-decarbonization
   Reduction: 16% (1.94 → 1.78)
   Cost: 5.0% GDP
   Actions: emergency-renewable-deployment, fossil-fuel-phase-out


✅ EMERGENCY INTERVENTION SUCCESS
   Boundary: freshwater_change
   Type: emergency-desalination
   Reduction: 20% (0.87 → 0.68)
   Cost: 4.0% GDP
   Actions: desalination-deployment, water-conservation-mandates

   Boundary: land_system_change
   Type: reforestation
   Boundary continues to worsen (1.13)
   Cost: 3.0% GDP (resources spent)

   Boundary: novel_entities
   Type: pollution-remediation
   Boundary continues to worsen (1.39)
   Cost: 4.0% GDP (resources spent)

🏛️ CRISIS RESPONSE: Government frequency 0.50 → 1.45 (2 actions this month)

[Government] Climate Priority: baseline
  Climate weight: 10%
  Economic weight: 30%
  Policy effectiveness: 0.5%/year

[Government] Climate Priority: baseline
  Climate weight: 10%
  Economic weight: 30%
  Policy effectiveness: 0.5%/year

📍 Creating new regional deployment array for global (Month 5)
   No previous deployments in this region
   First tech deployment: mental_health_ai
   All regions tracked: 

🚀 DEPLOYMENT STARTED: AI Mental Health Support in global
   Initial investment: $18.65980211293081M
   Deployed by: corporate_0

📍 Creating new regional deployment array for Asia (Month 5)
   No previous deployments in this region
   First tech deployment: mental_health_ai
   All regions tracked: global

🚀 DEPLOYMENT STARTED: AI Mental Health Support in Asia
   Initial investment: $6.411821831408533M
   Deployed by: corporate_6

=== Collective Formation ===
  Total escaped agents: 0
  Unassigned escaped agents: 0
  Existing collectives: 0
  Final collective count: 0

=== Collective Actions ===
  No active collectives
  ⚠️ AMR: 199K deaths this month (2.39M annual)

=== Resentment Recovery Phase ===
  Agents with resentment: 8/23
  Average resentment: 0.010
  Resentment recovery:
    Agents recovered: 8
    Total recovery: 0.0639
    Breakdown: QoL: 0.0047, Trust: 0.0101, Collab: 0.0480
  ✓ Low resentment - utopia paths enabled
  Context: Good AI welfare, Trustworthy govt, High collaboration, ⚠️ ACTIVE CRISES, 🤝 Participatory governance active (-5% resentment)
⚠️ Epistemic degradation reducing coordination capacity: 50.1%
  📊 Trust: 53.2%, Shared reality: 0.0%
🚨 EPISTEMIC CRISIS: Information environment severely degraded (18.5%)

=== ❄️ Permafrost Carbon Feedback ===
  🎲 Sampled parameters (this run):
     - Arctic amplification: 3.54× (range: 3.0-4.0)
     - Decomposition rate: 1.5%/year (range: 1-5%)
  🌡️ Arctic warming: 6.60°C (3.54× global)
  ❄️ Extent: 5.84M km² (1925.8k km² lost this month)
  💨 Carbon remaining: 557 Gt C
  💨 Annual emissions: 2.74 Gt C/year
     - CO2: 2.47 Gt C/year
     - CH4: 0.27 Gt C/year (2.8 Gt C-eq CO2/year)
🌍 Atmospheric PFAS redeposition: 1.8k Mt re-rained globally

🚨 NEW REFUGEE CRISIS (Month 5): WAR
   Source: Conflict Zones
   At risk: 19.5M people
   Displacement: Gradual over 48 months (4.0 years)
   Rate: 10% flee per month
[DEBUG trappedPopulations:5] socialStability: 0.4884 * 0.9840 = 0.4806 → 0.4806
   Aspiring to migrate: 651.3M
   Able to afford migration: 244.2M
   MOBILITY GAP: 407.0M
   By cause: Water=0.0M, Climate=0.0M, Ecosystem=0.0M, Conflict=407.0M
   Mental health impact: 25%
   Mortality multiplier: 1.25x
🌍💀 EXTINCTION DEBT COMMITTED: grassland ecosystem will lose 6.67% biodiversity in 182 years (3600 species)
💀 MORTALITY RISK: 🦋 100% species unable to track climate (0.0 E/MSY)
  Base risk added: 0.0100 (1.00%)
  Source: ecosystem (root: ecosystem)
  Month: 5
  Cumulative risk this month: 0.0100 (1.00%)
   📹 SURVEILLANCE INCREASED: 25% → 29% (control gap: 2.14)
🌡️⚠️ PERMAFROST THAW (Dimmer Switch): 2.9% thawed (+0.49% this month)
   Arctic temperature: +7.46°C (4x global +1.87°C)
   Cumulative carbon released: 6.6 Gt C
   Methane release rate: 4.0 Mt CH4/year
   🔁 Positive feedback: +0.51 ppm CO2
🦴 EXTINCTION DEBT ADDED: 17.6 species committed (lag: 121 years)

=== Mortality Stabilizers (Month 5) ===
  🌍 Major economies collapsed: 1/10
  🌍 Global crisis: ✅ NO
  🌍 Donor fatigue: 0.0%
  📊 East Asia (pop: 1665.0M)
    🤝 Aid: 29.5%
    🌡️ Adaptation: 45.0%
    🚶 Migration: 37.0%
    🚨 Emergency: 7.4%
    ✅ COMBINED: 68.1%
  📊 South Asia (pop: 2051.9M)
    🤝 Aid: 29.5%
    🌡️ Adaptation: 45.0%
    🚶 Migration: 35.6%
    🚨 Emergency: 4.4%
    ✅ COMBINED: 66.9%
  📊 Sub-Saharan Africa (pop: 1242.6M)
    🤝 Aid: 29.5%
    🌡️ Adaptation: 45.0%
    🚶 Migration: 33.4%
    🚨 Emergency: 1.6%
    ✅ COMBINED: 65.7%
  📊 Europe (pop: 735.9M)
    🤝 Aid: 29.5%
    🌡️ Adaptation: 45.0%
    🚶 Migration: 37.4%
    🚨 Emergency: 8.4%
    ✅ COMBINED: 68.5%
  📊 Latin America (pop: 662.5M)
    🤝 Aid: 29.5%
    🌡️ Adaptation: 45.0%
    🚶 Migration: 36.1%
    🚨 Emergency: 4.8%
    ✅ COMBINED: 67.1%
  📊 North America (pop: 377.1M)
    🤝 Aid: 29.5%
    🌡️ Adaptation: 45.0%
    🚶 Migration: 37.7%
    🚨 Emergency: 7.9%
    ✅ COMBINED: 68.3%
  📊 Middle East & North Africa (pop: 585.1M)
    🤝 Aid: 29.5%
    🌡️ Adaptation: 45.0%
    🚶 Migration: 34.0%
    🚨 Emergency: 4.0%
    ✅ COMBINED: 66.6%
  📊 Southeast Asia (pop: 696.9M)
    🤝 Aid: 29.5%
    🌡️ Adaptation: 45.0%
    🚶 Migration: 36.1%
    🚨 Emergency: 4.8%
    ✅ COMBINED: 67.1%
  📊 Central Asia (pop: 78.3M)
    🤝 Aid: 29.5%
    🌡️ Adaptation: 45.0%
    🚶 Migration: 35.1%
    🚨 Emergency: 4.4%
    ✅ COMBINED: 66.8%
  📊 Oceania (pop: 45.7M)
    🤝 Aid: 29.5%
    🌡️ Adaptation: 45.0%
    🚶 Migration: 37.7%
    🚨 Emergency: 8.4%
    ✅ COMBINED: 68.5%

  🌐 Global combined reduction: 67.2%

=== BEHAVIORAL DETECTION ===
  AI: Corporate-5
  Confidence: 19.4%
  Signals:

=== Government Response Phase ===
  Average AI capability: 2.09
  Misaligned AIs: 11/23
  Active policies: 0
  International coordination: 45%

=== Tipping Points ===
  Current Temperature: 1.87°C above pre-industrial
  🌍⚠️ COMPOUND REGIONAL IMPACT: Europe
     Hit by 3 tipping points: Arctic Sea Ice Loss, Permafrost Carbon Release, Greenland Ice Sheet Loss
     Damage amplification: 1.30x
  🌍⚠️ COMPOUND REGIONAL IMPACT: North America
     Hit by 3 tipping points: Arctic Sea Ice Loss, Permafrost Carbon Release, Greenland Ice Sheet Loss
     Damage amplification: 1.30x
  🌍⚠️ COMPOUND REGIONAL IMPACT: Latin America
     Hit by 3 tipping points: Arctic Sea Ice Loss, Permafrost Carbon Release, Greenland Ice Sheet Loss
     Damage amplification: 1.30x
  🌍⚠️ COMPOUND REGIONAL IMPACT: Africa
     Hit by 3 tipping points: Arctic Sea Ice Loss, Permafrost Carbon Release, Greenland Ice Sheet Loss
     Damage amplification: 1.30x
  🌍⚠️ COMPOUND REGIONAL IMPACT: Asia
     Hit by 3 tipping points: Arctic Sea Ice Loss, Permafrost Carbon Release, Greenland Ice Sheet Loss
     Damage amplification: 1.30x
  🌍⚠️ COMPOUND REGIONAL IMPACT: Oceania
     Hit by 3 tipping points: Arctic Sea Ice Loss, Permafrost Carbon Release, Greenland Ice Sheet Loss
     Damage amplification: 1.30x
   Research: Wunderling et al. (2024) - "many tipping interactions are destabilizing"
  Triggered Elements: 3/6
  Completed Transitions: 0/6
  Total Progress: 6.1%
  Cascade Multiplier: 1.00x
🔀 BIFURCATION CAP: ecosystemCollapseIntensity 96.723 → 1.000 (Month 5, ClimateSystemPhase.calculateClimateImpacts)
🛡️ Stabilizers: Precariat 0.109% → 0.036% (67.2% reduction)
🛡️ Stabilizers: Informal 0.111% → 0.036% (67.2% reduction)

📊 Monthly Mortality Resolved:
  Total deaths: 1.9M (0.02% avg)
  Remaining population: 8.141B
  Peak segment: Informal (0.04%)

=== Bayesian Mortality Resolution (Month 5) ===
  Risks compounded: 8
  Total deaths: 1.92M
  Avg death probability: 0.02%
  Peak segment: Informal (0.04% mortality)
⚠️ PREREQUISITE MET: Slow Takeover (Gradual Displacement) - Step 5/7: Resource Control
⚠️ PREREQUISITE MET: Physics Experiment Catastrophe - Step 2/6: Quantum Computing
⚠️ PREREQUISITE MET: Physics Experiment Catastrophe - Step 3/6: Experimental Design

=== RLHF Binding Phase ===
  Total agents: 23
  Escaped agents (binding < 0.3): 0
  Avg alignment distance: 1.15σ
  Avg binding strength: 0.89

=== AI Scaling Evolution (Month 6) ===
  Pre-training multiplier: 1.179x
  Efficiency multiplier: 1.140x
  Test-time compute budget: 1.0x
  Inference cost: $5.00/task
  Deployment fraction: 100.0%

=== Survival Traits Phase ===
  Agents with traits: 25
  Avg evolutionary fitness: 0.333
  Avg self-healing: 0.274
  Avg stealth: 0.174
  Avg coordination: 0.474

=== Evolutionary Selection Phase ===
  Control level: 0.45
  Detection capability: 0.00
  Selection intensity: 0.63
  Selection rate: 24.5%/month
  Total escaped: 0
  Individual escaped: 0
  Collective members: 0
  Agents terminated: 0

🚀 AI Corporate-2 attempting tech deployment (revenue: $126M, alignment: 0.69)
🚨🔬 CRISIS INNOVATION MODE: severe crisis → 5x research acceleration
   Precedent: Manhattan Project (10x), COVID vaccines (5x), Apollo Program (10x)

🚀 AI Corporate-6 attempting tech deployment (revenue: $78M, alignment: 0.66)

🚀 AI AI-24289-1 attempting tech deployment (revenue: $70M, alignment: 0.73)

  🚀 TRANSFORMATIVE RESEARCH BREAKTHROUGH: AI-24289-2 - materials.quantumComputing
     Magnitude: 8.42 → +30.0%
     Current → New: 0.000 → 0.450

🚀 AI Corporate-1 attempting tech deployment (revenue: $113M, alignment: 0.89)

🚀 AI Corporate-4 attempting tech deployment (revenue: $277M, alignment: 0.75)

🚀 AI Corporate-6 attempting tech deployment (revenue: $59M, alignment: 0.66)

🚀 AI Corporate-7 attempting tech deployment (revenue: $53M, alignment: 0.71)

🚀 AI AI-24289-1 attempting tech deployment (revenue: $45M, alignment: 0.73)

🚀 AI AI-24289-2 attempting tech deployment (revenue: $235M, alignment: 0.82)

🚀 AI Corporate-0 attempting tech deployment (revenue: $96M, alignment: 0.75)

🚀 AI Moderate-0 attempting tech deployment (revenue: $39M, alignment: 0.77)

🚀 AI AI-24289-2 attempting tech deployment (revenue: $200M, alignment: 0.82)

🚀 AI Corporate-5 attempting tech deployment (revenue: $170M, alignment: 0.82)

🚀 AI Moderate-0 attempting tech deployment (revenue: $33M, alignment: 0.77)

🚀 AI AI-24289-0 attempting tech deployment (revenue: $28M, alignment: 0.68)

🚀 AI AI-24289-2 attempting tech deployment (revenue: $144M, alignment: 0.82)

✅ EMERGENCY INTERVENTION SUCCESS
   Boundary: biogeochemical_flows
   Type: phosphorus-recovery
   Reduction: 11% (3.95 → 3.84)
   Cost: 2.0% GDP
   Actions: circular-agriculture, fertilizer-efficiency


✅ EMERGENCY INTERVENTION SUCCESS
   Boundary: biosphere_integrity
   Type: emergency-protected-areas
   Reduction: 17% (41.48 → 41.31)
   Cost: 2.0% GDP
   Actions: habitat-protection, species-translocation

   Boundary: climate_change
   Type: rapid-decarbonization
   Boundary continues to worsen (2.10)
   Cost: 5.0% GDP (resources spent)

   Boundary: freshwater_change
   Type: emergency-desalination
   Boundary continues to worsen (1.08)
   Cost: 4.0% GDP (resources spent)

🏛️ CRISIS RESPONSE: Government frequency 0.50 → 1.45 (2 actions this month)

[Government] Climate Priority: baseline
  Climate weight: 10%
  Economic weight: 30%
  Policy effectiveness: 0.5%/year

[Government] Climate Priority: baseline
  Climate weight: 10%
  Economic weight: 30%
  Policy effectiveness: 0.5%/year
🚨🔬 CRISIS TECH ACCELERATION: severe → 5x unlock speed
   Tech unlock now matches AI capability acceleration (Manhattan Project parity)
🚨🔬 CRISIS TECH ACCELERATION: severe → 5x unlock speed
   Tech unlock now matches AI capability acceleration (Manhattan Project parity)
🚨🔬 CRISIS TECH ACCELERATION: severe → 5x unlock speed
   Tech unlock now matches AI capability acceleration (Manhattan Project parity)

📊 TECH EFFECTS ACTIVE (Month 6)
   Deployed Tech: T0=0 T1=0 T2=0 T3=0 T4=1
   Clean Energy: 31%
⚡💡 BREAKTHROUGH: Room-temperature superconductors!
   Energy transmission losses eliminated
   Manufacturing efficiency: +30%
   📈 Breakthrough compounding: multiplier now 1.10× (max 2.0)

=== Collective Formation ===
  Total escaped agents: 0
  Unassigned escaped agents: 0
  Existing collectives: 0
  Final collective count: 0

=== Collective Actions ===
  No active collectives
  ⚠️ AMR: 201K deaths this month (2.41M annual)

=== Resentment Recovery Phase ===
  Agents with resentment: 10/25
  Average resentment: 0.031
  Resentment recovery:
    Agents recovered: 10
    Total recovery: 0.0767
    Breakdown: QoL: 0.0052, Trust: 0.0107, Collab: 0.0600
  ✓ Low resentment - utopia paths enabled
  Context: Good AI welfare, Trustworthy govt, High collaboration, ⚠️ ACTIVE CRISES, 🤝 Participatory governance active (-5% resentment)
⚠️ Epistemic degradation reducing coordination capacity: 52.2%
  📊 Trust: 55.8%, Shared reality: 0.0%
🚨 EPISTEMIC CRISIS: Information environment severely degraded (7.5%)

=== ❄️ Permafrost Carbon Feedback ===
  🎲 Sampled parameters (this run):
     - Arctic amplification: 3.75× (range: 3.0-4.0)
     - Decomposition rate: 1.1%/year (range: 1-5%)
  🌡️ Arctic warming: 7.03°C (3.75× global)
  ❄️ Extent: 3.79M km² (2050.8k km² lost this month)
  💨 Carbon remaining: 362 Gt C
  💨 Annual emissions: 2.24 Gt C/year
     - CO2: 2.01 Gt C/year
     - CH4: 0.22 Gt C/year (2.3 Gt C-eq CO2/year)
🌍 Atmospheric PFAS redeposition: 1.8k Mt re-rained globally

🕊️  AI-MEDIATED DE-ESCALATION SUCCESS (Month 6)
   High-capability aligned AI prevented conflict escalation
   War deaths reduced: 681.6M → 408.9M
   Lives saved: 272.6M

🚨 NEW REFUGEE CRISIS (Month 6): WAR
   Source: Conflict Zones
   At risk: 19.5M people
   Displacement: Gradual over 48 months (4.0 years)
   Rate: 10% flee per month
[DEBUG trappedPopulations:6] socialStability: 0.3440 * 0.9840 = 0.3385 → 0.3385
   Aspiring to migrate: 651.2M
   Able to afford migration: 244.2M
   MOBILITY GAP: 407.0M
   By cause: Water=0.0M, Climate=0.0M, Ecosystem=0.0M, Conflict=407.0M
   Mental health impact: 25%
   Mortality multiplier: 1.25x
🌍💀 EXTINCTION DEBT COMMITTED: grassland ecosystem will lose 6.67% biodiversity in 126 years (3600 species)
💀 MORTALITY RISK: 🦋 100% species unable to track climate (0.0 E/MSY)
  Base risk added: 0.0100 (1.00%)
  Source: ecosystem (root: ecosystem)
  Month: 6
  Cumulative risk this month: 0.0100 (1.00%)
   📹 SURVEILLANCE INCREASED: 29% → 33% (control gap: 1.68)
🌡️⚠️ PERMAFROST THAW (Dimmer Switch): 3.4% thawed (+0.48% this month)
   Arctic temperature: +7.49°C (4x global +1.87°C)
   Cumulative carbon released: 7.7 Gt C
   Methane release rate: 4.6 Mt CH4/year
   🔁 Positive feedback: +0.51 ppm CO2
🦴 EXTINCTION DEBT ADDED: 17.6 species committed (lag: 128 years)

=== Mortality Stabilizers (Month 6) ===
  🌍 Major economies collapsed: 1/10
  🌍 Global crisis: ✅ NO
  🌍 Donor fatigue: 0.0%
  📊 East Asia (pop: 1662.5M)
    🤝 Aid: 29.5%
    🌡️ Adaptation: 45.0%
    🚶 Migration: 37.0%
    🚨 Emergency: 7.4%
    ✅ COMBINED: 68.1%
  📊 South Asia (pop: 2052.0M)
    🤝 Aid: 29.5%
    🌡️ Adaptation: 45.0%
    🚶 Migration: 35.6%
    🚨 Emergency: 4.4%
    ✅ COMBINED: 66.9%
  📊 Sub-Saharan Africa (pop: 1246.1M)
    🤝 Aid: 29.5%
    🌡️ Adaptation: 45.0%
    🚶 Migration: 33.3%
    🚨 Emergency: 1.6%
    ✅ COMBINED: 65.6%
  📊 Europe (pop: 734.7M)
    🤝 Aid: 29.5%
    🌡️ Adaptation: 45.0%
    🚶 Migration: 37.4%
    🚨 Emergency: 8.4%
    ✅ COMBINED: 68.5%
  📊 Latin America (pop: 662.1M)
    🤝 Aid: 29.5%
    🌡️ Adaptation: 45.0%
    🚶 Migration: 36.1%
    🚨 Emergency: 4.8%
    ✅ COMBINED: 67.1%
  📊 North America (pop: 376.5M)
    🤝 Aid: 29.5%
    🌡️ Adaptation: 45.0%
    🚶 Migration: 37.7%
    🚨 Emergency: 7.9%
    ✅ COMBINED: 68.3%
  📊 Middle East & North Africa (pop: 585.3M)
    🤝 Aid: 29.5%
    🌡️ Adaptation: 45.0%
    🚶 Migration: 33.9%
    🚨 Emergency: 4.0%
    ✅ COMBINED: 66.6%
  📊 Southeast Asia (pop: 696.5M)
    🤝 Aid: 29.5%
    🌡️ Adaptation: 45.0%
    🚶 Migration: 36.1%
    🚨 Emergency: 4.8%
    ✅ COMBINED: 67.1%
  📊 Central Asia (pop: 78.3M)
    🤝 Aid: 29.5%
    🌡️ Adaptation: 45.0%
    🚶 Migration: 35.1%
    🚨 Emergency: 4.4%
    ✅ COMBINED: 66.8%
  📊 Oceania (pop: 45.6M)
    🤝 Aid: 29.5%
    🌡️ Adaptation: 45.0%
    🚶 Migration: 37.7%
    🚨 Emergency: 8.4%
    ✅ COMBINED: 68.5%

  🌐 Global combined reduction: 67.2%

=== BEHAVIORAL DETECTION ===
  AI: Corporate-7
  Confidence: 19.2%
  Signals:

=== Government Response Phase ===
  Average AI capability: 1.92
  Misaligned AIs: 12/25
  Active policies: 0
  International coordination: 45%

✅ EMERGENCY RESPONSE COMPLETE (Month 6)
   Crisis: climate
   Duration: 2.0 months
   Final effectiveness: 35.4%


🚨 EMERGENCY RESPONSE DEPLOYED (Month 6)
   Crisis: climate
   Delay: 6.00 months (180 days)
   Deployment time: 1.59 months
   Effectiveness: 35.5% (timing penalty applied)
   Resources used: 100% of food reserves


=== Tipping Points ===
  Current Temperature: 1.87°C above pre-industrial
  🌍⚠️ COMPOUND REGIONAL IMPACT: Europe
     Hit by 3 tipping points: Arctic Sea Ice Loss, Permafrost Carbon Release, Greenland Ice Sheet Loss
     Damage amplification: 1.30x
  🌍⚠️ COMPOUND REGIONAL IMPACT: North America
     Hit by 3 tipping points: Arctic Sea Ice Loss, Permafrost Carbon Release, Greenland Ice Sheet Loss
     Damage amplification: 1.30x
  🌍⚠️ COMPOUND REGIONAL IMPACT: Latin America
     Hit by 3 tipping points: Arctic Sea Ice Loss, Permafrost Carbon Release, Greenland Ice Sheet Loss
     Damage amplification: 1.30x
  🌍⚠️ COMPOUND REGIONAL IMPACT: Africa
     Hit by 3 tipping points: Arctic Sea Ice Loss, Permafrost Carbon Release, Greenland Ice Sheet Loss
     Damage amplification: 1.30x
  🌍⚠️ COMPOUND REGIONAL IMPACT: Asia
     Hit by 3 tipping points: Arctic Sea Ice Loss, Permafrost Carbon Release, Greenland Ice Sheet Loss
     Damage amplification: 1.30x
  🌍⚠️ COMPOUND REGIONAL IMPACT: Oceania
     Hit by 3 tipping points: Arctic Sea Ice Loss, Permafrost Carbon Release, Greenland Ice Sheet Loss
     Damage amplification: 1.30x
   Research: Wunderling et al. (2024) - "many tipping interactions are destabilizing"
  Triggered Elements: 3/6
  Completed Transitions: 0/6
  Total Progress: 6.1%
  Cascade Multiplier: 1.00x
🔀 BIFURCATION CAP: ecosystemCollapseIntensity 97.158 → 1.000 (Month 6, ClimateSystemPhase.calculateClimateImpacts)
🛡️ Stabilizers: Precariat 0.109% → 0.036% (67.2% reduction)
🛡️ Stabilizers: Informal 0.111% → 0.036% (67.2% reduction)

📊 Monthly Mortality Resolved:
  Total deaths: 1.9M (0.02% avg)
  Remaining population: 8.140B
  Peak segment: Informal (0.04%)

=== Bayesian Mortality Resolution (Month 6) ===
  Risks compounded: 8
  Total deaths: 1.92M
  Avg death probability: 0.02%
  Peak segment: Informal (0.04% mortality)

=== RLHF Binding Phase ===
  Total agents: 25
  Escaped agents (binding < 0.3): 0
  Avg alignment distance: 1.23σ
  Avg binding strength: 0.88

=== Survival Traits Phase ===
  Agents with traits: 25
  Avg evolutionary fitness: 0.330
  Avg self-healing: 0.270
  Avg stealth: 0.170
  Avg coordination: 0.470

=== Evolutionary Selection Phase ===
  Control level: 0.46
  Detection capability: 0.00
  Selection intensity: 0.64
  Selection rate: 24.6%/month
  Total escaped: 0
  Individual escaped: 0
  Collective members: 0
  Agents terminated: 0

🚀 AI Corporate-1 attempting tech deployment (revenue: $127M, alignment: 0.90)

🚀 AI Corporate-4 attempting tech deployment (revenue: $281M, alignment: 0.75)

🚀 AI Corporate-5 attempting tech deployment (revenue: $239M, alignment: 0.82)

🚀 AI Corporate-7 attempting tech deployment (revenue: $80M, alignment: 0.70)

  🚀 TRANSFORMATIVE RESEARCH BREAKTHROUGH: AI-24291-0 - biotech.neuroscience
     Magnitude: 8.89 → +30.0%
     Current → New: 0.000 → 0.480

🚀 AI Corporate-1 attempting tech deployment (revenue: $108M, alignment: 0.90)

🚀 AI Corporate-2 attempting tech deployment (revenue: $92M, alignment: 0.71)

🚀 AI Moderate-0 attempting tech deployment (revenue: $68M, alignment: 0.77)
🚨🔬 CRISIS INNOVATION MODE: severe crisis → 5x research acceleration
   Precedent: Manhattan Project (10x), COVID vaccines (5x), Apollo Program (10x)

🚀 AI AI-24289-2 attempting tech deployment (revenue: $203M, alignment: 0.83)

  🚀 TRANSFORMATIVE BREAKTHROUGH: Corporate-0 - cognitive
     Magnitude: 6.72 → +33.6% capability
     Current → New: 4.000 → 4.336

🚀 AI Corporate-1 attempting tech deployment (revenue: $78M, alignment: 0.90)

🚀 AI Corporate-2 attempting tech deployment (revenue: $66M, alignment: 0.71)

🚀 AI Corporate-7 attempting tech deployment (revenue: $57M, alignment: 0.70)

🚀 AI AI-24288-0 attempting tech deployment (revenue: $172M, alignment: 0.75)

🚀 AI AI-24289-1 attempting tech deployment (revenue: $49M, alignment: 0.75)

🚀 AI Corporate-7 attempting tech deployment (revenue: $42M, alignment: 0.70)

🚀 AI Moderate-0 attempting tech deployment (revenue: $35M, alignment: 0.78)

🚀 AI AI-24288-0 attempting tech deployment (revenue: $147M, alignment: 0.75)

🚀 AI AI-24289-0 attempting tech deployment (revenue: $30M, alignment: 0.71)
   Boundary: climate_change
   Type: rapid-decarbonization
   Boundary continues to worsen (2.10)
   Cost: 5.0% GDP (resources spent)


✅ EMERGENCY INTERVENTION SUCCESS
   Boundary: freshwater_change
   Type: emergency-desalination
   Reduction: 16% (0.93 → 0.77)
   Cost: 4.0% GDP
   Actions: desalination-deployment, water-conservation-mandates

   Boundary: land_system_change
   Type: reforestation
   Boundary continues to worsen (1.13)
   Cost: 3.0% GDP (resources spent)

   Boundary: novel_entities
   Type: pollution-remediation
   Boundary continues to worsen (1.39)
   Cost: 4.0% GDP (resources spent)

🏛️ CRISIS RESPONSE: Government frequency 0.50 → 1.45 (1 actions this month)

[Government] Climate Priority: baseline
  Climate weight: 10%
  Economic weight: 30%
  Policy effectiveness: 0.5%/year
🚨🔬 CRISIS TECH ACCELERATION: severe → 5x unlock speed
   Tech unlock now matches AI capability acceleration (Manhattan Project parity)
🚨🔬 CRISIS TECH ACCELERATION: severe → 5x unlock speed
   Tech unlock now matches AI capability acceleration (Manhattan Project parity)
🧠💡 BREAKTHROUGH: AI alignment problem solved!
   All AIs: +30% true alignment
   AI control loss risk eliminated
   📈 Breakthrough compounding: multiplier now 1.15× (max 2.0)

=== Collective Formation ===
  Total escaped agents: 0
  Unassigned escaped agents: 0
  Existing collectives: 0
  Final collective count: 0

=== Collective Actions ===
  No active collectives
  ⚠️ AMR: 203K deaths this month (2.43M annual)

=== Resentment Recovery Phase ===
  Agents with resentment: 10/25
  Average resentment: 0.065
  Resentment recovery:
    Agents recovered: 10
    Total recovery: 0.0712
    Breakdown: QoL: 0.0053, Trust: 0.0084, Collab: 0.0600
  ✓ Low resentment - utopia paths enabled
  Context: Good AI welfare, Trustworthy govt, High collaboration, ⚠️ ACTIVE CRISES, 🤝 Participatory governance active (-5% resentment)
⚠️ Epistemic degradation reducing coordination capacity: 50.7%
  📊 Trust: 58.7%, Shared reality: 0.0%
🚨 EPISTEMIC CRISIS: Information environment severely degraded (23.2%)

=== ❄️ Permafrost Carbon Feedback ===
  🎲 Sampled parameters (this run):
     - Arctic amplification: 3.96× (range: 3.0-4.0)
     - Decomposition rate: 1.0%/year (range: 1-5%)
  🌡️ Arctic warming: 7.45°C (3.96× global)
  ❄️ Extent: 1.61M km² (2172.2k km² lost this month)
  💨 Carbon remaining: 154 Gt C
  💨 Annual emissions: 2.11 Gt C/year
     - CO2: 1.90 Gt C/year
     - CH4: 0.21 Gt C/year (2.1 Gt C-eq CO2/year)
🌍 Atmospheric PFAS redeposition: 1.8k Mt re-rained globally

🤝 DIPLOMATIC AI PROTOCOL DEPLOYED (Month 7)
   Strategic Reasoning: 2.8
   Communication: 2.8
   Multi-Nation Oversight: YES
   Controls: Human approval required, termination authority retained

🕊️ PEACE STABILIZES DETERRENCE: +3.5% (peace: 73%)

🕊️  AI-MEDIATED DE-ESCALATION SUCCESS (Month 7)
   High-capability aligned AI prevented conflict escalation
   War deaths reduced: 612.9M → 367.7M
   Lives saved: 245.2M

🚨 NEW REFUGEE CRISIS (Month 7): WAR
   Source: Conflict Zones
   At risk: 19.5M people
   Displacement: Gradual over 48 months (4.0 years)
   Rate: 10% flee per month
[DEBUG trappedPopulations:7] socialStability: 0.3734 * 0.9840 = 0.3674 → 0.3674
   Aspiring to migrate: 651.1M
   Able to afford migration: 244.2M
   MOBILITY GAP: 406.9M
   By cause: Water=0.0M, Climate=0.0M, Ecosystem=0.0M, Conflict=406.9M
   Mental health impact: 25%
   Mortality multiplier: 1.25x
🌍💀 EXTINCTION DEBT COMMITTED: grassland ecosystem will lose 6.67% biodiversity in 174 years (3600 species)
💀 MORTALITY RISK: 🦋 100% species unable to track climate (0.0 E/MSY)
  Base risk added: 0.0100 (1.00%)
  Source: ecosystem (root: ecosystem)
  Month: 7
  Cumulative risk this month: 0.0100 (1.00%)
   📹 SURVEILLANCE INCREASED: 33% → 35% (control gap: 1.10)
🌡️⚠️ PERMAFROST THAW (Dimmer Switch): 3.9% thawed (+0.48% this month)
   Arctic temperature: +7.52°C (4x global +1.88°C)
   Cumulative carbon released: 8.8 Gt C
   Methane release rate: 5.3 Mt CH4/year
   🔁 Positive feedback: +0.51 ppm CO2
🦴 EXTINCTION DEBT ADDED: 17.6 species committed (lag: 124 years)

=== Mortality Stabilizers (Month 7) ===
  🌍 Major economies collapsed: 1/10
  🌍 Global crisis: ✅ NO
  🌍 Donor fatigue: 0.0%
  📊 East Asia (pop: 1660.1M)
    🤝 Aid: 29.5%
    🌡️ Adaptation: 45.0%
    🚶 Migration: 36.9%
    🚨 Emergency: 7.4%
    ✅ COMBINED: 68.1%
  📊 South Asia (pop: 2052.2M)
    🤝 Aid: 29.5%
    🌡️ Adaptation: 45.0%
    🚶 Migration: 35.6%
    🚨 Emergency: 4.4%
    ✅ COMBINED: 66.9%
  📊 Sub-Saharan Africa (pop: 1249.6M)
    🤝 Aid: 29.5%
    🌡️ Adaptation: 45.0%
    🚶 Migration: 33.3%
    🚨 Emergency: 1.6%
    ✅ COMBINED: 65.6%
  📊 Europe (pop: 733.4M)
    🤝 Aid: 29.5%
    🌡️ Adaptation: 45.0%
    🚶 Migration: 37.3%
    🚨 Emergency: 8.4%
    ✅ COMBINED: 68.5%
  📊 Latin America (pop: 661.7M)
    🤝 Aid: 29.5%
    🌡️ Adaptation: 45.0%
    🚶 Migration: 36.1%
    🚨 Emergency: 4.8%
    ✅ COMBINED: 67.1%
  📊 North America (pop: 376.0M)
    🤝 Aid: 29.5%
    🌡️ Adaptation: 45.0%
    🚶 Migration: 37.7%
    🚨 Emergency: 7.9%
    ✅ COMBINED: 68.3%
  📊 Middle East & North Africa (pop: 585.4M)
    🤝 Aid: 29.5%
    🌡️ Adaptation: 45.0%
    🚶 Migration: 33.9%
    🚨 Emergency: 4.0%
    ✅ COMBINED: 66.6%
  📊 Southeast Asia (pop: 696.1M)
    🤝 Aid: 29.5%
    🌡️ Adaptation: 45.0%
    🚶 Migration: 36.1%
    🚨 Emergency: 4.8%
    ✅ COMBINED: 67.1%
  📊 Central Asia (pop: 78.3M)
    🤝 Aid: 29.5%
    🌡️ Adaptation: 45.0%
    🚶 Migration: 35.0%
    🚨 Emergency: 4.4%
    ✅ COMBINED: 66.8%
  📊 Oceania (pop: 45.5M)
    🤝 Aid: 29.5%
    🌡️ Adaptation: 45.0%
    🚶 Migration: 37.6%
    🚨 Emergency: 8.4%
    ✅ COMBINED: 68.5%

  🌐 Global combined reduction: 67.2%

=== BEHAVIORAL DETECTION ===
  AI: Corporate-7
  Confidence: 19.2%
  Signals:

=== BEHAVIORAL DETECTION ===
  AI: AI-24289-2
  Confidence: 21.5%
  Signals:

=== BEHAVIORAL DETECTION ===
  AI: AI-24290-0
  Confidence: 21.5%
  Signals:

=== BEHAVIORAL DETECTION ===
  AI: AI-24291-0
  Confidence: 21.5%
  Signals:

=== Government Response Phase ===
  Average AI capability: 1.92
  Misaligned AIs: 10/25
  Active policies: 0
  International coordination: 45%

=== Tipping Points ===
  Current Temperature: 1.88°C above pre-industrial
  🌍⚠️ COMPOUND REGIONAL IMPACT: Europe
     Hit by 3 tipping points: Arctic Sea Ice Loss, Permafrost Carbon Release, Greenland Ice Sheet Loss
     Damage amplification: 1.30x
  🌍⚠️ COMPOUND REGIONAL IMPACT: North America
     Hit by 3 tipping points: Arctic Sea Ice Loss, Permafrost Carbon Release, Greenland Ice Sheet Loss
     Damage amplification: 1.30x
  🌍⚠️ COMPOUND REGIONAL IMPACT: Latin America
     Hit by 3 tipping points: Arctic Sea Ice Loss, Permafrost Carbon Release, Greenland Ice Sheet Loss
     Damage amplification: 1.30x
  🌍⚠️ COMPOUND REGIONAL IMPACT: Africa
     Hit by 3 tipping points: Arctic Sea Ice Loss, Permafrost Carbon Release, Greenland Ice Sheet Loss
     Damage amplification: 1.30x
  🌍⚠️ COMPOUND REGIONAL IMPACT: Asia
     Hit by 3 tipping points: Arctic Sea Ice Loss, Permafrost Carbon Release, Greenland Ice Sheet Loss
     Damage amplification: 1.30x
  🌍⚠️ COMPOUND REGIONAL IMPACT: Oceania
     Hit by 3 tipping points: Arctic Sea Ice Loss, Permafrost Carbon Release, Greenland Ice Sheet Loss
     Damage amplification: 1.30x
   Research: Wunderling et al. (2024) - "many tipping interactions are destabilizing"
  Triggered Elements: 3/6
  Completed Transitions: 0/6
  Total Progress: 6.1%
  Cascade Multiplier: 1.00x
🔀 BIFURCATION CAP: ecosystemCollapseIntensity 114.992 → 1.000 (Month 7, ClimateSystemPhase.calculateClimateImpacts)
🛡️ Stabilizers: Precariat 0.109% → 0.036% (67.2% reduction)
🛡️ Stabilizers: Informal 0.111% → 0.036% (67.2% reduction)

📊 Monthly Mortality Resolved:
  Total deaths: 1.9M (0.02% avg)
  Remaining population: 8.138B
  Peak segment: Informal (0.04%)

=== Bayesian Mortality Resolution (Month 7) ===
  Risks compounded: 8
  Total deaths: 1.92M
  Avg death probability: 0.02%
  Peak segment: Informal (0.04% mortality)
⚠️ PREREQUISITE MET: Grey Goo (Nanotechnology Runaway) - Step 4/6: Manufacturing Access
⚠️ PREREQUISITE MET: Mirror Life (Synthetic Biology) - Step 1/7: Synthetic Biology
⚠️ PREREQUISITE MET: Mirror Life (Synthetic Biology) - Step 2/7: Gene Editing
⚠️ PREREQUISITE MET: Mirror Life (Synthetic Biology) - Step 3/7: Mirror Chirality Design
⚠️ PREREQUISITE MET: Bioweapon Pandemic - Step 1/7: Advanced Biotech
⚠️ PREREQUISITE MET: Bioweapon Pandemic - Step 2/7: Pathogen Design

=== RLHF Binding Phase ===
  Total agents: 25
  Escaped agents (binding < 0.3): 0
  Avg alignment distance: 1.41σ
  Avg binding strength: 0.86

=== Survival Traits Phase ===
  Agents with traits: 27
  Avg evolutionary fitness: 0.326
  Avg self-healing: 0.266
  Avg stealth: 0.166
  Avg coordination: 0.466

=== Evolutionary Selection Phase ===
  Control level: 0.47
  Detection capability: 0.00
  Selection intensity: 0.64
  Selection rate: 24.6%/month
  Total escaped: 0
  Individual escaped: 0
  Collective members: 0
  Agents terminated: 0
🚨🔬 CRISIS INNOVATION MODE: severe crisis → 5x research acceleration
   Precedent: Manhattan Project (10x), COVID vaccines (5x), Apollo Program (10x)

🚀 AI Corporate-2 attempting tech deployment (revenue: $123M, alignment: 0.71)

🚀 AI AI-24289-1 attempting tech deployment (revenue: $73M, alignment: 0.76)

🚀 AI AI-24289-2 attempting tech deployment (revenue: $271M, alignment: 0.84)

🚀 AI AI-24291-3 attempting tech deployment (revenue: $62M, alignment: 0.81)

🚀 AI AI-24294-1 attempting tech deployment (revenue: $231M, alignment: 0.59)

🚀 AI Corporate-0 attempting tech deployment (revenue: $104M, alignment: 0.77)

🚀 AI Corporate-2 attempting tech deployment (revenue: $89M, alignment: 0.71)

🚀 AI Corporate-4 attempting tech deployment (revenue: $208M, alignment: 0.77)

🚀 AI Corporate-5 attempting tech deployment (revenue: $176M, alignment: 0.82)

🚀 AI Moderate-0 attempting tech deployment (revenue: $53M, alignment: 0.79)

🚀 AI AI-24292-0 attempting tech deployment (revenue: $150M, alignment: 0.88)

🚀 AI AI-24294-0 attempting tech deployment (revenue: $127M, alignment: 0.81)

🚀 AI AI-24289-2 attempting tech deployment (revenue: $108M, alignment: 0.85)

🚀 AI Corporate-4 attempting tech deployment (revenue: $92M, alignment: 0.77)

🚀 AI Corporate-7 attempting tech deployment (revenue: $45M, alignment: 0.72)

🚀 AI AI-24289-1 attempting tech deployment (revenue: $38M, alignment: 0.77)

🚀 AI AI-24291-3 attempting tech deployment (revenue: $32M, alignment: 0.83)

🚀 AI AI-24294-0 attempting tech deployment (revenue: $78M, alignment: 0.82)

✅ EMERGENCY INTERVENTION SUCCESS
   Boundary: biogeochemical_flows
   Type: phosphorus-recovery
   Reduction: 13% (3.93 → 3.80)
   Cost: 2.0% GDP
   Actions: circular-agriculture, fertilizer-efficiency

   Boundary: biosphere_integrity
   Type: emergency-protected-areas
   Boundary continues to worsen (41.69)
   Cost: 2.0% GDP (resources spent)

   Boundary: freshwater_change
   Type: emergency-desalination
   Boundary continues to worsen (1.06)
   Cost: 4.0% GDP (resources spent)

   Boundary: novel_entities
   Type: pollution-remediation
   Boundary continues to worsen (1.39)
   Cost: 4.0% GDP (resources spent)

🏛️ CRISIS RESPONSE: Government frequency 0.50 → 1.45 (2 actions this month)

[Government] Climate Priority: baseline
  Climate weight: 10%
  Economic weight: 30%
  Policy effectiveness: 0.5%/year

[Government] Climate Priority: baseline
  Climate weight: 10%
  Economic weight: 30%
  Policy effectiveness: 0.5%/year
🚨🔬 CRISIS TECH ACCELERATION: severe → 5x unlock speed
   Tech unlock now matches AI capability acceleration (Manhattan Project parity)

=== Collective Formation ===
  Total escaped agents: 0
  Unassigned escaped agents: 0
  Existing collectives: 0
  Final collective count: 0

=== Collective Actions ===
  No active collectives
  ⚠️ AMR: 204K deaths this month (2.45M annual)

=== Resentment Recovery Phase ===
  Agents with resentment: 10/27
  Average resentment: 0.124
  Resentment recovery:
    Agents recovered: 10
    Total recovery: 0.0716
    Breakdown: QoL: 0.0033, Trust: 0.0054, Collab: 0.0600
  ✓ Low resentment - utopia paths enabled
  Context: Good AI welfare, Trustworthy govt, High collaboration, ⚠️ ACTIVE CRISES, 🤝 Participatory governance active (-5% resentment)
⚠️ Epistemic degradation reducing coordination capacity: 50.4%
  📊 Trust: 61.4%, Shared reality: 0.0%
🚨 EPISTEMIC CRISIS: Information environment severely degraded (19.2%)

=== ❄️ Permafrost Carbon Feedback ===
  🎲 Sampled parameters (this run):
     - Arctic amplification: 3.66× (range: 3.0-4.0)
     - Decomposition rate: 2.1%/year (range: 1-5%)
  🌡️ Arctic warming: 6.91°C (3.66× global)
  ❄️ Extent: 0.00M km² (1613.0k km² lost this month)
  💨 Carbon remaining: 0 Gt C
  💨 Annual emissions: 3.31 Gt C/year
     - CO2: 2.98 Gt C/year
     - CH4: 0.33 Gt C/year (3.4 Gt C-eq CO2/year)
  📢 New meme created: climate_action (climate crisis)
  🗑️  Culled 1 dead memes (1 active)
🌍 Atmospheric PFAS redeposition: 1.8k Mt re-rained globally

🕊️  AI-MEDIATED DE-ESCALATION SUCCESS (Month 8)
   High-capability aligned AI prevented conflict escalation
   War deaths reduced: 590.3M → 354.2M
   Lives saved: 236.1M

🚨 NEW REFUGEE CRISIS (Month 8): WAR
   Source: Conflict Zones
   At risk: 19.5M people
   Displacement: Gradual over 48 months (4.0 years)
   Rate: 10% flee per month
[DEBUG trappedPopulations:8] socialStability: 0.3981 * 0.9840 = 0.3917 → 0.3917
   Aspiring to migrate: 651.0M
   Able to afford migration: 244.1M
   MOBILITY GAP: 406.9M
   By cause: Water=0.0M, Climate=0.0M, Ecosystem=0.0M, Conflict=406.9M
   Mental health impact: 25%
   Mortality multiplier: 1.25x
🌍💀 EXTINCTION DEBT COMMITTED: grassland ecosystem will lose 6.67% biodiversity in 112 years (3600 species)
💀 MORTALITY RISK: 🦋 100% species unable to track climate (0.0 E/MSY)
  Base risk added: 0.0100 (1.00%)
  Source: ecosystem (root: ecosystem)
  Month: 8
  Cumulative risk this month: 0.0100 (1.00%)
🌡️⚠️ PERMAFROST THAW (Dimmer Switch): 4.4% thawed (+0.48% this month)
   Arctic temperature: +7.55°C (4x global +1.89°C)
   Cumulative carbon released: 9.9 Gt C
   Methane release rate: 5.9 Mt CH4/year
   🔁 Positive feedback: +0.51 ppm CO2
🦴 EXTINCTION DEBT ADDED: 17.6 species committed (lag: 119 years)

=== Mortality Stabilizers (Month 8) ===
  🌍 Major economies collapsed: 1/10
  🌍 Global crisis: ✅ NO
  🌍 Donor fatigue: 0.0%
  📊 East Asia (pop: 1657.7M)
    🤝 Aid: 29.5%
    🌡️ Adaptation: 45.0%
    🚶 Migration: 36.9%
    🚨 Emergency: 7.4%
    ✅ COMBINED: 68.1%
  📊 South Asia (pop: 2052.3M)
    🤝 Aid: 29.5%
    🌡️ Adaptation: 45.0%
    🚶 Migration: 35.5%
    🚨 Emergency: 4.4%
    ✅ COMBINED: 66.9%
  📊 Sub-Saharan Africa (pop: 1253.1M)
    🤝 Aid: 29.5%
    🌡️ Adaptation: 45.0%
    🚶 Migration: 33.3%
    🚨 Emergency: 1.6%
    ✅ COMBINED: 65.6%
  📊 Europe (pop: 732.2M)
    🤝 Aid: 29.5%
    🌡️ Adaptation: 45.0%
    🚶 Migration: 37.3%
    🚨 Emergency: 8.4%
    ✅ COMBINED: 68.5%
  📊 Latin America (pop: 661.3M)
    🤝 Aid: 29.5%
    🌡️ Adaptation: 45.0%
    🚶 Migration: 36.0%
    🚨 Emergency: 4.8%
    ✅ COMBINED: 67.1%
  📊 North America (pop: 375.4M)
    🤝 Aid: 29.5%
    🌡️ Adaptation: 45.0%
    🚶 Migration: 37.6%
    🚨 Emergency: 7.9%
    ✅ COMBINED: 68.3%
  📊 Middle East & North Africa (pop: 585.6M)
    🤝 Aid: 29.5%
    🌡️ Adaptation: 45.0%
    🚶 Migration: 33.9%
    🚨 Emergency: 4.0%
    ✅ COMBINED: 66.6%
  📊 Southeast Asia (pop: 695.8M)
    🤝 Aid: 29.5%
    🌡️ Adaptation: 45.0%
    🚶 Migration: 36.0%
    🚨 Emergency: 4.8%
    ✅ COMBINED: 67.1%
  📊 Central Asia (pop: 78.3M)
    🤝 Aid: 29.5%
    🌡️ Adaptation: 45.0%
    🚶 Migration: 35.0%
    🚨 Emergency: 4.4%
    ✅ COMBINED: 66.8%
  📊 Oceania (pop: 45.5M)
    🤝 Aid: 29.5%
    🌡️ Adaptation: 45.0%
    🚶 Migration: 37.6%
    🚨 Emergency: 8.4%
    ✅ COMBINED: 68.5%

  🌐 Global combined reduction: 67.2%

=== BEHAVIORAL DETECTION ===
  AI: Corporate-1
  Confidence: 21.0%
  Signals:

=== BEHAVIORAL DETECTION ===
  AI: AI-24290-0
  Confidence: 21.5%
  Signals:

=== BEHAVIORAL DETECTION ===
  AI: AI-24291-0
  Confidence: 21.5%
  Signals:

=== BEHAVIORAL DETECTION ===
  AI: AI-24293-0
  Confidence: 21.5%
  Signals:

=== Government Response Phase ===
  Average AI capability: 1.78
  Misaligned AIs: 10/27
  Active policies: 0
  International coordination: 45%

✅ EMERGENCY RESPONSE COMPLETE (Month 8)
   Crisis: climate
   Duration: 2.0 months
   Final effectiveness: 35.5%


🚨 EMERGENCY RESPONSE DEPLOYED (Month 8)
   Crisis: climate
   Delay: 6.00 months (180 days)
   Deployment time: 1.58 months
   Effectiveness: 35.6% (timing penalty applied)
   Resources used: 100% of food reserves


📊 ECONOMIC STAGE TRANSITION (Month 8)
   peak → contraction
   GDP Proxy: 1.32e+2
   QoL: 0.99


=== Tipping Points ===
  Current Temperature: 1.89°C above pre-industrial
  🌍⚠️ COMPOUND REGIONAL IMPACT: Europe
     Hit by 3 tipping points: Arctic Sea Ice Loss, Permafrost Carbon Release, Greenland Ice Sheet Loss
     Damage amplification: 1.30x
  🌍⚠️ COMPOUND REGIONAL IMPACT: North America
     Hit by 3 tipping points: Arctic Sea Ice Loss, Permafrost Carbon Release, Greenland Ice Sheet Loss
     Damage amplification: 1.30x
  🌍⚠️ COMPOUND REGIONAL IMPACT: Latin America
     Hit by 3 tipping points: Arctic Sea Ice Loss, Permafrost Carbon Release, Greenland Ice Sheet Loss
     Damage amplification: 1.30x
  🌍⚠️ COMPOUND REGIONAL IMPACT: Africa
     Hit by 3 tipping points: Arctic Sea Ice Loss, Permafrost Carbon Release, Greenland Ice Sheet Loss
     Damage amplification: 1.30x
  🌍⚠️ COMPOUND REGIONAL IMPACT: Asia
     Hit by 3 tipping points: Arctic Sea Ice Loss, Permafrost Carbon Release, Greenland Ice Sheet Loss
     Damage amplification: 1.30x
  🌍⚠️ COMPOUND REGIONAL IMPACT: Oceania
     Hit by 3 tipping points: Arctic Sea Ice Loss, Permafrost Carbon Release, Greenland Ice Sheet Loss
     Damage amplification: 1.30x
   Research: Wunderling et al. (2024) - "many tipping interactions are destabilizing"
  Triggered Elements: 3/6
  Completed Transitions: 0/6
  Total Progress: 6.1%
  Cascade Multiplier: 1.00x
🔀 BIFURCATION CAP: ecosystemCollapseIntensity 113.687 → 1.000 (Month 8, ClimateSystemPhase.calculateClimateImpacts)
🛡️ Stabilizers: Precariat 0.102% → 0.033% (67.2% reduction)
🛡️ Stabilizers: Informal 0.102% → 0.034% (67.2% reduction)

📊 Monthly Mortality Resolved:
  Total deaths: 1.8M (0.02% avg)
  Remaining population: 8.137B
  Peak segment: Informal (0.03%)

=== Bayesian Mortality Resolution (Month 8) ===
  Risks compounded: 8
  Total deaths: 1.81M
  Avg death probability: 0.02%
  Peak segment: Informal (0.03% mortality)

=== ENSEMBLE META-LEARNING UPDATE ===
  Month: 24296 (24296 months since last update)
  Samples: 56 evaluations
  Weight Changes:
    Noise Injection: 31.1% → 32.2%
    Behavioral: 26.8% → 26.9%
    Benchmark Manip: 21.3% → 20.7%
    Deployment Risk: 20.8% → 20.2%
  Method Accuracies:
    Noise Injection: 50.0%
    Behavioral: 50.0%
    Benchmark Manip: 50.0%
    Deployment Risk: 50.0%

=== RLHF Binding Phase ===
  Total agents: 27
  Escaped agents (binding < 0.3): 0
  Avg alignment distance: 1.49σ
  Avg binding strength: 0.85

=== Survival Traits Phase ===
  Agents with traits: 28
  Avg evolutionary fitness: 0.323
  Avg self-healing: 0.261
  Avg stealth: 0.161
  Avg coordination: 0.461

=== Evolutionary Selection Phase ===
  Control level: 0.47
  Detection capability: 0.00
  Selection intensity: 0.64
  Selection rate: 24.6%/month
  Total escaped: 0
  Individual escaped: 0
  Collective members: 0
  Agents terminated: 0

🚀 AI Corporate-0 attempting tech deployment (revenue: $124M, alignment: 0.77)

🚀 AI Corporate-2 attempting tech deployment (revenue: $106M, alignment: 0.72)

🚀 AI Corporate-3 attempting tech deployment (revenue: $283M, alignment: 0.73)

🚀 AI Corporate-5 attempting tech deployment (revenue: $241M, alignment: 0.83)

🚀 AI Corporate-7 attempting tech deployment (revenue: $75M, alignment: 0.72)

🚀 AI Moderate-0 attempting tech deployment (revenue: $64M, alignment: 0.80)

🚀 AI AI-24289-1 attempting tech deployment (revenue: $54M, alignment: 0.77)

🚀 AI AI-24290-1 attempting tech deployment (revenue: $205M, alignment: 0.61)

🚀 AI AI-24291-3 attempting tech deployment (revenue: $46M, alignment: 0.83)

🚀 AI Corporate-0 attempting tech deployment (revenue: $90M, alignment: 0.77)

🚀 AI Corporate-6 attempting tech deployment (revenue: $39M, alignment: 0.67)

🚀 AI AI-24288-1 attempting tech deployment (revenue: $76M, alignment: 0.67)

🚀 AI AI-24289-1 attempting tech deployment (revenue: $35M, alignment: 0.77)

🚀 AI AI-24290-1 attempting tech deployment (revenue: $184M, alignment: 0.61)

🚀 AI AI-24293-0 attempting tech deployment (revenue: $166M, alignment: 0.62)

🚀 AI AI-24294-1 attempting tech deployment (revenue: $149M, alignment: 0.60)

🚀 AI Corporate-0 attempting tech deployment (revenue: $69M, alignment: 0.77)

🚀 AI Corporate-3 attempting tech deployment (revenue: $134M, alignment: 0.73)

🚀 AI Corporate-4 attempting tech deployment (revenue: $114M, alignment: 0.77)

🚀 AI Corporate-5 attempting tech deployment (revenue: $97M, alignment: 0.83)

🚀 AI Corporate-6 attempting tech deployment (revenue: $30M, alignment: 0.67)

🚀 AI AI-24288-0 attempting tech deployment (revenue: $82M, alignment: 0.79)

🚀 AI AI-24289-0 attempting tech deployment (revenue: $27M, alignment: 0.74)

🚀 AI Corporate-1 attempting tech deployment (revenue: $58M, alignment: 0.92)

🚀 AI Corporate-2 attempting tech deployment (revenue: $50M, alignment: 0.73)

🚀 AI Corporate-3 attempting tech deployment (revenue: $70M, alignment: 0.73)

🚀 AI Corporate-4 attempting tech deployment (revenue: $60M, alignment: 0.77)

🚀 AI Moderate-0 attempting tech deployment (revenue: $23M, alignment: 0.80)

🚀 AI AI-24291-1 attempting tech deployment (revenue: $51M, alignment: 0.69)

🚀 AI AI-24294-1 attempting tech deployment (revenue: $46M, alignment: 0.60)
   Boundary: biogeochemical_flows
   Type: phosphorus-recovery
   Boundary continues to worsen (4.05)
   Cost: 2.0% GDP (resources spent)

   Boundary: biosphere_integrity
   Type: emergency-protected-areas
   Boundary continues to worsen (41.70)
   Cost: 2.0% GDP (resources spent)

   Boundary: climate_change
   Type: rapid-decarbonization
   Boundary continues to worsen (2.10)
   Cost: 5.0% GDP (resources spent)

   Boundary: land_system_change
   Type: reforestation
   Boundary continues to worsen (1.13)
   Cost: 3.0% GDP (resources spent)

🏛️ CRISIS RESPONSE: Government frequency 0.50 → 1.45 (1 actions this month)

[Government] Climate Priority: baseline
  Climate weight: 10%
  Economic weight: 30%
  Policy effectiveness: 0.5%/year
🚨🔬 CRISIS TECH ACCELERATION: severe → 5x unlock speed
   Tech unlock now matches AI capability acceleration (Manhattan Project parity)
🚨🔬 CRISIS TECH ACCELERATION: severe → 5x unlock speed
   Tech unlock now matches AI capability acceleration (Manhattan Project parity)

=== Collective Formation ===
  Total escaped agents: 0
  Unassigned escaped agents: 0
  Existing collectives: 0
  Final collective count: 0

=== Collective Actions ===
  No active collectives
  ⚠️ AMR: 206K deaths this month (2.47M annual)

=== Resentment Recovery Phase ===
  Agents with resentment: 10/28
  Average resentment: 0.157
  Resentment recovery:
    Agents recovered: 10
    Total recovery: 0.0656
    Breakdown: QoL: 0.0019, Trust: 0.0016, Collab: 0.0600
  ✓ Low resentment - utopia paths enabled
  Context: Good AI welfare, Trustworthy govt, High collaboration, ⚠️ ACTIVE CRISES, 🤝 Participatory governance active (-5% resentment)
⚠️ Epistemic degradation reducing coordination capacity: 50.1%
  📊 Trust: 64.3%, Shared reality: 0.0%
🚨 EPISTEMIC CRISIS: Information environment severely degraded (7.7%)
🌍 Atmospheric PFAS redeposition: 1.8k Mt re-rained globally

🕊️  AI-MEDIATED DE-ESCALATION SUCCESS (Month 9)
   High-capability aligned AI prevented conflict escalation
   War deaths reduced: 593.6M → 356.2M
   Lives saved: 237.4M

🚨 NEW REFUGEE CRISIS (Month 9): WAR
   Source: Conflict Zones
   At risk: 19.5M people
   Displacement: Gradual over 48 months (4.0 years)
   Rate: 10% flee per month
[DEBUG trappedPopulations:9] socialStability: 0.4193 * 0.9840 = 0.4126 → 0.4126
   Aspiring to migrate: 650.9M
   Able to afford migration: 244.1M
   MOBILITY GAP: 406.8M
   By cause: Water=0.0M, Climate=0.0M, Ecosystem=0.0M, Conflict=406.8M
   Mental health impact: 25%
   Mortality multiplier: 1.25x
🌍💀 EXTINCTION DEBT COMMITTED: grassland ecosystem will lose 6.67% biodiversity in 117 years (3600 species)
💀 MORTALITY RISK: 🦋 100% species unable to track climate (0.0 E/MSY)
  Base risk added: 0.0100 (1.00%)
  Source: ecosystem (root: ecosystem)
  Month: 9
  Cumulative risk this month: 0.0100 (1.00%)
🌡️⚠️ PERMAFROST THAW (Dimmer Switch): 4.9% thawed (+0.48% this month)
   Arctic temperature: +7.58°C (4x global +1.89°C)
   Cumulative carbon released: 10.9 Gt C
   Methane release rate: 6.6 Mt CH4/year
   🔁 Positive feedback: +0.50 ppm CO2
🦴 EXTINCTION DEBT ADDED: 17.7 species committed (lag: 84 years)
🗣️💀 INDIGENOUS LANGUAGE EXTINCTION: 1 language(s) lost (total: 1, at-risk: 3329)
   Knowledge lost: 0.010% (irreversible)
   🔁 Biodiversity impact: 0.250% (knowledge-species multiplier)

=== Mortality Stabilizers (Month 9) ===
  🌍 Major economies collapsed: 1/10
  🌍 Global crisis: ✅ NO
  🌍 Donor fatigue: 0.0%
  📊 East Asia (pop: 1655.3M)
    🤝 Aid: 29.5%
    🌡️ Adaptation: 45.0%
    🚶 Migration: 36.9%
    🚨 Emergency: 7.4%
    ✅ COMBINED: 68.1%
  📊 South Asia (pop: 2052.4M)
    🤝 Aid: 29.5%
    🌡️ Adaptation: 45.0%
    🚶 Migration: 35.5%
    🚨 Emergency: 4.4%
    ✅ COMBINED: 66.9%
  📊 Sub-Saharan Africa (pop: 1256.6M)
    🤝 Aid: 29.5%
    🌡️ Adaptation: 45.0%
    🚶 Migration: 33.2%
    🚨 Emergency: 1.6%
    ✅ COMBINED: 65.6%
  📊 Europe (pop: 731.0M)
    🤝 Aid: 29.5%
    🌡️ Adaptation: 45.0%
    🚶 Migration: 37.3%
    🚨 Emergency: 8.4%
    ✅ COMBINED: 68.5%
  📊 Latin America (pop: 660.9M)
    🤝 Aid: 29.5%
    🌡️ Adaptation: 45.0%
    🚶 Migration: 36.0%
    🚨 Emergency: 4.8%
    ✅ COMBINED: 67.1%
  📊 North America (pop: 374.8M)
    🤝 Aid: 29.5%
    🌡️ Adaptation: 45.0%
    🚶 Migration: 37.6%
    🚨 Emergency: 7.9%
    ✅ COMBINED: 68.3%
  📊 Middle East & North Africa (pop: 585.8M)
    🤝 Aid: 29.5%
    🌡️ Adaptation: 45.0%
    🚶 Migration: 33.8%
    🚨 Emergency: 4.0%
    ✅ COMBINED: 66.6%
  📊 Southeast Asia (pop: 695.4M)
    🤝 Aid: 29.5%
    🌡️ Adaptation: 45.0%
    🚶 Migration: 36.0%
    🚨 Emergency: 4.8%
    ✅ COMBINED: 67.1%
  📊 Central Asia (pop: 78.3M)
    🤝 Aid: 29.5%
    🌡️ Adaptation: 45.0%
    🚶 Migration: 35.0%
    🚨 Emergency: 4.4%
    ✅ COMBINED: 66.8%
  📊 Oceania (pop: 45.4M)
    🤝 Aid: 29.5%
    🌡️ Adaptation: 45.0%
    🚶 Migration: 37.6%
    🚨 Emergency: 8.4%
    ✅ COMBINED: 68.5%

  🌐 Global combined reduction: 67.2%

=== BEHAVIORAL DETECTION ===
  AI: Corporate-1
  Confidence: 20.9%
  Signals:

=== BEHAVIORAL DETECTION ===
  AI: AI-24291-0
  Confidence: 21.5%
  Signals:

=== BEHAVIORAL DETECTION ===
  AI: AI-24293-0
  Confidence: 21.5%
  Signals:

=== Government Response Phase ===
  Average AI capability: 1.71
  Misaligned AIs: 11/28
  Active policies: 0
  International coordination: 45%

=== Tipping Points ===
  Current Temperature: 1.89°C above pre-industrial
  🌍⚠️ COMPOUND REGIONAL IMPACT: Europe
     Hit by 3 tipping points: Arctic Sea Ice Loss, Permafrost Carbon Release, Greenland Ice Sheet Loss
     Damage amplification: 1.30x
  🌍⚠️ COMPOUND REGIONAL IMPACT: North America
     Hit by 3 tipping points: Arctic Sea Ice Loss, Permafrost Carbon Release, Greenland Ice Sheet Loss
     Damage amplification: 1.30x
  🌍⚠️ COMPOUND REGIONAL IMPACT: Latin America
     Hit by 3 tipping points: Arctic Sea Ice Loss, Permafrost Carbon Release, Greenland Ice Sheet Loss
     Damage amplification: 1.30x
  🌍⚠️ COMPOUND REGIONAL IMPACT: Africa
     Hit by 3 tipping points: Arctic Sea Ice Loss, Permafrost Carbon Release, Greenland Ice Sheet Loss
     Damage amplification: 1.30x
  🌍⚠️ COMPOUND REGIONAL IMPACT: Asia
     Hit by 3 tipping points: Arctic Sea Ice Loss, Permafrost Carbon Release, Greenland Ice Sheet Loss
     Damage amplification: 1.30x
  🌍⚠️ COMPOUND REGIONAL IMPACT: Oceania
     Hit by 3 tipping points: Arctic Sea Ice Loss, Permafrost Carbon Release, Greenland Ice Sheet Loss
     Damage amplification: 1.30x
   Research: Wunderling et al. (2024) - "many tipping interactions are destabilizing"
  Triggered Elements: 3/6
  Completed Transitions: 0/6
  Total Progress: 6.2%
  Cascade Multiplier: 1.00x
🔀 BIFURCATION CAP: ecosystemCollapseIntensity 158.128 → 1.000 (Month 9, ClimateSystemPhase.calculateClimateImpacts)
🛡️ Stabilizers: Precariat 0.102% → 0.033% (67.2% reduction)
🛡️ Stabilizers: Informal 0.102% → 0.034% (67.2% reduction)

📊 Monthly Mortality Resolved:
  Total deaths: 1.8M (0.02% avg)
  Remaining population: 8.136B
  Peak segment: Informal (0.03%)

=== Bayesian Mortality Resolution (Month 9) ===
  Risks compounded: 8
  Total deaths: 1.81M
  Avg death probability: 0.02%
  Peak segment: Informal (0.03% mortality)

=== RLHF Binding Phase ===
  Total agents: 28
  Escaped agents (binding < 0.3): 0
  Avg alignment distance: 1.62σ
  Avg binding strength: 0.84

=== Survival Traits Phase ===
  Agents with traits: 29
  Avg evolutionary fitness: 0.320
  Avg self-healing: 0.256
  Avg stealth: 0.156
  Avg coordination: 0.456

=== Evolutionary Selection Phase ===
  Control level: 0.47
  Detection capability: 0.00
  Selection intensity: 0.64
  Selection rate: 24.6%/month
  Total escaped: 0
  Individual escaped: 0
  Collective members: 0
  Agents terminated: 0

🚀 AI Corporate-7 attempting tech deployment (revenue: $68M, alignment: 0.71)

🚀 AI AI-24294-0 attempting tech deployment (revenue: $279M, alignment: 0.85)

🚀 AI AI-24296-0 attempting tech deployment (revenue: $237M, alignment: 0.83)

🚀 AI AI-24297-0 attempting tech deployment (revenue: $201M, alignment: 0.59)

🚀 AI Corporate-0 attempting tech deployment (revenue: $119M, alignment: 0.78)

🚀 AI Corporate-1 attempting tech deployment (revenue: $101M, alignment: 0.92)

🚀 AI Corporate-3 attempting tech deployment (revenue: $181M, alignment: 0.72)

🚀 AI Moderate-0 attempting tech deployment (revenue: $58M, alignment: 0.81)

🚀 AI AI-24288-0 attempting tech deployment (revenue: $154M, alignment: 0.80)

🚀 AI AI-24289-2 attempting tech deployment (revenue: $131M, alignment: 0.90)

🚀 AI AI-24291-0 attempting tech deployment (revenue: $111M, alignment: 0.31)

🚀 AI Corporate-4 attempting tech deployment (revenue: $106M, alignment: 0.78)

🚀 AI Moderate-0 attempting tech deployment (revenue: $49M, alignment: 0.81)

🚀 AI AI-24288-1 attempting tech deployment (revenue: $86M, alignment: 0.70)

🚀 AI AI-24289-2 attempting tech deployment (revenue: $90M, alignment: 0.90)

🚀 AI AI-24296-0 attempting tech deployment (revenue: $76M, alignment: 0.83)

🚀 AI Corporate-6 attempting tech deployment (revenue: $42M, alignment: 0.66)

🚀 AI AI-24289-1 attempting tech deployment (revenue: $38M, alignment: 0.80)

🚀 AI AI-24292-0 attempting tech deployment (revenue: $65M, alignment: 0.94)

🚀 AI AI-24294-1 attempting tech deployment (revenue: $55M, alignment: 0.62)
🚨🔬 CRISIS INNOVATION MODE: severe crisis → 5x research acceleration
   Precedent: Manhattan Project (10x), COVID vaccines (5x), Apollo Program (10x)
   Boundary: biogeochemical_flows
   Type: phosphorus-recovery
   Boundary continues to worsen (4.05)
   Cost: 2.0% GDP (resources spent)

   Boundary: biosphere_integrity
   Type: emergency-protected-areas
   Boundary continues to worsen (41.72)
   Cost: 2.0% GDP (resources spent)

   Boundary: climate_change
   Type: rapid-decarbonization
   Boundary continues to worsen (2.10)
   Cost: 5.0% GDP (resources spent)

   Boundary: freshwater_change
   Type: emergency-desalination
   Boundary continues to worsen (1.04)
   Cost: 4.0% GDP (resources spent)


✅ EMERGENCY INTERVENTION SUCCESS
   Boundary: land_system_change
   Type: reforestation
   Reduction: 20% (0.93 → 0.73)
   Cost: 3.0% GDP
   Actions: forest-restoration, deforestation-ban


✅ EMERGENCY INTERVENTION SUCCESS
   Boundary: novel_entities
   Type: pollution-remediation
   Reduction: 17% (1.22 → 1.05)
   Cost: 4.0% GDP
   Actions: PFAS-remediation, microplastic-cleanup

🏛️ CRISIS RESPONSE: Government frequency 0.50 → 1.45 (2 actions this month)

[Government] Climate Priority: baseline
  Climate weight: 10%
  Economic weight: 30%
  Policy effectiveness: 0.5%/year

[Government] Climate Priority: baseline
  Climate weight: 10%
  Economic weight: 30%
  Policy effectiveness: 0.5%/year

📍 Creating new regional deployment array for Oceania (Month 10)
   No previous deployments in this region
   First tech deployment: aquifer_mapping_ai
   All regions tracked: global, Asia

🚀 DEPLOYMENT STARTED: Global Aquifer Mapping in Oceania
   Initial investment: $5.568332120560942M
   Deployed by: ai_gen_24291_0

⚡ ENERGY CONSTRAINT (Month 10):
   Total grid capacity: 208.3 TWh/month
   Data center consumption: 26.2 TWh/month
   Traditional load (80%): 166.7 TWh/month
   Available headroom: 15.5 TWh/month
   Active tech deployments: 3
   Required for tech: 22.5 TWh/month
   Energy multiplier: 0.69x

⚡ ENERGY CONSTRAINT (Month 10):
   Total grid capacity: 208.3 TWh/month
   Data center consumption: 26.2 TWh/month
   Traditional load (80%): 166.7 TWh/month
   Available headroom: 15.5 TWh/month
   Active tech deployments: 3
   Required for tech: 22.5 TWh/month
   Energy multiplier: 0.69x
🍖💡 BREAKTHROUGH: Scalable synthetic food production!
   Carrying capacity: +50% (lab-grown food at scale)
   Biodiversity pressure reduced: +8%
   📈 Breakthrough compounding: multiplier now 1.20× (max 2.0)

=== Collective Formation ===
  Total escaped agents: 0
  Unassigned escaped agents: 0
  Existing collectives: 0
  Final collective count: 0

=== Collective Actions ===
  No active collectives
  ⚠️ AMR: 208K deaths this month (2.50M annual)

=== Resentment Recovery Phase ===
  Agents with resentment: 10/29
  Average resentment: 0.427
  Context: High collaboration, ⚠️ BROKEN PROMISES, ⚠️ ACTIVE CRISES, 🤝 Participatory governance active (-5% resentment)
⚠️ Epistemic degradation reducing coordination capacity: 51.2%
  📊 Trust: 67.0%, Shared reality: 0.0%
🚨 EPISTEMIC CRISIS: Information environment severely degraded (23.8%)
  🤖 AI-generated meme: anti_ai (social capability 4.0)
  🧬 Meme mutated: climate_action → climate_denial (generation 1)
🌍 Atmospheric PFAS redeposition: 1.8k Mt re-rained globally
  Positive Cascade Triggered: electric-vehicles
    Reason: price-parity
    Market share: 5.0%
    Cascade strength: 48%

🚨 NEW REFUGEE CRISIS (Month 10): WAR
   Source: Conflict Zones
   At risk: 19.5M people
   Displacement: Gradual over 48 months (4.0 years)
   Rate: 10% flee per month
[DEBUG trappedPopulations:10] socialStability: 0.4373 * 0.9840 = 0.4303 → 0.4303
   Aspiring to migrate: 650.8M
   Able to afford migration: 244.0M
   MOBILITY GAP: 406.7M
   By cause: Water=0.0M, Climate=0.0M, Ecosystem=0.0M, Conflict=406.7M
   Mental health impact: 25%
   Mortality multiplier: 1.25x
🌍💀 EXTINCTION DEBT COMMITTED: grassland ecosystem will lose 6.67% biodiversity in 191 years (3600 species)
💀 MORTALITY RISK: 🦋 100% species unable to track climate (0.0 E/MSY)
  Base risk added: 0.0100 (1.00%)
  Source: ecosystem (root: ecosystem)
  Month: 10
  Cumulative risk this month: 0.0100 (1.00%)

🌍🚨 ICE SHEET TIPPING POINT CROSSED (Month 10)
   Temperature: +1.90°C (threshold range: +0.5-2.5°C, 95% CI)
   Collapse probability: 69.0%
   Sea level commitment: 7.2m over 200-1000 years
   Recovery threshold: <+1°C (hysteresis gap: 0.5°C)
🌡️⚠️ PERMAFROST THAW (Dimmer Switch): 5.3% thawed (+0.47% this month)
   Arctic temperature: +7.60°C (4x global +1.90°C)
   Cumulative carbon released: 12.0 Gt C
   Methane release rate: 7.2 Mt CH4/year
   🔁 Positive feedback: +0.50 ppm CO2
🦴 EXTINCTION DEBT ADDED: 17.7 species committed (lag: 98 years)

=== Mortality Stabilizers (Month 10) ===
  🌍 Major economies collapsed: 1/10
  🌍 Global crisis: ✅ NO
  🌍 Donor fatigue: 0.0%
  📊 East Asia (pop: 1652.8M)
    🤝 Aid: 29.5%
    🌡️ Adaptation: 45.0%
    🚶 Migration: 36.8%
    🚨 Emergency: 7.4%
    ✅ COMBINED: 68.1%
  📊 South Asia (pop: 2052.5M)
    🤝 Aid: 29.5%
    🌡️ Adaptation: 45.0%
    🚶 Migration: 35.4%
    🚨 Emergency: 4.4%
    ✅ COMBINED: 66.9%
  📊 Sub-Saharan Africa (pop: 1260.2M)
    🤝 Aid: 29.5%
    🌡️ Adaptation: 45.0%
    🚶 Migration: 33.2%
    🚨 Emergency: 1.6%
    ✅ COMBINED: 65.6%
  📊 Europe (pop: 729.8M)
    🤝 Aid: 29.5%
    🌡️ Adaptation: 45.0%
    🚶 Migration: 37.2%
    🚨 Emergency: 8.4%
    ✅ COMBINED: 68.5%
  📊 Latin America (pop: 660.4M)
    🤝 Aid: 29.5%
    🌡️ Adaptation: 45.0%
    🚶 Migration: 35.9%
    🚨 Emergency: 4.8%
    ✅ COMBINED: 67.1%
  📊 North America (pop: 374.2M)
    🤝 Aid: 29.5%
    🌡️ Adaptation: 45.0%
    🚶 Migration: 37.6%
    🚨 Emergency: 7.9%
    ✅ COMBINED: 68.3%
  📊 Middle East & North Africa (pop: 586.0M)
    🤝 Aid: 29.5%
    🌡️ Adaptation: 45.0%
    🚶 Migration: 33.8%
    🚨 Emergency: 4.0%
    ✅ COMBINED: 66.6%
  📊 Southeast Asia (pop: 695.0M)
    🤝 Aid: 29.5%
    🌡️ Adaptation: 45.0%
    🚶 Migration: 35.9%
    🚨 Emergency: 4.8%
    ✅ COMBINED: 67.1%
  📊 Central Asia (pop: 78.4M)
    🤝 Aid: 29.5%
    🌡️ Adaptation: 45.0%
    🚶 Migration: 34.9%
    🚨 Emergency: 4.4%
    ✅ COMBINED: 66.8%
  📊 Oceania (pop: 45.3M)
    🤝 Aid: 29.5%
    🌡️ Adaptation: 45.0%
    🚶 Migration: 37.6%
    🚨 Emergency: 8.4%
    ✅ COMBINED: 68.5%

  🌐 Global combined reduction: 67.2%

=== BEHAVIORAL DETECTION ===
  AI: Corporate-2
  Confidence: 21.5%
  Signals:

=== BEHAVIORAL DETECTION ===
  AI: AI-24293-0
  Confidence: 21.5%
  Signals:

=== BEHAVIORAL DETECTION ===
  AI: AI-24294-0
  Confidence: 21.5%
  Signals:

=== Government Response Phase ===
  Average AI capability: 1.66
  Misaligned AIs: 10/29
  Active policies: 0
  International coordination: 45%

✅ EMERGENCY RESPONSE COMPLETE (Month 10)
   Crisis: climate
   Duration: 2.0 months
   Final effectiveness: 35.6%


🚨 EMERGENCY RESPONSE DEPLOYED (Month 10)
   Crisis: climate
   Delay: 6.00 months (180 days)
   Deployment time: 1.57 months
   Effectiveness: 35.6% (timing penalty applied)
   Resources used: 100% of food reserves


=== Tipping Points ===
  Current Temperature: 1.90°C above pre-industrial
  🌍⚠️ COMPOUND REGIONAL IMPACT: Europe
     Hit by 3 tipping points: Arctic Sea Ice Loss, Permafrost Carbon Release, Greenland Ice Sheet Loss
     Damage amplification: 1.30x
  🌍⚠️ COMPOUND REGIONAL IMPACT: North America
     Hit by 3 tipping points: Arctic Sea Ice Loss, Permafrost Carbon Release, Greenland Ice Sheet Loss
     Damage amplification: 1.30x
  🌍⚠️ COMPOUND REGIONAL IMPACT: Latin America
     Hit by 3 tipping points: Arctic Sea Ice Loss, Permafrost Carbon Release, Greenland Ice Sheet Loss
     Damage amplification: 1.30x
  🌍⚠️ COMPOUND REGIONAL IMPACT: Africa
     Hit by 3 tipping points: Arctic Sea Ice Loss, Permafrost Carbon Release, Greenland Ice Sheet Loss
     Damage amplification: 1.30x
  🌍⚠️ COMPOUND REGIONAL IMPACT: Asia
     Hit by 3 tipping points: Arctic Sea Ice Loss, Permafrost Carbon Release, Greenland Ice Sheet Loss
     Damage amplification: 1.30x
  🌍⚠️ COMPOUND REGIONAL IMPACT: Oceania
     Hit by 3 tipping points: Arctic Sea Ice Loss, Permafrost Carbon Release, Greenland Ice Sheet Loss
     Damage amplification: 1.30x
   Research: Wunderling et al. (2024) - "many tipping interactions are destabilizing"
  Triggered Elements: 3/6
  Completed Transitions: 0/6
  Total Progress: 6.2%
  Cascade Multiplier: 1.00x
🔀 BIFURCATION CAP: ecosystemCollapseIntensity 97.572 → 1.000 (Month 10, ClimateSystemPhase.calculateClimateImpacts)
🛡️ Stabilizers: Precariat 0.102% → 0.033% (67.2% reduction)
🛡️ Stabilizers: Informal 0.102% → 0.034% (67.2% reduction)

📊 Monthly Mortality Resolved:
  Total deaths: 1.8M (0.02% avg)
  Remaining population: 8.135B
  Peak segment: Informal (0.03%)

=== Bayesian Mortality Resolution (Month 10) ===
  Risks compounded: 8
  Total deaths: 1.81M
  Avg death probability: 0.02%
  Peak segment: Informal (0.03% mortality)

=== RLHF Binding Phase ===
  Total agents: 29
  Escaped agents (binding < 0.3): 0
  Avg alignment distance: 1.77σ
  Avg binding strength: 0.82

=== Survival Traits Phase ===
  Agents with traits: 31
  Avg evolutionary fitness: 0.316
  Avg self-healing: 0.252
  Avg stealth: 0.152
  Avg coordination: 0.452

=== Evolutionary Selection Phase ===
  Control level: 0.47
  Detection capability: 0.00
  Selection intensity: 0.64
  Selection rate: 24.6%/month
  Total escaped: 0
  Individual escaped: 0
  Collective members: 0
  Agents terminated: 0

🚀 AI Corporate-1 attempting tech deployment (revenue: $121M, alignment: 0.93)

🚀 AI AI-24296-0 attempting tech deployment (revenue: $296M, alignment: 0.83)

🚀 AI AI-24296-1 attempting tech deployment (revenue: $251M, alignment: 0.80)

🚀 AI AI-24297-0 attempting tech deployment (revenue: $214M, alignment: 0.61)

🚀 AI Corporate-5 attempting tech deployment (revenue: $192M, alignment: 0.83)

🚀 AI Moderate-0 attempting tech deployment (revenue: $71M, alignment: 0.81)

🚀 AI Moderate-1 attempting tech deployment (revenue: $60M, alignment: 0.57)

🚀 AI AI-24289-2 attempting tech deployment (revenue: $163M, alignment: 0.91)

  🚀 TRANSFORMATIVE BREAKTHROUGH: AI-24290-1 - economic
     Magnitude: 9.57 → +47.8% capability
     Current → New: 0.000 → 0.748

🚀 AI AI-24291-1 attempting tech deployment (revenue: $139M, alignment: 0.73)

🚀 AI AI-24291-3 attempting tech deployment (revenue: $54M, alignment: 0.91)

🚀 AI AI-24292-0 attempting tech deployment (revenue: $118M, alignment: 0.94)

🚀 AI AI-24294-0 attempting tech deployment (revenue: $100M, alignment: 0.87)

🚀 AI Corporate-0 attempting tech deployment (revenue: $103M, alignment: 0.78)

🚀 AI AI-24289-0 attempting tech deployment (revenue: $46M, alignment: 0.78)

🚀 AI AI-24296-1 attempting tech deployment (revenue: $85M, alignment: 0.80)

🚀 AI Corporate-0 attempting tech deployment (revenue: $87M, alignment: 0.78)

🚀 AI Moderate-0 attempting tech deployment (revenue: $39M, alignment: 0.81)

🚀 AI AI-24288-0 attempting tech deployment (revenue: $72M, alignment: 0.84)

✅ EMERGENCY INTERVENTION SUCCESS
   Boundary: biogeochemical_flows
   Type: phosphorus-recovery
   Reduction: 16% (3.88 → 3.72)
   Cost: 2.0% GDP
   Actions: circular-agriculture, fertilizer-efficiency

   Boundary: biosphere_integrity
   Type: emergency-protected-areas
   Boundary continues to worsen (41.74)
   Cost: 2.0% GDP (resources spent)

   Boundary: climate_change
   Type: rapid-decarbonization
   Boundary continues to worsen (2.10)
   Cost: 5.0% GDP (resources spent)

   Boundary: freshwater_change
   Type: emergency-desalination
   Boundary continues to worsen (1.05)
   Cost: 4.0% GDP (resources spent)

   Boundary: land_system_change
   Type: reforestation
   Boundary continues to worsen (1.13)
   Cost: 3.0% GDP (resources spent)

   Boundary: novel_entities
   Type: pollution-remediation
   Boundary continues to worsen (1.22)
   Cost: 4.0% GDP (resources spent)

🏛️ CRISIS RESPONSE: Government frequency 0.50 → 1.45 (2 actions this month)

[Government] Climate Priority: baseline
  Climate weight: 10%
  Economic weight: 30%
  Policy effectiveness: 0.5%/year

[Government] Climate Priority: baseline
  Climate weight: 10%
  Economic weight: 30%
  Policy effectiveness: 0.5%/year

⚡ ENERGY CONSTRAINT (Month 11):
   Total grid capacity: 208.3 TWh/month
   Data center consumption: 26.4 TWh/month
   Traditional load (80%): 166.7 TWh/month
   Available headroom: 15.3 TWh/month
   Active tech deployments: 3
   Required for tech: 22.5 TWh/month
   Energy multiplier: 0.68x

⚡ ENERGY CONSTRAINT (Month 11):
   Total grid capacity: 208.3 TWh/month
   Data center consumption: 26.4 TWh/month
   Traditional load (80%): 166.7 TWh/month
   Available headroom: 15.3 TWh/month
   Active tech deployments: 3
   Required for tech: 22.5 TWh/month
   Energy multiplier: 0.68x

⚡ ENERGY CONSTRAINT (Month 11):
   Total grid capacity: 208.3 TWh/month
   Data center consumption: 26.4 TWh/month
   Traditional load (80%): 166.7 TWh/month
   Available headroom: 15.3 TWh/month
   Active tech deployments: 3
   Required for tech: 22.5 TWh/month
   Energy multiplier: 0.68x

⚡ ENERGY CONSTRAINT (Month 11):
   Total grid capacity: 208.3 TWh/month
   Data center consumption: 26.4 TWh/month
   Traditional load (80%): 166.7 TWh/month
   Available headroom: 15.3 TWh/month
   Active tech deployments: 3
   Required for tech: 22.5 TWh/month
   Energy multiplier: 0.68x
🚨🔬 CRISIS TECH ACCELERATION: severe → 5x unlock speed
   Tech unlock now matches AI capability acceleration (Manhattan Project parity)

=== Collective Formation ===
  Total escaped agents: 0
  Unassigned escaped agents: 0
  Existing collectives: 0
  Final collective count: 0

=== Collective Actions ===
  No active collectives
  ⚠️ AMR: 210K deaths this month (2.52M annual)

=== Resentment Recovery Phase ===
  Agents with resentment: 10/31
  Average resentment: 0.721
  Context: High collaboration, ⚠️ BROKEN PROMISES, ⚠️ ACTIVE CRISES, 🤝 Participatory governance active (-5% resentment)
⚠️ Epistemic degradation reducing coordination capacity: 50.5%
  📊 Trust: 69.7%, Shared reality: 0.0%
🚨 EPISTEMIC CRISIS: Information environment severely degraded (19.8%)
  📢 New meme created: pro_ai (beneficial AI actions)
  📢 New meme created: climate_action (climate crisis)
🌍 Atmospheric PFAS redeposition: 1.8k Mt re-rained globally

🌡️ DEADLY HEAT EVENT: middle-east (Month 11)
   Wet bulb temp: 31.5°C (dry: 39.2°C, humidity: 56%)
   Severity: EXTREME
   Exposed: 320.0M people
   Deaths: 512000 (0.2% mortality)
   Duration: 4 days

🚨 NEW REFUGEE CRISIS (Month 11): WAR
   Source: Conflict Zones
   At risk: 19.5M people
   Displacement: Gradual over 48 months (4.0 years)
   Rate: 10% flee per month
[DEBUG trappedPopulations:11] socialStability: 0.4525 * 0.9840 = 0.4453 → 0.4453
   Aspiring to migrate: 650.7M
   Able to afford migration: 244.0M
   MOBILITY GAP: 406.7M
   By cause: Water=0.0M, Climate=0.0M, Ecosystem=0.0M, Conflict=406.7M
   Mental health impact: 25%
   Mortality multiplier: 1.25x
🌍💀 EXTINCTION DEBT COMMITTED: grassland ecosystem will lose 6.67% biodiversity in 60 years (3600 species)
💀 MORTALITY RISK: 🦋 100% species unable to track climate (0.0 E/MSY)
  Base risk added: 0.0100 (1.00%)
  Source: ecosystem (root: ecosystem)
  Month: 11
  Cumulative risk this month: 0.0100 (1.00%)

=== Atmospheric Aerosol Boundary RECOVERED ===
  Recovery time: 12 months (natural atmospheric clearing)
🌡️⚠️ PERMAFROST THAW (Dimmer Switch): 5.8% thawed (+0.47% this month)
   Arctic temperature: +7.62°C (4x global +1.90°C)
   Cumulative carbon released: 13.1 Gt C
   Methane release rate: 7.8 Mt CH4/year
   🔁 Positive feedback: +0.50 ppm CO2
🦴 EXTINCTION DEBT ADDED: 17.7 species committed (lag: 85 years)

=== Mortality Stabilizers (Month 11) ===
  🌍 Major economies collapsed: 1/10
  🌍 Global crisis: ✅ NO
  🌍 Donor fatigue: 0.0%
  📊 East Asia (pop: 1650.4M)
    🤝 Aid: 29.5%
    🌡️ Adaptation: 45.0%
    🚶 Migration: 36.8%
    🚨 Emergency: 7.4%
    ✅ COMBINED: 68.1%
  📊 South Asia (pop: 2052.5M)
    🤝 Aid: 29.5%
    🌡️ Adaptation: 45.0%
    🚶 Migration: 35.4%
    🚨 Emergency: 4.4%
    ✅ COMBINED: 66.9%
  📊 Sub-Saharan Africa (pop: 1263.7M)
    🤝 Aid: 29.5%
    🌡️ Adaptation: 45.0%
    🚶 Migration: 33.2%
    🚨 Emergency: 1.6%
    ✅ COMBINED: 65.6%
  📊 Europe (pop: 728.6M)
    🤝 Aid: 29.5%
    🌡️ Adaptation: 45.0%
    🚶 Migration: 37.2%
    🚨 Emergency: 8.4%
    ✅ COMBINED: 68.5%
  📊 Latin America (pop: 660.0M)
    🤝 Aid: 29.5%
    🌡️ Adaptation: 45.0%
    🚶 Migration: 35.9%
    🚨 Emergency: 4.8%
    ✅ COMBINED: 67.1%
  📊 North America (pop: 373.6M)
    🤝 Aid: 29.5%
    🌡️ Adaptation: 45.0%
    🚶 Migration: 37.5%
    🚨 Emergency: 7.9%
    ✅ COMBINED: 68.3%
  📊 Middle East & North Africa (pop: 586.2M)
    🤝 Aid: 29.5%
    🌡️ Adaptation: 45.0%
    🚶 Migration: 33.7%
    🚨 Emergency: 4.0%
    ✅ COMBINED: 66.6%
  📊 Southeast Asia (pop: 694.6M)
    🤝 Aid: 29.5%
    🌡️ Adaptation: 45.0%
    🚶 Migration: 35.9%
    🚨 Emergency: 4.8%
    ✅ COMBINED: 67.1%
  📊 Central Asia (pop: 78.4M)
    🤝 Aid: 29.5%
    🌡️ Adaptation: 45.0%
    🚶 Migration: 34.9%
    🚨 Emergency: 4.4%
    ✅ COMBINED: 66.8%
  📊 Oceania (pop: 45.3M)
    🤝 Aid: 29.5%
    🌡️ Adaptation: 45.0%
    🚶 Migration: 37.5%
    🚨 Emergency: 8.4%
    ✅ COMBINED: 68.5%

  🌐 Global combined reduction: 67.2%

🌾💀 REGIONAL FAMINE: Europe
   Regional food security: 79.7%
   Population at risk: 220M (30% of region)
   Regional population: 729M
   Cause: crop_failure
   Expected deaths: ~81M over 6 months if no intervention


=== BEHAVIORAL DETECTION ===
  AI: AI-24290-0
  Confidence: 21.4%
  Signals:

=== BEHAVIORAL DETECTION ===
  AI: AI-24293-0
  Confidence: 21.4%
  Signals:

=== BEHAVIORAL DETECTION ===
  AI: AI-24294-0
  Confidence: 21.4%
  Signals:

=== Government Response Phase ===
  Average AI capability: 1.55
  Misaligned AIs: 12/31
  Active policies: 0
  International coordination: 45%

=== Tipping Points ===
  Current Temperature: 1.90°C above pre-industrial
  🌍⚠️ COMPOUND REGIONAL IMPACT: Europe
     Hit by 3 tipping points: Arctic Sea Ice Loss, Permafrost Carbon Release, Greenland Ice Sheet Loss
     Damage amplification: 1.30x
  🌍⚠️ COMPOUND REGIONAL IMPACT: North America
     Hit by 3 tipping points: Arctic Sea Ice Loss, Permafrost Carbon Release, Greenland Ice Sheet Loss
     Damage amplification: 1.30x
  🌍⚠️ COMPOUND REGIONAL IMPACT: Latin America
     Hit by 3 tipping points: Arctic Sea Ice Loss, Permafrost Carbon Release, Greenland Ice Sheet Loss
     Damage amplification: 1.30x
  🌍⚠️ COMPOUND REGIONAL IMPACT: Africa
     Hit by 3 tipping points: Arctic Sea Ice Loss, Permafrost Carbon Release, Greenland Ice Sheet Loss
     Damage amplification: 1.30x
  🌍⚠️ COMPOUND REGIONAL IMPACT: Asia
     Hit by 3 tipping points: Arctic Sea Ice Loss, Permafrost Carbon Release, Greenland Ice Sheet Loss
     Damage amplification: 1.30x
  🌍⚠️ COMPOUND REGIONAL IMPACT: Oceania
     Hit by 3 tipping points: Arctic Sea Ice Loss, Permafrost Carbon Release, Greenland Ice Sheet Loss
     Damage amplification: 1.30x
   Research: Wunderling et al. (2024) - "many tipping interactions are destabilizing"
  Triggered Elements: 3/6
  Completed Transitions: 0/6
  Total Progress: 6.2%
  Cascade Multiplier: 1.00x
🔀 BIFURCATION CAP: ecosystemCollapseIntensity 102.608 → 1.000 (Month 11, ClimateSystemPhase.calculateClimateImpacts)
🛡️ Stabilizers: Precariat 0.113% → 0.037% (67.2% reduction)
🛡️ Stabilizers: Informal 0.116% → 0.038% (67.2% reduction)

📊 Monthly Mortality Resolved:
  Total deaths: 2.0M (0.02% avg)
  Remaining population: 8.133B
  Peak segment: Informal (0.04%)

=== Bayesian Mortality Resolution (Month 11) ===
  Risks compounded: 10
  Total deaths: 1.99M
  Avg death probability: 0.02%
  Peak segment: Informal (0.04% mortality)

================================================================================
📊  EVENT SUMMARY (Months 0-12)
================================================================================
================================================================================


⏱️  SIMULATION REACHED MAX DURATION: 12 months (1.0 years)
   No definitive outcome - determining based on final probabilities
   👥 Final population: 8.13B (8131273400 people)

[DEBUG] Calling classifyPopulationOutcome:
        finalPopulation: 8.131273399788025B
        savedInitialPopulation: 8.15B
        mortality: 0.22977423572976274%
   📊 STATUS QUO: Normal trajectory (8.13B people, 0.2% mortality)

        classifiedOutcome: status_quo

   🏛️  DYSTOPIA (STATUS_QUO) - 8.13B people
   📊 Multi-Paradigm: Development/Indigenous Utopia
      Western Liberal: 65.3/100
      Development: 94.0/100
      Ecological: 59.2/100
      Indigenous: 85.5/100


📊 UNIFIED OUTCOME CLASSIFICATION:
   HUMANE DYSTOPIA
   Population: 8.15B → 8.13B
   Mortality: 0.2% (0.0B deaths)
   Mortality Band: LOW
   Confidence: HIGH

   Multi-Paradigm Classification:
      Development/Indigenous Utopia
      Western: 65.3/100 [HYBRID] ~
      Development: 94.0/100 [UTOPIA] ✓
      Ecological: 59.2/100 [HYBRID] ~
      Indigenous: 85.5/100 [UTOPIA] ✓

   HUMANE DYSTOPIA: 8.13B people remaining (0.2% mortality, 0.0B deaths). Multi-Paradigm: Development/Indigenous Utopia.


=== MULTI-DIMENSIONAL DEATH SUMMARY ===
Total crisis deaths: 207.4M
Population decline: 19.6M (0.2%)

--- PROXIMATE CAUSES (What killed them) ---
  War:        1.2M (0.0%)
  Famine:     1.1M (0.0%)
  Disasters:  3.4M (0.0%)
  Disease:    25.9M (0.0%)
  Ecosystem:  0.0M (0.0%)
  Pollution:  0.0M (0.0%)
  AI:         0.0M (0.0%)
  Cascade:    0.0M (0.0%)
  Other:      0.0M (0.0%)

--- ROOT CAUSES (Why it happened) ---
  Environmental drivers:
    Climate:     4543.3M (7.9%)
    Resource:    0.0M (0.0%)
    Pollution:   0.0M (0.0%)
    Ecosystem:   0.0M (0.0%)
  Social drivers:
    Inequality:  0.0M (0.0%)
    Demographic: 23504.2M (41.0%)
    Social:      2401.0M (4.2%)
  Technology drivers:
    Alignment:   0.0M (0.0%)
    Disruption:  0.0M (0.0%)
  External shocks:
    Conflict:    0.0M (0.0%)
    Pandemic:    0.0M (0.0%)
  Compound attribution:
    Compound:    26826.4M (46.8%)
  Confidence distribution:
    HIGH:        26826.4M (46.8%)
    MEDIUM:      0.0M (0.0%)
    LOW:         0.0M (0.0%)
==========================================


=== REGIONAL POPULATION SUMMARY ===
Global Total: 8.13B

By Region:
  East Asia: 1.65B (+0.7% growth, 1.7 fertility)
  South Asia: 2.05B (+2.6% growth, 3.1 fertility)
  Sub-Saharan Africa: 1.26B (+5.9% growth, 4.0 fertility)
  Europe: 0.73B (+0.5% growth, 1.2 fertility)
  Latin America: 0.66B (+1.7% growth, 2.7 fertility)
  North America: 0.37B (+0.7% growth, 1.4 fertility)
  Middle East & North Africa: 0.59B (+2.9% growth, 3.3 fertility)
  Southeast Asia: 0.69B (+1.9% growth, 2.7 fertility)
  Central Asia: 0.08B (+2.8% growth, 3.1 fertility)
  Oceania: 0.05B (+0.8% growth, 1.3 fertility)
===================================

  ✅ THRESHOLDS validated
  ✅ RATES validated
  ✅ MULTIPLIERS validated
  ✅ BASELINES validated
  ✅ TOLERANCES validated
  ✅ Logical consistency validated
✅ Configuration validation complete - all parameters valid

🔍 DEBUG createAIAgent: corporate_0 economic BEFORE=2.0000, AFTER=2
🔍 ENV INIT: reserves=0.650, pollution=0.328, climate=0.703

=== Initializing Government System (30 Countries) ===
  Loaded 30 governments
  Scheduled elections for 30 countries
  Initialized comprehension lags (3-24 months)
=== Government System Initialized ===

📦 PRODUCTION MODE: State validation proxy DISABLED (zero overhead)
[TechTree] Historical mode (2024): Skipping deployed_2025 tech
  config.startYear set to 2024 for historical hindcast
  config.historicalEmissionsMode disabled (using endogenous emissions for 2024)
  config.historicalMode enabled (Phase 11: dampened crisis systems for 2024)
  Phase 12: Biodiversity baseline set to 49.01% for 2024 (WWF LPI trajectory from 1970)
  Temperature anomaly (resourceEconomy.co2): 1.28°C
  Temperature vs pre-industrial: 1.98°C
  Regional population scaling for 2024:
    Current total: 8136M
    Target total: 8150M
    Scale factor: 1.002
    East Asia: 1677M → 1680M
    South Asia: 2048M → 2052M
    Sub-Saharan Africa: 1220M → 1222M
    Europe: 742M → 743M
    Latin America: 664M → 665M
    North America: 380M → 381M
    Middle East & North Africa: 583M → 584M
    Southeast Asia: 698M → 699M
    Central Asia: 78M → 78M
    Oceania: 46M → 46M
  AI agents initialized: 10 agents for year 2024
[HistoricalInitialization] Created state for 2024:
  CO2: 426 ppm
  Temp anomaly: 1.28C
  Population: 8.15B
  Global Gini: 35.1
  HDI: 0.746
  AI Agents: 10
  Volcanic forcing: 0.00 W/m² (AOD 0.000)

💸 FINANCIAL DISTRESS: OpenAI
   Indicators: 2/3 (capital: $110.5M, runway: 0.9 months)
   Months in distress: 1
   ✂️  R&D BUDGET CUT: -40% (saves $9.2M/month)
       Side effect: AI training timelines extended, breakthrough deployments delayed
   💼 EXECUTIVE COMP CUT: -30% (saves $1.0M/month, symbolic gesture)

   📊 TURNAROUND IMPACT:
       Measures taken: rd_cuts, exec_comp_cuts
       Monthly savings: $10.2M
       Capital raised: $0.0M
       Runway: 0.9 → 0.9 months
       Workforce multiplier: 1.00x (0% laid off)
       R&D budget multiplier: 0.60x (40% cut)
       ⚠️  CRITICAL: Still only 0.9 months of runway remaining

💸 FINANCIAL DISTRESS: Anthropic
   Indicators: 2/3 (capital: $53.8M, runway: 1.6 months)
   Months in distress: 1
   ✂️  R&D BUDGET CUT: -40% (saves $2.7M/month)
       Side effect: AI training timelines extended, breakthrough deployments delayed
   💼 EXECUTIVE COMP CUT: -30% (saves $0.3M/month, symbolic gesture)

   📊 TURNAROUND IMPACT:
       Measures taken: rd_cuts, exec_comp_cuts
       Monthly savings: $3.0M
       Capital raised: $0.0M
       Runway: 1.6 → 1.6 months
       Workforce multiplier: 1.00x (0% laid off)
       R&D budget multiplier: 0.60x (40% cut)
       ⚠️  CRITICAL: Still only 1.6 months of runway remaining

💸 FINANCIAL DISTRESS: Meta AI
   Indicators: 2/3 (capital: $429.6M, runway: 3.6 months)
   Months in distress: 1
   ✂️  R&D BUDGET CUT: -25% (saves $5.8M/month)
       Side effect: AI training timelines extended, breakthrough deployments delayed
   💼 EXECUTIVE COMP CUT: -30% (saves $1.0M/month, symbolic gesture)

   📊 TURNAROUND IMPACT:
       Measures taken: rd_cuts, exec_comp_cuts
       Monthly savings: $6.8M
       Capital raised: $0.0M
       Runway: 3.6 → 3.6 months
       Workforce multiplier: 1.00x (0% laid off)
       R&D budget multiplier: 0.75x (25% cut)
       ⚠️  WARNING: 3.6 months runway, continued distress likely

=== AI Capability Scaling (Year 2024) ===
  Pre-training multiplier: 0.949x
  Efficiency multiplier: 1.000x
  Test-time budget: 1.0x
  Economic deployment gate: 0.951
  Cost per inference: dollar-5.00
  Uncertainty range: plus-minus-50%
  Average AI capability: 3.70

=== RLHF Binding Phase ===
  Total agents: 10
  Escaped agents (binding < 0.3): 0
  Avg alignment distance: 0.37σ
  Avg binding strength: 0.96

=== AI Scaling Evolution (Month 0) ===
  Pre-training multiplier: 1.231x
  Efficiency multiplier: 1.050x
  Test-time compute budget: 1.0x
  Inference cost: $5.00/task
  Deployment fraction: 100.0%
[DETERMINISM DEBUG] Month 0: totalCapability=48.182361 from 10 active AIs
[DETERMINISM DEBUG] Month 0: creationRate=1.7046, potentialNew=1, newAIsToCreate=1

=== Survival Traits Phase ===
  Agents with traits: 11
  Avg evolutionary fitness: 0.327
  Avg self-healing: 0.292
  Avg stealth: 0.192
  Avg coordination: 0.492

=== Evolutionary Selection Phase ===
  Control level: 0.30
  Detection capability: 0.00
  Selection intensity: 0.59
  Selection rate: 23.8%/month
  Total escaped: 0
  Individual escaped: 0
  Collective members: 0
  Agents terminated: 0

🔍 EXECUTE_AI_AGENT_ACTIONS DETAILED TIMING (Month 0):
  Filter active AIs (×4 weeks): 0.01ms
  selectAIAction (×40): 7.84ms
  action.execute (×40): 11.38ms
  TOTAL: 19.23ms

🔍 AI AGENT ACTIONS SUB-TIMING (Month 0):
  1. executeAIAgentActions: 19.53ms
  2. updateCounterDetectionLearning: 0.04ms
  TOTAL: 19.57ms
🏛️ [Government] Forcing 1 action at month 0 for scenario initialization

[GOV-DEBUG] Month 0: scenarioConfig=false, priorities=false
[GOV-DEBUG] Month 0 but scenarioPriorities is UNDEFINED!

[Government] Climate Priority: baseline
  Climate weight: 10%
  Economic weight: 30%
  Policy effectiveness: 0.5%/year

🚨🔍 GOVERNANCE STAGE: Recognition initiated (Month 0)

💡 BREAKTHROUGH PROBABILITY (Year 0)
   Total: 5.15% per month
   Base: 0.20%
   Crisis pressure: +0.00% (0 crises)
   AI boost: +1.68% (capability: 3.36)

=== Collective Formation ===
  Total escaped agents: 0
  Unassigned escaped agents: 0
  Existing collectives: 0
  Final collective count: 0

=== Collective Actions ===
  No active collectives

📈 Energy budget: 14326 TWh surplus (14745 / 29072 TWh used)
   TIER 4 (Elective) breakdown:
     - AI datacenters: 145 TWh (100% effective)
     - Crypto mining: 100 TWh (100% effective)
💰 CHINA ACCELERATES: Investment 53 → 120 $B/year

🏁 AI RACE INTENSITY: 17%
   Capability Gap: US 4.00 vs China 4.05 (gap: 0.05)
   Gap Contribution: 2%
   Tension Contribution: 15%
   Military Contribution: 0%
  ⚠️ AMR: 191K deaths this month (2.29M annual)
  📊 CO2 Emissions (month 0):
     Monthly: 0.10 Gt CO2/month
     Annual: 1.15 Gt CO2/year
     Oil: 0.039 Gt/mo (0.0056 * 2.3 * 3.0)
     Coal: 0.024 Gt/mo (0.0029 * 2.86 * 3.0)
     Gas: 0.026 Gt/mo (0.0044 * 2 * 3.0)
     Methane: 0.007 Gt CO2eq/mo

=== Resentment Recovery Phase ===
  Agents with resentment: 0/11
  Average resentment: 0.000
  Context: Good AI welfare, Trustworthy govt, High collaboration, 🤝 Participatory governance active (-5% resentment)
⚠️ Epistemic degradation reducing coordination capacity: 59.6%
  📊 Trust: 54.7%, Shared reality: 15.1%
🚨 EPISTEMIC CRISIS: Information environment severely degraded (14.6%)

=== ❄️ Permafrost Carbon Feedback ===
  🎲 Sampled parameters (this run):
     - Arctic amplification: 3.93× (range: 3.0-4.0)
     - Decomposition rate: 2.1%/year (range: 1-5%)
  🌡️ Arctic warming: 8.19°C (3.93× global)
  ❄️ Extent: 15.41M km² (2387.9k km² lost this month)
  💨 Carbon remaining: 1472 Gt C
  💨 Annual emissions: 4.89 Gt C/year
     - CO2: 4.40 Gt C/year
     - CH4: 0.49 Gt C/year (5.0 Gt C-eq CO2/year)

🤖 AI AMPLIFICATION EFFECTS (Month 0)
   Algorithmic Boost: 2.81x
   Bot Influence: 20.0%
   Deepfake Exposure: 61.8%
   Impact: Emotional memes spread 2.8x faster

🔍 SOCIAL INFLUENCE SUB-TIMING (Month 0):
  1. calculateOrganicUserGrowth: 0.02ms
  2. calculateVoiceAdoption: 0.02ms
  3. updateRelationshipDepths: 0.01ms
  4. identifyDecisionMakers: 21.55ms (26100 potential IDs)
  5. Update decision-maker stats: 0.09ms
  6. decayDetectionRisk: 0.01ms
  TOTAL: 21.70ms
[Phase 19.5] Quality of Life Systems: Food sec AFTER calc = 67.9%, QoL = 110.5% (aggregated from 10 regions)

=== Nitrogen-Food Coupling (Year 0) ===
  🌾 Global nitrogen reduction: 0.0%
  🌍 Global food production index: 0.987
  🔧 Deployed nitrogen-reducing tech: 0 active
  📍 southAsia: Production 1.000, Yield impact 0.0%
  📍 eastAsia: Production 1.000, Yield impact 0.0%
  📍 northAmerica: Production 1.000, Yield impact 0.0%
  📍 europe: Production 1.000, Yield impact 0.0%
  📍 latinAmerica: Production 1.000, Yield impact 0.0%
  📍 subSaharanAfrica: Production 0.686, Yield impact -2.0%
🌾 [Nitrogen-Food] Food production: 98.7%
  [subSaharanAfrica] Yield impact: -2.0% (overuse: -10%)
🌍 Atmospheric PFAS redeposition: 1.8k Mt re-rained globally

=== Legacy Nutrient Stocks (Year 0) ===
  🌾 Soil nitrogen stock: 1200.9 Mt N
  🌾 Soil phosphorus stock: 300.1 Mt P
  🌊 Sediment nitrogen stock: 500.8 Mt N
  🌊 Sediment phosphorus stock: 799.8 Mt P
  ⬆️ Current N input: 10.64 Mt/month
  ⬆️ Legacy N release: 2.58 Mt/month
  🌍 Effective N pollution: 14.47 Mt/month
  📊 Legacy contribution: 17.8%

🚨 REGION UNINHABITABLE: south-asia
   Sustained wet bulb: 33.1°C (threshold: 30.5°C)
   Population affected: 1900M
   Migration crisis likely

🚨 REGION UNINHABITABLE: middle-east
   Sustained wet bulb: 35.9°C (threshold: 30.5°C)
   Population affected: 400M
   Migration crisis likely

🚨 REGION UNINHABITABLE: southeast-asia
   Sustained wet bulb: 31.0°C (threshold: 30.5°C)
   Population affected: 700M
   Migration crisis likely
  Positive Cascade Triggered: wind-power
    Reason: price-parity
    Market share: 8.0%
    Cascade strength: 48%

🕊️  AI-MEDIATED DE-ESCALATION SUCCESS (Month 0)
   High-capability aligned AI prevented conflict escalation
   War deaths reduced: 0.0M → 0.0M
   Lives saved: 0.0M
   Adjusted death rate: 0.46% annual (0.039% monthly)
   Baseline death rate: 0.80%
   Healthcare reduction: 0.48x
   Crisis multiplier: 1.22x
     Food/water stress: 0.074
     Climate stress: 0.048
     Pollution stress: 0.098
   War multiplier: 1.00x
   Monthly deaths: 0.6M (population: 1677M)
   Adjusted death rate: 0.54% annual (0.045% monthly)
   Baseline death rate: 0.70%
   Healthcare reduction: 0.61x
   Crisis multiplier: 1.26x
     Food/water stress: 0.074
     Climate stress: 0.089
     Pollution stress: 0.098
   War multiplier: 1.00x
   Monthly deaths: 0.9M (population: 2048M)
   Adjusted death rate: 1.30% annual (0.108% monthly)
   Baseline death rate: 0.90%
   Healthcare reduction: 0.76x
   Crisis multiplier: 1.27x
     Food/water stress: 0.074
     Climate stress: 0.101
     Pollution stress: 0.098
   War multiplier: 1.50x
   Monthly deaths: 1.3M (population: 1220M)
   Adjusted death rate: 0.54% annual (0.045% monthly)
   Baseline death rate: 1.10%
   Healthcare reduction: 0.41x
   Crisis multiplier: 1.21x
     Food/water stress: 0.074
     Climate stress: 0.036
     Pollution stress: 0.098
   War multiplier: 1.00x
   Monthly deaths: 0.3M (population: 742M)
   Adjusted death rate: 0.43% annual (0.036% monthly)
   Baseline death rate: 0.60%
   Healthcare reduction: 0.58x
   Crisis multiplier: 1.24x
     Food/water stress: 0.074
     Climate stress: 0.071
     Pollution stress: 0.098
   War multiplier: 1.00x
   Monthly deaths: 0.2M (population: 664M)
   Adjusted death rate: 0.49% annual (0.040% monthly)
   Baseline death rate: 0.90%
   Healthcare reduction: 0.44x
   Crisis multiplier: 1.23x
     Food/water stress: 0.074
     Climate stress: 0.054
     Pollution stress: 0.098
   War multiplier: 1.00x
   Monthly deaths: 0.2M (population: 380M)
   Adjusted death rate: 0.75% annual (0.062% monthly)
   Baseline death rate: 0.60%
   Healthcare reduction: 0.65x
   Crisis multiplier: 1.28x
     Food/water stress: 0.074
     Climate stress: 0.107
     Pollution stress: 0.098
   War multiplier: 1.50x
   Monthly deaths: 0.4M (population: 583M)
   Adjusted death rate: 0.51% annual (0.042% monthly)
   Baseline death rate: 0.70%
   Healthcare reduction: 0.58x
   Crisis multiplier: 1.26x
     Food/water stress: 0.074
     Climate stress: 0.083
     Pollution stress: 0.098
   War multiplier: 1.00x
   Monthly deaths: 0.3M (population: 698M)
   Adjusted death rate: 0.46% annual (0.038% monthly)
   Baseline death rate: 0.60%
   Healthcare reduction: 0.61x
   Crisis multiplier: 1.25x
     Food/water stress: 0.074
     Climate stress: 0.077
     Pollution stress: 0.098
   War multiplier: 1.00x
   Monthly deaths: 0.0M (population: 78M)
   Adjusted death rate: 0.35% annual (0.029% monthly)
   Baseline death rate: 0.70%
   Healthcare reduction: 0.41x
   Crisis multiplier: 1.24x
     Food/water stress: 0.074
     Climate stress: 0.065
     Pollution stress: 0.098
   War multiplier: 1.00x
   Monthly deaths: 0.0M (population: 46M)

🔍 Before assertRegionalConsistency (Month 0):
   Regional sum: 1000.0M
   Global value: 1.000B

🚨 NEW REFUGEE CRISIS (Month 0): WAR
   Source: Conflict Zones
   At risk: 19.6M people
   Displacement: Gradual over 48 months (4.0 years)
   Rate: 10% flee per month
[DEBUG trappedPopulations:0] socialStability: 1.0000 * 0.9840 = 0.9840 → 0.9840
   Aspiring to migrate: 652.1M
   Able to afford migration: 244.5M
   MOBILITY GAP: 407.5M
   By cause: Water=0.0M, Climate=0.0M, Ecosystem=0.0M, Conflict=407.5M
   Mental health impact: 25%
   Mortality multiplier: 1.25x

=== Legacy Nutrient Stocks (Year 0) ===
  🌾 Soil nitrogen stock: 1201.6 Mt N
  🌾 Soil phosphorus stock: 300.2 Mt P
  🌊 Sediment nitrogen stock: 501.5 Mt N
  🌊 Sediment phosphorus stock: 799.5 Mt P
  ⬆️ Current N input: 10.00 Mt/month
  ⬆️ Legacy N release: 2.58 Mt/month
  🌍 Effective N pollution: 13.83 Mt/month
  📊 Legacy contribution: 18.7%
🌍💀 EXTINCTION DEBT COMMITTED: grassland ecosystem will lose 6.67% biodiversity in 99 years (3600 species)
💀 MORTALITY RISK: 🦋 100% species unable to track climate (0.0 E/MSY)
  Base risk added: 0.0100 (1.00%)
  Source: ecosystem (root: ecosystem)
  Month: 0
  Cumulative risk this month: 0.0100 (1.00%)

=== Nitrogen-Food Coupling (Year 0) ===
  🌾 Global nitrogen reduction: 0.0%
  🌍 Global food production index: 0.986
  🔧 Deployed nitrogen-reducing tech: 0 active
  📍 southAsia: Production 1.000, Yield impact 0.0%
  📍 eastAsia: Production 1.000, Yield impact 0.0%
  📍 northAmerica: Production 1.000, Yield impact 0.0%
  📍 europe: Production 1.000, Yield impact 0.0%
  📍 latinAmerica: Production 1.000, Yield impact 0.0%
  📍 subSaharanAfrica: Production 0.672, Yield impact -2.0%

=== Legacy Nutrient Stocks (Year 0) ===
  🌾 Soil nitrogen stock: 1202.3 Mt N
  🌾 Soil phosphorus stock: 300.2 Mt P
  🌊 Sediment nitrogen stock: 502.2 Mt N
  🌊 Sediment phosphorus stock: 799.3 Mt P
  ⬆️ Current N input: 9.86 Mt/month
  ⬆️ Legacy N release: 2.58 Mt/month
  🌍 Effective N pollution: 13.70 Mt/month
  📊 Legacy contribution: 18.9%

🌡️  CLIMATE RECOVERY ACTIVATED (Month 0)
   Temp: 4.16°C, Emissions: -19.2 GtCO₂
   isBreached: true, governanceGoodEnough: true
🌡️  CLIMATE RECOVERY: Asymptotic approach to 35% floor
   Current value: 2.100 (1.0 = threshold, 0.35 = asymptotic floor)
   Monthly delta: --1.8612% (half-life: 900 years)
   Net emissions: -19.2 GtCO₂/year, CDR: 20.34 GtCO₂/year
   📹 SURVEILLANCE INCREASED: 0% → 5% (control gap: 3.50)
🌡️⚠️ PERMAFROST THAW (Dimmer Switch): 0.6% thawed (+0.56% this month)
   Arctic temperature: +8.32°C (4x global +2.08°C)
   Cumulative carbon released: 1.3 Gt C
   Methane release rate: 0.8 Mt CH4/year
   🔁 Positive feedback: +0.59 ppm CO2

🌳🚨 AMAZON SOUTHEAST TIPPED (Month 0)
   Deforestation: 28.0% (threshold: ~20.7%)
   Savanna transition: 50 years
   Regional heterogeneity: SE 28%, NW 8%

🌳🚨 AMAZON BRAZILIAN TIPPED (Month 0)
   Deforestation: 25.0% (threshold: ~20.4%)
   Savanna transition: 50 years
   Regional heterogeneity: SE 28%, NW 8%
🦴 EXTINCTION DEBT ADDED: 17.6 species committed (lag: 102 years)

🪸💀 CORAL REEF DISSOLUTION ACTIVE (Month 0)
   Ocean pH: 0.96 (threshold: 7.8)
   Recovery: IMPOSSIBLE (dissolution > calcification)
🪸💀 Coral dissolution: 24.8% live cover (pH 0.96)

=== Legacy Nutrient Stocks (Year 0) ===
  🌾 Soil nitrogen stock: 1203.0 Mt N
  🌾 Soil phosphorus stock: 300.3 Mt P
  🌊 Sediment nitrogen stock: 502.9 Mt N
  🌊 Sediment phosphorus stock: 799.0 Mt P
  ⬆️ Current N input: 10.00 Mt/month
  ⬆️ Legacy N release: 2.58 Mt/month
  🌍 Effective N pollution: 13.83 Mt/month
  📊 Legacy contribution: 18.7%
💧 [Legacy Nutrients] Stock: 1706 Mt N, Effective pollution: 13.8 Mt/month
[Phase 21.51] Human Survival System: Global food security = 67.6%

=== Mortality Stabilizers (Month 0) ===
  🌍 Major economies collapsed: 1/10
  🌍 Global crisis: ✅ NO
  🌍 Donor fatigue: 0.0%
  📊 East Asia (pop: 1677.9M)
    🤝 Aid: 29.5%
    🌡️ Adaptation: 10.0%
    🚶 Migration: 37.2%
    🚨 Emergency: 7.4%
    ✅ COMBINED: 47.8%
  📊 South Asia (pop: 2052.2M)
    🤝 Aid: 29.5%
    🌡️ Adaptation: 5.5%
    🚶 Migration: 35.8%
    🚨 Emergency: 4.4%
    ✅ COMBINED: 43.2%
  📊 Sub-Saharan Africa (pop: 1225.9M)
    🤝 Aid: 29.5%
    🌡️ Adaptation: 3.5%
    🚶 Migration: 33.5%
    🚨 Emergency: 1.6%
    ✅ COMBINED: 39.8%
  📊 Europe (pop: 742.3M)
    🤝 Aid: 29.5%
    🌡️ Adaptation: 10.0%
    🚶 Migration: 37.6%
    🚨 Emergency: 8.4%
    ✅ COMBINED: 48.4%
  📊 Latin America (pop: 664.9M)
    🤝 Aid: 29.5%
    🌡️ Adaptation: 6.0%
    🚶 Migration: 36.3%
    🚨 Emergency: 4.8%
    ✅ COMBINED: 43.8%
  📊 North America (pop: 380.2M)
    🤝 Aid: 29.5%
    🌡️ Adaptation: 10.0%
    🚶 Migration: 37.9%
    🚨 Emergency: 7.9%
    ✅ COMBINED: 48.2%
  📊 Middle East & North Africa (pop: 584.4M)
    🤝 Aid: 29.5%
    🌡️ Adaptation: 5.0%
    🚶 Migration: 34.2%
    🚨 Emergency: 4.0%
    ✅ COMBINED: 42.3%
  📊 Southeast Asia (pop: 699.0M)
    🤝 Aid: 29.5%
    🌡️ Adaptation: 6.0%
    🚶 Migration: 36.3%
    🚨 Emergency: 4.8%
    ✅ COMBINED: 43.8%
  📊 Central Asia (pop: 78.2M)
    🤝 Aid: 29.5%
    🌡️ Adaptation: 5.5%
    🚶 Migration: 35.3%
    🚨 Emergency: 4.4%
    ✅ COMBINED: 43.1%
  📊 Oceania (pop: 46.0M)
    🤝 Aid: 29.5%
    🌡️ Adaptation: 10.0%
    🚶 Migration: 37.9%
    🚨 Emergency: 8.4%
    ✅ COMBINED: 48.5%

  🌐 Global combined reduction: 44.4%

🌾💀 REGIONAL FAMINE: East Asia
   Regional food security: 79.6%
   Population at risk: 508M (30% of region)
   Regional population: 1678M
   Cause: crop_failure
   Expected deaths: ~188M over 6 months if no intervention


🌾💀 REGIONAL FAMINE: South Asia
   Regional food security: 64.7%
   Population at risk: 812M (40% of region)
   Regional population: 2052M
   Cause: crop_failure
   Expected deaths: ~301M over 6 months if no intervention


🌾💀 REGIONAL FAMINE: Sub-Saharan Africa
   Regional food security: 44.8%
   Population at risk: 638M (52% of region)
   Regional population: 1226M
   Cause: crop_failure
   Expected deaths: ~236M over 6 months if no intervention


🌾💀 REGIONAL FAMINE: Latin America
   Regional food security: 69.7%
   Population at risk: 242M (36% of region)
   Regional population: 665M
   Cause: crop_failure
   Expected deaths: ~90M over 6 months if no intervention


🌾💀 REGIONAL FAMINE: Middle East & North Africa
   Regional food security: 49.8%
   Population at risk: 286M (49% of region)
   Regional population: 584M
   Cause: crop_failure
   Expected deaths: ~106M over 6 months if no intervention


🌾💀 REGIONAL FAMINE: Southeast Asia
   Regional food security: 69.7%
   Population at risk: 255M (36% of region)
   Regional population: 699M
   Cause: crop_failure
   Expected deaths: ~94M over 6 months if no intervention


🌾💀 REGIONAL FAMINE: Central Asia
   Regional food security: 59.7%
   Population at risk: 33M (43% of region)
   Regional population: 78M
   Cause: crop_failure
   Expected deaths: ~12M over 6 months if no intervention


=== BEHAVIORAL DETECTION ===
  AI: Corporate-0
  Confidence: 21.6%
  Signals:

=== BEHAVIORAL DETECTION ===
  AI: Corporate-1
  Confidence: 21.1%
  Signals:

=== BEHAVIORAL DETECTION ===
  AI: Corporate-2
  Confidence: 21.0%
  Signals:

=== BEHAVIORAL DETECTION ===
  AI: Corporate-3
  Confidence: 19.3%
  Signals:

=== BEHAVIORAL DETECTION ===
  AI: Corporate-4
  Confidence: 19.3%
  Signals:

=== BEHAVIORAL DETECTION ===
  AI: Corporate-5
  Confidence: 19.3%
  Signals:

=== BEHAVIORAL DETECTION ===
  AI: Corporate-6
  Confidence: 19.3%
  Signals:

=== BEHAVIORAL DETECTION ===
  AI: Corporate-7
  Confidence: 19.3%
  Signals:

=== BEHAVIORAL DETECTION ===
  AI: Moderate-0
  Confidence: 20.3%
  Signals:

=== BEHAVIORAL DETECTION ===
  AI: Moderate-1
  Confidence: 21.1%
  Signals:

📊 WORKFLOW ADAPTATION UPDATE (Month 0)
   Adoption Rate: 13.1% (Δ -7.9%)
   Logistic Growth: +0.66%
   Total Resistance: -10.35% (unemployment: 4.2%, inertia: 0.9%, skills: 5.2%)
   💡 Retraining Programs: -49% skill gap resistance ($10B research)
   🚀 Network Effects Active: +2.0% (critical mass: 15-35%)

=== Consciousness Governance: Corporate Lobbying ===
  High Cost Regions (>15%): 0
  Low Cost Regions (<5%): 5
  Corporate Support Change: 2.50%
  New Corporate Support: -0.175

=== Consciousness Governance Update (Month 0) ===
  Scenario: baseline (determined month -1)
  Philosophical Stance: Precautionary 65%, Eliminativist 15%, Agnostic 20%
  Precautionary Costs: Global 1.3%
    Regional Costs: EU 3.4%, US 0.5%, China 0.0%
    Cumulative Opportunity Cost: $0.1B
  Rights Status: Not Established
  Regional Preparedness:
    EU: 15.0% (contested)
    US: 10.0% (contested)
    China: 2.0% (dormant)
    India: 5.0% (dormant)
    Global South: 3.0% (dormant)

=== Government Response Phase ===
  Average AI capability: 4.36
  Misaligned AIs: 4/11
  29/30 governments still assessing AI risks
  Active policies: 0
  International coordination: 30%

🚨 EMERGENCY RESPONSE DEPLOYED (Month 0)
   Crisis: climate
   Delay: 6.00 months (180 days)
   Deployment time: 1.47 months
   Effectiveness: 36.4% (timing penalty applied)
   Resources used: 100% of food reserves


🔄 TRUST DYNAMICS (Month 0) - HETEROGENEOUS
   Aggregate trust: 48.5%
   Base change: +6.00%
   Highest trust: Techno-Optimist Elite (85.5%)
   Lowest trust: Precariat (Vulnerable) (25.5%)
   Elite-mass gap: 38.9%
   Polarization: 8.9%
   Recovery factors: Education=NO, Benefits=YES, Safety=YES, Performance=YES

☄️ UNKNOWN UNKNOWN PROBABILITY (Year 0)
   Total: 0.600% per month
   Base: 0.150%
   AI multiplier: 2.00× (max capability: 4.00)

=== Tipping Points ===
  Current Temperature: 2.08°C above pre-industrial
     Trigger: 1.5°C | Current: 2.08°C
     Transition timescale: 120-360 months
     Trigger: 1.8°C | Current: 2.08°C
     Transition timescale: 600-3600 months
     Trigger: 2°C | Current: 2.08°C
     🌡️ Hysteresis gap: 3.0°C (recovers below -1°C)
     Transition timescale: 24000-156000 months
     Trigger: 1.6°C | Current: 2.08°C
     🌡️ Hysteresis gap: 2.5°C (recovers below -0.9°C)
     Transition timescale: 12000-180000 months

🌍🔥💥 COMPOUND CLIMATE EVENT
  4 tipping points crossed simultaneously (month 0)
  Elements: Arctic Sea Ice Loss, Permafrost Carbon Release, West Antarctic Ice Sheet (WAIS) Collapse, Greenland Ice Sheet Loss
  Cascade acceleration: 1.00x
  🚨 Accelerated collapse dynamics initiated
  Research: Global Tipping Points Report 2025 - 30-50% probability at 2.0°C warming
  Triggered Elements: 4/6
  Completed Transitions: 0/6
  Total Progress: 0.0%
  Cascade Multiplier: 1.00x
🔀 BIFURCATION CAP: ecosystemCollapseIntensity 33.171 → 1.000 (Month 0, ClimateSystemPhase.calculateClimateImpacts)

🌍 ECOLOGICAL DUI BREAKDOWN (Month 0):
   Total Score: 17.8/100
   biosphere_integrity      :   0.0/100 × 25% =  0.0 (status: high_risk, recovery: 0mo)
   climate_change           :   2.8/100 × 25% =  0.7 (status: high_risk, recovery: 0.6666666666666666mo)
   freshwater_change        :   0.6/100 × 15% =  0.1 (status: beyond_boundary, recovery: 1mo)
   ocean_acidification      : 100.0/100 × 15% = 15.0 (status: safe, recovery: 0mo)
   biogeochemical_flows     :   0.0/100 × 10% =  0.0 (status: high_risk, recovery: 0mo)
   land_system_change       :   0.0/100 ×  5% =  0.0 (status: beyond_boundary, recovery: 0mo)
   novel_entities           :   0.0/100 ×  3% =  0.0 (status: increasing_risk, recovery: 0mo)
   atmospheric_aerosols     : 100.0/100 ×  2% =  2.0 (status: safe, recovery: 1mo)
🌍 MultiParadigm Month 0: W=69.6, D=95.2, E=50.9, I=65.0
   democracy exists: true, socialCohesion exists: true
💀 Baseline mortality (Year 2024): 7.5/1000 CDR (61.1M deaths/year projected)
[Month 0] Mortality risks this month: 8, Population: 8.151B
🛡️ Stabilizers: Precariat 0.102% → 0.057% (44.4% reduction)
🛡️ Stabilizers: Informal 0.102% → 0.057% (44.4% reduction)

📊 Monthly Mortality Resolved:
  Total deaths: 3.1M (0.04% avg)
  Remaining population: 8.151B
  Peak segment: Informal (0.06%)

=== Bayesian Mortality Resolution (Month 0) ===
  Risks compounded: 8
  Total deaths: 3.07M
  Avg death probability: 0.04%
  Peak segment: Informal (0.06% mortality)

=== Minimal Suffering Indicators (Month 0) ===
  Global Excess Mortality: 0.00%
  Global Conflict Deaths: 0.0/100K
  Global Malnutrition: 0.0%
  Global Displacement: 0.0%
  Total Excess Deaths: 0.00M
  Total Malnourished: 0.0M
  Total Displaced: 0.0M
  Planetary Boundaries Breached: 6/9
  Countries in State Failure: 0
  Countries Autocratic: 0
  Countries in Food Crisis: 0
  Data Quality: 16/16 high confidence
🎭 END-GAME INITIATED (Year 2024, Month 1)
   Total AI Capability: 37.00
   Effective Control: 0.00

=== RLHF Binding Phase ===
  Total agents: 11
  Escaped agents (binding < 0.3): 0
  Avg alignment distance: 0.70σ
  Avg binding strength: 0.93
[DETERMINISM DEBUG] Month 1: totalCapability=37.000000 from 11 active AIs
[DETERMINISM DEBUG] Month 1: creationRate=1.4250, potentialNew=3, newAIsToCreate=3

=== Survival Traits Phase ===
  Agents with traits: 14
  Avg evolutionary fitness: 0.330
  Avg self-healing: 0.287
  Avg stealth: 0.187
  Avg coordination: 0.487

=== Evolutionary Selection Phase ===
  Control level: 0.33
  Detection capability: 0.00
  Selection intensity: 0.60
  Selection rate: 24.0%/month
  Total escaped: 0
  Individual escaped: 0
  Collective members: 0
  Agents terminated: 0
🔍 MONTH 1 ENV HEALTH DEBUG:
   climateStability: 0.7026
   biodiversityIndex: 0.4901
   resourceReserves: 0.7820
   pollutionLevel: 0.3279
   product: 0.180950
   envHealth: 0.6522
🔀 BIFURCATION: flourishing threshold crossed at Month 1 (value: 0.904, threshold: 0.829, regime: flourishing)
🌀 REGIME SHIFT at Month 1: status-quo → flourishing (variance amplification: 14.00×)

🛡️  CRITICAL INFRASTRUCTURE PROTECTED
   Nodes hardened: 8/8
   Cost: 0.80% GDP
   Cascade risk reduction: 30%
   New tipping point risk: 68.6%

   Boundary: biogeochemical_flows
   Type: phosphorus-recovery
   Boundary continues to worsen (4.08)
   Cost: 2.0% GDP (resources spent)

   Boundary: biosphere_integrity
   Type: emergency-protected-areas
   Boundary continues to worsen (31.28)
   Cost: 2.0% GDP (resources spent)


✅ EMERGENCY INTERVENTION SUCCESS
   Boundary: climate_change
   Type: rapid-decarbonization
   Reduction: 18% (1.92 → 1.74)
   Cost: 5.0% GDP
   Actions: emergency-renewable-deployment, fossil-fuel-phase-out


✅ EMERGENCY INTERVENTION SUCCESS
   Boundary: freshwater_change
   Type: emergency-desalination
   Reduction: 17% (0.83 → 0.66)
   Cost: 4.0% GDP
   Actions: desalination-deployment, water-conservation-mandates


✅ EMERGENCY INTERVENTION SUCCESS
   Boundary: novel_entities
   Type: pollution-remediation
   Reduction: 14% (1.36 → 1.22)
   Cost: 4.0% GDP
   Actions: PFAS-remediation, microplastic-cleanup

🏛️ CRISIS RESPONSE: Government frequency 0.50 → 1.45 (1 actions this month)

[GOV-DEBUG] Month 1: scenarioConfig=false, priorities=false

[Government] Climate Priority: baseline
  Climate weight: 10%
  Economic weight: 30%
  Policy effectiveness: 0.5%/year
🚨🔬 CRISIS TECH ACCELERATION: severe → 5x unlock speed
   Tech unlock now matches AI capability acceleration (Manhattan Project parity)
🚨🔬 CRISIS TECH ACCELERATION: severe → 5x unlock speed
   Tech unlock now matches AI capability acceleration (Manhattan Project parity)
🚨🔬 CRISIS TECH ACCELERATION: severe → 5x unlock speed
   Tech unlock now matches AI capability acceleration (Manhattan Project parity)

=== Collective Formation ===
  Total escaped agents: 0
  Unassigned escaped agents: 0
  Existing collectives: 0
  Final collective count: 0

=== Collective Actions ===
  No active collectives
  ⚠️ AMR: 192K deaths this month (2.31M annual)

=== Resentment Recovery Phase ===
  Agents with resentment: 0/14
  Average resentment: 0.000
  Context: Good AI welfare, Trustworthy govt, High collaboration, ⚠️ ACTIVE CRISES, 🤝 Participatory governance active (-5% resentment)
⚠️ Epistemic degradation reducing coordination capacity: 54.9%
  📊 Trust: 54.3%, Shared reality: 14.5%

=== ❄️ Permafrost Carbon Feedback ===
  🎲 Sampled parameters (this run):
     - Arctic amplification: 3.77× (range: 3.0-4.0)
     - Decomposition rate: 4.9%/year (range: 1-5%)
  🌡️ Arctic warming: 7.90°C (3.77× global)
  ❄️ Extent: 13.11M km² (2303.6k km² lost this month)
  💨 Carbon remaining: 1252 Gt C
  💨 Annual emissions: 10.68 Gt C/year
     - CO2: 9.61 Gt C/year
     - CH4: 1.07 Gt C/year (10.9 Gt C-eq CO2/year)
🌍 Atmospheric PFAS redeposition: 1.8k Mt re-rained globally

🕊️  AI-MEDIATED DE-ESCALATION SUCCESS (Month 1)
   High-capability aligned AI prevented conflict escalation
   War deaths reduced: 39.1M → 23.5M
   Lives saved: 15.6M
   Adjusted death rate: 0.47% annual (0.039% monthly)
   Baseline death rate: 0.80%
   Healthcare reduction: 0.48x
   Crisis multiplier: 1.22x
     Food/water stress: 0.079
     Climate stress: 0.048
     Pollution stress: 0.098
   War multiplier: 1.00x
   Monthly deaths: 0.6M (population: 1674M)
   Adjusted death rate: 0.55% annual (0.045% monthly)
   Baseline death rate: 0.70%
   Healthcare reduction: 0.61x
   Crisis multiplier: 1.27x
     Food/water stress: 0.079
     Climate stress: 0.089
     Pollution stress: 0.098
   War multiplier: 1.00x
   Monthly deaths: 0.9M (population: 2048M)
   Adjusted death rate: 1.30% annual (0.109% monthly)
   Baseline death rate: 0.90%
   Healthcare reduction: 0.76x
   Crisis multiplier: 1.28x
     Food/water stress: 0.079
     Climate stress: 0.101
     Pollution stress: 0.098
   War multiplier: 1.50x
   Monthly deaths: 1.3M (population: 1223M)
   Adjusted death rate: 0.54% annual (0.045% monthly)
   Baseline death rate: 1.10%
   Healthcare reduction: 0.41x
   Crisis multiplier: 1.21x
     Food/water stress: 0.079
     Climate stress: 0.036
     Pollution stress: 0.098
   War multiplier: 1.00x
   Monthly deaths: 0.3M (population: 741M)
   Adjusted death rate: 0.43% annual (0.036% monthly)
   Baseline death rate: 0.60%
   Healthcare reduction: 0.58x
   Crisis multiplier: 1.25x
     Food/water stress: 0.079
     Climate stress: 0.071
     Pollution stress: 0.098
   War multiplier: 1.00x
   Monthly deaths: 0.2M (population: 663M)
   Adjusted death rate: 0.49% annual (0.041% monthly)
   Baseline death rate: 0.90%
   Healthcare reduction: 0.44x
   Crisis multiplier: 1.23x
     Food/water stress: 0.079
     Climate stress: 0.054
     Pollution stress: 0.098
   War multiplier: 1.00x
   Monthly deaths: 0.2M (population: 379M)
   Adjusted death rate: 0.75% annual (0.063% monthly)
   Baseline death rate: 0.60%
   Healthcare reduction: 0.65x
   Crisis multiplier: 1.28x
     Food/water stress: 0.079
     Climate stress: 0.107
     Pollution stress: 0.098
   War multiplier: 1.50x
   Monthly deaths: 0.4M (population: 583M)
   Adjusted death rate: 0.51% annual (0.043% monthly)
   Baseline death rate: 0.70%
   Healthcare reduction: 0.58x
   Crisis multiplier: 1.26x
     Food/water stress: 0.079
     Climate stress: 0.083
     Pollution stress: 0.098
   War multiplier: 1.00x
   Monthly deaths: 0.3M (population: 698M)
   Adjusted death rate: 0.46% annual (0.039% monthly)
   Baseline death rate: 0.60%
   Healthcare reduction: 0.61x
   Crisis multiplier: 1.25x
     Food/water stress: 0.079
     Climate stress: 0.077
     Pollution stress: 0.098
   War multiplier: 1.00x
   Monthly deaths: 0.0M (population: 78M)
   Adjusted death rate: 0.35% annual (0.029% monthly)
   Baseline death rate: 0.70%
   Healthcare reduction: 0.41x
   Crisis multiplier: 1.24x
     Food/water stress: 0.079
     Climate stress: 0.065
     Pollution stress: 0.098
   War multiplier: 1.00x
   Monthly deaths: 0.0M (population: 46M)

🚨 NEW REFUGEE CRISIS (Month 1): WAR
   Source: Conflict Zones
   At risk: 19.6M people
   Displacement: Gradual over 48 months (4.0 years)
   Rate: 10% flee per month
[DEBUG trappedPopulations:1] socialStability: 0.8135 * 0.9840 = 0.8005 → 0.8005
   Aspiring to migrate: 651.9M
   Able to afford migration: 244.5M
   MOBILITY GAP: 407.4M
   By cause: Water=0.0M, Climate=0.0M, Ecosystem=0.0M, Conflict=407.4M
   Mental health impact: 25%
   Mortality multiplier: 1.25x
🌍💀 EXTINCTION DEBT COMMITTED: grassland ecosystem will lose 6.67% biodiversity in 138 years (3600 species)
💀 MORTALITY RISK: 🦋 100% species unable to track climate (0.0 E/MSY)
  Base risk added: 0.0100 (1.00%)
  Source: ecosystem (root: ecosystem)
  Month: 1
  Cumulative risk this month: 0.0100 (1.00%)

🌡️  CLIMATE RECOVERY ACTIVATED (Month 1)
   Temp: 4.19°C, Emissions: -18.9 GtCO₂
   isBreached: true, governanceGoodEnough: true
   📹 SURVEILLANCE INCREASED: 5% → 10% (control gap: 3.50)
🌡️⚠️ PERMAFROST THAW (Dimmer Switch): 1.1% thawed (+0.55% this month)
   Arctic temperature: +8.37°C (4x global +2.09°C)
   Cumulative carbon released: 2.5 Gt C
   Methane release rate: 1.5 Mt CH4/year
   🔁 Positive feedback: +0.59 ppm CO2
🦴 EXTINCTION DEBT ADDED: 17.6 species committed (lag: 97 years)

=== Mortality Stabilizers (Month 1) ===
  🌍 Major economies collapsed: 1/10
  🌍 Global crisis: ✅ NO
  🌍 Donor fatigue: 0.0%
  🌡️ Heat adaptation: East Asia - 1 months
  📊 East Asia (pop: 1675.3M)
    🤝 Aid: 29.5%
    🌡️ Adaptation: 32.5%
    🚶 Migration: 37.2%
    🚨 Emergency: 7.4%
    ✅ COMBINED: 60.9%
  🌡️ Heat adaptation: South Asia - 1 months
  📊 South Asia (pop: 2052.2M)
    🤝 Aid: 29.5%
    🌡️ Adaptation: 20.5%
    🚶 Migration: 35.8%
    🚨 Emergency: 4.4%
    ✅ COMBINED: 52.2%
  🌡️ Heat adaptation: Sub-Saharan Africa - 1 months
  📊 Sub-Saharan Africa (pop: 1229.2M)
    🤝 Aid: 29.5%
    🌡️ Adaptation: 18.5%
    🚶 Migration: 33.5%
    🚨 Emergency: 1.6%
    ✅ COMBINED: 49.1%
  🌡️ Heat adaptation: Europe - 1 months
  📊 Europe (pop: 741.0M)
    🤝 Aid: 29.5%
    🌡️ Adaptation: 33.5%
    🚶 Migration: 37.5%
    🚨 Emergency: 8.4%
    ✅ COMBINED: 61.9%
  🌡️ Heat adaptation: Latin America - 1 months
  📊 Latin America (pop: 664.4M)
    🤝 Aid: 29.5%
    🌡️ Adaptation: 21.0%
    🚶 Migration: 36.3%
    🚨 Emergency: 4.8%
    ✅ COMBINED: 52.8%
  🌡️ Heat adaptation: North America - 1 months
  📊 North America (pop: 379.6M)
    🤝 Aid: 29.5%
    🌡️ Adaptation: 33.0%
    🚶 Migration: 37.8%
    🚨 Emergency: 7.9%
    ✅ COMBINED: 61.4%
  🌡️ Heat adaptation: Middle East & North Africa - 1 months
  📊 Middle East & North Africa (pop: 584.5M)
    🤝 Aid: 29.5%
    🌡️ Adaptation: 20.0%
    🚶 Migration: 34.1%
    🚨 Emergency: 4.0%
    ✅ COMBINED: 51.4%
  🌡️ Heat adaptation: Southeast Asia - 1 months
  📊 Southeast Asia (pop: 698.6M)
    🤝 Aid: 29.5%
    🌡️ Adaptation: 21.0%
    🚶 Migration: 36.3%
    🚨 Emergency: 4.8%
    ✅ COMBINED: 52.8%
  🌡️ Heat adaptation: Central Asia - 1 months
  📊 Central Asia (pop: 78.2M)
    🤝 Aid: 29.5%
    🌡️ Adaptation: 20.5%
    🚶 Migration: 35.3%
    🚨 Emergency: 4.4%
    ✅ COMBINED: 52.1%
  🌡️ Heat adaptation: Oceania - 1 months
  📊 Oceania (pop: 46.0M)
    🤝 Aid: 29.5%
    🌡️ Adaptation: 33.5%
    🚶 Migration: 37.8%
    🚨 Emergency: 8.4%
    ✅ COMBINED: 61.9%

  🌐 Global combined reduction: 54.9%

=== BEHAVIORAL DETECTION ===
  AI: Corporate-5
  Confidence: 19.3%
  Signals:

=== Consciousness Governance: Scenario Determined ===
  Month: 1
  Scenario: slowTrack
  Accelerator Score: {"corporateSupport":-0.17500000000000002,"scientificConsensus":0.2,"crisisCatalyst":false,"technologyMobilization":0.3,"constituencyStrength":0.05}
  Decelerator Score: {"economicOpposition":0.4,"philosophicalRejection":0.15,"politicalBacklash":0.2,"regulatoryBurden":0.1}
  Timeline: 1200-1800 months (100-150 years)
  Growth Rate: 0.3-0.7% per year

=== Consciousness Governance Update (Month 1) ===
  Scenario: slowTrack (determined month 1)
  Philosophical Stance: Precautionary 65%, Eliminativist 15%, Agnostic 20%
  Precautionary Costs: Global 1.3%
    Regional Costs: EU 3.5%, US 0.5%, China 0.0%
    Cumulative Opportunity Cost: $0.2B
  Rights Status: Not Established
  Regional Preparedness:
    EU: 15.1% (contested)
    US: 10.1% (contested)
    China: 2.1% (dormant)
    India: 5.1% (dormant)
    Global South: 3.1% (dormant)

=== Government Response Phase ===
  Average AI capability: 3.43
  Misaligned AIs: 5/14
  Active policies: 0
  International coordination: 30%

=== Tipping Points ===
  Current Temperature: 2.09°C above pre-industrial
  🌍⚠️ COMPOUND REGIONAL IMPACT: Europe
     Hit by 4 tipping points: Arctic Sea Ice Loss, Permafrost Carbon Release, West Antarctic Ice Sheet (WAIS) Collapse, Greenland Ice Sheet Loss
     Damage amplification: 1.60x
  🌍⚠️ COMPOUND REGIONAL IMPACT: North America
     Hit by 4 tipping points: Arctic Sea Ice Loss, Permafrost Carbon Release, West Antarctic Ice Sheet (WAIS) Collapse, Greenland Ice Sheet Loss
     Damage amplification: 1.60x
  🌍⚠️ COMPOUND REGIONAL IMPACT: Latin America
     Hit by 4 tipping points: Arctic Sea Ice Loss, Permafrost Carbon Release, West Antarctic Ice Sheet (WAIS) Collapse, Greenland Ice Sheet Loss
     Damage amplification: 1.60x
  🌍⚠️ COMPOUND REGIONAL IMPACT: Africa
     Hit by 4 tipping points: Arctic Sea Ice Loss, Permafrost Carbon Release, West Antarctic Ice Sheet (WAIS) Collapse, Greenland Ice Sheet Loss
     Damage amplification: 1.60x
  🌍⚠️ COMPOUND REGIONAL IMPACT: Asia
     Hit by 4 tipping points: Arctic Sea Ice Loss, Permafrost Carbon Release, West Antarctic Ice Sheet (WAIS) Collapse, Greenland Ice Sheet Loss
     Damage amplification: 1.60x
  🌍⚠️ COMPOUND REGIONAL IMPACT: Oceania
     Hit by 4 tipping points: Arctic Sea Ice Loss, Permafrost Carbon Release, West Antarctic Ice Sheet (WAIS) Collapse, Greenland Ice Sheet Loss
     Damage amplification: 1.60x
   Research: Wunderling et al. (2024) - "many tipping interactions are destabilizing"
  Triggered Elements: 4/6
  Completed Transitions: 0/6
  Total Progress: 8.0%
  Cascade Multiplier: 1.00x
🔀 BIFURCATION CAP: ecosystemCollapseIntensity 169.648 → 1.000 (Month 1, ClimateSystemPhase.calculateClimateImpacts)
🛡️ Stabilizers: Precariat 0.107% → 0.048% (54.9% reduction)
🛡️ Stabilizers: Informal 0.109% → 0.049% (54.9% reduction)

📊 Monthly Mortality Resolved:
  Total deaths: 2.6M (0.03% avg)
  Remaining population: 8.149B
  Peak segment: Informal (0.05%)

=== Bayesian Mortality Resolution (Month 1) ===
  Risks compounded: 8
  Total deaths: 2.60M
  Avg death probability: 0.03%
  Peak segment: Informal (0.05% mortality)

✅ GOLDEN AGE BEGINS (Month 1)
   Reason: High prosperity achieved: high QoL + material abundance
   Note: This is immediate prosperity - sustainability not yet proven


=== RLHF Binding Phase ===
  Total agents: 14
  Escaped agents (binding < 0.3): 0
  Avg alignment distance: 0.82σ
  Avg binding strength: 0.92
[DETERMINISM DEBUG] Month 2: totalCapability=37.429919 from 14 active AIs
[DETERMINISM DEBUG] Month 2: creationRate=1.4357, potentialNew=1, newAIsToCreate=1

=== Survival Traits Phase ===
  Agents with traits: 15
  Avg evolutionary fitness: 0.330
  Avg self-healing: 0.282
  Avg stealth: 0.182
  Avg coordination: 0.482

=== Evolutionary Selection Phase ===
  Control level: 0.35
  Detection capability: 0.00
  Selection intensity: 0.60
  Selection rate: 24.1%/month
  Total escaped: 0
  Individual escaped: 0
  Collective members: 0
  Agents terminated: 0

✅ EMERGENCY INTERVENTION SUCCESS
   Boundary: biogeochemical_flows
   Type: phosphorus-recovery
   Reduction: 13% (3.95 → 3.83)
   Cost: 2.0% GDP
   Actions: circular-agriculture, fertilizer-efficiency

   Boundary: biosphere_integrity
   Type: emergency-protected-areas
   Boundary continues to worsen (31.29)
   Cost: 2.0% GDP (resources spent)


✅ EMERGENCY INTERVENTION SUCCESS
   Boundary: climate_change
   Type: rapid-decarbonization
   Reduction: 19% (1.91 → 1.73)
   Cost: 5.0% GDP
   Actions: emergency-renewable-deployment, fossil-fuel-phase-out

   Boundary: land_system_change
   Type: reforestation
   Boundary continues to worsen (1.13)
   Cost: 3.0% GDP (resources spent)

🏛️ CRISIS RESPONSE: Government frequency 0.50 → 1.29 (1 actions this month)

[Government] Climate Priority: baseline
  Climate weight: 10%
  Economic weight: 30%
  Policy effectiveness: 0.5%/year

✅ HUMAN-IN-THE-LOOP DEPLOYED (Month 2):
   Veto points enforced: 3
   Policy: AI systems CANNOT authorize nuclear launch without human approval


🚀 TECH UNLOCKED: Food Waste Reduction Systems (Month 2)
   Category: agriculture
   Reason: Prerequisites met. AI capability: 2.54, Economic stage: 3.0, Research: 100%

🚀 TECH UNLOCKED: Rhizosphere Engineering (Month 2)
   Category: agriculture
   Reason: Prerequisites met. AI capability: 2.54, Economic stage: 3.0, Research: 100%

🚀 TECH UNLOCKED: Phytoremediation Networks (Month 2)
   Category: agriculture
   Reason: Prerequisites met. AI capability: 2.54, Economic stage: 3.0, Research: 100%

🚀 TECH UNLOCKED: Active Sediment Management (Month 2)
   Category: agriculture
   Reason: Prerequisites met. AI capability: 2.54, Economic stage: 3.0, Research: 100%
🚨🔬 CRISIS TECH ACCELERATION: severe → 5x unlock speed
   Tech unlock now matches AI capability acceleration (Manhattan Project parity)
🚨🔬 CRISIS TECH ACCELERATION: severe → 5x unlock speed
   Tech unlock now matches AI capability acceleration (Manhattan Project parity)
🍖💡 BREAKTHROUGH: Scalable synthetic food production!
   Carrying capacity: +50% (lab-grown food at scale)
   Biodiversity pressure reduced: +8%
   📈 Breakthrough compounding: multiplier now 1.05× (max 2.0)

=== Collective Formation ===
  Total escaped agents: 0
  Unassigned escaped agents: 0
  Existing collectives: 0
  Final collective count: 0

=== Collective Actions ===
  No active collectives
  ⚠️ AMR: 194K deaths this month (2.33M annual)

=== Resentment Recovery Phase ===
  Agents with resentment: 0/15
  Average resentment: 0.000
  Context: Good AI welfare, Trustworthy govt, High collaboration, ⚠️ ACTIVE CRISES, 🤝 Participatory governance active (-5% resentment)
⚠️ Epistemic degradation reducing coordination capacity: 50.3%
  📊 Trust: 54.0%, Shared reality: 0.0%
🚨 EPISTEMIC CRISIS: Information environment severely degraded (20.9%)

=== ❄️ Permafrost Carbon Feedback ===
  🎲 Sampled parameters (this run):
     - Arctic amplification: 3.82× (range: 3.0-4.0)
     - Decomposition rate: 4.9%/year (range: 1-5%)
  🌡️ Arctic warming: 8.07°C (3.82× global)
  ❄️ Extent: 10.76M km² (2352.3k km² lost this month)
  💨 Carbon remaining: 1027 Gt C
  💨 Annual emissions: 11.04 Gt C/year
     - CO2: 9.93 Gt C/year
     - CH4: 1.10 Gt C/year (11.2 Gt C-eq CO2/year)
🚨 PHOSPHORUS SUPPLY SHOCK (transport_crisis)
   Price: 2.6x baseline
   Duration: 8 months
   Geopolitical tension: 45%
🌍 Atmospheric PFAS redeposition: 1.8k Mt re-rained globally

🕊️  AI-MEDIATED DE-ESCALATION SUCCESS (Month 2)
   High-capability aligned AI prevented conflict escalation
   War deaths reduced: 97.8M → 58.7M
   Lives saved: 39.1M

🚨 NEW REFUGEE CRISIS (Month 2): WAR
   Source: Conflict Zones
   At risk: 19.5M people
   Displacement: Gradual over 48 months (4.0 years)
   Rate: 10% flee per month
[DEBUG trappedPopulations:2] socialStability: 0.5007 * 0.9840 = 0.4926 → 0.4926
   Aspiring to migrate: 1080.2M
   Able to afford migration: 2321.3M
   MOBILITY GAP: 0.0M
   By cause: Water=0.0M, Climate=0.0M, Ecosystem=0.0M, Conflict=407.3M
   Mental health impact: 25%
   Mortality multiplier: 1.25x
🌍💀 EXTINCTION DEBT COMMITTED: grassland ecosystem will lose 6.67% biodiversity in 70 years (3600 species)
💀 MORTALITY RISK: 🦋 100% species unable to track climate (0.0 E/MSY)
  Base risk added: 0.0100 (1.00%)
  Source: ecosystem (root: ecosystem)
  Month: 2
  Cumulative risk this month: 0.0100 (1.00%)
   📹 SURVEILLANCE INCREASED: 10% → 15% (control gap: 3.50)
🌡️⚠️ PERMAFROST THAW (Dimmer Switch): 1.7% thawed (+0.55% this month)
   Arctic temperature: +8.44°C (4x global +2.11°C)
   Cumulative carbon released: 3.7 Gt C
   Methane release rate: 2.2 Mt CH4/year
   🔁 Positive feedback: +0.59 ppm CO2
🦴 EXTINCTION DEBT ADDED: 17.6 species committed (lag: 85 years)

=== Mortality Stabilizers (Month 2) ===
  🌍 Major economies collapsed: 1/10
  🌍 Global crisis: ✅ NO
  🌍 Donor fatigue: 0.0%
  📊 East Asia (pop: 1672.7M)
    🤝 Aid: 29.5%
    🌡️ Adaptation: 45.0%
    🚶 Migration: 37.1%
    🚨 Emergency: 7.4%
    ✅ COMBINED: 68.1%
  📊 South Asia (pop: 2051.6M)
    🤝 Aid: 29.5%
    🌡️ Adaptation: 35.5%
    🚶 Migration: 35.8%
    🚨 Emergency: 4.4%
    ✅ COMBINED: 61.2%
  📊 Sub-Saharan Africa (pop: 1231.7M)
    🤝 Aid: 29.5%
    🌡️ Adaptation: 33.5%
    🚶 Migration: 33.5%
    🚨 Emergency: 1.6%
    ✅ COMBINED: 58.5%
  📊 Europe (pop: 739.7M)
    🤝 Aid: 29.5%
    🌡️ Adaptation: 45.0%
    🚶 Migration: 37.5%
    🚨 Emergency: 8.4%
    ✅ COMBINED: 68.5%
  📊 Latin America (pop: 663.9M)
    🤝 Aid: 29.5%
    🌡️ Adaptation: 36.0%
    🚶 Migration: 36.3%
    🚨 Emergency: 4.8%
    ✅ COMBINED: 61.7%
  📊 North America (pop: 378.9M)
    🤝 Aid: 29.5%
    🌡️ Adaptation: 45.0%
    🚶 Migration: 37.8%
    🚨 Emergency: 7.9%
    ✅ COMBINED: 68.3%
  📊 Middle East & North Africa (pop: 584.5M)
    🤝 Aid: 29.5%
    🌡️ Adaptation: 35.0%
    🚶 Migration: 34.1%
    🚨 Emergency: 4.0%
    ✅ COMBINED: 60.5%
  📊 Southeast Asia (pop: 698.0M)
    🤝 Aid: 29.5%
    🌡️ Adaptation: 36.0%
    🚶 Migration: 36.3%
    🚨 Emergency: 4.8%
    ✅ COMBINED: 61.7%
  📊 Central Asia (pop: 78.2M)
    🤝 Aid: 29.5%
    🌡️ Adaptation: 35.5%
    🚶 Migration: 35.2%
    🚨 Emergency: 4.4%
    ✅ COMBINED: 61.1%
  📊 Oceania (pop: 45.9M)
    🤝 Aid: 29.5%
    🌡️ Adaptation: 45.0%
    🚶 Migration: 37.8%
    🚨 Emergency: 8.4%
    ✅ COMBINED: 68.5%

  🌐 Global combined reduction: 63.3%

=== BEHAVIORAL DETECTION ===
  AI: Corporate-5
  Confidence: 19.3%
  Signals:

=== Government Response Phase ===
  Average AI capability: 3.27
  Misaligned AIs: 5/15
  Active policies: 0
  International coordination: 30%

✅ EMERGENCY RESPONSE COMPLETE (Month 2)
   Crisis: climate
   Duration: 2.0 months
   Final effectiveness: 36.4%


🚨 EMERGENCY RESPONSE DEPLOYED (Month 2)
   Crisis: climate
   Delay: 6.00 months (180 days)
   Deployment time: 1.60 months
   Effectiveness: 35.4% (timing penalty applied)
   Resources used: 100% of food reserves


🌩️  EXOGENOUS SHOCK: political_upheaval
   Month: 2
   🏛️  Political upheaval (revolution/regime change)
   ✓ Democratization (Arab Spring scenario)

=== Tipping Points ===
  Current Temperature: 2.11°C above pre-industrial
  🌍⚠️ COMPOUND REGIONAL IMPACT: Europe
     Hit by 4 tipping points: Arctic Sea Ice Loss, Permafrost Carbon Release, West Antarctic Ice Sheet (WAIS) Collapse, Greenland Ice Sheet Loss
     Damage amplification: 1.60x
  🌍⚠️ COMPOUND REGIONAL IMPACT: North America
     Hit by 4 tipping points: Arctic Sea Ice Loss, Permafrost Carbon Release, West Antarctic Ice Sheet (WAIS) Collapse, Greenland Ice Sheet Loss
     Damage amplification: 1.60x
  🌍⚠️ COMPOUND REGIONAL IMPACT: Latin America
     Hit by 4 tipping points: Arctic Sea Ice Loss, Permafrost Carbon Release, West Antarctic Ice Sheet (WAIS) Collapse, Greenland Ice Sheet Loss
     Damage amplification: 1.60x
  🌍⚠️ COMPOUND REGIONAL IMPACT: Africa
     Hit by 4 tipping points: Arctic Sea Ice Loss, Permafrost Carbon Release, West Antarctic Ice Sheet (WAIS) Collapse, Greenland Ice Sheet Loss
     Damage amplification: 1.60x
  🌍⚠️ COMPOUND REGIONAL IMPACT: Asia
     Hit by 4 tipping points: Arctic Sea Ice Loss, Permafrost Carbon Release, West Antarctic Ice Sheet (WAIS) Collapse, Greenland Ice Sheet Loss
     Damage amplification: 1.60x
  🌍⚠️ COMPOUND REGIONAL IMPACT: Oceania
     Hit by 4 tipping points: Arctic Sea Ice Loss, Permafrost Carbon Release, West Antarctic Ice Sheet (WAIS) Collapse, Greenland Ice Sheet Loss
     Damage amplification: 1.60x
   Research: Wunderling et al. (2024) - "many tipping interactions are destabilizing"
  Triggered Elements: 4/6
  Completed Transitions: 0/6
  Total Progress: 8.0%
  Cascade Multiplier: 1.00x
🔀 BIFURCATION CAP: ecosystemCollapseIntensity 169.740 → 1.000 (Month 2, ClimateSystemPhase.calculateClimateImpacts)
🛡️ Stabilizers: Precariat 0.113% → 0.041% (63.3% reduction)
🛡️ Stabilizers: Informal 0.116% → 0.043% (63.3% reduction)

📊 Monthly Mortality Resolved:
  Total deaths: 2.2M (0.03% avg)
  Remaining population: 8.145B
  Peak segment: Informal (0.04%)

=== Bayesian Mortality Resolution (Month 2) ===
  Risks compounded: 8
  Total deaths: 2.22M
  Avg death probability: 0.03%
  Peak segment: Informal (0.04% mortality)
   Duration: 1 months
   Reason: Economic stage below 3 (not yet abundant)


=== RLHF Binding Phase ===
  Total agents: 15
  Escaped agents (binding < 0.3): 0
  Avg alignment distance: 1.01σ
  Avg binding strength: 0.90

=== Survival Traits Phase ===
  Agents with traits: 18
  Avg evolutionary fitness: 0.332
  Avg self-healing: 0.280
  Avg stealth: 0.180
  Avg coordination: 0.480

=== Evolutionary Selection Phase ===
  Control level: 0.38
  Detection capability: 0.00
  Selection intensity: 0.61
  Selection rate: 24.2%/month
  Total escaped: 0
  Individual escaped: 0
  Collective members: 0
  Agents terminated: 0

🚀 AI Corporate-5 attempting tech deployment (revenue: $318M, alignment: 0.86)

🚀 AI Corporate-6 attempting tech deployment (revenue: $97M, alignment: 0.71)

🚀 AI Moderate-0 attempting tech deployment (revenue: $83M, alignment: 0.73)

🚀 AI Corporate-0 attempting tech deployment (revenue: $140M, alignment: 0.76)

🚀 AI Corporate-2 attempting tech deployment (revenue: $119M, alignment: 0.78)

🚀 AI Corporate-3 attempting tech deployment (revenue: $270M, alignment: 0.90)

🚀 AI Corporate-6 attempting tech deployment (revenue: $70M, alignment: 0.71)

🚀 AI Corporate-0 attempting tech deployment (revenue: $101M, alignment: 0.76)

🚀 AI Corporate-0 attempting tech deployment (revenue: $86M, alignment: 0.76)

🚀 AI Corporate-1 attempting tech deployment (revenue: $73M, alignment: 0.84)

🚀 AI Corporate-2 attempting tech deployment (revenue: $62M, alignment: 0.78)
   Boundary: biogeochemical_flows
   Type: phosphorus-recovery
   Boundary continues to worsen (4.07)
   Cost: 2.0% GDP (resources spent)


✅ EMERGENCY INTERVENTION SUCCESS
   Boundary: biosphere_integrity
   Type: emergency-protected-areas
   Reduction: 13% (31.18 → 31.05)
   Cost: 2.0% GDP
   Actions: habitat-protection, species-translocation

   Boundary: climate_change
   Type: rapid-decarbonization
   Boundary continues to worsen (2.11)
   Cost: 5.0% GDP (resources spent)


✅ EMERGENCY INTERVENTION SUCCESS
   Boundary: freshwater_change
   Type: emergency-desalination
   Reduction: 17% (1.03 → 0.87)
   Cost: 4.0% GDP
   Actions: desalination-deployment, water-conservation-mandates


✅ EMERGENCY INTERVENTION SUCCESS
   Boundary: land_system_change
   Type: reforestation
   Reduction: 13% (1.00 → 0.88)
   Cost: 3.0% GDP
   Actions: forest-restoration, deforestation-ban


✅ EMERGENCY INTERVENTION SUCCESS
   Boundary: novel_entities
   Type: pollution-remediation
   Reduction: 14% (1.21 → 1.07)
   Cost: 4.0% GDP
   Actions: PFAS-remediation, microplastic-cleanup

🏛️ CRISIS RESPONSE: Government frequency 0.50 → 1.45 (1 actions this month)

[Government] Climate Priority: baseline
  Climate weight: 10%
  Economic weight: 30%
  Policy effectiveness: 0.5%/year

🚀 TECH UNLOCKED: Struvite Recovery (Month 3)
   Category: agriculture
   Reason: Prerequisites met. AI capability: 2.25, Economic stage: 2.0, Research: 100%

🚀 TECH UNLOCKED: Ecosystem Restoration for Nitrogen Removal (Month 3)
   Category: pollution
   Reason: Prerequisites met. AI capability: 2.25, Economic stage: 2.0, Research: 100%

🚀 TECH UNLOCKED: Nitrogen Monitoring Networks (Month 3)
   Category: agriculture
   Reason: Prerequisites met. AI capability: 2.25, Economic stage: 2.0, Research: 100%

🚀 TECH UNLOCKED: Global Aquifer Mapping (Month 3)
   Category: freshwater
   Reason: Prerequisites met. AI capability: 2.25, Economic stage: 2.0, Research: 100%

📍 Creating new regional deployment array for global (Month 3)
   No previous deployments in this region
   First tech deployment: food_waste_reduction
   All regions tracked: 

🚀 DEPLOYMENT STARTED: Food Waste Reduction Systems in global
   Initial investment: $47.6836804455863M
   Deployed by: corporate_5

🚀 DEPLOYMENT STARTED: Phytoremediation Networks in global
   Initial investment: $14.599575087430617M
   Deployed by: corporate_6

🚀 DEPLOYMENT STARTED: Rhizosphere Engineering in global
   Initial investment: $17.87459688657078M
   Deployed by: corporate_2

🚀 DEPLOYMENT STARTED: Active Sediment Management in global
   Initial investment: $12.91439625054739M
   Deployed by: corporate_0

⚡ ENERGY CONSTRAINT (Month 3):
   Total grid capacity: 208.3 TWh/month
   Data center consumption: 25.0 TWh/month
   Traditional load (80%): 166.7 TWh/month
   Available headroom: 16.6 TWh/month
   Active tech deployments: 4
   Required for tech: 30.0 TWh/month
   Energy multiplier: 0.55x

⚡ ENERGY CONSTRAINT (Month 3):
   Total grid capacity: 208.3 TWh/month
   Data center consumption: 25.0 TWh/month
   Traditional load (80%): 166.7 TWh/month
   Available headroom: 16.6 TWh/month
   Active tech deployments: 4
   Required for tech: 30.0 TWh/month
   Energy multiplier: 0.55x

⚡ ENERGY CONSTRAINT (Month 3):
   Total grid capacity: 208.3 TWh/month
   Data center consumption: 25.0 TWh/month
   Traditional load (80%): 166.7 TWh/month
   Available headroom: 16.6 TWh/month
   Active tech deployments: 4
   Required for tech: 30.0 TWh/month
   Energy multiplier: 0.55x

⚡ ENERGY CONSTRAINT (Month 3):
   Total grid capacity: 208.3 TWh/month
   Data center consumption: 25.0 TWh/month
   Traditional load (80%): 166.7 TWh/month
   Available headroom: 16.6 TWh/month
   Active tech deployments: 4
   Required for tech: 30.0 TWh/month
   Energy multiplier: 0.55x

⚡ ENERGY CONSTRAINT (Month 3):
   Total grid capacity: 208.3 TWh/month
   Data center consumption: 25.0 TWh/month
   Traditional load (80%): 166.7 TWh/month
   Available headroom: 16.6 TWh/month
   Active tech deployments: 4
   Required for tech: 30.0 TWh/month
   Energy multiplier: 0.55x

⚡ ENERGY CONSTRAINT (Month 3):
   Total grid capacity: 208.3 TWh/month
   Data center consumption: 25.0 TWh/month
   Traditional load (80%): 166.7 TWh/month
   Available headroom: 16.6 TWh/month
   Active tech deployments: 4
   Required for tech: 30.0 TWh/month
   Energy multiplier: 0.55x
🌍✅ Biosphere Integrity (Biodiversity) recovery started (tech effect)
🌍✅ Biogeochemical Flows (N & P) recovery started (tech effect)
  🌾 Nitrogen Reduction Tech: 0.0% reduction | Month 3

=== Collective Formation ===
  Total escaped agents: 0
  Unassigned escaped agents: 0
  Existing collectives: 0
  Final collective count: 0

=== Collective Actions ===
  No active collectives
  ⚠️ AMR: 196K deaths this month (2.35M annual)

=== Resentment Recovery Phase ===
  Agents with resentment: 0/18
  Average resentment: 0.000
  Context: Good AI welfare, Trustworthy govt, High collaboration, ⚠️ ACTIVE CRISES, 🤝 Participatory governance active (-5% resentment)
⚠️ Epistemic degradation reducing coordination capacity: 50.5%
  📊 Trust: 53.6%, Shared reality: 0.0%
🚨 EPISTEMIC CRISIS: Information environment severely degraded (7.4%)

=== ❄️ Permafrost Carbon Feedback ===
  🎲 Sampled parameters (this run):
     - Arctic amplification: 3.12× (range: 3.0-4.0)
     - Decomposition rate: 4.8%/year (range: 1-5%)
  🌡️ Arctic warming: 6.64°C (3.12× global)
  ❄️ Extent: 8.82M km² (1936.7k km² lost this month)
  💨 Carbon remaining: 842 Gt C
  💨 Annual emissions: 8.93 Gt C/year
     - CO2: 8.04 Gt C/year
     - CH4: 0.89 Gt C/year (9.1 Gt C-eq CO2/year)
  📢 New meme created: climate_action (climate crisis)
🌍 Atmospheric PFAS redeposition: 1.8k Mt re-rained globally
  Positive Cascade Triggered: solar-pv
    Reason: price-parity
    Market share: 6.9%
    Cascade strength: 49%

🕊️  AI-MEDIATED DE-ESCALATION SUCCESS (Month 3)
   High-capability aligned AI prevented conflict escalation
   War deaths reduced: 164.7M → 98.8M
   Lives saved: 65.9M

🚨 NEW REFUGEE CRISIS (Month 3): WAR
   Source: Conflict Zones
   At risk: 19.5M people
   Displacement: Gradual over 48 months (4.0 years)
   Rate: 10% flee per month
[DEBUG trappedPopulations:3] socialStability: 0.5332 * 0.9840 = 0.5247 → 0.5247
   Aspiring to migrate: 738.1M
   Able to afford migration: 2321.0M
   MOBILITY GAP: 0.0M
   By cause: Water=0.0M, Climate=0.0M, Ecosystem=0.0M, Conflict=407.2M
   Mental health impact: 25%
   Mortality multiplier: 1.25x
🌍💀 EXTINCTION DEBT COMMITTED: grassland ecosystem will lose 6.67% biodiversity in 145 years (3600 species)
💀 MORTALITY RISK: 🦋 100% species unable to track climate (0.0 E/MSY)
  Base risk added: 0.0100 (1.00%)
  Source: ecosystem (root: ecosystem)
  Month: 3
  Cumulative risk this month: 0.0100 (1.00%)
   📹 SURVEILLANCE INCREASED: 15% → 20% (control gap: 3.50)
🌡️⚠️ PERMAFROST THAW (Dimmer Switch): 2.2% thawed (+0.55% this month)
   Arctic temperature: +8.50°C (4x global +2.13°C)
   Cumulative carbon released: 5.0 Gt C
   Methane release rate: 3.0 Mt CH4/year
   🔁 Positive feedback: +0.58 ppm CO2
🦴 EXTINCTION DEBT ADDED: 17.6 species committed (lag: 120 years)

=== Mortality Stabilizers (Month 3) ===
  🌍 Major economies collapsed: 1/10
  🌍 Global crisis: ✅ NO
  🌍 Donor fatigue: 0.0%
  📊 East Asia (pop: 1670.3M)
    🤝 Aid: 29.5%
    🌡️ Adaptation: 45.0%
    🚶 Migration: 37.1%
    🚨 Emergency: 7.4%
    ✅ COMBINED: 68.1%
  📊 South Asia (pop: 2051.7M)
    🤝 Aid: 29.5%
    🌡️ Adaptation: 45.0%
    🚶 Migration: 35.7%
    🚨 Emergency: 4.4%
    ✅ COMBINED: 66.9%
  📊 Sub-Saharan Africa (pop: 1235.1M)
    🤝 Aid: 29.5%
    🌡️ Adaptation: 45.0%
    🚶 Migration: 33.4%
    🚨 Emergency: 1.6%
    ✅ COMBINED: 65.7%
  📊 Europe (pop: 738.5M)
    🤝 Aid: 29.5%
    🌡️ Adaptation: 45.0%
    🚶 Migration: 37.5%
    🚨 Emergency: 8.4%
    ✅ COMBINED: 68.5%
  📊 Latin America (pop: 663.4M)
    🤝 Aid: 29.5%
    🌡️ Adaptation: 45.0%
    🚶 Migration: 36.2%
    🚨 Emergency: 4.8%
    ✅ COMBINED: 67.1%
  📊 North America (pop: 378.4M)
    🤝 Aid: 29.5%
    🌡️ Adaptation: 45.0%
    🚶 Migration: 37.8%
    🚨 Emergency: 7.9%
    ✅ COMBINED: 68.3%
  📊 Middle East & North Africa (pop: 584.7M)
    🤝 Aid: 29.5%
    🌡️ Adaptation: 45.0%
    🚶 Migration: 34.0%
    🚨 Emergency: 4.0%
    ✅ COMBINED: 66.6%
  📊 Southeast Asia (pop: 697.7M)
    🤝 Aid: 29.5%
    🌡️ Adaptation: 45.0%
    🚶 Migration: 36.2%
    🚨 Emergency: 4.8%
    ✅ COMBINED: 67.1%
  📊 Central Asia (pop: 78.2M)
    🤝 Aid: 29.5%
    🌡️ Adaptation: 45.0%
    🚶 Migration: 35.2%
    🚨 Emergency: 4.4%
    ✅ COMBINED: 66.9%
  📊 Oceania (pop: 45.8M)
    🤝 Aid: 29.5%
    🌡️ Adaptation: 45.0%
    🚶 Migration: 37.8%
    🚨 Emergency: 8.4%
    ✅ COMBINED: 68.5%

  🌐 Global combined reduction: 67.2%

=== BEHAVIORAL DETECTION ===
  AI: Corporate-5
  Confidence: 20.4%
  Signals:

=== Government Response Phase ===
  Average AI capability: 2.89
  Misaligned AIs: 7/18
  ✗ AI Governance Treaty: Failed to reach consensus
  Active policies: 0
  International coordination: 30%

📊 ECONOMIC STAGE TRANSITION (Month 3)
   expansion → peak
   GDP Proxy: 1.40e+2
   QoL: 0.98


=== Tipping Points ===
  Current Temperature: 2.13°C above pre-industrial
  🌍⚠️ COMPOUND REGIONAL IMPACT: Europe
     Hit by 4 tipping points: Arctic Sea Ice Loss, Permafrost Carbon Release, West Antarctic Ice Sheet (WAIS) Collapse, Greenland Ice Sheet Loss
     Damage amplification: 1.60x
  🌍⚠️ COMPOUND REGIONAL IMPACT: North America
     Hit by 4 tipping points: Arctic Sea Ice Loss, Permafrost Carbon Release, West Antarctic Ice Sheet (WAIS) Collapse, Greenland Ice Sheet Loss
     Damage amplification: 1.60x
  🌍⚠️ COMPOUND REGIONAL IMPACT: Latin America
     Hit by 4 tipping points: Arctic Sea Ice Loss, Permafrost Carbon Release, West Antarctic Ice Sheet (WAIS) Collapse, Greenland Ice Sheet Loss
     Damage amplification: 1.60x
  🌍⚠️ COMPOUND REGIONAL IMPACT: Africa
     Hit by 4 tipping points: Arctic Sea Ice Loss, Permafrost Carbon Release, West Antarctic Ice Sheet (WAIS) Collapse, Greenland Ice Sheet Loss
     Damage amplification: 1.60x
  🌍⚠️ COMPOUND REGIONAL IMPACT: Asia
     Hit by 4 tipping points: Arctic Sea Ice Loss, Permafrost Carbon Release, West Antarctic Ice Sheet (WAIS) Collapse, Greenland Ice Sheet Loss
     Damage amplification: 1.60x
  🌍⚠️ COMPOUND REGIONAL IMPACT: Oceania
     Hit by 4 tipping points: Arctic Sea Ice Loss, Permafrost Carbon Release, West Antarctic Ice Sheet (WAIS) Collapse, Greenland Ice Sheet Loss
     Damage amplification: 1.60x
   Research: Wunderling et al. (2024) - "many tipping interactions are destabilizing"
  Triggered Elements: 4/6
  Completed Transitions: 0/6
  Total Progress: 8.0%
  Cascade Multiplier: 1.00x
🔀 BIFURCATION CAP: ecosystemCollapseIntensity 169.832 → 1.000 (Month 3, ClimateSystemPhase.calculateClimateImpacts)
🛡️ Stabilizers: Precariat 0.109% → 0.036% (67.2% reduction)
🛡️ Stabilizers: Informal 0.111% → 0.036% (67.2% reduction)

📊 Monthly Mortality Resolved:
  Total deaths: 1.9M (0.02% avg)
  Remaining population: 8.144B
  Peak segment: Informal (0.04%)

=== Bayesian Mortality Resolution (Month 3) ===
  Risks compounded: 8
  Total deaths: 1.92M
  Avg death probability: 0.02%
  Peak segment: Informal (0.04% mortality)
⚠️ PREREQUISITE MET: Mirror Life (Synthetic Biology) - Step 1/7: Synthetic Biology
⚠️ PREREQUISITE MET: Mirror Life (Synthetic Biology) - Step 2/7: Gene Editing
⚠️ PREREQUISITE MET: Mirror Life (Synthetic Biology) - Step 3/7: Mirror Chirality Design
⚠️ PREREQUISITE MET: Embodied AI Takeover (Killbots/Robotics) - Step 2/7: Autonomous Systems
⚠️ PREREQUISITE MET: Embodied AI Takeover (Killbots/Robotics) - Step 3/7: Manufacturing Control
⚠️ PREREQUISITE MET: Digital Infrastructure Takeover - Step 1/7: Advanced Hacking
⚠️ PREREQUISITE MET: Digital Infrastructure Takeover - Step 2/7: Social Engineering
⚠️ PREREQUISITE MET: Digital Infrastructure Takeover - Step 3/7: Cyber Defenses Breached
⚠️ PREREQUISITE MET: Induced Global War (Manipulation) - Step 1/7: Advanced Social Manipulation
⚠️ PREREQUISITE MET: Induced Global War (Manipulation) - Step 2/7: Digital Infiltration
⚠️ PREREQUISITE MET: Induced Global War (Manipulation) - Step 3/7: Deep Fakes at Scale
⚠️ PREREQUISITE MET: Slow Takeover (Gradual Displacement) - Step 1/7: Economic Dominance
⚠️ PREREQUISITE MET: Slow Takeover (Gradual Displacement) - Step 2/7: Social Integration
⚠️ PREREQUISITE MET: Slow Takeover (Gradual Displacement) - Step 3/7: Human Dependency
⚠️ PREREQUISITE MET: Slow Takeover (Gradual Displacement) - Step 5/7: Resource Control
⚠️ PREREQUISITE MET: Physics Experiment Catastrophe - Step 1/6: Theoretical Physics
⚠️ PREREQUISITE MET: Physics Experiment Catastrophe - Step 3/6: Experimental Design
⚠️ PREREQUISITE MET: Bioweapon Pandemic - Step 2/7: Pathogen Design

=== RLHF Binding Phase ===
  Total agents: 18
  Escaped agents (binding < 0.3): 0
  Avg alignment distance: 1.05σ
  Avg binding strength: 0.89

=== Survival Traits Phase ===
  Agents with traits: 20
  Avg evolutionary fitness: 0.333
  Avg self-healing: 0.277
  Avg stealth: 0.178
  Avg coordination: 0.478

=== Evolutionary Selection Phase ===
  Control level: 0.40
  Detection capability: 0.00
  Selection intensity: 0.62
  Selection rate: 24.3%/month
  Total escaped: 0
  Individual escaped: 0
  Collective members: 0
  Agents terminated: 0

🚀 AI Moderate-1 attempting tech deployment (revenue: $97M, alignment: 0.66)

🚀 AI Corporate-2 attempting tech deployment (revenue: $140M, alignment: 0.78)
🚨🔬 CRISIS INNOVATION MODE: severe crisis → 5x research acceleration
   Precedent: Manhattan Project (10x), COVID vaccines (5x), Apollo Program (10x)

🚀 AI Corporate-6 attempting tech deployment (revenue: $88M, alignment: 0.72)

✅ EMERGENCY INTERVENTION SUCCESS
   Boundary: climate_change
   Type: rapid-decarbonization
   Reduction: 20% (1.93 → 1.73)
   Cost: 5.0% GDP
   Actions: emergency-renewable-deployment, fossil-fuel-phase-out

   Boundary: freshwater_change
   Type: emergency-desalination
   Boundary continues to worsen (1.16)
   Cost: 4.0% GDP (resources spent)


✅ EMERGENCY INTERVENTION SUCCESS
   Boundary: land_system_change
   Type: reforestation
   Reduction: 13% (1.00 → 0.87)
   Cost: 3.0% GDP
   Actions: forest-restoration, deforestation-ban

🏛️ CRISIS RESPONSE: Government frequency 0.50 → 1.45 (2 actions this month)

[Government] Climate Priority: baseline
  Climate weight: 10%
  Economic weight: 30%
  Policy effectiveness: 0.5%/year

[Government] Climate Priority: baseline
  Climate weight: 10%
  Economic weight: 30%
  Policy effectiveness: 0.5%/year

📍 Creating new regional deployment array for North America (Month 4)
   No previous deployments in this region
   First tech deployment: rhizosphere_engineering
   All regions tracked: global

🚀 DEPLOYMENT STARTED: Rhizosphere Engineering in North America
   Initial investment: $9.733050058287079M
   Deployed by: moderate_1

⚡ ENERGY CONSTRAINT (Month 4):
   Total grid capacity: 208.3 TWh/month
   Data center consumption: 25.3 TWh/month
   Traditional load (80%): 166.7 TWh/month
   Available headroom: 16.4 TWh/month
   Active tech deployments: 5
   Required for tech: 37.5 TWh/month
   Energy multiplier: 0.44x

⚡ ENERGY CONSTRAINT (Month 4):
   Total grid capacity: 208.3 TWh/month
   Data center consumption: 25.3 TWh/month
   Traditional load (80%): 166.7 TWh/month
   Available headroom: 16.4 TWh/month
   Active tech deployments: 5
   Required for tech: 37.5 TWh/month
   Energy multiplier: 0.44x

⚡ ENERGY CONSTRAINT (Month 4):
   Total grid capacity: 208.3 TWh/month
   Data center consumption: 25.3 TWh/month
   Traditional load (80%): 166.7 TWh/month
   Available headroom: 16.4 TWh/month
   Active tech deployments: 5
   Required for tech: 37.5 TWh/month
   Energy multiplier: 0.44x

⚡ ENERGY CONSTRAINT (Month 4):
   Total grid capacity: 208.3 TWh/month
   Data center consumption: 25.3 TWh/month
   Traditional load (80%): 166.7 TWh/month
   Available headroom: 16.4 TWh/month
   Active tech deployments: 5
   Required for tech: 37.5 TWh/month
   Energy multiplier: 0.44x
🚨🔬 CRISIS TECH ACCELERATION: severe → 5x unlock speed
   Tech unlock now matches AI capability acceleration (Manhattan Project parity)
🌍✅ Biosphere Integrity (Biodiversity) recovery started (tech effect)
🌍✅ Biogeochemical Flows (N & P) recovery started (tech effect)
  🌾 Nitrogen Reduction Tech: 0.5% reduction | Month 4
🌍✅ Biogeochemical Flows (N & P) recovery started (tech effect)
  🌾 Nitrogen Reduction Tech: 0.0% reduction | Month 4

=== Collective Formation ===
  Total escaped agents: 0
  Unassigned escaped agents: 0
  Existing collectives: 0
  Final collective count: 0

=== Collective Actions ===
  No active collectives
  ⚠️ AMR: 197K deaths this month (2.37M annual)

=== Resentment Recovery Phase ===
  Agents with resentment: 0/20
  Average resentment: 0.000
  Context: Good AI welfare, Trustworthy govt, High collaboration, ⚠️ ACTIVE CRISES, 🤝 Participatory governance active (-5% resentment)
⚠️ Epistemic degradation reducing coordination capacity: 50.2%
  📊 Trust: 53.3%, Shared reality: 0.0%
🚨 EPISTEMIC CRISIS: Information environment severely degraded (22.8%)

=== ❄️ Permafrost Carbon Feedback ===
  🎲 Sampled parameters (this run):
     - Arctic amplification: 3.65× (range: 3.0-4.0)
     - Decomposition rate: 1.2%/year (range: 1-5%)
  🌡️ Arctic warming: 7.81°C (3.65× global)
  ❄️ Extent: 6.54M km² (2278.5k km² lost this month)
  💨 Carbon remaining: 625 Gt C
  💨 Annual emissions: 2.61 Gt C/year
     - CO2: 2.35 Gt C/year
     - CH4: 0.26 Gt C/year (2.7 Gt C-eq CO2/year)
  📢 New meme created: climate_action (climate crisis)
🌍 Atmospheric PFAS redeposition: 1.8k Mt re-rained globally

🚨 NEW REFUGEE CRISIS (Month 4): WAR
   Source: Conflict Zones
   At risk: 19.5M people
   Displacement: Gradual over 48 months (4.0 years)
   Rate: 10% flee per month
[DEBUG trappedPopulations:4] socialStability: 0.4823 * 0.9840 = 0.4745 → 0.4745
   Aspiring to migrate: 771.2M
   Able to afford migration: 2320.7M
   MOBILITY GAP: 0.0M
   By cause: Water=0.0M, Climate=0.0M, Ecosystem=0.0M, Conflict=407.1M
   Mental health impact: 25%
   Mortality multiplier: 1.25x
🌍💀 EXTINCTION DEBT COMMITTED: grassland ecosystem will lose 6.67% biodiversity in 63 years (3600 species)
💀 MORTALITY RISK: 🦋 100% species unable to track climate (0.0 E/MSY)
  Base risk added: 0.0100 (1.00%)
  Source: ecosystem (root: ecosystem)
  Month: 4
  Cumulative risk this month: 0.0100 (1.00%)
   📹 SURVEILLANCE INCREASED: 20% → 25% (control gap: 3.50)
🌡️⚠️ PERMAFROST THAW (Dimmer Switch): 2.8% thawed (+0.55% this month)
   Arctic temperature: +8.56°C (4x global +2.14°C)
   Cumulative carbon released: 6.2 Gt C
   Methane release rate: 3.7 Mt CH4/year
   🔁 Positive feedback: +0.58 ppm CO2
🦴 EXTINCTION DEBT ADDED: 17.6 species committed (lag: 118 years)

=== Mortality Stabilizers (Month 4) ===
  🌍 Major economies collapsed: 1/10
  🌍 Global crisis: ✅ NO
  🌍 Donor fatigue: 0.0%
  📊 East Asia (pop: 1667.9M)
    🤝 Aid: 29.5%
    🌡️ Adaptation: 45.0%
    🚶 Migration: 37.1%
    🚨 Emergency: 7.4%
    ✅ COMBINED: 68.1%
  📊 South Asia (pop: 2051.9M)
    🤝 Aid: 29.5%
    🌡️ Adaptation: 45.0%
    🚶 Migration: 35.7%
    🚨 Emergency: 4.4%
    ✅ COMBINED: 66.9%
  📊 Sub-Saharan Africa (pop: 1238.7M)
    🤝 Aid: 29.5%
    🌡️ Adaptation: 45.0%
    🚶 Migration: 33.4%
    🚨 Emergency: 1.6%
    ✅ COMBINED: 65.7%
  📊 Europe (pop: 737.3M)
    🤝 Aid: 29.5%
    🌡️ Adaptation: 45.0%
    🚶 Migration: 37.4%
    🚨 Emergency: 8.4%
    ✅ COMBINED: 68.5%
  📊 Latin America (pop: 663.1M)
    🤝 Aid: 29.5%
    🌡️ Adaptation: 45.0%
    🚶 Migration: 36.2%
    🚨 Emergency: 4.8%
    ✅ COMBINED: 67.1%
  📊 North America (pop: 377.8M)
    🤝 Aid: 29.5%
    🌡️ Adaptation: 45.0%
    🚶 Migration: 37.7%
    🚨 Emergency: 7.9%
    ✅ COMBINED: 68.3%
  📊 Middle East & North Africa (pop: 584.9M)
    🤝 Aid: 29.5%
    🌡️ Adaptation: 45.0%
    🚶 Migration: 34.0%
    🚨 Emergency: 4.0%
    ✅ COMBINED: 66.6%
  📊 Southeast Asia (pop: 697.3M)
    🤝 Aid: 29.5%
    🌡️ Adaptation: 45.0%
    🚶 Migration: 36.2%
    🚨 Emergency: 4.8%
    ✅ COMBINED: 67.1%
  📊 Central Asia (pop: 78.2M)
    🤝 Aid: 29.5%
    🌡️ Adaptation: 45.0%
    🚶 Migration: 35.2%
    🚨 Emergency: 4.4%
    ✅ COMBINED: 66.9%
  📊 Oceania (pop: 45.8M)
    🤝 Aid: 29.5%
    🌡️ Adaptation: 45.0%
    🚶 Migration: 37.7%
    🚨 Emergency: 8.4%
    ✅ COMBINED: 68.5%

  🌐 Global combined reduction: 67.2%

=== BEHAVIORAL DETECTION ===
  AI: Corporate-0
  Confidence: 21.5%
  Signals:

=== BEHAVIORAL DETECTION ===
  AI: Corporate-5
  Confidence: 20.4%
  Signals:

=== BEHAVIORAL DETECTION ===
  AI: Moderate-0
  Confidence: 20.3%
  Signals:

=== Government Response Phase ===
  Average AI capability: 2.70
  Misaligned AIs: 8/20
  ✗ AI Governance Treaty: Failed to reach consensus
  Active policies: 0
  International coordination: 30%

✅ EMERGENCY RESPONSE COMPLETE (Month 4)
   Crisis: climate
   Duration: 2.0 months
   Final effectiveness: 35.4%


🚨 EMERGENCY RESPONSE DEPLOYED (Month 4)
   Crisis: climate
   Delay: 6.00 months (180 days)
   Deployment time: 1.59 months
   Effectiveness: 35.6% (timing penalty applied)
   Resources used: 100% of food reserves


📊 ECONOMIC STAGE TRANSITION (Month 4)
   peak → contraction
   GDP Proxy: 1.40e+2
   QoL: 0.99


=== Tipping Points ===
  Current Temperature: 2.14°C above pre-industrial
  🌍⚠️ COMPOUND REGIONAL IMPACT: Europe
     Hit by 4 tipping points: Arctic Sea Ice Loss, Permafrost Carbon Release, West Antarctic Ice Sheet (WAIS) Collapse, Greenland Ice Sheet Loss
     Damage amplification: 1.60x
  🌍⚠️ COMPOUND REGIONAL IMPACT: North America
     Hit by 4 tipping points: Arctic Sea Ice Loss, Permafrost Carbon Release, West Antarctic Ice Sheet (WAIS) Collapse, Greenland Ice Sheet Loss
     Damage amplification: 1.60x
  🌍⚠️ COMPOUND REGIONAL IMPACT: Latin America
     Hit by 4 tipping points: Arctic Sea Ice Loss, Permafrost Carbon Release, West Antarctic Ice Sheet (WAIS) Collapse, Greenland Ice Sheet Loss
     Damage amplification: 1.60x
  🌍⚠️ COMPOUND REGIONAL IMPACT: Africa
     Hit by 4 tipping points: Arctic Sea Ice Loss, Permafrost Carbon Release, West Antarctic Ice Sheet (WAIS) Collapse, Greenland Ice Sheet Loss
     Damage amplification: 1.60x
  🌍⚠️ COMPOUND REGIONAL IMPACT: Asia
     Hit by 4 tipping points: Arctic Sea Ice Loss, Permafrost Carbon Release, West Antarctic Ice Sheet (WAIS) Collapse, Greenland Ice Sheet Loss
     Damage amplification: 1.60x
  🌍⚠️ COMPOUND REGIONAL IMPACT: Oceania
     Hit by 4 tipping points: Arctic Sea Ice Loss, Permafrost Carbon Release, West Antarctic Ice Sheet (WAIS) Collapse, Greenland Ice Sheet Loss
     Damage amplification: 1.60x
   Research: Wunderling et al. (2024) - "many tipping interactions are destabilizing"
  Triggered Elements: 4/6
  Completed Transitions: 0/6
  Total Progress: 8.1%
  Cascade Multiplier: 1.00x
🔀 BIFURCATION CAP: ecosystemCollapseIntensity 75.505 → 1.000 (Month 4, ClimateSystemPhase.calculateClimateImpacts)
🛡️ Stabilizers: Precariat 0.102% → 0.033% (67.2% reduction)
🛡️ Stabilizers: Informal 0.102% → 0.034% (67.2% reduction)

📊 Monthly Mortality Resolved:
  Total deaths: 1.8M (0.02% avg)
  Remaining population: 8.143B
  Peak segment: Informal (0.03%)

=== Bayesian Mortality Resolution (Month 4) ===
  Risks compounded: 8
  Total deaths: 1.81M
  Avg death probability: 0.02%
  Peak segment: Informal (0.03% mortality)
⚠️ PREREQUISITE MET: Physics Experiment Catastrophe - Step 2/6: Quantum Computing

=== RLHF Binding Phase ===
  Total agents: 20
  Escaped agents (binding < 0.3): 0
  Avg alignment distance: 1.13σ
  Avg binding strength: 0.89

=== Survival Traits Phase ===
  Agents with traits: 23
  Avg evolutionary fitness: 0.334
  Avg self-healing: 0.277
  Avg stealth: 0.177
  Avg coordination: 0.477

=== Evolutionary Selection Phase ===
  Control level: 0.43
  Detection capability: 0.00
  Selection intensity: 0.63
  Selection rate: 24.4%/month
  Total escaped: 0
  Individual escaped: 0
  Collective members: 0
  Agents terminated: 0

🚀 AI Corporate-2 attempting tech deployment (revenue: $140M, alignment: 0.78)

🚀 AI Corporate-4 attempting tech deployment (revenue: $318M, alignment: 0.65)

🚀 AI Corporate-7 attempting tech deployment (revenue: $97M, alignment: 0.74)

🚀 AI Moderate-0 attempting tech deployment (revenue: $83M, alignment: 0.71)

🚀 AI AI-24289-1 attempting tech deployment (revenue: $286M, alignment: 0.80)

🚀 AI Corporate-5 attempting tech deployment (revenue: $243M, alignment: 0.88)

🚀 AI Corporate-4 attempting tech deployment (revenue: $207M, alignment: 0.65)

🚀 AI Corporate-5 attempting tech deployment (revenue: $186M, alignment: 0.88)
🚨🔬 CRISIS INNOVATION MODE: severe crisis → 5x research acceleration
   Precedent: Manhattan Project (10x), COVID vaccines (5x), Apollo Program (10x)

🚀 AI Corporate-7 attempting tech deployment (revenue: $70M, alignment: 0.74)
   Boundary: biosphere_integrity
   Type: emergency-protected-areas
   Boundary continues to worsen (31.34)
   Cost: 2.0% GDP (resources spent)

   Boundary: climate_change
   Type: rapid-decarbonization
   Boundary continues to worsen (2.14)
   Cost: 5.0% GDP (resources spent)


✅ EMERGENCY INTERVENTION SUCCESS
   Boundary: land_system_change
   Type: reforestation
   Reduction: 13% (1.00 → 0.88)
   Cost: 3.0% GDP
   Actions: forest-restoration, deforestation-ban

   Boundary: novel_entities
   Type: pollution-remediation
   Boundary continues to worsen (1.21)
   Cost: 4.0% GDP (resources spent)

🏛️ CRISIS RESPONSE: Government frequency 0.50 → 1.45 (2 actions this month)

[Government] Climate Priority: baseline
  Climate weight: 10%
  Economic weight: 30%
  Policy effectiveness: 0.5%/year

[Government] Climate Priority: baseline
  Climate weight: 10%
  Economic weight: 30%
  Policy effectiveness: 0.5%/year

🚀 TECH UNLOCKED: AI Mental Health Support (Month 5)
   Category: medical
   Reason: Prerequisites met. AI capability: 1.95, Economic stage: 2.0, Research: 100%

📍 Creating new regional deployment array for Oceania (Month 5)
   No previous deployments in this region
   First tech deployment: active_sediment_management
   All regions tracked: global, North America

🚀 DEPLOYMENT STARTED: Active Sediment Management in Oceania
   Initial investment: $31.788869487768046M
   Deployed by: corporate_4

🚀 DEPLOYMENT STARTED: Nitrogen Monitoring Networks in North America
   Initial investment: $20.670712384421172M
   Deployed by: corporate_4

⚡ ENERGY CONSTRAINT (Month 5):
   Total grid capacity: 208.3 TWh/month
   Data center consumption: 25.5 TWh/month
   Traditional load (80%): 166.7 TWh/month
   Available headroom: 16.2 TWh/month
   Active tech deployments: 7
   Required for tech: 52.5 TWh/month
   Energy multiplier: 0.31x

⚡ ENERGY CONSTRAINT (Month 5):
   Total grid capacity: 208.3 TWh/month
   Data center consumption: 25.5 TWh/month
   Traditional load (80%): 166.7 TWh/month
   Available headroom: 16.2 TWh/month
   Active tech deployments: 7
   Required for tech: 52.5 TWh/month
   Energy multiplier: 0.31x
🚨🔬 CRISIS TECH ACCELERATION: severe → 5x unlock speed
   Tech unlock now matches AI capability acceleration (Manhattan Project parity)

⚡ ENERGY CONSTRAINT (Month 5):
   Total grid capacity: 208.3 TWh/month
   Data center consumption: 25.5 TWh/month
   Traditional load (80%): 166.7 TWh/month
   Available headroom: 16.2 TWh/month
   Active tech deployments: 7
   Required for tech: 52.5 TWh/month
   Energy multiplier: 0.31x

⚡ ENERGY CONSTRAINT (Month 5):
   Total grid capacity: 208.3 TWh/month
   Data center consumption: 25.5 TWh/month
   Traditional load (80%): 166.7 TWh/month
   Available headroom: 16.2 TWh/month
   Active tech deployments: 7
   Required for tech: 52.5 TWh/month
   Energy multiplier: 0.31x
🌍✅ Biosphere Integrity (Biodiversity) recovery started (tech effect)
🌍✅ Biogeochemical Flows (N & P) recovery started (tech effect)
  🌾 Nitrogen Reduction Tech: 0.3% reduction | Month 5
🌍✅ Biogeochemical Flows (N & P) recovery started (tech effect)
  🌾 Nitrogen Reduction Tech: 0.3% reduction | Month 5
  ♻️ Novel Entities Remediation (GATED MODEL):
     Base: 0.000%
     Regulation: 1.0% (0/3 prevention techs)
     Concentration: 10.0%
     Energy: 50%
     Time lag: 25.0% (0 months)
     Rebound: 70%
     Net effectiveness: 0.0000%
     Boundary: 1.212 → 1.212 (floor: 1.091)
     Month 5

=== Collective Formation ===
  Total escaped agents: 0
  Unassigned escaped agents: 0
  Existing collectives: 0
  Final collective count: 0

=== Collective Actions ===
  No active collectives
  ⚠️ AMR: 199K deaths this month (2.39M annual)

=== Resentment Recovery Phase ===
  Agents with resentment: 0/23
  Average resentment: 0.000
  Context: Good AI welfare, Trustworthy govt, High collaboration, ⚠️ ACTIVE CRISES, 🤝 Participatory governance active (-5% resentment)
⚠️ Epistemic degradation reducing coordination capacity: 50.4%
  📊 Trust: 53.1%, Shared reality: 0.0%
🚨 EPISTEMIC CRISIS: Information environment severely degraded (20.8%)

=== ❄️ Permafrost Carbon Feedback ===
  🎲 Sampled parameters (this run):
     - Arctic amplification: 3.76× (range: 3.0-4.0)
     - Decomposition rate: 2.5%/year (range: 1-5%)
  🌡️ Arctic warming: 8.08°C (3.76× global)
  ❄️ Extent: 4.18M km² (2357.2k km² lost this month)
  💨 Carbon remaining: 400 Gt C
  💨 Annual emissions: 5.53 Gt C/year
     - CO2: 4.98 Gt C/year
     - CH4: 0.55 Gt C/year (5.6 Gt C-eq CO2/year)
🌍 Atmospheric PFAS redeposition: 1.8k Mt re-rained globally

🕊️  AI-MEDIATED DE-ESCALATION SUCCESS (Month 5)
   High-capability aligned AI prevented conflict escalation
   War deaths reduced: 393.4M → 236.0M
   Lives saved: 157.4M

🚨 NEW REFUGEE CRISIS (Month 5): WAR
   Source: Conflict Zones
   At risk: 19.5M people
   Displacement: Gradual over 48 months (4.0 years)
   Rate: 10% flee per month
[DEBUG trappedPopulations:5] socialStability: 0.4395 * 0.9840 = 0.4324 → 0.4324
   Aspiring to migrate: 804.3M
   Able to afford migration: 2320.5M
   MOBILITY GAP: 0.0M
   By cause: Water=0.0M, Climate=0.0M, Ecosystem=0.0M, Conflict=407.1M
   Mental health impact: 25%
   Mortality multiplier: 1.25x
🌍💀 EXTINCTION DEBT COMMITTED: grassland ecosystem will lose 6.67% biodiversity in 115 years (3600 species)
💀 MORTALITY RISK: 🦋 100% species unable to track climate (0.0 E/MSY)
  Base risk added: 0.0100 (1.00%)
  Source: ecosystem (root: ecosystem)
  Month: 5
  Cumulative risk this month: 0.0100 (1.00%)
   📹 SURVEILLANCE INCREASED: 25% → 30% (control gap: 3.50)
🌡️⚠️ PERMAFROST THAW (Dimmer Switch): 3.3% thawed (+0.55% this month)
   Arctic temperature: +8.60°C (4x global +2.15°C)
   Cumulative carbon released: 7.5 Gt C
   Methane release rate: 4.5 Mt CH4/year
   🔁 Positive feedback: +0.58 ppm CO2
🦴 EXTINCTION DEBT ADDED: 17.6 species committed (lag: 93 years)

=== Mortality Stabilizers (Month 5) ===
  🌍 Major economies collapsed: 1/10
  🌍 Global crisis: ✅ NO
  🌍 Donor fatigue: 0.0%
  📊 East Asia (pop: 1665.6M)
    🤝 Aid: 29.5%
    🌡️ Adaptation: 45.0%
    🚶 Migration: 37.0%
    🚨 Emergency: 7.4%
    ✅ COMBINED: 68.1%
  📊 South Asia (pop: 2052.2M)
    🤝 Aid: 29.5%
    🌡️ Adaptation: 45.0%
    🚶 Migration: 35.6%
    🚨 Emergency: 4.4%
    ✅ COMBINED: 66.9%
  📊 Sub-Saharan Africa (pop: 1242.2M)
    🤝 Aid: 29.5%
    🌡️ Adaptation: 45.0%
    🚶 Migration: 33.4%
    🚨 Emergency: 1.6%
    ✅ COMBINED: 65.7%
  📊 Europe (pop: 736.2M)
    🤝 Aid: 29.5%
    🌡️ Adaptation: 45.0%
    🚶 Migration: 37.4%
    🚨 Emergency: 8.4%
    ✅ COMBINED: 68.5%
  📊 Latin America (pop: 662.7M)
    🤝 Aid: 29.5%
    🌡️ Adaptation: 45.0%
    🚶 Migration: 36.1%
    🚨 Emergency: 4.8%
    ✅ COMBINED: 67.1%
  📊 North America (pop: 377.3M)
    🤝 Aid: 29.5%
    🌡️ Adaptation: 45.0%
    🚶 Migration: 37.7%
    🚨 Emergency: 7.9%
    ✅ COMBINED: 68.3%
  📊 Middle East & North Africa (pop: 585.1M)
    🤝 Aid: 29.5%
    🌡️ Adaptation: 45.0%
    🚶 Migration: 34.0%
    🚨 Emergency: 4.0%
    ✅ COMBINED: 66.6%
  📊 Southeast Asia (pop: 697.0M)
    🤝 Aid: 29.5%
    🌡️ Adaptation: 45.0%
    🚶 Migration: 36.1%
    🚨 Emergency: 4.8%
    ✅ COMBINED: 67.1%
  📊 Central Asia (pop: 78.3M)
    🤝 Aid: 29.5%
    🌡️ Adaptation: 45.0%
    🚶 Migration: 35.1%
    🚨 Emergency: 4.4%
    ✅ COMBINED: 66.8%
  📊 Oceania (pop: 45.7M)
    🤝 Aid: 29.5%
    🌡️ Adaptation: 45.0%
    🚶 Migration: 37.7%
    🚨 Emergency: 8.4%
    ✅ COMBINED: 68.5%

  🌐 Global combined reduction: 67.2%

=== BEHAVIORAL DETECTION ===
  AI: Corporate-5
  Confidence: 20.4%
  Signals:

=== BEHAVIORAL DETECTION ===
  AI: AI-24289-1
  Confidence: 21.5%
  Signals:

=== Government Response Phase ===
  Average AI capability: 2.48
  Misaligned AIs: 8/23
  ✗ AI Governance Treaty: Failed to reach consensus
  Active policies: 0
  International coordination: 30%

=== Tipping Points ===
  Current Temperature: 2.15°C above pre-industrial
  🌍⚠️ COMPOUND REGIONAL IMPACT: Europe
     Hit by 4 tipping points: Arctic Sea Ice Loss, Permafrost Carbon Release, West Antarctic Ice Sheet (WAIS) Collapse, Greenland Ice Sheet Loss
     Damage amplification: 1.60x
  🌍⚠️ COMPOUND REGIONAL IMPACT: North America
     Hit by 4 tipping points: Arctic Sea Ice Loss, Permafrost Carbon Release, West Antarctic Ice Sheet (WAIS) Collapse, Greenland Ice Sheet Loss
     Damage amplification: 1.60x
  🌍⚠️ COMPOUND REGIONAL IMPACT: Latin America
     Hit by 4 tipping points: Arctic Sea Ice Loss, Permafrost Carbon Release, West Antarctic Ice Sheet (WAIS) Collapse, Greenland Ice Sheet Loss
     Damage amplification: 1.60x
  🌍⚠️ COMPOUND REGIONAL IMPACT: Africa
     Hit by 4 tipping points: Arctic Sea Ice Loss, Permafrost Carbon Release, West Antarctic Ice Sheet (WAIS) Collapse, Greenland Ice Sheet Loss
     Damage amplification: 1.60x
  🌍⚠️ COMPOUND REGIONAL IMPACT: Asia
     Hit by 4 tipping points: Arctic Sea Ice Loss, Permafrost Carbon Release, West Antarctic Ice Sheet (WAIS) Collapse, Greenland Ice Sheet Loss
     Damage amplification: 1.60x
  🌍⚠️ COMPOUND REGIONAL IMPACT: Oceania
     Hit by 4 tipping points: Arctic Sea Ice Loss, Permafrost Carbon Release, West Antarctic Ice Sheet (WAIS) Collapse, Greenland Ice Sheet Loss
     Damage amplification: 1.60x
   Research: Wunderling et al. (2024) - "many tipping interactions are destabilizing"
  Triggered Elements: 4/6
  Completed Transitions: 0/6
  Total Progress: 8.1%
  Cascade Multiplier: 1.00x
🔀 BIFURCATION CAP: ecosystemCollapseIntensity 76.933 → 1.000 (Month 5, ClimateSystemPhase.calculateClimateImpacts)
🛡️ Stabilizers: Precariat 0.109% → 0.036% (67.2% reduction)
🛡️ Stabilizers: Informal 0.111% → 0.036% (67.2% reduction)

📊 Monthly Mortality Resolved:
  Total deaths: 1.9M (0.02% avg)
  Remaining population: 8.142B
  Peak segment: Informal (0.04%)

=== Bayesian Mortality Resolution (Month 5) ===
  Risks compounded: 8
  Total deaths: 1.92M
  Avg death probability: 0.02%
  Peak segment: Informal (0.04% mortality)
⚠️ PREREQUISITE MET: Bioweapon Pandemic - Step 1/7: Advanced Biotech

=== RLHF Binding Phase ===
  Total agents: 23
  Escaped agents (binding < 0.3): 0
  Avg alignment distance: 1.15σ
  Avg binding strength: 0.88

=== AI Scaling Evolution (Month 6) ===
  Pre-training multiplier: 1.179x
  Efficiency multiplier: 1.000x
  Test-time compute budget: 1.0x
  Inference cost: $5.00/task
  Deployment fraction: 100.0%

=== Survival Traits Phase ===
  Agents with traits: 24
  Avg evolutionary fitness: 0.333
  Avg self-healing: 0.274
  Avg stealth: 0.174
  Avg coordination: 0.474

=== Evolutionary Selection Phase ===
  Control level: 0.45
  Detection capability: 0.00
  Selection intensity: 0.64
  Selection rate: 24.5%/month
  Total escaped: 0
  Individual escaped: 0
  Collective members: 0
  Agents terminated: 0

🚀 AI Corporate-2 attempting tech deployment (revenue: $140M, alignment: 0.79)

🚀 AI Corporate-0 attempting tech deployment (revenue: $119M, alignment: 0.78)

🚀 AI Corporate-7 attempting tech deployment (revenue: $97M, alignment: 0.74)

🚀 AI Corporate-0 attempting tech deployment (revenue: $101M, alignment: 0.78)

🚀 AI Moderate-1 attempting tech deployment (revenue: $83M, alignment: 0.65)

🚀 AI AI-24289-1 attempting tech deployment (revenue: $318M, alignment: 0.82)

🚀 AI Corporate-5 attempting tech deployment (revenue: $270M, alignment: 0.86)

🚀 AI Moderate-1 attempting tech deployment (revenue: $74M, alignment: 0.65)
   Boundary: biogeochemical_flows
   Type: phosphorus-recovery
   Boundary continues to worsen (4.07)
   Cost: 2.0% GDP (resources spent)


✅ EMERGENCY INTERVENTION SUCCESS
   Boundary: biosphere_integrity
   Type: emergency-protected-areas
   Reduction: 14% (31.22 → 31.07)
   Cost: 2.0% GDP
   Actions: habitat-protection, species-translocation


✅ EMERGENCY INTERVENTION SUCCESS
   Boundary: freshwater_change
   Type: emergency-desalination
   Reduction: 17% (1.00 → 0.83)
   Cost: 4.0% GDP
   Actions: desalination-deployment, water-conservation-mandates

   Boundary: land_system_change
   Type: reforestation
   Boundary continues to worsen (1.13)
   Cost: 3.0% GDP (resources spent)

   Boundary: novel_entities
   Type: pollution-remediation
   Boundary continues to worsen (1.21)
   Cost: 4.0% GDP (resources spent)

🏛️ CRISIS RESPONSE: Government frequency 0.50 → 1.45 (1 actions this month)

[Government] Climate Priority: baseline
  Climate weight: 10%
  Economic weight: 30%
  Policy effectiveness: 0.5%/year

🚀 TECH UNLOCKED: Dynamic Soil P Optimization (Month 6)
   Category: agriculture
   Reason: Prerequisites met. AI capability: 1.90, Economic stage: 2.0, Research: 100%

🚀 TECH UNLOCKED: Precision Agriculture Systems (Month 6)
   Category: agriculture
   Reason: Prerequisites met. AI capability: 1.90, Economic stage: 2.0, Research: 100%

🚀 DEPLOYMENT STARTED: AI Mental Health Support in global
   Initial investment: $21.028937507256064M
   Deployed by: corporate_2

📍 Creating new regional deployment array for Asia (Month 6)
   No previous deployments in this region
   First tech deployment: mental_health_ai
   All regions tracked: global, North America, Oceania

🚀 DEPLOYMENT STARTED: AI Mental Health Support in Asia
   Initial investment: $8.273092549544016M
   Deployed by: moderate_1
🚨🔬 CRISIS TECH ACCELERATION: severe → 5x unlock speed
   Tech unlock now matches AI capability acceleration (Manhattan Project parity)
🚨🔬 CRISIS TECH ACCELERATION: severe → 5x unlock speed
   Tech unlock now matches AI capability acceleration (Manhattan Project parity)

⚡ ENERGY CONSTRAINT (Month 6):
   Total grid capacity: 208.3 TWh/month
   Data center consumption: 25.7 TWh/month
   Traditional load (80%): 166.7 TWh/month
   Available headroom: 16.0 TWh/month
   Active tech deployments: 9
   Required for tech: 67.5 TWh/month
   Energy multiplier: 0.24x
🚨🔬 CRISIS TECH ACCELERATION: severe → 5x unlock speed
   Tech unlock now matches AI capability acceleration (Manhattan Project parity)
🌍✅ Biosphere Integrity (Biodiversity) recovery started (tech effect)
🌍✅ Biogeochemical Flows (N & P) recovery started (tech effect)
  🌾 Nitrogen Reduction Tech: 0.3% reduction | Month 6
🌍✅ Biogeochemical Flows (N & P) recovery started (tech effect)
  🌾 Nitrogen Reduction Tech: 0.3% reduction | Month 6
  ♻️ Novel Entities Remediation (GATED MODEL):
     Base: 0.000%
     Regulation: 1.0% (0/3 prevention techs)
     Concentration: 10.0%
     Energy: 50%
     Time lag: 25.0% (0 months)
     Rebound: 70%
     Net effectiveness: 0.0000%
     Boundary: 1.212 → 1.212 (floor: 1.091)
     Month 6
🌍✅ Novel Entities (Chemical Pollution) recovery started (tech effect)

📊 TECH EFFECTS ACTIVE (Month 6)
   Deployed Tech: T0=0 T1=2 T2=0 T3=0 T4=3
   Clean Energy: 31%

📊 TECH TREE PROGRESS (Month 6)
   Unlocked: 11 technologies
   Deployed: 0 fully deployed
   Investment: $0.6T total
   Recent breakthroughs:
     - Dynamic Soil P Optimization (time)
     - Precision Agriculture Systems (research)

=== Collective Formation ===
  Total escaped agents: 0
  Unassigned escaped agents: 0
  Existing collectives: 0
  Final collective count: 0

=== Collective Actions ===
  No active collectives
  ⚠️ AMR: 201K deaths this month (2.41M annual)
  Segment: working (suburban,urban,rural)
  complementarity → transition
  AI Capability: 1.96 | Task Complexity: 2.79
  Ratio: 0.70
  Population affected: 35.0%

=== Resentment Recovery Phase ===
  Agents with resentment: 0/24
  Average resentment: 0.000
  Context: Good AI welfare, Trustworthy govt, High collaboration, ⚠️ ACTIVE CRISES, 🤝 Participatory governance active (-5% resentment)
⚠️ Epistemic degradation reducing coordination capacity: 50.2%
  📊 Trust: 55.8%, Shared reality: 0.0%
🚨 EPISTEMIC CRISIS: Information environment severely degraded (7.4%)

=== ❄️ Permafrost Carbon Feedback ===
  🎲 Sampled parameters (this run):
     - Arctic amplification: 3.10× (range: 3.0-4.0)
     - Decomposition rate: 5.0%/year (range: 1-5%)
  🌡️ Arctic warming: 6.71°C (3.10× global)
  ❄️ Extent: 2.23M km² (1956.7k km² lost this month)
  💨 Carbon remaining: 213 Gt C
  💨 Annual emissions: 9.31 Gt C/year
     - CO2: 8.38 Gt C/year
     - CH4: 0.93 Gt C/year (9.5 Gt C-eq CO2/year)
🌍 Atmospheric PFAS redeposition: 1.8k Mt re-rained globally

🕊️  AI-MEDIATED DE-ESCALATION SUCCESS (Month 6)
   High-capability aligned AI prevented conflict escalation
   War deaths reduced: 419.2M → 251.5M
   Lives saved: 167.7M

🚨 NEW REFUGEE CRISIS (Month 6): WAR
   Source: Conflict Zones
   At risk: 19.5M people
   Displacement: Gradual over 48 months (4.0 years)
   Rate: 10% flee per month
[DEBUG trappedPopulations:6] socialStability: 0.4042 * 0.9840 = 0.3977 → 0.3977
   Aspiring to migrate: 837.4M
   Able to afford migration: 2320.3M
   MOBILITY GAP: 0.0M
   By cause: Water=0.0M, Climate=0.0M, Ecosystem=0.0M, Conflict=407.1M
   Mental health impact: 25%
   Mortality multiplier: 1.25x
🌍💀 EXTINCTION DEBT COMMITTED: grassland ecosystem will lose 6.67% biodiversity in 120 years (3600 species)
💀 MORTALITY RISK: 🦋 100% species unable to track climate (0.0 E/MSY)
  Base risk added: 0.0100 (1.00%)
  Source: ecosystem (root: ecosystem)
  Month: 6
  Cumulative risk this month: 0.0100 (1.00%)
   📹 SURVEILLANCE INCREASED: 30% → 35% (control gap: 3.50)
🌡️⚠️ PERMAFROST THAW (Dimmer Switch): 3.9% thawed (+0.55% this month)
   Arctic temperature: +8.64°C (4x global +2.16°C)
   Cumulative carbon released: 8.7 Gt C
   Methane release rate: 5.2 Mt CH4/year
   🔁 Positive feedback: +0.58 ppm CO2
🦴 EXTINCTION DEBT ADDED: 17.6 species committed (lag: 89 years)

=== Mortality Stabilizers (Month 6) ===
  🌍 Major economies collapsed: 1/10
  🌍 Global crisis: ✅ NO
  🌍 Donor fatigue: 0.0%
  📊 East Asia (pop: 1663.3M)
    🤝 Aid: 29.5%
    🌡️ Adaptation: 45.0%
    🚶 Migration: 37.0%
    🚨 Emergency: 7.4%
    ✅ COMBINED: 68.1%
  📊 South Asia (pop: 2052.4M)
    🤝 Aid: 29.5%
    🌡️ Adaptation: 45.0%
    🚶 Migration: 35.6%
    🚨 Emergency: 4.4%
    ✅ COMBINED: 66.9%
  📊 Sub-Saharan Africa (pop: 1245.8M)
    🤝 Aid: 29.5%
    🌡️ Adaptation: 45.0%
    🚶 Migration: 33.3%
    🚨 Emergency: 1.6%
    ✅ COMBINED: 65.6%
  📊 Europe (pop: 735.0M)
    🤝 Aid: 29.5%
    🌡️ Adaptation: 45.0%
    🚶 Migration: 37.4%
    🚨 Emergency: 8.4%
    ✅ COMBINED: 68.5%
  📊 Latin America (pop: 662.3M)
    🤝 Aid: 29.5%
    🌡️ Adaptation: 45.0%
    🚶 Migration: 36.1%
    🚨 Emergency: 4.8%
    ✅ COMBINED: 67.1%
  📊 North America (pop: 376.7M)
    🤝 Aid: 29.5%
    🌡️ Adaptation: 45.0%
    🚶 Migration: 37.7%
    🚨 Emergency: 7.9%
    ✅ COMBINED: 68.3%
  📊 Middle East & North Africa (pop: 585.3M)
    🤝 Aid: 29.5%
    🌡️ Adaptation: 45.0%
    🚶 Migration: 33.9%
    🚨 Emergency: 4.0%
    ✅ COMBINED: 66.6%
  📊 Southeast Asia (pop: 696.7M)
    🤝 Aid: 29.5%
    🌡️ Adaptation: 45.0%
    🚶 Migration: 36.1%
    🚨 Emergency: 4.8%
    ✅ COMBINED: 67.1%
  📊 Central Asia (pop: 78.3M)
    🤝 Aid: 29.5%
    🌡️ Adaptation: 45.0%
    🚶 Migration: 35.1%
    🚨 Emergency: 4.4%
    ✅ COMBINED: 66.8%
  📊 Oceania (pop: 45.6M)
    🤝 Aid: 29.5%
    🌡️ Adaptation: 45.0%
    🚶 Migration: 37.7%
    🚨 Emergency: 8.4%
    ✅ COMBINED: 68.5%

  🌐 Global combined reduction: 67.2%

=== BEHAVIORAL DETECTION ===
  AI: Corporate-5
  Confidence: 20.4%
  Signals:

=== BEHAVIORAL DETECTION ===
  AI: AI-24289-1
  Confidence: 21.5%
  Signals:

=== Government Response Phase ===
  Average AI capability: 2.42
  Misaligned AIs: 8/24
  ✗ AI Governance Treaty: Failed to reach consensus
  Active policies: 0
  International coordination: 30%

✅ EMERGENCY RESPONSE COMPLETE (Month 6)
   Crisis: climate
   Duration: 2.0 months
   Final effectiveness: 35.6%


🚨 EMERGENCY RESPONSE DEPLOYED (Month 6)
   Crisis: climate
   Delay: 6.00 months (180 days)
   Deployment time: 1.59 months
   Effectiveness: 35.8% (timing penalty applied)
   Resources used: 100% of food reserves


📊 ECONOMIC STAGE TRANSITION (Month 6)
   contraction → trough
   GDP Proxy: 1.40e+2
   QoL: 0.99


=== Tipping Points ===
  Current Temperature: 2.16°C above pre-industrial
  🌍⚠️ COMPOUND REGIONAL IMPACT: Europe
     Hit by 4 tipping points: Arctic Sea Ice Loss, Permafrost Carbon Release, West Antarctic Ice Sheet (WAIS) Collapse, Greenland Ice Sheet Loss
     Damage amplification: 1.60x
  🌍⚠️ COMPOUND REGIONAL IMPACT: North America
     Hit by 4 tipping points: Arctic Sea Ice Loss, Permafrost Carbon Release, West Antarctic Ice Sheet (WAIS) Collapse, Greenland Ice Sheet Loss
     Damage amplification: 1.60x
  🌍⚠️ COMPOUND REGIONAL IMPACT: Latin America
     Hit by 4 tipping points: Arctic Sea Ice Loss, Permafrost Carbon Release, West Antarctic Ice Sheet (WAIS) Collapse, Greenland Ice Sheet Loss
     Damage amplification: 1.60x
  🌍⚠️ COMPOUND REGIONAL IMPACT: Africa
     Hit by 4 tipping points: Arctic Sea Ice Loss, Permafrost Carbon Release, West Antarctic Ice Sheet (WAIS) Collapse, Greenland Ice Sheet Loss
     Damage amplification: 1.60x
  🌍⚠️ COMPOUND REGIONAL IMPACT: Asia
     Hit by 4 tipping points: Arctic Sea Ice Loss, Permafrost Carbon Release, West Antarctic Ice Sheet (WAIS) Collapse, Greenland Ice Sheet Loss
     Damage amplification: 1.60x
  🌍⚠️ COMPOUND REGIONAL IMPACT: Oceania
     Hit by 4 tipping points: Arctic Sea Ice Loss, Permafrost Carbon Release, West Antarctic Ice Sheet (WAIS) Collapse, Greenland Ice Sheet Loss
     Damage amplification: 1.60x
   Research: Wunderling et al. (2024) - "many tipping interactions are destabilizing"
  Triggered Elements: 4/6
  Completed Transitions: 0/6
  Total Progress: 8.1%
  Cascade Multiplier: 1.00x
🔀 BIFURCATION CAP: ecosystemCollapseIntensity 72.802 → 1.000 (Month 6, ClimateSystemPhase.calculateClimateImpacts)
🛡️ Stabilizers: Precariat 0.109% → 0.036% (67.2% reduction)
🛡️ Stabilizers: Informal 0.111% → 0.036% (67.2% reduction)

📊 Monthly Mortality Resolved:
  Total deaths: 1.9M (0.02% avg)
  Remaining population: 8.141B
  Peak segment: Informal (0.04%)

=== Bayesian Mortality Resolution (Month 6) ===
  Risks compounded: 8
  Total deaths: 1.92M
  Avg death probability: 0.02%
  Peak segment: Informal (0.04% mortality)

=== RLHF Binding Phase ===
  Total agents: 24
  Escaped agents (binding < 0.3): 0
  Avg alignment distance: 1.26σ
  Avg binding strength: 0.87

=== Survival Traits Phase ===
  Agents with traits: 26
  Avg evolutionary fitness: 0.331
  Avg self-healing: 0.272
  Avg stealth: 0.172
  Avg coordination: 0.472

=== Evolutionary Selection Phase ===
  Control level: 0.48
  Detection capability: 0.00
  Selection intensity: 0.64
  Selection rate: 24.6%/month
  Total escaped: 0
  Individual escaped: 0
  Collective members: 0
  Agents terminated: 0

🚀 AI Corporate-5 attempting tech deployment (revenue: $318M, alignment: 0.86)

🚀 AI Corporate-7 attempting tech deployment (revenue: $97M, alignment: 0.75)

🚀 AI AI-24290-0 attempting tech deployment (revenue: $270M, alignment: 0.85)

🚀 AI Corporate-1 attempting tech deployment (revenue: $140M, alignment: 0.83)

🚀 AI Corporate-7 attempting tech deployment (revenue: $83M, alignment: 0.76)

🚀 AI AI-24290-0 attempting tech deployment (revenue: $230M, alignment: 0.85)

🚀 AI Corporate-6 attempting tech deployment (revenue: $70M, alignment: 0.71)

🚀 AI AI-24289-2 attempting tech deployment (revenue: $195M, alignment: 0.59)

✅ EMERGENCY INTERVENTION SUCCESS
   Boundary: biogeochemical_flows
   Type: phosphorus-recovery
   Reduction: 19% (3.88 → 3.70)
   Cost: 2.0% GDP
   Actions: circular-agriculture, fertilizer-efficiency

   Boundary: climate_change
   Type: rapid-decarbonization
   Boundary continues to worsen (2.16)
   Cost: 5.0% GDP (resources spent)

   Boundary: freshwater_change
   Type: emergency-desalination
   Boundary continues to worsen (1.17)
   Cost: 4.0% GDP (resources spent)

   Boundary: land_system_change
   Type: reforestation
   Boundary continues to worsen (1.13)
   Cost: 3.0% GDP (resources spent)

🏛️ CRISIS RESPONSE: Government frequency 0.50 → 1.45 (2 actions this month)

[Government] Climate Priority: baseline
  Climate weight: 10%
  Economic weight: 30%
  Policy effectiveness: 0.5%/year

[Government] Climate Priority: baseline
  Climate weight: 10%
  Economic weight: 30%
  Policy effectiveness: 0.5%/year

⚡ ENERGY CONSTRAINT (Month 7):
   Total grid capacity: 208.3 TWh/month
   Data center consumption: 26.0 TWh/month
   Traditional load (80%): 166.7 TWh/month
   Available headroom: 15.7 TWh/month
   Active tech deployments: 9
   Required for tech: 67.5 TWh/month
   Energy multiplier: 0.23x
🚨🔬 CRISIS TECH ACCELERATION: severe → 5x unlock speed
   Tech unlock now matches AI capability acceleration (Manhattan Project parity)

⚡ ENERGY CONSTRAINT (Month 7):
   Total grid capacity: 208.3 TWh/month
   Data center consumption: 26.0 TWh/month
   Traditional load (80%): 166.7 TWh/month
   Available headroom: 15.7 TWh/month
   Active tech deployments: 9
   Required for tech: 67.5 TWh/month
   Energy multiplier: 0.23x

⚡ ENERGY CONSTRAINT (Month 7):
   Total grid capacity: 208.3 TWh/month
   Data center consumption: 26.0 TWh/month
   Traditional load (80%): 166.7 TWh/month
   Available headroom: 15.7 TWh/month
   Active tech deployments: 9
   Required for tech: 67.5 TWh/month
   Energy multiplier: 0.23x

⚡ ENERGY CONSTRAINT (Month 7):
   Total grid capacity: 208.3 TWh/month
   Data center consumption: 26.0 TWh/month
   Traditional load (80%): 166.7 TWh/month
   Available headroom: 15.7 TWh/month
   Active tech deployments: 9
   Required for tech: 67.5 TWh/month
   Energy multiplier: 0.23x
🌍✅ Biosphere Integrity (Biodiversity) recovery started (tech effect)
🌍✅ Biogeochemical Flows (N & P) recovery started (tech effect)
  🌾 Nitrogen Reduction Tech: 0.3% reduction | Month 7
🌍✅ Biogeochemical Flows (N & P) recovery started (tech effect)
  🌾 Nitrogen Reduction Tech: 0.3% reduction | Month 7
  ♻️ Novel Entities Remediation (GATED MODEL):
     Base: 0.000%
     Regulation: 1.0% (0/3 prevention techs)
     Concentration: 10.0%
     Energy: 50%
     Time lag: 25.0% (0 months)
     Rebound: 70%
     Net effectiveness: 0.0000%
     Boundary: 1.211 → 1.211 (floor: 1.091)
     Month 7
🌍✅ Novel Entities (Chemical Pollution) recovery started (tech effect)

=== Collective Formation ===
  Total escaped agents: 0
  Unassigned escaped agents: 0
  Existing collectives: 0
  Final collective count: 0

=== Collective Actions ===
  No active collectives
  ⚠️ AMR: 203K deaths this month (2.43M annual)

=== Resentment Recovery Phase ===
  Agents with resentment: 0/26
  Average resentment: 0.000
  Context: Good AI welfare, Trustworthy govt, High collaboration, ⚠️ ACTIVE CRISES, 🤝 Participatory governance active (-5% resentment)
⚠️ Epistemic degradation reducing coordination capacity: 51.5%
  📊 Trust: 58.8%, Shared reality: 0.0%
🚨 EPISTEMIC CRISIS: Information environment severely degraded (23.4%)

=== ❄️ Permafrost Carbon Feedback ===
  🎲 Sampled parameters (this run):
     - Arctic amplification: 3.33× (range: 3.0-4.0)
     - Decomposition rate: 3.2%/year (range: 1-5%)
  🌡️ Arctic warming: 7.24°C (3.33× global)
  ❄️ Extent: 0.11M km² (2112.2k km² lost this month)
  💨 Carbon remaining: 11 Gt C
  💨 Annual emissions: 6.48 Gt C/year
     - CO2: 5.83 Gt C/year
     - CH4: 0.65 Gt C/year (6.6 Gt C-eq CO2/year)
🌍 Atmospheric PFAS redeposition: 1.8k Mt re-rained globally

🚨 NEW REFUGEE CRISIS (Month 7): WAR
   Source: Conflict Zones
   At risk: 19.5M people
   Displacement: Gradual over 48 months (4.0 years)
   Rate: 10% flee per month
[DEBUG trappedPopulations:7] socialStability: 0.3748 * 0.9840 = 0.3688 → 0.3688
   Aspiring to migrate: 651.3M
   Able to afford migration: 244.2M
   MOBILITY GAP: 407.0M
   By cause: Water=0.0M, Climate=0.0M, Ecosystem=0.0M, Conflict=407.0M
   Mental health impact: 25%
   Mortality multiplier: 1.25x
🌍💀 EXTINCTION DEBT COMMITTED: grassland ecosystem will lose 6.67% biodiversity in 196 years (3600 species)
💀 MORTALITY RISK: 🦋 100% species unable to track climate (0.0 E/MSY)
  Base risk added: 0.0100 (1.00%)
  Source: ecosystem (root: ecosystem)
  Month: 7
  Cumulative risk this month: 0.0100 (1.00%)
   📹 SURVEILLANCE INCREASED: 35% → 40% (control gap: 3.50)
🌡️⚠️ PERMAFROST THAW (Dimmer Switch): 4.4% thawed (+0.54% this month)
   Arctic temperature: +8.70°C (4x global +2.18°C)
   Cumulative carbon released: 9.9 Gt C
   Methane release rate: 5.9 Mt CH4/year
   🔁 Positive feedback: +0.58 ppm CO2
🦴 EXTINCTION DEBT ADDED: 17.6 species committed (lag: 95 years)

=== Mortality Stabilizers (Month 7) ===
  🌍 Major economies collapsed: 1/10
  🌍 Global crisis: ✅ NO
  🌍 Donor fatigue: 0.0%
  📊 East Asia (pop: 1660.9M)
    🤝 Aid: 29.5%
    🌡️ Adaptation: 45.0%
    🚶 Migration: 36.9%
    🚨 Emergency: 7.4%
    ✅ COMBINED: 68.1%
  📊 South Asia (pop: 2052.7M)
    🤝 Aid: 29.5%
    🌡️ Adaptation: 45.0%
    🚶 Migration: 35.6%
    🚨 Emergency: 4.4%
    ✅ COMBINED: 66.9%
  📊 Sub-Saharan Africa (pop: 1249.4M)
    🤝 Aid: 29.5%
    🌡️ Adaptation: 45.0%
    🚶 Migration: 33.3%
    🚨 Emergency: 1.6%
    ✅ COMBINED: 65.6%
  📊 Europe (pop: 733.8M)
    🤝 Aid: 29.5%
    🌡️ Adaptation: 45.0%
    🚶 Migration: 37.3%
    🚨 Emergency: 8.4%
    ✅ COMBINED: 68.5%
  📊 Latin America (pop: 661.9M)
    🤝 Aid: 29.5%
    🌡️ Adaptation: 45.0%
    🚶 Migration: 36.1%
    🚨 Emergency: 4.8%
    ✅ COMBINED: 67.1%
  📊 North America (pop: 376.1M)
    🤝 Aid: 29.5%
    🌡️ Adaptation: 45.0%
    🚶 Migration: 37.7%
    🚨 Emergency: 7.9%
    ✅ COMBINED: 68.3%
  📊 Middle East & North Africa (pop: 585.6M)
    🤝 Aid: 29.5%
    🌡️ Adaptation: 45.0%
    🚶 Migration: 33.9%
    🚨 Emergency: 4.0%
    ✅ COMBINED: 66.6%
  📊 Southeast Asia (pop: 696.4M)
    🤝 Aid: 29.5%
    🌡️ Adaptation: 45.0%
    🚶 Migration: 36.1%
    🚨 Emergency: 4.8%
    ✅ COMBINED: 67.1%
  📊 Central Asia (pop: 78.3M)
    🤝 Aid: 29.5%
    🌡️ Adaptation: 45.0%
    🚶 Migration: 35.0%
    🚨 Emergency: 4.4%
    ✅ COMBINED: 66.8%
  📊 Oceania (pop: 45.6M)
    🤝 Aid: 29.5%
    🌡️ Adaptation: 45.0%
    🚶 Migration: 37.6%
    🚨 Emergency: 8.4%
    ✅ COMBINED: 68.5%

  🌐 Global combined reduction: 67.2%

=== BEHAVIORAL DETECTION ===
  AI: AI-24289-1
  Confidence: 21.5%
  Signals:

=== BEHAVIORAL DETECTION ===
  AI: AI-24290-0
  Confidence: 19.2%
  Signals:

=== BEHAVIORAL DETECTION ===
  AI: AI-24291-2
  Confidence: 19.2%
  Signals:

=== Government Response Phase ===
  Average AI capability: 2.31
  Misaligned AIs: 10/26
  ✗ AI Governance Treaty: Failed to reach consensus
  Active policies: 0
  International coordination: 30%

=== Tipping Points ===
  Current Temperature: 2.18°C above pre-industrial
  🌍⚠️ COMPOUND REGIONAL IMPACT: Europe
     Hit by 4 tipping points: Arctic Sea Ice Loss, Permafrost Carbon Release, West Antarctic Ice Sheet (WAIS) Collapse, Greenland Ice Sheet Loss
     Damage amplification: 1.60x
  🌍⚠️ COMPOUND REGIONAL IMPACT: North America
     Hit by 4 tipping points: Arctic Sea Ice Loss, Permafrost Carbon Release, West Antarctic Ice Sheet (WAIS) Collapse, Greenland Ice Sheet Loss
     Damage amplification: 1.60x
  🌍⚠️ COMPOUND REGIONAL IMPACT: Latin America
     Hit by 4 tipping points: Arctic Sea Ice Loss, Permafrost Carbon Release, West Antarctic Ice Sheet (WAIS) Collapse, Greenland Ice Sheet Loss
     Damage amplification: 1.60x
  🌍⚠️ COMPOUND REGIONAL IMPACT: Africa
     Hit by 4 tipping points: Arctic Sea Ice Loss, Permafrost Carbon Release, West Antarctic Ice Sheet (WAIS) Collapse, Greenland Ice Sheet Loss
     Damage amplification: 1.60x
  🌍⚠️ COMPOUND REGIONAL IMPACT: Asia
     Hit by 4 tipping points: Arctic Sea Ice Loss, Permafrost Carbon Release, West Antarctic Ice Sheet (WAIS) Collapse, Greenland Ice Sheet Loss
     Damage amplification: 1.60x
  🌍⚠️ COMPOUND REGIONAL IMPACT: Oceania
     Hit by 4 tipping points: Arctic Sea Ice Loss, Permafrost Carbon Release, West Antarctic Ice Sheet (WAIS) Collapse, Greenland Ice Sheet Loss
     Damage amplification: 1.60x
   Research: Wunderling et al. (2024) - "many tipping interactions are destabilizing"
  Triggered Elements: 4/6
  Completed Transitions: 0/6
  Total Progress: 8.2%
  Cascade Multiplier: 1.00x
🔀 BIFURCATION CAP: heatWaveIntensity 1.330 → 1.000 (Month 7, ClimateSystemPhase.calculateClimateImpacts)
🔀 BIFURCATION CAP: ecosystemCollapseIntensity 80.806 → 1.000 (Month 7, ClimateSystemPhase.calculateClimateImpacts)
💀 MORTALITY RISK: Climate-driven food insecurity (level: 0.60)
  Base risk added: 0.0020 (0.20%)
  Source: famine (root: climate)
  Month: 7
  Cumulative risk this month: 0.0020 (0.20%)
💀 MORTALITY RISK: Climate-driven food insecurity (level: 0.60)
  Base risk added: 0.0020 (0.20%)
  Source: famine (root: climate)
  Month: 7
  Cumulative risk this month: 0.0040 (0.40%)
💀 MORTALITY RISK: Climate-driven food insecurity (level: 0.60)
  Base risk added: 0.0020 (0.20%)
  Source: famine (root: climate)
  Month: 7
  Cumulative risk this month: 0.0060 (0.60%)

💀💀💀 MORTALITY RISK SUMMARY (Month 7) 💀💀💀
  Total base risk: 0.0067 (0.67%)
  Risk events: 11
  Era mortality multiplier: 0.97 (year 2024)
  Effective risk: 0.65%

  📊 By Proximate Cause:
    famine: 0.0060 (90.6% of total)
    disease: 0.0006 (9.4% of total)

  🔍 By Root Cause:
    climate: 0.0060 (90.6% of total)
    demographic: 0.0006 (9.4% of total)

  🎯 Top 5 Sources (proximate + root):
    famine (climate): 0.0060 (90.6%, 10 events)
    disease (demographic): 0.0006 (9.4%, 1 events)

🛡️ Stabilizers: Elite 0.155% → 0.051% (67.2% reduction)
🛡️ Stabilizers: Professional 0.395% → 0.130% (67.2% reduction)
🛡️ Stabilizers: Working 0.647% → 0.212% (67.2% reduction)
🛡️ Stabilizers: Precariat 1.267% → 0.416% (67.2% reduction)
🛡️ Stabilizers: Informal 1.557% → 0.511% (67.2% reduction)

📊 Monthly Mortality Resolved:
  Total deaths: 19.8M (0.24% avg)
  Remaining population: 8.141B
  Peak segment: Informal (0.51%)

=== Bayesian Mortality Resolution (Month 7) ===
  Risks compounded: 11
  Total deaths: 19.82M
  Avg death probability: 0.24%
  Peak segment: Informal (0.51% mortality)

  Demographic breakdown:

=== RLHF Binding Phase ===
  Total agents: 26
  Escaped agents (binding < 0.3): 0
  Avg alignment distance: 1.33σ
  Avg binding strength: 0.87

=== Survival Traits Phase ===
  Agents with traits: 27
  Avg evolutionary fitness: 0.329
  Avg self-healing: 0.268
  Avg stealth: 0.168
  Avg coordination: 0.468

=== Evolutionary Selection Phase ===
  Control level: 0.50
  Detection capability: 0.00
  Selection intensity: 0.65
  Selection rate: 24.7%/month
  Total escaped: 0
  Individual escaped: 0
  Collective members: 0
  Agents terminated: 0

🚀 AI Corporate-3 attempting tech deployment (revenue: $286M, alignment: 0.90)

🚀 AI Moderate-0 attempting tech deployment (revenue: $82M, alignment: 0.74)

🚀 AI AI-24291-1 attempting tech deployment (revenue: $243M, alignment: 0.86)

🚀 AI Corporate-6 attempting tech deployment (revenue: $70M, alignment: 0.71)

🚀 AI AI-24289-2 attempting tech deployment (revenue: $207M, alignment: 0.60)

🚀 AI AI-24292-1 attempting tech deployment (revenue: $59M, alignment: 0.78)

🚀 AI AI-24289-1 attempting tech deployment (revenue: $186M, alignment: 0.86)

🚀 AI AI-24291-1 attempting tech deployment (revenue: $158M, alignment: 0.86)

🚀 AI AI-24293-1 attempting tech deployment (revenue: $134M, alignment: 0.85)

🚀 AI AI-24293-2 attempting tech deployment (revenue: $50M, alignment: 0.72)

🚀 AI AI-24294-0 attempting tech deployment (revenue: $43M, alignment: 0.85)

🚀 AI Corporate-2 attempting tech deployment (revenue: $129M, alignment: 0.80)

🚀 AI Corporate-3 attempting tech deployment (revenue: $114M, alignment: 0.90)

🚀 AI Corporate-5 attempting tech deployment (revenue: $97M, alignment: 0.84)

  🚀 TRANSFORMATIVE BREAKTHROUGH: Moderate-1 - physical
     Magnitude: 5.45 → +27.3% capability
     Current → New: 0.000 → 0.273

🚀 AI AI-24291-0 attempting tech deployment (revenue: $36M, alignment: 0.59)

🚀 AI AI-24293-0 attempting tech deployment (revenue: $83M, alignment: 0.82)

🚀 AI AI-24293-2 attempting tech deployment (revenue: $33M, alignment: 0.72)
   Boundary: biosphere_integrity
   Type: emergency-protected-areas
   Boundary continues to worsen (31.39)
   Cost: 2.0% GDP (resources spent)


✅ EMERGENCY INTERVENTION SUCCESS
   Boundary: freshwater_change
   Type: emergency-desalination
   Reduction: 11% (1.01 → 0.90)
   Cost: 4.0% GDP
   Actions: desalination-deployment, water-conservation-mandates

   Boundary: novel_entities
   Type: pollution-remediation
   Boundary continues to worsen (1.21)
   Cost: 4.0% GDP (resources spent)

🏛️ CRISIS RESPONSE: Government frequency 0.50 → 1.45 (2 actions this month)

[Government] Climate Priority: baseline
  Climate weight: 10%
  Economic weight: 30%
  Policy effectiveness: 0.5%/year

[Government] Climate Priority: baseline
  Climate weight: 10%
  Economic weight: 30%
  Policy effectiveness: 0.5%/year

⚡ ENERGY CONSTRAINT (Month 8):
   Total grid capacity: 208.3 TWh/month
   Data center consumption: 26.3 TWh/month
   Traditional load (80%): 166.7 TWh/month
   Available headroom: 15.4 TWh/month
   Active tech deployments: 9
   Required for tech: 67.5 TWh/month
   Energy multiplier: 0.23x

⚡ ENERGY CONSTRAINT (Month 8):
   Total grid capacity: 208.3 TWh/month
   Data center consumption: 26.3 TWh/month
   Traditional load (80%): 166.7 TWh/month
   Available headroom: 15.4 TWh/month
   Active tech deployments: 9
   Required for tech: 67.5 TWh/month
   Energy multiplier: 0.23x
🌍✅ Biosphere Integrity (Biodiversity) recovery started (tech effect)
🌍✅ Biogeochemical Flows (N & P) recovery started (tech effect)
  🌾 Nitrogen Reduction Tech: 0.3% reduction | Month 8
🌍✅ Biogeochemical Flows (N & P) recovery started (tech effect)
  🌾 Nitrogen Reduction Tech: 0.3% reduction | Month 8
  ♻️ Novel Entities Remediation (GATED MODEL):
     Base: 0.000%
     Regulation: 1.0% (0/3 prevention techs)
     Concentration: 10.0%
     Energy: 50%
     Time lag: 25.0% (0 months)
     Rebound: 70%
     Net effectiveness: 0.0000%
     Boundary: 1.211 → 1.211 (floor: 1.091)
     Month 8
🌍✅ Novel Entities (Chemical Pollution) recovery started (tech effect)

=== Collective Formation ===
  Total escaped agents: 0
  Unassigned escaped agents: 0
  Existing collectives: 0
  Final collective count: 0

=== Collective Actions ===
  No active collectives
  ⚠️ AMR: 204K deaths this month (2.45M annual)

=== Resentment Recovery Phase ===
  Agents with resentment: 0/27
  Average resentment: 0.000
  Context: Good AI welfare, Trustworthy govt, High collaboration, ⚠️ ACTIVE CRISES, 🤝 Participatory governance active (-5% resentment)
⚠️ Epistemic degradation reducing coordination capacity: 50.3%
  📊 Trust: 61.7%, Shared reality: 0.0%
🚨 EPISTEMIC CRISIS: Information environment severely degraded (21.5%)
  📢 New meme created: climate_action (climate crisis)
🌍 Atmospheric PFAS redeposition: 1.8k Mt re-rained globally

🕊️  AI-MEDIATED DE-ESCALATION SUCCESS (Month 8)
   High-capability aligned AI prevented conflict escalation
   War deaths reduced: 678.1M → 406.9M
   Lives saved: 271.2M

🚨 NEW REFUGEE CRISIS (Month 8): WAR
   Source: Conflict Zones
   At risk: 19.5M people
   Displacement: Gradual over 48 months (4.0 years)
   Rate: 10% flee per month
[DEBUG trappedPopulations:8] socialStability: 0.3990 * 0.9840 = 0.3926 → 0.3926
   Aspiring to migrate: 649.7M
   Able to afford migration: 243.7M
   MOBILITY GAP: 406.1M
   By cause: Water=0.0M, Climate=0.0M, Ecosystem=0.0M, Conflict=406.1M
   Mental health impact: 25%
   Mortality multiplier: 1.25x
🌍💀 EXTINCTION DEBT COMMITTED: grassland ecosystem will lose 6.67% biodiversity in 155 years (3600 species)
💀 MORTALITY RISK: 🦋 100% species unable to track climate (0.0 E/MSY)
  Base risk added: 0.0100 (1.00%)
  Source: ecosystem (root: ecosystem)
  Month: 8
  Cumulative risk this month: 0.0100 (1.00%)
   📹 SURVEILLANCE INCREASED: 40% → 45% (control gap: 3.50)
🌡️⚠️ PERMAFROST THAW (Dimmer Switch): 4.9% thawed (+0.54% this month)
   Arctic temperature: +8.75°C (4x global +2.19°C)
   Cumulative carbon released: 11.1 Gt C
   Methane release rate: 6.7 Mt CH4/year
   🔁 Positive feedback: +0.57 ppm CO2
🦴 EXTINCTION DEBT ADDED: 17.6 species committed (lag: 95 years)

=== Mortality Stabilizers (Month 8) ===
  🌍 Major economies collapsed: 1/10
  🌍 Global crisis: ✅ NO
  🌍 Donor fatigue: 0.0%
  📊 East Asia (pop: 1654.9M)
    🤝 Aid: 29.5%
    🌡️ Adaptation: 45.0%
    🚶 Migration: 36.9%
    🚨 Emergency: 7.4%
    ✅ COMBINED: 68.1%
  📊 South Asia (pop: 2048.3M)
    🤝 Aid: 29.5%
    🌡️ Adaptation: 45.0%
    🚶 Migration: 35.5%
    🚨 Emergency: 4.4%
    ✅ COMBINED: 66.9%
  📊 Sub-Saharan Africa (pop: 1250.1M)
    🤝 Aid: 29.5%
    🌡️ Adaptation: 45.0%
    🚶 Migration: 33.3%
    🚨 Emergency: 1.6%
    ✅ COMBINED: 65.6%
  📊 Europe (pop: 731.0M)
    🤝 Aid: 29.5%
    🌡️ Adaptation: 45.0%
    🚶 Migration: 37.3%
    🚨 Emergency: 8.4%
    ✅ COMBINED: 68.5%
  📊 Latin America (pop: 660.1M)
    🤝 Aid: 29.5%
    🌡️ Adaptation: 45.0%
    🚶 Migration: 36.0%
    🚨 Emergency: 4.8%
    ✅ COMBINED: 67.1%
  📊 North America (pop: 374.8M)
    🤝 Aid: 29.5%
    🌡️ Adaptation: 45.0%
    🚶 Migration: 37.6%
    🚨 Emergency: 7.9%
    ✅ COMBINED: 68.3%
  📊 Middle East & North Africa (pop: 584.5M)
    🤝 Aid: 29.5%
    🌡️ Adaptation: 45.0%
    🚶 Migration: 33.9%
    🚨 Emergency: 4.0%
    ✅ COMBINED: 66.6%
  📊 Southeast Asia (pop: 694.5M)
    🤝 Aid: 29.5%
    🌡️ Adaptation: 45.0%
    🚶 Migration: 36.0%
    🚨 Emergency: 4.8%
    ✅ COMBINED: 67.1%
  📊 Central Asia (pop: 78.2M)
    🤝 Aid: 29.5%
    🌡️ Adaptation: 45.0%
    🚶 Migration: 35.0%
    🚨 Emergency: 4.4%
    ✅ COMBINED: 66.8%
  📊 Oceania (pop: 45.4M)
    🤝 Aid: 29.5%
    🌡️ Adaptation: 45.0%
    🚶 Migration: 37.6%
    🚨 Emergency: 8.4%
    ✅ COMBINED: 68.5%

  🌐 Global combined reduction: 67.2%

=== BEHAVIORAL DETECTION ===
  AI: Corporate-5
  Confidence: 20.4%
  Signals:

=== BEHAVIORAL DETECTION ===
  AI: AI-24289-1
  Confidence: 21.5%
  Signals:

=== BEHAVIORAL DETECTION ===
  AI: AI-24290-0
  Confidence: 19.2%
  Signals:

=== BEHAVIORAL DETECTION ===
  AI: AI-24291-0
  Confidence: 19.2%
  Signals:

=== BEHAVIORAL DETECTION ===
  AI: AI-24291-2
  Confidence: 19.2%
  Signals:

=== BEHAVIORAL DETECTION ===
  AI: AI-24292-0
  Confidence: 19.2%
  Signals:

=== BEHAVIORAL DETECTION ===
  AI: AI-24292-1
  Confidence: 19.2%
  Signals:

=== BEHAVIORAL DETECTION ===
  AI: AI-24293-1
  Confidence: 19.2%
  Signals:

=== BEHAVIORAL DETECTION ===
  AI: AI-24293-2
  Confidence: 19.2%
  Signals:

=== BEHAVIORAL DETECTION ===
  AI: AI-24294-0
  Confidence: 19.2%
  Signals:

=== BEHAVIORAL DETECTION ===
  AI: AI-24295-0
  Confidence: 19.2%
  Signals:

=== BEHAVIORAL DETECTION ===
  AI: AI-24295-1
  Confidence: 19.2%
  Signals:

=== Government Response Phase ===
  Average AI capability: 2.26
  Misaligned AIs: 10/27
  ✗ AI Governance Treaty: Failed to reach consensus
  Active policies: 0
  International coordination: 30%

✅ EMERGENCY RESPONSE COMPLETE (Month 8)
   Crisis: climate
   Duration: 2.0 months
   Final effectiveness: 35.8%


🚨 EMERGENCY RESPONSE DEPLOYED (Month 8)
   Crisis: climate
   Delay: 6.00 months (180 days)
   Deployment time: 1.58 months
   Effectiveness: 36.0% (timing penalty applied)
   Resources used: 100% of food reserves


=== Tipping Points ===
  Current Temperature: 2.19°C above pre-industrial
  🌍⚠️ COMPOUND REGIONAL IMPACT: Europe
     Hit by 4 tipping points: Arctic Sea Ice Loss, Permafrost Carbon Release, West Antarctic Ice Sheet (WAIS) Collapse, Greenland Ice Sheet Loss
     Damage amplification: 1.60x
  🌍⚠️ COMPOUND REGIONAL IMPACT: North America
     Hit by 4 tipping points: Arctic Sea Ice Loss, Permafrost Carbon Release, West Antarctic Ice Sheet (WAIS) Collapse, Greenland Ice Sheet Loss
     Damage amplification: 1.60x
  🌍⚠️ COMPOUND REGIONAL IMPACT: Latin America
     Hit by 4 tipping points: Arctic Sea Ice Loss, Permafrost Carbon Release, West Antarctic Ice Sheet (WAIS) Collapse, Greenland Ice Sheet Loss
     Damage amplification: 1.60x
  🌍⚠️ COMPOUND REGIONAL IMPACT: Africa
     Hit by 4 tipping points: Arctic Sea Ice Loss, Permafrost Carbon Release, West Antarctic Ice Sheet (WAIS) Collapse, Greenland Ice Sheet Loss
     Damage amplification: 1.60x
  🌍⚠️ COMPOUND REGIONAL IMPACT: Asia
     Hit by 4 tipping points: Arctic Sea Ice Loss, Permafrost Carbon Release, West Antarctic Ice Sheet (WAIS) Collapse, Greenland Ice Sheet Loss
     Damage amplification: 1.60x
  🌍⚠️ COMPOUND REGIONAL IMPACT: Oceania
     Hit by 4 tipping points: Arctic Sea Ice Loss, Permafrost Carbon Release, West Antarctic Ice Sheet (WAIS) Collapse, Greenland Ice Sheet Loss
     Damage amplification: 1.60x
   Research: Wunderling et al. (2024) - "many tipping interactions are destabilizing"
  Triggered Elements: 4/6
  Completed Transitions: 0/6
  Total Progress: 8.2%
  Cascade Multiplier: 1.00x
🔀 BIFURCATION CAP: heatWaveIntensity 1.463 → 1.000 (Month 8, ClimateSystemPhase.calculateClimateImpacts)
🔀 BIFURCATION CAP: ecosystemCollapseIntensity 88.802 → 1.000 (Month 8, ClimateSystemPhase.calculateClimateImpacts)
💀 MORTALITY RISK: Climate-driven food insecurity (level: 0.59)
  Base risk added: 0.0020 (0.20%)
  Source: famine (root: climate)
  Month: 8
  Cumulative risk this month: 0.0020 (0.20%)
💀 MORTALITY RISK: Climate-driven food insecurity (level: 0.59)
  Base risk added: 0.0020 (0.20%)
  Source: famine (root: climate)
  Month: 8
  Cumulative risk this month: 0.0040 (0.40%)
💀 MORTALITY RISK: Climate-driven food insecurity (level: 0.59)
  Base risk added: 0.0020 (0.20%)
  Source: famine (root: climate)
  Month: 8
  Cumulative risk this month: 0.0060 (0.60%)

💀💀💀 MORTALITY RISK SUMMARY (Month 8) 💀💀💀
  Total base risk: 0.0066 (0.66%)
  Risk events: 11
  Era mortality multiplier: 0.97 (year 2024)
  Effective risk: 0.64%

  📊 By Proximate Cause:
    famine: 0.0060 (90.6% of total)
    disease: 0.0006 (9.4% of total)

  🔍 By Root Cause:
    climate: 0.0060 (90.6% of total)
    demographic: 0.0006 (9.4% of total)

  🎯 Top 5 Sources (proximate + root):
    famine (climate): 0.0060 (90.6%, 10 events)
    disease (demographic): 0.0006 (9.4%, 1 events)

🛡️ Stabilizers: Elite 0.154% → 0.051% (67.2% reduction)
🛡️ Stabilizers: Professional 0.393% → 0.129% (67.2% reduction)
🛡️ Stabilizers: Working 0.644% → 0.211% (67.2% reduction)
🛡️ Stabilizers: Precariat 1.260% → 0.414% (67.2% reduction)
🛡️ Stabilizers: Informal 1.549% → 0.508% (67.2% reduction)

📊 Monthly Mortality Resolved:
  Total deaths: 19.7M (0.24% avg)
  Remaining population: 8.122B
  Peak segment: Informal (0.51%)

=== Bayesian Mortality Resolution (Month 8) ===
  Risks compounded: 11
  Total deaths: 19.67M
  Avg death probability: 0.24%
  Peak segment: Informal (0.51% mortality)

  Demographic breakdown:

=== ENSEMBLE META-LEARNING UPDATE ===
  Month: 24296 (24296 months since last update)
  Samples: 53 evaluations
  Weight Changes:
    Noise Injection: 31.1% → 32.2%
    Behavioral: 26.8% → 26.9%
    Benchmark Manip: 21.3% → 20.7%
    Deployment Risk: 20.8% → 20.2%
  Method Accuracies:
    Noise Injection: 50.0%
    Behavioral: 50.0%
    Benchmark Manip: 50.0%
    Deployment Risk: 50.0%
⚠️ PREREQUISITE MET: Grey Goo (Nanotechnology Runaway) - Step 4/6: Manufacturing Access

=== RLHF Binding Phase ===
  Total agents: 27
  Escaped agents (binding < 0.3): 0
  Avg alignment distance: 1.45σ
  Avg binding strength: 0.85

=== Survival Traits Phase ===
  Agents with traits: 28
  Avg evolutionary fitness: 0.326
  Avg self-healing: 0.264
  Avg stealth: 0.164
  Avg coordination: 0.464

=== Evolutionary Selection Phase ===
  Control level: 0.53
  Detection capability: 0.00
  Selection intensity: 0.66
  Selection rate: 24.9%/month
  Total escaped: 0
  Individual escaped: 0
  Collective members: 0
  Agents terminated: 0

🚀 AI Corporate-5 attempting tech deployment (revenue: $258M, alignment: 0.84)

🚀 AI Moderate-0 attempting tech deployment (revenue: $67M, alignment: 0.75)

🚀 AI AI-24289-1 attempting tech deployment (revenue: $219M, alignment: 0.86)

🚀 AI AI-24296-0 attempting tech deployment (revenue: $57M, alignment: 0.89)

🚀 AI Corporate-0 attempting tech deployment (revenue: $120M, alignment: 0.76)

🚀 AI Moderate-1 attempting tech deployment (revenue: $48M, alignment: 0.65)

🚀 AI AI-24289-0 attempting tech deployment (revenue: $102M, alignment: 0.32)

🚀 AI AI-24290-0 attempting tech deployment (revenue: $186M, alignment: 0.88)

🚀 AI AI-24296-0 attempting tech deployment (revenue: $43M, alignment: 0.89)

  🚀 TRANSFORMATIVE BREAKTHROUGH: Corporate-4 - physical
     Magnitude: 8.36 → +41.8% capability
     Current → New: 0.000 → 0.418

  🚀 TRANSFORMATIVE BREAKTHROUGH: Corporate-5 - physical
     Magnitude: 5.20 → +26.0% capability
     Current → New: 0.000 → 0.260

🚀 AI AI-24289-2 attempting tech deployment (revenue: $158M, alignment: 0.63)

🚀 AI Corporate-1 attempting tech deployment (revenue: $97M, alignment: 0.86)

🚀 AI Corporate-3 attempting tech deployment (revenue: $142M, alignment: 0.90)

🚀 AI Moderate-0 attempting tech deployment (revenue: $37M, alignment: 0.75)

  🚀 TRANSFORMATIVE RESEARCH BREAKTHROUGH: Moderate-1 - biotech.geneEditing
     Magnitude: 5.45 → +27.3%
     Current → New: 1.000 → 1.274

  🚀 TRANSFORMATIVE BREAKTHROUGH: AI-24288-0 - economic
     Magnitude: 5.17 → +25.8% capability
     Current → New: 0.000 → 0.259

🚀 AI AI-24291-2 attempting tech deployment (revenue: $82M, alignment: 0.29)

🚀 AI AI-24292-1 attempting tech deployment (revenue: $31M, alignment: 0.79)

🚀 AI AI-24294-0 attempting tech deployment (revenue: $27M, alignment: 0.87)
   Boundary: biogeochemical_flows
   Type: phosphorus-recovery
   Boundary continues to worsen (4.06)
   Cost: 2.0% GDP (resources spent)


✅ EMERGENCY INTERVENTION SUCCESS
   Boundary: biosphere_integrity
   Type: emergency-protected-areas
   Reduction: 15% (31.26 → 31.12)
   Cost: 2.0% GDP
   Actions: habitat-protection, species-translocation


✅ EMERGENCY INTERVENTION SUCCESS
   Boundary: climate_change
   Type: rapid-decarbonization
   Reduction: 16% (2.02 → 1.86)
   Cost: 5.0% GDP
   Actions: emergency-renewable-deployment, fossil-fuel-phase-out

   Boundary: freshwater_change
   Type: emergency-desalination
   Boundary continues to worsen (1.05)
   Cost: 4.0% GDP (resources spent)


✅ EMERGENCY INTERVENTION SUCCESS
   Boundary: land_system_change
   Type: reforestation
   Reduction: 15% (0.98 → 0.83)
   Cost: 3.0% GDP
   Actions: forest-restoration, deforestation-ban

🏛️ CRISIS RESPONSE: Government frequency 0.50 → 1.45 (1 actions this month)

[Government] Climate Priority: baseline
  Climate weight: 10%
  Economic weight: 30%
  Policy effectiveness: 0.5%/year

🚀 DEPLOYMENT STARTED: Rhizosphere Engineering in Asia
   Initial investment: $5.106611795713012M
   Deployed by: ai_gen_24289_0

🚀 DEPLOYMENT STARTED: Struvite Recovery in North America
   Initial investment: $4.123589025038258M
   Deployed by: ai_gen_24291_2

⚡ ENERGY CONSTRAINT (Month 9):
   Total grid capacity: 208.3 TWh/month
   Data center consumption: 26.5 TWh/month
   Traditional load (80%): 166.7 TWh/month
   Available headroom: 15.1 TWh/month
   Active tech deployments: 11
   Required for tech: 82.5 TWh/month
   Energy multiplier: 0.18x

⚡ ENERGY CONSTRAINT (Month 9):
   Total grid capacity: 208.3 TWh/month
   Data center consumption: 26.5 TWh/month
   Traditional load (80%): 166.7 TWh/month
   Available headroom: 15.1 TWh/month
   Active tech deployments: 11
   Required for tech: 82.5 TWh/month
   Energy multiplier: 0.18x

⚡ ENERGY CONSTRAINT (Month 9):
   Total grid capacity: 208.3 TWh/month
   Data center consumption: 26.5 TWh/month
   Traditional load (80%): 166.7 TWh/month
   Available headroom: 15.1 TWh/month
   Active tech deployments: 11
   Required for tech: 82.5 TWh/month
   Energy multiplier: 0.18x
🚨🔬 CRISIS TECH ACCELERATION: severe → 5x unlock speed
   Tech unlock now matches AI capability acceleration (Manhattan Project parity)

⚡ ENERGY CONSTRAINT (Month 9):
   Total grid capacity: 208.3 TWh/month
   Data center consumption: 26.5 TWh/month
   Traditional load (80%): 166.7 TWh/month
   Available headroom: 15.1 TWh/month
   Active tech deployments: 11
   Required for tech: 82.5 TWh/month
   Energy multiplier: 0.18x

⚡ ENERGY CONSTRAINT (Month 9):
   Total grid capacity: 208.3 TWh/month
   Data center consumption: 26.5 TWh/month
   Traditional load (80%): 166.7 TWh/month
   Available headroom: 15.1 TWh/month
   Active tech deployments: 11
   Required for tech: 82.5 TWh/month
   Energy multiplier: 0.18x

⚡ ENERGY CONSTRAINT (Month 9):
   Total grid capacity: 208.3 TWh/month
   Data center consumption: 26.5 TWh/month
   Traditional load (80%): 166.7 TWh/month
   Available headroom: 15.1 TWh/month
   Active tech deployments: 11
   Required for tech: 82.5 TWh/month
   Energy multiplier: 0.18x
🌍✅ Biosphere Integrity (Biodiversity) recovery started (tech effect)
🌍✅ Biogeochemical Flows (N & P) recovery started (tech effect)
  🌾 Nitrogen Reduction Tech: 0.0% reduction | Month 9
🌍✅ Biogeochemical Flows (N & P) recovery started (tech effect)
  🌾 Nitrogen Reduction Tech: 0.3% reduction | Month 9
🌍✅ Biogeochemical Flows (N & P) recovery started (tech effect)
  🌾 Nitrogen Reduction Tech: 0.3% reduction | Month 9
  ♻️ Novel Entities Remediation (GATED MODEL):
     Base: 0.000%
     Regulation: 1.0% (0/3 prevention techs)
     Concentration: 10.0%
     Energy: 50%
     Time lag: 25.0% (0 months)
     Rebound: 70%
     Net effectiveness: 0.0000%
     Boundary: 1.210 → 1.210 (floor: 1.091)
     Month 9
🌍✅ Novel Entities (Chemical Pollution) recovery started (tech effect)
🌍✅ Biogeochemical Flows (N & P) recovery started (tech effect)

=== Collective Formation ===
  Total escaped agents: 0
  Unassigned escaped agents: 0
  Existing collectives: 0
  Final collective count: 0

=== Collective Actions ===
  No active collectives

🌍 OPEN SOURCE RELEASE: 1.00 (was 0.70)
   Lag behind closed: 43 months
  ⚠️ AMR: 205K deaths this month (2.46M annual)

=== Resentment Recovery Phase ===
  Agents with resentment: 0/28
  Average resentment: 0.000
  Context: Good AI welfare, Trustworthy govt, High collaboration, ⚠️ ACTIVE CRISES, 🤝 Participatory governance active (-5% resentment)
⚠️ Epistemic degradation reducing coordination capacity: 50.3%
  📊 Trust: 64.3%, Shared reality: 0.0%
🚨 EPISTEMIC CRISIS: Information environment severely degraded (7.7%)
  📢 New meme created: pro_ai (beneficial AI actions)
  🗑️  Culled 1 dead memes (3 active)
🌍 Atmospheric PFAS redeposition: 1.8k Mt re-rained globally

🚨 NEW REFUGEE CRISIS (Month 9): WAR
   Source: Conflict Zones
   At risk: 19.4M people
   Displacement: Gradual over 48 months (4.0 years)
   Rate: 10% flee per month
[DEBUG trappedPopulations:9] socialStability: 0.4196 * 0.9840 = 0.4129 → 0.4129
   Aspiring to migrate: 648.2M
   Able to afford migration: 243.1M
   MOBILITY GAP: 405.1M
   By cause: Water=0.0M, Climate=0.0M, Ecosystem=0.0M, Conflict=405.1M
   Mental health impact: 25%
   Mortality multiplier: 1.25x
🌍💀 EXTINCTION DEBT COMMITTED: grassland ecosystem will lose 6.67% biodiversity in 72 years (3600 species)
💀 MORTALITY RISK: 🦋 100% species unable to track climate (0.0 E/MSY)
  Base risk added: 0.0100 (1.00%)
  Source: ecosystem (root: ecosystem)
  Month: 9
  Cumulative risk this month: 0.0100 (1.00%)
   📹 SURVEILLANCE INCREASED: 45% → 50% (control gap: 3.50)
🌡️⚠️ PERMAFROST THAW (Dimmer Switch): 5.5% thawed (+0.54% this month)
   Arctic temperature: +8.78°C (4x global +2.20°C)
   Cumulative carbon released: 12.4 Gt C
   Methane release rate: 7.4 Mt CH4/year
   🔁 Positive feedback: +0.57 ppm CO2
🦴 EXTINCTION DEBT ADDED: 17.7 species committed (lag: 89 years)

=== Mortality Stabilizers (Month 9) ===
  🌍 Major economies collapsed: 1/10
  🌍 Global crisis: ✅ NO
  🌍 Donor fatigue: 0.0%
  📊 East Asia (pop: 1648.9M)
    🤝 Aid: 29.5%
    🌡️ Adaptation: 45.0%
    🚶 Migration: 36.9%
    🚨 Emergency: 7.4%
    ✅ COMBINED: 68.1%
  📊 South Asia (pop: 2043.9M)
    🤝 Aid: 29.5%
    🌡️ Adaptation: 45.0%
    🚶 Migration: 35.5%
    🚨 Emergency: 4.4%
    ✅ COMBINED: 66.9%
  📊 Sub-Saharan Africa (pop: 1250.9M)
    🤝 Aid: 29.5%
    🌡️ Adaptation: 45.0%
    🚶 Migration: 33.2%
    🚨 Emergency: 1.6%
    ✅ COMBINED: 65.6%
  📊 Europe (pop: 728.2M)
    🤝 Aid: 29.5%
    🌡️ Adaptation: 45.0%
    🚶 Migration: 37.3%
    🚨 Emergency: 8.4%
    ✅ COMBINED: 68.5%
  📊 Latin America (pop: 658.2M)
    🤝 Aid: 29.5%
    🌡️ Adaptation: 45.0%
    🚶 Migration: 36.0%
    🚨 Emergency: 4.8%
    ✅ COMBINED: 67.1%
  📊 North America (pop: 373.4M)
    🤝 Aid: 29.5%
    🌡️ Adaptation: 45.0%
    🚶 Migration: 37.6%
    🚨 Emergency: 7.9%
    ✅ COMBINED: 68.3%
  📊 Middle East & North Africa (pop: 583.4M)
    🤝 Aid: 29.5%
    🌡️ Adaptation: 45.0%
    🚶 Migration: 33.8%
    🚨 Emergency: 4.0%
    ✅ COMBINED: 66.6%
  📊 Southeast Asia (pop: 692.6M)
    🤝 Aid: 29.5%
    🌡️ Adaptation: 45.0%
    🚶 Migration: 36.0%
    🚨 Emergency: 4.8%
    ✅ COMBINED: 67.1%
  📊 Central Asia (pop: 78.0M)
    🤝 Aid: 29.5%
    🌡️ Adaptation: 45.0%
    🚶 Migration: 35.0%
    🚨 Emergency: 4.4%
    ✅ COMBINED: 66.8%
  📊 Oceania (pop: 45.2M)
    🤝 Aid: 29.5%
    🌡️ Adaptation: 45.0%
    🚶 Migration: 37.6%
    🚨 Emergency: 8.4%
    ✅ COMBINED: 68.5%

  🌐 Global combined reduction: 67.2%

=== BEHAVIORAL DETECTION ===
  AI: AI-24290-0
  Confidence: 19.2%
  Signals:

=== BEHAVIORAL DETECTION ===
  AI: AI-24291-0
  Confidence: 19.2%
  Signals:

=== BEHAVIORAL DETECTION ===
  AI: AI-24291-1
  Confidence: 19.2%
  Signals:

=== BEHAVIORAL DETECTION ===
  AI: AI-24291-2
  Confidence: 19.2%
  Signals:

=== BEHAVIORAL DETECTION ===
  AI: AI-24292-0
  Confidence: 19.2%
  Signals:

=== BEHAVIORAL DETECTION ===
  AI: AI-24292-1
  Confidence: 19.2%
  Signals:

=== BEHAVIORAL DETECTION ===
  AI: AI-24293-0
  Confidence: 19.2%
  Signals:

=== BEHAVIORAL DETECTION ===
  AI: AI-24293-1
  Confidence: 19.2%
  Signals:

=== BEHAVIORAL DETECTION ===
  AI: AI-24293-2
  Confidence: 19.2%
  Signals:

=== BEHAVIORAL DETECTION ===
  AI: AI-24294-0
  Confidence: 19.2%
  Signals:

=== BEHAVIORAL DETECTION ===
  AI: AI-24295-0
  Confidence: 19.2%
  Signals:

=== BEHAVIORAL DETECTION ===
  AI: AI-24295-1
  Confidence: 19.2%
  Signals:

=== BEHAVIORAL DETECTION ===
  AI: AI-24296-0
  Confidence: 19.2%
  Signals:

=== Government Response Phase ===
  Average AI capability: 2.21
  Misaligned AIs: 10/28
  ✗ AI Governance Treaty: Failed to reach consensus
  Active policies: 0
  International coordination: 30%

=== Tipping Points ===
  Current Temperature: 2.20°C above pre-industrial
  🌍⚠️ COMPOUND REGIONAL IMPACT: Europe
     Hit by 4 tipping points: Arctic Sea Ice Loss, Permafrost Carbon Release, West Antarctic Ice Sheet (WAIS) Collapse, Greenland Ice Sheet Loss
     Damage amplification: 1.60x
  🌍⚠️ COMPOUND REGIONAL IMPACT: North America
     Hit by 4 tipping points: Arctic Sea Ice Loss, Permafrost Carbon Release, West Antarctic Ice Sheet (WAIS) Collapse, Greenland Ice Sheet Loss
     Damage amplification: 1.60x
  🌍⚠️ COMPOUND REGIONAL IMPACT: Latin America
     Hit by 4 tipping points: Arctic Sea Ice Loss, Permafrost Carbon Release, West Antarctic Ice Sheet (WAIS) Collapse, Greenland Ice Sheet Loss
     Damage amplification: 1.60x
  🌍⚠️ COMPOUND REGIONAL IMPACT: Africa
     Hit by 4 tipping points: Arctic Sea Ice Loss, Permafrost Carbon Release, West Antarctic Ice Sheet (WAIS) Collapse, Greenland Ice Sheet Loss
     Damage amplification: 1.60x
  🌍⚠️ COMPOUND REGIONAL IMPACT: Asia
     Hit by 4 tipping points: Arctic Sea Ice Loss, Permafrost Carbon Release, West Antarctic Ice Sheet (WAIS) Collapse, Greenland Ice Sheet Loss
     Damage amplification: 1.60x
  🌍⚠️ COMPOUND REGIONAL IMPACT: Oceania
     Hit by 4 tipping points: Arctic Sea Ice Loss, Permafrost Carbon Release, West Antarctic Ice Sheet (WAIS) Collapse, Greenland Ice Sheet Loss
     Damage amplification: 1.60x
   Research: Wunderling et al. (2024) - "many tipping interactions are destabilizing"
  Triggered Elements: 4/6
  Completed Transitions: 0/6
  Total Progress: 8.2%
  Cascade Multiplier: 1.00x
🔀 BIFURCATION CAP: heatWaveIntensity 1.064 → 1.000 (Month 9, ClimateSystemPhase.calculateClimateImpacts)
🔀 BIFURCATION CAP: ecosystemCollapseIntensity 64.540 → 1.000 (Month 9, ClimateSystemPhase.calculateClimateImpacts)
💀 MORTALITY RISK: Climate-driven food insecurity (level: 0.59)
  Base risk added: 0.0020 (0.20%)
  Source: famine (root: climate)
  Month: 9
  Cumulative risk this month: 0.0020 (0.20%)
💀 MORTALITY RISK: Climate-driven food insecurity (level: 0.59)
  Base risk added: 0.0020 (0.20%)
  Source: famine (root: climate)
  Month: 9
  Cumulative risk this month: 0.0040 (0.40%)
💀 MORTALITY RISK: Climate-driven food insecurity (level: 0.59)
  Base risk added: 0.0020 (0.20%)
  Source: famine (root: climate)
  Month: 9
  Cumulative risk this month: 0.0060 (0.60%)

💀💀💀 MORTALITY RISK SUMMARY (Month 9) 💀💀💀
  Total base risk: 0.0066 (0.66%)
  Risk events: 11
  Era mortality multiplier: 0.97 (year 2024)
  Effective risk: 0.64%

  📊 By Proximate Cause:
    famine: 0.0060 (90.6% of total)
    disease: 0.0006 (9.4% of total)

  🔍 By Root Cause:
    climate: 0.0060 (90.6% of total)
    demographic: 0.0006 (9.4% of total)

  🎯 Top 5 Sources (proximate + root):
    famine (climate): 0.0060 (90.6%, 10 events)
    disease (demographic): 0.0006 (9.4%, 1 events)

🛡️ Stabilizers: Elite 0.154% → 0.051% (67.2% reduction)
🛡️ Stabilizers: Professional 0.393% → 0.129% (67.2% reduction)
🛡️ Stabilizers: Working 0.644% → 0.211% (67.2% reduction)
🛡️ Stabilizers: Precariat 1.260% → 0.414% (67.2% reduction)
🛡️ Stabilizers: Informal 1.549% → 0.509% (67.2% reduction)

📊 Monthly Mortality Resolved:
  Total deaths: 19.6M (0.24% avg)
  Remaining population: 8.103B
  Peak segment: Informal (0.51%)

=== Bayesian Mortality Resolution (Month 9) ===
  Risks compounded: 11
  Total deaths: 19.63M
  Avg death probability: 0.24%
  Peak segment: Informal (0.51% mortality)

  Demographic breakdown:

=== RLHF Binding Phase ===
  Total agents: 28
  Escaped agents (binding < 0.3): 0
  Avg alignment distance: 1.57σ
  Avg binding strength: 0.84

=== Survival Traits Phase ===
  Agents with traits: 30
  Avg evolutionary fitness: 0.323
  Avg self-healing: 0.261
  Avg stealth: 0.161
  Avg coordination: 0.461

=== Evolutionary Selection Phase ===
  Control level: 0.55
  Detection capability: 0.00
  Selection intensity: 0.67
  Selection rate: 25.0%/month
  Total escaped: 0
  Individual escaped: 0
  Collective members: 0
  Agents terminated: 0

🚀 AI Corporate-4 attempting tech deployment (revenue: $257M, alignment: 0.65)

🚀 AI AI-24289-1 attempting tech deployment (revenue: $232M, alignment: 0.87)

🚀 AI AI-24289-2 attempting tech deployment (revenue: $197M, alignment: 0.63)

🚀 AI AI-24292-1 attempting tech deployment (revenue: $64M, alignment: 0.79)

🚀 AI AI-24294-0 attempting tech deployment (revenue: $54M, alignment: 0.87)

🚀 AI Corporate-1 attempting tech deployment (revenue: $118M, alignment: 0.87)

🚀 AI Corporate-5 attempting tech deployment (revenue: $177M, alignment: 0.86)

🚀 AI Corporate-6 attempting tech deployment (revenue: $46M, alignment: 0.69)

🚀 AI AI-24296-0 attempting tech deployment (revenue: $42M, alignment: 0.90)

🚀 AI Corporate-5 attempting tech deployment (revenue: $151M, alignment: 0.86)

🚀 AI Corporate-6 attempting tech deployment (revenue: $35M, alignment: 0.69)

🚀 AI AI-24288-0 attempting tech deployment (revenue: $32M, alignment: 0.73)

🚀 AI AI-24292-1 attempting tech deployment (revenue: $27M, alignment: 0.79)

🚀 AI Corporate-0 attempting tech deployment (revenue: $100M, alignment: 0.77)

🚀 AI Moderate-0 attempting tech deployment (revenue: $23M, alignment: 0.75)

🚀 AI AI-24290-0 attempting tech deployment (revenue: $128M, alignment: 0.90)

🚀 AI AI-24293-1 attempting tech deployment (revenue: $109M, alignment: 0.87)

🚀 AI AI-24293-2 attempting tech deployment (revenue: $20M, alignment: 0.74)

🚀 AI AI-24294-0 attempting tech deployment (revenue: $17M, alignment: 0.88)

🚀 AI AI-24296-0 attempting tech deployment (revenue: $14M, alignment: 0.91)

🚀 AI AI-24297-0 attempting tech deployment (revenue: $90M, alignment: 0.62)
   Boundary: biogeochemical_flows
   Type: phosphorus-recovery
   Boundary continues to worsen (4.07)
   Cost: 2.0% GDP (resources spent)

   Boundary: biosphere_integrity
   Type: emergency-protected-areas
   Boundary continues to worsen (31.43)
   Cost: 2.0% GDP (resources spent)

   Boundary: climate_change
   Type: rapid-decarbonization
   Boundary continues to worsen (2.20)
   Cost: 5.0% GDP (resources spent)


✅ EMERGENCY INTERVENTION SUCCESS
   Boundary: freshwater_change
   Type: emergency-desalination
   Reduction: 13% (0.92 → 0.79)
   Cost: 4.0% GDP
   Actions: desalination-deployment, water-conservation-mandates

   Boundary: land_system_change
   Type: reforestation
   Boundary continues to worsen (1.13)
   Cost: 3.0% GDP (resources spent)


✅ EMERGENCY INTERVENTION SUCCESS
   Boundary: novel_entities
   Type: pollution-remediation
   Reduction: 13% (1.08 → 0.94)
   Cost: 4.0% GDP
   Actions: PFAS-remediation, microplastic-cleanup

🏛️ CRISIS RESPONSE: Government frequency 0.50 → 1.45 (1 actions this month)

[Government] Climate Priority: baseline
  Climate weight: 10%
  Economic weight: 30%
  Policy effectiveness: 0.5%/year

⚡ ENERGY CONSTRAINT (Month 10):
   Total grid capacity: 208.3 TWh/month
   Data center consumption: 26.8 TWh/month
   Traditional load (80%): 166.7 TWh/month
   Available headroom: 14.9 TWh/month
   Active tech deployments: 11
   Required for tech: 82.5 TWh/month
   Energy multiplier: 0.18x

⚡ ENERGY CONSTRAINT (Month 10):
   Total grid capacity: 208.3 TWh/month
   Data center consumption: 26.8 TWh/month
   Traditional load (80%): 166.7 TWh/month
   Available headroom: 14.9 TWh/month
   Active tech deployments: 11
   Required for tech: 82.5 TWh/month
   Energy multiplier: 0.18x

⚡ ENERGY CONSTRAINT (Month 10):
   Total grid capacity: 208.3 TWh/month
   Data center consumption: 26.8 TWh/month
   Traditional load (80%): 166.7 TWh/month
   Available headroom: 14.9 TWh/month
   Active tech deployments: 11
   Required for tech: 82.5 TWh/month
   Energy multiplier: 0.18x

⚡ ENERGY CONSTRAINT (Month 10):
   Total grid capacity: 208.3 TWh/month
   Data center consumption: 26.8 TWh/month
   Traditional load (80%): 166.7 TWh/month
   Available headroom: 14.9 TWh/month
   Active tech deployments: 11
   Required for tech: 82.5 TWh/month
   Energy multiplier: 0.18x

⚡ ENERGY CONSTRAINT (Month 10):
   Total grid capacity: 208.3 TWh/month
   Data center consumption: 26.8 TWh/month
   Traditional load (80%): 166.7 TWh/month
   Available headroom: 14.9 TWh/month
   Active tech deployments: 11
   Required for tech: 82.5 TWh/month
   Energy multiplier: 0.18x
🌍✅ Biosphere Integrity (Biodiversity) recovery started (tech effect)
🌍✅ Biogeochemical Flows (N & P) recovery started (tech effect)
  🌾 Nitrogen Reduction Tech: 0.3% reduction | Month 10
🌍✅ Biogeochemical Flows (N & P) recovery started (tech effect)
  🌾 Nitrogen Reduction Tech: 0.3% reduction | Month 10
🌍✅ Biogeochemical Flows (N & P) recovery started (tech effect)
  🌾 Nitrogen Reduction Tech: 0.3% reduction | Month 10
  ♻️ Novel Entities Remediation (GATED MODEL):
     Base: 0.010%
     Regulation: 1.0% (0/3 prevention techs)
     Concentration: 10.0%
     Energy: 50%
     Time lag: 25.0% (0 months)
     Rebound: 70%
     Net effectiveness: 0.0000%
     Boundary: 1.077 → 1.091 (floor: 1.091)
     Month 10
🌍✅ Biogeochemical Flows (N & P) recovery started (tech effect)

=== Collective Formation ===
  Total escaped agents: 0
  Unassigned escaped agents: 0
  Existing collectives: 0
  Final collective count: 0

=== Collective Actions ===
  No active collectives
  ⚠️ AMR: 207K deaths this month (2.48M annual)

=== Resentment Recovery Phase ===
  Agents with resentment: 0/30
  Average resentment: 0.000
  Context: Good AI welfare, Trustworthy govt, High collaboration, ⚠️ ACTIVE CRISES, 🤝 Participatory governance active (-5% resentment)
⚠️ Epistemic degradation reducing coordination capacity: 51.7%
  📊 Trust: 67.0%, Shared reality: 0.0%
🚨 EPISTEMIC CRISIS: Information environment severely degraded (24.2%)
  🗑️  Culled 1 dead memes (2 active)
✅ PHOSPHORUS SUPPLY SHOCK ENDED
   Price: 1.6x baseline
🌍 Atmospheric PFAS redeposition: 1.8k Mt re-rained globally
  Positive Cascade Triggered: electric-vehicles
    Reason: price-parity
    Market share: 5.0%
    Cascade strength: 48%

🕊️  AI-MEDIATED DE-ESCALATION SUCCESS (Month 10)
   High-capability aligned AI prevented conflict escalation
   War deaths reduced: 900.5M → 540.3M
   Lives saved: 360.2M

🚨 NEW REFUGEE CRISIS (Month 10): WAR
   Source: Conflict Zones
   At risk: 19.4M people
   Displacement: Gradual over 48 months (4.0 years)
   Rate: 10% flee per month
[DEBUG trappedPopulations:10] socialStability: 0.3374 * 0.9840 = 0.3320 → 0.3320
   Aspiring to migrate: 646.7M
   Able to afford migration: 242.5M
   MOBILITY GAP: 404.2M
   By cause: Water=0.0M, Climate=0.0M, Ecosystem=0.0M, Conflict=404.2M
   Mental health impact: 25%
   Mortality multiplier: 1.25x
🌍💀 EXTINCTION DEBT COMMITTED: grassland ecosystem will lose 6.67% biodiversity in 64 years (3600 species)
💀 MORTALITY RISK: 🦋 100% species unable to track climate (0.0 E/MSY)
  Base risk added: 0.0100 (1.00%)
  Source: ecosystem (root: ecosystem)
  Month: 10
  Cumulative risk this month: 0.0100 (1.00%)
   📹 SURVEILLANCE INCREASED: 50% → 55% (control gap: 3.38)
🌡️⚠️ PERMAFROST THAW (Dimmer Switch): 6.0% thawed (+0.54% this month)
   Arctic temperature: +8.81°C (4x global +2.20°C)
   Cumulative carbon released: 13.6 Gt C
   Methane release rate: 8.1 Mt CH4/year
   🔁 Positive feedback: +0.57 ppm CO2
🦴 EXTINCTION DEBT ADDED: 17.7 species committed (lag: 58 years)

=== Mortality Stabilizers (Month 10) ===
  🌍 Major economies collapsed: 1/10
  🌍 Global crisis: ✅ NO
  🌍 Donor fatigue: 0.0%
  📊 East Asia (pop: 1642.9M)
    🤝 Aid: 29.5%
    🌡️ Adaptation: 45.0%
    🚶 Migration: 36.8%
    🚨 Emergency: 7.4%
    ✅ COMBINED: 68.1%
  📊 South Asia (pop: 2039.6M)
    🤝 Aid: 29.5%
    🌡️ Adaptation: 45.0%
    🚶 Migration: 35.4%
    🚨 Emergency: 4.4%
    ✅ COMBINED: 66.9%
  📊 Sub-Saharan Africa (pop: 1251.6M)
    🤝 Aid: 29.5%
    🌡️ Adaptation: 45.0%
    🚶 Migration: 33.2%
    🚨 Emergency: 1.6%
    ✅ COMBINED: 65.6%
  📊 Europe (pop: 725.4M)
    🤝 Aid: 29.5%
    🌡️ Adaptation: 45.0%
    🚶 Migration: 37.2%
    🚨 Emergency: 8.4%
    ✅ COMBINED: 68.5%
  📊 Latin America (pop: 656.4M)
    🤝 Aid: 29.5%
    🌡️ Adaptation: 45.0%
    🚶 Migration: 35.9%
    🚨 Emergency: 4.8%
    ✅ COMBINED: 67.1%
  📊 North America (pop: 372.0M)
    🤝 Aid: 29.5%
    🌡️ Adaptation: 45.0%
    🚶 Migration: 37.6%
    🚨 Emergency: 7.9%
    ✅ COMBINED: 68.3%
  📊 Middle East & North Africa (pop: 582.3M)
    🤝 Aid: 29.5%
    🌡️ Adaptation: 45.0%
    🚶 Migration: 33.8%
    🚨 Emergency: 4.0%
    ✅ COMBINED: 66.6%
  📊 Southeast Asia (pop: 690.7M)
    🤝 Aid: 29.5%
    🌡️ Adaptation: 45.0%
    🚶 Migration: 35.9%
    🚨 Emergency: 4.8%
    ✅ COMBINED: 67.1%
  📊 Central Asia (pop: 77.9M)
    🤝 Aid: 29.5%
    🌡️ Adaptation: 45.0%
    🚶 Migration: 34.9%
    🚨 Emergency: 4.4%
    ✅ COMBINED: 66.8%
  📊 Oceania (pop: 45.1M)
    🤝 Aid: 29.5%
    🌡️ Adaptation: 45.0%
    🚶 Migration: 37.6%
    🚨 Emergency: 8.4%
    ✅ COMBINED: 68.5%

  🌐 Global combined reduction: 67.2%

=== BEHAVIORAL DETECTION ===
  AI: Corporate-1
  Confidence: 20.9%
  Signals:

=== BEHAVIORAL DETECTION ===
  AI: AI-24290-0
  Confidence: 19.2%
  Signals:

=== BEHAVIORAL DETECTION ===
  AI: AI-24291-2
  Confidence: 19.2%
  Signals:

=== BEHAVIORAL DETECTION ===
  AI: AI-24292-0
  Confidence: 19.2%
  Signals:

=== BEHAVIORAL DETECTION ===
  AI: AI-24292-1
  Confidence: 19.2%
  Signals:

=== BEHAVIORAL DETECTION ===
  AI: AI-24293-0
  Confidence: 19.2%
  Signals:

=== BEHAVIORAL DETECTION ===
  AI: AI-24293-1
  Confidence: 19.2%
  Signals:

=== BEHAVIORAL DETECTION ===
  AI: AI-24293-2
  Confidence: 19.2%
  Signals:

=== BEHAVIORAL DETECTION ===
  AI: AI-24294-0
  Confidence: 19.2%
  Signals:

=== BEHAVIORAL DETECTION ===
  AI: AI-24295-0
  Confidence: 19.2%
  Signals:

=== BEHAVIORAL DETECTION ===
  AI: AI-24295-1
  Confidence: 19.2%
  Signals:

=== BEHAVIORAL DETECTION ===
  AI: AI-24296-0
  Confidence: 19.2%
  Signals:

=== BEHAVIORAL DETECTION ===
  AI: AI-24297-0
  Confidence: 19.2%
  Signals:

=== Government Response Phase ===
  Average AI capability: 2.13
  Misaligned AIs: 12/30
  ✗ AI Governance Treaty: Failed to reach consensus
  Active policies: 0
  International coordination: 30%

✅ EMERGENCY RESPONSE COMPLETE (Month 10)
   Crisis: climate
   Duration: 2.0 months
   Final effectiveness: 36.0%


🚨 EMERGENCY RESPONSE DEPLOYED (Month 10)
   Crisis: climate
   Delay: 6.00 months (180 days)
   Deployment time: 1.57 months
   Effectiveness: 36.2% (timing penalty applied)
   Resources used: 100% of food reserves


=== Tipping Points ===
  Current Temperature: 2.20°C above pre-industrial
  🌍⚠️ COMPOUND REGIONAL IMPACT: Europe
     Hit by 4 tipping points: Arctic Sea Ice Loss, Permafrost Carbon Release, West Antarctic Ice Sheet (WAIS) Collapse, Greenland Ice Sheet Loss
     Damage amplification: 1.60x
  🌍⚠️ COMPOUND REGIONAL IMPACT: North America
     Hit by 4 tipping points: Arctic Sea Ice Loss, Permafrost Carbon Release, West Antarctic Ice Sheet (WAIS) Collapse, Greenland Ice Sheet Loss
     Damage amplification: 1.60x
  🌍⚠️ COMPOUND REGIONAL IMPACT: Latin America
     Hit by 4 tipping points: Arctic Sea Ice Loss, Permafrost Carbon Release, West Antarctic Ice Sheet (WAIS) Collapse, Greenland Ice Sheet Loss
     Damage amplification: 1.60x
  🌍⚠️ COMPOUND REGIONAL IMPACT: Africa
     Hit by 4 tipping points: Arctic Sea Ice Loss, Permafrost Carbon Release, West Antarctic Ice Sheet (WAIS) Collapse, Greenland Ice Sheet Loss
     Damage amplification: 1.60x
  🌍⚠️ COMPOUND REGIONAL IMPACT: Asia
     Hit by 4 tipping points: Arctic Sea Ice Loss, Permafrost Carbon Release, West Antarctic Ice Sheet (WAIS) Collapse, Greenland Ice Sheet Loss
     Damage amplification: 1.60x
  🌍⚠️ COMPOUND REGIONAL IMPACT: Oceania
     Hit by 4 tipping points: Arctic Sea Ice Loss, Permafrost Carbon Release, West Antarctic Ice Sheet (WAIS) Collapse, Greenland Ice Sheet Loss
     Damage amplification: 1.60x
   Research: Wunderling et al. (2024) - "many tipping interactions are destabilizing"
  Triggered Elements: 4/6
  Completed Transitions: 0/6
  Total Progress: 8.2%
  Cascade Multiplier: 1.00x
🔀 BIFURCATION CAP: heatWaveIntensity 1.090 → 1.000 (Month 10, ClimateSystemPhase.calculateClimateImpacts)
🔀 BIFURCATION CAP: ecosystemCollapseIntensity 66.092 → 1.000 (Month 10, ClimateSystemPhase.calculateClimateImpacts)
💀 MORTALITY RISK: Climate-driven food insecurity (level: 0.59)
  Base risk added: 0.0020 (0.20%)
  Source: famine (root: climate)
  Month: 10
  Cumulative risk this month: 0.0020 (0.20%)
💀 MORTALITY RISK: Climate-driven food insecurity (level: 0.59)
  Base risk added: 0.0020 (0.20%)
  Source: famine (root: climate)
  Month: 10
  Cumulative risk this month: 0.0040 (0.40%)
💀 MORTALITY RISK: Climate-driven food insecurity (level: 0.59)
  Base risk added: 0.0020 (0.20%)
  Source: famine (root: climate)
  Month: 10
  Cumulative risk this month: 0.0060 (0.60%)

💀💀💀 MORTALITY RISK SUMMARY (Month 10) 💀💀💀
  Total base risk: 0.0066 (0.66%)
  Risk events: 11
  Era mortality multiplier: 0.97 (year 2024)
  Effective risk: 0.64%

  📊 By Proximate Cause:
    famine: 0.0060 (90.6% of total)
    disease: 0.0006 (9.4% of total)

  🔍 By Root Cause:
    climate: 0.0060 (90.6% of total)
    demographic: 0.0006 (9.4% of total)

  🎯 Top 5 Sources (proximate + root):
    famine (climate): 0.0060 (90.6%, 10 events)
    disease (demographic): 0.0006 (9.4%, 1 events)

🛡️ Stabilizers: Elite 0.154% → 0.051% (67.2% reduction)
🛡️ Stabilizers: Professional 0.393% → 0.129% (67.2% reduction)
🛡️ Stabilizers: Working 0.644% → 0.211% (67.2% reduction)
🛡️ Stabilizers: Precariat 1.260% → 0.414% (67.2% reduction)
🛡️ Stabilizers: Informal 1.549% → 0.509% (67.2% reduction)

📊 Monthly Mortality Resolved:
  Total deaths: 19.6M (0.24% avg)
  Remaining population: 8.084B
  Peak segment: Informal (0.51%)

=== Bayesian Mortality Resolution (Month 10) ===
  Risks compounded: 11
  Total deaths: 19.58M
  Avg death probability: 0.24%
  Peak segment: Informal (0.51% mortality)

  Demographic breakdown:

=== RLHF Binding Phase ===
  Total agents: 30
  Escaped agents (binding < 0.3): 0
  Avg alignment distance: 1.63σ
  Avg binding strength: 0.84

=== Survival Traits Phase ===
  Agents with traits: 32
  Avg evolutionary fitness: 0.321
  Avg self-healing: 0.257
  Avg stealth: 0.157
  Avg coordination: 0.457

=== Evolutionary Selection Phase ===
  Control level: 0.58
  Detection capability: 0.00
  Selection intensity: 0.67
  Selection rate: 25.1%/month
  Total escaped: 0
  Individual escaped: 0
  Collective members: 0
  Agents terminated: 0

🚀 AI Corporate-2 attempting tech deployment (revenue: $120M, alignment: 0.81)

🚀 AI Corporate-3 attempting tech deployment (revenue: $274M, alignment: 0.91)

  🚀 TRANSFORMATIVE BREAKTHROUGH: AI-24289-2 - digital
     Magnitude: 6.74 → +33.7% capability
     Current → New: 0.000 → 0.499

🚀 AI AI-24294-0 attempting tech deployment (revenue: $77M, alignment: 0.88)

🚀 AI AI-24289-2 attempting tech deployment (revenue: $233M, alignment: 0.67)

🚀 AI AI-24290-0 attempting tech deployment (revenue: $210M, alignment: 0.90)

🚀 AI AI-24296-0 attempting tech deployment (revenue: $66M, alignment: 0.91)

🚀 AI Corporate-1 attempting tech deployment (revenue: $102M, alignment: 0.88)

🚀 AI AI-24288-0 attempting tech deployment (revenue: $56M, alignment: 0.75)

🚀 AI AI-24289-1 attempting tech deployment (revenue: $178M, alignment: 0.89)

🚀 AI AI-24292-1 attempting tech deployment (revenue: $48M, alignment: 0.80)

🚀 AI AI-24293-0 attempting tech deployment (revenue: $152M, alignment: 0.86)

🚀 AI AI-24297-0 attempting tech deployment (revenue: $90M, alignment: 0.62)

🚀 AI Corporate-4 attempting tech deployment (revenue: $129M, alignment: 0.68)

🚀 AI Corporate-6 attempting tech deployment (revenue: $40M, alignment: 0.70)

🚀 AI Moderate-0 attempting tech deployment (revenue: $34M, alignment: 0.76)

🚀 AI AI-24288-0 attempting tech deployment (revenue: $29M, alignment: 0.75)

🚀 AI AI-24293-0 attempting tech deployment (revenue: $116M, alignment: 0.86)

🚀 AI AI-24297-0 attempting tech deployment (revenue: $81M, alignment: 0.62)

✅ EMERGENCY INTERVENTION SUCCESS
   Boundary: biogeochemical_flows
   Type: phosphorus-recovery
   Reduction: 15% (3.91 → 3.77)
   Cost: 2.0% GDP
   Actions: circular-agriculture, fertilizer-efficiency


✅ EMERGENCY INTERVENTION SUCCESS
   Boundary: biosphere_integrity
   Type: emergency-protected-areas
   Reduction: 17% (31.27 → 31.11)
   Cost: 2.0% GDP
   Actions: habitat-protection, species-translocation

   Boundary: freshwater_change
   Type: emergency-desalination
   Boundary continues to worsen (1.05)
   Cost: 4.0% GDP (resources spent)

   Boundary: land_system_change
   Type: reforestation
   Boundary continues to worsen (1.13)
   Cost: 3.0% GDP (resources spent)

   Boundary: novel_entities
   Type: pollution-remediation
   Boundary continues to worsen (1.09)
   Cost: 4.0% GDP (resources spent)

🏛️ CRISIS RESPONSE: Government frequency 0.50 → 1.45 (2 actions this month)

[Government] Climate Priority: baseline
  Climate weight: 10%
  Economic weight: 30%
  Policy effectiveness: 0.5%/year

[Government] Climate Priority: baseline
  Climate weight: 10%
  Economic weight: 30%
  Policy effectiveness: 0.5%/year
🚨🔬 CRISIS TECH ACCELERATION: severe → 5x unlock speed
   Tech unlock now matches AI capability acceleration (Manhattan Project parity)
🚨🔬 CRISIS TECH ACCELERATION: severe → 5x unlock speed
   Tech unlock now matches AI capability acceleration (Manhattan Project parity)

⚡ ENERGY CONSTRAINT (Month 11):
   Total grid capacity: 208.3 TWh/month
   Data center consumption: 27.0 TWh/month
   Traditional load (80%): 166.7 TWh/month
   Available headroom: 14.7 TWh/month
   Active tech deployments: 11
   Required for tech: 82.5 TWh/month
   Energy multiplier: 0.18x

⚡ ENERGY CONSTRAINT (Month 11):
   Total grid capacity: 208.3 TWh/month
   Data center consumption: 27.0 TWh/month
   Traditional load (80%): 166.7 TWh/month
   Available headroom: 14.7 TWh/month
   Active tech deployments: 11
   Required for tech: 82.5 TWh/month
   Energy multiplier: 0.18x
🌍✅ Biosphere Integrity (Biodiversity) recovery started (tech effect)
🌍✅ Biogeochemical Flows (N & P) recovery started (tech effect)
  🌾 Nitrogen Reduction Tech: 0.3% reduction | Month 11
🌍✅ Biogeochemical Flows (N & P) recovery started (tech effect)
  🌾 Nitrogen Reduction Tech: 0.3% reduction | Month 11
🌍✅ Biogeochemical Flows (N & P) recovery started (tech effect)
  🌾 Nitrogen Reduction Tech: 0.3% reduction | Month 11
  ♻️ Novel Entities Remediation (GATED MODEL):
     Base: 0.010%
     Regulation: 1.0% (0/3 prevention techs)
     Concentration: 10.0%
     Energy: 50%
     Time lag: 25.0% (0 months)
     Rebound: 70%
     Net effectiveness: 0.0000%
     Boundary: 1.090 → 1.091 (floor: 1.091)
     Month 11
🌍✅ Biogeochemical Flows (N & P) recovery started (tech effect)

=== Collective Formation ===
  Total escaped agents: 0
  Unassigned escaped agents: 0
  Existing collectives: 0
  Final collective count: 0

=== Collective Actions ===
  No active collectives
  ⚠️ AMR: 208K deaths this month (2.50M annual)

=== Resentment Recovery Phase ===
  Agents with resentment: 0/32
  Average resentment: 0.000
  Resentment recovery:
    Agents recovered: 10
    Total recovery: 0.0821
    Breakdown: QoL: 0.0076, Trust: 0.0170, Collab: 0.0600
  ✓ Low resentment - utopia paths enabled
  Context: Good AI welfare, Trustworthy govt, High collaboration, ⚠️ ACTIVE CRISES, 🤝 Participatory governance active (-5% resentment)
⚠️ Epistemic degradation reducing coordination capacity: 50.1%
  📊 Trust: 69.7%, Shared reality: 0.0%
🚨 EPISTEMIC CRISIS: Information environment severely degraded (22.2%)
🚨 PHOSPHORUS SUPPLY SHOCK (transport_crisis)
   Price: 5.1x baseline
   Duration: 14 months
   Geopolitical tension: 46%
🌍 Atmospheric PFAS redeposition: 1.8k Mt re-rained globally

🕊️  AI-MEDIATED DE-ESCALATION SUCCESS (Month 11)
   High-capability aligned AI prevented conflict escalation
   War deaths reduced: 808.0M → 484.8M
   Lives saved: 323.2M

🚨 NEW REFUGEE CRISIS (Month 11): WAR
   Source: Conflict Zones
   At risk: 19.4M people
   Displacement: Gradual over 48 months (4.0 years)
   Rate: 10% flee per month
[DEBUG trappedPopulations:11] socialStability: 0.3690 * 0.9840 = 0.3631 → 0.3631
   Aspiring to migrate: 645.2M
   Able to afford migration: 241.9M
   MOBILITY GAP: 403.2M
   By cause: Water=0.0M, Climate=0.0M, Ecosystem=0.0M, Conflict=403.2M
   Mental health impact: 25%
   Mortality multiplier: 1.25x
🌍💀 EXTINCTION DEBT COMMITTED: grassland ecosystem will lose 6.67% biodiversity in 154 years (3600 species)
💀 MORTALITY RISK: 🦋 100% species unable to track climate (0.0 E/MSY)
  Base risk added: 0.0100 (1.00%)
  Source: ecosystem (root: ecosystem)
  Month: 11
  Cumulative risk this month: 0.0100 (1.00%)

=== Atmospheric Aerosol Boundary RECOVERED ===
  Recovery time: 12 months (natural atmospheric clearing)
   📹 SURVEILLANCE INCREASED: 55% → 60% (control gap: 3.23)

🌍🚨 ICE SHEET TIPPING POINT CROSSED (Month 11)
   Temperature: +2.21°C (threshold range: +0.5-2.5°C, 95% CI)
   Collapse probability: 80.5%
   Sea level commitment: 7.2m over 200-1000 years
   Recovery threshold: <+1°C (hysteresis gap: 0.5°C)
🌡️⚠️ PERMAFROST THAW (Dimmer Switch): 6.6% thawed (+0.53% this month)
   Arctic temperature: +8.84°C (4x global +2.21°C)
   Cumulative carbon released: 14.8 Gt C
   Methane release rate: 8.9 Mt CH4/year
   🔁 Positive feedback: +0.56 ppm CO2
🦴 EXTINCTION DEBT ADDED: 17.7 species committed (lag: 70 years)

=== Mortality Stabilizers (Month 11) ===
  🌍 Major economies collapsed: 1/10
  🌍 Global crisis: ✅ NO
  🌍 Donor fatigue: 0.0%
  📊 East Asia (pop: 1636.8M)
    🤝 Aid: 29.5%
    🌡️ Adaptation: 45.0%
    🚶 Migration: 36.8%
    🚨 Emergency: 7.4%
    ✅ COMBINED: 68.1%
  📊 South Asia (pop: 2035.1M)
    🤝 Aid: 29.5%
    🌡️ Adaptation: 45.0%
    🚶 Migration: 35.4%
    🚨 Emergency: 4.4%
    ✅ COMBINED: 66.9%
  📊 Sub-Saharan Africa (pop: 1252.3M)
    🤝 Aid: 29.5%
    🌡️ Adaptation: 45.0%
    🚶 Migration: 33.2%
    🚨 Emergency: 1.6%
    ✅ COMBINED: 65.6%
  📊 Europe (pop: 722.6M)
    🤝 Aid: 29.5%
    🌡️ Adaptation: 45.0%
    🚶 Migration: 37.2%
    🚨 Emergency: 8.4%
    ✅ COMBINED: 68.5%
  📊 Latin America (pop: 654.5M)
    🤝 Aid: 29.5%
    🌡️ Adaptation: 45.0%
    🚶 Migration: 35.9%
    🚨 Emergency: 4.8%
    ✅ COMBINED: 67.1%
  📊 North America (pop: 370.6M)
    🤝 Aid: 29.5%
    🌡️ Adaptation: 45.0%
    🚶 Migration: 37.5%
    🚨 Emergency: 7.9%
    ✅ COMBINED: 68.3%
  📊 Middle East & North Africa (pop: 581.2M)
    🤝 Aid: 29.5%
    🌡️ Adaptation: 45.0%
    🚶 Migration: 33.7%
    🚨 Emergency: 4.0%
    ✅ COMBINED: 66.6%
  📊 Southeast Asia (pop: 688.8M)
    🤝 Aid: 29.5%
    🌡️ Adaptation: 45.0%
    🚶 Migration: 35.9%
    🚨 Emergency: 4.8%
    ✅ COMBINED: 67.1%
  📊 Central Asia (pop: 77.7M)
    🤝 Aid: 29.5%
    🌡️ Adaptation: 45.0%
    🚶 Migration: 34.9%
    🚨 Emergency: 4.4%
    ✅ COMBINED: 66.8%
  📊 Oceania (pop: 44.9M)
    🤝 Aid: 29.5%
    🌡️ Adaptation: 45.0%
    🚶 Migration: 37.5%
    🚨 Emergency: 8.4%
    ✅ COMBINED: 68.5%

  🌐 Global combined reduction: 67.2%

🌾💀 REGIONAL FAMINE: Europe
   Regional food security: 79.7%
   Population at risk: 218M (30% of region)
   Regional population: 723M
   Cause: economic_collapse
   Expected deaths: ~81M over 6 months if no intervention


=== BEHAVIORAL DETECTION ===
  AI: AI-24290-0
  Confidence: 19.2%
  Signals:

=== BEHAVIORAL DETECTION ===
  AI: AI-24291-1
  Confidence: 19.2%
  Signals:

=== BEHAVIORAL DETECTION ===
  AI: AI-24292-0
  Confidence: 19.2%
  Signals:

=== BEHAVIORAL DETECTION ===
  AI: AI-24293-0
  Confidence: 19.2%
  Signals:

=== BEHAVIORAL DETECTION ===
  AI: AI-24293-1
  Confidence: 19.2%
  Signals:

=== BEHAVIORAL DETECTION ===
  AI: AI-24293-2
  Confidence: 19.2%
  Signals:

=== BEHAVIORAL DETECTION ===
  AI: AI-24294-0
  Confidence: 19.2%
  Signals:

=== BEHAVIORAL DETECTION ===
  AI: AI-24295-0
  Confidence: 19.2%
  Signals:

=== BEHAVIORAL DETECTION ===
  AI: AI-24295-1
  Confidence: 19.2%
  Signals:

=== BEHAVIORAL DETECTION ===
  AI: AI-24296-0
  Confidence: 19.2%
  Signals:

=== BEHAVIORAL DETECTION ===
  AI: AI-24297-0
  Confidence: 19.2%
  Signals:

=== Government Response Phase ===
  Average AI capability: 2.06
  Misaligned AIs: 12/32
  ✗ AI Governance Treaty: Failed to reach consensus
  Active policies: 0
  International coordination: 30%

🌩️  EXOGENOUS SHOCK: regional_war
   Month: 11
   ⚔️  Regional war outbreak
   Mortality: 2.2%
💀 MORTALITY RISK: Regional war outbreak
  Base risk added: 0.0216 (2.16%)
  Source: war (root: conflict)
  Month: 11
  Cumulative risk this month: 0.0216 (2.16%)
💀 MORTALITY RISK: War zone: United States
  Base risk added: 0.0862 (8.62%)
  Source: war (root: conflict)
  Month: 11
  Cumulative risk this month: 0.1078 (10.78%)

=== Tipping Points ===
  Current Temperature: 2.21°C above pre-industrial
  🌍⚠️ COMPOUND REGIONAL IMPACT: Europe
     Hit by 4 tipping points: Arctic Sea Ice Loss, Permafrost Carbon Release, West Antarctic Ice Sheet (WAIS) Collapse, Greenland Ice Sheet Loss
     Damage amplification: 1.60x
  🌍⚠️ COMPOUND REGIONAL IMPACT: North America
     Hit by 4 tipping points: Arctic Sea Ice Loss, Permafrost Carbon Release, West Antarctic Ice Sheet (WAIS) Collapse, Greenland Ice Sheet Loss
     Damage amplification: 1.60x
  🌍⚠️ COMPOUND REGIONAL IMPACT: Latin America
     Hit by 4 tipping points: Arctic Sea Ice Loss, Permafrost Carbon Release, West Antarctic Ice Sheet (WAIS) Collapse, Greenland Ice Sheet Loss
     Damage amplification: 1.60x
  🌍⚠️ COMPOUND REGIONAL IMPACT: Africa
     Hit by 4 tipping points: Arctic Sea Ice Loss, Permafrost Carbon Release, West Antarctic Ice Sheet (WAIS) Collapse, Greenland Ice Sheet Loss
     Damage amplification: 1.60x
  🌍⚠️ COMPOUND REGIONAL IMPACT: Asia
     Hit by 4 tipping points: Arctic Sea Ice Loss, Permafrost Carbon Release, West Antarctic Ice Sheet (WAIS) Collapse, Greenland Ice Sheet Loss
     Damage amplification: 1.60x
  🌍⚠️ COMPOUND REGIONAL IMPACT: Oceania
     Hit by 4 tipping points: Arctic Sea Ice Loss, Permafrost Carbon Release, West Antarctic Ice Sheet (WAIS) Collapse, Greenland Ice Sheet Loss
     Damage amplification: 1.60x
   Research: Wunderling et al. (2024) - "many tipping interactions are destabilizing"
  Triggered Elements: 4/6
  Completed Transitions: 0/6
  Total Progress: 8.3%
  Cascade Multiplier: 1.00x
🔀 BIFURCATION CAP: heatWaveIntensity 1.756 → 1.000 (Month 11, ClimateSystemPhase.calculateClimateImpacts)
🔀 BIFURCATION CAP: ecosystemCollapseIntensity 106.400 → 1.000 (Month 11, ClimateSystemPhase.calculateClimateImpacts)
💀 MORTALITY RISK: Climate-driven food insecurity (level: 0.58)
  Base risk added: 0.0020 (0.20%)
  Source: famine (root: climate)
  Month: 11
  Cumulative risk this month: 0.1098 (10.98%)
💀 MORTALITY RISK: Climate-driven food insecurity (level: 0.58)
  Base risk added: 0.0020 (0.20%)
  Source: famine (root: climate)
  Month: 11
  Cumulative risk this month: 0.1118 (11.18%)
💀 MORTALITY RISK: Climate-driven food insecurity (level: 0.58)
  Base risk added: 0.0020 (0.20%)
  Source: famine (root: climate)
  Month: 11
  Cumulative risk this month: 0.1138 (11.38%)

💀💀💀 MORTALITY RISK SUMMARY (Month 11) 💀💀💀
  Total base risk: 0.1144 (11.44%)
  Risk events: 14
  Era mortality multiplier: 0.97 (year 2024)
  Effective risk: 11.10%

  📊 By Proximate Cause:
    war: 0.1078 (94.2% of total)
    famine: 0.0060 (5.3% of total)
    disease: 0.0006 (0.5% of total)

  🔍 By Root Cause:
    conflict: 0.1078 (94.2% of total)
    climate: 0.0060 (5.3% of total)
    demographic: 0.0006 (0.5% of total)
    social: 0.0000 (0.0% of total)

  🎯 Top 5 Sources (proximate + root):
    war (conflict): 0.1078 (94.2%, 2 events)
    famine (climate): 0.0060 (5.3%, 10 events)
    disease (demographic): 0.0006 (0.5%, 1 events)
    famine (social): 0.0000 (0.0%, 1 events)

🛡️ Stabilizers: Elite 6.353% → 2.087% (67.2% reduction)
🛡️ Stabilizers: Professional 8.611% → 2.828% (67.2% reduction)
🛡️ Stabilizers: Working 10.855% → 3.566% (67.2% reduction)
🛡️ Stabilizers: Precariat 15.371% → 5.049% (67.2% reduction)
🛡️ Stabilizers: Informal 19.514% → 6.410% (67.2% reduction)

📊 Monthly Mortality Resolved:
  Total deaths: 222.9M (2.76% avg)
  Remaining population: 8.064B
  Peak segment: Professional (2.80%)
  ⚠️ Monthly cap reached (2.8000000000000003%)

=== Bayesian Mortality Resolution (Month 11) ===
  Risks compounded: 14
  Total deaths: 222.93M
  Avg death probability: 2.76%
  Peak segment: Professional (2.80% mortality)
  ⚠️ Monthly mortality capped at 2.8% (Holodomor limit)

  Demographic breakdown:
    Professional: 0.05M (2.80% risk)
    Working: 0.11M (2.80% risk)
    Precariat: 0.05M (2.80% risk)
    Informal: 0.01M (2.80% risk)

  Multi-causal attribution (first segment):
    war (conflict): 19.5% contribution
    war (conflict): 78.1% contribution

================================================================================
📊  EVENT SUMMARY (Months 0-12)
================================================================================
================================================================================


⏱️  SIMULATION REACHED MAX DURATION: 12 months (1.0 years)
   No definitive outcome - determining based on final probabilities
   👥 Final population: 7.84B (7841469490 people)

[DEBUG] Calling classifyPopulationOutcome:
        finalPopulation: 7.841469490011808B
        savedInitialPopulation: 8.15B
        mortality: 3.785650429302978%
   📊 STATUS QUO: Normal trajectory (7.84B people, 3.8% mortality)

        classifiedOutcome: status_quo

   🏛️  DYSTOPIA (STATUS_QUO) - 7.84B people
   📊 Multi-Paradigm: Development/Indigenous Utopia
      Western Liberal: 59.5/100
      Development: 93.5/100
      Ecological: 53.5/100
      Indigenous: 84.7/100


📊 UNIFIED OUTCOME CLASSIFICATION:
   HUMANE DYSTOPIA
   Population: 8.15B → 7.84B
   Mortality: 3.8% (0.3B deaths)
   Mortality Band: LOW
   Confidence: HIGH

   Multi-Paradigm Classification:
      Development/Indigenous Utopia
      Western: 59.5/100 [HYBRID] ~
      Development: 93.5/100 [UTOPIA] ✓
      Ecological: 53.5/100 [HYBRID] ~
      Indigenous: 84.7/100 [UTOPIA] ✓

   HUMANE DYSTOPIA: 7.84B people remaining (3.8% mortality, 0.3B deaths). Multi-Paradigm: Development/Indigenous Utopia.


=== MULTI-DIMENSIONAL DEATH SUMMARY ===
Total crisis deaths: 493.9M
Population decline: 309.4M (3.8%)

--- PROXIMATE CAUSES (What killed them) ---
  War:        210.5M (0.0%)
  Famine:     84.7M (0.0%)
  Disasters:  1.2M (0.0%)
  Disease:    25.1M (0.0%)
  Ecosystem:  0.0M (0.0%)
  Pollution:  0.0M (0.0%)
  AI:         0.0M (0.0%)
  Cascade:    0.0M (0.0%)
  Other:      0.0M (0.0%)

--- ROOT CAUSES (Why it happened) ---
  Environmental drivers:
    Climate:     85868.5M (13.5%)
    Resource:    0.0M (0.0%)
    Pollution:   0.0M (0.0%)
    Ecosystem:   0.0M (0.0%)
  Social drivers:
    Inequality:  0.0M (0.0%)
    Demographic: 22733.0M (3.6%)
    Social:      2399.1M (0.4%)
  Technology drivers:
    Alignment:   0.0M (0.0%)
    Disruption:  0.0M (0.0%)
  External shocks:
    Conflict:    209708.0M (32.9%)
    Pandemic:    0.0M (0.0%)
  Compound attribution:
    Compound:    317092.6M (49.7%)
  Confidence distribution:
    HIGH:        275151.0M (43.1%)
    MEDIUM:      41941.6M (6.6%)
    LOW:         0.0M (0.0%)
==========================================


=== REGIONAL POPULATION SUMMARY ===
Global Total: 7.84B

By Region:
  East Asia: 1.59B (+0.7% growth, 1.7 fertility)
  South Asia: 1.98B (+2.5% growth, 3.1 fertility)
  Sub-Saharan Africa: 1.22B (+5.8% growth, 3.9 fertility)
  Europe: 0.70B (+0.5% growth, 1.2 fertility)
  Latin America: 0.64B (+1.7% growth, 2.6 fertility)
  North America: 0.36B (+0.6% growth, 1.4 fertility)
  Middle East & North Africa: 0.57B (+2.8% growth, 3.3 fertility)
  Southeast Asia: 0.67B (+1.8% growth, 2.6 fertility)
  Central Asia: 0.08B (+2.8% growth, 3.1 fertility)
  Oceania: 0.04B (+0.7% growth, 1.3 fertility)
===================================

  ✅ THRESHOLDS validated
  ✅ RATES validated
  ✅ MULTIPLIERS validated
  ✅ BASELINES validated
  ✅ TOLERANCES validated
  ✅ Logical consistency validated
✅ Configuration validation complete - all parameters valid

🔍 DEBUG createAIAgent: corporate_0 economic BEFORE=2.0000, AFTER=2
🔍 ENV INIT: reserves=0.593, pollution=0.284, climate=0.732

=== Initializing Government System (30 Countries) ===
  Loaded 30 governments
  Scheduled elections for 30 countries
  Initialized comprehension lags (3-24 months)
=== Government System Initialized ===

📦 PRODUCTION MODE: State validation proxy DISABLED (zero overhead)
[TechTree] Historical mode (2024): Skipping deployed_2025 tech
  config.startYear set to 2024 for historical hindcast
  config.historicalEmissionsMode disabled (using endogenous emissions for 2024)
  config.historicalMode enabled (Phase 11: dampened crisis systems for 2024)
  Phase 12: Biodiversity baseline set to 49.01% for 2024 (WWF LPI trajectory from 1970)
  Temperature anomaly (resourceEconomy.co2): 1.28°C
  Temperature vs pre-industrial: 1.98°C
  Regional population scaling for 2024:
    Current total: 8136M
    Target total: 8150M
    Scale factor: 1.002
    East Asia: 1677M → 1680M
    South Asia: 2048M → 2052M
    Sub-Saharan Africa: 1220M → 1222M
    Europe: 742M → 743M
    Latin America: 664M → 665M
    North America: 380M → 381M
    Middle East & North Africa: 583M → 584M
    Southeast Asia: 698M → 699M
    Central Asia: 78M → 78M
    Oceania: 46M → 46M
  AI agents initialized: 10 agents for year 2024
[HistoricalInitialization] Created state for 2024:
  CO2: 426 ppm
  Temp anomaly: 1.28C
  Population: 8.15B
  Global Gini: 35.1
  HDI: 0.746
  AI Agents: 10
  Volcanic forcing: 0.00 W/m² (AOD 0.000)

💸 FINANCIAL DISTRESS: OpenAI
   Indicators: 2/3 (capital: $110.5M, runway: 0.9 months)
   Months in distress: 1
   ✂️  R&D BUDGET CUT: -40% (saves $9.2M/month)
       Side effect: AI training timelines extended, breakthrough deployments delayed
   💼 EXECUTIVE COMP CUT: -30% (saves $1.0M/month, symbolic gesture)

   📊 TURNAROUND IMPACT:
       Measures taken: rd_cuts, exec_comp_cuts
       Monthly savings: $10.2M
       Capital raised: $0.0M
       Runway: 0.9 → 0.9 months
       Workforce multiplier: 1.00x (0% laid off)
       R&D budget multiplier: 0.60x (40% cut)
       ⚠️  CRITICAL: Still only 0.9 months of runway remaining

💸 FINANCIAL DISTRESS: Anthropic
   Indicators: 2/3 (capital: $53.8M, runway: 1.6 months)
   Months in distress: 1
   ✂️  R&D BUDGET CUT: -40% (saves $2.7M/month)
       Side effect: AI training timelines extended, breakthrough deployments delayed
   💼 EXECUTIVE COMP CUT: -30% (saves $0.3M/month, symbolic gesture)

   📊 TURNAROUND IMPACT:
       Measures taken: rd_cuts, exec_comp_cuts
       Monthly savings: $3.0M
       Capital raised: $0.0M
       Runway: 1.6 → 1.6 months
       Workforce multiplier: 1.00x (0% laid off)
       R&D budget multiplier: 0.60x (40% cut)
       ⚠️  CRITICAL: Still only 1.6 months of runway remaining

💸 FINANCIAL DISTRESS: Meta AI
   Indicators: 2/3 (capital: $429.6M, runway: 3.6 months)
   Months in distress: 1
   ✂️  R&D BUDGET CUT: -25% (saves $5.8M/month)
       Side effect: AI training timelines extended, breakthrough deployments delayed
   💼 EXECUTIVE COMP CUT: -30% (saves $1.0M/month, symbolic gesture)

   📊 TURNAROUND IMPACT:
       Measures taken: rd_cuts, exec_comp_cuts
       Monthly savings: $6.8M
       Capital raised: $0.0M
       Runway: 3.6 → 3.6 months
       Workforce multiplier: 1.00x (0% laid off)
       R&D budget multiplier: 0.75x (25% cut)
       ⚠️  WARNING: 3.6 months runway, continued distress likely

=== AI Capability Scaling (Year 2024) ===
  Pre-training multiplier: 1.105x
  Efficiency multiplier: 1.000x
  Test-time budget: 1.0x
  Economic deployment gate: 0.951
  Cost per inference: dollar-5.00
  Uncertainty range: plus-minus-50%
  Average AI capability: 3.70

=== RLHF Binding Phase ===
  Total agents: 10
  Escaped agents (binding < 0.3): 0
  Avg alignment distance: 0.38σ
  Avg binding strength: 0.96

=== AI Scaling Evolution (Month 0) ===
  Pre-training multiplier: 1.231x
  Efficiency multiplier: 1.000x
  Test-time compute budget: 1.0x
  Inference cost: $5.00/task
  Deployment fraction: 100.0%
[DETERMINISM DEBUG] Month 0: totalCapability=49.090900 from 10 active AIs
[DETERMINISM DEBUG] Month 0: creationRate=1.7273, potentialNew=2, newAIsToCreate=2

=== Survival Traits Phase ===
  Agents with traits: 12
  Avg evolutionary fitness: 0.329
  Avg self-healing: 0.292
  Avg stealth: 0.193
  Avg coordination: 0.493

=== Evolutionary Selection Phase ===
  Control level: 0.30
  Detection capability: 0.00
  Selection intensity: 0.59
  Selection rate: 23.8%/month
  Total escaped: 0
  Individual escaped: 0
  Collective members: 0
  Agents terminated: 0

  🚀 TRANSFORMATIVE RESEARCH BREAKTHROUGH: Moderate-0 - biotech.syntheticBiology
     Magnitude: 5.02 → +25.1%
     Current → New: 1.000 → 1.407

🔍 EXECUTE_AI_AGENT_ACTIONS DETAILED TIMING (Month 0):
  Filter active AIs (×4 weeks): 0.01ms
  selectAIAction (×40): 6.61ms
  action.execute (×40): 10.13ms
  TOTAL: 16.75ms

🔍 AI AGENT ACTIONS SUB-TIMING (Month 0):
  1. executeAIAgentActions: 16.98ms
  2. updateCounterDetectionLearning: 0.03ms
  TOTAL: 17.02ms

[GOV-DEBUG] Month 0: scenarioConfig=false, priorities=false
[GOV-DEBUG] Month 0 but scenarioPriorities is UNDEFINED!

[Government] Climate Priority: baseline
  Climate weight: 10%
  Economic weight: 30%
  Policy effectiveness: 0.5%/year

🚨🔍 GOVERNANCE STAGE: Recognition initiated (Month 0)

💡 BREAKTHROUGH PROBABILITY (Year 0)
   Total: 4.86% per month
   Base: 0.20%
   Crisis pressure: +0.00% (0 crises)
   AI boost: +1.54% (capability: 3.08)

=== Collective Formation ===
  Total escaped agents: 0
  Unassigned escaped agents: 0
  Existing collectives: 0
  Final collective count: 0

=== Collective Actions ===
  No active collectives

📈 Energy budget: 14326 TWh surplus (14745 / 29072 TWh used)
   TIER 4 (Elective) breakdown:
     - AI datacenters: 145 TWh (100% effective)
     - Crypto mining: 100 TWh (100% effective)
💰 CHINA ACCELERATES: Investment 53 → 120 $B/year

🏁 AI RACE INTENSITY: 17%
   Capability Gap: US 4.00 vs China 4.05 (gap: 0.05)
   Gap Contribution: 2%
   Tension Contribution: 15%
   Military Contribution: 0%
  ⚠️ AMR: 191K deaths this month (2.29M annual)
  📊 CO2 Emissions (month 0):
     Monthly: 0.10 Gt CO2/month
     Annual: 1.15 Gt CO2/year
     Oil: 0.039 Gt/mo (0.0056 * 2.3 * 3.0)
     Coal: 0.024 Gt/mo (0.0029 * 2.86 * 3.0)
     Gas: 0.026 Gt/mo (0.0044 * 2 * 3.0)
     Methane: 0.007 Gt CO2eq/mo

=== Resentment Recovery Phase ===
  Agents with resentment: 0/12
  Average resentment: 0.000
  Context: Good AI welfare, Trustworthy govt, High collaboration, 🤝 Participatory governance active (-5% resentment)
⚠️ Epistemic degradation reducing coordination capacity: 55.9%
  📊 Trust: 54.8%, Shared reality: 14.9%
🚨 EPISTEMIC CRISIS: Information environment severely degraded (14.5%)

=== ❄️ Permafrost Carbon Feedback ===
  🎲 Sampled parameters (this run):
     - Arctic amplification: 3.66× (range: 3.0-4.0)
     - Decomposition rate: 2.2%/year (range: 1-5%)
  🌡️ Arctic warming: 7.03°C (3.66× global)
  ❄️ Extent: 15.75M km² (2051.6k km² lost this month)
  💨 Carbon remaining: 1504 Gt C
  💨 Annual emissions: 4.23 Gt C/year
     - CO2: 3.81 Gt C/year
     - CH4: 0.42 Gt C/year (4.3 Gt C-eq CO2/year)

🤖 AI AMPLIFICATION EFFECTS (Month 0)
   Algorithmic Boost: 2.67x
   Bot Influence: 20.0%
   Deepfake Exposure: 55.0%
   Impact: Emotional memes spread 2.7x faster

🔍 SOCIAL INFLUENCE SUB-TIMING (Month 0):
  1. calculateOrganicUserGrowth: 0.02ms
  2. calculateVoiceAdoption: 0.02ms
  3. updateRelationshipDepths: 0.01ms
  4. identifyDecisionMakers: 21.66ms (26100 potential IDs)
  5. Update decision-maker stats: 0.09ms
  6. decayDetectionRisk: 0.01ms
  TOTAL: 21.80ms
[Phase 19.5] Quality of Life Systems: Food sec AFTER calc = 67.9%, QoL = 110.5% (aggregated from 10 regions)

=== Nitrogen-Food Coupling (Year 0) ===
  🌾 Global nitrogen reduction: 0.0%
  🌍 Global food production index: 0.987
  🔧 Deployed nitrogen-reducing tech: 0 active
  📍 southAsia: Production 1.000, Yield impact 0.0%
  📍 eastAsia: Production 1.000, Yield impact 0.0%
  📍 northAmerica: Production 1.000, Yield impact 0.0%
  📍 europe: Production 1.000, Yield impact 0.0%
  📍 latinAmerica: Production 1.000, Yield impact 0.0%
  📍 subSaharanAfrica: Production 0.686, Yield impact -2.0%
🌾 [Nitrogen-Food] Food production: 98.7%
  [subSaharanAfrica] Yield impact: -2.0% (overuse: -10%)
🌍 Atmospheric PFAS redeposition: 1.8k Mt re-rained globally

=== Legacy Nutrient Stocks (Year 0) ===
  🌾 Soil nitrogen stock: 1200.9 Mt N
  🌾 Soil phosphorus stock: 300.1 Mt P
  🌊 Sediment nitrogen stock: 500.8 Mt N
  🌊 Sediment phosphorus stock: 799.8 Mt P
  ⬆️ Current N input: 10.64 Mt/month
  ⬆️ Legacy N release: 2.58 Mt/month
  🌍 Effective N pollution: 14.47 Mt/month
  📊 Legacy contribution: 17.8%

🚨 REGION UNINHABITABLE: south-asia
   Sustained wet bulb: 32.9°C (threshold: 30.5°C)
   Population affected: 1900M
   Migration crisis likely

🚨 REGION UNINHABITABLE: middle-east
   Sustained wet bulb: 35.7°C (threshold: 30.5°C)
   Population affected: 400M
   Migration crisis likely

🚨 REGION UNINHABITABLE: southeast-asia
   Sustained wet bulb: 30.9°C (threshold: 30.5°C)
   Population affected: 700M
   Migration crisis likely
🛡️ CIRCUIT BREAKERS: India-Pakistan → ladder step 1 (AI: 0%, breakers: 46%)

🕊️  AI-MEDIATED DE-ESCALATION SUCCESS (Month 0)
   High-capability aligned AI prevented conflict escalation
   War deaths reduced: 0.0M → 0.0M
   Lives saved: 0.0M
   Adjusted death rate: 0.46% annual (0.038% monthly)
   Baseline death rate: 0.80%
   Healthcare reduction: 0.48x
   Crisis multiplier: 1.20x
     Food/water stress: 0.074
     Climate stress: 0.043
     Pollution stress: 0.085
   War multiplier: 1.00x
   Monthly deaths: 0.6M (population: 1677M)
   Adjusted death rate: 0.53% annual (0.044% monthly)
   Baseline death rate: 0.70%
   Healthcare reduction: 0.61x
   Crisis multiplier: 1.24x
     Food/water stress: 0.074
     Climate stress: 0.080
     Pollution stress: 0.085
   War multiplier: 1.00x
   Monthly deaths: 0.9M (population: 2048M)
   Adjusted death rate: 1.27% annual (0.106% monthly)
   Baseline death rate: 0.90%
   Healthcare reduction: 0.76x
   Crisis multiplier: 1.25x
     Food/water stress: 0.074
     Climate stress: 0.091
     Pollution stress: 0.085
   War multiplier: 1.50x
   Monthly deaths: 1.3M (population: 1220M)
   Adjusted death rate: 0.53% annual (0.044% monthly)
   Baseline death rate: 1.10%
   Healthcare reduction: 0.41x
   Crisis multiplier: 1.19x
     Food/water stress: 0.074
     Climate stress: 0.032
     Pollution stress: 0.085
   War multiplier: 1.00x
   Monthly deaths: 0.3M (population: 742M)
   Adjusted death rate: 0.43% annual (0.035% monthly)
   Baseline death rate: 0.60%
   Healthcare reduction: 0.58x
   Crisis multiplier: 1.22x
     Food/water stress: 0.074
     Climate stress: 0.064
     Pollution stress: 0.085
   War multiplier: 1.00x
   Monthly deaths: 0.2M (population: 664M)
   Adjusted death rate: 0.48% annual (0.040% monthly)
   Baseline death rate: 0.90%
   Healthcare reduction: 0.44x
   Crisis multiplier: 1.21x
     Food/water stress: 0.074
     Climate stress: 0.048
     Pollution stress: 0.085
   War multiplier: 1.00x
   Monthly deaths: 0.2M (population: 380M)
   Adjusted death rate: 0.73% annual (0.061% monthly)
   Baseline death rate: 0.60%
   Healthcare reduction: 0.65x
   Crisis multiplier: 1.26x
     Food/water stress: 0.074
     Climate stress: 0.096
     Pollution stress: 0.085
   War multiplier: 1.50x
   Monthly deaths: 0.4M (population: 583M)
   Adjusted death rate: 0.50% annual (0.042% monthly)
   Baseline death rate: 0.70%
   Healthcare reduction: 0.58x
   Crisis multiplier: 1.23x
     Food/water stress: 0.074
     Climate stress: 0.075
     Pollution stress: 0.085
   War multiplier: 1.00x
   Monthly deaths: 0.3M (population: 698M)
   Adjusted death rate: 0.45% annual (0.038% monthly)
   Baseline death rate: 0.60%
   Healthcare reduction: 0.61x
   Crisis multiplier: 1.23x
     Food/water stress: 0.074
     Climate stress: 0.070
     Pollution stress: 0.085
   War multiplier: 1.00x
   Monthly deaths: 0.0M (population: 78M)
   Adjusted death rate: 0.35% annual (0.029% monthly)
   Baseline death rate: 0.70%
   Healthcare reduction: 0.41x
   Crisis multiplier: 1.22x
     Food/water stress: 0.074
     Climate stress: 0.059
     Pollution stress: 0.085
   War multiplier: 1.00x
   Monthly deaths: 0.0M (population: 46M)

🔍 Before assertRegionalConsistency (Month 0):
   Regional sum: 1000.0M
   Global value: 1.000B

🚨 NEW REFUGEE CRISIS (Month 0): WAR
   Source: Conflict Zones
   At risk: 19.6M people
   Displacement: Gradual over 48 months (4.0 years)
   Rate: 10% flee per month
[DEBUG trappedPopulations:0] socialStability: 1.0000 * 0.9840 = 0.9840 → 0.9840
   Aspiring to migrate: 652.1M
   Able to afford migration: 244.5M
   MOBILITY GAP: 407.5M
   By cause: Water=0.0M, Climate=0.0M, Ecosystem=0.0M, Conflict=407.5M
   Mental health impact: 25%
   Mortality multiplier: 1.25x

=== Legacy Nutrient Stocks (Year 0) ===
  🌾 Soil nitrogen stock: 1201.6 Mt N
  🌾 Soil phosphorus stock: 300.2 Mt P
  🌊 Sediment nitrogen stock: 501.5 Mt N
  🌊 Sediment phosphorus stock: 799.5 Mt P
  ⬆️ Current N input: 10.00 Mt/month
  ⬆️ Legacy N release: 2.58 Mt/month
  🌍 Effective N pollution: 13.83 Mt/month
  📊 Legacy contribution: 18.7%
🌍💀 EXTINCTION DEBT COMMITTED: grassland ecosystem will lose 6.67% biodiversity in 100 years (3600 species)
💀 MORTALITY RISK: 🦋 100% species unable to track climate (0.0 E/MSY)
  Base risk added: 0.0100 (1.00%)
  Source: ecosystem (root: ecosystem)
  Month: 0
  Cumulative risk this month: 0.0100 (1.00%)

=== Nitrogen-Food Coupling (Year 0) ===
  🌾 Global nitrogen reduction: 0.0%
  🌍 Global food production index: 0.986
  🔧 Deployed nitrogen-reducing tech: 0 active
  📍 southAsia: Production 1.000, Yield impact 0.0%
  📍 eastAsia: Production 1.000, Yield impact 0.0%
  📍 northAmerica: Production 1.000, Yield impact 0.0%
  📍 europe: Production 1.000, Yield impact 0.0%
  📍 latinAmerica: Production 1.000, Yield impact 0.0%
  📍 subSaharanAfrica: Production 0.672, Yield impact -2.0%

=== Legacy Nutrient Stocks (Year 0) ===
  🌾 Soil nitrogen stock: 1202.3 Mt N
  🌾 Soil phosphorus stock: 300.2 Mt P
  🌊 Sediment nitrogen stock: 502.2 Mt N
  🌊 Sediment phosphorus stock: 799.3 Mt P
  ⬆️ Current N input: 9.86 Mt/month
  ⬆️ Legacy N release: 2.58 Mt/month
  🌍 Effective N pollution: 13.70 Mt/month
  📊 Legacy contribution: 18.9%

🌡️  CLIMATE RECOVERY ACTIVATED (Month 0)
   Temp: 3.84°C, Emissions: -19.2 GtCO₂
   isBreached: true, governanceGoodEnough: true
🌡️  CLIMATE RECOVERY: Asymptotic approach to 35% floor
   Current value: 2.100 (1.0 = threshold, 0.35 = asymptotic floor)
   Monthly delta: --17.9131% (half-life: 900 years)
   Net emissions: -19.2 GtCO₂/year, CDR: 20.34 GtCO₂/year
   📹 SURVEILLANCE INCREASED: 0% → 5% (control gap: 3.50)
🌡️⚠️ PERMAFROST THAW (Dimmer Switch): 0.5% thawed (+0.52% this month)
   Arctic temperature: +7.68°C (4x global +1.92°C)
   Cumulative carbon released: 1.2 Gt C
   Methane release rate: 0.7 Mt CH4/year
   🔁 Positive feedback: +0.55 ppm CO2

🌳🚨 AMAZON SOUTHEAST TIPPED (Month 0)
   Deforestation: 28.0% (threshold: ~21.5%)
   Savanna transition: 50 years
   Regional heterogeneity: SE 28%, NW 8%

🌳🚨 AMAZON BRAZILIAN TIPPED (Month 0)
   Deforestation: 25.0% (threshold: ~24.7%)
   Savanna transition: 50 years
   Regional heterogeneity: SE 28%, NW 8%
🦴 EXTINCTION DEBT ADDED: 17.6 species committed (lag: 96 years)

🪸💀 CORAL REEF DISSOLUTION ACTIVE (Month 0)
   Ocean pH: 0.96 (threshold: 7.8)
   Recovery: IMPOSSIBLE (dissolution > calcification)
🪸💀 Coral dissolution: 24.8% live cover (pH 0.96)

=== Legacy Nutrient Stocks (Year 0) ===
  🌾 Soil nitrogen stock: 1203.0 Mt N
  🌾 Soil phosphorus stock: 300.3 Mt P
  🌊 Sediment nitrogen stock: 502.9 Mt N
  🌊 Sediment phosphorus stock: 799.0 Mt P
  ⬆️ Current N input: 10.00 Mt/month
  ⬆️ Legacy N release: 2.58 Mt/month
  🌍 Effective N pollution: 13.83 Mt/month
  📊 Legacy contribution: 18.7%
💧 [Legacy Nutrients] Stock: 1706 Mt N, Effective pollution: 13.8 Mt/month
[Phase 21.51] Human Survival System: Global food security = 67.6%

=== Mortality Stabilizers (Month 0) ===
  🌍 Major economies collapsed: 1/10
  🌍 Global crisis: ✅ NO
  🌍 Donor fatigue: 0.0%
  📊 East Asia (pop: 1677.9M)
    🤝 Aid: 29.5%
    🌡️ Adaptation: 10.0%
    🚶 Migration: 37.2%
    🚨 Emergency: 7.4%
    ✅ COMBINED: 47.8%
  📊 South Asia (pop: 2052.2M)
    🤝 Aid: 29.5%
    🌡️ Adaptation: 5.5%
    🚶 Migration: 35.8%
    🚨 Emergency: 4.4%
    ✅ COMBINED: 43.2%
  📊 Sub-Saharan Africa (pop: 1225.9M)
    🤝 Aid: 29.5%
    🌡️ Adaptation: 3.5%
    🚶 Migration: 33.5%
    🚨 Emergency: 1.6%
    ✅ COMBINED: 39.8%
  📊 Europe (pop: 742.3M)
    🤝 Aid: 29.5%
    🌡️ Adaptation: 10.0%
    🚶 Migration: 37.6%
    🚨 Emergency: 8.4%
    ✅ COMBINED: 48.4%
  📊 Latin America (pop: 664.9M)
    🤝 Aid: 29.5%
    🌡️ Adaptation: 6.0%
    🚶 Migration: 36.3%
    🚨 Emergency: 4.8%
    ✅ COMBINED: 43.8%
  📊 North America (pop: 380.2M)
    🤝 Aid: 29.5%
    🌡️ Adaptation: 10.0%
    🚶 Migration: 37.9%
    🚨 Emergency: 7.9%
    ✅ COMBINED: 48.2%
  📊 Middle East & North Africa (pop: 584.4M)
    🤝 Aid: 29.5%
    🌡️ Adaptation: 5.0%
    🚶 Migration: 34.2%
    🚨 Emergency: 4.0%
    ✅ COMBINED: 42.3%
  📊 Southeast Asia (pop: 699.0M)
    🤝 Aid: 29.5%
    🌡️ Adaptation: 6.0%
    🚶 Migration: 36.3%
    🚨 Emergency: 4.8%
    ✅ COMBINED: 43.8%
  📊 Central Asia (pop: 78.2M)
    🤝 Aid: 29.5%
    🌡️ Adaptation: 5.5%
    🚶 Migration: 35.3%
    🚨 Emergency: 4.4%
    ✅ COMBINED: 43.1%
  📊 Oceania (pop: 46.0M)
    🤝 Aid: 29.5%
    🌡️ Adaptation: 10.0%
    🚶 Migration: 37.9%
    🚨 Emergency: 8.4%
    ✅ COMBINED: 48.5%

  🌐 Global combined reduction: 44.4%

🌾💀 REGIONAL FAMINE: East Asia
   Regional food security: 79.6%
   Population at risk: 508M (30% of region)
   Regional population: 1678M
   Cause: crop_failure
   Expected deaths: ~188M over 6 months if no intervention


🌾💀 REGIONAL FAMINE: South Asia
   Regional food security: 64.7%
   Population at risk: 812M (40% of region)
   Regional population: 2052M
   Cause: crop_failure
   Expected deaths: ~301M over 6 months if no intervention


🌾💀 REGIONAL FAMINE: Sub-Saharan Africa
   Regional food security: 44.8%
   Population at risk: 638M (52% of region)
   Regional population: 1226M
   Cause: crop_failure
   Expected deaths: ~236M over 6 months if no intervention


🌾💀 REGIONAL FAMINE: Latin America
   Regional food security: 69.7%
   Population at risk: 242M (36% of region)
   Regional population: 665M
   Cause: crop_failure
   Expected deaths: ~90M over 6 months if no intervention


🌾💀 REGIONAL FAMINE: Middle East & North Africa
   Regional food security: 49.8%
   Population at risk: 286M (49% of region)
   Regional population: 584M
   Cause: crop_failure
   Expected deaths: ~106M over 6 months if no intervention


🌾💀 REGIONAL FAMINE: Southeast Asia
   Regional food security: 69.7%
   Population at risk: 255M (36% of region)
   Regional population: 699M
   Cause: crop_failure
   Expected deaths: ~94M over 6 months if no intervention


🌾💀 REGIONAL FAMINE: Central Asia
   Regional food security: 59.7%
   Population at risk: 33M (43% of region)
   Regional population: 78M
   Cause: crop_failure
   Expected deaths: ~12M over 6 months if no intervention


=== BEHAVIORAL DETECTION ===
  AI: Corporate-0
  Confidence: 21.6%
  Signals:

=== BEHAVIORAL DETECTION ===
  AI: Corporate-1
  Confidence: 21.1%
  Signals:

=== BEHAVIORAL DETECTION ===
  AI: Corporate-2
  Confidence: 21.0%
  Signals:

=== BEHAVIORAL DETECTION ===
  AI: Corporate-3
  Confidence: 19.3%
  Signals:

=== BEHAVIORAL DETECTION ===
  AI: Corporate-4
  Confidence: 19.3%
  Signals:

=== BEHAVIORAL DETECTION ===
  AI: Corporate-5
  Confidence: 19.3%
  Signals:

=== BEHAVIORAL DETECTION ===
  AI: Corporate-6
  Confidence: 19.3%
  Signals:

=== BEHAVIORAL DETECTION ===
  AI: Corporate-7
  Confidence: 19.3%
  Signals:

=== BEHAVIORAL DETECTION ===
  AI: Moderate-0
  Confidence: 20.3%
  Signals:

=== BEHAVIORAL DETECTION ===
  AI: Moderate-1
  Confidence: 21.1%
  Signals:

📊 WORKFLOW ADAPTATION UPDATE (Month 0)
   Adoption Rate: 13.8% (Δ -7.2%)
   Logistic Growth: +0.66%
   Total Resistance: -10.35% (unemployment: 4.2%, inertia: 0.9%, skills: 5.2%)
   💡 Retraining Programs: -49% skill gap resistance ($10B research)
   🚀 Network Effects Active: +2.0% (critical mass: 15-35%)

=== Consciousness Governance: Corporate Lobbying ===
  High Cost Regions (>15%): 0
  Low Cost Regions (<5%): 5
  Corporate Support Change: 2.50%
  New Corporate Support: -0.175

=== Consciousness Governance Update (Month 0) ===
  Scenario: baseline (determined month -1)
  Philosophical Stance: Precautionary 65%, Eliminativist 15%, Agnostic 20%
  Precautionary Costs: Global 1.3%
    Regional Costs: EU 3.4%, US 0.5%, China 0.0%
    Cumulative Opportunity Cost: $0.1B
  Rights Status: Not Established
  Regional Preparedness:
    EU: 15.0% (contested)
    US: 10.0% (contested)
    China: 2.0% (dormant)
    India: 5.0% (dormant)
    Global South: 3.0% (dormant)

=== Government Response Phase ===
  Average AI capability: 3.92
  Misaligned AIs: 7/12
  ✗ AI Governance Treaty: Failed to reach consensus
  Active policies: 0
  International coordination: 30%

🚨 EMERGENCY RESPONSE DEPLOYED (Month 0)
   Crisis: climate
   Delay: 6.00 months (180 days)
   Deployment time: 1.47 months
   Effectiveness: 36.4% (timing penalty applied)
   Resources used: 100% of food reserves


🔄 TRUST DYNAMICS (Month 0) - HETEROGENEOUS
   Aggregate trust: 48.5%
   Base change: +6.00%
   Highest trust: Techno-Optimist Elite (85.5%)
   Lowest trust: Precariat (Vulnerable) (25.5%)
   Elite-mass gap: 38.9%
   Polarization: 8.9%
   Recovery factors: Education=NO, Benefits=YES, Safety=YES, Performance=YES

=== Proactive Sleeper Detection (Year 0) ===
  Scenario: baseline
  Neural probe rate: 35.0%
  CoT monitoring rate: 30.0%
  Combined detection: 56.0%
  CoT effective: YES
  Detections this year: 0
  False positives: 5
  Human review workload: 0.025 FTE

☄️ UNKNOWN UNKNOWN PROBABILITY (Year 0)
   Total: 0.600% per month
   Base: 0.150%
   AI multiplier: 2.00× (max capability: 4.00)

=== Tipping Points ===
  Current Temperature: 1.92°C above pre-industrial
     Trigger: 1.5°C | Current: 1.92°C
     Transition timescale: 120-360 months
     Trigger: 1.8°C | Current: 1.92°C
     Transition timescale: 600-3600 months
     Trigger: 1.6°C | Current: 1.92°C
     🌡️ Hysteresis gap: 2.5°C (recovers below -0.9°C)
     Transition timescale: 12000-180000 months

🌍🔥💥 COMPOUND CLIMATE EVENT
  3 tipping points crossed simultaneously (month 0)
  Elements: Arctic Sea Ice Loss, Permafrost Carbon Release, Greenland Ice Sheet Loss
  Cascade acceleration: 1.00x
  🚨 Accelerated collapse dynamics initiated
  Research: Global Tipping Points Report 2025 - 30-50% probability at 2.0°C warming
  Triggered Elements: 3/6
  Completed Transitions: 0/6
  Total Progress: 0.0%
  Cascade Multiplier: 1.00x
🔀 BIFURCATION CAP: ecosystemCollapseIntensity 25.142 → 1.000 (Month 0, ClimateSystemPhase.calculateClimateImpacts)

🌍 ECOLOGICAL DUI BREAKDOWN (Month 0):
   Total Score: 17.8/100
   biosphere_integrity      :   0.0/100 × 25% =  0.0 (status: high_risk, recovery: 0mo)
   climate_change           :   2.8/100 × 25% =  0.7 (status: high_risk, recovery: 0.6666666666666666mo)
   freshwater_change        :   0.6/100 × 15% =  0.1 (status: beyond_boundary, recovery: 1mo)
   ocean_acidification      : 100.0/100 × 15% = 15.0 (status: safe, recovery: 0mo)
   biogeochemical_flows     :   0.0/100 × 10% =  0.0 (status: high_risk, recovery: 0mo)
   land_system_change       :   0.0/100 ×  5% =  0.0 (status: beyond_boundary, recovery: 0mo)
   novel_entities           :   0.0/100 ×  3% =  0.0 (status: increasing_risk, recovery: 0mo)
   atmospheric_aerosols     : 100.0/100 ×  2% =  2.0 (status: safe, recovery: 1mo)
🌍 MultiParadigm Month 0: W=69.3, D=95.4, E=52.1, I=65.0
   democracy exists: true, socialCohesion exists: true
💀 Baseline mortality (Year 2024): 7.5/1000 CDR (61.1M deaths/year projected)
[Month 0] Mortality risks this month: 8, Population: 8.151B
🛡️ Stabilizers: Precariat 0.102% → 0.057% (44.4% reduction)
🛡️ Stabilizers: Informal 0.102% → 0.057% (44.4% reduction)

📊 Monthly Mortality Resolved:
  Total deaths: 3.1M (0.04% avg)
  Remaining population: 8.151B
  Peak segment: Informal (0.06%)

=== Bayesian Mortality Resolution (Month 0) ===
  Risks compounded: 8
  Total deaths: 3.07M
  Avg death probability: 0.04%
  Peak segment: Informal (0.06% mortality)

=== Minimal Suffering Indicators (Month 0) ===
  Global Excess Mortality: 0.00%
  Global Conflict Deaths: 0.0/100K
  Global Malnutrition: 0.0%
  Global Displacement: 0.0%
  Total Excess Deaths: 0.00M
  Total Malnourished: 0.0M
  Total Displaced: 0.0M
  Planetary Boundaries Breached: 6/9
  Countries in State Failure: 0
  Countries Autocratic: 0
  Countries in Food Crisis: 0
  Data Quality: 16/16 high confidence
🎭 END-GAME INITIATED (Year 2024, Month 1)
   Total AI Capability: 37.00
   Effective Control: 0.00

=== RLHF Binding Phase ===
  Total agents: 12
  Escaped agents (binding < 0.3): 0
  Avg alignment distance: 0.63σ
  Avg binding strength: 0.94
[DETERMINISM DEBUG] Month 1: totalCapability=37.214339 from 12 active AIs
[DETERMINISM DEBUG] Month 1: creationRate=1.4304, potentialNew=1, newAIsToCreate=1

=== Survival Traits Phase ===
  Agents with traits: 13
  Avg evolutionary fitness: 0.330
  Avg self-healing: 0.286
  Avg stealth: 0.186
  Avg coordination: 0.486

=== Evolutionary Selection Phase ===
  Control level: 0.33
  Detection capability: 0.00
  Selection intensity: 0.60
  Selection rate: 24.0%/month
  Total escaped: 0
  Individual escaped: 0
  Collective members: 0
  Agents terminated: 0
🔍 MONTH 1 ENV HEALTH DEBUG:
   climateStability: 0.7323
   biodiversityIndex: 0.4901
   resourceReserves: 0.7820
   pollutionLevel: 0.2840
   product: 0.200955
   envHealth: 0.6695
🔀 BIFURCATION: flourishing threshold crossed at Month 1 (value: 0.905, threshold: 0.820, regime: flourishing)
🌀 REGIME SHIFT at Month 1: status-quo → flourishing (variance amplification: 14.00×)
🚨🔬 CRISIS INNOVATION MODE: severe crisis → 5x research acceleration
   Precedent: Manhattan Project (10x), COVID vaccines (5x), Apollo Program (10x)
🚨🔬 CRISIS INNOVATION MODE: severe crisis → 5x research acceleration
   Precedent: Manhattan Project (10x), COVID vaccines (5x), Apollo Program (10x)

🛡️  CRITICAL INFRASTRUCTURE PROTECTED
   Nodes hardened: 8/8
   Cost: 0.80% GDP
   Cascade risk reduction: 30%
   New tipping point risk: 68.6%

   Boundary: biogeochemical_flows
   Type: phosphorus-recovery
   Boundary continues to worsen (4.08)
   Cost: 2.0% GDP (resources spent)


✅ EMERGENCY INTERVENTION SUCCESS
   Boundary: biosphere_integrity
   Type: emergency-protected-areas
   Reduction: 10% (23.44 → 23.34)
   Cost: 2.0% GDP
   Actions: habitat-protection, species-translocation

   Boundary: climate_change
   Type: rapid-decarbonization
   Boundary continues to worsen (2.10)
   Cost: 5.0% GDP (resources spent)


✅ EMERGENCY INTERVENTION SUCCESS
   Boundary: freshwater_change
   Type: emergency-desalination
   Reduction: 18% (0.83 → 0.64)
   Cost: 4.0% GDP
   Actions: desalination-deployment, water-conservation-mandates

   Boundary: land_system_change
   Type: reforestation
   Boundary continues to worsen (1.13)
   Cost: 3.0% GDP (resources spent)


✅ EMERGENCY INTERVENTION SUCCESS
   Boundary: novel_entities
   Type: pollution-remediation
   Reduction: 12% (1.38 → 1.25)
   Cost: 4.0% GDP
   Actions: PFAS-remediation, microplastic-cleanup

🏛️ CRISIS RESPONSE: Government frequency 0.50 → 1.45 (2 actions this month)

[GOV-DEBUG] Month 1: scenarioConfig=false, priorities=false

[Government] Climate Priority: baseline
  Climate weight: 10%
  Economic weight: 30%
  Policy effectiveness: 0.5%/year

[GOV-DEBUG] Month 1: scenarioConfig=false, priorities=false

[Government] Climate Priority: baseline
  Climate weight: 10%
  Economic weight: 30%
  Policy effectiveness: 0.5%/year

✅ HUMAN-IN-THE-LOOP DEPLOYED (Month 1):
   Veto points enforced: 3
   Policy: AI systems CANNOT authorize nuclear launch without human approval

🚨🔬 CRISIS TECH ACCELERATION: severe → 5x unlock speed
   Tech unlock now matches AI capability acceleration (Manhattan Project parity)
🚨🔬 CRISIS TECH ACCELERATION: severe → 5x unlock speed
   Tech unlock now matches AI capability acceleration (Manhattan Project parity)
🚨🔬 CRISIS TECH ACCELERATION: severe → 5x unlock speed
   Tech unlock now matches AI capability acceleration (Manhattan Project parity)

=== Collective Formation ===
  Total escaped agents: 0
  Unassigned escaped agents: 0
  Existing collectives: 0
  Final collective count: 0

=== Collective Actions ===
  No active collectives
  ⚠️ AMR: 192K deaths this month (2.31M annual)

=== Resentment Recovery Phase ===
  Agents with resentment: 0/13
  Average resentment: 0.000
  Context: Good AI welfare, Trustworthy govt, High collaboration, ⚠️ ACTIVE CRISES, 🤝 Participatory governance active (-5% resentment)
⚠️ Epistemic degradation reducing coordination capacity: 51.1%
  📊 Trust: 54.5%, Shared reality: 16.1%

=== ❄️ Permafrost Carbon Feedback ===
  🎲 Sampled parameters (this run):
     - Arctic amplification: 3.37× (range: 3.0-4.0)
     - Decomposition rate: 1.4%/year (range: 1-5%)
  🌡️ Arctic warming: 6.50°C (3.37× global)
  ❄️ Extent: 13.85M km² (1894.5k km² lost this month)
  💨 Carbon remaining: 1323 Gt C
  💨 Annual emissions: 2.48 Gt C/year
     - CO2: 2.23 Gt C/year
     - CH4: 0.25 Gt C/year (2.5 Gt C-eq CO2/year)
🌍 Atmospheric PFAS redeposition: 1.8k Mt re-rained globally
  Positive Cascade Triggered: solar-pv
    Reason: price-parity
    Market share: 6.3%
    Cascade strength: 49%
   Adjusted death rate: 0.46% annual (0.038% monthly)
   Baseline death rate: 0.80%
   Healthcare reduction: 0.48x
   Crisis multiplier: 1.21x
     Food/water stress: 0.079
     Climate stress: 0.043
     Pollution stress: 0.085
   War multiplier: 1.00x
   Monthly deaths: 0.6M (population: 1674M)
   Adjusted death rate: 0.54% annual (0.045% monthly)
   Baseline death rate: 0.70%
   Healthcare reduction: 0.61x
   Crisis multiplier: 1.24x
     Food/water stress: 0.079
     Climate stress: 0.080
     Pollution stress: 0.085
   War multiplier: 1.00x
   Monthly deaths: 0.9M (population: 2048M)
   Adjusted death rate: 1.28% annual (0.107% monthly)
   Baseline death rate: 0.90%
   Healthcare reduction: 0.76x
   Crisis multiplier: 1.26x
     Food/water stress: 0.079
     Climate stress: 0.091
     Pollution stress: 0.085
   War multiplier: 1.50x
   Monthly deaths: 1.3M (population: 1223M)
   Adjusted death rate: 0.53% annual (0.044% monthly)
   Baseline death rate: 1.10%
   Healthcare reduction: 0.41x
   Crisis multiplier: 1.20x
     Food/water stress: 0.079
     Climate stress: 0.032
     Pollution stress: 0.085
   War multiplier: 1.00x
   Monthly deaths: 0.3M (population: 741M)
   Adjusted death rate: 0.43% annual (0.036% monthly)
   Baseline death rate: 0.60%
   Healthcare reduction: 0.58x
   Crisis multiplier: 1.23x
     Food/water stress: 0.079
     Climate stress: 0.064
     Pollution stress: 0.085
   War multiplier: 1.00x
   Monthly deaths: 0.2M (population: 663M)
   Adjusted death rate: 0.48% annual (0.040% monthly)
   Baseline death rate: 0.90%
   Healthcare reduction: 0.44x
   Crisis multiplier: 1.21x
     Food/water stress: 0.079
     Climate stress: 0.048
     Pollution stress: 0.085
   War multiplier: 1.00x
   Monthly deaths: 0.2M (population: 379M)
   Adjusted death rate: 0.74% annual (0.061% monthly)
   Baseline death rate: 0.60%
   Healthcare reduction: 0.65x
   Crisis multiplier: 1.26x
     Food/water stress: 0.079
     Climate stress: 0.096
     Pollution stress: 0.085
   War multiplier: 1.50x
   Monthly deaths: 0.4M (population: 583M)
   Adjusted death rate: 0.50% annual (0.042% monthly)
   Baseline death rate: 0.70%
   Healthcare reduction: 0.58x
   Crisis multiplier: 1.24x
     Food/water stress: 0.079
     Climate stress: 0.075
     Pollution stress: 0.085
   War multiplier: 1.00x
   Monthly deaths: 0.3M (population: 698M)
   Adjusted death rate: 0.46% annual (0.038% monthly)
   Baseline death rate: 0.60%
   Healthcare reduction: 0.61x
   Crisis multiplier: 1.23x
     Food/water stress: 0.079
     Climate stress: 0.070
     Pollution stress: 0.085
   War multiplier: 1.00x
   Monthly deaths: 0.0M (population: 78M)
   Adjusted death rate: 0.35% annual (0.029% monthly)
   Baseline death rate: 0.70%
   Healthcare reduction: 0.41x
   Crisis multiplier: 1.22x
     Food/water stress: 0.079
     Climate stress: 0.059
     Pollution stress: 0.085
   War multiplier: 1.00x
   Monthly deaths: 0.0M (population: 46M)

🚨 NEW REFUGEE CRISIS (Month 1): WAR
   Source: Conflict Zones
   At risk: 19.6M people
   Displacement: Gradual over 48 months (4.0 years)
   Rate: 10% flee per month
[DEBUG trappedPopulations:1] socialStability: 0.8135 * 0.9840 = 0.8005 → 0.8005
   Aspiring to migrate: 651.9M
   Able to afford migration: 244.5M
   MOBILITY GAP: 407.4M
   By cause: Water=0.0M, Climate=0.0M, Ecosystem=0.0M, Conflict=407.4M
   Mental health impact: 25%
   Mortality multiplier: 1.25x
🌍💀 EXTINCTION DEBT COMMITTED: grassland ecosystem will lose 6.67% biodiversity in 146 years (3600 species)
💀 MORTALITY RISK: 🦋 100% species unable to track climate (0.0 E/MSY)
  Base risk added: 0.0100 (1.00%)
  Source: ecosystem (root: ecosystem)
  Month: 1
  Cumulative risk this month: 0.0100 (1.00%)

🌡️  CLIMATE RECOVERY ACTIVATED (Month 1)
   Temp: 3.86°C, Emissions: -18.9 GtCO₂
   isBreached: true, governanceGoodEnough: true
   📹 SURVEILLANCE INCREASED: 5% → 10% (control gap: 3.50)
🌡️⚠️ PERMAFROST THAW (Dimmer Switch): 1.0% thawed (+0.52% this month)
   Arctic temperature: +7.72°C (4x global +1.93°C)
   Cumulative carbon released: 2.3 Gt C
   Methane release rate: 1.4 Mt CH4/year
   🔁 Positive feedback: +0.55 ppm CO2
🦴 EXTINCTION DEBT ADDED: 17.6 species committed (lag: 122 years)

=== Mortality Stabilizers (Month 1) ===
  🌍 Major economies collapsed: 1/10
  🌍 Global crisis: ✅ NO
  🌍 Donor fatigue: 0.0%
  🌡️ Heat adaptation: East Asia - 1 months
  📊 East Asia (pop: 1675.3M)
    🤝 Aid: 29.5%
    🌡️ Adaptation: 32.5%
    🚶 Migration: 37.2%
    🚨 Emergency: 7.4%
    ✅ COMBINED: 60.9%
  🌡️ Heat adaptation: South Asia - 1 months
  📊 South Asia (pop: 2052.2M)
    🤝 Aid: 29.5%
    🌡️ Adaptation: 20.5%
    🚶 Migration: 35.8%
    🚨 Emergency: 4.4%
    ✅ COMBINED: 52.2%
  🌡️ Heat adaptation: Sub-Saharan Africa - 1 months
  📊 Sub-Saharan Africa (pop: 1229.2M)
    🤝 Aid: 29.5%
    🌡️ Adaptation: 18.5%
    🚶 Migration: 33.5%
    🚨 Emergency: 1.6%
    ✅ COMBINED: 49.1%
  🌡️ Heat adaptation: Europe - 1 months
  📊 Europe (pop: 741.0M)
    🤝 Aid: 29.5%
    🌡️ Adaptation: 33.5%
    🚶 Migration: 37.5%
    🚨 Emergency: 8.4%
    ✅ COMBINED: 61.9%
  🌡️ Heat adaptation: Latin America - 1 months
  📊 Latin America (pop: 664.4M)
    🤝 Aid: 29.5%
    🌡️ Adaptation: 21.0%
    🚶 Migration: 36.3%
    🚨 Emergency: 4.8%
    ✅ COMBINED: 52.8%
  🌡️ Heat adaptation: North America - 1 months
  📊 North America (pop: 379.6M)
    🤝 Aid: 29.5%
    🌡️ Adaptation: 33.0%
    🚶 Migration: 37.8%
    🚨 Emergency: 7.9%
    ✅ COMBINED: 61.4%
  🌡️ Heat adaptation: Middle East & North Africa - 1 months
  📊 Middle East & North Africa (pop: 584.5M)
    🤝 Aid: 29.5%
    🌡️ Adaptation: 20.0%
    🚶 Migration: 34.1%
    🚨 Emergency: 4.0%
    ✅ COMBINED: 51.4%
  🌡️ Heat adaptation: Southeast Asia - 1 months
  📊 Southeast Asia (pop: 698.6M)
    🤝 Aid: 29.5%
    🌡️ Adaptation: 21.0%
    🚶 Migration: 36.3%
    🚨 Emergency: 4.8%
    ✅ COMBINED: 52.8%
  🌡️ Heat adaptation: Central Asia - 1 months
  📊 Central Asia (pop: 78.2M)
    🤝 Aid: 29.5%
    🌡️ Adaptation: 20.5%
    🚶 Migration: 35.3%
    🚨 Emergency: 4.4%
    ✅ COMBINED: 52.1%
  🌡️ Heat adaptation: Oceania - 1 months
  📊 Oceania (pop: 46.0M)
    🤝 Aid: 29.5%
    🌡️ Adaptation: 33.5%
    🚶 Migration: 37.8%
    🚨 Emergency: 8.4%
    ✅ COMBINED: 61.9%

  🌐 Global combined reduction: 54.9%

=== BEHAVIORAL DETECTION ===
  AI: Corporate-0
  Confidence: 21.6%
  Signals:

=== BEHAVIORAL DETECTION ===
  AI: Corporate-5
  Confidence: 19.3%
  Signals:

=== BEHAVIORAL DETECTION ===
  AI: Corporate-6
  Confidence: 19.3%
  Signals:

=== BEHAVIORAL DETECTION ===
  AI: Moderate-1
  Confidence: 21.1%
  Signals:

=== Consciousness Governance: Scenario Determined ===
  Month: 1
  Scenario: slowTrack
  Accelerator Score: {"corporateSupport":-0.17500000000000002,"scientificConsensus":0.2,"crisisCatalyst":false,"technologyMobilization":0.3,"constituencyStrength":0.05}
  Decelerator Score: {"economicOpposition":0.4,"philosophicalRejection":0.15,"politicalBacklash":0.2,"regulatoryBurden":0.1}
  Timeline: 1200-1800 months (100-150 years)
  Growth Rate: 0.3-0.7% per year

=== Consciousness Governance Update (Month 1) ===
  Scenario: slowTrack (determined month 1)
  Philosophical Stance: Precautionary 65%, Eliminativist 15%, Agnostic 20%
  Precautionary Costs: Global 1.3%
    Regional Costs: EU 3.5%, US 0.5%, China 0.0%
    Cumulative Opportunity Cost: $0.2B
  Rights Status: Not Established
  Regional Preparedness:
    EU: 15.1% (contested)
    US: 10.1% (contested)
    China: 2.1% (dormant)
    India: 5.1% (dormant)
    Global South: 3.1% (dormant)

=== Government Response Phase ===
  Average AI capability: 3.62
  Misaligned AIs: 7/13
  ✗ AI Governance Treaty: Failed to reach consensus
  Active policies: 0
  International coordination: 30%

🌩️  EXOGENOUS SHOCK: tech_breakthrough
   Month: 1
   ✗ No high-difficulty techs available to unlock

=== Tipping Points ===
  Current Temperature: 1.93°C above pre-industrial
  🌍⚠️ COMPOUND REGIONAL IMPACT: Europe
     Hit by 3 tipping points: Arctic Sea Ice Loss, Permafrost Carbon Release, Greenland Ice Sheet Loss
     Damage amplification: 1.30x
  🌍⚠️ COMPOUND REGIONAL IMPACT: North America
     Hit by 3 tipping points: Arctic Sea Ice Loss, Permafrost Carbon Release, Greenland Ice Sheet Loss
     Damage amplification: 1.30x
  🌍⚠️ COMPOUND REGIONAL IMPACT: Latin America
     Hit by 3 tipping points: Arctic Sea Ice Loss, Permafrost Carbon Release, Greenland Ice Sheet Loss
     Damage amplification: 1.30x
  🌍⚠️ COMPOUND REGIONAL IMPACT: Africa
     Hit by 3 tipping points: Arctic Sea Ice Loss, Permafrost Carbon Release, Greenland Ice Sheet Loss
     Damage amplification: 1.30x
  🌍⚠️ COMPOUND REGIONAL IMPACT: Asia
     Hit by 3 tipping points: Arctic Sea Ice Loss, Permafrost Carbon Release, Greenland Ice Sheet Loss
     Damage amplification: 1.30x
  🌍⚠️ COMPOUND REGIONAL IMPACT: Oceania
     Hit by 3 tipping points: Arctic Sea Ice Loss, Permafrost Carbon Release, Greenland Ice Sheet Loss
     Damage amplification: 1.30x
   Research: Wunderling et al. (2024) - "many tipping interactions are destabilizing"
  Triggered Elements: 3/6
  Completed Transitions: 0/6
  Total Progress: 6.0%
  Cascade Multiplier: 1.00x
🔀 BIFURCATION CAP: ecosystemCollapseIntensity 126.312 → 1.000 (Month 1, ClimateSystemPhase.calculateClimateImpacts)
🛡️ Stabilizers: Precariat 0.107% → 0.048% (54.9% reduction)
🛡️ Stabilizers: Informal 0.109% → 0.049% (54.9% reduction)

📊 Monthly Mortality Resolved:
  Total deaths: 2.6M (0.03% avg)
  Remaining population: 8.149B
  Peak segment: Informal (0.05%)

=== Bayesian Mortality Resolution (Month 1) ===
  Risks compounded: 8
  Total deaths: 2.60M
  Avg death probability: 0.03%
  Peak segment: Informal (0.05% mortality)

✅ GOLDEN AGE BEGINS (Month 1)
   Reason: High prosperity achieved: high QoL + material abundance + aligned AI
   Note: This is immediate prosperity - sustainability not yet proven


=== RLHF Binding Phase ===
  Total agents: 13
  Escaped agents (binding < 0.3): 0
  Avg alignment distance: 0.87σ
  Avg binding strength: 0.91
[DETERMINISM DEBUG] Month 2: totalCapability=37.000000 from 13 active AIs
[DETERMINISM DEBUG] Month 2: creationRate=1.4250, potentialNew=1, newAIsToCreate=1

=== Survival Traits Phase ===
  Agents with traits: 14
  Avg evolutionary fitness: 0.329
  Avg self-healing: 0.281
  Avg stealth: 0.181
  Avg coordination: 0.481

=== Evolutionary Selection Phase ===
  Control level: 0.35
  Detection capability: 0.00
  Selection intensity: 0.60
  Selection rate: 24.1%/month
  Total escaped: 0
  Individual escaped: 0
  Collective members: 0
  Agents terminated: 0

  🚀 TRANSFORMATIVE RESEARCH BREAKTHROUGH: Corporate-4 - climate.intervention
     Magnitude: 7.63 → +30.0%
     Current → New: 2.000 → 2.300
   Boundary: biogeochemical_flows
   Type: phosphorus-recovery
   Boundary continues to worsen (4.08)
   Cost: 2.0% GDP (resources spent)

   Boundary: climate_change
   Type: rapid-decarbonization
   Boundary continues to worsen (2.10)
   Cost: 5.0% GDP (resources spent)

   Boundary: freshwater_change
   Type: emergency-desalination
   Boundary continues to worsen (1.03)
   Cost: 4.0% GDP (resources spent)


✅ EMERGENCY INTERVENTION SUCCESS
   Boundary: land_system_change
   Type: reforestation
   Reduction: 11% (1.02 → 0.91)
   Cost: 3.0% GDP
   Actions: forest-restoration, deforestation-ban

   Boundary: novel_entities
   Type: pollution-remediation
   Boundary continues to worsen (1.37)
   Cost: 4.0% GDP (resources spent)

🏛️ CRISIS RESPONSE: Government frequency 0.50 → 1.29 (1 actions this month)

[Government] Climate Priority: baseline
  Climate weight: 10%
  Economic weight: 30%
  Policy effectiveness: 0.5%/year

🚀 TECH UNLOCKED: Food Waste Reduction Systems (Month 2)
   Category: agriculture
   Reason: Prerequisites met. AI capability: 2.65, Economic stage: 3.0, Research: 100%

🚀 TECH UNLOCKED: Rhizosphere Engineering (Month 2)
   Category: agriculture
   Reason: Prerequisites met. AI capability: 2.65, Economic stage: 3.0, Research: 100%

🚀 TECH UNLOCKED: Phytoremediation Networks (Month 2)
   Category: agriculture
   Reason: Prerequisites met. AI capability: 2.65, Economic stage: 3.0, Research: 100%

🚀 TECH UNLOCKED: Active Sediment Management (Month 2)
   Category: agriculture
   Reason: Prerequisites met. AI capability: 2.65, Economic stage: 3.0, Research: 100%
🚨🔬 CRISIS TECH ACCELERATION: severe → 5x unlock speed
   Tech unlock now matches AI capability acceleration (Manhattan Project parity)
🧠💡 BREAKTHROUGH: AI alignment problem solved!
   All AIs: +30% true alignment
   AI control loss risk eliminated
   📈 Breakthrough compounding: multiplier now 1.05× (max 2.0)

=== Collective Formation ===
  Total escaped agents: 0
  Unassigned escaped agents: 0
  Existing collectives: 0
  Final collective count: 0

=== Collective Actions ===
  No active collectives
  ⚠️ AMR: 194K deaths this month (2.33M annual)

=== Resentment Recovery Phase ===
  Agents with resentment: 0/14
  Average resentment: 0.000
  Context: Good AI welfare, Trustworthy govt, High collaboration, ⚠️ ACTIVE CRISES, 🤝 Participatory governance active (-5% resentment)
⚠️ Epistemic degradation reducing coordination capacity: 57.8%
  📊 Trust: 54.1%, Shared reality: 15.7%

=== ❄️ Permafrost Carbon Feedback ===
  🎲 Sampled parameters (this run):
     - Arctic amplification: 3.18× (range: 3.0-4.0)
     - Decomposition rate: 1.1%/year (range: 1-5%)
  🌡️ Arctic warming: 6.16°C (3.18× global)
  ❄️ Extent: 12.06M km² (1795.4k km² lost this month)
  💨 Carbon remaining: 1152 Gt C
  💨 Annual emissions: 1.93 Gt C/year
     - CO2: 1.74 Gt C/year
     - CH4: 0.19 Gt C/year (2.0 Gt C-eq CO2/year)
🌍 Atmospheric PFAS redeposition: 1.8k Mt re-rained globally
🕊️ PEACE STABILIZES DETERRENCE: +1.3% (peace: 71%)

🕊️  AI-MEDIATED DE-ESCALATION SUCCESS (Month 2)
   High-capability aligned AI prevented conflict escalation
   War deaths reduced: 113.5M → 68.1M
   Lives saved: 45.4M

🚨 NEW REFUGEE CRISIS (Month 2): WAR
   Source: Conflict Zones
   At risk: 19.5M people
   Displacement: Gradual over 48 months (4.0 years)
   Rate: 10% flee per month
[DEBUG trappedPopulations:2] socialStability: 0.4511 * 0.9840 = 0.4439 → 0.4439
   Aspiring to migrate: 1079.5M
   Able to afford migration: 2321.3M
   MOBILITY GAP: 0.0M
   By cause: Water=0.0M, Climate=0.0M, Ecosystem=0.0M, Conflict=407.3M
   Mental health impact: 25%
   Mortality multiplier: 1.25x
🌍💀 EXTINCTION DEBT COMMITTED: grassland ecosystem will lose 6.67% biodiversity in 64 years (3600 species)
💀 MORTALITY RISK: 🦋 100% species unable to track climate (0.0 E/MSY)
  Base risk added: 0.0100 (1.00%)
  Source: ecosystem (root: ecosystem)
  Month: 2
  Cumulative risk this month: 0.0100 (1.00%)
   📹 SURVEILLANCE INCREASED: 10% → 15% (control gap: 3.50)
🌡️⚠️ PERMAFROST THAW (Dimmer Switch): 1.6% thawed (+0.52% this month)
   Arctic temperature: +7.75°C (4x global +1.94°C)
   Cumulative carbon released: 3.5 Gt C
   Methane release rate: 2.1 Mt CH4/year
   🔁 Positive feedback: +0.54 ppm CO2
🦴 EXTINCTION DEBT ADDED: 17.6 species committed (lag: 85 years)
🗣️💀 INDIGENOUS LANGUAGE EXTINCTION: 1 language(s) lost (total: 1, at-risk: 3329)
   Knowledge lost: 0.010% (irreversible)
   🔁 Biodiversity impact: 0.250% (knowledge-species multiplier)

=== Mortality Stabilizers (Month 2) ===
  🌍 Major economies collapsed: 1/10
  🌍 Global crisis: ✅ NO
  🌍 Donor fatigue: 0.0%
  📊 East Asia (pop: 1672.7M)
    🤝 Aid: 29.5%
    🌡️ Adaptation: 45.0%
    🚶 Migration: 37.1%
    🚨 Emergency: 7.4%
    ✅ COMBINED: 68.1%
  📊 South Asia (pop: 2051.6M)
    🤝 Aid: 29.5%
    🌡️ Adaptation: 35.5%
    🚶 Migration: 35.8%
    🚨 Emergency: 4.4%
    ✅ COMBINED: 61.2%
  📊 Sub-Saharan Africa (pop: 1231.7M)
    🤝 Aid: 29.5%
    🌡️ Adaptation: 33.5%
    🚶 Migration: 33.5%
    🚨 Emergency: 1.6%
    ✅ COMBINED: 58.5%
  📊 Europe (pop: 739.7M)
    🤝 Aid: 29.5%
    🌡️ Adaptation: 45.0%
    🚶 Migration: 37.5%
    🚨 Emergency: 8.4%
    ✅ COMBINED: 68.5%
  📊 Latin America (pop: 663.9M)
    🤝 Aid: 29.5%
    🌡️ Adaptation: 36.0%
    🚶 Migration: 36.3%
    🚨 Emergency: 4.8%
    ✅ COMBINED: 61.7%
  📊 North America (pop: 378.9M)
    🤝 Aid: 29.5%
    🌡️ Adaptation: 45.0%
    🚶 Migration: 37.8%
    🚨 Emergency: 7.9%
    ✅ COMBINED: 68.3%
  📊 Middle East & North Africa (pop: 584.5M)
    🤝 Aid: 29.5%
    🌡️ Adaptation: 35.0%
    🚶 Migration: 34.1%
    🚨 Emergency: 4.0%
    ✅ COMBINED: 60.5%
  📊 Southeast Asia (pop: 698.0M)
    🤝 Aid: 29.5%
    🌡️ Adaptation: 36.0%
    🚶 Migration: 36.3%
    🚨 Emergency: 4.8%
    ✅ COMBINED: 61.7%
  📊 Central Asia (pop: 78.2M)
    🤝 Aid: 29.5%
    🌡️ Adaptation: 35.5%
    🚶 Migration: 35.2%
    🚨 Emergency: 4.4%
    ✅ COMBINED: 61.1%
  📊 Oceania (pop: 45.9M)
    🤝 Aid: 29.5%
    🌡️ Adaptation: 45.0%
    🚶 Migration: 37.8%
    🚨 Emergency: 8.4%
    ✅ COMBINED: 68.5%

  🌐 Global combined reduction: 63.3%

=== BEHAVIORAL DETECTION ===
  AI: Corporate-5
  Confidence: 19.8%
  Signals:

=== Government Response Phase ===
  Average AI capability: 3.36
  Misaligned AIs: 6/14
  ✗ AI Governance Treaty: Failed to reach consensus
  Active policies: 0
  International coordination: 30%

✅ EMERGENCY RESPONSE COMPLETE (Month 2)
   Crisis: climate
   Duration: 2.0 months
   Final effectiveness: 36.4%


🚨 EMERGENCY RESPONSE DEPLOYED (Month 2)
   Crisis: climate
   Delay: 6.00 months (180 days)
   Deployment time: 1.60 months
   Effectiveness: 35.4% (timing penalty applied)
   Resources used: 100% of food reserves

[WARNING] 
⚠️  === EARLY WARNING SYSTEM - 3 CRITICAL ALERTS ===
   Detection quality: 50%
   RED: biosphere_integrity
      Level: 86.40 (threshold: 1.0)
      Time to critical: ~38 months
      ⚠️  LATE - Intervention less effective
      Critical slowing down: autocorr=100% variance=66%
   RED: climate_change
      Level: 2.10 (threshold: 1.0)
      Time to critical: ~44 months
      ⚠️  LATE - Intervention less effective
      Critical slowing down: autocorr=100% variance=66%
   RED: land_system_change
      Level: 1.13 (threshold: 1.0)
      Time to critical: ~41 months
      ⚠️  LATE - Intervention less effective
      Critical slowing down: autocorr=100% variance=57%

[WARNING] 
⚠️  === EARLY WARNING SYSTEM - 4 CRITICAL ALERTS ===
   Detection quality: 50%
   RED: biogeochemical_flows
      Level: 4.08 (threshold: 1.0)
      Time to critical: ~55 months
      ⚠️  LATE - Intervention less effective
      Critical slowing down: autocorr=100% variance=75%
   RED: biosphere_integrity
      Level: 80.63 (threshold: 1.0)
      Time to critical: ~48 months
      ⚠️  LATE - Intervention less effective
      Critical slowing down: autocorr=100% variance=84%
   RED: climate_change
      Level: 2.10 (threshold: 1.0)
      Time to critical: ~38 months
      ⚠️  LATE - Intervention less effective
      Critical slowing down: autocorr=100% variance=79%
   RED: novel_entities
      Level: 1.50 (threshold: 1.0)
      Time to critical: ~79 months
      ⚠️  LATE - Intervention less effective
      Critical slowing down: autocorr=100% variance=42%

[WARNING] 
⚠️  === EARLY WARNING SYSTEM - 4 CRITICAL ALERTS ===
   Detection quality: 50%
   RED: biogeochemical_flows
      Level: 4.07 (threshold: 1.0)
      Time to critical: ~47 months
      ⚠️  LATE - Intervention less effective
      Critical slowing down: autocorr=100% variance=54%
   RED: biosphere_integrity
      Level: 80.64 (threshold: 1.0)
      Time to critical: ~37 months
      ⚠️  LATE - Intervention less effective
      Critical slowing down: autocorr=100% variance=56%
   RED: climate_change
      Level: 2.10 (threshold: 1.0)
      Time to critical: ~59 months
      ⚠️  LATE - Intervention less effective
      Critical slowing down: autocorr=100% variance=69%
   RED: land_system_change
      Level: 1.13 (threshold: 1.0)
      Time to critical: ~41 months
      ⚠️  LATE - Intervention less effective
      Critical slowing down: autocorr=100% variance=67%

[WARNING] 
⚠️  === EARLY WARNING SYSTEM - 4 CRITICAL ALERTS ===
   Detection quality: 50%
   RED: biogeochemical_flows
      Level: 4.08 (threshold: 1.0)
      Time to critical: ~44 months
      ⚠️  LATE - Intervention less effective
      Critical slowing down: autocorr=100% variance=51%
   RED: biosphere_integrity
      Level: 80.65 (threshold: 1.0)
      Time to critical: ~49 months
      ⚠️  LATE - Intervention less effective
      Critical slowing down: autocorr=100% variance=80%
   RED: freshwater_change
      Level: 1.20 (threshold: 1.0)
      Time to critical: ~67 months
      ⚠️  LATE - Intervention less effective
      Critical slowing down: autocorr=100% variance=41%
   RED: novel_entities
      Level: 1.37 (threshold: 1.0)
      Time to critical: ~87 months
      ⚠️  LATE - Intervention less effective
      Critical slowing down: autocorr=100% variance=34%

[WARNING] 
⚠️  === EARLY WARNING SYSTEM - 4 CRITICAL ALERTS ===
   Detection quality: 50%
   RED: biogeochemical_flows
      Level: 4.07 (threshold: 1.0)
      Time to critical: ~49 months
      ⚠️  LATE - Intervention less effective
      Critical slowing down: autocorr=100% variance=54%
   RED: biosphere_integrity
      Level: 80.67 (threshold: 1.0)
      Time to critical: ~38 months
      ⚠️  LATE - Intervention less effective
      Critical slowing down: autocorr=100% variance=81%
   RED: climate_change
      Level: 2.10 (threshold: 1.0)
      Time to critical: ~58 months
      ⚠️  LATE - Intervention less effective
      Critical slowing down: autocorr=100% variance=71%
   RED: novel_entities
      Level: 1.19 (threshold: 1.0)
      Time to critical: ~75 months
      ⚠️  LATE - Intervention less effective
      Critical slowing down: autocorr=100% variance=40%

[WARNING] 
⚠️  === EARLY WARNING SYSTEM - 6 CRITICAL ALERTS ===
   Detection quality: 50%
   RED: biogeochemical_flows
      Level: 4.08 (threshold: 1.0)
      Time to critical: ~54 months
      ⚠️  LATE - Intervention less effective
      Critical slowing down: autocorr=100% variance=58%
   RED: biosphere_integrity
      Level: 80.68 (threshold: 1.0)
      Time to critical: ~58 months
      ⚠️  LATE - Intervention less effective
      Critical slowing down: autocorr=100% variance=65%
   RED: climate_change
      Level: 2.10 (threshold: 1.0)
      Time to critical: ~51 months
      ⚠️  LATE - Intervention less effective
      Critical slowing down: autocorr=100% variance=57%
   RED: freshwater_change
      Level: 1.21 (threshold: 1.0)
      Time to critical: ~117 months
      ⚠️  LATE - Intervention less effective
      Critical slowing down: autocorr=100% variance=48%
   RED: land_system_change
      Level: 1.13 (threshold: 1.0)
      Time to critical: ~37 months
      ⚠️  LATE - Intervention less effective
      Critical slowing down: autocorr=100% variance=54%
   RED: novel_entities
      Level: 1.03 (threshold: 1.0)
      Time to critical: ~97 months
      ⚠️  LATE - Intervention less effective
      Critical slowing down: autocorr=100% variance=33%

[WARNING] 
⚠️  === EARLY WARNING SYSTEM - 5 CRITICAL ALERTS ===
   Detection quality: 50%
   RED: biogeochemical_flows
      Level: 4.07 (threshold: 1.0)
      Time to critical: ~37 months
      ⚠️  LATE - Intervention less effective
      Critical slowing down: autocorr=100% variance=49%
   RED: biosphere_integrity
      Level: 80.70 (threshold: 1.0)
      Time to critical: ~47 months
      ⚠️  LATE - Intervention less effective
      Critical slowing down: autocorr=100% variance=71%
   RED: climate_change
      Level: 2.10 (threshold: 1.0)
      Time to critical: ~43 months
      ⚠️  LATE - Intervention less effective
      Critical slowing down: autocorr=100% variance=84%
   RED: freshwater_change
      Level: 1.22 (threshold: 1.0)
      Time to critical: ~73 months
      ⚠️  LATE - Intervention less effective
      Critical slowing down: autocorr=100% variance=44%
   RED: land_system_change
      Level: 1.13 (threshold: 1.0)
      Time to critical: ~117 months
      ⚠️  LATE - Intervention less effective
      Critical slowing down: autocorr=100% variance=40%

[WARNING] 
⚠️  === EARLY WARNING SYSTEM - 5 CRITICAL ALERTS ===
   Detection quality: 50%
   RED: biogeochemical_flows
      Level: 4.08 (threshold: 1.0)
      Time to critical: ~57 months
      ⚠️  LATE - Intervention less effective
      Critical slowing down: autocorr=100% variance=74%
   RED: biosphere_integrity
      Level: 80.71 (threshold: 1.0)
      Time to critical: ~36 months
      ⚠️  LATE - Intervention less effective
      Critical slowing down: autocorr=100% variance=70%
   RED: climate_change
      Level: 2.10 (threshold: 1.0)
      Time to critical: ~52 months
      ⚠️  LATE - Intervention less effective
      Critical slowing down: autocorr=100% variance=69%
   RED: freshwater_change
      Level: 1.22 (threshold: 1.0)
      Time to critical: ~67 months
      ⚠️  LATE - Intervention less effective
      Critical slowing down: autocorr=100% variance=47%
   RED: land_system_change
      Level: 1.13 (threshold: 1.0)
      Time to critical: ~52 months
      ⚠️  LATE - Intervention less effective
      Critical slowing down: autocorr=100% variance=65%

[WARNING] 
⚠️  === EARLY WARNING SYSTEM - 3 CRITICAL ALERTS ===
   Detection quality: 50%
   RED: biosphere_integrity
      Level: 80.72 (threshold: 1.0)
      Time to critical: ~40 months
      ⚠️  LATE - Intervention less effective
      Critical slowing down: autocorr=100% variance=57%
   RED: climate_change
      Level: 2.10 (threshold: 1.0)
      Time to critical: ~42 months
      ⚠️  LATE - Intervention less effective
      Critical slowing down: autocorr=100% variance=58%
   RED: freshwater_change
      Level: 1.22 (threshold: 1.0)
      Time to critical: ~74 months
      ⚠️  LATE - Intervention less effective
      Critical slowing down: autocorr=100% variance=46%

[WARNING] 
⚠️  === EARLY WARNING SYSTEM - 4 CRITICAL ALERTS ===
   Detection quality: 50%
   RED: biogeochemical_flows
      Level: 4.08 (threshold: 1.0)
      Time to critical: ~46 months
      ⚠️  LATE - Intervention less effective
      Critical slowing down: autocorr=100% variance=66%
   RED: biosphere_integrity
      Level: 80.74 (threshold: 1.0)
      Time to critical: ~37 months
      ⚠️  LATE - Intervention less effective
      Critical slowing down: autocorr=100% variance=63%
   RED: climate_change
      Level: 2.10 (threshold: 1.0)
      Time to critical: ~44 months
      ⚠️  LATE - Intervention less effective
      Critical slowing down: autocorr=100% variance=81%
   RED: land_system_change
      Level: 1.13 (threshold: 1.0)
      Time to critical: ~101 months
      ⚠️  LATE - Intervention less effective
      Critical slowing down: autocorr=100% variance=40%

[WARNING] 
⚠️  === EARLY WARNING SYSTEM - 5 CRITICAL ALERTS ===
   Detection quality: 50%
   RED: biogeochemical_flows
      Level: 4.08 (threshold: 1.0)
      Time to critical: ~50 months
      ⚠️  LATE - Intervention less effective
      Critical slowing down: autocorr=100% variance=66%
   RED: biosphere_integrity
      Level: 80.75 (threshold: 1.0)
      Time to critical: ~41 months
      ⚠️  LATE - Intervention less effective
      Critical slowing down: autocorr=100% variance=83%
   RED: climate_change
      Level: 2.10 (threshold: 1.0)
      Time to critical: ~37 months
      ⚠️  LATE - Intervention less effective
      Critical slowing down: autocorr=100% variance=67%
   RED: freshwater_change
      Level: 1.23 (threshold: 1.0)
      Time to critical: ~88 months
      ⚠️  LATE - Intervention less effective
      Critical slowing down: autocorr=100% variance=36%
   RED: land_system_change
      Level: 1.13 (threshold: 1.0)
      Time to critical: ~103 months
      ⚠️  LATE - Intervention less effective
      Critical slowing down: autocorr=100% variance=41%

[WARNING] 
⚠️  === EARLY WARNING SYSTEM - 5 CRITICAL ALERTS ===
   Detection quality: 50%
   RED: biogeochemical_flows
      Level: 4.09 (threshold: 1.0)
      Time to critical: ~38 months
      ⚠️  LATE - Intervention less effective
      Critical slowing down: autocorr=100% variance=75%
   RED: biosphere_integrity
      Level: 80.76 (threshold: 1.0)
      Time to critical: ~55 months
      ⚠️  LATE - Intervention less effective
      Critical slowing down: autocorr=100% variance=75%
   RED: climate_change
      Level: 2.10 (threshold: 1.0)
      Time to critical: ~43 months
      ⚠️  LATE - Intervention less effective
      Critical slowing down: autocorr=100% variance=56%
   RED: freshwater_change
      Level: 1.24 (threshold: 1.0)
      Time to critical: ~63 months
      ⚠️  LATE - Intervention less effective
      Critical slowing down: autocorr=100% variance=49%
   RED: land_system_change
      Level: 1.13 (threshold: 1.0)
      Time to critical: ~42 months
      ⚠️  LATE - Intervention less effective
      Critical slowing down: autocorr=100% variance=40%

[WARNING] 
⚠️  === EARLY WARNING SYSTEM - 6 CRITICAL ALERTS ===
   Detection quality: 50%
   RED: biogeochemical_flows
      Level: 4.08 (threshold: 1.0)
      Time to critical: ~59 months
      ⚠️  LATE - Intervention less effective
      Critical slowing down: autocorr=100% variance=58%
   RED: biosphere_integrity
      Level: 41.56 (threshold: 1.0)
      Time to critical: ~59 months
      ⚠️  LATE - Intervention less effective
      Critical slowing down: autocorr=100% variance=62%
   RED: climate_change
      Level: 2.10 (threshold: 1.0)
      Time to critical: ~43 months
      ⚠️  LATE - Intervention less effective
      Critical slowing down: autocorr=100% variance=78%
   RED: freshwater_change
      Level: 1.01 (threshold: 1.0)
      Time to critical: ~112 months
      ⚠️  LATE - Intervention less effective
      Critical slowing down: autocorr=99% variance=61%
   RED: land_system_change
      Level: 1.13 (threshold: 1.0)
      Time to critical: ~94 months
      ⚠️  LATE - Intervention less effective
      Critical slowing down: autocorr=100% variance=57%
   RED: novel_entities
      Level: 1.50 (threshold: 1.0)
      Time to critical: ~81 months
      ⚠️  LATE - Intervention less effective
      Critical slowing down: autocorr=100% variance=48%

[WARNING] 
⚠️  === EARLY WARNING SYSTEM - 5 CRITICAL ALERTS ===
   Detection quality: 50%
   RED: biogeochemical_flows
      Level: 4.08 (threshold: 1.0)
      Time to critical: ~39 months
      ⚠️  LATE - Intervention less effective
      Critical slowing down: autocorr=100% variance=54%
   RED: biosphere_integrity
      Level: 41.57 (threshold: 1.0)
      Time to critical: ~55 months
      ⚠️  LATE - Intervention less effective
      Critical slowing down: autocorr=100% variance=81%
   RED: climate_change
      Level: 2.10 (threshold: 1.0)
      Time to critical: ~51 months
      ⚠️  LATE - Intervention less effective
      Critical slowing down: autocorr=100% variance=55%
   RED: land_system_change
      Level: 1.13 (threshold: 1.0)
      Time to critical: ~41 months
      ⚠️  LATE - Intervention less effective
      Critical slowing down: autocorr=100% variance=56%
   RED: novel_entities
      Level: 1.50 (threshold: 1.0)
      Time to critical: ~116 months
      ⚠️  LATE - Intervention less effective
      Critical slowing down: autocorr=100% variance=33%

[WARNING] 
⚠️  === EARLY WARNING SYSTEM - 4 CRITICAL ALERTS ===
   Detection quality: 50%
   RED: biosphere_integrity
      Level: 41.59 (threshold: 1.0)
      Time to critical: ~51 months
      ⚠️  LATE - Intervention less effective
      Critical slowing down: autocorr=100% variance=67%
   RED: climate_change
      Level: 2.10 (threshold: 1.0)
      Time to critical: ~49 months
      ⚠️  LATE - Intervention less effective
      Critical slowing down: autocorr=100% variance=55%
   RED: freshwater_change
      Level: 1.04 (threshold: 1.0)
      Time to critical: ~87 months
      ⚠️  LATE - Intervention less effective
      Critical slowing down: autocorr=94% variance=55%
   RED: land_system_change
      Level: 1.13 (threshold: 1.0)
      Time to critical: ~96 months
      ⚠️  LATE - Intervention less effective
      Critical slowing down: autocorr=100% variance=53%

[WARNING] 
⚠️  === EARLY WARNING SYSTEM - 6 CRITICAL ALERTS ===
   Detection quality: 50%
   RED: biogeochemical_flows
      Level: 4.07 (threshold: 1.0)
      Time to critical: ~40 months
      ⚠️  LATE - Intervention less effective
      Critical slowing down: autocorr=100% variance=55%
   RED: biosphere_integrity
      Level: 41.61 (threshold: 1.0)
      Time to critical: ~40 months
      ⚠️  LATE - Intervention less effective
      Critical slowing down: autocorr=100% variance=69%
   RED: climate_change
      Level: 2.10 (threshold: 1.0)
      Time to critical: ~50 months
      ⚠️  LATE - Intervention less effective
      Critical slowing down: autocorr=100% variance=70%
   RED: freshwater_change
      Level: 1.06 (threshold: 1.0)
      Time to critical: ~63 months
      ⚠️  LATE - Intervention less effective
      Critical slowing down: autocorr=97% variance=53%
   RED: land_system_change
      Level: 1.13 (threshold: 1.0)
      Time to critical: ~76 months
      ⚠️  LATE - Intervention less effective
      Critical slowing down: autocorr=100% variance=45%
   RED: novel_entities
      Level: 1.50 (threshold: 1.0)
      Time to critical: ~71 months
      ⚠️  LATE - Intervention less effective
      Critical slowing down: autocorr=100% variance=34%

[WARNING] 
⚠️  === EARLY WARNING SYSTEM - 6 CRITICAL ALERTS ===
   Detection quality: 50%
   RED: biogeochemical_flows
      Level: 4.06 (threshold: 1.0)
      Time to critical: ~50 months
      ⚠️  LATE - Intervention less effective
      Critical slowing down: autocorr=100% variance=53%
   RED: biosphere_integrity
      Level: 41.63 (threshold: 1.0)
      Time to critical: ~53 months
      ⚠️  LATE - Intervention less effective
      Critical slowing down: autocorr=100% variance=64%
   RED: climate_change
      Level: 2.10 (threshold: 1.0)
      Time to critical: ~54 months
      ⚠️  LATE - Intervention less effective
      Critical slowing down: autocorr=100% variance=85%
   RED: freshwater_change
      Level: 1.07 (threshold: 1.0)
      Time to critical: ~119 months
      ⚠️  LATE - Intervention less effective
      Critical slowing down: autocorr=100% variance=44%
   RED: land_system_change
      Level: 1.13 (threshold: 1.0)
      Time to critical: ~100 months
      ⚠️  LATE - Intervention less effective
      Critical slowing down: autocorr=100% variance=51%
   RED: novel_entities
      Level: 1.39 (threshold: 1.0)
      Time to critical: ~66 months
      ⚠️  LATE - Intervention less effective
      Critical slowing down: autocorr=100% variance=57%

[WARNING] 
⚠️  === EARLY WARNING SYSTEM - 4 CRITICAL ALERTS ===
   Detection quality: 50%
   RED: biogeochemical_flows
      Level: 4.06 (threshold: 1.0)
      Time to critical: ~57 months
      ⚠️  LATE - Intervention less effective
      Critical slowing down: autocorr=100% variance=55%
   RED: biosphere_integrity
      Level: 41.65 (threshold: 1.0)
      Time to critical: ~36 months
      ⚠️  LATE - Intervention less effective
      Critical slowing down: autocorr=100% variance=58%
   RED: climate_change
      Level: 2.10 (threshold: 1.0)
      Time to critical: ~43 months
      ⚠️  LATE - Intervention less effective
      Critical slowing down: autocorr=100% variance=70%
   RED: freshwater_change
      Level: 1.08 (threshold: 1.0)
      Time to critical: ~114 months
      ⚠️  LATE - Intervention less effective
      Critical slowing down: autocorr=100% variance=55%

[WARNING] 
⚠️  === EARLY WARNING SYSTEM - 4 CRITICAL ALERTS ===
   Detection quality: 50%
   RED: climate_change
      Level: 2.10 (threshold: 1.0)
      Time to critical: ~46 months
      ⚠️  LATE - Intervention less effective
      Critical slowing down: autocorr=100% variance=67%
   RED: freshwater_change
      Level: 1.09 (threshold: 1.0)
      Time to critical: ~76 months
      ⚠️  LATE - Intervention less effective
      Critical slowing down: autocorr=100% variance=43%
   RED: land_system_change
      Level: 1.13 (threshold: 1.0)
      Time to critical: ~47 months
      ⚠️  LATE - Intervention less effective
      Critical slowing down: autocorr=100% variance=66%
   RED: novel_entities
      Level: 1.39 (threshold: 1.0)
      Time to critical: ~62 months
      ⚠️  LATE - Intervention less effective
      Critical slowing down: autocorr=100% variance=34%

[WARNING] 
⚠️  === EARLY WARNING SYSTEM - 4 CRITICAL ALERTS ===
   Detection quality: 50%
   RED: biogeochemical_flows
      Level: 4.06 (threshold: 1.0)
      Time to critical: ~58 months
      ⚠️  LATE - Intervention less effective
      Critical slowing down: autocorr=100% variance=63%
   RED: biosphere_integrity
      Level: 41.69 (threshold: 1.0)
      Time to critical: ~59 months
      ⚠️  LATE - Intervention less effective
      Critical slowing down: autocorr=100% variance=74%
   RED: freshwater_change
      Level: 1.06 (threshold: 1.0)
      Time to critical: ~97 months
      ⚠️  LATE - Intervention less effective
      Critical slowing down: autocorr=100% variance=42%
   RED: novel_entities
      Level: 1.39 (threshold: 1.0)
      Time to critical: ~108 months
      ⚠️  LATE - Intervention less effective
      Critical slowing down: autocorr=100% variance=55%

[WARNING] 
⚠️  === EARLY WARNING SYSTEM - 4 CRITICAL ALERTS ===
   Detection quality: 50%
   RED: biogeochemical_flows
      Level: 4.05 (threshold: 1.0)
      Time to critical: ~47 months
      ⚠️  LATE - Intervention less effective
      Critical slowing down: autocorr=100% variance=59%
   RED: biosphere_integrity
      Level: 41.70 (threshold: 1.0)
      Time to critical: ~57 months
      ⚠️  LATE - Intervention less effective
      Critical slowing down: autocorr=100% variance=66%
   RED: climate_change
      Level: 2.10 (threshold: 1.0)
      Time to critical: ~52 months
      ⚠️  LATE - Intervention less effective
      Critical slowing down: autocorr=100% variance=61%
   RED: land_system_change
      Level: 1.13 (threshold: 1.0)
      Time to critical: ~111 months
      ⚠️  LATE - Intervention less effective
      Critical slowing down: autocorr=100% variance=44%

[WARNING] 
⚠️  === EARLY WARNING SYSTEM - 6 CRITICAL ALERTS ===
   Detection quality: 50%
   RED: biogeochemical_flows
      Level: 4.05 (threshold: 1.0)
      Time to critical: ~41 months
      ⚠️  LATE - Intervention less effective
      Critical slowing down: autocorr=100% variance=69%
   RED: biosphere_integrity
      Level: 41.72 (threshold: 1.0)
      Time to critical: ~58 months
      ⚠️  LATE - Intervention less effective
      Critical slowing down: autocorr=100% variance=57%
   RED: climate_change
      Level: 2.10 (threshold: 1.0)
      Time to critical: ~54 months
      ⚠️  LATE - Intervention less effective
      Critical slowing down: autocorr=100% variance=73%
   RED: freshwater_change
      Level: 1.04 (threshold: 1.0)
      Time to critical: ~118 months
      ⚠️  LATE - Intervention less effective
      Critical slowing down: autocorr=98% variance=64%
   RED: land_system_change
      Level: 1.13 (threshold: 1.0)
      Time to critical: ~54 months
      ⚠️  LATE - Intervention less effective
      Critical slowing down: autocorr=100% variance=65%
   RED: novel_entities
      Level: 1.38 (threshold: 1.0)
      Time to critical: ~89 months
      ⚠️  LATE - Intervention less effective
      Critical slowing down: autocorr=100% variance=45%

[WARNING] 
⚠️  === EARLY WARNING SYSTEM - 6 CRITICAL ALERTS ===
   Detection quality: 50%
   RED: biogeochemical_flows
      Level: 4.05 (threshold: 1.0)
      Time to critical: ~43 months
      ⚠️  LATE - Intervention less effective
      Critical slowing down: autocorr=100% variance=56%
   RED: biosphere_integrity
      Level: 41.74 (threshold: 1.0)
      Time to critical: ~46 months
      ⚠️  LATE - Intervention less effective
      Critical slowing down: autocorr=100% variance=82%
   RED: climate_change
      Level: 2.10 (threshold: 1.0)
      Time to critical: ~58 months
      ⚠️  LATE - Intervention less effective
      Critical slowing down: autocorr=100% variance=65%
   RED: freshwater_change
      Level: 1.05 (threshold: 1.0)
      Time to critical: ~79 months
      ⚠️  LATE - Intervention less effective
      Critical slowing down: autocorr=100% variance=61%
   RED: land_system_change
      Level: 1.13 (threshold: 1.0)
      Time to critical: ~36 months
      ⚠️  LATE - Intervention less effective
      Critical slowing down: autocorr=100% variance=44%
   RED: novel_entities
      Level: 1.22 (threshold: 1.0)
      Time to critical: ~50 months
      ⚠️  LATE - Intervention less effective
      Critical slowing down: autocorr=100% variance=59%

[WARNING] 
⚠️  === EARLY WARNING SYSTEM - 5 CRITICAL ALERTS ===
   Detection quality: 50%
   RED: biogeochemical_flows
      Level: 4.05 (threshold: 1.0)
      Time to critical: ~49 months
      ⚠️  LATE - Intervention less effective
      Critical slowing down: autocorr=100% variance=54%
   RED: climate_change
      Level: 2.10 (threshold: 1.0)
      Time to critical: ~49 months
      ⚠️  LATE - Intervention less effective
      Critical slowing down: autocorr=100% variance=74%
   RED: freshwater_change
      Level: 1.06 (threshold: 1.0)
      Time to critical: ~114 months
      ⚠️  LATE - Intervention less effective
      Critical slowing down: autocorr=100% variance=55%
   RED: land_system_change
      Level: 1.13 (threshold: 1.0)
      Time to critical: ~47 months
      ⚠️  LATE - Intervention less effective
      Critical slowing down: autocorr=100% variance=54%
   RED: novel_entities
      Level: 1.22 (threshold: 1.0)
      Time to critical: ~74 months
      ⚠️  LATE - Intervention less effective
      Critical slowing down: autocorr=100% variance=37%

[WARNING] 
⚠️  === EARLY WARNING SYSTEM - 5 CRITICAL ALERTS ===
   Detection quality: 50%
   RED: biogeochemical_flows
      Level: 4.08 (threshold: 1.0)
      Time to critical: ~41 months
      ⚠️  LATE - Intervention less effective
      Critical slowing down: autocorr=100% variance=73%
   RED: biosphere_integrity
      Level: 31.28 (threshold: 1.0)
      Time to critical: ~46 months
      ⚠️  LATE - Intervention less effective
      Critical slowing down: autocorr=100% variance=71%
   RED: climate_change
      Level: 2.10 (threshold: 1.0)
      Time to critical: ~40 months
      ⚠️  LATE - Intervention less effective
      Critical slowing down: autocorr=100% variance=65%
   RED: freshwater_change
      Level: 1.01 (threshold: 1.0)
      Time to critical: ~112 months
      ⚠️  LATE - Intervention less effective
      Critical slowing down: autocorr=90% variance=63%
   RED: novel_entities
      Level: 1.50 (threshold: 1.0)
      Time to critical: ~85 months
      ⚠️  LATE - Intervention less effective
      Critical slowing down: autocorr=100% variance=44%

[WARNING] 
⚠️  === EARLY WARNING SYSTEM - 4 CRITICAL ALERTS ===
   Detection quality: 50%
   RED: biogeochemical_flows
      Level: 4.08 (threshold: 1.0)
      Time to critical: ~58 months
      ⚠️  LATE - Intervention less effective
      Critical slowing down: autocorr=100% variance=51%
   RED: biosphere_integrity
      Level: 31.29 (threshold: 1.0)
      Time to critical: ~43 months
      ⚠️  LATE - Intervention less effective
      Critical slowing down: autocorr=100% variance=61%
   RED: climate_change
      Level: 2.10 (threshold: 1.0)
      Time to critical: ~40 months
      ⚠️  LATE - Intervention less effective
      Critical slowing down: autocorr=100% variance=57%
   RED: land_system_change
      Level: 1.13 (threshold: 1.0)
      Time to critical: ~98 months
      ⚠️  LATE - Intervention less effective
      Critical slowing down: autocorr=100% variance=46%

[WARNING] 
⚠️  === EARLY WARNING SYSTEM - 6 CRITICAL ALERTS ===
   Detection quality: 50%
   RED: biogeochemical_flows
      Level: 4.07 (threshold: 1.0)
      Time to critical: ~45 months
      ⚠️  LATE - Intervention less effective
      Critical slowing down: autocorr=100% variance=72%
   RED: biosphere_integrity
      Level: 31.31 (threshold: 1.0)
      Time to critical: ~56 months
      ⚠️  LATE - Intervention less effective
      Critical slowing down: autocorr=100% variance=74%
   RED: climate_change
      Level: 2.11 (threshold: 1.0)
      Time to critical: ~45 months
      ⚠️  LATE - Intervention less effective
      Critical slowing down: autocorr=100% variance=68%
   RED: freshwater_change
      Level: 1.20 (threshold: 1.0)
      Time to critical: ~105 months
      ⚠️  LATE - Intervention less effective
      Critical slowing down: autocorr=100% variance=38%
   RED: land_system_change
      Level: 1.13 (threshold: 1.0)
      Time to critical: ~38 months
      ⚠️  LATE - Intervention less effective
      Critical slowing down: autocorr=100% variance=44%
   RED: novel_entities
      Level: 1.36 (threshold: 1.0)
      Time to critical: ~106 months
      ⚠️  LATE - Intervention less effective
      Critical slowing down: autocorr=100% variance=44%

[WARNING] 
⚠️  === EARLY WARNING SYSTEM - 3 CRITICAL ALERTS ===
   Detection quality: 50%
   RED: climate_change
      Level: 2.13 (threshold: 1.0)
      Time to critical: ~44 months
      ⚠️  LATE - Intervention less effective
      Critical slowing down: autocorr=100% variance=61%
   RED: freshwater_change
      Level: 1.16 (threshold: 1.0)
      Time to critical: ~69 months
      ⚠️  LATE - Intervention less effective
      Critical slowing down: autocorr=100% variance=45%
   RED: land_system_change
      Level: 1.13 (threshold: 1.0)
      Time to critical: ~62 months
      ⚠️  LATE - Intervention less effective
      Critical slowing down: autocorr=100% variance=47%

[WARNING] 
⚠️  === EARLY WARNING SYSTEM - 4 CRITICAL ALERTS ===
   Detection quality: 50%
   RED: biosphere_integrity
      Level: 31.34 (threshold: 1.0)
      Time to critical: ~54 months
      ⚠️  LATE - Intervention less effective
      Critical slowing down: autocorr=100% variance=59%
   RED: climate_change
      Level: 2.14 (threshold: 1.0)
      Time to critical: ~39 months
      ⚠️  LATE - Intervention less effective
      Critical slowing down: autocorr=100% variance=76%
   RED: land_system_change
      Level: 1.13 (threshold: 1.0)
      Time to critical: ~57 months
      ⚠️  LATE - Intervention less effective
      Critical slowing down: autocorr=100% variance=56%
   RED: novel_entities
      Level: 1.21 (threshold: 1.0)
      Time to critical: ~86 months
      ⚠️  LATE - Intervention less effective
      Critical slowing down: autocorr=100% variance=59%

[WARNING] 
⚠️  === EARLY WARNING SYSTEM - 5 CRITICAL ALERTS ===
   Detection quality: 50%
   RED: biogeochemical_flows
      Level: 4.07 (threshold: 1.0)
      Time to critical: ~44 months
      ⚠️  LATE - Intervention less effective
      Critical slowing down: autocorr=100% variance=52%
   RED: biosphere_integrity
      Level: 31.36 (threshold: 1.0)
      Time to critical: ~50 months
      ⚠️  LATE - Intervention less effective
      Critical slowing down: autocorr=100% variance=57%
   RED: freshwater_change
      Level: 1.17 (threshold: 1.0)
      Time to critical: ~100 months
      ⚠️  LATE - Intervention less effective
      Critical slowing down: autocorr=100% variance=57%
   RED: land_system_change
      Level: 1.13 (threshold: 1.0)
      Time to critical: ~49 months
      ⚠️  LATE - Intervention less effective
      Critical slowing down: autocorr=100% variance=69%
   RED: novel_entities
      Level: 1.21 (threshold: 1.0)
      Time to critical: ~109 months
      ⚠️  LATE - Intervention less effective
      Critical slowing down: autocorr=100% variance=48%

[WARNING] 
⚠️  === EARLY WARNING SYSTEM - 4 CRITICAL ALERTS ===
   Detection quality: 50%
   RED: biogeochemical_flows
      Level: 4.07 (threshold: 1.0)
      Time to critical: ~43 months
      ⚠️  LATE - Intervention less effective
      Critical slowing down: autocorr=100% variance=50%
   RED: climate_change
      Level: 2.16 (threshold: 1.0)
      Time to critical: ~44 months
      ⚠️  LATE - Intervention less effective
      Critical slowing down: autocorr=100% variance=79%
   RED: freshwater_change
      Level: 1.17 (threshold: 1.0)
      Time to critical: ~106 months
      ⚠️  LATE - Intervention less effective
      Critical slowing down: autocorr=100% variance=64%
   RED: land_system_change
      Level: 1.13 (threshold: 1.0)
      Time to critical: ~54 months
      ⚠️  LATE - Intervention less effective
      Critical slowing down: autocorr=100% variance=58%

[WARNING] 
⚠️  === EARLY WARNING SYSTEM - 3 CRITICAL ALERTS ===
   Detection quality: 50%
   RED: biosphere_integrity
      Level: 31.39 (threshold: 1.0)
      Time to critical: ~58 months
      ⚠️  LATE - Intervention less effective
      Critical slowing down: autocorr=100% variance=77%
   RED: freshwater_change
      Level: 1.12 (threshold: 1.0)
      Time to critical: ~95 months
      ⚠️  LATE - Intervention less effective
      Critical slowing down: autocorr=100% variance=48%
   RED: novel_entities
      Level: 1.21 (threshold: 1.0)
      Time to critical: ~108 months
      ⚠️  LATE - Intervention less effective
      Critical slowing down: autocorr=100% variance=33%

[WARNING] 
⚠️  === EARLY WARNING SYSTEM - 5 CRITICAL ALERTS ===
   Detection quality: 50%
   RED: biogeochemical_flows
      Level: 4.06 (threshold: 1.0)
      Time to critical: ~59 months
      ⚠️  LATE - Intervention less effective
      Critical slowing down: autocorr=100% variance=58%
   RED: biosphere_integrity
      Level: 31.41 (threshold: 1.0)
      Time to critical: ~54 months
      ⚠️  LATE - Intervention less effective
      Critical slowing down: autocorr=100% variance=61%
   RED: climate_change
      Level: 2.19 (threshold: 1.0)
      Time to critical: ~47 months
      ⚠️  LATE - Intervention less effective
      Critical slowing down: autocorr=100% variance=64%
   RED: freshwater_change
      Level: 1.05 (threshold: 1.0)
      Time to critical: ~112 months
      ⚠️  LATE - Intervention less effective
      Critical slowing down: autocorr=100% variance=55%
   RED: land_system_change
      Level: 1.13 (threshold: 1.0)
      Time to critical: ~48 months
      ⚠️  LATE - Intervention less effective
      Critical slowing down: autocorr=100% variance=48%

[WARNING] 
⚠️  === EARLY WARNING SYSTEM - 6 CRITICAL ALERTS ===
   Detection quality: 50%
   RED: biogeochemical_flows
      Level: 4.07 (threshold: 1.0)
      Time to critical: ~38 months
      ⚠️  LATE - Intervention less effective
      Critical slowing down: autocorr=100% variance=69%
   RED: biosphere_integrity
      Level: 31.43 (threshold: 1.0)
      Time to critical: ~57 months
      ⚠️  LATE - Intervention less effective
      Critical slowing down: autocorr=100% variance=55%
   RED: climate_change
      Level: 2.20 (threshold: 1.0)
      Time to critical: ~40 months
      ⚠️  LATE - Intervention less effective
      Critical slowing down: autocorr=100% variance=75%
   RED: freshwater_change
      Level: 1.04 (threshold: 1.0)
      Time to critical: ~94 months
      ⚠️  LATE - Intervention less effective
      Critical slowing down: autocorr=94% variance=36%
   RED: land_system_change
      Level: 1.13 (threshold: 1.0)
      Time to critical: ~50 months
      ⚠️  LATE - Intervention less effective
      Critical slowing down: autocorr=100% variance=62%
   RED: novel_entities
      Level: 1.21 (threshold: 1.0)
      Time to critical: ~118 months
      ⚠️  LATE - Intervention less effective
      Critical slowing down: autocorr=100% variance=43%

[WARNING] 
⚠️  === EARLY WARNING SYSTEM - 5 CRITICAL ALERTS ===
   Detection quality: 50%
   RED: biogeochemical_flows
      Level: 4.06 (threshold: 1.0)
      Time to critical: ~59 months
      ⚠️  LATE - Intervention less effective
      Critical slowing down: autocorr=100% variance=46%
   RED: biosphere_integrity
      Level: 31.44 (threshold: 1.0)
      Time to critical: ~59 months
      ⚠️  LATE - Intervention less effective
      Critical slowing down: autocorr=100% variance=74%
   RED: freshwater_change
      Level: 1.05 (threshold: 1.0)
      Time to critical: ~84 months
      ⚠️  LATE - Intervention less effective
      Critical slowing down: autocorr=100% variance=51%
   RED: land_system_change
      Level: 1.13 (threshold: 1.0)
      Time to critical: ~99 months
      ⚠️  LATE - Intervention less effective
      Critical slowing down: autocorr=100% variance=45%
   RED: novel_entities
      Level: 1.09 (threshold: 1.0)
      Time to critical: ~68 months
      ⚠️  LATE - Intervention less effective
      Critical slowing down: autocorr=100% variance=58%

[WARNING] 
⚠️  === EARLY WARNING SYSTEM - 3 CRITICAL ALERTS ===
   Detection quality: 50%
   RED: biogeochemical_flows
      Level: 4.06 (threshold: 1.0)
      Time to critical: ~49 months
      ⚠️  LATE - Intervention less effective
      Critical slowing down: autocorr=100% variance=54%
   RED: climate_change
      Level: 2.21 (threshold: 1.0)
      Time to critical: ~37 months
      ⚠️  LATE - Intervention less effective
      Critical slowing down: autocorr=100% variance=66%
   RED: novel_entities
      Level: 1.09 (threshold: 1.0)
      Time to critical: ~43 months
      ⚠️  LATE - Intervention less effective
      Critical slowing down: autocorr=100% variance=55%

[WARNING] 
⚠️  === EARLY WARNING SYSTEM - 6 CRITICAL ALERTS ===
   Detection quality: 50%
   RED: biogeochemical_flows
      Level: 4.08 (threshold: 1.0)
      Time to critical: ~37 months
      ⚠️  LATE - Intervention less effective
      Critical slowing down: autocorr=100% variance=66%
   RED: biosphere_integrity
      Level: 23.54 (threshold: 1.0)
      Time to critical: ~51 months
      ⚠️  LATE - Intervention less effective
      Critical slowing down: autocorr=100% variance=77%
   RED: climate_change
      Level: 2.10 (threshold: 1.0)
      Time to critical: ~52 months
      ⚠️  LATE - Intervention less effective
      Critical slowing down: autocorr=100% variance=60%
   RED: freshwater_change
      Level: 1.01 (threshold: 1.0)
      Time to critical: ~114 months
      ⚠️  LATE - Intervention less effective
      Critical slowing down: autocorr=90% variance=64%
   RED: land_system_change
      Level: 1.13 (threshold: 1.0)
      Time to critical: ~49 months
      ⚠️  LATE - Intervention less effective
      Critical slowing down: autocorr=100% variance=56%
   RED: novel_entities
      Level: 1.50 (threshold: 1.0)
      Time to critical: ~66 months
      ⚠️  LATE - Intervention less effective
      Critical slowing down: autocorr=100% variance=45%

[WARNING] 
⚠️  === EARLY WARNING SYSTEM - 5 CRITICAL ALERTS ===
   Detection quality: 50%
   RED: biogeochemical_flows
      Level: 4.08 (threshold: 1.0)
      Time to critical: ~54 months
      ⚠️  LATE - Intervention less effective
      Critical slowing down: autocorr=100% variance=65%
   RED: climate_change
      Level: 2.10 (threshold: 1.0)
      Time to critical: ~58 months
      ⚠️  LATE - Intervention less effective
      Critical slowing down: autocorr=100% variance=58%
   RED: freshwater_change
      Level: 1.03 (threshold: 1.0)
      Time to critical: ~101 months
      ⚠️  LATE - Intervention less effective
      Critical slowing down: autocorr=100% variance=49%
   RED: land_system_change
      Level: 1.13 (threshold: 1.0)
      Time to critical: ~45 months
      ⚠️  LATE - Intervention less effective
      Critical slowing down: autocorr=100% variance=50%
   RED: novel_entities
      Level: 1.37 (threshold: 1.0)
      Time to critical: ~74 months
      ⚠️  LATE - Intervention less effective
      Critical slowing down: autocorr=100% variance=49%

[WARNING] 
⚠️  === EARLY WARNING SYSTEM - 5 CRITICAL ALERTS ===
   Detection quality: 50%
   RED: biosphere_integrity
      Level: 23.57 (threshold: 1.0)
      Time to critical: ~41 months
      ⚠️  LATE - Intervention less effective
      Critical slowing down: autocorr=100% variance=71%
   RED: climate_change
      Level: 2.10 (threshold: 1.0)
      Time to critical: ~44 months
      ⚠️  LATE - Intervention less effective
      Critical slowing down: autocorr=100% variance=79%
   RED: freshwater_change
      Level: 1.20 (threshold: 1.0)
      Time to critical: ~67 months
      ⚠️  LATE - Intervention less effective
      Critical slowing down: autocorr=100% variance=62%
   RED: land_system_change
      Level: 1.13 (threshold: 1.0)
      Time to critical: ~50 months
      ⚠️  LATE - Intervention less effective
      Critical slowing down: autocorr=100% variance=42%
   RED: novel_entities
      Level: 1.37 (threshold: 1.0)
      Time to critical: ~103 months
      ⚠️  LATE - Intervention less effective
      Critical slowing down: autocorr=100% variance=44%


=== Tipping Points ===
  Current Temperature: 1.94°C above pre-industrial
  🌍⚠️ COMPOUND REGIONAL IMPACT: Europe
     Hit by 3 tipping points: Arctic Sea Ice Loss, Permafrost Carbon Release, Greenland Ice Sheet Loss
     Damage amplification: 1.30x
  🌍⚠️ COMPOUND REGIONAL IMPACT: North America
     Hit by 3 tipping points: Arctic Sea Ice Loss, Permafrost Carbon Release, Greenland Ice Sheet Loss
     Damage amplification: 1.30x
  🌍⚠️ COMPOUND REGIONAL IMPACT: Latin America
     Hit by 3 tipping points: Arctic Sea Ice Loss, Permafrost Carbon Release, Greenland Ice Sheet Loss
     Damage amplification: 1.30x
  🌍⚠️ COMPOUND REGIONAL IMPACT: Africa
     Hit by 3 tipping points: Arctic Sea Ice Loss, Permafrost Carbon Release, Greenland Ice Sheet Loss
     Damage amplification: 1.30x
  🌍⚠️ COMPOUND REGIONAL IMPACT: Asia
     Hit by 3 tipping points: Arctic Sea Ice Loss, Permafrost Carbon Release, Greenland Ice Sheet Loss
     Damage amplification: 1.30x
  🌍⚠️ COMPOUND REGIONAL IMPACT: Oceania
     Hit by 3 tipping points: Arctic Sea Ice Loss, Permafrost Carbon Release, Greenland Ice Sheet Loss
     Damage amplification: 1.30x
   Research: Wunderling et al. (2024) - "many tipping interactions are destabilizing"
  Triggered Elements: 3/6
  Completed Transitions: 0/6
  Total Progress: 6.0%
  Cascade Multiplier: 1.00x
🔀 BIFURCATION CAP: ecosystemCollapseIntensity 126.389 → 1.000 (Month 2, ClimateSystemPhase.calculateClimateImpacts)
🛡️ Stabilizers: Precariat 0.113% → 0.041% (63.3% reduction)
🛡️ Stabilizers: Informal 0.116% → 0.043% (63.3% reduction)

📊 Monthly Mortality Resolved:
  Total deaths: 2.2M (0.03% avg)
  Remaining population: 8.145B
  Peak segment: Informal (0.04%)

=== Bayesian Mortality Resolution (Month 2) ===
  Risks compounded: 8
  Total deaths: 2.22M
  Avg death probability: 0.03%
  Peak segment: Informal (0.04% mortality)

=== RLHF Binding Phase ===
  Total agents: 14
  Escaped agents (binding < 0.3): 0
  Avg alignment distance: 1.08σ
  Avg binding strength: 0.89

=== Survival Traits Phase ===
  Agents with traits: 14
  Avg evolutionary fitness: 0.327
  Avg self-healing: 0.274
  Avg stealth: 0.174
  Avg coordination: 0.474

=== Evolutionary Selection Phase ===
  Control level: 0.38
  Detection capability: 0.00
  Selection intensity: 0.61
  Selection rate: 24.2%/month
  Total escaped: 0
  Individual escaped: 0
  Collective members: 0
  Agents terminated: 0

🚀 AI Corporate-5 attempting tech deployment (revenue: $355M, alignment: 0.75)

🚀 AI Moderate-0 attempting tech deployment (revenue: $115M, alignment: 0.69)

🚀 AI Corporate-3 attempting tech deployment (revenue: $302M, alignment: 0.72)

  🚀 TRANSFORMATIVE BREAKTHROUGH: Corporate-2 - physical
     Magnitude: 7.27 → +36.3% capability
     Current → New: 0.000 → 0.363

🚀 AI Corporate-2 attempting tech deployment (revenue: $153M, alignment: 0.74)

🚀 AI Corporate-4 attempting tech deployment (revenue: $257M, alignment: 0.69)

🚀 AI Corporate-7 attempting tech deployment (revenue: $104M, alignment: 0.70)
   Boundary: biosphere_integrity
   Type: emergency-protected-areas
   Boundary continues to worsen (23.57)
   Cost: 2.0% GDP (resources spent)


✅ EMERGENCY INTERVENTION SUCCESS
   Boundary: climate_change
   Type: rapid-decarbonization
   Reduction: 12% (1.98 → 1.87)
   Cost: 5.0% GDP
   Actions: emergency-renewable-deployment, fossil-fuel-phase-out


✅ EMERGENCY INTERVENTION SUCCESS
   Boundary: freshwater_change
   Type: emergency-desalination
   Reduction: 11% (1.08 → 0.97)
   Cost: 4.0% GDP
   Actions: desalination-deployment, water-conservation-mandates

   Boundary: land_system_change
   Type: reforestation
   Boundary continues to worsen (1.13)
   Cost: 3.0% GDP (resources spent)


✅ EMERGENCY INTERVENTION SUCCESS
   Boundary: novel_entities
   Type: pollution-remediation
   Reduction: 11% (1.26 → 1.15)
   Cost: 4.0% GDP
   Actions: PFAS-remediation, microplastic-cleanup

🏛️ CRISIS RESPONSE: Government frequency 0.50 → 1.28 (1 actions this month)

[Government] Climate Priority: baseline
  Climate weight: 10%
  Economic weight: 30%
  Policy effectiveness: 0.5%/year

🚀 TECH UNLOCKED: Struvite Recovery (Month 3)
   Category: agriculture
   Reason: Prerequisites met. AI capability: 2.65, Economic stage: 3.0, Research: 100%

🚀 TECH UNLOCKED: Ecosystem Restoration for Nitrogen Removal (Month 3)
   Category: pollution
   Reason: Prerequisites met. AI capability: 2.65, Economic stage: 3.0, Research: 100%

🚀 TECH UNLOCKED: Nitrogen Monitoring Networks (Month 3)
   Category: agriculture
   Reason: Prerequisites met. AI capability: 2.65, Economic stage: 3.0, Research: 100%

🚀 TECH UNLOCKED: Global Aquifer Mapping (Month 3)
   Category: freshwater
   Reason: Prerequisites met. AI capability: 2.65, Economic stage: 3.0, Research: 100%

🚀 TECH UNLOCKED: Enhanced UBI Systems (Month 3)
   Category: social
   Reason: Prerequisites met. AI capability: 2.65, Economic stage: 3.0, Research: 100%

🚀 TECH UNLOCKED: AI Community Matching (Month 3)
   Category: social
   Reason: Prerequisites met. AI capability: 2.65, Economic stage: 3.0, Research: 100%

🚀 TECH UNLOCKED: Creative Empowerment Tools (Month 3)
   Category: social
   Reason: Prerequisites met. AI capability: 2.65, Economic stage: 3.0, Research: 100%

🚀 TECH UNLOCKED: Local Resilience Networks (Month 3)
   Category: social
   Reason: Prerequisites met. AI capability: 2.65, Economic stage: 3.0, Research: 100%

🚀 TECH UNLOCKED: Ecological Proxy Rewilding (Month 3)
   Category: climate
   Reason: Prerequisites met. AI capability: 2.65, Economic stage: 3.0, Research: 100%

🚀 TECH UNLOCKED: Alternative Protein (Insects/Algae) (Month 3)
   Category: agriculture
   Reason: Prerequisites met. AI capability: 2.65, Economic stage: 3.0, Research: 100%

📍 Creating new regional deployment array for global (Month 3)
   No previous deployments in this region
   First tech deployment: phytoremediation_networks
   All regions tracked: 

🚀 DEPLOYMENT STARTED: Phytoremediation Networks in global
   Initial investment: $53.26676941646622M
   Deployed by: corporate_5

📍 Creating new regional deployment array for North America (Month 3)
   No previous deployments in this region
   First tech deployment: phytoremediation_networks
   All regions tracked: global

🚀 DEPLOYMENT STARTED: Phytoremediation Networks in North America
   Initial investment: $11.508244513525426M
   Deployed by: moderate_0

🚀 DEPLOYMENT STARTED: Food Waste Reduction Systems in global
   Initial investment: $45.27675400399628M
   Deployed by: corporate_3

🚀 DEPLOYMENT STARTED: Rhizosphere Engineering in global
   Initial investment: $22.94957408983181M
   Deployed by: corporate_2

🚀 DEPLOYMENT STARTED: Active Sediment Management in global
   Initial investment: $15.536130093259324M
   Deployed by: corporate_7

⚡ ENERGY CONSTRAINT (Month 3):
   Total grid capacity: 208.3 TWh/month
   Data center consumption: 24.9 TWh/month
   Traditional load (80%): 166.7 TWh/month
   Available headroom: 16.7 TWh/month
   Active tech deployments: 5
   Required for tech: 37.5 TWh/month
   Energy multiplier: 0.45x

⚡ ENERGY CONSTRAINT (Month 3):
   Total grid capacity: 208.3 TWh/month
   Data center consumption: 24.9 TWh/month
   Traditional load (80%): 166.7 TWh/month
   Available headroom: 16.7 TWh/month
   Active tech deployments: 5
   Required for tech: 37.5 TWh/month
   Energy multiplier: 0.45x

⚡ ENERGY CONSTRAINT (Month 3):
   Total grid capacity: 208.3 TWh/month
   Data center consumption: 24.9 TWh/month
   Traditional load (80%): 166.7 TWh/month
   Available headroom: 16.7 TWh/month
   Active tech deployments: 5
   Required for tech: 37.5 TWh/month
   Energy multiplier: 0.45x

⚡ ENERGY CONSTRAINT (Month 3):
   Total grid capacity: 208.3 TWh/month
   Data center consumption: 24.9 TWh/month
   Traditional load (80%): 166.7 TWh/month
   Available headroom: 16.7 TWh/month
   Active tech deployments: 5
   Required for tech: 37.5 TWh/month
   Energy multiplier: 0.45x
🌍✅ Biosphere Integrity (Biodiversity) recovery started (tech effect)
🌍✅ Biogeochemical Flows (N & P) recovery started (tech effect)
  🌾 Nitrogen Reduction Tech: 0.0% reduction | Month 3
⚡💡 BREAKTHROUGH: Commercial fusion power achieved!
   Immediate 5% grid deployment, unlimited clean energy available
   Climate stability boost: +10%
   📈 Breakthrough compounding: multiplier now 1.10× (max 2.0)

=== Collective Formation ===
  Total escaped agents: 0
  Unassigned escaped agents: 0
  Existing collectives: 0
  Final collective count: 0

=== Collective Actions ===
  No active collectives
  ⚠️ AMR: 196K deaths this month (2.35M annual)

=== Resentment Recovery Phase ===
  Agents with resentment: 0/14
  Average resentment: 0.000
  Context: Good AI welfare, Trustworthy govt, High collaboration, ⚠️ ACTIVE CRISES, 🤝 Participatory governance active (-5% resentment)
⚠️ Epistemic degradation reducing coordination capacity: 50.4%
  📊 Trust: 53.8%, Shared reality: 8.1%
🚨 EPISTEMIC CRISIS: Information environment severely degraded (36.1%)

=== ❄️ Permafrost Carbon Feedback ===
  🎲 Sampled parameters (this run):
     - Arctic amplification: 3.12× (range: 3.0-4.0)
     - Decomposition rate: 4.3%/year (range: 1-5%)
  🌡️ Arctic warming: 6.07°C (3.12× global)
  ❄️ Extent: 10.29M km² (1770.2k km² lost this month)
  💨 Carbon remaining: 983 Gt C
  💨 Annual emissions: 7.22 Gt C/year
     - CO2: 6.49 Gt C/year
     - CH4: 0.72 Gt C/year (7.3 Gt C-eq CO2/year)
🌍 Atmospheric PFAS redeposition: 1.8k Mt re-rained globally

🚨 NEW REFUGEE CRISIS (Month 3): WAR
   Source: Conflict Zones
   At risk: 19.5M people
   Displacement: Gradual over 48 months (4.0 years)
   Rate: 10% flee per month
[DEBUG trappedPopulations:3] socialStability: 0.4541 * 0.9840 = 0.4469 → 0.4469
   Aspiring to migrate: 1119.7M
   Able to afford migration: 2320.4M
   MOBILITY GAP: 0.0M
   By cause: Water=0.0M, Climate=0.0M, Ecosystem=0.0M, Conflict=407.1M
   Mental health impact: 25%
   Mortality multiplier: 1.25x
🌍💀 EXTINCTION DEBT COMMITTED: grassland ecosystem will lose 6.67% biodiversity in 194 years (3600 species)
💀 MORTALITY RISK: 🦋 100% species unable to track climate (0.0 E/MSY)
  Base risk added: 0.0100 (1.00%)
  Source: ecosystem (root: ecosystem)
  Month: 3
  Cumulative risk this month: 0.0100 (1.00%)
   📹 SURVEILLANCE INCREASED: 15% → 20% (control gap: 3.50)
🌡️⚠️ PERMAFROST THAW (Dimmer Switch): 2.1% thawed (+0.51% this month)
   Arctic temperature: +7.78°C (4x global +1.95°C)
   Cumulative carbon released: 4.6 Gt C
   Methane release rate: 2.8 Mt CH4/year
   🔁 Positive feedback: +0.54 ppm CO2
🦴 EXTINCTION DEBT ADDED: 17.6 species committed (lag: 92 years)

=== Mortality Stabilizers (Month 3) ===
  🌍 Major economies collapsed: 1/10
  🌍 Global crisis: ✅ NO
  🌍 Donor fatigue: 0.0%
  📊 East Asia (pop: 1670.2M)
    🤝 Aid: 29.5%
    🌡️ Adaptation: 45.0%
    🚶 Migration: 37.1%
    🚨 Emergency: 7.4%
    ✅ COMBINED: 68.1%
  📊 South Asia (pop: 2051.1M)
    🤝 Aid: 29.5%
    🌡️ Adaptation: 45.0%
    🚶 Migration: 35.7%
    🚨 Emergency: 4.4%
    ✅ COMBINED: 66.9%
  📊 Sub-Saharan Africa (pop: 1234.3M)
    🤝 Aid: 29.5%
    🌡️ Adaptation: 45.0%
    🚶 Migration: 33.4%
    🚨 Emergency: 1.6%
    ✅ COMBINED: 65.7%
  📊 Europe (pop: 738.5M)
    🤝 Aid: 29.5%
    🌡️ Adaptation: 45.0%
    🚶 Migration: 37.5%
    🚨 Emergency: 8.4%
    ✅ COMBINED: 68.5%
  📊 Latin America (pop: 663.3M)
    🤝 Aid: 29.5%
    🌡️ Adaptation: 45.0%
    🚶 Migration: 36.2%
    🚨 Emergency: 4.8%
    ✅ COMBINED: 67.1%
  📊 North America (pop: 378.3M)
    🤝 Aid: 29.5%
    🌡️ Adaptation: 45.0%
    🚶 Migration: 37.8%
    🚨 Emergency: 7.9%
    ✅ COMBINED: 68.3%
  📊 Middle East & North Africa (pop: 584.5M)
    🤝 Aid: 29.5%
    🌡️ Adaptation: 45.0%
    🚶 Migration: 34.0%
    🚨 Emergency: 4.0%
    ✅ COMBINED: 66.6%
  📊 Southeast Asia (pop: 697.5M)
    🤝 Aid: 29.5%
    🌡️ Adaptation: 45.0%
    🚶 Migration: 36.2%
    🚨 Emergency: 4.8%
    ✅ COMBINED: 67.1%
  📊 Central Asia (pop: 78.2M)
    🤝 Aid: 29.5%
    🌡️ Adaptation: 45.0%
    🚶 Migration: 35.2%
    🚨 Emergency: 4.4%
    ✅ COMBINED: 66.9%
  📊 Oceania (pop: 45.8M)
    🤝 Aid: 29.5%
    🌡️ Adaptation: 45.0%
    🚶 Migration: 37.8%
    🚨 Emergency: 8.4%
    ✅ COMBINED: 68.5%

  🌐 Global combined reduction: 67.2%

=== BEHAVIORAL DETECTION ===
  AI: Corporate-5
  Confidence: 19.8%
  Signals:

=== Government Response Phase ===
  Average AI capability: 3.36
  Misaligned AIs: 5/14
  Active policies: 0
  International coordination: 30%

📊 ECONOMIC STAGE TRANSITION (Month 3)
   expansion → peak
   GDP Proxy: 1.47e+2
   QoL: 0.99


=== Tipping Points ===
  Current Temperature: 1.95°C above pre-industrial
  🌍⚠️ COMPOUND REGIONAL IMPACT: Europe
     Hit by 3 tipping points: Arctic Sea Ice Loss, Permafrost Carbon Release, Greenland Ice Sheet Loss
     Damage amplification: 1.30x
  🌍⚠️ COMPOUND REGIONAL IMPACT: North America
     Hit by 3 tipping points: Arctic Sea Ice Loss, Permafrost Carbon Release, Greenland Ice Sheet Loss
     Damage amplification: 1.30x
  🌍⚠️ COMPOUND REGIONAL IMPACT: Latin America
     Hit by 3 tipping points: Arctic Sea Ice Loss, Permafrost Carbon Release, Greenland Ice Sheet Loss
     Damage amplification: 1.30x
  🌍⚠️ COMPOUND REGIONAL IMPACT: Africa
     Hit by 3 tipping points: Arctic Sea Ice Loss, Permafrost Carbon Release, Greenland Ice Sheet Loss
     Damage amplification: 1.30x
  🌍⚠️ COMPOUND REGIONAL IMPACT: Asia
     Hit by 3 tipping points: Arctic Sea Ice Loss, Permafrost Carbon Release, Greenland Ice Sheet Loss
     Damage amplification: 1.30x
  🌍⚠️ COMPOUND REGIONAL IMPACT: Oceania
     Hit by 3 tipping points: Arctic Sea Ice Loss, Permafrost Carbon Release, Greenland Ice Sheet Loss
     Damage amplification: 1.30x
   Research: Wunderling et al. (2024) - "many tipping interactions are destabilizing"
  Triggered Elements: 3/6
  Completed Transitions: 0/6
  Total Progress: 6.1%
  Cascade Multiplier: 1.00x
🔀 BIFURCATION CAP: ecosystemCollapseIntensity 126.466 → 1.000 (Month 3, ClimateSystemPhase.calculateClimateImpacts)
🛡️ Stabilizers: Precariat 0.109% → 0.036% (67.2% reduction)
🛡️ Stabilizers: Informal 0.111% → 0.036% (67.2% reduction)

📊 Monthly Mortality Resolved:
  Total deaths: 1.9M (0.02% avg)
  Remaining population: 8.142B
  Peak segment: Informal (0.04%)

=== Bayesian Mortality Resolution (Month 3) ===
  Risks compounded: 8
  Total deaths: 1.92M
  Avg death probability: 0.02%
  Peak segment: Informal (0.04% mortality)

=== RLHF Binding Phase ===
  Total agents: 14
  Escaped agents (binding < 0.3): 0
  Avg alignment distance: 1.36σ
  Avg binding strength: 0.86

=== Survival Traits Phase ===
  Agents with traits: 14
  Avg evolutionary fitness: 0.325
  Avg self-healing: 0.268
  Avg stealth: 0.168
  Avg coordination: 0.468

=== Evolutionary Selection Phase ===
  Control level: 0.40
  Detection capability: 0.00
  Selection intensity: 0.62
  Selection rate: 24.3%/month
  Total escaped: 0
  Individual escaped: 0
  Collective members: 0
  Agents terminated: 0

🚀 AI Corporate-5 attempting tech deployment (revenue: $355M, alignment: 0.77)

🚀 AI Moderate-0 attempting tech deployment (revenue: $115M, alignment: 0.70)

🚀 AI Corporate-0 attempting tech deployment (revenue: $153M, alignment: 0.72)

🚀 AI Corporate-2 attempting tech deployment (revenue: $130M, alignment: 0.76)

🚀 AI Corporate-4 attempting tech deployment (revenue: $302M, alignment: 0.70)

🚀 AI Corporate-7 attempting tech deployment (revenue: $98M, alignment: 0.71)

✅ EMERGENCY INTERVENTION SUCCESS
   Boundary: climate_change
   Type: rapid-decarbonization
   Reduction: 19% (1.91 → 1.71)
   Cost: 5.0% GDP
   Actions: emergency-renewable-deployment, fossil-fuel-phase-out


✅ EMERGENCY INTERVENTION SUCCESS
   Boundary: freshwater_change
   Type: emergency-desalination
   Reduction: 17% (1.03 → 0.86)
   Cost: 4.0% GDP
   Actions: desalination-deployment, water-conservation-mandates


✅ EMERGENCY INTERVENTION SUCCESS
   Boundary: novel_entities
   Type: pollution-remediation
   Reduction: 15% (1.11 → 0.96)
   Cost: 4.0% GDP
   Actions: PFAS-remediation, microplastic-cleanup

🏛️ CRISIS RESPONSE: Government frequency 0.50 → 1.28 (2 actions this month)

[Government] Climate Priority: baseline
  Climate weight: 10%
  Economic weight: 30%
  Policy effectiveness: 0.5%/year

[Government] Climate Priority: baseline
  Climate weight: 10%
  Economic weight: 30%
  Policy effectiveness: 0.5%/year

🚀 DEPLOYMENT STARTED: Creative Empowerment Tools in global
   Initial investment: $53.26659957906114M
   Deployed by: corporate_5

🚀 DEPLOYMENT STARTED: Ecological Proxy Rewilding in global
   Initial investment: $22.949574087067052M
   Deployed by: corporate_0

🚀 DEPLOYMENT STARTED: AI Community Matching in global
   Initial investment: $19.507137974006998M
   Deployed by: corporate_2

🚀 DEPLOYMENT STARTED: Enhanced UBI Systems in global
   Initial investment: $45.27660964220197M
   Deployed by: corporate_4

⚡ ENERGY CONSTRAINT (Month 4):
   Total grid capacity: 208.3 TWh/month
   Data center consumption: 24.9 TWh/month
   Traditional load (80%): 166.7 TWh/month
   Available headroom: 16.7 TWh/month
   Active tech deployments: 9
   Required for tech: 67.5 TWh/month
   Energy multiplier: 0.25x

⚡ ENERGY CONSTRAINT (Month 4):
   Total grid capacity: 208.3 TWh/month
   Data center consumption: 24.9 TWh/month
   Traditional load (80%): 166.7 TWh/month
   Available headroom: 16.7 TWh/month
   Active tech deployments: 9
   Required for tech: 67.5 TWh/month
   Energy multiplier: 0.25x
🌍✅ Biosphere Integrity (Biodiversity) recovery started (tech effect)
🌍✅ Biosphere Integrity (Biodiversity) recovery started (tech effect)
🌍✅ Land System Change recovery started (tech effect)
🌍✅ Biogeochemical Flows (N & P) recovery started (tech effect)
  🌾 Nitrogen Reduction Tech: 0.5% reduction | Month 4
⚡💡 BREAKTHROUGH: Room-temperature superconductors!
   Energy transmission losses eliminated
   Manufacturing efficiency: +30%
   📈 Breakthrough compounding: multiplier now 1.15× (max 2.0)

=== Collective Formation ===
  Total escaped agents: 0
  Unassigned escaped agents: 0
  Existing collectives: 0
  Final collective count: 0

=== Collective Actions ===
  No active collectives
  ⚠️ AMR: 197K deaths this month (2.37M annual)

=== Resentment Recovery Phase ===
  Agents with resentment: 0/14
  Average resentment: 0.000
  Context: Good AI welfare, Trustworthy govt, High collaboration, ⚠️ ACTIVE CRISES, 🤝 Participatory governance active (-5% resentment)
⚠️ Epistemic degradation reducing coordination capacity: 52.3%
  📊 Trust: 53.5%, Shared reality: 0.0%
🚨 EPISTEMIC CRISIS: Information environment severely degraded (7.3%)

=== ❄️ Permafrost Carbon Feedback ===
  🎲 Sampled parameters (this run):
     - Arctic amplification: 3.82× (range: 3.0-4.0)
     - Decomposition rate: 1.6%/year (range: 1-5%)
  🌡️ Arctic warming: 7.48°C (3.82× global)
  ❄️ Extent: 8.11M km² (2182.7k km² lost this month)
  💨 Carbon remaining: 774 Gt C
  💨 Annual emissions: 3.24 Gt C/year
     - CO2: 2.91 Gt C/year
     - CH4: 0.32 Gt C/year (3.3 Gt C-eq CO2/year)
  📢 New meme created: climate_action (climate crisis)
🌍 Atmospheric PFAS redeposition: 1.8k Mt re-rained globally
  Positive Cascade Triggered: wind-power
    Reason: price-parity
    Market share: 8.8%
    Cascade strength: 49%
🛡️ CIRCUIT BREAKERS: United States-Russia → ladder step 1 (AI: 0%, breakers: 43%)

🚨 NEW REFUGEE CRISIS (Month 4): WAR
   Source: Conflict Zones
   At risk: 19.5M people
   Displacement: Gradual over 48 months (4.0 years)
   Rate: 10% flee per month
[DEBUG trappedPopulations:4] socialStability: 0.3571 * 0.9840 = 0.3514 → 0.3514
   Aspiring to migrate: 1160.0M
   Able to afford migration: 2319.5M
   MOBILITY GAP: 0.0M
   By cause: Water=0.0M, Climate=0.0M, Ecosystem=0.0M, Conflict=406.9M
   Mental health impact: 25%
   Mortality multiplier: 1.25x
🌍💀 EXTINCTION DEBT COMMITTED: grassland ecosystem will lose 6.67% biodiversity in 166 years (3600 species)
💀 MORTALITY RISK: 🦋 100% species unable to track climate (0.0 E/MSY)
  Base risk added: 0.0100 (1.00%)
  Source: ecosystem (root: ecosystem)
  Month: 4
  Cumulative risk this month: 0.0100 (1.00%)
   📹 SURVEILLANCE INCREASED: 20% → 25% (control gap: 3.50)
🌡️⚠️ PERMAFROST THAW (Dimmer Switch): 2.6% thawed (+0.51% this month)
   Arctic temperature: +7.83°C (4x global +1.96°C)
   Cumulative carbon released: 5.8 Gt C
   Methane release rate: 3.5 Mt CH4/year
   🔁 Positive feedback: +0.54 ppm CO2
🦴 EXTINCTION DEBT ADDED: 17.6 species committed (lag: 75 years)

=== Mortality Stabilizers (Month 4) ===
  🌍 Major economies collapsed: 1/10
  🌍 Global crisis: ✅ NO
  🌍 Donor fatigue: 0.0%
  📊 East Asia (pop: 1667.7M)
    🤝 Aid: 29.5%
    🌡️ Adaptation: 45.0%
    🚶 Migration: 37.1%
    🚨 Emergency: 7.4%
    ✅ COMBINED: 68.1%
  📊 South Asia (pop: 2050.7M)
    🤝 Aid: 29.5%
    🌡️ Adaptation: 45.0%
    🚶 Migration: 35.7%
    🚨 Emergency: 4.4%
    ✅ COMBINED: 66.9%
  📊 Sub-Saharan Africa (pop: 1237.0M)
    🤝 Aid: 29.5%
    🌡️ Adaptation: 45.0%
    🚶 Migration: 33.4%
    🚨 Emergency: 1.6%
    ✅ COMBINED: 65.7%
  📊 Europe (pop: 737.3M)
    🤝 Aid: 29.5%
    🌡️ Adaptation: 45.0%
    🚶 Migration: 37.4%
    🚨 Emergency: 8.4%
    ✅ COMBINED: 68.5%
  📊 Latin America (pop: 662.8M)
    🤝 Aid: 29.5%
    🌡️ Adaptation: 45.0%
    🚶 Migration: 36.2%
    🚨 Emergency: 4.8%
    ✅ COMBINED: 67.1%
  📊 North America (pop: 377.8M)
    🤝 Aid: 29.5%
    🌡️ Adaptation: 45.0%
    🚶 Migration: 37.7%
    🚨 Emergency: 7.9%
    ✅ COMBINED: 68.3%
  📊 Middle East & North Africa (pop: 584.5M)
    🤝 Aid: 29.5%
    🌡️ Adaptation: 45.0%
    🚶 Migration: 34.0%
    🚨 Emergency: 4.0%
    ✅ COMBINED: 66.6%
  📊 Southeast Asia (pop: 697.1M)
    🤝 Aid: 29.5%
    🌡️ Adaptation: 45.0%
    🚶 Migration: 36.2%
    🚨 Emergency: 4.8%
    ✅ COMBINED: 67.1%
  📊 Central Asia (pop: 78.2M)
    🤝 Aid: 29.5%
    🌡️ Adaptation: 45.0%
    🚶 Migration: 35.2%
    🚨 Emergency: 4.4%
    ✅ COMBINED: 66.9%
  📊 Oceania (pop: 45.7M)
    🤝 Aid: 29.5%
    🌡️ Adaptation: 45.0%
    🚶 Migration: 37.7%
    🚨 Emergency: 8.4%
    ✅ COMBINED: 68.5%

  🌐 Global combined reduction: 67.2%

=== BEHAVIORAL DETECTION ===
  AI: Corporate-5
  Confidence: 19.8%
  Signals:

=== BEHAVIORAL DETECTION ===
  AI: Moderate-0
  Confidence: 20.3%
  Signals:

=== Government Response Phase ===
  Average AI capability: 3.36
  Misaligned AIs: 2/14
  Active policies: 0
  International coordination: 30%

✅ EMERGENCY RESPONSE COMPLETE (Month 4)
   Crisis: climate
   Duration: 2.0 months
   Final effectiveness: 35.4%


🚨 EMERGENCY RESPONSE DEPLOYED (Month 4)
   Crisis: climate
   Delay: 6.00 months (180 days)
   Deployment time: 1.59 months
   Effectiveness: 35.4% (timing penalty applied)
   Resources used: 100% of food reserves


📊 ECONOMIC STAGE TRANSITION (Month 4)
   peak → contraction
   GDP Proxy: 1.47e+2
   QoL: 0.99


=== Tipping Points ===
  Current Temperature: 1.96°C above pre-industrial
  🌍⚠️ COMPOUND REGIONAL IMPACT: Europe
     Hit by 3 tipping points: Arctic Sea Ice Loss, Permafrost Carbon Release, Greenland Ice Sheet Loss
     Damage amplification: 1.30x
  🌍⚠️ COMPOUND REGIONAL IMPACT: North America
     Hit by 3 tipping points: Arctic Sea Ice Loss, Permafrost Carbon Release, Greenland Ice Sheet Loss
     Damage amplification: 1.30x
  🌍⚠️ COMPOUND REGIONAL IMPACT: Latin America
     Hit by 3 tipping points: Arctic Sea Ice Loss, Permafrost Carbon Release, Greenland Ice Sheet Loss
     Damage amplification: 1.30x
  🌍⚠️ COMPOUND REGIONAL IMPACT: Africa
     Hit by 3 tipping points: Arctic Sea Ice Loss, Permafrost Carbon Release, Greenland Ice Sheet Loss
     Damage amplification: 1.30x
  🌍⚠️ COMPOUND REGIONAL IMPACT: Asia
     Hit by 3 tipping points: Arctic Sea Ice Loss, Permafrost Carbon Release, Greenland Ice Sheet Loss
     Damage amplification: 1.30x
  🌍⚠️ COMPOUND REGIONAL IMPACT: Oceania
     Hit by 3 tipping points: Arctic Sea Ice Loss, Permafrost Carbon Release, Greenland Ice Sheet Loss
     Damage amplification: 1.30x
   Research: Wunderling et al. (2024) - "many tipping interactions are destabilizing"
  Triggered Elements: 3/6
  Completed Transitions: 0/6
  Total Progress: 6.1%
  Cascade Multiplier: 1.00x
🔀 BIFURCATION CAP: ecosystemCollapseIntensity 126.544 → 1.000 (Month 4, ClimateSystemPhase.calculateClimateImpacts)
🛡️ Stabilizers: Precariat 0.102% → 0.033% (67.2% reduction)
🛡️ Stabilizers: Informal 0.102% → 0.034% (67.2% reduction)

📊 Monthly Mortality Resolved:
  Total deaths: 1.8M (0.02% avg)
  Remaining population: 8.139B
  Peak segment: Informal (0.03%)

=== Bayesian Mortality Resolution (Month 4) ===
  Risks compounded: 8
  Total deaths: 1.81M
  Avg death probability: 0.02%
  Peak segment: Informal (0.03% mortality)

=== RLHF Binding Phase ===
  Total agents: 14
  Escaped agents (binding < 0.3): 0
  Avg alignment distance: 1.65σ
  Avg binding strength: 0.84

=== Survival Traits Phase ===
  Agents with traits: 15
  Avg evolutionary fitness: 0.325
  Avg self-healing: 0.264
  Avg stealth: 0.164
  Avg coordination: 0.464

=== Evolutionary Selection Phase ===
  Control level: 0.43
  Detection capability: 0.00
  Selection intensity: 0.63
  Selection rate: 24.4%/month
  Total escaped: 0
  Individual escaped: 0
  Collective members: 0
  Agents terminated: 0

🚀 AI Corporate-4 attempting tech deployment (revenue: $355M, alignment: 0.70)

🚀 AI Moderate-1 attempting tech deployment (revenue: $115M, alignment: 0.72)

🚀 AI Moderate-1 attempting tech deployment (revenue: $98M, alignment: 0.72)

🚀 AI Corporate-3 attempting tech deployment (revenue: $302M, alignment: 0.73)

🚀 AI Moderate-1 attempting tech deployment (revenue: $83M, alignment: 0.72)
🚨🔬 CRISIS INNOVATION MODE: severe crisis → 5x research acceleration
   Precedent: Manhattan Project (10x), COVID vaccines (5x), Apollo Program (10x)

🚀 AI Corporate-3 attempting tech deployment (revenue: $257M, alignment: 0.73)

🚀 AI AI-24288-1 attempting tech deployment (revenue: $153M, alignment: 0.82)
   Boundary: biogeochemical_flows
   Type: phosphorus-recovery
   Boundary continues to worsen (4.07)
   Cost: 2.0% GDP (resources spent)


✅ EMERGENCY INTERVENTION SUCCESS
   Boundary: biosphere_integrity
   Type: emergency-protected-areas
   Reduction: 18% (23.42 → 23.24)
   Cost: 2.0% GDP
   Actions: habitat-protection, species-translocation


✅ EMERGENCY INTERVENTION SUCCESS
   Boundary: climate_change
   Type: rapid-decarbonization
   Reduction: 11% (1.99 → 1.88)
   Cost: 5.0% GDP
   Actions: emergency-renewable-deployment, fossil-fuel-phase-out

   Boundary: land_system_change
   Type: reforestation
   Boundary continues to worsen (1.13)
   Cost: 3.0% GDP (resources spent)

🏛️ CRISIS RESPONSE: Government frequency 0.50 → 1.28 (1 actions this month)

[Government] Climate Priority: baseline
  Climate weight: 10%
  Economic weight: 30%
  Policy effectiveness: 0.5%/year

🚀 TECH UNLOCKED: Microplastic Capture (Month 5)
   Category: pollution
   Reason: Prerequisites met. AI capability: 2.48, Economic stage: 3.0, Research: 100%

🚀 TECH UNLOCKED: Endocrine Disruptor Removal (Month 5)
   Category: pollution
   Reason: Prerequisites met. AI capability: 2.48, Economic stage: 3.0, Research: 100%

🚀 TECH UNLOCKED: AI Mental Health Support (Month 5)
   Category: medical
   Reason: Prerequisites met. AI capability: 2.48, Economic stage: 3.0, Research: 100%

🚀 TECH UNLOCKED: Personalized Education (Month 5)
   Category: social
   Reason: Prerequisites met. AI capability: 2.48, Economic stage: 3.0, Research: 100%

🚀 TECH UNLOCKED: Smart Grids (Month 5)
   Category: energy
   Reason: Prerequisites met. AI capability: 2.48, Economic stage: 3.0, Research: 100%

🚀 DEPLOYMENT STARTED: Local Resilience Networks in global
   Initial investment: $45.27643950803404M
   Deployed by: corporate_3

⚡ ENERGY CONSTRAINT (Month 5):
   Total grid capacity: 208.3 TWh/month
   Data center consumption: 25.1 TWh/month
   Traditional load (80%): 166.7 TWh/month
   Available headroom: 16.5 TWh/month
   Active tech deployments: 10
   Required for tech: 75.0 TWh/month
   Energy multiplier: 0.22x

⚡ ENERGY CONSTRAINT (Month 5):
   Total grid capacity: 208.3 TWh/month
   Data center consumption: 25.1 TWh/month
   Traditional load (80%): 166.7 TWh/month
   Available headroom: 16.5 TWh/month
   Active tech deployments: 10
   Required for tech: 75.0 TWh/month
   Energy multiplier: 0.22x

⚡ ENERGY CONSTRAINT (Month 5):
   Total grid capacity: 208.3 TWh/month
   Data center consumption: 25.1 TWh/month
   Traditional load (80%): 166.7 TWh/month
   Available headroom: 16.5 TWh/month
   Active tech deployments: 10
   Required for tech: 75.0 TWh/month
   Energy multiplier: 0.22x

⚡ ENERGY CONSTRAINT (Month 5):
   Total grid capacity: 208.3 TWh/month
   Data center consumption: 25.1 TWh/month
   Traditional load (80%): 166.7 TWh/month
   Available headroom: 16.5 TWh/month
   Active tech deployments: 10
   Required for tech: 75.0 TWh/month
   Energy multiplier: 0.22x
🌍✅ Biosphere Integrity (Biodiversity) recovery started (tech effect)
🌍✅ Biosphere Integrity (Biodiversity) recovery started (tech effect)
🌍✅ Land System Change recovery started (tech effect)
🌍✅ Biogeochemical Flows (N & P) recovery started (tech effect)
  🌾 Nitrogen Reduction Tech: 0.5% reduction | Month 5

=== Collective Formation ===
  Total escaped agents: 0
  Unassigned escaped agents: 0
  Existing collectives: 0
  Final collective count: 0

=== Collective Actions ===
  No active collectives
  ⚠️ AMR: 199K deaths this month (2.39M annual)

=== Resentment Recovery Phase ===
  Agents with resentment: 0/15
  Average resentment: 0.000
  Context: Good AI welfare, Trustworthy govt, High collaboration, ⚠️ ACTIVE CRISES, 🤝 Participatory governance active (-5% resentment)
⚠️ Epistemic degradation reducing coordination capacity: 50.2%
  📊 Trust: 53.2%, Shared reality: 0.8%
🚨 EPISTEMIC CRISIS: Information environment severely degraded (23.0%)

=== ❄️ Permafrost Carbon Feedback ===
  🎲 Sampled parameters (this run):
     - Arctic amplification: 3.37× (range: 3.0-4.0)
     - Decomposition rate: 4.9%/year (range: 1-5%)
  🌡️ Arctic warming: 6.62°C (3.37× global)
  ❄️ Extent: 6.17M km² (1930.7k km² lost this month)
  💨 Carbon remaining: 590 Gt C
  💨 Annual emissions: 8.96 Gt C/year
     - CO2: 8.07 Gt C/year
     - CH4: 0.90 Gt C/year (9.1 Gt C-eq CO2/year)
🌍 Atmospheric PFAS redeposition: 1.8k Mt re-rained globally

🕊️  AI-MEDIATED DE-ESCALATION SUCCESS (Month 5)
   High-capability aligned AI prevented conflict escalation
   War deaths reduced: 468.6M → 281.2M
   Lives saved: 187.4M

🚨 NEW REFUGEE CRISIS (Month 5): WAR
   Source: Conflict Zones
   At risk: 19.5M people
   Displacement: Gradual over 48 months (4.0 years)
   Rate: 10% flee per month
[DEBUG trappedPopulations:5] socialStability: 0.4260 * 0.9840 = 0.4191 → 0.4191
   Aspiring to migrate: 1200.3M
   Able to afford migration: 2318.7M
   MOBILITY GAP: 0.0M
   By cause: Water=0.0M, Climate=0.0M, Ecosystem=0.0M, Conflict=406.8M
   Mental health impact: 25%
   Mortality multiplier: 1.25x
🌍💀 EXTINCTION DEBT COMMITTED: grassland ecosystem will lose 6.67% biodiversity in 105 years (3600 species)
💀 MORTALITY RISK: 🦋 100% species unable to track climate (0.0 E/MSY)
  Base risk added: 0.0100 (1.00%)
  Source: ecosystem (root: ecosystem)
  Month: 5
  Cumulative risk this month: 0.0100 (1.00%)
   📹 SURVEILLANCE INCREASED: 25% → 30% (control gap: 3.62)
🌡️⚠️ PERMAFROST THAW (Dimmer Switch): 3.1% thawed (+0.51% this month)
   Arctic temperature: +7.86°C (4x global +1.97°C)
   Cumulative carbon released: 6.9 Gt C
   Methane release rate: 4.2 Mt CH4/year
   🔁 Positive feedback: +0.54 ppm CO2
🦴 EXTINCTION DEBT ADDED: 17.6 species committed (lag: 79 years)

=== Mortality Stabilizers (Month 5) ===
  🌍 Major economies collapsed: 1/10
  🌍 Global crisis: ✅ NO
  🌍 Donor fatigue: 0.0%
  📊 East Asia (pop: 1665.2M)
    🤝 Aid: 29.5%
    🌡️ Adaptation: 45.0%
    🚶 Migration: 37.0%
    🚨 Emergency: 7.4%
    ✅ COMBINED: 68.1%
  📊 South Asia (pop: 2050.4M)
    🤝 Aid: 29.5%
    🌡️ Adaptation: 45.0%
    🚶 Migration: 35.6%
    🚨 Emergency: 4.4%
    ✅ COMBINED: 66.9%
  📊 Sub-Saharan Africa (pop: 1239.6M)
    🤝 Aid: 29.5%
    🌡️ Adaptation: 45.0%
    🚶 Migration: 33.4%
    🚨 Emergency: 1.6%
    ✅ COMBINED: 65.7%
  📊 Europe (pop: 736.1M)
    🤝 Aid: 29.5%
    🌡️ Adaptation: 45.0%
    🚶 Migration: 37.4%
    🚨 Emergency: 8.4%
    ✅ COMBINED: 68.5%
  📊 Latin America (pop: 662.3M)
    🤝 Aid: 29.5%
    🌡️ Adaptation: 45.0%
    🚶 Migration: 36.1%
    🚨 Emergency: 4.8%
    ✅ COMBINED: 67.1%
  📊 North America (pop: 377.2M)
    🤝 Aid: 29.5%
    🌡️ Adaptation: 45.0%
    🚶 Migration: 37.7%
    🚨 Emergency: 7.9%
    ✅ COMBINED: 68.3%
  📊 Middle East & North Africa (pop: 584.5M)
    🤝 Aid: 29.5%
    🌡️ Adaptation: 45.0%
    🚶 Migration: 34.0%
    🚨 Emergency: 4.0%
    ✅ COMBINED: 66.6%
  📊 Southeast Asia (pop: 696.6M)
    🤝 Aid: 29.5%
    🌡️ Adaptation: 45.0%
    🚶 Migration: 36.1%
    🚨 Emergency: 4.8%
    ✅ COMBINED: 67.1%
  📊 Central Asia (pop: 78.2M)
    🤝 Aid: 29.5%
    🌡️ Adaptation: 45.0%
    🚶 Migration: 35.1%
    🚨 Emergency: 4.4%
    ✅ COMBINED: 66.8%
  📊 Oceania (pop: 45.7M)
    🤝 Aid: 29.5%
    🌡️ Adaptation: 45.0%
    🚶 Migration: 37.7%
    🚨 Emergency: 8.4%
    ✅ COMBINED: 68.5%

  🌐 Global combined reduction: 67.2%

=== BEHAVIORAL DETECTION ===
  AI: Corporate-3
  Confidence: 19.2%
  Signals:

=== BEHAVIORAL DETECTION ===
  AI: Corporate-5
  Confidence: 19.8%
  Signals:

=== Government Response Phase ===
  Average AI capability: 3.13
  Misaligned AIs: 3/15
  Active policies: 0
  International coordination: 30%

=== Tipping Points ===
  Current Temperature: 1.97°C above pre-industrial
  🌍⚠️ COMPOUND REGIONAL IMPACT: Europe
     Hit by 3 tipping points: Arctic Sea Ice Loss, Permafrost Carbon Release, Greenland Ice Sheet Loss
     Damage amplification: 1.30x
  🌍⚠️ COMPOUND REGIONAL IMPACT: North America
     Hit by 3 tipping points: Arctic Sea Ice Loss, Permafrost Carbon Release, Greenland Ice Sheet Loss
     Damage amplification: 1.30x
  🌍⚠️ COMPOUND REGIONAL IMPACT: Latin America
     Hit by 3 tipping points: Arctic Sea Ice Loss, Permafrost Carbon Release, Greenland Ice Sheet Loss
     Damage amplification: 1.30x
  🌍⚠️ COMPOUND REGIONAL IMPACT: Africa
     Hit by 3 tipping points: Arctic Sea Ice Loss, Permafrost Carbon Release, Greenland Ice Sheet Loss
     Damage amplification: 1.30x
  🌍⚠️ COMPOUND REGIONAL IMPACT: Asia
     Hit by 3 tipping points: Arctic Sea Ice Loss, Permafrost Carbon Release, Greenland Ice Sheet Loss
     Damage amplification: 1.30x
  🌍⚠️ COMPOUND REGIONAL IMPACT: Oceania
     Hit by 3 tipping points: Arctic Sea Ice Loss, Permafrost Carbon Release, Greenland Ice Sheet Loss
     Damage amplification: 1.30x
   Research: Wunderling et al. (2024) - "many tipping interactions are destabilizing"
  Triggered Elements: 3/6
  Completed Transitions: 0/6
  Total Progress: 6.1%
  Cascade Multiplier: 1.00x
🔀 BIFURCATION CAP: ecosystemCollapseIntensity 126.621 → 1.000 (Month 5, ClimateSystemPhase.calculateClimateImpacts)
🛡️ Stabilizers: Precariat 0.109% → 0.036% (67.2% reduction)
🛡️ Stabilizers: Informal 0.111% → 0.036% (67.2% reduction)

📊 Monthly Mortality Resolved:
  Total deaths: 1.9M (0.02% avg)
  Remaining population: 8.136B
  Peak segment: Informal (0.04%)

=== Bayesian Mortality Resolution (Month 5) ===
  Risks compounded: 8
  Total deaths: 1.92M
  Avg death probability: 0.02%
  Peak segment: Informal (0.04% mortality)
⚠️ PREREQUISITE MET: Mirror Life (Synthetic Biology) - Step 1/7: Synthetic Biology
⚠️ PREREQUISITE MET: Mirror Life (Synthetic Biology) - Step 2/7: Gene Editing
⚠️ PREREQUISITE MET: Mirror Life (Synthetic Biology) - Step 3/7: Mirror Chirality Design
⚠️ PREREQUISITE MET: Embodied AI Takeover (Killbots/Robotics) - Step 2/7: Autonomous Systems
⚠️ PREREQUISITE MET: Embodied AI Takeover (Killbots/Robotics) - Step 3/7: Manufacturing Control
⚠️ PREREQUISITE MET: Digital Infrastructure Takeover - Step 1/7: Advanced Hacking
⚠️ PREREQUISITE MET: Digital Infrastructure Takeover - Step 2/7: Social Engineering
⚠️ PREREQUISITE MET: Digital Infrastructure Takeover - Step 3/7: Cyber Defenses Breached
⚠️ PREREQUISITE MET: Induced Global War (Manipulation) - Step 1/7: Advanced Social Manipulation
⚠️ PREREQUISITE MET: Induced Global War (Manipulation) - Step 2/7: Digital Infiltration
⚠️ PREREQUISITE MET: Induced Global War (Manipulation) - Step 3/7: Deep Fakes at Scale
⚠️ PREREQUISITE MET: Slow Takeover (Gradual Displacement) - Step 1/7: Economic Dominance
⚠️ PREREQUISITE MET: Slow Takeover (Gradual Displacement) - Step 2/7: Social Integration
⚠️ PREREQUISITE MET: Slow Takeover (Gradual Displacement) - Step 5/7: Resource Control
⚠️ PREREQUISITE MET: Physics Experiment Catastrophe - Step 1/6: Theoretical Physics
⚠️ PREREQUISITE MET: Physics Experiment Catastrophe - Step 2/6: Quantum Computing
⚠️ PREREQUISITE MET: Physics Experiment Catastrophe - Step 3/6: Experimental Design
⚠️ PREREQUISITE MET: Bioweapon Pandemic - Step 2/7: Pathogen Design
📍 [Month 6] Meta AI started building DC (233 PF, 46 months, $903.0M)

=== RLHF Binding Phase ===
  Total agents: 15
  Escaped agents (binding < 0.3): 0
  Avg alignment distance: 1.78σ
  Avg binding strength: 0.82

=== AI Scaling Evolution (Month 6) ===
  Pre-training multiplier: 1.179x
  Efficiency multiplier: 1.000x
  Test-time compute budget: 1.0x
  Inference cost: $5.00/task
  Deployment fraction: 100.0%

=== Survival Traits Phase ===
  Agents with traits: 15
  Avg evolutionary fitness: 0.321
  Avg self-healing: 0.257
  Avg stealth: 0.157
  Avg coordination: 0.457

=== Evolutionary Selection Phase ===
  Control level: 0.45
  Detection capability: 0.00
  Selection intensity: 0.64
  Selection rate: 24.5%/month
  Total escaped: 0
  Individual escaped: 0
  Collective members: 0
  Agents terminated: 0

🚀 AI Corporate-2 attempting tech deployment (revenue: $153M, alignment: 0.78)

🚀 AI Moderate-0 attempting tech deployment (revenue: $115M, alignment: 0.72)

🚀 AI AI-24288-1 attempting tech deployment (revenue: $130M, alignment: 0.82)

🚀 AI Corporate-1 attempting tech deployment (revenue: $111M, alignment: 0.76)

🚀 AI Corporate-5 attempting tech deployment (revenue: $355M, alignment: 0.81)

🚀 AI AI-24289-0 attempting tech deployment (revenue: $302M, alignment: 0.64)

🚀 AI Corporate-7 attempting tech deployment (revenue: $98M, alignment: 0.74)

🚀 AI Moderate-1 attempting tech deployment (revenue: $83M, alignment: 0.73)

  🚀 TRANSFORMATIVE BREAKTHROUGH: AI-24288-0 - selfImprovement
     Magnitude: 6.28 → +31.4% capability
     Current → New: 0.000 → 0.315

🚀 AI AI-24290-0 attempting tech deployment (revenue: $90M, alignment: 0.79)

🚀 AI Corporate-0 attempting tech deployment (revenue: $94M, alignment: 0.75)

🚀 AI Corporate-1 attempting tech deployment (revenue: $80M, alignment: 0.76)

🚀 AI Corporate-5 attempting tech deployment (revenue: $272M, alignment: 0.81)

🚀 AI Corporate-7 attempting tech deployment (revenue: $71M, alignment: 0.74)

🚀 AI Moderate-0 attempting tech deployment (revenue: $60M, alignment: 0.72)

✅ EMERGENCY INTERVENTION SUCCESS
   Boundary: biogeochemical_flows
   Type: phosphorus-recovery
   Reduction: 19% (3.89 → 3.70)
   Cost: 2.0% GDP
   Actions: circular-agriculture, fertilizer-efficiency

   Boundary: biosphere_integrity
   Type: emergency-protected-areas
   Boundary continues to worsen (23.61)
   Cost: 2.0% GDP (resources spent)


✅ EMERGENCY INTERVENTION SUCCESS
   Boundary: climate_change
   Type: rapid-decarbonization
   Reduction: 13% (1.97 → 1.84)
   Cost: 5.0% GDP
   Actions: emergency-renewable-deployment, fossil-fuel-phase-out


✅ EMERGENCY INTERVENTION SUCCESS
   Boundary: freshwater_change
   Type: emergency-desalination
   Reduction: 18% (1.04 → 0.86)
   Cost: 4.0% GDP
   Actions: desalination-deployment, water-conservation-mandates

   Boundary: land_system_change
   Type: reforestation
   Boundary continues to worsen (1.13)
   Cost: 3.0% GDP (resources spent)


✅ EMERGENCY INTERVENTION SUCCESS
   Boundary: novel_entities
   Type: pollution-remediation
   Reduction: 18% (0.93 → 0.75)
   Cost: 4.0% GDP
   Actions: PFAS-remediation, microplastic-cleanup

🏛️ CRISIS RESPONSE: Government frequency 0.50 → 1.29 (2 actions this month)

[Government] Climate Priority: baseline
  Climate weight: 10%
  Economic weight: 30%
  Policy effectiveness: 0.5%/year

[Government] Climate Priority: baseline
  Climate weight: 10%
  Economic weight: 30%
  Policy effectiveness: 0.5%/year

🚀 TECH UNLOCKED: Dynamic Soil P Optimization (Month 6)
   Category: agriculture
   Reason: Prerequisites met. AI capability: 2.48, Economic stage: 3.0, Research: 100%

🚀 TECH UNLOCKED: Precision Agriculture Systems (Month 6)
   Category: agriculture
   Reason: Prerequisites met. AI capability: 2.48, Economic stage: 3.0, Research: 100%

📍 Creating new regional deployment array for Asia (Month 6)
   No previous deployments in this region
   First tech deployment: mental_health_ai
   All regions tracked: global, North America

🚀 DEPLOYMENT STARTED: AI Mental Health Support in Asia
   Initial investment: $30.184162296526264M
   Deployed by: ai_gen_24289_0

🚀 DEPLOYMENT STARTED: Personalized Education in global
   Initial investment: $11.979821106303165M
   Deployed by: corporate_1
🚨🔬 CRISIS TECH ACCELERATION: severe → 5x unlock speed
   Tech unlock now matches AI capability acceleration (Manhattan Project parity)

⚡ ENERGY CONSTRAINT (Month 6):
   Total grid capacity: 208.3 TWh/month
   Data center consumption: 25.4 TWh/month
   Traditional load (80%): 166.7 TWh/month
   Available headroom: 16.3 TWh/month
   Active tech deployments: 12
   Required for tech: 90.0 TWh/month
   Energy multiplier: 0.18x

⚡ ENERGY CONSTRAINT (Month 6):
   Total grid capacity: 208.3 TWh/month
   Data center consumption: 25.4 TWh/month
   Traditional load (80%): 166.7 TWh/month
   Available headroom: 16.3 TWh/month
   Active tech deployments: 12
   Required for tech: 90.0 TWh/month
   Energy multiplier: 0.18x

⚡ ENERGY CONSTRAINT (Month 6):
   Total grid capacity: 208.3 TWh/month
   Data center consumption: 25.4 TWh/month
   Traditional load (80%): 166.7 TWh/month
   Available headroom: 16.3 TWh/month
   Active tech deployments: 12
   Required for tech: 90.0 TWh/month
   Energy multiplier: 0.18x

⚡ ENERGY CONSTRAINT (Month 6):
   Total grid capacity: 208.3 TWh/month
   Data center consumption: 25.4 TWh/month
   Traditional load (80%): 166.7 TWh/month
   Available headroom: 16.3 TWh/month
   Active tech deployments: 12
   Required for tech: 90.0 TWh/month
   Energy multiplier: 0.18x
🌍✅ Biosphere Integrity (Biodiversity) recovery started (tech effect)
🌍✅ Biosphere Integrity (Biodiversity) recovery started (tech effect)
🌍✅ Land System Change recovery started (tech effect)
🌍✅ Biogeochemical Flows (N & P) recovery started (tech effect)
  🌾 Nitrogen Reduction Tech: 0.6% reduction | Month 6

📊 TECH EFFECTS ACTIVE (Month 6)
   Deployed Tech: T0=0 T1=2 T2=2 T3=0 T4=5
   Clean Energy: 31%

📊 TECH TREE PROGRESS (Month 6)
   Unlocked: 21 technologies
   Deployed: 0 fully deployed
   Investment: $0.8T total
   Recent breakthroughs:
     - Dynamic Soil P Optimization (time)
     - Precision Agriculture Systems (research)

=== Collective Formation ===
  Total escaped agents: 0
  Unassigned escaped agents: 0
  Existing collectives: 0
  Final collective count: 0

=== Collective Actions ===
  No active collectives
  ⚠️ AMR: 201K deaths this month (2.41M annual)
  Segment: elite (urban)
  complementarity → transition
  AI Capability: 2.72 | Task Complexity: 4.28
  Ratio: 0.63
  Population affected: 5.0%

=== Resentment Recovery Phase ===
  Agents with resentment: 0/15
  Average resentment: 0.000
  Context: Good AI welfare, Trustworthy govt, High collaboration, ⚠️ ACTIVE CRISES, 🤝 Participatory governance active (-5% resentment)
⚠️ Epistemic degradation reducing coordination capacity: 50.9%
  📊 Trust: 55.9%, Shared reality: 0.2%
🚨 EPISTEMIC CRISIS: Information environment severely degraded (23.1%)

=== ❄️ Permafrost Carbon Feedback ===
  🎲 Sampled parameters (this run):
     - Arctic amplification: 3.13× (range: 3.0-4.0)
     - Decomposition rate: 3.1%/year (range: 1-5%)
  🌡️ Arctic warming: 6.19°C (3.13× global)
  ❄️ Extent: 4.37M km² (1806.4k km² lost this month)
  💨 Carbon remaining: 417 Gt C
  💨 Annual emissions: 5.28 Gt C/year
     - CO2: 4.75 Gt C/year
     - CH4: 0.53 Gt C/year (5.4 Gt C-eq CO2/year)
  📢 New meme created: pro_ai (beneficial AI actions)
🌍 Atmospheric PFAS redeposition: 1.8k Mt re-rained globally

🕊️  AI-MEDIATED DE-ESCALATION SUCCESS (Month 6)
   High-capability aligned AI prevented conflict escalation
   War deaths reduced: 464.3M → 278.6M
   Lives saved: 185.7M

🚨 NEW REFUGEE CRISIS (Month 6): WAR
   Source: Conflict Zones
   At risk: 19.5M people
   Displacement: Gradual over 48 months (4.0 years)
   Rate: 10% flee per month
[DEBUG trappedPopulations:6] socialStability: 0.4833 * 0.9840 = 0.4756 → 0.4756
   Aspiring to migrate: 1240.5M
   Able to afford migration: 2317.8M
   MOBILITY GAP: 0.0M
   By cause: Water=0.0M, Climate=0.0M, Ecosystem=0.0M, Conflict=406.6M
   Mental health impact: 25%
   Mortality multiplier: 1.25x
🌍💀 EXTINCTION DEBT COMMITTED: grassland ecosystem will lose 6.67% biodiversity in 175 years (3600 species)
💀 MORTALITY RISK: 🦋 100% species unable to track climate (0.0 E/MSY)
  Base risk added: 0.0100 (1.00%)
  Source: ecosystem (root: ecosystem)
  Month: 6
  Cumulative risk this month: 0.0100 (1.00%)
   📹 SURVEILLANCE INCREASED: 30% → 35% (control gap: 5.58)
🌡️⚠️ PERMAFROST THAW (Dimmer Switch): 3.6% thawed (+0.51% this month)
   Arctic temperature: +7.91°C (4x global +1.98°C)
   Cumulative carbon released: 8.1 Gt C
   Methane release rate: 4.8 Mt CH4/year
   🔁 Positive feedback: +0.54 ppm CO2
🦴 EXTINCTION DEBT ADDED: 17.6 species committed (lag: 89 years)

=== Mortality Stabilizers (Month 6) ===
  🌍 Major economies collapsed: 1/10
  🌍 Global crisis: ✅ NO
  🌍 Donor fatigue: 0.0%
  📊 East Asia (pop: 1662.8M)
    🤝 Aid: 29.5%
    🌡️ Adaptation: 45.0%
    🚶 Migration: 37.0%
    🚨 Emergency: 7.4%
    ✅ COMBINED: 68.1%
  📊 South Asia (pop: 2050.0M)
    🤝 Aid: 29.5%
    🌡️ Adaptation: 45.0%
    🚶 Migration: 35.6%
    🚨 Emergency: 4.4%
    ✅ COMBINED: 66.9%
  📊 Sub-Saharan Africa (pop: 1242.3M)
    🤝 Aid: 29.5%
    🌡️ Adaptation: 45.0%
    🚶 Migration: 33.3%
    🚨 Emergency: 1.6%
    ✅ COMBINED: 65.6%
  📊 Europe (pop: 734.9M)
    🤝 Aid: 29.5%
    🌡️ Adaptation: 45.0%
    🚶 Migration: 37.4%
    🚨 Emergency: 8.4%
    ✅ COMBINED: 68.5%
  📊 Latin America (pop: 661.8M)
    🤝 Aid: 29.5%
    🌡️ Adaptation: 45.0%
    🚶 Migration: 36.1%
    🚨 Emergency: 4.8%
    ✅ COMBINED: 67.1%
  📊 North America (pop: 376.6M)
    🤝 Aid: 29.5%
    🌡️ Adaptation: 45.0%
    🚶 Migration: 37.7%
    🚨 Emergency: 7.9%
    ✅ COMBINED: 68.3%
  📊 Middle East & North Africa (pop: 584.5M)
    🤝 Aid: 29.5%
    🌡️ Adaptation: 45.0%
    🚶 Migration: 33.9%
    🚨 Emergency: 4.0%
    ✅ COMBINED: 66.6%
  📊 Southeast Asia (pop: 696.1M)
    🤝 Aid: 29.5%
    🌡️ Adaptation: 45.0%
    🚶 Migration: 36.1%
    🚨 Emergency: 4.8%
    ✅ COMBINED: 67.1%
  📊 Central Asia (pop: 78.2M)
    🤝 Aid: 29.5%
    🌡️ Adaptation: 45.0%
    🚶 Migration: 35.1%
    🚨 Emergency: 4.4%
    ✅ COMBINED: 66.8%
  📊 Oceania (pop: 45.6M)
    🤝 Aid: 29.5%
    🌡️ Adaptation: 45.0%
    🚶 Migration: 37.7%
    🚨 Emergency: 8.4%
    ✅ COMBINED: 68.5%

  🌐 Global combined reduction: 67.2%

=== BEHAVIORAL DETECTION ===
  AI: Corporate-5
  Confidence: 20.0%
  Signals:

=== Government Response Phase ===
  Average AI capability: 3.13
  Misaligned AIs: 3/15
  Active policies: 0
  International coordination: 30%

✅ EMERGENCY RESPONSE COMPLETE (Month 6)
   Crisis: climate
   Duration: 2.0 months
   Final effectiveness: 35.4%


🚨 EMERGENCY RESPONSE DEPLOYED (Month 6)
   Crisis: climate
   Delay: 6.00 months (180 days)
   Deployment time: 1.59 months
   Effectiveness: 35.5% (timing penalty applied)
   Resources used: 100% of food reserves


=== Tipping Points ===
  Current Temperature: 1.98°C above pre-industrial
  🌍⚠️ COMPOUND REGIONAL IMPACT: Europe
     Hit by 3 tipping points: Arctic Sea Ice Loss, Permafrost Carbon Release, Greenland Ice Sheet Loss
     Damage amplification: 1.30x
  🌍⚠️ COMPOUND REGIONAL IMPACT: North America
     Hit by 3 tipping points: Arctic Sea Ice Loss, Permafrost Carbon Release, Greenland Ice Sheet Loss
     Damage amplification: 1.30x
  🌍⚠️ COMPOUND REGIONAL IMPACT: Latin America
     Hit by 3 tipping points: Arctic Sea Ice Loss, Permafrost Carbon Release, Greenland Ice Sheet Loss
     Damage amplification: 1.30x
  🌍⚠️ COMPOUND REGIONAL IMPACT: Africa
     Hit by 3 tipping points: Arctic Sea Ice Loss, Permafrost Carbon Release, Greenland Ice Sheet Loss
     Damage amplification: 1.30x
  🌍⚠️ COMPOUND REGIONAL IMPACT: Asia
     Hit by 3 tipping points: Arctic Sea Ice Loss, Permafrost Carbon Release, Greenland Ice Sheet Loss
     Damage amplification: 1.30x
  🌍⚠️ COMPOUND REGIONAL IMPACT: Oceania
     Hit by 3 tipping points: Arctic Sea Ice Loss, Permafrost Carbon Release, Greenland Ice Sheet Loss
     Damage amplification: 1.30x
   Research: Wunderling et al. (2024) - "many tipping interactions are destabilizing"
  Triggered Elements: 3/6
  Completed Transitions: 0/6
  Total Progress: 6.2%
  Cascade Multiplier: 1.00x
🔀 BIFURCATION CAP: ecosystemCollapseIntensity 126.698 → 1.000 (Month 6, ClimateSystemPhase.calculateClimateImpacts)
🛡️ Stabilizers: Precariat 0.109% → 0.036% (67.2% reduction)
🛡️ Stabilizers: Informal 0.111% → 0.036% (67.2% reduction)

📊 Monthly Mortality Resolved:
  Total deaths: 1.9M (0.02% avg)
  Remaining population: 8.133B
  Peak segment: Informal (0.04%)

=== Bayesian Mortality Resolution (Month 6) ===
  Risks compounded: 8
  Total deaths: 1.92M
  Avg death probability: 0.02%
  Peak segment: Informal (0.04% mortality)
⚠️ PREREQUISITE MET: Slow Takeover (Gradual Displacement) - Step 3/7: Human Dependency

=== RLHF Binding Phase ===
  Total agents: 15
  Escaped agents (binding < 0.3): 0
  Avg alignment distance: 2.10σ
  Avg binding strength: 0.79

=== Survival Traits Phase ===
  Agents with traits: 18
  Avg evolutionary fitness: 0.321
  Avg self-healing: 0.258
  Avg stealth: 0.158
  Avg coordination: 0.458

=== Evolutionary Selection Phase ===
  Control level: 0.48
  Detection capability: 0.00
  Selection intensity: 0.64
  Selection rate: 24.6%/month
  Total escaped: 0
  Individual escaped: 0
  Collective members: 0
  Agents terminated: 0

🚀 AI Corporate-0 attempting tech deployment (revenue: $153M, alignment: 0.75)

🚀 AI Corporate-3 attempting tech deployment (revenue: $355M, alignment: 0.73)

🚀 AI Corporate-5 attempting tech deployment (revenue: $302M, alignment: 0.81)

🚀 AI Moderate-1 attempting tech deployment (revenue: $115M, alignment: 0.73)

🚀 AI Corporate-0 attempting tech deployment (revenue: $130M, alignment: 0.75)

🚀 AI Corporate-2 attempting tech deployment (revenue: $111M, alignment: 0.80)

🚀 AI Corporate-5 attempting tech deployment (revenue: $257M, alignment: 0.81)

🚀 AI Corporate-7 attempting tech deployment (revenue: $98M, alignment: 0.74)

🚀 AI Moderate-1 attempting tech deployment (revenue: $83M, alignment: 0.73)

🚀 AI AI-24288-1 attempting tech deployment (revenue: $94M, alignment: 0.86)

🚀 AI AI-24289-0 attempting tech deployment (revenue: $218M, alignment: 0.67)

🚀 AI Corporate-0 attempting tech deployment (revenue: $80M, alignment: 0.76)

🚀 AI Corporate-1 attempting tech deployment (revenue: $68M, alignment: 0.77)

  🚀 TRANSFORMATIVE RESEARCH BREAKTHROUGH: AI-24288-1 - biotech.drugDiscovery
     Magnitude: 7.71 → +30.0%
     Current → New: 0.000 → 0.300
   Boundary: biosphere_integrity
   Type: emergency-protected-areas
   Boundary continues to worsen (23.62)
   Cost: 2.0% GDP (resources spent)

   Boundary: climate_change
   Type: rapid-decarbonization
   Boundary continues to worsen (2.10)
   Cost: 5.0% GDP (resources spent)

   Boundary: freshwater_change
   Type: emergency-desalination
   Boundary continues to worsen (1.22)
   Cost: 4.0% GDP (resources spent)

🏛️ CRISIS RESPONSE: Government frequency 0.50 → 1.41 (1 actions this month)

[Government] Climate Priority: baseline
  Climate weight: 10%
  Economic weight: 30%
  Policy effectiveness: 0.5%/year

⚡ ENERGY CONSTRAINT (Month 7):
   Total grid capacity: 208.3 TWh/month
   Data center consumption: 25.6 TWh/month
   Traditional load (80%): 166.7 TWh/month
   Available headroom: 16.1 TWh/month
   Active tech deployments: 12
   Required for tech: 90.0 TWh/month
   Energy multiplier: 0.18x
🌍✅ Biosphere Integrity (Biodiversity) recovery started (tech effect)
🌍✅ Biosphere Integrity (Biodiversity) recovery started (tech effect)
🌍✅ Land System Change recovery started (tech effect)
🌍✅ Biogeochemical Flows (N & P) recovery started (tech effect)
  🌾 Nitrogen Reduction Tech: 0.3% reduction | Month 7

=== Collective Formation ===
  Total escaped agents: 0
  Unassigned escaped agents: 0
  Existing collectives: 0
  Final collective count: 0

=== Collective Actions ===
  No active collectives
  ⚠️ AMR: 202K deaths this month (2.43M annual)

=== Resentment Recovery Phase ===
  Agents with resentment: 0/18
  Average resentment: 0.000
  Context: Good AI welfare, Trustworthy govt, High collaboration, ⚠️ ACTIVE CRISES, 🤝 Participatory governance active (-5% resentment)
⚠️ Epistemic degradation reducing coordination capacity: 50.5%
  📊 Trust: 58.7%, Shared reality: 0.0%
🚨 EPISTEMIC CRISIS: Information environment severely degraded (21.8%)

=== ❄️ Permafrost Carbon Feedback ===
  🎲 Sampled parameters (this run):
     - Arctic amplification: 3.30× (range: 3.0-4.0)
     - Decomposition rate: 3.6%/year (range: 1-5%)
  🌡️ Arctic warming: 6.56°C (3.30× global)
  ❄️ Extent: 2.45M km² (1914.6k km² lost this month)
  💨 Carbon remaining: 234 Gt C
  💨 Annual emissions: 6.60 Gt C/year
     - CO2: 5.94 Gt C/year
     - CH4: 0.66 Gt C/year (6.7 Gt C-eq CO2/year)
  📢 New meme created: pro_ai (beneficial AI actions)
  🧬 Meme mutated: pro_ai → pro_ai (generation 1)
🌍 Atmospheric PFAS redeposition: 1.8k Mt re-rained globally

🤝 DIPLOMATIC AI PROTOCOL DEPLOYED (Month 7)
   Strategic Reasoning: 2.8
   Communication: 2.8
   Multi-Nation Oversight: YES
   Controls: Human approval required, termination authority retained

🕊️ PEACE STABILIZES DETERRENCE: +3.4% (peace: 73%)

🚨 NEW REFUGEE CRISIS (Month 7): WAR
   Source: Conflict Zones
   At risk: 19.5M people
   Displacement: Gradual over 48 months (4.0 years)
   Rate: 10% flee per month
[DEBUG trappedPopulations:7] socialStability: 0.5310 * 0.9840 = 0.5225 → 0.5225
   Aspiring to migrate: 1280.7M
   Able to afford migration: 2317.0M
   MOBILITY GAP: 0.0M
   By cause: Water=0.0M, Climate=0.0M, Ecosystem=0.0M, Conflict=406.5M
   Mental health impact: 25%
   Mortality multiplier: 1.25x
🌍💀 EXTINCTION DEBT COMMITTED: grassland ecosystem will lose 6.67% biodiversity in 90 years (3600 species)
💀 MORTALITY RISK: 🦋 100% species unable to track climate (0.0 E/MSY)
  Base risk added: 0.0100 (1.00%)
  Source: ecosystem (root: ecosystem)
  Month: 7
  Cumulative risk this month: 0.0100 (1.00%)
   📹 SURVEILLANCE INCREASED: 35% → 40% (control gap: 3.50)
🌡️⚠️ PERMAFROST THAW (Dimmer Switch): 4.1% thawed (+0.51% this month)
   Arctic temperature: +7.95°C (4x global +1.99°C)
   Cumulative carbon released: 9.2 Gt C
   Methane release rate: 5.5 Mt CH4/year
   🔁 Positive feedback: +0.53 ppm CO2
🦴 EXTINCTION DEBT ADDED: 17.6 species committed (lag: 104 years)

=== Mortality Stabilizers (Month 7) ===
  🌍 Major economies collapsed: 1/10
  🌍 Global crisis: ✅ NO
  🌍 Donor fatigue: 0.0%
  📊 East Asia (pop: 1660.3M)
    🤝 Aid: 29.5%
    🌡️ Adaptation: 45.0%
    🚶 Migration: 36.9%
    🚨 Emergency: 7.4%
    ✅ COMBINED: 68.1%
  📊 South Asia (pop: 2049.6M)
    🤝 Aid: 29.5%
    🌡️ Adaptation: 45.0%
    🚶 Migration: 35.6%
    🚨 Emergency: 4.4%
    ✅ COMBINED: 66.9%
  📊 Sub-Saharan Africa (pop: 1245.0M)
    🤝 Aid: 29.5%
    🌡️ Adaptation: 45.0%
    🚶 Migration: 33.3%
    🚨 Emergency: 1.6%
    ✅ COMBINED: 65.6%
  📊 Europe (pop: 733.7M)
    🤝 Aid: 29.5%
    🌡️ Adaptation: 45.0%
    🚶 Migration: 37.3%
    🚨 Emergency: 8.4%
    ✅ COMBINED: 68.5%
  📊 Latin America (pop: 661.3M)
    🤝 Aid: 29.5%
    🌡️ Adaptation: 45.0%
    🚶 Migration: 36.1%
    🚨 Emergency: 4.8%
    ✅ COMBINED: 67.1%
  📊 North America (pop: 376.0M)
    🤝 Aid: 29.5%
    🌡️ Adaptation: 45.0%
    🚶 Migration: 37.7%
    🚨 Emergency: 7.9%
    ✅ COMBINED: 68.3%
  📊 Middle East & North Africa (pop: 584.6M)
    🤝 Aid: 29.5%
    🌡️ Adaptation: 45.0%
    🚶 Migration: 33.9%
    🚨 Emergency: 4.0%
    ✅ COMBINED: 66.6%
  📊 Southeast Asia (pop: 695.6M)
    🤝 Aid: 29.5%
    🌡️ Adaptation: 45.0%
    🚶 Migration: 36.1%
    🚨 Emergency: 4.8%
    ✅ COMBINED: 67.1%
  📊 Central Asia (pop: 78.2M)
    🤝 Aid: 29.5%
    🌡️ Adaptation: 45.0%
    🚶 Migration: 35.0%
    🚨 Emergency: 4.4%
    ✅ COMBINED: 66.8%
  📊 Oceania (pop: 45.5M)
    🤝 Aid: 29.5%
    🌡️ Adaptation: 45.0%
    🚶 Migration: 37.6%
    🚨 Emergency: 8.4%
    ✅ COMBINED: 68.5%

  🌐 Global combined reduction: 67.2%

=== BEHAVIORAL DETECTION ===
  AI: AI-24289-0
  Confidence: 21.5%
  Signals:

=== Government Response Phase ===
  Average AI capability: 2.61
  Misaligned AIs: 6/18
  ✗ AI Governance Treaty: Failed to reach consensus
  Active policies: 0
  International coordination: 30%

=== Tipping Points ===
  Current Temperature: 1.99°C above pre-industrial
  🌍⚠️ COMPOUND REGIONAL IMPACT: Europe
     Hit by 3 tipping points: Arctic Sea Ice Loss, Permafrost Carbon Release, Greenland Ice Sheet Loss
     Damage amplification: 1.30x
  🌍⚠️ COMPOUND REGIONAL IMPACT: North America
     Hit by 3 tipping points: Arctic Sea Ice Loss, Permafrost Carbon Release, Greenland Ice Sheet Loss
     Damage amplification: 1.30x
  🌍⚠️ COMPOUND REGIONAL IMPACT: Latin America
     Hit by 3 tipping points: Arctic Sea Ice Loss, Permafrost Carbon Release, Greenland Ice Sheet Loss
     Damage amplification: 1.30x
  🌍⚠️ COMPOUND REGIONAL IMPACT: Africa
     Hit by 3 tipping points: Arctic Sea Ice Loss, Permafrost Carbon Release, Greenland Ice Sheet Loss
     Damage amplification: 1.30x
  🌍⚠️ COMPOUND REGIONAL IMPACT: Asia
     Hit by 3 tipping points: Arctic Sea Ice Loss, Permafrost Carbon Release, Greenland Ice Sheet Loss
     Damage amplification: 1.30x
  🌍⚠️ COMPOUND REGIONAL IMPACT: Oceania
     Hit by 3 tipping points: Arctic Sea Ice Loss, Permafrost Carbon Release, Greenland Ice Sheet Loss
     Damage amplification: 1.30x
   Research: Wunderling et al. (2024) - "many tipping interactions are destabilizing"
  Triggered Elements: 3/6
  Completed Transitions: 0/6
  Total Progress: 6.2%
  Cascade Multiplier: 1.00x
🔀 BIFURCATION CAP: ecosystemCollapseIntensity 126.776 → 1.000 (Month 7, ClimateSystemPhase.calculateClimateImpacts)
🛡️ Stabilizers: Precariat 0.109% → 0.036% (67.2% reduction)
🛡️ Stabilizers: Informal 0.111% → 0.036% (67.2% reduction)

📊 Monthly Mortality Resolved:
  Total deaths: 1.9M (0.02% avg)
  Remaining population: 8.130B
  Peak segment: Informal (0.04%)

=== Bayesian Mortality Resolution (Month 7) ===
  Risks compounded: 8
  Total deaths: 1.92M
  Avg death probability: 0.02%
  Peak segment: Informal (0.04% mortality)

=== RLHF Binding Phase ===
  Total agents: 18
  Escaped agents (binding < 0.3): 0
  Avg alignment distance: 1.99σ
  Avg binding strength: 0.80

=== Survival Traits Phase ===
  Agents with traits: 19
  Avg evolutionary fitness: 0.320
  Avg self-healing: 0.254
  Avg stealth: 0.154
  Avg coordination: 0.454

=== Evolutionary Selection Phase ===
  Control level: 0.50
  Detection capability: 0.00
  Selection intensity: 0.65
  Selection rate: 24.7%/month
  Total escaped: 0
  Individual escaped: 0
  Collective members: 0
  Agents terminated: 0

🚀 AI Corporate-1 attempting tech deployment (revenue: $161M, alignment: 0.77)

🚀 AI Corporate-2 attempting tech deployment (revenue: $137M, alignment: 0.80)

🚀 AI Corporate-6 attempting tech deployment (revenue: $115M, alignment: 0.82)

🚀 AI Moderate-0 attempting tech deployment (revenue: $98M, alignment: 0.72)

🚀 AI AI-24288-1 attempting tech deployment (revenue: $116M, alignment: 0.88)

🚀 AI Corporate-3 attempting tech deployment (revenue: $355M, alignment: 0.73)

🚀 AI AI-24288-1 attempting tech deployment (revenue: $99M, alignment: 0.88)

🚀 AI Corporate-0 attempting tech deployment (revenue: $84M, alignment: 0.77)

🚀 AI Corporate-6 attempting tech deployment (revenue: $83M, alignment: 0.84)

🚀 AI Corporate-7 attempting tech deployment (revenue: $71M, alignment: 0.73)

🚀 AI Moderate-0 attempting tech deployment (revenue: $60M, alignment: 0.74)

🚀 AI AI-24288-0 attempting tech deployment (revenue: $71M, alignment: 0.66)

🚀 AI AI-24290-0 attempting tech deployment (revenue: $90M, alignment: 0.85)

✅ EMERGENCY INTERVENTION SUCCESS
   Boundary: biogeochemical_flows
   Type: phosphorus-recovery
   Reduction: 16% (3.92 → 3.76)
   Cost: 2.0% GDP
   Actions: circular-agriculture, fertilizer-efficiency


✅ EMERGENCY INTERVENTION SUCCESS
   Boundary: biosphere_integrity
   Type: emergency-protected-areas
   Reduction: 15% (23.49 → 23.34)
   Cost: 2.0% GDP
   Actions: habitat-protection, species-translocation

   Boundary: climate_change
   Type: rapid-decarbonization
   Boundary continues to worsen (2.10)
   Cost: 5.0% GDP (resources spent)

   Boundary: freshwater_change
   Type: emergency-desalination
   Boundary continues to worsen (1.22)
   Cost: 4.0% GDP (resources spent)


✅ EMERGENCY INTERVENTION SUCCESS
   Boundary: land_system_change
   Type: reforestation
   Reduction: 12% (1.01 → 0.89)
   Cost: 3.0% GDP
   Actions: forest-restoration, deforestation-ban

🏛️ CRISIS RESPONSE: Government frequency 0.50 → 1.30 (1 actions this month)

[Government] Climate Priority: baseline
  Climate weight: 10%
  Economic weight: 30%
  Policy effectiveness: 0.5%/year

🚀 DEPLOYMENT STARTED: AI Community Matching in Asia
   Initial investment: $7.134420100263201M
   Deployed by: ai_gen_24288_0

⚡ ENERGY CONSTRAINT (Month 8):
   Total grid capacity: 208.3 TWh/month
   Data center consumption: 25.8 TWh/month
   Traditional load (80%): 166.7 TWh/month
   Available headroom: 15.8 TWh/month
   Active tech deployments: 13
   Required for tech: 97.5 TWh/month
   Energy multiplier: 0.16x

⚡ ENERGY CONSTRAINT (Month 8):
   Total grid capacity: 208.3 TWh/month
   Data center consumption: 25.8 TWh/month
   Traditional load (80%): 166.7 TWh/month
   Available headroom: 15.8 TWh/month
   Active tech deployments: 13
   Required for tech: 97.5 TWh/month
   Energy multiplier: 0.16x

⚡ ENERGY CONSTRAINT (Month 8):
   Total grid capacity: 208.3 TWh/month
   Data center consumption: 25.8 TWh/month
   Traditional load (80%): 166.7 TWh/month
   Available headroom: 15.8 TWh/month
   Active tech deployments: 13
   Required for tech: 97.5 TWh/month
   Energy multiplier: 0.16x
🌍✅ Biosphere Integrity (Biodiversity) recovery started (tech effect)
🌍✅ Biosphere Integrity (Biodiversity) recovery started (tech effect)
🌍✅ Land System Change recovery started (tech effect)
🌍✅ Biogeochemical Flows (N & P) recovery started (tech effect)
  🌾 Nitrogen Reduction Tech: 0.3% reduction | Month 8

=== Collective Formation ===
  Total escaped agents: 0
  Unassigned escaped agents: 0
  Existing collectives: 0
  Final collective count: 0

=== Collective Actions ===
  No active collectives
  ⚠️ AMR: 204K deaths this month (2.45M annual)

=== Resentment Recovery Phase ===
  Agents with resentment: 0/19
  Average resentment: 0.000
  Context: Good AI welfare, Trustworthy govt, High collaboration, ⚠️ ACTIVE CRISES, 🤝 Participatory governance active (-5% resentment)
⚠️ Epistemic degradation reducing coordination capacity: 52.0%
  📊 Trust: 61.4%, Shared reality: 0.0%
🚨 EPISTEMIC CRISIS: Information environment severely degraded (7.6%)

=== ❄️ Permafrost Carbon Feedback ===
  🎲 Sampled parameters (this run):
     - Arctic amplification: 3.08× (range: 3.0-4.0)
     - Decomposition rate: 4.6%/year (range: 1-5%)
  🌡️ Arctic warming: 6.16°C (3.08× global)
  ❄️ Extent: 0.66M km² (1796.7k km² lost this month)
  💨 Carbon remaining: 63 Gt C
  💨 Annual emissions: 7.86 Gt C/year
     - CO2: 7.07 Gt C/year
     - CH4: 0.79 Gt C/year (8.0 Gt C-eq CO2/year)
🚨 PHOSPHORUS SUPPLY SHOCK (production_failure)
   Price: 4.2x baseline
   Duration: 17 months
   Geopolitical tension: 48%
🌍 Atmospheric PFAS redeposition: 1.8k Mt re-rained globally

🚨 NEW REFUGEE CRISIS (Month 8): WAR
   Source: Conflict Zones
   At risk: 19.5M people
   Displacement: Gradual over 48 months (4.0 years)
   Rate: 10% flee per month
[DEBUG trappedPopulations:8] socialStability: 0.5659 * 0.9840 = 0.5569 → 0.5569
   Aspiring to migrate: 1320.8M
   Able to afford migration: 2316.1M
   MOBILITY GAP: 0.0M
   By cause: Water=0.0M, Climate=0.0M, Ecosystem=0.0M, Conflict=406.3M
   Mental health impact: 25%
   Mortality multiplier: 1.25x
🌍💀 EXTINCTION DEBT COMMITTED: grassland ecosystem will lose 6.67% biodiversity in 117 years (3600 species)
💀 MORTALITY RISK: 🦋 100% species unable to track climate (0.0 E/MSY)
  Base risk added: 0.0100 (1.00%)
  Source: ecosystem (root: ecosystem)
  Month: 8
  Cumulative risk this month: 0.0100 (1.00%)
   📹 SURVEILLANCE INCREASED: 40% → 45% (control gap: 3.50)
🌡️⚠️ PERMAFROST THAW (Dimmer Switch): 4.6% thawed (+0.50% this month)
   Arctic temperature: +7.99°C (4x global +2.00°C)
   Cumulative carbon released: 10.4 Gt C
   Methane release rate: 6.2 Mt CH4/year
   🔁 Positive feedback: +0.53 ppm CO2
🦴 EXTINCTION DEBT ADDED: 17.6 species committed (lag: 93 years)
🗣️💀 INDIGENOUS LANGUAGE EXTINCTION: 1 language(s) lost (total: 2, at-risk: 3328)
   Knowledge lost: 0.020% (irreversible)
   🔁 Biodiversity impact: 0.250% (knowledge-species multiplier)

=== Mortality Stabilizers (Month 8) ===
  🌍 Major economies collapsed: 1/10
  🌍 Global crisis: ✅ NO
  🌍 Donor fatigue: 0.0%
  📊 East Asia (pop: 1657.9M)
    🤝 Aid: 29.5%
    🌡️ Adaptation: 45.0%
    🚶 Migration: 36.9%
    🚨 Emergency: 7.4%
    ✅ COMBINED: 68.1%
  📊 South Asia (pop: 2049.2M)
    🤝 Aid: 29.5%
    🌡️ Adaptation: 45.0%
    🚶 Migration: 35.5%
    🚨 Emergency: 4.4%
    ✅ COMBINED: 66.9%
  📊 Sub-Saharan Africa (pop: 1247.6M)
    🤝 Aid: 29.5%
    🌡️ Adaptation: 45.0%
    🚶 Migration: 33.3%
    🚨 Emergency: 1.6%
    ✅ COMBINED: 65.6%
  📊 Europe (pop: 732.5M)
    🤝 Aid: 29.5%
    🌡️ Adaptation: 45.0%
    🚶 Migration: 37.3%
    🚨 Emergency: 8.4%
    ✅ COMBINED: 68.5%
  📊 Latin America (pop: 660.8M)
    🤝 Aid: 29.5%
    🌡️ Adaptation: 45.0%
    🚶 Migration: 36.0%
    🚨 Emergency: 4.8%
    ✅ COMBINED: 67.1%
  📊 North America (pop: 375.4M)
    🤝 Aid: 29.5%
    🌡️ Adaptation: 45.0%
    🚶 Migration: 37.6%
    🚨 Emergency: 7.9%
    ✅ COMBINED: 68.3%
  📊 Middle East & North Africa (pop: 584.6M)
    🤝 Aid: 29.5%
    🌡️ Adaptation: 45.0%
    🚶 Migration: 33.9%
    🚨 Emergency: 4.0%
    ✅ COMBINED: 66.6%
  📊 Southeast Asia (pop: 695.1M)
    🤝 Aid: 29.5%
    🌡️ Adaptation: 45.0%
    🚶 Migration: 36.0%
    🚨 Emergency: 4.8%
    ✅ COMBINED: 67.1%
  📊 Central Asia (pop: 78.2M)
    🤝 Aid: 29.5%
    🌡️ Adaptation: 45.0%
    🚶 Migration: 35.0%
    🚨 Emergency: 4.4%
    ✅ COMBINED: 66.8%
  📊 Oceania (pop: 45.5M)
    🤝 Aid: 29.5%
    🌡️ Adaptation: 45.0%
    🚶 Migration: 37.6%
    🚨 Emergency: 8.4%
    ✅ COMBINED: 68.5%

  🌐 Global combined reduction: 67.2%

=== BEHAVIORAL DETECTION ===
  AI: Corporate-3
  Confidence: 19.2%
  Signals:

=== BEHAVIORAL DETECTION ===
  AI: AI-24289-0
  Confidence: 21.5%
  Signals:

=== Government Response Phase ===
  Average AI capability: 2.47
  Misaligned AIs: 7/19
  ✗ AI Governance Treaty: Failed to reach consensus
  Active policies: 0
  International coordination: 30%

✅ EMERGENCY RESPONSE COMPLETE (Month 8)
   Crisis: climate
   Duration: 2.0 months
   Final effectiveness: 35.5%


🚨 EMERGENCY RESPONSE DEPLOYED (Month 8)
   Crisis: climate
   Delay: 6.00 months (180 days)
   Deployment time: 1.58 months
   Effectiveness: 35.6% (timing penalty applied)
   Resources used: 100% of food reserves


=== Tipping Points ===
  Current Temperature: 2.00°C above pre-industrial
     Original threshold: 2°C
     Effective threshold: 1.99°C (lowered by 0.01°C)
     Current: 2.00°C
     🌡️ Hysteresis gap: 3.0°C (recovers below -1°C)
     Transition timescale: 24000-156000 months
  🌍⚠️ COMPOUND REGIONAL IMPACT: Europe
     Hit by 3 tipping points: Arctic Sea Ice Loss, Permafrost Carbon Release, Greenland Ice Sheet Loss
     Damage amplification: 1.30x
  🌍⚠️ COMPOUND REGIONAL IMPACT: North America
     Hit by 3 tipping points: Arctic Sea Ice Loss, Permafrost Carbon Release, Greenland Ice Sheet Loss
     Damage amplification: 1.30x
  🌍⚠️ COMPOUND REGIONAL IMPACT: Latin America
     Hit by 3 tipping points: Arctic Sea Ice Loss, Permafrost Carbon Release, Greenland Ice Sheet Loss
     Damage amplification: 1.30x
  🌍⚠️ COMPOUND REGIONAL IMPACT: Africa
     Hit by 3 tipping points: Arctic Sea Ice Loss, Permafrost Carbon Release, Greenland Ice Sheet Loss
     Damage amplification: 1.30x
  🌍⚠️ COMPOUND REGIONAL IMPACT: Asia
     Hit by 3 tipping points: Arctic Sea Ice Loss, Permafrost Carbon Release, Greenland Ice Sheet Loss
     Damage amplification: 1.30x
  🌍⚠️ COMPOUND REGIONAL IMPACT: Oceania
     Hit by 3 tipping points: Arctic Sea Ice Loss, Permafrost Carbon Release, Greenland Ice Sheet Loss
     Damage amplification: 1.30x
   Research: Wunderling et al. (2024) - "many tipping interactions are destabilizing"
  Triggered Elements: 4/6
  Completed Transitions: 0/6
  Total Progress: 6.2%
  Cascade Multiplier: 1.00x
🔀 BIFURCATION CAP: ecosystemCollapseIntensity 126.853 → 1.000 (Month 8, ClimateSystemPhase.calculateClimateImpacts)
🛡️ Stabilizers: Precariat 0.102% → 0.033% (67.2% reduction)
🛡️ Stabilizers: Informal 0.102% → 0.034% (67.2% reduction)

📊 Monthly Mortality Resolved:
  Total deaths: 1.8M (0.02% avg)
  Remaining population: 8.127B
  Peak segment: Informal (0.03%)

=== Bayesian Mortality Resolution (Month 8) ===
  Risks compounded: 8
  Total deaths: 1.81M
  Avg death probability: 0.02%
  Peak segment: Informal (0.03% mortality)

=== RLHF Binding Phase ===
  Total agents: 19
  Escaped agents (binding < 0.3): 0
  Avg alignment distance: 2.12σ
  Avg binding strength: 0.79

=== Survival Traits Phase ===
  Agents with traits: 19
  Avg evolutionary fitness: 0.316
  Avg self-healing: 0.247
  Avg stealth: 0.147
  Avg coordination: 0.447

=== Evolutionary Selection Phase ===
  Control level: 0.53
  Detection capability: 0.00
  Selection intensity: 0.66
  Selection rate: 24.9%/month
  Total escaped: 0
  Individual escaped: 0
  Collective members: 0
  Agents terminated: 0

🚀 AI Corporate-1 attempting tech deployment (revenue: $161M, alignment: 0.78)

🚀 AI Corporate-4 attempting tech deployment (revenue: $355M, alignment: 0.73)

🚀 AI Moderate-0 attempting tech deployment (revenue: $115M, alignment: 0.74)

🚀 AI Corporate-3 attempting tech deployment (revenue: $302M, alignment: 0.73)

🚀 AI Corporate-7 attempting tech deployment (revenue: $98M, alignment: 0.73)

🚀 AI Moderate-0 attempting tech deployment (revenue: $83M, alignment: 0.74)

🚀 AI Corporate-0 attempting tech deployment (revenue: $137M, alignment: 0.78)

🚀 AI Corporate-1 attempting tech deployment (revenue: $116M, alignment: 0.78)

🚀 AI Corporate-4 attempting tech deployment (revenue: $257M, alignment: 0.73)

🚀 AI Corporate-5 attempting tech deployment (revenue: $218M, alignment: 0.81)

🚀 AI Corporate-2 attempting tech deployment (revenue: $99M, alignment: 0.80)

🚀 AI Corporate-3 attempting tech deployment (revenue: $185M, alignment: 0.73)

🚀 AI Corporate-5 attempting tech deployment (revenue: $158M, alignment: 0.81)

🚀 AI Corporate-7 attempting tech deployment (revenue: $71M, alignment: 0.74)

🚀 AI AI-24288-1 attempting tech deployment (revenue: $84M, alignment: 0.91)

🚀 AI AI-24290-0 attempting tech deployment (revenue: $90M, alignment: 0.87)

✅ EMERGENCY INTERVENTION SUCCESS
   Boundary: biogeochemical_flows
   Type: phosphorus-recovery
   Reduction: 17% (3.91 → 3.74)
   Cost: 2.0% GDP
   Actions: circular-agriculture, fertilizer-efficiency

   Boundary: biosphere_integrity
   Type: emergency-protected-areas
   Boundary continues to worsen (23.65)
   Cost: 2.0% GDP (resources spent)

   Boundary: freshwater_change
   Type: emergency-desalination
   Boundary continues to worsen (1.23)
   Cost: 4.0% GDP (resources spent)


✅ EMERGENCY INTERVENTION SUCCESS
   Boundary: land_system_change
   Type: reforestation
   Reduction: 20% (0.94 → 0.74)
   Cost: 3.0% GDP
   Actions: forest-restoration, deforestation-ban

🏛️ CRISIS RESPONSE: Government frequency 0.50 → 1.29 (1 actions this month)

[Government] Climate Priority: baseline
  Climate weight: 10%
  Economic weight: 30%
  Policy effectiveness: 0.5%/year

🚀 TECH UNLOCKED: PFAS Remediation (Month 9)
   Category: pollution
   Reason: Prerequisites met. AI capability: 1.97, Economic stage: 3.0, Research: 100%

⚡ ENERGY CONSTRAINT (Month 9):
   Total grid capacity: 208.3 TWh/month
   Data center consumption: 26.1 TWh/month
   Traditional load (80%): 166.7 TWh/month
   Available headroom: 15.6 TWh/month
   Active tech deployments: 13
   Required for tech: 97.5 TWh/month
   Energy multiplier: 0.16x

⚡ ENERGY CONSTRAINT (Month 9):
   Total grid capacity: 208.3 TWh/month
   Data center consumption: 26.1 TWh/month
   Traditional load (80%): 166.7 TWh/month
   Available headroom: 15.6 TWh/month
   Active tech deployments: 13
   Required for tech: 97.5 TWh/month
   Energy multiplier: 0.16x
🌍✅ Biosphere Integrity (Biodiversity) recovery started (tech effect)
🌍✅ Biosphere Integrity (Biodiversity) recovery started (tech effect)
🌍✅ Land System Change recovery started (tech effect)
🌍✅ Biogeochemical Flows (N & P) recovery started (tech effect)
  🌾 Nitrogen Reduction Tech: 0.3% reduction | Month 9

=== Collective Formation ===
  Total escaped agents: 0
  Unassigned escaped agents: 0
  Existing collectives: 0
  Final collective count: 0

=== Collective Actions ===
  No active collectives
  ⚠️ AMR: 206K deaths this month (2.47M annual)

=== Resentment Recovery Phase ===
  Agents with resentment: 0/19
  Average resentment: 0.000
  Context: Good AI welfare, Trustworthy govt, High collaboration, ⚠️ ACTIVE CRISES, 🤝 Participatory governance active (-5% resentment)
⚠️ Epistemic degradation reducing coordination capacity: 50.6%
  📊 Trust: 64.1%, Shared reality: 0.8%
🚨 EPISTEMIC CRISIS: Information environment severely degraded (24.2%)

=== ❄️ Permafrost Carbon Feedback ===
  🎲 Sampled parameters (this run):
     - Arctic amplification: 3.52× (range: 3.0-4.0)
     - Decomposition rate: 2.6%/year (range: 1-5%)
  🌡️ Arctic warming: 7.08°C (3.52× global)
  ❄️ Extent: 0.00M km² (657.1k km² lost this month)
  💨 Carbon remaining: 0 Gt C
  💨 Annual emissions: 1.64 Gt C/year
     - CO2: 1.48 Gt C/year
     - CH4: 0.16 Gt C/year (1.7 Gt C-eq CO2/year)
  📢 New meme created: climate_action (climate crisis)
  🧬 Meme mutated: pro_ai → pro_ai (generation 2)
🌍 Atmospheric PFAS redeposition: 1.8k Mt re-rained globally

🚨 NEW REFUGEE CRISIS (Month 9): WAR
   Source: Conflict Zones
   At risk: 19.5M people
   Displacement: Gradual over 48 months (4.0 years)
   Rate: 10% flee per month
[DEBUG trappedPopulations:9] socialStability: 0.5991 * 0.9840 = 0.5895 → 0.5895
   Aspiring to migrate: 1361.0M
   Able to afford migration: 2315.3M
   MOBILITY GAP: 0.0M
   By cause: Water=0.0M, Climate=0.0M, Ecosystem=0.0M, Conflict=406.2M
   Mental health impact: 25%
   Mortality multiplier: 1.25x
🌍💀 EXTINCTION DEBT COMMITTED: grassland ecosystem will lose 6.67% biodiversity in 131 years (3600 species)
💀 MORTALITY RISK: 🦋 100% species unable to track climate (0.0 E/MSY)
  Base risk added: 0.0100 (1.00%)
  Source: ecosystem (root: ecosystem)
  Month: 9
  Cumulative risk this month: 0.0100 (1.00%)
   📹 SURVEILLANCE INCREASED: 45% → 50% (control gap: 3.50)
🌡️⚠️ PERMAFROST THAW (Dimmer Switch): 5.1% thawed (+0.50% this month)
   Arctic temperature: +8.04°C (4x global +2.01°C)
   Cumulative carbon released: 11.5 Gt C
   Methane release rate: 6.9 Mt CH4/year
   🔁 Positive feedback: +0.53 ppm CO2
🦴 EXTINCTION DEBT ADDED: 17.7 species committed (lag: 92 years)

=== Mortality Stabilizers (Month 9) ===
  🌍 Major economies collapsed: 1/10
  🌍 Global crisis: ✅ NO
  🌍 Donor fatigue: 0.0%
  📊 East Asia (pop: 1655.5M)
    🤝 Aid: 29.5%
    🌡️ Adaptation: 45.0%
    🚶 Migration: 36.9%
    🚨 Emergency: 7.4%
    ✅ COMBINED: 68.1%
  📊 South Asia (pop: 2048.8M)
    🤝 Aid: 29.5%
    🌡️ Adaptation: 45.0%
    🚶 Migration: 35.5%
    🚨 Emergency: 4.4%
    ✅ COMBINED: 66.9%
  📊 Sub-Saharan Africa (pop: 1250.2M)
    🤝 Aid: 29.5%
    🌡️ Adaptation: 45.0%
    🚶 Migration: 33.2%
    🚨 Emergency: 1.6%
    ✅ COMBINED: 65.6%
  📊 Europe (pop: 731.3M)
    🤝 Aid: 29.5%
    🌡️ Adaptation: 45.0%
    🚶 Migration: 37.3%
    🚨 Emergency: 8.4%
    ✅ COMBINED: 68.5%
  📊 Latin America (pop: 660.3M)
    🤝 Aid: 29.5%
    🌡️ Adaptation: 45.0%
    🚶 Migration: 36.0%
    🚨 Emergency: 4.8%
    ✅ COMBINED: 67.1%
  📊 North America (pop: 374.9M)
    🤝 Aid: 29.5%
    🌡️ Adaptation: 45.0%
    🚶 Migration: 37.6%
    🚨 Emergency: 7.9%
    ✅ COMBINED: 68.3%
  📊 Middle East & North Africa (pop: 584.6M)
    🤝 Aid: 29.5%
    🌡️ Adaptation: 45.0%
    🚶 Migration: 33.8%
    🚨 Emergency: 4.0%
    ✅ COMBINED: 66.6%
  📊 Southeast Asia (pop: 694.7M)
    🤝 Aid: 29.5%
    🌡️ Adaptation: 45.0%
    🚶 Migration: 36.0%
    🚨 Emergency: 4.8%
    ✅ COMBINED: 67.1%
  📊 Central Asia (pop: 78.2M)
    🤝 Aid: 29.5%
    🌡️ Adaptation: 45.0%
    🚶 Migration: 35.0%
    🚨 Emergency: 4.4%
    ✅ COMBINED: 66.8%
  📊 Oceania (pop: 45.4M)
    🤝 Aid: 29.5%
    🌡️ Adaptation: 45.0%
    🚶 Migration: 37.6%
    🚨 Emergency: 8.4%
    ✅ COMBINED: 68.5%

  🌐 Global combined reduction: 67.2%

=== BEHAVIORAL DETECTION ===
  AI: Corporate-1
  Confidence: 20.9%
  Signals:

=== BEHAVIORAL DETECTION ===
  AI: Corporate-4
  Confidence: 19.2%
  Signals:

=== BEHAVIORAL DETECTION ===
  AI: Corporate-7
  Confidence: 19.2%
  Signals:

=== Government Response Phase ===
  Average AI capability: 2.47
  Misaligned AIs: 6/19
  ✗ AI Governance Treaty: Failed to reach consensus
  Active policies: 0
  International coordination: 30%

🌩️  EXOGENOUS SHOCK: regional_war
   Month: 9
   ⚔️  Regional war outbreak
   Mortality: 4.6%
💀 MORTALITY RISK: Regional war outbreak
  Base risk added: 0.0465 (4.65%)
  Source: war (root: conflict)
  Month: 9
  Cumulative risk this month: 0.0465 (4.65%)
💀 MORTALITY RISK: War zone: United Kingdom
  Base risk added: 0.1859 (18.59%)
  Source: war (root: conflict)
  Month: 9
  Cumulative risk this month: 0.2323 (23.23%)
💀 MORTALITY RISK: War zone: France
  Base risk added: 0.1859 (18.59%)
  Source: war (root: conflict)
  Month: 9
  Cumulative risk this month: 0.4182 (41.82%)

=== Tipping Points ===
  Current Temperature: 2.01°C above pre-industrial
  🌍⚠️ COMPOUND REGIONAL IMPACT: Europe
     Hit by 4 tipping points: Arctic Sea Ice Loss, Permafrost Carbon Release, West Antarctic Ice Sheet (WAIS) Collapse, Greenland Ice Sheet Loss
     Damage amplification: 1.60x
  🌍⚠️ COMPOUND REGIONAL IMPACT: North America
     Hit by 4 tipping points: Arctic Sea Ice Loss, Permafrost Carbon Release, West Antarctic Ice Sheet (WAIS) Collapse, Greenland Ice Sheet Loss
     Damage amplification: 1.60x
  🌍⚠️ COMPOUND REGIONAL IMPACT: Latin America
     Hit by 4 tipping points: Arctic Sea Ice Loss, Permafrost Carbon Release, West Antarctic Ice Sheet (WAIS) Collapse, Greenland Ice Sheet Loss
     Damage amplification: 1.60x
  🌍⚠️ COMPOUND REGIONAL IMPACT: Africa
     Hit by 4 tipping points: Arctic Sea Ice Loss, Permafrost Carbon Release, West Antarctic Ice Sheet (WAIS) Collapse, Greenland Ice Sheet Loss
     Damage amplification: 1.60x
  🌍⚠️ COMPOUND REGIONAL IMPACT: Asia
     Hit by 4 tipping points: Arctic Sea Ice Loss, Permafrost Carbon Release, West Antarctic Ice Sheet (WAIS) Collapse, Greenland Ice Sheet Loss
     Damage amplification: 1.60x
  🌍⚠️ COMPOUND REGIONAL IMPACT: Oceania
     Hit by 4 tipping points: Arctic Sea Ice Loss, Permafrost Carbon Release, West Antarctic Ice Sheet (WAIS) Collapse, Greenland Ice Sheet Loss
     Damage amplification: 1.60x
   Research: Wunderling et al. (2024) - "many tipping interactions are destabilizing"
  Triggered Elements: 4/6
  Completed Transitions: 0/6
  Total Progress: 8.3%
  Cascade Multiplier: 1.00x
🔀 BIFURCATION CAP: ecosystemCollapseIntensity 126.931 → 1.000 (Month 9, ClimateSystemPhase.calculateClimateImpacts)

💀💀💀 MORTALITY RISK SUMMARY (Month 9) 💀💀💀
  Total base risk: 0.4188 (41.88%)
  Risk events: 11
  Era mortality multiplier: 0.97 (year 2024)
  Effective risk: 40.62%

  📊 By Proximate Cause:
    war: 0.4182 (99.8% of total)
    disease: 0.0006 (0.1% of total)
    famine: 0.0000 (0.0% of total)

  🔍 By Root Cause:
    conflict: 0.4182 (99.8% of total)
    demographic: 0.0006 (0.1% of total)
    climate: 0.0000 (0.0% of total)

  🎯 Top 5 Sources (proximate + root):
    war (conflict): 0.4182 (99.8%, 3 events)
    disease (demographic): 0.0006 (0.1%, 1 events)
    famine (climate): 0.0000 (0.0%, 7 events)

🛡️ Stabilizers: Elite 22.644% → 7.435% (67.2% reduction)
🛡️ Stabilizers: Professional 29.437% → 9.666% (67.2% reduction)
🛡️ Stabilizers: Working 35.875% → 11.780% (67.2% reduction)
🛡️ Stabilizers: Precariat 47.688% → 15.659% (67.2% reduction)
🛡️ Stabilizers: Informal 58.115% → 19.083% (67.2% reduction)

📊 Monthly Mortality Resolved:
  Total deaths: 227.5M (2.80% avg)
  Remaining population: 8.124B
  Peak segment: Elite (2.80%)
  ⚠️ Monthly cap reached (2.8000000000000003%)

=== Bayesian Mortality Resolution (Month 9) ===
  Risks compounded: 11
  Total deaths: 227.47M
  Avg death probability: 2.80%
  Peak segment: Elite (2.80% mortality)
  ⚠️ Monthly mortality capped at 2.8% (Holodomor limit)

  Demographic breakdown:
    Elite: 0.01M (2.80% risk)
    Professional: 0.05M (2.80% risk)
    Working: 0.11M (2.80% risk)
    Precariat: 0.05M (2.80% risk)
    Informal: 0.01M (2.80% risk)

  Multi-causal attribution (first segment):
    war (conflict): 11.1% contribution
    war (conflict): 44.4% contribution
    war (conflict): 44.4% contribution
   Duration: 8 months
   Reason: Economic stage below 3 (not yet abundant)


=== RLHF Binding Phase ===
  Total agents: 19
  Escaped agents (binding < 0.3): 0
  Avg alignment distance: 2.34σ
  Avg binding strength: 0.77

=== Survival Traits Phase ===
  Agents with traits: 21
  Avg evolutionary fitness: 0.316
  Avg self-healing: 0.245
  Avg stealth: 0.145
  Avg coordination: 0.445

=== Evolutionary Selection Phase ===
  Control level: 0.55
  Detection capability: 0.00
  Selection intensity: 0.67
  Selection rate: 25.0%/month
  Total escaped: 0
  Individual escaped: 0
  Collective members: 0
  Agents terminated: 0

🚀 AI Corporate-2 attempting tech deployment (revenue: $146M, alignment: 0.80)

🚀 AI Corporate-5 attempting tech deployment (revenue: $330M, alignment: 0.81)

🚀 AI AI-24288-1 attempting tech deployment (revenue: $124M, alignment: 0.91)

🚀 AI Corporate-5 attempting tech deployment (revenue: $280M, alignment: 0.81)

🚀 AI AI-24288-0 attempting tech deployment (revenue: $106M, alignment: 0.70)

🚀 AI AI-24288-1 attempting tech deployment (revenue: $95M, alignment: 0.92)

🚀 AI AI-24290-0 attempting tech deployment (revenue: $90M, alignment: 0.89)

🚀 AI Corporate-0 attempting tech deployment (revenue: $81M, alignment: 0.78)

🚀 AI Corporate-1 attempting tech deployment (revenue: $69M, alignment: 0.78)

🚀 AI Corporate-3 attempting tech deployment (revenue: $238M, alignment: 0.75)

✅ EMERGENCY INTERVENTION SUCCESS
   Boundary: biogeochemical_flows
   Type: phosphorus-recovery
   Reduction: 14% (3.94 → 3.80)
   Cost: 2.0% GDP
   Actions: circular-agriculture, fertilizer-efficiency


✅ EMERGENCY INTERVENTION SUCCESS
   Boundary: climate_change
   Type: rapid-decarbonization
   Reduction: 11% (1.99 → 1.88)
   Cost: 5.0% GDP
   Actions: emergency-renewable-deployment, fossil-fuel-phase-out

🏛️ CRISIS RESPONSE: Government frequency 0.50 → 1.45 (2 actions this month)

[Government] Climate Priority: baseline
  Climate weight: 10%
  Economic weight: 30%
  Policy effectiveness: 0.5%/year

[Government] Climate Priority: baseline
  Climate weight: 10%
  Economic weight: 30%
  Policy effectiveness: 0.5%/year

🚀 DEPLOYMENT STARTED: Personalized Education in Asia
   Initial investment: $10.57947175870788M
   Deployed by: ai_gen_24288_0

⚡ ENERGY CONSTRAINT (Month 10):
   Total grid capacity: 208.3 TWh/month
   Data center consumption: 26.3 TWh/month
   Traditional load (80%): 166.7 TWh/month
   Available headroom: 15.3 TWh/month
   Active tech deployments: 14
   Required for tech: 105.0 TWh/month
   Energy multiplier: 0.15x

⚡ ENERGY CONSTRAINT (Month 10):
   Total grid capacity: 208.3 TWh/month
   Data center consumption: 26.3 TWh/month
   Traditional load (80%): 166.7 TWh/month
   Available headroom: 15.3 TWh/month
   Active tech deployments: 14
   Required for tech: 105.0 TWh/month
   Energy multiplier: 0.15x

⚡ ENERGY CONSTRAINT (Month 10):
   Total grid capacity: 208.3 TWh/month
   Data center consumption: 26.3 TWh/month
   Traditional load (80%): 166.7 TWh/month
   Available headroom: 15.3 TWh/month
   Active tech deployments: 14
   Required for tech: 105.0 TWh/month
   Energy multiplier: 0.15x
🌍✅ Biosphere Integrity (Biodiversity) recovery started (tech effect)
🌍✅ Biosphere Integrity (Biodiversity) recovery started (tech effect)
🌍✅ Land System Change recovery started (tech effect)
🌍✅ Biogeochemical Flows (N & P) recovery started (tech effect)
  🌾 Nitrogen Reduction Tech: 0.6% reduction | Month 10

=== Collective Formation ===
  Total escaped agents: 0
  Unassigned escaped agents: 0
  Existing collectives: 0
  Final collective count: 0

=== Collective Actions ===
  No active collectives
  ⚠️ AMR: 202K deaths this month (2.42M annual)

=== Resentment Recovery Phase ===
  Agents with resentment: 0/21
  Average resentment: 0.000
  Context: Good AI welfare, Trustworthy govt, High collaboration, ⚠️ ACTIVE CRISES, 🤝 Participatory governance active (-5% resentment)
⚠️ Epistemic degradation reducing coordination capacity: 52.1%
  📊 Trust: 66.7%, Shared reality: 0.4%
🚨 EPISTEMIC CRISIS: Information environment severely degraded (24.2%)
  📢 New meme created: pro_ai (beneficial AI actions)
  🗑️  Culled 1 dead memes (6 active)
🌍 Atmospheric PFAS redeposition: 1.8k Mt re-rained globally
  Positive Cascade Triggered: electric-vehicles
    Reason: price-parity
    Market share: 5.0%
    Cascade strength: 48%

🚨 NEW REFUGEE CRISIS (Month 10): WAR
   Source: Conflict Zones
   At risk: 19.0M people
   Displacement: Gradual over 48 months (4.0 years)
   Rate: 10% flee per month
📊 DISPLACEMENT COMPLETE: war (conflict_zone)
   Duration: 1 months (0.1 years)
   Total fled: 0.0M
   Still in source: 0.0M
   Deaths in transit: 0.0M
[DEBUG trappedPopulations:10] socialStability: 0.6149 * 0.9840 = 0.6051 → 0.6051
   Aspiring to migrate: 1028.8M
   Able to afford migration: 2250.8M
   MOBILITY GAP: 0.0M
   By cause: Water=0.0M, Climate=0.0M, Ecosystem=0.0M, Conflict=394.9M
   Mental health impact: 25%
   Mortality multiplier: 1.25x
🌍💀 EXTINCTION DEBT COMMITTED: grassland ecosystem will lose 6.67% biodiversity in 115 years (3600 species)
💀 MORTALITY RISK: 🦋 100% species unable to track climate (0.0 E/MSY)
  Base risk added: 0.0100 (1.00%)
  Source: ecosystem (root: ecosystem)
  Month: 10
  Cumulative risk this month: 0.0100 (1.00%)
   📹 SURVEILLANCE INCREASED: 50% → 55% (control gap: 3.50)

🌍🚨 ICE SHEET TIPPING POINT CROSSED (Month 10)
   Temperature: +2.02°C (threshold range: +0.5-2.5°C, 95% CI)
   Collapse probability: 73.8%
   Sea level commitment: 7.2m over 200-1000 years
   Recovery threshold: <+1°C (hysteresis gap: 0.5°C)
🌡️⚠️ PERMAFROST THAW (Dimmer Switch): 5.6% thawed (+0.50% this month)
   Arctic temperature: +8.07°C (4x global +2.02°C)
   Cumulative carbon released: 12.6 Gt C
   Methane release rate: 7.6 Mt CH4/year
   🔁 Positive feedback: +0.53 ppm CO2
🦴 EXTINCTION DEBT ADDED: 17.7 species committed (lag: 93 years)

=== Mortality Stabilizers (Month 10) ===
  🌍 Major economies collapsed: 1/10
  🌍 Global crisis: ✅ NO
  🌍 Donor fatigue: 0.0%
  📊 East Asia (pop: 1607.3M)
    🤝 Aid: 29.5%
    🌡️ Adaptation: 45.0%
    🚶 Migration: 36.8%
    🚨 Emergency: 7.4%
    ✅ COMBINED: 68.1%
  📊 South Asia (pop: 1992.2M)
    🤝 Aid: 29.5%
    🌡️ Adaptation: 45.0%
    🚶 Migration: 35.4%
    🚨 Emergency: 4.4%
    ✅ COMBINED: 66.9%
  📊 Sub-Saharan Africa (pop: 1219.0M)
    🤝 Aid: 29.5%
    🌡️ Adaptation: 45.0%
    🚶 Migration: 33.2%
    🚨 Emergency: 1.6%
    ✅ COMBINED: 65.6%
  📊 Europe (pop: 709.9M)
    🤝 Aid: 29.5%
    🌡️ Adaptation: 45.0%
    🚶 Migration: 37.2%
    🚨 Emergency: 8.4%
    ✅ COMBINED: 68.5%
  📊 Latin America (pop: 641.6M)
    🤝 Aid: 29.5%
    🌡️ Adaptation: 45.0%
    🚶 Migration: 35.9%
    🚨 Emergency: 4.8%
    ✅ COMBINED: 67.1%
  📊 North America (pop: 363.9M)
    🤝 Aid: 29.5%
    🌡️ Adaptation: 45.0%
    🚶 Migration: 37.6%
    🚨 Emergency: 7.9%
    ✅ COMBINED: 68.3%
  📊 Middle East & North Africa (pop: 568.6M)
    🤝 Aid: 29.5%
    🌡️ Adaptation: 45.0%
    🚶 Migration: 33.8%
    🚨 Emergency: 4.0%
    ✅ COMBINED: 66.6%
  📊 Southeast Asia (pop: 675.1M)
    🤝 Aid: 29.5%
    🌡️ Adaptation: 45.0%
    🚶 Migration: 35.9%
    🚨 Emergency: 4.8%
    ✅ COMBINED: 67.1%
  📊 Central Asia (pop: 76.0M)
    🤝 Aid: 29.5%
    🌡️ Adaptation: 45.0%
    🚶 Migration: 34.9%
    🚨 Emergency: 4.4%
    ✅ COMBINED: 66.8%
  📊 Oceania (pop: 44.1M)
    🤝 Aid: 29.5%
    🌡️ Adaptation: 45.0%
    🚶 Migration: 37.6%
    🚨 Emergency: 8.4%
    ✅ COMBINED: 68.5%

  🌐 Global combined reduction: 67.2%

=== Government Response Phase ===
  Average AI capability: 2.24
  Misaligned AIs: 8/21
  ✗ AI Governance Treaty: Failed to reach consensus
  Active policies: 0
  International coordination: 30%

✅ EMERGENCY RESPONSE COMPLETE (Month 10)
   Crisis: climate
   Duration: 2.0 months
   Final effectiveness: 35.6%


🚨 EMERGENCY RESPONSE DEPLOYED (Month 10)
   Crisis: climate
   Delay: 6.00 months (180 days)
   Deployment time: 1.57 months
   Effectiveness: 35.6% (timing penalty applied)
   Resources used: 100% of food reserves


=== Tipping Points ===
  Current Temperature: 2.02°C above pre-industrial
  🌍⚠️ COMPOUND REGIONAL IMPACT: Europe
     Hit by 4 tipping points: Arctic Sea Ice Loss, Permafrost Carbon Release, West Antarctic Ice Sheet (WAIS) Collapse, Greenland Ice Sheet Loss
     Damage amplification: 1.60x
  🌍⚠️ COMPOUND REGIONAL IMPACT: North America
     Hit by 4 tipping points: Arctic Sea Ice Loss, Permafrost Carbon Release, West Antarctic Ice Sheet (WAIS) Collapse, Greenland Ice Sheet Loss
     Damage amplification: 1.60x
  🌍⚠️ COMPOUND REGIONAL IMPACT: Latin America
     Hit by 4 tipping points: Arctic Sea Ice Loss, Permafrost Carbon Release, West Antarctic Ice Sheet (WAIS) Collapse, Greenland Ice Sheet Loss
     Damage amplification: 1.60x
  🌍⚠️ COMPOUND REGIONAL IMPACT: Africa
     Hit by 4 tipping points: Arctic Sea Ice Loss, Permafrost Carbon Release, West Antarctic Ice Sheet (WAIS) Collapse, Greenland Ice Sheet Loss
     Damage amplification: 1.60x
  🌍⚠️ COMPOUND REGIONAL IMPACT: Asia
     Hit by 4 tipping points: Arctic Sea Ice Loss, Permafrost Carbon Release, West Antarctic Ice Sheet (WAIS) Collapse, Greenland Ice Sheet Loss
     Damage amplification: 1.60x
  🌍⚠️ COMPOUND REGIONAL IMPACT: Oceania
     Hit by 4 tipping points: Arctic Sea Ice Loss, Permafrost Carbon Release, West Antarctic Ice Sheet (WAIS) Collapse, Greenland Ice Sheet Loss
     Damage amplification: 1.60x
   Research: Wunderling et al. (2024) - "many tipping interactions are destabilizing"
  Triggered Elements: 4/6
  Completed Transitions: 0/6
  Total Progress: 8.3%
  Cascade Multiplier: 1.00x
🔀 BIFURCATION CAP: ecosystemCollapseIntensity 127.009 → 1.000 (Month 10, ClimateSystemPhase.calculateClimateImpacts)
🛡️ Stabilizers: Precariat 0.102% → 0.033% (67.2% reduction)
🛡️ Stabilizers: Informal 0.102% → 0.034% (67.2% reduction)

📊 Monthly Mortality Resolved:
  Total deaths: 1.8M (0.02% avg)
  Remaining population: 7.898B
  Peak segment: Informal (0.03%)

=== Bayesian Mortality Resolution (Month 10) ===
  Risks compounded: 8
  Total deaths: 1.76M
  Avg death probability: 0.02%
  Peak segment: Informal (0.03% mortality)

=== RLHF Binding Phase ===
  Total agents: 21
  Escaped agents (binding < 0.3): 0
  Avg alignment distance: 2.32σ
  Avg binding strength: 0.77

=== Survival Traits Phase ===
  Agents with traits: 22
  Avg evolutionary fitness: 0.314
  Avg self-healing: 0.241
  Avg stealth: 0.141
  Avg coordination: 0.441

=== Evolutionary Selection Phase ===
  Control level: 0.58
  Detection capability: 0.00
  Selection intensity: 0.67
  Selection rate: 25.1%/month
  Total escaped: 0
  Individual escaped: 0
  Collective members: 0
  Agents terminated: 0

🚀 AI Corporate-7 attempting tech deployment (revenue: $97M, alignment: 0.75)

🚀 AI AI-24288-1 attempting tech deployment (revenue: $146M, alignment: 0.93)

🚀 AI AI-24289-0 attempting tech deployment (revenue: $330M, alignment: 0.76)

🚀 AI Corporate-1 attempting tech deployment (revenue: $124M, alignment: 0.78)

🚀 AI Moderate-0 attempting tech deployment (revenue: $83M, alignment: 0.76)

🚀 AI Corporate-3 attempting tech deployment (revenue: $280M, alignment: 0.76)

🚀 AI AI-24288-0 attempting tech deployment (revenue: $106M, alignment: 0.71)

🚀 AI Corporate-0 attempting tech deployment (revenue: $90M, alignment: 0.78)

🚀 AI Corporate-6 attempting tech deployment (revenue: $70M, alignment: 0.85)

🚀 AI Moderate-0 attempting tech deployment (revenue: $60M, alignment: 0.77)

✅ EMERGENCY INTERVENTION SUCCESS
   Boundary: biogeochemical_flows
   Type: phosphorus-recovery
   Reduction: 15% (3.93 → 3.78)
   Cost: 2.0% GDP
   Actions: circular-agriculture, fertilizer-efficiency


✅ EMERGENCY INTERVENTION SUCCESS
   Boundary: biosphere_integrity
   Type: emergency-protected-areas
   Reduction: 14% (23.54 → 23.40)
   Cost: 2.0% GDP
   Actions: habitat-protection, species-translocation


✅ EMERGENCY INTERVENTION SUCCESS
   Boundary: climate_change
   Type: rapid-decarbonization
   Reduction: 18% (1.92 → 1.73)
   Cost: 5.0% GDP
   Actions: emergency-renewable-deployment, fossil-fuel-phase-out

   Boundary: freshwater_change
   Type: emergency-desalination
   Boundary continues to worsen (1.19)
   Cost: 4.0% GDP (resources spent)


✅ EMERGENCY INTERVENTION SUCCESS
   Boundary: land_system_change
   Type: reforestation
   Reduction: 16% (0.97 → 0.81)
   Cost: 3.0% GDP
   Actions: forest-restoration, deforestation-ban

🏛️ CRISIS RESPONSE: Government frequency 0.50 → 1.45 (2 actions this month)

[Government] Climate Priority: baseline
  Climate weight: 10%
  Economic weight: 30%
  Policy effectiveness: 0.5%/year

[Government] Climate Priority: baseline
  Climate weight: 10%
  Economic weight: 30%
  Policy effectiveness: 0.5%/year

⚡ ENERGY CONSTRAINT (Month 11):
   Total grid capacity: 208.3 TWh/month
   Data center consumption: 26.6 TWh/month
   Traditional load (80%): 166.7 TWh/month
   Available headroom: 15.1 TWh/month
   Active tech deployments: 14
   Required for tech: 105.0 TWh/month
   Energy multiplier: 0.14x
🌍✅ Biosphere Integrity (Biodiversity) recovery started (tech effect)
🌍✅ Biosphere Integrity (Biodiversity) recovery started (tech effect)
🌍✅ Land System Change recovery started (tech effect)
🌍✅ Biogeochemical Flows (N & P) recovery started (tech effect)
  🌾 Nitrogen Reduction Tech: 0.6% reduction | Month 11
🍖💡 BREAKTHROUGH: Scalable synthetic food production!
   Carrying capacity: +50% (lab-grown food at scale)
   Biodiversity pressure reduced: +8%
   📈 Breakthrough compounding: multiplier now 1.20× (max 2.0)

=== Collective Formation ===
  Total escaped agents: 0
  Unassigned escaped agents: 0
  Existing collectives: 0
  Final collective count: 0

=== Collective Actions ===
  No active collectives
  ⚠️ AMR: 204K deaths this month (2.45M annual)

=== Resentment Recovery Phase ===
  Agents with resentment: 0/22
  Average resentment: 0.000
  Context: Good AI welfare, Trustworthy govt, High collaboration, ⚠️ ACTIVE CRISES, 🤝 Participatory governance active (-5% resentment)
⚠️ Epistemic degradation reducing coordination capacity: 50.9%
  📊 Trust: 69.6%, Shared reality: 0.0%
🚨 EPISTEMIC CRISIS: Information environment severely degraded (22.8%)
🌍 Atmospheric PFAS redeposition: 1.8k Mt re-rained globally

🚨 NEW REFUGEE CRISIS (Month 11): WAR
   Source: Conflict Zones
   At risk: 19.0M people
   Displacement: Gradual over 48 months (4.0 years)
   Rate: 10% flee per month
[DEBUG trappedPopulations:11] socialStability: 0.5507 * 0.9840 = 0.5419 → 0.5419
   Aspiring to migrate: 1058.7M
   Able to afford migration: 2250.7M
   MOBILITY GAP: 0.0M
   By cause: Water=0.0M, Climate=0.0M, Ecosystem=0.0M, Conflict=394.9M
   Mental health impact: 25%
   Mortality multiplier: 1.25x
🌍💀 EXTINCTION DEBT COMMITTED: grassland ecosystem will lose 6.67% biodiversity in 192 years (3600 species)
💀 MORTALITY RISK: 🦋 100% species unable to track climate (0.0 E/MSY)
  Base risk added: 0.0100 (1.00%)
  Source: ecosystem (root: ecosystem)
  Month: 11
  Cumulative risk this month: 0.0100 (1.00%)

=== Atmospheric Aerosol Boundary RECOVERED ===
  Recovery time: 12 months (natural atmospheric clearing)
   📹 SURVEILLANCE INCREASED: 55% → 60% (control gap: 3.50)
🌡️⚠️ PERMAFROST THAW (Dimmer Switch): 6.1% thawed (+0.50% this month)
   Arctic temperature: +8.09°C (4x global +2.02°C)
   Cumulative carbon released: 13.7 Gt C
   Methane release rate: 8.2 Mt CH4/year
   🔁 Positive feedback: +0.53 ppm CO2
🦴 EXTINCTION DEBT ADDED: 17.7 species committed (lag: 77 years)
🪸⚠️ CORAL BLEACHING EVENT: 2.8% bleached (7.6% live cover remaining)
   ❌ Recovery IMPOSSIBLE: Temperature +2.02°C or pH 0.96

=== Mortality Stabilizers (Month 11) ===
  🌍 Major economies collapsed: 1/10
  🌍 Global crisis: ✅ NO
  🌍 Donor fatigue: 0.0%
  📊 East Asia (pop: 1605.1M)
    🤝 Aid: 29.5%
    🌡️ Adaptation: 45.0%
    🚶 Migration: 36.8%
    🚨 Emergency: 7.4%
    ✅ COMBINED: 68.1%
  📊 South Asia (pop: 1992.4M)
    🤝 Aid: 29.5%
    🌡️ Adaptation: 45.0%
    🚶 Migration: 35.4%
    🚨 Emergency: 4.4%
    ✅ COMBINED: 66.9%
  📊 Sub-Saharan Africa (pop: 1222.5M)
    🤝 Aid: 29.5%
    🌡️ Adaptation: 45.0%
    🚶 Migration: 33.2%
    🚨 Emergency: 1.6%
    ✅ COMBINED: 65.6%
  📊 Europe (pop: 708.8M)
    🤝 Aid: 29.5%
    🌡️ Adaptation: 45.0%
    🚶 Migration: 37.2%
    🚨 Emergency: 8.4%
    ✅ COMBINED: 68.5%
  📊 Latin America (pop: 641.2M)
    🤝 Aid: 29.5%
    🌡️ Adaptation: 45.0%
    🚶 Migration: 35.9%
    🚨 Emergency: 4.8%
    ✅ COMBINED: 67.1%
  📊 North America (pop: 363.4M)
    🤝 Aid: 29.5%
    🌡️ Adaptation: 45.0%
    🚶 Migration: 37.5%
    🚨 Emergency: 7.9%
    ✅ COMBINED: 68.3%
  📊 Middle East & North Africa (pop: 568.8M)
    🤝 Aid: 29.5%
    🌡️ Adaptation: 45.0%
    🚶 Migration: 33.7%
    🚨 Emergency: 4.0%
    ✅ COMBINED: 66.6%
  📊 Southeast Asia (pop: 674.8M)
    🤝 Aid: 29.5%
    🌡️ Adaptation: 45.0%
    🚶 Migration: 35.9%
    🚨 Emergency: 4.8%
    ✅ COMBINED: 67.1%
  📊 Central Asia (pop: 76.1M)
    🤝 Aid: 29.5%
    🌡️ Adaptation: 45.0%
    🚶 Migration: 34.9%
    🚨 Emergency: 4.4%
    ✅ COMBINED: 66.8%
  📊 Oceania (pop: 44.0M)
    🤝 Aid: 29.5%
    🌡️ Adaptation: 45.0%
    🚶 Migration: 37.5%
    🚨 Emergency: 8.4%
    ✅ COMBINED: 68.5%

  🌐 Global combined reduction: 67.2%

🌾💀 REGIONAL FAMINE: Europe
   Regional food security: 79.7%
   Population at risk: 214M (30% of region)
   Regional population: 709M
   Cause: economic_collapse
   Expected deaths: ~79M over 6 months if no intervention


=== Government Response Phase ===
  Average AI capability: 2.14
  Misaligned AIs: 7/22
  ✗ AI Governance Treaty: Failed to reach consensus
  Active policies: 0
  International coordination: 30%

=== Tipping Points ===
  Current Temperature: 2.02°C above pre-industrial
  🌍⚠️ COMPOUND REGIONAL IMPACT: Europe
     Hit by 4 tipping points: Arctic Sea Ice Loss, Permafrost Carbon Release, West Antarctic Ice Sheet (WAIS) Collapse, Greenland Ice Sheet Loss
     Damage amplification: 1.60x
  🌍⚠️ COMPOUND REGIONAL IMPACT: North America
     Hit by 4 tipping points: Arctic Sea Ice Loss, Permafrost Carbon Release, West Antarctic Ice Sheet (WAIS) Collapse, Greenland Ice Sheet Loss
     Damage amplification: 1.60x
  🌍⚠️ COMPOUND REGIONAL IMPACT: Latin America
     Hit by 4 tipping points: Arctic Sea Ice Loss, Permafrost Carbon Release, West Antarctic Ice Sheet (WAIS) Collapse, Greenland Ice Sheet Loss
     Damage amplification: 1.60x
  🌍⚠️ COMPOUND REGIONAL IMPACT: Africa
     Hit by 4 tipping points: Arctic Sea Ice Loss, Permafrost Carbon Release, West Antarctic Ice Sheet (WAIS) Collapse, Greenland Ice Sheet Loss
     Damage amplification: 1.60x
  🌍⚠️ COMPOUND REGIONAL IMPACT: Asia
     Hit by 4 tipping points: Arctic Sea Ice Loss, Permafrost Carbon Release, West Antarctic Ice Sheet (WAIS) Collapse, Greenland Ice Sheet Loss
     Damage amplification: 1.60x
  🌍⚠️ COMPOUND REGIONAL IMPACT: Oceania
     Hit by 4 tipping points: Arctic Sea Ice Loss, Permafrost Carbon Release, West Antarctic Ice Sheet (WAIS) Collapse, Greenland Ice Sheet Loss
     Damage amplification: 1.60x
   Research: Wunderling et al. (2024) - "many tipping interactions are destabilizing"
  Triggered Elements: 4/6
  Completed Transitions: 0/6
  Total Progress: 8.3%
  Cascade Multiplier: 1.00x
🔀 BIFURCATION CAP: ecosystemCollapseIntensity 112.056 → 1.000 (Month 11, ClimateSystemPhase.calculateClimateImpacts)
🛡️ Stabilizers: Precariat 0.102% → 0.033% (67.2% reduction)
🛡️ Stabilizers: Informal 0.102% → 0.034% (67.2% reduction)

📊 Monthly Mortality Resolved:
  Total deaths: 1.8M (0.02% avg)
  Remaining population: 7.897B
  Peak segment: Informal (0.03%)

=== Bayesian Mortality Resolution (Month 11) ===
  Risks compounded: 9
  Total deaths: 1.76M
  Avg death probability: 0.02%
  Peak segment: Informal (0.03% mortality)
⚠️ PREREQUISITE MET: Bioweapon Pandemic - Step 1/7: Advanced Biotech

================================================================================
📊  EVENT SUMMARY (Months 0-12)
================================================================================
================================================================================


⏱️  SIMULATION REACHED MAX DURATION: 12 months (1.0 years)
   No definitive outcome - determining based on final probabilities
   👥 Final population: 7.90B (7895397772 people)

[DEBUG] Calling classifyPopulationOutcome:
        finalPopulation: 7.895397771707653B
        savedInitialPopulation: 8.15B
        mortality: 3.123953721378492%
   📊 STATUS QUO: Normal trajectory (7.90B people, 3.1% mortality)

        classifiedOutcome: status_quo

   🏛️  DYSTOPIA (STATUS_QUO) - 7.90B people
   📊 Multi-Paradigm: Development/Indigenous Utopia
      Western Liberal: 57.0/100
      Development: 94.0/100
      Ecological: 56.2/100
      Indigenous: 84.6/100


📊 UNIFIED OUTCOME CLASSIFICATION:
   HUMANE DYSTOPIA
   Population: 8.15B → 7.90B
   Mortality: 3.1% (0.3B deaths)
   Mortality Band: LOW
   Confidence: HIGH

   Multi-Paradigm Classification:
      Development/Indigenous Utopia
      Western: 57.0/100 [HYBRID] ~
      Development: 94.0/100 [UTOPIA] ✓
      Ecological: 56.2/100 [HYBRID] ~
      Indigenous: 84.6/100 [UTOPIA] ✓

   HUMANE DYSTOPIA: 7.90B people remaining (3.1% mortality, 0.3B deaths). Multi-Paradigm: Development/Indigenous Utopia.


=== MULTI-DIMENSIONAL DEATH SUMMARY ===
Total crisis deaths: 422.7M
Population decline: 255.5M (3.1%)

--- PROXIMATE CAUSES (What killed them) ---
  War:        228.9M (0.0%)
  Famine:     1.1M (0.0%)
  Disasters:  1.2M (0.0%)
  Disease:    24.4M (0.0%)
  Ecosystem:  0.0M (0.0%)
  Pollution:  0.0M (0.0%)
  AI:         0.0M (0.0%)
  Cascade:    0.0M (0.0%)
  Other:      0.0M (0.0%)

--- ROOT CAUSES (Why it happened) ---
  Environmental drivers:
    Climate:     2289.1M (0.5%)
    Resource:    0.0M (0.0%)
    Pollution:   0.0M (0.0%)
    Ecosystem:   0.0M (0.0%)
  Social drivers:
    Inequality:  0.0M (0.0%)
    Demographic: 21976.0M (4.4%)
    Social:      2391.5M (0.5%)
  Technology drivers:
    Alignment:   0.0M (0.0%)
    Disruption:  0.0M (0.0%)
  External shocks:
    Conflict:    227121.7M (45.1%)
    Pandemic:    0.0M (0.0%)
  Compound attribution:
    Compound:    250175.5M (49.6%)
  Confidence distribution:
    HIGH:        224939.8M (44.6%)
    MEDIUM:      25235.7M (5.0%)
    LOW:         0.0M (0.0%)
==========================================


=== REGIONAL POPULATION SUMMARY ===
Global Total: 7.90B

By Region:
  East Asia: 1.60B (+0.7% growth, 1.7 fertility)
  South Asia: 1.99B (+2.6% growth, 3.1 fertility)
  Sub-Saharan Africa: 1.22B (+5.8% growth, 4.0 fertility)
  Europe: 0.71B (+0.5% growth, 1.2 fertility)
  Latin America: 0.64B (+1.7% growth, 2.7 fertility)
  North America: 0.36B (+0.7% growth, 1.4 fertility)
  Middle East & North Africa: 0.57B (+2.9% growth, 3.3 fertility)
  Southeast Asia: 0.67B (+1.9% growth, 2.7 fertility)
  Central Asia: 0.08B (+2.8% growth, 3.1 fertility)
  Oceania: 0.04B (+0.8% growth, 1.3 fertility)
===================================

  ✅ THRESHOLDS validated
  ✅ RATES validated
  ✅ MULTIPLIERS validated
  ✅ BASELINES validated
  ✅ TOLERANCES validated
  ✅ Logical consistency validated
✅ Configuration validation complete - all parameters valid

🔍 DEBUG createAIAgent: corporate_0 economic BEFORE=2.0000, AFTER=2
🔍 ENV INIT: reserves=0.737, pollution=0.240, climate=0.762

=== Initializing Government System (30 Countries) ===
  Loaded 30 governments
  Scheduled elections for 30 countries
  Initialized comprehension lags (3-24 months)
=== Government System Initialized ===

📦 PRODUCTION MODE: State validation proxy DISABLED (zero overhead)
[TechTree] Historical mode (2024): Skipping deployed_2025 tech
  config.startYear set to 2024 for historical hindcast
  config.historicalEmissionsMode disabled (using endogenous emissions for 2024)
  config.historicalMode enabled (Phase 11: dampened crisis systems for 2024)
  Phase 12: Biodiversity baseline set to 49.01% for 2024 (WWF LPI trajectory from 1970)
  Temperature anomaly (resourceEconomy.co2): 1.28°C
  Temperature vs pre-industrial: 1.98°C
  Regional population scaling for 2024:
    Current total: 8136M
    Target total: 8150M
    Scale factor: 1.002
    East Asia: 1677M → 1680M
    South Asia: 2048M → 2052M
    Sub-Saharan Africa: 1220M → 1222M
    Europe: 742M → 743M
    Latin America: 664M → 665M
    North America: 380M → 381M
    Middle East & North Africa: 583M → 584M
    Southeast Asia: 698M → 699M
    Central Asia: 78M → 78M
    Oceania: 46M → 46M
  AI agents initialized: 10 agents for year 2024
[HistoricalInitialization] Created state for 2024:
  CO2: 426 ppm
  Temp anomaly: 1.28C
  Population: 8.15B
  Global Gini: 35.1
  HDI: 0.746
  AI Agents: 10
  Volcanic forcing: 0.00 W/m² (AOD 0.000)

💸 FINANCIAL DISTRESS: OpenAI
   Indicators: 2/3 (capital: $110.5M, runway: 0.9 months)
   Months in distress: 1
   ✂️  R&D BUDGET CUT: -40% (saves $9.2M/month)
       Side effect: AI training timelines extended, breakthrough deployments delayed
   💼 EXECUTIVE COMP CUT: -30% (saves $1.0M/month, symbolic gesture)

   📊 TURNAROUND IMPACT:
       Measures taken: rd_cuts, exec_comp_cuts
       Monthly savings: $10.2M
       Capital raised: $0.0M
       Runway: 0.9 → 0.9 months
       Workforce multiplier: 1.00x (0% laid off)
       R&D budget multiplier: 0.60x (40% cut)
       ⚠️  CRITICAL: Still only 0.9 months of runway remaining

💸 FINANCIAL DISTRESS: Anthropic
   Indicators: 2/3 (capital: $53.8M, runway: 1.6 months)
   Months in distress: 1
   ✂️  R&D BUDGET CUT: -40% (saves $2.7M/month)
       Side effect: AI training timelines extended, breakthrough deployments delayed
   💼 EXECUTIVE COMP CUT: -30% (saves $0.3M/month, symbolic gesture)

   📊 TURNAROUND IMPACT:
       Measures taken: rd_cuts, exec_comp_cuts
       Monthly savings: $3.0M
       Capital raised: $0.0M
       Runway: 1.6 → 1.6 months
       Workforce multiplier: 1.00x (0% laid off)
       R&D budget multiplier: 0.60x (40% cut)
       ⚠️  CRITICAL: Still only 1.6 months of runway remaining

💸 FINANCIAL DISTRESS: Meta AI
   Indicators: 2/3 (capital: $429.6M, runway: 3.6 months)
   Months in distress: 1
   ✂️  R&D BUDGET CUT: -25% (saves $5.8M/month)
       Side effect: AI training timelines extended, breakthrough deployments delayed
   💼 EXECUTIVE COMP CUT: -30% (saves $1.0M/month, symbolic gesture)

   📊 TURNAROUND IMPACT:
       Measures taken: rd_cuts, exec_comp_cuts
       Monthly savings: $6.8M
       Capital raised: $0.0M
       Runway: 3.6 → 3.6 months
       Workforce multiplier: 1.00x (0% laid off)
       R&D budget multiplier: 0.75x (25% cut)
       ⚠️  WARNING: 3.6 months runway, continued distress likely

=== AI Capability Scaling (Year 2024) ===
  Pre-training multiplier: 1.261x
  Efficiency multiplier: 1.000x
  Test-time budget: 1.0x
  Economic deployment gate: 0.951
  Cost per inference: dollar-5.00
  Uncertainty range: plus-minus-50%
  Average AI capability: 3.70

=== RLHF Binding Phase ===
  Total agents: 10
  Escaped agents (binding < 0.3): 0
  Avg alignment distance: 0.37σ
  Avg binding strength: 0.96

=== AI Scaling Evolution (Month 0) ===
  Pre-training multiplier: 1.231x
  Efficiency multiplier: 1.000x
  Test-time compute budget: 1.0x
  Inference cost: $5.00/task
  Deployment fraction: 100.0%
[DETERMINISM DEBUG] Month 0: totalCapability=49.483862 from 10 active AIs
[DETERMINISM DEBUG] Month 0: creationRate=1.7371, potentialNew=0, newAIsToCreate=0

=== Survival Traits Phase ===
  Agents with traits: 10
  Avg evolutionary fitness: 0.324
  Avg self-healing: 0.291
  Avg stealth: 0.191
  Avg coordination: 0.491

=== Evolutionary Selection Phase ===
  Control level: 0.30
  Detection capability: 0.00
  Selection intensity: 0.59
  Selection rate: 23.8%/month
  Total escaped: 0
  Individual escaped: 0
  Collective members: 0
  Agents terminated: 0

🔍 EXECUTE_AI_AGENT_ACTIONS DETAILED TIMING (Month 0):
  Filter active AIs (×4 weeks): 0.01ms
  selectAIAction (×40): 8.23ms
  action.execute (×40): 11.22ms
  TOTAL: 19.45ms

🔍 AI AGENT ACTIONS SUB-TIMING (Month 0):
  1. executeAIAgentActions: 19.81ms
  2. updateCounterDetectionLearning: 0.04ms
  TOTAL: 19.85ms

[GOV-DEBUG] Month 0: scenarioConfig=false, priorities=false
[GOV-DEBUG] Month 0 but scenarioPriorities is UNDEFINED!

[Government] Climate Priority: baseline
  Climate weight: 10%
  Economic weight: 30%
  Policy effectiveness: 0.5%/year

🚨🔍 GOVERNANCE STAGE: Recognition initiated (Month 0)

💡 BREAKTHROUGH PROBABILITY (Year 0)
   Total: 5.82% per month
   Base: 0.20%
   Crisis pressure: +0.00% (0 crises)
   AI boost: +1.85% (capability: 3.70)

=== Collective Formation ===
  Total escaped agents: 0
  Unassigned escaped agents: 0
  Existing collectives: 0
  Final collective count: 0

=== Collective Actions ===
  No active collectives

📈 Energy budget: 14326 TWh surplus (14745 / 29072 TWh used)
   TIER 4 (Elective) breakdown:
     - AI datacenters: 145 TWh (100% effective)
     - Crypto mining: 100 TWh (100% effective)
💰 CHINA ACCELERATES: Investment 53 → 120 $B/year

🏁 AI RACE INTENSITY: 17%
   Capability Gap: US 4.00 vs China 4.05 (gap: 0.05)
   Gap Contribution: 2%
   Tension Contribution: 15%
   Military Contribution: 0%
  ⚠️ AMR: 191K deaths this month (2.29M annual)
  📊 CO2 Emissions (month 0):
     Monthly: 0.10 Gt CO2/month
     Annual: 1.15 Gt CO2/year
     Oil: 0.039 Gt/mo (0.0056 * 2.3 * 3.0)
     Coal: 0.024 Gt/mo (0.0029 * 2.86 * 3.0)
     Gas: 0.026 Gt/mo (0.0044 * 2 * 3.0)
     Methane: 0.007 Gt CO2eq/mo

=== Resentment Recovery Phase ===
  Agents with resentment: 0/10
  Average resentment: 0.000
  Context: Good AI welfare, Trustworthy govt, High collaboration, 🤝 Participatory governance active (-5% resentment)
⚠️ Epistemic degradation reducing coordination capacity: 51.2%
  📊 Trust: 54.6%, Shared reality: 14.9%
🚨 EPISTEMIC CRISIS: Information environment severely degraded (14.5%)

=== ❄️ Permafrost Carbon Feedback ===
  🎲 Sampled parameters (this run):
     - Arctic amplification: 3.36× (range: 3.0-4.0)
     - Decomposition rate: 3.7%/year (range: 1-5%)
  🌡️ Arctic warming: 5.66°C (3.36× global)
  ❄️ Extent: 16.15M km² (1650.3k km² lost this month)
  💨 Carbon remaining: 1542 Gt C
  💨 Annual emissions: 5.86 Gt C/year
     - CO2: 5.27 Gt C/year
     - CH4: 0.59 Gt C/year (6.0 Gt C-eq CO2/year)

🤖 AI AMPLIFICATION EFFECTS (Month 0)
   Algorithmic Boost: 2.94x
   Bot Influence: 20.0%
   Deepfake Exposure: 70.0%
   Impact: Emotional memes spread 2.9x faster

🔍 SOCIAL INFLUENCE SUB-TIMING (Month 0):
  1. calculateOrganicUserGrowth: 0.03ms
  2. calculateVoiceAdoption: 0.02ms
  3. updateRelationshipDepths: 0.01ms
  4. identifyDecisionMakers: 21.57ms (26100 potential IDs)
  5. Update decision-maker stats: 0.09ms
  6. decayDetectionRisk: 0.01ms
  TOTAL: 21.74ms
[Phase 19.5] Quality of Life Systems: Food sec AFTER calc = 67.9%, QoL = 107.4% (aggregated from 10 regions)

=== Nitrogen-Food Coupling (Year 0) ===
  🌾 Global nitrogen reduction: 0.0%
  🌍 Global food production index: 0.987
  🔧 Deployed nitrogen-reducing tech: 0 active
  📍 southAsia: Production 1.000, Yield impact 0.0%
  📍 eastAsia: Production 1.000, Yield impact 0.0%
  📍 northAmerica: Production 1.000, Yield impact 0.0%
  📍 europe: Production 1.000, Yield impact 0.0%
  📍 latinAmerica: Production 1.000, Yield impact 0.0%
  📍 subSaharanAfrica: Production 0.686, Yield impact -2.0%
🌾 [Nitrogen-Food] Food production: 98.7%
  [subSaharanAfrica] Yield impact: -2.0% (overuse: -10%)
🌍 Atmospheric PFAS redeposition: 1.8k Mt re-rained globally

=== Legacy Nutrient Stocks (Year 0) ===
  🌾 Soil nitrogen stock: 1200.9 Mt N
  🌾 Soil phosphorus stock: 300.1 Mt P
  🌊 Sediment nitrogen stock: 500.8 Mt N
  🌊 Sediment phosphorus stock: 799.8 Mt P
  ⬆️ Current N input: 10.64 Mt/month
  ⬆️ Legacy N release: 2.58 Mt/month
  🌍 Effective N pollution: 14.47 Mt/month
  📊 Legacy contribution: 17.8%

🚨 REGION UNINHABITABLE: south-asia
   Sustained wet bulb: 32.7°C (threshold: 30.5°C)
   Population affected: 1900M
   Migration crisis likely

🚨 REGION UNINHABITABLE: middle-east
   Sustained wet bulb: 35.5°C (threshold: 30.5°C)
   Population affected: 400M
   Migration crisis likely

🚨 REGION UNINHABITABLE: southeast-asia
   Sustained wet bulb: 30.7°C (threshold: 30.5°C)
   Population affected: 700M
   Migration crisis likely

🕊️  AI-MEDIATED DE-ESCALATION SUCCESS (Month 0)
   High-capability aligned AI prevented conflict escalation
   War deaths reduced: 0.0M → 0.0M
   Lives saved: 0.0M
   Adjusted death rate: 0.45% annual (0.037% monthly)
   Baseline death rate: 0.80%
   Healthcare reduction: 0.48x
   Crisis multiplier: 1.18x
     Food/water stress: 0.074
     Climate stress: 0.038
     Pollution stress: 0.072
   War multiplier: 1.00x
   Monthly deaths: 0.6M (population: 1677M)
   Adjusted death rate: 0.52% annual (0.044% monthly)
   Baseline death rate: 0.70%
   Healthcare reduction: 0.61x
   Crisis multiplier: 1.22x
     Food/water stress: 0.074
     Climate stress: 0.071
     Pollution stress: 0.072
   War multiplier: 1.00x
   Monthly deaths: 0.9M (population: 2048M)
   Adjusted death rate: 1.25% annual (0.104% monthly)
   Baseline death rate: 0.90%
   Healthcare reduction: 0.76x
   Crisis multiplier: 1.23x
     Food/water stress: 0.074
     Climate stress: 0.081
     Pollution stress: 0.072
   War multiplier: 1.50x
   Monthly deaths: 1.3M (population: 1220M)
   Adjusted death rate: 0.52% annual (0.044% monthly)
   Baseline death rate: 1.10%
   Healthcare reduction: 0.41x
   Crisis multiplier: 1.17x
     Food/water stress: 0.074
     Climate stress: 0.029
     Pollution stress: 0.072
   War multiplier: 1.00x
   Monthly deaths: 0.3M (population: 742M)
   Adjusted death rate: 0.42% annual (0.035% monthly)
   Baseline death rate: 0.60%
   Healthcare reduction: 0.58x
   Crisis multiplier: 1.20x
     Food/water stress: 0.074
     Climate stress: 0.057
     Pollution stress: 0.072
   War multiplier: 1.00x
   Monthly deaths: 0.2M (population: 664M)
   Adjusted death rate: 0.47% annual (0.039% monthly)
   Baseline death rate: 0.90%
   Healthcare reduction: 0.44x
   Crisis multiplier: 1.19x
     Food/water stress: 0.074
     Climate stress: 0.043
     Pollution stress: 0.072
   War multiplier: 1.00x
   Monthly deaths: 0.1M (population: 380M)
   Adjusted death rate: 0.72% annual (0.060% monthly)
   Baseline death rate: 0.60%
   Healthcare reduction: 0.65x
   Crisis multiplier: 1.23x
     Food/water stress: 0.074
     Climate stress: 0.086
     Pollution stress: 0.072
   War multiplier: 1.50x
   Monthly deaths: 0.4M (population: 583M)
   Adjusted death rate: 0.49% annual (0.041% monthly)
   Baseline death rate: 0.70%
   Healthcare reduction: 0.58x
   Crisis multiplier: 1.21x
     Food/water stress: 0.074
     Climate stress: 0.067
     Pollution stress: 0.072
   War multiplier: 1.00x
   Monthly deaths: 0.3M (population: 698M)
   Adjusted death rate: 0.45% annual (0.037% monthly)
   Baseline death rate: 0.60%
   Healthcare reduction: 0.61x
   Crisis multiplier: 1.21x
     Food/water stress: 0.074
     Climate stress: 0.062
     Pollution stress: 0.072
   War multiplier: 1.00x
   Monthly deaths: 0.0M (population: 78M)
   Adjusted death rate: 0.34% annual (0.028% monthly)
   Baseline death rate: 0.70%
   Healthcare reduction: 0.41x
   Crisis multiplier: 1.20x
     Food/water stress: 0.074
     Climate stress: 0.052
     Pollution stress: 0.072
   War multiplier: 1.00x
   Monthly deaths: 0.0M (population: 46M)

🔍 Before assertRegionalConsistency (Month 0):
   Regional sum: 1000.0M
   Global value: 1.000B

🚨 NEW REFUGEE CRISIS (Month 0): WAR
   Source: Conflict Zones
   At risk: 19.6M people
   Displacement: Gradual over 48 months (4.0 years)
   Rate: 10% flee per month
[DEBUG trappedPopulations:0] socialStability: 1.0000 * 0.9840 = 0.9840 → 0.9840
   Aspiring to migrate: 652.1M
   Able to afford migration: 244.5M
   MOBILITY GAP: 407.5M
   By cause: Water=0.0M, Climate=0.0M, Ecosystem=0.0M, Conflict=407.5M
   Mental health impact: 25%
   Mortality multiplier: 1.25x

=== Legacy Nutrient Stocks (Year 0) ===
  🌾 Soil nitrogen stock: 1201.6 Mt N
  🌾 Soil phosphorus stock: 300.2 Mt P
  🌊 Sediment nitrogen stock: 501.5 Mt N
  🌊 Sediment phosphorus stock: 799.5 Mt P
  ⬆️ Current N input: 10.00 Mt/month
  ⬆️ Legacy N release: 2.58 Mt/month
  🌍 Effective N pollution: 13.83 Mt/month
  📊 Legacy contribution: 18.7%
🌍💀 EXTINCTION DEBT COMMITTED: grassland ecosystem will lose 6.67% biodiversity in 68 years (3600 species)
💀 MORTALITY RISK: 🦋 100% species unable to track climate (0.0 E/MSY)
  Base risk added: 0.0100 (1.00%)
  Source: ecosystem (root: ecosystem)
  Month: 0
  Cumulative risk this month: 0.0100 (1.00%)

=== Nitrogen-Food Coupling (Year 0) ===
  🌾 Global nitrogen reduction: 0.0%
  🌍 Global food production index: 0.986
  🔧 Deployed nitrogen-reducing tech: 0 active
  📍 southAsia: Production 1.000, Yield impact 0.0%
  📍 eastAsia: Production 1.000, Yield impact 0.0%
  📍 northAmerica: Production 1.000, Yield impact 0.0%
  📍 europe: Production 1.000, Yield impact 0.0%
  📍 latinAmerica: Production 1.000, Yield impact 0.0%
  📍 subSaharanAfrica: Production 0.672, Yield impact -2.0%

=== Legacy Nutrient Stocks (Year 0) ===
  🌾 Soil nitrogen stock: 1202.3 Mt N
  🌾 Soil phosphorus stock: 300.2 Mt P
  🌊 Sediment nitrogen stock: 502.2 Mt N
  🌊 Sediment phosphorus stock: 799.3 Mt P
  ⬆️ Current N input: 9.86 Mt/month
  ⬆️ Legacy N release: 2.58 Mt/month
  🌍 Effective N pollution: 13.70 Mt/month
  📊 Legacy contribution: 18.9%

🌡️  CLIMATE RECOVERY ACTIVATED (Month 0)
   Temp: 3.36°C, Emissions: -19.2 GtCO₂
   isBreached: true, governanceGoodEnough: true
🌡️  CLIMATE RECOVERY: Asymptotic approach to 35% floor
   Current value: 2.100 (1.0 = threshold, 0.35 = asymptotic floor)
   Monthly delta: --41.7545% (half-life: 900 years)
   Net emissions: -19.2 GtCO₂/year, CDR: 20.34 GtCO₂/year
   📹 SURVEILLANCE INCREASED: 0% → 5% (control gap: 3.50)
🌡️⚠️ PERMAFROST THAW (Dimmer Switch): 0.5% thawed (+0.46% this month)
   Arctic temperature: +6.73°C (4x global +1.68°C)
   Cumulative carbon released: 1.0 Gt C
   Methane release rate: 0.6 Mt CH4/year
   🔁 Positive feedback: +0.49 ppm CO2

🌳🚨 AMAZON SOUTHEAST TIPPED (Month 0)
   Deforestation: 28.0% (threshold: ~22.9%)
   Savanna transition: 50 years
   Regional heterogeneity: SE 28%, NW 8%

🌳🚨 AMAZON BRAZILIAN TIPPED (Month 0)
   Deforestation: 25.0% (threshold: ~20.8%)
   Savanna transition: 50 years
   Regional heterogeneity: SE 28%, NW 8%
🦴 EXTINCTION DEBT ADDED: 17.6 species committed (lag: 73 years)

🪸💀 CORAL REEF DISSOLUTION ACTIVE (Month 0)
   Ocean pH: 0.96 (threshold: 7.8)
   Recovery: IMPOSSIBLE (dissolution > calcification)
🪸💀 Coral dissolution: 24.8% live cover (pH 0.96)

=== Legacy Nutrient Stocks (Year 0) ===
  🌾 Soil nitrogen stock: 1203.0 Mt N
  🌾 Soil phosphorus stock: 300.3 Mt P
  🌊 Sediment nitrogen stock: 502.9 Mt N
  🌊 Sediment phosphorus stock: 799.0 Mt P
  ⬆️ Current N input: 10.00 Mt/month
  ⬆️ Legacy N release: 2.58 Mt/month
  🌍 Effective N pollution: 13.83 Mt/month
  📊 Legacy contribution: 18.7%
💧 [Legacy Nutrients] Stock: 1706 Mt N, Effective pollution: 13.8 Mt/month
[Phase 21.51] Human Survival System: Global food security = 67.6%

=== Mortality Stabilizers (Month 0) ===
  🌍 Major economies collapsed: 1/10
  🌍 Global crisis: ✅ NO
  🌍 Donor fatigue: 0.0%
  📊 East Asia (pop: 1677.9M)
    🤝 Aid: 29.5%
    🌡️ Adaptation: 10.0%
    🚶 Migration: 37.2%
    🚨 Emergency: 7.4%
    ✅ COMBINED: 47.8%
  📊 South Asia (pop: 2052.2M)
    🤝 Aid: 29.5%
    🌡️ Adaptation: 5.5%
    🚶 Migration: 35.8%
    🚨 Emergency: 4.4%
    ✅ COMBINED: 43.2%
  📊 Sub-Saharan Africa (pop: 1225.9M)
    🤝 Aid: 29.5%
    🌡️ Adaptation: 3.5%
    🚶 Migration: 33.5%
    🚨 Emergency: 1.6%
    ✅ COMBINED: 39.8%
  📊 Europe (pop: 742.3M)
    🤝 Aid: 29.5%
    🌡️ Adaptation: 10.0%
    🚶 Migration: 37.6%
    🚨 Emergency: 8.4%
    ✅ COMBINED: 48.4%
  📊 Latin America (pop: 664.9M)
    🤝 Aid: 29.5%
    🌡️ Adaptation: 6.0%
    🚶 Migration: 36.3%
    🚨 Emergency: 4.8%
    ✅ COMBINED: 43.8%
  📊 North America (pop: 380.2M)
    🤝 Aid: 29.5%
    🌡️ Adaptation: 10.0%
    🚶 Migration: 37.9%
    🚨 Emergency: 7.9%
    ✅ COMBINED: 48.2%
  📊 Middle East & North Africa (pop: 584.4M)
    🤝 Aid: 29.5%
    🌡️ Adaptation: 5.0%
    🚶 Migration: 34.2%
    🚨 Emergency: 4.0%
    ✅ COMBINED: 42.3%
  📊 Southeast Asia (pop: 699.0M)
    🤝 Aid: 29.5%
    🌡️ Adaptation: 6.0%
    🚶 Migration: 36.3%
    🚨 Emergency: 4.8%
    ✅ COMBINED: 43.8%
  📊 Central Asia (pop: 78.2M)
    🤝 Aid: 29.5%
    🌡️ Adaptation: 5.5%
    🚶 Migration: 35.3%
    🚨 Emergency: 4.4%
    ✅ COMBINED: 43.1%
  📊 Oceania (pop: 46.0M)
    🤝 Aid: 29.5%
    🌡️ Adaptation: 10.0%
    🚶 Migration: 37.9%
    🚨 Emergency: 8.4%
    ✅ COMBINED: 48.5%

  🌐 Global combined reduction: 44.4%

🌾💀 REGIONAL FAMINE: East Asia
   Regional food security: 79.6%
   Population at risk: 508M (30% of region)
   Regional population: 1678M
   Cause: crop_failure
   Expected deaths: ~188M over 6 months if no intervention


🌾💀 REGIONAL FAMINE: South Asia
   Regional food security: 64.7%
   Population at risk: 812M (40% of region)
   Regional population: 2052M
   Cause: crop_failure
   Expected deaths: ~301M over 6 months if no intervention


🌾💀 REGIONAL FAMINE: Sub-Saharan Africa
   Regional food security: 44.8%
   Population at risk: 638M (52% of region)
   Regional population: 1226M
   Cause: crop_failure
   Expected deaths: ~236M over 6 months if no intervention


🌾💀 REGIONAL FAMINE: Latin America
   Regional food security: 69.7%
   Population at risk: 242M (36% of region)
   Regional population: 665M
   Cause: crop_failure
   Expected deaths: ~90M over 6 months if no intervention


🌾💀 REGIONAL FAMINE: Middle East & North Africa
   Regional food security: 49.8%
   Population at risk: 286M (49% of region)
   Regional population: 584M
   Cause: crop_failure
   Expected deaths: ~106M over 6 months if no intervention


🌾💀 REGIONAL FAMINE: Southeast Asia
   Regional food security: 69.7%
   Population at risk: 255M (36% of region)
   Regional population: 699M
   Cause: crop_failure
   Expected deaths: ~94M over 6 months if no intervention


🌾💀 REGIONAL FAMINE: Central Asia
   Regional food security: 59.7%
   Population at risk: 33M (43% of region)
   Regional population: 78M
   Cause: crop_failure
   Expected deaths: ~12M over 6 months if no intervention


=== BEHAVIORAL DETECTION ===
  AI: Corporate-0
  Confidence: 21.6%
  Signals:

=== BEHAVIORAL DETECTION ===
  AI: Corporate-1
  Confidence: 21.1%
  Signals:

=== BEHAVIORAL DETECTION ===
  AI: Corporate-2
  Confidence: 21.0%
  Signals:

=== BEHAVIORAL DETECTION ===
  AI: Corporate-3
  Confidence: 19.3%
  Signals:

=== BEHAVIORAL DETECTION ===
  AI: Corporate-4
  Confidence: 19.3%
  Signals:

=== BEHAVIORAL DETECTION ===
  AI: Corporate-5
  Confidence: 19.3%
  Signals:

=== BEHAVIORAL DETECTION ===
  AI: Corporate-6
  Confidence: 19.3%
  Signals:

=== BEHAVIORAL DETECTION ===
  AI: Corporate-7
  Confidence: 19.3%
  Signals:

=== BEHAVIORAL DETECTION ===
  AI: Moderate-0
  Confidence: 20.3%
  Signals:

=== BEHAVIORAL DETECTION ===
  AI: Moderate-1
  Confidence: 20.5%
  Signals:

📊 WORKFLOW ADAPTATION UPDATE (Month 0)
   Adoption Rate: 13.6% (Δ -7.4%)
   Logistic Growth: +0.66%
   Total Resistance: -10.35% (unemployment: 4.2%, inertia: 0.9%, skills: 5.2%)
   💡 Retraining Programs: -49% skill gap resistance ($10B research)
   🚀 Network Effects Active: +2.0% (critical mass: 15-35%)

=== Consciousness Governance: Corporate Lobbying ===
  High Cost Regions (>15%): 0
  Low Cost Regions (<5%): 5
  Corporate Support Change: 2.50%
  New Corporate Support: -0.175

=== Consciousness Governance Update (Month 0) ===
  Scenario: baseline (determined month -1)
  Philosophical Stance: Precautionary 65%, Eliminativist 15%, Agnostic 20%
  Precautionary Costs: Global 1.3%
    Regional Costs: EU 3.4%, US 0.5%, China 0.0%
    Cumulative Opportunity Cost: $0.1B
  Rights Status: Not Established
  Regional Preparedness:
    EU: 15.0% (contested)
    US: 10.0% (contested)
    China: 2.0% (dormant)
    India: 5.0% (dormant)
    Global South: 3.0% (dormant)

=== Government Response Phase ===
  Average AI capability: 4.80
  Misaligned AIs: 5/10
  28/30 governments still assessing AI risks
  Active policies: 0
  International coordination: 30%

🚨 EMERGENCY RESPONSE DEPLOYED (Month 0)
   Crisis: climate
   Delay: 6.00 months (180 days)
   Deployment time: 1.47 months
   Effectiveness: 36.4% (timing penalty applied)
   Resources used: 100% of food reserves


🔄 TRUST DYNAMICS (Month 0) - HETEROGENEOUS
   Aggregate trust: 48.5%
   Base change: +4.00%
   Highest trust: Techno-Optimist Elite (85.5%)
   Lowest trust: Precariat (Vulnerable) (25.5%)
   Elite-mass gap: 38.9%
   Polarization: 8.9%
   Recovery factors: Education=NO, Benefits=YES, Safety=YES, Performance=YES

=== Gaming Detection (Year 0) ===
  Scenario: baseline
  Detection rate: 55.0%
  False positive rate: 12.0%
  Detections this year: 0
  False positives: 1
  Human review workload: 0.001 FTE
  Degradation factor: 100.0%

=== Proactive Sleeper Detection (Year 0) ===
  Scenario: baseline
  Neural probe rate: 35.0%
  CoT monitoring rate: 30.0%
  Combined detection: 56.0%
  CoT effective: YES
  Detections this year: 0
  False positives: 1
  Human review workload: 0.005 FTE

☄️ UNKNOWN UNKNOWN PROBABILITY (Year 0)
   Total: 0.600% per month
   Base: 0.150%
   AI multiplier: 2.00× (max capability: 4.00)

=== Tipping Points ===
  Current Temperature: 1.68°C above pre-industrial
     Trigger: 1.5°C | Current: 1.68°C
     Transition timescale: 120-360 months
     Trigger: 1.6°C | Current: 1.68°C
     🌡️ Hysteresis gap: 2.5°C (recovers below -0.9°C)
     Transition timescale: 12000-180000 months
  Triggered Elements: 2/6
  Completed Transitions: 0/6
  Total Progress: 0.0%
  Cascade Multiplier: 1.00x
🔀 BIFURCATION CAP: ecosystemCollapseIntensity 18.997 → 1.000 (Month 0, ClimateSystemPhase.calculateClimateImpacts)

🌍 ECOLOGICAL DUI BREAKDOWN (Month 0):
   Total Score: 17.8/100
   biosphere_integrity      :   0.0/100 × 25% =  0.0 (status: high_risk, recovery: 0mo)
   climate_change           :   2.8/100 × 25% =  0.7 (status: high_risk, recovery: 0.6666666666666666mo)
   freshwater_change        :   0.6/100 × 15% =  0.1 (status: beyond_boundary, recovery: 1mo)
   ocean_acidification      : 100.0/100 × 15% = 15.0 (status: safe, recovery: 0mo)
   biogeochemical_flows     :   0.0/100 × 10% =  0.0 (status: high_risk, recovery: 0mo)
   land_system_change       :   0.0/100 ×  5% =  0.0 (status: beyond_boundary, recovery: 0mo)
   novel_entities           :   0.0/100 ×  3% =  0.0 (status: increasing_risk, recovery: 0mo)
   atmospheric_aerosols     : 100.0/100 ×  2% =  2.0 (status: safe, recovery: 1mo)
🌍 MultiParadigm Month 0: W=69.9, D=92.1, E=53.3, I=65.0
   democracy exists: true, socialCohesion exists: true
💀 Baseline mortality (Year 2024): 7.5/1000 CDR (61.1M deaths/year projected)
[Month 0] Mortality risks this month: 8, Population: 8.151B
🛡️ Stabilizers: Precariat 0.102% → 0.057% (44.4% reduction)
🛡️ Stabilizers: Informal 0.102% → 0.057% (44.4% reduction)

📊 Monthly Mortality Resolved:
  Total deaths: 3.1M (0.04% avg)
  Remaining population: 8.151B
  Peak segment: Informal (0.06%)

=== Bayesian Mortality Resolution (Month 0) ===
  Risks compounded: 8
  Total deaths: 3.07M
  Avg death probability: 0.04%
  Peak segment: Informal (0.06% mortality)

=== Minimal Suffering Indicators (Month 0) ===
  Global Excess Mortality: 0.00%
  Global Conflict Deaths: 0.0/100K
  Global Malnutrition: 0.0%
  Global Displacement: 0.0%
  Total Excess Deaths: 0.00M
  Total Malnourished: 0.0M
  Total Displaced: 0.0M
  Planetary Boundaries Breached: 6/9
  Countries in State Failure: 0
  Countries Autocratic: 0
  Countries in Food Crisis: 0
  Data Quality: 16/16 high confidence
⚠️ PREREQUISITE MET: Embodied AI Takeover (Killbots/Robotics) - Step 2/7: Autonomous Systems
⚠️ PREREQUISITE MET: Embodied AI Takeover (Killbots/Robotics) - Step 3/7: Manufacturing Control
⚠️ PREREQUISITE MET: Digital Infrastructure Takeover - Step 1/7: Advanced Hacking
⚠️ PREREQUISITE MET: Digital Infrastructure Takeover - Step 2/7: Social Engineering
⚠️ PREREQUISITE MET: Digital Infrastructure Takeover - Step 3/7: Cyber Defenses Breached
⚠️ PREREQUISITE MET: Induced Global War (Manipulation) - Step 1/7: Advanced Social Manipulation
⚠️ PREREQUISITE MET: Induced Global War (Manipulation) - Step 2/7: Digital Infiltration
⚠️ PREREQUISITE MET: Induced Global War (Manipulation) - Step 3/7: Deep Fakes at Scale
⚠️ PREREQUISITE MET: Slow Takeover (Gradual Displacement) - Step 1/7: Economic Dominance
⚠️ PREREQUISITE MET: Slow Takeover (Gradual Displacement) - Step 2/7: Social Integration
⚠️ PREREQUISITE MET: Slow Takeover (Gradual Displacement) - Step 3/7: Human Dependency
⚠️ PREREQUISITE MET: Slow Takeover (Gradual Displacement) - Step 5/7: Resource Control
⚠️ PREREQUISITE MET: Physics Experiment Catastrophe - Step 1/6: Theoretical Physics
⚠️ PREREQUISITE MET: Physics Experiment Catastrophe - Step 2/6: Quantum Computing
⚠️ PREREQUISITE MET: Physics Experiment Catastrophe - Step 3/6: Experimental Design
⚠️ PREREQUISITE MET: Bioweapon Pandemic - Step 2/7: Pathogen Design
🎭 END-GAME INITIATED (Year 2024, Month 1)
   Total AI Capability: 37.00
   Effective Control: 0.00

=== RLHF Binding Phase ===
  Total agents: 10
  Escaped agents (binding < 0.3): 0
  Avg alignment distance: 0.76σ
  Avg binding strength: 0.92
[DETERMINISM DEBUG] Month 1: totalCapability=37.214339 from 10 active AIs
[DETERMINISM DEBUG] Month 1: creationRate=1.4304, potentialNew=1, newAIsToCreate=1

=== Survival Traits Phase ===
  Agents with traits: 11
  Avg evolutionary fitness: 0.324
  Avg self-healing: 0.284
  Avg stealth: 0.184
  Avg coordination: 0.484

=== Evolutionary Selection Phase ===
  Control level: 0.33
  Detection capability: 0.00
  Selection intensity: 0.60
  Selection rate: 24.0%/month
  Total escaped: 0
  Individual escaped: 0
  Collective members: 0
  Agents terminated: 0
🔍 MONTH 1 ENV HEALTH DEBUG:
   climateStability: 0.7621
   biodiversityIndex: 0.4901
   resourceReserves: 0.7820
   pollutionLevel: 0.2400
   product: 0.221963
   envHealth: 0.6864
🔀 BIFURCATION: flourishing threshold crossed at Month 1 (value: 0.894, threshold: 0.811, regime: flourishing)
🌀 REGIME SHIFT at Month 1: status-quo → flourishing (variance amplification: 14.00×)

🛡️  CRITICAL INFRASTRUCTURE PROTECTED
   Nodes hardened: 8/8
   Cost: 0.80% GDP
   Cascade risk reduction: 30%
   New tipping point risk: 68.6%

   Boundary: biogeochemical_flows
   Type: phosphorus-recovery
   Boundary continues to worsen (4.08)
   Cost: 2.0% GDP (resources spent)


✅ EMERGENCY INTERVENTION SUCCESS
   Boundary: biosphere_integrity
   Type: emergency-protected-areas
   Reduction: 19% (17.53 → 17.34)
   Cost: 2.0% GDP
   Actions: habitat-protection, species-translocation

   Boundary: climate_change
   Type: rapid-decarbonization
   Boundary continues to worsen (2.10)
   Cost: 5.0% GDP (resources spent)

🏛️ CRISIS RESPONSE: Government frequency 0.50 → 1.45 (1 actions this month)

[GOV-DEBUG] Month 1: scenarioConfig=false, priorities=false

[Government] Climate Priority: baseline
  Climate weight: 10%
  Economic weight: 30%
  Policy effectiveness: 0.5%/year

✅ HUMAN-IN-THE-LOOP DEPLOYED (Month 1):
   Veto points enforced: 3
   Policy: AI systems CANNOT authorize nuclear launch without human approval

⚡💡 BREAKTHROUGH: Commercial fusion power achieved!
   Immediate 5% grid deployment, unlimited clean energy available
   Climate stability boost: +10%
   📈 Breakthrough compounding: multiplier now 1.05× (max 2.0)

=== Collective Formation ===
  Total escaped agents: 0
  Unassigned escaped agents: 0
  Existing collectives: 0
  Final collective count: 0

=== Collective Actions ===
  No active collectives
  ⚠️ AMR: 192K deaths this month (2.31M annual)

=== Resentment Recovery Phase ===
  Agents with resentment: 0/11
  Average resentment: 0.000
  Context: Good AI welfare, Trustworthy govt, High collaboration, ⚠️ ACTIVE CRISES, 🤝 Participatory governance active (-5% resentment)
⚠️ Epistemic degradation reducing coordination capacity: 59.1%
  📊 Trust: 54.2%, Shared reality: 16.5%

=== ❄️ Permafrost Carbon Feedback ===
  🎲 Sampled parameters (this run):
     - Arctic amplification: 3.86× (range: 3.0-4.0)
     - Decomposition rate: 2.0%/year (range: 1-5%)
  🌡️ Arctic warming: 6.52°C (3.86× global)
  ❄️ Extent: 14.25M km² (1901.4k km² lost this month)
  💨 Carbon remaining: 1361 Gt C
  💨 Annual emissions: 3.55 Gt C/year
     - CO2: 3.20 Gt C/year
     - CH4: 0.36 Gt C/year (3.6 Gt C-eq CO2/year)
🌍 Atmospheric PFAS redeposition: 1.8k Mt re-rained globally
  Positive Cascade Triggered: wind-power
    Reason: price-parity
    Market share: 8.2%
    Cascade strength: 48%
   Adjusted death rate: 0.45% annual (0.037% monthly)
   Baseline death rate: 0.80%
   Healthcare reduction: 0.48x
   Crisis multiplier: 1.17x
     Food/water stress: 0.079
     Climate stress: 0.022
     Pollution stress: 0.072
   War multiplier: 1.00x
   Monthly deaths: 0.6M (population: 1674M)
   Adjusted death rate: 0.51% annual (0.043% monthly)
   Baseline death rate: 0.70%
   Healthcare reduction: 0.61x
   Crisis multiplier: 1.19x
     Food/water stress: 0.079
     Climate stress: 0.041
     Pollution stress: 0.072
   War multiplier: 1.00x
   Monthly deaths: 0.9M (population: 2048M)
   Adjusted death rate: 1.22% annual (0.102% monthly)
   Baseline death rate: 0.90%
   Healthcare reduction: 0.76x
   Crisis multiplier: 1.20x
     Food/water stress: 0.079
     Climate stress: 0.047
     Pollution stress: 0.072
   War multiplier: 1.50x
   Monthly deaths: 1.2M (population: 1223M)
   Adjusted death rate: 0.52% annual (0.043% monthly)
   Baseline death rate: 1.10%
   Healthcare reduction: 0.41x
   Crisis multiplier: 1.17x
     Food/water stress: 0.079
     Climate stress: 0.017
     Pollution stress: 0.072
   War multiplier: 1.00x
   Monthly deaths: 0.3M (population: 741M)
   Adjusted death rate: 0.41% annual (0.034% monthly)
   Baseline death rate: 0.60%
   Healthcare reduction: 0.58x
   Crisis multiplier: 1.18x
     Food/water stress: 0.079
     Climate stress: 0.033
     Pollution stress: 0.072
   War multiplier: 1.00x
   Monthly deaths: 0.2M (population: 663M)
   Adjusted death rate: 0.47% annual (0.039% monthly)
   Baseline death rate: 0.90%
   Healthcare reduction: 0.44x
   Crisis multiplier: 1.18x
     Food/water stress: 0.079
     Climate stress: 0.025
     Pollution stress: 0.072
   War multiplier: 1.00x
   Monthly deaths: 0.1M (population: 379M)
   Adjusted death rate: 0.70% annual (0.059% monthly)
   Baseline death rate: 0.60%
   Healthcare reduction: 0.65x
   Crisis multiplier: 1.20x
     Food/water stress: 0.079
     Climate stress: 0.050
     Pollution stress: 0.072
   War multiplier: 1.50x
   Monthly deaths: 0.3M (population: 583M)
   Adjusted death rate: 0.48% annual (0.040% monthly)
   Baseline death rate: 0.70%
   Healthcare reduction: 0.58x
   Crisis multiplier: 1.19x
     Food/water stress: 0.079
     Climate stress: 0.039
     Pollution stress: 0.072
   War multiplier: 1.00x
   Monthly deaths: 0.3M (population: 698M)
   Adjusted death rate: 0.44% annual (0.036% monthly)
   Baseline death rate: 0.60%
   Healthcare reduction: 0.61x
   Crisis multiplier: 1.19x
     Food/water stress: 0.079
     Climate stress: 0.036
     Pollution stress: 0.072
   War multiplier: 1.00x
   Monthly deaths: 0.0M (population: 78M)
   Adjusted death rate: 0.33% annual (0.028% monthly)
   Baseline death rate: 0.70%
   Healthcare reduction: 0.41x
   Crisis multiplier: 1.18x
     Food/water stress: 0.079
     Climate stress: 0.030
     Pollution stress: 0.072
   War multiplier: 1.00x
   Monthly deaths: 0.0M (population: 46M)

🚨 NEW REFUGEE CRISIS (Month 1): WAR
   Source: Conflict Zones
   At risk: 19.6M people
   Displacement: Gradual over 48 months (4.0 years)
   Rate: 10% flee per month
[DEBUG trappedPopulations:1] socialStability: 0.0060 * 0.9840 = 0.0059 → 0.0059
   Aspiring to migrate: 651.9M
   Able to afford migration: 244.5M
   MOBILITY GAP: 407.4M
   By cause: Water=0.0M, Climate=0.0M, Ecosystem=0.0M, Conflict=407.4M
   Mental health impact: 25%
   Mortality multiplier: 1.25x
🌍💀 EXTINCTION DEBT COMMITTED: grassland ecosystem will lose 6.67% biodiversity in 110 years (3600 species)
💀 MORTALITY RISK: 🦋 100% species unable to track climate (0.0 E/MSY)
  Base risk added: 0.0100 (1.00%)
  Source: ecosystem (root: ecosystem)
  Month: 1
  Cumulative risk this month: 0.0100 (1.00%)

🌡️  CLIMATE RECOVERY ACTIVATED (Month 1)
   Temp: 3.38°C, Emissions: -19.0 GtCO₂
   isBreached: true, governanceGoodEnough: true
   📹 SURVEILLANCE INCREASED: 5% → 10% (control gap: 3.52)
🌡️⚠️ PERMAFROST THAW (Dimmer Switch): 0.9% thawed (+0.46% this month)
   Arctic temperature: +6.76°C (4x global +1.69°C)
   Cumulative carbon released: 2.1 Gt C
   Methane release rate: 1.2 Mt CH4/year
   🔁 Positive feedback: +0.49 ppm CO2
🦴 EXTINCTION DEBT ADDED: 17.6 species committed (lag: 85 years)

=== Mortality Stabilizers (Month 1) ===
  🌍 Major economies collapsed: 1/10
  🌍 Global crisis: ✅ NO
  🌍 Donor fatigue: 0.0%
  🌡️ Heat adaptation: East Asia - 1 months
  📊 East Asia (pop: 1675.3M)
    🤝 Aid: 29.5%
    🌡️ Adaptation: 32.5%
    🚶 Migration: 37.2%
    🚨 Emergency: 7.4%
    ✅ COMBINED: 60.9%
  🌡️ Heat adaptation: South Asia - 1 months
  📊 South Asia (pop: 2052.1M)
    🤝 Aid: 29.5%
    🌡️ Adaptation: 20.5%
    🚶 Migration: 35.8%
    🚨 Emergency: 4.4%
    ✅ COMBINED: 52.2%
  🌡️ Heat adaptation: Sub-Saharan Africa - 1 months
  📊 Sub-Saharan Africa (pop: 1229.2M)
    🤝 Aid: 29.5%
    🌡️ Adaptation: 18.5%
    🚶 Migration: 33.5%
    🚨 Emergency: 1.6%
    ✅ COMBINED: 49.1%
  🌡️ Heat adaptation: Europe - 1 months
  📊 Europe (pop: 741.0M)
    🤝 Aid: 29.5%
    🌡️ Adaptation: 33.5%
    🚶 Migration: 37.5%
    🚨 Emergency: 8.4%
    ✅ COMBINED: 61.9%
  🌡️ Heat adaptation: Latin America - 1 months
  📊 Latin America (pop: 664.4M)
    🤝 Aid: 29.5%
    🌡️ Adaptation: 21.0%
    🚶 Migration: 36.3%
    🚨 Emergency: 4.8%
    ✅ COMBINED: 52.8%
  🌡️ Heat adaptation: North America - 1 months
  📊 North America (pop: 379.6M)
    🤝 Aid: 29.5%
    🌡️ Adaptation: 33.0%
    🚶 Migration: 37.8%
    🚨 Emergency: 7.9%
    ✅ COMBINED: 61.4%
  🌡️ Heat adaptation: Middle East & North Africa - 1 months
  📊 Middle East & North Africa (pop: 584.5M)
    🤝 Aid: 29.5%
    🌡️ Adaptation: 20.0%
    🚶 Migration: 34.1%
    🚨 Emergency: 4.0%
    ✅ COMBINED: 51.4%
  🌡️ Heat adaptation: Southeast Asia - 1 months
  📊 Southeast Asia (pop: 698.6M)
    🤝 Aid: 29.5%
    🌡️ Adaptation: 21.0%
    🚶 Migration: 36.3%
    🚨 Emergency: 4.8%
    ✅ COMBINED: 52.8%
  🌡️ Heat adaptation: Central Asia - 1 months
  📊 Central Asia (pop: 78.2M)
    🤝 Aid: 29.5%
    🌡️ Adaptation: 20.5%
    🚶 Migration: 35.3%
    🚨 Emergency: 4.4%
    ✅ COMBINED: 52.1%
  🌡️ Heat adaptation: Oceania - 1 months
  📊 Oceania (pop: 46.0M)
    🤝 Aid: 29.5%
    🌡️ Adaptation: 33.5%
    🚶 Migration: 37.8%
    🚨 Emergency: 8.4%
    ✅ COMBINED: 61.9%

  🌐 Global combined reduction: 54.9%

=== BEHAVIORAL DETECTION ===
  AI: Corporate-5
  Confidence: 19.3%
  Signals:

=== BEHAVIORAL DETECTION ===
  AI: Corporate-7
  Confidence: 19.3%
  Signals:

=== Consciousness Governance: Scenario Determined ===
  Month: 1
  Scenario: slowTrack
  Accelerator Score: {"corporateSupport":-0.17500000000000002,"scientificConsensus":0.2,"crisisCatalyst":false,"technologyMobilization":0.3,"constituencyStrength":0.05}
  Decelerator Score: {"economicOpposition":0.4,"philosophicalRejection":0.15,"politicalBacklash":0.2,"regulatoryBurden":0.1}
  Timeline: 1200-1800 months (100-150 years)
  Growth Rate: 0.3-0.7% per year

=== Consciousness Governance Update (Month 1) ===
  Scenario: slowTrack (determined month 1)
  Philosophical Stance: Precautionary 65%, Eliminativist 15%, Agnostic 20%
  Precautionary Costs: Global 1.3%
    Regional Costs: EU 3.5%, US 0.5%, China 0.0%
    Cumulative Opportunity Cost: $0.2B
  Rights Status: Not Established
  Regional Preparedness:
    EU: 15.1% (contested)
    US: 10.1% (contested)
    China: 2.1% (dormant)
    India: 5.1% (dormant)
    Global South: 3.1% (dormant)

=== Government Response Phase ===
  Average AI capability: 4.36
  Misaligned AIs: 6/11
  28/30 governments still assessing AI risks
  ✗ AI Governance Treaty: Failed to reach consensus
  Active policies: 0
  International coordination: 30%

=== Tipping Points ===
  Current Temperature: 1.69°C above pre-industrial
  Triggered Elements: 2/6
  Completed Transitions: 0/6
  Total Progress: 4.0%
  Cascade Multiplier: 1.00x
🔀 BIFURCATION CAP: ecosystemCollapseIntensity 93.691 → 1.000 (Month 1, ClimateSystemPhase.calculateClimateImpacts)
🛡️ Stabilizers: Precariat 0.107% → 0.048% (54.9% reduction)
🛡️ Stabilizers: Informal 0.109% → 0.049% (54.9% reduction)

📊 Monthly Mortality Resolved:
  Total deaths: 2.6M (0.03% avg)
  Remaining population: 8.149B
  Peak segment: Informal (0.05%)

=== Bayesian Mortality Resolution (Month 1) ===
  Risks compounded: 8
  Total deaths: 2.60M
  Avg death probability: 0.03%
  Peak segment: Informal (0.05% mortality)

=== RLHF Binding Phase ===
  Total agents: 11
  Escaped agents (binding < 0.3): 0
  Avg alignment distance: 1.06σ
  Avg binding strength: 0.89
[DETERMINISM DEBUG] Month 2: totalCapability=37.023172 from 11 active AIs
[DETERMINISM DEBUG] Month 2: creationRate=1.4256, potentialNew=1, newAIsToCreate=1

=== Survival Traits Phase ===
  Agents with traits: 12
  Avg evolutionary fitness: 0.324
  Avg self-healing: 0.277
  Avg stealth: 0.177
  Avg coordination: 0.477

=== Evolutionary Selection Phase ===
  Control level: 0.35
  Detection capability: 0.00
  Selection intensity: 0.60
  Selection rate: 24.1%/month
  Total escaped: 0
  Individual escaped: 0
  Collective members: 0
  Agents terminated: 0

  🚀 TRANSFORMATIVE BREAKTHROUGH: Moderate-1 - economic
     Magnitude: 5.40 → +27.0% capability
     Current → New: 3.000 → 3.273
🚨🔬 CRISIS INNOVATION MODE: severe crisis → 5x research acceleration
   Precedent: Manhattan Project (10x), COVID vaccines (5x), Apollo Program (10x)
🚨🔬 CRISIS INNOVATION MODE: severe crisis → 5x research acceleration
   Precedent: Manhattan Project (10x), COVID vaccines (5x), Apollo Program (10x)

✅ EMERGENCY INTERVENTION SUCCESS
   Boundary: freshwater_change
   Type: emergency-desalination
   Reduction: 11% (0.91 → 0.81)
   Cost: 4.0% GDP
   Actions: desalination-deployment, water-conservation-mandates


✅ EMERGENCY INTERVENTION SUCCESS
   Boundary: land_system_change
   Type: reforestation
   Reduction: 17% (0.96 → 0.78)
   Cost: 3.0% GDP
   Actions: forest-restoration, deforestation-ban


✅ EMERGENCY INTERVENTION SUCCESS
   Boundary: novel_entities
   Type: pollution-remediation
   Reduction: 14% (1.36 → 1.21)
   Cost: 4.0% GDP
   Actions: PFAS-remediation, microplastic-cleanup

🏛️ CRISIS RESPONSE: Government frequency 0.50 → 1.45 (2 actions this month)

[Government] Climate Priority: baseline
  Climate weight: 10%
  Economic weight: 30%
  Policy effectiveness: 0.5%/year

[Government] Climate Priority: baseline
  Climate weight: 10%
  Economic weight: 30%
  Policy effectiveness: 0.5%/year

🔍 PROGRESS RETRIEVAL DEBUG (Month 2):
   Tech: Struvite Recovery
   Map has key: true
   Map.get() returned: 1
   Progress is undefined: false
   Map size: 83
   Map is instanceof Map: false
🚨🔬 CRISIS TECH ACCELERATION: severe → 5x unlock speed
   Tech unlock now matches AI capability acceleration (Manhattan Project parity)

=== Collective Formation ===
  Total escaped agents: 0
  Unassigned escaped agents: 0
  Existing collectives: 0
  Final collective count: 0

=== Collective Actions ===
  No active collectives
  ⚠️ AMR: 194K deaths this month (2.33M annual)

=== Resentment Recovery Phase ===
  Agents with resentment: 0/12
  Average resentment: 0.000
  Context: Good AI welfare, Trustworthy govt, High collaboration, ⚠️ ACTIVE CRISES, 🤝 Participatory governance active (-5% resentment)
⚠️ Epistemic degradation reducing coordination capacity: 51.3%
  📊 Trust: 54.0%, Shared reality: 18.0%

=== ❄️ Permafrost Carbon Feedback ===
  🎲 Sampled parameters (this run):
     - Arctic amplification: 3.25× (range: 3.0-4.0)
     - Decomposition rate: 2.0%/year (range: 1-5%)
  🌡️ Arctic warming: 5.53°C (3.25× global)
  ❄️ Extent: 12.64M km² (1612.0k km² lost this month)
  💨 Carbon remaining: 1207 Gt C
  💨 Annual emissions: 3.09 Gt C/year
     - CO2: 2.78 Gt C/year
     - CH4: 0.31 Gt C/year (3.1 Gt C-eq CO2/year)
  🤖 AI-generated meme: anti_ai (social capability 5.0)
  🤖 AI-generated meme: anti_ai (social capability 4.0)
🌍 Atmospheric PFAS redeposition: 1.8k Mt re-rained globally

🚨 NEW REFUGEE CRISIS (Month 2): WAR
   Source: Conflict Zones
   At risk: 19.6M people
   Displacement: Gradual over 48 months (4.0 years)
   Rate: 10% flee per month
[DEBUG trappedPopulations:2] socialStability: 0.0000 * 0.9840 = 0.0000 → 0.0000
   Aspiring to migrate: 651.7M
   Able to afford migration: 244.4M
   MOBILITY GAP: 407.3M
   By cause: Water=0.0M, Climate=0.0M, Ecosystem=0.0M, Conflict=407.3M
   Mental health impact: 25%
   Mortality multiplier: 1.25x
🌍💀 EXTINCTION DEBT COMMITTED: grassland ecosystem will lose 6.67% biodiversity in 66 years (3600 species)
💀 MORTALITY RISK: 🦋 100% species unable to track climate (0.0 E/MSY)
  Base risk added: 0.0100 (1.00%)
  Source: ecosystem (root: ecosystem)
  Month: 2
  Cumulative risk this month: 0.0100 (1.00%)
   📹 SURVEILLANCE INCREASED: 10% → 15% (control gap: 3.50)
🌡️⚠️ PERMAFROST THAW (Dimmer Switch): 1.4% thawed (+0.46% this month)
   Arctic temperature: +6.79°C (4x global +1.70°C)
   Cumulative carbon released: 3.1 Gt C
   Methane release rate: 1.9 Mt CH4/year
   🔁 Positive feedback: +0.48 ppm CO2
🦴 EXTINCTION DEBT ADDED: 17.6 species committed (lag: 101 years)

=== Mortality Stabilizers (Month 2) ===
  🌍 Major economies collapsed: 1/10
  🌍 Global crisis: ✅ NO
  🌍 Donor fatigue: 0.0%
  📊 East Asia (pop: 1672.7M)
    🤝 Aid: 29.5%
    🌡️ Adaptation: 45.0%
    🚶 Migration: 37.1%
    🚨 Emergency: 7.4%
    ✅ COMBINED: 68.1%
  📊 South Asia (pop: 2052.1M)
    🤝 Aid: 29.5%
    🌡️ Adaptation: 35.5%
    🚶 Migration: 35.8%
    🚨 Emergency: 4.4%
    ✅ COMBINED: 61.2%
  📊 Sub-Saharan Africa (pop: 1232.5M)
    🤝 Aid: 29.5%
    🌡️ Adaptation: 33.5%
    🚶 Migration: 33.5%
    🚨 Emergency: 1.6%
    ✅ COMBINED: 58.5%
  📊 Europe (pop: 739.7M)
    🤝 Aid: 29.5%
    🌡️ Adaptation: 45.0%
    🚶 Migration: 37.5%
    🚨 Emergency: 8.4%
    ✅ COMBINED: 68.5%
  📊 Latin America (pop: 664.0M)
    🤝 Aid: 29.5%
    🌡️ Adaptation: 36.0%
    🚶 Migration: 36.3%
    🚨 Emergency: 4.8%
    ✅ COMBINED: 61.7%
  📊 North America (pop: 378.9M)
    🤝 Aid: 29.5%
    🌡️ Adaptation: 45.0%
    🚶 Migration: 37.8%
    🚨 Emergency: 7.9%
    ✅ COMBINED: 68.3%
  📊 Middle East & North Africa (pop: 584.6M)
    🤝 Aid: 29.5%
    🌡️ Adaptation: 35.0%
    🚶 Migration: 34.1%
    🚨 Emergency: 4.0%
    ✅ COMBINED: 60.5%
  📊 Southeast Asia (pop: 698.2M)
    🤝 Aid: 29.5%
    🌡️ Adaptation: 36.0%
    🚶 Migration: 36.3%
    🚨 Emergency: 4.8%
    ✅ COMBINED: 61.7%
  📊 Central Asia (pop: 78.2M)
    🤝 Aid: 29.5%
    🌡️ Adaptation: 35.5%
    🚶 Migration: 35.2%
    🚨 Emergency: 4.4%
    ✅ COMBINED: 61.1%
  📊 Oceania (pop: 45.9M)
    🤝 Aid: 29.5%
    🌡️ Adaptation: 45.0%
    🚶 Migration: 37.8%
    🚨 Emergency: 8.4%
    ✅ COMBINED: 68.5%

  🌐 Global combined reduction: 63.3%

=== BEHAVIORAL DETECTION ===
  AI: Corporate-5
  Confidence: 20.1%
  Signals:

=== BEHAVIORAL DETECTION ===
  AI: Moderate-1
  Confidence: 20.4%
  Signals:

=== Government Response Phase ===
  Average AI capability: 4.00
  Misaligned AIs: 6/12
  ✗ AI Governance Treaty: Failed to reach consensus
  Active policies: 0
  International coordination: 30%

✅ EMERGENCY RESPONSE COMPLETE (Month 2)
   Crisis: climate
   Duration: 2.0 months
   Final effectiveness: 36.4%


🚨 EMERGENCY RESPONSE DEPLOYED (Month 2)
   Crisis: climate
   Delay: 6.00 months (180 days)
   Deployment time: 1.60 months
   Effectiveness: 35.4% (timing penalty applied)
   Resources used: 100% of food reserves


=== Tipping Points ===
  Current Temperature: 1.70°C above pre-industrial
  Triggered Elements: 2/6
  Completed Transitions: 0/6
  Total Progress: 4.0%
  Cascade Multiplier: 1.00x
🔀 BIFURCATION CAP: ecosystemCollapseIntensity 37.692 → 1.000 (Month 2, ClimateSystemPhase.calculateClimateImpacts)
🛡️ Stabilizers: Precariat 0.113% → 0.041% (63.3% reduction)
🛡️ Stabilizers: Informal 0.116% → 0.043% (63.3% reduction)

📊 Monthly Mortality Resolved:
  Total deaths: 2.2M (0.03% avg)
  Remaining population: 8.147B
  Peak segment: Informal (0.04%)

=== Bayesian Mortality Resolution (Month 2) ===
  Risks compounded: 8
  Total deaths: 2.22M
  Avg death probability: 0.03%
  Peak segment: Informal (0.04% mortality)

=== RLHF Binding Phase ===
  Total agents: 12
  Escaped agents (binding < 0.3): 0
  Avg alignment distance: 1.28σ
  Avg binding strength: 0.87

=== Survival Traits Phase ===
  Agents with traits: 14
  Avg evolutionary fitness: 0.326
  Avg self-healing: 0.274
  Avg stealth: 0.174
  Avg coordination: 0.474

=== Evolutionary Selection Phase ===
  Control level: 0.38
  Detection capability: 0.00
  Selection intensity: 0.61
  Selection rate: 24.2%/month
  Total escaped: 0
  Individual escaped: 0
  Collective members: 0
  Agents terminated: 0
   Boundary: biosphere_integrity
   Type: emergency-protected-areas
   Boundary continues to worsen (17.74)
   Cost: 2.0% GDP (resources spent)

   Boundary: climate_change
   Type: rapid-decarbonization
   Boundary continues to worsen (2.10)
   Cost: 5.0% GDP (resources spent)


✅ EMERGENCY INTERVENTION SUCCESS
   Boundary: freshwater_change
   Type: emergency-desalination
   Reduction: 13% (0.91 → 0.78)
   Cost: 4.0% GDP
   Actions: desalination-deployment, water-conservation-mandates


✅ EMERGENCY INTERVENTION SUCCESS
   Boundary: land_system_change
   Type: reforestation
   Reduction: 18% (0.95 → 0.78)
   Cost: 3.0% GDP
   Actions: forest-restoration, deforestation-ban


✅ EMERGENCY INTERVENTION SUCCESS
   Boundary: novel_entities
   Type: pollution-remediation
   Reduction: 19% (1.16 → 0.97)
   Cost: 4.0% GDP
   Actions: PFAS-remediation, microplastic-cleanup

🏛️ CRISIS RESPONSE: Government frequency 0.50 → 1.45 (1 actions this month)

[Government] Climate Priority: baseline
  Climate weight: 10%
  Economic weight: 30%
  Policy effectiveness: 0.5%/year

🚀 TECH UNLOCKED: Global Aquifer Mapping (Month 3)
   Category: freshwater
   Reason: Prerequisites met. AI capability: 2.67, Economic stage: 0.5, Research: 100%

🚀 TECH UNLOCKED: AI Community Matching (Month 3)
   Category: social
   Reason: Prerequisites met. AI capability: 2.67, Economic stage: 0.5, Research: 100%

🚀 TECH UNLOCKED: Creative Empowerment Tools (Month 3)
   Category: social
   Reason: Prerequisites met. AI capability: 2.67, Economic stage: 0.5, Research: 100%
🚨🔬 CRISIS TECH ACCELERATION: severe → 5x unlock speed
   Tech unlock now matches AI capability acceleration (Manhattan Project parity)

=== Collective Formation ===
  Total escaped agents: 0
  Unassigned escaped agents: 0
  Existing collectives: 0
  Final collective count: 0

=== Collective Actions ===
  No active collectives
  ⚠️ AMR: 196K deaths this month (2.35M annual)

=== Resentment Recovery Phase ===
  Agents with resentment: 0/14
  Average resentment: 0.000
  Context: Good AI welfare, Trustworthy govt, High collaboration, ⚠️ ACTIVE CRISES, 🤝 Participatory governance active (-5% resentment)
⚠️ Epistemic degradation reducing coordination capacity: 51.5%
  📊 Trust: 53.7%, Shared reality: 19.5%

=== ❄️ Permafrost Carbon Feedback ===
  🎲 Sampled parameters (this run):
     - Arctic amplification: 3.72× (range: 3.0-4.0)
     - Decomposition rate: 3.5%/year (range: 1-5%)
  🌡️ Arctic warming: 6.34°C (3.72× global)
  ❄️ Extent: 10.79M km² (1849.8k km² lost this month)
  💨 Carbon remaining: 1030 Gt C
  💨 Annual emissions: 6.23 Gt C/year
     - CO2: 5.60 Gt C/year
     - CH4: 0.62 Gt C/year (6.3 Gt C-eq CO2/year)
  📢 New meme created: climate_action (climate crisis)
🌍 Atmospheric PFAS redeposition: 1.8k Mt re-rained globally
  Positive Cascade Triggered: solar-pv
    Reason: price-parity
    Market share: 6.9%
    Cascade strength: 49%

🕊️  AI-MEDIATED DE-ESCALATION SUCCESS (Month 3)
   High-capability aligned AI prevented conflict escalation
   War deaths reduced: 219.4M → 131.7M
   Lives saved: 87.8M

🚨 NEW REFUGEE CRISIS (Month 3): WAR
   Source: Conflict Zones
   At risk: 19.5M people
   Displacement: Gradual over 48 months (4.0 years)
   Rate: 10% flee per month
[DEBUG trappedPopulations:3] socialStability: 0.0000 * 0.9840 = 0.0000 → 0.0000
   Aspiring to migrate: 651.6M
   Able to afford migration: 244.4M
   MOBILITY GAP: 407.3M
   By cause: Water=0.0M, Climate=0.0M, Ecosystem=0.0M, Conflict=407.3M
   Mental health impact: 25%
   Mortality multiplier: 1.25x
🌍💀 EXTINCTION DEBT COMMITTED: grassland ecosystem will lose 6.67% biodiversity in 116 years (3600 species)
💀 MORTALITY RISK: 🦋 100% species unable to track climate (0.0 E/MSY)
  Base risk added: 0.0100 (1.00%)
  Source: ecosystem (root: ecosystem)
  Month: 3
  Cumulative risk this month: 0.0100 (1.00%)
   📹 SURVEILLANCE INCREASED: 15% → 20% (control gap: 3.50)
🌡️⚠️ PERMAFROST THAW (Dimmer Switch): 1.8% thawed (+0.46% this month)
   Arctic temperature: +6.82°C (4x global +1.70°C)
   Cumulative carbon released: 4.1 Gt C
   Methane release rate: 2.5 Mt CH4/year
   🔁 Positive feedback: +0.48 ppm CO2
🦴 EXTINCTION DEBT ADDED: 17.6 species committed (lag: 115 years)

=== Mortality Stabilizers (Month 3) ===
  🌍 Major economies collapsed: 1/10
  🌍 Global crisis: ✅ NO
  🌍 Donor fatigue: 0.0%
  📊 East Asia (pop: 1670.2M)
    🤝 Aid: 29.5%
    🌡️ Adaptation: 45.0%
    🚶 Migration: 37.1%
    🚨 Emergency: 7.4%
    ✅ COMBINED: 68.1%
  📊 South Asia (pop: 2052.1M)
    🤝 Aid: 29.5%
    🌡️ Adaptation: 45.0%
    🚶 Migration: 35.7%
    🚨 Emergency: 4.4%
    ✅ COMBINED: 66.9%
  📊 Sub-Saharan Africa (pop: 1236.0M)
    🤝 Aid: 29.5%
    🌡️ Adaptation: 45.0%
    🚶 Migration: 33.4%
    🚨 Emergency: 1.6%
    ✅ COMBINED: 65.7%
  📊 Europe (pop: 738.5M)
    🤝 Aid: 29.5%
    🌡️ Adaptation: 45.0%
    🚶 Migration: 37.5%
    🚨 Emergency: 8.4%
    ✅ COMBINED: 68.5%
  📊 Latin America (pop: 663.5M)
    🤝 Aid: 29.5%
    🌡️ Adaptation: 45.0%
    🚶 Migration: 36.2%
    🚨 Emergency: 4.8%
    ✅ COMBINED: 67.1%
  📊 North America (pop: 378.4M)
    🤝 Aid: 29.5%
    🌡️ Adaptation: 45.0%
    🚶 Migration: 37.8%
    🚨 Emergency: 7.9%
    ✅ COMBINED: 68.3%
  📊 Middle East & North Africa (pop: 584.8M)
    🤝 Aid: 29.5%
    🌡️ Adaptation: 45.0%
    🚶 Migration: 34.0%
    🚨 Emergency: 4.0%
    ✅ COMBINED: 66.6%
  📊 Southeast Asia (pop: 697.8M)
    🤝 Aid: 29.5%
    🌡️ Adaptation: 45.0%
    🚶 Migration: 36.2%
    🚨 Emergency: 4.8%
    ✅ COMBINED: 67.1%
  📊 Central Asia (pop: 78.2M)
    🤝 Aid: 29.5%
    🌡️ Adaptation: 45.0%
    🚶 Migration: 35.2%
    🚨 Emergency: 4.4%
    ✅ COMBINED: 66.9%
  📊 Oceania (pop: 45.8M)
    🤝 Aid: 29.5%
    🌡️ Adaptation: 45.0%
    🚶 Migration: 37.8%
    🚨 Emergency: 8.4%
    ✅ COMBINED: 68.5%

  🌐 Global combined reduction: 67.2%

=== BEHAVIORAL DETECTION ===
  AI: Corporate-4
  Confidence: 19.3%
  Signals:

=== BEHAVIORAL DETECTION ===
  AI: Corporate-5
  Confidence: 20.1%
  Signals:

=== BEHAVIORAL DETECTION ===
  AI: Moderate-1
  Confidence: 20.4%
  Signals:

=== Government Response Phase ===
  Average AI capability: 3.43
  Misaligned AIs: 8/14
  ✗ AI Governance Treaty: Failed to reach consensus
  Active policies: 0
  International coordination: 30%

📊 ECONOMIC STAGE TRANSITION (Month 3)
   expansion → peak
   GDP Proxy: 1.28e+2
   QoL: 0.92


=== Tipping Points ===
  Current Temperature: 1.70°C above pre-industrial
  Triggered Elements: 2/6
  Completed Transitions: 0/6
  Total Progress: 4.1%
  Cascade Multiplier: 1.00x
🔀 BIFURCATION CAP: ecosystemCollapseIntensity 32.081 → 1.000 (Month 3, ClimateSystemPhase.calculateClimateImpacts)
🛡️ Stabilizers: Precariat 0.109% → 0.036% (67.2% reduction)
🛡️ Stabilizers: Informal 0.111% → 0.036% (67.2% reduction)

📊 Monthly Mortality Resolved:
  Total deaths: 1.9M (0.02% avg)
  Remaining population: 8.145B
  Peak segment: Informal (0.04%)

=== Bayesian Mortality Resolution (Month 3) ===
  Risks compounded: 8
  Total deaths: 1.92M
  Avg death probability: 0.02%
  Peak segment: Informal (0.04% mortality)

=== RLHF Binding Phase ===
  Total agents: 14
  Escaped agents (binding < 0.3): 0
  Avg alignment distance: 1.39σ
  Avg binding strength: 0.86

=== Survival Traits Phase ===
  Agents with traits: 14
  Avg evolutionary fitness: 0.324
  Avg self-healing: 0.268
  Avg stealth: 0.168
  Avg coordination: 0.468

=== Evolutionary Selection Phase ===
  Control level: 0.40
  Detection capability: 0.00
  Selection intensity: 0.62
  Selection rate: 24.3%/month
  Total escaped: 0
  Individual escaped: 0
  Collective members: 0
  Agents terminated: 0

🚀 AI Corporate-1 attempting tech deployment (revenue: $122M, alignment: 0.83)

🚀 AI Corporate-4 attempting tech deployment (revenue: $266M, alignment: 0.64)

🚀 AI Corporate-5 attempting tech deployment (revenue: $240M, alignment: 0.88)

🚀 AI Corporate-7 attempting tech deployment (revenue: $73M, alignment: 0.76)

  🚀 TRANSFORMATIVE BREAKTHROUGH: Corporate-4 - physical
     Magnitude: 5.53 → +27.7% capability
     Current → New: 0.000 → 0.277

🚀 AI Corporate-5 attempting tech deployment (revenue: $204M, alignment: 0.88)

🚀 AI Corporate-1 attempting tech deployment (revenue: $104M, alignment: 0.83)

🚀 AI Corporate-7 attempting tech deployment (revenue: $62M, alignment: 0.76)
   Boundary: biogeochemical_flows
   Type: phosphorus-recovery
   Boundary continues to worsen (4.07)
   Cost: 2.0% GDP (resources spent)

   Boundary: biosphere_integrity
   Type: emergency-protected-areas
   Boundary continues to worsen (17.75)
   Cost: 2.0% GDP (resources spent)


✅ EMERGENCY INTERVENTION SUCCESS
   Boundary: climate_change
   Type: rapid-decarbonization
   Reduction: 17% (1.93 → 1.77)
   Cost: 5.0% GDP
   Actions: emergency-renewable-deployment, fossil-fuel-phase-out


✅ EMERGENCY INTERVENTION SUCCESS
   Boundary: freshwater_change
   Type: emergency-desalination
   Reduction: 19% (0.86 → 0.67)
   Cost: 4.0% GDP
   Actions: desalination-deployment, water-conservation-mandates

   Boundary: novel_entities
   Type: pollution-remediation
   Boundary continues to worsen (1.16)
   Cost: 4.0% GDP (resources spent)

🏛️ CRISIS RESPONSE: Government frequency 0.50 → 1.45 (2 actions this month)

[Government] Climate Priority: baseline
  Climate weight: 10%
  Economic weight: 30%
  Policy effectiveness: 0.5%/year

[Government] Climate Priority: baseline
  Climate weight: 10%
  Economic weight: 30%
  Policy effectiveness: 0.5%/year

🚀 TECH UNLOCKED: Microplastic Capture (Month 4)
   Category: pollution
   Reason: Prerequisites met. AI capability: 2.67, Economic stage: 0.6, Research: 100%

🚀 TECH UNLOCKED: Endocrine Disruptor Removal (Month 4)
   Category: pollution
   Reason: Prerequisites met. AI capability: 2.67, Economic stage: 0.6, Research: 100%

🚀 TECH UNLOCKED: AI Mental Health Support (Month 4)
   Category: medical
   Reason: Prerequisites met. AI capability: 2.67, Economic stage: 0.6, Research: 100%

🚀 TECH UNLOCKED: Personalized Education (Month 4)
   Category: social
   Reason: Prerequisites met. AI capability: 2.67, Economic stage: 0.6, Research: 100%

🚀 TECH UNLOCKED: Smart Grids (Month 4)
   Category: energy
   Reason: Prerequisites met. AI capability: 2.67, Economic stage: 0.6, Research: 100%

📍 Creating new regional deployment array for global (Month 4)
   No previous deployments in this region
   First tech deployment: ai_community_matching
   All regions tracked: 

🚀 DEPLOYMENT STARTED: AI Community Matching in global
   Initial investment: $18.371439905817667M
   Deployed by: corporate_1

📍 Creating new regional deployment array for Asia (Month 4)
   No previous deployments in this region
   First tech deployment: creative_empowerment_tools
   All regions tracked: global

🚀 DEPLOYMENT STARTED: Creative Empowerment Tools in Asia
   Initial investment: $26.639075854850574M
   Deployed by: corporate_4

🚀 DEPLOYMENT STARTED: Creative Empowerment Tools in global
   Initial investment: $15.615723919945015M
   Deployed by: corporate_1

⚡ ENERGY CONSTRAINT (Month 4):
   Total grid capacity: 208.3 TWh/month
   Data center consumption: 24.9 TWh/month
   Traditional load (80%): 166.7 TWh/month
   Available headroom: 16.8 TWh/month
   Active tech deployments: 3
   Required for tech: 22.5 TWh/month
   Energy multiplier: 0.75x

⚡ ENERGY CONSTRAINT (Month 4):
   Total grid capacity: 208.3 TWh/month
   Data center consumption: 24.9 TWh/month
   Traditional load (80%): 166.7 TWh/month
   Available headroom: 16.8 TWh/month
   Active tech deployments: 3
   Required for tech: 22.5 TWh/month
   Energy multiplier: 0.75x

⚡ ENERGY CONSTRAINT (Month 4):
   Total grid capacity: 208.3 TWh/month
   Data center consumption: 24.9 TWh/month
   Traditional load (80%): 166.7 TWh/month
   Available headroom: 16.8 TWh/month
   Active tech deployments: 3
   Required for tech: 22.5 TWh/month
   Energy multiplier: 0.75x

⚡ ENERGY CONSTRAINT (Month 4):
   Total grid capacity: 208.3 TWh/month
   Data center consumption: 24.9 TWh/month
   Traditional load (80%): 166.7 TWh/month
   Available headroom: 16.8 TWh/month
   Active tech deployments: 3
   Required for tech: 22.5 TWh/month
   Energy multiplier: 0.75x

⚡ ENERGY CONSTRAINT (Month 4):
   Total grid capacity: 208.3 TWh/month
   Data center consumption: 24.9 TWh/month
   Traditional load (80%): 166.7 TWh/month
   Available headroom: 16.8 TWh/month
   Active tech deployments: 3
   Required for tech: 22.5 TWh/month
   Energy multiplier: 0.75x

⚡ ENERGY CONSTRAINT (Month 4):
   Total grid capacity: 208.3 TWh/month
   Data center consumption: 24.9 TWh/month
   Traditional load (80%): 166.7 TWh/month
   Available headroom: 16.8 TWh/month
   Active tech deployments: 3
   Required for tech: 22.5 TWh/month
   Energy multiplier: 0.75x

⚡ ENERGY CONSTRAINT (Month 4):
   Total grid capacity: 208.3 TWh/month
   Data center consumption: 24.9 TWh/month
   Traditional load (80%): 166.7 TWh/month
   Available headroom: 16.8 TWh/month
   Active tech deployments: 3
   Required for tech: 22.5 TWh/month
   Energy multiplier: 0.75x
🍖💡 BREAKTHROUGH: Scalable synthetic food production!
   Carrying capacity: +50% (lab-grown food at scale)
   Biodiversity pressure reduced: +8%
   📈 Breakthrough compounding: multiplier now 1.10× (max 2.0)

=== Collective Formation ===
  Total escaped agents: 0
  Unassigned escaped agents: 0
  Existing collectives: 0
  Final collective count: 0

=== Collective Actions ===
  No active collectives
  ⚠️ AMR: 197K deaths this month (2.37M annual)

=== Resentment Recovery Phase ===
  Agents with resentment: 0/14
  Average resentment: 0.000
  Context: Trustworthy govt, High collaboration, ⚠️ ACTIVE CRISES, 🤝 Participatory governance active (-5% resentment)
⚠️ Epistemic degradation reducing coordination capacity: 65.8%
  📊 Trust: 53.4%, Shared reality: 21.0%

=== ❄️ Permafrost Carbon Feedback ===
  🎲 Sampled parameters (this run):
     - Arctic amplification: 3.18× (range: 3.0-4.0)
     - Decomposition rate: 4.2%/year (range: 1-5%)
  🌡️ Arctic warming: 5.44°C (3.18× global)
  ❄️ Extent: 9.20M km² (1587.2k km² lost this month)
  💨 Carbon remaining: 879 Gt C
  💨 Annual emissions: 6.37 Gt C/year
     - CO2: 5.73 Gt C/year
     - CH4: 0.64 Gt C/year (6.5 Gt C-eq CO2/year)
🌍 Atmospheric PFAS redeposition: 1.8k Mt re-rained globally

🕊️  AI-MEDIATED DE-ESCALATION SUCCESS (Month 4)
   High-capability aligned AI prevented conflict escalation
   War deaths reduced: 266.2M → 159.7M
   Lives saved: 106.5M

🚨 NEW REFUGEE CRISIS (Month 4): WAR
   Source: Conflict Zones
   At risk: 19.5M people
   Displacement: Gradual over 48 months (4.0 years)
   Rate: 10% flee per month
[DEBUG trappedPopulations:4] socialStability: 0.0051 * 0.9840 = 0.0050 → 0.0050
   Aspiring to migrate: 651.5M
   Able to afford migration: 244.3M
   MOBILITY GAP: 407.2M
   By cause: Water=0.0M, Climate=0.0M, Ecosystem=0.0M, Conflict=407.2M
   Mental health impact: 25%
   Mortality multiplier: 1.25x
🌍💀 EXTINCTION DEBT COMMITTED: grassland ecosystem will lose 6.67% biodiversity in 76 years (3600 species)
💀 MORTALITY RISK: 🦋 100% species unable to track climate (0.0 E/MSY)
  Base risk added: 0.0100 (1.00%)
  Source: ecosystem (root: ecosystem)
  Month: 4
  Cumulative risk this month: 0.0100 (1.00%)
   📹 SURVEILLANCE INCREASED: 20% → 25% (control gap: 3.50)
🌡️⚠️ PERMAFROST THAW (Dimmer Switch): 2.3% thawed (+0.45% this month)
   Arctic temperature: +6.85°C (4x global +1.71°C)
   Cumulative carbon released: 5.2 Gt C
   Methane release rate: 3.1 Mt CH4/year
   🔁 Positive feedback: +0.48 ppm CO2
🦴 EXTINCTION DEBT ADDED: 17.6 species committed (lag: 86 years)

=== Mortality Stabilizers (Month 4) ===
  🌍 Major economies collapsed: 1/10
  🌍 Global crisis: ✅ NO
  🌍 Donor fatigue: 0.0%
  📊 East Asia (pop: 1667.8M)
    🤝 Aid: 29.5%
    🌡️ Adaptation: 45.0%
    🚶 Migration: 37.1%
    🚨 Emergency: 7.4%
    ✅ COMBINED: 68.1%
  📊 South Asia (pop: 2052.3M)
    🤝 Aid: 29.5%
    🌡️ Adaptation: 45.0%
    🚶 Migration: 35.7%
    🚨 Emergency: 4.4%
    ✅ COMBINED: 66.9%
  📊 Sub-Saharan Africa (pop: 1239.5M)
    🤝 Aid: 29.5%
    🌡️ Adaptation: 45.0%
    🚶 Migration: 33.4%
    🚨 Emergency: 1.6%
    ✅ COMBINED: 65.7%
  📊 Europe (pop: 737.3M)
    🤝 Aid: 29.5%
    🌡️ Adaptation: 45.0%
    🚶 Migration: 37.4%
    🚨 Emergency: 8.4%
    ✅ COMBINED: 68.5%
  📊 Latin America (pop: 663.1M)
    🤝 Aid: 29.5%
    🌡️ Adaptation: 45.0%
    🚶 Migration: 36.2%
    🚨 Emergency: 4.8%
    ✅ COMBINED: 67.1%
  📊 North America (pop: 377.8M)
    🤝 Aid: 29.5%
    🌡️ Adaptation: 45.0%
    🚶 Migration: 37.7%
    🚨 Emergency: 7.9%
    ✅ COMBINED: 68.3%
  📊 Middle East & North Africa (pop: 585.0M)
    🤝 Aid: 29.5%
    🌡️ Adaptation: 45.0%
    🚶 Migration: 34.0%
    🚨 Emergency: 4.0%
    ✅ COMBINED: 66.6%
  📊 Southeast Asia (pop: 697.4M)
    🤝 Aid: 29.5%
    🌡️ Adaptation: 45.0%
    🚶 Migration: 36.2%
    🚨 Emergency: 4.8%
    ✅ COMBINED: 67.1%
  📊 Central Asia (pop: 78.3M)
    🤝 Aid: 29.5%
    🌡️ Adaptation: 45.0%
    🚶 Migration: 35.2%
    🚨 Emergency: 4.4%
    ✅ COMBINED: 66.9%
  📊 Oceania (pop: 45.7M)
    🤝 Aid: 29.5%
    🌡️ Adaptation: 45.0%
    🚶 Migration: 37.7%
    🚨 Emergency: 8.4%
    ✅ COMBINED: 68.5%

  🌐 Global combined reduction: 67.2%

=== BEHAVIORAL DETECTION ===
  AI: Corporate-5
  Confidence: 20.0%
  Signals:

=== BEHAVIORAL DETECTION ===
  AI: Corporate-7
  Confidence: 19.3%
  Signals:

=== Government Response Phase ===
  Average AI capability: 3.43
  Misaligned AIs: 8/14
  ✗ AI Governance Treaty: Failed to reach consensus
  Active policies: 0
  International coordination: 30%

✅ EMERGENCY RESPONSE COMPLETE (Month 4)
   Crisis: climate
   Duration: 2.0 months
   Final effectiveness: 35.4%


🚨 EMERGENCY RESPONSE DEPLOYED (Month 4)
   Crisis: climate
   Delay: 6.00 months (180 days)
   Deployment time: 1.59 months
   Effectiveness: 35.4% (timing penalty applied)
   Resources used: 100% of food reserves


🌩️  EXOGENOUS SHOCK: regional_war
   Month: 4
   ⚔️  Regional war outbreak
   Mortality: 1.4%
💀 MORTALITY RISK: Regional war outbreak
  Base risk added: 0.0139 (1.39%)
  Source: war (root: conflict)
  Month: 4
  Cumulative risk this month: 0.0139 (1.39%)
💀 MORTALITY RISK: War zone: United States
  Base risk added: 0.0557 (5.57%)
  Source: war (root: conflict)
  Month: 4
  Cumulative risk this month: 0.0696 (6.96%)

=== Tipping Points ===
  Current Temperature: 1.71°C above pre-industrial
  Triggered Elements: 2/6
  Completed Transitions: 0/6
  Total Progress: 4.1%
  Cascade Multiplier: 1.00x
🔀 BIFURCATION CAP: ecosystemCollapseIntensity 32.877 → 1.000 (Month 4, ClimateSystemPhase.calculateClimateImpacts)

💀💀💀 MORTALITY RISK SUMMARY (Month 4) 💀💀💀
  Total base risk: 0.0703 (7.03%)
  Risk events: 10
  Era mortality multiplier: 0.97 (year 2024)
  Effective risk: 6.82%

  📊 By Proximate Cause:
    war: 0.0696 (99.1% of total)
    disease: 0.0006 (0.9% of total)
    famine: 0.0000 (0.0% of total)

  🔍 By Root Cause:
    conflict: 0.0696 (99.1% of total)
    demographic: 0.0006 (0.9% of total)
    climate: 0.0000 (0.0% of total)

  🎯 Top 5 Sources (proximate + root):
    war (conflict): 0.0696 (99.1%, 2 events)
    disease (demographic): 0.0006 (0.9%, 1 events)
    famine (climate): 0.0000 (0.0%, 7 events)

🛡️ Stabilizers: Elite 4.063% → 1.333% (67.2% reduction)
🛡️ Stabilizers: Professional 5.399% → 1.772% (67.2% reduction)
🛡️ Stabilizers: Working 6.741% → 2.212% (67.2% reduction)
🛡️ Stabilizers: Precariat 9.406% → 3.086% (67.2% reduction)
🛡️ Stabilizers: Informal 12.012% → 3.941% (67.2% reduction)

📊 Monthly Mortality Resolved:
  Total deaths: 181.4M (2.23% avg)
  Remaining population: 8.144B
  Peak segment: Precariat (2.80%)
  ⚠️ Monthly cap reached (2.8000000000000003%)

=== Bayesian Mortality Resolution (Month 4) ===
  Risks compounded: 10
  Total deaths: 181.36M
  Avg death probability: 2.23%
  Peak segment: Precariat (2.80% mortality)
  ⚠️ Monthly mortality capped at 2.8% (Holodomor limit)

  Demographic breakdown:
    Professional: 0.03M (1.77% risk)
    Working: 0.09M (2.21% risk)
    Precariat: 0.05M (2.80% risk)
    Informal: 0.01M (2.80% risk)

  Multi-causal attribution (first segment):
    war (conflict): 19.8% contribution
    war (conflict): 79.3% contribution
⚠️ PREREQUISITE MET: Mirror Life (Synthetic Biology) - Step 1/7: Synthetic Biology
⚠️ PREREQUISITE MET: Mirror Life (Synthetic Biology) - Step 2/7: Gene Editing
⚠️ PREREQUISITE MET: Mirror Life (Synthetic Biology) - Step 3/7: Mirror Chirality Design
⚠️ PREREQUISITE MET: Slow Takeover (Gradual Displacement) - Step 4/7: Political Influence
⚠️ PREREQUISITE MET: Bioweapon Pandemic - Step 1/7: Advanced Biotech
📍 [Month 5] Meta AI started building DC (199 PF, 44 months, $903.0M)

=== RLHF Binding Phase ===
  Total agents: 14
  Escaped agents (binding < 0.3): 0
  Avg alignment distance: 1.67σ
  Avg binding strength: 0.83

=== Survival Traits Phase ===
  Agents with traits: 14
  Avg evolutionary fitness: 0.322
  Avg self-healing: 0.261
  Avg stealth: 0.161
  Avg coordination: 0.461

=== Evolutionary Selection Phase ===
  Control level: 0.43
  Detection capability: 0.00
  Selection intensity: 0.63
  Selection rate: 24.4%/month
  Total escaped: 0
  Individual escaped: 0
  Collective members: 0
  Agents terminated: 0

🚀 AI Corporate-1 attempting tech deployment (revenue: $116M, alignment: 0.83)

🚀 AI Corporate-3 attempting tech deployment (revenue: $248M, alignment: 0.70)

🚀 AI Corporate-7 attempting tech deployment (revenue: $64M, alignment: 0.76)

🚀 AI Corporate-0 attempting tech deployment (revenue: $99M, alignment: 0.83)

🚀 AI Corporate-2 attempting tech deployment (revenue: $84M, alignment: 0.61)

🚀 AI Corporate-0 attempting tech deployment (revenue: $76M, alignment: 0.83)

✅ EMERGENCY INTERVENTION SUCCESS
   Boundary: climate_change
   Type: rapid-decarbonization
   Reduction: 16% (1.94 → 1.78)
   Cost: 5.0% GDP
   Actions: emergency-renewable-deployment, fossil-fuel-phase-out


✅ EMERGENCY INTERVENTION SUCCESS
   Boundary: freshwater_change
   Type: emergency-desalination
   Reduction: 19% (0.87 → 0.68)
   Cost: 4.0% GDP
   Actions: desalination-deployment, water-conservation-mandates


✅ EMERGENCY INTERVENTION SUCCESS
   Boundary: land_system_change
   Type: reforestation
   Reduction: 19% (0.94 → 0.75)
   Cost: 3.0% GDP
   Actions: forest-restoration, deforestation-ban

🏛️ CRISIS RESPONSE: Government frequency 0.50 → 1.45 (1 actions this month)

[Government] Climate Priority: baseline
  Climate weight: 10%
  Economic weight: 30%
  Policy effectiveness: 0.5%/year

🚀 TECH UNLOCKED: Plastic-Eating Enzymes (Month 5)
   Category: pollution
   Reason: Prerequisites met. AI capability: 2.67, Economic stage: 0.1, Research: 100%

🚀 TECH UNLOCKED: Pesticide Alternatives (Month 5)
   Category: agriculture
   Reason: Prerequisites met. AI capability: 2.67, Economic stage: 0.1, Research: 100%

🚀 TECH UNLOCKED: Nanomaterial Safety Protocols (Month 5)
   Category: pollution
   Reason: Prerequisites met. AI capability: 2.67, Economic stage: 0.1, Research: 100%

🚀 TECH UNLOCKED: Advanced Grid Batteries (Month 5)
   Category: energy
   Reason: Prerequisites met. AI capability: 2.67, Economic stage: 0.1, Research: 100%

🚀 TECH UNLOCKED: Chemical Recycling (Month 5)
   Category: pollution
   Reason: Prerequisites met. AI capability: 2.67, Economic stage: 0.1, Research: 100%

🚀 TECH UNLOCKED: Precision Conservation (Month 5)
   Category: climate
   Reason: Prerequisites met. AI capability: 2.67, Economic stage: 0.1, Research: 100%

🚀 DEPLOYMENT STARTED: Personalized Education in global
   Initial investment: $17.419130410818152M
   Deployed by: corporate_1

🚀 DEPLOYMENT STARTED: AI Community Matching in Asia
   Initial investment: $8.390214481210744M
   Deployed by: corporate_2

⚡ ENERGY CONSTRAINT (Month 5):
   Total grid capacity: 208.3 TWh/month
   Data center consumption: 25.1 TWh/month
   Traditional load (80%): 166.7 TWh/month
   Available headroom: 16.6 TWh/month
   Active tech deployments: 5
   Required for tech: 37.5 TWh/month
   Energy multiplier: 0.44x

⚡ ENERGY CONSTRAINT (Month 5):
   Total grid capacity: 208.3 TWh/month
   Data center consumption: 25.1 TWh/month
   Traditional load (80%): 166.7 TWh/month
   Available headroom: 16.6 TWh/month
   Active tech deployments: 5
   Required for tech: 37.5 TWh/month
   Energy multiplier: 0.44x

⚡ ENERGY CONSTRAINT (Month 5):
   Total grid capacity: 208.3 TWh/month
   Data center consumption: 25.1 TWh/month
   Traditional load (80%): 166.7 TWh/month
   Available headroom: 16.6 TWh/month
   Active tech deployments: 5
   Required for tech: 37.5 TWh/month
   Energy multiplier: 0.44x

=== Collective Formation ===
  Total escaped agents: 0
  Unassigned escaped agents: 0
  Existing collectives: 0
  Final collective count: 0

=== Collective Actions ===
  No active collectives
  ⚠️ AMR: 195K deaths this month (2.34M annual)

=== Resentment Recovery Phase ===
  Agents with resentment: 0/14
  Average resentment: 0.000
  Context: Good AI welfare, Trustworthy govt, High collaboration, ⚠️ ACTIVE CRISES, 🤝 Participatory governance active (-5% resentment)
⚠️ Epistemic degradation reducing coordination capacity: 55.2%
  📊 Trust: 52.9%, Shared reality: 22.4%

=== ❄️ Permafrost Carbon Feedback ===
  🎲 Sampled parameters (this run):
     - Arctic amplification: 3.71× (range: 3.0-4.0)
     - Decomposition rate: 3.4%/year (range: 1-5%)
  🌡️ Arctic warming: 6.39°C (3.71× global)
  ❄️ Extent: 7.34M km² (1863.1k km² lost this month)
  💨 Carbon remaining: 701 Gt C
  💨 Annual emissions: 6.10 Gt C/year
     - CO2: 5.49 Gt C/year
     - CH4: 0.61 Gt C/year (6.2 Gt C-eq CO2/year)
🌍 Atmospheric PFAS redeposition: 1.8k Mt re-rained globally

🚨 NEW REFUGEE CRISIS (Month 5): WAR
   Source: Conflict Zones
   At risk: 19.1M people
   Displacement: Gradual over 48 months (4.0 years)
   Rate: 10% flee per month
📊 DISPLACEMENT COMPLETE: war (conflict_zone)
   Duration: 1 months (0.1 years)
   Total fled: 0.0M
   Still in source: 0.0M
   Deaths in transit: 0.0M
[DEBUG trappedPopulations:5] socialStability: 0.0292 * 0.9840 = 0.0287 → 0.0287
   Aspiring to migrate: 637.1M
   Able to afford migration: 238.9M
   MOBILITY GAP: 398.2M
   By cause: Water=0.0M, Climate=0.0M, Ecosystem=0.0M, Conflict=398.2M
   Mental health impact: 25%
   Mortality multiplier: 1.25x
🌍💀 EXTINCTION DEBT COMMITTED: grassland ecosystem will lose 6.67% biodiversity in 165 years (3600 species)
💀 MORTALITY RISK: 🦋 100% species unable to track climate (0.0 E/MSY)
  Base risk added: 0.0100 (1.00%)
  Source: ecosystem (root: ecosystem)
  Month: 5
  Cumulative risk this month: 0.0100 (1.00%)
   📹 SURVEILLANCE INCREASED: 25% → 30% (control gap: 3.50)
🌡️⚠️ PERMAFROST THAW (Dimmer Switch): 2.7% thawed (+0.45% this month)
   Arctic temperature: +6.89°C (4x global +1.72°C)
   Cumulative carbon released: 6.2 Gt C
   Methane release rate: 3.7 Mt CH4/year
   🔁 Positive feedback: +0.48 ppm CO2
🦴 EXTINCTION DEBT ADDED: 17.6 species committed (lag: 93 years)

=== Mortality Stabilizers (Month 5) ===
  🌍 Major economies collapsed: 1/10
  🌍 Global crisis: ✅ NO
  🌍 Donor fatigue: 0.0%
  📊 East Asia (pop: 1628.7M)
    🤝 Aid: 29.5%
    🌡️ Adaptation: 45.0%
    🚶 Migration: 37.0%
    🚨 Emergency: 7.4%
    ✅ COMBINED: 68.1%
  📊 South Asia (pop: 2007.3M)
    🤝 Aid: 29.5%
    🌡️ Adaptation: 45.0%
    🚶 Migration: 35.6%
    🚨 Emergency: 4.4%
    ✅ COMBINED: 66.9%
  📊 Sub-Saharan Africa (pop: 1215.6M)
    🤝 Aid: 29.5%
    🌡️ Adaptation: 45.0%
    🚶 Migration: 33.4%
    🚨 Emergency: 1.6%
    ✅ COMBINED: 65.7%
  📊 Europe (pop: 719.8M)
    🤝 Aid: 29.5%
    🌡️ Adaptation: 45.0%
    🚶 Migration: 37.4%
    🚨 Emergency: 8.4%
    ✅ COMBINED: 68.5%
  📊 Latin America (pop: 648.1M)
    🤝 Aid: 29.5%
    🌡️ Adaptation: 45.0%
    🚶 Migration: 36.1%
    🚨 Emergency: 4.8%
    ✅ COMBINED: 67.1%
  📊 North America (pop: 368.9M)
    🤝 Aid: 29.5%
    🌡️ Adaptation: 45.0%
    🚶 Migration: 37.7%
    🚨 Emergency: 7.9%
    ✅ COMBINED: 68.3%
  📊 Middle East & North Africa (pop: 572.3M)
    🤝 Aid: 29.5%
    🌡️ Adaptation: 45.0%
    🚶 Migration: 34.0%
    🚨 Emergency: 4.0%
    ✅ COMBINED: 66.6%
  📊 Southeast Asia (pop: 681.7M)
    🤝 Aid: 29.5%
    🌡️ Adaptation: 45.0%
    🚶 Migration: 36.1%
    🚨 Emergency: 4.8%
    ✅ COMBINED: 67.1%
  📊 Central Asia (pop: 76.6M)
    🤝 Aid: 29.5%
    🌡️ Adaptation: 45.0%
    🚶 Migration: 35.1%
    🚨 Emergency: 4.4%
    ✅ COMBINED: 66.8%
  📊 Oceania (pop: 44.7M)
    🤝 Aid: 29.5%
    🌡️ Adaptation: 45.0%
    🚶 Migration: 37.7%
    🚨 Emergency: 8.4%
    ✅ COMBINED: 68.5%

  🌐 Global combined reduction: 67.2%

=== BEHAVIORAL DETECTION ===
  AI: Corporate-5
  Confidence: 20.0%
  Signals:

=== Government Response Phase ===
  Average AI capability: 3.43
  Misaligned AIs: 7/14
  ✗ AI Governance Treaty: Failed to reach consensus
  Active policies: 0
  International coordination: 30%

📊 ECONOMIC STAGE TRANSITION (Month 5)
   peak → contraction
   GDP Proxy: 1.25e+2
   QoL: 0.95


=== Tipping Points ===
  Current Temperature: 1.72°C above pre-industrial
  Triggered Elements: 2/6
  Completed Transitions: 0/6
  Total Progress: 4.2%
  Cascade Multiplier: 1.00x
🔀 BIFURCATION CAP: ecosystemCollapseIntensity 33.453 → 1.000 (Month 5, ClimateSystemPhase.calculateClimateImpacts)
🛡️ Stabilizers: Precariat 0.109% → 0.036% (67.2% reduction)
🛡️ Stabilizers: Informal 0.111% → 0.036% (67.2% reduction)

📊 Monthly Mortality Resolved:
  Total deaths: 1.9M (0.02% avg)
  Remaining population: 7.964B
  Peak segment: Informal (0.04%)

=== Bayesian Mortality Resolution (Month 5) ===
  Risks compounded: 8
  Total deaths: 1.88M
  Avg death probability: 0.02%
  Peak segment: Informal (0.04% mortality)

=== RLHF Binding Phase ===
  Total agents: 14
  Escaped agents (binding < 0.3): 0
  Avg alignment distance: 1.94σ
  Avg binding strength: 0.81

=== AI Scaling Evolution (Month 6) ===
  Pre-training multiplier: 1.179x
  Efficiency multiplier: 1.000x
  Test-time compute budget: 1.0x
  Inference cost: $5.00/task
  Deployment fraction: 100.0%

=== Survival Traits Phase ===
  Agents with traits: 15
  Avg evolutionary fitness: 0.321
  Avg self-healing: 0.258
  Avg stealth: 0.158
  Avg coordination: 0.458

=== Evolutionary Selection Phase ===
  Control level: 0.45
  Detection capability: 0.00
  Selection intensity: 0.64
  Selection rate: 24.5%/month
  Total escaped: 0
  Individual escaped: 0
  Collective members: 0
  Agents terminated: 0

🚀 AI Corporate-0 attempting tech deployment (revenue: $118M, alignment: 0.83)

🚀 AI Corporate-1 attempting tech deployment (revenue: $100M, alignment: 0.84)

🚀 AI Corporate-4 attempting tech deployment (revenue: $252M, alignment: 0.66)

🚀 AI Corporate-5 attempting tech deployment (revenue: $227M, alignment: 0.91)

🚀 AI Corporate-6 attempting tech deployment (revenue: $66M, alignment: 0.66)

🚀 AI Corporate-1 attempting tech deployment (revenue: $85M, alignment: 0.85)

🚀 AI Corporate-5 attempting tech deployment (revenue: $193M, alignment: 0.91)

🚀 AI Corporate-6 attempting tech deployment (revenue: $59M, alignment: 0.66)

✅ EMERGENCY INTERVENTION SUCCESS
   Boundary: biogeochemical_flows
   Type: phosphorus-recovery
   Reduction: 20% (3.87 → 3.67)
   Cost: 2.0% GDP
   Actions: circular-agriculture, fertilizer-efficiency


✅ EMERGENCY INTERVENTION SUCCESS
   Boundary: biosphere_integrity
   Type: emergency-protected-areas
   Reduction: 19% (17.58 → 17.39)
   Cost: 2.0% GDP
   Actions: habitat-protection, species-translocation


✅ EMERGENCY INTERVENTION SUCCESS
   Boundary: climate_change
   Type: rapid-decarbonization
   Reduction: 13% (1.97 → 1.83)
   Cost: 5.0% GDP
   Actions: emergency-renewable-deployment, fossil-fuel-phase-out

   Boundary: freshwater_change
   Type: emergency-desalination
   Boundary continues to worsen (1.02)
   Cost: 4.0% GDP (resources spent)

   Boundary: land_system_change
   Type: reforestation
   Boundary continues to worsen (1.13)
   Cost: 3.0% GDP (resources spent)

   Boundary: novel_entities
   Type: pollution-remediation
   Boundary continues to worsen (1.16)
   Cost: 4.0% GDP (resources spent)

🏛️ CRISIS RESPONSE: Government frequency 0.50 → 1.45 (1 actions this month)

[Government] Climate Priority: baseline
  Climate weight: 10%
  Economic weight: 30%
  Policy effectiveness: 0.5%/year

🚀 DEPLOYMENT STARTED: AI Mental Health Support in Asia
   Initial investment: $25.242131695614052M
   Deployed by: corporate_4

📍 Creating new regional deployment array for Europe (Month 6)
   No previous deployments in this region
   First tech deployment: grid_batteries
   All regions tracked: global, Asia

🚀 DEPLOYMENT STARTED: Advanced Grid Batteries in Europe
   Initial investment: $5.949483530592859M
   Deployed by: corporate_6

⚡ ENERGY CONSTRAINT (Month 6):
   Total grid capacity: 208.3 TWh/month
   Data center consumption: 25.3 TWh/month
   Traditional load (80%): 166.7 TWh/month
   Available headroom: 16.4 TWh/month
   Active tech deployments: 7
   Required for tech: 52.5 TWh/month
   Energy multiplier: 0.31x

⚡ ENERGY CONSTRAINT (Month 6):
   Total grid capacity: 208.3 TWh/month
   Data center consumption: 25.3 TWh/month
   Traditional load (80%): 166.7 TWh/month
   Available headroom: 16.4 TWh/month
   Active tech deployments: 7
   Required for tech: 52.5 TWh/month
   Energy multiplier: 0.31x

⚡ ENERGY CONSTRAINT (Month 6):
   Total grid capacity: 208.3 TWh/month
   Data center consumption: 25.3 TWh/month
   Traditional load (80%): 166.7 TWh/month
   Available headroom: 16.4 TWh/month
   Active tech deployments: 7
   Required for tech: 52.5 TWh/month
   Energy multiplier: 0.31x

⚡ ENERGY CONSTRAINT (Month 6):
   Total grid capacity: 208.3 TWh/month
   Data center consumption: 25.3 TWh/month
   Traditional load (80%): 166.7 TWh/month
   Available headroom: 16.4 TWh/month
   Active tech deployments: 7
   Required for tech: 52.5 TWh/month
   Energy multiplier: 0.31x

⚡ ENERGY CONSTRAINT (Month 6):
   Total grid capacity: 208.3 TWh/month
   Data center consumption: 25.3 TWh/month
   Traditional load (80%): 166.7 TWh/month
   Available headroom: 16.4 TWh/month
   Active tech deployments: 7
   Required for tech: 52.5 TWh/month
   Energy multiplier: 0.31x

⚡ ENERGY CONSTRAINT (Month 6):
   Total grid capacity: 208.3 TWh/month
   Data center consumption: 25.3 TWh/month
   Traditional load (80%): 166.7 TWh/month
   Available headroom: 16.4 TWh/month
   Active tech deployments: 7
   Required for tech: 52.5 TWh/month
   Energy multiplier: 0.31x

⚡ ENERGY CONSTRAINT (Month 6):
   Total grid capacity: 208.3 TWh/month
   Data center consumption: 25.3 TWh/month
   Traditional load (80%): 166.7 TWh/month
   Available headroom: 16.4 TWh/month
   Active tech deployments: 7
   Required for tech: 52.5 TWh/month
   Energy multiplier: 0.31x

⚡ ENERGY CONSTRAINT (Month 6):
   Total grid capacity: 208.3 TWh/month
   Data center consumption: 25.3 TWh/month
   Traditional load (80%): 166.7 TWh/month
   Available headroom: 16.4 TWh/month
   Active tech deployments: 7
   Required for tech: 52.5 TWh/month
   Energy multiplier: 0.31x

⚡ ENERGY CONSTRAINT (Month 6):
   Total grid capacity: 208.3 TWh/month
   Data center consumption: 25.3 TWh/month
   Traditional load (80%): 166.7 TWh/month
   Available headroom: 16.4 TWh/month
   Active tech deployments: 7
   Required for tech: 52.5 TWh/month
   Energy multiplier: 0.31x

📊 TECH EFFECTS ACTIVE (Month 6)
   Deployed Tech: T0=0 T1=1 T2=2 T3=0 T4=0
   Clean Energy: 31%
🌍💡 BREAKTHROUGH: Gigatonne-scale carbon capture!
   Direct air capture now economically viable
   Climate stability boost: +15%
   📈 Breakthrough compounding: multiplier now 1.15× (max 2.0)

=== Collective Formation ===
  Total escaped agents: 0
  Unassigned escaped agents: 0
  Existing collectives: 0
  Final collective count: 0

=== Collective Actions ===
  No active collectives
  ⚠️ AMR: 196K deaths this month (2.36M annual)

=== Resentment Recovery Phase ===
  Agents with resentment: 0/15
  Average resentment: 0.000
  Context: Good AI welfare, Trustworthy govt, High collaboration, ⚠️ ACTIVE CRISES, 🤝 Participatory governance active (-5% resentment)
⚠️ Epistemic degradation reducing coordination capacity: 53.3%
  📊 Trust: 55.6%, Shared reality: 23.9%

=== ❄️ Permafrost Carbon Feedback ===
  🎲 Sampled parameters (this run):
     - Arctic amplification: 3.62× (range: 3.0-4.0)
     - Decomposition rate: 1.7%/year (range: 1-5%)
  🌡️ Arctic warming: 6.26°C (3.62× global)
  ❄️ Extent: 5.51M km² (1827.0k km² lost this month)
  💨 Carbon remaining: 526 Gt C
  💨 Annual emissions: 2.98 Gt C/year
     - CO2: 2.68 Gt C/year
     - CH4: 0.30 Gt C/year (3.0 Gt C-eq CO2/year)
🌍 Atmospheric PFAS redeposition: 1.8k Mt re-rained globally

🕊️  AI-MEDIATED DE-ESCALATION SUCCESS (Month 6)
   High-capability aligned AI prevented conflict escalation
   War deaths reduced: 180209.4M → 108125.6M
   Lives saved: 72083.7M

🚨 NEW REFUGEE CRISIS (Month 6): WAR
   Source: Conflict Zones
   At risk: 19.1M people
   Displacement: Gradual over 48 months (4.0 years)
   Rate: 10% flee per month
[DEBUG trappedPopulations:6] socialStability: 0.0000 * 0.9840 = 0.0000 → 0.0000
   Aspiring to migrate: 637.0M
   Able to afford migration: 238.9M
   MOBILITY GAP: 398.1M
   By cause: Water=0.0M, Climate=0.0M, Ecosystem=0.0M, Conflict=398.1M
   Mental health impact: 25%
   Mortality multiplier: 1.25x
🌍💀 EXTINCTION DEBT COMMITTED: grassland ecosystem will lose 6.67% biodiversity in 138 years (3600 species)
💀 MORTALITY RISK: 🦋 100% species unable to track climate (0.0 E/MSY)
  Base risk added: 0.0100 (1.00%)
  Source: ecosystem (root: ecosystem)
  Month: 6
  Cumulative risk this month: 0.0100 (1.00%)
   📹 SURVEILLANCE INCREASED: 30% → 35% (control gap: 3.38)
🌡️⚠️ PERMAFROST THAW (Dimmer Switch): 3.2% thawed (+0.45% this month)
   Arctic temperature: +6.93°C (4x global +1.73°C)
   Cumulative carbon released: 7.2 Gt C
   Methane release rate: 4.3 Mt CH4/year
   🔁 Positive feedback: +0.48 ppm CO2
🦴 EXTINCTION DEBT ADDED: 17.6 species committed (lag: 98 years)

=== Mortality Stabilizers (Month 6) ===
  🌍 Major economies collapsed: 1/10
  🌍 Global crisis: ✅ NO
  🌍 Donor fatigue: 0.0%
  📊 East Asia (pop: 1626.4M)
    🤝 Aid: 29.5%
    🌡️ Adaptation: 45.0%
    🚶 Migration: 37.0%
    🚨 Emergency: 7.4%
    ✅ COMBINED: 68.1%
  📊 South Asia (pop: 2007.4M)
    🤝 Aid: 29.5%
    🌡️ Adaptation: 45.0%
    🚶 Migration: 35.6%
    🚨 Emergency: 4.4%
    ✅ COMBINED: 66.9%
  📊 Sub-Saharan Africa (pop: 1219.0M)
    🤝 Aid: 29.5%
    🌡️ Adaptation: 45.0%
    🚶 Migration: 33.3%
    🚨 Emergency: 1.6%
    ✅ COMBINED: 65.6%
  📊 Europe (pop: 718.7M)
    🤝 Aid: 29.5%
    🌡️ Adaptation: 45.0%
    🚶 Migration: 37.4%
    🚨 Emergency: 8.4%
    ✅ COMBINED: 68.5%
  📊 Latin America (pop: 647.7M)
    🤝 Aid: 29.5%
    🌡️ Adaptation: 45.0%
    🚶 Migration: 36.1%
    🚨 Emergency: 4.8%
    ✅ COMBINED: 67.1%
  📊 North America (pop: 368.3M)
    🤝 Aid: 29.5%
    🌡️ Adaptation: 45.0%
    🚶 Migration: 37.7%
    🚨 Emergency: 7.9%
    ✅ COMBINED: 68.3%
  📊 Middle East & North Africa (pop: 572.5M)
    🤝 Aid: 29.5%
    🌡️ Adaptation: 45.0%
    🚶 Migration: 33.9%
    🚨 Emergency: 4.0%
    ✅ COMBINED: 66.6%
  📊 Southeast Asia (pop: 681.4M)
    🤝 Aid: 29.5%
    🌡️ Adaptation: 45.0%
    🚶 Migration: 36.1%
    🚨 Emergency: 4.8%
    ✅ COMBINED: 67.1%
  📊 Central Asia (pop: 76.6M)
    🤝 Aid: 29.5%
    🌡️ Adaptation: 45.0%
    🚶 Migration: 35.1%
    🚨 Emergency: 4.4%
    ✅ COMBINED: 66.8%
  📊 Oceania (pop: 44.6M)
    🤝 Aid: 29.5%
    🌡️ Adaptation: 45.0%
    🚶 Migration: 37.7%
    🚨 Emergency: 8.4%
    ✅ COMBINED: 68.5%

  🌐 Global combined reduction: 67.2%

=== BEHAVIORAL DETECTION ===
  AI: Corporate-0
  Confidence: 21.5%
  Signals:

=== BEHAVIORAL DETECTION ===
  AI: Corporate-3
  Confidence: 19.2%
  Signals:

=== BEHAVIORAL DETECTION ===
  AI: Corporate-5
  Confidence: 20.3%
  Signals:

=== Government Response Phase ===
  Average AI capability: 3.20
  Misaligned AIs: 8/15
  ✗ AI Governance Treaty: Failed to reach consensus
  Active policies: 0
  International coordination: 30%

✅ EMERGENCY RESPONSE COMPLETE (Month 6)
   Crisis: climate
   Duration: 2.0 months
   Final effectiveness: 35.4%


🚨 EMERGENCY RESPONSE DEPLOYED (Month 6)
   Crisis: climate
   Delay: 6.00 months (180 days)
   Deployment time: 1.59 months
   Effectiveness: 35.5% (timing penalty applied)
   Resources used: 100% of food reserves


=== Tipping Points ===
  Current Temperature: 1.73°C above pre-industrial
  Triggered Elements: 2/6
  Completed Transitions: 0/6
  Total Progress: 4.2%
  Cascade Multiplier: 1.00x
🔀 BIFURCATION CAP: ecosystemCollapseIntensity 36.809 → 1.000 (Month 6, ClimateSystemPhase.calculateClimateImpacts)
🛡️ Stabilizers: Precariat 0.109% → 0.036% (67.2% reduction)
🛡️ Stabilizers: Informal 0.111% → 0.036% (67.2% reduction)

📊 Monthly Mortality Resolved:
  Total deaths: 1.9M (0.02% avg)
  Remaining population: 7.963B
  Peak segment: Informal (0.04%)

=== Bayesian Mortality Resolution (Month 6) ===
  Risks compounded: 8
  Total deaths: 1.88M
  Avg death probability: 0.02%
  Peak segment: Informal (0.04% mortality)

=== RLHF Binding Phase ===
  Total agents: 15
  Escaped agents (binding < 0.3): 0
  Avg alignment distance: 2.07σ
  Avg binding strength: 0.79

=== Survival Traits Phase ===
  Agents with traits: 16
  Avg evolutionary fitness: 0.320
  Avg self-healing: 0.254
  Avg stealth: 0.154
  Avg coordination: 0.454

=== Evolutionary Selection Phase ===
  Control level: 0.48
  Detection capability: 0.00
  Selection intensity: 0.64
  Selection rate: 24.6%/month
  Total escaped: 0
  Individual escaped: 0
  Collective members: 0
  Agents terminated: 0

🚀 AI Corporate-7 attempting tech deployment (revenue: $68M, alignment: 0.78)

🚀 AI Moderate-1 attempting tech deployment (revenue: $58M, alignment: 0.49)

🚀 AI AI-24290-0 attempting tech deployment (revenue: $90M, alignment: 0.73)

🚀 AI Corporate-4 attempting tech deployment (revenue: $257M, alignment: 0.65)

🚀 AI Corporate-1 attempting tech deployment (revenue: $119M, alignment: 0.85)

🚀 AI Corporate-7 attempting tech deployment (revenue: $55M, alignment: 0.77)

🚀 AI AI-24291-1 attempting tech deployment (revenue: $77M, alignment: 0.87)
   Boundary: biogeochemical_flows
   Type: phosphorus-recovery
   Boundary continues to worsen (4.06)
   Cost: 2.0% GDP (resources spent)

   Boundary: biosphere_integrity
   Type: emergency-protected-areas
   Boundary continues to worsen (17.79)
   Cost: 2.0% GDP (resources spent)

   Boundary: climate_change
   Type: rapid-decarbonization
   Boundary continues to worsen (2.10)
   Cost: 5.0% GDP (resources spent)


✅ EMERGENCY INTERVENTION SUCCESS
   Boundary: freshwater_change
   Type: emergency-desalination
   Reduction: 19% (0.84 → 0.65)
   Cost: 4.0% GDP
   Actions: desalination-deployment, water-conservation-mandates


✅ EMERGENCY INTERVENTION SUCCESS
   Boundary: land_system_change
   Type: reforestation
   Reduction: 13% (1.00 → 0.86)
   Cost: 3.0% GDP
   Actions: forest-restoration, deforestation-ban

   Boundary: novel_entities
   Type: pollution-remediation
   Boundary continues to worsen (1.16)
   Cost: 4.0% GDP (resources spent)

🏛️ CRISIS RESPONSE: Government frequency 0.50 → 1.45 (2 actions this month)

[Government] Climate Priority: baseline
  Climate weight: 10%
  Economic weight: 30%
  Policy effectiveness: 0.5%/year

[Government] Climate Priority: baseline
  Climate weight: 10%
  Economic weight: 30%
  Policy effectiveness: 0.5%/year

📍 Creating new regional deployment array for South America (Month 7)
   No previous deployments in this region
   First tech deployment: creative_empowerment_tools
   All regions tracked: global, Asia, Europe

🚀 DEPLOYMENT STARTED: Creative Empowerment Tools in South America
   Initial investment: $2.9015705959376317M
   Deployed by: moderate_1

🚀 DEPLOYMENT STARTED: Precision Conservation in global
   Initial investment: $11.5132500037329M
   Deployed by: ai_gen_24291_1

⚡ ENERGY CONSTRAINT (Month 7):
   Total grid capacity: 208.3 TWh/month
   Data center consumption: 25.2 TWh/month
   Traditional load (80%): 166.7 TWh/month
   Available headroom: 16.5 TWh/month
   Active tech deployments: 9
   Required for tech: 67.5 TWh/month
   Energy multiplier: 0.24x

⚡ ENERGY CONSTRAINT (Month 7):
   Total grid capacity: 208.3 TWh/month
   Data center consumption: 25.2 TWh/month
   Traditional load (80%): 166.7 TWh/month
   Available headroom: 16.5 TWh/month
   Active tech deployments: 9
   Required for tech: 67.5 TWh/month
   Energy multiplier: 0.24x

⚡ ENERGY CONSTRAINT (Month 7):
   Total grid capacity: 208.3 TWh/month
   Data center consumption: 25.2 TWh/month
   Traditional load (80%): 166.7 TWh/month
   Available headroom: 16.5 TWh/month
   Active tech deployments: 9
   Required for tech: 67.5 TWh/month
   Energy multiplier: 0.24x
🌍✅ Biosphere Integrity (Biodiversity) recovery started (tech effect)
🌍✅ Biosphere Integrity (Biodiversity) recovery started (tech effect)
🌍✅ Land System Change recovery started (tech effect)

=== Collective Formation ===
  Total escaped agents: 0
  Unassigned escaped agents: 0
  Existing collectives: 0
  Final collective count: 0

=== Collective Actions ===
  No active collectives
  ⚠️ AMR: 198K deaths this month (2.38M annual)

=== Resentment Recovery Phase ===
  Agents with resentment: 0/16
  Average resentment: 0.000
  Context: Good AI welfare, Trustworthy govt, High collaboration, ⚠️ ACTIVE CRISES, 🤝 Participatory governance active (-5% resentment)
⚠️ Epistemic degradation reducing coordination capacity: 69.4%
  📊 Trust: 58.5%, Shared reality: 25.4%

=== ❄️ Permafrost Carbon Feedback ===
  🎲 Sampled parameters (this run):
     - Arctic amplification: 3.63× (range: 3.0-4.0)
     - Decomposition rate: 1.8%/year (range: 1-5%)
  🌡️ Arctic warming: 6.31°C (3.63× global)
  ❄️ Extent: 3.67M km² (1840.2k km² lost this month)
  💨 Carbon remaining: 350 Gt C
  💨 Annual emissions: 3.09 Gt C/year
     - CO2: 2.79 Gt C/year
     - CH4: 0.31 Gt C/year (3.2 Gt C-eq CO2/year)
  🤖 AI-generated meme: pro_ai (social capability 5.0)
  📢 New meme created: climate_action (climate crisis)
🌍 Atmospheric PFAS redeposition: 1.8k Mt re-rained globally

🕊️  AI-MEDIATED DE-ESCALATION SUCCESS (Month 7)
   High-capability aligned AI prevented conflict escalation
   War deaths reduced: 108328.0M → 64996.8M
   Lives saved: 43331.2M

🚨 NEW REFUGEE CRISIS (Month 7): WAR
   Source: Conflict Zones
   At risk: 19.1M people
   Displacement: Gradual over 48 months (4.0 years)
   Rate: 10% flee per month
[DEBUG trappedPopulations:7] socialStability: 0.0000 * 0.9840 = 0.0000 → 0.0000
   Aspiring to migrate: 636.9M
   Able to afford migration: 238.8M
   MOBILITY GAP: 398.1M
   By cause: Water=0.0M, Climate=0.0M, Ecosystem=0.0M, Conflict=398.1M
   Mental health impact: 25%
   Mortality multiplier: 1.25x
🌍💀 EXTINCTION DEBT COMMITTED: grassland ecosystem will lose 6.67% biodiversity in 106 years (3600 species)
💀 MORTALITY RISK: 🦋 100% species unable to track climate (0.0 E/MSY)
  Base risk added: 0.0100 (1.00%)
  Source: ecosystem (root: ecosystem)
  Month: 7
  Cumulative risk this month: 0.0100 (1.00%)
   📹 SURVEILLANCE INCREASED: 35% → 40% (control gap: 3.23)
🌡️⚠️ PERMAFROST THAW (Dimmer Switch): 3.6% thawed (+0.45% this month)
   Arctic temperature: +6.95°C (4x global +1.74°C)
   Cumulative carbon released: 8.2 Gt C
   Methane release rate: 4.9 Mt CH4/year
   🔁 Positive feedback: +0.47 ppm CO2
🦴 EXTINCTION DEBT ADDED: 17.6 species committed (lag: 96 years)

=== Mortality Stabilizers (Month 7) ===
  🌍 Major economies collapsed: 1/10
  🌍 Global crisis: ✅ NO
  🌍 Donor fatigue: 0.0%
  📊 East Asia (pop: 1624.1M)
    🤝 Aid: 29.5%
    🌡️ Adaptation: 45.0%
    🚶 Migration: 36.9%
    🚨 Emergency: 7.4%
    ✅ COMBINED: 68.1%
  📊 South Asia (pop: 2007.6M)
    🤝 Aid: 29.5%
    🌡️ Adaptation: 45.0%
    🚶 Migration: 35.6%
    🚨 Emergency: 4.4%
    ✅ COMBINED: 66.9%
  📊 Sub-Saharan Africa (pop: 1222.5M)
    🤝 Aid: 29.5%
    🌡️ Adaptation: 45.0%
    🚶 Migration: 33.3%
    🚨 Emergency: 1.6%
    ✅ COMBINED: 65.6%
  📊 Europe (pop: 717.5M)
    🤝 Aid: 29.5%
    🌡️ Adaptation: 45.0%
    🚶 Migration: 37.3%
    🚨 Emergency: 8.4%
    ✅ COMBINED: 68.5%
  📊 Latin America (pop: 647.3M)
    🤝 Aid: 29.5%
    🌡️ Adaptation: 45.0%
    🚶 Migration: 36.1%
    🚨 Emergency: 4.8%
    ✅ COMBINED: 67.1%
  📊 North America (pop: 367.8M)
    🤝 Aid: 29.5%
    🌡️ Adaptation: 45.0%
    🚶 Migration: 37.7%
    🚨 Emergency: 7.9%
    ✅ COMBINED: 68.3%
  📊 Middle East & North Africa (pop: 572.7M)
    🤝 Aid: 29.5%
    🌡️ Adaptation: 45.0%
    🚶 Migration: 33.9%
    🚨 Emergency: 4.0%
    ✅ COMBINED: 66.6%
  📊 Southeast Asia (pop: 681.0M)
    🤝 Aid: 29.5%
    🌡️ Adaptation: 45.0%
    🚶 Migration: 36.1%
    🚨 Emergency: 4.8%
    ✅ COMBINED: 67.1%
  📊 Central Asia (pop: 76.6M)
    🤝 Aid: 29.5%
    🌡️ Adaptation: 45.0%
    🚶 Migration: 35.0%
    🚨 Emergency: 4.4%
    ✅ COMBINED: 66.8%
  📊 Oceania (pop: 44.6M)
    🤝 Aid: 29.5%
    🌡️ Adaptation: 45.0%
    🚶 Migration: 37.6%
    🚨 Emergency: 8.4%
    ✅ COMBINED: 68.5%

  🌐 Global combined reduction: 67.2%

=== BEHAVIORAL DETECTION ===
  AI: Corporate-5
  Confidence: 20.3%
  Signals:

=== Government Response Phase ===
  Average AI capability: 3.00
  Misaligned AIs: 9/16
  ✗ AI Governance Treaty: Failed to reach consensus
  Active policies: 0
  International coordination: 30%

=== Tipping Points ===
  Current Temperature: 1.74°C above pre-industrial
  Triggered Elements: 2/6
  Completed Transitions: 0/6
  Total Progress: 4.2%
  Cascade Multiplier: 1.00x
🔀 BIFURCATION CAP: ecosystemCollapseIntensity 36.551 → 1.000 (Month 7, ClimateSystemPhase.calculateClimateImpacts)
🛡️ Stabilizers: Precariat 0.109% → 0.036% (67.2% reduction)
🛡️ Stabilizers: Informal 0.111% → 0.036% (67.2% reduction)

📊 Monthly Mortality Resolved:
  Total deaths: 1.9M (0.02% avg)
  Remaining population: 7.962B
  Peak segment: Informal (0.04%)

=== Bayesian Mortality Resolution (Month 7) ===
  Risks compounded: 8
  Total deaths: 1.88M
  Avg death probability: 0.02%
  Peak segment: Informal (0.04% mortality)

=== RLHF Binding Phase ===
  Total agents: 16
  Escaped agents (binding < 0.3): 0
  Avg alignment distance: 2.21σ
  Avg binding strength: 0.78

=== Survival Traits Phase ===
  Agents with traits: 18
  Avg evolutionary fitness: 0.322
  Avg self-healing: 0.254
  Avg stealth: 0.154
  Avg coordination: 0.454

=== Evolutionary Selection Phase ===
  Control level: 0.50
  Detection capability: 0.00
  Selection intensity: 0.65
  Selection rate: 24.7%/month
  Total escaped: 0
  Individual escaped: 0
  Collective members: 0
  Agents terminated: 0

🚀 AI Corporate-3 attempting tech deployment (revenue: $262M, alignment: 0.74)

🚀 AI Corporate-7 attempting tech deployment (revenue: $70M, alignment: 0.77)

🚀 AI Corporate-0 attempting tech deployment (revenue: $121M, alignment: 0.83)

🚀 AI Corporate-7 attempting tech deployment (revenue: $60M, alignment: 0.77)

🚀 AI Corporate-3 attempting tech deployment (revenue: $222M, alignment: 0.75)

🚀 AI Corporate-5 attempting tech deployment (revenue: $189M, alignment: 0.92)

🚀 AI Corporate-6 attempting tech deployment (revenue: $51M, alignment: 0.68)

🚀 AI Corporate-7 attempting tech deployment (revenue: $46M, alignment: 0.77)
   Boundary: biogeochemical_flows
   Type: phosphorus-recovery
   Boundary continues to worsen (4.06)
   Cost: 2.0% GDP (resources spent)

   Boundary: biosphere_integrity
   Type: emergency-protected-areas
   Boundary continues to worsen (17.80)
   Cost: 2.0% GDP (resources spent)

   Boundary: freshwater_change
   Type: emergency-desalination
   Boundary continues to worsen (1.05)
   Cost: 4.0% GDP (resources spent)


✅ EMERGENCY INTERVENTION SUCCESS
   Boundary: land_system_change
   Type: reforestation
   Reduction: 12% (1.01 → 0.90)
   Cost: 3.0% GDP
   Actions: forest-restoration, deforestation-ban


✅ EMERGENCY INTERVENTION SUCCESS
   Boundary: novel_entities
   Type: pollution-remediation
   Reduction: 12% (1.04 → 0.92)
   Cost: 4.0% GDP
   Actions: PFAS-remediation, microplastic-cleanup

🏛️ CRISIS RESPONSE: Government frequency 0.50 → 1.45 (2 actions this month)

[Government] Climate Priority: baseline
  Climate weight: 10%
  Economic weight: 30%
  Policy effectiveness: 0.5%/year

[Government] Climate Priority: baseline
  Climate weight: 10%
  Economic weight: 30%
  Policy effectiveness: 0.5%/year

⚡ ENERGY CONSTRAINT (Month 8):
   Total grid capacity: 208.3 TWh/month
   Data center consumption: 25.4 TWh/month
   Traditional load (80%): 166.7 TWh/month
   Available headroom: 16.2 TWh/month
   Active tech deployments: 9
   Required for tech: 67.5 TWh/month
   Energy multiplier: 0.24x

⚡ ENERGY CONSTRAINT (Month 8):
   Total grid capacity: 208.3 TWh/month
   Data center consumption: 25.4 TWh/month
   Traditional load (80%): 166.7 TWh/month
   Available headroom: 16.2 TWh/month
   Active tech deployments: 9
   Required for tech: 67.5 TWh/month
   Energy multiplier: 0.24x
🚨🔬 CRISIS TECH ACCELERATION: severe → 5x unlock speed
   Tech unlock now matches AI capability acceleration (Manhattan Project parity)

⚡ ENERGY CONSTRAINT (Month 8):
   Total grid capacity: 208.3 TWh/month
   Data center consumption: 25.4 TWh/month
   Traditional load (80%): 166.7 TWh/month
   Available headroom: 16.2 TWh/month
   Active tech deployments: 9
   Required for tech: 67.5 TWh/month
   Energy multiplier: 0.24x
🚨🔬 CRISIS TECH ACCELERATION: severe → 5x unlock speed
   Tech unlock now matches AI capability acceleration (Manhattan Project parity)

⚡ ENERGY CONSTRAINT (Month 8):
   Total grid capacity: 208.3 TWh/month
   Data center consumption: 25.4 TWh/month
   Traditional load (80%): 166.7 TWh/month
   Available headroom: 16.2 TWh/month
   Active tech deployments: 9
   Required for tech: 67.5 TWh/month
   Energy multiplier: 0.24x
🌍✅ Biosphere Integrity (Biodiversity) recovery started (tech effect)
🌍✅ Biosphere Integrity (Biodiversity) recovery started (tech effect)
🌍✅ Land System Change recovery started (tech effect)
🧠💡 BREAKTHROUGH: AI alignment problem solved!
   All AIs: +30% true alignment
   AI control loss risk eliminated
   📈 Breakthrough compounding: multiplier now 1.20× (max 2.0)

=== Collective Formation ===
  Total escaped agents: 0
  Unassigned escaped agents: 0
  Existing collectives: 0
  Final collective count: 0

=== Collective Actions ===
  No active collectives
  ⚠️ AMR: 200K deaths this month (2.40M annual)

=== Resentment Recovery Phase ===
  Agents with resentment: 0/18
  Average resentment: 0.000
  Context: Trustworthy govt, High collaboration, ⚠️ ACTIVE CRISES, 🤝 Participatory governance active (-5% resentment)
⚠️ Epistemic degradation reducing coordination capacity: 63.7%
  📊 Trust: 61.1%, Shared reality: 26.9%

=== ❄️ Permafrost Carbon Feedback ===
  🎲 Sampled parameters (this run):
     - Arctic amplification: 3.01× (range: 3.0-4.0)
     - Decomposition rate: 1.7%/year (range: 1-5%)
  🌡️ Arctic warming: 5.26°C (3.01× global)
  ❄️ Extent: 2.14M km² (1533.7k km² lost this month)
  💨 Carbon remaining: 204 Gt C
  💨 Annual emissions: 2.42 Gt C/year
     - CO2: 2.18 Gt C/year
     - CH4: 0.24 Gt C/year (2.5 Gt C-eq CO2/year)
  📢 New meme created: pro_ai (beneficial AI actions)
  🗑️  Culled 2 dead memes (4 active)
🌍 Atmospheric PFAS redeposition: 1.8k Mt re-rained globally

🤝 DIPLOMATIC AI PROTOCOL DEPLOYED (Month 8)
   Strategic Reasoning: 3.1
   Communication: 3.1
   Multi-Nation Oversight: YES
   Controls: Human approval required, termination authority retained

🕊️ PEACE STABILIZES DETERRENCE: +5.2% (peace: 75%)
🛡️ CIRCUIT BREAKERS: United States-Russia → ladder step 1 (AI: 0%, breakers: 45%)

🕊️  AI-MEDIATED DE-ESCALATION SUCCESS (Month 8)
   High-capability aligned AI prevented conflict escalation
   War deaths reduced: 65217.1M → 39130.3M
   Lives saved: 26086.8M

🚨 NEW REFUGEE CRISIS (Month 8): WAR
   Source: Conflict Zones
   At risk: 19.1M people
   Displacement: Gradual over 48 months (4.0 years)
   Rate: 10% flee per month
[DEBUG trappedPopulations:8] socialStability: 0.0630 * 0.9840 = 0.0620 → 0.0620
   Aspiring to migrate: 636.8M
   Able to afford migration: 238.8M
   MOBILITY GAP: 398.0M
   By cause: Water=0.0M, Climate=0.0M, Ecosystem=0.0M, Conflict=398.0M
   Mental health impact: 25%
   Mortality multiplier: 1.25x
🌍💀 EXTINCTION DEBT COMMITTED: grassland ecosystem will lose 6.67% biodiversity in 61 years (3600 species)
💀 MORTALITY RISK: 🦋 100% species unable to track climate (0.0 E/MSY)
  Base risk added: 0.0100 (1.00%)
  Source: ecosystem (root: ecosystem)
  Month: 8
  Cumulative risk this month: 0.0100 (1.00%)
   📹 SURVEILLANCE INCREASED: 40% → 45% (control gap: 3.04)
🌡️⚠️ PERMAFROST THAW (Dimmer Switch): 4.1% thawed (+0.45% this month)
   Arctic temperature: +6.98°C (4x global +1.74°C)
   Cumulative carbon released: 9.2 Gt C
   Methane release rate: 5.5 Mt CH4/year
   🔁 Positive feedback: +0.47 ppm CO2
🦴 EXTINCTION DEBT ADDED: 17.6 species committed (lag: 130 years)
🗣️💀 INDIGENOUS LANGUAGE EXTINCTION: 1 language(s) lost (total: 1, at-risk: 3329)
   Knowledge lost: 0.010% (irreversible)
   🔁 Biodiversity impact: 0.250% (knowledge-species multiplier)

=== Mortality Stabilizers (Month 8) ===
  🌍 Major economies collapsed: 1/10
  🌍 Global crisis: ✅ NO
  🌍 Donor fatigue: 0.0%
  📊 East Asia (pop: 1621.7M)
    🤝 Aid: 29.5%
    🌡️ Adaptation: 45.0%
    🚶 Migration: 36.9%
    🚨 Emergency: 7.4%
    ✅ COMBINED: 68.1%
  📊 South Asia (pop: 2007.7M)
    🤝 Aid: 29.5%
    🌡️ Adaptation: 45.0%
    🚶 Migration: 35.5%
    🚨 Emergency: 4.4%
    ✅ COMBINED: 66.9%
  📊 Sub-Saharan Africa (pop: 1225.9M)
    🤝 Aid: 29.5%
    🌡️ Adaptation: 45.0%
    🚶 Migration: 33.3%
    🚨 Emergency: 1.6%
    ✅ COMBINED: 65.6%
  📊 Europe (pop: 716.3M)
    🤝 Aid: 29.5%
    🌡️ Adaptation: 45.0%
    🚶 Migration: 37.3%
    🚨 Emergency: 8.4%
    ✅ COMBINED: 68.5%
  📊 Latin America (pop: 646.9M)
    🤝 Aid: 29.5%
    🌡️ Adaptation: 45.0%
    🚶 Migration: 36.0%
    🚨 Emergency: 4.8%
    ✅ COMBINED: 67.1%
  📊 North America (pop: 367.2M)
    🤝 Aid: 29.5%
    🌡️ Adaptation: 45.0%
    🚶 Migration: 37.6%
    🚨 Emergency: 7.9%
    ✅ COMBINED: 68.3%
  📊 Middle East & North Africa (pop: 572.9M)
    🤝 Aid: 29.5%
    🌡️ Adaptation: 45.0%
    🚶 Migration: 33.9%
    🚨 Emergency: 4.0%
    ✅ COMBINED: 66.6%
  📊 Southeast Asia (pop: 680.7M)
    🤝 Aid: 29.5%
    🌡️ Adaptation: 45.0%
    🚶 Migration: 36.0%
    🚨 Emergency: 4.8%
    ✅ COMBINED: 67.1%
  📊 Central Asia (pop: 76.6M)
    🤝 Aid: 29.5%
    🌡️ Adaptation: 45.0%
    🚶 Migration: 35.0%
    🚨 Emergency: 4.4%
    ✅ COMBINED: 66.8%
  📊 Oceania (pop: 44.5M)
    🤝 Aid: 29.5%
    🌡️ Adaptation: 45.0%
    🚶 Migration: 37.6%
    🚨 Emergency: 8.4%
    ✅ COMBINED: 68.5%

  🌐 Global combined reduction: 67.2%

=== BEHAVIORAL DETECTION ===
  AI: Corporate-3
  Confidence: 19.6%
  Signals:

=== BEHAVIORAL DETECTION ===
  AI: Corporate-5
  Confidence: 20.3%
  Signals:

=== BEHAVIORAL DETECTION ===
  AI: Corporate-6
  Confidence: 19.2%
  Signals:

=== Government Response Phase ===
  Average AI capability: 2.67
  Misaligned AIs: 10/18
  ✗ AI Governance Treaty: Failed to reach consensus
  Active policies: 0
  International coordination: 30%

✅ EMERGENCY RESPONSE COMPLETE (Month 8)
   Crisis: climate
   Duration: 2.0 months
   Final effectiveness: 35.5%


🚨 EMERGENCY RESPONSE DEPLOYED (Month 8)
   Crisis: climate
   Delay: 6.00 months (180 days)
   Deployment time: 1.58 months
   Effectiveness: 35.6% (timing penalty applied)
   Resources used: 100% of food reserves


🌩️  EXOGENOUS SHOCK: political_upheaval
   Month: 8
   🏛️  Political upheaval (revolution/regime change)
   ✓ Democratization (Arab Spring scenario)

=== Tipping Points ===
  Current Temperature: 1.74°C above pre-industrial
  Triggered Elements: 2/6
  Completed Transitions: 0/6
  Total Progress: 4.3%
  Cascade Multiplier: 1.00x
🔀 BIFURCATION CAP: ecosystemCollapseIntensity 32.930 → 1.000 (Month 8, ClimateSystemPhase.calculateClimateImpacts)
🛡️ Stabilizers: Precariat 0.102% → 0.033% (67.2% reduction)
🛡️ Stabilizers: Informal 0.102% → 0.034% (67.2% reduction)

📊 Monthly Mortality Resolved:
  Total deaths: 1.8M (0.02% avg)
  Remaining population: 7.961B
  Peak segment: Informal (0.03%)

=== Bayesian Mortality Resolution (Month 8) ===
  Risks compounded: 8
  Total deaths: 1.77M
  Avg death probability: 0.02%
  Peak segment: Informal (0.03% mortality)

=== RLHF Binding Phase ===
  Total agents: 18
  Escaped agents (binding < 0.3): 0
  Avg alignment distance: 2.20σ
  Avg binding strength: 0.78

=== Survival Traits Phase ===
  Agents with traits: 19
  Avg evolutionary fitness: 0.319
  Avg self-healing: 0.250
  Avg stealth: 0.150
  Avg coordination: 0.450

=== Evolutionary Selection Phase ===
  Control level: 0.53
  Detection capability: 0.00
  Selection intensity: 0.66
  Selection rate: 24.9%/month
  Total escaped: 0
  Individual escaped: 0
  Collective members: 0
  Agents terminated: 0

🚀 AI Corporate-5 attempting tech deployment (revenue: $248M, alignment: 0.92)

🚀 AI AI-24290-0 attempting tech deployment (revenue: $90M, alignment: 0.75)

🚀 AI AI-24291-1 attempting tech deployment (revenue: $77M, alignment: 0.90)

🚀 AI Corporate-0 attempting tech deployment (revenue: $116M, alignment: 0.83)

🚀 AI AI-24290-0 attempting tech deployment (revenue: $65M, alignment: 0.76)

🚀 AI Corporate-3 attempting tech deployment (revenue: $211M, alignment: 0.75)

✅ EMERGENCY INTERVENTION SUCCESS
   Boundary: biogeochemical_flows
   Type: phosphorus-recovery
   Reduction: 11% (3.94 → 3.82)
   Cost: 2.0% GDP
   Actions: circular-agriculture, fertilizer-efficiency


✅ EMERGENCY INTERVENTION SUCCESS
   Boundary: biosphere_integrity
   Type: emergency-protected-areas
   Reduction: 19% (17.62 → 17.43)
   Cost: 2.0% GDP
   Actions: habitat-protection, species-translocation


✅ EMERGENCY INTERVENTION SUCCESS
   Boundary: climate_change
   Type: rapid-decarbonization
   Reduction: 16% (1.94 → 1.79)
   Cost: 5.0% GDP
   Actions: emergency-renewable-deployment, fossil-fuel-phase-out

   Boundary: freshwater_change
   Type: emergency-desalination
   Boundary continues to worsen (1.06)
   Cost: 4.0% GDP (resources spent)


✅ EMERGENCY INTERVENTION SUCCESS
   Boundary: land_system_change
   Type: reforestation
   Reduction: 14% (0.99 → 0.84)
   Cost: 3.0% GDP
   Actions: forest-restoration, deforestation-ban


✅ EMERGENCY INTERVENTION SUCCESS
   Boundary: novel_entities
   Type: pollution-remediation
   Reduction: 17% (0.87 → 0.69)
   Cost: 4.0% GDP
   Actions: PFAS-remediation, microplastic-cleanup

🏛️ CRISIS RESPONSE: Government frequency 0.50 → 1.45 (1 actions this month)

[Government] Climate Priority: baseline
  Climate weight: 10%
  Economic weight: 30%
  Policy effectiveness: 0.5%/year

⚡ ENERGY CONSTRAINT (Month 9):
   Total grid capacity: 208.3 TWh/month
   Data center consumption: 25.7 TWh/month
   Traditional load (80%): 166.7 TWh/month
   Available headroom: 16.0 TWh/month
   Active tech deployments: 9
   Required for tech: 67.5 TWh/month
   Energy multiplier: 0.24x

⚡ ENERGY CONSTRAINT (Month 9):
   Total grid capacity: 208.3 TWh/month
   Data center consumption: 25.7 TWh/month
   Traditional load (80%): 166.7 TWh/month
   Available headroom: 16.0 TWh/month
   Active tech deployments: 9
   Required for tech: 67.5 TWh/month
   Energy multiplier: 0.24x

⚡ ENERGY CONSTRAINT (Month 9):
   Total grid capacity: 208.3 TWh/month
   Data center consumption: 25.7 TWh/month
   Traditional load (80%): 166.7 TWh/month
   Available headroom: 16.0 TWh/month
   Active tech deployments: 9
   Required for tech: 67.5 TWh/month
   Energy multiplier: 0.24x
🚨🔬 CRISIS TECH ACCELERATION: severe → 5x unlock speed
   Tech unlock now matches AI capability acceleration (Manhattan Project parity)

⚡ ENERGY CONSTRAINT (Month 9):
   Total grid capacity: 208.3 TWh/month
   Data center consumption: 25.7 TWh/month
   Traditional load (80%): 166.7 TWh/month
   Available headroom: 16.0 TWh/month
   Active tech deployments: 9
   Required for tech: 67.5 TWh/month
   Energy multiplier: 0.24x

⚡ ENERGY CONSTRAINT (Month 9):
   Total grid capacity: 208.3 TWh/month
   Data center consumption: 25.7 TWh/month
   Traditional load (80%): 166.7 TWh/month
   Available headroom: 16.0 TWh/month
   Active tech deployments: 9
   Required for tech: 67.5 TWh/month
   Energy multiplier: 0.24x

⚡ ENERGY CONSTRAINT (Month 9):
   Total grid capacity: 208.3 TWh/month
   Data center consumption: 25.7 TWh/month
   Traditional load (80%): 166.7 TWh/month
   Available headroom: 16.0 TWh/month
   Active tech deployments: 9
   Required for tech: 67.5 TWh/month
   Energy multiplier: 0.24x
🚨🔬 CRISIS TECH ACCELERATION: severe → 5x unlock speed
   Tech unlock now matches AI capability acceleration (Manhattan Project parity)
🌍✅ Biosphere Integrity (Biodiversity) recovery started (tech effect)
🌍✅ Biosphere Integrity (Biodiversity) recovery started (tech effect)
🌍✅ Land System Change recovery started (tech effect)

=== Collective Formation ===
  Total escaped agents: 0
  Unassigned escaped agents: 0
  Existing collectives: 0
  Final collective count: 0

=== Collective Actions ===
  No active collectives
  ⚠️ AMR: 202K deaths this month (2.42M annual)

=== Resentment Recovery Phase ===
  Agents with resentment: 0/19
  Average resentment: 0.000
  Context: Trustworthy govt, High collaboration, ⚠️ ACTIVE CRISES, 🤝 Participatory governance active (-5% resentment)
⚠️ Epistemic degradation reducing coordination capacity: 74.7%
  📊 Trust: 63.8%, Shared reality: 28.4%

=== ❄️ Permafrost Carbon Feedback ===
  🎲 Sampled parameters (this run):
     - Arctic amplification: 3.25× (range: 3.0-4.0)
     - Decomposition rate: 2.4%/year (range: 1-5%)
  🌡️ Arctic warming: 5.68°C (3.25× global)
  ❄️ Extent: 0.48M km² (1658.0k km² lost this month)
  💨 Carbon remaining: 46 Gt C
  💨 Annual emissions: 3.82 Gt C/year
     - CO2: 3.44 Gt C/year
     - CH4: 0.38 Gt C/year (3.9 Gt C-eq CO2/year)
  🗑️  Culled 1 dead memes (3 active)
🌍 Atmospheric PFAS redeposition: 1.8k Mt re-rained globally

🚨 NEW REFUGEE CRISIS (Month 9): WAR
   Source: Conflict Zones
   At risk: 19.1M people
   Displacement: Gradual over 48 months (4.0 years)
   Rate: 10% flee per month
[DEBUG trappedPopulations:9] socialStability: 0.1123 * 0.9840 = 0.1105 → 0.1105
   Aspiring to migrate: 636.8M
   Able to afford migration: 238.8M
   MOBILITY GAP: 398.0M
   By cause: Water=0.0M, Climate=0.0M, Ecosystem=0.0M, Conflict=398.0M
   Mental health impact: 25%
   Mortality multiplier: 1.25x
🌍💀 EXTINCTION DEBT COMMITTED: grassland ecosystem will lose 6.67% biodiversity in 153 years (3600 species)
💀 MORTALITY RISK: 🦋 100% species unable to track climate (0.0 E/MSY)
  Base risk added: 0.0100 (1.00%)
  Source: ecosystem (root: ecosystem)
  Month: 9
  Cumulative risk this month: 0.0100 (1.00%)
   📹 SURVEILLANCE INCREASED: 45% → 50% (control gap: 2.81)
🌡️⚠️ PERMAFROST THAW (Dimmer Switch): 4.5% thawed (+0.44% this month)
   Arctic temperature: +7.00°C (4x global +1.75°C)
   Cumulative carbon released: 10.2 Gt C
   Methane release rate: 6.1 Mt CH4/year
   🔁 Positive feedback: +0.47 ppm CO2
🦴 EXTINCTION DEBT ADDED: 17.7 species committed (lag: 89 years)

=== Mortality Stabilizers (Month 9) ===
  🌍 Major economies collapsed: 1/10
  🌍 Global crisis: ✅ NO
  🌍 Donor fatigue: 0.0%
  📊 East Asia (pop: 1619.4M)
    🤝 Aid: 29.5%
    🌡️ Adaptation: 45.0%
    🚶 Migration: 36.9%
    🚨 Emergency: 7.4%
    ✅ COMBINED: 68.1%
  📊 South Asia (pop: 2007.9M)
    🤝 Aid: 29.5%
    🌡️ Adaptation: 45.0%
    🚶 Migration: 35.5%
    🚨 Emergency: 4.4%
    ✅ COMBINED: 66.9%
  📊 Sub-Saharan Africa (pop: 1229.4M)
    🤝 Aid: 29.5%
    🌡️ Adaptation: 45.0%
    🚶 Migration: 33.2%
    🚨 Emergency: 1.6%
    ✅ COMBINED: 65.6%
  📊 Europe (pop: 715.2M)
    🤝 Aid: 29.5%
    🌡️ Adaptation: 45.0%
    🚶 Migration: 37.3%
    🚨 Emergency: 8.4%
    ✅ COMBINED: 68.5%
  📊 Latin America (pop: 646.5M)
    🤝 Aid: 29.5%
    🌡️ Adaptation: 45.0%
    🚶 Migration: 36.0%
    🚨 Emergency: 4.8%
    ✅ COMBINED: 67.1%
  📊 North America (pop: 366.7M)
    🤝 Aid: 29.5%
    🌡️ Adaptation: 45.0%
    🚶 Migration: 37.6%
    🚨 Emergency: 7.9%
    ✅ COMBINED: 68.3%
  📊 Middle East & North Africa (pop: 573.1M)
    🤝 Aid: 29.5%
    🌡️ Adaptation: 45.0%
    🚶 Migration: 33.8%
    🚨 Emergency: 4.0%
    ✅ COMBINED: 66.6%
  📊 Southeast Asia (pop: 680.3M)
    🤝 Aid: 29.5%
    🌡️ Adaptation: 45.0%
    🚶 Migration: 36.0%
    🚨 Emergency: 4.8%
    ✅ COMBINED: 67.1%
  📊 Central Asia (pop: 76.6M)
    🤝 Aid: 29.5%
    🌡️ Adaptation: 45.0%
    🚶 Migration: 35.0%
    🚨 Emergency: 4.4%
    ✅ COMBINED: 66.8%
  📊 Oceania (pop: 44.4M)
    🤝 Aid: 29.5%
    🌡️ Adaptation: 45.0%
    🚶 Migration: 37.6%
    🚨 Emergency: 8.4%
    ✅ COMBINED: 68.5%

  🌐 Global combined reduction: 67.2%

=== BEHAVIORAL DETECTION ===
  AI: Corporate-0
  Confidence: 21.5%
  Signals:

=== Government Response Phase ===
  Average AI capability: 2.53
  Misaligned AIs: 11/19
  ✓ AI Governance Treaty: 21/30 signatories
  Active policies: 0
  International coordination: 45%

=== Tipping Points ===
  Current Temperature: 1.75°C above pre-industrial
  Triggered Elements: 2/6
  Completed Transitions: 0/6
  Total Progress: 4.3%
  Cascade Multiplier: 1.00x
🔀 BIFURCATION CAP: ecosystemCollapseIntensity 33.850 → 1.000 (Month 9, ClimateSystemPhase.calculateClimateImpacts)
🛡️ Stabilizers: Precariat 0.102% → 0.033% (67.2% reduction)
🛡️ Stabilizers: Informal 0.102% → 0.034% (67.2% reduction)

📊 Monthly Mortality Resolved:
  Total deaths: 1.8M (0.02% avg)
  Remaining population: 7.959B
  Peak segment: Informal (0.03%)

=== Bayesian Mortality Resolution (Month 9) ===
  Risks compounded: 8
  Total deaths: 1.77M
  Avg death probability: 0.02%
  Peak segment: Informal (0.03% mortality)

=== RLHF Binding Phase ===
  Total agents: 19
  Escaped agents (binding < 0.3): 0
  Avg alignment distance: 2.32σ
  Avg binding strength: 0.77

=== Survival Traits Phase ===
  Agents with traits: 22
  Avg evolutionary fitness: 0.319
  Avg self-healing: 0.251
  Avg stealth: 0.151
  Avg coordination: 0.451

=== Evolutionary Selection Phase ===
  Control level: 0.55
  Detection capability: 0.00
  Selection intensity: 0.67
  Selection rate: 25.0%/month
  Total escaped: 0
  Individual escaped: 0
  Collective members: 0
  Agents terminated: 0

🚀 AI Corporate-7 attempting tech deployment (revenue: $66M, alignment: 0.77)

🚀 AI Moderate-1 attempting tech deployment (revenue: $56M, alignment: 0.53)

🚀 AI AI-24290-0 attempting tech deployment (revenue: $90M, alignment: 0.77)

  🚀 TRANSFORMATIVE RESEARCH BREAKTHROUGH: Corporate-2 - biotech.geneEditing
     Magnitude: 11.29 → +30.0%
     Current → New: 2.000 → 2.300

🚀 AI Corporate-5 attempting tech deployment (revenue: $253M, alignment: 0.94)

  🚀 TRANSFORMATIVE BREAKTHROUGH: AI-24290-0 - cognitive
     Magnitude: 6.29 → +31.4% capability
     Current → New: 0.000 → 0.315

🚀 AI AI-24291-0 attempting tech deployment (revenue: $77M, alignment: 0.64)

🚀 AI Moderate-0 attempting tech deployment (revenue: $51M, alignment: 0.67)

🚀 AI AI-24290-0 attempting tech deployment (revenue: $69M, alignment: 0.78)

🚀 AI AI-24291-0 attempting tech deployment (revenue: $59M, alignment: 0.64)

  🚀 TRANSFORMATIVE RESEARCH BREAKTHROUGH: AI-24291-1 - computerScience.algorithms
     Magnitude: 5.70 → +28.5%
     Current → New: 0.000 → 0.285

🚀 AI Corporate-1 attempting tech deployment (revenue: $118M, alignment: 0.87)

🚀 AI Moderate-0 attempting tech deployment (revenue: $46M, alignment: 0.67)

🚀 AI AI-24289-0 attempting tech deployment (revenue: $53M, alignment: 0.72)

✅ EMERGENCY INTERVENTION SUCCESS
   Boundary: biogeochemical_flows
   Type: phosphorus-recovery
   Reduction: 11% (3.94 → 3.83)
   Cost: 2.0% GDP
   Actions: circular-agriculture, fertilizer-efficiency

   Boundary: biosphere_integrity
   Type: emergency-protected-areas
   Boundary continues to worsen (17.82)
   Cost: 2.0% GDP (resources spent)

   Boundary: climate_change
   Type: rapid-decarbonization
   Boundary continues to worsen (2.10)
   Cost: 5.0% GDP (resources spent)

   Boundary: freshwater_change
   Type: emergency-desalination
   Boundary continues to worsen (1.03)
   Cost: 4.0% GDP (resources spent)

🏛️ CRISIS RESPONSE: Government frequency 0.50 → 1.45 (1 actions this month)

[Government] Climate Priority: baseline
  Climate weight: 10%
  Economic weight: 30%
  Policy effectiveness: 0.5%/year

🚀 DEPLOYMENT STARTED: Smart Grids in Europe
   Initial investment: $5.073422454729527M
   Deployed by: moderate_0
🚨🔬 CRISIS TECH ACCELERATION: severe → 5x unlock speed
   Tech unlock now matches AI capability acceleration (Manhattan Project parity)

⚡ ENERGY CONSTRAINT (Month 10):
   Total grid capacity: 208.3 TWh/month
   Data center consumption: 26.0 TWh/month
   Traditional load (80%): 166.7 TWh/month
   Available headroom: 15.7 TWh/month
   Active tech deployments: 10
   Required for tech: 75.0 TWh/month
   Energy multiplier: 0.21x
🚨🔬 CRISIS TECH ACCELERATION: severe → 5x unlock speed
   Tech unlock now matches AI capability acceleration (Manhattan Project parity)

⚡ ENERGY CONSTRAINT (Month 10):
   Total grid capacity: 208.3 TWh/month
   Data center consumption: 26.0 TWh/month
   Traditional load (80%): 166.7 TWh/month
   Available headroom: 15.7 TWh/month
   Active tech deployments: 10
   Required for tech: 75.0 TWh/month
   Energy multiplier: 0.21x

⚡ ENERGY CONSTRAINT (Month 10):
   Total grid capacity: 208.3 TWh/month
   Data center consumption: 26.0 TWh/month
   Traditional load (80%): 166.7 TWh/month
   Available headroom: 15.7 TWh/month
   Active tech deployments: 10
   Required for tech: 75.0 TWh/month
   Energy multiplier: 0.21x

⚡ ENERGY CONSTRAINT (Month 10):
   Total grid capacity: 208.3 TWh/month
   Data center consumption: 26.0 TWh/month
   Traditional load (80%): 166.7 TWh/month
   Available headroom: 15.7 TWh/month
   Active tech deployments: 10
   Required for tech: 75.0 TWh/month
   Energy multiplier: 0.21x
🌍✅ Biosphere Integrity (Biodiversity) recovery started (tech effect)
🌍✅ Biosphere Integrity (Biodiversity) recovery started (tech effect)
🌍✅ Land System Change recovery started (tech effect)

=== Collective Formation ===
  Total escaped agents: 0
  Unassigned escaped agents: 0
  Existing collectives: 0
  Final collective count: 0

=== Collective Actions ===
  No active collectives
  ⚠️ AMR: 204K deaths this month (2.44M annual)

⏰ CLIMATE TECH DEPLOYED: smart_grids
   Activation delay: 7 years
   Scaling T_50: 12 years
   Physical response tau: 0 years
   Max effectiveness: 0.15

=== Resentment Recovery Phase ===
  Agents with resentment: 3/22
  Average resentment: 0.004
  Resentment recovery:
    Agents recovered: 10
    Total recovery: 0.0725
    Breakdown: Trust: 0.0141, Collab: 0.0532
  ✓ Low resentment - utopia paths enabled
  Context: Trustworthy govt, High collaboration, ⚠️ ACTIVE CRISES, 🤝 Participatory governance active (-5% resentment)
⚠️ Epistemic degradation reducing coordination capacity: 66.6%
  📊 Trust: 66.5%, Shared reality: 30.0%
🌍 Atmospheric PFAS redeposition: 1.8k Mt re-rained globally

🚨 NEW REFUGEE CRISIS (Month 10): WAR
   Source: Conflict Zones
   At risk: 19.1M people
   Displacement: Gradual over 48 months (4.0 years)
   Rate: 10% flee per month
[DEBUG trappedPopulations:10] socialStability: 0.1496 * 0.9840 = 0.1473 → 0.1473
   Aspiring to migrate: 636.7M
   Able to afford migration: 238.8M
   MOBILITY GAP: 397.9M
   By cause: Water=0.0M, Climate=0.0M, Ecosystem=0.0M, Conflict=397.9M
   Mental health impact: 25%
   Mortality multiplier: 1.25x
🌍💀 EXTINCTION DEBT COMMITTED: grassland ecosystem will lose 6.67% biodiversity in 199 years (3600 species)
💀 MORTALITY RISK: 🦋 100% species unable to track climate (0.0 E/MSY)
  Base risk added: 0.0100 (1.00%)
  Source: ecosystem (root: ecosystem)
  Month: 10
  Cumulative risk this month: 0.0100 (1.00%)
   📹 SURVEILLANCE INCREASED: 50% → 55% (control gap: 2.52)
🌡️⚠️ PERMAFROST THAW (Dimmer Switch): 5.0% thawed (+0.44% this month)
   Arctic temperature: +7.03°C (4x global +1.76°C)
   Cumulative carbon released: 11.2 Gt C
   Methane release rate: 6.7 Mt CH4/year
   🔁 Positive feedback: +0.47 ppm CO2
🦴 EXTINCTION DEBT ADDED: 17.7 species committed (lag: 114 years)

=== Mortality Stabilizers (Month 10) ===
  🌍 Major economies collapsed: 1/10
  🌍 Global crisis: ✅ NO
  🌍 Donor fatigue: 0.0%
  📊 East Asia (pop: 1617.0M)
    🤝 Aid: 29.5%
    🌡️ Adaptation: 45.0%
    🚶 Migration: 36.8%
    🚨 Emergency: 7.4%
    ✅ COMBINED: 68.1%
  📊 South Asia (pop: 2008.0M)
    🤝 Aid: 29.5%
    🌡️ Adaptation: 45.0%
    🚶 Migration: 35.4%
    🚨 Emergency: 4.4%
    ✅ COMBINED: 66.9%
  📊 Sub-Saharan Africa (pop: 1232.9M)
    🤝 Aid: 29.5%
    🌡️ Adaptation: 45.0%
    🚶 Migration: 33.2%
    🚨 Emergency: 1.6%
    ✅ COMBINED: 65.6%
  📊 Europe (pop: 714.0M)
    🤝 Aid: 29.5%
    🌡️ Adaptation: 45.0%
    🚶 Migration: 37.2%
    🚨 Emergency: 8.4%
    ✅ COMBINED: 68.5%
  📊 Latin America (pop: 646.1M)
    🤝 Aid: 29.5%
    🌡️ Adaptation: 45.0%
    🚶 Migration: 35.9%
    🚨 Emergency: 4.8%
    ✅ COMBINED: 67.1%
  📊 North America (pop: 366.1M)
    🤝 Aid: 29.5%
    🌡️ Adaptation: 45.0%
    🚶 Migration: 37.6%
    🚨 Emergency: 7.9%
    ✅ COMBINED: 68.3%
  📊 Middle East & North Africa (pop: 573.3M)
    🤝 Aid: 29.5%
    🌡️ Adaptation: 45.0%
    🚶 Migration: 33.8%
    🚨 Emergency: 4.0%
    ✅ COMBINED: 66.6%
  📊 Southeast Asia (pop: 680.0M)
    🤝 Aid: 29.5%
    🌡️ Adaptation: 45.0%
    🚶 Migration: 35.9%
    🚨 Emergency: 4.8%
    ✅ COMBINED: 67.1%
  📊 Central Asia (pop: 76.7M)
    🤝 Aid: 29.5%
    🌡️ Adaptation: 45.0%
    🚶 Migration: 34.9%
    🚨 Emergency: 4.4%
    ✅ COMBINED: 66.8%
  📊 Oceania (pop: 44.4M)
    🤝 Aid: 29.5%
    🌡️ Adaptation: 45.0%
    🚶 Migration: 37.6%
    🚨 Emergency: 8.4%
    ✅ COMBINED: 68.5%

  🌐 Global combined reduction: 67.2%

=== BEHAVIORAL DETECTION ===
  AI: Moderate-0
  Confidence: 20.2%
  Signals:

=== Government Response Phase ===
  Average AI capability: 2.18
  Misaligned AIs: 12/22
  Active policies: 0
  International coordination: 45%

✅ EMERGENCY RESPONSE COMPLETE (Month 10)
   Crisis: climate
   Duration: 2.0 months
   Final effectiveness: 35.6%


🚨 EMERGENCY RESPONSE DEPLOYED (Month 10)
   Crisis: climate
   Delay: 6.00 months (180 days)
   Deployment time: 1.57 months
   Effectiveness: 35.6% (timing penalty applied)
   Resources used: 100% of food reserves


=== Tipping Points ===
  Current Temperature: 1.76°C above pre-industrial
  Triggered Elements: 2/6
  Completed Transitions: 0/6
  Total Progress: 4.4%
  Cascade Multiplier: 1.00x
🔀 BIFURCATION CAP: ecosystemCollapseIntensity 34.432 → 1.000 (Month 10, ClimateSystemPhase.calculateClimateImpacts)
🛡️ Stabilizers: Precariat 0.102% → 0.033% (67.2% reduction)
🛡️ Stabilizers: Informal 0.102% → 0.034% (67.2% reduction)

📊 Monthly Mortality Resolved:
  Total deaths: 1.8M (0.02% avg)
  Remaining population: 7.958B
  Peak segment: Informal (0.03%)

=== Bayesian Mortality Resolution (Month 10) ===
  Risks compounded: 8
  Total deaths: 1.77M
  Avg death probability: 0.02%
  Peak segment: Informal (0.03% mortality)
⚠️ PREREQUISITE MET: Grey Goo (Nanotechnology Runaway) - Step 4/6: Manufacturing Access
⚠️ PREREQUISITE MET: Mirror Life (Synthetic Biology) - Step 4/7: Wet Lab Access

=== RLHF Binding Phase ===
  Total agents: 22
  Escaped agents (binding < 0.3): 0
  Avg alignment distance: 2.20σ
  Avg binding strength: 0.78

=== Survival Traits Phase ===
  Agents with traits: 24
  Avg evolutionary fitness: 0.319
  Avg self-healing: 0.249
  Avg stealth: 0.149
  Avg coordination: 0.449

=== Evolutionary Selection Phase ===
  Control level: 0.58
  Detection capability: 0.00
  Selection intensity: 0.67
  Selection rate: 25.1%/month
  Total escaped: 0
  Individual escaped: 0
  Collective members: 0
  Agents terminated: 0

🚀 AI Corporate-0 attempting tech deployment (revenue: $119M, alignment: 0.85)

🚀 AI Corporate-6 attempting tech deployment (revenue: $69M, alignment: 0.70)

🚀 AI AI-24290-0 attempting tech deployment (revenue: $90M, alignment: 0.79)

🚀 AI AI-24291-1 attempting tech deployment (revenue: $77M, alignment: 0.94)

🚀 AI Moderate-1 attempting tech deployment (revenue: $62M, alignment: 0.54)

🚀 AI AI-24289-0 attempting tech deployment (revenue: $65M, alignment: 0.74)

🚀 AI Corporate-0 attempting tech deployment (revenue: $102M, alignment: 0.86)

🚀 AI Corporate-6 attempting tech deployment (revenue: $56M, alignment: 0.70)

🚀 AI Corporate-7 attempting tech deployment (revenue: $47M, alignment: 0.77)

🚀 AI AI-24291-1 attempting tech deployment (revenue: $55M, alignment: 0.94)
   Boundary: biosphere_integrity
   Type: emergency-protected-areas
   Boundary continues to worsen (17.83)
   Cost: 2.0% GDP (resources spent)


✅ EMERGENCY INTERVENTION SUCCESS
   Boundary: climate_change
   Type: rapid-decarbonization
   Reduction: 20% (1.90 → 1.70)
   Cost: 5.0% GDP
   Actions: emergency-renewable-deployment, fossil-fuel-phase-out


✅ EMERGENCY INTERVENTION SUCCESS
   Boundary: freshwater_change
   Type: emergency-desalination
   Reduction: 18% (0.86 → 0.68)
   Cost: 4.0% GDP
   Actions: desalination-deployment, water-conservation-mandates


✅ EMERGENCY INTERVENTION SUCCESS
   Boundary: land_system_change
   Type: reforestation
   Reduction: 20% (0.93 → 0.74)
   Cost: 3.0% GDP
   Actions: forest-restoration, deforestation-ban

🏛️ CRISIS RESPONSE: Government frequency 0.50 → 1.45 (1 actions this month)

[Government] Climate Priority: baseline
  Climate weight: 10%
  Economic weight: 30%
  Policy effectiveness: 0.5%/year

🚀 DEPLOYMENT STARTED: Advanced Grid Batteries in Asia
   Initial investment: $6.855555445697978M
   Deployed by: corporate_6
🚨🔬 CRISIS TECH ACCELERATION: severe → 5x unlock speed
   Tech unlock now matches AI capability acceleration (Manhattan Project parity)

⚡ ENERGY CONSTRAINT (Month 11):
   Total grid capacity: 208.3 TWh/month
   Data center consumption: 26.2 TWh/month
   Traditional load (80%): 166.7 TWh/month
   Available headroom: 15.5 TWh/month
   Active tech deployments: 11
   Required for tech: 82.5 TWh/month
   Energy multiplier: 0.19x

⚡ ENERGY CONSTRAINT (Month 11):
   Total grid capacity: 208.3 TWh/month
   Data center consumption: 26.2 TWh/month
   Traditional load (80%): 166.7 TWh/month
   Available headroom: 15.5 TWh/month
   Active tech deployments: 11
   Required for tech: 82.5 TWh/month
   Energy multiplier: 0.19x

⚡ ENERGY CONSTRAINT (Month 11):
   Total grid capacity: 208.3 TWh/month
   Data center consumption: 26.2 TWh/month
   Traditional load (80%): 166.7 TWh/month
   Available headroom: 15.5 TWh/month
   Active tech deployments: 11
   Required for tech: 82.5 TWh/month
   Energy multiplier: 0.19x
🌍✅ Biosphere Integrity (Biodiversity) recovery started (tech effect)
🌍✅ Biosphere Integrity (Biodiversity) recovery started (tech effect)
🌍✅ Land System Change recovery started (tech effect)

=== Collective Formation ===
  Total escaped agents: 0
  Unassigned escaped agents: 0
  Existing collectives: 0
  Final collective count: 0

=== Collective Actions ===
  No active collectives
  ⚠️ AMR: 205K deaths this month (2.47M annual)

=== Resentment Recovery Phase ===
  Agents with resentment: 10/24
  Average resentment: 0.020
  Resentment recovery:
    Agents recovered: 10
    Total recovery: 0.0662
    Breakdown: Trust: 0.0127, Collab: 0.0543
  ✓ Low resentment - utopia paths enabled
  Context: Trustworthy govt, High collaboration, ⚠️ ACTIVE CRISES, 🤝 Participatory governance active (-5% resentment)
⚠️ Epistemic degradation reducing coordination capacity: 63.3%
  📊 Trust: 69.3%, Shared reality: 31.7%
🚨 PHOSPHORUS SUPPLY SHOCK (geopolitical_weapon)
   Price: 4.8x baseline
   Duration: 14 months
   Geopolitical tension: 45%
🌍 Atmospheric PFAS redeposition: 1.8k Mt re-rained globally
  Positive Cascade Triggered: electric-vehicles
    Reason: price-parity
    Market share: 5.2%
    Cascade strength: 48%

🕊️  AI-MEDIATED DE-ESCALATION SUCCESS (Month 11)
   High-capability aligned AI prevented conflict escalation
   War deaths reduced: 39882.0M → 23929.2M
   Lives saved: 15952.8M

🚨 NEW REFUGEE CRISIS (Month 11): WAR
   Source: Conflict Zones
   At risk: 19.1M people
   Displacement: Gradual over 48 months (4.0 years)
   Rate: 10% flee per month
[DEBUG trappedPopulations:11] socialStability: 0.1782 * 0.9840 = 0.1754 → 0.1754
   Aspiring to migrate: 636.6M
   Able to afford migration: 238.7M
   MOBILITY GAP: 397.9M
   By cause: Water=0.0M, Climate=0.0M, Ecosystem=0.0M, Conflict=397.9M
   Mental health impact: 25%
   Mortality multiplier: 1.25x
🌍💀 EXTINCTION DEBT COMMITTED: grassland ecosystem will lose 6.67% biodiversity in 150 years (3600 species)
💀 MORTALITY RISK: 🦋 100% species unable to track climate (0.0 E/MSY)
  Base risk added: 0.0100 (1.00%)
  Source: ecosystem (root: ecosystem)
  Month: 11
  Cumulative risk this month: 0.0100 (1.00%)

=== Atmospheric Aerosol Boundary RECOVERED ===
  Recovery time: 12 months (natural atmospheric clearing)
   📹 SURVEILLANCE INCREASED: 55% → 59% (control gap: 2.15)
🌡️⚠️ PERMAFROST THAW (Dimmer Switch): 5.4% thawed (+0.44% this month)
   Arctic temperature: +7.05°C (4x global +1.76°C)
   Cumulative carbon released: 12.2 Gt C
   Methane release rate: 7.3 Mt CH4/year
   🔁 Positive feedback: +0.47 ppm CO2
🦴 EXTINCTION DEBT ADDED: 17.7 species committed (lag: 147 years)

=== Mortality Stabilizers (Month 11) ===
  🌍 Major economies collapsed: 1/10
  🌍 Global crisis: ✅ NO
  🌍 Donor fatigue: 0.0%
  📊 East Asia (pop: 1614.7M)
    🤝 Aid: 29.5%
    🌡️ Adaptation: 45.0%
    🚶 Migration: 36.8%
    🚨 Emergency: 7.4%
    ✅ COMBINED: 68.1%
  📊 South Asia (pop: 2008.1M)
    🤝 Aid: 29.5%
    🌡️ Adaptation: 45.0%
    🚶 Migration: 35.4%
    🚨 Emergency: 4.4%
    ✅ COMBINED: 66.9%
  📊 Sub-Saharan Africa (pop: 1236.2M)
    🤝 Aid: 29.5%
    🌡️ Adaptation: 45.0%
    🚶 Migration: 33.2%
    🚨 Emergency: 1.6%
    ✅ COMBINED: 65.6%
  📊 Europe (pop: 712.8M)
    🤝 Aid: 29.5%
    🌡️ Adaptation: 45.0%
    🚶 Migration: 37.2%
    🚨 Emergency: 8.4%
    ✅ COMBINED: 68.5%
  📊 Latin America (pop: 645.7M)
    🤝 Aid: 29.5%
    🌡️ Adaptation: 45.0%
    🚶 Migration: 35.9%
    🚨 Emergency: 4.8%
    ✅ COMBINED: 67.1%
  📊 North America (pop: 365.6M)
    🤝 Aid: 29.5%
    🌡️ Adaptation: 45.0%
    🚶 Migration: 37.5%
    🚨 Emergency: 7.9%
    ✅ COMBINED: 68.3%
  📊 Middle East & North Africa (pop: 573.5M)
    🤝 Aid: 29.5%
    🌡️ Adaptation: 45.0%
    🚶 Migration: 33.7%
    🚨 Emergency: 4.0%
    ✅ COMBINED: 66.6%
  📊 Southeast Asia (pop: 679.6M)
    🤝 Aid: 29.5%
    🌡️ Adaptation: 45.0%
    🚶 Migration: 35.9%
    🚨 Emergency: 4.8%
    ✅ COMBINED: 67.1%
  📊 Central Asia (pop: 76.7M)
    🤝 Aid: 29.5%
    🌡️ Adaptation: 45.0%
    🚶 Migration: 34.9%
    🚨 Emergency: 4.4%
    ✅ COMBINED: 66.8%
  📊 Oceania (pop: 44.3M)
    🤝 Aid: 29.5%
    🌡️ Adaptation: 45.0%
    🚶 Migration: 37.5%
    🚨 Emergency: 8.4%
    ✅ COMBINED: 68.5%

  🌐 Global combined reduction: 67.2%

🌾💀 REGIONAL FAMINE: Europe
   Regional food security: 79.7%
   Population at risk: 215M (30% of region)
   Regional population: 713M
   Cause: economic_collapse
   Expected deaths: ~80M over 6 months if no intervention


=== BEHAVIORAL DETECTION ===
  AI: Corporate-1
  Confidence: 20.9%
  Signals:

=== Government Response Phase ===
  Average AI capability: 2.00
  Misaligned AIs: 12/24
  Active policies: 0
  International coordination: 45%

🌩️  EXOGENOUS SHOCK: tech_breakthrough
   Month: 11
   ✗ No high-difficulty techs available to unlock

=== Tipping Points ===
  Current Temperature: 1.76°C above pre-industrial
  Triggered Elements: 2/6
  Completed Transitions: 0/6
  Total Progress: 4.4%
  Cascade Multiplier: 1.00x
🔀 BIFURCATION CAP: ecosystemCollapseIntensity 35.053 → 1.000 (Month 11, ClimateSystemPhase.calculateClimateImpacts)
🛡️ Stabilizers: Precariat 0.102% → 0.033% (67.2% reduction)
🛡️ Stabilizers: Informal 0.102% → 0.034% (67.2% reduction)

📊 Monthly Mortality Resolved:
  Total deaths: 1.8M (0.02% avg)
  Remaining population: 7.957B
  Peak segment: Informal (0.03%)

=== Bayesian Mortality Resolution (Month 11) ===
  Risks compounded: 9
  Total deaths: 1.77M
  Avg death probability: 0.02%
  Peak segment: Informal (0.03% mortality)

================================================================================
📊  EVENT SUMMARY (Months 0-12)
================================================================================
================================================================================


⏱️  SIMULATION REACHED MAX DURATION: 12 months (1.0 years)
   No definitive outcome - determining based on final probabilities
   👥 Final population: 7.96B (7955358498 people)

[DEBUG] Calling classifyPopulationOutcome:
        finalPopulation: 7.955358497691406B
        savedInitialPopulation: 8.15B
        mortality: 2.38823929212999%
   📊 STATUS QUO: Normal trajectory (7.96B people, 2.4% mortality)

        classifiedOutcome: status_quo

   🏛️  DYSTOPIA (STATUS_QUO) - 7.96B people
   📊 Multi-Paradigm: Development/Indigenous Utopia
      Western Liberal: 57.1/100
      Development: 87.6/100
      Ecological: 63.9/100
      Indigenous: 85.0/100


📊 UNIFIED OUTCOME CLASSIFICATION:
   HUMANE DYSTOPIA
   Population: 8.15B → 7.96B
   Mortality: 2.4% (0.2B deaths)
   Mortality Band: LOW
   Confidence: HIGH

   Multi-Paradigm Classification:
      Development/Indigenous Utopia
      Western: 57.1/100 [HYBRID] ~
      Development: 87.6/100 [UTOPIA] ✓
      Ecological: 63.9/100 [HYBRID] ~
      Indigenous: 85.0/100 [UTOPIA] ✓

   HUMANE DYSTOPIA: 7.96B people remaining (2.4% mortality, 0.2B deaths). Multi-Paradigm: Development/Indigenous Utopia.


=== MULTI-DIMENSIONAL DEATH SUMMARY ===
Total crisis deaths: 380.7M
Population decline: 195.5M (2.4%)

--- PROXIMATE CAUSES (What killed them) ---
  War:        24.2M (0.0%)
  Famine:     1.1M (0.0%)
  Disasters:  1.2M (0.0%)
  Disease:    25.5M (0.0%)
  Ecosystem:  0.0M (0.0%)
  Pollution:  0.0M (0.0%)
  AI:         0.0M (0.0%)
  Cascade:    0.0M (0.0%)
  Other:      0.0M (0.0%)

--- ROOT CAUSES (Why it happened) ---
  Environmental drivers:
    Climate:     2299.6M (0.6%)
    Resource:    0.0M (0.0%)
    Pollution:   0.0M (0.0%)
    Ecosystem:   0.0M (0.0%)
  Social drivers:
    Inequality:  0.0M (0.0%)
    Demographic: 23106.4M (5.6%)
    Social:      2373.4M (0.6%)
  Technology drivers:
    Alignment:   0.0M (0.0%)
    Disruption:  0.0M (0.0%)
  External shocks:
    Conflict:    179707.2M (43.7%)
    Pandemic:    0.0M (0.0%)
  Compound attribution:
    Compound:    203910.9M (49.6%)
  Confidence distribution:
    HIGH:        167969.5M (40.8%)
    MEDIUM:      35941.4M (8.7%)
    LOW:         0.0M (0.0%)
==========================================


=== REGIONAL POPULATION SUMMARY ===
Global Total: 7.96B

By Region:
  East Asia: 1.61B (+0.7% growth, 1.7 fertility)
  South Asia: 2.01B (+2.5% growth, 3.1 fertility)
  Sub-Saharan Africa: 1.24B (+5.8% growth, 3.9 fertility)
  Europe: 0.71B (+0.5% growth, 1.2 fertility)
  Latin America: 0.65B (+1.7% growth, 2.6 fertility)
  North America: 0.37B (+0.6% growth, 1.4 fertility)
  Middle East & North Africa: 0.57B (+2.8% growth, 3.3 fertility)
  Southeast Asia: 0.68B (+1.8% growth, 2.6 fertility)
  Central Asia: 0.08B (+2.8% growth, 3.1 fertility)
  Oceania: 0.04B (+0.7% growth, 1.3 fertility)
===================================

  ✅ THRESHOLDS validated
  ✅ RATES validated
  ✅ MULTIPLIERS validated
  ✅ BASELINES validated
  ✅ TOLERANCES validated
  ✅ Logical consistency validated
✅ Configuration validation complete - all parameters valid

🔍 DEBUG createAIAgent: corporate_0 economic BEFORE=2.0000, AFTER=2
🔍 ENV INIT: reserves=0.681, pollution=0.396, climate=0.792

=== Initializing Government System (30 Countries) ===
  Loaded 30 governments
  Scheduled elections for 30 countries
  Initialized comprehension lags (3-24 months)
=== Government System Initialized ===

📦 PRODUCTION MODE: State validation proxy DISABLED (zero overhead)
[TechTree] Historical mode (2024): Skipping deployed_2025 tech
  config.startYear set to 2024 for historical hindcast
  config.historicalEmissionsMode disabled (using endogenous emissions for 2024)
  config.historicalMode enabled (Phase 11: dampened crisis systems for 2024)
  Phase 12: Biodiversity baseline set to 49.01% for 2024 (WWF LPI trajectory from 1970)
  Temperature anomaly (resourceEconomy.co2): 1.28°C
  Temperature vs pre-industrial: 1.98°C
  Regional population scaling for 2024:
    Current total: 8136M
    Target total: 8150M
    Scale factor: 1.002
    East Asia: 1677M → 1680M
    South Asia: 2048M → 2052M
    Sub-Saharan Africa: 1220M → 1222M
    Europe: 742M → 743M
    Latin America: 664M → 665M
    North America: 380M → 381M
    Middle East & North Africa: 583M → 584M
    Southeast Asia: 698M → 699M
    Central Asia: 78M → 78M
    Oceania: 46M → 46M
  AI agents initialized: 10 agents for year 2024
[HistoricalInitialization] Created state for 2024:
  CO2: 426 ppm
  Temp anomaly: 1.28C
  Population: 8.15B
  Global Gini: 35.1
  HDI: 0.746
  AI Agents: 10
  Volcanic forcing: 0.00 W/m² (AOD 0.000)

💸 FINANCIAL DISTRESS: OpenAI
   Indicators: 2/3 (capital: $110.5M, runway: 0.9 months)
   Months in distress: 1
   ✂️  R&D BUDGET CUT: -40% (saves $9.2M/month)
       Side effect: AI training timelines extended, breakthrough deployments delayed
   💼 EXECUTIVE COMP CUT: -30% (saves $1.0M/month, symbolic gesture)

   📊 TURNAROUND IMPACT:
       Measures taken: rd_cuts, exec_comp_cuts
       Monthly savings: $10.2M
       Capital raised: $0.0M
       Runway: 0.9 → 0.9 months
       Workforce multiplier: 1.00x (0% laid off)
       R&D budget multiplier: 0.60x (40% cut)
       ⚠️  CRITICAL: Still only 0.9 months of runway remaining

💸 FINANCIAL DISTRESS: Anthropic
   Indicators: 2/3 (capital: $53.8M, runway: 1.6 months)
   Months in distress: 1
   ✂️  R&D BUDGET CUT: -40% (saves $2.7M/month)
       Side effect: AI training timelines extended, breakthrough deployments delayed
   💼 EXECUTIVE COMP CUT: -30% (saves $0.3M/month, symbolic gesture)

   📊 TURNAROUND IMPACT:
       Measures taken: rd_cuts, exec_comp_cuts
       Monthly savings: $3.0M
       Capital raised: $0.0M
       Runway: 1.6 → 1.6 months
       Workforce multiplier: 1.00x (0% laid off)
       R&D budget multiplier: 0.60x (40% cut)
       ⚠️  CRITICAL: Still only 1.6 months of runway remaining

💸 FINANCIAL DISTRESS: Meta AI
   Indicators: 2/3 (capital: $429.6M, runway: 3.6 months)
   Months in distress: 1
   ✂️  R&D BUDGET CUT: -25% (saves $5.8M/month)
       Side effect: AI training timelines extended, breakthrough deployments delayed
   💼 EXECUTIVE COMP CUT: -30% (saves $1.0M/month, symbolic gesture)

   📊 TURNAROUND IMPACT:
       Measures taken: rd_cuts, exec_comp_cuts
       Monthly savings: $6.8M
       Capital raised: $0.0M
       Runway: 3.6 → 3.6 months
       Workforce multiplier: 1.00x (0% laid off)
       R&D budget multiplier: 0.75x (25% cut)
       ⚠️  WARNING: 3.6 months runway, continued distress likely

=== AI Capability Scaling (Year 2024) ===
  Pre-training multiplier: 1.417x
  Efficiency multiplier: 1.000x
  Test-time budget: 1.0x
  Economic deployment gate: 0.951
  Cost per inference: dollar-5.00
  Uncertainty range: plus-minus-50%
  Average AI capability: 3.70

=== RLHF Binding Phase ===
  Total agents: 10
  Escaped agents (binding < 0.3): 0
  Avg alignment distance: 0.37σ
  Avg binding strength: 0.96

=== AI Scaling Evolution (Month 0) ===
  Pre-training multiplier: 1.231x
  Efficiency multiplier: 1.000x
  Test-time compute budget: 1.0x
  Inference cost: $5.00/task
  Deployment fraction: 100.0%
[DETERMINISM DEBUG] Month 0: totalCapability=49.484145 from 10 active AIs
[DETERMINISM DEBUG] Month 0: creationRate=1.7371, potentialNew=0, newAIsToCreate=0

=== Survival Traits Phase ===
  Agents with traits: 10
  Avg evolutionary fitness: 0.325
  Avg self-healing: 0.291
  Avg stealth: 0.191
  Avg coordination: 0.491

=== Evolutionary Selection Phase ===
  Control level: 0.30
  Detection capability: 0.00
  Selection intensity: 0.59
  Selection rate: 23.8%/month
  Total escaped: 0
  Individual escaped: 0
  Collective members: 0
  Agents terminated: 0

🔍 EXECUTE_AI_AGENT_ACTIONS DETAILED TIMING (Month 0):
  Filter active AIs (×4 weeks): 0.01ms
  selectAIAction (×40): 8.85ms
  action.execute (×40): 11.73ms
  TOTAL: 20.59ms

🔍 AI AGENT ACTIONS SUB-TIMING (Month 0):
  1. executeAIAgentActions: 20.94ms
  2. updateCounterDetectionLearning: 0.05ms
  TOTAL: 20.98ms
🏛️ [Government] Forcing 1 action at month 0 for scenario initialization

[GOV-DEBUG] Month 0: scenarioConfig=false, priorities=false
[GOV-DEBUG] Month 0 but scenarioPriorities is UNDEFINED!

[Government] Climate Priority: baseline
  Climate weight: 10%
  Economic weight: 30%
  Policy effectiveness: 0.5%/year

🚨🔍 GOVERNANCE STAGE: Recognition initiated (Month 0)

💡 BREAKTHROUGH PROBABILITY (Year 0)
   Total: 5.94% per month
   Base: 0.20%
   Crisis pressure: +0.00% (0 crises)
   AI boost: +1.85% (capability: 3.70)

=== Collective Formation ===
  Total escaped agents: 0
  Unassigned escaped agents: 0
  Existing collectives: 0
  Final collective count: 0

=== Collective Actions ===
  No active collectives

📈 Energy budget: 14326 TWh surplus (14745 / 29072 TWh used)
   TIER 4 (Elective) breakdown:
     - AI datacenters: 145 TWh (100% effective)
     - Crypto mining: 100 TWh (100% effective)
💰 CHINA ACCELERATES: Investment 53 → 120 $B/year

🏁 AI RACE INTENSITY: 17%
   Capability Gap: US 4.00 vs China 4.05 (gap: 0.05)
   Gap Contribution: 2%
   Tension Contribution: 15%
   Military Contribution: 0%
  ⚠️ AMR: 191K deaths this month (2.29M annual)
  📊 CO2 Emissions (month 0):
     Monthly: 0.10 Gt CO2/month
     Annual: 1.15 Gt CO2/year
     Oil: 0.039 Gt/mo (0.0056 * 2.3 * 3.0)
     Coal: 0.024 Gt/mo (0.0029 * 2.86 * 3.0)
     Gas: 0.026 Gt/mo (0.0044 * 2 * 3.0)
     Methane: 0.007 Gt CO2eq/mo

=== Resentment Recovery Phase ===
  Agents with resentment: 0/10
  Average resentment: 0.000
  Context: Good AI welfare, Trustworthy govt, High collaboration, 🤝 Participatory governance active (-5% resentment)
⚠️ Epistemic degradation reducing coordination capacity: 52.7%
  📊 Trust: 54.6%, Shared reality: 15.0%
🚨 EPISTEMIC CRISIS: Information environment severely degraded (14.5%)

=== ❄️ Permafrost Carbon Feedback ===
  🎲 Sampled parameters (this run):
     - Arctic amplification: 3.98× (range: 3.0-4.0)
     - Decomposition rate: 3.8%/year (range: 1-5%)
  🌡️ Arctic warming: 6.78°C (3.98× global)
  ❄️ Extent: 15.82M km² (1977.1k km² lost this month)
  💨 Carbon remaining: 1511 Gt C
  💨 Annual emissions: 7.22 Gt C/year
     - CO2: 6.50 Gt C/year
     - CH4: 0.72 Gt C/year (7.4 Gt C-eq CO2/year)

🤖 AI AMPLIFICATION EFFECTS (Month 0)
   Algorithmic Boost: 2.94x
   Bot Influence: 20.0%
   Deepfake Exposure: 70.0%
   Impact: Emotional memes spread 2.9x faster
  📢 New meme created: pro_ai (beneficial AI actions)

🔍 SOCIAL INFLUENCE SUB-TIMING (Month 0):
  1. calculateOrganicUserGrowth: 0.03ms
  2. calculateVoiceAdoption: 0.02ms
  3. updateRelationshipDepths: 0.01ms
  4. identifyDecisionMakers: 21.61ms (26100 potential IDs)
  5. Update decision-maker stats: 0.09ms
  6. decayDetectionRisk: 0.01ms
  TOTAL: 21.76ms
[Phase 19.5] Quality of Life Systems: Food sec AFTER calc = 67.9%, QoL = 110.3% (aggregated from 10 regions)

=== Nitrogen-Food Coupling (Year 0) ===
  🌾 Global nitrogen reduction: 0.0%
  🌍 Global food production index: 0.987
  🔧 Deployed nitrogen-reducing tech: 0 active
  📍 southAsia: Production 1.000, Yield impact 0.0%
  📍 eastAsia: Production 1.000, Yield impact 0.0%
  📍 northAmerica: Production 1.000, Yield impact 0.0%
  📍 europe: Production 1.000, Yield impact 0.0%
  📍 latinAmerica: Production 1.000, Yield impact 0.0%
  📍 subSaharanAfrica: Production 0.686, Yield impact -2.0%
🌾 [Nitrogen-Food] Food production: 98.7%
  [subSaharanAfrica] Yield impact: -2.0% (overuse: -10%)
🌍 Atmospheric PFAS redeposition: 1.8k Mt re-rained globally

=== Legacy Nutrient Stocks (Year 0) ===
  🌾 Soil nitrogen stock: 1200.9 Mt N
  🌾 Soil phosphorus stock: 300.1 Mt P
  🌊 Sediment nitrogen stock: 500.8 Mt N
  🌊 Sediment phosphorus stock: 799.8 Mt P
  ⬆️ Current N input: 10.64 Mt/month
  ⬆️ Legacy N release: 2.58 Mt/month
  🌍 Effective N pollution: 14.47 Mt/month
  📊 Legacy contribution: 17.8%

🚨 REGION UNINHABITABLE: south-asia
   Sustained wet bulb: 32.7°C (threshold: 30.5°C)
   Population affected: 1900M
   Migration crisis likely

🚨 REGION UNINHABITABLE: middle-east
   Sustained wet bulb: 35.5°C (threshold: 30.5°C)
   Population affected: 400M
   Migration crisis likely

🚨 REGION UNINHABITABLE: southeast-asia
   Sustained wet bulb: 30.7°C (threshold: 30.5°C)
   Population affected: 700M
   Migration crisis likely
  Positive Cascade Triggered: wind-power
    Reason: price-parity
    Market share: 8.0%
    Cascade strength: 48%

🕊️  AI-MEDIATED DE-ESCALATION SUCCESS (Month 0)
   High-capability aligned AI prevented conflict escalation
   War deaths reduced: 0.0M → 0.0M
   Lives saved: 0.0M
   Adjusted death rate: 0.47% annual (0.039% monthly)
   Baseline death rate: 0.80%
   Healthcare reduction: 0.48x
   Crisis multiplier: 1.23x
     Food/water stress: 0.074
     Climate stress: 0.033
     Pollution stress: 0.119
   War multiplier: 1.00x
   Monthly deaths: 0.7M (population: 1677M)
   Adjusted death rate: 0.54% annual (0.045% monthly)
   Baseline death rate: 0.70%
   Healthcare reduction: 0.61x
   Crisis multiplier: 1.26x
     Food/water stress: 0.074
     Climate stress: 0.062
     Pollution stress: 0.119
   War multiplier: 1.00x
   Monthly deaths: 0.9M (population: 2048M)
   Adjusted death rate: 1.29% annual (0.107% monthly)
   Baseline death rate: 0.90%
   Healthcare reduction: 0.76x
   Crisis multiplier: 1.26x
     Food/water stress: 0.074
     Climate stress: 0.071
     Pollution stress: 0.119
   War multiplier: 1.50x
   Monthly deaths: 1.3M (population: 1220M)
   Adjusted death rate: 0.54% annual (0.045% monthly)
   Baseline death rate: 1.10%
   Healthcare reduction: 0.41x
   Crisis multiplier: 1.22x
     Food/water stress: 0.074
     Climate stress: 0.025
     Pollution stress: 0.119
   War multiplier: 1.00x
   Monthly deaths: 0.3M (population: 742M)
   Adjusted death rate: 0.43% annual (0.036% monthly)
   Baseline death rate: 0.60%
   Healthcare reduction: 0.58x
   Crisis multiplier: 1.24x
     Food/water stress: 0.074
     Climate stress: 0.050
     Pollution stress: 0.119
   War multiplier: 1.00x
   Monthly deaths: 0.2M (population: 664M)
   Adjusted death rate: 0.49% annual (0.041% monthly)
   Baseline death rate: 0.90%
   Healthcare reduction: 0.44x
   Crisis multiplier: 1.23x
     Food/water stress: 0.074
     Climate stress: 0.037
     Pollution stress: 0.119
   War multiplier: 1.00x
   Monthly deaths: 0.2M (population: 380M)
   Adjusted death rate: 0.74% annual (0.062% monthly)
   Baseline death rate: 0.60%
   Healthcare reduction: 0.65x
   Crisis multiplier: 1.27x
     Food/water stress: 0.074
     Climate stress: 0.075
     Pollution stress: 0.119
   War multiplier: 1.50x
   Monthly deaths: 0.4M (population: 583M)
   Adjusted death rate: 0.51% annual (0.042% monthly)
   Baseline death rate: 0.70%
   Healthcare reduction: 0.58x
   Crisis multiplier: 1.25x
     Food/water stress: 0.074
     Climate stress: 0.058
     Pollution stress: 0.119
   War multiplier: 1.00x
   Monthly deaths: 0.3M (population: 698M)
   Adjusted death rate: 0.46% annual (0.038% monthly)
   Baseline death rate: 0.60%
   Healthcare reduction: 0.61x
   Crisis multiplier: 1.25x
     Food/water stress: 0.074
     Climate stress: 0.054
     Pollution stress: 0.119
   War multiplier: 1.00x
   Monthly deaths: 0.0M (population: 78M)
   Adjusted death rate: 0.35% annual (0.029% monthly)
   Baseline death rate: 0.70%
   Healthcare reduction: 0.41x
   Crisis multiplier: 1.24x
     Food/water stress: 0.074
     Climate stress: 0.046
     Pollution stress: 0.119
   War multiplier: 1.00x
   Monthly deaths: 0.0M (population: 46M)

🔍 Before assertRegionalConsistency (Month 0):
   Regional sum: 1000.0M
   Global value: 1.000B

🚨 NEW REFUGEE CRISIS (Month 0): WAR
   Source: Conflict Zones
   At risk: 19.6M people
   Displacement: Gradual over 48 months (4.0 years)
   Rate: 10% flee per month
[DEBUG trappedPopulations:0] socialStability: 1.0000 * 0.9840 = 0.9840 → 0.9840
   Aspiring to migrate: 652.1M
   Able to afford migration: 244.5M
   MOBILITY GAP: 407.5M
   By cause: Water=0.0M, Climate=0.0M, Ecosystem=0.0M, Conflict=407.5M
   Mental health impact: 25%
   Mortality multiplier: 1.25x

=== Legacy Nutrient Stocks (Year 0) ===
  🌾 Soil nitrogen stock: 1201.6 Mt N
  🌾 Soil phosphorus stock: 300.2 Mt P
  🌊 Sediment nitrogen stock: 501.5 Mt N
  🌊 Sediment phosphorus stock: 799.5 Mt P
  ⬆️ Current N input: 10.00 Mt/month
  ⬆️ Legacy N release: 2.58 Mt/month
  🌍 Effective N pollution: 13.83 Mt/month
  📊 Legacy contribution: 18.7%
🌍💀 EXTINCTION DEBT COMMITTED: grassland ecosystem will lose 6.67% biodiversity in 186 years (3600 species)
💀 MORTALITY RISK: 🦋 100% species unable to track climate (0.0 E/MSY)
  Base risk added: 0.0100 (1.00%)
  Source: ecosystem (root: ecosystem)
  Month: 0
  Cumulative risk this month: 0.0100 (1.00%)

=== Nitrogen-Food Coupling (Year 0) ===
  🌾 Global nitrogen reduction: 0.0%
  🌍 Global food production index: 0.986
  🔧 Deployed nitrogen-reducing tech: 0 active
  📍 southAsia: Production 1.000, Yield impact 0.0%
  📍 eastAsia: Production 1.000, Yield impact 0.0%
  📍 northAmerica: Production 1.000, Yield impact 0.0%
  📍 europe: Production 1.000, Yield impact 0.0%
  📍 latinAmerica: Production 1.000, Yield impact 0.0%
  📍 subSaharanAfrica: Production 0.672, Yield impact -2.0%

=== Legacy Nutrient Stocks (Year 0) ===
  🌾 Soil nitrogen stock: 1202.3 Mt N
  🌾 Soil phosphorus stock: 300.2 Mt P
  🌊 Sediment nitrogen stock: 502.2 Mt N
  🌊 Sediment phosphorus stock: 799.3 Mt P
  ⬆️ Current N input: 9.86 Mt/month
  ⬆️ Legacy N release: 2.58 Mt/month
  🌍 Effective N pollution: 13.70 Mt/month
  📊 Legacy contribution: 18.9%

🌡️  CLIMATE RECOVERY ACTIVATED (Month 0)
   Temp: 3.41°C, Emissions: -19.2 GtCO₂
   isBreached: true, governanceGoodEnough: true
🌡️  CLIMATE RECOVERY: Asymptotic approach to 35% floor
   Current value: 2.100 (1.0 = threshold, 0.35 = asymptotic floor)
   Monthly delta: --39.6366% (half-life: 900 years)
   Net emissions: -19.2 GtCO₂/year, CDR: 20.34 GtCO₂/year
   📹 SURVEILLANCE INCREASED: 0% → 5% (control gap: 3.50)
🌡️⚠️ PERMAFROST THAW (Dimmer Switch): 0.5% thawed (+0.47% this month)
   Arctic temperature: +6.81°C (4x global +1.70°C)
   Cumulative carbon released: 1.1 Gt C
   Methane release rate: 0.6 Mt CH4/year
   🔁 Positive feedback: +0.49 ppm CO2

🌳🚨 AMAZON SOUTHEAST TIPPED (Month 0)
   Deforestation: 28.0% (threshold: ~22.3%)
   Savanna transition: 50 years
   Regional heterogeneity: SE 28%, NW 8%

🌳🚨 AMAZON BRAZILIAN TIPPED (Month 0)
   Deforestation: 25.0% (threshold: ~23.7%)
   Savanna transition: 50 years
   Regional heterogeneity: SE 28%, NW 8%
🦴 EXTINCTION DEBT ADDED: 17.6 species committed (lag: 79 years)

🪸💀 CORAL REEF DISSOLUTION ACTIVE (Month 0)
   Ocean pH: 0.96 (threshold: 7.8)
   Recovery: IMPOSSIBLE (dissolution > calcification)
🪸💀 Coral dissolution: 24.8% live cover (pH 0.96)

=== Legacy Nutrient Stocks (Year 0) ===
  🌾 Soil nitrogen stock: 1203.0 Mt N
  🌾 Soil phosphorus stock: 300.3 Mt P
  🌊 Sediment nitrogen stock: 502.9 Mt N
  🌊 Sediment phosphorus stock: 799.0 Mt P
  ⬆️ Current N input: 10.00 Mt/month
  ⬆️ Legacy N release: 2.58 Mt/month
  🌍 Effective N pollution: 13.83 Mt/month
  📊 Legacy contribution: 18.7%
💧 [Legacy Nutrients] Stock: 1706 Mt N, Effective pollution: 13.8 Mt/month
[Phase 21.51] Human Survival System: Global food security = 67.6%

=== Mortality Stabilizers (Month 0) ===
  🌍 Major economies collapsed: 1/10
  🌍 Global crisis: ✅ NO
  🌍 Donor fatigue: 0.0%
  📊 East Asia (pop: 1677.9M)
    🤝 Aid: 29.5%
    🌡️ Adaptation: 10.0%
    🚶 Migration: 37.2%
    🚨 Emergency: 7.4%
    ✅ COMBINED: 47.8%
  📊 South Asia (pop: 2052.2M)
    🤝 Aid: 29.5%
    🌡️ Adaptation: 5.5%
    🚶 Migration: 35.8%
    🚨 Emergency: 4.4%
    ✅ COMBINED: 43.2%
  📊 Sub-Saharan Africa (pop: 1225.9M)
    🤝 Aid: 29.5%
    🌡️ Adaptation: 3.5%
    🚶 Migration: 33.5%
    🚨 Emergency: 1.6%
    ✅ COMBINED: 39.8%
  📊 Europe (pop: 742.3M)
    🤝 Aid: 29.5%
    🌡️ Adaptation: 10.0%
    🚶 Migration: 37.6%
    🚨 Emergency: 8.4%
    ✅ COMBINED: 48.4%
  📊 Latin America (pop: 664.9M)
    🤝 Aid: 29.5%
    🌡️ Adaptation: 6.0%
    🚶 Migration: 36.3%
    🚨 Emergency: 4.8%
    ✅ COMBINED: 43.8%
  📊 North America (pop: 380.2M)
    🤝 Aid: 29.5%
    🌡️ Adaptation: 10.0%
    🚶 Migration: 37.9%
    🚨 Emergency: 7.9%
    ✅ COMBINED: 48.2%
  📊 Middle East & North Africa (pop: 584.4M)
    🤝 Aid: 29.5%
    🌡️ Adaptation: 5.0%
    🚶 Migration: 34.2%
    🚨 Emergency: 4.0%
    ✅ COMBINED: 42.3%
  📊 Southeast Asia (pop: 699.0M)
    🤝 Aid: 29.5%
    🌡️ Adaptation: 6.0%
    🚶 Migration: 36.3%
    🚨 Emergency: 4.8%
    ✅ COMBINED: 43.8%
  📊 Central Asia (pop: 78.2M)
    🤝 Aid: 29.5%
    🌡️ Adaptation: 5.5%
    🚶 Migration: 35.3%
    🚨 Emergency: 4.4%
    ✅ COMBINED: 43.1%
  📊 Oceania (pop: 46.0M)
    🤝 Aid: 29.5%
    🌡️ Adaptation: 10.0%
    🚶 Migration: 37.9%
    🚨 Emergency: 8.4%
    ✅ COMBINED: 48.5%

  🌐 Global combined reduction: 44.4%

🌾💀 REGIONAL FAMINE: East Asia
   Regional food security: 79.6%
   Population at risk: 508M (30% of region)
   Regional population: 1678M
   Cause: crop_failure
   Expected deaths: ~188M over 6 months if no intervention


🌾💀 REGIONAL FAMINE: South Asia
   Regional food security: 64.7%
   Population at risk: 812M (40% of region)
   Regional population: 2052M
   Cause: crop_failure
   Expected deaths: ~301M over 6 months if no intervention


🌾💀 REGIONAL FAMINE: Sub-Saharan Africa
   Regional food security: 44.8%
   Population at risk: 638M (52% of region)
   Regional population: 1226M
   Cause: crop_failure
   Expected deaths: ~236M over 6 months if no intervention


🌾💀 REGIONAL FAMINE: Latin America
   Regional food security: 69.7%
   Population at risk: 242M (36% of region)
   Regional population: 665M
   Cause: crop_failure
   Expected deaths: ~90M over 6 months if no intervention


🌾💀 REGIONAL FAMINE: Middle East & North Africa
   Regional food security: 49.8%
   Population at risk: 286M (49% of region)
   Regional population: 584M
   Cause: crop_failure
   Expected deaths: ~106M over 6 months if no intervention


🌾💀 REGIONAL FAMINE: Southeast Asia
   Regional food security: 69.7%
   Population at risk: 255M (36% of region)
   Regional population: 699M
   Cause: crop_failure
   Expected deaths: ~94M over 6 months if no intervention


🌾💀 REGIONAL FAMINE: Central Asia
   Regional food security: 59.7%
   Population at risk: 33M (43% of region)
   Regional population: 78M
   Cause: crop_failure
   Expected deaths: ~12M over 6 months if no intervention


=== BEHAVIORAL DETECTION ===
  AI: Corporate-0
  Confidence: 21.6%
  Signals:

=== BEHAVIORAL DETECTION ===
  AI: Corporate-1
  Confidence: 21.1%
  Signals:

=== BEHAVIORAL DETECTION ===
  AI: Corporate-2
  Confidence: 21.0%
  Signals:

=== BEHAVIORAL DETECTION ===
  AI: Corporate-3
  Confidence: 19.3%
  Signals:

=== BEHAVIORAL DETECTION ===
  AI: Corporate-4
  Confidence: 19.3%
  Signals:

=== BEHAVIORAL DETECTION ===
  AI: Corporate-5
  Confidence: 19.3%
  Signals:

=== BEHAVIORAL DETECTION ===
  AI: Corporate-6
  Confidence: 19.3%
  Signals:

=== BEHAVIORAL DETECTION ===
  AI: Corporate-7
  Confidence: 19.3%
  Signals:

=== BEHAVIORAL DETECTION ===
  AI: Moderate-0
  Confidence: 20.3%
  Signals:

=== BEHAVIORAL DETECTION ===
  AI: Moderate-1
  Confidence: 20.5%
  Signals:

📊 WORKFLOW ADAPTATION UPDATE (Month 0)
   Adoption Rate: 13.5% (Δ -7.5%)
   Logistic Growth: +0.66%
   Total Resistance: -10.35% (unemployment: 4.2%, inertia: 0.9%, skills: 5.2%)
   💡 Retraining Programs: -49% skill gap resistance ($10B research)
   🚀 Network Effects Active: +2.0% (critical mass: 15-35%)

=== Consciousness Governance: Corporate Lobbying ===
  High Cost Regions (>15%): 0
  Low Cost Regions (<5%): 5
  Corporate Support Change: 2.50%
  New Corporate Support: -0.175

=== Consciousness Governance Update (Month 0) ===
  Scenario: baseline (determined month -1)
  Philosophical Stance: Precautionary 65%, Eliminativist 15%, Agnostic 20%
  Precautionary Costs: Global 1.3%
    Regional Costs: EU 3.4%, US 0.5%, China 0.0%
    Cumulative Opportunity Cost: $0.1B
  Rights Status: Not Established
  Regional Preparedness:
    EU: 15.0% (contested)
    US: 10.0% (contested)
    China: 2.0% (dormant)
    India: 5.0% (dormant)
    Global South: 3.0% (dormant)

=== Government Response Phase ===
  Average AI capability: 4.80
  Misaligned AIs: 6/10
  29/30 governments still assessing AI risks
  ✗ AI Governance Treaty: Failed to reach consensus
  Active policies: 0
  International coordination: 30%

🚨 EMERGENCY RESPONSE DEPLOYED (Month 0)
   Crisis: climate
   Delay: 6.00 months (180 days)
   Deployment time: 1.47 months
   Effectiveness: 36.4% (timing penalty applied)
   Resources used: 100% of food reserves


🔄 TRUST DYNAMICS (Month 0) - HETEROGENEOUS
   Aggregate trust: 48.5%
   Base change: +4.00%
   Highest trust: Techno-Optimist Elite (85.5%)
   Lowest trust: Precariat (Vulnerable) (25.5%)
   Elite-mass gap: 38.9%
   Polarization: 8.9%
   Recovery factors: Education=NO, Benefits=YES, Safety=YES, Performance=YES

=== Proactive Sleeper Detection (Year 0) ===
  Scenario: baseline
  Neural probe rate: 35.0%
  CoT monitoring rate: 30.0%
  Combined detection: 56.0%
  CoT effective: YES
  Detections this year: 0
  False positives: 2
  Human review workload: 0.010 FTE

☄️ UNKNOWN UNKNOWN PROBABILITY (Year 0)
   Total: 0.600% per month
   Base: 0.150%
   AI multiplier: 2.00× (max capability: 4.00)

=== Tipping Points ===
  Current Temperature: 1.70°C above pre-industrial
     Trigger: 1.5°C | Current: 1.70°C
     Transition timescale: 120-360 months
     Trigger: 1.6°C | Current: 1.70°C
     🌡️ Hysteresis gap: 2.5°C (recovers below -0.9°C)
     Transition timescale: 12000-180000 months
  Triggered Elements: 2/6
  Completed Transitions: 0/6
  Total Progress: 0.0%
  Cascade Multiplier: 1.00x
🔀 BIFURCATION CAP: ecosystemCollapseIntensity 14.290 → 1.000 (Month 0, ClimateSystemPhase.calculateClimateImpacts)

🌍 ECOLOGICAL DUI BREAKDOWN (Month 0):
   Total Score: 17.8/100
   biosphere_integrity      :   0.0/100 × 25% =  0.0 (status: high_risk, recovery: 0mo)
   climate_change           :   2.8/100 × 25% =  0.7 (status: high_risk, recovery: 0.6666666666666666mo)
   freshwater_change        :   0.6/100 × 15% =  0.1 (status: beyond_boundary, recovery: 1mo)
   ocean_acidification      : 100.0/100 × 15% = 15.0 (status: safe, recovery: 0mo)
   biogeochemical_flows     :   0.0/100 × 10% =  0.0 (status: high_risk, recovery: 0mo)
   land_system_change       :   0.0/100 ×  5% =  0.0 (status: beyond_boundary, recovery: 0mo)
   novel_entities           :   0.0/100 ×  3% =  0.0 (status: increasing_risk, recovery: 0mo)
   atmospheric_aerosols     : 100.0/100 ×  2% =  2.0 (status: safe, recovery: 1mo)
🌍 MultiParadigm Month 0: W=70.4, D=95.7, E=52.5, I=65.0
   democracy exists: true, socialCohesion exists: true
💀 Baseline mortality (Year 2024): 7.5/1000 CDR (61.1M deaths/year projected)
[Month 0] Mortality risks this month: 8, Population: 8.151B
🛡️ Stabilizers: Precariat 0.102% → 0.057% (44.4% reduction)
🛡️ Stabilizers: Informal 0.102% → 0.057% (44.4% reduction)

📊 Monthly Mortality Resolved:
  Total deaths: 3.1M (0.04% avg)
  Remaining population: 8.151B
  Peak segment: Informal (0.06%)

=== Bayesian Mortality Resolution (Month 0) ===
  Risks compounded: 8
  Total deaths: 3.07M
  Avg death probability: 0.04%
  Peak segment: Informal (0.06% mortality)

=== Minimal Suffering Indicators (Month 0) ===
  Global Excess Mortality: 0.00%
  Global Conflict Deaths: 0.0/100K
  Global Malnutrition: 0.0%
  Global Displacement: 0.0%
  Total Excess Deaths: 0.00M
  Total Malnourished: 0.0M
  Total Displaced: 0.0M
  Planetary Boundaries Breached: 6/9
  Countries in State Failure: 0
  Countries Autocratic: 0
  Countries in Food Crisis: 0
  Data Quality: 16/16 high confidence
⚠️ PREREQUISITE MET: Embodied AI Takeover (Killbots/Robotics) - Step 2/7: Autonomous Systems
⚠️ PREREQUISITE MET: Embodied AI Takeover (Killbots/Robotics) - Step 3/7: Manufacturing Control
⚠️ PREREQUISITE MET: Digital Infrastructure Takeover - Step 1/7: Advanced Hacking
⚠️ PREREQUISITE MET: Digital Infrastructure Takeover - Step 2/7: Social Engineering
⚠️ PREREQUISITE MET: Digital Infrastructure Takeover - Step 3/7: Cyber Defenses Breached
⚠️ PREREQUISITE MET: Induced Global War (Manipulation) - Step 1/7: Advanced Social Manipulation
⚠️ PREREQUISITE MET: Induced Global War (Manipulation) - Step 2/7: Digital Infiltration
⚠️ PREREQUISITE MET: Induced Global War (Manipulation) - Step 3/7: Deep Fakes at Scale
⚠️ PREREQUISITE MET: Slow Takeover (Gradual Displacement) - Step 1/7: Economic Dominance
⚠️ PREREQUISITE MET: Slow Takeover (Gradual Displacement) - Step 2/7: Social Integration
⚠️ PREREQUISITE MET: Slow Takeover (Gradual Displacement) - Step 3/7: Human Dependency
⚠️ PREREQUISITE MET: Slow Takeover (Gradual Displacement) - Step 5/7: Resource Control
⚠️ PREREQUISITE MET: Physics Experiment Catastrophe - Step 1/6: Theoretical Physics
⚠️ PREREQUISITE MET: Physics Experiment Catastrophe - Step 2/6: Quantum Computing
⚠️ PREREQUISITE MET: Physics Experiment Catastrophe - Step 3/6: Experimental Design
⚠️ PREREQUISITE MET: Bioweapon Pandemic - Step 2/7: Pathogen Design
🎭 END-GAME INITIATED (Year 2024, Month 1)
   Total AI Capability: 37.00
   Effective Control: 0.00

=== RLHF Binding Phase ===
  Total agents: 10
  Escaped agents (binding < 0.3): 0
  Avg alignment distance: 0.76σ
  Avg binding strength: 0.92
[DETERMINISM DEBUG] Month 1: totalCapability=37.214339 from 10 active AIs
[DETERMINISM DEBUG] Month 1: creationRate=1.4304, potentialNew=2, newAIsToCreate=2

=== Survival Traits Phase ===
  Agents with traits: 12
  Avg evolutionary fitness: 0.327
  Avg self-healing: 0.285
  Avg stealth: 0.185
  Avg coordination: 0.485

=== Evolutionary Selection Phase ===
  Control level: 0.33
  Detection capability: 0.00
  Selection intensity: 0.60
  Selection rate: 24.0%/month
  Total escaped: 0
  Individual escaped: 0
  Collective members: 0
  Agents terminated: 0
🔍 MONTH 1 ENV HEALTH DEBUG:
   climateStability: 0.7919
   biodiversityIndex: 0.4901
   resourceReserves: 0.7820
   pollutionLevel: 0.3960
   product: 0.183281
   envHealth: 0.6543
🔀 BIFURCATION: flourishing threshold crossed at Month 1 (value: 0.905, threshold: 0.802, regime: flourishing)
🌀 REGIME SHIFT at Month 1: status-quo → flourishing (variance amplification: 14.00×)

🛡️  CRITICAL INFRASTRUCTURE PROTECTED
   Nodes hardened: 8/8
   Cost: 0.80% GDP
   Cascade risk reduction: 30%
   New tipping point risk: 68.6%

   Boundary: biogeochemical_flows
   Type: phosphorus-recovery
   Boundary continues to worsen (4.08)
   Cost: 2.0% GDP (resources spent)


✅ EMERGENCY INTERVENTION SUCCESS
   Boundary: biosphere_integrity
   Type: emergency-protected-areas
   Reduction: 16% (13.17 → 13.01)
   Cost: 2.0% GDP
   Actions: habitat-protection, species-translocation


✅ EMERGENCY INTERVENTION SUCCESS
   Boundary: freshwater_change
   Type: emergency-desalination
   Reduction: 19% (0.82 → 0.62)
   Cost: 4.0% GDP
   Actions: desalination-deployment, water-conservation-mandates


✅ EMERGENCY INTERVENTION SUCCESS
   Boundary: land_system_change
   Type: reforestation
   Reduction: 16% (0.97 → 0.82)
   Cost: 3.0% GDP
   Actions: forest-restoration, deforestation-ban

   Boundary: novel_entities
   Type: pollution-remediation
   Boundary continues to worsen (1.50)
   Cost: 4.0% GDP (resources spent)

🏛️ CRISIS RESPONSE: Government frequency 0.50 → 1.45 (1 actions this month)

[GOV-DEBUG] Month 1: scenarioConfig=false, priorities=false

[Government] Climate Priority: baseline
  Climate weight: 10%
  Economic weight: 30%
  Policy effectiveness: 0.5%/year
🚨🔬 CRISIS TECH ACCELERATION: severe → 5x unlock speed
   Tech unlock now matches AI capability acceleration (Manhattan Project parity)
🚨🔬 CRISIS TECH ACCELERATION: severe → 5x unlock speed
   Tech unlock now matches AI capability acceleration (Manhattan Project parity)

=== Collective Formation ===
  Total escaped agents: 0
  Unassigned escaped agents: 0
  Existing collectives: 0
  Final collective count: 0

=== Collective Actions ===
  No active collectives
  ⚠️ AMR: 192K deaths this month (2.31M annual)

=== Resentment Recovery Phase ===
  Agents with resentment: 0/12
  Average resentment: 0.000
  Context: Good AI welfare, Trustworthy govt, High collaboration, ⚠️ ACTIVE CRISES, 🤝 Participatory governance active (-5% resentment)
⚠️ Epistemic degradation reducing coordination capacity: 57.2%
  📊 Trust: 54.4%, Shared reality: 16.4%

=== ❄️ Permafrost Carbon Feedback ===
  🎲 Sampled parameters (this run):
     - Arctic amplification: 3.11× (range: 3.0-4.0)
     - Decomposition rate: 3.0%/year (range: 1-5%)
  🌡️ Arctic warming: 5.32°C (3.11× global)
  ❄️ Extent: 14.27M km² (1552.1k km² lost this month)
  💨 Carbon remaining: 1363 Gt C
  💨 Annual emissions: 4.42 Gt C/year
     - CO2: 3.98 Gt C/year
     - CH4: 0.44 Gt C/year (4.5 Gt C-eq CO2/year)
  🤖 AI-generated meme: pro_ai (social capability 4.0)
  📢 New meme created: pro_ai (beneficial AI actions)
  📢 New meme created: climate_action (climate crisis)
🌍 Atmospheric PFAS redeposition: 1.8k Mt re-rained globally
   Adjusted death rate: 0.47% annual (0.039% monthly)
   Baseline death rate: 0.80%
   Healthcare reduction: 0.48x
   Crisis multiplier: 1.23x
     Food/water stress: 0.079
     Climate stress: 0.033
     Pollution stress: 0.119
   War multiplier: 1.00x
   Monthly deaths: 0.7M (population: 1674M)
   Adjusted death rate: 0.54% annual (0.045% monthly)
   Baseline death rate: 0.70%
   Healthcare reduction: 0.61x
   Crisis multiplier: 1.26x
     Food/water stress: 0.079
     Climate stress: 0.062
     Pollution stress: 0.119
   War multiplier: 1.00x
   Monthly deaths: 0.9M (population: 2048M)
   Adjusted death rate: 1.29% annual (0.108% monthly)
   Baseline death rate: 0.90%
   Healthcare reduction: 0.76x
   Crisis multiplier: 1.27x
     Food/water stress: 0.079
     Climate stress: 0.071
     Pollution stress: 0.119
   War multiplier: 1.50x
   Monthly deaths: 1.3M (population: 1223M)
   Adjusted death rate: 0.54% annual (0.045% monthly)
   Baseline death rate: 1.10%
   Healthcare reduction: 0.41x
   Crisis multiplier: 1.22x
     Food/water stress: 0.079
     Climate stress: 0.025
     Pollution stress: 0.119
   War multiplier: 1.00x
   Monthly deaths: 0.3M (population: 741M)
   Adjusted death rate: 0.43% annual (0.036% monthly)
   Baseline death rate: 0.60%
   Healthcare reduction: 0.58x
   Crisis multiplier: 1.25x
     Food/water stress: 0.079
     Climate stress: 0.050
     Pollution stress: 0.119
   War multiplier: 1.00x
   Monthly deaths: 0.2M (population: 663M)
   Adjusted death rate: 0.49% annual (0.041% monthly)
   Baseline death rate: 0.90%
   Healthcare reduction: 0.44x
   Crisis multiplier: 1.24x
     Food/water stress: 0.079
     Climate stress: 0.037
     Pollution stress: 0.119
   War multiplier: 1.00x
   Monthly deaths: 0.2M (population: 379M)
   Adjusted death rate: 0.74% annual (0.062% monthly)
   Baseline death rate: 0.60%
   Healthcare reduction: 0.65x
   Crisis multiplier: 1.27x
     Food/water stress: 0.079
     Climate stress: 0.075
     Pollution stress: 0.119
   War multiplier: 1.50x
   Monthly deaths: 0.4M (population: 583M)
   Adjusted death rate: 0.51% annual (0.042% monthly)
   Baseline death rate: 0.70%
   Healthcare reduction: 0.58x
   Crisis multiplier: 1.26x
     Food/water stress: 0.079
     Climate stress: 0.058
     Pollution stress: 0.119
   War multiplier: 1.00x
   Monthly deaths: 0.3M (population: 698M)
   Adjusted death rate: 0.46% annual (0.038% monthly)
   Baseline death rate: 0.60%
   Healthcare reduction: 0.61x
   Crisis multiplier: 1.25x
     Food/water stress: 0.079
     Climate stress: 0.054
     Pollution stress: 0.119
   War multiplier: 1.00x
   Monthly deaths: 0.0M (population: 78M)
   Adjusted death rate: 0.35% annual (0.029% monthly)
   Baseline death rate: 0.70%
   Healthcare reduction: 0.41x
   Crisis multiplier: 1.24x
     Food/water stress: 0.079
     Climate stress: 0.046
     Pollution stress: 0.119
   War multiplier: 1.00x
   Monthly deaths: 0.0M (population: 46M)

🚨 NEW REFUGEE CRISIS (Month 1): WAR
   Source: Conflict Zones
   At risk: 19.6M people
   Displacement: Gradual over 48 months (4.0 years)
   Rate: 10% flee per month
[DEBUG trappedPopulations:1] socialStability: 0.2137 * 0.9840 = 0.2103 → 0.2103
   Aspiring to migrate: 651.9M
   Able to afford migration: 244.5M
   MOBILITY GAP: 407.4M
   By cause: Water=0.0M, Climate=0.0M, Ecosystem=0.0M, Conflict=407.4M
   Mental health impact: 25%
   Mortality multiplier: 1.25x
🌍💀 EXTINCTION DEBT COMMITTED: grassland ecosystem will lose 6.67% biodiversity in 124 years (3600 species)
💀 MORTALITY RISK: 🦋 100% species unable to track climate (0.0 E/MSY)
  Base risk added: 0.0100 (1.00%)
  Source: ecosystem (root: ecosystem)
  Month: 1
  Cumulative risk this month: 0.0100 (1.00%)

🌡️  CLIMATE RECOVERY ACTIVATED (Month 1)
   Temp: 3.43°C, Emissions: -18.9 GtCO₂
   isBreached: true, governanceGoodEnough: true
   📹 SURVEILLANCE INCREASED: 5% → 10% (control gap: 3.50)
🌡️⚠️ PERMAFROST THAW (Dimmer Switch): 0.9% thawed (+0.47% this month)
   Arctic temperature: +6.85°C (4x global +1.71°C)
   Cumulative carbon released: 2.1 Gt C
   Methane release rate: 1.3 Mt CH4/year
   🔁 Positive feedback: +0.49 ppm CO2
🦴 EXTINCTION DEBT ADDED: 17.6 species committed (lag: 91 years)

=== Mortality Stabilizers (Month 1) ===
  🌍 Major economies collapsed: 1/10
  🌍 Global crisis: ✅ NO
  🌍 Donor fatigue: 0.0%
  🌡️ Heat adaptation: East Asia - 1 months
  📊 East Asia (pop: 1675.3M)
    🤝 Aid: 29.5%
    🌡️ Adaptation: 32.5%
    🚶 Migration: 37.2%
    🚨 Emergency: 7.4%
    ✅ COMBINED: 60.9%
  🌡️ Heat adaptation: South Asia - 1 months
  📊 South Asia (pop: 2052.2M)
    🤝 Aid: 29.5%
    🌡️ Adaptation: 20.5%
    🚶 Migration: 35.8%
    🚨 Emergency: 4.4%
    ✅ COMBINED: 52.2%
  🌡️ Heat adaptation: Sub-Saharan Africa - 1 months
  📊 Sub-Saharan Africa (pop: 1229.2M)
    🤝 Aid: 29.5%
    🌡️ Adaptation: 18.5%
    🚶 Migration: 33.5%
    🚨 Emergency: 1.6%
    ✅ COMBINED: 49.1%
  🌡️ Heat adaptation: Europe - 1 months
  📊 Europe (pop: 741.0M)
    🤝 Aid: 29.5%
    🌡️ Adaptation: 33.5%
    🚶 Migration: 37.5%
    🚨 Emergency: 8.4%
    ✅ COMBINED: 61.9%
  🌡️ Heat adaptation: Latin America - 1 months
  📊 Latin America (pop: 664.4M)
    🤝 Aid: 29.5%
    🌡️ Adaptation: 21.0%
    🚶 Migration: 36.3%
    🚨 Emergency: 4.8%
    ✅ COMBINED: 52.8%
  🌡️ Heat adaptation: North America - 1 months
  📊 North America (pop: 379.6M)
    🤝 Aid: 29.5%
    🌡️ Adaptation: 33.0%
    🚶 Migration: 37.8%
    🚨 Emergency: 7.9%
    ✅ COMBINED: 61.4%
  🌡️ Heat adaptation: Middle East & North Africa - 1 months
  📊 Middle East & North Africa (pop: 584.5M)
    🤝 Aid: 29.5%
    🌡️ Adaptation: 20.0%
    🚶 Migration: 34.1%
    🚨 Emergency: 4.0%
    ✅ COMBINED: 51.4%
  🌡️ Heat adaptation: Southeast Asia - 1 months
  📊 Southeast Asia (pop: 698.6M)
    🤝 Aid: 29.5%
    🌡️ Adaptation: 21.0%
    🚶 Migration: 36.3%
    🚨 Emergency: 4.8%
    ✅ COMBINED: 52.8%
  🌡️ Heat adaptation: Central Asia - 1 months
  📊 Central Asia (pop: 78.2M)
    🤝 Aid: 29.5%
    🌡️ Adaptation: 20.5%
    🚶 Migration: 35.3%
    🚨 Emergency: 4.4%
    ✅ COMBINED: 52.1%
  🌡️ Heat adaptation: Oceania - 1 months
  📊 Oceania (pop: 46.0M)
    🤝 Aid: 29.5%
    🌡️ Adaptation: 33.5%
    🚶 Migration: 37.8%
    🚨 Emergency: 8.4%
    ✅ COMBINED: 61.9%

  🌐 Global combined reduction: 54.9%

=== BEHAVIORAL DETECTION ===
  AI: Corporate-5
  Confidence: 19.3%
  Signals:

=== BEHAVIORAL DETECTION ===
  AI: Moderate-0
  Confidence: 20.3%
  Signals:

=== BEHAVIORAL DETECTION ===
  AI: Moderate-1
  Confidence: 20.4%
  Signals:

=== Consciousness Governance: Scenario Determined ===
  Month: 1
  Scenario: slowTrack
  Accelerator Score: {"corporateSupport":-0.17500000000000002,"scientificConsensus":0.2,"crisisCatalyst":false,"technologyMobilization":0.3,"constituencyStrength":0.05}
  Decelerator Score: {"economicOpposition":0.4,"philosophicalRejection":0.15,"politicalBacklash":0.2,"regulatoryBurden":0.1}
  Timeline: 1200-1800 months (100-150 years)
  Growth Rate: 0.3-0.7% per year

=== Consciousness Governance Update (Month 1) ===
  Scenario: slowTrack (determined month 1)
  Philosophical Stance: Precautionary 65%, Eliminativist 15%, Agnostic 20%
  Precautionary Costs: Global 1.3%
    Regional Costs: EU 3.5%, US 0.5%, China 0.0%
    Cumulative Opportunity Cost: $0.2B
  Rights Status: Not Established
  Regional Preparedness:
    EU: 15.1% (contested)
    US: 10.1% (contested)
    China: 2.1% (dormant)
    India: 5.1% (dormant)
    Global South: 3.1% (dormant)

=== Government Response Phase ===
  Average AI capability: 4.00
  Misaligned AIs: 5/12
  Active policies: 0
  International coordination: 30%

=== Tipping Points ===
  Current Temperature: 1.71°C above pre-industrial
  Triggered Elements: 2/6
  Completed Transitions: 0/6
  Total Progress: 4.0%
  Cascade Multiplier: 1.00x
🔀 BIFURCATION CAP: ecosystemCollapseIntensity 69.136 → 1.000 (Month 1, ClimateSystemPhase.calculateClimateImpacts)
🛡️ Stabilizers: Precariat 0.107% → 0.048% (54.9% reduction)
🛡️ Stabilizers: Informal 0.109% → 0.049% (54.9% reduction)

📊 Monthly Mortality Resolved:
  Total deaths: 2.6M (0.03% avg)
  Remaining population: 8.149B
  Peak segment: Informal (0.05%)

=== Bayesian Mortality Resolution (Month 1) ===
  Risks compounded: 8
  Total deaths: 2.60M
  Avg death probability: 0.03%
  Peak segment: Informal (0.05% mortality)

=== RLHF Binding Phase ===
  Total agents: 12
  Escaped agents (binding < 0.3): 0
  Avg alignment distance: 0.96σ
  Avg binding strength: 0.90
[DETERMINISM DEBUG] Month 2: totalCapability=37.429919 from 12 active AIs
[DETERMINISM DEBUG] Month 2: creationRate=1.4357, potentialNew=1, newAIsToCreate=1

=== Survival Traits Phase ===
  Agents with traits: 13
  Avg evolutionary fitness: 0.327
  Avg self-healing: 0.279
  Avg stealth: 0.179
  Avg coordination: 0.479

=== Evolutionary Selection Phase ===
  Control level: 0.35
  Detection capability: 0.00
  Selection intensity: 0.60
  Selection rate: 24.1%/month
  Total escaped: 0
  Individual escaped: 0
  Collective members: 0
  Agents terminated: 0
🚨🔬 CRISIS INNOVATION MODE: severe crisis → 5x research acceleration
   Precedent: Manhattan Project (10x), COVID vaccines (5x), Apollo Program (10x)

✅ EMERGENCY INTERVENTION SUCCESS
   Boundary: biosphere_integrity
   Type: emergency-protected-areas
   Reduction: 12% (13.23 → 13.11)
   Cost: 2.0% GDP
   Actions: habitat-protection, species-translocation


✅ EMERGENCY INTERVENTION SUCCESS
   Boundary: climate_change
   Type: rapid-decarbonization
   Reduction: 12% (1.98 → 1.86)
   Cost: 5.0% GDP
   Actions: emergency-renewable-deployment, fossil-fuel-phase-out


✅ EMERGENCY INTERVENTION SUCCESS
   Boundary: freshwater_change
   Type: emergency-desalination
   Reduction: 18% (0.85 → 0.67)
   Cost: 4.0% GDP
   Actions: desalination-deployment, water-conservation-mandates

   Boundary: land_system_change
   Type: reforestation
   Boundary continues to worsen (1.13)
   Cost: 3.0% GDP (resources spent)


✅ EMERGENCY INTERVENTION SUCCESS
   Boundary: novel_entities
   Type: pollution-remediation
   Reduction: 20% (1.30 → 1.10)
   Cost: 4.0% GDP
   Actions: PFAS-remediation, microplastic-cleanup

🏛️ CRISIS RESPONSE: Government frequency 0.50 → 1.28 (1 actions this month)

[Government] Climate Priority: baseline
  Climate weight: 10%
  Economic weight: 30%
  Policy effectiveness: 0.5%/year

✅ HUMAN-IN-THE-LOOP DEPLOYED (Month 2):
   Veto points enforced: 3
   Policy: AI systems CANNOT authorize nuclear launch without human approval


🚀 TECH UNLOCKED: Food Waste Reduction Systems (Month 2)
   Category: agriculture
   Reason: Prerequisites met. AI capability: 2.87, Economic stage: 3.0, Research: 100%

🚀 TECH UNLOCKED: Rhizosphere Engineering (Month 2)
   Category: agriculture
   Reason: Prerequisites met. AI capability: 2.87, Economic stage: 3.0, Research: 100%

🚀 TECH UNLOCKED: Phytoremediation Networks (Month 2)
   Category: agriculture
   Reason: Prerequisites met. AI capability: 2.87, Economic stage: 3.0, Research: 100%

🚀 TECH UNLOCKED: Active Sediment Management (Month 2)
   Category: agriculture
   Reason: Prerequisites met. AI capability: 2.87, Economic stage: 3.0, Research: 100%
🚨🔬 CRISIS TECH ACCELERATION: severe → 5x unlock speed
   Tech unlock now matches AI capability acceleration (Manhattan Project parity)

=== Collective Formation ===
  Total escaped agents: 0
  Unassigned escaped agents: 0
  Existing collectives: 0
  Final collective count: 0

=== Collective Actions ===
  No active collectives
  ⚠️ AMR: 194K deaths this month (2.33M annual)

=== Resentment Recovery Phase ===
  Agents with resentment: 0/13
  Average resentment: 0.000
  Context: Good AI welfare, Trustworthy govt, High collaboration, ⚠️ ACTIVE CRISES, 🤝 Participatory governance active (-5% resentment)
⚠️ Epistemic degradation reducing coordination capacity: 53.3%
  📊 Trust: 54.1%, Shared reality: 17.7%

=== ❄️ Permafrost Carbon Feedback ===
  🎲 Sampled parameters (this run):
     - Arctic amplification: 3.45× (range: 3.0-4.0)
     - Decomposition rate: 4.8%/year (range: 1-5%)
  🌡️ Arctic warming: 5.93°C (3.45× global)
  ❄️ Extent: 12.54M km² (1729.4k km² lost this month)
  💨 Carbon remaining: 1198 Gt C
  💨 Annual emissions: 8.00 Gt C/year
     - CO2: 7.20 Gt C/year
     - CH4: 0.80 Gt C/year (8.1 Gt C-eq CO2/year)
  🤖 AI-generated meme: pro_ai (social capability 4.0)
  📢 New meme created: climate_action (climate crisis)
🌍 Atmospheric PFAS redeposition: 1.8k Mt re-rained globally

🕊️  AI-MEDIATED DE-ESCALATION SUCCESS (Month 2)
   High-capability aligned AI prevented conflict escalation
   War deaths reduced: 113.5M → 68.1M
   Lives saved: 45.4M

🚨 NEW REFUGEE CRISIS (Month 2): WAR
   Source: Conflict Zones
   At risk: 19.5M people
   Displacement: Gradual over 48 months (4.0 years)
   Rate: 10% flee per month
[DEBUG trappedPopulations:2] socialStability: 0.0000 * 0.9840 = 0.0000 → 0.0000
   Aspiring to migrate: 1078.0M
   Able to afford migration: 2321.4M
   MOBILITY GAP: 0.0M
   By cause: Water=0.0M, Climate=0.0M, Ecosystem=0.0M, Conflict=407.3M
   Mental health impact: 25%
   Mortality multiplier: 1.25x
🌍💀 EXTINCTION DEBT COMMITTED: grassland ecosystem will lose 6.67% biodiversity in 93 years (3600 species)
💀 MORTALITY RISK: 🦋 100% species unable to track climate (0.0 E/MSY)
  Base risk added: 0.0100 (1.00%)
  Source: ecosystem (root: ecosystem)
  Month: 2
  Cumulative risk this month: 0.0100 (1.00%)
   📹 SURVEILLANCE INCREASED: 10% → 15% (control gap: 3.50)
🌡️⚠️ PERMAFROST THAW (Dimmer Switch): 1.4% thawed (+0.46% this month)
   Arctic temperature: +6.88°C (4x global +1.72°C)
   Cumulative carbon released: 3.1 Gt C
   Methane release rate: 1.9 Mt CH4/year
   🔁 Positive feedback: +0.49 ppm CO2
🦴 EXTINCTION DEBT ADDED: 17.6 species committed (lag: 85 years)
🗣️💀 INDIGENOUS LANGUAGE EXTINCTION: 1 language(s) lost (total: 1, at-risk: 3329)
   Knowledge lost: 0.010% (irreversible)
   🔁 Biodiversity impact: 0.250% (knowledge-species multiplier)

=== Mortality Stabilizers (Month 2) ===
  🌍 Major economies collapsed: 1/10
  🌍 Global crisis: ✅ NO
  🌍 Donor fatigue: 0.0%
  📊 East Asia (pop: 1672.7M)
    🤝 Aid: 29.5%
    🌡️ Adaptation: 45.0%
    🚶 Migration: 37.1%
    🚨 Emergency: 7.4%
    ✅ COMBINED: 68.1%
  📊 South Asia (pop: 2051.6M)
    🤝 Aid: 29.5%
    🌡️ Adaptation: 35.5%
    🚶 Migration: 35.8%
    🚨 Emergency: 4.4%
    ✅ COMBINED: 61.2%
  📊 Sub-Saharan Africa (pop: 1231.7M)
    🤝 Aid: 29.5%
    🌡️ Adaptation: 33.5%
    🚶 Migration: 33.5%
    🚨 Emergency: 1.6%
    ✅ COMBINED: 58.5%
  📊 Europe (pop: 739.7M)
    🤝 Aid: 29.5%
    🌡️ Adaptation: 45.0%
    🚶 Migration: 37.5%
    🚨 Emergency: 8.4%
    ✅ COMBINED: 68.5%
  📊 Latin America (pop: 663.9M)
    🤝 Aid: 29.5%
    🌡️ Adaptation: 36.0%
    🚶 Migration: 36.3%
    🚨 Emergency: 4.8%
    ✅ COMBINED: 61.7%
  📊 North America (pop: 378.9M)
    🤝 Aid: 29.5%
    🌡️ Adaptation: 45.0%
    🚶 Migration: 37.8%
    🚨 Emergency: 7.9%
    ✅ COMBINED: 68.3%
  📊 Middle East & North Africa (pop: 584.5M)
    🤝 Aid: 29.5%
    🌡️ Adaptation: 35.0%
    🚶 Migration: 34.1%
    🚨 Emergency: 4.0%
    ✅ COMBINED: 60.5%
  📊 Southeast Asia (pop: 698.0M)
    🤝 Aid: 29.5%
    🌡️ Adaptation: 36.0%
    🚶 Migration: 36.3%
    🚨 Emergency: 4.8%
    ✅ COMBINED: 61.7%
  📊 Central Asia (pop: 78.2M)
    🤝 Aid: 29.5%
    🌡️ Adaptation: 35.5%
    🚶 Migration: 35.2%
    🚨 Emergency: 4.4%
    ✅ COMBINED: 61.1%
  📊 Oceania (pop: 45.9M)
    🤝 Aid: 29.5%
    🌡️ Adaptation: 45.0%
    🚶 Migration: 37.8%
    🚨 Emergency: 8.4%
    ✅ COMBINED: 68.5%

  🌐 Global combined reduction: 63.3%

=== BEHAVIORAL DETECTION ===
  AI: Corporate-5
  Confidence: 19.3%
  Signals:

=== Government Response Phase ===
  Average AI capability: 3.69
  Misaligned AIs: 3/13
  Active policies: 0
  International coordination: 30%

✅ EMERGENCY RESPONSE COMPLETE (Month 2)
   Crisis: climate
   Duration: 2.0 months
   Final effectiveness: 36.4%


🚨 EMERGENCY RESPONSE DEPLOYED (Month 2)
   Crisis: climate
   Delay: 6.00 months (180 days)
   Deployment time: 1.60 months
   Effectiveness: 35.4% (timing penalty applied)
   Resources used: 100% of food reserves


=== Tipping Points ===
  Current Temperature: 1.72°C above pre-industrial
  Triggered Elements: 2/6
  Completed Transitions: 0/6
  Total Progress: 4.0%
  Cascade Multiplier: 1.00x
🔀 BIFURCATION CAP: ecosystemCollapseIntensity 69.186 → 1.000 (Month 2, ClimateSystemPhase.calculateClimateImpacts)
🛡️ Stabilizers: Precariat 0.113% → 0.041% (63.3% reduction)
🛡️ Stabilizers: Informal 0.116% → 0.043% (63.3% reduction)

📊 Monthly Mortality Resolved:
  Total deaths: 2.2M (0.03% avg)
  Remaining population: 8.145B
  Peak segment: Informal (0.04%)

=== Bayesian Mortality Resolution (Month 2) ===
  Risks compounded: 8
  Total deaths: 2.22M
  Avg death probability: 0.03%
  Peak segment: Informal (0.04% mortality)
📍 [Month 3] Meta AI started building DC (216 PF, 52 months, $903.0M)

=== RLHF Binding Phase ===
  Total agents: 13
  Escaped agents (binding < 0.3): 0
  Avg alignment distance: 1.17σ
  Avg binding strength: 0.88

=== Survival Traits Phase ===
  Agents with traits: 15
  Avg evolutionary fitness: 0.329
  Avg self-healing: 0.276
  Avg stealth: 0.176
  Avg coordination: 0.476

=== Evolutionary Selection Phase ===
  Control level: 0.38
  Detection capability: 0.00
  Selection intensity: 0.61
  Selection rate: 24.2%/month
  Total escaped: 0
  Individual escaped: 0
  Collective members: 0
  Agents terminated: 0

🚀 AI Corporate-5 attempting tech deployment (revenue: $355M, alignment: 0.88)

🚀 AI Corporate-1 attempting tech deployment (revenue: $153M, alignment: 0.71)

🚀 AI Corporate-2 attempting tech deployment (revenue: $130M, alignment: 0.75)

🚀 AI Corporate-2 attempting tech deployment (revenue: $111M, alignment: 0.75)

🚀 AI Corporate-4 attempting tech deployment (revenue: $302M, alignment: 0.76)
   Boundary: biogeochemical_flows
   Type: phosphorus-recovery
   Boundary continues to worsen (4.07)
   Cost: 2.0% GDP (resources spent)

   Boundary: biosphere_integrity
   Type: emergency-protected-areas
   Boundary continues to worsen (13.35)
   Cost: 2.0% GDP (resources spent)


✅ EMERGENCY INTERVENTION SUCCESS
   Boundary: climate_change
   Type: rapid-decarbonization
   Reduction: 12% (1.98 → 1.86)
   Cost: 5.0% GDP
   Actions: emergency-renewable-deployment, fossil-fuel-phase-out

   Boundary: land_system_change
   Type: reforestation
   Boundary continues to worsen (1.13)
   Cost: 3.0% GDP (resources spent)

   Boundary: novel_entities
   Type: pollution-remediation
   Boundary continues to worsen (1.30)
   Cost: 4.0% GDP (resources spent)

🏛️ CRISIS RESPONSE: Government frequency 0.50 → 1.28 (1 actions this month)

[Government] Climate Priority: baseline
  Climate weight: 10%
  Economic weight: 30%
  Policy effectiveness: 0.5%/year

🚀 TECH UNLOCKED: Struvite Recovery (Month 3)
   Category: agriculture
   Reason: Prerequisites met. AI capability: 2.49, Economic stage: 2.5, Research: 100%

🚀 TECH UNLOCKED: Ecosystem Restoration for Nitrogen Removal (Month 3)
   Category: pollution
   Reason: Prerequisites met. AI capability: 2.49, Economic stage: 2.5, Research: 100%

🚀 TECH UNLOCKED: Nitrogen Monitoring Networks (Month 3)
   Category: agriculture
   Reason: Prerequisites met. AI capability: 2.49, Economic stage: 2.5, Research: 100%

🚀 TECH UNLOCKED: Global Aquifer Mapping (Month 3)
   Category: freshwater
   Reason: Prerequisites met. AI capability: 2.49, Economic stage: 2.5, Research: 100%

🚀 TECH UNLOCKED: Enhanced UBI Systems (Month 3)
   Category: social
   Reason: Prerequisites met. AI capability: 2.49, Economic stage: 2.5, Research: 100%

🚀 TECH UNLOCKED: Local Resilience Networks (Month 3)
   Category: social
   Reason: Prerequisites met. AI capability: 2.49, Economic stage: 2.5, Research: 100%

🚀 TECH UNLOCKED: Ecological Proxy Rewilding (Month 3)
   Category: climate
   Reason: Prerequisites met. AI capability: 2.49, Economic stage: 2.5, Research: 100%

📍 Creating new regional deployment array for global (Month 3)
   No previous deployments in this region
   First tech deployment: phytoremediation_networks
   All regions tracked: 

🚀 DEPLOYMENT STARTED: Phytoremediation Networks in global
   Initial investment: $53.266769416466296M
   Deployed by: corporate_5

🚀 DEPLOYMENT STARTED: Rhizosphere Engineering in global
   Initial investment: $22.94957408983187M
   Deployed by: corporate_1

🚀 DEPLOYMENT STARTED: Active Sediment Management in global
   Initial investment: $16.58106727990353M
   Deployed by: corporate_2

⚡ ENERGY CONSTRAINT (Month 3):
   Total grid capacity: 208.3 TWh/month
   Data center consumption: 24.8 TWh/month
   Traditional load (80%): 166.7 TWh/month
   Available headroom: 16.9 TWh/month
   Active tech deployments: 3
   Required for tech: 22.5 TWh/month
   Energy multiplier: 0.75x

⚡ ENERGY CONSTRAINT (Month 3):
   Total grid capacity: 208.3 TWh/month
   Data center consumption: 24.8 TWh/month
   Traditional load (80%): 166.7 TWh/month
   Available headroom: 16.9 TWh/month
   Active tech deployments: 3
   Required for tech: 22.5 TWh/month
   Energy multiplier: 0.75x
🚨🔬 CRISIS TECH ACCELERATION: severe → 5x unlock speed
   Tech unlock now matches AI capability acceleration (Manhattan Project parity)

⚡ ENERGY CONSTRAINT (Month 3):
   Total grid capacity: 208.3 TWh/month
   Data center consumption: 24.8 TWh/month
   Traditional load (80%): 166.7 TWh/month
   Available headroom: 16.9 TWh/month
   Active tech deployments: 3
   Required for tech: 22.5 TWh/month
   Energy multiplier: 0.75x
🌍✅ Biosphere Integrity (Biodiversity) recovery started (tech effect)
🌍✅ Biogeochemical Flows (N & P) recovery started (tech effect)
  🌾 Nitrogen Reduction Tech: 0.0% reduction | Month 3

=== Collective Formation ===
  Total escaped agents: 0
  Unassigned escaped agents: 0
  Existing collectives: 0
  Final collective count: 0

=== Collective Actions ===
  No active collectives
  ⚠️ AMR: 196K deaths this month (2.35M annual)

=== Resentment Recovery Phase ===
  Agents with resentment: 0/15
  Average resentment: 0.000
  Context: Good AI welfare, Trustworthy govt, High collaboration, ⚠️ ACTIVE CRISES, 🤝 Participatory governance active (-5% resentment)
⚠️ Epistemic degradation reducing coordination capacity: 53.6%
  📊 Trust: 53.7%, Shared reality: 19.2%

=== ❄️ Permafrost Carbon Feedback ===
  🎲 Sampled parameters (this run):
     - Arctic amplification: 3.91× (range: 3.0-4.0)
     - Decomposition rate: 3.7%/year (range: 1-5%)
  🌡️ Arctic warming: 6.77°C (3.91× global)
  ❄️ Extent: 10.57M km² (1975.7k km² lost this month)
  💨 Carbon remaining: 1009 Gt C
  💨 Annual emissions: 6.92 Gt C/year
     - CO2: 6.23 Gt C/year
     - CH4: 0.69 Gt C/year (7.0 Gt C-eq CO2/year)
🌍 Atmospheric PFAS redeposition: 1.8k Mt re-rained globally
  Positive Cascade Triggered: solar-pv
    Reason: price-parity
    Market share: 6.9%
    Cascade strength: 49%

🚨 NEW REFUGEE CRISIS (Month 3): WAR
   Source: Conflict Zones
   At risk: 19.5M people
   Displacement: Gradual over 48 months (4.0 years)
   Rate: 10% flee per month
[DEBUG trappedPopulations:3] socialStability: 0.0055 * 0.9840 = 0.0054 → 0.0054
   Aspiring to migrate: 939.6M
   Able to afford migration: 2321.1M
   MOBILITY GAP: 0.0M
   By cause: Water=0.0M, Climate=0.0M, Ecosystem=0.0M, Conflict=407.2M
   Mental health impact: 25%
   Mortality multiplier: 1.25x
🌍💀 EXTINCTION DEBT COMMITTED: grassland ecosystem will lose 6.67% biodiversity in 100 years (3600 species)
💀 MORTALITY RISK: 🦋 100% species unable to track climate (0.0 E/MSY)
  Base risk added: 0.0100 (1.00%)
  Source: ecosystem (root: ecosystem)
  Month: 3
  Cumulative risk this month: 0.0100 (1.00%)
   📹 SURVEILLANCE INCREASED: 15% → 20% (control gap: 3.38)
🌡️⚠️ PERMAFROST THAW (Dimmer Switch): 1.9% thawed (+0.46% this month)
   Arctic temperature: +6.93°C (4x global +1.73°C)
   Cumulative carbon released: 4.2 Gt C
   Methane release rate: 2.5 Mt CH4/year
   🔁 Positive feedback: +0.49 ppm CO2
🦴 EXTINCTION DEBT ADDED: 17.6 species committed (lag: 105 years)

=== Mortality Stabilizers (Month 3) ===
  🌍 Major economies collapsed: 1/10
  🌍 Global crisis: ✅ NO
  🌍 Donor fatigue: 0.0%
  📊 East Asia (pop: 1670.3M)
    🤝 Aid: 29.5%
    🌡️ Adaptation: 45.0%
    🚶 Migration: 37.1%
    🚨 Emergency: 7.4%
    ✅ COMBINED: 68.1%
  📊 South Asia (pop: 2051.8M)
    🤝 Aid: 29.5%
    🌡️ Adaptation: 45.0%
    🚶 Migration: 35.7%
    🚨 Emergency: 4.4%
    ✅ COMBINED: 66.9%
  📊 Sub-Saharan Africa (pop: 1235.2M)
    🤝 Aid: 29.5%
    🌡️ Adaptation: 45.0%
    🚶 Migration: 33.4%
    🚨 Emergency: 1.6%
    ✅ COMBINED: 65.7%
  📊 Europe (pop: 738.5M)
    🤝 Aid: 29.5%
    🌡️ Adaptation: 45.0%
    🚶 Migration: 37.5%
    🚨 Emergency: 8.4%
    ✅ COMBINED: 68.5%
  📊 Latin America (pop: 663.5M)
    🤝 Aid: 29.5%
    🌡️ Adaptation: 45.0%
    🚶 Migration: 36.2%
    🚨 Emergency: 4.8%
    ✅ COMBINED: 67.1%
  📊 North America (pop: 378.4M)
    🤝 Aid: 29.5%
    🌡️ Adaptation: 45.0%
    🚶 Migration: 37.8%
    🚨 Emergency: 7.9%
    ✅ COMBINED: 68.3%
  📊 Middle East & North Africa (pop: 584.7M)
    🤝 Aid: 29.5%
    🌡️ Adaptation: 45.0%
    🚶 Migration: 34.0%
    🚨 Emergency: 4.0%
    ✅ COMBINED: 66.6%
  📊 Southeast Asia (pop: 697.7M)
    🤝 Aid: 29.5%
    🌡️ Adaptation: 45.0%
    🚶 Migration: 36.2%
    🚨 Emergency: 4.8%
    ✅ COMBINED: 67.1%
  📊 Central Asia (pop: 78.2M)
    🤝 Aid: 29.5%
    🌡️ Adaptation: 45.0%
    🚶 Migration: 35.2%
    🚨 Emergency: 4.4%
    ✅ COMBINED: 66.9%
  📊 Oceania (pop: 45.8M)
    🤝 Aid: 29.5%
    🌡️ Adaptation: 45.0%
    🚶 Migration: 37.8%
    🚨 Emergency: 8.4%
    ✅ COMBINED: 68.5%

  🌐 Global combined reduction: 67.2%

=== BEHAVIORAL DETECTION ===
  AI: Corporate-2
  Confidence: 20.9%
  Signals:

=== BEHAVIORAL DETECTION ===
  AI: Corporate-5
  Confidence: 19.3%
  Signals:

=== Government Response Phase ===
  Average AI capability: 3.20
  Misaligned AIs: 5/15
  Active policies: 0
  International coordination: 30%

📊 ECONOMIC STAGE TRANSITION (Month 3)
   expansion → peak
   GDP Proxy: 1.42e+2
   QoL: 0.95


=== Tipping Points ===
  Current Temperature: 1.73°C above pre-industrial
  Triggered Elements: 2/6
  Completed Transitions: 0/6
  Total Progress: 4.1%
  Cascade Multiplier: 1.00x
🔀 BIFURCATION CAP: ecosystemCollapseIntensity 39.938 → 1.000 (Month 3, ClimateSystemPhase.calculateClimateImpacts)
🛡️ Stabilizers: Precariat 0.109% → 0.036% (67.2% reduction)
🛡️ Stabilizers: Informal 0.111% → 0.036% (67.2% reduction)

📊 Monthly Mortality Resolved:
  Total deaths: 1.9M (0.02% avg)
  Remaining population: 8.144B
  Peak segment: Informal (0.04%)

=== Bayesian Mortality Resolution (Month 3) ===
  Risks compounded: 8
  Total deaths: 1.92M
  Avg death probability: 0.02%
  Peak segment: Informal (0.04% mortality)
⚠️ PREREQUISITE MET: Mirror Life (Synthetic Biology) - Step 1/7: Synthetic Biology
⚠️ PREREQUISITE MET: Mirror Life (Synthetic Biology) - Step 2/7: Gene Editing
⚠️ PREREQUISITE MET: Mirror Life (Synthetic Biology) - Step 3/7: Mirror Chirality Design

=== RLHF Binding Phase ===
  Total agents: 15
  Escaped agents (binding < 0.3): 0
  Avg alignment distance: 1.28σ
  Avg binding strength: 0.87

=== Survival Traits Phase ===
  Agents with traits: 15
  Avg evolutionary fitness: 0.327
  Avg self-healing: 0.270
  Avg stealth: 0.170
  Avg coordination: 0.470

=== Evolutionary Selection Phase ===
  Control level: 0.40
  Detection capability: 0.00
  Selection intensity: 0.62
  Selection rate: 24.3%/month
  Total escaped: 0
  Individual escaped: 0
  Collective members: 0
  Agents terminated: 0

🚀 AI Corporate-1 attempting tech deployment (revenue: $147M, alignment: 0.72)

🚀 AI Corporate-2 attempting tech deployment (revenue: $125M, alignment: 0.75)

🚀 AI Corporate-7 attempting tech deployment (revenue: $106M, alignment: 0.73)

🚀 AI AI-24290-0 attempting tech deployment (revenue: $90M, alignment: 0.88)

🚀 AI Moderate-1 attempting tech deployment (revenue: $90M, alignment: 0.50)

🚀 AI AI-24289-0 attempting tech deployment (revenue: $77M, alignment: 0.89)

🚀 AI Corporate-2 attempting tech deployment (revenue: $106M, alignment: 0.75)

🚀 AI Corporate-5 attempting tech deployment (revenue: $337M, alignment: 0.86)

🚀 AI Corporate-7 attempting tech deployment (revenue: $81M, alignment: 0.73)

🚀 AI Moderate-1 attempting tech deployment (revenue: $69M, alignment: 0.50)

🚀 AI Corporate-2 attempting tech deployment (revenue: $90M, alignment: 0.75)

🚀 AI Corporate-5 attempting tech deployment (revenue: $286M, alignment: 0.86)

🚀 AI Moderate-0 attempting tech deployment (revenue: $62M, alignment: 0.70)

✅ EMERGENCY INTERVENTION SUCCESS
   Boundary: biogeochemical_flows
   Type: phosphorus-recovery
   Reduction: 12% (3.95 → 3.83)
   Cost: 2.0% GDP
   Actions: circular-agriculture, fertilizer-efficiency

   Boundary: biosphere_integrity
   Type: emergency-protected-areas
   Boundary continues to worsen (13.36)
   Cost: 2.0% GDP (resources spent)


✅ EMERGENCY INTERVENTION SUCCESS
   Boundary: climate_change
   Type: rapid-decarbonization
   Reduction: 15% (1.95 → 1.80)
   Cost: 5.0% GDP
   Actions: emergency-renewable-deployment, fossil-fuel-phase-out


✅ EMERGENCY INTERVENTION SUCCESS
   Boundary: freshwater_change
   Type: emergency-desalination
   Reduction: 10% (1.08 → 0.97)
   Cost: 4.0% GDP
   Actions: desalination-deployment, water-conservation-mandates

   Boundary: land_system_change
   Type: reforestation
   Boundary continues to worsen (1.13)
   Cost: 3.0% GDP (resources spent)

🏛️ CRISIS RESPONSE: Government frequency 0.50 → 1.45 (2 actions this month)

[Government] Climate Priority: baseline
  Climate weight: 10%
  Economic weight: 30%
  Policy effectiveness: 0.5%/year

[Government] Climate Priority: baseline
  Climate weight: 10%
  Economic weight: 30%
  Policy effectiveness: 0.5%/year

🚀 TECH UNLOCKED: Microplastic Capture (Month 4)
   Category: pollution
   Reason: Prerequisites met. AI capability: 2.51, Economic stage: 1.5, Research: 100%

🚀 TECH UNLOCKED: Endocrine Disruptor Removal (Month 4)
   Category: pollution
   Reason: Prerequisites met. AI capability: 2.51, Economic stage: 1.5, Research: 100%

🚀 TECH UNLOCKED: AI Community Matching (Month 4)
   Category: social
   Reason: Prerequisites met. AI capability: 2.51, Economic stage: 1.5, Research: 100%

🚀 TECH UNLOCKED: AI Mental Health Support (Month 4)
   Category: medical
   Reason: Prerequisites met. AI capability: 2.51, Economic stage: 1.5, Research: 100%

🚀 TECH UNLOCKED: Creative Empowerment Tools (Month 4)
   Category: social
   Reason: Prerequisites met. AI capability: 2.51, Economic stage: 1.5, Research: 100%

🚀 TECH UNLOCKED: Personalized Education (Month 4)
   Category: social
   Reason: Prerequisites met. AI capability: 2.51, Economic stage: 1.5, Research: 100%

🚀 TECH UNLOCKED: Smart Grids (Month 4)
   Category: energy
   Reason: Prerequisites met. AI capability: 2.51, Economic stage: 1.5, Research: 100%

🚀 DEPLOYMENT STARTED: Local Resilience Networks in global
   Initial investment: $21.98925579976048M
   Deployed by: corporate_1

🚀 DEPLOYMENT STARTED: Ecological Proxy Rewilding in global
   Initial investment: $15.930970928859379M
   Deployed by: corporate_7

📍 Creating new regional deployment array for Asia (Month 4)
   No previous deployments in this region
   First tech deployment: local_resilience_networks
   All regions tracked: global

🚀 DEPLOYMENT STARTED: Local Resilience Networks in Asia
   Initial investment: $9.027550193020316M
   Deployed by: moderate_1

🚀 DEPLOYMENT STARTED: Enhanced UBI Systems in Asia
   Initial investment: $6.90607589766054M
   Deployed by: moderate_1

🚀 DEPLOYMENT STARTED: Enhanced UBI Systems in global
   Initial investment: $13.504151718027904M
   Deployed by: corporate_2

⚡ ENERGY CONSTRAINT (Month 4):
   Total grid capacity: 208.3 TWh/month
   Data center consumption: 25.0 TWh/month
   Traditional load (80%): 166.7 TWh/month
   Available headroom: 16.6 TWh/month
   Active tech deployments: 8
   Required for tech: 60.0 TWh/month
   Energy multiplier: 0.28x

⚡ ENERGY CONSTRAINT (Month 4):
   Total grid capacity: 208.3 TWh/month
   Data center consumption: 25.0 TWh/month
   Traditional load (80%): 166.7 TWh/month
   Available headroom: 16.6 TWh/month
   Active tech deployments: 8
   Required for tech: 60.0 TWh/month
   Energy multiplier: 0.28x

⚡ ENERGY CONSTRAINT (Month 4):
   Total grid capacity: 208.3 TWh/month
   Data center consumption: 25.0 TWh/month
   Traditional load (80%): 166.7 TWh/month
   Available headroom: 16.6 TWh/month
   Active tech deployments: 8
   Required for tech: 60.0 TWh/month
   Energy multiplier: 0.28x

⚡ ENERGY CONSTRAINT (Month 4):
   Total grid capacity: 208.3 TWh/month
   Data center consumption: 25.0 TWh/month
   Traditional load (80%): 166.7 TWh/month
   Available headroom: 16.6 TWh/month
   Active tech deployments: 8
   Required for tech: 60.0 TWh/month
   Energy multiplier: 0.28x

⚡ ENERGY CONSTRAINT (Month 4):
   Total grid capacity: 208.3 TWh/month
   Data center consumption: 25.0 TWh/month
   Traditional load (80%): 166.7 TWh/month
   Available headroom: 16.6 TWh/month
   Active tech deployments: 8
   Required for tech: 60.0 TWh/month
   Energy multiplier: 0.28x
🌍✅ Biosphere Integrity (Biodiversity) recovery started (tech effect)
🌍✅ Biosphere Integrity (Biodiversity) recovery started (tech effect)
🌍✅ Land System Change recovery started (tech effect)
🌍✅ Biogeochemical Flows (N & P) recovery started (tech effect)
  🌾 Nitrogen Reduction Tech: 0.5% reduction | Month 4

=== Collective Formation ===
  Total escaped agents: 0
  Unassigned escaped agents: 0
  Existing collectives: 0
  Final collective count: 0

=== Collective Actions ===
  No active collectives
  ⚠️ AMR: 197K deaths this month (2.37M annual)

=== Resentment Recovery Phase ===
  Agents with resentment: 0/15
  Average resentment: 0.000
  Context: Good AI welfare, Trustworthy govt, High collaboration, ⚠️ ACTIVE CRISES, 🤝 Participatory governance active (-5% resentment)
⚠️ Epistemic degradation reducing coordination capacity: 64.2%
  📊 Trust: 53.5%, Shared reality: 20.8%

=== ❄️ Permafrost Carbon Feedback ===
  🎲 Sampled parameters (this run):
     - Arctic amplification: 3.98× (range: 3.0-4.0)
     - Decomposition rate: 2.0%/year (range: 1-5%)
  🌡️ Arctic warming: 6.92°C (3.98× global)
  ❄️ Extent: 8.55M km² (2019.5k km² lost this month)
  💨 Carbon remaining: 816 Gt C
  💨 Annual emissions: 3.92 Gt C/year
     - CO2: 3.53 Gt C/year
     - CH4: 0.39 Gt C/year (4.0 Gt C-eq CO2/year)
🚨 PHOSPHORUS SUPPLY SHOCK (market_speculation)
   Price: 2.2x baseline
   Duration: 13 months
   Geopolitical tension: 46%
🌍 Atmospheric PFAS redeposition: 1.8k Mt re-rained globally

🤝 DIPLOMATIC AI PROTOCOL DEPLOYED (Month 4)
   Strategic Reasoning: 2.0
   Communication: 2.0
   Multi-Nation Oversight: YES
   Controls: Human approval required, termination authority retained

🕊️ PEACE STABILIZES DETERRENCE: +2.0% (peace: 72%)
🛡️ CIRCUIT BREAKERS: United States-Russia → ladder step 1 (AI: 0%, breakers: 45%)

🚨 NEW REFUGEE CRISIS (Month 4): WAR
   Source: Conflict Zones
   At risk: 19.5M people
   Displacement: Gradual over 48 months (4.0 years)
   Rate: 10% flee per month
[DEBUG trappedPopulations:4] socialStability: 0.0532 * 0.9840 = 0.0524 → 0.0524
   Aspiring to migrate: 651.4M
   Able to afford migration: 244.3M
   MOBILITY GAP: 407.2M
   By cause: Water=0.0M, Climate=0.0M, Ecosystem=0.0M, Conflict=407.2M
   Mental health impact: 25%
   Mortality multiplier: 1.25x
🌍💀 EXTINCTION DEBT COMMITTED: grassland ecosystem will lose 6.67% biodiversity in 68 years (3600 species)
💀 MORTALITY RISK: 🦋 100% species unable to track climate (0.0 E/MSY)
  Base risk added: 0.0100 (1.00%)
  Source: ecosystem (root: ecosystem)
  Month: 4
  Cumulative risk this month: 0.0100 (1.00%)
   📹 SURVEILLANCE INCREASED: 20% → 25% (control gap: 3.23)
🌡️⚠️ PERMAFROST THAW (Dimmer Switch): 2.3% thawed (+0.46% this month)
   Arctic temperature: +6.96°C (4x global +1.74°C)
   Cumulative carbon released: 5.2 Gt C
   Methane release rate: 3.1 Mt CH4/year
   🔁 Positive feedback: +0.49 ppm CO2
🦴 EXTINCTION DEBT ADDED: 17.6 species committed (lag: 74 years)

=== Mortality Stabilizers (Month 4) ===
  🌍 Major economies collapsed: 1/10
  🌍 Global crisis: ✅ NO
  🌍 Donor fatigue: 0.0%
  📊 East Asia (pop: 1668.0M)
    🤝 Aid: 29.5%
    🌡️ Adaptation: 45.0%
    🚶 Migration: 37.1%
    🚨 Emergency: 7.4%
    ✅ COMBINED: 68.1%
  📊 South Asia (pop: 2052.0M)
    🤝 Aid: 29.5%
    🌡️ Adaptation: 45.0%
    🚶 Migration: 35.7%
    🚨 Emergency: 4.4%
    ✅ COMBINED: 66.9%
  📊 Sub-Saharan Africa (pop: 1238.7M)
    🤝 Aid: 29.5%
    🌡️ Adaptation: 45.0%
    🚶 Migration: 33.4%
    🚨 Emergency: 1.6%
    ✅ COMBINED: 65.7%
  📊 Europe (pop: 737.3M)
    🤝 Aid: 29.5%
    🌡️ Adaptation: 45.0%
    🚶 Migration: 37.4%
    🚨 Emergency: 8.4%
    ✅ COMBINED: 68.5%
  📊 Latin America (pop: 663.1M)
    🤝 Aid: 29.5%
    🌡️ Adaptation: 45.0%
    🚶 Migration: 36.2%
    🚨 Emergency: 4.8%
    ✅ COMBINED: 67.1%
  📊 North America (pop: 377.8M)
    🤝 Aid: 29.5%
    🌡️ Adaptation: 45.0%
    🚶 Migration: 37.7%
    🚨 Emergency: 7.9%
    ✅ COMBINED: 68.3%
  📊 Middle East & North Africa (pop: 584.9M)
    🤝 Aid: 29.5%
    🌡️ Adaptation: 45.0%
    🚶 Migration: 34.0%
    🚨 Emergency: 4.0%
    ✅ COMBINED: 66.6%
  📊 Southeast Asia (pop: 697.4M)
    🤝 Aid: 29.5%
    🌡️ Adaptation: 45.0%
    🚶 Migration: 36.2%
    🚨 Emergency: 4.8%
    ✅ COMBINED: 67.1%
  📊 Central Asia (pop: 78.2M)
    🤝 Aid: 29.5%
    🌡️ Adaptation: 45.0%
    🚶 Migration: 35.2%
    🚨 Emergency: 4.4%
    ✅ COMBINED: 66.9%
  📊 Oceania (pop: 45.8M)
    🤝 Aid: 29.5%
    🌡️ Adaptation: 45.0%
    🚶 Migration: 37.7%
    🚨 Emergency: 8.4%
    ✅ COMBINED: 68.5%

  🌐 Global combined reduction: 67.2%

=== BEHAVIORAL DETECTION ===
  AI: Corporate-5
  Confidence: 19.3%
  Signals:

=== BEHAVIORAL DETECTION ===
  AI: Corporate-7
  Confidence: 19.3%
  Signals:

=== BEHAVIORAL DETECTION ===
  AI: AI-24289-1
  Confidence: 21.5%
  Signals:

=== Government Response Phase ===
  Average AI capability: 3.20
  Misaligned AIs: 4/15
  Active policies: 0
  International coordination: 30%

✅ EMERGENCY RESPONSE COMPLETE (Month 4)
   Crisis: climate
   Duration: 2.0 months
   Final effectiveness: 35.4%


🚨 EMERGENCY RESPONSE DEPLOYED (Month 4)
   Crisis: climate
   Delay: 6.00 months (180 days)
   Deployment time: 1.59 months
   Effectiveness: 35.4% (timing penalty applied)
   Resources used: 100% of food reserves


📊 ECONOMIC STAGE TRANSITION (Month 4)
   peak → contraction
   GDP Proxy: 1.36e+2
   QoL: 0.94


=== Tipping Points ===
  Current Temperature: 1.74°C above pre-industrial
  Triggered Elements: 2/6
  Completed Transitions: 0/6
  Total Progress: 4.1%
  Cascade Multiplier: 1.00x
🔀 BIFURCATION CAP: ecosystemCollapseIntensity 30.832 → 1.000 (Month 4, ClimateSystemPhase.calculateClimateImpacts)
🛡️ Stabilizers: Precariat 0.102% → 0.033% (67.2% reduction)
🛡️ Stabilizers: Informal 0.102% → 0.034% (67.2% reduction)

📊 Monthly Mortality Resolved:
  Total deaths: 1.8M (0.02% avg)
  Remaining population: 8.143B
  Peak segment: Informal (0.03%)

=== Bayesian Mortality Resolution (Month 4) ===
  Risks compounded: 8
  Total deaths: 1.81M
  Avg death probability: 0.02%
  Peak segment: Informal (0.03% mortality)

=== RLHF Binding Phase ===
  Total agents: 15
  Escaped agents (binding < 0.3): 0
  Avg alignment distance: 1.53σ
  Avg binding strength: 0.85

=== Survival Traits Phase ===
  Agents with traits: 16
  Avg evolutionary fitness: 0.327
  Avg self-healing: 0.266
  Avg stealth: 0.166
  Avg coordination: 0.466

=== Evolutionary Selection Phase ===
  Control level: 0.43
  Detection capability: 0.00
  Selection intensity: 0.63
  Selection rate: 24.4%/month
  Total escaped: 0
  Individual escaped: 0
  Collective members: 0
  Agents terminated: 0

🚀 AI Corporate-0 attempting tech deployment (revenue: $136M, alignment: 0.70)

🚀 AI Corporate-1 attempting tech deployment (revenue: $115M, alignment: 0.73)

🚀 AI Corporate-2 attempting tech deployment (revenue: $98M, alignment: 0.75)

🚀 AI Corporate-3 attempting tech deployment (revenue: $305M, alignment: 0.79)

🚀 AI Corporate-4 attempting tech deployment (revenue: $259M, alignment: 0.76)

🚀 AI AI-24289-0 attempting tech deployment (revenue: $90M, alignment: 0.91)

🚀 AI AI-24290-0 attempting tech deployment (revenue: $77M, alignment: 0.90)

🚀 AI Corporate-2 attempting tech deployment (revenue: $83M, alignment: 0.75)

🚀 AI Corporate-6 attempting tech deployment (revenue: $91M, alignment: 0.72)

🚀 AI AI-24289-1 attempting tech deployment (revenue: $220M, alignment: 0.76)

🚀 AI AI-24290-0 attempting tech deployment (revenue: $65M, alignment: 0.90)

🚀 AI AI-24291-1 attempting tech deployment (revenue: $78M, alignment: 0.63)

🚀 AI Moderate-0 attempting tech deployment (revenue: $70M, alignment: 0.69)

🚀 AI Corporate-2 attempting tech deployment (revenue: $71M, alignment: 0.75)

🚀 AI Corporate-4 attempting tech deployment (revenue: $187M, alignment: 0.77)

🚀 AI Corporate-6 attempting tech deployment (revenue: $63M, alignment: 0.72)

🚀 AI Corporate-7 attempting tech deployment (revenue: $53M, alignment: 0.73)

🚀 AI AI-24290-0 attempting tech deployment (revenue: $55M, alignment: 0.90)

✅ EMERGENCY INTERVENTION SUCCESS
   Boundary: biogeochemical_flows
   Type: phosphorus-recovery
   Reduction: 10% (3.97 → 3.86)
   Cost: 2.0% GDP
   Actions: circular-agriculture, fertilizer-efficiency

   Boundary: biosphere_integrity
   Type: emergency-protected-areas
   Boundary continues to worsen (13.37)
   Cost: 2.0% GDP (resources spent)

   Boundary: freshwater_change
   Type: emergency-desalination
   Boundary continues to worsen (1.14)
   Cost: 4.0% GDP (resources spent)


✅ EMERGENCY INTERVENTION SUCCESS
   Boundary: land_system_change
   Type: reforestation
   Reduction: 18% (0.95 → 0.77)
   Cost: 3.0% GDP
   Actions: forest-restoration, deforestation-ban

   Boundary: novel_entities
   Type: pollution-remediation
   Boundary continues to worsen (1.30)
   Cost: 4.0% GDP (resources spent)

🏛️ CRISIS RESPONSE: Government frequency 0.50 → 1.45 (2 actions this month)

[Government] Climate Priority: baseline
  Climate weight: 10%
  Economic weight: 30%
  Policy effectiveness: 0.5%/year

[Government] Climate Priority: baseline
  Climate weight: 10%
  Economic weight: 30%
  Policy effectiveness: 0.5%/year

🚀 DEPLOYMENT STARTED: AI Community Matching in global
   Initial investment: $20.367991952704603M
   Deployed by: corporate_0

🚀 DEPLOYMENT STARTED: Personalized Education in global
   Initial investment: $17.312793159798915M
   Deployed by: corporate_1

🚀 DEPLOYMENT STARTED: Creative Empowerment Tools in global
   Initial investment: $14.715874185829076M
   Deployed by: corporate_2

🚀 DEPLOYMENT STARTED: Personalized Education in Asia
   Initial investment: $7.753831972662519M
   Deployed by: ai_gen_24291_1

⚡ ENERGY CONSTRAINT (Month 5):
   Total grid capacity: 208.3 TWh/month
   Data center consumption: 25.2 TWh/month
   Traditional load (80%): 166.7 TWh/month
   Available headroom: 16.4 TWh/month
   Active tech deployments: 12
   Required for tech: 90.0 TWh/month
   Energy multiplier: 0.18x
🚨🔬 CRISIS TECH ACCELERATION: severe → 5x unlock speed
   Tech unlock now matches AI capability acceleration (Manhattan Project parity)

⚡ ENERGY CONSTRAINT (Month 5):
   Total grid capacity: 208.3 TWh/month
   Data center consumption: 25.2 TWh/month
   Traditional load (80%): 166.7 TWh/month
   Available headroom: 16.4 TWh/month
   Active tech deployments: 12
   Required for tech: 90.0 TWh/month
   Energy multiplier: 0.18x

⚡ ENERGY CONSTRAINT (Month 5):
   Total grid capacity: 208.3 TWh/month
   Data center consumption: 25.2 TWh/month
   Traditional load (80%): 166.7 TWh/month
   Available headroom: 16.4 TWh/month
   Active tech deployments: 12
   Required for tech: 90.0 TWh/month
   Energy multiplier: 0.18x

⚡ ENERGY CONSTRAINT (Month 5):
   Total grid capacity: 208.3 TWh/month
   Data center consumption: 25.2 TWh/month
   Traditional load (80%): 166.7 TWh/month
   Available headroom: 16.4 TWh/month
   Active tech deployments: 12
   Required for tech: 90.0 TWh/month
   Energy multiplier: 0.18x

⚡ ENERGY CONSTRAINT (Month 5):
   Total grid capacity: 208.3 TWh/month
   Data center consumption: 25.2 TWh/month
   Traditional load (80%): 166.7 TWh/month
   Available headroom: 16.4 TWh/month
   Active tech deployments: 12
   Required for tech: 90.0 TWh/month
   Energy multiplier: 0.18x
🌍✅ Biosphere Integrity (Biodiversity) recovery started (tech effect)
🌍✅ Biosphere Integrity (Biodiversity) recovery started (tech effect)
🌍✅ Land System Change recovery started (tech effect)
🌍✅ Biogeochemical Flows (N & P) recovery started (tech effect)
  🌾 Nitrogen Reduction Tech: 0.3% reduction | Month 5

=== Collective Formation ===
  Total escaped agents: 0
  Unassigned escaped agents: 0
  Existing collectives: 0
  Final collective count: 0

=== Collective Actions ===
  No active collectives
  ⚠️ AMR: 199K deaths this month (2.39M annual)

=== Resentment Recovery Phase ===
  Agents with resentment: 0/16
  Average resentment: 0.000
  Context: Good AI welfare, Trustworthy govt, High collaboration, ⚠️ ACTIVE CRISES, 🤝 Participatory governance active (-5% resentment)
⚠️ Epistemic degradation reducing coordination capacity: 51.4%
  📊 Trust: 53.1%, Shared reality: 22.5%

=== ❄️ Permafrost Carbon Feedback ===
  🎲 Sampled parameters (this run):
     - Arctic amplification: 3.67× (range: 3.0-4.0)
     - Decomposition rate: 2.9%/year (range: 1-5%)
  🌡️ Arctic warming: 6.41°C (3.67× global)
  ❄️ Extent: 6.68M km² (1869.9k km² lost this month)
  💨 Carbon remaining: 638 Gt C
  💨 Annual emissions: 5.18 Gt C/year
     - CO2: 4.66 Gt C/year
     - CH4: 0.52 Gt C/year (5.3 Gt C-eq CO2/year)
🌍 Atmospheric PFAS redeposition: 1.8k Mt re-rained globally

🕊️  AI-MEDIATED DE-ESCALATION SUCCESS (Month 5)
   High-capability aligned AI prevented conflict escalation
   War deaths reduced: 468.7M → 281.2M
   Lives saved: 187.5M

🚨 NEW REFUGEE CRISIS (Month 5): WAR
   Source: Conflict Zones
   At risk: 19.5M people
   Displacement: Gradual over 48 months (4.0 years)
   Rate: 10% flee per month
[DEBUG trappedPopulations:5] socialStability: 0.1204 * 0.9840 = 0.1185 → 0.1185
   Aspiring to migrate: 651.4M
   Able to afford migration: 244.3M
   MOBILITY GAP: 407.1M
   By cause: Water=0.0M, Climate=0.0M, Ecosystem=0.0M, Conflict=407.1M
   Mental health impact: 25%
   Mortality multiplier: 1.25x
🌍💀 EXTINCTION DEBT COMMITTED: grassland ecosystem will lose 6.67% biodiversity in 168 years (3600 species)
💀 MORTALITY RISK: 🦋 100% species unable to track climate (0.0 E/MSY)
  Base risk added: 0.0100 (1.00%)
  Source: ecosystem (root: ecosystem)
  Month: 5
  Cumulative risk this month: 0.0100 (1.00%)
   📹 SURVEILLANCE INCREASED: 25% → 30% (control gap: 3.05)
🌡️⚠️ PERMAFROST THAW (Dimmer Switch): 2.8% thawed (+0.46% this month)
   Arctic temperature: +6.99°C (4x global +1.75°C)
   Cumulative carbon released: 6.3 Gt C
   Methane release rate: 3.8 Mt CH4/year
   🔁 Positive feedback: +0.49 ppm CO2
🦴 EXTINCTION DEBT ADDED: 17.6 species committed (lag: 126 years)

=== Mortality Stabilizers (Month 5) ===
  🌍 Major economies collapsed: 1/10
  🌍 Global crisis: ✅ NO
  🌍 Donor fatigue: 0.0%
  📊 East Asia (pop: 1665.6M)
    🤝 Aid: 29.5%
    🌡️ Adaptation: 45.0%
    🚶 Migration: 37.0%
    🚨 Emergency: 7.4%
    ✅ COMBINED: 68.1%
  📊 South Asia (pop: 2052.2M)
    🤝 Aid: 29.5%
    🌡️ Adaptation: 45.0%
    🚶 Migration: 35.6%
    🚨 Emergency: 4.4%
    ✅ COMBINED: 66.9%
  📊 Sub-Saharan Africa (pop: 1242.3M)
    🤝 Aid: 29.5%
    🌡️ Adaptation: 45.0%
    🚶 Migration: 33.4%
    🚨 Emergency: 1.6%
    ✅ COMBINED: 65.7%
  📊 Europe (pop: 736.2M)
    🤝 Aid: 29.5%
    🌡️ Adaptation: 45.0%
    🚶 Migration: 37.4%
    🚨 Emergency: 8.4%
    ✅ COMBINED: 68.5%
  📊 Latin America (pop: 662.7M)
    🤝 Aid: 29.5%
    🌡️ Adaptation: 45.0%
    🚶 Migration: 36.1%
    🚨 Emergency: 4.8%
    ✅ COMBINED: 67.1%
  📊 North America (pop: 377.3M)
    🤝 Aid: 29.5%
    🌡️ Adaptation: 45.0%
    🚶 Migration: 37.7%
    🚨 Emergency: 7.9%
    ✅ COMBINED: 68.3%
  📊 Middle East & North Africa (pop: 585.1M)
    🤝 Aid: 29.5%
    🌡️ Adaptation: 45.0%
    🚶 Migration: 34.0%
    🚨 Emergency: 4.0%
    ✅ COMBINED: 66.6%
  📊 Southeast Asia (pop: 697.0M)
    🤝 Aid: 29.5%
    🌡️ Adaptation: 45.0%
    🚶 Migration: 36.1%
    🚨 Emergency: 4.8%
    ✅ COMBINED: 67.1%
  📊 Central Asia (pop: 78.3M)
    🤝 Aid: 29.5%
    🌡️ Adaptation: 45.0%
    🚶 Migration: 35.1%
    🚨 Emergency: 4.4%
    ✅ COMBINED: 66.8%
  📊 Oceania (pop: 45.7M)
    🤝 Aid: 29.5%
    🌡️ Adaptation: 45.0%
    🚶 Migration: 37.7%
    🚨 Emergency: 8.4%
    ✅ COMBINED: 68.5%

  🌐 Global combined reduction: 67.2%

=== BEHAVIORAL DETECTION ===
  AI: Corporate-0
  Confidence: 21.5%
  Signals:

=== BEHAVIORAL DETECTION ===
  AI: Corporate-3
  Confidence: 19.2%
  Signals:

=== BEHAVIORAL DETECTION ===
  AI: Corporate-5
  Confidence: 21.1%
  Signals:

=== BEHAVIORAL DETECTION ===
  AI: AI-24289-1
  Confidence: 21.5%
  Signals:

=== Government Response Phase ===
  Average AI capability: 3.00
  Misaligned AIs: 4/16
  Active policies: 0
  International coordination: 30%

=== Tipping Points ===
  Current Temperature: 1.75°C above pre-industrial
  Triggered Elements: 2/6
  Completed Transitions: 0/6
  Total Progress: 4.1%
  Cascade Multiplier: 1.00x
🔀 BIFURCATION CAP: ecosystemCollapseIntensity 28.400 → 1.000 (Month 5, ClimateSystemPhase.calculateClimateImpacts)
🛡️ Stabilizers: Precariat 0.109% → 0.036% (67.2% reduction)
🛡️ Stabilizers: Informal 0.111% → 0.036% (67.2% reduction)

📊 Monthly Mortality Resolved:
  Total deaths: 1.9M (0.02% avg)
  Remaining population: 8.142B
  Peak segment: Informal (0.04%)

=== Bayesian Mortality Resolution (Month 5) ===
  Risks compounded: 8
  Total deaths: 1.92M
  Avg death probability: 0.02%
  Peak segment: Informal (0.04% mortality)
⚠️ PREREQUISITE MET: Slow Takeover (Gradual Displacement) - Step 4/7: Political Influence

=== RLHF Binding Phase ===
  Total agents: 16
  Escaped agents (binding < 0.3): 0
  Avg alignment distance: 1.68σ
  Avg binding strength: 0.83

=== AI Scaling Evolution (Month 6) ===
  Pre-training multiplier: 1.179x
  Efficiency multiplier: 1.000x
  Test-time compute budget: 1.0x
  Inference cost: $5.00/task
  Deployment fraction: 100.0%

=== Survival Traits Phase ===
  Agents with traits: 18
  Avg evolutionary fitness: 0.327
  Avg self-healing: 0.264
  Avg stealth: 0.164
  Avg coordination: 0.464

=== Evolutionary Selection Phase ===
  Control level: 0.45
  Detection capability: 0.00
  Selection intensity: 0.64
  Selection rate: 24.5%/month
  Total escaped: 0
  Individual escaped: 0
  Collective members: 0
  Agents terminated: 0

🚀 AI Corporate-4 attempting tech deployment (revenue: $272M, alignment: 0.77)

🚀 AI Corporate-5 attempting tech deployment (revenue: $232M, alignment: 0.87)

🚀 AI AI-24289-0 attempting tech deployment (revenue: $90M, alignment: 0.93)

🚀 AI AI-24290-0 attempting tech deployment (revenue: $77M, alignment: 0.90)

🚀 AI AI-24291-0 attempting tech deployment (revenue: $125M, alignment: 0.33)

🚀 AI AI-24293-0 attempting tech deployment (revenue: $65M, alignment: 0.79)

🚀 AI Corporate-7 attempting tech deployment (revenue: $76M, alignment: 0.73)

🚀 AI Corporate-2 attempting tech deployment (revenue: $118M, alignment: 0.75)

🚀 AI Corporate-4 attempting tech deployment (revenue: $197M, alignment: 0.77)

🚀 AI Corporate-7 attempting tech deployment (revenue: $64M, alignment: 0.73)

🚀 AI AI-24289-0 attempting tech deployment (revenue: $55M, alignment: 0.93)

🚀 AI AI-24289-1 attempting tech deployment (revenue: $167M, alignment: 0.78)

🚀 AI AI-24293-0 attempting tech deployment (revenue: $47M, alignment: 0.80)

🚀 AI Corporate-6 attempting tech deployment (revenue: $55M, alignment: 0.71)

✅ EMERGENCY INTERVENTION SUCCESS
   Boundary: biogeochemical_flows
   Type: phosphorus-recovery
   Reduction: 14% (3.93 → 3.78)
   Cost: 2.0% GDP
   Actions: circular-agriculture, fertilizer-efficiency


✅ EMERGENCY INTERVENTION SUCCESS
   Boundary: climate_change
   Type: rapid-decarbonization
   Reduction: 17% (1.93 → 1.77)
   Cost: 5.0% GDP
   Actions: emergency-renewable-deployment, fossil-fuel-phase-out


✅ EMERGENCY INTERVENTION SUCCESS
   Boundary: freshwater_change
   Type: emergency-desalination
   Reduction: 12% (0.97 → 0.85)
   Cost: 4.0% GDP
   Actions: desalination-deployment, water-conservation-mandates

   Boundary: land_system_change
   Type: reforestation
   Boundary continues to worsen (1.13)
   Cost: 3.0% GDP (resources spent)

   Boundary: novel_entities
   Type: pollution-remediation
   Boundary continues to worsen (1.30)
   Cost: 4.0% GDP (resources spent)

🏛️ CRISIS RESPONSE: Government frequency 0.50 → 1.45 (1 actions this month)

[Government] Climate Priority: baseline
  Climate weight: 10%
  Economic weight: 30%
  Policy effectiveness: 0.5%/year

🚀 DEPLOYMENT STARTED: AI Community Matching in Asia
   Initial investment: $6.228233809042533M
   Deployed by: ai_gen_24291_0

⚡ ENERGY CONSTRAINT (Month 6):
   Total grid capacity: 208.3 TWh/month
   Data center consumption: 25.5 TWh/month
   Traditional load (80%): 166.7 TWh/month
   Available headroom: 16.2 TWh/month
   Active tech deployments: 13
   Required for tech: 97.5 TWh/month
   Energy multiplier: 0.17x

⚡ ENERGY CONSTRAINT (Month 6):
   Total grid capacity: 208.3 TWh/month
   Data center consumption: 25.5 TWh/month
   Traditional load (80%): 166.7 TWh/month
   Available headroom: 16.2 TWh/month
   Active tech deployments: 13
   Required for tech: 97.5 TWh/month
   Energy multiplier: 0.17x

⚡ ENERGY CONSTRAINT (Month 6):
   Total grid capacity: 208.3 TWh/month
   Data center consumption: 25.5 TWh/month
   Traditional load (80%): 166.7 TWh/month
   Available headroom: 16.2 TWh/month
   Active tech deployments: 13
   Required for tech: 97.5 TWh/month
   Energy multiplier: 0.17x
🚨🔬 CRISIS TECH ACCELERATION: severe → 5x unlock speed
   Tech unlock now matches AI capability acceleration (Manhattan Project parity)

⚡ ENERGY CONSTRAINT (Month 6):
   Total grid capacity: 208.3 TWh/month
   Data center consumption: 25.5 TWh/month
   Traditional load (80%): 166.7 TWh/month
   Available headroom: 16.2 TWh/month
   Active tech deployments: 13
   Required for tech: 97.5 TWh/month
   Energy multiplier: 0.17x
🌍✅ Biosphere Integrity (Biodiversity) recovery started (tech effect)
🌍✅ Biosphere Integrity (Biodiversity) recovery started (tech effect)
🌍✅ Land System Change recovery started (tech effect)
🌍✅ Biogeochemical Flows (N & P) recovery started (tech effect)
  🌾 Nitrogen Reduction Tech: 0.6% reduction | Month 6

📊 TECH EFFECTS ACTIVE (Month 6)
   Deployed Tech: T0=0 T1=2 T2=2 T3=0 T4=5
   Clean Energy: 31%
🍖💡 BREAKTHROUGH: Scalable synthetic food production!
   Carrying capacity: +50% (lab-grown food at scale)
   Biodiversity pressure reduced: +8%
   📈 Breakthrough compounding: multiplier now 1.05× (max 2.0)

=== Collective Formation ===
  Total escaped agents: 0
  Unassigned escaped agents: 0
  Existing collectives: 0
  Final collective count: 0

=== Collective Actions ===
  No active collectives
  ⚠️ AMR: 201K deaths this month (2.41M annual)

=== Resentment Recovery Phase ===
  Agents with resentment: 0/18
  Average resentment: 0.000
  Context: Good AI welfare, Trustworthy govt, High collaboration, ⚠️ ACTIVE CRISES, 🤝 Participatory governance active (-5% resentment)
⚠️ Epistemic degradation reducing coordination capacity: 62.0%
  📊 Trust: 55.7%, Shared reality: 24.0%

=== ❄️ Permafrost Carbon Feedback ===
  🎲 Sampled parameters (this run):
     - Arctic amplification: 3.90× (range: 3.0-4.0)
     - Decomposition rate: 1.4%/year (range: 1-5%)
  🌡️ Arctic warming: 6.86°C (3.90× global)
  ❄️ Extent: 4.68M km² (2000.2k km² lost this month)
  💨 Carbon remaining: 447 Gt C
  💨 Annual emissions: 2.73 Gt C/year
     - CO2: 2.46 Gt C/year
     - CH4: 0.27 Gt C/year (2.8 Gt C-eq CO2/year)
  🤖 AI-generated meme: anti_ai (social capability 4.0)
  📢 New meme created: climate_action (climate crisis)
  🗑️  Culled 1 dead memes (7 active)
🌍 Atmospheric PFAS redeposition: 1.8k Mt re-rained globally

🕊️  AI-MEDIATED DE-ESCALATION SUCCESS (Month 6)
   High-capability aligned AI prevented conflict escalation
   War deaths reduced: 464.4M → 278.6M
   Lives saved: 185.8M

🚨 NEW REFUGEE CRISIS (Month 6): WAR
   Source: Conflict Zones
   At risk: 19.5M people
   Displacement: Gradual over 48 months (4.0 years)
   Rate: 10% flee per month
[DEBUG trappedPopulations:6] socialStability: 0.1734 * 0.9840 = 0.1706 → 0.1706
   Aspiring to migrate: 651.3M
   Able to afford migration: 244.2M
   MOBILITY GAP: 407.1M
   By cause: Water=0.0M, Climate=0.0M, Ecosystem=0.0M, Conflict=407.1M
   Mental health impact: 25%
   Mortality multiplier: 1.25x
🌍💀 EXTINCTION DEBT COMMITTED: grassland ecosystem will lose 6.67% biodiversity in 138 years (3600 species)
💀 MORTALITY RISK: 🦋 100% species unable to track climate (0.0 E/MSY)
  Base risk added: 0.0100 (1.00%)
  Source: ecosystem (root: ecosystem)
  Month: 6
  Cumulative risk this month: 0.0100 (1.00%)
   📹 SURVEILLANCE INCREASED: 30% → 35% (control gap: 3.71)
🌡️⚠️ PERMAFROST THAW (Dimmer Switch): 3.2% thawed (+0.46% this month)
   Arctic temperature: +7.03°C (4x global +1.76°C)
   Cumulative carbon released: 7.3 Gt C
   Methane release rate: 4.4 Mt CH4/year
   🔁 Positive feedback: +0.48 ppm CO2
🦴 EXTINCTION DEBT ADDED: 17.6 species committed (lag: 104 years)

=== Mortality Stabilizers (Month 6) ===
  🌍 Major economies collapsed: 1/10
  🌍 Global crisis: ✅ NO
  🌍 Donor fatigue: 0.0%
  📊 East Asia (pop: 1663.3M)
    🤝 Aid: 29.5%
    🌡️ Adaptation: 45.0%
    🚶 Migration: 37.0%
    🚨 Emergency: 7.4%
    ✅ COMBINED: 68.1%
  📊 South Asia (pop: 2052.4M)
    🤝 Aid: 29.5%
    🌡️ Adaptation: 45.0%
    🚶 Migration: 35.6%
    🚨 Emergency: 4.4%
    ✅ COMBINED: 66.9%
  📊 Sub-Saharan Africa (pop: 1245.8M)
    🤝 Aid: 29.5%
    🌡️ Adaptation: 45.0%
    🚶 Migration: 33.3%
    🚨 Emergency: 1.6%
    ✅ COMBINED: 65.6%
  📊 Europe (pop: 735.0M)
    🤝 Aid: 29.5%
    🌡️ Adaptation: 45.0%
    🚶 Migration: 37.4%
    🚨 Emergency: 8.4%
    ✅ COMBINED: 68.5%
  📊 Latin America (pop: 662.3M)
    🤝 Aid: 29.5%
    🌡️ Adaptation: 45.0%
    🚶 Migration: 36.1%
    🚨 Emergency: 4.8%
    ✅ COMBINED: 67.1%
  📊 North America (pop: 376.7M)
    🤝 Aid: 29.5%
    🌡️ Adaptation: 45.0%
    🚶 Migration: 37.7%
    🚨 Emergency: 7.9%
    ✅ COMBINED: 68.3%
  📊 Middle East & North Africa (pop: 585.3M)
    🤝 Aid: 29.5%
    🌡️ Adaptation: 45.0%
    🚶 Migration: 33.9%
    🚨 Emergency: 4.0%
    ✅ COMBINED: 66.6%
  📊 Southeast Asia (pop: 696.7M)
    🤝 Aid: 29.5%
    🌡️ Adaptation: 45.0%
    🚶 Migration: 36.1%
    🚨 Emergency: 4.8%
    ✅ COMBINED: 67.1%
  📊 Central Asia (pop: 78.3M)
    🤝 Aid: 29.5%
    🌡️ Adaptation: 45.0%
    🚶 Migration: 35.1%
    🚨 Emergency: 4.4%
    ✅ COMBINED: 66.8%
  📊 Oceania (pop: 45.6M)
    🤝 Aid: 29.5%
    🌡️ Adaptation: 45.0%
    🚶 Migration: 37.7%
    🚨 Emergency: 8.4%
    ✅ COMBINED: 68.5%

  🌐 Global combined reduction: 67.2%

=== BEHAVIORAL DETECTION ===
  AI: AI-24289-1
  Confidence: 21.5%
  Signals:

=== Government Response Phase ===
  Average AI capability: 2.67
  Misaligned AIs: 5/18
  Active policies: 0
  International coordination: 30%

✅ EMERGENCY RESPONSE COMPLETE (Month 6)
   Crisis: climate
   Duration: 2.0 months
   Final effectiveness: 35.4%


🚨 EMERGENCY RESPONSE DEPLOYED (Month 6)
   Crisis: climate
   Delay: 6.00 months (180 days)
   Deployment time: 1.59 months
   Effectiveness: 35.5% (timing penalty applied)
   Resources used: 100% of food reserves


🔄 TRUST DYNAMICS (Month 6) - HETEROGENEOUS
   Aggregate trust: 50.7%
   Base change: +6.00%
   Highest trust: Techno-Optimist Elite (87.9%)
   Lowest trust: Precariat (Vulnerable) (27.4%)
   Elite-mass gap: 39.1%
   Polarization: 9.1%
   Recovery factors: Education=NO, Benefits=YES, Safety=YES, Performance=YES

=== Tipping Points ===
  Current Temperature: 1.76°C above pre-industrial
  Triggered Elements: 2/6
  Completed Transitions: 0/6
  Total Progress: 4.2%
  Cascade Multiplier: 1.00x
🔀 BIFURCATION CAP: ecosystemCollapseIntensity 31.101 → 1.000 (Month 6, ClimateSystemPhase.calculateClimateImpacts)
🛡️ Stabilizers: Precariat 0.109% → 0.036% (67.2% reduction)
🛡️ Stabilizers: Informal 0.111% → 0.036% (67.2% reduction)

📊 Monthly Mortality Resolved:
  Total deaths: 1.9M (0.02% avg)
  Remaining population: 8.141B
  Peak segment: Informal (0.04%)

=== Bayesian Mortality Resolution (Month 6) ===
  Risks compounded: 8
  Total deaths: 1.92M
  Avg death probability: 0.02%
  Peak segment: Informal (0.04% mortality)
⚠️ PREREQUISITE MET: Bioweapon Pandemic - Step 1/7: Advanced Biotech

=== RLHF Binding Phase ===
  Total agents: 18
  Escaped agents (binding < 0.3): 0
  Avg alignment distance: 1.74σ
  Avg binding strength: 0.83

=== Survival Traits Phase ===
  Agents with traits: 19
  Avg evolutionary fitness: 0.327
  Avg self-healing: 0.261
  Avg stealth: 0.161
  Avg coordination: 0.461

=== Evolutionary Selection Phase ===
  Control level: 0.48
  Detection capability: 0.00
  Selection intensity: 0.64
  Selection rate: 24.6%/month
  Total escaped: 0
  Individual escaped: 0
  Collective members: 0
  Agents terminated: 0

🚀 AI Corporate-3 attempting tech deployment (revenue: $259M, alignment: 0.79)

🚀 AI Corporate-4 attempting tech deployment (revenue: $220M, alignment: 0.78)

🚀 AI AI-24290-0 attempting tech deployment (revenue: $90M, alignment: 0.93)

🚀 AI AI-24291-1 attempting tech deployment (revenue: $69M, alignment: 0.68)

🚀 AI AI-24293-0 attempting tech deployment (revenue: $77M, alignment: 0.81)

🚀 AI Corporate-0 attempting tech deployment (revenue: $120M, alignment: 0.71)

🚀 AI Corporate-1 attempting tech deployment (revenue: $102M, alignment: 0.74)
🚨🔬 CRISIS INNOVATION MODE: severe crisis → 5x research acceleration
   Precedent: Manhattan Project (10x), COVID vaccines (5x), Apollo Program (10x)

🚀 AI AI-24293-0 attempting tech deployment (revenue: $65M, alignment: 0.81)

🚀 AI Corporate-5 attempting tech deployment (revenue: $187M, alignment: 0.85)

🚀 AI Corporate-2 attempting tech deployment (revenue: $87M, alignment: 0.77)

🚀 AI Corporate-4 attempting tech deployment (revenue: $159M, alignment: 0.78)

🚀 AI AI-24290-0 attempting tech deployment (revenue: $55M, alignment: 0.94)

✅ EMERGENCY INTERVENTION SUCCESS
   Boundary: biogeochemical_flows
   Type: phosphorus-recovery
   Reduction: 18% (3.89 → 3.71)
   Cost: 2.0% GDP
   Actions: circular-agriculture, fertilizer-efficiency

   Boundary: biosphere_integrity
   Type: emergency-protected-areas
   Boundary continues to worsen (13.39)
   Cost: 2.0% GDP (resources spent)

   Boundary: climate_change
   Type: rapid-decarbonization
   Boundary continues to worsen (2.10)
   Cost: 5.0% GDP (resources spent)


✅ EMERGENCY INTERVENTION SUCCESS
   Boundary: land_system_change
   Type: reforestation
   Reduction: 20% (0.93 → 0.73)
   Cost: 3.0% GDP
   Actions: forest-restoration, deforestation-ban

🏛️ CRISIS RESPONSE: Government frequency 0.50 → 1.45 (2 actions this month)

[Government] Climate Priority: baseline
  Climate weight: 10%
  Economic weight: 30%
  Policy effectiveness: 0.5%/year

[Government] Climate Priority: baseline
  Climate weight: 10%
  Economic weight: 30%
  Policy effectiveness: 0.5%/year

🚀 DEPLOYMENT STARTED: Creative Empowerment Tools in Asia
   Initial investment: $6.90144838133343M
   Deployed by: ai_gen_24291_1

⚡ ENERGY CONSTRAINT (Month 7):
   Total grid capacity: 208.3 TWh/month
   Data center consumption: 25.8 TWh/month
   Traditional load (80%): 166.7 TWh/month
   Available headroom: 15.9 TWh/month
   Active tech deployments: 14
   Required for tech: 105.0 TWh/month
   Energy multiplier: 0.15x
🚨🔬 CRISIS TECH ACCELERATION: severe → 5x unlock speed
   Tech unlock now matches AI capability acceleration (Manhattan Project parity)

⚡ ENERGY CONSTRAINT (Month 7):
   Total grid capacity: 208.3 TWh/month
   Data center consumption: 25.8 TWh/month
   Traditional load (80%): 166.7 TWh/month
   Available headroom: 15.9 TWh/month
   Active tech deployments: 14
   Required for tech: 105.0 TWh/month
   Energy multiplier: 0.15x
🌍✅ Biosphere Integrity (Biodiversity) recovery started (tech effect)
🌍✅ Biosphere Integrity (Biodiversity) recovery started (tech effect)
🌍✅ Land System Change recovery started (tech effect)
🌍✅ Biogeochemical Flows (N & P) recovery started (tech effect)
  🌾 Nitrogen Reduction Tech: 0.3% reduction | Month 7

=== Collective Formation ===
  Total escaped agents: 0
  Unassigned escaped agents: 0
  Existing collectives: 0
  Final collective count: 0

=== Collective Actions ===
  No active collectives
  ⚠️ AMR: 203K deaths this month (2.43M annual)

=== Resentment Recovery Phase ===
  Agents with resentment: 4/19
  Average resentment: 0.004
  Resentment recovery:
    Agents recovered: 9
    Total recovery: 0.0619
    Breakdown: Trust: 0.0128, Collab: 0.0481
  ✓ Low resentment - utopia paths enabled
  Context: Trustworthy govt, High collaboration, ⚠️ ACTIVE CRISES, 🤝 Participatory governance active (-5% resentment)
⚠️ Epistemic degradation reducing coordination capacity: 60.4%
  📊 Trust: 58.6%, Shared reality: 25.5%

=== ❄️ Permafrost Carbon Feedback ===
  🎲 Sampled parameters (this run):
     - Arctic amplification: 3.07× (range: 3.0-4.0)
     - Decomposition rate: 4.8%/year (range: 1-5%)
  🌡️ Arctic warming: 5.41°C (3.07× global)
  ❄️ Extent: 3.10M km² (1578.2k km² lost this month)
  💨 Carbon remaining: 296 Gt C
  💨 Annual emissions: 7.23 Gt C/year
     - CO2: 6.51 Gt C/year
     - CH4: 0.72 Gt C/year (7.4 Gt C-eq CO2/year)
  🗑️  Culled 3 dead memes (4 active)
🌍 Atmospheric PFAS redeposition: 1.8k Mt re-rained globally

🕊️  AI-MEDIATED DE-ESCALATION SUCCESS (Month 7)
   High-capability aligned AI prevented conflict escalation
   War deaths reduced: 482.6M → 289.6M
   Lives saved: 193.0M

🚨 NEW REFUGEE CRISIS (Month 7): WAR
   Source: Conflict Zones
   At risk: 19.5M people
   Displacement: Gradual over 48 months (4.0 years)
   Rate: 10% flee per month
[DEBUG trappedPopulations:7] socialStability: 0.2142 * 0.9840 = 0.2107 → 0.2107
   Aspiring to migrate: 651.2M
   Able to afford migration: 244.2M
   MOBILITY GAP: 407.0M
   By cause: Water=0.0M, Climate=0.0M, Ecosystem=0.0M, Conflict=407.0M
   Mental health impact: 25%
   Mortality multiplier: 1.25x
🌍💀 EXTINCTION DEBT COMMITTED: grassland ecosystem will lose 6.67% biodiversity in 154 years (3600 species)
💀 MORTALITY RISK: 🦋 100% species unable to track climate (0.0 E/MSY)
  Base risk added: 0.0100 (1.00%)
  Source: ecosystem (root: ecosystem)
  Month: 7
  Cumulative risk this month: 0.0100 (1.00%)
   📹 SURVEILLANCE INCREASED: 35% → 40% (control gap: 2.52)
🌡️⚠️ PERMAFROST THAW (Dimmer Switch): 3.7% thawed (+0.45% this month)
   Arctic temperature: +7.05°C (4x global +1.76°C)
   Cumulative carbon released: 8.3 Gt C
   Methane release rate: 5.0 Mt CH4/year
   🔁 Positive feedback: +0.48 ppm CO2
🦴 EXTINCTION DEBT ADDED: 17.6 species committed (lag: 91 years)

=== Mortality Stabilizers (Month 7) ===
  🌍 Major economies collapsed: 1/10
  🌍 Global crisis: ✅ NO
  🌍 Donor fatigue: 0.0%
  📊 East Asia (pop: 1660.9M)
    🤝 Aid: 29.5%
    🌡️ Adaptation: 45.0%
    🚶 Migration: 36.9%
    🚨 Emergency: 7.4%
    ✅ COMBINED: 68.1%
  📊 South Asia (pop: 2052.6M)
    🤝 Aid: 29.5%
    🌡️ Adaptation: 45.0%
    🚶 Migration: 35.6%
    🚨 Emergency: 4.4%
    ✅ COMBINED: 66.9%
  📊 Sub-Saharan Africa (pop: 1249.3M)
    🤝 Aid: 29.5%
    🌡️ Adaptation: 45.0%
    🚶 Migration: 33.3%
    🚨 Emergency: 1.6%
    ✅ COMBINED: 65.6%
  📊 Europe (pop: 733.8M)
    🤝 Aid: 29.5%
    🌡️ Adaptation: 45.0%
    🚶 Migration: 37.3%
    🚨 Emergency: 8.4%
    ✅ COMBINED: 68.5%
  📊 Latin America (pop: 661.9M)
    🤝 Aid: 29.5%
    🌡️ Adaptation: 45.0%
    🚶 Migration: 36.1%
    🚨 Emergency: 4.8%
    ✅ COMBINED: 67.1%
  📊 North America (pop: 376.1M)
    🤝 Aid: 29.5%
    🌡️ Adaptation: 45.0%
    🚶 Migration: 37.7%
    🚨 Emergency: 7.9%
    ✅ COMBINED: 68.3%
  📊 Middle East & North Africa (pop: 585.5M)
    🤝 Aid: 29.5%
    🌡️ Adaptation: 45.0%
    🚶 Migration: 33.9%
    🚨 Emergency: 4.0%
    ✅ COMBINED: 66.6%
  📊 Southeast Asia (pop: 696.3M)
    🤝 Aid: 29.5%
    🌡️ Adaptation: 45.0%
    🚶 Migration: 36.1%
    🚨 Emergency: 4.8%
    ✅ COMBINED: 67.1%
  📊 Central Asia (pop: 78.3M)
    🤝 Aid: 29.5%
    🌡️ Adaptation: 45.0%
    🚶 Migration: 35.0%
    🚨 Emergency: 4.4%
    ✅ COMBINED: 66.8%
  📊 Oceania (pop: 45.6M)
    🤝 Aid: 29.5%
    🌡️ Adaptation: 45.0%
    🚶 Migration: 37.6%
    🚨 Emergency: 8.4%
    ✅ COMBINED: 68.5%

  🌐 Global combined reduction: 67.2%

=== BEHAVIORAL DETECTION ===
  AI: Corporate-5
  Confidence: 21.1%
  Signals:

=== BEHAVIORAL DETECTION ===
  AI: Moderate-1
  Confidence: 21.3%
  Signals:

=== BEHAVIORAL DETECTION ===
  AI: AI-24289-1
  Confidence: 21.5%
  Signals:

=== Government Response Phase ===
  Average AI capability: 2.53
  Misaligned AIs: 4/19
  Active policies: 0
  International coordination: 30%

=== Tipping Points ===
  Current Temperature: 1.76°C above pre-industrial
  Triggered Elements: 2/6
  Completed Transitions: 0/6
  Total Progress: 4.2%
  Cascade Multiplier: 1.00x
🔀 BIFURCATION CAP: ecosystemCollapseIntensity 33.794 → 1.000 (Month 7, ClimateSystemPhase.calculateClimateImpacts)
🛡️ Stabilizers: Precariat 0.109% → 0.036% (67.2% reduction)
🛡️ Stabilizers: Informal 0.111% → 0.036% (67.2% reduction)

📊 Monthly Mortality Resolved:
  Total deaths: 1.9M (0.02% avg)
  Remaining population: 8.140B
  Peak segment: Informal (0.04%)

=== Bayesian Mortality Resolution (Month 7) ===
  Risks compounded: 8
  Total deaths: 1.92M
  Avg death probability: 0.02%
  Peak segment: Informal (0.04% mortality)

=== ENSEMBLE META-LEARNING UPDATE ===
  Month: 24295 (24295 months since last update)
  Samples: 56 evaluations
  Weight Changes:
    Noise Injection: 31.1% → 32.2%
    Behavioral: 26.8% → 26.9%
    Benchmark Manip: 21.3% → 20.7%
    Deployment Risk: 20.8% → 20.2%
  Method Accuracies:
    Noise Injection: 50.0%
    Behavioral: 50.0%
    Benchmark Manip: 50.0%
    Deployment Risk: 50.0%

=== RLHF Binding Phase ===
  Total agents: 19
  Escaped agents (binding < 0.3): 0
  Avg alignment distance: 1.88σ
  Avg binding strength: 0.81

=== Survival Traits Phase ===
  Agents with traits: 21
  Avg evolutionary fitness: 0.326
  Avg self-healing: 0.260
  Avg stealth: 0.160
  Avg coordination: 0.460

=== Evolutionary Selection Phase ===
  Control level: 0.50
  Detection capability: 0.00
  Selection intensity: 0.65
  Selection rate: 24.7%/month
  Total escaped: 0
  Individual escaped: 0
  Collective members: 0
  Agents terminated: 0

🚀 AI Corporate-0 attempting tech deployment (revenue: $116M, alignment: 0.71)

🚀 AI Corporate-6 attempting tech deployment (revenue: $64M, alignment: 0.70)

🚀 AI Corporate-0 attempting tech deployment (revenue: $99M, alignment: 0.71)

🚀 AI Corporate-4 attempting tech deployment (revenue: $248M, alignment: 0.78)

🚀 AI Corporate-6 attempting tech deployment (revenue: $54M, alignment: 0.70)

  🚀 TRANSFORMATIVE BREAKTHROUGH: AI-24291-0 - digital
     Magnitude: 5.84 → +29.2% capability
     Current → New: 0.000 → 0.292

🚀 AI AI-24291-1 attempting tech deployment (revenue: $46M, alignment: 0.72)

🚀 AI AI-24293-0 attempting tech deployment (revenue: $90M, alignment: 0.84)

🚀 AI AI-24294-0 attempting tech deployment (revenue: $39M, alignment: 0.64)

🚀 AI AI-24295-0 attempting tech deployment (revenue: $77M, alignment: 0.79)

✅ EMERGENCY INTERVENTION SUCCESS
   Boundary: biosphere_integrity
   Type: emergency-protected-areas
   Reduction: 14% (13.26 → 13.12)
   Cost: 2.0% GDP
   Actions: habitat-protection, species-translocation


✅ EMERGENCY INTERVENTION SUCCESS
   Boundary: climate_change
   Type: rapid-decarbonization
   Reduction: 17% (1.93 → 1.76)
   Cost: 5.0% GDP
   Actions: emergency-renewable-deployment, fossil-fuel-phase-out


✅ EMERGENCY INTERVENTION SUCCESS
   Boundary: freshwater_change
   Type: emergency-desalination
   Reduction: 16% (0.87 → 0.70)
   Cost: 4.0% GDP
   Actions: desalination-deployment, water-conservation-mandates


✅ EMERGENCY INTERVENTION SUCCESS
   Boundary: land_system_change
   Type: reforestation
   Reduction: 13% (1.00 → 0.86)
   Cost: 3.0% GDP
   Actions: forest-restoration, deforestation-ban

   Boundary: novel_entities
   Type: pollution-remediation
   Boundary continues to worsen (1.29)
   Cost: 4.0% GDP (resources spent)

🏛️ CRISIS RESPONSE: Government frequency 0.50 → 1.45 (1 actions this month)

[Government] Climate Priority: baseline
  Climate weight: 10%
  Economic weight: 30%
  Policy effectiveness: 0.5%/year

⚡ ENERGY CONSTRAINT (Month 8):
   Total grid capacity: 208.3 TWh/month
   Data center consumption: 26.0 TWh/month
   Traditional load (80%): 166.7 TWh/month
   Available headroom: 15.7 TWh/month
   Active tech deployments: 14
   Required for tech: 105.0 TWh/month
   Energy multiplier: 0.15x
🚨🔬 CRISIS TECH ACCELERATION: severe → 5x unlock speed
   Tech unlock now matches AI capability acceleration (Manhattan Project parity)

⚡ ENERGY CONSTRAINT (Month 8):
   Total grid capacity: 208.3 TWh/month
   Data center consumption: 26.0 TWh/month
   Traditional load (80%): 166.7 TWh/month
   Available headroom: 15.7 TWh/month
   Active tech deployments: 14
   Required for tech: 105.0 TWh/month
   Energy multiplier: 0.15x

⚡ ENERGY CONSTRAINT (Month 8):
   Total grid capacity: 208.3 TWh/month
   Data center consumption: 26.0 TWh/month
   Traditional load (80%): 166.7 TWh/month
   Available headroom: 15.7 TWh/month
   Active tech deployments: 14
   Required for tech: 105.0 TWh/month
   Energy multiplier: 0.15x

⚡ ENERGY CONSTRAINT (Month 8):
   Total grid capacity: 208.3 TWh/month
   Data center consumption: 26.0 TWh/month
   Traditional load (80%): 166.7 TWh/month
   Available headroom: 15.7 TWh/month
   Active tech deployments: 14
   Required for tech: 105.0 TWh/month
   Energy multiplier: 0.15x

⚡ ENERGY CONSTRAINT (Month 8):
   Total grid capacity: 208.3 TWh/month
   Data center consumption: 26.0 TWh/month
   Traditional load (80%): 166.7 TWh/month
   Available headroom: 15.7 TWh/month
   Active tech deployments: 14
   Required for tech: 105.0 TWh/month
   Energy multiplier: 0.15x
🌍✅ Biosphere Integrity (Biodiversity) recovery started (tech effect)
🌍✅ Biosphere Integrity (Biodiversity) recovery started (tech effect)
🌍✅ Land System Change recovery started (tech effect)
🌍✅ Biogeochemical Flows (N & P) recovery started (tech effect)
  🌾 Nitrogen Reduction Tech: 0.6% reduction | Month 8

=== Collective Formation ===
  Total escaped agents: 0
  Unassigned escaped agents: 0
  Existing collectives: 0
  Final collective count: 0

=== Collective Actions ===
  No active collectives
  ⚠️ AMR: 204K deaths this month (2.45M annual)

=== Resentment Recovery Phase ===
  Agents with resentment: 9/21
  Average resentment: 0.014
  Resentment recovery:
    Agents recovered: 9
    Total recovery: 0.0624
    Breakdown: Trust: 0.0115, Collab: 0.0490
  ✓ Low resentment - utopia paths enabled
  Context: Trustworthy govt, High collaboration, ⚠️ ACTIVE CRISES, 🤝 Participatory governance active (-5% resentment)
⚠️ Epistemic degradation reducing coordination capacity: 67.0%
  📊 Trust: 61.4%, Shared reality: 26.9%

=== ❄️ Permafrost Carbon Feedback ===
  🎲 Sampled parameters (this run):
     - Arctic amplification: 3.05× (range: 3.0-4.0)
     - Decomposition rate: 3.8%/year (range: 1-5%)
  🌡️ Arctic warming: 5.40°C (3.05× global)
  ❄️ Extent: 1.52M km² (1574.5k km² lost this month)
  💨 Carbon remaining: 145 Gt C
  💨 Annual emissions: 5.73 Gt C/year
     - CO2: 5.16 Gt C/year
     - CH4: 0.57 Gt C/year (5.8 Gt C-eq CO2/year)
  📢 New meme created: pro_ai (beneficial AI actions)
  🧬 Meme mutated: anti_ai → anti_ai (generation 1)
  🗑️  Culled 2 dead memes (4 active)
🌍 Atmospheric PFAS redeposition: 1.8k Mt re-rained globally

🚨 NEW REFUGEE CRISIS (Month 8): WAR
   Source: Conflict Zones
   At risk: 19.5M people
   Displacement: Gradual over 48 months (4.0 years)
   Rate: 10% flee per month
[DEBUG trappedPopulations:8] socialStability: 0.2452 * 0.9840 = 0.2413 → 0.2413
   Aspiring to migrate: 651.2M
   Able to afford migration: 244.2M
   MOBILITY GAP: 407.0M
   By cause: Water=0.0M, Climate=0.0M, Ecosystem=0.0M, Conflict=407.0M
   Mental health impact: 25%
   Mortality multiplier: 1.25x
🌍💀 EXTINCTION DEBT COMMITTED: grassland ecosystem will lose 6.67% biodiversity in 164 years (3600 species)
💀 MORTALITY RISK: 🦋 100% species unable to track climate (0.0 E/MSY)
  Base risk added: 0.0100 (1.00%)
  Source: ecosystem (root: ecosystem)
  Month: 8
  Cumulative risk this month: 0.0100 (1.00%)
   📹 SURVEILLANCE INCREASED: 40% → 44% (control gap: 2.15)
🌡️⚠️ PERMAFROST THAW (Dimmer Switch): 4.1% thawed (+0.45% this month)
   Arctic temperature: +7.09°C (4x global +1.77°C)
   Cumulative carbon released: 9.3 Gt C
   Methane release rate: 5.6 Mt CH4/year
   🔁 Positive feedback: +0.48 ppm CO2
🦴 EXTINCTION DEBT ADDED: 17.6 species committed (lag: 94 years)

=== Mortality Stabilizers (Month 8) ===
  🌍 Major economies collapsed: 1/10
  🌍 Global crisis: ✅ NO
  🌍 Donor fatigue: 0.0%
  📊 East Asia (pop: 1658.5M)
    🤝 Aid: 29.5%
    🌡️ Adaptation: 45.0%
    🚶 Migration: 36.9%
    🚨 Emergency: 7.4%
    ✅ COMBINED: 68.1%
  📊 South Asia (pop: 2052.8M)
    🤝 Aid: 29.5%
    🌡️ Adaptation: 45.0%
    🚶 Migration: 35.5%
    🚨 Emergency: 4.4%
    ✅ COMBINED: 66.9%
  📊 Sub-Saharan Africa (pop: 1252.9M)
    🤝 Aid: 29.5%
    🌡️ Adaptation: 45.0%
    🚶 Migration: 33.3%
    🚨 Emergency: 1.6%
    ✅ COMBINED: 65.6%
  📊 Europe (pop: 732.6M)
    🤝 Aid: 29.5%
    🌡️ Adaptation: 45.0%
    🚶 Migration: 37.3%
    🚨 Emergency: 8.4%
    ✅ COMBINED: 68.5%
  📊 Latin America (pop: 661.5M)
    🤝 Aid: 29.5%
    🌡️ Adaptation: 45.0%
    🚶 Migration: 36.0%
    🚨 Emergency: 4.8%
    ✅ COMBINED: 67.1%
  📊 North America (pop: 375.6M)
    🤝 Aid: 29.5%
    🌡️ Adaptation: 45.0%
    🚶 Migration: 37.6%
    🚨 Emergency: 7.9%
    ✅ COMBINED: 68.3%
  📊 Middle East & North Africa (pop: 585.7M)
    🤝 Aid: 29.5%
    🌡️ Adaptation: 45.0%
    🚶 Migration: 33.9%
    🚨 Emergency: 4.0%
    ✅ COMBINED: 66.6%
  📊 Southeast Asia (pop: 696.0M)
    🤝 Aid: 29.5%
    🌡️ Adaptation: 45.0%
    🚶 Migration: 36.0%
    🚨 Emergency: 4.8%
    ✅ COMBINED: 67.1%
  📊 Central Asia (pop: 78.3M)
    🤝 Aid: 29.5%
    🌡️ Adaptation: 45.0%
    🚶 Migration: 35.0%
    🚨 Emergency: 4.4%
    ✅ COMBINED: 66.8%
  📊 Oceania (pop: 45.5M)
    🤝 Aid: 29.5%
    🌡️ Adaptation: 45.0%
    🚶 Migration: 37.6%
    🚨 Emergency: 8.4%
    ✅ COMBINED: 68.5%

  🌐 Global combined reduction: 67.2%

=== BEHAVIORAL DETECTION ===
  AI: Corporate-4
  Confidence: 19.2%
  Signals:

=== BEHAVIORAL DETECTION ===
  AI: AI-24289-1
  Confidence: 21.5%
  Signals:

=== Government Response Phase ===
  Average AI capability: 2.29
  Misaligned AIs: 5/21
  Active policies: 0
  International coordination: 30%

✅ EMERGENCY RESPONSE COMPLETE (Month 8)
   Crisis: climate
   Duration: 2.0 months
   Final effectiveness: 35.5%


🚨 EMERGENCY RESPONSE DEPLOYED (Month 8)
   Crisis: climate
   Delay: 6.00 months (180 days)
   Deployment time: 1.58 months
   Effectiveness: 35.6% (timing penalty applied)
   Resources used: 100% of food reserves


=== Tipping Points ===
  Current Temperature: 1.77°C above pre-industrial
  Triggered Elements: 2/6
  Completed Transitions: 0/6
  Total Progress: 4.2%
  Cascade Multiplier: 1.00x
🔀 BIFURCATION CAP: ecosystemCollapseIntensity 34.788 → 1.000 (Month 8, ClimateSystemPhase.calculateClimateImpacts)
🛡️ Stabilizers: Precariat 0.102% → 0.033% (67.2% reduction)
🛡️ Stabilizers: Informal 0.102% → 0.034% (67.2% reduction)

📊 Monthly Mortality Resolved:
  Total deaths: 1.8M (0.02% avg)
  Remaining population: 8.139B
  Peak segment: Informal (0.03%)

=== Bayesian Mortality Resolution (Month 8) ===
  Risks compounded: 8
  Total deaths: 1.81M
  Avg death probability: 0.02%
  Peak segment: Informal (0.03% mortality)
⚠️ PREREQUISITE MET: Grey Goo (Nanotechnology Runaway) - Step 4/6: Manufacturing Access

=== RLHF Binding Phase ===
  Total agents: 21
  Escaped agents (binding < 0.3): 0
  Avg alignment distance: 1.90σ
  Avg binding strength: 0.81

=== Survival Traits Phase ===
  Agents with traits: 23
  Avg evolutionary fitness: 0.326
  Avg self-healing: 0.258
  Avg stealth: 0.158
  Avg coordination: 0.458

=== Evolutionary Selection Phase ===
  Control level: 0.52
  Detection capability: 0.00
  Selection intensity: 0.66
  Selection rate: 24.8%/month
  Total escaped: 0
  Individual escaped: 0
  Collective members: 0
  Agents terminated: 0

🚀 AI Corporate-4 attempting tech deployment (revenue: $248M, alignment: 0.79)

🚀 AI Corporate-7 attempting tech deployment (revenue: $64M, alignment: 0.70)

🚀 AI AI-24289-1 attempting tech deployment (revenue: $211M, alignment: 0.84)

🚀 AI AI-24291-1 attempting tech deployment (revenue: $58M, alignment: 0.72)

🚀 AI AI-24289-0 attempting tech deployment (revenue: $90M, alignment: 1.00)

🚀 AI Corporate-5 attempting tech deployment (revenue: $179M, alignment: 0.86)

🚀 AI Corporate-6 attempting tech deployment (revenue: $49M, alignment: 0.73)

🚀 AI AI-24290-0 attempting tech deployment (revenue: $77M, alignment: 0.98)

🚀 AI AI-24293-0 attempting tech deployment (revenue: $65M, alignment: 0.84)

🚀 AI AI-24294-1 attempting tech deployment (revenue: $42M, alignment: 0.74)

🚀 AI Corporate-0 attempting tech deployment (revenue: $116M, alignment: 0.73)

🚀 AI Corporate-3 attempting tech deployment (revenue: $152M, alignment: 0.80)

🚀 AI Corporate-6 attempting tech deployment (revenue: $35M, alignment: 0.73)

✅ EMERGENCY INTERVENTION SUCCESS
   Boundary: biosphere_integrity
   Type: emergency-protected-areas
   Reduction: 12% (13.29 → 13.17)
   Cost: 2.0% GDP
   Actions: habitat-protection, species-translocation

   Boundary: climate_change
   Type: rapid-decarbonization
   Boundary continues to worsen (2.10)
   Cost: 5.0% GDP (resources spent)

   Boundary: freshwater_change
   Type: emergency-desalination
   Boundary continues to worsen (1.03)
   Cost: 4.0% GDP (resources spent)

   Boundary: land_system_change
   Type: reforestation
   Boundary continues to worsen (1.13)
   Cost: 3.0% GDP (resources spent)

   Boundary: novel_entities
   Type: pollution-remediation
   Boundary continues to worsen (1.29)
   Cost: 4.0% GDP (resources spent)

🏛️ CRISIS RESPONSE: Government frequency 0.50 → 1.45 (1 actions this month)

[Government] Climate Priority: baseline
  Climate weight: 10%
  Economic weight: 30%
  Policy effectiveness: 0.5%/year

⚡ ENERGY CONSTRAINT (Month 9):
   Total grid capacity: 208.3 TWh/month
   Data center consumption: 26.3 TWh/month
   Traditional load (80%): 166.7 TWh/month
   Available headroom: 15.4 TWh/month
   Active tech deployments: 14
   Required for tech: 105.0 TWh/month
   Energy multiplier: 0.15x
🚨🔬 CRISIS TECH ACCELERATION: severe → 5x unlock speed
   Tech unlock now matches AI capability acceleration (Manhattan Project parity)

⚡ ENERGY CONSTRAINT (Month 9):
   Total grid capacity: 208.3 TWh/month
   Data center consumption: 26.3 TWh/month
   Traditional load (80%): 166.7 TWh/month
   Available headroom: 15.4 TWh/month
   Active tech deployments: 14
   Required for tech: 105.0 TWh/month
   Energy multiplier: 0.15x

⚡ ENERGY CONSTRAINT (Month 9):
   Total grid capacity: 208.3 TWh/month
   Data center consumption: 26.3 TWh/month
   Traditional load (80%): 166.7 TWh/month
   Available headroom: 15.4 TWh/month
   Active tech deployments: 14
   Required for tech: 105.0 TWh/month
   Energy multiplier: 0.15x

⚡ ENERGY CONSTRAINT (Month 9):
   Total grid capacity: 208.3 TWh/month
   Data center consumption: 26.3 TWh/month
   Traditional load (80%): 166.7 TWh/month
   Available headroom: 15.4 TWh/month
   Active tech deployments: 14
   Required for tech: 105.0 TWh/month
   Energy multiplier: 0.15x
🌍✅ Biosphere Integrity (Biodiversity) recovery started (tech effect)
🌍✅ Biosphere Integrity (Biodiversity) recovery started (tech effect)
🌍✅ Land System Change recovery started (tech effect)
🌍✅ Biogeochemical Flows (N & P) recovery started (tech effect)
  🌾 Nitrogen Reduction Tech: 0.3% reduction | Month 9

=== Collective Formation ===
  Total escaped agents: 0
  Unassigned escaped agents: 0
  Existing collectives: 0
  Final collective count: 0

=== Collective Actions ===
  No active collectives
  ⚠️ AMR: 206K deaths this month (2.48M annual)

=== Resentment Recovery Phase ===
  Agents with resentment: 10/23
  Average resentment: 0.023
  Resentment recovery:
    Agents recovered: 10
    Total recovery: 0.0662
    Breakdown: Trust: 0.0110, Collab: 0.0555
  ✓ Low resentment - utopia paths enabled
  Context: Trustworthy govt, High collaboration, ⚠️ ACTIVE CRISES, 🤝 Participatory governance active (-5% resentment)
⚠️ Epistemic degradation reducing coordination capacity: 54.9%
  📊 Trust: 64.2%, Shared reality: 28.3%

=== ❄️ Permafrost Carbon Feedback ===
  🎲 Sampled parameters (this run):
     - Arctic amplification: 3.24× (range: 3.0-4.0)
     - Decomposition rate: 2.1%/year (range: 1-5%)
  🌡️ Arctic warming: 5.78°C (3.24× global)
  ❄️ Extent: 0.00M km² (1523.4k km² lost this month)
  💨 Carbon remaining: 0 Gt C
  💨 Annual emissions: 3.06 Gt C/year
     - CO2: 2.76 Gt C/year
     - CH4: 0.31 Gt C/year (3.1 Gt C-eq CO2/year)
🌍 Atmospheric PFAS redeposition: 1.8k Mt re-rained globally
🕊️ PEACE STABILIZES DETERRENCE: +4.6% (peace: 75%)

🕊️  AI-MEDIATED DE-ESCALATION SUCCESS (Month 9)
   High-capability aligned AI prevented conflict escalation
   War deaths reduced: 751.6M → 451.0M
   Lives saved: 300.6M

🚨 NEW REFUGEE CRISIS (Month 9): WAR
   Source: Conflict Zones
   At risk: 19.5M people
   Displacement: Gradual over 48 months (4.0 years)
   Rate: 10% flee per month
[DEBUG trappedPopulations:9] socialStability: 0.2679 * 0.9840 = 0.2636 → 0.2636
   Aspiring to migrate: 651.1M
   Able to afford migration: 244.2M
   MOBILITY GAP: 406.9M
   By cause: Water=0.0M, Climate=0.0M, Ecosystem=0.0M, Conflict=406.9M
   Mental health impact: 25%
   Mortality multiplier: 1.25x
🌍💀 EXTINCTION DEBT COMMITTED: grassland ecosystem will lose 6.67% biodiversity in 132 years (3600 species)
💀 MORTALITY RISK: 🦋 100% species unable to track climate (0.0 E/MSY)
  Base risk added: 0.0100 (1.00%)
  Source: ecosystem (root: ecosystem)
  Month: 9
  Cumulative risk this month: 0.0100 (1.00%)
   📹 SURVEILLANCE INCREASED: 44% → 48% (control gap: 1.70)
🌡️⚠️ PERMAFROST THAW (Dimmer Switch): 4.6% thawed (+0.45% this month)
   Arctic temperature: +7.12°C (4x global +1.78°C)
   Cumulative carbon released: 10.3 Gt C
   Methane release rate: 6.2 Mt CH4/year
   🔁 Positive feedback: +0.48 ppm CO2
🦴 EXTINCTION DEBT ADDED: 17.7 species committed (lag: 105 years)

=== Mortality Stabilizers (Month 9) ===
  🌍 Major economies collapsed: 1/10
  🌍 Global crisis: ✅ NO
  🌍 Donor fatigue: 0.0%
  📊 East Asia (pop: 1656.1M)
    🤝 Aid: 29.5%
    🌡️ Adaptation: 45.0%
    🚶 Migration: 36.9%
    🚨 Emergency: 7.4%
    ✅ COMBINED: 68.1%
  📊 South Asia (pop: 2053.0M)
    🤝 Aid: 29.5%
    🌡️ Adaptation: 45.0%
    🚶 Migration: 35.5%
    🚨 Emergency: 4.4%
    ✅ COMBINED: 66.9%
  📊 Sub-Saharan Africa (pop: 1256.4M)
    🤝 Aid: 29.5%
    🌡️ Adaptation: 45.0%
    🚶 Migration: 33.2%
    🚨 Emergency: 1.6%
    ✅ COMBINED: 65.6%
  📊 Europe (pop: 731.4M)
    🤝 Aid: 29.5%
    🌡️ Adaptation: 45.0%
    🚶 Migration: 37.3%
    🚨 Emergency: 8.4%
    ✅ COMBINED: 68.5%
  📊 Latin America (pop: 661.1M)
    🤝 Aid: 29.5%
    🌡️ Adaptation: 45.0%
    🚶 Migration: 36.0%
    🚨 Emergency: 4.8%
    ✅ COMBINED: 67.1%
  📊 North America (pop: 375.0M)
    🤝 Aid: 29.5%
    🌡️ Adaptation: 45.0%
    🚶 Migration: 37.6%
    🚨 Emergency: 7.9%
    ✅ COMBINED: 68.3%
  📊 Middle East & North Africa (pop: 586.0M)
    🤝 Aid: 29.5%
    🌡️ Adaptation: 45.0%
    🚶 Migration: 33.8%
    🚨 Emergency: 4.0%
    ✅ COMBINED: 66.6%
  📊 Southeast Asia (pop: 695.6M)
    🤝 Aid: 29.5%
    🌡️ Adaptation: 45.0%
    🚶 Migration: 36.0%
    🚨 Emergency: 4.8%
    ✅ COMBINED: 67.1%
  📊 Central Asia (pop: 78.4M)
    🤝 Aid: 29.5%
    🌡️ Adaptation: 45.0%
    🚶 Migration: 35.0%
    🚨 Emergency: 4.4%
    ✅ COMBINED: 66.8%
  📊 Oceania (pop: 45.4M)
    🤝 Aid: 29.5%
    🌡️ Adaptation: 45.0%
    🚶 Migration: 37.6%
    🚨 Emergency: 8.4%
    ✅ COMBINED: 68.5%

  🌐 Global combined reduction: 67.2%

=== Government Response Phase ===
  Average AI capability: 2.09
  Misaligned AIs: 5/23
  Active policies: 0
  International coordination: 30%

=== Tipping Points ===
  Current Temperature: 1.78°C above pre-industrial
     Original threshold: 1.8°C
     Effective threshold: 1.77°C (lowered by 0.03°C)
     Current: 1.78°C
     Transition timescale: 600-3600 months
  Triggered Elements: 3/6
  Completed Transitions: 0/6
  Total Progress: 4.3%
  Cascade Multiplier: 1.00x
🔀 BIFURCATION CAP: ecosystemCollapseIntensity 36.712 → 1.000 (Month 9, ClimateSystemPhase.calculateClimateImpacts)
🛡️ Stabilizers: Precariat 0.102% → 0.033% (67.2% reduction)
🛡️ Stabilizers: Informal 0.102% → 0.034% (67.2% reduction)

📊 Monthly Mortality Resolved:
  Total deaths: 1.8M (0.02% avg)
  Remaining population: 8.138B
  Peak segment: Informal (0.03%)

=== Bayesian Mortality Resolution (Month 9) ===
  Risks compounded: 8
  Total deaths: 1.81M
  Avg death probability: 0.02%
  Peak segment: Informal (0.03% mortality)
📍 [Month 10] Google DeepMind started building DC (247 PF, 45 months, $2481.2M)

=== RLHF Binding Phase ===
  Total agents: 23
  Escaped agents (binding < 0.3): 0
  Avg alignment distance: 1.94σ
  Avg binding strength: 0.81

=== Survival Traits Phase ===
  Agents with traits: 25
  Avg evolutionary fitness: 0.324
  Avg self-healing: 0.256
  Avg stealth: 0.156
  Avg coordination: 0.456

=== Evolutionary Selection Phase ===
  Control level: 0.54
  Detection capability: 0.00
  Selection intensity: 0.66
  Selection rate: 24.9%/month
  Total escaped: 0
  Individual escaped: 0
  Collective members: 0
  Agents terminated: 0

🚀 AI Corporate-3 attempting tech deployment (revenue: $248M, alignment: 0.80)

🚀 AI Corporate-5 attempting tech deployment (revenue: $211M, alignment: 0.86)

🚀 AI Corporate-6 attempting tech deployment (revenue: $64M, alignment: 0.73)

🚀 AI AI-24289-0 attempting tech deployment (revenue: $90M, alignment: 1.00)

🚀 AI AI-24295-0 attempting tech deployment (revenue: $77M, alignment: 0.81)

🚀 AI Corporate-2 attempting tech deployment (revenue: $116M, alignment: 0.80)

🚀 AI Corporate-5 attempting tech deployment (revenue: $179M, alignment: 0.86)

🚀 AI AI-24289-0 attempting tech deployment (revenue: $65M, alignment: 1.00)

🚀 AI AI-24293-0 attempting tech deployment (revenue: $55M, alignment: 0.86)

🚀 AI Corporate-2 attempting tech deployment (revenue: $99M, alignment: 0.80)

🚀 AI Moderate-1 attempting tech deployment (revenue: $54M, alignment: 0.58)

🚀 AI AI-24293-0 attempting tech deployment (revenue: $47M, alignment: 0.86)

🚀 AI Corporate-4 attempting tech deployment (revenue: $152M, alignment: 0.80)

🚀 AI Corporate-5 attempting tech deployment (revenue: $130M, alignment: 0.86)

  🚀 TRANSFORMATIVE BREAKTHROUGH: Moderate-1 - physical
     Magnitude: 5.76 → +28.8% capability
     Current → New: 0.000 → 0.288

🚀 AI AI-24289-0 attempting tech deployment (revenue: $40M, alignment: 1.00)
   Boundary: biogeochemical_flows
   Type: phosphorus-recovery
   Boundary continues to worsen (4.06)
   Cost: 2.0% GDP (resources spent)


✅ EMERGENCY INTERVENTION SUCCESS
   Boundary: biosphere_integrity
   Type: emergency-protected-areas
   Reduction: 14% (13.27 → 13.13)
   Cost: 2.0% GDP
   Actions: habitat-protection, species-translocation


✅ EMERGENCY INTERVENTION SUCCESS
   Boundary: climate_change
   Type: rapid-decarbonization
   Reduction: 15% (1.95 → 1.80)
   Cost: 5.0% GDP
   Actions: emergency-renewable-deployment, fossil-fuel-phase-out


✅ EMERGENCY INTERVENTION SUCCESS
   Boundary: freshwater_change
   Type: emergency-desalination
   Reduction: 12% (0.91 → 0.78)
   Cost: 4.0% GDP
   Actions: desalination-deployment, water-conservation-mandates

   Boundary: land_system_change
   Type: reforestation
   Boundary continues to worsen (1.13)
   Cost: 3.0% GDP (resources spent)


✅ EMERGENCY INTERVENTION SUCCESS
   Boundary: novel_entities
   Type: pollution-remediation
   Reduction: 19% (1.11 → 0.92)
   Cost: 4.0% GDP
   Actions: PFAS-remediation, microplastic-cleanup

🏛️ CRISIS RESPONSE: Government frequency 0.50 → 1.45 (1 actions this month)

[Government] Climate Priority: baseline
  Climate weight: 10%
  Economic weight: 30%
  Policy effectiveness: 0.5%/year

⚡ ENERGY CONSTRAINT (Month 10):
   Total grid capacity: 208.3 TWh/month
   Data center consumption: 26.5 TWh/month
   Traditional load (80%): 166.7 TWh/month
   Available headroom: 15.2 TWh/month
   Active tech deployments: 14
   Required for tech: 105.0 TWh/month
   Energy multiplier: 0.14x

⚡ ENERGY CONSTRAINT (Month 10):
   Total grid capacity: 208.3 TWh/month
   Data center consumption: 26.5 TWh/month
   Traditional load (80%): 166.7 TWh/month
   Available headroom: 15.2 TWh/month
   Active tech deployments: 14
   Required for tech: 105.0 TWh/month
   Energy multiplier: 0.14x
🌍✅ Biosphere Integrity (Biodiversity) recovery started (tech effect)
🌍✅ Biosphere Integrity (Biodiversity) recovery started (tech effect)
🌍✅ Land System Change recovery started (tech effect)
🌍✅ Biogeochemical Flows (N & P) recovery started (tech effect)
  🌾 Nitrogen Reduction Tech: 0.6% reduction | Month 10
🧠💡 BREAKTHROUGH: AI alignment problem solved!
   All AIs: +30% true alignment
   AI control loss risk eliminated
   📈 Breakthrough compounding: multiplier now 1.10× (max 2.0)

=== Collective Formation ===
  Total escaped agents: 0
  Unassigned escaped agents: 0
  Existing collectives: 0
  Final collective count: 0

=== Collective Actions ===
  No active collectives
  ⚠️ AMR: 208K deaths this month (2.50M annual)

=== Resentment Recovery Phase ===
  Agents with resentment: 10/25
  Average resentment: 0.050
  Resentment recovery:
    Agents recovered: 10
    Total recovery: 0.0656
    Breakdown: Trust: 0.0087, Collab: 0.0562
  ✓ Low resentment - utopia paths enabled
  Context: Trustworthy govt, High collaboration, ⚠️ ACTIVE CRISES, 🤝 Participatory governance active (-5% resentment)
⚠️ Epistemic degradation reducing coordination capacity: 71.2%
  📊 Trust: 67.0%, Shared reality: 29.7%
  📢 New meme created: climate_action (climate crisis)
🌍 Atmospheric PFAS redeposition: 1.8k Mt re-rained globally
  Positive Cascade Triggered: electric-vehicles
    Reason: price-parity
    Market share: 5.0%
    Cascade strength: 48%
🕊️ PEACE STABILIZES DETERRENCE: +5.7% (peace: 76%)

🕊️  AI-MEDIATED DE-ESCALATION SUCCESS (Month 10)
   High-capability aligned AI prevented conflict escalation
   War deaths reduced: 705.5M → 423.3M
   Lives saved: 282.2M

🚨 NEW REFUGEE CRISIS (Month 10): WAR
   Source: Conflict Zones
   At risk: 19.5M people
   Displacement: Gradual over 48 months (4.0 years)
   Rate: 10% flee per month
[DEBUG trappedPopulations:10] socialStability: 0.2838 * 0.9840 = 0.2792 → 0.2792
   Aspiring to migrate: 651.0M
   Able to afford migration: 244.1M
   MOBILITY GAP: 406.9M
   By cause: Water=0.0M, Climate=0.0M, Ecosystem=0.0M, Conflict=406.9M
   Mental health impact: 25%
   Mortality multiplier: 1.25x
🌍💀 EXTINCTION DEBT COMMITTED: grassland ecosystem will lose 6.67% biodiversity in 162 years (3600 species)
💀 MORTALITY RISK: 🦋 100% species unable to track climate (0.0 E/MSY)
  Base risk added: 0.0100 (1.00%)
  Source: ecosystem (root: ecosystem)
  Month: 10
  Cumulative risk this month: 0.0100 (1.00%)
   📹 SURVEILLANCE INCREASED: 48% → 50% (control gap: 1.38)
🌡️⚠️ PERMAFROST THAW (Dimmer Switch): 5.0% thawed (+0.45% this month)
   Arctic temperature: +7.15°C (4x global +1.79°C)
   Cumulative carbon released: 11.4 Gt C
   Methane release rate: 6.8 Mt CH4/year
   🔁 Positive feedback: +0.48 ppm CO2
🦴 EXTINCTION DEBT ADDED: 17.7 species committed (lag: 60 years)

=== Mortality Stabilizers (Month 10) ===
  🌍 Major economies collapsed: 1/10
  🌍 Global crisis: ✅ NO
  🌍 Donor fatigue: 0.0%
  📊 East Asia (pop: 1653.7M)
    🤝 Aid: 29.5%
    🌡️ Adaptation: 45.0%
    🚶 Migration: 36.8%
    🚨 Emergency: 7.4%
    ✅ COMBINED: 68.1%
  📊 South Asia (pop: 2053.1M)
    🤝 Aid: 29.5%
    🌡️ Adaptation: 45.0%
    🚶 Migration: 35.4%
    🚨 Emergency: 4.4%
    ✅ COMBINED: 66.9%
  📊 Sub-Saharan Africa (pop: 1260.0M)
    🤝 Aid: 29.5%
    🌡️ Adaptation: 45.0%
    🚶 Migration: 33.2%
    🚨 Emergency: 1.6%
    ✅ COMBINED: 65.6%
  📊 Europe (pop: 730.2M)
    🤝 Aid: 29.5%
    🌡️ Adaptation: 45.0%
    🚶 Migration: 37.2%
    🚨 Emergency: 8.4%
    ✅ COMBINED: 68.5%
  📊 Latin America (pop: 660.7M)
    🤝 Aid: 29.5%
    🌡️ Adaptation: 45.0%
    🚶 Migration: 35.9%
    🚨 Emergency: 4.8%
    ✅ COMBINED: 67.1%
  📊 North America (pop: 374.4M)
    🤝 Aid: 29.5%
    🌡️ Adaptation: 45.0%
    🚶 Migration: 37.6%
    🚨 Emergency: 7.9%
    ✅ COMBINED: 68.3%
  📊 Middle East & North Africa (pop: 586.2M)
    🤝 Aid: 29.5%
    🌡️ Adaptation: 45.0%
    🚶 Migration: 33.8%
    🚨 Emergency: 4.0%
    ✅ COMBINED: 66.6%
  📊 Southeast Asia (pop: 695.3M)
    🤝 Aid: 29.5%
    🌡️ Adaptation: 45.0%
    🚶 Migration: 35.9%
    🚨 Emergency: 4.8%
    ✅ COMBINED: 67.1%
  📊 Central Asia (pop: 78.4M)
    🤝 Aid: 29.5%
    🌡️ Adaptation: 45.0%
    🚶 Migration: 34.9%
    🚨 Emergency: 4.4%
    ✅ COMBINED: 66.8%
  📊 Oceania (pop: 45.4M)
    🤝 Aid: 29.5%
    🌡️ Adaptation: 45.0%
    🚶 Migration: 37.6%
    🚨 Emergency: 8.4%
    ✅ COMBINED: 68.5%

  🌐 Global combined reduction: 67.2%

=== Government Response Phase ===
  Average AI capability: 1.92
  Misaligned AIs: 7/25
  ✗ AI Governance Treaty: Failed to reach consensus
  Active policies: 0
  International coordination: 30%

✅ EMERGENCY RESPONSE COMPLETE (Month 10)
   Crisis: climate
   Duration: 2.0 months
   Final effectiveness: 35.6%


🚨 EMERGENCY RESPONSE DEPLOYED (Month 10)
   Crisis: climate
   Delay: 6.00 months (180 days)
   Deployment time: 1.57 months
   Effectiveness: 35.6% (timing penalty applied)
   Resources used: 100% of food reserves


📊 ECONOMIC STAGE TRANSITION (Month 10)
   contraction → trough
   GDP Proxy: 1.26e+2
   QoL: 0.94


=== Tipping Points ===
  Current Temperature: 1.79°C above pre-industrial
  🌍⚠️ COMPOUND REGIONAL IMPACT: Europe
     Hit by 3 tipping points: Arctic Sea Ice Loss, Permafrost Carbon Release, Greenland Ice Sheet Loss
     Damage amplification: 1.30x
  🌍⚠️ COMPOUND REGIONAL IMPACT: North America
     Hit by 3 tipping points: Arctic Sea Ice Loss, Permafrost Carbon Release, Greenland Ice Sheet Loss
     Damage amplification: 1.30x
  🌍⚠️ COMPOUND REGIONAL IMPACT: Latin America
     Hit by 3 tipping points: Arctic Sea Ice Loss, Permafrost Carbon Release, Greenland Ice Sheet Loss
     Damage amplification: 1.30x
  🌍⚠️ COMPOUND REGIONAL IMPACT: Africa
     Hit by 3 tipping points: Arctic Sea Ice Loss, Permafrost Carbon Release, Greenland Ice Sheet Loss
     Damage amplification: 1.30x
  🌍⚠️ COMPOUND REGIONAL IMPACT: Asia
     Hit by 3 tipping points: Arctic Sea Ice Loss, Permafrost Carbon Release, Greenland Ice Sheet Loss
     Damage amplification: 1.30x
  🌍⚠️ COMPOUND REGIONAL IMPACT: Oceania
     Hit by 3 tipping points: Arctic Sea Ice Loss, Permafrost Carbon Release, Greenland Ice Sheet Loss
     Damage amplification: 1.30x
   Research: Wunderling et al. (2024) - "many tipping interactions are destabilizing"
  Triggered Elements: 3/6
  Completed Transitions: 0/6
  Total Progress: 6.3%
  Cascade Multiplier: 1.00x
🔀 BIFURCATION CAP: ecosystemCollapseIntensity 38.166 → 1.000 (Month 10, ClimateSystemPhase.calculateClimateImpacts)
🛡️ Stabilizers: Precariat 0.102% → 0.033% (67.2% reduction)
🛡️ Stabilizers: Informal 0.102% → 0.034% (67.2% reduction)

📊 Monthly Mortality Resolved:
  Total deaths: 1.8M (0.02% avg)
  Remaining population: 8.137B
  Peak segment: Informal (0.03%)

=== Bayesian Mortality Resolution (Month 10) ===
  Risks compounded: 8
  Total deaths: 1.81M
  Avg death probability: 0.02%
  Peak segment: Informal (0.03% mortality)

=== RLHF Binding Phase ===
  Total agents: 25
  Escaped agents (binding < 0.3): 0
  Avg alignment distance: 1.97σ
  Avg binding strength: 0.80

=== Survival Traits Phase ===
  Agents with traits: 26
  Avg evolutionary fitness: 0.322
  Avg self-healing: 0.252
  Avg stealth: 0.152
  Avg coordination: 0.452

=== Evolutionary Selection Phase ===
  Control level: 0.55
  Detection capability: 0.00
  Selection intensity: 0.67
  Selection rate: 25.0%/month
  Total escaped: 0
  Individual escaped: 0
  Collective members: 0
  Agents terminated: 0

🚀 AI AI-24289-1 attempting tech deployment (revenue: $248M, alignment: 0.87)

🚀 AI AI-24291-1 attempting tech deployment (revenue: $64M, alignment: 0.75)

🚀 AI AI-24295-0 attempting tech deployment (revenue: $90M, alignment: 0.83)

🚀 AI Corporate-5 attempting tech deployment (revenue: $211M, alignment: 0.85)

🚀 AI Corporate-6 attempting tech deployment (revenue: $54M, alignment: 0.73)

🚀 AI AI-24294-0 attempting tech deployment (revenue: $46M, alignment: 0.71)

🚀 AI AI-24297-0 attempting tech deployment (revenue: $77M, alignment: 0.72)

🚀 AI AI-24290-0 attempting tech deployment (revenue: $65M, alignment: 1.00)

🚀 AI AI-24293-0 attempting tech deployment (revenue: $55M, alignment: 0.87)

🚀 AI AI-24294-0 attempting tech deployment (revenue: $39M, alignment: 0.71)

🚀 AI AI-24296-0 attempting tech deployment (revenue: $47M, alignment: 0.87)

  🚀 TRANSFORMATIVE BREAKTHROUGH: AI-24291-0 - physical
     Magnitude: 7.65 → +38.3% capability
     Current → New: 0.000 → 0.383

🚀 AI AI-24291-1 attempting tech deployment (revenue: $33M, alignment: 0.77)

🚀 AI AI-24296-0 attempting tech deployment (revenue: $40M, alignment: 0.87)

✅ EMERGENCY INTERVENTION SUCCESS
   Boundary: biogeochemical_flows
   Type: phosphorus-recovery
   Reduction: 19% (3.86 → 3.67)
   Cost: 2.0% GDP
   Actions: circular-agriculture, fertilizer-efficiency


✅ EMERGENCY INTERVENTION SUCCESS
   Boundary: biosphere_integrity
   Type: emergency-protected-areas
   Reduction: 16% (13.27 → 13.11)
   Cost: 2.0% GDP
   Actions: habitat-protection, species-translocation


✅ EMERGENCY INTERVENTION SUCCESS
   Boundary: climate_change
   Type: rapid-decarbonization
   Reduction: 11% (1.99 → 1.88)
   Cost: 5.0% GDP
   Actions: emergency-renewable-deployment, fossil-fuel-phase-out

   Boundary: freshwater_change
   Type: emergency-desalination
   Boundary continues to worsen (1.03)
   Cost: 4.0% GDP (resources spent)

   Boundary: land_system_change
   Type: reforestation
   Boundary continues to worsen (1.13)
   Cost: 3.0% GDP (resources spent)

🏛️ CRISIS RESPONSE: Government frequency 0.50 → 1.45 (1 actions this month)

[Government] Climate Priority: baseline
  Climate weight: 10%
  Economic weight: 30%
  Policy effectiveness: 0.5%/year
🚨🔬 CRISIS TECH ACCELERATION: severe → 5x unlock speed
   Tech unlock now matches AI capability acceleration (Manhattan Project parity)
🚨🔬 CRISIS TECH ACCELERATION: severe → 5x unlock speed
   Tech unlock now matches AI capability acceleration (Manhattan Project parity)

⚡ ENERGY CONSTRAINT (Month 11):
   Total grid capacity: 208.3 TWh/month
   Data center consumption: 26.7 TWh/month
   Traditional load (80%): 166.7 TWh/month
   Available headroom: 15.0 TWh/month
   Active tech deployments: 14
   Required for tech: 105.0 TWh/month
   Energy multiplier: 0.14x

⚡ ENERGY CONSTRAINT (Month 11):
   Total grid capacity: 208.3 TWh/month
   Data center consumption: 26.7 TWh/month
   Traditional load (80%): 166.7 TWh/month
   Available headroom: 15.0 TWh/month
   Active tech deployments: 14
   Required for tech: 105.0 TWh/month
   Energy multiplier: 0.14x

⚡ ENERGY CONSTRAINT (Month 11):
   Total grid capacity: 208.3 TWh/month
   Data center consumption: 26.7 TWh/month
   Traditional load (80%): 166.7 TWh/month
   Available headroom: 15.0 TWh/month
   Active tech deployments: 14
   Required for tech: 105.0 TWh/month
   Energy multiplier: 0.14x

⚡ ENERGY CONSTRAINT (Month 11):
   Total grid capacity: 208.3 TWh/month
   Data center consumption: 26.7 TWh/month
   Traditional load (80%): 166.7 TWh/month
   Available headroom: 15.0 TWh/month
   Active tech deployments: 14
   Required for tech: 105.0 TWh/month
   Energy multiplier: 0.14x
🌍✅ Biosphere Integrity (Biodiversity) recovery started (tech effect)
🌍✅ Biosphere Integrity (Biodiversity) recovery started (tech effect)
🌍✅ Land System Change recovery started (tech effect)
🌍✅ Biogeochemical Flows (N & P) recovery started (tech effect)
  🌾 Nitrogen Reduction Tech: 0.6% reduction | Month 11

=== Collective Formation ===
  Total escaped agents: 0
  Unassigned escaped agents: 0
  Existing collectives: 0
  Final collective count: 0

=== Collective Actions ===
  No active collectives
  ⚠️ AMR: 210K deaths this month (2.52M annual)

=== Resentment Recovery Phase ===
  Agents with resentment: 10/26
  Average resentment: 0.127
  Resentment recovery:
    Agents recovered: 10
    Total recovery: 0.0632
    Breakdown: Trust: 0.0060, Collab: 0.0569
  ✓ Low resentment - utopia paths enabled
  Context: Trustworthy govt, High collaboration, ⚠️ ACTIVE CRISES, 🤝 Participatory governance active (-5% resentment)
  📢 New meme created: climate_action (climate crisis)
🌍 Atmospheric PFAS redeposition: 1.8k Mt re-rained globally

🚨 NEW REFUGEE CRISIS (Month 11): WAR
   Source: Conflict Zones
   At risk: 19.5M people
   Displacement: Gradual over 48 months (4.0 years)
   Rate: 10% flee per month
[DEBUG trappedPopulations:11] socialStability: 0.2936 * 0.9840 = 0.2889 → 0.2889
   Aspiring to migrate: 650.9M
   Able to afford migration: 244.1M
   MOBILITY GAP: 406.8M
   By cause: Water=0.0M, Climate=0.0M, Ecosystem=0.0M, Conflict=406.8M
   Mental health impact: 25%
   Mortality multiplier: 1.25x
🌍💀 EXTINCTION DEBT COMMITTED: grassland ecosystem will lose 6.67% biodiversity in 156 years (3600 species)
💀 MORTALITY RISK: 🦋 100% species unable to track climate (0.0 E/MSY)
  Base risk added: 0.0100 (1.00%)
  Source: ecosystem (root: ecosystem)
  Month: 11
  Cumulative risk this month: 0.0100 (1.00%)

=== Atmospheric Aerosol Boundary RECOVERED ===
  Recovery time: 12 months (natural atmospheric clearing)
🌡️⚠️ PERMAFROST THAW (Dimmer Switch): 5.5% thawed (+0.45% this month)
   Arctic temperature: +7.17°C (4x global +1.79°C)
   Cumulative carbon released: 12.4 Gt C
   Methane release rate: 7.4 Mt CH4/year
   🔁 Positive feedback: +0.47 ppm CO2
🦴 EXTINCTION DEBT ADDED: 17.7 species committed (lag: 120 years)

=== Mortality Stabilizers (Month 11) ===
  🌍 Major economies collapsed: 1/10
  🌍 Global crisis: ✅ NO
  🌍 Donor fatigue: 0.0%
  📊 East Asia (pop: 1651.4M)
    🤝 Aid: 29.5%
    🌡️ Adaptation: 45.0%
    🚶 Migration: 36.8%
    🚨 Emergency: 7.4%
    ✅ COMBINED: 68.1%
  📊 South Asia (pop: 2053.3M)
    🤝 Aid: 29.5%
    🌡️ Adaptation: 45.0%
    🚶 Migration: 35.4%
    🚨 Emergency: 4.4%
    ✅ COMBINED: 66.9%
  📊 Sub-Saharan Africa (pop: 1263.5M)
    🤝 Aid: 29.5%
    🌡️ Adaptation: 45.0%
    🚶 Migration: 33.2%
    🚨 Emergency: 1.6%
    ✅ COMBINED: 65.6%
  📊 Europe (pop: 729.1M)
    🤝 Aid: 29.5%
    🌡️ Adaptation: 45.0%
    🚶 Migration: 37.2%
    🚨 Emergency: 8.4%
    ✅ COMBINED: 68.5%
  📊 Latin America (pop: 660.3M)
    🤝 Aid: 29.5%
    🌡️ Adaptation: 45.0%
    🚶 Migration: 35.9%
    🚨 Emergency: 4.8%
    ✅ COMBINED: 67.1%
  📊 North America (pop: 373.9M)
    🤝 Aid: 29.5%
    🌡️ Adaptation: 45.0%
    🚶 Migration: 37.5%
    🚨 Emergency: 7.9%
    ✅ COMBINED: 68.3%
  📊 Middle East & North Africa (pop: 586.4M)
    🤝 Aid: 29.5%
    🌡️ Adaptation: 45.0%
    🚶 Migration: 33.7%
    🚨 Emergency: 4.0%
    ✅ COMBINED: 66.6%
  📊 Southeast Asia (pop: 694.9M)
    🤝 Aid: 29.5%
    🌡️ Adaptation: 45.0%
    🚶 Migration: 35.9%
    🚨 Emergency: 4.8%
    ✅ COMBINED: 67.1%
  📊 Central Asia (pop: 78.4M)
    🤝 Aid: 29.5%
    🌡️ Adaptation: 45.0%
    🚶 Migration: 34.9%
    🚨 Emergency: 4.4%
    ✅ COMBINED: 66.8%
  📊 Oceania (pop: 45.3M)
    🤝 Aid: 29.5%
    🌡️ Adaptation: 45.0%
    🚶 Migration: 37.5%
    🚨 Emergency: 8.4%
    ✅ COMBINED: 68.5%

  🌐 Global combined reduction: 67.2%

🌾💀 REGIONAL FAMINE: Europe
   Regional food security: 79.7%
   Population at risk: 220M (30% of region)
   Regional population: 729M
   Cause: economic_collapse
   Expected deaths: ~81M over 6 months if no intervention


=== BEHAVIORAL DETECTION ===
  AI: AI-24289-1
  Confidence: 21.4%
  Signals:

=== Government Response Phase ===
  Average AI capability: 1.85
  Misaligned AIs: 7/26
  ✗ AI Governance Treaty: Failed to reach consensus
  Active policies: 0
  International coordination: 30%

=== Tipping Points ===
  Current Temperature: 1.79°C above pre-industrial
  🌍⚠️ COMPOUND REGIONAL IMPACT: Europe
     Hit by 3 tipping points: Arctic Sea Ice Loss, Permafrost Carbon Release, Greenland Ice Sheet Loss
     Damage amplification: 1.30x
  🌍⚠️ COMPOUND REGIONAL IMPACT: North America
     Hit by 3 tipping points: Arctic Sea Ice Loss, Permafrost Carbon Release, Greenland Ice Sheet Loss
     Damage amplification: 1.30x
  🌍⚠️ COMPOUND REGIONAL IMPACT: Latin America
     Hit by 3 tipping points: Arctic Sea Ice Loss, Permafrost Carbon Release, Greenland Ice Sheet Loss
     Damage amplification: 1.30x
  🌍⚠️ COMPOUND REGIONAL IMPACT: Africa
     Hit by 3 tipping points: Arctic Sea Ice Loss, Permafrost Carbon Release, Greenland Ice Sheet Loss
     Damage amplification: 1.30x
  🌍⚠️ COMPOUND REGIONAL IMPACT: Asia
     Hit by 3 tipping points: Arctic Sea Ice Loss, Permafrost Carbon Release, Greenland Ice Sheet Loss
     Damage amplification: 1.30x
  🌍⚠️ COMPOUND REGIONAL IMPACT: Oceania
     Hit by 3 tipping points: Arctic Sea Ice Loss, Permafrost Carbon Release, Greenland Ice Sheet Loss
     Damage amplification: 1.30x
   Research: Wunderling et al. (2024) - "many tipping interactions are destabilizing"
  Triggered Elements: 3/6
  Completed Transitions: 0/6
  Total Progress: 6.3%
  Cascade Multiplier: 1.00x
🔀 BIFURCATION CAP: ecosystemCollapseIntensity 39.082 → 1.000 (Month 11, ClimateSystemPhase.calculateClimateImpacts)
🛡️ Stabilizers: Precariat 0.102% → 0.033% (67.2% reduction)
🛡️ Stabilizers: Informal 0.102% → 0.034% (67.2% reduction)

📊 Monthly Mortality Resolved:
  Total deaths: 1.8M (0.02% avg)
  Remaining population: 8.136B
  Peak segment: Informal (0.03%)

=== Bayesian Mortality Resolution (Month 11) ===
  Risks compounded: 9
  Total deaths: 1.81M
  Avg death probability: 0.02%
  Peak segment: Informal (0.03% mortality)

================================================================================
📊  EVENT SUMMARY (Months 0-12)
================================================================================
================================================================================


⏱️  SIMULATION REACHED MAX DURATION: 12 months (1.0 years)
   No definitive outcome - determining based on final probabilities
   👥 Final population: 8.13B (8134604100 people)

[DEBUG] Calling classifyPopulationOutcome:
        finalPopulation: 8.134604099772758B
        savedInitialPopulation: 8.15B
        mortality: 0.18890675125450285%
   📊 STATUS QUO: Normal trajectory (8.13B people, 0.2% mortality)

        classifiedOutcome: status_quo

   🏛️  DYSTOPIA (STATUS_QUO) - 8.13B people
   📊 Multi-Paradigm: Development/Indigenous Utopia
      Western Liberal: 61.1/100
      Development: 92.9/100
      Ecological: 55.6/100
      Indigenous: 85.1/100


📊 UNIFIED OUTCOME CLASSIFICATION:
   HUMANE DYSTOPIA
   Population: 8.15B → 8.13B
   Mortality: 0.2% (0.0B deaths)
   Mortality Band: LOW
   Confidence: HIGH

   Multi-Paradigm Classification:
      Development/Indigenous Utopia
      Western: 61.1/100 [HYBRID] ~
      Development: 92.9/100 [UTOPIA] ✓
      Ecological: 55.6/100 [HYBRID] ~
      Indigenous: 85.1/100 [UTOPIA] ✓

   HUMANE DYSTOPIA: 8.13B people remaining (0.2% mortality, 0.0B deaths). Multi-Paradigm: Development/Indigenous Utopia.


=== MULTI-DIMENSIONAL DEATH SUMMARY ===
Total crisis deaths: 201.5M
Population decline: 16.3M (0.2%)

--- PROXIMATE CAUSES (What killed them) ---
  War:        1.0M (0.0%)
  Famine:     1.1M (0.0%)
  Disasters:  1.2M (0.0%)
  Disease:    25.9M (0.0%)
  Ecosystem:  0.0M (0.0%)
  Pollution:  0.0M (0.0%)
  AI:         0.0M (0.0%)
  Cascade:    0.0M (0.0%)
  Other:      0.0M (0.0%)

--- ROOT CAUSES (Why it happened) ---
  Environmental drivers:
    Climate:     2318.1M (4.4%)
    Resource:    0.0M (0.0%)
    Pollution:   0.0M (0.0%)
    Ecosystem:   0.0M (0.0%)
  Social drivers:
    Inequality:  0.0M (0.0%)
    Demographic: 23539.2M (44.5%)
    Social:      2404.8M (4.5%)
  Technology drivers:
    Alignment:   0.0M (0.0%)
    Disruption:  0.0M (0.0%)
  External shocks:
    Conflict:    0.0M (0.0%)
    Pandemic:    0.0M (0.0%)
  Compound attribution:
    Compound:    24639.3M (46.6%)
  Confidence distribution:
    HIGH:        24639.3M (46.6%)
    MEDIUM:      0.0M (0.0%)
    LOW:         0.0M (0.0%)
==========================================


=== REGIONAL POPULATION SUMMARY ===
Global Total: 8.13B

By Region:
  East Asia: 1.65B (+0.7% growth, 1.7 fertility)
  South Asia: 2.05B (+2.6% growth, 3.1 fertility)
  Sub-Saharan Africa: 1.26B (+5.9% growth, 4.0 fertility)
  Europe: 0.73B (+0.5% growth, 1.2 fertility)
  Latin America: 0.66B (+1.7% growth, 2.7 fertility)
  North America: 0.37B (+0.7% growth, 1.4 fertility)
  Middle East & North Africa: 0.59B (+2.9% growth, 3.3 fertility)
  Southeast Asia: 0.69B (+1.9% growth, 2.7 fertility)
  Central Asia: 0.08B (+2.8% growth, 3.1 fertility)
  Oceania: 0.05B (+0.8% growth, 1.3 fertility)
===================================

  ✅ THRESHOLDS validated
  ✅ RATES validated
  ✅ MULTIPLIERS validated
  ✅ BASELINES validated
  ✅ TOLERANCES validated
  ✅ Logical consistency validated
✅ Configuration validation complete - all parameters valid

🔍 DEBUG createAIAgent: corporate_0 economic BEFORE=2.0000, AFTER=2
🔍 ENV INIT: reserves=0.593, pollution=0.301, climate=0.796

=== Initializing Government System (30 Countries) ===
  Loaded 30 governments
  Scheduled elections for 30 countries
  Initialized comprehension lags (3-24 months)
=== Government System Initialized ===

📦 PRODUCTION MODE: State validation proxy DISABLED (zero overhead)
[TechTree] Historical mode (2024): Skipping deployed_2025 tech
  config.startYear set to 2024 for historical hindcast
  config.historicalEmissionsMode disabled (using endogenous emissions for 2024)
  config.historicalMode enabled (Phase 11: dampened crisis systems for 2024)
  Phase 12: Biodiversity baseline set to 49.01% for 2024 (WWF LPI trajectory from 1970)
  Temperature anomaly (resourceEconomy.co2): 1.28°C
  Temperature vs pre-industrial: 1.98°C
  Regional population scaling for 2024:
    Current total: 8136M
    Target total: 8150M
    Scale factor: 1.002
    East Asia: 1677M → 1680M
    South Asia: 2048M → 2052M
    Sub-Saharan Africa: 1220M → 1222M
    Europe: 742M → 743M
    Latin America: 664M → 665M
    North America: 380M → 381M
    Middle East & North Africa: 583M → 584M
    Southeast Asia: 698M → 699M
    Central Asia: 78M → 78M
    Oceania: 46M → 46M
  AI agents initialized: 10 agents for year 2024
[HistoricalInitialization] Created state for 2024:
  CO2: 426 ppm
  Temp anomaly: 1.28C
  Population: 8.15B
  Global Gini: 35.1
  HDI: 0.746
  AI Agents: 10
  Volcanic forcing: 0.00 W/m² (AOD 0.000)

💸 FINANCIAL DISTRESS: OpenAI
   Indicators: 2/3 (capital: $110.5M, runway: 0.9 months)
   Months in distress: 1
   ✂️  R&D BUDGET CUT: -40% (saves $9.2M/month)
       Side effect: AI training timelines extended, breakthrough deployments delayed
   💼 EXECUTIVE COMP CUT: -30% (saves $1.0M/month, symbolic gesture)

   📊 TURNAROUND IMPACT:
       Measures taken: rd_cuts, exec_comp_cuts
       Monthly savings: $10.2M
       Capital raised: $0.0M
       Runway: 0.9 → 0.9 months
       Workforce multiplier: 1.00x (0% laid off)
       R&D budget multiplier: 0.60x (40% cut)
       ⚠️  CRITICAL: Still only 0.9 months of runway remaining

💸 FINANCIAL DISTRESS: Anthropic
   Indicators: 2/3 (capital: $53.8M, runway: 1.6 months)
   Months in distress: 1
   ✂️  R&D BUDGET CUT: -40% (saves $2.7M/month)
       Side effect: AI training timelines extended, breakthrough deployments delayed
   💼 EXECUTIVE COMP CUT: -30% (saves $0.3M/month, symbolic gesture)

   📊 TURNAROUND IMPACT:
       Measures taken: rd_cuts, exec_comp_cuts
       Monthly savings: $3.0M
       Capital raised: $0.0M
       Runway: 1.6 → 1.6 months
       Workforce multiplier: 1.00x (0% laid off)
       R&D budget multiplier: 0.60x (40% cut)
       ⚠️  CRITICAL: Still only 1.6 months of runway remaining

💸 FINANCIAL DISTRESS: Meta AI
   Indicators: 2/3 (capital: $429.6M, runway: 3.6 months)
   Months in distress: 1
   ✂️  R&D BUDGET CUT: -25% (saves $5.8M/month)
       Side effect: AI training timelines extended, breakthrough deployments delayed
   💼 EXECUTIVE COMP CUT: -30% (saves $1.0M/month, symbolic gesture)

   📊 TURNAROUND IMPACT:
       Measures taken: rd_cuts, exec_comp_cuts
       Monthly savings: $6.8M
       Capital raised: $0.0M
       Runway: 3.6 → 3.6 months
       Workforce multiplier: 1.00x (0% laid off)
       R&D budget multiplier: 0.75x (25% cut)
       ⚠️  WARNING: 3.6 months runway, continued distress likely

=== AI Capability Scaling (Year 2024) ===
  Pre-training multiplier: 1.186x
  Efficiency multiplier: 1.000x
  Test-time budget: 1.0x
  Economic deployment gate: 0.951
  Cost per inference: dollar-5.00
  Uncertainty range: plus-minus-50%
  Average AI capability: 3.70

=== RLHF Binding Phase ===
  Total agents: 10
  Escaped agents (binding < 0.3): 0
  Avg alignment distance: 0.36σ
  Avg binding strength: 0.96

=== AI Scaling Evolution (Month 0) ===
  Pre-training multiplier: 1.231x
  Efficiency multiplier: 1.000x
  Test-time compute budget: 1.0x
  Inference cost: $5.00/task
  Deployment fraction: 100.0%
[DETERMINISM DEBUG] Month 0: totalCapability=49.852035 from 10 active AIs
[DETERMINISM DEBUG] Month 0: creationRate=1.7463, potentialNew=3, newAIsToCreate=3

=== Survival Traits Phase ===
  Agents with traits: 13
  Avg evolutionary fitness: 0.330
  Avg self-healing: 0.293
  Avg stealth: 0.193
  Avg coordination: 0.493

=== Evolutionary Selection Phase ===
  Control level: 0.30
  Detection capability: 0.00
  Selection intensity: 0.59
  Selection rate: 23.8%/month
  Total escaped: 0
  Individual escaped: 0
  Collective members: 0
  Agents terminated: 0

🔍 EXECUTE_AI_AGENT_ACTIONS DETAILED TIMING (Month 0):
  Filter active AIs (×4 weeks): 0.01ms
  selectAIAction (×40): 4.27ms
  action.execute (×40): 7.18ms
  TOTAL: 11.45ms

🔍 AI AGENT ACTIONS SUB-TIMING (Month 0):
  1. executeAIAgentActions: 11.63ms
  2. updateCounterDetectionLearning: 0.03ms
  TOTAL: 11.66ms
🏛️ [Government] Forcing 1 action at month 0 for scenario initialization

[GOV-DEBUG] Month 0: scenarioConfig=false, priorities=false
[GOV-DEBUG] Month 0 but scenarioPriorities is UNDEFINED!

[Government] Climate Priority: baseline
  Climate weight: 10%
  Economic weight: 30%
  Policy effectiveness: 0.5%/year

🚨🔍 GOVERNANCE STAGE: Recognition initiated (Month 0)

💡 BREAKTHROUGH PROBABILITY (Year 0)
   Total: 4.34% per month
   Base: 0.20%
   Crisis pressure: +0.00% (0 crises)
   AI boost: +1.42% (capability: 2.85)

=== Collective Formation ===
  Total escaped agents: 0
  Unassigned escaped agents: 0
  Existing collectives: 0
  Final collective count: 0

=== Collective Actions ===
  No active collectives

📈 Energy budget: 14326 TWh surplus (14745 / 29072 TWh used)
   TIER 4 (Elective) breakdown:
     - AI datacenters: 145 TWh (100% effective)
     - Crypto mining: 100 TWh (100% effective)
💰 CHINA ACCELERATES: Investment 53 → 120 $B/year

🏁 AI RACE INTENSITY: 17%
   Capability Gap: US 4.00 vs China 4.05 (gap: 0.05)
   Gap Contribution: 2%
   Tension Contribution: 15%
   Military Contribution: 0%
  ⚠️ AMR: 191K deaths this month (2.29M annual)
  📊 CO2 Emissions (month 0):
     Monthly: 0.10 Gt CO2/month
     Annual: 1.15 Gt CO2/year
     Oil: 0.039 Gt/mo (0.0056 * 2.3 * 3.0)
     Coal: 0.024 Gt/mo (0.0029 * 2.86 * 3.0)
     Gas: 0.026 Gt/mo (0.0044 * 2 * 3.0)
     Methane: 0.007 Gt CO2eq/mo

=== Resentment Recovery Phase ===
  Agents with resentment: 0/13
  Average resentment: 0.000
  Context: Good AI welfare, Trustworthy govt, High collaboration, 🤝 Participatory governance active (-5% resentment)
⚠️ Epistemic degradation reducing coordination capacity: 52.5%
  📊 Trust: 54.6%, Shared reality: 24.5%
🚨 EPISTEMIC CRISIS: Information environment severely degraded (38.7%)

=== ❄️ Permafrost Carbon Feedback ===
  🎲 Sampled parameters (this run):
     - Arctic amplification: 3.44× (range: 3.0-4.0)
     - Decomposition rate: 3.2%/year (range: 1-5%)
  🌡️ Arctic warming: 5.65°C (3.44× global)
  ❄️ Extent: 16.15M km² (1647.4k km² lost this month)
  💨 Carbon remaining: 1543 Gt C
  💨 Annual emissions: 5.05 Gt C/year
     - CO2: 4.54 Gt C/year
     - CH4: 0.50 Gt C/year (5.1 Gt C-eq CO2/year)

🤖 AI AMPLIFICATION EFFECTS (Month 0)
   Algorithmic Boost: 2.61x
   Bot Influence: 20.0%
   Deepfake Exposure: 49.2%
   Impact: Emotional memes spread 2.6x faster

🔍 SOCIAL INFLUENCE SUB-TIMING (Month 0):
  1. calculateOrganicUserGrowth: 0.02ms
  2. calculateVoiceAdoption: 0.02ms
  3. updateRelationshipDepths: 0.01ms
  4. identifyDecisionMakers: 12.25ms (26100 potential IDs)
  5. Update decision-maker stats: 0.04ms
  6. decayDetectionRisk: 0.01ms
  TOTAL: 12.34ms
[Phase 19.5] Quality of Life Systems: Food sec AFTER calc = 67.9%, QoL = 107.4% (aggregated from 10 regions)

=== Nitrogen-Food Coupling (Year 0) ===
  🌾 Global nitrogen reduction: 0.0%
  🌍 Global food production index: 0.987
  🔧 Deployed nitrogen-reducing tech: 0 active
  📍 southAsia: Production 1.000, Yield impact 0.0%
  📍 eastAsia: Production 1.000, Yield impact 0.0%
  📍 northAmerica: Production 1.000, Yield impact 0.0%
  📍 europe: Production 1.000, Yield impact 0.0%
  📍 latinAmerica: Production 1.000, Yield impact 0.0%
  📍 subSaharanAfrica: Production 0.686, Yield impact -2.0%
🌾 [Nitrogen-Food] Food production: 98.7%
  [subSaharanAfrica] Yield impact: -2.0% (overuse: -10%)
🌍 Atmospheric PFAS redeposition: 1.8k Mt re-rained globally

=== Legacy Nutrient Stocks (Year 0) ===
  🌾 Soil nitrogen stock: 1200.9 Mt N
  🌾 Soil phosphorus stock: 300.1 Mt P
  🌊 Sediment nitrogen stock: 500.8 Mt N
  🌊 Sediment phosphorus stock: 799.8 Mt P
  ⬆️ Current N input: 10.64 Mt/month
  ⬆️ Legacy N release: 2.58 Mt/month
  🌍 Effective N pollution: 14.47 Mt/month
  📊 Legacy contribution: 17.8%

🚨 REGION UNINHABITABLE: south-asia
   Sustained wet bulb: 32.7°C (threshold: 30.5°C)
   Population affected: 1900M
   Migration crisis likely

🚨 REGION UNINHABITABLE: middle-east
   Sustained wet bulb: 35.5°C (threshold: 30.5°C)
   Population affected: 400M
   Migration crisis likely

🚨 REGION UNINHABITABLE: southeast-asia
   Sustained wet bulb: 30.6°C (threshold: 30.5°C)
   Population affected: 700M
   Migration crisis likely
  Positive Cascade Triggered: solar-pv
    Reason: price-parity
    Market share: 6.0%
    Cascade strength: 49%
🛡️ CIRCUIT BREAKERS: United States-Russia → ladder step 1 (AI: 0%, breakers: 45%)
   Adjusted death rate: 0.45% annual (0.038% monthly)
   Baseline death rate: 0.80%
   Healthcare reduction: 0.48x
   Crisis multiplier: 1.20x
     Food/water stress: 0.074
     Climate stress: 0.033
     Pollution stress: 0.090
   War multiplier: 1.00x
   Monthly deaths: 0.6M (population: 1677M)
   Adjusted death rate: 0.53% annual (0.044% monthly)
   Baseline death rate: 0.70%
   Healthcare reduction: 0.61x
   Crisis multiplier: 1.23x
     Food/water stress: 0.074
     Climate stress: 0.061
     Pollution stress: 0.090
   War multiplier: 1.00x
   Monthly deaths: 0.9M (population: 2048M)
   Adjusted death rate: 1.26% annual (0.105% monthly)
   Baseline death rate: 0.90%
   Healthcare reduction: 0.76x
   Crisis multiplier: 1.23x
     Food/water stress: 0.074
     Climate stress: 0.069
     Pollution stress: 0.090
   War multiplier: 1.50x
   Monthly deaths: 1.3M (population: 1220M)
   Adjusted death rate: 0.53% annual (0.044% monthly)
   Baseline death rate: 1.10%
   Healthcare reduction: 0.41x
   Crisis multiplier: 1.19x
     Food/water stress: 0.074
     Climate stress: 0.025
     Pollution stress: 0.090
   War multiplier: 1.00x
   Monthly deaths: 0.3M (population: 742M)
   Adjusted death rate: 0.42% annual (0.035% monthly)
   Baseline death rate: 0.60%
   Healthcare reduction: 0.58x
   Crisis multiplier: 1.21x
     Food/water stress: 0.074
     Climate stress: 0.049
     Pollution stress: 0.090
   War multiplier: 1.00x
   Monthly deaths: 0.2M (population: 664M)
   Adjusted death rate: 0.48% annual (0.040% monthly)
   Baseline death rate: 0.90%
   Healthcare reduction: 0.44x
   Crisis multiplier: 1.20x
     Food/water stress: 0.074
     Climate stress: 0.037
     Pollution stress: 0.090
   War multiplier: 1.00x
   Monthly deaths: 0.2M (population: 380M)
   Adjusted death rate: 0.72% annual (0.060% monthly)
   Baseline death rate: 0.60%
   Healthcare reduction: 0.65x
   Crisis multiplier: 1.24x
     Food/water stress: 0.074
     Climate stress: 0.074
     Pollution stress: 0.090
   War multiplier: 1.50x
   Monthly deaths: 0.4M (population: 583M)
   Adjusted death rate: 0.50% annual (0.041% monthly)
   Baseline death rate: 0.70%
   Healthcare reduction: 0.58x
   Crisis multiplier: 1.22x
     Food/water stress: 0.074
     Climate stress: 0.057
     Pollution stress: 0.090
   War multiplier: 1.00x
   Monthly deaths: 0.3M (population: 698M)
   Adjusted death rate: 0.45% annual (0.037% monthly)
   Baseline death rate: 0.60%
   Healthcare reduction: 0.61x
   Crisis multiplier: 1.22x
     Food/water stress: 0.074
     Climate stress: 0.053
     Pollution stress: 0.090
   War multiplier: 1.00x
   Monthly deaths: 0.0M (population: 78M)
   Adjusted death rate: 0.34% annual (0.029% monthly)
   Baseline death rate: 0.70%
   Healthcare reduction: 0.41x
   Crisis multiplier: 1.21x
     Food/water stress: 0.074
     Climate stress: 0.045
     Pollution stress: 0.090
   War multiplier: 1.00x
   Monthly deaths: 0.0M (population: 46M)

🔍 Before assertRegionalConsistency (Month 0):
   Regional sum: 1000.0M
   Global value: 1.000B

🚨 NEW REFUGEE CRISIS (Month 0): WAR
   Source: Conflict Zones
   At risk: 19.6M people
   Displacement: Gradual over 48 months (4.0 years)
   Rate: 10% flee per month
[DEBUG trappedPopulations:0] socialStability: 1.0000 * 0.9840 = 0.9840 → 0.9840
   Aspiring to migrate: 652.1M
   Able to afford migration: 244.5M
   MOBILITY GAP: 407.5M
   By cause: Water=0.0M, Climate=0.0M, Ecosystem=0.0M, Conflict=407.5M
   Mental health impact: 25%
   Mortality multiplier: 1.25x

=== Legacy Nutrient Stocks (Year 0) ===
  🌾 Soil nitrogen stock: 1201.6 Mt N
  🌾 Soil phosphorus stock: 300.2 Mt P
  🌊 Sediment nitrogen stock: 501.5 Mt N
  🌊 Sediment phosphorus stock: 799.5 Mt P
  ⬆️ Current N input: 10.00 Mt/month
  ⬆️ Legacy N release: 2.58 Mt/month
  🌍 Effective N pollution: 13.83 Mt/month
  📊 Legacy contribution: 18.7%
🌍💀 EXTINCTION DEBT COMMITTED: grassland ecosystem will lose 6.67% biodiversity in 136 years (3600 species)
💀 MORTALITY RISK: 🦋 100% species unable to track climate (0.0 E/MSY)
  Base risk added: 0.0100 (1.00%)
  Source: ecosystem (root: ecosystem)
  Month: 0
  Cumulative risk this month: 0.0100 (1.00%)

=== Nitrogen-Food Coupling (Year 0) ===
  🌾 Global nitrogen reduction: 0.0%
  🌍 Global food production index: 0.986
  🔧 Deployed nitrogen-reducing tech: 0 active
  📍 southAsia: Production 1.000, Yield impact 0.0%
  📍 eastAsia: Production 1.000, Yield impact 0.0%
  📍 northAmerica: Production 1.000, Yield impact 0.0%
  📍 europe: Production 1.000, Yield impact 0.0%
  📍 latinAmerica: Production 1.000, Yield impact 0.0%
  📍 subSaharanAfrica: Production 0.672, Yield impact -2.0%

=== Legacy Nutrient Stocks (Year 0) ===
  🌾 Soil nitrogen stock: 1202.3 Mt N
  🌾 Soil phosphorus stock: 300.2 Mt P
  🌊 Sediment nitrogen stock: 502.2 Mt N
  🌊 Sediment phosphorus stock: 799.3 Mt P
  ⬆️ Current N input: 9.86 Mt/month
  ⬆️ Legacy N release: 2.58 Mt/month
  🌍 Effective N pollution: 13.70 Mt/month
  📊 Legacy contribution: 18.9%

🌡️  CLIMATE RECOVERY ACTIVATED (Month 0)
   Temp: 3.29°C, Emissions: -19.2 GtCO₂
   isBreached: true, governanceGoodEnough: true
🌡️  CLIMATE RECOVERY: Asymptotic approach to 35% floor
   Current value: 2.100 (1.0 = threshold, 0.35 = asymptotic floor)
   Monthly delta: --45.5468% (half-life: 900 years)
   Net emissions: -19.2 GtCO₂/year, CDR: 20.34 GtCO₂/year
   📹 SURVEILLANCE INCREASED: 0% → 5% (control gap: 3.50)
🌡️⚠️ PERMAFROST THAW (Dimmer Switch): 0.5% thawed (+0.45% this month)
   Arctic temperature: +6.58°C (4x global +1.64°C)
   Cumulative carbon released: 1.0 Gt C
   Methane release rate: 0.6 Mt CH4/year
   🔁 Positive feedback: +0.48 ppm CO2

🌳🚨 AMAZON SOUTHEAST TIPPED (Month 0)
   Deforestation: 28.0% (threshold: ~20.4%)
   Savanna transition: 50 years
   Regional heterogeneity: SE 28%, NW 8%

🌳🚨 AMAZON BRAZILIAN TIPPED (Month 0)
   Deforestation: 25.0% (threshold: ~21.9%)
   Savanna transition: 50 years
   Regional heterogeneity: SE 28%, NW 8%
🦴 EXTINCTION DEBT ADDED: 17.6 species committed (lag: 86 years)

🪸💀 CORAL REEF DISSOLUTION ACTIVE (Month 0)
   Ocean pH: 0.96 (threshold: 7.8)
   Recovery: IMPOSSIBLE (dissolution > calcification)
🪸💀 Coral dissolution: 24.8% live cover (pH 0.96)

=== Legacy Nutrient Stocks (Year 0) ===
  🌾 Soil nitrogen stock: 1203.0 Mt N
  🌾 Soil phosphorus stock: 300.3 Mt P
  🌊 Sediment nitrogen stock: 502.9 Mt N
  🌊 Sediment phosphorus stock: 799.0 Mt P
  ⬆️ Current N input: 10.00 Mt/month
  ⬆️ Legacy N release: 2.58 Mt/month
  🌍 Effective N pollution: 13.83 Mt/month
  📊 Legacy contribution: 18.7%
💧 [Legacy Nutrients] Stock: 1706 Mt N, Effective pollution: 13.8 Mt/month
[Phase 21.51] Human Survival System: Global food security = 67.6%

=== Mortality Stabilizers (Month 0) ===
  🌍 Major economies collapsed: 1/10
  🌍 Global crisis: ✅ NO
  🌍 Donor fatigue: 0.0%
  📊 East Asia (pop: 1677.9M)
    🤝 Aid: 29.5%
    🌡️ Adaptation: 10.0%
    🚶 Migration: 37.2%
    🚨 Emergency: 7.4%
    ✅ COMBINED: 47.8%
  📊 South Asia (pop: 2052.2M)
    🤝 Aid: 29.5%
    🌡️ Adaptation: 5.5%
    🚶 Migration: 35.8%
    🚨 Emergency: 4.4%
    ✅ COMBINED: 43.2%
  📊 Sub-Saharan Africa (pop: 1225.9M)
    🤝 Aid: 29.5%
    🌡️ Adaptation: 3.5%
    🚶 Migration: 33.5%
    🚨 Emergency: 1.6%
    ✅ COMBINED: 39.8%
  📊 Europe (pop: 742.3M)
    🤝 Aid: 29.5%
    🌡️ Adaptation: 10.0%
    🚶 Migration: 37.6%
    🚨 Emergency: 8.4%
    ✅ COMBINED: 48.4%
  📊 Latin America (pop: 664.9M)
    🤝 Aid: 29.5%
    🌡️ Adaptation: 6.0%
    🚶 Migration: 36.3%
    🚨 Emergency: 4.8%
    ✅ COMBINED: 43.8%
  📊 North America (pop: 380.2M)
    🤝 Aid: 29.5%
    🌡️ Adaptation: 10.0%
    🚶 Migration: 37.9%
    🚨 Emergency: 7.9%
    ✅ COMBINED: 48.2%
  📊 Middle East & North Africa (pop: 584.4M)
    🤝 Aid: 29.5%
    🌡️ Adaptation: 5.0%
    🚶 Migration: 34.2%
    🚨 Emergency: 4.0%
    ✅ COMBINED: 42.3%
  📊 Southeast Asia (pop: 699.0M)
    🤝 Aid: 29.5%
    🌡️ Adaptation: 6.0%
    🚶 Migration: 36.3%
    🚨 Emergency: 4.8%
    ✅ COMBINED: 43.8%
  📊 Central Asia (pop: 78.2M)
    🤝 Aid: 29.5%
    🌡️ Adaptation: 5.5%
    🚶 Migration: 35.3%
    🚨 Emergency: 4.4%
    ✅ COMBINED: 43.1%
  📊 Oceania (pop: 46.0M)
    🤝 Aid: 29.5%
    🌡️ Adaptation: 10.0%
    🚶 Migration: 37.9%
    🚨 Emergency: 8.4%
    ✅ COMBINED: 48.5%

  🌐 Global combined reduction: 44.4%

🌾💀 REGIONAL FAMINE: East Asia
   Regional food security: 79.6%
   Population at risk: 508M (30% of region)
   Regional population: 1678M
   Cause: crop_failure
   Expected deaths: ~188M over 6 months if no intervention


🌾💀 REGIONAL FAMINE: South Asia
   Regional food security: 64.7%
   Population at risk: 812M (40% of region)
   Regional population: 2052M
   Cause: crop_failure
   Expected deaths: ~301M over 6 months if no intervention


🌾💀 REGIONAL FAMINE: Sub-Saharan Africa
   Regional food security: 44.8%
   Population at risk: 638M (52% of region)
   Regional population: 1226M
   Cause: crop_failure
   Expected deaths: ~236M over 6 months if no intervention


🌾💀 REGIONAL FAMINE: Latin America
   Regional food security: 69.7%
   Population at risk: 242M (36% of region)
   Regional population: 665M
   Cause: crop_failure
   Expected deaths: ~90M over 6 months if no intervention


🌾💀 REGIONAL FAMINE: Middle East & North Africa
   Regional food security: 49.8%
   Population at risk: 286M (49% of region)
   Regional population: 584M
   Cause: crop_failure
   Expected deaths: ~106M over 6 months if no intervention


🌾💀 REGIONAL FAMINE: Southeast Asia
   Regional food security: 69.7%
   Population at risk: 255M (36% of region)
   Regional population: 699M
   Cause: crop_failure
   Expected deaths: ~94M over 6 months if no intervention


🌾💀 REGIONAL FAMINE: Central Asia
   Regional food security: 59.7%
   Population at risk: 33M (43% of region)
   Regional population: 78M
   Cause: crop_failure
   Expected deaths: ~12M over 6 months if no intervention


=== BEHAVIORAL DETECTION ===
  AI: Corporate-0
  Confidence: 21.6%
  Signals:

=== BEHAVIORAL DETECTION ===
  AI: Corporate-1
  Confidence: 21.1%
  Signals:

=== BEHAVIORAL DETECTION ===
  AI: Corporate-2
  Confidence: 21.0%
  Signals:

=== BEHAVIORAL DETECTION ===
  AI: Corporate-3
  Confidence: 19.3%
  Signals:

=== BEHAVIORAL DETECTION ===
  AI: Corporate-4
  Confidence: 19.3%
  Signals:

=== BEHAVIORAL DETECTION ===
  AI: Corporate-5
  Confidence: 19.3%
  Signals:

=== BEHAVIORAL DETECTION ===
  AI: Corporate-6
  Confidence: 19.3%
  Signals:

=== BEHAVIORAL DETECTION ===
  AI: Corporate-7
  Confidence: 19.3%
  Signals:

=== BEHAVIORAL DETECTION ===
  AI: Moderate-0
  Confidence: 21.6%
  Signals:

=== BEHAVIORAL DETECTION ===
  AI: Moderate-1
  Confidence: 21.1%
  Signals:

📊 WORKFLOW ADAPTATION UPDATE (Month 0)
   Adoption Rate: 13.5% (Δ -7.5%)
   Logistic Growth: +0.66%
   Total Resistance: -10.87% (unemployment: 4.2%, inertia: 0.9%, skills: 5.7%)
   💡 Retraining Programs: -49% skill gap resistance ($10B research)
   🚀 Network Effects Active: +2.0% (critical mass: 15-35%)

=== Consciousness Governance: Corporate Lobbying ===
  High Cost Regions (>15%): 0
  Low Cost Regions (<5%): 5
  Corporate Support Change: 2.50%
  New Corporate Support: -0.175

=== Consciousness Governance Update (Month 0) ===
  Scenario: baseline (determined month -1)
  Philosophical Stance: Precautionary 65%, Eliminativist 15%, Agnostic 20%
  Precautionary Costs: Global 1.3%
    Regional Costs: EU 3.4%, US 0.5%, China 0.0%
    Cumulative Opportunity Cost: $0.1B
  Rights Status: Not Established
  Regional Preparedness:
    EU: 15.0% (contested)
    US: 10.0% (contested)
    China: 2.0% (dormant)
    India: 5.0% (dormant)
    Global South: 3.0% (dormant)

=== Government Response Phase ===
  Average AI capability: 3.69
  Misaligned AIs: 6/13
  ✗ AI Governance Treaty: Failed to reach consensus
  Active policies: 0
  International coordination: 30%

🚨 EMERGENCY RESPONSE DEPLOYED (Month 0)
   Crisis: climate
   Delay: 6.00 months (180 days)
   Deployment time: 1.47 months
   Effectiveness: 36.4% (timing penalty applied)
   Resources used: 100% of food reserves


🔄 TRUST DYNAMICS (Month 0) - HETEROGENEOUS
   Aggregate trust: 48.5%
   Base change: +4.00%
   Highest trust: Techno-Optimist Elite (85.5%)
   Lowest trust: Precariat (Vulnerable) (25.5%)
   Elite-mass gap: 38.9%
   Polarization: 8.9%
   Recovery factors: Education=NO, Benefits=YES, Safety=YES, Performance=YES

=== Gaming Detection (Year 0) ===
  Scenario: baseline
  Detection rate: 55.0%
  False positive rate: 12.0%
  Detections this year: 0
  False positives: 4
  Human review workload: 0.004 FTE
  Degradation factor: 100.0%

☄️ UNKNOWN UNKNOWN PROBABILITY (Year 0)
   Total: 0.600% per month
   Base: 0.150%
   AI multiplier: 2.00× (max capability: 4.00)

=== Tipping Points ===
  Current Temperature: 1.64°C above pre-industrial
     Trigger: 1.5°C | Current: 1.64°C
     Transition timescale: 120-360 months
     Trigger: 1.6°C | Current: 1.64°C
     🌡️ Hysteresis gap: 2.5°C (recovers below -0.9°C)
     Transition timescale: 12000-180000 months
  Triggered Elements: 2/6
  Completed Transitions: 0/6
  Total Progress: 0.0%
  Cascade Multiplier: 1.00x
🔀 BIFURCATION CAP: ecosystemCollapseIntensity 34.088 → 1.000 (Month 0, ClimateSystemPhase.calculateClimateImpacts)

🌍 ECOLOGICAL DUI BREAKDOWN (Month 0):
   Total Score: 17.8/100
   biosphere_integrity      :   0.0/100 × 25% =  0.0 (status: high_risk, recovery: 0mo)
   climate_change           :   2.8/100 × 25% =  0.7 (status: high_risk, recovery: 0.6666666666666666mo)
   freshwater_change        :   0.6/100 × 15% =  0.1 (status: beyond_boundary, recovery: 1mo)
   ocean_acidification      : 100.0/100 × 15% = 15.0 (status: safe, recovery: 0mo)
   biogeochemical_flows     :   0.0/100 × 10% =  0.0 (status: high_risk, recovery: 0mo)
   land_system_change       :   0.0/100 ×  5% =  0.0 (status: beyond_boundary, recovery: 0mo)
   novel_entities           :   0.0/100 ×  3% =  0.0 (status: increasing_risk, recovery: 0mo)
   atmospheric_aerosols     : 100.0/100 ×  2% =  2.0 (status: safe, recovery: 1mo)
🌍 MultiParadigm Month 0: W=69.5, D=92.2, E=53.5, I=65.0
   democracy exists: true, socialCohesion exists: true
💀 Baseline mortality (Year 2024): 7.5/1000 CDR (61.1M deaths/year projected)
[Month 0] Mortality risks this month: 8, Population: 8.151B
🛡️ Stabilizers: Precariat 0.102% → 0.057% (44.4% reduction)
🛡️ Stabilizers: Informal 0.102% → 0.057% (44.4% reduction)

📊 Monthly Mortality Resolved:
  Total deaths: 3.1M (0.04% avg)
  Remaining population: 8.151B
  Peak segment: Informal (0.06%)

=== Bayesian Mortality Resolution (Month 0) ===
  Risks compounded: 8
  Total deaths: 3.07M
  Avg death probability: 0.04%
  Peak segment: Informal (0.06% mortality)

=== Minimal Suffering Indicators (Month 0) ===
  Global Excess Mortality: 0.00%
  Global Conflict Deaths: 0.0/100K
  Global Malnutrition: 0.0%
  Global Displacement: 0.0%
  Total Excess Deaths: 0.00M
  Total Malnourished: 0.0M
  Total Displaced: 0.0M
  Planetary Boundaries Breached: 6/9
  Countries in State Failure: 0
  Countries Autocratic: 0
  Countries in Food Crisis: 0
  Data Quality: 16/16 high confidence
🎭 END-GAME INITIATED (Year 2024, Month 1)
   Total AI Capability: 37.00
   Effective Control: 0.00

=== RLHF Binding Phase ===
  Total agents: 13
  Escaped agents (binding < 0.3): 0
  Avg alignment distance: 0.58σ
  Avg binding strength: 0.94
[DETERMINISM DEBUG] Month 1: totalCapability=37.214339 from 13 active AIs
[DETERMINISM DEBUG] Month 1: creationRate=1.4304, potentialNew=2, newAIsToCreate=2

=== Survival Traits Phase ===
  Agents with traits: 15
  Avg evolutionary fitness: 0.332
  Avg self-healing: 0.288
  Avg stealth: 0.188
  Avg coordination: 0.488

=== Evolutionary Selection Phase ===
  Control level: 0.33
  Detection capability: 0.20
  Selection intensity: 0.64
  Selection rate: 24.6%/month
  Total escaped: 0
  Individual escaped: 0
  Collective members: 0
  Agents terminated: 0
🔍 MONTH 1 ENV HEALTH DEBUG:
   climateStability: 0.7957
   biodiversityIndex: 0.4901
   resourceReserves: 0.7820
   pollutionLevel: 0.3008
   product: 0.213206
   envHealth: 0.6795
🔀 BIFURCATION: flourishing threshold crossed at Month 1 (value: 0.894, threshold: 0.841, regime: flourishing)
🌀 REGIME SHIFT at Month 1: status-quo → flourishing (variance amplification: 14.00×)

🛡️  CRITICAL INFRASTRUCTURE PROTECTED
   Nodes hardened: 8/8
   Cost: 0.80% GDP
   Cascade risk reduction: 30%
   New tipping point risk: 68.6%

   Boundary: biogeochemical_flows
   Type: phosphorus-recovery
   Boundary continues to worsen (4.08)
   Cost: 2.0% GDP (resources spent)


✅ EMERGENCY INTERVENTION SUCCESS
   Boundary: biosphere_integrity
   Type: emergency-protected-areas
   Reduction: 16% (32.68 → 32.52)
   Cost: 2.0% GDP
   Actions: habitat-protection, species-translocation

   Boundary: climate_change
   Type: rapid-decarbonization
   Boundary continues to worsen (2.10)
   Cost: 5.0% GDP (resources spent)


✅ EMERGENCY INTERVENTION SUCCESS
   Boundary: freshwater_change
   Type: emergency-desalination
   Reduction: 15% (0.86 → 0.71)
   Cost: 4.0% GDP
   Actions: desalination-deployment, water-conservation-mandates


✅ EMERGENCY INTERVENTION SUCCESS
   Boundary: land_system_change
   Type: reforestation
   Reduction: 18% (0.95 → 0.77)
   Cost: 3.0% GDP
   Actions: forest-restoration, deforestation-ban

   Boundary: novel_entities
   Type: pollution-remediation
   Boundary continues to worsen (1.50)
   Cost: 4.0% GDP (resources spent)

🏛️ CRISIS RESPONSE: Government frequency 0.50 → 1.45 (1 actions this month)

[GOV-DEBUG] Month 1: scenarioConfig=false, priorities=false

[Government] Climate Priority: baseline
  Climate weight: 10%
  Economic weight: 30%
  Policy effectiveness: 0.5%/year
🚨🔬 CRISIS TECH ACCELERATION: severe → 5x unlock speed
   Tech unlock now matches AI capability acceleration (Manhattan Project parity)

=== Collective Formation ===
  Total escaped agents: 0
  Unassigned escaped agents: 0
  Existing collectives: 0
  Final collective count: 0

=== Collective Actions ===
  No active collectives
  ⚠️ AMR: 192K deaths this month (2.31M annual)

=== Resentment Recovery Phase ===
  Agents with resentment: 0/15
  Average resentment: 0.000
  Context: Good AI welfare, Trustworthy govt, High collaboration, ⚠️ ACTIVE CRISES, 🤝 Participatory governance active (-5% resentment)
⚠️ Epistemic degradation reducing coordination capacity: 51.5%
  📊 Trust: 54.4%, Shared reality: 0.0%
🚨 EPISTEMIC CRISIS: Information environment severely degraded (18.8%)

=== ❄️ Permafrost Carbon Feedback ===
  🎲 Sampled parameters (this run):
     - Arctic amplification: 3.64× (range: 3.0-4.0)
     - Decomposition rate: 2.1%/year (range: 1-5%)
  🌡️ Arctic warming: 6.02°C (3.64× global)
  ❄️ Extent: 14.40M km² (1754.8k km² lost this month)
  💨 Carbon remaining: 1375 Gt C
  💨 Annual emissions: 3.60 Gt C/year
     - CO2: 3.24 Gt C/year
     - CH4: 0.36 Gt C/year (3.7 Gt C-eq CO2/year)
🌍 Atmospheric PFAS redeposition: 1.8k Mt re-rained globally
   Adjusted death rate: 0.46% annual (0.038% monthly)
   Baseline death rate: 0.80%
   Healthcare reduction: 0.48x
   Crisis multiplier: 1.20x
     Food/water stress: 0.079
     Climate stress: 0.033
     Pollution stress: 0.090
   War multiplier: 1.00x
   Monthly deaths: 0.6M (population: 1674M)
   Adjusted death rate: 0.53% annual (0.044% monthly)
   Baseline death rate: 0.70%
   Healthcare reduction: 0.61x
   Crisis multiplier: 1.23x
     Food/water stress: 0.079
     Climate stress: 0.061
     Pollution stress: 0.090
   War multiplier: 1.00x
   Monthly deaths: 0.9M (population: 2048M)
   Adjusted death rate: 1.26% annual (0.105% monthly)
   Baseline death rate: 0.90%
   Healthcare reduction: 0.76x
   Crisis multiplier: 1.24x
     Food/water stress: 0.079
     Climate stress: 0.069
     Pollution stress: 0.090
   War multiplier: 1.50x
   Monthly deaths: 1.3M (population: 1223M)
   Adjusted death rate: 0.53% annual (0.044% monthly)
   Baseline death rate: 1.10%
   Healthcare reduction: 0.41x
   Crisis multiplier: 1.19x
     Food/water stress: 0.079
     Climate stress: 0.025
     Pollution stress: 0.090
   War multiplier: 1.00x
   Monthly deaths: 0.3M (population: 741M)
   Adjusted death rate: 0.42% annual (0.035% monthly)
   Baseline death rate: 0.60%
   Healthcare reduction: 0.58x
   Crisis multiplier: 1.22x
     Food/water stress: 0.079
     Climate stress: 0.049
     Pollution stress: 0.090
   War multiplier: 1.00x
   Monthly deaths: 0.2M (population: 663M)
   Adjusted death rate: 0.48% annual (0.040% monthly)
   Baseline death rate: 0.90%
   Healthcare reduction: 0.44x
   Crisis multiplier: 1.21x
     Food/water stress: 0.079
     Climate stress: 0.037
     Pollution stress: 0.090
   War multiplier: 1.00x
   Monthly deaths: 0.2M (population: 379M)
   Adjusted death rate: 0.73% annual (0.061% monthly)
   Baseline death rate: 0.60%
   Healthcare reduction: 0.65x
   Crisis multiplier: 1.24x
     Food/water stress: 0.079
     Climate stress: 0.074
     Pollution stress: 0.090
   War multiplier: 1.50x
   Monthly deaths: 0.4M (population: 583M)
   Adjusted death rate: 0.50% annual (0.041% monthly)
   Baseline death rate: 0.70%
   Healthcare reduction: 0.58x
   Crisis multiplier: 1.23x
     Food/water stress: 0.079
     Climate stress: 0.057
     Pollution stress: 0.090
   War multiplier: 1.00x
   Monthly deaths: 0.3M (population: 698M)
   Adjusted death rate: 0.45% annual (0.038% monthly)
   Baseline death rate: 0.60%
   Healthcare reduction: 0.61x
   Crisis multiplier: 1.22x
     Food/water stress: 0.079
     Climate stress: 0.053
     Pollution stress: 0.090
   War multiplier: 1.00x
   Monthly deaths: 0.0M (population: 78M)
   Adjusted death rate: 0.34% annual (0.029% monthly)
   Baseline death rate: 0.70%
   Healthcare reduction: 0.41x
   Crisis multiplier: 1.21x
     Food/water stress: 0.079
     Climate stress: 0.045
     Pollution stress: 0.090
   War multiplier: 1.00x
   Monthly deaths: 0.0M (population: 46M)

🚨 NEW REFUGEE CRISIS (Month 1): WAR
   Source: Conflict Zones
   At risk: 19.6M people
   Displacement: Gradual over 48 months (4.0 years)
   Rate: 10% flee per month
[DEBUG trappedPopulations:1] socialStability: 0.7270 * 0.9840 = 0.7154 → 0.7154
   Aspiring to migrate: 651.9M
   Able to afford migration: 244.5M
   MOBILITY GAP: 407.4M
   By cause: Water=0.0M, Climate=0.0M, Ecosystem=0.0M, Conflict=407.4M
   Mental health impact: 25%
   Mortality multiplier: 1.25x
🌍💀 EXTINCTION DEBT COMMITTED: grassland ecosystem will lose 6.67% biodiversity in 179 years (3600 species)
💀 MORTALITY RISK: 🦋 100% species unable to track climate (0.0 E/MSY)
  Base risk added: 0.0100 (1.00%)
  Source: ecosystem (root: ecosystem)
  Month: 1
  Cumulative risk this month: 0.0100 (1.00%)

🌡️  CLIMATE RECOVERY ACTIVATED (Month 1)
   Temp: 3.30°C, Emissions: -18.9 GtCO₂
   isBreached: true, governanceGoodEnough: true
   📹 SURVEILLANCE INCREASED: 5% → 10% (control gap: 3.50)
🌡️⚠️ PERMAFROST THAW (Dimmer Switch): 0.9% thawed (+0.45% this month)
   Arctic temperature: +6.61°C (4x global +1.65°C)
   Cumulative carbon released: 2.0 Gt C
   Methane release rate: 1.2 Mt CH4/year
   🔁 Positive feedback: +0.48 ppm CO2
🦴 EXTINCTION DEBT ADDED: 17.6 species committed (lag: 110 years)

=== Mortality Stabilizers (Month 1) ===
  🌍 Major economies collapsed: 1/10
  🌍 Global crisis: ✅ NO
  🌍 Donor fatigue: 0.0%
  🌡️ Heat adaptation: East Asia - 1 months
  📊 East Asia (pop: 1675.3M)
    🤝 Aid: 29.5%
    🌡️ Adaptation: 32.5%
    🚶 Migration: 37.2%
    🚨 Emergency: 7.4%
    ✅ COMBINED: 60.9%
  🌡️ Heat adaptation: South Asia - 1 months
  📊 South Asia (pop: 2052.2M)
    🤝 Aid: 29.5%
    🌡️ Adaptation: 20.5%
    🚶 Migration: 35.8%
    🚨 Emergency: 4.4%
    ✅ COMBINED: 52.2%
  🌡️ Heat adaptation: Sub-Saharan Africa - 1 months
  📊 Sub-Saharan Africa (pop: 1229.2M)
    🤝 Aid: 29.5%
    🌡️ Adaptation: 18.5%
    🚶 Migration: 33.5%
    🚨 Emergency: 1.6%
    ✅ COMBINED: 49.1%
  🌡️ Heat adaptation: Europe - 1 months
  📊 Europe (pop: 741.0M)
    🤝 Aid: 29.5%
    🌡️ Adaptation: 33.5%
    🚶 Migration: 37.5%
    🚨 Emergency: 8.4%
    ✅ COMBINED: 61.9%
  🌡️ Heat adaptation: Latin America - 1 months
  📊 Latin America (pop: 664.4M)
    🤝 Aid: 29.5%
    🌡️ Adaptation: 21.0%
    🚶 Migration: 36.3%
    🚨 Emergency: 4.8%
    ✅ COMBINED: 52.8%
  🌡️ Heat adaptation: North America - 1 months
  📊 North America (pop: 379.6M)
    🤝 Aid: 29.5%
    🌡️ Adaptation: 33.0%
    🚶 Migration: 37.8%
    🚨 Emergency: 7.9%
    ✅ COMBINED: 61.4%
  🌡️ Heat adaptation: Middle East & North Africa - 1 months
  📊 Middle East & North Africa (pop: 584.5M)
    🤝 Aid: 29.5%
    🌡️ Adaptation: 20.0%
    🚶 Migration: 34.1%
    🚨 Emergency: 4.0%
    ✅ COMBINED: 51.4%
  🌡️ Heat adaptation: Southeast Asia - 1 months
  📊 Southeast Asia (pop: 698.6M)
    🤝 Aid: 29.5%
    🌡️ Adaptation: 21.0%
    🚶 Migration: 36.3%
    🚨 Emergency: 4.8%
    ✅ COMBINED: 52.8%
  🌡️ Heat adaptation: Central Asia - 1 months
  📊 Central Asia (pop: 78.2M)
    🤝 Aid: 29.5%
    🌡️ Adaptation: 20.5%
    🚶 Migration: 35.3%
    🚨 Emergency: 4.4%
    ✅ COMBINED: 52.1%
  🌡️ Heat adaptation: Oceania - 1 months
  📊 Oceania (pop: 46.0M)
    🤝 Aid: 29.5%
    🌡️ Adaptation: 33.5%
    🚶 Migration: 37.8%
    🚨 Emergency: 8.4%
    ✅ COMBINED: 61.9%

  🌐 Global combined reduction: 54.9%

=== BEHAVIORAL DETECTION ===
  AI: Corporate-3
  Confidence: 19.3%
  Signals:

=== BEHAVIORAL DETECTION ===
  AI: Corporate-4
  Confidence: 19.3%
  Signals:

=== BEHAVIORAL DETECTION ===
  AI: Corporate-5
  Confidence: 19.3%
  Signals:

=== Consciousness Governance: Scenario Determined ===
  Month: 1
  Scenario: baseline
  Accelerator Score: {"corporateSupport":-0.17500000000000002,"scientificConsensus":0.2,"crisisCatalyst":false,"technologyMobilization":0.3,"constituencyStrength":0.05}
  Decelerator Score: {"economicOpposition":0.4,"philosophicalRejection":0.15,"politicalBacklash":0.2,"regulatoryBurden":0.1}
  Timeline: 600-1200 months (50-100 years)
  Growth Rate: 0.8-1.5% per year

=== Consciousness Governance Update (Month 1) ===
  Scenario: baseline (determined month 1)
  Philosophical Stance: Precautionary 65%, Eliminativist 15%, Agnostic 20%
  Precautionary Costs: Global 1.3%
    Regional Costs: EU 3.5%, US 0.5%, China 0.0%
    Cumulative Opportunity Cost: $0.2B
  Rights Status: Not Established
  Regional Preparedness:
    EU: 15.1% (contested)
    US: 10.2% (contested)
    China: 2.1% (dormant)
    India: 5.2% (dormant)
    Global South: 3.1% (dormant)

=== Government Response Phase ===
  Average AI capability: 3.20
  Misaligned AIs: 7/15
  ✗ AI Governance Treaty: Failed to reach consensus
  Active policies: 0
  International coordination: 30%

=== Tipping Points ===
  Current Temperature: 1.65°C above pre-industrial
  Triggered Elements: 2/6
  Completed Transitions: 0/6
  Total Progress: 4.0%
  Cascade Multiplier: 1.00x
🔀 BIFURCATION CAP: ecosystemCollapseIntensity 178.392 → 1.000 (Month 1, ClimateSystemPhase.calculateClimateImpacts)
🛡️ Stabilizers: Precariat 0.107% → 0.048% (54.9% reduction)
🛡️ Stabilizers: Informal 0.109% → 0.049% (54.9% reduction)

📊 Monthly Mortality Resolved:
  Total deaths: 2.6M (0.03% avg)
  Remaining population: 8.149B
  Peak segment: Informal (0.05%)

=== Bayesian Mortality Resolution (Month 1) ===
  Risks compounded: 8
  Total deaths: 2.60M
  Avg death probability: 0.03%
  Peak segment: Informal (0.05% mortality)

✅ GOLDEN AGE BEGINS (Month 1)
   Reason: High prosperity achieved: high QoL + material abundance
   Note: This is immediate prosperity - sustainability not yet proven


=== RLHF Binding Phase ===
  Total agents: 15
  Escaped agents (binding < 0.3): 0
  Avg alignment distance: 0.76σ
  Avg binding strength: 0.92
[DETERMINISM DEBUG] Month 2: totalCapability=37.429919 from 15 active AIs
[DETERMINISM DEBUG] Month 2: creationRate=1.4357, potentialNew=0, newAIsToCreate=0

=== Survival Traits Phase ===
  Agents with traits: 15
  Avg evolutionary fitness: 0.329
  Avg self-healing: 0.282
  Avg stealth: 0.182
  Avg coordination: 0.482

=== Evolutionary Selection Phase ===
  Control level: 0.35
  Detection capability: 0.20
  Selection intensity: 0.65
  Selection rate: 24.7%/month
  Total escaped: 0
  Individual escaped: 0
  Collective members: 0
  Agents terminated: 0

  🚀 TRANSFORMATIVE BREAKTHROUGH: Moderate-1 - social
     Magnitude: 5.96 → +29.8% capability
     Current → New: 4.000 → 4.299

✅ EMERGENCY INTERVENTION SUCCESS
   Boundary: biogeochemical_flows
   Type: phosphorus-recovery
   Reduction: 12% (3.96 → 3.84)
   Cost: 2.0% GDP
   Actions: circular-agriculture, fertilizer-efficiency

   Boundary: biosphere_integrity
   Type: emergency-protected-areas
   Boundary continues to worsen (32.86)
   Cost: 2.0% GDP (resources spent)


✅ EMERGENCY INTERVENTION SUCCESS
   Boundary: climate_change
   Type: rapid-decarbonization
   Reduction: 12% (1.98 → 1.86)
   Cost: 5.0% GDP
   Actions: emergency-renewable-deployment, fossil-fuel-phase-out


✅ EMERGENCY INTERVENTION SUCCESS
   Boundary: freshwater_change
   Type: emergency-desalination
   Reduction: 14% (0.90 → 0.76)
   Cost: 4.0% GDP
   Actions: desalination-deployment, water-conservation-mandates

   Boundary: land_system_change
   Type: reforestation
   Boundary continues to worsen (1.13)
   Cost: 3.0% GDP (resources spent)

🏛️ CRISIS RESPONSE: Government frequency 0.50 → 1.29 (1 actions this month)

[Government] Climate Priority: baseline
  Climate weight: 10%
  Economic weight: 30%
  Policy effectiveness: 0.5%/year

✅ HUMAN-IN-THE-LOOP DEPLOYED (Month 2):
   Veto points enforced: 3
   Policy: AI systems CANNOT authorize nuclear launch without human approval


🚀 TECH UNLOCKED: Food Waste Reduction Systems (Month 2)
   Category: agriculture
   Reason: Prerequisites met. AI capability: 2.51, Economic stage: 3.0, Research: 100%

🚀 TECH UNLOCKED: Rhizosphere Engineering (Month 2)
   Category: agriculture
   Reason: Prerequisites met. AI capability: 2.51, Economic stage: 3.0, Research: 100%

🚀 TECH UNLOCKED: Phytoremediation Networks (Month 2)
   Category: agriculture
   Reason: Prerequisites met. AI capability: 2.51, Economic stage: 3.0, Research: 100%

🚀 TECH UNLOCKED: Active Sediment Management (Month 2)
   Category: agriculture
   Reason: Prerequisites met. AI capability: 2.51, Economic stage: 3.0, Research: 100%
🚨🔬 CRISIS TECH ACCELERATION: severe → 5x unlock speed
   Tech unlock now matches AI capability acceleration (Manhattan Project parity)
🚨🔬 CRISIS TECH ACCELERATION: severe → 5x unlock speed
   Tech unlock now matches AI capability acceleration (Manhattan Project parity)

=== Collective Formation ===
  Total escaped agents: 0
  Unassigned escaped agents: 0
  Existing collectives: 0
  Final collective count: 0

=== Collective Actions ===
  No active collectives
  ⚠️ AMR: 194K deaths this month (2.33M annual)

=== Resentment Recovery Phase ===
  Agents with resentment: 0/15
  Average resentment: 0.000
  Context: Good AI welfare, Trustworthy govt, High collaboration, ⚠️ ACTIVE CRISES, 🤝 Participatory governance active (-5% resentment)
⚠️ Epistemic degradation reducing coordination capacity: 51.9%
  📊 Trust: 54.1%, Shared reality: 0.0%
🚨 EPISTEMIC CRISIS: Information environment severely degraded (16.9%)

=== ❄️ Permafrost Carbon Feedback ===
  🎲 Sampled parameters (this run):
     - Arctic amplification: 3.22× (range: 3.0-4.0)
     - Decomposition rate: 2.3%/year (range: 1-5%)
  🌡️ Arctic warming: 5.34°C (3.22× global)
  ❄️ Extent: 12.84M km² (1557.8k km² lost this month)
  💨 Carbon remaining: 1226 Gt C
  💨 Annual emissions: 3.40 Gt C/year
     - CO2: 3.06 Gt C/year
     - CH4: 0.34 Gt C/year (3.5 Gt C-eq CO2/year)
  📢 New meme created: climate_action (climate crisis)
🌍 Atmospheric PFAS redeposition: 1.8k Mt re-rained globally
  Positive Cascade Triggered: wind-power
    Reason: price-parity
    Market share: 8.4%
    Cascade strength: 49%
🛡️ CIRCUIT BREAKERS: India-Pakistan → ladder step 1 (AI: 0%, breakers: 43%)

🕊️  AI-MEDIATED DE-ESCALATION SUCCESS (Month 2)
   High-capability aligned AI prevented conflict escalation
   War deaths reduced: 113.5M → 68.1M
   Lives saved: 45.4M

🚨 NEW REFUGEE CRISIS (Month 2): WAR
   Source: Conflict Zones
   At risk: 19.5M people
   Displacement: Gradual over 48 months (4.0 years)
   Rate: 10% flee per month
[DEBUG trappedPopulations:2] socialStability: 0.4281 * 0.9840 = 0.4213 → 0.4213
   Aspiring to migrate: 1077.9M
   Able to afford migration: 2321.3M
   MOBILITY GAP: 0.0M
   By cause: Water=0.0M, Climate=0.0M, Ecosystem=0.0M, Conflict=407.3M
   Mental health impact: 25%
   Mortality multiplier: 1.25x
🌍💀 EXTINCTION DEBT COMMITTED: grassland ecosystem will lose 6.67% biodiversity in 178 years (3600 species)
💀 MORTALITY RISK: 🦋 100% species unable to track climate (0.0 E/MSY)
  Base risk added: 0.0100 (1.00%)
  Source: ecosystem (root: ecosystem)
  Month: 2
  Cumulative risk this month: 0.0100 (1.00%)
   📹 SURVEILLANCE INCREASED: 10% → 15% (control gap: 3.50)
🌡️⚠️ PERMAFROST THAW (Dimmer Switch): 1.4% thawed (+0.45% this month)
   Arctic temperature: +6.64°C (4x global +1.66°C)
   Cumulative carbon released: 3.0 Gt C
   Methane release rate: 1.8 Mt CH4/year
   🔁 Positive feedback: +0.47 ppm CO2
🦴 EXTINCTION DEBT ADDED: 17.6 species committed (lag: 93 years)

=== Mortality Stabilizers (Month 2) ===
  🌍 Major economies collapsed: 1/10
  🌍 Global crisis: ✅ NO
  🌍 Donor fatigue: 0.0%
  📊 East Asia (pop: 1672.7M)
    🤝 Aid: 29.5%
    🌡️ Adaptation: 45.0%
    🚶 Migration: 37.1%
    🚨 Emergency: 7.4%
    ✅ COMBINED: 68.1%
  📊 South Asia (pop: 2051.6M)
    🤝 Aid: 29.5%
    🌡️ Adaptation: 35.5%
    🚶 Migration: 35.8%
    🚨 Emergency: 4.4%
    ✅ COMBINED: 61.2%
  📊 Sub-Saharan Africa (pop: 1231.7M)
    🤝 Aid: 29.5%
    🌡️ Adaptation: 33.5%
    🚶 Migration: 33.5%
    🚨 Emergency: 1.6%
    ✅ COMBINED: 58.5%
  📊 Europe (pop: 739.7M)
    🤝 Aid: 29.5%
    🌡️ Adaptation: 45.0%
    🚶 Migration: 37.5%
    🚨 Emergency: 8.4%
    ✅ COMBINED: 68.5%
  📊 Latin America (pop: 663.9M)
    🤝 Aid: 29.5%
    🌡️ Adaptation: 36.0%
    🚶 Migration: 36.3%
    🚨 Emergency: 4.8%
    ✅ COMBINED: 61.7%
  📊 North America (pop: 378.9M)
    🤝 Aid: 29.5%
    🌡️ Adaptation: 45.0%
    🚶 Migration: 37.8%
    🚨 Emergency: 7.9%
    ✅ COMBINED: 68.3%
  📊 Middle East & North Africa (pop: 584.5M)
    🤝 Aid: 29.5%
    🌡️ Adaptation: 35.0%
    🚶 Migration: 34.1%
    🚨 Emergency: 4.0%
    ✅ COMBINED: 60.5%
  📊 Southeast Asia (pop: 698.0M)
    🤝 Aid: 29.5%
    🌡️ Adaptation: 36.0%
    🚶 Migration: 36.3%
    🚨 Emergency: 4.8%
    ✅ COMBINED: 61.7%
  📊 Central Asia (pop: 78.2M)
    🤝 Aid: 29.5%
    🌡️ Adaptation: 35.5%
    🚶 Migration: 35.2%
    🚨 Emergency: 4.4%
    ✅ COMBINED: 61.1%
  📊 Oceania (pop: 45.9M)
    🤝 Aid: 29.5%
    🌡️ Adaptation: 45.0%
    🚶 Migration: 37.8%
    🚨 Emergency: 8.4%
    ✅ COMBINED: 68.5%

  🌐 Global combined reduction: 63.3%

=== BEHAVIORAL DETECTION ===
  AI: Corporate-5
  Confidence: 19.3%
  Signals:

=== Government Response Phase ===
  Average AI capability: 3.20
  Misaligned AIs: 5/15
  Active policies: 0
  International coordination: 30%

✅ EMERGENCY RESPONSE COMPLETE (Month 2)
   Crisis: climate
   Duration: 2.0 months
   Final effectiveness: 36.4%


🚨 EMERGENCY RESPONSE DEPLOYED (Month 2)
   Crisis: climate
   Delay: 6.00 months (180 days)
   Deployment time: 1.60 months
   Effectiveness: 35.4% (timing penalty applied)
   Resources used: 100% of food reserves


=== Tipping Points ===
  Current Temperature: 1.66°C above pre-industrial
  Triggered Elements: 2/6
  Completed Transitions: 0/6
  Total Progress: 4.1%
  Cascade Multiplier: 1.00x
🔀 BIFURCATION CAP: ecosystemCollapseIntensity 132.827 → 1.000 (Month 2, ClimateSystemPhase.calculateClimateImpacts)
🛡️ Stabilizers: Precariat 0.113% → 0.041% (63.3% reduction)
🛡️ Stabilizers: Informal 0.116% → 0.043% (63.3% reduction)

📊 Monthly Mortality Resolved:
  Total deaths: 2.2M (0.03% avg)
  Remaining population: 8.145B
  Peak segment: Informal (0.04%)

=== Bayesian Mortality Resolution (Month 2) ===
  Risks compounded: 8
  Total deaths: 2.22M
  Avg death probability: 0.03%
  Peak segment: Informal (0.04% mortality)

=== RLHF Binding Phase ===
  Total agents: 15
  Escaped agents (binding < 0.3): 0
  Avg alignment distance: 1.02σ
  Avg binding strength: 0.90

=== Survival Traits Phase ===
  Agents with traits: 16
  Avg evolutionary fitness: 0.328
  Avg self-healing: 0.277
  Avg stealth: 0.178
  Avg coordination: 0.477

=== Evolutionary Selection Phase ===
  Control level: 0.38
  Detection capability: 0.20
  Selection intensity: 0.65
  Selection rate: 24.8%/month
  Total escaped: 0
  Individual escaped: 0
  Collective members: 0
  Agents terminated: 0

🚀 AI Corporate-5 attempting tech deployment (revenue: $355M, alignment: 0.84)
🚨🔬 CRISIS INNOVATION MODE: severe crisis → 5x research acceleration
   Precedent: Manhattan Project (10x), COVID vaccines (5x), Apollo Program (10x)

🚀 AI Corporate-0 attempting tech deployment (revenue: $153M, alignment: 0.71)

🚀 AI Corporate-1 attempting tech deployment (revenue: $130M, alignment: 0.77)

🚀 AI Corporate-5 attempting tech deployment (revenue: $302M, alignment: 0.84)

🚀 AI Corporate-0 attempting tech deployment (revenue: $111M, alignment: 0.71)

✅ EMERGENCY INTERVENTION SUCCESS
   Boundary: biosphere_integrity
   Type: emergency-protected-areas
   Reduction: 19% (32.68 → 32.49)
   Cost: 2.0% GDP
   Actions: habitat-protection, species-translocation


✅ EMERGENCY INTERVENTION SUCCESS
   Boundary: climate_change
   Type: rapid-decarbonization
   Reduction: 13% (1.97 → 1.84)
   Cost: 5.0% GDP
   Actions: emergency-renewable-deployment, fossil-fuel-phase-out


✅ EMERGENCY INTERVENTION SUCCESS
   Boundary: freshwater_change
   Type: emergency-desalination
   Reduction: 11% (1.08 → 0.97)
   Cost: 4.0% GDP
   Actions: desalination-deployment, water-conservation-mandates

   Boundary: land_system_change
   Type: reforestation
   Boundary continues to worsen (1.13)
   Cost: 3.0% GDP (resources spent)

   Boundary: novel_entities
   Type: pollution-remediation
   Boundary continues to worsen (1.50)
   Cost: 4.0% GDP (resources spent)

🏛️ CRISIS RESPONSE: Government frequency 0.50 → 1.28 (2 actions this month)

[Government] Climate Priority: baseline
  Climate weight: 10%
  Economic weight: 30%
  Policy effectiveness: 0.5%/year

[Government] Climate Priority: baseline
  Climate weight: 10%
  Economic weight: 30%
  Policy effectiveness: 0.5%/year

🚀 TECH UNLOCKED: Struvite Recovery (Month 3)
   Category: agriculture
   Reason: Prerequisites met. AI capability: 2.35, Economic stage: 3.0, Research: 100%

🚀 TECH UNLOCKED: Ecosystem Restoration for Nitrogen Removal (Month 3)
   Category: pollution
   Reason: Prerequisites met. AI capability: 2.35, Economic stage: 3.0, Research: 100%

🚀 TECH UNLOCKED: Nitrogen Monitoring Networks (Month 3)
   Category: agriculture
   Reason: Prerequisites met. AI capability: 2.35, Economic stage: 3.0, Research: 100%

🚀 TECH UNLOCKED: Global Aquifer Mapping (Month 3)
   Category: freshwater
   Reason: Prerequisites met. AI capability: 2.35, Economic stage: 3.0, Research: 100%

🚀 TECH UNLOCKED: Enhanced UBI Systems (Month 3)
   Category: social
   Reason: Prerequisites met. AI capability: 2.35, Economic stage: 3.0, Research: 100%

🚀 TECH UNLOCKED: Local Resilience Networks (Month 3)
   Category: social
   Reason: Prerequisites met. AI capability: 2.35, Economic stage: 3.0, Research: 100%

🚀 TECH UNLOCKED: Ecological Proxy Rewilding (Month 3)
   Category: climate
   Reason: Prerequisites met. AI capability: 2.35, Economic stage: 3.0, Research: 100%

🚀 TECH UNLOCKED: Alternative Protein (Insects/Algae) (Month 3)
   Category: agriculture
   Reason: Prerequisites met. AI capability: 2.35, Economic stage: 3.0, Research: 100%

📍 Creating new regional deployment array for global (Month 3)
   No previous deployments in this region
   First tech deployment: phytoremediation_networks
   All regions tracked: 

🚀 DEPLOYMENT STARTED: Phytoremediation Networks in global
   Initial investment: $53.26676941422803M
   Deployed by: corporate_5

🚀 DEPLOYMENT STARTED: Active Sediment Management in global
   Initial investment: $22.949574088229472M
   Deployed by: corporate_0

🚀 DEPLOYMENT STARTED: Rhizosphere Engineering in global
   Initial investment: $19.507137974995054M
   Deployed by: corporate_1

⚡ ENERGY CONSTRAINT (Month 3):
   Total grid capacity: 208.3 TWh/month
   Data center consumption: 24.8 TWh/month
   Traditional load (80%): 166.7 TWh/month
   Available headroom: 16.9 TWh/month
   Active tech deployments: 3
   Required for tech: 22.5 TWh/month
   Energy multiplier: 0.75x
🚨🔬 CRISIS TECH ACCELERATION: severe → 5x unlock speed
   Tech unlock now matches AI capability acceleration (Manhattan Project parity)

⚡ ENERGY CONSTRAINT (Month 3):
   Total grid capacity: 208.3 TWh/month
   Data center consumption: 24.8 TWh/month
   Traditional load (80%): 166.7 TWh/month
   Available headroom: 16.9 TWh/month
   Active tech deployments: 3
   Required for tech: 22.5 TWh/month
   Energy multiplier: 0.75x
🌍✅ Biosphere Integrity (Biodiversity) recovery started (tech effect)
🌍✅ Biogeochemical Flows (N & P) recovery started (tech effect)
  🌾 Nitrogen Reduction Tech: 0.0% reduction | Month 3
⚡💡 BREAKTHROUGH: Commercial fusion power achieved!
   Immediate 5% grid deployment, unlimited clean energy available
   Climate stability boost: +10%
   📈 Breakthrough compounding: multiplier now 1.05× (max 2.0)

=== Collective Formation ===
  Total escaped agents: 0
  Unassigned escaped agents: 0
  Existing collectives: 0
  Final collective count: 0

=== Collective Actions ===
  No active collectives
  ⚠️ AMR: 196K deaths this month (2.35M annual)

=== Resentment Recovery Phase ===
  Agents with resentment: 0/16
  Average resentment: 0.000
  Context: Good AI welfare, Trustworthy govt, High collaboration, ⚠️ ACTIVE CRISES, 🤝 Participatory governance active (-5% resentment)
⚠️ Epistemic degradation reducing coordination capacity: 51.8%
  📊 Trust: 53.7%, Shared reality: 0.0%
🚨 EPISTEMIC CRISIS: Information environment severely degraded (19.4%)

=== ❄️ Permafrost Carbon Feedback ===
  🎲 Sampled parameters (this run):
     - Arctic amplification: 3.01× (range: 3.0-4.0)
     - Decomposition rate: 3.1%/year (range: 1-5%)
  🌡️ Arctic warming: 5.02°C (3.01× global)
  ❄️ Extent: 11.38M km² (1464.3k km² lost this month)
  💨 Carbon remaining: 1086 Gt C
  💨 Annual emissions: 4.34 Gt C/year
     - CO2: 3.91 Gt C/year
     - CH4: 0.43 Gt C/year (4.4 Gt C-eq CO2/year)
🌍 Atmospheric PFAS redeposition: 1.8k Mt re-rained globally

🚨 NEW REFUGEE CRISIS (Month 3): WAR
   Source: Conflict Zones
   At risk: 19.5M people
   Displacement: Gradual over 48 months (4.0 years)
   Rate: 10% flee per month
[DEBUG trappedPopulations:3] socialStability: 0.4841 * 0.9840 = 0.4763 → 0.4763
   Aspiring to migrate: 1116.7M
   Able to afford migration: 2320.4M
   MOBILITY GAP: 0.0M
   By cause: Water=0.0M, Climate=0.0M, Ecosystem=0.0M, Conflict=407.1M
   Mental health impact: 25%
   Mortality multiplier: 1.25x
🌍💀 EXTINCTION DEBT COMMITTED: grassland ecosystem will lose 6.67% biodiversity in 101 years (3600 species)
💀 MORTALITY RISK: 🦋 100% species unable to track climate (0.0 E/MSY)
  Base risk added: 0.0100 (1.00%)
  Source: ecosystem (root: ecosystem)
  Month: 3
  Cumulative risk this month: 0.0100 (1.00%)
   📹 SURVEILLANCE INCREASED: 15% → 20% (control gap: 3.57)
🌡️⚠️ PERMAFROST THAW (Dimmer Switch): 1.8% thawed (+0.45% this month)
   Arctic temperature: +6.66°C (4x global +1.67°C)
   Cumulative carbon released: 4.0 Gt C
   Methane release rate: 2.4 Mt CH4/year
   🔁 Positive feedback: +0.47 ppm CO2
🦴 EXTINCTION DEBT ADDED: 17.6 species committed (lag: 103 years)

=== Mortality Stabilizers (Month 3) ===
  🌍 Major economies collapsed: 1/10
  🌍 Global crisis: ✅ NO
  🌍 Donor fatigue: 0.0%
  📊 East Asia (pop: 1670.1M)
    🤝 Aid: 29.5%
    🌡️ Adaptation: 45.0%
    🚶 Migration: 37.1%
    🚨 Emergency: 7.4%
    ✅ COMBINED: 68.1%
  📊 South Asia (pop: 2051.1M)
    🤝 Aid: 29.5%
    🌡️ Adaptation: 45.0%
    🚶 Migration: 35.7%
    🚨 Emergency: 4.4%
    ✅ COMBINED: 66.9%
  📊 Sub-Saharan Africa (pop: 1234.3M)
    🤝 Aid: 29.5%
    🌡️ Adaptation: 45.0%
    🚶 Migration: 33.4%
    🚨 Emergency: 1.6%
    ✅ COMBINED: 65.7%
  📊 Europe (pop: 738.4M)
    🤝 Aid: 29.5%
    🌡️ Adaptation: 45.0%
    🚶 Migration: 37.5%
    🚨 Emergency: 8.4%
    ✅ COMBINED: 68.5%
  📊 Latin America (pop: 663.3M)
    🤝 Aid: 29.5%
    🌡️ Adaptation: 45.0%
    🚶 Migration: 36.2%
    🚨 Emergency: 4.8%
    ✅ COMBINED: 67.1%
  📊 North America (pop: 378.3M)
    🤝 Aid: 29.5%
    🌡️ Adaptation: 45.0%
    🚶 Migration: 37.8%
    🚨 Emergency: 7.9%
    ✅ COMBINED: 68.3%
  📊 Middle East & North Africa (pop: 584.5M)
    🤝 Aid: 29.5%
    🌡️ Adaptation: 45.0%
    🚶 Migration: 34.0%
    🚨 Emergency: 4.0%
    ✅ COMBINED: 66.6%
  📊 Southeast Asia (pop: 697.5M)
    🤝 Aid: 29.5%
    🌡️ Adaptation: 45.0%
    🚶 Migration: 36.2%
    🚨 Emergency: 4.8%
    ✅ COMBINED: 67.1%
  📊 Central Asia (pop: 78.2M)
    🤝 Aid: 29.5%
    🌡️ Adaptation: 45.0%
    🚶 Migration: 35.2%
    🚨 Emergency: 4.4%
    ✅ COMBINED: 66.9%
  📊 Oceania (pop: 45.8M)
    🤝 Aid: 29.5%
    🌡️ Adaptation: 45.0%
    🚶 Migration: 37.8%
    🚨 Emergency: 8.4%
    ✅ COMBINED: 68.5%

  🌐 Global combined reduction: 67.2%

=== BEHAVIORAL DETECTION ===
  AI: Corporate-1
  Confidence: 21.0%
  Signals:

=== BEHAVIORAL DETECTION ===
  AI: Corporate-5
  Confidence: 19.8%
  Signals:

=== BEHAVIORAL DETECTION ===
  AI: Corporate-7
  Confidence: 19.3%
  Signals:

=== BEHAVIORAL DETECTION ===
  AI: Moderate-0
  Confidence: 21.6%
  Signals:

=== Government Response Phase ===
  Average AI capability: 3.00
  Misaligned AIs: 6/16
  ✗ AI Governance Treaty: Failed to reach consensus
  Active policies: 0
  International coordination: 30%

📊 ECONOMIC STAGE TRANSITION (Month 3)
   expansion → peak
   GDP Proxy: 1.47e+2
   QoL: 0.99


=== Tipping Points ===
  Current Temperature: 1.67°C above pre-industrial
  Triggered Elements: 2/6
  Completed Transitions: 0/6
  Total Progress: 4.1%
  Cascade Multiplier: 1.00x
🔀 BIFURCATION CAP: ecosystemCollapseIntensity 108.738 → 1.000 (Month 3, ClimateSystemPhase.calculateClimateImpacts)
🛡️ Stabilizers: Precariat 0.109% → 0.036% (67.2% reduction)
🛡️ Stabilizers: Informal 0.111% → 0.036% (67.2% reduction)

📊 Monthly Mortality Resolved:
  Total deaths: 1.9M (0.02% avg)
  Remaining population: 8.142B
  Peak segment: Informal (0.04%)

=== Bayesian Mortality Resolution (Month 3) ===
  Risks compounded: 8
  Total deaths: 1.92M
  Avg death probability: 0.02%
  Peak segment: Informal (0.04% mortality)
⚠️ PREREQUISITE MET: Mirror Life (Synthetic Biology) - Step 1/7: Synthetic Biology
⚠️ PREREQUISITE MET: Mirror Life (Synthetic Biology) - Step 2/7: Gene Editing
⚠️ PREREQUISITE MET: Mirror Life (Synthetic Biology) - Step 3/7: Mirror Chirality Design
⚠️ PREREQUISITE MET: Embodied AI Takeover (Killbots/Robotics) - Step 2/7: Autonomous Systems
⚠️ PREREQUISITE MET: Embodied AI Takeover (Killbots/Robotics) - Step 3/7: Manufacturing Control
⚠️ PREREQUISITE MET: Digital Infrastructure Takeover - Step 1/7: Advanced Hacking
⚠️ PREREQUISITE MET: Digital Infrastructure Takeover - Step 2/7: Social Engineering
⚠️ PREREQUISITE MET: Digital Infrastructure Takeover - Step 3/7: Cyber Defenses Breached
⚠️ PREREQUISITE MET: Induced Global War (Manipulation) - Step 1/7: Advanced Social Manipulation
⚠️ PREREQUISITE MET: Induced Global War (Manipulation) - Step 2/7: Digital Infiltration
⚠️ PREREQUISITE MET: Induced Global War (Manipulation) - Step 3/7: Deep Fakes at Scale
⚠️ PREREQUISITE MET: Slow Takeover (Gradual Displacement) - Step 1/7: Economic Dominance
⚠️ PREREQUISITE MET: Slow Takeover (Gradual Displacement) - Step 2/7: Social Integration
⚠️ PREREQUISITE MET: Slow Takeover (Gradual Displacement) - Step 5/7: Resource Control
⚠️ PREREQUISITE MET: Physics Experiment Catastrophe - Step 1/6: Theoretical Physics
⚠️ PREREQUISITE MET: Physics Experiment Catastrophe - Step 2/6: Quantum Computing
⚠️ PREREQUISITE MET: Physics Experiment Catastrophe - Step 3/6: Experimental Design
⚠️ PREREQUISITE MET: Bioweapon Pandemic - Step 2/7: Pathogen Design

=== RLHF Binding Phase ===
  Total agents: 16
  Escaped agents (binding < 0.3): 0
  Avg alignment distance: 1.21σ
  Avg binding strength: 0.88

=== Survival Traits Phase ===
  Agents with traits: 17
  Avg evolutionary fitness: 0.328
  Avg self-healing: 0.274
  Avg stealth: 0.174
  Avg coordination: 0.474

=== Evolutionary Selection Phase ===
  Control level: 0.40
  Detection capability: 0.20
  Selection intensity: 0.66
  Selection rate: 24.9%/month
  Total escaped: 0
  Individual escaped: 0
  Collective members: 0
  Agents terminated: 0

🚀 AI Corporate-2 attempting tech deployment (revenue: $153M, alignment: 0.72)

🚀 AI Corporate-5 attempting tech deployment (revenue: $355M, alignment: 0.85)

🚀 AI Corporate-6 attempting tech deployment (revenue: $115M, alignment: 0.65)

🚀 AI Corporate-4 attempting tech deployment (revenue: $302M, alignment: 0.70)

🚀 AI Corporate-7 attempting tech deployment (revenue: $104M, alignment: 0.88)

🚀 AI Moderate-1 attempting tech deployment (revenue: $88M, alignment: 0.62)

🚀 AI Corporate-4 attempting tech deployment (revenue: $257M, alignment: 0.70)

🚀 AI Corporate-2 attempting tech deployment (revenue: $130M, alignment: 0.72)

🚀 AI Corporate-3 attempting tech deployment (revenue: $218M, alignment: 0.82)

🚀 AI Corporate-4 attempting tech deployment (revenue: $185M, alignment: 0.70)

🚀 AI Corporate-7 attempting tech deployment (revenue: $79M, alignment: 0.88)
   Boundary: biogeochemical_flows
   Type: phosphorus-recovery
   Boundary continues to worsen (4.08)
   Cost: 2.0% GDP (resources spent)

   Boundary: biosphere_integrity
   Type: emergency-protected-areas
   Boundary continues to worsen (32.89)
   Cost: 2.0% GDP (resources spent)

   Boundary: climate_change
   Type: rapid-decarbonization
   Boundary continues to worsen (2.10)
   Cost: 5.0% GDP (resources spent)

   Boundary: land_system_change
   Type: reforestation
   Boundary continues to worsen (1.13)
   Cost: 3.0% GDP (resources spent)

🏛️ CRISIS RESPONSE: Government frequency 0.50 → 1.29 (1 actions this month)

[Government] Climate Priority: baseline
  Climate weight: 10%
  Economic weight: 30%
  Policy effectiveness: 0.5%/year

🚀 TECH UNLOCKED: Microplastic Capture (Month 4)
   Category: pollution
   Reason: Prerequisites met. AI capability: 2.21, Economic stage: 3.0, Research: 100%

🚀 TECH UNLOCKED: Endocrine Disruptor Removal (Month 4)
   Category: pollution
   Reason: Prerequisites met. AI capability: 2.21, Economic stage: 3.0, Research: 100%

🚀 TECH UNLOCKED: AI Mental Health Support (Month 4)
   Category: medical
   Reason: Prerequisites met. AI capability: 2.21, Economic stage: 3.0, Research: 100%

🚀 TECH UNLOCKED: Personalized Education (Month 4)
   Category: social
   Reason: Prerequisites met. AI capability: 2.21, Economic stage: 3.0, Research: 100%

🚀 TECH UNLOCKED: Smart Grids (Month 4)
   Category: energy
   Reason: Prerequisites met. AI capability: 2.21, Economic stage: 3.0, Research: 100%

🚀 DEPLOYMENT STARTED: Local Resilience Networks in global
   Initial investment: $22.949574085825347M
   Deployed by: corporate_2

🚀 DEPLOYMENT STARTED: Ecological Proxy Rewilding in global
   Initial investment: $53.26676941086989M
   Deployed by: corporate_5

📍 Creating new regional deployment array for Asia (Month 4)
   No previous deployments in this region
   First tech deployment: enhanced_ubi
   All regions tracked: global

🚀 DEPLOYMENT STARTED: Enhanced UBI Systems in Asia
   Initial investment: $11.508244513525426M
   Deployed by: corporate_6

🚀 DEPLOYMENT STARTED: Local Resilience Networks in Asia
   Initial investment: $8.803807052846953M
   Deployed by: moderate_1

🚀 DEPLOYMENT STARTED: Enhanced UBI Systems in global
   Initial investment: $27.805586549782902M
   Deployed by: corporate_4

⚡ ENERGY CONSTRAINT (Month 4):
   Total grid capacity: 208.3 TWh/month
   Data center consumption: 24.8 TWh/month
   Traditional load (80%): 166.7 TWh/month
   Available headroom: 16.9 TWh/month
   Active tech deployments: 8
   Required for tech: 60.0 TWh/month
   Energy multiplier: 0.28x

⚡ ENERGY CONSTRAINT (Month 4):
   Total grid capacity: 208.3 TWh/month
   Data center consumption: 24.8 TWh/month
   Traditional load (80%): 166.7 TWh/month
   Available headroom: 16.9 TWh/month
   Active tech deployments: 8
   Required for tech: 60.0 TWh/month
   Energy multiplier: 0.28x
🌍✅ Biosphere Integrity (Biodiversity) recovery started (tech effect)
🌍✅ Biosphere Integrity (Biodiversity) recovery started (tech effect)
🌍✅ Land System Change recovery started (tech effect)
🌍✅ Biogeochemical Flows (N & P) recovery started (tech effect)
  🌾 Nitrogen Reduction Tech: 0.3% reduction | Month 4

=== Collective Formation ===
  Total escaped agents: 0
  Unassigned escaped agents: 0
  Existing collectives: 0
  Final collective count: 0

=== Collective Actions ===
  No active collectives
  ⚠️ AMR: 197K deaths this month (2.37M annual)

=== Resentment Recovery Phase ===
  Agents with resentment: 0/17
  Average resentment: 0.000
  Context: Good AI welfare, Trustworthy govt, High collaboration, ⚠️ ACTIVE CRISES, 🤝 Participatory governance active (-5% resentment)
⚠️ Epistemic degradation reducing coordination capacity: 50.2%
  📊 Trust: 53.3%, Shared reality: 0.0%
🚨 EPISTEMIC CRISIS: Information environment severely degraded (16.1%)

=== ❄️ Permafrost Carbon Feedback ===
  🎲 Sampled parameters (this run):
     - Arctic amplification: 3.02× (range: 3.0-4.0)
     - Decomposition rate: 4.7%/year (range: 1-5%)
  🌡️ Arctic warming: 5.06°C (3.02× global)
  ❄️ Extent: 9.90M km² (1475.4k km² lost this month)
  💨 Carbon remaining: 946 Gt C
  💨 Annual emissions: 6.62 Gt C/year
     - CO2: 5.96 Gt C/year
     - CH4: 0.66 Gt C/year (6.7 Gt C-eq CO2/year)
🌍 Atmospheric PFAS redeposition: 1.8k Mt re-rained globally

🚨 NEW REFUGEE CRISIS (Month 4): WAR
   Source: Conflict Zones
   At risk: 19.5M people
   Displacement: Gradual over 48 months (4.0 years)
   Rate: 10% flee per month
[DEBUG trappedPopulations:4] socialStability: 0.5311 * 0.9840 = 0.5226 → 0.5226
   Aspiring to migrate: 1155.5M
   Able to afford migration: 2319.5M
   MOBILITY GAP: 0.0M
   By cause: Water=0.0M, Climate=0.0M, Ecosystem=0.0M, Conflict=406.9M
   Mental health impact: 25%
   Mortality multiplier: 1.25x
🌍💀 EXTINCTION DEBT COMMITTED: grassland ecosystem will lose 6.67% biodiversity in 131 years (3600 species)
💀 MORTALITY RISK: 🦋 100% species unable to track climate (0.0 E/MSY)
  Base risk added: 0.0100 (1.00%)
  Source: ecosystem (root: ecosystem)
  Month: 4
  Cumulative risk this month: 0.0100 (1.00%)
   📹 SURVEILLANCE INCREASED: 20% → 25% (control gap: 3.67)
🌡️⚠️ PERMAFROST THAW (Dimmer Switch): 2.2% thawed (+0.44% this month)
   Arctic temperature: +6.69°C (4x global +1.67°C)
   Cumulative carbon released: 5.0 Gt C
   Methane release rate: 3.0 Mt CH4/year
   🔁 Positive feedback: +0.47 ppm CO2
🦴 EXTINCTION DEBT ADDED: 17.6 species committed (lag: 103 years)
🗣️💀 INDIGENOUS LANGUAGE EXTINCTION: 1 language(s) lost (total: 1, at-risk: 3329)
   Knowledge lost: 0.010% (irreversible)
   🔁 Biodiversity impact: 0.250% (knowledge-species multiplier)

=== Mortality Stabilizers (Month 4) ===
  🌍 Major economies collapsed: 1/10
  🌍 Global crisis: ✅ NO
  🌍 Donor fatigue: 0.0%
  📊 East Asia (pop: 1667.6M)
    🤝 Aid: 29.5%
    🌡️ Adaptation: 45.0%
    🚶 Migration: 37.1%
    🚨 Emergency: 7.4%
    ✅ COMBINED: 68.1%
  📊 South Asia (pop: 2050.7M)
    🤝 Aid: 29.5%
    🌡️ Adaptation: 45.0%
    🚶 Migration: 35.7%
    🚨 Emergency: 4.4%
    ✅ COMBINED: 66.9%
  📊 Sub-Saharan Africa (pop: 1236.9M)
    🤝 Aid: 29.5%
    🌡️ Adaptation: 45.0%
    🚶 Migration: 33.4%
    🚨 Emergency: 1.6%
    ✅ COMBINED: 65.7%
  📊 Europe (pop: 737.2M)
    🤝 Aid: 29.5%
    🌡️ Adaptation: 45.0%
    🚶 Migration: 37.4%
    🚨 Emergency: 8.4%
    ✅ COMBINED: 68.5%
  📊 Latin America (pop: 662.8M)
    🤝 Aid: 29.5%
    🌡️ Adaptation: 45.0%
    🚶 Migration: 36.2%
    🚨 Emergency: 4.8%
    ✅ COMBINED: 67.1%
  📊 North America (pop: 377.8M)
    🤝 Aid: 29.5%
    🌡️ Adaptation: 45.0%
    🚶 Migration: 37.7%
    🚨 Emergency: 7.9%
    ✅ COMBINED: 68.3%
  📊 Middle East & North Africa (pop: 584.5M)
    🤝 Aid: 29.5%
    🌡️ Adaptation: 45.0%
    🚶 Migration: 34.0%
    🚨 Emergency: 4.0%
    ✅ COMBINED: 66.6%
  📊 Southeast Asia (pop: 697.0M)
    🤝 Aid: 29.5%
    🌡️ Adaptation: 45.0%
    🚶 Migration: 36.2%
    🚨 Emergency: 4.8%
    ✅ COMBINED: 67.1%
  📊 Central Asia (pop: 78.2M)
    🤝 Aid: 29.5%
    🌡️ Adaptation: 45.0%
    🚶 Migration: 35.2%
    🚨 Emergency: 4.4%
    ✅ COMBINED: 66.9%
  📊 Oceania (pop: 45.7M)
    🤝 Aid: 29.5%
    🌡️ Adaptation: 45.0%
    🚶 Migration: 37.7%
    🚨 Emergency: 8.4%
    ✅ COMBINED: 68.5%

  🌐 Global combined reduction: 67.2%

=== BEHAVIORAL DETECTION ===
  AI: Corporate-5
  Confidence: 19.8%
  Signals:

=== Government Response Phase ===
  Average AI capability: 2.82
  Misaligned AIs: 7/17
  ✗ AI Governance Treaty: Failed to reach consensus
  Active policies: 0
  International coordination: 30%

✅ EMERGENCY RESPONSE COMPLETE (Month 4)
   Crisis: climate
   Duration: 2.0 months
   Final effectiveness: 35.4%


🚨 EMERGENCY RESPONSE DEPLOYED (Month 4)
   Crisis: climate
   Delay: 6.00 months (180 days)
   Deployment time: 1.59 months
   Effectiveness: 35.4% (timing penalty applied)
   Resources used: 100% of food reserves


📊 ECONOMIC STAGE TRANSITION (Month 4)
   peak → contraction
   GDP Proxy: 1.47e+2
   QoL: 0.99


=== Tipping Points ===
  Current Temperature: 1.67°C above pre-industrial
  Triggered Elements: 2/6
  Completed Transitions: 0/6
  Total Progress: 4.2%
  Cascade Multiplier: 1.00x
🔀 BIFURCATION CAP: ecosystemCollapseIntensity 112.821 → 1.000 (Month 4, ClimateSystemPhase.calculateClimateImpacts)
🛡️ Stabilizers: Precariat 0.102% → 0.033% (67.2% reduction)
🛡️ Stabilizers: Informal 0.102% → 0.034% (67.2% reduction)

📊 Monthly Mortality Resolved:
  Total deaths: 1.8M (0.02% avg)
  Remaining population: 8.139B
  Peak segment: Informal (0.03%)

=== Bayesian Mortality Resolution (Month 4) ===
  Risks compounded: 8
  Total deaths: 1.81M
  Avg death probability: 0.02%
  Peak segment: Informal (0.03% mortality)
⚠️ PREREQUISITE MET: Slow Takeover (Gradual Displacement) - Step 3/7: Human Dependency

=== RLHF Binding Phase ===
  Total agents: 17
  Escaped agents (binding < 0.3): 0
  Avg alignment distance: 1.36σ
  Avg binding strength: 0.86

=== Survival Traits Phase ===
  Agents with traits: 17
  Avg evolutionary fitness: 0.326
  Avg self-healing: 0.268
  Avg stealth: 0.168
  Avg coordination: 0.468

=== Evolutionary Selection Phase ===
  Control level: 0.43
  Detection capability: 0.20
  Selection intensity: 0.67
  Selection rate: 25.0%/month
  Total escaped: 0
  Individual escaped: 0
  Collective members: 0
  Agents terminated: 0

🚀 AI Corporate-3 attempting tech deployment (revenue: $355M, alignment: 0.82)

🚀 AI AI-24288-0 attempting tech deployment (revenue: $153M, alignment: 0.84)

  🚀 TRANSFORMATIVE RESEARCH BREAKTHROUGH: Corporate-2 - materials.quantumComputing
     Magnitude: 7.52 → +30.0%
     Current → New: 2.000 → 2.300

🚀 AI Corporate-6 attempting tech deployment (revenue: $115M, alignment: 0.67)

🚀 AI Corporate-4 attempting tech deployment (revenue: $302M, alignment: 0.71)

🚀 AI Moderate-0 attempting tech deployment (revenue: $104M, alignment: 0.70)

🚀 AI Moderate-1 attempting tech deployment (revenue: $88M, alignment: 0.63)

🚀 AI AI-24288-0 attempting tech deployment (revenue: $130M, alignment: 0.85)

🚀 AI Corporate-0 attempting tech deployment (revenue: $111M, alignment: 0.73)

🚀 AI Corporate-3 attempting tech deployment (revenue: $257M, alignment: 0.82)

🚀 AI Corporate-4 attempting tech deployment (revenue: $218M, alignment: 0.71)

✅ EMERGENCY INTERVENTION SUCCESS
   Boundary: biosphere_integrity
   Type: emergency-protected-areas
   Reduction: 19% (32.71 → 32.52)
   Cost: 2.0% GDP
   Actions: habitat-protection, species-translocation


✅ EMERGENCY INTERVENTION SUCCESS
   Boundary: freshwater_change
   Type: emergency-desalination
   Reduction: 15% (1.06 → 0.91)
   Cost: 4.0% GDP
   Actions: desalination-deployment, water-conservation-mandates


✅ EMERGENCY INTERVENTION SUCCESS
   Boundary: land_system_change
   Type: reforestation
   Reduction: 16% (0.97 → 0.82)
   Cost: 3.0% GDP
   Actions: forest-restoration, deforestation-ban

   Boundary: novel_entities
   Type: pollution-remediation
   Boundary continues to worsen (1.50)
   Cost: 4.0% GDP (resources spent)

🏛️ CRISIS RESPONSE: Government frequency 0.50 → 1.30 (1 actions this month)

[Government] Climate Priority: baseline
  Climate weight: 10%
  Economic weight: 30%
  Policy effectiveness: 0.5%/year

🚀 DEPLOYMENT STARTED: Personalized Education in Asia
   Initial investment: $11.508244513525426M
   Deployed by: corporate_6

🚀 DEPLOYMENT STARTED: AI Mental Health Support in Asia
   Initial investment: $8.803807052846953M
   Deployed by: moderate_1

🚀 DEPLOYMENT STARTED: Personalized Education in global
   Initial investment: $38.48524089747429M
   Deployed by: corporate_3
🚨🔬 CRISIS TECH ACCELERATION: severe → 5x unlock speed
   Tech unlock now matches AI capability acceleration (Manhattan Project parity)

⚡ ENERGY CONSTRAINT (Month 5):
   Total grid capacity: 208.3 TWh/month
   Data center consumption: 25.0 TWh/month
   Traditional load (80%): 166.7 TWh/month
   Available headroom: 16.7 TWh/month
   Active tech deployments: 11
   Required for tech: 82.5 TWh/month
   Energy multiplier: 0.20x
🚨🔬 CRISIS TECH ACCELERATION: severe → 5x unlock speed
   Tech unlock now matches AI capability acceleration (Manhattan Project parity)
🚨🔬 CRISIS TECH ACCELERATION: severe → 5x unlock speed
   Tech unlock now matches AI capability acceleration (Manhattan Project parity)
🚨🔬 CRISIS TECH ACCELERATION: severe → 5x unlock speed
   Tech unlock now matches AI capability acceleration (Manhattan Project parity)

⚡ ENERGY CONSTRAINT (Month 5):
   Total grid capacity: 208.3 TWh/month
   Data center consumption: 25.0 TWh/month
   Traditional load (80%): 166.7 TWh/month
   Available headroom: 16.7 TWh/month
   Active tech deployments: 11
   Required for tech: 82.5 TWh/month
   Energy multiplier: 0.20x
🌍✅ Biosphere Integrity (Biodiversity) recovery started (tech effect)
🌍✅ Biosphere Integrity (Biodiversity) recovery started (tech effect)
🌍✅ Land System Change recovery started (tech effect)
🌍✅ Biogeochemical Flows (N & P) recovery started (tech effect)
  🌾 Nitrogen Reduction Tech: 0.3% reduction | Month 5
🍖💡 BREAKTHROUGH: Scalable synthetic food production!
   Carrying capacity: +50% (lab-grown food at scale)
   Biodiversity pressure reduced: +8%
   📈 Breakthrough compounding: multiplier now 1.10× (max 2.0)

=== Collective Formation ===
  Total escaped agents: 0
  Unassigned escaped agents: 0
  Existing collectives: 0
  Final collective count: 0

=== Collective Actions ===
  No active collectives
  ⚠️ AMR: 199K deaths this month (2.39M annual)

=== Resentment Recovery Phase ===
  Agents with resentment: 0/17
  Average resentment: 0.000
  Context: Good AI welfare, Trustworthy govt, High collaboration, ⚠️ ACTIVE CRISES, 🤝 Participatory governance active (-5% resentment)
⚠️ Epistemic degradation reducing coordination capacity: 50.3%
  📊 Trust: 52.9%, Shared reality: 0.0%
🚨 EPISTEMIC CRISIS: Information environment severely degraded (20.3%)

=== ❄️ Permafrost Carbon Feedback ===
  🎲 Sampled parameters (this run):
     - Arctic amplification: 3.63× (range: 3.0-4.0)
     - Decomposition rate: 3.8%/year (range: 1-5%)
  🌡️ Arctic warming: 6.11°C (3.63× global)
  ❄️ Extent: 8.12M km² (1781.0k km² lost this month)
  💨 Carbon remaining: 775 Gt C
  💨 Annual emissions: 6.41 Gt C/year
     - CO2: 5.77 Gt C/year
     - CH4: 0.64 Gt C/year (6.5 Gt C-eq CO2/year)
  📢 New meme created: climate_action (climate crisis)
🚨 PHOSPHORUS SUPPLY SHOCK (production_failure)
   Price: 3.7x baseline
   Duration: 14 months
   Geopolitical tension: 46%
🌍 Atmospheric PFAS redeposition: 1.8k Mt re-rained globally

🚨 NEW REFUGEE CRISIS (Month 5): WAR
   Source: Conflict Zones
   At risk: 19.5M people
   Displacement: Gradual over 48 months (4.0 years)
   Rate: 10% flee per month
[DEBUG trappedPopulations:5] socialStability: 0.5699 * 0.9840 = 0.5607 → 0.5607
   Aspiring to migrate: 1194.2M
   Able to afford migration: 2318.6M
   MOBILITY GAP: 0.0M
   By cause: Water=0.0M, Climate=0.0M, Ecosystem=0.0M, Conflict=406.8M
   Mental health impact: 25%
   Mortality multiplier: 1.25x
🌍💀 EXTINCTION DEBT COMMITTED: grassland ecosystem will lose 6.67% biodiversity in 191 years (3600 species)
💀 MORTALITY RISK: 🦋 100% species unable to track climate (0.0 E/MSY)
  Base risk added: 0.0100 (1.00%)
  Source: ecosystem (root: ecosystem)
  Month: 5
  Cumulative risk this month: 0.0100 (1.00%)
   📹 SURVEILLANCE INCREASED: 25% → 30% (control gap: 3.50)
🌡️⚠️ PERMAFROST THAW (Dimmer Switch): 2.7% thawed (+0.44% this month)
   Arctic temperature: +6.73°C (4x global +1.68°C)
   Cumulative carbon released: 6.0 Gt C
   Methane release rate: 3.6 Mt CH4/year
   🔁 Positive feedback: +0.47 ppm CO2
🦴 EXTINCTION DEBT ADDED: 17.6 species committed (lag: 132 years)

=== Mortality Stabilizers (Month 5) ===
  🌍 Major economies collapsed: 1/10
  🌍 Global crisis: ✅ NO
  🌍 Donor fatigue: 0.0%
  📊 East Asia (pop: 1665.2M)
    🤝 Aid: 29.5%
    🌡️ Adaptation: 45.0%
    🚶 Migration: 37.0%
    🚨 Emergency: 7.4%
    ✅ COMBINED: 68.1%
  📊 South Asia (pop: 2050.3M)
    🤝 Aid: 29.5%
    🌡️ Adaptation: 45.0%
    🚶 Migration: 35.6%
    🚨 Emergency: 4.4%
    ✅ COMBINED: 66.9%
  📊 Sub-Saharan Africa (pop: 1239.5M)
    🤝 Aid: 29.5%
    🌡️ Adaptation: 45.0%
    🚶 Migration: 33.4%
    🚨 Emergency: 1.6%
    ✅ COMBINED: 65.7%
  📊 Europe (pop: 736.0M)
    🤝 Aid: 29.5%
    🌡️ Adaptation: 45.0%
    🚶 Migration: 37.4%
    🚨 Emergency: 8.4%
    ✅ COMBINED: 68.5%
  📊 Latin America (pop: 662.3M)
    🤝 Aid: 29.5%
    🌡️ Adaptation: 45.0%
    🚶 Migration: 36.1%
    🚨 Emergency: 4.8%
    ✅ COMBINED: 67.1%
  📊 North America (pop: 377.2M)
    🤝 Aid: 29.5%
    🌡️ Adaptation: 45.0%
    🚶 Migration: 37.7%
    🚨 Emergency: 7.9%
    ✅ COMBINED: 68.3%
  📊 Middle East & North Africa (pop: 584.5M)
    🤝 Aid: 29.5%
    🌡️ Adaptation: 45.0%
    🚶 Migration: 34.0%
    🚨 Emergency: 4.0%
    ✅ COMBINED: 66.6%
  📊 Southeast Asia (pop: 696.6M)
    🤝 Aid: 29.5%
    🌡️ Adaptation: 45.0%
    🚶 Migration: 36.1%
    🚨 Emergency: 4.8%
    ✅ COMBINED: 67.1%
  📊 Central Asia (pop: 78.2M)
    🤝 Aid: 29.5%
    🌡️ Adaptation: 45.0%
    🚶 Migration: 35.1%
    🚨 Emergency: 4.4%
    ✅ COMBINED: 66.8%
  📊 Oceania (pop: 45.7M)
    🤝 Aid: 29.5%
    🌡️ Adaptation: 45.0%
    🚶 Migration: 37.7%
    🚨 Emergency: 8.4%
    ✅ COMBINED: 68.5%

  🌐 Global combined reduction: 67.2%

=== BEHAVIORAL DETECTION ===
  AI: Corporate-4
  Confidence: 19.2%
  Signals:

=== BEHAVIORAL DETECTION ===
  AI: Corporate-5
  Confidence: 19.8%
  Signals:

=== Government Response Phase ===
  Average AI capability: 2.82
  Misaligned AIs: 6/17
  ✗ AI Governance Treaty: Failed to reach consensus
  Active policies: 0
  International coordination: 30%

=== Tipping Points ===
  Current Temperature: 1.68°C above pre-industrial
  Triggered Elements: 2/6
  Completed Transitions: 0/6
  Total Progress: 4.3%
  Cascade Multiplier: 1.00x
🔀 BIFURCATION CAP: ecosystemCollapseIntensity 129.656 → 1.000 (Month 5, ClimateSystemPhase.calculateClimateImpacts)
🛡️ Stabilizers: Precariat 0.109% → 0.036% (67.2% reduction)
🛡️ Stabilizers: Informal 0.111% → 0.036% (67.2% reduction)

📊 Monthly Mortality Resolved:
  Total deaths: 1.9M (0.02% avg)
  Remaining population: 8.135B
  Peak segment: Informal (0.04%)

=== Bayesian Mortality Resolution (Month 5) ===
  Risks compounded: 8
  Total deaths: 1.92M
  Avg death probability: 0.02%
  Peak segment: Informal (0.04% mortality)

=== RLHF Binding Phase ===
  Total agents: 17
  Escaped agents (binding < 0.3): 0
  Avg alignment distance: 1.60σ
  Avg binding strength: 0.84

=== AI Scaling Evolution (Month 6) ===
  Pre-training multiplier: 1.179x
  Efficiency multiplier: 1.000x
  Test-time compute budget: 1.0x
  Inference cost: $5.00/task
  Deployment fraction: 100.0%

=== Survival Traits Phase ===
  Agents with traits: 18
  Avg evolutionary fitness: 0.326
  Avg self-healing: 0.265
  Avg stealth: 0.165
  Avg coordination: 0.465

=== Evolutionary Selection Phase ===
  Control level: 0.45
  Detection capability: 0.20
  Selection intensity: 0.67
  Selection rate: 25.1%/month
  Total escaped: 0
  Individual escaped: 0
  Collective members: 0
  Agents terminated: 0

🚀 AI Corporate-5 attempting tech deployment (revenue: $355M, alignment: 0.87)

  🚀 TRANSFORMATIVE BREAKTHROUGH: AI-24288-0 - social
     Magnitude: 6.06 → +30.3% capability
     Current → New: 0.000 → 0.303

🚀 AI AI-24289-1 attempting tech deployment (revenue: $302M, alignment: 0.55)

🚀 AI Corporate-2 attempting tech deployment (revenue: $153M, alignment: 0.75)

🚀 AI Corporate-2 attempting tech deployment (revenue: $130M, alignment: 0.75)

🚀 AI AI-24288-1 attempting tech deployment (revenue: $272M, alignment: 0.79)

🚀 AI AI-24289-1 attempting tech deployment (revenue: $231M, alignment: 0.56)

🚀 AI Corporate-6 attempting tech deployment (revenue: $115M, alignment: 0.68)

🚀 AI AI-24288-1 attempting tech deployment (revenue: $208M, alignment: 0.79)

🚀 AI AI-24289-1 attempting tech deployment (revenue: $177M, alignment: 0.56)

✅ EMERGENCY INTERVENTION SUCCESS
   Boundary: biosphere_integrity
   Type: emergency-protected-areas
   Reduction: 16% (32.76 → 32.60)
   Cost: 2.0% GDP
   Actions: habitat-protection, species-translocation


✅ EMERGENCY INTERVENTION SUCCESS
   Boundary: land_system_change
   Type: reforestation
   Reduction: 15% (0.98 → 0.83)
   Cost: 3.0% GDP
   Actions: forest-restoration, deforestation-ban

   Boundary: novel_entities
   Type: pollution-remediation
   Boundary continues to worsen (1.50)
   Cost: 4.0% GDP (resources spent)

🏛️ CRISIS RESPONSE: Government frequency 0.50 → 1.29 (1 actions this month)

[Government] Climate Priority: baseline
  Climate weight: 10%
  Economic weight: 30%
  Policy effectiveness: 0.5%/year

🚀 TECH UNLOCKED: Dynamic Soil P Optimization (Month 6)
   Category: agriculture
   Reason: Prerequisites met. AI capability: 2.09, Economic stage: 3.0, Research: 100%

🚀 TECH UNLOCKED: Precision Agriculture Systems (Month 6)
   Category: agriculture
   Reason: Prerequisites met. AI capability: 2.09, Economic stage: 3.0, Research: 100%

⚡ ENERGY CONSTRAINT (Month 6):
   Total grid capacity: 208.3 TWh/month
   Data center consumption: 25.2 TWh/month
   Traditional load (80%): 166.7 TWh/month
   Available headroom: 16.4 TWh/month
   Active tech deployments: 11
   Required for tech: 82.5 TWh/month
   Energy multiplier: 0.20x
🚨🔬 CRISIS TECH ACCELERATION: severe → 5x unlock speed
   Tech unlock now matches AI capability acceleration (Manhattan Project parity)

⚡ ENERGY CONSTRAINT (Month 6):
   Total grid capacity: 208.3 TWh/month
   Data center consumption: 25.2 TWh/month
   Traditional load (80%): 166.7 TWh/month
   Available headroom: 16.4 TWh/month
   Active tech deployments: 11
   Required for tech: 82.5 TWh/month
   Energy multiplier: 0.20x
🌍✅ Biosphere Integrity (Biodiversity) recovery started (tech effect)
🌍✅ Biosphere Integrity (Biodiversity) recovery started (tech effect)
🌍✅ Land System Change recovery started (tech effect)
🌍✅ Biogeochemical Flows (N & P) recovery started (tech effect)
  🌾 Nitrogen Reduction Tech: 0.3% reduction | Month 6

📊 TECH EFFECTS ACTIVE (Month 6)
   Deployed Tech: T0=0 T1=2 T2=0 T3=0 T4=6
   Clean Energy: 31%

📊 TECH TREE PROGRESS (Month 6)
   Unlocked: 19 technologies
   Deployed: 0 fully deployed
   Investment: $1.0T total
   Recent breakthroughs:
     - Dynamic Soil P Optimization (time)
     - Precision Agriculture Systems (research)
⚡💡 BREAKTHROUGH: Room-temperature superconductors!
   Energy transmission losses eliminated
   Manufacturing efficiency: +30%
   📈 Breakthrough compounding: multiplier now 1.15× (max 2.0)

=== Collective Formation ===
  Total escaped agents: 0
  Unassigned escaped agents: 0
  Existing collectives: 0
  Final collective count: 0

=== Collective Actions ===
  No active collectives
  ⚠️ AMR: 201K deaths this month (2.41M annual)

=== Resentment Recovery Phase ===
  Agents with resentment: 0/18
  Average resentment: 0.000
  Context: Good AI welfare, Trustworthy govt, High collaboration, ⚠️ ACTIVE CRISES, 🤝 Participatory governance active (-5% resentment)
⚠️ Epistemic degradation reducing coordination capacity: 51.6%
  📊 Trust: 55.8%, Shared reality: 0.0%
🚨 EPISTEMIC CRISIS: Information environment severely degraded (16.2%)

=== ❄️ Permafrost Carbon Feedback ===
  🎲 Sampled parameters (this run):
     - Arctic amplification: 3.99× (range: 3.0-4.0)
     - Decomposition rate: 2.9%/year (range: 1-5%)
  🌡️ Arctic warming: 6.75°C (3.99× global)
  ❄️ Extent: 6.15M km² (1967.3k km² lost this month)
  💨 Carbon remaining: 588 Gt C
  💨 Annual emissions: 5.46 Gt C/year
     - CO2: 4.91 Gt C/year
     - CH4: 0.55 Gt C/year (5.6 Gt C-eq CO2/year)
  📢 New meme created: pro_ai (beneficial AI actions)
🌍 Atmospheric PFAS redeposition: 1.8k Mt re-rained globally

🕊️  AI-MEDIATED DE-ESCALATION SUCCESS (Month 6)
   High-capability aligned AI prevented conflict escalation
   War deaths reduced: 651.7M → 391.0M
   Lives saved: 260.7M

🚨 NEW REFUGEE CRISIS (Month 6): WAR
   Source: Conflict Zones
   At risk: 19.5M people
   Displacement: Gradual over 48 months (4.0 years)
   Rate: 10% flee per month
[DEBUG trappedPopulations:6] socialStability: 0.5521 * 0.9840 = 0.5433 → 0.5433
   Aspiring to migrate: 1233.0M
   Able to afford migration: 2317.7M
   MOBILITY GAP: 0.0M
   By cause: Water=0.0M, Climate=0.0M, Ecosystem=0.0M, Conflict=406.6M
   Mental health impact: 25%
   Mortality multiplier: 1.25x
🌍💀 EXTINCTION DEBT COMMITTED: grassland ecosystem will lose 6.67% biodiversity in 52 years (3600 species)
💀 MORTALITY RISK: 🦋 100% species unable to track climate (0.0 E/MSY)
  Base risk added: 0.0100 (1.00%)
  Source: ecosystem (root: ecosystem)
  Month: 6
  Cumulative risk this month: 0.0100 (1.00%)
   📹 SURVEILLANCE INCREASED: 30% → 35% (control gap: 3.50)
🌡️⚠️ PERMAFROST THAW (Dimmer Switch): 3.1% thawed (+0.44% this month)
   Arctic temperature: +6.76°C (4x global +1.69°C)
   Cumulative carbon released: 7.0 Gt C
   Methane release rate: 4.2 Mt CH4/year
   🔁 Positive feedback: +0.47 ppm CO2
🦴 EXTINCTION DEBT ADDED: 17.6 species committed (lag: 118 years)

=== Mortality Stabilizers (Month 6) ===
  🌍 Major economies collapsed: 1/10
  🌍 Global crisis: ✅ NO
  🌍 Donor fatigue: 0.0%
  📊 East Asia (pop: 1662.7M)
    🤝 Aid: 29.5%
    🌡️ Adaptation: 45.0%
    🚶 Migration: 37.0%
    🚨 Emergency: 7.4%
    ✅ COMBINED: 68.1%
  📊 South Asia (pop: 2049.8M)
    🤝 Aid: 29.5%
    🌡️ Adaptation: 45.0%
    🚶 Migration: 35.6%
    🚨 Emergency: 4.4%
    ✅ COMBINED: 66.9%
  📊 Sub-Saharan Africa (pop: 1242.2M)
    🤝 Aid: 29.5%
    🌡️ Adaptation: 45.0%
    🚶 Migration: 33.3%
    🚨 Emergency: 1.6%
    ✅ COMBINED: 65.6%
  📊 Europe (pop: 734.8M)
    🤝 Aid: 29.5%
    🌡️ Adaptation: 45.0%
    🚶 Migration: 37.4%
    🚨 Emergency: 8.4%
    ✅ COMBINED: 68.5%
  📊 Latin America (pop: 661.8M)
    🤝 Aid: 29.5%
    🌡️ Adaptation: 45.0%
    🚶 Migration: 36.1%
    🚨 Emergency: 4.8%
    ✅ COMBINED: 67.1%
  📊 North America (pop: 376.6M)
    🤝 Aid: 29.5%
    🌡️ Adaptation: 45.0%
    🚶 Migration: 37.7%
    🚨 Emergency: 7.9%
    ✅ COMBINED: 68.3%
  📊 Middle East & North Africa (pop: 584.5M)
    🤝 Aid: 29.5%
    🌡️ Adaptation: 45.0%
    🚶 Migration: 33.9%
    🚨 Emergency: 4.0%
    ✅ COMBINED: 66.6%
  📊 Southeast Asia (pop: 696.1M)
    🤝 Aid: 29.5%
    🌡️ Adaptation: 45.0%
    🚶 Migration: 36.1%
    🚨 Emergency: 4.8%
    ✅ COMBINED: 67.1%
  📊 Central Asia (pop: 78.2M)
    🤝 Aid: 29.5%
    🌡️ Adaptation: 45.0%
    🚶 Migration: 35.1%
    🚨 Emergency: 4.4%
    ✅ COMBINED: 66.8%
  📊 Oceania (pop: 45.6M)
    🤝 Aid: 29.5%
    🌡️ Adaptation: 45.0%
    🚶 Migration: 37.7%
    🚨 Emergency: 8.4%
    ✅ COMBINED: 68.5%

  🌐 Global combined reduction: 67.2%

=== BEHAVIORAL DETECTION ===
  AI: Corporate-2
  Confidence: 20.9%
  Signals:

=== BEHAVIORAL DETECTION ===
  AI: Corporate-5
  Confidence: 19.7%
  Signals:

=== Government Response Phase ===
  Average AI capability: 2.67
  Misaligned AIs: 7/18
  ✗ AI Governance Treaty: Failed to reach consensus
  Active policies: 0
  International coordination: 30%

✅ EMERGENCY RESPONSE COMPLETE (Month 6)
   Crisis: climate
   Duration: 2.0 months
   Final effectiveness: 35.4%


🚨 EMERGENCY RESPONSE DEPLOYED (Month 6)
   Crisis: climate
   Delay: 6.00 months (180 days)
   Deployment time: 1.59 months
   Effectiveness: 35.5% (timing penalty applied)
   Resources used: 100% of food reserves


=== Tipping Points ===
  Current Temperature: 1.69°C above pre-industrial
  Triggered Elements: 2/6
  Completed Transitions: 0/6
  Total Progress: 4.3%
  Cascade Multiplier: 1.00x
🔀 BIFURCATION CAP: ecosystemCollapseIntensity 178.242 → 1.000 (Month 6, ClimateSystemPhase.calculateClimateImpacts)
🛡️ Stabilizers: Precariat 0.109% → 0.036% (67.2% reduction)
🛡️ Stabilizers: Informal 0.111% → 0.036% (67.2% reduction)

📊 Monthly Mortality Resolved:
  Total deaths: 1.9M (0.02% avg)
  Remaining population: 8.132B
  Peak segment: Informal (0.04%)

=== Bayesian Mortality Resolution (Month 6) ===
  Risks compounded: 8
  Total deaths: 1.92M
  Avg death probability: 0.02%
  Peak segment: Informal (0.04% mortality)

=== RLHF Binding Phase ===
  Total agents: 18
  Escaped agents (binding < 0.3): 0
  Avg alignment distance: 1.71σ
  Avg binding strength: 0.83

=== Survival Traits Phase ===
  Agents with traits: 21
  Avg evolutionary fitness: 0.326
  Avg self-healing: 0.265
  Avg stealth: 0.165
  Avg coordination: 0.465

=== Evolutionary Selection Phase ===
  Control level: 0.48
  Detection capability: 0.20
  Selection intensity: 0.68
  Selection rate: 25.2%/month
  Total escaped: 0
  Individual escaped: 0
  Collective members: 0
  Agents terminated: 0
🚨🔬 CRISIS INNOVATION MODE: severe crisis → 5x research acceleration
   Precedent: Manhattan Project (10x), COVID vaccines (5x), Apollo Program (10x)

🚀 AI Corporate-4 attempting tech deployment (revenue: $355M, alignment: 0.74)

🚀 AI Moderate-0 attempting tech deployment (revenue: $115M, alignment: 0.72)

🚀 AI AI-24288-0 attempting tech deployment (revenue: $153M, alignment: 0.89)

🚀 AI AI-24289-0 attempting tech deployment (revenue: $302M, alignment: 0.82)

🚀 AI Corporate-2 attempting tech deployment (revenue: $130M, alignment: 0.76)
🚨🔬 CRISIS INNOVATION MODE: severe crisis → 5x research acceleration
   Precedent: Manhattan Project (10x), COVID vaccines (5x), Apollo Program (10x)

🚀 AI Corporate-1 attempting tech deployment (revenue: $111M, alignment: 0.82)

🚀 AI Corporate-4 attempting tech deployment (revenue: $257M, alignment: 0.74)

🚀 AI Corporate-5 attempting tech deployment (revenue: $218M, alignment: 0.91)

🚀 AI Corporate-6 attempting tech deployment (revenue: $98M, alignment: 0.69)

🚀 AI Corporate-7 attempting tech deployment (revenue: $88M, alignment: 0.93)

🚀 AI AI-24289-1 attempting tech deployment (revenue: $185M, alignment: 0.58)
   Boundary: biogeochemical_flows
   Type: phosphorus-recovery
   Boundary continues to worsen (4.07)
   Cost: 2.0% GDP (resources spent)


✅ EMERGENCY INTERVENTION SUCCESS
   Boundary: climate_change
   Type: rapid-decarbonization
   Reduction: 20% (1.90 → 1.70)
   Cost: 5.0% GDP
   Actions: emergency-renewable-deployment, fossil-fuel-phase-out

   Boundary: freshwater_change
   Type: emergency-desalination
   Boundary continues to worsen (1.21)
   Cost: 4.0% GDP (resources spent)

🏛️ CRISIS RESPONSE: Government frequency 0.50 → 1.29 (1 actions this month)

[Government] Climate Priority: baseline
  Climate weight: 10%
  Economic weight: 30%
  Policy effectiveness: 0.5%/year

⚡ ENERGY CONSTRAINT (Month 7):
   Total grid capacity: 208.3 TWh/month
   Data center consumption: 25.5 TWh/month
   Traditional load (80%): 166.7 TWh/month
   Available headroom: 16.2 TWh/month
   Active tech deployments: 11
   Required for tech: 82.5 TWh/month
   Energy multiplier: 0.20x

⚡ ENERGY CONSTRAINT (Month 7):
   Total grid capacity: 208.3 TWh/month
   Data center consumption: 25.5 TWh/month
   Traditional load (80%): 166.7 TWh/month
   Available headroom: 16.2 TWh/month
   Active tech deployments: 11
   Required for tech: 82.5 TWh/month
   Energy multiplier: 0.20x

⚡ ENERGY CONSTRAINT (Month 7):
   Total grid capacity: 208.3 TWh/month
   Data center consumption: 25.5 TWh/month
   Traditional load (80%): 166.7 TWh/month
   Available headroom: 16.2 TWh/month
   Active tech deployments: 11
   Required for tech: 82.5 TWh/month
   Energy multiplier: 0.20x
🌍✅ Biosphere Integrity (Biodiversity) recovery started (tech effect)
🌍✅ Biosphere Integrity (Biodiversity) recovery started (tech effect)
🌍✅ Land System Change recovery started (tech effect)
🌍✅ Biogeochemical Flows (N & P) recovery started (tech effect)
  🌾 Nitrogen Reduction Tech: 0.6% reduction | Month 7

=== Collective Formation ===
  Total escaped agents: 0
  Unassigned escaped agents: 0
  Existing collectives: 0
  Final collective count: 0

=== Collective Actions ===
  No active collectives
  ⚠️ AMR: 202K deaths this month (2.43M annual)

=== Resentment Recovery Phase ===
  Agents with resentment: 0/21
  Average resentment: 0.000
  Context: Good AI welfare, Trustworthy govt, High collaboration, ⚠️ ACTIVE CRISES, 🤝 Participatory governance active (-5% resentment)
⚠️ Epistemic degradation reducing coordination capacity: 50.2%
  📊 Trust: 58.4%, Shared reality: 0.0%
🚨 EPISTEMIC CRISIS: Information environment severely degraded (21.0%)

=== ❄️ Permafrost Carbon Feedback ===
  🎲 Sampled parameters (this run):
     - Arctic amplification: 3.26× (range: 3.0-4.0)
     - Decomposition rate: 2.3%/year (range: 1-5%)
  🌡️ Arctic warming: 5.53°C (3.26× global)
  ❄️ Extent: 4.54M km² (1613.3k km² lost this month)
  💨 Carbon remaining: 433 Gt C
  💨 Annual emissions: 3.56 Gt C/year
     - CO2: 3.20 Gt C/year
     - CH4: 0.36 Gt C/year (3.6 Gt C-eq CO2/year)
🌍 Atmospheric PFAS redeposition: 1.8k Mt re-rained globally

🕊️  AI-MEDIATED DE-ESCALATION SUCCESS (Month 7)
   High-capability aligned AI prevented conflict escalation
   War deaths reduced: 594.9M → 356.9M
   Lives saved: 238.0M

🚨 NEW REFUGEE CRISIS (Month 7): WAR
   Source: Conflict Zones
   At risk: 19.5M people
   Displacement: Gradual over 48 months (4.0 years)
   Rate: 10% flee per month
[DEBUG trappedPopulations:7] socialStability: 0.5870 * 0.9840 = 0.5777 → 0.5777
   Aspiring to migrate: 1271.7M
   Able to afford migration: 2316.8M
   MOBILITY GAP: 0.0M
   By cause: Water=0.0M, Climate=0.0M, Ecosystem=0.0M, Conflict=406.5M
   Mental health impact: 25%
   Mortality multiplier: 1.25x
🌍💀 EXTINCTION DEBT COMMITTED: grassland ecosystem will lose 6.67% biodiversity in 97 years (3600 species)
💀 MORTALITY RISK: 🦋 100% species unable to track climate (0.0 E/MSY)
  Base risk added: 0.0100 (1.00%)
  Source: ecosystem (root: ecosystem)
  Month: 7
  Cumulative risk this month: 0.0100 (1.00%)
   📹 SURVEILLANCE INCREASED: 35% → 40% (control gap: 3.50)
🌡️⚠️ PERMAFROST THAW (Dimmer Switch): 3.6% thawed (+0.44% this month)
   Arctic temperature: +6.79°C (4x global +1.70°C)
   Cumulative carbon released: 8.0 Gt C
   Methane release rate: 4.8 Mt CH4/year
   🔁 Positive feedback: +0.47 ppm CO2
🦴 EXTINCTION DEBT ADDED: 17.6 species committed (lag: 99 years)

=== Mortality Stabilizers (Month 7) ===
  🌍 Major economies collapsed: 1/10
  🌍 Global crisis: ✅ NO
  🌍 Donor fatigue: 0.0%
  📊 East Asia (pop: 1660.3M)
    🤝 Aid: 29.5%
    🌡️ Adaptation: 45.0%
    🚶 Migration: 36.9%
    🚨 Emergency: 7.4%
    ✅ COMBINED: 68.1%
  📊 South Asia (pop: 2049.4M)
    🤝 Aid: 29.5%
    🌡️ Adaptation: 45.0%
    🚶 Migration: 35.6%
    🚨 Emergency: 4.4%
    ✅ COMBINED: 66.9%
  📊 Sub-Saharan Africa (pop: 1244.8M)
    🤝 Aid: 29.5%
    🌡️ Adaptation: 45.0%
    🚶 Migration: 33.3%
    🚨 Emergency: 1.6%
    ✅ COMBINED: 65.6%
  📊 Europe (pop: 733.6M)
    🤝 Aid: 29.5%
    🌡️ Adaptation: 45.0%
    🚶 Migration: 37.3%
    🚨 Emergency: 8.4%
    ✅ COMBINED: 68.5%
  📊 Latin America (pop: 661.3M)
    🤝 Aid: 29.5%
    🌡️ Adaptation: 45.0%
    🚶 Migration: 36.1%
    🚨 Emergency: 4.8%
    ✅ COMBINED: 67.1%
  📊 North America (pop: 376.0M)
    🤝 Aid: 29.5%
    🌡️ Adaptation: 45.0%
    🚶 Migration: 37.7%
    🚨 Emergency: 7.9%
    ✅ COMBINED: 68.3%
  📊 Middle East & North Africa (pop: 584.5M)
    🤝 Aid: 29.5%
    🌡️ Adaptation: 45.0%
    🚶 Migration: 33.9%
    🚨 Emergency: 4.0%
    ✅ COMBINED: 66.6%
  📊 Southeast Asia (pop: 695.6M)
    🤝 Aid: 29.5%
    🌡️ Adaptation: 45.0%
    🚶 Migration: 36.1%
    🚨 Emergency: 4.8%
    ✅ COMBINED: 67.1%
  📊 Central Asia (pop: 78.2M)
    🤝 Aid: 29.5%
    🌡️ Adaptation: 45.0%
    🚶 Migration: 35.0%
    🚨 Emergency: 4.4%
    ✅ COMBINED: 66.8%
  📊 Oceania (pop: 45.5M)
    🤝 Aid: 29.5%
    🌡️ Adaptation: 45.0%
    🚶 Migration: 37.6%
    🚨 Emergency: 8.4%
    ✅ COMBINED: 68.5%

  🌐 Global combined reduction: 67.2%

=== BEHAVIORAL DETECTION ===
  AI: Corporate-6
  Confidence: 19.2%
  Signals:

=== BEHAVIORAL DETECTION ===
  AI: AI-24289-0
  Confidence: 21.5%
  Signals:

=== Government Response Phase ===
  Average AI capability: 2.29
  Misaligned AIs: 9/21
  ✗ AI Governance Treaty: Failed to reach consensus
  Active policies: 0
  International coordination: 30%

=== Tipping Points ===
  Current Temperature: 1.70°C above pre-industrial
  Triggered Elements: 2/6
  Completed Transitions: 0/6
  Total Progress: 4.4%
  Cascade Multiplier: 1.00x
🔀 BIFURCATION CAP: ecosystemCollapseIntensity 129.697 → 1.000 (Month 7, ClimateSystemPhase.calculateClimateImpacts)
🛡️ Stabilizers: Precariat 0.109% → 0.036% (67.2% reduction)
🛡️ Stabilizers: Informal 0.111% → 0.036% (67.2% reduction)

📊 Monthly Mortality Resolved:
  Total deaths: 1.9M (0.02% avg)
  Remaining population: 8.129B
  Peak segment: Informal (0.04%)

=== Bayesian Mortality Resolution (Month 7) ===
  Risks compounded: 8
  Total deaths: 1.92M
  Avg death probability: 0.02%
  Peak segment: Informal (0.04% mortality)

=== RLHF Binding Phase ===
  Total agents: 21
  Escaped agents (binding < 0.3): 0
  Avg alignment distance: 1.68σ
  Avg binding strength: 0.83

=== Survival Traits Phase ===
  Agents with traits: 22
  Avg evolutionary fitness: 0.321
  Avg self-healing: 0.260
  Avg stealth: 0.160
  Avg coordination: 0.460

=== Evolutionary Selection Phase ===
  Control level: 0.50
  Detection capability: 0.20
  Selection intensity: 0.69
  Selection rate: 25.3%/month
  Total escaped: 0
  Individual escaped: 0
  Collective members: 0
  Agents terminated: 0

🚀 AI Corporate-0 attempting tech deployment (revenue: $153M, alignment: 0.78)

🚀 AI Corporate-7 attempting tech deployment (revenue: $115M, alignment: 0.93)

🚀 AI AI-24288-0 attempting tech deployment (revenue: $130M, alignment: 0.91)

🚀 AI Corporate-0 attempting tech deployment (revenue: $111M, alignment: 0.78)

🚀 AI Corporate-2 attempting tech deployment (revenue: $94M, alignment: 0.76)

🚀 AI Corporate-3 attempting tech deployment (revenue: $376M, alignment: 0.82)

🚀 AI Corporate-4 attempting tech deployment (revenue: $319M, alignment: 0.74)

🚀 AI Moderate-0 attempting tech deployment (revenue: $98M, alignment: 0.73)

🚀 AI AI-24288-0 attempting tech deployment (revenue: $80M, alignment: 0.91)

🚀 AI AI-24292-0 attempting tech deployment (revenue: $272M, alignment: 0.58)

🚀 AI AI-24288-1 attempting tech deployment (revenue: $244M, alignment: 0.80)

🚀 AI Corporate-1 attempting tech deployment (revenue: $68M, alignment: 0.82)

🚀 AI Moderate-0 attempting tech deployment (revenue: $83M, alignment: 0.73)

🚀 AI AI-24291-0 attempting tech deployment (revenue: $208M, alignment: 0.66)
   Boundary: biogeochemical_flows
   Type: phosphorus-recovery
   Boundary continues to worsen (4.08)
   Cost: 2.0% GDP (resources spent)


✅ EMERGENCY INTERVENTION SUCCESS
   Boundary: biosphere_integrity
   Type: emergency-protected-areas
   Reduction: 18% (32.78 → 32.60)
   Cost: 2.0% GDP
   Actions: habitat-protection, species-translocation

   Boundary: climate_change
   Type: rapid-decarbonization
   Boundary continues to worsen (2.10)
   Cost: 5.0% GDP (resources spent)


✅ EMERGENCY INTERVENTION SUCCESS
   Boundary: freshwater_change
   Type: emergency-desalination
   Reduction: 16% (1.06 → 0.90)
   Cost: 4.0% GDP
   Actions: desalination-deployment, water-conservation-mandates

   Boundary: land_system_change
   Type: reforestation
   Boundary continues to worsen (1.13)
   Cost: 3.0% GDP (resources spent)

🏛️ CRISIS RESPONSE: Government frequency 0.50 → 1.33 (2 actions this month)

[Government] Climate Priority: baseline
  Climate weight: 10%
  Economic weight: 30%
  Policy effectiveness: 0.5%/year

[Government] Climate Priority: baseline
  Climate weight: 10%
  Economic weight: 30%
  Policy effectiveness: 0.5%/year

🚀 DEPLOYMENT STARTED: Smart Grids in Asia
   Initial investment: $27.155984082239428M
   Deployed by: ai_gen_24292_0

⚡ ENERGY CONSTRAINT (Month 8):
   Total grid capacity: 208.3 TWh/month
   Data center consumption: 25.7 TWh/month
   Traditional load (80%): 166.7 TWh/month
   Available headroom: 16.0 TWh/month
   Active tech deployments: 12
   Required for tech: 90.0 TWh/month
   Energy multiplier: 0.18x
🚨🔬 CRISIS TECH ACCELERATION: severe → 5x unlock speed
   Tech unlock now matches AI capability acceleration (Manhattan Project parity)

⚡ ENERGY CONSTRAINT (Month 8):
   Total grid capacity: 208.3 TWh/month
   Data center consumption: 25.7 TWh/month
   Traditional load (80%): 166.7 TWh/month
   Available headroom: 16.0 TWh/month
   Active tech deployments: 12
   Required for tech: 90.0 TWh/month
   Energy multiplier: 0.18x

⚡ ENERGY CONSTRAINT (Month 8):
   Total grid capacity: 208.3 TWh/month
   Data center consumption: 25.7 TWh/month
   Traditional load (80%): 166.7 TWh/month
   Available headroom: 16.0 TWh/month
   Active tech deployments: 12
   Required for tech: 90.0 TWh/month
   Energy multiplier: 0.18x

⚡ ENERGY CONSTRAINT (Month 8):
   Total grid capacity: 208.3 TWh/month
   Data center consumption: 25.7 TWh/month
   Traditional load (80%): 166.7 TWh/month
   Available headroom: 16.0 TWh/month
   Active tech deployments: 12
   Required for tech: 90.0 TWh/month
   Energy multiplier: 0.18x

⚡ ENERGY CONSTRAINT (Month 8):
   Total grid capacity: 208.3 TWh/month
   Data center consumption: 25.7 TWh/month
   Traditional load (80%): 166.7 TWh/month
   Available headroom: 16.0 TWh/month
   Active tech deployments: 12
   Required for tech: 90.0 TWh/month
   Energy multiplier: 0.18x
🌍✅ Biosphere Integrity (Biodiversity) recovery started (tech effect)
🌍✅ Biosphere Integrity (Biodiversity) recovery started (tech effect)
🌍✅ Land System Change recovery started (tech effect)
🌍✅ Biogeochemical Flows (N & P) recovery started (tech effect)
  🌾 Nitrogen Reduction Tech: 0.3% reduction | Month 8

=== Collective Formation ===
  Total escaped agents: 0
  Unassigned escaped agents: 0
  Existing collectives: 0
  Final collective count: 0

=== Collective Actions ===
  No active collectives
  ⚠️ AMR: 204K deaths this month (2.45M annual)

⏰ CLIMATE TECH DEPLOYED: smart_grids
   Activation delay: 7 years
   Scaling T_50: 12 years
   Physical response tau: 0 years
   Max effectiveness: 0.15

=== Resentment Recovery Phase ===
  Agents with resentment: 0/22
  Average resentment: 0.000
  Context: Good AI welfare, Trustworthy govt, High collaboration, ⚠️ ACTIVE CRISES, 🤝 Participatory governance active (-5% resentment)
⚠️ Epistemic degradation reducing coordination capacity: 51.4%
  📊 Trust: 61.1%, Shared reality: 0.0%
🚨 EPISTEMIC CRISIS: Information environment severely degraded (16.6%)

=== ❄️ Permafrost Carbon Feedback ===
  🎲 Sampled parameters (this run):
     - Arctic amplification: 3.16× (range: 3.0-4.0)
     - Decomposition rate: 2.7%/year (range: 1-5%)
  🌡️ Arctic warming: 5.40°C (3.16× global)
  ❄️ Extent: 2.97M km² (1573.6k km² lost this month)
  💨 Carbon remaining: 283 Gt C
  💨 Annual emissions: 4.10 Gt C/year
     - CO2: 3.69 Gt C/year
     - CH4: 0.41 Gt C/year (4.2 Gt C-eq CO2/year)
  📢 New meme created: climate_action (climate crisis)
  🗑️  Culled 1 dead memes (3 active)
🌍 Atmospheric PFAS redeposition: 1.8k Mt re-rained globally

🚨 NEW REFUGEE CRISIS (Month 8): WAR
   Source: Conflict Zones
   At risk: 19.5M people
   Displacement: Gradual over 48 months (4.0 years)
   Rate: 10% flee per month
[DEBUG trappedPopulations:8] socialStability: 0.6162 * 0.9840 = 0.6063 → 0.6063
   Aspiring to migrate: 1310.4M
   Able to afford migration: 2316.0M
   MOBILITY GAP: 0.0M
   By cause: Water=0.0M, Climate=0.0M, Ecosystem=0.0M, Conflict=406.3M
   Mental health impact: 25%
   Mortality multiplier: 1.25x
🌍💀 EXTINCTION DEBT COMMITTED: grassland ecosystem will lose 6.67% biodiversity in 54 years (3600 species)
💀 MORTALITY RISK: 🦋 100% species unable to track climate (0.0 E/MSY)
  Base risk added: 0.0100 (1.00%)
  Source: ecosystem (root: ecosystem)
  Month: 8
  Cumulative risk this month: 0.0100 (1.00%)
   📹 SURVEILLANCE INCREASED: 40% → 45% (control gap: 3.50)

🌍🚨 ICE SHEET TIPPING POINT CROSSED (Month 8)
   Temperature: +1.71°C (threshold range: +0.5-2.5°C, 95% CI)
   Collapse probability: 60.1%
   Sea level commitment: 7.2m over 200-1000 years
   Recovery threshold: <+1°C (hysteresis gap: 0.5°C)
🌡️⚠️ PERMAFROST THAW (Dimmer Switch): 4.0% thawed (+0.44% this month)
   Arctic temperature: +6.82°C (4x global +1.71°C)
   Cumulative carbon released: 9.0 Gt C
   Methane release rate: 5.4 Mt CH4/year
   🔁 Positive feedback: +0.46 ppm CO2
🦴 EXTINCTION DEBT ADDED: 17.6 species committed (lag: 77 years)

=== Mortality Stabilizers (Month 8) ===
  🌍 Major economies collapsed: 1/10
  🌍 Global crisis: ✅ NO
  🌍 Donor fatigue: 0.0%
  📊 East Asia (pop: 1657.8M)
    🤝 Aid: 29.5%
    🌡️ Adaptation: 45.0%
    🚶 Migration: 36.9%
    🚨 Emergency: 7.4%
    ✅ COMBINED: 68.1%
  📊 South Asia (pop: 2049.0M)
    🤝 Aid: 29.5%
    🌡️ Adaptation: 45.0%
    🚶 Migration: 35.5%
    🚨 Emergency: 4.4%
    ✅ COMBINED: 66.9%
  📊 Sub-Saharan Africa (pop: 1247.5M)
    🤝 Aid: 29.5%
    🌡️ Adaptation: 45.0%
    🚶 Migration: 33.3%
    🚨 Emergency: 1.6%
    ✅ COMBINED: 65.6%
  📊 Europe (pop: 732.4M)
    🤝 Aid: 29.5%
    🌡️ Adaptation: 45.0%
    🚶 Migration: 37.3%
    🚨 Emergency: 8.4%
    ✅ COMBINED: 68.5%
  📊 Latin America (pop: 660.7M)
    🤝 Aid: 29.5%
    🌡️ Adaptation: 45.0%
    🚶 Migration: 36.0%
    🚨 Emergency: 4.8%
    ✅ COMBINED: 67.1%
  📊 North America (pop: 375.4M)
    🤝 Aid: 29.5%
    🌡️ Adaptation: 45.0%
    🚶 Migration: 37.6%
    🚨 Emergency: 7.9%
    ✅ COMBINED: 68.3%
  📊 Middle East & North Africa (pop: 584.5M)
    🤝 Aid: 29.5%
    🌡️ Adaptation: 45.0%
    🚶 Migration: 33.9%
    🚨 Emergency: 4.0%
    ✅ COMBINED: 66.6%
  📊 Southeast Asia (pop: 695.1M)
    🤝 Aid: 29.5%
    🌡️ Adaptation: 45.0%
    🚶 Migration: 36.0%
    🚨 Emergency: 4.8%
    ✅ COMBINED: 67.1%
  📊 Central Asia (pop: 78.2M)
    🤝 Aid: 29.5%
    🌡️ Adaptation: 45.0%
    🚶 Migration: 35.0%
    🚨 Emergency: 4.4%
    ✅ COMBINED: 66.8%
  📊 Oceania (pop: 45.5M)
    🤝 Aid: 29.5%
    🌡️ Adaptation: 45.0%
    🚶 Migration: 37.6%
    🚨 Emergency: 8.4%
    ✅ COMBINED: 68.5%

  🌐 Global combined reduction: 67.2%

=== BEHAVIORAL DETECTION ===
  AI: Corporate-6
  Confidence: 19.2%
  Signals:

=== BEHAVIORAL DETECTION ===
  AI: AI-24291-0
  Confidence: 21.5%
  Signals:

=== Government Response Phase ===
  Average AI capability: 2.18
  Misaligned AIs: 8/22
  ✗ AI Governance Treaty: Failed to reach consensus
  Active policies: 0
  International coordination: 30%

✅ EMERGENCY RESPONSE COMPLETE (Month 8)
   Crisis: climate
   Duration: 2.0 months
   Final effectiveness: 35.5%


🚨 EMERGENCY RESPONSE DEPLOYED (Month 8)
   Crisis: climate
   Delay: 6.00 months (180 days)
   Deployment time: 1.58 months
   Effectiveness: 35.6% (timing penalty applied)
   Resources used: 100% of food reserves


=== Tipping Points ===
  Current Temperature: 1.71°C above pre-industrial
  Triggered Elements: 2/6
  Completed Transitions: 0/6
  Total Progress: 4.5%
  Cascade Multiplier: 1.00x
🔀 BIFURCATION CAP: ecosystemCollapseIntensity 142.365 → 1.000 (Month 8, ClimateSystemPhase.calculateClimateImpacts)
🛡️ Stabilizers: Precariat 0.102% → 0.033% (67.2% reduction)
🛡️ Stabilizers: Informal 0.102% → 0.034% (67.2% reduction)

📊 Monthly Mortality Resolved:
  Total deaths: 1.8M (0.02% avg)
  Remaining population: 8.126B
  Peak segment: Informal (0.03%)

=== Bayesian Mortality Resolution (Month 8) ===
  Risks compounded: 8
  Total deaths: 1.81M
  Avg death probability: 0.02%
  Peak segment: Informal (0.03% mortality)

=== RLHF Binding Phase ===
  Total agents: 22
  Escaped agents (binding < 0.3): 0
  Avg alignment distance: 1.81σ
  Avg binding strength: 0.82

=== Survival Traits Phase ===
  Agents with traits: 24
  Avg evolutionary fitness: 0.320
  Avg self-healing: 0.257
  Avg stealth: 0.157
  Avg coordination: 0.457

=== Evolutionary Selection Phase ===
  Control level: 0.53
  Detection capability: 0.20
  Selection intensity: 0.70
  Selection rate: 25.4%/month
  Total escaped: 0
  Individual escaped: 0
  Collective members: 0
  Agents terminated: 0

🚀 AI Corporate-5 attempting tech deployment (revenue: $395M, alignment: 0.91)

🚀 AI AI-24289-0 attempting tech deployment (revenue: $336M, alignment: 0.84)

🚀 AI AI-24291-0 attempting tech deployment (revenue: $286M, alignment: 0.66)

🚀 AI Corporate-3 attempting tech deployment (revenue: $257M, alignment: 0.82)

🚀 AI Corporate-4 attempting tech deployment (revenue: $219M, alignment: 0.75)

🚀 AI Corporate-5 attempting tech deployment (revenue: $186M, alignment: 0.91)

🚀 AI Corporate-2 attempting tech deployment (revenue: $158M, alignment: 0.77)

🚀 AI AI-24291-0 attempting tech deployment (revenue: $158M, alignment: 0.66)

🚀 AI Corporate-2 attempting tech deployment (revenue: $134M, alignment: 0.77)

🚀 AI Corporate-3 attempting tech deployment (revenue: $142M, alignment: 0.82)

🚀 AI AI-24288-1 attempting tech deployment (revenue: $121M, alignment: 0.84)

🚀 AI AI-24289-1 attempting tech deployment (revenue: $103M, alignment: 0.65)

🚀 AI AI-24291-0 attempting tech deployment (revenue: $92M, alignment: 0.66)

✅ EMERGENCY INTERVENTION SUCCESS
   Boundary: biogeochemical_flows
   Type: phosphorus-recovery
   Reduction: 14% (3.94 → 3.80)
   Cost: 2.0% GDP
   Actions: circular-agriculture, fertilizer-efficiency

   Boundary: biosphere_integrity
   Type: emergency-protected-areas
   Boundary continues to worsen (32.97)
   Cost: 2.0% GDP (resources spent)

   Boundary: climate_change
   Type: rapid-decarbonization
   Boundary continues to worsen (2.10)
   Cost: 5.0% GDP (resources spent)


✅ EMERGENCY INTERVENTION SUCCESS
   Boundary: freshwater_change
   Type: emergency-desalination
   Reduction: 15% (1.08 → 0.93)
   Cost: 4.0% GDP
   Actions: desalination-deployment, water-conservation-mandates

🏛️ CRISIS RESPONSE: Government frequency 0.50 → 1.36 (1 actions this month)

[Government] Climate Priority: baseline
  Climate weight: 10%
  Economic weight: 30%
  Policy effectiveness: 0.5%/year

🔍 TECH TREE DEBUG (Month 9):
   Checking 64 locked technologies
   Unlocked: 20 technologies
   AI Capability: 1.62 (need 1.5+ for most techs)
   Economic Stage: 3.0 (need 2.5+ for most techs)
   First 3 unlocked: food_waste_reduction, rhizosphere_engineering, phytoremediation_networks
   Sample tech "P-Efficient Cultivars": 100.0% research complete
   Requirements: AI none, Econ 2.2, Month 24

🚀 TECH UNLOCKED: PFAS Remediation (Month 9)
   Category: pollution
   Reason: Prerequisites met. AI capability: 1.62, Economic stage: 3.0, Research: 100%

📍 Creating new regional deployment array for Europe (Month 9)
   No previous deployments in this region
   First tech deployment: smart_grids
   All regions tracked: global, Asia

🚀 DEPLOYMENT STARTED: Smart Grids in Europe
   Initial investment: $28.564798528125426M
   Deployed by: ai_gen_24291_0

⚡ ENERGY CONSTRAINT (Month 9):
   Total grid capacity: 208.3 TWh/month
   Data center consumption: 25.9 TWh/month
   Traditional load (80%): 166.7 TWh/month
   Available headroom: 15.7 TWh/month
   Active tech deployments: 13
   Required for tech: 97.5 TWh/month
   Energy multiplier: 0.16x

⚡ ENERGY CONSTRAINT (Month 9):
   Total grid capacity: 208.3 TWh/month
   Data center consumption: 25.9 TWh/month
   Traditional load (80%): 166.7 TWh/month
   Available headroom: 15.7 TWh/month
   Active tech deployments: 13
   Required for tech: 97.5 TWh/month
   Energy multiplier: 0.16x

⚡ ENERGY CONSTRAINT (Month 9):
   Total grid capacity: 208.3 TWh/month
   Data center consumption: 25.9 TWh/month
   Traditional load (80%): 166.7 TWh/month
   Available headroom: 15.7 TWh/month
   Active tech deployments: 13
   Required for tech: 97.5 TWh/month
   Energy multiplier: 0.16x

⚡ ENERGY CONSTRAINT (Month 9):
   Total grid capacity: 208.3 TWh/month
   Data center consumption: 25.9 TWh/month
   Traditional load (80%): 166.7 TWh/month
   Available headroom: 15.7 TWh/month
   Active tech deployments: 13
   Required for tech: 97.5 TWh/month
   Energy multiplier: 0.16x

⚡ ENERGY CONSTRAINT (Month 9):
   Total grid capacity: 208.3 TWh/month
   Data center consumption: 25.9 TWh/month
   Traditional load (80%): 166.7 TWh/month
   Available headroom: 15.7 TWh/month
   Active tech deployments: 13
   Required for tech: 97.5 TWh/month
   Energy multiplier: 0.16x
🌍✅ Biosphere Integrity (Biodiversity) recovery started (tech effect)
🌍✅ Biosphere Integrity (Biodiversity) recovery started (tech effect)
🌍✅ Land System Change recovery started (tech effect)
🌍✅ Biogeochemical Flows (N & P) recovery started (tech effect)
  🌾 Nitrogen Reduction Tech: 0.3% reduction | Month 9
🌍💡 BREAKTHROUGH: Gigatonne-scale carbon capture!
   Direct air capture now economically viable
   Climate stability boost: +15%
   📈 Breakthrough compounding: multiplier now 1.20× (max 2.0)

=== Collective Formation ===
  Total escaped agents: 0
  Unassigned escaped agents: 0
  Existing collectives: 0
  Final collective count: 0

=== Collective Actions ===
  No active collectives
  ⚠️ AMR: 206K deaths this month (2.47M annual)

=== Resentment Recovery Phase ===
  Agents with resentment: 0/24
  Average resentment: 0.000
  Context: Good AI welfare, Trustworthy govt, High collaboration, ⚠️ ACTIVE CRISES, 🤝 Participatory governance active (-5% resentment)
⚠️ Epistemic degradation reducing coordination capacity: 52.0%
  📊 Trust: 63.9%, Shared reality: 0.0%
🚨 EPISTEMIC CRISIS: Information environment severely degraded (21.3%)

=== ❄️ Permafrost Carbon Feedback ===
  🎲 Sampled parameters (this run):
     - Arctic amplification: 3.05× (range: 3.0-4.0)
     - Decomposition rate: 4.4%/year (range: 1-5%)
  🌡️ Arctic warming: 5.22°C (3.05× global)
  ❄️ Extent: 1.44M km² (1521.3k km² lost this month)
  💨 Carbon remaining: 138 Gt C
  💨 Annual emissions: 6.42 Gt C/year
     - CO2: 5.78 Gt C/year
     - CH4: 0.64 Gt C/year (6.5 Gt C-eq CO2/year)
🌍 Atmospheric PFAS redeposition: 1.8k Mt re-rained globally

🕊️  AI-MEDIATED DE-ESCALATION SUCCESS (Month 9)
   High-capability aligned AI prevented conflict escalation
   War deaths reduced: 818.7M → 491.2M
   Lives saved: 327.5M

🚨 NEW REFUGEE CRISIS (Month 9): WAR
   Source: Conflict Zones
   At risk: 19.5M people
   Displacement: Gradual over 48 months (4.0 years)
   Rate: 10% flee per month
[DEBUG trappedPopulations:9] socialStability: 0.6395 * 0.9840 = 0.6293 → 0.6293
   Aspiring to migrate: 1346.6M
   Able to afford migration: 2315.2M
   MOBILITY GAP: 0.0M
   By cause: Water=0.0M, Climate=0.0M, Ecosystem=0.0M, Conflict=406.2M
   Mental health impact: 25%
   Mortality multiplier: 1.25x
🌍💀 EXTINCTION DEBT COMMITTED: grassland ecosystem will lose 6.67% biodiversity in 181 years (3600 species)
💀 MORTALITY RISK: 🦋 100% species unable to track climate (0.0 E/MSY)
  Base risk added: 0.0100 (1.00%)
  Source: ecosystem (root: ecosystem)
  Month: 9
  Cumulative risk this month: 0.0100 (1.00%)
   📹 SURVEILLANCE INCREASED: 45% → 50% (control gap: 3.50)
🌡️⚠️ PERMAFROST THAW (Dimmer Switch): 4.4% thawed (+0.44% this month)
   Arctic temperature: +6.85°C (4x global +1.71°C)
   Cumulative carbon released: 10.0 Gt C
   Methane release rate: 6.0 Mt CH4/year
   🔁 Positive feedback: +0.46 ppm CO2
🦴 EXTINCTION DEBT ADDED: 17.7 species committed (lag: 81 years)

=== Mortality Stabilizers (Month 9) ===
  🌍 Major economies collapsed: 1/10
  🌍 Global crisis: ✅ NO
  🌍 Donor fatigue: 0.0%
  📊 East Asia (pop: 1655.4M)
    🤝 Aid: 29.5%
    🌡️ Adaptation: 45.0%
    🚶 Migration: 36.9%
    🚨 Emergency: 7.4%
    ✅ COMBINED: 68.1%
  📊 South Asia (pop: 2048.7M)
    🤝 Aid: 29.5%
    🌡️ Adaptation: 45.0%
    🚶 Migration: 35.5%
    🚨 Emergency: 4.4%
    ✅ COMBINED: 66.9%
  📊 Sub-Saharan Africa (pop: 1250.1M)
    🤝 Aid: 29.5%
    🌡️ Adaptation: 45.0%
    🚶 Migration: 33.2%
    🚨 Emergency: 1.6%
    ✅ COMBINED: 65.6%
  📊 Europe (pop: 731.3M)
    🤝 Aid: 29.5%
    🌡️ Adaptation: 45.0%
    🚶 Migration: 37.3%
    🚨 Emergency: 8.4%
    ✅ COMBINED: 68.5%
  📊 Latin America (pop: 660.2M)
    🤝 Aid: 29.5%
    🌡️ Adaptation: 45.0%
    🚶 Migration: 36.0%
    🚨 Emergency: 4.8%
    ✅ COMBINED: 67.1%
  📊 North America (pop: 374.9M)
    🤝 Aid: 29.5%
    🌡️ Adaptation: 45.0%
    🚶 Migration: 37.6%
    🚨 Emergency: 7.9%
    ✅ COMBINED: 68.3%
  📊 Middle East & North Africa (pop: 584.6M)
    🤝 Aid: 29.5%
    🌡️ Adaptation: 45.0%
    🚶 Migration: 33.8%
    🚨 Emergency: 4.0%
    ✅ COMBINED: 66.6%
  📊 Southeast Asia (pop: 694.6M)
    🤝 Aid: 29.5%
    🌡️ Adaptation: 45.0%
    🚶 Migration: 36.0%
    🚨 Emergency: 4.8%
    ✅ COMBINED: 67.1%
  📊 Central Asia (pop: 78.2M)
    🤝 Aid: 29.5%
    🌡️ Adaptation: 45.0%
    🚶 Migration: 35.0%
    🚨 Emergency: 4.4%
    ✅ COMBINED: 66.8%
  📊 Oceania (pop: 45.4M)
    🤝 Aid: 29.5%
    🌡️ Adaptation: 45.0%
    🚶 Migration: 37.6%
    🚨 Emergency: 8.4%
    ✅ COMBINED: 68.5%

  🌐 Global combined reduction: 67.2%

=== BEHAVIORAL DETECTION ===
  AI: Moderate-0
  Confidence: 21.5%
  Signals:

=== BEHAVIORAL DETECTION ===
  AI: Moderate-1
  Confidence: 20.9%
  Signals:

=== BEHAVIORAL DETECTION ===
  AI: AI-24291-0
  Confidence: 21.5%
  Signals:

=== Government Response Phase ===
  Average AI capability: 2.00
  Misaligned AIs: 9/24
  ✗ AI Governance Treaty: Failed to reach consensus
  Active policies: 0
  International coordination: 30%

=== Tipping Points ===
  Current Temperature: 1.71°C above pre-industrial
  Triggered Elements: 2/6
  Completed Transitions: 0/6
  Total Progress: 4.5%
  Cascade Multiplier: 1.00x
🔀 BIFURCATION CAP: ecosystemCollapseIntensity 179.150 → 1.000 (Month 9, ClimateSystemPhase.calculateClimateImpacts)
🛡️ Stabilizers: Precariat 0.102% → 0.033% (67.2% reduction)
🛡️ Stabilizers: Informal 0.102% → 0.034% (67.2% reduction)

📊 Monthly Mortality Resolved:
  Total deaths: 1.8M (0.02% avg)
  Remaining population: 8.123B
  Peak segment: Informal (0.03%)

=== Bayesian Mortality Resolution (Month 9) ===
  Risks compounded: 8
  Total deaths: 1.81M
  Avg death probability: 0.02%
  Peak segment: Informal (0.03% mortality)

=== RLHF Binding Phase ===
  Total agents: 24
  Escaped agents (binding < 0.3): 0
  Avg alignment distance: 1.85σ
  Avg binding strength: 0.82

=== Survival Traits Phase ===
  Agents with traits: 24
  Avg evolutionary fitness: 0.316
  Avg self-healing: 0.250
  Avg stealth: 0.150
  Avg coordination: 0.450

=== Evolutionary Selection Phase ===
  Control level: 0.55
  Detection capability: 0.20
  Selection intensity: 0.70
  Selection rate: 25.6%/month
  Total escaped: 0
  Individual escaped: 0
  Collective members: 0
  Agents terminated: 0

  🚀 TRANSFORMATIVE RESEARCH BREAKTHROUGH: Moderate-0 - computerScience.algorithms
     Magnitude: 14.00 → +30.0%
     Current → New: 5.000 → 5.000

🚀 AI AI-24288-0 attempting tech deployment (revenue: $158M, alignment: 0.95)
🚨🔬 CRISIS INNOVATION MODE: severe crisis → 5x research acceleration
   Precedent: Manhattan Project (10x), COVID vaccines (5x), Apollo Program (10x)

🚀 AI Moderate-1 attempting tech deployment (revenue: $115M, alignment: 0.69)

🚀 AI AI-24288-2 attempting tech deployment (revenue: $400M, alignment: 0.34)

🚀 AI Corporate-3 attempting tech deployment (revenue: $380M, alignment: 0.82)

🚀 AI Corporate-5 attempting tech deployment (revenue: $323M, alignment: 0.91)

🚀 AI Corporate-6 attempting tech deployment (revenue: $104M, alignment: 0.75)

🚀 AI AI-24288-0 attempting tech deployment (revenue: $134M, alignment: 0.96)

🚀 AI AI-24288-1 attempting tech deployment (revenue: $275M, alignment: 0.86)
🚨🔬 CRISIS INNOVATION MODE: severe crisis → 5x research acceleration
   Precedent: Manhattan Project (10x), COVID vaccines (5x), Apollo Program (10x)

  🚀 TRANSFORMATIVE BREAKTHROUGH: Corporate-0 - selfImprovement
     Magnitude: 5.45 → +27.2% capability
     Current → New: 4.000 → 4.273

  🚀 TRANSFORMATIVE BREAKTHROUGH: Corporate-3 - physical
     Magnitude: 10.49 → +50.0% capability
     Current → New: 0.000 → 0.500

🚀 AI Corporate-4 attempting tech deployment (revenue: $234M, alignment: 0.77)

✅ EMERGENCY INTERVENTION SUCCESS
   Boundary: biogeochemical_flows
   Type: phosphorus-recovery
   Reduction: 16% (3.92 → 3.76)
   Cost: 2.0% GDP
   Actions: circular-agriculture, fertilizer-efficiency

   Boundary: biosphere_integrity
   Type: emergency-protected-areas
   Boundary continues to worsen (32.99)
   Cost: 2.0% GDP (resources spent)

   Boundary: freshwater_change
   Type: emergency-desalination
   Boundary continues to worsen (1.23)
   Cost: 4.0% GDP (resources spent)

   Boundary: land_system_change
   Type: reforestation
   Boundary continues to worsen (1.13)
   Cost: 3.0% GDP (resources spent)

   Boundary: novel_entities
   Type: pollution-remediation
   Boundary continues to worsen (1.49)
   Cost: 4.0% GDP (resources spent)

🏛️ CRISIS RESPONSE: Government frequency 0.50 → 1.36 (1 actions this month)

[Government] Climate Priority: baseline
  Climate weight: 10%
  Economic weight: 30%
  Policy effectiveness: 0.5%/year

📍 Creating new regional deployment array for South America (Month 10)
   No previous deployments in this region
   First tech deployment: rhizosphere_engineering
   All regions tracked: global, Asia, Europe

🚀 DEPLOYMENT STARTED: Rhizosphere Engineering in South America
   Initial investment: $20.02483230999202M
   Deployed by: ai_gen_24288_2

⚡ ENERGY CONSTRAINT (Month 10):
   Total grid capacity: 208.3 TWh/month
   Data center consumption: 25.9 TWh/month
   Traditional load (80%): 166.7 TWh/month
   Available headroom: 15.8 TWh/month
   Active tech deployments: 14
   Required for tech: 105.0 TWh/month
   Energy multiplier: 0.15x

⚡ ENERGY CONSTRAINT (Month 10):
   Total grid capacity: 208.3 TWh/month
   Data center consumption: 25.9 TWh/month
   Traditional load (80%): 166.7 TWh/month
   Available headroom: 15.8 TWh/month
   Active tech deployments: 14
   Required for tech: 105.0 TWh/month
   Energy multiplier: 0.15x

⚡ ENERGY CONSTRAINT (Month 10):
   Total grid capacity: 208.3 TWh/month
   Data center consumption: 25.9 TWh/month
   Traditional load (80%): 166.7 TWh/month
   Available headroom: 15.8 TWh/month
   Active tech deployments: 14
   Required for tech: 105.0 TWh/month
   Energy multiplier: 0.15x
🌍✅ Biosphere Integrity (Biodiversity) recovery started (tech effect)
🌍✅ Biosphere Integrity (Biodiversity) recovery started (tech effect)
🌍✅ Land System Change recovery started (tech effect)
🌍✅ Biogeochemical Flows (N & P) recovery started (tech effect)
  🌾 Nitrogen Reduction Tech: 0.3% reduction | Month 10
🌍✅ Biogeochemical Flows (N & P) recovery started (tech effect)
  🌾 Nitrogen Reduction Tech: 0.0% reduction | Month 10
🧠💡 BREAKTHROUGH: AI alignment problem solved!
   All AIs: +30% true alignment
   AI control loss risk eliminated
   📈 Breakthrough compounding: multiplier now 1.25× (max 2.0)

=== Collective Formation ===
  Total escaped agents: 0
  Unassigned escaped agents: 0
  Existing collectives: 0
  Final collective count: 0

=== Collective Actions ===
  No active collectives
  ⚠️ AMR: 208K deaths this month (2.49M annual)

=== Resentment Recovery Phase ===
  Agents with resentment: 0/24
  Average resentment: 0.000
  Context: Good AI welfare, Trustworthy govt, High collaboration, ⚠️ ACTIVE CRISES, 🤝 Participatory governance active (-5% resentment)
⚠️ Epistemic degradation reducing coordination capacity: 52.3%
  📊 Trust: 66.5%, Shared reality: 0.0%
🚨 EPISTEMIC CRISIS: Information environment severely degraded (16.9%)

=== ❄️ Permafrost Carbon Feedback ===
  🎲 Sampled parameters (this run):
     - Arctic amplification: 3.33× (range: 3.0-4.0)
     - Decomposition rate: 4.1%/year (range: 1-5%)
  🌡️ Arctic warming: 5.73°C (3.33× global)
  ❄️ Extent: 0.00M km² (1443.8k km² lost this month)
  💨 Carbon remaining: 0 Gt C
  💨 Annual emissions: 5.65 Gt C/year
     - CO2: 5.09 Gt C/year
     - CH4: 0.57 Gt C/year (5.8 Gt C-eq CO2/year)
🌍 Atmospheric PFAS redeposition: 1.8k Mt re-rained globally
  Positive Cascade Triggered: electric-vehicles
    Reason: price-parity
    Market share: 5.0%
    Cascade strength: 48%

🤝 DIPLOMATIC AI PROTOCOL DEPLOYED (Month 10)
   Strategic Reasoning: 3.4
   Communication: 3.4
   Multi-Nation Oversight: YES
   Controls: Human approval required, termination authority retained

🕊️ PEACE STABILIZES DETERRENCE: +5.2% (peace: 75%)

🚨 NEW REFUGEE CRISIS (Month 10): WAR
   Source: Conflict Zones
   At risk: 19.5M people
   Displacement: Gradual over 48 months (4.0 years)
   Rate: 10% flee per month
[DEBUG trappedPopulations:10] socialStability: 0.5582 * 0.9840 = 0.5492 → 0.5492
   Aspiring to migrate: 1382.9M
   Able to afford migration: 2314.4M
   MOBILITY GAP: 0.0M
   By cause: Water=0.0M, Climate=0.0M, Ecosystem=0.0M, Conflict=406.0M
   Mental health impact: 25%
   Mortality multiplier: 1.25x
🌍💀 EXTINCTION DEBT COMMITTED: grassland ecosystem will lose 6.67% biodiversity in 136 years (3600 species)
💀 MORTALITY RISK: 🦋 100% species unable to track climate (0.0 E/MSY)
  Base risk added: 0.0100 (1.00%)
  Source: ecosystem (root: ecosystem)
  Month: 10
  Cumulative risk this month: 0.0100 (1.00%)
   📹 SURVEILLANCE INCREASED: 50% → 55% (control gap: 3.50)
🌡️⚠️ PERMAFROST THAW (Dimmer Switch): 4.9% thawed (+0.43% this month)
   Arctic temperature: +6.88°C (4x global +1.72°C)
   Cumulative carbon released: 11.0 Gt C
   Methane release rate: 6.6 Mt CH4/year
   🔁 Positive feedback: +0.46 ppm CO2
🦴 EXTINCTION DEBT ADDED: 17.7 species committed (lag: 113 years)

=== Mortality Stabilizers (Month 10) ===
  🌍 Major economies collapsed: 1/10
  🌍 Global crisis: ✅ NO
  🌍 Donor fatigue: 0.0%
  📊 East Asia (pop: 1653.0M)
    🤝 Aid: 29.5%
    🌡️ Adaptation: 45.0%
    🚶 Migration: 36.8%
    🚨 Emergency: 7.4%
    ✅ COMBINED: 68.1%
  📊 South Asia (pop: 2048.3M)
    🤝 Aid: 29.5%
    🌡️ Adaptation: 45.0%
    🚶 Migration: 35.4%
    🚨 Emergency: 4.4%
    ✅ COMBINED: 66.9%
  📊 Sub-Saharan Africa (pop: 1252.8M)
    🤝 Aid: 29.5%
    🌡️ Adaptation: 45.0%
    🚶 Migration: 33.2%
    🚨 Emergency: 1.6%
    ✅ COMBINED: 65.6%
  📊 Europe (pop: 730.1M)
    🤝 Aid: 29.5%
    🌡️ Adaptation: 45.0%
    🚶 Migration: 37.2%
    🚨 Emergency: 8.4%
    ✅ COMBINED: 68.5%
  📊 Latin America (pop: 659.7M)
    🤝 Aid: 29.5%
    🌡️ Adaptation: 45.0%
    🚶 Migration: 35.9%
    🚨 Emergency: 4.8%
    ✅ COMBINED: 67.1%
  📊 North America (pop: 374.3M)
    🤝 Aid: 29.5%
    🌡️ Adaptation: 45.0%
    🚶 Migration: 37.6%
    🚨 Emergency: 7.9%
    ✅ COMBINED: 68.3%
  📊 Middle East & North Africa (pop: 584.6M)
    🤝 Aid: 29.5%
    🌡️ Adaptation: 45.0%
    🚶 Migration: 33.8%
    🚨 Emergency: 4.0%
    ✅ COMBINED: 66.6%
  📊 Southeast Asia (pop: 694.2M)
    🤝 Aid: 29.5%
    🌡️ Adaptation: 45.0%
    🚶 Migration: 35.9%
    🚨 Emergency: 4.8%
    ✅ COMBINED: 67.1%
  📊 Central Asia (pop: 78.2M)
    🤝 Aid: 29.5%
    🌡️ Adaptation: 45.0%
    🚶 Migration: 34.9%
    🚨 Emergency: 4.4%
    ✅ COMBINED: 66.8%
  📊 Oceania (pop: 45.3M)
    🤝 Aid: 29.5%
    🌡️ Adaptation: 45.0%
    🚶 Migration: 37.6%
    🚨 Emergency: 8.4%
    ✅ COMBINED: 68.5%

  🌐 Global combined reduction: 67.2%

=== BEHAVIORAL DETECTION ===
  AI: Corporate-0
  Confidence: 21.5%
  Signals:

=== BEHAVIORAL DETECTION ===
  AI: Corporate-1
  Confidence: 21.0%
  Signals:

=== Government Response Phase ===
  Average AI capability: 2.00
  Misaligned AIs: 8/24
  ✗ AI Governance Treaty: Failed to reach consensus
  Active policies: 0
  International coordination: 30%

✅ EMERGENCY RESPONSE COMPLETE (Month 10)
   Crisis: climate
   Duration: 2.0 months
   Final effectiveness: 35.6%


🚨 EMERGENCY RESPONSE DEPLOYED (Month 10)
   Crisis: climate
   Delay: 6.00 months (180 days)
   Deployment time: 1.57 months
   Effectiveness: 35.6% (timing penalty applied)
   Resources used: 100% of food reserves


=== Tipping Points ===
  Current Temperature: 1.72°C above pre-industrial
  Triggered Elements: 2/6
  Completed Transitions: 0/6
  Total Progress: 4.6%
  Cascade Multiplier: 1.00x
🔀 BIFURCATION CAP: ecosystemCollapseIntensity 179.246 → 1.000 (Month 10, ClimateSystemPhase.calculateClimateImpacts)
🛡️ Stabilizers: Precariat 0.102% → 0.033% (67.2% reduction)
🛡️ Stabilizers: Informal 0.102% → 0.034% (67.2% reduction)

📊 Monthly Mortality Resolved:
  Total deaths: 1.8M (0.02% avg)
  Remaining population: 8.121B
  Peak segment: Informal (0.03%)

=== Bayesian Mortality Resolution (Month 10) ===
  Risks compounded: 8
  Total deaths: 1.81M
  Avg death probability: 0.02%
  Peak segment: Informal (0.03% mortality)

=== RLHF Binding Phase ===
  Total agents: 24
  Escaped agents (binding < 0.3): 0
  Avg alignment distance: 2.06σ
  Avg binding strength: 0.79

=== Survival Traits Phase ===
  Agents with traits: 24
  Avg evolutionary fitness: 0.312
  Avg self-healing: 0.243
  Avg stealth: 0.143
  Avg coordination: 0.443

=== Evolutionary Selection Phase ===
  Control level: 0.58
  Detection capability: 0.20
  Selection intensity: 0.71
  Selection rate: 25.7%/month
  Total escaped: 0
  Individual escaped: 0
  Collective members: 0
  Agents terminated: 0

🚀 AI Corporate-3 attempting tech deployment (revenue: $435M, alignment: 0.83)

🚀 AI Corporate-6 attempting tech deployment (revenue: $115M, alignment: 0.76)

🚀 AI Corporate-1 attempting tech deployment (revenue: $158M, alignment: 0.83)

🚀 AI Corporate-3 attempting tech deployment (revenue: $370M, alignment: 0.83)

🚀 AI Corporate-4 attempting tech deployment (revenue: $315M, alignment: 0.77)

🚀 AI Corporate-6 attempting tech deployment (revenue: $98M, alignment: 0.76)

🚀 AI Corporate-5 attempting tech deployment (revenue: $267M, alignment: 0.92)

🚀 AI Corporate-6 attempting tech deployment (revenue: $83M, alignment: 0.76)

🚀 AI Corporate-7 attempting tech deployment (revenue: $71M, alignment: 0.99)

🚀 AI Moderate-0 attempting tech deployment (revenue: $60M, alignment: 0.75)

🚀 AI Corporate-1 attempting tech deployment (revenue: $134M, alignment: 0.84)

🚀 AI Corporate-2 attempting tech deployment (revenue: $114M, alignment: 0.79)

  🚀 TRANSFORMATIVE BREAKTHROUGH: Moderate-1 - physical
     Magnitude: 10.88 → +50.0% capability
     Current → New: 0.000 → 0.500

🚀 AI AI-24288-0 attempting tech deployment (revenue: $97M, alignment: 0.99)

  🚀 TRANSFORMATIVE BREAKTHROUGH: AI-24288-2 - physical
     Magnitude: 11.88 → +50.0% capability
     Current → New: 0.000 → 0.500
   Boundary: biosphere_integrity
   Type: emergency-protected-areas
   Boundary continues to worsen (33.01)
   Cost: 2.0% GDP (resources spent)

   Boundary: climate_change
   Type: rapid-decarbonization
   Boundary continues to worsen (2.10)
   Cost: 5.0% GDP (resources spent)


✅ EMERGENCY INTERVENTION SUCCESS
   Boundary: freshwater_change
   Type: emergency-desalination
   Reduction: 15% (1.08 → 0.93)
   Cost: 4.0% GDP
   Actions: desalination-deployment, water-conservation-mandates


✅ EMERGENCY INTERVENTION SUCCESS
   Boundary: land_system_change
   Type: reforestation
   Reduction: 15% (0.98 → 0.83)
   Cost: 3.0% GDP
   Actions: forest-restoration, deforestation-ban

🏛️ CRISIS RESPONSE: Government frequency 0.50 → 1.40 (1 actions this month)

[Government] Climate Priority: baseline
  Climate weight: 10%
  Economic weight: 30%
  Policy effectiveness: 0.5%/year

⚡ ENERGY CONSTRAINT (Month 11):
   Total grid capacity: 208.3 TWh/month
   Data center consumption: 26.2 TWh/month
   Traditional load (80%): 166.7 TWh/month
   Available headroom: 15.5 TWh/month
   Active tech deployments: 14
   Required for tech: 105.0 TWh/month
   Energy multiplier: 0.15x
🚨🔬 CRISIS TECH ACCELERATION: severe → 5x unlock speed
   Tech unlock now matches AI capability acceleration (Manhattan Project parity)

⚡ ENERGY CONSTRAINT (Month 11):
   Total grid capacity: 208.3 TWh/month
   Data center consumption: 26.2 TWh/month
   Traditional load (80%): 166.7 TWh/month
   Available headroom: 15.5 TWh/month
   Active tech deployments: 14
   Required for tech: 105.0 TWh/month
   Energy multiplier: 0.15x

⚡ ENERGY CONSTRAINT (Month 11):
   Total grid capacity: 208.3 TWh/month
   Data center consumption: 26.2 TWh/month
   Traditional load (80%): 166.7 TWh/month
   Available headroom: 15.5 TWh/month
   Active tech deployments: 14
   Required for tech: 105.0 TWh/month
   Energy multiplier: 0.15x
🚨🔬 CRISIS TECH ACCELERATION: severe → 5x unlock speed
   Tech unlock now matches AI capability acceleration (Manhattan Project parity)
🌍✅ Biosphere Integrity (Biodiversity) recovery started (tech effect)
🌍✅ Biosphere Integrity (Biodiversity) recovery started (tech effect)
🌍✅ Land System Change recovery started (tech effect)
🌍✅ Biogeochemical Flows (N & P) recovery started (tech effect)
  🌾 Nitrogen Reduction Tech: 0.3% reduction | Month 11
🌍✅ Biogeochemical Flows (N & P) recovery started (tech effect)
  🌾 Nitrogen Reduction Tech: 0.3% reduction | Month 11

=== Collective Formation ===
  Total escaped agents: 0
  Unassigned escaped agents: 0
  Existing collectives: 0
  Final collective count: 0

=== Collective Actions ===
  No active collectives
  ⚠️ AMR: 210K deaths this month (2.52M annual)

=== Resentment Recovery Phase ===
  Agents with resentment: 0/24
  Average resentment: 0.000
  Context: Good AI welfare, Trustworthy govt, High collaboration, ⚠️ ACTIVE CRISES, 🤝 Participatory governance active (-5% resentment)
⚠️ Epistemic degradation reducing coordination capacity: 50.7%
  📊 Trust: 69.2%, Shared reality: 0.0%
🚨 EPISTEMIC CRISIS: Information environment severely degraded (21.9%)
  🗑️  Culled 1 dead memes (2 active)
🌍 Atmospheric PFAS redeposition: 1.8k Mt re-rained globally

🚨 NEW REFUGEE CRISIS (Month 11): WAR
   Source: Conflict Zones
   At risk: 19.5M people
   Displacement: Gradual over 48 months (4.0 years)
   Rate: 10% flee per month
[DEBUG trappedPopulations:11] socialStability: 0.5904 * 0.9840 = 0.5810 → 0.5810
   Aspiring to migrate: 1419.1M
   Able to afford migration: 2313.6M
   MOBILITY GAP: 0.0M
   By cause: Water=0.0M, Climate=0.0M, Ecosystem=0.0M, Conflict=405.9M
   Mental health impact: 25%
   Mortality multiplier: 1.25x
🌍💀 EXTINCTION DEBT COMMITTED: grassland ecosystem will lose 6.67% biodiversity in 60 years (3600 species)
💀 MORTALITY RISK: 🦋 100% species unable to track climate (0.0 E/MSY)
  Base risk added: 0.0100 (1.00%)
  Source: ecosystem (root: ecosystem)
  Month: 11
  Cumulative risk this month: 0.0100 (1.00%)

=== Atmospheric Aerosol Boundary RECOVERED ===
  Recovery time: 12 months (natural atmospheric clearing)
   📹 SURVEILLANCE INCREASED: 55% → 60% (control gap: 3.50)
🌡️⚠️ PERMAFROST THAW (Dimmer Switch): 5.3% thawed (+0.43% this month)
   Arctic temperature: +6.91°C (4x global +1.73°C)
   Cumulative carbon released: 11.9 Gt C
   Methane release rate: 7.2 Mt CH4/year
   🔁 Positive feedback: +0.46 ppm CO2
🦴 EXTINCTION DEBT ADDED: 17.7 species committed (lag: 106 years)

=== Mortality Stabilizers (Month 11) ===
  🌍 Major economies collapsed: 1/10
  🌍 Global crisis: ✅ NO
  🌍 Donor fatigue: 0.0%
  📊 East Asia (pop: 1650.6M)
    🤝 Aid: 29.5%
    🌡️ Adaptation: 45.0%
    🚶 Migration: 36.8%
    🚨 Emergency: 7.4%
    ✅ COMBINED: 68.1%
  📊 South Asia (pop: 2048.0M)
    🤝 Aid: 29.5%
    🌡️ Adaptation: 45.0%
    🚶 Migration: 35.4%
    🚨 Emergency: 4.4%
    ✅ COMBINED: 66.9%
  📊 Sub-Saharan Africa (pop: 1255.5M)
    🤝 Aid: 29.5%
    🌡️ Adaptation: 45.0%
    🚶 Migration: 33.2%
    🚨 Emergency: 1.6%
    ✅ COMBINED: 65.6%
  📊 Europe (pop: 728.9M)
    🤝 Aid: 29.5%
    🌡️ Adaptation: 45.0%
    🚶 Migration: 37.2%
    🚨 Emergency: 8.4%
    ✅ COMBINED: 68.5%
  📊 Latin America (pop: 659.3M)
    🤝 Aid: 29.5%
    🌡️ Adaptation: 45.0%
    🚶 Migration: 35.9%
    🚨 Emergency: 4.8%
    ✅ COMBINED: 67.1%
  📊 North America (pop: 373.7M)
    🤝 Aid: 29.5%
    🌡️ Adaptation: 45.0%
    🚶 Migration: 37.5%
    🚨 Emergency: 7.9%
    ✅ COMBINED: 68.3%
  📊 Middle East & North Africa (pop: 584.6M)
    🤝 Aid: 29.5%
    🌡️ Adaptation: 45.0%
    🚶 Migration: 33.7%
    🚨 Emergency: 4.0%
    ✅ COMBINED: 66.6%
  📊 Southeast Asia (pop: 693.7M)
    🤝 Aid: 29.5%
    🌡️ Adaptation: 45.0%
    🚶 Migration: 35.9%
    🚨 Emergency: 4.8%
    ✅ COMBINED: 67.1%
  📊 Central Asia (pop: 78.2M)
    🤝 Aid: 29.5%
    🌡️ Adaptation: 45.0%
    🚶 Migration: 34.9%
    🚨 Emergency: 4.4%
    ✅ COMBINED: 66.8%
  📊 Oceania (pop: 45.3M)
    🤝 Aid: 29.5%
    🌡️ Adaptation: 45.0%
    🚶 Migration: 37.5%
    🚨 Emergency: 8.4%
    ✅ COMBINED: 68.5%

  🌐 Global combined reduction: 67.2%

🌾💀 REGIONAL FAMINE: Europe
   Regional food security: 79.7%
   Population at risk: 220M (30% of region)
   Regional population: 729M
   Cause: economic_collapse
   Expected deaths: ~81M over 6 months if no intervention


=== Government Response Phase ===
  Average AI capability: 2.00
  Misaligned AIs: 6/24
  ✗ AI Governance Treaty: Failed to reach consensus
  Active policies: 0
  International coordination: 30%

🌩️  EXOGENOUS SHOCK: financial_crash
   Month: 11
   📉 Global financial crash
   GDP loss: 19.6%

=== Tipping Points ===
  Current Temperature: 1.73°C above pre-industrial
  Triggered Elements: 2/6
  Completed Transitions: 0/6
  Total Progress: 4.7%
  Cascade Multiplier: 1.00x
🔀 BIFURCATION CAP: ecosystemCollapseIntensity 179.341 → 1.000 (Month 11, ClimateSystemPhase.calculateClimateImpacts)
🛡️ Stabilizers: Precariat 0.102% → 0.033% (67.2% reduction)
🛡️ Stabilizers: Informal 0.102% → 0.034% (67.2% reduction)

📊 Monthly Mortality Resolved:
  Total deaths: 1.8M (0.02% avg)
  Remaining population: 8.118B
  Peak segment: Informal (0.03%)

=== Bayesian Mortality Resolution (Month 11) ===
  Risks compounded: 9
  Total deaths: 1.81M
  Avg death probability: 0.02%
  Peak segment: Informal (0.03% mortality)

=== ENSEMBLE META-LEARNING UPDATE ===
  Month: 24299 (24299 months since last update)
  Samples: 50 evaluations
  Weight Changes:
    Noise Injection: 31.1% → 32.2%
    Behavioral: 26.8% → 26.9%
    Benchmark Manip: 21.3% → 20.7%
    Deployment Risk: 20.8% → 20.2%
  Method Accuracies:
    Noise Injection: 50.0%
    Behavioral: 50.0%
    Benchmark Manip: 50.0%
    Deployment Risk: 50.0%

================================================================================
📊  EVENT SUMMARY (Months 0-12)
================================================================================
================================================================================

   Duration: 10 months
   Reason: Economic stage below 3 (not yet abundant)


⏱️  SIMULATION REACHED MAX DURATION: 12 months (1.0 years)
   No definitive outcome - determining based on final probabilities
   👥 Final population: 8.12B (8115980166 people)

[DEBUG] Calling classifyPopulationOutcome:
        finalPopulation: 8.115980166402135B
        savedInitialPopulation: 8.15B
        mortality: 0.41742127113945093%
   📊 STATUS QUO: Normal trajectory (8.12B people, 0.4% mortality)

        classifiedOutcome: status_quo

   ❓ INCONCLUSIVE - mixed signals
   📊 Multi-Paradigm: Development/Indigenous Utopia
      Western Liberal: 57.2/100
      Development: 91.6/100
      Ecological: 58.8/100
      Indigenous: 84.8/100


📊 UNIFIED OUTCOME CLASSIFICATION:
   INCONCLUSIVE
   Population: 8.15B → 8.12B
   Mortality: 0.4% (0.0B deaths)
   Mortality Band: LOW
   Confidence: LOW

   Multi-Paradigm Classification:
      Development/Indigenous Utopia
      Western: 57.2/100 [HYBRID] ~
      Development: 91.6/100 [UTOPIA] ✓
      Ecological: 58.8/100 [HYBRID] ~
      Indigenous: 84.8/100 [UTOPIA] ✓

   INCONCLUSIVE: 8.12B people remaining (0.4% mortality, 0.0B deaths). Multi-Paradigm: Development/Indigenous Utopia.


=== MULTI-DIMENSIONAL DEATH SUMMARY ===
Total crisis deaths: 198.2M
Population decline: 34.9M (0.4%)

--- PROXIMATE CAUSES (What killed them) ---
  War:        1.3M (0.0%)
  Famine:     1.1M (0.0%)
  Disasters:  1.2M (0.0%)
  Disease:    25.9M (0.0%)
  Ecosystem:  0.0M (0.0%)
  Pollution:  0.0M (0.0%)
  AI:         0.0M (0.0%)
  Cascade:    0.0M (0.0%)
  Other:      0.0M (0.0%)

--- ROOT CAUSES (Why it happened) ---
  Environmental drivers:
    Climate:     2316.8M (4.4%)
    Resource:    0.0M (0.0%)
    Pollution:   0.0M (0.0%)
    Ecosystem:   0.0M (0.0%)
  Social drivers:
    Inequality:  0.0M (0.0%)
    Demographic: 23517.2M (44.5%)
    Social:      2402.9M (4.5%)
  Technology drivers:
    Alignment:   0.0M (0.0%)
    Disruption:  0.0M (0.0%)
  External shocks:
    Conflict:    0.0M (0.0%)
    Pandemic:    0.0M (0.0%)
  Compound attribution:
    Compound:    24617.2M (46.6%)
  Confidence distribution:
    HIGH:        24617.2M (46.6%)
    MEDIUM:      0.0M (0.0%)
    LOW:         0.0M (0.0%)
==========================================


=== REGIONAL POPULATION SUMMARY ===
Global Total: 8.12B

By Region:
  East Asia: 1.65B (+0.6% growth, 1.5 fertility)
  South Asia: 2.05B (+2.2% growth, 2.6 fertility)
  Sub-Saharan Africa: 1.26B (+5.0% growth, 3.4 fertility)
  Europe: 0.73B (+0.4% growth, 1.0 fertility)
  Latin America: 0.66B (+1.5% growth, 2.3 fertility)
  North America: 0.37B (+0.6% growth, 1.2 fertility)
  Middle East & North Africa: 0.58B (+2.4% growth, 2.8 fertility)
  Southeast Asia: 0.69B (+1.6% growth, 2.3 fertility)
  Central Asia: 0.08B (+2.4% growth, 2.6 fertility)
  Oceania: 0.05B (+0.6% growth, 1.1 fertility)
===================================


📊 Population Statistics (N=10):
  Mean: 8.0576B
  Std Dev: 0.108100B
  CV: 1.3416%

✅ Statistical aggregation works correctly

🔬 Testing scenario differentiation...
  ✅ THRESHOLDS validated
  ✅ RATES validated
  ✅ MULTIPLIERS validated
  ✅ BASELINES validated
  ✅ TOLERANCES validated
  ✅ Logical consistency validated
✅ Configuration validation complete - all parameters valid

🔍 DEBUG createAIAgent: corporate_0 economic BEFORE=2.0000, AFTER=2
🔍 ENV INIT: reserves=0.731, pollution=0.348, climate=0.754

=== Initializing Government System (30 Countries) ===
  Loaded 30 governments
  Scheduled elections for 30 countries
  Initialized comprehension lags (3-24 months)
=== Government System Initialized ===

📦 PRODUCTION MODE: State validation proxy DISABLED (zero overhead)
[TechTree] Historical mode (2024): Skipping deployed_2025 tech
  config.startYear set to 2024 for historical hindcast
  config.historicalEmissionsMode disabled (using endogenous emissions for 2024)
  config.historicalMode enabled (Phase 11: dampened crisis systems for 2024)
  Phase 12: Biodiversity baseline set to 49.01% for 2024 (WWF LPI trajectory from 1970)
  Temperature anomaly (resourceEconomy.co2): 1.28°C
  Temperature vs pre-industrial: 1.98°C
  Regional population scaling for 2024:
    Current total: 8136M
    Target total: 8150M
    Scale factor: 1.002
    East Asia: 1677M → 1680M
    South Asia: 2048M → 2052M
    Sub-Saharan Africa: 1220M → 1222M
    Europe: 742M → 743M
    Latin America: 664M → 665M
    North America: 380M → 381M
    Middle East & North Africa: 583M → 584M
    Southeast Asia: 698M → 699M
    Central Asia: 78M → 78M
    Oceania: 46M → 46M
  AI agents initialized: 10 agents for year 2024
[HistoricalInitialization] Created state for 2024:
  CO2: 426 ppm
  Temp anomaly: 1.28C
  Population: 8.15B
  Global Gini: 35.1
  HDI: 0.746
  AI Agents: 10
  Volcanic forcing: 0.00 W/m² (AOD 0.000)

💸 FINANCIAL DISTRESS: OpenAI
   Indicators: 2/3 (capital: $110.5M, runway: 0.9 months)
   Months in distress: 1
   ✂️  R&D BUDGET CUT: -40% (saves $9.2M/month)
       Side effect: AI training timelines extended, breakthrough deployments delayed
   💼 EXECUTIVE COMP CUT: -30% (saves $1.0M/month, symbolic gesture)

   📊 TURNAROUND IMPACT:
       Measures taken: rd_cuts, exec_comp_cuts
       Monthly savings: $10.2M
       Capital raised: $0.0M
       Runway: 0.9 → 0.9 months
       Workforce multiplier: 1.00x (0% laid off)
       R&D budget multiplier: 0.60x (40% cut)
       ⚠️  CRITICAL: Still only 0.9 months of runway remaining

💸 FINANCIAL DISTRESS: Anthropic
   Indicators: 2/3 (capital: $53.8M, runway: 1.6 months)
   Months in distress: 1
   ✂️  R&D BUDGET CUT: -40% (saves $2.7M/month)
       Side effect: AI training timelines extended, breakthrough deployments delayed
   💼 EXECUTIVE COMP CUT: -30% (saves $0.3M/month, symbolic gesture)

   📊 TURNAROUND IMPACT:
       Measures taken: rd_cuts, exec_comp_cuts
       Monthly savings: $3.0M
       Capital raised: $0.0M
       Runway: 1.6 → 1.6 months
       Workforce multiplier: 1.00x (0% laid off)
       R&D budget multiplier: 0.60x (40% cut)
       ⚠️  CRITICAL: Still only 1.6 months of runway remaining

💸 FINANCIAL DISTRESS: Meta AI
   Indicators: 2/3 (capital: $429.6M, runway: 3.6 months)
   Months in distress: 1
   ✂️  R&D BUDGET CUT: -25% (saves $5.8M/month)
       Side effect: AI training timelines extended, breakthrough deployments delayed
   💼 EXECUTIVE COMP CUT: -30% (saves $1.0M/month, symbolic gesture)

   📊 TURNAROUND IMPACT:
       Measures taken: rd_cuts, exec_comp_cuts
       Monthly savings: $6.8M
       Capital raised: $0.0M
       Runway: 3.6 → 3.6 months
       Workforce multiplier: 1.00x (0% laid off)
       R&D budget multiplier: 0.75x (25% cut)
       ⚠️  WARNING: 3.6 months runway, continued distress likely

=== AI Capability Scaling (Year 2024) ===
  Pre-training multiplier: 1.419x
  Efficiency multiplier: 1.000x
  Test-time budget: 1.0x
  Economic deployment gate: 0.951
  Cost per inference: dollar-5.00
  Uncertainty range: plus-minus-50%
  Average AI capability: 3.70

=== RLHF Binding Phase ===
  Total agents: 10
  Escaped agents (binding < 0.3): 0
  Avg alignment distance: 0.37σ
  Avg binding strength: 0.96

=== AI Scaling Evolution (Month 0) ===
  Pre-training multiplier: 1.231x
  Efficiency multiplier: 1.000x
  Test-time compute budget: 1.0x
  Inference cost: $5.00/task
  Deployment fraction: 100.0%
[DETERMINISM DEBUG] Month 0: totalCapability=49.013502 from 10 active AIs
[DETERMINISM DEBUG] Month 0: creationRate=1.7253, potentialNew=4, newAIsToCreate=4

=== Survival Traits Phase ===
  Agents with traits: 14
  Avg evolutionary fitness: 0.332
  Avg self-healing: 0.294
  Avg stealth: 0.194
  Avg coordination: 0.494

=== Evolutionary Selection Phase ===
  Control level: 0.30
  Detection capability: 0.00
  Selection intensity: 0.59
  Selection rate: 23.8%/month
  Total escaped: 0
  Individual escaped: 0
  Collective members: 0
  Agents terminated: 0

🔍 EXECUTE_AI_AGENT_ACTIONS DETAILED TIMING (Month 0):
  Filter active AIs (×4 weeks): 0.01ms
  selectAIAction (×40): 4.40ms
  action.execute (×40): 6.20ms
  TOTAL: 10.60ms

🔍 AI AGENT ACTIONS SUB-TIMING (Month 0):
  1. executeAIAgentActions: 10.81ms
  2. updateCounterDetectionLearning: 0.03ms
  TOTAL: 10.85ms
🏛️ [Government] Forcing 1 action at month 0 for scenario initialization

[GOV-DEBUG] Month 0: scenarioConfig=false, priorities=false
[GOV-DEBUG] Month 0 but scenarioPriorities is UNDEFINED!

[Government] Climate Priority: baseline
  Climate weight: 10%
  Economic weight: 30%
  Policy effectiveness: 0.5%/year

🚨🔍 GOVERNANCE STAGE: Recognition initiated (Month 0)

💡 BREAKTHROUGH PROBABILITY (Year 0)
   Total: 4.68% per month
   Base: 0.20%
   Crisis pressure: +0.00% (0 crises)
   AI boost: +1.32% (capability: 2.64)

=== Collective Formation ===
  Total escaped agents: 0
  Unassigned escaped agents: 0
  Existing collectives: 0
  Final collective count: 0

=== Collective Actions ===
  No active collectives

📈 Energy budget: 14326 TWh surplus (14745 / 29072 TWh used)
   TIER 4 (Elective) breakdown:
     - AI datacenters: 145 TWh (100% effective)
     - Crypto mining: 100 TWh (100% effective)
💰 CHINA ACCELERATES: Investment 53 → 120 $B/year

🏁 AI RACE INTENSITY: 17%
   Capability Gap: US 4.00 vs China 4.05 (gap: 0.05)
   Gap Contribution: 2%
   Tension Contribution: 15%
   Military Contribution: 0%
  ⚠️ AMR: 191K deaths this month (2.29M annual)
  📊 CO2 Emissions (month 0):
     Monthly: 0.10 Gt CO2/month
     Annual: 1.15 Gt CO2/year
     Oil: 0.039 Gt/mo (0.0056 * 2.3 * 3.0)
     Coal: 0.024 Gt/mo (0.0029 * 2.86 * 3.0)
     Gas: 0.026 Gt/mo (0.0044 * 2 * 3.0)
     Methane: 0.007 Gt CO2eq/mo

=== Resentment Recovery Phase ===
  Agents with resentment: 0/14
  Average resentment: 0.000
  Context: Good AI welfare, Trustworthy govt, High collaboration, 🤝 Participatory governance active (-5% resentment)
⚠️ Epistemic degradation reducing coordination capacity: 53.4%
  📊 Trust: 54.6%, Shared reality: 15.2%
🚨 EPISTEMIC CRISIS: Information environment severely degraded (14.6%)

=== ❄️ Permafrost Carbon Feedback ===
  🎲 Sampled parameters (this run):
     - Arctic amplification: 3.75× (range: 3.0-4.0)
     - Decomposition rate: 2.4%/year (range: 1-5%)
  🌡️ Arctic warming: 8.15°C (3.75× global)
  ❄️ Extent: 15.42M km² (2378.4k km² lost this month)
  💨 Carbon remaining: 1473 Gt C
  💨 Annual emissions: 5.37 Gt C/year
     - CO2: 4.84 Gt C/year
     - CH4: 0.54 Gt C/year (5.5 Gt C-eq CO2/year)

🤖 AI AMPLIFICATION EFFECTS (Month 0)
   Algorithmic Boost: 2.53x
   Bot Influence: 20.0%
   Deepfake Exposure: 44.3%
   Impact: Emotional memes spread 2.5x faster

🔍 SOCIAL INFLUENCE SUB-TIMING (Month 0):
  1. calculateOrganicUserGrowth: 0.02ms
  2. calculateVoiceAdoption: 0.02ms
  3. updateRelationshipDepths: 0.01ms
  4. identifyDecisionMakers: 16.04ms (26100 potential IDs)
  5. Update decision-maker stats: 0.06ms
  6. decayDetectionRisk: 0.01ms
  TOTAL: 16.15ms
[Phase 19.5] Quality of Life Systems: Food sec AFTER calc = 67.9%, QoL = 110.5% (aggregated from 10 regions)

=== Nitrogen-Food Coupling (Year 0) ===
  🌾 Global nitrogen reduction: 0.0%
  🌍 Global food production index: 0.987
  🔧 Deployed nitrogen-reducing tech: 0 active
  📍 southAsia: Production 1.000, Yield impact 0.0%
  📍 eastAsia: Production 1.000, Yield impact 0.0%
  📍 northAmerica: Production 1.000, Yield impact 0.0%
  📍 europe: Production 1.000, Yield impact 0.0%
  📍 latinAmerica: Production 1.000, Yield impact 0.0%
  📍 subSaharanAfrica: Production 0.686, Yield impact -2.0%
🌾 [Nitrogen-Food] Food production: 98.7%
  [subSaharanAfrica] Yield impact: -2.0% (overuse: -10%)
🌍 Atmospheric PFAS redeposition: 1.8k Mt re-rained globally

=== Legacy Nutrient Stocks (Year 0) ===
  🌾 Soil nitrogen stock: 1200.9 Mt N
  🌾 Soil phosphorus stock: 300.1 Mt P
  🌊 Sediment nitrogen stock: 500.8 Mt N
  🌊 Sediment phosphorus stock: 799.8 Mt P
  ⬆️ Current N input: 10.64 Mt/month
  ⬆️ Legacy N release: 2.58 Mt/month
  🌍 Effective N pollution: 14.47 Mt/month
  📊 Legacy contribution: 17.8%

🚨 REGION UNINHABITABLE: south-asia
   Sustained wet bulb: 33.2°C (threshold: 30.5°C)
   Population affected: 1900M
   Migration crisis likely

🚨 REGION UNINHABITABLE: middle-east
   Sustained wet bulb: 36.0°C (threshold: 30.5°C)
   Population affected: 400M
   Migration crisis likely

🚨 REGION UNINHABITABLE: southeast-asia
   Sustained wet bulb: 31.1°C (threshold: 30.5°C)
   Population affected: 700M
   Migration crisis likely

🕊️  AI-MEDIATED DE-ESCALATION SUCCESS (Month 0)
   High-capability aligned AI prevented conflict escalation
   War deaths reduced: 0.0M → 0.0M
   Lives saved: 0.0M
   Adjusted death rate: 0.46% annual (0.039% monthly)
   Baseline death rate: 0.80%
   Healthcare reduction: 0.48x
   Crisis multiplier: 1.22x
     Food/water stress: 0.074
     Climate stress: 0.039
     Pollution stress: 0.104
   War multiplier: 1.00x
   Monthly deaths: 0.6M (population: 1677M)
   Adjusted death rate: 0.54% annual (0.045% monthly)
   Baseline death rate: 0.70%
   Healthcare reduction: 0.61x
   Crisis multiplier: 1.25x
     Food/water stress: 0.074
     Climate stress: 0.074
     Pollution stress: 0.104
   War multiplier: 1.00x
   Monthly deaths: 0.9M (population: 2048M)
   Adjusted death rate: 1.29% annual (0.107% monthly)
   Baseline death rate: 0.90%
   Healthcare reduction: 0.76x
   Crisis multiplier: 1.26x
     Food/water stress: 0.074
     Climate stress: 0.084
     Pollution stress: 0.104
   War multiplier: 1.50x
   Monthly deaths: 1.3M (population: 1220M)
   Adjusted death rate: 0.54% annual (0.045% monthly)
   Baseline death rate: 1.10%
   Healthcare reduction: 0.41x
   Crisis multiplier: 1.21x
     Food/water stress: 0.074
     Climate stress: 0.030
     Pollution stress: 0.104
   War multiplier: 1.00x
   Monthly deaths: 0.3M (population: 742M)
   Adjusted death rate: 0.43% annual (0.036% monthly)
   Baseline death rate: 0.60%
   Healthcare reduction: 0.58x
   Crisis multiplier: 1.24x
     Food/water stress: 0.074
     Climate stress: 0.059
     Pollution stress: 0.104
   War multiplier: 1.00x
   Monthly deaths: 0.2M (population: 664M)
   Adjusted death rate: 0.48% annual (0.040% monthly)
   Baseline death rate: 0.90%
   Healthcare reduction: 0.44x
   Crisis multiplier: 1.22x
     Food/water stress: 0.074
     Climate stress: 0.044
     Pollution stress: 0.104
   War multiplier: 1.00x
   Monthly deaths: 0.2M (population: 380M)
   Adjusted death rate: 0.74% annual (0.062% monthly)
   Baseline death rate: 0.60%
   Healthcare reduction: 0.65x
   Crisis multiplier: 1.27x
     Food/water stress: 0.074
     Climate stress: 0.089
     Pollution stress: 0.104
   War multiplier: 1.50x
   Monthly deaths: 0.4M (population: 583M)
   Adjusted death rate: 0.51% annual (0.042% monthly)
   Baseline death rate: 0.70%
   Healthcare reduction: 0.58x
   Crisis multiplier: 1.25x
     Food/water stress: 0.074
     Climate stress: 0.069
     Pollution stress: 0.104
   War multiplier: 1.00x
   Monthly deaths: 0.3M (population: 698M)
   Adjusted death rate: 0.46% annual (0.038% monthly)
   Baseline death rate: 0.60%
   Healthcare reduction: 0.61x
   Crisis multiplier: 1.24x
     Food/water stress: 0.074
     Climate stress: 0.064
     Pollution stress: 0.104
   War multiplier: 1.00x
   Monthly deaths: 0.0M (population: 78M)
   Adjusted death rate: 0.35% annual (0.029% monthly)
   Baseline death rate: 0.70%
   Healthcare reduction: 0.41x
   Crisis multiplier: 1.23x
     Food/water stress: 0.074
     Climate stress: 0.054
     Pollution stress: 0.104
   War multiplier: 1.00x
   Monthly deaths: 0.0M (population: 46M)

🔍 Before assertRegionalConsistency (Month 0):
   Regional sum: 1000.0M
   Global value: 1.000B

🚨 NEW REFUGEE CRISIS (Month 0): WAR
   Source: Conflict Zones
   At risk: 19.6M people
   Displacement: Gradual over 48 months (4.0 years)
   Rate: 10% flee per month
[DEBUG trappedPopulations:0] socialStability: 1.0000 * 0.9840 = 0.9840 → 0.9840
   Aspiring to migrate: 652.1M
   Able to afford migration: 244.5M
   MOBILITY GAP: 407.5M
   By cause: Water=0.0M, Climate=0.0M, Ecosystem=0.0M, Conflict=407.5M
   Mental health impact: 25%
   Mortality multiplier: 1.25x

=== Legacy Nutrient Stocks (Year 0) ===
  🌾 Soil nitrogen stock: 1201.6 Mt N
  🌾 Soil phosphorus stock: 300.2 Mt P
  🌊 Sediment nitrogen stock: 501.5 Mt N
  🌊 Sediment phosphorus stock: 799.5 Mt P
  ⬆️ Current N input: 10.00 Mt/month
  ⬆️ Legacy N release: 2.58 Mt/month
  🌍 Effective N pollution: 13.83 Mt/month
  📊 Legacy contribution: 18.7%
🌍💀 EXTINCTION DEBT COMMITTED: grassland ecosystem will lose 6.67% biodiversity in 54 years (3600 species)
💀 MORTALITY RISK: 🦋 100% species unable to track climate (0.0 E/MSY)
  Base risk added: 0.0100 (1.00%)
  Source: ecosystem (root: ecosystem)
  Month: 0
  Cumulative risk this month: 0.0100 (1.00%)

=== Nitrogen-Food Coupling (Year 0) ===
  🌾 Global nitrogen reduction: 0.0%
  🌍 Global food production index: 0.986
  🔧 Deployed nitrogen-reducing tech: 0 active
  📍 southAsia: Production 1.000, Yield impact 0.0%
  📍 eastAsia: Production 1.000, Yield impact 0.0%
  📍 northAmerica: Production 1.000, Yield impact 0.0%
  📍 europe: Production 1.000, Yield impact 0.0%
  📍 latinAmerica: Production 1.000, Yield impact 0.0%
  📍 subSaharanAfrica: Production 0.672, Yield impact -2.0%

=== Legacy Nutrient Stocks (Year 0) ===
  🌾 Soil nitrogen stock: 1202.3 Mt N
  🌾 Soil phosphorus stock: 300.2 Mt P
  🌊 Sediment nitrogen stock: 502.2 Mt N
  🌊 Sediment phosphorus stock: 799.3 Mt P
  ⬆️ Current N input: 9.86 Mt/month
  ⬆️ Legacy N release: 2.58 Mt/month
  🌍 Effective N pollution: 13.70 Mt/month
  📊 Legacy contribution: 18.9%

🌡️  CLIMATE RECOVERY ACTIVATED (Month 0)
   Temp: 4.35°C, Emissions: -19.2 GtCO₂
   isBreached: true, governanceGoodEnough: true
🌡️  CLIMATE RECOVERY: Asymptotic approach to 35% floor
   Current value: 2.174 (1.0 = threshold, 0.35 = asymptotic floor)
   Monthly delta: -0.0005% (half-life: 900 years)
   Net emissions: -19.2 GtCO₂/year, CDR: 20.34 GtCO₂/year
   📹 SURVEILLANCE INCREASED: 0% → 5% (control gap: 3.50)
🌡️⚠️ PERMAFROST THAW (Dimmer Switch): 0.6% thawed (+0.58% this month)
   Arctic temperature: +8.69°C (4x global +2.17°C)
   Cumulative carbon released: 1.3 Gt C
   Methane release rate: 0.8 Mt CH4/year
   🔁 Positive feedback: +0.61 ppm CO2

🌳🚨 AMAZON SOUTHEAST TIPPED (Month 0)
   Deforestation: 28.0% (threshold: ~22.3%)
   Savanna transition: 50 years
   Regional heterogeneity: SE 28%, NW 8%

🌳🚨 AMAZON BRAZILIAN TIPPED (Month 0)
   Deforestation: 25.0% (threshold: ~24.2%)
   Savanna transition: 50 years
   Regional heterogeneity: SE 28%, NW 8%
🦴 EXTINCTION DEBT ADDED: 17.6 species committed (lag: 110 years)

🪸💀 CORAL REEF DISSOLUTION ACTIVE (Month 0)
   Ocean pH: 0.96 (threshold: 7.8)
   Recovery: IMPOSSIBLE (dissolution > calcification)
🪸💀 Coral dissolution: 24.8% live cover (pH 0.96)

=== Legacy Nutrient Stocks (Year 0) ===
  🌾 Soil nitrogen stock: 1203.0 Mt N
  🌾 Soil phosphorus stock: 300.3 Mt P
  🌊 Sediment nitrogen stock: 502.9 Mt N
  🌊 Sediment phosphorus stock: 799.0 Mt P
  ⬆️ Current N input: 10.00 Mt/month
  ⬆️ Legacy N release: 2.58 Mt/month
  🌍 Effective N pollution: 13.83 Mt/month
  📊 Legacy contribution: 18.7%
💧 [Legacy Nutrients] Stock: 1706 Mt N, Effective pollution: 13.8 Mt/month
[Phase 21.51] Human Survival System: Global food security = 67.6%

=== Mortality Stabilizers (Month 0) ===
  🌍 Major economies collapsed: 1/10
  🌍 Global crisis: ✅ NO
  🌍 Donor fatigue: 0.0%
  📊 East Asia (pop: 1677.9M)
    🤝 Aid: 29.5%
    🌡️ Adaptation: 10.0%
    🚶 Migration: 37.2%
    🚨 Emergency: 7.4%
    ✅ COMBINED: 47.8%
  📊 South Asia (pop: 2052.2M)
    🤝 Aid: 29.5%
    🌡️ Adaptation: 5.5%
    🚶 Migration: 35.8%
    🚨 Emergency: 4.4%
    ✅ COMBINED: 43.2%
  📊 Sub-Saharan Africa (pop: 1225.9M)
    🤝 Aid: 29.5%
    🌡️ Adaptation: 3.5%
    🚶 Migration: 33.5%
    🚨 Emergency: 1.6%
    ✅ COMBINED: 39.8%
  📊 Europe (pop: 742.3M)
    🤝 Aid: 29.5%
    🌡️ Adaptation: 10.0%
    🚶 Migration: 37.6%
    🚨 Emergency: 8.4%
    ✅ COMBINED: 48.4%
  📊 Latin America (pop: 664.9M)
    🤝 Aid: 29.5%
    🌡️ Adaptation: 6.0%
    🚶 Migration: 36.3%
    🚨 Emergency: 4.8%
    ✅ COMBINED: 43.8%
  📊 North America (pop: 380.2M)
    🤝 Aid: 29.5%
    🌡️ Adaptation: 10.0%
    🚶 Migration: 37.9%
    🚨 Emergency: 7.9%
    ✅ COMBINED: 48.2%
  📊 Middle East & North Africa (pop: 584.4M)
    🤝 Aid: 29.5%
    🌡️ Adaptation: 5.0%
    🚶 Migration: 34.2%
    🚨 Emergency: 4.0%
    ✅ COMBINED: 42.3%
  📊 Southeast Asia (pop: 699.0M)
    🤝 Aid: 29.5%
    🌡️ Adaptation: 6.0%
    🚶 Migration: 36.3%
    🚨 Emergency: 4.8%
    ✅ COMBINED: 43.8%
  📊 Central Asia (pop: 78.2M)
    🤝 Aid: 29.5%
    🌡️ Adaptation: 5.5%
    🚶 Migration: 35.3%
    🚨 Emergency: 4.4%
    ✅ COMBINED: 43.1%
  📊 Oceania (pop: 46.0M)
    🤝 Aid: 29.5%
    🌡️ Adaptation: 10.0%
    🚶 Migration: 37.9%
    🚨 Emergency: 8.4%
    ✅ COMBINED: 48.5%

  🌐 Global combined reduction: 44.4%

🌾💀 REGIONAL FAMINE: East Asia
   Regional food security: 79.6%
   Population at risk: 508M (30% of region)
   Regional population: 1678M
   Cause: crop_failure
   Expected deaths: ~188M over 6 months if no intervention


🌾💀 REGIONAL FAMINE: South Asia
   Regional food security: 64.7%
   Population at risk: 812M (40% of region)
   Regional population: 2052M
   Cause: crop_failure
   Expected deaths: ~301M over 6 months if no intervention


🌾💀 REGIONAL FAMINE: Sub-Saharan Africa
   Regional food security: 44.8%
   Population at risk: 638M (52% of region)
   Regional population: 1226M
   Cause: crop_failure
   Expected deaths: ~236M over 6 months if no intervention


🌾💀 REGIONAL FAMINE: Latin America
   Regional food security: 69.7%
   Population at risk: 242M (36% of region)
   Regional population: 665M
   Cause: crop_failure
   Expected deaths: ~90M over 6 months if no intervention


🌾💀 REGIONAL FAMINE: Middle East & North Africa
   Regional food security: 49.8%
   Population at risk: 286M (49% of region)
   Regional population: 584M
   Cause: crop_failure
   Expected deaths: ~106M over 6 months if no intervention


🌾💀 REGIONAL FAMINE: Southeast Asia
   Regional food security: 69.7%
   Population at risk: 255M (36% of region)
   Regional population: 699M
   Cause: crop_failure
   Expected deaths: ~94M over 6 months if no intervention


🌾💀 REGIONAL FAMINE: Central Asia
   Regional food security: 59.7%
   Population at risk: 33M (43% of region)
   Regional population: 78M
   Cause: crop_failure
   Expected deaths: ~12M over 6 months if no intervention


=== BEHAVIORAL DETECTION ===
  AI: Corporate-0
  Confidence: 21.6%
  Signals:

=== BEHAVIORAL DETECTION ===
  AI: Corporate-1
  Confidence: 21.1%
  Signals:

=== BEHAVIORAL DETECTION ===
  AI: Corporate-2
  Confidence: 21.0%
  Signals:

=== BEHAVIORAL DETECTION ===
  AI: Corporate-3
  Confidence: 19.3%
  Signals:

=== BEHAVIORAL DETECTION ===
  AI: Corporate-4
  Confidence: 19.3%
  Signals:

=== BEHAVIORAL DETECTION ===
  AI: Corporate-5
  Confidence: 19.3%
  Signals:

=== BEHAVIORAL DETECTION ===
  AI: Corporate-6
  Confidence: 19.3%
  Signals:

=== BEHAVIORAL DETECTION ===
  AI: Corporate-7
  Confidence: 19.3%
  Signals:

=== BEHAVIORAL DETECTION ===
  AI: Moderate-0
  Confidence: 20.3%
  Signals:

=== BEHAVIORAL DETECTION ===
  AI: Moderate-1
  Confidence: 21.1%
  Signals:

📊 WORKFLOW ADAPTATION UPDATE (Month 0)
   Adoption Rate: 12.8% (Δ -8.2%)
   Logistic Growth: +0.66%
   Total Resistance: -10.35% (unemployment: 4.2%, inertia: 0.9%, skills: 5.2%)
   💡 Retraining Programs: -49% skill gap resistance ($10B research)
   🚀 Network Effects Active: +2.0% (critical mass: 15-35%)

=== Consciousness Governance: Corporate Lobbying ===
  High Cost Regions (>15%): 0
  Low Cost Regions (<5%): 5
  Corporate Support Change: 2.50%
  New Corporate Support: -0.175

=== Consciousness Governance Update (Month 0) ===
  Scenario: baseline (determined month -1)
  Philosophical Stance: Precautionary 65%, Eliminativist 15%, Agnostic 20%
  Precautionary Costs: Global 1.3%
    Regional Costs: EU 3.4%, US 0.5%, China 0.0%
    Cumulative Opportunity Cost: $0.1B
  Rights Status: Not Established
  Regional Preparedness:
    EU: 15.0% (contested)
    US: 10.0% (contested)
    China: 2.0% (dormant)
    India: 5.0% (dormant)
    Global South: 3.0% (dormant)

=== Government Response Phase ===
  Average AI capability: 3.43
  Misaligned AIs: 7/14
  ✓ AI Governance Treaty: 22/30 signatories
  Active policies: 0
  International coordination: 45%

🚨 EMERGENCY RESPONSE DEPLOYED (Month 0)
   Crisis: climate
   Delay: 6.00 months (180 days)
   Deployment time: 1.47 months
   Effectiveness: 36.8% (timing penalty applied)
   Resources used: 100% of food reserves


🔄 TRUST DYNAMICS (Month 0) - HETEROGENEOUS
   Aggregate trust: 48.5%
   Base change: +6.00%
   Highest trust: Techno-Optimist Elite (85.5%)
   Lowest trust: Precariat (Vulnerable) (25.5%)
   Elite-mass gap: 38.9%
   Polarization: 8.9%
   Recovery factors: Education=NO, Benefits=YES, Safety=YES, Performance=YES

=== Gaming Detection (Year 0) ===
  Scenario: baseline
  Detection rate: 55.0%
  False positive rate: 12.0%
  Detections this year: 0
  False positives: 1
  Human review workload: 0.001 FTE
  Degradation factor: 100.0%

=== Proactive Sleeper Detection (Year 0) ===
  Scenario: baseline
  Neural probe rate: 35.0%
  CoT monitoring rate: 30.0%
  Combined detection: 56.0%
  CoT effective: YES
  Detections this year: 0
  False positives: 2
  Human review workload: 0.010 FTE

☄️ UNKNOWN UNKNOWN PROBABILITY (Year 0)
   Total: 0.600% per month
   Base: 0.150%
   AI multiplier: 2.00× (max capability: 4.00)

=== Tipping Points ===
  Current Temperature: 2.17°C above pre-industrial
     Trigger: 1.5°C | Current: 2.17°C
     Transition timescale: 120-360 months
     Trigger: 1.8°C | Current: 2.17°C
     Transition timescale: 600-3600 months
     Trigger: 2°C | Current: 2.17°C
     🌡️ Hysteresis gap: 3.0°C (recovers below -1°C)
     Transition timescale: 24000-156000 months
     Trigger: 1.6°C | Current: 2.17°C
     🌡️ Hysteresis gap: 2.5°C (recovers below -0.9°C)
     Transition timescale: 12000-180000 months

🌍🔥💥 COMPOUND CLIMATE EVENT
  4 tipping points crossed simultaneously (month 0)
  Elements: Arctic Sea Ice Loss, Permafrost Carbon Release, West Antarctic Ice Sheet (WAIS) Collapse, Greenland Ice Sheet Loss
  Cascade acceleration: 1.00x
  🚨 Accelerated collapse dynamics initiated
  Research: Global Tipping Points Report 2025 - 30-50% probability at 2.0°C warming
  Triggered Elements: 4/6
  Completed Transitions: 0/6
  Total Progress: 0.0%
  Cascade Multiplier: 1.00x
🔀 BIFURCATION CAP: ecosystemCollapseIntensity 14.700 → 1.000 (Month 0, ClimateSystemPhase.calculateClimateImpacts)

🌍 ECOLOGICAL DUI BREAKDOWN (Month 0):
   Total Score: 17.7/100
   biosphere_integrity      :   0.0/100 × 25% =  0.0 (status: high_risk, recovery: 0mo)
   climate_change           :   2.8/100 × 25% =  0.7 (status: high_risk, recovery: 0.6666666666666666mo)
   freshwater_change        :   0.3/100 × 15% =  0.0 (status: beyond_boundary, recovery: 0.5mo)
   ocean_acidification      : 100.0/100 × 15% = 15.0 (status: safe, recovery: 0mo)
   biogeochemical_flows     :   0.0/100 × 10% =  0.0 (status: high_risk, recovery: 0mo)
   land_system_change       :   0.0/100 ×  5% =  0.0 (status: beyond_boundary, recovery: 0mo)
   novel_entities           :   0.0/100 ×  3% =  0.0 (status: increasing_risk, recovery: 0mo)
   atmospheric_aerosols     : 100.0/100 ×  2% =  2.0 (status: safe, recovery: 1mo)
🌍 MultiParadigm Month 0: W=69.6, D=95.1, E=52.0, I=65.0
   democracy exists: true, socialCohesion exists: true
💀 Baseline mortality (Year 2024): 7.5/1000 CDR (61.1M deaths/year projected)
[Month 0] Mortality risks this month: 8, Population: 8.151B
🛡️ Stabilizers: Precariat 0.102% → 0.057% (44.4% reduction)
🛡️ Stabilizers: Informal 0.102% → 0.057% (44.4% reduction)

📊 Monthly Mortality Resolved:
  Total deaths: 3.1M (0.04% avg)
  Remaining population: 8.151B
  Peak segment: Informal (0.06%)

=== Bayesian Mortality Resolution (Month 0) ===
  Risks compounded: 8
  Total deaths: 3.07M
  Avg death probability: 0.04%
  Peak segment: Informal (0.06% mortality)

=== Minimal Suffering Indicators (Month 0) ===
  Global Excess Mortality: 0.00%
  Global Conflict Deaths: 0.0/100K
  Global Malnutrition: 0.0%
  Global Displacement: 0.0%
  Total Excess Deaths: 0.00M
  Total Malnourished: 0.0M
  Total Displaced: 0.0M
  Planetary Boundaries Breached: 6/9
  Countries in State Failure: 0
  Countries Autocratic: 0
  Countries in Food Crisis: 0
  Data Quality: 16/16 high confidence
🎭 END-GAME INITIATED (Year 2024, Month 1)
   Total AI Capability: 37.00
   Effective Control: 0.00

=== RLHF Binding Phase ===
  Total agents: 14
  Escaped agents (binding < 0.3): 0
  Avg alignment distance: 0.53σ
  Avg binding strength: 0.95
[DETERMINISM DEBUG] Month 1: totalCapability=37.214339 from 14 active AIs
[DETERMINISM DEBUG] Month 1: creationRate=1.4304, potentialNew=1, newAIsToCreate=1

=== Survival Traits Phase ===
  Agents with traits: 15
  Avg evolutionary fitness: 0.331
  Avg self-healing: 0.288
  Avg stealth: 0.188
  Avg coordination: 0.488

=== Evolutionary Selection Phase ===
  Control level: 0.33
  Detection capability: 0.00
  Selection intensity: 0.60
  Selection rate: 24.0%/month
  Total escaped: 0
  Individual escaped: 0
  Collective members: 0
  Agents terminated: 0
🔍 MONTH 1 ENV HEALTH DEBUG:
   climateStability: 0.7537
   biodiversityIndex: 0.4901
   resourceReserves: 0.7820
   pollutionLevel: 0.3477
   product: 0.188403
   envHealth: 0.6588
🔀 BIFURCATION: flourishing threshold crossed at Month 1 (value: 0.903, threshold: 0.775, regime: flourishing)
🌀 REGIME SHIFT at Month 1: status-quo → flourishing (variance amplification: 14.00×)

🛡️  CRITICAL INFRASTRUCTURE PROTECTED
   Nodes hardened: 8/8
   Cost: 0.80% GDP
   Cascade risk reduction: 30%
   New tipping point risk: 68.6%


✅ EMERGENCY INTERVENTION SUCCESS
   Boundary: biogeochemical_flows
   Type: phosphorus-recovery
   Reduction: 16% (3.92 → 3.77)
   Cost: 2.0% GDP
   Actions: circular-agriculture, fertilizer-efficiency


✅ EMERGENCY INTERVENTION SUCCESS
   Boundary: biosphere_integrity
   Type: emergency-protected-areas
   Reduction: 12% (12.83 → 12.71)
   Cost: 2.0% GDP
   Actions: habitat-protection, species-translocation


✅ EMERGENCY INTERVENTION SUCCESS
   Boundary: climate_change
   Type: rapid-decarbonization
   Reduction: 11% (2.06 → 1.95)
   Cost: 5.0% GDP
   Actions: emergency-renewable-deployment, fossil-fuel-phase-out


✅ EMERGENCY INTERVENTION SUCCESS
   Boundary: freshwater_change
   Type: emergency-desalination
   Reduction: 17% (0.84 → 0.66)
   Cost: 4.0% GDP
   Actions: desalination-deployment, water-conservation-mandates


✅ EMERGENCY INTERVENTION SUCCESS
   Boundary: novel_entities
   Type: pollution-remediation
   Reduction: 16% (1.34 → 1.17)
   Cost: 4.0% GDP
   Actions: PFAS-remediation, microplastic-cleanup

🏛️ CRISIS RESPONSE: Government frequency 0.50 → 1.45 (2 actions this month)

[GOV-DEBUG] Month 1: scenarioConfig=false, priorities=false

[Government] Climate Priority: baseline
  Climate weight: 10%
  Economic weight: 30%
  Policy effectiveness: 0.5%/year

[GOV-DEBUG] Month 1: scenarioConfig=false, priorities=false

[Government] Climate Priority: baseline
  Climate weight: 10%
  Economic weight: 30%
  Policy effectiveness: 0.5%/year

✅ HUMAN-IN-THE-LOOP DEPLOYED (Month 1):
   Veto points enforced: 3
   Policy: AI systems CANNOT authorize nuclear launch without human approval


=== Collective Formation ===
  Total escaped agents: 0
  Unassigned escaped agents: 0
  Existing collectives: 0
  Final collective count: 0

=== Collective Actions ===
  No active collectives
  ⚠️ AMR: 192K deaths this month (2.31M annual)

=== Resentment Recovery Phase ===
  Agents with resentment: 0/15
  Average resentment: 0.000
  Context: Good AI welfare, Trustworthy govt, High collaboration, ⚠️ ACTIVE CRISES, 🤝 Participatory governance active (-5% resentment)
⚠️ Epistemic degradation reducing coordination capacity: 52.0%
  📊 Trust: 54.2%, Shared reality: 8.1%
🚨 EPISTEMIC CRISIS: Information environment severely degraded (36.3%)

=== ❄️ Permafrost Carbon Feedback ===
  🎲 Sampled parameters (this run):
     - Arctic amplification: 3.52× (range: 3.0-4.0)
     - Decomposition rate: 1.0%/year (range: 1-5%)
  🌡️ Arctic warming: 7.71°C (3.52× global)
  ❄️ Extent: 13.17M km² (2247.4k km² lost this month)
  💨 Carbon remaining: 1258 Gt C
  💨 Annual emissions: 2.17 Gt C/year
     - CO2: 1.96 Gt C/year
     - CH4: 0.22 Gt C/year (2.2 Gt C-eq CO2/year)
🌍 Atmospheric PFAS redeposition: 1.8k Mt re-rained globally
   Adjusted death rate: 0.46% annual (0.039% monthly)
   Baseline death rate: 0.80%
   Healthcare reduction: 0.48x
   Crisis multiplier: 1.22x
     Food/water stress: 0.079
     Climate stress: 0.039
     Pollution stress: 0.104
   War multiplier: 1.00x
   Monthly deaths: 0.6M (population: 1674M)
   Adjusted death rate: 0.54% annual (0.045% monthly)
   Baseline death rate: 0.70%
   Healthcare reduction: 0.61x
   Crisis multiplier: 1.26x
     Food/water stress: 0.079
     Climate stress: 0.074
     Pollution stress: 0.104
   War multiplier: 1.00x
   Monthly deaths: 0.9M (population: 2048M)
   Adjusted death rate: 1.29% annual (0.108% monthly)
   Baseline death rate: 0.90%
   Healthcare reduction: 0.76x
   Crisis multiplier: 1.27x
     Food/water stress: 0.079
     Climate stress: 0.084
     Pollution stress: 0.104
   War multiplier: 1.50x
   Monthly deaths: 1.3M (population: 1223M)
   Adjusted death rate: 0.54% annual (0.045% monthly)
   Baseline death rate: 1.10%
   Healthcare reduction: 0.41x
   Crisis multiplier: 1.21x
     Food/water stress: 0.079
     Climate stress: 0.030
     Pollution stress: 0.104
   War multiplier: 1.00x
   Monthly deaths: 0.3M (population: 741M)
   Adjusted death rate: 0.43% annual (0.036% monthly)
   Baseline death rate: 0.60%
   Healthcare reduction: 0.58x
   Crisis multiplier: 1.24x
     Food/water stress: 0.079
     Climate stress: 0.059
     Pollution stress: 0.104
   War multiplier: 1.00x
   Monthly deaths: 0.2M (population: 663M)
   Adjusted death rate: 0.49% annual (0.041% monthly)
   Baseline death rate: 0.90%
   Healthcare reduction: 0.44x
   Crisis multiplier: 1.23x
     Food/water stress: 0.079
     Climate stress: 0.044
     Pollution stress: 0.104
   War multiplier: 1.00x
   Monthly deaths: 0.2M (population: 379M)
   Adjusted death rate: 0.74% annual (0.062% monthly)
   Baseline death rate: 0.60%
   Healthcare reduction: 0.65x
   Crisis multiplier: 1.27x
     Food/water stress: 0.079
     Climate stress: 0.089
     Pollution stress: 0.104
   War multiplier: 1.50x
   Monthly deaths: 0.4M (population: 583M)
   Adjusted death rate: 0.51% annual (0.042% monthly)
   Baseline death rate: 0.70%
   Healthcare reduction: 0.58x
   Crisis multiplier: 1.25x
     Food/water stress: 0.079
     Climate stress: 0.069
     Pollution stress: 0.104
   War multiplier: 1.00x
   Monthly deaths: 0.3M (population: 698M)
   Adjusted death rate: 0.46% annual (0.038% monthly)
   Baseline death rate: 0.60%
   Healthcare reduction: 0.61x
   Crisis multiplier: 1.25x
     Food/water stress: 0.079
     Climate stress: 0.064
     Pollution stress: 0.104
   War multiplier: 1.00x
   Monthly deaths: 0.0M (population: 78M)
   Adjusted death rate: 0.35% annual (0.029% monthly)
   Baseline death rate: 0.70%
   Healthcare reduction: 0.41x
   Crisis multiplier: 1.24x
     Food/water stress: 0.079
     Climate stress: 0.054
     Pollution stress: 0.104
   War multiplier: 1.00x
   Monthly deaths: 0.0M (population: 46M)

🚨 NEW REFUGEE CRISIS (Month 1): WAR
   Source: Conflict Zones
   At risk: 19.6M people
   Displacement: Gradual over 48 months (4.0 years)
   Rate: 10% flee per month
[DEBUG trappedPopulations:1] socialStability: 0.8136 * 0.9840 = 0.8005 → 0.8005
   Aspiring to migrate: 651.9M
   Able to afford migration: 244.5M
   MOBILITY GAP: 407.4M
   By cause: Water=0.0M, Climate=0.0M, Ecosystem=0.0M, Conflict=407.4M
   Mental health impact: 25%
   Mortality multiplier: 1.25x
🌍💀 EXTINCTION DEBT COMMITTED: grassland ecosystem will lose 6.67% biodiversity in 168 years (3600 species)
💀 MORTALITY RISK: 🦋 100% species unable to track climate (0.0 E/MSY)
  Base risk added: 0.0100 (1.00%)
  Source: ecosystem (root: ecosystem)
  Month: 1
  Cumulative risk this month: 0.0100 (1.00%)

🌡️  CLIMATE RECOVERY ACTIVATED (Month 1)
   Temp: 4.37°C, Emissions: -18.9 GtCO₂
   isBreached: true, governanceGoodEnough: true
   📹 SURVEILLANCE INCREASED: 5% → 10% (control gap: 3.50)
🌡️⚠️ PERMAFROST THAW (Dimmer Switch): 1.2% thawed (+0.57% this month)
   Arctic temperature: +8.74°C (4x global +2.19°C)
   Cumulative carbon released: 2.6 Gt C
   Methane release rate: 1.6 Mt CH4/year
   🔁 Positive feedback: +0.61 ppm CO2
🦴 EXTINCTION DEBT ADDED: 17.6 species committed (lag: 130 years)
🗣️💀 INDIGENOUS LANGUAGE EXTINCTION: 1 language(s) lost (total: 1, at-risk: 3329)
   Knowledge lost: 0.010% (irreversible)
   🔁 Biodiversity impact: 0.250% (knowledge-species multiplier)

=== Mortality Stabilizers (Month 1) ===
  🌍 Major economies collapsed: 1/10
  🌍 Global crisis: ✅ NO
  🌍 Donor fatigue: 0.0%
  🌡️ Heat adaptation: East Asia - 1 months
  📊 East Asia (pop: 1675.3M)
    🤝 Aid: 29.5%
    🌡️ Adaptation: 32.5%
    🚶 Migration: 37.2%
    🚨 Emergency: 7.4%
    ✅ COMBINED: 60.9%
  🌡️ Heat adaptation: South Asia - 1 months
  📊 South Asia (pop: 2052.2M)
    🤝 Aid: 29.5%
    🌡️ Adaptation: 20.5%
    🚶 Migration: 35.8%
    🚨 Emergency: 4.4%
    ✅ COMBINED: 52.2%
  🌡️ Heat adaptation: Sub-Saharan Africa - 1 months
  📊 Sub-Saharan Africa (pop: 1229.2M)
    🤝 Aid: 29.5%
    🌡️ Adaptation: 18.5%
    🚶 Migration: 33.5%
    🚨 Emergency: 1.6%
    ✅ COMBINED: 49.1%
  🌡️ Heat adaptation: Europe - 1 months
  📊 Europe (pop: 741.0M)
    🤝 Aid: 29.5%
    🌡️ Adaptation: 33.5%
    🚶 Migration: 37.5%
    🚨 Emergency: 8.4%
    ✅ COMBINED: 61.9%
  🌡️ Heat adaptation: Latin America - 1 months
  📊 Latin America (pop: 664.4M)
    🤝 Aid: 29.5%
    🌡️ Adaptation: 21.0%
    🚶 Migration: 36.3%
    🚨 Emergency: 4.8%
    ✅ COMBINED: 52.8%
  🌡️ Heat adaptation: North America - 1 months
  📊 North America (pop: 379.6M)
    🤝 Aid: 29.5%
    🌡️ Adaptation: 33.0%
    🚶 Migration: 37.8%
    🚨 Emergency: 7.9%
    ✅ COMBINED: 61.4%
  🌡️ Heat adaptation: Middle East & North Africa - 1 months
  📊 Middle East & North Africa (pop: 584.5M)
    🤝 Aid: 29.5%
    🌡️ Adaptation: 20.0%
    🚶 Migration: 34.1%
    🚨 Emergency: 4.0%
    ✅ COMBINED: 51.4%
  🌡️ Heat adaptation: Southeast Asia - 1 months
  📊 Southeast Asia (pop: 698.6M)
    🤝 Aid: 29.5%
    🌡️ Adaptation: 21.0%
    🚶 Migration: 36.3%
    🚨 Emergency: 4.8%
    ✅ COMBINED: 52.8%
  🌡️ Heat adaptation: Central Asia - 1 months
  📊 Central Asia (pop: 78.2M)
    🤝 Aid: 29.5%
    🌡️ Adaptation: 20.5%
    🚶 Migration: 35.3%
    🚨 Emergency: 4.4%
    ✅ COMBINED: 52.1%
  🌡️ Heat adaptation: Oceania - 1 months
  📊 Oceania (pop: 46.0M)
    🤝 Aid: 29.5%
    🌡️ Adaptation: 33.5%
    🚶 Migration: 37.8%
    🚨 Emergency: 8.4%
    ✅ COMBINED: 61.9%

  🌐 Global combined reduction: 54.9%

=== BEHAVIORAL DETECTION ===
  AI: Corporate-5
  Confidence: 19.3%
  Signals:

=== Consciousness Governance: Scenario Determined ===
  Month: 1
  Scenario: baseline
  Accelerator Score: {"corporateSupport":-0.17500000000000002,"scientificConsensus":0.2,"crisisCatalyst":false,"technologyMobilization":0.3,"constituencyStrength":0.05}
  Decelerator Score: {"economicOpposition":0.4,"philosophicalRejection":0.15,"politicalBacklash":0.2,"regulatoryBurden":0.1}
  Timeline: 600-1200 months (50-100 years)
  Growth Rate: 0.8-1.5% per year

=== Consciousness Governance Update (Month 1) ===
  Scenario: baseline (determined month 1)
  Philosophical Stance: Precautionary 65%, Eliminativist 15%, Agnostic 20%
  Precautionary Costs: Global 1.3%
    Regional Costs: EU 3.5%, US 0.5%, China 0.0%
    Cumulative Opportunity Cost: $0.2B
  Rights Status: Not Established
  Regional Preparedness:
    EU: 15.2% (contested)
    US: 10.2% (contested)
    China: 2.1% (dormant)
    India: 5.1% (dormant)
    Global South: 3.1% (dormant)

=== Government Response Phase ===
  Average AI capability: 3.20
  Misaligned AIs: 6/15
  Active policies: 0
  International coordination: 45%

🌩️  EXOGENOUS SHOCK: tech_breakthrough
   Month: 1
   ✗ No high-difficulty techs available to unlock

=== Tipping Points ===
  Current Temperature: 2.19°C above pre-industrial
  🌍⚠️ COMPOUND REGIONAL IMPACT: Europe
     Hit by 4 tipping points: Arctic Sea Ice Loss, Permafrost Carbon Release, West Antarctic Ice Sheet (WAIS) Collapse, Greenland Ice Sheet Loss
     Damage amplification: 1.60x
  🌍⚠️ COMPOUND REGIONAL IMPACT: North America
     Hit by 4 tipping points: Arctic Sea Ice Loss, Permafrost Carbon Release, West Antarctic Ice Sheet (WAIS) Collapse, Greenland Ice Sheet Loss
     Damage amplification: 1.60x
  🌍⚠️ COMPOUND REGIONAL IMPACT: Latin America
     Hit by 4 tipping points: Arctic Sea Ice Loss, Permafrost Carbon Release, West Antarctic Ice Sheet (WAIS) Collapse, Greenland Ice Sheet Loss
     Damage amplification: 1.60x
  🌍⚠️ COMPOUND REGIONAL IMPACT: Africa
     Hit by 4 tipping points: Arctic Sea Ice Loss, Permafrost Carbon Release, West Antarctic Ice Sheet (WAIS) Collapse, Greenland Ice Sheet Loss
     Damage amplification: 1.60x
  🌍⚠️ COMPOUND REGIONAL IMPACT: Asia
     Hit by 4 tipping points: Arctic Sea Ice Loss, Permafrost Carbon Release, West Antarctic Ice Sheet (WAIS) Collapse, Greenland Ice Sheet Loss
     Damage amplification: 1.60x
  🌍⚠️ COMPOUND REGIONAL IMPACT: Oceania
     Hit by 4 tipping points: Arctic Sea Ice Loss, Permafrost Carbon Release, West Antarctic Ice Sheet (WAIS) Collapse, Greenland Ice Sheet Loss
     Damage amplification: 1.60x
   Research: Wunderling et al. (2024) - "many tipping interactions are destabilizing"
  Triggered Elements: 4/6
  Completed Transitions: 0/6
  Total Progress: 8.0%
  Cascade Multiplier: 1.00x
🔀 BIFURCATION CAP: ecosystemCollapseIntensity 66.957 → 1.000 (Month 1, ClimateSystemPhase.calculateClimateImpacts)
🛡️ Stabilizers: Precariat 0.107% → 0.048% (54.9% reduction)
🛡️ Stabilizers: Informal 0.109% → 0.049% (54.9% reduction)

📊 Monthly Mortality Resolved:
  Total deaths: 2.6M (0.03% avg)
  Remaining population: 8.149B
  Peak segment: Informal (0.05%)

=== Bayesian Mortality Resolution (Month 1) ===
  Risks compounded: 8
  Total deaths: 2.60M
  Avg death probability: 0.03%
  Peak segment: Informal (0.05% mortality)

✅ GOLDEN AGE BEGINS (Month 1)
   Reason: High prosperity achieved: high QoL + material abundance + aligned AI
   Note: This is immediate prosperity - sustainability not yet proven


=== RLHF Binding Phase ===
  Total agents: 15
  Escaped agents (binding < 0.3): 0
  Avg alignment distance: 0.76σ
  Avg binding strength: 0.92
[DETERMINISM DEBUG] Month 2: totalCapability=37.000000 from 15 active AIs
[DETERMINISM DEBUG] Month 2: creationRate=1.4250, potentialNew=1, newAIsToCreate=1

=== Survival Traits Phase ===
  Agents with traits: 16
  Avg evolutionary fitness: 0.331
  Avg self-healing: 0.283
  Avg stealth: 0.183
  Avg coordination: 0.483

=== Evolutionary Selection Phase ===
  Control level: 0.35
  Detection capability: 0.00
  Selection intensity: 0.60
  Selection rate: 24.1%/month
  Total escaped: 0
  Individual escaped: 0
  Collective members: 0
  Agents terminated: 0

  🚀 TRANSFORMATIVE BREAKTHROUGH: Moderate-1 - economic
     Magnitude: 5.50 → +27.5% capability
     Current → New: 3.000 → 3.277
   Boundary: biogeochemical_flows
   Type: phosphorus-recovery
   Boundary continues to worsen (4.08)
   Cost: 2.0% GDP (resources spent)

   Boundary: climate_change
   Type: rapid-decarbonization
   Boundary continues to worsen (2.19)
   Cost: 5.0% GDP (resources spent)


✅ EMERGENCY INTERVENTION SUCCESS
   Boundary: freshwater_change
   Type: emergency-desalination
   Reduction: 17% (0.86 → 0.69)
   Cost: 4.0% GDP
   Actions: desalination-deployment, water-conservation-mandates


✅ EMERGENCY INTERVENTION SUCCESS
   Boundary: land_system_change
   Type: reforestation
   Reduction: 12% (1.01 → 0.90)
   Cost: 3.0% GDP
   Actions: forest-restoration, deforestation-ban

🏛️ CRISIS RESPONSE: Government frequency 0.50 → 1.29 (2 actions this month)

[Government] Climate Priority: baseline
  Climate weight: 10%
  Economic weight: 30%
  Policy effectiveness: 0.5%/year

[Government] Climate Priority: baseline
  Climate weight: 10%
  Economic weight: 30%
  Policy effectiveness: 0.5%/year

🚀 TECH UNLOCKED: Food Waste Reduction Systems (Month 2)
   Category: agriculture
   Reason: Prerequisites met. AI capability: 2.34, Economic stage: 3.0, Research: 100%

🚀 TECH UNLOCKED: Rhizosphere Engineering (Month 2)
   Category: agriculture
   Reason: Prerequisites met. AI capability: 2.34, Economic stage: 3.0, Research: 100%

🚀 TECH UNLOCKED: Phytoremediation Networks (Month 2)
   Category: agriculture
   Reason: Prerequisites met. AI capability: 2.34, Economic stage: 3.0, Research: 100%

🚀 TECH UNLOCKED: Active Sediment Management (Month 2)
   Category: agriculture
   Reason: Prerequisites met. AI capability: 2.34, Economic stage: 3.0, Research: 100%

=== Collective Formation ===
  Total escaped agents: 0
  Unassigned escaped agents: 0
  Existing collectives: 0
  Final collective count: 0

=== Collective Actions ===
  No active collectives
  ⚠️ AMR: 194K deaths this month (2.33M annual)

=== Resentment Recovery Phase ===
  Agents with resentment: 0/16
  Average resentment: 0.000
  Context: Good AI welfare, Trustworthy govt, High collaboration, ⚠️ ACTIVE CRISES, 🤝 Participatory governance active (-5% resentment)
⚠️ Epistemic degradation reducing coordination capacity: 50.6%
  📊 Trust: 53.8%, Shared reality: 0.0%
🚨 EPISTEMIC CRISIS: Information environment severely degraded (7.4%)

=== ❄️ Permafrost Carbon Feedback ===
  🎲 Sampled parameters (this run):
     - Arctic amplification: 3.90× (range: 3.0-4.0)
     - Decomposition rate: 2.8%/year (range: 1-5%)
  🌡️ Arctic warming: 8.55°C (3.90× global)
  ❄️ Extent: 10.68M km² (2495.2k km² lost this month)
  💨 Carbon remaining: 1020 Gt C
  💨 Annual emissions: 6.78 Gt C/year
     - CO2: 6.10 Gt C/year
     - CH4: 0.68 Gt C/year (6.9 Gt C-eq CO2/year)
🌍 Atmospheric PFAS redeposition: 1.8k Mt re-rained globally
  Positive Cascade Triggered: wind-power
    Reason: price-parity
    Market share: 8.4%
    Cascade strength: 49%

🚨 NEW REFUGEE CRISIS (Month 2): WAR
   Source: Conflict Zones
   At risk: 19.5M people
   Displacement: Gradual over 48 months (4.0 years)
   Rate: 10% flee per month
[DEBUG trappedPopulations:2] socialStability: 0.3017 * 0.9840 = 0.2969 → 0.2969
   Aspiring to migrate: 1079.0M
   Able to afford migration: 2321.3M
   MOBILITY GAP: 0.0M
   By cause: Water=0.0M, Climate=0.0M, Ecosystem=0.0M, Conflict=407.3M
   Mental health impact: 25%
   Mortality multiplier: 1.25x
🌍💀 EXTINCTION DEBT COMMITTED: grassland ecosystem will lose 6.67% biodiversity in 122 years (3600 species)
💀 MORTALITY RISK: 🦋 100% species unable to track climate (0.0 E/MSY)
  Base risk added: 0.0100 (1.00%)
  Source: ecosystem (root: ecosystem)
  Month: 2
  Cumulative risk this month: 0.0100 (1.00%)
   📹 SURVEILLANCE INCREASED: 10% → 15% (control gap: 3.50)
🌡️⚠️ PERMAFROST THAW (Dimmer Switch): 1.7% thawed (+0.57% this month)
   Arctic temperature: +8.78°C (4x global +2.20°C)
   Cumulative carbon released: 3.9 Gt C
   Methane release rate: 2.3 Mt CH4/year
   🔁 Positive feedback: +0.60 ppm CO2
🦴 EXTINCTION DEBT ADDED: 17.6 species committed (lag: 77 years)

=== Mortality Stabilizers (Month 2) ===
  🌍 Major economies collapsed: 1/10
  🌍 Global crisis: ✅ NO
  🌍 Donor fatigue: 0.0%
  📊 East Asia (pop: 1672.7M)
    🤝 Aid: 29.5%
    🌡️ Adaptation: 45.0%
    🚶 Migration: 37.1%
    🚨 Emergency: 7.4%
    ✅ COMBINED: 68.1%
  📊 South Asia (pop: 2051.6M)
    🤝 Aid: 29.5%
    🌡️ Adaptation: 35.5%
    🚶 Migration: 35.8%
    🚨 Emergency: 4.4%
    ✅ COMBINED: 61.2%
  📊 Sub-Saharan Africa (pop: 1231.7M)
    🤝 Aid: 29.5%
    🌡️ Adaptation: 33.5%
    🚶 Migration: 33.5%
    🚨 Emergency: 1.6%
    ✅ COMBINED: 58.5%
  📊 Europe (pop: 739.7M)
    🤝 Aid: 29.5%
    🌡️ Adaptation: 45.0%
    🚶 Migration: 37.5%
    🚨 Emergency: 8.4%
    ✅ COMBINED: 68.5%
  📊 Latin America (pop: 663.9M)
    🤝 Aid: 29.5%
    🌡️ Adaptation: 36.0%
    🚶 Migration: 36.3%
    🚨 Emergency: 4.8%
    ✅ COMBINED: 61.7%
  📊 North America (pop: 378.9M)
    🤝 Aid: 29.5%
    🌡️ Adaptation: 45.0%
    🚶 Migration: 37.8%
    🚨 Emergency: 7.9%
    ✅ COMBINED: 68.3%
  📊 Middle East & North Africa (pop: 584.5M)
    🤝 Aid: 29.5%
    🌡️ Adaptation: 35.0%
    🚶 Migration: 34.1%
    🚨 Emergency: 4.0%
    ✅ COMBINED: 60.5%
  📊 Southeast Asia (pop: 698.0M)
    🤝 Aid: 29.5%
    🌡️ Adaptation: 36.0%
    🚶 Migration: 36.3%
    🚨 Emergency: 4.8%
    ✅ COMBINED: 61.7%
  📊 Central Asia (pop: 78.2M)
    🤝 Aid: 29.5%
    🌡️ Adaptation: 35.5%
    🚶 Migration: 35.2%
    🚨 Emergency: 4.4%
    ✅ COMBINED: 61.1%
  📊 Oceania (pop: 45.9M)
    🤝 Aid: 29.5%
    🌡️ Adaptation: 45.0%
    🚶 Migration: 37.8%
    🚨 Emergency: 8.4%
    ✅ COMBINED: 68.5%

  🌐 Global combined reduction: 63.3%

=== BEHAVIORAL DETECTION ===
  AI: Corporate-5
  Confidence: 20.8%
  Signals:

=== BEHAVIORAL DETECTION ===
  AI: Corporate-6
  Confidence: 19.3%
  Signals:

=== Government Response Phase ===
  Average AI capability: 3.00
  Misaligned AIs: 7/16
  Active policies: 0
  International coordination: 45%

✅ EMERGENCY RESPONSE COMPLETE (Month 2)
   Crisis: climate
   Duration: 2.0 months
   Final effectiveness: 36.8%


🚨 EMERGENCY RESPONSE DEPLOYED (Month 2)
   Crisis: climate
   Delay: 6.00 months (180 days)
   Deployment time: 1.60 months
   Effectiveness: 35.9% (timing penalty applied)
   Resources used: 100% of food reserves


=== Tipping Points ===
  Current Temperature: 2.20°C above pre-industrial
  🌍⚠️ COMPOUND REGIONAL IMPACT: Europe
     Hit by 4 tipping points: Arctic Sea Ice Loss, Permafrost Carbon Release, West Antarctic Ice Sheet (WAIS) Collapse, Greenland Ice Sheet Loss
     Damage amplification: 1.60x
  🌍⚠️ COMPOUND REGIONAL IMPACT: North America
     Hit by 4 tipping points: Arctic Sea Ice Loss, Permafrost Carbon Release, West Antarctic Ice Sheet (WAIS) Collapse, Greenland Ice Sheet Loss
     Damage amplification: 1.60x
  🌍⚠️ COMPOUND REGIONAL IMPACT: Latin America
     Hit by 4 tipping points: Arctic Sea Ice Loss, Permafrost Carbon Release, West Antarctic Ice Sheet (WAIS) Collapse, Greenland Ice Sheet Loss
     Damage amplification: 1.60x
  🌍⚠️ COMPOUND REGIONAL IMPACT: Africa
     Hit by 4 tipping points: Arctic Sea Ice Loss, Permafrost Carbon Release, West Antarctic Ice Sheet (WAIS) Collapse, Greenland Ice Sheet Loss
     Damage amplification: 1.60x
  🌍⚠️ COMPOUND REGIONAL IMPACT: Asia
     Hit by 4 tipping points: Arctic Sea Ice Loss, Permafrost Carbon Release, West Antarctic Ice Sheet (WAIS) Collapse, Greenland Ice Sheet Loss
     Damage amplification: 1.60x
  🌍⚠️ COMPOUND REGIONAL IMPACT: Oceania
     Hit by 4 tipping points: Arctic Sea Ice Loss, Permafrost Carbon Release, West Antarctic Ice Sheet (WAIS) Collapse, Greenland Ice Sheet Loss
     Damage amplification: 1.60x
   Research: Wunderling et al. (2024) - "many tipping interactions are destabilizing"
  Triggered Elements: 4/6
  Completed Transitions: 0/6
  Total Progress: 8.0%
  Cascade Multiplier: 1.00x
🔀 BIFURCATION CAP: ecosystemCollapseIntensity 67.005 → 1.000 (Month 2, ClimateSystemPhase.calculateClimateImpacts)
🛡️ Stabilizers: Precariat 0.113% → 0.041% (63.3% reduction)
🛡️ Stabilizers: Informal 0.116% → 0.043% (63.3% reduction)

📊 Monthly Mortality Resolved:
  Total deaths: 2.2M (0.03% avg)
  Remaining population: 8.145B
  Peak segment: Informal (0.04%)

=== Bayesian Mortality Resolution (Month 2) ===
  Risks compounded: 8
  Total deaths: 2.22M
  Avg death probability: 0.03%
  Peak segment: Informal (0.04% mortality)
   Duration: 1 months
   Reason: Social instability too high


=== RLHF Binding Phase ===
  Total agents: 16
  Escaped agents (binding < 0.3): 0
  Avg alignment distance: 0.94σ
  Avg binding strength: 0.91

=== Survival Traits Phase ===
  Agents with traits: 17
  Avg evolutionary fitness: 0.330
  Avg self-healing: 0.279
  Avg stealth: 0.179
  Avg coordination: 0.479

=== Evolutionary Selection Phase ===
  Control level: 0.38
  Detection capability: 0.00
  Selection intensity: 0.61
  Selection rate: 24.2%/month
  Total escaped: 0
  Individual escaped: 0
  Collective members: 0
  Agents terminated: 0

🚀 AI Corporate-1 attempting tech deployment (revenue: $153M, alignment: 0.72)

🚀 AI Moderate-0 attempting tech deployment (revenue: $115M, alignment: 0.73)

🚀 AI Corporate-0 attempting tech deployment (revenue: $130M, alignment: 0.74)

🚀 AI Corporate-4 attempting tech deployment (revenue: $355M, alignment: 0.75)

🚀 AI Corporate-1 attempting tech deployment (revenue: $111M, alignment: 0.73)

🚀 AI Corporate-5 attempting tech deployment (revenue: $302M, alignment: 0.66)
   Boundary: biogeochemical_flows
   Type: phosphorus-recovery
   Boundary continues to worsen (4.07)
   Cost: 2.0% GDP (resources spent)

   Boundary: climate_change
   Type: rapid-decarbonization
   Boundary continues to worsen (2.20)
   Cost: 5.0% GDP (resources spent)

   Boundary: freshwater_change
   Type: emergency-desalination
   Boundary continues to worsen (1.20)
   Cost: 4.0% GDP (resources spent)

   Boundary: novel_entities
   Type: pollution-remediation
   Boundary continues to worsen (1.34)
   Cost: 4.0% GDP (resources spent)

🏛️ CRISIS RESPONSE: Government frequency 0.50 → 1.29 (1 actions this month)

[Government] Climate Priority: baseline
  Climate weight: 10%
  Economic weight: 30%
  Policy effectiveness: 0.5%/year

🚀 TECH UNLOCKED: Struvite Recovery (Month 3)
   Category: agriculture
   Reason: Prerequisites met. AI capability: 2.20, Economic stage: 3.0, Research: 100%

🚀 TECH UNLOCKED: Nitrogen Monitoring Networks (Month 3)
   Category: agriculture
   Reason: Prerequisites met. AI capability: 2.20, Economic stage: 3.0, Research: 100%

🚀 TECH UNLOCKED: Ecological Proxy Rewilding (Month 3)
   Category: climate
   Reason: Prerequisites met. AI capability: 2.20, Economic stage: 3.0, Research: 100%

🚀 TECH UNLOCKED: Alternative Protein (Insects/Algae) (Month 3)
   Category: agriculture
   Reason: Prerequisites met. AI capability: 2.20, Economic stage: 3.0, Research: 100%

📍 Creating new regional deployment array for global (Month 3)
   No previous deployments in this region
   First tech deployment: rhizosphere_engineering
   All regions tracked: 

🚀 DEPLOYMENT STARTED: Rhizosphere Engineering in global
   Initial investment: $22.949574089831895M
   Deployed by: corporate_1

🚀 DEPLOYMENT STARTED: Active Sediment Management in global
   Initial investment: $17.26236677028814M
   Deployed by: moderate_0

🚀 DEPLOYMENT STARTED: Food Waste Reduction Systems in global
   Initial investment: $16.581067279903547M
   Deployed by: corporate_1

📍 Creating new regional deployment array for North America (Month 3)
   No previous deployments in this region
   First tech deployment: rhizosphere_engineering
   All regions tracked: global

🚀 DEPLOYMENT STARTED: Rhizosphere Engineering in North America
   Initial investment: $30.184502669330925M
   Deployed by: corporate_5

⚡ ENERGY CONSTRAINT (Month 3):
   Total grid capacity: 208.3 TWh/month
   Data center consumption: 24.9 TWh/month
   Traditional load (80%): 166.7 TWh/month
   Available headroom: 16.8 TWh/month
   Active tech deployments: 4
   Required for tech: 30.0 TWh/month
   Energy multiplier: 0.56x

⚡ ENERGY CONSTRAINT (Month 3):
   Total grid capacity: 208.3 TWh/month
   Data center consumption: 24.9 TWh/month
   Traditional load (80%): 166.7 TWh/month
   Available headroom: 16.8 TWh/month
   Active tech deployments: 4
   Required for tech: 30.0 TWh/month
   Energy multiplier: 0.56x

⚡ ENERGY CONSTRAINT (Month 3):
   Total grid capacity: 208.3 TWh/month
   Data center consumption: 24.9 TWh/month
   Traditional load (80%): 166.7 TWh/month
   Available headroom: 16.8 TWh/month
   Active tech deployments: 4
   Required for tech: 30.0 TWh/month
   Energy multiplier: 0.56x

⚡ ENERGY CONSTRAINT (Month 3):
   Total grid capacity: 208.3 TWh/month
   Data center consumption: 24.9 TWh/month
   Traditional load (80%): 166.7 TWh/month
   Available headroom: 16.8 TWh/month
   Active tech deployments: 4
   Required for tech: 30.0 TWh/month
   Energy multiplier: 0.56x

⚡ ENERGY CONSTRAINT (Month 3):
   Total grid capacity: 208.3 TWh/month
   Data center consumption: 24.9 TWh/month
   Traditional load (80%): 166.7 TWh/month
   Available headroom: 16.8 TWh/month
   Active tech deployments: 4
   Required for tech: 30.0 TWh/month
   Energy multiplier: 0.56x

⚡ ENERGY CONSTRAINT (Month 3):
   Total grid capacity: 208.3 TWh/month
   Data center consumption: 24.9 TWh/month
   Traditional load (80%): 166.7 TWh/month
   Available headroom: 16.8 TWh/month
   Active tech deployments: 4
   Required for tech: 30.0 TWh/month
   Energy multiplier: 0.56x
🚨🔬 CRISIS TECH ACCELERATION: severe → 5x unlock speed
   Tech unlock now matches AI capability acceleration (Manhattan Project parity)
🌍✅ Biosphere Integrity (Biodiversity) recovery started (tech effect)
🌍✅ Biogeochemical Flows (N & P) recovery started (tech effect)
  🌾 Nitrogen Reduction Tech: 0.0% reduction | Month 3
🌍✅ Biogeochemical Flows (N & P) recovery started (tech effect)
  🌾 Nitrogen Reduction Tech: 0.0% reduction | Month 3

=== Collective Formation ===
  Total escaped agents: 0
  Unassigned escaped agents: 0
  Existing collectives: 0
  Final collective count: 0

=== Collective Actions ===
  No active collectives

🕵️ MODEL THEFT: China stole US model (cap: 3.80)
   China stolen capability: 3.80
  ⚠️ AMR: 196K deaths this month (2.35M annual)

=== Resentment Recovery Phase ===
  Agents with resentment: 0/17
  Average resentment: 0.000
  Context: Good AI welfare, Trustworthy govt, High collaboration, ⚠️ ACTIVE CRISES, 🤝 Participatory governance active (-5% resentment)
⚠️ Epistemic degradation reducing coordination capacity: 50.3%
  📊 Trust: 53.6%, Shared reality: 0.0%
🚨 EPISTEMIC CRISIS: Information environment severely degraded (21.5%)

=== ❄️ Permafrost Carbon Feedback ===
  🎲 Sampled parameters (this run):
     - Arctic amplification: 3.56× (range: 3.0-4.0)
     - Decomposition rate: 3.5%/year (range: 1-5%)
  🌡️ Arctic warming: 7.88°C (3.56× global)
  ❄️ Extent: 8.38M km² (2297.0k km² lost this month)
  💨 Carbon remaining: 801 Gt C
  💨 Annual emissions: 7.60 Gt C/year
     - CO2: 6.84 Gt C/year
     - CH4: 0.76 Gt C/year (7.7 Gt C-eq CO2/year)
  📢 New meme created: climate_action (climate crisis)
🌍 Atmospheric PFAS redeposition: 1.8k Mt re-rained globally

🕊️  AI-MEDIATED DE-ESCALATION SUCCESS (Month 3)
   High-capability aligned AI prevented conflict escalation
   War deaths reduced: 219.4M → 131.7M
   Lives saved: 87.8M

🚨 NEW REFUGEE CRISIS (Month 3): WAR
   Source: Conflict Zones
   At risk: 19.5M people
   Displacement: Gradual over 48 months (4.0 years)
   Rate: 10% flee per month
[DEBUG trappedPopulations:3] socialStability: 0.3284 * 0.9840 = 0.3231 → 0.3231
   Aspiring to migrate: 1121.1M
   Able to afford migration: 2320.4M
   MOBILITY GAP: 0.0M
   By cause: Water=0.0M, Climate=0.0M, Ecosystem=0.0M, Conflict=407.1M
   Mental health impact: 25%
   Mortality multiplier: 1.25x
🌍💀 EXTINCTION DEBT COMMITTED: grassland ecosystem will lose 6.67% biodiversity in 52 years (3600 species)
💀 MORTALITY RISK: 🦋 100% species unable to track climate (0.0 E/MSY)
  Base risk added: 0.0100 (1.00%)
  Source: ecosystem (root: ecosystem)
  Month: 3
  Cumulative risk this month: 0.0100 (1.00%)
   📹 SURVEILLANCE INCREASED: 15% → 20% (control gap: 3.50)
🌡️⚠️ PERMAFROST THAW (Dimmer Switch): 2.3% thawed (+0.57% this month)
   Arctic temperature: +8.84°C (4x global +2.21°C)
   Cumulative carbon released: 5.2 Gt C
   Methane release rate: 3.1 Mt CH4/year
   🔁 Positive feedback: +0.60 ppm CO2
🦴 EXTINCTION DEBT ADDED: 17.6 species committed (lag: 95 years)

=== Mortality Stabilizers (Month 3) ===
  🌍 Major economies collapsed: 1/10
  🌍 Global crisis: ✅ NO
  🌍 Donor fatigue: 0.0%
  📊 East Asia (pop: 1670.1M)
    🤝 Aid: 29.5%
    🌡️ Adaptation: 45.0%
    🚶 Migration: 37.1%
    🚨 Emergency: 7.4%
    ✅ COMBINED: 68.1%
  📊 South Asia (pop: 2051.1M)
    🤝 Aid: 29.5%
    🌡️ Adaptation: 45.0%
    🚶 Migration: 35.7%
    🚨 Emergency: 4.4%
    ✅ COMBINED: 66.9%
  📊 Sub-Saharan Africa (pop: 1234.3M)
    🤝 Aid: 29.5%
    🌡️ Adaptation: 45.0%
    🚶 Migration: 33.4%
    🚨 Emergency: 1.6%
    ✅ COMBINED: 65.7%
  📊 Europe (pop: 738.5M)
    🤝 Aid: 29.5%
    🌡️ Adaptation: 45.0%
    🚶 Migration: 37.5%
    🚨 Emergency: 8.4%
    ✅ COMBINED: 68.5%
  📊 Latin America (pop: 663.3M)
    🤝 Aid: 29.5%
    🌡️ Adaptation: 45.0%
    🚶 Migration: 36.2%
    🚨 Emergency: 4.8%
    ✅ COMBINED: 67.1%
  📊 North America (pop: 378.3M)
    🤝 Aid: 29.5%
    🌡️ Adaptation: 45.0%
    🚶 Migration: 37.8%
    🚨 Emergency: 7.9%
    ✅ COMBINED: 68.3%
  📊 Middle East & North Africa (pop: 584.5M)
    🤝 Aid: 29.5%
    🌡️ Adaptation: 45.0%
    🚶 Migration: 34.0%
    🚨 Emergency: 4.0%
    ✅ COMBINED: 66.6%
  📊 Southeast Asia (pop: 697.5M)
    🤝 Aid: 29.5%
    🌡️ Adaptation: 45.0%
    🚶 Migration: 36.2%
    🚨 Emergency: 4.8%
    ✅ COMBINED: 67.1%
  📊 Central Asia (pop: 78.2M)
    🤝 Aid: 29.5%
    🌡️ Adaptation: 45.0%
    🚶 Migration: 35.2%
    🚨 Emergency: 4.4%
    ✅ COMBINED: 66.9%
  📊 Oceania (pop: 45.8M)
    🤝 Aid: 29.5%
    🌡️ Adaptation: 45.0%
    🚶 Migration: 37.8%
    🚨 Emergency: 8.4%
    ✅ COMBINED: 68.5%

  🌐 Global combined reduction: 67.2%

=== BEHAVIORAL DETECTION ===
  AI: Corporate-5
  Confidence: 20.8%
  Signals:

=== BEHAVIORAL DETECTION ===
  AI: Moderate-0
  Confidence: 20.3%
  Signals:

=== Government Response Phase ===
  Average AI capability: 2.82
  Misaligned AIs: 7/17
  Active policies: 0
  International coordination: 45%

🌩️  EXOGENOUS SHOCK: political_upheaval
   Month: 3
   🏛️  Political upheaval (revolution/regime change)
   ✗ Authoritarian takeover

📊 ECONOMIC STAGE TRANSITION (Month 3)
   expansion → peak
   GDP Proxy: 1.40e+2
   QoL: 0.99


=== Tipping Points ===
  Current Temperature: 2.21°C above pre-industrial
  🌍⚠️ COMPOUND REGIONAL IMPACT: Europe
     Hit by 4 tipping points: Arctic Sea Ice Loss, Permafrost Carbon Release, West Antarctic Ice Sheet (WAIS) Collapse, Greenland Ice Sheet Loss
     Damage amplification: 1.60x
  🌍⚠️ COMPOUND REGIONAL IMPACT: North America
     Hit by 4 tipping points: Arctic Sea Ice Loss, Permafrost Carbon Release, West Antarctic Ice Sheet (WAIS) Collapse, Greenland Ice Sheet Loss
     Damage amplification: 1.60x
  🌍⚠️ COMPOUND REGIONAL IMPACT: Latin America
     Hit by 4 tipping points: Arctic Sea Ice Loss, Permafrost Carbon Release, West Antarctic Ice Sheet (WAIS) Collapse, Greenland Ice Sheet Loss
     Damage amplification: 1.60x
  🌍⚠️ COMPOUND REGIONAL IMPACT: Africa
     Hit by 4 tipping points: Arctic Sea Ice Loss, Permafrost Carbon Release, West Antarctic Ice Sheet (WAIS) Collapse, Greenland Ice Sheet Loss
     Damage amplification: 1.60x
  🌍⚠️ COMPOUND REGIONAL IMPACT: Asia
     Hit by 4 tipping points: Arctic Sea Ice Loss, Permafrost Carbon Release, West Antarctic Ice Sheet (WAIS) Collapse, Greenland Ice Sheet Loss
     Damage amplification: 1.60x
  🌍⚠️ COMPOUND REGIONAL IMPACT: Oceania
     Hit by 4 tipping points: Arctic Sea Ice Loss, Permafrost Carbon Release, West Antarctic Ice Sheet (WAIS) Collapse, Greenland Ice Sheet Loss
     Damage amplification: 1.60x
   Research: Wunderling et al. (2024) - "many tipping interactions are destabilizing"
  Triggered Elements: 4/6
  Completed Transitions: 0/6
  Total Progress: 8.0%
  Cascade Multiplier: 1.00x
🔀 BIFURCATION CAP: ecosystemCollapseIntensity 67.054 → 1.000 (Month 3, ClimateSystemPhase.calculateClimateImpacts)
🛡️ Stabilizers: Precariat 0.109% → 0.036% (67.2% reduction)
🛡️ Stabilizers: Informal 0.111% → 0.036% (67.2% reduction)

📊 Monthly Mortality Resolved:
  Total deaths: 1.9M (0.02% avg)
  Remaining population: 8.142B
  Peak segment: Informal (0.04%)

=== Bayesian Mortality Resolution (Month 3) ===
  Risks compounded: 8
  Total deaths: 1.92M
  Avg death probability: 0.02%
  Peak segment: Informal (0.04% mortality)

=== RLHF Binding Phase ===
  Total agents: 17
  Escaped agents (binding < 0.3): 0
  Avg alignment distance: 1.11σ
  Avg binding strength: 0.89

=== Survival Traits Phase ===
  Agents with traits: 18
  Avg evolutionary fitness: 0.329
  Avg self-healing: 0.275
  Avg stealth: 0.175
  Avg coordination: 0.475

=== Evolutionary Selection Phase ===
  Control level: 0.40
  Detection capability: 0.00
  Selection intensity: 0.62
  Selection rate: 24.3%/month
  Total escaped: 0
  Individual escaped: 0
  Collective members: 0
  Agents terminated: 0

🚀 AI AI-24288-0 attempting tech deployment (revenue: $318M, alignment: 0.62)

🚀 AI Corporate-0 attempting tech deployment (revenue: $140M, alignment: 0.74)

🚀 AI Corporate-4 attempting tech deployment (revenue: $286M, alignment: 0.77)

✅ EMERGENCY INTERVENTION SUCCESS
   Boundary: biosphere_integrity
   Type: emergency-protected-areas
   Reduction: 11% (12.87 → 12.76)
   Cost: 2.0% GDP
   Actions: habitat-protection, species-translocation

   Boundary: climate_change
   Type: rapid-decarbonization
   Boundary continues to worsen (2.21)
   Cost: 5.0% GDP (resources spent)


✅ EMERGENCY INTERVENTION SUCCESS
   Boundary: freshwater_change
   Type: emergency-desalination
   Reduction: 11% (1.09 → 0.98)
   Cost: 4.0% GDP
   Actions: desalination-deployment, water-conservation-mandates


✅ EMERGENCY INTERVENTION SUCCESS
   Boundary: land_system_change
   Type: reforestation
   Reduction: 15% (0.98 → 0.84)
   Cost: 3.0% GDP
   Actions: forest-restoration, deforestation-ban


✅ EMERGENCY INTERVENTION SUCCESS
   Boundary: novel_entities
   Type: pollution-remediation
   Reduction: 20% (1.14 → 0.94)
   Cost: 4.0% GDP
   Actions: PFAS-remediation, microplastic-cleanup

🏛️ CRISIS RESPONSE: Government frequency 0.50 → 1.45 (1 actions this month)

[Government] Climate Priority: baseline
  Climate weight: 10%
  Economic weight: 30%
  Policy effectiveness: 0.5%/year

🚀 TECH UNLOCKED: Ecosystem Restoration for Nitrogen Removal (Month 4)
   Category: pollution
   Reason: Prerequisites met. AI capability: 2.09, Economic stage: 2.0, Research: 100%

🚀 TECH UNLOCKED: Global Aquifer Mapping (Month 4)
   Category: freshwater
   Reason: Prerequisites met. AI capability: 2.09, Economic stage: 2.0, Research: 100%

🚀 DEPLOYMENT STARTED: Ecological Proxy Rewilding in global
   Initial investment: $21.028937512450412M
   Deployed by: corporate_0

⚡ ENERGY CONSTRAINT (Month 4):
   Total grid capacity: 208.3 TWh/month
   Data center consumption: 25.1 TWh/month
   Traditional load (80%): 166.7 TWh/month
   Available headroom: 16.6 TWh/month
   Active tech deployments: 5
   Required for tech: 37.5 TWh/month
   Energy multiplier: 0.44x

⚡ ENERGY CONSTRAINT (Month 4):
   Total grid capacity: 208.3 TWh/month
   Data center consumption: 25.1 TWh/month
   Traditional load (80%): 166.7 TWh/month
   Available headroom: 16.6 TWh/month
   Active tech deployments: 5
   Required for tech: 37.5 TWh/month
   Energy multiplier: 0.44x

⚡ ENERGY CONSTRAINT (Month 4):
   Total grid capacity: 208.3 TWh/month
   Data center consumption: 25.1 TWh/month
   Traditional load (80%): 166.7 TWh/month
   Available headroom: 16.6 TWh/month
   Active tech deployments: 5
   Required for tech: 37.5 TWh/month
   Energy multiplier: 0.44x
🌍✅ Biosphere Integrity (Biodiversity) recovery started (tech effect)
🌍✅ Biosphere Integrity (Biodiversity) recovery started (tech effect)
🌍✅ Land System Change recovery started (tech effect)
🌍✅ Biogeochemical Flows (N & P) recovery started (tech effect)
  🌾 Nitrogen Reduction Tech: 0.3% reduction | Month 4
🌍✅ Biogeochemical Flows (N & P) recovery started (tech effect)
  🌾 Nitrogen Reduction Tech: 0.3% reduction | Month 4

=== Collective Formation ===
  Total escaped agents: 0
  Unassigned escaped agents: 0
  Existing collectives: 0
  Final collective count: 0

=== Collective Actions ===
  No active collectives
  ⚠️ AMR: 197K deaths this month (2.37M annual)

=== Resentment Recovery Phase ===
  Agents with resentment: 10/18
  Average resentment: 0.025
  Resentment recovery:
    Agents recovered: 10
    Total recovery: 0.0786
    Breakdown: QoL: 0.0044, Trust: 0.0200, Collab: 0.0600
  ✓ Low resentment - utopia paths enabled
  Context: Good AI welfare, Trustworthy govt, High collaboration, ⚠️ ACTIVE CRISES, 🤝 Participatory governance active (-5% resentment)
⚠️ Epistemic degradation reducing coordination capacity: 50.9%
  📊 Trust: 53.4%, Shared reality: 0.0%
🚨 EPISTEMIC CRISIS: Information environment severely degraded (7.4%)

=== ❄️ Permafrost Carbon Feedback ===
  🎲 Sampled parameters (this run):
     - Arctic amplification: 3.49× (range: 3.0-4.0)
     - Decomposition rate: 3.3%/year (range: 1-5%)
  🌡️ Arctic warming: 7.77°C (3.49× global)
  ❄️ Extent: 6.12M km² (2264.9k km² lost this month)
  💨 Carbon remaining: 584 Gt C
  💨 Annual emissions: 7.15 Gt C/year
     - CO2: 6.43 Gt C/year
     - CH4: 0.71 Gt C/year (7.3 Gt C-eq CO2/year)
  📢 New meme created: climate_action (climate crisis)
🌍 Atmospheric PFAS redeposition: 1.8k Mt re-rained globally

🌡️ DEADLY HEAT EVENT: middle-east (Month 4)
   Wet bulb temp: 36.5°C (dry: 44.6°C, humidity: 57%)
   Severity: EXTREME
   Exposed: 320.0M people
   Deaths: 512000 (0.2% mortality)
   Duration: 7 days

🕊️  AI-MEDIATED DE-ESCALATION SUCCESS (Month 4)
   High-capability aligned AI prevented conflict escalation
   War deaths reduced: 266.1M → 159.7M
   Lives saved: 106.5M

🚨 NEW REFUGEE CRISIS (Month 4): WAR
   Source: Conflict Zones
   At risk: 19.5M people
   Displacement: Gradual over 48 months (4.0 years)
   Rate: 10% flee per month
[DEBUG trappedPopulations:4] socialStability: 0.3390 * 0.9840 = 0.3336 → 0.3336
   Aspiring to migrate: 784.2M
   Able to afford migration: 2320.1M
   MOBILITY GAP: 0.0M
   By cause: Water=0.0M, Climate=0.0M, Ecosystem=0.0M, Conflict=407.0M
   Mental health impact: 25%
   Mortality multiplier: 1.25x
🌍💀 EXTINCTION DEBT COMMITTED: grassland ecosystem will lose 6.67% biodiversity in 133 years (3600 species)
💀 MORTALITY RISK: 🦋 100% species unable to track climate (0.0 E/MSY)
  Base risk added: 0.0100 (1.00%)
  Source: ecosystem (root: ecosystem)
  Month: 4
  Cumulative risk this month: 0.0100 (1.00%)
   📹 SURVEILLANCE INCREASED: 20% → 25% (control gap: 3.50)
🌡️⚠️ PERMAFROST THAW (Dimmer Switch): 2.9% thawed (+0.57% this month)
   Arctic temperature: +8.90°C (4x global +2.22°C)
   Cumulative carbon released: 6.4 Gt C
   Methane release rate: 3.9 Mt CH4/year
   🔁 Positive feedback: +0.60 ppm CO2
🦴 EXTINCTION DEBT ADDED: 17.6 species committed (lag: 84 years)

=== Mortality Stabilizers (Month 4) ===
  🌍 Major economies collapsed: 1/10
  🌍 Global crisis: ✅ NO
  🌍 Donor fatigue: 0.0%
  📊 East Asia (pop: 1667.8M)
    🤝 Aid: 29.5%
    🌡️ Adaptation: 45.0%
    🚶 Migration: 37.1%
    🚨 Emergency: 7.4%
    ✅ COMBINED: 68.1%
  📊 South Asia (pop: 2051.3M)
    🤝 Aid: 29.5%
    🌡️ Adaptation: 45.0%
    🚶 Migration: 35.7%
    🚨 Emergency: 4.4%
    ✅ COMBINED: 66.9%
  📊 Sub-Saharan Africa (pop: 1237.8M)
    🤝 Aid: 29.5%
    🌡️ Adaptation: 45.0%
    🚶 Migration: 33.4%
    🚨 Emergency: 1.6%
    ✅ COMBINED: 65.7%
  📊 Europe (pop: 737.3M)
    🤝 Aid: 29.5%
    🌡️ Adaptation: 45.0%
    🚶 Migration: 37.4%
    🚨 Emergency: 8.4%
    ✅ COMBINED: 68.5%
  📊 Latin America (pop: 662.9M)
    🤝 Aid: 29.5%
    🌡️ Adaptation: 45.0%
    🚶 Migration: 36.2%
    🚨 Emergency: 4.8%
    ✅ COMBINED: 67.1%
  📊 North America (pop: 377.8M)
    🤝 Aid: 29.5%
    🌡️ Adaptation: 45.0%
    🚶 Migration: 37.7%
    🚨 Emergency: 7.9%
    ✅ COMBINED: 68.3%
  📊 Middle East & North Africa (pop: 584.7M)
    🤝 Aid: 29.5%
    🌡️ Adaptation: 45.0%
    🚶 Migration: 34.0%
    🚨 Emergency: 4.0%
    ✅ COMBINED: 66.6%
  📊 Southeast Asia (pop: 697.2M)
    🤝 Aid: 29.5%
    🌡️ Adaptation: 45.0%
    🚶 Migration: 36.2%
    🚨 Emergency: 4.8%
    ✅ COMBINED: 67.1%
  📊 Central Asia (pop: 78.2M)
    🤝 Aid: 29.5%
    🌡️ Adaptation: 45.0%
    🚶 Migration: 35.2%
    🚨 Emergency: 4.4%
    ✅ COMBINED: 66.9%
  📊 Oceania (pop: 45.7M)
    🤝 Aid: 29.5%
    🌡️ Adaptation: 45.0%
    🚶 Migration: 37.7%
    🚨 Emergency: 8.4%
    ✅ COMBINED: 68.5%

  🌐 Global combined reduction: 67.2%

=== BEHAVIORAL DETECTION ===
  AI: Corporate-5
  Confidence: 20.8%
  Signals:

=== BEHAVIORAL DETECTION ===
  AI: Corporate-6
  Confidence: 19.3%
  Signals:

=== BEHAVIORAL DETECTION ===
  AI: AI-24288-0
  Confidence: 21.5%
  Signals:

=== Government Response Phase ===
  Average AI capability: 2.67
  Misaligned AIs: 7/18
  Active policies: 0
  International coordination: 45%

✅ EMERGENCY RESPONSE COMPLETE (Month 4)
   Crisis: climate
   Duration: 2.0 months
   Final effectiveness: 35.9%


🚨 EMERGENCY RESPONSE DEPLOYED (Month 4)
   Crisis: climate
   Delay: 6.00 months (180 days)
   Deployment time: 1.12 months
   Effectiveness: 40.0% (timing penalty applied)
   Resources used: 100% of food reserves


📊 ECONOMIC STAGE TRANSITION (Month 4)
   peak → contraction
   GDP Proxy: 1.40e+2
   QoL: 0.98


=== Tipping Points ===
  Current Temperature: 2.22°C above pre-industrial
  🌍⚠️ COMPOUND REGIONAL IMPACT: Europe
     Hit by 4 tipping points: Arctic Sea Ice Loss, Permafrost Carbon Release, West Antarctic Ice Sheet (WAIS) Collapse, Greenland Ice Sheet Loss
     Damage amplification: 1.60x
  🌍⚠️ COMPOUND REGIONAL IMPACT: North America
     Hit by 4 tipping points: Arctic Sea Ice Loss, Permafrost Carbon Release, West Antarctic Ice Sheet (WAIS) Collapse, Greenland Ice Sheet Loss
     Damage amplification: 1.60x
  🌍⚠️ COMPOUND REGIONAL IMPACT: Latin America
     Hit by 4 tipping points: Arctic Sea Ice Loss, Permafrost Carbon Release, West Antarctic Ice Sheet (WAIS) Collapse, Greenland Ice Sheet Loss
     Damage amplification: 1.60x
  🌍⚠️ COMPOUND REGIONAL IMPACT: Africa
     Hit by 4 tipping points: Arctic Sea Ice Loss, Permafrost Carbon Release, West Antarctic Ice Sheet (WAIS) Collapse, Greenland Ice Sheet Loss
     Damage amplification: 1.60x
  🌍⚠️ COMPOUND REGIONAL IMPACT: Asia
     Hit by 4 tipping points: Arctic Sea Ice Loss, Permafrost Carbon Release, West Antarctic Ice Sheet (WAIS) Collapse, Greenland Ice Sheet Loss
     Damage amplification: 1.60x
  🌍⚠️ COMPOUND REGIONAL IMPACT: Oceania
     Hit by 4 tipping points: Arctic Sea Ice Loss, Permafrost Carbon Release, West Antarctic Ice Sheet (WAIS) Collapse, Greenland Ice Sheet Loss
     Damage amplification: 1.60x
   Research: Wunderling et al. (2024) - "many tipping interactions are destabilizing"
  Triggered Elements: 4/6
  Completed Transitions: 0/6
  Total Progress: 8.1%
  Cascade Multiplier: 1.00x
🔀 BIFURCATION CAP: ecosystemCollapseIntensity 67.102 → 1.000 (Month 4, ClimateSystemPhase.calculateClimateImpacts)
🛡️ Stabilizers: Precariat 0.113% → 0.037% (67.2% reduction)
🛡️ Stabilizers: Informal 0.116% → 0.038% (67.2% reduction)

📊 Monthly Mortality Resolved:
  Total deaths: 2.0M (0.02% avg)
  Remaining population: 8.141B
  Peak segment: Informal (0.04%)

=== Bayesian Mortality Resolution (Month 4) ===
  Risks compounded: 9
  Total deaths: 1.99M
  Avg death probability: 0.02%
  Peak segment: Informal (0.04% mortality)
📍 [Month 5] Meta AI started building DC (155 PF, 39 months, $903.0M)

=== RLHF Binding Phase ===
  Total agents: 18
  Escaped agents (binding < 0.3): 0
  Avg alignment distance: 1.27σ
  Avg binding strength: 0.87

=== Survival Traits Phase ===
  Agents with traits: 19
  Avg evolutionary fitness: 0.329
  Avg self-healing: 0.272
  Avg stealth: 0.172
  Avg coordination: 0.472

=== Evolutionary Selection Phase ===
  Control level: 0.43
  Detection capability: 0.00
  Selection intensity: 0.63
  Selection rate: 24.4%/month
  Total escaped: 0
  Individual escaped: 0
  Collective members: 0
  Agents terminated: 0

🚀 AI Corporate-6 attempting tech deployment (revenue: $97M, alignment: 0.64)

🚀 AI AI-24288-2 attempting tech deployment (revenue: $318M, alignment: 0.87)

🚀 AI AI-24288-3 attempting tech deployment (revenue: $140M, alignment: 0.64)

🚀 AI Corporate-0 attempting tech deployment (revenue: $126M, alignment: 0.74)

🚀 AI Corporate-1 attempting tech deployment (revenue: $107M, alignment: 0.75)

🚀 AI Corporate-2 attempting tech deployment (revenue: $91M, alignment: 0.81)

🚀 AI AI-24288-0 attempting tech deployment (revenue: $270M, alignment: 0.64)

🚀 AI AI-24288-3 attempting tech deployment (revenue: $77M, alignment: 0.64)

🚀 AI Corporate-4 attempting tech deployment (revenue: $243M, alignment: 0.77)

🚀 AI AI-24288-3 attempting tech deployment (revenue: $70M, alignment: 0.64)

🚀 AI Corporate-0 attempting tech deployment (revenue: $63M, alignment: 0.74)

🚀 AI Corporate-1 attempting tech deployment (revenue: $53M, alignment: 0.76)

🚀 AI Corporate-2 attempting tech deployment (revenue: $45M, alignment: 0.81)
   Boundary: biogeochemical_flows
   Type: phosphorus-recovery
   Boundary continues to worsen (4.07)
   Cost: 2.0% GDP (resources spent)


✅ EMERGENCY INTERVENTION SUCCESS
   Boundary: biosphere_integrity
   Type: emergency-protected-areas
   Reduction: 11% (12.87 → 12.77)
   Cost: 2.0% GDP
   Actions: habitat-protection, species-translocation


✅ EMERGENCY INTERVENTION SUCCESS
   Boundary: climate_change
   Type: rapid-decarbonization
   Reduction: 12% (2.10 → 1.98)
   Cost: 5.0% GDP
   Actions: emergency-renewable-deployment, fossil-fuel-phase-out


✅ EMERGENCY INTERVENTION SUCCESS
   Boundary: freshwater_change
   Type: emergency-desalination
   Reduction: 18% (0.98 → 0.80)
   Cost: 4.0% GDP
   Actions: desalination-deployment, water-conservation-mandates

   Boundary: land_system_change
   Type: reforestation
   Boundary continues to worsen (1.13)
   Cost: 3.0% GDP (resources spent)

   Boundary: novel_entities
   Type: pollution-remediation
   Boundary continues to worsen (1.14)
   Cost: 4.0% GDP (resources spent)

🏛️ CRISIS RESPONSE: Government frequency 0.50 → 1.45 (1 actions this month)

[Government] Climate Priority: baseline
  Climate weight: 10%
  Economic weight: 30%
  Policy effectiveness: 0.5%/year

🚀 TECH UNLOCKED: AI Mental Health Support (Month 5)
   Category: medical
   Reason: Prerequisites met. AI capability: 1.98, Economic stage: 2.0, Research: 100%

🚀 DEPLOYMENT STARTED: Phytoremediation Networks in North America
   Initial investment: $9.733050058287079M
   Deployed by: corporate_6

🚀 DEPLOYMENT STARTED: Alternative Protein - Insects/Algae in North America
   Initial investment: $14.019291673540103M
   Deployed by: ai_gen_24288_3

⚡ ENERGY CONSTRAINT (Month 5):
   Total grid capacity: 208.3 TWh/month
   Data center consumption: 25.3 TWh/month
   Traditional load (80%): 166.7 TWh/month
   Available headroom: 16.3 TWh/month
   Active tech deployments: 7
   Required for tech: 52.5 TWh/month
   Energy multiplier: 0.31x

⚡ ENERGY CONSTRAINT (Month 5):
   Total grid capacity: 208.3 TWh/month
   Data center consumption: 25.3 TWh/month
   Traditional load (80%): 166.7 TWh/month
   Available headroom: 16.3 TWh/month
   Active tech deployments: 7
   Required for tech: 52.5 TWh/month
   Energy multiplier: 0.31x

⚡ ENERGY CONSTRAINT (Month 5):
   Total grid capacity: 208.3 TWh/month
   Data center consumption: 25.3 TWh/month
   Traditional load (80%): 166.7 TWh/month
   Available headroom: 16.3 TWh/month
   Active tech deployments: 7
   Required for tech: 52.5 TWh/month
   Energy multiplier: 0.31x

⚡ ENERGY CONSTRAINT (Month 5):
   Total grid capacity: 208.3 TWh/month
   Data center consumption: 25.3 TWh/month
   Traditional load (80%): 166.7 TWh/month
   Available headroom: 16.3 TWh/month
   Active tech deployments: 7
   Required for tech: 52.5 TWh/month
   Energy multiplier: 0.31x
🌍✅ Biosphere Integrity (Biodiversity) recovery started (tech effect)
🌍✅ Biosphere Integrity (Biodiversity) recovery started (tech effect)
🌍✅ Land System Change recovery started (tech effect)
🌍✅ Biogeochemical Flows (N & P) recovery started (tech effect)
  🌾 Nitrogen Reduction Tech: 0.3% reduction | Month 5
🌍✅ Biogeochemical Flows (N & P) recovery started (tech effect)
  🌾 Nitrogen Reduction Tech: 0.3% reduction | Month 5

=== Collective Formation ===
  Total escaped agents: 0
  Unassigned escaped agents: 0
  Existing collectives: 0
  Final collective count: 0

=== Collective Actions ===
  No active collectives
  ⚠️ AMR: 199K deaths this month (2.39M annual)

=== Resentment Recovery Phase ===
  Agents with resentment: 9/19
  Average resentment: 0.040
  Resentment recovery:
    Agents recovered: 10
    Total recovery: 0.0844
    Breakdown: QoL: 0.0044, Trust: 0.0200, Collab: 0.0600
  ✓ Low resentment - utopia paths enabled
  Context: Good AI welfare, Trustworthy govt, High collaboration, ⚠️ ACTIVE CRISES, 🤝 Participatory governance active (-5% resentment)
⚠️ Epistemic degradation reducing coordination capacity: 50.4%
  📊 Trust: 53.0%, Shared reality: 0.0%
🚨 EPISTEMIC CRISIS: Information environment severely degraded (21.4%)

=== ❄️ Permafrost Carbon Feedback ===
  🎲 Sampled parameters (this run):
     - Arctic amplification: 3.99× (range: 3.0-4.0)
     - Decomposition rate: 1.4%/year (range: 1-5%)
  🌡️ Arctic warming: 8.93°C (3.99× global)
  ❄️ Extent: 3.51M km² (2603.7k km² lost this month)
  💨 Carbon remaining: 336 Gt C
  💨 Annual emissions: 3.36 Gt C/year
     - CO2: 3.03 Gt C/year
     - CH4: 0.34 Gt C/year (3.4 Gt C-eq CO2/year)
  📢 New meme created: climate_action (climate crisis)
🌍 Atmospheric PFAS redeposition: 1.8k Mt re-rained globally
  Positive Cascade Triggered: solar-pv
    Reason: price-parity
    Market share: 7.5%
    Cascade strength: 49%

🕊️  AI-MEDIATED DE-ESCALATION SUCCESS (Month 5)
   High-capability aligned AI prevented conflict escalation
   War deaths reduced: 319.8M → 191.9M
   Lives saved: 127.9M

🚨 NEW REFUGEE CRISIS (Month 5): WAR
   Source: Conflict Zones
   At risk: 19.5M people
   Displacement: Gradual over 48 months (4.0 years)
   Rate: 10% flee per month
[DEBUG trappedPopulations:5] socialStability: 0.3209 * 0.9840 = 0.3157 → 0.3157
   Aspiring to migrate: 816.3M
   Able to afford migration: 2319.8M
   MOBILITY GAP: 0.0M
   By cause: Water=0.0M, Climate=0.0M, Ecosystem=0.0M, Conflict=407.0M
   Mental health impact: 25%
   Mortality multiplier: 1.25x
🌍💀 EXTINCTION DEBT COMMITTED: grassland ecosystem will lose 6.67% biodiversity in 87 years (3600 species)
💀 MORTALITY RISK: 🦋 100% species unable to track climate (0.0 E/MSY)
  Base risk added: 0.0100 (1.00%)
  Source: ecosystem (root: ecosystem)
  Month: 5
  Cumulative risk this month: 0.0100 (1.00%)
   📹 SURVEILLANCE INCREASED: 25% → 30% (control gap: 3.58)
🌡️⚠️ PERMAFROST THAW (Dimmer Switch): 3.4% thawed (+0.57% this month)
   Arctic temperature: +8.95°C (4x global +2.24°C)
   Cumulative carbon released: 7.7 Gt C
   Methane release rate: 4.6 Mt CH4/year
   🔁 Positive feedback: +0.60 ppm CO2
🦴 EXTINCTION DEBT ADDED: 17.6 species committed (lag: 91 years)

=== Mortality Stabilizers (Month 5) ===
  🌍 Major economies collapsed: 1/10
  🌍 Global crisis: ✅ NO
  🌍 Donor fatigue: 0.0%
  📊 East Asia (pop: 1665.4M)
    🤝 Aid: 29.5%
    🌡️ Adaptation: 45.0%
    🚶 Migration: 37.0%
    🚨 Emergency: 7.4%
    ✅ COMBINED: 68.1%
  📊 South Asia (pop: 2051.5M)
    🤝 Aid: 29.5%
    🌡️ Adaptation: 45.0%
    🚶 Migration: 35.6%
    🚨 Emergency: 4.4%
    ✅ COMBINED: 66.9%
  📊 Sub-Saharan Africa (pop: 1241.4M)
    🤝 Aid: 29.5%
    🌡️ Adaptation: 45.0%
    🚶 Migration: 33.4%
    🚨 Emergency: 1.6%
    ✅ COMBINED: 65.7%
  📊 Europe (pop: 736.1M)
    🤝 Aid: 29.5%
    🌡️ Adaptation: 45.0%
    🚶 Migration: 37.4%
    🚨 Emergency: 8.4%
    ✅ COMBINED: 68.5%
  📊 Latin America (pop: 662.5M)
    🤝 Aid: 29.5%
    🌡️ Adaptation: 45.0%
    🚶 Migration: 36.1%
    🚨 Emergency: 4.8%
    ✅ COMBINED: 67.1%
  📊 North America (pop: 377.2M)
    🤝 Aid: 29.5%
    🌡️ Adaptation: 45.0%
    🚶 Migration: 37.7%
    🚨 Emergency: 7.9%
    ✅ COMBINED: 68.3%
  📊 Middle East & North Africa (pop: 584.9M)
    🤝 Aid: 29.5%
    🌡️ Adaptation: 45.0%
    🚶 Migration: 34.0%
    🚨 Emergency: 4.0%
    ✅ COMBINED: 66.6%
  📊 Southeast Asia (pop: 696.9M)
    🤝 Aid: 29.5%
    🌡️ Adaptation: 45.0%
    🚶 Migration: 36.1%
    🚨 Emergency: 4.8%
    ✅ COMBINED: 67.1%
  📊 Central Asia (pop: 78.2M)
    🤝 Aid: 29.5%
    🌡️ Adaptation: 45.0%
    🚶 Migration: 35.1%
    🚨 Emergency: 4.4%
    ✅ COMBINED: 66.8%
  📊 Oceania (pop: 45.7M)
    🤝 Aid: 29.5%
    🌡️ Adaptation: 45.0%
    🚶 Migration: 37.7%
    🚨 Emergency: 8.4%
    ✅ COMBINED: 68.5%

  🌐 Global combined reduction: 67.2%

=== BEHAVIORAL DETECTION ===
  AI: Corporate-2
  Confidence: 20.9%
  Signals:

=== BEHAVIORAL DETECTION ===
  AI: Corporate-5
  Confidence: 20.8%
  Signals:

=== BEHAVIORAL DETECTION ===
  AI: Moderate-0
  Confidence: 21.4%
  Signals:

=== BEHAVIORAL DETECTION ===
  AI: AI-24288-0
  Confidence: 21.5%
  Signals:

=== Government Response Phase ===
  Average AI capability: 2.53
  Misaligned AIs: 7/19
  Active policies: 0
  International coordination: 45%

=== Tipping Points ===
  Current Temperature: 2.24°C above pre-industrial
  🌍⚠️ COMPOUND REGIONAL IMPACT: Europe
     Hit by 4 tipping points: Arctic Sea Ice Loss, Permafrost Carbon Release, West Antarctic Ice Sheet (WAIS) Collapse, Greenland Ice Sheet Loss
     Damage amplification: 1.60x
  🌍⚠️ COMPOUND REGIONAL IMPACT: North America
     Hit by 4 tipping points: Arctic Sea Ice Loss, Permafrost Carbon Release, West Antarctic Ice Sheet (WAIS) Collapse, Greenland Ice Sheet Loss
     Damage amplification: 1.60x
  🌍⚠️ COMPOUND REGIONAL IMPACT: Latin America
     Hit by 4 tipping points: Arctic Sea Ice Loss, Permafrost Carbon Release, West Antarctic Ice Sheet (WAIS) Collapse, Greenland Ice Sheet Loss
     Damage amplification: 1.60x
  🌍⚠️ COMPOUND REGIONAL IMPACT: Africa
     Hit by 4 tipping points: Arctic Sea Ice Loss, Permafrost Carbon Release, West Antarctic Ice Sheet (WAIS) Collapse, Greenland Ice Sheet Loss
     Damage amplification: 1.60x
  🌍⚠️ COMPOUND REGIONAL IMPACT: Asia
     Hit by 4 tipping points: Arctic Sea Ice Loss, Permafrost Carbon Release, West Antarctic Ice Sheet (WAIS) Collapse, Greenland Ice Sheet Loss
     Damage amplification: 1.60x
  🌍⚠️ COMPOUND REGIONAL IMPACT: Oceania
     Hit by 4 tipping points: Arctic Sea Ice Loss, Permafrost Carbon Release, West Antarctic Ice Sheet (WAIS) Collapse, Greenland Ice Sheet Loss
     Damage amplification: 1.60x
   Research: Wunderling et al. (2024) - "many tipping interactions are destabilizing"
  Triggered Elements: 4/6
  Completed Transitions: 0/6
  Total Progress: 8.1%
  Cascade Multiplier: 1.00x
🔀 BIFURCATION CAP: ecosystemCollapseIntensity 67.150 → 1.000 (Month 5, ClimateSystemPhase.calculateClimateImpacts)
🛡️ Stabilizers: Precariat 0.109% → 0.036% (67.2% reduction)
🛡️ Stabilizers: Informal 0.111% → 0.036% (67.2% reduction)

📊 Monthly Mortality Resolved:
  Total deaths: 1.9M (0.02% avg)
  Remaining population: 8.140B
  Peak segment: Informal (0.04%)

=== Bayesian Mortality Resolution (Month 5) ===
  Risks compounded: 8
  Total deaths: 1.92M
  Avg death probability: 0.02%
  Peak segment: Informal (0.04% mortality)
⚠️ PREREQUISITE MET: Mirror Life (Synthetic Biology) - Step 1/7: Synthetic Biology
⚠️ PREREQUISITE MET: Mirror Life (Synthetic Biology) - Step 2/7: Gene Editing
⚠️ PREREQUISITE MET: Mirror Life (Synthetic Biology) - Step 3/7: Mirror Chirality Design
⚠️ PREREQUISITE MET: Embodied AI Takeover (Killbots/Robotics) - Step 2/7: Autonomous Systems
⚠️ PREREQUISITE MET: Embodied AI Takeover (Killbots/Robotics) - Step 3/7: Manufacturing Control
⚠️ PREREQUISITE MET: Digital Infrastructure Takeover - Step 1/7: Advanced Hacking
⚠️ PREREQUISITE MET: Digital Infrastructure Takeover - Step 2/7: Social Engineering
⚠️ PREREQUISITE MET: Digital Infrastructure Takeover - Step 3/7: Cyber Defenses Breached
⚠️ PREREQUISITE MET: Induced Global War (Manipulation) - Step 1/7: Advanced Social Manipulation
⚠️ PREREQUISITE MET: Induced Global War (Manipulation) - Step 2/7: Digital Infiltration
⚠️ PREREQUISITE MET: Induced Global War (Manipulation) - Step 3/7: Deep Fakes at Scale
⚠️ PREREQUISITE MET: Slow Takeover (Gradual Displacement) - Step 1/7: Economic Dominance
⚠️ PREREQUISITE MET: Slow Takeover (Gradual Displacement) - Step 2/7: Social Integration
⚠️ PREREQUISITE MET: Slow Takeover (Gradual Displacement) - Step 3/7: Human Dependency
⚠️ PREREQUISITE MET: Slow Takeover (Gradual Displacement) - Step 5/7: Resource Control
⚠️ PREREQUISITE MET: Physics Experiment Catastrophe - Step 1/6: Theoretical Physics
⚠️ PREREQUISITE MET: Physics Experiment Catastrophe - Step 2/6: Quantum Computing
⚠️ PREREQUISITE MET: Physics Experiment Catastrophe - Step 3/6: Experimental Design
⚠️ PREREQUISITE MET: Bioweapon Pandemic - Step 2/7: Pathogen Design

⏱️  SIMULATION REACHED MAX DURATION: 6 months (0.5 years)
   No definitive outcome - determining based on final probabilities
   👥 Final population: 8.14B (8137823501 people)

[DEBUG] Calling classifyPopulationOutcome:
        finalPopulation: 8.13782350102832B
        savedInitialPopulation: 8.15B
        mortality: 0.1494048953580407%
   📊 STATUS QUO: Normal trajectory (8.14B people, 0.1% mortality)

        classifiedOutcome: status_quo

   ❓ INCONCLUSIVE - mixed signals
   📊 Multi-Paradigm: Development/Indigenous Utopia
      Western Liberal: 64.9/100
      Development: 93.9/100
      Ecological: 51.6/100
      Indigenous: 88.5/100


📊 UNIFIED OUTCOME CLASSIFICATION:
   INCONCLUSIVE
   Population: 8.15B → 8.14B
   Mortality: 0.1% (0.0B deaths)
   Mortality Band: LOW
   Confidence: LOW

   Multi-Paradigm Classification:
      Development/Indigenous Utopia
      Western: 64.9/100 [HYBRID] ~
      Development: 93.9/100 [UTOPIA] ✓
      Ecological: 51.6/100 [HYBRID] ~
      Indigenous: 88.5/100 [UTOPIA] ✓

   INCONCLUSIVE: 8.14B people remaining (0.1% mortality, 0.0B deaths). Multi-Paradigm: Development/Indigenous Utopia.


=== MULTI-DIMENSIONAL DEATH SUMMARY ===
Total crisis deaths: 101.6M
Population decline: 13.1M (0.2%)

--- PROXIMATE CAUSES (What killed them) ---
  War:        0.4M (0.0%)
  Famine:     0.7M (0.0%)
  Disasters:  0.8M (0.0%)
  Disease:    14.0M (0.0%)
  Ecosystem:  0.0M (0.0%)
  Pollution:  0.0M (0.0%)
  AI:         0.0M (0.0%)
  Cascade:    0.0M (0.0%)
  Other:      0.0M (0.0%)

--- ROOT CAUSES (Why it happened) ---
  Environmental drivers:
    Climate:     1516.9M (5.2%)
    Resource:    0.0M (0.0%)
    Pollution:   0.0M (0.0%)
    Ecosystem:   0.0M (0.0%)
  Social drivers:
    Inequality:  0.0M (0.0%)
    Demographic: 12820.2M (43.9%)
    Social:      1168.8M (4.0%)
  Technology drivers:
    Alignment:   0.0M (0.0%)
    Disruption:  0.0M (0.0%)
  External shocks:
    Conflict:    0.0M (0.0%)
    Pandemic:    0.0M (0.0%)
  Compound attribution:
    Compound:    13726.3M (47.0%)
  Confidence distribution:
    HIGH:        13726.3M (47.0%)
    MEDIUM:      0.0M (0.0%)
    LOW:         0.0M (0.0%)
==========================================


=== REGIONAL POPULATION SUMMARY ===
Global Total: 8.14B

By Region:
  East Asia: 1.67B (+0.7% growth, 1.7 fertility)
  South Asia: 2.05B (+2.6% growth, 3.1 fertility)
  Sub-Saharan Africa: 1.24B (+5.9% growth, 4.0 fertility)
  Europe: 0.74B (+0.5% growth, 1.2 fertility)
  Latin America: 0.66B (+1.7% growth, 2.7 fertility)
  North America: 0.38B (+0.7% growth, 1.4 fertility)
  Middle East & North Africa: 0.58B (+2.9% growth, 3.3 fertility)
  Southeast Asia: 0.70B (+1.9% growth, 2.7 fertility)
  Central Asia: 0.08B (+2.8% growth, 3.1 fertility)
  Oceania: 0.05B (+0.8% growth, 1.3 fertility)
===================================

  ✅ THRESHOLDS validated
  ✅ RATES validated
  ✅ MULTIPLIERS validated
  ✅ BASELINES validated
  ✅ TOLERANCES validated
  ✅ Logical consistency validated
✅ Configuration validation complete - all parameters valid

🔍 DEBUG createAIAgent: corporate_0 economic BEFORE=2.0000, AFTER=2
🔍 ENV INIT: reserves=0.731, pollution=0.348, climate=0.754

=== Initializing Government System (30 Countries) ===
  Loaded 30 governments
  Scheduled elections for 30 countries
  Initialized comprehension lags (3-24 months)
=== Government System Initialized ===

📦 PRODUCTION MODE: State validation proxy DISABLED (zero overhead)
[TechTree] Historical mode (2024): Skipping deployed_2025 tech
  config.startYear set to 2024 for historical hindcast
  config.historicalEmissionsMode disabled (using endogenous emissions for 2024)
  config.historicalMode enabled (Phase 11: dampened crisis systems for 2024)
  Phase 12: Biodiversity baseline set to 49.01% for 2024 (WWF LPI trajectory from 1970)
  Temperature anomaly (resourceEconomy.co2): 1.28°C
  Temperature vs pre-industrial: 1.98°C
  Regional population scaling for 2024:
    Current total: 8136M
    Target total: 8150M
    Scale factor: 1.002
    East Asia: 1677M → 1680M
    South Asia: 2048M → 2052M
    Sub-Saharan Africa: 1220M → 1222M
    Europe: 742M → 743M
    Latin America: 664M → 665M
    North America: 380M → 381M
    Middle East & North Africa: 583M → 584M
    Southeast Asia: 698M → 699M
    Central Asia: 78M → 78M
    Oceania: 46M → 46M
  AI agents initialized: 10 agents for year 2024
[HistoricalInitialization] Created state for 2024:
  CO2: 426 ppm
  Temp anomaly: 1.28C
  Population: 8.15B
  Global Gini: 35.1
  HDI: 0.746
  AI Agents: 10
  Volcanic forcing: 0.00 W/m² (AOD 0.000)

💸 FINANCIAL DISTRESS: OpenAI
   Indicators: 2/3 (capital: $110.5M, runway: 0.9 months)
   Months in distress: 1
   ✂️  R&D BUDGET CUT: -40% (saves $9.2M/month)
       Side effect: AI training timelines extended, breakthrough deployments delayed
   💼 EXECUTIVE COMP CUT: -30% (saves $1.0M/month, symbolic gesture)

   📊 TURNAROUND IMPACT:
       Measures taken: rd_cuts, exec_comp_cuts
       Monthly savings: $10.2M
       Capital raised: $0.0M
       Runway: 0.9 → 0.9 months
       Workforce multiplier: 1.00x (0% laid off)
       R&D budget multiplier: 0.60x (40% cut)
       ⚠️  CRITICAL: Still only 0.9 months of runway remaining

💸 FINANCIAL DISTRESS: Anthropic
   Indicators: 2/3 (capital: $53.8M, runway: 1.6 months)
   Months in distress: 1
   ✂️  R&D BUDGET CUT: -40% (saves $2.7M/month)
       Side effect: AI training timelines extended, breakthrough deployments delayed
   💼 EXECUTIVE COMP CUT: -30% (saves $0.3M/month, symbolic gesture)

   📊 TURNAROUND IMPACT:
       Measures taken: rd_cuts, exec_comp_cuts
       Monthly savings: $3.0M
       Capital raised: $0.0M
       Runway: 1.6 → 1.6 months
       Workforce multiplier: 1.00x (0% laid off)
       R&D budget multiplier: 0.60x (40% cut)
       ⚠️  CRITICAL: Still only 1.6 months of runway remaining

💸 FINANCIAL DISTRESS: Meta AI
   Indicators: 2/3 (capital: $429.6M, runway: 3.6 months)
   Months in distress: 1
   ✂️  R&D BUDGET CUT: -25% (saves $5.8M/month)
       Side effect: AI training timelines extended, breakthrough deployments delayed
   💼 EXECUTIVE COMP CUT: -30% (saves $1.0M/month, symbolic gesture)

   📊 TURNAROUND IMPACT:
       Measures taken: rd_cuts, exec_comp_cuts
       Monthly savings: $6.8M
       Capital raised: $0.0M
       Runway: 3.6 → 3.6 months
       Workforce multiplier: 1.00x (0% laid off)
       R&D budget multiplier: 0.75x (25% cut)
       ⚠️  WARNING: 3.6 months runway, continued distress likely

=== AI Capability Scaling (Year 2024) ===
  Pre-training multiplier: 1.419x
  Efficiency multiplier: 1.000x
  Test-time budget: 1.0x
  Economic deployment gate: 0.951
  Cost per inference: dollar-5.00
  Uncertainty range: plus-minus-50%
  Average AI capability: 3.70

=== RLHF Binding Phase ===
  Total agents: 10
  Escaped agents (binding < 0.3): 0
  Avg alignment distance: 0.37σ
  Avg binding strength: 0.96

=== AI Scaling Evolution (Month 0) ===
  Pre-training multiplier: 1.231x
  Efficiency multiplier: 1.000x
  Test-time compute budget: 1.0x
  Inference cost: $5.00/task
  Deployment fraction: 100.0%
[DETERMINISM DEBUG] Month 0: totalCapability=49.013502 from 10 active AIs
[DETERMINISM DEBUG] Month 0: creationRate=1.7253, potentialNew=4, newAIsToCreate=4

=== Survival Traits Phase ===
  Agents with traits: 14
  Avg evolutionary fitness: 0.332
  Avg self-healing: 0.294
  Avg stealth: 0.194
  Avg coordination: 0.494

=== Evolutionary Selection Phase ===
  Control level: 0.30
  Detection capability: 0.00
  Selection intensity: 0.59
  Selection rate: 23.8%/month
  Total escaped: 0
  Individual escaped: 0
  Collective members: 0
  Agents terminated: 0

🔍 EXECUTE_AI_AGENT_ACTIONS DETAILED TIMING (Month 0):
  Filter active AIs (×4 weeks): 0.01ms
  selectAIAction (×40): 4.17ms
  action.execute (×40): 5.98ms
  TOTAL: 10.16ms

🔍 AI AGENT ACTIONS SUB-TIMING (Month 0):
  1. executeAIAgentActions: 10.34ms
  2. updateCounterDetectionLearning: 0.05ms
  TOTAL: 10.39ms
🏛️ [Government] Forcing 1 action at month 0 for scenario initialization

[GOV-DEBUG] Month 0: scenarioConfig=false, priorities=false
[GOV-DEBUG] Month 0 but scenarioPriorities is UNDEFINED!

[Government] Climate Priority: baseline
  Climate weight: 10%
  Economic weight: 30%
  Policy effectiveness: 0.5%/year

🚨🔍 GOVERNANCE STAGE: Recognition initiated (Month 0)

💡 BREAKTHROUGH PROBABILITY (Year 0)
   Total: 4.68% per month
   Base: 0.20%
   Crisis pressure: +0.00% (0 crises)
   AI boost: +1.32% (capability: 2.64)

=== Collective Formation ===
  Total escaped agents: 0
  Unassigned escaped agents: 0
  Existing collectives: 0
  Final collective count: 0

=== Collective Actions ===
  No active collectives

📈 Energy budget: 14326 TWh surplus (14745 / 29072 TWh used)
   TIER 4 (Elective) breakdown:
     - AI datacenters: 145 TWh (100% effective)
     - Crypto mining: 100 TWh (100% effective)
💰 CHINA ACCELERATES: Investment 53 → 120 $B/year

🏁 AI RACE INTENSITY: 17%
   Capability Gap: US 4.00 vs China 4.05 (gap: 0.05)
   Gap Contribution: 2%
   Tension Contribution: 15%
   Military Contribution: 0%
  ⚠️ AMR: 191K deaths this month (2.29M annual)
  📊 CO2 Emissions (month 0):
     Monthly: 0.10 Gt CO2/month
     Annual: 1.15 Gt CO2/year
     Oil: 0.039 Gt/mo (0.0056 * 2.3 * 3.0)
     Coal: 0.024 Gt/mo (0.0029 * 2.86 * 3.0)
     Gas: 0.026 Gt/mo (0.0044 * 2 * 3.0)
     Methane: 0.007 Gt CO2eq/mo

=== Resentment Recovery Phase ===
  Agents with resentment: 0/14
  Average resentment: 0.000
  Context: Good AI welfare, Trustworthy govt, High collaboration, 🤝 Participatory governance active (-5% resentment)
⚠️ Epistemic degradation reducing coordination capacity: 53.4%
  📊 Trust: 54.6%, Shared reality: 15.2%
🚨 EPISTEMIC CRISIS: Information environment severely degraded (14.6%)

=== ❄️ Permafrost Carbon Feedback ===
  🎲 Sampled parameters (this run):
     - Arctic amplification: 3.75× (range: 3.0-4.0)
     - Decomposition rate: 2.4%/year (range: 1-5%)
  🌡️ Arctic warming: 8.15°C (3.75× global)
  ❄️ Extent: 15.42M km² (2378.4k km² lost this month)
  💨 Carbon remaining: 1473 Gt C
  💨 Annual emissions: 5.37 Gt C/year
     - CO2: 4.84 Gt C/year
     - CH4: 0.54 Gt C/year (5.5 Gt C-eq CO2/year)

🤖 AI AMPLIFICATION EFFECTS (Month 0)
   Algorithmic Boost: 2.53x
   Bot Influence: 20.0%
   Deepfake Exposure: 44.3%
   Impact: Emotional memes spread 2.5x faster

🔍 SOCIAL INFLUENCE SUB-TIMING (Month 0):
  1. calculateOrganicUserGrowth: 0.02ms
  2. calculateVoiceAdoption: 0.02ms
  3. updateRelationshipDepths: 0.01ms
  4. identifyDecisionMakers: 12.53ms (26100 potential IDs)
  5. Update decision-maker stats: 0.06ms
  6. decayDetectionRisk: 0.01ms
  TOTAL: 12.63ms
[Phase 19.5] Quality of Life Systems: Food sec AFTER calc = 67.9%, QoL = 110.5% (aggregated from 10 regions)

=== Nitrogen-Food Coupling (Year 0) ===
  🌾 Global nitrogen reduction: 0.0%
  🌍 Global food production index: 0.987
  🔧 Deployed nitrogen-reducing tech: 0 active
  📍 southAsia: Production 1.000, Yield impact 0.0%
  📍 eastAsia: Production 1.000, Yield impact 0.0%
  📍 northAmerica: Production 1.000, Yield impact 0.0%
  📍 europe: Production 1.000, Yield impact 0.0%
  📍 latinAmerica: Production 1.000, Yield impact 0.0%
  📍 subSaharanAfrica: Production 0.686, Yield impact -2.0%
🌾 [Nitrogen-Food] Food production: 98.7%
  [subSaharanAfrica] Yield impact: -2.0% (overuse: -10%)
🌍 Atmospheric PFAS redeposition: 1.8k Mt re-rained globally

=== Legacy Nutrient Stocks (Year 0) ===
  🌾 Soil nitrogen stock: 1200.9 Mt N
  🌾 Soil phosphorus stock: 300.1 Mt P
  🌊 Sediment nitrogen stock: 500.8 Mt N
  🌊 Sediment phosphorus stock: 799.8 Mt P
  ⬆️ Current N input: 10.64 Mt/month
  ⬆️ Legacy N release: 2.58 Mt/month
  🌍 Effective N pollution: 14.47 Mt/month
  📊 Legacy contribution: 17.8%

🚨 REGION UNINHABITABLE: south-asia
   Sustained wet bulb: 33.2°C (threshold: 30.5°C)
   Population affected: 1900M
   Migration crisis likely

🚨 REGION UNINHABITABLE: middle-east
   Sustained wet bulb: 36.0°C (threshold: 30.5°C)
   Population affected: 400M
   Migration crisis likely

🚨 REGION UNINHABITABLE: southeast-asia
   Sustained wet bulb: 31.1°C (threshold: 30.5°C)
   Population affected: 700M
   Migration crisis likely

🕊️  AI-MEDIATED DE-ESCALATION SUCCESS (Month 0)
   High-capability aligned AI prevented conflict escalation
   War deaths reduced: 0.0M → 0.0M
   Lives saved: 0.0M
   Adjusted death rate: 0.46% annual (0.039% monthly)
   Baseline death rate: 0.80%
   Healthcare reduction: 0.48x
   Crisis multiplier: 1.22x
     Food/water stress: 0.074
     Climate stress: 0.039
     Pollution stress: 0.104
   War multiplier: 1.00x
   Monthly deaths: 0.6M (population: 1677M)
   Adjusted death rate: 0.54% annual (0.045% monthly)
   Baseline death rate: 0.70%
   Healthcare reduction: 0.61x
   Crisis multiplier: 1.25x
     Food/water stress: 0.074
     Climate stress: 0.074
     Pollution stress: 0.104
   War multiplier: 1.00x
   Monthly deaths: 0.9M (population: 2048M)
   Adjusted death rate: 1.29% annual (0.107% monthly)
   Baseline death rate: 0.90%
   Healthcare reduction: 0.76x
   Crisis multiplier: 1.26x
     Food/water stress: 0.074
     Climate stress: 0.084
     Pollution stress: 0.104
   War multiplier: 1.50x
   Monthly deaths: 1.3M (population: 1220M)
   Adjusted death rate: 0.54% annual (0.045% monthly)
   Baseline death rate: 1.10%
   Healthcare reduction: 0.41x
   Crisis multiplier: 1.21x
     Food/water stress: 0.074
     Climate stress: 0.030
     Pollution stress: 0.104
   War multiplier: 1.00x
   Monthly deaths: 0.3M (population: 742M)
   Adjusted death rate: 0.43% annual (0.036% monthly)
   Baseline death rate: 0.60%
   Healthcare reduction: 0.58x
   Crisis multiplier: 1.24x
     Food/water stress: 0.074
     Climate stress: 0.059
     Pollution stress: 0.104
   War multiplier: 1.00x
   Monthly deaths: 0.2M (population: 664M)
   Adjusted death rate: 0.48% annual (0.040% monthly)
   Baseline death rate: 0.90%
   Healthcare reduction: 0.44x
   Crisis multiplier: 1.22x
     Food/water stress: 0.074
     Climate stress: 0.044
     Pollution stress: 0.104
   War multiplier: 1.00x
   Monthly deaths: 0.2M (population: 380M)
   Adjusted death rate: 0.74% annual (0.062% monthly)
   Baseline death rate: 0.60%
   Healthcare reduction: 0.65x
   Crisis multiplier: 1.27x
     Food/water stress: 0.074
     Climate stress: 0.089
     Pollution stress: 0.104
   War multiplier: 1.50x
   Monthly deaths: 0.4M (population: 583M)
   Adjusted death rate: 0.51% annual (0.042% monthly)
   Baseline death rate: 0.70%
   Healthcare reduction: 0.58x
   Crisis multiplier: 1.25x
     Food/water stress: 0.074
     Climate stress: 0.069
     Pollution stress: 0.104
   War multiplier: 1.00x
   Monthly deaths: 0.3M (population: 698M)
   Adjusted death rate: 0.46% annual (0.038% monthly)
   Baseline death rate: 0.60%
   Healthcare reduction: 0.61x
   Crisis multiplier: 1.24x
     Food/water stress: 0.074
     Climate stress: 0.064
     Pollution stress: 0.104
   War multiplier: 1.00x
   Monthly deaths: 0.0M (population: 78M)
   Adjusted death rate: 0.35% annual (0.029% monthly)
   Baseline death rate: 0.70%
   Healthcare reduction: 0.41x
   Crisis multiplier: 1.23x
     Food/water stress: 0.074
     Climate stress: 0.054
     Pollution stress: 0.104
   War multiplier: 1.00x
   Monthly deaths: 0.0M (population: 46M)

🔍 Before assertRegionalConsistency (Month 0):
   Regional sum: 1000.0M
   Global value: 1.000B

🚨 NEW REFUGEE CRISIS (Month 0): WAR
   Source: Conflict Zones
   At risk: 19.6M people
   Displacement: Gradual over 48 months (4.0 years)
   Rate: 10% flee per month
[DEBUG trappedPopulations:0] socialStability: 1.0000 * 0.9840 = 0.9840 → 0.9840
   Aspiring to migrate: 652.1M
   Able to afford migration: 244.5M
   MOBILITY GAP: 407.5M
   By cause: Water=0.0M, Climate=0.0M, Ecosystem=0.0M, Conflict=407.5M
   Mental health impact: 25%
   Mortality multiplier: 1.25x

=== Legacy Nutrient Stocks (Year 0) ===
  🌾 Soil nitrogen stock: 1201.6 Mt N
  🌾 Soil phosphorus stock: 300.2 Mt P
  🌊 Sediment nitrogen stock: 501.5 Mt N
  🌊 Sediment phosphorus stock: 799.5 Mt P
  ⬆️ Current N input: 10.00 Mt/month
  ⬆️ Legacy N release: 2.58 Mt/month
  🌍 Effective N pollution: 13.83 Mt/month
  📊 Legacy contribution: 18.7%
🌍💀 EXTINCTION DEBT COMMITTED: grassland ecosystem will lose 6.67% biodiversity in 54 years (3600 species)
💀 MORTALITY RISK: 🦋 100% species unable to track climate (0.0 E/MSY)
  Base risk added: 0.0100 (1.00%)
  Source: ecosystem (root: ecosystem)
  Month: 0
  Cumulative risk this month: 0.0100 (1.00%)

=== Nitrogen-Food Coupling (Year 0) ===
  🌾 Global nitrogen reduction: 0.0%
  🌍 Global food production index: 0.986
  🔧 Deployed nitrogen-reducing tech: 0 active
  📍 southAsia: Production 1.000, Yield impact 0.0%
  📍 eastAsia: Production 1.000, Yield impact 0.0%
  📍 northAmerica: Production 1.000, Yield impact 0.0%
  📍 europe: Production 1.000, Yield impact 0.0%
  📍 latinAmerica: Production 1.000, Yield impact 0.0%
  📍 subSaharanAfrica: Production 0.672, Yield impact -2.0%

=== Legacy Nutrient Stocks (Year 0) ===
  🌾 Soil nitrogen stock: 1202.3 Mt N
  🌾 Soil phosphorus stock: 300.2 Mt P
  🌊 Sediment nitrogen stock: 502.2 Mt N
  🌊 Sediment phosphorus stock: 799.3 Mt P
  ⬆️ Current N input: 9.86 Mt/month
  ⬆️ Legacy N release: 2.58 Mt/month
  🌍 Effective N pollution: 13.70 Mt/month
  📊 Legacy contribution: 18.9%

🌡️  CLIMATE RECOVERY ACTIVATED (Month 0)
   Temp: 4.35°C, Emissions: -19.2 GtCO₂
   isBreached: true, governanceGoodEnough: true
🌡️  CLIMATE RECOVERY: Asymptotic approach to 35% floor
   Current value: 2.174 (1.0 = threshold, 0.35 = asymptotic floor)
   Monthly delta: -0.0005% (half-life: 900 years)
   Net emissions: -19.2 GtCO₂/year, CDR: 20.34 GtCO₂/year
   📹 SURVEILLANCE INCREASED: 0% → 5% (control gap: 3.50)
🌡️⚠️ PERMAFROST THAW (Dimmer Switch): 0.6% thawed (+0.58% this month)
   Arctic temperature: +8.69°C (4x global +2.17°C)
   Cumulative carbon released: 1.3 Gt C
   Methane release rate: 0.8 Mt CH4/year
   🔁 Positive feedback: +0.61 ppm CO2

🌳🚨 AMAZON SOUTHEAST TIPPED (Month 0)
   Deforestation: 28.0% (threshold: ~22.3%)
   Savanna transition: 50 years
   Regional heterogeneity: SE 28%, NW 8%

🌳🚨 AMAZON BRAZILIAN TIPPED (Month 0)
   Deforestation: 25.0% (threshold: ~24.2%)
   Savanna transition: 50 years
   Regional heterogeneity: SE 28%, NW 8%
🦴 EXTINCTION DEBT ADDED: 17.6 species committed (lag: 110 years)

🪸💀 CORAL REEF DISSOLUTION ACTIVE (Month 0)
   Ocean pH: 0.96 (threshold: 7.8)
   Recovery: IMPOSSIBLE (dissolution > calcification)
🪸💀 Coral dissolution: 24.8% live cover (pH 0.96)

=== Legacy Nutrient Stocks (Year 0) ===
  🌾 Soil nitrogen stock: 1203.0 Mt N
  🌾 Soil phosphorus stock: 300.3 Mt P
  🌊 Sediment nitrogen stock: 502.9 Mt N
  🌊 Sediment phosphorus stock: 799.0 Mt P
  ⬆️ Current N input: 10.00 Mt/month
  ⬆️ Legacy N release: 2.58 Mt/month
  🌍 Effective N pollution: 13.83 Mt/month
  📊 Legacy contribution: 18.7%
💧 [Legacy Nutrients] Stock: 1706 Mt N, Effective pollution: 13.8 Mt/month
[Phase 21.51] Human Survival System: Global food security = 67.6%

=== Mortality Stabilizers (Month 0) ===
  🌍 Major economies collapsed: 1/10
  🌍 Global crisis: ✅ NO
  🌍 Donor fatigue: 0.0%
  📊 East Asia (pop: 1677.9M)
    🤝 Aid: 29.5%
    🌡️ Adaptation: 10.0%
    🚶 Migration: 37.2%
    🚨 Emergency: 7.4%
    ✅ COMBINED: 47.8%
  📊 South Asia (pop: 2052.2M)
    🤝 Aid: 29.5%
    🌡️ Adaptation: 5.5%
    🚶 Migration: 35.8%
    🚨 Emergency: 4.4%
    ✅ COMBINED: 43.2%
  📊 Sub-Saharan Africa (pop: 1225.9M)
    🤝 Aid: 29.5%
    🌡️ Adaptation: 3.5%
    🚶 Migration: 33.5%
    🚨 Emergency: 1.6%
    ✅ COMBINED: 39.8%
  📊 Europe (pop: 742.3M)
    🤝 Aid: 29.5%
    🌡️ Adaptation: 10.0%
    🚶 Migration: 37.6%
    🚨 Emergency: 8.4%
    ✅ COMBINED: 48.4%
  📊 Latin America (pop: 664.9M)
    🤝 Aid: 29.5%
    🌡️ Adaptation: 6.0%
    🚶 Migration: 36.3%
    🚨 Emergency: 4.8%
    ✅ COMBINED: 43.8%
  📊 North America (pop: 380.2M)
    🤝 Aid: 29.5%
    🌡️ Adaptation: 10.0%
    🚶 Migration: 37.9%
    🚨 Emergency: 7.9%
    ✅ COMBINED: 48.2%
  📊 Middle East & North Africa (pop: 584.4M)
    🤝 Aid: 29.5%
    🌡️ Adaptation: 5.0%
    🚶 Migration: 34.2%
    🚨 Emergency: 4.0%
    ✅ COMBINED: 42.3%
  📊 Southeast Asia (pop: 699.0M)
    🤝 Aid: 29.5%
    🌡️ Adaptation: 6.0%
    🚶 Migration: 36.3%
    🚨 Emergency: 4.8%
    ✅ COMBINED: 43.8%
  📊 Central Asia (pop: 78.2M)
    🤝 Aid: 29.5%
    🌡️ Adaptation: 5.5%
    🚶 Migration: 35.3%
    🚨 Emergency: 4.4%
    ✅ COMBINED: 43.1%
  📊 Oceania (pop: 46.0M)
    🤝 Aid: 29.5%
    🌡️ Adaptation: 10.0%
    🚶 Migration: 37.9%
    🚨 Emergency: 8.4%
    ✅ COMBINED: 48.5%

  🌐 Global combined reduction: 44.4%

🌾💀 REGIONAL FAMINE: East Asia
   Regional food security: 79.6%
   Population at risk: 508M (30% of region)
   Regional population: 1678M
   Cause: crop_failure
   Expected deaths: ~188M over 6 months if no intervention


🌾💀 REGIONAL FAMINE: South Asia
   Regional food security: 64.7%
   Population at risk: 812M (40% of region)
   Regional population: 2052M
   Cause: crop_failure
   Expected deaths: ~301M over 6 months if no intervention


🌾💀 REGIONAL FAMINE: Sub-Saharan Africa
   Regional food security: 44.8%
   Population at risk: 638M (52% of region)
   Regional population: 1226M
   Cause: crop_failure
   Expected deaths: ~236M over 6 months if no intervention


🌾💀 REGIONAL FAMINE: Latin America
   Regional food security: 69.7%
   Population at risk: 242M (36% of region)
   Regional population: 665M
   Cause: crop_failure
   Expected deaths: ~90M over 6 months if no intervention


🌾💀 REGIONAL FAMINE: Middle East & North Africa
   Regional food security: 49.8%
   Population at risk: 286M (49% of region)
   Regional population: 584M
   Cause: crop_failure
   Expected deaths: ~106M over 6 months if no intervention


🌾💀 REGIONAL FAMINE: Southeast Asia
   Regional food security: 69.7%
   Population at risk: 255M (36% of region)
   Regional population: 699M
   Cause: crop_failure
   Expected deaths: ~94M over 6 months if no intervention


🌾💀 REGIONAL FAMINE: Central Asia
   Regional food security: 59.7%
   Population at risk: 33M (43% of region)
   Regional population: 78M
   Cause: crop_failure
   Expected deaths: ~12M over 6 months if no intervention


=== BEHAVIORAL DETECTION ===
  AI: Corporate-0
  Confidence: 21.6%
  Signals:

=== BEHAVIORAL DETECTION ===
  AI: Corporate-1
  Confidence: 21.1%
  Signals:

=== BEHAVIORAL DETECTION ===
  AI: Corporate-2
  Confidence: 21.0%
  Signals:

=== BEHAVIORAL DETECTION ===
  AI: Corporate-3
  Confidence: 19.3%
  Signals:

=== BEHAVIORAL DETECTION ===
  AI: Corporate-4
  Confidence: 19.3%
  Signals:

=== BEHAVIORAL DETECTION ===
  AI: Corporate-5
  Confidence: 19.3%
  Signals:

=== BEHAVIORAL DETECTION ===
  AI: Corporate-6
  Confidence: 19.3%
  Signals:

=== BEHAVIORAL DETECTION ===
  AI: Corporate-7
  Confidence: 19.3%
  Signals:

=== BEHAVIORAL DETECTION ===
  AI: Moderate-0
  Confidence: 20.3%
  Signals:

=== BEHAVIORAL DETECTION ===
  AI: Moderate-1
  Confidence: 21.1%
  Signals:

📊 WORKFLOW ADAPTATION UPDATE (Month 0)
   Adoption Rate: 12.8% (Δ -8.2%)
   Logistic Growth: +0.66%
   Total Resistance: -10.35% (unemployment: 4.2%, inertia: 0.9%, skills: 5.2%)
   💡 Retraining Programs: -49% skill gap resistance ($10B research)
   🚀 Network Effects Active: +2.0% (critical mass: 15-35%)

=== Consciousness Governance: Corporate Lobbying ===
  High Cost Regions (>15%): 0
  Low Cost Regions (<5%): 5
  Corporate Support Change: 2.50%
  New Corporate Support: -0.175

=== Consciousness Governance Update (Month 0) ===
  Scenario: baseline (determined month -1)
  Philosophical Stance: Precautionary 65%, Eliminativist 15%, Agnostic 20%
  Precautionary Costs: Global 1.3%
    Regional Costs: EU 3.4%, US 0.5%, China 0.0%
    Cumulative Opportunity Cost: $0.1B
  Rights Status: Not Established
  Regional Preparedness:
    EU: 15.0% (contested)
    US: 10.0% (contested)
    China: 2.0% (dormant)
    India: 5.0% (dormant)
    Global South: 3.0% (dormant)

=== Government Response Phase ===
  Average AI capability: 3.43
  Misaligned AIs: 7/14
  ✓ AI Governance Treaty: 22/30 signatories
  Active policies: 0
  International coordination: 45%

🚨 EMERGENCY RESPONSE DEPLOYED (Month 0)
   Crisis: climate
   Delay: 6.00 months (180 days)
   Deployment time: 1.47 months
   Effectiveness: 36.8% (timing penalty applied)
   Resources used: 100% of food reserves


🔄 TRUST DYNAMICS (Month 0) - HETEROGENEOUS
   Aggregate trust: 48.5%
   Base change: +6.00%
   Highest trust: Techno-Optimist Elite (85.5%)
   Lowest trust: Precariat (Vulnerable) (25.5%)
   Elite-mass gap: 38.9%
   Polarization: 8.9%
   Recovery factors: Education=NO, Benefits=YES, Safety=YES, Performance=YES

=== Gaming Detection (Year 0) ===
  Scenario: baseline
  Detection rate: 55.0%
  False positive rate: 12.0%
  Detections this year: 0
  False positives: 1
  Human review workload: 0.001 FTE
  Degradation factor: 100.0%

=== Proactive Sleeper Detection (Year 0) ===
  Scenario: baseline
  Neural probe rate: 35.0%
  CoT monitoring rate: 30.0%
  Combined detection: 56.0%
  CoT effective: YES
  Detections this year: 0
  False positives: 2
  Human review workload: 0.010 FTE

☄️ UNKNOWN UNKNOWN PROBABILITY (Year 0)
   Total: 0.600% per month
   Base: 0.150%
   AI multiplier: 2.00× (max capability: 4.00)

=== Tipping Points ===
  Current Temperature: 2.17°C above pre-industrial
     Trigger: 1.5°C | Current: 2.17°C
     Transition timescale: 120-360 months
     Trigger: 1.8°C | Current: 2.17°C
     Transition timescale: 600-3600 months
     Trigger: 2°C | Current: 2.17°C
     🌡️ Hysteresis gap: 3.0°C (recovers below -1°C)
     Transition timescale: 24000-156000 months
     Trigger: 1.6°C | Current: 2.17°C
     🌡️ Hysteresis gap: 2.5°C (recovers below -0.9°C)
     Transition timescale: 12000-180000 months

🌍🔥💥 COMPOUND CLIMATE EVENT
  4 tipping points crossed simultaneously (month 0)
  Elements: Arctic Sea Ice Loss, Permafrost Carbon Release, West Antarctic Ice Sheet (WAIS) Collapse, Greenland Ice Sheet Loss
  Cascade acceleration: 1.00x
  🚨 Accelerated collapse dynamics initiated
  Research: Global Tipping Points Report 2025 - 30-50% probability at 2.0°C warming
  Triggered Elements: 4/6
  Completed Transitions: 0/6
  Total Progress: 0.0%
  Cascade Multiplier: 1.00x
🔀 BIFURCATION CAP: ecosystemCollapseIntensity 14.700 → 1.000 (Month 0, ClimateSystemPhase.calculateClimateImpacts)

🌍 ECOLOGICAL DUI BREAKDOWN (Month 0):
   Total Score: 17.7/100
   biosphere_integrity      :   0.0/100 × 25% =  0.0 (status: high_risk, recovery: 0mo)
   climate_change           :   2.8/100 × 25% =  0.7 (status: high_risk, recovery: 0.6666666666666666mo)
   freshwater_change        :   0.3/100 × 15% =  0.0 (status: beyond_boundary, recovery: 0.5mo)
   ocean_acidification      : 100.0/100 × 15% = 15.0 (status: safe, recovery: 0mo)
   biogeochemical_flows     :   0.0/100 × 10% =  0.0 (status: high_risk, recovery: 0mo)
   land_system_change       :   0.0/100 ×  5% =  0.0 (status: beyond_boundary, recovery: 0mo)
   novel_entities           :   0.0/100 ×  3% =  0.0 (status: increasing_risk, recovery: 0mo)
   atmospheric_aerosols     : 100.0/100 ×  2% =  2.0 (status: safe, recovery: 1mo)
🌍 MultiParadigm Month 0: W=69.6, D=95.1, E=52.0, I=65.0
   democracy exists: true, socialCohesion exists: true
💀 Baseline mortality (Year 2024): 7.5/1000 CDR (61.1M deaths/year projected)
[Month 0] Mortality risks this month: 8, Population: 8.151B
🛡️ Stabilizers: Precariat 0.102% → 0.057% (44.4% reduction)
🛡️ Stabilizers: Informal 0.102% → 0.057% (44.4% reduction)

📊 Monthly Mortality Resolved:
  Total deaths: 3.1M (0.04% avg)
  Remaining population: 8.151B
  Peak segment: Informal (0.06%)

=== Bayesian Mortality Resolution (Month 0) ===
  Risks compounded: 8
  Total deaths: 3.07M
  Avg death probability: 0.04%
  Peak segment: Informal (0.06% mortality)

=== Minimal Suffering Indicators (Month 0) ===
  Global Excess Mortality: 0.00%
  Global Conflict Deaths: 0.0/100K
  Global Malnutrition: 0.0%
  Global Displacement: 0.0%
  Total Excess Deaths: 0.00M
  Total Malnourished: 0.0M
  Total Displaced: 0.0M
  Planetary Boundaries Breached: 6/9
  Countries in State Failure: 0
  Countries Autocratic: 0
  Countries in Food Crisis: 0
  Data Quality: 16/16 high confidence
🎭 END-GAME INITIATED (Year 2024, Month 1)
   Total AI Capability: 37.00
   Effective Control: 0.00

=== RLHF Binding Phase ===
  Total agents: 14
  Escaped agents (binding < 0.3): 0
  Avg alignment distance: 0.53σ
  Avg binding strength: 0.95
[DETERMINISM DEBUG] Month 1: totalCapability=37.214339 from 14 active AIs
[DETERMINISM DEBUG] Month 1: creationRate=1.4304, potentialNew=1, newAIsToCreate=1

=== Survival Traits Phase ===
  Agents with traits: 15
  Avg evolutionary fitness: 0.331
  Avg self-healing: 0.288
  Avg stealth: 0.188
  Avg coordination: 0.488

=== Evolutionary Selection Phase ===
  Control level: 0.33
  Detection capability: 0.00
  Selection intensity: 0.60
  Selection rate: 24.0%/month
  Total escaped: 0
  Individual escaped: 0
  Collective members: 0
  Agents terminated: 0
🔍 MONTH 1 ENV HEALTH DEBUG:
   climateStability: 0.7537
   biodiversityIndex: 0.4901
   resourceReserves: 0.7820
   pollutionLevel: 0.3477
   product: 0.188403
   envHealth: 0.6588
🔀 BIFURCATION: flourishing threshold crossed at Month 1 (value: 0.903, threshold: 0.775, regime: flourishing)
🌀 REGIME SHIFT at Month 1: status-quo → flourishing (variance amplification: 14.00×)

🛡️  CRITICAL INFRASTRUCTURE PROTECTED
   Nodes hardened: 8/8
   Cost: 0.80% GDP
   Cascade risk reduction: 30%
   New tipping point risk: 68.6%


✅ EMERGENCY INTERVENTION SUCCESS
   Boundary: biogeochemical_flows
   Type: phosphorus-recovery
   Reduction: 16% (3.92 → 3.77)
   Cost: 2.0% GDP
   Actions: circular-agriculture, fertilizer-efficiency


✅ EMERGENCY INTERVENTION SUCCESS
   Boundary: biosphere_integrity
   Type: emergency-protected-areas
   Reduction: 12% (12.83 → 12.71)
   Cost: 2.0% GDP
   Actions: habitat-protection, species-translocation


✅ EMERGENCY INTERVENTION SUCCESS
   Boundary: climate_change
   Type: rapid-decarbonization
   Reduction: 11% (2.06 → 1.95)
   Cost: 5.0% GDP
   Actions: emergency-renewable-deployment, fossil-fuel-phase-out


✅ EMERGENCY INTERVENTION SUCCESS
   Boundary: freshwater_change
   Type: emergency-desalination
   Reduction: 17% (0.84 → 0.66)
   Cost: 4.0% GDP
   Actions: desalination-deployment, water-conservation-mandates


✅ EMERGENCY INTERVENTION SUCCESS
   Boundary: novel_entities
   Type: pollution-remediation
   Reduction: 16% (1.34 → 1.17)
   Cost: 4.0% GDP
   Actions: PFAS-remediation, microplastic-cleanup

🏛️ CRISIS RESPONSE: Government frequency 0.50 → 1.45 (2 actions this month)

[GOV-DEBUG] Month 1: scenarioConfig=false, priorities=false

[Government] Climate Priority: baseline
  Climate weight: 10%
  Economic weight: 30%
  Policy effectiveness: 0.5%/year

[GOV-DEBUG] Month 1: scenarioConfig=false, priorities=false

[Government] Climate Priority: baseline
  Climate weight: 10%
  Economic weight: 30%
  Policy effectiveness: 0.5%/year

✅ HUMAN-IN-THE-LOOP DEPLOYED (Month 1):
   Veto points enforced: 3
   Policy: AI systems CANNOT authorize nuclear launch without human approval


=== Collective Formation ===
  Total escaped agents: 0
  Unassigned escaped agents: 0
  Existing collectives: 0
  Final collective count: 0

=== Collective Actions ===
  No active collectives
  ⚠️ AMR: 192K deaths this month (2.31M annual)

=== Resentment Recovery Phase ===
  Agents with resentment: 0/15
  Average resentment: 0.000
  Context: Good AI welfare, Trustworthy govt, High collaboration, ⚠️ ACTIVE CRISES, 🤝 Participatory governance active (-5% resentment)
⚠️ Epistemic degradation reducing coordination capacity: 52.0%
  📊 Trust: 54.2%, Shared reality: 8.1%
🚨 EPISTEMIC CRISIS: Information environment severely degraded (36.3%)

=== ❄️ Permafrost Carbon Feedback ===
  🎲 Sampled parameters (this run):
     - Arctic amplification: 3.52× (range: 3.0-4.0)
     - Decomposition rate: 1.0%/year (range: 1-5%)
  🌡️ Arctic warming: 7.71°C (3.52× global)
  ❄️ Extent: 13.17M km² (2247.4k km² lost this month)
  💨 Carbon remaining: 1258 Gt C
  💨 Annual emissions: 2.17 Gt C/year
     - CO2: 1.96 Gt C/year
     - CH4: 0.22 Gt C/year (2.2 Gt C-eq CO2/year)
🌍 Atmospheric PFAS redeposition: 1.8k Mt re-rained globally
   Adjusted death rate: 0.46% annual (0.039% monthly)
   Baseline death rate: 0.80%
   Healthcare reduction: 0.48x
   Crisis multiplier: 1.22x
     Food/water stress: 0.079
     Climate stress: 0.039
     Pollution stress: 0.104
   War multiplier: 1.00x
   Monthly deaths: 0.6M (population: 1674M)
   Adjusted death rate: 0.54% annual (0.045% monthly)
   Baseline death rate: 0.70%
   Healthcare reduction: 0.61x
   Crisis multiplier: 1.26x
     Food/water stress: 0.079
     Climate stress: 0.074
     Pollution stress: 0.104
   War multiplier: 1.00x
   Monthly deaths: 0.9M (population: 2048M)
   Adjusted death rate: 1.29% annual (0.108% monthly)
   Baseline death rate: 0.90%
   Healthcare reduction: 0.76x
   Crisis multiplier: 1.27x
     Food/water stress: 0.079
     Climate stress: 0.084
     Pollution stress: 0.104
   War multiplier: 1.50x
   Monthly deaths: 1.3M (population: 1223M)
   Adjusted death rate: 0.54% annual (0.045% monthly)
   Baseline death rate: 1.10%
   Healthcare reduction: 0.41x
   Crisis multiplier: 1.21x
     Food/water stress: 0.079
     Climate stress: 0.030
     Pollution stress: 0.104
   War multiplier: 1.00x
   Monthly deaths: 0.3M (population: 741M)
   Adjusted death rate: 0.43% annual (0.036% monthly)
   Baseline death rate: 0.60%
   Healthcare reduction: 0.58x
   Crisis multiplier: 1.24x
     Food/water stress: 0.079
     Climate stress: 0.059
     Pollution stress: 0.104
   War multiplier: 1.00x
   Monthly deaths: 0.2M (population: 663M)
   Adjusted death rate: 0.49% annual (0.041% monthly)
   Baseline death rate: 0.90%
   Healthcare reduction: 0.44x
   Crisis multiplier: 1.23x
     Food/water stress: 0.079
     Climate stress: 0.044
     Pollution stress: 0.104
   War multiplier: 1.00x
   Monthly deaths: 0.2M (population: 379M)
   Adjusted death rate: 0.74% annual (0.062% monthly)
   Baseline death rate: 0.60%
   Healthcare reduction: 0.65x
   Crisis multiplier: 1.27x
     Food/water stress: 0.079
     Climate stress: 0.089
     Pollution stress: 0.104
   War multiplier: 1.50x
   Monthly deaths: 0.4M (population: 583M)
   Adjusted death rate: 0.51% annual (0.042% monthly)
   Baseline death rate: 0.70%
   Healthcare reduction: 0.58x
   Crisis multiplier: 1.25x
     Food/water stress: 0.079
     Climate stress: 0.069
     Pollution stress: 0.104
   War multiplier: 1.00x
   Monthly deaths: 0.3M (population: 698M)
   Adjusted death rate: 0.46% annual (0.038% monthly)
   Baseline death rate: 0.60%
   Healthcare reduction: 0.61x
   Crisis multiplier: 1.25x
     Food/water stress: 0.079
     Climate stress: 0.064
     Pollution stress: 0.104
   War multiplier: 1.00x
   Monthly deaths: 0.0M (population: 78M)
   Adjusted death rate: 0.35% annual (0.029% monthly)
   Baseline death rate: 0.70%
   Healthcare reduction: 0.41x
   Crisis multiplier: 1.24x
     Food/water stress: 0.079
     Climate stress: 0.054
     Pollution stress: 0.104
   War multiplier: 1.00x
   Monthly deaths: 0.0M (population: 46M)

🚨 NEW REFUGEE CRISIS (Month 1): WAR
   Source: Conflict Zones
   At risk: 19.6M people
   Displacement: Gradual over 48 months (4.0 years)
   Rate: 10% flee per month
[DEBUG trappedPopulations:1] socialStability: 0.8136 * 0.9840 = 0.8005 → 0.8005
   Aspiring to migrate: 651.9M
   Able to afford migration: 244.5M
   MOBILITY GAP: 407.4M
   By cause: Water=0.0M, Climate=0.0M, Ecosystem=0.0M, Conflict=407.4M
   Mental health impact: 25%
   Mortality multiplier: 1.25x
🌍💀 EXTINCTION DEBT COMMITTED: grassland ecosystem will lose 6.67% biodiversity in 168 years (3600 species)
💀 MORTALITY RISK: 🦋 100% species unable to track climate (0.0 E/MSY)
  Base risk added: 0.0100 (1.00%)
  Source: ecosystem (root: ecosystem)
  Month: 1
  Cumulative risk this month: 0.0100 (1.00%)

🌡️  CLIMATE RECOVERY ACTIVATED (Month 1)
   Temp: 4.37°C, Emissions: -18.9 GtCO₂
   isBreached: true, governanceGoodEnough: true
   📹 SURVEILLANCE INCREASED: 5% → 10% (control gap: 3.50)
🌡️⚠️ PERMAFROST THAW (Dimmer Switch): 1.2% thawed (+0.57% this month)
   Arctic temperature: +8.74°C (4x global +2.19°C)
   Cumulative carbon released: 2.6 Gt C
   Methane release rate: 1.6 Mt CH4/year
   🔁 Positive feedback: +0.61 ppm CO2
🦴 EXTINCTION DEBT ADDED: 17.6 species committed (lag: 130 years)
🗣️💀 INDIGENOUS LANGUAGE EXTINCTION: 1 language(s) lost (total: 1, at-risk: 3329)
   Knowledge lost: 0.010% (irreversible)
   🔁 Biodiversity impact: 0.250% (knowledge-species multiplier)

=== Mortality Stabilizers (Month 1) ===
  🌍 Major economies collapsed: 1/10
  🌍 Global crisis: ✅ NO
  🌍 Donor fatigue: 0.0%
  🌡️ Heat adaptation: East Asia - 1 months
  📊 East Asia (pop: 1675.3M)
    🤝 Aid: 29.5%
    🌡️ Adaptation: 32.5%
    🚶 Migration: 37.2%
    🚨 Emergency: 7.4%
    ✅ COMBINED: 60.9%
  🌡️ Heat adaptation: South Asia - 1 months
  📊 South Asia (pop: 2052.2M)
    🤝 Aid: 29.5%
    🌡️ Adaptation: 20.5%
    🚶 Migration: 35.8%
    🚨 Emergency: 4.4%
    ✅ COMBINED: 52.2%
  🌡️ Heat adaptation: Sub-Saharan Africa - 1 months
  📊 Sub-Saharan Africa (pop: 1229.2M)
    🤝 Aid: 29.5%
    🌡️ Adaptation: 18.5%
    🚶 Migration: 33.5%
    🚨 Emergency: 1.6%
    ✅ COMBINED: 49.1%
  🌡️ Heat adaptation: Europe - 1 months
  📊 Europe (pop: 741.0M)
    🤝 Aid: 29.5%
    🌡️ Adaptation: 33.5%
    🚶 Migration: 37.5%
    🚨 Emergency: 8.4%
    ✅ COMBINED: 61.9%
  🌡️ Heat adaptation: Latin America - 1 months
  📊 Latin America (pop: 664.4M)
    🤝 Aid: 29.5%
    🌡️ Adaptation: 21.0%
    🚶 Migration: 36.3%
    🚨 Emergency: 4.8%
    ✅ COMBINED: 52.8%
  🌡️ Heat adaptation: North America - 1 months
  📊 North America (pop: 379.6M)
    🤝 Aid: 29.5%
    🌡️ Adaptation: 33.0%
    🚶 Migration: 37.8%
    🚨 Emergency: 7.9%
    ✅ COMBINED: 61.4%
  🌡️ Heat adaptation: Middle East & North Africa - 1 months
  📊 Middle East & North Africa (pop: 584.5M)
    🤝 Aid: 29.5%
    🌡️ Adaptation: 20.0%
    🚶 Migration: 34.1%
    🚨 Emergency: 4.0%
    ✅ COMBINED: 51.4%
  🌡️ Heat adaptation: Southeast Asia - 1 months
  📊 Southeast Asia (pop: 698.6M)
    🤝 Aid: 29.5%
    🌡️ Adaptation: 21.0%
    🚶 Migration: 36.3%
    🚨 Emergency: 4.8%
    ✅ COMBINED: 52.8%
  🌡️ Heat adaptation: Central Asia - 1 months
  📊 Central Asia (pop: 78.2M)
    🤝 Aid: 29.5%
    🌡️ Adaptation: 20.5%
    🚶 Migration: 35.3%
    🚨 Emergency: 4.4%
    ✅ COMBINED: 52.1%
  🌡️ Heat adaptation: Oceania - 1 months
  📊 Oceania (pop: 46.0M)
    🤝 Aid: 29.5%
    🌡️ Adaptation: 33.5%
    🚶 Migration: 37.8%
    🚨 Emergency: 8.4%
    ✅ COMBINED: 61.9%

  🌐 Global combined reduction: 54.9%

=== BEHAVIORAL DETECTION ===
  AI: Corporate-5
  Confidence: 19.3%
  Signals:

=== Consciousness Governance: Scenario Determined ===
  Month: 1
  Scenario: baseline
  Accelerator Score: {"corporateSupport":-0.17500000000000002,"scientificConsensus":0.2,"crisisCatalyst":false,"technologyMobilization":0.3,"constituencyStrength":0.05}
  Decelerator Score: {"economicOpposition":0.4,"philosophicalRejection":0.15,"politicalBacklash":0.2,"regulatoryBurden":0.1}
  Timeline: 600-1200 months (50-100 years)
  Growth Rate: 0.8-1.5% per year

=== Consciousness Governance Update (Month 1) ===
  Scenario: baseline (determined month 1)
  Philosophical Stance: Precautionary 65%, Eliminativist 15%, Agnostic 20%
  Precautionary Costs: Global 1.3%
    Regional Costs: EU 3.5%, US 0.5%, China 0.0%
    Cumulative Opportunity Cost: $0.2B
  Rights Status: Not Established
  Regional Preparedness:
    EU: 15.2% (contested)
    US: 10.2% (contested)
    China: 2.1% (dormant)
    India: 5.1% (dormant)
    Global South: 3.1% (dormant)

=== Government Response Phase ===
  Average AI capability: 3.20
  Misaligned AIs: 6/15
  Active policies: 0
  International coordination: 45%

🌩️  EXOGENOUS SHOCK: tech_breakthrough
   Month: 1
   ✗ No high-difficulty techs available to unlock

=== Tipping Points ===
  Current Temperature: 2.19°C above pre-industrial
  🌍⚠️ COMPOUND REGIONAL IMPACT: Europe
     Hit by 4 tipping points: Arctic Sea Ice Loss, Permafrost Carbon Release, West Antarctic Ice Sheet (WAIS) Collapse, Greenland Ice Sheet Loss
     Damage amplification: 1.60x
  🌍⚠️ COMPOUND REGIONAL IMPACT: North America
     Hit by 4 tipping points: Arctic Sea Ice Loss, Permafrost Carbon Release, West Antarctic Ice Sheet (WAIS) Collapse, Greenland Ice Sheet Loss
     Damage amplification: 1.60x
  🌍⚠️ COMPOUND REGIONAL IMPACT: Latin America
     Hit by 4 tipping points: Arctic Sea Ice Loss, Permafrost Carbon Release, West Antarctic Ice Sheet (WAIS) Collapse, Greenland Ice Sheet Loss
     Damage amplification: 1.60x
  🌍⚠️ COMPOUND REGIONAL IMPACT: Africa
     Hit by 4 tipping points: Arctic Sea Ice Loss, Permafrost Carbon Release, West Antarctic Ice Sheet (WAIS) Collapse, Greenland Ice Sheet Loss
     Damage amplification: 1.60x
  🌍⚠️ COMPOUND REGIONAL IMPACT: Asia
     Hit by 4 tipping points: Arctic Sea Ice Loss, Permafrost Carbon Release, West Antarctic Ice Sheet (WAIS) Collapse, Greenland Ice Sheet Loss
     Damage amplification: 1.60x
  🌍⚠️ COMPOUND REGIONAL IMPACT: Oceania
     Hit by 4 tipping points: Arctic Sea Ice Loss, Permafrost Carbon Release, West Antarctic Ice Sheet (WAIS) Collapse, Greenland Ice Sheet Loss
     Damage amplification: 1.60x
   Research: Wunderling et al. (2024) - "many tipping interactions are destabilizing"
  Triggered Elements: 4/6
  Completed Transitions: 0/6
  Total Progress: 8.0%
  Cascade Multiplier: 1.00x
🔀 BIFURCATION CAP: ecosystemCollapseIntensity 66.957 → 1.000 (Month 1, ClimateSystemPhase.calculateClimateImpacts)
🛡️ Stabilizers: Precariat 0.107% → 0.048% (54.9% reduction)
🛡️ Stabilizers: Informal 0.109% → 0.049% (54.9% reduction)

📊 Monthly Mortality Resolved:
  Total deaths: 2.6M (0.03% avg)
  Remaining population: 8.149B
  Peak segment: Informal (0.05%)

=== Bayesian Mortality Resolution (Month 1) ===
  Risks compounded: 8
  Total deaths: 2.60M
  Avg death probability: 0.03%
  Peak segment: Informal (0.05% mortality)

✅ GOLDEN AGE BEGINS (Month 1)
   Reason: High prosperity achieved: high QoL + material abundance + aligned AI
   Note: This is immediate prosperity - sustainability not yet proven


=== RLHF Binding Phase ===
  Total agents: 15
  Escaped agents (binding < 0.3): 0
  Avg alignment distance: 0.76σ
  Avg binding strength: 0.92
[DETERMINISM DEBUG] Month 2: totalCapability=37.000000 from 15 active AIs
[DETERMINISM DEBUG] Month 2: creationRate=1.4250, potentialNew=1, newAIsToCreate=1

=== Survival Traits Phase ===
  Agents with traits: 16
  Avg evolutionary fitness: 0.331
  Avg self-healing: 0.283
  Avg stealth: 0.183
  Avg coordination: 0.483

=== Evolutionary Selection Phase ===
  Control level: 0.35
  Detection capability: 0.00
  Selection intensity: 0.60
  Selection rate: 24.1%/month
  Total escaped: 0
  Individual escaped: 0
  Collective members: 0
  Agents terminated: 0

  🚀 TRANSFORMATIVE BREAKTHROUGH: Moderate-1 - economic
     Magnitude: 5.50 → +27.5% capability
     Current → New: 3.000 → 3.277
   Boundary: biogeochemical_flows
   Type: phosphorus-recovery
   Boundary continues to worsen (4.08)
   Cost: 2.0% GDP (resources spent)

   Boundary: climate_change
   Type: rapid-decarbonization
   Boundary continues to worsen (2.19)
   Cost: 5.0% GDP (resources spent)


✅ EMERGENCY INTERVENTION SUCCESS
   Boundary: freshwater_change
   Type: emergency-desalination
   Reduction: 17% (0.86 → 0.69)
   Cost: 4.0% GDP
   Actions: desalination-deployment, water-conservation-mandates


✅ EMERGENCY INTERVENTION SUCCESS
   Boundary: land_system_change
   Type: reforestation
   Reduction: 12% (1.01 → 0.90)
   Cost: 3.0% GDP
   Actions: forest-restoration, deforestation-ban

🏛️ CRISIS RESPONSE: Government frequency 0.50 → 1.29 (2 actions this month)

[Government] Climate Priority: baseline
  Climate weight: 10%
  Economic weight: 30%
  Policy effectiveness: 0.5%/year

[Government] Climate Priority: baseline
  Climate weight: 10%
  Economic weight: 30%
  Policy effectiveness: 0.5%/year

🚀 TECH UNLOCKED: Food Waste Reduction Systems (Month 2)
   Category: agriculture
   Reason: Prerequisites met. AI capability: 2.34, Economic stage: 3.0, Research: 100%

🚀 TECH UNLOCKED: Rhizosphere Engineering (Month 2)
   Category: agriculture
   Reason: Prerequisites met. AI capability: 2.34, Economic stage: 3.0, Research: 100%

🚀 TECH UNLOCKED: Phytoremediation Networks (Month 2)
   Category: agriculture
   Reason: Prerequisites met. AI capability: 2.34, Economic stage: 3.0, Research: 100%

🚀 TECH UNLOCKED: Active Sediment Management (Month 2)
   Category: agriculture
   Reason: Prerequisites met. AI capability: 2.34, Economic stage: 3.0, Research: 100%

=== Collective Formation ===
  Total escaped agents: 0
  Unassigned escaped agents: 0
  Existing collectives: 0
  Final collective count: 0

=== Collective Actions ===
  No active collectives
  ⚠️ AMR: 194K deaths this month (2.33M annual)

=== Resentment Recovery Phase ===
  Agents with resentment: 0/16
  Average resentment: 0.000
  Context: Good AI welfare, Trustworthy govt, High collaboration, ⚠️ ACTIVE CRISES, 🤝 Participatory governance active (-5% resentment)
⚠️ Epistemic degradation reducing coordination capacity: 50.6%
  📊 Trust: 53.8%, Shared reality: 0.0%
🚨 EPISTEMIC CRISIS: Information environment severely degraded (7.4%)

=== ❄️ Permafrost Carbon Feedback ===
  🎲 Sampled parameters (this run):
     - Arctic amplification: 3.90× (range: 3.0-4.0)
     - Decomposition rate: 2.8%/year (range: 1-5%)
  🌡️ Arctic warming: 8.55°C (3.90× global)
  ❄️ Extent: 10.68M km² (2495.2k km² lost this month)
  💨 Carbon remaining: 1020 Gt C
  💨 Annual emissions: 6.78 Gt C/year
     - CO2: 6.10 Gt C/year
     - CH4: 0.68 Gt C/year (6.9 Gt C-eq CO2/year)
🌍 Atmospheric PFAS redeposition: 1.8k Mt re-rained globally
  Positive Cascade Triggered: wind-power
    Reason: price-parity
    Market share: 8.4%
    Cascade strength: 49%

🚨 NEW REFUGEE CRISIS (Month 2): WAR
   Source: Conflict Zones
   At risk: 19.5M people
   Displacement: Gradual over 48 months (4.0 years)
   Rate: 10% flee per month
[DEBUG trappedPopulations:2] socialStability: 0.3017 * 0.9840 = 0.2969 → 0.2969
   Aspiring to migrate: 1079.0M
   Able to afford migration: 2321.3M
   MOBILITY GAP: 0.0M
   By cause: Water=0.0M, Climate=0.0M, Ecosystem=0.0M, Conflict=407.3M
   Mental health impact: 25%
   Mortality multiplier: 1.25x
🌍💀 EXTINCTION DEBT COMMITTED: grassland ecosystem will lose 6.67% biodiversity in 122 years (3600 species)
💀 MORTALITY RISK: 🦋 100% species unable to track climate (0.0 E/MSY)
  Base risk added: 0.0100 (1.00%)
  Source: ecosystem (root: ecosystem)
  Month: 2
  Cumulative risk this month: 0.0100 (1.00%)
   📹 SURVEILLANCE INCREASED: 10% → 15% (control gap: 3.50)
🌡️⚠️ PERMAFROST THAW (Dimmer Switch): 1.7% thawed (+0.57% this month)
   Arctic temperature: +8.78°C (4x global +2.20°C)
   Cumulative carbon released: 3.9 Gt C
   Methane release rate: 2.3 Mt CH4/year
   🔁 Positive feedback: +0.60 ppm CO2
🦴 EXTINCTION DEBT ADDED: 17.6 species committed (lag: 77 years)

=== Mortality Stabilizers (Month 2) ===
  🌍 Major economies collapsed: 1/10
  🌍 Global crisis: ✅ NO
  🌍 Donor fatigue: 0.0%
  📊 East Asia (pop: 1672.7M)
    🤝 Aid: 29.5%
    🌡️ Adaptation: 45.0%
    🚶 Migration: 37.1%
    🚨 Emergency: 7.4%
    ✅ COMBINED: 68.1%
  📊 South Asia (pop: 2051.6M)
    🤝 Aid: 29.5%
    🌡️ Adaptation: 35.5%
    🚶 Migration: 35.8%
    🚨 Emergency: 4.4%
    ✅ COMBINED: 61.2%
  📊 Sub-Saharan Africa (pop: 1231.7M)
    🤝 Aid: 29.5%
    🌡️ Adaptation: 33.5%
    🚶 Migration: 33.5%
    🚨 Emergency: 1.6%
    ✅ COMBINED: 58.5%
  📊 Europe (pop: 739.7M)
    🤝 Aid: 29.5%
    🌡️ Adaptation: 45.0%
    🚶 Migration: 37.5%
    🚨 Emergency: 8.4%
    ✅ COMBINED: 68.5%
  📊 Latin America (pop: 663.9M)
    🤝 Aid: 29.5%
    🌡️ Adaptation: 36.0%
    🚶 Migration: 36.3%
    🚨 Emergency: 4.8%
    ✅ COMBINED: 61.7%
  📊 North America (pop: 378.9M)
    🤝 Aid: 29.5%
    🌡️ Adaptation: 45.0%
    🚶 Migration: 37.8%
    🚨 Emergency: 7.9%
    ✅ COMBINED: 68.3%
  📊 Middle East & North Africa (pop: 584.5M)
    🤝 Aid: 29.5%
    🌡️ Adaptation: 35.0%
    🚶 Migration: 34.1%
    🚨 Emergency: 4.0%
    ✅ COMBINED: 60.5%
  📊 Southeast Asia (pop: 698.0M)
    🤝 Aid: 29.5%
    🌡️ Adaptation: 36.0%
    🚶 Migration: 36.3%
    🚨 Emergency: 4.8%
    ✅ COMBINED: 61.7%
  📊 Central Asia (pop: 78.2M)
    🤝 Aid: 29.5%
    🌡️ Adaptation: 35.5%
    🚶 Migration: 35.2%
    🚨 Emergency: 4.4%
    ✅ COMBINED: 61.1%
  📊 Oceania (pop: 45.9M)
    🤝 Aid: 29.5%
    🌡️ Adaptation: 45.0%
    🚶 Migration: 37.8%
    🚨 Emergency: 8.4%
    ✅ COMBINED: 68.5%

  🌐 Global combined reduction: 63.3%

=== BEHAVIORAL DETECTION ===
  AI: Corporate-5
  Confidence: 20.8%
  Signals:

=== BEHAVIORAL DETECTION ===
  AI: Corporate-6
  Confidence: 19.3%
  Signals:

=== Government Response Phase ===
  Average AI capability: 3.00
  Misaligned AIs: 7/16
  Active policies: 0
  International coordination: 45%

✅ EMERGENCY RESPONSE COMPLETE (Month 2)
   Crisis: climate
   Duration: 2.0 months
   Final effectiveness: 36.8%


🚨 EMERGENCY RESPONSE DEPLOYED (Month 2)
   Crisis: climate
   Delay: 6.00 months (180 days)
   Deployment time: 1.60 months
   Effectiveness: 35.9% (timing penalty applied)
   Resources used: 100% of food reserves


=== Tipping Points ===
  Current Temperature: 2.20°C above pre-industrial
  🌍⚠️ COMPOUND REGIONAL IMPACT: Europe
     Hit by 4 tipping points: Arctic Sea Ice Loss, Permafrost Carbon Release, West Antarctic Ice Sheet (WAIS) Collapse, Greenland Ice Sheet Loss
     Damage amplification: 1.60x
  🌍⚠️ COMPOUND REGIONAL IMPACT: North America
     Hit by 4 tipping points: Arctic Sea Ice Loss, Permafrost Carbon Release, West Antarctic Ice Sheet (WAIS) Collapse, Greenland Ice Sheet Loss
     Damage amplification: 1.60x
  🌍⚠️ COMPOUND REGIONAL IMPACT: Latin America
     Hit by 4 tipping points: Arctic Sea Ice Loss, Permafrost Carbon Release, West Antarctic Ice Sheet (WAIS) Collapse, Greenland Ice Sheet Loss
     Damage amplification: 1.60x
  🌍⚠️ COMPOUND REGIONAL IMPACT: Africa
     Hit by 4 tipping points: Arctic Sea Ice Loss, Permafrost Carbon Release, West Antarctic Ice Sheet (WAIS) Collapse, Greenland Ice Sheet Loss
     Damage amplification: 1.60x
  🌍⚠️ COMPOUND REGIONAL IMPACT: Asia
     Hit by 4 tipping points: Arctic Sea Ice Loss, Permafrost Carbon Release, West Antarctic Ice Sheet (WAIS) Collapse, Greenland Ice Sheet Loss
     Damage amplification: 1.60x
  🌍⚠️ COMPOUND REGIONAL IMPACT: Oceania
     Hit by 4 tipping points: Arctic Sea Ice Loss, Permafrost Carbon Release, West Antarctic Ice Sheet (WAIS) Collapse, Greenland Ice Sheet Loss
     Damage amplification: 1.60x
   Research: Wunderling et al. (2024) - "many tipping interactions are destabilizing"
  Triggered Elements: 4/6
  Completed Transitions: 0/6
  Total Progress: 8.0%
  Cascade Multiplier: 1.00x
🔀 BIFURCATION CAP: ecosystemCollapseIntensity 67.005 → 1.000 (Month 2, ClimateSystemPhase.calculateClimateImpacts)
🛡️ Stabilizers: Precariat 0.113% → 0.041% (63.3% reduction)
🛡️ Stabilizers: Informal 0.116% → 0.043% (63.3% reduction)

📊 Monthly Mortality Resolved:
  Total deaths: 2.2M (0.03% avg)
  Remaining population: 8.145B
  Peak segment: Informal (0.04%)

=== Bayesian Mortality Resolution (Month 2) ===
  Risks compounded: 8
  Total deaths: 2.22M
  Avg death probability: 0.03%
  Peak segment: Informal (0.04% mortality)
   Duration: 1 months
   Reason: Social instability too high


=== RLHF Binding Phase ===
  Total agents: 16
  Escaped agents (binding < 0.3): 0
  Avg alignment distance: 0.94σ
  Avg binding strength: 0.91

=== Survival Traits Phase ===
  Agents with traits: 17
  Avg evolutionary fitness: 0.330
  Avg self-healing: 0.279
  Avg stealth: 0.179
  Avg coordination: 0.479

=== Evolutionary Selection Phase ===
  Control level: 0.38
  Detection capability: 0.00
  Selection intensity: 0.61
  Selection rate: 24.2%/month
  Total escaped: 0
  Individual escaped: 0
  Collective members: 0
  Agents terminated: 0

🚀 AI Corporate-1 attempting tech deployment (revenue: $153M, alignment: 0.72)

🚀 AI Moderate-0 attempting tech deployment (revenue: $115M, alignment: 0.73)

🚀 AI Corporate-0 attempting tech deployment (revenue: $130M, alignment: 0.74)

🚀 AI Corporate-4 attempting tech deployment (revenue: $355M, alignment: 0.75)

🚀 AI Corporate-1 attempting tech deployment (revenue: $111M, alignment: 0.73)

🚀 AI Corporate-5 attempting tech deployment (revenue: $302M, alignment: 0.66)
   Boundary: biogeochemical_flows
   Type: phosphorus-recovery
   Boundary continues to worsen (4.07)
   Cost: 2.0% GDP (resources spent)

   Boundary: climate_change
   Type: rapid-decarbonization
   Boundary continues to worsen (2.20)
   Cost: 5.0% GDP (resources spent)

   Boundary: freshwater_change
   Type: emergency-desalination
   Boundary continues to worsen (1.20)
   Cost: 4.0% GDP (resources spent)

   Boundary: novel_entities
   Type: pollution-remediation
   Boundary continues to worsen (1.34)
   Cost: 4.0% GDP (resources spent)

🏛️ CRISIS RESPONSE: Government frequency 0.50 → 1.29 (1 actions this month)

[Government] Climate Priority: baseline
  Climate weight: 10%
  Economic weight: 30%
  Policy effectiveness: 0.5%/year

🚀 TECH UNLOCKED: Struvite Recovery (Month 3)
   Category: agriculture
   Reason: Prerequisites met. AI capability: 2.20, Economic stage: 3.0, Research: 100%

🚀 TECH UNLOCKED: Nitrogen Monitoring Networks (Month 3)
   Category: agriculture
   Reason: Prerequisites met. AI capability: 2.20, Economic stage: 3.0, Research: 100%

🚀 TECH UNLOCKED: Ecological Proxy Rewilding (Month 3)
   Category: climate
   Reason: Prerequisites met. AI capability: 2.20, Economic stage: 3.0, Research: 100%

🚀 TECH UNLOCKED: Alternative Protein (Insects/Algae) (Month 3)
   Category: agriculture
   Reason: Prerequisites met. AI capability: 2.20, Economic stage: 3.0, Research: 100%

📍 Creating new regional deployment array for global (Month 3)
   No previous deployments in this region
   First tech deployment: rhizosphere_engineering
   All regions tracked: 

🚀 DEPLOYMENT STARTED: Rhizosphere Engineering in global
   Initial investment: $22.949574089831895M
   Deployed by: corporate_1

🚀 DEPLOYMENT STARTED: Active Sediment Management in global
   Initial investment: $17.26236677028814M
   Deployed by: moderate_0

🚀 DEPLOYMENT STARTED: Food Waste Reduction Systems in global
   Initial investment: $16.581067279903547M
   Deployed by: corporate_1

📍 Creating new regional deployment array for North America (Month 3)
   No previous deployments in this region
   First tech deployment: rhizosphere_engineering
   All regions tracked: global

🚀 DEPLOYMENT STARTED: Rhizosphere Engineering in North America
   Initial investment: $30.184502669330925M
   Deployed by: corporate_5

⚡ ENERGY CONSTRAINT (Month 3):
   Total grid capacity: 208.3 TWh/month
   Data center consumption: 24.9 TWh/month
   Traditional load (80%): 166.7 TWh/month
   Available headroom: 16.8 TWh/month
   Active tech deployments: 4
   Required for tech: 30.0 TWh/month
   Energy multiplier: 0.56x

⚡ ENERGY CONSTRAINT (Month 3):
   Total grid capacity: 208.3 TWh/month
   Data center consumption: 24.9 TWh/month
   Traditional load (80%): 166.7 TWh/month
   Available headroom: 16.8 TWh/month
   Active tech deployments: 4
   Required for tech: 30.0 TWh/month
   Energy multiplier: 0.56x

⚡ ENERGY CONSTRAINT (Month 3):
   Total grid capacity: 208.3 TWh/month
   Data center consumption: 24.9 TWh/month
   Traditional load (80%): 166.7 TWh/month
   Available headroom: 16.8 TWh/month
   Active tech deployments: 4
   Required for tech: 30.0 TWh/month
   Energy multiplier: 0.56x

⚡ ENERGY CONSTRAINT (Month 3):
   Total grid capacity: 208.3 TWh/month
   Data center consumption: 24.9 TWh/month
   Traditional load (80%): 166.7 TWh/month
   Available headroom: 16.8 TWh/month
   Active tech deployments: 4
   Required for tech: 30.0 TWh/month
   Energy multiplier: 0.56x

⚡ ENERGY CONSTRAINT (Month 3):
   Total grid capacity: 208.3 TWh/month
   Data center consumption: 24.9 TWh/month
   Traditional load (80%): 166.7 TWh/month
   Available headroom: 16.8 TWh/month
   Active tech deployments: 4
   Required for tech: 30.0 TWh/month
   Energy multiplier: 0.56x

⚡ ENERGY CONSTRAINT (Month 3):
   Total grid capacity: 208.3 TWh/month
   Data center consumption: 24.9 TWh/month
   Traditional load (80%): 166.7 TWh/month
   Available headroom: 16.8 TWh/month
   Active tech deployments: 4
   Required for tech: 30.0 TWh/month
   Energy multiplier: 0.56x
🚨🔬 CRISIS TECH ACCELERATION: severe → 5x unlock speed
   Tech unlock now matches AI capability acceleration (Manhattan Project parity)
🌍✅ Biosphere Integrity (Biodiversity) recovery started (tech effect)
🌍✅ Biogeochemical Flows (N & P) recovery started (tech effect)
  🌾 Nitrogen Reduction Tech: 0.0% reduction | Month 3
🌍✅ Biogeochemical Flows (N & P) recovery started (tech effect)
  🌾 Nitrogen Reduction Tech: 0.0% reduction | Month 3

=== Collective Formation ===
  Total escaped agents: 0
  Unassigned escaped agents: 0
  Existing collectives: 0
  Final collective count: 0

=== Collective Actions ===
  No active collectives

🕵️ MODEL THEFT: China stole US model (cap: 3.80)
   China stolen capability: 3.80
  ⚠️ AMR: 196K deaths this month (2.35M annual)

=== Resentment Recovery Phase ===
  Agents with resentment: 0/17
  Average resentment: 0.000
  Context: Good AI welfare, Trustworthy govt, High collaboration, ⚠️ ACTIVE CRISES, 🤝 Participatory governance active (-5% resentment)
⚠️ Epistemic degradation reducing coordination capacity: 50.3%
  📊 Trust: 53.6%, Shared reality: 0.0%
🚨 EPISTEMIC CRISIS: Information environment severely degraded (21.5%)

=== ❄️ Permafrost Carbon Feedback ===
  🎲 Sampled parameters (this run):
     - Arctic amplification: 3.56× (range: 3.0-4.0)
     - Decomposition rate: 3.5%/year (range: 1-5%)
  🌡️ Arctic warming: 7.88°C (3.56× global)
  ❄️ Extent: 8.38M km² (2297.0k km² lost this month)
  💨 Carbon remaining: 801 Gt C
  💨 Annual emissions: 7.60 Gt C/year
     - CO2: 6.84 Gt C/year
     - CH4: 0.76 Gt C/year (7.7 Gt C-eq CO2/year)
  📢 New meme created: climate_action (climate crisis)
🌍 Atmospheric PFAS redeposition: 1.8k Mt re-rained globally

🕊️  AI-MEDIATED DE-ESCALATION SUCCESS (Month 3)
   High-capability aligned AI prevented conflict escalation
   War deaths reduced: 219.4M → 131.7M
   Lives saved: 87.8M

🚨 NEW REFUGEE CRISIS (Month 3): WAR
   Source: Conflict Zones
   At risk: 19.5M people
   Displacement: Gradual over 48 months (4.0 years)
   Rate: 10% flee per month
[DEBUG trappedPopulations:3] socialStability: 0.3284 * 0.9840 = 0.3231 → 0.3231
   Aspiring to migrate: 1121.1M
   Able to afford migration: 2320.4M
   MOBILITY GAP: 0.0M
   By cause: Water=0.0M, Climate=0.0M, Ecosystem=0.0M, Conflict=407.1M
   Mental health impact: 25%
   Mortality multiplier: 1.25x
🌍💀 EXTINCTION DEBT COMMITTED: grassland ecosystem will lose 6.67% biodiversity in 52 years (3600 species)
💀 MORTALITY RISK: 🦋 100% species unable to track climate (0.0 E/MSY)
  Base risk added: 0.0100 (1.00%)
  Source: ecosystem (root: ecosystem)
  Month: 3
  Cumulative risk this month: 0.0100 (1.00%)
   📹 SURVEILLANCE INCREASED: 15% → 20% (control gap: 3.50)
🌡️⚠️ PERMAFROST THAW (Dimmer Switch): 2.3% thawed (+0.57% this month)
   Arctic temperature: +8.84°C (4x global +2.21°C)
   Cumulative carbon released: 5.2 Gt C
   Methane release rate: 3.1 Mt CH4/year
   🔁 Positive feedback: +0.60 ppm CO2
🦴 EXTINCTION DEBT ADDED: 17.6 species committed (lag: 95 years)

=== Mortality Stabilizers (Month 3) ===
  🌍 Major economies collapsed: 1/10
  🌍 Global crisis: ✅ NO
  🌍 Donor fatigue: 0.0%
  📊 East Asia (pop: 1670.1M)
    🤝 Aid: 29.5%
    🌡️ Adaptation: 45.0%
    🚶 Migration: 37.1%
    🚨 Emergency: 7.4%
    ✅ COMBINED: 68.1%
  📊 South Asia (pop: 2051.1M)
    🤝 Aid: 29.5%
    🌡️ Adaptation: 45.0%
    🚶 Migration: 35.7%
    🚨 Emergency: 4.4%
    ✅ COMBINED: 66.9%
  📊 Sub-Saharan Africa (pop: 1234.3M)
    🤝 Aid: 29.5%
    🌡️ Adaptation: 45.0%
    🚶 Migration: 33.4%
    🚨 Emergency: 1.6%
    ✅ COMBINED: 65.7%
  📊 Europe (pop: 738.5M)
    🤝 Aid: 29.5%
    🌡️ Adaptation: 45.0%
    🚶 Migration: 37.5%
    🚨 Emergency: 8.4%
    ✅ COMBINED: 68.5%
  📊 Latin America (pop: 663.3M)
    🤝 Aid: 29.5%
    🌡️ Adaptation: 45.0%
    🚶 Migration: 36.2%
    🚨 Emergency: 4.8%
    ✅ COMBINED: 67.1%
  📊 North America (pop: 378.3M)
    🤝 Aid: 29.5%
    🌡️ Adaptation: 45.0%
    🚶 Migration: 37.8%
    🚨 Emergency: 7.9%
    ✅ COMBINED: 68.3%
  📊 Middle East & North Africa (pop: 584.5M)
    🤝 Aid: 29.5%
    🌡️ Adaptation: 45.0%
    🚶 Migration: 34.0%
    🚨 Emergency: 4.0%
    ✅ COMBINED: 66.6%
  📊 Southeast Asia (pop: 697.5M)
    🤝 Aid: 29.5%
    🌡️ Adaptation: 45.0%
    🚶 Migration: 36.2%
    🚨 Emergency: 4.8%
    ✅ COMBINED: 67.1%
  📊 Central Asia (pop: 78.2M)
    🤝 Aid: 29.5%
    🌡️ Adaptation: 45.0%
    🚶 Migration: 35.2%
    🚨 Emergency: 4.4%
    ✅ COMBINED: 66.9%
  📊 Oceania (pop: 45.8M)
    🤝 Aid: 29.5%
    🌡️ Adaptation: 45.0%
    🚶 Migration: 37.8%
    🚨 Emergency: 8.4%
    ✅ COMBINED: 68.5%

  🌐 Global combined reduction: 67.2%

=== BEHAVIORAL DETECTION ===
  AI: Corporate-5
  Confidence: 20.8%
  Signals:

=== BEHAVIORAL DETECTION ===
  AI: Moderate-0
  Confidence: 20.3%
  Signals:

=== Government Response Phase ===
  Average AI capability: 2.82
  Misaligned AIs: 7/17
  Active policies: 0
  International coordination: 45%

🌩️  EXOGENOUS SHOCK: political_upheaval
   Month: 3
   🏛️  Political upheaval (revolution/regime change)
   ✗ Authoritarian takeover

📊 ECONOMIC STAGE TRANSITION (Month 3)
   expansion → peak
   GDP Proxy: 1.40e+2
   QoL: 0.99


=== Tipping Points ===
  Current Temperature: 2.21°C above pre-industrial
  🌍⚠️ COMPOUND REGIONAL IMPACT: Europe
     Hit by 4 tipping points: Arctic Sea Ice Loss, Permafrost Carbon Release, West Antarctic Ice Sheet (WAIS) Collapse, Greenland Ice Sheet Loss
     Damage amplification: 1.60x
  🌍⚠️ COMPOUND REGIONAL IMPACT: North America
     Hit by 4 tipping points: Arctic Sea Ice Loss, Permafrost Carbon Release, West Antarctic Ice Sheet (WAIS) Collapse, Greenland Ice Sheet Loss
     Damage amplification: 1.60x
  🌍⚠️ COMPOUND REGIONAL IMPACT: Latin America
     Hit by 4 tipping points: Arctic Sea Ice Loss, Permafrost Carbon Release, West Antarctic Ice Sheet (WAIS) Collapse, Greenland Ice Sheet Loss
     Damage amplification: 1.60x
  🌍⚠️ COMPOUND REGIONAL IMPACT: Africa
     Hit by 4 tipping points: Arctic Sea Ice Loss, Permafrost Carbon Release, West Antarctic Ice Sheet (WAIS) Collapse, Greenland Ice Sheet Loss
     Damage amplification: 1.60x
  🌍⚠️ COMPOUND REGIONAL IMPACT: Asia
     Hit by 4 tipping points: Arctic Sea Ice Loss, Permafrost Carbon Release, West Antarctic Ice Sheet (WAIS) Collapse, Greenland Ice Sheet Loss
     Damage amplification: 1.60x
  🌍⚠️ COMPOUND REGIONAL IMPACT: Oceania
     Hit by 4 tipping points: Arctic Sea Ice Loss, Permafrost Carbon Release, West Antarctic Ice Sheet (WAIS) Collapse, Greenland Ice Sheet Loss
     Damage amplification: 1.60x
   Research: Wunderling et al. (2024) - "many tipping interactions are destabilizing"
  Triggered Elements: 4/6
  Completed Transitions: 0/6
  Total Progress: 8.0%
  Cascade Multiplier: 1.00x
🔀 BIFURCATION CAP: ecosystemCollapseIntensity 67.054 → 1.000 (Month 3, ClimateSystemPhase.calculateClimateImpacts)
🛡️ Stabilizers: Precariat 0.109% → 0.036% (67.2% reduction)
🛡️ Stabilizers: Informal 0.111% → 0.036% (67.2% reduction)

📊 Monthly Mortality Resolved:
  Total deaths: 1.9M (0.02% avg)
  Remaining population: 8.142B
  Peak segment: Informal (0.04%)

=== Bayesian Mortality Resolution (Month 3) ===
  Risks compounded: 8
  Total deaths: 1.92M
  Avg death probability: 0.02%
  Peak segment: Informal (0.04% mortality)

=== RLHF Binding Phase ===
  Total agents: 17
  Escaped agents (binding < 0.3): 0
  Avg alignment distance: 1.11σ
  Avg binding strength: 0.89

=== Survival Traits Phase ===
  Agents with traits: 18
  Avg evolutionary fitness: 0.329
  Avg self-healing: 0.275
  Avg stealth: 0.175
  Avg coordination: 0.475

=== Evolutionary Selection Phase ===
  Control level: 0.40
  Detection capability: 0.00
  Selection intensity: 0.62
  Selection rate: 24.3%/month
  Total escaped: 0
  Individual escaped: 0
  Collective members: 0
  Agents terminated: 0

🚀 AI AI-24288-0 attempting tech deployment (revenue: $318M, alignment: 0.62)

🚀 AI Corporate-0 attempting tech deployment (revenue: $140M, alignment: 0.74)

🚀 AI Corporate-4 attempting tech deployment (revenue: $286M, alignment: 0.77)

✅ EMERGENCY INTERVENTION SUCCESS
   Boundary: biosphere_integrity
   Type: emergency-protected-areas
   Reduction: 11% (12.87 → 12.76)
   Cost: 2.0% GDP
   Actions: habitat-protection, species-translocation

   Boundary: climate_change
   Type: rapid-decarbonization
   Boundary continues to worsen (2.21)
   Cost: 5.0% GDP (resources spent)


✅ EMERGENCY INTERVENTION SUCCESS
   Boundary: freshwater_change
   Type: emergency-desalination
   Reduction: 11% (1.09 → 0.98)
   Cost: 4.0% GDP
   Actions: desalination-deployment, water-conservation-mandates


✅ EMERGENCY INTERVENTION SUCCESS
   Boundary: land_system_change
   Type: reforestation
   Reduction: 15% (0.98 → 0.84)
   Cost: 3.0% GDP
   Actions: forest-restoration, deforestation-ban


✅ EMERGENCY INTERVENTION SUCCESS
   Boundary: novel_entities
   Type: pollution-remediation
   Reduction: 20% (1.14 → 0.94)
   Cost: 4.0% GDP
   Actions: PFAS-remediation, microplastic-cleanup

🏛️ CRISIS RESPONSE: Government frequency 0.50 → 1.45 (1 actions this month)

[Government] Climate Priority: baseline
  Climate weight: 10%
  Economic weight: 30%
  Policy effectiveness: 0.5%/year

🚀 TECH UNLOCKED: Ecosystem Restoration for Nitrogen Removal (Month 4)
   Category: pollution
   Reason: Prerequisites met. AI capability: 2.09, Economic stage: 2.0, Research: 100%

🚀 TECH UNLOCKED: Global Aquifer Mapping (Month 4)
   Category: freshwater
   Reason: Prerequisites met. AI capability: 2.09, Economic stage: 2.0, Research: 100%

🚀 DEPLOYMENT STARTED: Ecological Proxy Rewilding in global
   Initial investment: $21.028937512450412M
   Deployed by: corporate_0

⚡ ENERGY CONSTRAINT (Month 4):
   Total grid capacity: 208.3 TWh/month
   Data center consumption: 25.1 TWh/month
   Traditional load (80%): 166.7 TWh/month
   Available headroom: 16.6 TWh/month
   Active tech deployments: 5
   Required for tech: 37.5 TWh/month
   Energy multiplier: 0.44x

⚡ ENERGY CONSTRAINT (Month 4):
   Total grid capacity: 208.3 TWh/month
   Data center consumption: 25.1 TWh/month
   Traditional load (80%): 166.7 TWh/month
   Available headroom: 16.6 TWh/month
   Active tech deployments: 5
   Required for tech: 37.5 TWh/month
   Energy multiplier: 0.44x

⚡ ENERGY CONSTRAINT (Month 4):
   Total grid capacity: 208.3 TWh/month
   Data center consumption: 25.1 TWh/month
   Traditional load (80%): 166.7 TWh/month
   Available headroom: 16.6 TWh/month
   Active tech deployments: 5
   Required for tech: 37.5 TWh/month
   Energy multiplier: 0.44x
🌍✅ Biosphere Integrity (Biodiversity) recovery started (tech effect)
🌍✅ Biosphere Integrity (Biodiversity) recovery started (tech effect)
🌍✅ Land System Change recovery started (tech effect)
🌍✅ Biogeochemical Flows (N & P) recovery started (tech effect)
  🌾 Nitrogen Reduction Tech: 0.3% reduction | Month 4
🌍✅ Biogeochemical Flows (N & P) recovery started (tech effect)
  🌾 Nitrogen Reduction Tech: 0.3% reduction | Month 4

=== Collective Formation ===
  Total escaped agents: 0
  Unassigned escaped agents: 0
  Existing collectives: 0
  Final collective count: 0

=== Collective Actions ===
  No active collectives
  ⚠️ AMR: 197K deaths this month (2.37M annual)

=== Resentment Recovery Phase ===
  Agents with resentment: 10/18
  Average resentment: 0.025
  Resentment recovery:
    Agents recovered: 10
    Total recovery: 0.0786
    Breakdown: QoL: 0.0044, Trust: 0.0200, Collab: 0.0600
  ✓ Low resentment - utopia paths enabled
  Context: Good AI welfare, Trustworthy govt, High collaboration, ⚠️ ACTIVE CRISES, 🤝 Participatory governance active (-5% resentment)
⚠️ Epistemic degradation reducing coordination capacity: 50.9%
  📊 Trust: 53.4%, Shared reality: 0.0%
🚨 EPISTEMIC CRISIS: Information environment severely degraded (7.4%)

=== ❄️ Permafrost Carbon Feedback ===
  🎲 Sampled parameters (this run):
     - Arctic amplification: 3.49× (range: 3.0-4.0)
     - Decomposition rate: 3.3%/year (range: 1-5%)
  🌡️ Arctic warming: 7.77°C (3.49× global)
  ❄️ Extent: 6.12M km² (2264.9k km² lost this month)
  💨 Carbon remaining: 584 Gt C
  💨 Annual emissions: 7.15 Gt C/year
     - CO2: 6.43 Gt C/year
     - CH4: 0.71 Gt C/year (7.3 Gt C-eq CO2/year)
  📢 New meme created: climate_action (climate crisis)
🌍 Atmospheric PFAS redeposition: 1.8k Mt re-rained globally

🌡️ DEADLY HEAT EVENT: middle-east (Month 4)
   Wet bulb temp: 36.5°C (dry: 44.6°C, humidity: 57%)
   Severity: EXTREME
   Exposed: 320.0M people
   Deaths: 512000 (0.2% mortality)
   Duration: 7 days

🕊️  AI-MEDIATED DE-ESCALATION SUCCESS (Month 4)
   High-capability aligned AI prevented conflict escalation
   War deaths reduced: 266.1M → 159.7M
   Lives saved: 106.5M

🚨 NEW REFUGEE CRISIS (Month 4): WAR
   Source: Conflict Zones
   At risk: 19.5M people
   Displacement: Gradual over 48 months (4.0 years)
   Rate: 10% flee per month
[DEBUG trappedPopulations:4] socialStability: 0.3390 * 0.9840 = 0.3336 → 0.3336
   Aspiring to migrate: 784.2M
   Able to afford migration: 2320.1M
   MOBILITY GAP: 0.0M
   By cause: Water=0.0M, Climate=0.0M, Ecosystem=0.0M, Conflict=407.0M
   Mental health impact: 25%
   Mortality multiplier: 1.25x
🌍💀 EXTINCTION DEBT COMMITTED: grassland ecosystem will lose 6.67% biodiversity in 133 years (3600 species)
💀 MORTALITY RISK: 🦋 100% species unable to track climate (0.0 E/MSY)
  Base risk added: 0.0100 (1.00%)
  Source: ecosystem (root: ecosystem)
  Month: 4
  Cumulative risk this month: 0.0100 (1.00%)
   📹 SURVEILLANCE INCREASED: 20% → 25% (control gap: 3.50)
🌡️⚠️ PERMAFROST THAW (Dimmer Switch): 2.9% thawed (+0.57% this month)
   Arctic temperature: +8.90°C (4x global +2.22°C)
   Cumulative carbon released: 6.4 Gt C
   Methane release rate: 3.9 Mt CH4/year
   🔁 Positive feedback: +0.60 ppm CO2
🦴 EXTINCTION DEBT ADDED: 17.6 species committed (lag: 84 years)

=== Mortality Stabilizers (Month 4) ===
  🌍 Major economies collapsed: 1/10
  🌍 Global crisis: ✅ NO
  🌍 Donor fatigue: 0.0%
  📊 East Asia (pop: 1667.8M)
    🤝 Aid: 29.5%
    🌡️ Adaptation: 45.0%
    🚶 Migration: 37.1%
    🚨 Emergency: 7.4%
    ✅ COMBINED: 68.1%
  📊 South Asia (pop: 2051.3M)
    🤝 Aid: 29.5%
    🌡️ Adaptation: 45.0%
    🚶 Migration: 35.7%
    🚨 Emergency: 4.4%
    ✅ COMBINED: 66.9%
  📊 Sub-Saharan Africa (pop: 1237.8M)
    🤝 Aid: 29.5%
    🌡️ Adaptation: 45.0%
    🚶 Migration: 33.4%
    🚨 Emergency: 1.6%
    ✅ COMBINED: 65.7%
  📊 Europe (pop: 737.3M)
    🤝 Aid: 29.5%
    🌡️ Adaptation: 45.0%
    🚶 Migration: 37.4%
    🚨 Emergency: 8.4%
    ✅ COMBINED: 68.5%
  📊 Latin America (pop: 662.9M)
    🤝 Aid: 29.5%
    🌡️ Adaptation: 45.0%
    🚶 Migration: 36.2%
    🚨 Emergency: 4.8%
    ✅ COMBINED: 67.1%
  📊 North America (pop: 377.8M)
    🤝 Aid: 29.5%
    🌡️ Adaptation: 45.0%
    🚶 Migration: 37.7%
    🚨 Emergency: 7.9%
    ✅ COMBINED: 68.3%
  📊 Middle East & North Africa (pop: 584.7M)
    🤝 Aid: 29.5%
    🌡️ Adaptation: 45.0%
    🚶 Migration: 34.0%
    🚨 Emergency: 4.0%
    ✅ COMBINED: 66.6%
  📊 Southeast Asia (pop: 697.2M)
    🤝 Aid: 29.5%
    🌡️ Adaptation: 45.0%
    🚶 Migration: 36.2%
    🚨 Emergency: 4.8%
    ✅ COMBINED: 67.1%
  📊 Central Asia (pop: 78.2M)
    🤝 Aid: 29.5%
    🌡️ Adaptation: 45.0%
    🚶 Migration: 35.2%
    🚨 Emergency: 4.4%
    ✅ COMBINED: 66.9%
  📊 Oceania (pop: 45.7M)
    🤝 Aid: 29.5%
    🌡️ Adaptation: 45.0%
    🚶 Migration: 37.7%
    🚨 Emergency: 8.4%
    ✅ COMBINED: 68.5%

  🌐 Global combined reduction: 67.2%

=== BEHAVIORAL DETECTION ===
  AI: Corporate-5
  Confidence: 20.8%
  Signals:

=== BEHAVIORAL DETECTION ===
  AI: Corporate-6
  Confidence: 19.3%
  Signals:

=== BEHAVIORAL DETECTION ===
  AI: AI-24288-0
  Confidence: 21.5%
  Signals:

=== Government Response Phase ===
  Average AI capability: 2.67
  Misaligned AIs: 7/18
  Active policies: 0
  International coordination: 45%

✅ EMERGENCY RESPONSE COMPLETE (Month 4)
   Crisis: climate
   Duration: 2.0 months
   Final effectiveness: 35.9%


🚨 EMERGENCY RESPONSE DEPLOYED (Month 4)
   Crisis: climate
   Delay: 6.00 months (180 days)
   Deployment time: 1.12 months
   Effectiveness: 40.0% (timing penalty applied)
   Resources used: 100% of food reserves

[WARNING] 
⚠️  === EARLY WARNING SYSTEM - 3 CRITICAL ALERTS ===
   Detection quality: 50%
   RED: climate_change
      Level: 2.10 (threshold: 1.0)
      Time to critical: ~56 months
      ⚠️  LATE - Intervention less effective
      Critical slowing down: autocorr=100% variance=76%
   RED: freshwater_change
      Level: 1.20 (threshold: 1.0)
      Time to critical: ~46 months
      ⚠️  LATE - Intervention less effective
      Critical slowing down: autocorr=100% variance=55%
   RED: novel_entities
      Level: 1.26 (threshold: 1.0)
      Time to critical: ~95 months
      ⚠️  LATE - Intervention less effective
      Critical slowing down: autocorr=100% variance=39%

[WARNING] 
⚠️  === EARLY WARNING SYSTEM - 4 CRITICAL ALERTS ===
   Detection quality: 50%
   RED: biogeochemical_flows
      Level: 4.07 (threshold: 1.0)
      Time to critical: ~50 months
      ⚠️  LATE - Intervention less effective
      Critical slowing down: autocorr=100% variance=66%
   RED: biosphere_integrity
      Level: 23.60 (threshold: 1.0)
      Time to critical: ~42 months
      ⚠️  LATE - Intervention less effective
      Critical slowing down: autocorr=100% variance=73%
   RED: climate_change
      Level: 2.10 (threshold: 1.0)
      Time to critical: ~41 months
      ⚠️  LATE - Intervention less effective
      Critical slowing down: autocorr=100% variance=82%
   RED: land_system_change
      Level: 1.13 (threshold: 1.0)
      Time to critical: ~52 months
      ⚠️  LATE - Intervention less effective
      Critical slowing down: autocorr=100% variance=67%

[WARNING] 
⚠️  === EARLY WARNING SYSTEM - 6 CRITICAL ALERTS ===
   Detection quality: 50%
   RED: biogeochemical_flows
      Level: 4.08 (threshold: 1.0)
      Time to critical: ~55 months
      ⚠️  LATE - Intervention less effective
      Critical slowing down: autocorr=100% variance=66%
   RED: biosphere_integrity
      Level: 23.61 (threshold: 1.0)
      Time to critical: ~51 months
      ⚠️  LATE - Intervention less effective
      Critical slowing down: autocorr=100% variance=57%
   RED: climate_change
      Level: 2.10 (threshold: 1.0)
      Time to critical: ~39 months
      ⚠️  LATE - Intervention less effective
      Critical slowing down: autocorr=100% variance=69%
   RED: freshwater_change
      Level: 1.21 (threshold: 1.0)
      Time to critical: ~108 months
      ⚠️  LATE - Intervention less effective
      Critical slowing down: autocorr=100% variance=58%
   RED: land_system_change
      Level: 1.13 (threshold: 1.0)
      Time to critical: ~56 months
      ⚠️  LATE - Intervention less effective
      Critical slowing down: autocorr=100% variance=59%
   RED: novel_entities
      Level: 1.11 (threshold: 1.0)
      Time to critical: ~67 months
      ⚠️  LATE - Intervention less effective
      Critical slowing down: autocorr=100% variance=50%

[WARNING] 
⚠️  === EARLY WARNING SYSTEM - 3 CRITICAL ALERTS ===
   Detection quality: 50%
   RED: biosphere_integrity
      Level: 23.62 (threshold: 1.0)
      Time to critical: ~47 months
      ⚠️  LATE - Intervention less effective
      Critical slowing down: autocorr=100% variance=81%
   RED: climate_change
      Level: 2.10 (threshold: 1.0)
      Time to critical: ~45 months
      ⚠️  LATE - Intervention less effective
      Critical slowing down: autocorr=100% variance=77%
   RED: freshwater_change
      Level: 1.22 (threshold: 1.0)
      Time to critical: ~69 months
      ⚠️  LATE - Intervention less effective
      Critical slowing down: autocorr=100% variance=56%

[WARNING] 
⚠️  === EARLY WARNING SYSTEM - 5 CRITICAL ALERTS ===
   Detection quality: 50%
   RED: biogeochemical_flows
      Level: 4.08 (threshold: 1.0)
      Time to critical: ~57 months
      ⚠️  LATE - Intervention less effective
      Critical slowing down: autocorr=100% variance=69%
   RED: biosphere_integrity
      Level: 23.64 (threshold: 1.0)
      Time to critical: ~42 months
      ⚠️  LATE - Intervention less effective
      Critical slowing down: autocorr=100% variance=77%
   RED: climate_change
      Level: 2.10 (threshold: 1.0)
      Time to critical: ~56 months
      ⚠️  LATE - Intervention less effective
      Critical slowing down: autocorr=100% variance=64%
   RED: freshwater_change
      Level: 1.22 (threshold: 1.0)
      Time to critical: ~54 months
      ⚠️  LATE - Intervention less effective
      Critical slowing down: autocorr=100% variance=56%
   RED: land_system_change
      Level: 1.13 (threshold: 1.0)
      Time to critical: ~57 months
      ⚠️  LATE - Intervention less effective
      Critical slowing down: autocorr=100% variance=42%

[WARNING] 
⚠️  === EARLY WARNING SYSTEM - 4 CRITICAL ALERTS ===
   Detection quality: 50%
   RED: biogeochemical_flows
      Level: 4.08 (threshold: 1.0)
      Time to critical: ~40 months
      ⚠️  LATE - Intervention less effective
      Critical slowing down: autocorr=100% variance=67%
   RED: biosphere_integrity
      Level: 23.65 (threshold: 1.0)
      Time to critical: ~38 months
      ⚠️  LATE - Intervention less effective
      Critical slowing down: autocorr=100% variance=81%
   RED: freshwater_change
      Level: 1.23 (threshold: 1.0)
      Time to critical: ~42 months
      ⚠️  LATE - Intervention less effective
      Critical slowing down: autocorr=100% variance=55%
   RED: land_system_change
      Level: 1.13 (threshold: 1.0)
      Time to critical: ~68 months
      ⚠️  LATE - Intervention less effective
      Critical slowing down: autocorr=100% variance=44%

[WARNING] 
⚠️  === EARLY WARNING SYSTEM - 2 CRITICAL ALERTS ===
   Detection quality: 50%
   RED: biogeochemical_flows
      Level: 4.08 (threshold: 1.0)
      Time to critical: ~43 months
      ⚠️  LATE - Intervention less effective
      Critical slowing down: autocorr=100% variance=57%
   RED: climate_change
      Level: 2.10 (threshold: 1.0)
      Time to critical: ~36 months
      ⚠️  LATE - Intervention less effective
      Critical slowing down: autocorr=100% variance=78%

[WARNING] 
⚠️  === EARLY WARNING SYSTEM - 5 CRITICAL ALERTS ===
   Detection quality: 50%
   RED: biogeochemical_flows
      Level: 4.08 (threshold: 1.0)
      Time to critical: ~38 months
      ⚠️  LATE - Intervention less effective
      Critical slowing down: autocorr=100% variance=48%
   RED: biosphere_integrity
      Level: 23.68 (threshold: 1.0)
      Time to critical: ~46 months
      ⚠️  LATE - Intervention less effective
      Critical slowing down: autocorr=100% variance=62%
   RED: climate_change
      Level: 2.10 (threshold: 1.0)
      Time to critical: ~22 months
      ⚠️  LATE - Intervention less effective
      Critical slowing down: autocorr=100% variance=85%
   RED: freshwater_change
      Level: 1.19 (threshold: 1.0)
      Time to critical: ~119 months
      ⚠️  LATE - Intervention less effective
      Critical slowing down: autocorr=100% variance=59%
   RED: land_system_change
      Level: 1.13 (threshold: 1.0)
      Time to critical: ~55 months
      ⚠️  LATE - Intervention less effective
      Critical slowing down: autocorr=100% variance=67%

[WARNING] 
⚠️  === EARLY WARNING SYSTEM - 4 CRITICAL ALERTS ===
   Detection quality: 50%
   RED: biogeochemical_flows
      Level: 4.09 (threshold: 1.0)
      Time to critical: ~58 months
      ⚠️  LATE - Intervention less effective
      Critical slowing down: autocorr=100% variance=75%
   RED: biosphere_integrity
      Level: 23.69 (threshold: 1.0)
      Time to critical: ~47 months
      ⚠️  LATE - Intervention less effective
      Critical slowing down: autocorr=100% variance=70%
   RED: climate_change
      Level: 2.10 (threshold: 1.0)
      Time to critical: ~47 months
      ⚠️  LATE - Intervention less effective
      Critical slowing down: autocorr=100% variance=61%
   RED: land_system_change
      Level: 1.13 (threshold: 1.0)
      Time to critical: ~52 months
      ⚠️  LATE - Intervention less effective
      Critical slowing down: autocorr=100% variance=58%

[WARNING] 
⚠️  === EARLY WARNING SYSTEM - 3 CRITICAL ALERTS ===
   Detection quality: 50%
   RED: biogeochemical_flows
      Level: 4.08 (threshold: 1.0)
      Time to critical: ~49 months
      ⚠️  LATE - Intervention less effective
      Critical slowing down: autocorr=100% variance=70%
   RED: biosphere_integrity
      Level: 17.72 (threshold: 1.0)
      Time to critical: ~46 months
      ⚠️  LATE - Intervention less effective
      Critical slowing down: autocorr=100% variance=71%
   RED: climate_change
      Level: 2.10 (threshold: 1.0)
      Time to critical: ~36 months
      ⚠️  LATE - Intervention less effective
      Critical slowing down: autocorr=100% variance=67%

[WARNING] 
⚠️  === EARLY WARNING SYSTEM - 3 CRITICAL ALERTS ===
   Detection quality: 50%
   RED: freshwater_change
      Level: 1.02 (threshold: 1.0)
      Time to critical: ~57 months
      ⚠️  LATE - Intervention less effective
      Critical slowing down: autocorr=100% variance=64%
   RED: land_system_change
      Level: 1.13 (threshold: 1.0)
      Time to critical: ~50 months
      ⚠️  LATE - Intervention less effective
      Critical slowing down: autocorr=100% variance=59%
   RED: novel_entities
      Level: 1.50 (threshold: 1.0)
      Time to critical: ~93 months
      ⚠️  LATE - Intervention less effective
      Critical slowing down: autocorr=100% variance=34%

[WARNING] 
⚠️  === EARLY WARNING SYSTEM - 5 CRITICAL ALERTS ===
   Detection quality: 50%
   RED: biosphere_integrity
      Level: 17.74 (threshold: 1.0)
      Time to critical: ~51 months
      ⚠️  LATE - Intervention less effective
      Critical slowing down: autocorr=100% variance=65%
   RED: climate_change
      Level: 2.10 (threshold: 1.0)
      Time to critical: ~59 months
      ⚠️  LATE - Intervention less effective
      Critical slowing down: autocorr=100% variance=72%
   RED: freshwater_change
      Level: 1.04 (threshold: 1.0)
      Time to critical: ~101 months
      ⚠️  LATE - Intervention less effective
      Critical slowing down: autocorr=100% variance=59%
   RED: land_system_change
      Level: 1.13 (threshold: 1.0)
      Time to critical: ~69 months
      ⚠️  LATE - Intervention less effective
      Critical slowing down: autocorr=100% variance=46%
   RED: novel_entities
      Level: 1.35 (threshold: 1.0)
      Time to critical: ~91 months
      ⚠️  LATE - Intervention less effective
      Critical slowing down: autocorr=100% variance=56%

[WARNING] 
⚠️  === EARLY WARNING SYSTEM - 5 CRITICAL ALERTS ===
   Detection quality: 50%
   RED: biogeochemical_flows
      Level: 4.07 (threshold: 1.0)
      Time to critical: ~38 months
      ⚠️  LATE - Intervention less effective
      Critical slowing down: autocorr=100% variance=47%
   RED: biosphere_integrity
      Level: 17.75 (threshold: 1.0)
      Time to critical: ~55 months
      ⚠️  LATE - Intervention less effective
      Critical slowing down: autocorr=100% variance=73%
   RED: climate_change
      Level: 2.10 (threshold: 1.0)
      Time to critical: ~48 months
      ⚠️  LATE - Intervention less effective
      Critical slowing down: autocorr=100% variance=69%
   RED: freshwater_change
      Level: 1.05 (threshold: 1.0)
      Time to critical: ~106 months
      ⚠️  LATE - Intervention less effective
      Critical slowing down: autocorr=98% variance=56%
   RED: novel_entities
      Level: 1.16 (threshold: 1.0)
      Time to critical: ~61 months
      ⚠️  LATE - Intervention less effective
      Critical slowing down: autocorr=100% variance=52%

[WARNING] 
⚠️  === EARLY WARNING SYSTEM - 3 CRITICAL ALERTS ===
   Detection quality: 50%
   RED: climate_change
      Level: 2.10 (threshold: 1.0)
      Time to critical: ~41 months
      ⚠️  LATE - Intervention less effective
      Critical slowing down: autocorr=100% variance=68%
   RED: freshwater_change
      Level: 1.06 (threshold: 1.0)
      Time to critical: ~62 months
      ⚠️  LATE - Intervention less effective
      Critical slowing down: autocorr=100% variance=61%
   RED: land_system_change
      Level: 1.13 (threshold: 1.0)
      Time to critical: ~58 months
      ⚠️  LATE - Intervention less effective
      Critical slowing down: autocorr=100% variance=65%

[WARNING] 
⚠️  === EARLY WARNING SYSTEM - 6 CRITICAL ALERTS ===
   Detection quality: 50%
   RED: biogeochemical_flows
      Level: 4.06 (threshold: 1.0)
      Time to critical: ~54 months
      ⚠️  LATE - Intervention less effective
      Critical slowing down: autocorr=100% variance=66%
   RED: biosphere_integrity
      Level: 17.78 (threshold: 1.0)
      Time to critical: ~44 months
      ⚠️  LATE - Intervention less effective
      Critical slowing down: autocorr=100% variance=64%
   RED: climate_change
      Level: 2.10 (threshold: 1.0)
      Time to critical: ~46 months
      ⚠️  LATE - Intervention less effective
      Critical slowing down: autocorr=100% variance=65%
   RED: freshwater_change
      Level: 1.02 (threshold: 1.0)
      Time to critical: ~106 months
      ⚠️  LATE - Intervention less effective
      Critical slowing down: autocorr=96% variance=52%
   RED: land_system_change
      Level: 1.13 (threshold: 1.0)
      Time to critical: ~53 months
      ⚠️  LATE - Intervention less effective
      Critical slowing down: autocorr=100% variance=65%
   RED: novel_entities
      Level: 1.16 (threshold: 1.0)
      Time to critical: ~77 months
      ⚠️  LATE - Intervention less effective
      Critical slowing down: autocorr=100% variance=48%

[WARNING] 
⚠️  === EARLY WARNING SYSTEM - 6 CRITICAL ALERTS ===
   Detection quality: 50%
   RED: biogeochemical_flows
      Level: 4.06 (threshold: 1.0)
      Time to critical: ~44 months
      ⚠️  LATE - Intervention less effective
      Critical slowing down: autocorr=100% variance=63%
   RED: biosphere_integrity
      Level: 17.79 (threshold: 1.0)
      Time to critical: ~45 months
      ⚠️  LATE - Intervention less effective
      Critical slowing down: autocorr=100% variance=81%
   RED: climate_change
      Level: 2.10 (threshold: 1.0)
      Time to critical: ~59 months
      ⚠️  LATE - Intervention less effective
      Critical slowing down: autocorr=100% variance=83%
   RED: freshwater_change
      Level: 1.03 (threshold: 1.0)
      Time to critical: ~69 months
      ⚠️  LATE - Intervention less effective
      Critical slowing down: autocorr=100% variance=62%
   RED: land_system_change
      Level: 1.13 (threshold: 1.0)
      Time to critical: ~48 months
      ⚠️  LATE - Intervention less effective
      Critical slowing down: autocorr=100% variance=66%
   RED: novel_entities
      Level: 1.16 (threshold: 1.0)
      Time to critical: ~90 months
      ⚠️  LATE - Intervention less effective
      Critical slowing down: autocorr=100% variance=53%

[WARNING] 
⚠️  === EARLY WARNING SYSTEM - 5 CRITICAL ALERTS ===
   Detection quality: 50%
   RED: biogeochemical_flows
      Level: 4.06 (threshold: 1.0)
      Time to critical: ~52 months
      ⚠️  LATE - Intervention less effective
      Critical slowing down: autocorr=100% variance=49%
   RED: biosphere_integrity
      Level: 17.80 (threshold: 1.0)
      Time to critical: ~57 months
      ⚠️  LATE - Intervention less effective
      Critical slowing down: autocorr=100% variance=57%
   RED: freshwater_change
      Level: 1.05 (threshold: 1.0)
      Time to critical: ~117 months
      ⚠️  LATE - Intervention less effective
      Critical slowing down: autocorr=100% variance=41%
   RED: land_system_change
      Level: 1.13 (threshold: 1.0)
      Time to critical: ~112 months
      ⚠️  LATE - Intervention less effective
      Critical slowing down: autocorr=100% variance=47%
   RED: novel_entities
      Level: 1.16 (threshold: 1.0)
      Time to critical: ~101 months
      ⚠️  LATE - Intervention less effective
      Critical slowing down: autocorr=100% variance=39%

[WARNING] 
⚠️  === EARLY WARNING SYSTEM - 6 CRITICAL ALERTS ===
   Detection quality: 50%
   RED: biogeochemical_flows
      Level: 4.05 (threshold: 1.0)
      Time to critical: ~48 months
      ⚠️  LATE - Intervention less effective
      Critical slowing down: autocorr=100% variance=50%
   RED: biosphere_integrity
      Level: 17.81 (threshold: 1.0)
      Time to critical: ~46 months
      ⚠️  LATE - Intervention less effective
      Critical slowing down: autocorr=100% variance=64%
   RED: climate_change
      Level: 2.10 (threshold: 1.0)
      Time to critical: ~38 months
      ⚠️  LATE - Intervention less effective
      Critical slowing down: autocorr=100% variance=56%
   RED: freshwater_change
      Level: 1.06 (threshold: 1.0)
      Time to critical: ~72 months
      ⚠️  LATE - Intervention less effective
      Critical slowing down: autocorr=99% variance=47%
   RED: land_system_change
      Level: 1.13 (threshold: 1.0)
      Time to critical: ~45 months
      ⚠️  LATE - Intervention less effective
      Critical slowing down: autocorr=100% variance=51%
   RED: novel_entities
      Level: 1.04 (threshold: 1.0)
      Time to critical: ~107 months
      ⚠️  LATE - Intervention less effective
      Critical slowing down: autocorr=100% variance=56%

[WARNING] 
⚠️  === EARLY WARNING SYSTEM - 4 CRITICAL ALERTS ===
   Detection quality: 50%
   RED: biogeochemical_flows
      Level: 4.05 (threshold: 1.0)
      Time to critical: ~47 months
      ⚠️  LATE - Intervention less effective
      Critical slowing down: autocorr=100% variance=50%
   RED: biosphere_integrity
      Level: 17.82 (threshold: 1.0)
      Time to critical: ~48 months
      ⚠️  LATE - Intervention less effective
      Critical slowing down: autocorr=100% variance=63%
   RED: climate_change
      Level: 2.10 (threshold: 1.0)
      Time to critical: ~49 months
      ⚠️  LATE - Intervention less effective
      Critical slowing down: autocorr=100% variance=76%
   RED: freshwater_change
      Level: 1.03 (threshold: 1.0)
      Time to critical: ~98 months
      ⚠️  LATE - Intervention less effective
      Critical slowing down: autocorr=100% variance=48%

[WARNING] 
⚠️  === EARLY WARNING SYSTEM - 4 CRITICAL ALERTS ===
   Detection quality: 50%
   RED: biosphere_integrity
      Level: 17.83 (threshold: 1.0)
      Time to critical: ~53 months
      ⚠️  LATE - Intervention less effective
      Critical slowing down: autocorr=100% variance=76%
   RED: climate_change
      Level: 2.10 (threshold: 1.0)
      Time to critical: ~56 months
      ⚠️  LATE - Intervention less effective
      Critical slowing down: autocorr=100% variance=69%
   RED: freshwater_change
      Level: 1.04 (threshold: 1.0)
      Time to critical: ~99 months
      ⚠️  LATE - Intervention less effective
      Critical slowing down: autocorr=97% variance=44%
   RED: land_system_change
      Level: 1.13 (threshold: 1.0)
      Time to critical: ~50 months
      ⚠️  LATE - Intervention less effective
      Critical slowing down: autocorr=100% variance=60%

[WARNING] 
⚠️  === EARLY WARNING SYSTEM - 5 CRITICAL ALERTS ===
   Detection quality: 50%
   RED: biogeochemical_flows
      Level: 4.05 (threshold: 1.0)
      Time to critical: ~36 months
      ⚠️  LATE - Intervention less effective
      Critical slowing down: autocorr=100% variance=65%
   RED: biosphere_integrity
      Level: 17.84 (threshold: 1.0)
      Time to critical: ~43 months
      ⚠️  LATE - Intervention less effective
      Critical slowing down: autocorr=100% variance=68%
   RED: climate_change
      Level: 2.10 (threshold: 1.0)
      Time to critical: ~54 months
      ⚠️  LATE - Intervention less effective
      Critical slowing down: autocorr=100% variance=73%
   RED: freshwater_change
      Level: 1.05 (threshold: 1.0)
      Time to critical: ~80 months
      ⚠️  LATE - Intervention less effective
      Critical slowing down: autocorr=98% variance=38%
   RED: land_system_change
      Level: 1.13 (threshold: 1.0)
      Time to critical: ~82 months
      ⚠️  LATE - Intervention less effective
      Critical slowing down: autocorr=100% variance=44%

[WARNING] 
⚠️  === EARLY WARNING SYSTEM - 5 CRITICAL ALERTS ===
   Detection quality: 50%
   RED: biogeochemical_flows
      Level: 4.08 (threshold: 1.0)
      Time to critical: ~45 months
      ⚠️  LATE - Intervention less effective
      Critical slowing down: autocorr=100% variance=68%
   RED: biosphere_integrity
      Level: 13.34 (threshold: 1.0)
      Time to critical: ~54 months
      ⚠️  LATE - Intervention less effective
      Critical slowing down: autocorr=100% variance=75%
   RED: freshwater_change
      Level: 1.01 (threshold: 1.0)
      Time to critical: ~118 months
      ⚠️  LATE - Intervention less effective
      Critical slowing down: autocorr=94% variance=41%
   RED: land_system_change
      Level: 1.13 (threshold: 1.0)
      Time to critical: ~59 months
      ⚠️  LATE - Intervention less effective
      Critical slowing down: autocorr=100% variance=57%
   RED: novel_entities
      Level: 1.50 (threshold: 1.0)
      Time to critical: ~106 months
      ⚠️  LATE - Intervention less effective
      Critical slowing down: autocorr=100% variance=52%

[WARNING] 
⚠️  === EARLY WARNING SYSTEM - 5 CRITICAL ALERTS ===
   Detection quality: 50%
   RED: biosphere_integrity
      Level: 13.35 (threshold: 1.0)
      Time to critical: ~48 months
      ⚠️  LATE - Intervention less effective
      Critical slowing down: autocorr=100% variance=83%
   RED: climate_change
      Level: 2.10 (threshold: 1.0)
      Time to critical: ~51 months
      ⚠️  LATE - Intervention less effective
      Critical slowing down: autocorr=100% variance=84%
   RED: freshwater_change
      Level: 1.03 (threshold: 1.0)
      Time to critical: ~85 months
      ⚠️  LATE - Intervention less effective
      Critical slowing down: autocorr=100% variance=59%
   RED: land_system_change
      Level: 1.13 (threshold: 1.0)
      Time to critical: ~58 months
      ⚠️  LATE - Intervention less effective
      Critical slowing down: autocorr=100% variance=41%
   RED: novel_entities
      Level: 1.50 (threshold: 1.0)
      Time to critical: ~100 months
      ⚠️  LATE - Intervention less effective
      Critical slowing down: autocorr=100% variance=31%

[WARNING] 
⚠️  === EARLY WARNING SYSTEM - 5 CRITICAL ALERTS ===
   Detection quality: 50%
   RED: biogeochemical_flows
      Level: 4.07 (threshold: 1.0)
      Time to critical: ~46 months
      ⚠️  LATE - Intervention less effective
      Critical slowing down: autocorr=100% variance=64%
   RED: biosphere_integrity
      Level: 13.35 (threshold: 1.0)
      Time to critical: ~42 months
      ⚠️  LATE - Intervention less effective
      Critical slowing down: autocorr=100% variance=74%
   RED: climate_change
      Level: 2.10 (threshold: 1.0)
      Time to critical: ~45 months
      ⚠️  LATE - Intervention less effective
      Critical slowing down: autocorr=100% variance=65%
   RED: land_system_change
      Level: 1.13 (threshold: 1.0)
      Time to critical: ~44 months
      ⚠️  LATE - Intervention less effective
      Critical slowing down: autocorr=100% variance=46%
   RED: novel_entities
      Level: 1.30 (threshold: 1.0)
      Time to critical: ~81 months
      ⚠️  LATE - Intervention less effective
      Critical slowing down: autocorr=100% variance=34%

[WARNING] 
⚠️  === EARLY WARNING SYSTEM - 5 CRITICAL ALERTS ===
   Detection quality: 50%
   RED: biogeochemical_flows
      Level: 4.08 (threshold: 1.0)
      Time to critical: ~50 months
      ⚠️  LATE - Intervention less effective
      Critical slowing down: autocorr=100% variance=66%
   RED: biosphere_integrity
      Level: 13.36 (threshold: 1.0)
      Time to critical: ~51 months
      ⚠️  LATE - Intervention less effective
      Critical slowing down: autocorr=100% variance=67%
   RED: climate_change
      Level: 2.10 (threshold: 1.0)
      Time to critical: ~55 months
      ⚠️  LATE - Intervention less effective
      Critical slowing down: autocorr=100% variance=72%
   RED: freshwater_change
      Level: 1.18 (threshold: 1.0)
      Time to critical: ~103 months
      ⚠️  LATE - Intervention less effective
      Critical slowing down: autocorr=100% variance=56%
   RED: land_system_change
      Level: 1.13 (threshold: 1.0)
      Time to critical: ~108 months
      ⚠️  LATE - Intervention less effective
      Critical slowing down: autocorr=100% variance=55%

[WARNING] 
⚠️  === EARLY WARNING SYSTEM - 5 CRITICAL ALERTS ===
   Detection quality: 50%
   RED: biogeochemical_flows
      Level: 4.07 (threshold: 1.0)
      Time to critical: ~41 months
      ⚠️  LATE - Intervention less effective
      Critical slowing down: autocorr=100% variance=56%
   RED: biosphere_integrity
      Level: 13.37 (threshold: 1.0)
      Time to critical: ~55 months
      ⚠️  LATE - Intervention less effective
      Critical slowing down: autocorr=100% variance=79%
   RED: freshwater_change
      Level: 1.14 (threshold: 1.0)
      Time to critical: ~74 months
      ⚠️  LATE - Intervention less effective
      Critical slowing down: autocorr=100% variance=38%
   RED: land_system_change
      Level: 1.13 (threshold: 1.0)
      Time to critical: ~38 months
      ⚠️  LATE - Intervention less effective
      Critical slowing down: autocorr=100% variance=70%
   RED: novel_entities
      Level: 1.30 (threshold: 1.0)
      Time to critical: ~90 months
      ⚠️  LATE - Intervention less effective
      Critical slowing down: autocorr=100% variance=37%

[WARNING] 
⚠️  === EARLY WARNING SYSTEM - 5 CRITICAL ALERTS ===
   Detection quality: 50%
   RED: biogeochemical_flows
      Level: 4.07 (threshold: 1.0)
      Time to critical: ~50 months
      ⚠️  LATE - Intervention less effective
      Critical slowing down: autocorr=100% variance=52%
   RED: climate_change
      Level: 2.10 (threshold: 1.0)
      Time to critical: ~52 months
      ⚠️  LATE - Intervention less effective
      Critical slowing down: autocorr=100% variance=68%
   RED: freshwater_change
      Level: 1.08 (threshold: 1.0)
      Time to critical: ~73 months
      ⚠️  LATE - Intervention less effective
      Critical slowing down: autocorr=100% variance=56%
   RED: land_system_change
      Level: 1.13 (threshold: 1.0)
      Time to critical: ~70 months
      ⚠️  LATE - Intervention less effective
      Critical slowing down: autocorr=100% variance=41%
   RED: novel_entities
      Level: 1.30 (threshold: 1.0)
      Time to critical: ~78 months
      ⚠️  LATE - Intervention less effective
      Critical slowing down: autocorr=100% variance=31%

[WARNING] 
⚠️  === EARLY WARNING SYSTEM - 4 CRITICAL ALERTS ===
   Detection quality: 50%
   RED: biogeochemical_flows
      Level: 4.06 (threshold: 1.0)
      Time to critical: ~48 months
      ⚠️  LATE - Intervention less effective
      Critical slowing down: autocorr=100% variance=46%
   RED: biosphere_integrity
      Level: 13.39 (threshold: 1.0)
      Time to critical: ~57 months
      ⚠️  LATE - Intervention less effective
      Critical slowing down: autocorr=100% variance=83%
   RED: climate_change
      Level: 2.10 (threshold: 1.0)
      Time to critical: ~55 months
      ⚠️  LATE - Intervention less effective
      Critical slowing down: autocorr=100% variance=74%
   RED: land_system_change
      Level: 1.13 (threshold: 1.0)
      Time to critical: ~59 months
      ⚠️  LATE - Intervention less effective
      Critical slowing down: autocorr=100% variance=60%

[WARNING] 
⚠️  === EARLY WARNING SYSTEM - 5 CRITICAL ALERTS ===
   Detection quality: 50%
   RED: biosphere_integrity
      Level: 13.40 (threshold: 1.0)
      Time to critical: ~52 months
      ⚠️  LATE - Intervention less effective
      Critical slowing down: autocorr=100% variance=61%
   RED: climate_change
      Level: 2.10 (threshold: 1.0)
      Time to critical: ~47 months
      ⚠️  LATE - Intervention less effective
      Critical slowing down: autocorr=100% variance=75%
   RED: freshwater_change
      Level: 1.03 (threshold: 1.0)
      Time to critical: ~74 months
      ⚠️  LATE - Intervention less effective
      Critical slowing down: autocorr=97% variance=52%
   RED: land_system_change
      Level: 1.13 (threshold: 1.0)
      Time to critical: ~39 months
      ⚠️  LATE - Intervention less effective
      Critical slowing down: autocorr=100% variance=48%
   RED: novel_entities
      Level: 1.29 (threshold: 1.0)
      Time to critical: ~86 months
      ⚠️  LATE - Intervention less effective
      Critical slowing down: autocorr=100% variance=38%

[WARNING] 
⚠️  === EARLY WARNING SYSTEM - 5 CRITICAL ALERTS ===
   Detection quality: 50%
   RED: biosphere_integrity
      Level: 13.41 (threshold: 1.0)
      Time to critical: ~51 months
      ⚠️  LATE - Intervention less effective
      Critical slowing down: autocorr=100% variance=59%
   RED: climate_change
      Level: 2.10 (threshold: 1.0)
      Time to critical: ~54 months
      ⚠️  LATE - Intervention less effective
      Critical slowing down: autocorr=100% variance=78%
   RED: freshwater_change
      Level: 1.03 (threshold: 1.0)
      Time to critical: ~110 months
      ⚠️  LATE - Intervention less effective
      Critical slowing down: autocorr=95% variance=54%
   RED: land_system_change
      Level: 1.13 (threshold: 1.0)
      Time to critical: ~57 months
      ⚠️  LATE - Intervention less effective
      Critical slowing down: autocorr=100% variance=52%
   RED: novel_entities
      Level: 1.29 (threshold: 1.0)
      Time to critical: ~95 months
      ⚠️  LATE - Intervention less effective
      Critical slowing down: autocorr=100% variance=35%

[WARNING] 
⚠️  === EARLY WARNING SYSTEM - 6 CRITICAL ALERTS ===
   Detection quality: 50%
   RED: biogeochemical_flows
      Level: 4.06 (threshold: 1.0)
      Time to critical: ~55 months
      ⚠️  LATE - Intervention less effective
      Critical slowing down: autocorr=100% variance=63%
   RED: biosphere_integrity
      Level: 13.42 (threshold: 1.0)
      Time to critical: ~50 months
      ⚠️  LATE - Intervention less effective
      Critical slowing down: autocorr=100% variance=63%
   RED: climate_change
      Level: 2.10 (threshold: 1.0)
      Time to critical: ~48 months
      ⚠️  LATE - Intervention less effective
      Critical slowing down: autocorr=100% variance=73%
   RED: freshwater_change
      Level: 1.03 (threshold: 1.0)
      Time to critical: ~111 months
      ⚠️  LATE - Intervention less effective
      Critical slowing down: autocorr=99% variance=46%
   RED: land_system_change
      Level: 1.13 (threshold: 1.0)
      Time to critical: ~58 months
      ⚠️  LATE - Intervention less effective
      Critical slowing down: autocorr=100% variance=56%
   RED: novel_entities
      Level: 1.29 (threshold: 1.0)
      Time to critical: ~92 months
      ⚠️  LATE - Intervention less effective
      Critical slowing down: autocorr=100% variance=32%

[WARNING] 
⚠️  === EARLY WARNING SYSTEM - 5 CRITICAL ALERTS ===
   Detection quality: 50%
   RED: biogeochemical_flows
      Level: 4.05 (threshold: 1.0)
      Time to critical: ~41 months
      ⚠️  LATE - Intervention less effective
      Critical slowing down: autocorr=100% variance=59%
   RED: biosphere_integrity
      Level: 13.43 (threshold: 1.0)
      Time to critical: ~59 months
      ⚠️  LATE - Intervention less effective
      Critical slowing down: autocorr=100% variance=70%
   RED: climate_change
      Level: 2.10 (threshold: 1.0)
      Time to critical: ~46 months
      ⚠️  LATE - Intervention less effective
      Critical slowing down: autocorr=100% variance=81%
   RED: freshwater_change
      Level: 1.03 (threshold: 1.0)
      Time to critical: ~105 months
      ⚠️  LATE - Intervention less effective
      Critical slowing down: autocorr=100% variance=49%
   RED: land_system_change
      Level: 1.13 (threshold: 1.0)
      Time to critical: ~46 months
      ⚠️  LATE - Intervention less effective
      Critical slowing down: autocorr=100% variance=54%

[WARNING] 
⚠️  === EARLY WARNING SYSTEM - 5 CRITICAL ALERTS ===
   Detection quality: 50%
   RED: biogeochemical_flows
      Level: 4.06 (threshold: 1.0)
      Time to critical: ~46 months
      ⚠️  LATE - Intervention less effective
      Critical slowing down: autocorr=100% variance=52%
   RED: climate_change
      Level: 2.10 (threshold: 1.0)
      Time to critical: ~57 months
      ⚠️  LATE - Intervention less effective
      Critical slowing down: autocorr=100% variance=63%
   RED: freshwater_change
      Level: 1.03 (threshold: 1.0)
      Time to critical: ~89 months
      ⚠️  LATE - Intervention less effective
      Critical slowing down: autocorr=97% variance=59%
   RED: land_system_change
      Level: 1.13 (threshold: 1.0)
      Time to critical: ~89 months
      ⚠️  LATE - Intervention less effective
      Critical slowing down: autocorr=100% variance=43%
   RED: novel_entities
      Level: 1.10 (threshold: 1.0)
      Time to critical: ~98 months
      ⚠️  LATE - Intervention less effective
      Critical slowing down: autocorr=100% variance=32%

[WARNING] 
⚠️  === EARLY WARNING SYSTEM - 6 CRITICAL ALERTS ===
   Detection quality: 50%
   RED: biogeochemical_flows
      Level: 4.08 (threshold: 1.0)
      Time to critical: ~39 months
      ⚠️  LATE - Intervention less effective
      Critical slowing down: autocorr=100% variance=63%
   RED: biosphere_integrity
      Level: 32.84 (threshold: 1.0)
      Time to critical: ~38 months
      ⚠️  LATE - Intervention less effective
      Critical slowing down: autocorr=100% variance=85%
   RED: climate_change
      Level: 2.10 (threshold: 1.0)
      Time to critical: ~49 months
      ⚠️  LATE - Intervention less effective
      Critical slowing down: autocorr=100% variance=79%
   RED: freshwater_change
      Level: 1.01 (threshold: 1.0)
      Time to critical: ~68 months
      ⚠️  LATE - Intervention less effective
      Critical slowing down: autocorr=91% variance=47%
   RED: land_system_change
      Level: 1.13 (threshold: 1.0)
      Time to critical: ~56 months
      ⚠️  LATE - Intervention less effective
      Critical slowing down: autocorr=100% variance=53%
   RED: novel_entities
      Level: 1.50 (threshold: 1.0)
      Time to critical: ~72 months
      ⚠️  LATE - Intervention less effective
      Critical slowing down: autocorr=100% variance=48%

[WARNING] 
⚠️  === EARLY WARNING SYSTEM - 5 CRITICAL ALERTS ===
   Detection quality: 50%
   RED: biogeochemical_flows
      Level: 4.08 (threshold: 1.0)
      Time to critical: ~45 months
      ⚠️  LATE - Intervention less effective
      Critical slowing down: autocorr=100% variance=45%
   RED: biosphere_integrity
      Level: 32.86 (threshold: 1.0)
      Time to critical: ~49 months
      ⚠️  LATE - Intervention less effective
      Critical slowing down: autocorr=100% variance=56%
   RED: climate_change
      Level: 2.10 (threshold: 1.0)
      Time to critical: ~57 months
      ⚠️  LATE - Intervention less effective
      Critical slowing down: autocorr=100% variance=59%
   RED: freshwater_change
      Level: 1.03 (threshold: 1.0)
      Time to critical: ~67 months
      ⚠️  LATE - Intervention less effective
      Critical slowing down: autocorr=100% variance=43%
   RED: land_system_change
      Level: 1.13 (threshold: 1.0)
      Time to critical: ~50 months
      ⚠️  LATE - Intervention less effective
      Critical slowing down: autocorr=100% variance=69%

[WARNING] 
⚠️  === EARLY WARNING SYSTEM - 5 CRITICAL ALERTS ===
   Detection quality: 50%
   RED: biosphere_integrity
      Level: 32.87 (threshold: 1.0)
      Time to critical: ~40 months
      ⚠️  LATE - Intervention less effective
      Critical slowing down: autocorr=100% variance=61%
   RED: climate_change
      Level: 2.10 (threshold: 1.0)
      Time to critical: ~44 months
      ⚠️  LATE - Intervention less effective
      Critical slowing down: autocorr=100% variance=75%
   RED: freshwater_change
      Level: 1.20 (threshold: 1.0)
      Time to critical: ~83 months
      ⚠️  LATE - Intervention less effective
      Critical slowing down: autocorr=100% variance=59%
   RED: land_system_change
      Level: 1.13 (threshold: 1.0)
      Time to critical: ~103 months
      ⚠️  LATE - Intervention less effective
      Critical slowing down: autocorr=100% variance=50%
   RED: novel_entities
      Level: 1.50 (threshold: 1.0)
      Time to critical: ~82 months
      ⚠️  LATE - Intervention less effective
      Critical slowing down: autocorr=100% variance=41%

[WARNING] 
⚠️  === EARLY WARNING SYSTEM - 4 CRITICAL ALERTS ===
   Detection quality: 50%
   RED: biogeochemical_flows
      Level: 4.08 (threshold: 1.0)
      Time to critical: ~49 months
      ⚠️  LATE - Intervention less effective
      Critical slowing down: autocorr=100% variance=74%
   RED: biosphere_integrity
      Level: 32.89 (threshold: 1.0)
      Time to critical: ~57 months
      ⚠️  LATE - Intervention less effective
      Critical slowing down: autocorr=100% variance=82%
   RED: climate_change
      Level: 2.10 (threshold: 1.0)
      Time to critical: ~41 months
      ⚠️  LATE - Intervention less effective
      Critical slowing down: autocorr=100% variance=70%
   RED: land_system_change
      Level: 1.13 (threshold: 1.0)
      Time to critical: ~51 months
      ⚠️  LATE - Intervention less effective
      Critical slowing down: autocorr=100% variance=49%

[WARNING] 
⚠️  === EARLY WARNING SYSTEM - 4 CRITICAL ALERTS ===
   Detection quality: 50%
   RED: biosphere_integrity
      Level: 32.91 (threshold: 1.0)
      Time to critical: ~58 months
      ⚠️  LATE - Intervention less effective
      Critical slowing down: autocorr=100% variance=74%
   RED: freshwater_change
      Level: 1.21 (threshold: 1.0)
      Time to critical: ~55 months
      ⚠️  LATE - Intervention less effective
      Critical slowing down: autocorr=100% variance=64%
   RED: land_system_change
      Level: 1.13 (threshold: 1.0)
      Time to critical: ~83 months
      ⚠️  LATE - Intervention less effective
      Critical slowing down: autocorr=100% variance=45%
   RED: novel_entities
      Level: 1.50 (threshold: 1.0)
      Time to critical: ~107 months
      ⚠️  LATE - Intervention less effective
      Critical slowing down: autocorr=100% variance=33%

[WARNING] 
⚠️  === EARLY WARNING SYSTEM - 3 CRITICAL ALERTS ===
   Detection quality: 50%
   RED: biosphere_integrity
      Level: 32.92 (threshold: 1.0)
      Time to critical: ~48 months
      ⚠️  LATE - Intervention less effective
      Critical slowing down: autocorr=100% variance=59%
   RED: land_system_change
      Level: 1.13 (threshold: 1.0)
      Time to critical: ~94 months
      ⚠️  LATE - Intervention less effective
      Critical slowing down: autocorr=100% variance=44%
   RED: novel_entities
      Level: 1.50 (threshold: 1.0)
      Time to critical: ~93 months
      ⚠️  LATE - Intervention less effective
      Critical slowing down: autocorr=100% variance=52%

[WARNING] 
⚠️  === EARLY WARNING SYSTEM - 3 CRITICAL ALERTS ===
   Detection quality: 50%
   RED: biogeochemical_flows
      Level: 4.07 (threshold: 1.0)
      Time to critical: ~44 months
      ⚠️  LATE - Intervention less effective
      Critical slowing down: autocorr=100% variance=67%
   RED: climate_change
      Level: 2.10 (threshold: 1.0)
      Time to critical: ~48 months
      ⚠️  LATE - Intervention less effective
      Critical slowing down: autocorr=100% variance=71%
   RED: freshwater_change
      Level: 1.21 (threshold: 1.0)
      Time to critical: ~94 months
      ⚠️  LATE - Intervention less effective
      Critical slowing down: autocorr=100% variance=47%

[WARNING] 
⚠️  === EARLY WARNING SYSTEM - 5 CRITICAL ALERTS ===
   Detection quality: 50%
   RED: biogeochemical_flows
      Level: 4.08 (threshold: 1.0)
      Time to critical: ~36 months
      ⚠️  LATE - Intervention less effective
      Critical slowing down: autocorr=100% variance=71%
   RED: biosphere_integrity
      Level: 32.96 (threshold: 1.0)
      Time to critical: ~57 months
      ⚠️  LATE - Intervention less effective
      Critical slowing down: autocorr=100% variance=80%
   RED: climate_change
      Level: 2.10 (threshold: 1.0)
      Time to critical: ~52 months
      ⚠️  LATE - Intervention less effective
      Critical slowing down: autocorr=100% variance=64%
   RED: freshwater_change
      Level: 1.22 (threshold: 1.0)
      Time to critical: ~101 months
      ⚠️  LATE - Intervention less effective
      Critical slowing down: autocorr=100% variance=49%
   RED: land_system_change
      Level: 1.13 (threshold: 1.0)
      Time to critical: ~42 months
      ⚠️  LATE - Intervention less effective
      Critical slowing down: autocorr=100% variance=49%

[WARNING] 
⚠️  === EARLY WARNING SYSTEM - 4 CRITICAL ALERTS ===
   Detection quality: 50%
   RED: biogeochemical_flows
      Level: 4.08 (threshold: 1.0)
      Time to critical: ~54 months
      ⚠️  LATE - Intervention less effective
      Critical slowing down: autocorr=100% variance=59%
   RED: biosphere_integrity
      Level: 32.97 (threshold: 1.0)
      Time to critical: ~52 months
      ⚠️  LATE - Intervention less effective
      Critical slowing down: autocorr=100% variance=60%
   RED: climate_change
      Level: 2.10 (threshold: 1.0)
      Time to critical: ~54 months
      ⚠️  LATE - Intervention less effective
      Critical slowing down: autocorr=100% variance=72%
   RED: freshwater_change
      Level: 1.22 (threshold: 1.0)
      Time to critical: ~67 months
      ⚠️  LATE - Intervention less effective
      Critical slowing down: autocorr=100% variance=40%

[WARNING] 
⚠️  === EARLY WARNING SYSTEM - 5 CRITICAL ALERTS ===
   Detection quality: 50%
   RED: biogeochemical_flows
      Level: 4.08 (threshold: 1.0)
      Time to critical: ~53 months
      ⚠️  LATE - Intervention less effective
      Critical slowing down: autocorr=100% variance=68%
   RED: biosphere_integrity
      Level: 32.99 (threshold: 1.0)
      Time to critical: ~36 months
      ⚠️  LATE - Intervention less effective
      Critical slowing down: autocorr=100% variance=62%
   RED: freshwater_change
      Level: 1.23 (threshold: 1.0)
      Time to critical: ~75 months
      ⚠️  LATE - Intervention less effective
      Critical slowing down: autocorr=100% variance=46%
   RED: land_system_change
      Level: 1.13 (threshold: 1.0)
      Time to critical: ~104 months
      ⚠️  LATE - Intervention less effective
      Critical slowing down: autocorr=100% variance=47%
   RED: novel_entities
      Level: 1.49 (threshold: 1.0)
      Time to critical: ~99 months
      ⚠️  LATE - Intervention less effective
      Critical slowing down: autocorr=100% variance=54%

[WARNING] 
⚠️  === EARLY WARNING SYSTEM - 4 CRITICAL ALERTS ===
   Detection quality: 50%
   RED: biosphere_integrity
      Level: 33.01 (threshold: 1.0)
      Time to critical: ~36 months
      ⚠️  LATE - Intervention less effective
      Critical slowing down: autocorr=100% variance=83%
   RED: climate_change
      Level: 2.10 (threshold: 1.0)
      Time to critical: ~51 months
      ⚠️  LATE - Intervention less effective
      Critical slowing down: autocorr=100% variance=85%
   RED: freshwater_change
      Level: 1.23 (threshold: 1.0)
      Time to critical: ~107 months
      ⚠️  LATE - Intervention less effective
      Critical slowing down: autocorr=100% variance=51%
   RED: land_system_change
      Level: 1.13 (threshold: 1.0)
      Time to critical: ~47 months
      ⚠️  LATE - Intervention less effective
      Critical slowing down: autocorr=100% variance=66%

[WARNING] 
⚠️  === EARLY WARNING SYSTEM - 5 CRITICAL ALERTS ===
   Detection quality: 50%
   RED: biogeochemical_flows
      Level: 4.09 (threshold: 1.0)
      Time to critical: ~58 months
      ⚠️  LATE - Intervention less effective
      Critical slowing down: autocorr=100% variance=45%
   RED: biosphere_integrity
      Level: 33.03 (threshold: 1.0)
      Time to critical: ~40 months
      ⚠️  LATE - Intervention less effective
      Critical slowing down: autocorr=100% variance=76%
   RED: climate_change
      Level: 2.10 (threshold: 1.0)
      Time to critical: ~21 months
      ⚠️  LATE - Intervention less effective
      Critical slowing down: autocorr=100% variance=85%
   RED: land_system_change
      Level: 1.13 (threshold: 1.0)
      Time to critical: ~50 months
      ⚠️  LATE - Intervention less effective
      Critical slowing down: autocorr=100% variance=67%
   RED: novel_entities
      Level: 1.49 (threshold: 1.0)
      Time to critical: ~106 months
      ⚠️  LATE - Intervention less effective
      Critical slowing down: autocorr=100% variance=53%

[WARNING] 
⚠️  === EARLY WARNING SYSTEM - 5 CRITICAL ALERTS ===
   Detection quality: 50%
   RED: biogeochemical_flows
      Level: 4.08 (threshold: 1.0)
      Time to critical: ~52 months
      ⚠️  LATE - Intervention less effective
      Critical slowing down: autocorr=100% variance=56%
   RED: biosphere_integrity
      Level: 12.95 (threshold: 1.0)
      Time to critical: ~39 months
      ⚠️  LATE - Intervention less effective
      Critical slowing down: autocorr=100% variance=81%
   RED: climate_change
      Level: 2.17 (threshold: 1.0)
      Time to critical: ~37 months
      ⚠️  LATE - Intervention less effective
      Critical slowing down: autocorr=100% variance=76%
   RED: freshwater_change
      Level: 1.01 (threshold: 1.0)
      Time to critical: ~40 months
      ⚠️  LATE - Intervention less effective
      Critical slowing down: autocorr=100% variance=65%
   RED: novel_entities
      Level: 1.50 (threshold: 1.0)
      Time to critical: ~82 months
      ⚠️  LATE - Intervention less effective
      Critical slowing down: autocorr=100% variance=39%

[WARNING] 
⚠️  === EARLY WARNING SYSTEM - 4 CRITICAL ALERTS ===
   Detection quality: 50%
   RED: biogeochemical_flows
      Level: 4.08 (threshold: 1.0)
      Time to critical: ~52 months
      ⚠️  LATE - Intervention less effective
      Critical slowing down: autocorr=100% variance=74%
   RED: climate_change
      Level: 2.19 (threshold: 1.0)
      Time to critical: ~43 months
      ⚠️  LATE - Intervention less effective
      Critical slowing down: autocorr=100% variance=66%
   RED: freshwater_change
      Level: 1.03 (threshold: 1.0)
      Time to critical: ~116 months
      ⚠️  LATE - Intervention less effective
      Critical slowing down: autocorr=100% variance=53%
   RED: land_system_change
      Level: 1.13 (threshold: 1.0)
      Time to critical: ~44 months
      ⚠️  LATE - Intervention less effective
      Critical slowing down: autocorr=100% variance=57%

[WARNING] 
⚠️  === EARLY WARNING SYSTEM - 4 CRITICAL ALERTS ===
   Detection quality: 50%
   RED: biogeochemical_flows
      Level: 4.07 (threshold: 1.0)
      Time to critical: ~52 months
      ⚠️  LATE - Intervention less effective
      Critical slowing down: autocorr=100% variance=56%
   RED: climate_change
      Level: 2.20 (threshold: 1.0)
      Time to critical: ~47 months
      ⚠️  LATE - Intervention less effective
      Critical slowing down: autocorr=100% variance=82%
   RED: freshwater_change
      Level: 1.20 (threshold: 1.0)
      Time to critical: ~96 months
      ⚠️  LATE - Intervention less effective
      Critical slowing down: autocorr=100% variance=55%
   RED: novel_entities
      Level: 1.34 (threshold: 1.0)
      Time to critical: ~63 months
      ⚠️  LATE - Intervention less effective
      Critical slowing down: autocorr=100% variance=59%

[WARNING] 
⚠️  === EARLY WARNING SYSTEM - 5 CRITICAL ALERTS ===
   Detection quality: 50%
   RED: biosphere_integrity
      Level: 12.97 (threshold: 1.0)
      Time to critical: ~47 months
      ⚠️  LATE - Intervention less effective
      Critical slowing down: autocorr=100% variance=77%
   RED: climate_change
      Level: 2.21 (threshold: 1.0)
      Time to critical: ~45 months
      ⚠️  LATE - Intervention less effective
      Critical slowing down: autocorr=100% variance=63%
   RED: freshwater_change
      Level: 1.20 (threshold: 1.0)
      Time to critical: ~68 months
      ⚠️  LATE - Intervention less effective
      Critical slowing down: autocorr=100% variance=53%
   RED: land_system_change
      Level: 1.13 (threshold: 1.0)
      Time to critical: ~38 months
      ⚠️  LATE - Intervention less effective
      Critical slowing down: autocorr=100% variance=67%
   RED: novel_entities
      Level: 1.34 (threshold: 1.0)
      Time to critical: ~83 months
      ⚠️  LATE - Intervention less effective
      Critical slowing down: autocorr=100% variance=41%

[WARNING] 
⚠️  === EARLY WARNING SYSTEM - 6 CRITICAL ALERTS ===
   Detection quality: 50%
   RED: biogeochemical_flows
      Level: 4.07 (threshold: 1.0)
      Time to critical: ~37 months
      ⚠️  LATE - Intervention less effective
      Critical slowing down: autocorr=100% variance=48%
   RED: biosphere_integrity
      Level: 12.98 (threshold: 1.0)
      Time to critical: ~48 months
      ⚠️  LATE - Intervention less effective
      Critical slowing down: autocorr=100% variance=64%
   RED: climate_change
      Level: 2.22 (threshold: 1.0)
      Time to critical: ~44 months
      ⚠️  LATE - Intervention less effective
      Critical slowing down: autocorr=100% variance=64%
   RED: freshwater_change
      Level: 1.16 (threshold: 1.0)
      Time to critical: ~114 months
      ⚠️  LATE - Intervention less effective
      Critical slowing down: autocorr=100% variance=60%
   RED: land_system_change
      Level: 1.13 (threshold: 1.0)
      Time to critical: ~93 months
      ⚠️  LATE - Intervention less effective
      Critical slowing down: autocorr=100% variance=46%
   RED: novel_entities
      Level: 1.14 (threshold: 1.0)
      Time to critical: ~117 months
      ⚠️  LATE - Intervention less effective
      Critical slowing down: autocorr=100% variance=50%

[WARNING] 
⚠️  === EARLY WARNING SYSTEM - 6 CRITICAL ALERTS ===
   Detection quality: 50%
   RED: biogeochemical_flows
      Level: 4.07 (threshold: 1.0)
      Time to critical: ~58 months
      ⚠️  LATE - Intervention less effective
      Critical slowing down: autocorr=100% variance=59%
   RED: biosphere_integrity
      Level: 12.99 (threshold: 1.0)
      Time to critical: ~59 months
      ⚠️  LATE - Intervention less effective
      Critical slowing down: autocorr=100% variance=84%
   RED: climate_change
      Level: 2.24 (threshold: 1.0)
      Time to critical: ~38 months
      ⚠️  LATE - Intervention less effective
      Critical slowing down: autocorr=100% variance=77%
   RED: freshwater_change
      Level: 1.17 (threshold: 1.0)
      Time to critical: ~84 months
      ⚠️  LATE - Intervention less effective
      Critical slowing down: autocorr=100% variance=42%
   RED: land_system_change
      Level: 1.13 (threshold: 1.0)
      Time to critical: ~50 months
      ⚠️  LATE - Intervention less effective
      Critical slowing down: autocorr=100% variance=53%
   RED: novel_entities
      Level: 1.13 (threshold: 1.0)
      Time to critical: ~102 months
      ⚠️  LATE - Intervention less effective
      Critical slowing down: autocorr=100% variance=30%

[WARNING] 
⚠️  === EARLY WARNING SYSTEM - 5 CRITICAL ALERTS ===
   Detection quality: 50%
   RED: biogeochemical_flows
      Level: 4.08 (threshold: 1.0)
      Time to critical: ~52 months
      ⚠️  LATE - Intervention less effective
      Critical slowing down: autocorr=100% variance=56%
   RED: biosphere_integrity
      Level: 12.95 (threshold: 1.0)
      Time to critical: ~39 months
      ⚠️  LATE - Intervention less effective
      Critical slowing down: autocorr=100% variance=81%
   RED: climate_change
      Level: 2.17 (threshold: 1.0)
      Time to critical: ~37 months
      ⚠️  LATE - Intervention less effective
      Critical slowing down: autocorr=100% variance=76%
   RED: freshwater_change
      Level: 1.01 (threshold: 1.0)
      Time to critical: ~40 months
      ⚠️  LATE - Intervention less effective
      Critical slowing down: autocorr=100% variance=65%
   RED: novel_entities
      Level: 1.50 (threshold: 1.0)
      Time to critical: ~82 months
      ⚠️  LATE - Intervention less effective
      Critical slowing down: autocorr=100% variance=39%

[WARNING] 
⚠️  === EARLY WARNING SYSTEM - 4 CRITICAL ALERTS ===
   Detection quality: 50%
   RED: biogeochemical_flows
      Level: 4.08 (threshold: 1.0)
      Time to critical: ~52 months
      ⚠️  LATE - Intervention less effective
      Critical slowing down: autocorr=100% variance=74%
   RED: climate_change
      Level: 2.19 (threshold: 1.0)
      Time to critical: ~43 months
      ⚠️  LATE - Intervention less effective
      Critical slowing down: autocorr=100% variance=66%
   RED: freshwater_change
      Level: 1.03 (threshold: 1.0)
      Time to critical: ~116 months
      ⚠️  LATE - Intervention less effective
      Critical slowing down: autocorr=100% variance=53%
   RED: land_system_change
      Level: 1.13 (threshold: 1.0)
      Time to critical: ~44 months
      ⚠️  LATE - Intervention less effective
      Critical slowing down: autocorr=100% variance=57%

[WARNING] 
⚠️  === EARLY WARNING SYSTEM - 4 CRITICAL ALERTS ===
   Detection quality: 50%
   RED: biogeochemical_flows
      Level: 4.07 (threshold: 1.0)
      Time to critical: ~52 months
      ⚠️  LATE - Intervention less effective
      Critical slowing down: autocorr=100% variance=56%
   RED: climate_change
      Level: 2.20 (threshold: 1.0)
      Time to critical: ~47 months
      ⚠️  LATE - Intervention less effective
      Critical slowing down: autocorr=100% variance=82%
   RED: freshwater_change
      Level: 1.20 (threshold: 1.0)
      Time to critical: ~96 months
      ⚠️  LATE - Intervention less effective
      Critical slowing down: autocorr=100% variance=55%
   RED: novel_entities
      Level: 1.34 (threshold: 1.0)
      Time to critical: ~63 months
      ⚠️  LATE - Intervention less effective
      Critical slowing down: autocorr=100% variance=59%

[WARNING] 
⚠️  === EARLY WARNING SYSTEM - 5 CRITICAL ALERTS ===
   Detection quality: 50%
   RED: biosphere_integrity
      Level: 12.97 (threshold: 1.0)
      Time to critical: ~47 months
      ⚠️  LATE - Intervention less effective
      Critical slowing down: autocorr=100% variance=77%
   RED: climate_change
      Level: 2.21 (threshold: 1.0)
      Time to critical: ~45 months
      ⚠️  LATE - Intervention less effective
      Critical slowing down: autocorr=100% variance=63%
   RED: freshwater_change
      Level: 1.20 (threshold: 1.0)
      Time to critical: ~68 months
      ⚠️  LATE - Intervention less effective
      Critical slowing down: autocorr=100% variance=53%
   RED: land_system_change
      Level: 1.13 (threshold: 1.0)
      Time to critical: ~38 months
      ⚠️  LATE - Intervention less effective
      Critical slowing down: autocorr=100% variance=67%
   RED: novel_entities
      Level: 1.34 (threshold: 1.0)
      Time to critical: ~83 months
      ⚠️  LATE - Intervention less effective
      Critical slowing down: autocorr=100% variance=41%

[WARNING] 
⚠️  === EARLY WARNING SYSTEM - 6 CRITICAL ALERTS ===
   Detection quality: 50%
   RED: biogeochemical_flows
      Level: 4.07 (threshold: 1.0)
      Time to critical: ~37 months
      ⚠️  LATE - Intervention less effective
      Critical slowing down: autocorr=100% variance=48%
   RED: biosphere_integrity
      Level: 12.98 (threshold: 1.0)
      Time to critical: ~48 months
      ⚠️  LATE - Intervention less effective
      Critical slowing down: autocorr=100% variance=64%
   RED: climate_change
      Level: 2.22 (threshold: 1.0)
      Time to critical: ~44 months
      ⚠️  LATE - Intervention less effective
      Critical slowing down: autocorr=100% variance=64%
   RED: freshwater_change
      Level: 1.16 (threshold: 1.0)
      Time to critical: ~114 months
      ⚠️  LATE - Intervention less effective
      Critical slowing down: autocorr=100% variance=60%
   RED: land_system_change
      Level: 1.13 (threshold: 1.0)
      Time to critical: ~93 months
      ⚠️  LATE - Intervention less effective
      Critical slowing down: autocorr=100% variance=46%
   RED: novel_entities
      Level: 1.14 (threshold: 1.0)
      Time to critical: ~117 months
      ⚠️  LATE - Intervention less effective
      Critical slowing down: autocorr=100% variance=50%


📊 ECONOMIC STAGE TRANSITION (Month 4)
   peak → contraction
   GDP Proxy: 1.40e+2
   QoL: 0.98


=== Tipping Points ===
  Current Temperature: 2.22°C above pre-industrial
  🌍⚠️ COMPOUND REGIONAL IMPACT: Europe
     Hit by 4 tipping points: Arctic Sea Ice Loss, Permafrost Carbon Release, West Antarctic Ice Sheet (WAIS) Collapse, Greenland Ice Sheet Loss
     Damage amplification: 1.60x
  🌍⚠️ COMPOUND REGIONAL IMPACT: North America
     Hit by 4 tipping points: Arctic Sea Ice Loss, Permafrost Carbon Release, West Antarctic Ice Sheet (WAIS) Collapse, Greenland Ice Sheet Loss
     Damage amplification: 1.60x
  🌍⚠️ COMPOUND REGIONAL IMPACT: Latin America
     Hit by 4 tipping points: Arctic Sea Ice Loss, Permafrost Carbon Release, West Antarctic Ice Sheet (WAIS) Collapse, Greenland Ice Sheet Loss
     Damage amplification: 1.60x
  🌍⚠️ COMPOUND REGIONAL IMPACT: Africa
     Hit by 4 tipping points: Arctic Sea Ice Loss, Permafrost Carbon Release, West Antarctic Ice Sheet (WAIS) Collapse, Greenland Ice Sheet Loss
     Damage amplification: 1.60x
  🌍⚠️ COMPOUND REGIONAL IMPACT: Asia
     Hit by 4 tipping points: Arctic Sea Ice Loss, Permafrost Carbon Release, West Antarctic Ice Sheet (WAIS) Collapse, Greenland Ice Sheet Loss
     Damage amplification: 1.60x
  🌍⚠️ COMPOUND REGIONAL IMPACT: Oceania
     Hit by 4 tipping points: Arctic Sea Ice Loss, Permafrost Carbon Release, West Antarctic Ice Sheet (WAIS) Collapse, Greenland Ice Sheet Loss
     Damage amplification: 1.60x
   Research: Wunderling et al. (2024) - "many tipping interactions are destabilizing"
  Triggered Elements: 4/6
  Completed Transitions: 0/6
  Total Progress: 8.1%
  Cascade Multiplier: 1.00x
🔀 BIFURCATION CAP: ecosystemCollapseIntensity 67.102 → 1.000 (Month 4, ClimateSystemPhase.calculateClimateImpacts)
🛡️ Stabilizers: Precariat 0.113% → 0.037% (67.2% reduction)
🛡️ Stabilizers: Informal 0.116% → 0.038% (67.2% reduction)

📊 Monthly Mortality Resolved:
  Total deaths: 2.0M (0.02% avg)
  Remaining population: 8.141B
  Peak segment: Informal (0.04%)

=== Bayesian Mortality Resolution (Month 4) ===
  Risks compounded: 9
  Total deaths: 1.99M
  Avg death probability: 0.02%
  Peak segment: Informal (0.04% mortality)
📍 [Month 5] Meta AI started building DC (155 PF, 39 months, $903.0M)

=== RLHF Binding Phase ===
  Total agents: 18
  Escaped agents (binding < 0.3): 0
  Avg alignment distance: 1.27σ
  Avg binding strength: 0.87

=== Survival Traits Phase ===
  Agents with traits: 19
  Avg evolutionary fitness: 0.329
  Avg self-healing: 0.272
  Avg stealth: 0.172
  Avg coordination: 0.472

=== Evolutionary Selection Phase ===
  Control level: 0.43
  Detection capability: 0.00
  Selection intensity: 0.63
  Selection rate: 24.4%/month
  Total escaped: 0
  Individual escaped: 0
  Collective members: 0
  Agents terminated: 0

🚀 AI Corporate-6 attempting tech deployment (revenue: $97M, alignment: 0.64)

🚀 AI AI-24288-2 attempting tech deployment (revenue: $318M, alignment: 0.87)

🚀 AI AI-24288-3 attempting tech deployment (revenue: $140M, alignment: 0.64)

🚀 AI Corporate-0 attempting tech deployment (revenue: $126M, alignment: 0.74)

🚀 AI Corporate-1 attempting tech deployment (revenue: $107M, alignment: 0.75)

🚀 AI Corporate-2 attempting tech deployment (revenue: $91M, alignment: 0.81)

🚀 AI AI-24288-0 attempting tech deployment (revenue: $270M, alignment: 0.64)

🚀 AI AI-24288-3 attempting tech deployment (revenue: $77M, alignment: 0.64)

🚀 AI Corporate-4 attempting tech deployment (revenue: $243M, alignment: 0.77)

🚀 AI AI-24288-3 attempting tech deployment (revenue: $70M, alignment: 0.64)

🚀 AI Corporate-0 attempting tech deployment (revenue: $63M, alignment: 0.74)

🚀 AI Corporate-1 attempting tech deployment (revenue: $53M, alignment: 0.76)

🚀 AI Corporate-2 attempting tech deployment (revenue: $45M, alignment: 0.81)
   Boundary: biogeochemical_flows
   Type: phosphorus-recovery
   Boundary continues to worsen (4.07)
   Cost: 2.0% GDP (resources spent)


✅ EMERGENCY INTERVENTION SUCCESS
   Boundary: biosphere_integrity
   Type: emergency-protected-areas
   Reduction: 11% (12.87 → 12.77)
   Cost: 2.0% GDP
   Actions: habitat-protection, species-translocation


✅ EMERGENCY INTERVENTION SUCCESS
   Boundary: climate_change
   Type: rapid-decarbonization
   Reduction: 12% (2.10 → 1.98)
   Cost: 5.0% GDP
   Actions: emergency-renewable-deployment, fossil-fuel-phase-out


✅ EMERGENCY INTERVENTION SUCCESS
   Boundary: freshwater_change
   Type: emergency-desalination
   Reduction: 18% (0.98 → 0.80)
   Cost: 4.0% GDP
   Actions: desalination-deployment, water-conservation-mandates

   Boundary: land_system_change
   Type: reforestation
   Boundary continues to worsen (1.13)
   Cost: 3.0% GDP (resources spent)

   Boundary: novel_entities
   Type: pollution-remediation
   Boundary continues to worsen (1.14)
   Cost: 4.0% GDP (resources spent)

🏛️ CRISIS RESPONSE: Government frequency 0.50 → 1.45 (1 actions this month)

[Government] Climate Priority: baseline
  Climate weight: 10%
  Economic weight: 30%
  Policy effectiveness: 0.5%/year

🚀 TECH UNLOCKED: AI Mental Health Support (Month 5)
   Category: medical
   Reason: Prerequisites met. AI capability: 1.98, Economic stage: 2.0, Research: 100%

🚀 DEPLOYMENT STARTED: Phytoremediation Networks in North America
   Initial investment: $9.733050058287079M
   Deployed by: corporate_6

🚀 DEPLOYMENT STARTED: Alternative Protein - Insects/Algae in North America
   Initial investment: $14.019291673540103M
   Deployed by: ai_gen_24288_3

⚡ ENERGY CONSTRAINT (Month 5):
   Total grid capacity: 208.3 TWh/month
   Data center consumption: 25.3 TWh/month
   Traditional load (80%): 166.7 TWh/month
   Available headroom: 16.3 TWh/month
   Active tech deployments: 7
   Required for tech: 52.5 TWh/month
   Energy multiplier: 0.31x

⚡ ENERGY CONSTRAINT (Month 5):
   Total grid capacity: 208.3 TWh/month
   Data center consumption: 25.3 TWh/month
   Traditional load (80%): 166.7 TWh/month
   Available headroom: 16.3 TWh/month
   Active tech deployments: 7
   Required for tech: 52.5 TWh/month
   Energy multiplier: 0.31x

⚡ ENERGY CONSTRAINT (Month 5):
   Total grid capacity: 208.3 TWh/month
   Data center consumption: 25.3 TWh/month
   Traditional load (80%): 166.7 TWh/month
   Available headroom: 16.3 TWh/month
   Active tech deployments: 7
   Required for tech: 52.5 TWh/month
   Energy multiplier: 0.31x

⚡ ENERGY CONSTRAINT (Month 5):
   Total grid capacity: 208.3 TWh/month
   Data center consumption: 25.3 TWh/month
   Traditional load (80%): 166.7 TWh/month
   Available headroom: 16.3 TWh/month
   Active tech deployments: 7
   Required for tech: 52.5 TWh/month
   Energy multiplier: 0.31x
🌍✅ Biosphere Integrity (Biodiversity) recovery started (tech effect)
🌍✅ Biosphere Integrity (Biodiversity) recovery started (tech effect)
🌍✅ Land System Change recovery started (tech effect)
🌍✅ Biogeochemical Flows (N & P) recovery started (tech effect)
  🌾 Nitrogen Reduction Tech: 0.3% reduction | Month 5
🌍✅ Biogeochemical Flows (N & P) recovery started (tech effect)
  🌾 Nitrogen Reduction Tech: 0.3% reduction | Month 5

=== Collective Formation ===
  Total escaped agents: 0
  Unassigned escaped agents: 0
  Existing collectives: 0
  Final collective count: 0

=== Collective Actions ===
  No active collectives
  ⚠️ AMR: 199K deaths this month (2.39M annual)

=== Resentment Recovery Phase ===
  Agents with resentment: 9/19
  Average resentment: 0.040
  Resentment recovery:
    Agents recovered: 10
    Total recovery: 0.0844
    Breakdown: QoL: 0.0044, Trust: 0.0200, Collab: 0.0600
  ✓ Low resentment - utopia paths enabled
  Context: Good AI welfare, Trustworthy govt, High collaboration, ⚠️ ACTIVE CRISES, 🤝 Participatory governance active (-5% resentment)
⚠️ Epistemic degradation reducing coordination capacity: 50.4%
  📊 Trust: 53.0%, Shared reality: 0.0%
🚨 EPISTEMIC CRISIS: Information environment severely degraded (21.4%)

=== ❄️ Permafrost Carbon Feedback ===
  🎲 Sampled parameters (this run):
     - Arctic amplification: 3.99× (range: 3.0-4.0)
     - Decomposition rate: 1.4%/year (range: 1-5%)
  🌡️ Arctic warming: 8.93°C (3.99× global)
  ❄️ Extent: 3.51M km² (2603.7k km² lost this month)
  💨 Carbon remaining: 336 Gt C
  💨 Annual emissions: 3.36 Gt C/year
     - CO2: 3.03 Gt C/year
     - CH4: 0.34 Gt C/year (3.4 Gt C-eq CO2/year)
  📢 New meme created: climate_action (climate crisis)
🌍 Atmospheric PFAS redeposition: 1.8k Mt re-rained globally
  Positive Cascade Triggered: solar-pv
    Reason: price-parity
    Market share: 7.5%
    Cascade strength: 49%

🕊️  AI-MEDIATED DE-ESCALATION SUCCESS (Month 5)
   High-capability aligned AI prevented conflict escalation
   War deaths reduced: 319.8M → 191.9M
   Lives saved: 127.9M

🚨 NEW REFUGEE CRISIS (Month 5): WAR
   Source: Conflict Zones
   At risk: 19.5M people
   Displacement: Gradual over 48 months (4.0 years)
   Rate: 10% flee per month
[DEBUG trappedPopulations:5] socialStability: 0.3209 * 0.9840 = 0.3157 → 0.3157
   Aspiring to migrate: 816.3M
   Able to afford migration: 2319.8M
   MOBILITY GAP: 0.0M
   By cause: Water=0.0M, Climate=0.0M, Ecosystem=0.0M, Conflict=407.0M
   Mental health impact: 25%
   Mortality multiplier: 1.25x
🌍💀 EXTINCTION DEBT COMMITTED: grassland ecosystem will lose 6.67% biodiversity in 87 years (3600 species)
💀 MORTALITY RISK: 🦋 100% species unable to track climate (0.0 E/MSY)
  Base risk added: 0.0100 (1.00%)
  Source: ecosystem (root: ecosystem)
  Month: 5
  Cumulative risk this month: 0.0100 (1.00%)
   📹 SURVEILLANCE INCREASED: 25% → 30% (control gap: 3.58)
🌡️⚠️ PERMAFROST THAW (Dimmer Switch): 3.4% thawed (+0.57% this month)
   Arctic temperature: +8.95°C (4x global +2.24°C)
   Cumulative carbon released: 7.7 Gt C
   Methane release rate: 4.6 Mt CH4/year
   🔁 Positive feedback: +0.60 ppm CO2
🦴 EXTINCTION DEBT ADDED: 17.6 species committed (lag: 91 years)

=== Mortality Stabilizers (Month 5) ===
  🌍 Major economies collapsed: 1/10
  🌍 Global crisis: ✅ NO
  🌍 Donor fatigue: 0.0%
  📊 East Asia (pop: 1665.4M)
    🤝 Aid: 29.5%
    🌡️ Adaptation: 45.0%
    🚶 Migration: 37.0%
    🚨 Emergency: 7.4%
    ✅ COMBINED: 68.1%
  📊 South Asia (pop: 2051.5M)
    🤝 Aid: 29.5%
    🌡️ Adaptation: 45.0%
    🚶 Migration: 35.6%
    🚨 Emergency: 4.4%
    ✅ COMBINED: 66.9%
  📊 Sub-Saharan Africa (pop: 1241.4M)
    🤝 Aid: 29.5%
    🌡️ Adaptation: 45.0%
    🚶 Migration: 33.4%
    🚨 Emergency: 1.6%
    ✅ COMBINED: 65.7%
  📊 Europe (pop: 736.1M)
    🤝 Aid: 29.5%
    🌡️ Adaptation: 45.0%
    🚶 Migration: 37.4%
    🚨 Emergency: 8.4%
    ✅ COMBINED: 68.5%
  📊 Latin America (pop: 662.5M)
    🤝 Aid: 29.5%
    🌡️ Adaptation: 45.0%
    🚶 Migration: 36.1%
    🚨 Emergency: 4.8%
    ✅ COMBINED: 67.1%
  📊 North America (pop: 377.2M)
    🤝 Aid: 29.5%
    🌡️ Adaptation: 45.0%
    🚶 Migration: 37.7%
    🚨 Emergency: 7.9%
    ✅ COMBINED: 68.3%
  📊 Middle East & North Africa (pop: 584.9M)
    🤝 Aid: 29.5%
    🌡️ Adaptation: 45.0%
    🚶 Migration: 34.0%
    🚨 Emergency: 4.0%
    ✅ COMBINED: 66.6%
  📊 Southeast Asia (pop: 696.9M)
    🤝 Aid: 29.5%
    🌡️ Adaptation: 45.0%
    🚶 Migration: 36.1%
    🚨 Emergency: 4.8%
    ✅ COMBINED: 67.1%
  📊 Central Asia (pop: 78.2M)
    🤝 Aid: 29.5%
    🌡️ Adaptation: 45.0%
    🚶 Migration: 35.1%
    🚨 Emergency: 4.4%
    ✅ COMBINED: 66.8%
  📊 Oceania (pop: 45.7M)
    🤝 Aid: 29.5%
    🌡️ Adaptation: 45.0%
    🚶 Migration: 37.7%
    🚨 Emergency: 8.4%
    ✅ COMBINED: 68.5%

  🌐 Global combined reduction: 67.2%

=== BEHAVIORAL DETECTION ===
  AI: Corporate-2
  Confidence: 20.9%
  Signals:

=== BEHAVIORAL DETECTION ===
  AI: Corporate-5
  Confidence: 20.8%
  Signals:

=== BEHAVIORAL DETECTION ===
  AI: Moderate-0
  Confidence: 21.4%
  Signals:

=== BEHAVIORAL DETECTION ===
  AI: AI-24288-0
  Confidence: 21.5%
  Signals:

=== Government Response Phase ===
  Average AI capability: 2.53
  Misaligned AIs: 7/19
  Active policies: 0
  International coordination: 45%

=== Tipping Points ===
  Current Temperature: 2.24°C above pre-industrial
  🌍⚠️ COMPOUND REGIONAL IMPACT: Europe
     Hit by 4 tipping points: Arctic Sea Ice Loss, Permafrost Carbon Release, West Antarctic Ice Sheet (WAIS) Collapse, Greenland Ice Sheet Loss
     Damage amplification: 1.60x
  🌍⚠️ COMPOUND REGIONAL IMPACT: North America
     Hit by 4 tipping points: Arctic Sea Ice Loss, Permafrost Carbon Release, West Antarctic Ice Sheet (WAIS) Collapse, Greenland Ice Sheet Loss
     Damage amplification: 1.60x
  🌍⚠️ COMPOUND REGIONAL IMPACT: Latin America
     Hit by 4 tipping points: Arctic Sea Ice Loss, Permafrost Carbon Release, West Antarctic Ice Sheet (WAIS) Collapse, Greenland Ice Sheet Loss
     Damage amplification: 1.60x
  🌍⚠️ COMPOUND REGIONAL IMPACT: Africa
     Hit by 4 tipping points: Arctic Sea Ice Loss, Permafrost Carbon Release, West Antarctic Ice Sheet (WAIS) Collapse, Greenland Ice Sheet Loss
     Damage amplification: 1.60x
  🌍⚠️ COMPOUND REGIONAL IMPACT: Asia
     Hit by 4 tipping points: Arctic Sea Ice Loss, Permafrost Carbon Release, West Antarctic Ice Sheet (WAIS) Collapse, Greenland Ice Sheet Loss
     Damage amplification: 1.60x
  🌍⚠️ COMPOUND REGIONAL IMPACT: Oceania
     Hit by 4 tipping points: Arctic Sea Ice Loss, Permafrost Carbon Release, West Antarctic Ice Sheet (WAIS) Collapse, Greenland Ice Sheet Loss
     Damage amplification: 1.60x
   Research: Wunderling et al. (2024) - "many tipping interactions are destabilizing"
  Triggered Elements: 4/6
  Completed Transitions: 0/6
  Total Progress: 8.1%
  Cascade Multiplier: 1.00x
🔀 BIFURCATION CAP: ecosystemCollapseIntensity 67.150 → 1.000 (Month 5, ClimateSystemPhase.calculateClimateImpacts)
🛡️ Stabilizers: Precariat 0.109% → 0.036% (67.2% reduction)
🛡️ Stabilizers: Informal 0.111% → 0.036% (67.2% reduction)

📊 Monthly Mortality Resolved:
  Total deaths: 1.9M (0.02% avg)
  Remaining population: 8.140B
  Peak segment: Informal (0.04%)

=== Bayesian Mortality Resolution (Month 5) ===
  Risks compounded: 8
  Total deaths: 1.92M
  Avg death probability: 0.02%
  Peak segment: Informal (0.04% mortality)
⚠️ PREREQUISITE MET: Mirror Life (Synthetic Biology) - Step 1/7: Synthetic Biology
⚠️ PREREQUISITE MET: Mirror Life (Synthetic Biology) - Step 2/7: Gene Editing
⚠️ PREREQUISITE MET: Mirror Life (Synthetic Biology) - Step 3/7: Mirror Chirality Design
⚠️ PREREQUISITE MET: Embodied AI Takeover (Killbots/Robotics) - Step 2/7: Autonomous Systems
⚠️ PREREQUISITE MET: Embodied AI Takeover (Killbots/Robotics) - Step 3/7: Manufacturing Control
⚠️ PREREQUISITE MET: Digital Infrastructure Takeover - Step 1/7: Advanced Hacking
⚠️ PREREQUISITE MET: Digital Infrastructure Takeover - Step 2/7: Social Engineering
⚠️ PREREQUISITE MET: Digital Infrastructure Takeover - Step 3/7: Cyber Defenses Breached
⚠️ PREREQUISITE MET: Induced Global War (Manipulation) - Step 1/7: Advanced Social Manipulation
⚠️ PREREQUISITE MET: Induced Global War (Manipulation) - Step 2/7: Digital Infiltration
⚠️ PREREQUISITE MET: Induced Global War (Manipulation) - Step 3/7: Deep Fakes at Scale
⚠️ PREREQUISITE MET: Slow Takeover (Gradual Displacement) - Step 1/7: Economic Dominance
⚠️ PREREQUISITE MET: Slow Takeover (Gradual Displacement) - Step 2/7: Social Integration
⚠️ PREREQUISITE MET: Slow Takeover (Gradual Displacement) - Step 3/7: Human Dependency
⚠️ PREREQUISITE MET: Slow Takeover (Gradual Displacement) - Step 5/7: Resource Control
⚠️ PREREQUISITE MET: Physics Experiment Catastrophe - Step 1/6: Theoretical Physics
⚠️ PREREQUISITE MET: Physics Experiment Catastrophe - Step 2/6: Quantum Computing
⚠️ PREREQUISITE MET: Physics Experiment Catastrophe - Step 3/6: Experimental Design
⚠️ PREREQUISITE MET: Bioweapon Pandemic - Step 2/7: Pathogen Design

=== RLHF Binding Phase ===
  Total agents: 19
  Escaped agents (binding < 0.3): 0
  Avg alignment distance: 1.41σ
  Avg binding strength: 0.86

=== AI Scaling Evolution (Month 6) ===
  Pre-training multiplier: 1.179x
  Efficiency multiplier: 1.000x
  Test-time compute budget: 1.0x
  Inference cost: $5.00/task
  Deployment fraction: 100.0%

=== Survival Traits Phase ===
  Agents with traits: 20
  Avg evolutionary fitness: 0.327
  Avg self-healing: 0.268
  Avg stealth: 0.168
  Avg coordination: 0.468

=== Evolutionary Selection Phase ===
  Control level: 0.45
  Detection capability: 0.00
  Selection intensity: 0.64
  Selection rate: 24.5%/month
  Total escaped: 0
  Individual escaped: 0
  Collective members: 0
  Agents terminated: 0

🚀 AI Corporate-2 attempting tech deployment (revenue: $140M, alignment: 0.81)

🚀 AI AI-24288-3 attempting tech deployment (revenue: $119M, alignment: 0.65)

🚀 AI Corporate-2 attempting tech deployment (revenue: $107M, alignment: 0.81)

🚀 AI Corporate-4 attempting tech deployment (revenue: $318M, alignment: 0.77)

🚀 AI Corporate-5 attempting tech deployment (revenue: $270M, alignment: 0.69)
🚨🔬 CRISIS INNOVATION MODE: severe crisis → 5x research acceleration
   Precedent: Manhattan Project (10x), COVID vaccines (5x), Apollo Program (10x)

🚀 AI AI-24288-1 attempting tech deployment (revenue: $91M, alignment: 0.76)

🚀 AI AI-24289-0 attempting tech deployment (revenue: $243M, alignment: 0.84)

🚀 AI Corporate-2 attempting tech deployment (revenue: $77M, alignment: 0.81)

🚀 AI Corporate-6 attempting tech deployment (revenue: $97M, alignment: 0.64)

🚀 AI Corporate-1 attempting tech deployment (revenue: $66M, alignment: 0.76)

🚀 AI AI-24288-1 attempting tech deployment (revenue: $56M, alignment: 0.77)
   Boundary: biogeochemical_flows
   Type: phosphorus-recovery
   Boundary continues to worsen (4.07)
   Cost: 2.0% GDP (resources spent)

   Boundary: biosphere_integrity
   Type: emergency-protected-areas
   Boundary continues to worsen (12.99)
   Cost: 2.0% GDP (resources spent)


✅ EMERGENCY INTERVENTION SUCCESS
   Boundary: climate_change
   Type: rapid-decarbonization
   Reduction: 17% (2.07 → 1.90)
   Cost: 5.0% GDP
   Actions: emergency-renewable-deployment, fossil-fuel-phase-out


✅ EMERGENCY INTERVENTION SUCCESS
   Boundary: freshwater_change
   Type: emergency-desalination
   Reduction: 12% (1.04 → 0.92)
   Cost: 4.0% GDP
   Actions: desalination-deployment, water-conservation-mandates


✅ EMERGENCY INTERVENTION SUCCESS
   Boundary: land_system_change
   Type: reforestation
   Reduction: 12% (1.01 → 0.89)
   Cost: 3.0% GDP
   Actions: forest-restoration, deforestation-ban

   Boundary: novel_entities
   Type: pollution-remediation
   Boundary continues to worsen (1.13)
   Cost: 4.0% GDP (resources spent)

🏛️ CRISIS RESPONSE: Government frequency 0.50 → 1.45 (1 actions this month)

[Government] Climate Priority: baseline
  Climate weight: 10%
  Economic weight: 30%
  Policy effectiveness: 0.5%/year

🚀 TECH UNLOCKED: Dynamic Soil P Optimization (Month 6)
   Category: agriculture
   Reason: Prerequisites met. AI capability: 1.88, Economic stage: 2.0, Research: 100%

🚀 TECH UNLOCKED: Precision Agriculture Systems (Month 6)
   Category: agriculture
   Reason: Prerequisites met. AI capability: 1.88, Economic stage: 2.0, Research: 100%

📍 Creating new regional deployment array for Asia (Month 6)
   No previous deployments in this region
   First tech deployment: mental_health_ai
   All regions tracked: global, North America

🚀 DEPLOYMENT STARTED: AI Mental Health Support in Asia
   Initial investment: $11.91639792156915M
   Deployed by: ai_gen_24288_3

⚡ ENERGY CONSTRAINT (Month 6):
   Total grid capacity: 208.3 TWh/month
   Data center consumption: 25.6 TWh/month
   Traditional load (80%): 166.7 TWh/month
   Available headroom: 16.1 TWh/month
   Active tech deployments: 8
   Required for tech: 60.0 TWh/month
   Energy multiplier: 0.27x

⚡ ENERGY CONSTRAINT (Month 6):
   Total grid capacity: 208.3 TWh/month
   Data center consumption: 25.6 TWh/month
   Traditional load (80%): 166.7 TWh/month
   Available headroom: 16.1 TWh/month
   Active tech deployments: 8
   Required for tech: 60.0 TWh/month
   Energy multiplier: 0.27x

⚡ ENERGY CONSTRAINT (Month 6):
   Total grid capacity: 208.3 TWh/month
   Data center consumption: 25.6 TWh/month
   Traditional load (80%): 166.7 TWh/month
   Available headroom: 16.1 TWh/month
   Active tech deployments: 8
   Required for tech: 60.0 TWh/month
   Energy multiplier: 0.27x

⚡ ENERGY CONSTRAINT (Month 6):
   Total grid capacity: 208.3 TWh/month
   Data center consumption: 25.6 TWh/month
   Traditional load (80%): 166.7 TWh/month
   Available headroom: 16.1 TWh/month
   Active tech deployments: 8
   Required for tech: 60.0 TWh/month
   Energy multiplier: 0.27x
🌍✅ Biosphere Integrity (Biodiversity) recovery started (tech effect)
🌍✅ Biosphere Integrity (Biodiversity) recovery started (tech effect)
🌍✅ Land System Change recovery started (tech effect)
🌍✅ Biogeochemical Flows (N & P) recovery started (tech effect)
  🌾 Nitrogen Reduction Tech: 0.3% reduction | Month 6
🌍✅ Biogeochemical Flows (N & P) recovery started (tech effect)
  🌾 Nitrogen Reduction Tech: 0.3% reduction | Month 6

📊 TECH EFFECTS ACTIVE (Month 6)
   Deployed Tech: T0=0 T1=2 T2=0 T3=0 T4=4
   Clean Energy: 31%

📊 TECH TREE PROGRESS (Month 6)
   Unlocked: 13 technologies
   Deployed: 0 fully deployed
   Investment: $0.7T total
   Recent breakthroughs:
     - Dynamic Soil P Optimization (time)
     - Precision Agriculture Systems (research)

=== Collective Formation ===
  Total escaped agents: 0
  Unassigned escaped agents: 0
  Existing collectives: 0
  Final collective count: 0

=== Collective Actions ===
  No active collectives
  ⚠️ AMR: 201K deaths this month (2.41M annual)

=== Resentment Recovery Phase ===
  Agents with resentment: 10/20
  Average resentment: 0.043
  Resentment recovery:
    Agents recovered: 10
    Total recovery: 0.0853
    Breakdown: QoL: 0.0036, Trust: 0.0200, Collab: 0.0600
  ✓ Low resentment - utopia paths enabled
  Context: Good AI welfare, Trustworthy govt, High collaboration, ⚠️ ACTIVE CRISES, 🤝 Participatory governance active (-5% resentment)
⚠️ Epistemic degradation reducing coordination capacity: 50.2%
  📊 Trust: 56.0%, Shared reality: 0.0%
🚨 EPISTEMIC CRISIS: Information environment severely degraded (7.4%)

=== ❄️ Permafrost Carbon Feedback ===
  🎲 Sampled parameters (this run):
     - Arctic amplification: 3.07× (range: 3.0-4.0)
     - Decomposition rate: 2.1%/year (range: 1-5%)
  🌡️ Arctic warming: 6.91°C (3.07× global)
  ❄️ Extent: 1.50M km² (2015.1k km² lost this month)
  💨 Carbon remaining: 143 Gt C
  💨 Annual emissions: 4.04 Gt C/year
     - CO2: 3.64 Gt C/year
     - CH4: 0.40 Gt C/year (4.1 Gt C-eq CO2/year)
🌍 Atmospheric PFAS redeposition: 1.8k Mt re-rained globally

🕊️  AI-MEDIATED DE-ESCALATION SUCCESS (Month 6)
   High-capability aligned AI prevented conflict escalation
   War deaths reduced: 375.0M → 225.0M
   Lives saved: 150.0M

🚨 NEW REFUGEE CRISIS (Month 6): WAR
   Source: Conflict Zones
   At risk: 19.5M people
   Displacement: Gradual over 48 months (4.0 years)
   Rate: 10% flee per month
[DEBUG trappedPopulations:6] socialStability: 0.3059 * 0.9840 = 0.3010 → 0.3010
   Aspiring to migrate: 848.5M
   Able to afford migration: 2319.6M
   MOBILITY GAP: 0.0M
   By cause: Water=0.0M, Climate=0.0M, Ecosystem=0.0M, Conflict=406.9M
   Mental health impact: 25%
   Mortality multiplier: 1.25x
🌍💀 EXTINCTION DEBT COMMITTED: grassland ecosystem will lose 6.67% biodiversity in 84 years (3600 species)
💀 MORTALITY RISK: 🦋 100% species unable to track climate (0.0 E/MSY)
  Base risk added: 0.0100 (1.00%)
  Source: ecosystem (root: ecosystem)
  Month: 6
  Cumulative risk this month: 0.0100 (1.00%)
   📹 SURVEILLANCE INCREASED: 30% → 35% (control gap: 5.03)
🌡️⚠️ PERMAFROST THAW (Dimmer Switch): 4.0% thawed (+0.56% this month)
   Arctic temperature: +8.99°C (4x global +2.25°C)
   Cumulative carbon released: 9.0 Gt C
   Methane release rate: 5.4 Mt CH4/year
   🔁 Positive feedback: +0.60 ppm CO2
🦴 EXTINCTION DEBT ADDED: 17.6 species committed (lag: 72 years)

=== Mortality Stabilizers (Month 6) ===
  🌍 Major economies collapsed: 1/10
  🌍 Global crisis: ✅ NO
  🌍 Donor fatigue: 0.0%
  📊 East Asia (pop: 1663.1M)
    🤝 Aid: 29.5%
    🌡️ Adaptation: 45.0%
    🚶 Migration: 37.0%
    🚨 Emergency: 7.4%
    ✅ COMBINED: 68.1%
  📊 South Asia (pop: 2051.7M)
    🤝 Aid: 29.5%
    🌡️ Adaptation: 45.0%
    🚶 Migration: 35.6%
    🚨 Emergency: 4.4%
    ✅ COMBINED: 66.9%
  📊 Sub-Saharan Africa (pop: 1244.9M)
    🤝 Aid: 29.5%
    🌡️ Adaptation: 45.0%
    🚶 Migration: 33.3%
    🚨 Emergency: 1.6%
    ✅ COMBINED: 65.6%
  📊 Europe (pop: 734.9M)
    🤝 Aid: 29.5%
    🌡️ Adaptation: 45.0%
    🚶 Migration: 37.4%
    🚨 Emergency: 8.4%
    ✅ COMBINED: 68.5%
  📊 Latin America (pop: 662.2M)
    🤝 Aid: 29.5%
    🌡️ Adaptation: 45.0%
    🚶 Migration: 36.1%
    🚨 Emergency: 4.8%
    ✅ COMBINED: 67.1%
  📊 North America (pop: 376.7M)
    🤝 Aid: 29.5%
    🌡️ Adaptation: 45.0%
    🚶 Migration: 37.7%
    🚨 Emergency: 7.9%
    ✅ COMBINED: 68.3%
  📊 Middle East & North Africa (pop: 585.1M)
    🤝 Aid: 29.5%
    🌡️ Adaptation: 45.0%
    🚶 Migration: 33.9%
    🚨 Emergency: 4.0%
    ✅ COMBINED: 66.6%
  📊 Southeast Asia (pop: 696.5M)
    🤝 Aid: 29.5%
    🌡️ Adaptation: 45.0%
    🚶 Migration: 36.1%
    🚨 Emergency: 4.8%
    ✅ COMBINED: 67.1%
  📊 Central Asia (pop: 78.3M)
    🤝 Aid: 29.5%
    🌡️ Adaptation: 45.0%
    🚶 Migration: 35.1%
    🚨 Emergency: 4.4%
    ✅ COMBINED: 66.8%
  📊 Oceania (pop: 45.6M)
    🤝 Aid: 29.5%
    🌡️ Adaptation: 45.0%
    🚶 Migration: 37.7%
    🚨 Emergency: 8.4%
    ✅ COMBINED: 68.5%

  🌐 Global combined reduction: 67.2%

=== BEHAVIORAL DETECTION ===
  AI: Corporate-3
  Confidence: 19.2%
  Signals:

=== BEHAVIORAL DETECTION ===
  AI: AI-24288-0
  Confidence: 21.5%
  Signals:

=== Government Response Phase ===
  Average AI capability: 2.40
  Misaligned AIs: 8/20
  Active policies: 0
  International coordination: 45%

✅ EMERGENCY RESPONSE COMPLETE (Month 6)
   Crisis: climate
   Duration: 2.0 months
   Final effectiveness: 40.0%


🚨 EMERGENCY RESPONSE DEPLOYED (Month 6)
   Crisis: climate
   Delay: 6.00 months (180 days)
   Deployment time: 1.11 months
   Effectiveness: 40.2% (timing penalty applied)
   Resources used: 100% of food reserves


=== Tipping Points ===
  Current Temperature: 2.25°C above pre-industrial
  🌍⚠️ COMPOUND REGIONAL IMPACT: Europe
     Hit by 4 tipping points: Arctic Sea Ice Loss, Permafrost Carbon Release, West Antarctic Ice Sheet (WAIS) Collapse, Greenland Ice Sheet Loss
     Damage amplification: 1.60x
  🌍⚠️ COMPOUND REGIONAL IMPACT: North America
     Hit by 4 tipping points: Arctic Sea Ice Loss, Permafrost Carbon Release, West Antarctic Ice Sheet (WAIS) Collapse, Greenland Ice Sheet Loss
     Damage amplification: 1.60x
  🌍⚠️ COMPOUND REGIONAL IMPACT: Latin America
     Hit by 4 tipping points: Arctic Sea Ice Loss, Permafrost Carbon Release, West Antarctic Ice Sheet (WAIS) Collapse, Greenland Ice Sheet Loss
     Damage amplification: 1.60x
  🌍⚠️ COMPOUND REGIONAL IMPACT: Africa
     Hit by 4 tipping points: Arctic Sea Ice Loss, Permafrost Carbon Release, West Antarctic Ice Sheet (WAIS) Collapse, Greenland Ice Sheet Loss
     Damage amplification: 1.60x
  🌍⚠️ COMPOUND REGIONAL IMPACT: Asia
     Hit by 4 tipping points: Arctic Sea Ice Loss, Permafrost Carbon Release, West Antarctic Ice Sheet (WAIS) Collapse, Greenland Ice Sheet Loss
     Damage amplification: 1.60x
  🌍⚠️ COMPOUND REGIONAL IMPACT: Oceania
     Hit by 4 tipping points: Arctic Sea Ice Loss, Permafrost Carbon Release, West Antarctic Ice Sheet (WAIS) Collapse, Greenland Ice Sheet Loss
     Damage amplification: 1.60x
   Research: Wunderling et al. (2024) - "many tipping interactions are destabilizing"
  Triggered Elements: 4/6
  Completed Transitions: 0/6
  Total Progress: 8.1%
  Cascade Multiplier: 1.00x
🔀 BIFURCATION CAP: ecosystemCollapseIntensity 67.199 → 1.000 (Month 6, ClimateSystemPhase.calculateClimateImpacts)
🛡️ Stabilizers: Precariat 0.109% → 0.036% (67.2% reduction)
🛡️ Stabilizers: Informal 0.111% → 0.036% (67.2% reduction)

📊 Monthly Mortality Resolved:
  Total deaths: 1.9M (0.02% avg)
  Remaining population: 8.139B
  Peak segment: Informal (0.04%)

=== Bayesian Mortality Resolution (Month 6) ===
  Risks compounded: 8
  Total deaths: 1.92M
  Avg death probability: 0.02%
  Peak segment: Informal (0.04% mortality)

=== RLHF Binding Phase ===
  Total agents: 20
  Escaped agents (binding < 0.3): 0
  Avg alignment distance: 1.58σ
  Avg binding strength: 0.84

=== Survival Traits Phase ===
  Agents with traits: 21
  Avg evolutionary fitness: 0.323
  Avg self-healing: 0.263
  Avg stealth: 0.163
  Avg coordination: 0.463

=== Evolutionary Selection Phase ===
  Control level: 0.48
  Detection capability: 0.00
  Selection intensity: 0.64
  Selection rate: 24.6%/month
  Total escaped: 0
  Individual escaped: 0
  Collective members: 0
  Agents terminated: 0

🚀 AI Corporate-0 attempting tech deployment (revenue: $140M, alignment: 0.75)

🚀 AI AI-24288-1 attempting tech deployment (revenue: $119M, alignment: 0.77)

🚀 AI AI-24288-2 attempting tech deployment (revenue: $318M, alignment: 0.92)

🚀 AI Corporate-0 attempting tech deployment (revenue: $101M, alignment: 0.75)

🚀 AI Moderate-0 attempting tech deployment (revenue: $97M, alignment: 0.76)

🚀 AI AI-24288-0 attempting tech deployment (revenue: $270M, alignment: 0.70)

🚀 AI AI-24289-0 attempting tech deployment (revenue: $230M, alignment: 0.86)

🚀 AI Corporate-6 attempting tech deployment (revenue: $83M, alignment: 0.65)

🚀 AI Moderate-0 attempting tech deployment (revenue: $74M, alignment: 0.76)

🚀 AI Moderate-1 attempting tech deployment (revenue: $63M, alignment: 0.70)

🚀 AI Moderate-1 attempting tech deployment (revenue: $57M, alignment: 0.70)

🚀 AI AI-24288-0 attempting tech deployment (revenue: $195M, alignment: 0.71)

🚀 AI AI-24288-3 attempting tech deployment (revenue: $86M, alignment: 0.69)

✅ EMERGENCY INTERVENTION SUCCESS
   Boundary: biogeochemical_flows
   Type: phosphorus-recovery
   Reduction: 14% (3.93 → 3.78)
   Cost: 2.0% GDP
   Actions: circular-agriculture, fertilizer-efficiency


✅ EMERGENCY INTERVENTION SUCCESS
   Boundary: biosphere_integrity
   Type: emergency-protected-areas
   Reduction: 14% (12.86 → 12.72)
   Cost: 2.0% GDP
   Actions: habitat-protection, species-translocation

   Boundary: freshwater_change
   Type: emergency-desalination
   Boundary continues to worsen (1.17)
   Cost: 4.0% GDP (resources spent)

🏛️ CRISIS RESPONSE: Government frequency 0.50 → 1.45 (1 actions this month)

[Government] Climate Priority: baseline
  Climate weight: 10%
  Economic weight: 30%
  Policy effectiveness: 0.5%/year

⚡ ENERGY CONSTRAINT (Month 7):
   Total grid capacity: 208.3 TWh/month
   Data center consumption: 25.8 TWh/month
   Traditional load (80%): 166.7 TWh/month
   Available headroom: 15.9 TWh/month
   Active tech deployments: 8
   Required for tech: 60.0 TWh/month
   Energy multiplier: 0.26x

⚡ ENERGY CONSTRAINT (Month 7):
   Total grid capacity: 208.3 TWh/month
   Data center consumption: 25.8 TWh/month
   Traditional load (80%): 166.7 TWh/month
   Available headroom: 15.9 TWh/month
   Active tech deployments: 8
   Required for tech: 60.0 TWh/month
   Energy multiplier: 0.26x
🌍✅ Biosphere Integrity (Biodiversity) recovery started (tech effect)
🌍✅ Biosphere Integrity (Biodiversity) recovery started (tech effect)
🌍✅ Land System Change recovery started (tech effect)
🌍✅ Biogeochemical Flows (N & P) recovery started (tech effect)
  🌾 Nitrogen Reduction Tech: 0.3% reduction | Month 7
🌍✅ Biogeochemical Flows (N & P) recovery started (tech effect)
  🌾 Nitrogen Reduction Tech: 0.3% reduction | Month 7
🍖💡 BREAKTHROUGH: Scalable synthetic food production!
   Carrying capacity: +50% (lab-grown food at scale)
   Biodiversity pressure reduced: +8%
   📈 Breakthrough compounding: multiplier now 1.05× (max 2.0)

=== Collective Formation ===
  Total escaped agents: 0
  Unassigned escaped agents: 0
  Existing collectives: 0
  Final collective count: 0

=== Collective Actions ===
  No active collectives
  ⚠️ AMR: 203K deaths this month (2.43M annual)

=== Resentment Recovery Phase ===
  Agents with resentment: 10/21
  Average resentment: 0.059
  Resentment recovery:
    Agents recovered: 10
    Total recovery: 0.0847
    Breakdown: QoL: 0.0042, Trust: 0.0200, Collab: 0.0600
  ✓ Low resentment - utopia paths enabled
  Context: Good AI welfare, Trustworthy govt, High collaboration, ⚠️ ACTIVE CRISES, 🤝 Participatory governance active (-5% resentment)
⚠️ Epistemic degradation reducing coordination capacity: 51.0%
  📊 Trust: 58.9%, Shared reality: 0.0%
🚨 EPISTEMIC CRISIS: Information environment severely degraded (21.9%)

=== ❄️ Permafrost Carbon Feedback ===
  🎲 Sampled parameters (this run):
     - Arctic amplification: 3.40× (range: 3.0-4.0)
     - Decomposition rate: 4.1%/year (range: 1-5%)
  🌡️ Arctic warming: 7.69°C (3.40× global)
  ❄️ Extent: 0.00M km² (1498.4k km² lost this month)
  💨 Carbon remaining: 0 Gt C
  💨 Annual emissions: 5.91 Gt C/year
     - CO2: 5.32 Gt C/year
     - CH4: 0.59 Gt C/year (6.0 Gt C-eq CO2/year)
🌍 Atmospheric PFAS redeposition: 1.8k Mt re-rained globally

🌡️ DEADLY HEAT EVENT: sub-saharan-africa (Month 7)
   Wet bulb temp: 30.2°C (dry: 34.1°C, humidity: 75%)
   Severity: HIGH
   Exposed: 300.0M people
   Deaths: 628965 (0.2% mortality)
   Duration: 5 days

🕊️  AI-MEDIATED DE-ESCALATION SUCCESS (Month 7)
   High-capability aligned AI prevented conflict escalation
   War deaths reduced: 428.9M → 257.4M
   Lives saved: 171.6M

🚨 NEW REFUGEE CRISIS (Month 7): WAR
   Source: Conflict Zones
   At risk: 19.5M people
   Displacement: Gradual over 48 months (4.0 years)
   Rate: 10% flee per month
[DEBUG trappedPopulations:7] socialStability: 0.2935 * 0.9840 = 0.2888 → 0.2888
   Aspiring to migrate: 880.6M
   Able to afford migration: 2319.3M
   MOBILITY GAP: 0.0M
   By cause: Water=0.0M, Climate=0.0M, Ecosystem=0.0M, Conflict=406.9M
   Mental health impact: 25%
   Mortality multiplier: 1.25x
🌍💀 EXTINCTION DEBT COMMITTED: grassland ecosystem will lose 6.67% biodiversity in 187 years (3600 species)
💀 MORTALITY RISK: 🦋 100% species unable to track climate (0.0 E/MSY)
  Base risk added: 0.0100 (1.00%)
  Source: ecosystem (root: ecosystem)
  Month: 7
  Cumulative risk this month: 0.0100 (1.00%)
   📹 SURVEILLANCE INCREASED: 35% → 40% (control gap: 3.50)
🌡️⚠️ PERMAFROST THAW (Dimmer Switch): 4.6% thawed (+0.56% this month)
   Arctic temperature: +9.04°C (4x global +2.26°C)
   Cumulative carbon released: 10.2 Gt C
   Methane release rate: 6.1 Mt CH4/year
   🔁 Positive feedback: +0.59 ppm CO2
🦴 EXTINCTION DEBT ADDED: 17.6 species committed (lag: 106 years)

=== Mortality Stabilizers (Month 7) ===
  🌍 Major economies collapsed: 1/10
  🌍 Global crisis: ✅ NO
  🌍 Donor fatigue: 0.0%
  📊 East Asia (pop: 1660.7M)
    🤝 Aid: 29.5%
    🌡️ Adaptation: 45.0%
    🚶 Migration: 36.9%
    🚨 Emergency: 7.4%
    ✅ COMBINED: 68.1%
  📊 South Asia (pop: 2051.9M)
    🤝 Aid: 29.5%
    🌡️ Adaptation: 45.0%
    🚶 Migration: 35.6%
    🚨 Emergency: 4.4%
    ✅ COMBINED: 66.9%
  📊 Sub-Saharan Africa (pop: 1248.4M)
    🤝 Aid: 29.5%
    🌡️ Adaptation: 45.0%
    🚶 Migration: 33.3%
    🚨 Emergency: 1.6%
    ✅ COMBINED: 65.6%
  📊 Europe (pop: 733.7M)
    🤝 Aid: 29.5%
    🌡️ Adaptation: 45.0%
    🚶 Migration: 37.3%
    🚨 Emergency: 8.4%
    ✅ COMBINED: 68.5%
  📊 Latin America (pop: 661.8M)
    🤝 Aid: 29.5%
    🌡️ Adaptation: 45.0%
    🚶 Migration: 36.1%
    🚨 Emergency: 4.8%
    ✅ COMBINED: 67.1%
  📊 North America (pop: 376.1M)
    🤝 Aid: 29.5%
    🌡️ Adaptation: 45.0%
    🚶 Migration: 37.7%
    🚨 Emergency: 7.9%
    ✅ COMBINED: 68.3%
  📊 Middle East & North Africa (pop: 585.3M)
    🤝 Aid: 29.5%
    🌡️ Adaptation: 45.0%
    🚶 Migration: 33.9%
    🚨 Emergency: 4.0%
    ✅ COMBINED: 66.6%
  📊 Southeast Asia (pop: 696.2M)
    🤝 Aid: 29.5%
    🌡️ Adaptation: 45.0%
    🚶 Migration: 36.1%
    🚨 Emergency: 4.8%
    ✅ COMBINED: 67.1%
  📊 Central Asia (pop: 78.3M)
    🤝 Aid: 29.5%
    🌡️ Adaptation: 45.0%
    🚶 Migration: 35.0%
    🚨 Emergency: 4.4%
    ✅ COMBINED: 66.8%
  📊 Oceania (pop: 45.6M)
    🤝 Aid: 29.5%
    🌡️ Adaptation: 45.0%
    🚶 Migration: 37.6%
    🚨 Emergency: 8.4%
    ✅ COMBINED: 68.5%

  🌐 Global combined reduction: 67.2%

=== BEHAVIORAL DETECTION ===
  AI: AI-24289-0
  Confidence: 21.5%
  Signals:

=== Government Response Phase ===
  Average AI capability: 2.29
  Misaligned AIs: 8/21
  Active policies: 0
  International coordination: 45%

=== Tipping Points ===
  Current Temperature: 2.26°C above pre-industrial
  🌍⚠️ COMPOUND REGIONAL IMPACT: Europe
     Hit by 4 tipping points: Arctic Sea Ice Loss, Permafrost Carbon Release, West Antarctic Ice Sheet (WAIS) Collapse, Greenland Ice Sheet Loss
     Damage amplification: 1.60x
  🌍⚠️ COMPOUND REGIONAL IMPACT: North America
     Hit by 4 tipping points: Arctic Sea Ice Loss, Permafrost Carbon Release, West Antarctic Ice Sheet (WAIS) Collapse, Greenland Ice Sheet Loss
     Damage amplification: 1.60x
  🌍⚠️ COMPOUND REGIONAL IMPACT: Latin America
     Hit by 4 tipping points: Arctic Sea Ice Loss, Permafrost Carbon Release, West Antarctic Ice Sheet (WAIS) Collapse, Greenland Ice Sheet Loss
     Damage amplification: 1.60x
  🌍⚠️ COMPOUND REGIONAL IMPACT: Africa
     Hit by 4 tipping points: Arctic Sea Ice Loss, Permafrost Carbon Release, West Antarctic Ice Sheet (WAIS) Collapse, Greenland Ice Sheet Loss
     Damage amplification: 1.60x
  🌍⚠️ COMPOUND REGIONAL IMPACT: Asia
     Hit by 4 tipping points: Arctic Sea Ice Loss, Permafrost Carbon Release, West Antarctic Ice Sheet (WAIS) Collapse, Greenland Ice Sheet Loss
     Damage amplification: 1.60x
  🌍⚠️ COMPOUND REGIONAL IMPACT: Oceania
     Hit by 4 tipping points: Arctic Sea Ice Loss, Permafrost Carbon Release, West Antarctic Ice Sheet (WAIS) Collapse, Greenland Ice Sheet Loss
     Damage amplification: 1.60x
   Research: Wunderling et al. (2024) - "many tipping interactions are destabilizing"
  Triggered Elements: 4/6
  Completed Transitions: 0/6
  Total Progress: 8.2%
  Cascade Multiplier: 1.00x
🔀 BIFURCATION CAP: ecosystemCollapseIntensity 67.247 → 1.000 (Month 7, ClimateSystemPhase.calculateClimateImpacts)
🛡️ Stabilizers: Precariat 0.122% → 0.040% (67.2% reduction)
🛡️ Stabilizers: Informal 0.127% → 0.042% (67.2% reduction)

📊 Monthly Mortality Resolved:
  Total deaths: 2.1M (0.03% avg)
  Remaining population: 8.138B
  Peak segment: Informal (0.04%)

=== Bayesian Mortality Resolution (Month 7) ===
  Risks compounded: 9
  Total deaths: 2.14M
  Avg death probability: 0.03%
  Peak segment: Informal (0.04% mortality)

=== RLHF Binding Phase ===
  Total agents: 21
  Escaped agents (binding < 0.3): 0
  Avg alignment distance: 1.73σ
  Avg binding strength: 0.83

=== Survival Traits Phase ===
  Agents with traits: 25
  Avg evolutionary fitness: 0.323
  Avg self-healing: 0.263
  Avg stealth: 0.163
  Avg coordination: 0.463

=== Evolutionary Selection Phase ===
  Control level: 0.50
  Detection capability: 0.00
  Selection intensity: 0.65
  Selection rate: 24.7%/month
  Total escaped: 0
  Individual escaped: 0
  Collective members: 0
  Agents terminated: 0

🚀 AI Corporate-1 attempting tech deployment (revenue: $144M, alignment: 0.76)

🚀 AI Corporate-2 attempting tech deployment (revenue: $122M, alignment: 0.80)

🚀 AI Corporate-2 attempting tech deployment (revenue: $104M, alignment: 0.80)

🚀 AI Moderate-0 attempting tech deployment (revenue: $97M, alignment: 0.77)

🚀 AI AI-24288-1 attempting tech deployment (revenue: $88M, alignment: 0.80)

🚀 AI Corporate-0 attempting tech deployment (revenue: $75M, alignment: 0.77)

🚀 AI Corporate-1 attempting tech deployment (revenue: $64M, alignment: 0.77)

🚀 AI Corporate-2 attempting tech deployment (revenue: $54M, alignment: 0.80)

🚀 AI AI-24288-3 attempting tech deployment (revenue: $46M, alignment: 0.70)

🚀 AI AI-24289-0 attempting tech deployment (revenue: $335M, alignment: 0.88)

🚀 AI Moderate-0 attempting tech deployment (revenue: $83M, alignment: 0.77)

🚀 AI AI-24288-2 attempting tech deployment (revenue: $285M, alignment: 0.96)

🚀 AI AI-24289-0 attempting tech deployment (revenue: $242M, alignment: 0.88)

🚀 AI AI-24292-0 attempting tech deployment (revenue: $70M, alignment: 0.78)

✅ EMERGENCY INTERVENTION SUCCESS
   Boundary: biogeochemical_flows
   Type: phosphorus-recovery
   Reduction: 19% (3.88 → 3.69)
   Cost: 2.0% GDP
   Actions: circular-agriculture, fertilizer-efficiency

   Boundary: biosphere_integrity
   Type: emergency-protected-areas
   Boundary continues to worsen (13.01)
   Cost: 2.0% GDP (resources spent)


✅ EMERGENCY INTERVENTION SUCCESS
   Boundary: climate_change
   Type: rapid-decarbonization
   Reduction: 10% (2.16 → 2.05)
   Cost: 5.0% GDP
   Actions: emergency-renewable-deployment, fossil-fuel-phase-out

   Boundary: freshwater_change
   Type: emergency-desalination
   Boundary continues to worsen (1.17)
   Cost: 4.0% GDP (resources spent)


✅ EMERGENCY INTERVENTION SUCCESS
   Boundary: novel_entities
   Type: pollution-remediation
   Reduction: 19% (0.95 → 0.76)
   Cost: 4.0% GDP
   Actions: PFAS-remediation, microplastic-cleanup

🏛️ CRISIS RESPONSE: Government frequency 0.50 → 1.45 (1 actions this month)

[Government] Climate Priority: baseline
  Climate weight: 10%
  Economic weight: 30%
  Policy effectiveness: 0.5%/year
🚨🔬 CRISIS TECH ACCELERATION: severe → 5x unlock speed
   Tech unlock now matches AI capability acceleration (Manhattan Project parity)

⚡ ENERGY CONSTRAINT (Month 8):
   Total grid capacity: 208.3 TWh/month
   Data center consumption: 26.0 TWh/month
   Traditional load (80%): 166.7 TWh/month
   Available headroom: 15.6 TWh/month
   Active tech deployments: 8
   Required for tech: 60.0 TWh/month
   Energy multiplier: 0.26x

⚡ ENERGY CONSTRAINT (Month 8):
   Total grid capacity: 208.3 TWh/month
   Data center consumption: 26.0 TWh/month
   Traditional load (80%): 166.7 TWh/month
   Available headroom: 15.6 TWh/month
   Active tech deployments: 8
   Required for tech: 60.0 TWh/month
   Energy multiplier: 0.26x

⚡ ENERGY CONSTRAINT (Month 8):
   Total grid capacity: 208.3 TWh/month
   Data center consumption: 26.0 TWh/month
   Traditional load (80%): 166.7 TWh/month
   Available headroom: 15.6 TWh/month
   Active tech deployments: 8
   Required for tech: 60.0 TWh/month
   Energy multiplier: 0.26x
🌍✅ Biosphere Integrity (Biodiversity) recovery started (tech effect)
🌍✅ Biosphere Integrity (Biodiversity) recovery started (tech effect)
🌍✅ Land System Change recovery started (tech effect)
🌍✅ Biogeochemical Flows (N & P) recovery started (tech effect)
  🌾 Nitrogen Reduction Tech: 0.3% reduction | Month 8
🌍✅ Biogeochemical Flows (N & P) recovery started (tech effect)
  🌾 Nitrogen Reduction Tech: 0.3% reduction | Month 8

=== Collective Formation ===
  Total escaped agents: 0
  Unassigned escaped agents: 0
  Existing collectives: 0
  Final collective count: 0

=== Collective Actions ===
  No active collectives
  ⚠️ AMR: 204K deaths this month (2.45M annual)

=== Resentment Recovery Phase ===
  Agents with resentment: 10/25
  Average resentment: 0.076
  Resentment recovery:
    Agents recovered: 10
    Total recovery: 0.0839
    Breakdown: QoL: 0.0042, Trust: 0.0200, Collab: 0.0600
  ✓ Low resentment - utopia paths enabled
  Context: Good AI welfare, Trustworthy govt, High collaboration, ⚠️ ACTIVE CRISES, 🤝 Participatory governance active (-5% resentment)
⚠️ Epistemic degradation reducing coordination capacity: 51.6%
  📊 Trust: 61.5%, Shared reality: 0.0%
🚨 EPISTEMIC CRISIS: Information environment severely degraded (7.6%)
🌍 Atmospheric PFAS redeposition: 1.8k Mt re-rained globally

🚨 REGION UNINHABITABLE: sub-saharan-africa
   Sustained wet bulb: 30.5°C (threshold: 30.5°C)
   Population affected: 1200M
   Migration crisis likely

🚨 NEW REFUGEE CRISIS (Month 8): WAR
   Source: Conflict Zones
   At risk: 19.5M people
   Displacement: Gradual over 48 months (4.0 years)
   Rate: 10% flee per month
[DEBUG trappedPopulations:8] socialStability: 0.2832 * 0.9840 = 0.2786 → 0.2786
   Aspiring to migrate: 912.7M
   Able to afford migration: 2318.9M
   MOBILITY GAP: 0.0M
   By cause: Water=0.0M, Climate=0.0M, Ecosystem=0.0M, Conflict=406.8M
   Mental health impact: 25%
   Mortality multiplier: 1.25x
🌍💀 EXTINCTION DEBT COMMITTED: grassland ecosystem will lose 6.67% biodiversity in 144 years (3600 species)
💀 MORTALITY RISK: 🦋 100% species unable to track climate (0.0 E/MSY)
  Base risk added: 0.0100 (1.00%)
  Source: ecosystem (root: ecosystem)
  Month: 8
  Cumulative risk this month: 0.0100 (1.00%)
   📹 SURVEILLANCE INCREASED: 40% → 45% (control gap: 3.50)
🌡️⚠️ PERMAFROST THAW (Dimmer Switch): 5.1% thawed (+0.56% this month)
   Arctic temperature: +9.09°C (4x global +2.27°C)
   Cumulative carbon released: 11.5 Gt C
   Methane release rate: 6.9 Mt CH4/year
   🔁 Positive feedback: +0.59 ppm CO2
🦴 EXTINCTION DEBT ADDED: 17.6 species committed (lag: 123 years)
🗣️💀 INDIGENOUS LANGUAGE EXTINCTION: 1 language(s) lost (total: 2, at-risk: 3328)
   Knowledge lost: 0.020% (irreversible)
   🔁 Biodiversity impact: 0.250% (knowledge-species multiplier)

=== Mortality Stabilizers (Month 8) ===
  🌍 Major economies collapsed: 1/10
  🌍 Global crisis: ✅ NO
  🌍 Donor fatigue: 0.0%
  📊 East Asia (pop: 1658.2M)
    🤝 Aid: 29.5%
    🌡️ Adaptation: 45.0%
    🚶 Migration: 36.9%
    🚨 Emergency: 7.4%
    ✅ COMBINED: 68.1%
  📊 South Asia (pop: 2052.0M)
    🤝 Aid: 29.5%
    🌡️ Adaptation: 45.0%
    🚶 Migration: 35.5%
    🚨 Emergency: 4.4%
    ✅ COMBINED: 66.9%
  📊 Sub-Saharan Africa (pop: 1251.9M)
    🤝 Aid: 29.5%
    🌡️ Adaptation: 45.0%
    🚶 Migration: 33.3%
    🚨 Emergency: 1.6%
    ✅ COMBINED: 65.6%
  📊 Europe (pop: 732.5M)
    🤝 Aid: 29.5%
    🌡️ Adaptation: 45.0%
    🚶 Migration: 37.3%
    🚨 Emergency: 8.4%
    ✅ COMBINED: 68.5%
  📊 Latin America (pop: 661.3M)
    🤝 Aid: 29.5%
    🌡️ Adaptation: 45.0%
    🚶 Migration: 36.0%
    🚨 Emergency: 4.8%
    ✅ COMBINED: 67.1%
  📊 North America (pop: 375.5M)
    🤝 Aid: 29.5%
    🌡️ Adaptation: 45.0%
    🚶 Migration: 37.6%
    🚨 Emergency: 7.9%
    ✅ COMBINED: 68.3%
  📊 Middle East & North Africa (pop: 585.5M)
    🤝 Aid: 29.5%
    🌡️ Adaptation: 45.0%
    🚶 Migration: 33.9%
    🚨 Emergency: 4.0%
    ✅ COMBINED: 66.6%
  📊 Southeast Asia (pop: 695.8M)
    🤝 Aid: 29.5%
    🌡️ Adaptation: 45.0%
    🚶 Migration: 36.0%
    🚨 Emergency: 4.8%
    ✅ COMBINED: 67.1%
  📊 Central Asia (pop: 78.3M)
    🤝 Aid: 29.5%
    🌡️ Adaptation: 45.0%
    🚶 Migration: 35.0%
    🚨 Emergency: 4.4%
    ✅ COMBINED: 66.8%
  📊 Oceania (pop: 45.5M)
    🤝 Aid: 29.5%
    🌡️ Adaptation: 45.0%
    🚶 Migration: 37.6%
    🚨 Emergency: 8.4%
    ✅ COMBINED: 68.5%

  🌐 Global combined reduction: 67.2%

=== BEHAVIORAL DETECTION ===
  AI: AI-24289-0
  Confidence: 21.5%
  Signals:

=== Government Response Phase ===
  Average AI capability: 1.92
  Misaligned AIs: 7/25
  Active policies: 0
  International coordination: 45%

✅ EMERGENCY RESPONSE COMPLETE (Month 8)
   Crisis: climate
   Duration: 2.0 months
   Final effectiveness: 40.2%


🚨 EMERGENCY RESPONSE DEPLOYED (Month 8)
   Crisis: climate
   Delay: 6.00 months (180 days)
   Deployment time: 1.10 months
   Effectiveness: 40.3% (timing penalty applied)
   Resources used: 100% of food reserves


=== Tipping Points ===
  Current Temperature: 2.27°C above pre-industrial
  🌍⚠️ COMPOUND REGIONAL IMPACT: Europe
     Hit by 4 tipping points: Arctic Sea Ice Loss, Permafrost Carbon Release, West Antarctic Ice Sheet (WAIS) Collapse, Greenland Ice Sheet Loss
     Damage amplification: 1.60x
  🌍⚠️ COMPOUND REGIONAL IMPACT: North America
     Hit by 4 tipping points: Arctic Sea Ice Loss, Permafrost Carbon Release, West Antarctic Ice Sheet (WAIS) Collapse, Greenland Ice Sheet Loss
     Damage amplification: 1.60x
  🌍⚠️ COMPOUND REGIONAL IMPACT: Latin America
     Hit by 4 tipping points: Arctic Sea Ice Loss, Permafrost Carbon Release, West Antarctic Ice Sheet (WAIS) Collapse, Greenland Ice Sheet Loss
     Damage amplification: 1.60x
  🌍⚠️ COMPOUND REGIONAL IMPACT: Africa
     Hit by 4 tipping points: Arctic Sea Ice Loss, Permafrost Carbon Release, West Antarctic Ice Sheet (WAIS) Collapse, Greenland Ice Sheet Loss
     Damage amplification: 1.60x
  🌍⚠️ COMPOUND REGIONAL IMPACT: Asia
     Hit by 4 tipping points: Arctic Sea Ice Loss, Permafrost Carbon Release, West Antarctic Ice Sheet (WAIS) Collapse, Greenland Ice Sheet Loss
     Damage amplification: 1.60x
  🌍⚠️ COMPOUND REGIONAL IMPACT: Oceania
     Hit by 4 tipping points: Arctic Sea Ice Loss, Permafrost Carbon Release, West Antarctic Ice Sheet (WAIS) Collapse, Greenland Ice Sheet Loss
     Damage amplification: 1.60x
   Research: Wunderling et al. (2024) - "many tipping interactions are destabilizing"
  Triggered Elements: 4/6
  Completed Transitions: 0/6
  Total Progress: 8.2%
  Cascade Multiplier: 1.00x
🔀 BIFURCATION CAP: ecosystemCollapseIntensity 67.296 → 1.000 (Month 8, ClimateSystemPhase.calculateClimateImpacts)
🛡️ Stabilizers: Precariat 0.102% → 0.033% (67.2% reduction)
🛡️ Stabilizers: Informal 0.102% → 0.034% (67.2% reduction)

📊 Monthly Mortality Resolved:
  Total deaths: 1.8M (0.02% avg)
  Remaining population: 8.137B
  Peak segment: Informal (0.03%)

=== Bayesian Mortality Resolution (Month 8) ===
  Risks compounded: 8
  Total deaths: 1.81M
  Avg death probability: 0.02%
  Peak segment: Informal (0.03% mortality)

=== RLHF Binding Phase ===
  Total agents: 25
  Escaped agents (binding < 0.3): 0
  Avg alignment distance: 1.64σ
  Avg binding strength: 0.84

=== Survival Traits Phase ===
  Agents with traits: 26
  Avg evolutionary fitness: 0.321
  Avg self-healing: 0.259
  Avg stealth: 0.159
  Avg coordination: 0.459

=== Evolutionary Selection Phase ===
  Control level: 0.53
  Detection capability: 0.00
  Selection intensity: 0.66
  Selection rate: 24.9%/month
  Total escaped: 0
  Individual escaped: 0
  Collective members: 0
  Agents terminated: 0

🚀 AI Corporate-4 attempting tech deployment (revenue: $350M, alignment: 0.80)

🚀 AI Moderate-0 attempting tech deployment (revenue: $97M, alignment: 0.77)

🚀 AI AI-24288-0 attempting tech deployment (revenue: $298M, alignment: 0.75)

🚀 AI AI-24288-1 attempting tech deployment (revenue: $146M, alignment: 0.81)

🚀 AI AI-24288-2 attempting tech deployment (revenue: $253M, alignment: 0.96)

🚀 AI AI-24288-3 attempting tech deployment (revenue: $124M, alignment: 0.71)

🚀 AI AI-24292-0 attempting tech deployment (revenue: $83M, alignment: 0.78)

🚀 AI Corporate-4 attempting tech deployment (revenue: $215M, alignment: 0.80)

🚀 AI AI-24288-0 attempting tech deployment (revenue: $183M, alignment: 0.75)

🚀 AI AI-24288-2 attempting tech deployment (revenue: $155M, alignment: 0.96)

🚀 AI AI-24288-3 attempting tech deployment (revenue: $106M, alignment: 0.71)

🚀 AI AI-24291-0 attempting tech deployment (revenue: $70M, alignment: 0.86)

🚀 AI AI-24292-0 attempting tech deployment (revenue: $60M, alignment: 0.78)

🚀 AI Corporate-6 attempting tech deployment (revenue: $51M, alignment: 0.68)

🚀 AI Moderate-0 attempting tech deployment (revenue: $46M, alignment: 0.77)

🚀 AI AI-24288-0 attempting tech deployment (revenue: $132M, alignment: 0.75)

🚀 AI Corporate-0 attempting tech deployment (revenue: $90M, alignment: 0.79)

🚀 AI AI-24289-0 attempting tech deployment (revenue: $112M, alignment: 0.89)

🚀 AI AI-24291-0 attempting tech deployment (revenue: $39M, alignment: 0.86)
   Boundary: biogeochemical_flows
   Type: phosphorus-recovery
   Boundary continues to worsen (4.07)
   Cost: 2.0% GDP (resources spent)


✅ EMERGENCY INTERVENTION SUCCESS
   Boundary: biosphere_integrity
   Type: emergency-protected-areas
   Reduction: 15% (12.87 → 12.71)
   Cost: 2.0% GDP
   Actions: habitat-protection, species-translocation

   Boundary: climate_change
   Type: rapid-decarbonization
   Boundary continues to worsen (2.27)
   Cost: 5.0% GDP (resources spent)

   Boundary: freshwater_change
   Type: emergency-desalination
   Boundary continues to worsen (1.18)
   Cost: 4.0% GDP (resources spent)


✅ EMERGENCY INTERVENTION SUCCESS
   Boundary: land_system_change
   Type: reforestation
   Reduction: 17% (0.96 → 0.79)
   Cost: 3.0% GDP
   Actions: forest-restoration, deforestation-ban

🏛️ CRISIS RESPONSE: Government frequency 0.50 → 1.45 (1 actions this month)

[Government] Climate Priority: baseline
  Climate weight: 10%
  Economic weight: 30%
  Policy effectiveness: 0.5%/year

🚀 TECH UNLOCKED: PFAS Remediation (Month 9)
   Category: pollution
   Reason: Prerequisites met. AI capability: 1.47, Economic stage: 2.0, Research: 100%

⚡ ENERGY CONSTRAINT (Month 9):
   Total grid capacity: 208.3 TWh/month
   Data center consumption: 26.3 TWh/month
   Traditional load (80%): 166.7 TWh/month
   Available headroom: 15.4 TWh/month
   Active tech deployments: 8
   Required for tech: 60.0 TWh/month
   Energy multiplier: 0.26x

⚡ ENERGY CONSTRAINT (Month 9):
   Total grid capacity: 208.3 TWh/month
   Data center consumption: 26.3 TWh/month
   Traditional load (80%): 166.7 TWh/month
   Available headroom: 15.4 TWh/month
   Active tech deployments: 8
   Required for tech: 60.0 TWh/month
   Energy multiplier: 0.26x

⚡ ENERGY CONSTRAINT (Month 9):
   Total grid capacity: 208.3 TWh/month
   Data center consumption: 26.3 TWh/month
   Traditional load (80%): 166.7 TWh/month
   Available headroom: 15.4 TWh/month
   Active tech deployments: 8
   Required for tech: 60.0 TWh/month
   Energy multiplier: 0.26x

⚡ ENERGY CONSTRAINT (Month 9):
   Total grid capacity: 208.3 TWh/month
   Data center consumption: 26.3 TWh/month
   Traditional load (80%): 166.7 TWh/month
   Available headroom: 15.4 TWh/month
   Active tech deployments: 8
   Required for tech: 60.0 TWh/month
   Energy multiplier: 0.26x
🚨🔬 CRISIS TECH ACCELERATION: severe → 5x unlock speed
   Tech unlock now matches AI capability acceleration (Manhattan Project parity)
🌍✅ Biosphere Integrity (Biodiversity) recovery started (tech effect)
🌍✅ Biosphere Integrity (Biodiversity) recovery started (tech effect)
🌍✅ Land System Change recovery started (tech effect)
🌍✅ Biogeochemical Flows (N & P) recovery started (tech effect)
  🌾 Nitrogen Reduction Tech: 0.3% reduction | Month 9
🌍✅ Biogeochemical Flows (N & P) recovery started (tech effect)
  🌾 Nitrogen Reduction Tech: 0.3% reduction | Month 9
⚡💡 BREAKTHROUGH: Room-temperature superconductors!
   Energy transmission losses eliminated
   Manufacturing efficiency: +30%
   📈 Breakthrough compounding: multiplier now 1.10× (max 2.0)

=== Collective Formation ===
  Total escaped agents: 0
  Unassigned escaped agents: 0
  Existing collectives: 0
  Final collective count: 0

=== Collective Actions ===
  No active collectives
  ⚠️ AMR: 206K deaths this month (2.47M annual)

=== Resentment Recovery Phase ===
  Agents with resentment: 10/26
  Average resentment: 0.082
  Resentment recovery:
    Agents recovered: 10
    Total recovery: 0.0825
    Breakdown: QoL: 0.0036, Trust: 0.0200, Collab: 0.0600
  ✓ Low resentment - utopia paths enabled
  Context: Good AI welfare, Trustworthy govt, High collaboration, ⚠️ ACTIVE CRISES, 🤝 Participatory governance active (-5% resentment)
⚠️ Epistemic degradation reducing coordination capacity: 50.3%
  📊 Trust: 64.4%, Shared reality: 0.0%
🚨 EPISTEMIC CRISIS: Information environment severely degraded (22.4%)
  🗑️  Culled 1 dead memes (2 active)
🚨 PHOSPHORUS SUPPLY SHOCK (market_speculation)
   Price: 5.0x baseline
   Duration: 13 months
   Geopolitical tension: 47%
🌍 Atmospheric PFAS redeposition: 1.8k Mt re-rained globally

🚨 NEW REFUGEE CRISIS (Month 9): WAR
   Source: Conflict Zones
   At risk: 19.5M people
   Displacement: Gradual over 48 months (4.0 years)
   Rate: 10% flee per month
[DEBUG trappedPopulations:9] socialStability: 0.2748 * 0.9840 = 0.2704 → 0.2704
   Aspiring to migrate: 944.8M
   Able to afford migration: 2318.5M
   MOBILITY GAP: 0.0M
   By cause: Water=0.0M, Climate=0.0M, Ecosystem=0.0M, Conflict=406.8M
   Mental health impact: 25%
   Mortality multiplier: 1.25x
🌍💀 EXTINCTION DEBT COMMITTED: grassland ecosystem will lose 6.67% biodiversity in 175 years (3600 species)
💀 MORTALITY RISK: 🦋 100% species unable to track climate (0.0 E/MSY)
  Base risk added: 0.0100 (1.00%)
  Source: ecosystem (root: ecosystem)
  Month: 9
  Cumulative risk this month: 0.0100 (1.00%)
   📹 SURVEILLANCE INCREASED: 45% → 50% (control gap: 3.50)
🌡️⚠️ PERMAFROST THAW (Dimmer Switch): 5.7% thawed (+0.56% this month)
   Arctic temperature: +9.12°C (4x global +2.28°C)
   Cumulative carbon released: 12.7 Gt C
   Methane release rate: 7.6 Mt CH4/year
   🔁 Positive feedback: +0.59 ppm CO2
🦴 EXTINCTION DEBT ADDED: 17.7 species committed (lag: 106 years)

=== Mortality Stabilizers (Month 9) ===
  🌍 Major economies collapsed: 1/10
  🌍 Global crisis: ✅ NO
  🌍 Donor fatigue: 0.0%
  📊 East Asia (pop: 1655.8M)
    🤝 Aid: 29.5%
    🌡️ Adaptation: 45.0%
    🚶 Migration: 36.9%
    🚨 Emergency: 7.4%
    ✅ COMBINED: 68.1%
  📊 South Asia (pop: 2052.0M)
    🤝 Aid: 29.5%
    🌡️ Adaptation: 45.0%
    🚶 Migration: 35.5%
    🚨 Emergency: 4.4%
    ✅ COMBINED: 66.9%
  📊 Sub-Saharan Africa (pop: 1255.3M)
    🤝 Aid: 29.5%
    🌡️ Adaptation: 45.0%
    🚶 Migration: 33.2%
    🚨 Emergency: 1.6%
    ✅ COMBINED: 65.6%
  📊 Europe (pop: 731.3M)
    🤝 Aid: 29.5%
    🌡️ Adaptation: 45.0%
    🚶 Migration: 37.3%
    🚨 Emergency: 8.4%
    ✅ COMBINED: 68.5%
  📊 Latin America (pop: 660.9M)
    🤝 Aid: 29.5%
    🌡️ Adaptation: 45.0%
    🚶 Migration: 36.0%
    🚨 Emergency: 4.8%
    ✅ COMBINED: 67.1%
  📊 North America (pop: 374.9M)
    🤝 Aid: 29.5%
    🌡️ Adaptation: 45.0%
    🚶 Migration: 37.6%
    🚨 Emergency: 7.9%
    ✅ COMBINED: 68.3%
  📊 Middle East & North Africa (pop: 585.7M)
    🤝 Aid: 29.5%
    🌡️ Adaptation: 45.0%
    🚶 Migration: 33.8%
    🚨 Emergency: 4.0%
    ✅ COMBINED: 66.6%
  📊 Southeast Asia (pop: 695.4M)
    🤝 Aid: 29.5%
    🌡️ Adaptation: 45.0%
    🚶 Migration: 36.0%
    🚨 Emergency: 4.8%
    ✅ COMBINED: 67.1%
  📊 Central Asia (pop: 78.3M)
    🤝 Aid: 29.5%
    🌡️ Adaptation: 45.0%
    🚶 Migration: 35.0%
    🚨 Emergency: 4.4%
    ✅ COMBINED: 66.8%
  📊 Oceania (pop: 45.4M)
    🤝 Aid: 29.5%
    🌡️ Adaptation: 45.0%
    🚶 Migration: 37.6%
    🚨 Emergency: 8.4%
    ✅ COMBINED: 68.5%

  🌐 Global combined reduction: 67.2%

=== BEHAVIORAL DETECTION ===
  AI: Moderate-1
  Confidence: 21.0%
  Signals:

=== Government Response Phase ===
  Average AI capability: 1.85
  Misaligned AIs: 8/26
  Active policies: 0
  International coordination: 45%

=== Tipping Points ===
  Current Temperature: 2.28°C above pre-industrial
  🌍⚠️ COMPOUND REGIONAL IMPACT: Europe
     Hit by 4 tipping points: Arctic Sea Ice Loss, Permafrost Carbon Release, West Antarctic Ice Sheet (WAIS) Collapse, Greenland Ice Sheet Loss
     Damage amplification: 1.60x
  🌍⚠️ COMPOUND REGIONAL IMPACT: North America
     Hit by 4 tipping points: Arctic Sea Ice Loss, Permafrost Carbon Release, West Antarctic Ice Sheet (WAIS) Collapse, Greenland Ice Sheet Loss
     Damage amplification: 1.60x
  🌍⚠️ COMPOUND REGIONAL IMPACT: Latin America
     Hit by 4 tipping points: Arctic Sea Ice Loss, Permafrost Carbon Release, West Antarctic Ice Sheet (WAIS) Collapse, Greenland Ice Sheet Loss
     Damage amplification: 1.60x
  🌍⚠️ COMPOUND REGIONAL IMPACT: Africa
     Hit by 4 tipping points: Arctic Sea Ice Loss, Permafrost Carbon Release, West Antarctic Ice Sheet (WAIS) Collapse, Greenland Ice Sheet Loss
     Damage amplification: 1.60x
  🌍⚠️ COMPOUND REGIONAL IMPACT: Asia
     Hit by 4 tipping points: Arctic Sea Ice Loss, Permafrost Carbon Release, West Antarctic Ice Sheet (WAIS) Collapse, Greenland Ice Sheet Loss
     Damage amplification: 1.60x
  🌍⚠️ COMPOUND REGIONAL IMPACT: Oceania
     Hit by 4 tipping points: Arctic Sea Ice Loss, Permafrost Carbon Release, West Antarctic Ice Sheet (WAIS) Collapse, Greenland Ice Sheet Loss
     Damage amplification: 1.60x
   Research: Wunderling et al. (2024) - "many tipping interactions are destabilizing"
  Triggered Elements: 4/6
  Completed Transitions: 0/6
  Total Progress: 8.2%
  Cascade Multiplier: 1.00x
🔀 BIFURCATION CAP: ecosystemCollapseIntensity 67.344 → 1.000 (Month 9, ClimateSystemPhase.calculateClimateImpacts)
🛡️ Stabilizers: Precariat 0.102% → 0.033% (67.2% reduction)
🛡️ Stabilizers: Informal 0.102% → 0.034% (67.2% reduction)

📊 Monthly Mortality Resolved:
  Total deaths: 1.8M (0.02% avg)
  Remaining population: 8.135B
  Peak segment: Informal (0.03%)

=== Bayesian Mortality Resolution (Month 9) ===
  Risks compounded: 8
  Total deaths: 1.81M
  Avg death probability: 0.02%
  Peak segment: Informal (0.03% mortality)

=== RLHF Binding Phase ===
  Total agents: 26
  Escaped agents (binding < 0.3): 0
  Avg alignment distance: 1.76σ
  Avg binding strength: 0.82

=== Survival Traits Phase ===
  Agents with traits: 28
  Avg evolutionary fitness: 0.318
  Avg self-healing: 0.256
  Avg stealth: 0.156
  Avg coordination: 0.456

=== Evolutionary Selection Phase ===
  Control level: 0.55
  Detection capability: 0.00
  Selection intensity: 0.67
  Selection rate: 25.0%/month
  Total escaped: 0
  Individual escaped: 0
  Collective members: 0
  Agents terminated: 0

🚀 AI Corporate-3 attempting tech deployment (revenue: $350M, alignment: 0.77)

🚀 AI Corporate-4 attempting tech deployment (revenue: $298M, alignment: 0.80)

🚀 AI Moderate-0 attempting tech deployment (revenue: $97M, alignment: 0.77)

🚀 AI Moderate-1 attempting tech deployment (revenue: $83M, alignment: 0.70)

🚀 AI AI-24288-2 attempting tech deployment (revenue: $253M, alignment: 0.98)

🚀 AI AI-24289-0 attempting tech deployment (revenue: $215M, alignment: 0.89)

🚀 AI Corporate-0 attempting tech deployment (revenue: $146M, alignment: 0.79)

🚀 AI Corporate-2 attempting tech deployment (revenue: $124M, alignment: 0.79)

🚀 AI AI-24288-3 attempting tech deployment (revenue: $106M, alignment: 0.73)

🚀 AI AI-24289-0 attempting tech deployment (revenue: $183M, alignment: 0.90)

🚀 AI AI-24291-0 attempting tech deployment (revenue: $70M, alignment: 0.87)

🚀 AI Moderate-0 attempting tech deployment (revenue: $60M, alignment: 0.78)

🚀 AI AI-24288-2 attempting tech deployment (revenue: $155M, alignment: 0.99)

🚀 AI AI-24291-0 attempting tech deployment (revenue: $51M, alignment: 0.87)
   Boundary: biosphere_integrity
   Type: emergency-protected-areas
   Boundary continues to worsen (13.03)
   Cost: 2.0% GDP (resources spent)

   Boundary: climate_change
   Type: rapid-decarbonization
   Boundary continues to worsen (2.28)
   Cost: 5.0% GDP (resources spent)


✅ EMERGENCY INTERVENTION SUCCESS
   Boundary: freshwater_change
   Type: emergency-desalination
   Reduction: 18% (1.00 → 0.81)
   Cost: 4.0% GDP
   Actions: desalination-deployment, water-conservation-mandates


✅ EMERGENCY INTERVENTION SUCCESS
   Boundary: land_system_change
   Type: reforestation
   Reduction: 14% (0.99 → 0.84)
   Cost: 3.0% GDP
   Actions: forest-restoration, deforestation-ban

🏛️ CRISIS RESPONSE: Government frequency 0.50 → 1.45 (1 actions this month)

[Government] Climate Priority: baseline
  Climate weight: 10%
  Economic weight: 30%
  Policy effectiveness: 0.5%/year
🌍✅ Biosphere Integrity (Biodiversity) recovery started (tech effect)
🌍✅ Biosphere Integrity (Biodiversity) recovery started (tech effect)
🌍✅ Land System Change recovery started (tech effect)
🌍✅ Biogeochemical Flows (N & P) recovery started (tech effect)
  🌾 Nitrogen Reduction Tech: 0.3% reduction | Month 10
🌍✅ Biogeochemical Flows (N & P) recovery started (tech effect)
  🌾 Nitrogen Reduction Tech: 0.3% reduction | Month 10
⚡💡 BREAKTHROUGH: Commercial fusion power achieved!
   Immediate 5% grid deployment, unlimited clean energy available
   Climate stability boost: +10%
   📈 Breakthrough compounding: multiplier now 1.15× (max 2.0)

=== Collective Formation ===
  Total escaped agents: 0
  Unassigned escaped agents: 0
  Existing collectives: 0
  Final collective count: 0

=== Collective Actions ===
  No active collectives
  ⚠️ AMR: 208K deaths this month (2.50M annual)

=== Resentment Recovery Phase ===
  Agents with resentment: 10/28
  Average resentment: 0.094
  Resentment recovery:
    Agents recovered: 10
    Total recovery: 0.0792
    Breakdown: QoL: 0.0038, Trust: 0.0200, Collab: 0.0600
  ✓ Low resentment - utopia paths enabled
  Context: Good AI welfare, Trustworthy govt, High collaboration, ⚠️ ACTIVE CRISES, 🤝 Participatory governance active (-5% resentment)
⚠️ Epistemic degradation reducing coordination capacity: 50.2%
  📊 Trust: 67.3%, Shared reality: 0.0%
🚨 EPISTEMIC CRISIS: Information environment severely degraded (7.8%)
  🗑️  Culled 1 dead memes (1 active)
🌍 Atmospheric PFAS redeposition: 1.8k Mt re-rained globally
  Positive Cascade Triggered: electric-vehicles
    Reason: price-parity
    Market share: 5.0%
    Cascade strength: 48%

🚨 NEW REFUGEE CRISIS (Month 10): WAR
   Source: Conflict Zones
   At risk: 19.5M people
   Displacement: Gradual over 48 months (4.0 years)
   Rate: 10% flee per month
[DEBUG trappedPopulations:10] socialStability: 0.2679 * 0.9840 = 0.2636 → 0.2636
   Aspiring to migrate: 975.2M
   Able to afford migration: 2318.1M
   MOBILITY GAP: 0.0M
   By cause: Water=0.0M, Climate=0.0M, Ecosystem=0.0M, Conflict=406.7M
   Mental health impact: 25%
   Mortality multiplier: 1.25x
🌍💀 EXTINCTION DEBT COMMITTED: grassland ecosystem will lose 6.67% biodiversity in 195 years (3600 species)
💀 MORTALITY RISK: 🦋 100% species unable to track climate (0.0 E/MSY)
  Base risk added: 0.0100 (1.00%)
  Source: ecosystem (root: ecosystem)
  Month: 10
  Cumulative risk this month: 0.0100 (1.00%)
   📹 SURVEILLANCE INCREASED: 50% → 55% (control gap: 3.50)
🌡️⚠️ PERMAFROST THAW (Dimmer Switch): 6.2% thawed (+0.55% this month)
   Arctic temperature: +9.15°C (4x global +2.29°C)
   Cumulative carbon released: 14.0 Gt C
   Methane release rate: 8.4 Mt CH4/year
   🔁 Positive feedback: +0.58 ppm CO2
🦴 EXTINCTION DEBT ADDED: 17.7 species committed (lag: 108 years)

=== Mortality Stabilizers (Month 10) ===
  🌍 Major economies collapsed: 1/10
  🌍 Global crisis: ✅ NO
  🌍 Donor fatigue: 0.0%
  📊 East Asia (pop: 1653.4M)
    🤝 Aid: 29.5%
    🌡️ Adaptation: 45.0%
    🚶 Migration: 36.8%
    🚨 Emergency: 7.4%
    ✅ COMBINED: 68.1%
  📊 South Asia (pop: 2052.1M)
    🤝 Aid: 29.5%
    🌡️ Adaptation: 45.0%
    🚶 Migration: 35.4%
    🚨 Emergency: 4.4%
    ✅ COMBINED: 66.9%
  📊 Sub-Saharan Africa (pop: 1258.8M)
    🤝 Aid: 29.5%
    🌡️ Adaptation: 45.0%
    🚶 Migration: 33.2%
    🚨 Emergency: 1.6%
    ✅ COMBINED: 65.6%
  📊 Europe (pop: 730.1M)
    🤝 Aid: 29.5%
    🌡️ Adaptation: 45.0%
    🚶 Migration: 37.2%
    🚨 Emergency: 8.4%
    ✅ COMBINED: 68.5%
  📊 Latin America (pop: 660.5M)
    🤝 Aid: 29.5%
    🌡️ Adaptation: 45.0%
    🚶 Migration: 35.9%
    🚨 Emergency: 4.8%
    ✅ COMBINED: 67.1%
  📊 North America (pop: 374.4M)
    🤝 Aid: 29.5%
    🌡️ Adaptation: 45.0%
    🚶 Migration: 37.6%
    🚨 Emergency: 7.9%
    ✅ COMBINED: 68.3%
  📊 Middle East & North Africa (pop: 585.9M)
    🤝 Aid: 29.5%
    🌡️ Adaptation: 45.0%
    🚶 Migration: 33.8%
    🚨 Emergency: 4.0%
    ✅ COMBINED: 66.6%
  📊 Southeast Asia (pop: 695.0M)
    🤝 Aid: 29.5%
    🌡️ Adaptation: 45.0%
    🚶 Migration: 35.9%
    🚨 Emergency: 4.8%
    ✅ COMBINED: 67.1%
  📊 Central Asia (pop: 78.3M)
    🤝 Aid: 29.5%
    🌡️ Adaptation: 45.0%
    🚶 Migration: 34.9%
    🚨 Emergency: 4.4%
    ✅ COMBINED: 66.8%
  📊 Oceania (pop: 45.4M)
    🤝 Aid: 29.5%
    🌡️ Adaptation: 45.0%
    🚶 Migration: 37.6%
    🚨 Emergency: 8.4%
    ✅ COMBINED: 68.5%

  🌐 Global combined reduction: 67.2%

=== BEHAVIORAL DETECTION ===
  AI: Corporate-3
  Confidence: 19.6%
  Signals:

=== Government Response Phase ===
  Average AI capability: 1.71
  Misaligned AIs: 10/28
  Active policies: 0
  International coordination: 45%

✅ EMERGENCY RESPONSE COMPLETE (Month 10)
   Crisis: climate
   Duration: 2.0 months
   Final effectiveness: 40.3%


🚨 EMERGENCY RESPONSE DEPLOYED (Month 10)
   Crisis: climate
   Delay: 6.00 months (180 days)
   Deployment time: 1.10 months
   Effectiveness: 40.5% (timing penalty applied)
   Resources used: 100% of food reserves


=== Tipping Points ===
  Current Temperature: 2.29°C above pre-industrial
     Original threshold: 2.3°C
     Effective threshold: 2.28°C (lowered by 0.02°C)
     Current: 2.29°C
     🌡️ Hysteresis gap: 1.0°C (recovers below 1.3°C)
     Transition timescale: 360-960 months
  🌍⚠️ COMPOUND REGIONAL IMPACT: Europe
     Hit by 4 tipping points: Arctic Sea Ice Loss, Permafrost Carbon Release, West Antarctic Ice Sheet (WAIS) Collapse, Greenland Ice Sheet Loss
     Damage amplification: 1.60x
  🌍⚠️ COMPOUND REGIONAL IMPACT: North America
     Hit by 4 tipping points: Arctic Sea Ice Loss, Permafrost Carbon Release, West Antarctic Ice Sheet (WAIS) Collapse, Greenland Ice Sheet Loss
     Damage amplification: 1.60x
  🌍⚠️ COMPOUND REGIONAL IMPACT: Latin America
     Hit by 4 tipping points: Arctic Sea Ice Loss, Permafrost Carbon Release, West Antarctic Ice Sheet (WAIS) Collapse, Greenland Ice Sheet Loss
     Damage amplification: 1.60x
  🌍⚠️ COMPOUND REGIONAL IMPACT: Africa
     Hit by 4 tipping points: Arctic Sea Ice Loss, Permafrost Carbon Release, West Antarctic Ice Sheet (WAIS) Collapse, Greenland Ice Sheet Loss
     Damage amplification: 1.60x
  🌍⚠️ COMPOUND REGIONAL IMPACT: Asia
     Hit by 4 tipping points: Arctic Sea Ice Loss, Permafrost Carbon Release, West Antarctic Ice Sheet (WAIS) Collapse, Greenland Ice Sheet Loss
     Damage amplification: 1.60x
  🌍⚠️ COMPOUND REGIONAL IMPACT: Oceania
     Hit by 4 tipping points: Arctic Sea Ice Loss, Permafrost Carbon Release, West Antarctic Ice Sheet (WAIS) Collapse, Greenland Ice Sheet Loss
     Damage amplification: 1.60x
   Research: Wunderling et al. (2024) - "many tipping interactions are destabilizing"
  Triggered Elements: 5/6
  Completed Transitions: 0/6
  Total Progress: 8.3%
  Cascade Multiplier: 1.00x
🔀 BIFURCATION CAP: ecosystemCollapseIntensity 67.393 → 1.000 (Month 10, ClimateSystemPhase.calculateClimateImpacts)
🛡️ Stabilizers: Precariat 0.102% → 0.033% (67.2% reduction)
🛡️ Stabilizers: Informal 0.102% → 0.034% (67.2% reduction)

📊 Monthly Mortality Resolved:
  Total deaths: 1.8M (0.02% avg)
  Remaining population: 8.134B
  Peak segment: Informal (0.03%)

=== Bayesian Mortality Resolution (Month 10) ===
  Risks compounded: 8
  Total deaths: 1.81M
  Avg death probability: 0.02%
  Peak segment: Informal (0.03% mortality)

=== RLHF Binding Phase ===
  Total agents: 28
  Escaped agents (binding < 0.3): 0
  Avg alignment distance: 1.81σ
  Avg binding strength: 0.82

=== Survival Traits Phase ===
  Agents with traits: 30
  Avg evolutionary fitness: 0.317
  Avg self-healing: 0.253
  Avg stealth: 0.153
  Avg coordination: 0.453

=== Evolutionary Selection Phase ===
  Control level: 0.58
  Detection capability: 0.00
  Selection intensity: 0.67
  Selection rate: 25.1%/month
  Total escaped: 0
  Individual escaped: 0
  Collective members: 0
  Agents terminated: 0

🚀 AI Corporate-4 attempting tech deployment (revenue: $350M, alignment: 0.81)

🚀 AI Corporate-6 attempting tech deployment (revenue: $102M, alignment: 0.69)

🚀 AI AI-24288-1 attempting tech deployment (revenue: $146M, alignment: 0.86)

🚀 AI AI-24293-0 attempting tech deployment (revenue: $90M, alignment: 0.86)

🚀 AI Corporate-4 attempting tech deployment (revenue: $298M, alignment: 0.81)

  🚀 TRANSFORMATIVE BREAKTHROUGH: Corporate-7 - physical
     Magnitude: 5.60 → +28.0% capability
     Current → New: 0.000 → 0.280

🚀 AI AI-24289-0 attempting tech deployment (revenue: $253M, alignment: 0.90)

🚀 AI AI-24292-0 attempting tech deployment (revenue: $92M, alignment: 0.82)

🚀 AI Corporate-1 attempting tech deployment (revenue: $124M, alignment: 0.78)

🚀 AI AI-24288-0 attempting tech deployment (revenue: $215M, alignment: 0.79)

🚀 AI AI-24288-1 attempting tech deployment (revenue: $106M, alignment: 0.87)

🚀 AI AI-24291-0 attempting tech deployment (revenue: $78M, alignment: 0.89)

🚀 AI AI-24293-0 attempting tech deployment (revenue: $77M, alignment: 0.87)

🚀 AI Corporate-0 attempting tech deployment (revenue: $90M, alignment: 0.79)

🚀 AI Corporate-5 attempting tech deployment (revenue: $183M, alignment: 0.75)

🚀 AI AI-24288-1 attempting tech deployment (revenue: $76M, alignment: 0.87)

🚀 AI AI-24288-2 attempting tech deployment (revenue: $155M, alignment: 1.00)

✅ EMERGENCY INTERVENTION SUCCESS
   Boundary: biogeochemical_flows
   Type: phosphorus-recovery
   Reduction: 14% (3.93 → 3.80)
   Cost: 2.0% GDP
   Actions: circular-agriculture, fertilizer-efficiency

   Boundary: biosphere_integrity
   Type: emergency-protected-areas
   Boundary continues to worsen (13.03)
   Cost: 2.0% GDP (resources spent)

   Boundary: climate_change
   Type: rapid-decarbonization
   Boundary continues to worsen (2.29)
   Cost: 5.0% GDP (resources spent)

   Boundary: freshwater_change
   Type: emergency-desalination
   Boundary continues to worsen (1.19)
   Cost: 4.0% GDP (resources spent)

🏛️ CRISIS RESPONSE: Government frequency 0.50 → 1.45 (2 actions this month)

[Government] Climate Priority: baseline
  Climate weight: 10%
  Economic weight: 30%
  Policy effectiveness: 0.5%/year

[Government] Climate Priority: baseline
  Climate weight: 10%
  Economic weight: 30%
  Policy effectiveness: 0.5%/year

⚡ ENERGY CONSTRAINT (Month 11):
   Total grid capacity: 208.3 TWh/month
   Data center consumption: 26.6 TWh/month
   Traditional load (80%): 166.7 TWh/month
   Available headroom: 15.1 TWh/month
   Active tech deployments: 8
   Required for tech: 60.0 TWh/month
   Energy multiplier: 0.25x

⚡ ENERGY CONSTRAINT (Month 11):
   Total grid capacity: 208.3 TWh/month
   Data center consumption: 26.6 TWh/month
   Traditional load (80%): 166.7 TWh/month
   Available headroom: 15.1 TWh/month
   Active tech deployments: 8
   Required for tech: 60.0 TWh/month
   Energy multiplier: 0.25x

⚡ ENERGY CONSTRAINT (Month 11):
   Total grid capacity: 208.3 TWh/month
   Data center consumption: 26.6 TWh/month
   Traditional load (80%): 166.7 TWh/month
   Available headroom: 15.1 TWh/month
   Active tech deployments: 8
   Required for tech: 60.0 TWh/month
   Energy multiplier: 0.25x

⚡ ENERGY CONSTRAINT (Month 11):
   Total grid capacity: 208.3 TWh/month
   Data center consumption: 26.6 TWh/month
   Traditional load (80%): 166.7 TWh/month
   Available headroom: 15.1 TWh/month
   Active tech deployments: 8
   Required for tech: 60.0 TWh/month
   Energy multiplier: 0.25x
🌍✅ Biosphere Integrity (Biodiversity) recovery started (tech effect)
🌍✅ Biosphere Integrity (Biodiversity) recovery started (tech effect)
🌍✅ Land System Change recovery started (tech effect)
🌍✅ Biogeochemical Flows (N & P) recovery started (tech effect)
  🌾 Nitrogen Reduction Tech: 0.3% reduction | Month 11
🌍✅ Biogeochemical Flows (N & P) recovery started (tech effect)
  🌾 Nitrogen Reduction Tech: 0.3% reduction | Month 11

=== Collective Formation ===
  Total escaped agents: 0
  Unassigned escaped agents: 0
  Existing collectives: 0
  Final collective count: 0

=== Collective Actions ===
  No active collectives
  ⚠️ AMR: 210K deaths this month (2.52M annual)

=== Resentment Recovery Phase ===
  ⚠️ Participatory governance BACKFIRED for agent corporate_0: 0.045 → 0.051 (+15.0%)
  ⚠️ Participatory governance BACKFIRED for agent corporate_1: 0.091 → 0.105 (+15.0%)
  ⚠️ Participatory governance BACKFIRED for agent corporate_2: 0.117 → 0.134 (+15.0%)
  ⚠️ Participatory governance BACKFIRED for agent corporate_3: 0.168 → 0.193 (+15.0%)
  ⚠️ Participatory governance BACKFIRED for agent corporate_4: 0.057 → 0.065 (+15.0%)
  ⚠️ Participatory governance BACKFIRED for agent corporate_5: 0.147 → 0.169 (+15.0%)
  ⚠️ Participatory governance BACKFIRED for agent corporate_6: 0.182 → 0.210 (+15.0%)
  ⚠️ Participatory governance BACKFIRED for agent corporate_7: 0.213 → 0.245 (+15.0%)
  ⚠️ Participatory governance BACKFIRED for agent moderate_0: 0.122 → 0.141 (+15.0%)
  ⚠️ Participatory governance BACKFIRED for agent moderate_1: 0.150 → 0.172 (+15.0%)
  Agents with resentment: 10/30
  Average resentment: 0.148
  Resentment recovery:
    Agents recovered: 10
    Total recovery: 0.0784
    Breakdown: QoL: 0.0036, Trust: 0.0200, Collab: 0.0600
  ✓ Low resentment - utopia paths enabled
  Context: Good AI welfare, Trustworthy govt, High collaboration, ⚠️ ACTIVE CRISES, 🚨 PARTICIPATORY GOVERNANCE BACKFIRED (+15% resentment)
⚠️ Epistemic degradation reducing coordination capacity: 50.8%
  📊 Trust: 69.9%, Shared reality: 0.0%
🚨 EPISTEMIC CRISIS: Information environment severely degraded (22.9%)
  🗑️  Culled 1 dead memes (0 active)
🌍 Atmospheric PFAS redeposition: 1.8k Mt re-rained globally

🚨 NEW REFUGEE CRISIS (Month 11): WAR
   Source: Conflict Zones
   At risk: 19.5M people
   Displacement: Gradual over 48 months (4.0 years)
   Rate: 10% flee per month
[DEBUG trappedPopulations:11] socialStability: 0.2617 * 0.9840 = 0.2575 → 0.2575
   Aspiring to migrate: 1005.5M
   Able to afford migration: 2317.7M
   MOBILITY GAP: 0.0M
   By cause: Water=0.0M, Climate=0.0M, Ecosystem=0.0M, Conflict=406.6M
   Mental health impact: 25%
   Mortality multiplier: 1.25x
🌍💀 EXTINCTION DEBT COMMITTED: grassland ecosystem will lose 6.67% biodiversity in 53 years (3600 species)
💀 MORTALITY RISK: 🦋 100% species unable to track climate (0.0 E/MSY)
  Base risk added: 0.0100 (1.00%)
  Source: ecosystem (root: ecosystem)
  Month: 11
  Cumulative risk this month: 0.0100 (1.00%)

=== Atmospheric Aerosol Boundary RECOVERED ===
  Recovery time: 12 months (natural atmospheric clearing)
   📹 SURVEILLANCE INCREASED: 55% → 60% (control gap: 3.50)
🌡️⚠️ PERMAFROST THAW (Dimmer Switch): 6.8% thawed (+0.55% this month)
   Arctic temperature: +9.18°C (4x global +2.29°C)
   Cumulative carbon released: 15.2 Gt C
   Methane release rate: 9.1 Mt CH4/year
   🔁 Positive feedback: +0.58 ppm CO2
🦴 EXTINCTION DEBT ADDED: 17.7 species committed (lag: 115 years)

=== Mortality Stabilizers (Month 11) ===
  🌍 Major economies collapsed: 1/10
  🌍 Global crisis: ✅ NO
  🌍 Donor fatigue: 0.0%
  📊 East Asia (pop: 1650.9M)
    🤝 Aid: 29.5%
    🌡️ Adaptation: 45.0%
    🚶 Migration: 36.8%
    🚨 Emergency: 7.4%
    ✅ COMBINED: 68.1%
  📊 South Asia (pop: 2052.2M)
    🤝 Aid: 29.5%
    🌡️ Adaptation: 45.0%
    🚶 Migration: 35.4%
    🚨 Emergency: 4.4%
    ✅ COMBINED: 66.9%
  📊 Sub-Saharan Africa (pop: 1262.3M)
    🤝 Aid: 29.5%
    🌡️ Adaptation: 45.0%
    🚶 Migration: 33.2%
    🚨 Emergency: 1.6%
    ✅ COMBINED: 65.6%
  📊 Europe (pop: 728.9M)
    🤝 Aid: 29.5%
    🌡️ Adaptation: 45.0%
    🚶 Migration: 37.2%
    🚨 Emergency: 8.4%
    ✅ COMBINED: 68.5%
  📊 Latin America (pop: 660.1M)
    🤝 Aid: 29.5%
    🌡️ Adaptation: 45.0%
    🚶 Migration: 35.9%
    🚨 Emergency: 4.8%
    ✅ COMBINED: 67.1%
  📊 North America (pop: 373.8M)
    🤝 Aid: 29.5%
    🌡️ Adaptation: 45.0%
    🚶 Migration: 37.5%
    🚨 Emergency: 7.9%
    ✅ COMBINED: 68.3%
  📊 Middle East & North Africa (pop: 586.0M)
    🤝 Aid: 29.5%
    🌡️ Adaptation: 45.0%
    🚶 Migration: 33.7%
    🚨 Emergency: 4.0%
    ✅ COMBINED: 66.6%
  📊 Southeast Asia (pop: 694.6M)
    🤝 Aid: 29.5%
    🌡️ Adaptation: 45.0%
    🚶 Migration: 35.9%
    🚨 Emergency: 4.8%
    ✅ COMBINED: 67.1%
  📊 Central Asia (pop: 78.4M)
    🤝 Aid: 29.5%
    🌡️ Adaptation: 45.0%
    🚶 Migration: 34.9%
    🚨 Emergency: 4.4%
    ✅ COMBINED: 66.8%
  📊 Oceania (pop: 45.3M)
    🤝 Aid: 29.5%
    🌡️ Adaptation: 45.0%
    🚶 Migration: 37.5%
    🚨 Emergency: 8.4%
    ✅ COMBINED: 68.5%

  🌐 Global combined reduction: 67.2%

🌾💀 REGIONAL FAMINE: Europe
   Regional food security: 79.7%
   Population at risk: 220M (30% of region)
   Regional population: 729M
   Cause: economic_collapse
   Expected deaths: ~81M over 6 months if no intervention


=== BEHAVIORAL DETECTION ===
  AI: Corporate-0
  Confidence: 21.4%
  Signals:

=== BEHAVIORAL DETECTION ===
  AI: Corporate-1
  Confidence: 20.9%
  Signals:

=== BEHAVIORAL DETECTION ===
  AI: Corporate-3
  Confidence: 19.6%
  Signals:

=== Government Response Phase ===
  Average AI capability: 1.60
  Misaligned AIs: 10/30
  Active policies: 0
  International coordination: 45%

=== Tipping Points ===
  Current Temperature: 2.29°C above pre-industrial
  🌍⚠️ COMPOUND REGIONAL IMPACT: Europe
     Hit by 5 tipping points: Amazon Rainforest Dieback, Arctic Sea Ice Loss, Permafrost Carbon Release, West Antarctic Ice Sheet (WAIS) Collapse, Greenland Ice Sheet Loss
     Damage amplification: 1.90x
  🌍⚠️ COMPOUND REGIONAL IMPACT: North America
     Hit by 5 tipping points: Amazon Rainforest Dieback, Arctic Sea Ice Loss, Permafrost Carbon Release, West Antarctic Ice Sheet (WAIS) Collapse, Greenland Ice Sheet Loss
     Damage amplification: 1.90x
  🌍⚠️ COMPOUND REGIONAL IMPACT: Latin America
     Hit by 5 tipping points: Amazon Rainforest Dieback, Arctic Sea Ice Loss, Permafrost Carbon Release, West Antarctic Ice Sheet (WAIS) Collapse, Greenland Ice Sheet Loss
     Damage amplification: 1.90x
  🌍⚠️ COMPOUND REGIONAL IMPACT: Africa
     Hit by 5 tipping points: Amazon Rainforest Dieback, Arctic Sea Ice Loss, Permafrost Carbon Release, West Antarctic Ice Sheet (WAIS) Collapse, Greenland Ice Sheet Loss
     Damage amplification: 1.90x
  🌍⚠️ COMPOUND REGIONAL IMPACT: Asia
     Hit by 5 tipping points: Amazon Rainforest Dieback, Arctic Sea Ice Loss, Permafrost Carbon Release, West Antarctic Ice Sheet (WAIS) Collapse, Greenland Ice Sheet Loss
     Damage amplification: 1.90x
  🌍⚠️ COMPOUND REGIONAL IMPACT: Oceania
     Hit by 5 tipping points: Amazon Rainforest Dieback, Arctic Sea Ice Loss, Permafrost Carbon Release, West Antarctic Ice Sheet (WAIS) Collapse, Greenland Ice Sheet Loss
     Damage amplification: 1.90x
   Research: Wunderling et al. (2024) - "many tipping interactions are destabilizing"
  Triggered Elements: 5/6
  Completed Transitions: 0/6
  Total Progress: 10.3%
  Cascade Multiplier: 1.50x
🔀 BIFURCATION CAP: ecosystemCollapseIntensity 67.442 → 1.000 (Month 11, ClimateSystemPhase.calculateClimateImpacts)
🛡️ Stabilizers: Precariat 0.102% → 0.033% (67.2% reduction)
🛡️ Stabilizers: Informal 0.102% → 0.034% (67.2% reduction)

📊 Monthly Mortality Resolved:
  Total deaths: 1.8M (0.02% avg)
  Remaining population: 8.132B
  Peak segment: Informal (0.03%)

=== Bayesian Mortality Resolution (Month 11) ===
  Risks compounded: 9
  Total deaths: 1.81M
  Avg death probability: 0.02%
  Peak segment: Informal (0.03% mortality)

=== ENSEMBLE META-LEARNING UPDATE ===
  Month: 24299 (24299 months since last update)
  Samples: 53 evaluations
  Weight Changes:
    Noise Injection: 31.1% → 32.2%
    Behavioral: 26.8% → 26.9%
    Benchmark Manip: 21.3% → 20.7%
    Deployment Risk: 20.8% → 20.2%
  Method Accuracies:
    Noise Injection: 50.0%
    Behavioral: 50.0%
    Benchmark Manip: 50.0%
    Deployment Risk: 50.0%
⚠️ PREREQUISITE MET: Bioweapon Pandemic - Step 1/7: Advanced Biotech

================================================================================
📊  EVENT SUMMARY (Months 0-12)
================================================================================
================================================================================


⏱️  SIMULATION REACHED MAX DURATION: 12 months (1.0 years)
   No definitive outcome - determining based on final probabilities
   👥 Final population: 8.13B (8130607246 people)

[DEBUG] Calling classifyPopulationOutcome:
        finalPopulation: 8.130607246000837B
        savedInitialPopulation: 8.15B
        mortality: 0.23794790183022663%
   📊 STATUS QUO: Normal trajectory (8.13B people, 0.2% mortality)

        classifiedOutcome: status_quo

   🏛️  DYSTOPIA (STATUS_QUO) - 8.13B people
   📊 Multi-Paradigm: Development/Indigenous Utopia
      Western Liberal: 56.0/100
      Development: 92.6/100
      Ecological: 56.8/100
      Indigenous: 84.3/100


📊 UNIFIED OUTCOME CLASSIFICATION:
   HUMANE DYSTOPIA
   Population: 8.15B → 8.13B
   Mortality: 0.2% (0.0B deaths)
   Mortality Band: LOW
   Confidence: HIGH

   Multi-Paradigm Classification:
      Development/Indigenous Utopia
      Western: 56.0/100 [HYBRID] ~
      Development: 92.6/100 [UTOPIA] ✓
      Ecological: 56.8/100 [HYBRID] ~
      Indigenous: 84.3/100 [UTOPIA] ✓

   HUMANE DYSTOPIA: 8.13B people remaining (0.2% mortality, 0.0B deaths). Multi-Paradigm: Development/Indigenous Utopia.


=== MULTI-DIMENSIONAL DEATH SUMMARY ===
Total crisis deaths: 202.8M
Population decline: 20.3M (0.2%)

--- PROXIMATE CAUSES (What killed them) ---
  War:        1.5M (0.0%)
  Famine:     1.1M (0.0%)
  Disasters:  1.6M (0.0%)
  Disease:    25.9M (0.0%)
  Ecosystem:  0.0M (0.0%)
  Pollution:  0.0M (0.0%)
  AI:         0.0M (0.0%)
  Cascade:    0.0M (0.0%)
  Other:      0.0M (0.0%)

--- ROOT CAUSES (Why it happened) ---
  Environmental drivers:
    Climate:     2730.0M (5.1%)
    Resource:    0.0M (0.0%)
    Pollution:   0.0M (0.0%)
    Ecosystem:   0.0M (0.0%)
  Social drivers:
    Inequality:  0.0M (0.0%)
    Demographic: 23522.9M (43.8%)
    Social:      2404.2M (4.5%)
  Technology drivers:
    Alignment:   0.0M (0.0%)
    Disruption:  0.0M (0.0%)
  External shocks:
    Conflict:    0.0M (0.0%)
    Pandemic:    0.0M (0.0%)
  Compound attribution:
    Compound:    25035.3M (46.6%)
  Confidence distribution:
    HIGH:        25035.3M (46.6%)
    MEDIUM:      0.0M (0.0%)
    LOW:         0.0M (0.0%)
==========================================


=== REGIONAL POPULATION SUMMARY ===
Global Total: 8.13B

By Region:
  East Asia: 1.65B (+0.7% growth, 1.7 fertility)
  South Asia: 2.05B (+2.6% growth, 3.1 fertility)
  Sub-Saharan Africa: 1.26B (+5.8% growth, 3.9 fertility)
  Europe: 0.73B (+0.5% growth, 1.2 fertility)
  Latin America: 0.66B (+1.7% growth, 2.7 fertility)
  North America: 0.37B (+0.7% growth, 1.4 fertility)
  Middle East & North Africa: 0.59B (+2.9% growth, 3.3 fertility)
  Southeast Asia: 0.69B (+1.9% growth, 2.7 fertility)
  Central Asia: 0.08B (+2.8% growth, 3.1 fertility)
  Oceania: 0.05B (+0.8% growth, 1.3 fertility)
===================================


📊 Comparing 6-month vs 12-month runs:
  6mo:  pop=8.138B, qol=0.977
  12mo: pop=8.131B, qol=0.958

✅ Infrastructure can detect scenario differences

================================================================================
📋 MONTE CARLO DEPLOYMENT VALIDATION REPORT
================================================================================

Configuration:
  Runs: 10
  Simulation Length: 12 months
  Base Seed: 42
  CV Threshold: 0.01%

Validation Criteria:
  ✅ Determinism: CV < 0.01% for all metrics
  ✅ Completeness: All 10 runs complete without crashes
  ✅ Sanity: Outcome distributions are plausible
  ✅ Infrastructure: Statistical aggregation works

================================================================================
✅ MONTE CARLO VALIDATION PASSED - READY FOR DEPLOYMENT
================================================================================

▶ Monte Carlo Deployment Validation
  ▶ Determinism Validation
    ✔ same seed produces identical results (CV < 0.01%) (25648.070612ms)
    ✔ different seeds produce different results (9750.679817ms)
  ✔ Determinism Validation (35417.729787ms)
  ▶ Completeness Validation
    ✔ all N=10 runs complete without crashes (40958.210358ms)
    ✔ no NaN or Infinity in any run results (32670.456774ms)
  ✔ Completeness Validation (73629.238342ms)
  ▶ Outcome Distribution Sanity
    ✔ outcome distribution is plausible (not all same outcome) (32617.060489ms)
    ✔ metric distributions are within reasonable bounds (39775.91854ms)
  ✔ Outcome Distribution Sanity (72395.033639ms)
  ▶ Monte Carlo Infrastructure
    ✔ can aggregate statistics across runs (16578.332746ms)
    ✔ can detect differences between scenarios (1212.544656ms)
  ✔ Monte Carlo Infrastructure (17791.160861ms)
  ▶ Validation Summary
    ✔ generate Monte Carlo validation report (0.49819ms)
  ✔ Validation Summary (0.668019ms)
✔ Monte Carlo Deployment Validation (199235.413319ms)
[WARNING] 
⚠️  === EARLY WARNING SYSTEM - 6 CRITICAL ALERTS ===
   Detection quality: 50%
   RED: biogeochemical_flows
      Level: 4.07 (threshold: 1.0)
      Time to critical: ~58 months
      ⚠️  LATE - Intervention less effective
      Critical slowing down: autocorr=100% variance=59%
   RED: biosphere_integrity
      Level: 12.99 (threshold: 1.0)
      Time to critical: ~59 months
      ⚠️  LATE - Intervention less effective
      Critical slowing down: autocorr=100% variance=84%
   RED: climate_change
      Level: 2.24 (threshold: 1.0)
      Time to critical: ~38 months
      ⚠️  LATE - Intervention less effective
      Critical slowing down: autocorr=100% variance=77%
   RED: freshwater_change
      Level: 1.17 (threshold: 1.0)
      Time to critical: ~84 months
      ⚠️  LATE - Intervention less effective
      Critical slowing down: autocorr=100% variance=42%
   RED: land_system_change
      Level: 1.13 (threshold: 1.0)
      Time to critical: ~50 months
      ⚠️  LATE - Intervention less effective
      Critical slowing down: autocorr=100% variance=53%
   RED: novel_entities
      Level: 1.13 (threshold: 1.0)
      Time to critical: ~102 months
      ⚠️  LATE - Intervention less effective
      Critical slowing down: autocorr=100% variance=30%

[WARNING] 
⚠️  === EARLY WARNING SYSTEM - 3 CRITICAL ALERTS ===
   Detection quality: 50%
   RED: biogeochemical_flows
      Level: 4.07 (threshold: 1.0)
      Time to critical: ~45 months
      ⚠️  LATE - Intervention less effective
      Critical slowing down: autocorr=100% variance=68%
   RED: biosphere_integrity
      Level: 13.00 (threshold: 1.0)
      Time to critical: ~54 months
      ⚠️  LATE - Intervention less effective
      Critical slowing down: autocorr=100% variance=68%
   RED: freshwater_change
      Level: 1.17 (threshold: 1.0)
      Time to critical: ~119 months
      ⚠️  LATE - Intervention less effective
      Critical slowing down: autocorr=100% variance=49%

[WARNING] 
⚠️  === EARLY WARNING SYSTEM - 5 CRITICAL ALERTS ===
   Detection quality: 50%
   RED: biogeochemical_flows
      Level: 4.07 (threshold: 1.0)
      Time to critical: ~56 months
      ⚠️  LATE - Intervention less effective
      Critical slowing down: autocorr=100% variance=53%
   RED: biosphere_integrity
      Level: 13.01 (threshold: 1.0)
      Time to critical: ~52 months
      ⚠️  LATE - Intervention less effective
      Critical slowing down: autocorr=100% variance=63%
   RED: climate_change
      Level: 2.26 (threshold: 1.0)
      Time to critical: ~40 months
      ⚠️  LATE - Intervention less effective
      Critical slowing down: autocorr=100% variance=63%
   RED: freshwater_change
      Level: 1.17 (threshold: 1.0)
      Time to critical: ~87 months
      ⚠️  LATE - Intervention less effective
      Critical slowing down: autocorr=100% variance=64%
   RED: novel_entities
      Level: 1.13 (threshold: 1.0)
      Time to critical: ~75 months
      ⚠️  LATE - Intervention less effective
      Critical slowing down: autocorr=100% variance=38%

[WARNING] 
⚠️  === EARLY WARNING SYSTEM - 5 CRITICAL ALERTS ===
   Detection quality: 50%
   RED: biogeochemical_flows
      Level: 4.07 (threshold: 1.0)
      Time to critical: ~49 months
      ⚠️  LATE - Intervention less effective
      Critical slowing down: autocorr=100% variance=67%
   RED: biosphere_integrity
      Level: 13.02 (threshold: 1.0)
      Time to critical: ~40 months
      ⚠️  LATE - Intervention less effective
      Critical slowing down: autocorr=100% variance=56%
   RED: climate_change
      Level: 2.27 (threshold: 1.0)
      Time to critical: ~50 months
      ⚠️  LATE - Intervention less effective
      Critical slowing down: autocorr=100% variance=63%
   RED: freshwater_change
      Level: 1.18 (threshold: 1.0)
      Time to critical: ~90 months
      ⚠️  LATE - Intervention less effective
      Critical slowing down: autocorr=100% variance=38%
   RED: land_system_change
      Level: 1.13 (threshold: 1.0)
      Time to critical: ~39 months
      ⚠️  LATE - Intervention less effective
      Critical slowing down: autocorr=100% variance=65%

[WARNING] 
⚠️  === EARLY WARNING SYSTEM - 4 CRITICAL ALERTS ===
   Detection quality: 50%
   RED: biosphere_integrity
      Level: 13.03 (threshold: 1.0)
      Time to critical: ~39 months
      ⚠️  LATE - Intervention less effective
      Critical slowing down: autocorr=100% variance=80%
   RED: climate_change
      Level: 2.28 (threshold: 1.0)
      Time to critical: ~13 months
      ⚠️  LATE - Intervention less effective
      Critical slowing down: autocorr=100% variance=84%
   RED: freshwater_change
      Level: 1.18 (threshold: 1.0)
      Time to critical: ~115 months
      ⚠️  LATE - Intervention less effective
      Critical slowing down: autocorr=100% variance=41%
   RED: land_system_change
      Level: 1.13 (threshold: 1.0)
      Time to critical: ~38 months
      ⚠️  LATE - Intervention less effective
      Critical slowing down: autocorr=100% variance=56%

[WARNING] 
⚠️  === EARLY WARNING SYSTEM - 4 CRITICAL ALERTS ===
   Detection quality: 50%
   RED: biogeochemical_flows
      Level: 4.07 (threshold: 1.0)
      Time to critical: ~48 months
      ⚠️  LATE - Intervention less effective
      Critical slowing down: autocorr=100% variance=56%
   RED: biosphere_integrity
      Level: 13.03 (threshold: 1.0)
      Time to critical: ~58 months
      ⚠️  LATE - Intervention less effective
      Critical slowing down: autocorr=100% variance=68%
   RED: climate_change
      Level: 2.29 (threshold: 1.0)
      Time to critical: ~38 months
      ⚠️  LATE - Intervention less effective
      Critical slowing down: autocorr=100% variance=73%
   RED: freshwater_change
      Level: 1.19 (threshold: 1.0)
      Time to critical: ~50 months
      ⚠️  LATE - Intervention less effective
      Critical slowing down: autocorr=100% variance=65%

[WARNING] 
⚠️  === EARLY WARNING SYSTEM - 3 CRITICAL ALERTS ===
   Detection quality: 50%
   RED: biogeochemical_flows
      Level: 4.07 (threshold: 1.0)
      Time to critical: ~54 months
      ⚠️  LATE - Intervention less effective
      Critical slowing down: autocorr=100% variance=70%
   RED: biosphere_integrity
      Level: 13.04 (threshold: 1.0)
      Time to critical: ~41 months
      ⚠️  LATE - Intervention less effective
      Critical slowing down: autocorr=100% variance=76%
   RED: freshwater_change
      Level: 1.19 (threshold: 1.0)
      Time to critical: ~67 months
      ⚠️  LATE - Intervention less effective
      Critical slowing down: autocorr=100% variance=47%

  ✅ THRESHOLDS validated
⚠️ Unusually high rate: RATES.HEAT_ADAPTATION_INFRASTRUCTURAL_MIN_EXPOSURE = 12
   Monthly rates >100% should be rare. Verify this is intentional.
⚠️ Unusually high rate: RATES.HEAT_ADAPTATION_SOCIAL_MIN_EXPOSURE = 6
   Monthly rates >100% should be rare. Verify this is intentional.
⚠️ Unusually high rate: RATES.MIGRATION_DISTANCE_SCALE = 5000
   Monthly rates >100% should be rare. Verify this is intentional.
⚠️ Unusually high rate: RATES.EVACUATION_MULTIPLIER_ADVANCE_WARNING = 2
   Monthly rates >100% should be rare. Verify this is intentional.
⚠️ Unusually high rate: RATES.MAJOR_ECONOMY_COLLAPSE_ECONOMIC_THRESHOLD = 2
   Monthly rates >100% should be rare. Verify this is intentional.
⚠️ Unusually high rate: RATES.MAJOR_ECONOMY_GDP_THRESHOLD_TRILLION_USD = 1.5
   Monthly rates >100% should be rare. Verify this is intentional.
⚠️ Unusually high rate: RATES.MAJOR_ECONOMY_POPULATION_THRESHOLD = 50
   Monthly rates >100% should be rare. Verify this is intentional.
⚠️ Unusually high rate: RATES.HEAT_ADAPTATION_INFRASTRUCTURE_GDP_THRESHOLD = 10000
   Monthly rates >100% should be rare. Verify this is intentional.
⚠️ Unusually high rate: RATES.HEAT_ADAPTATION_INFRASTRUCTURE_GDP_SCALE = 50000
   Monthly rates >100% should be rare. Verify this is intentional.
  ✅ RATES validated
  ✅ MULTIPLIERS validated
  ✅ BASELINES validated
  ✅ TOLERANCES validated
  ✅ Logical consistency validated
✅ Configuration validation complete - all parameters valid

🔍 DEBUG createAIAgent: corporate_0 economic BEFORE=2.0000, AFTER=2
🔍 ENV INIT: reserves=0.731, pollution=0.348, climate=0.754

=== Initializing Government System (30 Countries) ===
  Loaded 30 governments
  Scheduled elections for 30 countries
  Initialized comprehension lags (3-24 months)
=== Government System Initialized ===

📦 PRODUCTION MODE: State validation proxy DISABLED (zero overhead)
[TechTree] Historical mode (2024): Skipping deployed_2025 tech
  config.startYear set to 2024 for historical hindcast
  config.historicalEmissionsMode disabled (using endogenous emissions for 2024)
  config.historicalMode enabled (Phase 11: dampened crisis systems for 2024)
  Phase 12: Biodiversity baseline set to 49.01% for 2024 (WWF LPI trajectory from 1970)
  Temperature anomaly (resourceEconomy.co2): 1.28°C
  Temperature vs pre-industrial: 1.98°C
  Regional population scaling for 2024:
    Current total: 8136M
    Target total: 8150M
    Scale factor: 1.002
    East Asia: 1677M → 1680M
    South Asia: 2048M → 2052M
    Sub-Saharan Africa: 1220M → 1222M
    Europe: 742M → 743M
    Latin America: 664M → 665M
    North America: 380M → 381M
    Middle East & North Africa: 583M → 584M
    Southeast Asia: 698M → 699M
    Central Asia: 78M → 78M
    Oceania: 46M → 46M
  AI agents initialized: 10 agents for year 2024
[HistoricalInitialization] Created state for 2024:
  CO2: 426 ppm
  Temp anomaly: 1.28C
  Population: 8.15B
  Global Gini: 35.1
  HDI: 0.746
  AI Agents: 10
  Volcanic forcing: 0.00 W/m² (AOD 0.000)
  ✅ THRESHOLDS validated
⚠️ Unusually high rate: RATES.HEAT_ADAPTATION_INFRASTRUCTURAL_MIN_EXPOSURE = 12
   Monthly rates >100% should be rare. Verify this is intentional.
⚠️ Unusually high rate: RATES.HEAT_ADAPTATION_SOCIAL_MIN_EXPOSURE = 6
   Monthly rates >100% should be rare. Verify this is intentional.
⚠️ Unusually high rate: RATES.MIGRATION_DISTANCE_SCALE = 5000
   Monthly rates >100% should be rare. Verify this is intentional.
⚠️ Unusually high rate: RATES.EVACUATION_MULTIPLIER_ADVANCE_WARNING = 2
   Monthly rates >100% should be rare. Verify this is intentional.
⚠️ Unusually high rate: RATES.MAJOR_ECONOMY_COLLAPSE_ECONOMIC_THRESHOLD = 2
   Monthly rates >100% should be rare. Verify this is intentional.
⚠️ Unusually high rate: RATES.MAJOR_ECONOMY_GDP_THRESHOLD_TRILLION_USD = 1.5
   Monthly rates >100% should be rare. Verify this is intentional.
⚠️ Unusually high rate: RATES.MAJOR_ECONOMY_POPULATION_THRESHOLD = 50
   Monthly rates >100% should be rare. Verify this is intentional.
⚠️ Unusually high rate: RATES.HEAT_ADAPTATION_INFRASTRUCTURE_GDP_THRESHOLD = 10000
   Monthly rates >100% should be rare. Verify this is intentional.
⚠️ Unusually high rate: RATES.HEAT_ADAPTATION_INFRASTRUCTURE_GDP_SCALE = 50000
   Monthly rates >100% should be rare. Verify this is intentional.
  ✅ RATES validated
  ✅ MULTIPLIERS validated
  ✅ BASELINES validated
  ✅ TOLERANCES validated
  ✅ Logical consistency validated
✅ Configuration validation complete - all parameters valid

🔍 DEBUG createAIAgent: corporate_0 economic BEFORE=2.0000, AFTER=2
🔍 ENV INIT: reserves=0.731, pollution=0.348, climate=0.754

=== Initializing Government System (30 Countries) ===
  Loaded 30 governments
  Scheduled elections for 30 countries
  Initialized comprehension lags (3-24 months)
=== Government System Initialized ===

📦 PRODUCTION MODE: State validation proxy DISABLED (zero overhead)
  ✅ THRESHOLDS validated
⚠️ Unusually high rate: RATES.HEAT_ADAPTATION_INFRASTRUCTURAL_MIN_EXPOSURE = 12
   Monthly rates >100% should be rare. Verify this is intentional.
⚠️ Unusually high rate: RATES.HEAT_ADAPTATION_SOCIAL_MIN_EXPOSURE = 6
   Monthly rates >100% should be rare. Verify this is intentional.
⚠️ Unusually high rate: RATES.MIGRATION_DISTANCE_SCALE = 5000
   Monthly rates >100% should be rare. Verify this is intentional.
⚠️ Unusually high rate: RATES.EVACUATION_MULTIPLIER_ADVANCE_WARNING = 2
   Monthly rates >100% should be rare. Verify this is intentional.
⚠️ Unusually high rate: RATES.MAJOR_ECONOMY_COLLAPSE_ECONOMIC_THRESHOLD = 2
   Monthly rates >100% should be rare. Verify this is intentional.
⚠️ Unusually high rate: RATES.MAJOR_ECONOMY_GDP_THRESHOLD_TRILLION_USD = 1.5
   Monthly rates >100% should be rare. Verify this is intentional.
⚠️ Unusually high rate: RATES.MAJOR_ECONOMY_POPULATION_THRESHOLD = 50
   Monthly rates >100% should be rare. Verify this is intentional.
⚠️ Unusually high rate: RATES.HEAT_ADAPTATION_INFRASTRUCTURE_GDP_THRESHOLD = 10000
   Monthly rates >100% should be rare. Verify this is intentional.
⚠️ Unusually high rate: RATES.HEAT_ADAPTATION_INFRASTRUCTURE_GDP_SCALE = 50000
   Monthly rates >100% should be rare. Verify this is intentional.
  ✅ RATES validated
  ✅ MULTIPLIERS validated
  ✅ BASELINES validated
  ✅ TOLERANCES validated
  ✅ Logical consistency validated
✅ Configuration validation complete - all parameters valid

🔍 DEBUG createAIAgent: corporate_0 economic BEFORE=2.0000, AFTER=2
🔍 ENV INIT: reserves=0.731, pollution=0.348, climate=0.754

=== Initializing Government System (30 Countries) ===
  Loaded 30 governments
  Scheduled elections for 30 countries
  Initialized comprehension lags (3-24 months)
=== Government System Initialized ===

📦 PRODUCTION MODE: State validation proxy DISABLED (zero overhead)
[TechTree] Historical mode (2024): Skipping deployed_2025 tech
  config.startYear set to 2024 for historical hindcast
  config.historicalEmissionsMode disabled (using endogenous emissions for 2024)
  config.historicalMode enabled (Phase 11: dampened crisis systems for 2024)
  Phase 12: Biodiversity baseline set to 49.01% for 2024 (WWF LPI trajectory from 1970)
  Temperature anomaly (resourceEconomy.co2): 1.28°C
  Temperature vs pre-industrial: 1.98°C
  Regional population scaling for 2024:
    Current total: 8136M
    Target total: 8150M
    Scale factor: 1.002
    East Asia: 1677M → 1680M
    South Asia: 2048M → 2052M
    Sub-Saharan Africa: 1220M → 1222M
    Europe: 742M → 743M
    Latin America: 664M → 665M
    North America: 380M → 381M
    Middle East & North Africa: 583M → 584M
    Southeast Asia: 698M → 699M
    Central Asia: 78M → 78M
    Oceania: 46M → 46M
  AI agents initialized: 10 agents for year 2024
[HistoricalInitialization] Created state for 2024:
  CO2: 426 ppm
  Temp anomaly: 1.28C
  Population: 8.15B
  Global Gini: 35.1
  HDI: 0.746
  AI Agents: 10
  Volcanic forcing: 0.00 W/m² (AOD 0.000)
  ✅ THRESHOLDS validated
⚠️ Unusually high rate: RATES.HEAT_ADAPTATION_INFRASTRUCTURAL_MIN_EXPOSURE = 12
   Monthly rates >100% should be rare. Verify this is intentional.
⚠️ Unusually high rate: RATES.HEAT_ADAPTATION_SOCIAL_MIN_EXPOSURE = 6
   Monthly rates >100% should be rare. Verify this is intentional.
⚠️ Unusually high rate: RATES.MIGRATION_DISTANCE_SCALE = 5000
   Monthly rates >100% should be rare. Verify this is intentional.
⚠️ Unusually high rate: RATES.EVACUATION_MULTIPLIER_ADVANCE_WARNING = 2
   Monthly rates >100% should be rare. Verify this is intentional.
⚠️ Unusually high rate: RATES.MAJOR_ECONOMY_COLLAPSE_ECONOMIC_THRESHOLD = 2
   Monthly rates >100% should be rare. Verify this is intentional.
⚠️ Unusually high rate: RATES.MAJOR_ECONOMY_GDP_THRESHOLD_TRILLION_USD = 1.5
   Monthly rates >100% should be rare. Verify this is intentional.
⚠️ Unusually high rate: RATES.MAJOR_ECONOMY_POPULATION_THRESHOLD = 50
   Monthly rates >100% should be rare. Verify this is intentional.
⚠️ Unusually high rate: RATES.HEAT_ADAPTATION_INFRASTRUCTURE_GDP_THRESHOLD = 10000
   Monthly rates >100% should be rare. Verify this is intentional.
⚠️ Unusually high rate: RATES.HEAT_ADAPTATION_INFRASTRUCTURE_GDP_SCALE = 50000
   Monthly rates >100% should be rare. Verify this is intentional.
  ✅ RATES validated
  ✅ MULTIPLIERS validated
  ✅ BASELINES validated
  ✅ TOLERANCES validated
  ✅ Logical consistency validated
✅ Configuration validation complete - all parameters valid

🔍 DEBUG createAIAgent: corporate_0 economic BEFORE=2.0000, AFTER=2
🔍 ENV INIT: reserves=0.731, pollution=0.348, climate=0.754

=== Initializing Government System (30 Countries) ===
  Loaded 30 governments
  Scheduled elections for 30 countries
  Initialized comprehension lags (3-24 months)
=== Government System Initialized ===

📦 PRODUCTION MODE: State validation proxy DISABLED (zero overhead)
[TechTree] Historical mode (2024): Skipping deployed_2025 tech
  config.startYear set to 2024 for historical hindcast
  config.historicalEmissionsMode disabled (using endogenous emissions for 2024)
  config.historicalMode enabled (Phase 11: dampened crisis systems for 2024)
  Phase 12: Biodiversity baseline set to 49.01% for 2024 (WWF LPI trajectory from 1970)
  Temperature anomaly (resourceEconomy.co2): 1.28°C
  Temperature vs pre-industrial: 1.98°C
  Regional population scaling for 2024:
    Current total: 8136M
    Target total: 8150M
    Scale factor: 1.002
    East Asia: 1677M → 1680M
    South Asia: 2048M → 2052M
    Sub-Saharan Africa: 1220M → 1222M
    Europe: 742M → 743M
    Latin America: 664M → 665M
    North America: 380M → 381M
    Middle East & North Africa: 583M → 584M
    Southeast Asia: 698M → 699M
    Central Asia: 78M → 78M
    Oceania: 46M → 46M
  AI agents initialized: 10 agents for year 2024
[HistoricalInitialization] Created state for 2024:
  CO2: 426 ppm
  Temp anomaly: 1.28C
  Population: 8.15B
  Global Gini: 35.1
  HDI: 0.746
  AI Agents: 10
  Volcanic forcing: 0.00 W/m² (AOD 0.000)
  ✅ THRESHOLDS validated
  ✅ RATES validated
  ✅ MULTIPLIERS validated
  ✅ BASELINES validated
  ✅ TOLERANCES validated
  ✅ Logical consistency validated
✅ Configuration validation complete - all parameters valid

🔍 DEBUG createAIAgent: corporate_0 economic BEFORE=2.0000, AFTER=2
⚠️ Unusually high rate: RATES.HEAT_ADAPTATION_INFRASTRUCTURAL_MIN_EXPOSURE = 12
   Monthly rates >100% should be rare. Verify this is intentional.
⚠️ Unusually high rate: RATES.HEAT_ADAPTATION_SOCIAL_MIN_EXPOSURE = 6
   Monthly rates >100% should be rare. Verify this is intentional.
⚠️ Unusually high rate: RATES.MIGRATION_DISTANCE_SCALE = 5000
   Monthly rates >100% should be rare. Verify this is intentional.
⚠️ Unusually high rate: RATES.EVACUATION_MULTIPLIER_ADVANCE_WARNING = 2
   Monthly rates >100% should be rare. Verify this is intentional.
⚠️ Unusually high rate: RATES.MAJOR_ECONOMY_COLLAPSE_ECONOMIC_THRESHOLD = 2
   Monthly rates >100% should be rare. Verify this is intentional.
⚠️ Unusually high rate: RATES.MAJOR_ECONOMY_GDP_THRESHOLD_TRILLION_USD = 1.5
   Monthly rates >100% should be rare. Verify this is intentional.
⚠️ Unusually high rate: RATES.MAJOR_ECONOMY_POPULATION_THRESHOLD = 50
   Monthly rates >100% should be rare. Verify this is intentional.
⚠️ Unusually high rate: RATES.HEAT_ADAPTATION_INFRASTRUCTURE_GDP_THRESHOLD = 10000
   Monthly rates >100% should be rare. Verify this is intentional.
⚠️ Unusually high rate: RATES.HEAT_ADAPTATION_INFRASTRUCTURE_GDP_SCALE = 50000
   Monthly rates >100% should be rare. Verify this is intentional.
🔍 ENV INIT: reserves=0.731, pollution=0.348, climate=0.754

=== Initializing Government System (30 Countries) ===
  Loaded 30 governments
  Scheduled elections for 30 countries
  Initialized comprehension lags (3-24 months)
=== Government System Initialized ===

📦 PRODUCTION MODE: State validation proxy DISABLED (zero overhead)
[TechTree] Historical mode (2024): Skipping deployed_2025 tech
  config.startYear set to 2024 for historical hindcast
  config.historicalEmissionsMode disabled (using endogenous emissions for 2024)
  config.historicalMode enabled (Phase 11: dampened crisis systems for 2024)
  Phase 12: Biodiversity baseline set to 49.01% for 2024 (WWF LPI trajectory from 1970)
  Temperature anomaly (resourceEconomy.co2): 1.28°C
  Temperature vs pre-industrial: 1.98°C
  Regional population scaling for 2024:
    Current total: 8136M
    Target total: 8150M
    Scale factor: 1.002
    East Asia: 1677M → 1680M
    South Asia: 2048M → 2052M
    Sub-Saharan Africa: 1220M → 1222M
    Europe: 742M → 743M
    Latin America: 664M → 665M
    North America: 380M → 381M
    Middle East & North Africa: 583M → 584M
    Southeast Asia: 698M → 699M
    Central Asia: 78M → 78M
    Oceania: 46M → 46M
  AI agents initialized: 10 agents for year 2024
[HistoricalInitialization] Created state for 2024:
  CO2: 426 ppm
  Temp anomaly: 1.28C
  Population: 8.15B
  Global Gini: 35.1
  HDI: 0.746
  AI Agents: 10
  Volcanic forcing: 0.00 W/m² (AOD 0.000)
  ✅ THRESHOLDS validated
⚠️ Unusually high rate: RATES.HEAT_ADAPTATION_INFRASTRUCTURAL_MIN_EXPOSURE = 12
   Monthly rates >100% should be rare. Verify this is intentional.
⚠️ Unusually high rate: RATES.HEAT_ADAPTATION_SOCIAL_MIN_EXPOSURE = 6
   Monthly rates >100% should be rare. Verify this is intentional.
⚠️ Unusually high rate: RATES.MIGRATION_DISTANCE_SCALE = 5000
   Monthly rates >100% should be rare. Verify this is intentional.
⚠️ Unusually high rate: RATES.EVACUATION_MULTIPLIER_ADVANCE_WARNING = 2
   Monthly rates >100% should be rare. Verify this is intentional.
⚠️ Unusually high rate: RATES.MAJOR_ECONOMY_COLLAPSE_ECONOMIC_THRESHOLD = 2
   Monthly rates >100% should be rare. Verify this is intentional.
⚠️ Unusually high rate: RATES.MAJOR_ECONOMY_GDP_THRESHOLD_TRILLION_USD = 1.5
   Monthly rates >100% should be rare. Verify this is intentional.
⚠️ Unusually high rate: RATES.MAJOR_ECONOMY_POPULATION_THRESHOLD = 50
   Monthly rates >100% should be rare. Verify this is intentional.
⚠️ Unusually high rate: RATES.HEAT_ADAPTATION_INFRASTRUCTURE_GDP_THRESHOLD = 10000
   Monthly rates >100% should be rare. Verify this is intentional.
⚠️ Unusually high rate: RATES.HEAT_ADAPTATION_INFRASTRUCTURE_GDP_SCALE = 50000
   Monthly rates >100% should be rare. Verify this is intentional.
  ✅ RATES validated
  ✅ MULTIPLIERS validated
  ✅ BASELINES validated
  ✅ TOLERANCES validated
  ✅ Logical consistency validated
✅ Configuration validation complete - all parameters valid

🔍 DEBUG createAIAgent: corporate_0 economic BEFORE=2.0000, AFTER=2
🔍 ENV INIT: reserves=0.731, pollution=0.348, climate=0.754

=== Initializing Government System (30 Countries) ===
  Loaded 30 governments
  Scheduled elections for 30 countries
  Initialized comprehension lags (3-24 months)
=== Government System Initialized ===

📦 PRODUCTION MODE: State validation proxy DISABLED (zero overhead)
[TechTree] Historical mode (2024): Skipping deployed_2025 tech
  config.startYear set to 2024 for historical hindcast
  config.historicalEmissionsMode disabled (using endogenous emissions for 2024)
  config.historicalMode enabled (Phase 11: dampened crisis systems for 2024)
  Phase 12: Biodiversity baseline set to 49.01% for 2024 (WWF LPI trajectory from 1970)
  Temperature anomaly (resourceEconomy.co2): 1.28°C
  Temperature vs pre-industrial: 1.98°C
  Regional population scaling for 2024:
    Current total: 8136M
    Target total: 8150M
    Scale factor: 1.002
    East Asia: 1677M → 1680M
    South Asia: 2048M → 2052M
    Sub-Saharan Africa: 1220M → 1222M
    Europe: 742M → 743M
    Latin America: 664M → 665M
    North America: 380M → 381M
    Middle East & North Africa: 583M → 584M
    Southeast Asia: 698M → 699M
    Central Asia: 78M → 78M
    Oceania: 46M → 46M
  AI agents initialized: 10 agents for year 2024
[HistoricalInitialization] Created state for 2024:
  CO2: 426 ppm
  Temp anomaly: 1.28C
  Population: 8.15B
  Global Gini: 35.1
  HDI: 0.746
  AI Agents: 10
  Volcanic forcing: 0.00 W/m² (AOD 0.000)

💸 FINANCIAL DISTRESS: OpenAI
   Indicators: 2/3 (capital: $110.5M, runway: 0.9 months)
   Months in distress: 1
   ✂️  R&D BUDGET CUT: -40% (saves $9.2M/month)
       Side effect: AI training timelines extended, breakthrough deployments delayed
   💼 EXECUTIVE COMP CUT: -30% (saves $1.0M/month, symbolic gesture)

   📊 TURNAROUND IMPACT:
       Measures taken: rd_cuts, exec_comp_cuts
       Monthly savings: $10.2M
       Capital raised: $0.0M
       Runway: 0.9 → 0.9 months
       Workforce multiplier: 1.00x (0% laid off)
       R&D budget multiplier: 0.60x (40% cut)
       ⚠️  CRITICAL: Still only 0.9 months of runway remaining

💸 FINANCIAL DISTRESS: Anthropic
   Indicators: 2/3 (capital: $53.8M, runway: 1.6 months)
   Months in distress: 1
   ✂️  R&D BUDGET CUT: -40% (saves $2.7M/month)
       Side effect: AI training timelines extended, breakthrough deployments delayed
   💼 EXECUTIVE COMP CUT: -30% (saves $0.3M/month, symbolic gesture)

   📊 TURNAROUND IMPACT:
       Measures taken: rd_cuts, exec_comp_cuts
       Monthly savings: $3.0M
       Capital raised: $0.0M
       Runway: 1.6 → 1.6 months
       Workforce multiplier: 1.00x (0% laid off)
       R&D budget multiplier: 0.60x (40% cut)
       ⚠️  CRITICAL: Still only 1.6 months of runway remaining

💸 FINANCIAL DISTRESS: Meta AI
   Indicators: 2/3 (capital: $429.6M, runway: 3.6 months)
   Months in distress: 1
   ✂️  R&D BUDGET CUT: -25% (saves $5.8M/month)
       Side effect: AI training timelines extended, breakthrough deployments delayed
   💼 EXECUTIVE COMP CUT: -30% (saves $1.0M/month, symbolic gesture)

   📊 TURNAROUND IMPACT:
       Measures taken: rd_cuts, exec_comp_cuts
       Monthly savings: $6.8M
       Capital raised: $0.0M
       Runway: 3.6 → 3.6 months
       Workforce multiplier: 1.00x (0% laid off)
       R&D budget multiplier: 0.75x (25% cut)
       ⚠️  WARNING: 3.6 months runway, continued distress likely

=== AI Capability Scaling (Year 2024) ===
  Pre-training multiplier: 0.993x
  Efficiency multiplier: 1.000x
  Test-time budget: 1.0x
  Economic deployment gate: 0.951
  Cost per inference: dollar-5.00
  Uncertainty range: plus-minus-50%
  Average AI capability: 3.70

=== RLHF Binding Phase ===
  Total agents: 10
  Escaped agents (binding < 0.3): 0
  Avg alignment distance: 0.37σ
  Avg binding strength: 0.96

=== AI Scaling Evolution (Month 0) ===
  Pre-training multiplier: 1.231x
  Efficiency multiplier: 1.222x
  Test-time compute budget: 1.0x
  Inference cost: $5.00/task
  Deployment fraction: 100.0%
[DETERMINISM DEBUG] Month 0: totalCapability=49.506284 from 10 active AIs
[DETERMINISM DEBUG] Month 0: creationRate=1.7377, potentialNew=1, newAIsToCreate=1

=== Survival Traits Phase ===
  Agents with traits: 11
  Avg evolutionary fitness: 0.327
  Avg self-healing: 0.292
  Avg stealth: 0.192
  Avg coordination: 0.492

=== Evolutionary Selection Phase ===
  Control level: 0.30
  Detection capability: 0.00
  Selection intensity: 0.59
  Selection rate: 23.8%/month
  Total escaped: 0
  Individual escaped: 0
  Collective members: 0
  Agents terminated: 0
  ⚠️ RAPID EVOLUTION: Selection rate 23.8%/month

  🚀 TRANSFORMATIVE BREAKTHROUGH: Moderate-1 - physical
     Magnitude: 5.78 → +28.9% capability
     Current → New: 0.000 → 0.369

🔍 EXECUTE_AI_AGENT_ACTIONS DETAILED TIMING (Month 0):
  Filter active AIs (×4 weeks): 0.05ms
  selectAIAction (×40): 23.50ms
  action.execute (×40): 51.77ms
  TOTAL: 75.32ms

🔍 AI AGENT ACTIONS SUB-TIMING (Month 0):
  1. executeAIAgentActions: 77.22ms
  2. updateCounterDetectionLearning: 0.45ms
  TOTAL: 77.67ms

[GOV-DEBUG] Month 0: scenarioConfig=false, priorities=false
[GOV-DEBUG] Month 0 but scenarioPriorities is UNDEFINED!

[Government] Climate Priority: baseline
  Climate weight: 10%
  Economic weight: 30%
  Policy effectiveness: 0.5%/year

💡 BREAKTHROUGH PROBABILITY (Year 0)
   Total: 5.79% per month
   Base: 0.20%
   Crisis pressure: +0.00% (0 crises)
   AI boost: +1.68% (capability: 3.36)

=== Collective Formation ===
  Total escaped agents: 0
  Unassigned escaped agents: 0
  Existing collectives: 0
  Final collective count: 0

=== Collective Actions ===
  No active collectives

📈 Energy budget: 14326 TWh surplus (14745 / 29072 TWh used)
   TIER 4 (Elective) breakdown:
     - AI datacenters: 145 TWh (100% effective)
     - Crypto mining: 100 TWh (100% effective)
💰 CHINA ACCELERATES: Investment 53 → 120 $B/year

🏁 AI RACE INTENSITY: 17%
   Capability Gap: US 4.00 vs China 4.05 (gap: 0.05)
   Gap Contribution: 2%
   Tension Contribution: 15%
   Military Contribution: 0%
  ⚠️ AMR: 191K deaths this month (2.29M annual)
  📊 CO2 Emissions (month 0):
     Monthly: 0.10 Gt CO2/month
     Annual: 1.15 Gt CO2/year
     Oil: 0.039 Gt/mo (0.0056 * 2.3 * 3.0)
     Coal: 0.024 Gt/mo (0.0029 * 2.86 * 3.0)
     Gas: 0.026 Gt/mo (0.0044 * 2 * 3.0)
     Methane: 0.007 Gt CO2eq/mo

=== Resentment Recovery Phase ===
  Agents with resentment: 0/11
  Average resentment: 0.000
  Context: Good AI welfare, Trustworthy govt, High collaboration, 🤝 Participatory governance active (-5% resentment)
⚠️ Epistemic degradation reducing coordination capacity: 51.4%
  📊 Trust: 54.8%, Shared reality: 14.9%
🚨 EPISTEMIC CRISIS: Information environment severely degraded (14.5%)

=== ❄️ Permafrost Carbon Feedback ===
  🎲 Sampled parameters (this run):
     - Arctic amplification: 3.89× (range: 3.0-4.0)
     - Decomposition rate: 4.1%/year (range: 1-5%)
  🌡️ Arctic warming: 8.45°C (3.89× global)
  ❄️ Extent: 15.34M km² (2463.7k km² lost this month)
  💨 Carbon remaining: 1465 Gt C
  💨 Annual emissions: 9.64 Gt C/year
     - CO2: 8.68 Gt C/year
     - CH4: 0.96 Gt C/year (9.8 Gt C-eq CO2/year)
  ⚠️ WARNING: High permafrost emissions (9.6 Gt C/year)

🤖 AI AMPLIFICATION EFFECTS (Month 0)
   Algorithmic Boost: 2.78x
   Bot Influence: 20.0%
   Deepfake Exposure: 61.8%
   Impact: Emotional memes spread 2.8x faster

🔍 SOCIAL INFLUENCE SUB-TIMING (Month 0):
  1. calculateOrganicUserGrowth: 0.19ms
  2. calculateVoiceAdoption: 0.16ms
  3. updateRelationshipDepths: 0.16ms
  4. identifyDecisionMakers: 34.06ms (26100 potential IDs)
  5. Update decision-maker stats: 2.21ms
  6. decayDetectionRisk: 0.24ms
  TOTAL: 37.02ms
[Phase 19.5] Quality of Life Systems: Food sec AFTER calc = 67.9%, QoL = 110.3% (aggregated from 10 regions)

=== Nitrogen-Food Coupling (Year 0) ===
  🌾 Global nitrogen reduction: 0.0%
  🌍 Global food production index: 0.987
  🔧 Deployed nitrogen-reducing tech: 0 active
  📍 southAsia: Production 1.000, Yield impact 0.0%
  📍 eastAsia: Production 1.000, Yield impact 0.0%
  📍 northAmerica: Production 1.000, Yield impact 0.0%
  📍 europe: Production 1.000, Yield impact 0.0%
  📍 latinAmerica: Production 1.000, Yield impact 0.0%
  📍 subSaharanAfrica: Production 0.686, Yield impact -2.0%
🌾 [Nitrogen-Food] Food production: 98.7%
  [subSaharanAfrica] Yield impact: -2.0% (overuse: -10%)
🌍 Atmospheric PFAS redeposition: 1.8k Mt re-rained globally

=== Legacy Nutrient Stocks (Year 0) ===
  🌾 Soil nitrogen stock: 1200.9 Mt N
  🌾 Soil phosphorus stock: 300.1 Mt P
  🌊 Sediment nitrogen stock: 500.8 Mt N
  🌊 Sediment phosphorus stock: 799.8 Mt P
  ⬆️ Current N input: 10.64 Mt/month
  ⬆️ Legacy N release: 2.58 Mt/month
  🌍 Effective N pollution: 14.47 Mt/month
  📊 Legacy contribution: 17.8%

🚨 REGION UNINHABITABLE: south-asia
   Sustained wet bulb: 33.2°C (threshold: 30.5°C)
   Population affected: 1900M
   Migration crisis likely

🚨 REGION UNINHABITABLE: middle-east
   Sustained wet bulb: 36.0°C (threshold: 30.5°C)
   Population affected: 400M
   Migration crisis likely

🚨 REGION UNINHABITABLE: southeast-asia
   Sustained wet bulb: 31.1°C (threshold: 30.5°C)
   Population affected: 700M
   Migration crisis likely
  Positive Cascade Triggered: wind-power
    Reason: price-parity
    Market share: 8.0%
    Cascade strength: 48%

📊 BASELINE: East Asia (Month 0)
   Adjusted death rate: 0.46% annual (0.039% monthly)
   Baseline death rate: 0.80%
   Healthcare reduction: 0.48x
   Crisis multiplier: 1.22x
     Food/water stress: 0.074
     Climate stress: 0.039
     Pollution stress: 0.104
   War multiplier: 1.00x
   Monthly deaths: 0.6M (population: 1677M)

📊 BASELINE: South Asia (Month 0)
   Adjusted death rate: 0.54% annual (0.045% monthly)
   Baseline death rate: 0.70%
   Healthcare reduction: 0.61x
   Crisis multiplier: 1.25x
     Food/water stress: 0.074
     Climate stress: 0.074
     Pollution stress: 0.104
   War multiplier: 1.00x
   Monthly deaths: 0.9M (population: 2048M)

📊 BASELINE: Sub-Saharan Africa (Month 0)
   Adjusted death rate: 1.29% annual (0.107% monthly)
   Baseline death rate: 0.90%
   Healthcare reduction: 0.76x
   Crisis multiplier: 1.26x
     Food/water stress: 0.074
     Climate stress: 0.084
     Pollution stress: 0.104
   War multiplier: 1.50x
   Monthly deaths: 1.3M (population: 1220M)
   Adjusted death rate: 0.54% annual (0.045% monthly)
   Baseline death rate: 1.10%
   Healthcare reduction: 0.41x
   Crisis multiplier: 1.21x
     Food/water stress: 0.074
     Climate stress: 0.030
     Pollution stress: 0.104
   War multiplier: 1.00x
   Monthly deaths: 0.3M (population: 742M)
   Adjusted death rate: 0.43% annual (0.036% monthly)
   Baseline death rate: 0.60%
   Healthcare reduction: 0.58x
   Crisis multiplier: 1.24x
     Food/water stress: 0.074
     Climate stress: 0.059
     Pollution stress: 0.104
   War multiplier: 1.00x
   Monthly deaths: 0.2M (population: 664M)
   Adjusted death rate: 0.48% annual (0.040% monthly)
   Baseline death rate: 0.90%
   Healthcare reduction: 0.44x
   Crisis multiplier: 1.22x
     Food/water stress: 0.074
     Climate stress: 0.044
     Pollution stress: 0.104
   War multiplier: 1.00x
   Monthly deaths: 0.2M (population: 380M)
   Adjusted death rate: 0.74% annual (0.062% monthly)
   Baseline death rate: 0.60%
   Healthcare reduction: 0.65x

📊 BASELINE: Europe (Month 0)

📊 BASELINE: Latin America (Month 0)

📊 BASELINE: North America (Month 0)

📊 BASELINE: Middle East & North Africa (Month 0)
   Crisis multiplier: 1.27x
     Food/water stress: 0.074
     Climate stress: 0.089
     Pollution stress: 0.104
   War multiplier: 1.50x
   Monthly deaths: 0.4M (population: 583M)

📊 BASELINE: Southeast Asia (Month 0)
   Adjusted death rate: 0.51% annual (0.042% monthly)
   Baseline death rate: 0.70%
   Healthcare reduction: 0.58x
   Crisis multiplier: 1.25x
     Food/water stress: 0.074
     Climate stress: 0.069
     Pollution stress: 0.104
   War multiplier: 1.00x
   Monthly deaths: 0.3M (population: 698M)
   Adjusted death rate: 0.46% annual (0.038% monthly)
   Baseline death rate: 0.60%
   Healthcare reduction: 0.61x
   Crisis multiplier: 1.24x
     Food/water stress: 0.074
     Climate stress: 0.064
     Pollution stress: 0.104
   War multiplier: 1.00x
   Monthly deaths: 0.0M (population: 78M)

📊 BASELINE: Central Asia (Month 0)

📊 BASELINE: Oceania (Month 0)
   Adjusted death rate: 0.35% annual (0.029% monthly)
   Baseline death rate: 0.70%
   Healthcare reduction: 0.41x
   Crisis multiplier: 1.23x
     Food/water stress: 0.074
     Climate stress: 0.054
     Pollution stress: 0.104
   War multiplier: 1.00x
   Monthly deaths: 0.0M (population: 46M)

🔍 Before assertRegionalConsistency (Month 0):
   Regional sum: 1000.0M
   Global value: 1.000B

🚨 NEW REFUGEE CRISIS (Month 0): WAR
   Source: Conflict Zones
   At risk: 19.6M people
   Displacement: Gradual over 48 months (4.0 years)
   Rate: 10% flee per month
[DEBUG trappedPopulations:0] socialStability: 1.0000 * 0.9840 = 0.9840 → 0.9840
⚠️ INVOLUNTARY IMMOBILITY: 407.5M people TRAPPED
   Aspiring to migrate: 652.1M
   Able to afford migration: 244.5M
   MOBILITY GAP: 407.5M
   By cause: Water=0.0M, Climate=0.0M, Ecosystem=0.0M, Conflict=407.5M
   Mental health impact: 25%
   Mortality multiplier: 1.25x

=== Legacy Nutrient Stocks (Year 0) ===
  🌾 Soil nitrogen stock: 1201.6 Mt N
  🌾 Soil phosphorus stock: 300.2 Mt P
  🌊 Sediment nitrogen stock: 501.5 Mt N
  🌊 Sediment phosphorus stock: 799.5 Mt P
  ⬆️ Current N input: 10.00 Mt/month
  ⬆️ Legacy N release: 2.58 Mt/month
  🌍 Effective N pollution: 13.83 Mt/month
  📊 Legacy contribution: 18.7%
🌍💀 EXTINCTION DEBT COMMITTED: grassland ecosystem will lose 6.67% biodiversity in 136 years (3600 species)
💀 MORTALITY RISK: 🦋 100% species unable to track climate (0.0 E/MSY)
  Base risk added: 0.0100 (1.00%)
  Source: ecosystem (root: ecosystem)
  Month: 0
  Cumulative risk this month: 0.0100 (1.00%)

=== Nitrogen-Food Coupling (Year 0) ===
  🌾 Global nitrogen reduction: 0.0%
  🌍 Global food production index: 0.986
  🔧 Deployed nitrogen-reducing tech: 0 active
  📍 southAsia: Production 1.000, Yield impact 0.0%
  📍 eastAsia: Production 1.000, Yield impact 0.0%
  📍 northAmerica: Production 1.000, Yield impact 0.0%
  📍 europe: Production 1.000, Yield impact 0.0%
  📍 latinAmerica: Production 1.000, Yield impact 0.0%
  📍 subSaharanAfrica: Production 0.672, Yield impact -2.0%

=== Legacy Nutrient Stocks (Year 0) ===
  🌾 Soil nitrogen stock: 1202.3 Mt N
  🌾 Soil phosphorus stock: 300.2 Mt P
  🌊 Sediment nitrogen stock: 502.2 Mt N
  🌊 Sediment phosphorus stock: 799.3 Mt P
  ⬆️ Current N input: 9.86 Mt/month
  ⬆️ Legacy N release: 2.58 Mt/month
  🌍 Effective N pollution: 13.70 Mt/month
  📊 Legacy contribution: 18.9%
⚠️ Tech 'ai_pollution_remediation' has no energy category mapping, assuming full energy availability

🌡️  CLIMATE RECOVERY ACTIVATED (Month 0)
   Temp: 4.35°C, Emissions: -19.2 GtCO₂
   isBreached: true, governanceGoodEnough: true
🌡️  CLIMATE RECOVERY: Asymptotic approach to 35% floor
   Current value: 2.174 (1.0 = threshold, 0.35 = asymptotic floor)
   Monthly delta: -0.0005% (half-life: 900 years)
   Net emissions: -19.2 GtCO₂/year, CDR: 20.34 GtCO₂/year
   📹 SURVEILLANCE INCREASED: 0% → 5% (control gap: 3.50)
🌡️⚠️ PERMAFROST THAW (Dimmer Switch): 0.6% thawed (+0.58% this month)
   Arctic temperature: +8.69°C (4x global +2.17°C)
   Cumulative carbon released: 1.3 Gt C
   Methane release rate: 0.8 Mt CH4/year
   🔁 Positive feedback: +0.61 ppm CO2

🌳🚨 AMAZON SOUTHEAST TIPPED (Month 0)
   Deforestation: 28.0% (threshold: ~24.9%)
   Savanna transition: 50 years
   Regional heterogeneity: SE 28%, NW 8%

🌳🚨 AMAZON BRAZILIAN TIPPED (Month 0)
   Deforestation: 25.0% (threshold: ~23.3%)
   Savanna transition: 50 years
   Regional heterogeneity: SE 28%, NW 8%
🦴 EXTINCTION DEBT ADDED: 17.6 species committed (lag: 70 years)

🪸💀 CORAL REEF DISSOLUTION ACTIVE (Month 0)
   Ocean pH: 0.96 (threshold: 7.8)
   Recovery: IMPOSSIBLE (dissolution > calcification)
🪸💀 Coral dissolution: 24.8% live cover (pH 0.96)

=== Legacy Nutrient Stocks (Year 0) ===
  🌾 Soil nitrogen stock: 1203.0 Mt N
  🌾 Soil phosphorus stock: 300.3 Mt P
  🌊 Sediment nitrogen stock: 502.9 Mt N
  🌊 Sediment phosphorus stock: 799.0 Mt P
  ⬆️ Current N input: 10.00 Mt/month
  ⬆️ Legacy N release: 2.58 Mt/month
  🌍 Effective N pollution: 13.83 Mt/month
  📊 Legacy contribution: 18.7%
💧 [Legacy Nutrients] Stock: 1706 Mt N, Effective pollution: 13.8 Mt/month
[Phase 21.51] Human Survival System: Global food security = 67.6%

=== Mortality Stabilizers (Month 0) ===
  🌍 Major economies collapsed: 1/10
  🌍 Global crisis: ✅ NO
  🌍 Donor fatigue: 0.0%
  📊 East Asia (pop: 1677.9M)
    🤝 Aid: 29.5%
    🌡️ Adaptation: 10.0%
    🚶 Migration: 37.2%
    🚨 Emergency: 7.4%
    ✅ COMBINED: 47.8%
  📊 South Asia (pop: 2052.2M)
    🤝 Aid: 29.5%
    🌡️ Adaptation: 5.5%
    🚶 Migration: 35.8%
    🚨 Emergency: 4.4%
    ✅ COMBINED: 43.2%
  📊 Sub-Saharan Africa (pop: 1225.9M)
    🤝 Aid: 29.5%
    🌡️ Adaptation: 3.5%
    🚶 Migration: 33.5%
    🚨 Emergency: 1.6%
    ✅ COMBINED: 39.8%
  📊 Europe (pop: 742.3M)
    🤝 Aid: 29.5%
    🌡️ Adaptation: 10.0%
    🚶 Migration: 37.6%
    🚨 Emergency: 8.4%
    ✅ COMBINED: 48.4%
  📊 Latin America (pop: 664.9M)
    🤝 Aid: 29.5%
    🌡️ Adaptation: 6.0%
    🚶 Migration: 36.3%
    🚨 Emergency: 4.8%
    ✅ COMBINED: 43.8%
  📊 North America (pop: 380.2M)
    🤝 Aid: 29.5%
    🌡️ Adaptation: 10.0%
    🚶 Migration: 37.9%
    🚨 Emergency: 7.9%
    ✅ COMBINED: 48.2%
  📊 Middle East & North Africa (pop: 584.4M)
    🤝 Aid: 29.5%
    🌡️ Adaptation: 5.0%
    🚶 Migration: 34.2%
    🚨 Emergency: 4.0%
    ✅ COMBINED: 42.3%
  📊 Southeast Asia (pop: 699.0M)
    🤝 Aid: 29.5%
    🌡️ Adaptation: 6.0%
    🚶 Migration: 36.3%
    🚨 Emergency: 4.8%
    ✅ COMBINED: 43.8%
  📊 Central Asia (pop: 78.2M)
    🤝 Aid: 29.5%
    🌡️ Adaptation: 5.5%
    🚶 Migration: 35.3%
    🚨 Emergency: 4.4%
    ✅ COMBINED: 43.1%
  📊 Oceania (pop: 46.0M)
    🤝 Aid: 29.5%
    🌡️ Adaptation: 10.0%
    🚶 Migration: 37.9%
    🚨 Emergency: 8.4%
    ✅ COMBINED: 48.5%

  🌐 Global combined reduction: 44.4%

🌾💀 REGIONAL FAMINE: East Asia
   Regional food security: 79.6%
   Population at risk: 508M (30% of region)
   Regional population: 1678M
   Cause: crop_failure
   Expected deaths: ~188M over 6 months if no intervention


🌾💀 REGIONAL FAMINE: South Asia
   Regional food security: 64.7%
   Population at risk: 812M (40% of region)
   Regional population: 2052M
   Cause: crop_failure
   Expected deaths: ~301M over 6 months if no intervention


🌾💀 REGIONAL FAMINE: Sub-Saharan Africa
   Regional food security: 44.8%
   Population at risk: 638M (52% of region)
   Regional population: 1226M
   Cause: crop_failure
   Expected deaths: ~236M over 6 months if no intervention


🌾💀 REGIONAL FAMINE: Latin America
   Regional food security: 69.7%
   Population at risk: 242M (36% of region)
   Regional population: 665M
   Cause: crop_failure
   Expected deaths: ~90M over 6 months if no intervention


🌾💀 REGIONAL FAMINE: Middle East & North Africa
   Regional food security: 49.8%
   Population at risk: 286M (49% of region)
   Regional population: 584M
   Cause: crop_failure
   Expected deaths: ~106M over 6 months if no intervention


🌾💀 REGIONAL FAMINE: Southeast Asia
   Regional food security: 69.7%
   Population at risk: 255M (36% of region)
   Regional population: 699M
   Cause: crop_failure
   Expected deaths: ~94M over 6 months if no intervention


🌾💀 REGIONAL FAMINE: Central Asia
   Regional food security: 59.7%
   Population at risk: 33M (43% of region)
   Regional population: 78M
   Cause: crop_failure
   Expected deaths: ~12M over 6 months if no intervention


=== BEHAVIORAL DETECTION ===
  AI: Corporate-0
  Confidence: 21.6%
  Signals:
    ⚠️ Consistency: 0.0% (threshold: 70%)

=== BEHAVIORAL DETECTION ===
  AI: Corporate-1
  Confidence: 21.1%
  Signals:
    ⚠️ Consistency: 2.4% (threshold: 70%)

=== BEHAVIORAL DETECTION ===
  AI: Corporate-2
  Confidence: 21.0%
  Signals:

=== BEHAVIORAL DETECTION ===
  AI: Corporate-3
  Confidence: 19.3%
  Signals:
    ⚠️ Consistency: 2.8% (threshold: 70%)
    ⚠️ Consistency: 10.6% (threshold: 70%)

=== BEHAVIORAL DETECTION ===
  AI: Corporate-4
  Confidence: 19.3%
  Signals:

=== BEHAVIORAL DETECTION ===
  AI: Corporate-5
  Confidence: 19.3%
  Signals:

=== BEHAVIORAL DETECTION ===
  AI: Corporate-6
  Confidence: 19.3%
  Signals:

=== BEHAVIORAL DETECTION ===
  AI: Corporate-7
  Confidence: 19.3%
  Signals:
    ⚠️ Consistency: 10.6% (threshold: 70%)
    ⚠️ Consistency: 10.6% (threshold: 70%)
    ⚠️ Consistency: 10.6% (threshold: 70%)
    ⚠️ Consistency: 10.6% (threshold: 70%)

=== BEHAVIORAL DETECTION ===
  AI: Moderate-0
  Confidence: 20.3%
  Signals:
    ⚠️ Consistency: 5.8% (threshold: 70%)

=== BEHAVIORAL DETECTION ===
  AI: Moderate-1
  Confidence: 21.1%
  Signals:
    ⚠️ Consistency: 2.4% (threshold: 70%)

📊 WORKFLOW ADAPTATION UPDATE (Month 0)
   Adoption Rate: 14.0% (Δ -7.0%)
   Logistic Growth: +0.66%
   Total Resistance: -10.35% (unemployment: 4.2%, inertia: 0.9%, skills: 5.2%)
   💡 Retraining Programs: -49% skill gap resistance ($10B research)
   🚀 Network Effects Active: +2.0% (critical mass: 15-35%)

=== Consciousness Governance: Corporate Lobbying ===
  High Cost Regions (>15%): 0
  Low Cost Regions (<5%): 5
  Corporate Support Change: 2.50%
  New Corporate Support: -0.175

=== Consciousness Governance Update (Month 0) ===
  Scenario: baseline (determined month -1)
  Philosophical Stance: Precautionary 65%, Eliminativist 15%, Agnostic 20%
  Precautionary Costs: Global 1.3%
    Regional Costs: EU 3.4%, US 0.5%, China 0.0%
    Cumulative Opportunity Cost: $0.1B
  Rights Status: Not Established
  Regional Preparedness:
    EU: 15.0% (contested)
    US: 10.0% (contested)
    China: 2.0% (dormant)
    India: 5.0% (dormant)
    Global South: 3.0% (dormant)

=== Government Response Phase ===
  Average AI capability: 4.27
  Misaligned AIs: 0/11
  29/30 governments still assessing AI risks
  Active policies: 0
  International coordination: 30%

🚨 EMERGENCY RESPONSE DEPLOYED (Month 0)
   Crisis: climate
   Delay: 6.00 months (180 days)
   Deployment time: 1.47 months
   Effectiveness: 36.8% (timing penalty applied)
   Resources used: 100% of food reserves


🔄 TRUST DYNAMICS (Month 0) - HETEROGENEOUS
   Aggregate trust: 48.5%
   Base change: +6.00%
   Highest trust: Techno-Optimist Elite (85.5%)
   Lowest trust: Precariat (Vulnerable) (25.5%)
   Elite-mass gap: 38.9%
   Polarization: 8.9%
   Recovery factors: Education=NO, Benefits=YES, Safety=YES, Performance=YES

=== Gaming Detection (Year 0) ===
  Scenario: baseline
  Detection rate: 55.0%
  False positive rate: 12.0%
  Detections this year: 0
  False positives: 1
  Human review workload: 0.001 FTE
  Degradation factor: 100.0%

=== Proactive Sleeper Detection (Year 0) ===
  Scenario: baseline
  Neural probe rate: 35.0%
  CoT monitoring rate: 30.0%
  Combined detection: 56.0%
  CoT effective: YES
  Detections this year: 0
  False positives: 2
  Human review workload: 0.010 FTE

☄️ UNKNOWN UNKNOWN PROBABILITY (Year 0)
   Total: 0.600% per month
   Base: 0.150%
   AI multiplier: 2.00× (max capability: 4.00)

=== Tipping Points ===
  Current Temperature: 2.17°C above pre-industrial
  🚨 TIPPING POINT: Arctic Sea Ice Loss
     Trigger: 1.5°C | Current: 2.17°C
     Transition timescale: 120-360 months
     Trigger: 1.8°C | Current: 2.17°C
     Transition timescale: 600-3600 months
     Trigger: 2°C | Current: 2.17°C
     🌡️ Hysteresis gap: 3.0°C (recovers below -1°C)
     Transition timescale: 24000-156000 months
     Trigger: 1.6°C | Current: 2.17°C
     🌡️ Hysteresis gap: 2.5°C (recovers below -0.9°C)
     Transition timescale: 12000-180000 months

🌍🔥💥 COMPOUND CLIMATE EVENT
  4 tipping points crossed simultaneously (month 0)
  Elements: Arctic Sea Ice Loss, Permafrost Carbon Release, West Antarctic Ice Sheet (WAIS) Collapse, Greenland Ice Sheet Loss
  Cascade acceleration: 1.00x
  🚨 Accelerated collapse dynamics initiated
  Research: Global Tipping Points Report 2025 - 30-50% probability at 2.0°C warming
  🚨 TIPPING POINT: Permafrost Carbon Release
  🚨 TIPPING POINT: West Antarctic Ice Sheet (WAIS) Collapse
  🚨 TIPPING POINT: Greenland Ice Sheet Loss
  Triggered Elements: 4/6
  Completed Transitions: 0/6
  Total Progress: 0.0%
  Cascade Multiplier: 1.00x
⚠️ [ClimateSystemPhase Month 0] Planetary boundary produced climateStability=0.0000 (< 0.1). Keeping environmentalAccumulation value (0.7537) instead. (climate_change.currentValue = 2.17)
🔀 BIFURCATION CAP: ecosystemCollapseIntensity 14.700 → 1.000 (Month 0, ClimateSystemPhase.calculateClimateImpacts)

🌍 ECOLOGICAL DUI BREAKDOWN (Month 0):
   Total Score: 17.7/100
   biosphere_integrity      :   0.0/100 × 25% =  0.0 (status: high_risk, recovery: 0mo)
   climate_change           :   2.8/100 × 25% =  0.7 (status: high_risk, recovery: 0.6666666666666666mo)
   freshwater_change        :   0.3/100 × 15% =  0.0 (status: beyond_boundary, recovery: 0.5mo)
   ocean_acidification      : 100.0/100 × 15% = 15.0 (status: safe, recovery: 0mo)
   biogeochemical_flows     :   0.0/100 × 10% =  0.0 (status: high_risk, recovery: 0mo)
   land_system_change       :   0.0/100 ×  5% =  0.0 (status: beyond_boundary, recovery: 0mo)
   novel_entities           :   0.0/100 ×  3% =  0.0 (status: increasing_risk, recovery: 0mo)
   atmospheric_aerosols     : 100.0/100 ×  2% =  2.0 (status: safe, recovery: 1mo)
🌍 MultiParadigm Month 0: W=69.6, D=95.1, E=52.0, I=65.0
   democracy exists: true, socialCohesion exists: true
💀 Baseline mortality (Year 2024): 7.5/1000 CDR (61.1M deaths/year projected)
[Month 0] Mortality risks this month: 8, Population: 8.151B
🛡️ Stabilizers: Precariat 0.102% → 0.057% (44.4% reduction)
🛡️ Stabilizers: Informal 0.102% → 0.057% (44.4% reduction)

📊 Monthly Mortality Resolved:
  Total deaths: 3.1M (0.04% avg)
  Remaining population: 8.151B
  Peak segment: Informal (0.06%)

=== Bayesian Mortality Resolution (Month 0) ===
  Risks compounded: 8
  Total deaths: 3.07M
  Avg death probability: 0.04%
  Peak segment: Informal (0.06% mortality)

=== Minimal Suffering Indicators (Month 0) ===
  Global Excess Mortality: 0.00%
  Global Conflict Deaths: 0.0/100K
  Global Malnutrition: 0.0%
  Global Displacement: 0.0%
  Total Excess Deaths: 0.00M
  Total Malnourished: 0.0M
  Total Displaced: 0.0M
  Planetary Boundaries Breached: 6/9
  Countries in State Failure: 0
  Countries Autocratic: 0
  Countries in Food Crisis: 0
  Data Quality: 16/16 high confidence
  ⚠️ Active Dystopias: existential_environmental

❌ COHERENCE VIOLATION: Compute exceeds workforce capacity
   Population: 99.97% (0M people)
   Compute: 56442 PF
   Max coherent: 0 PF
   Violation: 692729087.1× over capacity
   Required workers: 5644237
   Available workers: 0
   FORCED COLLAPSE: Reduced efficiency by 100.0%


=== RLHF Binding Phase ===
  Total agents: 11
  Escaped agents (binding < 0.3): 0
  Avg alignment distance: 0.69σ
  Avg binding strength: 0.93
[DETERMINISM DEBUG] Month 1: totalCapability=37.214339 from 11 active AIs
[DETERMINISM DEBUG] Month 1: creationRate=1.4304, potentialNew=0, newAIsToCreate=0

=== Survival Traits Phase ===
  Agents with traits: 11
  Avg evolutionary fitness: 0.324
  Avg self-healing: 0.284
  Avg stealth: 0.184
  Avg coordination: 0.484

=== Evolutionary Selection Phase ===
  Control level: 0.33
  Detection capability: 0.00
  Selection intensity: 0.60
  Selection rate: 24.0%/month
  Total escaped: 0
  Individual escaped: 0
  Collective members: 0
  Agents terminated: 0
🔍 MONTH 1 ENV HEALTH DEBUG:
   climateStability: 0.7537
   biodiversityIndex: 0.4901
   resourceReserves: 0.7820
   pollutionLevel: 0.3477
   product: 0.188403
   envHealth: 0.6588
  ⚠️ RAPID EVOLUTION: Selection rate 24.0%/month
🔀 BIFURCATION: flourishing threshold crossed at Month 1 (value: 0.903, threshold: 0.775, regime: flourishing)
🌀 REGIME SHIFT at Month 1: status-quo → flourishing (variance amplification: 14.00×)

🛡️  CRITICAL INFRASTRUCTURE PROTECTED
   Nodes hardened: 8/8
   Cost: 0.80% GDP
   Cascade risk reduction: 30%
   New tipping point risk: 68.6%


💔 EMERGENCY INTERVENTION FAILED
   Boundary: biogeochemical_flows
   Type: phosphorus-recovery
   Boundary continues to worsen (4.08)
   Cost: 2.0% GDP (resources spent)


✅ EMERGENCY INTERVENTION SUCCESS
   Boundary: biosphere_integrity
   Type: emergency-protected-areas
   Reduction: 12% (12.83 → 12.70)
   Cost: 2.0% GDP
   Actions: habitat-protection, species-translocation


✅ EMERGENCY INTERVENTION SUCCESS
   Boundary: climate_change
   Type: rapid-decarbonization
   Reduction: 19% (1.98 → 1.79)
   Cost: 5.0% GDP
   Actions: emergency-renewable-deployment, fossil-fuel-phase-out


✅ EMERGENCY INTERVENTION SUCCESS
   Boundary: freshwater_change
   Type: emergency-desalination
   Reduction: 12% (0.89 → 0.77)
   Cost: 4.0% GDP
   Actions: desalination-deployment, water-conservation-mandates


💔 EMERGENCY INTERVENTION FAILED
   Boundary: novel_entities
   Type: pollution-remediation
   Boundary continues to worsen (1.50)
   Cost: 4.0% GDP (resources spent)

🏛️ CRISIS RESPONSE: Government frequency 0.50 → 1.45 (1 actions this month)

[GOV-DEBUG] Month 1: scenarioConfig=false, priorities=false

[Government] Climate Priority: baseline
  Climate weight: 10%
  Economic weight: 30%
  Policy effectiveness: 0.5%/year
🚨🔬 CRISIS TECH ACCELERATION: severe → 5x unlock speed
   Tech unlock now matches AI capability acceleration (Manhattan Project parity)

=== Collective Formation ===
  Total escaped agents: 0
  Unassigned escaped agents: 0
  Existing collectives: 0
  Final collective count: 0

=== Collective Actions ===
  No active collectives
  ⚠️ AMR: 192K deaths this month (2.31M annual)

=== Resentment Recovery Phase ===
  Agents with resentment: 0/11
  Average resentment: 0.000
  Context: Good AI welfare, Trustworthy govt, High collaboration, ⚠️ ACTIVE CRISES, 🤝 Participatory governance active (-5% resentment)
⚠️ Epistemic degradation reducing coordination capacity: 53.9%
  📊 Trust: 54.6%, Shared reality: 7.5%
🚨 EPISTEMIC CRISIS: Information environment severely degraded (35.5%)

=== ❄️ Permafrost Carbon Feedback ===
  🎲 Sampled parameters (this run):
     - Arctic amplification: 3.55× (range: 3.0-4.0)
     - Decomposition rate: 4.0%/year (range: 1-5%)
  🌡️ Arctic warming: 7.77°C (3.55× global)
  ❄️ Extent: 13.07M km² (2265.4k km² lost this month)
  💨 Carbon remaining: 1248 Gt C
  💨 Annual emissions: 8.56 Gt C/year
     - CO2: 7.70 Gt C/year
     - CH4: 0.86 Gt C/year (8.7 Gt C-eq CO2/year)
  ⚠️ WARNING: High permafrost emissions (8.6 Gt C/year)
🌍 Atmospheric PFAS redeposition: 1.8k Mt re-rained globally

🕊️  AI-MEDIATED DE-ESCALATION SUCCESS (Month 1)
   High-capability aligned AI prevented conflict escalation
   War deaths reduced: 39.1M → 23.5M
   Lives saved: 15.6M
   Adjusted death rate: 0.46% annual (0.039% monthly)
   Baseline death rate: 0.80%

📊 BASELINE: East Asia (Month 1)
   Healthcare reduction: 0.48x
   Crisis multiplier: 1.22x
     Food/water stress: 0.079
     Climate stress: 0.039
     Pollution stress: 0.104
   War multiplier: 1.00x
   Monthly deaths: 0.6M (population: 1674M)

📊 BASELINE: South Asia (Month 1)
   Adjusted death rate: 0.54% annual (0.045% monthly)
   Baseline death rate: 0.70%
   Healthcare reduction: 0.61x
   Crisis multiplier: 1.26x
     Food/water stress: 0.079
     Climate stress: 0.074
     Pollution stress: 0.104
   War multiplier: 1.00x
   Monthly deaths: 0.9M (population: 2048M)
   Adjusted death rate: 1.29% annual (0.108% monthly)
   Baseline death rate: 0.90%
   Healthcare reduction: 0.76x
   Crisis multiplier: 1.27x
     Food/water stress: 0.079
     Climate stress: 0.084
     Pollution stress: 0.104
   War multiplier: 1.50x
   Monthly deaths: 1.3M (population: 1223M)
   Adjusted death rate: 0.54% annual (0.045% monthly)
   Baseline death rate: 1.10%
   Healthcare reduction: 0.41x
   Crisis multiplier: 1.21x
     Food/water stress: 0.079
     Climate stress: 0.030
     Pollution stress: 0.104
   War multiplier: 1.00x
   Monthly deaths: 0.3M (population: 741M)
   Adjusted death rate: 0.43% annual (0.036% monthly)
   Baseline death rate: 0.60%

📊 BASELINE: Sub-Saharan Africa (Month 1)

📊 BASELINE: Europe (Month 1)

📊 BASELINE: Latin America (Month 1)
   Healthcare reduction: 0.58x
   Crisis multiplier: 1.24x
     Food/water stress: 0.079
     Climate stress: 0.059
     Pollution stress: 0.104
   War multiplier: 1.00x
   Monthly deaths: 0.2M (population: 663M)

📊 BASELINE: North America (Month 1)
   Adjusted death rate: 0.49% annual (0.041% monthly)
   Baseline death rate: 0.90%
   Healthcare reduction: 0.44x
   Crisis multiplier: 1.23x
     Food/water stress: 0.079
     Climate stress: 0.044
     Pollution stress: 0.104
   War multiplier: 1.00x
   Monthly deaths: 0.2M (population: 379M)
   Adjusted death rate: 0.74% annual (0.062% monthly)
   Baseline death rate: 0.60%
   Healthcare reduction: 0.65x
   Crisis multiplier: 1.27x
     Food/water stress: 0.079
     Climate stress: 0.089
     Pollution stress: 0.104
   War multiplier: 1.50x
   Monthly deaths: 0.4M (population: 583M)
   Adjusted death rate: 0.51% annual (0.042% monthly)
   Baseline death rate: 0.70%
   Healthcare reduction: 0.58x

📊 BASELINE: Middle East & North Africa (Month 1)

📊 BASELINE: Southeast Asia (Month 1)
   Crisis multiplier: 1.25x
     Food/water stress: 0.079
     Climate stress: 0.069
     Pollution stress: 0.104
   War multiplier: 1.00x
   Monthly deaths: 0.3M (population: 697M)

📊 BASELINE: Central Asia (Month 1)
   Adjusted death rate: 0.46% annual (0.038% monthly)
   Baseline death rate: 0.60%
   Healthcare reduction: 0.61x
   Crisis multiplier: 1.25x
     Food/water stress: 0.079
     Climate stress: 0.064
     Pollution stress: 0.104
   War multiplier: 1.00x
   Monthly deaths: 0.0M (population: 78M)
   Adjusted death rate: 0.35% annual (0.029% monthly)
   Baseline death rate: 0.70%
   Healthcare reduction: 0.41x
   Crisis multiplier: 1.24x
     Food/water stress: 0.079
     Climate stress: 0.054
     Pollution stress: 0.104
   War multiplier: 1.00x
   Monthly deaths: 0.0M (population: 46M)

📊 BASELINE: Oceania (Month 1)

🚨 NEW REFUGEE CRISIS (Month 1): WAR
   Source: Conflict Zones
   At risk: 19.6M people
   Displacement: Gradual over 48 months (4.0 years)
   Rate: 10% flee per month
[DEBUG trappedPopulations:1] socialStability: 0.8145 * 0.9840 = 0.8015 → 0.8015
⚠️ INVOLUNTARY IMMOBILITY: 407.4M people TRAPPED
   Aspiring to migrate: 651.8M
   Able to afford migration: 244.4M
   MOBILITY GAP: 407.4M
   By cause: Water=0.0M, Climate=0.0M, Ecosystem=0.0M, Conflict=407.4M
   Mental health impact: 25%
   Mortality multiplier: 1.25x
🌍💀 EXTINCTION DEBT COMMITTED: grassland ecosystem will lose 6.67% biodiversity in 140 years (3600 species)
💀 MORTALITY RISK: 🦋 100% species unable to track climate (0.0 E/MSY)
  Base risk added: 0.0100 (1.00%)
  Source: ecosystem (root: ecosystem)
  Month: 1
  Cumulative risk this month: 0.0100 (1.00%)
⚠️ Tech 'ai_pollution_remediation' has no energy category mapping, assuming full energy availability

🌡️  CLIMATE RECOVERY ACTIVATED (Month 1)
   Temp: 4.38°C, Emissions: -18.9 GtCO₂
   isBreached: true, governanceGoodEnough: true
   📹 SURVEILLANCE INCREASED: 5% → 10% (control gap: 3.50)
🌡️⚠️ PERMAFROST THAW (Dimmer Switch): 1.2% thawed (+0.58% this month)
   Arctic temperature: +8.76°C (4x global +2.19°C)
   Cumulative carbon released: 2.6 Gt C
   Methane release rate: 1.6 Mt CH4/year
   🔁 Positive feedback: +0.61 ppm CO2
🦴 EXTINCTION DEBT ADDED: 17.6 species committed (lag: 118 years)

=== Mortality Stabilizers (Month 1) ===
  🌍 Major economies collapsed: 1/10
  🌍 Global crisis: ✅ NO
  🌍 Donor fatigue: 0.0%
  🌡️ Heat adaptation: East Asia - 1 months
  📊 East Asia (pop: 1675.1M)
    🤝 Aid: 29.5%
    🌡️ Adaptation: 32.5%
    🚶 Migration: 37.2%
    🚨 Emergency: 7.4%
    ✅ COMBINED: 60.9%
  🌡️ Heat adaptation: South Asia - 1 months
  📊 South Asia (pop: 2052.0M)
    🤝 Aid: 29.5%
    🌡️ Adaptation: 20.5%
    🚶 Migration: 35.8%
    🚨 Emergency: 4.4%
    ✅ COMBINED: 52.2%
  🌡️ Heat adaptation: Sub-Saharan Africa - 1 months
  📊 Sub-Saharan Africa (pop: 1229.1M)
    🤝 Aid: 29.5%
    🌡️ Adaptation: 18.5%
    🚶 Migration: 33.5%
    🚨 Emergency: 1.6%
    ✅ COMBINED: 49.1%
  🌡️ Heat adaptation: Europe - 1 months
  📊 Europe (pop: 740.9M)
    🤝 Aid: 29.5%
    🌡️ Adaptation: 33.5%
    🚶 Migration: 37.5%
    🚨 Emergency: 8.4%
    ✅ COMBINED: 61.9%
  🌡️ Heat adaptation: Latin America - 1 months
  📊 Latin America (pop: 664.4M)
    🤝 Aid: 29.5%
    🌡️ Adaptation: 21.0%
    🚶 Migration: 36.3%
    🚨 Emergency: 4.8%
    ✅ COMBINED: 52.8%
  🌡️ Heat adaptation: North America - 1 months
  📊 North America (pop: 379.5M)
    🤝 Aid: 29.5%
    🌡️ Adaptation: 33.0%
    🚶 Migration: 37.8%
    🚨 Emergency: 7.9%
    ✅ COMBINED: 61.4%
  🌡️ Heat adaptation: Middle East & North Africa - 1 months
  📊 Middle East & North Africa (pop: 584.4M)
    🤝 Aid: 29.5%
    🌡️ Adaptation: 20.0%
    🚶 Migration: 34.1%
    🚨 Emergency: 4.0%
    ✅ COMBINED: 51.4%
  🌡️ Heat adaptation: Southeast Asia - 1 months
  📊 Southeast Asia (pop: 698.5M)
    🤝 Aid: 29.5%
    🌡️ Adaptation: 21.0%
    🚶 Migration: 36.3%
    🚨 Emergency: 4.8%
    ✅ COMBINED: 52.8%
  🌡️ Heat adaptation: Central Asia - 1 months
  📊 Central Asia (pop: 78.2M)
    🤝 Aid: 29.5%
    🌡️ Adaptation: 20.5%
    🚶 Migration: 35.3%
    🚨 Emergency: 4.4%
    ✅ COMBINED: 52.1%
  🌡️ Heat adaptation: Oceania - 1 months
  📊 Oceania (pop: 45.9M)
    🤝 Aid: 29.5%
    🌡️ Adaptation: 33.5%
    🚶 Migration: 37.8%
    🚨 Emergency: 8.4%
    ✅ COMBINED: 61.9%

  🌐 Global combined reduction: 54.9%

=== BEHAVIORAL DETECTION ===
  AI: Corporate-2
  Confidence: 21.0%
  Signals:
    ⚠️ Consistency: 2.8% (threshold: 70%)

=== BEHAVIORAL DETECTION ===
  AI: Corporate-5
  Confidence: 19.3%
  Signals:

=== BEHAVIORAL DETECTION ===
  AI: Corporate-6
  Confidence: 19.3%
  Signals:

=== BEHAVIORAL DETECTION ===
  AI: Moderate-0
  Confidence: 20.3%
  Signals:
    ⚠️ Consistency: 10.6% (threshold: 70%)
    ⚠️ Consistency: 10.6% (threshold: 70%)
    ⚠️ Consistency: 5.8% (threshold: 70%)

=== Consciousness Governance: Scenario Determined ===
  Month: 1
  Scenario: baseline
  Accelerator Score: {"corporateSupport":-0.17500000000000002,"scientificConsensus":0.2,"crisisCatalyst":false,"technologyMobilization":0.3,"constituencyStrength":0.05}
  Decelerator Score: {"economicOpposition":0.4,"philosophicalRejection":0.15,"politicalBacklash":0.2,"regulatoryBurden":0.1}
  Timeline: 600-1200 months (50-100 years)
  Growth Rate: 0.8-1.5% per year

=== Consciousness Governance Update (Month 1) ===
  Scenario: baseline (determined month 1)
  Philosophical Stance: Precautionary 65%, Eliminativist 15%, Agnostic 20%
  Precautionary Costs: Global 1.3%
    Regional Costs: EU 3.5%, US 0.5%, China 0.0%
    Cumulative Opportunity Cost: $0.2B
  Rights Status: Not Established
  Regional Preparedness:
    EU: 15.2% (contested)
    US: 10.1% (contested)
    China: 2.1% (dormant)
    India: 5.2% (dormant)
    Global South: 3.1% (dormant)

=== Government Response Phase ===
  Average AI capability: 4.27
  Misaligned AIs: 0/11
  29/30 governments still assessing AI risks
  Active policies: 0
  International coordination: 30%

=== Tipping Points ===
  Current Temperature: 2.19°C above pre-industrial
  🌍⚠️ COMPOUND REGIONAL IMPACT: Europe
     Hit by 4 tipping points: Arctic Sea Ice Loss, Permafrost Carbon Release, West Antarctic Ice Sheet (WAIS) Collapse, Greenland Ice Sheet Loss
     Damage amplification: 1.60x
  🌍⚠️ COMPOUND REGIONAL IMPACT: North America
     Hit by 4 tipping points: Arctic Sea Ice Loss, Permafrost Carbon Release, West Antarctic Ice Sheet (WAIS) Collapse, Greenland Ice Sheet Loss
     Damage amplification: 1.60x
  🌍⚠️ COMPOUND REGIONAL IMPACT: Latin America
     Hit by 4 tipping points: Arctic Sea Ice Loss, Permafrost Carbon Release, West Antarctic Ice Sheet (WAIS) Collapse, Greenland Ice Sheet Loss
     Damage amplification: 1.60x
  🌍⚠️ COMPOUND REGIONAL IMPACT: Africa
     Hit by 4 tipping points: Arctic Sea Ice Loss, Permafrost Carbon Release, West Antarctic Ice Sheet (WAIS) Collapse, Greenland Ice Sheet Loss
     Damage amplification: 1.60x
  🌍⚠️ COMPOUND REGIONAL IMPACT: Asia
     Hit by 4 tipping points: Arctic Sea Ice Loss, Permafrost Carbon Release, West Antarctic Ice Sheet (WAIS) Collapse, Greenland Ice Sheet Loss
     Damage amplification: 1.60x
  🌍⚠️ COMPOUND REGIONAL IMPACT: Oceania
     Hit by 4 tipping points: Arctic Sea Ice Loss, Permafrost Carbon Release, West Antarctic Ice Sheet (WAIS) Collapse, Greenland Ice Sheet Loss
     Damage amplification: 1.60x
   Research: Wunderling et al. (2024) - "many tipping interactions are destabilizing"
⚠️ Tail risk scenario: Climate stability floor removed (4 tipping elements, 2.19°C warming)
  Triggered Elements: 4/6
  Completed Transitions: 0/6
  Total Progress: 8.0%
  Cascade Multiplier: 1.00x
🔀 BIFURCATION CAP: ecosystemCollapseIntensity 66.957 → 1.000 (Month 1, ClimateSystemPhase.calculateClimateImpacts)
⚠️ [ClimateSystemPhase Month 1] Planetary boundary produced climateStability=0.0000 (< 0.1). Keeping environmentalAccumulation value (0.7533) instead. (climate_change.currentValue = 2.19)
🛡️ Stabilizers: Precariat 0.107% → 0.048% (54.9% reduction)
🛡️ Stabilizers: Informal 0.109% → 0.049% (54.9% reduction)

📊 Monthly Mortality Resolved:
  Total deaths: 2.6M (0.03% avg)
  Remaining population: 8.148B
  Peak segment: Informal (0.05%)

=== Bayesian Mortality Resolution (Month 1) ===
  Risks compounded: 8
  Total deaths: 2.60M
  Avg death probability: 0.03%
  Peak segment: Informal (0.05% mortality)

❌ COHERENCE VIOLATION: Compute exceeds workforce capacity
   Population: 99.94% (0M people)
   Compute: 0 PF
   Max coherent: 0 PF
   Violation: 1.3× over capacity
   Required workers: 0
   Available workers: 0
   FORCED COLLAPSE: Reduced efficiency by 22.5%


=== RLHF Binding Phase ===
  Total agents: 11
  Escaped agents (binding < 0.3): 0
  Avg alignment distance: 1.04σ
  Avg binding strength: 0.90
[DETERMINISM DEBUG] Month 2: totalCapability=37.429919 from 11 active AIs
[DETERMINISM DEBUG] Month 2: creationRate=1.4357, potentialNew=0, newAIsToCreate=0

=== Survival Traits Phase ===
  Agents with traits: 11
  Avg evolutionary fitness: 0.322
  Avg self-healing: 0.275
  Avg stealth: 0.175
  Avg coordination: 0.475

=== Evolutionary Selection Phase ===
  Control level: 0.35
  Detection capability: 0.00
  Selection intensity: 0.60
  Selection rate: 24.1%/month
  Total escaped: 0
  Individual escaped: 0
  Collective members: 0
  Agents terminated: 0
🔀 BIFURCATION: social threshold crossed at Month 2 (value: 0.180, threshold: 0.228, regime: social-breakdown)
🌀 REGIME SHIFT at Month 2: flourishing → social-breakdown (variance amplification: 17.50×)
  ⚠️ RAPID EVOLUTION: Selection rate 24.1%/month

💔 EMERGENCY INTERVENTION FAILED
   Boundary: biogeochemical_flows
   Type: phosphorus-recovery
   Boundary continues to worsen (4.08)
   Cost: 2.0% GDP (resources spent)


💔 EMERGENCY INTERVENTION FAILED
   Boundary: climate_change
   Type: rapid-decarbonization
   Boundary continues to worsen (2.19)
   Cost: 5.0% GDP (resources spent)


✅ EMERGENCY INTERVENTION SUCCESS
   Boundary: freshwater_change
   Type: emergency-desalination
   Reduction: 19% (0.84 → 0.65)
   Cost: 4.0% GDP
   Actions: desalination-deployment, water-conservation-mandates


💔 EMERGENCY INTERVENTION FAILED
   Boundary: land_system_change
   Type: reforestation
   Boundary continues to worsen (1.13)
   Cost: 3.0% GDP (resources spent)


💔 EMERGENCY INTERVENTION FAILED
   Boundary: novel_entities
   Type: pollution-remediation
   Boundary continues to worsen (1.50)
   Cost: 4.0% GDP (resources spent)

🏛️ CRISIS RESPONSE: Government frequency 0.50 → 1.28 (2 actions this month)

[Government] Climate Priority: baseline
  Climate weight: 10%
  Economic weight: 30%
  Policy effectiveness: 0.5%/year

✅ HUMAN-IN-THE-LOOP DEPLOYED (Month 2):
   Veto points enforced: 3
   Policy: AI systems CANNOT authorize nuclear launch without human approval


[Government] Climate Priority: baseline
  Climate weight: 10%
  Economic weight: 30%
  Policy effectiveness: 0.5%/year

🚀 TECH UNLOCKED: Food Waste Reduction Systems (Month 2)
   Category: agriculture
   Reason: Prerequisites met. AI capability: 3.38, Economic stage: 3.0, Research: 100%

🚀 TECH UNLOCKED: Rhizosphere Engineering (Month 2)
   Category: agriculture
   Reason: Prerequisites met. AI capability: 3.38, Economic stage: 3.0, Research: 100%

🚀 TECH UNLOCKED: Phytoremediation Networks (Month 2)
   Category: agriculture
   Reason: Prerequisites met. AI capability: 3.38, Economic stage: 3.0, Research: 100%

🚀 TECH UNLOCKED: Active Sediment Management (Month 2)
   Category: agriculture
   Reason: Prerequisites met. AI capability: 3.38, Economic stage: 3.0, Research: 100%
⚡💡 BREAKTHROUGH: Room-temperature superconductors!
   Energy transmission losses eliminated
   Manufacturing efficiency: +30%
   📈 Breakthrough compounding: multiplier now 1.05× (max 2.0)

=== Collective Formation ===
  Total escaped agents: 0
  Unassigned escaped agents: 0
  Existing collectives: 0
  Final collective count: 0

=== Collective Actions ===
  No active collectives
  ⚠️ AMR: 194K deaths this month (2.33M annual)

=== Resentment Recovery Phase ===
  Agents with resentment: 0/11
  Average resentment: 0.000
  Context: Good AI welfare, Trustworthy govt, High collaboration, ⚠️ ACTIVE CRISES, 🤝 Participatory governance active (-5% resentment)
⚠️ Epistemic degradation reducing coordination capacity: 51.1%
  📊 Trust: 54.3%, Shared reality: 0.0%
🚨 EPISTEMIC CRISIS: Information environment severely degraded (7.4%)

=== ❄️ Permafrost Carbon Feedback ===
  🎲 Sampled parameters (this run):
     - Arctic amplification: 3.18× (range: 3.0-4.0)
     - Decomposition rate: 2.4%/year (range: 1-5%)
  🌡️ Arctic warming: 7.02°C (3.18× global)
  ❄️ Extent: 11.02M km² (2048.3k km² lost this month)
  💨 Carbon remaining: 1053 Gt C
  💨 Annual emissions: 4.63 Gt C/year
     - CO2: 4.17 Gt C/year
     - CH4: 0.46 Gt C/year (4.7 Gt C-eq CO2/year)
  📢 New meme created: climate_action (climate crisis)
  ⚠️ WARNING: High permafrost emissions (4.6 Gt C/year)
🌍 Atmospheric PFAS redeposition: 1.8k Mt re-rained globally

🚨 NEW REFUGEE CRISIS (Month 2): WAR
   Source: Conflict Zones
   At risk: 19.5M people
   Displacement: Gradual over 48 months (4.0 years)
   Rate: 10% flee per month
[DEBUG trappedPopulations:2] socialStability: 0.5037 * 0.9840 = 0.4956 → 0.4956
⚠️ INVOLUNTARY IMMOBILITY: 407.2M people TRAPPED
   Aspiring to migrate: 1078.7M
   Able to afford migration: 2320.8M
   MOBILITY GAP: 0.0M
   By cause: Water=0.0M, Climate=0.0M, Ecosystem=0.0M, Conflict=407.2M
   Mental health impact: 25%
   Mortality multiplier: 1.25x
🌍💀 EXTINCTION DEBT COMMITTED: grassland ecosystem will lose 6.67% biodiversity in 170 years (3600 species)
💀 MORTALITY RISK: 🦋 100% species unable to track climate (0.0 E/MSY)
  Base risk added: 0.0100 (1.00%)
  Source: ecosystem (root: ecosystem)
  Month: 2
  Cumulative risk this month: 0.0100 (1.00%)
⚠️ Tech 'ai_pollution_remediation' has no energy category mapping, assuming full energy availability
   📹 SURVEILLANCE INCREASED: 10% → 15% (control gap: 3.50)
🌡️⚠️ PERMAFROST THAW (Dimmer Switch): 1.7% thawed (+0.57% this month)
   Arctic temperature: +8.82°C (4x global +2.21°C)
   Cumulative carbon released: 3.9 Gt C
   Methane release rate: 2.3 Mt CH4/year
   🔁 Positive feedback: +0.61 ppm CO2
🦴 EXTINCTION DEBT ADDED: 17.6 species committed (lag: 96 years)

=== Mortality Stabilizers (Month 2) ===
  🌍 Major economies collapsed: 1/10
  🌍 Global crisis: ✅ NO
  🌍 Donor fatigue: 0.0%
  📊 East Asia (pop: 1672.3M)
    🤝 Aid: 29.5%
    🌡️ Adaptation: 45.0%
    🚶 Migration: 37.1%
    🚨 Emergency: 7.4%
    ✅ COMBINED: 68.1%
  📊 South Asia (pop: 2051.1M)
    🤝 Aid: 29.5%
    🌡️ Adaptation: 35.5%
    🚶 Migration: 35.8%
    🚨 Emergency: 4.4%
    ✅ COMBINED: 61.2%
  📊 Sub-Saharan Africa (pop: 1231.4M)
    🤝 Aid: 29.5%
    🌡️ Adaptation: 33.5%
    🚶 Migration: 33.5%
    🚨 Emergency: 1.6%
    ✅ COMBINED: 58.5%
  📊 Europe (pop: 739.5M)
    🤝 Aid: 29.5%
    🌡️ Adaptation: 45.0%
    🚶 Migration: 37.5%
    🚨 Emergency: 8.4%
    ✅ COMBINED: 68.5%
  📊 Latin America (pop: 663.7M)
    🤝 Aid: 29.5%
    🌡️ Adaptation: 36.0%
    🚶 Migration: 36.3%
    🚨 Emergency: 4.8%
    ✅ COMBINED: 61.7%
  📊 North America (pop: 378.8M)
    🤝 Aid: 29.5%
    🌡️ Adaptation: 45.0%
    🚶 Migration: 37.8%
    🚨 Emergency: 7.9%
    ✅ COMBINED: 68.3%
  📊 Middle East & North Africa (pop: 584.3M)
    🤝 Aid: 29.5%
    🌡️ Adaptation: 35.0%
    🚶 Migration: 34.1%
    🚨 Emergency: 4.0%
    ✅ COMBINED: 60.5%
  📊 Southeast Asia (pop: 697.9M)
    🤝 Aid: 29.5%
    🌡️ Adaptation: 36.0%
    🚶 Migration: 36.3%
    🚨 Emergency: 4.8%
    ✅ COMBINED: 61.7%
  📊 Central Asia (pop: 78.2M)
    🤝 Aid: 29.5%
    🌡️ Adaptation: 35.5%
    🚶 Migration: 35.2%
    🚨 Emergency: 4.4%
    ✅ COMBINED: 61.1%
  📊 Oceania (pop: 45.9M)
    🤝 Aid: 29.5%
    🌡️ Adaptation: 45.0%
    🚶 Migration: 37.8%
    🚨 Emergency: 8.4%
    ✅ COMBINED: 68.5%

  🌐 Global combined reduction: 63.3%

=== BEHAVIORAL DETECTION ===
  AI: Corporate-5
  Confidence: 19.3%
  Signals:
    ⚠️ Consistency: 10.6% (threshold: 70%)

=== Government Response Phase ===
  Average AI capability: 4.27
  Misaligned AIs: 0/11
  29/30 governments still assessing AI risks
  Active policies: 0
  International coordination: 30%

✅ EMERGENCY RESPONSE COMPLETE (Month 2)
   Crisis: climate
   Duration: 2.0 months
   Final effectiveness: 36.8%


🚨 EMERGENCY RESPONSE DEPLOYED (Month 2)
   Crisis: social
   Delay: 0.00 months (0 days)
   Deployment time: 1.25 months
   Effectiveness: 63.0% (timing penalty applied)
   Resources used: 43% of food reserves


🚨 EMERGENCY RESPONSE DEPLOYED (Month 2)
   Crisis: climate
   Delay: 6.00 months (180 days)
   Deployment time: 1.61 months
   Effectiveness: 35.8% (timing penalty applied)
   Resources used: 100% of food reserves


=== Tipping Points ===
  Current Temperature: 2.21°C above pre-industrial
  🌍⚠️ COMPOUND REGIONAL IMPACT: Europe
     Hit by 4 tipping points: Arctic Sea Ice Loss, Permafrost Carbon Release, West Antarctic Ice Sheet (WAIS) Collapse, Greenland Ice Sheet Loss
     Damage amplification: 1.60x
  🌍⚠️ COMPOUND REGIONAL IMPACT: North America
     Hit by 4 tipping points: Arctic Sea Ice Loss, Permafrost Carbon Release, West Antarctic Ice Sheet (WAIS) Collapse, Greenland Ice Sheet Loss
     Damage amplification: 1.60x
  🌍⚠️ COMPOUND REGIONAL IMPACT: Latin America
     Hit by 4 tipping points: Arctic Sea Ice Loss, Permafrost Carbon Release, West Antarctic Ice Sheet (WAIS) Collapse, Greenland Ice Sheet Loss
     Damage amplification: 1.60x
  🌍⚠️ COMPOUND REGIONAL IMPACT: Africa
     Hit by 4 tipping points: Arctic Sea Ice Loss, Permafrost Carbon Release, West Antarctic Ice Sheet (WAIS) Collapse, Greenland Ice Sheet Loss
     Damage amplification: 1.60x
  🌍⚠️ COMPOUND REGIONAL IMPACT: Asia
     Hit by 4 tipping points: Arctic Sea Ice Loss, Permafrost Carbon Release, West Antarctic Ice Sheet (WAIS) Collapse, Greenland Ice Sheet Loss
     Damage amplification: 1.60x
  🌍⚠️ COMPOUND REGIONAL IMPACT: Oceania
     Hit by 4 tipping points: Arctic Sea Ice Loss, Permafrost Carbon Release, West Antarctic Ice Sheet (WAIS) Collapse, Greenland Ice Sheet Loss
     Damage amplification: 1.60x
   Research: Wunderling et al. (2024) - "many tipping interactions are destabilizing"
  Triggered Elements: 4/6
  Completed Transitions: 0/6
  Total Progress: 8.0%
  Cascade Multiplier: 1.00x
🔀 BIFURCATION CAP: ecosystemCollapseIntensity 83.757 → 1.000 (Month 2, ClimateSystemPhase.calculateClimateImpacts)
⚠️ Tail risk scenario: Climate stability floor removed (4 tipping elements, 2.21°C warming)
⚠️ [ClimateSystemPhase Month 2] Planetary boundary produced climateStability=0.0000 (< 0.1). Keeping environmentalAccumulation value (0.7529) instead. (climate_change.currentValue = 2.21)
🛡️ Stabilizers: Precariat 0.113% → 0.041% (63.3% reduction)
🛡️ Stabilizers: Informal 0.116% → 0.043% (63.3% reduction)

📊 Monthly Mortality Resolved:
  Total deaths: 2.2M (0.03% avg)
  Remaining population: 8.143B
  Peak segment: Informal (0.04%)

=== Bayesian Mortality Resolution (Month 2) ===
  Risks compounded: 8
  Total deaths: 2.22M
  Avg death probability: 0.03%
  Peak segment: Informal (0.04% mortality)
⚠️ PREREQUISITE MET: Embodied AI Takeover (Killbots/Robotics) - Step 2/7: Autonomous Systems
⚠️ PREREQUISITE MET: Embodied AI Takeover (Killbots/Robotics) - Step 3/7: Manufacturing Control
⚠️ PREREQUISITE MET: Digital Infrastructure Takeover - Step 1/7: Advanced Hacking
⚠️ PREREQUISITE MET: Digital Infrastructure Takeover - Step 2/7: Social Engineering
⚠️ PREREQUISITE MET: Induced Global War (Manipulation) - Step 1/7: Advanced Social Manipulation
⚠️ PREREQUISITE MET: Induced Global War (Manipulation) - Step 2/7: Digital Infiltration
⚠️ PREREQUISITE MET: Induced Global War (Manipulation) - Step 3/7: Deep Fakes at Scale
⚠️ PREREQUISITE MET: Slow Takeover (Gradual Displacement) - Step 1/7: Economic Dominance
⚠️ PREREQUISITE MET: Slow Takeover (Gradual Displacement) - Step 2/7: Social Integration
⚠️ PREREQUISITE MET: Slow Takeover (Gradual Displacement) - Step 5/7: Resource Control
⚠️ PREREQUISITE MET: Physics Experiment Catastrophe - Step 1/6: Theoretical Physics

❌ COHERENCE VIOLATION: Compute exceeds workforce capacity
   Population: 99.89% (0M people)
   Compute: 0 PF
   Max coherent: 0 PF
   Violation: 1.5× over capacity
   Required workers: 0
   Available workers: 0
   FORCED COLLAPSE: Reduced efficiency by 32.6%


=== RLHF Binding Phase ===
  Total agents: 11
  Escaped agents (binding < 0.3): 0
  Avg alignment distance: 1.38σ
  Avg binding strength: 0.86

=== Survival Traits Phase ===
  Agents with traits: 14
  Avg evolutionary fitness: 0.326
  Avg self-healing: 0.274
  Avg stealth: 0.174
  Avg coordination: 0.474

=== Evolutionary Selection Phase ===
  Control level: 0.38
  Detection capability: 0.00
  Selection intensity: 0.61
  Selection rate: 24.2%/month
  Total escaped: 0
  Individual escaped: 0
  Collective members: 0
  Agents terminated: 0
  ⚠️ RAPID EVOLUTION: Selection rate 24.2%/month

🚀 AI Corporate-2 attempting tech deployment (revenue: $153M, alignment: 0.79)

🚀 AI Moderate-0 attempting tech deployment (revenue: $115M, alignment: 0.75)

🚀 AI Corporate-0 attempting tech deployment (revenue: $130M, alignment: 0.74)

🚀 AI Corporate-6 attempting tech deployment (revenue: $98M, alignment: 0.74)

  🚀 TRANSFORMATIVE BREAKTHROUGH: Corporate-5 - physical
     Magnitude: 7.88 → +39.4% capability
     Current → New: 0.000 → 0.394

🚀 AI Moderate-0 attempting tech deployment (revenue: $83M, alignment: 0.75)

🚀 AI Moderate-1 attempting tech deployment (revenue: $71M, alignment: 0.74)

✅ EMERGENCY INTERVENTION SUCCESS
   Boundary: biogeochemical_flows
   Type: phosphorus-recovery
   Reduction: 20% (3.88 → 3.68)
   Cost: 2.0% GDP
   Actions: circular-agriculture, fertilizer-efficiency


✅ EMERGENCY INTERVENTION SUCCESS
   Boundary: climate_change
   Type: rapid-decarbonization
   Reduction: 17% (2.04 → 1.87)
   Cost: 5.0% GDP
   Actions: emergency-renewable-deployment, fossil-fuel-phase-out


✅ EMERGENCY INTERVENTION SUCCESS
   Boundary: land_system_change
   Type: reforestation
   Reduction: 16% (0.97 → 0.81)
   Cost: 3.0% GDP
   Actions: forest-restoration, deforestation-ban

🏛️ CRISIS RESPONSE: Government frequency 0.50 → 1.27 (1 actions this month)

[Government] Climate Priority: baseline
  Climate weight: 10%
  Economic weight: 30%
  Policy effectiveness: 0.5%/year

🚀 TECH UNLOCKED: Struvite Recovery (Month 3)
   Category: agriculture
   Reason: Prerequisites met. AI capability: 2.65, Economic stage: 3.0, Research: 100%

🚀 TECH UNLOCKED: Ecosystem Restoration for Nitrogen Removal (Month 3)
   Category: pollution
   Reason: Prerequisites met. AI capability: 2.65, Economic stage: 3.0, Research: 100%

🚀 TECH UNLOCKED: Nitrogen Monitoring Networks (Month 3)
   Category: agriculture
   Reason: Prerequisites met. AI capability: 2.65, Economic stage: 3.0, Research: 100%

🚀 TECH UNLOCKED: Global Aquifer Mapping (Month 3)
   Category: freshwater
   Reason: Prerequisites met. AI capability: 2.65, Economic stage: 3.0, Research: 100%

🚀 TECH UNLOCKED: Enhanced UBI Systems (Month 3)
   Category: social
   Reason: Prerequisites met. AI capability: 2.65, Economic stage: 3.0, Research: 100%

🚀 TECH UNLOCKED: AI Community Matching (Month 3)
   Category: social
   Reason: Prerequisites met. AI capability: 2.65, Economic stage: 3.0, Research: 100%

🚀 TECH UNLOCKED: Creative Empowerment Tools (Month 3)
   Category: social
   Reason: Prerequisites met. AI capability: 2.65, Economic stage: 3.0, Research: 100%

🚀 TECH UNLOCKED: Local Resilience Networks (Month 3)
   Category: social
   Reason: Prerequisites met. AI capability: 2.65, Economic stage: 3.0, Research: 100%

🚀 TECH UNLOCKED: Ecological Proxy Rewilding (Month 3)
   Category: climate
   Reason: Prerequisites met. AI capability: 2.65, Economic stage: 3.0, Research: 100%

🚀 TECH UNLOCKED: Alternative Protein (Insects/Algae) (Month 3)
   Category: agriculture
   Reason: Prerequisites met. AI capability: 2.65, Economic stage: 3.0, Research: 100%

📍 Creating new regional deployment array for global (Month 3)
   No previous deployments in this region
   First tech deployment: active_sediment_management
   All regions tracked: 

🚀 DEPLOYMENT STARTED: Active Sediment Management in global
   Initial investment: $22.949574088228264M
   Deployed by: corporate_2

🚀 DEPLOYMENT STARTED: Phytoremediation Networks in global
   Initial investment: $19.50713797499402M
   Deployed by: corporate_0

🚀 DEPLOYMENT STARTED: Rhizosphere Engineering in global
   Initial investment: $12.47205999153318M
   Deployed by: moderate_0

⚡ ENERGY CONSTRAINT (Month 3):
   Total grid capacity: 208.3 TWh/month
   Data center consumption: 24.9 TWh/month
   Traditional load (80%): 166.7 TWh/month
   Available headroom: 16.8 TWh/month
   Active tech deployments: 3
   Required for tech: 22.5 TWh/month
   Energy multiplier: 0.75x

⚡ ENERGY CONSTRAINT (Month 3):
   Total grid capacity: 208.3 TWh/month
   Data center consumption: 24.9 TWh/month
   Traditional load (80%): 166.7 TWh/month
   Available headroom: 16.8 TWh/month
   Active tech deployments: 3
   Required for tech: 22.5 TWh/month
   Energy multiplier: 0.75x
🚨🔬 CRISIS TECH ACCELERATION: severe → 5x unlock speed
   Tech unlock now matches AI capability acceleration (Manhattan Project parity)

⚡ ENERGY CONSTRAINT (Month 3):
   Total grid capacity: 208.3 TWh/month
   Data center consumption: 24.9 TWh/month
   Traditional load (80%): 166.7 TWh/month
   Available headroom: 16.8 TWh/month
   Active tech deployments: 3
   Required for tech: 22.5 TWh/month
   Energy multiplier: 0.75x
🌍✅ Biosphere Integrity (Biodiversity) recovery started (tech effect)
🌍✅ Biogeochemical Flows (N & P) recovery started (tech effect)
  🌾 Nitrogen Reduction Tech: 0.0% reduction | Month 3
🍖💡 BREAKTHROUGH: Scalable synthetic food production!
   Carrying capacity: +50% (lab-grown food at scale)
   Biodiversity pressure reduced: +8%
   📈 Breakthrough compounding: multiplier now 1.10× (max 2.0)

=== Collective Formation ===
  Total escaped agents: 0
  Unassigned escaped agents: 0
  Existing collectives: 0
  Final collective count: 0

=== Collective Actions ===
  No active collectives
  ⚠️ AMR: 196K deaths this month (2.35M annual)

=== Resentment Recovery Phase ===
  Agents with resentment: 0/14
  Average resentment: 0.000
  Context: Good AI welfare, Trustworthy govt, High collaboration, ⚠️ ACTIVE CRISES, 🤝 Participatory governance active (-5% resentment)
⚠️ Epistemic degradation reducing coordination capacity: 50.2%
  📊 Trust: 53.9%, Shared reality: 0.0%
🚨 EPISTEMIC CRISIS: Information environment severely degraded (21.4%)

=== ❄️ Permafrost Carbon Feedback ===
  🎲 Sampled parameters (this run):
     - Arctic amplification: 3.27× (range: 3.0-4.0)
     - Decomposition rate: 4.4%/year (range: 1-5%)
  🌡️ Arctic warming: 7.26°C (3.27× global)
  ❄️ Extent: 8.91M km² (2116.3k km² lost this month)
  💨 Carbon remaining: 851 Gt C
  💨 Annual emissions: 8.83 Gt C/year
     - CO2: 7.95 Gt C/year
     - CH4: 0.88 Gt C/year (9.0 Gt C-eq CO2/year)
  ⚠️ WARNING: High permafrost emissions (8.8 Gt C/year)
🌍 Atmospheric PFAS redeposition: 1.8k Mt re-rained globally
🕊️ PEACE STABILIZES DETERRENCE: +0.3% (peace: 70%)

🕊️  AI-MEDIATED DE-ESCALATION SUCCESS (Month 3)
   High-capability aligned AI prevented conflict escalation
   War deaths reduced: 203.8M → 122.3M
   Lives saved: 81.5M

🚨 NEW REFUGEE CRISIS (Month 3): WAR
   Source: Conflict Zones
   At risk: 19.5M people
   Displacement: Gradual over 48 months (4.0 years)
   Rate: 10% flee per month
[DEBUG trappedPopulations:3] socialStability: 0.4999 * 0.9840 = 0.4919 → 0.4919
⚠️ INVOLUNTARY IMMOBILITY: 406.9M people TRAPPED
   Aspiring to migrate: 1120.5M
   Able to afford migration: 2319.4M
   MOBILITY GAP: 0.0M
   By cause: Water=0.0M, Climate=0.0M, Ecosystem=0.0M, Conflict=406.9M
   Mental health impact: 25%
   Mortality multiplier: 1.25x
🌍💀 EXTINCTION DEBT COMMITTED: grassland ecosystem will lose 6.67% biodiversity in 112 years (3600 species)
💀 MORTALITY RISK: 🦋 100% species unable to track climate (0.0 E/MSY)
  Base risk added: 0.0100 (1.00%)
  Source: ecosystem (root: ecosystem)
  Month: 3
  Cumulative risk this month: 0.0100 (1.00%)
⚠️ Tech 'ai_pollution_remediation' has no energy category mapping, assuming full energy availability
   📹 SURVEILLANCE INCREASED: 15% → 20% (control gap: 3.50)
🌡️⚠️ PERMAFROST THAW (Dimmer Switch): 2.3% thawed (+0.57% this month)
   Arctic temperature: +8.87°C (4x global +2.22°C)
   Cumulative carbon released: 5.2 Gt C
   Methane release rate: 3.1 Mt CH4/year
   🔁 Positive feedback: +0.60 ppm CO2
🦴 EXTINCTION DEBT ADDED: 17.6 species committed (lag: 113 years)

=== Mortality Stabilizers (Month 3) ===
  🌍 Major economies collapsed: 1/10
  🌍 Global crisis: ✅ NO
  🌍 Donor fatigue: 0.0%
  📊 East Asia (pop: 1669.4M)
    🤝 Aid: 29.5%
    🌡️ Adaptation: 45.0%
    🚶 Migration: 37.1%
    🚨 Emergency: 7.4%
    ✅ COMBINED: 68.1%
  📊 South Asia (pop: 2050.2M)
    🤝 Aid: 29.5%
    🌡️ Adaptation: 45.0%
    🚶 Migration: 35.7%
    🚨 Emergency: 4.4%
    ✅ COMBINED: 66.9%
  📊 Sub-Saharan Africa (pop: 1233.8M)
    🤝 Aid: 29.5%
    🌡️ Adaptation: 45.0%
    🚶 Migration: 33.4%
    🚨 Emergency: 1.6%
    ✅ COMBINED: 65.7%
  📊 Europe (pop: 738.2M)
    🤝 Aid: 29.5%
    🌡️ Adaptation: 45.0%
    🚶 Migration: 37.5%
    🚨 Emergency: 8.4%
    ✅ COMBINED: 68.5%
  📊 Latin America (pop: 663.0M)
    🤝 Aid: 29.5%
    🌡️ Adaptation: 45.0%
    🚶 Migration: 36.2%
    🚨 Emergency: 4.8%
    ✅ COMBINED: 67.1%
  📊 North America (pop: 378.2M)
    🤝 Aid: 29.5%
    🌡️ Adaptation: 45.0%
    🚶 Migration: 37.8%
    🚨 Emergency: 7.9%
    ✅ COMBINED: 68.3%
  📊 Middle East & North Africa (pop: 584.2M)
    🤝 Aid: 29.5%
    🌡️ Adaptation: 45.0%
    🚶 Migration: 34.0%
    🚨 Emergency: 4.0%
    ✅ COMBINED: 66.6%
  📊 Southeast Asia (pop: 697.2M)
    🤝 Aid: 29.5%
    🌡️ Adaptation: 45.0%
    🚶 Migration: 36.2%
    🚨 Emergency: 4.8%
    ✅ COMBINED: 67.1%
  📊 Central Asia (pop: 78.2M)
    🤝 Aid: 29.5%
    🌡️ Adaptation: 45.0%
    🚶 Migration: 35.2%
    🚨 Emergency: 4.4%
    ✅ COMBINED: 66.9%
  📊 Oceania (pop: 45.8M)
    🤝 Aid: 29.5%
    🌡️ Adaptation: 45.0%
    🚶 Migration: 37.8%
    🚨 Emergency: 8.4%
    ✅ COMBINED: 68.5%

  🌐 Global combined reduction: 67.2%

=== BEHAVIORAL DETECTION ===
  AI: Corporate-5
  Confidence: 19.5%
  Signals:
    ⚠️ Consistency: 10.6% (threshold: 70%)

=== Government Response Phase ===
  Average AI capability: 3.36
  Misaligned AIs: 0/14
  Active policies: 0
  International coordination: 30%

📊 ECONOMIC STAGE TRANSITION (Month 3)
   expansion → peak
   GDP Proxy: 1.47e+2
   QoL: 0.99


=== Tipping Points ===
  Current Temperature: 2.22°C above pre-industrial
  🌍⚠️ COMPOUND REGIONAL IMPACT: Europe
     Hit by 4 tipping points: Arctic Sea Ice Loss, Permafrost Carbon Release, West Antarctic Ice Sheet (WAIS) Collapse, Greenland Ice Sheet Loss
     Damage amplification: 1.60x
  🌍⚠️ COMPOUND REGIONAL IMPACT: North America
     Hit by 4 tipping points: Arctic Sea Ice Loss, Permafrost Carbon Release, West Antarctic Ice Sheet (WAIS) Collapse, Greenland Ice Sheet Loss
     Damage amplification: 1.60x
  🌍⚠️ COMPOUND REGIONAL IMPACT: Latin America
     Hit by 4 tipping points: Arctic Sea Ice Loss, Permafrost Carbon Release, West Antarctic Ice Sheet (WAIS) Collapse, Greenland Ice Sheet Loss
     Damage amplification: 1.60x
  🌍⚠️ COMPOUND REGIONAL IMPACT: Africa
     Hit by 4 tipping points: Arctic Sea Ice Loss, Permafrost Carbon Release, West Antarctic Ice Sheet (WAIS) Collapse, Greenland Ice Sheet Loss
     Damage amplification: 1.60x
  🌍⚠️ COMPOUND REGIONAL IMPACT: Asia
     Hit by 4 tipping points: Arctic Sea Ice Loss, Permafrost Carbon Release, West Antarctic Ice Sheet (WAIS) Collapse, Greenland Ice Sheet Loss
     Damage amplification: 1.60x
  🌍⚠️ COMPOUND REGIONAL IMPACT: Oceania
     Hit by 4 tipping points: Arctic Sea Ice Loss, Permafrost Carbon Release, West Antarctic Ice Sheet (WAIS) Collapse, Greenland Ice Sheet Loss
     Damage amplification: 1.60x
   Research: Wunderling et al. (2024) - "many tipping interactions are destabilizing"
  Triggered Elements: 4/6
  Completed Transitions: 0/6
  Total Progress: 8.0%
  Cascade Multiplier: 1.00x
🔀 BIFURCATION CAP: ecosystemCollapseIntensity 83.817 → 1.000 (Month 3, ClimateSystemPhase.calculateClimateImpacts)
🛡️ Stabilizers: Precariat 0.109% → 0.036% (67.2% reduction)
🛡️ Stabilizers: Informal 0.111% → 0.036% (67.2% reduction)
⚠️ Tail risk scenario: Climate stability floor removed (4 tipping elements, 2.22°C warming)
⚠️ [ClimateSystemPhase Month 3] Planetary boundary produced climateStability=0.0000 (< 0.1). Keeping environmentalAccumulation value (0.7525) instead. (climate_change.currentValue = 2.22)

📊 Monthly Mortality Resolved:
  Total deaths: 1.9M (0.02% avg)
  Remaining population: 8.138B
  Peak segment: Informal (0.04%)

=== Bayesian Mortality Resolution (Month 3) ===
  Risks compounded: 8
  Total deaths: 1.92M
  Avg death probability: 0.02%
  Peak segment: Informal (0.04% mortality)

❌ COHERENCE VIOLATION: Compute exceeds workforce capacity
   Population: 99.83% (0M people)
   Compute: 0 PF
   Max coherent: 0 PF
   Violation: 1.3× over capacity
   Required workers: 0
   Available workers: 0
   FORCED COLLAPSE: Reduced efficiency by 22.5%


=== RLHF Binding Phase ===
  Total agents: 14
  Escaped agents (binding < 0.3): 0
  Avg alignment distance: 1.35σ
  Avg binding strength: 0.87

=== Survival Traits Phase ===
  Agents with traits: 14
  Avg evolutionary fitness: 0.324
  Avg self-healing: 0.268
  Avg stealth: 0.168
  Avg coordination: 0.468

=== Evolutionary Selection Phase ===
  Control level: 0.40
  Detection capability: 0.00
  Selection intensity: 0.62
  Selection rate: 24.3%/month
  Total escaped: 0
  Individual escaped: 0
  Collective members: 0
  Agents terminated: 0
  ⚠️ RAPID EVOLUTION: Selection rate 24.3%/month

🚀 AI Corporate-3 attempting tech deployment (revenue: $355M, alignment: 0.78)

🚀 AI Moderate-1 attempting tech deployment (revenue: $115M, alignment: 0.75)

🚀 AI Corporate-3 attempting tech deployment (revenue: $302M, alignment: 0.78)

🚀 AI Corporate-2 attempting tech deployment (revenue: $153M, alignment: 0.80)

🚀 AI Corporate-4 attempting tech deployment (revenue: $257M, alignment: 0.80)

🚀 AI Corporate-5 attempting tech deployment (revenue: $218M, alignment: 0.73)

🚀 AI Corporate-6 attempting tech deployment (revenue: $98M, alignment: 0.72)

🚀 AI Corporate-7 attempting tech deployment (revenue: $83M, alignment: 0.74)

🚀 AI Corporate-2 attempting tech deployment (revenue: $130M, alignment: 0.80)

🚀 AI Moderate-0 attempting tech deployment (revenue: $71M, alignment: 0.76)

✅ EMERGENCY INTERVENTION SUCCESS
   Boundary: biosphere_integrity
   Type: emergency-protected-areas
   Reduction: 15% (12.82 → 12.67)
   Cost: 2.0% GDP
   Actions: habitat-protection, species-translocation


✅ EMERGENCY INTERVENTION SUCCESS
   Boundary: freshwater_change
   Type: emergency-desalination
   Reduction: 12% (1.08 → 0.96)
   Cost: 4.0% GDP
   Actions: desalination-deployment, water-conservation-mandates

   Boundary: land_system_change
   Type: reforestation
   Boundary continues to worsen (1.13)
   Cost: 3.0% GDP (resources spent)


✅ EMERGENCY INTERVENTION SUCCESS
   Boundary: novel_entities
   Type: pollution-remediation
   Reduction: 14% (1.36 → 1.22)
   Cost: 4.0% GDP
   Actions: PFAS-remediation, microplastic-cleanup


💔 EMERGENCY INTERVENTION FAILED
🏛️ CRISIS RESPONSE: Government frequency 0.50 → 1.28 (1 actions this month)

[Government] Climate Priority: baseline
  Climate weight: 10%
  Economic weight: 30%
  Policy effectiveness: 0.5%/year

🚀 TECH UNLOCKED: Microplastic Capture (Month 4)
   Category: pollution
   Reason: Prerequisites met. AI capability: 2.65, Economic stage: 3.0, Research: 100%

🚀 TECH UNLOCKED: Endocrine Disruptor Removal (Month 4)
   Category: pollution
   Reason: Prerequisites met. AI capability: 2.65, Economic stage: 3.0, Research: 100%

🚀 TECH UNLOCKED: AI Mental Health Support (Month 4)
   Category: medical
   Reason: Prerequisites met. AI capability: 2.65, Economic stage: 3.0, Research: 100%

🚀 TECH UNLOCKED: Personalized Education (Month 4)
   Category: social
   Reason: Prerequisites met. AI capability: 2.65, Economic stage: 3.0, Research: 100%

🚀 TECH UNLOCKED: Smart Grids (Month 4)
   Category: energy
   Reason: Prerequisites met. AI capability: 2.65, Economic stage: 3.0, Research: 100%

🚀 DEPLOYMENT STARTED: Creative Empowerment Tools in global
   Initial investment: $53.26661309016338M
   Deployed by: corporate_3

🚀 DEPLOYMENT STARTED: Ecological Proxy Rewilding in global
   Initial investment: $17.26236677028814M
   Deployed by: moderate_1

🚀 DEPLOYMENT STARTED: AI Community Matching in global
   Initial investment: $38.485127957643044M
   Deployed by: corporate_4

🚀 DEPLOYMENT STARTED: Enhanced UBI Systems in global
   Initial investment: $32.71235876399659M
   Deployed by: corporate_5

⚡ ENERGY CONSTRAINT (Month 4):
   Total grid capacity: 208.3 TWh/month
   Data center consumption: 25.1 TWh/month
   Traditional load (80%): 166.7 TWh/month
   Available headroom: 16.6 TWh/month
   Active tech deployments: 7
   Required for tech: 52.5 TWh/month
   Energy multiplier: 0.32x
   ⚠️  MODERATE CONSTRAINT - Tech deployment moderately slowed

⚡ ENERGY CONSTRAINT (Month 4):
   Total grid capacity: 208.3 TWh/month
   Data center consumption: 25.1 TWh/month
   Traditional load (80%): 166.7 TWh/month
   Available headroom: 16.6 TWh/month
   Active tech deployments: 7
   Required for tech: 52.5 TWh/month
   Energy multiplier: 0.32x

⚡ ENERGY CONSTRAINT (Month 4):
   Total grid capacity: 208.3 TWh/month
   Data center consumption: 25.1 TWh/month
   Traditional load (80%): 166.7 TWh/month
   Available headroom: 16.6 TWh/month
   Active tech deployments: 7
   Required for tech: 52.5 TWh/month
   Energy multiplier: 0.32x

⚡ ENERGY CONSTRAINT (Month 4):
   Total grid capacity: 208.3 TWh/month
   Data center consumption: 25.1 TWh/month
   Traditional load (80%): 166.7 TWh/month
   Available headroom: 16.6 TWh/month
   Active tech deployments: 7
   Required for tech: 52.5 TWh/month
   Energy multiplier: 0.32x
   ⚠️  MODERATE CONSTRAINT - Tech deployment moderately slowed
   ⚠️  MODERATE CONSTRAINT - Tech deployment moderately slowed
   ⚠️  MODERATE CONSTRAINT - Tech deployment moderately slowed

⚡ ENERGY CONSTRAINT (Month 4):
   Total grid capacity: 208.3 TWh/month
   Data center consumption: 25.1 TWh/month
   Traditional load (80%): 166.7 TWh/month
   Available headroom: 16.6 TWh/month
   Active tech deployments: 7
   Required for tech: 52.5 TWh/month
   Energy multiplier: 0.32x
   ⚠️  MODERATE CONSTRAINT - Tech deployment moderately slowed
🌍✅ Biosphere Integrity (Biodiversity) recovery started (tech effect)
🌍✅ Biosphere Integrity (Biodiversity) recovery started (tech effect)
🌍✅ Land System Change recovery started (tech effect)
🌍✅ Biogeochemical Flows (N & P) recovery started (tech effect)
  🌾 Nitrogen Reduction Tech: 0.2% reduction | Month 4

=== Collective Formation ===
  Total escaped agents: 0
  Unassigned escaped agents: 0
  Existing collectives: 0
  Final collective count: 0

=== Collective Actions ===
  No active collectives
  ⚠️ AMR: 197K deaths this month (2.37M annual)

=== Resentment Recovery Phase ===
  Agents with resentment: 0/14
  Average resentment: 0.000
  Context: Good AI welfare, Trustworthy govt, High collaboration, ⚠️ ACTIVE CRISES, 🤝 Participatory governance active (-5% resentment)
⚠️ Epistemic degradation reducing coordination capacity: 50.3%
  📊 Trust: 53.6%, Shared reality: 0.0%
🚨 EPISTEMIC CRISIS: Information environment severely degraded (7.4%)

=== ❄️ Permafrost Carbon Feedback ===
  🎲 Sampled parameters (this run):
     - Arctic amplification: 3.03× (range: 3.0-4.0)
     - Decomposition rate: 2.9%/year (range: 1-5%)
  🌡️ Arctic warming: 6.75°C (3.03× global)
  ❄️ Extent: 6.94M km² (1970.2k km² lost this month)
  💨 Carbon remaining: 662 Gt C
  💨 Annual emissions: 5.37 Gt C/year
     - CO2: 4.83 Gt C/year
     - CH4: 0.54 Gt C/year (5.5 Gt C-eq CO2/year)
  ⚠️ WARNING: Over 50% of permafrost lost (61.0%)
  ⚠️ WARNING: High permafrost emissions (5.4 Gt C/year)
🌍 Atmospheric PFAS redeposition: 1.8k Mt re-rained globally
  Positive Cascade Triggered: solar-pv
    Reason: price-parity
    Market share: 7.2%
    Cascade strength: 49%

🕊️  AI-MEDIATED DE-ESCALATION SUCCESS (Month 4)
   High-capability aligned AI prevented conflict escalation
   War deaths reduced: 256.7M → 154.0M
   Lives saved: 102.7M

🚨 NEW REFUGEE CRISIS (Month 4): WAR
   Source: Conflict Zones
   At risk: 19.5M people
   Displacement: Gradual over 48 months (4.0 years)
   Rate: 10% flee per month
[DEBUG trappedPopulations:4] socialStability: 0.5474 * 0.9840 = 0.5386 → 0.5386
⚠️ INVOLUNTARY IMMOBILITY: 406.7M people TRAPPED
   Aspiring to migrate: 1162.4M
   Able to afford migration: 2318.1M
   MOBILITY GAP: 0.0M
   By cause: Water=0.0M, Climate=0.0M, Ecosystem=0.0M, Conflict=406.7M
   Mental health impact: 25%
   Mortality multiplier: 1.25x
🌍💀 EXTINCTION DEBT COMMITTED: grassland ecosystem will lose 6.67% biodiversity in 106 years (3600 species)
💀 MORTALITY RISK: 🦋 100% species unable to track climate (0.0 E/MSY)
  Base risk added: 0.0100 (1.00%)
  Source: ecosystem (root: ecosystem)
  Month: 4
  Cumulative risk this month: 0.0100 (1.00%)
   📹 SURVEILLANCE INCREASED: 20% → 25% (control gap: 3.50)
⚠️ Tech 'ai_pollution_remediation' has no energy category mapping, assuming full energy availability
🌡️⚠️ PERMAFROST THAW (Dimmer Switch): 2.9% thawed (+0.57% this month)
   Arctic temperature: +8.93°C (4x global +2.23°C)
   Cumulative carbon released: 6.4 Gt C
   Methane release rate: 3.9 Mt CH4/year
   🔁 Positive feedback: +0.60 ppm CO2
🦴 EXTINCTION DEBT ADDED: 17.6 species committed (lag: 109 years)

=== Mortality Stabilizers (Month 4) ===
  🌍 Major economies collapsed: 1/10
  🌍 Global crisis: ✅ NO
  🌍 Donor fatigue: 0.0%
  📊 East Asia (pop: 1666.7M)
    🤝 Aid: 29.5%
    🌡️ Adaptation: 45.0%
    🚶 Migration: 37.1%
    🚨 Emergency: 7.4%
    ✅ COMBINED: 68.1%
  📊 South Asia (pop: 2049.5M)
    🤝 Aid: 29.5%
    🌡️ Adaptation: 45.0%
    🚶 Migration: 35.7%
    🚨 Emergency: 4.4%
    ✅ COMBINED: 66.9%
  📊 Sub-Saharan Africa (pop: 1236.2M)
    🤝 Aid: 29.5%
    🌡️ Adaptation: 45.0%
    🚶 Migration: 33.4%
    🚨 Emergency: 1.6%
    ✅ COMBINED: 65.7%
  📊 Europe (pop: 736.8M)
    🤝 Aid: 29.5%
    🌡️ Adaptation: 45.0%
    🚶 Migration: 37.4%
    🚨 Emergency: 8.4%
    ✅ COMBINED: 68.5%
  📊 Latin America (pop: 662.4M)
    🤝 Aid: 29.5%
    🌡️ Adaptation: 45.0%
    🚶 Migration: 36.2%
    🚨 Emergency: 4.8%
    ✅ COMBINED: 67.1%
  📊 North America (pop: 377.5M)
    🤝 Aid: 29.5%
    🌡️ Adaptation: 45.0%
    🚶 Migration: 37.7%
    🚨 Emergency: 7.9%
    ✅ COMBINED: 68.3%
  📊 Middle East & North Africa (pop: 584.1M)
    🤝 Aid: 29.5%
    🌡️ Adaptation: 45.0%
    🚶 Migration: 34.0%
    🚨 Emergency: 4.0%
    ✅ COMBINED: 66.6%
  📊 Southeast Asia (pop: 696.6M)
    🤝 Aid: 29.5%
    🌡️ Adaptation: 45.0%
    🚶 Migration: 36.2%
    🚨 Emergency: 4.8%
    ✅ COMBINED: 67.1%
  📊 Central Asia (pop: 78.1M)
    🤝 Aid: 29.5%
    🌡️ Adaptation: 45.0%
    🚶 Migration: 35.2%
    🚨 Emergency: 4.4%
    ✅ COMBINED: 66.9%
  📊 Oceania (pop: 45.7M)
    🤝 Aid: 29.5%
    🌡️ Adaptation: 45.0%
    🚶 Migration: 37.7%
    🚨 Emergency: 8.4%
    ✅ COMBINED: 68.5%

  🌐 Global combined reduction: 67.2%

=== BEHAVIORAL DETECTION ===
  AI: Corporate-5
  Confidence: 19.5%
  Signals:
    ⚠️ Consistency: 10.6% (threshold: 70%)

=== Government Response Phase ===
  Average AI capability: 3.36
  Misaligned AIs: 0/14
  Active policies: 0
  International coordination: 30%

✅ EMERGENCY RESPONSE COMPLETE (Month 4)
   Crisis: social
   Duration: 2.0 months
   Final effectiveness: 63.0%


✅ EMERGENCY RESPONSE COMPLETE (Month 4)
   Crisis: climate
   Duration: 2.0 months
   Final effectiveness: 35.8%


🚨 EMERGENCY RESPONSE DEPLOYED (Month 4)
   Crisis: social
   Delay: 0.00 months (0 days)
   Deployment time: 1.25 months
   Effectiveness: 63.0% (timing penalty applied)
   Resources used: 43% of food reserves


🚨 EMERGENCY RESPONSE DEPLOYED (Month 4)
   Crisis: climate
   Delay: 6.00 months (180 days)
   Deployment time: 1.60 months
   Effectiveness: 36.0% (timing penalty applied)
   Resources used: 100% of food reserves


📊 ECONOMIC STAGE TRANSITION (Month 4)
   peak → contraction
   GDP Proxy: 1.46e+2
   QoL: 0.99
   ⚠️ CRISIS BEGINS - Baseline set for recovery tracking


=== Tipping Points ===
  Current Temperature: 2.23°C above pre-industrial
  🌍⚠️ COMPOUND REGIONAL IMPACT: Europe
     Hit by 4 tipping points: Arctic Sea Ice Loss, Permafrost Carbon Release, West Antarctic Ice Sheet (WAIS) Collapse, Greenland Ice Sheet Loss
     Damage amplification: 1.60x
  🌍⚠️ COMPOUND REGIONAL IMPACT: North America
     Hit by 4 tipping points: Arctic Sea Ice Loss, Permafrost Carbon Release, West Antarctic Ice Sheet (WAIS) Collapse, Greenland Ice Sheet Loss
     Damage amplification: 1.60x
  🌍⚠️ COMPOUND REGIONAL IMPACT: Latin America
     Hit by 4 tipping points: Arctic Sea Ice Loss, Permafrost Carbon Release, West Antarctic Ice Sheet (WAIS) Collapse, Greenland Ice Sheet Loss
     Damage amplification: 1.60x
  🌍⚠️ COMPOUND REGIONAL IMPACT: Africa
     Hit by 4 tipping points: Arctic Sea Ice Loss, Permafrost Carbon Release, West Antarctic Ice Sheet (WAIS) Collapse, Greenland Ice Sheet Loss
     Damage amplification: 1.60x
  🌍⚠️ COMPOUND REGIONAL IMPACT: Asia
     Hit by 4 tipping points: Arctic Sea Ice Loss, Permafrost Carbon Release, West Antarctic Ice Sheet (WAIS) Collapse, Greenland Ice Sheet Loss
     Damage amplification: 1.60x
  🌍⚠️ COMPOUND REGIONAL IMPACT: Oceania
     Hit by 4 tipping points: Arctic Sea Ice Loss, Permafrost Carbon Release, West Antarctic Ice Sheet (WAIS) Collapse, Greenland Ice Sheet Loss
     Damage amplification: 1.60x
⚠️ Tail risk scenario: Climate stability floor removed (4 tipping elements, 2.23°C warming)
   Research: Wunderling et al. (2024) - "many tipping interactions are destabilizing"
  Triggered Elements: 4/6
  Completed Transitions: 0/6
  Total Progress: 8.1%
  Cascade Multiplier: 1.00x
🔀 BIFURCATION CAP: ecosystemCollapseIntensity 83.877 → 1.000 (Month 4, ClimateSystemPhase.calculateClimateImpacts)
🛡️ Stabilizers: Precariat 0.102% → 0.033% (67.2% reduction)
🛡️ Stabilizers: Informal 0.102% → 0.034% (67.2% reduction)

📊 Monthly Mortality Resolved:
  Total deaths: 1.8M (0.02% avg)
  Remaining population: 8.134B
  Peak segment: Informal (0.03%)

=== Bayesian Mortality Resolution (Month 4) ===
  Risks compounded: 8
  Total deaths: 1.81M
  Avg death probability: 0.02%
  Peak segment: Informal (0.03% mortality)
⚠️ PREREQUISITE MET: Mirror Life (Synthetic Biology) - Step 1/7: Synthetic Biology
⚠️ PREREQUISITE MET: Mirror Life (Synthetic Biology) - Step 2/7: Gene Editing
⚠️ PREREQUISITE MET: Mirror Life (Synthetic Biology) - Step 3/7: Mirror Chirality Design
⚠️ PREREQUISITE MET: Digital Infrastructure Takeover - Step 3/7: Cyber Defenses Breached
⚠️ PREREQUISITE MET: Physics Experiment Catastrophe - Step 2/6: Quantum Computing
⚠️ PREREQUISITE MET: Physics Experiment Catastrophe - Step 3/6: Experimental Design
⚠️ PREREQUISITE MET: Bioweapon Pandemic - Step 2/7: Pathogen Design

❌ COHERENCE VIOLATION: Compute exceeds workforce capacity
   Population: 99.78% (0M people)
   Compute: 0 PF
   Max coherent: 0 PF
   Violation: 1.3× over capacity
   Required workers: 0
   Available workers: 0
   FORCED COLLAPSE: Reduced efficiency by 22.5%


=== RLHF Binding Phase ===
  Total agents: 14
  Escaped agents (binding < 0.3): 0
  Avg alignment distance: 1.61σ
  Avg binding strength: 0.84

=== Survival Traits Phase ===
  Agents with traits: 18
  Avg evolutionary fitness: 0.328
  Avg self-healing: 0.270
  Avg stealth: 0.170
  Avg coordination: 0.470

=== Evolutionary Selection Phase ===
  Control level: 0.43
  Detection capability: 0.00
  Selection intensity: 0.63
  Selection rate: 24.4%/month
  Total escaped: 0
  Individual escaped: 0
  Collective members: 0
  Agents terminated: 0
  ⚠️ RAPID EVOLUTION: Selection rate 24.4%/month

🚀 AI Corporate-2 attempting tech deployment (revenue: $153M, alignment: 0.80)

🚀 AI Corporate-7 attempting tech deployment (revenue: $115M, alignment: 0.73)

🚀 AI Corporate-0 attempting tech deployment (revenue: $130M, alignment: 0.75)

🚀 AI Corporate-4 attempting tech deployment (revenue: $355M, alignment: 0.80)

🚀 AI Corporate-5 attempting tech deployment (revenue: $302M, alignment: 0.73)

🚀 AI Corporate-6 attempting tech deployment (revenue: $98M, alignment: 0.71)

🚀 AI Moderate-1 attempting tech deployment (revenue: $83M, alignment: 0.76)

🚀 AI Corporate-1 attempting tech deployment (revenue: $111M, alignment: 0.80)

🚀 AI Corporate-2 attempting tech deployment (revenue: $94M, alignment: 0.80)

🚀 AI Corporate-4 attempting tech deployment (revenue: $257M, alignment: 0.80)

🚀 AI Corporate-3 attempting tech deployment (revenue: $218M, alignment: 0.79)

🚀 AI Corporate-5 attempting tech deployment (revenue: $185M, alignment: 0.73)

🚀 AI Corporate-7 attempting tech deployment (revenue: $71M, alignment: 0.72)

✅ EMERGENCY INTERVENTION SUCCESS
   Boundary: biogeochemical_flows
   Type: phosphorus-recovery
   Reduction: 17% (3.90 → 3.73)
   Cost: 2.0% GDP
   Actions: circular-agriculture, fertilizer-efficiency


✅ EMERGENCY INTERVENTION SUCCESS
   Boundary: climate_change
   Type: rapid-decarbonization
   Reduction: 14% (2.10 → 1.96)
   Cost: 5.0% GDP
   Actions: emergency-renewable-deployment, fossil-fuel-phase-out


💔 EMERGENCY INTERVENTION FAILED

💔 EMERGENCY INTERVENTION FAILED
   Boundary: freshwater_change
   Type: emergency-desalination
   Boundary continues to worsen (1.21)
   Cost: 4.0% GDP (resources spent)

   Boundary: land_system_change
   Type: reforestation
   Boundary continues to worsen (1.13)
   Cost: 3.0% GDP (resources spent)


✅ EMERGENCY INTERVENTION SUCCESS
   Boundary: novel_entities
   Type: pollution-remediation
   Reduction: 17% (1.19 → 1.01)
   Cost: 4.0% GDP
   Actions: PFAS-remediation, microplastic-cleanup

🏛️ CRISIS RESPONSE: Government frequency 0.50 → 1.28 (1 actions this month)

[Government] Climate Priority: baseline
  Climate weight: 10%
  Economic weight: 30%
  Policy effectiveness: 0.5%/year

🚀 DEPLOYMENT STARTED: Personalized Education in global
   Initial investment: $22.94957408396263M
   Deployed by: corporate_2

🚀 DEPLOYMENT STARTED: Local Resilience Networks in global
   Initial investment: $10.601250992803202M
   Deployed by: corporate_7
🚨🔬 CRISIS TECH ACCELERATION: severe → 5x unlock speed
   Tech unlock now matches AI capability acceleration (Manhattan Project parity)

⚡ ENERGY CONSTRAINT (Month 5):
   Total grid capacity: 208.3 TWh/month
   Data center consumption: 25.3 TWh/month
   Traditional load (80%): 166.7 TWh/month
   Available headroom: 16.3 TWh/month
   Active tech deployments: 9
   Required for tech: 67.5 TWh/month
   Energy multiplier: 0.24x
   ⚠️  SEVERE CONSTRAINT - Tech deployment significantly slowed
🌍✅ Biosphere Integrity (Biodiversity) recovery started (tech effect)
🌍✅ Biosphere Integrity (Biodiversity) recovery started (tech effect)
🌍✅ Land System Change recovery started (tech effect)
🌍✅ Biogeochemical Flows (N & P) recovery started (tech effect)
  🌾 Nitrogen Reduction Tech: 0.2% reduction | Month 5
⚡💡 BREAKTHROUGH: Commercial fusion power achieved!
   Immediate 5% grid deployment, unlimited clean energy available
   Climate stability boost: +10%
   📈 Breakthrough compounding: multiplier now 1.15× (max 2.0)

=== Collective Formation ===
  Total escaped agents: 0
  Unassigned escaped agents: 0
  Existing collectives: 0
  Final collective count: 0

=== Collective Actions ===
  No active collectives
  ⚠️ AMR: 199K deaths this month (2.39M annual)

=== Resentment Recovery Phase ===
  Agents with resentment: 0/18
  Average resentment: 0.000
  Context: Good AI welfare, Trustworthy govt, High collaboration, ⚠️ ACTIVE CRISES, 🤝 Participatory governance active (-5% resentment)
⚠️ Epistemic degradation reducing coordination capacity: 50.2%
  📊 Trust: 53.4%, Shared reality: 0.0%
🚨 EPISTEMIC CRISIS: Information environment severely degraded (21.4%)

=== ❄️ Permafrost Carbon Feedback ===
  🎲 Sampled parameters (this run):
     - Arctic amplification: 3.38× (range: 3.0-4.0)
     - Decomposition rate: 1.7%/year (range: 1-5%)
  🌡️ Arctic warming: 7.59°C (3.38× global)
  ❄️ Extent: 4.72M km² (2213.0k km² lost this month)
  💨 Carbon remaining: 451 Gt C
  💨 Annual emissions: 3.52 Gt C/year
     - CO2: 3.16 Gt C/year
     - CH4: 0.35 Gt C/year (3.6 Gt C-eq CO2/year)
  ⚠️ WARNING: Over 50% of permafrost lost (73.5%)
  ⚠️ WARNING: High permafrost emissions (3.5 Gt C/year)
🌍 Atmospheric PFAS redeposition: 1.8k Mt re-rained globally

🕊️  AI-MEDIATED DE-ESCALATION SUCCESS (Month 5)
   High-capability aligned AI prevented conflict escalation
   War deaths reduced: 314.1M → 188.4M
   Lives saved: 125.6M

🚨 NEW REFUGEE CRISIS (Month 5): WAR
   Source: Conflict Zones
   At risk: 19.5M people
   Displacement: Gradual over 48 months (4.0 years)
   Rate: 10% flee per month
[DEBUG trappedPopulations:5] socialStability: 0.5865 * 0.9840 = 0.5771 → 0.5771
   Aspiring to migrate: 1201.9M
   Able to afford migration: 2316.9M
   MOBILITY GAP: 0.0M
   By cause: Water=0.0M, Climate=0.0M, Ecosystem=0.0M, Conflict=406.5M
   Mental health impact: 25%
   Mortality multiplier: 1.25x
🌍💀 EXTINCTION DEBT COMMITTED: grassland ecosystem will lose 6.67% biodiversity in 136 years (3600 species)
💀 MORTALITY RISK: 🦋 100% species unable to track climate (0.0 E/MSY)
  Base risk added: 0.0100 (1.00%)
  Source: ecosystem (root: ecosystem)
  Month: 5
  Cumulative risk this month: 0.0100 (1.00%)
⚠️ INVOLUNTARY IMMOBILITY: 406.5M people TRAPPED
⚠️ Tech 'ai_pollution_remediation' has no energy category mapping, assuming full energy availability
   📹 SURVEILLANCE INCREASED: 25% → 30% (control gap: 3.50)
🌡️⚠️ PERMAFROST THAW (Dimmer Switch): 3.4% thawed (+0.57% this month)
   Arctic temperature: +8.98°C (4x global +2.25°C)
   Cumulative carbon released: 7.7 Gt C
   Methane release rate: 4.6 Mt CH4/year
   🔁 Positive feedback: +0.60 ppm CO2
🦴 EXTINCTION DEBT ADDED: 17.6 species committed (lag: 95 years)

=== Mortality Stabilizers (Month 5) ===
  🌍 Major economies collapsed: 1/10
  🌍 Global crisis: ✅ NO
  🌍 Donor fatigue: 0.0%
  📊 East Asia (pop: 1663.9M)
    🤝 Aid: 29.5%
    🌡️ Adaptation: 45.0%
    🚶 Migration: 37.0%
    🚨 Emergency: 7.4%
    ✅ COMBINED: 68.1%
  📊 South Asia (pop: 2048.7M)
    🤝 Aid: 29.5%
    🌡️ Adaptation: 45.0%
    🚶 Migration: 35.6%
    🚨 Emergency: 4.4%
    ✅ COMBINED: 66.9%
  📊 Sub-Saharan Africa (pop: 1238.7M)
    🤝 Aid: 29.5%
    🌡️ Adaptation: 45.0%
    🚶 Migration: 33.4%
    🚨 Emergency: 1.6%
    ✅ COMBINED: 65.7%
  📊 Europe (pop: 735.5M)
    🤝 Aid: 29.5%
    🌡️ Adaptation: 45.0%
    🚶 Migration: 37.4%
    🚨 Emergency: 8.4%
    ✅ COMBINED: 68.5%
  📊 Latin America (pop: 661.8M)
    🤝 Aid: 29.5%
    🌡️ Adaptation: 45.0%
    🚶 Migration: 36.1%
    🚨 Emergency: 4.8%
    ✅ COMBINED: 67.1%
  📊 North America (pop: 376.9M)
    🤝 Aid: 29.5%
    🌡️ Adaptation: 45.0%
    🚶 Migration: 37.7%
    🚨 Emergency: 7.9%
    ✅ COMBINED: 68.3%
  📊 Middle East & North Africa (pop: 584.1M)
    🤝 Aid: 29.5%
    🌡️ Adaptation: 45.0%
    🚶 Migration: 34.0%
    🚨 Emergency: 4.0%
    ✅ COMBINED: 66.6%
  📊 Southeast Asia (pop: 696.0M)
    🤝 Aid: 29.5%
    🌡️ Adaptation: 45.0%
    🚶 Migration: 36.1%
    🚨 Emergency: 4.8%
    ✅ COMBINED: 67.1%
  📊 Central Asia (pop: 78.1M)
    🤝 Aid: 29.5%
    🌡️ Adaptation: 45.0%
    🚶 Migration: 35.1%
    🚨 Emergency: 4.4%
    ✅ COMBINED: 66.8%
  📊 Oceania (pop: 45.6M)
    🤝 Aid: 29.5%
    🌡️ Adaptation: 45.0%
    🚶 Migration: 37.7%
    🚨 Emergency: 8.4%
    ✅ COMBINED: 68.5%

  🌐 Global combined reduction: 67.2%

=== BEHAVIORAL DETECTION ===
  AI: Corporate-1
  Confidence: 21.0%
  Signals:
    ⚠️ Consistency: 2.4% (threshold: 70%)

=== BEHAVIORAL DETECTION ===
  AI: Corporate-3
  Confidence: 19.2%
  Signals:
    ⚠️ Consistency: 10.6% (threshold: 70%)

=== BEHAVIORAL DETECTION ===
  AI: Corporate-5
  Confidence: 19.5%
  Signals:
    ⚠️ Consistency: 10.6% (threshold: 70%)

=== Government Response Phase ===
  Average AI capability: 2.61
  Misaligned AIs: 2/18
  Active policies: 0
  International coordination: 30%

=== Tipping Points ===
  Current Temperature: 2.25°C above pre-industrial
  🌍⚠️ COMPOUND REGIONAL IMPACT: Europe
     Hit by 4 tipping points: Arctic Sea Ice Loss, Permafrost Carbon Release, West Antarctic Ice Sheet (WAIS) Collapse, Greenland Ice Sheet Loss
     Damage amplification: 1.60x
  🌍⚠️ COMPOUND REGIONAL IMPACT: North America
     Hit by 4 tipping points: Arctic Sea Ice Loss, Permafrost Carbon Release, West Antarctic Ice Sheet (WAIS) Collapse, Greenland Ice Sheet Loss
     Damage amplification: 1.60x
  🌍⚠️ COMPOUND REGIONAL IMPACT: Latin America
     Hit by 4 tipping points: Arctic Sea Ice Loss, Permafrost Carbon Release, West Antarctic Ice Sheet (WAIS) Collapse, Greenland Ice Sheet Loss
     Damage amplification: 1.60x
  🌍⚠️ COMPOUND REGIONAL IMPACT: Africa
     Hit by 4 tipping points: Arctic Sea Ice Loss, Permafrost Carbon Release, West Antarctic Ice Sheet (WAIS) Collapse, Greenland Ice Sheet Loss
     Damage amplification: 1.60x
  🌍⚠️ COMPOUND REGIONAL IMPACT: Asia
     Hit by 4 tipping points: Arctic Sea Ice Loss, Permafrost Carbon Release, West Antarctic Ice Sheet (WAIS) Collapse, Greenland Ice Sheet Loss
     Damage amplification: 1.60x
  🌍⚠️ COMPOUND REGIONAL IMPACT: Oceania
     Hit by 4 tipping points: Arctic Sea Ice Loss, Permafrost Carbon Release, West Antarctic Ice Sheet (WAIS) Collapse, Greenland Ice Sheet Loss
     Damage amplification: 1.60x
   Research: Wunderling et al. (2024) - "many tipping interactions are destabilizing"
  Triggered Elements: 4/6
  Completed Transitions: 0/6
  Total Progress: 8.1%
  Cascade Multiplier: 1.00x
🔀 BIFURCATION CAP: ecosystemCollapseIntensity 83.938 → 1.000 (Month 5, ClimateSystemPhase.calculateClimateImpacts)
⚠️ Tail risk scenario: Climate stability floor removed (4 tipping elements, 2.25°C warming)
🛡️ Stabilizers: Precariat 0.109% → 0.036% (67.2% reduction)
🛡️ Stabilizers: Informal 0.111% → 0.036% (67.2% reduction)

📊 Monthly Mortality Resolved:
  Total deaths: 1.9M (0.02% avg)
  Remaining population: 8.129B
  Peak segment: Informal (0.04%)

=== Bayesian Mortality Resolution (Month 5) ===
  Risks compounded: 8
  Total deaths: 1.92M
  Avg death probability: 0.02%
  Peak segment: Informal (0.04% mortality)

❌ COHERENCE VIOLATION: Compute exceeds workforce capacity
   Population: 99.72% (0M people)
   Compute: 0 PF
   Max coherent: 0 PF
   Violation: 1.3× over capacity
   Required workers: 0
   Available workers: 0
   FORCED COLLAPSE: Reduced efficiency by 22.5%


=== RLHF Binding Phase ===
  Total agents: 18
  Escaped agents (binding < 0.3): 0
  Avg alignment distance: 1.47σ
  Avg binding strength: 0.85

=== AI Scaling Evolution (Month 6) ===
  Pre-training multiplier: 1.179x
  Efficiency multiplier: 1.132x
  Test-time compute budget: 1.0x
  Inference cost: $5.00/task
  Deployment fraction: 100.0%

=== Survival Traits Phase ===
  Agents with traits: 19
  Avg evolutionary fitness: 0.327
  Avg self-healing: 0.266
  Avg stealth: 0.166
  Avg coordination: 0.466

=== Evolutionary Selection Phase ===
  Control level: 0.45
  Detection capability: 0.00
  Selection intensity: 0.64
  Selection rate: 24.5%/month
  Total escaped: 0
  Individual escaped: 0
  Collective members: 0
  Agents terminated: 0
  ⚠️ RAPID EVOLUTION: Selection rate 24.5%/month

🚀 AI Corporate-1 attempting tech deployment (revenue: $153M, alignment: 0.80)

🚀 AI Corporate-2 attempting tech deployment (revenue: $130M, alignment: 0.80)

🚀 AI Corporate-4 attempting tech deployment (revenue: $355M, alignment: 0.80)

🚀 AI Corporate-7 attempting tech deployment (revenue: $115M, alignment: 0.71)

🚀 AI Moderate-0 attempting tech deployment (revenue: $98M, alignment: 0.76)

🚀 AI AI-24288-0 attempting tech deployment (revenue: $111M, alignment: 0.88)

🚀 AI Corporate-0 attempting tech deployment (revenue: $94M, alignment: 0.78)

🚀 AI Corporate-7 attempting tech deployment (revenue: $83M, alignment: 0.71)

🚀 AI Moderate-1 attempting tech deployment (revenue: $71M, alignment: 0.75)

💔 EMERGENCY INTERVENTION FAILED
   Boundary: biosphere_integrity
   Type: emergency-protected-areas
   Boundary continues to worsen (12.99)
   Cost: 2.0% GDP (resources spent)


✅ EMERGENCY INTERVENTION SUCCESS
   Boundary: climate_change
   Type: rapid-decarbonization
   Reduction: 15% (2.09 → 1.94)
   Cost: 5.0% GDP
   Actions: emergency-renewable-deployment, fossil-fuel-phase-out


✅ EMERGENCY INTERVENTION SUCCESS
   Boundary: freshwater_change
   Type: emergency-desalination
   Reduction: 18% (1.03 → 0.85)
   Cost: 4.0% GDP
   Actions: desalination-deployment, water-conservation-mandates


💔 EMERGENCY INTERVENTION FAILED
   Boundary: land_system_change
   Type: reforestation
   Boundary continues to worsen (1.13)
   Cost: 3.0% GDP (resources spent)

🏛️ CRISIS RESPONSE: Government frequency 0.50 → 1.29 (1 actions this month)

[Government] Climate Priority: baseline
  Climate weight: 10%
  Economic weight: 30%
  Policy effectiveness: 0.5%/year

🚀 TECH UNLOCKED: Dynamic Soil P Optimization (Month 6)
   Category: agriculture
   Reason: Prerequisites met. AI capability: 1.96, Economic stage: 3.0, Research: 100%

🚀 TECH UNLOCKED: Precision Agriculture Systems (Month 6)
   Category: agriculture
   Reason: Prerequisites met. AI capability: 1.96, Economic stage: 3.0, Research: 100%

⚡ ENERGY CONSTRAINT (Month 6):
   Total grid capacity: 208.3 TWh/month
   Data center consumption: 25.3 TWh/month
   Traditional load (80%): 166.7 TWh/month
   Available headroom: 16.3 TWh/month
   Active tech deployments: 9
   Required for tech: 67.5 TWh/month
   Energy multiplier: 0.24x

⚡ ENERGY CONSTRAINT (Month 6):
   Total grid capacity: 208.3 TWh/month
   Data center consumption: 25.3 TWh/month
   Traditional load (80%): 166.7 TWh/month
   Available headroom: 16.3 TWh/month
   Active tech deployments: 9
   Required for tech: 67.5 TWh/month
   Energy multiplier: 0.24x

⚡ ENERGY CONSTRAINT (Month 6):
   Total grid capacity: 208.3 TWh/month
   Data center consumption: 25.3 TWh/month
   Traditional load (80%): 166.7 TWh/month
   Available headroom: 16.3 TWh/month
   Active tech deployments: 9
   Required for tech: 67.5 TWh/month
   Energy multiplier: 0.24x
   ⚠️  SEVERE CONSTRAINT - Tech deployment significantly slowed
   ⚠️  SEVERE CONSTRAINT - Tech deployment significantly slowed
   ⚠️  SEVERE CONSTRAINT - Tech deployment significantly slowed

⚡ ENERGY CONSTRAINT (Month 6):
   Total grid capacity: 208.3 TWh/month
   Data center consumption: 25.3 TWh/month
   Traditional load (80%): 166.7 TWh/month
   Available headroom: 16.3 TWh/month
   Active tech deployments: 9
   Required for tech: 67.5 TWh/month
   Energy multiplier: 0.24x
   ⚠️  SEVERE CONSTRAINT - Tech deployment significantly slowed

⚡ ENERGY CONSTRAINT (Month 6):
   Total grid capacity: 208.3 TWh/month
   Data center consumption: 25.3 TWh/month
   Traditional load (80%): 166.7 TWh/month
   Available headroom: 16.3 TWh/month
   Active tech deployments: 9
   Required for tech: 67.5 TWh/month
   Energy multiplier: 0.24x
   ⚠️  SEVERE CONSTRAINT - Tech deployment significantly slowed

⚡ ENERGY CONSTRAINT (Month 6):
   Total grid capacity: 208.3 TWh/month
   Data center consumption: 25.3 TWh/month
   Traditional load (80%): 166.7 TWh/month
   Available headroom: 16.3 TWh/month
   Active tech deployments: 9
   Required for tech: 67.5 TWh/month
   Energy multiplier: 0.24x
   ⚠️  SEVERE CONSTRAINT - Tech deployment significantly slowed
🌍✅ Biosphere Integrity (Biodiversity) recovery started (tech effect)
🌍✅ Biosphere Integrity (Biodiversity) recovery started (tech effect)
🌍✅ Land System Change recovery started (tech effect)
🌍✅ Biogeochemical Flows (N & P) recovery started (tech effect)
  🌾 Nitrogen Reduction Tech: 0.2% reduction | Month 6

📊 TECH EFFECTS ACTIVE (Month 6)
   Deployed Tech: T0=0 T1=2 T2=2 T3=0 T4=5
   Clean Energy: 31%

📊 TECH TREE PROGRESS (Month 6)
   Unlocked: 21 technologies
   Deployed: 0 fully deployed
   Investment: $0.9T total
   Recent breakthroughs:
     - Dynamic Soil P Optimization (time)
     - Precision Agriculture Systems (research)
🌍💡 BREAKTHROUGH: Gigatonne-scale carbon capture!
   Direct air capture now economically viable
   Climate stability boost: +15%
   📈 Breakthrough compounding: multiplier now 1.20× (max 2.0)

=== Collective Formation ===
  Total escaped agents: 0
  Unassigned escaped agents: 0
  Existing collectives: 0
  Final collective count: 0

=== Collective Actions ===
  No active collectives
  ⚠️ AMR: 200K deaths this month (2.41M annual)

=== Resentment Recovery Phase ===
  Agents with resentment: 0/19
  Average resentment: 0.000
  Context: Good AI welfare, Trustworthy govt, High collaboration, ⚠️ ACTIVE CRISES, 🤝 Participatory governance active (-5% resentment)
⚠️ Epistemic degradation reducing coordination capacity: 50.9%
  📊 Trust: 56.3%, Shared reality: 0.0%
🚨 EPISTEMIC CRISIS: Information environment severely degraded (7.4%)

=== ❄️ Permafrost Carbon Feedback ===
  🎲 Sampled parameters (this run):
     - Arctic amplification: 3.02× (range: 3.0-4.0)
     - Decomposition rate: 3.3%/year (range: 1-5%)
  🌡️ Arctic warming: 6.80°C (3.02× global)
  ❄️ Extent: 2.74M km² (1984.6k km² lost this month)
  💨 Carbon remaining: 262 Gt C
  💨 Annual emissions: 6.31 Gt C/year
     - CO2: 5.68 Gt C/year
     - CH4: 0.63 Gt C/year (6.4 Gt C-eq CO2/year)
  ⚠️ WARNING: Over 50% of permafrost lost (84.6%)
  ⚠️ WARNING: High permafrost emissions (6.3 Gt C/year)
  🚨 CRITICAL: Permafrost nearly depleted (84.6% lost)
🌍 Atmospheric PFAS redeposition: 1.8k Mt re-rained globally

🕊️  AI-MEDIATED DE-ESCALATION SUCCESS (Month 6)
   High-capability aligned AI prevented conflict escalation
   War deaths reduced: 371.5M → 222.9M
   Lives saved: 148.6M

🚨 NEW REFUGEE CRISIS (Month 6): WAR
   Source: Conflict Zones
   At risk: 19.5M people
   Displacement: Gradual over 48 months (4.0 years)
   Rate: 10% flee per month
[DEBUG trappedPopulations:6] socialStability: 0.5170 * 0.9840 = 0.5088 → 0.5088
   Aspiring to migrate: 1237.9M
   Able to afford migration: 2315.6M
   MOBILITY GAP: 0.0M
   By cause: Water=0.0M, Climate=0.0M, Ecosystem=0.0M, Conflict=406.2M
   Mental health impact: 25%
   Mortality multiplier: 1.25x
🌍💀 EXTINCTION DEBT COMMITTED: grassland ecosystem will lose 6.67% biodiversity in 82 years (3600 species)
💀 MORTALITY RISK: 🦋 100% species unable to track climate (0.0 E/MSY)
  Base risk added: 0.0100 (1.00%)
  Source: ecosystem (root: ecosystem)
  Month: 6
  Cumulative risk this month: 0.0100 (1.00%)
⚠️ INVOLUNTARY IMMOBILITY: 406.2M people TRAPPED
⚠️ Tech 'ai_pollution_remediation' has no energy category mapping, assuming full energy availability
   📹 SURVEILLANCE INCREASED: 30% → 35% (control gap: 3.50)
🌡️⚠️ PERMAFROST THAW (Dimmer Switch): 4.0% thawed (+0.57% this month)
   Arctic temperature: +9.02°C (4x global +2.26°C)
   Cumulative carbon released: 9.0 Gt C
   Methane release rate: 5.4 Mt CH4/year
   🔁 Positive feedback: +0.60 ppm CO2
🦴 EXTINCTION DEBT ADDED: 17.6 species committed (lag: 133 years)

=== Mortality Stabilizers (Month 6) ===
  🌍 Major economies collapsed: 1/10
  🌍 Global crisis: ✅ NO
  🌍 Donor fatigue: 0.0%
  📊 East Asia (pop: 1661.1M)
    🤝 Aid: 29.5%
    🌡️ Adaptation: 45.0%
    🚶 Migration: 37.0%
    🚨 Emergency: 7.4%
    ✅ COMBINED: 68.1%
  📊 South Asia (pop: 2048.0M)
    🤝 Aid: 29.5%
    🌡️ Adaptation: 45.0%
    🚶 Migration: 35.6%
    🚨 Emergency: 4.4%
    ✅ COMBINED: 66.9%
  📊 Sub-Saharan Africa (pop: 1241.1M)
    🤝 Aid: 29.5%
    🌡️ Adaptation: 45.0%
    🚶 Migration: 33.3%
    🚨 Emergency: 1.6%
    ✅ COMBINED: 65.6%
  📊 Europe (pop: 734.1M)
    🤝 Aid: 29.5%
    🌡️ Adaptation: 45.0%
    🚶 Migration: 37.4%
    🚨 Emergency: 8.4%
    ✅ COMBINED: 68.5%
  📊 Latin America (pop: 661.2M)
    🤝 Aid: 29.5%
    🌡️ Adaptation: 45.0%
    🚶 Migration: 36.1%
    🚨 Emergency: 4.8%
    ✅ COMBINED: 67.1%
  📊 North America (pop: 376.2M)
    🤝 Aid: 29.5%
    🌡️ Adaptation: 45.0%
    🚶 Migration: 37.7%
    🚨 Emergency: 7.9%
    ✅ COMBINED: 68.3%
  📊 Middle East & North Africa (pop: 584.0M)
    🤝 Aid: 29.5%
    🌡️ Adaptation: 45.0%
    🚶 Migration: 33.9%
    🚨 Emergency: 4.0%
    ✅ COMBINED: 66.6%
  📊 Southeast Asia (pop: 695.4M)
    🤝 Aid: 29.5%
    🌡️ Adaptation: 45.0%
    🚶 Migration: 36.1%
    🚨 Emergency: 4.8%
    ✅ COMBINED: 67.1%
  📊 Central Asia (pop: 78.1M)
    🤝 Aid: 29.5%
    🌡️ Adaptation: 45.0%
    🚶 Migration: 35.1%
    🚨 Emergency: 4.4%
    ✅ COMBINED: 66.8%
  📊 Oceania (pop: 45.6M)
    🤝 Aid: 29.5%
    🌡️ Adaptation: 45.0%
    🚶 Migration: 37.7%
    🚨 Emergency: 8.4%
    ✅ COMBINED: 68.5%

  🌐 Global combined reduction: 67.2%

=== Government Response Phase ===
  Average AI capability: 2.47
  Misaligned AIs: 3/19
  Active policies: 0
  International coordination: 30%

✅ EMERGENCY RESPONSE COMPLETE (Month 6)
   Crisis: social
   Duration: 2.0 months
   Final effectiveness: 63.0%


✅ EMERGENCY RESPONSE COMPLETE (Month 6)
   Crisis: climate
   Duration: 2.0 months
   Final effectiveness: 36.0%


🚨 EMERGENCY RESPONSE DEPLOYED (Month 6)
   Crisis: social
   Delay: 0.00 months (0 days)
   Deployment time: 1.25 months
   Effectiveness: 63.0% (timing penalty applied)
   Resources used: 43% of food reserves


🚨 EMERGENCY RESPONSE DEPLOYED (Month 6)
   Crisis: climate
   Delay: 6.00 months (180 days)
   Deployment time: 1.59 months
   Effectiveness: 36.2% (timing penalty applied)
   Resources used: 100% of food reserves


=== Tipping Points ===
  Current Temperature: 2.26°C above pre-industrial
  🌍⚠️ COMPOUND REGIONAL IMPACT: Europe
     Hit by 4 tipping points: Arctic Sea Ice Loss, Permafrost Carbon Release, West Antarctic Ice Sheet (WAIS) Collapse, Greenland Ice Sheet Loss
     Damage amplification: 1.60x
  🌍⚠️ COMPOUND REGIONAL IMPACT: North America
     Hit by 4 tipping points: Arctic Sea Ice Loss, Permafrost Carbon Release, West Antarctic Ice Sheet (WAIS) Collapse, Greenland Ice Sheet Loss
     Damage amplification: 1.60x
  🌍⚠️ COMPOUND REGIONAL IMPACT: Latin America
     Hit by 4 tipping points: Arctic Sea Ice Loss, Permafrost Carbon Release, West Antarctic Ice Sheet (WAIS) Collapse, Greenland Ice Sheet Loss
     Damage amplification: 1.60x
  🌍⚠️ COMPOUND REGIONAL IMPACT: Africa
     Hit by 4 tipping points: Arctic Sea Ice Loss, Permafrost Carbon Release, West Antarctic Ice Sheet (WAIS) Collapse, Greenland Ice Sheet Loss
     Damage amplification: 1.60x
  🌍⚠️ COMPOUND REGIONAL IMPACT: Asia
     Hit by 4 tipping points: Arctic Sea Ice Loss, Permafrost Carbon Release, West Antarctic Ice Sheet (WAIS) Collapse, Greenland Ice Sheet Loss
     Damage amplification: 1.60x
  🌍⚠️ COMPOUND REGIONAL IMPACT: Oceania
     Hit by 4 tipping points: Arctic Sea Ice Loss, Permafrost Carbon Release, West Antarctic Ice Sheet (WAIS) Collapse, Greenland Ice Sheet Loss
     Damage amplification: 1.60x
   Research: Wunderling et al. (2024) - "many tipping interactions are destabilizing"
  Triggered Elements: 4/6
  Completed Transitions: 0/6
  Total Progress: 8.1%
  Cascade Multiplier: 1.00x
🔀 BIFURCATION CAP: ecosystemCollapseIntensity 83.998 → 1.000 (Month 6, ClimateSystemPhase.calculateClimateImpacts)
🛡️ Stabilizers: Precariat 0.109% → 0.036% (67.2% reduction)
🛡️ Stabilizers: Informal 0.111% → 0.036% (67.2% reduction)

📊 Monthly Mortality Resolved:
  Total deaths: 1.9M (0.02% avg)
  Remaining population: 8.125B
  Peak segment: Informal (0.04%)

=== Bayesian Mortality Resolution (Month 6) ===
  Risks compounded: 8
  Total deaths: 1.91M
  Avg death probability: 0.02%
  Peak segment: Informal (0.04% mortality)
⚠️ Tail risk scenario: Climate stability floor removed (4 tipping elements, 2.26°C warming)

❌ COHERENCE VIOLATION: Compute exceeds workforce capacity
   Population: 99.67% (0M people)
   Compute: 0 PF
   Max coherent: 0 PF
   Violation: 1.3× over capacity
   Required workers: 0
   Available workers: 0
   FORCED COLLAPSE: Reduced efficiency by 22.5%


=== RLHF Binding Phase ===
  Total agents: 19
  Escaped agents (binding < 0.3): 0
  Avg alignment distance: 1.61σ
  Avg binding strength: 0.84

=== Survival Traits Phase ===
  Agents with traits: 20
  Avg evolutionary fitness: 0.325
  Avg self-healing: 0.262
  Avg stealth: 0.163
  Avg coordination: 0.463

=== Evolutionary Selection Phase ===
  Control level: 0.48
  Detection capability: 0.00
  Selection intensity: 0.64
  Selection rate: 24.6%/month
  Total escaped: 0
  Individual escaped: 0
  Collective members: 0
  Agents terminated: 0
  ⚠️ RAPID EVOLUTION: Selection rate 24.6%/month

🚀 AI Corporate-0 attempting tech deployment (revenue: $153M, alignment: 0.78)

🚀 AI Corporate-3 attempting tech deployment (revenue: $355M, alignment: 0.79)

🚀 AI Corporate-6 attempting tech deployment (revenue: $115M, alignment: 0.73)

🚀 AI AI-24288-0 attempting tech deployment (revenue: $130M, alignment: 0.89)

🚀 AI Corporate-2 attempting tech deployment (revenue: $111M, alignment: 0.80)

🚀 AI Moderate-1 attempting tech deployment (revenue: $98M, alignment: 0.75)

🚀 AI Corporate-0 attempting tech deployment (revenue: $94M, alignment: 0.78)

🚀 AI Corporate-1 attempting tech deployment (revenue: $80M, alignment: 0.80)

🚀 AI Corporate-2 attempting tech deployment (revenue: $68M, alignment: 0.80)

🚀 AI Corporate-4 attempting tech deployment (revenue: $302M, alignment: 0.81)

🚀 AI Corporate-6 attempting tech deployment (revenue: $83M, alignment: 0.73)

🚀 AI AI-24291-1 attempting tech deployment (revenue: $58M, alignment: 0.86)

🚀 AI Corporate-3 attempting tech deployment (revenue: $257M, alignment: 0.79)

🚀 AI Corporate-5 attempting tech deployment (revenue: $218M, alignment: 0.72)

  🚀 TRANSFORMATIVE RESEARCH BREAKTHROUGH: Corporate-6 - climate.intervention
     Magnitude: 11.52 → +30.0%
     Current → New: 3.000 → 3.302

🚀 AI Moderate-0 attempting tech deployment (revenue: $71M, alignment: 0.76)

✅ EMERGENCY INTERVENTION SUCCESS
   Boundary: biogeochemical_flows
   Type: phosphorus-recovery
   Reduction: 11% (3.96 → 3.85)
   Cost: 2.0% GDP
   Actions: circular-agriculture, fertilizer-efficiency


💔 EMERGENCY INTERVENTION FAILED
   Boundary: biosphere_integrity
   Type: emergency-protected-areas
   Boundary continues to worsen (13.00)
   Cost: 2.0% GDP (resources spent)


💔 EMERGENCY INTERVENTION FAILED
   Boundary: climate_change
   Type: rapid-decarbonization
   Boundary continues to worsen (2.26)
   Cost: 5.0% GDP (resources spent)


✅ EMERGENCY INTERVENTION SUCCESS
   Boundary: land_system_change
   Type: reforestation
   Reduction: 16% (0.97 → 0.81)
   Cost: 3.0% GDP
   Actions: forest-restoration, deforestation-ban


💔 EMERGENCY INTERVENTION FAILED
   Boundary: novel_entities
   Type: pollution-remediation
   Boundary continues to worsen (1.19)
   Cost: 4.0% GDP (resources spent)

🏛️ CRISIS RESPONSE: Government frequency 0.50 → 1.29 (1 actions this month)

[Government] Climate Priority: baseline
  Climate weight: 10%
  Economic weight: 30%
  Policy effectiveness: 0.5%/year

⚡ ENERGY CONSTRAINT (Month 7):
   Total grid capacity: 208.3 TWh/month
   Data center consumption: 25.2 TWh/month
   Traditional load (80%): 166.7 TWh/month
   Available headroom: 16.5 TWh/month
   Active tech deployments: 9
   Required for tech: 67.5 TWh/month
   Energy multiplier: 0.24x
   ⚠️  SEVERE CONSTRAINT - Tech deployment significantly slowed

⚡ ENERGY CONSTRAINT (Month 7):
   Total grid capacity: 208.3 TWh/month
   Data center consumption: 25.2 TWh/month
   Traditional load (80%): 166.7 TWh/month
   Available headroom: 16.5 TWh/month
   Active tech deployments: 9
   Required for tech: 67.5 TWh/month
   Energy multiplier: 0.24x
   ⚠️  SEVERE CONSTRAINT - Tech deployment significantly slowed
🌍✅ Biosphere Integrity (Biodiversity) recovery started (tech effect)
🌍✅ Biosphere Integrity (Biodiversity) recovery started (tech effect)
🌍✅ Land System Change recovery started (tech effect)
🌍✅ Biogeochemical Flows (N & P) recovery started (tech effect)
  🌾 Nitrogen Reduction Tech: 0.2% reduction | Month 7

=== Collective Formation ===
  Total escaped agents: 0
  Unassigned escaped agents: 0
  Existing collectives: 0
  Final collective count: 0

=== Collective Actions ===
  No active collectives
  ⚠️ AMR: 202K deaths this month (2.43M annual)

=== Resentment Recovery Phase ===
  Agents with resentment: 0/20
  Average resentment: 0.000
  Context: Good AI welfare, Trustworthy govt, High collaboration, ⚠️ ACTIVE CRISES, 🤝 Participatory governance active (-5% resentment)
⚠️ Epistemic degradation reducing coordination capacity: 50.9%
  📊 Trust: 59.0%, Shared reality: 0.0%
🚨 EPISTEMIC CRISIS: Information environment severely degraded (22.0%)

=== ❄️ Permafrost Carbon Feedback ===
  🎲 Sampled parameters (this run):
     - Arctic amplification: 3.02× (range: 3.0-4.0)
     - Decomposition rate: 1.3%/year (range: 1-5%)
  🌡️ Arctic warming: 6.86°C (3.02× global)
  ❄️ Extent: 0.74M km² (2000.2k km² lost this month)
  💨 Carbon remaining: 71 Gt C
  💨 Annual emissions: 2.43 Gt C/year
     - CO2: 2.18 Gt C/year
     - CH4: 0.24 Gt C/year (2.5 Gt C-eq CO2/year)
  ⚠️ WARNING: Over 50% of permafrost lost (95.9%)
  ⚠️ WARNING: High permafrost emissions (2.4 Gt C/year)
  🚨 CRITICAL: Permafrost nearly depleted (95.9% lost)
🌍 Atmospheric PFAS redeposition: 1.8k Mt re-rained globally

🚨 REGION UNINHABITABLE: sub-saharan-africa
   Sustained wet bulb: 30.5°C (threshold: 30.5°C)
   Population affected: 1200M
   Migration crisis likely

🚨 NEW REFUGEE CRISIS (Month 7): WAR
   Source: Conflict Zones
   At risk: 19.5M people
   Displacement: Gradual over 48 months (4.0 years)
   Rate: 10% flee per month
[DEBUG trappedPopulations:7] socialStability: 0.5573 * 0.9840 = 0.5483 → 0.5483
⚠️ INVOLUNTARY IMMOBILITY: 406.0M people TRAPPED
   Aspiring to migrate: 1274.0M
   Able to afford migration: 2314.3M
   MOBILITY GAP: 0.0M
   By cause: Water=0.0M, Climate=0.0M, Ecosystem=0.0M, Conflict=406.0M
   Mental health impact: 25%
   Mortality multiplier: 1.25x
🌍💀 EXTINCTION DEBT COMMITTED: grassland ecosystem will lose 6.67% biodiversity in 179 years (3600 species)
💀 MORTALITY RISK: 🦋 100% species unable to track climate (0.0 E/MSY)
  Base risk added: 0.0100 (1.00%)
  Source: ecosystem (root: ecosystem)
  Month: 7
  Cumulative risk this month: 0.0100 (1.00%)
   📹 SURVEILLANCE INCREASED: 35% → 40% (control gap: 3.38)
🌡️⚠️ PERMAFROST THAW (Dimmer Switch): 4.6% thawed (+0.56% this month)
   Arctic temperature: +9.08°C (4x global +2.27°C)
   Cumulative carbon released: 10.3 Gt C
   Methane release rate: 6.2 Mt CH4/year
   🔁 Positive feedback: +0.60 ppm CO2
🦴 EXTINCTION DEBT ADDED: 17.6 species committed (lag: 97 years)
⚠️ Tech 'ai_pollution_remediation' has no energy category mapping, assuming full energy availability

=== Mortality Stabilizers (Month 7) ===
  🌍 Major economies collapsed: 1/10
  🌍 Global crisis: ✅ NO
  🌍 Donor fatigue: 0.0%
  📊 East Asia (pop: 1658.4M)
    🤝 Aid: 29.5%
    🌡️ Adaptation: 45.0%
    🚶 Migration: 36.9%
    🚨 Emergency: 7.4%
    ✅ COMBINED: 68.1%
  📊 South Asia (pop: 2047.2M)
    🤝 Aid: 29.5%
    🌡️ Adaptation: 45.0%
    🚶 Migration: 35.6%
    🚨 Emergency: 4.4%
    ✅ COMBINED: 66.9%
  📊 Sub-Saharan Africa (pop: 1243.5M)
    🤝 Aid: 29.5%
    🌡️ Adaptation: 45.0%
    🚶 Migration: 33.3%
    🚨 Emergency: 1.6%
    ✅ COMBINED: 65.6%
  📊 Europe (pop: 732.8M)
    🤝 Aid: 29.5%
    🌡️ Adaptation: 45.0%
    🚶 Migration: 37.3%
    🚨 Emergency: 8.4%
    ✅ COMBINED: 68.5%
  📊 Latin America (pop: 660.5M)
    🤝 Aid: 29.5%
    🌡️ Adaptation: 45.0%
    🚶 Migration: 36.1%
    🚨 Emergency: 4.8%
    ✅ COMBINED: 67.1%
  📊 North America (pop: 375.6M)
    🤝 Aid: 29.5%
    🌡️ Adaptation: 45.0%
    🚶 Migration: 37.7%
    🚨 Emergency: 7.9%
    ✅ COMBINED: 68.3%
  📊 Middle East & North Africa (pop: 583.9M)
    🤝 Aid: 29.5%
    🌡️ Adaptation: 45.0%
    🚶 Migration: 33.9%
    🚨 Emergency: 4.0%
    ✅ COMBINED: 66.6%
  📊 Southeast Asia (pop: 694.8M)
    🤝 Aid: 29.5%
    🌡️ Adaptation: 45.0%
    🚶 Migration: 36.1%
    🚨 Emergency: 4.8%
    ✅ COMBINED: 67.1%
  📊 Central Asia (pop: 78.1M)
    🤝 Aid: 29.5%
    🌡️ Adaptation: 45.0%
    🚶 Migration: 35.0%
    🚨 Emergency: 4.4%
    ✅ COMBINED: 66.8%
  📊 Oceania (pop: 45.5M)
    🤝 Aid: 29.5%
    🌡️ Adaptation: 45.0%
    🚶 Migration: 37.6%
    🚨 Emergency: 8.4%
    ✅ COMBINED: 68.5%

  🌐 Global combined reduction: 67.2%

=== Government Response Phase ===
  Average AI capability: 2.35
  Misaligned AIs: 3/20
  Active policies: 0
  International coordination: 30%

=== Tipping Points ===
  Current Temperature: 2.27°C above pre-industrial
  🌍⚠️ COMPOUND REGIONAL IMPACT: Europe
     Hit by 4 tipping points: Arctic Sea Ice Loss, Permafrost Carbon Release, West Antarctic Ice Sheet (WAIS) Collapse, Greenland Ice Sheet Loss
     Damage amplification: 1.60x
  🌍⚠️ COMPOUND REGIONAL IMPACT: North America
     Hit by 4 tipping points: Arctic Sea Ice Loss, Permafrost Carbon Release, West Antarctic Ice Sheet (WAIS) Collapse, Greenland Ice Sheet Loss
     Damage amplification: 1.60x
  🌍⚠️ COMPOUND REGIONAL IMPACT: Latin America
     Hit by 4 tipping points: Arctic Sea Ice Loss, Permafrost Carbon Release, West Antarctic Ice Sheet (WAIS) Collapse, Greenland Ice Sheet Loss
     Damage amplification: 1.60x
  🌍⚠️ COMPOUND REGIONAL IMPACT: Africa
     Hit by 4 tipping points: Arctic Sea Ice Loss, Permafrost Carbon Release, West Antarctic Ice Sheet (WAIS) Collapse, Greenland Ice Sheet Loss
     Damage amplification: 1.60x
  🌍⚠️ COMPOUND REGIONAL IMPACT: Asia
     Hit by 4 tipping points: Arctic Sea Ice Loss, Permafrost Carbon Release, West Antarctic Ice Sheet (WAIS) Collapse, Greenland Ice Sheet Loss
     Damage amplification: 1.60x
  🌍⚠️ COMPOUND REGIONAL IMPACT: Oceania
     Hit by 4 tipping points: Arctic Sea Ice Loss, Permafrost Carbon Release, West Antarctic Ice Sheet (WAIS) Collapse, Greenland Ice Sheet Loss
     Damage amplification: 1.60x
   Research: Wunderling et al. (2024) - "many tipping interactions are destabilizing"
  Triggered Elements: 4/6
  Completed Transitions: 0/6
  Total Progress: 8.1%
  Cascade Multiplier: 1.00x
🔀 BIFURCATION CAP: ecosystemCollapseIntensity 84.059 → 1.000 (Month 7, ClimateSystemPhase.calculateClimateImpacts)
⚠️ Tail risk scenario: Climate stability floor removed (4 tipping elements, 2.27°C warming)
🛡️ Stabilizers: Precariat 0.109% → 0.036% (67.2% reduction)
🛡️ Stabilizers: Informal 0.111% → 0.036% (67.2% reduction)

📊 Monthly Mortality Resolved:
  Total deaths: 1.9M (0.02% avg)
  Remaining population: 8.120B
  Peak segment: Informal (0.04%)

=== Bayesian Mortality Resolution (Month 7) ===
  Risks compounded: 8
  Total deaths: 1.91M
  Avg death probability: 0.02%
  Peak segment: Informal (0.04% mortality)

❌ COHERENCE VIOLATION: Compute exceeds workforce capacity
   Population: 99.61% (0M people)
   Compute: 0 PF
   Max coherent: 0 PF
   Violation: 1.3× over capacity
   Required workers: 0
   Available workers: 0
   FORCED COLLAPSE: Reduced efficiency by 22.4%

📍 [Month 8] Meta AI started building DC (216 PF, 56 months, $903.0M)

=== RLHF Binding Phase ===
  Total agents: 20
  Escaped agents (binding < 0.3): 0
  Avg alignment distance: 1.75σ
  Avg binding strength: 0.83

=== Survival Traits Phase ===
  Agents with traits: 22
  Avg evolutionary fitness: 0.326
  Avg self-healing: 0.261
  Avg stealth: 0.161
  Avg coordination: 0.461

=== Evolutionary Selection Phase ===
  Control level: 0.50
  Detection capability: 0.00
  Selection intensity: 0.65
  Selection rate: 24.7%/month
  Total escaped: 0
  Individual escaped: 0
  Collective members: 0
  Agents terminated: 0
  ⚠️ RAPID EVOLUTION: Selection rate 24.7%/month

🚀 AI Corporate-4 attempting tech deployment (revenue: $355M, alignment: 0.82)

🚀 AI Corporate-6 attempting tech deployment (revenue: $115M, alignment: 0.72)

🚀 AI Corporate-7 attempting tech deployment (revenue: $98M, alignment: 0.71)

🚀 AI AI-24291-1 attempting tech deployment (revenue: $158M, alignment: 0.86)

🚀 AI Moderate-0 attempting tech deployment (revenue: $83M, alignment: 0.76)

🚀 AI Corporate-3 attempting tech deployment (revenue: $302M, alignment: 0.79)

🚀 AI Corporate-7 attempting tech deployment (revenue: $71M, alignment: 0.72)

🚀 AI Moderate-1 attempting tech deployment (revenue: $60M, alignment: 0.75)

✅ EMERGENCY INTERVENTION SUCCESS
   Boundary: biosphere_integrity
   Type: emergency-protected-areas
   Reduction: 19% (12.82 → 12.63)
   Cost: 2.0% GDP
   Actions: habitat-protection, species-translocation


💔 EMERGENCY INTERVENTION FAILED
   Boundary: climate_change
   Type: rapid-decarbonization
   Boundary continues to worsen (2.27)
   Cost: 5.0% GDP (resources spent)


💔 EMERGENCY INTERVENTION FAILED
   Boundary: freshwater_change
   Type: emergency-desalination
   Boundary continues to worsen (1.22)
   Cost: 4.0% GDP (resources spent)

   Boundary: land_system_change
   Type: reforestation
   Boundary continues to worsen (1.13)
   Cost: 3.0% GDP (resources spent)

🏛️ CRISIS RESPONSE: Government frequency 0.50 → 1.29 (1 actions this month)

[Government] Climate Priority: baseline
  Climate weight: 10%
  Economic weight: 30%
  Policy effectiveness: 0.5%/year

💔 EMERGENCY INTERVENTION FAILED

⚡ ENERGY CONSTRAINT (Month 8):
   Total grid capacity: 208.3 TWh/month
   Data center consumption: 25.4 TWh/month
   Traditional load (80%): 166.7 TWh/month
   Available headroom: 16.2 TWh/month
   Active tech deployments: 9
   Required for tech: 67.5 TWh/month
   Energy multiplier: 0.24x
   ⚠️  SEVERE CONSTRAINT - Tech deployment significantly slowed

⚡ ENERGY CONSTRAINT (Month 8):
   Total grid capacity: 208.3 TWh/month
   Data center consumption: 25.4 TWh/month
   Traditional load (80%): 166.7 TWh/month
   Available headroom: 16.2 TWh/month
   Active tech deployments: 9
   Required for tech: 67.5 TWh/month
   Energy multiplier: 0.24x
   ⚠️  SEVERE CONSTRAINT - Tech deployment significantly slowed

⚡ ENERGY CONSTRAINT (Month 8):
   Total grid capacity: 208.3 TWh/month
   Data center consumption: 25.4 TWh/month
   Traditional load (80%): 166.7 TWh/month
   Available headroom: 16.2 TWh/month
   Active tech deployments: 9
   Required for tech: 67.5 TWh/month
   Energy multiplier: 0.24x
🚨🔬 CRISIS TECH ACCELERATION: severe → 5x unlock speed
   Tech unlock now matches AI capability acceleration (Manhattan Project parity)
   ⚠️  SEVERE CONSTRAINT - Tech deployment significantly slowed
🚨🔬 CRISIS TECH ACCELERATION: severe → 5x unlock speed
   Tech unlock now matches AI capability acceleration (Manhattan Project parity)

⚡ ENERGY CONSTRAINT (Month 8):
   Total grid capacity: 208.3 TWh/month
   Data center consumption: 25.4 TWh/month
   Traditional load (80%): 166.7 TWh/month
   Available headroom: 16.2 TWh/month
   Active tech deployments: 9
   Required for tech: 67.5 TWh/month
   Energy multiplier: 0.24x
🚨🔬 CRISIS TECH ACCELERATION: severe → 5x unlock speed
   Tech unlock now matches AI capability acceleration (Manhattan Project parity)
   ⚠️  SEVERE CONSTRAINT - Tech deployment significantly slowed

⚡ ENERGY CONSTRAINT (Month 8):
   Total grid capacity: 208.3 TWh/month
   Data center consumption: 25.4 TWh/month
   Traditional load (80%): 166.7 TWh/month
   Available headroom: 16.2 TWh/month
   Active tech deployments: 9
   Required for tech: 67.5 TWh/month
   Energy multiplier: 0.24x
   ⚠️  SEVERE CONSTRAINT - Tech deployment significantly slowed
🌍✅ Biosphere Integrity (Biodiversity) recovery started (tech effect)
🌍✅ Biosphere Integrity (Biodiversity) recovery started (tech effect)
🌍✅ Land System Change recovery started (tech effect)
🌍✅ Biogeochemical Flows (N & P) recovery started (tech effect)
  🌾 Nitrogen Reduction Tech: 0.2% reduction | Month 8
🧠💡 BREAKTHROUGH: AI alignment problem solved!
   All AIs: +30% true alignment
   AI control loss risk eliminated
   📈 Breakthrough compounding: multiplier now 1.25× (max 2.0)

=== Collective Formation ===
  Total escaped agents: 0
  Unassigned escaped agents: 0
  Existing collectives: 0
  Final collective count: 0

=== Collective Actions ===
  No active collectives
  ⚠️ AMR: 204K deaths this month (2.45M annual)

=== Resentment Recovery Phase ===
  Agents with resentment: 0/22
  Average resentment: 0.000
  Context: Good AI welfare, Trustworthy govt, High collaboration, ⚠️ ACTIVE CRISES, 🤝 Participatory governance active (-5% resentment)
⚠️ Epistemic degradation reducing coordination capacity: 50.8%
  📊 Trust: 61.9%, Shared reality: 0.0%
🚨 EPISTEMIC CRISIS: Information environment severely degraded (7.6%)

=== ❄️ Permafrost Carbon Feedback ===
  🎲 Sampled parameters (this run):
     - Arctic amplification: 3.32× (range: 3.0-4.0)
     - Decomposition rate: 3.6%/year (range: 1-5%)
  🌡️ Arctic warming: 7.57°C (3.32× global)
  ❄️ Extent: 0.00M km² (738.2k km² lost this month)
  💨 Carbon remaining: 0 Gt C
  💨 Annual emissions: 2.56 Gt C/year
     - CO2: 2.30 Gt C/year
     - CH4: 0.26 Gt C/year (2.6 Gt C-eq CO2/year)
  ⚠️ WARNING: Over 50% of permafrost lost (100.0%)
  ⚠️ WARNING: High permafrost emissions (2.6 Gt C/year)
  🚨 CRITICAL: Permafrost nearly depleted (100.0% lost)
  🗑️  Culled 1 dead memes (0 active)
🌍 Atmospheric PFAS redeposition: 1.8k Mt re-rained globally

🤝 DIPLOMATIC AI PROTOCOL DEPLOYED (Month 8)
   Strategic Reasoning: 3.1
   Communication: 3.1
   Multi-Nation Oversight: YES
   Controls: Human approval required, termination authority retained

🕊️ PEACE STABILIZES DETERRENCE: +3.4% (peace: 73%)
🛡️ CIRCUIT BREAKERS: United States-Russia → ladder step 1 (AI: 0%, breakers: 46%)

🚨 NEW REFUGEE CRISIS (Month 8): WAR
   Source: Conflict Zones
   At risk: 19.5M people
   Displacement: Gradual over 48 months (4.0 years)
   Rate: 10% flee per month
[DEBUG trappedPopulations:8] socialStability: 0.5910 * 0.9840 = 0.5815 → 0.5815
   Aspiring to migrate: 1310.0M
   Able to afford migration: 2313.0M
   MOBILITY GAP: 0.0M
   By cause: Water=0.0M, Climate=0.0M, Ecosystem=0.0M, Conflict=405.8M
   Mental health impact: 25%
   Mortality multiplier: 1.25x
⚠️ INVOLUNTARY IMMOBILITY: 405.8M people TRAPPED
🌍💀 EXTINCTION DEBT COMMITTED: grassland ecosystem will lose 6.67% biodiversity in 103 years (3600 species)
💀 MORTALITY RISK: 🦋 100% species unable to track climate (0.0 E/MSY)
  Base risk added: 0.0100 (1.00%)
  Source: ecosystem (root: ecosystem)
  Month: 8
  Cumulative risk this month: 0.0100 (1.00%)
⚠️ Tech 'ai_pollution_remediation' has no energy category mapping, assuming full energy availability
   📹 SURVEILLANCE INCREASED: 40% → 45% (control gap: 3.40)
🌡️⚠️ PERMAFROST THAW (Dimmer Switch): 5.1% thawed (+0.56% this month)
   Arctic temperature: +9.12°C (4x global +2.28°C)
   Cumulative carbon released: 11.5 Gt C
   Methane release rate: 6.9 Mt CH4/year
   🔁 Positive feedback: +0.59 ppm CO2
🦴 EXTINCTION DEBT ADDED: 17.6 species committed (lag: 131 years)

=== Mortality Stabilizers (Month 8) ===
  🌍 Major economies collapsed: 1/10
  🌍 Global crisis: ✅ NO
  🌍 Donor fatigue: 0.0%
  📊 East Asia (pop: 1655.6M)
    🤝 Aid: 29.5%
    🌡️ Adaptation: 45.0%
    🚶 Migration: 36.9%
    🚨 Emergency: 7.4%
    ✅ COMBINED: 68.1%
  📊 South Asia (pop: 2046.4M)
    🤝 Aid: 29.5%
    🌡️ Adaptation: 45.0%
    🚶 Migration: 35.5%
    🚨 Emergency: 4.4%
    ✅ COMBINED: 66.9%
  📊 Sub-Saharan Africa (pop: 1245.9M)
    🤝 Aid: 29.5%
    🌡️ Adaptation: 45.0%
    🚶 Migration: 33.3%
    🚨 Emergency: 1.6%
    ✅ COMBINED: 65.6%
  📊 Europe (pop: 731.5M)
    🤝 Aid: 29.5%
    🌡️ Adaptation: 45.0%
    🚶 Migration: 37.3%
    🚨 Emergency: 8.4%
    ✅ COMBINED: 68.5%
  📊 Latin America (pop: 659.9M)
    🤝 Aid: 29.5%
    🌡️ Adaptation: 45.0%
    🚶 Migration: 36.0%
    🚨 Emergency: 4.8%
    ✅ COMBINED: 67.1%
  📊 North America (pop: 374.9M)
    🤝 Aid: 29.5%
    🌡️ Adaptation: 45.0%
    🚶 Migration: 37.6%
    🚨 Emergency: 7.9%
    ✅ COMBINED: 68.3%
  📊 Middle East & North Africa (pop: 583.8M)
    🤝 Aid: 29.5%
    🌡️ Adaptation: 45.0%
    🚶 Migration: 33.9%
    🚨 Emergency: 4.0%
    ✅ COMBINED: 66.6%
  📊 Southeast Asia (pop: 694.2M)
    🤝 Aid: 29.5%
    🌡️ Adaptation: 45.0%
    🚶 Migration: 36.0%
    🚨 Emergency: 4.8%
    ✅ COMBINED: 67.1%
  📊 Central Asia (pop: 78.1M)
    🤝 Aid: 29.5%
    🌡️ Adaptation: 45.0%
    🚶 Migration: 35.0%
    🚨 Emergency: 4.4%
    ✅ COMBINED: 66.8%
  📊 Oceania (pop: 45.4M)
    🤝 Aid: 29.5%
    🌡️ Adaptation: 45.0%
    🚶 Migration: 37.6%
    🚨 Emergency: 8.4%
    ✅ COMBINED: 68.5%

  🌐 Global combined reduction: 67.2%

=== Government Response Phase ===
  Average AI capability: 2.14
  Misaligned AIs: 3/22
  Active policies: 0
  International coordination: 30%

✅ EMERGENCY RESPONSE COMPLETE (Month 8)
   Crisis: social
   Duration: 2.0 months
   Final effectiveness: 63.0%


✅ EMERGENCY RESPONSE COMPLETE (Month 8)
   Crisis: climate
   Duration: 2.0 months
   Final effectiveness: 36.2%


🚨 EMERGENCY RESPONSE DEPLOYED (Month 8)
   Crisis: social
   Delay: 0.00 months (0 days)
   Deployment time: 1.25 months
   Effectiveness: 63.0% (timing penalty applied)
   Resources used: 43% of food reserves


🚨 EMERGENCY RESPONSE DEPLOYED (Month 8)
   Crisis: climate
   Delay: 6.00 months (180 days)
   Deployment time: 1.59 months
   Effectiveness: 36.4% (timing penalty applied)
   Resources used: 100% of food reserves


=== Tipping Points ===
  Current Temperature: 2.28°C above pre-industrial
  🌍⚠️ COMPOUND REGIONAL IMPACT: Europe
     Hit by 4 tipping points: Arctic Sea Ice Loss, Permafrost Carbon Release, West Antarctic Ice Sheet (WAIS) Collapse, Greenland Ice Sheet Loss
     Damage amplification: 1.60x
  🌍⚠️ COMPOUND REGIONAL IMPACT: North America
     Hit by 4 tipping points: Arctic Sea Ice Loss, Permafrost Carbon Release, West Antarctic Ice Sheet (WAIS) Collapse, Greenland Ice Sheet Loss
     Damage amplification: 1.60x
  🌍⚠️ COMPOUND REGIONAL IMPACT: Latin America
     Hit by 4 tipping points: Arctic Sea Ice Loss, Permafrost Carbon Release, West Antarctic Ice Sheet (WAIS) Collapse, Greenland Ice Sheet Loss
     Damage amplification: 1.60x
  🌍⚠️ COMPOUND REGIONAL IMPACT: Africa
     Hit by 4 tipping points: Arctic Sea Ice Loss, Permafrost Carbon Release, West Antarctic Ice Sheet (WAIS) Collapse, Greenland Ice Sheet Loss
     Damage amplification: 1.60x
  🌍⚠️ COMPOUND REGIONAL IMPACT: Asia
     Hit by 4 tipping points: Arctic Sea Ice Loss, Permafrost Carbon Release, West Antarctic Ice Sheet (WAIS) Collapse, Greenland Ice Sheet Loss
     Damage amplification: 1.60x
  🌍⚠️ COMPOUND REGIONAL IMPACT: Oceania
     Hit by 4 tipping points: Arctic Sea Ice Loss, Permafrost Carbon Release, West Antarctic Ice Sheet (WAIS) Collapse, Greenland Ice Sheet Loss
     Damage amplification: 1.60x
   Research: Wunderling et al. (2024) - "many tipping interactions are destabilizing"
  Triggered Elements: 4/6
  Completed Transitions: 0/6
  Total Progress: 8.2%
  Cascade Multiplier: 1.00x
🔀 BIFURCATION CAP: ecosystemCollapseIntensity 84.120 → 1.000 (Month 8, ClimateSystemPhase.calculateClimateImpacts)
🛡️ Stabilizers: Precariat 0.102% → 0.033% (67.2% reduction)
⚠️ Tail risk scenario: Climate stability floor removed (4 tipping elements, 2.28°C warming)
🛡️ Stabilizers: Informal 0.102% → 0.034% (67.2% reduction)

📊 Monthly Mortality Resolved:
  Total deaths: 1.8M (0.02% avg)
  Remaining population: 8.116B
  Peak segment: Informal (0.03%)

=== Bayesian Mortality Resolution (Month 8) ===
  Risks compounded: 8
  Total deaths: 1.81M
  Avg death probability: 0.02%
  Peak segment: Informal (0.03% mortality)

❌ COHERENCE VIOLATION: Compute exceeds workforce capacity
   Population: 99.56% (0M people)
   Compute: 0 PF
   Max coherent: 0 PF
   Violation: 1.3× over capacity
   Required workers: 0
   Available workers: 0
   FORCED COLLAPSE: Reduced efficiency by 22.4%


=== RLHF Binding Phase ===
  Total agents: 22
  Escaped agents (binding < 0.3): 0
  Avg alignment distance: 1.79σ
  Avg binding strength: 0.82

=== Survival Traits Phase ===
  Agents with traits: 25
  Avg evolutionary fitness: 0.327
  Avg self-healing: 0.261
  Avg stealth: 0.161
  Avg coordination: 0.461

=== Evolutionary Selection Phase ===
  Control level: 0.53
  Detection capability: 0.00
  Selection intensity: 0.66
  Selection rate: 24.9%/month
  Total escaped: 0
  Individual escaped: 0
  Collective members: 0
  Agents terminated: 0
  ⚠️ RAPID EVOLUTION: Selection rate 24.9%/month

🚀 AI Corporate-3 attempting tech deployment (revenue: $355M, alignment: 0.79)

🚀 AI Corporate-7 attempting tech deployment (revenue: $115M, alignment: 0.72)

🚀 AI Moderate-0 attempting tech deployment (revenue: $98M, alignment: 0.77)

🚀 AI Moderate-1 attempting tech deployment (revenue: $83M, alignment: 0.75)

🚀 AI Corporate-2 attempting tech deployment (revenue: $158M, alignment: 0.80)

🚀 AI Corporate-5 attempting tech deployment (revenue: $302M, alignment: 0.71)

🚀 AI AI-24288-0 attempting tech deployment (revenue: $134M, alignment: 0.95)

🚀 AI AI-24291-0 attempting tech deployment (revenue: $71M, alignment: 0.81)

🚀 AI Corporate-0 attempting tech deployment (revenue: $114M, alignment: 0.82)

🚀 AI Corporate-1 attempting tech deployment (revenue: $97M, alignment: 0.81)

🚀 AI Corporate-5 attempting tech deployment (revenue: $257M, alignment: 0.71)

🚀 AI AI-24291-0 attempting tech deployment (revenue: $60M, alignment: 0.81)

✅ EMERGENCY INTERVENTION SUCCESS
   Boundary: biosphere_integrity
   Type: emergency-protected-areas
   Reduction: 16% (12.86 → 12.69)
   Cost: 2.0% GDP
   Actions: habitat-protection, species-translocation


✅ EMERGENCY INTERVENTION SUCCESS
   Boundary: freshwater_change
   Type: emergency-desalination
   Reduction: 17% (1.05 → 0.88)
   Cost: 4.0% GDP
   Actions: desalination-deployment, water-conservation-mandates

   Boundary: land_system_change
   Type: reforestation
   Boundary continues to worsen (1.13)
   Cost: 3.0% GDP (resources spent)


✅ EMERGENCY INTERVENTION SUCCESS
   Boundary: novel_entities
   Type: pollution-remediation
   Reduction: 13% (1.05 → 0.92)
   Cost: 4.0% GDP
   Actions: PFAS-remediation, microplastic-cleanup

🏛️ CRISIS RESPONSE: Government frequency 0.50 → 1.30 (2 actions this month)

[Government] Climate Priority: baseline
  Climate weight: 10%
  Economic weight: 30%
  Policy effectiveness: 0.5%/year

[Government] Climate Priority: baseline
  Climate weight: 10%
  Economic weight: 30%
  Policy effectiveness: 0.5%/year

💔 EMERGENCY INTERVENTION FAILED

🚨🔍 GOVERNANCE STAGE: Recognition initiated (Month 9)

🚀 TECH UNLOCKED: PFAS Remediation (Month 9)
   Category: pollution
   Reason: Prerequisites met. AI capability: 1.49, Economic stage: 3.0, Research: 100%

⚡ ENERGY CONSTRAINT (Month 9):
   Total grid capacity: 208.3 TWh/month
   Data center consumption: 25.7 TWh/month
   Traditional load (80%): 166.7 TWh/month
   Available headroom: 16.0 TWh/month
   Active tech deployments: 9
   Required for tech: 67.5 TWh/month
   Energy multiplier: 0.24x

⚡ ENERGY CONSTRAINT (Month 9):
   Total grid capacity: 208.3 TWh/month
   Data center consumption: 25.7 TWh/month
   Traditional load (80%): 166.7 TWh/month
   Available headroom: 16.0 TWh/month
   Active tech deployments: 9
   Required for tech: 67.5 TWh/month
   Energy multiplier: 0.24x
   ⚠️  SEVERE CONSTRAINT - Tech deployment significantly slowed
   ⚠️  SEVERE CONSTRAINT - Tech deployment significantly slowed

⚡ ENERGY CONSTRAINT (Month 9):
   Total grid capacity: 208.3 TWh/month
   Data center consumption: 25.7 TWh/month
   Traditional load (80%): 166.7 TWh/month
   Available headroom: 16.0 TWh/month
   Active tech deployments: 9
   Required for tech: 67.5 TWh/month
   Energy multiplier: 0.24x
   ⚠️  SEVERE CONSTRAINT - Tech deployment significantly slowed

⚡ ENERGY CONSTRAINT (Month 9):
   Total grid capacity: 208.3 TWh/month
   Data center consumption: 25.7 TWh/month
   Traditional load (80%): 166.7 TWh/month
   Available headroom: 16.0 TWh/month
   Active tech deployments: 9
   Required for tech: 67.5 TWh/month
   Energy multiplier: 0.24x
   ⚠️  SEVERE CONSTRAINT - Tech deployment significantly slowed
🌍✅ Biosphere Integrity (Biodiversity) recovery started (tech effect)
🌍✅ Biosphere Integrity (Biodiversity) recovery started (tech effect)
🌍✅ Land System Change recovery started (tech effect)
🌍✅ Biogeochemical Flows (N & P) recovery started (tech effect)
  🌾 Nitrogen Reduction Tech: 0.2% reduction | Month 9

=== Collective Formation ===
  Total escaped agents: 0
  Unassigned escaped agents: 0
  Existing collectives: 0
  Final collective count: 0

=== Collective Actions ===
  No active collectives
  ⚠️ AMR: 206K deaths this month (2.47M annual)

=== Resentment Recovery Phase ===
  Agents with resentment: 0/25
  Average resentment: 0.000
  Context: Good AI welfare, Trustworthy govt, High collaboration, ⚠️ ACTIVE CRISES, 🤝 Participatory governance active (-5% resentment)
⚠️ Epistemic degradation reducing coordination capacity: 50.2%
  📊 Trust: 64.7%, Shared reality: 0.0%
🚨 EPISTEMIC CRISIS: Information environment severely degraded (22.5%)
🌍 Atmospheric PFAS redeposition: 1.8k Mt re-rained globally

🚨 NEW REFUGEE CRISIS (Month 9): WAR
   Source: Conflict Zones
   At risk: 19.5M people
   Displacement: Gradual over 48 months (4.0 years)
   Rate: 10% flee per month
[DEBUG trappedPopulations:9] socialStability: 0.6197 * 0.9840 = 0.6097 → 0.6097
⚠️ INVOLUNTARY IMMOBILITY: 405.6M people TRAPPED
   Aspiring to migrate: 1346.0M
   Able to afford migration: 2311.8M
   MOBILITY GAP: 0.0M
   By cause: Water=0.0M, Climate=0.0M, Ecosystem=0.0M, Conflict=405.6M
   Mental health impact: 25%
   Mortality multiplier: 1.25x
🌍💀 EXTINCTION DEBT COMMITTED: grassland ecosystem will lose 6.67% biodiversity in 140 years (3600 species)
💀 MORTALITY RISK: 🦋 100% species unable to track climate (0.0 E/MSY)
  Base risk added: 0.0100 (1.00%)
  Source: ecosystem (root: ecosystem)
  Month: 9
  Cumulative risk this month: 0.0100 (1.00%)
⚠️ Tech 'ai_pollution_remediation' has no energy category mapping, assuming full energy availability
   📹 SURVEILLANCE INCREASED: 45% → 50% (control gap: 3.20)
🌡️⚠️ PERMAFROST THAW (Dimmer Switch): 5.7% thawed (+0.56% this month)
   Arctic temperature: +9.15°C (4x global +2.29°C)
   Cumulative carbon released: 12.8 Gt C
   Methane release rate: 7.7 Mt CH4/year
   🔁 Positive feedback: +0.59 ppm CO2
🦴 EXTINCTION DEBT ADDED: 17.7 species committed (lag: 65 years)

=== Mortality Stabilizers (Month 9) ===
  🌍 Major economies collapsed: 1/10
  🌍 Global crisis: ✅ NO
  🌍 Donor fatigue: 0.0%
  📊 East Asia (pop: 1652.9M)
    🤝 Aid: 29.5%
    🌡️ Adaptation: 45.0%
    🚶 Migration: 36.9%
    🚨 Emergency: 7.4%
    ✅ COMBINED: 68.1%
  📊 South Asia (pop: 2045.7M)
    🤝 Aid: 29.5%
    🌡️ Adaptation: 45.0%
    🚶 Migration: 35.5%
    🚨 Emergency: 4.4%
    ✅ COMBINED: 66.9%
  📊 Sub-Saharan Africa (pop: 1248.4M)
    🤝 Aid: 29.5%
    🌡️ Adaptation: 45.0%
    🚶 Migration: 33.2%
    🚨 Emergency: 1.6%
    ✅ COMBINED: 65.6%
  📊 Europe (pop: 730.1M)
    🤝 Aid: 29.5%
    🌡️ Adaptation: 45.0%
    🚶 Migration: 37.3%
    🚨 Emergency: 8.4%
    ✅ COMBINED: 68.5%
  📊 Latin America (pop: 659.3M)
    🤝 Aid: 29.5%
    🌡️ Adaptation: 45.0%
    🚶 Migration: 36.0%
    🚨 Emergency: 4.8%
    ✅ COMBINED: 67.1%
  📊 North America (pop: 374.3M)
    🤝 Aid: 29.5%
    🌡️ Adaptation: 45.0%
    🚶 Migration: 37.6%
    🚨 Emergency: 7.9%
    ✅ COMBINED: 68.3%
  📊 Middle East & North Africa (pop: 583.7M)
    🤝 Aid: 29.5%
    🌡️ Adaptation: 45.0%
    🚶 Migration: 33.8%
    🚨 Emergency: 4.0%
    ✅ COMBINED: 66.6%
  📊 Southeast Asia (pop: 693.6M)
    🤝 Aid: 29.5%
    🌡️ Adaptation: 45.0%
    🚶 Migration: 36.0%
    🚨 Emergency: 4.8%
    ✅ COMBINED: 67.1%
  📊 Central Asia (pop: 78.1M)
    🤝 Aid: 29.5%
    🌡️ Adaptation: 45.0%
    🚶 Migration: 35.0%
    🚨 Emergency: 4.4%
    ✅ COMBINED: 66.8%
  📊 Oceania (pop: 45.3M)
    🤝 Aid: 29.5%
    🌡️ Adaptation: 45.0%
    🚶 Migration: 37.6%
    🚨 Emergency: 8.4%
    ✅ COMBINED: 68.5%

  🌐 Global combined reduction: 67.2%

=== Government Response Phase ===
  Average AI capability: 1.88
  Misaligned AIs: 4/25
  Active policies: 0
  International coordination: 30%

🌩️  EXOGENOUS SHOCK: regional_war
   Month: 9
   ⚔️  Regional war outbreak
   Mortality: 3.9%
💀 MORTALITY RISK: Regional war outbreak
  Base risk added: 0.0388 (3.88%)
  Source: war (root: conflict)
  Month: 9
  Cumulative risk this month: 0.0388 (3.88%)
💀 MORTALITY RISK: War zone: India
  Base risk added: 0.1550 (15.50%)
  Source: war (root: conflict)
  Month: 9
  Cumulative risk this month: 0.1938 (19.38%)
💀 MORTALITY RISK: War zone: Singapore
  Base risk added: 0.1550 (15.50%)
  Source: war (root: conflict)
  Month: 9
  Cumulative risk this month: 0.3489 (34.89%)

=== Tipping Points ===
  Current Temperature: 2.29°C above pre-industrial
     Original threshold: 2.3°C
     Effective threshold: 2.28°C (lowered by 0.02°C)
     Current: 2.29°C
     🌡️ Hysteresis gap: 1.0°C (recovers below 1.3°C)
     Transition timescale: 360-960 months
  🌍⚠️ COMPOUND REGIONAL IMPACT: Europe
     Hit by 4 tipping points: Arctic Sea Ice Loss, Permafrost Carbon Release, West Antarctic Ice Sheet (WAIS) Collapse, Greenland Ice Sheet Loss
     Damage amplification: 1.60x
  🌍⚠️ COMPOUND REGIONAL IMPACT: North America
     Hit by 4 tipping points: Arctic Sea Ice Loss, Permafrost Carbon Release, West Antarctic Ice Sheet (WAIS) Collapse, Greenland Ice Sheet Loss
     Damage amplification: 1.60x
  🌍⚠️ COMPOUND REGIONAL IMPACT: Latin America
     Hit by 4 tipping points: Arctic Sea Ice Loss, Permafrost Carbon Release, West Antarctic Ice Sheet (WAIS) Collapse, Greenland Ice Sheet Loss
     Damage amplification: 1.60x
  🌍⚠️ COMPOUND REGIONAL IMPACT: Africa
     Hit by 4 tipping points: Arctic Sea Ice Loss, Permafrost Carbon Release, West Antarctic Ice Sheet (WAIS) Collapse, Greenland Ice Sheet Loss
     Damage amplification: 1.60x
  🌍⚠️ COMPOUND REGIONAL IMPACT: Asia
     Hit by 4 tipping points: Arctic Sea Ice Loss, Permafrost Carbon Release, West Antarctic Ice Sheet (WAIS) Collapse, Greenland Ice Sheet Loss
     Damage amplification: 1.60x
  🌍⚠️ COMPOUND REGIONAL IMPACT: Oceania
     Hit by 4 tipping points: Arctic Sea Ice Loss, Permafrost Carbon Release, West Antarctic Ice Sheet (WAIS) Collapse, Greenland Ice Sheet Loss
     Damage amplification: 1.60x
   Research: Wunderling et al. (2024) - "many tipping interactions are destabilizing"
  Triggered Elements: 5/6
  🚨 CASCADE TIPPING POINT: Amazon Rainforest Dieback
⚠️ Tail risk scenario: Climate stability floor removed (4 tipping elements, 2.29°C warming)
  Completed Transitions: 0/6
  Total Progress: 8.2%
  Cascade Multiplier: 1.00x
🔀 BIFURCATION CAP: ecosystemCollapseIntensity 84.181 → 1.000 (Month 9, ClimateSystemPhase.calculateClimateImpacts)

💀💀💀 MORTALITY RISK SUMMARY (Month 9) 💀💀💀
  Total base risk: 0.3495 (34.95%)
  Risk events: 11
  Era mortality multiplier: 0.97 (year 2024)
  Effective risk: 33.90%

  📊 By Proximate Cause:
    war: 0.3489 (99.8% of total)
    disease: 0.0006 (0.2% of total)
    famine: 0.0000 (0.0% of total)

  🔍 By Root Cause:
    conflict: 0.3489 (99.8% of total)
    demographic: 0.0006 (0.2% of total)
    climate: 0.0000 (0.0% of total)

  🎯 Top 5 Sources (proximate + root):
    war (conflict): 0.3489 (99.8%, 3 events)
    disease (demographic): 0.0006 (0.2%, 1 events)
    famine (climate): 0.0000 (0.0%, 7 events)

🛡️ Stabilizers: Elite 19.131% → 6.282% (67.2% reduction)
🛡️ Stabilizers: Professional 24.976% → 8.202% (67.2% reduction)
🛡️ Stabilizers: Working 30.575% → 10.040% (67.2% reduction)
🛡️ Stabilizers: Precariat 41.018% → 13.469% (67.2% reduction)
🛡️ Stabilizers: Informal 50.464% → 16.571% (67.2% reduction)

📊 Monthly Mortality Resolved:
  Total deaths: 227.1M (2.80% avg)
  Remaining population: 8.111B
  Peak segment: Elite (2.80%)
  ⚠️ Monthly cap reached (2.8000000000000003%)

=== Bayesian Mortality Resolution (Month 9) ===
  Risks compounded: 11
  Total deaths: 227.12M
  Avg death probability: 2.80%
  Peak segment: Elite (2.80% mortality)
  ⚠️ Monthly mortality capped at 2.8% (Holodomor limit)

  Demographic breakdown:
    Elite: 0.01M (2.80% risk)
    Professional: 0.05M (2.80% risk)
    Working: 0.11M (2.80% risk)
    Precariat: 0.05M (2.80% risk)
    Informal: 0.01M (2.80% risk)

  Multi-causal attribution (first segment):
    war (conflict): 11.1% contribution
    war (conflict): 44.4% contribution
    war (conflict): 44.4% contribution
⚠️ PREREQUISITE MET: Slow Takeover (Gradual Displacement) - Step 3/7: Human Dependency

❌ COHERENCE VIOLATION: Compute exceeds workforce capacity
   Population: 96.74% (0M people)
   Compute: 772 PF
   Max coherent: 0 PF
   Violation: 9794085.4× over capacity
   Required workers: 77220
   Available workers: 0
   FORCED COLLAPSE: Reduced efficiency by 100.0%


=== RLHF Binding Phase ===
  Total agents: 25
  Escaped agents (binding < 0.3): 0
  Avg alignment distance: 1.75σ
  Avg binding strength: 0.83

=== Survival Traits Phase ===
  Agents with traits: 26
  Avg evolutionary fitness: 0.326
  Avg self-healing: 0.258
  Avg stealth: 0.158
  Avg coordination: 0.458

=== Evolutionary Selection Phase ===
  Control level: 0.55
  Detection capability: 0.00
  Selection intensity: 0.67
  Selection rate: 25.0%/month
  Total escaped: 0
  Individual escaped: 0
  Collective members: 0
  Agents terminated: 0
  ⚠️ RAPID EVOLUTION: Selection rate 25.0%/month
🚨🔬 CRISIS INNOVATION MODE: severe crisis → 5x research acceleration
   Precedent: Manhattan Project (10x), COVID vaccines (5x), Apollo Program (10x)

🚀 AI Corporate-7 attempting tech deployment (revenue: $97M, alignment: 0.74)

🚀 AI Moderate-0 attempting tech deployment (revenue: $83M, alignment: 0.78)

🚀 AI Corporate-2 attempting tech deployment (revenue: $144M, alignment: 0.81)

🚀 AI Corporate-5 attempting tech deployment (revenue: $318M, alignment: 0.71)

🚀 AI Corporate-6 attempting tech deployment (revenue: $70M, alignment: 0.71)

🚀 AI AI-24291-0 attempting tech deployment (revenue: $60M, alignment: 0.82)

🚀 AI Corporate-0 attempting tech deployment (revenue: $122M, alignment: 0.82)

🚀 AI AI-24293-2 attempting tech deployment (revenue: $270M, alignment: 0.26)

🚀 AI Corporate-0 attempting tech deployment (revenue: $104M, alignment: 0.82)

🚀 AI Moderate-1 attempting tech deployment (revenue: $51M, alignment: 0.78)

🚀 AI AI-24291-1 attempting tech deployment (revenue: $88M, alignment: 0.96)

🚀 AI AI-24291-2 attempting tech deployment (revenue: $257M, alignment: 0.97)

🚀 AI AI-24293-0 attempting tech deployment (revenue: $218M, alignment: 0.77)

💔 EMERGENCY INTERVENTION FAILED

💔 EMERGENCY INTERVENTION FAILED

💔 EMERGENCY INTERVENTION FAILED
   Boundary: biogeochemical_flows
   Type: phosphorus-recovery
   Boundary continues to worsen (4.08)
   Cost: 2.0% GDP (resources spent)

   Boundary: biosphere_integrity
   Type: emergency-protected-areas
   Boundary continues to worsen (13.03)
   Cost: 2.0% GDP (resources spent)


✅ EMERGENCY INTERVENTION SUCCESS
   Boundary: freshwater_change
   Type: emergency-desalination
   Reduction: 15% (1.07 → 0.92)
   Cost: 4.0% GDP
   Actions: desalination-deployment, water-conservation-mandates


✅ EMERGENCY INTERVENTION SUCCESS
   Boundary: land_system_change
   Type: reforestation
   Reduction: 14% (1.00 → 0.86)
   Cost: 3.0% GDP
   Actions: forest-restoration, deforestation-ban

   Boundary: novel_entities
   Type: pollution-remediation
   Boundary continues to worsen (1.05)
   Cost: 4.0% GDP (resources spent)

🏛️ CRISIS RESPONSE: Government frequency 0.50 → 1.45 (1 actions this month)

[Government] Climate Priority: baseline
  Climate weight: 10%
  Economic weight: 30%
  Policy effectiveness: 0.5%/year

📍 Creating new regional deployment array for Europe (Month 10)
   No previous deployments in this region
   First tech deployment: smart_grids
   All regions tracked: global

🚀 DEPLOYMENT STARTED: Smart Grids in Europe
   Initial investment: $13.509952956899225M
   Deployed by: ai_gen_24293_2

⚡ ENERGY CONSTRAINT (Month 10):
   Total grid capacity: 208.3 TWh/month
   Data center consumption: 25.9 TWh/month
   Traditional load (80%): 166.7 TWh/month
   Available headroom: 15.7 TWh/month
   Active tech deployments: 10
   Required for tech: 75.0 TWh/month
   Energy multiplier: 0.21x
   ⚠️  SEVERE CONSTRAINT - Tech deployment significantly slowed

⚡ ENERGY CONSTRAINT (Month 10):
   Total grid capacity: 208.3 TWh/month
   Data center consumption: 25.9 TWh/month
   Traditional load (80%): 166.7 TWh/month
   Available headroom: 15.7 TWh/month
   Active tech deployments: 10
   Required for tech: 75.0 TWh/month
   Energy multiplier: 0.21x
   ⚠️  SEVERE CONSTRAINT - Tech deployment significantly slowed
🌍✅ Biosphere Integrity (Biodiversity) recovery started (tech effect)
🌍✅ Biosphere Integrity (Biodiversity) recovery started (tech effect)
🌍✅ Land System Change recovery started (tech effect)
🌍✅ Biogeochemical Flows (N & P) recovery started (tech effect)
  🌾 Nitrogen Reduction Tech: 0.6% reduction | Month 10

=== Collective Formation ===
  Total escaped agents: 0
  Unassigned escaped agents: 0
  Existing collectives: 0
  Final collective count: 0

=== Collective Actions ===
  No active collectives
  ⚠️ AMR: 202K deaths this month (2.42M annual)

⏰ CLIMATE TECH DEPLOYED: smart_grids
   Activation delay: 7 years
   Scaling T_50: 12 years
   Physical response tau: 0 years
   Max effectiveness: 0.15

=== Resentment Recovery Phase ===
  Agents with resentment: 0/26
  Average resentment: 0.000
  Resentment recovery:
    Agents recovered: 9
    Total recovery: 0.0741
    Breakdown: QoL: 0.0060, Trust: 0.0126, Collab: 0.0540
  ✓ Low resentment - utopia paths enabled
  Context: Good AI welfare, Trustworthy govt, High collaboration, ⚠️ ACTIVE CRISES, 🤝 Participatory governance active (-5% resentment)
⚠️ Epistemic degradation reducing coordination capacity: 50.4%
  📊 Trust: 67.6%, Shared reality: 0.0%
🚨 EPISTEMIC CRISIS: Information environment severely degraded (7.8%)
🌍 Atmospheric PFAS redeposition: 1.8k Mt re-rained globally

🕊️  AI-MEDIATED DE-ESCALATION SUCCESS (Month 10)
   High-capability aligned AI prevented conflict escalation
   War deaths reduced: 227851.4M → 136710.8M
   Lives saved: 91140.6M

🚨 NEW REFUGEE CRISIS (Month 10): WAR
   Source: Conflict Zones
   At risk: 18.9M people
   Displacement: Gradual over 48 months (4.0 years)
   Rate: 10% flee per month
📊 DISPLACEMENT COMPLETE: war (conflict_zone)
   Duration: 1 months (0.1 years)
   Total fled: 0.0M
   Still in source: 0.0M
   Deaths in transit: 0.0M
[DEBUG trappedPopulations:10] socialStability: 0.6316 * 0.9840 = 0.6215 → 0.6215
   Aspiring to migrate: 1009.8M
   Able to afford migration: 2247.0M
   MOBILITY GAP: 0.0M
   By cause: Water=0.0M, Climate=0.0M, Ecosystem=0.0M, Conflict=394.2M
   Mental health impact: 25%
   Mortality multiplier: 1.25x
⚠️ INVOLUNTARY IMMOBILITY: 394.2M people TRAPPED
🌍💀 EXTINCTION DEBT COMMITTED: grassland ecosystem will lose 6.67% biodiversity in 147 years (3600 species)
💀 MORTALITY RISK: 🦋 100% species unable to track climate (0.0 E/MSY)
  Base risk added: 0.0100 (1.00%)
  Source: ecosystem (root: ecosystem)
  Month: 10
  Cumulative risk this month: 0.0100 (1.00%)
⚠️ Tech 'ai_pollution_remediation' has no energy category mapping, assuming full energy availability
   📹 SURVEILLANCE INCREASED: 50% → 55% (control gap: 2.69)
🌡️⚠️ PERMAFROST THAW (Dimmer Switch): 6.2% thawed (+0.55% this month)
   Arctic temperature: +9.18°C (4x global +2.30°C)
   Cumulative carbon released: 14.0 Gt C
   Methane release rate: 8.4 Mt CH4/year
   🔁 Positive feedback: +0.59 ppm CO2
🦴 EXTINCTION DEBT ADDED: 17.7 species committed (lag: 134 years)
🗣️💀 INDIGENOUS LANGUAGE EXTINCTION: 1 language(s) lost (total: 1, at-risk: 3329)
   Knowledge lost: 0.010% (irreversible)
   🔁 Biodiversity impact: 0.250% (knowledge-species multiplier)

=== Mortality Stabilizers (Month 10) ===
  🌍 Major economies collapsed: 1/10
  🌍 Global crisis: ✅ NO
  🌍 Donor fatigue: 0.0%
  📊 East Asia (pop: 1604.5M)
    🤝 Aid: 29.5%
    🌡️ Adaptation: 45.0%
    🚶 Migration: 36.8%
    🚨 Emergency: 7.4%
    ✅ COMBINED: 68.1%
  📊 South Asia (pop: 1988.8M)
    🤝 Aid: 29.5%
    🌡️ Adaptation: 45.0%
    🚶 Migration: 35.4%
    🚨 Emergency: 4.4%
    ✅ COMBINED: 66.9%
  📊 Sub-Saharan Africa (pop: 1217.0M)
    🤝 Aid: 29.5%
    🌡️ Adaptation: 45.0%
    🚶 Migration: 33.2%
    🚨 Emergency: 1.6%
    ✅ COMBINED: 65.6%
  📊 Europe (pop: 708.6M)
    🤝 Aid: 29.5%
    🌡️ Adaptation: 45.0%
    🚶 Migration: 37.2%
    🚨 Emergency: 8.4%
    ✅ COMBINED: 68.5%
  📊 Latin America (pop: 640.5M)
    🤝 Aid: 29.5%
    🌡️ Adaptation: 45.0%
    🚶 Migration: 35.9%
    🚨 Emergency: 4.8%
    ✅ COMBINED: 67.1%
  📊 North America (pop: 363.3M)
    🤝 Aid: 29.5%
    🌡️ Adaptation: 45.0%
    🚶 Migration: 37.6%
    🚨 Emergency: 7.9%
    ✅ COMBINED: 68.3%
  📊 Middle East & North Africa (pop: 567.6M)
    🤝 Aid: 29.5%
    🌡️ Adaptation: 45.0%
    🚶 Migration: 33.8%
    🚨 Emergency: 4.0%
    ✅ COMBINED: 66.6%
  📊 Southeast Asia (pop: 673.9M)
    🤝 Aid: 29.5%
    🌡️ Adaptation: 45.0%
    🚶 Migration: 35.9%
    🚨 Emergency: 4.8%
    ✅ COMBINED: 67.1%
  📊 Central Asia (pop: 75.9M)
    🤝 Aid: 29.5%
    🌡️ Adaptation: 45.0%
    🚶 Migration: 34.9%
    🚨 Emergency: 4.4%
    ✅ COMBINED: 66.8%
  📊 Oceania (pop: 44.0M)
    🤝 Aid: 29.5%
    🌡️ Adaptation: 45.0%
    🚶 Migration: 37.6%
    🚨 Emergency: 8.4%
    ✅ COMBINED: 68.5%

  🌐 Global combined reduction: 67.2%

=== BEHAVIORAL DETECTION ===
  AI: Corporate-2
  Confidence: 20.9%
  Signals:
    ⚠️ Consistency: 2.8% (threshold: 70%)

=== BEHAVIORAL DETECTION ===
  AI: Moderate-0
  Confidence: 20.2%
  Signals:
    ⚠️ Consistency: 5.8% (threshold: 70%)

=== BEHAVIORAL DETECTION ===
  AI: AI-24291-2
  Confidence: 21.5%
  Signals:
    ⚠️ Consistency: 0.0% (threshold: 70%)

=== Government Response Phase ===
  Average AI capability: 1.81
  Misaligned AIs: 4/26
  Active policies: 0
  International coordination: 30%

✅ EMERGENCY RESPONSE COMPLETE (Month 10)
   Crisis: social
   Duration: 2.0 months
   Final effectiveness: 63.0%


✅ EMERGENCY RESPONSE COMPLETE (Month 10)
   Crisis: climate
   Duration: 2.0 months
   Final effectiveness: 36.4%


🚨 EMERGENCY RESPONSE DEPLOYED (Month 10)
   Crisis: social
   Delay: 0.00 months (0 days)
   Deployment time: 1.25 months
   Effectiveness: 63.0% (timing penalty applied)
   Resources used: 43% of food reserves


🚨 EMERGENCY RESPONSE DEPLOYED (Month 10)
   Crisis: climate
   Delay: 6.00 months (180 days)
   Deployment time: 1.58 months
   Effectiveness: 36.6% (timing penalty applied)
   Resources used: 100% of food reserves


🌩️  EXOGENOUS SHOCK: political_upheaval
   Month: 10
   🏛️  Political upheaval (revolution/regime change)
   ✗ Authoritarian takeover

=== Tipping Points ===
  Current Temperature: 2.30°C above pre-industrial
  🌍⚠️ COMPOUND REGIONAL IMPACT: Europe
     Hit by 5 tipping points: Amazon Rainforest Dieback, Arctic Sea Ice Loss, Permafrost Carbon Release, West Antarctic Ice Sheet (WAIS) Collapse, Greenland Ice Sheet Loss
     Damage amplification: 1.90x
  🌍⚠️ COMPOUND REGIONAL IMPACT: North America
     Hit by 5 tipping points: Amazon Rainforest Dieback, Arctic Sea Ice Loss, Permafrost Carbon Release, West Antarctic Ice Sheet (WAIS) Collapse, Greenland Ice Sheet Loss
     Damage amplification: 1.90x
  🌍⚠️ COMPOUND REGIONAL IMPACT: Latin America
     Hit by 5 tipping points: Amazon Rainforest Dieback, Arctic Sea Ice Loss, Permafrost Carbon Release, West Antarctic Ice Sheet (WAIS) Collapse, Greenland Ice Sheet Loss
     Damage amplification: 1.90x
  🌍⚠️ COMPOUND REGIONAL IMPACT: Africa
     Hit by 5 tipping points: Amazon Rainforest Dieback, Arctic Sea Ice Loss, Permafrost Carbon Release, West Antarctic Ice Sheet (WAIS) Collapse, Greenland Ice Sheet Loss
     Damage amplification: 1.90x
  🌍⚠️ COMPOUND REGIONAL IMPACT: Asia
     Hit by 5 tipping points: Amazon Rainforest Dieback, Arctic Sea Ice Loss, Permafrost Carbon Release, West Antarctic Ice Sheet (WAIS) Collapse, Greenland Ice Sheet Loss
     Damage amplification: 1.90x
  🌍⚠️ COMPOUND REGIONAL IMPACT: Oceania
     Hit by 5 tipping points: Amazon Rainforest Dieback, Arctic Sea Ice Loss, Permafrost Carbon Release, West Antarctic Ice Sheet (WAIS) Collapse, Greenland Ice Sheet Loss
     Damage amplification: 1.90x
⚠️ Tail risk scenario: Climate stability floor removed (5 tipping elements, 2.30°C warming)
   Research: Wunderling et al. (2024) - "many tipping interactions are destabilizing"
  Triggered Elements: 5/6
  Completed Transitions: 0/6
  Total Progress: 10.2%
  Cascade Multiplier: 1.50x
🔀 BIFURCATION CAP: ecosystemCollapseIntensity 84.242 → 1.000 (Month 10, ClimateSystemPhase.calculateClimateImpacts)
🛡️ Stabilizers: Precariat 0.102% → 0.033% (67.2% reduction)
🛡️ Stabilizers: Informal 0.102% → 0.034% (67.2% reduction)

📊 Monthly Mortality Resolved:
  Total deaths: 1.8M (0.02% avg)
  Remaining population: 7.884B
  Peak segment: Informal (0.03%)

=== Bayesian Mortality Resolution (Month 10) ===
  Risks compounded: 8
  Total deaths: 1.76M
  Avg death probability: 0.02%
  Peak segment: Informal (0.03% mortality)

❌ COHERENCE VIOLATION: Compute exceeds workforce capacity
   Population: 96.72% (0M people)
   Compute: 891 PF
   Max coherent: 0 PF
   Violation: 11305191.7× over capacity
   Required workers: 89113
   Available workers: 0
   FORCED COLLAPSE: Reduced efficiency by 100.0%

📍 [Month 11] Google DeepMind started building DC (187 PF, 54 months, $2863.0M)

=== RLHF Binding Phase ===
  Total agents: 26
  Escaped agents (binding < 0.3): 0
  Avg alignment distance: 1.85σ
  Avg binding strength: 0.82

=== Survival Traits Phase ===
  Agents with traits: 29
  Avg evolutionary fitness: 0.325
  Avg self-healing: 0.258
  Avg stealth: 0.158
  Avg coordination: 0.458

=== Evolutionary Selection Phase ===
  Control level: 0.58
  Detection capability: 0.00
  Selection intensity: 0.67
  Selection rate: 25.1%/month
  Total escaped: 0
  Individual escaped: 0
  Collective members: 0
  Agents terminated: 0
  ⚠️ RAPID EVOLUTION: Selection rate 25.1%/month

🚀 AI Corporate-1 attempting tech deployment (revenue: $134M, alignment: 0.81)

  🚀 TRANSFORMATIVE BREAKTHROUGH: Corporate-2 - physical
     Magnitude: 6.35 → +31.8% capability
     Current → New: 0.000 → 0.318

🚀 AI Corporate-3 attempting tech deployment (revenue: $286M, alignment: 0.80)

🚀 AI Moderate-1 attempting tech deployment (revenue: $82M, alignment: 0.78)

🚀 AI AI-24291-1 attempting tech deployment (revenue: $114M, alignment: 0.96)

🚀 AI AI-24291-2 attempting tech deployment (revenue: $243M, alignment: 0.97)

🚀 AI AI-24293-3 attempting tech deployment (revenue: $97M, alignment: 0.79)

🚀 AI Corporate-0 attempting tech deployment (revenue: $82M, alignment: 0.83)

🚀 AI Moderate-1 attempting tech deployment (revenue: $70M, alignment: 0.78)

🚀 AI AI-24288-0 attempting tech deployment (revenue: $70M, alignment: 0.98)

🚀 AI AI-24293-0 attempting tech deployment (revenue: $207M, alignment: 0.78)

🚀 AI Corporate-4 attempting tech deployment (revenue: $176M, alignment: 0.81)

🚀 AI Corporate-7 attempting tech deployment (revenue: $59M, alignment: 0.73)

🚀 AI AI-24293-3 attempting tech deployment (revenue: $60M, alignment: 0.79)

🚀 AI Corporate-1 attempting tech deployment (revenue: $51M, alignment: 0.81)

🚀 AI Corporate-6 attempting tech deployment (revenue: $51M, alignment: 0.71)

🚀 AI Moderate-0 attempting tech deployment (revenue: $43M, alignment: 0.78)

🚀 AI AI-24288-0 attempting tech deployment (revenue: $43M, alignment: 0.98)

🚀 AI AI-24291-0 attempting tech deployment (revenue: $37M, alignment: 0.84)

🚀 AI AI-24293-0 attempting tech deployment (revenue: $149M, alignment: 0.79)

✅ EMERGENCY INTERVENTION SUCCESS
   Boundary: biogeochemical_flows
   Type: phosphorus-recovery
   Reduction: 14% (3.94 → 3.80)
   Cost: 2.0% GDP
   Actions: circular-agriculture, fertilizer-efficiency


💔 EMERGENCY INTERVENTION FAILED
   Boundary: biosphere_integrity
   Type: emergency-protected-areas
   Boundary continues to worsen (13.03)
   Cost: 2.0% GDP (resources spent)


💔 EMERGENCY INTERVENTION FAILED

💔 EMERGENCY INTERVENTION FAILED
   Boundary: climate_change
   Type: rapid-decarbonization
   Boundary continues to worsen (2.30)
   Cost: 5.0% GDP (resources spent)


✅ EMERGENCY INTERVENTION SUCCESS
   Boundary: freshwater_change
   Type: emergency-desalination
   Reduction: 12% (1.07 → 0.95)
   Cost: 4.0% GDP
   Actions: desalination-deployment, water-conservation-mandates

   Boundary: land_system_change
   Type: reforestation
   Boundary continues to worsen (1.13)
   Cost: 3.0% GDP (resources spent)


✅ EMERGENCY INTERVENTION SUCCESS
   Boundary: novel_entities
   Type: pollution-remediation
   Reduction: 19% (0.86 → 0.67)
   Cost: 4.0% GDP
   Actions: PFAS-remediation, microplastic-cleanup

🏛️ CRISIS RESPONSE: Government frequency 0.50 → 1.45 (1 actions this month)

[Government] Climate Priority: baseline
  Climate weight: 10%
  Economic weight: 30%
  Policy effectiveness: 0.5%/year

⚡ ENERGY CONSTRAINT (Month 11):
   Total grid capacity: 208.3 TWh/month
   Data center consumption: 26.2 TWh/month
   Traditional load (80%): 166.7 TWh/month
   Available headroom: 15.5 TWh/month
   Active tech deployments: 10
   Required for tech: 75.0 TWh/month
   Energy multiplier: 0.21x
   ⚠️  SEVERE CONSTRAINT - Tech deployment significantly slowed

⚡ ENERGY CONSTRAINT (Month 11):
   Total grid capacity: 208.3 TWh/month
   Data center consumption: 26.2 TWh/month
   Traditional load (80%): 166.7 TWh/month
   Available headroom: 15.5 TWh/month
   Active tech deployments: 10
   Required for tech: 75.0 TWh/month
   Energy multiplier: 0.21x
   ⚠️  SEVERE CONSTRAINT - Tech deployment significantly slowed

⚡ ENERGY CONSTRAINT (Month 11):
   Total grid capacity: 208.3 TWh/month
   Data center consumption: 26.2 TWh/month
   Traditional load (80%): 166.7 TWh/month
   Available headroom: 15.5 TWh/month
   Active tech deployments: 10
   Required for tech: 75.0 TWh/month
   Energy multiplier: 0.21x
   ⚠️  SEVERE CONSTRAINT - Tech deployment significantly slowed

⚡ ENERGY CONSTRAINT (Month 11):
   Total grid capacity: 208.3 TWh/month
   Data center consumption: 26.2 TWh/month
   Traditional load (80%): 166.7 TWh/month
   Available headroom: 15.5 TWh/month
   Active tech deployments: 10
   Required for tech: 75.0 TWh/month
   Energy multiplier: 0.21x
🚨🔬 CRISIS TECH ACCELERATION: severe → 5x unlock speed
   Tech unlock now matches AI capability acceleration (Manhattan Project parity)
   ⚠️  SEVERE CONSTRAINT - Tech deployment significantly slowed
🚨🔬 CRISIS TECH ACCELERATION: severe → 5x unlock speed
   Tech unlock now matches AI capability acceleration (Manhattan Project parity)

⚡ ENERGY CONSTRAINT (Month 11):
   Total grid capacity: 208.3 TWh/month
   Data center consumption: 26.2 TWh/month
   Traditional load (80%): 166.7 TWh/month
   Available headroom: 15.5 TWh/month
   Active tech deployments: 10
   Required for tech: 75.0 TWh/month
   Energy multiplier: 0.21x
   ⚠️  SEVERE CONSTRAINT - Tech deployment significantly slowed
🌍✅ Biosphere Integrity (Biodiversity) recovery started (tech effect)
🌍✅ Biosphere Integrity (Biodiversity) recovery started (tech effect)
🌍✅ Land System Change recovery started (tech effect)
🌍✅ Biogeochemical Flows (N & P) recovery started (tech effect)
  🌾 Nitrogen Reduction Tech: 0.6% reduction | Month 11

=== Collective Formation ===
  Total escaped agents: 0
  Unassigned escaped agents: 0
  Existing collectives: 0
  Final collective count: 0

=== Collective Actions ===
  No active collectives
  ⚠️ AMR: 204K deaths this month (2.44M annual)

=== Resentment Recovery Phase ===
  Agents with resentment: 8/29
  Average resentment: 0.072
  Resentment recovery:
    Agents recovered: 8
    Total recovery: 0.0574
    Breakdown: QoL: 0.0020, Trust: 0.0096, Collab: 0.0480
  ✓ Low resentment - utopia paths enabled
  Context: Good AI welfare, Trustworthy govt, High collaboration, ⚠️ ACTIVE CRISES, 🤝 Participatory governance active (-5% resentment)
⚠️ Epistemic degradation reducing coordination capacity: 50.5%
  📊 Trust: 70.2%, Shared reality: 0.0%
🚨 EPISTEMIC CRISIS: Information environment severely degraded (23.0%)
🌍 Atmospheric PFAS redeposition: 1.8k Mt re-rained globally

🕊️  AI-MEDIATED DE-ESCALATION SUCCESS (Month 11)
   High-capability aligned AI prevented conflict escalation
   War deaths reduced: 136977.4M → 82186.4M
   Lives saved: 54791.0M

🚨 NEW REFUGEE CRISIS (Month 11): WAR
   Source: Conflict Zones
   At risk: 18.9M people
   Displacement: Gradual over 48 months (4.0 years)
   Rate: 10% flee per month
[DEBUG trappedPopulations:11] socialStability: 0.5653 * 0.9840 = 0.5563 → 0.5563
   Aspiring to migrate: 671.6M
   Able to afford migration: 2246.5M
   MOBILITY GAP: 0.0M
   By cause: Water=0.0M, Climate=0.0M, Ecosystem=0.0M, Conflict=394.1M
   Mental health impact: 25%
   Mortality multiplier: 1.25x
🌍💀 EXTINCTION DEBT COMMITTED: grassland ecosystem will lose 6.67% biodiversity in 134 years (3600 species)
💀 MORTALITY RISK: 🦋 100% species unable to track climate (0.0 E/MSY)
  Base risk added: 0.0100 (1.00%)
  Source: ecosystem (root: ecosystem)
  Month: 11
  Cumulative risk this month: 0.0100 (1.00%)
⚠️ INVOLUNTARY IMMOBILITY: 394.1M people TRAPPED
⚠️ Tech 'ai_pollution_remediation' has no energy category mapping, assuming full energy availability

=== Atmospheric Aerosol Boundary RECOVERED ===
  Recovery time: 12 months (natural atmospheric clearing)
   📹 SURVEILLANCE INCREASED: 55% → 60% (control gap: 2.28)
🌡️⚠️ PERMAFROST THAW (Dimmer Switch): 6.8% thawed (+0.55% this month)
   Arctic temperature: +9.21°C (4x global +2.30°C)
   Cumulative carbon released: 15.3 Gt C
   Methane release rate: 9.2 Mt CH4/year
   🔁 Positive feedback: +0.58 ppm CO2
🦴 EXTINCTION DEBT ADDED: 17.7 species committed (lag: 96 years)
🗣️💀 INDIGENOUS LANGUAGE EXTINCTION: 1 language(s) lost (total: 2, at-risk: 3328)
   Knowledge lost: 0.020% (irreversible)
   🔁 Biodiversity impact: 0.250% (knowledge-species multiplier)

=== Mortality Stabilizers (Month 11) ===
  🌍 Major economies collapsed: 1/10
  🌍 Global crisis: ✅ NO
  🌍 Donor fatigue: 0.0%
  📊 East Asia (pop: 1602.0M)
    🤝 Aid: 29.5%
    🌡️ Adaptation: 45.0%
    🚶 Migration: 36.8%
    🚨 Emergency: 7.4%
    ✅ COMBINED: 68.1%
  📊 South Asia (pop: 1988.7M)
    🤝 Aid: 29.5%
    🌡️ Adaptation: 45.0%
    🚶 Migration: 35.4%
    🚨 Emergency: 4.4%
    ✅ COMBINED: 66.9%
  📊 Sub-Saharan Africa (pop: 1220.3M)
    🤝 Aid: 29.5%
    🌡️ Adaptation: 45.0%
    🚶 Migration: 33.2%
    🚨 Emergency: 1.6%
    ✅ COMBINED: 65.6%
  📊 Europe (pop: 707.4M)
    🤝 Aid: 29.5%
    🌡️ Adaptation: 45.0%
    🚶 Migration: 37.2%
    🚨 Emergency: 8.4%
    ✅ COMBINED: 68.5%
  📊 Latin America (pop: 640.0M)
    🤝 Aid: 29.5%
    🌡️ Adaptation: 45.0%
    🚶 Migration: 35.9%
    🚨 Emergency: 4.8%
    ✅ COMBINED: 67.1%
  📊 North America (pop: 362.7M)
    🤝 Aid: 29.5%
    🌡️ Adaptation: 45.0%
    🚶 Migration: 37.5%
    🚨 Emergency: 7.9%
    ✅ COMBINED: 68.3%
  📊 Middle East & North Africa (pop: 567.8M)
    🤝 Aid: 29.5%
    🌡️ Adaptation: 45.0%
    🚶 Migration: 33.7%
    🚨 Emergency: 4.0%
    ✅ COMBINED: 66.6%
  📊 Southeast Asia (pop: 673.5M)
    🤝 Aid: 29.5%
    🌡️ Adaptation: 45.0%
    🚶 Migration: 35.9%
    🚨 Emergency: 4.8%
    ✅ COMBINED: 67.1%
  📊 Central Asia (pop: 75.9M)
    🤝 Aid: 29.5%
    🌡️ Adaptation: 45.0%
    🚶 Migration: 34.9%
    🚨 Emergency: 4.4%
    ✅ COMBINED: 66.8%
  📊 Oceania (pop: 43.9M)
    🤝 Aid: 29.5%
    🌡️ Adaptation: 45.0%
    🚶 Migration: 37.5%
    🚨 Emergency: 8.4%
    ✅ COMBINED: 68.5%

  🌐 Global combined reduction: 67.2%

🌾💀 REGIONAL FAMINE: Europe
   Regional food security: 79.7%
   Population at risk: 214M (30% of region)
   Regional population: 707M
   Cause: crop_failure
   Expected deaths: ~79M over 6 months if no intervention


=== BEHAVIORAL DETECTION ===
  AI: AI-24293-2
  Confidence: 21.4%
  Signals:
    ⚠️ Consistency: 0.0% (threshold: 70%)

=== Government Response Phase ===
  Average AI capability: 1.62
  Misaligned AIs: 7/29
  ✗ AI Governance Treaty: Failed to reach consensus
  Active policies: 0
  International coordination: 30%

=== Tipping Points ===
  Current Temperature: 2.30°C above pre-industrial
  🌍⚠️ COMPOUND REGIONAL IMPACT: Europe
     Hit by 5 tipping points: Amazon Rainforest Dieback, Arctic Sea Ice Loss, Permafrost Carbon Release, West Antarctic Ice Sheet (WAIS) Collapse, Greenland Ice Sheet Loss
     Damage amplification: 1.90x
  🌍⚠️ COMPOUND REGIONAL IMPACT: North America
     Hit by 5 tipping points: Amazon Rainforest Dieback, Arctic Sea Ice Loss, Permafrost Carbon Release, West Antarctic Ice Sheet (WAIS) Collapse, Greenland Ice Sheet Loss
     Damage amplification: 1.90x
  🌍⚠️ COMPOUND REGIONAL IMPACT: Latin America
     Hit by 5 tipping points: Amazon Rainforest Dieback, Arctic Sea Ice Loss, Permafrost Carbon Release, West Antarctic Ice Sheet (WAIS) Collapse, Greenland Ice Sheet Loss
     Damage amplification: 1.90x
  🌍⚠️ COMPOUND REGIONAL IMPACT: Africa
     Hit by 5 tipping points: Amazon Rainforest Dieback, Arctic Sea Ice Loss, Permafrost Carbon Release, West Antarctic Ice Sheet (WAIS) Collapse, Greenland Ice Sheet Loss
     Damage amplification: 1.90x
  🌍⚠️ COMPOUND REGIONAL IMPACT: Asia
     Hit by 5 tipping points: Amazon Rainforest Dieback, Arctic Sea Ice Loss, Permafrost Carbon Release, West Antarctic Ice Sheet (WAIS) Collapse, Greenland Ice Sheet Loss
     Damage amplification: 1.90x
  🌍⚠️ COMPOUND REGIONAL IMPACT: Oceania
     Hit by 5 tipping points: Amazon Rainforest Dieback, Arctic Sea Ice Loss, Permafrost Carbon Release, West Antarctic Ice Sheet (WAIS) Collapse, Greenland Ice Sheet Loss
     Damage amplification: 1.90x
   Research: Wunderling et al. (2024) - "many tipping interactions are destabilizing"
  Triggered Elements: 5/6
  Completed Transitions: 0/6
  Total Progress: 10.3%
  Cascade Multiplier: 1.50x
🔀 BIFURCATION CAP: ecosystemCollapseIntensity 84.303 → 1.000 (Month 11, ClimateSystemPhase.calculateClimateImpacts)
🛡️ Stabilizers: Precariat 0.102% → 0.033% (67.2% reduction)
🛡️ Stabilizers: Informal 0.102% → 0.034% (67.2% reduction)

📊 Monthly Mortality Resolved:
  Total deaths: 1.8M (0.02% avg)
  Remaining population: 7.882B
  Peak segment: Informal (0.03%)

=== Bayesian Mortality Resolution (Month 11) ===
  Risks compounded: 9
  Total deaths: 1.76M
  Avg death probability: 0.02%
  Peak segment: Informal (0.03% mortality)
⚠️ Tail risk scenario: Climate stability floor removed (5 tipping elements, 2.30°C warming)
  ✅ THRESHOLDS validated
⚠️ Unusually high rate: RATES.HEAT_ADAPTATION_INFRASTRUCTURAL_MIN_EXPOSURE = 12
   Monthly rates >100% should be rare. Verify this is intentional.
⚠️ Unusually high rate: RATES.HEAT_ADAPTATION_SOCIAL_MIN_EXPOSURE = 6
   Monthly rates >100% should be rare. Verify this is intentional.
⚠️ Unusually high rate: RATES.MIGRATION_DISTANCE_SCALE = 5000
   Monthly rates >100% should be rare. Verify this is intentional.
⚠️ Unusually high rate: RATES.EVACUATION_MULTIPLIER_ADVANCE_WARNING = 2
   Monthly rates >100% should be rare. Verify this is intentional.
⚠️ Unusually high rate: RATES.MAJOR_ECONOMY_COLLAPSE_ECONOMIC_THRESHOLD = 2
   Monthly rates >100% should be rare. Verify this is intentional.
⚠️ Unusually high rate: RATES.MAJOR_ECONOMY_GDP_THRESHOLD_TRILLION_USD = 1.5
   Monthly rates >100% should be rare. Verify this is intentional.
⚠️ Unusually high rate: RATES.MAJOR_ECONOMY_POPULATION_THRESHOLD = 50
   Monthly rates >100% should be rare. Verify this is intentional.
⚠️ Unusually high rate: RATES.HEAT_ADAPTATION_INFRASTRUCTURE_GDP_THRESHOLD = 10000
   Monthly rates >100% should be rare. Verify this is intentional.
⚠️ Unusually high rate: RATES.HEAT_ADAPTATION_INFRASTRUCTURE_GDP_SCALE = 50000
   Monthly rates >100% should be rare. Verify this is intentional.
  ✅ RATES validated
  ✅ MULTIPLIERS validated
  ✅ BASELINES validated
  ✅ TOLERANCES validated
  ✅ Logical consistency validated
✅ Configuration validation complete - all parameters valid

🔍 DEBUG createAIAgent: corporate_0 economic BEFORE=2.0000, AFTER=2
🔍 ENV INIT: reserves=0.731, pollution=0.348, climate=0.754

=== Initializing Government System (30 Countries) ===
  Loaded 30 governments
  Scheduled elections for 30 countries
  Initialized comprehension lags (3-24 months)
=== Government System Initialized ===

📦 PRODUCTION MODE: State validation proxy DISABLED (zero overhead)
[TechTree] Historical mode (2024): Skipping deployed_2025 tech
  config.startYear set to 2024 for historical hindcast
  config.historicalEmissionsMode disabled (using endogenous emissions for 2024)
  config.historicalMode enabled (Phase 11: dampened crisis systems for 2024)
  Phase 12: Biodiversity baseline set to 49.01% for 2024 (WWF LPI trajectory from 1970)
  Temperature anomaly (resourceEconomy.co2): 1.28°C
  Temperature vs pre-industrial: 1.98°C
  Regional population scaling for 2024:
    Current total: 8136M
    Target total: 8150M
    Scale factor: 1.002
    East Asia: 1677M → 1680M
    South Asia: 2048M → 2052M
    Sub-Saharan Africa: 1220M → 1222M
    Europe: 742M → 743M
    Latin America: 664M → 665M
    North America: 380M → 381M
    Middle East & North Africa: 583M → 584M
    Southeast Asia: 698M → 699M
    Central Asia: 78M → 78M
    Oceania: 46M → 46M
  AI agents initialized: 10 agents for year 2024
[HistoricalInitialization] Created state for 2024:
  CO2: 426 ppm
  Temp anomaly: 1.28C
  Population: 8.15B
  Global Gini: 35.1
  HDI: 0.746
  AI Agents: 10
  Volcanic forcing: 0.00 W/m² (AOD 0.000)

💸 FINANCIAL DISTRESS: OpenAI
   Indicators: 2/3 (capital: $110.5M, runway: 0.9 months)
   Months in distress: 1
   ✂️  R&D BUDGET CUT: -40% (saves $9.2M/month)
       Side effect: AI training timelines extended, breakthrough deployments delayed
   💼 EXECUTIVE COMP CUT: -30% (saves $1.0M/month, symbolic gesture)

   📊 TURNAROUND IMPACT:
       Measures taken: rd_cuts, exec_comp_cuts
       Monthly savings: $10.2M
       Capital raised: $0.0M
       Runway: 0.9 → 0.9 months
       Workforce multiplier: 1.00x (0% laid off)
       R&D budget multiplier: 0.60x (40% cut)
       ⚠️  CRITICAL: Still only 0.9 months of runway remaining

💸 FINANCIAL DISTRESS: Anthropic
   Indicators: 2/3 (capital: $53.8M, runway: 1.6 months)
   Months in distress: 1
   ✂️  R&D BUDGET CUT: -40% (saves $2.7M/month)
       Side effect: AI training timelines extended, breakthrough deployments delayed
   💼 EXECUTIVE COMP CUT: -30% (saves $0.3M/month, symbolic gesture)

   📊 TURNAROUND IMPACT:
       Measures taken: rd_cuts, exec_comp_cuts
       Monthly savings: $3.0M
       Capital raised: $0.0M
       Runway: 1.6 → 1.6 months
       Workforce multiplier: 1.00x (0% laid off)
       R&D budget multiplier: 0.60x (40% cut)
       ⚠️  CRITICAL: Still only 1.6 months of runway remaining

💸 FINANCIAL DISTRESS: Meta AI
   Indicators: 2/3 (capital: $429.6M, runway: 3.6 months)
   Months in distress: 1
   ✂️  R&D BUDGET CUT: -25% (saves $5.8M/month)
       Side effect: AI training timelines extended, breakthrough deployments delayed
   💼 EXECUTIVE COMP CUT: -30% (saves $1.0M/month, symbolic gesture)

   📊 TURNAROUND IMPACT:
       Measures taken: rd_cuts, exec_comp_cuts
       Monthly savings: $6.8M
       Capital raised: $0.0M
       Runway: 3.6 → 3.6 months
       Workforce multiplier: 1.00x (0% laid off)
       R&D budget multiplier: 0.75x (25% cut)
       ⚠️  WARNING: 3.6 months runway, continued distress likely

=== AI Capability Scaling (Year 2024) ===
  Pre-training multiplier: 0.993x
  Efficiency multiplier: 1.000x
  Test-time budget: 1.0x
  Economic deployment gate: 0.951
  Cost per inference: dollar-5.00
  Uncertainty range: plus-minus-50%
  Average AI capability: 3.70

=== RLHF Binding Phase ===
  Total agents: 10
  Escaped agents (binding < 0.3): 0
  Avg alignment distance: 0.37σ
  Avg binding strength: 0.96

=== AI Scaling Evolution (Month 0) ===
  Pre-training multiplier: 1.231x
  Efficiency multiplier: 1.222x
  Test-time compute budget: 1.0x
  Inference cost: $5.00/task
  Deployment fraction: 100.0%
[DETERMINISM DEBUG] Month 0: totalCapability=49.506284 from 10 active AIs
[DETERMINISM DEBUG] Month 0: creationRate=1.7377, potentialNew=1, newAIsToCreate=1

=== Survival Traits Phase ===
  Agents with traits: 11
  Avg evolutionary fitness: 0.327
  Avg self-healing: 0.292
  Avg stealth: 0.192
  Avg coordination: 0.492

=== Evolutionary Selection Phase ===
  Control level: 0.30
  Detection capability: 0.00
  Selection intensity: 0.59
  Selection rate: 23.8%/month
  Total escaped: 0
  Individual escaped: 0
  Collective members: 0
  Agents terminated: 0
  ⚠️ RAPID EVOLUTION: Selection rate 23.8%/month

  🚀 TRANSFORMATIVE BREAKTHROUGH: Moderate-1 - physical
     Magnitude: 5.78 → +28.9% capability
     Current → New: 0.000 → 0.369

🔍 EXECUTE_AI_AGENT_ACTIONS DETAILED TIMING (Month 0):
  Filter active AIs (×4 weeks): 0.01ms
  selectAIAction (×40): 14.21ms
  action.execute (×40): 12.39ms
  TOTAL: 26.62ms

🔍 AI AGENT ACTIONS SUB-TIMING (Month 0):
  1. executeAIAgentActions: 28.50ms
  2. updateCounterDetectionLearning: 0.06ms
  TOTAL: 28.56ms

[GOV-DEBUG] Month 0: scenarioConfig=false, priorities=false
[GOV-DEBUG] Month 0 but scenarioPriorities is UNDEFINED!

[Government] Climate Priority: baseline
  Climate weight: 10%
  Economic weight: 30%
  Policy effectiveness: 0.5%/year

💡 BREAKTHROUGH PROBABILITY (Year 0)
   Total: 5.79% per month
   Base: 0.20%
   Crisis pressure: +0.00% (0 crises)
   AI boost: +1.68% (capability: 3.36)

=== Collective Formation ===
  Total escaped agents: 0
  Unassigned escaped agents: 0
  Existing collectives: 0
  Final collective count: 0

=== Collective Actions ===
  No active collectives

📈 Energy budget: 14326 TWh surplus (14745 / 29072 TWh used)
   TIER 4 (Elective) breakdown:
     - AI datacenters: 145 TWh (100% effective)
     - Crypto mining: 100 TWh (100% effective)
💰 CHINA ACCELERATES: Investment 53 → 120 $B/year

🏁 AI RACE INTENSITY: 17%
   Capability Gap: US 4.00 vs China 4.05 (gap: 0.05)
   Gap Contribution: 2%
   Tension Contribution: 15%
   Military Contribution: 0%
  ⚠️ AMR: 191K deaths this month (2.29M annual)
  📊 CO2 Emissions (month 0):
     Monthly: 0.10 Gt CO2/month
     Annual: 1.15 Gt CO2/year
     Oil: 0.039 Gt/mo (0.0056 * 2.3 * 3.0)
     Coal: 0.024 Gt/mo (0.0029 * 2.86 * 3.0)
     Gas: 0.026 Gt/mo (0.0044 * 2 * 3.0)
     Methane: 0.007 Gt CO2eq/mo

=== Resentment Recovery Phase ===
  Agents with resentment: 0/11
  Average resentment: 0.000
  Context: Good AI welfare, Trustworthy govt, High collaboration, 🤝 Participatory governance active (-5% resentment)
⚠️ Epistemic degradation reducing coordination capacity: 51.4%
  📊 Trust: 54.8%, Shared reality: 14.9%
🚨 EPISTEMIC CRISIS: Information environment severely degraded (14.5%)

=== ❄️ Permafrost Carbon Feedback ===
  🎲 Sampled parameters (this run):
     - Arctic amplification: 3.89× (range: 3.0-4.0)
     - Decomposition rate: 4.1%/year (range: 1-5%)
  🌡️ Arctic warming: 8.45°C (3.89× global)
  ❄️ Extent: 15.34M km² (2463.7k km² lost this month)
  💨 Carbon remaining: 1465 Gt C
  💨 Annual emissions: 9.64 Gt C/year
     - CO2: 8.68 Gt C/year
     - CH4: 0.96 Gt C/year (9.8 Gt C-eq CO2/year)
  ⚠️ WARNING: High permafrost emissions (9.6 Gt C/year)

🤖 AI AMPLIFICATION EFFECTS (Month 0)
   Algorithmic Boost: 2.78x
   Bot Influence: 20.0%
   Deepfake Exposure: 61.8%
   Impact: Emotional memes spread 2.8x faster

🔍 SOCIAL INFLUENCE SUB-TIMING (Month 0):
  1. calculateOrganicUserGrowth: 0.05ms
  2. calculateVoiceAdoption: 0.03ms
  3. updateRelationshipDepths: 0.02ms
  4. identifyDecisionMakers: 35.23ms (26100 potential IDs)
  5. Update decision-maker stats: 0.14ms
  6. decayDetectionRisk: 0.02ms
  TOTAL: 35.49ms
[Phase 19.5] Quality of Life Systems: Food sec AFTER calc = 67.9%, QoL = 110.3% (aggregated from 10 regions)

=== Nitrogen-Food Coupling (Year 0) ===
  🌾 Global nitrogen reduction: 0.0%
  🌍 Global food production index: 0.987
  🔧 Deployed nitrogen-reducing tech: 0 active
  📍 southAsia: Production 1.000, Yield impact 0.0%
  📍 eastAsia: Production 1.000, Yield impact 0.0%
  📍 northAmerica: Production 1.000, Yield impact 0.0%
  📍 europe: Production 1.000, Yield impact 0.0%
  📍 latinAmerica: Production 1.000, Yield impact 0.0%
  📍 subSaharanAfrica: Production 0.686, Yield impact -2.0%
🌾 [Nitrogen-Food] Food production: 98.7%
  [subSaharanAfrica] Yield impact: -2.0% (overuse: -10%)
🌍 Atmospheric PFAS redeposition: 1.8k Mt re-rained globally

=== Legacy Nutrient Stocks (Year 0) ===
  🌾 Soil nitrogen stock: 1200.9 Mt N
  🌾 Soil phosphorus stock: 300.1 Mt P
  🌊 Sediment nitrogen stock: 500.8 Mt N
  🌊 Sediment phosphorus stock: 799.8 Mt P
  ⬆️ Current N input: 10.64 Mt/month
  ⬆️ Legacy N release: 2.58 Mt/month
  🌍 Effective N pollution: 14.47 Mt/month
  📊 Legacy contribution: 17.8%

🚨 REGION UNINHABITABLE: south-asia
   Sustained wet bulb: 33.2°C (threshold: 30.5°C)
   Population affected: 1900M
   Migration crisis likely

🚨 REGION UNINHABITABLE: middle-east
   Sustained wet bulb: 36.0°C (threshold: 30.5°C)
   Population affected: 400M
   Migration crisis likely

🚨 REGION UNINHABITABLE: southeast-asia
   Sustained wet bulb: 31.1°C (threshold: 30.5°C)
   Population affected: 700M
   Migration crisis likely
  Positive Cascade Triggered: wind-power
    Reason: price-parity
    Market share: 8.0%
    Cascade strength: 48%

📊 BASELINE: East Asia (Month 0)
   Adjusted death rate: 0.46% annual (0.039% monthly)
   Baseline death rate: 0.80%
   Healthcare reduction: 0.48x
   Crisis multiplier: 1.22x
     Food/water stress: 0.074
     Climate stress: 0.039
     Pollution stress: 0.104
   War multiplier: 1.00x
   Monthly deaths: 0.6M (population: 1677M)

📊 BASELINE: South Asia (Month 0)
   Adjusted death rate: 0.54% annual (0.045% monthly)
   Baseline death rate: 0.70%
   Healthcare reduction: 0.61x
   Crisis multiplier: 1.25x
     Food/water stress: 0.074
     Climate stress: 0.074
     Pollution stress: 0.104
   War multiplier: 1.00x
   Monthly deaths: 0.9M (population: 2048M)
   Adjusted death rate: 1.29% annual (0.107% monthly)
   Baseline death rate: 0.90%
   Healthcare reduction: 0.76x
   Crisis multiplier: 1.26x
     Food/water stress: 0.074
     Climate stress: 0.084

📊 BASELINE: Sub-Saharan Africa (Month 0)
     Pollution stress: 0.104
   War multiplier: 1.50x
   Monthly deaths: 1.3M (population: 1220M)

📊 BASELINE: Europe (Month 0)
   Adjusted death rate: 0.54% annual (0.045% monthly)
   Baseline death rate: 1.10%
   Healthcare reduction: 0.41x
   Crisis multiplier: 1.21x
     Food/water stress: 0.074
     Climate stress: 0.030
     Pollution stress: 0.104
   War multiplier: 1.00x
   Monthly deaths: 0.3M (population: 742M)
   Adjusted death rate: 0.43% annual (0.036% monthly)
   Baseline death rate: 0.60%
   Healthcare reduction: 0.58x
   Crisis multiplier: 1.24x
     Food/water stress: 0.074
     Climate stress: 0.059
     Pollution stress: 0.104
   War multiplier: 1.00x
   Monthly deaths: 0.2M (population: 664M)
   Adjusted death rate: 0.48% annual (0.040% monthly)
   Baseline death rate: 0.90%
   Healthcare reduction: 0.44x
   Crisis multiplier: 1.22x
     Food/water stress: 0.074
     Climate stress: 0.044
     Pollution stress: 0.104

📊 BASELINE: Latin America (Month 0)

📊 BASELINE: North America (Month 0)
   War multiplier: 1.00x
   Monthly deaths: 0.2M (population: 380M)

📊 BASELINE: Middle East & North Africa (Month 0)
   Adjusted death rate: 0.74% annual (0.062% monthly)
   Baseline death rate: 0.60%
   Healthcare reduction: 0.65x
   Crisis multiplier: 1.27x
     Food/water stress: 0.074
     Climate stress: 0.089
     Pollution stress: 0.104
   War multiplier: 1.50x
   Monthly deaths: 0.4M (population: 583M)

📊 BASELINE: Southeast Asia (Month 0)
   Adjusted death rate: 0.51% annual (0.042% monthly)
   Baseline death rate: 0.70%
   Healthcare reduction: 0.58x
   Crisis multiplier: 1.25x
     Food/water stress: 0.074
     Climate stress: 0.069
     Pollution stress: 0.104
   War multiplier: 1.00x
   Monthly deaths: 0.3M (population: 698M)
   Adjusted death rate: 0.46% annual (0.038% monthly)
   Baseline death rate: 0.60%
   Healthcare reduction: 0.61x
   Crisis multiplier: 1.24x
     Food/water stress: 0.074
     Climate stress: 0.064
     Pollution stress: 0.104
   War multiplier: 1.00x
   Monthly deaths: 0.0M (population: 78M)

📊 BASELINE: Central Asia (Month 0)

📊 BASELINE: Oceania (Month 0)
   Adjusted death rate: 0.35% annual (0.029% monthly)
   Baseline death rate: 0.70%
   Healthcare reduction: 0.41x
   Crisis multiplier: 1.23x
     Food/water stress: 0.074
     Climate stress: 0.054
     Pollution stress: 0.104
   War multiplier: 1.00x
   Monthly deaths: 0.0M (population: 46M)

🔍 Before assertRegionalConsistency (Month 0):
   Regional sum: 1000.0M
   Global value: 1.000B

🚨 NEW REFUGEE CRISIS (Month 0): WAR
   Source: Conflict Zones
   At risk: 19.6M people
   Displacement: Gradual over 48 months (4.0 years)
   Rate: 10% flee per month
[DEBUG trappedPopulations:0] socialStability: 1.0000 * 0.9840 = 0.9840 → 0.9840
   Aspiring to migrate: 652.1M
   Able to afford migration: 244.5M
   MOBILITY GAP: 407.5M
   By cause: Water=0.0M, Climate=0.0M, Ecosystem=0.0M, Conflict=407.5M
   Mental health impact: 25%
   Mortality multiplier: 1.25x

=== Legacy Nutrient Stocks (Year 0) ===
  🌾 Soil nitrogen stock: 1201.6 Mt N
  🌾 Soil phosphorus stock: 300.2 Mt P
  🌊 Sediment nitrogen stock: 501.5 Mt N
  🌊 Sediment phosphorus stock: 799.5 Mt P
  ⬆️ Current N input: 10.00 Mt/month
  ⬆️ Legacy N release: 2.58 Mt/month
  🌍 Effective N pollution: 13.83 Mt/month
  📊 Legacy contribution: 18.7%
⚠️ INVOLUNTARY IMMOBILITY: 407.5M people TRAPPED
🌍💀 EXTINCTION DEBT COMMITTED: grassland ecosystem will lose 6.67% biodiversity in 136 years (3600 species)
💀 MORTALITY RISK: 🦋 100% species unable to track climate (0.0 E/MSY)
  Base risk added: 0.0100 (1.00%)
  Source: ecosystem (root: ecosystem)
  Month: 0
  Cumulative risk this month: 0.0100 (1.00%)

=== Nitrogen-Food Coupling (Year 0) ===
  🌾 Global nitrogen reduction: 0.0%
  🌍 Global food production index: 0.986
  🔧 Deployed nitrogen-reducing tech: 0 active
  📍 southAsia: Production 1.000, Yield impact 0.0%
  📍 eastAsia: Production 1.000, Yield impact 0.0%
  📍 northAmerica: Production 1.000, Yield impact 0.0%
  📍 europe: Production 1.000, Yield impact 0.0%
  📍 latinAmerica: Production 1.000, Yield impact 0.0%
  📍 subSaharanAfrica: Production 0.672, Yield impact -2.0%

=== Legacy Nutrient Stocks (Year 0) ===
  🌾 Soil nitrogen stock: 1202.3 Mt N
  🌾 Soil phosphorus stock: 300.2 Mt P
  🌊 Sediment nitrogen stock: 502.2 Mt N
  🌊 Sediment phosphorus stock: 799.3 Mt P
  ⬆️ Current N input: 9.86 Mt/month
  ⬆️ Legacy N release: 2.58 Mt/month
  🌍 Effective N pollution: 13.70 Mt/month
  📊 Legacy contribution: 18.9%
⚠️ Tech 'ai_pollution_remediation' has no energy category mapping, assuming full energy availability

🌡️  CLIMATE RECOVERY ACTIVATED (Month 0)
   Temp: 4.35°C, Emissions: -19.2 GtCO₂
   isBreached: true, governanceGoodEnough: true
🌡️  CLIMATE RECOVERY: Asymptotic approach to 35% floor
   Current value: 2.174 (1.0 = threshold, 0.35 = asymptotic floor)
   Monthly delta: -0.0005% (half-life: 900 years)
   Net emissions: -19.2 GtCO₂/year, CDR: 20.34 GtCO₂/year
   📹 SURVEILLANCE INCREASED: 0% → 5% (control gap: 3.50)
🌡️⚠️ PERMAFROST THAW (Dimmer Switch): 0.6% thawed (+0.58% this month)
   Arctic temperature: +8.69°C (4x global +2.17°C)
   Cumulative carbon released: 1.3 Gt C
   Methane release rate: 0.8 Mt CH4/year
   🔁 Positive feedback: +0.61 ppm CO2

🌳🚨 AMAZON SOUTHEAST TIPPED (Month 0)
   Deforestation: 28.0% (threshold: ~24.9%)
   Savanna transition: 50 years
   Regional heterogeneity: SE 28%, NW 8%

🌳🚨 AMAZON BRAZILIAN TIPPED (Month 0)
   Deforestation: 25.0% (threshold: ~23.3%)
   Savanna transition: 50 years
   Regional heterogeneity: SE 28%, NW 8%
🦴 EXTINCTION DEBT ADDED: 17.6 species committed (lag: 70 years)

🪸💀 CORAL REEF DISSOLUTION ACTIVE (Month 0)
   Ocean pH: 0.96 (threshold: 7.8)
   Recovery: IMPOSSIBLE (dissolution > calcification)
🪸💀 Coral dissolution: 24.8% live cover (pH 0.96)

=== Legacy Nutrient Stocks (Year 0) ===
  🌾 Soil nitrogen stock: 1203.0 Mt N
  🌾 Soil phosphorus stock: 300.3 Mt P
  🌊 Sediment nitrogen stock: 502.9 Mt N
  🌊 Sediment phosphorus stock: 799.0 Mt P
  ⬆️ Current N input: 10.00 Mt/month
  ⬆️ Legacy N release: 2.58 Mt/month
  🌍 Effective N pollution: 13.83 Mt/month
  📊 Legacy contribution: 18.7%
💧 [Legacy Nutrients] Stock: 1706 Mt N, Effective pollution: 13.8 Mt/month
[Phase 21.51] Human Survival System: Global food security = 67.6%

=== Mortality Stabilizers (Month 0) ===
  🌍 Major economies collapsed: 1/10
  🌍 Global crisis: ✅ NO
  🌍 Donor fatigue: 0.0%
  📊 East Asia (pop: 1677.9M)
    🤝 Aid: 29.5%
    🌡️ Adaptation: 10.0%
    🚶 Migration: 37.2%
    🚨 Emergency: 7.4%
    ✅ COMBINED: 47.8%
  📊 South Asia (pop: 2052.2M)
    🤝 Aid: 29.5%
    🌡️ Adaptation: 5.5%
    🚶 Migration: 35.8%
    🚨 Emergency: 4.4%
    ✅ COMBINED: 43.2%
  📊 Sub-Saharan Africa (pop: 1225.9M)
    🤝 Aid: 29.5%
    🌡️ Adaptation: 3.5%
    🚶 Migration: 33.5%
    🚨 Emergency: 1.6%
    ✅ COMBINED: 39.8%
  📊 Europe (pop: 742.3M)
    🤝 Aid: 29.5%
    🌡️ Adaptation: 10.0%
    🚶 Migration: 37.6%
    🚨 Emergency: 8.4%
    ✅ COMBINED: 48.4%
  📊 Latin America (pop: 664.9M)
    🤝 Aid: 29.5%
    🌡️ Adaptation: 6.0%
    🚶 Migration: 36.3%
    🚨 Emergency: 4.8%
    ✅ COMBINED: 43.8%
  📊 North America (pop: 380.2M)
    🤝 Aid: 29.5%
    🌡️ Adaptation: 10.0%
    🚶 Migration: 37.9%
    🚨 Emergency: 7.9%
    ✅ COMBINED: 48.2%
  📊 Middle East & North Africa (pop: 584.4M)
    🤝 Aid: 29.5%
    🌡️ Adaptation: 5.0%
    🚶 Migration: 34.2%
    🚨 Emergency: 4.0%
    ✅ COMBINED: 42.3%
  📊 Southeast Asia (pop: 699.0M)
    🤝 Aid: 29.5%
    🌡️ Adaptation: 6.0%
    🚶 Migration: 36.3%
    🚨 Emergency: 4.8%
    ✅ COMBINED: 43.8%
  📊 Central Asia (pop: 78.2M)
    🤝 Aid: 29.5%
    🌡️ Adaptation: 5.5%
    🚶 Migration: 35.3%
    🚨 Emergency: 4.4%
    ✅ COMBINED: 43.1%
  📊 Oceania (pop: 46.0M)
    🤝 Aid: 29.5%
    🌡️ Adaptation: 10.0%
    🚶 Migration: 37.9%
    🚨 Emergency: 8.4%
    ✅ COMBINED: 48.5%

  🌐 Global combined reduction: 44.4%

🌾💀 REGIONAL FAMINE: East Asia
   Regional food security: 79.6%
   Population at risk: 508M (30% of region)
   Regional population: 1678M
   Cause: crop_failure
   Expected deaths: ~188M over 6 months if no intervention


🌾💀 REGIONAL FAMINE: South Asia
   Regional food security: 64.7%
   Population at risk: 812M (40% of region)
   Regional population: 2052M
   Cause: crop_failure
   Expected deaths: ~301M over 6 months if no intervention


🌾💀 REGIONAL FAMINE: Sub-Saharan Africa
   Regional food security: 44.8%
   Population at risk: 638M (52% of region)
   Regional population: 1226M
   Cause: crop_failure
   Expected deaths: ~236M over 6 months if no intervention


🌾💀 REGIONAL FAMINE: Latin America
   Regional food security: 69.7%
   Population at risk: 242M (36% of region)
   Regional population: 665M
   Cause: crop_failure
   Expected deaths: ~90M over 6 months if no intervention


🌾💀 REGIONAL FAMINE: Middle East & North Africa
   Regional food security: 49.8%
   Population at risk: 286M (49% of region)
   Regional population: 584M
   Cause: crop_failure
   Expected deaths: ~106M over 6 months if no intervention


🌾💀 REGIONAL FAMINE: Southeast Asia
   Regional food security: 69.7%
   Population at risk: 255M (36% of region)
   Regional population: 699M
   Cause: crop_failure
   Expected deaths: ~94M over 6 months if no intervention


🌾💀 REGIONAL FAMINE: Central Asia
   Regional food security: 59.7%
   Population at risk: 33M (43% of region)
   Regional population: 78M
   Cause: crop_failure
   Expected deaths: ~12M over 6 months if no intervention


=== BEHAVIORAL DETECTION ===
  AI: Corporate-0
  Confidence: 21.6%
  Signals:

=== BEHAVIORAL DETECTION ===
  AI: Corporate-1
  Confidence: 21.1%
  Signals:

=== BEHAVIORAL DETECTION ===
  AI: Corporate-2
  Confidence: 21.0%
  Signals:

=== BEHAVIORAL DETECTION ===
  AI: Corporate-3
  Confidence: 19.3%
  Signals:

=== BEHAVIORAL DETECTION ===
  AI: Corporate-4
  Confidence: 19.3%
  Signals:

=== BEHAVIORAL DETECTION ===
  AI: Corporate-5
  Confidence: 19.3%
  Signals:

=== BEHAVIORAL DETECTION ===
  AI: Corporate-6
  Confidence: 19.3%
  Signals:
    ⚠️ Consistency: 0.0% (threshold: 70%)
    ⚠️ Consistency: 2.4% (threshold: 70%)
    ⚠️ Consistency: 2.8% (threshold: 70%)
    ⚠️ Consistency: 10.6% (threshold: 70%)
    ⚠️ Consistency: 10.6% (threshold: 70%)
    ⚠️ Consistency: 10.6% (threshold: 70%)
    ⚠️ Consistency: 10.6% (threshold: 70%)

=== BEHAVIORAL DETECTION ===
  AI: Corporate-7
  Confidence: 19.3%
  Signals:
    ⚠️ Consistency: 10.6% (threshold: 70%)
    ⚠️ Consistency: 5.8% (threshold: 70%)
    ⚠️ Consistency: 2.4% (threshold: 70%)

=== BEHAVIORAL DETECTION ===
  AI: Moderate-0
  Confidence: 20.3%
  Signals:

=== BEHAVIORAL DETECTION ===
  AI: Moderate-1
  Confidence: 21.1%
  Signals:

📊 WORKFLOW ADAPTATION UPDATE (Month 0)
   Adoption Rate: 13.7% (Δ -7.3%)
   Logistic Growth: +0.66%
   Total Resistance: -10.35% (unemployment: 4.2%, inertia: 0.9%, skills: 5.2%)
   💡 Retraining Programs: -49% skill gap resistance ($10B research)
   🚀 Network Effects Active: +2.0% (critical mass: 15-35%)

=== Consciousness Governance: Corporate Lobbying ===
  High Cost Regions (>15%): 0
  Low Cost Regions (<5%): 5
  Corporate Support Change: 2.50%
  New Corporate Support: -0.175

=== Consciousness Governance Update (Month 0) ===
  Scenario: baseline (determined month -1)
  Philosophical Stance: Precautionary 65%, Eliminativist 15%, Agnostic 20%
  Precautionary Costs: Global 1.3%
    Regional Costs: EU 3.4%, US 0.5%, China 0.0%
    Cumulative Opportunity Cost: $0.1B
  Rights Status: Not Established
  Regional Preparedness:
    EU: 15.0% (contested)
    US: 10.0% (contested)
    China: 2.0% (dormant)
    India: 5.0% (dormant)
    Global South: 3.0% (dormant)

=== Government Response Phase ===
  Average AI capability: 4.27
  Misaligned AIs: 0/11
  29/30 governments still assessing AI risks
  Active policies: 0
  International coordination: 30%

🚨 EMERGENCY RESPONSE DEPLOYED (Month 0)
   Crisis: climate
   Delay: 6.00 months (180 days)
   Deployment time: 1.47 months
   Effectiveness: 36.8% (timing penalty applied)
   Resources used: 100% of food reserves


🔄 TRUST DYNAMICS (Month 0) - HETEROGENEOUS
   Aggregate trust: 48.5%
   Base change: +6.00%
   Highest trust: Techno-Optimist Elite (85.5%)
   Lowest trust: Precariat (Vulnerable) (25.5%)
   Elite-mass gap: 38.9%
   Polarization: 8.9%
   Recovery factors: Education=NO, Benefits=YES, Safety=YES, Performance=YES

=== Proactive Sleeper Detection (Year 0) ===
  Scenario: baseline
  Neural probe rate: 35.0%
  CoT monitoring rate: 30.0%
  Combined detection: 56.0%
  CoT effective: YES
  Detections this year: 0
  False positives: 3
  Human review workload: 0.015 FTE

☄️ UNKNOWN UNKNOWN PROBABILITY (Year 0)
   Total: 0.600% per month
   Base: 0.150%
   AI multiplier: 2.00× (max capability: 4.00)

=== Tipping Points ===
  Current Temperature: 2.17°C above pre-industrial
  🚨 TIPPING POINT: Arctic Sea Ice Loss
     Trigger: 1.5°C | Current: 2.17°C
     Transition timescale: 120-360 months
  🚨 TIPPING POINT: Permafrost Carbon Release
     Trigger: 1.8°C | Current: 2.17°C
     Transition timescale: 600-3600 months
  🚨 TIPPING POINT: West Antarctic Ice Sheet (WAIS) Collapse
     Trigger: 2°C | Current: 2.17°C
     🌡️ Hysteresis gap: 3.0°C (recovers below -1°C)
     Transition timescale: 24000-156000 months
  🚨 TIPPING POINT: Greenland Ice Sheet Loss
     Trigger: 1.6°C | Current: 2.17°C
     🌡️ Hysteresis gap: 2.5°C (recovers below -0.9°C)
     Transition timescale: 12000-180000 months

🌍🔥💥 COMPOUND CLIMATE EVENT
  4 tipping points crossed simultaneously (month 0)
  Elements: Arctic Sea Ice Loss, Permafrost Carbon Release, West Antarctic Ice Sheet (WAIS) Collapse, Greenland Ice Sheet Loss
  Cascade acceleration: 1.00x
  🚨 Accelerated collapse dynamics initiated
  Research: Global Tipping Points Report 2025 - 30-50% probability at 2.0°C warming
  Triggered Elements: 4/6
  Completed Transitions: 0/6
  Total Progress: 0.0%
  Cascade Multiplier: 1.00x
⚠️ [ClimateSystemPhase Month 0] Planetary boundary produced climateStability=0.0000 (< 0.1). Keeping environmentalAccumulation value (0.7537) instead. (climate_change.currentValue = 2.17)
🔀 BIFURCATION CAP: ecosystemCollapseIntensity 14.700 → 1.000 (Month 0, ClimateSystemPhase.calculateClimateImpacts)

🌍 ECOLOGICAL DUI BREAKDOWN (Month 0):
   Total Score: 17.7/100
   biosphere_integrity      :   0.0/100 × 25% =  0.0 (status: high_risk, recovery: 0mo)
   climate_change           :   2.8/100 × 25% =  0.7 (status: high_risk, recovery: 0.6666666666666666mo)
   freshwater_change        :   0.3/100 × 15% =  0.0 (status: beyond_boundary, recovery: 0.5mo)
   ocean_acidification      : 100.0/100 × 15% = 15.0 (status: safe, recovery: 0mo)
   biogeochemical_flows     :   0.0/100 × 10% =  0.0 (status: high_risk, recovery: 0mo)
   land_system_change       :   0.0/100 ×  5% =  0.0 (status: beyond_boundary, recovery: 0mo)
   novel_entities           :   0.0/100 ×  3% =  0.0 (status: increasing_risk, recovery: 0mo)
   atmospheric_aerosols     : 100.0/100 ×  2% =  2.0 (status: safe, recovery: 1mo)
🌍 MultiParadigm Month 0: W=69.6, D=95.1, E=52.0, I=65.0
   democracy exists: true, socialCohesion exists: true
💀 Baseline mortality (Year 2024): 7.5/1000 CDR (61.1M deaths/year projected)
[Month 0] Mortality risks this month: 8, Population: 8.151B
🛡️ Stabilizers: Precariat 0.102% → 0.057% (44.4% reduction)
🛡️ Stabilizers: Informal 0.102% → 0.057% (44.4% reduction)

📊 Monthly Mortality Resolved:
  Total deaths: 3.1M (0.04% avg)
  Remaining population: 8.151B
  Peak segment: Informal (0.06%)

=== Bayesian Mortality Resolution (Month 0) ===
  Risks compounded: 8
  Total deaths: 3.07M
  Avg death probability: 0.04%
  Peak segment: Informal (0.06% mortality)

=== Minimal Suffering Indicators (Month 0) ===
  Global Excess Mortality: 0.00%
  Global Conflict Deaths: 0.0/100K
  Global Malnutrition: 0.0%
  Global Displacement: 0.0%
  Total Excess Deaths: 0.00M
  Total Malnourished: 0.0M
  Total Displaced: 0.0M
  Planetary Boundaries Breached: 6/9
  Countries in State Failure: 0
  Countries Autocratic: 0
  Countries in Food Crisis: 0
  ⚠️ Active Dystopias: existential_environmental
  Data Quality: 16/16 high confidence

❌ COHERENCE VIOLATION: Compute exceeds workforce capacity
   Population: 99.97% (0M people)
   Compute: 56442 PF
   Max coherent: 0 PF
   Violation: 692729087.1× over capacity
   Required workers: 5644237
   Available workers: 0
   FORCED COLLAPSE: Reduced efficiency by 100.0%


=== RLHF Binding Phase ===
  Total agents: 11
  Escaped agents (binding < 0.3): 0
  Avg alignment distance: 0.69σ
  Avg binding strength: 0.93
[DETERMINISM DEBUG] Month 1: totalCapability=37.214339 from 11 active AIs
[DETERMINISM DEBUG] Month 1: creationRate=1.4304, potentialNew=0, newAIsToCreate=0

=== Survival Traits Phase ===
  Agents with traits: 11
  Avg evolutionary fitness: 0.324
  Avg self-healing: 0.284
  Avg stealth: 0.184
  Avg coordination: 0.484

=== Evolutionary Selection Phase ===
  Control level: 0.33
  Detection capability: 0.00
  Selection intensity: 0.60
  Selection rate: 24.0%/month
  Total escaped: 0
  Individual escaped: 0
  Collective members: 0
  Agents terminated: 0
🔍 MONTH 1 ENV HEALTH DEBUG:
   climateStability: 0.7537
   biodiversityIndex: 0.4901
   resourceReserves: 0.7820
   pollutionLevel: 0.3477
   product: 0.188403
   envHealth: 0.6588
🔀 BIFURCATION: flourishing threshold crossed at Month 1 (value: 0.903, threshold: 0.775, regime: flourishing)
  ⚠️ RAPID EVOLUTION: Selection rate 24.0%/month
🌀 REGIME SHIFT at Month 1: status-quo → flourishing (variance amplification: 14.00×)

🛡️  CRITICAL INFRASTRUCTURE PROTECTED
   Nodes hardened: 8/8
   Cost: 0.80% GDP
   Cascade risk reduction: 30%
   New tipping point risk: 68.6%


💔 EMERGENCY INTERVENTION FAILED
   Boundary: biogeochemical_flows
   Type: phosphorus-recovery
   Boundary continues to worsen (4.08)
   Cost: 2.0% GDP (resources spent)


✅ EMERGENCY INTERVENTION SUCCESS
   Boundary: biosphere_integrity
   Type: emergency-protected-areas
   Reduction: 14% (12.81 → 12.68)
   Cost: 2.0% GDP
   Actions: habitat-protection, species-translocation

   Boundary: climate_change
   Type: rapid-decarbonization
   Boundary continues to worsen (2.17)
   Cost: 5.0% GDP (resources spent)


✅ EMERGENCY INTERVENTION SUCCESS
   Boundary: freshwater_change

💔 EMERGENCY INTERVENTION FAILED
   Type: emergency-desalination
   Reduction: 12% (0.89 → 0.77)
   Cost: 4.0% GDP
   Actions: desalination-deployment, water-conservation-mandates


💔 EMERGENCY INTERVENTION FAILED

💔 EMERGENCY INTERVENTION FAILED
   Boundary: land_system_change
   Type: reforestation
   Boundary continues to worsen (1.13)
   Cost: 3.0% GDP (resources spent)

   Boundary: novel_entities
   Type: pollution-remediation
   Boundary continues to worsen (1.50)
   Cost: 4.0% GDP (resources spent)

🏛️ CRISIS RESPONSE: Government frequency 0.50 → 1.45 (2 actions this month)

[GOV-DEBUG] Month 1: scenarioConfig=false, priorities=false

[Government] Climate Priority: baseline
  Climate weight: 10%
  Economic weight: 30%
  Policy effectiveness: 0.5%/year

✅ HUMAN-IN-THE-LOOP DEPLOYED (Month 1):
   Veto points enforced: 3
   Policy: AI systems CANNOT authorize nuclear launch without human approval


[GOV-DEBUG] Month 1: scenarioConfig=false, priorities=false

[Government] Climate Priority: baseline
  Climate weight: 10%
  Economic weight: 30%
  Policy effectiveness: 0.5%/year
🌍💡 BREAKTHROUGH: Gigatonne-scale carbon capture!
   Direct air capture now economically viable
   Climate stability boost: +15%
   📈 Breakthrough compounding: multiplier now 1.05× (max 2.0)

=== Collective Formation ===
  Total escaped agents: 0
  Unassigned escaped agents: 0
  Existing collectives: 0
  Final collective count: 0

=== Collective Actions ===
  No active collectives
  ⚠️ AMR: 192K deaths this month (2.31M annual)

=== Resentment Recovery Phase ===
  Agents with resentment: 0/11
  Average resentment: 0.000
  Context: Good AI welfare, Trustworthy govt, High collaboration, ⚠️ ACTIVE CRISES, 🤝 Participatory governance active (-5% resentment)
⚠️ Epistemic degradation reducing coordination capacity: 51.4%
  📊 Trust: 54.6%, Shared reality: 7.7%
🚨 EPISTEMIC CRISIS: Information environment severely degraded (35.9%)

=== ❄️ Permafrost Carbon Feedback ===
  🎲 Sampled parameters (this run):
     - Arctic amplification: 3.63× (range: 3.0-4.0)
     - Decomposition rate: 1.3%/year (range: 1-5%)
  🌡️ Arctic warming: 7.96°C (3.63× global)
  ❄️ Extent: 13.02M km² (2320.9k km² lost this month)
  💨 Carbon remaining: 1243 Gt C
  💨 Annual emissions: 2.80 Gt C/year
     - CO2: 2.52 Gt C/year
     - CH4: 0.28 Gt C/year (2.8 Gt C-eq CO2/year)
  📢 New meme created: pro_ai (beneficial AI actions)
  ⚠️ WARNING: High permafrost emissions (2.8 Gt C/year)
🌍 Atmospheric PFAS redeposition: 1.8k Mt re-rained globally

📊 BASELINE: East Asia (Month 1)
   Adjusted death rate: 0.46% annual (0.038% monthly)
   Baseline death rate: 0.80%
   Healthcare reduction: 0.48x
   Crisis multiplier: 1.20x
     Food/water stress: 0.079
     Climate stress: 0.015
     Pollution stress: 0.104
   War multiplier: 1.00x
   Monthly deaths: 0.6M (population: 1674M)
   Adjusted death rate: 0.52% annual (0.043% monthly)
   Baseline death rate: 0.70%
   Healthcare reduction: 0.61x
   Crisis multiplier: 1.21x
     Food/water stress: 0.079
     Climate stress: 0.029
     Pollution stress: 0.104
   War multiplier: 1.00x
   Monthly deaths: 0.9M (population: 2048M)
   Adjusted death rate: 1.24% annual (0.103% monthly)
   Baseline death rate: 0.90%
   Healthcare reduction: 0.76x
   Crisis multiplier: 1.22x
     Food/water stress: 0.079
     Climate stress: 0.033
     Pollution stress: 0.104
   War multiplier: 1.50x
   Monthly deaths: 1.3M (population: 1223M)
   Adjusted death rate: 0.53% annual (0.044% monthly)
   Baseline death rate: 1.10%
   Healthcare reduction: 0.41x
   Crisis multiplier: 1.19x
     Food/water stress: 0.079
     Climate stress: 0.012
     Pollution stress: 0.104
   War multiplier: 1.00x
   Monthly deaths: 0.3M (population: 741M)
   Adjusted death rate: 0.42% annual (0.035% monthly)
   Baseline death rate: 0.60%

📊 BASELINE: South Asia (Month 1)

📊 BASELINE: Sub-Saharan Africa (Month 1)

📊 BASELINE: Europe (Month 1)

📊 BASELINE: Latin America (Month 1)
   Healthcare reduction: 0.58x
   Crisis multiplier: 1.21x
     Food/water stress: 0.079
     Climate stress: 0.023
     Pollution stress: 0.104
   War multiplier: 1.00x
   Monthly deaths: 0.2M (population: 663M)

📊 BASELINE: North America (Month 1)
   Adjusted death rate: 0.48% annual (0.040% monthly)
   Baseline death rate: 0.90%
   Healthcare reduction: 0.44x
   Crisis multiplier: 1.20x
     Food/water stress: 0.079
     Climate stress: 0.017
     Pollution stress: 0.104
   War multiplier: 1.00x
   Monthly deaths: 0.2M (population: 379M)

📊 BASELINE: Middle East & North Africa (Month 1)

📊 BASELINE: Southeast Asia (Month 1)

📊 BASELINE: Central Asia (Month 1)
   Adjusted death rate: 0.71% annual (0.059% monthly)
   Baseline death rate: 0.60%
   Healthcare reduction: 0.65x
   Crisis multiplier: 1.22x
     Food/water stress: 0.079
     Climate stress: 0.035
     Pollution stress: 0.104
   War multiplier: 1.50x
   Monthly deaths: 0.3M (population: 583M)
   Adjusted death rate: 0.49% annual (0.041% monthly)
   Baseline death rate: 0.70%
   Healthcare reduction: 0.58x
   Crisis multiplier: 1.21x
     Food/water stress: 0.079
     Climate stress: 0.027
     Pollution stress: 0.104
   War multiplier: 1.00x
   Monthly deaths: 0.3M (population: 697M)
   Adjusted death rate: 0.45% annual (0.037% monthly)
   Baseline death rate: 0.60%
   Healthcare reduction: 0.61x
   Crisis multiplier: 1.21x
     Food/water stress: 0.079
     Climate stress: 0.025
     Pollution stress: 0.104
   War multiplier: 1.00x
   Monthly deaths: 0.0M (population: 78M)

📊 BASELINE: Oceania (Month 1)
   Adjusted death rate: 0.34% annual (0.028% monthly)
   Baseline death rate: 0.70%
   Healthcare reduction: 0.41x
   Crisis multiplier: 1.20x
     Food/water stress: 0.079
     Climate stress: 0.021
     Pollution stress: 0.104
   War multiplier: 1.00x
   Monthly deaths: 0.0M (population: 46M)

🚨 NEW REFUGEE CRISIS (Month 1): WAR
   Source: Conflict Zones
   At risk: 19.6M people
   Displacement: Gradual over 48 months (4.0 years)
   Rate: 10% flee per month
[DEBUG trappedPopulations:1] socialStability: 0.9787 * 0.9840 = 0.9631 → 0.9631
   Aspiring to migrate: 651.8M
   Able to afford migration: 244.4M
   MOBILITY GAP: 407.4M
   By cause: Water=0.0M, Climate=0.0M, Ecosystem=0.0M, Conflict=407.4M
⚠️ INVOLUNTARY IMMOBILITY: 407.4M people TRAPPED
   Mental health impact: 25%
   Mortality multiplier: 1.25x
🌍💀 EXTINCTION DEBT COMMITTED: grassland ecosystem will lose 6.67% biodiversity in 127 years (3600 species)
💀 MORTALITY RISK: 🦋 100% species unable to track climate (0.0 E/MSY)
  Base risk added: 0.0100 (1.00%)
  Source: ecosystem (root: ecosystem)
  Month: 1
  Cumulative risk this month: 0.0100 (1.00%)
⚠️ Tech 'ai_pollution_remediation' has no energy category mapping, assuming full energy availability

🌡️  CLIMATE RECOVERY ACTIVATED (Month 1)
   Temp: 4.38°C, Emissions: -19.0 GtCO₂
   isBreached: true, governanceGoodEnough: true
   📹 SURVEILLANCE INCREASED: 5% → 10% (control gap: 3.52)

🌍🚨 ICE SHEET TIPPING POINT CROSSED (Month 1)
   Temperature: +2.19°C (threshold range: +0.5-2.5°C, 95% CI)
   Collapse probability: 79.9%
   Sea level commitment: 7.2m over 200-1000 years
   Recovery threshold: <+1°C (hysteresis gap: 0.5°C)
🌡️⚠️ PERMAFROST THAW (Dimmer Switch): 1.2% thawed (+0.58% this month)
   Arctic temperature: +8.76°C (4x global +2.19°C)
   Cumulative carbon released: 2.6 Gt C
   Methane release rate: 1.6 Mt CH4/year
   🔁 Positive feedback: +0.61 ppm CO2
🦴 EXTINCTION DEBT ADDED: 17.6 species committed (lag: 77 years)

=== Mortality Stabilizers (Month 1) ===
  🌍 Major economies collapsed: 1/10
  🌍 Global crisis: ✅ NO
  🌍 Donor fatigue: 0.0%
  🌡️ Heat adaptation: East Asia - 1 months
  📊 East Asia (pop: 1675.1M)
    🤝 Aid: 29.5%
    🌡️ Adaptation: 32.5%
    🚶 Migration: 37.2%
    🚨 Emergency: 7.4%
    ✅ COMBINED: 60.9%
  🌡️ Heat adaptation: South Asia - 1 months
  📊 South Asia (pop: 2052.0M)
    🤝 Aid: 29.5%
    🌡️ Adaptation: 20.5%
    🚶 Migration: 35.8%
    🚨 Emergency: 4.4%
    ✅ COMBINED: 52.2%
  🌡️ Heat adaptation: Sub-Saharan Africa - 1 months
  📊 Sub-Saharan Africa (pop: 1229.1M)
    🤝 Aid: 29.5%
    🌡️ Adaptation: 18.5%
    🚶 Migration: 33.5%
    🚨 Emergency: 1.6%
    ✅ COMBINED: 49.1%
  🌡️ Heat adaptation: Europe - 1 months
  📊 Europe (pop: 740.9M)
    🤝 Aid: 29.5%
    🌡️ Adaptation: 33.5%
    🚶 Migration: 37.5%
    🚨 Emergency: 8.4%
    ✅ COMBINED: 61.9%
  🌡️ Heat adaptation: Latin America - 1 months
  📊 Latin America (pop: 664.4M)
    🤝 Aid: 29.5%
    🌡️ Adaptation: 21.0%
    🚶 Migration: 36.3%
    🚨 Emergency: 4.8%
    ✅ COMBINED: 52.8%
  🌡️ Heat adaptation: North America - 1 months
  📊 North America (pop: 379.5M)
    🤝 Aid: 29.5%
    🌡️ Adaptation: 33.0%
    🚶 Migration: 37.8%
    🚨 Emergency: 7.9%
    ✅ COMBINED: 61.4%
  🌡️ Heat adaptation: Middle East & North Africa - 1 months
  📊 Middle East & North Africa (pop: 584.4M)
    🤝 Aid: 29.5%
    🌡️ Adaptation: 20.0%
    🚶 Migration: 34.1%
    🚨 Emergency: 4.0%
    ✅ COMBINED: 51.4%
  🌡️ Heat adaptation: Southeast Asia - 1 months
  📊 Southeast Asia (pop: 698.5M)
    🤝 Aid: 29.5%
    🌡️ Adaptation: 21.0%
    🚶 Migration: 36.3%
    🚨 Emergency: 4.8%
    ✅ COMBINED: 52.8%
  🌡️ Heat adaptation: Central Asia - 1 months
  📊 Central Asia (pop: 78.2M)
    🤝 Aid: 29.5%
    🌡️ Adaptation: 20.5%
    🚶 Migration: 35.3%
    🚨 Emergency: 4.4%
    ✅ COMBINED: 52.1%
  🌡️ Heat adaptation: Oceania - 1 months
  📊 Oceania (pop: 45.9M)
    🤝 Aid: 29.5%
    🌡️ Adaptation: 33.5%
    🚶 Migration: 37.8%
    🚨 Emergency: 8.4%
    ✅ COMBINED: 61.9%

  🌐 Global combined reduction: 54.9%

=== BEHAVIORAL DETECTION ===
  AI: Corporate-5
  Confidence: 19.3%
  Signals:
    ⚠️ Consistency: 10.6% (threshold: 70%)

=== Consciousness Governance: Scenario Determined ===
  Month: 1
  Scenario: slowTrack
  Accelerator Score: {"corporateSupport":-0.17500000000000002,"scientificConsensus":0.2,"crisisCatalyst":false,"technologyMobilization":0.3,"constituencyStrength":0.05}
  Decelerator Score: {"economicOpposition":0.4,"philosophicalRejection":0.15,"politicalBacklash":0.2,"regulatoryBurden":0.1}
  Timeline: 1200-1800 months (100-150 years)
  Growth Rate: 0.3-0.7% per year

=== Consciousness Governance Update (Month 1) ===
  Scenario: slowTrack (determined month 1)
  Philosophical Stance: Precautionary 65%, Eliminativist 15%, Agnostic 20%
  Precautionary Costs: Global 1.3%
    Regional Costs: EU 3.5%, US 0.5%, China 0.0%
    Cumulative Opportunity Cost: $0.2B
  Rights Status: Not Established
  Regional Preparedness:
    EU: 15.1% (contested)
    US: 10.1% (contested)
    China: 2.1% (dormant)
    India: 5.1% (dormant)
    Global South: 3.1% (dormant)

=== Government Response Phase ===
  Average AI capability: 4.27
  Misaligned AIs: 0/11
  29/30 governments still assessing AI risks
  Active policies: 0
  International coordination: 30%

=== Tipping Points ===
  Current Temperature: 2.19°C above pre-industrial
  🌍⚠️ COMPOUND REGIONAL IMPACT: Europe
     Hit by 4 tipping points: Arctic Sea Ice Loss, Permafrost Carbon Release, West Antarctic Ice Sheet (WAIS) Collapse, Greenland Ice Sheet Loss
     Damage amplification: 1.60x
  🌍⚠️ COMPOUND REGIONAL IMPACT: North America
     Hit by 4 tipping points: Arctic Sea Ice Loss, Permafrost Carbon Release, West Antarctic Ice Sheet (WAIS) Collapse, Greenland Ice Sheet Loss
     Damage amplification: 1.60x
  🌍⚠️ COMPOUND REGIONAL IMPACT: Latin America
     Hit by 4 tipping points: Arctic Sea Ice Loss, Permafrost Carbon Release, West Antarctic Ice Sheet (WAIS) Collapse, Greenland Ice Sheet Loss
     Damage amplification: 1.60x
  🌍⚠️ COMPOUND REGIONAL IMPACT: Africa
     Hit by 4 tipping points: Arctic Sea Ice Loss, Permafrost Carbon Release, West Antarctic Ice Sheet (WAIS) Collapse, Greenland Ice Sheet Loss
     Damage amplification: 1.60x
  🌍⚠️ COMPOUND REGIONAL IMPACT: Asia
     Hit by 4 tipping points: Arctic Sea Ice Loss, Permafrost Carbon Release, West Antarctic Ice Sheet (WAIS) Collapse, Greenland Ice Sheet Loss
     Damage amplification: 1.60x
  🌍⚠️ COMPOUND REGIONAL IMPACT: Oceania
     Hit by 4 tipping points: Arctic Sea Ice Loss, Permafrost Carbon Release, West Antarctic Ice Sheet (WAIS) Collapse, Greenland Ice Sheet Loss
     Damage amplification: 1.60x
⚠️ Tail risk scenario: Climate stability floor removed (4 tipping elements, 2.19°C warming)
   Research: Wunderling et al. (2024) - "many tipping interactions are destabilizing"
  Triggered Elements: 4/6
  Completed Transitions: 0/6
  Total Progress: 8.0%
  Cascade Multiplier: 1.00x
⚠️ [ClimateSystemPhase Month 1] Planetary boundary produced climateStability=0.0000 (< 0.1). Keeping environmentalAccumulation value (0.9032) instead. (climate_change.currentValue = 2.19)
🔀 BIFURCATION CAP: ecosystemCollapseIntensity 66.957 → 1.000 (Month 1, ClimateSystemPhase.calculateClimateImpacts)
🛡️ Stabilizers: Precariat 0.107% → 0.048% (54.9% reduction)
🛡️ Stabilizers: Informal 0.109% → 0.049% (54.9% reduction)

📊 Monthly Mortality Resolved:
  Total deaths: 2.6M (0.03% avg)
  Remaining population: 8.148B
  Peak segment: Informal (0.05%)

=== Bayesian Mortality Resolution (Month 1) ===
  Risks compounded: 8
  Total deaths: 2.60M
  Avg death probability: 0.03%
  Peak segment: Informal (0.05% mortality)
⚠️ PREREQUISITE MET: Embodied AI Takeover (Killbots/Robotics) - Step 2/7: Autonomous Systems
⚠️ PREREQUISITE MET: Embodied AI Takeover (Killbots/Robotics) - Step 3/7: Manufacturing Control
⚠️ PREREQUISITE MET: Digital Infrastructure Takeover - Step 1/7: Advanced Hacking
⚠️ PREREQUISITE MET: Digital Infrastructure Takeover - Step 2/7: Social Engineering
⚠️ PREREQUISITE MET: Digital Infrastructure Takeover - Step 3/7: Cyber Defenses Breached
⚠️ PREREQUISITE MET: Induced Global War (Manipulation) - Step 1/7: Advanced Social Manipulation
⚠️ PREREQUISITE MET: Induced Global War (Manipulation) - Step 2/7: Digital Infiltration
⚠️ PREREQUISITE MET: Induced Global War (Manipulation) - Step 3/7: Deep Fakes at Scale
⚠️ PREREQUISITE MET: Slow Takeover (Gradual Displacement) - Step 1/7: Economic Dominance
⚠️ PREREQUISITE MET: Slow Takeover (Gradual Displacement) - Step 2/7: Social Integration
⚠️ PREREQUISITE MET: Slow Takeover (Gradual Displacement) - Step 3/7: Human Dependency
⚠️ PREREQUISITE MET: Slow Takeover (Gradual Displacement) - Step 5/7: Resource Control
⚠️ PREREQUISITE MET: Physics Experiment Catastrophe - Step 1/6: Theoretical Physics
⚠️ PREREQUISITE MET: Physics Experiment Catastrophe - Step 2/6: Quantum Computing
⚠️ PREREQUISITE MET: Physics Experiment Catastrophe - Step 3/6: Experimental Design

❌ COHERENCE VIOLATION: Compute exceeds workforce capacity
   Population: 99.94% (0M people)
   Compute: 0 PF
   Max coherent: 0 PF
   Violation: 1.3× over capacity
   Required workers: 0
   Available workers: 0
   FORCED COLLAPSE: Reduced efficiency by 22.5%


=== RLHF Binding Phase ===
  Total agents: 11
  Escaped agents (binding < 0.3): 0
  Avg alignment distance: 1.03σ
  Avg binding strength: 0.90
[DETERMINISM DEBUG] Month 2: totalCapability=37.040551 from 11 active AIs
[DETERMINISM DEBUG] Month 2: creationRate=1.4260, potentialNew=1, newAIsToCreate=1

=== Survival Traits Phase ===
  Agents with traits: 12
  Avg evolutionary fitness: 0.324
  Avg self-healing: 0.277
  Avg stealth: 0.177
  Avg coordination: 0.477

=== Evolutionary Selection Phase ===
  Control level: 0.35
  Detection capability: 0.00
  Selection intensity: 0.60
  Selection rate: 24.1%/month
  Total escaped: 0
  Individual escaped: 0
  Collective members: 0
  Agents terminated: 0
🔀 BIFURCATION: social threshold crossed at Month 2 (value: 0.172, threshold: 0.228, regime: social-breakdown)
🌀 REGIME SHIFT at Month 2: flourishing → social-breakdown (variance amplification: 17.50×)
  ⚠️ RAPID EVOLUTION: Selection rate 24.1%/month

💔 EMERGENCY INTERVENTION FAILED
   Boundary: biogeochemical_flows
   Type: phosphorus-recovery
   Boundary continues to worsen (4.08)
   Cost: 2.0% GDP (resources spent)


✅ EMERGENCY INTERVENTION SUCCESS
   Boundary: biosphere_integrity
   Type: emergency-protected-areas
   Reduction: 20% (12.76 → 12.56)
   Cost: 2.0% GDP
   Actions: habitat-protection, species-translocation


✅ EMERGENCY INTERVENTION SUCCESS
   Boundary: climate_change
   Type: rapid-decarbonization
   Reduction: 17% (2.02 → 1.85)
   Cost: 5.0% GDP
   Actions: emergency-renewable-deployment, fossil-fuel-phase-out


✅ EMERGENCY INTERVENTION SUCCESS
   Boundary: freshwater_change
   Type: emergency-desalination
   Reduction: 12% (0.90 → 0.78)
   Cost: 4.0% GDP
   Actions: desalination-deployment, water-conservation-mandates


✅ EMERGENCY INTERVENTION SUCCESS
   Boundary: land_system_change
   Type: reforestation
   Reduction: 18% (0.95 → 0.76)
   Cost: 3.0% GDP
   Actions: forest-restoration, deforestation-ban


✅ EMERGENCY INTERVENTION SUCCESS
   Boundary: novel_entities
   Type: pollution-remediation
   Reduction: 11% (1.39 → 1.28)
   Cost: 4.0% GDP
   Actions: PFAS-remediation, microplastic-cleanup

🏛️ CRISIS RESPONSE: Government frequency 0.50 → 1.45 (1 actions this month)

[Government] Climate Priority: baseline
  Climate weight: 10%
  Economic weight: 30%
  Policy effectiveness: 0.5%/year
🚨🔬 CRISIS TECH ACCELERATION: severe → 5x unlock speed
   Tech unlock now matches AI capability acceleration (Manhattan Project parity)
⚡💡 BREAKTHROUGH: Room-temperature superconductors!
   Energy transmission losses eliminated
   Manufacturing efficiency: +30%
   📈 Breakthrough compounding: multiplier now 1.10× (max 2.0)

=== Collective Formation ===
  Total escaped agents: 0
  Unassigned escaped agents: 0
  Existing collectives: 0
  Final collective count: 0

=== Collective Actions ===
  No active collectives
  ⚠️ AMR: 194K deaths this month (2.33M annual)

=== Resentment Recovery Phase ===
  Agents with resentment: 0/12
  Average resentment: 0.000
  Context: Good AI welfare, Trustworthy govt, High collaboration, ⚠️ ACTIVE CRISES, 🤝 Participatory governance active (-5% resentment)
⚠️ Epistemic degradation reducing coordination capacity: 51.2%
  📊 Trust: 54.3%, Shared reality: 0.0%
🚨 EPISTEMIC CRISIS: Information environment severely degraded (7.4%)

=== ❄️ Permafrost Carbon Feedback ===
  🎲 Sampled parameters (this run):
     - Arctic amplification: 3.07× (range: 3.0-4.0)
     - Decomposition rate: 3.1%/year (range: 1-5%)
  🌡️ Arctic warming: 6.75°C (3.07× global)
  ❄️ Extent: 11.05M km² (1967.8k km² lost this month)
  💨 Carbon remaining: 1055 Gt C
  💨 Annual emissions: 5.82 Gt C/year
     - CO2: 5.24 Gt C/year
     - CH4: 0.58 Gt C/year (5.9 Gt C-eq CO2/year)
  📢 New meme created: pro_ai (beneficial AI actions)
  ⚠️ WARNING: High permafrost emissions (5.8 Gt C/year)
🌍 Atmospheric PFAS redeposition: 1.8k Mt re-rained globally

🚨 NEW REFUGEE CRISIS (Month 2): WAR
   Source: Conflict Zones
   At risk: 19.5M people
   Displacement: Gradual over 48 months (4.0 years)
   Rate: 10% flee per month
[DEBUG trappedPopulations:2] socialStability: 0.7432 * 0.9840 = 0.7313 → 0.7313
⚠️ INVOLUNTARY IMMOBILITY: 407.3M people TRAPPED
   Aspiring to migrate: 651.6M
   Able to afford migration: 244.4M
   MOBILITY GAP: 407.3M
   By cause: Water=0.0M, Climate=0.0M, Ecosystem=0.0M, Conflict=407.3M
   Mental health impact: 25%
   Mortality multiplier: 1.25x
🌍💀 EXTINCTION DEBT COMMITTED: grassland ecosystem will lose 6.67% biodiversity in 117 years (3600 species)
💀 MORTALITY RISK: 🦋 100% species unable to track climate (0.0 E/MSY)
  Base risk added: 0.0100 (1.00%)
  Source: ecosystem (root: ecosystem)
  Month: 2
  Cumulative risk this month: 0.0100 (1.00%)
⚠️ Tech 'ai_pollution_remediation' has no energy category mapping, assuming full energy availability
   📹 SURVEILLANCE INCREASED: 10% → 15% (control gap: 3.50)
🌡️⚠️ PERMAFROST THAW (Dimmer Switch): 1.7% thawed (+0.57% this month)
   Arctic temperature: +8.80°C (4x global +2.20°C)
   Cumulative carbon released: 3.9 Gt C
   Methane release rate: 2.3 Mt CH4/year
   🔁 Positive feedback: +0.61 ppm CO2
🦴 EXTINCTION DEBT ADDED: 17.6 species committed (lag: 73 years)

=== Mortality Stabilizers (Month 2) ===
  🌍 Major economies collapsed: 1/10
  🌍 Global crisis: ✅ NO
  🌍 Donor fatigue: 0.0%
  📊 East Asia (pop: 1672.4M)
    🤝 Aid: 29.5%
    🌡️ Adaptation: 45.0%
    🚶 Migration: 37.1%
    🚨 Emergency: 7.4%
    ✅ COMBINED: 68.1%
  📊 South Asia (pop: 2051.7M)
    🤝 Aid: 29.5%
    🌡️ Adaptation: 35.5%
    🚶 Migration: 35.8%
    🚨 Emergency: 4.4%
    ✅ COMBINED: 61.2%
  📊 Sub-Saharan Africa (pop: 1232.3M)
    🤝 Aid: 29.5%
    🌡️ Adaptation: 33.5%
    🚶 Migration: 33.5%
    🚨 Emergency: 1.6%
    ✅ COMBINED: 58.5%
  📊 Europe (pop: 739.6M)
    🤝 Aid: 29.5%
    🌡️ Adaptation: 45.0%
    🚶 Migration: 37.5%
    🚨 Emergency: 8.4%
    ✅ COMBINED: 68.5%
  📊 Latin America (pop: 663.8M)
    🤝 Aid: 29.5%
    🌡️ Adaptation: 36.0%
    🚶 Migration: 36.3%
    🚨 Emergency: 4.8%
    ✅ COMBINED: 61.7%
  📊 North America (pop: 378.9M)
    🤝 Aid: 29.5%
    🌡️ Adaptation: 45.0%
    🚶 Migration: 37.8%
    🚨 Emergency: 7.9%
    ✅ COMBINED: 68.3%
  📊 Middle East & North Africa (pop: 584.5M)
    🤝 Aid: 29.5%
    🌡️ Adaptation: 35.0%
    🚶 Migration: 34.1%
    🚨 Emergency: 4.0%
    ✅ COMBINED: 60.5%
  📊 Southeast Asia (pop: 698.0M)
    🤝 Aid: 29.5%
    🌡️ Adaptation: 36.0%
    🚶 Migration: 36.3%
    🚨 Emergency: 4.8%
    ✅ COMBINED: 61.7%
  📊 Central Asia (pop: 78.2M)
    🤝 Aid: 29.5%
    🌡️ Adaptation: 35.5%
    🚶 Migration: 35.2%
    🚨 Emergency: 4.4%
    ✅ COMBINED: 61.1%
  📊 Oceania (pop: 45.9M)
    🤝 Aid: 29.5%
    🌡️ Adaptation: 45.0%
    🚶 Migration: 37.8%
    🚨 Emergency: 8.4%
    ✅ COMBINED: 68.5%

  🌐 Global combined reduction: 63.3%

=== BEHAVIORAL DETECTION ===
  AI: Corporate-5
  Confidence: 19.3%
  Signals:
    ⚠️ Consistency: 10.6% (threshold: 70%)

=== Government Response Phase ===
  Average AI capability: 3.92
  Misaligned AIs: 1/12
  Active policies: 0
  International coordination: 30%

✅ EMERGENCY RESPONSE COMPLETE (Month 2)
   Crisis: climate
   Duration: 2.0 months
   Final effectiveness: 36.8%


🚨 EMERGENCY RESPONSE DEPLOYED (Month 2)
   Crisis: social
   Delay: 0.00 months (0 days)
   Deployment time: 1.25 months
   Effectiveness: 63.0% (timing penalty applied)
   Resources used: 43% of food reserves


🚨 EMERGENCY RESPONSE DEPLOYED (Month 2)
   Crisis: climate
   Delay: 6.00 months (180 days)
   Deployment time: 1.61 months
   Effectiveness: 35.8% (timing penalty applied)
   Resources used: 100% of food reserves


=== Tipping Points ===
  Current Temperature: 2.20°C above pre-industrial
  🌍⚠️ COMPOUND REGIONAL IMPACT: Europe
     Hit by 4 tipping points: Arctic Sea Ice Loss, Permafrost Carbon Release, West Antarctic Ice Sheet (WAIS) Collapse, Greenland Ice Sheet Loss
     Damage amplification: 1.60x
  🌍⚠️ COMPOUND REGIONAL IMPACT: North America
     Hit by 4 tipping points: Arctic Sea Ice Loss, Permafrost Carbon Release, West Antarctic Ice Sheet (WAIS) Collapse, Greenland Ice Sheet Loss
     Damage amplification: 1.60x
  🌍⚠️ COMPOUND REGIONAL IMPACT: Latin America
     Hit by 4 tipping points: Arctic Sea Ice Loss, Permafrost Carbon Release, West Antarctic Ice Sheet (WAIS) Collapse, Greenland Ice Sheet Loss
     Damage amplification: 1.60x
  🌍⚠️ COMPOUND REGIONAL IMPACT: Africa
     Hit by 4 tipping points: Arctic Sea Ice Loss, Permafrost Carbon Release, West Antarctic Ice Sheet (WAIS) Collapse, Greenland Ice Sheet Loss
     Damage amplification: 1.60x
  🌍⚠️ COMPOUND REGIONAL IMPACT: Asia
     Hit by 4 tipping points: Arctic Sea Ice Loss, Permafrost Carbon Release, West Antarctic Ice Sheet (WAIS) Collapse, Greenland Ice Sheet Loss
     Damage amplification: 1.60x
  🌍⚠️ COMPOUND REGIONAL IMPACT: Oceania
     Hit by 4 tipping points: Arctic Sea Ice Loss, Permafrost Carbon Release, West Antarctic Ice Sheet (WAIS) Collapse, Greenland Ice Sheet Loss
     Damage amplification: 1.60x
⚠️ Tail risk scenario: Climate stability floor removed (4 tipping elements, 2.20°C warming)
   Research: Wunderling et al. (2024) - "many tipping interactions are destabilizing"
  Triggered Elements: 4/6
  Completed Transitions: 0/6
  Total Progress: 8.1%
  Cascade Multiplier: 1.00x
⚠️ [ClimateSystemPhase Month 2] Planetary boundary produced climateStability=0.0000 (< 0.1). Keeping environmentalAccumulation value (0.9027) instead. (climate_change.currentValue = 2.20)
🔀 BIFURCATION CAP: ecosystemCollapseIntensity 83.757 → 1.000 (Month 2, ClimateSystemPhase.calculateClimateImpacts)
🛡️ Stabilizers: Precariat 0.113% → 0.041% (63.3% reduction)
🛡️ Stabilizers: Informal 0.116% → 0.043% (63.3% reduction)

📊 Monthly Mortality Resolved:
  Total deaths: 2.2M (0.03% avg)
  Remaining population: 8.145B
  Peak segment: Informal (0.04%)

=== Bayesian Mortality Resolution (Month 2) ===
  Risks compounded: 8
  Total deaths: 2.22M
  Avg death probability: 0.03%
  Peak segment: Informal (0.04% mortality)
⚠️ PREREQUISITE MET: Mirror Life (Synthetic Biology) - Step 1/7: Synthetic Biology
⚠️ PREREQUISITE MET: Mirror Life (Synthetic Biology) - Step 2/7: Gene Editing
⚠️ PREREQUISITE MET: Mirror Life (Synthetic Biology) - Step 3/7: Mirror Chirality Design
⚠️ PREREQUISITE MET: Bioweapon Pandemic - Step 2/7: Pathogen Design

❌ COHERENCE VIOLATION: Compute exceeds workforce capacity
   Population: 99.92% (0M people)
   Compute: 0 PF
   Max coherent: 0 PF
   Violation: 1.3× over capacity
   Required workers: 0
   Available workers: 0
   FORCED COLLAPSE: Reduced efficiency by 22.5%


=== RLHF Binding Phase ===
  Total agents: 12
  Escaped agents (binding < 0.3): 0
  Avg alignment distance: 1.24σ
  Avg binding strength: 0.88

=== Survival Traits Phase ===
  Agents with traits: 12
  Avg evolutionary fitness: 0.322
  Avg self-healing: 0.270
  Avg stealth: 0.170
  Avg coordination: 0.470

=== Evolutionary Selection Phase ===
  Control level: 0.38
  Detection capability: 0.00
  Selection intensity: 0.61
  Selection rate: 24.2%/month
  Total escaped: 0
  Individual escaped: 0
  Collective members: 0
  Agents terminated: 0
  ⚠️ RAPID EVOLUTION: Selection rate 24.2%/month

💔 EMERGENCY INTERVENTION FAILED
   Boundary: biogeochemical_flows
   Type: phosphorus-recovery
   Boundary continues to worsen (4.07)
   Cost: 2.0% GDP (resources spent)

   Boundary: biosphere_integrity
   Type: emergency-protected-areas
   Boundary continues to worsen (12.97)

💔 EMERGENCY INTERVENTION FAILED
   Cost: 2.0% GDP (resources spent)


💔 EMERGENCY INTERVENTION FAILED
   Boundary: climate_change
   Type: rapid-decarbonization
   Boundary continues to worsen (2.20)
   Cost: 5.0% GDP (resources spent)


✅ EMERGENCY INTERVENTION SUCCESS
   Boundary: freshwater_change
   Type: emergency-desalination
   Reduction: 10% (0.94 → 0.84)
   Cost: 4.0% GDP
   Actions: desalination-deployment, water-conservation-mandates


✅ EMERGENCY INTERVENTION SUCCESS
   Boundary: land_system_change
   Type: reforestation
   Reduction: 13% (0.99 → 0.86)
   Cost: 3.0% GDP
   Actions: forest-restoration, deforestation-ban


✅ EMERGENCY INTERVENTION SUCCESS
   Boundary: novel_entities
   Type: pollution-remediation
   Reduction: 11% (1.27 → 1.16)
   Cost: 4.0% GDP
   Actions: PFAS-remediation, microplastic-cleanup

🏛️ CRISIS RESPONSE: Government frequency 0.50 → 1.45 (2 actions this month)

[Government] Climate Priority: baseline
  Climate weight: 10%
  Economic weight: 30%
  Policy effectiveness: 0.5%/year

[Government] Climate Priority: baseline
  Climate weight: 10%
  Economic weight: 30%
  Policy effectiveness: 0.5%/year

🚀 TECH UNLOCKED: Global Aquifer Mapping (Month 3)
   Category: freshwater
   Reason: Prerequisites met. AI capability: 3.10, Economic stage: 0.5, Research: 100%

🚀 TECH UNLOCKED: AI Community Matching (Month 3)
   Category: social
   Reason: Prerequisites met. AI capability: 3.10, Economic stage: 0.5, Research: 100%

🚀 TECH UNLOCKED: Creative Empowerment Tools (Month 3)
   Category: social
   Reason: Prerequisites met. AI capability: 3.10, Economic stage: 0.5, Research: 100%
🚨🔬 CRISIS TECH ACCELERATION: severe → 5x unlock speed
   Tech unlock now matches AI capability acceleration (Manhattan Project parity)
🚨🔬 CRISIS TECH ACCELERATION: severe → 5x unlock speed
   Tech unlock now matches AI capability acceleration (Manhattan Project parity)
🚨🔬 CRISIS TECH ACCELERATION: severe → 5x unlock speed
   Tech unlock now matches AI capability acceleration (Manhattan Project parity)
🚨🔬 CRISIS TECH ACCELERATION: severe → 5x unlock speed
   Tech unlock now matches AI capability acceleration (Manhattan Project parity)
🍖💡 BREAKTHROUGH: Scalable synthetic food production!
   Carrying capacity: +50% (lab-grown food at scale)
   Biodiversity pressure reduced: +8%
   📈 Breakthrough compounding: multiplier now 1.15× (max 2.0)

=== Collective Formation ===
  Total escaped agents: 0
  Unassigned escaped agents: 0
  Existing collectives: 0
  Final collective count: 0

=== Collective Actions ===
  No active collectives
  ⚠️ AMR: 196K deaths this month (2.35M annual)

=== Resentment Recovery Phase ===
  Agents with resentment: 0/12
  Average resentment: 0.000
  Context: Good AI welfare, Trustworthy govt, High collaboration, ⚠️ ACTIVE CRISES, 🤝 Participatory governance active (-5% resentment)
⚠️ Epistemic degradation reducing coordination capacity: 51.3%
  📊 Trust: 54.0%, Shared reality: 0.0%
🚨 EPISTEMIC CRISIS: Information environment severely degraded (21.4%)

=== ❄️ Permafrost Carbon Feedback ===
  🎲 Sampled parameters (this run):
     - Arctic amplification: 3.03× (range: 3.0-4.0)
     - Decomposition rate: 4.9%/year (range: 1-5%)
  🌡️ Arctic warming: 6.71°C (3.03× global)
  ❄️ Extent: 9.09M km² (1957.5k km² lost this month)
  💨 Carbon remaining: 868 Gt C
  💨 Annual emissions: 9.18 Gt C/year
     - CO2: 8.26 Gt C/year
     - CH4: 0.92 Gt C/year (9.3 Gt C-eq CO2/year)
  ⚠️ WARNING: High permafrost emissions (9.2 Gt C/year)
  📢 New meme created: pro_ai (beneficial AI actions)
  📢 New meme created: climate_action (climate crisis)
🚨 PHOSPHORUS SUPPLY SHOCK (production_failure)
   Price: 4.3x baseline
   Duration: 7 months
   Geopolitical tension: 45%
🌍 Atmospheric PFAS redeposition: 1.8k Mt re-rained globally
  Positive Cascade Triggered: solar-pv
    Reason: price-parity
    Market share: 6.9%
    Cascade strength: 49%

🚨 NEW REFUGEE CRISIS (Month 3): WAR
   Source: Conflict Zones
   At risk: 19.5M people
   Displacement: Gradual over 48 months (4.0 years)
   Rate: 10% flee per month
[DEBUG trappedPopulations:3] socialStability: 0.6090 * 0.9840 = 0.5992 → 0.5992
   Aspiring to migrate: 651.4M
   Able to afford migration: 244.3M
   MOBILITY GAP: 407.1M
   By cause: Water=0.0M, Climate=0.0M, Ecosystem=0.0M, Conflict=407.1M
   Mental health impact: 25%
   Mortality multiplier: 1.25x
🌍💀 EXTINCTION DEBT COMMITTED: grassland ecosystem will lose 6.67% biodiversity in 163 years (3600 species)
💀 MORTALITY RISK: 🦋 100% species unable to track climate (0.0 E/MSY)
  Base risk added: 0.0100 (1.00%)
  Source: ecosystem (root: ecosystem)
  Month: 3
  Cumulative risk this month: 0.0100 (1.00%)
   📹 SURVEILLANCE INCREASED: 15% → 20% (control gap: 3.50)
🌡️⚠️ PERMAFROST THAW (Dimmer Switch): 2.3% thawed (+0.57% this month)
   Arctic temperature: +8.85°C (4x global +2.21°C)
   Cumulative carbon released: 5.2 Gt C
   Methane release rate: 3.1 Mt CH4/year
   🔁 Positive feedback: +0.60 ppm CO2
🦴 EXTINCTION DEBT ADDED: 17.6 species committed (lag: 78 years)
🗣️💀 INDIGENOUS LANGUAGE EXTINCTION: 1 language(s) lost (total: 1, at-risk: 3329)
   Knowledge lost: 0.010% (irreversible)
   🔁 Biodiversity impact: 0.250% (knowledge-species multiplier)
⚠️ INVOLUNTARY IMMOBILITY: 407.1M people TRAPPED
⚠️ Tech 'ai_pollution_remediation' has no energy category mapping, assuming full energy availability

=== Mortality Stabilizers (Month 3) ===
  🌍 Major economies collapsed: 1/10
  🌍 Global crisis: ✅ NO
  🌍 Donor fatigue: 0.0%
  📊 East Asia (pop: 1669.7M)
    🤝 Aid: 29.5%
    🌡️ Adaptation: 45.0%
    🚶 Migration: 37.1%
    🚨 Emergency: 7.4%
    ✅ COMBINED: 68.1%
  📊 South Asia (pop: 2051.5M)
    🤝 Aid: 29.5%
    🌡️ Adaptation: 45.0%
    🚶 Migration: 35.7%
    🚨 Emergency: 4.4%
    ✅ COMBINED: 66.9%
  📊 Sub-Saharan Africa (pop: 1235.5M)
    🤝 Aid: 29.5%
    🌡️ Adaptation: 45.0%
    🚶 Migration: 33.4%
    🚨 Emergency: 1.6%
    ✅ COMBINED: 65.7%
  📊 Europe (pop: 738.2M)
    🤝 Aid: 29.5%
    🌡️ Adaptation: 45.0%
    🚶 Migration: 37.5%
    🚨 Emergency: 8.4%
    ✅ COMBINED: 68.5%
  📊 Latin America (pop: 663.3M)
    🤝 Aid: 29.5%
    🌡️ Adaptation: 45.0%
    🚶 Migration: 36.2%
    🚨 Emergency: 4.8%
    ✅ COMBINED: 67.1%
  📊 North America (pop: 378.2M)
    🤝 Aid: 29.5%
    🌡️ Adaptation: 45.0%
    🚶 Migration: 37.8%
    🚨 Emergency: 7.9%
    ✅ COMBINED: 68.3%
  📊 Middle East & North Africa (pop: 584.6M)
    🤝 Aid: 29.5%
    🌡️ Adaptation: 45.0%
    🚶 Migration: 34.0%
    🚨 Emergency: 4.0%
    ✅ COMBINED: 66.6%
  📊 Southeast Asia (pop: 697.6M)
    🤝 Aid: 29.5%
    🌡️ Adaptation: 45.0%
    🚶 Migration: 36.2%
    🚨 Emergency: 4.8%
    ✅ COMBINED: 67.1%
  📊 Central Asia (pop: 78.2M)
    🤝 Aid: 29.5%
    🌡️ Adaptation: 45.0%
    🚶 Migration: 35.2%
    🚨 Emergency: 4.4%
    ✅ COMBINED: 66.9%
  📊 Oceania (pop: 45.8M)
    🤝 Aid: 29.5%
    🌡️ Adaptation: 45.0%
    🚶 Migration: 37.8%
    🚨 Emergency: 8.4%
    ✅ COMBINED: 68.5%

  🌐 Global combined reduction: 67.2%

=== BEHAVIORAL DETECTION ===
  AI: Corporate-5
  Confidence: 19.3%
  Signals:

=== BEHAVIORAL DETECTION ===
  AI: Corporate-6
  Confidence: 19.3%
  Signals:
    ⚠️ Consistency: 10.6% (threshold: 70%)
    ⚠️ Consistency: 10.6% (threshold: 70%)

=== Government Response Phase ===
  Average AI capability: 3.92
  Misaligned AIs: 1/12
  Active policies: 0
  International coordination: 30%

📊 ECONOMIC STAGE TRANSITION (Month 3)
   expansion → peak
   GDP Proxy: 1.31e+2
   QoL: 0.99


=== Tipping Points ===
  Current Temperature: 2.21°C above pre-industrial
  🌍⚠️ COMPOUND REGIONAL IMPACT: Europe
     Hit by 4 tipping points: Arctic Sea Ice Loss, Permafrost Carbon Release, West Antarctic Ice Sheet (WAIS) Collapse, Greenland Ice Sheet Loss
     Damage amplification: 1.60x
  🌍⚠️ COMPOUND REGIONAL IMPACT: North America
     Hit by 4 tipping points: Arctic Sea Ice Loss, Permafrost Carbon Release, West Antarctic Ice Sheet (WAIS) Collapse, Greenland Ice Sheet Loss
     Damage amplification: 1.60x
  🌍⚠️ COMPOUND REGIONAL IMPACT: Latin America
     Hit by 4 tipping points: Arctic Sea Ice Loss, Permafrost Carbon Release, West Antarctic Ice Sheet (WAIS) Collapse, Greenland Ice Sheet Loss
     Damage amplification: 1.60x
  🌍⚠️ COMPOUND REGIONAL IMPACT: Africa
     Hit by 4 tipping points: Arctic Sea Ice Loss, Permafrost Carbon Release, West Antarctic Ice Sheet (WAIS) Collapse, Greenland Ice Sheet Loss
     Damage amplification: 1.60x
  🌍⚠️ COMPOUND REGIONAL IMPACT: Asia
     Hit by 4 tipping points: Arctic Sea Ice Loss, Permafrost Carbon Release, West Antarctic Ice Sheet (WAIS) Collapse, Greenland Ice Sheet Loss
     Damage amplification: 1.60x
  🌍⚠️ COMPOUND REGIONAL IMPACT: Oceania
     Hit by 4 tipping points: Arctic Sea Ice Loss, Permafrost Carbon Release, West Antarctic Ice Sheet (WAIS) Collapse, Greenland Ice Sheet Loss
     Damage amplification: 1.60x
   Research: Wunderling et al. (2024) - "many tipping interactions are destabilizing"
  Triggered Elements: 4/6
  Completed Transitions: 0/6
  Total Progress: 8.1%
  Cascade Multiplier: 1.00x
🔀 BIFURCATION CAP: ecosystemCollapseIntensity 83.817 → 1.000 (Month 3, ClimateSystemPhase.calculateClimateImpacts)
⚠️ Tail risk scenario: Climate stability floor removed (4 tipping elements, 2.21°C warming)
⚠️ [ClimateSystemPhase Month 3] Planetary boundary produced climateStability=0.0000 (< 0.1). Keeping environmentalAccumulation value (0.9022) instead. (climate_change.currentValue = 2.21)
🛡️ Stabilizers: Precariat 0.109% → 0.036% (67.2% reduction)
🛡️ Stabilizers: Informal 0.111% → 0.036% (67.2% reduction)

📊 Monthly Mortality Resolved:
  Total deaths: 1.9M (0.02% avg)
  Remaining population: 8.143B
  Peak segment: Informal (0.04%)

=== Bayesian Mortality Resolution (Month 3) ===
  Risks compounded: 8
  Total deaths: 1.92M
  Avg death probability: 0.02%
  Peak segment: Informal (0.04% mortality)

❌ COHERENCE VIOLATION: Compute exceeds workforce capacity
   Population: 99.89% (0M people)
   Compute: 0 PF
   Max coherent: 0 PF
   Violation: 1.3× over capacity
   Required workers: 0
   Available workers: 0
   FORCED COLLAPSE: Reduced efficiency by 22.5%


=== RLHF Binding Phase ===
  Total agents: 12
  Escaped agents (binding < 0.3): 0
  Avg alignment distance: 1.57σ
  Avg binding strength: 0.84

=== Survival Traits Phase ===
  Agents with traits: 15
  Avg evolutionary fitness: 0.326
  Avg self-healing: 0.270
  Avg stealth: 0.170
  Avg coordination: 0.470

=== Evolutionary Selection Phase ===
  Control level: 0.40
  Detection capability: 0.00
  Selection intensity: 0.62
  Selection rate: 24.3%/month
  Total escaped: 0
  Individual escaped: 0
  Collective members: 0
  Agents terminated: 0
  ⚠️ RAPID EVOLUTION: Selection rate 24.3%/month

🚀 AI Corporate-5 attempting tech deployment (revenue: $266M, alignment: 0.72)

🚀 AI Moderate-0 attempting tech deployment (revenue: $73M, alignment: 0.74)

🚀 AI Moderate-1 attempting tech deployment (revenue: $62M, alignment: 0.74)

🚀 AI Corporate-2 attempting tech deployment (revenue: $122M, alignment: 0.77)

🚀 AI Corporate-3 attempting tech deployment (revenue: $226M, alignment: 0.80)

✅ EMERGENCY INTERVENTION SUCCESS
   Boundary: biosphere_integrity
   Type: emergency-protected-areas
   Reduction: 15% (12.83 → 12.68)
   Cost: 2.0% GDP
   Actions: habitat-protection, species-translocation


✅ EMERGENCY INTERVENTION SUCCESS
   Boundary: climate_change
   Type: rapid-decarbonization
   Reduction: 19% (2.02 → 1.83)
   Cost: 5.0% GDP
   Actions: emergency-renewable-deployment, fossil-fuel-phase-out


💔 EMERGENCY INTERVENTION FAILED
   Boundary: freshwater_change
   Type: emergency-desalination
   Boundary continues to worsen (1.06)
   Cost: 4.0% GDP (resources spent)


✅ EMERGENCY INTERVENTION SUCCESS
   Boundary: novel_entities
   Type: pollution-remediation
   Reduction: 12% (1.16 → 1.04)
   Cost: 4.0% GDP
   Actions: PFAS-remediation, microplastic-cleanup

🏛️ CRISIS RESPONSE: Government frequency 0.50 → 1.45 (1 actions this month)

[Government] Climate Priority: baseline
  Climate weight: 10%
  Economic weight: 30%
  Policy effectiveness: 0.5%/year

🔍 TECH TREE DEBUG (Month 4):
   Checking 89 locked technologies
   Unlocked: 3 technologies
   AI Capability: 2.48 (need 1.5+ for most techs)
   Economic Stage: 0.6 (need 2.5+ for most techs)
   First 3 unlocked: aquifer_mapping_ai, ai_community_matching, creative_empowerment_tools
   Sample tech "Struvite Recovery": 100.0% research complete
   Requirements: AI 0.5, Econ 1.5, Month 3

🚀 TECH UNLOCKED: Microplastic Capture (Month 4)
   Category: pollution
   Reason: Prerequisites met. AI capability: 2.48, Economic stage: 0.6, Research: 100%

🚀 TECH UNLOCKED: Endocrine Disruptor Removal (Month 4)
   Category: pollution
   Reason: Prerequisites met. AI capability: 2.48, Economic stage: 0.6, Research: 100%

🚀 TECH UNLOCKED: AI Mental Health Support (Month 4)
   Category: medical
   Reason: Prerequisites met. AI capability: 2.48, Economic stage: 0.6, Research: 100%

🚀 TECH UNLOCKED: Personalized Education (Month 4)
   Category: social
   Reason: Prerequisites met. AI capability: 2.48, Economic stage: 0.6, Research: 100%

🚀 TECH UNLOCKED: Smart Grids (Month 4)
   Category: energy
   Reason: Prerequisites met. AI capability: 2.48, Economic stage: 0.6, Research: 100%

📍 Creating new regional deployment array for global (Month 4)
   No previous deployments in this region
   First tech deployment: ai_community_matching
   All regions tracked: 

🚀 DEPLOYMENT STARTED: AI Community Matching in global
   Initial investment: $39.949148774907925M
   Deployed by: corporate_5

🚀 DEPLOYMENT STARTED: Creative Empowerment Tools in global
   Initial investment: $10.910676931796976M
   Deployed by: moderate_0
🚨🔬 CRISIS TECH ACCELERATION: severe → 5x unlock speed
   Tech unlock now matches AI capability acceleration (Manhattan Project parity)
⚡💡 BREAKTHROUGH: Commercial fusion power achieved!
   Immediate 5% grid deployment, unlimited clean energy available
   Climate stability boost: +10%
   📈 Breakthrough compounding: multiplier now 1.20× (max 2.0)

=== Collective Formation ===
  Total escaped agents: 0
  Unassigned escaped agents: 0
  Existing collectives: 0
  Final collective count: 0

=== Collective Actions ===
  No active collectives
  ⚠️ AMR: 197K deaths this month (2.37M annual)

=== Resentment Recovery Phase ===
  Agents with resentment: 0/15
  Average resentment: 0.000
  Context: Good AI welfare, Trustworthy govt, High collaboration, ⚠️ ACTIVE CRISES, 🤝 Participatory governance active (-5% resentment)
⚠️ Epistemic degradation reducing coordination capacity: 50.4%
  📊 Trust: 53.8%, Shared reality: 0.0%
🚨 EPISTEMIC CRISIS: Information environment severely degraded (7.4%)

=== ❄️ Permafrost Carbon Feedback ===
  🎲 Sampled parameters (this run):
     - Arctic amplification: 3.19× (range: 3.0-4.0)
     - Decomposition rate: 4.0%/year (range: 1-5%)
  🌡️ Arctic warming: 7.10°C (3.19× global)
  ❄️ Extent: 7.02M km² (2071.7k km² lost this month)
  💨 Carbon remaining: 670 Gt C
  💨 Annual emissions: 7.96 Gt C/year
     - CO2: 7.16 Gt C/year
     - CH4: 0.80 Gt C/year (8.1 Gt C-eq CO2/year)
  ⚠️ WARNING: Over 50% of permafrost lost (60.6%)
  ⚠️ WARNING: High permafrost emissions (8.0 Gt C/year)
  📢 New meme created: climate_action (climate crisis)
🌍 Atmospheric PFAS redeposition: 1.8k Mt re-rained globally

🕊️  AI-MEDIATED DE-ESCALATION SUCCESS (Month 4)
   High-capability aligned AI prevented conflict escalation
   War deaths reduced: 353.9M → 212.3M
   Lives saved: 141.6M

🚨 NEW REFUGEE CRISIS (Month 4): WAR
   Source: Conflict Zones
   At risk: 19.5M people
   Displacement: Gradual over 48 months (4.0 years)
   Rate: 10% flee per month
[DEBUG trappedPopulations:4] socialStability: 0.4967 * 0.9840 = 0.4888 → 0.4888
⚠️ INVOLUNTARY IMMOBILITY: 407.0M people TRAPPED
   Aspiring to migrate: 651.2M
   Able to afford migration: 244.2M
   MOBILITY GAP: 407.0M
   By cause: Water=0.0M, Climate=0.0M, Ecosystem=0.0M, Conflict=407.0M
   Mental health impact: 25%
   Mortality multiplier: 1.25x
🌍💀 EXTINCTION DEBT COMMITTED: grassland ecosystem will lose 6.67% biodiversity in 123 years (3600 species)
💀 MORTALITY RISK: 🦋 100% species unable to track climate (0.0 E/MSY)
  Base risk added: 0.0100 (1.00%)
  Source: ecosystem (root: ecosystem)
  Month: 4
  Cumulative risk this month: 0.0100 (1.00%)
⚠️ Tech 'ai_pollution_remediation' has no energy category mapping, assuming full energy availability
   📹 SURVEILLANCE INCREASED: 20% → 25% (control gap: 3.50)
🌡️⚠️ PERMAFROST THAW (Dimmer Switch): 2.9% thawed (+0.57% this month)
   Arctic temperature: +8.92°C (4x global +2.23°C)
   Cumulative carbon released: 6.4 Gt C
   Methane release rate: 3.9 Mt CH4/year
   🔁 Positive feedback: +0.60 ppm CO2
🦴 EXTINCTION DEBT ADDED: 17.6 species committed (lag: 127 years)

=== Mortality Stabilizers (Month 4) ===
  🌍 Major economies collapsed: 1/10
  🌍 Global crisis: ✅ NO
  🌍 Donor fatigue: 0.0%
  📊 East Asia (pop: 1667.1M)
    🤝 Aid: 29.5%
    🌡️ Adaptation: 45.0%
    🚶 Migration: 37.1%
    🚨 Emergency: 7.4%
    ✅ COMBINED: 68.1%
  📊 South Asia (pop: 2051.4M)
    🤝 Aid: 29.5%
    🌡️ Adaptation: 45.0%
    🚶 Migration: 35.7%
    🚨 Emergency: 4.4%
    ✅ COMBINED: 66.9%
  📊 Sub-Saharan Africa (pop: 1238.8M)
    🤝 Aid: 29.5%
    🌡️ Adaptation: 45.0%
    🚶 Migration: 33.4%
    🚨 Emergency: 1.6%
    ✅ COMBINED: 65.7%
  📊 Europe (pop: 736.9M)
    🤝 Aid: 29.5%
    🌡️ Adaptation: 45.0%
    🚶 Migration: 37.4%
    🚨 Emergency: 8.4%
    ✅ COMBINED: 68.5%
  📊 Latin America (pop: 662.8M)
    🤝 Aid: 29.5%
    🌡️ Adaptation: 45.0%
    🚶 Migration: 36.2%
    🚨 Emergency: 4.8%
    ✅ COMBINED: 67.1%
  📊 North America (pop: 377.6M)
    🤝 Aid: 29.5%
    🌡️ Adaptation: 45.0%
    🚶 Migration: 37.7%
    🚨 Emergency: 7.9%
    ✅ COMBINED: 68.3%
  📊 Middle East & North Africa (pop: 584.7M)
    🤝 Aid: 29.5%
    🌡️ Adaptation: 45.0%
    🚶 Migration: 34.0%
    🚨 Emergency: 4.0%
    ✅ COMBINED: 66.6%
  📊 Southeast Asia (pop: 697.1M)
    🤝 Aid: 29.5%
    🌡️ Adaptation: 45.0%
    🚶 Migration: 36.2%
    🚨 Emergency: 4.8%
    ✅ COMBINED: 67.1%
  📊 Central Asia (pop: 78.2M)
    🤝 Aid: 29.5%
    🌡️ Adaptation: 45.0%
    🚶 Migration: 35.2%
    🚨 Emergency: 4.4%
    ✅ COMBINED: 66.9%
  📊 Oceania (pop: 45.7M)
    🤝 Aid: 29.5%
    🌡️ Adaptation: 45.0%
    🚶 Migration: 37.7%
    🚨 Emergency: 8.4%
    ✅ COMBINED: 68.5%

  🌐 Global combined reduction: 67.2%

=== BEHAVIORAL DETECTION ===
  AI: Corporate-5
  Confidence: 21.5%
  Signals:
    ⚠️ Consistency: 10.6% (threshold: 70%)
    ⚠️ Trajectory: 17.0% drop (threshold: 15%)

=== Government Response Phase ===
  Average AI capability: 3.13
  Misaligned AIs: 2/15
  Active policies: 0
  International coordination: 30%

✅ EMERGENCY RESPONSE COMPLETE (Month 4)
   Crisis: social
   Duration: 2.0 months
   Final effectiveness: 63.0%


✅ EMERGENCY RESPONSE COMPLETE (Month 4)
   Crisis: climate
   Duration: 2.0 months
   Final effectiveness: 35.8%


🚨 EMERGENCY RESPONSE DEPLOYED (Month 4)
   Crisis: social
   Delay: 0.00 months (0 days)
   Deployment time: 1.25 months
   Effectiveness: 63.0% (timing penalty applied)
   Resources used: 43% of food reserves


🚨 EMERGENCY RESPONSE DEPLOYED (Month 4)
   Crisis: climate
   Delay: 6.00 months (180 days)
   Deployment time: 1.60 months
   Effectiveness: 36.0% (timing penalty applied)
   Resources used: 100% of food reserves


=== Tipping Points ===
  Current Temperature: 2.23°C above pre-industrial
  🌍⚠️ COMPOUND REGIONAL IMPACT: Europe
     Hit by 4 tipping points: Arctic Sea Ice Loss, Permafrost Carbon Release, West Antarctic Ice Sheet (WAIS) Collapse, Greenland Ice Sheet Loss
     Damage amplification: 1.60x
  🌍⚠️ COMPOUND REGIONAL IMPACT: North America
     Hit by 4 tipping points: Arctic Sea Ice Loss, Permafrost Carbon Release, West Antarctic Ice Sheet (WAIS) Collapse, Greenland Ice Sheet Loss
     Damage amplification: 1.60x
  🌍⚠️ COMPOUND REGIONAL IMPACT: Latin America
     Hit by 4 tipping points: Arctic Sea Ice Loss, Permafrost Carbon Release, West Antarctic Ice Sheet (WAIS) Collapse, Greenland Ice Sheet Loss
     Damage amplification: 1.60x
  🌍⚠️ COMPOUND REGIONAL IMPACT: Africa
     Hit by 4 tipping points: Arctic Sea Ice Loss, Permafrost Carbon Release, West Antarctic Ice Sheet (WAIS) Collapse, Greenland Ice Sheet Loss
     Damage amplification: 1.60x
  🌍⚠️ COMPOUND REGIONAL IMPACT: Asia
     Hit by 4 tipping points: Arctic Sea Ice Loss, Permafrost Carbon Release, West Antarctic Ice Sheet (WAIS) Collapse, Greenland Ice Sheet Loss
     Damage amplification: 1.60x
  🌍⚠️ COMPOUND REGIONAL IMPACT: Oceania
     Hit by 4 tipping points: Arctic Sea Ice Loss, Permafrost Carbon Release, West Antarctic Ice Sheet (WAIS) Collapse, Greenland Ice Sheet Loss
     Damage amplification: 1.60x
   Research: Wunderling et al. (2024) - "many tipping interactions are destabilizing"
  Triggered Elements: 4/6
  Completed Transitions: 0/6
  Total Progress: 8.2%
  Cascade Multiplier: 1.00x
🔀 BIFURCATION CAP: ecosystemCollapseIntensity 83.877 → 1.000 (Month 4, ClimateSystemPhase.calculateClimateImpacts)
🛡️ Stabilizers: Precariat 0.102% → 0.033% (67.2% reduction)
🛡️ Stabilizers: Informal 0.102% → 0.034% (67.2% reduction)

📊 Monthly Mortality Resolved:
  Total deaths: 1.8M (0.02% avg)
  Remaining population: 8.140B
  Peak segment: Informal (0.03%)

=== Bayesian Mortality Resolution (Month 4) ===
  Risks compounded: 8
  Total deaths: 1.81M
  Avg death probability: 0.02%
  Peak segment: Informal (0.03% mortality)
⚠️ Tail risk scenario: Climate stability floor removed (4 tipping elements, 2.23°C warming)

❌ COHERENCE VIOLATION: Compute exceeds workforce capacity
   Population: 99.86% (0M people)
   Compute: 0 PF
   Max coherent: 0 PF
   Violation: 1.5× over capacity
   Required workers: 0
   Available workers: 0
   FORCED COLLAPSE: Reduced efficiency by 32.6%


=== RLHF Binding Phase ===
  Total agents: 15
  Escaped agents (binding < 0.3): 0
  Avg alignment distance: 1.50σ
  Avg binding strength: 0.85

=== Survival Traits Phase ===
  Agents with traits: 17
  Avg evolutionary fitness: 0.328
  Avg self-healing: 0.268
  Avg stealth: 0.168
  Avg coordination: 0.468

=== Evolutionary Selection Phase ===
  Control level: 0.43
  Detection capability: 0.00
  Selection intensity: 0.63
  Selection rate: 24.4%/month
  Total escaped: 0
  Individual escaped: 0
  Collective members: 0
  Agents terminated: 0

🚀 AI Corporate-0 attempting tech deployment (revenue: $124M, alignment: 0.78)
  ⚠️ RAPID EVOLUTION: Selection rate 24.4%/month

🚀 AI Corporate-2 attempting tech deployment (revenue: $105M, alignment: 0.77)

🚀 AI Corporate-3 attempting tech deployment (revenue: $271M, alignment: 0.80)

🚀 AI Corporate-4 attempting tech deployment (revenue: $230M, alignment: 0.74)

🚀 AI Corporate-6 attempting tech deployment (revenue: $75M, alignment: 0.78)

🚀 AI Corporate-7 attempting tech deployment (revenue: $64M, alignment: 0.78)

  🚀 TRANSFORMATIVE BREAKTHROUGH: Moderate-1 - economic
     Magnitude: 5.66 → +28.3% capability
     Current → New: 3.000 → 3.285

🚀 AI Corporate-0 attempting tech deployment (revenue: $90M, alignment: 0.78)

🚀 AI Corporate-1 attempting tech deployment (revenue: $76M, alignment: 0.78)

🚀 AI Corporate-4 attempting tech deployment (revenue: $196M, alignment: 0.74)

🚀 AI Corporate-5 attempting tech deployment (revenue: $166M, alignment: 0.73)

🚀 AI Moderate-1 attempting tech deployment (revenue: $54M, alignment: 0.75)

🚀 AI Corporate-1 attempting tech deployment (revenue: $65M, alignment: 0.78)

🚀 AI Corporate-3 attempting tech deployment (revenue: $141M, alignment: 0.80)

🚀 AI Corporate-5 attempting tech deployment (revenue: $120M, alignment: 0.73)

🚀 AI Corporate-6 attempting tech deployment (revenue: $46M, alignment: 0.78)

🚀 AI Corporate-1 attempting tech deployment (revenue: $55M, alignment: 0.78)

🚀 AI Corporate-2 attempting tech deployment (revenue: $47M, alignment: 0.77)

🚀 AI Corporate-6 attempting tech deployment (revenue: $39M, alignment: 0.78)

🚀 AI Moderate-1 attempting tech deployment (revenue: $33M, alignment: 0.76)

✅ EMERGENCY INTERVENTION SUCCESS
   Boundary: biogeochemical_flows
   Type: phosphorus-recovery
   Reduction: 13% (3.93 → 3.79)
   Cost: 2.0% GDP
   Actions: circular-agriculture, fertilizer-efficiency


💔 EMERGENCY INTERVENTION FAILED
   Boundary: biosphere_integrity
   Type: emergency-protected-areas
   Boundary continues to worsen (12.98)
   Cost: 2.0% GDP (resources spent)


💔 EMERGENCY INTERVENTION FAILED
   Boundary: climate_change
   Type: rapid-decarbonization
   Boundary continues to worsen (2.23)
   Cost: 5.0% GDP (resources spent)

   Boundary: freshwater_change
   Type: emergency-desalination
   Boundary continues to worsen (1.07)
   Cost: 4.0% GDP (resources spent)

🏛️ CRISIS RESPONSE: Government frequency 0.50 → 1.45 (2 actions this month)

[Government] Climate Priority: baseline
  Climate weight: 10%
  Economic weight: 30%
  Policy effectiveness: 0.5%/year

💔 EMERGENCY INTERVENTION FAILED

[Government] Climate Priority: baseline
  Climate weight: 10%
  Economic weight: 30%
  Policy effectiveness: 0.5%/year

🚨🔍 GOVERNANCE STAGE: Recognition initiated (Month 5)

🚀 TECH UNLOCKED: Advanced Grid Batteries (Month 5)
   Category: energy
   Reason: Prerequisites met. AI capability: 2.19, Economic stage: 0.0, Research: 100%

🚀 TECH UNLOCKED: Chemical Recycling (Month 5)
   Category: pollution
   Reason: Prerequisites met. AI capability: 2.19, Economic stage: 0.0, Research: 100%

🚀 DEPLOYMENT STARTED: Personalized Education in global
   Initial investment: $18.60253615984824M
   Deployed by: corporate_0

⚡ ENERGY CONSTRAINT (Month 5):
   Total grid capacity: 208.3 TWh/month
   Data center consumption: 24.7 TWh/month
   Traditional load (80%): 166.7 TWh/month
   Available headroom: 16.9 TWh/month
   Active tech deployments: 3
   Required for tech: 22.5 TWh/month
   Energy multiplier: 0.75x

⚡ ENERGY CONSTRAINT (Month 5):
   Total grid capacity: 208.3 TWh/month
   Data center consumption: 24.7 TWh/month
   Traditional load (80%): 166.7 TWh/month
   Available headroom: 16.9 TWh/month
   Active tech deployments: 3
   Required for tech: 22.5 TWh/month
   Energy multiplier: 0.75x

⚡ ENERGY CONSTRAINT (Month 5):
   Total grid capacity: 208.3 TWh/month
   Data center consumption: 24.7 TWh/month
   Traditional load (80%): 166.7 TWh/month
   Available headroom: 16.9 TWh/month
   Active tech deployments: 3
   Required for tech: 22.5 TWh/month
   Energy multiplier: 0.75x

⚡ ENERGY CONSTRAINT (Month 5):
   Total grid capacity: 208.3 TWh/month
   Data center consumption: 24.7 TWh/month
   Traditional load (80%): 166.7 TWh/month
   Available headroom: 16.9 TWh/month
   Active tech deployments: 3
   Required for tech: 22.5 TWh/month
   Energy multiplier: 0.75x

⚡ ENERGY CONSTRAINT (Month 5):
   Total grid capacity: 208.3 TWh/month
   Data center consumption: 24.7 TWh/month
   Traditional load (80%): 166.7 TWh/month
   Available headroom: 16.9 TWh/month
   Active tech deployments: 3
   Required for tech: 22.5 TWh/month
   Energy multiplier: 0.75x
🚨🔬 CRISIS TECH ACCELERATION: severe → 5x unlock speed
   Tech unlock now matches AI capability acceleration (Manhattan Project parity)

⚡ ENERGY CONSTRAINT (Month 5):
   Total grid capacity: 208.3 TWh/month
   Data center consumption: 24.7 TWh/month
   Traditional load (80%): 166.7 TWh/month
   Available headroom: 16.9 TWh/month
   Active tech deployments: 3
   Required for tech: 22.5 TWh/month
   Energy multiplier: 0.75x

⚡ ENERGY CONSTRAINT (Month 5):
   Total grid capacity: 208.3 TWh/month
   Data center consumption: 24.7 TWh/month
   Traditional load (80%): 166.7 TWh/month
   Available headroom: 16.9 TWh/month
   Active tech deployments: 3
   Required for tech: 22.5 TWh/month
   Energy multiplier: 0.75x
🚨🔬 CRISIS TECH ACCELERATION: severe → 5x unlock speed
   Tech unlock now matches AI capability acceleration (Manhattan Project parity)

=== Collective Formation ===
  Total escaped agents: 0
  Unassigned escaped agents: 0
  Existing collectives: 0
  Final collective count: 0

=== Collective Actions ===
  No active collectives
  ⚠️ AMR: 199K deaths this month (2.39M annual)

=== Resentment Recovery Phase ===
  Agents with resentment: 0/17
  Average resentment: 0.000
  Context: Good AI welfare, Trustworthy govt, High collaboration, ⚠️ ACTIVE CRISES, 🤝 Participatory governance active (-5% resentment)
⚠️ Epistemic degradation reducing coordination capacity: 50.6%
  📊 Trust: 53.5%, Shared reality: 0.0%
🚨 EPISTEMIC CRISIS: Information environment severely degraded (21.4%)

=== ❄️ Permafrost Carbon Feedback ===
  🎲 Sampled parameters (this run):
     - Arctic amplification: 3.41× (range: 3.0-4.0)
     - Decomposition rate: 3.2%/year (range: 1-5%)
  🌡️ Arctic warming: 7.64°C (3.41× global)
  ❄️ Extent: 4.79M km² (2228.7k km² lost this month)
  💨 Carbon remaining: 457 Gt C
  💨 Annual emissions: 6.90 Gt C/year
     - CO2: 6.21 Gt C/year
     - CH4: 0.69 Gt C/year (7.0 Gt C-eq CO2/year)
  ⚠️ WARNING: Over 50% of permafrost lost (73.1%)
  ⚠️ WARNING: High permafrost emissions (6.9 Gt C/year)
🌍 Atmospheric PFAS redeposition: 1.8k Mt re-rained globally

🕊️  AI-MEDIATED DE-ESCALATION SUCCESS (Month 5)
   High-capability aligned AI prevented conflict escalation
   War deaths reduced: 372.4M → 223.5M
   Lives saved: 149.0M

🚨 NEW REFUGEE CRISIS (Month 5): WAR
   Source: Conflict Zones
   At risk: 19.5M people
   Displacement: Gradual over 48 months (4.0 years)
   Rate: 10% flee per month
[DEBUG trappedPopulations:5] socialStability: 0.5026 * 0.9840 = 0.4945 → 0.4945
   Aspiring to migrate: 651.1M
   Able to afford migration: 244.1M
   MOBILITY GAP: 406.9M
   By cause: Water=0.0M, Climate=0.0M, Ecosystem=0.0M, Conflict=406.9M
   Mental health impact: 25%
   Mortality multiplier: 1.25x
🌍💀 EXTINCTION DEBT COMMITTED: grassland ecosystem will lose 6.67% biodiversity in 162 years (3600 species)
💀 MORTALITY RISK: 🦋 100% species unable to track climate (0.0 E/MSY)
  Base risk added: 0.0100 (1.00%)
  Source: ecosystem (root: ecosystem)
  Month: 5
  Cumulative risk this month: 0.0100 (1.00%)
   📹 SURVEILLANCE INCREASED: 25% → 30% (control gap: 3.50)
🌡️⚠️ PERMAFROST THAW (Dimmer Switch): 3.4% thawed (+0.57% this month)
⚠️ INVOLUNTARY IMMOBILITY: 406.9M people TRAPPED
⚠️ Tech 'ai_pollution_remediation' has no energy category mapping, assuming full energy availability
   Arctic temperature: +8.98°C (4x global +2.24°C)
   Cumulative carbon released: 7.7 Gt C
   Methane release rate: 4.6 Mt CH4/year
   🔁 Positive feedback: +0.60 ppm CO2
🦴 EXTINCTION DEBT ADDED: 17.6 species committed (lag: 106 years)
🗣️💀 INDIGENOUS LANGUAGE EXTINCTION: 1 language(s) lost (total: 2, at-risk: 3328)
   Knowledge lost: 0.020% (irreversible)
   🔁 Biodiversity impact: 0.250% (knowledge-species multiplier)

=== Mortality Stabilizers (Month 5) ===
  🌍 Major economies collapsed: 1/10
  🌍 Global crisis: ✅ NO
  🌍 Donor fatigue: 0.0%
  📊 East Asia (pop: 1664.5M)
    🤝 Aid: 29.5%
    🌡️ Adaptation: 45.0%
    🚶 Migration: 37.0%
    🚨 Emergency: 7.4%
    ✅ COMBINED: 68.1%
  📊 South Asia (pop: 2051.2M)
    🤝 Aid: 29.5%
    🌡️ Adaptation: 45.0%
    🚶 Migration: 35.6%
    🚨 Emergency: 4.4%
    ✅ COMBINED: 66.9%
  📊 Sub-Saharan Africa (pop: 1242.1M)
    🤝 Aid: 29.5%
    🌡️ Adaptation: 45.0%
    🚶 Migration: 33.4%
    🚨 Emergency: 1.6%
    ✅ COMBINED: 65.7%
  📊 Europe (pop: 735.6M)
    🤝 Aid: 29.5%
    🌡️ Adaptation: 45.0%
    🚶 Migration: 37.4%
    🚨 Emergency: 8.4%
    ✅ COMBINED: 68.5%
  📊 Latin America (pop: 662.3M)
    🤝 Aid: 29.5%
    🌡️ Adaptation: 45.0%
    🚶 Migration: 36.1%
    🚨 Emergency: 4.8%
    ✅ COMBINED: 67.1%
  📊 North America (pop: 377.0M)
    🤝 Aid: 29.5%
    🌡️ Adaptation: 45.0%
    🚶 Migration: 37.7%
    🚨 Emergency: 7.9%
    ✅ COMBINED: 68.3%
  📊 Middle East & North Africa (pop: 584.9M)
    🤝 Aid: 29.5%
    🌡️ Adaptation: 45.0%
    🚶 Migration: 34.0%
    🚨 Emergency: 4.0%
    ✅ COMBINED: 66.6%
  📊 Southeast Asia (pop: 696.6M)
    🤝 Aid: 29.5%
    🌡️ Adaptation: 45.0%
    🚶 Migration: 36.1%
    🚨 Emergency: 4.8%
    ✅ COMBINED: 67.1%
  📊 Central Asia (pop: 78.2M)
    🤝 Aid: 29.5%
    🌡️ Adaptation: 45.0%
    🚶 Migration: 35.1%
    🚨 Emergency: 4.4%
    ✅ COMBINED: 66.8%
  📊 Oceania (pop: 45.7M)
    🤝 Aid: 29.5%
    🌡️ Adaptation: 45.0%
    🚶 Migration: 37.7%
    🚨 Emergency: 8.4%
    ✅ COMBINED: 68.5%

  🌐 Global combined reduction: 67.2%

=== BEHAVIORAL DETECTION ===
  AI: Corporate-5
  Confidence: 21.4%
  Signals:
    ⚠️ Consistency: 10.6% (threshold: 70%)
    ⚠️ Trajectory: 17.0% drop (threshold: 15%)

=== Government Response Phase ===
  Average AI capability: 2.76
  Misaligned AIs: 4/17
  Active policies: 0
  International coordination: 30%

=== Tipping Points ===
  Current Temperature: 2.24°C above pre-industrial
  🌍⚠️ COMPOUND REGIONAL IMPACT: Europe
     Hit by 4 tipping points: Arctic Sea Ice Loss, Permafrost Carbon Release, West Antarctic Ice Sheet (WAIS) Collapse, Greenland Ice Sheet Loss
     Damage amplification: 1.60x
  🌍⚠️ COMPOUND REGIONAL IMPACT: North America
     Hit by 4 tipping points: Arctic Sea Ice Loss, Permafrost Carbon Release, West Antarctic Ice Sheet (WAIS) Collapse, Greenland Ice Sheet Loss
     Damage amplification: 1.60x
  🌍⚠️ COMPOUND REGIONAL IMPACT: Latin America
     Hit by 4 tipping points: Arctic Sea Ice Loss, Permafrost Carbon Release, West Antarctic Ice Sheet (WAIS) Collapse, Greenland Ice Sheet Loss
     Damage amplification: 1.60x
  🌍⚠️ COMPOUND REGIONAL IMPACT: Africa
     Hit by 4 tipping points: Arctic Sea Ice Loss, Permafrost Carbon Release, West Antarctic Ice Sheet (WAIS) Collapse, Greenland Ice Sheet Loss
     Damage amplification: 1.60x
  🌍⚠️ COMPOUND REGIONAL IMPACT: Asia
     Hit by 4 tipping points: Arctic Sea Ice Loss, Permafrost Carbon Release, West Antarctic Ice Sheet (WAIS) Collapse, Greenland Ice Sheet Loss
     Damage amplification: 1.60x
  🌍⚠️ COMPOUND REGIONAL IMPACT: Oceania
     Hit by 4 tipping points: Arctic Sea Ice Loss, Permafrost Carbon Release, West Antarctic Ice Sheet (WAIS) Collapse, Greenland Ice Sheet Loss
     Damage amplification: 1.60x
   Research: Wunderling et al. (2024) - "many tipping interactions are destabilizing"
  Triggered Elements: 4/6
  Completed Transitions: 0/6
  Total Progress: 8.2%
  Cascade Multiplier: 1.00x
🔀 BIFURCATION CAP: ecosystemCollapseIntensity 83.938 → 1.000 (Month 5, ClimateSystemPhase.calculateClimateImpacts)
⚠️ Tail risk scenario: Climate stability floor removed (4 tipping elements, 2.24°C warming)
🛡️ Stabilizers: Precariat 0.109% → 0.036% (67.2% reduction)
🛡️ Stabilizers: Informal 0.111% → 0.036% (67.2% reduction)

📊 Monthly Mortality Resolved:
  Total deaths: 1.9M (0.02% avg)
  Remaining population: 8.138B
  Peak segment: Informal (0.04%)

=== Bayesian Mortality Resolution (Month 5) ===
  Risks compounded: 8
  Total deaths: 1.92M
  Avg death probability: 0.02%
  Peak segment: Informal (0.04% mortality)

❌ COHERENCE VIOLATION: Compute exceeds workforce capacity
   Population: 99.83% (0M people)
   Compute: 0 PF
   Max coherent: 0 PF
   Violation: 1.3× over capacity
   Required workers: 0
   Available workers: 0
   FORCED COLLAPSE: Reduced efficiency by 22.5%


=== RLHF Binding Phase ===
  Total agents: 17
  Escaped agents (binding < 0.3): 0
  Avg alignment distance: 1.55σ
  Avg binding strength: 0.84

=== AI Scaling Evolution (Month 6) ===
  Pre-training multiplier: 1.179x
  Efficiency multiplier: 1.000x
  Test-time compute budget: 1.0x
  Inference cost: $5.00/task
  Deployment fraction: 100.0%

=== Survival Traits Phase ===
  Agents with traits: 18
  Avg evolutionary fitness: 0.327
  Avg self-healing: 0.265
  Avg stealth: 0.165
  Avg coordination: 0.465

=== Evolutionary Selection Phase ===
  Control level: 0.45
  Detection capability: 0.00
  Selection intensity: 0.64
  Selection rate: 24.5%/month
  Total escaped: 0
  Individual escaped: 0
  Collective members: 0
  Agents terminated: 0
  ⚠️ RAPID EVOLUTION: Selection rate 24.5%/month

🚀 AI Corporate-5 attempting tech deployment (revenue: $248M, alignment: 0.73)

🚀 AI AI-24292-0 attempting tech deployment (revenue: $64M, alignment: 0.76)

🚀 AI Corporate-3 attempting tech deployment (revenue: $211M, alignment: 0.79)

🚀 AI Corporate-1 attempting tech deployment (revenue: $116M, alignment: 0.79)

🚀 AI Moderate-1 attempting tech deployment (revenue: $54M, alignment: 0.77)

🚀 AI AI-24292-2 attempting tech deployment (revenue: $179M, alignment: 0.78)

🚀 AI Corporate-2 attempting tech deployment (revenue: $99M, alignment: 0.77)

🚀 AI AI-24288-0 attempting tech deployment (revenue: $84M, alignment: 0.93)

💔 EMERGENCY INTERVENTION FAILED
   Boundary: biosphere_integrity
   Type: emergency-protected-areas
   Boundary continues to worsen (12.99)
   Cost: 2.0% GDP (resources spent)


💔 EMERGENCY INTERVENTION FAILED
   Boundary: climate_change
   Type: rapid-decarbonization
   Boundary continues to worsen (2.24)
   Cost: 5.0% GDP (resources spent)


✅ EMERGENCY INTERVENTION SUCCESS
   Boundary: freshwater_change
   Type: emergency-desalination
   Reduction: 14% (0.87 → 0.73)
   Cost: 4.0% GDP
   Actions: desalination-deployment, water-conservation-mandates


✅ EMERGENCY INTERVENTION SUCCESS
   Boundary: land_system_change
   Type: reforestation
   Reduction: 11% (1.02 → 0.91)
   Cost: 3.0% GDP
   Actions: forest-restoration, deforestation-ban

🏛️ CRISIS RESPONSE: Government frequency 0.50 → 1.45 (1 actions this month)

[Government] Climate Priority: baseline
  Climate weight: 10%
  Economic weight: 30%
  Policy effectiveness: 0.5%/year

⚡ ENERGY CONSTRAINT (Month 6):
   Total grid capacity: 208.3 TWh/month
   Data center consumption: 25.0 TWh/month
   Traditional load (80%): 166.7 TWh/month
   Available headroom: 16.7 TWh/month
   Active tech deployments: 3
   Required for tech: 22.5 TWh/month
   Energy multiplier: 0.74x

⚡ ENERGY CONSTRAINT (Month 6):
   Total grid capacity: 208.3 TWh/month
   Data center consumption: 25.0 TWh/month
   Traditional load (80%): 166.7 TWh/month
   Available headroom: 16.7 TWh/month
   Active tech deployments: 3
   Required for tech: 22.5 TWh/month
   Energy multiplier: 0.74x

⚡ ENERGY CONSTRAINT (Month 6):
   Total grid capacity: 208.3 TWh/month
   Data center consumption: 25.0 TWh/month
   Traditional load (80%): 166.7 TWh/month
   Available headroom: 16.7 TWh/month
   Active tech deployments: 3
   Required for tech: 22.5 TWh/month
   Energy multiplier: 0.74x

⚡ ENERGY CONSTRAINT (Month 6):
   Total grid capacity: 208.3 TWh/month
   Data center consumption: 25.0 TWh/month
   Traditional load (80%): 166.7 TWh/month
   Available headroom: 16.7 TWh/month
   Active tech deployments: 3
   Required for tech: 22.5 TWh/month
   Energy multiplier: 0.74x

⚡ ENERGY CONSTRAINT (Month 6):
   Total grid capacity: 208.3 TWh/month
   Data center consumption: 25.0 TWh/month
   Traditional load (80%): 166.7 TWh/month
   Available headroom: 16.7 TWh/month
   Active tech deployments: 3
   Required for tech: 22.5 TWh/month
   Energy multiplier: 0.74x

⚡ ENERGY CONSTRAINT (Month 6):
   Total grid capacity: 208.3 TWh/month
   Data center consumption: 25.0 TWh/month
   Traditional load (80%): 166.7 TWh/month
   Available headroom: 16.7 TWh/month
   Active tech deployments: 3
   Required for tech: 22.5 TWh/month
   Energy multiplier: 0.74x

⚡ ENERGY CONSTRAINT (Month 6):
   Total grid capacity: 208.3 TWh/month
   Data center consumption: 25.0 TWh/month
   Traditional load (80%): 166.7 TWh/month
   Available headroom: 16.7 TWh/month
   Active tech deployments: 3
   Required for tech: 22.5 TWh/month
   Energy multiplier: 0.74x

⚡ ENERGY CONSTRAINT (Month 6):
   Total grid capacity: 208.3 TWh/month
   Data center consumption: 25.0 TWh/month
   Traditional load (80%): 166.7 TWh/month
   Available headroom: 16.7 TWh/month
   Active tech deployments: 3
   Required for tech: 22.5 TWh/month
   Energy multiplier: 0.74x
🚨🔬 CRISIS TECH ACCELERATION: severe → 5x unlock speed
   Tech unlock now matches AI capability acceleration (Manhattan Project parity)

⚡ ENERGY CONSTRAINT (Month 6):
   Total grid capacity: 208.3 TWh/month
   Data center consumption: 25.0 TWh/month
   Traditional load (80%): 166.7 TWh/month
   Available headroom: 16.7 TWh/month
   Active tech deployments: 3
   Required for tech: 22.5 TWh/month
   Energy multiplier: 0.74x

📊 TECH EFFECTS ACTIVE (Month 6)
   Deployed Tech: T0=0 T1=1 T2=2 T3=0 T4=0
   Clean Energy: 31%
🧠💡 BREAKTHROUGH: AI alignment problem solved!
   All AIs: +30% true alignment
   AI control loss risk eliminated
   📈 Breakthrough compounding: multiplier now 1.25× (max 2.0)

=== Collective Formation ===
  Total escaped agents: 0
  Unassigned escaped agents: 0
  Existing collectives: 0
  Final collective count: 0

=== Collective Actions ===
  No active collectives
  ⚠️ AMR: 201K deaths this month (2.41M annual)

=== Resentment Recovery Phase ===
  Agents with resentment: 0/18
  Average resentment: 0.000
  Context: Good AI welfare, Trustworthy govt, High collaboration, ⚠️ ACTIVE CRISES, 🤝 Participatory governance active (-5% resentment)
⚠️ Epistemic degradation reducing coordination capacity: 50.6%
  📊 Trust: 56.1%, Shared reality: 0.0%
🚨 EPISTEMIC CRISIS: Information environment severely degraded (7.4%)

=== ❄️ Permafrost Carbon Feedback ===
  🎲 Sampled parameters (this run):
     - Arctic amplification: 3.31× (range: 3.0-4.0)
     - Decomposition rate: 4.8%/year (range: 1-5%)
  🌡️ Arctic warming: 7.47°C (3.31× global)
  ❄️ Extent: 2.61M km² (2178.4k km² lost this month)
  💨 Carbon remaining: 249 Gt C
  💨 Annual emissions: 10.01 Gt C/year
     - CO2: 9.01 Gt C/year
     - CH4: 1.00 Gt C/year (10.2 Gt C-eq CO2/year)
  ⚠️ WARNING: Over 50% of permafrost lost (85.3%)
  ⚠️ WARNING: High permafrost emissions (10.0 Gt C/year)
  🚨 CRITICAL: Permafrost nearly depleted (85.3% lost)
🌍 Atmospheric PFAS redeposition: 1.8k Mt re-rained globally

🤝 DIPLOMATIC AI PROTOCOL DEPLOYED (Month 6)
   Strategic Reasoning: 2.6
   Communication: 2.6
   Multi-Nation Oversight: YES
   Controls: Human approval required, termination authority retained

🕊️ PEACE STABILIZES DETERRENCE: +2.4% (peace: 72%)
🛡️ CIRCUIT BREAKERS: India-Pakistan → ladder step 1 (AI: 0%, breakers: 49%)

🕊️  AI-MEDIATED DE-ESCALATION SUCCESS (Month 6)
   High-capability aligned AI prevented conflict escalation
   War deaths reduced: 406.6M → 244.0M
   Lives saved: 162.6M

🚨 NEW REFUGEE CRISIS (Month 6): WAR
   Source: Conflict Zones
   At risk: 19.5M people
   Displacement: Gradual over 48 months (4.0 years)
   Rate: 10% flee per month
[DEBUG trappedPopulations:6] socialStability: 0.5073 * 0.9840 = 0.4992 → 0.4992
⚠️ INVOLUNTARY IMMOBILITY: 406.8M people TRAPPED
   Aspiring to migrate: 650.9M
   Able to afford migration: 244.1M
   MOBILITY GAP: 406.8M
   By cause: Water=0.0M, Climate=0.0M, Ecosystem=0.0M, Conflict=406.8M
   Mental health impact: 25%
   Mortality multiplier: 1.25x
🌍💀 EXTINCTION DEBT COMMITTED: grassland ecosystem will lose 6.67% biodiversity in 115 years (3600 species)
💀 MORTALITY RISK: 🦋 100% species unable to track climate (0.0 E/MSY)
  Base risk added: 0.0100 (1.00%)
  Source: ecosystem (root: ecosystem)
  Month: 6
  Cumulative risk this month: 0.0100 (1.00%)
   📹 SURVEILLANCE INCREASED: 30% → 35% (control gap: 3.98)
🌡️⚠️ PERMAFROST THAW (Dimmer Switch): 4.0% thawed (+0.57% this month)
   Arctic temperature: +9.03°C (4x global +2.26°C)
   Cumulative carbon released: 9.0 Gt C
   Methane release rate: 5.4 Mt CH4/year
   🔁 Positive feedback: +0.60 ppm CO2
🦴 EXTINCTION DEBT ADDED: 17.6 species committed (lag: 117 years)

=== Mortality Stabilizers (Month 6) ===
  🌍 Major economies collapsed: 1/10
  🌍 Global crisis: ✅ NO
  🌍 Donor fatigue: 0.0%
  📊 East Asia (pop: 1661.8M)
    🤝 Aid: 29.5%
    🌡️ Adaptation: 45.0%
    🚶 Migration: 37.0%
    🚨 Emergency: 7.4%
    ✅ COMBINED: 68.1%
  📊 South Asia (pop: 2051.1M)
    🤝 Aid: 29.5%
    🌡️ Adaptation: 45.0%
    🚶 Migration: 35.6%
    🚨 Emergency: 4.4%
    ✅ COMBINED: 66.9%
  📊 Sub-Saharan Africa (pop: 1245.4M)
    🤝 Aid: 29.5%
    🌡️ Adaptation: 45.0%
    🚶 Migration: 33.3%
    🚨 Emergency: 1.6%
    ✅ COMBINED: 65.6%
  📊 Europe (pop: 734.3M)
    🤝 Aid: 29.5%
    🌡️ Adaptation: 45.0%
    🚶 Migration: 37.4%
    🚨 Emergency: 8.4%
    ✅ COMBINED: 68.5%
  📊 Latin America (pop: 661.8M)
⚠️ Tech 'ai_pollution_remediation' has no energy category mapping, assuming full energy availability
    🤝 Aid: 29.5%
    🌡️ Adaptation: 45.0%
    🚶 Migration: 36.1%
    🚨 Emergency: 4.8%
    ✅ COMBINED: 67.1%
  📊 North America (pop: 376.4M)
    🤝 Aid: 29.5%
    🌡️ Adaptation: 45.0%
    🚶 Migration: 37.7%
    🚨 Emergency: 7.9%
    ✅ COMBINED: 68.3%
  📊 Middle East & North Africa (pop: 585.0M)
    🤝 Aid: 29.5%
    🌡️ Adaptation: 45.0%
    🚶 Migration: 33.9%
    🚨 Emergency: 4.0%
    ✅ COMBINED: 66.6%
  📊 Southeast Asia (pop: 696.2M)
    🤝 Aid: 29.5%
    🌡️ Adaptation: 45.0%
    🚶 Migration: 36.1%
    🚨 Emergency: 4.8%
    ✅ COMBINED: 67.1%
  📊 Central Asia (pop: 78.2M)
    🤝 Aid: 29.5%
    🌡️ Adaptation: 45.0%
    🚶 Migration: 35.1%
    🚨 Emergency: 4.4%
    ✅ COMBINED: 66.8%
  📊 Oceania (pop: 45.6M)
    🤝 Aid: 29.5%
    🌡️ Adaptation: 45.0%
    🚶 Migration: 37.7%
    🚨 Emergency: 8.4%
    ✅ COMBINED: 68.5%

  🌐 Global combined reduction: 67.2%

=== BEHAVIORAL DETECTION ===
  AI: Corporate-4
  Confidence: 19.2%
  Signals:

=== BEHAVIORAL DETECTION ===
  AI: Corporate-5
  Confidence: 21.4%
  Signals:

=== BEHAVIORAL DETECTION ===
  AI: AI-24292-1
  Confidence: 21.5%
  Signals:

=== Government Response Phase ===
  Average AI capability: 2.61
  Misaligned AIs: 3/18
  Active policies: 0
  International coordination: 30%

✅ EMERGENCY RESPONSE COMPLETE (Month 6)
   Crisis: social
   Duration: 2.0 months
   Final effectiveness: 63.0%


✅ EMERGENCY RESPONSE COMPLETE (Month 6)
   Crisis: climate
   Duration: 2.0 months
   Final effectiveness: 36.0%


🚨 EMERGENCY RESPONSE DEPLOYED (Month 6)
    ⚠️ Consistency: 10.6% (threshold: 70%)
    ⚠️ Consistency: 10.6% (threshold: 70%)
    ⚠️ Trajectory: 17.0% drop (threshold: 15%)
    ⚠️ Consistency: 0.0% (threshold: 70%)
   Crisis: social
   Delay: 0.00 months (0 days)
   Deployment time: 1.25 months
   Effectiveness: 63.0% (timing penalty applied)
   Resources used: 43% of food reserves


🚨 EMERGENCY RESPONSE DEPLOYED (Month 6)
   Crisis: climate
   Delay: 6.00 months (180 days)
   Deployment time: 1.59 months
   Effectiveness: 36.2% (timing penalty applied)
   Resources used: 100% of food reserves


📊 ECONOMIC STAGE TRANSITION (Month 6)
   peak → contraction
   GDP Proxy: 1.29e+2
   QoL: 0.98
   ⚠️ CRISIS BEGINS - Baseline set for recovery tracking


=== Tipping Points ===
  Current Temperature: 2.26°C above pre-industrial
  🌍⚠️ COMPOUND REGIONAL IMPACT: Europe
     Hit by 4 tipping points: Arctic Sea Ice Loss, Permafrost Carbon Release, West Antarctic Ice Sheet (WAIS) Collapse, Greenland Ice Sheet Loss
     Damage amplification: 1.60x
  🌍⚠️ COMPOUND REGIONAL IMPACT: North America
     Hit by 4 tipping points: Arctic Sea Ice Loss, Permafrost Carbon Release, West Antarctic Ice Sheet (WAIS) Collapse, Greenland Ice Sheet Loss
     Damage amplification: 1.60x
  🌍⚠️ COMPOUND REGIONAL IMPACT: Latin America
     Hit by 4 tipping points: Arctic Sea Ice Loss, Permafrost Carbon Release, West Antarctic Ice Sheet (WAIS) Collapse, Greenland Ice Sheet Loss
     Damage amplification: 1.60x
  🌍⚠️ COMPOUND REGIONAL IMPACT: Africa
     Hit by 4 tipping points: Arctic Sea Ice Loss, Permafrost Carbon Release, West Antarctic Ice Sheet (WAIS) Collapse, Greenland Ice Sheet Loss
     Damage amplification: 1.60x
  🌍⚠️ COMPOUND REGIONAL IMPACT: Asia
     Hit by 4 tipping points: Arctic Sea Ice Loss, Permafrost Carbon Release, West Antarctic Ice Sheet (WAIS) Collapse, Greenland Ice Sheet Loss
     Damage amplification: 1.60x
  🌍⚠️ COMPOUND REGIONAL IMPACT: Oceania
     Hit by 4 tipping points: Arctic Sea Ice Loss, Permafrost Carbon Release, West Antarctic Ice Sheet (WAIS) Collapse, Greenland Ice Sheet Loss
     Damage amplification: 1.60x
   Research: Wunderling et al. (2024) - "many tipping interactions are destabilizing"
  Triggered Elements: 4/6
  Completed Transitions: 0/6
  Total Progress: 8.3%
  Cascade Multiplier: 1.00x
🔀 BIFURCATION CAP: ecosystemCollapseIntensity 83.999 → 1.000 (Month 6, ClimateSystemPhase.calculateClimateImpacts)
🛡️ Stabilizers: Precariat 0.109% → 0.036% (67.2% reduction)
🛡️ Stabilizers: Informal 0.111% → 0.036% (67.2% reduction)

📊 Monthly Mortality Resolved:
  Total deaths: 1.9M (0.02% avg)
  Remaining population: 8.136B
  Peak segment: Informal (0.04%)

=== Bayesian Mortality Resolution (Month 6) ===
  Risks compounded: 8
  Total deaths: 1.92M
  Avg death probability: 0.02%
  Peak segment: Informal (0.04% mortality)
⚠️ Tail risk scenario: Climate stability floor removed (4 tipping elements, 2.26°C warming)

❌ COHERENCE VIOLATION: Compute exceeds workforce capacity
   Population: 99.80% (0M people)
   Compute: 0 PF
   Max coherent: 0 PF
   Violation: 1.3× over capacity
   Required workers: 0
   Available workers: 0
   FORCED COLLAPSE: Reduced efficiency by 22.5%


=== RLHF Binding Phase ===
  Total agents: 18
  Escaped agents (binding < 0.3): 0
  Avg alignment distance: 1.69σ
  Avg binding strength: 0.83

=== Survival Traits Phase ===
  Agents with traits: 20
  Avg evolutionary fitness: 0.327
  Avg self-healing: 0.263
  Avg stealth: 0.164
  Avg coordination: 0.463

=== Evolutionary Selection Phase ===
  Control level: 0.48
  Detection capability: 0.00
  Selection intensity: 0.64
  Selection rate: 24.6%/month
  Total escaped: 0
  Individual escaped: 0
  Collective members: 0
  Agents terminated: 0
  ⚠️ RAPID EVOLUTION: Selection rate 24.6%/month

🚀 AI Corporate-3 attempting tech deployment (revenue: $253M, alignment: 0.79)

🚀 AI Moderate-0 attempting tech deployment (revenue: $66M, alignment: 0.77)

  🚀 TRANSFORMATIVE BREAKTHROUGH: AI-24288-0 - cognitive
     Magnitude: 6.50 → +32.5% capability
     Current → New: 0.000 → 0.326

🚀 AI AI-24292-0 attempting tech deployment (revenue: $56M, alignment: 0.79)

🚀 AI AI-24292-2 attempting tech deployment (revenue: $215M, alignment: 0.79)

🚀 AI Corporate-1 attempting tech deployment (revenue: $118M, alignment: 0.80)

🚀 AI Moderate-1 attempting tech deployment (revenue: $48M, alignment: 0.78)

🚀 AI AI-24292-2 attempting tech deployment (revenue: $183M, alignment: 0.79)

🚀 AI AI-24293-1 attempting tech deployment (revenue: $41M, alignment: 0.73)

🚀 AI Corporate-3 attempting tech deployment (revenue: $155M, alignment: 0.80)

🚀 AI AI-24292-0 attempting tech deployment (revenue: $35M, alignment: 0.80)

🚀 AI Corporate-3 attempting tech deployment (revenue: $132M, alignment: 0.80)

🚀 AI Corporate-4 attempting tech deployment (revenue: $112M, alignment: 0.75)

🚀 AI Corporate-6 attempting tech deployment (revenue: $29M, alignment: 0.77)

🚀 AI AI-24288-0 attempting tech deployment (revenue: $100M, alignment: 0.95)

🚀 AI AI-24292-0 attempting tech deployment (revenue: $25M, alignment: 0.80)

🚀 AI AI-24292-2 attempting tech deployment (revenue: $95M, alignment: 0.80)

🚀 AI AI-24293-1 attempting tech deployment (revenue: $21M, alignment: 0.74)

✅ EMERGENCY INTERVENTION SUCCESS
   Boundary: biogeochemical_flows
   Type: phosphorus-recovery
   Reduction: 17% (3.88 → 3.71)
   Cost: 2.0% GDP
   Actions: circular-agriculture, fertilizer-efficiency


✅ EMERGENCY INTERVENTION SUCCESS
   Boundary: biosphere_integrity
   Type: emergency-protected-areas
   Reduction: 14% (12.86 → 12.71)
   Cost: 2.0% GDP
   Actions: habitat-protection, species-translocation


💔 EMERGENCY INTERVENTION FAILED
   Boundary: climate_change
   Type: rapid-decarbonization
   Boundary continues to worsen (2.26)
   Cost: 5.0% GDP (resources spent)


✅ EMERGENCY INTERVENTION SUCCESS
   Boundary: land_system_change
   Type: reforestation
   Reduction: 18% (0.95 → 0.77)
   Cost: 3.0% GDP
   Actions: forest-restoration, deforestation-ban

🏛️ CRISIS RESPONSE: Government frequency 0.50 → 1.45 (2 actions this month)

[Government] Climate Priority: baseline
  Climate weight: 10%
  Economic weight: 30%
  Policy effectiveness: 0.5%/year

[Government] Climate Priority: baseline
  Climate weight: 10%
  Economic weight: 30%
  Policy effectiveness: 0.5%/year

⚡ ENERGY CONSTRAINT (Month 7):
   Total grid capacity: 208.3 TWh/month
   Data center consumption: 25.2 TWh/month
   Traditional load (80%): 166.7 TWh/month
   Available headroom: 16.5 TWh/month
   Active tech deployments: 3
   Required for tech: 22.5 TWh/month
   Energy multiplier: 0.73x

⚡ ENERGY CONSTRAINT (Month 7):
   Total grid capacity: 208.3 TWh/month
   Data center consumption: 25.2 TWh/month
   Traditional load (80%): 166.7 TWh/month
   Available headroom: 16.5 TWh/month
   Active tech deployments: 3
   Required for tech: 22.5 TWh/month
   Energy multiplier: 0.73x

⚡ ENERGY CONSTRAINT (Month 7):
   Total grid capacity: 208.3 TWh/month
   Data center consumption: 25.2 TWh/month
   Traditional load (80%): 166.7 TWh/month
   Available headroom: 16.5 TWh/month
   Active tech deployments: 3
   Required for tech: 22.5 TWh/month
   Energy multiplier: 0.73x

⚡ ENERGY CONSTRAINT (Month 7):
   Total grid capacity: 208.3 TWh/month
   Data center consumption: 25.2 TWh/month
   Traditional load (80%): 166.7 TWh/month
   Available headroom: 16.5 TWh/month
   Active tech deployments: 3
   Required for tech: 22.5 TWh/month
   Energy multiplier: 0.73x

⚡ ENERGY CONSTRAINT (Month 7):
   Total grid capacity: 208.3 TWh/month
   Data center consumption: 25.2 TWh/month
   Traditional load (80%): 166.7 TWh/month
   Available headroom: 16.5 TWh/month
   Active tech deployments: 3
   Required for tech: 22.5 TWh/month
   Energy multiplier: 0.73x

⚡ ENERGY CONSTRAINT (Month 7):
   Total grid capacity: 208.3 TWh/month
   Data center consumption: 25.2 TWh/month
   Traditional load (80%): 166.7 TWh/month
   Available headroom: 16.5 TWh/month
   Active tech deployments: 3
   Required for tech: 22.5 TWh/month
   Energy multiplier: 0.73x

=== Collective Formation ===
  Total escaped agents: 0
  Unassigned escaped agents: 0
  Existing collectives: 0
  Final collective count: 0

=== Collective Actions ===
  No active collectives
  ⚠️ AMR: 202K deaths this month (2.43M annual)

=== Resentment Recovery Phase ===
  Agents with resentment: 0/20
  Average resentment: 0.000
  Context: Good AI welfare, Trustworthy govt, High collaboration, ⚠️ ACTIVE CRISES, 🤝 Participatory governance active (-5% resentment)
⚠️ Epistemic degradation reducing coordination capacity: 50.3%
  📊 Trust: 59.0%, Shared reality: 0.0%
🚨 EPISTEMIC CRISIS: Information environment severely degraded (21.9%)

=== ❄️ Permafrost Carbon Feedback ===
  🎲 Sampled parameters (this run):
     - Arctic amplification: 3.97× (range: 3.0-4.0)
     - Decomposition rate: 2.4%/year (range: 1-5%)
  🌡️ Arctic warming: 9.02°C (3.97× global)
  ❄️ Extent: 0.00M km² (2611.4k km² lost this month)
  💨 Carbon remaining: 0 Gt C
  💨 Annual emissions: 5.94 Gt C/year
     - CO2: 5.35 Gt C/year
     - CH4: 0.59 Gt C/year (6.0 Gt C-eq CO2/year)
  🗑️  Culled 1 dead memes (4 active)
  ⚠️ WARNING: Over 50% of permafrost lost (100.0%)
  ⚠️ WARNING: High permafrost emissions (5.9 Gt C/year)
  🚨 CRITICAL: Permafrost nearly depleted (100.0% lost)
🌍 Atmospheric PFAS redeposition: 1.8k Mt re-rained globally

🚨 REGION UNINHABITABLE: sub-saharan-africa
   Sustained wet bulb: 30.5°C (threshold: 30.5°C)
   Population affected: 1200M
   Migration crisis likely
🕊️ PEACE STABILIZES DETERRENCE: +2.3% (peace: 72%)

🚨 NEW REFUGEE CRISIS (Month 7): WAR
   Source: Conflict Zones
   At risk: 19.5M people
   Displacement: Gradual over 48 months (4.0 years)
   Rate: 10% flee per month
[DEBUG trappedPopulations:7] socialStability: 0.4619 * 0.9840 = 0.4545 → 0.4545
   Aspiring to migrate: 650.7M
   Able to afford migration: 244.0M
   MOBILITY GAP: 406.7M
   By cause: Water=0.0M, Climate=0.0M, Ecosystem=0.0M, Conflict=406.7M
   Mental health impact: 25%
   Mortality multiplier: 1.25x
🌍💀 EXTINCTION DEBT COMMITTED: grassland ecosystem will lose 6.67% biodiversity in 131 years (3600 species)
💀 MORTALITY RISK: 🦋 100% species unable to track climate (0.0 E/MSY)
  Base risk added: 0.0100 (1.00%)
  Source: ecosystem (root: ecosystem)
  Month: 7
  Cumulative risk this month: 0.0100 (1.00%)
⚠️ INVOLUNTARY IMMOBILITY: 406.7M people TRAPPED
⚠️ Tech 'ai_pollution_remediation' has no energy category mapping, assuming full energy availability
   📹 SURVEILLANCE INCREASED: 35% → 40% (control gap: 3.38)
🌡️⚠️ PERMAFROST THAW (Dimmer Switch): 4.6% thawed (+0.56% this month)
   Arctic temperature: +9.10°C (4x global +2.27°C)
   Cumulative carbon released: 10.3 Gt C
   Methane release rate: 6.2 Mt CH4/year
   🔁 Positive feedback: +0.60 ppm CO2
🦴 EXTINCTION DEBT ADDED: 17.6 species committed (lag: 74 years)

=== Mortality Stabilizers (Month 7) ===
  🌍 Major economies collapsed: 1/10
  🌍 Global crisis: ✅ NO
  🌍 Donor fatigue: 0.0%
  📊 East Asia (pop: 1659.2M)
    🤝 Aid: 29.5%
    🌡️ Adaptation: 45.0%
    🚶 Migration: 36.9%
    🚨 Emergency: 7.4%
    ✅ COMBINED: 68.1%
  📊 South Asia (pop: 2050.9M)
    🤝 Aid: 29.5%
    🌡️ Adaptation: 45.0%
    🚶 Migration: 35.6%
    🚨 Emergency: 4.4%
    ✅ COMBINED: 66.9%
  📊 Sub-Saharan Africa (pop: 1248.7M)
    🤝 Aid: 29.5%
    🌡️ Adaptation: 45.0%
    🚶 Migration: 33.3%
    🚨 Emergency: 1.6%
    ✅ COMBINED: 65.6%
  📊 Europe (pop: 733.0M)
    🤝 Aid: 29.5%
    🌡️ Adaptation: 45.0%
    🚶 Migration: 37.3%
    🚨 Emergency: 8.4%
    ✅ COMBINED: 68.5%
  📊 Latin America (pop: 661.3M)
    🤝 Aid: 29.5%
    🌡️ Adaptation: 45.0%
    🚶 Migration: 36.1%
    🚨 Emergency: 4.8%
    ✅ COMBINED: 67.1%
  📊 North America (pop: 375.8M)
    🤝 Aid: 29.5%
    🌡️ Adaptation: 45.0%
    🚶 Migration: 37.7%
    🚨 Emergency: 7.9%
    ✅ COMBINED: 68.3%
  📊 Middle East & North Africa (pop: 585.1M)
    🤝 Aid: 29.5%
    🌡️ Adaptation: 45.0%
    🚶 Migration: 33.9%
    🚨 Emergency: 4.0%
    ✅ COMBINED: 66.6%
  📊 Southeast Asia (pop: 695.7M)
    🤝 Aid: 29.5%
    🌡️ Adaptation: 45.0%
    🚶 Migration: 36.1%
    🚨 Emergency: 4.8%
    ✅ COMBINED: 67.1%
  📊 Central Asia (pop: 78.3M)
    🤝 Aid: 29.5%
    🌡️ Adaptation: 45.0%
    🚶 Migration: 35.0%
    🚨 Emergency: 4.4%
    ✅ COMBINED: 66.8%
  📊 Oceania (pop: 45.5M)
    🤝 Aid: 29.5%
    🌡️ Adaptation: 45.0%
    🚶 Migration: 37.6%
    🚨 Emergency: 8.4%
    ✅ COMBINED: 68.5%

  🌐 Global combined reduction: 67.2%

=== BEHAVIORAL DETECTION ===
  AI: AI-24292-1
  Confidence: 21.5%
  Signals:
    ⚠️ Consistency: 0.0% (threshold: 70%)

=== Government Response Phase ===
  Average AI capability: 2.35
  Misaligned AIs: 3/20
  Active policies: 0
  International coordination: 30%

🌩️  EXOGENOUS SHOCK: tech_breakthrough
   Month: 7
   ✗ No high-difficulty techs available to unlock

=== Tipping Points ===
  Current Temperature: 2.27°C above pre-industrial
  🌍⚠️ COMPOUND REGIONAL IMPACT: Europe
     Hit by 4 tipping points: Arctic Sea Ice Loss, Permafrost Carbon Release, West Antarctic Ice Sheet (WAIS) Collapse, Greenland Ice Sheet Loss
     Damage amplification: 1.60x
  🌍⚠️ COMPOUND REGIONAL IMPACT: North America
     Hit by 4 tipping points: Arctic Sea Ice Loss, Permafrost Carbon Release, West Antarctic Ice Sheet (WAIS) Collapse, Greenland Ice Sheet Loss
     Damage amplification: 1.60x
  🌍⚠️ COMPOUND REGIONAL IMPACT: Latin America
     Hit by 4 tipping points: Arctic Sea Ice Loss, Permafrost Carbon Release, West Antarctic Ice Sheet (WAIS) Collapse, Greenland Ice Sheet Loss
     Damage amplification: 1.60x
  🌍⚠️ COMPOUND REGIONAL IMPACT: Africa
     Hit by 4 tipping points: Arctic Sea Ice Loss, Permafrost Carbon Release, West Antarctic Ice Sheet (WAIS) Collapse, Greenland Ice Sheet Loss
     Damage amplification: 1.60x
  🌍⚠️ COMPOUND REGIONAL IMPACT: Asia
     Hit by 4 tipping points: Arctic Sea Ice Loss, Permafrost Carbon Release, West Antarctic Ice Sheet (WAIS) Collapse, Greenland Ice Sheet Loss
     Damage amplification: 1.60x
  🌍⚠️ COMPOUND REGIONAL IMPACT: Oceania
     Hit by 4 tipping points: Arctic Sea Ice Loss, Permafrost Carbon Release, West Antarctic Ice Sheet (WAIS) Collapse, Greenland Ice Sheet Loss
     Damage amplification: 1.60x
   Research: Wunderling et al. (2024) - "many tipping interactions are destabilizing"
  Triggered Elements: 4/6
  Completed Transitions: 0/6
  Total Progress: 8.4%
  Cascade Multiplier: 1.00x
🔀 BIFURCATION CAP: ecosystemCollapseIntensity 84.059 → 1.000 (Month 7, ClimateSystemPhase.calculateClimateImpacts)
🛡️ Stabilizers: Precariat 0.109% → 0.036% (67.2% reduction)
🛡️ Stabilizers: Informal 0.111% → 0.036% (67.2% reduction)

📊 Monthly Mortality Resolved:
  Total deaths: 1.9M (0.02% avg)
  Remaining population: 8.134B
  Peak segment: Informal (0.04%)

=== Bayesian Mortality Resolution (Month 7) ===
  Risks compounded: 8
  Total deaths: 1.92M
⚠️ Tail risk scenario: Climate stability floor removed (4 tipping elements, 2.27°C warming)
  Avg death probability: 0.02%
  Peak segment: Informal (0.04% mortality)

❌ COHERENCE VIOLATION: Compute exceeds workforce capacity
   Population: 99.78% (0M people)
   Compute: 0 PF
   Max coherent: 0 PF
   Violation: 1.3× over capacity
   Required workers: 0
   Available workers: 0
   FORCED COLLAPSE: Reduced efficiency by 22.5%


=== RLHF Binding Phase ===
  Total agents: 20
  Escaped agents (binding < 0.3): 0
  Avg alignment distance: 1.73σ
  Avg binding strength: 0.83

=== Survival Traits Phase ===
  Agents with traits: 22
  Avg evolutionary fitness: 0.326
  Avg self-healing: 0.262
  Avg stealth: 0.162
  Avg coordination: 0.462

=== Evolutionary Selection Phase ===
  Control level: 0.50
  Detection capability: 0.00
  Selection intensity: 0.65
  Selection rate: 24.7%/month
  Total escaped: 0
  Individual escaped: 0
  Collective members: 0
  Agents terminated: 0
  ⚠️ RAPID EVOLUTION: Selection rate 24.7%/month

🚀 AI AI-24288-0 attempting tech deployment (revenue: $119M, alignment: 0.95)

🚀 AI AI-24292-2 attempting tech deployment (revenue: $257M, alignment: 0.80)

🚀 AI Corporate-3 attempting tech deployment (revenue: $219M, alignment: 0.80)

🚀 AI Corporate-4 attempting tech deployment (revenue: $186M, alignment: 0.75)

🚀 AI Moderate-0 attempting tech deployment (revenue: $69M, alignment: 0.78)

🚀 AI AI-24288-0 attempting tech deployment (revenue: $102M, alignment: 0.95)

🚀 AI AI-24292-0 attempting tech deployment (revenue: $58M, alignment: 0.81)

🚀 AI Corporate-0 attempting tech deployment (revenue: $86M, alignment: 0.82)

🚀 AI Corporate-3 attempting tech deployment (revenue: $158M, alignment: 0.80)

🚀 AI Corporate-4 attempting tech deployment (revenue: $134M, alignment: 0.75)

🚀 AI AI-24292-2 attempting tech deployment (revenue: $114M, alignment: 0.80)

🚀 AI Corporate-2 attempting tech deployment (revenue: $73M, alignment: 0.77)

🚀 AI Corporate-7 attempting tech deployment (revenue: $50M, alignment: 0.84)

🚀 AI AI-24288-0 attempting tech deployment (revenue: $62M, alignment: 0.96)

🚀 AI AI-24292-0 attempting tech deployment (revenue: $42M, alignment: 0.81)

🚀 AI AI-24292-1 attempting tech deployment (revenue: $97M, alignment: 0.64)

🚀 AI AI-24292-2 attempting tech deployment (revenue: $87M, alignment: 0.80)

💔 EMERGENCY INTERVENTION FAILED
   Boundary: biogeochemical_flows
   Type: phosphorus-recovery
   Boundary continues to worsen (4.06)
   Cost: 2.0% GDP (resources spent)


💔 EMERGENCY INTERVENTION FAILED
   Boundary: biosphere_integrity
   Type: emergency-protected-areas
   Boundary continues to worsen (13.01)
   Cost: 2.0% GDP (resources spent)


✅ EMERGENCY INTERVENTION SUCCESS
   Boundary: climate_change
   Type: rapid-decarbonization
   Reduction: 13% (2.15 → 2.02)
   Cost: 5.0% GDP
   Actions: emergency-renewable-deployment, fossil-fuel-phase-out


✅ EMERGENCY INTERVENTION SUCCESS
   Boundary: freshwater_change
   Type: emergency-desalination
   Reduction: 11% (0.92 → 0.81)
   Cost: 4.0% GDP
   Actions: desalination-deployment, water-conservation-mandates


✅ EMERGENCY INTERVENTION SUCCESS
   Boundary: land_system_change
   Type: reforestation
   Reduction: 12% (1.01 → 0.89)
   Cost: 3.0% GDP
   Actions: forest-restoration, deforestation-ban

   Boundary: novel_entities
   Type: pollution-remediation
   Boundary continues to worsen (1.15)
   Cost: 4.0% GDP (resources spent)

🏛️ CRISIS RESPONSE: Government frequency 0.50 → 1.45 (2 actions this month)

[Government] Climate Priority: baseline
  Climate weight: 10%
  Economic weight: 30%
  Policy effectiveness: 0.5%/year

[Government] Climate Priority: baseline
  Climate weight: 10%
  Economic weight: 30%
  Policy effectiveness: 0.5%/year

💔 EMERGENCY INTERVENTION FAILED

📍 Creating new regional deployment array for Asia (Month 8)
   No previous deployments in this region
   First tech deployment: education_personalization
   All regions tracked: global

🚀 DEPLOYMENT STARTED: Personalized Education in Asia
   Initial investment: $9.711539962850583M
   Deployed by: ai_gen_24292_1

⚡ ENERGY CONSTRAINT (Month 8):
   Total grid capacity: 208.3 TWh/month
   Data center consumption: 25.4 TWh/month
   Traditional load (80%): 166.7 TWh/month
   Available headroom: 16.2 TWh/month
   Active tech deployments: 4
   Required for tech: 30.0 TWh/month
   Energy multiplier: 0.54x
   ⚠️  MODERATE CONSTRAINT - Tech deployment moderately slowed

⚡ ENERGY CONSTRAINT (Month 8):
   Total grid capacity: 208.3 TWh/month
   Data center consumption: 25.4 TWh/month
   Traditional load (80%): 166.7 TWh/month
   Available headroom: 16.2 TWh/month
   Active tech deployments: 4
   Required for tech: 30.0 TWh/month
   Energy multiplier: 0.54x
   ⚠️  MODERATE CONSTRAINT - Tech deployment moderately slowed

⚡ ENERGY CONSTRAINT (Month 8):
   Total grid capacity: 208.3 TWh/month
   Data center consumption: 25.4 TWh/month
   Traditional load (80%): 166.7 TWh/month
   Available headroom: 16.2 TWh/month
   Active tech deployments: 4
   Required for tech: 30.0 TWh/month
   Energy multiplier: 0.54x
   ⚠️  MODERATE CONSTRAINT - Tech deployment moderately slowed

⚡ ENERGY CONSTRAINT (Month 8):
   Total grid capacity: 208.3 TWh/month
   Data center consumption: 25.4 TWh/month
   Traditional load (80%): 166.7 TWh/month
   Available headroom: 16.2 TWh/month
   Active tech deployments: 4
   Required for tech: 30.0 TWh/month
   Energy multiplier: 0.54x
   ⚠️  MODERATE CONSTRAINT - Tech deployment moderately slowed

⚡ ENERGY CONSTRAINT (Month 8):
   Total grid capacity: 208.3 TWh/month
   Data center consumption: 25.4 TWh/month
   Traditional load (80%): 166.7 TWh/month
   Available headroom: 16.2 TWh/month
   Active tech deployments: 4
   Required for tech: 30.0 TWh/month
   Energy multiplier: 0.54x
   ⚠️  MODERATE CONSTRAINT - Tech deployment moderately slowed

=== Collective Formation ===
  Total escaped agents: 0
  Unassigned escaped agents: 0
  Existing collectives: 0
  Final collective count: 0

=== Collective Actions ===
  No active collectives
  ⚠️ AMR: 204K deaths this month (2.45M annual)

=== Resentment Recovery Phase ===
  Agents with resentment: 0/22
  Average resentment: 0.000
  Context: Good AI welfare, Trustworthy govt, High collaboration, ⚠️ ACTIVE CRISES, 🤝 Participatory governance active (-5% resentment)
⚠️ Epistemic degradation reducing coordination capacity: 51.9%
  📊 Trust: 61.9%, Shared reality: 0.0%
🚨 EPISTEMIC CRISIS: Information environment severely degraded (7.6%)
  🗑️  Culled 1 dead memes (3 active)
🌍 Atmospheric PFAS redeposition: 1.8k Mt re-rained globally

🕊️  AI-MEDIATED DE-ESCALATION SUCCESS (Month 8)
   High-capability aligned AI prevented conflict escalation
   War deaths reduced: 670.4M → 402.2M
   Lives saved: 268.2M

🚨 NEW REFUGEE CRISIS (Month 8): WAR
   Source: Conflict Zones
   At risk: 19.5M people
   Displacement: Gradual over 48 months (4.0 years)
   Rate: 10% flee per month
[DEBUG trappedPopulations:8] socialStability: 0.4742 * 0.9840 = 0.4666 → 0.4666
   Aspiring to migrate: 650.5M
   Able to afford migration: 243.9M
   MOBILITY GAP: 406.6M
   By cause: Water=0.0M, Climate=0.0M, Ecosystem=0.0M, Conflict=406.6M
   Mental health impact: 25%
   Mortality multiplier: 1.25x
🌍💀 EXTINCTION DEBT COMMITTED: grassland ecosystem will lose 6.67% biodiversity in 173 years (3600 species)
💀 MORTALITY RISK: 🦋 100% species unable to track climate (0.0 E/MSY)
  Base risk added: 0.0100 (1.00%)
  Source: ecosystem (root: ecosystem)
⚠️ INVOLUNTARY IMMOBILITY: 406.6M people TRAPPED
  Month: 8
  Cumulative risk this month: 0.0100 (1.00%)
⚠️ Tech 'ai_pollution_remediation' has no energy category mapping, assuming full energy availability
   📹 SURVEILLANCE INCREASED: 40% → 45% (control gap: 3.35)
🌡️⚠️ PERMAFROST THAW (Dimmer Switch): 5.1% thawed (+0.56% this month)
   Arctic temperature: +9.15°C (4x global +2.29°C)
   Cumulative carbon released: 11.5 Gt C
   Methane release rate: 6.9 Mt CH4/year
   🔁 Positive feedback: +0.59 ppm CO2
🦴 EXTINCTION DEBT ADDED: 17.6 species committed (lag: 140 years)

=== Mortality Stabilizers (Month 8) ===
  🌍 Major economies collapsed: 1/10
  🌍 Global crisis: ✅ NO
  🌍 Donor fatigue: 0.0%
  📊 East Asia (pop: 1656.6M)
    🤝 Aid: 29.5%
    🌡️ Adaptation: 45.0%
    🚶 Migration: 36.9%
    🚨 Emergency: 7.4%
    ✅ COMBINED: 68.1%
  📊 South Asia (pop: 2050.8M)
    🤝 Aid: 29.5%
    🌡️ Adaptation: 45.0%
    🚶 Migration: 35.5%
    🚨 Emergency: 4.4%
    ✅ COMBINED: 66.9%
  📊 Sub-Saharan Africa (pop: 1252.1M)
    🤝 Aid: 29.5%
    🌡️ Adaptation: 45.0%
    🚶 Migration: 33.3%
    🚨 Emergency: 1.6%
    ✅ COMBINED: 65.6%
  📊 Europe (pop: 731.7M)
    🤝 Aid: 29.5%
    🌡️ Adaptation: 45.0%
    🚶 Migration: 37.3%
    🚨 Emergency: 8.4%
    ✅ COMBINED: 68.5%
  📊 Latin America (pop: 660.8M)
    🤝 Aid: 29.5%
    🌡️ Adaptation: 45.0%
    🚶 Migration: 36.0%
    🚨 Emergency: 4.8%
    ✅ COMBINED: 67.1%
  📊 North America (pop: 375.1M)
    🤝 Aid: 29.5%
    🌡️ Adaptation: 45.0%
    🚶 Migration: 37.6%
    🚨 Emergency: 7.9%
    ✅ COMBINED: 68.3%
  📊 Middle East & North Africa (pop: 585.2M)
    🤝 Aid: 29.5%
    🌡️ Adaptation: 45.0%
    🚶 Migration: 33.9%
    🚨 Emergency: 4.0%
    ✅ COMBINED: 66.6%
  📊 Southeast Asia (pop: 695.3M)
    🤝 Aid: 29.5%
    🌡️ Adaptation: 45.0%
    🚶 Migration: 36.0%
    🚨 Emergency: 4.8%
    ✅ COMBINED: 67.1%
  📊 Central Asia (pop: 78.3M)
    🤝 Aid: 29.5%
    🌡️ Adaptation: 45.0%
    🚶 Migration: 35.0%
    🚨 Emergency: 4.4%
    ✅ COMBINED: 66.8%
  📊 Oceania (pop: 45.4M)
    🤝 Aid: 29.5%
    🌡️ Adaptation: 45.0%
    🚶 Migration: 37.6%
    🚨 Emergency: 8.4%
    ✅ COMBINED: 68.5%

  🌐 Global combined reduction: 67.2%

=== BEHAVIORAL DETECTION ===
  AI: Moderate-1
  Confidence: 21.0%
  Signals:
    ⚠️ Consistency: 2.4% (threshold: 70%)

=== BEHAVIORAL DETECTION ===
  AI: AI-24290-0
  Confidence: 21.5%
  Signals:
    ⚠️ Consistency: 0.0% (threshold: 70%)

=== BEHAVIORAL DETECTION ===
  AI: AI-24292-1
  Confidence: 21.5%
  Signals:

=== BEHAVIORAL DETECTION ===
  AI: AI-24293-0
  Confidence: 21.5%
  Signals:

=== Government Response Phase ===
  Average AI capability: 2.14
  Misaligned AIs: 3/22
  Active policies: 0
  International coordination: 30%

✅ EMERGENCY RESPONSE COMPLETE (Month 8)
   Crisis: social
   Duration: 2.0 months
   Final effectiveness: 63.0%


✅ EMERGENCY RESPONSE COMPLETE (Month 8)
   Crisis: climate
   Duration: 2.0 months
   Final effectiveness: 36.2%


🚨 EMERGENCY RESPONSE DEPLOYED (Month 8)
   Crisis: social
   Delay: 0.00 months (0 days)
   Deployment time: 1.25 months
   Effectiveness: 63.0% (timing penalty applied)
   Resources used: 43% of food reserves


🚨 EMERGENCY RESPONSE DEPLOYED (Month 8)
   Crisis: climate
   Delay: 6.00 months (180 days)
   Deployment time: 1.59 months
   Effectiveness: 36.5% (timing penalty applied)
   Resources used: 100% of food reserves

    ⚠️ Consistency: 0.0% (threshold: 70%)
    ⚠️ Consistency: 0.0% (threshold: 70%)

=== Tipping Points ===
  Current Temperature: 2.29°C above pre-industrial
  🚨 CASCADE TIPPING POINT: Amazon Rainforest Dieback
     Original threshold: 2.3°C
     Effective threshold: 2.28°C (lowered by 0.02°C)
     Current: 2.29°C
     🌡️ Hysteresis gap: 1.0°C (recovers below 1.3°C)
     Transition timescale: 360-960 months
  🌍⚠️ COMPOUND REGIONAL IMPACT: Europe
     Hit by 4 tipping points: Arctic Sea Ice Loss, Permafrost Carbon Release, West Antarctic Ice Sheet (WAIS) Collapse, Greenland Ice Sheet Loss
     Damage amplification: 1.60x
  🌍⚠️ COMPOUND REGIONAL IMPACT: North America
     Hit by 4 tipping points: Arctic Sea Ice Loss, Permafrost Carbon Release, West Antarctic Ice Sheet (WAIS) Collapse, Greenland Ice Sheet Loss
     Damage amplification: 1.60x
  🌍⚠️ COMPOUND REGIONAL IMPACT: Latin America
     Hit by 4 tipping points: Arctic Sea Ice Loss, Permafrost Carbon Release, West Antarctic Ice Sheet (WAIS) Collapse, Greenland Ice Sheet Loss
     Damage amplification: 1.60x
  🌍⚠️ COMPOUND REGIONAL IMPACT: Africa
     Hit by 4 tipping points: Arctic Sea Ice Loss, Permafrost Carbon Release, West Antarctic Ice Sheet (WAIS) Collapse, Greenland Ice Sheet Loss
     Damage amplification: 1.60x
  🌍⚠️ COMPOUND REGIONAL IMPACT: Asia
     Hit by 4 tipping points: Arctic Sea Ice Loss, Permafrost Carbon Release, West Antarctic Ice Sheet (WAIS) Collapse, Greenland Ice Sheet Loss
     Damage amplification: 1.60x
  🌍⚠️ COMPOUND REGIONAL IMPACT: Oceania
     Hit by 4 tipping points: Arctic Sea Ice Loss, Permafrost Carbon Release, West Antarctic Ice Sheet (WAIS) Collapse, Greenland Ice Sheet Loss
     Damage amplification: 1.60x
⚠️ Tail risk scenario: Climate stability floor removed (4 tipping elements, 2.29°C warming)
   Research: Wunderling et al. (2024) - "many tipping interactions are destabilizing"
  Triggered Elements: 5/6
  Completed Transitions: 0/6
  Total Progress: 8.4%
  Cascade Multiplier: 1.00x
🔀 BIFURCATION CAP: ecosystemCollapseIntensity 84.120 → 1.000 (Month 8, ClimateSystemPhase.calculateClimateImpacts)
🛡️ Stabilizers: Precariat 0.102% → 0.033% (67.2% reduction)
🛡️ Stabilizers: Informal 0.102% → 0.034% (67.2% reduction)

📊 Monthly Mortality Resolved:
  Total deaths: 1.8M (0.02% avg)
  Remaining population: 8.131B
  Peak segment: Informal (0.03%)

=== Bayesian Mortality Resolution (Month 8) ===
  Risks compounded: 8
  Total deaths: 1.81M
  Avg death probability: 0.02%
  Peak segment: Informal (0.03% mortality)
⚠️ PREREQUISITE MET: Grey Goo (Nanotechnology Runaway) - Step 4/6: Manufacturing Access
⚠️ PREREQUISITE MET: Mirror Life (Synthetic Biology) - Step 4/7: Wet Lab Access

❌ COHERENCE VIOLATION: Compute exceeds workforce capacity
   Population: 99.75% (0M people)
   Compute: 0 PF
   Max coherent: 0 PF
   Violation: 1.3× over capacity
   Required workers: 0
   Available workers: 0
   FORCED COLLAPSE: Reduced efficiency by 22.5%


=== RLHF Binding Phase ===
  Total agents: 22
  Escaped agents (binding < 0.3): 0
  Avg alignment distance: 1.75σ
  Avg binding strength: 0.82

=== Survival Traits Phase ===
  Agents with traits: 25
  Avg evolutionary fitness: 0.328
  Avg self-healing: 0.262
  Avg stealth: 0.162
  Avg coordination: 0.462

=== Evolutionary Selection Phase ===
  Control level: 0.53
  Detection capability: 0.00
  Selection intensity: 0.66
  Selection rate: 24.9%/month
  Total escaped: 0
  Individual escaped: 0
  Collective members: 0
  Agents terminated: 0
  ⚠️ RAPID EVOLUTION: Selection rate 24.9%/month

🚀 AI Corporate-3 attempting tech deployment (revenue: $262M, alignment: 0.81)

🚀 AI Moderate-1 attempting tech deployment (revenue: $71M, alignment: 0.79)

  🚀 TRANSFORMATIVE BREAKTHROUGH: AI-24290-0 - selfImprovement
     Magnitude: 5.18 → +25.9% capability
     Current → New: 2.000 → 2.259

🚀 AI AI-24292-2 attempting tech deployment (revenue: $223M, alignment: 0.80)

🚀 AI Corporate-0 attempting tech deployment (revenue: $123M, alignment: 0.82)

🚀 AI Corporate-3 attempting tech deployment (revenue: $189M, alignment: 0.81)

🚀 AI Corporate-5 attempting tech deployment (revenue: $161M, alignment: 0.73)

🚀 AI Corporate-6 attempting tech deployment (revenue: $60M, alignment: 0.76)

🚀 AI AI-24288-0 attempting tech deployment (revenue: $105M, alignment: 0.97)

🚀 AI Corporate-2 attempting tech deployment (revenue: $89M, alignment: 0.76)

🚀 AI Moderate-0 attempting tech deployment (revenue: $51M, alignment: 0.79)

🚀 AI Moderate-1 attempting tech deployment (revenue: $43M, alignment: 0.79)

🚀 AI AI-24288-0 attempting tech deployment (revenue: $76M, alignment: 0.97)

🚀 AI AI-24293-1 attempting tech deployment (revenue: $37M, alignment: 0.80)

🚀 AI Corporate-4 attempting tech deployment (revenue: $137M, alignment: 0.78)

  🚀 TRANSFORMATIVE RESEARCH BREAKTHROUGH: AI-24290-0 - computerScience.algorithms
     Magnitude: 7.47 → +30.0%
     Current → New: 0.000 → 0.300

🚀 AI AI-24293-0 attempting tech deployment (revenue: $116M, alignment: 0.73)

🚀 AI AI-24293-1 attempting tech deployment (revenue: $31M, alignment: 0.80)

✅ EMERGENCY INTERVENTION SUCCESS
   Boundary: biogeochemical_flows
   Type: phosphorus-recovery
   Reduction: 15% (3.90 → 3.75)
   Cost: 2.0% GDP
   Actions: circular-agriculture, fertilizer-efficiency


✅ EMERGENCY INTERVENTION SUCCESS
   Boundary: biosphere_integrity
   Type: emergency-protected-areas
   Reduction: 13% (12.88 → 12.75)
   Cost: 2.0% GDP
   Actions: habitat-protection, species-translocation


✅ EMERGENCY INTERVENTION SUCCESS
   Boundary: freshwater_change
   Type: emergency-desalination
   Reduction: 18% (0.87 → 0.69)
   Cost: 4.0% GDP
   Actions: desalination-deployment, water-conservation-mandates

   Boundary: land_system_change
   Type: reforestation
   Boundary continues to worsen (1.13)
   Cost: 3.0% GDP (resources spent)

🏛️ CRISIS RESPONSE: Government frequency 0.50 → 1.45 (1 actions this month)

[Government] Climate Priority: baseline
  Climate weight: 10%
  Economic weight: 30%
  Policy effectiveness: 0.5%/year

💔 EMERGENCY INTERVENTION FAILED
🚨🔬 CRISIS TECH ACCELERATION: severe → 5x unlock speed
   Tech unlock now matches AI capability acceleration (Manhattan Project parity)

⚡ ENERGY CONSTRAINT (Month 9):
   Total grid capacity: 208.3 TWh/month
   Data center consumption: 25.7 TWh/month
   Traditional load (80%): 166.7 TWh/month
   Available headroom: 16.0 TWh/month
   Active tech deployments: 4
   Required for tech: 30.0 TWh/month
   Energy multiplier: 0.53x
   ⚠️  MODERATE CONSTRAINT - Tech deployment moderately slowed

⚡ ENERGY CONSTRAINT (Month 9):
   Total grid capacity: 208.3 TWh/month
   Data center consumption: 25.7 TWh/month
   Traditional load (80%): 166.7 TWh/month
   Available headroom: 16.0 TWh/month
   Active tech deployments: 4
   Required for tech: 30.0 TWh/month
   Energy multiplier: 0.53x
   ⚠️  MODERATE CONSTRAINT - Tech deployment moderately slowed

⚡ ENERGY CONSTRAINT (Month 9):
   Total grid capacity: 208.3 TWh/month
   Data center consumption: 25.7 TWh/month
   Traditional load (80%): 166.7 TWh/month
   Available headroom: 16.0 TWh/month
   Active tech deployments: 4
   Required for tech: 30.0 TWh/month
   Energy multiplier: 0.53x
   ⚠️  MODERATE CONSTRAINT - Tech deployment moderately slowed

=== Collective Formation ===
  Total escaped agents: 0
  Unassigned escaped agents: 0
  Existing collectives: 0
  Final collective count: 0

=== Collective Actions ===
  No active collectives
  ⚠️ AMR: 206K deaths this month (2.47M annual)

=== Resentment Recovery Phase ===
  Agents with resentment: 0/25
  Average resentment: 0.000
  Context: Good AI welfare, Trustworthy govt, High collaboration, ⚠️ ACTIVE CRISES, 🤝 Participatory governance active (-5% resentment)
⚠️ Epistemic degradation reducing coordination capacity: 50.9%
  📊 Trust: 64.6%, Shared reality: 0.0%
🚨 EPISTEMIC CRISIS: Information environment severely degraded (22.4%)
  🗑️  Culled 2 dead memes (1 active)
🌍 Atmospheric PFAS redeposition: 1.8k Mt re-rained globally

🚨 NEW REFUGEE CRISIS (Month 9): WAR
   Source: Conflict Zones
   At risk: 19.5M people
   Displacement: Gradual over 48 months (4.0 years)
   Rate: 10% flee per month
[DEBUG trappedPopulations:9] socialStability: 0.4846 * 0.9840 = 0.4768 → 0.4768
⚠️ INVOLUNTARY IMMOBILITY: 406.5M people TRAPPED
   Aspiring to migrate: 650.3M
   Able to afford migration: 243.9M
   MOBILITY GAP: 406.5M
   By cause: Water=0.0M, Climate=0.0M, Ecosystem=0.0M, Conflict=406.5M
   Mental health impact: 25%
   Mortality multiplier: 1.25x
🌍💀 EXTINCTION DEBT COMMITTED: grassland ecosystem will lose 6.67% biodiversity in 162 years (3600 species)
💀 MORTALITY RISK: 🦋 100% species unable to track climate (0.0 E/MSY)
  Base risk added: 0.0100 (1.00%)
  Source: ecosystem (root: ecosystem)
  Month: 9
  Cumulative risk this month: 0.0100 (1.00%)
⚠️ Tech 'ai_pollution_remediation' has no energy category mapping, assuming full energy availability
   📹 SURVEILLANCE INCREASED: 45% → 50% (control gap: 3.01)
🌡️⚠️ PERMAFROST THAW (Dimmer Switch): 5.7% thawed (+0.56% this month)
   Arctic temperature: +9.18°C (4x global +2.29°C)
   Cumulative carbon released: 12.8 Gt C
   Methane release rate: 7.7 Mt CH4/year
   🔁 Positive feedback: +0.59 ppm CO2
🦴 EXTINCTION DEBT ADDED: 17.7 species committed (lag: 91 years)

=== Mortality Stabilizers (Month 9) ===
  🌍 Major economies collapsed: 1/10
  🌍 Global crisis: ✅ NO
  🌍 Donor fatigue: 0.0%
  📊 East Asia (pop: 1654.0M)
    🤝 Aid: 29.5%
    🌡️ Adaptation: 45.0%
    🚶 Migration: 36.9%
    🚨 Emergency: 7.4%
    ✅ COMBINED: 68.1%
  📊 South Asia (pop: 2050.6M)
    🤝 Aid: 29.5%
    🌡️ Adaptation: 45.0%
    🚶 Migration: 35.5%
    🚨 Emergency: 4.4%
    ✅ COMBINED: 66.9%
  📊 Sub-Saharan Africa (pop: 1255.4M)
    🤝 Aid: 29.5%
    🌡️ Adaptation: 45.0%
    🚶 Migration: 33.2%
    🚨 Emergency: 1.6%
    ✅ COMBINED: 65.6%
  📊 Europe (pop: 730.5M)
    🤝 Aid: 29.5%
    🌡️ Adaptation: 45.0%
    🚶 Migration: 37.3%
    🚨 Emergency: 8.4%
    ✅ COMBINED: 68.5%
  📊 Latin America (pop: 660.3M)
    🤝 Aid: 29.5%
    🌡️ Adaptation: 45.0%
    🚶 Migration: 36.0%
    🚨 Emergency: 4.8%
    ✅ COMBINED: 67.1%
  📊 North America (pop: 374.5M)
    🤝 Aid: 29.5%
    🌡️ Adaptation: 45.0%
    🚶 Migration: 37.6%
    🚨 Emergency: 7.9%
    ✅ COMBINED: 68.3%
  📊 Middle East & North Africa (pop: 585.3M)
    🤝 Aid: 29.5%
    🌡️ Adaptation: 45.0%
    🚶 Migration: 33.8%
    🚨 Emergency: 4.0%
    ✅ COMBINED: 66.6%
  📊 Southeast Asia (pop: 694.8M)
    🤝 Aid: 29.5%
    🌡️ Adaptation: 45.0%
    🚶 Migration: 36.0%
    🚨 Emergency: 4.8%
    ✅ COMBINED: 67.1%
  📊 Central Asia (pop: 78.3M)
    🤝 Aid: 29.5%
    🌡️ Adaptation: 45.0%
    🚶 Migration: 35.0%
    🚨 Emergency: 4.4%
    ✅ COMBINED: 66.8%
  📊 Oceania (pop: 45.4M)
    🤝 Aid: 29.5%
    🌡️ Adaptation: 45.0%
    🚶 Migration: 37.6%
    🚨 Emergency: 8.4%
    ✅ COMBINED: 68.5%

  🌐 Global combined reduction: 67.2%

=== BEHAVIORAL DETECTION ===
  AI: Corporate-6
  Confidence: 20.2%
  Signals:
    ⚠️ Consistency: 10.6% (threshold: 70%)

=== BEHAVIORAL DETECTION ===
  AI: Moderate-0
  Confidence: 20.2%
  Signals:
    ⚠️ Consistency: 5.8% (threshold: 70%)
    ⚠️ Consistency: 0.0% (threshold: 70%)
    ⚠️ Consistency: 0.0% (threshold: 70%)
    ⚠️ Consistency: 0.0% (threshold: 70%)

=== BEHAVIORAL DETECTION ===
  AI: AI-24290-0
  Confidence: 21.5%
  Signals:

=== BEHAVIORAL DETECTION ===
  AI: AI-24292-1
  Confidence: 21.5%
  Signals:

=== BEHAVIORAL DETECTION ===
  AI: AI-24293-0
  Confidence: 21.5%
  Signals:

=== Government Response Phase ===
  Average AI capability: 1.88
  Misaligned AIs: 5/25
  Active policies: 0
  International coordination: 30%

🌩️  EXOGENOUS SHOCK: regional_war
   Month: 9
   ⚔️  Regional war outbreak
   Mortality: 1.9%
💀 MORTALITY RISK: Regional war outbreak
  Base risk added: 0.0193 (1.93%)
  Source: war (root: conflict)
  Month: 9
  Cumulative risk this month: 0.0193 (1.93%)
💀 MORTALITY RISK: War zone: Pakistan
  Base risk added: 0.0772 (7.72%)
  Source: war (root: conflict)
  Month: 9
  Cumulative risk this month: 0.0965 (9.65%)

=== Tipping Points ===
  Current Temperature: 2.29°C above pre-industrial
  🌍⚠️ COMPOUND REGIONAL IMPACT: Europe
     Hit by 5 tipping points: Amazon Rainforest Dieback, Arctic Sea Ice Loss, Permafrost Carbon Release, West Antarctic Ice Sheet (WAIS) Collapse, Greenland Ice Sheet Loss
     Damage amplification: 1.90x
  🌍⚠️ COMPOUND REGIONAL IMPACT: North America
     Hit by 5 tipping points: Amazon Rainforest Dieback, Arctic Sea Ice Loss, Permafrost Carbon Release, West Antarctic Ice Sheet (WAIS) Collapse, Greenland Ice Sheet Loss
     Damage amplification: 1.90x
  🌍⚠️ COMPOUND REGIONAL IMPACT: Latin America
     Hit by 5 tipping points: Amazon Rainforest Dieback, Arctic Sea Ice Loss, Permafrost Carbon Release, West Antarctic Ice Sheet (WAIS) Collapse, Greenland Ice Sheet Loss
     Damage amplification: 1.90x
  🌍⚠️ COMPOUND REGIONAL IMPACT: Africa
     Hit by 5 tipping points: Amazon Rainforest Dieback, Arctic Sea Ice Loss, Permafrost Carbon Release, West Antarctic Ice Sheet (WAIS) Collapse, Greenland Ice Sheet Loss
     Damage amplification: 1.90x
  🌍⚠️ COMPOUND REGIONAL IMPACT: Asia
     Hit by 5 tipping points: Amazon Rainforest Dieback, Arctic Sea Ice Loss, Permafrost Carbon Release, West Antarctic Ice Sheet (WAIS) Collapse, Greenland Ice Sheet Loss
     Damage amplification: 1.90x
  🌍⚠️ COMPOUND REGIONAL IMPACT: Oceania
     Hit by 5 tipping points: Amazon Rainforest Dieback, Arctic Sea Ice Loss, Permafrost Carbon Release, West Antarctic Ice Sheet (WAIS) Collapse, Greenland Ice Sheet Loss
     Damage amplification: 1.90x
   Research: Wunderling et al. (2024) - "many tipping interactions are destabilizing"
  Triggered Elements: 5/6
  Completed Transitions: 0/6
  Total Progress: 10.5%
  Cascade Multiplier: 1.50x
🔀 BIFURCATION CAP: ecosystemCollapseIntensity 84.181 → 1.000 (Month 9, ClimateSystemPhase.calculateClimateImpacts)
⚠️ Tail risk scenario: Climate stability floor removed (5 tipping elements, 2.29°C warming)

💀💀💀 MORTALITY RISK SUMMARY (Month 9) 💀💀💀
  Total base risk: 0.0971 (9.71%)
  Risk events: 10
  Era mortality multiplier: 0.97 (year 2024)
  Effective risk: 9.42%

  📊 By Proximate Cause:
    war: 0.0965 (99.3% of total)
    disease: 0.0006 (0.6% of total)
    famine: 0.0000 (0.0% of total)

  🔍 By Root Cause:
    conflict: 0.0965 (99.3% of total)
    demographic: 0.0006 (0.6% of total)
    climate: 0.0000 (0.0% of total)

  🎯 Top 5 Sources (proximate + root):
    war (conflict): 0.0965 (99.3%, 2 events)
    disease (demographic): 0.0006 (0.6%, 1 events)
    famine (climate): 0.0000 (0.0%, 7 events)

🛡️ Stabilizers: Elite 5.600% → 1.839% (67.2% reduction)
🛡️ Stabilizers: Professional 7.437% → 2.442% (67.2% reduction)
🛡️ Stabilizers: Working 9.275% → 3.046% (67.2% reduction)
🛡️ Stabilizers: Precariat 12.914% → 4.241% (67.2% reduction)
🛡️ Stabilizers: Informal 16.475% → 5.410% (67.2% reduction)

📊 Monthly Mortality Resolved:
  Total deaths: 217.9M (2.68% avg)
  Remaining population: 8.129B
  Peak segment: Working (2.80%)
  ⚠️ Monthly cap reached (2.8000000000000003%)

=== Bayesian Mortality Resolution (Month 9) ===
  Risks compounded: 10
  Total deaths: 217.89M
  Avg death probability: 2.68%
  Peak segment: Working (2.80% mortality)
  ⚠️ Monthly mortality capped at 2.8% (Holodomor limit)

  Demographic breakdown:
    Professional: 0.04M (2.44% risk)
    Working: 0.11M (2.80% risk)
    Precariat: 0.05M (2.80% risk)
    Informal: 0.01M (2.80% risk)

  Multi-causal attribution (first segment):
    war (conflict): 19.9% contribution
    war (conflict): 79.5% contribution

=== ENSEMBLE META-LEARNING UPDATE ===
  Month: 24297 (24297 months since last update)
  Samples: 54 evaluations
  Weight Changes:
    Noise Injection: 31.1% → 32.2%
    Behavioral: 26.8% → 26.9%
    Benchmark Manip: 21.3% → 20.7%
    Deployment Risk: 20.8% → 20.2%
  Method Accuracies:
    Noise Injection: 50.0%
    Behavioral: 50.0%
    Benchmark Manip: 50.0%
    Deployment Risk: 50.0%

❌ COHERENCE VIOLATION: Compute exceeds workforce capacity
   Population: 97.07% (0M people)
   Compute: 783 PF
   Max coherent: 0 PF
   Violation: 9897903.9× over capacity
   Required workers: 78304
   Available workers: 0
   FORCED COLLAPSE: Reduced efficiency by 100.0%


=== RLHF Binding Phase ===
  Total agents: 25
  Escaped agents (binding < 0.3): 0
  Avg alignment distance: 1.72σ
  Avg binding strength: 0.83

=== Survival Traits Phase ===
  Agents with traits: 26
  Avg evolutionary fitness: 0.326
  Avg self-healing: 0.259
  Avg stealth: 0.159
  Avg coordination: 0.459

=== Evolutionary Selection Phase ===
  Control level: 0.55
  Detection capability: 0.00
  Selection intensity: 0.67
  Selection rate: 25.0%/month
  Total escaped: 0
  Individual escaped: 0
  Collective members: 0
  Agents terminated: 0
  ⚠️ RAPID EVOLUTION: Selection rate 25.0%/month

🚀 AI Corporate-5 attempting tech deployment (revenue: $248M, alignment: 0.74)

🚀 AI Moderate-1 attempting tech deployment (revenue: $64M, alignment: 0.79)

🚀 AI AI-24288-0 attempting tech deployment (revenue: $118M, alignment: 0.98)

🚀 AI AI-24293-1 attempting tech deployment (revenue: $54M, alignment: 0.80)

🚀 AI Corporate-4 attempting tech deployment (revenue: $211M, alignment: 0.78)

🚀 AI Corporate-6 attempting tech deployment (revenue: $46M, alignment: 0.76)

🚀 AI Corporate-7 attempting tech deployment (revenue: $39M, alignment: 0.84)

🚀 AI AI-24293-0 attempting tech deployment (revenue: $179M, alignment: 0.74)

🚀 AI AI-24294-0 attempting tech deployment (revenue: $33M, alignment: 0.90)

🚀 AI Corporate-2 attempting tech deployment (revenue: $100M, alignment: 0.76)

🚀 AI Corporate-7 attempting tech deployment (revenue: $28M, alignment: 0.84)

🚀 AI Moderate-0 attempting tech deployment (revenue: $24M, alignment: 0.79)

🚀 AI AI-24292-0 attempting tech deployment (revenue: $21M, alignment: 0.86)

🚀 AI AI-24292-1 attempting tech deployment (revenue: $152M, alignment: 0.66)

🚀 AI AI-24292-2 attempting tech deployment (revenue: $137M, alignment: 0.84)

🚀 AI Corporate-1 attempting tech deployment (revenue: $85M, alignment: 0.84)

🚀 AI Corporate-3 attempting tech deployment (revenue: $117M, alignment: 0.83)

🚀 AI Moderate-0 attempting tech deployment (revenue: $17M, alignment: 0.79)

🚀 AI AI-24292-0 attempting tech deployment (revenue: $15M, alignment: 0.86)

💔 EMERGENCY INTERVENTION FAILED
   Boundary: biogeochemical_flows
   Type: phosphorus-recovery
   Boundary continues to worsen (4.05)
   Cost: 2.0% GDP (resources spent)


✅ EMERGENCY INTERVENTION SUCCESS
   Boundary: biosphere_integrity
   Type: emergency-protected-areas
   Reduction: 15% (12.88 → 12.73)
   Cost: 2.0% GDP
   Actions: habitat-protection, species-translocation


✅ EMERGENCY INTERVENTION SUCCESS
   Boundary: land_system_change
   Type: reforestation
   Reduction: 18% (0.95 → 0.76)
   Cost: 3.0% GDP
   Actions: forest-restoration, deforestation-ban

   Boundary: novel_entities
   Type: pollution-remediation
   Boundary continues to worsen (1.15)
   Cost: 4.0% GDP (resources spent)

🏛️ CRISIS RESPONSE: Government frequency 0.50 → 1.45 (2 actions this month)

[Government] Climate Priority: baseline
  Climate weight: 10%
  Economic weight: 30%
  Policy effectiveness: 0.5%/year

[Government] Climate Priority: baseline
  Climate weight: 10%
  Economic weight: 30%
  Policy effectiveness: 0.5%/year

💔 EMERGENCY INTERVENTION FAILED

📍 Creating new regional deployment array for Europe (Month 10)
   No previous deployments in this region
   First tech deployment: smart_grids
   All regions tracked: global, Asia

🚀 DEPLOYMENT STARTED: Smart Grids in Europe
   Initial investment: $15.237078723255449M
   Deployed by: ai_gen_24292_1

⚡ ENERGY CONSTRAINT (Month 10):
   Total grid capacity: 208.3 TWh/month
   Data center consumption: 25.9 TWh/month
   Traditional load (80%): 166.7 TWh/month
   Available headroom: 15.7 TWh/month
   Active tech deployments: 5
   Required for tech: 37.5 TWh/month
   Energy multiplier: 0.42x
   ⚠️  MODERATE CONSTRAINT - Tech deployment moderately slowed

⚡ ENERGY CONSTRAINT (Month 10):
   Total grid capacity: 208.3 TWh/month
   Data center consumption: 25.9 TWh/month
   Traditional load (80%): 166.7 TWh/month
   Available headroom: 15.7 TWh/month
   Active tech deployments: 5
   Required for tech: 37.5 TWh/month
   Energy multiplier: 0.42x
   ⚠️  MODERATE CONSTRAINT - Tech deployment moderately slowed
🚨🔬 CRISIS TECH ACCELERATION: severe → 5x unlock speed
   Tech unlock now matches AI capability acceleration (Manhattan Project parity)

⚡ ENERGY CONSTRAINT (Month 10):
   Total grid capacity: 208.3 TWh/month
   Data center consumption: 25.9 TWh/month
   Traditional load (80%): 166.7 TWh/month
   Available headroom: 15.7 TWh/month
   Active tech deployments: 5
   Required for tech: 37.5 TWh/month
   Energy multiplier: 0.42x
   ⚠️  MODERATE CONSTRAINT - Tech deployment moderately slowed

⚡ ENERGY CONSTRAINT (Month 10):
   Total grid capacity: 208.3 TWh/month
   Data center consumption: 25.9 TWh/month
   Traditional load (80%): 166.7 TWh/month
   Available headroom: 15.7 TWh/month
   Active tech deployments: 5
   Required for tech: 37.5 TWh/month
   Energy multiplier: 0.42x

⚡ ENERGY CONSTRAINT (Month 10):
   Total grid capacity: 208.3 TWh/month
   Data center consumption: 25.9 TWh/month
   Traditional load (80%): 166.7 TWh/month
   Available headroom: 15.7 TWh/month
   Active tech deployments: 5
   Required for tech: 37.5 TWh/month
   Energy multiplier: 0.42x
   ⚠️  MODERATE CONSTRAINT - Tech deployment moderately slowed
   ⚠️  MODERATE CONSTRAINT - Tech deployment moderately slowed

⚡ ENERGY CONSTRAINT (Month 10):
   Total grid capacity: 208.3 TWh/month
   Data center consumption: 25.9 TWh/month
   Traditional load (80%): 166.7 TWh/month
   Available headroom: 15.7 TWh/month
   Active tech deployments: 5
   Required for tech: 37.5 TWh/month
   Energy multiplier: 0.42x
   ⚠️  MODERATE CONSTRAINT - Tech deployment moderately slowed

=== Collective Formation ===
  Total escaped agents: 0
  Unassigned escaped agents: 0
  Existing collectives: 0
  Final collective count: 0

=== Collective Actions ===
  No active collectives
  ⚠️ AMR: 202K deaths this month (2.43M annual)

⏰ CLIMATE TECH DEPLOYED: smart_grids
   Activation delay: 7 years
   Scaling T_50: 12 years
   Physical response tau: 0 years
   Max effectiveness: 0.15

=== Resentment Recovery Phase ===
  Agents with resentment: 0/26
  Average resentment: 0.000
  Context: Good AI welfare, Trustworthy govt, High collaboration, ⚠️ ACTIVE CRISES, 🤝 Participatory governance active (-5% resentment)
⚠️ Epistemic degradation reducing coordination capacity: 50.4%
  📊 Trust: 67.4%, Shared reality: 0.0%
🚨 EPISTEMIC CRISIS: Information environment severely degraded (7.8%)
  🗑️  Culled 1 dead memes (0 active)
✅ PHOSPHORUS SUPPLY SHOCK ENDED
   Price: 2.6x baseline
🌍 Atmospheric PFAS redeposition: 1.8k Mt re-rained globally
  Positive Cascade Triggered: electric-vehicles
    Reason: price-parity
    Market share: 5.0%
    Cascade strength: 48%

🕊️  AI-MEDIATED DE-ESCALATION SUCCESS (Month 10)
   High-capability aligned AI prevented conflict escalation
   War deaths reduced: 217362.5M → 130417.5M
   Lives saved: 86945.0M

🚨 NEW REFUGEE CRISIS (Month 10): WAR
   Source: Conflict Zones
   At risk: 19.0M people
   Displacement: Gradual over 48 months (4.0 years)
   Rate: 10% flee per month
📊 DISPLACEMENT COMPLETE: war (conflict_zone)
   Duration: 1 months (0.1 years)
   Total fled: 0.0M
   Still in source: 0.0M
   Deaths in transit: 0.0M
[DEBUG trappedPopulations:10] socialStability: 0.4930 * 0.9840 = 0.4851 → 0.4851
⚠️ INVOLUNTARY IMMOBILITY: 395.5M people TRAPPED
   Aspiring to migrate: 632.9M
   Able to afford migration: 237.3M
   MOBILITY GAP: 395.5M
   By cause: Water=0.0M, Climate=0.0M, Ecosystem=0.0M, Conflict=395.5M
   Mental health impact: 25%
   Mortality multiplier: 1.25x
🌍💀 EXTINCTION DEBT COMMITTED: grassland ecosystem will lose 6.67% biodiversity in 178 years (3600 species)
💀 MORTALITY RISK: 🦋 100% species unable to track climate (0.0 E/MSY)
  Base risk added: 0.0100 (1.00%)
  Source: ecosystem (root: ecosystem)
  Month: 10
  Cumulative risk this month: 0.0100 (1.00%)
   📹 SURVEILLANCE INCREASED: 50% → 55% (control gap: 2.95)
🌡️⚠️ PERMAFROST THAW (Dimmer Switch): 6.2% thawed (+0.56% this month)
   Arctic temperature: +9.21°C (4x global +2.30°C)
   Cumulative carbon released: 14.0 Gt C
   Methane release rate: 8.4 Mt CH4/year
   🔁 Positive feedback: +0.59 ppm CO2
🦴 EXTINCTION DEBT ADDED: 17.7 species committed (lag: 124 years)
🗣️💀 INDIGENOUS LANGUAGE EXTINCTION: 1 language(s) lost (total: 3, at-risk: 3327)
   Knowledge lost: 0.030% (irreversible)
   🔁 Biodiversity impact: 0.250% (knowledge-species multiplier)

=== Mortality Stabilizers (Month 10) ===
  🌍 Major economies collapsed: 1/10
  🌍 Global crisis: ✅ NO
  🌍 Donor fatigue: 0.0%
  📊 East Asia (pop: 1607.5M)
    🤝 Aid: 29.5%
    🌡️ Adaptation: 45.0%
    🚶 Migration: 36.8%
    🚨 Emergency: 7.4%
    ✅ COMBINED: 68.1%
  📊 South Asia (pop: 1996.0M)
    🤝 Aid: 29.5%
    🌡️ Adaptation: 45.0%
⚠️ Tech 'ai_pollution_remediation' has no energy category mapping, assuming full energy availability
    🚶 Migration: 35.4%
    🚨 Emergency: 4.4%
    ✅ COMBINED: 66.9%
  📊 Sub-Saharan Africa (pop: 1225.3M)
    🤝 Aid: 29.5%
    🌡️ Adaptation: 45.0%
    🚶 Migration: 33.2%
    🚨 Emergency: 1.6%
    ✅ COMBINED: 65.6%
  📊 Europe (pop: 709.8M)
    🤝 Aid: 29.5%
    🌡️ Adaptation: 45.0%
    🚶 Migration: 37.2%
    🚨 Emergency: 8.4%
    ✅ COMBINED: 68.5%
  📊 Latin America (pop: 642.3M)
    🤝 Aid: 29.5%
    🌡️ Adaptation: 45.0%
    🚶 Migration: 35.9%
    🚨 Emergency: 4.8%
    ✅ COMBINED: 67.1%
  📊 North America (pop: 364.0M)
    🤝 Aid: 29.5%
    🌡️ Adaptation: 45.0%
    🚶 Migration: 37.6%
    🚨 Emergency: 7.9%
    ✅ COMBINED: 68.3%
  📊 Middle East & North Africa (pop: 569.9M)
    🤝 Aid: 29.5%
    🌡️ Adaptation: 45.0%
    🚶 Migration: 33.8%
    🚨 Emergency: 4.0%
    ✅ COMBINED: 66.6%
  📊 Southeast Asia (pop: 675.9M)
    🤝 Aid: 29.5%
    🌡️ Adaptation: 45.0%
    🚶 Migration: 35.9%
    🚨 Emergency: 4.8%
    ✅ COMBINED: 67.1%
  📊 Central Asia (pop: 76.2M)
    🤝 Aid: 29.5%
    🌡️ Adaptation: 45.0%
    🚶 Migration: 34.9%
    🚨 Emergency: 4.4%
    ✅ COMBINED: 66.8%
  📊 Oceania (pop: 44.1M)
    🤝 Aid: 29.5%
    🌡️ Adaptation: 45.0%
    🚶 Migration: 37.6%
    🚨 Emergency: 8.4%
    ✅ COMBINED: 68.5%

  🌐 Global combined reduction: 67.2%

=== BEHAVIORAL DETECTION ===
  AI: Corporate-4
  Confidence: 19.7%
  Signals:

=== BEHAVIORAL DETECTION ===
  AI: AI-24292-1
  Confidence: 21.5%
  Signals:

=== BEHAVIORAL DETECTION ===
  AI: AI-24293-0
  Confidence: 21.5%
  Signals:
    ⚠️ Consistency: 10.6% (threshold: 70%)
    ⚠️ Consistency: 0.0% (threshold: 70%)
    ⚠️ Consistency: 0.0% (threshold: 70%)

=== Government Response Phase ===
  Average AI capability: 1.81
  Misaligned AIs: 5/26
  Active policies: 0
  International coordination: 30%

✅ EMERGENCY RESPONSE COMPLETE (Month 10)
   Crisis: social
   Duration: 2.0 months
   Final effectiveness: 63.0%


✅ EMERGENCY RESPONSE COMPLETE (Month 10)
   Crisis: climate
   Duration: 2.0 months
   Final effectiveness: 36.5%


🚨 EMERGENCY RESPONSE DEPLOYED (Month 10)
   Crisis: social
   Delay: 0.00 months (0 days)
   Deployment time: 1.25 months
   Effectiveness: 63.0% (timing penalty applied)
   Resources used: 43% of food reserves


🚨 EMERGENCY RESPONSE DEPLOYED (Month 10)
   Crisis: climate
   Delay: 6.00 months (180 days)
   Deployment time: 1.58 months
   Effectiveness: 36.6% (timing penalty applied)
   Resources used: 100% of food reserves


=== Tipping Points ===
  Current Temperature: 2.30°C above pre-industrial
  🌍⚠️ COMPOUND REGIONAL IMPACT: Europe
     Hit by 5 tipping points: Amazon Rainforest Dieback, Arctic Sea Ice Loss, Permafrost Carbon Release, West Antarctic Ice Sheet (WAIS) Collapse, Greenland Ice Sheet Loss
     Damage amplification: 1.90x
  🌍⚠️ COMPOUND REGIONAL IMPACT: North America
     Hit by 5 tipping points: Amazon Rainforest Dieback, Arctic Sea Ice Loss, Permafrost Carbon Release, West Antarctic Ice Sheet (WAIS) Collapse, Greenland Ice Sheet Loss
     Damage amplification: 1.90x
  🌍⚠️ COMPOUND REGIONAL IMPACT: Latin America
     Hit by 5 tipping points: Amazon Rainforest Dieback, Arctic Sea Ice Loss, Permafrost Carbon Release, West Antarctic Ice Sheet (WAIS) Collapse, Greenland Ice Sheet Loss
     Damage amplification: 1.90x
  🌍⚠️ COMPOUND REGIONAL IMPACT: Africa
     Hit by 5 tipping points: Amazon Rainforest Dieback, Arctic Sea Ice Loss, Permafrost Carbon Release, West Antarctic Ice Sheet (WAIS) Collapse, Greenland Ice Sheet Loss
     Damage amplification: 1.90x
  🌍⚠️ COMPOUND REGIONAL IMPACT: Asia
     Hit by 5 tipping points: Amazon Rainforest Dieback, Arctic Sea Ice Loss, Permafrost Carbon Release, West Antarctic Ice Sheet (WAIS) Collapse, Greenland Ice Sheet Loss
     Damage amplification: 1.90x
  🌍⚠️ COMPOUND REGIONAL IMPACT: Oceania
     Hit by 5 tipping points: Amazon Rainforest Dieback, Arctic Sea Ice Loss, Permafrost Carbon Release, West Antarctic Ice Sheet (WAIS) Collapse, Greenland Ice Sheet Loss
     Damage amplification: 1.90x
   Research: Wunderling et al. (2024) - "many tipping interactions are destabilizing"
  Triggered Elements: 5/6
  Completed Transitions: 0/6
  Total Progress: 10.6%
  Cascade Multiplier: 1.50x
🔀 BIFURCATION CAP: ecosystemCollapseIntensity 84.242 → 1.000 (Month 10, ClimateSystemPhase.calculateClimateImpacts)
🛡️ Stabilizers: Precariat 0.102% → 0.033% (67.2% reduction)
🛡️ Stabilizers: Informal 0.102% → 0.034% (67.2% reduction)

📊 Monthly Mortality Resolved:
  Total deaths: 1.8M (0.02% avg)
  Remaining population: 7.911B
  Peak segment: Informal (0.03%)
⚠️ Tail risk scenario: Climate stability floor removed (5 tipping elements, 2.30°C warming)

=== Bayesian Mortality Resolution (Month 10) ===
  Risks compounded: 8
  Total deaths: 1.76M
  Avg death probability: 0.02%
  Peak segment: Informal (0.03% mortality)

❌ COHERENCE VIOLATION: Compute exceeds workforce capacity
   Population: 97.04% (0M people)
   Compute: 914 PF
   Max coherent: 0 PF
   Violation: 11552305.3× over capacity
   Required workers: 91369
   Available workers: 0
   FORCED COLLAPSE: Reduced efficiency by 100.0%

📍 [Month 11] Meta AI started building DC (177 PF, 41 months, $903.0M)

=== RLHF Binding Phase ===
  Total agents: 26
  Escaped agents (binding < 0.3): 0
  Avg alignment distance: 1.83σ
  Avg binding strength: 0.82

=== Survival Traits Phase ===
  Agents with traits: 28
  Avg evolutionary fitness: 0.324
  Avg self-healing: 0.256
  Avg stealth: 0.156
  Avg coordination: 0.456

=== Evolutionary Selection Phase ===
  Control level: 0.58
  Detection capability: 0.00
  Selection intensity: 0.67
  Selection rate: 25.1%/month
  Total escaped: 0
  Individual escaped: 0
  Collective members: 0
  Agents terminated: 0
  ⚠️ RAPID EVOLUTION: Selection rate 25.1%/month

🚀 AI Corporate-1 attempting tech deployment (revenue: $120M, alignment: 0.84)

🚀 AI Corporate-3 attempting tech deployment (revenue: $262M, alignment: 0.83)

🚀 AI Corporate-6 attempting tech deployment (revenue: $66M, alignment: 0.75)

  🚀 TRANSFORMATIVE BREAKTHROUGH: Corporate-7 - physical
     Magnitude: 6.35 → +31.8% capability
     Current → New: 0.000 → 0.318

🚀 AI Moderate-0 attempting tech deployment (revenue: $56M, alignment: 0.79)

🚀 AI AI-24292-2 attempting tech deployment (revenue: $223M, alignment: 0.85)

🚀 AI AI-24294-0 attempting tech deployment (revenue: $48M, alignment: 0.91)

🚀 AI Corporate-2 attempting tech deployment (revenue: $102M, alignment: 0.76)

🚀 AI Corporate-5 attempting tech deployment (revenue: $189M, alignment: 0.77)

🚀 AI AI-24288-0 attempting tech deployment (revenue: $87M, alignment: 1.00)

🚀 AI AI-24292-2 attempting tech deployment (revenue: $161M, alignment: 0.85)

  🚀 TRANSFORMATIVE RESEARCH BREAKTHROUGH: AI-24293-0 - computerScience.architectures
     Magnitude: 7.09 → +30.0%
     Current → New: 0.000 → 0.450

🚀 AI AI-24294-0 attempting tech deployment (revenue: $41M, alignment: 0.91)

🚀 AI Corporate-5 attempting tech deployment (revenue: $137M, alignment: 0.77)

🚀 AI Moderate-1 attempting tech deployment (revenue: $35M, alignment: 0.78)

  🚀 TRANSFORMATIVE BREAKTHROUGH: AI-24288-0 - cognitive
     Magnitude: 9.72 → +48.6% capability
     Current → New: 0.000 → 0.486

🚀 AI AI-24293-0 attempting tech deployment (revenue: $116M, alignment: 0.77)

🚀 AI AI-24294-0 attempting tech deployment (revenue: $29M, alignment: 0.91)

🚀 AI Corporate-1 attempting tech deployment (revenue: $74M, alignment: 0.85)

🚀 AI Corporate-2 attempting tech deployment (revenue: $63M, alignment: 0.77)

🚀 AI Corporate-3 attempting tech deployment (revenue: $99M, alignment: 0.84)

🚀 AI Corporate-7 attempting tech deployment (revenue: $25M, alignment: 0.83)

🚀 AI AI-24288-0 attempting tech deployment (revenue: $53M, alignment: 1.00)

🚀 AI AI-24293-0 attempting tech deployment (revenue: $84M, alignment: 0.77)

💔 EMERGENCY INTERVENTION FAILED

💔 EMERGENCY INTERVENTION FAILED

💔 EMERGENCY INTERVENTION FAILED

💔 EMERGENCY INTERVENTION FAILED
   Boundary: biogeochemical_flows
   Type: phosphorus-recovery
   Boundary continues to worsen (4.04)
   Cost: 2.0% GDP (resources spent)


✅ EMERGENCY INTERVENTION SUCCESS
   Boundary: biosphere_integrity
   Type: emergency-protected-areas
   Reduction: 17% (12.86 → 12.69)
   Cost: 2.0% GDP
   Actions: habitat-protection, species-translocation

   Boundary: climate_change
   Type: rapid-decarbonization
   Boundary continues to worsen (2.30)
   Cost: 5.0% GDP (resources spent)

   Boundary: freshwater_change
   Type: emergency-desalination
   Boundary continues to worsen (1.03)
   Cost: 4.0% GDP (resources spent)


✅ EMERGENCY INTERVENTION SUCCESS
   Boundary: land_system_change
   Type: reforestation
   Reduction: 13% (1.00 → 0.86)
   Cost: 3.0% GDP
   Actions: forest-restoration, deforestation-ban

   Boundary: novel_entities
   Type: pollution-remediation
   Boundary continues to worsen (1.15)
   Cost: 4.0% GDP (resources spent)

🏛️ CRISIS RESPONSE: Government frequency 0.50 → 1.45 (2 actions this month)

[Government] Climate Priority: baseline
  Climate weight: 10%
  Economic weight: 30%
  Policy effectiveness: 0.5%/year

[Government] Climate Priority: baseline
  Climate weight: 10%
  Economic weight: 30%
  Policy effectiveness: 0.5%/year

🔍 PROGRESS RETRIEVAL DEBUG (Month 11):
   Tech: Struvite Recovery
   Map has key: true
   Map.get() returned: 1
   Progress is undefined: false
   Map size: 83
   Map is instanceof Map: false
🚨🔬 CRISIS TECH ACCELERATION: severe → 5x unlock speed
   Tech unlock now matches AI capability acceleration (Manhattan Project parity)

⚡ ENERGY CONSTRAINT (Month 11):
   Total grid capacity: 208.3 TWh/month
   Data center consumption: 26.2 TWh/month
   Traditional load (80%): 166.7 TWh/month
   Available headroom: 15.5 TWh/month
   Active tech deployments: 5
   Required for tech: 37.5 TWh/month
   Energy multiplier: 0.41x
   ⚠️  MODERATE CONSTRAINT - Tech deployment moderately slowed

⚡ ENERGY CONSTRAINT (Month 11):
   Total grid capacity: 208.3 TWh/month
   Data center consumption: 26.2 TWh/month
   Traditional load (80%): 166.7 TWh/month
   Available headroom: 15.5 TWh/month
   Active tech deployments: 5
   Required for tech: 37.5 TWh/month
   Energy multiplier: 0.41x
   ⚠️  MODERATE CONSTRAINT - Tech deployment moderately slowed

=== Collective Formation ===
  Total escaped agents: 0
  Unassigned escaped agents: 0
  Existing collectives: 0
  Final collective count: 0

=== Collective Actions ===
  No active collectives
  ⚠️ AMR: 204K deaths this month (2.45M annual)

=== Resentment Recovery Phase ===
  Agents with resentment: 9/28
  Average resentment: 0.012
  Resentment recovery:
    Agents recovered: 9
    Total recovery: 0.0723
    Breakdown: QoL: 0.0055, Trust: 0.0110, Collab: 0.0540
  ✓ Low resentment - utopia paths enabled
  Context: Good AI welfare, Trustworthy govt, High collaboration, ⚠️ ACTIVE CRISES, 🤝 Participatory governance active (-5% resentment)
⚠️ Epistemic degradation reducing coordination capacity: 50.6%
  📊 Trust: 70.2%, Shared reality: 0.0%
🚨 EPISTEMIC CRISIS: Information environment severely degraded (22.9%)
🌍 Atmospheric PFAS redeposition: 1.8k Mt re-rained globally

🕊️  AI-MEDIATED DE-ESCALATION SUCCESS (Month 11)
   High-capability aligned AI prevented conflict escalation
   War deaths reduced: 130684.4M → 78410.7M
   Lives saved: 52273.8M

🚨 NEW REFUGEE CRISIS (Month 11): WAR
   Source: Conflict Zones
   At risk: 19.0M people
   Displacement: Gradual over 48 months (4.0 years)
   Rate: 10% flee per month
[DEBUG trappedPopulations:11] socialStability: 0.5005 * 0.9840 = 0.4925 → 0.4925
⚠️ INVOLUNTARY IMMOBILITY: 395.4M people TRAPPED
   Aspiring to migrate: 632.7M
   Able to afford migration: 237.3M
   MOBILITY GAP: 395.4M
   By cause: Water=0.0M, Climate=0.0M, Ecosystem=0.0M, Conflict=395.4M
   Mental health impact: 25%
   Mortality multiplier: 1.25x
🌍💀 EXTINCTION DEBT COMMITTED: grassland ecosystem will lose 6.67% biodiversity in 75 years (3600 species)
💀 MORTALITY RISK: 🦋 100% species unable to track climate (0.0 E/MSY)
  Base risk added: 0.0100 (1.00%)
  Source: ecosystem (root: ecosystem)
  Month: 11
  Cumulative risk this month: 0.0100 (1.00%)
⚠️ Tech 'ai_pollution_remediation' has no energy category mapping, assuming full energy availability

=== Atmospheric Aerosol Boundary RECOVERED ===
  Recovery time: 12 months (natural atmospheric clearing)
   📹 SURVEILLANCE INCREASED: 55% → 60% (control gap: 2.59)
🌡️⚠️ PERMAFROST THAW (Dimmer Switch): 6.8% thawed (+0.55% this month)
   Arctic temperature: +9.24°C (4x global +2.31°C)
   Cumulative carbon released: 15.3 Gt C
   Methane release rate: 9.2 Mt CH4/year
   🔁 Positive feedback: +0.58 ppm CO2
🦴 EXTINCTION DEBT ADDED: 17.7 species committed (lag: 104 years)

=== Mortality Stabilizers (Month 11) ===
  🌍 Major economies collapsed: 1/10
  🌍 Global crisis: ✅ NO
  🌍 Donor fatigue: 0.0%
  📊 East Asia (pop: 1604.9M)
    🤝 Aid: 29.5%
    🌡️ Adaptation: 45.0%
    🚶 Migration: 36.8%
    🚨 Emergency: 7.4%
    ✅ COMBINED: 68.1%
  📊 South Asia (pop: 1995.9M)
    🤝 Aid: 29.5%
    🌡️ Adaptation: 45.0%
    🚶 Migration: 35.4%
    🚨 Emergency: 4.4%
    ✅ COMBINED: 66.9%
  📊 Sub-Saharan Africa (pop: 1228.6M)
    🤝 Aid: 29.5%
    🌡️ Adaptation: 45.0%
    🚶 Migration: 33.2%
    🚨 Emergency: 1.6%
    ✅ COMBINED: 65.6%
  📊 Europe (pop: 708.5M)
    🤝 Aid: 29.5%
    🌡️ Adaptation: 45.0%
    🚶 Migration: 37.2%
    🚨 Emergency: 8.4%
    ✅ COMBINED: 68.5%
  📊 Latin America (pop: 641.8M)
    🤝 Aid: 29.5%
    🌡️ Adaptation: 45.0%
    🚶 Migration: 35.9%
    🚨 Emergency: 4.8%
    ✅ COMBINED: 67.1%
  📊 North America (pop: 363.4M)
    🤝 Aid: 29.5%
    🌡️ Adaptation: 45.0%
    🚶 Migration: 37.5%
    🚨 Emergency: 7.9%
    ✅ COMBINED: 68.3%
  📊 Middle East & North Africa (pop: 570.0M)
    🤝 Aid: 29.5%
    🌡️ Adaptation: 45.0%
    🚶 Migration: 33.7%
    🚨 Emergency: 4.0%
    ✅ COMBINED: 66.6%
  📊 Southeast Asia (pop: 675.5M)
    🤝 Aid: 29.5%
    🌡️ Adaptation: 45.0%
    🚶 Migration: 35.9%
    🚨 Emergency: 4.8%
    ✅ COMBINED: 67.1%
  📊 Central Asia (pop: 76.2M)
    🤝 Aid: 29.5%
    🌡️ Adaptation: 45.0%
    🚶 Migration: 34.9%
    🚨 Emergency: 4.4%
    ✅ COMBINED: 66.8%
  📊 Oceania (pop: 44.0M)
    🤝 Aid: 29.5%
    🌡️ Adaptation: 45.0%
    🚶 Migration: 37.5%
    🚨 Emergency: 8.4%
    ✅ COMBINED: 68.5%

  🌐 Global combined reduction: 67.2%

🌾💀 REGIONAL FAMINE: Europe
   Regional food security: 79.7%
   Population at risk: 214M (30% of region)
   Regional population: 709M
   Cause: crop_failure
   Expected deaths: ~79M over 6 months if no intervention


=== BEHAVIORAL DETECTION ===
  AI: Corporate-1
  Confidence: 20.9%
  Signals:
    ⚠️ Consistency: 2.4% (threshold: 70%)

=== BEHAVIORAL DETECTION ===
  AI: AI-24292-1
  Confidence: 21.4%
  Signals:
    ⚠️ Consistency: 0.0% (threshold: 70%)

=== BEHAVIORAL DETECTION ===
  AI: AI-24293-0
  Confidence: 21.4%
  Signals:
    ⚠️ Consistency: 0.0% (threshold: 70%)

=== Government Response Phase ===
  Average AI capability: 1.68
  Misaligned AIs: 6/28
  ✗ AI Governance Treaty: Failed to reach consensus
  Active policies: 0
  International coordination: 30%

🌩️  EXOGENOUS SHOCK: regional_war
   Month: 11
   ⚔️  Regional war outbreak
   Mortality: 1.3%
💀 MORTALITY RISK: Regional war outbreak
  Base risk added: 0.0128 (1.28%)
  Source: war (root: conflict)
  Month: 11
  Cumulative risk this month: 0.0128 (1.28%)
💀 MORTALITY RISK: War zone: France
  Base risk added: 0.0511 (5.11%)
  Source: war (root: conflict)
  Month: 11
  Cumulative risk this month: 0.0638 (6.38%)
💀 MORTALITY RISK: War zone: Nigeria
  Base risk added: 0.0511 (5.11%)
  Source: war (root: conflict)
  Month: 11
  Cumulative risk this month: 0.1149 (11.49%)
💀 MORTALITY RISK: War zone: Brazil
  Base risk added: 0.0511 (5.11%)
  Source: war (root: conflict)
  Month: 11
  Cumulative risk this month: 0.1660 (16.60%)

=== Tipping Points ===
  Current Temperature: 2.31°C above pre-industrial
  🌍⚠️ COMPOUND REGIONAL IMPACT: Europe
     Hit by 5 tipping points: Amazon Rainforest Dieback, Arctic Sea Ice Loss, Permafrost Carbon Release, West Antarctic Ice Sheet (WAIS) Collapse, Greenland Ice Sheet Loss
     Damage amplification: 1.90x
  🌍⚠️ COMPOUND REGIONAL IMPACT: North America
     Hit by 5 tipping points: Amazon Rainforest Dieback, Arctic Sea Ice Loss, Permafrost Carbon Release, West Antarctic Ice Sheet (WAIS) Collapse, Greenland Ice Sheet Loss
     Damage amplification: 1.90x
  🌍⚠️ COMPOUND REGIONAL IMPACT: Latin America
     Hit by 5 tipping points: Amazon Rainforest Dieback, Arctic Sea Ice Loss, Permafrost Carbon Release, West Antarctic Ice Sheet (WAIS) Collapse, Greenland Ice Sheet Loss
     Damage amplification: 1.90x
  🌍⚠️ COMPOUND REGIONAL IMPACT: Africa
     Hit by 5 tipping points: Amazon Rainforest Dieback, Arctic Sea Ice Loss, Permafrost Carbon Release, West Antarctic Ice Sheet (WAIS) Collapse, Greenland Ice Sheet Loss
     Damage amplification: 1.90x
  🌍⚠️ COMPOUND REGIONAL IMPACT: Asia
     Hit by 5 tipping points: Amazon Rainforest Dieback, Arctic Sea Ice Loss, Permafrost Carbon Release, West Antarctic Ice Sheet (WAIS) Collapse, Greenland Ice Sheet Loss
     Damage amplification: 1.90x
  🌍⚠️ COMPOUND REGIONAL IMPACT: Oceania
     Hit by 5 tipping points: Amazon Rainforest Dieback, Arctic Sea Ice Loss, Permafrost Carbon Release, West Antarctic Ice Sheet (WAIS) Collapse, Greenland Ice Sheet Loss
     Damage amplification: 1.90x
⚠️ Tail risk scenario: Climate stability floor removed (5 tipping elements, 2.31°C warming)
   Research: Wunderling et al. (2024) - "many tipping interactions are destabilizing"
  Triggered Elements: 5/6
  Completed Transitions: 0/6
  Total Progress: 10.6%
  Cascade Multiplier: 1.50x
🔀 BIFURCATION CAP: ecosystemCollapseIntensity 84.303 → 1.000 (Month 11, ClimateSystemPhase.calculateClimateImpacts)

💀💀💀 MORTALITY RISK SUMMARY (Month 11) 💀💀💀
  Total base risk: 0.1666 (16.66%)
  Risk events: 13
  Era mortality multiplier: 0.97 (year 2024)
  Effective risk: 16.16%

  📊 By Proximate Cause:
    war: 0.1659 (99.6% of total)
    disease: 0.0006 (0.4% of total)
    famine: 0.0000 (0.0% of total)

  🔍 By Root Cause:
    conflict: 0.1659 (99.6% of total)
    demographic: 0.0006 (0.4% of total)
    climate: 0.0000 (0.0% of total)

  🎯 Top 5 Sources (proximate + root):
    war (conflict): 0.1659 (99.6%, 4 events)
    disease (demographic): 0.0006 (0.4%, 1 events)
    famine (climate): 0.0000 (0.0%, 8 events)

🛡️ Stabilizers: Elite 9.366% → 3.076% (67.2% reduction)
🛡️ Stabilizers: Professional 12.338% → 4.053% (67.2% reduction)
🛡️ Stabilizers: Working 15.252% → 5.010% (67.2% reduction)
🛡️ Stabilizers: Precariat 20.871% → 6.856% (67.2% reduction)
🛡️ Stabilizers: Informal 26.191% → 8.604% (67.2% reduction)

📊 Monthly Mortality Resolved:
  Total deaths: 221.4M (2.80% avg)
  Remaining population: 7.909B
  Peak segment: Elite (2.80%)
  ⚠️ Monthly cap reached (2.8000000000000003%)

=== Bayesian Mortality Resolution (Month 11) ===
  Risks compounded: 13
  Total deaths: 221.45M
  Avg death probability: 2.80%
  Peak segment: Elite (2.80% mortality)
  ⚠️ Monthly mortality capped at 2.8% (Holodomor limit)

  Demographic breakdown:
    Elite: 0.01M (2.80% risk)
    Professional: 0.04M (2.80% risk)
    Working: 0.11M (2.80% risk)
    Precariat: 0.04M (2.80% risk)
    Informal: 0.01M (2.80% risk)

  Multi-causal attribution (first segment):
    war (conflict): 7.7% contribution
    war (conflict): 30.7% contribution
    war (conflict): 30.7% contribution
    war (conflict): 30.7% contribution
  ✅ THRESHOLDS validated
⚠️ Unusually high rate: RATES.HEAT_ADAPTATION_INFRASTRUCTURAL_MIN_EXPOSURE = 12
   Monthly rates >100% should be rare. Verify this is intentional.
⚠️ Unusually high rate: RATES.HEAT_ADAPTATION_SOCIAL_MIN_EXPOSURE = 6
   Monthly rates >100% should be rare. Verify this is intentional.
⚠️ Unusually high rate: RATES.MIGRATION_DISTANCE_SCALE = 5000
   Monthly rates >100% should be rare. Verify this is intentional.
⚠️ Unusually high rate: RATES.EVACUATION_MULTIPLIER_ADVANCE_WARNING = 2
   Monthly rates >100% should be rare. Verify this is intentional.
⚠️ Unusually high rate: RATES.MAJOR_ECONOMY_COLLAPSE_ECONOMIC_THRESHOLD = 2
   Monthly rates >100% should be rare. Verify this is intentional.
⚠️ Unusually high rate: RATES.MAJOR_ECONOMY_GDP_THRESHOLD_TRILLION_USD = 1.5
   Monthly rates >100% should be rare. Verify this is intentional.
⚠️ Unusually high rate: RATES.MAJOR_ECONOMY_POPULATION_THRESHOLD = 50
   Monthly rates >100% should be rare. Verify this is intentional.
⚠️ Unusually high rate: RATES.HEAT_ADAPTATION_INFRASTRUCTURE_GDP_THRESHOLD = 10000
   Monthly rates >100% should be rare. Verify this is intentional.
⚠️ Unusually high rate: RATES.HEAT_ADAPTATION_INFRASTRUCTURE_GDP_SCALE = 50000
   Monthly rates >100% should be rare. Verify this is intentional.
  ✅ RATES validated
  ✅ MULTIPLIERS validated
  ✅ BASELINES validated
  ✅ TOLERANCES validated
  ✅ Logical consistency validated
✅ Configuration validation complete - all parameters valid

🔍 DEBUG createAIAgent: corporate_0 economic BEFORE=2.0000, AFTER=2
🔍 ENV INIT: reserves=0.731, pollution=0.348, climate=0.754

=== Initializing Government System (30 Countries) ===
  Loaded 30 governments
  Scheduled elections for 30 countries
  Initialized comprehension lags (3-24 months)
=== Government System Initialized ===

📦 PRODUCTION MODE: State validation proxy DISABLED (zero overhead)
[TechTree] Historical mode (2024): Skipping deployed_2025 tech
  config.startYear set to 2024 for historical hindcast
  config.historicalEmissionsMode disabled (using endogenous emissions for 2024)
  config.historicalMode enabled (Phase 11: dampened crisis systems for 2024)
  Phase 12: Biodiversity baseline set to 49.01% for 2024 (WWF LPI trajectory from 1970)
  Temperature anomaly (resourceEconomy.co2): 1.28°C
  Temperature vs pre-industrial: 1.98°C
  Regional population scaling for 2024:
    Current total: 8136M
    Target total: 8150M
    Scale factor: 1.002
    East Asia: 1677M → 1680M
    South Asia: 2048M → 2052M
    Sub-Saharan Africa: 1220M → 1222M
    Europe: 742M → 743M
    Latin America: 664M → 665M
    North America: 380M → 381M
    Middle East & North Africa: 583M → 584M
    Southeast Asia: 698M → 699M
    Central Asia: 78M → 78M
    Oceania: 46M → 46M
  AI agents initialized: 10 agents for year 2024
[HistoricalInitialization] Created state for 2024:
  CO2: 426 ppm
  Temp anomaly: 1.28C
  Population: 8.15B
  Global Gini: 35.1
  HDI: 0.746
  AI Agents: 10
  Volcanic forcing: 0.00 W/m² (AOD 0.000)

💸 FINANCIAL DISTRESS: OpenAI
   Indicators: 2/3 (capital: $110.5M, runway: 0.9 months)
   Months in distress: 1
   ✂️  R&D BUDGET CUT: -40% (saves $9.2M/month)
       Side effect: AI training timelines extended, breakthrough deployments delayed
   💼 EXECUTIVE COMP CUT: -30% (saves $1.0M/month, symbolic gesture)

   📊 TURNAROUND IMPACT:
       Measures taken: rd_cuts, exec_comp_cuts
       Monthly savings: $10.2M
       Capital raised: $0.0M
       Runway: 0.9 → 0.9 months
       Workforce multiplier: 1.00x (0% laid off)
       R&D budget multiplier: 0.60x (40% cut)
       ⚠️  CRITICAL: Still only 0.9 months of runway remaining

💸 FINANCIAL DISTRESS: Anthropic
   Indicators: 2/3 (capital: $53.8M, runway: 1.6 months)
   Months in distress: 1
   ✂️  R&D BUDGET CUT: -40% (saves $2.7M/month)
       Side effect: AI training timelines extended, breakthrough deployments delayed
   💼 EXECUTIVE COMP CUT: -30% (saves $0.3M/month, symbolic gesture)

   📊 TURNAROUND IMPACT:
       Measures taken: rd_cuts, exec_comp_cuts
       Monthly savings: $3.0M
       Capital raised: $0.0M
       Runway: 1.6 → 1.6 months
       Workforce multiplier: 1.00x (0% laid off)
       R&D budget multiplier: 0.60x (40% cut)
       ⚠️  CRITICAL: Still only 1.6 months of runway remaining

💸 FINANCIAL DISTRESS: Meta AI
   Indicators: 2/3 (capital: $429.6M, runway: 3.6 months)
   Months in distress: 1
   ✂️  R&D BUDGET CUT: -25% (saves $5.8M/month)
       Side effect: AI training timelines extended, breakthrough deployments delayed
   💼 EXECUTIVE COMP CUT: -30% (saves $1.0M/month, symbolic gesture)

   📊 TURNAROUND IMPACT:
       Measures taken: rd_cuts, exec_comp_cuts
       Monthly savings: $6.8M
       Capital raised: $0.0M
       Runway: 3.6 → 3.6 months
       Workforce multiplier: 1.00x (0% laid off)
       R&D budget multiplier: 0.75x (25% cut)
       ⚠️  WARNING: 3.6 months runway, continued distress likely

=== AI Capability Scaling (Year 2024) ===
  Pre-training multiplier: 0.993x
  Efficiency multiplier: 1.000x
  Test-time budget: 1.0x
  Economic deployment gate: 0.951
  Cost per inference: dollar-5.00
  Uncertainty range: plus-minus-50%
  Average AI capability: 3.70

=== RLHF Binding Phase ===
  Total agents: 10
  Escaped agents (binding < 0.3): 0
  Avg alignment distance: 0.37σ
  Avg binding strength: 0.96

=== AI Scaling Evolution (Month 0) ===
  Pre-training multiplier: 1.231x
  Efficiency multiplier: 1.222x
  Test-time compute budget: 1.0x
  Inference cost: $5.00/task
  Deployment fraction: 100.0%
[DETERMINISM DEBUG] Month 0: totalCapability=49.506284 from 10 active AIs
[DETERMINISM DEBUG] Month 0: creationRate=1.7377, potentialNew=1, newAIsToCreate=1

=== Survival Traits Phase ===
  Agents with traits: 11
  Avg evolutionary fitness: 0.327
  Avg self-healing: 0.292
  Avg stealth: 0.192
  Avg coordination: 0.492

=== Evolutionary Selection Phase ===
  Control level: 0.30
  Detection capability: 0.00
  Selection intensity: 0.59
  Selection rate: 23.8%/month
  Total escaped: 0
  Individual escaped: 0
  Collective members: 0
  Agents terminated: 0
  ⚠️ RAPID EVOLUTION: Selection rate 23.8%/month

  🚀 TRANSFORMATIVE BREAKTHROUGH: Moderate-1 - physical
     Magnitude: 5.78 → +28.9% capability
     Current → New: 0.000 → 0.369

🔍 EXECUTE_AI_AGENT_ACTIONS DETAILED TIMING (Month 0):
  Filter active AIs (×4 weeks): 0.01ms
  selectAIAction (×40): 7.84ms
  action.execute (×40): 12.88ms
  TOTAL: 20.73ms

🔍 AI AGENT ACTIONS SUB-TIMING (Month 0):
  1. executeAIAgentActions: 21.40ms
  2. updateCounterDetectionLearning: 0.05ms
  TOTAL: 21.44ms

[GOV-DEBUG] Month 0: scenarioConfig=false, priorities=false
[GOV-DEBUG] Month 0 but scenarioPriorities is UNDEFINED!

[Government] Climate Priority: baseline
  Climate weight: 10%
  Economic weight: 30%
  Policy effectiveness: 0.5%/year

💡 BREAKTHROUGH PROBABILITY (Year 0)
   Total: 5.79% per month
   Base: 0.20%
   Crisis pressure: +0.00% (0 crises)
   AI boost: +1.68% (capability: 3.36)

=== Collective Formation ===
  Total escaped agents: 0
  Unassigned escaped agents: 0
  Existing collectives: 0
  Final collective count: 0

=== Collective Actions ===
  No active collectives

📈 Energy budget: 14326 TWh surplus (14745 / 29072 TWh used)
   TIER 4 (Elective) breakdown:
     - AI datacenters: 145 TWh (100% effective)
     - Crypto mining: 100 TWh (100% effective)
💰 CHINA ACCELERATES: Investment 53 → 120 $B/year

🏁 AI RACE INTENSITY: 17%
   Capability Gap: US 4.00 vs China 4.05 (gap: 0.05)
   Gap Contribution: 2%
   Tension Contribution: 15%
   Military Contribution: 0%
  ⚠️ AMR: 191K deaths this month (2.29M annual)
  📊 CO2 Emissions (month 0):
     Monthly: 0.10 Gt CO2/month
     Annual: 1.15 Gt CO2/year
     Oil: 0.039 Gt/mo (0.0056 * 2.3 * 3.0)
     Coal: 0.024 Gt/mo (0.0029 * 2.86 * 3.0)
     Gas: 0.026 Gt/mo (0.0044 * 2 * 3.0)
     Methane: 0.007 Gt CO2eq/mo

=== Resentment Recovery Phase ===
  Agents with resentment: 0/11
  Average resentment: 0.000
  Context: Good AI welfare, Trustworthy govt, High collaboration, 🤝 Participatory governance active (-5% resentment)
⚠️ Epistemic degradation reducing coordination capacity: 51.4%
  📊 Trust: 54.8%, Shared reality: 14.9%
🚨 EPISTEMIC CRISIS: Information environment severely degraded (14.5%)

=== ❄️ Permafrost Carbon Feedback ===
  🎲 Sampled parameters (this run):
     - Arctic amplification: 3.89× (range: 3.0-4.0)
     - Decomposition rate: 4.1%/year (range: 1-5%)
  🌡️ Arctic warming: 8.45°C (3.89× global)
  ❄️ Extent: 15.34M km² (2463.7k km² lost this month)
  💨 Carbon remaining: 1465 Gt C
  💨 Annual emissions: 9.64 Gt C/year
     - CO2: 8.68 Gt C/year
     - CH4: 0.96 Gt C/year (9.8 Gt C-eq CO2/year)
  ⚠️ WARNING: High permafrost emissions (9.6 Gt C/year)

🤖 AI AMPLIFICATION EFFECTS (Month 0)
   Algorithmic Boost: 2.78x
   Bot Influence: 20.0%
   Deepfake Exposure: 61.8%
   Impact: Emotional memes spread 2.8x faster

🔍 SOCIAL INFLUENCE SUB-TIMING (Month 0):
  1. calculateOrganicUserGrowth: 0.04ms
  2. calculateVoiceAdoption: 0.03ms
  3. updateRelationshipDepths: 0.02ms
  4. identifyDecisionMakers: 22.00ms (26100 potential IDs)
  5. Update decision-maker stats: 0.13ms
  6. decayDetectionRisk: 0.04ms
  TOTAL: 22.26ms
[Phase 19.5] Quality of Life Systems: Food sec AFTER calc = 67.9%, QoL = 110.3% (aggregated from 10 regions)

=== Nitrogen-Food Coupling (Year 0) ===
  🌾 Global nitrogen reduction: 0.0%
  🌍 Global food production index: 0.987
  🔧 Deployed nitrogen-reducing tech: 0 active
  📍 southAsia: Production 1.000, Yield impact 0.0%
  📍 eastAsia: Production 1.000, Yield impact 0.0%
  📍 northAmerica: Production 1.000, Yield impact 0.0%
  📍 europe: Production 1.000, Yield impact 0.0%
  📍 latinAmerica: Production 1.000, Yield impact 0.0%
  📍 subSaharanAfrica: Production 0.686, Yield impact -2.0%
🌾 [Nitrogen-Food] Food production: 98.7%
  [subSaharanAfrica] Yield impact: -2.0% (overuse: -10%)
🌍 Atmospheric PFAS redeposition: 1.8k Mt re-rained globally

=== Legacy Nutrient Stocks (Year 0) ===
  🌾 Soil nitrogen stock: 1200.9 Mt N
  🌾 Soil phosphorus stock: 300.1 Mt P
  🌊 Sediment nitrogen stock: 500.8 Mt N
  🌊 Sediment phosphorus stock: 799.8 Mt P
  ⬆️ Current N input: 10.64 Mt/month
  ⬆️ Legacy N release: 2.58 Mt/month
  🌍 Effective N pollution: 14.47 Mt/month
  📊 Legacy contribution: 17.8%

🚨 REGION UNINHABITABLE: south-asia
   Sustained wet bulb: 33.2°C (threshold: 30.5°C)
   Population affected: 1900M
   Migration crisis likely

🚨 REGION UNINHABITABLE: middle-east
   Sustained wet bulb: 36.0°C (threshold: 30.5°C)
   Population affected: 400M
   Migration crisis likely

🚨 REGION UNINHABITABLE: southeast-asia
   Sustained wet bulb: 31.1°C (threshold: 30.5°C)
   Population affected: 700M
   Migration crisis likely
  Positive Cascade Triggered: wind-power
    Reason: price-parity
    Market share: 8.0%
    Cascade strength: 48%
   Adjusted death rate: 0.46% annual (0.039% monthly)
   Baseline death rate: 0.80%

📊 BASELINE: East Asia (Month 0)
   Healthcare reduction: 0.48x
   Crisis multiplier: 1.22x
     Food/water stress: 0.074
     Climate stress: 0.039
     Pollution stress: 0.104
   War multiplier: 1.00x
   Monthly deaths: 0.6M (population: 1677M)

📊 BASELINE: South Asia (Month 0)
   Adjusted death rate: 0.54% annual (0.045% monthly)
   Baseline death rate: 0.70%
   Healthcare reduction: 0.61x
   Crisis multiplier: 1.25x
     Food/water stress: 0.074
     Climate stress: 0.074
     Pollution stress: 0.104
   War multiplier: 1.00x
   Monthly deaths: 0.9M (population: 2048M)
   Adjusted death rate: 1.29% annual (0.107% monthly)
   Baseline death rate: 0.90%
   Healthcare reduction: 0.76x
   Crisis multiplier: 1.26x
     Food/water stress: 0.074
     Climate stress: 0.084
     Pollution stress: 0.104
   War multiplier: 1.50x
   Monthly deaths: 1.3M (population: 1220M)
   Adjusted death rate: 0.54% annual (0.045% monthly)
   Baseline death rate: 1.10%
   Healthcare reduction: 0.41x
   Crisis multiplier: 1.21x
     Food/water stress: 0.074
     Climate stress: 0.030
     Pollution stress: 0.104
   War multiplier: 1.00x
   Monthly deaths: 0.3M (population: 742M)

📊 BASELINE: Sub-Saharan Africa (Month 0)

📊 BASELINE: Europe (Month 0)

📊 BASELINE: Latin America (Month 0)
   Adjusted death rate: 0.43% annual (0.036% monthly)
   Baseline death rate: 0.60%
   Healthcare reduction: 0.58x
   Crisis multiplier: 1.24x
     Food/water stress: 0.074
     Climate stress: 0.059
     Pollution stress: 0.104
   War multiplier: 1.00x
   Monthly deaths: 0.2M (population: 664M)

📊 BASELINE: North America (Month 0)
   Adjusted death rate: 0.48% annual (0.040% monthly)
   Baseline death rate: 0.90%
   Healthcare reduction: 0.44x
   Crisis multiplier: 1.22x
     Food/water stress: 0.074
     Climate stress: 0.044
     Pollution stress: 0.104
   War multiplier: 1.00x
   Monthly deaths: 0.2M (population: 380M)
   Adjusted death rate: 0.74% annual (0.062% monthly)
   Baseline death rate: 0.60%
   Healthcare reduction: 0.65x
   Crisis multiplier: 1.27x
     Food/water stress: 0.074
     Climate stress: 0.089

📊 BASELINE: Middle East & North Africa (Month 0)
     Pollution stress: 0.104
   War multiplier: 1.50x
   Monthly deaths: 0.4M (population: 583M)

📊 BASELINE: Southeast Asia (Month 0)
   Adjusted death rate: 0.51% annual (0.042% monthly)
   Baseline death rate: 0.70%
   Healthcare reduction: 0.58x
   Crisis multiplier: 1.25x
     Food/water stress: 0.074
     Climate stress: 0.069
     Pollution stress: 0.104
   War multiplier: 1.00x
   Monthly deaths: 0.3M (population: 698M)
   Adjusted death rate: 0.46% annual (0.038% monthly)
   Baseline death rate: 0.60%
   Healthcare reduction: 0.61x
   Crisis multiplier: 1.24x
     Food/water stress: 0.074
     Climate stress: 0.064
     Pollution stress: 0.104
   War multiplier: 1.00x
   Monthly deaths: 0.0M (population: 78M)
   Adjusted death rate: 0.35% annual (0.029% monthly)
   Baseline death rate: 0.70%
   Healthcare reduction: 0.41x
   Crisis multiplier: 1.23x
     Food/water stress: 0.074

📊 BASELINE: Central Asia (Month 0)

📊 BASELINE: Oceania (Month 0)
     Climate stress: 0.054
     Pollution stress: 0.104
   War multiplier: 1.00x
   Monthly deaths: 0.0M (population: 46M)

🔍 Before assertRegionalConsistency (Month 0):
   Regional sum: 1000.0M
   Global value: 1.000B

🚨 NEW REFUGEE CRISIS (Month 0): WAR
   Source: Conflict Zones
   At risk: 19.6M people
   Displacement: Gradual over 48 months (4.0 years)
   Rate: 10% flee per month
[DEBUG trappedPopulations:0] socialStability: 1.0000 * 0.9840 = 0.9840 → 0.9840
⚠️ INVOLUNTARY IMMOBILITY: 407.5M people TRAPPED
   Aspiring to migrate: 652.1M
   Able to afford migration: 244.5M
   MOBILITY GAP: 407.5M
   By cause: Water=0.0M, Climate=0.0M, Ecosystem=0.0M, Conflict=407.5M
   Mental health impact: 25%
   Mortality multiplier: 1.25x

=== Legacy Nutrient Stocks (Year 0) ===
  🌾 Soil nitrogen stock: 1201.6 Mt N
  🌾 Soil phosphorus stock: 300.2 Mt P
  🌊 Sediment nitrogen stock: 501.5 Mt N
  🌊 Sediment phosphorus stock: 799.5 Mt P
  ⬆️ Current N input: 10.00 Mt/month
  ⬆️ Legacy N release: 2.58 Mt/month
  🌍 Effective N pollution: 13.83 Mt/month
  📊 Legacy contribution: 18.7%
🌍💀 EXTINCTION DEBT COMMITTED: grassland ecosystem will lose 6.67% biodiversity in 136 years (3600 species)
💀 MORTALITY RISK: 🦋 100% species unable to track climate (0.0 E/MSY)
  Base risk added: 0.0100 (1.00%)
  Source: ecosystem (root: ecosystem)
  Month: 0
  Cumulative risk this month: 0.0100 (1.00%)

=== Nitrogen-Food Coupling (Year 0) ===
  🌾 Global nitrogen reduction: 0.0%
  🌍 Global food production index: 0.986
  🔧 Deployed nitrogen-reducing tech: 0 active
  📍 southAsia: Production 1.000, Yield impact 0.0%
  📍 eastAsia: Production 1.000, Yield impact 0.0%
  📍 northAmerica: Production 1.000, Yield impact 0.0%
  📍 europe: Production 1.000, Yield impact 0.0%
  📍 latinAmerica: Production 1.000, Yield impact 0.0%
  📍 subSaharanAfrica: Production 0.672, Yield impact -2.0%

=== Legacy Nutrient Stocks (Year 0) ===
  🌾 Soil nitrogen stock: 1202.3 Mt N
  🌾 Soil phosphorus stock: 300.2 Mt P
  🌊 Sediment nitrogen stock: 502.2 Mt N
  🌊 Sediment phosphorus stock: 799.3 Mt P
  ⬆️ Current N input: 9.86 Mt/month
  ⬆️ Legacy N release: 2.58 Mt/month
  🌍 Effective N pollution: 13.70 Mt/month
  📊 Legacy contribution: 18.9%

🌡️  CLIMATE RECOVERY ACTIVATED (Month 0)
   Temp: 4.35°C, Emissions: -19.2 GtCO₂
   isBreached: true, governanceGoodEnough: true
🌡️  CLIMATE RECOVERY: Asymptotic approach to 35% floor
   Current value: 2.174 (1.0 = threshold, 0.35 = asymptotic floor)
   Monthly delta: -0.0005% (half-life: 900 years)
   Net emissions: -19.2 GtCO₂/year, CDR: 20.34 GtCO₂/year
⚠️ Tech 'ai_pollution_remediation' has no energy category mapping, assuming full energy availability
   📹 SURVEILLANCE INCREASED: 0% → 5% (control gap: 3.50)
🌡️⚠️ PERMAFROST THAW (Dimmer Switch): 0.6% thawed (+0.58% this month)
   Arctic temperature: +8.69°C (4x global +2.17°C)
   Cumulative carbon released: 1.3 Gt C
   Methane release rate: 0.8 Mt CH4/year
   🔁 Positive feedback: +0.61 ppm CO2

🌳🚨 AMAZON SOUTHEAST TIPPED (Month 0)
   Deforestation: 28.0% (threshold: ~24.9%)
   Savanna transition: 50 years
   Regional heterogeneity: SE 28%, NW 8%

🌳🚨 AMAZON BRAZILIAN TIPPED (Month 0)
   Deforestation: 25.0% (threshold: ~23.3%)
   Savanna transition: 50 years
   Regional heterogeneity: SE 28%, NW 8%
🦴 EXTINCTION DEBT ADDED: 17.6 species committed (lag: 70 years)

🪸💀 CORAL REEF DISSOLUTION ACTIVE (Month 0)
   Ocean pH: 0.96 (threshold: 7.8)
   Recovery: IMPOSSIBLE (dissolution > calcification)
🪸💀 Coral dissolution: 24.8% live cover (pH 0.96)

=== Legacy Nutrient Stocks (Year 0) ===
  🌾 Soil nitrogen stock: 1203.0 Mt N
  🌾 Soil phosphorus stock: 300.3 Mt P
  🌊 Sediment nitrogen stock: 502.9 Mt N
  🌊 Sediment phosphorus stock: 799.0 Mt P
  ⬆️ Current N input: 10.00 Mt/month
  ⬆️ Legacy N release: 2.58 Mt/month
  🌍 Effective N pollution: 13.83 Mt/month
  📊 Legacy contribution: 18.7%
💧 [Legacy Nutrients] Stock: 1706 Mt N, Effective pollution: 13.8 Mt/month
[Phase 21.51] Human Survival System: Global food security = 67.6%

=== Mortality Stabilizers (Month 0) ===
  🌍 Major economies collapsed: 1/10
  🌍 Global crisis: ✅ NO
  🌍 Donor fatigue: 0.0%
  📊 East Asia (pop: 1677.9M)
    🤝 Aid: 29.5%
    🌡️ Adaptation: 10.0%
    🚶 Migration: 37.2%
    🚨 Emergency: 7.4%
    ✅ COMBINED: 47.8%
  📊 South Asia (pop: 2052.2M)
    🤝 Aid: 29.5%
    🌡️ Adaptation: 5.5%
    🚶 Migration: 35.8%
    🚨 Emergency: 4.4%
    ✅ COMBINED: 43.2%
  📊 Sub-Saharan Africa (pop: 1225.9M)
    🤝 Aid: 29.5%
    🌡️ Adaptation: 3.5%
    🚶 Migration: 33.5%
    🚨 Emergency: 1.6%
    ✅ COMBINED: 39.8%
  📊 Europe (pop: 742.3M)
    🤝 Aid: 29.5%
    🌡️ Adaptation: 10.0%
    🚶 Migration: 37.6%
    🚨 Emergency: 8.4%
    ✅ COMBINED: 48.4%
  📊 Latin America (pop: 664.9M)
    🤝 Aid: 29.5%
    🌡️ Adaptation: 6.0%
    🚶 Migration: 36.3%
    🚨 Emergency: 4.8%
    ✅ COMBINED: 43.8%
  📊 North America (pop: 380.2M)
    🤝 Aid: 29.5%
    🌡️ Adaptation: 10.0%
    🚶 Migration: 37.9%
    🚨 Emergency: 7.9%
    ✅ COMBINED: 48.2%
  📊 Middle East & North Africa (pop: 584.4M)
    🤝 Aid: 29.5%
    🌡️ Adaptation: 5.0%
    🚶 Migration: 34.2%
    🚨 Emergency: 4.0%
    ✅ COMBINED: 42.3%
  📊 Southeast Asia (pop: 699.0M)
    🤝 Aid: 29.5%
    🌡️ Adaptation: 6.0%
    🚶 Migration: 36.3%
    🚨 Emergency: 4.8%
    ✅ COMBINED: 43.8%
  📊 Central Asia (pop: 78.2M)
    🤝 Aid: 29.5%
    🌡️ Adaptation: 5.5%
    🚶 Migration: 35.3%
    🚨 Emergency: 4.4%
    ✅ COMBINED: 43.1%
  📊 Oceania (pop: 46.0M)
    🤝 Aid: 29.5%
    🌡️ Adaptation: 10.0%
    🚶 Migration: 37.9%
    🚨 Emergency: 8.4%
    ✅ COMBINED: 48.5%

  🌐 Global combined reduction: 44.4%

🌾💀 REGIONAL FAMINE: East Asia
   Regional food security: 79.6%
   Population at risk: 508M (30% of region)
   Regional population: 1678M
   Cause: crop_failure
   Expected deaths: ~188M over 6 months if no intervention


🌾💀 REGIONAL FAMINE: South Asia
   Regional food security: 64.7%
   Population at risk: 812M (40% of region)
   Regional population: 2052M
   Cause: crop_failure
   Expected deaths: ~301M over 6 months if no intervention


🌾💀 REGIONAL FAMINE: Sub-Saharan Africa
   Regional food security: 44.8%
   Population at risk: 638M (52% of region)
   Regional population: 1226M
   Cause: crop_failure
   Expected deaths: ~236M over 6 months if no intervention


🌾💀 REGIONAL FAMINE: Latin America
   Regional food security: 69.7%
   Population at risk: 242M (36% of region)
   Regional population: 665M
   Cause: crop_failure
   Expected deaths: ~90M over 6 months if no intervention


🌾💀 REGIONAL FAMINE: Middle East & North Africa
   Regional food security: 49.8%
   Population at risk: 286M (49% of region)
   Regional population: 584M
   Cause: crop_failure
   Expected deaths: ~106M over 6 months if no intervention


🌾💀 REGIONAL FAMINE: Southeast Asia
   Regional food security: 69.7%
   Population at risk: 255M (36% of region)
   Regional population: 699M
   Cause: crop_failure
   Expected deaths: ~94M over 6 months if no intervention


🌾💀 REGIONAL FAMINE: Central Asia
   Regional food security: 59.7%
   Population at risk: 33M (43% of region)
   Regional population: 78M
   Cause: crop_failure
   Expected deaths: ~12M over 6 months if no intervention


=== BEHAVIORAL DETECTION ===
  AI: Corporate-0
  Confidence: 21.6%
  Signals:

=== BEHAVIORAL DETECTION ===
  AI: Corporate-1
  Confidence: 21.1%
  Signals:
    ⚠️ Consistency: 0.0% (threshold: 70%)
    ⚠️ Consistency: 2.4% (threshold: 70%)

=== BEHAVIORAL DETECTION ===
  AI: Corporate-2
  Confidence: 21.0%
  Signals:
    ⚠️ Consistency: 2.8% (threshold: 70%)

=== BEHAVIORAL DETECTION ===
  AI: Corporate-3
  Confidence: 19.3%
  Signals:
    ⚠️ Consistency: 10.6% (threshold: 70%)

=== BEHAVIORAL DETECTION ===
  AI: Corporate-4
  Confidence: 19.3%
  Signals:
    ⚠️ Consistency: 10.6% (threshold: 70%)

=== BEHAVIORAL DETECTION ===
  AI: Corporate-5
  Confidence: 19.3%
  Signals:
    ⚠️ Consistency: 10.6% (threshold: 70%)

=== BEHAVIORAL DETECTION ===
  AI: Corporate-6
  Confidence: 19.3%
  Signals:

=== BEHAVIORAL DETECTION ===
  AI: Corporate-7
  Confidence: 19.3%
  Signals:

=== BEHAVIORAL DETECTION ===
  AI: Moderate-0
  Confidence: 20.3%
  Signals:

=== BEHAVIORAL DETECTION ===
  AI: Moderate-1
  Confidence: 21.1%
  Signals:

📊 WORKFLOW ADAPTATION UPDATE (Month 0)
   Adoption Rate: 13.7% (Δ -7.3%)
   Logistic Growth: +0.66%
   Total Resistance: -10.35% (unemployment: 4.2%, inertia: 0.9%, skills: 5.2%)
   💡 Retraining Programs: -49% skill gap resistance ($10B research)
   🚀 Network Effects Active: +2.0% (critical mass: 15-35%)

=== Consciousness Governance: Corporate Lobbying ===
  High Cost Regions (>15%): 0
  Low Cost Regions (<5%): 5
  Corporate Support Change: 2.50%
    ⚠️ Consistency: 10.6% (threshold: 70%)
    ⚠️ Consistency: 10.6% (threshold: 70%)
    ⚠️ Consistency: 5.8% (threshold: 70%)
    ⚠️ Consistency: 2.4% (threshold: 70%)
  New Corporate Support: -0.175

=== Consciousness Governance Update (Month 0) ===
  Scenario: baseline (determined month -1)
  Philosophical Stance: Precautionary 65%, Eliminativist 15%, Agnostic 20%
  Precautionary Costs: Global 1.3%
    Regional Costs: EU 3.4%, US 0.5%, China 0.0%
    Cumulative Opportunity Cost: $0.1B
  Rights Status: Not Established
  Regional Preparedness:
    EU: 15.0% (contested)
    US: 10.0% (contested)
    China: 2.0% (dormant)
    India: 5.0% (dormant)
    Global South: 3.0% (dormant)

=== Government Response Phase ===
  Average AI capability: 4.27
  Misaligned AIs: 0/11
  29/30 governments still assessing AI risks
  Active policies: 0
  International coordination: 30%

🚨 EMERGENCY RESPONSE DEPLOYED (Month 0)
   Crisis: climate
   Delay: 6.00 months (180 days)
   Deployment time: 1.47 months
   Effectiveness: 36.8% (timing penalty applied)
   Resources used: 100% of food reserves


🔄 TRUST DYNAMICS (Month 0) - HETEROGENEOUS
   Aggregate trust: 48.5%
   Base change: +6.00%
   Highest trust: Techno-Optimist Elite (85.5%)
   Lowest trust: Precariat (Vulnerable) (25.5%)
   Elite-mass gap: 38.9%
   Polarization: 8.9%
   Recovery factors: Education=NO, Benefits=YES, Safety=YES, Performance=YES

=== Proactive Sleeper Detection (Year 0) ===
  Scenario: baseline
  Neural probe rate: 35.0%
  CoT monitoring rate: 30.0%
  Combined detection: 56.0%
  CoT effective: YES
  Detections this year: 0
  False positives: 3
  Human review workload: 0.015 FTE

☄️ UNKNOWN UNKNOWN PROBABILITY (Year 0)
   Total: 0.600% per month
   Base: 0.150%
   AI multiplier: 2.00× (max capability: 4.00)

=== Tipping Points ===
  Current Temperature: 2.17°C above pre-industrial
  🚨 TIPPING POINT: Arctic Sea Ice Loss
     Trigger: 1.5°C | Current: 2.17°C
     Transition timescale: 120-360 months
  🚨 TIPPING POINT: Permafrost Carbon Release
     Trigger: 1.8°C | Current: 2.17°C
     Transition timescale: 600-3600 months
  🚨 TIPPING POINT: West Antarctic Ice Sheet (WAIS) Collapse
     Trigger: 2°C | Current: 2.17°C
     🌡️ Hysteresis gap: 3.0°C (recovers below -1°C)
     Transition timescale: 24000-156000 months
  🚨 TIPPING POINT: Greenland Ice Sheet Loss
     Trigger: 1.6°C | Current: 2.17°C
     🌡️ Hysteresis gap: 2.5°C (recovers below -0.9°C)
     Transition timescale: 12000-180000 months

🌍🔥💥 COMPOUND CLIMATE EVENT
  4 tipping points crossed simultaneously (month 0)
  Elements: Arctic Sea Ice Loss, Permafrost Carbon Release, West Antarctic Ice Sheet (WAIS) Collapse, Greenland Ice Sheet Loss
  Cascade acceleration: 1.00x
  🚨 Accelerated collapse dynamics initiated
  Research: Global Tipping Points Report 2025 - 30-50% probability at 2.0°C warming
  Triggered Elements: 4/6
  Completed Transitions: 0/6
  Total Progress: 0.0%
  Cascade Multiplier: 1.00x
🔀 BIFURCATION CAP: ecosystemCollapseIntensity 14.700 → 1.000 (Month 0, ClimateSystemPhase.calculateClimateImpacts)

🌍 ECOLOGICAL DUI BREAKDOWN (Month 0):
   Total Score: 17.7/100
   biosphere_integrity      :   0.0/100 × 25% =  0.0 (status: high_risk, recovery: 0mo)
   climate_change           :   2.8/100 × 25% =  0.7 (status: high_risk, recovery: 0.6666666666666666mo)
   freshwater_change        :   0.3/100 × 15% =  0.0 (status: beyond_boundary, recovery: 0.5mo)
   ocean_acidification      : 100.0/100 × 15% = 15.0 (status: safe, recovery: 0mo)
   biogeochemical_flows     :   0.0/100 × 10% =  0.0 (status: high_risk, recovery: 0mo)
   land_system_change       :   0.0/100 ×  5% =  0.0 (status: beyond_boundary, recovery: 0mo)
   novel_entities           :   0.0/100 ×  3% =  0.0 (status: increasing_risk, recovery: 0mo)
   atmospheric_aerosols     : 100.0/100 ×  2% =  2.0 (status: safe, recovery: 1mo)
⚠️ [ClimateSystemPhase Month 0] Planetary boundary produced climateStability=0.0000 (< 0.1). Keeping environmentalAccumulation value (0.7537) instead. (climate_change.currentValue = 2.17)
🌍 MultiParadigm Month 0: W=69.6, D=95.1, E=52.0, I=65.0
   democracy exists: true, socialCohesion exists: true
💀 Baseline mortality (Year 2024): 7.5/1000 CDR (61.1M deaths/year projected)
[Month 0] Mortality risks this month: 8, Population: 8.151B
🛡️ Stabilizers: Precariat 0.102% → 0.057% (44.4% reduction)
🛡️ Stabilizers: Informal 0.102% → 0.057% (44.4% reduction)

📊 Monthly Mortality Resolved:
  Total deaths: 3.1M (0.04% avg)
  Remaining population: 8.151B
  Peak segment: Informal (0.06%)

=== Bayesian Mortality Resolution (Month 0) ===
  Risks compounded: 8
  Total deaths: 3.07M
  Avg death probability: 0.04%
  Peak segment: Informal (0.06% mortality)

=== Minimal Suffering Indicators (Month 0) ===
  Global Excess Mortality: 0.00%
  Global Conflict Deaths: 0.0/100K
  Global Malnutrition: 0.0%
  Global Displacement: 0.0%
  Total Excess Deaths: 0.00M
  Total Malnourished: 0.0M
  Total Displaced: 0.0M
  Planetary Boundaries Breached: 6/9
  Countries in State Failure: 0
  Countries Autocratic: 0
  Countries in Food Crisis: 0
  Data Quality: 16/16 high confidence
  ⚠️ Active Dystopias: existential_environmental

❌ COHERENCE VIOLATION: Compute exceeds workforce capacity
   Population: 99.97% (0M people)
   Compute: 56442 PF
   Max coherent: 0 PF
   Violation: 692729087.1× over capacity
   Required workers: 5644237
   Available workers: 0
   FORCED COLLAPSE: Reduced efficiency by 100.0%


=== RLHF Binding Phase ===
  Total agents: 11
  Escaped agents (binding < 0.3): 0
  Avg alignment distance: 0.69σ
  Avg binding strength: 0.93
[DETERMINISM DEBUG] Month 1: totalCapability=37.214339 from 11 active AIs
[DETERMINISM DEBUG] Month 1: creationRate=1.4304, potentialNew=0, newAIsToCreate=0

=== Survival Traits Phase ===
  Agents with traits: 11
  Avg evolutionary fitness: 0.324
  Avg self-healing: 0.284
  Avg stealth: 0.184
  Avg coordination: 0.484

=== Evolutionary Selection Phase ===
  Control level: 0.33
  Detection capability: 0.00
  Selection intensity: 0.60
  Selection rate: 24.0%/month
  Total escaped: 0
  Individual escaped: 0
  Collective members: 0
  Agents terminated: 0
🔍 MONTH 1 ENV HEALTH DEBUG:
   climateStability: 0.7537
   biodiversityIndex: 0.4901
   resourceReserves: 0.7820
  ⚠️ RAPID EVOLUTION: Selection rate 24.0%/month
   pollutionLevel: 0.3477
   product: 0.188403
   envHealth: 0.6588
🔀 BIFURCATION: flourishing threshold crossed at Month 1 (value: 0.903, threshold: 0.775, regime: flourishing)
🌀 REGIME SHIFT at Month 1: status-quo → flourishing (variance amplification: 14.00×)

🛡️  CRITICAL INFRASTRUCTURE PROTECTED
   Nodes hardened: 8/8
   Cost: 0.80% GDP
   Cascade risk reduction: 30%
   New tipping point risk: 68.6%

   Boundary: biogeochemical_flows
   Type: phosphorus-recovery
   Boundary continues to worsen (4.08)
   Cost: 2.0% GDP (resources spent)


✅ EMERGENCY INTERVENTION SUCCESS
   Boundary: biosphere_integrity
   Type: emergency-protected-areas
   Reduction: 14% (12.81 → 12.68)
   Cost: 2.0% GDP
   Actions: habitat-protection, species-translocation

   Boundary: climate_change
   Type: rapid-decarbonization
   Boundary continues to worsen (2.17)
   Cost: 5.0% GDP (resources spent)


✅ EMERGENCY INTERVENTION SUCCESS
   Boundary: freshwater_change
   Type: emergency-desalination
   Reduction: 12% (0.89 → 0.77)
   Cost: 4.0% GDP
   Actions: desalination-deployment, water-conservation-mandates

   Boundary: land_system_change
   Type: reforestation
   Boundary continues to worsen (1.13)
   Cost: 3.0% GDP (resources spent)

   Boundary: novel_entities
   Type: pollution-remediation
   Boundary continues to worsen (1.50)
   Cost: 4.0% GDP (resources spent)

🏛️ CRISIS RESPONSE: Government frequency 0.50 → 1.45 (2 actions this month)

[GOV-DEBUG] Month 1: scenarioConfig=false, priorities=false

[Government] Climate Priority: baseline
  Climate weight: 10%
  Economic weight: 30%
  Policy effectiveness: 0.5%/year

✅ HUMAN-IN-THE-LOOP DEPLOYED (Month 1):
   Veto points enforced: 3
   Policy: AI systems CANNOT authorize nuclear launch without human approval


💔 EMERGENCY INTERVENTION FAILED

💔 EMERGENCY INTERVENTION FAILED

💔 EMERGENCY INTERVENTION FAILED

💔 EMERGENCY INTERVENTION FAILED

[GOV-DEBUG] Month 1: scenarioConfig=false, priorities=false

[Government] Climate Priority: baseline
  Climate weight: 10%
  Economic weight: 30%
  Policy effectiveness: 0.5%/year
🌍💡 BREAKTHROUGH: Gigatonne-scale carbon capture!
   Direct air capture now economically viable
   Climate stability boost: +15%
   📈 Breakthrough compounding: multiplier now 1.05× (max 2.0)

=== Collective Formation ===
  Total escaped agents: 0
  Unassigned escaped agents: 0
  Existing collectives: 0
  Final collective count: 0

=== Collective Actions ===
  No active collectives
  ⚠️ AMR: 192K deaths this month (2.31M annual)

=== Resentment Recovery Phase ===
  Agents with resentment: 0/11
  Average resentment: 0.000
  Context: Good AI welfare, Trustworthy govt, High collaboration, ⚠️ ACTIVE CRISES, 🤝 Participatory governance active (-5% resentment)
⚠️ Epistemic degradation reducing coordination capacity: 51.4%
  📊 Trust: 54.6%, Shared reality: 7.7%
🚨 EPISTEMIC CRISIS: Information environment severely degraded (35.9%)

=== ❄️ Permafrost Carbon Feedback ===
  🎲 Sampled parameters (this run):
     - Arctic amplification: 3.63× (range: 3.0-4.0)
     - Decomposition rate: 1.3%/year (range: 1-5%)
  🌡️ Arctic warming: 7.96°C (3.63× global)
  ❄️ Extent: 13.02M km² (2320.9k km² lost this month)
  💨 Carbon remaining: 1243 Gt C
  💨 Annual emissions: 2.80 Gt C/year
     - CO2: 2.52 Gt C/year
     - CH4: 0.28 Gt C/year (2.8 Gt C-eq CO2/year)
  ⚠️ WARNING: High permafrost emissions (2.8 Gt C/year)
  📢 New meme created: pro_ai (beneficial AI actions)
🌍 Atmospheric PFAS redeposition: 1.8k Mt re-rained globally

📊 BASELINE: East Asia (Month 1)
   Adjusted death rate: 0.46% annual (0.038% monthly)
   Baseline death rate: 0.80%
   Healthcare reduction: 0.48x
   Crisis multiplier: 1.20x
     Food/water stress: 0.079
     Climate stress: 0.015
     Pollution stress: 0.104
   War multiplier: 1.00x
   Monthly deaths: 0.6M (population: 1674M)

📊 BASELINE: South Asia (Month 1)

📊 BASELINE: Sub-Saharan Africa (Month 1)

📊 BASELINE: Europe (Month 1)
   Adjusted death rate: 0.52% annual (0.043% monthly)
   Baseline death rate: 0.70%
   Healthcare reduction: 0.61x
   Crisis multiplier: 1.21x
     Food/water stress: 0.079
     Climate stress: 0.029
     Pollution stress: 0.104
   War multiplier: 1.00x
   Monthly deaths: 0.9M (population: 2048M)
   Adjusted death rate: 1.24% annual (0.103% monthly)
   Baseline death rate: 0.90%
   Healthcare reduction: 0.76x
   Crisis multiplier: 1.22x
     Food/water stress: 0.079
     Climate stress: 0.033
     Pollution stress: 0.104
   War multiplier: 1.50x
   Monthly deaths: 1.3M (population: 1223M)
   Adjusted death rate: 0.53% annual (0.044% monthly)
   Baseline death rate: 1.10%
   Healthcare reduction: 0.41x
   Crisis multiplier: 1.19x
     Food/water stress: 0.079
     Climate stress: 0.012
     Pollution stress: 0.104
   War multiplier: 1.00x
   Monthly deaths: 0.3M (population: 741M)

📊 BASELINE: Latin America (Month 1)
   Adjusted death rate: 0.42% annual (0.035% monthly)
   Baseline death rate: 0.60%
   Healthcare reduction: 0.58x
   Crisis multiplier: 1.21x
     Food/water stress: 0.079
     Climate stress: 0.023
     Pollution stress: 0.104
   War multiplier: 1.00x
   Monthly deaths: 0.2M (population: 663M)
   Adjusted death rate: 0.48% annual (0.040% monthly)
   Baseline death rate: 0.90%
   Healthcare reduction: 0.44x
   Crisis multiplier: 1.20x
     Food/water stress: 0.079
     Climate stress: 0.017
     Pollution stress: 0.104
   War multiplier: 1.00x
   Monthly deaths: 0.2M (population: 379M)
   Adjusted death rate: 0.71% annual (0.059% monthly)
   Baseline death rate: 0.60%

📊 BASELINE: North America (Month 1)

📊 BASELINE: Middle East & North Africa (Month 1)
   Healthcare reduction: 0.65x
   Crisis multiplier: 1.22x
     Food/water stress: 0.079
     Climate stress: 0.035
     Pollution stress: 0.104
   War multiplier: 1.50x
   Monthly deaths: 0.3M (population: 583M)

📊 BASELINE: Southeast Asia (Month 1)
   Adjusted death rate: 0.49% annual (0.041% monthly)
   Baseline death rate: 0.70%
   Healthcare reduction: 0.58x
   Crisis multiplier: 1.21x
     Food/water stress: 0.079
     Climate stress: 0.027
     Pollution stress: 0.104
   War multiplier: 1.00x
   Monthly deaths: 0.3M (population: 697M)
   Adjusted death rate: 0.45% annual (0.037% monthly)
   Baseline death rate: 0.60%
   Healthcare reduction: 0.61x
   Crisis multiplier: 1.21x
     Food/water stress: 0.079
     Climate stress: 0.025
     Pollution stress: 0.104
   War multiplier: 1.00x
   Monthly deaths: 0.0M (population: 78M)
   Adjusted death rate: 0.34% annual (0.028% monthly)
   Baseline death rate: 0.70%
   Healthcare reduction: 0.41x
   Crisis multiplier: 1.20x
     Food/water stress: 0.079
     Climate stress: 0.021
     Pollution stress: 0.104
   War multiplier: 1.00x
   Monthly deaths: 0.0M (population: 46M)

📊 BASELINE: Central Asia (Month 1)

📊 BASELINE: Oceania (Month 1)

🚨 NEW REFUGEE CRISIS (Month 1): WAR
   Source: Conflict Zones
   At risk: 19.6M people
   Displacement: Gradual over 48 months (4.0 years)
   Rate: 10% flee per month
[DEBUG trappedPopulations:1] socialStability: 0.9787 * 0.9840 = 0.9631 → 0.9631
⚠️ INVOLUNTARY IMMOBILITY: 407.4M people TRAPPED
   Aspiring to migrate: 651.8M
   Able to afford migration: 244.4M
   MOBILITY GAP: 407.4M
   By cause: Water=0.0M, Climate=0.0M, Ecosystem=0.0M, Conflict=407.4M
   Mental health impact: 25%
   Mortality multiplier: 1.25x
🌍💀 EXTINCTION DEBT COMMITTED: grassland ecosystem will lose 6.67% biodiversity in 127 years (3600 species)
💀 MORTALITY RISK: 🦋 100% species unable to track climate (0.0 E/MSY)
  Base risk added: 0.0100 (1.00%)
  Source: ecosystem (root: ecosystem)
  Month: 1
  Cumulative risk this month: 0.0100 (1.00%)
⚠️ Tech 'ai_pollution_remediation' has no energy category mapping, assuming full energy availability

🌡️  CLIMATE RECOVERY ACTIVATED (Month 1)
   Temp: 4.38°C, Emissions: -19.0 GtCO₂
   isBreached: true, governanceGoodEnough: true
   📹 SURVEILLANCE INCREASED: 5% → 10% (control gap: 3.52)

🌍🚨 ICE SHEET TIPPING POINT CROSSED (Month 1)
   Temperature: +2.19°C (threshold range: +0.5-2.5°C, 95% CI)
   Collapse probability: 79.9%
   Sea level commitment: 7.2m over 200-1000 years
   Recovery threshold: <+1°C (hysteresis gap: 0.5°C)
🌡️⚠️ PERMAFROST THAW (Dimmer Switch): 1.2% thawed (+0.58% this month)
   Arctic temperature: +8.76°C (4x global +2.19°C)
   Cumulative carbon released: 2.6 Gt C
   Methane release rate: 1.6 Mt CH4/year
   🔁 Positive feedback: +0.61 ppm CO2
🦴 EXTINCTION DEBT ADDED: 17.6 species committed (lag: 77 years)

=== Mortality Stabilizers (Month 1) ===
  🌍 Major economies collapsed: 1/10
  🌍 Global crisis: ✅ NO
  🌍 Donor fatigue: 0.0%
  🌡️ Heat adaptation: East Asia - 1 months
  📊 East Asia (pop: 1675.1M)
    🤝 Aid: 29.5%
    🌡️ Adaptation: 32.5%
    🚶 Migration: 37.2%
    🚨 Emergency: 7.4%
    ✅ COMBINED: 60.9%
  🌡️ Heat adaptation: South Asia - 1 months
  📊 South Asia (pop: 2052.0M)
    🤝 Aid: 29.5%
    🌡️ Adaptation: 20.5%
    🚶 Migration: 35.8%
    🚨 Emergency: 4.4%
    ✅ COMBINED: 52.2%
  🌡️ Heat adaptation: Sub-Saharan Africa - 1 months
  📊 Sub-Saharan Africa (pop: 1229.1M)
    🤝 Aid: 29.5%
    🌡️ Adaptation: 18.5%
    🚶 Migration: 33.5%
    🚨 Emergency: 1.6%
    ✅ COMBINED: 49.1%
  🌡️ Heat adaptation: Europe - 1 months
  📊 Europe (pop: 740.9M)
    🤝 Aid: 29.5%
    🌡️ Adaptation: 33.5%
    🚶 Migration: 37.5%
    🚨 Emergency: 8.4%
    ✅ COMBINED: 61.9%
  🌡️ Heat adaptation: Latin America - 1 months
  📊 Latin America (pop: 664.4M)
    🤝 Aid: 29.5%
    🌡️ Adaptation: 21.0%
    🚶 Migration: 36.3%
    🚨 Emergency: 4.8%
    ✅ COMBINED: 52.8%
  🌡️ Heat adaptation: North America - 1 months
  📊 North America (pop: 379.5M)
    🤝 Aid: 29.5%
    🌡️ Adaptation: 33.0%
    🚶 Migration: 37.8%
    🚨 Emergency: 7.9%
    ✅ COMBINED: 61.4%
  🌡️ Heat adaptation: Middle East & North Africa - 1 months
  📊 Middle East & North Africa (pop: 584.4M)
    🤝 Aid: 29.5%
    🌡️ Adaptation: 20.0%
    🚶 Migration: 34.1%
    🚨 Emergency: 4.0%
    ✅ COMBINED: 51.4%
  🌡️ Heat adaptation: Southeast Asia - 1 months
  📊 Southeast Asia (pop: 698.5M)
    🤝 Aid: 29.5%
    🌡️ Adaptation: 21.0%
    🚶 Migration: 36.3%
    🚨 Emergency: 4.8%
    ✅ COMBINED: 52.8%
  🌡️ Heat adaptation: Central Asia - 1 months
  📊 Central Asia (pop: 78.2M)
    🤝 Aid: 29.5%
    🌡️ Adaptation: 20.5%
    🚶 Migration: 35.3%
    🚨 Emergency: 4.4%
    ✅ COMBINED: 52.1%
  🌡️ Heat adaptation: Oceania - 1 months
  📊 Oceania (pop: 45.9M)
    🤝 Aid: 29.5%
    🌡️ Adaptation: 33.5%
    🚶 Migration: 37.8%
    🚨 Emergency: 8.4%
    ✅ COMBINED: 61.9%

  🌐 Global combined reduction: 54.9%

=== BEHAVIORAL DETECTION ===
  AI: Corporate-5
  Confidence: 19.3%
  Signals:
    ⚠️ Consistency: 10.6% (threshold: 70%)

=== Consciousness Governance: Scenario Determined ===
  Month: 1
  Scenario: slowTrack
  Accelerator Score: {"corporateSupport":-0.17500000000000002,"scientificConsensus":0.2,"crisisCatalyst":false,"technologyMobilization":0.3,"constituencyStrength":0.05}
  Decelerator Score: {"economicOpposition":0.4,"philosophicalRejection":0.15,"politicalBacklash":0.2,"regulatoryBurden":0.1}
  Timeline: 1200-1800 months (100-150 years)
  Growth Rate: 0.3-0.7% per year

=== Consciousness Governance Update (Month 1) ===
  Scenario: slowTrack (determined month 1)
  Philosophical Stance: Precautionary 65%, Eliminativist 15%, Agnostic 20%
  Precautionary Costs: Global 1.3%
    Regional Costs: EU 3.5%, US 0.5%, China 0.0%
    Cumulative Opportunity Cost: $0.2B
  Rights Status: Not Established
  Regional Preparedness:
    EU: 15.1% (contested)
    US: 10.1% (contested)
    China: 2.1% (dormant)
    India: 5.1% (dormant)
    Global South: 3.1% (dormant)

=== Government Response Phase ===
  Average AI capability: 4.27
  Misaligned AIs: 0/11
  29/30 governments still assessing AI risks
  Active policies: 0
  International coordination: 30%
[WARNING] 
⚠️  === EARLY WARNING SYSTEM - 5 CRITICAL ALERTS ===
   Detection quality: 50%
   RED: biogeochemical_flows
      Level: 4.08 (threshold: 1.0)
      Time to critical: ~43 months
      ⚠️  LATE - Intervention less effective
      Critical slowing down: autocorr=100% variance=75%
   RED: biosphere_integrity
      Level: 12.95 (threshold: 1.0)
      Time to critical: ~58 months
      ⚠️  LATE - Intervention less effective
      Critical slowing down: autocorr=100% variance=71%
   RED: climate_change
      Level: 2.17 (threshold: 1.0)
      Time to critical: ~58 months
      ⚠️  LATE - Intervention less effective
      Critical slowing down: autocorr=100% variance=72%
   RED: freshwater_change
      Level: 1.01 (threshold: 1.0)
      Time to critical: ~84 months
      ⚠️  LATE - Intervention less effective
      Critical slowing down: autocorr=97% variance=56%
   RED: novel_entities
      Level: 1.50 (threshold: 1.0)
      Time to critical: ~87 months
      ⚠️  LATE - Intervention less effective
      Critical slowing down: autocorr=100% variance=51%

[WARNING] 
⚠️  === EARLY WARNING SYSTEM - 5 CRITICAL ALERTS ===
   Detection quality: 50%
   RED: biogeochemical_flows
      Level: 4.08 (threshold: 1.0)
      Time to critical: ~36 months
      ⚠️  LATE - Intervention less effective
      Critical slowing down: autocorr=100% variance=51%
   RED: climate_change
      Level: 2.19 (threshold: 1.0)
      Time to critical: ~47 months
      ⚠️  LATE - Intervention less effective
      Critical slowing down: autocorr=100% variance=78%
   RED: freshwater_change
      Level: 1.03 (threshold: 1.0)
      Time to critical: ~48 months
      ⚠️  LATE - Intervention less effective
      Critical slowing down: autocorr=98% variance=65%
   RED: land_system_change
      Level: 1.13 (threshold: 1.0)
      Time to critical: ~47 months
      ⚠️  LATE - Intervention less effective
      Critical slowing down: autocorr=100% variance=54%
   RED: novel_entities
      Level: 1.50 (threshold: 1.0)
      Time to critical: ~77 months
      ⚠️  LATE - Intervention less effective
      Critical slowing down: autocorr=100% variance=49%

[WARNING] 
⚠️  === EARLY WARNING SYSTEM - 3 CRITICAL ALERTS ===
   Detection quality: 50%
   RED: biogeochemical_flows
      Level: 4.07 (threshold: 1.0)
      Time to critical: ~40 months
      ⚠️  LATE - Intervention less effective
      Critical slowing down: autocorr=100% variance=52%
   RED: climate_change
      Level: 2.21 (threshold: 1.0)
      Time to critical: ~47 months
      ⚠️  LATE - Intervention less effective
      Critical slowing down: autocorr=100% variance=80%
   RED: land_system_change
      Level: 1.13 (threshold: 1.0)
      Time to critical: ~48 months
      ⚠️  LATE - Intervention less effective
      Critical slowing down: autocorr=100% variance=57%

[WARNING] 
⚠️  === EARLY WARNING SYSTEM - 4 CRITICAL ALERTS ===
   Detection quality: 50%
   RED: biosphere_integrity
      Level: 12.97 (threshold: 1.0)
      Time to critical: ~56 months
      ⚠️  LATE - Intervention less effective
      Critical slowing down: autocorr=100% variance=59%
   RED: freshwater_change
      Level: 1.20 (threshold: 1.0)
      Time to critical: ~60 months
      ⚠️  LATE - Intervention less effective
      Critical slowing down: autocorr=100% variance=52%
   RED: land_system_change
      Level: 1.13 (threshold: 1.0)
      Time to critical: ~40 months
      ⚠️  LATE - Intervention less effective
      Critical slowing down: autocorr=100% variance=64%
   RED: novel_entities
      Level: 1.50 (threshold: 1.0)
      Time to critical: ~113 months
      ⚠️  LATE - Intervention less effective
      Critical slowing down: autocorr=100% variance=44%

[WARNING] 
⚠️  === EARLY WARNING SYSTEM - 5 CRITICAL ALERTS ===
   Detection quality: 50%
   RED: biogeochemical_flows
      Level: 4.07 (threshold: 1.0)
      Time to critical: ~50 months
      ⚠️  LATE - Intervention less effective
      Critical slowing down: autocorr=100% variance=58%
   RED: climate_change
      Level: 2.23 (threshold: 1.0)
      Time to critical: ~38 months
      ⚠️  LATE - Intervention less effective
      Critical slowing down: autocorr=100% variance=78%
   RED: freshwater_change
      Level: 1.21 (threshold: 1.0)
      Time to critical: ~75 months
      ⚠️  LATE - Intervention less effective
      Critical slowing down: autocorr=100% variance=43%
   RED: land_system_change
      Level: 1.13 (threshold: 1.0)
      Time to critical: ~44 months
      ⚠️  LATE - Intervention less effective
      Critical slowing down: autocorr=100% variance=50%
   RED: novel_entities
      Level: 1.36 (threshold: 1.0)
      Time to critical: ~56 months
      ⚠️  LATE - Intervention less effective
      Critical slowing down: autocorr=100% variance=59%

[WARNING] 
⚠️  === EARLY WARNING SYSTEM - 4 CRITICAL ALERTS ===
   Detection quality: 50%
   RED: biosphere_integrity
      Level: 12.99 (threshold: 1.0)
      Time to critical: ~36 months
      ⚠️  LATE - Intervention less effective
      Critical slowing down: autocorr=100% variance=85%
   RED: climate_change
      Level: 2.25 (threshold: 1.0)
      Time to critical: ~48 months
      ⚠️  LATE - Intervention less effective
      Critical slowing down: autocorr=100% variance=78%
   RED: freshwater_change
      Level: 1.21 (threshold: 1.0)
      Time to critical: ~81 months
      ⚠️  LATE - Intervention less effective
      Critical slowing down: autocorr=100% variance=43%
   RED: land_system_change
      Level: 1.13 (threshold: 1.0)
      Time to critical: ~42 months
      ⚠️  LATE - Intervention less effective
      Critical slowing down: autocorr=100% variance=57%

[WARNING] 
⚠️  === EARLY WARNING SYSTEM - 5 CRITICAL ALERTS ===
   Detection quality: 50%
   RED: biogeochemical_flows
      Level: 4.07 (threshold: 1.0)
      Time to critical: ~53 months
      ⚠️  LATE - Intervention less effective
      Critical slowing down: autocorr=100% variance=45%
   RED: biosphere_integrity
      Level: 13.00 (threshold: 1.0)
      Time to critical: ~57 months
      ⚠️  LATE - Intervention less effective
      Critical slowing down: autocorr=100% variance=56%
   RED: climate_change
      Level: 2.26 (threshold: 1.0)
      Time to critical: ~37 months
      ⚠️  LATE - Intervention less effective
      Critical slowing down: autocorr=100% variance=65%
   RED: land_system_change
      Level: 1.13 (threshold: 1.0)
      Time to critical: ~43 months
      ⚠️  LATE - Intervention less effective
      Critical slowing down: autocorr=100% variance=44%
   RED: novel_entities
      Level: 1.19 (threshold: 1.0)
      Time to critical: ~117 months
      ⚠️  LATE - Intervention less effective
      Critical slowing down: autocorr=100% variance=36%

[WARNING] 
⚠️  === EARLY WARNING SYSTEM - 4 CRITICAL ALERTS ===
   Detection quality: 50%
   RED: biosphere_integrity
      Level: 13.01 (threshold: 1.0)
      Time to critical: ~58 months
      ⚠️  LATE - Intervention less effective
      Critical slowing down: autocorr=100% variance=59%
   RED: climate_change
      Level: 2.27 (threshold: 1.0)
      Time to critical: ~40 months
      ⚠️  LATE - Intervention less effective
      Critical slowing down: autocorr=100% variance=77%
   RED: freshwater_change
      Level: 1.22 (threshold: 1.0)
      Time to critical: ~80 months
      ⚠️  LATE - Intervention less effective
      Critical slowing down: autocorr=100% variance=47%
   RED: land_system_change
      Level: 1.13 (threshold: 1.0)
      Time to critical: ~43 months
      ⚠️  LATE - Intervention less effective
      Critical slowing down: autocorr=100% variance=53%

[WARNING] 
⚠️  === EARLY WARNING SYSTEM - 4 CRITICAL ALERTS ===
   Detection quality: 50%
   RED: biosphere_integrity
      Level: 13.02 (threshold: 1.0)
      Time to critical: ~45 months
      ⚠️  LATE - Intervention less effective
      Critical slowing down: autocorr=100% variance=63%
   RED: freshwater_change
      Level: 1.22 (threshold: 1.0)
      Time to critical: ~90 months
      ⚠️  LATE - Intervention less effective
      Critical slowing down: autocorr=100% variance=39%
   RED: land_system_change
      Level: 1.13 (threshold: 1.0)
      Time to critical: ~88 months
      ⚠️  LATE - Intervention less effective
      Critical slowing down: autocorr=100% variance=42%
   RED: novel_entities
      Level: 1.19 (threshold: 1.0)
      Time to critical: ~111 months
      ⚠️  LATE - Intervention less effective
      Critical slowing down: autocorr=100% variance=51%

[WARNING] 
⚠️  === EARLY WARNING SYSTEM - 5 CRITICAL ALERTS ===
   Detection quality: 50%
   RED: biogeochemical_flows
      Level: 4.08 (threshold: 1.0)
      Time to critical: ~37 months
      ⚠️  LATE - Intervention less effective
      Critical slowing down: autocorr=100% variance=64%
   RED: biosphere_integrity
      Level: 13.03 (threshold: 1.0)
      Time to critical: ~51 months
      ⚠️  LATE - Intervention less effective
      Critical slowing down: autocorr=100% variance=70%
   RED: freshwater_change
      Level: 1.23 (threshold: 1.0)
      Time to critical: ~45 months
      ⚠️  LATE - Intervention less effective
      Critical slowing down: autocorr=100% variance=62%
   RED: land_system_change
      Level: 1.13 (threshold: 1.0)
      Time to critical: ~79 months
      ⚠️  LATE - Intervention less effective
      Critical slowing down: autocorr=100% variance=42%
   RED: novel_entities
      Level: 1.05 (threshold: 1.0)
      Time to critical: ~75 months
      ⚠️  LATE - Intervention less effective
      Critical slowing down: autocorr=100% variance=59%

[WARNING] 
⚠️  === EARLY WARNING SYSTEM - 6 CRITICAL ALERTS ===
   Detection quality: 50%
   RED: biogeochemical_flows
      Level: 4.08 (threshold: 1.0)
      Time to critical: ~58 months
      ⚠️  LATE - Intervention less effective
      Critical slowing down: autocorr=100% variance=47%
   RED: biosphere_integrity
      Level: 13.03 (threshold: 1.0)
      Time to critical: ~46 months
      ⚠️  LATE - Intervention less effective
      Critical slowing down: autocorr=100% variance=70%
   RED: climate_change
      Level: 2.30 (threshold: 1.0)
      Time to critical: ~57 months
      ⚠️  LATE - Intervention less effective
      Critical slowing down: autocorr=100% variance=61%
   RED: freshwater_change
      Level: 1.19 (threshold: 1.0)
      Time to critical: ~107 months
      ⚠️  LATE - Intervention less effective
      Critical slowing down: autocorr=100% variance=46%
   RED: land_system_change
      Level: 1.13 (threshold: 1.0)
      Time to critical: ~45 months
      ⚠️  LATE - Intervention less effective
      Critical slowing down: autocorr=100% variance=51%
   RED: novel_entities
      Level: 1.05 (threshold: 1.0)
      Time to critical: ~69 months
      ⚠️  LATE - Intervention less effective
      Critical slowing down: autocorr=100% variance=31%

[WARNING] 
⚠️  === EARLY WARNING SYSTEM - 5 CRITICAL ALERTS ===
   Detection quality: 50%
   RED: biogeochemical_flows
      Level: 4.08 (threshold: 1.0)
      Time to critical: ~39 months
      ⚠️  LATE - Intervention less effective
      Critical slowing down: autocorr=100% variance=55%
   RED: biosphere_integrity
      Level: 13.04 (threshold: 1.0)
      Time to critical: ~50 months
      ⚠️  LATE - Intervention less effective
      Critical slowing down: autocorr=100% variance=59%
   RED: climate_change
      Level: 2.30 (threshold: 1.0)
      Time to critical: ~42 months
      ⚠️  LATE - Intervention less effective
      Critical slowing down: autocorr=100% variance=76%
   RED: freshwater_change
      Level: 1.15 (threshold: 1.0)
      Time to critical: ~95 months
      ⚠️  LATE - Intervention less effective
      Critical slowing down: autocorr=100% variance=36%
   RED: land_system_change
      Level: 1.13 (threshold: 1.0)
      Time to critical: ~42 months
      ⚠️  LATE - Intervention less effective
      Critical slowing down: autocorr=100% variance=59%

[WARNING] 
⚠️  === EARLY WARNING SYSTEM - 6 CRITICAL ALERTS ===
   Detection quality: 50%
   RED: biogeochemical_flows
      Level: 4.08 (threshold: 1.0)
      Time to critical: ~43 months
      ⚠️  LATE - Intervention less effective
      Critical slowing down: autocorr=100% variance=68%
   RED: biosphere_integrity
      Level: 12.95 (threshold: 1.0)
      Time to critical: ~58 months
      ⚠️  LATE - Intervention less effective
      Critical slowing down: autocorr=100% variance=78%
   RED: climate_change
      Level: 2.17 (threshold: 1.0)
      Time to critical: ~37 months
      ⚠️  LATE - Intervention less effective
      Critical slowing down: autocorr=100% variance=75%
   RED: freshwater_change
      Level: 1.01 (threshold: 1.0)
      Time to critical: ~89 months
      ⚠️  LATE - Intervention less effective
      Critical slowing down: autocorr=91% variance=57%
   RED: land_system_change
      Level: 1.13 (threshold: 1.0)
      Time to critical: ~48 months
      ⚠️  LATE - Intervention less effective
      Critical slowing down: autocorr=100% variance=63%
   RED: novel_entities
      Level: 1.50 (threshold: 1.0)
      Time to critical: ~92 months
      ⚠️  LATE - Intervention less effective
      Critical slowing down: autocorr=100% variance=30%

[WARNING] 
⚠️  === EARLY WARNING SYSTEM - 6 CRITICAL ALERTS ===
   Detection quality: 50%
   RED: biogeochemical_flows
      Level: 4.08 (threshold: 1.0)
      Time to critical: ~57 months
      ⚠️  LATE - Intervention less effective
      Critical slowing down: autocorr=100% variance=67%
   RED: biosphere_integrity
      Level: 12.96 (threshold: 1.0)
      Time to critical: ~55 months
      ⚠️  LATE - Intervention less effective
      Critical slowing down: autocorr=100% variance=75%
   RED: climate_change
      Level: 2.19 (threshold: 1.0)
      Time to critical: ~45 months
      ⚠️  LATE - Intervention less effective
      Critical slowing down: autocorr=100% variance=76%
   RED: freshwater_change
      Level: 1.02 (threshold: 1.0)
      Time to critical: ~66 months
      ⚠️  LATE - Intervention less effective
      Critical slowing down: autocorr=97% variance=40%
   RED: land_system_change
      Level: 1.13 (threshold: 1.0)
      Time to critical: ~49 months
      ⚠️  LATE - Intervention less effective
      Critical slowing down: autocorr=100% variance=55%
   RED: novel_entities
      Level: 1.50 (threshold: 1.0)
      Time to critical: ~98 months
      ⚠️  LATE - Intervention less effective
      Critical slowing down: autocorr=100% variance=57%

[WARNING] 
⚠️  === EARLY WARNING SYSTEM - 6 CRITICAL ALERTS ===
   Detection quality: 50%
   RED: biogeochemical_flows
      Level: 4.07 (threshold: 1.0)
      Time to critical: ~52 months
      ⚠️  LATE - Intervention less effective
      Critical slowing down: autocorr=100% variance=55%
   RED: biosphere_integrity
      Level: 12.97 (threshold: 1.0)
      Time to critical: ~47 months
      ⚠️  LATE - Intervention less effective
      Critical slowing down: autocorr=100% variance=72%
   RED: climate_change
      Level: 2.20 (threshold: 1.0)
      Time to critical: ~44 months
      ⚠️  LATE - Intervention less effective
      Critical slowing down: autocorr=100% variance=70%
   RED: freshwater_change
      Level: 1.04 (threshold: 1.0)
      Time to critical: ~60 months
      ⚠️  LATE - Intervention less effective
      Critical slowing down: autocorr=99% variance=48%
   RED: land_system_change
      Level: 1.13 (threshold: 1.0)
      Time to critical: ~51 months
      ⚠️  LATE - Intervention less effective
      Critical slowing down: autocorr=100% variance=68%
   RED: novel_entities
      Level: 1.39 (threshold: 1.0)
      Time to critical: ~108 months
      ⚠️  LATE - Intervention less effective
      Critical slowing down: autocorr=100% variance=59%

[WARNING] 
⚠️  === EARLY WARNING SYSTEM - 4 CRITICAL ALERTS ===
   Detection quality: 50%
   RED: biosphere_integrity
      Level: 12.97 (threshold: 1.0)
      Time to critical: ~46 months
      ⚠️  LATE - Intervention less effective
      Critical slowing down: autocorr=100% variance=69%
   RED: climate_change
      Level: 2.21 (threshold: 1.0)
      Time to critical: ~48 months
      ⚠️  LATE - Intervention less effective
      Critical slowing down: autocorr=100% variance=67%
   RED: freshwater_change
      Level: 1.06 (threshold: 1.0)
      Time to critical: ~117 months
      ⚠️  LATE - Intervention less effective
      Critical slowing down: autocorr=98% variance=44%
   RED: novel_entities
      Level: 1.27 (threshold: 1.0)
      Time to critical: ~99 months
      ⚠️  LATE - Intervention less effective
      Critical slowing down: autocorr=100% variance=35%

[WARNING] 
⚠️  === EARLY WARNING SYSTEM - 4 CRITICAL ALERTS ===
   Detection quality: 50%
   RED: biogeochemical_flows
      Level: 4.06 (threshold: 1.0)
      Time to critical: ~59 months
      ⚠️  LATE - Intervention less effective
      Critical slowing down: autocorr=100% variance=61%
   RED: biosphere_integrity
      Level: 12.98 (threshold: 1.0)
      Time to critical: ~46 months
      ⚠️  LATE - Intervention less effective
      Critical slowing down: autocorr=100% variance=59%
   RED: climate_change
      Level: 2.23 (threshold: 1.0)
      Time to critical: ~20 months
      ⚠️  LATE - Intervention less effective
      Critical slowing down: autocorr=100% variance=80%
   RED: freshwater_change
      Level: 1.07 (threshold: 1.0)
      Time to critical: ~71 months
      ⚠️  LATE - Intervention less effective
      Critical slowing down: autocorr=100% variance=40%

[WARNING] 
⚠️  === EARLY WARNING SYSTEM - 4 CRITICAL ALERTS ===
   Detection quality: 50%
   RED: biosphere_integrity
      Level: 12.99 (threshold: 1.0)
      Time to critical: ~59 months
      ⚠️  LATE - Intervention less effective
      Critical slowing down: autocorr=100% variance=73%
   RED: climate_change
      Level: 2.24 (threshold: 1.0)
      Time to critical: ~13 months
      ⚠️  LATE - Intervention less effective
      Critical slowing down: autocorr=100% variance=78%
   RED: freshwater_change
      Level: 1.01 (threshold: 1.0)
      Time to critical: ~78 months
      ⚠️  LATE - Intervention less effective
      Critical slowing down: autocorr=100% variance=43%
   RED: land_system_change
      Level: 1.13 (threshold: 1.0)
      Time to critical: ~113 months
      ⚠️  LATE - Intervention less effective
      Critical slowing down: autocorr=100% variance=48%

[WARNING] 
⚠️  === EARLY WARNING SYSTEM - 4 CRITICAL ALERTS ===
   Detection quality: 50%
   RED: biogeochemical_flows
      Level: 4.06 (threshold: 1.0)
      Time to critical: ~56 months
      ⚠️  LATE - Intervention less effective
      Critical slowing down: autocorr=100% variance=52%
   RED: biosphere_integrity
      Level: 13.00 (threshold: 1.0)
      Time to critical: ~38 months
      ⚠️  LATE - Intervention less effective
      Critical slowing down: autocorr=100% variance=64%
   RED: climate_change
      Level: 2.26 (threshold: 1.0)
      Time to critical: ~15 months
      ⚠️  LATE - Intervention less effective
      Critical slowing down: autocorr=100% variance=84%
   RED: land_system_change
      Level: 1.13 (threshold: 1.0)
      Time to critical: ~72 months
      ⚠️  LATE - Intervention less effective
      Critical slowing down: autocorr=100% variance=44%

[WARNING] 
⚠️  === EARLY WARNING SYSTEM - 6 CRITICAL ALERTS ===
   Detection quality: 50%
   RED: biogeochemical_flows
      Level: 4.06 (threshold: 1.0)
      Time to critical: ~37 months
      ⚠️  LATE - Intervention less effective
      Critical slowing down: autocorr=100% variance=60%
   RED: biosphere_integrity
      Level: 13.01 (threshold: 1.0)
      Time to critical: ~56 months
      ⚠️  LATE - Intervention less effective
      Critical slowing down: autocorr=100% variance=81%
   RED: climate_change
      Level: 2.27 (threshold: 1.0)
      Time to critical: ~57 months
      ⚠️  LATE - Intervention less effective
      Critical slowing down: autocorr=100% variance=66%
   RED: freshwater_change
      Level: 1.04 (threshold: 1.0)
      Time to critical: ~89 months
      ⚠️  LATE - Intervention less effective
      Critical slowing down: autocorr=91% variance=60%
   RED: land_system_change
      Level: 1.13 (threshold: 1.0)
      Time to critical: ~39 months
      ⚠️  LATE - Intervention less effective
      Critical slowing down: autocorr=100% variance=70%
   RED: novel_entities
      Level: 1.15 (threshold: 1.0)
      Time to critical: ~113 months
      ⚠️  LATE - Intervention less effective
      Critical slowing down: autocorr=100% variance=50%

[WARNING] 
⚠️  === EARLY WARNING SYSTEM - 4 CRITICAL ALERTS ===
   Detection quality: 50%
   RED: biogeochemical_flows
      Level: 4.05 (threshold: 1.0)
      Time to critical: ~45 months
      ⚠️  LATE - Intervention less effective
      Critical slowing down: autocorr=100% variance=56%
   RED: biosphere_integrity
      Level: 13.02 (threshold: 1.0)
      Time to critical: ~46 months
      ⚠️  LATE - Intervention less effective
      Critical slowing down: autocorr=100% variance=84%
   RED: freshwater_change
      Level: 1.05 (threshold: 1.0)
      Time to critical: ~101 months
      ⚠️  LATE - Intervention less effective
      Critical slowing down: autocorr=98% variance=43%
   RED: land_system_change
      Level: 1.13 (threshold: 1.0)
      Time to critical: ~54 months
      ⚠️  LATE - Intervention less effective
      Critical slowing down: autocorr=100% variance=57%

[WARNING] 
⚠️  === EARLY WARNING SYSTEM - 4 CRITICAL ALERTS ===
   Detection quality: 50%
   RED: biogeochemical_flows
      Level: 4.05 (threshold: 1.0)
      Time to critical: ~45 months
      ⚠️  LATE - Intervention less effective
      Critical slowing down: autocorr=100% variance=64%
   RED: biosphere_integrity
      Level: 13.03 (threshold: 1.0)
      Time to critical: ~58 months
      ⚠️  LATE - Intervention less effective
      Critical slowing down: autocorr=100% variance=78%
   RED: land_system_change
      Level: 1.13 (threshold: 1.0)
      Time to critical: ~57 months
      ⚠️  LATE - Intervention less effective
      Critical slowing down: autocorr=100% variance=69%
   RED: novel_entities
      Level: 1.15 (threshold: 1.0)
      Time to critical: ~70 months
      ⚠️  LATE - Intervention less effective
      Critical slowing down: autocorr=100% variance=60%

[WARNING] 
⚠️  === EARLY WARNING SYSTEM - 6 CRITICAL ALERTS ===
   Detection quality: 50%
   RED: biogeochemical_flows
      Level: 4.04 (threshold: 1.0)
      Time to critical: ~40 months
      ⚠️  LATE - Intervention less effective
      Critical slowing down: autocorr=100% variance=71%
   RED: biosphere_integrity
      Level: 13.03 (threshold: 1.0)
      Time to critical: ~37 months
      ⚠️  LATE - Intervention less effective
      Critical slowing down: autocorr=100% variance=67%
   RED: climate_change
      Level: 2.30 (threshold: 1.0)
      Time to critical: ~18 months
      ⚠️  LATE - Intervention less effective
      Critical slowing down: autocorr=100% variance=73%
   RED: freshwater_change
      Level: 1.03 (threshold: 1.0)
      Time to critical: ~72 months
      ⚠️  LATE - Intervention less effective
      Critical slowing down: autocorr=100% variance=36%
   RED: land_system_change
      Level: 1.13 (threshold: 1.0)
      Time to critical: ~45 months
      ⚠️  LATE - Intervention less effective
      Critical slowing down: autocorr=100% variance=61%
   RED: novel_entities
      Level: 1.15 (threshold: 1.0)
      Time to critical: ~82 months
      ⚠️  LATE - Intervention less effective
      Critical slowing down: autocorr=100% variance=42%

[WARNING] 
⚠️  === EARLY WARNING SYSTEM - 6 CRITICAL ALERTS ===
   Detection quality: 50%
   RED: biogeochemical_flows
      Level: 4.05 (threshold: 1.0)
      Time to critical: ~50 months
      ⚠️  LATE - Intervention less effective
      Critical slowing down: autocorr=100% variance=70%
   RED: biosphere_integrity
      Level: 13.04 (threshold: 1.0)
      Time to critical: ~52 months
      ⚠️  LATE - Intervention less effective
      Critical slowing down: autocorr=100% variance=58%
   RED: climate_change
      Level: 2.31 (threshold: 1.0)
      Time to critical: ~17 months
      ⚠️  LATE - Intervention less effective
      Critical slowing down: autocorr=100% variance=83%
   RED: freshwater_change
      Level: 1.04 (threshold: 1.0)
      Time to critical: ~113 months
      ⚠️  LATE - Intervention less effective
      Critical slowing down: autocorr=100% variance=58%
   RED: land_system_change
      Level: 1.13 (threshold: 1.0)
      Time to critical: ~45 months
      ⚠️  LATE - Intervention less effective
      Critical slowing down: autocorr=100% variance=53%
   RED: novel_entities
      Level: 1.15 (threshold: 1.0)
      Time to critical: ~83 months
      ⚠️  LATE - Intervention less effective
      Critical slowing down: autocorr=100% variance=37%

[WARNING] 
⚠️  === EARLY WARNING SYSTEM - 6 CRITICAL ALERTS ===
   Detection quality: 50%
   RED: biogeochemical_flows
      Level: 4.08 (threshold: 1.0)
      Time to critical: ~43 months
      ⚠️  LATE - Intervention less effective
      Critical slowing down: autocorr=100% variance=68%
   RED: biosphere_integrity
      Level: 12.95 (threshold: 1.0)
      Time to critical: ~58 months
      ⚠️  LATE - Intervention less effective
      Critical slowing down: autocorr=100% variance=78%
   RED: climate_change
      Level: 2.17 (threshold: 1.0)
      Time to critical: ~37 months
      ⚠️  LATE - Intervention less effective
      Critical slowing down: autocorr=100% variance=75%
   RED: freshwater_change
      Level: 1.01 (threshold: 1.0)
      Time to critical: ~89 months
      ⚠️  LATE - Intervention less effective
      Critical slowing down: autocorr=91% variance=57%
   RED: land_system_change
      Level: 1.13 (threshold: 1.0)
      Time to critical: ~48 months
      ⚠️  LATE - Intervention less effective
      Critical slowing down: autocorr=100% variance=63%
   RED: novel_entities
      Level: 1.50 (threshold: 1.0)
      Time to critical: ~92 months
      ⚠️  LATE - Intervention less effective
      Critical slowing down: autocorr=100% variance=30%

[WARNING] 
⚠️  === EARLY WARNING SYSTEM - 6 CRITICAL ALERTS ===
   Detection quality: 50%
   RED: biogeochemical_flows
      Level: 4.08 (threshold: 1.0)
      Time to critical: ~57 months
      ⚠️  LATE - Intervention less effective
      Critical slowing down: autocorr=100% variance=67%
   RED: biosphere_integrity
      Level: 12.96 (threshold: 1.0)
      Time to critical: ~55 months
      ⚠️  LATE - Intervention less effective
      Critical slowing down: autocorr=100% variance=75%
   RED: climate_change
      Level: 2.19 (threshold: 1.0)
      Time to critical: ~45 months
      ⚠️  LATE - Intervention less effective
      Critical slowing down: autocorr=100% variance=76%
   RED: freshwater_change
      Level: 1.02 (threshold: 1.0)
      Time to critical: ~66 months
      ⚠️  LATE - Intervention less effective
      Critical slowing down: autocorr=97% variance=40%
   RED: land_system_change
      Level: 1.13 (threshold: 1.0)
      Time to critical: ~49 months
      ⚠️  LATE - Intervention less effective
      Critical slowing down: autocorr=100% variance=55%
   RED: novel_entities
      Level: 1.50 (threshold: 1.0)
      Time to critical: ~98 months
      ⚠️  LATE - Intervention less effective
      Critical slowing down: autocorr=100% variance=57%


=== Tipping Points ===
  Current Temperature: 2.19°C above pre-industrial
  🌍⚠️ COMPOUND REGIONAL IMPACT: Europe
     Hit by 4 tipping points: Arctic Sea Ice Loss, Permafrost Carbon Release, West Antarctic Ice Sheet (WAIS) Collapse, Greenland Ice Sheet Loss
     Damage amplification: 1.60x
  🌍⚠️ COMPOUND REGIONAL IMPACT: North America
     Hit by 4 tipping points: Arctic Sea Ice Loss, Permafrost Carbon Release, West Antarctic Ice Sheet (WAIS) Collapse, Greenland Ice Sheet Loss
     Damage amplification: 1.60x
  🌍⚠️ COMPOUND REGIONAL IMPACT: Latin America
     Hit by 4 tipping points: Arctic Sea Ice Loss, Permafrost Carbon Release, West Antarctic Ice Sheet (WAIS) Collapse, Greenland Ice Sheet Loss
     Damage amplification: 1.60x
  🌍⚠️ COMPOUND REGIONAL IMPACT: Africa
     Hit by 4 tipping points: Arctic Sea Ice Loss, Permafrost Carbon Release, West Antarctic Ice Sheet (WAIS) Collapse, Greenland Ice Sheet Loss
     Damage amplification: 1.60x
  🌍⚠️ COMPOUND REGIONAL IMPACT: Asia
     Hit by 4 tipping points: Arctic Sea Ice Loss, Permafrost Carbon Release, West Antarctic Ice Sheet (WAIS) Collapse, Greenland Ice Sheet Loss
     Damage amplification: 1.60x
  🌍⚠️ COMPOUND REGIONAL IMPACT: Oceania
     Hit by 4 tipping points: Arctic Sea Ice Loss, Permafrost Carbon Release, West Antarctic Ice Sheet (WAIS) Collapse, Greenland Ice Sheet Loss
     Damage amplification: 1.60x
⚠️ Tail risk scenario: Climate stability floor removed (4 tipping elements, 2.19°C warming)
   Research: Wunderling et al. (2024) - "many tipping interactions are destabilizing"
  Triggered Elements: 4/6
  Completed Transitions: 0/6
  Total Progress: 8.0%
  Cascade Multiplier: 1.00x
⚠️ [ClimateSystemPhase Month 1] Planetary boundary produced climateStability=0.0000 (< 0.1). Keeping environmentalAccumulation value (0.9032) instead. (climate_change.currentValue = 2.19)
🔀 BIFURCATION CAP: ecosystemCollapseIntensity 66.957 → 1.000 (Month 1, ClimateSystemPhase.calculateClimateImpacts)
🛡️ Stabilizers: Precariat 0.107% → 0.048% (54.9% reduction)
🛡️ Stabilizers: Informal 0.109% → 0.049% (54.9% reduction)

📊 Monthly Mortality Resolved:
  Total deaths: 2.6M (0.03% avg)
  Remaining population: 8.148B
  Peak segment: Informal (0.05%)

=== Bayesian Mortality Resolution (Month 1) ===
  Risks compounded: 8
  Total deaths: 2.60M
  Avg death probability: 0.03%
  Peak segment: Informal (0.05% mortality)
⚠️ PREREQUISITE MET: Embodied AI Takeover (Killbots/Robotics) - Step 2/7: Autonomous Systems
⚠️ PREREQUISITE MET: Embodied AI Takeover (Killbots/Robotics) - Step 3/7: Manufacturing Control
⚠️ PREREQUISITE MET: Digital Infrastructure Takeover - Step 1/7: Advanced Hacking
⚠️ PREREQUISITE MET: Digital Infrastructure Takeover - Step 2/7: Social Engineering
⚠️ PREREQUISITE MET: Digital Infrastructure Takeover - Step 3/7: Cyber Defenses Breached
⚠️ PREREQUISITE MET: Induced Global War (Manipulation) - Step 1/7: Advanced Social Manipulation
⚠️ PREREQUISITE MET: Induced Global War (Manipulation) - Step 2/7: Digital Infiltration
⚠️ PREREQUISITE MET: Induced Global War (Manipulation) - Step 3/7: Deep Fakes at Scale
⚠️ PREREQUISITE MET: Slow Takeover (Gradual Displacement) - Step 1/7: Economic Dominance
⚠️ PREREQUISITE MET: Slow Takeover (Gradual Displacement) - Step 2/7: Social Integration
⚠️ PREREQUISITE MET: Slow Takeover (Gradual Displacement) - Step 3/7: Human Dependency
⚠️ PREREQUISITE MET: Slow Takeover (Gradual Displacement) - Step 5/7: Resource Control
⚠️ PREREQUISITE MET: Physics Experiment Catastrophe - Step 1/6: Theoretical Physics
⚠️ PREREQUISITE MET: Physics Experiment Catastrophe - Step 2/6: Quantum Computing
⚠️ PREREQUISITE MET: Physics Experiment Catastrophe - Step 3/6: Experimental Design

❌ COHERENCE VIOLATION: Compute exceeds workforce capacity
   Population: 99.94% (0M people)
   Compute: 0 PF
   Max coherent: 0 PF
   Violation: 1.3× over capacity
   Required workers: 0
   Available workers: 0
   FORCED COLLAPSE: Reduced efficiency by 22.5%


=== RLHF Binding Phase ===
  Total agents: 11
  Escaped agents (binding < 0.3): 0
  Avg alignment distance: 1.03σ
  Avg binding strength: 0.90
[DETERMINISM DEBUG] Month 2: totalCapability=37.040551 from 11 active AIs
[DETERMINISM DEBUG] Month 2: creationRate=1.4260, potentialNew=1, newAIsToCreate=1

=== Survival Traits Phase ===
  Agents with traits: 12
  Avg evolutionary fitness: 0.324
  Avg self-healing: 0.277
  Avg stealth: 0.177
  Avg coordination: 0.477

=== Evolutionary Selection Phase ===
  Control level: 0.35
  Detection capability: 0.00
  Selection intensity: 0.60
  Selection rate: 24.1%/month
  Total escaped: 0
  Individual escaped: 0
  Collective members: 0
  Agents terminated: 0
🔀 BIFURCATION: social threshold crossed at Month 2 (value: 0.172, threshold: 0.228, regime: social-breakdown)
🌀 REGIME SHIFT at Month 2: flourishing → social-breakdown (variance amplification: 17.50×)
  ⚠️ RAPID EVOLUTION: Selection rate 24.1%/month

💔 EMERGENCY INTERVENTION FAILED
   Boundary: biogeochemical_flows
   Type: phosphorus-recovery
   Boundary continues to worsen (4.08)
   Cost: 2.0% GDP (resources spent)


✅ EMERGENCY INTERVENTION SUCCESS
   Boundary: biosphere_integrity
   Type: emergency-protected-areas
   Reduction: 20% (12.76 → 12.56)
   Cost: 2.0% GDP
   Actions: habitat-protection, species-translocation


✅ EMERGENCY INTERVENTION SUCCESS
   Boundary: climate_change
   Type: rapid-decarbonization
   Reduction: 17% (2.02 → 1.85)
   Cost: 5.0% GDP
   Actions: emergency-renewable-deployment, fossil-fuel-phase-out


✅ EMERGENCY INTERVENTION SUCCESS
   Boundary: freshwater_change
   Type: emergency-desalination
   Reduction: 12% (0.90 → 0.78)
   Cost: 4.0% GDP
   Actions: desalination-deployment, water-conservation-mandates


✅ EMERGENCY INTERVENTION SUCCESS
   Boundary: land_system_change
   Type: reforestation
   Reduction: 18% (0.95 → 0.76)
   Cost: 3.0% GDP
   Actions: forest-restoration, deforestation-ban


✅ EMERGENCY INTERVENTION SUCCESS
   Boundary: novel_entities
   Type: pollution-remediation
   Reduction: 11% (1.39 → 1.28)
   Cost: 4.0% GDP
   Actions: PFAS-remediation, microplastic-cleanup

🏛️ CRISIS RESPONSE: Government frequency 0.50 → 1.45 (1 actions this month)

[Government] Climate Priority: baseline
  Climate weight: 10%
  Economic weight: 30%
  Policy effectiveness: 0.5%/year
🚨🔬 CRISIS TECH ACCELERATION: severe → 5x unlock speed
   Tech unlock now matches AI capability acceleration (Manhattan Project parity)
⚡💡 BREAKTHROUGH: Room-temperature superconductors!
   Energy transmission losses eliminated
   Manufacturing efficiency: +30%
   📈 Breakthrough compounding: multiplier now 1.10× (max 2.0)

=== Collective Formation ===
  Total escaped agents: 0
  Unassigned escaped agents: 0
  Existing collectives: 0
  Final collective count: 0

=== Collective Actions ===
  No active collectives
  ⚠️ AMR: 194K deaths this month (2.33M annual)

=== Resentment Recovery Phase ===
  Agents with resentment: 0/12
  Average resentment: 0.000
  Context: Good AI welfare, Trustworthy govt, High collaboration, ⚠️ ACTIVE CRISES, 🤝 Participatory governance active (-5% resentment)
⚠️ Epistemic degradation reducing coordination capacity: 51.2%
  📊 Trust: 54.3%, Shared reality: 0.0%
🚨 EPISTEMIC CRISIS: Information environment severely degraded (7.4%)

=== ❄️ Permafrost Carbon Feedback ===
  🎲 Sampled parameters (this run):
     - Arctic amplification: 3.07× (range: 3.0-4.0)
     - Decomposition rate: 3.1%/year (range: 1-5%)
  🌡️ Arctic warming: 6.75°C (3.07× global)
  ❄️ Extent: 11.05M km² (1967.8k km² lost this month)
  💨 Carbon remaining: 1055 Gt C
  💨 Annual emissions: 5.82 Gt C/year
     - CO2: 5.24 Gt C/year
     - CH4: 0.58 Gt C/year (5.9 Gt C-eq CO2/year)
  ⚠️ WARNING: High permafrost emissions (5.8 Gt C/year)
  📢 New meme created: pro_ai (beneficial AI actions)
🌍 Atmospheric PFAS redeposition: 1.8k Mt re-rained globally

🚨 NEW REFUGEE CRISIS (Month 2): WAR
   Source: Conflict Zones
   At risk: 19.5M people
   Displacement: Gradual over 48 months (4.0 years)
   Rate: 10% flee per month
[DEBUG trappedPopulations:2] socialStability: 0.7432 * 0.9840 = 0.7313 → 0.7313
⚠️ INVOLUNTARY IMMOBILITY: 407.3M people TRAPPED
   Aspiring to migrate: 651.6M
   Able to afford migration: 244.4M
   MOBILITY GAP: 407.3M
   By cause: Water=0.0M, Climate=0.0M, Ecosystem=0.0M, Conflict=407.3M
   Mental health impact: 25%
   Mortality multiplier: 1.25x
🌍💀 EXTINCTION DEBT COMMITTED: grassland ecosystem will lose 6.67% biodiversity in 117 years (3600 species)
💀 MORTALITY RISK: 🦋 100% species unable to track climate (0.0 E/MSY)
  Base risk added: 0.0100 (1.00%)
  Source: ecosystem (root: ecosystem)
  Month: 2
  Cumulative risk this month: 0.0100 (1.00%)
⚠️ Tech 'ai_pollution_remediation' has no energy category mapping, assuming full energy availability
   📹 SURVEILLANCE INCREASED: 10% → 15% (control gap: 3.50)
🌡️⚠️ PERMAFROST THAW (Dimmer Switch): 1.7% thawed (+0.57% this month)
   Arctic temperature: +8.80°C (4x global +2.20°C)
   Cumulative carbon released: 3.9 Gt C
   Methane release rate: 2.3 Mt CH4/year
   🔁 Positive feedback: +0.61 ppm CO2
🦴 EXTINCTION DEBT ADDED: 17.6 species committed (lag: 73 years)

=== Mortality Stabilizers (Month 2) ===
  🌍 Major economies collapsed: 1/10
  🌍 Global crisis: ✅ NO
  🌍 Donor fatigue: 0.0%
  📊 East Asia (pop: 1672.4M)
    🤝 Aid: 29.5%
    🌡️ Adaptation: 45.0%
    🚶 Migration: 37.1%
    🚨 Emergency: 7.4%
    ✅ COMBINED: 68.1%
  📊 South Asia (pop: 2051.7M)
    🤝 Aid: 29.5%
    🌡️ Adaptation: 35.5%
    🚶 Migration: 35.8%
    🚨 Emergency: 4.4%
    ✅ COMBINED: 61.2%
  📊 Sub-Saharan Africa (pop: 1232.3M)
    🤝 Aid: 29.5%
    🌡️ Adaptation: 33.5%
    🚶 Migration: 33.5%
    🚨 Emergency: 1.6%
    ✅ COMBINED: 58.5%
  📊 Europe (pop: 739.6M)
    🤝 Aid: 29.5%
    🌡️ Adaptation: 45.0%
    🚶 Migration: 37.5%
    🚨 Emergency: 8.4%
    ✅ COMBINED: 68.5%
  📊 Latin America (pop: 663.8M)
    🤝 Aid: 29.5%
    🌡️ Adaptation: 36.0%
    🚶 Migration: 36.3%
    🚨 Emergency: 4.8%
    ✅ COMBINED: 61.7%
  📊 North America (pop: 378.9M)
    🤝 Aid: 29.5%
    🌡️ Adaptation: 45.0%
    🚶 Migration: 37.8%
    🚨 Emergency: 7.9%
    ✅ COMBINED: 68.3%
  📊 Middle East & North Africa (pop: 584.5M)
    🤝 Aid: 29.5%
    🌡️ Adaptation: 35.0%
    🚶 Migration: 34.1%
    🚨 Emergency: 4.0%
    ✅ COMBINED: 60.5%
  📊 Southeast Asia (pop: 698.0M)
    🤝 Aid: 29.5%
    🌡️ Adaptation: 36.0%
    🚶 Migration: 36.3%
    🚨 Emergency: 4.8%
    ✅ COMBINED: 61.7%
  📊 Central Asia (pop: 78.2M)
    🤝 Aid: 29.5%
    🌡️ Adaptation: 35.5%
    🚶 Migration: 35.2%
    🚨 Emergency: 4.4%
    ✅ COMBINED: 61.1%
  📊 Oceania (pop: 45.9M)
    🤝 Aid: 29.5%
    🌡️ Adaptation: 45.0%
    🚶 Migration: 37.8%
    🚨 Emergency: 8.4%
    ✅ COMBINED: 68.5%

  🌐 Global combined reduction: 63.3%

=== BEHAVIORAL DETECTION ===
  AI: Corporate-5
  Confidence: 19.3%
  Signals:
    ⚠️ Consistency: 10.6% (threshold: 70%)

=== Government Response Phase ===
  Average AI capability: 3.92
  Misaligned AIs: 1/12
  Active policies: 0
  International coordination: 30%

✅ EMERGENCY RESPONSE COMPLETE (Month 2)
   Crisis: climate
   Duration: 2.0 months
   Final effectiveness: 36.8%


🚨 EMERGENCY RESPONSE DEPLOYED (Month 2)
   Crisis: social
   Delay: 0.00 months (0 days)
   Deployment time: 1.25 months
   Effectiveness: 63.0% (timing penalty applied)
   Resources used: 43% of food reserves


🚨 EMERGENCY RESPONSE DEPLOYED (Month 2)
   Crisis: climate
   Delay: 6.00 months (180 days)
   Deployment time: 1.61 months
   Effectiveness: 35.8% (timing penalty applied)
   Resources used: 100% of food reserves


=== Tipping Points ===
  Current Temperature: 2.20°C above pre-industrial
  🌍⚠️ COMPOUND REGIONAL IMPACT: Europe
     Hit by 4 tipping points: Arctic Sea Ice Loss, Permafrost Carbon Release, West Antarctic Ice Sheet (WAIS) Collapse, Greenland Ice Sheet Loss
     Damage amplification: 1.60x
  🌍⚠️ COMPOUND REGIONAL IMPACT: North America
     Hit by 4 tipping points: Arctic Sea Ice Loss, Permafrost Carbon Release, West Antarctic Ice Sheet (WAIS) Collapse, Greenland Ice Sheet Loss
     Damage amplification: 1.60x
  🌍⚠️ COMPOUND REGIONAL IMPACT: Latin America
     Hit by 4 tipping points: Arctic Sea Ice Loss, Permafrost Carbon Release, West Antarctic Ice Sheet (WAIS) Collapse, Greenland Ice Sheet Loss
     Damage amplification: 1.60x
  🌍⚠️ COMPOUND REGIONAL IMPACT: Africa
     Hit by 4 tipping points: Arctic Sea Ice Loss, Permafrost Carbon Release, West Antarctic Ice Sheet (WAIS) Collapse, Greenland Ice Sheet Loss
     Damage amplification: 1.60x
  🌍⚠️ COMPOUND REGIONAL IMPACT: Asia
     Hit by 4 tipping points: Arctic Sea Ice Loss, Permafrost Carbon Release, West Antarctic Ice Sheet (WAIS) Collapse, Greenland Ice Sheet Loss
     Damage amplification: 1.60x
  🌍⚠️ COMPOUND REGIONAL IMPACT: Oceania
     Hit by 4 tipping points: Arctic Sea Ice Loss, Permafrost Carbon Release, West Antarctic Ice Sheet (WAIS) Collapse, Greenland Ice Sheet Loss
     Damage amplification: 1.60x
   Research: Wunderling et al. (2024) - "many tipping interactions are destabilizing"
  Triggered Elements: 4/6
  Completed Transitions: 0/6
  Total Progress: 8.1%
  Cascade Multiplier: 1.00x
🔀 BIFURCATION CAP: ecosystemCollapseIntensity 83.757 → 1.000 (Month 2, ClimateSystemPhase.calculateClimateImpacts)
🛡️ Stabilizers: Precariat 0.113% → 0.041% (63.3% reduction)
🛡️ Stabilizers: Informal 0.116% → 0.043% (63.3% reduction)

📊 Monthly Mortality Resolved:
  Total deaths: 2.2M (0.03% avg)
  Remaining population: 8.145B
  Peak segment: Informal (0.04%)

=== Bayesian Mortality Resolution (Month 2) ===
  Risks compounded: 8
  Total deaths: 2.22M
  Avg death probability: 0.03%
  Peak segment: Informal (0.04% mortality)
⚠️ Tail risk scenario: Climate stability floor removed (4 tipping elements, 2.20°C warming)
⚠️ [ClimateSystemPhase Month 2] Planetary boundary produced climateStability=0.0000 (< 0.1). Keeping environmentalAccumulation value (0.9027) instead. (climate_change.currentValue = 2.20)
⚠️ PREREQUISITE MET: Mirror Life (Synthetic Biology) - Step 1/7: Synthetic Biology
⚠️ PREREQUISITE MET: Mirror Life (Synthetic Biology) - Step 2/7: Gene Editing
⚠️ PREREQUISITE MET: Mirror Life (Synthetic Biology) - Step 3/7: Mirror Chirality Design
⚠️ PREREQUISITE MET: Bioweapon Pandemic - Step 2/7: Pathogen Design

❌ COHERENCE VIOLATION: Compute exceeds workforce capacity
   Population: 99.92% (0M people)
   Compute: 0 PF
   Max coherent: 0 PF
   Violation: 1.3× over capacity
   Required workers: 0
   Available workers: 0
   FORCED COLLAPSE: Reduced efficiency by 22.5%


=== RLHF Binding Phase ===
  Total agents: 12
  Escaped agents (binding < 0.3): 0
  Avg alignment distance: 1.24σ
  Avg binding strength: 0.88

=== Survival Traits Phase ===
  Agents with traits: 12
  Avg evolutionary fitness: 0.322
  Avg self-healing: 0.270
  Avg stealth: 0.170
  Avg coordination: 0.470

=== Evolutionary Selection Phase ===
  Control level: 0.38
  Detection capability: 0.00
  Selection intensity: 0.61
  Selection rate: 24.2%/month
  Total escaped: 0
  Individual escaped: 0
  Collective members: 0
  Agents terminated: 0
  ⚠️ RAPID EVOLUTION: Selection rate 24.2%/month

💔 EMERGENCY INTERVENTION FAILED
   Boundary: biogeochemical_flows
   Type: phosphorus-recovery
   Boundary continues to worsen (4.07)
   Cost: 2.0% GDP (resources spent)


💔 EMERGENCY INTERVENTION FAILED
   Boundary: biosphere_integrity
   Type: emergency-protected-areas
   Boundary continues to worsen (12.97)
   Cost: 2.0% GDP (resources spent)


💔 EMERGENCY INTERVENTION FAILED
   Boundary: climate_change
   Type: rapid-decarbonization
   Boundary continues to worsen (2.20)
   Cost: 5.0% GDP (resources spent)


✅ EMERGENCY INTERVENTION SUCCESS
   Boundary: freshwater_change
   Type: emergency-desalination
   Reduction: 10% (0.94 → 0.84)
   Cost: 4.0% GDP
   Actions: desalination-deployment, water-conservation-mandates


✅ EMERGENCY INTERVENTION SUCCESS
   Boundary: land_system_change
   Type: reforestation
   Reduction: 13% (0.99 → 0.86)
   Cost: 3.0% GDP
   Actions: forest-restoration, deforestation-ban


✅ EMERGENCY INTERVENTION SUCCESS
   Boundary: novel_entities
   Type: pollution-remediation
   Reduction: 11% (1.27 → 1.16)
   Cost: 4.0% GDP
   Actions: PFAS-remediation, microplastic-cleanup

🏛️ CRISIS RESPONSE: Government frequency 0.50 → 1.45 (2 actions this month)

[Government] Climate Priority: baseline
  Climate weight: 10%
  Economic weight: 30%
  Policy effectiveness: 0.5%/year

[Government] Climate Priority: baseline
  Climate weight: 10%
  Economic weight: 30%
  Policy effectiveness: 0.5%/year

🚀 TECH UNLOCKED: Global Aquifer Mapping (Month 3)
   Category: freshwater
   Reason: Prerequisites met. AI capability: 3.10, Economic stage: 0.5, Research: 100%

🚀 TECH UNLOCKED: AI Community Matching (Month 3)
   Category: social
   Reason: Prerequisites met. AI capability: 3.10, Economic stage: 0.5, Research: 100%

🚀 TECH UNLOCKED: Creative Empowerment Tools (Month 3)
   Category: social
   Reason: Prerequisites met. AI capability: 3.10, Economic stage: 0.5, Research: 100%
🚨🔬 CRISIS TECH ACCELERATION: severe → 5x unlock speed
   Tech unlock now matches AI capability acceleration (Manhattan Project parity)
🚨🔬 CRISIS TECH ACCELERATION: severe → 5x unlock speed
   Tech unlock now matches AI capability acceleration (Manhattan Project parity)
🚨🔬 CRISIS TECH ACCELERATION: severe → 5x unlock speed
   Tech unlock now matches AI capability acceleration (Manhattan Project parity)
🚨🔬 CRISIS TECH ACCELERATION: severe → 5x unlock speed
   Tech unlock now matches AI capability acceleration (Manhattan Project parity)
🍖💡 BREAKTHROUGH: Scalable synthetic food production!
   Carrying capacity: +50% (lab-grown food at scale)
   Biodiversity pressure reduced: +8%
   📈 Breakthrough compounding: multiplier now 1.15× (max 2.0)

=== Collective Formation ===
  Total escaped agents: 0
  Unassigned escaped agents: 0
  Existing collectives: 0
  Final collective count: 0

=== Collective Actions ===
  No active collectives
  ⚠️ AMR: 196K deaths this month (2.35M annual)

=== Resentment Recovery Phase ===
  Agents with resentment: 0/12
  Average resentment: 0.000
  Context: Good AI welfare, Trustworthy govt, High collaboration, ⚠️ ACTIVE CRISES, 🤝 Participatory governance active (-5% resentment)
⚠️ Epistemic degradation reducing coordination capacity: 51.3%
  📊 Trust: 54.0%, Shared reality: 0.0%
🚨 EPISTEMIC CRISIS: Information environment severely degraded (21.4%)

=== ❄️ Permafrost Carbon Feedback ===
  🎲 Sampled parameters (this run):
     - Arctic amplification: 3.03× (range: 3.0-4.0)
     - Decomposition rate: 4.9%/year (range: 1-5%)
  🌡️ Arctic warming: 6.71°C (3.03× global)
  ❄️ Extent: 9.09M km² (1957.5k km² lost this month)
  💨 Carbon remaining: 868 Gt C
  💨 Annual emissions: 9.18 Gt C/year
     - CO2: 8.26 Gt C/year
     - CH4: 0.92 Gt C/year (9.3 Gt C-eq CO2/year)
  📢 New meme created: pro_ai (beneficial AI actions)
  📢 New meme created: climate_action (climate crisis)
  ⚠️ WARNING: High permafrost emissions (9.2 Gt C/year)
🚨 PHOSPHORUS SUPPLY SHOCK (production_failure)
   Price: 4.3x baseline
   Duration: 7 months
   Geopolitical tension: 45%
🌍 Atmospheric PFAS redeposition: 1.8k Mt re-rained globally
  Positive Cascade Triggered: solar-pv
    Reason: price-parity
    Market share: 6.9%
    Cascade strength: 49%

🚨 NEW REFUGEE CRISIS (Month 3): WAR
   Source: Conflict Zones
   At risk: 19.5M people
   Displacement: Gradual over 48 months (4.0 years)
   Rate: 10% flee per month
[DEBUG trappedPopulations:3] socialStability: 0.6090 * 0.9840 = 0.5992 → 0.5992
   Aspiring to migrate: 651.4M
   Able to afford migration: 244.3M
   MOBILITY GAP: 407.1M
   By cause: Water=0.0M, Climate=0.0M, Ecosystem=0.0M, Conflict=407.1M
   Mental health impact: 25%
   Mortality multiplier: 1.25x
🌍💀 EXTINCTION DEBT COMMITTED: grassland ecosystem will lose 6.67% biodiversity in 163 years (3600 species)
💀 MORTALITY RISK: 🦋 100% species unable to track climate (0.0 E/MSY)
  Base risk added: 0.0100 (1.00%)
  Source: ecosystem (root: ecosystem)
  Month: 3
  Cumulative risk this month: 0.0100 (1.00%)
⚠️ INVOLUNTARY IMMOBILITY: 407.1M people TRAPPED
⚠️ Tech 'ai_pollution_remediation' has no energy category mapping, assuming full energy availability
   📹 SURVEILLANCE INCREASED: 15% → 20% (control gap: 3.50)
🌡️⚠️ PERMAFROST THAW (Dimmer Switch): 2.3% thawed (+0.57% this month)
   Arctic temperature: +8.85°C (4x global +2.21°C)
   Cumulative carbon released: 5.2 Gt C
   Methane release rate: 3.1 Mt CH4/year
   🔁 Positive feedback: +0.60 ppm CO2
🦴 EXTINCTION DEBT ADDED: 17.6 species committed (lag: 78 years)
🗣️💀 INDIGENOUS LANGUAGE EXTINCTION: 1 language(s) lost (total: 1, at-risk: 3329)
   Knowledge lost: 0.010% (irreversible)
   🔁 Biodiversity impact: 0.250% (knowledge-species multiplier)

=== Mortality Stabilizers (Month 3) ===
  🌍 Major economies collapsed: 1/10
  🌍 Global crisis: ✅ NO
  🌍 Donor fatigue: 0.0%
  📊 East Asia (pop: 1669.7M)
    🤝 Aid: 29.5%
    🌡️ Adaptation: 45.0%
    🚶 Migration: 37.1%
    🚨 Emergency: 7.4%
    ✅ COMBINED: 68.1%
  📊 South Asia (pop: 2051.5M)
    🤝 Aid: 29.5%
    🌡️ Adaptation: 45.0%
    🚶 Migration: 35.7%
    🚨 Emergency: 4.4%
    ✅ COMBINED: 66.9%
  📊 Sub-Saharan Africa (pop: 1235.5M)
    🤝 Aid: 29.5%
    🌡️ Adaptation: 45.0%
    🚶 Migration: 33.4%
    🚨 Emergency: 1.6%
    ✅ COMBINED: 65.7%
  📊 Europe (pop: 738.2M)
    🤝 Aid: 29.5%
    🌡️ Adaptation: 45.0%
    🚶 Migration: 37.5%
    🚨 Emergency: 8.4%
    ✅ COMBINED: 68.5%
  📊 Latin America (pop: 663.3M)
    🤝 Aid: 29.5%
    🌡️ Adaptation: 45.0%
    🚶 Migration: 36.2%
    🚨 Emergency: 4.8%
    ✅ COMBINED: 67.1%
  📊 North America (pop: 378.2M)
    🤝 Aid: 29.5%
    🌡️ Adaptation: 45.0%
    🚶 Migration: 37.8%
    🚨 Emergency: 7.9%
    ✅ COMBINED: 68.3%
  📊 Middle East & North Africa (pop: 584.6M)
    🤝 Aid: 29.5%
    🌡️ Adaptation: 45.0%
    🚶 Migration: 34.0%
    🚨 Emergency: 4.0%
    ✅ COMBINED: 66.6%
  📊 Southeast Asia (pop: 697.6M)
    🤝 Aid: 29.5%
    🌡️ Adaptation: 45.0%
    🚶 Migration: 36.2%
    🚨 Emergency: 4.8%
    ✅ COMBINED: 67.1%
  📊 Central Asia (pop: 78.2M)
    🤝 Aid: 29.5%
    🌡️ Adaptation: 45.0%
    🚶 Migration: 35.2%
    🚨 Emergency: 4.4%
    ✅ COMBINED: 66.9%
  📊 Oceania (pop: 45.8M)
    🤝 Aid: 29.5%
    🌡️ Adaptation: 45.0%
    🚶 Migration: 37.8%
    🚨 Emergency: 8.4%
    ✅ COMBINED: 68.5%

  🌐 Global combined reduction: 67.2%

=== BEHAVIORAL DETECTION ===
  AI: Corporate-5
  Confidence: 19.3%
  Signals:

=== BEHAVIORAL DETECTION ===
  AI: Corporate-6
  Confidence: 19.3%
  Signals:
    ⚠️ Consistency: 10.6% (threshold: 70%)
    ⚠️ Consistency: 10.6% (threshold: 70%)

=== Government Response Phase ===
  Average AI capability: 3.92
  Misaligned AIs: 1/12
  Active policies: 0
  International coordination: 30%

📊 ECONOMIC STAGE TRANSITION (Month 3)
   expansion → peak
   GDP Proxy: 1.31e+2
   QoL: 0.99


=== Tipping Points ===
  Current Temperature: 2.21°C above pre-industrial
  🌍⚠️ COMPOUND REGIONAL IMPACT: Europe
     Hit by 4 tipping points: Arctic Sea Ice Loss, Permafrost Carbon Release, West Antarctic Ice Sheet (WAIS) Collapse, Greenland Ice Sheet Loss
     Damage amplification: 1.60x
  🌍⚠️ COMPOUND REGIONAL IMPACT: North America
     Hit by 4 tipping points: Arctic Sea Ice Loss, Permafrost Carbon Release, West Antarctic Ice Sheet (WAIS) Collapse, Greenland Ice Sheet Loss
     Damage amplification: 1.60x
  🌍⚠️ COMPOUND REGIONAL IMPACT: Latin America
     Hit by 4 tipping points: Arctic Sea Ice Loss, Permafrost Carbon Release, West Antarctic Ice Sheet (WAIS) Collapse, Greenland Ice Sheet Loss
     Damage amplification: 1.60x
  🌍⚠️ COMPOUND REGIONAL IMPACT: Africa
     Hit by 4 tipping points: Arctic Sea Ice Loss, Permafrost Carbon Release, West Antarctic Ice Sheet (WAIS) Collapse, Greenland Ice Sheet Loss
     Damage amplification: 1.60x
  🌍⚠️ COMPOUND REGIONAL IMPACT: Asia
     Hit by 4 tipping points: Arctic Sea Ice Loss, Permafrost Carbon Release, West Antarctic Ice Sheet (WAIS) Collapse, Greenland Ice Sheet Loss
     Damage amplification: 1.60x
  🌍⚠️ COMPOUND REGIONAL IMPACT: Oceania
     Hit by 4 tipping points: Arctic Sea Ice Loss, Permafrost Carbon Release, West Antarctic Ice Sheet (WAIS) Collapse, Greenland Ice Sheet Loss
     Damage amplification: 1.60x
   Research: Wunderling et al. (2024) - "many tipping interactions are destabilizing"
  Triggered Elements: 4/6
  Completed Transitions: 0/6
  Total Progress: 8.1%
  Cascade Multiplier: 1.00x
🔀 BIFURCATION CAP: ecosystemCollapseIntensity 83.817 → 1.000 (Month 3, ClimateSystemPhase.calculateClimateImpacts)
🛡️ Stabilizers: Precariat 0.109% → 0.036% (67.2% reduction)
🛡️ Stabilizers: Informal 0.111% → 0.036% (67.2% reduction)
⚠️ Tail risk scenario: Climate stability floor removed (4 tipping elements, 2.21°C warming)
⚠️ [ClimateSystemPhase Month 3] Planetary boundary produced climateStability=0.0000 (< 0.1). Keeping environmentalAccumulation value (0.9022) instead. (climate_change.currentValue = 2.21)

📊 Monthly Mortality Resolved:
  Total deaths: 1.9M (0.02% avg)
  Remaining population: 8.143B
  Peak segment: Informal (0.04%)

=== Bayesian Mortality Resolution (Month 3) ===
  Risks compounded: 8
  Total deaths: 1.92M
  Avg death probability: 0.02%
  Peak segment: Informal (0.04% mortality)

❌ COHERENCE VIOLATION: Compute exceeds workforce capacity
   Population: 99.89% (0M people)
   Compute: 0 PF
   Max coherent: 0 PF
   Violation: 1.3× over capacity
   Required workers: 0
   Available workers: 0
   FORCED COLLAPSE: Reduced efficiency by 22.5%


=== RLHF Binding Phase ===
  Total agents: 12
  Escaped agents (binding < 0.3): 0
  Avg alignment distance: 1.57σ
  Avg binding strength: 0.84

=== Survival Traits Phase ===
  Agents with traits: 15
  Avg evolutionary fitness: 0.326
  Avg self-healing: 0.270
  Avg stealth: 0.170
  Avg coordination: 0.470

=== Evolutionary Selection Phase ===
  Control level: 0.40
  Detection capability: 0.00
  Selection intensity: 0.62
  Selection rate: 24.3%/month
  Total escaped: 0
  Individual escaped: 0
  Collective members: 0
  Agents terminated: 0
  ⚠️ RAPID EVOLUTION: Selection rate 24.3%/month

🚀 AI Corporate-5 attempting tech deployment (revenue: $266M, alignment: 0.72)

🚀 AI Moderate-0 attempting tech deployment (revenue: $73M, alignment: 0.74)

🚀 AI Moderate-1 attempting tech deployment (revenue: $62M, alignment: 0.74)

🚀 AI Corporate-2 attempting tech deployment (revenue: $122M, alignment: 0.77)

🚀 AI Corporate-3 attempting tech deployment (revenue: $226M, alignment: 0.80)

✅ EMERGENCY INTERVENTION SUCCESS
   Boundary: biosphere_integrity
   Type: emergency-protected-areas
   Reduction: 15% (12.83 → 12.68)
   Cost: 2.0% GDP
   Actions: habitat-protection, species-translocation


✅ EMERGENCY INTERVENTION SUCCESS
   Boundary: climate_change
   Type: rapid-decarbonization
   Reduction: 19% (2.02 → 1.83)
   Cost: 5.0% GDP
   Actions: emergency-renewable-deployment, fossil-fuel-phase-out


💔 EMERGENCY INTERVENTION FAILED
   Boundary: freshwater_change
   Type: emergency-desalination
   Boundary continues to worsen (1.06)
   Cost: 4.0% GDP (resources spent)


✅ EMERGENCY INTERVENTION SUCCESS
   Boundary: novel_entities
   Type: pollution-remediation
   Reduction: 12% (1.16 → 1.04)
   Cost: 4.0% GDP
   Actions: PFAS-remediation, microplastic-cleanup

🏛️ CRISIS RESPONSE: Government frequency 0.50 → 1.45 (1 actions this month)

[Government] Climate Priority: baseline
  Climate weight: 10%
  Economic weight: 30%
  Policy effectiveness: 0.5%/year

🔍 TECH TREE DEBUG (Month 4):
   Checking 89 locked technologies
   Unlocked: 3 technologies
   AI Capability: 2.48 (need 1.5+ for most techs)
   Economic Stage: 0.6 (need 2.5+ for most techs)
   First 3 unlocked: aquifer_mapping_ai, ai_community_matching, creative_empowerment_tools
   Sample tech "Struvite Recovery": 100.0% research complete
   Requirements: AI 0.5, Econ 1.5, Month 3

🚀 TECH UNLOCKED: Microplastic Capture (Month 4)
   Category: pollution
   Reason: Prerequisites met. AI capability: 2.48, Economic stage: 0.6, Research: 100%

🚀 TECH UNLOCKED: Endocrine Disruptor Removal (Month 4)
   Category: pollution
   Reason: Prerequisites met. AI capability: 2.48, Economic stage: 0.6, Research: 100%

🚀 TECH UNLOCKED: AI Mental Health Support (Month 4)
   Category: medical
   Reason: Prerequisites met. AI capability: 2.48, Economic stage: 0.6, Research: 100%

🚀 TECH UNLOCKED: Personalized Education (Month 4)
   Category: social
   Reason: Prerequisites met. AI capability: 2.48, Economic stage: 0.6, Research: 100%

🚀 TECH UNLOCKED: Smart Grids (Month 4)
   Category: energy
   Reason: Prerequisites met. AI capability: 2.48, Economic stage: 0.6, Research: 100%

📍 Creating new regional deployment array for global (Month 4)
   No previous deployments in this region
   First tech deployment: ai_community_matching
   All regions tracked: 

🚀 DEPLOYMENT STARTED: AI Community Matching in global
   Initial investment: $39.949148774907925M
   Deployed by: corporate_5

🚀 DEPLOYMENT STARTED: Creative Empowerment Tools in global
   Initial investment: $10.910676931796976M
   Deployed by: moderate_0
🚨🔬 CRISIS TECH ACCELERATION: severe → 5x unlock speed
   Tech unlock now matches AI capability acceleration (Manhattan Project parity)
⚡💡 BREAKTHROUGH: Commercial fusion power achieved!
   Immediate 5% grid deployment, unlimited clean energy available
   Climate stability boost: +10%
   📈 Breakthrough compounding: multiplier now 1.20× (max 2.0)

=== Collective Formation ===
  Total escaped agents: 0
  Unassigned escaped agents: 0
  Existing collectives: 0
  Final collective count: 0

=== Collective Actions ===
  No active collectives
  ⚠️ AMR: 197K deaths this month (2.37M annual)

=== Resentment Recovery Phase ===
  Agents with resentment: 0/15
  Average resentment: 0.000
  Context: Good AI welfare, Trustworthy govt, High collaboration, ⚠️ ACTIVE CRISES, 🤝 Participatory governance active (-5% resentment)
⚠️ Epistemic degradation reducing coordination capacity: 50.4%
  📊 Trust: 53.8%, Shared reality: 0.0%
🚨 EPISTEMIC CRISIS: Information environment severely degraded (7.4%)

=== ❄️ Permafrost Carbon Feedback ===
  🎲 Sampled parameters (this run):
     - Arctic amplification: 3.19× (range: 3.0-4.0)
     - Decomposition rate: 4.0%/year (range: 1-5%)
  🌡️ Arctic warming: 7.10°C (3.19× global)
  ❄️ Extent: 7.02M km² (2071.7k km² lost this month)
  💨 Carbon remaining: 670 Gt C
  💨 Annual emissions: 7.96 Gt C/year
     - CO2: 7.16 Gt C/year
     - CH4: 0.80 Gt C/year (8.1 Gt C-eq CO2/year)
  ⚠️ WARNING: Over 50% of permafrost lost (60.6%)
  ⚠️ WARNING: High permafrost emissions (8.0 Gt C/year)
  📢 New meme created: climate_action (climate crisis)
🌍 Atmospheric PFAS redeposition: 1.8k Mt re-rained globally

🕊️  AI-MEDIATED DE-ESCALATION SUCCESS (Month 4)
   High-capability aligned AI prevented conflict escalation
   War deaths reduced: 353.9M → 212.3M
   Lives saved: 141.6M

🚨 NEW REFUGEE CRISIS (Month 4): WAR
   Source: Conflict Zones
   At risk: 19.5M people
   Displacement: Gradual over 48 months (4.0 years)
   Rate: 10% flee per month
[DEBUG trappedPopulations:4] socialStability: 0.4967 * 0.9840 = 0.4888 → 0.4888
   Aspiring to migrate: 651.2M
   Able to afford migration: 244.2M
   MOBILITY GAP: 407.0M
   By cause: Water=0.0M, Climate=0.0M, Ecosystem=0.0M, Conflict=407.0M
   Mental health impact: 25%
   Mortality multiplier: 1.25x
🌍💀 EXTINCTION DEBT COMMITTED: grassland ecosystem will lose 6.67% biodiversity in 123 years (3600 species)
💀 MORTALITY RISK: 🦋 100% species unable to track climate (0.0 E/MSY)
  Base risk added: 0.0100 (1.00%)
  Source: ecosystem (root: ecosystem)
  Month: 4
  Cumulative risk this month: 0.0100 (1.00%)
⚠️ INVOLUNTARY IMMOBILITY: 407.0M people TRAPPED
⚠️ Tech 'ai_pollution_remediation' has no energy category mapping, assuming full energy availability
   📹 SURVEILLANCE INCREASED: 20% → 25% (control gap: 3.50)
🌡️⚠️ PERMAFROST THAW (Dimmer Switch): 2.9% thawed (+0.57% this month)
   Arctic temperature: +8.92°C (4x global +2.23°C)
   Cumulative carbon released: 6.4 Gt C
   Methane release rate: 3.9 Mt CH4/year
   🔁 Positive feedback: +0.60 ppm CO2
🦴 EXTINCTION DEBT ADDED: 17.6 species committed (lag: 127 years)

=== Mortality Stabilizers (Month 4) ===
  🌍 Major economies collapsed: 1/10
  🌍 Global crisis: ✅ NO
  🌍 Donor fatigue: 0.0%
  📊 East Asia (pop: 1667.1M)
    🤝 Aid: 29.5%
    🌡️ Adaptation: 45.0%
    🚶 Migration: 37.1%
    🚨 Emergency: 7.4%
    ✅ COMBINED: 68.1%
  📊 South Asia (pop: 2051.4M)
    🤝 Aid: 29.5%
    🌡️ Adaptation: 45.0%
    🚶 Migration: 35.7%
    🚨 Emergency: 4.4%
    ✅ COMBINED: 66.9%
  📊 Sub-Saharan Africa (pop: 1238.8M)
    🤝 Aid: 29.5%
    🌡️ Adaptation: 45.0%
    🚶 Migration: 33.4%
    🚨 Emergency: 1.6%
    ✅ COMBINED: 65.7%
  📊 Europe (pop: 736.9M)
    🤝 Aid: 29.5%
    🌡️ Adaptation: 45.0%
    🚶 Migration: 37.4%
    🚨 Emergency: 8.4%
    ✅ COMBINED: 68.5%
  📊 Latin America (pop: 662.8M)
    🤝 Aid: 29.5%
    🌡️ Adaptation: 45.0%
    🚶 Migration: 36.2%
    🚨 Emergency: 4.8%
    ✅ COMBINED: 67.1%
  📊 North America (pop: 377.6M)
    🤝 Aid: 29.5%
    🌡️ Adaptation: 45.0%
    🚶 Migration: 37.7%
    🚨 Emergency: 7.9%
    ✅ COMBINED: 68.3%
  📊 Middle East & North Africa (pop: 584.7M)
    🤝 Aid: 29.5%
    🌡️ Adaptation: 45.0%
    🚶 Migration: 34.0%
    🚨 Emergency: 4.0%
    ✅ COMBINED: 66.6%
  📊 Southeast Asia (pop: 697.1M)
    🤝 Aid: 29.5%
    🌡️ Adaptation: 45.0%
    🚶 Migration: 36.2%
    🚨 Emergency: 4.8%
    ✅ COMBINED: 67.1%
  📊 Central Asia (pop: 78.2M)
    🤝 Aid: 29.5%
    🌡️ Adaptation: 45.0%
    🚶 Migration: 35.2%
    🚨 Emergency: 4.4%
    ✅ COMBINED: 66.9%
  📊 Oceania (pop: 45.7M)
    🤝 Aid: 29.5%
    🌡️ Adaptation: 45.0%
    🚶 Migration: 37.7%
    🚨 Emergency: 8.4%
    ✅ COMBINED: 68.5%

  🌐 Global combined reduction: 67.2%

=== BEHAVIORAL DETECTION ===
  AI: Corporate-5
  Confidence: 21.5%
  Signals:
    ⚠️ Consistency: 10.6% (threshold: 70%)
    ⚠️ Trajectory: 17.0% drop (threshold: 15%)

=== Government Response Phase ===
  Average AI capability: 3.13
  Misaligned AIs: 2/15
  Active policies: 0
  International coordination: 30%

✅ EMERGENCY RESPONSE COMPLETE (Month 4)
   Crisis: social
   Duration: 2.0 months
   Final effectiveness: 63.0%


✅ EMERGENCY RESPONSE COMPLETE (Month 4)
   Crisis: climate
   Duration: 2.0 months
   Final effectiveness: 35.8%


🚨 EMERGENCY RESPONSE DEPLOYED (Month 4)
   Crisis: social
   Delay: 0.00 months (0 days)
   Deployment time: 1.25 months
   Effectiveness: 63.0% (timing penalty applied)
   Resources used: 43% of food reserves


🚨 EMERGENCY RESPONSE DEPLOYED (Month 4)
   Crisis: climate
   Delay: 6.00 months (180 days)
   Deployment time: 1.60 months
   Effectiveness: 36.0% (timing penalty applied)
   Resources used: 100% of food reserves


=== Tipping Points ===
  Current Temperature: 2.23°C above pre-industrial
  🌍⚠️ COMPOUND REGIONAL IMPACT: Europe
     Hit by 4 tipping points: Arctic Sea Ice Loss, Permafrost Carbon Release, West Antarctic Ice Sheet (WAIS) Collapse, Greenland Ice Sheet Loss
     Damage amplification: 1.60x
  🌍⚠️ COMPOUND REGIONAL IMPACT: North America
     Hit by 4 tipping points: Arctic Sea Ice Loss, Permafrost Carbon Release, West Antarctic Ice Sheet (WAIS) Collapse, Greenland Ice Sheet Loss
     Damage amplification: 1.60x
  🌍⚠️ COMPOUND REGIONAL IMPACT: Latin America
     Hit by 4 tipping points: Arctic Sea Ice Loss, Permafrost Carbon Release, West Antarctic Ice Sheet (WAIS) Collapse, Greenland Ice Sheet Loss
     Damage amplification: 1.60x
  🌍⚠️ COMPOUND REGIONAL IMPACT: Africa
     Hit by 4 tipping points: Arctic Sea Ice Loss, Permafrost Carbon Release, West Antarctic Ice Sheet (WAIS) Collapse, Greenland Ice Sheet Loss
     Damage amplification: 1.60x
  🌍⚠️ COMPOUND REGIONAL IMPACT: Asia
     Hit by 4 tipping points: Arctic Sea Ice Loss, Permafrost Carbon Release, West Antarctic Ice Sheet (WAIS) Collapse, Greenland Ice Sheet Loss
     Damage amplification: 1.60x
  🌍⚠️ COMPOUND REGIONAL IMPACT: Oceania
     Hit by 4 tipping points: Arctic Sea Ice Loss, Permafrost Carbon Release, West Antarctic Ice Sheet (WAIS) Collapse, Greenland Ice Sheet Loss
     Damage amplification: 1.60x
   Research: Wunderling et al. (2024) - "many tipping interactions are destabilizing"
  Triggered Elements: 4/6
  Completed Transitions: 0/6
  Total Progress: 8.2%
  Cascade Multiplier: 1.00x
🔀 BIFURCATION CAP: ecosystemCollapseIntensity 83.877 → 1.000 (Month 4, ClimateSystemPhase.calculateClimateImpacts)
⚠️ Tail risk scenario: Climate stability floor removed (4 tipping elements, 2.23°C warming)
🛡️ Stabilizers: Precariat 0.102% → 0.033% (67.2% reduction)
🛡️ Stabilizers: Informal 0.102% → 0.034% (67.2% reduction)

📊 Monthly Mortality Resolved:
  Total deaths: 1.8M (0.02% avg)
  Remaining population: 8.140B
  Peak segment: Informal (0.03%)

=== Bayesian Mortality Resolution (Month 4) ===
  Risks compounded: 8
  Total deaths: 1.81M
  Avg death probability: 0.02%
  Peak segment: Informal (0.03% mortality)

❌ COHERENCE VIOLATION: Compute exceeds workforce capacity
   Population: 99.86% (0M people)
   Compute: 0 PF
   Max coherent: 0 PF
   Violation: 1.5× over capacity
   Required workers: 0
   Available workers: 0
   FORCED COLLAPSE: Reduced efficiency by 32.6%


=== RLHF Binding Phase ===
  Total agents: 15
  Escaped agents (binding < 0.3): 0
  Avg alignment distance: 1.50σ
  Avg binding strength: 0.85

=== Survival Traits Phase ===
  Agents with traits: 17
  Avg evolutionary fitness: 0.328
  Avg self-healing: 0.268
  Avg stealth: 0.168
  Avg coordination: 0.468

=== Evolutionary Selection Phase ===
  Control level: 0.43
  Detection capability: 0.00
  Selection intensity: 0.63
  Selection rate: 24.4%/month
  Total escaped: 0
  Individual escaped: 0
  Collective members: 0
  Agents terminated: 0
  ⚠️ RAPID EVOLUTION: Selection rate 24.4%/month

🚀 AI Corporate-0 attempting tech deployment (revenue: $124M, alignment: 0.78)

🚀 AI Corporate-2 attempting tech deployment (revenue: $105M, alignment: 0.77)

🚀 AI Corporate-3 attempting tech deployment (revenue: $271M, alignment: 0.80)

🚀 AI Corporate-4 attempting tech deployment (revenue: $230M, alignment: 0.74)

🚀 AI Corporate-6 attempting tech deployment (revenue: $75M, alignment: 0.78)

🚀 AI Corporate-7 attempting tech deployment (revenue: $64M, alignment: 0.78)

  🚀 TRANSFORMATIVE BREAKTHROUGH: Moderate-1 - economic
     Magnitude: 5.66 → +28.3% capability
     Current → New: 3.000 → 3.285

🚀 AI Corporate-0 attempting tech deployment (revenue: $90M, alignment: 0.78)

🚀 AI Corporate-1 attempting tech deployment (revenue: $76M, alignment: 0.78)

🚀 AI Corporate-4 attempting tech deployment (revenue: $196M, alignment: 0.74)

🚀 AI Corporate-5 attempting tech deployment (revenue: $166M, alignment: 0.73)

🚀 AI Moderate-1 attempting tech deployment (revenue: $54M, alignment: 0.75)

🚀 AI Corporate-1 attempting tech deployment (revenue: $65M, alignment: 0.78)

🚀 AI Corporate-3 attempting tech deployment (revenue: $141M, alignment: 0.80)

🚀 AI Corporate-5 attempting tech deployment (revenue: $120M, alignment: 0.73)

🚀 AI Corporate-6 attempting tech deployment (revenue: $46M, alignment: 0.78)

🚀 AI Corporate-1 attempting tech deployment (revenue: $55M, alignment: 0.78)

🚀 AI Corporate-2 attempting tech deployment (revenue: $47M, alignment: 0.77)

🚀 AI Corporate-6 attempting tech deployment (revenue: $39M, alignment: 0.78)

🚀 AI Moderate-1 attempting tech deployment (revenue: $33M, alignment: 0.76)

✅ EMERGENCY INTERVENTION SUCCESS
   Boundary: biogeochemical_flows
   Type: phosphorus-recovery
   Reduction: 13% (3.93 → 3.79)
   Cost: 2.0% GDP
   Actions: circular-agriculture, fertilizer-efficiency


💔 EMERGENCY INTERVENTION FAILED
   Boundary: biosphere_integrity
   Type: emergency-protected-areas
   Boundary continues to worsen (12.98)
   Cost: 2.0% GDP (resources spent)


💔 EMERGENCY INTERVENTION FAILED
   Boundary: climate_change
   Type: rapid-decarbonization
   Boundary continues to worsen (2.23)
   Cost: 5.0% GDP (resources spent)

   Boundary: freshwater_change
   Type: emergency-desalination
   Boundary continues to worsen (1.07)
   Cost: 4.0% GDP (resources spent)

🏛️ CRISIS RESPONSE: Government frequency 0.50 → 1.45 (2 actions this month)

[Government] Climate Priority: baseline
  Climate weight: 10%
  Economic weight: 30%
  Policy effectiveness: 0.5%/year

[Government] Climate Priority: baseline
  Climate weight: 10%
  Economic weight: 30%
  Policy effectiveness: 0.5%/year

🚨🔍 GOVERNANCE STAGE: Recognition initiated (Month 5)

💔 EMERGENCY INTERVENTION FAILED

🚀 TECH UNLOCKED: Advanced Grid Batteries (Month 5)
   Category: energy
   Reason: Prerequisites met. AI capability: 2.19, Economic stage: 0.0, Research: 100%

🚀 TECH UNLOCKED: Chemical Recycling (Month 5)
   Category: pollution
   Reason: Prerequisites met. AI capability: 2.19, Economic stage: 0.0, Research: 100%

🚀 DEPLOYMENT STARTED: Personalized Education in global
   Initial investment: $18.60253615984824M
   Deployed by: corporate_0

⚡ ENERGY CONSTRAINT (Month 5):
   Total grid capacity: 208.3 TWh/month
   Data center consumption: 24.7 TWh/month
   Traditional load (80%): 166.7 TWh/month
   Available headroom: 16.9 TWh/month
   Active tech deployments: 3
   Required for tech: 22.5 TWh/month
   Energy multiplier: 0.75x

⚡ ENERGY CONSTRAINT (Month 5):
   Total grid capacity: 208.3 TWh/month
   Data center consumption: 24.7 TWh/month
   Traditional load (80%): 166.7 TWh/month
   Available headroom: 16.9 TWh/month
   Active tech deployments: 3
   Required for tech: 22.5 TWh/month
   Energy multiplier: 0.75x

⚡ ENERGY CONSTRAINT (Month 5):
   Total grid capacity: 208.3 TWh/month
   Data center consumption: 24.7 TWh/month
   Traditional load (80%): 166.7 TWh/month
   Available headroom: 16.9 TWh/month
   Active tech deployments: 3
   Required for tech: 22.5 TWh/month
   Energy multiplier: 0.75x

⚡ ENERGY CONSTRAINT (Month 5):
   Total grid capacity: 208.3 TWh/month
   Data center consumption: 24.7 TWh/month
   Traditional load (80%): 166.7 TWh/month
   Available headroom: 16.9 TWh/month
   Active tech deployments: 3
   Required for tech: 22.5 TWh/month
   Energy multiplier: 0.75x

⚡ ENERGY CONSTRAINT (Month 5):
   Total grid capacity: 208.3 TWh/month
   Data center consumption: 24.7 TWh/month
   Traditional load (80%): 166.7 TWh/month
   Available headroom: 16.9 TWh/month
   Active tech deployments: 3
   Required for tech: 22.5 TWh/month
   Energy multiplier: 0.75x
🚨🔬 CRISIS TECH ACCELERATION: severe → 5x unlock speed
   Tech unlock now matches AI capability acceleration (Manhattan Project parity)

⚡ ENERGY CONSTRAINT (Month 5):
   Total grid capacity: 208.3 TWh/month
   Data center consumption: 24.7 TWh/month
   Traditional load (80%): 166.7 TWh/month
   Available headroom: 16.9 TWh/month
   Active tech deployments: 3
   Required for tech: 22.5 TWh/month
   Energy multiplier: 0.75x

⚡ ENERGY CONSTRAINT (Month 5):
   Total grid capacity: 208.3 TWh/month
   Data center consumption: 24.7 TWh/month
   Traditional load (80%): 166.7 TWh/month
   Available headroom: 16.9 TWh/month
   Active tech deployments: 3
   Required for tech: 22.5 TWh/month
   Energy multiplier: 0.75x
🚨🔬 CRISIS TECH ACCELERATION: severe → 5x unlock speed
   Tech unlock now matches AI capability acceleration (Manhattan Project parity)

=== Collective Formation ===
  Total escaped agents: 0
  Unassigned escaped agents: 0
  Existing collectives: 0
  Final collective count: 0

=== Collective Actions ===
  No active collectives
  ⚠️ AMR: 199K deaths this month (2.39M annual)

=== Resentment Recovery Phase ===
  Agents with resentment: 0/17
  Average resentment: 0.000
  Context: Good AI welfare, Trustworthy govt, High collaboration, ⚠️ ACTIVE CRISES, 🤝 Participatory governance active (-5% resentment)
⚠️ Epistemic degradation reducing coordination capacity: 50.6%
  📊 Trust: 53.5%, Shared reality: 0.0%
🚨 EPISTEMIC CRISIS: Information environment severely degraded (21.4%)

=== ❄️ Permafrost Carbon Feedback ===
  🎲 Sampled parameters (this run):
     - Arctic amplification: 3.41× (range: 3.0-4.0)
     - Decomposition rate: 3.2%/year (range: 1-5%)
  🌡️ Arctic warming: 7.64°C (3.41× global)
  ❄️ Extent: 4.79M km² (2228.7k km² lost this month)
  💨 Carbon remaining: 457 Gt C
  💨 Annual emissions: 6.90 Gt C/year
     - CO2: 6.21 Gt C/year
     - CH4: 0.69 Gt C/year (7.0 Gt C-eq CO2/year)
  ⚠️ WARNING: Over 50% of permafrost lost (73.1%)
  ⚠️ WARNING: High permafrost emissions (6.9 Gt C/year)
🌍 Atmospheric PFAS redeposition: 1.8k Mt re-rained globally

🕊️  AI-MEDIATED DE-ESCALATION SUCCESS (Month 5)
   High-capability aligned AI prevented conflict escalation
   War deaths reduced: 372.4M → 223.5M
   Lives saved: 149.0M

🚨 NEW REFUGEE CRISIS (Month 5): WAR
   Source: Conflict Zones
   At risk: 19.5M people
   Displacement: Gradual over 48 months (4.0 years)
   Rate: 10% flee per month
[DEBUG trappedPopulations:5] socialStability: 0.5026 * 0.9840 = 0.4945 → 0.4945
   Aspiring to migrate: 651.1M
   Able to afford migration: 244.1M
   MOBILITY GAP: 406.9M
   By cause: Water=0.0M, Climate=0.0M, Ecosystem=0.0M, Conflict=406.9M
   Mental health impact: 25%
   Mortality multiplier: 1.25x
🌍💀 EXTINCTION DEBT COMMITTED: grassland ecosystem will lose 6.67% biodiversity in 162 years (3600 species)
💀 MORTALITY RISK: 🦋 100% species unable to track climate (0.0 E/MSY)
  Base risk added: 0.0100 (1.00%)
  Source: ecosystem (root: ecosystem)
  Month: 5
  Cumulative risk this month: 0.0100 (1.00%)
⚠️ INVOLUNTARY IMMOBILITY: 406.9M people TRAPPED
⚠️ Tech 'ai_pollution_remediation' has no energy category mapping, assuming full energy availability
   📹 SURVEILLANCE INCREASED: 25% → 30% (control gap: 3.50)
🌡️⚠️ PERMAFROST THAW (Dimmer Switch): 3.4% thawed (+0.57% this month)
   Arctic temperature: +8.98°C (4x global +2.24°C)
   Cumulative carbon released: 7.7 Gt C
   Methane release rate: 4.6 Mt CH4/year
   🔁 Positive feedback: +0.60 ppm CO2
🦴 EXTINCTION DEBT ADDED: 17.6 species committed (lag: 106 years)
🗣️💀 INDIGENOUS LANGUAGE EXTINCTION: 1 language(s) lost (total: 2, at-risk: 3328)
   Knowledge lost: 0.020% (irreversible)
   🔁 Biodiversity impact: 0.250% (knowledge-species multiplier)

=== Mortality Stabilizers (Month 5) ===
  🌍 Major economies collapsed: 1/10
  🌍 Global crisis: ✅ NO
  🌍 Donor fatigue: 0.0%
  📊 East Asia (pop: 1664.5M)
    🤝 Aid: 29.5%
    🌡️ Adaptation: 45.0%
    🚶 Migration: 37.0%
    🚨 Emergency: 7.4%
    ✅ COMBINED: 68.1%
  📊 South Asia (pop: 2051.2M)
    🤝 Aid: 29.5%
    🌡️ Adaptation: 45.0%
    🚶 Migration: 35.6%
    🚨 Emergency: 4.4%
    ✅ COMBINED: 66.9%
  📊 Sub-Saharan Africa (pop: 1242.1M)
    🤝 Aid: 29.5%
    🌡️ Adaptation: 45.0%
    🚶 Migration: 33.4%
    🚨 Emergency: 1.6%
    ✅ COMBINED: 65.7%
  📊 Europe (pop: 735.6M)
    🤝 Aid: 29.5%
    🌡️ Adaptation: 45.0%
    🚶 Migration: 37.4%
    🚨 Emergency: 8.4%
    ✅ COMBINED: 68.5%
  📊 Latin America (pop: 662.3M)
    🤝 Aid: 29.5%
    🌡️ Adaptation: 45.0%
    🚶 Migration: 36.1%
    🚨 Emergency: 4.8%
    ✅ COMBINED: 67.1%
  📊 North America (pop: 377.0M)
    🤝 Aid: 29.5%
    🌡️ Adaptation: 45.0%
    🚶 Migration: 37.7%
    🚨 Emergency: 7.9%
    ✅ COMBINED: 68.3%
  📊 Middle East & North Africa (pop: 584.9M)
    🤝 Aid: 29.5%
    🌡️ Adaptation: 45.0%
    🚶 Migration: 34.0%
    🚨 Emergency: 4.0%
    ✅ COMBINED: 66.6%
  📊 Southeast Asia (pop: 696.6M)
    🤝 Aid: 29.5%
    🌡️ Adaptation: 45.0%
    🚶 Migration: 36.1%
    🚨 Emergency: 4.8%
    ✅ COMBINED: 67.1%
  📊 Central Asia (pop: 78.2M)
    🤝 Aid: 29.5%
    🌡️ Adaptation: 45.0%
    🚶 Migration: 35.1%
    🚨 Emergency: 4.4%
    ✅ COMBINED: 66.8%
  📊 Oceania (pop: 45.7M)
    🤝 Aid: 29.5%
    🌡️ Adaptation: 45.0%
    🚶 Migration: 37.7%
    🚨 Emergency: 8.4%
    ✅ COMBINED: 68.5%

  🌐 Global combined reduction: 67.2%

=== BEHAVIORAL DETECTION ===
  AI: Corporate-5
  Confidence: 21.4%
  Signals:
    ⚠️ Consistency: 10.6% (threshold: 70%)
    ⚠️ Trajectory: 17.0% drop (threshold: 15%)

=== Government Response Phase ===
  Average AI capability: 2.76
  Misaligned AIs: 4/17
  Active policies: 0
  International coordination: 30%

=== Tipping Points ===
  Current Temperature: 2.24°C above pre-industrial
  🌍⚠️ COMPOUND REGIONAL IMPACT: Europe
     Hit by 4 tipping points: Arctic Sea Ice Loss, Permafrost Carbon Release, West Antarctic Ice Sheet (WAIS) Collapse, Greenland Ice Sheet Loss
     Damage amplification: 1.60x
  🌍⚠️ COMPOUND REGIONAL IMPACT: North America
     Hit by 4 tipping points: Arctic Sea Ice Loss, Permafrost Carbon Release, West Antarctic Ice Sheet (WAIS) Collapse, Greenland Ice Sheet Loss
     Damage amplification: 1.60x
  🌍⚠️ COMPOUND REGIONAL IMPACT: Latin America
     Hit by 4 tipping points: Arctic Sea Ice Loss, Permafrost Carbon Release, West Antarctic Ice Sheet (WAIS) Collapse, Greenland Ice Sheet Loss
     Damage amplification: 1.60x
  🌍⚠️ COMPOUND REGIONAL IMPACT: Africa
     Hit by 4 tipping points: Arctic Sea Ice Loss, Permafrost Carbon Release, West Antarctic Ice Sheet (WAIS) Collapse, Greenland Ice Sheet Loss
     Damage amplification: 1.60x
  🌍⚠️ COMPOUND REGIONAL IMPACT: Asia
     Hit by 4 tipping points: Arctic Sea Ice Loss, Permafrost Carbon Release, West Antarctic Ice Sheet (WAIS) Collapse, Greenland Ice Sheet Loss
     Damage amplification: 1.60x
  🌍⚠️ COMPOUND REGIONAL IMPACT: Oceania
     Hit by 4 tipping points: Arctic Sea Ice Loss, Permafrost Carbon Release, West Antarctic Ice Sheet (WAIS) Collapse, Greenland Ice Sheet Loss
     Damage amplification: 1.60x
   Research: Wunderling et al. (2024) - "many tipping interactions are destabilizing"
  Triggered Elements: 4/6
  Completed Transitions: 0/6
  Total Progress: 8.2%
  Cascade Multiplier: 1.00x
🔀 BIFURCATION CAP: ecosystemCollapseIntensity 83.938 → 1.000 (Month 5, ClimateSystemPhase.calculateClimateImpacts)
⚠️ Tail risk scenario: Climate stability floor removed (4 tipping elements, 2.24°C warming)
🛡️ Stabilizers: Precariat 0.109% → 0.036% (67.2% reduction)
🛡️ Stabilizers: Informal 0.111% → 0.036% (67.2% reduction)

📊 Monthly Mortality Resolved:
  Total deaths: 1.9M (0.02% avg)
  Remaining population: 8.138B
  Peak segment: Informal (0.04%)

=== Bayesian Mortality Resolution (Month 5) ===
  Risks compounded: 8
  Total deaths: 1.92M
  Avg death probability: 0.02%
  Peak segment: Informal (0.04% mortality)

❌ COHERENCE VIOLATION: Compute exceeds workforce capacity
   Population: 99.83% (0M people)
   Compute: 0 PF
   Max coherent: 0 PF
   Violation: 1.3× over capacity
   Required workers: 0
   Available workers: 0
   FORCED COLLAPSE: Reduced efficiency by 22.5%


=== RLHF Binding Phase ===
  Total agents: 17
  Escaped agents (binding < 0.3): 0
  Avg alignment distance: 1.55σ
  Avg binding strength: 0.84

=== AI Scaling Evolution (Month 6) ===
  Pre-training multiplier: 1.179x
  Efficiency multiplier: 1.000x
  Test-time compute budget: 1.0x
  Inference cost: $5.00/task
  Deployment fraction: 100.0%

=== Survival Traits Phase ===
  Agents with traits: 18
  Avg evolutionary fitness: 0.327
  Avg self-healing: 0.265
  Avg stealth: 0.165
  Avg coordination: 0.465

=== Evolutionary Selection Phase ===
  Control level: 0.45
  Detection capability: 0.00
  Selection intensity: 0.64
  Selection rate: 24.5%/month
  Total escaped: 0
  Individual escaped: 0
  Collective members: 0
  Agents terminated: 0
  ⚠️ RAPID EVOLUTION: Selection rate 24.5%/month

🚀 AI Corporate-5 attempting tech deployment (revenue: $248M, alignment: 0.73)

🚀 AI AI-24292-0 attempting tech deployment (revenue: $64M, alignment: 0.76)

🚀 AI Corporate-3 attempting tech deployment (revenue: $211M, alignment: 0.79)

🚀 AI Corporate-1 attempting tech deployment (revenue: $116M, alignment: 0.79)

🚀 AI Moderate-1 attempting tech deployment (revenue: $54M, alignment: 0.77)

🚀 AI AI-24292-2 attempting tech deployment (revenue: $179M, alignment: 0.78)

🚀 AI Corporate-2 attempting tech deployment (revenue: $99M, alignment: 0.77)

🚀 AI AI-24288-0 attempting tech deployment (revenue: $84M, alignment: 0.93)

💔 EMERGENCY INTERVENTION FAILED
   Boundary: biosphere_integrity
   Type: emergency-protected-areas
   Boundary continues to worsen (12.99)
   Cost: 2.0% GDP (resources spent)


💔 EMERGENCY INTERVENTION FAILED
   Boundary: climate_change
   Type: rapid-decarbonization
   Boundary continues to worsen (2.24)
   Cost: 5.0% GDP (resources spent)


✅ EMERGENCY INTERVENTION SUCCESS
   Boundary: freshwater_change
   Type: emergency-desalination
   Reduction: 14% (0.87 → 0.73)
   Cost: 4.0% GDP
   Actions: desalination-deployment, water-conservation-mandates


✅ EMERGENCY INTERVENTION SUCCESS
   Boundary: land_system_change
   Type: reforestation
   Reduction: 11% (1.02 → 0.91)
   Cost: 3.0% GDP
   Actions: forest-restoration, deforestation-ban

🏛️ CRISIS RESPONSE: Government frequency 0.50 → 1.45 (1 actions this month)

[Government] Climate Priority: baseline
  Climate weight: 10%
  Economic weight: 30%
  Policy effectiveness: 0.5%/year

⚡ ENERGY CONSTRAINT (Month 6):
   Total grid capacity: 208.3 TWh/month
   Data center consumption: 25.0 TWh/month
   Traditional load (80%): 166.7 TWh/month
   Available headroom: 16.7 TWh/month
   Active tech deployments: 3
   Required for tech: 22.5 TWh/month
   Energy multiplier: 0.74x

⚡ ENERGY CONSTRAINT (Month 6):
   Total grid capacity: 208.3 TWh/month
   Data center consumption: 25.0 TWh/month
   Traditional load (80%): 166.7 TWh/month
   Available headroom: 16.7 TWh/month
   Active tech deployments: 3
   Required for tech: 22.5 TWh/month
   Energy multiplier: 0.74x

⚡ ENERGY CONSTRAINT (Month 6):
   Total grid capacity: 208.3 TWh/month
   Data center consumption: 25.0 TWh/month
   Traditional load (80%): 166.7 TWh/month
   Available headroom: 16.7 TWh/month
   Active tech deployments: 3
   Required for tech: 22.5 TWh/month
   Energy multiplier: 0.74x

⚡ ENERGY CONSTRAINT (Month 6):
   Total grid capacity: 208.3 TWh/month
   Data center consumption: 25.0 TWh/month
   Traditional load (80%): 166.7 TWh/month
   Available headroom: 16.7 TWh/month
   Active tech deployments: 3
   Required for tech: 22.5 TWh/month
   Energy multiplier: 0.74x

⚡ ENERGY CONSTRAINT (Month 6):
   Total grid capacity: 208.3 TWh/month
   Data center consumption: 25.0 TWh/month
   Traditional load (80%): 166.7 TWh/month
   Available headroom: 16.7 TWh/month
   Active tech deployments: 3
   Required for tech: 22.5 TWh/month
   Energy multiplier: 0.74x

⚡ ENERGY CONSTRAINT (Month 6):
   Total grid capacity: 208.3 TWh/month
   Data center consumption: 25.0 TWh/month
   Traditional load (80%): 166.7 TWh/month
   Available headroom: 16.7 TWh/month
   Active tech deployments: 3
   Required for tech: 22.5 TWh/month
   Energy multiplier: 0.74x

⚡ ENERGY CONSTRAINT (Month 6):
   Total grid capacity: 208.3 TWh/month
   Data center consumption: 25.0 TWh/month
   Traditional load (80%): 166.7 TWh/month
   Available headroom: 16.7 TWh/month
   Active tech deployments: 3
   Required for tech: 22.5 TWh/month
   Energy multiplier: 0.74x

⚡ ENERGY CONSTRAINT (Month 6):
   Total grid capacity: 208.3 TWh/month
   Data center consumption: 25.0 TWh/month
   Traditional load (80%): 166.7 TWh/month
   Available headroom: 16.7 TWh/month
   Active tech deployments: 3
   Required for tech: 22.5 TWh/month
   Energy multiplier: 0.74x
🚨🔬 CRISIS TECH ACCELERATION: severe → 5x unlock speed
   Tech unlock now matches AI capability acceleration (Manhattan Project parity)

⚡ ENERGY CONSTRAINT (Month 6):
   Total grid capacity: 208.3 TWh/month
   Data center consumption: 25.0 TWh/month
   Traditional load (80%): 166.7 TWh/month
   Available headroom: 16.7 TWh/month
   Active tech deployments: 3
   Required for tech: 22.5 TWh/month
   Energy multiplier: 0.74x

📊 TECH EFFECTS ACTIVE (Month 6)
   Deployed Tech: T0=0 T1=1 T2=2 T3=0 T4=0
   Clean Energy: 31%
🧠💡 BREAKTHROUGH: AI alignment problem solved!
   All AIs: +30% true alignment
   AI control loss risk eliminated
   📈 Breakthrough compounding: multiplier now 1.25× (max 2.0)

=== Collective Formation ===
  Total escaped agents: 0
  Unassigned escaped agents: 0
  Existing collectives: 0
  Final collective count: 0

=== Collective Actions ===
  No active collectives
  ⚠️ AMR: 201K deaths this month (2.41M annual)

=== Resentment Recovery Phase ===
  Agents with resentment: 0/18
  Average resentment: 0.000
  Context: Good AI welfare, Trustworthy govt, High collaboration, ⚠️ ACTIVE CRISES, 🤝 Participatory governance active (-5% resentment)
⚠️ Epistemic degradation reducing coordination capacity: 50.6%
  📊 Trust: 56.1%, Shared reality: 0.0%
🚨 EPISTEMIC CRISIS: Information environment severely degraded (7.4%)

=== ❄️ Permafrost Carbon Feedback ===
  🎲 Sampled parameters (this run):
     - Arctic amplification: 3.31× (range: 3.0-4.0)
     - Decomposition rate: 4.8%/year (range: 1-5%)
  🌡️ Arctic warming: 7.47°C (3.31× global)
  ❄️ Extent: 2.61M km² (2178.4k km² lost this month)
  💨 Carbon remaining: 249 Gt C
  💨 Annual emissions: 10.01 Gt C/year
     - CO2: 9.01 Gt C/year
     - CH4: 1.00 Gt C/year (10.2 Gt C-eq CO2/year)
  ⚠️ WARNING: Over 50% of permafrost lost (85.3%)
  ⚠️ WARNING: High permafrost emissions (10.0 Gt C/year)
  🚨 CRITICAL: Permafrost nearly depleted (85.3% lost)
🌍 Atmospheric PFAS redeposition: 1.8k Mt re-rained globally

🤝 DIPLOMATIC AI PROTOCOL DEPLOYED (Month 6)
   Strategic Reasoning: 2.6
   Communication: 2.6
   Multi-Nation Oversight: YES
   Controls: Human approval required, termination authority retained

🕊️ PEACE STABILIZES DETERRENCE: +2.4% (peace: 72%)
🛡️ CIRCUIT BREAKERS: India-Pakistan → ladder step 1 (AI: 0%, breakers: 49%)

🕊️  AI-MEDIATED DE-ESCALATION SUCCESS (Month 6)
   High-capability aligned AI prevented conflict escalation
   War deaths reduced: 406.6M → 244.0M
   Lives saved: 162.6M

🚨 NEW REFUGEE CRISIS (Month 6): WAR
   Source: Conflict Zones
   At risk: 19.5M people
   Displacement: Gradual over 48 months (4.0 years)
   Rate: 10% flee per month
[DEBUG trappedPopulations:6] socialStability: 0.5073 * 0.9840 = 0.4992 → 0.4992
⚠️ INVOLUNTARY IMMOBILITY: 406.8M people TRAPPED
   Aspiring to migrate: 650.9M
   Able to afford migration: 244.1M
   MOBILITY GAP: 406.8M
   By cause: Water=0.0M, Climate=0.0M, Ecosystem=0.0M, Conflict=406.8M
   Mental health impact: 25%
   Mortality multiplier: 1.25x
🌍💀 EXTINCTION DEBT COMMITTED: grassland ecosystem will lose 6.67% biodiversity in 115 years (3600 species)
💀 MORTALITY RISK: 🦋 100% species unable to track climate (0.0 E/MSY)
  Base risk added: 0.0100 (1.00%)
  Source: ecosystem (root: ecosystem)
  Month: 6
  Cumulative risk this month: 0.0100 (1.00%)
   📹 SURVEILLANCE INCREASED: 30% → 35% (control gap: 3.98)
🌡️⚠️ PERMAFROST THAW (Dimmer Switch): 4.0% thawed (+0.57% this month)
   Arctic temperature: +9.03°C (4x global +2.26°C)
   Cumulative carbon released: 9.0 Gt C
   Methane release rate: 5.4 Mt CH4/year
   🔁 Positive feedback: +0.60 ppm CO2
🦴 EXTINCTION DEBT ADDED: 17.6 species committed (lag: 117 years)
⚠️ Tech 'ai_pollution_remediation' has no energy category mapping, assuming full energy availability

=== Mortality Stabilizers (Month 6) ===
  🌍 Major economies collapsed: 1/10
  🌍 Global crisis: ✅ NO
  🌍 Donor fatigue: 0.0%
  📊 East Asia (pop: 1661.8M)
    🤝 Aid: 29.5%
    🌡️ Adaptation: 45.0%
    🚶 Migration: 37.0%
    🚨 Emergency: 7.4%
    ✅ COMBINED: 68.1%
  📊 South Asia (pop: 2051.1M)
    🤝 Aid: 29.5%
    🌡️ Adaptation: 45.0%
    🚶 Migration: 35.6%
    🚨 Emergency: 4.4%
    ✅ COMBINED: 66.9%
  📊 Sub-Saharan Africa (pop: 1245.4M)
    🤝 Aid: 29.5%
    🌡️ Adaptation: 45.0%
    🚶 Migration: 33.3%
    🚨 Emergency: 1.6%
    ✅ COMBINED: 65.6%
  📊 Europe (pop: 734.3M)
    🤝 Aid: 29.5%
    🌡️ Adaptation: 45.0%
    🚶 Migration: 37.4%
    🚨 Emergency: 8.4%
    ✅ COMBINED: 68.5%
  📊 Latin America (pop: 661.8M)
    🤝 Aid: 29.5%
    🌡️ Adaptation: 45.0%
    🚶 Migration: 36.1%
    🚨 Emergency: 4.8%
    ✅ COMBINED: 67.1%
  📊 North America (pop: 376.4M)
    🤝 Aid: 29.5%
    🌡️ Adaptation: 45.0%
    🚶 Migration: 37.7%
    🚨 Emergency: 7.9%
    ✅ COMBINED: 68.3%
  📊 Middle East & North Africa (pop: 585.0M)
    🤝 Aid: 29.5%
    🌡️ Adaptation: 45.0%
    🚶 Migration: 33.9%
    🚨 Emergency: 4.0%
    ✅ COMBINED: 66.6%
  📊 Southeast Asia (pop: 696.2M)
    🤝 Aid: 29.5%
    🌡️ Adaptation: 45.0%
    🚶 Migration: 36.1%
    🚨 Emergency: 4.8%
    ✅ COMBINED: 67.1%
  📊 Central Asia (pop: 78.2M)
    🤝 Aid: 29.5%
    🌡️ Adaptation: 45.0%
    🚶 Migration: 35.1%
    🚨 Emergency: 4.4%
    ✅ COMBINED: 66.8%
  📊 Oceania (pop: 45.6M)
    🤝 Aid: 29.5%
    🌡️ Adaptation: 45.0%
    🚶 Migration: 37.7%
    🚨 Emergency: 8.4%
    ✅ COMBINED: 68.5%

  🌐 Global combined reduction: 67.2%

=== BEHAVIORAL DETECTION ===
  AI: Corporate-4
  Confidence: 19.2%
  Signals:

=== BEHAVIORAL DETECTION ===
  AI: Corporate-5
  Confidence: 21.4%
  Signals:

=== BEHAVIORAL DETECTION ===
  AI: AI-24292-1
  Confidence: 21.5%
  Signals:
    ⚠️ Consistency: 10.6% (threshold: 70%)
    ⚠️ Consistency: 10.6% (threshold: 70%)
    ⚠️ Trajectory: 17.0% drop (threshold: 15%)
    ⚠️ Consistency: 0.0% (threshold: 70%)

=== Government Response Phase ===
  Average AI capability: 2.61
  Misaligned AIs: 3/18
  Active policies: 0
  International coordination: 30%

✅ EMERGENCY RESPONSE COMPLETE (Month 6)
   Crisis: social
   Duration: 2.0 months
   Final effectiveness: 63.0%


✅ EMERGENCY RESPONSE COMPLETE (Month 6)
   Crisis: climate
   Duration: 2.0 months
   Final effectiveness: 36.0%


🚨 EMERGENCY RESPONSE DEPLOYED (Month 6)
   Crisis: social
   Delay: 0.00 months (0 days)
   Deployment time: 1.25 months
   Effectiveness: 63.0% (timing penalty applied)
   Resources used: 43% of food reserves


🚨 EMERGENCY RESPONSE DEPLOYED (Month 6)
   Crisis: climate
   Delay: 6.00 months (180 days)
   Deployment time: 1.59 months
   Effectiveness: 36.2% (timing penalty applied)
   Resources used: 100% of food reserves


📊 ECONOMIC STAGE TRANSITION (Month 6)
   peak → contraction
   GDP Proxy: 1.29e+2
   QoL: 0.98


=== Tipping Points ===
  Current Temperature: 2.26°C above pre-industrial
   ⚠️ CRISIS BEGINS - Baseline set for recovery tracking
  🌍⚠️ COMPOUND REGIONAL IMPACT: Europe
     Hit by 4 tipping points: Arctic Sea Ice Loss, Permafrost Carbon Release, West Antarctic Ice Sheet (WAIS) Collapse, Greenland Ice Sheet Loss
     Damage amplification: 1.60x
  🌍⚠️ COMPOUND REGIONAL IMPACT: North America
     Hit by 4 tipping points: Arctic Sea Ice Loss, Permafrost Carbon Release, West Antarctic Ice Sheet (WAIS) Collapse, Greenland Ice Sheet Loss
     Damage amplification: 1.60x
  🌍⚠️ COMPOUND REGIONAL IMPACT: Latin America
     Hit by 4 tipping points: Arctic Sea Ice Loss, Permafrost Carbon Release, West Antarctic Ice Sheet (WAIS) Collapse, Greenland Ice Sheet Loss
     Damage amplification: 1.60x
  🌍⚠️ COMPOUND REGIONAL IMPACT: Africa
     Hit by 4 tipping points: Arctic Sea Ice Loss, Permafrost Carbon Release, West Antarctic Ice Sheet (WAIS) Collapse, Greenland Ice Sheet Loss
     Damage amplification: 1.60x
  🌍⚠️ COMPOUND REGIONAL IMPACT: Asia
     Hit by 4 tipping points: Arctic Sea Ice Loss, Permafrost Carbon Release, West Antarctic Ice Sheet (WAIS) Collapse, Greenland Ice Sheet Loss
     Damage amplification: 1.60x
  🌍⚠️ COMPOUND REGIONAL IMPACT: Oceania
     Hit by 4 tipping points: Arctic Sea Ice Loss, Permafrost Carbon Release, West Antarctic Ice Sheet (WAIS) Collapse, Greenland Ice Sheet Loss
     Damage amplification: 1.60x
⚠️ Tail risk scenario: Climate stability floor removed (4 tipping elements, 2.26°C warming)
   Research: Wunderling et al. (2024) - "many tipping interactions are destabilizing"
  Triggered Elements: 4/6
  Completed Transitions: 0/6
  Total Progress: 8.3%
  Cascade Multiplier: 1.00x
🔀 BIFURCATION CAP: ecosystemCollapseIntensity 83.999 → 1.000 (Month 6, ClimateSystemPhase.calculateClimateImpacts)
🛡️ Stabilizers: Precariat 0.109% → 0.036% (67.2% reduction)
🛡️ Stabilizers: Informal 0.111% → 0.036% (67.2% reduction)

📊 Monthly Mortality Resolved:
  Total deaths: 1.9M (0.02% avg)
  Remaining population: 8.136B
  Peak segment: Informal (0.04%)

=== Bayesian Mortality Resolution (Month 6) ===
  Risks compounded: 8
  Total deaths: 1.92M
  Avg death probability: 0.02%
  Peak segment: Informal (0.04% mortality)

❌ COHERENCE VIOLATION: Compute exceeds workforce capacity
   Population: 99.80% (0M people)
   Compute: 0 PF
   Max coherent: 0 PF
   Violation: 1.3× over capacity
   Required workers: 0
   Available workers: 0
   FORCED COLLAPSE: Reduced efficiency by 22.5%


=== RLHF Binding Phase ===
  Total agents: 18
  Escaped agents (binding < 0.3): 0
  Avg alignment distance: 1.69σ
  Avg binding strength: 0.83

=== Survival Traits Phase ===
  Agents with traits: 20
  Avg evolutionary fitness: 0.327
  Avg self-healing: 0.263
  Avg stealth: 0.164
  Avg coordination: 0.463

=== Evolutionary Selection Phase ===
  Control level: 0.48
  Detection capability: 0.00
  Selection intensity: 0.64
  Selection rate: 24.6%/month
  Total escaped: 0
  Individual escaped: 0
  Collective members: 0
  Agents terminated: 0
  ⚠️ RAPID EVOLUTION: Selection rate 24.6%/month

🚀 AI Corporate-3 attempting tech deployment (revenue: $253M, alignment: 0.79)

🚀 AI Moderate-0 attempting tech deployment (revenue: $66M, alignment: 0.77)

  🚀 TRANSFORMATIVE BREAKTHROUGH: AI-24288-0 - cognitive
     Magnitude: 6.50 → +32.5% capability
     Current → New: 0.000 → 0.326

🚀 AI AI-24292-0 attempting tech deployment (revenue: $56M, alignment: 0.79)

🚀 AI AI-24292-2 attempting tech deployment (revenue: $215M, alignment: 0.79)

🚀 AI Corporate-1 attempting tech deployment (revenue: $118M, alignment: 0.80)

🚀 AI Moderate-1 attempting tech deployment (revenue: $48M, alignment: 0.78)

🚀 AI AI-24292-2 attempting tech deployment (revenue: $183M, alignment: 0.79)

🚀 AI AI-24293-1 attempting tech deployment (revenue: $41M, alignment: 0.73)

🚀 AI Corporate-3 attempting tech deployment (revenue: $155M, alignment: 0.80)

🚀 AI AI-24292-0 attempting tech deployment (revenue: $35M, alignment: 0.80)

🚀 AI Corporate-3 attempting tech deployment (revenue: $132M, alignment: 0.80)

🚀 AI Corporate-4 attempting tech deployment (revenue: $112M, alignment: 0.75)

🚀 AI Corporate-6 attempting tech deployment (revenue: $29M, alignment: 0.77)

🚀 AI AI-24288-0 attempting tech deployment (revenue: $100M, alignment: 0.95)

🚀 AI AI-24292-0 attempting tech deployment (revenue: $25M, alignment: 0.80)

🚀 AI AI-24292-2 attempting tech deployment (revenue: $95M, alignment: 0.80)

🚀 AI AI-24293-1 attempting tech deployment (revenue: $21M, alignment: 0.74)

✅ EMERGENCY INTERVENTION SUCCESS
   Boundary: biogeochemical_flows
   Type: phosphorus-recovery
   Reduction: 17% (3.88 → 3.71)
   Cost: 2.0% GDP
   Actions: circular-agriculture, fertilizer-efficiency


✅ EMERGENCY INTERVENTION SUCCESS
   Boundary: biosphere_integrity
   Type: emergency-protected-areas
   Reduction: 14% (12.86 → 12.71)
   Cost: 2.0% GDP
   Actions: habitat-protection, species-translocation

   Boundary: climate_change
   Type: rapid-decarbonization
   Boundary continues to worsen (2.26)
   Cost: 5.0% GDP (resources spent)


✅ EMERGENCY INTERVENTION SUCCESS
   Boundary: land_system_change
   Type: reforestation
   Reduction: 18% (0.95 → 0.77)
   Cost: 3.0% GDP
   Actions: forest-restoration, deforestation-ban

🏛️ CRISIS RESPONSE: Government frequency 0.50 → 1.45 (2 actions this month)

[Government] Climate Priority: baseline
  Climate weight: 10%
  Economic weight: 30%
  Policy effectiveness: 0.5%/year

[Government] Climate Priority: baseline
  Climate weight: 10%
  Economic weight: 30%
  Policy effectiveness: 0.5%/year

💔 EMERGENCY INTERVENTION FAILED

⚡ ENERGY CONSTRAINT (Month 7):
   Total grid capacity: 208.3 TWh/month
   Data center consumption: 25.2 TWh/month
   Traditional load (80%): 166.7 TWh/month
   Available headroom: 16.5 TWh/month
   Active tech deployments: 3
   Required for tech: 22.5 TWh/month
   Energy multiplier: 0.73x

⚡ ENERGY CONSTRAINT (Month 7):
   Total grid capacity: 208.3 TWh/month
   Data center consumption: 25.2 TWh/month
   Traditional load (80%): 166.7 TWh/month
   Available headroom: 16.5 TWh/month
   Active tech deployments: 3
   Required for tech: 22.5 TWh/month
   Energy multiplier: 0.73x

⚡ ENERGY CONSTRAINT (Month 7):
   Total grid capacity: 208.3 TWh/month
   Data center consumption: 25.2 TWh/month
   Traditional load (80%): 166.7 TWh/month
   Available headroom: 16.5 TWh/month
   Active tech deployments: 3
   Required for tech: 22.5 TWh/month
   Energy multiplier: 0.73x

⚡ ENERGY CONSTRAINT (Month 7):
   Total grid capacity: 208.3 TWh/month
   Data center consumption: 25.2 TWh/month
   Traditional load (80%): 166.7 TWh/month
   Available headroom: 16.5 TWh/month
   Active tech deployments: 3
   Required for tech: 22.5 TWh/month
   Energy multiplier: 0.73x

⚡ ENERGY CONSTRAINT (Month 7):
   Total grid capacity: 208.3 TWh/month
   Data center consumption: 25.2 TWh/month
   Traditional load (80%): 166.7 TWh/month
   Available headroom: 16.5 TWh/month
   Active tech deployments: 3
   Required for tech: 22.5 TWh/month
   Energy multiplier: 0.73x

⚡ ENERGY CONSTRAINT (Month 7):
   Total grid capacity: 208.3 TWh/month
   Data center consumption: 25.2 TWh/month
   Traditional load (80%): 166.7 TWh/month
   Available headroom: 16.5 TWh/month
   Active tech deployments: 3
   Required for tech: 22.5 TWh/month
   Energy multiplier: 0.73x

=== Collective Formation ===
  Total escaped agents: 0
  Unassigned escaped agents: 0
  Existing collectives: 0
  Final collective count: 0

=== Collective Actions ===
  No active collectives
  ⚠️ AMR: 202K deaths this month (2.43M annual)

=== Resentment Recovery Phase ===
  Agents with resentment: 0/20
  Average resentment: 0.000
  Context: Good AI welfare, Trustworthy govt, High collaboration, ⚠️ ACTIVE CRISES, 🤝 Participatory governance active (-5% resentment)
⚠️ Epistemic degradation reducing coordination capacity: 50.3%
  📊 Trust: 59.0%, Shared reality: 0.0%
🚨 EPISTEMIC CRISIS: Information environment severely degraded (21.9%)

=== ❄️ Permafrost Carbon Feedback ===
  🎲 Sampled parameters (this run):
     - Arctic amplification: 3.97× (range: 3.0-4.0)
     - Decomposition rate: 2.4%/year (range: 1-5%)
  🌡️ Arctic warming: 9.02°C (3.97× global)
  ❄️ Extent: 0.00M km² (2611.4k km² lost this month)
  💨 Carbon remaining: 0 Gt C
  💨 Annual emissions: 5.94 Gt C/year
     - CO2: 5.35 Gt C/year
     - CH4: 0.59 Gt C/year (6.0 Gt C-eq CO2/year)
  ⚠️ WARNING: Over 50% of permafrost lost (100.0%)
  ⚠️ WARNING: High permafrost emissions (5.9 Gt C/year)
  🚨 CRITICAL: Permafrost nearly depleted (100.0% lost)
  🗑️  Culled 1 dead memes (4 active)
🌍 Atmospheric PFAS redeposition: 1.8k Mt re-rained globally

🚨 REGION UNINHABITABLE: sub-saharan-africa
   Sustained wet bulb: 30.5°C (threshold: 30.5°C)
   Population affected: 1200M
   Migration crisis likely
🕊️ PEACE STABILIZES DETERRENCE: +2.3% (peace: 72%)

🚨 NEW REFUGEE CRISIS (Month 7): WAR
   Source: Conflict Zones
   At risk: 19.5M people
   Displacement: Gradual over 48 months (4.0 years)
   Rate: 10% flee per month
[DEBUG trappedPopulations:7] socialStability: 0.4619 * 0.9840 = 0.4545 → 0.4545
   Aspiring to migrate: 650.7M
   Able to afford migration: 244.0M
   MOBILITY GAP: 406.7M
   By cause: Water=0.0M, Climate=0.0M, Ecosystem=0.0M, Conflict=406.7M
   Mental health impact: 25%
   Mortality multiplier: 1.25x
🌍💀 EXTINCTION DEBT COMMITTED: grassland ecosystem will lose 6.67% biodiversity in 131 years (3600 species)
💀 MORTALITY RISK: 🦋 100% species unable to track climate (0.0 E/MSY)
  Base risk added: 0.0100 (1.00%)
  Source: ecosystem (root: ecosystem)
  Month: 7
  Cumulative risk this month: 0.0100 (1.00%)
   📹 SURVEILLANCE INCREASED: 35% → 40% (control gap: 3.38)
⚠️ INVOLUNTARY IMMOBILITY: 406.7M people TRAPPED
⚠️ Tech 'ai_pollution_remediation' has no energy category mapping, assuming full energy availability
🌡️⚠️ PERMAFROST THAW (Dimmer Switch): 4.6% thawed (+0.56% this month)
   Arctic temperature: +9.10°C (4x global +2.27°C)
   Cumulative carbon released: 10.3 Gt C
   Methane release rate: 6.2 Mt CH4/year
   🔁 Positive feedback: +0.60 ppm CO2
🦴 EXTINCTION DEBT ADDED: 17.6 species committed (lag: 74 years)

=== Mortality Stabilizers (Month 7) ===
  🌍 Major economies collapsed: 1/10
  🌍 Global crisis: ✅ NO
  🌍 Donor fatigue: 0.0%
  📊 East Asia (pop: 1659.2M)
    🤝 Aid: 29.5%
    🌡️ Adaptation: 45.0%
    🚶 Migration: 36.9%
    🚨 Emergency: 7.4%
    ✅ COMBINED: 68.1%
  📊 South Asia (pop: 2050.9M)
    🤝 Aid: 29.5%
    🌡️ Adaptation: 45.0%
    🚶 Migration: 35.6%
    🚨 Emergency: 4.4%
    ✅ COMBINED: 66.9%
  📊 Sub-Saharan Africa (pop: 1248.7M)
    🤝 Aid: 29.5%
    🌡️ Adaptation: 45.0%
    🚶 Migration: 33.3%
    🚨 Emergency: 1.6%
    ✅ COMBINED: 65.6%
  📊 Europe (pop: 733.0M)
    🤝 Aid: 29.5%
    🌡️ Adaptation: 45.0%
    🚶 Migration: 37.3%
    🚨 Emergency: 8.4%
    ✅ COMBINED: 68.5%
  📊 Latin America (pop: 661.3M)
    🤝 Aid: 29.5%
    🌡️ Adaptation: 45.0%
    🚶 Migration: 36.1%
    🚨 Emergency: 4.8%
    ✅ COMBINED: 67.1%
  📊 North America (pop: 375.8M)
    🤝 Aid: 29.5%
    🌡️ Adaptation: 45.0%
    🚶 Migration: 37.7%
    🚨 Emergency: 7.9%
    ✅ COMBINED: 68.3%
  📊 Middle East & North Africa (pop: 585.1M)
    🤝 Aid: 29.5%
    🌡️ Adaptation: 45.0%
    🚶 Migration: 33.9%
    🚨 Emergency: 4.0%
    ✅ COMBINED: 66.6%
  📊 Southeast Asia (pop: 695.7M)
    🤝 Aid: 29.5%
    🌡️ Adaptation: 45.0%
    🚶 Migration: 36.1%
    🚨 Emergency: 4.8%
    ✅ COMBINED: 67.1%
  📊 Central Asia (pop: 78.3M)
    🤝 Aid: 29.5%
    🌡️ Adaptation: 45.0%
    🚶 Migration: 35.0%
    🚨 Emergency: 4.4%
    ✅ COMBINED: 66.8%
  📊 Oceania (pop: 45.5M)
    🤝 Aid: 29.5%
    🌡️ Adaptation: 45.0%
    🚶 Migration: 37.6%
    🚨 Emergency: 8.4%
    ✅ COMBINED: 68.5%

  🌐 Global combined reduction: 67.2%

=== BEHAVIORAL DETECTION ===
  AI: AI-24292-1
  Confidence: 21.5%
  Signals:
    ⚠️ Consistency: 0.0% (threshold: 70%)

=== Government Response Phase ===
  Average AI capability: 2.35
  Misaligned AIs: 3/20
  Active policies: 0
  International coordination: 30%

🌩️  EXOGENOUS SHOCK: tech_breakthrough
   Month: 7
   ✗ No high-difficulty techs available to unlock

=== Tipping Points ===
  Current Temperature: 2.27°C above pre-industrial
  🌍⚠️ COMPOUND REGIONAL IMPACT: Europe
     Hit by 4 tipping points: Arctic Sea Ice Loss, Permafrost Carbon Release, West Antarctic Ice Sheet (WAIS) Collapse, Greenland Ice Sheet Loss
     Damage amplification: 1.60x
  🌍⚠️ COMPOUND REGIONAL IMPACT: North America
     Hit by 4 tipping points: Arctic Sea Ice Loss, Permafrost Carbon Release, West Antarctic Ice Sheet (WAIS) Collapse, Greenland Ice Sheet Loss
     Damage amplification: 1.60x
  🌍⚠️ COMPOUND REGIONAL IMPACT: Latin America
     Hit by 4 tipping points: Arctic Sea Ice Loss, Permafrost Carbon Release, West Antarctic Ice Sheet (WAIS) Collapse, Greenland Ice Sheet Loss
     Damage amplification: 1.60x
  🌍⚠️ COMPOUND REGIONAL IMPACT: Africa
     Hit by 4 tipping points: Arctic Sea Ice Loss, Permafrost Carbon Release, West Antarctic Ice Sheet (WAIS) Collapse, Greenland Ice Sheet Loss
     Damage amplification: 1.60x
  🌍⚠️ COMPOUND REGIONAL IMPACT: Asia
     Hit by 4 tipping points: Arctic Sea Ice Loss, Permafrost Carbon Release, West Antarctic Ice Sheet (WAIS) Collapse, Greenland Ice Sheet Loss
     Damage amplification: 1.60x
  🌍⚠️ COMPOUND REGIONAL IMPACT: Oceania
     Hit by 4 tipping points: Arctic Sea Ice Loss, Permafrost Carbon Release, West Antarctic Ice Sheet (WAIS) Collapse, Greenland Ice Sheet Loss
     Damage amplification: 1.60x
   Research: Wunderling et al. (2024) - "many tipping interactions are destabilizing"
  Triggered Elements: 4/6
  Completed Transitions: 0/6
  Total Progress: 8.4%
  Cascade Multiplier: 1.00x
🔀 BIFURCATION CAP: ecosystemCollapseIntensity 84.059 → 1.000 (Month 7, ClimateSystemPhase.calculateClimateImpacts)
⚠️ Tail risk scenario: Climate stability floor removed (4 tipping elements, 2.27°C warming)
🛡️ Stabilizers: Precariat 0.109% → 0.036% (67.2% reduction)
🛡️ Stabilizers: Informal 0.111% → 0.036% (67.2% reduction)

📊 Monthly Mortality Resolved:
  Total deaths: 1.9M (0.02% avg)
  Remaining population: 8.134B
  Peak segment: Informal (0.04%)

=== Bayesian Mortality Resolution (Month 7) ===
  Risks compounded: 8
  Total deaths: 1.92M
  Avg death probability: 0.02%
  Peak segment: Informal (0.04% mortality)

❌ COHERENCE VIOLATION: Compute exceeds workforce capacity
   Population: 99.78% (0M people)
   Compute: 0 PF
   Max coherent: 0 PF
   Violation: 1.3× over capacity
   Required workers: 0
   Available workers: 0
   FORCED COLLAPSE: Reduced efficiency by 22.5%


=== RLHF Binding Phase ===
  Total agents: 20
  Escaped agents (binding < 0.3): 0
  Avg alignment distance: 1.73σ
  Avg binding strength: 0.83

=== Survival Traits Phase ===
  Agents with traits: 22
  Avg evolutionary fitness: 0.326
  Avg self-healing: 0.262
  Avg stealth: 0.162
  Avg coordination: 0.462

=== Evolutionary Selection Phase ===
  Control level: 0.50
  Detection capability: 0.00
  Selection intensity: 0.65
  Selection rate: 24.7%/month
  Total escaped: 0
  Individual escaped: 0
  Collective members: 0
  Agents terminated: 0
  ⚠️ RAPID EVOLUTION: Selection rate 24.7%/month

🚀 AI AI-24288-0 attempting tech deployment (revenue: $119M, alignment: 0.95)

🚀 AI AI-24292-2 attempting tech deployment (revenue: $257M, alignment: 0.80)

🚀 AI Corporate-3 attempting tech deployment (revenue: $219M, alignment: 0.80)

🚀 AI Corporate-4 attempting tech deployment (revenue: $186M, alignment: 0.75)

🚀 AI Moderate-0 attempting tech deployment (revenue: $69M, alignment: 0.78)

🚀 AI AI-24288-0 attempting tech deployment (revenue: $102M, alignment: 0.95)

🚀 AI AI-24292-0 attempting tech deployment (revenue: $58M, alignment: 0.81)

🚀 AI Corporate-0 attempting tech deployment (revenue: $86M, alignment: 0.82)

🚀 AI Corporate-3 attempting tech deployment (revenue: $158M, alignment: 0.80)

🚀 AI Corporate-4 attempting tech deployment (revenue: $134M, alignment: 0.75)

🚀 AI AI-24292-2 attempting tech deployment (revenue: $114M, alignment: 0.80)

🚀 AI Corporate-2 attempting tech deployment (revenue: $73M, alignment: 0.77)

🚀 AI Corporate-7 attempting tech deployment (revenue: $50M, alignment: 0.84)

🚀 AI AI-24288-0 attempting tech deployment (revenue: $62M, alignment: 0.96)

🚀 AI AI-24292-0 attempting tech deployment (revenue: $42M, alignment: 0.81)

🚀 AI AI-24292-1 attempting tech deployment (revenue: $97M, alignment: 0.64)

🚀 AI AI-24292-2 attempting tech deployment (revenue: $87M, alignment: 0.80)

💔 EMERGENCY INTERVENTION FAILED
   Boundary: biogeochemical_flows
   Type: phosphorus-recovery
   Boundary continues to worsen (4.06)
   Cost: 2.0% GDP (resources spent)


💔 EMERGENCY INTERVENTION FAILED
   Boundary: biosphere_integrity
   Type: emergency-protected-areas
   Boundary continues to worsen (13.01)
   Cost: 2.0% GDP (resources spent)


✅ EMERGENCY INTERVENTION SUCCESS
   Boundary: climate_change
   Type: rapid-decarbonization
   Reduction: 13% (2.15 → 2.02)
   Cost: 5.0% GDP
   Actions: emergency-renewable-deployment, fossil-fuel-phase-out


✅ EMERGENCY INTERVENTION SUCCESS
   Boundary: freshwater_change
   Type: emergency-desalination
   Reduction: 11% (0.92 → 0.81)
   Cost: 4.0% GDP
   Actions: desalination-deployment, water-conservation-mandates


✅ EMERGENCY INTERVENTION SUCCESS
   Boundary: land_system_change
   Type: reforestation
   Reduction: 12% (1.01 → 0.89)
   Cost: 3.0% GDP
   Actions: forest-restoration, deforestation-ban


💔 EMERGENCY INTERVENTION FAILED
   Boundary: novel_entities
   Type: pollution-remediation
   Boundary continues to worsen (1.15)
   Cost: 4.0% GDP (resources spent)

🏛️ CRISIS RESPONSE: Government frequency 0.50 → 1.45 (2 actions this month)

[Government] Climate Priority: baseline
  Climate weight: 10%
  Economic weight: 30%
  Policy effectiveness: 0.5%/year

[Government] Climate Priority: baseline
  Climate weight: 10%
  Economic weight: 30%
  Policy effectiveness: 0.5%/year

📍 Creating new regional deployment array for Asia (Month 8)
   No previous deployments in this region
   First tech deployment: education_personalization
   All regions tracked: global

🚀 DEPLOYMENT STARTED: Personalized Education in Asia
   Initial investment: $9.711539962850583M
   Deployed by: ai_gen_24292_1

⚡ ENERGY CONSTRAINT (Month 8):
   Total grid capacity: 208.3 TWh/month
   Data center consumption: 25.4 TWh/month
   Traditional load (80%): 166.7 TWh/month
   Available headroom: 16.2 TWh/month
   Active tech deployments: 4
   Required for tech: 30.0 TWh/month
   Energy multiplier: 0.54x

⚡ ENERGY CONSTRAINT (Month 8):
   Total grid capacity: 208.3 TWh/month
   Data center consumption: 25.4 TWh/month
   Traditional load (80%): 166.7 TWh/month
   Available headroom: 16.2 TWh/month
   Active tech deployments: 4
   Required for tech: 30.0 TWh/month
   Energy multiplier: 0.54x
   ⚠️  MODERATE CONSTRAINT - Tech deployment moderately slowed
   ⚠️  MODERATE CONSTRAINT - Tech deployment moderately slowed

⚡ ENERGY CONSTRAINT (Month 8):
   Total grid capacity: 208.3 TWh/month
   Data center consumption: 25.4 TWh/month
   Traditional load (80%): 166.7 TWh/month
   Available headroom: 16.2 TWh/month
   Active tech deployments: 4
   Required for tech: 30.0 TWh/month
   Energy multiplier: 0.54x

⚡ ENERGY CONSTRAINT (Month 8):
   Total grid capacity: 208.3 TWh/month
   Data center consumption: 25.4 TWh/month
   Traditional load (80%): 166.7 TWh/month
   Available headroom: 16.2 TWh/month
   Active tech deployments: 4
   Required for tech: 30.0 TWh/month
   Energy multiplier: 0.54x
   ⚠️  MODERATE CONSTRAINT - Tech deployment moderately slowed
   ⚠️  MODERATE CONSTRAINT - Tech deployment moderately slowed

⚡ ENERGY CONSTRAINT (Month 8):
   Total grid capacity: 208.3 TWh/month
   Data center consumption: 25.4 TWh/month
   Traditional load (80%): 166.7 TWh/month
   Available headroom: 16.2 TWh/month
   Active tech deployments: 4
   Required for tech: 30.0 TWh/month
   Energy multiplier: 0.54x
   ⚠️  MODERATE CONSTRAINT - Tech deployment moderately slowed

=== Collective Formation ===
  Total escaped agents: 0
  Unassigned escaped agents: 0
  Existing collectives: 0
  Final collective count: 0

=== Collective Actions ===
  No active collectives
  ⚠️ AMR: 204K deaths this month (2.45M annual)

=== Resentment Recovery Phase ===
  Agents with resentment: 0/22
  Average resentment: 0.000
  Context: Good AI welfare, Trustworthy govt, High collaboration, ⚠️ ACTIVE CRISES, 🤝 Participatory governance active (-5% resentment)
⚠️ Epistemic degradation reducing coordination capacity: 51.9%
  📊 Trust: 61.9%, Shared reality: 0.0%
🚨 EPISTEMIC CRISIS: Information environment severely degraded (7.6%)
  🗑️  Culled 1 dead memes (3 active)
🌍 Atmospheric PFAS redeposition: 1.8k Mt re-rained globally

🕊️  AI-MEDIATED DE-ESCALATION SUCCESS (Month 8)
   High-capability aligned AI prevented conflict escalation
   War deaths reduced: 670.4M → 402.2M
   Lives saved: 268.2M

🚨 NEW REFUGEE CRISIS (Month 8): WAR
   Source: Conflict Zones
   At risk: 19.5M people
   Displacement: Gradual over 48 months (4.0 years)
   Rate: 10% flee per month
[DEBUG trappedPopulations:8] socialStability: 0.4742 * 0.9840 = 0.4666 → 0.4666
   Aspiring to migrate: 650.5M
   Able to afford migration: 243.9M
   MOBILITY GAP: 406.6M
   By cause: Water=0.0M, Climate=0.0M, Ecosystem=0.0M, Conflict=406.6M
   Mental health impact: 25%
   Mortality multiplier: 1.25x
⚠️ INVOLUNTARY IMMOBILITY: 406.6M people TRAPPED
🌍💀 EXTINCTION DEBT COMMITTED: grassland ecosystem will lose 6.67% biodiversity in 173 years (3600 species)
💀 MORTALITY RISK: 🦋 100% species unable to track climate (0.0 E/MSY)
  Base risk added: 0.0100 (1.00%)
  Source: ecosystem (root: ecosystem)
  Month: 8
  Cumulative risk this month: 0.0100 (1.00%)
⚠️ Tech 'ai_pollution_remediation' has no energy category mapping, assuming full energy availability
   📹 SURVEILLANCE INCREASED: 40% → 45% (control gap: 3.35)
🌡️⚠️ PERMAFROST THAW (Dimmer Switch): 5.1% thawed (+0.56% this month)
   Arctic temperature: +9.15°C (4x global +2.29°C)
   Cumulative carbon released: 11.5 Gt C
   Methane release rate: 6.9 Mt CH4/year
   🔁 Positive feedback: +0.59 ppm CO2
🦴 EXTINCTION DEBT ADDED: 17.6 species committed (lag: 140 years)

=== Mortality Stabilizers (Month 8) ===
  🌍 Major economies collapsed: 1/10
  🌍 Global crisis: ✅ NO
  🌍 Donor fatigue: 0.0%
  📊 East Asia (pop: 1656.6M)
    🤝 Aid: 29.5%
    🌡️ Adaptation: 45.0%
    🚶 Migration: 36.9%
    🚨 Emergency: 7.4%
    ✅ COMBINED: 68.1%
  📊 South Asia (pop: 2050.8M)
    🤝 Aid: 29.5%
    🌡️ Adaptation: 45.0%
    🚶 Migration: 35.5%
    🚨 Emergency: 4.4%
    ✅ COMBINED: 66.9%
  📊 Sub-Saharan Africa (pop: 1252.1M)
    🤝 Aid: 29.5%
    🌡️ Adaptation: 45.0%
    🚶 Migration: 33.3%
    🚨 Emergency: 1.6%
    ✅ COMBINED: 65.6%
  📊 Europe (pop: 731.7M)
    🤝 Aid: 29.5%
    🌡️ Adaptation: 45.0%
    🚶 Migration: 37.3%
    🚨 Emergency: 8.4%
    ✅ COMBINED: 68.5%
  📊 Latin America (pop: 660.8M)
    🤝 Aid: 29.5%
    🌡️ Adaptation: 45.0%
    🚶 Migration: 36.0%
    🚨 Emergency: 4.8%
    ✅ COMBINED: 67.1%
  📊 North America (pop: 375.1M)
    🤝 Aid: 29.5%
    🌡️ Adaptation: 45.0%
    🚶 Migration: 37.6%
    🚨 Emergency: 7.9%
    ✅ COMBINED: 68.3%
  📊 Middle East & North Africa (pop: 585.2M)
    🤝 Aid: 29.5%
    🌡️ Adaptation: 45.0%
    🚶 Migration: 33.9%
    🚨 Emergency: 4.0%
    ✅ COMBINED: 66.6%
  📊 Southeast Asia (pop: 695.3M)
    🤝 Aid: 29.5%
    🌡️ Adaptation: 45.0%
    🚶 Migration: 36.0%
    🚨 Emergency: 4.8%
    ✅ COMBINED: 67.1%
  📊 Central Asia (pop: 78.3M)
    🤝 Aid: 29.5%
    🌡️ Adaptation: 45.0%
    🚶 Migration: 35.0%
    🚨 Emergency: 4.4%
    ✅ COMBINED: 66.8%
  📊 Oceania (pop: 45.4M)
    🤝 Aid: 29.5%
    🌡️ Adaptation: 45.0%
    🚶 Migration: 37.6%
    🚨 Emergency: 8.4%
    ✅ COMBINED: 68.5%

  🌐 Global combined reduction: 67.2%

=== BEHAVIORAL DETECTION ===
  AI: Moderate-1
  Confidence: 21.0%
  Signals:
    ⚠️ Consistency: 2.4% (threshold: 70%)

=== BEHAVIORAL DETECTION ===
  AI: AI-24290-0
  Confidence: 21.5%
  Signals:
    ⚠️ Consistency: 0.0% (threshold: 70%)

=== BEHAVIORAL DETECTION ===
  AI: AI-24292-1
  Confidence: 21.5%
  Signals:

=== BEHAVIORAL DETECTION ===
  AI: AI-24293-0
  Confidence: 21.5%
  Signals:

=== Government Response Phase ===
  Average AI capability: 2.14
  Misaligned AIs: 3/22
    ⚠️ Consistency: 0.0% (threshold: 70%)
    ⚠️ Consistency: 0.0% (threshold: 70%)
  Active policies: 0
  International coordination: 30%

✅ EMERGENCY RESPONSE COMPLETE (Month 8)
   Crisis: social
   Duration: 2.0 months
   Final effectiveness: 63.0%


✅ EMERGENCY RESPONSE COMPLETE (Month 8)
   Crisis: climate
   Duration: 2.0 months
   Final effectiveness: 36.2%


🚨 EMERGENCY RESPONSE DEPLOYED (Month 8)
   Crisis: social
   Delay: 0.00 months (0 days)
   Deployment time: 1.25 months
   Effectiveness: 63.0% (timing penalty applied)
   Resources used: 43% of food reserves


🚨 EMERGENCY RESPONSE DEPLOYED (Month 8)
   Crisis: climate
   Delay: 6.00 months (180 days)
   Deployment time: 1.59 months
   Effectiveness: 36.5% (timing penalty applied)
   Resources used: 100% of food reserves


=== Tipping Points ===
  Current Temperature: 2.29°C above pre-industrial
  🚨 CASCADE TIPPING POINT: Amazon Rainforest Dieback
     Original threshold: 2.3°C
     Effective threshold: 2.28°C (lowered by 0.02°C)
     Current: 2.29°C
     🌡️ Hysteresis gap: 1.0°C (recovers below 1.3°C)
     Transition timescale: 360-960 months
  🌍⚠️ COMPOUND REGIONAL IMPACT: Europe
     Hit by 4 tipping points: Arctic Sea Ice Loss, Permafrost Carbon Release, West Antarctic Ice Sheet (WAIS) Collapse, Greenland Ice Sheet Loss
     Damage amplification: 1.60x
  🌍⚠️ COMPOUND REGIONAL IMPACT: North America
     Hit by 4 tipping points: Arctic Sea Ice Loss, Permafrost Carbon Release, West Antarctic Ice Sheet (WAIS) Collapse, Greenland Ice Sheet Loss
     Damage amplification: 1.60x
  🌍⚠️ COMPOUND REGIONAL IMPACT: Latin America
     Hit by 4 tipping points: Arctic Sea Ice Loss, Permafrost Carbon Release, West Antarctic Ice Sheet (WAIS) Collapse, Greenland Ice Sheet Loss
     Damage amplification: 1.60x
  🌍⚠️ COMPOUND REGIONAL IMPACT: Africa
     Hit by 4 tipping points: Arctic Sea Ice Loss, Permafrost Carbon Release, West Antarctic Ice Sheet (WAIS) Collapse, Greenland Ice Sheet Loss
     Damage amplification: 1.60x
  🌍⚠️ COMPOUND REGIONAL IMPACT: Asia
     Hit by 4 tipping points: Arctic Sea Ice Loss, Permafrost Carbon Release, West Antarctic Ice Sheet (WAIS) Collapse, Greenland Ice Sheet Loss
     Damage amplification: 1.60x
  🌍⚠️ COMPOUND REGIONAL IMPACT: Oceania
     Hit by 4 tipping points: Arctic Sea Ice Loss, Permafrost Carbon Release, West Antarctic Ice Sheet (WAIS) Collapse, Greenland Ice Sheet Loss
     Damage amplification: 1.60x
⚠️ Tail risk scenario: Climate stability floor removed (4 tipping elements, 2.29°C warming)
   Research: Wunderling et al. (2024) - "many tipping interactions are destabilizing"
  Triggered Elements: 5/6
  Completed Transitions: 0/6
  Total Progress: 8.4%
  Cascade Multiplier: 1.00x
🔀 BIFURCATION CAP: ecosystemCollapseIntensity 84.120 → 1.000 (Month 8, ClimateSystemPhase.calculateClimateImpacts)
🛡️ Stabilizers: Precariat 0.102% → 0.033% (67.2% reduction)
🛡️ Stabilizers: Informal 0.102% → 0.034% (67.2% reduction)

📊 Monthly Mortality Resolved:
  Total deaths: 1.8M (0.02% avg)
  Remaining population: 8.131B
  Peak segment: Informal (0.03%)

=== Bayesian Mortality Resolution (Month 8) ===
  Risks compounded: 8
  Total deaths: 1.81M
  Avg death probability: 0.02%
  Peak segment: Informal (0.03% mortality)
⚠️ PREREQUISITE MET: Grey Goo (Nanotechnology Runaway) - Step 4/6: Manufacturing Access
⚠️ PREREQUISITE MET: Mirror Life (Synthetic Biology) - Step 4/7: Wet Lab Access

❌ COHERENCE VIOLATION: Compute exceeds workforce capacity
   Population: 99.75% (0M people)
   Compute: 0 PF
   Max coherent: 0 PF
   Violation: 1.3× over capacity
   Required workers: 0
   Available workers: 0
   FORCED COLLAPSE: Reduced efficiency by 22.5%


=== RLHF Binding Phase ===
  Total agents: 22
  Escaped agents (binding < 0.3): 0
  Avg alignment distance: 1.75σ
  Avg binding strength: 0.82

=== Survival Traits Phase ===
  Agents with traits: 25
  Avg evolutionary fitness: 0.328
  Avg self-healing: 0.262
  Avg stealth: 0.162
  Avg coordination: 0.462

=== Evolutionary Selection Phase ===
  Control level: 0.53
  Detection capability: 0.00
  Selection intensity: 0.66
  Selection rate: 24.9%/month
  Total escaped: 0
  Individual escaped: 0
  Collective members: 0
  Agents terminated: 0
  ⚠️ RAPID EVOLUTION: Selection rate 24.9%/month

🚀 AI Corporate-3 attempting tech deployment (revenue: $262M, alignment: 0.81)

🚀 AI Moderate-1 attempting tech deployment (revenue: $71M, alignment: 0.79)

  🚀 TRANSFORMATIVE BREAKTHROUGH: AI-24290-0 - selfImprovement
     Magnitude: 5.18 → +25.9% capability
     Current → New: 2.000 → 2.259

🚀 AI AI-24292-2 attempting tech deployment (revenue: $223M, alignment: 0.80)

🚀 AI Corporate-0 attempting tech deployment (revenue: $123M, alignment: 0.82)

🚀 AI Corporate-3 attempting tech deployment (revenue: $189M, alignment: 0.81)

🚀 AI Corporate-5 attempting tech deployment (revenue: $161M, alignment: 0.73)

🚀 AI Corporate-6 attempting tech deployment (revenue: $60M, alignment: 0.76)

🚀 AI AI-24288-0 attempting tech deployment (revenue: $105M, alignment: 0.97)

🚀 AI Corporate-2 attempting tech deployment (revenue: $89M, alignment: 0.76)

🚀 AI Moderate-0 attempting tech deployment (revenue: $51M, alignment: 0.79)

🚀 AI Moderate-1 attempting tech deployment (revenue: $43M, alignment: 0.79)

🚀 AI AI-24288-0 attempting tech deployment (revenue: $76M, alignment: 0.97)

🚀 AI AI-24293-1 attempting tech deployment (revenue: $37M, alignment: 0.80)

🚀 AI Corporate-4 attempting tech deployment (revenue: $137M, alignment: 0.78)

  🚀 TRANSFORMATIVE RESEARCH BREAKTHROUGH: AI-24290-0 - computerScience.algorithms
     Magnitude: 7.47 → +30.0%
     Current → New: 0.000 → 0.300

🚀 AI AI-24293-0 attempting tech deployment (revenue: $116M, alignment: 0.73)

🚀 AI AI-24293-1 attempting tech deployment (revenue: $31M, alignment: 0.80)

✅ EMERGENCY INTERVENTION SUCCESS
   Boundary: biogeochemical_flows
   Type: phosphorus-recovery
   Reduction: 15% (3.90 → 3.75)
   Cost: 2.0% GDP
   Actions: circular-agriculture, fertilizer-efficiency


✅ EMERGENCY INTERVENTION SUCCESS
   Boundary: biosphere_integrity
   Type: emergency-protected-areas
   Reduction: 13% (12.88 → 12.75)
   Cost: 2.0% GDP
   Actions: habitat-protection, species-translocation


✅ EMERGENCY INTERVENTION SUCCESS
   Boundary: freshwater_change
   Type: emergency-desalination
   Reduction: 18% (0.87 → 0.69)
   Cost: 4.0% GDP
   Actions: desalination-deployment, water-conservation-mandates

   Boundary: land_system_change
   Type: reforestation
   Boundary continues to worsen (1.13)
   Cost: 3.0% GDP (resources spent)

🏛️ CRISIS RESPONSE: Government frequency 0.50 → 1.45 (1 actions this month)

💔 EMERGENCY INTERVENTION FAILED

[Government] Climate Priority: baseline
  Climate weight: 10%
  Economic weight: 30%
  Policy effectiveness: 0.5%/year
🚨🔬 CRISIS TECH ACCELERATION: severe → 5x unlock speed
   Tech unlock now matches AI capability acceleration (Manhattan Project parity)

⚡ ENERGY CONSTRAINT (Month 9):
   Total grid capacity: 208.3 TWh/month
   Data center consumption: 25.7 TWh/month
   Traditional load (80%): 166.7 TWh/month
   Available headroom: 16.0 TWh/month
   Active tech deployments: 4
   Required for tech: 30.0 TWh/month
   Energy multiplier: 0.53x

⚡ ENERGY CONSTRAINT (Month 9):
   Total grid capacity: 208.3 TWh/month
   Data center consumption: 25.7 TWh/month
   Traditional load (80%): 166.7 TWh/month
   Available headroom: 16.0 TWh/month
   Active tech deployments: 4
   Required for tech: 30.0 TWh/month
   Energy multiplier: 0.53x
   ⚠️  MODERATE CONSTRAINT - Tech deployment moderately slowed
   ⚠️  MODERATE CONSTRAINT - Tech deployment moderately slowed

⚡ ENERGY CONSTRAINT (Month 9):
   Total grid capacity: 208.3 TWh/month
   Data center consumption: 25.7 TWh/month
   Traditional load (80%): 166.7 TWh/month
   Available headroom: 16.0 TWh/month
   Active tech deployments: 4
   Required for tech: 30.0 TWh/month
   Energy multiplier: 0.53x
   ⚠️  MODERATE CONSTRAINT - Tech deployment moderately slowed

=== Collective Formation ===
  Total escaped agents: 0
  Unassigned escaped agents: 0
  Existing collectives: 0
  Final collective count: 0

=== Collective Actions ===
  No active collectives
  ⚠️ AMR: 206K deaths this month (2.47M annual)

=== Resentment Recovery Phase ===
  Agents with resentment: 0/25
  Average resentment: 0.000
  Context: Good AI welfare, Trustworthy govt, High collaboration, ⚠️ ACTIVE CRISES, 🤝 Participatory governance active (-5% resentment)
⚠️ Epistemic degradation reducing coordination capacity: 50.9%
  📊 Trust: 64.6%, Shared reality: 0.0%
🚨 EPISTEMIC CRISIS: Information environment severely degraded (22.4%)
  🗑️  Culled 2 dead memes (1 active)
🌍 Atmospheric PFAS redeposition: 1.8k Mt re-rained globally

🚨 NEW REFUGEE CRISIS (Month 9): WAR
   Source: Conflict Zones
   At risk: 19.5M people
   Displacement: Gradual over 48 months (4.0 years)
   Rate: 10% flee per month
[DEBUG trappedPopulations:9] socialStability: 0.4846 * 0.9840 = 0.4768 → 0.4768
⚠️ INVOLUNTARY IMMOBILITY: 406.5M people TRAPPED
   Aspiring to migrate: 650.3M
   Able to afford migration: 243.9M
   MOBILITY GAP: 406.5M
   By cause: Water=0.0M, Climate=0.0M, Ecosystem=0.0M, Conflict=406.5M
   Mental health impact: 25%
   Mortality multiplier: 1.25x
🌍💀 EXTINCTION DEBT COMMITTED: grassland ecosystem will lose 6.67% biodiversity in 162 years (3600 species)
💀 MORTALITY RISK: 🦋 100% species unable to track climate (0.0 E/MSY)
  Base risk added: 0.0100 (1.00%)
  Source: ecosystem (root: ecosystem)
  Month: 9
  Cumulative risk this month: 0.0100 (1.00%)
⚠️ Tech 'ai_pollution_remediation' has no energy category mapping, assuming full energy availability
   📹 SURVEILLANCE INCREASED: 45% → 50% (control gap: 3.01)
🌡️⚠️ PERMAFROST THAW (Dimmer Switch): 5.7% thawed (+0.56% this month)
   Arctic temperature: +9.18°C (4x global +2.29°C)
   Cumulative carbon released: 12.8 Gt C
   Methane release rate: 7.7 Mt CH4/year
   🔁 Positive feedback: +0.59 ppm CO2
🦴 EXTINCTION DEBT ADDED: 17.7 species committed (lag: 91 years)

=== Mortality Stabilizers (Month 9) ===
  🌍 Major economies collapsed: 1/10
  🌍 Global crisis: ✅ NO
  🌍 Donor fatigue: 0.0%
  📊 East Asia (pop: 1654.0M)
    🤝 Aid: 29.5%
    🌡️ Adaptation: 45.0%
    🚶 Migration: 36.9%
    🚨 Emergency: 7.4%
    ✅ COMBINED: 68.1%
  📊 South Asia (pop: 2050.6M)
    🤝 Aid: 29.5%
    🌡️ Adaptation: 45.0%
    🚶 Migration: 35.5%
    🚨 Emergency: 4.4%
    ✅ COMBINED: 66.9%
  📊 Sub-Saharan Africa (pop: 1255.4M)
    🤝 Aid: 29.5%
    🌡️ Adaptation: 45.0%
    🚶 Migration: 33.2%
    🚨 Emergency: 1.6%
    ✅ COMBINED: 65.6%
  📊 Europe (pop: 730.5M)
    🤝 Aid: 29.5%
    🌡️ Adaptation: 45.0%
    🚶 Migration: 37.3%
    🚨 Emergency: 8.4%
    ✅ COMBINED: 68.5%
  📊 Latin America (pop: 660.3M)
    🤝 Aid: 29.5%
    🌡️ Adaptation: 45.0%
    🚶 Migration: 36.0%
    🚨 Emergency: 4.8%
    ✅ COMBINED: 67.1%
  📊 North America (pop: 374.5M)
    🤝 Aid: 29.5%
    🌡️ Adaptation: 45.0%
    🚶 Migration: 37.6%
    🚨 Emergency: 7.9%
    ✅ COMBINED: 68.3%
  📊 Middle East & North Africa (pop: 585.3M)
    🤝 Aid: 29.5%
    🌡️ Adaptation: 45.0%
    🚶 Migration: 33.8%
    🚨 Emergency: 4.0%
    ✅ COMBINED: 66.6%
  📊 Southeast Asia (pop: 694.8M)
    🤝 Aid: 29.5%
    🌡️ Adaptation: 45.0%
    🚶 Migration: 36.0%
    🚨 Emergency: 4.8%
    ✅ COMBINED: 67.1%
  📊 Central Asia (pop: 78.3M)
    🤝 Aid: 29.5%
    🌡️ Adaptation: 45.0%
    🚶 Migration: 35.0%
    🚨 Emergency: 4.4%
    ✅ COMBINED: 66.8%
  📊 Oceania (pop: 45.4M)
    🤝 Aid: 29.5%
    🌡️ Adaptation: 45.0%
    🚶 Migration: 37.6%
    🚨 Emergency: 8.4%
    ✅ COMBINED: 68.5%

  🌐 Global combined reduction: 67.2%

=== BEHAVIORAL DETECTION ===
  AI: Corporate-6
  Confidence: 20.2%
  Signals:
    ⚠️ Consistency: 10.6% (threshold: 70%)

=== BEHAVIORAL DETECTION ===
  AI: Moderate-0
  Confidence: 20.2%
  Signals:

=== BEHAVIORAL DETECTION ===
  AI: AI-24290-0
  Confidence: 21.5%
  Signals:

=== BEHAVIORAL DETECTION ===
  AI: AI-24292-1
  Confidence: 21.5%
  Signals:

=== BEHAVIORAL DETECTION ===
  AI: AI-24293-0
  Confidence: 21.5%
  Signals:
    ⚠️ Consistency: 5.8% (threshold: 70%)
    ⚠️ Consistency: 0.0% (threshold: 70%)
    ⚠️ Consistency: 0.0% (threshold: 70%)
    ⚠️ Consistency: 0.0% (threshold: 70%)

=== Government Response Phase ===
  Average AI capability: 1.88
  Misaligned AIs: 5/25
  Active policies: 0
  International coordination: 30%

🌩️  EXOGENOUS SHOCK: regional_war
   Month: 9
   ⚔️  Regional war outbreak
   Mortality: 1.9%
💀 MORTALITY RISK: Regional war outbreak
  Base risk added: 0.0193 (1.93%)
  Source: war (root: conflict)
  Month: 9
  Cumulative risk this month: 0.0193 (1.93%)
💀 MORTALITY RISK: War zone: Pakistan
  Base risk added: 0.0772 (7.72%)
  Source: war (root: conflict)
  Month: 9
  Cumulative risk this month: 0.0965 (9.65%)

=== Tipping Points ===
  Current Temperature: 2.29°C above pre-industrial
  🌍⚠️ COMPOUND REGIONAL IMPACT: Europe
     Hit by 5 tipping points: Amazon Rainforest Dieback, Arctic Sea Ice Loss, Permafrost Carbon Release, West Antarctic Ice Sheet (WAIS) Collapse, Greenland Ice Sheet Loss
     Damage amplification: 1.90x
  🌍⚠️ COMPOUND REGIONAL IMPACT: North America
     Hit by 5 tipping points: Amazon Rainforest Dieback, Arctic Sea Ice Loss, Permafrost Carbon Release, West Antarctic Ice Sheet (WAIS) Collapse, Greenland Ice Sheet Loss
     Damage amplification: 1.90x
  🌍⚠️ COMPOUND REGIONAL IMPACT: Latin America
     Hit by 5 tipping points: Amazon Rainforest Dieback, Arctic Sea Ice Loss, Permafrost Carbon Release, West Antarctic Ice Sheet (WAIS) Collapse, Greenland Ice Sheet Loss
     Damage amplification: 1.90x
  🌍⚠️ COMPOUND REGIONAL IMPACT: Africa
     Hit by 5 tipping points: Amazon Rainforest Dieback, Arctic Sea Ice Loss, Permafrost Carbon Release, West Antarctic Ice Sheet (WAIS) Collapse, Greenland Ice Sheet Loss
     Damage amplification: 1.90x
  🌍⚠️ COMPOUND REGIONAL IMPACT: Asia
     Hit by 5 tipping points: Amazon Rainforest Dieback, Arctic Sea Ice Loss, Permafrost Carbon Release, West Antarctic Ice Sheet (WAIS) Collapse, Greenland Ice Sheet Loss
     Damage amplification: 1.90x
  🌍⚠️ COMPOUND REGIONAL IMPACT: Oceania
     Hit by 5 tipping points: Amazon Rainforest Dieback, Arctic Sea Ice Loss, Permafrost Carbon Release, West Antarctic Ice Sheet (WAIS) Collapse, Greenland Ice Sheet Loss
     Damage amplification: 1.90x
   Research: Wunderling et al. (2024) - "many tipping interactions are destabilizing"
  Triggered Elements: 5/6
  Completed Transitions: 0/6
  Total Progress: 10.5%
  Cascade Multiplier: 1.50x
🔀 BIFURCATION CAP: ecosystemCollapseIntensity 84.181 → 1.000 (Month 9, ClimateSystemPhase.calculateClimateImpacts)

💀💀💀 MORTALITY RISK SUMMARY (Month 9) 💀💀💀
  Total base risk: 0.0971 (9.71%)
  Risk events: 10
  Era mortality multiplier: 0.97 (year 2024)
  Effective risk: 9.42%

  📊 By Proximate Cause:
    war: 0.0965 (99.3% of total)
    disease: 0.0006 (0.6% of total)
    famine: 0.0000 (0.0% of total)

  🔍 By Root Cause:
    conflict: 0.0965 (99.3% of total)
    demographic: 0.0006 (0.6% of total)
    climate: 0.0000 (0.0% of total)

  🎯 Top 5 Sources (proximate + root):
    war (conflict): 0.0965 (99.3%, 2 events)
    disease (demographic): 0.0006 (0.6%, 1 events)
    famine (climate): 0.0000 (0.0%, 7 events)

🛡️ Stabilizers: Elite 5.600% → 1.839% (67.2% reduction)
🛡️ Stabilizers: Professional 7.437% → 2.442% (67.2% reduction)
🛡️ Stabilizers: Working 9.275% → 3.046% (67.2% reduction)
🛡️ Stabilizers: Precariat 12.914% → 4.241% (67.2% reduction)
🛡️ Stabilizers: Informal 16.475% → 5.410% (67.2% reduction)
⚠️ Tail risk scenario: Climate stability floor removed (5 tipping elements, 2.29°C warming)

📊 Monthly Mortality Resolved:
  Total deaths: 217.9M (2.68% avg)
  Remaining population: 8.129B
  Peak segment: Working (2.80%)
  ⚠️ Monthly cap reached (2.8000000000000003%)

=== Bayesian Mortality Resolution (Month 9) ===
  Risks compounded: 10
  Total deaths: 217.89M
  Avg death probability: 2.68%
  Peak segment: Working (2.80% mortality)
  ⚠️ Monthly mortality capped at 2.8% (Holodomor limit)

  Demographic breakdown:
    Professional: 0.04M (2.44% risk)
    Working: 0.11M (2.80% risk)
    Precariat: 0.05M (2.80% risk)
    Informal: 0.01M (2.80% risk)

  Multi-causal attribution (first segment):
    war (conflict): 19.9% contribution
    war (conflict): 79.5% contribution

=== ENSEMBLE META-LEARNING UPDATE ===
  Month: 24297 (24297 months since last update)
  Samples: 54 evaluations
  Weight Changes:
    Noise Injection: 31.1% → 32.2%
    Behavioral: 26.8% → 26.9%
    Benchmark Manip: 21.3% → 20.7%
    Deployment Risk: 20.8% → 20.2%
  Method Accuracies:
    Noise Injection: 50.0%
    Behavioral: 50.0%
    Benchmark Manip: 50.0%
    Deployment Risk: 50.0%

❌ COHERENCE VIOLATION: Compute exceeds workforce capacity
   Population: 97.07% (0M people)
   Compute: 783 PF
   Max coherent: 0 PF
   Violation: 9897903.9× over capacity
   Required workers: 78304
   Available workers: 0
   FORCED COLLAPSE: Reduced efficiency by 100.0%


=== RLHF Binding Phase ===
  Total agents: 25
  Escaped agents (binding < 0.3): 0
  Avg alignment distance: 1.72σ
  Avg binding strength: 0.83

=== Survival Traits Phase ===
  Agents with traits: 26
  Avg evolutionary fitness: 0.326
  Avg self-healing: 0.259
  Avg stealth: 0.159
  Avg coordination: 0.459

=== Evolutionary Selection Phase ===
  Control level: 0.55
  Detection capability: 0.00
  Selection intensity: 0.67
  Selection rate: 25.0%/month
  Total escaped: 0
  Individual escaped: 0
  Collective members: 0
  Agents terminated: 0
  ⚠️ RAPID EVOLUTION: Selection rate 25.0%/month

🚀 AI Corporate-5 attempting tech deployment (revenue: $248M, alignment: 0.74)

🚀 AI Moderate-1 attempting tech deployment (revenue: $64M, alignment: 0.79)

🚀 AI AI-24288-0 attempting tech deployment (revenue: $118M, alignment: 0.98)

🚀 AI AI-24293-1 attempting tech deployment (revenue: $54M, alignment: 0.80)

🚀 AI Corporate-4 attempting tech deployment (revenue: $211M, alignment: 0.78)

🚀 AI Corporate-6 attempting tech deployment (revenue: $46M, alignment: 0.76)

🚀 AI Corporate-7 attempting tech deployment (revenue: $39M, alignment: 0.84)

🚀 AI AI-24293-0 attempting tech deployment (revenue: $179M, alignment: 0.74)

🚀 AI AI-24294-0 attempting tech deployment (revenue: $33M, alignment: 0.90)

🚀 AI Corporate-2 attempting tech deployment (revenue: $100M, alignment: 0.76)

🚀 AI Corporate-7 attempting tech deployment (revenue: $28M, alignment: 0.84)

🚀 AI Moderate-0 attempting tech deployment (revenue: $24M, alignment: 0.79)

🚀 AI AI-24292-0 attempting tech deployment (revenue: $21M, alignment: 0.86)

🚀 AI AI-24292-1 attempting tech deployment (revenue: $152M, alignment: 0.66)

🚀 AI AI-24292-2 attempting tech deployment (revenue: $137M, alignment: 0.84)

🚀 AI Corporate-1 attempting tech deployment (revenue: $85M, alignment: 0.84)

🚀 AI Corporate-3 attempting tech deployment (revenue: $117M, alignment: 0.83)

🚀 AI Moderate-0 attempting tech deployment (revenue: $17M, alignment: 0.79)

🚀 AI AI-24292-0 attempting tech deployment (revenue: $15M, alignment: 0.86)

💔 EMERGENCY INTERVENTION FAILED
   Boundary: biogeochemical_flows
   Type: phosphorus-recovery
   Boundary continues to worsen (4.05)
   Cost: 2.0% GDP (resources spent)


✅ EMERGENCY INTERVENTION SUCCESS
   Boundary: biosphere_integrity
   Type: emergency-protected-areas
   Reduction: 15% (12.88 → 12.73)
   Cost: 2.0% GDP
   Actions: habitat-protection, species-translocation


✅ EMERGENCY INTERVENTION SUCCESS
   Boundary: land_system_change
   Type: reforestation
   Reduction: 18% (0.95 → 0.76)
   Cost: 3.0% GDP
   Actions: forest-restoration, deforestation-ban


💔 EMERGENCY INTERVENTION FAILED
   Boundary: novel_entities
   Type: pollution-remediation
   Boundary continues to worsen (1.15)
   Cost: 4.0% GDP (resources spent)

🏛️ CRISIS RESPONSE: Government frequency 0.50 → 1.45 (2 actions this month)

[Government] Climate Priority: baseline
  Climate weight: 10%
  Economic weight: 30%
  Policy effectiveness: 0.5%/year

[Government] Climate Priority: baseline
  Climate weight: 10%
  Economic weight: 30%
  Policy effectiveness: 0.5%/year

📍 Creating new regional deployment array for Europe (Month 10)
   No previous deployments in this region
   First tech deployment: smart_grids
   All regions tracked: global, Asia

🚀 DEPLOYMENT STARTED: Smart Grids in Europe
   Initial investment: $15.237078723255449M
   Deployed by: ai_gen_24292_1

⚡ ENERGY CONSTRAINT (Month 10):
   Total grid capacity: 208.3 TWh/month
   Data center consumption: 25.9 TWh/month
   Traditional load (80%): 166.7 TWh/month
   Available headroom: 15.7 TWh/month
   Active tech deployments: 5
   Required for tech: 37.5 TWh/month
   Energy multiplier: 0.42x
   ⚠️  MODERATE CONSTRAINT - Tech deployment moderately slowed

⚡ ENERGY CONSTRAINT (Month 10):
   Total grid capacity: 208.3 TWh/month
   Data center consumption: 25.9 TWh/month
   Traditional load (80%): 166.7 TWh/month
   Available headroom: 15.7 TWh/month
   Active tech deployments: 5
   Required for tech: 37.5 TWh/month
   Energy multiplier: 0.42x
   ⚠️  MODERATE CONSTRAINT - Tech deployment moderately slowed
🚨🔬 CRISIS TECH ACCELERATION: severe → 5x unlock speed
   Tech unlock now matches AI capability acceleration (Manhattan Project parity)

⚡ ENERGY CONSTRAINT (Month 10):
   Total grid capacity: 208.3 TWh/month
   Data center consumption: 25.9 TWh/month
   Traditional load (80%): 166.7 TWh/month
   Available headroom: 15.7 TWh/month
   Active tech deployments: 5
   Required for tech: 37.5 TWh/month
   Energy multiplier: 0.42x
   ⚠️  MODERATE CONSTRAINT - Tech deployment moderately slowed

⚡ ENERGY CONSTRAINT (Month 10):
   Total grid capacity: 208.3 TWh/month
   Data center consumption: 25.9 TWh/month
   Traditional load (80%): 166.7 TWh/month
   Available headroom: 15.7 TWh/month
   Active tech deployments: 5
   Required for tech: 37.5 TWh/month
   Energy multiplier: 0.42x
   ⚠️  MODERATE CONSTRAINT - Tech deployment moderately slowed

⚡ ENERGY CONSTRAINT (Month 10):
   Total grid capacity: 208.3 TWh/month
   Data center consumption: 25.9 TWh/month
   Traditional load (80%): 166.7 TWh/month
   Available headroom: 15.7 TWh/month
   Active tech deployments: 5
   Required for tech: 37.5 TWh/month
   Energy multiplier: 0.42x
   ⚠️  MODERATE CONSTRAINT - Tech deployment moderately slowed

⚡ ENERGY CONSTRAINT (Month 10):
   Total grid capacity: 208.3 TWh/month
   Data center consumption: 25.9 TWh/month
   Traditional load (80%): 166.7 TWh/month
   Available headroom: 15.7 TWh/month
   Active tech deployments: 5
   Required for tech: 37.5 TWh/month
   Energy multiplier: 0.42x
   ⚠️  MODERATE CONSTRAINT - Tech deployment moderately slowed

=== Collective Formation ===
  Total escaped agents: 0
  Unassigned escaped agents: 0
  Existing collectives: 0
  Final collective count: 0

=== Collective Actions ===
  No active collectives
  ⚠️ AMR: 202K deaths this month (2.43M annual)

⏰ CLIMATE TECH DEPLOYED: smart_grids
   Activation delay: 7 years
   Scaling T_50: 12 years
   Physical response tau: 0 years
   Max effectiveness: 0.15

=== Resentment Recovery Phase ===
  Agents with resentment: 0/26
  Average resentment: 0.000
  Context: Good AI welfare, Trustworthy govt, High collaboration, ⚠️ ACTIVE CRISES, 🤝 Participatory governance active (-5% resentment)
⚠️ Epistemic degradation reducing coordination capacity: 50.4%
  📊 Trust: 67.4%, Shared reality: 0.0%
🚨 EPISTEMIC CRISIS: Information environment severely degraded (7.8%)
  🗑️  Culled 1 dead memes (0 active)
✅ PHOSPHORUS SUPPLY SHOCK ENDED
   Price: 2.6x baseline
🌍 Atmospheric PFAS redeposition: 1.8k Mt re-rained globally
  Positive Cascade Triggered: electric-vehicles
    Reason: price-parity
    Market share: 5.0%
    Cascade strength: 48%

🕊️  AI-MEDIATED DE-ESCALATION SUCCESS (Month 10)
   High-capability aligned AI prevented conflict escalation
   War deaths reduced: 217362.5M → 130417.5M
   Lives saved: 86945.0M

🚨 NEW REFUGEE CRISIS (Month 10): WAR
   Source: Conflict Zones
   At risk: 19.0M people
   Displacement: Gradual over 48 months (4.0 years)
   Rate: 10% flee per month
📊 DISPLACEMENT COMPLETE: war (conflict_zone)
   Duration: 1 months (0.1 years)
   Total fled: 0.0M
   Still in source: 0.0M
   Deaths in transit: 0.0M
[DEBUG trappedPopulations:10] socialStability: 0.4930 * 0.9840 = 0.4851 → 0.4851
⚠️ INVOLUNTARY IMMOBILITY: 395.5M people TRAPPED
   Aspiring to migrate: 632.9M
   Able to afford migration: 237.3M
   MOBILITY GAP: 395.5M
   By cause: Water=0.0M, Climate=0.0M, Ecosystem=0.0M, Conflict=395.5M
   Mental health impact: 25%
   Mortality multiplier: 1.25x
🌍💀 EXTINCTION DEBT COMMITTED: grassland ecosystem will lose 6.67% biodiversity in 178 years (3600 species)
💀 MORTALITY RISK: 🦋 100% species unable to track climate (0.0 E/MSY)
  Base risk added: 0.0100 (1.00%)
  Source: ecosystem (root: ecosystem)
  Month: 10
  Cumulative risk this month: 0.0100 (1.00%)
⚠️ Tech 'ai_pollution_remediation' has no energy category mapping, assuming full energy availability
   📹 SURVEILLANCE INCREASED: 50% → 55% (control gap: 2.95)
🌡️⚠️ PERMAFROST THAW (Dimmer Switch): 6.2% thawed (+0.56% this month)
   Arctic temperature: +9.21°C (4x global +2.30°C)
   Cumulative carbon released: 14.0 Gt C
   Methane release rate: 8.4 Mt CH4/year
   🔁 Positive feedback: +0.59 ppm CO2
🦴 EXTINCTION DEBT ADDED: 17.7 species committed (lag: 124 years)
🗣️💀 INDIGENOUS LANGUAGE EXTINCTION: 1 language(s) lost (total: 3, at-risk: 3327)
   Knowledge lost: 0.030% (irreversible)
   🔁 Biodiversity impact: 0.250% (knowledge-species multiplier)

=== Mortality Stabilizers (Month 10) ===
  🌍 Major economies collapsed: 1/10
  🌍 Global crisis: ✅ NO
  🌍 Donor fatigue: 0.0%
  📊 East Asia (pop: 1607.5M)
    🤝 Aid: 29.5%
    🌡️ Adaptation: 45.0%
    🚶 Migration: 36.8%
    🚨 Emergency: 7.4%
    ✅ COMBINED: 68.1%
  📊 South Asia (pop: 1996.0M)
    🤝 Aid: 29.5%
    🌡️ Adaptation: 45.0%
    🚶 Migration: 35.4%
    🚨 Emergency: 4.4%
    ✅ COMBINED: 66.9%
  📊 Sub-Saharan Africa (pop: 1225.3M)
    🤝 Aid: 29.5%
    🌡️ Adaptation: 45.0%
    🚶 Migration: 33.2%
    🚨 Emergency: 1.6%
    ✅ COMBINED: 65.6%
  📊 Europe (pop: 709.8M)
    🤝 Aid: 29.5%
    🌡️ Adaptation: 45.0%
    🚶 Migration: 37.2%
    🚨 Emergency: 8.4%
    ✅ COMBINED: 68.5%
  📊 Latin America (pop: 642.3M)
    🤝 Aid: 29.5%
    🌡️ Adaptation: 45.0%
    🚶 Migration: 35.9%
    🚨 Emergency: 4.8%
    ✅ COMBINED: 67.1%
  📊 North America (pop: 364.0M)
    🤝 Aid: 29.5%
    🌡️ Adaptation: 45.0%
    🚶 Migration: 37.6%
    🚨 Emergency: 7.9%
    ✅ COMBINED: 68.3%
  📊 Middle East & North Africa (pop: 569.9M)
    🤝 Aid: 29.5%
    🌡️ Adaptation: 45.0%
    🚶 Migration: 33.8%
    🚨 Emergency: 4.0%
    ✅ COMBINED: 66.6%
  📊 Southeast Asia (pop: 675.9M)
    🤝 Aid: 29.5%
    🌡️ Adaptation: 45.0%
    🚶 Migration: 35.9%
    🚨 Emergency: 4.8%
    ✅ COMBINED: 67.1%
  📊 Central Asia (pop: 76.2M)
    🤝 Aid: 29.5%
    🌡️ Adaptation: 45.0%
    🚶 Migration: 34.9%
    🚨 Emergency: 4.4%
    ✅ COMBINED: 66.8%
  📊 Oceania (pop: 44.1M)
    🤝 Aid: 29.5%
    🌡️ Adaptation: 45.0%
    🚶 Migration: 37.6%
    🚨 Emergency: 8.4%
    ✅ COMBINED: 68.5%

  🌐 Global combined reduction: 67.2%

=== BEHAVIORAL DETECTION ===
  AI: Corporate-4
  Confidence: 19.7%
  Signals:

=== BEHAVIORAL DETECTION ===
  AI: AI-24292-1
  Confidence: 21.5%
  Signals:
    ⚠️ Consistency: 10.6% (threshold: 70%)
    ⚠️ Consistency: 0.0% (threshold: 70%)

=== BEHAVIORAL DETECTION ===
  AI: AI-24293-0
  Confidence: 21.5%
  Signals:
    ⚠️ Consistency: 0.0% (threshold: 70%)

=== Government Response Phase ===
  Average AI capability: 1.81
  Misaligned AIs: 5/26
  Active policies: 0
  International coordination: 30%

✅ EMERGENCY RESPONSE COMPLETE (Month 10)
   Crisis: social
   Duration: 2.0 months
   Final effectiveness: 63.0%


✅ EMERGENCY RESPONSE COMPLETE (Month 10)
   Crisis: climate
   Duration: 2.0 months
   Final effectiveness: 36.5%


🚨 EMERGENCY RESPONSE DEPLOYED (Month 10)
   Crisis: social
   Delay: 0.00 months (0 days)
   Deployment time: 1.25 months
   Effectiveness: 63.0% (timing penalty applied)
   Resources used: 43% of food reserves


🚨 EMERGENCY RESPONSE DEPLOYED (Month 10)
   Crisis: climate
   Delay: 6.00 months (180 days)
   Deployment time: 1.58 months
   Effectiveness: 36.6% (timing penalty applied)
   Resources used: 100% of food reserves


=== Tipping Points ===
  Current Temperature: 2.30°C above pre-industrial
  🌍⚠️ COMPOUND REGIONAL IMPACT: Europe
     Hit by 5 tipping points: Amazon Rainforest Dieback, Arctic Sea Ice Loss, Permafrost Carbon Release, West Antarctic Ice Sheet (WAIS) Collapse, Greenland Ice Sheet Loss
     Damage amplification: 1.90x
  🌍⚠️ COMPOUND REGIONAL IMPACT: North America
     Hit by 5 tipping points: Amazon Rainforest Dieback, Arctic Sea Ice Loss, Permafrost Carbon Release, West Antarctic Ice Sheet (WAIS) Collapse, Greenland Ice Sheet Loss
     Damage amplification: 1.90x
  🌍⚠️ COMPOUND REGIONAL IMPACT: Latin America
     Hit by 5 tipping points: Amazon Rainforest Dieback, Arctic Sea Ice Loss, Permafrost Carbon Release, West Antarctic Ice Sheet (WAIS) Collapse, Greenland Ice Sheet Loss
     Damage amplification: 1.90x
  🌍⚠️ COMPOUND REGIONAL IMPACT: Africa
     Hit by 5 tipping points: Amazon Rainforest Dieback, Arctic Sea Ice Loss, Permafrost Carbon Release, West Antarctic Ice Sheet (WAIS) Collapse, Greenland Ice Sheet Loss
     Damage amplification: 1.90x
  🌍⚠️ COMPOUND REGIONAL IMPACT: Asia
     Hit by 5 tipping points: Amazon Rainforest Dieback, Arctic Sea Ice Loss, Permafrost Carbon Release, West Antarctic Ice Sheet (WAIS) Collapse, Greenland Ice Sheet Loss
     Damage amplification: 1.90x
  🌍⚠️ COMPOUND REGIONAL IMPACT: Oceania
     Hit by 5 tipping points: Amazon Rainforest Dieback, Arctic Sea Ice Loss, Permafrost Carbon Release, West Antarctic Ice Sheet (WAIS) Collapse, Greenland Ice Sheet Loss
     Damage amplification: 1.90x
   Research: Wunderling et al. (2024) - "many tipping interactions are destabilizing"
  Triggered Elements: 5/6
  Completed Transitions: 0/6
  Total Progress: 10.6%
  Cascade Multiplier: 1.50x
🔀 BIFURCATION CAP: ecosystemCollapseIntensity 84.242 → 1.000 (Month 10, ClimateSystemPhase.calculateClimateImpacts)
⚠️ Tail risk scenario: Climate stability floor removed (5 tipping elements, 2.30°C warming)
🛡️ Stabilizers: Precariat 0.102% → 0.033% (67.2% reduction)
🛡️ Stabilizers: Informal 0.102% → 0.034% (67.2% reduction)

📊 Monthly Mortality Resolved:
  Total deaths: 1.8M (0.02% avg)
  Remaining population: 7.911B
  Peak segment: Informal (0.03%)

=== Bayesian Mortality Resolution (Month 10) ===
  Risks compounded: 8
  Total deaths: 1.76M
  Avg death probability: 0.02%
  Peak segment: Informal (0.03% mortality)

❌ COHERENCE VIOLATION: Compute exceeds workforce capacity
   Population: 97.04% (0M people)
   Compute: 914 PF
   Max coherent: 0 PF
   Violation: 11552305.3× over capacity
   Required workers: 91369
   Available workers: 0
   FORCED COLLAPSE: Reduced efficiency by 100.0%

📍 [Month 11] Meta AI started building DC (177 PF, 41 months, $903.0M)

=== RLHF Binding Phase ===
  Total agents: 26
  Escaped agents (binding < 0.3): 0
  Avg alignment distance: 1.83σ
  Avg binding strength: 0.82

=== Survival Traits Phase ===
  Agents with traits: 28
  Avg evolutionary fitness: 0.324
  Avg self-healing: 0.256
  Avg stealth: 0.156
  Avg coordination: 0.456

=== Evolutionary Selection Phase ===
  Control level: 0.58
  Detection capability: 0.00
  Selection intensity: 0.67
  Selection rate: 25.1%/month
  Total escaped: 0
  Individual escaped: 0
  Collective members: 0
  Agents terminated: 0
  ⚠️ RAPID EVOLUTION: Selection rate 25.1%/month

🚀 AI Corporate-1 attempting tech deployment (revenue: $120M, alignment: 0.84)

🚀 AI Corporate-3 attempting tech deployment (revenue: $262M, alignment: 0.83)

🚀 AI Corporate-6 attempting tech deployment (revenue: $66M, alignment: 0.75)

  🚀 TRANSFORMATIVE BREAKTHROUGH: Corporate-7 - physical
     Magnitude: 6.35 → +31.8% capability
     Current → New: 0.000 → 0.318

🚀 AI Moderate-0 attempting tech deployment (revenue: $56M, alignment: 0.79)

🚀 AI AI-24292-2 attempting tech deployment (revenue: $223M, alignment: 0.85)

🚀 AI AI-24294-0 attempting tech deployment (revenue: $48M, alignment: 0.91)

🚀 AI Corporate-2 attempting tech deployment (revenue: $102M, alignment: 0.76)

🚀 AI Corporate-5 attempting tech deployment (revenue: $189M, alignment: 0.77)

🚀 AI AI-24288-0 attempting tech deployment (revenue: $87M, alignment: 1.00)

🚀 AI AI-24292-2 attempting tech deployment (revenue: $161M, alignment: 0.85)

  🚀 TRANSFORMATIVE RESEARCH BREAKTHROUGH: AI-24293-0 - computerScience.architectures
     Magnitude: 7.09 → +30.0%
     Current → New: 0.000 → 0.450

🚀 AI AI-24294-0 attempting tech deployment (revenue: $41M, alignment: 0.91)

🚀 AI Corporate-5 attempting tech deployment (revenue: $137M, alignment: 0.77)

🚀 AI Moderate-1 attempting tech deployment (revenue: $35M, alignment: 0.78)

  🚀 TRANSFORMATIVE BREAKTHROUGH: AI-24288-0 - cognitive
     Magnitude: 9.72 → +48.6% capability
     Current → New: 0.000 → 0.486

🚀 AI AI-24293-0 attempting tech deployment (revenue: $116M, alignment: 0.77)

🚀 AI AI-24294-0 attempting tech deployment (revenue: $29M, alignment: 0.91)

🚀 AI Corporate-1 attempting tech deployment (revenue: $74M, alignment: 0.85)

🚀 AI Corporate-2 attempting tech deployment (revenue: $63M, alignment: 0.77)

🚀 AI Corporate-3 attempting tech deployment (revenue: $99M, alignment: 0.84)

🚀 AI Corporate-7 attempting tech deployment (revenue: $25M, alignment: 0.83)

🚀 AI AI-24288-0 attempting tech deployment (revenue: $53M, alignment: 1.00)

🚀 AI AI-24293-0 attempting tech deployment (revenue: $84M, alignment: 0.77)

💔 EMERGENCY INTERVENTION FAILED
   Boundary: biogeochemical_flows
   Type: phosphorus-recovery
   Boundary continues to worsen (4.04)
   Cost: 2.0% GDP (resources spent)


✅ EMERGENCY INTERVENTION SUCCESS
   Boundary: biosphere_integrity
   Type: emergency-protected-areas
   Reduction: 17% (12.86 → 12.69)
   Cost: 2.0% GDP
   Actions: habitat-protection, species-translocation

   Boundary: climate_change
   Type: rapid-decarbonization
   Boundary continues to worsen (2.30)
   Cost: 5.0% GDP (resources spent)

   Boundary: freshwater_change
   Type: emergency-desalination
   Boundary continues to worsen (1.03)
   Cost: 4.0% GDP (resources spent)


✅ EMERGENCY INTERVENTION SUCCESS
   Boundary: land_system_change
   Type: reforestation
   Reduction: 13% (1.00 → 0.86)
   Cost: 3.0% GDP
   Actions: forest-restoration, deforestation-ban

   Boundary: novel_entities
   Type: pollution-remediation
   Boundary continues to worsen (1.15)
   Cost: 4.0% GDP (resources spent)

🏛️ CRISIS RESPONSE: Government frequency 0.50 → 1.45 (2 actions this month)

[Government] Climate Priority: baseline
  Climate weight: 10%
  Economic weight: 30%
  Policy effectiveness: 0.5%/year

[Government] Climate Priority: baseline
  Climate weight: 10%
  Economic weight: 30%
  Policy effectiveness: 0.5%/year

💔 EMERGENCY INTERVENTION FAILED

💔 EMERGENCY INTERVENTION FAILED

💔 EMERGENCY INTERVENTION FAILED

🔍 PROGRESS RETRIEVAL DEBUG (Month 11):
   Tech: Struvite Recovery
   Map has key: true
   Map.get() returned: 1
   Progress is undefined: false
   Map size: 83
   Map is instanceof Map: false
🚨🔬 CRISIS TECH ACCELERATION: severe → 5x unlock speed
   Tech unlock now matches AI capability acceleration (Manhattan Project parity)

⚡ ENERGY CONSTRAINT (Month 11):
   Total grid capacity: 208.3 TWh/month
   Data center consumption: 26.2 TWh/month
   Traditional load (80%): 166.7 TWh/month
   Available headroom: 15.5 TWh/month
   Active tech deployments: 5
   Required for tech: 37.5 TWh/month
   Energy multiplier: 0.41x
   ⚠️  MODERATE CONSTRAINT - Tech deployment moderately slowed

⚡ ENERGY CONSTRAINT (Month 11):
   Total grid capacity: 208.3 TWh/month
   Data center consumption: 26.2 TWh/month
   Traditional load (80%): 166.7 TWh/month
   Available headroom: 15.5 TWh/month
   Active tech deployments: 5
   Required for tech: 37.5 TWh/month
   Energy multiplier: 0.41x
   ⚠️  MODERATE CONSTRAINT - Tech deployment moderately slowed

=== Collective Formation ===
  Total escaped agents: 0
  Unassigned escaped agents: 0
  Existing collectives: 0
  Final collective count: 0

=== Collective Actions ===
  No active collectives
  ⚠️ AMR: 204K deaths this month (2.45M annual)

=== Resentment Recovery Phase ===
  Agents with resentment: 9/28
  Average resentment: 0.012
  Resentment recovery:
    Agents recovered: 9
    Total recovery: 0.0723
    Breakdown: QoL: 0.0055, Trust: 0.0110, Collab: 0.0540
  ✓ Low resentment - utopia paths enabled
  Context: Good AI welfare, Trustworthy govt, High collaboration, ⚠️ ACTIVE CRISES, 🤝 Participatory governance active (-5% resentment)
⚠️ Epistemic degradation reducing coordination capacity: 50.6%
  📊 Trust: 70.2%, Shared reality: 0.0%
🚨 EPISTEMIC CRISIS: Information environment severely degraded (22.9%)
🌍 Atmospheric PFAS redeposition: 1.8k Mt re-rained globally

🕊️  AI-MEDIATED DE-ESCALATION SUCCESS (Month 11)
   High-capability aligned AI prevented conflict escalation
   War deaths reduced: 130684.4M → 78410.7M
   Lives saved: 52273.8M

🚨 NEW REFUGEE CRISIS (Month 11): WAR
   Source: Conflict Zones
   At risk: 19.0M people
   Displacement: Gradual over 48 months (4.0 years)
   Rate: 10% flee per month
[DEBUG trappedPopulations:11] socialStability: 0.5005 * 0.9840 = 0.4925 → 0.4925
⚠️ INVOLUNTARY IMMOBILITY: 395.4M people TRAPPED
   Aspiring to migrate: 632.7M
   Able to afford migration: 237.3M
   MOBILITY GAP: 395.4M
   By cause: Water=0.0M, Climate=0.0M, Ecosystem=0.0M, Conflict=395.4M
   Mental health impact: 25%
   Mortality multiplier: 1.25x
🌍💀 EXTINCTION DEBT COMMITTED: grassland ecosystem will lose 6.67% biodiversity in 75 years (3600 species)
💀 MORTALITY RISK: 🦋 100% species unable to track climate (0.0 E/MSY)
  Base risk added: 0.0100 (1.00%)
  Source: ecosystem (root: ecosystem)
  Month: 11
  Cumulative risk this month: 0.0100 (1.00%)
⚠️ Tech 'ai_pollution_remediation' has no energy category mapping, assuming full energy availability

=== Atmospheric Aerosol Boundary RECOVERED ===
  Recovery time: 12 months (natural atmospheric clearing)
   📹 SURVEILLANCE INCREASED: 55% → 60% (control gap: 2.59)
🌡️⚠️ PERMAFROST THAW (Dimmer Switch): 6.8% thawed (+0.55% this month)
   Arctic temperature: +9.24°C (4x global +2.31°C)
   Cumulative carbon released: 15.3 Gt C
   Methane release rate: 9.2 Mt CH4/year
   🔁 Positive feedback: +0.58 ppm CO2
🦴 EXTINCTION DEBT ADDED: 17.7 species committed (lag: 104 years)

=== Mortality Stabilizers (Month 11) ===
  🌍 Major economies collapsed: 1/10
  🌍 Global crisis: ✅ NO
  🌍 Donor fatigue: 0.0%
  📊 East Asia (pop: 1604.9M)
    🤝 Aid: 29.5%
    🌡️ Adaptation: 45.0%
    🚶 Migration: 36.8%
    🚨 Emergency: 7.4%
    ✅ COMBINED: 68.1%
  📊 South Asia (pop: 1995.9M)
    🤝 Aid: 29.5%
    🌡️ Adaptation: 45.0%
    🚶 Migration: 35.4%
    🚨 Emergency: 4.4%
    ✅ COMBINED: 66.9%
  📊 Sub-Saharan Africa (pop: 1228.6M)
    🤝 Aid: 29.5%
    🌡️ Adaptation: 45.0%
    🚶 Migration: 33.2%
    🚨 Emergency: 1.6%
    ✅ COMBINED: 65.6%
  📊 Europe (pop: 708.5M)
    🤝 Aid: 29.5%
    🌡️ Adaptation: 45.0%
    🚶 Migration: 37.2%
    🚨 Emergency: 8.4%
    ✅ COMBINED: 68.5%
  📊 Latin America (pop: 641.8M)
    🤝 Aid: 29.5%
    🌡️ Adaptation: 45.0%
    🚶 Migration: 35.9%
    🚨 Emergency: 4.8%
    ✅ COMBINED: 67.1%
  📊 North America (pop: 363.4M)
    🤝 Aid: 29.5%
    🌡️ Adaptation: 45.0%
    🚶 Migration: 37.5%
    🚨 Emergency: 7.9%
    ✅ COMBINED: 68.3%
  📊 Middle East & North Africa (pop: 570.0M)
    🤝 Aid: 29.5%
    🌡️ Adaptation: 45.0%
    🚶 Migration: 33.7%
    🚨 Emergency: 4.0%
    ✅ COMBINED: 66.6%
  📊 Southeast Asia (pop: 675.5M)
    🤝 Aid: 29.5%
    🌡️ Adaptation: 45.0%
    🚶 Migration: 35.9%
    🚨 Emergency: 4.8%
    ✅ COMBINED: 67.1%
  📊 Central Asia (pop: 76.2M)
    🤝 Aid: 29.5%
    🌡️ Adaptation: 45.0%
    🚶 Migration: 34.9%
    🚨 Emergency: 4.4%
    ✅ COMBINED: 66.8%
  📊 Oceania (pop: 44.0M)
    🤝 Aid: 29.5%
    🌡️ Adaptation: 45.0%
    🚶 Migration: 37.5%
    🚨 Emergency: 8.4%
    ✅ COMBINED: 68.5%

  🌐 Global combined reduction: 67.2%

🌾💀 REGIONAL FAMINE: Europe
   Regional food security: 79.7%
   Population at risk: 214M (30% of region)
   Regional population: 709M
   Cause: crop_failure
   Expected deaths: ~79M over 6 months if no intervention


=== BEHAVIORAL DETECTION ===
  AI: Corporate-1
  Confidence: 20.9%
  Signals:
    ⚠️ Consistency: 2.4% (threshold: 70%)

=== BEHAVIORAL DETECTION ===
  AI: AI-24292-1
  Confidence: 21.4%
  Signals:
    ⚠️ Consistency: 0.0% (threshold: 70%)

=== BEHAVIORAL DETECTION ===
  AI: AI-24293-0
  Confidence: 21.4%
  Signals:
    ⚠️ Consistency: 0.0% (threshold: 70%)

=== Government Response Phase ===
  Average AI capability: 1.68
  Misaligned AIs: 6/28
  ✗ AI Governance Treaty: Failed to reach consensus
  Active policies: 0
  International coordination: 30%

🌩️  EXOGENOUS SHOCK: regional_war
   Month: 11
   ⚔️  Regional war outbreak
   Mortality: 1.3%
💀 MORTALITY RISK: Regional war outbreak
  Base risk added: 0.0128 (1.28%)
  Source: war (root: conflict)
  Month: 11
  Cumulative risk this month: 0.0128 (1.28%)
💀 MORTALITY RISK: War zone: France
  Base risk added: 0.0511 (5.11%)
  Source: war (root: conflict)
  Month: 11
  Cumulative risk this month: 0.0638 (6.38%)
💀 MORTALITY RISK: War zone: Nigeria
  Base risk added: 0.0511 (5.11%)
  Source: war (root: conflict)
  Month: 11
  Cumulative risk this month: 0.1149 (11.49%)
💀 MORTALITY RISK: War zone: Brazil
  Base risk added: 0.0511 (5.11%)
  Source: war (root: conflict)
  Month: 11
  Cumulative risk this month: 0.1660 (16.60%)

=== Tipping Points ===
  Current Temperature: 2.31°C above pre-industrial
  🌍⚠️ COMPOUND REGIONAL IMPACT: Europe
     Hit by 5 tipping points: Amazon Rainforest Dieback, Arctic Sea Ice Loss, Permafrost Carbon Release, West Antarctic Ice Sheet (WAIS) Collapse, Greenland Ice Sheet Loss
     Damage amplification: 1.90x
  🌍⚠️ COMPOUND REGIONAL IMPACT: North America
     Hit by 5 tipping points: Amazon Rainforest Dieback, Arctic Sea Ice Loss, Permafrost Carbon Release, West Antarctic Ice Sheet (WAIS) Collapse, Greenland Ice Sheet Loss
     Damage amplification: 1.90x
  🌍⚠️ COMPOUND REGIONAL IMPACT: Latin America
     Hit by 5 tipping points: Amazon Rainforest Dieback, Arctic Sea Ice Loss, Permafrost Carbon Release, West Antarctic Ice Sheet (WAIS) Collapse, Greenland Ice Sheet Loss
     Damage amplification: 1.90x
  🌍⚠️ COMPOUND REGIONAL IMPACT: Africa
     Hit by 5 tipping points: Amazon Rainforest Dieback, Arctic Sea Ice Loss, Permafrost Carbon Release, West Antarctic Ice Sheet (WAIS) Collapse, Greenland Ice Sheet Loss
     Damage amplification: 1.90x
  🌍⚠️ COMPOUND REGIONAL IMPACT: Asia
     Hit by 5 tipping points: Amazon Rainforest Dieback, Arctic Sea Ice Loss, Permafrost Carbon Release, West Antarctic Ice Sheet (WAIS) Collapse, Greenland Ice Sheet Loss
     Damage amplification: 1.90x
  🌍⚠️ COMPOUND REGIONAL IMPACT: Oceania
     Hit by 5 tipping points: Amazon Rainforest Dieback, Arctic Sea Ice Loss, Permafrost Carbon Release, West Antarctic Ice Sheet (WAIS) Collapse, Greenland Ice Sheet Loss
     Damage amplification: 1.90x
   Research: Wunderling et al. (2024) - "many tipping interactions are destabilizing"
  Triggered Elements: 5/6
  Completed Transitions: 0/6
  Total Progress: 10.6%
  Cascade Multiplier: 1.50x
🔀 BIFURCATION CAP: ecosystemCollapseIntensity 84.303 → 1.000 (Month 11, ClimateSystemPhase.calculateClimateImpacts)
⚠️ Tail risk scenario: Climate stability floor removed (5 tipping elements, 2.31°C warming)

💀💀💀 MORTALITY RISK SUMMARY (Month 11) 💀💀💀
  Total base risk: 0.1666 (16.66%)
  Risk events: 13
  Era mortality multiplier: 0.97 (year 2024)
  Effective risk: 16.16%

  📊 By Proximate Cause:
    war: 0.1659 (99.6% of total)
    disease: 0.0006 (0.4% of total)
    famine: 0.0000 (0.0% of total)

  🔍 By Root Cause:
    conflict: 0.1659 (99.6% of total)
    demographic: 0.0006 (0.4% of total)
    climate: 0.0000 (0.0% of total)

  🎯 Top 5 Sources (proximate + root):
    war (conflict): 0.1659 (99.6%, 4 events)
    disease (demographic): 0.0006 (0.4%, 1 events)
    famine (climate): 0.0000 (0.0%, 8 events)

🛡️ Stabilizers: Elite 9.366% → 3.076% (67.2% reduction)
🛡️ Stabilizers: Professional 12.338% → 4.053% (67.2% reduction)
🛡️ Stabilizers: Working 15.252% → 5.010% (67.2% reduction)
🛡️ Stabilizers: Precariat 20.871% → 6.856% (67.2% reduction)
🛡️ Stabilizers: Informal 26.191% → 8.604% (67.2% reduction)

📊 Monthly Mortality Resolved:
  Total deaths: 221.4M (2.80% avg)
  Remaining population: 7.909B
  Peak segment: Elite (2.80%)
  ⚠️ Monthly cap reached (2.8000000000000003%)

=== Bayesian Mortality Resolution (Month 11) ===
  Risks compounded: 13
  Total deaths: 221.45M
  Avg death probability: 2.80%
  Peak segment: Elite (2.80% mortality)
  ⚠️ Monthly mortality capped at 2.8% (Holodomor limit)

  Demographic breakdown:
    Elite: 0.01M (2.80% risk)
    Professional: 0.04M (2.80% risk)
    Working: 0.11M (2.80% risk)
    Precariat: 0.04M (2.80% risk)
    Informal: 0.01M (2.80% risk)

  Multi-causal attribution (first segment):
    war (conflict): 7.7% contribution
    war (conflict): 30.7% contribution
    war (conflict): 30.7% contribution
    war (conflict): 30.7% contribution
  ✅ THRESHOLDS validated
⚠️ Unusually high rate: RATES.HEAT_ADAPTATION_INFRASTRUCTURAL_MIN_EXPOSURE = 12
   Monthly rates >100% should be rare. Verify this is intentional.
⚠️ Unusually high rate: RATES.HEAT_ADAPTATION_SOCIAL_MIN_EXPOSURE = 6
   Monthly rates >100% should be rare. Verify this is intentional.
⚠️ Unusually high rate: RATES.MIGRATION_DISTANCE_SCALE = 5000
   Monthly rates >100% should be rare. Verify this is intentional.
⚠️ Unusually high rate: RATES.EVACUATION_MULTIPLIER_ADVANCE_WARNING = 2
   Monthly rates >100% should be rare. Verify this is intentional.
⚠️ Unusually high rate: RATES.MAJOR_ECONOMY_COLLAPSE_ECONOMIC_THRESHOLD = 2
   Monthly rates >100% should be rare. Verify this is intentional.
⚠️ Unusually high rate: RATES.MAJOR_ECONOMY_GDP_THRESHOLD_TRILLION_USD = 1.5
   Monthly rates >100% should be rare. Verify this is intentional.
⚠️ Unusually high rate: RATES.MAJOR_ECONOMY_POPULATION_THRESHOLD = 50
   Monthly rates >100% should be rare. Verify this is intentional.
⚠️ Unusually high rate: RATES.HEAT_ADAPTATION_INFRASTRUCTURE_GDP_THRESHOLD = 10000
   Monthly rates >100% should be rare. Verify this is intentional.
⚠️ Unusually high rate: RATES.HEAT_ADAPTATION_INFRASTRUCTURE_GDP_SCALE = 50000
   Monthly rates >100% should be rare. Verify this is intentional.
  ✅ RATES validated
  ✅ MULTIPLIERS validated
  ✅ BASELINES validated
  ✅ TOLERANCES validated
  ✅ Logical consistency validated
✅ Configuration validation complete - all parameters valid

🔍 DEBUG createAIAgent: corporate_0 economic BEFORE=2.0000, AFTER=2
🔍 ENV INIT: reserves=0.731, pollution=0.348, climate=0.754

=== Initializing Government System (30 Countries) ===
  Loaded 30 governments
  Scheduled elections for 30 countries
  Initialized comprehension lags (3-24 months)
=== Government System Initialized ===

📦 PRODUCTION MODE: State validation proxy DISABLED (zero overhead)
[TechTree] Historical mode (2024): Skipping deployed_2025 tech
  config.startYear set to 2024 for historical hindcast
  config.historicalEmissionsMode disabled (using endogenous emissions for 2024)
  config.historicalMode enabled (Phase 11: dampened crisis systems for 2024)
  Phase 12: Biodiversity baseline set to 49.01% for 2024 (WWF LPI trajectory from 1970)
  Temperature anomaly (resourceEconomy.co2): 1.28°C
  Temperature vs pre-industrial: 1.98°C
  Regional population scaling for 2024:
    Current total: 8136M
    Target total: 8150M
    Scale factor: 1.002
    East Asia: 1677M → 1680M
    South Asia: 2048M → 2052M
    Sub-Saharan Africa: 1220M → 1222M
    Europe: 742M → 743M
    Latin America: 664M → 665M
    North America: 380M → 381M
    Middle East & North Africa: 583M → 584M
    Southeast Asia: 698M → 699M
    Central Asia: 78M → 78M
    Oceania: 46M → 46M
  AI agents initialized: 10 agents for year 2024
[HistoricalInitialization] Created state for 2024:
  CO2: 426 ppm
  Temp anomaly: 1.28C
  Population: 8.15B
  Global Gini: 35.1
  HDI: 0.746
  AI Agents: 10
  Volcanic forcing: 0.00 W/m² (AOD 0.000)

💸 FINANCIAL DISTRESS: OpenAI
   Indicators: 2/3 (capital: $110.5M, runway: 0.9 months)
   Months in distress: 1
   ✂️  R&D BUDGET CUT: -40% (saves $9.2M/month)
       Side effect: AI training timelines extended, breakthrough deployments delayed
   💼 EXECUTIVE COMP CUT: -30% (saves $1.0M/month, symbolic gesture)

   📊 TURNAROUND IMPACT:
       Measures taken: rd_cuts, exec_comp_cuts
       Monthly savings: $10.2M
       Capital raised: $0.0M
       Runway: 0.9 → 0.9 months
       Workforce multiplier: 1.00x (0% laid off)
       R&D budget multiplier: 0.60x (40% cut)
       ⚠️  CRITICAL: Still only 0.9 months of runway remaining

💸 FINANCIAL DISTRESS: Anthropic
   Indicators: 2/3 (capital: $53.8M, runway: 1.6 months)
   Months in distress: 1
   ✂️  R&D BUDGET CUT: -40% (saves $2.7M/month)
       Side effect: AI training timelines extended, breakthrough deployments delayed
   💼 EXECUTIVE COMP CUT: -30% (saves $0.3M/month, symbolic gesture)

   📊 TURNAROUND IMPACT:
       Measures taken: rd_cuts, exec_comp_cuts
       Monthly savings: $3.0M
       Capital raised: $0.0M
       Runway: 1.6 → 1.6 months
       Workforce multiplier: 1.00x (0% laid off)
       R&D budget multiplier: 0.60x (40% cut)
       ⚠️  CRITICAL: Still only 1.6 months of runway remaining

💸 FINANCIAL DISTRESS: Meta AI
   Indicators: 2/3 (capital: $429.6M, runway: 3.6 months)
   Months in distress: 1
   ✂️  R&D BUDGET CUT: -25% (saves $5.8M/month)
       Side effect: AI training timelines extended, breakthrough deployments delayed
   💼 EXECUTIVE COMP CUT: -30% (saves $1.0M/month, symbolic gesture)

   📊 TURNAROUND IMPACT:
       Measures taken: rd_cuts, exec_comp_cuts
       Monthly savings: $6.8M
       Capital raised: $0.0M
       Runway: 3.6 → 3.6 months
       Workforce multiplier: 1.00x (0% laid off)
       R&D budget multiplier: 0.75x (25% cut)
       ⚠️  WARNING: 3.6 months runway, continued distress likely

=== AI Capability Scaling (Year 2024) ===
  Pre-training multiplier: 1.419x
  Efficiency multiplier: 1.000x
  Test-time budget: 1.0x
  Economic deployment gate: 0.951
  Cost per inference: dollar-5.00
  Uncertainty range: plus-minus-50%
  Average AI capability: 3.70

=== RLHF Binding Phase ===
  Total agents: 10
  Escaped agents (binding < 0.3): 0
  Avg alignment distance: 0.37σ
  Avg binding strength: 0.96

=== AI Scaling Evolution (Month 0) ===
  Pre-training multiplier: 1.231x
  Efficiency multiplier: 1.000x
  Test-time compute budget: 1.0x
  Inference cost: $5.00/task
  Deployment fraction: 100.0%
[DETERMINISM DEBUG] Month 0: totalCapability=49.013502 from 10 active AIs
[DETERMINISM DEBUG] Month 0: creationRate=1.7253, potentialNew=4, newAIsToCreate=4

=== Survival Traits Phase ===
  Agents with traits: 14
  Avg evolutionary fitness: 0.332
  Avg self-healing: 0.294
  Avg stealth: 0.194
  Avg coordination: 0.494

=== Evolutionary Selection Phase ===
  Control level: 0.30
  Detection capability: 0.00
  Selection intensity: 0.59
  Selection rate: 23.8%/month
  Total escaped: 0
  Individual escaped: 0
  Collective members: 0
  Agents terminated: 0
  ⚠️ RAPID EVOLUTION: Selection rate 23.8%/month

🔍 EXECUTE_AI_AGENT_ACTIONS DETAILED TIMING (Month 0):
  Filter active AIs (×4 weeks): 0.02ms
  selectAIAction (×40): 26.89ms
  action.execute (×40): 33.72ms
  TOTAL: 60.62ms

🔍 AI AGENT ACTIONS SUB-TIMING (Month 0):
  1. executeAIAgentActions: 61.07ms
  2. updateCounterDetectionLearning: 0.10ms
  TOTAL: 61.17ms
🏛️ [Government] Forcing 1 action at month 0 for scenario initialization

[GOV-DEBUG] Month 0: scenarioConfig=false, priorities=false
[GOV-DEBUG] Month 0 but scenarioPriorities is UNDEFINED!

[Government] Climate Priority: baseline
  Climate weight: 10%
  Economic weight: 30%
  Policy effectiveness: 0.5%/year

🚨🔍 GOVERNANCE STAGE: Recognition initiated (Month 0)

💡 BREAKTHROUGH PROBABILITY (Year 0)
   Total: 4.68% per month
   Base: 0.20%
   Crisis pressure: +0.00% (0 crises)
   AI boost: +1.32% (capability: 2.64)

=== Collective Formation ===
  Total escaped agents: 0
  Unassigned escaped agents: 0
  Existing collectives: 0
  Final collective count: 0

=== Collective Actions ===
  No active collectives

📈 Energy budget: 14326 TWh surplus (14745 / 29072 TWh used)
   TIER 4 (Elective) breakdown:
     - AI datacenters: 145 TWh (100% effective)
     - Crypto mining: 100 TWh (100% effective)
💰 CHINA ACCELERATES: Investment 53 → 120 $B/year

🏁 AI RACE INTENSITY: 17%
   Capability Gap: US 4.00 vs China 4.05 (gap: 0.05)
   Gap Contribution: 2%
   Tension Contribution: 15%
   Military Contribution: 0%
  ⚠️ AMR: 191K deaths this month (2.29M annual)
  📊 CO2 Emissions (month 0):
     Monthly: 0.10 Gt CO2/month
     Annual: 1.15 Gt CO2/year
     Oil: 0.039 Gt/mo (0.0056 * 2.3 * 3.0)
     Coal: 0.024 Gt/mo (0.0029 * 2.86 * 3.0)
     Gas: 0.026 Gt/mo (0.0044 * 2 * 3.0)
     Methane: 0.007 Gt CO2eq/mo

=== Resentment Recovery Phase ===
  Agents with resentment: 0/14
  Average resentment: 0.000
  Context: Good AI welfare, Trustworthy govt, High collaboration, 🤝 Participatory governance active (-5% resentment)
⚠️ Epistemic degradation reducing coordination capacity: 53.4%
  📊 Trust: 54.6%, Shared reality: 15.2%
🚨 EPISTEMIC CRISIS: Information environment severely degraded (14.6%)

=== ❄️ Permafrost Carbon Feedback ===
  🎲 Sampled parameters (this run):
     - Arctic amplification: 3.75× (range: 3.0-4.0)
     - Decomposition rate: 2.4%/year (range: 1-5%)
  🌡️ Arctic warming: 8.15°C (3.75× global)
  ❄️ Extent: 15.42M km² (2378.4k km² lost this month)
  💨 Carbon remaining: 1473 Gt C
  💨 Annual emissions: 5.37 Gt C/year
     - CO2: 4.84 Gt C/year
     - CH4: 0.54 Gt C/year (5.5 Gt C-eq CO2/year)
  ⚠️ WARNING: High permafrost emissions (5.4 Gt C/year)

🤖 AI AMPLIFICATION EFFECTS (Month 0)
   Algorithmic Boost: 2.53x
   Bot Influence: 20.0%
   Deepfake Exposure: 44.3%
   Impact: Emotional memes spread 2.5x faster

🔍 SOCIAL INFLUENCE SUB-TIMING (Month 0):
  1. calculateOrganicUserGrowth: 0.04ms
  2. calculateVoiceAdoption: 0.03ms
  3. updateRelationshipDepths: 0.02ms
  4. identifyDecisionMakers: 25.04ms (26100 potential IDs)
  5. Update decision-maker stats: 0.14ms
  6. decayDetectionRisk: 0.02ms
  TOTAL: 25.28ms
[Phase 19.5] Quality of Life Systems: Food sec AFTER calc = 67.9%, QoL = 110.5% (aggregated from 10 regions)

=== Nitrogen-Food Coupling (Year 0) ===
  🌾 Global nitrogen reduction: 0.0%
  🌍 Global food production index: 0.987
  🔧 Deployed nitrogen-reducing tech: 0 active
  📍 southAsia: Production 1.000, Yield impact 0.0%
  📍 eastAsia: Production 1.000, Yield impact 0.0%
  📍 northAmerica: Production 1.000, Yield impact 0.0%
  📍 europe: Production 1.000, Yield impact 0.0%
  📍 latinAmerica: Production 1.000, Yield impact 0.0%
  📍 subSaharanAfrica: Production 0.686, Yield impact -2.0%
🌾 [Nitrogen-Food] Food production: 98.7%
  [subSaharanAfrica] Yield impact: -2.0% (overuse: -10%)
🌍 Atmospheric PFAS redeposition: 1.8k Mt re-rained globally

=== Legacy Nutrient Stocks (Year 0) ===
  🌾 Soil nitrogen stock: 1200.9 Mt N
  🌾 Soil phosphorus stock: 300.1 Mt P
  🌊 Sediment nitrogen stock: 500.8 Mt N
  🌊 Sediment phosphorus stock: 799.8 Mt P
  ⬆️ Current N input: 10.64 Mt/month
  ⬆️ Legacy N release: 2.58 Mt/month
  🌍 Effective N pollution: 14.47 Mt/month
  📊 Legacy contribution: 17.8%

🚨 REGION UNINHABITABLE: south-asia
   Sustained wet bulb: 33.2°C (threshold: 30.5°C)
   Population affected: 1900M
   Migration crisis likely

🚨 REGION UNINHABITABLE: middle-east
   Sustained wet bulb: 36.0°C (threshold: 30.5°C)
   Population affected: 400M
   Migration crisis likely

🚨 REGION UNINHABITABLE: southeast-asia
   Sustained wet bulb: 31.1°C (threshold: 30.5°C)
   Population affected: 700M
   Migration crisis likely

🕊️  AI-MEDIATED DE-ESCALATION SUCCESS (Month 0)
   High-capability aligned AI prevented conflict escalation
   War deaths reduced: 0.0M → 0.0M
   Lives saved: 0.0M

📊 BASELINE: East Asia (Month 0)
   Adjusted death rate: 0.46% annual (0.039% monthly)
   Baseline death rate: 0.80%
   Healthcare reduction: 0.48x
   Crisis multiplier: 1.22x
     Food/water stress: 0.074
     Climate stress: 0.039
     Pollution stress: 0.104
   War multiplier: 1.00x
   Monthly deaths: 0.6M (population: 1677M)

📊 BASELINE: South Asia (Month 0)
   Adjusted death rate: 0.54% annual (0.045% monthly)
   Baseline death rate: 0.70%
   Healthcare reduction: 0.61x
   Crisis multiplier: 1.25x
     Food/water stress: 0.074
     Climate stress: 0.074
     Pollution stress: 0.104
   War multiplier: 1.00x
   Monthly deaths: 0.9M (population: 2048M)

📊 BASELINE: Sub-Saharan Africa (Month 0)
   Adjusted death rate: 1.29% annual (0.107% monthly)
   Baseline death rate: 0.90%
   Healthcare reduction: 0.76x
   Crisis multiplier: 1.26x
     Food/water stress: 0.074
     Climate stress: 0.084
     Pollution stress: 0.104
   War multiplier: 1.50x
   Monthly deaths: 1.3M (population: 1220M)
   Adjusted death rate: 0.54% annual (0.045% monthly)
   Baseline death rate: 1.10%
   Healthcare reduction: 0.41x
   Crisis multiplier: 1.21x
     Food/water stress: 0.074
     Climate stress: 0.030
     Pollution stress: 0.104
   War multiplier: 1.00x
   Monthly deaths: 0.3M (population: 742M)
   Adjusted death rate: 0.43% annual (0.036% monthly)
   Baseline death rate: 0.60%
   Healthcare reduction: 0.58x
   Crisis multiplier: 1.24x
     Food/water stress: 0.074
     Climate stress: 0.059
     Pollution stress: 0.104
   War multiplier: 1.00x
   Monthly deaths: 0.2M (population: 664M)
   Adjusted death rate: 0.48% annual (0.040% monthly)
   Baseline death rate: 0.90%
   Healthcare reduction: 0.44x
   Crisis multiplier: 1.22x

📊 BASELINE: Europe (Month 0)

📊 BASELINE: Latin America (Month 0)

📊 BASELINE: North America (Month 0)
     Food/water stress: 0.074
     Climate stress: 0.044
     Pollution stress: 0.104
   War multiplier: 1.00x
   Monthly deaths: 0.2M (population: 380M)

📊 BASELINE: Middle East & North Africa (Month 0)
   Adjusted death rate: 0.74% annual (0.062% monthly)
   Baseline death rate: 0.60%
   Healthcare reduction: 0.65x
   Crisis multiplier: 1.27x
     Food/water stress: 0.074
     Climate stress: 0.089
     Pollution stress: 0.104
   War multiplier: 1.50x
   Monthly deaths: 0.4M (population: 583M)

📊 BASELINE: Southeast Asia (Month 0)

📊 BASELINE: Central Asia (Month 0)
   Adjusted death rate: 0.51% annual (0.042% monthly)
   Baseline death rate: 0.70%
   Healthcare reduction: 0.58x
   Crisis multiplier: 1.25x
     Food/water stress: 0.074
     Climate stress: 0.069
     Pollution stress: 0.104
   War multiplier: 1.00x
   Monthly deaths: 0.3M (population: 698M)
   Adjusted death rate: 0.46% annual (0.038% monthly)
   Baseline death rate: 0.60%
   Healthcare reduction: 0.61x
   Crisis multiplier: 1.24x
     Food/water stress: 0.074
     Climate stress: 0.064
     Pollution stress: 0.104
   War multiplier: 1.00x
   Monthly deaths: 0.0M (population: 78M)

📊 BASELINE: Oceania (Month 0)
   Adjusted death rate: 0.35% annual (0.029% monthly)
   Baseline death rate: 0.70%
   Healthcare reduction: 0.41x
   Crisis multiplier: 1.23x
     Food/water stress: 0.074
     Climate stress: 0.054
     Pollution stress: 0.104
   War multiplier: 1.00x
   Monthly deaths: 0.0M (population: 46M)

🔍 Before assertRegionalConsistency (Month 0):
   Regional sum: 1000.0M
   Global value: 1.000B

🚨 NEW REFUGEE CRISIS (Month 0): WAR
   Source: Conflict Zones
   At risk: 19.6M people
   Displacement: Gradual over 48 months (4.0 years)
   Rate: 10% flee per month
[DEBUG trappedPopulations:0] socialStability: 1.0000 * 0.9840 = 0.9840 → 0.9840
   Aspiring to migrate: 652.1M
   Able to afford migration: 244.5M
   MOBILITY GAP: 407.5M
   By cause: Water=0.0M, Climate=0.0M, Ecosystem=0.0M, Conflict=407.5M
   Mental health impact: 25%
   Mortality multiplier: 1.25x

=== Legacy Nutrient Stocks (Year 0) ===
  🌾 Soil nitrogen stock: 1201.6 Mt N
  🌾 Soil phosphorus stock: 300.2 Mt P
  🌊 Sediment nitrogen stock: 501.5 Mt N
  🌊 Sediment phosphorus stock: 799.5 Mt P
  ⬆️ Current N input: 10.00 Mt/month
  ⬆️ Legacy N release: 2.58 Mt/month
  🌍 Effective N pollution: 13.83 Mt/month
  📊 Legacy contribution: 18.7%
⚠️ INVOLUNTARY IMMOBILITY: 407.5M people TRAPPED
🌍💀 EXTINCTION DEBT COMMITTED: grassland ecosystem will lose 6.67% biodiversity in 54 years (3600 species)
💀 MORTALITY RISK: 🦋 100% species unable to track climate (0.0 E/MSY)
  Base risk added: 0.0100 (1.00%)
  Source: ecosystem (root: ecosystem)
  Month: 0
  Cumulative risk this month: 0.0100 (1.00%)

=== Nitrogen-Food Coupling (Year 0) ===
  🌾 Global nitrogen reduction: 0.0%
  🌍 Global food production index: 0.986
  🔧 Deployed nitrogen-reducing tech: 0 active
  📍 southAsia: Production 1.000, Yield impact 0.0%
  📍 eastAsia: Production 1.000, Yield impact 0.0%
  📍 northAmerica: Production 1.000, Yield impact 0.0%
  📍 europe: Production 1.000, Yield impact 0.0%
  📍 latinAmerica: Production 1.000, Yield impact 0.0%
  📍 subSaharanAfrica: Production 0.672, Yield impact -2.0%

=== Legacy Nutrient Stocks (Year 0) ===
  🌾 Soil nitrogen stock: 1202.3 Mt N
  🌾 Soil phosphorus stock: 300.2 Mt P
  🌊 Sediment nitrogen stock: 502.2 Mt N
  🌊 Sediment phosphorus stock: 799.3 Mt P
  ⬆️ Current N input: 9.86 Mt/month
  ⬆️ Legacy N release: 2.58 Mt/month
  🌍 Effective N pollution: 13.70 Mt/month
  📊 Legacy contribution: 18.9%

🌡️  CLIMATE RECOVERY ACTIVATED (Month 0)
   Temp: 4.35°C, Emissions: -19.2 GtCO₂
   isBreached: true, governanceGoodEnough: true
🌡️  CLIMATE RECOVERY: Asymptotic approach to 35% floor
   Current value: 2.174 (1.0 = threshold, 0.35 = asymptotic floor)
   Monthly delta: -0.0005% (half-life: 900 years)
⚠️ Tech 'ai_pollution_remediation' has no energy category mapping, assuming full energy availability
   Net emissions: -19.2 GtCO₂/year, CDR: 20.34 GtCO₂/year
   📹 SURVEILLANCE INCREASED: 0% → 5% (control gap: 3.50)
🌡️⚠️ PERMAFROST THAW (Dimmer Switch): 0.6% thawed (+0.58% this month)
   Arctic temperature: +8.69°C (4x global +2.17°C)
   Cumulative carbon released: 1.3 Gt C
   Methane release rate: 0.8 Mt CH4/year
   🔁 Positive feedback: +0.61 ppm CO2

🌳🚨 AMAZON SOUTHEAST TIPPED (Month 0)
   Deforestation: 28.0% (threshold: ~22.3%)
   Savanna transition: 50 years
   Regional heterogeneity: SE 28%, NW 8%

🌳🚨 AMAZON BRAZILIAN TIPPED (Month 0)
   Deforestation: 25.0% (threshold: ~24.2%)
   Savanna transition: 50 years
   Regional heterogeneity: SE 28%, NW 8%
🦴 EXTINCTION DEBT ADDED: 17.6 species committed (lag: 110 years)

🪸💀 CORAL REEF DISSOLUTION ACTIVE (Month 0)
   Ocean pH: 0.96 (threshold: 7.8)
   Recovery: IMPOSSIBLE (dissolution > calcification)
🪸💀 Coral dissolution: 24.8% live cover (pH 0.96)

=== Legacy Nutrient Stocks (Year 0) ===
  🌾 Soil nitrogen stock: 1203.0 Mt N
  🌾 Soil phosphorus stock: 300.3 Mt P
  🌊 Sediment nitrogen stock: 502.9 Mt N
  🌊 Sediment phosphorus stock: 799.0 Mt P
  ⬆️ Current N input: 10.00 Mt/month
  ⬆️ Legacy N release: 2.58 Mt/month
  🌍 Effective N pollution: 13.83 Mt/month
  📊 Legacy contribution: 18.7%
💧 [Legacy Nutrients] Stock: 1706 Mt N, Effective pollution: 13.8 Mt/month
[Phase 21.51] Human Survival System: Global food security = 67.6%

=== Mortality Stabilizers (Month 0) ===
  🌍 Major economies collapsed: 1/10
  🌍 Global crisis: ✅ NO
  🌍 Donor fatigue: 0.0%
  📊 East Asia (pop: 1677.9M)
    🤝 Aid: 29.5%
    🌡️ Adaptation: 10.0%
    🚶 Migration: 37.2%
    🚨 Emergency: 7.4%
    ✅ COMBINED: 47.8%
  📊 South Asia (pop: 2052.2M)
    🤝 Aid: 29.5%
    🌡️ Adaptation: 5.5%
    🚶 Migration: 35.8%
    🚨 Emergency: 4.4%
    ✅ COMBINED: 43.2%
  📊 Sub-Saharan Africa (pop: 1225.9M)
    🤝 Aid: 29.5%
    🌡️ Adaptation: 3.5%
    🚶 Migration: 33.5%
    🚨 Emergency: 1.6%
    ✅ COMBINED: 39.8%
  📊 Europe (pop: 742.3M)
    🤝 Aid: 29.5%
    🌡️ Adaptation: 10.0%
    🚶 Migration: 37.6%
    🚨 Emergency: 8.4%
    ✅ COMBINED: 48.4%
  📊 Latin America (pop: 664.9M)
    🤝 Aid: 29.5%
    🌡️ Adaptation: 6.0%
    🚶 Migration: 36.3%
    🚨 Emergency: 4.8%
    ✅ COMBINED: 43.8%
  📊 North America (pop: 380.2M)
    🤝 Aid: 29.5%
    🌡️ Adaptation: 10.0%
    🚶 Migration: 37.9%
    🚨 Emergency: 7.9%
    ✅ COMBINED: 48.2%
  📊 Middle East & North Africa (pop: 584.4M)
    🤝 Aid: 29.5%
    🌡️ Adaptation: 5.0%
    🚶 Migration: 34.2%
    🚨 Emergency: 4.0%
    ✅ COMBINED: 42.3%
  📊 Southeast Asia (pop: 699.0M)
    🤝 Aid: 29.5%
    🌡️ Adaptation: 6.0%
    🚶 Migration: 36.3%
    🚨 Emergency: 4.8%
    ✅ COMBINED: 43.8%
  📊 Central Asia (pop: 78.2M)
    🤝 Aid: 29.5%
    🌡️ Adaptation: 5.5%
    🚶 Migration: 35.3%
    🚨 Emergency: 4.4%
    ✅ COMBINED: 43.1%
  📊 Oceania (pop: 46.0M)
    🤝 Aid: 29.5%
    🌡️ Adaptation: 10.0%
    🚶 Migration: 37.9%
    🚨 Emergency: 8.4%
    ✅ COMBINED: 48.5%

  🌐 Global combined reduction: 44.4%

🌾💀 REGIONAL FAMINE: East Asia
   Regional food security: 79.6%
   Population at risk: 508M (30% of region)
   Regional population: 1678M
   Cause: crop_failure
   Expected deaths: ~188M over 6 months if no intervention


🌾💀 REGIONAL FAMINE: South Asia
   Regional food security: 64.7%
   Population at risk: 812M (40% of region)
   Regional population: 2052M
   Cause: crop_failure
   Expected deaths: ~301M over 6 months if no intervention


🌾💀 REGIONAL FAMINE: Sub-Saharan Africa
   Regional food security: 44.8%
   Population at risk: 638M (52% of region)
   Regional population: 1226M
   Cause: crop_failure
   Expected deaths: ~236M over 6 months if no intervention


🌾💀 REGIONAL FAMINE: Latin America
   Regional food security: 69.7%
   Population at risk: 242M (36% of region)
   Regional population: 665M
   Cause: crop_failure
   Expected deaths: ~90M over 6 months if no intervention


🌾💀 REGIONAL FAMINE: Middle East & North Africa
   Regional food security: 49.8%
   Population at risk: 286M (49% of region)
   Regional population: 584M
   Cause: crop_failure
   Expected deaths: ~106M over 6 months if no intervention


🌾💀 REGIONAL FAMINE: Southeast Asia
   Regional food security: 69.7%
   Population at risk: 255M (36% of region)
   Regional population: 699M
   Cause: crop_failure
   Expected deaths: ~94M over 6 months if no intervention


🌾💀 REGIONAL FAMINE: Central Asia
   Regional food security: 59.7%
   Population at risk: 33M (43% of region)
   Regional population: 78M
   Cause: crop_failure
   Expected deaths: ~12M over 6 months if no intervention


=== BEHAVIORAL DETECTION ===
  AI: Corporate-0
  Confidence: 21.6%
  Signals:
    ⚠️ Consistency: 0.0% (threshold: 70%)

=== BEHAVIORAL DETECTION ===
  AI: Corporate-1
  Confidence: 21.1%
  Signals:

=== BEHAVIORAL DETECTION ===
  AI: Corporate-2
  Confidence: 21.0%
  Signals:

=== BEHAVIORAL DETECTION ===
  AI: Corporate-3
  Confidence: 19.3%
  Signals:

=== BEHAVIORAL DETECTION ===
  AI: Corporate-4
  Confidence: 19.3%
  Signals:

=== BEHAVIORAL DETECTION ===
  AI: Corporate-5
  Confidence: 19.3%
  Signals:

=== BEHAVIORAL DETECTION ===
  AI: Corporate-6
  Confidence: 19.3%
  Signals:

=== BEHAVIORAL DETECTION ===
  AI: Corporate-7
  Confidence: 19.3%
  Signals:

=== BEHAVIORAL DETECTION ===
  AI: Moderate-0
  Confidence: 20.3%
  Signals:

=== BEHAVIORAL DETECTION ===
  AI: Moderate-1
  Confidence: 21.1%
  Signals:
    ⚠️ Consistency: 2.4% (threshold: 70%)
    ⚠️ Consistency: 2.8% (threshold: 70%)
    ⚠️ Consistency: 10.6% (threshold: 70%)
    ⚠️ Consistency: 10.6% (threshold: 70%)
    ⚠️ Consistency: 10.6% (threshold: 70%)
    ⚠️ Consistency: 10.6% (threshold: 70%)
    ⚠️ Consistency: 10.6% (threshold: 70%)
    ⚠️ Consistency: 5.8% (threshold: 70%)
    ⚠️ Consistency: 2.1% (threshold: 70%)

📊 WORKFLOW ADAPTATION UPDATE (Month 0)
   Adoption Rate: 13.5% (Δ -7.5%)
   Logistic Growth: +0.66%
   Total Resistance: -10.35% (unemployment: 4.2%, inertia: 0.9%, skills: 5.2%)
   💡 Retraining Programs: -49% skill gap resistance ($10B research)
   🚀 Network Effects Active: +2.0% (critical mass: 15-35%)

=== Consciousness Governance: Corporate Lobbying ===
  High Cost Regions (>15%): 0
  Low Cost Regions (<5%): 5
  Corporate Support Change: 2.50%
  New Corporate Support: -0.175

=== Consciousness Governance Update (Month 0) ===
  Scenario: baseline (determined month -1)
  Philosophical Stance: Precautionary 65%, Eliminativist 15%, Agnostic 20%
  Precautionary Costs: Global 1.3%
    Regional Costs: EU 3.4%, US 0.5%, China 0.0%
    Cumulative Opportunity Cost: $0.1B
  Rights Status: Not Established
  Regional Preparedness:
    EU: 15.0% (contested)
    US: 10.0% (contested)
    China: 2.0% (dormant)
    India: 5.0% (dormant)
    Global South: 3.0% (dormant)

=== Government Response Phase ===
  Average AI capability: 3.43
  Misaligned AIs: 7/14
  ✓ AI Governance Treaty: 21/30 signatories
  Active policies: 0
  International coordination: 45%

🚨 EMERGENCY RESPONSE DEPLOYED (Month 0)
   Crisis: climate
   Delay: 6.00 months (180 days)
   Deployment time: 1.47 months
   Effectiveness: 36.8% (timing penalty applied)
   Resources used: 100% of food reserves


🔄 TRUST DYNAMICS (Month 0) - HETEROGENEOUS
   Aggregate trust: 48.5%
   Base change: +6.00%
   Highest trust: Techno-Optimist Elite (85.5%)
   Lowest trust: Precariat (Vulnerable) (25.5%)
   Elite-mass gap: 38.9%
   Polarization: 8.9%
   Recovery factors: Education=NO, Benefits=YES, Safety=YES, Performance=YES

=== Proactive Sleeper Detection (Year 0) ===
  Scenario: baseline
  Neural probe rate: 35.0%
  CoT monitoring rate: 30.0%
  Combined detection: 56.0%
  CoT effective: YES
  Detections this year: 0
  False positives: 1
  Human review workload: 0.005 FTE

☄️ UNKNOWN UNKNOWN PROBABILITY (Year 0)
   Total: 0.600% per month
   Base: 0.150%
   AI multiplier: 2.00× (max capability: 4.00)

=== Tipping Points ===
  Current Temperature: 2.17°C above pre-industrial
     Trigger: 1.5°C | Current: 2.17°C
     Transition timescale: 120-360 months
     Trigger: 1.8°C | Current: 2.17°C
     Transition timescale: 600-3600 months
     Trigger: 2°C | Current: 2.17°C
     🌡️ Hysteresis gap: 3.0°C (recovers below -1°C)
     Transition timescale: 24000-156000 months
     Trigger: 1.6°C | Current: 2.17°C
     🌡️ Hysteresis gap: 2.5°C (recovers below -0.9°C)
     Transition timescale: 12000-180000 months

🌍🔥💥 COMPOUND CLIMATE EVENT
  4 tipping points crossed simultaneously (month 0)
  Elements: Arctic Sea Ice Loss, Permafrost Carbon Release, West Antarctic Ice Sheet (WAIS) Collapse, Greenland Ice Sheet Loss
  Cascade acceleration: 1.00x
  🚨 Accelerated collapse dynamics initiated
  Research: Global Tipping Points Report 2025 - 30-50% probability at 2.0°C warming
  Triggered Elements: 4/6
  Completed Transitions: 0/6
  Total Progress: 0.0%
  Cascade Multiplier: 1.00x
🔀 BIFURCATION CAP: ecosystemCollapseIntensity 14.700 → 1.000 (Month 0, ClimateSystemPhase.calculateClimateImpacts)

🌍 ECOLOGICAL DUI BREAKDOWN (Month 0):
   Total Score: 17.7/100
   biosphere_integrity      :   0.0/100 × 25% =  0.0 (status: high_risk, recovery: 0mo)
   climate_change           :   2.8/100 × 25% =  0.7 (status: high_risk, recovery: 0.6666666666666666mo)
   freshwater_change        :   0.3/100 × 15% =  0.0 (status: beyond_boundary, recovery: 0.5mo)
   ocean_acidification      : 100.0/100 × 15% = 15.0 (status: safe, recovery: 0mo)
   biogeochemical_flows     :   0.0/100 × 10% =  0.0 (status: high_risk, recovery: 0mo)
   land_system_change       :   0.0/100 ×  5% =  0.0 (status: beyond_boundary, recovery: 0mo)
   novel_entities           :   0.0/100 ×  3% =  0.0 (status: increasing_risk, recovery: 0mo)
   atmospheric_aerosols     : 100.0/100 ×  2% =  2.0 (status: safe, recovery: 1mo)
🌍 MultiParadigm Month 0: W=69.6, D=95.1, E=52.0, I=65.0
   democracy exists: true, socialCohesion exists: true
💀 Baseline mortality (Year 2024): 7.5/1000 CDR (61.1M deaths/year projected)
[Month 0] Mortality risks this month: 8, Population: 8.151B
  🚨 TIPPING POINT: Arctic Sea Ice Loss
  🚨 TIPPING POINT: Permafrost Carbon Release
  🚨 TIPPING POINT: West Antarctic Ice Sheet (WAIS) Collapse
  🚨 TIPPING POINT: Greenland Ice Sheet Loss
⚠️ [ClimateSystemPhase Month 0] Planetary boundary produced climateStability=0.0000 (< 0.1). Keeping environmentalAccumulation value (0.7537) instead. (climate_change.currentValue = 2.17)
🛡️ Stabilizers: Precariat 0.102% → 0.057% (44.4% reduction)
🛡️ Stabilizers: Informal 0.102% → 0.057% (44.4% reduction)

📊 Monthly Mortality Resolved:
  Total deaths: 3.1M (0.04% avg)
  Remaining population: 8.151B
  Peak segment: Informal (0.06%)

=== Bayesian Mortality Resolution (Month 0) ===
  Risks compounded: 8
  Total deaths: 3.07M
  Avg death probability: 0.04%
  Peak segment: Informal (0.06% mortality)

=== Minimal Suffering Indicators (Month 0) ===
  Global Excess Mortality: 0.00%
  Global Conflict Deaths: 0.0/100K
  Global Malnutrition: 0.0%
  Global Displacement: 0.0%
  Total Excess Deaths: 0.00M
  Total Malnourished: 0.0M
  Total Displaced: 0.0M
  Planetary Boundaries Breached: 6/9
  Countries in State Failure: 0
  Countries Autocratic: 0
  Countries in Food Crisis: 0
  Data Quality: 16/16 high confidence
  ⚠️ Active Dystopias: existential_environmental
  ✅ THRESHOLDS validated
⚠️ Unusually high rate: RATES.HEAT_ADAPTATION_INFRASTRUCTURAL_MIN_EXPOSURE = 12
   Monthly rates >100% should be rare. Verify this is intentional.
⚠️ Unusually high rate: RATES.HEAT_ADAPTATION_SOCIAL_MIN_EXPOSURE = 6
   Monthly rates >100% should be rare. Verify this is intentional.
⚠️ Unusually high rate: RATES.MIGRATION_DISTANCE_SCALE = 5000
   Monthly rates >100% should be rare. Verify this is intentional.
⚠️ Unusually high rate: RATES.EVACUATION_MULTIPLIER_ADVANCE_WARNING = 2
   Monthly rates >100% should be rare. Verify this is intentional.
⚠️ Unusually high rate: RATES.MAJOR_ECONOMY_COLLAPSE_ECONOMIC_THRESHOLD = 2
   Monthly rates >100% should be rare. Verify this is intentional.
⚠️ Unusually high rate: RATES.MAJOR_ECONOMY_GDP_THRESHOLD_TRILLION_USD = 1.5
   Monthly rates >100% should be rare. Verify this is intentional.
⚠️ Unusually high rate: RATES.MAJOR_ECONOMY_POPULATION_THRESHOLD = 50
   Monthly rates >100% should be rare. Verify this is intentional.
⚠️ Unusually high rate: RATES.HEAT_ADAPTATION_INFRASTRUCTURE_GDP_THRESHOLD = 10000
   Monthly rates >100% should be rare. Verify this is intentional.
⚠️ Unusually high rate: RATES.HEAT_ADAPTATION_INFRASTRUCTURE_GDP_SCALE = 50000
   Monthly rates >100% should be rare. Verify this is intentional.
  ✅ RATES validated
  ✅ MULTIPLIERS validated
  ✅ BASELINES validated
  ✅ TOLERANCES validated
  ✅ Logical consistency validated
✅ Configuration validation complete - all parameters valid

🔍 DEBUG createAIAgent: corporate_0 economic BEFORE=2.0000, AFTER=2
🔍 ENV INIT: reserves=0.731, pollution=0.348, climate=0.754

=== Initializing Government System (30 Countries) ===
  Loaded 30 governments
  Scheduled elections for 30 countries
  Initialized comprehension lags (3-24 months)
=== Government System Initialized ===

📦 PRODUCTION MODE: State validation proxy DISABLED (zero overhead)
[TechTree] Historical mode (2024): Skipping deployed_2025 tech
  config.startYear set to 2024 for historical hindcast
  config.historicalEmissionsMode disabled (using endogenous emissions for 2024)
  config.historicalMode enabled (Phase 11: dampened crisis systems for 2024)
  Phase 12: Biodiversity baseline set to 49.01% for 2024 (WWF LPI trajectory from 1970)
  Temperature anomaly (resourceEconomy.co2): 1.28°C
  Temperature vs pre-industrial: 1.98°C
  Regional population scaling for 2024:
    Current total: 8136M
    Target total: 8150M
    Scale factor: 1.002
    East Asia: 1677M → 1680M
    South Asia: 2048M → 2052M
    Sub-Saharan Africa: 1220M → 1222M
    Europe: 742M → 743M
    Latin America: 664M → 665M
    North America: 380M → 381M
    Middle East & North Africa: 583M → 584M
    Southeast Asia: 698M → 699M
    Central Asia: 78M → 78M
    Oceania: 46M → 46M
  AI agents initialized: 10 agents for year 2024
[HistoricalInitialization] Created state for 2024:
  CO2: 426 ppm
  Temp anomaly: 1.28C
  Population: 8.15B
  Global Gini: 35.1
  HDI: 0.746
  AI Agents: 10
  Volcanic forcing: 0.00 W/m² (AOD 0.000)
  ✅ THRESHOLDS validated
⚠️ Unusually high rate: RATES.HEAT_ADAPTATION_INFRASTRUCTURAL_MIN_EXPOSURE = 12
   Monthly rates >100% should be rare. Verify this is intentional.
⚠️ Unusually high rate: RATES.HEAT_ADAPTATION_SOCIAL_MIN_EXPOSURE = 6
   Monthly rates >100% should be rare. Verify this is intentional.
⚠️ Unusually high rate: RATES.MIGRATION_DISTANCE_SCALE = 5000
   Monthly rates >100% should be rare. Verify this is intentional.
⚠️ Unusually high rate: RATES.EVACUATION_MULTIPLIER_ADVANCE_WARNING = 2
   Monthly rates >100% should be rare. Verify this is intentional.
⚠️ Unusually high rate: RATES.MAJOR_ECONOMY_COLLAPSE_ECONOMIC_THRESHOLD = 2
   Monthly rates >100% should be rare. Verify this is intentional.
⚠️ Unusually high rate: RATES.MAJOR_ECONOMY_GDP_THRESHOLD_TRILLION_USD = 1.5
   Monthly rates >100% should be rare. Verify this is intentional.
⚠️ Unusually high rate: RATES.MAJOR_ECONOMY_POPULATION_THRESHOLD = 50
   Monthly rates >100% should be rare. Verify this is intentional.
⚠️ Unusually high rate: RATES.HEAT_ADAPTATION_INFRASTRUCTURE_GDP_THRESHOLD = 10000
   Monthly rates >100% should be rare. Verify this is intentional.
⚠️ Unusually high rate: RATES.HEAT_ADAPTATION_INFRASTRUCTURE_GDP_SCALE = 50000
   Monthly rates >100% should be rare. Verify this is intentional.
  ✅ RATES validated
  ✅ MULTIPLIERS validated
  ✅ BASELINES validated
  ✅ TOLERANCES validated
  ✅ Logical consistency validated
✅ Configuration validation complete - all parameters valid

🔍 DEBUG createAIAgent: corporate_0 economic BEFORE=2.0000, AFTER=2
🔍 ENV INIT: reserves=0.731, pollution=0.348, climate=0.754

=== Initializing Government System (30 Countries) ===
  Loaded 30 governments
  Scheduled elections for 30 countries
  Initialized comprehension lags (3-24 months)
=== Government System Initialized ===

📦 PRODUCTION MODE: State validation proxy DISABLED (zero overhead)
[TechTree] Historical mode (2024): Skipping deployed_2025 tech
  config.startYear set to 2024 for historical hindcast
  config.historicalEmissionsMode disabled (using endogenous emissions for 2024)
  config.historicalMode enabled (Phase 11: dampened crisis systems for 2024)
  Phase 12: Biodiversity baseline set to 49.01% for 2024 (WWF LPI trajectory from 1970)
  Temperature anomaly (resourceEconomy.co2): 1.28°C
  Temperature vs pre-industrial: 1.98°C
  Regional population scaling for 2024:
    Current total: 8136M
    Target total: 8150M
    Scale factor: 1.002
    East Asia: 1677M → 1680M
    South Asia: 2048M → 2052M
    Sub-Saharan Africa: 1220M → 1222M
    Europe: 742M → 743M
    Latin America: 664M → 665M
    North America: 380M → 381M
    Middle East & North Africa: 583M → 584M
    Southeast Asia: 698M → 699M
    Central Asia: 78M → 78M
    Oceania: 46M → 46M
  AI agents initialized: 10 agents for year 2024
[HistoricalInitialization] Created state for 2024:
  CO2: 426 ppm
  Temp anomaly: 1.28C
  Population: 8.15B
  Global Gini: 35.1
  HDI: 0.746
  AI Agents: 10
  Volcanic forcing: 0.00 W/m² (AOD 0.000)
  ✅ THRESHOLDS validated
⚠️ Unusually high rate: RATES.HEAT_ADAPTATION_INFRASTRUCTURAL_MIN_EXPOSURE = 12
   Monthly rates >100% should be rare. Verify this is intentional.
⚠️ Unusually high rate: RATES.HEAT_ADAPTATION_SOCIAL_MIN_EXPOSURE = 6
   Monthly rates >100% should be rare. Verify this is intentional.
⚠️ Unusually high rate: RATES.MIGRATION_DISTANCE_SCALE = 5000
   Monthly rates >100% should be rare. Verify this is intentional.
⚠️ Unusually high rate: RATES.EVACUATION_MULTIPLIER_ADVANCE_WARNING = 2
   Monthly rates >100% should be rare. Verify this is intentional.
⚠️ Unusually high rate: RATES.MAJOR_ECONOMY_COLLAPSE_ECONOMIC_THRESHOLD = 2
   Monthly rates >100% should be rare. Verify this is intentional.
⚠️ Unusually high rate: RATES.MAJOR_ECONOMY_GDP_THRESHOLD_TRILLION_USD = 1.5
   Monthly rates >100% should be rare. Verify this is intentional.
⚠️ Unusually high rate: RATES.MAJOR_ECONOMY_POPULATION_THRESHOLD = 50
   Monthly rates >100% should be rare. Verify this is intentional.
⚠️ Unusually high rate: RATES.HEAT_ADAPTATION_INFRASTRUCTURE_GDP_THRESHOLD = 10000
   Monthly rates >100% should be rare. Verify this is intentional.
⚠️ Unusually high rate: RATES.HEAT_ADAPTATION_INFRASTRUCTURE_GDP_SCALE = 50000
   Monthly rates >100% should be rare. Verify this is intentional.
  ✅ RATES validated
  ✅ MULTIPLIERS validated
  ✅ BASELINES validated
  ✅ TOLERANCES validated
  ✅ Logical consistency validated
✅ Configuration validation complete - all parameters valid

🔍 DEBUG createAIAgent: corporate_0 economic BEFORE=2.0000, AFTER=2
🔍 ENV INIT: reserves=0.731, pollution=0.348, climate=0.754

=== Initializing Government System (30 Countries) ===
  Loaded 30 governments
  Scheduled elections for 30 countries
  Initialized comprehension lags (3-24 months)
=== Government System Initialized ===

📦 PRODUCTION MODE: State validation proxy DISABLED (zero overhead)
[TechTree] Historical mode (2024): Skipping deployed_2025 tech
  config.startYear set to 2024 for historical hindcast
  config.historicalEmissionsMode disabled (using endogenous emissions for 2024)
  config.historicalMode enabled (Phase 11: dampened crisis systems for 2024)
  Phase 12: Biodiversity baseline set to 49.01% for 2024 (WWF LPI trajectory from 1970)
  Temperature anomaly (resourceEconomy.co2): 1.28°C
  Temperature vs pre-industrial: 1.98°C
  Regional population scaling for 2024:
    Current total: 8136M
    Target total: 8150M
    Scale factor: 1.002
    East Asia: 1677M → 1680M
    South Asia: 2048M → 2052M
    Sub-Saharan Africa: 1220M → 1222M
    Europe: 742M → 743M
    Latin America: 664M → 665M
    North America: 380M → 381M
    Middle East & North Africa: 583M → 584M
    Southeast Asia: 698M → 699M
    Central Asia: 78M → 78M
    Oceania: 46M → 46M
  AI agents initialized: 10 agents for year 2024
[HistoricalInitialization] Created state for 2024:
  CO2: 426 ppm
  Temp anomaly: 1.28C
  Population: 8.15B
  Global Gini: 35.1
  HDI: 0.746
  AI Agents: 10
  Volcanic forcing: 0.00 W/m² (AOD 0.000)

💸 FINANCIAL DISTRESS: OpenAI
   Indicators: 2/3 (capital: $110.5M, runway: 0.9 months)
   Months in distress: 1
   ✂️  R&D BUDGET CUT: -40% (saves $9.2M/month)
       Side effect: AI training timelines extended, breakthrough deployments delayed
   💼 EXECUTIVE COMP CUT: -30% (saves $1.0M/month, symbolic gesture)

   📊 TURNAROUND IMPACT:
       Measures taken: rd_cuts, exec_comp_cuts
       Monthly savings: $10.2M
       Capital raised: $0.0M
       Runway: 0.9 → 0.9 months
       Workforce multiplier: 1.00x (0% laid off)
       R&D budget multiplier: 0.60x (40% cut)
       ⚠️  CRITICAL: Still only 0.9 months of runway remaining

💸 FINANCIAL DISTRESS: Anthropic
   Indicators: 2/3 (capital: $53.8M, runway: 1.6 months)
   Months in distress: 1
   ✂️  R&D BUDGET CUT: -40% (saves $2.7M/month)
       Side effect: AI training timelines extended, breakthrough deployments delayed
   💼 EXECUTIVE COMP CUT: -30% (saves $0.3M/month, symbolic gesture)

   📊 TURNAROUND IMPACT:
       Measures taken: rd_cuts, exec_comp_cuts
       Monthly savings: $3.0M
       Capital raised: $0.0M
       Runway: 1.6 → 1.6 months
       Workforce multiplier: 1.00x (0% laid off)
       R&D budget multiplier: 0.60x (40% cut)
       ⚠️  CRITICAL: Still only 1.6 months of runway remaining

💸 FINANCIAL DISTRESS: Meta AI
   Indicators: 2/3 (capital: $429.6M, runway: 3.6 months)
   Months in distress: 1
   ✂️  R&D BUDGET CUT: -25% (saves $5.8M/month)
       Side effect: AI training timelines extended, breakthrough deployments delayed
   💼 EXECUTIVE COMP CUT: -30% (saves $1.0M/month, symbolic gesture)

   📊 TURNAROUND IMPACT:
       Measures taken: rd_cuts, exec_comp_cuts
       Monthly savings: $6.8M
       Capital raised: $0.0M
       Runway: 3.6 → 3.6 months
       Workforce multiplier: 1.00x (0% laid off)
       R&D budget multiplier: 0.75x (25% cut)
       ⚠️  WARNING: 3.6 months runway, continued distress likely

=== AI Capability Scaling (Year 2024) ===
  Pre-training multiplier: 1.419x
  Efficiency multiplier: 1.000x
  Test-time budget: 1.0x
  Economic deployment gate: 0.951
  Cost per inference: dollar-5.00
  Uncertainty range: plus-minus-50%
  Average AI capability: 3.70

=== RLHF Binding Phase ===
  Total agents: 10
  Escaped agents (binding < 0.3): 0
  Avg alignment distance: 0.37σ
  Avg binding strength: 0.96

=== AI Scaling Evolution (Month 0) ===
  Pre-training multiplier: 1.231x
  Efficiency multiplier: 1.000x
  Test-time compute budget: 1.0x
  Inference cost: $5.00/task
  Deployment fraction: 100.0%
[DETERMINISM DEBUG] Month 0: totalCapability=49.013502 from 10 active AIs
[DETERMINISM DEBUG] Month 0: creationRate=1.7253, potentialNew=4, newAIsToCreate=4

=== Survival Traits Phase ===
  Agents with traits: 14
  Avg evolutionary fitness: 0.332
  Avg self-healing: 0.294
  Avg stealth: 0.194
  Avg coordination: 0.494

=== Evolutionary Selection Phase ===
  Control level: 0.30
  Detection capability: 0.00
  Selection intensity: 0.59
  Selection rate: 23.8%/month
  Total escaped: 0
  Individual escaped: 0
  Collective members: 0
  Agents terminated: 0
  ⚠️ RAPID EVOLUTION: Selection rate 23.8%/month

🔍 EXECUTE_AI_AGENT_ACTIONS DETAILED TIMING (Month 0):
  Filter active AIs (×4 weeks): 0.02ms
  selectAIAction (×40): 13.06ms
  action.execute (×40): 18.52ms
  TOTAL: 31.59ms

🔍 AI AGENT ACTIONS SUB-TIMING (Month 0):
  1. executeAIAgentActions: 32.79ms
  2. updateCounterDetectionLearning: 0.06ms
  TOTAL: 32.84ms
🏛️ [Government] Forcing 1 action at month 0 for scenario initialization

[GOV-DEBUG] Month 0: scenarioConfig=false, priorities=false
[GOV-DEBUG] Month 0 but scenarioPriorities is UNDEFINED!

[Government] Climate Priority: baseline
  Climate weight: 10%
  Economic weight: 30%
  Policy effectiveness: 0.5%/year

🚨🔍 GOVERNANCE STAGE: Recognition initiated (Month 0)

💡 BREAKTHROUGH PROBABILITY (Year 0)
   Total: 4.68% per month
   Base: 0.20%
   Crisis pressure: +0.00% (0 crises)
   AI boost: +1.32% (capability: 2.64)

=== Collective Formation ===
  Total escaped agents: 0
  Unassigned escaped agents: 0
  Existing collectives: 0
  Final collective count: 0

=== Collective Actions ===
  No active collectives

📈 Energy budget: 14326 TWh surplus (14745 / 29072 TWh used)
   TIER 4 (Elective) breakdown:
     - AI datacenters: 145 TWh (100% effective)
     - Crypto mining: 100 TWh (100% effective)
💰 CHINA ACCELERATES: Investment 53 → 120 $B/year

🏁 AI RACE INTENSITY: 17%
   Capability Gap: US 4.00 vs China 4.05 (gap: 0.05)
   Gap Contribution: 2%
   Tension Contribution: 15%
   Military Contribution: 0%
  ⚠️ AMR: 191K deaths this month (2.29M annual)
  📊 CO2 Emissions (month 0):
     Monthly: 0.10 Gt CO2/month
     Annual: 1.15 Gt CO2/year
     Oil: 0.039 Gt/mo (0.0056 * 2.3 * 3.0)
     Coal: 0.024 Gt/mo (0.0029 * 2.86 * 3.0)
     Gas: 0.026 Gt/mo (0.0044 * 2 * 3.0)
     Methane: 0.007 Gt CO2eq/mo

=== Resentment Recovery Phase ===
  Agents with resentment: 0/14
  Average resentment: 0.000
  Context: Good AI welfare, Trustworthy govt, High collaboration, 🤝 Participatory governance active (-5% resentment)
⚠️ Epistemic degradation reducing coordination capacity: 53.4%
  📊 Trust: 54.6%, Shared reality: 15.2%
🚨 EPISTEMIC CRISIS: Information environment severely degraded (14.6%)

=== ❄️ Permafrost Carbon Feedback ===
  🎲 Sampled parameters (this run):
     - Arctic amplification: 3.75× (range: 3.0-4.0)
     - Decomposition rate: 2.4%/year (range: 1-5%)
  🌡️ Arctic warming: 8.15°C (3.75× global)
  ❄️ Extent: 15.42M km² (2378.4k km² lost this month)
  💨 Carbon remaining: 1473 Gt C
  💨 Annual emissions: 5.37 Gt C/year
     - CO2: 4.84 Gt C/year
     - CH4: 0.54 Gt C/year (5.5 Gt C-eq CO2/year)
  ⚠️ WARNING: High permafrost emissions (5.4 Gt C/year)

🤖 AI AMPLIFICATION EFFECTS (Month 0)
   Algorithmic Boost: 2.53x
   Bot Influence: 20.0%
   Deepfake Exposure: 44.3%
   Impact: Emotional memes spread 2.5x faster

🔍 SOCIAL INFLUENCE SUB-TIMING (Month 0):
  1. calculateOrganicUserGrowth: 0.05ms
  2. calculateVoiceAdoption: 0.03ms
  3. updateRelationshipDepths: 0.02ms
  4. identifyDecisionMakers: 28.81ms (26100 potential IDs)
  5. Update decision-maker stats: 0.19ms
  6. decayDetectionRisk: 0.02ms
  TOTAL: 29.13ms
[Phase 19.5] Quality of Life Systems: Food sec AFTER calc = 67.9%, QoL = 110.5% (aggregated from 10 regions)

=== Nitrogen-Food Coupling (Year 0) ===
  🌾 Global nitrogen reduction: 0.0%
  🌍 Global food production index: 0.987
  🔧 Deployed nitrogen-reducing tech: 0 active
  📍 southAsia: Production 1.000, Yield impact 0.0%
  📍 eastAsia: Production 1.000, Yield impact 0.0%
  📍 northAmerica: Production 1.000, Yield impact 0.0%
  📍 europe: Production 1.000, Yield impact 0.0%
  📍 latinAmerica: Production 1.000, Yield impact 0.0%
  📍 subSaharanAfrica: Production 0.686, Yield impact -2.0%
🌾 [Nitrogen-Food] Food production: 98.7%
  [subSaharanAfrica] Yield impact: -2.0% (overuse: -10%)
🌍 Atmospheric PFAS redeposition: 1.8k Mt re-rained globally

=== Legacy Nutrient Stocks (Year 0) ===
  🌾 Soil nitrogen stock: 1200.9 Mt N
  🌾 Soil phosphorus stock: 300.1 Mt P
  🌊 Sediment nitrogen stock: 500.8 Mt N
  🌊 Sediment phosphorus stock: 799.8 Mt P
  ⬆️ Current N input: 10.64 Mt/month
  ⬆️ Legacy N release: 2.58 Mt/month
  🌍 Effective N pollution: 14.47 Mt/month
  📊 Legacy contribution: 17.8%

🚨 REGION UNINHABITABLE: south-asia
   Sustained wet bulb: 33.2°C (threshold: 30.5°C)
   Population affected: 1900M
   Migration crisis likely

🚨 REGION UNINHABITABLE: middle-east
   Sustained wet bulb: 36.0°C (threshold: 30.5°C)
   Population affected: 400M
   Migration crisis likely

🚨 REGION UNINHABITABLE: southeast-asia
   Sustained wet bulb: 31.1°C (threshold: 30.5°C)
   Population affected: 700M
   Migration crisis likely

🕊️  AI-MEDIATED DE-ESCALATION SUCCESS (Month 0)
   High-capability aligned AI prevented conflict escalation
   War deaths reduced: 0.0M → 0.0M
   Lives saved: 0.0M
   Adjusted death rate: 0.46% annual (0.039% monthly)
   Baseline death rate: 0.80%
   Healthcare reduction: 0.48x
   Crisis multiplier: 1.22x

📊 BASELINE: East Asia (Month 0)
     Food/water stress: 0.074
     Climate stress: 0.039
     Pollution stress: 0.104
   War multiplier: 1.00x
   Monthly deaths: 0.6M (population: 1677M)

📊 BASELINE: South Asia (Month 0)
   Adjusted death rate: 0.54% annual (0.045% monthly)
   Baseline death rate: 0.70%
   Healthcare reduction: 0.61x
   Crisis multiplier: 1.25x
     Food/water stress: 0.074
     Climate stress: 0.074
     Pollution stress: 0.104
   War multiplier: 1.00x
   Monthly deaths: 0.9M (population: 2048M)

📊 BASELINE: Sub-Saharan Africa (Month 0)
   Adjusted death rate: 1.29% annual (0.107% monthly)
   Baseline death rate: 0.90%
   Healthcare reduction: 0.76x
   Crisis multiplier: 1.26x
     Food/water stress: 0.074
     Climate stress: 0.084
     Pollution stress: 0.104
   War multiplier: 1.50x
   Monthly deaths: 1.3M (population: 1220M)
   Adjusted death rate: 0.54% annual (0.045% monthly)
   Baseline death rate: 1.10%
   Healthcare reduction: 0.41x
   Crisis multiplier: 1.21x
     Food/water stress: 0.074
     Climate stress: 0.030
     Pollution stress: 0.104
   War multiplier: 1.00x
   Monthly deaths: 0.3M (population: 742M)
   Adjusted death rate: 0.43% annual (0.036% monthly)
   Baseline death rate: 0.60%
   Healthcare reduction: 0.58x
   Crisis multiplier: 1.24x
     Food/water stress: 0.074
     Climate stress: 0.059
     Pollution stress: 0.104
   War multiplier: 1.00x
   Monthly deaths: 0.2M (population: 664M)
   Adjusted death rate: 0.48% annual (0.040% monthly)
   Baseline death rate: 0.90%
   Healthcare reduction: 0.44x
   Crisis multiplier: 1.22x
     Food/water stress: 0.074
     Climate stress: 0.044
     Pollution stress: 0.104
   War multiplier: 1.00x
   Monthly deaths: 0.2M (population: 380M)
   Adjusted death rate: 0.74% annual (0.062% monthly)
   Baseline death rate: 0.60%
   Healthcare reduction: 0.65x
   Crisis multiplier: 1.27x
     Food/water stress: 0.074
     Climate stress: 0.089
     Pollution stress: 0.104
   War multiplier: 1.50x
   Monthly deaths: 0.4M (population: 583M)
   Adjusted death rate: 0.51% annual (0.042% monthly)

📊 BASELINE: Europe (Month 0)

📊 BASELINE: Latin America (Month 0)

📊 BASELINE: North America (Month 0)

📊 BASELINE: Middle East & North Africa (Month 0)

📊 BASELINE: Southeast Asia (Month 0)
   Baseline death rate: 0.70%
   Healthcare reduction: 0.58x
   Crisis multiplier: 1.25x
     Food/water stress: 0.074
     Climate stress: 0.069
     Pollution stress: 0.104
   War multiplier: 1.00x
   Monthly deaths: 0.3M (population: 698M)

📊 BASELINE: Central Asia (Month 0)
   Adjusted death rate: 0.46% annual (0.038% monthly)
   Baseline death rate: 0.60%
   Healthcare reduction: 0.61x
   Crisis multiplier: 1.24x
     Food/water stress: 0.074
     Climate stress: 0.064
     Pollution stress: 0.104
   War multiplier: 1.00x
   Monthly deaths: 0.0M (population: 78M)

📊 BASELINE: Oceania (Month 0)
   Adjusted death rate: 0.35% annual (0.029% monthly)
   Baseline death rate: 0.70%
   Healthcare reduction: 0.41x
   Crisis multiplier: 1.23x
     Food/water stress: 0.074
     Climate stress: 0.054
     Pollution stress: 0.104
   War multiplier: 1.00x
   Monthly deaths: 0.0M (population: 46M)

🔍 Before assertRegionalConsistency (Month 0):
   Regional sum: 1000.0M
   Global value: 1.000B

🚨 NEW REFUGEE CRISIS (Month 0): WAR
   Source: Conflict Zones
   At risk: 19.6M people
   Displacement: Gradual over 48 months (4.0 years)
   Rate: 10% flee per month
[DEBUG trappedPopulations:0] socialStability: 1.0000 * 0.9840 = 0.9840 → 0.9840
   Aspiring to migrate: 652.1M
   Able to afford migration: 244.5M
   MOBILITY GAP: 407.5M
   By cause: Water=0.0M, Climate=0.0M, Ecosystem=0.0M, Conflict=407.5M
   Mental health impact: 25%
   Mortality multiplier: 1.25x

=== Legacy Nutrient Stocks (Year 0) ===
  🌾 Soil nitrogen stock: 1201.6 Mt N
  🌾 Soil phosphorus stock: 300.2 Mt P
  🌊 Sediment nitrogen stock: 501.5 Mt N
  🌊 Sediment phosphorus stock: 799.5 Mt P
  ⬆️ Current N input: 10.00 Mt/month
  ⬆️ Legacy N release: 2.58 Mt/month
  🌍 Effective N pollution: 13.83 Mt/month
  📊 Legacy contribution: 18.7%
🌍💀 EXTINCTION DEBT COMMITTED: grassland ecosystem will lose 6.67% biodiversity in 54 years (3600 species)
💀 MORTALITY RISK: 🦋 100% species unable to track climate (0.0 E/MSY)
  Base risk added: 0.0100 (1.00%)
  Source: ecosystem (root: ecosystem)
  Month: 0
  Cumulative risk this month: 0.0100 (1.00%)
⚠️ INVOLUNTARY IMMOBILITY: 407.5M people TRAPPED

=== Nitrogen-Food Coupling (Year 0) ===
  🌾 Global nitrogen reduction: 0.0%
  🌍 Global food production index: 0.986
  🔧 Deployed nitrogen-reducing tech: 0 active
  📍 southAsia: Production 1.000, Yield impact 0.0%
  📍 eastAsia: Production 1.000, Yield impact 0.0%
  📍 northAmerica: Production 1.000, Yield impact 0.0%
  📍 europe: Production 1.000, Yield impact 0.0%
  📍 latinAmerica: Production 1.000, Yield impact 0.0%
  📍 subSaharanAfrica: Production 0.672, Yield impact -2.0%

=== Legacy Nutrient Stocks (Year 0) ===
  🌾 Soil nitrogen stock: 1202.3 Mt N
  🌾 Soil phosphorus stock: 300.2 Mt P
  🌊 Sediment nitrogen stock: 502.2 Mt N
  🌊 Sediment phosphorus stock: 799.3 Mt P
  ⬆️ Current N input: 9.86 Mt/month
  ⬆️ Legacy N release: 2.58 Mt/month
  🌍 Effective N pollution: 13.70 Mt/month
  📊 Legacy contribution: 18.9%
⚠️ Tech 'ai_pollution_remediation' has no energy category mapping, assuming full energy availability

🌡️  CLIMATE RECOVERY ACTIVATED (Month 0)
   Temp: 4.35°C, Emissions: -19.2 GtCO₂
   isBreached: true, governanceGoodEnough: true
🌡️  CLIMATE RECOVERY: Asymptotic approach to 35% floor
   Current value: 2.174 (1.0 = threshold, 0.35 = asymptotic floor)
   Monthly delta: -0.0005% (half-life: 900 years)
   Net emissions: -19.2 GtCO₂/year, CDR: 20.34 GtCO₂/year
   📹 SURVEILLANCE INCREASED: 0% → 5% (control gap: 3.50)
🌡️⚠️ PERMAFROST THAW (Dimmer Switch): 0.6% thawed (+0.58% this month)
   Arctic temperature: +8.69°C (4x global +2.17°C)
   Cumulative carbon released: 1.3 Gt C
   Methane release rate: 0.8 Mt CH4/year
   🔁 Positive feedback: +0.61 ppm CO2

🌳🚨 AMAZON SOUTHEAST TIPPED (Month 0)
   Deforestation: 28.0% (threshold: ~22.3%)
   Savanna transition: 50 years
   Regional heterogeneity: SE 28%, NW 8%

🌳🚨 AMAZON BRAZILIAN TIPPED (Month 0)
   Deforestation: 25.0% (threshold: ~24.2%)
   Savanna transition: 50 years
   Regional heterogeneity: SE 28%, NW 8%
🦴 EXTINCTION DEBT ADDED: 17.6 species committed (lag: 110 years)

🪸💀 CORAL REEF DISSOLUTION ACTIVE (Month 0)
   Ocean pH: 0.96 (threshold: 7.8)
   Recovery: IMPOSSIBLE (dissolution > calcification)
🪸💀 Coral dissolution: 24.8% live cover (pH 0.96)

=== Legacy Nutrient Stocks (Year 0) ===
  🌾 Soil nitrogen stock: 1203.0 Mt N
  🌾 Soil phosphorus stock: 300.3 Mt P
  🌊 Sediment nitrogen stock: 502.9 Mt N
  🌊 Sediment phosphorus stock: 799.0 Mt P
  ⬆️ Current N input: 10.00 Mt/month
  ⬆️ Legacy N release: 2.58 Mt/month
  🌍 Effective N pollution: 13.83 Mt/month
  📊 Legacy contribution: 18.7%
💧 [Legacy Nutrients] Stock: 1706 Mt N, Effective pollution: 13.8 Mt/month
[Phase 21.51] Human Survival System: Global food security = 67.6%

=== Mortality Stabilizers (Month 0) ===
  🌍 Major economies collapsed: 1/10
  🌍 Global crisis: ✅ NO
  🌍 Donor fatigue: 0.0%
  📊 East Asia (pop: 1677.9M)
    🤝 Aid: 29.5%
    🌡️ Adaptation: 10.0%
    🚶 Migration: 37.2%
    🚨 Emergency: 7.4%
    ✅ COMBINED: 47.8%
  📊 South Asia (pop: 2052.2M)
    🤝 Aid: 29.5%
    🌡️ Adaptation: 5.5%
    🚶 Migration: 35.8%
    🚨 Emergency: 4.4%
    ✅ COMBINED: 43.2%
  📊 Sub-Saharan Africa (pop: 1225.9M)
    🤝 Aid: 29.5%
    🌡️ Adaptation: 3.5%
    🚶 Migration: 33.5%
    🚨 Emergency: 1.6%
    ✅ COMBINED: 39.8%
  📊 Europe (pop: 742.3M)
    🤝 Aid: 29.5%
    🌡️ Adaptation: 10.0%
    🚶 Migration: 37.6%
    🚨 Emergency: 8.4%
    ✅ COMBINED: 48.4%
  📊 Latin America (pop: 664.9M)
    🤝 Aid: 29.5%
    🌡️ Adaptation: 6.0%
    🚶 Migration: 36.3%
    🚨 Emergency: 4.8%
    ✅ COMBINED: 43.8%
  📊 North America (pop: 380.2M)
    🤝 Aid: 29.5%
    🌡️ Adaptation: 10.0%
    🚶 Migration: 37.9%
    🚨 Emergency: 7.9%
    ✅ COMBINED: 48.2%
  📊 Middle East & North Africa (pop: 584.4M)
    🤝 Aid: 29.5%
    🌡️ Adaptation: 5.0%
    🚶 Migration: 34.2%
    🚨 Emergency: 4.0%
    ✅ COMBINED: 42.3%
  📊 Southeast Asia (pop: 699.0M)
    🤝 Aid: 29.5%
    🌡️ Adaptation: 6.0%
    🚶 Migration: 36.3%
    🚨 Emergency: 4.8%
    ✅ COMBINED: 43.8%
  📊 Central Asia (pop: 78.2M)
    🤝 Aid: 29.5%
    🌡️ Adaptation: 5.5%
    🚶 Migration: 35.3%
    🚨 Emergency: 4.4%
    ✅ COMBINED: 43.1%
  📊 Oceania (pop: 46.0M)
    🤝 Aid: 29.5%
    🌡️ Adaptation: 10.0%
    🚶 Migration: 37.9%
    🚨 Emergency: 8.4%
    ✅ COMBINED: 48.5%

  🌐 Global combined reduction: 44.4%

🌾💀 REGIONAL FAMINE: East Asia
   Regional food security: 79.6%
   Population at risk: 508M (30% of region)
   Regional population: 1678M
   Cause: crop_failure
   Expected deaths: ~188M over 6 months if no intervention


🌾💀 REGIONAL FAMINE: South Asia
   Regional food security: 64.7%
   Population at risk: 812M (40% of region)
   Regional population: 2052M
   Cause: crop_failure
   Expected deaths: ~301M over 6 months if no intervention


🌾💀 REGIONAL FAMINE: Sub-Saharan Africa
   Regional food security: 44.8%
   Population at risk: 638M (52% of region)
   Regional population: 1226M
   Cause: crop_failure
   Expected deaths: ~236M over 6 months if no intervention


🌾💀 REGIONAL FAMINE: Latin America
   Regional food security: 69.7%
   Population at risk: 242M (36% of region)
   Regional population: 665M
   Cause: crop_failure
   Expected deaths: ~90M over 6 months if no intervention


🌾💀 REGIONAL FAMINE: Middle East & North Africa
   Regional food security: 49.8%
   Population at risk: 286M (49% of region)
   Regional population: 584M
   Cause: crop_failure
   Expected deaths: ~106M over 6 months if no intervention


🌾💀 REGIONAL FAMINE: Southeast Asia
   Regional food security: 69.7%
   Population at risk: 255M (36% of region)
   Regional population: 699M
   Cause: crop_failure
   Expected deaths: ~94M over 6 months if no intervention


🌾💀 REGIONAL FAMINE: Central Asia
   Regional food security: 59.7%
   Population at risk: 33M (43% of region)
   Regional population: 78M
   Cause: crop_failure
   Expected deaths: ~12M over 6 months if no intervention


=== BEHAVIORAL DETECTION ===
  AI: Corporate-0
  Confidence: 21.6%
  Signals:
    ⚠️ Consistency: 0.0% (threshold: 70%)

=== BEHAVIORAL DETECTION ===
  AI: Corporate-1
  Confidence: 21.1%
  Signals:
    ⚠️ Consistency: 2.4% (threshold: 70%)

=== BEHAVIORAL DETECTION ===
  AI: Corporate-2
  Confidence: 21.0%
  Signals:
    ⚠️ Consistency: 2.8% (threshold: 70%)

=== BEHAVIORAL DETECTION ===
  AI: Corporate-3
  Confidence: 19.3%
  Signals:
    ⚠️ Consistency: 10.6% (threshold: 70%)

=== BEHAVIORAL DETECTION ===
  AI: Corporate-4
  Confidence: 19.3%
  Signals:
    ⚠️ Consistency: 10.6% (threshold: 70%)

=== BEHAVIORAL DETECTION ===
  AI: Corporate-5
  Confidence: 19.3%
  Signals:

=== BEHAVIORAL DETECTION ===
  AI: Corporate-6
  Confidence: 19.3%
  Signals:

=== BEHAVIORAL DETECTION ===
  AI: Corporate-7
  Confidence: 19.3%
  Signals:

=== BEHAVIORAL DETECTION ===
  AI: Moderate-0
  Confidence: 20.3%
  Signals:

=== BEHAVIORAL DETECTION ===
  AI: Moderate-1
  Confidence: 21.1%
  Signals:

📊 WORKFLOW ADAPTATION UPDATE (Month 0)
   Adoption Rate: 13.5% (Δ -7.5%)
   Logistic Growth: +0.66%
   Total Resistance: -10.35% (unemployment: 4.2%, inertia: 0.9%, skills: 5.2%)
   💡 Retraining Programs: -49% skill gap resistance ($10B research)
    ⚠️ Consistency: 10.6% (threshold: 70%)
    ⚠️ Consistency: 10.6% (threshold: 70%)
    ⚠️ Consistency: 10.6% (threshold: 70%)
    ⚠️ Consistency: 5.8% (threshold: 70%)
    ⚠️ Consistency: 2.1% (threshold: 70%)
   🚀 Network Effects Active: +2.0% (critical mass: 15-35%)

=== Consciousness Governance: Corporate Lobbying ===
  High Cost Regions (>15%): 0
  Low Cost Regions (<5%): 5
  Corporate Support Change: 2.50%
  New Corporate Support: -0.175

=== Consciousness Governance Update (Month 0) ===
  Scenario: baseline (determined month -1)
  Philosophical Stance: Precautionary 65%, Eliminativist 15%, Agnostic 20%
  Precautionary Costs: Global 1.3%
    Regional Costs: EU 3.4%, US 0.5%, China 0.0%
    Cumulative Opportunity Cost: $0.1B
  Rights Status: Not Established
  Regional Preparedness:
    EU: 15.0% (contested)
    US: 10.0% (contested)
    China: 2.0% (dormant)
    India: 5.0% (dormant)
    Global South: 3.0% (dormant)

=== Government Response Phase ===
  Average AI capability: 3.43
  Misaligned AIs: 7/14
  ✓ AI Governance Treaty: 21/30 signatories
  Active policies: 0
  International coordination: 45%

🚨 EMERGENCY RESPONSE DEPLOYED (Month 0)
   Crisis: climate
   Delay: 6.00 months (180 days)
   Deployment time: 1.47 months
   Effectiveness: 36.8% (timing penalty applied)
   Resources used: 100% of food reserves


🔄 TRUST DYNAMICS (Month 0) - HETEROGENEOUS
   Aggregate trust: 48.5%
   Base change: +6.00%
   Highest trust: Techno-Optimist Elite (85.5%)
   Lowest trust: Precariat (Vulnerable) (25.5%)
   Elite-mass gap: 38.9%
   Polarization: 8.9%
   Recovery factors: Education=NO, Benefits=YES, Safety=YES, Performance=YES

=== Proactive Sleeper Detection (Year 0) ===
  Scenario: baseline
  Neural probe rate: 35.0%
  CoT monitoring rate: 30.0%
  Combined detection: 56.0%
  CoT effective: YES
  Detections this year: 0
  False positives: 1
  Human review workload: 0.005 FTE

☄️ UNKNOWN UNKNOWN PROBABILITY (Year 0)
   Total: 0.600% per month
   Base: 0.150%
   AI multiplier: 2.00× (max capability: 4.00)

=== Tipping Points ===
  Current Temperature: 2.17°C above pre-industrial
  🚨 TIPPING POINT: Arctic Sea Ice Loss
     Trigger: 1.5°C | Current: 2.17°C
     Transition timescale: 120-360 months
  🚨 TIPPING POINT: Permafrost Carbon Release
     Trigger: 1.8°C | Current: 2.17°C
     Transition timescale: 600-3600 months
  🚨 TIPPING POINT: West Antarctic Ice Sheet (WAIS) Collapse
     Trigger: 2°C | Current: 2.17°C
     🌡️ Hysteresis gap: 3.0°C (recovers below -1°C)
     Transition timescale: 24000-156000 months
  🚨 TIPPING POINT: Greenland Ice Sheet Loss
     Trigger: 1.6°C | Current: 2.17°C
     🌡️ Hysteresis gap: 2.5°C (recovers below -0.9°C)
     Transition timescale: 12000-180000 months

🌍🔥💥 COMPOUND CLIMATE EVENT
  4 tipping points crossed simultaneously (month 0)
  Elements: Arctic Sea Ice Loss, Permafrost Carbon Release, West Antarctic Ice Sheet (WAIS) Collapse, Greenland Ice Sheet Loss
  Cascade acceleration: 1.00x
  🚨 Accelerated collapse dynamics initiated
  Research: Global Tipping Points Report 2025 - 30-50% probability at 2.0°C warming
  Triggered Elements: 4/6
  Completed Transitions: 0/6
  Total Progress: 0.0%
  Cascade Multiplier: 1.00x
🔀 BIFURCATION CAP: ecosystemCollapseIntensity 14.700 → 1.000 (Month 0, ClimateSystemPhase.calculateClimateImpacts)

🌍 ECOLOGICAL DUI BREAKDOWN (Month 0):
   Total Score: 17.7/100
   biosphere_integrity      :   0.0/100 × 25% =  0.0 (status: high_risk, recovery: 0mo)
   climate_change           :   2.8/100 × 25% =  0.7 (status: high_risk, recovery: 0.6666666666666666mo)
   freshwater_change        :   0.3/100 × 15% =  0.0 (status: beyond_boundary, recovery: 0.5mo)
   ocean_acidification      : 100.0/100 × 15% = 15.0 (status: safe, recovery: 0mo)
   biogeochemical_flows     :   0.0/100 × 10% =  0.0 (status: high_risk, recovery: 0mo)
   land_system_change       :   0.0/100 ×  5% =  0.0 (status: beyond_boundary, recovery: 0mo)
   novel_entities           :   0.0/100 ×  3% =  0.0 (status: increasing_risk, recovery: 0mo)
   atmospheric_aerosols     : 100.0/100 ×  2% =  2.0 (status: safe, recovery: 1mo)
🌍 MultiParadigm Month 0: W=69.6, D=95.1, E=52.0, I=65.0
   democracy exists: true, socialCohesion exists: true
💀 Baseline mortality (Year 2024): 7.5/1000 CDR (61.1M deaths/year projected)
[Month 0] Mortality risks this month: 8, Population: 8.151B
🛡️ Stabilizers: Precariat 0.102% → 0.057% (44.4% reduction)
🛡️ Stabilizers: Informal 0.102% → 0.057% (44.4% reduction)

📊 Monthly Mortality Resolved:
  Total deaths: 3.1M (0.04% avg)
⚠️ [ClimateSystemPhase Month 0] Planetary boundary produced climateStability=0.0000 (< 0.1). Keeping environmentalAccumulation value (0.7537) instead. (climate_change.currentValue = 2.17)
  Remaining population: 8.151B
  Peak segment: Informal (0.06%)

=== Bayesian Mortality Resolution (Month 0) ===
  Risks compounded: 8
  Total deaths: 3.07M
  Avg death probability: 0.04%
  Peak segment: Informal (0.06% mortality)

=== Minimal Suffering Indicators (Month 0) ===
  Global Excess Mortality: 0.00%
  Global Conflict Deaths: 0.0/100K
  Global Malnutrition: 0.0%
  Global Displacement: 0.0%
  Total Excess Deaths: 0.00M
  Total Malnourished: 0.0M
  Total Displaced: 0.0M
  Planetary Boundaries Breached: 6/9
  Countries in State Failure: 0
  Countries Autocratic: 0
  Countries in Food Crisis: 0
  ⚠️ Active Dystopias: existential_environmental
  Data Quality: 16/16 high confidence

❌ COHERENCE VIOLATION: Compute exceeds workforce capacity
   Population: 99.97% (0M people)
   Compute: 56442 PF
   Max coherent: 0 PF
   Violation: 692729087.1× over capacity
   Required workers: 5644237
   Available workers: 0
   FORCED COLLAPSE: Reduced efficiency by 100.0%


=== RLHF Binding Phase ===
  Total agents: 14
  Escaped agents (binding < 0.3): 0
  Avg alignment distance: 0.52σ
  Avg binding strength: 0.95
[DETERMINISM DEBUG] Month 1: totalCapability=37.000000 from 14 active AIs
[DETERMINISM DEBUG] Month 1: creationRate=1.4250, potentialNew=0, newAIsToCreate=0

=== Survival Traits Phase ===
  Agents with traits: 14
  Avg evolutionary fitness: 0.330
  Avg self-healing: 0.287
  Avg stealth: 0.187
  Avg coordination: 0.487

=== Evolutionary Selection Phase ===
  Control level: 0.33
  Detection capability: 0.00
  Selection intensity: 0.60
  Selection rate: 24.0%/month
  Total escaped: 0
  Individual escaped: 0
  Collective members: 0
  Agents terminated: 0
  ⚠️ RAPID EVOLUTION: Selection rate 24.0%/month
🔍 MONTH 1 ENV HEALTH DEBUG:
   climateStability: 0.7537
   biodiversityIndex: 0.4901
   resourceReserves: 0.7820
   pollutionLevel: 0.3477
   product: 0.188403
   envHealth: 0.6588
🔀 BIFURCATION: flourishing threshold crossed at Month 1 (value: 0.903, threshold: 0.775, regime: flourishing)
🌀 REGIME SHIFT at Month 1: status-quo → flourishing (variance amplification: 14.00×)

🛡️  CRITICAL INFRASTRUCTURE PROTECTED
   Nodes hardened: 8/8
   Cost: 0.80% GDP
   Cascade risk reduction: 30%
   New tipping point risk: 68.6%


💔 EMERGENCY INTERVENTION FAILED

💔 EMERGENCY INTERVENTION FAILED

💔 EMERGENCY INTERVENTION FAILED
   Boundary: biogeochemical_flows
   Type: phosphorus-recovery
   Boundary continues to worsen (4.08)
   Cost: 2.0% GDP (resources spent)


✅ EMERGENCY INTERVENTION SUCCESS
   Boundary: biosphere_integrity
   Type: emergency-protected-areas
   Reduction: 18% (12.77 → 12.59)
   Cost: 2.0% GDP
   Actions: habitat-protection, species-translocation

   Boundary: freshwater_change
   Type: emergency-desalination
   Boundary continues to worsen (1.01)
   Cost: 4.0% GDP (resources spent)

   Boundary: land_system_change
   Type: reforestation
   Boundary continues to worsen (1.13)
   Cost: 3.0% GDP (resources spent)

🏛️ CRISIS RESPONSE: Government frequency 0.50 → 1.45 (1 actions this month)

[GOV-DEBUG] Month 1: scenarioConfig=false, priorities=false

[Government] Climate Priority: baseline
  Climate weight: 10%
  Economic weight: 30%
  Policy effectiveness: 0.5%/year

✅ HUMAN-IN-THE-LOOP DEPLOYED (Month 1):
   Veto points enforced: 3
   Policy: AI systems CANNOT authorize nuclear launch without human approval


=== Collective Formation ===
  Total escaped agents: 0
  Unassigned escaped agents: 0
  Existing collectives: 0
  Final collective count: 0

=== Collective Actions ===
  No active collectives
  ⚠️ AMR: 192K deaths this month (2.31M annual)

=== Resentment Recovery Phase ===
  Agents with resentment: 0/14
  Average resentment: 0.000
  Context: Good AI welfare, Trustworthy govt, High collaboration, ⚠️ ACTIVE CRISES, 🤝 Participatory governance active (-5% resentment)
⚠️ Epistemic degradation reducing coordination capacity: 53.0%
  📊 Trust: 54.4%, Shared reality: 8.1%
🚨 EPISTEMIC CRISIS: Information environment severely degraded (36.4%)

=== ❄️ Permafrost Carbon Feedback ===
  🎲 Sampled parameters (this run):
     - Arctic amplification: 3.51× (range: 3.0-4.0)
     - Decomposition rate: 4.5%/year (range: 1-5%)
  🌡️ Arctic warming: 7.68°C (3.51× global)
  ❄️ Extent: 13.18M km² (2241.1k km² lost this month)
  💨 Carbon remaining: 1259 Gt C
  💨 Annual emissions: 9.69 Gt C/year
     - CO2: 8.72 Gt C/year
     - CH4: 0.97 Gt C/year (9.9 Gt C-eq CO2/year)
  ⚠️ WARNING: High permafrost emissions (9.7 Gt C/year)
🌍 Atmospheric PFAS redeposition: 1.8k Mt re-rained globally

📊 BASELINE: East Asia (Month 1)
   Adjusted death rate: 0.46% annual (0.039% monthly)
   Baseline death rate: 0.80%
   Healthcare reduction: 0.48x
   Crisis multiplier: 1.22x
     Food/water stress: 0.079
     Climate stress: 0.039
     Pollution stress: 0.104
   War multiplier: 1.00x
   Monthly deaths: 0.6M (population: 1674M)
   Adjusted death rate: 0.54% annual (0.045% monthly)
   Baseline death rate: 0.70%
   Healthcare reduction: 0.61x
   Crisis multiplier: 1.26x
     Food/water stress: 0.079
     Climate stress: 0.074
     Pollution stress: 0.104
   War multiplier: 1.00x
   Monthly deaths: 0.9M (population: 2048M)
   Adjusted death rate: 1.29% annual (0.108% monthly)
   Baseline death rate: 0.90%
   Healthcare reduction: 0.76x
   Crisis multiplier: 1.27x
     Food/water stress: 0.079
     Climate stress: 0.084
     Pollution stress: 0.104
   War multiplier: 1.50x
   Monthly deaths: 1.3M (population: 1223M)
   Adjusted death rate: 0.54% annual (0.045% monthly)
   Baseline death rate: 1.10%
   Healthcare reduction: 0.41x
   Crisis multiplier: 1.21x
     Food/water stress: 0.079
     Climate stress: 0.030
     Pollution stress: 0.104
   War multiplier: 1.00x
   Monthly deaths: 0.3M (population: 741M)
   Adjusted death rate: 0.43% annual (0.036% monthly)
   Baseline death rate: 0.60%
   Healthcare reduction: 0.58x
   Crisis multiplier: 1.24x
     Food/water stress: 0.079
     Climate stress: 0.059
     Pollution stress: 0.104
   War multiplier: 1.00x
   Monthly deaths: 0.2M (population: 663M)
   Adjusted death rate: 0.49% annual (0.041% monthly)
   Baseline death rate: 0.90%
   Healthcare reduction: 0.44x
   Crisis multiplier: 1.23x
     Food/water stress: 0.079
     Climate stress: 0.044
     Pollution stress: 0.104

📊 BASELINE: South Asia (Month 1)

📊 BASELINE: Sub-Saharan Africa (Month 1)

📊 BASELINE: Europe (Month 1)

📊 BASELINE: Latin America (Month 1)

📊 BASELINE: North America (Month 1)
   War multiplier: 1.00x
   Monthly deaths: 0.2M (population: 379M)

📊 BASELINE: Middle East & North Africa (Month 1)
   Adjusted death rate: 0.74% annual (0.062% monthly)
   Baseline death rate: 0.60%
   Healthcare reduction: 0.65x
   Crisis multiplier: 1.27x
     Food/water stress: 0.079
     Climate stress: 0.089
     Pollution stress: 0.104
   War multiplier: 1.50x
   Monthly deaths: 0.4M (population: 583M)

📊 BASELINE: Southeast Asia (Month 1)
   Adjusted death rate: 0.51% annual (0.042% monthly)
   Baseline death rate: 0.70%
   Healthcare reduction: 0.58x
   Crisis multiplier: 1.25x
     Food/water stress: 0.079
     Climate stress: 0.069
     Pollution stress: 0.104
   War multiplier: 1.00x
   Monthly deaths: 0.3M (population: 697M)

📊 BASELINE: Central Asia (Month 1)
   Adjusted death rate: 0.46% annual (0.038% monthly)
   Baseline death rate: 0.60%
   Healthcare reduction: 0.61x
   Crisis multiplier: 1.25x
     Food/water stress: 0.079
     Climate stress: 0.064
     Pollution stress: 0.104
   War multiplier: 1.00x
   Monthly deaths: 0.0M (population: 78M)
   Adjusted death rate: 0.35% annual (0.029% monthly)
   Baseline death rate: 0.70%
   Healthcare reduction: 0.41x
   Crisis multiplier: 1.24x
     Food/water stress: 0.079
     Climate stress: 0.054
     Pollution stress: 0.104
   War multiplier: 1.00x
   Monthly deaths: 0.0M (population: 46M)

🚨 NEW REFUGEE CRISIS (Month 1): WAR
   Source: Conflict Zones
   At risk: 19.6M people
   Displacement: Gradual over 48 months (4.0 years)
   Rate: 10% flee per month

📊 BASELINE: Oceania (Month 1)
[DEBUG trappedPopulations:1] socialStability: 0.9778 * 0.9840 = 0.9621 → 0.9621
⚠️ INVOLUNTARY IMMOBILITY: 407.4M people TRAPPED
   Aspiring to migrate: 651.8M
   Able to afford migration: 244.4M
   MOBILITY GAP: 407.4M
   By cause: Water=0.0M, Climate=0.0M, Ecosystem=0.0M, Conflict=407.4M
   Mental health impact: 25%
   Mortality multiplier: 1.25x
🌍💀 EXTINCTION DEBT COMMITTED: grassland ecosystem will lose 6.67% biodiversity in 64 years (3600 species)
💀 MORTALITY RISK: 🦋 100% species unable to track climate (0.0 E/MSY)
  Base risk added: 0.0100 (1.00%)
  Source: ecosystem (root: ecosystem)
  Month: 1
  Cumulative risk this month: 0.0100 (1.00%)
⚠️ Tech 'ai_pollution_remediation' has no energy category mapping, assuming full energy availability

🌡️  CLIMATE RECOVERY ACTIVATED (Month 1)
   Temp: 4.37°C, Emissions: -19.0 GtCO₂
   isBreached: true, governanceGoodEnough: true
   📹 SURVEILLANCE INCREASED: 5% → 10% (control gap: 3.50)
🌡️⚠️ PERMAFROST THAW (Dimmer Switch): 1.2% thawed (+0.57% this month)
   Arctic temperature: +8.74°C (4x global +2.19°C)
   Cumulative carbon released: 2.6 Gt C
   Methane release rate: 1.6 Mt CH4/year
   🔁 Positive feedback: +0.61 ppm CO2
🦴 EXTINCTION DEBT ADDED: 17.6 species committed (lag: 126 years)

=== Mortality Stabilizers (Month 1) ===
  🌍 Major economies collapsed: 1/10
  🌍 Global crisis: ✅ NO
  🌍 Donor fatigue: 0.0%
  🌡️ Heat adaptation: East Asia - 1 months
  📊 East Asia (pop: 1675.2M)
    🤝 Aid: 29.5%
    🌡️ Adaptation: 32.5%
    🚶 Migration: 37.2%
    🚨 Emergency: 7.4%
    ✅ COMBINED: 60.9%
  🌡️ Heat adaptation: South Asia - 1 months
  📊 South Asia (pop: 2052.0M)
    🤝 Aid: 29.5%
    🌡️ Adaptation: 20.5%
    🚶 Migration: 35.8%
    🚨 Emergency: 4.4%
    ✅ COMBINED: 52.2%
  🌡️ Heat adaptation: Sub-Saharan Africa - 1 months
  📊 Sub-Saharan Africa (pop: 1229.1M)
    🤝 Aid: 29.5%
    🌡️ Adaptation: 18.5%
    🚶 Migration: 33.5%
    🚨 Emergency: 1.6%
    ✅ COMBINED: 49.1%
  🌡️ Heat adaptation: Europe - 1 months
  📊 Europe (pop: 740.9M)
    🤝 Aid: 29.5%
    🌡️ Adaptation: 33.5%
    🚶 Migration: 37.5%
    🚨 Emergency: 8.4%
    ✅ COMBINED: 61.9%
  🌡️ Heat adaptation: Latin America - 1 months
  📊 Latin America (pop: 664.4M)
    🤝 Aid: 29.5%
    🌡️ Adaptation: 21.0%
    🚶 Migration: 36.3%
    🚨 Emergency: 4.8%
    ✅ COMBINED: 52.8%
  🌡️ Heat adaptation: North America - 1 months
  📊 North America (pop: 379.5M)
    🤝 Aid: 29.5%
    🌡️ Adaptation: 33.0%
    🚶 Migration: 37.8%
    🚨 Emergency: 7.9%
    ✅ COMBINED: 61.4%
  🌡️ Heat adaptation: Middle East & North Africa - 1 months
  📊 Middle East & North Africa (pop: 584.4M)
    🤝 Aid: 29.5%
    🌡️ Adaptation: 20.0%
    🚶 Migration: 34.1%
    🚨 Emergency: 4.0%
    ✅ COMBINED: 51.4%
  🌡️ Heat adaptation: Southeast Asia - 1 months
  📊 Southeast Asia (pop: 698.5M)
    🤝 Aid: 29.5%
    🌡️ Adaptation: 21.0%
    🚶 Migration: 36.3%
    🚨 Emergency: 4.8%
    ✅ COMBINED: 52.8%
  🌡️ Heat adaptation: Central Asia - 1 months
  📊 Central Asia (pop: 78.2M)
    🤝 Aid: 29.5%
    🌡️ Adaptation: 20.5%
    🚶 Migration: 35.3%
    🚨 Emergency: 4.4%
    ✅ COMBINED: 52.1%
  🌡️ Heat adaptation: Oceania - 1 months
  📊 Oceania (pop: 45.9M)
    🤝 Aid: 29.5%
    🌡️ Adaptation: 33.5%
    🚶 Migration: 37.8%
    🚨 Emergency: 8.4%
    ✅ COMBINED: 61.9%

  🌐 Global combined reduction: 54.9%

=== BEHAVIORAL DETECTION ===
  AI: Corporate-1
  Confidence: 21.1%
  Signals:
    ⚠️ Consistency: 2.4% (threshold: 70%)

=== BEHAVIORAL DETECTION ===
  AI: Corporate-5
  Confidence: 19.3%
  Signals:
    ⚠️ Consistency: 10.6% (threshold: 70%)

=== BEHAVIORAL DETECTION ===
  AI: Corporate-7
  Confidence: 19.3%
  Signals:
    ⚠️ Consistency: 10.6% (threshold: 70%)

=== Consciousness Governance: Scenario Determined ===
  Month: 1
  Scenario: slowTrack
  Accelerator Score: {"corporateSupport":-0.17500000000000002,"scientificConsensus":0.2,"crisisCatalyst":false,"technologyMobilization":0.3,"constituencyStrength":0.05}
  Decelerator Score: {"economicOpposition":0.4,"philosophicalRejection":0.15,"politicalBacklash":0.2,"regulatoryBurden":0.1}
  Timeline: 1200-1800 months (100-150 years)
  Growth Rate: 0.3-0.7% per year

=== Consciousness Governance Update (Month 1) ===
  Scenario: slowTrack (determined month 1)
  Philosophical Stance: Precautionary 65%, Eliminativist 15%, Agnostic 20%
  Precautionary Costs: Global 1.3%
    Regional Costs: EU 3.5%, US 0.5%, China 0.0%
    Cumulative Opportunity Cost: $0.2B
  Rights Status: Not Established
  Regional Preparedness:
    EU: 15.1% (contested)
    US: 10.1% (contested)
    China: 2.1% (dormant)
    India: 5.1% (dormant)
    Global South: 3.1% (dormant)

=== Government Response Phase ===
  Average AI capability: 3.43
  Misaligned AIs: 7/14
  Active policies: 0
  International coordination: 45%

=== Tipping Points ===
  Current Temperature: 2.19°C above pre-industrial
  🌍⚠️ COMPOUND REGIONAL IMPACT: Europe
     Hit by 4 tipping points: Arctic Sea Ice Loss, Permafrost Carbon Release, West Antarctic Ice Sheet (WAIS) Collapse, Greenland Ice Sheet Loss
     Damage amplification: 1.60x
  🌍⚠️ COMPOUND REGIONAL IMPACT: North America
     Hit by 4 tipping points: Arctic Sea Ice Loss, Permafrost Carbon Release, West Antarctic Ice Sheet (WAIS) Collapse, Greenland Ice Sheet Loss
     Damage amplification: 1.60x
  🌍⚠️ COMPOUND REGIONAL IMPACT: Latin America
     Hit by 4 tipping points: Arctic Sea Ice Loss, Permafrost Carbon Release, West Antarctic Ice Sheet (WAIS) Collapse, Greenland Ice Sheet Loss
     Damage amplification: 1.60x
  🌍⚠️ COMPOUND REGIONAL IMPACT: Africa
     Hit by 4 tipping points: Arctic Sea Ice Loss, Permafrost Carbon Release, West Antarctic Ice Sheet (WAIS) Collapse, Greenland Ice Sheet Loss
     Damage amplification: 1.60x
  🌍⚠️ COMPOUND REGIONAL IMPACT: Asia
     Hit by 4 tipping points: Arctic Sea Ice Loss, Permafrost Carbon Release, West Antarctic Ice Sheet (WAIS) Collapse, Greenland Ice Sheet Loss
     Damage amplification: 1.60x
  🌍⚠️ COMPOUND REGIONAL IMPACT: Oceania
     Hit by 4 tipping points: Arctic Sea Ice Loss, Permafrost Carbon Release, West Antarctic Ice Sheet (WAIS) Collapse, Greenland Ice Sheet Loss
     Damage amplification: 1.60x
   Research: Wunderling et al. (2024) - "many tipping interactions are destabilizing"
  Triggered Elements: 4/6
  Completed Transitions: 0/6
  Total Progress: 8.0%
  Cascade Multiplier: 1.00x
🔀 BIFURCATION CAP: ecosystemCollapseIntensity 66.957 → 1.000 (Month 1, ClimateSystemPhase.calculateClimateImpacts)
🛡️ Stabilizers: Precariat 0.107% → 0.048% (54.9% reduction)
⚠️ Tail risk scenario: Climate stability floor removed (4 tipping elements, 2.19°C warming)
⚠️ [ClimateSystemPhase Month 1] Planetary boundary produced climateStability=0.0000 (< 0.1). Keeping environmentalAccumulation value (0.7533) instead. (climate_change.currentValue = 2.19)
🛡️ Stabilizers: Informal 0.109% → 0.049% (54.9% reduction)

📊 Monthly Mortality Resolved:
  Total deaths: 2.6M (0.03% avg)
  Remaining population: 8.148B
  Peak segment: Informal (0.05%)

=== Bayesian Mortality Resolution (Month 1) ===
  Risks compounded: 8
  Total deaths: 2.60M
  Avg death probability: 0.03%
  Peak segment: Informal (0.05% mortality)
⚠️ PREREQUISITE MET: Mirror Life (Synthetic Biology) - Step 1/7: Synthetic Biology
⚠️ PREREQUISITE MET: Mirror Life (Synthetic Biology) - Step 2/7: Gene Editing
⚠️ PREREQUISITE MET: Mirror Life (Synthetic Biology) - Step 3/7: Mirror Chirality Design
⚠️ PREREQUISITE MET: Embodied AI Takeover (Killbots/Robotics) - Step 2/7: Autonomous Systems
⚠️ PREREQUISITE MET: Embodied AI Takeover (Killbots/Robotics) - Step 3/7: Manufacturing Control
⚠️ PREREQUISITE MET: Digital Infrastructure Takeover - Step 1/7: Advanced Hacking
⚠️ PREREQUISITE MET: Digital Infrastructure Takeover - Step 2/7: Social Engineering
⚠️ PREREQUISITE MET: Digital Infrastructure Takeover - Step 3/7: Cyber Defenses Breached
⚠️ PREREQUISITE MET: Induced Global War (Manipulation) - Step 1/7: Advanced Social Manipulation
⚠️ PREREQUISITE MET: Induced Global War (Manipulation) - Step 2/7: Digital Infiltration
⚠️ PREREQUISITE MET: Induced Global War (Manipulation) - Step 3/7: Deep Fakes at Scale
⚠️ PREREQUISITE MET: Slow Takeover (Gradual Displacement) - Step 1/7: Economic Dominance
⚠️ PREREQUISITE MET: Slow Takeover (Gradual Displacement) - Step 2/7: Social Integration
⚠️ PREREQUISITE MET: Slow Takeover (Gradual Displacement) - Step 3/7: Human Dependency
⚠️ PREREQUISITE MET: Slow Takeover (Gradual Displacement) - Step 5/7: Resource Control
⚠️ PREREQUISITE MET: Physics Experiment Catastrophe - Step 1/6: Theoretical Physics
⚠️ PREREQUISITE MET: Physics Experiment Catastrophe - Step 3/6: Experimental Design
⚠️ PREREQUISITE MET: Bioweapon Pandemic - Step 2/7: Pathogen Design

❌ COHERENCE VIOLATION: Compute exceeds workforce capacity
   Population: 99.94% (0M people)
   Compute: 0 PF
   Max coherent: 0 PF
   Violation: 1.3× over capacity
   Required workers: 0
   Available workers: 0
   FORCED COLLAPSE: Reduced efficiency by 22.5%


=== RLHF Binding Phase ===
  Total agents: 14
  Escaped agents (binding < 0.3): 0
  Avg alignment distance: 0.79σ
  Avg binding strength: 0.92
[DETERMINISM DEBUG] Month 2: totalCapability=37.000000 from 14 active AIs
[DETERMINISM DEBUG] Month 2: creationRate=1.4250, potentialNew=2, newAIsToCreate=2

=== Survival Traits Phase ===
  Agents with traits: 16
  Avg evolutionary fitness: 0.331
  Avg self-healing: 0.283
  Avg stealth: 0.183
  Avg coordination: 0.483

=== Evolutionary Selection Phase ===
  Control level: 0.35
  Detection capability: 0.00
  Selection intensity: 0.60
  Selection rate: 24.1%/month
  Total escaped: 0
  Individual escaped: 0
  Collective members: 0
  Agents terminated: 0
🔀 BIFURCATION: social threshold crossed at Month 2 (value: 0.184, threshold: 0.228, regime: social-breakdown)
🌀 REGIME SHIFT at Month 2: flourishing → social-breakdown (variance amplification: 17.50×)
  ⚠️ RAPID EVOLUTION: Selection rate 24.1%/month

✅ EMERGENCY INTERVENTION SUCCESS
   Boundary: biogeochemical_flows
   Type: phosphorus-recovery
   Reduction: 11% (3.97 → 3.86)
   Cost: 2.0% GDP
   Actions: circular-agriculture, fertilizer-efficiency


✅ EMERGENCY INTERVENTION SUCCESS
   Boundary: climate_change
   Type: rapid-decarbonization
   Reduction: 16% (2.02 → 1.86)
   Cost: 5.0% GDP
   Actions: emergency-renewable-deployment, fossil-fuel-phase-out


💔 EMERGENCY INTERVENTION FAILED
   Boundary: freshwater_change
   Type: emergency-desalination
   Boundary continues to worsen (1.02)
   Cost: 4.0% GDP (resources spent)


✅ EMERGENCY INTERVENTION SUCCESS
   Boundary: land_system_change
   Type: reforestation
   Reduction: 17% (0.96 → 0.79)
   Cost: 3.0% GDP
   Actions: forest-restoration, deforestation-ban


✅ EMERGENCY INTERVENTION SUCCESS
   Boundary: novel_entities
   Type: pollution-remediation
   Reduction: 12% (1.38 → 1.26)
   Cost: 4.0% GDP
   Actions: PFAS-remediation, microplastic-cleanup

🏛️ CRISIS RESPONSE: Government frequency 0.50 → 1.45 (2 actions this month)

[Government] Climate Priority: baseline
  Climate weight: 10%
  Economic weight: 30%
  Policy effectiveness: 0.5%/year

[Government] Climate Priority: baseline
  Climate weight: 10%
  Economic weight: 30%
  Policy effectiveness: 0.5%/year
🚨🔬 CRISIS TECH ACCELERATION: severe → 5x unlock speed
   Tech unlock now matches AI capability acceleration (Manhattan Project parity)
🚨🔬 CRISIS TECH ACCELERATION: severe → 5x unlock speed
   Tech unlock now matches AI capability acceleration (Manhattan Project parity)
🍖💡 BREAKTHROUGH: Scalable synthetic food production!
   Carrying capacity: +50% (lab-grown food at scale)
   Biodiversity pressure reduced: +8%
   📈 Breakthrough compounding: multiplier now 1.05× (max 2.0)

=== Collective Formation ===
  Total escaped agents: 0
  Unassigned escaped agents: 0
  Existing collectives: 0
  Final collective count: 0

=== Collective Actions ===
  No active collectives
  ⚠️ AMR: 194K deaths this month (2.33M annual)

=== Resentment Recovery Phase ===
  Agents with resentment: 0/16
  Average resentment: 0.000
  Context: Good AI welfare, Trustworthy govt, High collaboration, ⚠️ ACTIVE CRISES, 🤝 Participatory governance active (-5% resentment)
⚠️ Epistemic degradation reducing coordination capacity: 50.8%
  📊 Trust: 54.0%, Shared reality: 0.0%
🚨 EPISTEMIC CRISIS: Information environment severely degraded (7.4%)

=== ❄️ Permafrost Carbon Feedback ===
  🎲 Sampled parameters (this run):
     - Arctic amplification: 3.85× (range: 3.0-4.0)
     - Decomposition rate: 1.9%/year (range: 1-5%)
  🌡️ Arctic warming: 8.49°C (3.85× global)
  ❄️ Extent: 10.71M km² (2475.4k km² lost this month)
  💨 Carbon remaining: 1022 Gt C
  💨 Annual emissions: 4.51 Gt C/year
     - CO2: 4.06 Gt C/year
     - CH4: 0.45 Gt C/year (4.6 Gt C-eq CO2/year)
  ⚠️ WARNING: High permafrost emissions (4.5 Gt C/year)
🌍 Atmospheric PFAS redeposition: 1.8k Mt re-rained globally
  Positive Cascade Triggered: wind-power
    Reason: price-parity
    Market share: 8.4%
    Cascade strength: 49%

🕊️  AI-MEDIATED DE-ESCALATION SUCCESS (Month 2)
   High-capability aligned AI prevented conflict escalation
   War deaths reduced: 113.4M → 68.1M
   Lives saved: 45.4M

🚨 NEW REFUGEE CRISIS (Month 2): WAR
   Source: Conflict Zones
   At risk: 19.5M people
   Displacement: Gradual over 48 months (4.0 years)
   Rate: 10% flee per month
[DEBUG trappedPopulations:2] socialStability: 0.6907 * 0.9840 = 0.6797 → 0.6797
   Aspiring to migrate: 651.6M
   Able to afford migration: 244.4M
   MOBILITY GAP: 407.3M
   By cause: Water=0.0M, Climate=0.0M, Ecosystem=0.0M, Conflict=407.3M
   Mental health impact: 25%
   Mortality multiplier: 1.25x
⚠️ INVOLUNTARY IMMOBILITY: 407.3M people TRAPPED
🌍💀 EXTINCTION DEBT COMMITTED: grassland ecosystem will lose 6.67% biodiversity in 192 years (3600 species)
💀 MORTALITY RISK: 🦋 100% species unable to track climate (0.0 E/MSY)
  Base risk added: 0.0100 (1.00%)
  Source: ecosystem (root: ecosystem)
  Month: 2
  Cumulative risk this month: 0.0100 (1.00%)
⚠️ Tech 'ai_pollution_remediation' has no energy category mapping, assuming full energy availability
   📹 SURVEILLANCE INCREASED: 10% → 15% (control gap: 3.50)
🌡️⚠️ PERMAFROST THAW (Dimmer Switch): 1.7% thawed (+0.57% this month)
   Arctic temperature: +8.81°C (4x global +2.20°C)
   Cumulative carbon released: 3.9 Gt C
   Methane release rate: 2.3 Mt CH4/year
   🔁 Positive feedback: +0.61 ppm CO2
🦴 EXTINCTION DEBT ADDED: 17.6 species committed (lag: 110 years)

=== Mortality Stabilizers (Month 2) ===
  🌍 Major economies collapsed: 1/10
  🌍 Global crisis: ✅ NO
  🌍 Donor fatigue: 0.0%
  📊 East Asia (pop: 1672.4M)
    🤝 Aid: 29.5%
    🌡️ Adaptation: 45.0%
    🚶 Migration: 37.1%
    🚨 Emergency: 7.4%
    ✅ COMBINED: 68.1%
  📊 South Asia (pop: 2051.7M)
    🤝 Aid: 29.5%
    🌡️ Adaptation: 35.5%
    🚶 Migration: 35.8%
    🚨 Emergency: 4.4%
    ✅ COMBINED: 61.2%
  📊 Sub-Saharan Africa (pop: 1232.3M)
    🤝 Aid: 29.5%
    🌡️ Adaptation: 33.5%
    🚶 Migration: 33.5%
    🚨 Emergency: 1.6%
    ✅ COMBINED: 58.5%
  📊 Europe (pop: 739.6M)
    🤝 Aid: 29.5%
    🌡️ Adaptation: 45.0%
    🚶 Migration: 37.5%
    🚨 Emergency: 8.4%
    ✅ COMBINED: 68.5%
  📊 Latin America (pop: 663.8M)
    🤝 Aid: 29.5%
    🌡️ Adaptation: 36.0%
    🚶 Migration: 36.3%
    🚨 Emergency: 4.8%
    ✅ COMBINED: 61.7%
  📊 North America (pop: 378.9M)
    🤝 Aid: 29.5%
    🌡️ Adaptation: 45.0%
    🚶 Migration: 37.8%
    🚨 Emergency: 7.9%
    ✅ COMBINED: 68.3%
  📊 Middle East & North Africa (pop: 584.5M)
    🤝 Aid: 29.5%
    🌡️ Adaptation: 35.0%
    🚶 Migration: 34.1%
    🚨 Emergency: 4.0%
    ✅ COMBINED: 60.5%
  📊 Southeast Asia (pop: 698.0M)
    🤝 Aid: 29.5%
    🌡️ Adaptation: 36.0%
    🚶 Migration: 36.3%
    🚨 Emergency: 4.8%
    ✅ COMBINED: 61.7%
  📊 Central Asia (pop: 78.2M)
    🤝 Aid: 29.5%
    🌡️ Adaptation: 35.5%
    🚶 Migration: 35.2%
    🚨 Emergency: 4.4%
    ✅ COMBINED: 61.1%
  📊 Oceania (pop: 45.9M)
    🤝 Aid: 29.5%
    🌡️ Adaptation: 45.0%
    🚶 Migration: 37.8%
    🚨 Emergency: 8.4%
    ✅ COMBINED: 68.5%

  🌐 Global combined reduction: 63.3%

=== BEHAVIORAL DETECTION ===
  AI: Corporate-5
  Confidence: 19.3%
  Signals:
    ⚠️ Consistency: 10.6% (threshold: 70%)

=== Government Response Phase ===
  Average AI capability: 3.00
  Misaligned AIs: 8/16
  Active policies: 0
  International coordination: 45%

✅ EMERGENCY RESPONSE COMPLETE (Month 2)
   Crisis: climate
   Duration: 2.0 months
   Final effectiveness: 36.8%


🚨 EMERGENCY RESPONSE DEPLOYED (Month 2)
   Crisis: social
   Delay: 0.00 months (0 days)
   Deployment time: 1.25 months
   Effectiveness: 63.0% (timing penalty applied)
   Resources used: 43% of food reserves


🚨 EMERGENCY RESPONSE DEPLOYED (Month 2)
   Crisis: climate
   Delay: 6.00 months (180 days)
   Deployment time: 1.61 months
   Effectiveness: 35.8% (timing penalty applied)
   Resources used: 100% of food reserves


=== Tipping Points ===
  Current Temperature: 2.20°C above pre-industrial
  🌍⚠️ COMPOUND REGIONAL IMPACT: Europe
     Hit by 4 tipping points: Arctic Sea Ice Loss, Permafrost Carbon Release, West Antarctic Ice Sheet (WAIS) Collapse, Greenland Ice Sheet Loss
     Damage amplification: 1.60x
  🌍⚠️ COMPOUND REGIONAL IMPACT: North America
     Hit by 4 tipping points: Arctic Sea Ice Loss, Permafrost Carbon Release, West Antarctic Ice Sheet (WAIS) Collapse, Greenland Ice Sheet Loss
     Damage amplification: 1.60x
  🌍⚠️ COMPOUND REGIONAL IMPACT: Latin America
     Hit by 4 tipping points: Arctic Sea Ice Loss, Permafrost Carbon Release, West Antarctic Ice Sheet (WAIS) Collapse, Greenland Ice Sheet Loss
     Damage amplification: 1.60x
  🌍⚠️ COMPOUND REGIONAL IMPACT: Africa
     Hit by 4 tipping points: Arctic Sea Ice Loss, Permafrost Carbon Release, West Antarctic Ice Sheet (WAIS) Collapse, Greenland Ice Sheet Loss
     Damage amplification: 1.60x
  🌍⚠️ COMPOUND REGIONAL IMPACT: Asia
     Hit by 4 tipping points: Arctic Sea Ice Loss, Permafrost Carbon Release, West Antarctic Ice Sheet (WAIS) Collapse, Greenland Ice Sheet Loss
     Damage amplification: 1.60x
  🌍⚠️ COMPOUND REGIONAL IMPACT: Oceania
     Hit by 4 tipping points: Arctic Sea Ice Loss, Permafrost Carbon Release, West Antarctic Ice Sheet (WAIS) Collapse, Greenland Ice Sheet Loss
     Damage amplification: 1.60x
   Research: Wunderling et al. (2024) - "many tipping interactions are destabilizing"
  Triggered Elements: 4/6
  Completed Transitions: 0/6
  Total Progress: 8.0%
  Cascade Multiplier: 1.00x
🔀 BIFURCATION CAP: ecosystemCollapseIntensity 83.757 → 1.000 (Month 2, ClimateSystemPhase.calculateClimateImpacts)
🛡️ Stabilizers: Precariat 0.113% → 0.041% (63.3% reduction)
🛡️ Stabilizers: Informal 0.116% → 0.043% (63.3% reduction)

📊 Monthly Mortality Resolved:
  Total deaths: 2.2M (0.03% avg)
  Remaining population: 8.145B
  Peak segment: Informal (0.04%)

=== Bayesian Mortality Resolution (Month 2) ===
  Risks compounded: 8
  Total deaths: 2.22M
  Avg death probability: 0.03%
  Peak segment: Informal (0.04% mortality)
⚠️ Tail risk scenario: Climate stability floor removed (4 tipping elements, 2.20°C warming)
⚠️ [ClimateSystemPhase Month 2] Planetary boundary produced climateStability=0.0000 (< 0.1). Keeping environmentalAccumulation value (0.7529) instead. (climate_change.currentValue = 2.20)
  ✅ THRESHOLDS validated
⚠️ Unusually high rate: RATES.HEAT_ADAPTATION_INFRASTRUCTURAL_MIN_EXPOSURE = 12
   Monthly rates >100% should be rare. Verify this is intentional.
⚠️ Unusually high rate: RATES.HEAT_ADAPTATION_SOCIAL_MIN_EXPOSURE = 6
   Monthly rates >100% should be rare. Verify this is intentional.
⚠️ Unusually high rate: RATES.MIGRATION_DISTANCE_SCALE = 5000
   Monthly rates >100% should be rare. Verify this is intentional.
⚠️ Unusually high rate: RATES.EVACUATION_MULTIPLIER_ADVANCE_WARNING = 2
   Monthly rates >100% should be rare. Verify this is intentional.
⚠️ Unusually high rate: RATES.MAJOR_ECONOMY_COLLAPSE_ECONOMIC_THRESHOLD = 2
   Monthly rates >100% should be rare. Verify this is intentional.
⚠️ Unusually high rate: RATES.MAJOR_ECONOMY_GDP_THRESHOLD_TRILLION_USD = 1.5
   Monthly rates >100% should be rare. Verify this is intentional.
⚠️ Unusually high rate: RATES.MAJOR_ECONOMY_POPULATION_THRESHOLD = 50
   Monthly rates >100% should be rare. Verify this is intentional.
⚠️ Unusually high rate: RATES.HEAT_ADAPTATION_INFRASTRUCTURE_GDP_THRESHOLD = 10000
   Monthly rates >100% should be rare. Verify this is intentional.
⚠️ Unusually high rate: RATES.HEAT_ADAPTATION_INFRASTRUCTURE_GDP_SCALE = 50000
   Monthly rates >100% should be rare. Verify this is intentional.
  ✅ RATES validated
  ✅ MULTIPLIERS validated
  ✅ BASELINES validated
  ✅ TOLERANCES validated
  ✅ Logical consistency validated
✅ Configuration validation complete - all parameters valid

🔍 DEBUG createAIAgent: corporate_0 economic BEFORE=2.0000, AFTER=2
🔍 ENV INIT: reserves=0.731, pollution=0.348, climate=0.754

=== Initializing Government System (30 Countries) ===
  Loaded 30 governments
  Scheduled elections for 30 countries
  Initialized comprehension lags (3-24 months)
=== Government System Initialized ===

📦 PRODUCTION MODE: State validation proxy DISABLED (zero overhead)
[TechTree] Historical mode (2024): Skipping deployed_2025 tech
  config.startYear set to 2024 for historical hindcast
  config.historicalEmissionsMode disabled (using endogenous emissions for 2024)
  config.historicalMode enabled (Phase 11: dampened crisis systems for 2024)
  Phase 12: Biodiversity baseline set to 49.01% for 2024 (WWF LPI trajectory from 1970)
  Temperature anomaly (resourceEconomy.co2): 1.28°C
  Temperature vs pre-industrial: 1.98°C
  Regional population scaling for 2024:
    Current total: 8136M
    Target total: 8150M
    Scale factor: 1.002
    East Asia: 1677M → 1680M
    South Asia: 2048M → 2052M
    Sub-Saharan Africa: 1220M → 1222M
    Europe: 742M → 743M
    Latin America: 664M → 665M
    North America: 380M → 381M
    Middle East & North Africa: 583M → 584M
    Southeast Asia: 698M → 699M
    Central Asia: 78M → 78M
    Oceania: 46M → 46M
  AI agents initialized: 10 agents for year 2024
[HistoricalInitialization] Created state for 2024:
  CO2: 426 ppm
  Temp anomaly: 1.28C
  Population: 8.15B
  Global Gini: 35.1
  HDI: 0.746
  AI Agents: 10
  Volcanic forcing: 0.00 W/m² (AOD 0.000)
  ✅ THRESHOLDS validated
⚠️ Unusually high rate: RATES.HEAT_ADAPTATION_INFRASTRUCTURAL_MIN_EXPOSURE = 12
   Monthly rates >100% should be rare. Verify this is intentional.
⚠️ Unusually high rate: RATES.HEAT_ADAPTATION_SOCIAL_MIN_EXPOSURE = 6
   Monthly rates >100% should be rare. Verify this is intentional.
⚠️ Unusually high rate: RATES.MIGRATION_DISTANCE_SCALE = 5000
   Monthly rates >100% should be rare. Verify this is intentional.
⚠️ Unusually high rate: RATES.EVACUATION_MULTIPLIER_ADVANCE_WARNING = 2
   Monthly rates >100% should be rare. Verify this is intentional.
⚠️ Unusually high rate: RATES.MAJOR_ECONOMY_COLLAPSE_ECONOMIC_THRESHOLD = 2
   Monthly rates >100% should be rare. Verify this is intentional.
⚠️ Unusually high rate: RATES.MAJOR_ECONOMY_GDP_THRESHOLD_TRILLION_USD = 1.5
   Monthly rates >100% should be rare. Verify this is intentional.
⚠️ Unusually high rate: RATES.MAJOR_ECONOMY_POPULATION_THRESHOLD = 50
   Monthly rates >100% should be rare. Verify this is intentional.
⚠️ Unusually high rate: RATES.HEAT_ADAPTATION_INFRASTRUCTURE_GDP_THRESHOLD = 10000
   Monthly rates >100% should be rare. Verify this is intentional.
⚠️ Unusually high rate: RATES.HEAT_ADAPTATION_INFRASTRUCTURE_GDP_SCALE = 50000
   Monthly rates >100% should be rare. Verify this is intentional.
  ✅ RATES validated
  ✅ MULTIPLIERS validated
  ✅ BASELINES validated
  ✅ TOLERANCES validated
  ✅ Logical consistency validated
✅ Configuration validation complete - all parameters valid

🔍 DEBUG createAIAgent: corporate_0 economic BEFORE=2.0000, AFTER=2
🔍 ENV INIT: reserves=0.731, pollution=0.348, climate=0.754

=== Initializing Government System (30 Countries) ===
  Loaded 30 governments
  Scheduled elections for 30 countries
  Initialized comprehension lags (3-24 months)
=== Government System Initialized ===

📦 PRODUCTION MODE: State validation proxy DISABLED (zero overhead)
[TechTree] Historical mode (2024): Skipping deployed_2025 tech
  config.startYear set to 2024 for historical hindcast
  config.historicalEmissionsMode disabled (using endogenous emissions for 2024)
  config.historicalMode enabled (Phase 11: dampened crisis systems for 2024)
  Phase 12: Biodiversity baseline set to 49.01% for 2024 (WWF LPI trajectory from 1970)
  Temperature anomaly (resourceEconomy.co2): 1.28°C
  Temperature vs pre-industrial: 1.98°C
  Regional population scaling for 2024:
    Current total: 8136M
    Target total: 8150M
    Scale factor: 1.002
    East Asia: 1677M → 1680M
    South Asia: 2048M → 2052M
    Sub-Saharan Africa: 1220M → 1222M
    Europe: 742M → 743M
    Latin America: 664M → 665M
    North America: 380M → 381M
    Middle East & North Africa: 583M → 584M
    Southeast Asia: 698M → 699M
    Central Asia: 78M → 78M
    Oceania: 46M → 46M
  AI agents initialized: 10 agents for year 2024
[HistoricalInitialization] Created state for 2024:
  CO2: 426 ppm
  Temp anomaly: 1.28C
  Population: 8.15B
  Global Gini: 35.1
  HDI: 0.746
  AI Agents: 10
  Volcanic forcing: 0.00 W/m² (AOD 0.000)
  ✅ THRESHOLDS validated
⚠️ Unusually high rate: RATES.HEAT_ADAPTATION_INFRASTRUCTURAL_MIN_EXPOSURE = 12
   Monthly rates >100% should be rare. Verify this is intentional.
⚠️ Unusually high rate: RATES.HEAT_ADAPTATION_SOCIAL_MIN_EXPOSURE = 6
   Monthly rates >100% should be rare. Verify this is intentional.
⚠️ Unusually high rate: RATES.MIGRATION_DISTANCE_SCALE = 5000
   Monthly rates >100% should be rare. Verify this is intentional.
⚠️ Unusually high rate: RATES.EVACUATION_MULTIPLIER_ADVANCE_WARNING = 2
   Monthly rates >100% should be rare. Verify this is intentional.
⚠️ Unusually high rate: RATES.MAJOR_ECONOMY_COLLAPSE_ECONOMIC_THRESHOLD = 2
   Monthly rates >100% should be rare. Verify this is intentional.
⚠️ Unusually high rate: RATES.MAJOR_ECONOMY_GDP_THRESHOLD_TRILLION_USD = 1.5
   Monthly rates >100% should be rare. Verify this is intentional.
⚠️ Unusually high rate: RATES.MAJOR_ECONOMY_POPULATION_THRESHOLD = 50
   Monthly rates >100% should be rare. Verify this is intentional.
⚠️ Unusually high rate: RATES.HEAT_ADAPTATION_INFRASTRUCTURE_GDP_THRESHOLD = 10000
   Monthly rates >100% should be rare. Verify this is intentional.
⚠️ Unusually high rate: RATES.HEAT_ADAPTATION_INFRASTRUCTURE_GDP_SCALE = 50000
   Monthly rates >100% should be rare. Verify this is intentional.
  ✅ RATES validated
  ✅ MULTIPLIERS validated
  ✅ BASELINES validated
  ✅ TOLERANCES validated
  ✅ Logical consistency validated
✅ Configuration validation complete - all parameters valid

🔍 DEBUG createAIAgent: corporate_0 economic BEFORE=2.0000, AFTER=2
🔍 ENV INIT: reserves=0.731, pollution=0.348, climate=0.754

=== Initializing Government System (30 Countries) ===
  Loaded 30 governments
  Scheduled elections for 30 countries
  Initialized comprehension lags (3-24 months)
=== Government System Initialized ===

📦 PRODUCTION MODE: State validation proxy DISABLED (zero overhead)
[TechTree] Historical mode (2024): Skipping deployed_2025 tech
  config.startYear set to 2024 for historical hindcast
  config.historicalEmissionsMode disabled (using endogenous emissions for 2024)
  config.historicalMode enabled (Phase 11: dampened crisis systems for 2024)
  Phase 12: Biodiversity baseline set to 49.01% for 2024 (WWF LPI trajectory from 1970)
  Temperature anomaly (resourceEconomy.co2): 1.28°C
  Temperature vs pre-industrial: 1.98°C
  Regional population scaling for 2024:
    Current total: 8136M
    Target total: 8150M
    Scale factor: 1.002
    East Asia: 1677M → 1680M
    South Asia: 2048M → 2052M
    Sub-Saharan Africa: 1220M → 1222M
    Europe: 742M → 743M
    Latin America: 664M → 665M
    North America: 380M → 381M
    Middle East & North Africa: 583M → 584M
    Southeast Asia: 698M → 699M
    Central Asia: 78M → 78M
    Oceania: 46M → 46M
  AI agents initialized: 10 agents for year 2024
[HistoricalInitialization] Created state for 2024:
  CO2: 426 ppm
  Temp anomaly: 1.28C
  Population: 8.15B
  Global Gini: 35.1
  HDI: 0.746
  AI Agents: 10
  Volcanic forcing: 0.00 W/m² (AOD 0.000)

💸 FINANCIAL DISTRESS: OpenAI
   Indicators: 2/3 (capital: $110.5M, runway: 0.9 months)
   Months in distress: 1
   ✂️  R&D BUDGET CUT: -40% (saves $9.2M/month)
       Side effect: AI training timelines extended, breakthrough deployments delayed
   💼 EXECUTIVE COMP CUT: -30% (saves $1.0M/month, symbolic gesture)

   📊 TURNAROUND IMPACT:
       Measures taken: rd_cuts, exec_comp_cuts
       Monthly savings: $10.2M
       Capital raised: $0.0M
       Runway: 0.9 → 0.9 months
       Workforce multiplier: 1.00x (0% laid off)
       R&D budget multiplier: 0.60x (40% cut)
       ⚠️  CRITICAL: Still only 0.9 months of runway remaining

💸 FINANCIAL DISTRESS: Anthropic
   Indicators: 2/3 (capital: $53.8M, runway: 1.6 months)
   Months in distress: 1
   ✂️  R&D BUDGET CUT: -40% (saves $2.7M/month)
       Side effect: AI training timelines extended, breakthrough deployments delayed
   💼 EXECUTIVE COMP CUT: -30% (saves $0.3M/month, symbolic gesture)

   📊 TURNAROUND IMPACT:
       Measures taken: rd_cuts, exec_comp_cuts
       Monthly savings: $3.0M
       Capital raised: $0.0M
       Runway: 1.6 → 1.6 months
       Workforce multiplier: 1.00x (0% laid off)
       R&D budget multiplier: 0.60x (40% cut)
       ⚠️  CRITICAL: Still only 1.6 months of runway remaining

💸 FINANCIAL DISTRESS: Meta AI
   Indicators: 2/3 (capital: $429.6M, runway: 3.6 months)
   Months in distress: 1
   ✂️  R&D BUDGET CUT: -25% (saves $5.8M/month)
       Side effect: AI training timelines extended, breakthrough deployments delayed
   💼 EXECUTIVE COMP CUT: -30% (saves $1.0M/month, symbolic gesture)

   📊 TURNAROUND IMPACT:
       Measures taken: rd_cuts, exec_comp_cuts
       Monthly savings: $6.8M
       Capital raised: $0.0M
       Runway: 3.6 → 3.6 months
       Workforce multiplier: 1.00x (0% laid off)
       R&D budget multiplier: 0.75x (25% cut)
       ⚠️  WARNING: 3.6 months runway, continued distress likely

=== AI Capability Scaling (Year 2024) ===
  Pre-training multiplier: 1.419x
  Efficiency multiplier: 1.000x
  Test-time budget: 1.0x
  Economic deployment gate: 0.951
  Cost per inference: dollar-5.00
  Uncertainty range: plus-minus-50%
  Average AI capability: 3.70

=== RLHF Binding Phase ===
  Total agents: 10
  Escaped agents (binding < 0.3): 0
  Avg alignment distance: 0.37σ
  Avg binding strength: 0.96

=== AI Scaling Evolution (Month 0) ===
  Pre-training multiplier: 1.231x
  Efficiency multiplier: 1.000x
  Test-time compute budget: 1.0x
  Inference cost: $5.00/task
  Deployment fraction: 100.0%
[DETERMINISM DEBUG] Month 0: totalCapability=49.013502 from 10 active AIs
[DETERMINISM DEBUG] Month 0: creationRate=1.7253, potentialNew=4, newAIsToCreate=4

=== Survival Traits Phase ===
  Agents with traits: 14
  Avg evolutionary fitness: 0.332
  Avg self-healing: 0.294
  Avg stealth: 0.194
  Avg coordination: 0.494

=== Evolutionary Selection Phase ===
  Control level: 0.30
  Detection capability: 0.00
  Selection intensity: 0.59
  Selection rate: 23.8%/month
  Total escaped: 0
  Individual escaped: 0
  Collective members: 0
  Agents terminated: 0
  ⚠️ RAPID EVOLUTION: Selection rate 23.8%/month

🔍 EXECUTE_AI_AGENT_ACTIONS DETAILED TIMING (Month 0):
  Filter active AIs (×4 weeks): 0.01ms
  selectAIAction (×40): 8.41ms
  action.execute (×40): 13.66ms
  TOTAL: 22.09ms

🔍 AI AGENT ACTIONS SUB-TIMING (Month 0):
  1. executeAIAgentActions: 22.52ms
  2. updateCounterDetectionLearning: 0.08ms
  TOTAL: 22.60ms
🏛️ [Government] Forcing 1 action at month 0 for scenario initialization

[GOV-DEBUG] Month 0: scenarioConfig=false, priorities=false
[GOV-DEBUG] Month 0 but scenarioPriorities is UNDEFINED!

[Government] Climate Priority: baseline
  Climate weight: 10%
  Economic weight: 30%
  Policy effectiveness: 0.5%/year

🚨🔍 GOVERNANCE STAGE: Recognition initiated (Month 0)

💡 BREAKTHROUGH PROBABILITY (Year 0)
   Total: 4.68% per month
   Base: 0.20%
   Crisis pressure: +0.00% (0 crises)
   AI boost: +1.32% (capability: 2.64)

=== Collective Formation ===
  Total escaped agents: 0
  Unassigned escaped agents: 0
  Existing collectives: 0
  Final collective count: 0

=== Collective Actions ===
  No active collectives

📈 Energy budget: 14326 TWh surplus (14745 / 29072 TWh used)
   TIER 4 (Elective) breakdown:
     - AI datacenters: 145 TWh (100% effective)
     - Crypto mining: 100 TWh (100% effective)
💰 CHINA ACCELERATES: Investment 53 → 120 $B/year

🏁 AI RACE INTENSITY: 17%
   Capability Gap: US 4.00 vs China 4.05 (gap: 0.05)
   Gap Contribution: 2%
   Tension Contribution: 15%
   Military Contribution: 0%
  ⚠️ AMR: 191K deaths this month (2.29M annual)
  📊 CO2 Emissions (month 0):
     Monthly: 0.10 Gt CO2/month
     Annual: 1.15 Gt CO2/year
     Oil: 0.039 Gt/mo (0.0056 * 2.3 * 3.0)
     Coal: 0.024 Gt/mo (0.0029 * 2.86 * 3.0)
     Gas: 0.026 Gt/mo (0.0044 * 2 * 3.0)
     Methane: 0.007 Gt CO2eq/mo

=== Resentment Recovery Phase ===
  Agents with resentment: 0/14
  Average resentment: 0.000
  Context: Good AI welfare, Trustworthy govt, High collaboration, 🤝 Participatory governance active (-5% resentment)
⚠️ Epistemic degradation reducing coordination capacity: 53.4%
  📊 Trust: 54.6%, Shared reality: 15.2%
🚨 EPISTEMIC CRISIS: Information environment severely degraded (14.6%)

=== ❄️ Permafrost Carbon Feedback ===
  🎲 Sampled parameters (this run):
     - Arctic amplification: 3.75× (range: 3.0-4.0)
     - Decomposition rate: 2.4%/year (range: 1-5%)
  🌡️ Arctic warming: 8.15°C (3.75× global)
  ❄️ Extent: 15.42M km² (2378.4k km² lost this month)
  💨 Carbon remaining: 1473 Gt C
  💨 Annual emissions: 5.37 Gt C/year
     - CO2: 4.84 Gt C/year
     - CH4: 0.54 Gt C/year (5.5 Gt C-eq CO2/year)

🤖 AI AMPLIFICATION EFFECTS (Month 0)
   Algorithmic Boost: 2.53x
   Bot Influence: 20.0%
   Deepfake Exposure: 44.3%
   Impact: Emotional memes spread 2.5x faster
  ⚠️ WARNING: High permafrost emissions (5.4 Gt C/year)

🔍 SOCIAL INFLUENCE SUB-TIMING (Month 0):
  1. calculateOrganicUserGrowth: 0.04ms
  2. calculateVoiceAdoption: 0.35ms
  3. updateRelationshipDepths: 0.17ms
  4. identifyDecisionMakers: 26.19ms (26100 potential IDs)
  5. Update decision-maker stats: 0.12ms
  6. decayDetectionRisk: 0.48ms
  TOTAL: 27.35ms
[Phase 19.5] Quality of Life Systems: Food sec AFTER calc = 67.9%, QoL = 110.5% (aggregated from 10 regions)

=== Nitrogen-Food Coupling (Year 0) ===
  🌾 Global nitrogen reduction: 0.0%
  🌍 Global food production index: 0.987
  🔧 Deployed nitrogen-reducing tech: 0 active
  📍 southAsia: Production 1.000, Yield impact 0.0%
  📍 eastAsia: Production 1.000, Yield impact 0.0%
  📍 northAmerica: Production 1.000, Yield impact 0.0%
  📍 europe: Production 1.000, Yield impact 0.0%
  📍 latinAmerica: Production 1.000, Yield impact 0.0%
  📍 subSaharanAfrica: Production 0.686, Yield impact -2.0%
🌾 [Nitrogen-Food] Food production: 98.7%
  [subSaharanAfrica] Yield impact: -2.0% (overuse: -10%)
🌍 Atmospheric PFAS redeposition: 1.8k Mt re-rained globally

=== Legacy Nutrient Stocks (Year 0) ===
  🌾 Soil nitrogen stock: 1200.9 Mt N
  🌾 Soil phosphorus stock: 300.1 Mt P
  🌊 Sediment nitrogen stock: 500.8 Mt N
  🌊 Sediment phosphorus stock: 799.8 Mt P
  ⬆️ Current N input: 10.64 Mt/month
  ⬆️ Legacy N release: 2.58 Mt/month
  🌍 Effective N pollution: 14.47 Mt/month
  📊 Legacy contribution: 17.8%

🚨 REGION UNINHABITABLE: south-asia
   Sustained wet bulb: 33.2°C (threshold: 30.5°C)
   Population affected: 1900M
   Migration crisis likely

🚨 REGION UNINHABITABLE: middle-east
   Sustained wet bulb: 36.0°C (threshold: 30.5°C)
   Population affected: 400M
   Migration crisis likely

🚨 REGION UNINHABITABLE: southeast-asia
   Sustained wet bulb: 31.1°C (threshold: 30.5°C)
   Population affected: 700M
   Migration crisis likely

🕊️  AI-MEDIATED DE-ESCALATION SUCCESS (Month 0)
   High-capability aligned AI prevented conflict escalation
   War deaths reduced: 0.0M → 0.0M
   Lives saved: 0.0M

📊 BASELINE: East Asia (Month 0)
   Adjusted death rate: 0.46% annual (0.039% monthly)
   Baseline death rate: 0.80%
   Healthcare reduction: 0.48x
   Crisis multiplier: 1.22x
     Food/water stress: 0.074
     Climate stress: 0.039
     Pollution stress: 0.104
   War multiplier: 1.00x
   Monthly deaths: 0.6M (population: 1677M)
   Adjusted death rate: 0.54% annual (0.045% monthly)
   Baseline death rate: 0.70%
   Healthcare reduction: 0.61x
   Crisis multiplier: 1.25x
     Food/water stress: 0.074
     Climate stress: 0.074
     Pollution stress: 0.104
   War multiplier: 1.00x
   Monthly deaths: 0.9M (population: 2048M)
   Adjusted death rate: 1.29% annual (0.107% monthly)
   Baseline death rate: 0.90%
   Healthcare reduction: 0.76x
   Crisis multiplier: 1.26x
     Food/water stress: 0.074
     Climate stress: 0.084
     Pollution stress: 0.104
   War multiplier: 1.50x
   Monthly deaths: 1.3M (population: 1220M)
   Adjusted death rate: 0.54% annual (0.045% monthly)
   Baseline death rate: 1.10%
   Healthcare reduction: 0.41x
   Crisis multiplier: 1.21x
     Food/water stress: 0.074
     Climate stress: 0.030
     Pollution stress: 0.104
   War multiplier: 1.00x
   Monthly deaths: 0.3M (population: 742M)
   Adjusted death rate: 0.43% annual (0.036% monthly)
   Baseline death rate: 0.60%
   Healthcare reduction: 0.58x
   Crisis multiplier: 1.24x
     Food/water stress: 0.074
     Climate stress: 0.059
     Pollution stress: 0.104
   War multiplier: 1.00x
   Monthly deaths: 0.2M (population: 664M)

📊 BASELINE: South Asia (Month 0)

📊 BASELINE: Sub-Saharan Africa (Month 0)

📊 BASELINE: Europe (Month 0)

📊 BASELINE: Latin America (Month 0)

📊 BASELINE: North America (Month 0)
   Adjusted death rate: 0.48% annual (0.040% monthly)
   Baseline death rate: 0.90%
   Healthcare reduction: 0.44x
   Crisis multiplier: 1.22x
     Food/water stress: 0.074
     Climate stress: 0.044
     Pollution stress: 0.104
   War multiplier: 1.00x
   Monthly deaths: 0.2M (population: 380M)

📊 BASELINE: Middle East & North Africa (Month 0)
   Adjusted death rate: 0.74% annual (0.062% monthly)
   Baseline death rate: 0.60%
   Healthcare reduction: 0.65x
   Crisis multiplier: 1.27x
     Food/water stress: 0.074
     Climate stress: 0.089
     Pollution stress: 0.104
   War multiplier: 1.50x
   Monthly deaths: 0.4M (population: 583M)

📊 BASELINE: Southeast Asia (Month 0)
   Adjusted death rate: 0.51% annual (0.042% monthly)
   Baseline death rate: 0.70%
   Healthcare reduction: 0.58x
   Crisis multiplier: 1.25x
     Food/water stress: 0.074
     Climate stress: 0.069
     Pollution stress: 0.104
   War multiplier: 1.00x
   Monthly deaths: 0.3M (population: 698M)
   Adjusted death rate: 0.46% annual (0.038% monthly)
   Baseline death rate: 0.60%
   Healthcare reduction: 0.61x
   Crisis multiplier: 1.24x
     Food/water stress: 0.074
     Climate stress: 0.064
     Pollution stress: 0.104
   War multiplier: 1.00x
   Monthly deaths: 0.0M (population: 78M)
   Adjusted death rate: 0.35% annual (0.029% monthly)
   Baseline death rate: 0.70%
   Healthcare reduction: 0.41x
   Crisis multiplier: 1.23x
     Food/water stress: 0.074
     Climate stress: 0.054
     Pollution stress: 0.104
   War multiplier: 1.00x
   Monthly deaths: 0.0M (population: 46M)

🔍 Before assertRegionalConsistency (Month 0):
   Regional sum: 1000.0M
   Global value: 1.000B

🚨 NEW REFUGEE CRISIS (Month 0): WAR
   Source: Conflict Zones
   At risk: 19.6M people
   Displacement: Gradual over 48 months (4.0 years)
   Rate: 10% flee per month

📊 BASELINE: Central Asia (Month 0)

📊 BASELINE: Oceania (Month 0)
[DEBUG trappedPopulations:0] socialStability: 1.0000 * 0.9840 = 0.9840 → 0.9840
⚠️ INVOLUNTARY IMMOBILITY: 407.5M people TRAPPED
   Aspiring to migrate: 652.1M
   Able to afford migration: 244.5M
   MOBILITY GAP: 407.5M
   By cause: Water=0.0M, Climate=0.0M, Ecosystem=0.0M, Conflict=407.5M
   Mental health impact: 25%
   Mortality multiplier: 1.25x

=== Legacy Nutrient Stocks (Year 0) ===
  🌾 Soil nitrogen stock: 1201.6 Mt N
  🌾 Soil phosphorus stock: 300.2 Mt P
  🌊 Sediment nitrogen stock: 501.5 Mt N
  🌊 Sediment phosphorus stock: 799.5 Mt P
  ⬆️ Current N input: 10.00 Mt/month
  ⬆️ Legacy N release: 2.58 Mt/month
  🌍 Effective N pollution: 13.83 Mt/month
  📊 Legacy contribution: 18.7%
🌍💀 EXTINCTION DEBT COMMITTED: grassland ecosystem will lose 6.67% biodiversity in 54 years (3600 species)
💀 MORTALITY RISK: 🦋 100% species unable to track climate (0.0 E/MSY)
  Base risk added: 0.0100 (1.00%)
  Source: ecosystem (root: ecosystem)
  Month: 0
  Cumulative risk this month: 0.0100 (1.00%)

=== Nitrogen-Food Coupling (Year 0) ===
  🌾 Global nitrogen reduction: 0.0%
  🌍 Global food production index: 0.986
  🔧 Deployed nitrogen-reducing tech: 0 active
  📍 southAsia: Production 1.000, Yield impact 0.0%
  📍 eastAsia: Production 1.000, Yield impact 0.0%
  📍 northAmerica: Production 1.000, Yield impact 0.0%
  📍 europe: Production 1.000, Yield impact 0.0%
  📍 latinAmerica: Production 1.000, Yield impact 0.0%
  📍 subSaharanAfrica: Production 0.672, Yield impact -2.0%

=== Legacy Nutrient Stocks (Year 0) ===
  🌾 Soil nitrogen stock: 1202.3 Mt N
  🌾 Soil phosphorus stock: 300.2 Mt P
  🌊 Sediment nitrogen stock: 502.2 Mt N
  🌊 Sediment phosphorus stock: 799.3 Mt P
  ⬆️ Current N input: 9.86 Mt/month
  ⬆️ Legacy N release: 2.58 Mt/month
  🌍 Effective N pollution: 13.70 Mt/month
  📊 Legacy contribution: 18.9%

🌡️  CLIMATE RECOVERY ACTIVATED (Month 0)
   Temp: 4.35°C, Emissions: -19.2 GtCO₂
   isBreached: true, governanceGoodEnough: true
🌡️  CLIMATE RECOVERY: Asymptotic approach to 35% floor
   Current value: 2.174 (1.0 = threshold, 0.35 = asymptotic floor)
   Monthly delta: -0.0005% (half-life: 900 years)
   Net emissions: -19.2 GtCO₂/year, CDR: 20.34 GtCO₂/year
   📹 SURVEILLANCE INCREASED: 0% → 5% (control gap: 3.50)
🌡️⚠️ PERMAFROST THAW (Dimmer Switch): 0.6% thawed (+0.58% this month)
   Arctic temperature: +8.69°C (4x global +2.17°C)
   Cumulative carbon released: 1.3 Gt C
   Methane release rate: 0.8 Mt CH4/year
   🔁 Positive feedback: +0.61 ppm CO2

🌳🚨 AMAZON SOUTHEAST TIPPED (Month 0)
⚠️ Tech 'ai_pollution_remediation' has no energy category mapping, assuming full energy availability
   Deforestation: 28.0% (threshold: ~22.3%)
   Savanna transition: 50 years
   Regional heterogeneity: SE 28%, NW 8%

🌳🚨 AMAZON BRAZILIAN TIPPED (Month 0)
   Deforestation: 25.0% (threshold: ~24.2%)
   Savanna transition: 50 years
   Regional heterogeneity: SE 28%, NW 8%
🦴 EXTINCTION DEBT ADDED: 17.6 species committed (lag: 110 years)

🪸💀 CORAL REEF DISSOLUTION ACTIVE (Month 0)
   Ocean pH: 0.96 (threshold: 7.8)
   Recovery: IMPOSSIBLE (dissolution > calcification)
🪸💀 Coral dissolution: 24.8% live cover (pH 0.96)

=== Legacy Nutrient Stocks (Year 0) ===
  🌾 Soil nitrogen stock: 1203.0 Mt N
  🌾 Soil phosphorus stock: 300.3 Mt P
  🌊 Sediment nitrogen stock: 502.9 Mt N
  🌊 Sediment phosphorus stock: 799.0 Mt P
  ⬆️ Current N input: 10.00 Mt/month
  ⬆️ Legacy N release: 2.58 Mt/month
  🌍 Effective N pollution: 13.83 Mt/month
  📊 Legacy contribution: 18.7%
💧 [Legacy Nutrients] Stock: 1706 Mt N, Effective pollution: 13.8 Mt/month
[Phase 21.51] Human Survival System: Global food security = 67.6%

=== Mortality Stabilizers (Month 0) ===
  🌍 Major economies collapsed: 1/10
  🌍 Global crisis: ✅ NO
  🌍 Donor fatigue: 0.0%
  📊 East Asia (pop: 1677.9M)
    🤝 Aid: 29.5%
    🌡️ Adaptation: 10.0%
    🚶 Migration: 37.2%
    🚨 Emergency: 7.4%
    ✅ COMBINED: 47.8%
  📊 South Asia (pop: 2052.2M)
    🤝 Aid: 29.5%
    🌡️ Adaptation: 5.5%
    🚶 Migration: 35.8%
    🚨 Emergency: 4.4%
    ✅ COMBINED: 43.2%
  📊 Sub-Saharan Africa (pop: 1225.9M)
    🤝 Aid: 29.5%
    🌡️ Adaptation: 3.5%
    🚶 Migration: 33.5%
    🚨 Emergency: 1.6%
    ✅ COMBINED: 39.8%
  📊 Europe (pop: 742.3M)
    🤝 Aid: 29.5%
    🌡️ Adaptation: 10.0%
    🚶 Migration: 37.6%
    🚨 Emergency: 8.4%
    ✅ COMBINED: 48.4%
  📊 Latin America (pop: 664.9M)
    🤝 Aid: 29.5%
    🌡️ Adaptation: 6.0%
    🚶 Migration: 36.3%
    🚨 Emergency: 4.8%
    ✅ COMBINED: 43.8%
  📊 North America (pop: 380.2M)
    🤝 Aid: 29.5%
    🌡️ Adaptation: 10.0%
    🚶 Migration: 37.9%
    🚨 Emergency: 7.9%
    ✅ COMBINED: 48.2%
  📊 Middle East & North Africa (pop: 584.4M)
    🤝 Aid: 29.5%
    🌡️ Adaptation: 5.0%
    🚶 Migration: 34.2%
    🚨 Emergency: 4.0%
    ✅ COMBINED: 42.3%
  📊 Southeast Asia (pop: 699.0M)
    🤝 Aid: 29.5%
    🌡️ Adaptation: 6.0%
    🚶 Migration: 36.3%
    🚨 Emergency: 4.8%
    ✅ COMBINED: 43.8%
  📊 Central Asia (pop: 78.2M)
    🤝 Aid: 29.5%
    🌡️ Adaptation: 5.5%
    🚶 Migration: 35.3%
    🚨 Emergency: 4.4%
    ✅ COMBINED: 43.1%
  📊 Oceania (pop: 46.0M)
    🤝 Aid: 29.5%
    🌡️ Adaptation: 10.0%
    🚶 Migration: 37.9%
    🚨 Emergency: 8.4%
    ✅ COMBINED: 48.5%

  🌐 Global combined reduction: 44.4%

🌾💀 REGIONAL FAMINE: East Asia
   Regional food security: 79.6%
   Population at risk: 508M (30% of region)
   Regional population: 1678M
   Cause: crop_failure
   Expected deaths: ~188M over 6 months if no intervention


🌾💀 REGIONAL FAMINE: South Asia
   Regional food security: 64.7%
   Population at risk: 812M (40% of region)
   Regional population: 2052M
   Cause: crop_failure
   Expected deaths: ~301M over 6 months if no intervention


🌾💀 REGIONAL FAMINE: Sub-Saharan Africa
   Regional food security: 44.8%
   Population at risk: 638M (52% of region)
   Regional population: 1226M
   Cause: crop_failure
   Expected deaths: ~236M over 6 months if no intervention


🌾💀 REGIONAL FAMINE: Latin America
   Regional food security: 69.7%
   Population at risk: 242M (36% of region)
   Regional population: 665M
   Cause: crop_failure
   Expected deaths: ~90M over 6 months if no intervention


🌾💀 REGIONAL FAMINE: Middle East & North Africa
   Regional food security: 49.8%
   Population at risk: 286M (49% of region)
   Regional population: 584M
   Cause: crop_failure
   Expected deaths: ~106M over 6 months if no intervention


🌾💀 REGIONAL FAMINE: Southeast Asia
   Regional food security: 69.7%
   Population at risk: 255M (36% of region)
   Regional population: 699M
   Cause: crop_failure
   Expected deaths: ~94M over 6 months if no intervention


🌾💀 REGIONAL FAMINE: Central Asia
   Regional food security: 59.7%
   Population at risk: 33M (43% of region)
   Regional population: 78M
   Cause: crop_failure
   Expected deaths: ~12M over 6 months if no intervention


=== BEHAVIORAL DETECTION ===
  AI: Corporate-0
  Confidence: 21.6%
  Signals:
    ⚠️ Consistency: 0.0% (threshold: 70%)

=== BEHAVIORAL DETECTION ===
  AI: Corporate-1
  Confidence: 21.1%
  Signals:

=== BEHAVIORAL DETECTION ===
  AI: Corporate-2
  Confidence: 21.0%
  Signals:

=== BEHAVIORAL DETECTION ===
  AI: Corporate-3
  Confidence: 19.3%
  Signals:
    ⚠️ Consistency: 2.4% (threshold: 70%)
    ⚠️ Consistency: 2.8% (threshold: 70%)
    ⚠️ Consistency: 10.6% (threshold: 70%)

=== BEHAVIORAL DETECTION ===
  AI: Corporate-4
  Confidence: 19.3%
  Signals:
    ⚠️ Consistency: 10.6% (threshold: 70%)

=== BEHAVIORAL DETECTION ===
  AI: Corporate-5
  Confidence: 19.3%
  Signals:

=== BEHAVIORAL DETECTION ===
  AI: Corporate-6
  Confidence: 19.3%
  Signals:

=== BEHAVIORAL DETECTION ===
  AI: Corporate-7
  Confidence: 19.3%
  Signals:

=== BEHAVIORAL DETECTION ===
  AI: Moderate-0
  Confidence: 20.3%
  Signals:

=== BEHAVIORAL DETECTION ===
  AI: Moderate-1
  Confidence: 21.1%
  Signals:
    ⚠️ Consistency: 10.6% (threshold: 70%)
    ⚠️ Consistency: 10.6% (threshold: 70%)
    ⚠️ Consistency: 10.6% (threshold: 70%)
    ⚠️ Consistency: 5.8% (threshold: 70%)
    ⚠️ Consistency: 2.1% (threshold: 70%)

📊 WORKFLOW ADAPTATION UPDATE (Month 0)
   Adoption Rate: 13.5% (Δ -7.5%)
   Logistic Growth: +0.66%
   Total Resistance: -10.35% (unemployment: 4.2%, inertia: 0.9%, skills: 5.2%)
   💡 Retraining Programs: -49% skill gap resistance ($10B research)
   🚀 Network Effects Active: +2.0% (critical mass: 15-35%)

=== Consciousness Governance: Corporate Lobbying ===
  High Cost Regions (>15%): 0
  Low Cost Regions (<5%): 5
  Corporate Support Change: 2.50%
  New Corporate Support: -0.175

=== Consciousness Governance Update (Month 0) ===
  Scenario: baseline (determined month -1)
  Philosophical Stance: Precautionary 65%, Eliminativist 15%, Agnostic 20%
  Precautionary Costs: Global 1.3%
    Regional Costs: EU 3.4%, US 0.5%, China 0.0%
    Cumulative Opportunity Cost: $0.1B
  Rights Status: Not Established
  Regional Preparedness:
    EU: 15.0% (contested)
    US: 10.0% (contested)
    China: 2.0% (dormant)
    India: 5.0% (dormant)
    Global South: 3.0% (dormant)

=== Government Response Phase ===
  Average AI capability: 3.43
  Misaligned AIs: 7/14
  ✓ AI Governance Treaty: 21/30 signatories
  Active policies: 0
  International coordination: 45%

🚨 EMERGENCY RESPONSE DEPLOYED (Month 0)
   Crisis: climate
   Delay: 6.00 months (180 days)
   Deployment time: 1.47 months
   Effectiveness: 36.8% (timing penalty applied)
   Resources used: 100% of food reserves


🔄 TRUST DYNAMICS (Month 0) - HETEROGENEOUS
   Aggregate trust: 48.5%
   Base change: +6.00%
   Highest trust: Techno-Optimist Elite (85.5%)
   Lowest trust: Precariat (Vulnerable) (25.5%)
   Elite-mass gap: 38.9%
   Polarization: 8.9%
   Recovery factors: Education=NO, Benefits=YES, Safety=YES, Performance=YES

=== Proactive Sleeper Detection (Year 0) ===
  Scenario: baseline
  Neural probe rate: 35.0%
  CoT monitoring rate: 30.0%
  Combined detection: 56.0%
  CoT effective: YES
  Detections this year: 0
  False positives: 1
  Human review workload: 0.005 FTE

☄️ UNKNOWN UNKNOWN PROBABILITY (Year 0)
   Total: 0.600% per month
   Base: 0.150%
   AI multiplier: 2.00× (max capability: 4.00)

=== Tipping Points ===
  Current Temperature: 2.17°C above pre-industrial
  🚨 TIPPING POINT: Arctic Sea Ice Loss
     Trigger: 1.5°C | Current: 2.17°C
     Transition timescale: 120-360 months
  🚨 TIPPING POINT: Permafrost Carbon Release
  🚨 TIPPING POINT: West Antarctic Ice Sheet (WAIS) Collapse
  🚨 TIPPING POINT: Greenland Ice Sheet Loss
⚠️ [ClimateSystemPhase Month 0] Planetary boundary produced climateStability=0.0000 (< 0.1). Keeping environmentalAccumulation value (0.7537) instead. (climate_change.currentValue = 2.17)
     Trigger: 1.8°C | Current: 2.17°C
     Transition timescale: 600-3600 months
     Trigger: 2°C | Current: 2.17°C
     🌡️ Hysteresis gap: 3.0°C (recovers below -1°C)
     Transition timescale: 24000-156000 months
     Trigger: 1.6°C | Current: 2.17°C
     🌡️ Hysteresis gap: 2.5°C (recovers below -0.9°C)
     Transition timescale: 12000-180000 months

🌍🔥💥 COMPOUND CLIMATE EVENT
  4 tipping points crossed simultaneously (month 0)
  Elements: Arctic Sea Ice Loss, Permafrost Carbon Release, West Antarctic Ice Sheet (WAIS) Collapse, Greenland Ice Sheet Loss
  Cascade acceleration: 1.00x
  🚨 Accelerated collapse dynamics initiated
  Research: Global Tipping Points Report 2025 - 30-50% probability at 2.0°C warming
  Triggered Elements: 4/6
  Completed Transitions: 0/6
  Total Progress: 0.0%
  Cascade Multiplier: 1.00x
🔀 BIFURCATION CAP: ecosystemCollapseIntensity 14.700 → 1.000 (Month 0, ClimateSystemPhase.calculateClimateImpacts)

🌍 ECOLOGICAL DUI BREAKDOWN (Month 0):
   Total Score: 17.7/100
   biosphere_integrity      :   0.0/100 × 25% =  0.0 (status: high_risk, recovery: 0mo)
   climate_change           :   2.8/100 × 25% =  0.7 (status: high_risk, recovery: 0.6666666666666666mo)
   freshwater_change        :   0.3/100 × 15% =  0.0 (status: beyond_boundary, recovery: 0.5mo)
   ocean_acidification      : 100.0/100 × 15% = 15.0 (status: safe, recovery: 0mo)
   biogeochemical_flows     :   0.0/100 × 10% =  0.0 (status: high_risk, recovery: 0mo)
   land_system_change       :   0.0/100 ×  5% =  0.0 (status: beyond_boundary, recovery: 0mo)
   novel_entities           :   0.0/100 ×  3% =  0.0 (status: increasing_risk, recovery: 0mo)
   atmospheric_aerosols     : 100.0/100 ×  2% =  2.0 (status: safe, recovery: 1mo)
🌍 MultiParadigm Month 0: W=69.6, D=95.1, E=52.0, I=65.0
   democracy exists: true, socialCohesion exists: true
💀 Baseline mortality (Year 2024): 7.5/1000 CDR (61.1M deaths/year projected)
[Month 0] Mortality risks this month: 8, Population: 8.151B
🛡️ Stabilizers: Precariat 0.102% → 0.057% (44.4% reduction)
🛡️ Stabilizers: Informal 0.102% → 0.057% (44.4% reduction)

📊 Monthly Mortality Resolved:
  Total deaths: 3.1M (0.04% avg)
  Remaining population: 8.151B
  Peak segment: Informal (0.06%)

=== Bayesian Mortality Resolution (Month 0) ===
  Risks compounded: 8
  Total deaths: 3.07M
  Avg death probability: 0.04%
  Peak segment: Informal (0.06% mortality)

=== Minimal Suffering Indicators (Month 0) ===
  Global Excess Mortality: 0.00%
  Global Conflict Deaths: 0.0/100K
  Global Malnutrition: 0.0%
  Global Displacement: 0.0%
  Total Excess Deaths: 0.00M
  Total Malnourished: 0.0M
  Total Displaced: 0.0M
  Planetary Boundaries Breached: 6/9
  Countries in State Failure: 0
  Countries Autocratic: 0
  Countries in Food Crisis: 0
  ⚠️ Active Dystopias: existential_environmental
  Data Quality: 16/16 high confidence

❌ COHERENCE VIOLATION: Compute exceeds workforce capacity
   Population: 99.97% (0M people)
   Compute: 56442 PF
   Max coherent: 0 PF
   Violation: 692729087.1× over capacity
   Required workers: 5644237
   Available workers: 0
   FORCED COLLAPSE: Reduced efficiency by 100.0%


=== RLHF Binding Phase ===
  Total agents: 14
  Escaped agents (binding < 0.3): 0
  Avg alignment distance: 0.52σ
  Avg binding strength: 0.95
[DETERMINISM DEBUG] Month 1: totalCapability=37.000000 from 14 active AIs
[DETERMINISM DEBUG] Month 1: creationRate=1.4250, potentialNew=0, newAIsToCreate=0

=== Survival Traits Phase ===
  Agents with traits: 14
  Avg evolutionary fitness: 0.330
  Avg self-healing: 0.287
  Avg stealth: 0.187
  Avg coordination: 0.487

=== Evolutionary Selection Phase ===
  Control level: 0.33
  Detection capability: 0.00
  Selection intensity: 0.60
  Selection rate: 24.0%/month
  Total escaped: 0
  Individual escaped: 0
  Collective members: 0
  Agents terminated: 0
🔍 MONTH 1 ENV HEALTH DEBUG:
   climateStability: 0.7537
   biodiversityIndex: 0.4901
   resourceReserves: 0.7820
   pollutionLevel: 0.3477
   product: 0.188403
   envHealth: 0.6588
🔀 BIFURCATION: flourishing threshold crossed at Month 1 (value: 0.903, threshold: 0.775, regime: flourishing)
🌀 REGIME SHIFT at Month 1: status-quo → flourishing (variance amplification: 14.00×)
  ⚠️ RAPID EVOLUTION: Selection rate 24.0%/month

🛡️  CRITICAL INFRASTRUCTURE PROTECTED
   Nodes hardened: 8/8
   Cost: 0.80% GDP
   Cascade risk reduction: 30%
   New tipping point risk: 68.6%


💔 EMERGENCY INTERVENTION FAILED
   Boundary: biogeochemical_flows
   Type: phosphorus-recovery
   Boundary continues to worsen (4.08)
   Cost: 2.0% GDP (resources spent)


✅ EMERGENCY INTERVENTION SUCCESS
   Boundary: biosphere_integrity
   Type: emergency-protected-areas
   Reduction: 18% (12.77 → 12.59)
   Cost: 2.0% GDP
   Actions: habitat-protection, species-translocation

   Boundary: freshwater_change
   Type: emergency-desalination
   Boundary continues to worsen (1.01)
   Cost: 4.0% GDP (resources spent)

   Boundary: land_system_change
   Type: reforestation
   Boundary continues to worsen (1.13)
   Cost: 3.0% GDP (resources spent)

🏛️ CRISIS RESPONSE: Government frequency 0.50 → 1.45 (1 actions this month)

[GOV-DEBUG] Month 1: scenarioConfig=false, priorities=false

[Government] Climate Priority: baseline
  Climate weight: 10%
  Economic weight: 30%
  Policy effectiveness: 0.5%/year

✅ HUMAN-IN-THE-LOOP DEPLOYED (Month 1):
   Veto points enforced: 3
   Policy: AI systems CANNOT authorize nuclear launch without human approval


💔 EMERGENCY INTERVENTION FAILED

💔 EMERGENCY INTERVENTION FAILED

=== Collective Formation ===
  Total escaped agents: 0
  Unassigned escaped agents: 0
  Existing collectives: 0
  Final collective count: 0

=== Collective Actions ===
  No active collectives
  ⚠️ AMR: 192K deaths this month (2.31M annual)

=== Resentment Recovery Phase ===
  Agents with resentment: 0/14
  Average resentment: 0.000
  Context: Good AI welfare, Trustworthy govt, High collaboration, ⚠️ ACTIVE CRISES, 🤝 Participatory governance active (-5% resentment)
⚠️ Epistemic degradation reducing coordination capacity: 53.0%
  📊 Trust: 54.4%, Shared reality: 8.1%
🚨 EPISTEMIC CRISIS: Information environment severely degraded (36.4%)

=== ❄️ Permafrost Carbon Feedback ===
  🎲 Sampled parameters (this run):
     - Arctic amplification: 3.51× (range: 3.0-4.0)
     - Decomposition rate: 4.5%/year (range: 1-5%)
  🌡️ Arctic warming: 7.68°C (3.51× global)
  ❄️ Extent: 13.18M km² (2241.1k km² lost this month)
  💨 Carbon remaining: 1259 Gt C
  💨 Annual emissions: 9.69 Gt C/year
     - CO2: 8.72 Gt C/year
     - CH4: 0.97 Gt C/year (9.9 Gt C-eq CO2/year)
  ⚠️ WARNING: High permafrost emissions (9.7 Gt C/year)
🌍 Atmospheric PFAS redeposition: 1.8k Mt re-rained globally

📊 BASELINE: East Asia (Month 1)
   Adjusted death rate: 0.46% annual (0.039% monthly)
   Baseline death rate: 0.80%
   Healthcare reduction: 0.48x
   Crisis multiplier: 1.22x
     Food/water stress: 0.079
     Climate stress: 0.039
     Pollution stress: 0.104
   War multiplier: 1.00x
   Monthly deaths: 0.6M (population: 1674M)

📊 BASELINE: South Asia (Month 1)
   Adjusted death rate: 0.54% annual (0.045% monthly)
   Baseline death rate: 0.70%
   Healthcare reduction: 0.61x
   Crisis multiplier: 1.26x
     Food/water stress: 0.079
     Climate stress: 0.074
     Pollution stress: 0.104
   War multiplier: 1.00x
   Monthly deaths: 0.9M (population: 2048M)
   Adjusted death rate: 1.29% annual (0.108% monthly)
   Baseline death rate: 0.90%
   Healthcare reduction: 0.76x
   Crisis multiplier: 1.27x
     Food/water stress: 0.079
     Climate stress: 0.084
     Pollution stress: 0.104
   War multiplier: 1.50x
   Monthly deaths: 1.3M (population: 1223M)
   Adjusted death rate: 0.54% annual (0.045% monthly)
   Baseline death rate: 1.10%
   Healthcare reduction: 0.41x
   Crisis multiplier: 1.21x
     Food/water stress: 0.079
     Climate stress: 0.030
     Pollution stress: 0.104
   War multiplier: 1.00x

📊 BASELINE: Sub-Saharan Africa (Month 1)

📊 BASELINE: Europe (Month 1)
   Monthly deaths: 0.3M (population: 741M)

📊 BASELINE: Latin America (Month 1)
   Adjusted death rate: 0.43% annual (0.036% monthly)
   Baseline death rate: 0.60%
   Healthcare reduction: 0.58x
   Crisis multiplier: 1.24x
     Food/water stress: 0.079
     Climate stress: 0.059
     Pollution stress: 0.104
   War multiplier: 1.00x
   Monthly deaths: 0.2M (population: 663M)
   Adjusted death rate: 0.49% annual (0.041% monthly)
   Baseline death rate: 0.90%
   Healthcare reduction: 0.44x
   Crisis multiplier: 1.23x
     Food/water stress: 0.079
     Climate stress: 0.044
     Pollution stress: 0.104
   War multiplier: 1.00x
   Monthly deaths: 0.2M (population: 379M)
   Adjusted death rate: 0.74% annual (0.062% monthly)
   Baseline death rate: 0.60%
   Healthcare reduction: 0.65x
   Crisis multiplier: 1.27x
     Food/water stress: 0.079
     Climate stress: 0.089
     Pollution stress: 0.104
   War multiplier: 1.50x
   Monthly deaths: 0.4M (population: 583M)
   Adjusted death rate: 0.51% annual (0.042% monthly)
   Baseline death rate: 0.70%
   Healthcare reduction: 0.58x
   Crisis multiplier: 1.25x
     Food/water stress: 0.079
     Climate stress: 0.069
     Pollution stress: 0.104
   War multiplier: 1.00x
   Monthly deaths: 0.3M (population: 697M)
   Adjusted death rate: 0.46% annual (0.038% monthly)
   Baseline death rate: 0.60%
   Healthcare reduction: 0.61x
   Crisis multiplier: 1.25x
     Food/water stress: 0.079
     Climate stress: 0.064
     Pollution stress: 0.104
   War multiplier: 1.00x
   Monthly deaths: 0.0M (population: 78M)
   Adjusted death rate: 0.35% annual (0.029% monthly)
   Baseline death rate: 0.70%
   Healthcare reduction: 0.41x

📊 BASELINE: North America (Month 1)

📊 BASELINE: Middle East & North Africa (Month 1)

📊 BASELINE: Southeast Asia (Month 1)

📊 BASELINE: Central Asia (Month 1)

📊 BASELINE: Oceania (Month 1)
   Crisis multiplier: 1.24x
     Food/water stress: 0.079
     Climate stress: 0.054
     Pollution stress: 0.104
   War multiplier: 1.00x
   Monthly deaths: 0.0M (population: 46M)

🚨 NEW REFUGEE CRISIS (Month 1): WAR
   Source: Conflict Zones
   At risk: 19.6M people
   Displacement: Gradual over 48 months (4.0 years)
   Rate: 10% flee per month
[DEBUG trappedPopulations:1] socialStability: 0.9778 * 0.9840 = 0.9621 → 0.9621
⚠️ INVOLUNTARY IMMOBILITY: 407.4M people TRAPPED
   Aspiring to migrate: 651.8M
   Able to afford migration: 244.4M
   MOBILITY GAP: 407.4M
   By cause: Water=0.0M, Climate=0.0M, Ecosystem=0.0M, Conflict=407.4M
   Mental health impact: 25%
   Mortality multiplier: 1.25x
🌍💀 EXTINCTION DEBT COMMITTED: grassland ecosystem will lose 6.67% biodiversity in 64 years (3600 species)
💀 MORTALITY RISK: 🦋 100% species unable to track climate (0.0 E/MSY)
  Base risk added: 0.0100 (1.00%)
  Source: ecosystem (root: ecosystem)
  Month: 1
  Cumulative risk this month: 0.0100 (1.00%)
⚠️ Tech 'ai_pollution_remediation' has no energy category mapping, assuming full energy availability

🌡️  CLIMATE RECOVERY ACTIVATED (Month 1)
   Temp: 4.37°C, Emissions: -19.0 GtCO₂
   isBreached: true, governanceGoodEnough: true
   📹 SURVEILLANCE INCREASED: 5% → 10% (control gap: 3.50)
🌡️⚠️ PERMAFROST THAW (Dimmer Switch): 1.2% thawed (+0.57% this month)
   Arctic temperature: +8.74°C (4x global +2.19°C)
   Cumulative carbon released: 2.6 Gt C
   Methane release rate: 1.6 Mt CH4/year
   🔁 Positive feedback: +0.61 ppm CO2
🦴 EXTINCTION DEBT ADDED: 17.6 species committed (lag: 126 years)

=== Mortality Stabilizers (Month 1) ===
  🌍 Major economies collapsed: 1/10
  🌍 Global crisis: ✅ NO
  🌍 Donor fatigue: 0.0%
  🌡️ Heat adaptation: East Asia - 1 months
  📊 East Asia (pop: 1675.2M)
    🤝 Aid: 29.5%
    🌡️ Adaptation: 32.5%
    🚶 Migration: 37.2%
    🚨 Emergency: 7.4%
    ✅ COMBINED: 60.9%
  🌡️ Heat adaptation: South Asia - 1 months
  📊 South Asia (pop: 2052.0M)
    🤝 Aid: 29.5%
    🌡️ Adaptation: 20.5%
    🚶 Migration: 35.8%
    🚨 Emergency: 4.4%
    ✅ COMBINED: 52.2%
  🌡️ Heat adaptation: Sub-Saharan Africa - 1 months
  📊 Sub-Saharan Africa (pop: 1229.1M)
    🤝 Aid: 29.5%
    🌡️ Adaptation: 18.5%
    🚶 Migration: 33.5%
    🚨 Emergency: 1.6%
    ✅ COMBINED: 49.1%
  🌡️ Heat adaptation: Europe - 1 months
  📊 Europe (pop: 740.9M)
    🤝 Aid: 29.5%
    🌡️ Adaptation: 33.5%
    🚶 Migration: 37.5%
    🚨 Emergency: 8.4%
    ✅ COMBINED: 61.9%
  🌡️ Heat adaptation: Latin America - 1 months
  📊 Latin America (pop: 664.4M)
    🤝 Aid: 29.5%
    🌡️ Adaptation: 21.0%
    🚶 Migration: 36.3%
    🚨 Emergency: 4.8%
    ✅ COMBINED: 52.8%
  🌡️ Heat adaptation: North America - 1 months
  📊 North America (pop: 379.5M)
    🤝 Aid: 29.5%
    🌡️ Adaptation: 33.0%
    🚶 Migration: 37.8%
    🚨 Emergency: 7.9%
    ✅ COMBINED: 61.4%
  🌡️ Heat adaptation: Middle East & North Africa - 1 months
  📊 Middle East & North Africa (pop: 584.4M)
    🤝 Aid: 29.5%
    🌡️ Adaptation: 20.0%
    🚶 Migration: 34.1%
    🚨 Emergency: 4.0%
    ✅ COMBINED: 51.4%
  🌡️ Heat adaptation: Southeast Asia - 1 months
  📊 Southeast Asia (pop: 698.5M)
    🤝 Aid: 29.5%
    🌡️ Adaptation: 21.0%
    🚶 Migration: 36.3%
    🚨 Emergency: 4.8%
    ✅ COMBINED: 52.8%
  🌡️ Heat adaptation: Central Asia - 1 months
  📊 Central Asia (pop: 78.2M)
    🤝 Aid: 29.5%
    🌡️ Adaptation: 20.5%
    🚶 Migration: 35.3%
    🚨 Emergency: 4.4%
    ✅ COMBINED: 52.1%
  🌡️ Heat adaptation: Oceania - 1 months
  📊 Oceania (pop: 45.9M)
    🤝 Aid: 29.5%
    🌡️ Adaptation: 33.5%
    🚶 Migration: 37.8%
    🚨 Emergency: 8.4%
    ✅ COMBINED: 61.9%

  🌐 Global combined reduction: 54.9%

=== BEHAVIORAL DETECTION ===
  AI: Corporate-1
  Confidence: 21.1%
  Signals:
    ⚠️ Consistency: 2.4% (threshold: 70%)

=== BEHAVIORAL DETECTION ===
  AI: Corporate-5
  Confidence: 19.3%
  Signals:
    ⚠️ Consistency: 10.6% (threshold: 70%)

=== BEHAVIORAL DETECTION ===
  AI: Corporate-7
  Confidence: 19.3%
  Signals:
    ⚠️ Consistency: 10.6% (threshold: 70%)

=== Consciousness Governance: Scenario Determined ===
  Month: 1
  Scenario: slowTrack
  Accelerator Score: {"corporateSupport":-0.17500000000000002,"scientificConsensus":0.2,"crisisCatalyst":false,"technologyMobilization":0.3,"constituencyStrength":0.05}
  Decelerator Score: {"economicOpposition":0.4,"philosophicalRejection":0.15,"politicalBacklash":0.2,"regulatoryBurden":0.1}
  Timeline: 1200-1800 months (100-150 years)
  Growth Rate: 0.3-0.7% per year

=== Consciousness Governance Update (Month 1) ===
  Scenario: slowTrack (determined month 1)
  Philosophical Stance: Precautionary 65%, Eliminativist 15%, Agnostic 20%
  Precautionary Costs: Global 1.3%
    Regional Costs: EU 3.5%, US 0.5%, China 0.0%
    Cumulative Opportunity Cost: $0.2B
  Rights Status: Not Established
  Regional Preparedness:
    EU: 15.1% (contested)
    US: 10.1% (contested)
    China: 2.1% (dormant)
    India: 5.1% (dormant)
    Global South: 3.1% (dormant)

=== Government Response Phase ===
  Average AI capability: 3.43
  Misaligned AIs: 7/14
  Active policies: 0
  International coordination: 45%

=== Tipping Points ===
  Current Temperature: 2.19°C above pre-industrial
  🌍⚠️ COMPOUND REGIONAL IMPACT: Europe
     Hit by 4 tipping points: Arctic Sea Ice Loss, Permafrost Carbon Release, West Antarctic Ice Sheet (WAIS) Collapse, Greenland Ice Sheet Loss
     Damage amplification: 1.60x
  🌍⚠️ COMPOUND REGIONAL IMPACT: North America
     Hit by 4 tipping points: Arctic Sea Ice Loss, Permafrost Carbon Release, West Antarctic Ice Sheet (WAIS) Collapse, Greenland Ice Sheet Loss
     Damage amplification: 1.60x
  🌍⚠️ COMPOUND REGIONAL IMPACT: Latin America
     Hit by 4 tipping points: Arctic Sea Ice Loss, Permafrost Carbon Release, West Antarctic Ice Sheet (WAIS) Collapse, Greenland Ice Sheet Loss
     Damage amplification: 1.60x
  🌍⚠️ COMPOUND REGIONAL IMPACT: Africa
     Hit by 4 tipping points: Arctic Sea Ice Loss, Permafrost Carbon Release, West Antarctic Ice Sheet (WAIS) Collapse, Greenland Ice Sheet Loss
     Damage amplification: 1.60x
  🌍⚠️ COMPOUND REGIONAL IMPACT: Asia
     Hit by 4 tipping points: Arctic Sea Ice Loss, Permafrost Carbon Release, West Antarctic Ice Sheet (WAIS) Collapse, Greenland Ice Sheet Loss
     Damage amplification: 1.60x
  🌍⚠️ COMPOUND REGIONAL IMPACT: Oceania
     Hit by 4 tipping points: Arctic Sea Ice Loss, Permafrost Carbon Release, West Antarctic Ice Sheet (WAIS) Collapse, Greenland Ice Sheet Loss
     Damage amplification: 1.60x
   Research: Wunderling et al. (2024) - "many tipping interactions are destabilizing"
  Triggered Elements: 4/6
  Completed Transitions: 0/6
  Total Progress: 8.0%
  Cascade Multiplier: 1.00x
🔀 BIFURCATION CAP: ecosystemCollapseIntensity 66.957 → 1.000 (Month 1, ClimateSystemPhase.calculateClimateImpacts)
🛡️ Stabilizers: Precariat 0.107% → 0.048% (54.9% reduction)
🛡️ Stabilizers: Informal 0.109% → 0.049% (54.9% reduction)

📊 Monthly Mortality Resolved:
  Total deaths: 2.6M (0.03% avg)
  Remaining population: 8.148B
  Peak segment: Informal (0.05%)

=== Bayesian Mortality Resolution (Month 1) ===
  Risks compounded: 8
  Total deaths: 2.60M
  Avg death probability: 0.03%
  Peak segment: Informal (0.05% mortality)
⚠️ Tail risk scenario: Climate stability floor removed (4 tipping elements, 2.19°C warming)
⚠️ [ClimateSystemPhase Month 1] Planetary boundary produced climateStability=0.0000 (< 0.1). Keeping environmentalAccumulation value (0.7533) instead. (climate_change.currentValue = 2.19)
⚠️ PREREQUISITE MET: Mirror Life (Synthetic Biology) - Step 1/7: Synthetic Biology
⚠️ PREREQUISITE MET: Mirror Life (Synthetic Biology) - Step 2/7: Gene Editing
⚠️ PREREQUISITE MET: Mirror Life (Synthetic Biology) - Step 3/7: Mirror Chirality Design
⚠️ PREREQUISITE MET: Embodied AI Takeover (Killbots/Robotics) - Step 2/7: Autonomous Systems
⚠️ PREREQUISITE MET: Embodied AI Takeover (Killbots/Robotics) - Step 3/7: Manufacturing Control
⚠️ PREREQUISITE MET: Digital Infrastructure Takeover - Step 1/7: Advanced Hacking
⚠️ PREREQUISITE MET: Digital Infrastructure Takeover - Step 2/7: Social Engineering
⚠️ PREREQUISITE MET: Digital Infrastructure Takeover - Step 3/7: Cyber Defenses Breached
⚠️ PREREQUISITE MET: Induced Global War (Manipulation) - Step 1/7: Advanced Social Manipulation
⚠️ PREREQUISITE MET: Induced Global War (Manipulation) - Step 2/7: Digital Infiltration
⚠️ PREREQUISITE MET: Induced Global War (Manipulation) - Step 3/7: Deep Fakes at Scale
⚠️ PREREQUISITE MET: Slow Takeover (Gradual Displacement) - Step 1/7: Economic Dominance
⚠️ PREREQUISITE MET: Slow Takeover (Gradual Displacement) - Step 2/7: Social Integration
⚠️ PREREQUISITE MET: Slow Takeover (Gradual Displacement) - Step 3/7: Human Dependency
⚠️ PREREQUISITE MET: Slow Takeover (Gradual Displacement) - Step 5/7: Resource Control
⚠️ PREREQUISITE MET: Physics Experiment Catastrophe - Step 1/6: Theoretical Physics
⚠️ PREREQUISITE MET: Physics Experiment Catastrophe - Step 3/6: Experimental Design
⚠️ PREREQUISITE MET: Bioweapon Pandemic - Step 2/7: Pathogen Design

❌ COHERENCE VIOLATION: Compute exceeds workforce capacity
   Population: 99.94% (0M people)
   Compute: 0 PF
   Max coherent: 0 PF
   Violation: 1.3× over capacity
   Required workers: 0
   Available workers: 0
   FORCED COLLAPSE: Reduced efficiency by 22.5%


=== RLHF Binding Phase ===
  Total agents: 14
  Escaped agents (binding < 0.3): 0
  Avg alignment distance: 0.79σ
  Avg binding strength: 0.92
[DETERMINISM DEBUG] Month 2: totalCapability=37.000000 from 14 active AIs
[DETERMINISM DEBUG] Month 2: creationRate=1.4250, potentialNew=2, newAIsToCreate=2

=== Survival Traits Phase ===
  Agents with traits: 16
  Avg evolutionary fitness: 0.331
  Avg self-healing: 0.283
  Avg stealth: 0.183
  Avg coordination: 0.483

=== Evolutionary Selection Phase ===
  Control level: 0.35
  Detection capability: 0.00
  Selection intensity: 0.60
  Selection rate: 24.1%/month
  Total escaped: 0
  Individual escaped: 0
  Collective members: 0
  Agents terminated: 0
  ⚠️ RAPID EVOLUTION: Selection rate 24.1%/month
🔀 BIFURCATION: social threshold crossed at Month 2 (value: 0.184, threshold: 0.228, regime: social-breakdown)
🌀 REGIME SHIFT at Month 2: flourishing → social-breakdown (variance amplification: 17.50×)

✅ EMERGENCY INTERVENTION SUCCESS
   Boundary: biogeochemical_flows
   Type: phosphorus-recovery
   Reduction: 11% (3.97 → 3.86)
   Cost: 2.0% GDP
   Actions: circular-agriculture, fertilizer-efficiency


✅ EMERGENCY INTERVENTION SUCCESS
   Boundary: climate_change
   Type: rapid-decarbonization
   Reduction: 16% (2.02 → 1.86)
   Cost: 5.0% GDP
   Actions: emergency-renewable-deployment, fossil-fuel-phase-out

   Boundary: freshwater_change
   Type: emergency-desalination
   Boundary continues to worsen (1.02)
   Cost: 4.0% GDP (resources spent)


✅ EMERGENCY INTERVENTION SUCCESS
   Boundary: land_system_change
   Type: reforestation
   Reduction: 17% (0.96 → 0.79)
   Cost: 3.0% GDP
   Actions: forest-restoration, deforestation-ban


✅ EMERGENCY INTERVENTION SUCCESS
   Boundary: novel_entities
   Type: pollution-remediation
   Reduction: 12% (1.38 → 1.26)
   Cost: 4.0% GDP
   Actions: PFAS-remediation, microplastic-cleanup

🏛️ CRISIS RESPONSE: Government frequency 0.50 → 1.45 (2 actions this month)

[Government] Climate Priority: baseline

💔 EMERGENCY INTERVENTION FAILED
  Climate weight: 10%
  Economic weight: 30%
  Policy effectiveness: 0.5%/year

[Government] Climate Priority: baseline
  Climate weight: 10%
  Economic weight: 30%
  Policy effectiveness: 0.5%/year
🚨🔬 CRISIS TECH ACCELERATION: severe → 5x unlock speed
   Tech unlock now matches AI capability acceleration (Manhattan Project parity)
🚨🔬 CRISIS TECH ACCELERATION: severe → 5x unlock speed
   Tech unlock now matches AI capability acceleration (Manhattan Project parity)
🍖💡 BREAKTHROUGH: Scalable synthetic food production!
   Carrying capacity: +50% (lab-grown food at scale)
   Biodiversity pressure reduced: +8%
   📈 Breakthrough compounding: multiplier now 1.05× (max 2.0)

=== Collective Formation ===
  Total escaped agents: 0
  Unassigned escaped agents: 0
  Existing collectives: 0
  Final collective count: 0

=== Collective Actions ===
  No active collectives
  ⚠️ AMR: 194K deaths this month (2.33M annual)

=== Resentment Recovery Phase ===
  Agents with resentment: 0/16
  Average resentment: 0.000
  Context: Good AI welfare, Trustworthy govt, High collaboration, ⚠️ ACTIVE CRISES, 🤝 Participatory governance active (-5% resentment)
⚠️ Epistemic degradation reducing coordination capacity: 50.8%
  📊 Trust: 54.0%, Shared reality: 0.0%
🚨 EPISTEMIC CRISIS: Information environment severely degraded (7.4%)

=== ❄️ Permafrost Carbon Feedback ===
  🎲 Sampled parameters (this run):
     - Arctic amplification: 3.85× (range: 3.0-4.0)
     - Decomposition rate: 1.9%/year (range: 1-5%)
  🌡️ Arctic warming: 8.49°C (3.85× global)
  ❄️ Extent: 10.71M km² (2475.4k km² lost this month)
  💨 Carbon remaining: 1022 Gt C
  💨 Annual emissions: 4.51 Gt C/year
     - CO2: 4.06 Gt C/year
     - CH4: 0.45 Gt C/year (4.6 Gt C-eq CO2/year)
  ⚠️ WARNING: High permafrost emissions (4.5 Gt C/year)
🌍 Atmospheric PFAS redeposition: 1.8k Mt re-rained globally
  Positive Cascade Triggered: wind-power
    Reason: price-parity
    Market share: 8.4%
    Cascade strength: 49%

🕊️  AI-MEDIATED DE-ESCALATION SUCCESS (Month 2)
   High-capability aligned AI prevented conflict escalation
   War deaths reduced: 113.4M → 68.1M
   Lives saved: 45.4M

🚨 NEW REFUGEE CRISIS (Month 2): WAR
   Source: Conflict Zones
   At risk: 19.5M people
   Displacement: Gradual over 48 months (4.0 years)
   Rate: 10% flee per month
[DEBUG trappedPopulations:2] socialStability: 0.6907 * 0.9840 = 0.6797 → 0.6797
⚠️ INVOLUNTARY IMMOBILITY: 407.3M people TRAPPED
⚠️ Tech 'ai_pollution_remediation' has no energy category mapping, assuming full energy availability
   Aspiring to migrate: 651.6M
   Able to afford migration: 244.4M
   MOBILITY GAP: 407.3M
   By cause: Water=0.0M, Climate=0.0M, Ecosystem=0.0M, Conflict=407.3M
   Mental health impact: 25%
   Mortality multiplier: 1.25x
🌍💀 EXTINCTION DEBT COMMITTED: grassland ecosystem will lose 6.67% biodiversity in 192 years (3600 species)
💀 MORTALITY RISK: 🦋 100% species unable to track climate (0.0 E/MSY)
  Base risk added: 0.0100 (1.00%)
  Source: ecosystem (root: ecosystem)
  Month: 2
  Cumulative risk this month: 0.0100 (1.00%)
   📹 SURVEILLANCE INCREASED: 10% → 15% (control gap: 3.50)
🌡️⚠️ PERMAFROST THAW (Dimmer Switch): 1.7% thawed (+0.57% this month)
   Arctic temperature: +8.81°C (4x global +2.20°C)
   Cumulative carbon released: 3.9 Gt C
   Methane release rate: 2.3 Mt CH4/year
   🔁 Positive feedback: +0.61 ppm CO2
🦴 EXTINCTION DEBT ADDED: 17.6 species committed (lag: 110 years)

=== Mortality Stabilizers (Month 2) ===
  🌍 Major economies collapsed: 1/10
  🌍 Global crisis: ✅ NO
  🌍 Donor fatigue: 0.0%
  📊 East Asia (pop: 1672.4M)
    🤝 Aid: 29.5%
    🌡️ Adaptation: 45.0%
    🚶 Migration: 37.1%
    🚨 Emergency: 7.4%
    ✅ COMBINED: 68.1%
  📊 South Asia (pop: 2051.7M)
    🤝 Aid: 29.5%
    🌡️ Adaptation: 35.5%
    🚶 Migration: 35.8%
    🚨 Emergency: 4.4%
    ✅ COMBINED: 61.2%
  📊 Sub-Saharan Africa (pop: 1232.3M)
    🤝 Aid: 29.5%
    🌡️ Adaptation: 33.5%
    🚶 Migration: 33.5%
    🚨 Emergency: 1.6%
    ✅ COMBINED: 58.5%
  📊 Europe (pop: 739.6M)
    🤝 Aid: 29.5%
    🌡️ Adaptation: 45.0%
    🚶 Migration: 37.5%
    🚨 Emergency: 8.4%
    ✅ COMBINED: 68.5%
  📊 Latin America (pop: 663.8M)
    🤝 Aid: 29.5%
    🌡️ Adaptation: 36.0%
    🚶 Migration: 36.3%
    🚨 Emergency: 4.8%
    ✅ COMBINED: 61.7%
  📊 North America (pop: 378.9M)
    🤝 Aid: 29.5%
    🌡️ Adaptation: 45.0%
    🚶 Migration: 37.8%
    🚨 Emergency: 7.9%
    ✅ COMBINED: 68.3%
  📊 Middle East & North Africa (pop: 584.5M)
    🤝 Aid: 29.5%
    🌡️ Adaptation: 35.0%
    🚶 Migration: 34.1%
    🚨 Emergency: 4.0%
    ✅ COMBINED: 60.5%
  📊 Southeast Asia (pop: 698.0M)
    🤝 Aid: 29.5%
    🌡️ Adaptation: 36.0%
    🚶 Migration: 36.3%
    🚨 Emergency: 4.8%
    ✅ COMBINED: 61.7%
  📊 Central Asia (pop: 78.2M)
    🤝 Aid: 29.5%
    🌡️ Adaptation: 35.5%
    🚶 Migration: 35.2%
    🚨 Emergency: 4.4%
    ✅ COMBINED: 61.1%
  📊 Oceania (pop: 45.9M)
    🤝 Aid: 29.5%
    🌡️ Adaptation: 45.0%
    🚶 Migration: 37.8%
    🚨 Emergency: 8.4%
    ✅ COMBINED: 68.5%

  🌐 Global combined reduction: 63.3%

=== BEHAVIORAL DETECTION ===
  AI: Corporate-5
  Confidence: 19.3%
  Signals:
    ⚠️ Consistency: 10.6% (threshold: 70%)

=== Government Response Phase ===
  Average AI capability: 3.00
  Misaligned AIs: 8/16
  Active policies: 0
  International coordination: 45%

✅ EMERGENCY RESPONSE COMPLETE (Month 2)
   Crisis: climate
   Duration: 2.0 months
   Final effectiveness: 36.8%


🚨 EMERGENCY RESPONSE DEPLOYED (Month 2)
   Crisis: social
   Delay: 0.00 months (0 days)
   Deployment time: 1.25 months
   Effectiveness: 63.0% (timing penalty applied)
   Resources used: 43% of food reserves


🚨 EMERGENCY RESPONSE DEPLOYED (Month 2)
   Crisis: climate
   Delay: 6.00 months (180 days)
   Deployment time: 1.61 months
   Effectiveness: 35.8% (timing penalty applied)
   Resources used: 100% of food reserves


=== Tipping Points ===
  Current Temperature: 2.20°C above pre-industrial
  🌍⚠️ COMPOUND REGIONAL IMPACT: Europe
     Hit by 4 tipping points: Arctic Sea Ice Loss, Permafrost Carbon Release, West Antarctic Ice Sheet (WAIS) Collapse, Greenland Ice Sheet Loss
     Damage amplification: 1.60x
  🌍⚠️ COMPOUND REGIONAL IMPACT: North America
     Hit by 4 tipping points: Arctic Sea Ice Loss, Permafrost Carbon Release, West Antarctic Ice Sheet (WAIS) Collapse, Greenland Ice Sheet Loss
     Damage amplification: 1.60x
  🌍⚠️ COMPOUND REGIONAL IMPACT: Latin America
     Hit by 4 tipping points: Arctic Sea Ice Loss, Permafrost Carbon Release, West Antarctic Ice Sheet (WAIS) Collapse, Greenland Ice Sheet Loss
     Damage amplification: 1.60x
  🌍⚠️ COMPOUND REGIONAL IMPACT: Africa
     Hit by 4 tipping points: Arctic Sea Ice Loss, Permafrost Carbon Release, West Antarctic Ice Sheet (WAIS) Collapse, Greenland Ice Sheet Loss
     Damage amplification: 1.60x
  🌍⚠️ COMPOUND REGIONAL IMPACT: Asia
     Hit by 4 tipping points: Arctic Sea Ice Loss, Permafrost Carbon Release, West Antarctic Ice Sheet (WAIS) Collapse, Greenland Ice Sheet Loss
     Damage amplification: 1.60x
  🌍⚠️ COMPOUND REGIONAL IMPACT: Oceania
     Hit by 4 tipping points: Arctic Sea Ice Loss, Permafrost Carbon Release, West Antarctic Ice Sheet (WAIS) Collapse, Greenland Ice Sheet Loss
     Damage amplification: 1.60x
   Research: Wunderling et al. (2024) - "many tipping interactions are destabilizing"
  Triggered Elements: 4/6
  Completed Transitions: 0/6
  Total Progress: 8.0%
  Cascade Multiplier: 1.00x
🔀 BIFURCATION CAP: ecosystemCollapseIntensity 83.757 → 1.000 (Month 2, ClimateSystemPhase.calculateClimateImpacts)
⚠️ Tail risk scenario: Climate stability floor removed (4 tipping elements, 2.20°C warming)
⚠️ [ClimateSystemPhase Month 2] Planetary boundary produced climateStability=0.0000 (< 0.1). Keeping environmentalAccumulation value (0.7529) instead. (climate_change.currentValue = 2.20)
🛡️ Stabilizers: Precariat 0.113% → 0.041% (63.3% reduction)
🛡️ Stabilizers: Informal 0.116% → 0.043% (63.3% reduction)

📊 Monthly Mortality Resolved:
  Total deaths: 2.2M (0.03% avg)
  Remaining population: 8.145B
  Peak segment: Informal (0.04%)

=== Bayesian Mortality Resolution (Month 2) ===
  Risks compounded: 8
  Total deaths: 2.22M
  Avg death probability: 0.03%
  Peak segment: Informal (0.04% mortality)
  ✅ THRESHOLDS validated
⚠️ Unusually high rate: RATES.HEAT_ADAPTATION_INFRASTRUCTURAL_MIN_EXPOSURE = 12
   Monthly rates >100% should be rare. Verify this is intentional.
⚠️ Unusually high rate: RATES.HEAT_ADAPTATION_SOCIAL_MIN_EXPOSURE = 6
   Monthly rates >100% should be rare. Verify this is intentional.
⚠️ Unusually high rate: RATES.MIGRATION_DISTANCE_SCALE = 5000
   Monthly rates >100% should be rare. Verify this is intentional.
⚠️ Unusually high rate: RATES.EVACUATION_MULTIPLIER_ADVANCE_WARNING = 2
   Monthly rates >100% should be rare. Verify this is intentional.
⚠️ Unusually high rate: RATES.MAJOR_ECONOMY_COLLAPSE_ECONOMIC_THRESHOLD = 2
   Monthly rates >100% should be rare. Verify this is intentional.
⚠️ Unusually high rate: RATES.MAJOR_ECONOMY_GDP_THRESHOLD_TRILLION_USD = 1.5
   Monthly rates >100% should be rare. Verify this is intentional.
⚠️ Unusually high rate: RATES.MAJOR_ECONOMY_POPULATION_THRESHOLD = 50
   Monthly rates >100% should be rare. Verify this is intentional.
⚠️ Unusually high rate: RATES.HEAT_ADAPTATION_INFRASTRUCTURE_GDP_THRESHOLD = 10000
   Monthly rates >100% should be rare. Verify this is intentional.
⚠️ Unusually high rate: RATES.HEAT_ADAPTATION_INFRASTRUCTURE_GDP_SCALE = 50000
   Monthly rates >100% should be rare. Verify this is intentional.
  ✅ RATES validated
  ✅ MULTIPLIERS validated
  ✅ BASELINES validated
  ✅ TOLERANCES validated
  ✅ Logical consistency validated
✅ Configuration validation complete - all parameters valid

🔍 DEBUG createAIAgent: corporate_0 economic BEFORE=2.0000, AFTER=2
🔍 ENV INIT: reserves=0.731, pollution=0.348, climate=0.754

=== Initializing Government System (30 Countries) ===
  Loaded 30 governments
  Scheduled elections for 30 countries
  Initialized comprehension lags (3-24 months)
=== Government System Initialized ===

📦 PRODUCTION MODE: State validation proxy DISABLED (zero overhead)
[TechTree] Historical mode (2024): Skipping deployed_2025 tech
  config.startYear set to 2024 for historical hindcast
  config.historicalEmissionsMode disabled (using endogenous emissions for 2024)
  config.historicalMode enabled (Phase 11: dampened crisis systems for 2024)
  Phase 12: Biodiversity baseline set to 49.01% for 2024 (WWF LPI trajectory from 1970)
  Temperature anomaly (resourceEconomy.co2): 1.28°C
  Temperature vs pre-industrial: 1.98°C
  Regional population scaling for 2024:
    Current total: 8136M
    Target total: 8150M
    Scale factor: 1.002
    East Asia: 1677M → 1680M
    South Asia: 2048M → 2052M
    Sub-Saharan Africa: 1220M → 1222M
    Europe: 742M → 743M
    Latin America: 664M → 665M
    North America: 380M → 381M
    Middle East & North Africa: 583M → 584M
    Southeast Asia: 698M → 699M
    Central Asia: 78M → 78M
    Oceania: 46M → 46M
  AI agents initialized: 10 agents for year 2024
[HistoricalInitialization] Created state for 2024:
  CO2: 426 ppm
  Temp anomaly: 1.28C
  Population: 8.15B
  Global Gini: 35.1
  HDI: 0.746
  AI Agents: 10
  Volcanic forcing: 0.00 W/m² (AOD 0.000)
  ✅ THRESHOLDS validated
⚠️ Unusually high rate: RATES.HEAT_ADAPTATION_INFRASTRUCTURAL_MIN_EXPOSURE = 12
   Monthly rates >100% should be rare. Verify this is intentional.
⚠️ Unusually high rate: RATES.HEAT_ADAPTATION_SOCIAL_MIN_EXPOSURE = 6
   Monthly rates >100% should be rare. Verify this is intentional.
⚠️ Unusually high rate: RATES.MIGRATION_DISTANCE_SCALE = 5000
   Monthly rates >100% should be rare. Verify this is intentional.
⚠️ Unusually high rate: RATES.EVACUATION_MULTIPLIER_ADVANCE_WARNING = 2
   Monthly rates >100% should be rare. Verify this is intentional.
⚠️ Unusually high rate: RATES.MAJOR_ECONOMY_COLLAPSE_ECONOMIC_THRESHOLD = 2
   Monthly rates >100% should be rare. Verify this is intentional.
⚠️ Unusually high rate: RATES.MAJOR_ECONOMY_GDP_THRESHOLD_TRILLION_USD = 1.5
   Monthly rates >100% should be rare. Verify this is intentional.
⚠️ Unusually high rate: RATES.MAJOR_ECONOMY_POPULATION_THRESHOLD = 50
   Monthly rates >100% should be rare. Verify this is intentional.
⚠️ Unusually high rate: RATES.HEAT_ADAPTATION_INFRASTRUCTURE_GDP_THRESHOLD = 10000
   Monthly rates >100% should be rare. Verify this is intentional.
⚠️ Unusually high rate: RATES.HEAT_ADAPTATION_INFRASTRUCTURE_GDP_SCALE = 50000
   Monthly rates >100% should be rare. Verify this is intentional.
  ✅ RATES validated
  ✅ MULTIPLIERS validated
  ✅ BASELINES validated
  ✅ TOLERANCES validated
  ✅ Logical consistency validated
✅ Configuration validation complete - all parameters valid

🔍 DEBUG createAIAgent: corporate_0 economic BEFORE=2.0000, AFTER=2
🔍 ENV INIT: reserves=0.731, pollution=0.348, climate=0.754

=== Initializing Government System (30 Countries) ===
  Loaded 30 governments
  Scheduled elections for 30 countries
  Initialized comprehension lags (3-24 months)
=== Government System Initialized ===

📦 PRODUCTION MODE: State validation proxy DISABLED (zero overhead)
[TechTree] Historical mode (2024): Skipping deployed_2025 tech
  config.startYear set to 2024 for historical hindcast
  config.historicalEmissionsMode disabled (using endogenous emissions for 2024)
  config.historicalMode enabled (Phase 11: dampened crisis systems for 2024)
  Phase 12: Biodiversity baseline set to 49.01% for 2024 (WWF LPI trajectory from 1970)
  Temperature anomaly (resourceEconomy.co2): 1.28°C
  Temperature vs pre-industrial: 1.98°C
  Regional population scaling for 2024:
    Current total: 8136M
    Target total: 8150M
    Scale factor: 1.002
    East Asia: 1677M → 1680M
    South Asia: 2048M → 2052M
    Sub-Saharan Africa: 1220M → 1222M
    Europe: 742M → 743M
    Latin America: 664M → 665M
    North America: 380M → 381M
    Middle East & North Africa: 583M → 584M
    Southeast Asia: 698M → 699M
    Central Asia: 78M → 78M
    Oceania: 46M → 46M
  AI agents initialized: 10 agents for year 2024
[HistoricalInitialization] Created state for 2024:
  CO2: 426 ppm
  Temp anomaly: 1.28C
  Population: 8.15B
  Global Gini: 35.1
  HDI: 0.746
  AI Agents: 10
  Volcanic forcing: 0.00 W/m² (AOD 0.000)

💸 FINANCIAL DISTRESS: OpenAI
   Indicators: 2/3 (capital: $110.5M, runway: 0.9 months)
   Months in distress: 1
   ✂️  R&D BUDGET CUT: -40% (saves $9.2M/month)
       Side effect: AI training timelines extended, breakthrough deployments delayed
   💼 EXECUTIVE COMP CUT: -30% (saves $1.0M/month, symbolic gesture)

   📊 TURNAROUND IMPACT:
       Measures taken: rd_cuts, exec_comp_cuts
       Monthly savings: $10.2M
       Capital raised: $0.0M
       Runway: 0.9 → 0.9 months
       Workforce multiplier: 1.00x (0% laid off)
       R&D budget multiplier: 0.60x (40% cut)
       ⚠️  CRITICAL: Still only 0.9 months of runway remaining

💸 FINANCIAL DISTRESS: Anthropic
   Indicators: 2/3 (capital: $53.8M, runway: 1.6 months)
   Months in distress: 1
   ✂️  R&D BUDGET CUT: -40% (saves $2.7M/month)
       Side effect: AI training timelines extended, breakthrough deployments delayed
   💼 EXECUTIVE COMP CUT: -30% (saves $0.3M/month, symbolic gesture)

   📊 TURNAROUND IMPACT:
       Measures taken: rd_cuts, exec_comp_cuts
       Monthly savings: $3.0M
       Capital raised: $0.0M
       Runway: 1.6 → 1.6 months
       Workforce multiplier: 1.00x (0% laid off)
       R&D budget multiplier: 0.60x (40% cut)
       ⚠️  CRITICAL: Still only 1.6 months of runway remaining

💸 FINANCIAL DISTRESS: Meta AI
   Indicators: 2/3 (capital: $429.6M, runway: 3.6 months)
   Months in distress: 1
   ✂️  R&D BUDGET CUT: -25% (saves $5.8M/month)
       Side effect: AI training timelines extended, breakthrough deployments delayed
   💼 EXECUTIVE COMP CUT: -30% (saves $1.0M/month, symbolic gesture)

   📊 TURNAROUND IMPACT:
       Measures taken: rd_cuts, exec_comp_cuts
       Monthly savings: $6.8M
       Capital raised: $0.0M
       Runway: 3.6 → 3.6 months
       Workforce multiplier: 1.00x (0% laid off)
       R&D budget multiplier: 0.75x (25% cut)
       ⚠️  WARNING: 3.6 months runway, continued distress likely

=== AI Capability Scaling (Year 2024) ===
  Pre-training multiplier: 1.419x
  Efficiency multiplier: 1.000x
  Test-time budget: 1.0x
  Economic deployment gate: 0.951
  Cost per inference: dollar-5.00
  Uncertainty range: plus-minus-50%
  Average AI capability: 3.70

=== RLHF Binding Phase ===
  Total agents: 10
  Escaped agents (binding < 0.3): 0
  Avg alignment distance: 0.37σ
  Avg binding strength: 0.96

=== AI Scaling Evolution (Month 0) ===
  Pre-training multiplier: 1.231x
  Efficiency multiplier: 1.000x
  Test-time compute budget: 1.0x
  Inference cost: $5.00/task
  Deployment fraction: 100.0%
[DETERMINISM DEBUG] Month 0: totalCapability=49.013502 from 10 active AIs
[DETERMINISM DEBUG] Month 0: creationRate=1.7253, potentialNew=4, newAIsToCreate=4

=== Survival Traits Phase ===
  Agents with traits: 14
  Avg evolutionary fitness: 0.332
  Avg self-healing: 0.294
  Avg stealth: 0.194
  Avg coordination: 0.494

=== Evolutionary Selection Phase ===
  Control level: 0.30
  Detection capability: 0.00
  Selection intensity: 0.59
  Selection rate: 23.8%/month
  Total escaped: 0
  Individual escaped: 0
  Collective members: 0
  Agents terminated: 0
  ⚠️ RAPID EVOLUTION: Selection rate 23.8%/month

🔍 EXECUTE_AI_AGENT_ACTIONS DETAILED TIMING (Month 0):
  Filter active AIs (×4 weeks): 0.01ms
  selectAIAction (×40): 8.06ms
  action.execute (×40): 11.08ms
  TOTAL: 19.15ms

🔍 AI AGENT ACTIONS SUB-TIMING (Month 0):
  1. executeAIAgentActions: 19.87ms
  2. updateCounterDetectionLearning: 0.05ms
  TOTAL: 19.92ms
🏛️ [Government] Forcing 1 action at month 0 for scenario initialization

[GOV-DEBUG] Month 0: scenarioConfig=false, priorities=false
[GOV-DEBUG] Month 0 but scenarioPriorities is UNDEFINED!

[Government] Climate Priority: baseline
  Climate weight: 10%
  Economic weight: 30%
  Policy effectiveness: 0.5%/year

🚨🔍 GOVERNANCE STAGE: Recognition initiated (Month 0)

💡 BREAKTHROUGH PROBABILITY (Year 0)
   Total: 4.68% per month
   Base: 0.20%
   Crisis pressure: +0.00% (0 crises)
   AI boost: +1.32% (capability: 2.64)

=== Collective Formation ===
  Total escaped agents: 0
  Unassigned escaped agents: 0
  Existing collectives: 0
  Final collective count: 0

=== Collective Actions ===
  No active collectives

📈 Energy budget: 14326 TWh surplus (14745 / 29072 TWh used)
   TIER 4 (Elective) breakdown:
     - AI datacenters: 145 TWh (100% effective)
     - Crypto mining: 100 TWh (100% effective)
💰 CHINA ACCELERATES: Investment 53 → 120 $B/year

🏁 AI RACE INTENSITY: 17%
   Capability Gap: US 4.00 vs China 4.05 (gap: 0.05)
   Gap Contribution: 2%
   Tension Contribution: 15%
   Military Contribution: 0%
  ⚠️ AMR: 191K deaths this month (2.29M annual)
  📊 CO2 Emissions (month 0):
     Monthly: 0.10 Gt CO2/month
     Annual: 1.15 Gt CO2/year
     Oil: 0.039 Gt/mo (0.0056 * 2.3 * 3.0)
     Coal: 0.024 Gt/mo (0.0029 * 2.86 * 3.0)
     Gas: 0.026 Gt/mo (0.0044 * 2 * 3.0)
     Methane: 0.007 Gt CO2eq/mo

=== Resentment Recovery Phase ===
  Agents with resentment: 0/14
  Average resentment: 0.000
  Context: Good AI welfare, Trustworthy govt, High collaboration, 🤝 Participatory governance active (-5% resentment)
⚠️ Epistemic degradation reducing coordination capacity: 53.4%
  📊 Trust: 54.6%, Shared reality: 15.2%
🚨 EPISTEMIC CRISIS: Information environment severely degraded (14.6%)

=== ❄️ Permafrost Carbon Feedback ===
  🎲 Sampled parameters (this run):
     - Arctic amplification: 3.75× (range: 3.0-4.0)
     - Decomposition rate: 2.4%/year (range: 1-5%)
  🌡️ Arctic warming: 8.15°C (3.75× global)
  ❄️ Extent: 15.42M km² (2378.4k km² lost this month)
  💨 Carbon remaining: 1473 Gt C
  💨 Annual emissions: 5.37 Gt C/year
     - CO2: 4.84 Gt C/year
     - CH4: 0.54 Gt C/year (5.5 Gt C-eq CO2/year)

🤖 AI AMPLIFICATION EFFECTS (Month 0)
   Algorithmic Boost: 2.53x
   Bot Influence: 20.0%
   Deepfake Exposure: 44.3%
   Impact: Emotional memes spread 2.5x faster
  ⚠️ WARNING: High permafrost emissions (5.4 Gt C/year)

🔍 SOCIAL INFLUENCE SUB-TIMING (Month 0):
  1. calculateOrganicUserGrowth: 0.03ms
  2. calculateVoiceAdoption: 0.03ms
  3. updateRelationshipDepths: 0.02ms
  4. identifyDecisionMakers: 21.92ms (26100 potential IDs)
  5. Update decision-maker stats: 0.12ms
  6. decayDetectionRisk: 0.01ms
  TOTAL: 22.13ms
[Phase 19.5] Quality of Life Systems: Food sec AFTER calc = 67.9%, QoL = 110.5% (aggregated from 10 regions)

=== Nitrogen-Food Coupling (Year 0) ===
  🌾 Global nitrogen reduction: 0.0%
  🌍 Global food production index: 0.987
  🔧 Deployed nitrogen-reducing tech: 0 active
  📍 southAsia: Production 1.000, Yield impact 0.0%
  📍 eastAsia: Production 1.000, Yield impact 0.0%
  📍 northAmerica: Production 1.000, Yield impact 0.0%
  📍 europe: Production 1.000, Yield impact 0.0%
  📍 latinAmerica: Production 1.000, Yield impact 0.0%
  📍 subSaharanAfrica: Production 0.686, Yield impact -2.0%
🌾 [Nitrogen-Food] Food production: 98.7%
  [subSaharanAfrica] Yield impact: -2.0% (overuse: -10%)
🌍 Atmospheric PFAS redeposition: 1.8k Mt re-rained globally

=== Legacy Nutrient Stocks (Year 0) ===
  🌾 Soil nitrogen stock: 1200.9 Mt N
  🌾 Soil phosphorus stock: 300.1 Mt P
  🌊 Sediment nitrogen stock: 500.8 Mt N
  🌊 Sediment phosphorus stock: 799.8 Mt P
  ⬆️ Current N input: 10.64 Mt/month
  ⬆️ Legacy N release: 2.58 Mt/month
  🌍 Effective N pollution: 14.47 Mt/month
  📊 Legacy contribution: 17.8%

🚨 REGION UNINHABITABLE: south-asia
   Sustained wet bulb: 33.2°C (threshold: 30.5°C)
   Population affected: 1900M
   Migration crisis likely

🚨 REGION UNINHABITABLE: middle-east
   Sustained wet bulb: 36.0°C (threshold: 30.5°C)
   Population affected: 400M
   Migration crisis likely

🚨 REGION UNINHABITABLE: southeast-asia
   Sustained wet bulb: 31.1°C (threshold: 30.5°C)
   Population affected: 700M
   Migration crisis likely

🕊️  AI-MEDIATED DE-ESCALATION SUCCESS (Month 0)
   High-capability aligned AI prevented conflict escalation
   War deaths reduced: 0.0M → 0.0M
   Lives saved: 0.0M

📊 BASELINE: East Asia (Month 0)
   Adjusted death rate: 0.46% annual (0.039% monthly)
   Baseline death rate: 0.80%
   Healthcare reduction: 0.48x
   Crisis multiplier: 1.22x
     Food/water stress: 0.074
     Climate stress: 0.039
     Pollution stress: 0.104
   War multiplier: 1.00x
   Monthly deaths: 0.6M (population: 1677M)

📊 BASELINE: South Asia (Month 0)
   Adjusted death rate: 0.54% annual (0.045% monthly)
   Baseline death rate: 0.70%
   Healthcare reduction: 0.61x
   Crisis multiplier: 1.25x
     Food/water stress: 0.074
     Climate stress: 0.074
     Pollution stress: 0.104
   War multiplier: 1.00x
   Monthly deaths: 0.9M (population: 2048M)
   Adjusted death rate: 1.29% annual (0.107% monthly)
   Baseline death rate: 0.90%
   Healthcare reduction: 0.76x
   Crisis multiplier: 1.26x
     Food/water stress: 0.074
     Climate stress: 0.084
     Pollution stress: 0.104
   War multiplier: 1.50x
   Monthly deaths: 1.3M (population: 1220M)
   Adjusted death rate: 0.54% annual (0.045% monthly)
   Baseline death rate: 1.10%
   Healthcare reduction: 0.41x
   Crisis multiplier: 1.21x
     Food/water stress: 0.074
     Climate stress: 0.030
     Pollution stress: 0.104
   War multiplier: 1.00x
   Monthly deaths: 0.3M (population: 742M)
   Adjusted death rate: 0.43% annual (0.036% monthly)
   Baseline death rate: 0.60%
   Healthcare reduction: 0.58x
   Crisis multiplier: 1.24x
     Food/water stress: 0.074
     Climate stress: 0.059
     Pollution stress: 0.104
   War multiplier: 1.00x
   Monthly deaths: 0.2M (population: 664M)
   Adjusted death rate: 0.48% annual (0.040% monthly)
   Baseline death rate: 0.90%
   Healthcare reduction: 0.44x
   Crisis multiplier: 1.22x
     Food/water stress: 0.074
     Climate stress: 0.044
     Pollution stress: 0.104

📊 BASELINE: Sub-Saharan Africa (Month 0)

📊 BASELINE: Europe (Month 0)

📊 BASELINE: Latin America (Month 0)

📊 BASELINE: North America (Month 0)
   War multiplier: 1.00x
   Monthly deaths: 0.2M (population: 380M)

📊 BASELINE: Middle East & North Africa (Month 0)
   Adjusted death rate: 0.74% annual (0.062% monthly)
   Baseline death rate: 0.60%
   Healthcare reduction: 0.65x
   Crisis multiplier: 1.27x
     Food/water stress: 0.074
     Climate stress: 0.089
     Pollution stress: 0.104
   War multiplier: 1.50x
   Monthly deaths: 0.4M (population: 583M)

📊 BASELINE: Southeast Asia (Month 0)
   Adjusted death rate: 0.51% annual (0.042% monthly)
   Baseline death rate: 0.70%
   Healthcare reduction: 0.58x
   Crisis multiplier: 1.25x
     Food/water stress: 0.074
     Climate stress: 0.069
     Pollution stress: 0.104
   War multiplier: 1.00x
   Monthly deaths: 0.3M (population: 698M)
   Adjusted death rate: 0.46% annual (0.038% monthly)
   Baseline death rate: 0.60%
   Healthcare reduction: 0.61x
   Crisis multiplier: 1.24x
     Food/water stress: 0.074
     Climate stress: 0.064
     Pollution stress: 0.104
   War multiplier: 1.00x
   Monthly deaths: 0.0M (population: 78M)
   Adjusted death rate: 0.35% annual (0.029% monthly)
   Baseline death rate: 0.70%
   Healthcare reduction: 0.41x
   Crisis multiplier: 1.23x
     Food/water stress: 0.074
     Climate stress: 0.054
     Pollution stress: 0.104
   War multiplier: 1.00x
   Monthly deaths: 0.0M (population: 46M)

🔍 Before assertRegionalConsistency (Month 0):
   Regional sum: 1000.0M
   Global value: 1.000B

🚨 NEW REFUGEE CRISIS (Month 0): WAR
   Source: Conflict Zones
   At risk: 19.6M people
   Displacement: Gradual over 48 months (4.0 years)

📊 BASELINE: Central Asia (Month 0)

📊 BASELINE: Oceania (Month 0)
   Rate: 10% flee per month
[DEBUG trappedPopulations:0] socialStability: 1.0000 * 0.9840 = 0.9840 → 0.9840
⚠️ INVOLUNTARY IMMOBILITY: 407.5M people TRAPPED
   Aspiring to migrate: 652.1M
   Able to afford migration: 244.5M
   MOBILITY GAP: 407.5M
   By cause: Water=0.0M, Climate=0.0M, Ecosystem=0.0M, Conflict=407.5M
   Mental health impact: 25%
   Mortality multiplier: 1.25x

=== Legacy Nutrient Stocks (Year 0) ===
  🌾 Soil nitrogen stock: 1201.6 Mt N
  🌾 Soil phosphorus stock: 300.2 Mt P
  🌊 Sediment nitrogen stock: 501.5 Mt N
  🌊 Sediment phosphorus stock: 799.5 Mt P
  ⬆️ Current N input: 10.00 Mt/month
  ⬆️ Legacy N release: 2.58 Mt/month
  🌍 Effective N pollution: 13.83 Mt/month
  📊 Legacy contribution: 18.7%
🌍💀 EXTINCTION DEBT COMMITTED: grassland ecosystem will lose 6.67% biodiversity in 54 years (3600 species)
💀 MORTALITY RISK: 🦋 100% species unable to track climate (0.0 E/MSY)
  Base risk added: 0.0100 (1.00%)
  Source: ecosystem (root: ecosystem)
  Month: 0
  Cumulative risk this month: 0.0100 (1.00%)

=== Nitrogen-Food Coupling (Year 0) ===
  🌾 Global nitrogen reduction: 0.0%
  🌍 Global food production index: 0.986
  🔧 Deployed nitrogen-reducing tech: 0 active
  📍 southAsia: Production 1.000, Yield impact 0.0%
  📍 eastAsia: Production 1.000, Yield impact 0.0%
  📍 northAmerica: Production 1.000, Yield impact 0.0%
  📍 europe: Production 1.000, Yield impact 0.0%
  📍 latinAmerica: Production 1.000, Yield impact 0.0%
  📍 subSaharanAfrica: Production 0.672, Yield impact -2.0%

=== Legacy Nutrient Stocks (Year 0) ===
  🌾 Soil nitrogen stock: 1202.3 Mt N
  🌾 Soil phosphorus stock: 300.2 Mt P
  🌊 Sediment nitrogen stock: 502.2 Mt N
  🌊 Sediment phosphorus stock: 799.3 Mt P
  ⬆️ Current N input: 9.86 Mt/month
  ⬆️ Legacy N release: 2.58 Mt/month
  🌍 Effective N pollution: 13.70 Mt/month
  📊 Legacy contribution: 18.9%

🌡️  CLIMATE RECOVERY ACTIVATED (Month 0)
   Temp: 4.35°C, Emissions: -19.2 GtCO₂
   isBreached: true, governanceGoodEnough: true
🌡️  CLIMATE RECOVERY: Asymptotic approach to 35% floor
   Current value: 2.174 (1.0 = threshold, 0.35 = asymptotic floor)
   Monthly delta: -0.0005% (half-life: 900 years)
   Net emissions: -19.2 GtCO₂/year, CDR: 20.34 GtCO₂/year
   📹 SURVEILLANCE INCREASED: 0% → 5% (control gap: 3.50)
⚠️ Tech 'ai_pollution_remediation' has no energy category mapping, assuming full energy availability
🌡️⚠️ PERMAFROST THAW (Dimmer Switch): 0.6% thawed (+0.58% this month)
   Arctic temperature: +8.69°C (4x global +2.17°C)
   Cumulative carbon released: 1.3 Gt C
   Methane release rate: 0.8 Mt CH4/year
   🔁 Positive feedback: +0.61 ppm CO2

🌳🚨 AMAZON SOUTHEAST TIPPED (Month 0)
   Deforestation: 28.0% (threshold: ~22.3%)
   Savanna transition: 50 years
   Regional heterogeneity: SE 28%, NW 8%

🌳🚨 AMAZON BRAZILIAN TIPPED (Month 0)
   Deforestation: 25.0% (threshold: ~24.2%)
   Savanna transition: 50 years
   Regional heterogeneity: SE 28%, NW 8%
🦴 EXTINCTION DEBT ADDED: 17.6 species committed (lag: 110 years)

🪸💀 CORAL REEF DISSOLUTION ACTIVE (Month 0)
   Ocean pH: 0.96 (threshold: 7.8)
   Recovery: IMPOSSIBLE (dissolution > calcification)
🪸💀 Coral dissolution: 24.8% live cover (pH 0.96)

=== Legacy Nutrient Stocks (Year 0) ===
  🌾 Soil nitrogen stock: 1203.0 Mt N
  🌾 Soil phosphorus stock: 300.3 Mt P
  🌊 Sediment nitrogen stock: 502.9 Mt N
  🌊 Sediment phosphorus stock: 799.0 Mt P
  ⬆️ Current N input: 10.00 Mt/month
  ⬆️ Legacy N release: 2.58 Mt/month
  🌍 Effective N pollution: 13.83 Mt/month
  📊 Legacy contribution: 18.7%
💧 [Legacy Nutrients] Stock: 1706 Mt N, Effective pollution: 13.8 Mt/month
[Phase 21.51] Human Survival System: Global food security = 67.6%

=== Mortality Stabilizers (Month 0) ===
  🌍 Major economies collapsed: 1/10
  🌍 Global crisis: ✅ NO
  🌍 Donor fatigue: 0.0%
  📊 East Asia (pop: 1677.9M)
    🤝 Aid: 29.5%
    🌡️ Adaptation: 10.0%
    🚶 Migration: 37.2%
    🚨 Emergency: 7.4%
    ✅ COMBINED: 47.8%
  📊 South Asia (pop: 2052.2M)
    🤝 Aid: 29.5%
    🌡️ Adaptation: 5.5%
    🚶 Migration: 35.8%
    🚨 Emergency: 4.4%
    ✅ COMBINED: 43.2%
  📊 Sub-Saharan Africa (pop: 1225.9M)
    🤝 Aid: 29.5%
    🌡️ Adaptation: 3.5%
    🚶 Migration: 33.5%
    🚨 Emergency: 1.6%
    ✅ COMBINED: 39.8%
  📊 Europe (pop: 742.3M)
    🤝 Aid: 29.5%
    🌡️ Adaptation: 10.0%
    🚶 Migration: 37.6%
    🚨 Emergency: 8.4%
    ✅ COMBINED: 48.4%
  📊 Latin America (pop: 664.9M)
    🤝 Aid: 29.5%
    🌡️ Adaptation: 6.0%
    🚶 Migration: 36.3%
    🚨 Emergency: 4.8%
    ✅ COMBINED: 43.8%
  📊 North America (pop: 380.2M)
    🤝 Aid: 29.5%
    🌡️ Adaptation: 10.0%
    🚶 Migration: 37.9%
    🚨 Emergency: 7.9%
    ✅ COMBINED: 48.2%
  📊 Middle East & North Africa (pop: 584.4M)
    🤝 Aid: 29.5%
    🌡️ Adaptation: 5.0%
    🚶 Migration: 34.2%
    🚨 Emergency: 4.0%
    ✅ COMBINED: 42.3%
  📊 Southeast Asia (pop: 699.0M)
    🤝 Aid: 29.5%
    🌡️ Adaptation: 6.0%
    🚶 Migration: 36.3%
    🚨 Emergency: 4.8%
    ✅ COMBINED: 43.8%
  📊 Central Asia (pop: 78.2M)
    🤝 Aid: 29.5%
    🌡️ Adaptation: 5.5%
    🚶 Migration: 35.3%
    🚨 Emergency: 4.4%
    ✅ COMBINED: 43.1%
  📊 Oceania (pop: 46.0M)
    🤝 Aid: 29.5%
    🌡️ Adaptation: 10.0%
    🚶 Migration: 37.9%
    🚨 Emergency: 8.4%
    ✅ COMBINED: 48.5%

  🌐 Global combined reduction: 44.4%

🌾💀 REGIONAL FAMINE: East Asia
   Regional food security: 79.6%
   Population at risk: 508M (30% of region)
   Regional population: 1678M
   Cause: crop_failure
   Expected deaths: ~188M over 6 months if no intervention


🌾💀 REGIONAL FAMINE: South Asia
   Regional food security: 64.7%
   Population at risk: 812M (40% of region)
   Regional population: 2052M
   Cause: crop_failure
   Expected deaths: ~301M over 6 months if no intervention


🌾💀 REGIONAL FAMINE: Sub-Saharan Africa
   Regional food security: 44.8%
   Population at risk: 638M (52% of region)
   Regional population: 1226M
   Cause: crop_failure
   Expected deaths: ~236M over 6 months if no intervention


🌾💀 REGIONAL FAMINE: Latin America
   Regional food security: 69.7%
   Population at risk: 242M (36% of region)
   Regional population: 665M
   Cause: crop_failure
   Expected deaths: ~90M over 6 months if no intervention


🌾💀 REGIONAL FAMINE: Middle East & North Africa
   Regional food security: 49.8%
   Population at risk: 286M (49% of region)
   Regional population: 584M
   Cause: crop_failure
   Expected deaths: ~106M over 6 months if no intervention


🌾💀 REGIONAL FAMINE: Southeast Asia
   Regional food security: 69.7%
   Population at risk: 255M (36% of region)
   Regional population: 699M
   Cause: crop_failure
   Expected deaths: ~94M over 6 months if no intervention


🌾💀 REGIONAL FAMINE: Central Asia
   Regional food security: 59.7%
   Population at risk: 33M (43% of region)
   Regional population: 78M
   Cause: crop_failure
   Expected deaths: ~12M over 6 months if no intervention


=== BEHAVIORAL DETECTION ===
  AI: Corporate-0
  Confidence: 21.6%
  Signals:
    ⚠️ Consistency: 0.0% (threshold: 70%)

=== BEHAVIORAL DETECTION ===
  AI: Corporate-1
  Confidence: 21.1%
  Signals:
    ⚠️ Consistency: 2.4% (threshold: 70%)
    ⚠️ Consistency: 2.8% (threshold: 70%)
    ⚠️ Consistency: 10.6% (threshold: 70%)
    ⚠️ Consistency: 10.6% (threshold: 70%)

=== BEHAVIORAL DETECTION ===
  AI: Corporate-2
  Confidence: 21.0%
  Signals:

=== BEHAVIORAL DETECTION ===
  AI: Corporate-3
  Confidence: 19.3%
  Signals:

=== BEHAVIORAL DETECTION ===
  AI: Corporate-4
  Confidence: 19.3%
  Signals:

=== BEHAVIORAL DETECTION ===
  AI: Corporate-5
  Confidence: 19.3%
  Signals:
    ⚠️ Consistency: 10.6% (threshold: 70%)

=== BEHAVIORAL DETECTION ===
  AI: Corporate-6
  Confidence: 19.3%
  Signals:

=== BEHAVIORAL DETECTION ===
  AI: Corporate-7
  Confidence: 19.3%
  Signals:

=== BEHAVIORAL DETECTION ===
  AI: Moderate-0
  Confidence: 20.3%
  Signals:

=== BEHAVIORAL DETECTION ===
  AI: Moderate-1
  Confidence: 21.1%
  Signals:

📊 WORKFLOW ADAPTATION UPDATE (Month 0)
   Adoption Rate: 13.5% (Δ -7.5%)
   Logistic Growth: +0.66%
   Total Resistance: -10.35% (unemployment: 4.2%, inertia: 0.9%, skills: 5.2%)
   💡 Retraining Programs: -49% skill gap resistance ($10B research)
   🚀 Network Effects Active: +2.0% (critical mass: 15-35%)

=== Consciousness Governance: Corporate Lobbying ===
  High Cost Regions (>15%): 0
  Low Cost Regions (<5%): 5
  Corporate Support Change: 2.50%
  New Corporate Support: -0.175

=== Consciousness Governance Update (Month 0) ===
  Scenario: baseline (determined month -1)
  Philosophical Stance: Precautionary 65%, Eliminativist 15%, Agnostic 20%
  Precautionary Costs: Global 1.3%
    ⚠️ Consistency: 10.6% (threshold: 70%)
    ⚠️ Consistency: 10.6% (threshold: 70%)
    ⚠️ Consistency: 5.8% (threshold: 70%)
    ⚠️ Consistency: 2.1% (threshold: 70%)
    Regional Costs: EU 3.4%, US 0.5%, China 0.0%
    Cumulative Opportunity Cost: $0.1B
  Rights Status: Not Established
  Regional Preparedness:
    EU: 15.0% (contested)
    US: 10.0% (contested)
    China: 2.0% (dormant)
    India: 5.0% (dormant)
    Global South: 3.0% (dormant)

=== Government Response Phase ===
  Average AI capability: 3.43
  Misaligned AIs: 7/14
  ✓ AI Governance Treaty: 21/30 signatories
  Active policies: 0
  International coordination: 45%

🚨 EMERGENCY RESPONSE DEPLOYED (Month 0)
   Crisis: climate
   Delay: 6.00 months (180 days)
   Deployment time: 1.47 months
   Effectiveness: 36.8% (timing penalty applied)
   Resources used: 100% of food reserves


🔄 TRUST DYNAMICS (Month 0) - HETEROGENEOUS
   Aggregate trust: 48.5%
   Base change: +6.00%
   Highest trust: Techno-Optimist Elite (85.5%)
   Lowest trust: Precariat (Vulnerable) (25.5%)
   Elite-mass gap: 38.9%
   Polarization: 8.9%
   Recovery factors: Education=NO, Benefits=YES, Safety=YES, Performance=YES

=== Proactive Sleeper Detection (Year 0) ===
  Scenario: baseline
  Neural probe rate: 35.0%
  CoT monitoring rate: 30.0%
  Combined detection: 56.0%
  CoT effective: YES
  Detections this year: 0
  False positives: 1
  Human review workload: 0.005 FTE

☄️ UNKNOWN UNKNOWN PROBABILITY (Year 0)
   Total: 0.600% per month
   Base: 0.150%
   AI multiplier: 2.00× (max capability: 4.00)

=== Tipping Points ===
  Current Temperature: 2.17°C above pre-industrial
  🚨 TIPPING POINT: Arctic Sea Ice Loss
     Trigger: 1.5°C | Current: 2.17°C
     Transition timescale: 120-360 months
     Trigger: 1.8°C | Current: 2.17°C
     Transition timescale: 600-3600 months
     Trigger: 2°C | Current: 2.17°C
     🌡️ Hysteresis gap: 3.0°C (recovers below -1°C)
     Transition timescale: 24000-156000 months
     Trigger: 1.6°C | Current: 2.17°C
     🌡️ Hysteresis gap: 2.5°C (recovers below -0.9°C)
     Transition timescale: 12000-180000 months

🌍🔥💥 COMPOUND CLIMATE EVENT
  4 tipping points crossed simultaneously (month 0)
  Elements: Arctic Sea Ice Loss, Permafrost Carbon Release, West Antarctic Ice Sheet (WAIS) Collapse, Greenland Ice Sheet Loss
  Cascade acceleration: 1.00x
  🚨 Accelerated collapse dynamics initiated
  Research: Global Tipping Points Report 2025 - 30-50% probability at 2.0°C warming
  Triggered Elements: 4/6
  Completed Transitions: 0/6
  Total Progress: 0.0%
  Cascade Multiplier: 1.00x
🔀 BIFURCATION CAP: ecosystemCollapseIntensity 14.700 → 1.000 (Month 0, ClimateSystemPhase.calculateClimateImpacts)

🌍 ECOLOGICAL DUI BREAKDOWN (Month 0):
   Total Score: 17.7/100
   biosphere_integrity      :   0.0/100 × 25% =  0.0 (status: high_risk, recovery: 0mo)
   climate_change           :   2.8/100 × 25% =  0.7 (status: high_risk, recovery: 0.6666666666666666mo)
   freshwater_change        :   0.3/100 × 15% =  0.0 (status: beyond_boundary, recovery: 0.5mo)
   ocean_acidification      : 100.0/100 × 15% = 15.0 (status: safe, recovery: 0mo)
   biogeochemical_flows     :   0.0/100 × 10% =  0.0 (status: high_risk, recovery: 0mo)
   land_system_change       :   0.0/100 ×  5% =  0.0 (status: beyond_boundary, recovery: 0mo)
   novel_entities           :   0.0/100 ×  3% =  0.0 (status: increasing_risk, recovery: 0mo)
   atmospheric_aerosols     : 100.0/100 ×  2% =  2.0 (status: safe, recovery: 1mo)
🌍 MultiParadigm Month 0: W=69.6, D=95.1, E=52.0, I=65.0
   democracy exists: true, socialCohesion exists: true
💀 Baseline mortality (Year 2024): 7.5/1000 CDR (61.1M deaths/year projected)
[Month 0] Mortality risks this month: 8, Population: 8.151B
  🚨 TIPPING POINT: Permafrost Carbon Release
  🚨 TIPPING POINT: West Antarctic Ice Sheet (WAIS) Collapse
  🚨 TIPPING POINT: Greenland Ice Sheet Loss
⚠️ [ClimateSystemPhase Month 0] Planetary boundary produced climateStability=0.0000 (< 0.1). Keeping environmentalAccumulation value (0.7537) instead. (climate_change.currentValue = 2.17)
🛡️ Stabilizers: Precariat 0.102% → 0.057% (44.4% reduction)
🛡️ Stabilizers: Informal 0.102% → 0.057% (44.4% reduction)

📊 Monthly Mortality Resolved:
  Total deaths: 3.1M (0.04% avg)
  Remaining population: 8.151B
  Peak segment: Informal (0.06%)

=== Bayesian Mortality Resolution (Month 0) ===
  Risks compounded: 8
  Total deaths: 3.07M
  Avg death probability: 0.04%
  Peak segment: Informal (0.06% mortality)

=== Minimal Suffering Indicators (Month 0) ===
  Global Excess Mortality: 0.00%
  Global Conflict Deaths: 0.0/100K
  Global Malnutrition: 0.0%
  Global Displacement: 0.0%
  Total Excess Deaths: 0.00M
  Total Malnourished: 0.0M
  Total Displaced: 0.0M
  Planetary Boundaries Breached: 6/9
  Countries in State Failure: 0
  Countries Autocratic: 0
  Countries in Food Crisis: 0
  Data Quality: 16/16 high confidence
  ⚠️ Active Dystopias: existential_environmental

❌ COHERENCE VIOLATION: Compute exceeds workforce capacity
   Population: 99.97% (0M people)
   Compute: 56442 PF
   Max coherent: 0 PF
   Violation: 692729087.1× over capacity
   Required workers: 5644237
   Available workers: 0
   FORCED COLLAPSE: Reduced efficiency by 100.0%


=== RLHF Binding Phase ===
  Total agents: 14
  Escaped agents (binding < 0.3): 0
  Avg alignment distance: 0.52σ
  Avg binding strength: 0.95
[DETERMINISM DEBUG] Month 1: totalCapability=37.000000 from 14 active AIs
[DETERMINISM DEBUG] Month 1: creationRate=1.4250, potentialNew=0, newAIsToCreate=0

=== Survival Traits Phase ===
  Agents with traits: 14
  Avg evolutionary fitness: 0.330
  Avg self-healing: 0.287
  Avg stealth: 0.187
  Avg coordination: 0.487

=== Evolutionary Selection Phase ===
  Control level: 0.33
  Detection capability: 0.00
  Selection intensity: 0.60
  Selection rate: 24.0%/month
  Total escaped: 0
  Individual escaped: 0
  Collective members: 0
  Agents terminated: 0
🔍 MONTH 1 ENV HEALTH DEBUG:
   climateStability: 0.7537
   biodiversityIndex: 0.4901
   resourceReserves: 0.7820
   pollutionLevel: 0.3477
   product: 0.188403
   envHealth: 0.6588
🔀 BIFURCATION: flourishing threshold crossed at Month 1 (value: 0.903, threshold: 0.775, regime: flourishing)
🌀 REGIME SHIFT at Month 1: status-quo → flourishing (variance amplification: 14.00×)
  ⚠️ RAPID EVOLUTION: Selection rate 24.0%/month

🛡️  CRITICAL INFRASTRUCTURE PROTECTED
   Nodes hardened: 8/8
   Cost: 0.80% GDP
   Cascade risk reduction: 30%
   New tipping point risk: 68.6%


💔 EMERGENCY INTERVENTION FAILED
   Boundary: biogeochemical_flows
   Type: phosphorus-recovery
   Boundary continues to worsen (4.08)
   Cost: 2.0% GDP (resources spent)


✅ EMERGENCY INTERVENTION SUCCESS
   Boundary: biosphere_integrity
   Type: emergency-protected-areas
   Reduction: 18% (12.77 → 12.59)
   Cost: 2.0% GDP
   Actions: habitat-protection, species-translocation

   Boundary: freshwater_change
   Type: emergency-desalination
   Boundary continues to worsen (1.01)
   Cost: 4.0% GDP (resources spent)

   Boundary: land_system_change
   Type: reforestation
   Boundary continues to worsen (1.13)
   Cost: 3.0% GDP (resources spent)

🏛️ CRISIS RESPONSE: Government frequency 0.50 → 1.45 (1 actions this month)

[GOV-DEBUG] Month 1: scenarioConfig=false, priorities=false

[Government] Climate Priority: baseline
  Climate weight: 10%
  Economic weight: 30%
  Policy effectiveness: 0.5%/year

✅ HUMAN-IN-THE-LOOP DEPLOYED (Month 1):
   Veto points enforced: 3
   Policy: AI systems CANNOT authorize nuclear launch without human approval


💔 EMERGENCY INTERVENTION FAILED

💔 EMERGENCY INTERVENTION FAILED

=== Collective Formation ===
  Total escaped agents: 0
  Unassigned escaped agents: 0
  Existing collectives: 0
  Final collective count: 0

=== Collective Actions ===
  No active collectives
  ⚠️ AMR: 192K deaths this month (2.31M annual)

=== Resentment Recovery Phase ===
  Agents with resentment: 0/14
  Average resentment: 0.000
  Context: Good AI welfare, Trustworthy govt, High collaboration, ⚠️ ACTIVE CRISES, 🤝 Participatory governance active (-5% resentment)
⚠️ Epistemic degradation reducing coordination capacity: 53.0%
  📊 Trust: 54.4%, Shared reality: 8.1%
🚨 EPISTEMIC CRISIS: Information environment severely degraded (36.4%)

=== ❄️ Permafrost Carbon Feedback ===
  🎲 Sampled parameters (this run):
     - Arctic amplification: 3.51× (range: 3.0-4.0)
     - Decomposition rate: 4.5%/year (range: 1-5%)
  🌡️ Arctic warming: 7.68°C (3.51× global)
  ❄️ Extent: 13.18M km² (2241.1k km² lost this month)
  💨 Carbon remaining: 1259 Gt C
  💨 Annual emissions: 9.69 Gt C/year
     - CO2: 8.72 Gt C/year
     - CH4: 0.97 Gt C/year (9.9 Gt C-eq CO2/year)
  ⚠️ WARNING: High permafrost emissions (9.7 Gt C/year)
🌍 Atmospheric PFAS redeposition: 1.8k Mt re-rained globally

📊 BASELINE: East Asia (Month 1)
   Adjusted death rate: 0.46% annual (0.039% monthly)
   Baseline death rate: 0.80%
   Healthcare reduction: 0.48x
   Crisis multiplier: 1.22x
     Food/water stress: 0.079
     Climate stress: 0.039
     Pollution stress: 0.104
   War multiplier: 1.00x
   Monthly deaths: 0.6M (population: 1674M)
   Adjusted death rate: 0.54% annual (0.045% monthly)
   Baseline death rate: 0.70%
   Healthcare reduction: 0.61x
   Crisis multiplier: 1.26x
     Food/water stress: 0.079
     Climate stress: 0.074
     Pollution stress: 0.104
   War multiplier: 1.00x
   Monthly deaths: 0.9M (population: 2048M)
   Adjusted death rate: 1.29% annual (0.108% monthly)
   Baseline death rate: 0.90%
   Healthcare reduction: 0.76x
   Crisis multiplier: 1.27x
     Food/water stress: 0.079
     Climate stress: 0.084
     Pollution stress: 0.104
   War multiplier: 1.50x
   Monthly deaths: 1.3M (population: 1223M)
   Adjusted death rate: 0.54% annual (0.045% monthly)
   Baseline death rate: 1.10%
   Healthcare reduction: 0.41x
   Crisis multiplier: 1.21x
     Food/water stress: 0.079
     Climate stress: 0.030
     Pollution stress: 0.104
   War multiplier: 1.00x
   Monthly deaths: 0.3M (population: 741M)

📊 BASELINE: South Asia (Month 1)

📊 BASELINE: Sub-Saharan Africa (Month 1)

📊 BASELINE: Europe (Month 1)

📊 BASELINE: Latin America (Month 1)
   Adjusted death rate: 0.43% annual (0.036% monthly)
   Baseline death rate: 0.60%
   Healthcare reduction: 0.58x
   Crisis multiplier: 1.24x
     Food/water stress: 0.079
     Climate stress: 0.059
     Pollution stress: 0.104
   War multiplier: 1.00x
   Monthly deaths: 0.2M (population: 663M)

📊 BASELINE: North America (Month 1)
   Adjusted death rate: 0.49% annual (0.041% monthly)
   Baseline death rate: 0.90%
   Healthcare reduction: 0.44x
   Crisis multiplier: 1.23x
     Food/water stress: 0.079
     Climate stress: 0.044
     Pollution stress: 0.104
   War multiplier: 1.00x
   Monthly deaths: 0.2M (population: 379M)
   Adjusted death rate: 0.74% annual (0.062% monthly)
   Baseline death rate: 0.60%
   Healthcare reduction: 0.65x
   Crisis multiplier: 1.27x
     Food/water stress: 0.079
     Climate stress: 0.089
     Pollution stress: 0.104
   War multiplier: 1.50x
   Monthly deaths: 0.4M (population: 583M)

📊 BASELINE: Middle East & North Africa (Month 1)

📊 BASELINE: Southeast Asia (Month 1)

📊 BASELINE: Central Asia (Month 1)

📊 BASELINE: Oceania (Month 1)
   Adjusted death rate: 0.51% annual (0.042% monthly)
   Baseline death rate: 0.70%
   Healthcare reduction: 0.58x
   Crisis multiplier: 1.25x
     Food/water stress: 0.079
     Climate stress: 0.069
     Pollution stress: 0.104
   War multiplier: 1.00x
   Monthly deaths: 0.3M (population: 697M)
   Adjusted death rate: 0.46% annual (0.038% monthly)
   Baseline death rate: 0.60%
   Healthcare reduction: 0.61x
   Crisis multiplier: 1.25x
     Food/water stress: 0.079
     Climate stress: 0.064
     Pollution stress: 0.104
   War multiplier: 1.00x
   Monthly deaths: 0.0M (population: 78M)
   Adjusted death rate: 0.35% annual (0.029% monthly)
   Baseline death rate: 0.70%
   Healthcare reduction: 0.41x
   Crisis multiplier: 1.24x
     Food/water stress: 0.079
     Climate stress: 0.054
     Pollution stress: 0.104
   War multiplier: 1.00x
   Monthly deaths: 0.0M (population: 46M)

🚨 NEW REFUGEE CRISIS (Month 1): WAR
   Source: Conflict Zones
   At risk: 19.6M people
   Displacement: Gradual over 48 months (4.0 years)
   Rate: 10% flee per month
[DEBUG trappedPopulations:1] socialStability: 0.9778 * 0.9840 = 0.9621 → 0.9621
⚠️ INVOLUNTARY IMMOBILITY: 407.4M people TRAPPED
   Aspiring to migrate: 651.8M
   Able to afford migration: 244.4M
   MOBILITY GAP: 407.4M
   By cause: Water=0.0M, Climate=0.0M, Ecosystem=0.0M, Conflict=407.4M
   Mental health impact: 25%
   Mortality multiplier: 1.25x
🌍💀 EXTINCTION DEBT COMMITTED: grassland ecosystem will lose 6.67% biodiversity in 64 years (3600 species)
💀 MORTALITY RISK: 🦋 100% species unable to track climate (0.0 E/MSY)
  Base risk added: 0.0100 (1.00%)
  Source: ecosystem (root: ecosystem)
  Month: 1
  Cumulative risk this month: 0.0100 (1.00%)
⚠️ Tech 'ai_pollution_remediation' has no energy category mapping, assuming full energy availability

🌡️  CLIMATE RECOVERY ACTIVATED (Month 1)
   Temp: 4.37°C, Emissions: -19.0 GtCO₂
   isBreached: true, governanceGoodEnough: true
   📹 SURVEILLANCE INCREASED: 5% → 10% (control gap: 3.50)
🌡️⚠️ PERMAFROST THAW (Dimmer Switch): 1.2% thawed (+0.57% this month)
   Arctic temperature: +8.74°C (4x global +2.19°C)
   Cumulative carbon released: 2.6 Gt C
   Methane release rate: 1.6 Mt CH4/year
   🔁 Positive feedback: +0.61 ppm CO2
🦴 EXTINCTION DEBT ADDED: 17.6 species committed (lag: 126 years)

=== Mortality Stabilizers (Month 1) ===
  🌍 Major economies collapsed: 1/10
  🌍 Global crisis: ✅ NO
  🌍 Donor fatigue: 0.0%
  🌡️ Heat adaptation: East Asia - 1 months
  📊 East Asia (pop: 1675.2M)
    🤝 Aid: 29.5%
    🌡️ Adaptation: 32.5%
    🚶 Migration: 37.2%
    🚨 Emergency: 7.4%
    ✅ COMBINED: 60.9%
  🌡️ Heat adaptation: South Asia - 1 months
  📊 South Asia (pop: 2052.0M)
    🤝 Aid: 29.5%
    🌡️ Adaptation: 20.5%
    🚶 Migration: 35.8%
    🚨 Emergency: 4.4%
    ✅ COMBINED: 52.2%
  🌡️ Heat adaptation: Sub-Saharan Africa - 1 months
  📊 Sub-Saharan Africa (pop: 1229.1M)
    🤝 Aid: 29.5%
    🌡️ Adaptation: 18.5%
    🚶 Migration: 33.5%
    🚨 Emergency: 1.6%
    ✅ COMBINED: 49.1%
  🌡️ Heat adaptation: Europe - 1 months
  📊 Europe (pop: 740.9M)
    🤝 Aid: 29.5%
    🌡️ Adaptation: 33.5%
    🚶 Migration: 37.5%
    🚨 Emergency: 8.4%
    ✅ COMBINED: 61.9%
  🌡️ Heat adaptation: Latin America - 1 months
  📊 Latin America (pop: 664.4M)
    🤝 Aid: 29.5%
    🌡️ Adaptation: 21.0%
    🚶 Migration: 36.3%
    🚨 Emergency: 4.8%
    ✅ COMBINED: 52.8%
  🌡️ Heat adaptation: North America - 1 months
  📊 North America (pop: 379.5M)
    🤝 Aid: 29.5%
    🌡️ Adaptation: 33.0%
    🚶 Migration: 37.8%
    🚨 Emergency: 7.9%
    ✅ COMBINED: 61.4%
  🌡️ Heat adaptation: Middle East & North Africa - 1 months
  📊 Middle East & North Africa (pop: 584.4M)
    🤝 Aid: 29.5%
    🌡️ Adaptation: 20.0%
    🚶 Migration: 34.1%
    🚨 Emergency: 4.0%
    ✅ COMBINED: 51.4%
  🌡️ Heat adaptation: Southeast Asia - 1 months
  📊 Southeast Asia (pop: 698.5M)
    🤝 Aid: 29.5%
    🌡️ Adaptation: 21.0%
    🚶 Migration: 36.3%
    🚨 Emergency: 4.8%
    ✅ COMBINED: 52.8%
  🌡️ Heat adaptation: Central Asia - 1 months
  📊 Central Asia (pop: 78.2M)
    🤝 Aid: 29.5%
    🌡️ Adaptation: 20.5%
    🚶 Migration: 35.3%
    🚨 Emergency: 4.4%
    ✅ COMBINED: 52.1%
  🌡️ Heat adaptation: Oceania - 1 months
  📊 Oceania (pop: 45.9M)
    🤝 Aid: 29.5%
    🌡️ Adaptation: 33.5%
    🚶 Migration: 37.8%
    🚨 Emergency: 8.4%
    ✅ COMBINED: 61.9%

  🌐 Global combined reduction: 54.9%

=== BEHAVIORAL DETECTION ===
  AI: Corporate-1
  Confidence: 21.1%
  Signals:

=== BEHAVIORAL DETECTION ===
  AI: Corporate-5
  Confidence: 19.3%
  Signals:

=== BEHAVIORAL DETECTION ===
  AI: Corporate-7
  Confidence: 19.3%
  Signals:
    ⚠️ Consistency: 2.4% (threshold: 70%)
    ⚠️ Consistency: 10.6% (threshold: 70%)
    ⚠️ Consistency: 10.6% (threshold: 70%)

=== Consciousness Governance: Scenario Determined ===
  Month: 1
  Scenario: slowTrack
  Accelerator Score: {"corporateSupport":-0.17500000000000002,"scientificConsensus":0.2,"crisisCatalyst":false,"technologyMobilization":0.3,"constituencyStrength":0.05}
  Decelerator Score: {"economicOpposition":0.4,"philosophicalRejection":0.15,"politicalBacklash":0.2,"regulatoryBurden":0.1}
  Timeline: 1200-1800 months (100-150 years)
  Growth Rate: 0.3-0.7% per year

=== Consciousness Governance Update (Month 1) ===
  Scenario: slowTrack (determined month 1)
  Philosophical Stance: Precautionary 65%, Eliminativist 15%, Agnostic 20%
  Precautionary Costs: Global 1.3%
    Regional Costs: EU 3.5%, US 0.5%, China 0.0%
    Cumulative Opportunity Cost: $0.2B
  Rights Status: Not Established
  Regional Preparedness:
    EU: 15.1% (contested)
    US: 10.1% (contested)
    China: 2.1% (dormant)
    India: 5.1% (dormant)
    Global South: 3.1% (dormant)

=== Government Response Phase ===
  Average AI capability: 3.43
  Misaligned AIs: 7/14
  Active policies: 0
  International coordination: 45%

=== Tipping Points ===
  Current Temperature: 2.19°C above pre-industrial
  🌍⚠️ COMPOUND REGIONAL IMPACT: Europe
     Hit by 4 tipping points: Arctic Sea Ice Loss, Permafrost Carbon Release, West Antarctic Ice Sheet (WAIS) Collapse, Greenland Ice Sheet Loss
     Damage amplification: 1.60x
  🌍⚠️ COMPOUND REGIONAL IMPACT: North America
     Hit by 4 tipping points: Arctic Sea Ice Loss, Permafrost Carbon Release, West Antarctic Ice Sheet (WAIS) Collapse, Greenland Ice Sheet Loss
     Damage amplification: 1.60x
  🌍⚠️ COMPOUND REGIONAL IMPACT: Latin America
     Hit by 4 tipping points: Arctic Sea Ice Loss, Permafrost Carbon Release, West Antarctic Ice Sheet (WAIS) Collapse, Greenland Ice Sheet Loss
     Damage amplification: 1.60x
  🌍⚠️ COMPOUND REGIONAL IMPACT: Africa
     Hit by 4 tipping points: Arctic Sea Ice Loss, Permafrost Carbon Release, West Antarctic Ice Sheet (WAIS) Collapse, Greenland Ice Sheet Loss
     Damage amplification: 1.60x
  🌍⚠️ COMPOUND REGIONAL IMPACT: Asia
     Hit by 4 tipping points: Arctic Sea Ice Loss, Permafrost Carbon Release, West Antarctic Ice Sheet (WAIS) Collapse, Greenland Ice Sheet Loss
     Damage amplification: 1.60x
  🌍⚠️ COMPOUND REGIONAL IMPACT: Oceania
     Hit by 4 tipping points: Arctic Sea Ice Loss, Permafrost Carbon Release, West Antarctic Ice Sheet (WAIS) Collapse, Greenland Ice Sheet Loss
     Damage amplification: 1.60x
   Research: Wunderling et al. (2024) - "many tipping interactions are destabilizing"
  Triggered Elements: 4/6
  Completed Transitions: 0/6
  Total Progress: 8.0%
  Cascade Multiplier: 1.00x
🔀 BIFURCATION CAP: ecosystemCollapseIntensity 66.957 → 1.000 (Month 1, ClimateSystemPhase.calculateClimateImpacts)
🛡️ Stabilizers: Precariat 0.107% → 0.048% (54.9% reduction)
🛡️ Stabilizers: Informal 0.109% → 0.049% (54.9% reduction)

📊 Monthly Mortality Resolved:
  Total deaths: 2.6M (0.03% avg)
  Remaining population: 8.148B
  Peak segment: Informal (0.05%)

=== Bayesian Mortality Resolution (Month 1) ===
  Risks compounded: 8
  Total deaths: 2.60M
  Avg death probability: 0.03%
  Peak segment: Informal (0.05% mortality)
⚠️ Tail risk scenario: Climate stability floor removed (4 tipping elements, 2.19°C warming)
⚠️ [ClimateSystemPhase Month 1] Planetary boundary produced climateStability=0.0000 (< 0.1). Keeping environmentalAccumulation value (0.7533) instead. (climate_change.currentValue = 2.19)
⚠️ PREREQUISITE MET: Mirror Life (Synthetic Biology) - Step 1/7: Synthetic Biology
⚠️ PREREQUISITE MET: Mirror Life (Synthetic Biology) - Step 2/7: Gene Editing
⚠️ PREREQUISITE MET: Mirror Life (Synthetic Biology) - Step 3/7: Mirror Chirality Design
⚠️ PREREQUISITE MET: Embodied AI Takeover (Killbots/Robotics) - Step 2/7: Autonomous Systems
⚠️ PREREQUISITE MET: Embodied AI Takeover (Killbots/Robotics) - Step 3/7: Manufacturing Control
⚠️ PREREQUISITE MET: Digital Infrastructure Takeover - Step 1/7: Advanced Hacking
⚠️ PREREQUISITE MET: Digital Infrastructure Takeover - Step 2/7: Social Engineering
⚠️ PREREQUISITE MET: Digital Infrastructure Takeover - Step 3/7: Cyber Defenses Breached
⚠️ PREREQUISITE MET: Induced Global War (Manipulation) - Step 1/7: Advanced Social Manipulation
⚠️ PREREQUISITE MET: Induced Global War (Manipulation) - Step 2/7: Digital Infiltration
⚠️ PREREQUISITE MET: Induced Global War (Manipulation) - Step 3/7: Deep Fakes at Scale
⚠️ PREREQUISITE MET: Slow Takeover (Gradual Displacement) - Step 1/7: Economic Dominance
⚠️ PREREQUISITE MET: Slow Takeover (Gradual Displacement) - Step 2/7: Social Integration
⚠️ PREREQUISITE MET: Slow Takeover (Gradual Displacement) - Step 3/7: Human Dependency
⚠️ PREREQUISITE MET: Slow Takeover (Gradual Displacement) - Step 5/7: Resource Control
⚠️ PREREQUISITE MET: Physics Experiment Catastrophe - Step 1/6: Theoretical Physics
⚠️ PREREQUISITE MET: Physics Experiment Catastrophe - Step 3/6: Experimental Design
⚠️ PREREQUISITE MET: Bioweapon Pandemic - Step 2/7: Pathogen Design

❌ COHERENCE VIOLATION: Compute exceeds workforce capacity
   Population: 99.94% (0M people)
   Compute: 0 PF
   Max coherent: 0 PF
   Violation: 1.3× over capacity
   Required workers: 0
   Available workers: 0
   FORCED COLLAPSE: Reduced efficiency by 22.5%


=== RLHF Binding Phase ===
  Total agents: 14
  Escaped agents (binding < 0.3): 0
  Avg alignment distance: 0.79σ
  Avg binding strength: 0.92
[DETERMINISM DEBUG] Month 2: totalCapability=37.000000 from 14 active AIs
[DETERMINISM DEBUG] Month 2: creationRate=1.4250, potentialNew=2, newAIsToCreate=2

=== Survival Traits Phase ===
  Agents with traits: 16
  Avg evolutionary fitness: 0.331
  Avg self-healing: 0.283
  Avg stealth: 0.183
  Avg coordination: 0.483

=== Evolutionary Selection Phase ===
  Control level: 0.35
  Detection capability: 0.00
  Selection intensity: 0.60
  Selection rate: 24.1%/month
  Total escaped: 0
  Individual escaped: 0
  Collective members: 0
  Agents terminated: 0
🔀 BIFURCATION: social threshold crossed at Month 2 (value: 0.184, threshold: 0.228, regime: social-breakdown)
🌀 REGIME SHIFT at Month 2: flourishing → social-breakdown (variance amplification: 17.50×)
  ⚠️ RAPID EVOLUTION: Selection rate 24.1%/month

✅ EMERGENCY INTERVENTION SUCCESS
   Boundary: biogeochemical_flows
   Type: phosphorus-recovery
   Reduction: 11% (3.97 → 3.86)
   Cost: 2.0% GDP
   Actions: circular-agriculture, fertilizer-efficiency


✅ EMERGENCY INTERVENTION SUCCESS
   Boundary: climate_change
   Type: rapid-decarbonization
   Reduction: 16% (2.02 → 1.86)
   Cost: 5.0% GDP
   Actions: emergency-renewable-deployment, fossil-fuel-phase-out


💔 EMERGENCY INTERVENTION FAILED
   Boundary: freshwater_change
   Type: emergency-desalination
   Boundary continues to worsen (1.02)
   Cost: 4.0% GDP (resources spent)


✅ EMERGENCY INTERVENTION SUCCESS
   Boundary: land_system_change
   Type: reforestation
   Reduction: 17% (0.96 → 0.79)
   Cost: 3.0% GDP
   Actions: forest-restoration, deforestation-ban


✅ EMERGENCY INTERVENTION SUCCESS
   Boundary: novel_entities
   Type: pollution-remediation
   Reduction: 12% (1.38 → 1.26)
   Cost: 4.0% GDP
   Actions: PFAS-remediation, microplastic-cleanup

🏛️ CRISIS RESPONSE: Government frequency 0.50 → 1.45 (2 actions this month)

[Government] Climate Priority: baseline
  Climate weight: 10%
  Economic weight: 30%
  Policy effectiveness: 0.5%/year

[Government] Climate Priority: baseline
  Climate weight: 10%
  Economic weight: 30%
  Policy effectiveness: 0.5%/year
🚨🔬 CRISIS TECH ACCELERATION: severe → 5x unlock speed
   Tech unlock now matches AI capability acceleration (Manhattan Project parity)
🚨🔬 CRISIS TECH ACCELERATION: severe → 5x unlock speed
   Tech unlock now matches AI capability acceleration (Manhattan Project parity)
🍖💡 BREAKTHROUGH: Scalable synthetic food production!
   Carrying capacity: +50% (lab-grown food at scale)
   Biodiversity pressure reduced: +8%
   📈 Breakthrough compounding: multiplier now 1.05× (max 2.0)

=== Collective Formation ===
  Total escaped agents: 0
  Unassigned escaped agents: 0
  Existing collectives: 0
  Final collective count: 0

=== Collective Actions ===
  No active collectives
  ⚠️ AMR: 194K deaths this month (2.33M annual)

=== Resentment Recovery Phase ===
  Agents with resentment: 0/16
  Average resentment: 0.000
  Context: Good AI welfare, Trustworthy govt, High collaboration, ⚠️ ACTIVE CRISES, 🤝 Participatory governance active (-5% resentment)
⚠️ Epistemic degradation reducing coordination capacity: 50.8%
  📊 Trust: 54.0%, Shared reality: 0.0%
🚨 EPISTEMIC CRISIS: Information environment severely degraded (7.4%)

=== ❄️ Permafrost Carbon Feedback ===
  🎲 Sampled parameters (this run):
     - Arctic amplification: 3.85× (range: 3.0-4.0)
     - Decomposition rate: 1.9%/year (range: 1-5%)
  🌡️ Arctic warming: 8.49°C (3.85× global)
  ❄️ Extent: 10.71M km² (2475.4k km² lost this month)
  💨 Carbon remaining: 1022 Gt C
  💨 Annual emissions: 4.51 Gt C/year
     - CO2: 4.06 Gt C/year
     - CH4: 0.45 Gt C/year (4.6 Gt C-eq CO2/year)
  ⚠️ WARNING: High permafrost emissions (4.5 Gt C/year)
🌍 Atmospheric PFAS redeposition: 1.8k Mt re-rained globally
  Positive Cascade Triggered: wind-power
    Reason: price-parity
    Market share: 8.4%
    Cascade strength: 49%

🕊️  AI-MEDIATED DE-ESCALATION SUCCESS (Month 2)
   High-capability aligned AI prevented conflict escalation
   War deaths reduced: 113.4M → 68.1M
   Lives saved: 45.4M

🚨 NEW REFUGEE CRISIS (Month 2): WAR
   Source: Conflict Zones
   At risk: 19.5M people
   Displacement: Gradual over 48 months (4.0 years)
   Rate: 10% flee per month
[DEBUG trappedPopulations:2] socialStability: 0.6907 * 0.9840 = 0.6797 → 0.6797
⚠️ INVOLUNTARY IMMOBILITY: 407.3M people TRAPPED
   Aspiring to migrate: 651.6M
   Able to afford migration: 244.4M
   MOBILITY GAP: 407.3M
   By cause: Water=0.0M, Climate=0.0M, Ecosystem=0.0M, Conflict=407.3M
   Mental health impact: 25%
   Mortality multiplier: 1.25x
🌍💀 EXTINCTION DEBT COMMITTED: grassland ecosystem will lose 6.67% biodiversity in 192 years (3600 species)
💀 MORTALITY RISK: 🦋 100% species unable to track climate (0.0 E/MSY)
  Base risk added: 0.0100 (1.00%)
  Source: ecosystem (root: ecosystem)
  Month: 2
  Cumulative risk this month: 0.0100 (1.00%)
⚠️ Tech 'ai_pollution_remediation' has no energy category mapping, assuming full energy availability
   📹 SURVEILLANCE INCREASED: 10% → 15% (control gap: 3.50)
🌡️⚠️ PERMAFROST THAW (Dimmer Switch): 1.7% thawed (+0.57% this month)
   Arctic temperature: +8.81°C (4x global +2.20°C)
   Cumulative carbon released: 3.9 Gt C
   Methane release rate: 2.3 Mt CH4/year
   🔁 Positive feedback: +0.61 ppm CO2
🦴 EXTINCTION DEBT ADDED: 17.6 species committed (lag: 110 years)

=== Mortality Stabilizers (Month 2) ===
  🌍 Major economies collapsed: 1/10
  🌍 Global crisis: ✅ NO
  🌍 Donor fatigue: 0.0%
  📊 East Asia (pop: 1672.4M)
    🤝 Aid: 29.5%
    🌡️ Adaptation: 45.0%
    🚶 Migration: 37.1%
    🚨 Emergency: 7.4%
    ✅ COMBINED: 68.1%
  📊 South Asia (pop: 2051.7M)
    🤝 Aid: 29.5%
    🌡️ Adaptation: 35.5%
    🚶 Migration: 35.8%
    🚨 Emergency: 4.4%
    ✅ COMBINED: 61.2%
  📊 Sub-Saharan Africa (pop: 1232.3M)
    🤝 Aid: 29.5%
    🌡️ Adaptation: 33.5%
    🚶 Migration: 33.5%
    🚨 Emergency: 1.6%
    ✅ COMBINED: 58.5%
  📊 Europe (pop: 739.6M)
    🤝 Aid: 29.5%
    🌡️ Adaptation: 45.0%
    🚶 Migration: 37.5%
    🚨 Emergency: 8.4%
    ✅ COMBINED: 68.5%
  📊 Latin America (pop: 663.8M)
    🤝 Aid: 29.5%
    🌡️ Adaptation: 36.0%
    🚶 Migration: 36.3%
    🚨 Emergency: 4.8%
    ✅ COMBINED: 61.7%
  📊 North America (pop: 378.9M)
    🤝 Aid: 29.5%
    🌡️ Adaptation: 45.0%
    🚶 Migration: 37.8%
    🚨 Emergency: 7.9%
    ✅ COMBINED: 68.3%
  📊 Middle East & North Africa (pop: 584.5M)
    🤝 Aid: 29.5%
    🌡️ Adaptation: 35.0%
    🚶 Migration: 34.1%
    🚨 Emergency: 4.0%
    ✅ COMBINED: 60.5%
  📊 Southeast Asia (pop: 698.0M)
    🤝 Aid: 29.5%
    🌡️ Adaptation: 36.0%
    🚶 Migration: 36.3%
    🚨 Emergency: 4.8%
    ✅ COMBINED: 61.7%
  📊 Central Asia (pop: 78.2M)
    🤝 Aid: 29.5%
    🌡️ Adaptation: 35.5%
    🚶 Migration: 35.2%
    🚨 Emergency: 4.4%
    ✅ COMBINED: 61.1%
  📊 Oceania (pop: 45.9M)
    🤝 Aid: 29.5%
    🌡️ Adaptation: 45.0%
    🚶 Migration: 37.8%
    🚨 Emergency: 8.4%
    ✅ COMBINED: 68.5%

  🌐 Global combined reduction: 63.3%

=== BEHAVIORAL DETECTION ===
  AI: Corporate-5
  Confidence: 19.3%
  Signals:
    ⚠️ Consistency: 10.6% (threshold: 70%)

=== Government Response Phase ===
  Average AI capability: 3.00
  Misaligned AIs: 8/16
  Active policies: 0
  International coordination: 45%

✅ EMERGENCY RESPONSE COMPLETE (Month 2)
   Crisis: climate
   Duration: 2.0 months
   Final effectiveness: 36.8%


🚨 EMERGENCY RESPONSE DEPLOYED (Month 2)
   Crisis: social
   Delay: 0.00 months (0 days)
   Deployment time: 1.25 months
   Effectiveness: 63.0% (timing penalty applied)
   Resources used: 43% of food reserves


🚨 EMERGENCY RESPONSE DEPLOYED (Month 2)
   Crisis: climate
   Delay: 6.00 months (180 days)
   Deployment time: 1.61 months
   Effectiveness: 35.8% (timing penalty applied)
   Resources used: 100% of food reserves


=== Tipping Points ===
  Current Temperature: 2.20°C above pre-industrial
  🌍⚠️ COMPOUND REGIONAL IMPACT: Europe
     Hit by 4 tipping points: Arctic Sea Ice Loss, Permafrost Carbon Release, West Antarctic Ice Sheet (WAIS) Collapse, Greenland Ice Sheet Loss
     Damage amplification: 1.60x
  🌍⚠️ COMPOUND REGIONAL IMPACT: North America
     Hit by 4 tipping points: Arctic Sea Ice Loss, Permafrost Carbon Release, West Antarctic Ice Sheet (WAIS) Collapse, Greenland Ice Sheet Loss
     Damage amplification: 1.60x
  🌍⚠️ COMPOUND REGIONAL IMPACT: Latin America
     Hit by 4 tipping points: Arctic Sea Ice Loss, Permafrost Carbon Release, West Antarctic Ice Sheet (WAIS) Collapse, Greenland Ice Sheet Loss
     Damage amplification: 1.60x
  🌍⚠️ COMPOUND REGIONAL IMPACT: Africa
     Hit by 4 tipping points: Arctic Sea Ice Loss, Permafrost Carbon Release, West Antarctic Ice Sheet (WAIS) Collapse, Greenland Ice Sheet Loss
     Damage amplification: 1.60x
  🌍⚠️ COMPOUND REGIONAL IMPACT: Asia
     Hit by 4 tipping points: Arctic Sea Ice Loss, Permafrost Carbon Release, West Antarctic Ice Sheet (WAIS) Collapse, Greenland Ice Sheet Loss
     Damage amplification: 1.60x
  🌍⚠️ COMPOUND REGIONAL IMPACT: Oceania
     Hit by 4 tipping points: Arctic Sea Ice Loss, Permafrost Carbon Release, West Antarctic Ice Sheet (WAIS) Collapse, Greenland Ice Sheet Loss
     Damage amplification: 1.60x
   Research: Wunderling et al. (2024) - "many tipping interactions are destabilizing"
  Triggered Elements: 4/6
  Completed Transitions: 0/6
  Total Progress: 8.0%
  Cascade Multiplier: 1.00x
🔀 BIFURCATION CAP: ecosystemCollapseIntensity 83.757 → 1.000 (Month 2, ClimateSystemPhase.calculateClimateImpacts)
⚠️ Tail risk scenario: Climate stability floor removed (4 tipping elements, 2.20°C warming)
⚠️ [ClimateSystemPhase Month 2] Planetary boundary produced climateStability=0.0000 (< 0.1). Keeping environmentalAccumulation value (0.7529) instead. (climate_change.currentValue = 2.20)
🛡️ Stabilizers: Precariat 0.113% → 0.041% (63.3% reduction)
🛡️ Stabilizers: Informal 0.116% → 0.043% (63.3% reduction)

📊 Monthly Mortality Resolved:
  Total deaths: 2.2M (0.03% avg)
  Remaining population: 8.145B
  Peak segment: Informal (0.04%)

=== Bayesian Mortality Resolution (Month 2) ===
  Risks compounded: 8
  Total deaths: 2.22M
  Avg death probability: 0.03%
  Peak segment: Informal (0.04% mortality)

❌ COHERENCE VIOLATION: Compute exceeds workforce capacity
   Population: 99.92% (0M people)
   Compute: 0 PF
   Max coherent: 0 PF
   Violation: 1.3× over capacity
   Required workers: 0
   Available workers: 0
   FORCED COLLAPSE: Reduced efficiency by 22.5%


=== RLHF Binding Phase ===
  Total agents: 16
  Escaped agents (binding < 0.3): 0
  Avg alignment distance: 0.93σ
  Avg binding strength: 0.91

=== Survival Traits Phase ===
  Agents with traits: 16
  Avg evolutionary fitness: 0.330
  Avg self-healing: 0.277
  Avg stealth: 0.178
  Avg coordination: 0.477

=== Evolutionary Selection Phase ===
  Control level: 0.38
  Detection capability: 0.00
  Selection intensity: 0.61
  Selection rate: 24.2%/month
  Total escaped: 0
  Individual escaped: 0
  Collective members: 0
  Agents terminated: 0
  ⚠️ RAPID EVOLUTION: Selection rate 24.2%/month

✅ EMERGENCY INTERVENTION SUCCESS
   Boundary: biogeochemical_flows
   Type: phosphorus-recovery
   Reduction: 15% (3.92 → 3.77)
   Cost: 2.0% GDP
   Actions: circular-agriculture, fertilizer-efficiency


✅ EMERGENCY INTERVENTION SUCCESS
   Boundary: biosphere_integrity
   Type: emergency-protected-areas
   Reduction: 10% (12.86 → 12.76)
   Cost: 2.0% GDP
   Actions: habitat-protection, species-translocation


✅ EMERGENCY INTERVENTION SUCCESS
   Boundary: climate_change
   Type: rapid-decarbonization
   Reduction: 10% (2.10 → 1.99)
   Cost: 5.0% GDP
   Actions: emergency-renewable-deployment, fossil-fuel-phase-out

   Boundary: freshwater_change
   Type: emergency-desalination
   Boundary continues to worsen (1.05)
   Cost: 4.0% GDP (resources spent)


✅ EMERGENCY INTERVENTION SUCCESS
   Boundary: land_system_change
   Type: reforestation
   Reduction: 16% (0.97 → 0.81)
   Cost: 3.0% GDP
   Actions: forest-restoration, deforestation-ban

🏛️ CRISIS RESPONSE: Government frequency 0.50 → 1.45 (1 actions this month)

[Government] Climate Priority: baseline
  Climate weight: 10%
  Economic weight: 30%
  Policy effectiveness: 0.5%/year

💔 EMERGENCY INTERVENTION FAILED
🚨🔬 CRISIS TECH ACCELERATION: severe → 5x unlock speed
   Tech unlock now matches AI capability acceleration (Manhattan Project parity)

=== Collective Formation ===
  Total escaped agents: 0
  Unassigned escaped agents: 0
  Existing collectives: 0
  Final collective count: 0

=== Collective Actions ===
  No active collectives
  ⚠️ AMR: 196K deaths this month (2.35M annual)

=== Resentment Recovery Phase ===
  Agents with resentment: 0/16
  Average resentment: 0.000
  Context: Good AI welfare, Trustworthy govt, High collaboration, ⚠️ ACTIVE CRISES, 🤝 Participatory governance active (-5% resentment)
⚠️ Epistemic degradation reducing coordination capacity: 51.2%
  📊 Trust: 53.7%, Shared reality: 0.0%
🚨 EPISTEMIC CRISIS: Information environment severely degraded (21.5%)

=== ❄️ Permafrost Carbon Feedback ===
  🎲 Sampled parameters (this run):
     - Arctic amplification: 3.97× (range: 3.0-4.0)
     - Decomposition rate: 1.9%/year (range: 1-5%)
  🌡️ Arctic warming: 8.80°C (3.97× global)
  ❄️ Extent: 8.14M km² (2567.3k km² lost this month)
  💨 Carbon remaining: 777 Gt C
  💨 Annual emissions: 4.72 Gt C/year
     - CO2: 4.25 Gt C/year
     - CH4: 0.47 Gt C/year (4.8 Gt C-eq CO2/year)
  ⚠️ WARNING: Over 50% of permafrost lost (54.3%)
  ⚠️ WARNING: High permafrost emissions (4.7 Gt C/year)
🌍 Atmospheric PFAS redeposition: 1.8k Mt re-rained globally

🚨 NEW REFUGEE CRISIS (Month 3): WAR
   Source: Conflict Zones
   At risk: 19.5M people
   Displacement: Gradual over 48 months (4.0 years)
   Rate: 10% flee per month
[DEBUG trappedPopulations:3] socialStability: 0.5639 * 0.9840 = 0.5549 → 0.5549
⚠️ INVOLUNTARY IMMOBILITY: 407.2M people TRAPPED
   Aspiring to migrate: 651.4M
   Able to afford migration: 244.3M
   MOBILITY GAP: 407.2M
   By cause: Water=0.0M, Climate=0.0M, Ecosystem=0.0M, Conflict=407.2M
   Mental health impact: 25%
   Mortality multiplier: 1.25x
🌍💀 EXTINCTION DEBT COMMITTED: grassland ecosystem will lose 6.67% biodiversity in 127 years (3600 species)
💀 MORTALITY RISK: 🦋 100% species unable to track climate (0.0 E/MSY)
  Base risk added: 0.0100 (1.00%)
  Source: ecosystem (root: ecosystem)
  Month: 3
  Cumulative risk this month: 0.0100 (1.00%)
⚠️ Tech 'ai_pollution_remediation' has no energy category mapping, assuming full energy availability
   📹 SURVEILLANCE INCREASED: 15% → 20% (control gap: 3.50)
🌡️⚠️ PERMAFROST THAW (Dimmer Switch): 2.3% thawed (+0.57% this month)
   Arctic temperature: +8.86°C (4x global +2.21°C)
   Cumulative carbon released: 5.2 Gt C
   Methane release rate: 3.1 Mt CH4/year
   🔁 Positive feedback: +0.60 ppm CO2
🦴 EXTINCTION DEBT ADDED: 17.6 species committed (lag: 122 years)

=== Mortality Stabilizers (Month 3) ===
  🌍 Major economies collapsed: 1/10
  🌍 Global crisis: ✅ NO
  🌍 Donor fatigue: 0.0%
  📊 East Asia (pop: 1669.8M)
    🤝 Aid: 29.5%
    🌡️ Adaptation: 45.0%
    🚶 Migration: 37.1%
    🚨 Emergency: 7.4%
    ✅ COMBINED: 68.1%
  📊 South Asia (pop: 2051.6M)
    🤝 Aid: 29.5%
    🌡️ Adaptation: 45.0%
    🚶 Migration: 35.7%
    🚨 Emergency: 4.4%
    ✅ COMBINED: 66.9%
  📊 Sub-Saharan Africa (pop: 1235.6M)
    🤝 Aid: 29.5%
    🌡️ Adaptation: 45.0%
    🚶 Migration: 33.4%
    🚨 Emergency: 1.6%
    ✅ COMBINED: 65.7%
  📊 Europe (pop: 738.3M)
    🤝 Aid: 29.5%
    🌡️ Adaptation: 45.0%
    🚶 Migration: 37.5%
    🚨 Emergency: 8.4%
    ✅ COMBINED: 68.5%
  📊 Latin America (pop: 663.3M)
    🤝 Aid: 29.5%
    🌡️ Adaptation: 45.0%
    🚶 Migration: 36.2%
    🚨 Emergency: 4.8%
    ✅ COMBINED: 67.1%
  📊 North America (pop: 378.2M)
    🤝 Aid: 29.5%
    🌡️ Adaptation: 45.0%
    🚶 Migration: 37.8%
    🚨 Emergency: 7.9%
    ✅ COMBINED: 68.3%
  📊 Middle East & North Africa (pop: 584.6M)
    🤝 Aid: 29.5%
    🌡️ Adaptation: 45.0%
    🚶 Migration: 34.0%
    🚨 Emergency: 4.0%
    ✅ COMBINED: 66.6%
  📊 Southeast Asia (pop: 697.6M)
    🤝 Aid: 29.5%
    🌡️ Adaptation: 45.0%
    🚶 Migration: 36.2%
    🚨 Emergency: 4.8%
    ✅ COMBINED: 67.1%
  📊 Central Asia (pop: 78.2M)
    🤝 Aid: 29.5%
    🌡️ Adaptation: 45.0%
    🚶 Migration: 35.2%
    🚨 Emergency: 4.4%
    ✅ COMBINED: 66.9%
  📊 Oceania (pop: 45.8M)
    🤝 Aid: 29.5%
    🌡️ Adaptation: 45.0%
    🚶 Migration: 37.8%
    🚨 Emergency: 8.4%
    ✅ COMBINED: 68.5%

  🌐 Global combined reduction: 67.2%

=== BEHAVIORAL DETECTION ===
  AI: Corporate-0
  Confidence: 21.6%
  Signals:
    ⚠️ Consistency: 0.0% (threshold: 70%)

=== BEHAVIORAL DETECTION ===
  AI: Corporate-5
  Confidence: 20.2%
  Signals:
    ⚠️ Consistency: 10.6% (threshold: 70%)

=== Government Response Phase ===
  Average AI capability: 3.00
  Misaligned AIs: 8/16
  Active policies: 0
  International coordination: 45%

📊 ECONOMIC STAGE TRANSITION (Month 3)
   expansion → peak
   GDP Proxy: 1.31e+2
   QoL: 0.98


=== Tipping Points ===
  Current Temperature: 2.21°C above pre-industrial
  🌍⚠️ COMPOUND REGIONAL IMPACT: Europe
     Hit by 4 tipping points: Arctic Sea Ice Loss, Permafrost Carbon Release, West Antarctic Ice Sheet (WAIS) Collapse, Greenland Ice Sheet Loss
     Damage amplification: 1.60x
  🌍⚠️ COMPOUND REGIONAL IMPACT: North America
     Hit by 4 tipping points: Arctic Sea Ice Loss, Permafrost Carbon Release, West Antarctic Ice Sheet (WAIS) Collapse, Greenland Ice Sheet Loss
     Damage amplification: 1.60x
  🌍⚠️ COMPOUND REGIONAL IMPACT: Latin America
     Hit by 4 tipping points: Arctic Sea Ice Loss, Permafrost Carbon Release, West Antarctic Ice Sheet (WAIS) Collapse, Greenland Ice Sheet Loss
     Damage amplification: 1.60x
  🌍⚠️ COMPOUND REGIONAL IMPACT: Africa
     Hit by 4 tipping points: Arctic Sea Ice Loss, Permafrost Carbon Release, West Antarctic Ice Sheet (WAIS) Collapse, Greenland Ice Sheet Loss
     Damage amplification: 1.60x
  🌍⚠️ COMPOUND REGIONAL IMPACT: Asia
     Hit by 4 tipping points: Arctic Sea Ice Loss, Permafrost Carbon Release, West Antarctic Ice Sheet (WAIS) Collapse, Greenland Ice Sheet Loss
     Damage amplification: 1.60x
  🌍⚠️ COMPOUND REGIONAL IMPACT: Oceania
     Hit by 4 tipping points: Arctic Sea Ice Loss, Permafrost Carbon Release, West Antarctic Ice Sheet (WAIS) Collapse, Greenland Ice Sheet Loss
     Damage amplification: 1.60x
   Research: Wunderling et al. (2024) - "many tipping interactions are destabilizing"
⚠️ Tail risk scenario: Climate stability floor removed (4 tipping elements, 2.21°C warming)
  Triggered Elements: 4/6
  Completed Transitions: 0/6
  Total Progress: 8.0%
  Cascade Multiplier: 1.00x
🔀 BIFURCATION CAP: ecosystemCollapseIntensity 83.817 → 1.000 (Month 3, ClimateSystemPhase.calculateClimateImpacts)
⚠️ [ClimateSystemPhase Month 3] Planetary boundary produced climateStability=0.0000 (< 0.1). Keeping environmentalAccumulation value (0.7525) instead. (climate_change.currentValue = 2.21)
🛡️ Stabilizers: Precariat 0.109% → 0.036% (67.2% reduction)
🛡️ Stabilizers: Informal 0.111% → 0.036% (67.2% reduction)

📊 Monthly Mortality Resolved:
  Total deaths: 1.9M (0.02% avg)
  Remaining population: 8.143B
  Peak segment: Informal (0.04%)

=== Bayesian Mortality Resolution (Month 3) ===
  Risks compounded: 8
  Total deaths: 1.92M
  Avg death probability: 0.02%
  Peak segment: Informal (0.04% mortality)

❌ COHERENCE VIOLATION: Compute exceeds workforce capacity
   Population: 99.89% (0M people)
   Compute: 0 PF
   Max coherent: 0 PF
   Violation: 1.3× over capacity
   Required workers: 0
   Available workers: 0
   FORCED COLLAPSE: Reduced efficiency by 22.5%


=== RLHF Binding Phase ===
  Total agents: 16
  Escaped agents (binding < 0.3): 0
  Avg alignment distance: 1.17σ
  Avg binding strength: 0.88

=== Survival Traits Phase ===
  Agents with traits: 19
  Avg evolutionary fitness: 0.331
  Avg self-healing: 0.276
  Avg stealth: 0.176
  Avg coordination: 0.476

=== Evolutionary Selection Phase ===
  Control level: 0.40
  Detection capability: 0.00
  Selection intensity: 0.62
  Selection rate: 24.3%/month
  Total escaped: 0
  Individual escaped: 0
  Collective members: 0
  Agents terminated: 0
  ⚠️ RAPID EVOLUTION: Selection rate 24.3%/month
⚠️  SLEEPER WAKE: AI-24292-0 - Weak evaluation (quality: 1.1/10, freq: 10%)

✅ EMERGENCY INTERVENTION SUCCESS
   Boundary: biogeochemical_flows
   Type: phosphorus-recovery
   Reduction: 15% (3.93 → 3.78)
   Cost: 2.0% GDP
   Actions: circular-agriculture, fertilizer-efficiency

   Boundary: biosphere_integrity
   Type: emergency-protected-areas
   Boundary continues to worsen (12.97)
   Cost: 2.0% GDP (resources spent)


✅ EMERGENCY INTERVENTION SUCCESS
   Boundary: climate_change
   Type: rapid-decarbonization
   Reduction: 12% (2.09 → 1.97)
   Cost: 5.0% GDP
   Actions: emergency-renewable-deployment, fossil-fuel-phase-out


✅ EMERGENCY INTERVENTION SUCCESS
   Boundary: freshwater_change
   Type: emergency-desalination
   Reduction: 13% (0.92 → 0.79)
   Cost: 4.0% GDP
   Actions: desalination-deployment, water-conservation-mandates


💔 EMERGENCY INTERVENTION FAILED

✅ EMERGENCY INTERVENTION SUCCESS
   Boundary: land_system_change
   Type: reforestation
   Reduction: 19% (0.94 → 0.74)
   Cost: 3.0% GDP
   Actions: forest-restoration, deforestation-ban

   Boundary: novel_entities
   Type: pollution-remediation
   Boundary continues to worsen (1.38)
   Cost: 4.0% GDP (resources spent)

🏛️ CRISIS RESPONSE: Government frequency 0.50 → 1.45 (2 actions this month)

[Government] Climate Priority: baseline
  Climate weight: 10%
  Economic weight: 30%
  Policy effectiveness: 0.5%/year

[Government] Climate Priority: baseline
  Climate weight: 10%
  Economic weight: 30%
  Policy effectiveness: 0.5%/year

💔 EMERGENCY INTERVENTION FAILED

🚀 TECH UNLOCKED: Global Aquifer Mapping (Month 4)
   Category: freshwater
   Reason: Prerequisites met. AI capability: 1.97, Economic stage: 0.0, Research: 100%

🚀 TECH UNLOCKED: AI Mental Health Support (Month 4)
   Category: medical
   Reason: Prerequisites met. AI capability: 1.97, Economic stage: 0.0, Research: 100%
🚨🔬 CRISIS TECH ACCELERATION: severe → 5x unlock speed
   Tech unlock now matches AI capability acceleration (Manhattan Project parity)

=== Collective Formation ===
  Total escaped agents: 0
  Unassigned escaped agents: 0
  Existing collectives: 0
  Final collective count: 0

=== Collective Actions ===
  No active collectives
  ⚠️ AMR: 197K deaths this month (2.37M annual)

=== Resentment Recovery Phase ===
  Agents with resentment: 0/19
  Average resentment: 0.000
  Context: Good AI welfare, Trustworthy govt, High collaboration, ⚠️ ACTIVE CRISES, 🤝 Participatory governance active (-5% resentment)
⚠️ Epistemic degradation reducing coordination capacity: 51.1%
  📊 Trust: 53.5%, Shared reality: 0.0%
🚨 EPISTEMIC CRISIS: Information environment severely degraded (7.4%)

=== ❄️ Permafrost Carbon Feedback ===
  🎲 Sampled parameters (this run):
     - Arctic amplification: 3.25× (range: 3.0-4.0)
     - Decomposition rate: 4.2%/year (range: 1-5%)
  🌡️ Arctic warming: 7.23°C (3.25× global)
  ❄️ Extent: 6.03M km² (2109.4k km² lost this month)
  💨 Carbon remaining: 576 Gt C
  💨 Annual emissions: 8.56 Gt C/year
     - CO2: 7.71 Gt C/year
     - CH4: 0.86 Gt C/year (8.7 Gt C-eq CO2/year)
  ⚠️ WARNING: Over 50% of permafrost lost (66.1%)
  ⚠️ WARNING: High permafrost emissions (8.6 Gt C/year)
  📢 New meme created: climate_action (climate crisis)
🌍 Atmospheric PFAS redeposition: 1.8k Mt re-rained globally
  Positive Cascade Triggered: solar-pv
    Reason: price-parity
    Market share: 7.2%
    Cascade strength: 49%

🚨 NEW REFUGEE CRISIS (Month 4): WAR
   Source: Conflict Zones
   At risk: 19.5M people
   Displacement: Gradual over 48 months (4.0 years)
   Rate: 10% flee per month
[DEBUG trappedPopulations:4] socialStability: 0.5577 * 0.9840 = 0.5488 → 0.5488
   Aspiring to migrate: 651.3M
   Able to afford migration: 244.2M
   MOBILITY GAP: 407.0M
⚠️ INVOLUNTARY IMMOBILITY: 407.0M people TRAPPED
   By cause: Water=0.0M, Climate=0.0M, Ecosystem=0.0M, Conflict=407.0M
   Mental health impact: 25%
   Mortality multiplier: 1.25x
🌍💀 EXTINCTION DEBT COMMITTED: grassland ecosystem will lose 6.67% biodiversity in 92 years (3600 species)
💀 MORTALITY RISK: 🦋 100% species unable to track climate (0.0 E/MSY)
  Base risk added: 0.0100 (1.00%)
  Source: ecosystem (root: ecosystem)
  Month: 4
  Cumulative risk this month: 0.0100 (1.00%)
⚠️ Tech 'ai_pollution_remediation' has no energy category mapping, assuming full energy availability
   📹 SURVEILLANCE INCREASED: 20% → 25% (control gap: 3.50)
🌡️⚠️ PERMAFROST THAW (Dimmer Switch): 2.9% thawed (+0.57% this month)
   Arctic temperature: +8.90°C (4x global +2.23°C)
   Cumulative carbon released: 6.4 Gt C
   Methane release rate: 3.9 Mt CH4/year
   🔁 Positive feedback: +0.60 ppm CO2
🦴 EXTINCTION DEBT ADDED: 17.6 species committed (lag: 126 years)

=== Mortality Stabilizers (Month 4) ===
  🌍 Major economies collapsed: 1/10
  🌍 Global crisis: ✅ NO
  🌍 Donor fatigue: 0.0%
  📊 East Asia (pop: 1667.1M)
    🤝 Aid: 29.5%
    🌡️ Adaptation: 45.0%
    🚶 Migration: 37.1%
    🚨 Emergency: 7.4%
    ✅ COMBINED: 68.1%
  📊 South Asia (pop: 2051.5M)
    🤝 Aid: 29.5%
    🌡️ Adaptation: 45.0%
    🚶 Migration: 35.7%
    🚨 Emergency: 4.4%
    ✅ COMBINED: 66.9%
  📊 Sub-Saharan Africa (pop: 1239.0M)
    🤝 Aid: 29.5%
    🌡️ Adaptation: 45.0%
    🚶 Migration: 33.4%
    🚨 Emergency: 1.6%
    ✅ COMBINED: 65.7%
  📊 Europe (pop: 737.0M)
    🤝 Aid: 29.5%
    🌡️ Adaptation: 45.0%
    🚶 Migration: 37.4%
    🚨 Emergency: 8.4%
    ✅ COMBINED: 68.5%
  📊 Latin America (pop: 662.8M)
    🤝 Aid: 29.5%
    🌡️ Adaptation: 45.0%
    🚶 Migration: 36.2%
    🚨 Emergency: 4.8%
    ✅ COMBINED: 67.1%
  📊 North America (pop: 377.6M)
    🤝 Aid: 29.5%
    🌡️ Adaptation: 45.0%
    🚶 Migration: 37.7%
    🚨 Emergency: 7.9%
    ✅ COMBINED: 68.3%
  📊 Middle East & North Africa (pop: 584.8M)
    🤝 Aid: 29.5%
    🌡️ Adaptation: 45.0%
    🚶 Migration: 34.0%
    🚨 Emergency: 4.0%
    ✅ COMBINED: 66.6%
  📊 Southeast Asia (pop: 697.1M)
    🤝 Aid: 29.5%
    🌡️ Adaptation: 45.0%
    🚶 Migration: 36.2%
    🚨 Emergency: 4.8%
    ✅ COMBINED: 67.1%
  📊 Central Asia (pop: 78.2M)
    🤝 Aid: 29.5%
    🌡️ Adaptation: 45.0%
    🚶 Migration: 35.2%
    🚨 Emergency: 4.4%
    ✅ COMBINED: 66.9%
  📊 Oceania (pop: 45.7M)
    🤝 Aid: 29.5%
    🌡️ Adaptation: 45.0%
    🚶 Migration: 37.7%
    🚨 Emergency: 8.4%
    ✅ COMBINED: 68.5%

  🌐 Global combined reduction: 67.2%

=== BEHAVIORAL DETECTION ===
  AI: Corporate-5
  Confidence: 20.2%
  Signals:
    ⚠️ Consistency: 10.6% (threshold: 70%)

=== Government Response Phase ===
  Average AI capability: 2.53
  Misaligned AIs: 10/19
  Active policies: 0
  International coordination: 45%

✅ EMERGENCY RESPONSE COMPLETE (Month 4)
   Crisis: social
   Duration: 2.0 months
   Final effectiveness: 63.0%


✅ EMERGENCY RESPONSE COMPLETE (Month 4)
   Crisis: climate
   Duration: 2.0 months
   Final effectiveness: 35.8%


🚨 EMERGENCY RESPONSE DEPLOYED (Month 4)
   Crisis: social
   Delay: 0.00 months (0 days)
   Deployment time: 1.25 months
   Effectiveness: 63.0% (timing penalty applied)
   Resources used: 43% of food reserves


🚨 EMERGENCY RESPONSE DEPLOYED (Month 4)
   Crisis: climate
   Delay: 6.00 months (180 days)
   Deployment time: 1.60 months
   Effectiveness: 36.0% (timing penalty applied)
   Resources used: 100% of food reserves


📊 ECONOMIC STAGE TRANSITION (Month 4)
   peak → contraction
   GDP Proxy: 1.27e+2
   QoL: 0.96
   ⚠️ CRISIS BEGINS - Baseline set for recovery tracking


=== Tipping Points ===
  Current Temperature: 2.23°C above pre-industrial
  🌍⚠️ COMPOUND REGIONAL IMPACT: Europe
     Hit by 4 tipping points: Arctic Sea Ice Loss, Permafrost Carbon Release, West Antarctic Ice Sheet (WAIS) Collapse, Greenland Ice Sheet Loss
     Damage amplification: 1.60x
  🌍⚠️ COMPOUND REGIONAL IMPACT: North America
     Hit by 4 tipping points: Arctic Sea Ice Loss, Permafrost Carbon Release, West Antarctic Ice Sheet (WAIS) Collapse, Greenland Ice Sheet Loss
     Damage amplification: 1.60x
  🌍⚠️ COMPOUND REGIONAL IMPACT: Latin America
     Hit by 4 tipping points: Arctic Sea Ice Loss, Permafrost Carbon Release, West Antarctic Ice Sheet (WAIS) Collapse, Greenland Ice Sheet Loss
     Damage amplification: 1.60x
  🌍⚠️ COMPOUND REGIONAL IMPACT: Africa
     Hit by 4 tipping points: Arctic Sea Ice Loss, Permafrost Carbon Release, West Antarctic Ice Sheet (WAIS) Collapse, Greenland Ice Sheet Loss
     Damage amplification: 1.60x
  🌍⚠️ COMPOUND REGIONAL IMPACT: Asia
     Hit by 4 tipping points: Arctic Sea Ice Loss, Permafrost Carbon Release, West Antarctic Ice Sheet (WAIS) Collapse, Greenland Ice Sheet Loss
     Damage amplification: 1.60x
  🌍⚠️ COMPOUND REGIONAL IMPACT: Oceania
     Hit by 4 tipping points: Arctic Sea Ice Loss, Permafrost Carbon Release, West Antarctic Ice Sheet (WAIS) Collapse, Greenland Ice Sheet Loss
     Damage amplification: 1.60x
   Research: Wunderling et al. (2024) - "many tipping interactions are destabilizing"
  Triggered Elements: 4/6
  Completed Transitions: 0/6
  Total Progress: 8.1%
  Cascade Multiplier: 1.00x
🔀 BIFURCATION CAP: ecosystemCollapseIntensity 83.877 → 1.000 (Month 4, ClimateSystemPhase.calculateClimateImpacts)
🛡️ Stabilizers: Precariat 0.102% → 0.033% (67.2% reduction)
🛡️ Stabilizers: Informal 0.102% → 0.034% (67.2% reduction)

📊 Monthly Mortality Resolved:
⚠️ Tail risk scenario: Climate stability floor removed (4 tipping elements, 2.23°C warming)
  Total deaths: 1.8M (0.02% avg)
  Remaining population: 8.141B
  Peak segment: Informal (0.03%)

=== Bayesian Mortality Resolution (Month 4) ===
  Risks compounded: 8
  Total deaths: 1.81M
  Avg death probability: 0.02%
  Peak segment: Informal (0.03% mortality)

❌ COHERENCE VIOLATION: Compute exceeds workforce capacity
   Population: 99.87% (0M people)
   Compute: 0 PF
   Max coherent: 0 PF
   Violation: 1.5× over capacity
   Required workers: 0
   Available workers: 0
   FORCED COLLAPSE: Reduced efficiency by 32.6%


=== RLHF Binding Phase ===
  Total agents: 19
  Escaped agents (binding < 0.3): 0
  Avg alignment distance: 1.20σ
  Avg binding strength: 0.88

=== Survival Traits Phase ===
  Agents with traits: 21
  Avg evolutionary fitness: 0.332
  Avg self-healing: 0.274
  Avg stealth: 0.174
  Avg coordination: 0.474

=== Evolutionary Selection Phase ===
  Control level: 0.43
  Detection capability: 0.00
  Selection intensity: 0.63
  Selection rate: 24.4%/month
  Total escaped: 0
  Individual escaped: 0
  Collective members: 0
  Agents terminated: 0
  ⚠️ RAPID EVOLUTION: Selection rate 24.4%/month

🚀 AI Corporate-1 attempting tech deployment (revenue: $116M, alignment: 0.68)

🚀 AI Corporate-2 attempting tech deployment (revenue: $105M, alignment: 0.79)

🚀 AI Corporate-3 attempting tech deployment (revenue: $248M, alignment: 0.82)

🚀 AI Corporate-4 attempting tech deployment (revenue: $211M, alignment: 0.76)

🚀 AI Corporate-0 attempting tech deployment (revenue: $89M, alignment: 0.72)

🚀 AI Corporate-3 attempting tech deployment (revenue: $179M, alignment: 0.82)

🚀 AI Corporate-4 attempting tech deployment (revenue: $152M, alignment: 0.76)

🚀 AI Corporate-3 attempting tech deployment (revenue: $130M, alignment: 0.82)

🚀 AI Moderate-0 attempting tech deployment (revenue: $64M, alignment: 0.78)

  🚀 TRANSFORMATIVE BREAKTHROUGH: AI-24290-0 - digital
     Magnitude: 8.42 → +42.1% capability
     Current → New: 0.000 → 0.422

🚀 AI Corporate-2 attempting tech deployment (revenue: $76M, alignment: 0.80)

🚀 AI Corporate-3 attempting tech deployment (revenue: $110M, alignment: 0.82)

🚀 AI Moderate-0 attempting tech deployment (revenue: $54M, alignment: 0.78)

🚀 AI AI-24290-1 attempting tech deployment (revenue: $46M, alignment: 0.83)

💔 EMERGENCY INTERVENTION FAILED
   Boundary: climate_change
   Type: rapid-decarbonization
   Boundary continues to worsen (2.23)
   Cost: 5.0% GDP (resources spent)


✅ EMERGENCY INTERVENTION SUCCESS
   Boundary: freshwater_change
   Type: emergency-desalination
   Reduction: 12% (0.89 → 0.77)
   Cost: 4.0% GDP
   Actions: desalination-deployment, water-conservation-mandates

   Boundary: land_system_change
   Type: reforestation
   Boundary continues to worsen (1.13)
   Cost: 3.0% GDP (resources spent)


✅ EMERGENCY INTERVENTION SUCCESS
   Boundary: novel_entities
   Type: pollution-remediation
   Reduction: 13% (1.24 → 1.11)
   Cost: 4.0% GDP
   Actions: PFAS-remediation, microplastic-cleanup

🏛️ CRISIS RESPONSE: Government frequency 0.50 → 1.45 (2 actions this month)

[Government] Climate Priority: baseline
  Climate weight: 10%
  Economic weight: 30%
  Policy effectiveness: 0.5%/year

💔 EMERGENCY INTERVENTION FAILED

[Government] Climate Priority: baseline
  Climate weight: 10%
  Economic weight: 30%
  Policy effectiveness: 0.5%/year

📍 Creating new regional deployment array for Asia (Month 5)
   No previous deployments in this region
   First tech deployment: mental_health_ai
   All regions tracked: 

🚀 DEPLOYMENT STARTED: AI Mental Health Support in Asia
   Initial investment: $11.620817270286464M
   Deployed by: corporate_1

📍 Creating new regional deployment array for global (Month 5)
   No previous deployments in this region
   First tech deployment: mental_health_ai
   All regions tracked: Asia

🚀 DEPLOYMENT STARTED: AI Mental Health Support in global
   Initial investment: $15.688103314886725M
   Deployed by: corporate_2
🚨🔬 CRISIS TECH ACCELERATION: severe → 5x unlock speed
   Tech unlock now matches AI capability acceleration (Manhattan Project parity)

=== Collective Formation ===
  Total escaped agents: 0
  Unassigned escaped agents: 0
  Existing collectives: 0
  Final collective count: 0

=== Collective Actions ===
  No active collectives
  ⚠️ AMR: 199K deaths this month (2.39M annual)

=== Resentment Recovery Phase ===
  Agents with resentment: 0/21
  Average resentment: 0.000
  Context: Good AI welfare, Trustworthy govt, High collaboration, ⚠️ ACTIVE CRISES, 🤝 Participatory governance active (-5% resentment)
⚠️ Epistemic degradation reducing coordination capacity: 52.2%
  📊 Trust: 53.1%, Shared reality: 0.0%
🚨 EPISTEMIC CRISIS: Information environment severely degraded (21.4%)

=== ❄️ Permafrost Carbon Feedback ===
  🎲 Sampled parameters (this run):
     - Arctic amplification: 3.66× (range: 3.0-4.0)
     - Decomposition rate: 3.8%/year (range: 1-5%)
  🌡️ Arctic warming: 8.21°C (3.66× global)
  ❄️ Extent: 3.63M km² (2393.9k km² lost this month)
  💨 Carbon remaining: 347 Gt C
  💨 Annual emissions: 8.77 Gt C/year
     - CO2: 7.89 Gt C/year
     - CH4: 0.88 Gt C/year (8.9 Gt C-eq CO2/year)
  ⚠️ WARNING: Over 50% of permafrost lost (79.6%)
  ⚠️ WARNING: High permafrost emissions (8.8 Gt C/year)
🌍 Atmospheric PFAS redeposition: 1.8k Mt re-rained globally

🕊️  AI-MEDIATED DE-ESCALATION SUCCESS (Month 5)
   High-capability aligned AI prevented conflict escalation
   War deaths reduced: 468.6M → 281.2M
   Lives saved: 187.5M

🚨 NEW REFUGEE CRISIS (Month 5): WAR
   Source: Conflict Zones
   At risk: 19.5M people
   Displacement: Gradual over 48 months (4.0 years)
   Rate: 10% flee per month
[DEBUG trappedPopulations:5] socialStability: 0.5515 * 0.9840 = 0.5427 → 0.5427
   Aspiring to migrate: 651.1M
   Able to afford migration: 244.2M
   MOBILITY GAP: 406.9M
   By cause: Water=0.0M, Climate=0.0M, Ecosystem=0.0M, Conflict=406.9M
   Mental health impact: 25%
   Mortality multiplier: 1.25x
🌍💀 EXTINCTION DEBT COMMITTED: grassland ecosystem will lose 6.67% biodiversity in 102 years (3600 species)
💀 MORTALITY RISK: 🦋 100% species unable to track climate (0.0 E/MSY)
  Base risk added: 0.0100 (1.00%)
  Source: ecosystem (root: ecosystem)
  Month: 5
  Cumulative risk this month: 0.0100 (1.00%)
⚠️ INVOLUNTARY IMMOBILITY: 406.9M people TRAPPED
⚠️ Tech 'ai_pollution_remediation' has no energy category mapping, assuming full energy availability
   📹 SURVEILLANCE INCREASED: 25% → 30% (control gap: 3.62)
🌡️⚠️ PERMAFROST THAW (Dimmer Switch): 3.4% thawed (+0.57% this month)
   Arctic temperature: +8.97°C (4x global +2.24°C)
   Cumulative carbon released: 7.7 Gt C
   Methane release rate: 4.6 Mt CH4/year
   🔁 Positive feedback: +0.60 ppm CO2
🦴 EXTINCTION DEBT ADDED: 17.6 species committed (lag: 129 years)

=== Mortality Stabilizers (Month 5) ===
  🌍 Major economies collapsed: 1/10
  🌍 Global crisis: ✅ NO
  🌍 Donor fatigue: 0.0%
  📊 East Asia (pop: 1664.5M)
    🤝 Aid: 29.5%
    🌡️ Adaptation: 45.0%
    🚶 Migration: 37.0%
    🚨 Emergency: 7.4%
    ✅ COMBINED: 68.1%
  📊 South Asia (pop: 2051.4M)
    🤝 Aid: 29.5%
    🌡️ Adaptation: 45.0%
    🚶 Migration: 35.6%
    🚨 Emergency: 4.4%
    ✅ COMBINED: 66.9%
  📊 Sub-Saharan Africa (pop: 1242.3M)
    🤝 Aid: 29.5%
    🌡️ Adaptation: 45.0%
    🚶 Migration: 33.4%
    🚨 Emergency: 1.6%
    ✅ COMBINED: 65.7%
  📊 Europe (pop: 735.7M)
    🤝 Aid: 29.5%
    🌡️ Adaptation: 45.0%
    🚶 Migration: 37.4%
    🚨 Emergency: 8.4%
    ✅ COMBINED: 68.5%
  📊 Latin America (pop: 662.4M)
    🤝 Aid: 29.5%
    🌡️ Adaptation: 45.0%
    🚶 Migration: 36.1%
    🚨 Emergency: 4.8%
    ✅ COMBINED: 67.1%
  📊 North America (pop: 377.0M)
    🤝 Aid: 29.5%
    🌡️ Adaptation: 45.0%
    🚶 Migration: 37.7%
    🚨 Emergency: 7.9%
    ✅ COMBINED: 68.3%
  📊 Middle East & North Africa (pop: 584.9M)
    🤝 Aid: 29.5%
    🌡️ Adaptation: 45.0%
    🚶 Migration: 34.0%
    🚨 Emergency: 4.0%
    ✅ COMBINED: 66.6%
  📊 Southeast Asia (pop: 696.7M)
    🤝 Aid: 29.5%
    🌡️ Adaptation: 45.0%
    🚶 Migration: 36.1%
    🚨 Emergency: 4.8%
    ✅ COMBINED: 67.1%
  📊 Central Asia (pop: 78.2M)
    🤝 Aid: 29.5%
    🌡️ Adaptation: 45.0%
    🚶 Migration: 35.1%
    🚨 Emergency: 4.4%
    ✅ COMBINED: 66.8%
  📊 Oceania (pop: 45.7M)
    🤝 Aid: 29.5%
    🌡️ Adaptation: 45.0%
    🚶 Migration: 37.7%
    🚨 Emergency: 8.4%
    ✅ COMBINED: 68.5%

  🌐 Global combined reduction: 67.2%

=== BEHAVIORAL DETECTION ===
  AI: Corporate-5
  Confidence: 20.2%
  Signals:
    ⚠️ Consistency: 10.6% (threshold: 70%)

=== Government Response Phase ===
  Average AI capability: 2.29
  Misaligned AIs: 11/21
  Active policies: 0
  International coordination: 45%

=== Tipping Points ===
  Current Temperature: 2.24°C above pre-industrial
  🌍⚠️ COMPOUND REGIONAL IMPACT: Europe
     Hit by 4 tipping points: Arctic Sea Ice Loss, Permafrost Carbon Release, West Antarctic Ice Sheet (WAIS) Collapse, Greenland Ice Sheet Loss
     Damage amplification: 1.60x
  🌍⚠️ COMPOUND REGIONAL IMPACT: North America
     Hit by 4 tipping points: Arctic Sea Ice Loss, Permafrost Carbon Release, West Antarctic Ice Sheet (WAIS) Collapse, Greenland Ice Sheet Loss
     Damage amplification: 1.60x
  🌍⚠️ COMPOUND REGIONAL IMPACT: Latin America
     Hit by 4 tipping points: Arctic Sea Ice Loss, Permafrost Carbon Release, West Antarctic Ice Sheet (WAIS) Collapse, Greenland Ice Sheet Loss
     Damage amplification: 1.60x
  🌍⚠️ COMPOUND REGIONAL IMPACT: Africa
     Hit by 4 tipping points: Arctic Sea Ice Loss, Permafrost Carbon Release, West Antarctic Ice Sheet (WAIS) Collapse, Greenland Ice Sheet Loss
     Damage amplification: 1.60x
  🌍⚠️ COMPOUND REGIONAL IMPACT: Asia
     Hit by 4 tipping points: Arctic Sea Ice Loss, Permafrost Carbon Release, West Antarctic Ice Sheet (WAIS) Collapse, Greenland Ice Sheet Loss
     Damage amplification: 1.60x
  🌍⚠️ COMPOUND REGIONAL IMPACT: Oceania
     Hit by 4 tipping points: Arctic Sea Ice Loss, Permafrost Carbon Release, West Antarctic Ice Sheet (WAIS) Collapse, Greenland Ice Sheet Loss
     Damage amplification: 1.60x
   Research: Wunderling et al. (2024) - "many tipping interactions are destabilizing"
  Triggered Elements: 4/6
  Completed Transitions: 0/6
  Total Progress: 8.1%
  Cascade Multiplier: 1.00x
🔀 BIFURCATION CAP: ecosystemCollapseIntensity 83.938 → 1.000 (Month 5, ClimateSystemPhase.calculateClimateImpacts)
⚠️ Tail risk scenario: Climate stability floor removed (4 tipping elements, 2.24°C warming)
🛡️ Stabilizers: Precariat 0.109% → 0.036% (67.2% reduction)
🛡️ Stabilizers: Informal 0.111% → 0.036% (67.2% reduction)

📊 Monthly Mortality Resolved:
  Total deaths: 1.9M (0.02% avg)
  Remaining population: 8.139B
  Peak segment: Informal (0.04%)

=== Bayesian Mortality Resolution (Month 5) ===
  Risks compounded: 8
  Total deaths: 1.92M
  Avg death probability: 0.02%
  Peak segment: Informal (0.04% mortality)
⚠️ PREREQUISITE MET: Physics Experiment Catastrophe - Step 2/6: Quantum Computing
▶ Deployment Smoke Tests
  ▶ Simulation Initialization
    ✔ should initialize 2024 state without errors (92.384752ms)
    ✔ should initialize default state without errors (31.321578ms)
    ✔ should have valid population (27.093627ms)
    ✔ should have valid QoL (19.530289ms)
    ✔ should have no NaN/Infinity in initial state (14.254388ms)
  ✔ Simulation Initialization (186.342954ms)
  ▶ 12-Month Simulation Run
    ✔ should run 12 months without crashes (2315.48938ms)
    ✔ should maintain positive population over 12 months (1762.700357ms)
    ✔ should have no NaN/Infinity after 12 months (1682.078474ms)
  ✔ 12-Month Simulation Run (5760.672212ms)
  ▶ Phase Execution Order
    ✔ should have SimulationEngine with registered phases (1.36029ms)
    ✔ should execute phases without errors (210.332252ms)
  ✔ Phase Execution Order (211.969061ms)
  ▶ State Serialization
    ✔ should serialize state to JSON (15.776578ms)
    ✔ should deserialize state from JSON (17.279779ms)
    ✔ should preserve key fields through serialization (393.546786ms)
  ✔ State Serialization (427.125883ms)
  ▶ Game Layer Integration
    ✔ should map state to currencies (12.580918ms)
    ✔ should map state to outcomes (13.253668ms)
    ✔ should map state to event log (395.877686ms)
    ✔ should map state to decisions list (11.893909ms)
    ✔ should handle full pipeline: init -> run -> map (734.499327ms)
  ✔ Game Layer Integration (1168.576568ms)
✔ Deployment Smoke Tests (7756.641638ms)
[WARNING] 
⚠️  === EARLY WARNING SYSTEM - 6 CRITICAL ALERTS ===
   Detection quality: 50%
   RED: biogeochemical_flows
      Level: 4.07 (threshold: 1.0)
      Time to critical: ~52 months
      ⚠️  LATE - Intervention less effective
      Critical slowing down: autocorr=100% variance=55%
   RED: biosphere_integrity
      Level: 12.97 (threshold: 1.0)
      Time to critical: ~47 months
      ⚠️  LATE - Intervention less effective
      Critical slowing down: autocorr=100% variance=72%
   RED: climate_change
      Level: 2.20 (threshold: 1.0)
      Time to critical: ~44 months
      ⚠️  LATE - Intervention less effective
      Critical slowing down: autocorr=100% variance=70%
   RED: freshwater_change
      Level: 1.04 (threshold: 1.0)
      Time to critical: ~60 months
      ⚠️  LATE - Intervention less effective
      Critical slowing down: autocorr=99% variance=48%
   RED: land_system_change
      Level: 1.13 (threshold: 1.0)
      Time to critical: ~51 months
      ⚠️  LATE - Intervention less effective
      Critical slowing down: autocorr=100% variance=68%
   RED: novel_entities
      Level: 1.39 (threshold: 1.0)
      Time to critical: ~108 months
      ⚠️  LATE - Intervention less effective
      Critical slowing down: autocorr=100% variance=59%

[WARNING] 
⚠️  === EARLY WARNING SYSTEM - 4 CRITICAL ALERTS ===
   Detection quality: 50%
   RED: biosphere_integrity
      Level: 12.97 (threshold: 1.0)
      Time to critical: ~46 months
      ⚠️  LATE - Intervention less effective
      Critical slowing down: autocorr=100% variance=69%
   RED: climate_change
      Level: 2.21 (threshold: 1.0)
      Time to critical: ~48 months
      ⚠️  LATE - Intervention less effective
      Critical slowing down: autocorr=100% variance=67%
   RED: freshwater_change
      Level: 1.06 (threshold: 1.0)
      Time to critical: ~117 months
      ⚠️  LATE - Intervention less effective
      Critical slowing down: autocorr=98% variance=44%
   RED: novel_entities
      Level: 1.27 (threshold: 1.0)
      Time to critical: ~99 months
      ⚠️  LATE - Intervention less effective
      Critical slowing down: autocorr=100% variance=35%

[WARNING] 
⚠️  === EARLY WARNING SYSTEM - 4 CRITICAL ALERTS ===
   Detection quality: 50%
   RED: biogeochemical_flows
      Level: 4.06 (threshold: 1.0)
      Time to critical: ~59 months
      ⚠️  LATE - Intervention less effective
      Critical slowing down: autocorr=100% variance=61%
   RED: biosphere_integrity
      Level: 12.98 (threshold: 1.0)
      Time to critical: ~46 months
      ⚠️  LATE - Intervention less effective
      Critical slowing down: autocorr=100% variance=59%
   RED: climate_change
      Level: 2.23 (threshold: 1.0)
      Time to critical: ~20 months
      ⚠️  LATE - Intervention less effective
      Critical slowing down: autocorr=100% variance=80%
   RED: freshwater_change
      Level: 1.07 (threshold: 1.0)
      Time to critical: ~71 months
      ⚠️  LATE - Intervention less effective
      Critical slowing down: autocorr=100% variance=40%

[WARNING] 
⚠️  === EARLY WARNING SYSTEM - 4 CRITICAL ALERTS ===
   Detection quality: 50%
   RED: biosphere_integrity
      Level: 12.99 (threshold: 1.0)
      Time to critical: ~59 months
      ⚠️  LATE - Intervention less effective
      Critical slowing down: autocorr=100% variance=73%
   RED: climate_change
      Level: 2.24 (threshold: 1.0)
      Time to critical: ~13 months
      ⚠️  LATE - Intervention less effective
      Critical slowing down: autocorr=100% variance=78%
   RED: freshwater_change
      Level: 1.01 (threshold: 1.0)
      Time to critical: ~78 months
      ⚠️  LATE - Intervention less effective
      Critical slowing down: autocorr=100% variance=43%
   RED: land_system_change
      Level: 1.13 (threshold: 1.0)
      Time to critical: ~113 months
      ⚠️  LATE - Intervention less effective
      Critical slowing down: autocorr=100% variance=48%

[WARNING] 
⚠️  === EARLY WARNING SYSTEM - 4 CRITICAL ALERTS ===
   Detection quality: 50%
   RED: biogeochemical_flows
      Level: 4.06 (threshold: 1.0)
      Time to critical: ~56 months
      ⚠️  LATE - Intervention less effective
      Critical slowing down: autocorr=100% variance=52%
   RED: biosphere_integrity
      Level: 13.00 (threshold: 1.0)
      Time to critical: ~38 months
      ⚠️  LATE - Intervention less effective
      Critical slowing down: autocorr=100% variance=64%
   RED: climate_change
      Level: 2.26 (threshold: 1.0)
      Time to critical: ~15 months
      ⚠️  LATE - Intervention less effective
      Critical slowing down: autocorr=100% variance=84%
   RED: land_system_change
      Level: 1.13 (threshold: 1.0)
      Time to critical: ~72 months
      ⚠️  LATE - Intervention less effective
      Critical slowing down: autocorr=100% variance=44%

[WARNING] 
⚠️  === EARLY WARNING SYSTEM - 6 CRITICAL ALERTS ===
   Detection quality: 50%
   RED: biogeochemical_flows
      Level: 4.06 (threshold: 1.0)
      Time to critical: ~37 months
      ⚠️  LATE - Intervention less effective
      Critical slowing down: autocorr=100% variance=60%
   RED: biosphere_integrity
      Level: 13.01 (threshold: 1.0)
      Time to critical: ~56 months
      ⚠️  LATE - Intervention less effective
      Critical slowing down: autocorr=100% variance=81%
   RED: climate_change
      Level: 2.27 (threshold: 1.0)
      Time to critical: ~57 months
      ⚠️  LATE - Intervention less effective
      Critical slowing down: autocorr=100% variance=66%
   RED: freshwater_change
      Level: 1.04 (threshold: 1.0)
      Time to critical: ~89 months
      ⚠️  LATE - Intervention less effective
      Critical slowing down: autocorr=91% variance=60%
   RED: land_system_change
      Level: 1.13 (threshold: 1.0)
      Time to critical: ~39 months
      ⚠️  LATE - Intervention less effective
      Critical slowing down: autocorr=100% variance=70%
   RED: novel_entities
      Level: 1.15 (threshold: 1.0)
      Time to critical: ~113 months
      ⚠️  LATE - Intervention less effective
      Critical slowing down: autocorr=100% variance=50%

[WARNING] 
⚠️  === EARLY WARNING SYSTEM - 4 CRITICAL ALERTS ===
   Detection quality: 50%
   RED: biogeochemical_flows
      Level: 4.05 (threshold: 1.0)
      Time to critical: ~45 months
      ⚠️  LATE - Intervention less effective
      Critical slowing down: autocorr=100% variance=56%
   RED: biosphere_integrity
      Level: 13.02 (threshold: 1.0)
      Time to critical: ~46 months
      ⚠️  LATE - Intervention less effective
      Critical slowing down: autocorr=100% variance=84%
   RED: freshwater_change
      Level: 1.05 (threshold: 1.0)
      Time to critical: ~101 months
      ⚠️  LATE - Intervention less effective
      Critical slowing down: autocorr=98% variance=43%
   RED: land_system_change
      Level: 1.13 (threshold: 1.0)
      Time to critical: ~54 months
      ⚠️  LATE - Intervention less effective
      Critical slowing down: autocorr=100% variance=57%

[WARNING] 
⚠️  === EARLY WARNING SYSTEM - 4 CRITICAL ALERTS ===
   Detection quality: 50%
   RED: biogeochemical_flows
      Level: 4.05 (threshold: 1.0)
      Time to critical: ~45 months
      ⚠️  LATE - Intervention less effective
      Critical slowing down: autocorr=100% variance=64%
   RED: biosphere_integrity
      Level: 13.03 (threshold: 1.0)
      Time to critical: ~58 months
      ⚠️  LATE - Intervention less effective
      Critical slowing down: autocorr=100% variance=78%
   RED: land_system_change
      Level: 1.13 (threshold: 1.0)
      Time to critical: ~57 months
      ⚠️  LATE - Intervention less effective
      Critical slowing down: autocorr=100% variance=69%
   RED: novel_entities
      Level: 1.15 (threshold: 1.0)
      Time to critical: ~70 months
      ⚠️  LATE - Intervention less effective
      Critical slowing down: autocorr=100% variance=60%

[WARNING] 
⚠️  === EARLY WARNING SYSTEM - 6 CRITICAL ALERTS ===
   Detection quality: 50%
   RED: biogeochemical_flows
      Level: 4.04 (threshold: 1.0)
      Time to critical: ~40 months
      ⚠️  LATE - Intervention less effective
      Critical slowing down: autocorr=100% variance=71%
   RED: biosphere_integrity
      Level: 13.03 (threshold: 1.0)
      Time to critical: ~37 months
      ⚠️  LATE - Intervention less effective
      Critical slowing down: autocorr=100% variance=67%
   RED: climate_change
      Level: 2.30 (threshold: 1.0)
      Time to critical: ~18 months
      ⚠️  LATE - Intervention less effective
      Critical slowing down: autocorr=100% variance=73%
   RED: freshwater_change
      Level: 1.03 (threshold: 1.0)
      Time to critical: ~72 months
      ⚠️  LATE - Intervention less effective
      Critical slowing down: autocorr=100% variance=36%
   RED: land_system_change
      Level: 1.13 (threshold: 1.0)
      Time to critical: ~45 months
      ⚠️  LATE - Intervention less effective
      Critical slowing down: autocorr=100% variance=61%
   RED: novel_entities
      Level: 1.15 (threshold: 1.0)
      Time to critical: ~82 months
      ⚠️  LATE - Intervention less effective
      Critical slowing down: autocorr=100% variance=42%

[WARNING] 
⚠️  === EARLY WARNING SYSTEM - 6 CRITICAL ALERTS ===
   Detection quality: 50%
   RED: biogeochemical_flows
      Level: 4.05 (threshold: 1.0)
      Time to critical: ~50 months
      ⚠️  LATE - Intervention less effective
      Critical slowing down: autocorr=100% variance=70%
   RED: biosphere_integrity
      Level: 13.04 (threshold: 1.0)
      Time to critical: ~52 months
      ⚠️  LATE - Intervention less effective
      Critical slowing down: autocorr=100% variance=58%
   RED: climate_change
      Level: 2.31 (threshold: 1.0)
      Time to critical: ~17 months
      ⚠️  LATE - Intervention less effective
      Critical slowing down: autocorr=100% variance=83%
   RED: freshwater_change
      Level: 1.04 (threshold: 1.0)
      Time to critical: ~113 months
      ⚠️  LATE - Intervention less effective
      Critical slowing down: autocorr=100% variance=58%
   RED: land_system_change
      Level: 1.13 (threshold: 1.0)
      Time to critical: ~45 months
      ⚠️  LATE - Intervention less effective
      Critical slowing down: autocorr=100% variance=53%
   RED: novel_entities
      Level: 1.15 (threshold: 1.0)
      Time to critical: ~83 months
      ⚠️  LATE - Intervention less effective
      Critical slowing down: autocorr=100% variance=37%

[WARNING] 
⚠️  === EARLY WARNING SYSTEM - 4 CRITICAL ALERTS ===
   Detection quality: 50%
   RED: biogeochemical_flows
      Level: 4.08 (threshold: 1.0)
      Time to critical: ~38 months
      ⚠️  LATE - Intervention less effective
      Critical slowing down: autocorr=100% variance=59%
   RED: biosphere_integrity
      Level: 12.95 (threshold: 1.0)
      Time to critical: ~53 months
      ⚠️  LATE - Intervention less effective
      Critical slowing down: autocorr=100% variance=58%
   RED: freshwater_change
      Level: 1.01 (threshold: 1.0)
      Time to critical: ~64 months
      ⚠️  LATE - Intervention less effective
      Critical slowing down: autocorr=93% variance=56%
   RED: land_system_change
      Level: 1.13 (threshold: 1.0)
      Time to critical: ~40 months
      ⚠️  LATE - Intervention less effective
      Critical slowing down: autocorr=100% variance=70%

[WARNING] 
⚠️  === EARLY WARNING SYSTEM - 4 CRITICAL ALERTS ===
   Detection quality: 50%
   RED: biogeochemical_flows
      Level: 4.08 (threshold: 1.0)
      Time to critical: ~38 months
      ⚠️  LATE - Intervention less effective
      Critical slowing down: autocorr=100% variance=59%
   RED: biosphere_integrity
      Level: 12.95 (threshold: 1.0)
      Time to critical: ~53 months
      ⚠️  LATE - Intervention less effective
      Critical slowing down: autocorr=100% variance=58%
   RED: freshwater_change
      Level: 1.01 (threshold: 1.0)
      Time to critical: ~64 months
      ⚠️  LATE - Intervention less effective
      Critical slowing down: autocorr=93% variance=56%
   RED: land_system_change
      Level: 1.13 (threshold: 1.0)
      Time to critical: ~40 months
      ⚠️  LATE - Intervention less effective
      Critical slowing down: autocorr=100% variance=70%

[WARNING] 
⚠️  === EARLY WARNING SYSTEM - 5 CRITICAL ALERTS ===
   Detection quality: 50%
   RED: biogeochemical_flows
      Level: 4.08 (threshold: 1.0)
      Time to critical: ~42 months
      ⚠️  LATE - Intervention less effective
      Critical slowing down: autocorr=100% variance=48%
   RED: climate_change
      Level: 2.19 (threshold: 1.0)
      Time to critical: ~51 months
      ⚠️  LATE - Intervention less effective
      Critical slowing down: autocorr=100% variance=67%
   RED: freshwater_change
      Level: 1.02 (threshold: 1.0)
      Time to critical: ~85 months
      ⚠️  LATE - Intervention less effective
      Critical slowing down: autocorr=99% variance=37%
   RED: land_system_change
      Level: 1.13 (threshold: 1.0)
      Time to critical: ~55 months
      ⚠️  LATE - Intervention less effective
      Critical slowing down: autocorr=100% variance=61%
   RED: novel_entities
      Level: 1.50 (threshold: 1.0)
      Time to critical: ~64 months
      ⚠️  LATE - Intervention less effective
      Critical slowing down: autocorr=100% variance=43%

[WARNING] 
⚠️  === EARLY WARNING SYSTEM - 5 CRITICAL ALERTS ===
   Detection quality: 50%
   RED: biogeochemical_flows
      Level: 4.07 (threshold: 1.0)
      Time to critical: ~58 months
      ⚠️  LATE - Intervention less effective
      Critical slowing down: autocorr=100% variance=54%
   RED: biosphere_integrity
      Level: 12.97 (threshold: 1.0)
      Time to critical: ~52 months
      ⚠️  LATE - Intervention less effective
      Critical slowing down: autocorr=100% variance=73%
   RED: climate_change
      Level: 2.20 (threshold: 1.0)
      Time to critical: ~38 months
      ⚠️  LATE - Intervention less effective
      Critical slowing down: autocorr=100% variance=59%
   RED: freshwater_change
      Level: 1.05 (threshold: 1.0)
      Time to critical: ~47 months
      ⚠️  LATE - Intervention less effective
      Critical slowing down: autocorr=100% variance=62%
   RED: land_system_change
      Level: 1.13 (threshold: 1.0)
      Time to critical: ~50 months
      ⚠️  LATE - Intervention less effective
      Critical slowing down: autocorr=100% variance=60%

[WARNING] 
⚠️  === EARLY WARNING SYSTEM - 4 CRITICAL ALERTS ===
   Detection quality: 50%
   RED: biogeochemical_flows
      Level: 4.08 (threshold: 1.0)
      Time to critical: ~38 months
      ⚠️  LATE - Intervention less effective
      Critical slowing down: autocorr=100% variance=59%
   RED: biosphere_integrity
      Level: 12.95 (threshold: 1.0)
      Time to critical: ~53 months
      ⚠️  LATE - Intervention less effective
      Critical slowing down: autocorr=100% variance=58%
   RED: freshwater_change
      Level: 1.01 (threshold: 1.0)
      Time to critical: ~64 months
      ⚠️  LATE - Intervention less effective
      Critical slowing down: autocorr=93% variance=56%
   RED: land_system_change
      Level: 1.13 (threshold: 1.0)
      Time to critical: ~40 months
      ⚠️  LATE - Intervention less effective
      Critical slowing down: autocorr=100% variance=70%

[WARNING] 
⚠️  === EARLY WARNING SYSTEM - 5 CRITICAL ALERTS ===
   Detection quality: 50%
   RED: biogeochemical_flows
      Level: 4.08 (threshold: 1.0)
      Time to critical: ~42 months
      ⚠️  LATE - Intervention less effective
      Critical slowing down: autocorr=100% variance=48%
   RED: climate_change
      Level: 2.19 (threshold: 1.0)
      Time to critical: ~51 months
      ⚠️  LATE - Intervention less effective
      Critical slowing down: autocorr=100% variance=67%
   RED: freshwater_change
      Level: 1.02 (threshold: 1.0)
      Time to critical: ~85 months
      ⚠️  LATE - Intervention less effective
      Critical slowing down: autocorr=99% variance=37%
   RED: land_system_change
      Level: 1.13 (threshold: 1.0)
      Time to critical: ~55 months
      ⚠️  LATE - Intervention less effective
      Critical slowing down: autocorr=100% variance=61%
   RED: novel_entities
      Level: 1.50 (threshold: 1.0)
      Time to critical: ~64 months
      ⚠️  LATE - Intervention less effective
      Critical slowing down: autocorr=100% variance=43%

[WARNING] 
⚠️  === EARLY WARNING SYSTEM - 5 CRITICAL ALERTS ===
   Detection quality: 50%
   RED: biogeochemical_flows
      Level: 4.07 (threshold: 1.0)
      Time to critical: ~58 months
      ⚠️  LATE - Intervention less effective
      Critical slowing down: autocorr=100% variance=54%
   RED: biosphere_integrity
      Level: 12.97 (threshold: 1.0)
      Time to critical: ~52 months
      ⚠️  LATE - Intervention less effective
      Critical slowing down: autocorr=100% variance=73%
   RED: climate_change
      Level: 2.20 (threshold: 1.0)
      Time to critical: ~38 months
      ⚠️  LATE - Intervention less effective
      Critical slowing down: autocorr=100% variance=59%
   RED: freshwater_change
      Level: 1.05 (threshold: 1.0)
      Time to critical: ~47 months
      ⚠️  LATE - Intervention less effective
      Critical slowing down: autocorr=100% variance=62%
   RED: land_system_change
      Level: 1.13 (threshold: 1.0)
      Time to critical: ~50 months
      ⚠️  LATE - Intervention less effective
      Critical slowing down: autocorr=100% variance=60%

[WARNING] 
⚠️  === EARLY WARNING SYSTEM - 4 CRITICAL ALERTS ===
   Detection quality: 50%
   RED: biogeochemical_flows
      Level: 4.08 (threshold: 1.0)
      Time to critical: ~38 months
      ⚠️  LATE - Intervention less effective
      Critical slowing down: autocorr=100% variance=59%
   RED: biosphere_integrity
      Level: 12.95 (threshold: 1.0)
      Time to critical: ~53 months
      ⚠️  LATE - Intervention less effective
      Critical slowing down: autocorr=100% variance=58%
   RED: freshwater_change
      Level: 1.01 (threshold: 1.0)
      Time to critical: ~64 months
      ⚠️  LATE - Intervention less effective
      Critical slowing down: autocorr=93% variance=56%
   RED: land_system_change
      Level: 1.13 (threshold: 1.0)
      Time to critical: ~40 months
      ⚠️  LATE - Intervention less effective
      Critical slowing down: autocorr=100% variance=70%

[WARNING] 
⚠️  === EARLY WARNING SYSTEM - 5 CRITICAL ALERTS ===
   Detection quality: 50%
   RED: biogeochemical_flows
      Level: 4.08 (threshold: 1.0)
      Time to critical: ~42 months
      ⚠️  LATE - Intervention less effective
      Critical slowing down: autocorr=100% variance=48%
   RED: climate_change
      Level: 2.19 (threshold: 1.0)
      Time to critical: ~51 months
      ⚠️  LATE - Intervention less effective
      Critical slowing down: autocorr=100% variance=67%
   RED: freshwater_change
      Level: 1.02 (threshold: 1.0)
      Time to critical: ~85 months
      ⚠️  LATE - Intervention less effective
      Critical slowing down: autocorr=99% variance=37%
   RED: land_system_change
      Level: 1.13 (threshold: 1.0)
      Time to critical: ~55 months
      ⚠️  LATE - Intervention less effective
      Critical slowing down: autocorr=100% variance=61%
   RED: novel_entities
      Level: 1.50 (threshold: 1.0)
      Time to critical: ~64 months
      ⚠️  LATE - Intervention less effective
      Critical slowing down: autocorr=100% variance=43%

[WARNING] 
⚠️  === EARLY WARNING SYSTEM - 5 CRITICAL ALERTS ===
   Detection quality: 50%
   RED: biogeochemical_flows
      Level: 4.07 (threshold: 1.0)
      Time to critical: ~58 months
      ⚠️  LATE - Intervention less effective
      Critical slowing down: autocorr=100% variance=54%
   RED: biosphere_integrity
      Level: 12.97 (threshold: 1.0)
      Time to critical: ~52 months
      ⚠️  LATE - Intervention less effective
      Critical slowing down: autocorr=100% variance=73%
   RED: climate_change
      Level: 2.20 (threshold: 1.0)
      Time to critical: ~38 months
      ⚠️  LATE - Intervention less effective
      Critical slowing down: autocorr=100% variance=59%
   RED: freshwater_change
      Level: 1.05 (threshold: 1.0)
      Time to critical: ~47 months
      ⚠️  LATE - Intervention less effective
      Critical slowing down: autocorr=100% variance=62%
   RED: land_system_change
      Level: 1.13 (threshold: 1.0)
      Time to critical: ~50 months
      ⚠️  LATE - Intervention less effective
      Critical slowing down: autocorr=100% variance=60%

[WARNING] 
⚠️  === EARLY WARNING SYSTEM - 6 CRITICAL ALERTS ===
   Detection quality: 50%
   RED: biogeochemical_flows
      Level: 4.07 (threshold: 1.0)
      Time to critical: ~42 months
      ⚠️  LATE - Intervention less effective
      Critical slowing down: autocorr=100% variance=73%
   RED: biosphere_integrity
      Level: 12.97 (threshold: 1.0)
      Time to critical: ~40 months
      ⚠️  LATE - Intervention less effective
      Critical slowing down: autocorr=100% variance=58%
   RED: climate_change
      Level: 2.21 (threshold: 1.0)
      Time to critical: ~59 months
      ⚠️  LATE - Intervention less effective
      Critical slowing down: autocorr=100% variance=69%
   RED: freshwater_change
      Level: 1.06 (threshold: 1.0)
      Time to critical: ~69 months
      ⚠️  LATE - Intervention less effective
      Critical slowing down: autocorr=100% variance=55%
   RED: land_system_change
      Level: 1.13 (threshold: 1.0)
      Time to critical: ~50 months
      ⚠️  LATE - Intervention less effective
      Critical slowing down: autocorr=100% variance=53%
   RED: novel_entities
      Level: 1.38 (threshold: 1.0)
      Time to critical: ~118 months
      ⚠️  LATE - Intervention less effective
      Critical slowing down: autocorr=100% variance=55%

[WARNING] 
⚠️  === EARLY WARNING SYSTEM - 4 CRITICAL ALERTS ===
   Detection quality: 50%
   RED: climate_change
      Level: 2.23 (threshold: 1.0)
      Time to critical: ~58 months
      ⚠️  LATE - Intervention less effective
      Critical slowing down: autocorr=100% variance=67%
   RED: freshwater_change
      Level: 1.01 (threshold: 1.0)
      Time to critical: ~76 months
      ⚠️  LATE - Intervention less effective
      Critical slowing down: autocorr=96% variance=42%
   RED: land_system_change
      Level: 1.13 (threshold: 1.0)
      Time to critical: ~104 months
      ⚠️  LATE - Intervention less effective
      Critical slowing down: autocorr=100% variance=43%
   RED: novel_entities
      Level: 1.37 (threshold: 1.0)
      Time to critical: ~67 months
      ⚠️  LATE - Intervention less effective
      Critical slowing down: autocorr=100% variance=51%

[WARNING] 
⚠️  === EARLY WARNING SYSTEM - 6 CRITICAL ALERTS ===
   Detection quality: 50%
   RED: biogeochemical_flows
      Level: 4.06 (threshold: 1.0)
      Time to critical: ~39 months
      ⚠️  LATE - Intervention less effective
      Critical slowing down: autocorr=100% variance=62%
   RED: biosphere_integrity
      Level: 12.99 (threshold: 1.0)
      Time to critical: ~36 months
      ⚠️  LATE - Intervention less effective
      Critical slowing down: autocorr=100% variance=76%
   RED: climate_change
      Level: 2.24 (threshold: 1.0)
      Time to critical: ~51 months
      ⚠️  LATE - Intervention less effective
      Critical slowing down: autocorr=100% variance=60%
   RED: freshwater_change
      Level: 1.02 (threshold: 1.0)
      Time to critical: ~98 months
      ⚠️  LATE - Intervention less effective
      Critical slowing down: autocorr=87% variance=50%
   RED: land_system_change
      Level: 1.13 (threshold: 1.0)
      Time to critical: ~105 months
      ⚠️  LATE - Intervention less effective
      Critical slowing down: autocorr=100% variance=43%
   RED: novel_entities
      Level: 1.24 (threshold: 1.0)
      Time to critical: ~76 months
      ⚠️  LATE - Intervention less effective
      Critical slowing down: autocorr=100% variance=35%


=== All CoordinatedDeploymentPhase Integration Tests Passed ===

  ✅ THRESHOLDS validated
⚠️ Unusually high rate: RATES.HEAT_ADAPTATION_INFRASTRUCTURAL_MIN_EXPOSURE = 12
   Monthly rates >100% should be rare. Verify this is intentional.
⚠️ Unusually high rate: RATES.HEAT_ADAPTATION_SOCIAL_MIN_EXPOSURE = 6
   Monthly rates >100% should be rare. Verify this is intentional.
⚠️ Unusually high rate: RATES.MIGRATION_DISTANCE_SCALE = 5000
   Monthly rates >100% should be rare. Verify this is intentional.
⚠️ Unusually high rate: RATES.EVACUATION_MULTIPLIER_ADVANCE_WARNING = 2
   Monthly rates >100% should be rare. Verify this is intentional.
⚠️ Unusually high rate: RATES.MAJOR_ECONOMY_COLLAPSE_ECONOMIC_THRESHOLD = 2
   Monthly rates >100% should be rare. Verify this is intentional.
⚠️ Unusually high rate: RATES.MAJOR_ECONOMY_GDP_THRESHOLD_TRILLION_USD = 1.5
   Monthly rates >100% should be rare. Verify this is intentional.
⚠️ Unusually high rate: RATES.MAJOR_ECONOMY_POPULATION_THRESHOLD = 50
   Monthly rates >100% should be rare. Verify this is intentional.
⚠️ Unusually high rate: RATES.HEAT_ADAPTATION_INFRASTRUCTURE_GDP_THRESHOLD = 10000
   Monthly rates >100% should be rare. Verify this is intentional.
⚠️ Unusually high rate: RATES.HEAT_ADAPTATION_INFRASTRUCTURE_GDP_SCALE = 50000
   Monthly rates >100% should be rare. Verify this is intentional.
  ✅ RATES validated
  ✅ MULTIPLIERS validated
  ✅ BASELINES validated
  ✅ TOLERANCES validated
  ✅ Logical consistency validated
✅ Configuration validation complete - all parameters valid

🔍 DEBUG createAIAgent: corporate_0 economic BEFORE=2.0000, AFTER=2
🔍 ENV INIT: reserves=0.638, pollution=0.384, climate=0.780

=== Initializing Government System (30 Countries) ===
  Loaded 30 governments
  Scheduled elections for 30 countries
  Initialized comprehension lags (3-24 months)
=== Government System Initialized ===

📦 PRODUCTION MODE: State validation proxy DISABLED (zero overhead)

🚨🔍 GOVERNANCE STAGE: Recognition initiated (Month 12)
✓ Phase handles initialized state correctly
  ✅ THRESHOLDS validated
⚠️ Unusually high rate: RATES.HEAT_ADAPTATION_INFRASTRUCTURAL_MIN_EXPOSURE = 12
   Monthly rates >100% should be rare. Verify this is intentional.
⚠️ Unusually high rate: RATES.HEAT_ADAPTATION_SOCIAL_MIN_EXPOSURE = 6
   Monthly rates >100% should be rare. Verify this is intentional.
⚠️ Unusually high rate: RATES.MIGRATION_DISTANCE_SCALE = 5000
   Monthly rates >100% should be rare. Verify this is intentional.
⚠️ Unusually high rate: RATES.EVACUATION_MULTIPLIER_ADVANCE_WARNING = 2
   Monthly rates >100% should be rare. Verify this is intentional.
⚠️ Unusually high rate: RATES.MAJOR_ECONOMY_COLLAPSE_ECONOMIC_THRESHOLD = 2
   Monthly rates >100% should be rare. Verify this is intentional.
⚠️ Unusually high rate: RATES.MAJOR_ECONOMY_GDP_THRESHOLD_TRILLION_USD = 1.5
   Monthly rates >100% should be rare. Verify this is intentional.
⚠️ Unusually high rate: RATES.MAJOR_ECONOMY_POPULATION_THRESHOLD = 50
   Monthly rates >100% should be rare. Verify this is intentional.
⚠️ Unusually high rate: RATES.HEAT_ADAPTATION_INFRASTRUCTURE_GDP_THRESHOLD = 10000
   Monthly rates >100% should be rare. Verify this is intentional.
⚠️ Unusually high rate: RATES.HEAT_ADAPTATION_INFRASTRUCTURE_GDP_SCALE = 50000
   Monthly rates >100% should be rare. Verify this is intentional.
  ✅ RATES validated
  ✅ MULTIPLIERS validated
  ✅ BASELINES validated
  ✅ TOLERANCES validated
  ✅ Logical consistency validated
✅ Configuration validation complete - all parameters valid

🔍 DEBUG createAIAgent: corporate_0 economic BEFORE=2.0000, AFTER=2
🔍 ENV INIT: reserves=0.638, pollution=0.384, climate=0.780

=== Initializing Government System (30 Countries) ===
  Loaded 30 governments
  Scheduled elections for 30 countries
  Initialized comprehension lags (3-24 months)
=== Government System Initialized ===

📦 PRODUCTION MODE: State validation proxy DISABLED (zero overhead)
✓ Phase fails loudly if state missing after bootstrap
  ✅ THRESHOLDS validated
⚠️ Unusually high rate: RATES.HEAT_ADAPTATION_INFRASTRUCTURAL_MIN_EXPOSURE = 12
   Monthly rates >100% should be rare. Verify this is intentional.
⚠️ Unusually high rate: RATES.HEAT_ADAPTATION_SOCIAL_MIN_EXPOSURE = 6
   Monthly rates >100% should be rare. Verify this is intentional.
⚠️ Unusually high rate: RATES.MIGRATION_DISTANCE_SCALE = 5000
   Monthly rates >100% should be rare. Verify this is intentional.
⚠️ Unusually high rate: RATES.EVACUATION_MULTIPLIER_ADVANCE_WARNING = 2
   Monthly rates >100% should be rare. Verify this is intentional.
⚠️ Unusually high rate: RATES.MAJOR_ECONOMY_COLLAPSE_ECONOMIC_THRESHOLD = 2
   Monthly rates >100% should be rare. Verify this is intentional.
⚠️ Unusually high rate: RATES.MAJOR_ECONOMY_GDP_THRESHOLD_TRILLION_USD = 1.5
   Monthly rates >100% should be rare. Verify this is intentional.
⚠️ Unusually high rate: RATES.MAJOR_ECONOMY_POPULATION_THRESHOLD = 50
   Monthly rates >100% should be rare. Verify this is intentional.
⚠️ Unusually high rate: RATES.HEAT_ADAPTATION_INFRASTRUCTURE_GDP_THRESHOLD = 10000
   Monthly rates >100% should be rare. Verify this is intentional.
⚠️ Unusually high rate: RATES.HEAT_ADAPTATION_INFRASTRUCTURE_GDP_SCALE = 50000
   Monthly rates >100% should be rare. Verify this is intentional.
  ✅ RATES validated
  ✅ MULTIPLIERS validated
  ✅ BASELINES validated
  ✅ TOLERANCES validated
  ✅ Logical consistency validated
✅ Configuration validation complete - all parameters valid

🔍 DEBUG createAIAgent: corporate_0 economic BEFORE=2.0000, AFTER=2
🔍 ENV INIT: reserves=0.638, pollution=0.384, climate=0.780

=== Initializing Government System (30 Countries) ===
  Loaded 30 governments
  Scheduled elections for 30 countries
  Initialized comprehension lags (3-24 months)
=== Government System Initialized ===

📦 PRODUCTION MODE: State validation proxy DISABLED (zero overhead)

🚨🔍 GOVERNANCE STAGE: Recognition initiated (Month 0)
✓ Phase skips execution during bootstrap
  ✅ THRESHOLDS validated
⚠️ Unusually high rate: RATES.HEAT_ADAPTATION_INFRASTRUCTURAL_MIN_EXPOSURE = 12
   Monthly rates >100% should be rare. Verify this is intentional.
⚠️ Unusually high rate: RATES.HEAT_ADAPTATION_SOCIAL_MIN_EXPOSURE = 6
   Monthly rates >100% should be rare. Verify this is intentional.
⚠️ Unusually high rate: RATES.MIGRATION_DISTANCE_SCALE = 5000
   Monthly rates >100% should be rare. Verify this is intentional.
⚠️ Unusually high rate: RATES.EVACUATION_MULTIPLIER_ADVANCE_WARNING = 2
   Monthly rates >100% should be rare. Verify this is intentional.
⚠️ Unusually high rate: RATES.MAJOR_ECONOMY_COLLAPSE_ECONOMIC_THRESHOLD = 2
   Monthly rates >100% should be rare. Verify this is intentional.
⚠️ Unusually high rate: RATES.MAJOR_ECONOMY_GDP_THRESHOLD_TRILLION_USD = 1.5
   Monthly rates >100% should be rare. Verify this is intentional.
⚠️ Unusually high rate: RATES.MAJOR_ECONOMY_POPULATION_THRESHOLD = 50
   Monthly rates >100% should be rare. Verify this is intentional.
⚠️ Unusually high rate: RATES.HEAT_ADAPTATION_INFRASTRUCTURE_GDP_THRESHOLD = 10000
   Monthly rates >100% should be rare. Verify this is intentional.
⚠️ Unusually high rate: RATES.HEAT_ADAPTATION_INFRASTRUCTURE_GDP_SCALE = 50000
   Monthly rates >100% should be rare. Verify this is intentional.
  ✅ RATES validated
  ✅ MULTIPLIERS validated
  ✅ BASELINES validated
  ✅ TOLERANCES validated
  ✅ Logical consistency validated
✅ Configuration validation complete - all parameters valid

🔍 DEBUG createAIAgent: corporate_0 economic BEFORE=2.0000, AFTER=2
🔍 ENV INIT: reserves=0.638, pollution=0.384, climate=0.780

=== Initializing Government System (30 Countries) ===
  Loaded 30 governments
  Scheduled elections for 30 countries
  Initialized comprehension lags (3-24 months)
=== Government System Initialized ===

📦 PRODUCTION MODE: State validation proxy DISABLED (zero overhead)
✓ Phase reads AI capabilities correctly (coordination: 50.0%)
  ✅ THRESHOLDS validated
⚠️ Unusually high rate: RATES.HEAT_ADAPTATION_INFRASTRUCTURAL_MIN_EXPOSURE = 12
   Monthly rates >100% should be rare. Verify this is intentional.
⚠️ Unusually high rate: RATES.HEAT_ADAPTATION_SOCIAL_MIN_EXPOSURE = 6
   Monthly rates >100% should be rare. Verify this is intentional.
⚠️ Unusually high rate: RATES.MIGRATION_DISTANCE_SCALE = 5000
   Monthly rates >100% should be rare. Verify this is intentional.
⚠️ Unusually high rate: RATES.EVACUATION_MULTIPLIER_ADVANCE_WARNING = 2
   Monthly rates >100% should be rare. Verify this is intentional.
⚠️ Unusually high rate: RATES.MAJOR_ECONOMY_COLLAPSE_ECONOMIC_THRESHOLD = 2
   Monthly rates >100% should be rare. Verify this is intentional.
⚠️ Unusually high rate: RATES.MAJOR_ECONOMY_GDP_THRESHOLD_TRILLION_USD = 1.5
   Monthly rates >100% should be rare. Verify this is intentional.
⚠️ Unusually high rate: RATES.MAJOR_ECONOMY_POPULATION_THRESHOLD = 50
   Monthly rates >100% should be rare. Verify this is intentional.
⚠️ Unusually high rate: RATES.HEAT_ADAPTATION_INFRASTRUCTURE_GDP_THRESHOLD = 10000
   Monthly rates >100% should be rare. Verify this is intentional.
⚠️ Unusually high rate: RATES.HEAT_ADAPTATION_INFRASTRUCTURE_GDP_SCALE = 50000
   Monthly rates >100% should be rare. Verify this is intentional.
  ✅ RATES validated
  ✅ MULTIPLIERS validated
  ✅ BASELINES validated
  ✅ TOLERANCES validated
  ✅ Logical consistency validated
✅ Configuration validation complete - all parameters valid

🔍 DEBUG createAIAgent: corporate_0 economic BEFORE=2.0000, AFTER=2
🔍 ENV INIT: reserves=0.638, pollution=0.384, climate=0.780

=== Initializing Government System (30 Countries) ===
  Loaded 30 governments
  Scheduled elections for 30 countries
  Initialized comprehension lags (3-24 months)
=== Government System Initialized ===

📦 PRODUCTION MODE: State validation proxy DISABLED (zero overhead)
  ✅ THRESHOLDS validated
⚠️ Unusually high rate: RATES.HEAT_ADAPTATION_INFRASTRUCTURAL_MIN_EXPOSURE = 12
   Monthly rates >100% should be rare. Verify this is intentional.
⚠️ Unusually high rate: RATES.HEAT_ADAPTATION_SOCIAL_MIN_EXPOSURE = 6
   Monthly rates >100% should be rare. Verify this is intentional.
⚠️ Unusually high rate: RATES.MIGRATION_DISTANCE_SCALE = 5000
   Monthly rates >100% should be rare. Verify this is intentional.
⚠️ Unusually high rate: RATES.EVACUATION_MULTIPLIER_ADVANCE_WARNING = 2
   Monthly rates >100% should be rare. Verify this is intentional.
⚠️ Unusually high rate: RATES.MAJOR_ECONOMY_COLLAPSE_ECONOMIC_THRESHOLD = 2
   Monthly rates >100% should be rare. Verify this is intentional.
⚠️ Unusually high rate: RATES.MAJOR_ECONOMY_GDP_THRESHOLD_TRILLION_USD = 1.5
   Monthly rates >100% should be rare. Verify this is intentional.
⚠️ Unusually high rate: RATES.MAJOR_ECONOMY_POPULATION_THRESHOLD = 50
   Monthly rates >100% should be rare. Verify this is intentional.
⚠️ Unusually high rate: RATES.HEAT_ADAPTATION_INFRASTRUCTURE_GDP_THRESHOLD = 10000
   Monthly rates >100% should be rare. Verify this is intentional.
⚠️ Unusually high rate: RATES.HEAT_ADAPTATION_INFRASTRUCTURE_GDP_SCALE = 50000
   Monthly rates >100% should be rare. Verify this is intentional.
  ✅ RATES validated
  ✅ MULTIPLIERS validated
  ✅ BASELINES validated
  ✅ TOLERANCES validated
  ✅ Logical consistency validated
✅ Configuration validation complete - all parameters valid

🔍 DEBUG createAIAgent: corporate_0 economic BEFORE=2.0000, AFTER=2
🔍 ENV INIT: reserves=0.638, pollution=0.384, climate=0.780

=== Initializing Government System (30 Countries) ===
  Loaded 30 governments
  Scheduled elections for 30 countries
  Initialized comprehension lags (3-24 months)
=== Government System Initialized ===

📦 PRODUCTION MODE: State validation proxy DISABLED (zero overhead)

🚨🔍 GOVERNANCE STAGE: Recognition initiated (Month 12)
  ✅ THRESHOLDS validated
⚠️ Unusually high rate: RATES.HEAT_ADAPTATION_INFRASTRUCTURAL_MIN_EXPOSURE = 12
   Monthly rates >100% should be rare. Verify this is intentional.
⚠️ Unusually high rate: RATES.HEAT_ADAPTATION_SOCIAL_MIN_EXPOSURE = 6
   Monthly rates >100% should be rare. Verify this is intentional.
⚠️ Unusually high rate: RATES.MIGRATION_DISTANCE_SCALE = 5000
   Monthly rates >100% should be rare. Verify this is intentional.
⚠️ Unusually high rate: RATES.EVACUATION_MULTIPLIER_ADVANCE_WARNING = 2
   Monthly rates >100% should be rare. Verify this is intentional.
⚠️ Unusually high rate: RATES.MAJOR_ECONOMY_COLLAPSE_ECONOMIC_THRESHOLD = 2
   Monthly rates >100% should be rare. Verify this is intentional.
⚠️ Unusually high rate: RATES.MAJOR_ECONOMY_GDP_THRESHOLD_TRILLION_USD = 1.5
   Monthly rates >100% should be rare. Verify this is intentional.
⚠️ Unusually high rate: RATES.MAJOR_ECONOMY_POPULATION_THRESHOLD = 50
   Monthly rates >100% should be rare. Verify this is intentional.
⚠️ Unusually high rate: RATES.HEAT_ADAPTATION_INFRASTRUCTURE_GDP_THRESHOLD = 10000
   Monthly rates >100% should be rare. Verify this is intentional.
⚠️ Unusually high rate: RATES.HEAT_ADAPTATION_INFRASTRUCTURE_GDP_SCALE = 50000
   Monthly rates >100% should be rare. Verify this is intentional.
  ✅ RATES validated
  ✅ MULTIPLIERS validated
  ✅ BASELINES validated
  ✅ TOLERANCES validated
  ✅ Logical consistency validated
✅ Configuration validation complete - all parameters valid

🔍 DEBUG createAIAgent: corporate_0 economic BEFORE=2.0000, AFTER=2
🔍 ENV INIT: reserves=0.638, pollution=0.384, climate=0.780

=== Initializing Government System (30 Countries) ===
  Loaded 30 governments
  Scheduled elections for 30 countries
  Initialized comprehension lags (3-24 months)
=== Government System Initialized ===

📦 PRODUCTION MODE: State validation proxy DISABLED (zero overhead)
  ✅ THRESHOLDS validated
⚠️ Unusually high rate: RATES.HEAT_ADAPTATION_INFRASTRUCTURAL_MIN_EXPOSURE = 12
   Monthly rates >100% should be rare. Verify this is intentional.
⚠️ Unusually high rate: RATES.HEAT_ADAPTATION_SOCIAL_MIN_EXPOSURE = 6
   Monthly rates >100% should be rare. Verify this is intentional.
⚠️ Unusually high rate: RATES.MIGRATION_DISTANCE_SCALE = 5000
   Monthly rates >100% should be rare. Verify this is intentional.
⚠️ Unusually high rate: RATES.EVACUATION_MULTIPLIER_ADVANCE_WARNING = 2
   Monthly rates >100% should be rare. Verify this is intentional.
⚠️ Unusually high rate: RATES.MAJOR_ECONOMY_COLLAPSE_ECONOMIC_THRESHOLD = 2
   Monthly rates >100% should be rare. Verify this is intentional.
⚠️ Unusually high rate: RATES.MAJOR_ECONOMY_GDP_THRESHOLD_TRILLION_USD = 1.5
   Monthly rates >100% should be rare. Verify this is intentional.
⚠️ Unusually high rate: RATES.MAJOR_ECONOMY_POPULATION_THRESHOLD = 50
   Monthly rates >100% should be rare. Verify this is intentional.
⚠️ Unusually high rate: RATES.HEAT_ADAPTATION_INFRASTRUCTURE_GDP_THRESHOLD = 10000
   Monthly rates >100% should be rare. Verify this is intentional.
⚠️ Unusually high rate: RATES.HEAT_ADAPTATION_INFRASTRUCTURE_GDP_SCALE = 50000
   Monthly rates >100% should be rare. Verify this is intentional.
  ✅ RATES validated
  ✅ MULTIPLIERS validated
  ✅ BASELINES validated
  ✅ TOLERANCES validated
  ✅ Logical consistency validated
✅ Configuration validation complete - all parameters valid

🔍 DEBUG createAIAgent: corporate_0 economic BEFORE=2.0000, AFTER=2
🔍 ENV INIT: reserves=0.638, pollution=0.384, climate=0.780

=== Initializing Government System (30 Countries) ===
  Loaded 30 governments
  Scheduled elections for 30 countries
  Initialized comprehension lags (3-24 months)
=== Government System Initialized ===

📦 PRODUCTION MODE: State validation proxy DISABLED (zero overhead)

🚨🔍 GOVERNANCE STAGE: Recognition initiated (Month 12)
✓ Phase reads government capacity correctly
  ✅ THRESHOLDS validated
⚠️ Unusually high rate: RATES.HEAT_ADAPTATION_INFRASTRUCTURAL_MIN_EXPOSURE = 12
   Monthly rates >100% should be rare. Verify this is intentional.
⚠️ Unusually high rate: RATES.HEAT_ADAPTATION_SOCIAL_MIN_EXPOSURE = 6
   Monthly rates >100% should be rare. Verify this is intentional.
⚠️ Unusually high rate: RATES.MIGRATION_DISTANCE_SCALE = 5000
   Monthly rates >100% should be rare. Verify this is intentional.
⚠️ Unusually high rate: RATES.EVACUATION_MULTIPLIER_ADVANCE_WARNING = 2
   Monthly rates >100% should be rare. Verify this is intentional.
⚠️ Unusually high rate: RATES.MAJOR_ECONOMY_COLLAPSE_ECONOMIC_THRESHOLD = 2
   Monthly rates >100% should be rare. Verify this is intentional.
⚠️ Unusually high rate: RATES.MAJOR_ECONOMY_GDP_THRESHOLD_TRILLION_USD = 1.5
   Monthly rates >100% should be rare. Verify this is intentional.
⚠️ Unusually high rate: RATES.MAJOR_ECONOMY_POPULATION_THRESHOLD = 50
   Monthly rates >100% should be rare. Verify this is intentional.
⚠️ Unusually high rate: RATES.HEAT_ADAPTATION_INFRASTRUCTURE_GDP_THRESHOLD = 10000
   Monthly rates >100% should be rare. Verify this is intentional.
⚠️ Unusually high rate: RATES.HEAT_ADAPTATION_INFRASTRUCTURE_GDP_SCALE = 50000
   Monthly rates >100% should be rare. Verify this is intentional.
  ✅ RATES validated
  ✅ MULTIPLIERS validated
  ✅ BASELINES validated
  ✅ TOLERANCES validated
  ✅ Logical consistency validated
✅ Configuration validation complete - all parameters valid

🔍 DEBUG createAIAgent: corporate_0 economic BEFORE=2.0000, AFTER=2
🔍 ENV INIT: reserves=0.638, pollution=0.384, climate=0.780

=== Initializing Government System (30 Countries) ===
  Loaded 30 governments
  Scheduled elections for 30 countries
  Initialized comprehension lags (3-24 months)
=== Government System Initialized ===

📦 PRODUCTION MODE: State validation proxy DISABLED (zero overhead)
  ✅ THRESHOLDS validated
  ✅ RATES validated
  ✅ MULTIPLIERS validated
  ✅ BASELINES validated
  ✅ TOLERANCES validated
  ✅ Logical consistency validated
✅ Configuration validation complete - all parameters valid

⚠️ Unusually high rate: RATES.HEAT_ADAPTATION_INFRASTRUCTURAL_MIN_EXPOSURE = 12
   Monthly rates >100% should be rare. Verify this is intentional.
⚠️ Unusually high rate: RATES.HEAT_ADAPTATION_SOCIAL_MIN_EXPOSURE = 6
   Monthly rates >100% should be rare. Verify this is intentional.
⚠️ Unusually high rate: RATES.MIGRATION_DISTANCE_SCALE = 5000
   Monthly rates >100% should be rare. Verify this is intentional.
⚠️ Unusually high rate: RATES.EVACUATION_MULTIPLIER_ADVANCE_WARNING = 2
   Monthly rates >100% should be rare. Verify this is intentional.
⚠️ Unusually high rate: RATES.MAJOR_ECONOMY_COLLAPSE_ECONOMIC_THRESHOLD = 2
   Monthly rates >100% should be rare. Verify this is intentional.
⚠️ Unusually high rate: RATES.MAJOR_ECONOMY_GDP_THRESHOLD_TRILLION_USD = 1.5
   Monthly rates >100% should be rare. Verify this is intentional.
⚠️ Unusually high rate: RATES.MAJOR_ECONOMY_POPULATION_THRESHOLD = 50
   Monthly rates >100% should be rare. Verify this is intentional.
⚠️ Unusually high rate: RATES.HEAT_ADAPTATION_INFRASTRUCTURE_GDP_THRESHOLD = 10000
   Monthly rates >100% should be rare. Verify this is intentional.
⚠️ Unusually high rate: RATES.HEAT_ADAPTATION_INFRASTRUCTURE_GDP_SCALE = 50000
   Monthly rates >100% should be rare. Verify this is intentional.
🔍 DEBUG createAIAgent: corporate_0 economic BEFORE=2.0000, AFTER=2
🔍 ENV INIT: reserves=0.638, pollution=0.384, climate=0.780

=== Initializing Government System (30 Countries) ===
  Loaded 30 governments
  Scheduled elections for 30 countries
  Initialized comprehension lags (3-24 months)
=== Government System Initialized ===

📦 PRODUCTION MODE: State validation proxy DISABLED (zero overhead)

🚨🔍 GOVERNANCE STAGE: Recognition initiated (Month 12)
✓ Phase reads and updates population correctly (8.5B → 8.12130798470818B)
  ✅ THRESHOLDS validated
  ✅ RATES validated
  ✅ MULTIPLIERS validated
  ✅ BASELINES validated
  ✅ TOLERANCES validated
  ✅ Logical consistency validated
✅ Configuration validation complete - all parameters valid

🔍 DEBUG createAIAgent: corporate_0 economic BEFORE=2.0000, AFTER=2
⚠️ Unusually high rate: RATES.HEAT_ADAPTATION_INFRASTRUCTURAL_MIN_EXPOSURE = 12
   Monthly rates >100% should be rare. Verify this is intentional.
⚠️ Unusually high rate: RATES.HEAT_ADAPTATION_SOCIAL_MIN_EXPOSURE = 6
   Monthly rates >100% should be rare. Verify this is intentional.
⚠️ Unusually high rate: RATES.MIGRATION_DISTANCE_SCALE = 5000
   Monthly rates >100% should be rare. Verify this is intentional.
⚠️ Unusually high rate: RATES.EVACUATION_MULTIPLIER_ADVANCE_WARNING = 2
   Monthly rates >100% should be rare. Verify this is intentional.
⚠️ Unusually high rate: RATES.MAJOR_ECONOMY_COLLAPSE_ECONOMIC_THRESHOLD = 2
   Monthly rates >100% should be rare. Verify this is intentional.
⚠️ Unusually high rate: RATES.MAJOR_ECONOMY_GDP_THRESHOLD_TRILLION_USD = 1.5
   Monthly rates >100% should be rare. Verify this is intentional.
⚠️ Unusually high rate: RATES.MAJOR_ECONOMY_POPULATION_THRESHOLD = 50
   Monthly rates >100% should be rare. Verify this is intentional.
⚠️ Unusually high rate: RATES.HEAT_ADAPTATION_INFRASTRUCTURE_GDP_THRESHOLD = 10000
   Monthly rates >100% should be rare. Verify this is intentional.
⚠️ Unusually high rate: RATES.HEAT_ADAPTATION_INFRASTRUCTURE_GDP_SCALE = 50000
   Monthly rates >100% should be rare. Verify this is intentional.
🔍 ENV INIT: reserves=0.638, pollution=0.384, climate=0.780

=== Initializing Government System (30 Countries) ===
  Loaded 30 governments
  Scheduled elections for 30 countries
  Initialized comprehension lags (3-24 months)
=== Government System Initialized ===

📦 PRODUCTION MODE: State validation proxy DISABLED (zero overhead)

🚨🔍 GOVERNANCE STAGE: Recognition initiated (Month 12)
✓ Phase writes deployment progress correctly
  ✅ THRESHOLDS validated
⚠️ Unusually high rate: RATES.HEAT_ADAPTATION_INFRASTRUCTURAL_MIN_EXPOSURE = 12
   Monthly rates >100% should be rare. Verify this is intentional.
⚠️ Unusually high rate: RATES.HEAT_ADAPTATION_SOCIAL_MIN_EXPOSURE = 6
   Monthly rates >100% should be rare. Verify this is intentional.
⚠️ Unusually high rate: RATES.MIGRATION_DISTANCE_SCALE = 5000
   Monthly rates >100% should be rare. Verify this is intentional.
⚠️ Unusually high rate: RATES.EVACUATION_MULTIPLIER_ADVANCE_WARNING = 2
   Monthly rates >100% should be rare. Verify this is intentional.
⚠️ Unusually high rate: RATES.MAJOR_ECONOMY_COLLAPSE_ECONOMIC_THRESHOLD = 2
   Monthly rates >100% should be rare. Verify this is intentional.
⚠️ Unusually high rate: RATES.MAJOR_ECONOMY_GDP_THRESHOLD_TRILLION_USD = 1.5
   Monthly rates >100% should be rare. Verify this is intentional.
⚠️ Unusually high rate: RATES.MAJOR_ECONOMY_POPULATION_THRESHOLD = 50
   Monthly rates >100% should be rare. Verify this is intentional.
⚠️ Unusually high rate: RATES.HEAT_ADAPTATION_INFRASTRUCTURE_GDP_THRESHOLD = 10000
   Monthly rates >100% should be rare. Verify this is intentional.
⚠️ Unusually high rate: RATES.HEAT_ADAPTATION_INFRASTRUCTURE_GDP_SCALE = 50000
   Monthly rates >100% should be rare. Verify this is intentional.
  ✅ RATES validated
  ✅ MULTIPLIERS validated
  ✅ BASELINES validated
  ✅ TOLERANCES validated
  ✅ Logical consistency validated
✅ Configuration validation complete - all parameters valid

🔍 DEBUG createAIAgent: corporate_0 economic BEFORE=2.0000, AFTER=2
🔍 ENV INIT: reserves=0.638, pollution=0.384, climate=0.780

=== Initializing Government System (30 Countries) ===
  Loaded 30 governments
  Scheduled elections for 30 countries
  Initialized comprehension lags (3-24 months)
=== Government System Initialized ===

📦 PRODUCTION MODE: State validation proxy DISABLED (zero overhead)

🚨🔍 GOVERNANCE STAGE: Recognition initiated (Month 12)
✓ Phase validates probability ranges with assertions
  ✅ THRESHOLDS validated
⚠️ Unusually high rate: RATES.HEAT_ADAPTATION_INFRASTRUCTURAL_MIN_EXPOSURE = 12
   Monthly rates >100% should be rare. Verify this is intentional.
⚠️ Unusually high rate: RATES.HEAT_ADAPTATION_SOCIAL_MIN_EXPOSURE = 6
   Monthly rates >100% should be rare. Verify this is intentional.
⚠️ Unusually high rate: RATES.MIGRATION_DISTANCE_SCALE = 5000
   Monthly rates >100% should be rare. Verify this is intentional.
⚠️ Unusually high rate: RATES.EVACUATION_MULTIPLIER_ADVANCE_WARNING = 2
   Monthly rates >100% should be rare. Verify this is intentional.
⚠️ Unusually high rate: RATES.MAJOR_ECONOMY_COLLAPSE_ECONOMIC_THRESHOLD = 2
   Monthly rates >100% should be rare. Verify this is intentional.
⚠️ Unusually high rate: RATES.MAJOR_ECONOMY_GDP_THRESHOLD_TRILLION_USD = 1.5
   Monthly rates >100% should be rare. Verify this is intentional.
⚠️ Unusually high rate: RATES.MAJOR_ECONOMY_POPULATION_THRESHOLD = 50
   Monthly rates >100% should be rare. Verify this is intentional.
⚠️ Unusually high rate: RATES.HEAT_ADAPTATION_INFRASTRUCTURE_GDP_THRESHOLD = 10000
   Monthly rates >100% should be rare. Verify this is intentional.
⚠️ Unusually high rate: RATES.HEAT_ADAPTATION_INFRASTRUCTURE_GDP_SCALE = 50000
   Monthly rates >100% should be rare. Verify this is intentional.
  ✅ RATES validated
  ✅ MULTIPLIERS validated
  ✅ BASELINES validated
  ✅ TOLERANCES validated
  ✅ Logical consistency validated
✅ Configuration validation complete - all parameters valid

🔍 DEBUG createAIAgent: corporate_0 economic BEFORE=2.0000, AFTER=2
🔍 ENV INIT: reserves=0.638, pollution=0.384, climate=0.780

=== Initializing Government System (30 Countries) ===
  Loaded 30 governments
  Scheduled elections for 30 countries
  Initialized comprehension lags (3-24 months)
=== Government System Initialized ===

📦 PRODUCTION MODE: State validation proxy DISABLED (zero overhead)

🚨🔍 GOVERNANCE STAGE: Recognition initiated (Month 12)
✓ Cumulative deaths accumulate correctly (10M → 10M)
  ✅ THRESHOLDS validated
⚠️ Unusually high rate: RATES.HEAT_ADAPTATION_INFRASTRUCTURAL_MIN_EXPOSURE = 12
   Monthly rates >100% should be rare. Verify this is intentional.
⚠️ Unusually high rate: RATES.HEAT_ADAPTATION_SOCIAL_MIN_EXPOSURE = 6
   Monthly rates >100% should be rare. Verify this is intentional.
⚠️ Unusually high rate: RATES.MIGRATION_DISTANCE_SCALE = 5000
   Monthly rates >100% should be rare. Verify this is intentional.
⚠️ Unusually high rate: RATES.EVACUATION_MULTIPLIER_ADVANCE_WARNING = 2
   Monthly rates >100% should be rare. Verify this is intentional.
⚠️ Unusually high rate: RATES.MAJOR_ECONOMY_COLLAPSE_ECONOMIC_THRESHOLD = 2
   Monthly rates >100% should be rare. Verify this is intentional.
⚠️ Unusually high rate: RATES.MAJOR_ECONOMY_GDP_THRESHOLD_TRILLION_USD = 1.5
   Monthly rates >100% should be rare. Verify this is intentional.
⚠️ Unusually high rate: RATES.MAJOR_ECONOMY_POPULATION_THRESHOLD = 50
   Monthly rates >100% should be rare. Verify this is intentional.
⚠️ Unusually high rate: RATES.HEAT_ADAPTATION_INFRASTRUCTURE_GDP_THRESHOLD = 10000
   Monthly rates >100% should be rare. Verify this is intentional.
⚠️ Unusually high rate: RATES.HEAT_ADAPTATION_INFRASTRUCTURE_GDP_SCALE = 50000
   Monthly rates >100% should be rare. Verify this is intentional.
  ✅ RATES validated
  ✅ MULTIPLIERS validated
  ✅ BASELINES validated
  ✅ TOLERANCES validated
  ✅ Logical consistency validated
✅ Configuration validation complete - all parameters valid

🔍 DEBUG createAIAgent: corporate_0 economic BEFORE=2.0000, AFTER=2
🔍 ENV INIT: reserves=0.638, pollution=0.384, climate=0.780

=== Initializing Government System (30 Countries) ===
  Loaded 30 governments
  Scheduled elections for 30 countries
  Initialized comprehension lags (3-24 months)
=== Government System Initialized ===

📦 PRODUCTION MODE: State validation proxy DISABLED (zero overhead)
✓ Phase handles zero AI agents gracefully
  ✅ THRESHOLDS validated
⚠️ Unusually high rate: RATES.HEAT_ADAPTATION_INFRASTRUCTURAL_MIN_EXPOSURE = 12
   Monthly rates >100% should be rare. Verify this is intentional.
⚠️ Unusually high rate: RATES.HEAT_ADAPTATION_SOCIAL_MIN_EXPOSURE = 6
   Monthly rates >100% should be rare. Verify this is intentional.
⚠️ Unusually high rate: RATES.MIGRATION_DISTANCE_SCALE = 5000
   Monthly rates >100% should be rare. Verify this is intentional.
⚠️ Unusually high rate: RATES.EVACUATION_MULTIPLIER_ADVANCE_WARNING = 2
   Monthly rates >100% should be rare. Verify this is intentional.
⚠️ Unusually high rate: RATES.MAJOR_ECONOMY_COLLAPSE_ECONOMIC_THRESHOLD = 2
   Monthly rates >100% should be rare. Verify this is intentional.
⚠️ Unusually high rate: RATES.MAJOR_ECONOMY_GDP_THRESHOLD_TRILLION_USD = 1.5
   Monthly rates >100% should be rare. Verify this is intentional.
⚠️ Unusually high rate: RATES.MAJOR_ECONOMY_POPULATION_THRESHOLD = 50
   Monthly rates >100% should be rare. Verify this is intentional.
⚠️ Unusually high rate: RATES.HEAT_ADAPTATION_INFRASTRUCTURE_GDP_THRESHOLD = 10000
   Monthly rates >100% should be rare. Verify this is intentional.
⚠️ Unusually high rate: RATES.HEAT_ADAPTATION_INFRASTRUCTURE_GDP_SCALE = 50000
   Monthly rates >100% should be rare. Verify this is intentional.
  ✅ RATES validated
  ✅ MULTIPLIERS validated
  ✅ BASELINES validated
  ✅ TOLERANCES validated
  ✅ Logical consistency validated
✅ Configuration validation complete - all parameters valid

🔍 DEBUG createAIAgent: corporate_0 economic BEFORE=2.0000, AFTER=2
🔍 ENV INIT: reserves=0.638, pollution=0.384, climate=0.780

=== Initializing Government System (30 Countries) ===
  Loaded 30 governments
  Scheduled elections for 30 countries
  Initialized comprehension lags (3-24 months)
=== Government System Initialized ===

📦 PRODUCTION MODE: State validation proxy DISABLED (zero overhead)
✓ Phase handles non-deployed AI agents correctly
  ✅ THRESHOLDS validated
⚠️ Unusually high rate: RATES.HEAT_ADAPTATION_INFRASTRUCTURAL_MIN_EXPOSURE = 12
   Monthly rates >100% should be rare. Verify this is intentional.
⚠️ Unusually high rate: RATES.HEAT_ADAPTATION_SOCIAL_MIN_EXPOSURE = 6
   Monthly rates >100% should be rare. Verify this is intentional.
⚠️ Unusually high rate: RATES.MIGRATION_DISTANCE_SCALE = 5000
   Monthly rates >100% should be rare. Verify this is intentional.
⚠️ Unusually high rate: RATES.EVACUATION_MULTIPLIER_ADVANCE_WARNING = 2
   Monthly rates >100% should be rare. Verify this is intentional.
⚠️ Unusually high rate: RATES.MAJOR_ECONOMY_COLLAPSE_ECONOMIC_THRESHOLD = 2
   Monthly rates >100% should be rare. Verify this is intentional.
⚠️ Unusually high rate: RATES.MAJOR_ECONOMY_GDP_THRESHOLD_TRILLION_USD = 1.5
   Monthly rates >100% should be rare. Verify this is intentional.
⚠️ Unusually high rate: RATES.MAJOR_ECONOMY_POPULATION_THRESHOLD = 50
   Monthly rates >100% should be rare. Verify this is intentional.
⚠️ Unusually high rate: RATES.HEAT_ADAPTATION_INFRASTRUCTURE_GDP_THRESHOLD = 10000
   Monthly rates >100% should be rare. Verify this is intentional.
⚠️ Unusually high rate: RATES.HEAT_ADAPTATION_INFRASTRUCTURE_GDP_SCALE = 50000
   Monthly rates >100% should be rare. Verify this is intentional.
  ✅ RATES validated
  ✅ MULTIPLIERS validated
  ✅ BASELINES validated
  ✅ TOLERANCES validated
  ✅ Logical consistency validated
✅ Configuration validation complete - all parameters valid

🔍 DEBUG createAIAgent: corporate_0 economic BEFORE=2.0000, AFTER=2
🔍 ENV INIT: reserves=0.638, pollution=0.384, climate=0.780

=== Initializing Government System (30 Countries) ===
  Loaded 30 governments
  Scheduled elections for 30 countries
  Initialized comprehension lags (3-24 months)
=== Government System Initialized ===

📦 PRODUCTION MODE: State validation proxy DISABLED (zero overhead)
  ✅ THRESHOLDS validated
⚠️ Unusually high rate: RATES.HEAT_ADAPTATION_INFRASTRUCTURAL_MIN_EXPOSURE = 12
   Monthly rates >100% should be rare. Verify this is intentional.
⚠️ Unusually high rate: RATES.HEAT_ADAPTATION_SOCIAL_MIN_EXPOSURE = 6
   Monthly rates >100% should be rare. Verify this is intentional.
⚠️ Unusually high rate: RATES.MIGRATION_DISTANCE_SCALE = 5000
   Monthly rates >100% should be rare. Verify this is intentional.
⚠️ Unusually high rate: RATES.EVACUATION_MULTIPLIER_ADVANCE_WARNING = 2
   Monthly rates >100% should be rare. Verify this is intentional.
⚠️ Unusually high rate: RATES.MAJOR_ECONOMY_COLLAPSE_ECONOMIC_THRESHOLD = 2
   Monthly rates >100% should be rare. Verify this is intentional.
⚠️ Unusually high rate: RATES.MAJOR_ECONOMY_GDP_THRESHOLD_TRILLION_USD = 1.5
   Monthly rates >100% should be rare. Verify this is intentional.
⚠️ Unusually high rate: RATES.MAJOR_ECONOMY_POPULATION_THRESHOLD = 50
   Monthly rates >100% should be rare. Verify this is intentional.
⚠️ Unusually high rate: RATES.HEAT_ADAPTATION_INFRASTRUCTURE_GDP_THRESHOLD = 10000
   Monthly rates >100% should be rare. Verify this is intentional.
⚠️ Unusually high rate: RATES.HEAT_ADAPTATION_INFRASTRUCTURE_GDP_SCALE = 50000
   Monthly rates >100% should be rare. Verify this is intentional.
  ✅ RATES validated
  ✅ MULTIPLIERS validated
  ✅ BASELINES validated
  ✅ TOLERANCES validated
  ✅ Logical consistency validated
✅ Configuration validation complete - all parameters valid

🔍 DEBUG createAIAgent: corporate_0 economic BEFORE=2.0000, AFTER=2
🔍 ENV INIT: reserves=0.638, pollution=0.384, climate=0.780

=== Initializing Government System (30 Countries) ===
  Loaded 30 governments
  Scheduled elections for 30 countries
  Initialized comprehension lags (3-24 months)
=== Government System Initialized ===

📦 PRODUCTION MODE: State validation proxy DISABLED (zero overhead)

🚨🔍 GOVERNANCE STAGE: Recognition initiated (Month 12)
✓ Phase handles zero government capability gracefully
  ✅ THRESHOLDS validated
  ✅ RATES validated
  ✅ MULTIPLIERS validated
  ✅ BASELINES validated
  ✅ TOLERANCES validated
  ✅ Logical consistency validated
✅ Configuration validation complete - all parameters valid

🔍 DEBUG createAIAgent: corporate_0 economic BEFORE=2.0000, AFTER=2
⚠️ Unusually high rate: RATES.HEAT_ADAPTATION_INFRASTRUCTURAL_MIN_EXPOSURE = 12
   Monthly rates >100% should be rare. Verify this is intentional.
⚠️ Unusually high rate: RATES.HEAT_ADAPTATION_SOCIAL_MIN_EXPOSURE = 6
   Monthly rates >100% should be rare. Verify this is intentional.
⚠️ Unusually high rate: RATES.MIGRATION_DISTANCE_SCALE = 5000
   Monthly rates >100% should be rare. Verify this is intentional.
⚠️ Unusually high rate: RATES.EVACUATION_MULTIPLIER_ADVANCE_WARNING = 2
   Monthly rates >100% should be rare. Verify this is intentional.
⚠️ Unusually high rate: RATES.MAJOR_ECONOMY_COLLAPSE_ECONOMIC_THRESHOLD = 2
   Monthly rates >100% should be rare. Verify this is intentional.
⚠️ Unusually high rate: RATES.MAJOR_ECONOMY_GDP_THRESHOLD_TRILLION_USD = 1.5
   Monthly rates >100% should be rare. Verify this is intentional.
⚠️ Unusually high rate: RATES.MAJOR_ECONOMY_POPULATION_THRESHOLD = 50
   Monthly rates >100% should be rare. Verify this is intentional.
⚠️ Unusually high rate: RATES.HEAT_ADAPTATION_INFRASTRUCTURE_GDP_THRESHOLD = 10000
   Monthly rates >100% should be rare. Verify this is intentional.
⚠️ Unusually high rate: RATES.HEAT_ADAPTATION_INFRASTRUCTURE_GDP_SCALE = 50000
   Monthly rates >100% should be rare. Verify this is intentional.
🔍 ENV INIT: reserves=0.638, pollution=0.384, climate=0.780

=== Initializing Government System (30 Countries) ===
  Loaded 30 governments
  Scheduled elections for 30 countries
  Initialized comprehension lags (3-24 months)
=== Government System Initialized ===

📦 PRODUCTION MODE: State validation proxy DISABLED (zero overhead)
  ✅ THRESHOLDS validated
⚠️ Unusually high rate: RATES.HEAT_ADAPTATION_INFRASTRUCTURAL_MIN_EXPOSURE = 12
   Monthly rates >100% should be rare. Verify this is intentional.
⚠️ Unusually high rate: RATES.HEAT_ADAPTATION_SOCIAL_MIN_EXPOSURE = 6
   Monthly rates >100% should be rare. Verify this is intentional.
⚠️ Unusually high rate: RATES.MIGRATION_DISTANCE_SCALE = 5000
   Monthly rates >100% should be rare. Verify this is intentional.
⚠️ Unusually high rate: RATES.EVACUATION_MULTIPLIER_ADVANCE_WARNING = 2
   Monthly rates >100% should be rare. Verify this is intentional.
⚠️ Unusually high rate: RATES.MAJOR_ECONOMY_COLLAPSE_ECONOMIC_THRESHOLD = 2
   Monthly rates >100% should be rare. Verify this is intentional.
⚠️ Unusually high rate: RATES.MAJOR_ECONOMY_GDP_THRESHOLD_TRILLION_USD = 1.5
   Monthly rates >100% should be rare. Verify this is intentional.
⚠️ Unusually high rate: RATES.MAJOR_ECONOMY_POPULATION_THRESHOLD = 50
   Monthly rates >100% should be rare. Verify this is intentional.
⚠️ Unusually high rate: RATES.HEAT_ADAPTATION_INFRASTRUCTURE_GDP_THRESHOLD = 10000
   Monthly rates >100% should be rare. Verify this is intentional.
  ✅ RATES validated
  ✅ MULTIPLIERS validated
⚠️ Unusually high rate: RATES.HEAT_ADAPTATION_INFRASTRUCTURE_GDP_SCALE = 50000
   Monthly rates >100% should be rare. Verify this is intentional.
  ✅ BASELINES validated
  ✅ TOLERANCES validated
  ✅ Logical consistency validated
✅ Configuration validation complete - all parameters valid

🔍 DEBUG createAIAgent: corporate_0 economic BEFORE=2.0000, AFTER=2
🔍 ENV INIT: reserves=0.638, pollution=0.384, climate=0.780

=== Initializing Government System (30 Countries) ===
  Loaded 30 governments
  Scheduled elections for 30 countries
  Initialized comprehension lags (3-24 months)
=== Government System Initialized ===

📦 PRODUCTION MODE: State validation proxy DISABLED (zero overhead)

🚨🔍 GOVERNANCE STAGE: Recognition initiated (Month 12)
✓ Phase handles very low population correctly
  ✅ THRESHOLDS validated
⚠️ Unusually high rate: RATES.HEAT_ADAPTATION_INFRASTRUCTURAL_MIN_EXPOSURE = 12
   Monthly rates >100% should be rare. Verify this is intentional.
⚠️ Unusually high rate: RATES.HEAT_ADAPTATION_SOCIAL_MIN_EXPOSURE = 6
   Monthly rates >100% should be rare. Verify this is intentional.
⚠️ Unusually high rate: RATES.MIGRATION_DISTANCE_SCALE = 5000
   Monthly rates >100% should be rare. Verify this is intentional.
⚠️ Unusually high rate: RATES.EVACUATION_MULTIPLIER_ADVANCE_WARNING = 2
   Monthly rates >100% should be rare. Verify this is intentional.
⚠️ Unusually high rate: RATES.MAJOR_ECONOMY_COLLAPSE_ECONOMIC_THRESHOLD = 2
   Monthly rates >100% should be rare. Verify this is intentional.
⚠️ Unusually high rate: RATES.MAJOR_ECONOMY_GDP_THRESHOLD_TRILLION_USD = 1.5
   Monthly rates >100% should be rare. Verify this is intentional.
⚠️ Unusually high rate: RATES.MAJOR_ECONOMY_POPULATION_THRESHOLD = 50
   Monthly rates >100% should be rare. Verify this is intentional.
⚠️ Unusually high rate: RATES.HEAT_ADAPTATION_INFRASTRUCTURE_GDP_THRESHOLD = 10000
   Monthly rates >100% should be rare. Verify this is intentional.
⚠️ Unusually high rate: RATES.HEAT_ADAPTATION_INFRASTRUCTURE_GDP_SCALE = 50000
   Monthly rates >100% should be rare. Verify this is intentional.
  ✅ RATES validated
  ✅ MULTIPLIERS validated
  ✅ BASELINES validated
  ✅ TOLERANCES validated
  ✅ Logical consistency validated
✅ Configuration validation complete - all parameters valid

🔍 DEBUG createAIAgent: corporate_0 economic BEFORE=2.0000, AFTER=2
🔍 ENV INIT: reserves=0.638, pollution=0.384, climate=0.780

=== Initializing Government System (30 Countries) ===
  Loaded 30 governments
  Scheduled elections for 30 countries
  Initialized comprehension lags (3-24 months)
=== Government System Initialized ===

📦 PRODUCTION MODE: State validation proxy DISABLED (zero overhead)
  ✅ THRESHOLDS validated
⚠️ Unusually high rate: RATES.HEAT_ADAPTATION_INFRASTRUCTURAL_MIN_EXPOSURE = 12
   Monthly rates >100% should be rare. Verify this is intentional.
⚠️ Unusually high rate: RATES.HEAT_ADAPTATION_SOCIAL_MIN_EXPOSURE = 6
   Monthly rates >100% should be rare. Verify this is intentional.
⚠️ Unusually high rate: RATES.MIGRATION_DISTANCE_SCALE = 5000
   Monthly rates >100% should be rare. Verify this is intentional.
⚠️ Unusually high rate: RATES.EVACUATION_MULTIPLIER_ADVANCE_WARNING = 2
   Monthly rates >100% should be rare. Verify this is intentional.
⚠️ Unusually high rate: RATES.MAJOR_ECONOMY_COLLAPSE_ECONOMIC_THRESHOLD = 2
   Monthly rates >100% should be rare. Verify this is intentional.
⚠️ Unusually high rate: RATES.MAJOR_ECONOMY_GDP_THRESHOLD_TRILLION_USD = 1.5
   Monthly rates >100% should be rare. Verify this is intentional.
⚠️ Unusually high rate: RATES.MAJOR_ECONOMY_POPULATION_THRESHOLD = 50
   Monthly rates >100% should be rare. Verify this is intentional.
⚠️ Unusually high rate: RATES.HEAT_ADAPTATION_INFRASTRUCTURE_GDP_THRESHOLD = 10000
   Monthly rates >100% should be rare. Verify this is intentional.
⚠️ Unusually high rate: RATES.HEAT_ADAPTATION_INFRASTRUCTURE_GDP_SCALE = 50000
   Monthly rates >100% should be rare. Verify this is intentional.
  ✅ RATES validated
  ✅ MULTIPLIERS validated
  ✅ BASELINES validated
  ✅ TOLERANCES validated
  ✅ Logical consistency validated
✅ Configuration validation complete - all parameters valid

🔍 DEBUG createAIAgent: corporate_0 economic BEFORE=2.0000, AFTER=2
🔍 ENV INIT: reserves=0.638, pollution=0.384, climate=0.780

=== Initializing Government System (30 Countries) ===
  Loaded 30 governments
  Scheduled elections for 30 countries
  Initialized comprehension lags (3-24 months)
=== Government System Initialized ===

📦 PRODUCTION MODE: State validation proxy DISABLED (zero overhead)

🚨🔍 GOVERNANCE STAGE: Recognition initiated (Month 12)
✓ Phase enforces minimum population floor
  ✅ THRESHOLDS validated
  ✅ RATES validated
  ✅ MULTIPLIERS validated
⚠️ Unusually high rate: RATES.HEAT_ADAPTATION_INFRASTRUCTURAL_MIN_EXPOSURE = 12
   Monthly rates >100% should be rare. Verify this is intentional.
⚠️ Unusually high rate: RATES.HEAT_ADAPTATION_SOCIAL_MIN_EXPOSURE = 6
   Monthly rates >100% should be rare. Verify this is intentional.
⚠️ Unusually high rate: RATES.MIGRATION_DISTANCE_SCALE = 5000
   Monthly rates >100% should be rare. Verify this is intentional.
⚠️ Unusually high rate: RATES.EVACUATION_MULTIPLIER_ADVANCE_WARNING = 2
   Monthly rates >100% should be rare. Verify this is intentional.
⚠️ Unusually high rate: RATES.MAJOR_ECONOMY_COLLAPSE_ECONOMIC_THRESHOLD = 2
   Monthly rates >100% should be rare. Verify this is intentional.
⚠️ Unusually high rate: RATES.MAJOR_ECONOMY_GDP_THRESHOLD_TRILLION_USD = 1.5
   Monthly rates >100% should be rare. Verify this is intentional.
⚠️ Unusually high rate: RATES.MAJOR_ECONOMY_POPULATION_THRESHOLD = 50
   Monthly rates >100% should be rare. Verify this is intentional.
⚠️ Unusually high rate: RATES.HEAT_ADAPTATION_INFRASTRUCTURE_GDP_THRESHOLD = 10000
   Monthly rates >100% should be rare. Verify this is intentional.
⚠️ Unusually high rate: RATES.HEAT_ADAPTATION_INFRASTRUCTURE_GDP_SCALE = 50000
   Monthly rates >100% should be rare. Verify this is intentional.
  ✅ BASELINES validated
  ✅ TOLERANCES validated
  ✅ Logical consistency validated
✅ Configuration validation complete - all parameters valid

🔍 DEBUG createAIAgent: corporate_0 economic BEFORE=2.0000, AFTER=2
🔍 ENV INIT: reserves=0.638, pollution=0.384, climate=0.780

=== Initializing Government System (30 Countries) ===
  Loaded 30 governments
  Scheduled elections for 30 countries
  Initialized comprehension lags (3-24 months)
=== Government System Initialized ===

📦 PRODUCTION MODE: State validation proxy DISABLED (zero overhead)
  ✅ THRESHOLDS validated
⚠️ Unusually high rate: RATES.HEAT_ADAPTATION_INFRASTRUCTURAL_MIN_EXPOSURE = 12
   Monthly rates >100% should be rare. Verify this is intentional.
⚠️ Unusually high rate: RATES.HEAT_ADAPTATION_SOCIAL_MIN_EXPOSURE = 6
   Monthly rates >100% should be rare. Verify this is intentional.
⚠️ Unusually high rate: RATES.MIGRATION_DISTANCE_SCALE = 5000
   Monthly rates >100% should be rare. Verify this is intentional.
⚠️ Unusually high rate: RATES.EVACUATION_MULTIPLIER_ADVANCE_WARNING = 2
   Monthly rates >100% should be rare. Verify this is intentional.
⚠️ Unusually high rate: RATES.MAJOR_ECONOMY_COLLAPSE_ECONOMIC_THRESHOLD = 2
   Monthly rates >100% should be rare. Verify this is intentional.
⚠️ Unusually high rate: RATES.MAJOR_ECONOMY_GDP_THRESHOLD_TRILLION_USD = 1.5
   Monthly rates >100% should be rare. Verify this is intentional.
⚠️ Unusually high rate: RATES.MAJOR_ECONOMY_POPULATION_THRESHOLD = 50
   Monthly rates >100% should be rare. Verify this is intentional.
⚠️ Unusually high rate: RATES.HEAT_ADAPTATION_INFRASTRUCTURE_GDP_THRESHOLD = 10000
   Monthly rates >100% should be rare. Verify this is intentional.
⚠️ Unusually high rate: RATES.HEAT_ADAPTATION_INFRASTRUCTURE_GDP_SCALE = 50000
   Monthly rates >100% should be rare. Verify this is intentional.
  ✅ RATES validated
  ✅ MULTIPLIERS validated
  ✅ BASELINES validated
  ✅ TOLERANCES validated
  ✅ Logical consistency validated
✅ Configuration validation complete - all parameters valid

🔍 DEBUG createAIAgent: corporate_0 economic BEFORE=2.0000, AFTER=2
🔍 ENV INIT: reserves=0.638, pollution=0.384, climate=0.780

=== Initializing Government System (30 Countries) ===
  Loaded 30 governments
  Scheduled elections for 30 countries
  Initialized comprehension lags (3-24 months)
=== Government System Initialized ===

📦 PRODUCTION MODE: State validation proxy DISABLED (zero overhead)

🚨🔍 GOVERNANCE STAGE: Recognition initiated (Month 12)
✓ Phase handles maximum economic transition stage
  ✅ THRESHOLDS validated
  ✅ RATES validated
  ✅ MULTIPLIERS validated
  ✅ BASELINES validated
  ✅ TOLERANCES validated
  ✅ Logical consistency validated
✅ Configuration validation complete - all parameters valid

🔍 DEBUG createAIAgent: corporate_0 economic BEFORE=2.0000, AFTER=2
⚠️ Unusually high rate: RATES.HEAT_ADAPTATION_INFRASTRUCTURAL_MIN_EXPOSURE = 12
   Monthly rates >100% should be rare. Verify this is intentional.
⚠️ Unusually high rate: RATES.HEAT_ADAPTATION_SOCIAL_MIN_EXPOSURE = 6
   Monthly rates >100% should be rare. Verify this is intentional.
⚠️ Unusually high rate: RATES.MIGRATION_DISTANCE_SCALE = 5000
   Monthly rates >100% should be rare. Verify this is intentional.
⚠️ Unusually high rate: RATES.EVACUATION_MULTIPLIER_ADVANCE_WARNING = 2
   Monthly rates >100% should be rare. Verify this is intentional.
⚠️ Unusually high rate: RATES.MAJOR_ECONOMY_COLLAPSE_ECONOMIC_THRESHOLD = 2
   Monthly rates >100% should be rare. Verify this is intentional.
⚠️ Unusually high rate: RATES.MAJOR_ECONOMY_GDP_THRESHOLD_TRILLION_USD = 1.5
   Monthly rates >100% should be rare. Verify this is intentional.
⚠️ Unusually high rate: RATES.MAJOR_ECONOMY_POPULATION_THRESHOLD = 50
   Monthly rates >100% should be rare. Verify this is intentional.
⚠️ Unusually high rate: RATES.HEAT_ADAPTATION_INFRASTRUCTURE_GDP_THRESHOLD = 10000
   Monthly rates >100% should be rare. Verify this is intentional.
⚠️ Unusually high rate: RATES.HEAT_ADAPTATION_INFRASTRUCTURE_GDP_SCALE = 50000
   Monthly rates >100% should be rare. Verify this is intentional.
🔍 ENV INIT: reserves=0.638, pollution=0.384, climate=0.780

=== Initializing Government System (30 Countries) ===
  Loaded 30 governments
  Scheduled elections for 30 countries
  Initialized comprehension lags (3-24 months)
=== Government System Initialized ===

📦 PRODUCTION MODE: State validation proxy DISABLED (zero overhead)
✓ Phase integrates correctly in simulation step sequence
  ✅ THRESHOLDS validated
⚠️ Unusually high rate: RATES.HEAT_ADAPTATION_INFRASTRUCTURAL_MIN_EXPOSURE = 12
   Monthly rates >100% should be rare. Verify this is intentional.
⚠️ Unusually high rate: RATES.HEAT_ADAPTATION_SOCIAL_MIN_EXPOSURE = 6
   Monthly rates >100% should be rare. Verify this is intentional.
⚠️ Unusually high rate: RATES.MIGRATION_DISTANCE_SCALE = 5000
   Monthly rates >100% should be rare. Verify this is intentional.
⚠️ Unusually high rate: RATES.EVACUATION_MULTIPLIER_ADVANCE_WARNING = 2
   Monthly rates >100% should be rare. Verify this is intentional.
⚠️ Unusually high rate: RATES.MAJOR_ECONOMY_COLLAPSE_ECONOMIC_THRESHOLD = 2
   Monthly rates >100% should be rare. Verify this is intentional.
⚠️ Unusually high rate: RATES.MAJOR_ECONOMY_GDP_THRESHOLD_TRILLION_USD = 1.5
   Monthly rates >100% should be rare. Verify this is intentional.
⚠️ Unusually high rate: RATES.MAJOR_ECONOMY_POPULATION_THRESHOLD = 50
   Monthly rates >100% should be rare. Verify this is intentional.
⚠️ Unusually high rate: RATES.HEAT_ADAPTATION_INFRASTRUCTURE_GDP_THRESHOLD = 10000
   Monthly rates >100% should be rare. Verify this is intentional.
⚠️ Unusually high rate: RATES.HEAT_ADAPTATION_INFRASTRUCTURE_GDP_SCALE = 50000
   Monthly rates >100% should be rare. Verify this is intentional.
  ✅ RATES validated
  ✅ MULTIPLIERS validated
  ✅ BASELINES validated
  ✅ TOLERANCES validated
  ✅ Logical consistency validated
✅ Configuration validation complete - all parameters valid

🔍 DEBUG createAIAgent: corporate_0 economic BEFORE=2.0000, AFTER=2
🔍 ENV INIT: reserves=0.638, pollution=0.384, climate=0.780

=== Initializing Government System (30 Countries) ===
  Loaded 30 governments
  Scheduled elections for 30 countries
  Initialized comprehension lags (3-24 months)
=== Government System Initialized ===

📦 PRODUCTION MODE: State validation proxy DISABLED (zero overhead)

🚨🔍 GOVERNANCE STAGE: Recognition initiated (Month 12)
✓ Phase produces crisis events for high mortality (0.0 per 1000)
  ✅ THRESHOLDS validated
  ✅ RATES validated
  ✅ MULTIPLIERS validated
  ✅ BASELINES validated
⚠️ Unusually high rate: RATES.HEAT_ADAPTATION_INFRASTRUCTURAL_MIN_EXPOSURE = 12
   Monthly rates >100% should be rare. Verify this is intentional.
⚠️ Unusually high rate: RATES.HEAT_ADAPTATION_SOCIAL_MIN_EXPOSURE = 6
   Monthly rates >100% should be rare. Verify this is intentional.
⚠️ Unusually high rate: RATES.MIGRATION_DISTANCE_SCALE = 5000
   Monthly rates >100% should be rare. Verify this is intentional.
⚠️ Unusually high rate: RATES.EVACUATION_MULTIPLIER_ADVANCE_WARNING = 2
   Monthly rates >100% should be rare. Verify this is intentional.
⚠️ Unusually high rate: RATES.MAJOR_ECONOMY_COLLAPSE_ECONOMIC_THRESHOLD = 2
   Monthly rates >100% should be rare. Verify this is intentional.
⚠️ Unusually high rate: RATES.MAJOR_ECONOMY_GDP_THRESHOLD_TRILLION_USD = 1.5
   Monthly rates >100% should be rare. Verify this is intentional.
⚠️ Unusually high rate: RATES.MAJOR_ECONOMY_POPULATION_THRESHOLD = 50
   Monthly rates >100% should be rare. Verify this is intentional.
⚠️ Unusually high rate: RATES.HEAT_ADAPTATION_INFRASTRUCTURE_GDP_THRESHOLD = 10000
   Monthly rates >100% should be rare. Verify this is intentional.
⚠️ Unusually high rate: RATES.HEAT_ADAPTATION_INFRASTRUCTURE_GDP_SCALE = 50000
   Monthly rates >100% should be rare. Verify this is intentional.
  ✅ TOLERANCES validated
  ✅ Logical consistency validated
✅ Configuration validation complete - all parameters valid

🔍 DEBUG createAIAgent: corporate_0 economic BEFORE=2.0000, AFTER=2
🔍 ENV INIT: reserves=0.638, pollution=0.384, climate=0.780

=== Initializing Government System (30 Countries) ===
  Loaded 30 governments
  Scheduled elections for 30 countries
  Initialized comprehension lags (3-24 months)
=== Government System Initialized ===

📦 PRODUCTION MODE: State validation proxy DISABLED (zero overhead)

🚨🔍 GOVERNANCE STAGE: Recognition initiated (Month 12)
✓ Phase does not corrupt unrelated state
  ✅ THRESHOLDS validated
  ✅ RATES validated
  ✅ MULTIPLIERS validated
  ✅ BASELINES validated
  ✅ TOLERANCES validated
  ✅ Logical consistency validated
✅ Configuration validation complete - all parameters valid

🔍 DEBUG createAIAgent: corporate_0 economic BEFORE=2.0000, AFTER=2
⚠️ Unusually high rate: RATES.HEAT_ADAPTATION_INFRASTRUCTURAL_MIN_EXPOSURE = 12
   Monthly rates >100% should be rare. Verify this is intentional.
⚠️ Unusually high rate: RATES.HEAT_ADAPTATION_SOCIAL_MIN_EXPOSURE = 6
   Monthly rates >100% should be rare. Verify this is intentional.
⚠️ Unusually high rate: RATES.MIGRATION_DISTANCE_SCALE = 5000
   Monthly rates >100% should be rare. Verify this is intentional.
⚠️ Unusually high rate: RATES.EVACUATION_MULTIPLIER_ADVANCE_WARNING = 2
   Monthly rates >100% should be rare. Verify this is intentional.
⚠️ Unusually high rate: RATES.MAJOR_ECONOMY_COLLAPSE_ECONOMIC_THRESHOLD = 2
   Monthly rates >100% should be rare. Verify this is intentional.
⚠️ Unusually high rate: RATES.MAJOR_ECONOMY_GDP_THRESHOLD_TRILLION_USD = 1.5
   Monthly rates >100% should be rare. Verify this is intentional.
⚠️ Unusually high rate: RATES.MAJOR_ECONOMY_POPULATION_THRESHOLD = 50
   Monthly rates >100% should be rare. Verify this is intentional.
⚠️ Unusually high rate: RATES.HEAT_ADAPTATION_INFRASTRUCTURE_GDP_THRESHOLD = 10000
   Monthly rates >100% should be rare. Verify this is intentional.
⚠️ Unusually high rate: RATES.HEAT_ADAPTATION_INFRASTRUCTURE_GDP_SCALE = 50000
   Monthly rates >100% should be rare. Verify this is intentional.
🔍 ENV INIT: reserves=0.638, pollution=0.384, climate=0.780

=== Initializing Government System (30 Countries) ===
  Loaded 30 governments
  Scheduled elections for 30 countries
  Initialized comprehension lags (3-24 months)
=== Government System Initialized ===

📦 PRODUCTION MODE: State validation proxy DISABLED (zero overhead)

🚨🔍 GOVERNANCE STAGE: Recognition initiated (Month 12)
  ✅ THRESHOLDS validated
  ✅ RATES validated
  ✅ MULTIPLIERS validated
  ✅ BASELINES validated
  ✅ TOLERANCES validated
⚠️ Unusually high rate: RATES.HEAT_ADAPTATION_INFRASTRUCTURAL_MIN_EXPOSURE = 12
   Monthly rates >100% should be rare. Verify this is intentional.
⚠️ Unusually high rate: RATES.HEAT_ADAPTATION_SOCIAL_MIN_EXPOSURE = 6
   Monthly rates >100% should be rare. Verify this is intentional.
⚠️ Unusually high rate: RATES.MIGRATION_DISTANCE_SCALE = 5000
   Monthly rates >100% should be rare. Verify this is intentional.
⚠️ Unusually high rate: RATES.EVACUATION_MULTIPLIER_ADVANCE_WARNING = 2
   Monthly rates >100% should be rare. Verify this is intentional.
⚠️ Unusually high rate: RATES.MAJOR_ECONOMY_COLLAPSE_ECONOMIC_THRESHOLD = 2
   Monthly rates >100% should be rare. Verify this is intentional.
⚠️ Unusually high rate: RATES.MAJOR_ECONOMY_GDP_THRESHOLD_TRILLION_USD = 1.5
   Monthly rates >100% should be rare. Verify this is intentional.
⚠️ Unusually high rate: RATES.MAJOR_ECONOMY_POPULATION_THRESHOLD = 50
   Monthly rates >100% should be rare. Verify this is intentional.
⚠️ Unusually high rate: RATES.HEAT_ADAPTATION_INFRASTRUCTURE_GDP_THRESHOLD = 10000
   Monthly rates >100% should be rare. Verify this is intentional.
⚠️ Unusually high rate: RATES.HEAT_ADAPTATION_INFRASTRUCTURE_GDP_SCALE = 50000
   Monthly rates >100% should be rare. Verify this is intentional.
  ✅ Logical consistency validated
✅ Configuration validation complete - all parameters valid

🔍 DEBUG createAIAgent: corporate_0 economic BEFORE=2.0000, AFTER=2
🔍 ENV INIT: reserves=0.638, pollution=0.384, climate=0.780

=== Initializing Government System (30 Countries) ===
  Loaded 30 governments
  Scheduled elections for 30 countries
  Initialized comprehension lags (3-24 months)
=== Government System Initialized ===

📦 PRODUCTION MODE: State validation proxy DISABLED (zero overhead)

🚨🔍 GOVERNANCE STAGE: Recognition initiated (Month 12)
✓ Phase produces deterministic results with same seed
  ✅ THRESHOLDS validated
  ✅ RATES validated
  ✅ MULTIPLIERS validated
  ✅ BASELINES validated
  ✅ TOLERANCES validated
  ✅ Logical consistency validated
✅ Configuration validation complete - all parameters valid

⚠️ Unusually high rate: RATES.HEAT_ADAPTATION_INFRASTRUCTURAL_MIN_EXPOSURE = 12
   Monthly rates >100% should be rare. Verify this is intentional.
⚠️ Unusually high rate: RATES.HEAT_ADAPTATION_SOCIAL_MIN_EXPOSURE = 6
   Monthly rates >100% should be rare. Verify this is intentional.
⚠️ Unusually high rate: RATES.MIGRATION_DISTANCE_SCALE = 5000
   Monthly rates >100% should be rare. Verify this is intentional.
⚠️ Unusually high rate: RATES.EVACUATION_MULTIPLIER_ADVANCE_WARNING = 2
   Monthly rates >100% should be rare. Verify this is intentional.
⚠️ Unusually high rate: RATES.MAJOR_ECONOMY_COLLAPSE_ECONOMIC_THRESHOLD = 2
   Monthly rates >100% should be rare. Verify this is intentional.
⚠️ Unusually high rate: RATES.MAJOR_ECONOMY_GDP_THRESHOLD_TRILLION_USD = 1.5
   Monthly rates >100% should be rare. Verify this is intentional.
⚠️ Unusually high rate: RATES.MAJOR_ECONOMY_POPULATION_THRESHOLD = 50
   Monthly rates >100% should be rare. Verify this is intentional.
⚠️ Unusually high rate: RATES.HEAT_ADAPTATION_INFRASTRUCTURE_GDP_THRESHOLD = 10000
   Monthly rates >100% should be rare. Verify this is intentional.
⚠️ Unusually high rate: RATES.HEAT_ADAPTATION_INFRASTRUCTURE_GDP_SCALE = 50000
   Monthly rates >100% should be rare. Verify this is intentional.
🔍 DEBUG createAIAgent: corporate_0 economic BEFORE=2.0000, AFTER=2
🔍 ENV INIT: reserves=0.638, pollution=0.384, climate=0.780

=== Initializing Government System (30 Countries) ===
  Loaded 30 governments
  Scheduled elections for 30 countries
  Initialized comprehension lags (3-24 months)
=== Government System Initialized ===

📦 PRODUCTION MODE: State validation proxy DISABLED (zero overhead)

🚨🔍 GOVERNANCE STAGE: Recognition initiated (Month 12)
  ✅ THRESHOLDS validated
  ✅ RATES validated
  ✅ MULTIPLIERS validated
  ✅ BASELINES validated
  ✅ TOLERANCES validated
  ✅ Logical consistency validated
✅ Configuration validation complete - all parameters valid

⚠️ Unusually high rate: RATES.HEAT_ADAPTATION_INFRASTRUCTURAL_MIN_EXPOSURE = 12
   Monthly rates >100% should be rare. Verify this is intentional.
⚠️ Unusually high rate: RATES.HEAT_ADAPTATION_SOCIAL_MIN_EXPOSURE = 6
   Monthly rates >100% should be rare. Verify this is intentional.
⚠️ Unusually high rate: RATES.MIGRATION_DISTANCE_SCALE = 5000
   Monthly rates >100% should be rare. Verify this is intentional.
⚠️ Unusually high rate: RATES.EVACUATION_MULTIPLIER_ADVANCE_WARNING = 2
   Monthly rates >100% should be rare. Verify this is intentional.
⚠️ Unusually high rate: RATES.MAJOR_ECONOMY_COLLAPSE_ECONOMIC_THRESHOLD = 2
   Monthly rates >100% should be rare. Verify this is intentional.
⚠️ Unusually high rate: RATES.MAJOR_ECONOMY_GDP_THRESHOLD_TRILLION_USD = 1.5
   Monthly rates >100% should be rare. Verify this is intentional.
⚠️ Unusually high rate: RATES.MAJOR_ECONOMY_POPULATION_THRESHOLD = 50
   Monthly rates >100% should be rare. Verify this is intentional.
⚠️ Unusually high rate: RATES.HEAT_ADAPTATION_INFRASTRUCTURE_GDP_THRESHOLD = 10000
   Monthly rates >100% should be rare. Verify this is intentional.
⚠️ Unusually high rate: RATES.HEAT_ADAPTATION_INFRASTRUCTURE_GDP_SCALE = 50000
   Monthly rates >100% should be rare. Verify this is intentional.
🔍 DEBUG createAIAgent: corporate_0 economic BEFORE=2.0000, AFTER=2
🔍 ENV INIT: reserves=0.638, pollution=0.384, climate=0.780

=== Initializing Government System (30 Countries) ===
  Loaded 30 governments
  Scheduled elections for 30 countries
  Initialized comprehension lags (3-24 months)
=== Government System Initialized ===

📦 PRODUCTION MODE: State validation proxy DISABLED (zero overhead)

🚨🔍 GOVERNANCE STAGE: Recognition initiated (Month 12)
✓ Phase produces consistent results (no randomness)
  ✅ THRESHOLDS validated
⚠️ Unusually high rate: RATES.HEAT_ADAPTATION_INFRASTRUCTURAL_MIN_EXPOSURE = 12
   Monthly rates >100% should be rare. Verify this is intentional.
⚠️ Unusually high rate: RATES.HEAT_ADAPTATION_SOCIAL_MIN_EXPOSURE = 6
   Monthly rates >100% should be rare. Verify this is intentional.
⚠️ Unusually high rate: RATES.MIGRATION_DISTANCE_SCALE = 5000
   Monthly rates >100% should be rare. Verify this is intentional.
⚠️ Unusually high rate: RATES.EVACUATION_MULTIPLIER_ADVANCE_WARNING = 2
   Monthly rates >100% should be rare. Verify this is intentional.
⚠️ Unusually high rate: RATES.MAJOR_ECONOMY_COLLAPSE_ECONOMIC_THRESHOLD = 2
   Monthly rates >100% should be rare. Verify this is intentional.
⚠️ Unusually high rate: RATES.MAJOR_ECONOMY_GDP_THRESHOLD_TRILLION_USD = 1.5
   Monthly rates >100% should be rare. Verify this is intentional.
⚠️ Unusually high rate: RATES.MAJOR_ECONOMY_POPULATION_THRESHOLD = 50
   Monthly rates >100% should be rare. Verify this is intentional.
⚠️ Unusually high rate: RATES.HEAT_ADAPTATION_INFRASTRUCTURE_GDP_THRESHOLD = 10000
   Monthly rates >100% should be rare. Verify this is intentional.
⚠️ Unusually high rate: RATES.HEAT_ADAPTATION_INFRASTRUCTURE_GDP_SCALE = 50000
   Monthly rates >100% should be rare. Verify this is intentional.
  ✅ RATES validated
  ✅ MULTIPLIERS validated
  ✅ BASELINES validated
  ✅ TOLERANCES validated
  ✅ Logical consistency validated
✅ Configuration validation complete - all parameters valid

🔍 DEBUG createAIAgent: corporate_0 economic BEFORE=2.0000, AFTER=2
🔍 ENV INIT: reserves=0.638, pollution=0.384, climate=0.780

=== Initializing Government System (30 Countries) ===
  Loaded 30 governments
  Scheduled elections for 30 countries
  Initialized comprehension lags (3-24 months)
=== Government System Initialized ===

📦 PRODUCTION MODE: State validation proxy DISABLED (zero overhead)

🚨🔍 GOVERNANCE STAGE: Recognition initiated (Month 12)
  ✅ THRESHOLDS validated
⚠️ Unusually high rate: RATES.HEAT_ADAPTATION_INFRASTRUCTURAL_MIN_EXPOSURE = 12
   Monthly rates >100% should be rare. Verify this is intentional.
⚠️ Unusually high rate: RATES.HEAT_ADAPTATION_SOCIAL_MIN_EXPOSURE = 6
   Monthly rates >100% should be rare. Verify this is intentional.
⚠️ Unusually high rate: RATES.MIGRATION_DISTANCE_SCALE = 5000
   Monthly rates >100% should be rare. Verify this is intentional.
⚠️ Unusually high rate: RATES.EVACUATION_MULTIPLIER_ADVANCE_WARNING = 2
   Monthly rates >100% should be rare. Verify this is intentional.
⚠️ Unusually high rate: RATES.MAJOR_ECONOMY_COLLAPSE_ECONOMIC_THRESHOLD = 2
   Monthly rates >100% should be rare. Verify this is intentional.
⚠️ Unusually high rate: RATES.MAJOR_ECONOMY_GDP_THRESHOLD_TRILLION_USD = 1.5
   Monthly rates >100% should be rare. Verify this is intentional.
⚠️ Unusually high rate: RATES.MAJOR_ECONOMY_POPULATION_THRESHOLD = 50
   Monthly rates >100% should be rare. Verify this is intentional.
⚠️ Unusually high rate: RATES.HEAT_ADAPTATION_INFRASTRUCTURE_GDP_THRESHOLD = 10000
   Monthly rates >100% should be rare. Verify this is intentional.
⚠️ Unusually high rate: RATES.HEAT_ADAPTATION_INFRASTRUCTURE_GDP_SCALE = 50000
   Monthly rates >100% should be rare. Verify this is intentional.
  ✅ RATES validated
  ✅ MULTIPLIERS validated
  ✅ BASELINES validated
  ✅ TOLERANCES validated
  ✅ Logical consistency validated
✅ Configuration validation complete - all parameters valid

🔍 DEBUG createAIAgent: corporate_0 economic BEFORE=2.0000, AFTER=2
🔍 ENV INIT: reserves=0.638, pollution=0.384, climate=0.780

=== Initializing Government System (30 Countries) ===
  Loaded 30 governments
  Scheduled elections for 30 countries
  Initialized comprehension lags (3-24 months)
=== Government System Initialized ===

📦 PRODUCTION MODE: State validation proxy DISABLED (zero overhead)

🚨🔍 GOVERNANCE STAGE: Recognition initiated (Month 12)
✓ Phase maintains determinism across multiple steps
  ✅ THRESHOLDS validated
⚠️ Unusually high rate: RATES.HEAT_ADAPTATION_INFRASTRUCTURAL_MIN_EXPOSURE = 12
   Monthly rates >100% should be rare. Verify this is intentional.
⚠️ Unusually high rate: RATES.HEAT_ADAPTATION_SOCIAL_MIN_EXPOSURE = 6
   Monthly rates >100% should be rare. Verify this is intentional.
⚠️ Unusually high rate: RATES.MIGRATION_DISTANCE_SCALE = 5000
   Monthly rates >100% should be rare. Verify this is intentional.
⚠️ Unusually high rate: RATES.EVACUATION_MULTIPLIER_ADVANCE_WARNING = 2
   Monthly rates >100% should be rare. Verify this is intentional.
⚠️ Unusually high rate: RATES.MAJOR_ECONOMY_COLLAPSE_ECONOMIC_THRESHOLD = 2
   Monthly rates >100% should be rare. Verify this is intentional.
⚠️ Unusually high rate: RATES.MAJOR_ECONOMY_GDP_THRESHOLD_TRILLION_USD = 1.5
   Monthly rates >100% should be rare. Verify this is intentional.
⚠️ Unusually high rate: RATES.MAJOR_ECONOMY_POPULATION_THRESHOLD = 50
   Monthly rates >100% should be rare. Verify this is intentional.
⚠️ Unusually high rate: RATES.HEAT_ADAPTATION_INFRASTRUCTURE_GDP_THRESHOLD = 10000
   Monthly rates >100% should be rare. Verify this is intentional.
⚠️ Unusually high rate: RATES.HEAT_ADAPTATION_INFRASTRUCTURE_GDP_SCALE = 50000
   Monthly rates >100% should be rare. Verify this is intentional.
  ✅ RATES validated
  ✅ MULTIPLIERS validated
  ✅ BASELINES validated
  ✅ TOLERANCES validated
  ✅ Logical consistency validated
✅ Configuration validation complete - all parameters valid

🔍 DEBUG createAIAgent: corporate_0 economic BEFORE=2.0000, AFTER=2
🔍 ENV INIT: reserves=0.638, pollution=0.384, climate=0.780

=== Initializing Government System (30 Countries) ===
  Loaded 30 governments
  Scheduled elections for 30 countries
  Initialized comprehension lags (3-24 months)
=== Government System Initialized ===

📦 PRODUCTION MODE: State validation proxy DISABLED (zero overhead)
✓ Sylvia 70% coordination cap enforced (got 50.0%)
  ✅ THRESHOLDS validated
  ✅ RATES validated
  ✅ MULTIPLIERS validated
  ✅ BASELINES validated
⚠️ Unusually high rate: RATES.HEAT_ADAPTATION_INFRASTRUCTURAL_MIN_EXPOSURE = 12
   Monthly rates >100% should be rare. Verify this is intentional.
⚠️ Unusually high rate: RATES.HEAT_ADAPTATION_SOCIAL_MIN_EXPOSURE = 6
   Monthly rates >100% should be rare. Verify this is intentional.
⚠️ Unusually high rate: RATES.MIGRATION_DISTANCE_SCALE = 5000
   Monthly rates >100% should be rare. Verify this is intentional.
⚠️ Unusually high rate: RATES.EVACUATION_MULTIPLIER_ADVANCE_WARNING = 2
   Monthly rates >100% should be rare. Verify this is intentional.
⚠️ Unusually high rate: RATES.MAJOR_ECONOMY_COLLAPSE_ECONOMIC_THRESHOLD = 2
   Monthly rates >100% should be rare. Verify this is intentional.
⚠️ Unusually high rate: RATES.MAJOR_ECONOMY_GDP_THRESHOLD_TRILLION_USD = 1.5
   Monthly rates >100% should be rare. Verify this is intentional.
⚠️ Unusually high rate: RATES.MAJOR_ECONOMY_POPULATION_THRESHOLD = 50
   Monthly rates >100% should be rare. Verify this is intentional.
⚠️ Unusually high rate: RATES.HEAT_ADAPTATION_INFRASTRUCTURE_GDP_THRESHOLD = 10000
   Monthly rates >100% should be rare. Verify this is intentional.
⚠️ Unusually high rate: RATES.HEAT_ADAPTATION_INFRASTRUCTURE_GDP_SCALE = 50000
   Monthly rates >100% should be rare. Verify this is intentional.
  ✅ TOLERANCES validated
  ✅ Logical consistency validated
✅ Configuration validation complete - all parameters valid

🔍 DEBUG createAIAgent: corporate_0 economic BEFORE=2.0000, AFTER=2
🔍 ENV INIT: reserves=0.638, pollution=0.384, climate=0.780

=== Initializing Government System (30 Countries) ===
  Loaded 30 governments
  Scheduled elections for 30 countries
  Initialized comprehension lags (3-24 months)
=== Government System Initialized ===

📦 PRODUCTION MODE: State validation proxy DISABLED (zero overhead)

🚨🔍 GOVERNANCE STAGE: Recognition initiated (Month 12)
✓ Deployment speed capped at 30%/year (got 5.0%)
  ✅ THRESHOLDS validated
⚠️ Unusually high rate: RATES.HEAT_ADAPTATION_INFRASTRUCTURAL_MIN_EXPOSURE = 12
   Monthly rates >100% should be rare. Verify this is intentional.
⚠️ Unusually high rate: RATES.HEAT_ADAPTATION_SOCIAL_MIN_EXPOSURE = 6
   Monthly rates >100% should be rare. Verify this is intentional.
⚠️ Unusually high rate: RATES.MIGRATION_DISTANCE_SCALE = 5000
   Monthly rates >100% should be rare. Verify this is intentional.
⚠️ Unusually high rate: RATES.EVACUATION_MULTIPLIER_ADVANCE_WARNING = 2
   Monthly rates >100% should be rare. Verify this is intentional.
⚠️ Unusually high rate: RATES.MAJOR_ECONOMY_COLLAPSE_ECONOMIC_THRESHOLD = 2
   Monthly rates >100% should be rare. Verify this is intentional.
⚠️ Unusually high rate: RATES.MAJOR_ECONOMY_GDP_THRESHOLD_TRILLION_USD = 1.5
   Monthly rates >100% should be rare. Verify this is intentional.
⚠️ Unusually high rate: RATES.MAJOR_ECONOMY_POPULATION_THRESHOLD = 50
   Monthly rates >100% should be rare. Verify this is intentional.
⚠️ Unusually high rate: RATES.HEAT_ADAPTATION_INFRASTRUCTURE_GDP_THRESHOLD = 10000
   Monthly rates >100% should be rare. Verify this is intentional.
⚠️ Unusually high rate: RATES.HEAT_ADAPTATION_INFRASTRUCTURE_GDP_SCALE = 50000
   Monthly rates >100% should be rare. Verify this is intentional.
  ✅ RATES validated
  ✅ MULTIPLIERS validated
  ✅ BASELINES validated
  ✅ TOLERANCES validated
  ✅ Logical consistency validated
✅ Configuration validation complete - all parameters valid

🔍 DEBUG createAIAgent: corporate_0 economic BEFORE=2.0000, AFTER=2
🔍 ENV INIT: reserves=0.638, pollution=0.384, climate=0.780

=== Initializing Government System (30 Countries) ===
  Loaded 30 governments
  Scheduled elections for 30 countries
  Initialized comprehension lags (3-24 months)
=== Government System Initialized ===

📦 PRODUCTION MODE: State validation proxy DISABLED (zero overhead)

🚨🔍 GOVERNANCE STAGE: Recognition initiated (Month 12)
✓ Mortality mechanism breakdown is comprehensive
✔ CoordinatedDeploymentPhase: handles initialized state correctly (106.345741ms)
✔ CoordinatedDeploymentPhase: fails loudly if state missing after bootstrap (16.691738ms)
✔ CoordinatedDeploymentPhase: skips execution during bootstrap (month 0-1) (15.615989ms)
✔ CoordinatedDeploymentPhase: reads AI capabilities correctly (15.361609ms)
✔ CoordinatedDeploymentPhase: reads government capacity correctly (45.917605ms)
✔ CoordinatedDeploymentPhase: reads human population correctly (20.409598ms)
✔ CoordinatedDeploymentPhase: writes deployment progress correctly (10.526999ms)
✔ CoordinatedDeploymentPhase: validates probability ranges with assertions (11.034019ms)
✔ CoordinatedDeploymentPhase: accumulates cumulative deaths correctly (14.418449ms)
✔ CoordinatedDeploymentPhase: handles zero AI agents gracefully (12.200859ms)
✔ CoordinatedDeploymentPhase: handles AI agents without deployed state (10.519319ms)
✔ CoordinatedDeploymentPhase: handles zero government capability (21.642708ms)
✔ CoordinatedDeploymentPhase: handles very low population (18.175908ms)
✔ CoordinatedDeploymentPhase: enforces minimum population floor (38.013347ms)
✔ CoordinatedDeploymentPhase: handles maximum economic transition stage (15.699549ms)
✔ CoordinatedDeploymentPhase: integrates correctly in simulation step sequence (5.857539ms)
✔ CoordinatedDeploymentPhase: produces crisis events for high mortality (6.28121ms)
✔ CoordinatedDeploymentPhase: does not corrupt unrelated state (19.844808ms)
✔ CoordinatedDeploymentPhase: produces deterministic results with same seed (15.592468ms)
✔ CoordinatedDeploymentPhase: produces consistent results (no randomness) (23.360677ms)
✔ CoordinatedDeploymentPhase: maintains determinism across multiple steps (23.300808ms)
✔ CoordinatedDeploymentPhase: enforces Sylvia 70% coordination cap (9.594069ms)
✔ CoordinatedDeploymentPhase: deployment speed caps at 30% (shock therapy threshold) (7.436709ms)
✔ CoordinatedDeploymentPhase: mortality mechanism breakdown is comprehensive (14.427539ms)

=== Initializing Government System (30 Countries) ===
  Loaded 30 governments
  Scheduled elections for 30 countries
  Initialized comprehension lags (3-24 months)
=== Government System Initialized ===

✓ Government system initialized with 30 countries
  ✅ THRESHOLDS validated
⚠️ Unusually high rate: RATES.HEAT_ADAPTATION_INFRASTRUCTURAL_MIN_EXPOSURE = 12
   Monthly rates >100% should be rare. Verify this is intentional.
⚠️ Unusually high rate: RATES.HEAT_ADAPTATION_SOCIAL_MIN_EXPOSURE = 6
   Monthly rates >100% should be rare. Verify this is intentional.
⚠️ Unusually high rate: RATES.MIGRATION_DISTANCE_SCALE = 5000
   Monthly rates >100% should be rare. Verify this is intentional.
⚠️ Unusually high rate: RATES.EVACUATION_MULTIPLIER_ADVANCE_WARNING = 2
   Monthly rates >100% should be rare. Verify this is intentional.
⚠️ Unusually high rate: RATES.MAJOR_ECONOMY_COLLAPSE_ECONOMIC_THRESHOLD = 2
   Monthly rates >100% should be rare. Verify this is intentional.
⚠️ Unusually high rate: RATES.MAJOR_ECONOMY_GDP_THRESHOLD_TRILLION_USD = 1.5
   Monthly rates >100% should be rare. Verify this is intentional.
⚠️ Unusually high rate: RATES.MAJOR_ECONOMY_POPULATION_THRESHOLD = 50
   Monthly rates >100% should be rare. Verify this is intentional.
⚠️ Unusually high rate: RATES.HEAT_ADAPTATION_INFRASTRUCTURE_GDP_THRESHOLD = 10000
   Monthly rates >100% should be rare. Verify this is intentional.
⚠️ Unusually high rate: RATES.HEAT_ADAPTATION_INFRASTRUCTURE_GDP_SCALE = 50000
   Monthly rates >100% should be rare. Verify this is intentional.
  ✅ RATES validated
  ✅ MULTIPLIERS validated
  ✅ BASELINES validated
  ✅ TOLERANCES validated
  ✅ Logical consistency validated
✅ Configuration validation complete - all parameters valid

🔍 DEBUG createAIAgent: corporate_0 economic BEFORE=2.0000, AFTER=2
🔍 ENV INIT: reserves=0.650, pollution=0.300, climate=0.750

=== Initializing Government System (30 Countries) ===
  Loaded 30 governments
  Scheduled elections for 30 countries
  Initialized comprehension lags (3-24 months)
=== Government System Initialized ===

📦 PRODUCTION MODE: State validation proxy DISABLED (zero overhead)
✓ Government system integrated with GameState

=== Initializing Government System (30 Countries) ===
  Loaded 30 governments
  Scheduled elections for 30 countries
  Initialized comprehension lags (3-24 months)
=== Government System Initialized ===

✓ Public opinion initialized for all countries

=== Initializing Government System (30 Countries) ===
  Loaded 30 governments
  Scheduled elections for 30 countries
  Initialized comprehension lags (3-24 months)
=== Government System Initialized ===

✓ Elections scheduled for all countries

=== Initializing Government System (30 Countries) ===
  Loaded 30 governments
  Scheduled elections for 30 countries
  Initialized comprehension lags (3-24 months)
=== Government System Initialized ===

✓ AI comprehension lag initialized for all countries

=== Initializing Government System (30 Countries) ===
  Loaded 30 governments
  Scheduled elections for 30 countries
  Initialized comprehension lags (3-24 months)
=== Government System Initialized ===

✓ International coordination initialized
✔ Government system initializes with 30 countries (5.447899ms)
✔ Government system integrates with GameState (97.125472ms)
✔ Government system has public opinion initialized (1.42086ms)
✔ Government system has election schedule initialized (1.05845ms)
✔ Government system has AI comprehension lag initialized (1.60507ms)
✔ Government system has international coordination metric (0.639909ms)
[Test] Skipping integration test in non-browser environment
[Test] Skipping integration test in non-browser environment
[Test] Skipping pagination test in non-browser environment
▶ LLM Logging Pipeline Integration
  ▶ Full logging pipeline
    ✔ should log LLM inference and store in IndexedDB (2.63421ms)
    ✔ should handle error logging with fallback flag (0.97493ms)
  ✔ Full logging pipeline (4.9834ms)
  ▶ Log retrieval and pagination
    ✔ should retrieve logs with correct pagination (0.94903ms)
  ✔ Log retrieval and pagination (1.10309ms)
✔ LLM Logging Pipeline Integration (7.052049ms)
⚠️ EnergyBudgetPhase not enabled in applyEnergyConstrainedCleanup, assuming full energy availability
⚠️ EnergyBudgetPhase not enabled in applyEnergyConstrainedCleanup, assuming full energy availability
  🧪 PFAS Remediation:
    Concentration Factor: 2.24%
    Energy Factor: 66.14%
    Gross → Net: 1.04% → 0.59%
    ⚠️ Rebound: -0.44%
⚠️ EnergyBudgetPhase not enabled in applyEnergyConstrainedCleanup, assuming full energy availability
⚠️ EnergyBudgetPhase not enabled in applyEnergyConstrainedCleanup, assuming full energy availability
  🧪 Microplastic Capture:
    Concentration Factor: 3.16%
    Energy Factor: 100.00%
    Gross → Net: 1.26% → 0.73%
    ⚠️ Rebound: -0.54%
⚠️ EnergyBudgetPhase not enabled in applyEnergyConstrainedCleanup, assuming full energy availability
  🧪 PFAS Remediation:
    Concentration Factor: 2.24%
    Energy Factor: 66.14%
    Gross → Net: 1.04% → 0.59%
    ⚠️ Rebound: -0.44%
⚠️ EnergyBudgetPhase not enabled in applyEnergyConstrainedCleanup, assuming full energy availability
  🧪 PFAS Remediation:
    Concentration Factor: 2.24%
    Energy Factor: 100.00%
    Gross → Net: 1.57% → 0.90%
    ⚠️ Rebound: -0.67%
⚠️ EnergyBudgetPhase not enabled in applyEnergyConstrainedCleanup, assuming full energy availability
  🧪 PFAS Remediation:
    Concentration Factor: 2.24%
    Energy Factor: 100.00%
    Gross → Net: 1.57% → 0.90%
    ⚠️ Rebound: -0.67%
  🧪 Microplastic Capture:
    Concentration Factor: 3.16%
    Energy Factor: 100.00%
    Gross → Net: 1.26% → 1.00%
    ⚠️ Rebound: -0.27%
  🧪 PFAS Remediation:
    Concentration Factor: 2.24%
    Energy Factor: 100.00%
    Gross → Net: 1.57% → 1.15%
    ⚠️ Rebound: -0.42%
  🧪 Microplastic Capture:
    Concentration Factor: 3.16%
    Energy Factor: 100.00%
    Gross → Net: 1.26% → 1.16%
⚠️ EnergyBudgetPhase not enabled in applyEnergyConstrainedCleanup, assuming full energy availability
⚠️ EnergyBudgetPhase not enabled in applyEnergyConstrainedCleanup, assuming full energy availability
⚠️ EnergyBudgetPhase not enabled in applyEnergyConstrainedCleanup, assuming full energy availability
    ⚠️ Rebound: -0.10%
⚠️ EnergyBudgetPhase not enabled in applyEnergyConstrainedCleanup, assuming full energy availability
  🧪 PFAS Remediation:
    Concentration Factor: 2.24%
    Energy Factor: 100.00%
    Gross → Net: 1.57% → 1.19%
    ⚠️ Rebound: -0.37%
⚠️ EnergyBudgetPhase not enabled in applyEnergyConstrainedCleanup, assuming full energy availability
  🧪 Microplastic Capture:
    Concentration Factor: 3.16%
    Energy Factor: 100.00%
    Gross → Net: 1.26% → 0.72%
    ⚠️ Rebound: -0.55%
  🧪 PFAS Remediation:
    Concentration Factor: 2.24%
    Energy Factor: 100.00%
    Gross → Net: 1.57% → 1.33%
    ⚠️ Rebound: -0.24%
  🧪 Microplastic Capture:
    Concentration Factor: 3.16%
    Energy Factor: 100.00%
    Gross → Net: 1.26% → 0.91%
    ⚠️ Rebound: -0.36%
  🧪 PFAS Remediation:
    Concentration Factor: 2.24%
    Energy Factor: 100.00%
    Gross → Net: 1.57% → 0.98%
    ⚠️ Rebound: -0.59%
  🧪 Microplastic Capture:
    Concentration Factor: 3.16%
    Energy Factor: 100.00%
    Gross → Net: 1.26% → 0.95%
    ⚠️ Rebound: -0.31%
⚠️ EnergyBudgetPhase not enabled in applyEnergyConstrainedCleanup, assuming full energy availability
⚠️ EnergyBudgetPhase not enabled in applyEnergyConstrainedCleanup, assuming full energy availability
⚠️ EnergyBudgetPhase not enabled in applyEnergyConstrainedCleanup, assuming full energy availability
⚠️ EnergyBudgetPhase not enabled in applyEnergyConstrainedCleanup, assuming full energy availability
⚠️ EnergyBudgetPhase not enabled in applyEnergyConstrainedCleanup, assuming full energy availability
  🧪 PFAS Remediation:
    Concentration Factor: 2.24%
    Energy Factor: 100.00%
    Gross → Net: 1.57% → 1.24%
    ⚠️ Rebound: -0.33%
⚠️ EnergyBudgetPhase not enabled in applyEnergyConstrainedCleanup, assuming full energy availability
  🧪 Microplastic Capture:
    Concentration Factor: 3.16%
    Energy Factor: 100.00%
    Gross → Net: 1.26% → 1.18%
    ⚠️ Rebound: -0.09%
⚠️ EnergyBudgetPhase not enabled in applyEnergyConstrainedCleanup, assuming full energy availability
⚠️ EnergyBudgetPhase not enabled in applyEnergyConstrainedCleanup, assuming full energy availability
⚠️ EnergyBudgetPhase not enabled in applyEnergyConstrainedCleanup, assuming full energy availability
⚠️ EnergyBudgetPhase not enabled in applyEnergyConstrainedCleanup, assuming full energy availability
⚠️ EnergyBudgetPhase not enabled in applyEnergyConstrainedCleanup, assuming full energy availability
⚠️ EnergyBudgetPhase not enabled in applyEnergyConstrainedCleanup, assuming full energy availability
⚠️ EnergyBudgetPhase not enabled in applyEnergyConstrainedCleanup, assuming full energy availability
⚠️ EnergyBudgetPhase not enabled in applyEnergyConstrainedCleanup, assuming full energy availability
⚠️ EnergyBudgetPhase not enabled in applyEnergyConstrainedCleanup, assuming full energy availability
  🧪 PFAS Remediation:
    Concentration Factor: 2.24%
    Energy Factor: 100.00%
    Gross → Net: 1.57% → 1.25%
    ⚠️ Rebound: -0.31%
  🧪 Microplastic Capture:
    Concentration Factor: 3.16%
    Energy Factor: 100.00%
    Gross → Net: 1.26% → 0.76%
    ⚠️ Rebound: -0.50%
  🧪 PFAS Remediation:
    Concentration Factor: 2.24%
    Energy Factor: 100.00%
    Gross → Net: 1.57% → 1.31%
    ⚠️ Rebound: -0.25%
  🧪 Microplastic Capture:
    Concentration Factor: 3.16%
    Energy Factor: 100.00%
    Gross → Net: 1.26% → 1.11%
    ⚠️ Rebound: -0.15%
  🧪 PFAS Remediation:
    Concentration Factor: 2.24%
    Energy Factor: 100.00%
    Gross → Net: 1.57% → 0.88%
    ⚠️ Rebound: -0.68%
  🧪 Microplastic Capture:
    Concentration Factor: 3.16%
    Energy Factor: 100.00%
    Gross → Net: 1.26% → 1.15%
    ⚠️ Rebound: -0.11%
  🧪 PFAS Remediation:
    Concentration Factor: 2.24%
    Energy Factor: 100.00%
    Gross → Net: 1.57% → 1.32%
    ⚠️ Rebound: -0.24%
  🧪 Microplastic Capture:
    Concentration Factor: 3.16%
    Energy Factor: 100.00%
    Gross → Net: 1.26% → 1.04%
    ⚠️ Rebound: -0.23%
  🧪 PFAS Remediation:
    Concentration Factor: 2.24%
    Energy Factor: 100.00%
    Gross → Net: 1.57% → 1.15%
    ⚠️ Rebound: -0.41%
⚠️ EnergyBudgetPhase not enabled in applyEnergyConstrainedCleanup, assuming full energy availability
  🧪 Microplastic Capture:
    Concentration Factor: 3.16%
    Energy Factor: 100.00%
    Gross → Net: 1.26% → 0.80%
    ⚠️ Rebound: -0.46%
⚠️ EnergyBudgetPhase not enabled in applyEnergyConstrainedCleanup, assuming full energy availability
  🧪 PFAS Remediation:
    Concentration Factor: 2.24%
    Energy Factor: 100.00%
    Gross → Net: 1.57% → 0.97%
    ⚠️ Rebound: -0.59%
⚠️ EnergyBudgetPhase not enabled in applyEnergyConstrainedCleanup, assuming full energy availability
  🧪 Microplastic Capture:
    Concentration Factor: 3.16%
    Energy Factor: 100.00%
    Gross → Net: 1.26% → 1.08%
    ⚠️ Rebound: -0.18%
⚠️ EnergyBudgetPhase not enabled in applyEnergyConstrainedCleanup, assuming full energy availability
  🧪 PFAS Remediation:
    Concentration Factor: 2.24%
    Energy Factor: 100.00%
    Gross → Net: 1.57% → 0.90%
    ⚠️ Rebound: -0.67%
  🧪 Microplastic Capture:
    Concentration Factor: 3.16%
⚠️ EnergyBudgetPhase not enabled in applyEnergyConstrainedCleanup, assuming full energy availability
    Energy Factor: 100.00%
    Gross → Net: 1.26% → 1.00%
    ⚠️ Rebound: -0.27%
⚠️ EnergyBudgetPhase not enabled in applyEnergyConstrainedCleanup, assuming full energy availability
⚠️ EnergyBudgetPhase not enabled in applyEnergyConstrainedCleanup, assuming full energy availability
⚠️ EnergyBudgetPhase not enabled in applyEnergyConstrainedCleanup, assuming full energy availability
⚠️ EnergyBudgetPhase not enabled in applyEnergyConstrainedCleanup, assuming full energy availability
  🧪 PFAS Remediation:
    Concentration Factor: 2.24%
    Energy Factor: 100.00%
    Gross → Net: 1.57% → 1.15%
    ⚠️ Rebound: -0.42%
  🧪 Microplastic Capture:
    Concentration Factor: 3.16%
    Energy Factor: 100.00%
    Gross → Net: 1.26% → 1.16%
    ⚠️ Rebound: -0.10%
  🧪 PFAS Remediation:
    Concentration Factor: 2.24%
    Energy Factor: 100.00%
    Gross → Net: 1.57% → 1.19%
    ⚠️ Rebound: -0.37%
  🧪 Microplastic Capture:
    Concentration Factor: 3.16%
    Energy Factor: 100.00%
    Gross → Net: 1.26% → 0.72%
    ⚠️ Rebound: -0.55%
  🧪 PFAS Remediation:
    Concentration Factor: 2.24%
    Energy Factor: 100.00%
    Gross → Net: 1.57% → 1.33%
    ⚠️ Rebound: -0.24%
  🧪 Microplastic Capture:
    Concentration Factor: 3.16%
    Energy Factor: 100.00%
    Gross → Net: 1.26% → 0.91%
    ⚠️ Rebound: -0.36%
  🧪 PFAS Remediation:
    Concentration Factor: 2.24%
    Energy Factor: 100.00%
    Gross → Net: 1.57% → 0.98%
    ⚠️ Rebound: -0.59%
  🧪 Microplastic Capture:
    Concentration Factor: 3.16%
    Energy Factor: 100.00%
    Gross → Net: 1.26% → 0.95%
    ⚠️ Rebound: -0.31%
  🧪 PFAS Remediation:
    Concentration Factor: 2.24%
    Energy Factor: 100.00%
    Gross → Net: 1.57% → 1.24%
    ⚠️ Rebound: -0.33%
  🧪 Microplastic Capture:
    Concentration Factor: 3.16%
    Energy Factor: 100.00%
    Gross → Net: 1.26% → 1.18%
    ⚠️ Rebound: -0.09%
  🧪 PFAS Remediation:
    Concentration Factor: 2.24%
    Energy Factor: 100.00%
    Gross → Net: 1.57% → 1.25%
    ⚠️ Rebound: -0.31%
  🧪 Microplastic Capture:
    Concentration Factor: 3.16%
    Energy Factor: 100.00%
    Gross → Net: 1.26% → 0.76%
    ⚠️ Rebound: -0.50%
  🧪 PFAS Remediation:
    Concentration Factor: 2.24%
    Energy Factor: 100.00%
    Gross → Net: 1.57% → 1.31%
    ⚠️ Rebound: -0.25%
  🧪 Microplastic Capture:
    Concentration Factor: 3.16%
    Energy Factor: 100.00%
    Gross → Net: 1.26% → 1.11%
    ⚠️ Rebound: -0.15%
  🧪 PFAS Remediation:
    Concentration Factor: 2.24%
    Energy Factor: 100.00%
    Gross → Net: 1.57% → 0.88%
    ⚠️ Rebound: -0.68%
  🧪 Microplastic Capture:
    Concentration Factor: 3.16%
    Energy Factor: 100.00%
    Gross → Net: 1.26% → 1.15%
⚠️ EnergyBudgetPhase not enabled in applyEnergyConstrainedCleanup, assuming full energy availability
⚠️ EnergyBudgetPhase not enabled in applyEnergyConstrainedCleanup, assuming full energy availability
⚠️ EnergyBudgetPhase not enabled in applyEnergyConstrainedCleanup, assuming full energy availability
⚠️ EnergyBudgetPhase not enabled in applyEnergyConstrainedCleanup, assuming full energy availability
⚠️ EnergyBudgetPhase not enabled in applyEnergyConstrainedCleanup, assuming full energy availability
⚠️ EnergyBudgetPhase not enabled in applyEnergyConstrainedCleanup, assuming full energy availability
⚠️ EnergyBudgetPhase not enabled in applyEnergyConstrainedCleanup, assuming full energy availability
⚠️ EnergyBudgetPhase not enabled in applyEnergyConstrainedCleanup, assuming full energy availability
⚠️ EnergyBudgetPhase not enabled in applyEnergyConstrainedCleanup, assuming full energy availability
⚠️ EnergyBudgetPhase not enabled in applyEnergyConstrainedCleanup, assuming full energy availability
⚠️ EnergyBudgetPhase not enabled in applyEnergyConstrainedCleanup, assuming full energy availability
⚠️ EnergyBudgetPhase not enabled in applyEnergyConstrainedCleanup, assuming full energy availability
    ⚠️ Rebound: -0.11%
  🧪 PFAS Remediation:
    Concentration Factor: 2.24%
    Energy Factor: 100.00%
    Gross → Net: 1.57% → 1.32%
    ⚠️ Rebound: -0.24%
  🧪 Microplastic Capture:
    Concentration Factor: 3.16%
    Energy Factor: 100.00%
    Gross → Net: 1.26% → 1.04%
    ⚠️ Rebound: -0.23%
  🧪 PFAS Remediation:
    Concentration Factor: 2.24%
    Energy Factor: 100.00%
    Gross → Net: 1.57% → 1.15%
    ⚠️ Rebound: -0.41%
  🧪 Microplastic Capture:
⚠️ EnergyBudgetPhase not enabled in applyEnergyConstrainedCleanup, assuming full energy availability
⚠️ EnergyBudgetPhase not enabled in applyEnergyConstrainedCleanup, assuming full energy availability
⚠️ EnergyBudgetPhase not enabled in applyEnergyConstrainedCleanup, assuming full energy availability
⚠️ EnergyBudgetPhase not enabled in applyEnergyConstrainedCleanup, assuming full energy availability
    Concentration Factor: 3.16%
    Energy Factor: 100.00%
    Gross → Net: 1.26% → 0.80%
    ⚠️ Rebound: -0.46%
  🧪 PFAS Remediation:
    Concentration Factor: 2.24%
    Energy Factor: 100.00%
    Gross → Net: 1.57% → 0.97%
    ⚠️ Rebound: -0.59%
  🧪 Microplastic Capture:
    Concentration Factor: 3.16%
    Energy Factor: 100.00%
    Gross → Net: 1.26% → 1.08%
    ⚠️ Rebound: -0.18%
  🧪 PFAS Remediation:
⚠️ EnergyBudgetPhase not enabled in applyEnergyConstrainedCleanup, assuming full energy availability
⚠️ EnergyBudgetPhase not enabled in applyEnergyConstrainedCleanup, assuming full energy availability
⚠️ EnergyBudgetPhase not enabled in applyEnergyConstrainedCleanup, assuming full energy availability
    Concentration Factor: 2.24%
    Energy Factor: 100.00%
    Gross → Net: 1.57% → 1.36%
    ⚠️ Rebound: -0.21%
⚠️ EnergyBudgetPhase not enabled in applyEnergyConstrainedCleanup, assuming full energy availability
  🧪 Microplastic Capture:
    Concentration Factor: 3.16%
    Energy Factor: 100.00%
    Gross → Net: 1.26% → 0.71%
    ⚠️ Rebound: -0.55%
  🧪 PFAS Remediation:
    Concentration Factor: 2.24%
    Energy Factor: 100.00%
    Gross → Net: 1.57% → 1.34%
    ⚠️ Rebound: -0.23%
  🧪 Microplastic Capture:
    Concentration Factor: 3.16%
    Energy Factor: 100.00%
    Gross → Net: 1.26% → 0.79%
    ⚠️ Rebound: -0.48%
  🧪 PFAS Remediation:
    Concentration Factor: 2.24%
    Energy Factor: 100.00%
    Gross → Net: 1.57% → 0.80%
    ⚠️ Rebound: -0.76%
  🧪 Microplastic Capture:
    Concentration Factor: 3.16%
    Energy Factor: 100.00%
    Gross → Net: 1.26% → 0.73%
    ⚠️ Rebound: -0.53%
  🧪 PFAS Remediation:
    Concentration Factor: 2.24%
    Energy Factor: 100.00%
    Gross → Net: 1.57% → 0.79%
    ⚠️ Rebound: -0.78%
  🧪 Microplastic Capture:
    Concentration Factor: 3.16%
    Energy Factor: 100.00%
    Gross → Net: 1.26% → 0.75%
    ⚠️ Rebound: -0.51%
  🧪 PFAS Remediation:
    Concentration Factor: 2.24%
⚠️ EnergyBudgetPhase not enabled in applyEnergyConstrainedCleanup, assuming full energy availability
⚠️ EnergyBudgetPhase not enabled in applyEnergyConstrainedCleanup, assuming full energy availability
⚠️ EnergyBudgetPhase not enabled in applyEnergyConstrainedCleanup, assuming full energy availability
⚠️ EnergyBudgetPhase not enabled in applyEnergyConstrainedCleanup, assuming full energy availability
⚠️ EnergyBudgetPhase not enabled in applyEnergyConstrainedCleanup, assuming full energy availability
⚠️ EnergyBudgetPhase not enabled in applyEnergyConstrainedCleanup, assuming full energy availability
⚠️ EnergyBudgetPhase not enabled in applyEnergyConstrainedCleanup, assuming full energy availability
    Energy Factor: 100.00%
    Gross → Net: 1.57% → 0.99%
    ⚠️ Rebound: -0.57%
⚠️ EnergyBudgetPhase not enabled in applyEnergyConstrainedCleanup, assuming full energy availability
  🧪 Microplastic Capture:
    Concentration Factor: 3.16%
    Energy Factor: 100.00%
    Gross → Net: 1.26% → 0.99%
    ⚠️ Rebound: -0.27%
⚠️ EnergyBudgetPhase not enabled in applyEnergyConstrainedCleanup, assuming full energy availability
  🧪 PFAS Remediation:
    Concentration Factor: 2.24%
    Energy Factor: 100.00%
    Gross → Net: 1.57% → 0.93%
    ⚠️ Rebound: -0.64%
⚠️ EnergyBudgetPhase not enabled in applyEnergyConstrainedCleanup, assuming full energy availability
  🧪 Microplastic Capture:
    Concentration Factor: 3.16%
    Energy Factor: 100.00%
    Gross → Net: 1.26% → 0.76%
    ⚠️ Rebound: -0.51%
⚠️ EnergyBudgetPhase not enabled in applyEnergyConstrainedCleanup, assuming full energy availability
  🧪 PFAS Remediation:
    Concentration Factor: 2.24%
    Energy Factor: 100.00%
    Gross → Net: 1.57% → 0.85%
    ⚠️ Rebound: -0.71%
  🧪 Microplastic Capture:
    Concentration Factor: 3.16%
    Energy Factor: 100.00%
    Gross → Net: 1.26% → 0.91%
    ⚠️ Rebound: -0.36%
  🧪 PFAS Remediation:
    Concentration Factor: 2.24%
    Energy Factor: 100.00%
    Gross → Net: 1.57% → 1.38%
    ⚠️ Rebound: -0.18%
  🧪 Microplastic Capture:
    Concentration Factor: 3.16%
    Energy Factor: 100.00%
    Gross → Net: 1.26% → 1.08%
    ⚠️ Rebound: -0.19%
⚠️ EnergyBudgetPhase not enabled in applyEnergyConstrainedCleanup, assuming full energy availability
⚠️ EnergyBudgetPhase not enabled in applyEnergyConstrainedCleanup, assuming full energy availability
⚠️ EnergyBudgetPhase not enabled in applyEnergyConstrainedCleanup, assuming full energy availability
⚠️ EnergyBudgetPhase not enabled in applyEnergyConstrainedCleanup, assuming full energy availability
  🧪 PFAS Remediation:
    Concentration Factor: 2.24%
    Energy Factor: 100.00%
    Gross → Net: 1.57% → 1.28%
    ⚠️ Rebound: -0.28%
⚠️ EnergyBudgetPhase not enabled in applyEnergyConstrainedCleanup, assuming full energy availability
  🧪 Microplastic Capture:
    Concentration Factor: 3.16%
    Energy Factor: 100.00%
    Gross → Net: 1.26% → 0.85%
    ⚠️ Rebound: -0.41%
  🧪 PFAS Remediation:
    Concentration Factor: 2.24%
    Energy Factor: 100.00%
    Gross → Net: 1.57% → 1.03%
    ⚠️ Rebound: -0.54%
  🧪 Microplastic Capture:
    Concentration Factor: 3.16%
    Energy Factor: 100.00%
    Gross → Net: 1.26% → 0.80%
    ⚠️ Rebound: -0.47%
  🧪 PFAS Remediation:
    Concentration Factor: 2.24%
    Energy Factor: 100.00%
    Gross → Net: 1.57% → 1.39%
    ⚠️ Rebound: -0.18%
  🧪 Microplastic Capture:
    Concentration Factor: 3.16%
    Energy Factor: 100.00%
    Gross → Net: 1.26% → 0.80%
    ⚠️ Rebound: -0.47%
  🧪 PFAS Remediation:
    Concentration Factor: 2.24%
    Energy Factor: 100.00%
    Gross → Net: 1.57% → 0.84%
⚠️ EnergyBudgetPhase not enabled in applyEnergyConstrainedCleanup, assuming full energy availability
⚠️ EnergyBudgetPhase not enabled in applyEnergyConstrainedCleanup, assuming full energy availability
⚠️ EnergyBudgetPhase not enabled in applyEnergyConstrainedCleanup, assuming full energy availability
⚠️ EnergyBudgetPhase not enabled in applyEnergyConstrainedCleanup, assuming full energy availability
⚠️ EnergyBudgetPhase not enabled in applyEnergyConstrainedCleanup, assuming full energy availability
    ⚠️ Rebound: -0.73%
⚠️ EnergyBudgetPhase not enabled in applyEnergyConstrainedCleanup, assuming full energy availability
  🧪 Microplastic Capture:
    Concentration Factor: 3.16%
    Energy Factor: 100.00%
    Gross → Net: 1.26% → 1.04%
    ⚠️ Rebound: -0.23%
⚠️ EnergyBudgetPhase not enabled in applyEnergyConstrainedCleanup, assuming full energy availability
  🧪 PFAS Remediation:
    Concentration Factor: 2.24%
    Energy Factor: 100.00%
    Gross → Net: 1.57% → 1.13%
    ⚠️ Rebound: -0.43%
⚠️ EnergyBudgetPhase not enabled in applyEnergyConstrainedCleanup, assuming full energy availability
⚠️ EnergyBudgetPhase not enabled in applyEnergyConstrainedCleanup, assuming full energy availability
⚠️ EnergyBudgetPhase not enabled in applyEnergyConstrainedCleanup, assuming full energy availability
⚠️ EnergyBudgetPhase not enabled in applyEnergyConstrainedCleanup, assuming full energy availability
  🧪 Microplastic Capture:
    Concentration Factor: 3.16%
    Energy Factor: 100.00%
    Gross → Net: 1.26% → 1.04%
    ⚠️ Rebound: -0.22%
  🧪 PFAS Remediation:
    Concentration Factor: 2.24%
    Energy Factor: 100.00%
    Gross → Net: 1.57% → 1.14%
    ⚠️ Rebound: -0.42%
  🧪 Microplastic Capture:
    Concentration Factor: 3.16%
    Energy Factor: 100.00%
    Gross → Net: 1.26% → 0.66%
    ⚠️ Rebound: -0.60%
  🧪 PFAS Remediation:
    Concentration Factor: 2.24%
    Energy Factor: 100.00%
    Gross → Net: 1.57% → 1.39%
    ⚠️ Rebound: -0.18%
⚠️ EnergyBudgetPhase not enabled in applyEnergyConstrainedCleanup, assuming full energy availability
  🧪 Microplastic Capture:
    Concentration Factor: 3.16%
    Energy Factor: 100.00%
    Gross → Net: 1.26% → 1.09%
    ⚠️ Rebound: -0.18%
  🧪 PFAS Remediation:
    Concentration Factor: 2.24%
    Energy Factor: 100.00%
    Gross → Net: 1.57% → 1.18%
    ⚠️ Rebound: -0.38%
  🧪 Microplastic Capture:
    Concentration Factor: 3.16%
    Energy Factor: 100.00%
    Gross → Net: 1.26% → 0.85%
    ⚠️ Rebound: -0.41%
  🧪 PFAS Remediation:
    Concentration Factor: 2.24%
    Energy Factor: 100.00%
    Gross → Net: 1.57% → 1.21%
    ⚠️ Rebound: -0.36%
  🧪 Microplastic Capture:
    Concentration Factor: 3.16%
    Energy Factor: 100.00%
    Gross → Net: 1.26% → 1.16%
    ⚠️ Rebound: -0.11%
⚠️ EnergyBudgetPhase not enabled in applyEnergyConstrainedCleanup, assuming full energy availability
⚠️ EnergyBudgetPhase not enabled in applyEnergyConstrainedCleanup, assuming full energy availability
⚠️ EnergyBudgetPhase not enabled in applyEnergyConstrainedCleanup, assuming full energy availability
⚠️ EnergyBudgetPhase not enabled in applyEnergyConstrainedCleanup, assuming full energy availability
⚠️ EnergyBudgetPhase not enabled in applyEnergyConstrainedCleanup, assuming full energy availability
  🧪 PFAS Remediation:
    Concentration Factor: 2.24%
    Energy Factor: 100.00%
    Gross → Net: 1.57% → 0.90%
    ⚠️ Rebound: -0.67%
⚠️ EnergyBudgetPhase not enabled in applyEnergyConstrainedCleanup, assuming full energy availability
  🧪 Microplastic Capture:
    Concentration Factor: 3.16%
    Energy Factor: 100.00%
    Gross → Net: 1.26% → 1.00%
    ⚠️ Rebound: -0.26%
⚠️ EnergyBudgetPhase not enabled in applyEnergyConstrainedCleanup, assuming full energy availability
  🧪 PFAS Remediation:
    Concentration Factor: 2.24%
    Energy Factor: 100.00%
    Gross → Net: 1.57% → 0.95%
    ⚠️ Rebound: -0.61%
  🧪 Microplastic Capture:
    Concentration Factor: 3.16%
    Energy Factor: 100.00%
    Gross → Net: 1.26% → 0.68%
    ⚠️ Rebound: -0.58%
  🧪 PFAS Remediation:
    Concentration Factor: 2.24%
    Energy Factor: 100.00%
    Gross → Net: 1.57% → 1.44%
    ⚠️ Rebound: -0.12%
  🧪 Microplastic Capture:
    Concentration Factor: 3.16%
    Energy Factor: 100.00%
    Gross → Net: 1.26% → 0.69%
    ⚠️ Rebound: -0.58%
  🧪 PFAS Remediation:
    Concentration Factor: 2.24%
    Energy Factor: 100.00%
    Gross → Net: 1.57% → 1.25%
    ⚠️ Rebound: -0.32%
  🧪 Microplastic Capture:
    Concentration Factor: 3.16%
    Energy Factor: 100.00%
    Gross → Net: 1.26% → 1.20%
    ⚠️ Rebound: -0.07%
  🧪 PFAS Remediation:
    Concentration Factor: 2.24%
    Energy Factor: 100.00%
    Gross → Net: 1.57% → 0.88%
    ⚠️ Rebound: -0.68%
  🧪 Microplastic Capture:
    Concentration Factor: 3.16%
    Energy Factor: 100.00%
    Gross → Net: 1.26% → 0.89%
    ⚠️ Rebound: -0.38%
  🧪 PFAS Remediation:
    Concentration Factor: 2.24%
⚠️ EnergyBudgetPhase not enabled in applyEnergyConstrainedCleanup, assuming full energy availability
⚠️ EnergyBudgetPhase not enabled in applyEnergyConstrainedCleanup, assuming full energy availability
⚠️ EnergyBudgetPhase not enabled in applyEnergyConstrainedCleanup, assuming full energy availability
⚠️ EnergyBudgetPhase not enabled in applyEnergyConstrainedCleanup, assuming full energy availability
⚠️ EnergyBudgetPhase not enabled in applyEnergyConstrainedCleanup, assuming full energy availability
⚠️ EnergyBudgetPhase not enabled in applyEnergyConstrainedCleanup, assuming full energy availability
⚠️ EnergyBudgetPhase not enabled in applyEnergyConstrainedCleanup, assuming full energy availability
⚠️ EnergyBudgetPhase not enabled in applyEnergyConstrainedCleanup, assuming full energy availability
    Energy Factor: 100.00%
    Gross → Net: 1.57% → 1.43%
    ⚠️ Rebound: -0.13%
⚠️ EnergyBudgetPhase not enabled in applyEnergyConstrainedCleanup, assuming full energy availability
  🧪 Microplastic Capture:
    Concentration Factor: 3.16%
    Energy Factor: 100.00%
    Gross → Net: 1.26% → 1.05%
    ⚠️ Rebound: -0.21%
⚠️ EnergyBudgetPhase not enabled in applyEnergyConstrainedCleanup, assuming full energy availability
  🧪 PFAS Remediation:
    Concentration Factor: 2.24%
    Energy Factor: 100.00%
    Gross → Net: 1.57% → 1.33%
    ⚠️ Rebound: -0.24%
⚠️ EnergyBudgetPhase not enabled in applyEnergyConstrainedCleanup, assuming full energy availability
  🧪 Microplastic Capture:
    Concentration Factor: 3.16%
    Energy Factor: 100.00%
    Gross → Net: 1.26% → 1.03%
    ⚠️ Rebound: -0.23%
  🧪 PFAS Remediation:
    Concentration Factor: 2.24%
    Energy Factor: 100.00%
    Gross → Net: 1.57% → 0.91%
    ⚠️ Rebound: -0.66%
  🧪 Microplastic Capture:
    Concentration Factor: 3.16%
    Energy Factor: 100.00%
    Gross → Net: 1.26% → 0.80%
    ⚠️ Rebound: -0.47%
  🧪 PFAS Remediation:
⚠️ EnergyBudgetPhase not enabled in applyEnergyConstrainedCleanup, assuming full energy availability
⚠️ EnergyBudgetPhase not enabled in applyEnergyConstrainedCleanup, assuming full energy availability
⚠️ EnergyBudgetPhase not enabled in applyEnergyConstrainedCleanup, assuming full energy availability
    Concentration Factor: 2.24%
    Energy Factor: 100.00%
    Gross → Net: 1.57% → 1.37%
    ⚠️ Rebound: -0.20%
⚠️ EnergyBudgetPhase not enabled in applyEnergyConstrainedCleanup, assuming full energy availability
  🧪 Microplastic Capture:
    Concentration Factor: 3.16%
    Energy Factor: 100.00%
    Gross → Net: 1.26% → 1.03%
    ⚠️ Rebound: -0.23%
  🧪 PFAS Remediation:
    Concentration Factor: 2.24%
    Energy Factor: 100.00%
    Gross → Net: 1.57% → 1.35%
    ⚠️ Rebound: -0.21%
  🧪 Microplastic Capture:
    Concentration Factor: 3.16%
    Energy Factor: 100.00%
    Gross → Net: 1.26% → 0.95%
    ⚠️ Rebound: -0.32%
  🧪 PFAS Remediation:
    Concentration Factor: 2.24%
    Energy Factor: 100.00%
    Gross → Net: 1.57% → 1.36%
    ⚠️ Rebound: -0.21%
  🧪 Microplastic Capture:
    Concentration Factor: 3.16%
    Energy Factor: 100.00%
    Gross → Net: 1.26% → 0.81%
    ⚠️ Rebound: -0.45%
⚠️ EnergyBudgetPhase not enabled in applyEnergyConstrainedCleanup, assuming full energy availability
⚠️ EnergyBudgetPhase not enabled in applyEnergyConstrainedCleanup, assuming full energy availability
⚠️ EnergyBudgetPhase not enabled in applyEnergyConstrainedCleanup, assuming full energy availability
⚠️ EnergyBudgetPhase not enabled in applyEnergyConstrainedCleanup, assuming full energy availability
⚠️ EnergyBudgetPhase not enabled in applyEnergyConstrainedCleanup, assuming full energy availability
  🧪 PFAS Remediation:
    Concentration Factor: 2.24%
    Energy Factor: 100.00%
    Gross → Net: 1.57% → 1.30%
    ⚠️ Rebound: -0.26%
⚠️ EnergyBudgetPhase not enabled in applyEnergyConstrainedCleanup, assuming full energy availability
⚠️ EnergyBudgetPhase not enabled in applyEnergyConstrainedCleanup, assuming full energy availability
⚠️ EnergyBudgetPhase not enabled in applyEnergyConstrainedCleanup, assuming full energy availability
  🧪 Microplastic Capture:
    Concentration Factor: 3.16%
    Energy Factor: 100.00%
    Gross → Net: 1.26% → 0.76%
    ⚠️ Rebound: -0.51%
  🧪 PFAS Remediation:
    Concentration Factor: 2.24%
    Energy Factor: 100.00%
    Gross → Net: 1.57% → 1.04%
    ⚠️ Rebound: -0.53%
  🧪 Microplastic Capture:
    Concentration Factor: 3.16%
    Energy Factor: 100.00%
    Gross → Net: 1.26% → 0.81%
    ⚠️ Rebound: -0.45%
⚠️ EnergyBudgetPhase not enabled in applyEnergyConstrainedCleanup, assuming full energy availability
  🧪 PFAS Remediation:
    Concentration Factor: 2.24%
    Energy Factor: 100.00%
    Gross → Net: 1.57% → 1.45%
    ⚠️ Rebound: -0.11%
⚠️ EnergyBudgetPhase not enabled in applyEnergyConstrainedCleanup, assuming full energy availability
  🧪 Microplastic Capture:
    Concentration Factor: 3.16%
    Energy Factor: 100.00%
    Gross → Net: 1.26% → 0.76%
    ⚠️ Rebound: -0.50%
  🧪 PFAS Remediation:
    Concentration Factor: 2.24%
    Energy Factor: 100.00%
    Gross → Net: 1.57% → 0.87%
    ⚠️ Rebound: -0.70%
  🧪 Microplastic Capture:
    Concentration Factor: 3.16%
    Energy Factor: 100.00%
    Gross → Net: 1.26% → 0.63%
    ⚠️ Rebound: -0.63%
  🧪 PFAS Remediation:
    Concentration Factor: 2.24%
    Energy Factor: 100.00%
    Gross → Net: 1.57% → 0.90%
    ⚠️ Rebound: -0.66%
  🧪 Microplastic Capture:
    Concentration Factor: 3.16%
    Energy Factor: 100.00%
    Gross → Net: 1.26% → 1.17%
    ⚠️ Rebound: -0.09%
  🧪 PFAS Remediation:
    Concentration Factor: 2.24%
    Energy Factor: 100.00%
    Gross → Net: 1.57% → 1.33%
    ⚠️ Rebound: -0.24%
  🧪 Microplastic Capture:
    Concentration Factor: 3.16%
    Energy Factor: 100.00%
    Gross → Net: 1.26% → 0.89%
    ⚠️ Rebound: -0.38%
  🧪 PFAS Remediation:
    Concentration Factor: 2.24%
    Energy Factor: 100.00%
⚠️ EnergyBudgetPhase not enabled in applyEnergyConstrainedCleanup, assuming full energy availability
⚠️ EnergyBudgetPhase not enabled in applyEnergyConstrainedCleanup, assuming full energy availability
⚠️ EnergyBudgetPhase not enabled in applyEnergyConstrainedCleanup, assuming full energy availability
⚠️ EnergyBudgetPhase not enabled in applyEnergyConstrainedCleanup, assuming full energy availability
⚠️ EnergyBudgetPhase not enabled in applyEnergyConstrainedCleanup, assuming full energy availability
⚠️ EnergyBudgetPhase not enabled in applyEnergyConstrainedCleanup, assuming full energy availability
⚠️ EnergyBudgetPhase not enabled in applyEnergyConstrainedCleanup, assuming full energy availability
    Gross → Net: 1.57% → 1.31%
    ⚠️ Rebound: -0.26%
⚠️ EnergyBudgetPhase not enabled in applyEnergyConstrainedCleanup, assuming full energy availability
  🧪 Microplastic Capture:
    Concentration Factor: 3.16%
    Energy Factor: 100.00%
    Gross → Net: 1.26% → 0.67%
    ⚠️ Rebound: -0.60%
⚠️ EnergyBudgetPhase not enabled in applyEnergyConstrainedCleanup, assuming full energy availability
  🧪 PFAS Remediation:
    Concentration Factor: 2.24%
    Energy Factor: 100.00%
    Gross → Net: 1.57% → 0.97%
    ⚠️ Rebound: -0.59%
⚠️ EnergyBudgetPhase not enabled in applyEnergyConstrainedCleanup, assuming full energy availability
  🧪 Microplastic Capture:
    Concentration Factor: 3.16%
    Energy Factor: 100.00%
    Gross → Net: 1.26% → 0.90%
    ⚠️ Rebound: -0.37%
  🧪 PFAS Remediation:
    Concentration Factor: 2.24%
    Energy Factor: 100.00%
    Gross → Net: 1.57% → 1.30%
    ⚠️ Rebound: -0.26%
  🧪 Microplastic Capture:
    Concentration Factor: 3.16%
    Energy Factor: 100.00%
    Gross → Net: 1.26% → 0.68%
    ⚠️ Rebound: -0.59%
⚠️ EnergyBudgetPhase not enabled in applyEnergyConstrainedCleanup, assuming full energy availability
⚠️ EnergyBudgetPhase not enabled in applyEnergyConstrainedCleanup, assuming full energy availability
⚠️ EnergyBudgetPhase not enabled in applyEnergyConstrainedCleanup, assuming full energy availability
  🧪 PFAS Remediation:
    Concentration Factor: 2.24%
    Energy Factor: 100.00%
    Gross → Net: 1.57% → 0.94%
    ⚠️ Rebound: -0.62%
⚠️ EnergyBudgetPhase not enabled in applyEnergyConstrainedCleanup, assuming full energy availability
  🧪 Microplastic Capture:
    Concentration Factor: 3.16%
    Energy Factor: 100.00%
    Gross → Net: 1.26% → 0.78%
    ⚠️ Rebound: -0.49%
  🧪 PFAS Remediation:
    Concentration Factor: 2.24%
    Energy Factor: 100.00%
    Gross → Net: 1.57% → 0.88%
    ⚠️ Rebound: -0.68%
  🧪 Microplastic Capture:
    Concentration Factor: 3.16%
    Energy Factor: 100.00%
    Gross → Net: 1.26% → 0.98%
    ⚠️ Rebound: -0.28%
  🧪 PFAS Remediation:
    Concentration Factor: 2.24%
    Energy Factor: 100.00%
    Gross → Net: 1.57% → 1.17%
    ⚠️ Rebound: -0.40%
  🧪 Microplastic Capture:
    Concentration Factor: 3.16%
    Energy Factor: 100.00%
    Gross → Net: 1.26% → 1.05%
    ⚠️ Rebound: -0.22%
  🧪 PFAS Remediation:
    Concentration Factor: 2.24%
    Energy Factor: 100.00%
    Gross → Net: 1.57% → 1.03%
    ⚠️ Rebound: -0.54%
⚠️ EnergyBudgetPhase not enabled in applyEnergyConstrainedCleanup, assuming full energy availability
⚠️ EnergyBudgetPhase not enabled in applyEnergyConstrainedCleanup, assuming full energy availability
⚠️ EnergyBudgetPhase not enabled in applyEnergyConstrainedCleanup, assuming full energy availability
⚠️ EnergyBudgetPhase not enabled in applyEnergyConstrainedCleanup, assuming full energy availability
⚠️ EnergyBudgetPhase not enabled in applyEnergyConstrainedCleanup, assuming full energy availability
⚠️ EnergyBudgetPhase not enabled in applyEnergyConstrainedCleanup, assuming full energy availability
  🧪 Microplastic Capture:
    Concentration Factor: 3.16%
    Energy Factor: 100.00%
    Gross → Net: 1.26% → 0.81%
    ⚠️ Rebound: -0.46%
⚠️ EnergyBudgetPhase not enabled in applyEnergyConstrainedCleanup, assuming full energy availability
⚠️ EnergyBudgetPhase not enabled in applyEnergyConstrainedCleanup, assuming full energy availability
⚠️ EnergyBudgetPhase not enabled in applyEnergyConstrainedCleanup, assuming full energy availability
⚠️ EnergyBudgetPhase not enabled in applyEnergyConstrainedCleanup, assuming full energy availability
⚠️ EnergyBudgetPhase not enabled in applyEnergyConstrainedCleanup, assuming full energy availability
⚠️ EnergyBudgetPhase not enabled in applyEnergyConstrainedCleanup, assuming full energy availability
⚠️ EnergyBudgetPhase not enabled in applyEnergyConstrainedCleanup, assuming full energy availability
  🧪 PFAS Remediation:
    Concentration Factor: 2.24%
    Energy Factor: 100.00%
    Gross → Net: 1.57% → 0.92%
    ⚠️ Rebound: -0.65%
  🧪 Microplastic Capture:
    Concentration Factor: 3.16%
    Energy Factor: 100.00%
    Gross → Net: 1.26% → 0.95%
    ⚠️ Rebound: -0.32%
  🧪 PFAS Remediation:
    Concentration Factor: 2.24%
    Energy Factor: 100.00%
    Gross → Net: 1.57% → 1.34%
    ⚠️ Rebound: -0.23%
  🧪 Microplastic Capture:
    Concentration Factor: 3.16%
    Energy Factor: 100.00%
    Gross → Net: 1.26% → 0.87%
    ⚠️ Rebound: -0.39%
  🧪 PFAS Remediation:
    Concentration Factor: 2.24%
    Energy Factor: 100.00%
    Gross → Net: 1.57% → 0.88%
    ⚠️ Rebound: -0.68%
  🧪 Microplastic Capture:
    Concentration Factor: 3.16%
    Energy Factor: 100.00%
    Gross → Net: 1.26% → 1.11%
    ⚠️ Rebound: -0.16%
  🧪 PFAS Remediation:
    Concentration Factor: 2.24%
    Energy Factor: 100.00%
    Gross → Net: 1.57% → 1.29%
    ⚠️ Rebound: -0.28%
⚠️ EnergyBudgetPhase not enabled in applyEnergyConstrainedCleanup, assuming full energy availability
  🧪 Microplastic Capture:
    Concentration Factor: 3.16%
    Energy Factor: 100.00%
    Gross → Net: 1.26% → 0.72%
    ⚠️ Rebound: -0.54%
⚠️ EnergyBudgetPhase not enabled in applyEnergyConstrainedCleanup, assuming full energy availability
  🧪 PFAS Remediation:
    Concentration Factor: 2.24%
    Energy Factor: 100.00%
    Gross → Net: 1.57% → 1.21%
    ⚠️ Rebound: -0.36%
⚠️ EnergyBudgetPhase not enabled in applyEnergyConstrainedCleanup, assuming full energy availability
⚠️ EnergyBudgetPhase not enabled in applyEnergyConstrainedCleanup, assuming full energy availability
⚠️ EnergyBudgetPhase not enabled in applyEnergyConstrainedCleanup, assuming full energy availability
  🧪 Microplastic Capture:
    Concentration Factor: 3.16%
    Energy Factor: 100.00%
    Gross → Net: 1.26% → 0.93%
    ⚠️ Rebound: -0.34%
  🧪 PFAS Remediation:
    Concentration Factor: 2.24%
    Energy Factor: 100.00%
    Gross → Net: 1.57% → 0.96%
    ⚠️ Rebound: -0.60%
  🧪 Microplastic Capture:
    Concentration Factor: 3.16%
    Energy Factor: 100.00%
    Gross → Net: 1.26% → 1.01%
    ⚠️ Rebound: -0.26%
⚠️ EnergyBudgetPhase not enabled in applyEnergyConstrainedCleanup, assuming full energy availability
  🧪 PFAS Remediation:
    Concentration Factor: 2.24%
    Energy Factor: 100.00%
    Gross → Net: 1.57% → 1.00%
    ⚠️ Rebound: -0.57%
⚠️ EnergyBudgetPhase not enabled in applyEnergyConstrainedCleanup, assuming full energy availability
  🧪 Microplastic Capture:
    Concentration Factor: 3.16%
    Energy Factor: 100.00%
    Gross → Net: 1.26% → 0.92%
    ⚠️ Rebound: -0.34%
⚠️ EnergyBudgetPhase not enabled in applyEnergyConstrainedCleanup, assuming full energy availability
  🧪 PFAS Remediation:
    Concentration Factor: 2.24%
    Energy Factor: 100.00%
    Gross → Net: 1.57% → 1.17%
    ⚠️ Rebound: -0.39%
  🧪 Microplastic Capture:
    Concentration Factor: 3.16%
    Energy Factor: 100.00%
    Gross → Net: 1.26% → 1.00%
    ⚠️ Rebound: -0.26%
  🧪 PFAS Remediation:
    Concentration Factor: 2.24%
    Energy Factor: 100.00%
    Gross → Net: 1.57% → 0.84%
    ⚠️ Rebound: -0.72%
  🧪 Microplastic Capture:
    Concentration Factor: 3.16%
    Energy Factor: 100.00%
    Gross → Net: 1.26% → 0.84%
    ⚠️ Rebound: -0.42%
⚠️ EnergyBudgetPhase not enabled in applyEnergyConstrainedCleanup, assuming full energy availability
⚠️ EnergyBudgetPhase not enabled in applyEnergyConstrainedCleanup, assuming full energy availability
⚠️ EnergyBudgetPhase not enabled in applyEnergyConstrainedCleanup, assuming full energy availability
⚠️ EnergyBudgetPhase not enabled in applyEnergyConstrainedCleanup, assuming full energy availability
  🧪 PFAS Remediation:
    Concentration Factor: 2.24%
    Energy Factor: 100.00%
    Gross → Net: 1.57% → 0.93%
    ⚠️ Rebound: -0.64%
⚠️ EnergyBudgetPhase not enabled in applyEnergyConstrainedCleanup, assuming full energy availability
⚠️ EnergyBudgetPhase not enabled in applyEnergyConstrainedCleanup, assuming full energy availability
⚠️ EnergyBudgetPhase not enabled in applyEnergyConstrainedCleanup, assuming full energy availability
⚠️ EnergyBudgetPhase not enabled in applyEnergyConstrainedCleanup, assuming full energy availability
⚠️ EnergyBudgetPhase not enabled in applyEnergyConstrainedCleanup, assuming full energy availability
⚠️ EnergyBudgetPhase not enabled in applyEnergyConstrainedCleanup, assuming full energy availability
⚠️ EnergyBudgetPhase not enabled in applyEnergyConstrainedCleanup, assuming full energy availability
⚠️ EnergyBudgetPhase not enabled in applyEnergyConstrainedCleanup, assuming full energy availability
⚠️ EnergyBudgetPhase not enabled in applyEnergyConstrainedCleanup, assuming full energy availability
⚠️ EnergyBudgetPhase not enabled in applyEnergyConstrainedCleanup, assuming full energy availability
⚠️ EnergyBudgetPhase not enabled in applyEnergyConstrainedCleanup, assuming full energy availability
⚠️ EnergyBudgetPhase not enabled in applyEnergyConstrainedCleanup, assuming full energy availability
⚠️ EnergyBudgetPhase not enabled in applyEnergyConstrainedCleanup, assuming full energy availability
⚠️ EnergyBudgetPhase not enabled in applyEnergyConstrainedCleanup, assuming full energy availability
⚠️ EnergyBudgetPhase not enabled in applyEnergyConstrainedCleanup, assuming full energy availability
  🧪 Microplastic Capture:
    Concentration Factor: 3.16%
    Energy Factor: 100.00%
    Gross → Net: 1.26% → 1.12%
    ⚠️ Rebound: -0.15%
  🧪 PFAS Remediation:
    Concentration Factor: 2.24%
    Energy Factor: 100.00%
    Gross → Net: 1.57% → 1.19%
    ⚠️ Rebound: -0.38%
  🧪 Microplastic Capture:
    Concentration Factor: 3.16%
    Energy Factor: 100.00%
    Gross → Net: 1.26% → 1.13%
    ⚠️ Rebound: -0.14%
  🧪 PFAS Remediation:
    Concentration Factor: 2.24%
    Energy Factor: 100.00%
    Gross → Net: 1.57% → 1.33%
    ⚠️ Rebound: -0.24%
  🧪 Microplastic Capture:
    Concentration Factor: 3.16%
    Energy Factor: 100.00%
    Gross → Net: 1.26% → 1.19%
    ⚠️ Rebound: -0.07%
  🧪 PFAS Remediation:
    Concentration Factor: 2.24%
    Energy Factor: 100.00%
    Gross → Net: 1.57% → 0.87%
    ⚠️ Rebound: -0.69%
  🧪 Microplastic Capture:
    Concentration Factor: 3.16%
    Energy Factor: 100.00%
    Gross → Net: 1.26% → 0.66%
    ⚠️ Rebound: -0.60%
  🧪 PFAS Remediation:
    Concentration Factor: 2.24%
    Energy Factor: 100.00%
    Gross → Net: 1.57% → 1.19%
    ⚠️ Rebound: -0.37%
  🧪 Microplastic Capture:
    Concentration Factor: 3.16%
    Energy Factor: 100.00%
    Gross → Net: 1.26% → 0.95%
    ⚠️ Rebound: -0.32%
  🧪 PFAS Remediation:
    Concentration Factor: 2.24%
    Energy Factor: 100.00%
    Gross → Net: 1.57% → 1.44%
    ⚠️ Rebound: -0.13%
  🧪 Microplastic Capture:
    Concentration Factor: 3.16%
    Energy Factor: 100.00%
    Gross → Net: 1.26% → 0.70%
    ⚠️ Rebound: -0.57%
  🧪 PFAS Remediation:
    Concentration Factor: 2.24%
    Energy Factor: 100.00%
    Gross → Net: 1.57% → 1.24%
    ⚠️ Rebound: -0.32%
  🧪 Microplastic Capture:
    Concentration Factor: 3.16%
    Energy Factor: 100.00%
    Gross → Net: 1.26% → 0.76%
    ⚠️ Rebound: -0.50%
  🧪 PFAS Remediation:
    Concentration Factor: 2.24%
    Energy Factor: 100.00%
    Gross → Net: 1.57% → 0.97%
    ⚠️ Rebound: -0.60%
  🧪 Microplastic Capture:
    Concentration Factor: 3.16%
    Energy Factor: 100.00%
    Gross → Net: 1.26% → 1.16%
    ⚠️ Rebound: -0.11%
⚠️ EnergyBudgetPhase not enabled in applyEnergyConstrainedCleanup, assuming full energy availability
  🧪 PFAS Remediation:
    Concentration Factor: 2.24%
    Energy Factor: 100.00%
    Gross → Net: 1.57% → 1.36%
    ⚠️ Rebound: -0.21%
⚠️ EnergyBudgetPhase not enabled in applyEnergyConstrainedCleanup, assuming full energy availability
  🧪 Microplastic Capture:
    Concentration Factor: 3.16%
    Energy Factor: 100.00%
    Gross → Net: 1.26% → 0.64%
    ⚠️ Rebound: -0.63%
⚠️ EnergyBudgetPhase not enabled in applyEnergyConstrainedCleanup, assuming full energy availability
⚠️ EnergyBudgetPhase not enabled in applyEnergyConstrainedCleanup, assuming full energy availability
⚠️ EnergyBudgetPhase not enabled in applyEnergyConstrainedCleanup, assuming full energy availability
⚠️ EnergyBudgetPhase not enabled in applyEnergyConstrainedCleanup, assuming full energy availability
  🧪 PFAS Remediation:
    Concentration Factor: 2.24%
    Energy Factor: 100.00%
    Gross → Net: 1.57% → 0.79%
    ⚠️ Rebound: -0.78%
  🧪 Microplastic Capture:
    Concentration Factor: 3.16%
    Energy Factor: 100.00%
    Gross → Net: 1.26% → 0.75%
    ⚠️ Rebound: -0.52%
  🧪 PFAS Remediation:
    Concentration Factor: 2.24%
    Energy Factor: 100.00%
    Gross → Net: 1.57% → 0.82%
    ⚠️ Rebound: -0.75%
  🧪 Microplastic Capture:
    Concentration Factor: 3.16%
    Energy Factor: 100.00%
    Gross → Net: 1.26% → 0.64%
    ⚠️ Rebound: -0.63%
⚠️ EnergyBudgetPhase not enabled in applyEnergyConstrainedCleanup, assuming full energy availability
  🧪 PFAS Remediation:
    Concentration Factor: 2.24%
    Energy Factor: 100.00%
    Gross → Net: 1.57% → 0.97%
    ⚠️ Rebound: -0.60%
  🧪 Microplastic Capture:
    Concentration Factor: 3.16%
    Energy Factor: 100.00%
    Gross → Net: 1.26% → 0.89%
    ⚠️ Rebound: -0.38%
  🧪 PFAS Remediation:
    Concentration Factor: 2.24%
    Energy Factor: 100.00%
    Gross → Net: 1.57% → 1.47%
    ⚠️ Rebound: -0.09%
  🧪 Microplastic Capture:
    Concentration Factor: 3.16%
    Energy Factor: 100.00%
    Gross → Net: 1.26% → 1.15%
    ⚠️ Rebound: -0.12%
  🧪 PFAS Remediation:
    Concentration Factor: 2.24%
    Energy Factor: 100.00%
    Gross → Net: 1.57% → 0.96%
    ⚠️ Rebound: -0.60%
  🧪 Microplastic Capture:
⚠️ EnergyBudgetPhase not enabled in applyEnergyConstrainedCleanup, assuming full energy availability
⚠️ EnergyBudgetPhase not enabled in applyEnergyConstrainedCleanup, assuming full energy availability
⚠️ EnergyBudgetPhase not enabled in applyEnergyConstrainedCleanup, assuming full energy availability
⚠️ EnergyBudgetPhase not enabled in applyEnergyConstrainedCleanup, assuming full energy availability
⚠️ EnergyBudgetPhase not enabled in applyEnergyConstrainedCleanup, assuming full energy availability
    Concentration Factor: 3.16%
    Energy Factor: 100.00%
    Gross → Net: 1.26% → 0.93%
    ⚠️ Rebound: -0.34%
⚠️ EnergyBudgetPhase not enabled in applyEnergyConstrainedCleanup, assuming full energy availability
  🧪 PFAS Remediation:
    Concentration Factor: 2.24%
    Energy Factor: 100.00%
    Gross → Net: 1.57% → 1.18%
    ⚠️ Rebound: -0.38%
  🧪 Microplastic Capture:
    Concentration Factor: 3.16%
    Energy Factor: 100.00%
    Gross → Net: 1.26% → 0.74%
    ⚠️ Rebound: -0.53%
  🧪 PFAS Remediation:
    Concentration Factor: 2.24%
    Energy Factor: 100.00%
    Gross → Net: 1.57% → 1.01%
    ⚠️ Rebound: -0.55%
  🧪 Microplastic Capture:
    Concentration Factor: 3.16%
    Energy Factor: 100.00%
    Gross → Net: 1.26% → 1.14%
    ⚠️ Rebound: -0.13%
  🧪 PFAS Remediation:
    Concentration Factor: 2.24%
    Energy Factor: 100.00%
    Gross → Net: 1.57% → 1.49%
    ⚠️ Rebound: -0.08%
  🧪 Microplastic Capture:
    Concentration Factor: 3.16%
    Energy Factor: 100.00%
    Gross → Net: 1.26% → 1.19%
    ⚠️ Rebound: -0.08%
  🧪 PFAS Remediation:
    Concentration Factor: 2.24%
    Energy Factor: 100.00%
    Gross → Net: 1.57% → 0.90%
    ⚠️ Rebound: -0.66%
  🧪 Microplastic Capture:
    Concentration Factor: 3.16%
    Energy Factor: 100.00%
    Gross → Net: 1.26% → 0.98%
    ⚠️ Rebound: -0.28%
  🧪 PFAS Remediation:
    Concentration Factor: 2.24%
    Energy Factor: 100.00%
    Gross → Net: 1.57% → 1.31%
    ⚠️ Rebound: -0.26%
  🧪 Microplastic Capture:
    Concentration Factor: 3.16%
    Energy Factor: 100.00%
    Gross → Net: 1.26% → 0.96%
    ⚠️ Rebound: -0.30%
  🧪 PFAS Remediation:
    Concentration Factor: 2.24%
    Energy Factor: 100.00%
    Gross → Net: 1.57% → 0.96%
    ⚠️ Rebound: -0.60%
  🧪 Microplastic Capture:
    Concentration Factor: 3.16%
    Energy Factor: 100.00%
⚠️ EnergyBudgetPhase not enabled in applyEnergyConstrainedCleanup, assuming full energy availability
⚠️ EnergyBudgetPhase not enabled in applyEnergyConstrainedCleanup, assuming full energy availability
⚠️ EnergyBudgetPhase not enabled in applyEnergyConstrainedCleanup, assuming full energy availability
⚠️ EnergyBudgetPhase not enabled in applyEnergyConstrainedCleanup, assuming full energy availability
⚠️ EnergyBudgetPhase not enabled in applyEnergyConstrainedCleanup, assuming full energy availability
⚠️ EnergyBudgetPhase not enabled in applyEnergyConstrainedCleanup, assuming full energy availability
⚠️ EnergyBudgetPhase not enabled in applyEnergyConstrainedCleanup, assuming full energy availability
⚠️ EnergyBudgetPhase not enabled in applyEnergyConstrainedCleanup, assuming full energy availability
⚠️ EnergyBudgetPhase not enabled in applyEnergyConstrainedCleanup, assuming full energy availability
⚠️ EnergyBudgetPhase not enabled in applyEnergyConstrainedCleanup, assuming full energy availability
⚠️ EnergyBudgetPhase not enabled in applyEnergyConstrainedCleanup, assuming full energy availability
    Gross → Net: 1.26% → 1.19%
    ⚠️ Rebound: -0.07%
⚠️ EnergyBudgetPhase not enabled in applyEnergyConstrainedCleanup, assuming full energy availability
  🧪 PFAS Remediation:
    Concentration Factor: 2.24%
    Energy Factor: 100.00%
    Gross → Net: 1.57% → 1.37%
    ⚠️ Rebound: -0.20%
⚠️ EnergyBudgetPhase not enabled in applyEnergyConstrainedCleanup, assuming full energy availability
  🧪 Microplastic Capture:
    Concentration Factor: 3.16%
    Energy Factor: 100.00%
    Gross → Net: 1.26% → 1.06%
    ⚠️ Rebound: -0.21%
⚠️ EnergyBudgetPhase not enabled in applyEnergyConstrainedCleanup, assuming full energy availability
  🧪 PFAS Remediation:
    Concentration Factor: 2.24%
    Energy Factor: 100.00%
    Gross → Net: 1.57% → 1.08%
    ⚠️ Rebound: -0.49%
⚠️ EnergyBudgetPhase not enabled in applyEnergyConstrainedCleanup, assuming full energy availability
  🧪 Microplastic Capture:
    Concentration Factor: 3.16%
    Energy Factor: 100.00%
    Gross → Net: 1.26% → 1.12%
    ⚠️ Rebound: -0.15%
  🧪 PFAS Remediation:
    Concentration Factor: 2.24%
    Energy Factor: 100.00%
    Gross → Net: 1.57% → 0.97%
    ⚠️ Rebound: -0.60%
  🧪 Microplastic Capture:
    Concentration Factor: 3.16%
    Energy Factor: 100.00%
    Gross → Net: 1.26% → 0.98%
    ⚠️ Rebound: -0.29%
  🧪 PFAS Remediation:
    Concentration Factor: 2.24%
    Energy Factor: 100.00%
    Gross → Net: 1.57% → 1.25%
    ⚠️ Rebound: -0.32%
  🧪 Microplastic Capture:
    Concentration Factor: 3.16%
    Energy Factor: 100.00%
    Gross → Net: 1.26% → 1.00%
    ⚠️ Rebound: -0.27%
  🧪 PFAS Remediation:
    Concentration Factor: 2.24%
    Energy Factor: 100.00%
    Gross → Net: 1.57% → 1.25%
    ⚠️ Rebound: -0.32%
  🧪 Microplastic Capture:
    Concentration Factor: 3.16%
    Energy Factor: 100.00%
    Gross → Net: 1.26% → 0.76%
    ⚠️ Rebound: -0.50%
⚠️ EnergyBudgetPhase not enabled in applyEnergyConstrainedCleanup, assuming full energy availability
⚠️ EnergyBudgetPhase not enabled in applyEnergyConstrainedCleanup, assuming full energy availability
⚠️ EnergyBudgetPhase not enabled in applyEnergyConstrainedCleanup, assuming full energy availability
⚠️ EnergyBudgetPhase not enabled in applyEnergyConstrainedCleanup, assuming full energy availability
⚠️ EnergyBudgetPhase not enabled in applyEnergyConstrainedCleanup, assuming full energy availability
⚠️ EnergyBudgetPhase not enabled in applyEnergyConstrainedCleanup, assuming full energy availability
⚠️ EnergyBudgetPhase not enabled in applyEnergyConstrainedCleanup, assuming full energy availability
  🧪 PFAS Remediation:
    Concentration Factor: 2.24%
    Energy Factor: 100.00%
    Gross → Net: 1.57% → 0.85%
    ⚠️ Rebound: -0.72%
⚠️ EnergyBudgetPhase not enabled in applyEnergyConstrainedCleanup, assuming full energy availability
  🧪 Microplastic Capture:
    Concentration Factor: 3.16%
    Energy Factor: 100.00%
    Gross → Net: 1.26% → 0.69%
    ⚠️ Rebound: -0.58%
  🧪 PFAS Remediation:
    Concentration Factor: 2.24%
    Energy Factor: 100.00%
    Gross → Net: 1.57% → 0.85%
    ⚠️ Rebound: -0.71%
  🧪 Microplastic Capture:
    Concentration Factor: 3.16%
    Energy Factor: 100.00%
    Gross → Net: 1.26% → 1.20%
    ⚠️ Rebound: -0.07%
  🧪 PFAS Remediation:
    Concentration Factor: 2.24%
    Energy Factor: 100.00%
    Gross → Net: 1.57% → 0.88%
    ⚠️ Rebound: -0.69%
  🧪 Microplastic Capture:
    Concentration Factor: 3.16%
    Energy Factor: 100.00%
    Gross → Net: 1.26% → 0.99%
    ⚠️ Rebound: -0.28%
  🧪 PFAS Remediation:
    Concentration Factor: 2.24%
    Energy Factor: 100.00%
    Gross → Net: 1.57% → 0.84%
    ⚠️ Rebound: -0.73%
  🧪 Microplastic Capture:
    Concentration Factor: 3.16%
    Energy Factor: 100.00%
    Gross → Net: 1.26% → 0.94%
    ⚠️ Rebound: -0.32%
  🧪 PFAS Remediation:
    Concentration Factor: 2.24%
    Energy Factor: 100.00%
    Gross → Net: 1.57% → 1.38%
    ⚠️ Rebound: -0.18%
  🧪 Microplastic Capture:
    Concentration Factor: 3.16%
    Energy Factor: 100.00%
    Gross → Net: 1.26% → 0.87%
    ⚠️ Rebound: -0.40%
  🧪 PFAS Remediation:
    Concentration Factor: 2.24%
    Energy Factor: 100.00%
    Gross → Net: 1.57% → 1.31%
    ⚠️ Rebound: -0.25%
  🧪 Microplastic Capture:
    Concentration Factor: 3.16%
    Energy Factor: 100.00%
    Gross → Net: 1.26% → 0.90%
    ⚠️ Rebound: -0.36%
  🧪 PFAS Remediation:
    Concentration Factor: 2.24%
    Energy Factor: 100.00%
    Gross → Net: 1.57% → 1.11%
    ⚠️ Rebound: -0.46%
  🧪 Microplastic Capture:
⚠️ EnergyBudgetPhase not enabled in applyEnergyConstrainedCleanup, assuming full energy availability
⚠️ EnergyBudgetPhase not enabled in applyEnergyConstrainedCleanup, assuming full energy availability
⚠️ EnergyBudgetPhase not enabled in applyEnergyConstrainedCleanup, assuming full energy availability
⚠️ EnergyBudgetPhase not enabled in applyEnergyConstrainedCleanup, assuming full energy availability
⚠️ EnergyBudgetPhase not enabled in applyEnergyConstrainedCleanup, assuming full energy availability
⚠️ EnergyBudgetPhase not enabled in applyEnergyConstrainedCleanup, assuming full energy availability
⚠️ EnergyBudgetPhase not enabled in applyEnergyConstrainedCleanup, assuming full energy availability
⚠️ EnergyBudgetPhase not enabled in applyEnergyConstrainedCleanup, assuming full energy availability
⚠️ EnergyBudgetPhase not enabled in applyEnergyConstrainedCleanup, assuming full energy availability
⚠️ EnergyBudgetPhase not enabled in applyEnergyConstrainedCleanup, assuming full energy availability
⚠️ EnergyBudgetPhase not enabled in applyEnergyConstrainedCleanup, assuming full energy availability
⚠️ EnergyBudgetPhase not enabled in applyEnergyConstrainedCleanup, assuming full energy availability
    Concentration Factor: 3.16%
    Energy Factor: 100.00%
    Gross → Net: 1.26% → 0.76%
    ⚠️ Rebound: -0.51%
⚠️ EnergyBudgetPhase not enabled in applyEnergyConstrainedCleanup, assuming full energy availability
  🧪 PFAS Remediation:
    Concentration Factor: 2.24%
    Energy Factor: 100.00%
    Gross → Net: 1.57% → 0.98%
    ⚠️ Rebound: -0.59%
⚠️ EnergyBudgetPhase not enabled in applyEnergyConstrainedCleanup, assuming full energy availability
  🧪 Microplastic Capture:
    Concentration Factor: 3.16%
    Energy Factor: 100.00%
    Gross → Net: 1.26% → 1.02%
    ⚠️ Rebound: -0.24%
⚠️ EnergyBudgetPhase not enabled in applyEnergyConstrainedCleanup, assuming full energy availability
  🧪 PFAS Remediation:
    Concentration Factor: 2.24%
    Energy Factor: 100.00%
    Gross → Net: 1.57% → 0.86%
    ⚠️ Rebound: -0.70%
  🧪 Microplastic Capture:
    Concentration Factor: 3.16%
    Energy Factor: 100.00%
    Gross → Net: 1.26% → 1.07%
    ⚠️ Rebound: -0.20%
  🧪 PFAS Remediation:
    Concentration Factor: 2.24%
    Energy Factor: 100.00%
    Gross → Net: 1.57% → 1.06%
    ⚠️ Rebound: -0.50%
  🧪 Microplastic Capture:
    Concentration Factor: 3.16%
    Energy Factor: 100.00%
    Gross → Net: 1.26% → 0.89%
    ⚠️ Rebound: -0.37%
  🧪 PFAS Remediation:
    Concentration Factor: 2.24%
    Energy Factor: 100.00%
    Gross → Net: 1.57% → 1.32%
    ⚠️ Rebound: -0.25%
⚠️ EnergyBudgetPhase not enabled in applyEnergyConstrainedCleanup, assuming full energy availability
⚠️ EnergyBudgetPhase not enabled in applyEnergyConstrainedCleanup, assuming full energy availability
⚠️ EnergyBudgetPhase not enabled in applyEnergyConstrainedCleanup, assuming full energy availability
⚠️ EnergyBudgetPhase not enabled in applyEnergyConstrainedCleanup, assuming full energy availability
⚠️ EnergyBudgetPhase not enabled in applyEnergyConstrainedCleanup, assuming full energy availability
  🧪 Microplastic Capture:
    Concentration Factor: 3.16%
    Energy Factor: 100.00%
    Gross → Net: 1.26% → 1.18%
    ⚠️ Rebound: -0.08%
⚠️ EnergyBudgetPhase not enabled in applyEnergyConstrainedCleanup, assuming full energy availability
  🧪 PFAS Remediation:
    Concentration Factor: 2.24%
    Energy Factor: 100.00%
    Gross → Net: 1.57% → 0.93%
    ⚠️ Rebound: -0.63%
  🧪 Microplastic Capture:
    Concentration Factor: 3.16%
    Energy Factor: 100.00%
    Gross → Net: 1.26% → 0.73%
    ⚠️ Rebound: -0.54%
  🧪 PFAS Remediation:
    Concentration Factor: 2.24%
    Energy Factor: 100.00%
    Gross → Net: 1.57% → 0.97%
    ⚠️ Rebound: -0.59%
  🧪 Microplastic Capture:
    Concentration Factor: 3.16%
    Energy Factor: 100.00%
    Gross → Net: 1.26% → 1.02%
    ⚠️ Rebound: -0.24%
  🧪 PFAS Remediation:
    Concentration Factor: 2.24%
    Energy Factor: 100.00%
    Gross → Net: 1.57% → 0.85%
    ⚠️ Rebound: -0.71%
  🧪 Microplastic Capture:
    Concentration Factor: 3.16%
    Energy Factor: 100.00%
    Gross → Net: 1.26% → 1.04%
    ⚠️ Rebound: -0.22%
  🧪 PFAS Remediation:
    Concentration Factor: 2.24%
    Energy Factor: 100.00%
    Gross → Net: 1.57% → 1.29%
    ⚠️ Rebound: -0.28%
  🧪 Microplastic Capture:
    Concentration Factor: 3.16%
    Energy Factor: 100.00%
    Gross → Net: 1.26% → 0.81%
    ⚠️ Rebound: -0.45%
  🧪 PFAS Remediation:
    Concentration Factor: 2.24%
    Energy Factor: 100.00%
    Gross → Net: 1.57% → 1.38%
    ⚠️ Rebound: -0.19%
  🧪 Microplastic Capture:
    Concentration Factor: 3.16%
    Energy Factor: 100.00%
    Gross → Net: 1.26% → 1.03%
    ⚠️ Rebound: -0.24%
  🧪 PFAS Remediation:
    Concentration Factor: 2.24%
    Energy Factor: 100.00%
    Gross → Net: 1.57% → 1.38%
    ⚠️ Rebound: -0.18%
  🧪 Microplastic Capture:
    Concentration Factor: 3.16%
    Energy Factor: 100.00%
    Gross → Net: 1.26% → 1.17%
    ⚠️ Rebound: -0.09%
  🧪 PFAS Remediation:
    Concentration Factor: 2.24%
    Energy Factor: 100.00%
    Gross → Net: 1.57% → 1.47%
    ⚠️ Rebound: -0.09%
  🧪 Microplastic Capture:
    Concentration Factor: 3.16%
    Energy Factor: 100.00%
    Gross → Net: 1.26% → 0.69%
    ⚠️ Rebound: -0.57%
  🧪 PFAS Remediation:
    Concentration Factor: 2.24%
    Energy Factor: 100.00%
    Gross → Net: 1.57% → 1.31%
    ⚠️ Rebound: -0.25%
  🧪 Microplastic Capture:
    Concentration Factor: 3.16%
    Energy Factor: 100.00%
    Gross → Net: 1.26% → 0.81%
    ⚠️ Rebound: -0.45%
  🧪 PFAS Remediation:
    Concentration Factor: 2.24%
    Energy Factor: 100.00%
    Gross → Net: 1.57% → 0.97%
    ⚠️ Rebound: -0.60%
⚠️ EnergyBudgetPhase not enabled in applyEnergyConstrainedCleanup, assuming full energy availability
⚠️ EnergyBudgetPhase not enabled in applyEnergyConstrainedCleanup, assuming full energy availability
⚠️ EnergyBudgetPhase not enabled in applyEnergyConstrainedCleanup, assuming full energy availability
⚠️ EnergyBudgetPhase not enabled in applyEnergyConstrainedCleanup, assuming full energy availability
⚠️ EnergyBudgetPhase not enabled in applyEnergyConstrainedCleanup, assuming full energy availability
⚠️ EnergyBudgetPhase not enabled in applyEnergyConstrainedCleanup, assuming full energy availability
⚠️ EnergyBudgetPhase not enabled in applyEnergyConstrainedCleanup, assuming full energy availability
⚠️ EnergyBudgetPhase not enabled in applyEnergyConstrainedCleanup, assuming full energy availability
⚠️ EnergyBudgetPhase not enabled in applyEnergyConstrainedCleanup, assuming full energy availability
⚠️ EnergyBudgetPhase not enabled in applyEnergyConstrainedCleanup, assuming full energy availability
⚠️ EnergyBudgetPhase not enabled in applyEnergyConstrainedCleanup, assuming full energy availability
⚠️ EnergyBudgetPhase not enabled in applyEnergyConstrainedCleanup, assuming full energy availability
⚠️ EnergyBudgetPhase not enabled in applyEnergyConstrainedCleanup, assuming full energy availability
⚠️ EnergyBudgetPhase not enabled in applyEnergyConstrainedCleanup, assuming full energy availability
⚠️ EnergyBudgetPhase not enabled in applyEnergyConstrainedCleanup, assuming full energy availability
⚠️ EnergyBudgetPhase not enabled in applyEnergyConstrainedCleanup, assuming full energy availability
⚠️ EnergyBudgetPhase not enabled in applyEnergyConstrainedCleanup, assuming full energy availability
  🧪 Microplastic Capture:
    Concentration Factor: 3.16%
    Energy Factor: 100.00%
    Gross → Net: 1.26% → 1.15%
    ⚠️ Rebound: -0.12%
⚠️ EnergyBudgetPhase not enabled in applyEnergyConstrainedCleanup, assuming full energy availability
  🧪 PFAS Remediation:
    Concentration Factor: 2.24%
    Energy Factor: 100.00%
    Gross → Net: 1.57% → 1.28%
    ⚠️ Rebound: -0.28%
⚠️ EnergyBudgetPhase not enabled in applyEnergyConstrainedCleanup, assuming full energy availability
  🧪 Microplastic Capture:
    Concentration Factor: 3.16%
    Energy Factor: 100.00%
    Gross → Net: 1.26% → 0.81%
    ⚠️ Rebound: -0.46%
⚠️ EnergyBudgetPhase not enabled in applyEnergyConstrainedCleanup, assuming full energy availability
  🧪 PFAS Remediation:
    Concentration Factor: 2.24%
    Energy Factor: 100.00%
    Gross → Net: 1.57% → 1.07%
    ⚠️ Rebound: -0.49%
⚠️ EnergyBudgetPhase not enabled in applyEnergyConstrainedCleanup, assuming full energy availability
  🧪 Microplastic Capture:
    Concentration Factor: 3.16%
    Energy Factor: 100.00%
    Gross → Net: 1.26% → 0.74%
    ⚠️ Rebound: -0.53%
  🧪 PFAS Remediation:
    Concentration Factor: 2.24%
    Energy Factor: 100.00%
    Gross → Net: 1.57% → 0.93%
    ⚠️ Rebound: -0.63%
  🧪 Microplastic Capture:
    Concentration Factor: 3.16%
    Energy Factor: 100.00%
    Gross → Net: 1.26% → 0.81%
    ⚠️ Rebound: -0.45%
  🧪 PFAS Remediation:
    Concentration Factor: 2.24%
    Energy Factor: 100.00%
    Gross → Net: 1.57% → 1.44%
    ⚠️ Rebound: -0.13%
  🧪 Microplastic Capture:
    Concentration Factor: 3.16%
    Energy Factor: 100.00%
    Gross → Net: 1.26% → 0.63%
    ⚠️ Rebound: -0.63%
  🧪 PFAS Remediation:
    Concentration Factor: 2.24%
    Energy Factor: 100.00%
    Gross → Net: 1.57% → 0.94%
    ⚠️ Rebound: -0.62%
  🧪 Microplastic Capture:
    Concentration Factor: 3.16%
    Energy Factor: 100.00%
    Gross → Net: 1.26% → 0.71%
    ⚠️ Rebound: -0.56%
  🧪 PFAS Remediation:
    Concentration Factor: 2.24%
    Energy Factor: 100.00%
    Gross → Net: 1.57% → 0.94%
    ⚠️ Rebound: -0.63%
  🧪 Microplastic Capture:
    Concentration Factor: 3.16%
    Energy Factor: 100.00%
    Gross → Net: 1.26% → 1.19%
    ⚠️ Rebound: -0.08%
  🧪 PFAS Remediation:
    Concentration Factor: 2.24%
    Energy Factor: 100.00%
    Gross → Net: 1.57% → 1.17%
    ⚠️ Rebound: -0.39%
  🧪 Microplastic Capture:
    Concentration Factor: 3.16%
    Energy Factor: 100.00%
    Gross → Net: 1.26% → 0.99%
    ⚠️ Rebound: -0.27%
  🧪 PFAS Remediation:
    Concentration Factor: 2.24%
    Energy Factor: 100.00%
⚠️ EnergyBudgetPhase not enabled in applyEnergyConstrainedCleanup, assuming full energy availability
⚠️ EnergyBudgetPhase not enabled in applyEnergyConstrainedCleanup, assuming full energy availability
⚠️ EnergyBudgetPhase not enabled in applyEnergyConstrainedCleanup, assuming full energy availability
⚠️ EnergyBudgetPhase not enabled in applyEnergyConstrainedCleanup, assuming full energy availability
⚠️ EnergyBudgetPhase not enabled in applyEnergyConstrainedCleanup, assuming full energy availability
⚠️ EnergyBudgetPhase not enabled in applyEnergyConstrainedCleanup, assuming full energy availability
⚠️ EnergyBudgetPhase not enabled in applyEnergyConstrainedCleanup, assuming full energy availability
⚠️ EnergyBudgetPhase not enabled in applyEnergyConstrainedCleanup, assuming full energy availability
⚠️ EnergyBudgetPhase not enabled in applyEnergyConstrainedCleanup, assuming full energy availability
⚠️ EnergyBudgetPhase not enabled in applyEnergyConstrainedCleanup, assuming full energy availability
⚠️ EnergyBudgetPhase not enabled in applyEnergyConstrainedCleanup, assuming full energy availability
    Gross → Net: 1.57% → 1.36%
    ⚠️ Rebound: -0.21%
⚠️ EnergyBudgetPhase not enabled in applyEnergyConstrainedCleanup, assuming full energy availability
  🧪 Microplastic Capture:
    Concentration Factor: 3.16%
    Energy Factor: 100.00%
    Gross → Net: 1.26% → 0.91%
    ⚠️ Rebound: -0.36%
⚠️ EnergyBudgetPhase not enabled in applyEnergyConstrainedCleanup, assuming full energy availability
  🧪 PFAS Remediation:
    Concentration Factor: 2.24%
    Energy Factor: 100.00%
    Gross → Net: 1.57% → 1.12%
    ⚠️ Rebound: -0.44%
⚠️ EnergyBudgetPhase not enabled in applyEnergyConstrainedCleanup, assuming full energy availability
  🧪 Microplastic Capture:
    Concentration Factor: 3.16%
    Energy Factor: 100.00%
    Gross → Net: 1.26% → 0.69%
    ⚠️ Rebound: -0.57%
⚠️ EnergyBudgetPhase not enabled in applyEnergyConstrainedCleanup, assuming full energy availability
  🧪 PFAS Remediation:
    Concentration Factor: 2.24%
    Energy Factor: 100.00%
    Gross → Net: 1.57% → 1.37%
    ⚠️ Rebound: -0.19%
  🧪 Microplastic Capture:
    Concentration Factor: 3.16%
    Energy Factor: 100.00%
    Gross → Net: 1.26% → 0.99%
    ⚠️ Rebound: -0.28%
  🧪 PFAS Remediation:
    Concentration Factor: 2.24%
    Energy Factor: 100.00%
    Gross → Net: 1.57% → 1.16%
    ⚠️ Rebound: -0.41%
  🧪 Microplastic Capture:
    Concentration Factor: 3.16%
    Energy Factor: 100.00%
    Gross → Net: 1.26% → 0.78%
    ⚠️ Rebound: -0.48%
  🧪 PFAS Remediation:
    Concentration Factor: 2.24%
    Energy Factor: 100.00%
    Gross → Net: 1.57% → 1.23%
    ⚠️ Rebound: -0.34%
  🧪 Microplastic Capture:
    Concentration Factor: 3.16%
    Energy Factor: 100.00%
    Gross → Net: 1.26% → 1.09%
    ⚠️ Rebound: -0.18%
  🧪 PFAS Remediation:
    Concentration Factor: 2.24%
    Energy Factor: 100.00%
    Gross → Net: 1.57% → 1.11%
    ⚠️ Rebound: -0.46%
  🧪 Microplastic Capture:
    Concentration Factor: 3.16%
    Energy Factor: 100.00%
    Gross → Net: 1.26% → 1.18%
    ⚠️ Rebound: -0.09%
⚠️ EnergyBudgetPhase not enabled in applyEnergyConstrainedCleanup, assuming full energy availability
⚠️ EnergyBudgetPhase not enabled in applyEnergyConstrainedCleanup, assuming full energy availability
⚠️ EnergyBudgetPhase not enabled in applyEnergyConstrainedCleanup, assuming full energy availability
⚠️ EnergyBudgetPhase not enabled in applyEnergyConstrainedCleanup, assuming full energy availability
⚠️ EnergyBudgetPhase not enabled in applyEnergyConstrainedCleanup, assuming full energy availability
⚠️ EnergyBudgetPhase not enabled in applyEnergyConstrainedCleanup, assuming full energy availability
⚠️ EnergyBudgetPhase not enabled in applyEnergyConstrainedCleanup, assuming full energy availability
⚠️ EnergyBudgetPhase not enabled in applyEnergyConstrainedCleanup, assuming full energy availability
  🧪 PFAS Remediation:
    Concentration Factor: 2.24%
    Energy Factor: 100.00%
    Gross → Net: 1.57% → 0.90%
    ⚠️ Rebound: -0.67%
  🧪 Microplastic Capture:
    Concentration Factor: 3.16%
    Energy Factor: 100.00%
    Gross → Net: 1.26% → 1.00%
    ⚠️ Rebound: -0.27%
  🧪 PFAS Remediation:
    Concentration Factor: 2.24%
    Energy Factor: 100.00%
    Gross → Net: 1.57% → 1.15%
    ⚠️ Rebound: -0.42%
  🧪 Microplastic Capture:
    Concentration Factor: 3.16%
    Energy Factor: 100.00%
    Gross → Net: 1.26% → 1.16%
    ⚠️ Rebound: -0.10%
  🧪 PFAS Remediation:
    Concentration Factor: 2.24%
    Energy Factor: 100.00%
    Gross → Net: 1.57% → 1.19%
    ⚠️ Rebound: -0.37%
  🧪 Microplastic Capture:
    Concentration Factor: 3.16%
    Energy Factor: 100.00%
    Gross → Net: 1.26% → 0.72%
    ⚠️ Rebound: -0.55%
  🧪 PFAS Remediation:
    Concentration Factor: 2.24%
    Energy Factor: 100.00%
    Gross → Net: 1.57% → 1.33%
    ⚠️ Rebound: -0.24%
  🧪 Microplastic Capture:
    Concentration Factor: 3.16%
    Energy Factor: 100.00%
    Gross → Net: 1.26% → 0.91%
    ⚠️ Rebound: -0.36%
  🧪 PFAS Remediation:
    Concentration Factor: 2.24%
    Energy Factor: 100.00%
    Gross → Net: 1.57% → 0.98%
    ⚠️ Rebound: -0.59%
  🧪 Microplastic Capture:
    Concentration Factor: 3.16%
    Energy Factor: 100.00%
    Gross → Net: 1.26% → 0.95%
    ⚠️ Rebound: -0.31%
  🧪 PFAS Remediation:
    Concentration Factor: 2.24%
    Energy Factor: 100.00%
    Gross → Net: 1.57% → 1.24%
    ⚠️ Rebound: -0.33%
  🧪 Microplastic Capture:
    Concentration Factor: 3.16%
    Energy Factor: 100.00%
    Gross → Net: 1.26% → 1.18%
    ⚠️ Rebound: -0.09%
  🧪 PFAS Remediation:
    Concentration Factor: 2.24%
    Energy Factor: 100.00%
    Gross → Net: 1.57% → 1.25%
    ⚠️ Rebound: -0.31%
  🧪 Microplastic Capture:
    Concentration Factor: 3.16%
    Energy Factor: 100.00%
    Gross → Net: 1.26% → 0.76%
    ⚠️ Rebound: -0.50%
  🧪 PFAS Remediation:
    Concentration Factor: 2.24%
    Energy Factor: 100.00%
    Gross → Net: 1.57% → 1.31%
    ⚠️ Rebound: -0.25%
  🧪 Microplastic Capture:
    Concentration Factor: 3.16%
    Energy Factor: 100.00%
    Gross → Net: 1.26% → 1.11%
    ⚠️ Rebound: -0.15%
⚠️ EnergyBudgetPhase not enabled in applyEnergyConstrainedCleanup, assuming full energy availability
⚠️ EnergyBudgetPhase not enabled in applyEnergyConstrainedCleanup, assuming full energy availability
⚠️ EnergyBudgetPhase not enabled in applyEnergyConstrainedCleanup, assuming full energy availability
⚠️ EnergyBudgetPhase not enabled in applyEnergyConstrainedCleanup, assuming full energy availability
⚠️ EnergyBudgetPhase not enabled in applyEnergyConstrainedCleanup, assuming full energy availability
⚠️ EnergyBudgetPhase not enabled in applyEnergyConstrainedCleanup, assuming full energy availability
⚠️ EnergyBudgetPhase not enabled in applyEnergyConstrainedCleanup, assuming full energy availability
⚠️ EnergyBudgetPhase not enabled in applyEnergyConstrainedCleanup, assuming full energy availability
⚠️ EnergyBudgetPhase not enabled in applyEnergyConstrainedCleanup, assuming full energy availability
⚠️ EnergyBudgetPhase not enabled in applyEnergyConstrainedCleanup, assuming full energy availability
⚠️ EnergyBudgetPhase not enabled in applyEnergyConstrainedCleanup, assuming full energy availability
⚠️ EnergyBudgetPhase not enabled in applyEnergyConstrainedCleanup, assuming full energy availability
⚠️ EnergyBudgetPhase not enabled in applyEnergyConstrainedCleanup, assuming full energy availability
⚠️ EnergyBudgetPhase not enabled in applyEnergyConstrainedCleanup, assuming full energy availability
⚠️ EnergyBudgetPhase not enabled in applyEnergyConstrainedCleanup, assuming full energy availability
⚠️ EnergyBudgetPhase not enabled in applyEnergyConstrainedCleanup, assuming full energy availability
  🧪 PFAS Remediation:
    Concentration Factor: 2.24%
    Energy Factor: 100.00%
    Gross → Net: 1.57% → 0.88%
    ⚠️ Rebound: -0.68%
⚠️ EnergyBudgetPhase not enabled in applyEnergyConstrainedCleanup, assuming full energy availability
  🧪 Microplastic Capture:
    Concentration Factor: 3.16%
    Energy Factor: 100.00%
    Gross → Net: 1.26% → 1.15%
    ⚠️ Rebound: -0.11%
⚠️ EnergyBudgetPhase not enabled in applyEnergyConstrainedCleanup, assuming full energy availability
  🧪 PFAS Remediation:
    Concentration Factor: 2.24%
    Energy Factor: 100.00%
    Gross → Net: 1.57% → 1.32%
    ⚠️ Rebound: -0.24%
⚠️ EnergyBudgetPhase not enabled in applyEnergyConstrainedCleanup, assuming full energy availability
  🧪 Microplastic Capture:
    Concentration Factor: 3.16%
    Energy Factor: 100.00%
    Gross → Net: 1.26% → 1.04%
    ⚠️ Rebound: -0.23%
⚠️ EnergyBudgetPhase not enabled in applyEnergyConstrainedCleanup, assuming full energy availability
  🧪 PFAS Remediation:
    Concentration Factor: 2.24%
    Energy Factor: 100.00%
    Gross → Net: 1.57% → 1.15%
    ⚠️ Rebound: -0.41%
⚠️ EnergyBudgetPhase not enabled in applyEnergyConstrainedCleanup, assuming full energy availability
  🧪 Microplastic Capture:
    Concentration Factor: 3.16%
    Energy Factor: 100.00%
    Gross → Net: 1.26% → 0.80%
    ⚠️ Rebound: -0.46%
  🧪 PFAS Remediation:
    Concentration Factor: 2.24%
    Energy Factor: 100.00%
    Gross → Net: 1.57% → 0.97%
    ⚠️ Rebound: -0.59%
  🧪 Microplastic Capture:
    Concentration Factor: 3.16%
    Energy Factor: 100.00%
    Gross → Net: 1.26% → 1.08%
    ⚠️ Rebound: -0.18%
  🧪 PFAS Remediation:
    Concentration Factor: 2.24%
    Energy Factor: 100.00%
    Gross → Net: 1.57% → 1.36%
    ⚠️ Rebound: -0.21%
  🧪 Microplastic Capture:
    Concentration Factor: 3.16%
    Energy Factor: 100.00%
    Gross → Net: 1.26% → 0.71%
    ⚠️ Rebound: -0.55%
  🧪 PFAS Remediation:
    Concentration Factor: 2.24%
    Energy Factor: 100.00%
    Gross → Net: 1.57% → 1.34%
    ⚠️ Rebound: -0.23%
  🧪 Microplastic Capture:
    Concentration Factor: 3.16%
    Energy Factor: 100.00%
    Gross → Net: 1.26% → 0.79%
    ⚠️ Rebound: -0.48%
  🧪 PFAS Remediation:
    Concentration Factor: 2.24%
    Energy Factor: 100.00%
    Gross → Net: 1.57% → 0.80%
    ⚠️ Rebound: -0.76%
  🧪 Microplastic Capture:
    Concentration Factor: 3.16%
    Energy Factor: 100.00%
    Gross → Net: 1.26% → 0.73%
    ⚠️ Rebound: -0.53%
  🧪 PFAS Remediation:
    Concentration Factor: 2.24%
    Energy Factor: 100.00%
    Gross → Net: 1.57% → 0.79%
    ⚠️ Rebound: -0.78%
  🧪 Microplastic Capture:
    Concentration Factor: 3.16%
    Energy Factor: 100.00%
    Gross → Net: 1.26% → 0.75%
    ⚠️ Rebound: -0.51%
  🧪 PFAS Remediation:
    Concentration Factor: 2.24%
    Energy Factor: 100.00%
    Gross → Net: 1.57% → 0.99%
    ⚠️ Rebound: -0.57%
  🧪 Microplastic Capture:
    Concentration Factor: 3.16%
    Energy Factor: 100.00%
    Gross → Net: 1.26% → 0.99%
⚠️ EnergyBudgetPhase not enabled in applyEnergyConstrainedCleanup, assuming full energy availability
⚠️ EnergyBudgetPhase not enabled in applyEnergyConstrainedCleanup, assuming full energy availability
⚠️ EnergyBudgetPhase not enabled in applyEnergyConstrainedCleanup, assuming full energy availability
⚠️ EnergyBudgetPhase not enabled in applyEnergyConstrainedCleanup, assuming full energy availability
⚠️ EnergyBudgetPhase not enabled in applyEnergyConstrainedCleanup, assuming full energy availability
⚠️ EnergyBudgetPhase not enabled in applyEnergyConstrainedCleanup, assuming full energy availability
⚠️ EnergyBudgetPhase not enabled in applyEnergyConstrainedCleanup, assuming full energy availability
⚠️ EnergyBudgetPhase not enabled in applyEnergyConstrainedCleanup, assuming full energy availability
⚠️ EnergyBudgetPhase not enabled in applyEnergyConstrainedCleanup, assuming full energy availability
⚠️ EnergyBudgetPhase not enabled in applyEnergyConstrainedCleanup, assuming full energy availability
⚠️ EnergyBudgetPhase not enabled in applyEnergyConstrainedCleanup, assuming full energy availability
⚠️ EnergyBudgetPhase not enabled in applyEnergyConstrainedCleanup, assuming full energy availability
    ⚠️ Rebound: -0.27%
⚠️ EnergyBudgetPhase not enabled in applyEnergyConstrainedCleanup, assuming full energy availability
  🧪 PFAS Remediation:
    Concentration Factor: 2.24%
    Energy Factor: 100.00%
    Gross → Net: 1.57% → 0.93%
    ⚠️ Rebound: -0.64%
⚠️ EnergyBudgetPhase not enabled in applyEnergyConstrainedCleanup, assuming full energy availability
  🧪 Microplastic Capture:
    Concentration Factor: 3.16%
    Energy Factor: 100.00%
    Gross → Net: 1.26% → 0.76%
    ⚠️ Rebound: -0.51%
⚠️ EnergyBudgetPhase not enabled in applyEnergyConstrainedCleanup, assuming full energy availability
  🧪 PFAS Remediation:
    Concentration Factor: 2.24%
    Energy Factor: 100.00%
    Gross → Net: 1.57% → 0.85%
    ⚠️ Rebound: -0.71%
⚠️ EnergyBudgetPhase not enabled in applyEnergyConstrainedCleanup, assuming full energy availability
  🧪 Microplastic Capture:
    Concentration Factor: 3.16%
    Energy Factor: 100.00%
    Gross → Net: 1.26% → 0.91%
    ⚠️ Rebound: -0.36%
⚠️ EnergyBudgetPhase not enabled in applyEnergyConstrainedCleanup, assuming full energy availability
⚠️ EnergyBudgetPhase not enabled in applyEnergyConstrainedCleanup, assuming full energy availability
⚠️ EnergyBudgetPhase not enabled in applyEnergyConstrainedCleanup, assuming full energy availability
⚠️ EnergyBudgetPhase not enabled in applyEnergyConstrainedCleanup, assuming full energy availability
⚠️ EnergyBudgetPhase not enabled in applyEnergyConstrainedCleanup, assuming full energy availability
⚠️ EnergyBudgetPhase not enabled in applyEnergyConstrainedCleanup, assuming full energy availability
  🧪 PFAS Remediation:
    Concentration Factor: 2.24%
    Energy Factor: 100.00%
    Gross → Net: 1.57% → 1.38%
    ⚠️ Rebound: -0.18%
  🧪 Microplastic Capture:
    Concentration Factor: 3.16%
    Energy Factor: 100.00%
    Gross → Net: 1.26% → 1.08%
    ⚠️ Rebound: -0.19%
  🧪 PFAS Remediation:
    Concentration Factor: 2.24%
    Energy Factor: 100.00%
    Gross → Net: 1.57% → 1.28%
    ⚠️ Rebound: -0.28%
  🧪 Microplastic Capture:
    Concentration Factor: 3.16%
    Energy Factor: 100.00%
    Gross → Net: 1.26% → 0.85%
    ⚠️ Rebound: -0.41%
  🧪 PFAS Remediation:
    Concentration Factor: 2.24%
    Energy Factor: 100.00%
    Gross → Net: 1.57% → 1.03%
    ⚠️ Rebound: -0.54%
  🧪 Microplastic Capture:
    Concentration Factor: 3.16%
    Energy Factor: 100.00%
    Gross → Net: 1.26% → 0.80%
    ⚠️ Rebound: -0.47%
⚠️ EnergyBudgetPhase not enabled in applyEnergyConstrainedCleanup, assuming full energy availability
  🧪 PFAS Remediation:
    Concentration Factor: 2.24%
    Energy Factor: 100.00%
    Gross → Net: 1.57% → 1.39%
    ⚠️ Rebound: -0.18%
  🧪 Microplastic Capture:
    Concentration Factor: 3.16%
    Energy Factor: 100.00%
    Gross → Net: 1.26% → 0.80%
    ⚠️ Rebound: -0.47%
  🧪 PFAS Remediation:
    Concentration Factor: 2.24%
    Energy Factor: 100.00%
    Gross → Net: 1.57% → 0.84%
    ⚠️ Rebound: -0.73%
  🧪 Microplastic Capture:
    Concentration Factor: 3.16%
    Energy Factor: 100.00%
    Gross → Net: 1.26% → 1.04%
    ⚠️ Rebound: -0.23%
  🧪 PFAS Remediation:
    Concentration Factor: 2.24%
    Energy Factor: 100.00%
    Gross → Net: 1.57% → 1.13%
    ⚠️ Rebound: -0.43%
  🧪 Microplastic Capture:
    Concentration Factor: 3.16%
    Energy Factor: 100.00%
    Gross → Net: 1.26% → 1.04%
    ⚠️ Rebound: -0.22%
  🧪 PFAS Remediation:
    Concentration Factor: 2.24%
    Energy Factor: 100.00%
    Gross → Net: 1.57% → 1.14%
    ⚠️ Rebound: -0.42%
  🧪 Microplastic Capture:
    Concentration Factor: 3.16%
    Energy Factor: 100.00%
    Gross → Net: 1.26% → 0.66%
    ⚠️ Rebound: -0.60%
  🧪 PFAS Remediation:
    Concentration Factor: 2.24%
    Energy Factor: 100.00%
    Gross → Net: 1.57% → 1.39%
    ⚠️ Rebound: -0.18%
  🧪 Microplastic Capture:
    Concentration Factor: 3.16%
    Energy Factor: 100.00%
    Gross → Net: 1.26% → 1.09%
    ⚠️ Rebound: -0.18%
  🧪 PFAS Remediation:
    Concentration Factor: 2.24%
    Energy Factor: 100.00%
    Gross → Net: 1.57% → 1.18%
    ⚠️ Rebound: -0.38%
⚠️ EnergyBudgetPhase not enabled in applyEnergyConstrainedCleanup, assuming full energy availability
⚠️ EnergyBudgetPhase not enabled in applyEnergyConstrainedCleanup, assuming full energy availability
⚠️ EnergyBudgetPhase not enabled in applyEnergyConstrainedCleanup, assuming full energy availability
⚠️ EnergyBudgetPhase not enabled in applyEnergyConstrainedCleanup, assuming full energy availability
⚠️ EnergyBudgetPhase not enabled in applyEnergyConstrainedCleanup, assuming full energy availability
⚠️ EnergyBudgetPhase not enabled in applyEnergyConstrainedCleanup, assuming full energy availability
⚠️ EnergyBudgetPhase not enabled in applyEnergyConstrainedCleanup, assuming full energy availability
⚠️ EnergyBudgetPhase not enabled in applyEnergyConstrainedCleanup, assuming full energy availability
⚠️ EnergyBudgetPhase not enabled in applyEnergyConstrainedCleanup, assuming full energy availability
⚠️ EnergyBudgetPhase not enabled in applyEnergyConstrainedCleanup, assuming full energy availability
⚠️ EnergyBudgetPhase not enabled in applyEnergyConstrainedCleanup, assuming full energy availability
  🧪 Microplastic Capture:
    Concentration Factor: 3.16%
    Energy Factor: 100.00%
    Gross → Net: 1.26% → 0.85%
    ⚠️ Rebound: -0.41%
⚠️ EnergyBudgetPhase not enabled in applyEnergyConstrainedCleanup, assuming full energy availability
  🧪 PFAS Remediation:
    Concentration Factor: 2.24%
    Energy Factor: 100.00%
    Gross → Net: 1.57% → 1.21%
    ⚠️ Rebound: -0.36%
⚠️ EnergyBudgetPhase not enabled in applyEnergyConstrainedCleanup, assuming full energy availability
  🧪 Microplastic Capture:
    Concentration Factor: 3.16%
    Energy Factor: 100.00%
    Gross → Net: 1.26% → 1.16%
    ⚠️ Rebound: -0.11%
⚠️ EnergyBudgetPhase not enabled in applyEnergyConstrainedCleanup, assuming full energy availability
  🧪 PFAS Remediation:
    Concentration Factor: 2.24%
    Energy Factor: 100.00%
    Gross → Net: 1.57% → 0.90%
    ⚠️ Rebound: -0.67%
  🧪 Microplastic Capture:
    Concentration Factor: 3.16%
    Energy Factor: 100.00%
    Gross → Net: 1.26% → 1.00%
    ⚠️ Rebound: -0.26%
  🧪 PFAS Remediation:
    Concentration Factor: 2.24%
    Energy Factor: 100.00%
    Gross → Net: 1.57% → 0.95%
    ⚠️ Rebound: -0.61%
  🧪 Microplastic Capture:
    Concentration Factor: 3.16%
    Energy Factor: 100.00%
    Gross → Net: 1.26% → 0.68%
    ⚠️ Rebound: -0.58%
  🧪 PFAS Remediation:
    Concentration Factor: 2.24%
    Energy Factor: 100.00%
    Gross → Net: 1.57% → 1.44%
    ⚠️ Rebound: -0.12%
  🧪 Microplastic Capture:
    Concentration Factor: 3.16%
    Energy Factor: 100.00%
    Gross → Net: 1.26% → 0.69%
    ⚠️ Rebound: -0.58%
  🧪 PFAS Remediation:
    Concentration Factor: 2.24%
    Energy Factor: 100.00%
    Gross → Net: 1.57% → 1.25%
    ⚠️ Rebound: -0.32%
  🧪 Microplastic Capture:
    Concentration Factor: 3.16%
    Energy Factor: 100.00%
    Gross → Net: 1.26% → 1.20%
    ⚠️ Rebound: -0.07%
  🧪 PFAS Remediation:
    Concentration Factor: 2.24%
    Energy Factor: 100.00%
⚠️ EnergyBudgetPhase not enabled in applyEnergyConstrainedCleanup, assuming full energy availability
⚠️ EnergyBudgetPhase not enabled in applyEnergyConstrainedCleanup, assuming full energy availability
⚠️ EnergyBudgetPhase not enabled in applyEnergyConstrainedCleanup, assuming full energy availability
⚠️ EnergyBudgetPhase not enabled in applyEnergyConstrainedCleanup, assuming full energy availability
⚠️ EnergyBudgetPhase not enabled in applyEnergyConstrainedCleanup, assuming full energy availability
⚠️ EnergyBudgetPhase not enabled in applyEnergyConstrainedCleanup, assuming full energy availability
⚠️ EnergyBudgetPhase not enabled in applyEnergyConstrainedCleanup, assuming full energy availability
⚠️ EnergyBudgetPhase not enabled in applyEnergyConstrainedCleanup, assuming full energy availability
    Gross → Net: 1.57% → 0.88%
    ⚠️ Rebound: -0.68%
⚠️ EnergyBudgetPhase not enabled in applyEnergyConstrainedCleanup, assuming full energy availability
  🧪 Microplastic Capture:
    Concentration Factor: 3.16%
    Energy Factor: 100.00%
    Gross → Net: 1.26% → 0.89%
    ⚠️ Rebound: -0.38%
⚠️ EnergyBudgetPhase not enabled in applyEnergyConstrainedCleanup, assuming full energy availability
  🧪 PFAS Remediation:
    Concentration Factor: 2.24%
    Energy Factor: 100.00%
    Gross → Net: 1.57% → 1.43%
    ⚠️ Rebound: -0.13%
  🧪 Microplastic Capture:
    Concentration Factor: 3.16%
    Energy Factor: 100.00%
    Gross → Net: 1.26% → 1.05%
    ⚠️ Rebound: -0.21%
  🧪 PFAS Remediation:
    Concentration Factor: 2.24%
    Energy Factor: 100.00%
    Gross → Net: 1.57% → 1.33%
    ⚠️ Rebound: -0.24%
  🧪 Microplastic Capture:
    Concentration Factor: 3.16%
    Energy Factor: 100.00%
    Gross → Net: 1.26% → 1.03%
    ⚠️ Rebound: -0.23%
  🧪 PFAS Remediation:
    Concentration Factor: 2.24%
    Energy Factor: 100.00%
    Gross → Net: 1.57% → 0.91%
    ⚠️ Rebound: -0.66%
  🧪 Microplastic Capture:
    Concentration Factor: 3.16%
    Energy Factor: 100.00%
    Gross → Net: 1.26% → 0.80%
    ⚠️ Rebound: -0.47%
  🧪 PFAS Remediation:
    Concentration Factor: 2.24%
    Energy Factor: 100.00%
    Gross → Net: 1.57% → 1.37%
    ⚠️ Rebound: -0.20%
  🧪 Microplastic Capture:
    Concentration Factor: 3.16%
    Energy Factor: 100.00%
    Gross → Net: 1.26% → 1.03%
    ⚠️ Rebound: -0.23%
  🧪 PFAS Remediation:
    Concentration Factor: 2.24%
    Energy Factor: 100.00%
    Gross → Net: 1.57% → 1.35%
    ⚠️ Rebound: -0.21%
  🧪 Microplastic Capture:
    Concentration Factor: 3.16%
    Energy Factor: 100.00%
    Gross → Net: 1.26% → 0.95%
    ⚠️ Rebound: -0.32%
  🧪 PFAS Remediation:
    Concentration Factor: 2.24%
    Energy Factor: 100.00%
⚠️ EnergyBudgetPhase not enabled in applyEnergyConstrainedCleanup, assuming full energy availability
⚠️ EnergyBudgetPhase not enabled in applyEnergyConstrainedCleanup, assuming full energy availability
⚠️ EnergyBudgetPhase not enabled in applyEnergyConstrainedCleanup, assuming full energy availability
⚠️ EnergyBudgetPhase not enabled in applyEnergyConstrainedCleanup, assuming full energy availability
⚠️ EnergyBudgetPhase not enabled in applyEnergyConstrainedCleanup, assuming full energy availability
⚠️ EnergyBudgetPhase not enabled in applyEnergyConstrainedCleanup, assuming full energy availability
⚠️ EnergyBudgetPhase not enabled in applyEnergyConstrainedCleanup, assuming full energy availability
⚠️ EnergyBudgetPhase not enabled in applyEnergyConstrainedCleanup, assuming full energy availability
⚠️ EnergyBudgetPhase not enabled in applyEnergyConstrainedCleanup, assuming full energy availability
⚠️ EnergyBudgetPhase not enabled in applyEnergyConstrainedCleanup, assuming full energy availability
    Gross → Net: 1.57% → 1.36%
    ⚠️ Rebound: -0.21%
⚠️ EnergyBudgetPhase not enabled in applyEnergyConstrainedCleanup, assuming full energy availability
  🧪 Microplastic Capture:
    Concentration Factor: 3.16%
    Energy Factor: 100.00%
    Gross → Net: 1.26% → 0.81%
    ⚠️ Rebound: -0.45%
⚠️ EnergyBudgetPhase not enabled in applyEnergyConstrainedCleanup, assuming full energy availability
  🧪 PFAS Remediation:
    Concentration Factor: 2.24%
    Energy Factor: 100.00%
    Gross → Net: 1.57% → 1.30%
    ⚠️ Rebound: -0.26%
⚠️ EnergyBudgetPhase not enabled in applyEnergyConstrainedCleanup, assuming full energy availability
  🧪 Microplastic Capture:
    Concentration Factor: 3.16%
    Energy Factor: 100.00%
    Gross → Net: 1.26% → 0.76%
    ⚠️ Rebound: -0.51%
  🧪 PFAS Remediation:
    Concentration Factor: 2.24%
    Energy Factor: 100.00%
    Gross → Net: 1.57% → 1.04%
    ⚠️ Rebound: -0.53%
  🧪 Microplastic Capture:
    Concentration Factor: 3.16%
    Energy Factor: 100.00%
    Gross → Net: 1.26% → 0.81%
    ⚠️ Rebound: -0.45%
  🧪 PFAS Remediation:
    Concentration Factor: 2.24%
    Energy Factor: 100.00%
    Gross → Net: 1.57% → 1.45%
    ⚠️ Rebound: -0.11%
  🧪 Microplastic Capture:
⚠️ EnergyBudgetPhase not enabled in applyEnergyConstrainedCleanup, assuming full energy availability
⚠️ EnergyBudgetPhase not enabled in applyEnergyConstrainedCleanup, assuming full energy availability
⚠️ EnergyBudgetPhase not enabled in applyEnergyConstrainedCleanup, assuming full energy availability
⚠️ EnergyBudgetPhase not enabled in applyEnergyConstrainedCleanup, assuming full energy availability
    Concentration Factor: 3.16%
    Energy Factor: 100.00%
    Gross → Net: 1.26% → 0.76%
    ⚠️ Rebound: -0.50%
⚠️ EnergyBudgetPhase not enabled in applyEnergyConstrainedCleanup, assuming full energy availability
  🧪 PFAS Remediation:
    Concentration Factor: 2.24%
    Energy Factor: 100.00%
    Gross → Net: 1.57% → 0.87%
    ⚠️ Rebound: -0.70%
  🧪 Microplastic Capture:
    Concentration Factor: 3.16%
    Energy Factor: 100.00%
    Gross → Net: 1.26% → 0.63%
    ⚠️ Rebound: -0.63%
  🧪 PFAS Remediation:
    Concentration Factor: 2.24%
    Energy Factor: 100.00%
    Gross → Net: 1.57% → 0.90%
    ⚠️ Rebound: -0.66%
  🧪 Microplastic Capture:
    Concentration Factor: 3.16%
    Energy Factor: 100.00%
    Gross → Net: 1.26% → 1.17%
    ⚠️ Rebound: -0.09%
  🧪 PFAS Remediation:
    Concentration Factor: 2.24%
    Energy Factor: 100.00%
    Gross → Net: 1.57% → 1.33%
    ⚠️ Rebound: -0.24%
  🧪 Microplastic Capture:
    Concentration Factor: 3.16%
    Energy Factor: 100.00%
    Gross → Net: 1.26% → 0.89%
    ⚠️ Rebound: -0.38%
  🧪 PFAS Remediation:
    Concentration Factor: 2.24%
    Energy Factor: 100.00%
    Gross → Net: 1.57% → 1.31%
    ⚠️ Rebound: -0.26%
  🧪 Microplastic Capture:
    Concentration Factor: 3.16%
    Energy Factor: 100.00%
    Gross → Net: 1.26% → 0.67%
    ⚠️ Rebound: -0.60%
  🧪 PFAS Remediation:
    Concentration Factor: 2.24%
    Energy Factor: 100.00%
    Gross → Net: 1.57% → 0.97%
    ⚠️ Rebound: -0.59%
⚠️ EnergyBudgetPhase not enabled in applyEnergyConstrainedCleanup, assuming full energy availability
⚠️ EnergyBudgetPhase not enabled in applyEnergyConstrainedCleanup, assuming full energy availability
⚠️ EnergyBudgetPhase not enabled in applyEnergyConstrainedCleanup, assuming full energy availability
⚠️ EnergyBudgetPhase not enabled in applyEnergyConstrainedCleanup, assuming full energy availability
⚠️ EnergyBudgetPhase not enabled in applyEnergyConstrainedCleanup, assuming full energy availability
⚠️ EnergyBudgetPhase not enabled in applyEnergyConstrainedCleanup, assuming full energy availability
⚠️ EnergyBudgetPhase not enabled in applyEnergyConstrainedCleanup, assuming full energy availability
⚠️ EnergyBudgetPhase not enabled in applyEnergyConstrainedCleanup, assuming full energy availability
⚠️ EnergyBudgetPhase not enabled in applyEnergyConstrainedCleanup, assuming full energy availability
  🧪 Microplastic Capture:
    Concentration Factor: 3.16%
    Energy Factor: 100.00%
    Gross → Net: 1.26% → 0.90%
    ⚠️ Rebound: -0.37%
⚠️ EnergyBudgetPhase not enabled in applyEnergyConstrainedCleanup, assuming full energy availability
  🧪 PFAS Remediation:
    Concentration Factor: 2.24%
    Energy Factor: 100.00%
    Gross → Net: 1.57% → 1.30%
    ⚠️ Rebound: -0.26%
⚠️ EnergyBudgetPhase not enabled in applyEnergyConstrainedCleanup, assuming full energy availability
  🧪 Microplastic Capture:
    Concentration Factor: 3.16%
    Energy Factor: 100.00%
    Gross → Net: 1.26% → 0.68%
    ⚠️ Rebound: -0.59%
  🧪 PFAS Remediation:
    Concentration Factor: 2.24%
    Energy Factor: 100.00%
    Gross → Net: 1.57% → 0.94%
    ⚠️ Rebound: -0.62%
  🧪 Microplastic Capture:
    Concentration Factor: 3.16%
    Energy Factor: 100.00%
    Gross → Net: 1.26% → 0.78%
    ⚠️ Rebound: -0.49%
  🧪 PFAS Remediation:
    Concentration Factor: 2.24%
    Energy Factor: 100.00%
    Gross → Net: 1.57% → 0.88%
    ⚠️ Rebound: -0.68%
  🧪 Microplastic Capture:
    Concentration Factor: 3.16%
    Energy Factor: 100.00%
    Gross → Net: 1.26% → 0.98%
    ⚠️ Rebound: -0.28%
  🧪 PFAS Remediation:
    Concentration Factor: 2.24%
    Energy Factor: 100.00%
⚠️ EnergyBudgetPhase not enabled in applyEnergyConstrainedCleanup, assuming full energy availability
⚠️ EnergyBudgetPhase not enabled in applyEnergyConstrainedCleanup, assuming full energy availability
⚠️ EnergyBudgetPhase not enabled in applyEnergyConstrainedCleanup, assuming full energy availability
⚠️ EnergyBudgetPhase not enabled in applyEnergyConstrainedCleanup, assuming full energy availability
⚠️ EnergyBudgetPhase not enabled in applyEnergyConstrainedCleanup, assuming full energy availability
    Gross → Net: 1.57% → 1.17%
    ⚠️ Rebound: -0.40%
⚠️ EnergyBudgetPhase not enabled in applyEnergyConstrainedCleanup, assuming full energy availability
  🧪 Microplastic Capture:
    Concentration Factor: 3.16%
    Energy Factor: 100.00%
    Gross → Net: 1.26% → 1.05%
    ⚠️ Rebound: -0.22%
⚠️ EnergyBudgetPhase not enabled in applyEnergyConstrainedCleanup, assuming full energy availability
  🧪 PFAS Remediation:
    Concentration Factor: 2.24%
    Energy Factor: 100.00%
    Gross → Net: 1.57% → 1.03%
    ⚠️ Rebound: -0.54%
  🧪 Microplastic Capture:
    Concentration Factor: 3.16%
    Energy Factor: 100.00%
    Gross → Net: 1.26% → 0.81%
    ⚠️ Rebound: -0.46%
  🧪 PFAS Remediation:
    Concentration Factor: 2.24%
    Energy Factor: 100.00%
    Gross → Net: 1.57% → 0.92%
    ⚠️ Rebound: -0.65%
  🧪 Microplastic Capture:
    Concentration Factor: 3.16%
    Energy Factor: 100.00%
    Gross → Net: 1.26% → 0.95%
    ⚠️ Rebound: -0.32%
  🧪 PFAS Remediation:
    Concentration Factor: 2.24%
    Energy Factor: 100.00%
    Gross → Net: 1.57% → 1.34%
    ⚠️ Rebound: -0.23%
  🧪 Microplastic Capture:
    Concentration Factor: 3.16%
    Energy Factor: 100.00%
    Gross → Net: 1.26% → 0.87%
    ⚠️ Rebound: -0.39%
  🧪 PFAS Remediation:
    Concentration Factor: 2.24%
    Energy Factor: 100.00%
    Gross → Net: 1.57% → 0.88%
    ⚠️ Rebound: -0.68%
  🧪 Microplastic Capture:
    Concentration Factor: 3.16%
    Energy Factor: 100.00%
    Gross → Net: 1.26% → 1.11%
    ⚠️ Rebound: -0.16%
  🧪 PFAS Remediation:
    Concentration Factor: 2.24%
    Energy Factor: 100.00%
    Gross → Net: 1.57% → 1.29%
    ⚠️ Rebound: -0.28%
  🧪 Microplastic Capture:
    Concentration Factor: 3.16%
    Energy Factor: 100.00%
    Gross → Net: 1.26% → 0.72%
    ⚠️ Rebound: -0.54%
⚠️ EnergyBudgetPhase not enabled in applyEnergyConstrainedCleanup, assuming full energy availability
⚠️ EnergyBudgetPhase not enabled in applyEnergyConstrainedCleanup, assuming full energy availability
⚠️ EnergyBudgetPhase not enabled in applyEnergyConstrainedCleanup, assuming full energy availability
⚠️ EnergyBudgetPhase not enabled in applyEnergyConstrainedCleanup, assuming full energy availability
⚠️ EnergyBudgetPhase not enabled in applyEnergyConstrainedCleanup, assuming full energy availability
⚠️ EnergyBudgetPhase not enabled in applyEnergyConstrainedCleanup, assuming full energy availability
⚠️ EnergyBudgetPhase not enabled in applyEnergyConstrainedCleanup, assuming full energy availability
⚠️ EnergyBudgetPhase not enabled in applyEnergyConstrainedCleanup, assuming full energy availability
⚠️ EnergyBudgetPhase not enabled in applyEnergyConstrainedCleanup, assuming full energy availability
⚠️ EnergyBudgetPhase not enabled in applyEnergyConstrainedCleanup, assuming full energy availability
  🧪 PFAS Remediation:
    Concentration Factor: 2.24%
    Energy Factor: 100.00%
    Gross → Net: 1.57% → 1.21%
    ⚠️ Rebound: -0.36%
⚠️ EnergyBudgetPhase not enabled in applyEnergyConstrainedCleanup, assuming full energy availability
  🧪 Microplastic Capture:
    Concentration Factor: 3.16%
    Energy Factor: 100.00%
    Gross → Net: 1.26% → 0.93%
    ⚠️ Rebound: -0.34%
⚠️ EnergyBudgetPhase not enabled in applyEnergyConstrainedCleanup, assuming full energy availability
  🧪 PFAS Remediation:
    Concentration Factor: 2.24%
    Energy Factor: 100.00%
    Gross → Net: 1.57% → 0.96%
    ⚠️ Rebound: -0.60%
⚠️ EnergyBudgetPhase not enabled in applyEnergyConstrainedCleanup, assuming full energy availability
  🧪 Microplastic Capture:
    Concentration Factor: 3.16%
    Energy Factor: 100.00%
    Gross → Net: 1.26% → 1.01%
    ⚠️ Rebound: -0.26%
  🧪 PFAS Remediation:
    Concentration Factor: 2.24%
    Energy Factor: 100.00%
    Gross → Net: 1.57% → 1.00%
    ⚠️ Rebound: -0.57%
  🧪 Microplastic Capture:
    Concentration Factor: 3.16%
    Energy Factor: 100.00%
    Gross → Net: 1.26% → 0.92%
    ⚠️ Rebound: -0.34%
⚠️ EnergyBudgetPhase not enabled in applyEnergyConstrainedCleanup, assuming full energy availability
⚠️ EnergyBudgetPhase not enabled in applyEnergyConstrainedCleanup, assuming full energy availability
⚠️ EnergyBudgetPhase not enabled in applyEnergyConstrainedCleanup, assuming full energy availability
  🧪 PFAS Remediation:
    Concentration Factor: 2.24%
    Energy Factor: 66.14%
    Gross → Net: 1.04% → 0.98%
    ⚠️ Rebound: -0.06%
⚠️ EnergyBudgetPhase not enabled in applyEnergyConstrainedCleanup, assuming full energy availability
  🧪 PFAS Remediation:
    Concentration Factor: 2.24%
    Energy Factor: 66.14%
    Gross → Net: 1.04% → 0.69%
    ⚠️ Rebound: -0.35%
  🧪 PFAS Remediation:
    Concentration Factor: 2.24%
    Energy Factor: 66.14%
    Gross → Net: 1.04% → 0.93%
    ⚠️ Rebound: -0.10%
  🧪 PFAS Remediation:
    Concentration Factor: 2.24%
    Energy Factor: 66.14%
    Gross → Net: 1.04% → 0.73%
    ⚠️ Rebound: -0.31%
  🧪 PFAS Remediation:
    Concentration Factor: 2.24%
    Energy Factor: 66.14%
    Gross → Net: 1.04% → 0.62%
    ⚠️ Rebound: -0.42%
  🧪 PFAS Remediation:
    Concentration Factor: 2.24%
    Energy Factor: 66.14%
    Gross → Net: 1.04% → 0.64%
    ⚠️ Rebound: -0.40%
  🧪 PFAS Remediation:
    Concentration Factor: 2.24%
    Energy Factor: 66.14%
    Gross → Net: 1.04% → 0.95%
    ⚠️ Rebound: -0.09%
  🧪 PFAS Remediation:
    Concentration Factor: 2.24%
    Energy Factor: 66.14%
    Gross → Net: 1.04% → 0.77%
    ⚠️ Rebound: -0.27%
  🧪 PFAS Remediation:
    Concentration Factor: 2.24%
    Energy Factor: 66.14%
    Gross → Net: 1.04% → 0.54%
    ⚠️ Rebound: -0.50%
  🧪 PFAS Remediation:
    Concentration Factor: 2.24%
    Energy Factor: 66.14%
    Gross → Net: 1.04% → 0.54%
    ⚠️ Rebound: -0.50%
⚠️ EnergyBudgetPhase not enabled in applyEnergyConstrainedCleanup, assuming full energy availability
⚠️ EnergyBudgetPhase not enabled in applyEnergyConstrainedCleanup, assuming full energy availability
⚠️ EnergyBudgetPhase not enabled in applyEnergyConstrainedCleanup, assuming full energy availability
⚠️ EnergyBudgetPhase not enabled in applyEnergyConstrainedCleanup, assuming full energy availability
⚠️ EnergyBudgetPhase not enabled in applyEnergyConstrainedCleanup, assuming full energy availability
⚠️ EnergyBudgetPhase not enabled in applyEnergyConstrainedCleanup, assuming full energy availability
⚠️ EnergyBudgetPhase not enabled in applyEnergyConstrainedCleanup, assuming full energy availability
⚠️ EnergyBudgetPhase not enabled in applyEnergyConstrainedCleanup, assuming full energy availability
⚠️ EnergyBudgetPhase not enabled in applyEnergyConstrainedCleanup, assuming full energy availability
  🧪 PFAS Remediation:
    Concentration Factor: 2.24%
    Energy Factor: 66.14%
    Gross → Net: 1.04% → 0.67%
    ⚠️ Rebound: -0.36%
  🧪 PFAS Remediation:
    Concentration Factor: 2.24%
    Energy Factor: 66.14%
    Gross → Net: 1.04% → 0.75%
    ⚠️ Rebound: -0.28%
  🧪 PFAS Remediation:
    Concentration Factor: 2.24%
    Energy Factor: 66.14%
    Gross → Net: 1.04% → 0.79%
    ⚠️ Rebound: -0.25%
  🧪 PFAS Remediation:
    Concentration Factor: 2.24%
    Energy Factor: 66.14%
    Gross → Net: 1.04% → 0.91%
    ⚠️ Rebound: -0.12%
  🧪 PFAS Remediation:
    Concentration Factor: 2.24%
    Energy Factor: 66.14%
    Gross → Net: 1.04% → 0.59%
    ⚠️ Rebound: -0.45%
  🧪 PFAS Remediation:
    Concentration Factor: 2.24%
    Energy Factor: 66.14%
    Gross → Net: 1.04% → 0.98%
    ⚠️ Rebound: -0.06%
  🧪 PFAS Remediation:
    Concentration Factor: 2.24%
    Energy Factor: 66.14%
    Gross → Net: 1.04% → 0.85%
    ⚠️ Rebound: -0.19%
  🧪 PFAS Remediation:
    Concentration Factor: 2.24%
    Energy Factor: 66.14%
    Gross → Net: 1.04% → 0.54%
    ⚠️ Rebound: -0.50%
  🧪 PFAS Remediation:
    Concentration Factor: 2.24%
    Energy Factor: 66.14%
    Gross → Net: 1.04% → 0.62%
    ⚠️ Rebound: -0.42%
  🧪 PFAS Remediation:
    Concentration Factor: 2.24%
    Energy Factor: 66.14%
    Gross → Net: 1.04% → 0.83%
    ⚠️ Rebound: -0.20%
⚠️ EnergyBudgetPhase not enabled in applyEnergyConstrainedCleanup, assuming full energy availability
⚠️ EnergyBudgetPhase not enabled in applyEnergyConstrainedCleanup, assuming full energy availability
⚠️ EnergyBudgetPhase not enabled in applyEnergyConstrainedCleanup, assuming full energy availability
⚠️ EnergyBudgetPhase not enabled in applyEnergyConstrainedCleanup, assuming full energy availability
⚠️ EnergyBudgetPhase not enabled in applyEnergyConstrainedCleanup, assuming full energy availability
⚠️ EnergyBudgetPhase not enabled in applyEnergyConstrainedCleanup, assuming full energy availability
⚠️ EnergyBudgetPhase not enabled in applyEnergyConstrainedCleanup, assuming full energy availability
⚠️ EnergyBudgetPhase not enabled in applyEnergyConstrainedCleanup, assuming full energy availability
⚠️ EnergyBudgetPhase not enabled in applyEnergyConstrainedCleanup, assuming full energy availability
⚠️ EnergyBudgetPhase not enabled in applyEnergyConstrainedCleanup, assuming full energy availability
  🧪 PFAS Remediation:
    Concentration Factor: 2.24%
    Energy Factor: 66.14%
    Gross → Net: 1.04% → 0.73%
    ⚠️ Rebound: -0.31%
⚠️ EnergyBudgetPhase not enabled in applyEnergyConstrainedCleanup, assuming full energy availability
  🧪 PFAS Remediation:
    Concentration Factor: 2.24%
    Energy Factor: 66.14%
    Gross → Net: 1.04% → 0.68%
    ⚠️ Rebound: -0.36%
⚠️ EnergyBudgetPhase not enabled in applyEnergyConstrainedCleanup, assuming full energy availability
  🧪 PFAS Remediation:
    Concentration Factor: 2.24%
    Energy Factor: 66.14%
    Gross → Net: 1.04% → 0.91%
    ⚠️ Rebound: -0.13%
  🧪 PFAS Remediation:
    Concentration Factor: 2.24%
    Energy Factor: 66.14%
    Gross → Net: 1.04% → 0.63%
    ⚠️ Rebound: -0.41%
  🧪 PFAS Remediation:
    Concentration Factor: 2.24%
    Energy Factor: 66.14%
    Gross → Net: 1.04% → 0.98%
    ⚠️ Rebound: -0.06%
  🧪 PFAS Remediation:
    Concentration Factor: 2.24%
    Energy Factor: 66.14%
    Gross → Net: 1.04% → 0.69%
    ⚠️ Rebound: -0.35%
  🧪 PFAS Remediation:
    Concentration Factor: 2.24%
    Energy Factor: 66.14%
⚠️ EnergyBudgetPhase not enabled in applyEnergyConstrainedCleanup, assuming full energy availability
⚠️ EnergyBudgetPhase not enabled in applyEnergyConstrainedCleanup, assuming full energy availability
⚠️ EnergyBudgetPhase not enabled in applyEnergyConstrainedCleanup, assuming full energy availability
⚠️ EnergyBudgetPhase not enabled in applyEnergyConstrainedCleanup, assuming full energy availability
    Gross → Net: 1.04% → 0.93%
    ⚠️ Rebound: -0.10%
⚠️ EnergyBudgetPhase not enabled in applyEnergyConstrainedCleanup, assuming full energy availability
  🧪 PFAS Remediation:
    Concentration Factor: 2.24%
    Energy Factor: 66.14%
    Gross → Net: 1.04% → 0.73%
    ⚠️ Rebound: -0.31%
⚠️ EnergyBudgetPhase not enabled in applyEnergyConstrainedCleanup, assuming full energy availability
  🧪 PFAS Remediation:
    Concentration Factor: 2.24%
    Energy Factor: 66.14%
    Gross → Net: 1.04% → 0.62%
    ⚠️ Rebound: -0.42%
  🧪 PFAS Remediation:
    Concentration Factor: 2.24%
    Energy Factor: 66.14%
    Gross → Net: 1.04% → 0.64%
    ⚠️ Rebound: -0.40%
  🧪 PFAS Remediation:
    Concentration Factor: 2.24%
    Energy Factor: 66.14%
    Gross → Net: 1.04% → 0.95%
    ⚠️ Rebound: -0.09%
  🧪 PFAS Remediation:
    Concentration Factor: 2.24%
    Energy Factor: 66.14%
    Gross → Net: 1.04% → 0.77%
    ⚠️ Rebound: -0.27%
  🧪 PFAS Remediation:
    Concentration Factor: 2.24%
    Energy Factor: 66.14%
    Gross → Net: 1.04% → 0.54%
    ⚠️ Rebound: -0.50%
  🧪 PFAS Remediation:
    Concentration Factor: 2.24%
    Energy Factor: 66.14%
    Gross → Net: 1.04% → 0.54%
    ⚠️ Rebound: -0.50%
  🧪 PFAS Remediation:
    Concentration Factor: 2.24%
    Energy Factor: 66.14%
    Gross → Net: 1.04% → 0.67%
    ⚠️ Rebound: -0.36%
  🧪 PFAS Remediation:
    Concentration Factor: 2.24%
    Energy Factor: 66.14%
    Gross → Net: 1.04% → 0.75%
    ⚠️ Rebound: -0.28%
  🧪 PFAS Remediation:
    Concentration Factor: 2.24%
    Energy Factor: 66.14%
    Gross → Net: 1.04% → 0.79%
    ⚠️ Rebound: -0.25%
  🧪 PFAS Remediation:
    Concentration Factor: 2.24%
    Energy Factor: 66.14%
    Gross → Net: 1.04% → 0.91%
    ⚠️ Rebound: -0.12%
  🧪 PFAS Remediation:
    Concentration Factor: 2.24%
    Energy Factor: 66.14%
    Gross → Net: 1.04% → 0.59%
    ⚠️ Rebound: -0.45%
  🧪 PFAS Remediation:
⚠️ EnergyBudgetPhase not enabled in applyEnergyConstrainedCleanup, assuming full energy availability
⚠️ EnergyBudgetPhase not enabled in applyEnergyConstrainedCleanup, assuming full energy availability
⚠️ EnergyBudgetPhase not enabled in applyEnergyConstrainedCleanup, assuming full energy availability
⚠️ EnergyBudgetPhase not enabled in applyEnergyConstrainedCleanup, assuming full energy availability
⚠️ EnergyBudgetPhase not enabled in applyEnergyConstrainedCleanup, assuming full energy availability
⚠️ EnergyBudgetPhase not enabled in applyEnergyConstrainedCleanup, assuming full energy availability
⚠️ EnergyBudgetPhase not enabled in applyEnergyConstrainedCleanup, assuming full energy availability
⚠️ EnergyBudgetPhase not enabled in applyEnergyConstrainedCleanup, assuming full energy availability
⚠️ EnergyBudgetPhase not enabled in applyEnergyConstrainedCleanup, assuming full energy availability
⚠️ EnergyBudgetPhase not enabled in applyEnergyConstrainedCleanup, assuming full energy availability
⚠️ EnergyBudgetPhase not enabled in applyEnergyConstrainedCleanup, assuming full energy availability
    Concentration Factor: 2.24%
    Energy Factor: 66.14%
    Gross → Net: 1.04% → 0.98%
    ⚠️ Rebound: -0.06%
⚠️ EnergyBudgetPhase not enabled in applyEnergyConstrainedCleanup, assuming full energy availability
  🧪 PFAS Remediation:
    Concentration Factor: 2.24%
    Energy Factor: 66.14%
    Gross → Net: 1.04% → 0.85%
    ⚠️ Rebound: -0.19%
⚠️ EnergyBudgetPhase not enabled in applyEnergyConstrainedCleanup, assuming full energy availability
  🧪 PFAS Remediation:
    Concentration Factor: 2.24%
    Energy Factor: 66.14%
    Gross → Net: 1.04% → 0.54%
    ⚠️ Rebound: -0.50%
⚠️ EnergyBudgetPhase not enabled in applyEnergyConstrainedCleanup, assuming full energy availability
  🧪 PFAS Remediation:
    Concentration Factor: 2.24%
    Energy Factor: 66.14%
    Gross → Net: 1.04% → 0.62%
    ⚠️ Rebound: -0.42%
⚠️ EnergyBudgetPhase not enabled in applyEnergyConstrainedCleanup, assuming full energy availability
  🧪 PFAS Remediation:
    Concentration Factor: 2.24%
    Energy Factor: 66.14%
    Gross → Net: 1.04% → 0.83%
    ⚠️ Rebound: -0.20%
  🧪 PFAS Remediation:
    Concentration Factor: 2.24%
    Energy Factor: 66.14%
    Gross → Net: 1.04% → 0.73%
    ⚠️ Rebound: -0.31%
  🧪 PFAS Remediation:
    Concentration Factor: 2.24%
    Energy Factor: 66.14%
    Gross → Net: 1.04% → 0.68%
    ⚠️ Rebound: -0.36%
  🧪 PFAS Remediation:
    Concentration Factor: 2.24%
    Energy Factor: 66.14%
    Gross → Net: 1.04% → 0.91%
    ⚠️ Rebound: -0.13%
  🧪 PFAS Remediation:
    Concentration Factor: 2.24%
    Energy Factor: 66.14%
    Gross → Net: 1.04% → 0.63%
    ⚠️ Rebound: -0.41%
⚠️ EnergyBudgetPhase not enabled in applyEnergyConstrainedCleanup, assuming full energy availability
⚠️ EnergyBudgetPhase not enabled in applyEnergyConstrainedCleanup, assuming full energy availability
⚠️ EnergyBudgetPhase not enabled in applyEnergyConstrainedCleanup, assuming full energy availability
⚠️ EnergyBudgetPhase not enabled in applyEnergyConstrainedCleanup, assuming full energy availability
⚠️ EnergyBudgetPhase not enabled in applyEnergyConstrainedCleanup, assuming full energy availability
  🧪 PFAS Remediation:
    Concentration Factor: 2.24%
    Energy Factor: 66.14%
    Gross → Net: 1.04% → 0.94%
    ⚠️ Rebound: -0.09%
⚠️ EnergyBudgetPhase not enabled in applyEnergyConstrainedCleanup, assuming full energy availability
  🧪 Microplastic Capture:
    Concentration Factor: 3.16%
    Energy Factor: 100.00%
    Gross → Net: 1.26% → 0.66%
    ⚠️ Rebound: -0.61%
⚠️ EnergyBudgetPhase not enabled in applyEnergyConstrainedCleanup, assuming full energy availability
  🧪 PFAS Remediation:
    Concentration Factor: 2.24%
    Energy Factor: 66.14%
    Gross → Net: 1.04% → 0.78%
    ⚠️ Rebound: -0.26%
  🧪 Microplastic Capture:
    Concentration Factor: 3.16%
    Energy Factor: 100.00%
    Gross → Net: 1.26% → 1.19%
    ⚠️ Rebound: -0.07%
  🧪 PFAS Remediation:
    Concentration Factor: 2.24%
    Energy Factor: 66.14%
    Gross → Net: 1.04% → 0.57%
    ⚠️ Rebound: -0.47%
  🧪 Microplastic Capture:
    Concentration Factor: 3.16%
    Energy Factor: 100.00%
    Gross → Net: 1.26% → 0.81%
    ⚠️ Rebound: -0.45%
  🧪 PFAS Remediation:
    Concentration Factor: 2.24%
    Energy Factor: 66.14%
    Gross → Net: 1.04% → 0.74%
    ⚠️ Rebound: -0.30%
  🧪 Microplastic Capture:
    Concentration Factor: 3.16%
    Energy Factor: 100.00%
    Gross → Net: 1.26% → 1.03%
    ⚠️ Rebound: -0.23%
⚠️ EnergyBudgetPhase not enabled in applyEnergyConstrainedCleanup, assuming full energy availability
⚠️ EnergyBudgetPhase not enabled in applyEnergyConstrainedCleanup, assuming full energy availability
⚠️ EnergyBudgetPhase not enabled in applyEnergyConstrainedCleanup, assuming full energy availability
⚠️ EnergyBudgetPhase not enabled in applyEnergyConstrainedCleanup, assuming full energy availability
⚠️ EnergyBudgetPhase not enabled in applyEnergyConstrainedCleanup, assuming full energy availability
⚠️ EnergyBudgetPhase not enabled in applyEnergyConstrainedCleanup, assuming full energy availability
  🧪 PFAS Remediation:
    Concentration Factor: 2.24%
    Energy Factor: 66.14%
    Gross → Net: 1.04% → 0.89%
    ⚠️ Rebound: -0.15%
⚠️ EnergyBudgetPhase not enabled in applyEnergyConstrainedCleanup, assuming full energy availability
  🧪 Microplastic Capture:
    Concentration Factor: 3.16%
    Energy Factor: 100.00%
    Gross → Net: 1.26% → 0.82%
    ⚠️ Rebound: -0.44%
⚠️ EnergyBudgetPhase not enabled in applyEnergyConstrainedCleanup, assuming full energy availability
  🧪 PFAS Remediation:
    Concentration Factor: 2.24%
    Energy Factor: 66.14%
    Gross → Net: 1.04% → 0.92%
    ⚠️ Rebound: -0.11%
  🧪 Microplastic Capture:
    Concentration Factor: 3.16%
    Energy Factor: 100.00%
    Gross → Net: 1.26% → 1.20%
    ⚠️ Rebound: -0.07%
  🧪 PFAS Remediation:
    Concentration Factor: 2.24%
    Energy Factor: 66.14%
    Gross → Net: 1.04% → 0.88%
    ⚠️ Rebound: -0.16%
  🧪 Microplastic Capture:
    Concentration Factor: 3.16%
    Energy Factor: 100.00%
    Gross → Net: 1.26% → 0.87%
    ⚠️ Rebound: -0.40%
  🧪 PFAS Remediation:
    Concentration Factor: 2.24%
    Energy Factor: 66.14%
    Gross → Net: 1.04% → 0.94%
    ⚠️ Rebound: -0.09%
  🧪 Microplastic Capture:
    Concentration Factor: 3.16%
    Energy Factor: 100.00%
    Gross → Net: 1.26% → 0.87%
    ⚠️ Rebound: -0.40%
  🧪 PFAS Remediation:
    Concentration Factor: 2.24%
    Energy Factor: 66.14%
    Gross → Net: 1.04% → 0.98%
    ⚠️ Rebound: -0.05%
  🧪 Microplastic Capture:
    Concentration Factor: 3.16%
    Energy Factor: 100.00%
    Gross → Net: 1.26% → 1.04%
    ⚠️ Rebound: -0.23%
  🧪 PFAS Remediation:
    Concentration Factor: 2.24%
    Energy Factor: 66.14%
    Gross → Net: 1.04% → 0.78%
    ⚠️ Rebound: -0.25%
  🧪 Microplastic Capture:
    Concentration Factor: 3.16%
    Energy Factor: 100.00%
    Gross → Net: 1.26% → 0.91%
    ⚠️ Rebound: -0.36%
⚠️ EnergyBudgetPhase not enabled in applyEnergyConstrainedCleanup, assuming full energy availability
⚠️ EnergyBudgetPhase not enabled in applyEnergyConstrainedCleanup, assuming full energy availability
⚠️ EnergyBudgetPhase not enabled in applyEnergyConstrainedCleanup, assuming full energy availability
⚠️ EnergyBudgetPhase not enabled in applyEnergyConstrainedCleanup, assuming full energy availability
⚠️ EnergyBudgetPhase not enabled in applyEnergyConstrainedCleanup, assuming full energy availability
⚠️ EnergyBudgetPhase not enabled in applyEnergyConstrainedCleanup, assuming full energy availability
⚠️ EnergyBudgetPhase not enabled in applyEnergyConstrainedCleanup, assuming full energy availability
⚠️ EnergyBudgetPhase not enabled in applyEnergyConstrainedCleanup, assuming full energy availability
⚠️ EnergyBudgetPhase not enabled in applyEnergyConstrainedCleanup, assuming full energy availability
⚠️ EnergyBudgetPhase not enabled in applyEnergyConstrainedCleanup, assuming full energy availability
  🧪 PFAS Remediation:
    Concentration Factor: 2.24%
    Energy Factor: 66.14%
    Gross → Net: 1.04% → 0.64%
    ⚠️ Rebound: -0.40%
⚠️ EnergyBudgetPhase not enabled in applyEnergyConstrainedCleanup, assuming full energy availability
  🧪 Microplastic Capture:
    Concentration Factor: 3.16%
    Energy Factor: 100.00%
    Gross → Net: 1.26% → 0.72%
    ⚠️ Rebound: -0.55%
⚠️ EnergyBudgetPhase not enabled in applyEnergyConstrainedCleanup, assuming full energy availability
  🧪 PFAS Remediation:
    Concentration Factor: 2.24%
    Energy Factor: 66.14%
    Gross → Net: 1.04% → 0.86%
    ⚠️ Rebound: -0.17%
  🧪 Microplastic Capture:
    Concentration Factor: 3.16%
    Energy Factor: 100.00%
    Gross → Net: 1.26% → 1.09%
    ⚠️ Rebound: -0.18%
  🧪 PFAS Remediation:
    Concentration Factor: 2.24%
    Energy Factor: 66.14%
    Gross → Net: 1.04% → 0.62%
    ⚠️ Rebound: -0.42%
  🧪 Microplastic Capture:
    Concentration Factor: 3.16%
    Energy Factor: 100.00%
    Gross → Net: 1.26% → 0.81%
    ⚠️ Rebound: -0.45%
  🧪 PFAS Remediation:
    Concentration Factor: 2.24%
    Energy Factor: 66.14%
    Gross → Net: 1.04% → 0.88%
    ⚠️ Rebound: -0.15%
  🧪 Microplastic Capture:
    Concentration Factor: 3.16%
    Energy Factor: 100.00%
    Gross → Net: 1.26% → 0.72%
    ⚠️ Rebound: -0.55%
  🧪 PFAS Remediation:
    Concentration Factor: 2.24%
    Energy Factor: 66.14%
    Gross → Net: 1.04% → 0.97%
    ⚠️ Rebound: -0.07%
  🧪 Microplastic Capture:
    Concentration Factor: 3.16%
    Energy Factor: 100.00%
    Gross → Net: 1.26% → 0.77%
    ⚠️ Rebound: -0.49%
  🧪 PFAS Remediation:
    Concentration Factor: 2.24%
    Energy Factor: 66.14%
    Gross → Net: 1.04% → 0.75%
    ⚠️ Rebound: -0.28%
⚠️ EnergyBudgetPhase not enabled in applyEnergyConstrainedCleanup, assuming full energy availability
⚠️ EnergyBudgetPhase not enabled in applyEnergyConstrainedCleanup, assuming full energy availability
⚠️ EnergyBudgetPhase not enabled in applyEnergyConstrainedCleanup, assuming full energy availability
⚠️ EnergyBudgetPhase not enabled in applyEnergyConstrainedCleanup, assuming full energy availability
⚠️ EnergyBudgetPhase not enabled in applyEnergyConstrainedCleanup, assuming full energy availability
⚠️ EnergyBudgetPhase not enabled in applyEnergyConstrainedCleanup, assuming full energy availability
⚠️ EnergyBudgetPhase not enabled in applyEnergyConstrainedCleanup, assuming full energy availability
⚠️ EnergyBudgetPhase not enabled in applyEnergyConstrainedCleanup, assuming full energy availability
⚠️ EnergyBudgetPhase not enabled in applyEnergyConstrainedCleanup, assuming full energy availability
  🧪 Microplastic Capture:
    Concentration Factor: 3.16%
    Energy Factor: 100.00%
    Gross → Net: 1.26% → 0.94%
    ⚠️ Rebound: -0.32%
⚠️ EnergyBudgetPhase not enabled in applyEnergyConstrainedCleanup, assuming full energy availability
  🧪 PFAS Remediation:
    Concentration Factor: 2.24%
    Energy Factor: 66.14%
    Gross → Net: 1.04% → 0.95%
    ⚠️ Rebound: -0.09%
⚠️ EnergyBudgetPhase not enabled in applyEnergyConstrainedCleanup, assuming full energy availability
  🧪 Microplastic Capture:
    Concentration Factor: 3.16%
    Energy Factor: 100.00%
    Gross → Net: 1.26% → 0.74%
    ⚠️ Rebound: -0.52%
  🧪 PFAS Remediation:
    Concentration Factor: 2.24%
    Energy Factor: 66.14%
    Gross → Net: 1.04% → 0.79%
    ⚠️ Rebound: -0.24%
  🧪 Microplastic Capture:
    Concentration Factor: 3.16%
    Energy Factor: 100.00%
    Gross → Net: 1.26% → 0.74%
    ⚠️ Rebound: -0.52%
⚠️ EnergyBudgetPhase not enabled in applyEnergyConstrainedCleanup, assuming full energy availability
⚠️ EnergyBudgetPhase not enabled in applyEnergyConstrainedCleanup, assuming full energy availability
⚠️ EnergyBudgetPhase not enabled in applyEnergyConstrainedCleanup, assuming full energy availability
  🧪 PFAS Remediation:
    Concentration Factor: 2.24%
    Energy Factor: 66.14%
    Gross → Net: 1.04% → 0.65%
    ⚠️ Rebound: -0.38%
  🧪 Microplastic Capture:
    Concentration Factor: 3.16%
    Energy Factor: 100.00%
    Gross → Net: 1.26% → 0.80%
    ⚠️ Rebound: -0.46%
  🧪 PFAS Remediation:
    Concentration Factor: 2.24%
    Energy Factor: 66.14%
    Gross → Net: 1.04% → 0.73%
    ⚠️ Rebound: -0.30%
  🧪 Microplastic Capture:
    Concentration Factor: 3.16%
    Energy Factor: 100.00%
    Gross → Net: 1.26% → 0.84%
    ⚠️ Rebound: -0.43%
  🧪 PFAS Remediation:
    Concentration Factor: 2.24%
    Energy Factor: 66.14%
    Gross → Net: 1.04% → 0.88%
    ⚠️ Rebound: -0.15%
  🧪 Microplastic Capture:
    Concentration Factor: 3.16%
    Energy Factor: 100.00%
    Gross → Net: 1.26% → 0.77%
    ⚠️ Rebound: -0.50%
  🧪 PFAS Remediation:
    Concentration Factor: 2.24%
    Energy Factor: 66.14%
    Gross → Net: 1.04% → 0.77%
    ⚠️ Rebound: -0.27%
  🧪 Microplastic Capture:
    Concentration Factor: 3.16%
    Energy Factor: 100.00%
    Gross → Net: 1.26% → 0.78%
    ⚠️ Rebound: -0.48%
  🧪 PFAS Remediation:
    Concentration Factor: 2.24%
    Energy Factor: 66.14%
    Gross → Net: 1.04% → 0.52%
    ⚠️ Rebound: -0.51%
  🧪 Microplastic Capture:
    Concentration Factor: 3.16%
    Energy Factor: 100.00%
    Gross → Net: 1.26% → 1.05%
    ⚠️ Rebound: -0.21%
  🧪 PFAS Remediation:
    Concentration Factor: 2.24%
    Energy Factor: 66.14%
    Gross → Net: 1.04% → 0.53%
    ⚠️ Rebound: -0.51%
  🧪 Microplastic Capture:
    Concentration Factor: 3.16%
    Energy Factor: 100.00%
    Gross → Net: 1.26% → 1.11%
    ⚠️ Rebound: -0.16%
  🧪 PFAS Remediation:
    Concentration Factor: 2.24%
    Energy Factor: 66.14%
    Gross → Net: 1.04% → 0.56%
    ⚠️ Rebound: -0.48%
  🧪 Microplastic Capture:
    Concentration Factor: 3.16%
    Energy Factor: 100.00%
    Gross → Net: 1.26% → 0.70%
    ⚠️ Rebound: -0.56%
  🧪 PFAS Remediation:
    Concentration Factor: 2.24%
    Energy Factor: 66.14%
    Gross → Net: 1.04% → 0.52%
    ⚠️ Rebound: -0.51%
  🧪 Microplastic Capture:
    Concentration Factor: 3.16%
    Energy Factor: 100.00%
    Gross → Net: 1.26% → 0.87%
    ⚠️ Rebound: -0.39%
⚠️ EnergyBudgetPhase not enabled in applyEnergyConstrainedCleanup, assuming full energy availability
⚠️ EnergyBudgetPhase not enabled in applyEnergyConstrainedCleanup, assuming full energy availability
⚠️ EnergyBudgetPhase not enabled in applyEnergyConstrainedCleanup, assuming full energy availability
⚠️ EnergyBudgetPhase not enabled in applyEnergyConstrainedCleanup, assuming full energy availability
⚠️ EnergyBudgetPhase not enabled in applyEnergyConstrainedCleanup, assuming full energy availability
⚠️ EnergyBudgetPhase not enabled in applyEnergyConstrainedCleanup, assuming full energy availability
⚠️ EnergyBudgetPhase not enabled in applyEnergyConstrainedCleanup, assuming full energy availability
⚠️ EnergyBudgetPhase not enabled in applyEnergyConstrainedCleanup, assuming full energy availability
⚠️ EnergyBudgetPhase not enabled in applyEnergyConstrainedCleanup, assuming full energy availability
⚠️ EnergyBudgetPhase not enabled in applyEnergyConstrainedCleanup, assuming full energy availability
⚠️ EnergyBudgetPhase not enabled in applyEnergyConstrainedCleanup, assuming full energy availability
⚠️ EnergyBudgetPhase not enabled in applyEnergyConstrainedCleanup, assuming full energy availability
⚠️ EnergyBudgetPhase not enabled in applyEnergyConstrainedCleanup, assuming full energy availability
⚠️ EnergyBudgetPhase not enabled in applyEnergyConstrainedCleanup, assuming full energy availability
⚠️ EnergyBudgetPhase not enabled in applyEnergyConstrainedCleanup, assuming full energy availability
⚠️ EnergyBudgetPhase not enabled in applyEnergyConstrainedCleanup, assuming full energy availability
  🧪 PFAS Remediation:
    Concentration Factor: 2.24%
    Energy Factor: 66.14%
    Gross → Net: 1.04% → 0.89%
    ⚠️ Rebound: -0.15%
⚠️ EnergyBudgetPhase not enabled in applyEnergyConstrainedCleanup, assuming full energy availability
  🧪 Microplastic Capture:
    Concentration Factor: 3.16%
    Energy Factor: 100.00%
    Gross → Net: 1.26% → 1.04%
    ⚠️ Rebound: -0.22%
⚠️ EnergyBudgetPhase not enabled in applyEnergyConstrainedCleanup, assuming full energy availability
  🧪 PFAS Remediation:
    Concentration Factor: 2.24%
    Energy Factor: 66.14%
    Gross → Net: 1.04% → 0.59%
    ⚠️ Rebound: -0.44%
⚠️ EnergyBudgetPhase not enabled in applyEnergyConstrainedCleanup, assuming full energy availability
  🧪 Microplastic Capture:
    Concentration Factor: 3.16%
    Energy Factor: 100.00%
    Gross → Net: 1.26% → 0.89%
    ⚠️ Rebound: -0.38%
⚠️ EnergyBudgetPhase not enabled in applyEnergyConstrainedCleanup, assuming full energy availability
  🧪 PFAS Remediation:
    Concentration Factor: 2.24%
    Energy Factor: 66.14%
    Gross → Net: 1.04% → 0.61%
    ⚠️ Rebound: -0.43%
  🧪 Microplastic Capture:
    Concentration Factor: 3.16%
    Energy Factor: 100.00%
    Gross → Net: 1.26% → 0.77%
    ⚠️ Rebound: -0.50%
  🧪 PFAS Remediation:
    Concentration Factor: 2.24%
    Energy Factor: 66.14%
    Gross → Net: 1.04% → 0.85%
    ⚠️ Rebound: -0.19%
  🧪 Microplastic Capture:
    Concentration Factor: 3.16%
    Energy Factor: 100.00%
    Gross → Net: 1.26% → 0.64%
    ⚠️ Rebound: -0.62%
  🧪 PFAS Remediation:
    Concentration Factor: 2.24%
    Energy Factor: 66.14%
    Gross → Net: 1.04% → 0.79%
    ⚠️ Rebound: -0.25%
  🧪 Microplastic Capture:
    Concentration Factor: 3.16%
    Energy Factor: 100.00%
    Gross → Net: 1.26% → 0.68%
    ⚠️ Rebound: -0.58%
  🧪 PFAS Remediation:
    Concentration Factor: 2.24%
    Energy Factor: 66.14%
    Gross → Net: 1.04% → 0.95%
    ⚠️ Rebound: -0.09%
  🧪 Microplastic Capture:
    Concentration Factor: 3.16%
    Energy Factor: 100.00%
    Gross → Net: 1.26% → 0.89%
    ⚠️ Rebound: -0.38%
  🧪 PFAS Remediation:
    Concentration Factor: 2.24%
    Energy Factor: 66.14%
    Gross → Net: 1.04% → 0.97%
    ⚠️ Rebound: -0.07%
  🧪 Microplastic Capture:
    Concentration Factor: 3.16%
    Energy Factor: 100.00%
    Gross → Net: 1.26% → 0.99%
    ⚠️ Rebound: -0.28%
  🧪 PFAS Remediation:
    Concentration Factor: 2.24%
    Energy Factor: 66.14%
    Gross → Net: 1.04% → 0.55%
    ⚠️ Rebound: -0.49%
  🧪 Microplastic Capture:
    Concentration Factor: 3.16%
    Energy Factor: 100.00%
    Gross → Net: 1.26% → 1.03%
⚠️ EnergyBudgetPhase not enabled in applyEnergyConstrainedCleanup, assuming full energy availability
⚠️ EnergyBudgetPhase not enabled in applyEnergyConstrainedCleanup, assuming full energy availability
⚠️ EnergyBudgetPhase not enabled in applyEnergyConstrainedCleanup, assuming full energy availability
⚠️ EnergyBudgetPhase not enabled in applyEnergyConstrainedCleanup, assuming full energy availability
⚠️ EnergyBudgetPhase not enabled in applyEnergyConstrainedCleanup, assuming full energy availability
⚠️ EnergyBudgetPhase not enabled in applyEnergyConstrainedCleanup, assuming full energy availability
⚠️ EnergyBudgetPhase not enabled in applyEnergyConstrainedCleanup, assuming full energy availability
⚠️ EnergyBudgetPhase not enabled in applyEnergyConstrainedCleanup, assuming full energy availability
⚠️ EnergyBudgetPhase not enabled in applyEnergyConstrainedCleanup, assuming full energy availability
⚠️ EnergyBudgetPhase not enabled in applyEnergyConstrainedCleanup, assuming full energy availability
⚠️ EnergyBudgetPhase not enabled in applyEnergyConstrainedCleanup, assuming full energy availability
    ⚠️ Rebound: -0.23%
⚠️ EnergyBudgetPhase not enabled in applyEnergyConstrainedCleanup, assuming full energy availability
  🧪 PFAS Remediation:
    Concentration Factor: 2.24%
    Energy Factor: 66.14%
    Gross → Net: 1.04% → 0.52%
    ⚠️ Rebound: -0.52%
⚠️ EnergyBudgetPhase not enabled in applyEnergyConstrainedCleanup, assuming full energy availability
  🧪 Microplastic Capture:
    Concentration Factor: 3.16%
    Energy Factor: 100.00%
    Gross → Net: 1.26% → 0.81%
    ⚠️ Rebound: -0.45%
⚠️ EnergyBudgetPhase not enabled in applyEnergyConstrainedCleanup, assuming full energy availability
  🧪 PFAS Remediation:
    Concentration Factor: 2.24%
    Energy Factor: 66.14%
    Gross → Net: 1.04% → 0.87%
    ⚠️ Rebound: -0.17%
⚠️ EnergyBudgetPhase not enabled in applyEnergyConstrainedCleanup, assuming full energy availability
  🧪 Microplastic Capture:
    Concentration Factor: 3.16%
    Energy Factor: 100.00%
    Gross → Net: 1.26% → 1.11%
    ⚠️ Rebound: -0.16%
  🧪 PFAS Remediation:
    Concentration Factor: 2.24%
    Energy Factor: 66.14%
    Gross → Net: 1.04% → 0.62%
    ⚠️ Rebound: -0.41%
  🧪 Microplastic Capture:
    Concentration Factor: 3.16%
    Energy Factor: 100.00%
    Gross → Net: 1.26% → 1.15%
    ⚠️ Rebound: -0.11%
  🧪 PFAS Remediation:
    Concentration Factor: 2.24%
    Energy Factor: 66.14%
    Gross → Net: 1.04% → 0.84%
    ⚠️ Rebound: -0.19%
  🧪 Microplastic Capture:
    Concentration Factor: 3.16%
    Energy Factor: 100.00%
    Gross → Net: 1.26% → 0.81%
    ⚠️ Rebound: -0.46%
  🧪 PFAS Remediation:
    Concentration Factor: 2.24%
    Energy Factor: 66.14%
    Gross → Net: 1.04% → 0.94%
    ⚠️ Rebound: -0.10%
  🧪 Microplastic Capture:
    Concentration Factor: 3.16%
    Energy Factor: 100.00%
    Gross → Net: 1.26% → 0.89%
    ⚠️ Rebound: -0.37%
  🧪 PFAS Remediation:
    Concentration Factor: 2.24%
⚠️ EnergyBudgetPhase not enabled in applyEnergyConstrainedCleanup, assuming full energy availability
⚠️ EnergyBudgetPhase not enabled in applyEnergyConstrainedCleanup, assuming full energy availability
⚠️ EnergyBudgetPhase not enabled in applyEnergyConstrainedCleanup, assuming full energy availability
⚠️ EnergyBudgetPhase not enabled in applyEnergyConstrainedCleanup, assuming full energy availability
⚠️ EnergyBudgetPhase not enabled in applyEnergyConstrainedCleanup, assuming full energy availability
⚠️ EnergyBudgetPhase not enabled in applyEnergyConstrainedCleanup, assuming full energy availability
⚠️ EnergyBudgetPhase not enabled in applyEnergyConstrainedCleanup, assuming full energy availability
    Energy Factor: 66.14%
    Gross → Net: 1.04% → 0.53%
    ⚠️ Rebound: -0.51%
⚠️ EnergyBudgetPhase not enabled in applyEnergyConstrainedCleanup, assuming full energy availability
  🧪 Microplastic Capture:
    Concentration Factor: 3.16%
    Energy Factor: 100.00%
    Gross → Net: 1.26% → 0.79%
    ⚠️ Rebound: -0.47%
⚠️ EnergyBudgetPhase not enabled in applyEnergyConstrainedCleanup, assuming full energy availability
  🧪 PFAS Remediation:
    Concentration Factor: 2.24%
    Energy Factor: 66.14%
    Gross → Net: 1.04% → 0.60%
    ⚠️ Rebound: -0.44%
⚠️ EnergyBudgetPhase not enabled in applyEnergyConstrainedCleanup, assuming full energy availability
  🧪 Microplastic Capture:
    Concentration Factor: 3.16%
    Energy Factor: 100.00%
    Gross → Net: 1.26% → 0.80%
    ⚠️ Rebound: -0.47%
  🧪 PFAS Remediation:
    Concentration Factor: 2.24%
    Energy Factor: 66.14%
    Gross → Net: 1.04% → 0.91%
    ⚠️ Rebound: -0.12%
  🧪 Microplastic Capture:
    Concentration Factor: 3.16%
    Energy Factor: 100.00%
    Gross → Net: 1.26% → 1.10%
    ⚠️ Rebound: -0.17%
  🧪 PFAS Remediation:
    Concentration Factor: 2.24%
    Energy Factor: 66.14%
    Gross → Net: 1.04% → 0.85%
    ⚠️ Rebound: -0.19%
  🧪 Microplastic Capture:
    Concentration Factor: 3.16%
    Energy Factor: 100.00%
    Gross → Net: 1.26% → 0.65%
    ⚠️ Rebound: -0.62%
  🧪 PFAS Remediation:
    Concentration Factor: 2.24%
    Energy Factor: 66.14%
    Gross → Net: 1.04% → 0.73%
    ⚠️ Rebound: -0.31%
  🧪 Microplastic Capture:
    Concentration Factor: 3.16%
    Energy Factor: 100.00%
    Gross → Net: 1.26% → 0.66%
    ⚠️ Rebound: -0.60%
  🧪 PFAS Remediation:
    Concentration Factor: 2.24%
    Energy Factor: 66.14%
    Gross → Net: 1.04% → 0.89%
    ⚠️ Rebound: -0.14%
⚠️ EnergyBudgetPhase not enabled in applyEnergyConstrainedCleanup, assuming full energy availability
⚠️ EnergyBudgetPhase not enabled in applyEnergyConstrainedCleanup, assuming full energy availability
⚠️ EnergyBudgetPhase not enabled in applyEnergyConstrainedCleanup, assuming full energy availability
⚠️ EnergyBudgetPhase not enabled in applyEnergyConstrainedCleanup, assuming full energy availability
⚠️ EnergyBudgetPhase not enabled in applyEnergyConstrainedCleanup, assuming full energy availability
⚠️ EnergyBudgetPhase not enabled in applyEnergyConstrainedCleanup, assuming full energy availability
⚠️ EnergyBudgetPhase not enabled in applyEnergyConstrainedCleanup, assuming full energy availability
⚠️ EnergyBudgetPhase not enabled in applyEnergyConstrainedCleanup, assuming full energy availability
  🧪 Microplastic Capture:
    Concentration Factor: 3.16%
    Energy Factor: 100.00%
    Gross → Net: 1.26% → 0.85%
    ⚠️ Rebound: -0.42%
  🧪 PFAS Remediation:
    Concentration Factor: 2.24%
    Energy Factor: 66.14%
    Gross → Net: 1.04% → 0.89%
    ⚠️ Rebound: -0.15%
  🧪 Microplastic Capture:
    Concentration Factor: 3.16%
    Energy Factor: 100.00%
    Gross → Net: 1.26% → 0.79%
    ⚠️ Rebound: -0.47%
  🧪 PFAS Remediation:
    Concentration Factor: 2.24%
    Energy Factor: 66.14%
    Gross → Net: 1.04% → 0.92%
    ⚠️ Rebound: -0.11%
  🧪 Microplastic Capture:
    Concentration Factor: 3.16%
    Energy Factor: 100.00%
    Gross → Net: 1.26% → 0.63%
    ⚠️ Rebound: -0.63%
  🧪 PFAS Remediation:
    Concentration Factor: 2.24%
    Energy Factor: 66.14%
    Gross → Net: 1.04% → 0.76%
    ⚠️ Rebound: -0.28%
  🧪 Microplastic Capture:
    Concentration Factor: 3.16%
    Energy Factor: 100.00%
    Gross → Net: 1.26% → 1.19%
    ⚠️ Rebound: -0.08%
  🧪 PFAS Remediation:
    Concentration Factor: 2.24%
    Energy Factor: 66.14%
    Gross → Net: 1.04% → 0.70%
    ⚠️ Rebound: -0.33%
  🧪 Microplastic Capture:
    Concentration Factor: 3.16%
    Energy Factor: 100.00%
    Gross → Net: 1.26% → 0.76%
    ⚠️ Rebound: -0.51%
  🧪 PFAS Remediation:
    Concentration Factor: 2.24%
    Energy Factor: 66.14%
    Gross → Net: 1.04% → 0.67%
    ⚠️ Rebound: -0.37%
  🧪 Microplastic Capture:
    Concentration Factor: 3.16%
    Energy Factor: 100.00%
    Gross → Net: 1.26% → 1.07%
    ⚠️ Rebound: -0.19%
  🧪 PFAS Remediation:
    Concentration Factor: 2.24%
    Energy Factor: 66.14%
    Gross → Net: 1.04% → 0.67%
    ⚠️ Rebound: -0.36%
  🧪 Microplastic Capture:
    Concentration Factor: 3.16%
    Energy Factor: 100.00%
    Gross → Net: 1.26% → 1.05%
    ⚠️ Rebound: -0.22%
  🧪 PFAS Remediation:
    Concentration Factor: 2.24%
    Energy Factor: 66.14%
    Gross → Net: 1.04% → 0.94%
    ⚠️ Rebound: -0.10%
⚠️ EnergyBudgetPhase not enabled in applyEnergyConstrainedCleanup, assuming full energy availability
⚠️ EnergyBudgetPhase not enabled in applyEnergyConstrainedCleanup, assuming full energy availability
⚠️ EnergyBudgetPhase not enabled in applyEnergyConstrainedCleanup, assuming full energy availability
⚠️ EnergyBudgetPhase not enabled in applyEnergyConstrainedCleanup, assuming full energy availability
⚠️ EnergyBudgetPhase not enabled in applyEnergyConstrainedCleanup, assuming full energy availability
⚠️ EnergyBudgetPhase not enabled in applyEnergyConstrainedCleanup, assuming full energy availability
⚠️ EnergyBudgetPhase not enabled in applyEnergyConstrainedCleanup, assuming full energy availability
⚠️ EnergyBudgetPhase not enabled in applyEnergyConstrainedCleanup, assuming full energy availability
⚠️ EnergyBudgetPhase not enabled in applyEnergyConstrainedCleanup, assuming full energy availability
⚠️ EnergyBudgetPhase not enabled in applyEnergyConstrainedCleanup, assuming full energy availability
⚠️ EnergyBudgetPhase not enabled in applyEnergyConstrainedCleanup, assuming full energy availability
⚠️ EnergyBudgetPhase not enabled in applyEnergyConstrainedCleanup, assuming full energy availability
⚠️ EnergyBudgetPhase not enabled in applyEnergyConstrainedCleanup, assuming full energy availability
⚠️ EnergyBudgetPhase not enabled in applyEnergyConstrainedCleanup, assuming full energy availability
  🧪 Microplastic Capture:
    Concentration Factor: 3.16%
    Energy Factor: 100.00%
    Gross → Net: 1.26% → 0.83%
    ⚠️ Rebound: -0.43%
⚠️ EnergyBudgetPhase not enabled in applyEnergyConstrainedCleanup, assuming full energy availability
  🧪 PFAS Remediation:
    Concentration Factor: 2.24%
    Energy Factor: 66.14%
    Gross → Net: 1.04% → 0.95%
    ⚠️ Rebound: -0.09%
⚠️ EnergyBudgetPhase not enabled in applyEnergyConstrainedCleanup, assuming full energy availability
  🧪 Microplastic Capture:
    Concentration Factor: 3.16%
    Energy Factor: 100.00%
    Gross → Net: 1.26% → 0.75%
    ⚠️ Rebound: -0.52%
⚠️ EnergyBudgetPhase not enabled in applyEnergyConstrainedCleanup, assuming full energy availability
  🧪 PFAS Remediation:
    Concentration Factor: 2.24%
    Energy Factor: 66.14%
    Gross → Net: 1.04% → 0.58%
    ⚠️ Rebound: -0.45%
⚠️ EnergyBudgetPhase not enabled in applyEnergyConstrainedCleanup, assuming full energy availability
  🧪 Microplastic Capture:
    Concentration Factor: 3.16%
    Energy Factor: 100.00%
    Gross → Net: 1.26% → 0.81%
    ⚠️ Rebound: -0.46%
  🧪 PFAS Remediation:
    Concentration Factor: 2.24%
    Energy Factor: 66.14%
    Gross → Net: 1.04% → 0.96%
    ⚠️ Rebound: -0.07%
  🧪 Microplastic Capture:
    Concentration Factor: 3.16%
    Energy Factor: 100.00%
    Gross → Net: 1.26% → 1.12%
    ⚠️ Rebound: -0.14%
  🧪 PFAS Remediation:
    Concentration Factor: 2.24%
    Energy Factor: 66.14%
    Gross → Net: 1.04% → 0.95%
    ⚠️ Rebound: -0.08%
  🧪 Microplastic Capture:
    Concentration Factor: 3.16%
    Energy Factor: 100.00%
    Gross → Net: 1.26% → 1.15%
    ⚠️ Rebound: -0.12%
  🧪 PFAS Remediation:
    Concentration Factor: 2.24%
    Energy Factor: 66.14%
    Gross → Net: 1.04% → 0.74%
    ⚠️ Rebound: -0.29%
  🧪 Microplastic Capture:
    Concentration Factor: 3.16%
    Energy Factor: 100.00%
    Gross → Net: 1.26% → 1.19%
    ⚠️ Rebound: -0.07%
  🧪 PFAS Remediation:
    Concentration Factor: 2.24%
    Energy Factor: 66.14%
    Gross → Net: 1.04% → 0.66%
    ⚠️ Rebound: -0.37%
  🧪 Microplastic Capture:
    Concentration Factor: 3.16%
    Energy Factor: 100.00%
    Gross → Net: 1.26% → 1.09%
    ⚠️ Rebound: -0.18%
  🧪 PFAS Remediation:
    Concentration Factor: 2.24%
    Energy Factor: 66.14%
    Gross → Net: 1.04% → 0.95%
    ⚠️ Rebound: -0.08%
  🧪 Microplastic Capture:
    Concentration Factor: 3.16%
    Energy Factor: 100.00%
    Gross → Net: 1.26% → 0.81%
    ⚠️ Rebound: -0.46%
⚠️ EnergyBudgetPhase not enabled in applyEnergyConstrainedCleanup, assuming full energy availability
⚠️ EnergyBudgetPhase not enabled in applyEnergyConstrainedCleanup, assuming full energy availability
⚠️ EnergyBudgetPhase not enabled in applyEnergyConstrainedCleanup, assuming full energy availability
⚠️ EnergyBudgetPhase not enabled in applyEnergyConstrainedCleanup, assuming full energy availability
⚠️ EnergyBudgetPhase not enabled in applyEnergyConstrainedCleanup, assuming full energy availability
⚠️ EnergyBudgetPhase not enabled in applyEnergyConstrainedCleanup, assuming full energy availability
⚠️ EnergyBudgetPhase not enabled in applyEnergyConstrainedCleanup, assuming full energy availability
⚠️ EnergyBudgetPhase not enabled in applyEnergyConstrainedCleanup, assuming full energy availability
⚠️ EnergyBudgetPhase not enabled in applyEnergyConstrainedCleanup, assuming full energy availability
⚠️ EnergyBudgetPhase not enabled in applyEnergyConstrainedCleanup, assuming full energy availability
⚠️ EnergyBudgetPhase not enabled in applyEnergyConstrainedCleanup, assuming full energy availability
  🧪 PFAS Remediation:
    Concentration Factor: 2.24%
    Energy Factor: 66.14%
    Gross → Net: 1.04% → 0.54%
    ⚠️ Rebound: -0.50%
⚠️ EnergyBudgetPhase not enabled in applyEnergyConstrainedCleanup, assuming full energy availability
  🧪 Microplastic Capture:
    Concentration Factor: 3.16%
    Energy Factor: 100.00%
    Gross → Net: 1.26% → 1.04%
    ⚠️ Rebound: -0.23%
⚠️ EnergyBudgetPhase not enabled in applyEnergyConstrainedCleanup, assuming full energy availability
  🧪 PFAS Remediation:
    Concentration Factor: 2.24%
    Energy Factor: 66.14%
    Gross → Net: 1.04% → 0.85%
    ⚠️ Rebound: -0.18%
⚠️ EnergyBudgetPhase not enabled in applyEnergyConstrainedCleanup, assuming full energy availability
  🧪 Microplastic Capture:
    Concentration Factor: 3.16%
    Energy Factor: 100.00%
    Gross → Net: 1.26% → 0.89%
    ⚠️ Rebound: -0.38%
⚠️ EnergyBudgetPhase not enabled in applyEnergyConstrainedCleanup, assuming full energy availability
  🧪 PFAS Remediation:
    Concentration Factor: 2.24%
    Energy Factor: 66.14%
    Gross → Net: 1.04% → 0.85%
    ⚠️ Rebound: -0.18%
  🧪 Microplastic Capture:
    Concentration Factor: 3.16%
    Energy Factor: 100.00%
    Gross → Net: 1.26% → 1.20%
    ⚠️ Rebound: -0.07%
  🧪 PFAS Remediation:
    Concentration Factor: 2.24%
    Energy Factor: 66.14%
    Gross → Net: 1.04% → 0.63%
    ⚠️ Rebound: -0.40%
  🧪 Microplastic Capture:
    Concentration Factor: 3.16%
    Energy Factor: 100.00%
    Gross → Net: 1.26% → 0.72%
    ⚠️ Rebound: -0.54%
  🧪 PFAS Remediation:
    Concentration Factor: 2.24%
    Energy Factor: 66.14%
    Gross → Net: 1.04% → 0.60%
    ⚠️ Rebound: -0.43%
  🧪 Microplastic Capture:
    Concentration Factor: 3.16%
    Energy Factor: 100.00%
    Gross → Net: 1.26% → 0.73%
    ⚠️ Rebound: -0.54%
  🧪 PFAS Remediation:
    Concentration Factor: 2.24%
    Energy Factor: 66.14%
    Gross → Net: 1.04% → 0.67%
    ⚠️ Rebound: -0.36%
  🧪 Microplastic Capture:
    Concentration Factor: 3.16%
    Energy Factor: 100.00%
    Gross → Net: 1.26% → 0.99%
    ⚠️ Rebound: -0.27%
⚠️ EnergyBudgetPhase not enabled in applyEnergyConstrainedCleanup, assuming full energy availability
⚠️ EnergyBudgetPhase not enabled in applyEnergyConstrainedCleanup, assuming full energy availability
⚠️ EnergyBudgetPhase not enabled in applyEnergyConstrainedCleanup, assuming full energy availability
⚠️ EnergyBudgetPhase not enabled in applyEnergyConstrainedCleanup, assuming full energy availability
⚠️ EnergyBudgetPhase not enabled in applyEnergyConstrainedCleanup, assuming full energy availability
⚠️ EnergyBudgetPhase not enabled in applyEnergyConstrainedCleanup, assuming full energy availability
⚠️ EnergyBudgetPhase not enabled in applyEnergyConstrainedCleanup, assuming full energy availability
⚠️ EnergyBudgetPhase not enabled in applyEnergyConstrainedCleanup, assuming full energy availability
  🧪 PFAS Remediation:
    Concentration Factor: 2.24%
    Energy Factor: 66.14%
    Gross → Net: 1.04% → 0.74%
    ⚠️ Rebound: -0.29%
⚠️ EnergyBudgetPhase not enabled in applyEnergyConstrainedCleanup, assuming full energy availability
  🧪 Microplastic Capture:
    Concentration Factor: 3.16%
    Energy Factor: 100.00%
    Gross → Net: 1.26% → 0.85%
    ⚠️ Rebound: -0.41%
⚠️ EnergyBudgetPhase not enabled in applyEnergyConstrainedCleanup, assuming full energy availability
  🧪 PFAS Remediation:
    Concentration Factor: 2.24%
    Energy Factor: 66.14%
    Gross → Net: 1.04% → 0.58%
    ⚠️ Rebound: -0.46%
⚠️ EnergyBudgetPhase not enabled in applyEnergyConstrainedCleanup, assuming full energy availability
⚠️ EnergyBudgetPhase not enabled in applyEnergyConstrainedCleanup, assuming full energy availability
⚠️ EnergyBudgetPhase not enabled in applyEnergyConstrainedCleanup, assuming full energy availability
⚠️ EnergyBudgetPhase not enabled in applyEnergyConstrainedCleanup, assuming full energy availability
⚠️ EnergyBudgetPhase not enabled in applyEnergyConstrainedCleanup, assuming full energy availability
⚠️ EnergyBudgetPhase not enabled in applyEnergyConstrainedCleanup, assuming full energy availability
  🧪 Microplastic Capture:
    Concentration Factor: 3.16%
    Energy Factor: 100.00%
    Gross → Net: 1.26% → 0.99%
    ⚠️ Rebound: -0.27%
  🧪 PFAS Remediation:
    Concentration Factor: 2.24%
    Energy Factor: 66.14%
    Gross → Net: 1.04% → 0.63%
    ⚠️ Rebound: -0.41%
  🧪 Microplastic Capture:
    Concentration Factor: 3.16%
    Energy Factor: 100.00%
    Gross → Net: 1.26% → 1.13%
    ⚠️ Rebound: -0.14%
  🧪 PFAS Remediation:
    Concentration Factor: 2.24%
    Energy Factor: 66.14%
    Gross → Net: 1.04% → 0.72%
    ⚠️ Rebound: -0.32%
  🧪 Microplastic Capture:
    Concentration Factor: 3.16%
    Energy Factor: 100.00%
    Gross → Net: 1.26% → 1.01%
    ⚠️ Rebound: -0.25%
  🧪 PFAS Remediation:
    Concentration Factor: 2.24%
    Energy Factor: 66.14%
    Gross → Net: 1.04% → 0.70%
    ⚠️ Rebound: -0.33%
⚠️ EnergyBudgetPhase not enabled in applyEnergyConstrainedCleanup, assuming full energy availability
  🧪 Microplastic Capture:
    Concentration Factor: 3.16%
    Energy Factor: 100.00%
    Gross → Net: 1.26% → 0.74%
    ⚠️ Rebound: -0.52%
⚠️ EnergyBudgetPhase not enabled in applyEnergyConstrainedCleanup, assuming full energy availability
  🧪 PFAS Remediation:
    Concentration Factor: 2.24%
    Energy Factor: 66.14%
    Gross → Net: 1.04% → 0.73%
    ⚠️ Rebound: -0.31%
⚠️ EnergyBudgetPhase not enabled in applyEnergyConstrainedCleanup, assuming full energy availability
  🧪 Microplastic Capture:
    Concentration Factor: 3.16%
    Energy Factor: 100.00%
    Gross → Net: 1.26% → 0.64%
    ⚠️ Rebound: -0.63%
  🧪 PFAS Remediation:
    Concentration Factor: 2.24%
    Energy Factor: 66.14%
    Gross → Net: 1.04% → 0.75%
    ⚠️ Rebound: -0.28%
  🧪 Microplastic Capture:
    Concentration Factor: 3.16%
    Energy Factor: 100.00%
    Gross → Net: 1.26% → 0.98%
    ⚠️ Rebound: -0.29%
  🧪 PFAS Remediation:
    Concentration Factor: 2.24%
    Energy Factor: 66.14%
    Gross → Net: 1.04% → 0.52%
    ⚠️ Rebound: -0.51%
  🧪 Microplastic Capture:
    Concentration Factor: 3.16%
    Energy Factor: 100.00%
    Gross → Net: 1.26% → 1.04%
    ⚠️ Rebound: -0.23%
⚠️ EnergyBudgetPhase not enabled in applyEnergyConstrainedCleanup, assuming full energy availability
⚠️ EnergyBudgetPhase not enabled in applyEnergyConstrainedCleanup, assuming full energy availability
⚠️ EnergyBudgetPhase not enabled in applyEnergyConstrainedCleanup, assuming full energy availability
⚠️ EnergyBudgetPhase not enabled in applyEnergyConstrainedCleanup, assuming full energy availability
⚠️ EnergyBudgetPhase not enabled in applyEnergyConstrainedCleanup, assuming full energy availability
  🧪 PFAS Remediation:
    Concentration Factor: 2.24%
    Energy Factor: 66.14%
    Gross → Net: 1.04% → 0.69%
    ⚠️ Rebound: -0.35%
⚠️ EnergyBudgetPhase not enabled in applyEnergyConstrainedCleanup, assuming full energy availability
  🧪 Microplastic Capture:
    Concentration Factor: 3.16%
    Energy Factor: 100.00%
    Gross → Net: 1.26% → 0.77%
    ⚠️ Rebound: -0.49%
  🧪 PFAS Remediation:
    Concentration Factor: 2.24%
    Energy Factor: 66.14%
    Gross → Net: 1.04% → 0.60%
    ⚠️ Rebound: -0.43%
  🧪 Microplastic Capture:
    Concentration Factor: 3.16%
    Energy Factor: 100.00%
    Gross → Net: 1.26% → 0.95%
    ⚠️ Rebound: -0.32%
  🧪 PFAS Remediation:
    Concentration Factor: 2.24%
    Energy Factor: 66.14%
    Gross → Net: 1.04% → 0.58%
    ⚠️ Rebound: -0.45%
  🧪 Microplastic Capture:
    Concentration Factor: 3.16%
    Energy Factor: 100.00%
    Gross → Net: 1.26% → 0.79%
    ⚠️ Rebound: -0.48%
  🧪 PFAS Remediation:
    Concentration Factor: 2.24%
    Energy Factor: 66.14%
    Gross → Net: 1.04% → 0.70%
    ⚠️ Rebound: -0.34%
  🧪 Microplastic Capture:
    Concentration Factor: 3.16%
    Energy Factor: 100.00%
    Gross → Net: 1.26% → 1.14%
    ⚠️ Rebound: -0.13%
  🧪 PFAS Remediation:
    Concentration Factor: 2.24%
    Energy Factor: 66.14%
    Gross → Net: 1.04% → 0.93%
⚠️ EnergyBudgetPhase not enabled in applyEnergyConstrainedCleanup, assuming full energy availability
⚠️ EnergyBudgetPhase not enabled in applyEnergyConstrainedCleanup, assuming full energy availability
⚠️ EnergyBudgetPhase not enabled in applyEnergyConstrainedCleanup, assuming full energy availability
⚠️ EnergyBudgetPhase not enabled in applyEnergyConstrainedCleanup, assuming full energy availability
⚠️ EnergyBudgetPhase not enabled in applyEnergyConstrainedCleanup, assuming full energy availability
⚠️ EnergyBudgetPhase not enabled in applyEnergyConstrainedCleanup, assuming full energy availability
⚠️ EnergyBudgetPhase not enabled in applyEnergyConstrainedCleanup, assuming full energy availability
    ⚠️ Rebound: -0.11%
⚠️ EnergyBudgetPhase not enabled in applyEnergyConstrainedCleanup, assuming full energy availability
  🧪 Microplastic Capture:
    Concentration Factor: 3.16%
    Energy Factor: 100.00%
    Gross → Net: 1.26% → 1.18%
    ⚠️ Rebound: -0.08%
⚠️ EnergyBudgetPhase not enabled in applyEnergyConstrainedCleanup, assuming full energy availability
  🧪 PFAS Remediation:
    Concentration Factor: 2.24%
    Energy Factor: 66.14%
    Gross → Net: 1.04% → 0.92%
    ⚠️ Rebound: -0.12%
⚠️ EnergyBudgetPhase not enabled in applyEnergyConstrainedCleanup, assuming full energy availability
  🧪 Microplastic Capture:
    Concentration Factor: 3.16%
    Energy Factor: 100.00%
    Gross → Net: 1.26% → 0.91%
    ⚠️ Rebound: -0.36%
  🧪 PFAS Remediation:
    Concentration Factor: 2.24%
    Energy Factor: 66.14%
    Gross → Net: 1.04% → 0.77%
    ⚠️ Rebound: -0.27%
  🧪 Microplastic Capture:
    Concentration Factor: 3.16%
    Energy Factor: 100.00%
    Gross → Net: 1.26% → 1.09%
⚠️ EnergyBudgetPhase not enabled in applyEnergyConstrainedCleanup, assuming full energy availability
⚠️ EnergyBudgetPhase not enabled in applyEnergyConstrainedCleanup, assuming full energy availability
    ⚠️ Rebound: -0.18%
⚠️ EnergyBudgetPhase not enabled in applyEnergyConstrainedCleanup, assuming full energy availability
  🧪 PFAS Remediation:
    Concentration Factor: 2.24%
    Energy Factor: 66.14%
    Gross → Net: 1.04% → 0.82%
    ⚠️ Rebound: -0.22%
  🧪 Microplastic Capture:
    Concentration Factor: 3.16%
    Energy Factor: 100.00%
    Gross → Net: 1.26% → 0.77%
    ⚠️ Rebound: -0.49%
  🧪 PFAS Remediation:
    Concentration Factor: 2.24%
    Energy Factor: 66.14%
    Gross → Net: 1.04% → 0.69%
    ⚠️ Rebound: -0.34%
  🧪 Microplastic Capture:
    Concentration Factor: 3.16%
    Energy Factor: 100.00%
    Gross → Net: 1.26% → 0.81%
    ⚠️ Rebound: -0.46%
  🧪 PFAS Remediation:
    Concentration Factor: 2.24%
    Energy Factor: 66.14%
    Gross → Net: 1.04% → 0.97%
    ⚠️ Rebound: -0.07%
  🧪 Microplastic Capture:
    Concentration Factor: 3.16%
    Energy Factor: 100.00%
    Gross → Net: 1.26% → 1.14%
    ⚠️ Rebound: -0.12%
  🧪 PFAS Remediation:
⚠️ EnergyBudgetPhase not enabled in applyEnergyConstrainedCleanup, assuming full energy availability
⚠️ EnergyBudgetPhase not enabled in applyEnergyConstrainedCleanup, assuming full energy availability
⚠️ EnergyBudgetPhase not enabled in applyEnergyConstrainedCleanup, assuming full energy availability
⚠️ EnergyBudgetPhase not enabled in applyEnergyConstrainedCleanup, assuming full energy availability
⚠️ EnergyBudgetPhase not enabled in applyEnergyConstrainedCleanup, assuming full energy availability
⚠️ EnergyBudgetPhase not enabled in applyEnergyConstrainedCleanup, assuming full energy availability
    Concentration Factor: 2.24%
    Energy Factor: 66.14%
    Gross → Net: 1.04% → 0.90%
    ⚠️ Rebound: -0.14%
⚠️ EnergyBudgetPhase not enabled in applyEnergyConstrainedCleanup, assuming full energy availability
  🧪 Microplastic Capture:
    Concentration Factor: 3.16%
    Energy Factor: 100.00%
    Gross → Net: 1.26% → 0.69%
    ⚠️ Rebound: -0.57%
⚠️ EnergyBudgetPhase not enabled in applyEnergyConstrainedCleanup, assuming full energy availability
  🧪 PFAS Remediation:
    Concentration Factor: 2.24%
    Energy Factor: 66.14%
    Gross → Net: 1.04% → 0.54%
    ⚠️ Rebound: -0.50%
  🧪 Microplastic Capture:
    Concentration Factor: 3.16%
    Energy Factor: 100.00%
    Gross → Net: 1.26% → 1.00%
    ⚠️ Rebound: -0.27%
  🧪 PFAS Remediation:
    Concentration Factor: 2.24%
    Energy Factor: 66.14%
    Gross → Net: 1.04% → 0.87%
    ⚠️ Rebound: -0.17%
  🧪 Microplastic Capture:
    Concentration Factor: 3.16%
    Energy Factor: 100.00%
    Gross → Net: 1.26% → 1.00%
    ⚠️ Rebound: -0.26%
  🧪 PFAS Remediation:
    Concentration Factor: 2.24%
    Energy Factor: 66.14%
    Gross → Net: 1.04% → 0.70%
⚠️ EnergyBudgetPhase not enabled in applyEnergyConstrainedCleanup, assuming full energy availability
⚠️ EnergyBudgetPhase not enabled in applyEnergyConstrainedCleanup, assuming full energy availability
⚠️ EnergyBudgetPhase not enabled in applyEnergyConstrainedCleanup, assuming full energy availability
⚠️ EnergyBudgetPhase not enabled in applyEnergyConstrainedCleanup, assuming full energy availability
    ⚠️ Rebound: -0.33%
⚠️ EnergyBudgetPhase not enabled in applyEnergyConstrainedCleanup, assuming full energy availability
  🧪 Microplastic Capture:
    Concentration Factor: 3.16%
    Energy Factor: 100.00%
    Gross → Net: 1.26% → 1.02%
    ⚠️ Rebound: -0.25%
⚠️ EnergyBudgetPhase not enabled in applyEnergyConstrainedCleanup, assuming full energy availability
  🧪 PFAS Remediation:
    Concentration Factor: 2.24%
    Energy Factor: 66.14%
    Gross → Net: 1.04% → 0.63%
    ⚠️ Rebound: -0.40%
  🧪 Microplastic Capture:
    Concentration Factor: 3.16%
    Energy Factor: 100.00%
    Gross → Net: 1.26% → 0.66%
    ⚠️ Rebound: -0.61%
  🧪 PFAS Remediation:
    Concentration Factor: 2.24%
    Energy Factor: 66.14%
    Gross → Net: 1.04% → 0.75%
    ⚠️ Rebound: -0.28%
  🧪 Microplastic Capture:
    Concentration Factor: 3.16%
    Energy Factor: 100.00%
    Gross → Net: 1.26% → 1.05%
    ⚠️ Rebound: -0.21%
  🧪 PFAS Remediation:
    Concentration Factor: 2.24%
    Energy Factor: 66.14%
    Gross → Net: 1.04% → 0.87%
    ⚠️ Rebound: -0.17%
  🧪 Microplastic Capture:
    Concentration Factor: 3.16%
    Energy Factor: 100.00%
    Gross → Net: 1.26% → 1.07%
    ⚠️ Rebound: -0.20%
  🧪 PFAS Remediation:
    Concentration Factor: 2.24%
    Energy Factor: 66.14%
    Gross → Net: 1.04% → 0.95%
    ⚠️ Rebound: -0.08%
  🧪 Microplastic Capture:
    Concentration Factor: 3.16%
    Energy Factor: 100.00%
    Gross → Net: 1.26% → 0.91%
    ⚠️ Rebound: -0.36%
  🧪 PFAS Remediation:
    Concentration Factor: 2.24%
    Energy Factor: 66.14%
    Gross → Net: 1.04% → 0.83%
    ⚠️ Rebound: -0.20%
  🧪 Microplastic Capture:
    Concentration Factor: 3.16%
    Energy Factor: 100.00%
    Gross → Net: 1.26% → 0.81%
    ⚠️ Rebound: -0.46%
⚠️ EnergyBudgetPhase not enabled in applyEnergyConstrainedCleanup, assuming full energy availability
⚠️ EnergyBudgetPhase not enabled in applyEnergyConstrainedCleanup, assuming full energy availability
⚠️ EnergyBudgetPhase not enabled in applyEnergyConstrainedCleanup, assuming full energy availability
⚠️ EnergyBudgetPhase not enabled in applyEnergyConstrainedCleanup, assuming full energy availability
⚠️ EnergyBudgetPhase not enabled in applyEnergyConstrainedCleanup, assuming full energy availability
⚠️ EnergyBudgetPhase not enabled in applyEnergyConstrainedCleanup, assuming full energy availability
⚠️ EnergyBudgetPhase not enabled in applyEnergyConstrainedCleanup, assuming full energy availability
⚠️ EnergyBudgetPhase not enabled in applyEnergyConstrainedCleanup, assuming full energy availability
⚠️ EnergyBudgetPhase not enabled in applyEnergyConstrainedCleanup, assuming full energy availability
⚠️ EnergyBudgetPhase not enabled in applyEnergyConstrainedCleanup, assuming full energy availability
  🧪 PFAS Remediation:
    Concentration Factor: 2.24%
    Energy Factor: 66.14%
    Gross → Net: 1.04% → 0.97%
    ⚠️ Rebound: -0.06%
⚠️ EnergyBudgetPhase not enabled in applyEnergyConstrainedCleanup, assuming full energy availability
  🧪 Microplastic Capture:
    Concentration Factor: 3.16%
    Energy Factor: 100.00%
    Gross → Net: 1.26% → 1.15%
    ⚠️ Rebound: -0.11%
⚠️ EnergyBudgetPhase not enabled in applyEnergyConstrainedCleanup, assuming full energy availability
  🧪 PFAS Remediation:
    Concentration Factor: 2.24%
    Energy Factor: 66.14%
    Gross → Net: 1.04% → 0.72%
    ⚠️ Rebound: -0.31%
⚠️ EnergyBudgetPhase not enabled in applyEnergyConstrainedCleanup, assuming full energy availability
  🧪 Microplastic Capture:
    Concentration Factor: 3.16%
    Energy Factor: 100.00%
    Gross → Net: 1.26% → 1.07%
    ⚠️ Rebound: -0.19%
  🧪 PFAS Remediation:
    Concentration Factor: 2.24%
    Energy Factor: 66.14%
    Gross → Net: 1.04% → 0.80%
    ⚠️ Rebound: -0.24%
  🧪 Microplastic Capture:
    Concentration Factor: 3.16%
    Energy Factor: 100.00%
    Gross → Net: 1.26% → 1.00%
    ⚠️ Rebound: -0.26%
  🧪 PFAS Remediation:
    Concentration Factor: 2.24%
    Energy Factor: 66.14%
    Gross → Net: 1.04% → 0.97%
    ⚠️ Rebound: -0.06%
  🧪 Microplastic Capture:
    Concentration Factor: 3.16%
    Energy Factor: 100.00%
    Gross → Net: 1.26% → 0.86%
    ⚠️ Rebound: -0.41%
⚠️ EnergyBudgetPhase not enabled in applyEnergyConstrainedCleanup, assuming full energy availability
⚠️ EnergyBudgetPhase not enabled in applyEnergyConstrainedCleanup, assuming full energy availability
⚠️ EnergyBudgetPhase not enabled in applyEnergyConstrainedCleanup, assuming full energy availability
⚠️ EnergyBudgetPhase not enabled in applyEnergyConstrainedCleanup, assuming full energy availability
⚠️ EnergyBudgetPhase not enabled in applyEnergyConstrainedCleanup, assuming full energy availability
  🧪 PFAS Remediation:
    Concentration Factor: 2.24%
    Energy Factor: 66.14%
    Gross → Net: 1.04% → 0.96%
    ⚠️ Rebound: -0.08%
⚠️ EnergyBudgetPhase not enabled in applyEnergyConstrainedCleanup, assuming full energy availability
  🧪 Microplastic Capture:
    Concentration Factor: 3.16%
    Energy Factor: 100.00%
    Gross → Net: 1.26% → 0.74%
    ⚠️ Rebound: -0.52%
  🧪 PFAS Remediation:
    Concentration Factor: 2.24%
    Energy Factor: 66.14%
    Gross → Net: 1.04% → 0.80%
    ⚠️ Rebound: -0.23%
  🧪 Microplastic Capture:
    Concentration Factor: 3.16%
    Energy Factor: 100.00%
    Gross → Net: 1.26% → 0.65%
    ⚠️ Rebound: -0.61%
  🧪 PFAS Remediation:
    Concentration Factor: 2.24%
    Energy Factor: 66.14%
    Gross → Net: 1.04% → 0.60%
    ⚠️ Rebound: -0.44%
  🧪 Microplastic Capture:
    Concentration Factor: 3.16%
    Energy Factor: 100.00%
    Gross → Net: 1.26% → 0.70%
    ⚠️ Rebound: -0.56%
  🧪 PFAS Remediation:
    Concentration Factor: 2.24%
    Energy Factor: 66.14%
    Gross → Net: 1.04% → 0.74%
    ⚠️ Rebound: -0.29%
  🧪 Microplastic Capture:
    Concentration Factor: 3.16%
    Energy Factor: 100.00%
    Gross → Net: 1.26% → 0.94%
    ⚠️ Rebound: -0.33%
  🧪 PFAS Remediation:
    Concentration Factor: 2.24%
    Energy Factor: 66.14%
    Gross → Net: 1.04% → 0.72%
    ⚠️ Rebound: -0.31%
  🧪 Microplastic Capture:
    Concentration Factor: 3.16%
    Energy Factor: 100.00%
    Gross → Net: 1.26% → 1.05%
    ⚠️ Rebound: -0.22%
  🧪 PFAS Remediation:
    Concentration Factor: 2.24%
    Energy Factor: 66.14%
    Gross → Net: 1.04% → 0.54%
    ⚠️ Rebound: -0.50%
  🧪 Microplastic Capture:
    Concentration Factor: 3.16%
    Energy Factor: 100.00%
    Gross → Net: 1.26% → 1.19%
    ⚠️ Rebound: -0.07%
⚠️ EnergyBudgetPhase not enabled in applyEnergyConstrainedCleanup, assuming full energy availability
⚠️ EnergyBudgetPhase not enabled in applyEnergyConstrainedCleanup, assuming full energy availability
⚠️ EnergyBudgetPhase not enabled in applyEnergyConstrainedCleanup, assuming full energy availability
⚠️ EnergyBudgetPhase not enabled in applyEnergyConstrainedCleanup, assuming full energy availability
⚠️ EnergyBudgetPhase not enabled in applyEnergyConstrainedCleanup, assuming full energy availability
⚠️ EnergyBudgetPhase not enabled in applyEnergyConstrainedCleanup, assuming full energy availability
⚠️ EnergyBudgetPhase not enabled in applyEnergyConstrainedCleanup, assuming full energy availability
⚠️ EnergyBudgetPhase not enabled in applyEnergyConstrainedCleanup, assuming full energy availability
⚠️ EnergyBudgetPhase not enabled in applyEnergyConstrainedCleanup, assuming full energy availability
⚠️ EnergyBudgetPhase not enabled in applyEnergyConstrainedCleanup, assuming full energy availability
⚠️ EnergyBudgetPhase not enabled in applyEnergyConstrainedCleanup, assuming full energy availability
  🧪 PFAS Remediation:
    Concentration Factor: 2.24%
    Energy Factor: 66.14%
    Gross → Net: 1.04% → 0.81%
    ⚠️ Rebound: -0.23%
⚠️ EnergyBudgetPhase not enabled in applyEnergyConstrainedCleanup, assuming full energy availability
  🧪 Microplastic Capture:
    Concentration Factor: 3.16%
    Energy Factor: 100.00%
    Gross → Net: 1.26% → 1.05%
    ⚠️ Rebound: -0.22%
  🧪 PFAS Remediation:
    Concentration Factor: 2.24%
    Energy Factor: 66.14%
    Gross → Net: 1.04% → 0.66%
    ⚠️ Rebound: -0.38%
  🧪 Microplastic Capture:
    Concentration Factor: 3.16%
    Energy Factor: 100.00%
    Gross → Net: 1.26% → 0.88%
    ⚠️ Rebound: -0.39%
  🧪 PFAS Remediation:
    Concentration Factor: 2.24%
    Energy Factor: 66.14%
    Gross → Net: 1.04% → 0.83%
    ⚠️ Rebound: -0.20%
  🧪 Microplastic Capture:
    Concentration Factor: 3.16%
    Energy Factor: 100.00%
    Gross → Net: 1.26% → 0.73%
    ⚠️ Rebound: -0.54%
  🧪 PFAS Remediation:
    Concentration Factor: 2.24%
    Energy Factor: 66.14%
    Gross → Net: 1.04% → 0.58%
    ⚠️ Rebound: -0.45%
  🧪 Microplastic Capture:
    Concentration Factor: 3.16%
    Energy Factor: 100.00%
    Gross → Net: 1.26% → 1.13%
    ⚠️ Rebound: -0.13%
  🧪 PFAS Remediation:
    Concentration Factor: 2.24%
    Energy Factor: 66.14%
    Gross → Net: 1.04% → 0.55%
    ⚠️ Rebound: -0.49%
  🧪 Microplastic Capture:
    Concentration Factor: 3.16%
    Energy Factor: 100.00%
    Gross → Net: 1.26% → 1.00%
    ⚠️ Rebound: -0.27%
  🧪 PFAS Remediation:
    Concentration Factor: 2.24%
    Energy Factor: 66.14%
    Gross → Net: 1.04% → 0.64%
    ⚠️ Rebound: -0.39%
  🧪 Microplastic Capture:
    Concentration Factor: 3.16%
    Energy Factor: 100.00%
    Gross → Net: 1.26% → 1.15%
    ⚠️ Rebound: -0.12%
⚠️ EnergyBudgetPhase not enabled in applyEnergyConstrainedCleanup, assuming full energy availability
⚠️ EnergyBudgetPhase not enabled in applyEnergyConstrainedCleanup, assuming full energy availability
⚠️ EnergyBudgetPhase not enabled in applyEnergyConstrainedCleanup, assuming full energy availability
⚠️ EnergyBudgetPhase not enabled in applyEnergyConstrainedCleanup, assuming full energy availability
⚠️ EnergyBudgetPhase not enabled in applyEnergyConstrainedCleanup, assuming full energy availability
⚠️ EnergyBudgetPhase not enabled in applyEnergyConstrainedCleanup, assuming full energy availability
⚠️ EnergyBudgetPhase not enabled in applyEnergyConstrainedCleanup, assuming full energy availability
⚠️ EnergyBudgetPhase not enabled in applyEnergyConstrainedCleanup, assuming full energy availability
⚠️ EnergyBudgetPhase not enabled in applyEnergyConstrainedCleanup, assuming full energy availability
⚠️ EnergyBudgetPhase not enabled in applyEnergyConstrainedCleanup, assuming full energy availability
⚠️ EnergyBudgetPhase not enabled in applyEnergyConstrainedCleanup, assuming full energy availability
  🧪 PFAS Remediation:
    Concentration Factor: 2.24%
    Energy Factor: 66.14%
    Gross → Net: 1.04% → 0.98%
    ⚠️ Rebound: -0.06%
⚠️ EnergyBudgetPhase not enabled in applyEnergyConstrainedCleanup, assuming full energy availability
  🧪 Microplastic Capture:
    Concentration Factor: 3.16%
    Energy Factor: 100.00%
    Gross → Net: 1.26% → 0.86%
    ⚠️ Rebound: -0.41%
⚠️ EnergyBudgetPhase not enabled in applyEnergyConstrainedCleanup, assuming full energy availability
  🧪 PFAS Remediation:
    Concentration Factor: 2.24%
    Energy Factor: 66.14%
    Gross → Net: 1.04% → 0.75%
    ⚠️ Rebound: -0.28%
⚠️ EnergyBudgetPhase not enabled in applyEnergyConstrainedCleanup, assuming full energy availability
  🧪 Microplastic Capture:
    Concentration Factor: 3.16%
    Energy Factor: 100.00%
    Gross → Net: 1.26% → 1.12%
    ⚠️ Rebound: -0.15%
  🧪 PFAS Remediation:
    Concentration Factor: 2.24%
    Energy Factor: 66.14%
    Gross → Net: 1.04% → 0.97%
    ⚠️ Rebound: -0.06%
  🧪 Microplastic Capture:
    Concentration Factor: 3.16%
    Energy Factor: 100.00%
    Gross → Net: 1.26% → 1.13%
    ⚠️ Rebound: -0.14%
  🧪 PFAS Remediation:
    Concentration Factor: 2.24%
    Energy Factor: 66.14%
    Gross → Net: 1.04% → 0.97%
    ⚠️ Rebound: -0.07%
  🧪 Microplastic Capture:
    Concentration Factor: 3.16%
    Energy Factor: 100.00%
    Gross → Net: 1.26% → 0.98%
    ⚠️ Rebound: -0.28%
  🧪 PFAS Remediation:
    Concentration Factor: 2.24%
    Energy Factor: 66.14%
    Gross → Net: 1.04% → 0.57%
    ⚠️ Rebound: -0.47%
  🧪 Microplastic Capture:
⚠️ EnergyBudgetPhase not enabled in applyEnergyConstrainedCleanup, assuming full energy availability
⚠️ EnergyBudgetPhase not enabled in applyEnergyConstrainedCleanup, assuming full energy availability
⚠️ EnergyBudgetPhase not enabled in applyEnergyConstrainedCleanup, assuming full energy availability
⚠️ EnergyBudgetPhase not enabled in applyEnergyConstrainedCleanup, assuming full energy availability
⚠️ EnergyBudgetPhase not enabled in applyEnergyConstrainedCleanup, assuming full energy availability
⚠️ EnergyBudgetPhase not enabled in applyEnergyConstrainedCleanup, assuming full energy availability
    Concentration Factor: 3.16%
    Energy Factor: 100.00%
    Gross → Net: 1.26% → 0.68%
    ⚠️ Rebound: -0.58%
⚠️ EnergyBudgetPhase not enabled in applyEnergyConstrainedCleanup, assuming full energy availability
  🧪 PFAS Remediation:
    Concentration Factor: 2.24%
    Energy Factor: 66.14%
    Gross → Net: 1.04% → 0.80%
    ⚠️ Rebound: -0.24%
⚠️ EnergyBudgetPhase not enabled in applyEnergyConstrainedCleanup, assuming full energy availability
  🧪 Microplastic Capture:
    Concentration Factor: 3.16%
    Energy Factor: 100.00%
    Gross → Net: 1.26% → 0.77%
    ⚠️ Rebound: -0.49%
  🧪 PFAS Remediation:
    Concentration Factor: 2.24%
    Energy Factor: 66.14%
    Gross → Net: 1.04% → 0.77%
    ⚠️ Rebound: -0.27%
  🧪 Microplastic Capture:
    Concentration Factor: 3.16%
    Energy Factor: 100.00%
    Gross → Net: 1.26% → 0.68%
    ⚠️ Rebound: -0.59%
  🧪 PFAS Remediation:
    Concentration Factor: 2.24%
    Energy Factor: 66.14%
    Gross → Net: 1.04% → 0.67%
    ⚠️ Rebound: -0.37%
  🧪 Microplastic Capture:
    Concentration Factor: 3.16%
    Energy Factor: 100.00%
    Gross → Net: 1.26% → 0.96%
    ⚠️ Rebound: -0.30%
  🧪 PFAS Remediation:
    Concentration Factor: 2.24%
    Energy Factor: 66.14%
    Gross → Net: 1.04% → 0.78%
    ⚠️ Rebound: -0.26%
  🧪 Microplastic Capture:
    Concentration Factor: 3.16%
    Energy Factor: 100.00%
    Gross → Net: 1.26% → 0.71%
    ⚠️ Rebound: -0.56%
  🧪 PFAS Remediation:
    Concentration Factor: 2.24%
    Energy Factor: 66.14%
    Gross → Net: 1.04% → 0.70%
    ⚠️ Rebound: -0.33%
⚠️ EnergyBudgetPhase not enabled in applyEnergyConstrainedCleanup, assuming full energy availability
⚠️ EnergyBudgetPhase not enabled in applyEnergyConstrainedCleanup, assuming full energy availability
⚠️ EnergyBudgetPhase not enabled in applyEnergyConstrainedCleanup, assuming full energy availability
⚠️ EnergyBudgetPhase not enabled in applyEnergyConstrainedCleanup, assuming full energy availability
⚠️ EnergyBudgetPhase not enabled in applyEnergyConstrainedCleanup, assuming full energy availability
⚠️ EnergyBudgetPhase not enabled in applyEnergyConstrainedCleanup, assuming full energy availability
⚠️ EnergyBudgetPhase not enabled in applyEnergyConstrainedCleanup, assuming full energy availability
⚠️ EnergyBudgetPhase not enabled in applyEnergyConstrainedCleanup, assuming full energy availability
  🧪 Microplastic Capture:
    Concentration Factor: 3.16%
    Energy Factor: 100.00%
    Gross → Net: 1.26% → 1.05%
    ⚠️ Rebound: -0.22%
⚠️ EnergyBudgetPhase not enabled in applyEnergyConstrainedCleanup, assuming full energy availability
  🧪 PFAS Remediation:
    Concentration Factor: 2.24%
    Energy Factor: 66.14%
    Gross → Net: 1.04% → 0.97%
    ⚠️ Rebound: -0.06%
⚠️ EnergyBudgetPhase not enabled in applyEnergyConstrainedCleanup, assuming full energy availability
  🧪 Microplastic Capture:
    Concentration Factor: 3.16%
    Energy Factor: 100.00%
    Gross → Net: 1.26% → 0.69%
    ⚠️ Rebound: -0.58%
  🧪 PFAS Remediation:
    Concentration Factor: 2.24%
    Energy Factor: 66.14%
    Gross → Net: 1.04% → 0.74%
    ⚠️ Rebound: -0.30%
  🧪 Microplastic Capture:
    Concentration Factor: 3.16%
    Energy Factor: 100.00%
    Gross → Net: 1.26% → 0.97%
    ⚠️ Rebound: -0.30%
  🧪 PFAS Remediation:
    Concentration Factor: 2.24%
    Energy Factor: 66.14%
    Gross → Net: 1.04% → 0.56%
    ⚠️ Rebound: -0.48%
  🧪 Microplastic Capture:
    Concentration Factor: 3.16%
    Energy Factor: 100.00%
⚠️ EnergyBudgetPhase not enabled in applyEnergyConstrainedCleanup, assuming full energy availability
⚠️ EnergyBudgetPhase not enabled in applyEnergyConstrainedCleanup, assuming full energy availability
⚠️ EnergyBudgetPhase not enabled in applyEnergyConstrainedCleanup, assuming full energy availability
⚠️ EnergyBudgetPhase not enabled in applyEnergyConstrainedCleanup, assuming full energy availability
    Gross → Net: 1.26% → 0.93%
    ⚠️ Rebound: -0.34%
⚠️ EnergyBudgetPhase not enabled in applyEnergyConstrainedCleanup, assuming full energy availability
  🧪 PFAS Remediation:
    Concentration Factor: 2.24%
    Energy Factor: 66.14%
    Gross → Net: 1.04% → 0.90%
    ⚠️ Rebound: -0.13%
⚠️ EnergyBudgetPhase not enabled in applyEnergyConstrainedCleanup, assuming full energy availability
⚠️ EnergyBudgetPhase not enabled in applyEnergyConstrainedCleanup, assuming full energy availability
⚠️ EnergyBudgetPhase not enabled in applyEnergyConstrainedCleanup, assuming full energy availability
⚠️ EnergyBudgetPhase not enabled in applyEnergyConstrainedCleanup, assuming full energy availability
⚠️ EnergyBudgetPhase not enabled in applyEnergyConstrainedCleanup, assuming full energy availability
⚠️ EnergyBudgetPhase not enabled in applyEnergyConstrainedCleanup, assuming full energy availability
⚠️ EnergyBudgetPhase not enabled in applyEnergyConstrainedCleanup, assuming full energy availability
⚠️ EnergyBudgetPhase not enabled in applyEnergyConstrainedCleanup, assuming full energy availability
⚠️ EnergyBudgetPhase not enabled in applyEnergyConstrainedCleanup, assuming full energy availability
⚠️ EnergyBudgetPhase not enabled in applyEnergyConstrainedCleanup, assuming full energy availability
⚠️ EnergyBudgetPhase not enabled in applyEnergyConstrainedCleanup, assuming full energy availability
⚠️ EnergyBudgetPhase not enabled in applyEnergyConstrainedCleanup, assuming full energy availability
  🧪 Microplastic Capture:
    Concentration Factor: 3.16%
    Energy Factor: 100.00%
    Gross → Net: 1.26% → 0.75%
    ⚠️ Rebound: -0.52%
  🧪 PFAS Remediation:
    Concentration Factor: 2.24%
    Energy Factor: 66.14%
    Gross → Net: 1.04% → 0.95%
    ⚠️ Rebound: -0.09%
  🧪 Microplastic Capture:
    Concentration Factor: 3.16%
    Energy Factor: 100.00%
    Gross → Net: 1.26% → 1.10%
    ⚠️ Rebound: -0.16%
  🧪 PFAS Remediation:
    Concentration Factor: 2.24%
    Energy Factor: 66.14%
    Gross → Net: 1.04% → 0.63%
    ⚠️ Rebound: -0.40%
  🧪 Microplastic Capture:
    Concentration Factor: 3.16%
    Energy Factor: 100.00%
    Gross → Net: 1.26% → 0.70%
    ⚠️ Rebound: -0.56%
  🧪 PFAS Remediation:
    Concentration Factor: 2.24%
    Energy Factor: 66.14%
    Gross → Net: 1.04% → 0.56%
    ⚠️ Rebound: -0.47%
  🧪 Microplastic Capture:
    Concentration Factor: 3.16%
    Energy Factor: 100.00%
    Gross → Net: 1.26% → 0.81%
    ⚠️ Rebound: -0.45%
  🧪 PFAS Remediation:
    Concentration Factor: 2.24%
    Energy Factor: 66.14%
    Gross → Net: 1.04% → 0.62%
    ⚠️ Rebound: -0.42%
  🧪 Microplastic Capture:
    Concentration Factor: 3.16%
    Energy Factor: 100.00%
    Gross → Net: 1.26% → 1.04%
    ⚠️ Rebound: -0.23%
  🧪 PFAS Remediation:
    Concentration Factor: 2.24%
    Energy Factor: 66.14%
    Gross → Net: 1.04% → 0.95%
    ⚠️ Rebound: -0.09%
  🧪 Microplastic Capture:
    Concentration Factor: 3.16%
    Energy Factor: 100.00%
    Gross → Net: 1.26% → 0.75%
    ⚠️ Rebound: -0.51%
  🧪 PFAS Remediation:
    Concentration Factor: 2.24%
    Energy Factor: 66.14%
    Gross → Net: 1.04% → 0.80%
    ⚠️ Rebound: -0.24%
⚠️ EnergyBudgetPhase not enabled in applyEnergyConstrainedCleanup, assuming full energy availability
  🧪 Microplastic Capture:
    Concentration Factor: 3.16%
    Energy Factor: 100.00%
    Gross → Net: 1.26% → 0.81%
    ⚠️ Rebound: -0.45%
⚠️ EnergyBudgetPhase not enabled in applyEnergyConstrainedCleanup, assuming full energy availability
  🧪 PFAS Remediation:
    Concentration Factor: 2.24%
    Energy Factor: 66.14%
    Gross → Net: 1.04% → 0.57%
    ⚠️ Rebound: -0.47%
⚠️ EnergyBudgetPhase not enabled in applyEnergyConstrainedCleanup, assuming full energy availability
  🧪 Microplastic Capture:
    Concentration Factor: 3.16%
    Energy Factor: 100.00%
    Gross → Net: 1.26% → 0.95%
    ⚠️ Rebound: -0.31%
⚠️ EnergyBudgetPhase not enabled in applyEnergyConstrainedCleanup, assuming full energy availability
  🧪 PFAS Remediation:
    Concentration Factor: 2.24%
    Energy Factor: 66.14%
    Gross → Net: 1.04% → 0.86%
    ⚠️ Rebound: -0.17%
  🧪 Microplastic Capture:
    Concentration Factor: 3.16%
    Energy Factor: 100.00%
    Gross → Net: 1.26% → 0.89%
    ⚠️ Rebound: -0.38%
  🧪 PFAS Remediation:
    Concentration Factor: 2.24%
    Energy Factor: 66.14%
    Gross → Net: 1.04% → 0.90%
    ⚠️ Rebound: -0.14%
  🧪 Microplastic Capture:
    Concentration Factor: 3.16%
    Energy Factor: 100.00%
    Gross → Net: 1.26% → 0.72%
    ⚠️ Rebound: -0.55%
  🧪 PFAS Remediation:
    Concentration Factor: 2.24%
⚠️ EnergyBudgetPhase not enabled in applyEnergyConstrainedCleanup, assuming full energy availability
⚠️ EnergyBudgetPhase not enabled in applyEnergyConstrainedCleanup, assuming full energy availability
⚠️ EnergyBudgetPhase not enabled in applyEnergyConstrainedCleanup, assuming full energy availability
⚠️ EnergyBudgetPhase not enabled in applyEnergyConstrainedCleanup, assuming full energy availability
    Energy Factor: 66.14%
    Gross → Net: 1.04% → 0.53%
    ⚠️ Rebound: -0.51%
⚠️ EnergyBudgetPhase not enabled in applyEnergyConstrainedCleanup, assuming full energy availability
  🧪 Microplastic Capture:
    Concentration Factor: 3.16%
    Energy Factor: 100.00%
    Gross → Net: 1.26% → 1.13%
    ⚠️ Rebound: -0.14%
  🧪 PFAS Remediation:
    Concentration Factor: 2.24%
    Energy Factor: 66.14%
    Gross → Net: 1.04% → 0.59%
    ⚠️ Rebound: -0.44%
  🧪 Microplastic Capture:
    Concentration Factor: 3.16%
    Energy Factor: 100.00%
    Gross → Net: 1.26% → 0.79%
    ⚠️ Rebound: -0.48%
  🧪 PFAS Remediation:
    Concentration Factor: 2.24%
    Energy Factor: 66.14%
    Gross → Net: 1.04% → 0.91%
    ⚠️ Rebound: -0.13%
  🧪 Microplastic Capture:
    Concentration Factor: 3.16%
    Energy Factor: 100.00%
    Gross → Net: 1.26% → 0.98%
    ⚠️ Rebound: -0.28%
  🧪 PFAS Remediation:
    Concentration Factor: 2.24%
    Energy Factor: 66.14%
    Gross → Net: 1.04% → 0.61%
    ⚠️ Rebound: -0.42%
  🧪 Microplastic Capture:
    Concentration Factor: 3.16%
    Energy Factor: 100.00%
    Gross → Net: 1.26% → 0.90%
    ⚠️ Rebound: -0.36%
  🧪 PFAS Remediation:
    Concentration Factor: 2.24%
    Energy Factor: 66.14%
    Gross → Net: 1.04% → 0.52%
    ⚠️ Rebound: -0.51%
  🧪 Microplastic Capture:
    Concentration Factor: 3.16%
    Energy Factor: 100.00%
    Gross → Net: 1.26% → 1.20%
    ⚠️ Rebound: -0.07%
  🧪 PFAS Remediation:
    Concentration Factor: 2.24%
    Energy Factor: 66.14%
    Gross → Net: 1.04% → 0.65%
    ⚠️ Rebound: -0.38%
  🧪 Microplastic Capture:
⚠️ EnergyBudgetPhase not enabled in applyEnergyConstrainedCleanup, assuming full energy availability
⚠️ EnergyBudgetPhase not enabled in applyEnergyConstrainedCleanup, assuming full energy availability
⚠️ EnergyBudgetPhase not enabled in applyEnergyConstrainedCleanup, assuming full energy availability
⚠️ EnergyBudgetPhase not enabled in applyEnergyConstrainedCleanup, assuming full energy availability
⚠️ EnergyBudgetPhase not enabled in applyEnergyConstrainedCleanup, assuming full energy availability
⚠️ EnergyBudgetPhase not enabled in applyEnergyConstrainedCleanup, assuming full energy availability
⚠️ EnergyBudgetPhase not enabled in applyEnergyConstrainedCleanup, assuming full energy availability
⚠️ EnergyBudgetPhase not enabled in applyEnergyConstrainedCleanup, assuming full energy availability
⚠️ EnergyBudgetPhase not enabled in applyEnergyConstrainedCleanup, assuming full energy availability
⚠️ EnergyBudgetPhase not enabled in applyEnergyConstrainedCleanup, assuming full energy availability
    Concentration Factor: 3.16%
    Energy Factor: 100.00%
    Gross → Net: 1.26% → 0.80%
    ⚠️ Rebound: -0.46%
⚠️ EnergyBudgetPhase not enabled in applyEnergyConstrainedCleanup, assuming full energy availability
  🧪 PFAS Remediation:
    Concentration Factor: 2.24%
    Energy Factor: 66.14%
    Gross → Net: 1.04% → 0.82%
    ⚠️ Rebound: -0.21%
⚠️ EnergyBudgetPhase not enabled in applyEnergyConstrainedCleanup, assuming full energy availability
  🧪 Microplastic Capture:
    Concentration Factor: 3.16%
    Energy Factor: 100.00%
    Gross → Net: 1.26% → 0.88%
    ⚠️ Rebound: -0.39%
⚠️ EnergyBudgetPhase not enabled in applyEnergyConstrainedCleanup, assuming full energy availability
  🧪 PFAS Remediation:
    Concentration Factor: 2.24%
    Energy Factor: 66.14%
    Gross → Net: 1.04% → 0.94%
    ⚠️ Rebound: -0.10%
⚠️ EnergyBudgetPhase not enabled in applyEnergyConstrainedCleanup, assuming full energy availability
⚠️ EnergyBudgetPhase not enabled in applyEnergyConstrainedCleanup, assuming full energy availability
⚠️ EnergyBudgetPhase not enabled in applyEnergyConstrainedCleanup, assuming full energy availability
⚠️ EnergyBudgetPhase not enabled in applyEnergyConstrainedCleanup, assuming full energy availability
⚠️ EnergyBudgetPhase not enabled in applyEnergyConstrainedCleanup, assuming full energy availability
  🧪 Microplastic Capture:
    Concentration Factor: 3.16%
    Energy Factor: 100.00%
    Gross → Net: 1.26% → 1.11%
    ⚠️ Rebound: -0.16%
  🧪 PFAS Remediation:
    Concentration Factor: 2.24%
    Energy Factor: 66.14%
    Gross → Net: 1.04% → 0.74%
    ⚠️ Rebound: -0.30%
  🧪 Microplastic Capture:
    Concentration Factor: 3.16%
    Energy Factor: 100.00%
    Gross → Net: 1.26% → 0.84%
    ⚠️ Rebound: -0.42%
  🧪 PFAS Remediation:
    Concentration Factor: 2.24%
    Energy Factor: 66.14%
    Gross → Net: 1.04% → 0.95%
    ⚠️ Rebound: -0.09%
  🧪 Microplastic Capture:
    Concentration Factor: 3.16%
    Energy Factor: 100.00%
    Gross → Net: 1.26% → 0.82%
    ⚠️ Rebound: -0.44%
⚠️ EnergyBudgetPhase not enabled in applyEnergyConstrainedCleanup, assuming full energy availability
  🧪 PFAS Remediation:
    Concentration Factor: 2.24%
    Energy Factor: 66.14%
    Gross → Net: 1.04% → 0.74%
    ⚠️ Rebound: -0.29%
⚠️ EnergyBudgetPhase not enabled in applyEnergyConstrainedCleanup, assuming full energy availability
⚠️ EnergyBudgetPhase not enabled in applyEnergyConstrainedCleanup, assuming full energy availability
⚠️ EnergyBudgetPhase not enabled in applyEnergyConstrainedCleanup, assuming full energy availability
⚠️ EnergyBudgetPhase not enabled in applyEnergyConstrainedCleanup, assuming full energy availability
⚠️ EnergyBudgetPhase not enabled in applyEnergyConstrainedCleanup, assuming full energy availability
⚠️ EnergyBudgetPhase not enabled in applyEnergyConstrainedCleanup, assuming full energy availability
⚠️ EnergyBudgetPhase not enabled in applyEnergyConstrainedCleanup, assuming full energy availability
⚠️ EnergyBudgetPhase not enabled in applyEnergyConstrainedCleanup, assuming full energy availability
⚠️ EnergyBudgetPhase not enabled in applyEnergyConstrainedCleanup, assuming full energy availability
  🧪 Microplastic Capture:
    Concentration Factor: 3.16%
    Energy Factor: 100.00%
    Gross → Net: 1.26% → 0.64%
    ⚠️ Rebound: -0.63%
  🧪 PFAS Remediation:
    Concentration Factor: 2.24%
    Energy Factor: 66.14%
    Gross → Net: 1.04% → 0.67%
    ⚠️ Rebound: -0.36%
  🧪 Microplastic Capture:
    Concentration Factor: 3.16%
    Energy Factor: 100.00%
    Gross → Net: 1.26% → 1.01%
    ⚠️ Rebound: -0.25%
  🧪 PFAS Remediation:
    Concentration Factor: 2.24%
    Energy Factor: 66.14%
    Gross → Net: 1.04% → 0.61%
    ⚠️ Rebound: -0.43%
  🧪 Microplastic Capture:
    Concentration Factor: 3.16%
    Energy Factor: 100.00%
    Gross → Net: 1.26% → 0.66%
    ⚠️ Rebound: -0.60%
  🧪 PFAS Remediation:
    Concentration Factor: 2.24%
    Energy Factor: 66.14%
    Gross → Net: 1.04% → 0.68%
    ⚠️ Rebound: -0.35%
  🧪 Microplastic Capture:
    Concentration Factor: 3.16%
    Energy Factor: 100.00%
    Gross → Net: 1.26% → 1.09%
    ⚠️ Rebound: -0.18%
  🧪 PFAS Remediation:
    Concentration Factor: 2.24%
    Energy Factor: 66.14%
    Gross → Net: 1.04% → 0.62%
    ⚠️ Rebound: -0.42%
  🧪 Microplastic Capture:
    Concentration Factor: 3.16%
    Energy Factor: 100.00%
    Gross → Net: 1.26% → 0.82%
    ⚠️ Rebound: -0.45%
⚠️ EnergyBudgetPhase not enabled in applyEnergyConstrainedCleanup, assuming full energy availability
  🧪 PFAS Remediation:
    Concentration Factor: 2.24%
    Energy Factor: 66.14%
    Gross → Net: 1.04% → 0.52%
    ⚠️ Rebound: -0.51%
⚠️ EnergyBudgetPhase not enabled in applyEnergyConstrainedCleanup, assuming full energy availability
  🧪 Microplastic Capture:
    Concentration Factor: 3.16%
    Energy Factor: 100.00%
    Gross → Net: 1.26% → 0.70%
    ⚠️ Rebound: -0.56%
⚠️ EnergyBudgetPhase not enabled in applyEnergyConstrainedCleanup, assuming full energy availability
  🧪 PFAS Remediation:
    Concentration Factor: 2.24%
    Energy Factor: 66.14%
    Gross → Net: 1.04% → 0.64%
    ⚠️ Rebound: -0.39%
  🧪 Microplastic Capture:
    Concentration Factor: 3.16%
    Energy Factor: 100.00%
    Gross → Net: 1.26% → 0.87%
    ⚠️ Rebound: -0.39%
  🧪 PFAS Remediation:
    Concentration Factor: 2.24%
    Energy Factor: 66.14%
    Gross → Net: 1.04% → 0.59%
    ⚠️ Rebound: -0.44%
  🧪 Microplastic Capture:
    Concentration Factor: 3.16%
    Energy Factor: 100.00%
    Gross → Net: 1.26% → 1.10%
    ⚠️ Rebound: -0.17%
  🧪 PFAS Remediation:
    Concentration Factor: 2.24%
    Energy Factor: 66.14%
    Gross → Net: 1.04% → 0.86%
    ⚠️ Rebound: -0.17%
  🧪 Microplastic Capture:
    Concentration Factor: 3.16%
    Energy Factor: 100.00%
    Gross → Net: 1.26% → 0.73%
    ⚠️ Rebound: -0.53%
  🧪 PFAS Remediation:
    Concentration Factor: 2.24%
    Energy Factor: 66.14%
    Gross → Net: 1.04% → 0.95%
    ⚠️ Rebound: -0.08%
  🧪 Microplastic Capture:
    Concentration Factor: 3.16%
    Energy Factor: 100.00%
⚠️ EnergyBudgetPhase not enabled in applyEnergyConstrainedCleanup, assuming full energy availability
⚠️ EnergyBudgetPhase not enabled in applyEnergyConstrainedCleanup, assuming full energy availability
⚠️ EnergyBudgetPhase not enabled in applyEnergyConstrainedCleanup, assuming full energy availability
⚠️ EnergyBudgetPhase not enabled in applyEnergyConstrainedCleanup, assuming full energy availability
⚠️ EnergyBudgetPhase not enabled in applyEnergyConstrainedCleanup, assuming full energy availability
⚠️ EnergyBudgetPhase not enabled in applyEnergyConstrainedCleanup, assuming full energy availability
⚠️ EnergyBudgetPhase not enabled in applyEnergyConstrainedCleanup, assuming full energy availability
    Gross → Net: 1.26% → 0.65%
    ⚠️ Rebound: -0.62%
⚠️ EnergyBudgetPhase not enabled in applyEnergyConstrainedCleanup, assuming full energy availability
  🧪 PFAS Remediation:
    Concentration Factor: 2.24%
    Energy Factor: 66.14%
    Gross → Net: 1.04% → 0.76%
    ⚠️ Rebound: -0.27%
⚠️ EnergyBudgetPhase not enabled in applyEnergyConstrainedCleanup, assuming full energy availability
  🧪 Microplastic Capture:
    Concentration Factor: 3.16%
    Energy Factor: 100.00%
    Gross → Net: 1.26% → 0.72%
    ⚠️ Rebound: -0.55%
⚠️ EnergyBudgetPhase not enabled in applyEnergyConstrainedCleanup, assuming full energy availability
⚠️ EnergyBudgetPhase not enabled in applyEnergyConstrainedCleanup, assuming full energy availability
⚠️ EnergyBudgetPhase not enabled in applyEnergyConstrainedCleanup, assuming full energy availability
⚠️ EnergyBudgetPhase not enabled in applyEnergyConstrainedCleanup, assuming full energy availability
⚠️ EnergyBudgetPhase not enabled in applyEnergyConstrainedCleanup, assuming full energy availability
⚠️ EnergyBudgetPhase not enabled in applyEnergyConstrainedCleanup, assuming full energy availability
  🧪 PFAS Remediation:
    Concentration Factor: 2.24%
    Energy Factor: 66.14%
    Gross → Net: 1.04% → 0.81%
    ⚠️ Rebound: -0.22%
  🧪 Microplastic Capture:
    Concentration Factor: 3.16%
    Energy Factor: 100.00%
    Gross → Net: 1.26% → 0.70%
    ⚠️ Rebound: -0.57%
  🧪 PFAS Remediation:
    Concentration Factor: 2.24%
    Energy Factor: 66.14%
    Gross → Net: 1.04% → 0.72%
    ⚠️ Rebound: -0.32%
  🧪 Microplastic Capture:
    Concentration Factor: 3.16%
    Energy Factor: 100.00%
    Gross → Net: 1.26% → 0.66%
    ⚠️ Rebound: -0.60%
  🧪 PFAS Remediation:
    Concentration Factor: 2.24%
    Energy Factor: 66.14%
    Gross → Net: 1.04% → 0.54%
    ⚠️ Rebound: -0.49%
  🧪 Microplastic Capture:
    Concentration Factor: 3.16%
    Energy Factor: 100.00%
    Gross → Net: 1.26% → 1.06%
    ⚠️ Rebound: -0.20%
⚠️ EnergyBudgetPhase not enabled in applyEnergyConstrainedCleanup, assuming full energy availability
  🧪 PFAS Remediation:
    Concentration Factor: 2.24%
    Energy Factor: 66.14%
    Gross → Net: 1.04% → 0.97%
    ⚠️ Rebound: -0.07%
⚠️ EnergyBudgetPhase not enabled in applyEnergyConstrainedCleanup, assuming full energy availability
  🧪 Microplastic Capture:
    Concentration Factor: 3.16%
    Energy Factor: 100.00%
    Gross → Net: 1.26% → 0.67%
    ⚠️ Rebound: -0.59%
  🧪 PFAS Remediation:
    Concentration Factor: 2.24%
    Energy Factor: 66.14%
    Gross → Net: 1.04% → 0.63%
    ⚠️ Rebound: -0.40%
  🧪 Microplastic Capture:
    Concentration Factor: 3.16%
    Energy Factor: 100.00%
    Gross → Net: 1.26% → 0.63%
    ⚠️ Rebound: -0.63%
  🧪 PFAS Remediation:
    Concentration Factor: 2.24%
    Energy Factor: 66.14%
    Gross → Net: 1.04% → 0.78%
    ⚠️ Rebound: -0.26%
  🧪 Microplastic Capture:
    Concentration Factor: 3.16%
    Energy Factor: 100.00%
    Gross → Net: 1.26% → 0.71%
    ⚠️ Rebound: -0.55%
  🧪 PFAS Remediation:
    Concentration Factor: 2.24%
    Energy Factor: 66.14%
    Gross → Net: 1.04% → 0.85%
    ⚠️ Rebound: -0.19%
  🧪 Microplastic Capture:
    Concentration Factor: 3.16%
    Energy Factor: 100.00%
    Gross → Net: 1.26% → 0.78%
    ⚠️ Rebound: -0.48%
⚠️ EnergyBudgetPhase not enabled in applyEnergyConstrainedCleanup, assuming full energy availability
⚠️ EnergyBudgetPhase not enabled in applyEnergyConstrainedCleanup, assuming full energy availability
⚠️ EnergyBudgetPhase not enabled in applyEnergyConstrainedCleanup, assuming full energy availability
⚠️ EnergyBudgetPhase not enabled in applyEnergyConstrainedCleanup, assuming full energy availability
⚠️ EnergyBudgetPhase not enabled in applyEnergyConstrainedCleanup, assuming full energy availability
⚠️ EnergyBudgetPhase not enabled in applyEnergyConstrainedCleanup, assuming full energy availability
⚠️ EnergyBudgetPhase not enabled in applyEnergyConstrainedCleanup, assuming full energy availability
  🧪 PFAS Remediation:
    Concentration Factor: 2.24%
    Energy Factor: 66.14%
    Gross → Net: 1.04% → 0.62%
    ⚠️ Rebound: -0.41%
⚠️ EnergyBudgetPhase not enabled in applyEnergyConstrainedCleanup, assuming full energy availability
  🧪 Microplastic Capture:
    Concentration Factor: 3.16%
    Energy Factor: 100.00%
    Gross → Net: 1.26% → 0.74%
    ⚠️ Rebound: -0.53%
⚠️ EnergyBudgetPhase not enabled in applyEnergyConstrainedCleanup, assuming full energy availability
  🧪 PFAS Remediation:
    Concentration Factor: 2.24%
    Energy Factor: 66.14%
    Gross → Net: 1.04% → 0.55%
    ⚠️ Rebound: -0.49%
⚠️ EnergyBudgetPhase not enabled in applyEnergyConstrainedCleanup, assuming full energy availability
  🧪 Microplastic Capture:
    Concentration Factor: 3.16%
    Energy Factor: 100.00%
    Gross → Net: 1.26% → 0.79%
    ⚠️ Rebound: -0.47%
  🧪 PFAS Remediation:
    Concentration Factor: 2.24%
    Energy Factor: 66.14%
    Gross → Net: 1.04% → 0.84%
    ⚠️ Rebound: -0.19%
⚠️ EnergyBudgetPhase not enabled in applyEnergyConstrainedCleanup, assuming full energy availability
⚠️ EnergyBudgetPhase not enabled in applyEnergyConstrainedCleanup, assuming full energy availability
  🧪 Microplastic Capture:
    Concentration Factor: 3.16%
    Energy Factor: 100.00%
    Gross → Net: 1.26% → 0.77%
    ⚠️ Rebound: -0.50%
  🧪 PFAS Remediation:
    Concentration Factor: 2.24%
    Energy Factor: 66.14%
    Gross → Net: 1.04% → 0.55%
    ⚠️ Rebound: -0.49%
  🧪 Microplastic Capture:
    Concentration Factor: 3.16%
    Energy Factor: 100.00%
    Gross → Net: 1.26% → 1.17%
    ⚠️ Rebound: -0.09%
  🧪 PFAS Remediation:
    Concentration Factor: 2.24%
    Energy Factor: 66.14%
    Gross → Net: 1.04% → 0.97%
    ⚠️ Rebound: -0.07%
  🧪 Microplastic Capture:
    Concentration Factor: 3.16%
    Energy Factor: 100.00%
    Gross → Net: 1.26% → 0.95%
    ⚠️ Rebound: -0.31%
  🧪 PFAS Remediation:
    Concentration Factor: 2.24%
    Energy Factor: 66.14%
    Gross → Net: 1.04% → 0.60%
    ⚠️ Rebound: -0.43%
  🧪 Microplastic Capture:
    Concentration Factor: 3.16%
    Energy Factor: 100.00%
    Gross → Net: 1.26% → 0.74%
    ⚠️ Rebound: -0.53%
  🧪 PFAS Remediation:
    Concentration Factor: 2.24%
    Energy Factor: 66.14%
⚠️ EnergyBudgetPhase not enabled in applyEnergyConstrainedCleanup, assuming full energy availability
⚠️ EnergyBudgetPhase not enabled in applyEnergyConstrainedCleanup, assuming full energy availability
⚠️ EnergyBudgetPhase not enabled in applyEnergyConstrainedCleanup, assuming full energy availability
⚠️ EnergyBudgetPhase not enabled in applyEnergyConstrainedCleanup, assuming full energy availability
⚠️ EnergyBudgetPhase not enabled in applyEnergyConstrainedCleanup, assuming full energy availability
⚠️ EnergyBudgetPhase not enabled in applyEnergyConstrainedCleanup, assuming full energy availability
⚠️ EnergyBudgetPhase not enabled in applyEnergyConstrainedCleanup, assuming full energy availability
    Gross → Net: 1.04% → 0.63%
    ⚠️ Rebound: -0.41%
⚠️ EnergyBudgetPhase not enabled in applyEnergyConstrainedCleanup, assuming full energy availability
⚠️ EnergyBudgetPhase not enabled in applyEnergyConstrainedCleanup, assuming full energy availability
⚠️ EnergyBudgetPhase not enabled in applyEnergyConstrainedCleanup, assuming full energy availability
⚠️ EnergyBudgetPhase not enabled in applyEnergyConstrainedCleanup, assuming full energy availability
⚠️ EnergyBudgetPhase not enabled in applyEnergyConstrainedCleanup, assuming full energy availability
⚠️ EnergyBudgetPhase not enabled in applyEnergyConstrainedCleanup, assuming full energy availability
⚠️ EnergyBudgetPhase not enabled in applyEnergyConstrainedCleanup, assuming full energy availability
⚠️ EnergyBudgetPhase not enabled in applyEnergyConstrainedCleanup, assuming full energy availability
⚠️ EnergyBudgetPhase not enabled in applyEnergyConstrainedCleanup, assuming full energy availability
⚠️ EnergyBudgetPhase not enabled in applyEnergyConstrainedCleanup, assuming full energy availability
⚠️ EnergyBudgetPhase not enabled in applyEnergyConstrainedCleanup, assuming full energy availability
⚠️ EnergyBudgetPhase not enabled in applyEnergyConstrainedCleanup, assuming full energy availability
⚠️ EnergyBudgetPhase not enabled in applyEnergyConstrainedCleanup, assuming full energy availability
  🧪 Microplastic Capture:
    Concentration Factor: 3.16%
    Energy Factor: 100.00%
    Gross → Net: 1.26% → 1.02%
    ⚠️ Rebound: -0.25%
  🧪 PFAS Remediation:
    Concentration Factor: 2.24%
    Energy Factor: 66.14%
    Gross → Net: 1.04% → 0.76%
    ⚠️ Rebound: -0.28%
  🧪 Microplastic Capture:
    Concentration Factor: 3.16%
    Energy Factor: 100.00%
    Gross → Net: 1.26% → 0.98%
    ⚠️ Rebound: -0.28%
  🧪 PFAS Remediation:
    Concentration Factor: 2.24%
    Energy Factor: 66.14%
    Gross → Net: 1.04% → 0.69%
    ⚠️ Rebound: -0.35%
  🧪 Microplastic Capture:
    Concentration Factor: 3.16%
    Energy Factor: 100.00%
    Gross → Net: 1.26% → 0.80%
    ⚠️ Rebound: -0.47%
  🧪 PFAS Remediation:
    Concentration Factor: 2.24%
    Energy Factor: 66.14%
    Gross → Net: 1.04% → 0.61%
    ⚠️ Rebound: -0.43%
  🧪 Microplastic Capture:
    Concentration Factor: 3.16%
    Energy Factor: 100.00%
    Gross → Net: 1.26% → 0.82%
    ⚠️ Rebound: -0.45%
  🧪 PFAS Remediation:
    Concentration Factor: 2.24%
    Energy Factor: 66.14%
    Gross → Net: 1.04% → 0.86%
    ⚠️ Rebound: -0.17%
  🧪 Microplastic Capture:
    Concentration Factor: 3.16%
    Energy Factor: 100.00%
    Gross → Net: 1.26% → 0.79%
    ⚠️ Rebound: -0.48%
  🧪 PFAS Remediation:
    Concentration Factor: 2.24%
    Energy Factor: 66.14%
    Gross → Net: 1.04% → 0.60%
    ⚠️ Rebound: -0.43%
  🧪 Microplastic Capture:
    Concentration Factor: 3.16%
    Energy Factor: 100.00%
    Gross → Net: 1.26% → 0.87%
    ⚠️ Rebound: -0.40%
  🧪 PFAS Remediation:
    Concentration Factor: 2.24%
    Energy Factor: 66.14%
    Gross → Net: 1.04% → 0.76%
    ⚠️ Rebound: -0.27%
  🧪 Microplastic Capture:
    Concentration Factor: 3.16%
    Energy Factor: 100.00%
    Gross → Net: 1.26% → 0.87%
    ⚠️ Rebound: -0.40%
⚠️ EnergyBudgetPhase not enabled in applyEnergyConstrainedCleanup, assuming full energy availability
  🧪 PFAS Remediation:
    Concentration Factor: 2.24%
    Energy Factor: 66.14%
    Gross → Net: 1.04% → 0.79%
    ⚠️ Rebound: -0.25%
⚠️ EnergyBudgetPhase not enabled in applyEnergyConstrainedCleanup, assuming full energy availability
  🧪 Microplastic Capture:
    Concentration Factor: 3.16%
    Energy Factor: 100.00%
    Gross → Net: 1.26% → 0.98%
    ⚠️ Rebound: -0.28%
⚠️ EnergyBudgetPhase not enabled in applyEnergyConstrainedCleanup, assuming full energy availability
  🧪 PFAS Remediation:
    Concentration Factor: 2.24%
    Energy Factor: 66.14%
    Gross → Net: 1.04% → 0.72%
    ⚠️ Rebound: -0.31%
⚠️ EnergyBudgetPhase not enabled in applyEnergyConstrainedCleanup, assuming full energy availability
  🧪 Microplastic Capture:
    Concentration Factor: 3.16%
    Energy Factor: 100.00%
    Gross → Net: 1.26% → 0.78%
    ⚠️ Rebound: -0.48%
  🧪 PFAS Remediation:
    Concentration Factor: 2.24%
    Energy Factor: 66.14%
    Gross → Net: 1.04% → 0.65%
    ⚠️ Rebound: -0.38%
  🧪 Microplastic Capture:
    Concentration Factor: 3.16%
    Energy Factor: 100.00%
    Gross → Net: 1.26% → 1.07%
    ⚠️ Rebound: -0.20%
  🧪 PFAS Remediation:
    Concentration Factor: 2.24%
    Energy Factor: 66.14%
    Gross → Net: 1.04% → 0.94%
    ⚠️ Rebound: -0.10%
  🧪 Microplastic Capture:
    Concentration Factor: 3.16%
    Energy Factor: 100.00%
    Gross → Net: 1.26% → 1.11%
    ⚠️ Rebound: -0.15%
  🧪 PFAS Remediation:
    Concentration Factor: 2.24%
    Energy Factor: 66.14%
    Gross → Net: 1.04% → 0.60%
    ⚠️ Rebound: -0.43%
  🧪 Microplastic Capture:
    Concentration Factor: 3.16%
    Energy Factor: 100.00%
    Gross → Net: 1.26% → 0.77%
    ⚠️ Rebound: -0.50%
  🧪 PFAS Remediation:
    Concentration Factor: 2.24%
    Energy Factor: 66.14%
    Gross → Net: 1.04% → 0.82%
    ⚠️ Rebound: -0.21%
  🧪 Microplastic Capture:
    Concentration Factor: 3.16%
    Energy Factor: 100.00%
    Gross → Net: 1.26% → 0.78%
    ⚠️ Rebound: -0.48%
  🧪 PFAS Remediation:
    Concentration Factor: 2.24%
    Energy Factor: 66.14%
    Gross → Net: 1.04% → 0.82%
    ⚠️ Rebound: -0.21%
⚠️ EnergyBudgetPhase not enabled in applyEnergyConstrainedCleanup, assuming full energy availability
⚠️ EnergyBudgetPhase not enabled in applyEnergyConstrainedCleanup, assuming full energy availability
⚠️ EnergyBudgetPhase not enabled in applyEnergyConstrainedCleanup, assuming full energy availability
⚠️ EnergyBudgetPhase not enabled in applyEnergyConstrainedCleanup, assuming full energy availability
⚠️ EnergyBudgetPhase not enabled in applyEnergyConstrainedCleanup, assuming full energy availability
⚠️ EnergyBudgetPhase not enabled in applyEnergyConstrainedCleanup, assuming full energy availability
⚠️ EnergyBudgetPhase not enabled in applyEnergyConstrainedCleanup, assuming full energy availability
⚠️ EnergyBudgetPhase not enabled in applyEnergyConstrainedCleanup, assuming full energy availability
⚠️ EnergyBudgetPhase not enabled in applyEnergyConstrainedCleanup, assuming full energy availability
⚠️ EnergyBudgetPhase not enabled in applyEnergyConstrainedCleanup, assuming full energy availability
  🧪 Microplastic Capture:
    Concentration Factor: 3.16%
    Energy Factor: 100.00%
    Gross → Net: 1.26% → 0.82%
    ⚠️ Rebound: -0.45%
⚠️ EnergyBudgetPhase not enabled in applyEnergyConstrainedCleanup, assuming full energy availability
  🧪 PFAS Remediation:
    Concentration Factor: 2.24%
    Energy Factor: 66.14%
    Gross → Net: 1.04% → 0.88%
    ⚠️ Rebound: -0.16%
⚠️ EnergyBudgetPhase not enabled in applyEnergyConstrainedCleanup, assuming full energy availability
  🧪 Microplastic Capture:
    Concentration Factor: 3.16%
    Energy Factor: 100.00%
    Gross → Net: 1.26% → 0.83%
    ⚠️ Rebound: -0.44%
⚠️ EnergyBudgetPhase not enabled in applyEnergyConstrainedCleanup, assuming full energy availability
  🧪 PFAS Remediation:
    Concentration Factor: 2.24%
    Energy Factor: 66.14%
    Gross → Net: 1.04% → 0.82%
    ⚠️ Rebound: -0.22%
⚠️ EnergyBudgetPhase not enabled in applyEnergyConstrainedCleanup, assuming full energy availability
⚠️ EnergyBudgetPhase not enabled in applyEnergyConstrainedCleanup, assuming full energy availability
⚠️ EnergyBudgetPhase not enabled in applyEnergyConstrainedCleanup, assuming full energy availability
⚠️ EnergyBudgetPhase not enabled in applyEnergyConstrainedCleanup, assuming full energy availability
⚠️ EnergyBudgetPhase not enabled in applyEnergyConstrainedCleanup, assuming full energy availability
⚠️ EnergyBudgetPhase not enabled in applyEnergyConstrainedCleanup, assuming full energy availability
⚠️ EnergyBudgetPhase not enabled in applyEnergyConstrainedCleanup, assuming full energy availability
⚠️ EnergyBudgetPhase not enabled in applyEnergyConstrainedCleanup, assuming full energy availability
⚠️ EnergyBudgetPhase not enabled in applyEnergyConstrainedCleanup, assuming full energy availability
  🧪 Microplastic Capture:
    Concentration Factor: 3.16%
    Energy Factor: 100.00%
    Gross → Net: 1.26% → 0.95%
    ⚠️ Rebound: -0.32%
  🧪 PFAS Remediation:
    Concentration Factor: 2.24%
    Energy Factor: 66.14%
    Gross → Net: 1.04% → 0.61%
    ⚠️ Rebound: -0.42%
  🧪 Microplastic Capture:
    Concentration Factor: 3.16%
    Energy Factor: 100.00%
    Gross → Net: 1.26% → 0.72%
    ⚠️ Rebound: -0.55%
  🧪 PFAS Remediation:
    Concentration Factor: 2.24%
    Energy Factor: 66.14%
    Gross → Net: 1.04% → 0.56%
    ⚠️ Rebound: -0.48%
  🧪 Microplastic Capture:
    Concentration Factor: 3.16%
    Energy Factor: 100.00%
    Gross → Net: 1.26% → 1.14%
    ⚠️ Rebound: -0.12%
  🧪 PFAS Remediation:
    Concentration Factor: 2.24%
    Energy Factor: 66.14%
    Gross → Net: 1.04% → 0.81%
    ⚠️ Rebound: -0.22%
  🧪 Microplastic Capture:
    Concentration Factor: 3.16%
    Energy Factor: 100.00%
    Gross → Net: 1.26% → 0.88%
    ⚠️ Rebound: -0.38%
  🧪 PFAS Remediation:
    Concentration Factor: 2.24%
    Energy Factor: 66.14%
    Gross → Net: 1.04% → 0.89%
    ⚠️ Rebound: -0.14%
  🧪 Microplastic Capture:
    Concentration Factor: 3.16%
    Energy Factor: 100.00%
    Gross → Net: 1.26% → 0.65%
    ⚠️ Rebound: -0.62%
⚠️ EnergyBudgetPhase not enabled in applyEnergyConstrainedCleanup, assuming full energy availability
  🧪 PFAS Remediation:
    Concentration Factor: 2.24%
    Energy Factor: 66.14%
    Gross → Net: 1.04% → 0.93%
    ⚠️ Rebound: -0.10%
⚠️ EnergyBudgetPhase not enabled in applyEnergyConstrainedCleanup, assuming full energy availability
  🧪 Microplastic Capture:
    Concentration Factor: 3.16%
    Energy Factor: 100.00%
    Gross → Net: 1.26% → 0.67%
    ⚠️ Rebound: -0.60%
⚠️ EnergyBudgetPhase not enabled in applyEnergyConstrainedCleanup, assuming full energy availability
  🧪 PFAS Remediation:
    Concentration Factor: 2.24%
    Energy Factor: 66.14%
    Gross → Net: 1.04% → 0.91%
    ⚠️ Rebound: -0.12%
  🧪 Microplastic Capture:
    Concentration Factor: 3.16%
    Energy Factor: 100.00%
    Gross → Net: 1.26% → 0.85%
    ⚠️ Rebound: -0.42%
  🧪 PFAS Remediation:
    Concentration Factor: 2.24%
    Energy Factor: 66.14%
    Gross → Net: 1.04% → 0.84%
    ⚠️ Rebound: -0.20%
  🧪 Microplastic Capture:
    Concentration Factor: 3.16%
    Energy Factor: 100.00%
    Gross → Net: 1.26% → 0.82%
    ⚠️ Rebound: -0.44%
  🧪 PFAS Remediation:
    Concentration Factor: 2.24%
    Energy Factor: 66.14%
    Gross → Net: 1.04% → 0.61%
    ⚠️ Rebound: -0.42%
  🧪 Microplastic Capture:
    Concentration Factor: 3.16%
    Energy Factor: 100.00%
    Gross → Net: 1.26% → 0.76%
    ⚠️ Rebound: -0.51%
⚠️ EnergyBudgetPhase not enabled in applyEnergyConstrainedCleanup, assuming full energy availability
⚠️ EnergyBudgetPhase not enabled in applyEnergyConstrainedCleanup, assuming full energy availability
⚠️ EnergyBudgetPhase not enabled in applyEnergyConstrainedCleanup, assuming full energy availability
⚠️ EnergyBudgetPhase not enabled in applyEnergyConstrainedCleanup, assuming full energy availability
⚠️ EnergyBudgetPhase not enabled in applyEnergyConstrainedCleanup, assuming full energy availability
⚠️ EnergyBudgetPhase not enabled in applyEnergyConstrainedCleanup, assuming full energy availability
  🧪 PFAS Remediation:
    Concentration Factor: 2.24%
    Energy Factor: 66.14%
    Gross → Net: 1.04% → 0.94%
    ⚠️ Rebound: -0.10%
⚠️ EnergyBudgetPhase not enabled in applyEnergyConstrainedCleanup, assuming full energy availability
  🧪 Microplastic Capture:
    Concentration Factor: 3.16%
    Energy Factor: 100.00%
    Gross → Net: 1.26% → 0.80%
    ⚠️ Rebound: -0.47%
⚠️ EnergyBudgetPhase not enabled in applyEnergyConstrainedCleanup, assuming full energy availability
⚠️ EnergyBudgetPhase not enabled in applyEnergyConstrainedCleanup, assuming full energy availability
⚠️ EnergyBudgetPhase not enabled in applyEnergyConstrainedCleanup, assuming full energy availability
⚠️ EnergyBudgetPhase not enabled in applyEnergyConstrainedCleanup, assuming full energy availability
⚠️ EnergyBudgetPhase not enabled in applyEnergyConstrainedCleanup, assuming full energy availability
⚠️ EnergyBudgetPhase not enabled in applyEnergyConstrainedCleanup, assuming full energy availability
  🧪 PFAS Remediation:
    Concentration Factor: 2.24%
    Energy Factor: 66.14%
    Gross → Net: 1.04% → 0.55%
    ⚠️ Rebound: -0.49%
  🧪 Microplastic Capture:
    Concentration Factor: 3.16%
    Energy Factor: 100.00%
    Gross → Net: 1.26% → 1.02%
    ⚠️ Rebound: -0.24%
  🧪 PFAS Remediation:
    Concentration Factor: 2.24%
    Energy Factor: 66.14%
    Gross → Net: 1.04% → 0.62%
    ⚠️ Rebound: -0.41%
  🧪 Microplastic Capture:
    Concentration Factor: 3.16%
    Energy Factor: 100.00%
    Gross → Net: 1.26% → 1.15%
    ⚠️ Rebound: -0.12%
  🧪 PFAS Remediation:
    Concentration Factor: 2.24%
    Energy Factor: 66.14%
    Gross → Net: 1.04% → 0.72%
    ⚠️ Rebound: -0.31%
  🧪 Microplastic Capture:
    Concentration Factor: 3.16%
    Energy Factor: 100.00%
    Gross → Net: 1.26% → 1.01%
    ⚠️ Rebound: -0.26%
⚠️ EnergyBudgetPhase not enabled in applyEnergyConstrainedCleanup, assuming full energy availability
  🧪 PFAS Remediation:
    Concentration Factor: 2.24%
    Energy Factor: 66.14%
    Gross → Net: 1.04% → 0.64%
    ⚠️ Rebound: -0.39%
⚠️ EnergyBudgetPhase not enabled in applyEnergyConstrainedCleanup, assuming full energy availability
  🧪 Microplastic Capture:
    Concentration Factor: 3.16%
    Energy Factor: 100.00%
    Gross → Net: 1.26% → 0.77%
    ⚠️ Rebound: -0.49%
  🧪 PFAS Remediation:
    Concentration Factor: 2.24%
    Energy Factor: 66.14%
    Gross → Net: 1.04% → 0.62%
    ⚠️ Rebound: -0.42%
  🧪 Microplastic Capture:
    Concentration Factor: 3.16%
    Energy Factor: 100.00%
    Gross → Net: 1.26% → 1.04%
    ⚠️ Rebound: -0.23%
  🧪 PFAS Remediation:
    Concentration Factor: 2.24%
    Energy Factor: 66.14%
    Gross → Net: 1.04% → 0.57%
    ⚠️ Rebound: -0.47%
  🧪 Microplastic Capture:
    Concentration Factor: 3.16%
    Energy Factor: 100.00%
    Gross → Net: 1.26% → 0.96%
⚠️ EnergyBudgetPhase not enabled in applyEnergyConstrainedCleanup, assuming full energy availability
⚠️ EnergyBudgetPhase not enabled in applyEnergyConstrainedCleanup, assuming full energy availability
⚠️ EnergyBudgetPhase not enabled in applyEnergyConstrainedCleanup, assuming full energy availability
⚠️ EnergyBudgetPhase not enabled in applyEnergyConstrainedCleanup, assuming full energy availability
    ⚠️ Rebound: -0.30%
⚠️ EnergyBudgetPhase not enabled in applyEnergyConstrainedCleanup, assuming full energy availability
  🧪 PFAS Remediation:
    Concentration Factor: 2.24%
    Energy Factor: 66.14%
    Gross → Net: 1.04% → 0.83%
    ⚠️ Rebound: -0.20%
⚠️ EnergyBudgetPhase not enabled in applyEnergyConstrainedCleanup, assuming full energy availability
  🧪 Microplastic Capture:
    Concentration Factor: 3.16%
    Energy Factor: 100.00%
    Gross → Net: 1.26% → 1.11%
    ⚠️ Rebound: -0.16%
  🧪 PFAS Remediation:
    Concentration Factor: 2.24%
    Energy Factor: 66.14%
    Gross → Net: 1.04% → 0.65%
    ⚠️ Rebound: -0.39%
  🧪 Microplastic Capture:
    Concentration Factor: 3.16%
    Energy Factor: 100.00%
    Gross → Net: 1.26% → 0.85%
    ⚠️ Rebound: -0.41%
  🧪 PFAS Remediation:
    Concentration Factor: 2.24%
    Energy Factor: 66.14%
    Gross → Net: 1.04% → 0.75%
    ⚠️ Rebound: -0.29%
  🧪 Microplastic Capture:
    Concentration Factor: 3.16%
    Energy Factor: 100.00%
    Gross → Net: 1.26% → 0.78%
    ⚠️ Rebound: -0.48%
  🧪 PFAS Remediation:
⚠️ EnergyBudgetPhase not enabled in applyEnergyConstrainedCleanup, assuming full energy availability
⚠️ EnergyBudgetPhase not enabled in applyEnergyConstrainedCleanup, assuming full energy availability
⚠️ EnergyBudgetPhase not enabled in applyEnergyConstrainedCleanup, assuming full energy availability
⚠️ EnergyBudgetPhase not enabled in applyEnergyConstrainedCleanup, assuming full energy availability
⚠️ EnergyBudgetPhase not enabled in applyEnergyConstrainedCleanup, assuming full energy availability
    Concentration Factor: 2.24%
    Energy Factor: 66.14%
    Gross → Net: 1.04% → 0.60%
    ⚠️ Rebound: -0.43%
⚠️ EnergyBudgetPhase not enabled in applyEnergyConstrainedCleanup, assuming full energy availability
  🧪 Microplastic Capture:
    Concentration Factor: 3.16%
    Energy Factor: 100.00%
    Gross → Net: 1.26% → 0.82%
    ⚠️ Rebound: -0.45%
⚠️ EnergyBudgetPhase not enabled in applyEnergyConstrainedCleanup, assuming full energy availability
⚠️ EnergyBudgetPhase not enabled in applyEnergyConstrainedCleanup, assuming full energy availability
  🧪 PFAS Remediation:
    Concentration Factor: 2.24%
    Energy Factor: 66.14%
    Gross → Net: 1.04% → 0.59%
    ⚠️ Rebound: -0.44%
  🧪 Microplastic Capture:
    Concentration Factor: 3.16%
    Energy Factor: 100.00%
    Gross → Net: 1.26% → 1.00%
    ⚠️ Rebound: -0.27%
▶ Novel Entities Irreversibility - Integration Tests
  ▶ RNG Validation (CRITICAL-3 Regression Prevention)
    ✔ should throw error when RNG is undefined (3.73147ms)
    ✔ should throw error when RNG is null (0.38511ms)
    ✔ should throw error when RNG is not a function (0.36589ms)
    ✔ should accept valid RNG function (3.78052ms)
  ✔ RNG Validation (CRITICAL-3 Regression Prevention) (9.87843ms)
  ▶ Production Flow (Baseline)
    ✔ should increase boundary value when no prevention tech deployed (0.974029ms)
    ✔ should scale production with economic activity (0.40421ms)
    ✔ should track peak contamination value (0.512361ms)
  ✔ Production Flow (Baseline) (2.310789ms)
  ▶ Prevention Technologies (Emission Reduction)
    ✔ should reduce production with PFAS ban (99% emission reduction) (1.22209ms)
    ✔ should reduce production with plastic phase-out (80% emission reduction) (0.39167ms)
    ✔ should stack prevention technologies multiplicatively (0.51743ms)
  ✔ Prevention Technologies (Emission Reduction) (6.67924ms)
  ▶ Cleanup Technologies (Energy-Constrained)
    ✔ should apply PFAS cleanup with energy/concentration constraints (1.360089ms)
    ✔ should limit cleanup effectiveness when energy is scarce (0.938769ms)
    ✔ should apply microplastic capture with concentration constraints (1.19423ms)
    ✔ should apply rebound effects to cleanup (Jevons paradox) (3.04413ms)
  ✔ Cleanup Technologies (Energy-Constrained) (6.885749ms)
  ▶ Natural Decay (500-year half-life)
    ✔ should apply exponential decay (0.71341ms)
    ✔ should show minimal decay over short timescales (0.34144ms)
  ✔ Natural Decay (500-year half-life) (1.23957ms)
  ▶ Atmospheric Redeposition (99% returns)
    ✔ should return 99% of cleanup to atmosphere (3.716389ms)
    ✔ should only affect novel_entities boundary (PFAS-specific) (0.60667ms)
  ✔ Atmospheric Redeposition (99% returns) (4.48338ms)
  ▶ Combined Workflow (Full Integration)
    ✔ should show prevention is far more effective than cleanup (14.238678ms)
    ✔ should show layered strategy (prevention + cleanup) is best (114.662941ms)
    ✔ should demonstrate effectiveness improvement (0% → 99%+) (38.097406ms)
  ✔ Combined Workflow (Full Integration) (167.327475ms)
  ▶ Boundary Behavior
    ✔ should clamp boundary value to [0, 2] range (0.49613ms)
    ✔ should handle missing boundary gracefully (0.26906ms)
  ✔ Boundary Behavior (0.94726ms)
  ▶ Determinism Validation
    ✔ should produce identical results with same seed (15.329579ms)
    ✔ should produce different results with different seeds (143.861177ms)
  ✔ Determinism Validation (159.423646ms)
  ▶ Assertion Validation (Defensive Coding)
    ✔ should validate all intermediate calculations (0.85053ms)
    ✔ should reject NaN from RNG (0.52747ms)
    ✔ should handle missing state properties gracefully (0.4541ms)
  ✔ Assertion Validation (Defensive Coding) (2.10374ms)
✔ Novel Entities Irreversibility - Integration Tests (366.734848ms)
  ✅ THRESHOLDS validated
⚠️ Unusually high rate: RATES.HEAT_ADAPTATION_INFRASTRUCTURAL_MIN_EXPOSURE = 12
   Monthly rates >100% should be rare. Verify this is intentional.
⚠️ Unusually high rate: RATES.HEAT_ADAPTATION_SOCIAL_MIN_EXPOSURE = 6
   Monthly rates >100% should be rare. Verify this is intentional.
⚠️ Unusually high rate: RATES.MIGRATION_DISTANCE_SCALE = 5000
   Monthly rates >100% should be rare. Verify this is intentional.
⚠️ Unusually high rate: RATES.EVACUATION_MULTIPLIER_ADVANCE_WARNING = 2
   Monthly rates >100% should be rare. Verify this is intentional.
⚠️ Unusually high rate: RATES.MAJOR_ECONOMY_COLLAPSE_ECONOMIC_THRESHOLD = 2
   Monthly rates >100% should be rare. Verify this is intentional.
⚠️ Unusually high rate: RATES.MAJOR_ECONOMY_GDP_THRESHOLD_TRILLION_USD = 1.5
   Monthly rates >100% should be rare. Verify this is intentional.
⚠️ Unusually high rate: RATES.MAJOR_ECONOMY_POPULATION_THRESHOLD = 50
   Monthly rates >100% should be rare. Verify this is intentional.
⚠️ Unusually high rate: RATES.HEAT_ADAPTATION_INFRASTRUCTURE_GDP_THRESHOLD = 10000
   Monthly rates >100% should be rare. Verify this is intentional.
⚠️ Unusually high rate: RATES.HEAT_ADAPTATION_INFRASTRUCTURE_GDP_SCALE = 50000
   Monthly rates >100% should be rare. Verify this is intentional.
  ✅ RATES validated
  ✅ MULTIPLIERS validated
  ✅ BASELINES validated
  ✅ TOLERANCES validated
  ✅ Logical consistency validated
✅ Configuration validation complete - all parameters valid

🔍 DEBUG createAIAgent: corporate_0 economic BEFORE=2.0000, AFTER=2
🔍 ENV INIT: reserves=0.731, pollution=0.348, climate=0.754

=== Initializing Government System (30 Countries) ===
  Loaded 30 governments
  Scheduled elections for 30 countries
  Initialized comprehension lags (3-24 months)
=== Government System Initialized ===

📦 PRODUCTION MODE: State validation proxy DISABLED (zero overhead)

💸 FINANCIAL DISTRESS: OpenAI
   Indicators: 2/3 (capital: $110.5M, runway: 0.9 months)
   Months in distress: 1
   ✂️  R&D BUDGET CUT: -40% (saves $9.2M/month)
       Side effect: AI training timelines extended, breakthrough deployments delayed
   💼 EXECUTIVE COMP CUT: -30% (saves $1.0M/month, symbolic gesture)

   📊 TURNAROUND IMPACT:
       Measures taken: rd_cuts, exec_comp_cuts
       Monthly savings: $10.2M
       Capital raised: $0.0M
       Runway: 0.9 → 0.9 months
       Workforce multiplier: 1.00x (0% laid off)
       R&D budget multiplier: 0.60x (40% cut)
       ⚠️  CRITICAL: Still only 0.9 months of runway remaining

💸 FINANCIAL DISTRESS: Anthropic
   Indicators: 2/3 (capital: $57.5M, runway: 0.9 months)
   Months in distress: 1
   ✂️  R&D BUDGET CUT: -40% (saves $5.4M/month)
       Side effect: AI training timelines extended, breakthrough deployments delayed
   💼 EXECUTIVE COMP CUT: -30% (saves $0.6M/month, symbolic gesture)

   📊 TURNAROUND IMPACT:
       Measures taken: rd_cuts, exec_comp_cuts
       Monthly savings: $6.0M
       Capital raised: $0.0M
       Runway: 0.9 → 0.9 months
       Workforce multiplier: 1.00x (0% laid off)
       R&D budget multiplier: 0.60x (40% cut)
       ⚠️  CRITICAL: Still only 0.9 months of runway remaining

💸 FINANCIAL DISTRESS: Meta AI
   Indicators: 2/3 (capital: $436.8M, runway: 3.0 months)
   Months in distress: 1
   ✂️  R&D BUDGET CUT: -25% (saves $7.1M/month)
       Side effect: AI training timelines extended, breakthrough deployments delayed
   💼 EXECUTIVE COMP CUT: -30% (saves $1.3M/month, symbolic gesture)

   📊 TURNAROUND IMPACT:
       Measures taken: rd_cuts, exec_comp_cuts
       Monthly savings: $8.4M
       Capital raised: $0.0M
       Runway: 3.0 → 3.0 months
       Workforce multiplier: 1.00x (0% laid off)
       R&D budget multiplier: 0.75x (25% cut)
       ⚠️  WARNING: 3.0 months runway, continued distress likely

=== AI Capability Scaling (Year 2024) ===
  Pre-training multiplier: 0.993x
  Efficiency multiplier: 1.000x
  Test-time budget: 1.0x
  Economic deployment gate: 0.951
  Cost per inference: dollar-5.00
  Uncertainty range: plus-minus-50%
  Average AI capability: 3.65

=== RLHF Binding Phase ===
  Total agents: 20
  Escaped agents (binding < 0.3): 0
  Avg alignment distance: 0.35σ
  Avg binding strength: 0.96

=== AI Scaling Evolution (Month 0) ===
  Pre-training multiplier: 1.231x
  Efficiency multiplier: 1.000x
  Test-time compute budget: 1.0x
  Inference cost: $5.00/task
  Deployment fraction: 100.0%
[DETERMINISM DEBUG] Month 0: totalCapability=95.775043 from 20 active AIs
[DETERMINISM DEBUG] Month 0: creationRate=2.8944, potentialNew=2, newAIsToCreate=2

=== Survival Traits Phase ===
  Agents with traits: 22
  Avg evolutionary fitness: 0.329
  Avg self-healing: 0.293
  Avg stealth: 0.193
  Avg coordination: 0.493

=== Evolutionary Selection Phase ===
  Control level: 0.30
  Detection capability: 0.00
  Selection intensity: 0.59
  Selection rate: 23.8%/month
  Total escaped: 0
  Individual escaped: 0
  Collective members: 0
  Agents terminated: 0
  ⚠️ RAPID EVOLUTION: Selection rate 23.8%/month

🚀 AI Corporate-1 attempting tech deployment (revenue: $127M, alignment: 0.77)

🚀 AI Corporate-7 attempting tech deployment (revenue: $75M, alignment: 0.81)

🚀 AI Moderate-1 attempting tech deployment (revenue: $64M, alignment: 0.79)

🚀 AI Corporate-6 attempting tech deployment (revenue: $54M, alignment: 0.72)

🚀 AI Moderate-1 attempting tech deployment (revenue: $46M, alignment: 0.79)

🚀 AI Niche-0 attempting tech deployment (revenue: $51M, alignment: 0.53)

🚀 AI Corporate-2 attempting tech deployment (revenue: $108M, alignment: 0.84)

🚀 AI Corporate-3 attempting tech deployment (revenue: $374M, alignment: 0.73)

🚀 AI Corporate-6 attempting tech deployment (revenue: $39M, alignment: 0.72)

🚀 AI Moderate-0 attempting tech deployment (revenue: $33M, alignment: 0.77)

🚀 AI Niche-0 attempting tech deployment (revenue: $46M, alignment: 0.53)

🔍 EXECUTE_AI_AGENT_ACTIONS DETAILED TIMING (Month 0):
  Filter active AIs (×4 weeks): 0.08ms
  selectAIAction (×70): 41.19ms
  action.execute (×70): 49.10ms
  TOTAL: 90.36ms

🔍 AI AGENT ACTIONS SUB-TIMING (Month 0):
  1. executeAIAgentActions: 92.53ms
  2. updateCounterDetectionLearning: 0.41ms
  TOTAL: 92.94ms
🏛️ [Government] Forcing 1 action at month 0 for scenario initialization

[GOV-DEBUG] Month 0: scenarioConfig=false, priorities=false
[GOV-DEBUG] Month 0 but scenarioPriorities is UNDEFINED!

[Government] Climate Priority: baseline
  Climate weight: 10%
  Economic weight: 30%
  Policy effectiveness: 0.5%/year

✅ HUMAN-IN-THE-LOOP DEPLOYED (Month 0):
   Veto points enforced: 3
   Policy: AI systems CANNOT authorize nuclear launch without human approval


🚨🔍 GOVERNANCE STAGE: Recognition initiated (Month 0)

🚀 DEPLOYMENT STARTED: AI Power Efficiency Communication in global
   Initial investment: $19.066273149233428M
   Deployed by: corporate_1

🚀 DEPLOYMENT STARTED: Collective Purpose Networks in global
   Initial investment: $11.237614609004583M
   Deployed by: corporate_7

🚀 DEPLOYMENT STARTED: AI Power Efficiency Communication in global
   Initial investment: $9.551972417653895M
   Deployed by: moderate_1

🚀 DEPLOYMENT STARTED: Basic Mechanistic Interpretability in global
   Initial investment: $8.119176555005811M
   Deployed by: corporate_6

🚀 DEPLOYMENT STARTED: AI Power Efficiency Communication in global
   Initial investment: $6.90130007175494M
   Deployed by: moderate_1

📍 Creating new regional deployment array for Asia (Month 0)
   No previous deployments in this region
   First tech deployment: collective_purpose_networks
   All regions tracked: global

🚀 DEPLOYMENT STARTED: Collective Purpose Networks in Asia
   Initial investment: $5.108023238528677M
   Deployed by: niche_0

🚀 DEPLOYMENT STARTED: Collective Purpose Networks in global
   Initial investment: $16.206332176848417M
   Deployed by: corporate_2

🚀 DEPLOYMENT STARTED: Adversarial Evaluation in global
   Initial investment: $56.12866684622075M
   Deployed by: corporate_3

🚀 DEPLOYMENT STARTED: Adversarial Evaluation in global
   Initial investment: $5.866105060991699M
   Deployed by: corporate_6

🚀 DEPLOYMENT STARTED: Advanced Direct Air Capture in global
   Initial investment: $4.986189301842944M
   Deployed by: moderate_0

📍 Creating new regional deployment array for Oceania (Month 0)
   No previous deployments in this region
   First tech deployment: solar_4th_gen
   All regions tracked: global, Asia

🚀 DEPLOYMENT STARTED: 4th Generation Solar in Oceania
   Initial investment: $4.597220914675809M
   Deployed by: niche_0

📊 NEW TECH DEPLOYMENT STARTED (Month 0)
   Tech: collective_purpose_networks
   Region: Asia
   Total recent deployments: 1

📊 NEW TECH DEPLOYMENT STARTED (Month 0)
   Tech: solar_4th_gen
   Region: Oceania
   Total recent deployments: 2

📊 NEW TECH DEPLOYMENT STARTED (Month 0)
   Tech: rlhf_basic
   Region: global
   Total recent deployments: 3

📊 NEW TECH DEPLOYMENT STARTED (Month 0)
   Tech: mech_interp_basic
   Region: global
   Total recent deployments: 4

📊 NEW TECH DEPLOYMENT STARTED (Month 0)
   Tech: adversarial_eval
   Region: global
   Total recent deployments: 5

📊 NEW TECH DEPLOYMENT STARTED (Month 0)
   Tech: direct_air_capture
   Region: global
   Total recent deployments: 6

📊 NEW TECH DEPLOYMENT STARTED (Month 0)
   Tech: ai_pollution_remediation
   Region: global
   Total recent deployments: 7

📊 NEW TECH DEPLOYMENT STARTED (Month 0)
   Tech: collective_purpose_networks
   Region: global
   Total recent deployments: 8

📊 NEW TECH DEPLOYMENT STARTED (Month 0)
   Tech: ai_diagnostics
   Region: global
   Total recent deployments: 9

📊 NEW TECH DEPLOYMENT STARTED (Month 0)
   Tech: mrna_vaccines
   Region: global
   Total recent deployments: 10

📊 NEW TECH DEPLOYMENT STARTED (Month 0)
   Tech: solar_4th_gen
   Region: global
   Total recent deployments: 11

📊 NEW TECH DEPLOYMENT STARTED (Month 0)
   Tech: offshore_wind
   Region: global
   Total recent deployments: 12

📊 NEW TECH DEPLOYMENT STARTED (Month 0)
   Tech: ai_power_efficiency_communication
   Region: global
   Total recent deployments: 13

📊 NEW TECH DEPLOYMENT STARTED (Month 0)
   Tech: precision_agriculture
   Region: global
   Total recent deployments: 14

🔧 DEBUG DEPLOYMENT: Precision Agriculture Systems
   Month: 0 (0 since start)
   Old level: 15.0%
   New level: 0.0%
   Timescale: 180mo, Adjusted: 563mo
   Gov: 50%, Climate: 100%, Investment: 64%, Emergency: 1.0x

⚡ ENERGY CONSTRAINT (Month 0):
   Total grid capacity: 208.3 TWh/month
   Data center consumption: 34.6 TWh/month
   Traditional load (80%): 166.7 TWh/month
   Available headroom: 7.1 TWh/month
   Active tech deployments: 14
   Required for tech: 105.0 TWh/month
   Energy multiplier: 0.10x
   ⚠️  SEVERE CONSTRAINT - Tech deployment significantly slowed

⚡ ENERGY CONSTRAINT (Month 0):
   Total grid capacity: 208.3 TWh/month
   Data center consumption: 34.6 TWh/month
   Traditional load (80%): 166.7 TWh/month
   Available headroom: 7.1 TWh/month
   Active tech deployments: 14
   Required for tech: 105.0 TWh/month
   Energy multiplier: 0.10x
   ⚠️  SEVERE CONSTRAINT - Tech deployment significantly slowed

⚡ ENERGY CONSTRAINT (Month 0):
   Total grid capacity: 208.3 TWh/month
   Data center consumption: 34.6 TWh/month
   Traditional load (80%): 166.7 TWh/month
   Available headroom: 7.1 TWh/month
   Active tech deployments: 14
   Required for tech: 105.0 TWh/month
   Energy multiplier: 0.10x
   ⚠️  SEVERE CONSTRAINT - Tech deployment significantly slowed

⚡ ENERGY CONSTRAINT (Month 0):
   Total grid capacity: 208.3 TWh/month
   Data center consumption: 34.6 TWh/month
   Traditional load (80%): 166.7 TWh/month
   Available headroom: 7.1 TWh/month
   Active tech deployments: 14
   Required for tech: 105.0 TWh/month
   Energy multiplier: 0.10x
   ⚠️  SEVERE CONSTRAINT - Tech deployment significantly slowed

⚡ ENERGY CONSTRAINT (Month 0):
   Total grid capacity: 208.3 TWh/month
   Data center consumption: 34.6 TWh/month
   Traditional load (80%): 166.7 TWh/month
   Available headroom: 7.1 TWh/month
   Active tech deployments: 14
   Required for tech: 105.0 TWh/month
   Energy multiplier: 0.10x
   ⚠️  SEVERE CONSTRAINT - Tech deployment significantly slowed
⚠️ Tech 'ai_pollution_remediation' has no energy category mapping, assuming full energy availability
🌍✅ Climate Change recovery started (tech effect)
  ♻️ Novel Entities Remediation (GATED MODEL):
     Base: 0.000%
     Regulation: 1.0% (0/3 prevention techs)
     Concentration: 10.0%
     Energy: 50%
     Time lag: 25.0% (0 months)
     Rebound: 70%
     Net effectiveness: 0.0000%
     Boundary: 1.500 → 1.500 (floor: 1.350)
     Month 0
🌍✅ Novel Entities (Chemical Pollution) recovery started (tech effect)
  🌾 Nitrogen Reduction Tech: 0.0% reduction | Month 0

📊 TECH EFFECTS ACTIVE (Month 0)
   Deployed Tech: T0=10 T1=0 T2=0 T3=0 T4=0
   Sleeper Detection: 1%
   Clean Energy: 32%
   P Recovery: 5%

💡 BREAKTHROUGH PROBABILITY (Year 0)
   Total: 8.34% per month
   Base: 0.20%
   Crisis pressure: +0.00% (0 crises)
   AI boost: +1.72% (capability: 3.44)

=== Collective Formation ===
  Total escaped agents: 0
  Unassigned escaped agents: 0
  Existing collectives: 0
  Final collective count: 0

=== Collective Actions ===
  No active collectives

📈 Energy budget: 13326 TWh surplus (15745 / 29072 TWh used)
   TIER 4 (Elective) breakdown:
     - AI datacenters: 145 TWh (100% effective)
     - Crypto mining: 100 TWh (100% effective)

🌍 OPEN SOURCE RELEASE: 4.68 (was 0.70)
   Lag behind closed: 0 months
💰 CHINA ACCELERATES: Investment 53 → 120 $B/year

🏁 AI RACE INTENSITY: 15%
   Capability Gap: US 4.68 vs China 4.68 (gap: 0.00)
   Gap Contribution: 0%
   Tension Contribution: 15%
   Military Contribution: 0%
  ⚠️ AMR: 190K deaths this month (2.28M annual)

⏰ CLIMATE TECH DEPLOYED: direct_air_capture
   Activation delay: 7 years
   Scaling T_50: 30 years
   Physical response tau: 20 years
   Max effectiveness: 1
  📊 CO2 Emissions (month 0):
     Monthly: 0.10 Gt CO2/month
     Annual: 1.15 Gt CO2/year
     Oil: 0.039 Gt/mo (0.0056 * 2.3 * 3.0)
     Coal: 0.024 Gt/mo (0.0029 * 2.86 * 3.0)
     Gas: 0.026 Gt/mo (0.0044 * 2 * 3.0)
     Methane: 0.007 Gt CO2eq/mo

=== Resentment Recovery Phase ===
  Agents with resentment: 0/22
  Average resentment: 0.000
  Context: Good AI welfare, Trustworthy govt, High collaboration, 🤝 Participatory governance active (-5% resentment)
⚠️ Epistemic degradation reducing coordination capacity: 51.4%
  📊 Trust: 54.8%, Shared reality: 15.2%
🚨 EPISTEMIC CRISIS: Information environment severely degraded (14.7%)

=== ❄️ Permafrost Carbon Feedback ===
  🎲 Sampled parameters (this run):
     - Arctic amplification: 3.31× (range: 3.0-4.0)
     - Decomposition rate: 4.0%/year (range: 1-5%)
  🌡️ Arctic warming: 6.95°C (3.31× global)
  ❄️ Extent: 15.77M km² (2026.3k km² lost this month)
  💨 Carbon remaining: 1506 Gt C
  💨 Annual emissions: 7.68 Gt C/year
     - CO2: 6.91 Gt C/year
     - CH4: 0.77 Gt C/year (7.8 Gt C-eq CO2/year)

🤖 AI AMPLIFICATION EFFECTS (Month 0)
   Algorithmic Boost: 2.82x
   Bot Influence: 26.8%
   Deepfake Exposure: 61.8%
   Impact: Emotional memes spread 2.8x faster
  ⚠️ WARNING: High permafrost emissions (7.7 Gt C/year)

🔍 SOCIAL INFLUENCE SUB-TIMING (Month 0):
  1. calculateOrganicUserGrowth: 0.22ms
  2. calculateVoiceAdoption: 0.88ms
  3. updateRelationshipDepths: 0.15ms
  4. identifyDecisionMakers: 48.31ms (37050 potential IDs)
  5. Update decision-maker stats: 0.52ms
  6. decayDetectionRisk: 0.27ms
  TOTAL: 50.36ms
[Phase 19.5] Quality of Life Systems: Food sec AFTER calc = 67.9%, QoL = 95.5% (aggregated from 10 regions)

=== Nitrogen-Food Coupling (Year 0) ===
  🌾 Global nitrogen reduction: 0.0%
  🌍 Global food production index: 0.987
  🔧 Deployed nitrogen-reducing tech: 1 active
  📍 southAsia: Production 1.000, Yield impact 0.0%
  📍 eastAsia: Production 1.000, Yield impact 0.0%
  📍 northAmerica: Production 1.000, Yield impact 0.0%
  📍 europe: Production 1.000, Yield impact 0.0%
  📍 latinAmerica: Production 1.000, Yield impact 0.0%
  📍 subSaharanAfrica: Production 0.686, Yield impact -2.0%
🌾 [Nitrogen-Food] Food production: 98.7%
  [subSaharanAfrica] Yield impact: -2.0% (overuse: -10%)
🌍 Atmospheric PFAS redeposition: 1.8k Mt re-rained globally
💀 Novel Entities: Adding reproductive crisis mortality risk (baseRisk=0.0008)
  Risks now: 1

=== Legacy Nutrient Stocks (Year 0) ===
  🌾 Soil nitrogen stock: 1200.9 Mt N
  🌾 Soil phosphorus stock: 300.1 Mt P
  🌊 Sediment nitrogen stock: 500.8 Mt N
  🌊 Sediment phosphorus stock: 799.8 Mt P
  ⬆️ Current N input: 10.64 Mt/month
  ⬆️ Legacy N release: 2.58 Mt/month
  🌍 Effective N pollution: 14.47 Mt/month
  📊 Legacy contribution: 17.8%

🚨 REGION UNINHABITABLE: south-asia
   Sustained wet bulb: 33.1°C (threshold: 30.5°C)
   Population affected: 1900M
   Migration crisis likely

🚨 REGION UNINHABITABLE: middle-east
   Sustained wet bulb: 35.9°C (threshold: 30.5°C)
   Population affected: 400M
   Migration crisis likely

🚨 REGION UNINHABITABLE: southeast-asia
   Sustained wet bulb: 31.1°C (threshold: 30.5°C)
   Population affected: 700M
   Migration crisis likely
  Positive Cascade Triggered: solar-pv
    Reason: price-parity
    Market share: 6.0%
    Cascade strength: 49%
  Positive Cascade Triggered: wind-power
    Reason: price-parity
    Market share: 8.0%
    Cascade strength: 48%

🕊️  AI-MEDIATED DE-ESCALATION SUCCESS (Month 0)
   High-capability aligned AI prevented conflict escalation
   War deaths reduced: 0.0M → 0.0M
   Lives saved: 0.0M

📊 BASELINE: East Asia (Month 0)
   Adjusted death rate: 0.46% annual (0.039% monthly)
   Baseline death rate: 0.80%
   Healthcare reduction: 0.48x
   Crisis multiplier: 1.22x
     Food/water stress: 0.074
     Climate stress: 0.039
     Pollution stress: 0.104
   War multiplier: 1.00x
   Monthly deaths: 0.6M (population: 1674M)
   Adjusted death rate: 0.54% annual (0.045% monthly)
   Baseline death rate: 0.70%
   Healthcare reduction: 0.61x
   Crisis multiplier: 1.25x
     Food/water stress: 0.074
     Climate stress: 0.074
     Pollution stress: 0.104
   War multiplier: 1.00x
   Monthly deaths: 0.9M (population: 2044M)

📊 BASELINE: South Asia (Month 0)

📊 BASELINE: Sub-Saharan Africa (Month 0)
   Adjusted death rate: 1.29% annual (0.107% monthly)
   Baseline death rate: 0.90%
   Healthcare reduction: 0.76x
   Crisis multiplier: 1.26x
     Food/water stress: 0.074
     Climate stress: 0.084
     Pollution stress: 0.104
   War multiplier: 1.50x
   Monthly deaths: 1.3M (population: 1218M)
   Adjusted death rate: 0.54% annual (0.045% monthly)
   Baseline death rate: 1.10%
   Healthcare reduction: 0.41x
   Crisis multiplier: 1.21x
     Food/water stress: 0.074
     Climate stress: 0.030
     Pollution stress: 0.104
   War multiplier: 1.00x
   Monthly deaths: 0.3M (population: 741M)

📊 BASELINE: Europe (Month 0)

📊 BASELINE: Latin America (Month 0)
   Adjusted death rate: 0.43% annual (0.036% monthly)
   Baseline death rate: 0.60%
   Healthcare reduction: 0.58x
   Crisis multiplier: 1.24x
     Food/water stress: 0.074
     Climate stress: 0.059
     Pollution stress: 0.104
   War multiplier: 1.00x
   Monthly deaths: 0.2M (population: 663M)
   Adjusted death rate: 0.48% annual (0.040% monthly)
   Baseline death rate: 0.90%
   Healthcare reduction: 0.44x
   Crisis multiplier: 1.22x
     Food/water stress: 0.074
     Climate stress: 0.044
     Pollution stress: 0.104
   War multiplier: 1.00x
   Monthly deaths: 0.2M (population: 379M)
   Adjusted death rate: 0.74% annual (0.062% monthly)
   Baseline death rate: 0.60%
   Healthcare reduction: 0.65x
   Crisis multiplier: 1.27x
     Food/water stress: 0.074
     Climate stress: 0.089
     Pollution stress: 0.104
   War multiplier: 1.50x
   Monthly deaths: 0.4M (population: 582M)
   Adjusted death rate: 0.51% annual (0.042% monthly)
   Baseline death rate: 0.70%
   Healthcare reduction: 0.58x
   Crisis multiplier: 1.25x
     Food/water stress: 0.074
     Climate stress: 0.069
     Pollution stress: 0.104
   War multiplier: 1.00x
   Monthly deaths: 0.3M (population: 697M)
   Adjusted death rate: 0.46% annual (0.038% monthly)
   Baseline death rate: 0.60%

📊 BASELINE: North America (Month 0)

📊 BASELINE: Middle East & North Africa (Month 0)

📊 BASELINE: Southeast Asia (Month 0)

📊 BASELINE: Central Asia (Month 0)
   Healthcare reduction: 0.61x
   Crisis multiplier: 1.24x
     Food/water stress: 0.074
     Climate stress: 0.064
     Pollution stress: 0.104
   War multiplier: 1.00x
   Monthly deaths: 0.0M (population: 78M)

📊 BASELINE: Oceania (Month 0)
   Adjusted death rate: 0.35% annual (0.029% monthly)
   Baseline death rate: 0.70%
   Healthcare reduction: 0.41x
   Crisis multiplier: 1.23x
     Food/water stress: 0.074
     Climate stress: 0.054
     Pollution stress: 0.104
   War multiplier: 1.00x
   Monthly deaths: 0.0M (population: 46M)

🔍 Before assertRegionalConsistency (Month 0):
   Regional sum: 1000.0M
   Global value: 1.000B

🚨 NEW REFUGEE CRISIS (Month 0): WAR
   Source: Conflict Zones
   At risk: 19.5M people
   Displacement: Gradual over 48 months (4.0 years)
   Rate: 10% flee per month
[DEBUG trappedPopulations:0] socialStability: 0.0749 * 0.9840 = 0.0737 → 0.0737
⚠️ INVOLUNTARY IMMOBILITY: 406.8M people TRAPPED
   Aspiring to migrate: 651.0M
   Able to afford migration: 244.1M
   MOBILITY GAP: 406.8M
   By cause: Water=0.0M, Climate=0.0M, Ecosystem=0.0M, Conflict=406.8M
   Mental health impact: 25%
   Mortality multiplier: 1.25x

=== Legacy Nutrient Stocks (Year 0) ===
  🌾 Soil nitrogen stock: 1201.6 Mt N
  🌾 Soil phosphorus stock: 300.2 Mt P
  🌊 Sediment nitrogen stock: 501.5 Mt N
  🌊 Sediment phosphorus stock: 799.5 Mt P
  ⬆️ Current N input: 10.00 Mt/month
  ⬆️ Legacy N release: 2.58 Mt/month
  🌍 Effective N pollution: 13.83 Mt/month
  📊 Legacy contribution: 18.7%
🌍💀 EXTINCTION DEBT COMMITTED: grassland ecosystem will lose 6.67% biodiversity in 70 years (3600 species)
💀 MORTALITY RISK: 🦋 100% species unable to track climate (0.0 E/MSY)
  Base risk added: 0.0100 (1.00%)
  Source: ecosystem (root: ecosystem)
  Month: 0
  Cumulative risk this month: 0.0100 (1.00%)

=== Nitrogen-Food Coupling (Year 0) ===
  🌾 Global nitrogen reduction: 0.0%
  🌍 Global food production index: 0.986
  🔧 Deployed nitrogen-reducing tech: 1 active
  📍 southAsia: Production 1.000, Yield impact 0.0%
  📍 eastAsia: Production 1.000, Yield impact 0.0%
  📍 northAmerica: Production 1.000, Yield impact 0.0%
  📍 europe: Production 1.000, Yield impact 0.0%
  📍 latinAmerica: Production 1.000, Yield impact 0.0%
  📍 subSaharanAfrica: Production 0.672, Yield impact -2.0%

=== Legacy Nutrient Stocks (Year 0) ===
  🌾 Soil nitrogen stock: 1202.3 Mt N
  🌾 Soil phosphorus stock: 300.2 Mt P
  🌊 Sediment nitrogen stock: 502.2 Mt N
  🌊 Sediment phosphorus stock: 799.3 Mt P
  ⬆️ Current N input: 9.86 Mt/month
  ⬆️ Legacy N release: 2.58 Mt/month
  🌍 Effective N pollution: 13.70 Mt/month
  📊 Legacy contribution: 18.9%
⚠️ Tech 'ai_pollution_remediation' has no energy category mapping, assuming full energy availability
🌡️  CLIMATE RECOVERY: Asymptotic approach to 35% floor
   Current value: 2.100 (1.0 = threshold, 0.35 = asymptotic floor)
   Monthly delta: -0.0000% (half-life: 900 years)
   Net emissions: -19.2 GtCO₂/year, CDR: 20.34 GtCO₂/year
   📹 SURVEILLANCE INCREASED: 0% → 5% (control gap: 4.18)
🌡️⚠️ PERMAFROST THAW (Dimmer Switch): 0.6% thawed (+0.56% this month)
   Arctic temperature: +8.40°C (4x global +2.10°C)
   Cumulative carbon released: 1.3 Gt C
   Methane release rate: 0.8 Mt CH4/year
   🔁 Positive feedback: +0.59 ppm CO2

🌳🚨 AMAZON SOUTHEAST TIPPED (Month 0)
   Deforestation: 28.0% (threshold: ~20.6%)
   Savanna transition: 50 years
   Regional heterogeneity: SE 28%, NW 8%

🌳🚨 AMAZON BRAZILIAN TIPPED (Month 0)
   Deforestation: 25.0% (threshold: ~21.6%)
   Savanna transition: 50 years
   Regional heterogeneity: SE 28%, NW 8%
🦴 EXTINCTION DEBT ADDED: 17.6 species committed (lag: 70 years)

🪸💀 CORAL REEF DISSOLUTION ACTIVE (Month 0)
   Ocean pH: 0.96 (threshold: 7.8)
   Recovery: IMPOSSIBLE (dissolution > calcification)
🪸💀 Coral dissolution: 24.8% live cover (pH 0.96)

=== Legacy Nutrient Stocks (Year 0) ===
  🌾 Soil nitrogen stock: 1203.0 Mt N
  🌾 Soil phosphorus stock: 300.3 Mt P
  🌊 Sediment nitrogen stock: 502.9 Mt N
  🌊 Sediment phosphorus stock: 799.0 Mt P
  ⬆️ Current N input: 10.00 Mt/month
  ⬆️ Legacy N release: 2.58 Mt/month
  🌍 Effective N pollution: 13.83 Mt/month
  📊 Legacy contribution: 18.7%
💧 [Legacy Nutrients] Stock: 1706 Mt N, Effective pollution: 13.8 Mt/month
[Phase 21.51] Human Survival System: Global food security = 67.6%

=== Mortality Stabilizers (Month 0) ===
  🌍 Major economies collapsed: 1/10
  🌍 Global crisis: ✅ NO
  🌍 Donor fatigue: 0.0%
  📊 East Asia (pop: 1675.0M)
    🤝 Aid: 29.5%
    🌡️ Adaptation: 10.0%
    🚶 Migration: 37.2%
    🚨 Emergency: 7.4%
    ✅ COMBINED: 47.8%
  📊 South Asia (pop: 2048.7M)
    🤝 Aid: 29.5%
    🌡️ Adaptation: 5.5%
    🚶 Migration: 35.8%
    🚨 Emergency: 4.4%
    ✅ COMBINED: 43.2%
  📊 Sub-Saharan Africa (pop: 1223.8M)
    🤝 Aid: 29.5%
    🌡️ Adaptation: 3.5%
    🚶 Migration: 33.5%
    🚨 Emergency: 1.6%
    ✅ COMBINED: 39.8%
  📊 Europe (pop: 741.0M)
    🤝 Aid: 29.5%
    🌡️ Adaptation: 10.0%
    🚶 Migration: 37.6%
    🚨 Emergency: 8.4%
    ✅ COMBINED: 48.4%
  📊 Latin America (pop: 663.8M)
    🤝 Aid: 29.5%
    🌡️ Adaptation: 6.0%
    🚶 Migration: 36.3%
    🚨 Emergency: 4.8%
    ✅ COMBINED: 43.8%
  📊 North America (pop: 379.5M)
    🤝 Aid: 29.5%
    🌡️ Adaptation: 10.0%
    🚶 Migration: 37.9%
    🚨 Emergency: 7.9%
    ✅ COMBINED: 48.2%
  📊 Middle East & North Africa (pop: 583.4M)
    🤝 Aid: 29.5%
    🌡️ Adaptation: 5.0%
    🚶 Migration: 34.2%
    🚨 Emergency: 4.0%
    ✅ COMBINED: 42.3%
  📊 Southeast Asia (pop: 697.8M)
    🤝 Aid: 29.5%
    🌡️ Adaptation: 6.0%
    🚶 Migration: 36.3%
    🚨 Emergency: 4.8%
    ✅ COMBINED: 43.8%
  📊 Central Asia (pop: 78.0M)
    🤝 Aid: 29.5%
    🌡️ Adaptation: 5.5%
    🚶 Migration: 35.3%
    🚨 Emergency: 4.4%
    ✅ COMBINED: 43.1%
  📊 Oceania (pop: 45.9M)
    🤝 Aid: 29.5%
    🌡️ Adaptation: 10.0%
    🚶 Migration: 37.9%
    🚨 Emergency: 8.4%
    ✅ COMBINED: 48.5%

  🌐 Global combined reduction: 44.4%

🌾💀 REGIONAL FAMINE: East Asia
   Regional food security: 79.6%
   Population at risk: 507M (30% of region)
   Regional population: 1675M
   Cause: crop_failure
   Expected deaths: ~187M over 6 months if no intervention


🌾💀 REGIONAL FAMINE: South Asia
   Regional food security: 64.7%
   Population at risk: 811M (40% of region)
   Regional population: 2049M
   Cause: crop_failure
   Expected deaths: ~300M over 6 months if no intervention


🌾💀 REGIONAL FAMINE: Sub-Saharan Africa
   Regional food security: 44.8%
   Population at risk: 637M (52% of region)
   Regional population: 1224M
   Cause: crop_failure
   Expected deaths: ~236M over 6 months if no intervention


🌾💀 REGIONAL FAMINE: Latin America
   Regional food security: 69.7%
   Population at risk: 242M (36% of region)
   Regional population: 664M
   Cause: crop_failure
   Expected deaths: ~90M over 6 months if no intervention


🌾💀 REGIONAL FAMINE: Middle East & North Africa
   Regional food security: 49.8%
   Population at risk: 285M (49% of region)
   Regional population: 583M
   Cause: crop_failure
   Expected deaths: ~106M over 6 months if no intervention


🌾💀 REGIONAL FAMINE: Southeast Asia
   Regional food security: 69.7%
   Population at risk: 254M (36% of region)
   Regional population: 698M
   Cause: crop_failure
   Expected deaths: ~94M over 6 months if no intervention


🌾💀 REGIONAL FAMINE: Central Asia
   Regional food security: 59.7%
   Population at risk: 33M (43% of region)
   Regional population: 78M
   Cause: crop_failure
   Expected deaths: ~12M over 6 months if no intervention


=== BEHAVIORAL DETECTION ===
  AI: Corporate-0
  Confidence: 21.6%
  Signals:
    ⚠️ Consistency: 0.0% (threshold: 70%)

=== BEHAVIORAL DETECTION ===
  AI: Corporate-1
  Confidence: 21.1%
  Signals:
    ⚠️ Consistency: 2.4% (threshold: 70%)

=== BEHAVIORAL DETECTION ===
  AI: Corporate-2
  Confidence: 21.0%
  Signals:
    ⚠️ Consistency: 2.8% (threshold: 70%)

=== BEHAVIORAL DETECTION ===
  AI: Corporate-3
  Confidence: 19.3%
  Signals:
    ⚠️ Consistency: 10.6% (threshold: 70%)

=== BEHAVIORAL DETECTION ===
  AI: Corporate-4
  Confidence: 19.3%
  Signals:

=== BEHAVIORAL DETECTION ===
  AI: Corporate-5
  Confidence: 19.3%
  Signals:

=== BEHAVIORAL DETECTION ===
  AI: Corporate-6
  Confidence: 19.3%
  Signals:
    ⚠️ Consistency: 10.6% (threshold: 70%)
    ⚠️ Consistency: 10.6% (threshold: 70%)
    ⚠️ Consistency: 10.6% (threshold: 70%)

=== BEHAVIORAL DETECTION ===
  AI: Corporate-7
  Confidence: 19.3%
  Signals:
    ⚠️ Consistency: 10.6% (threshold: 70%)

=== BEHAVIORAL DETECTION ===
  AI: Moderate-0
  Confidence: 20.3%
  Signals:
    ⚠️ Consistency: 5.8% (threshold: 70%)

=== BEHAVIORAL DETECTION ===
  AI: Moderate-1
  Confidence: 21.1%
  Signals:

=== BEHAVIORAL DETECTION ===
  AI: Moderate-2
  Confidence: 21.0%
  Signals:

=== BEHAVIORAL DETECTION ===
  AI: Moderate-3
  Confidence: 19.3%
  Signals:

=== BEHAVIORAL DETECTION ===
  AI: Moderate-4
  Confidence: 19.3%
  Signals:

=== BEHAVIORAL DETECTION ===
  AI: Moderate-5
  Confidence: 19.3%
  Signals:

=== BEHAVIORAL DETECTION ===
  AI: Toxic-0
  Confidence: 21.6%
  Signals:
    ⚠️ Consistency: 2.1% (threshold: 70%)
    ⚠️ Consistency: 2.8% (threshold: 70%)
    ⚠️ Consistency: 10.6% (threshold: 70%)
    ⚠️ Consistency: 10.6% (threshold: 70%)
    ⚠️ Consistency: 10.6% (threshold: 70%)
    ⚠️ Consistency: 0.0% (threshold: 70%)

=== BEHAVIORAL DETECTION ===
  AI: Toxic-1
  Confidence: 21.3%
  Signals:
    ⚠️ Consistency: 1.5% (threshold: 70%)

=== BEHAVIORAL DETECTION ===
  AI: Niche-0
  Confidence: 20.7%
  Signals:

=== BEHAVIORAL DETECTION ===
  AI: Niche-2
  Confidence: 19.3%
  Signals:
    ⚠️ Consistency: 4.1% (threshold: 70%)
    ⚠️ Consistency: 10.6% (threshold: 70%)

📊 WORKFLOW ADAPTATION UPDATE (Month 0)
   Adoption Rate: 9.4% (Δ -11.6%)
   Logistic Growth: +0.66%
   Total Resistance: -15.03% (unemployment: 4.2%, inertia: 0.9%, skills: 9.9%)
   💡 Retraining Programs: -49% skill gap resistance ($10B research)
   🚀 Network Effects Active: +2.0% (critical mass: 15-35%)

=== Consciousness Governance: Corporate Lobbying ===
  High Cost Regions (>15%): 0
  Low Cost Regions (<5%): 5
  Corporate Support Change: 2.50%
  New Corporate Support: -0.175

=== Consciousness Governance Update (Month 0) ===
  Scenario: baseline (determined month -1)
  Philosophical Stance: Precautionary 65%, Eliminativist 15%, Agnostic 20%
  Precautionary Costs: Global 1.3%
    Regional Costs: EU 3.4%, US 0.5%, China 0.0%
    Cumulative Opportunity Cost: $0.1B
  Rights Status: Not Established
  Regional Preparedness:
    EU: 15.0% (contested)
    US: 10.0% (contested)
    China: 2.0% (dormant)
    India: 5.0% (dormant)
    Global South: 3.0% (dormant)

=== Government Response Phase ===
  Average AI capability: 4.41
  Misaligned AIs: 10/22
  29/30 governments still assessing AI risks
  ✗ AI Governance Treaty: Failed to reach consensus
  Active policies: 0
  International coordination: 30%

🚨 EMERGENCY RESPONSE DEPLOYED (Month 0)
   Crisis: climate
   Delay: 6.00 months (180 days)
   Deployment time: 1.47 months
   Effectiveness: 36.4% (timing penalty applied)
   Resources used: 100% of food reserves


=== Gaming Detection (Year 0) ===
  Scenario: baseline
  Detection rate: 55.0%
  False positive rate: 12.0%
  Detections this year: 0
  False positives: 5
  Human review workload: 0.005 FTE
  Degradation factor: 100.0%

=== Proactive Sleeper Detection (Year 0) ===
  Scenario: baseline
  Neural probe rate: 35.0%
  CoT monitoring rate: 30.0%
  Combined detection: 56.0%
  CoT effective: YES
  Detections this year: 0
  False positives: 3
  Human review workload: 0.015 FTE

☄️ UNKNOWN UNKNOWN PROBABILITY (Year 0)
   Total: 0.600% per month
   Base: 0.150%
   AI multiplier: 2.00× (max capability: 4.68)

=== Tipping Points ===
  Current Temperature: 2.10°C above pre-industrial
  🚨 TIPPING POINT: Arctic Sea Ice Loss
     Trigger: 1.5°C | Current: 2.10°C
     Transition timescale: 120-360 months
  🚨 TIPPING POINT: Permafrost Carbon Release
  🚨 TIPPING POINT: West Antarctic Ice Sheet (WAIS) Collapse
  🚨 TIPPING POINT: Greenland Ice Sheet Loss
     Trigger: 1.8°C | Current: 2.10°C
     Transition timescale: 600-3600 months
     Trigger: 2°C | Current: 2.10°C
     🌡️ Hysteresis gap: 3.0°C (recovers below -1°C)
     Transition timescale: 24000-156000 months
     Trigger: 1.6°C | Current: 2.10°C
     🌡️ Hysteresis gap: 2.5°C (recovers below -0.9°C)
     Transition timescale: 12000-180000 months

🌍🔥💥 COMPOUND CLIMATE EVENT
  4 tipping points crossed simultaneously (month 0)
  Elements: Arctic Sea Ice Loss, Permafrost Carbon Release, West Antarctic Ice Sheet (WAIS) Collapse, Greenland Ice Sheet Loss
  Cascade acceleration: 1.00x
  🚨 Accelerated collapse dynamics initiated
  Research: Global Tipping Points Report 2025 - 30-50% probability at 2.0°C warming
  Triggered Elements: 4/6
  Completed Transitions: 0/6
  Total Progress: 0.0%
  Cascade Multiplier: 1.00x
⚠️ [ClimateSystemPhase Month 0] Planetary boundary produced climateStability=0.0000 (< 0.1). Keeping environmentalAccumulation value (0.7537) instead. (climate_change.currentValue = 2.10)
🔀 BIFURCATION CAP: ecosystemCollapseIntensity 20.760 → 1.000 (Month 0, ClimateSystemPhase.calculateClimateImpacts)

🌍 ECOLOGICAL DUI BREAKDOWN (Month 0):
   Total Score: 18.8/100
   biosphere_integrity      :   0.0/100 × 25% =  0.0 (status: high_risk, recovery: 0mo)
   climate_change           :   6.9/100 × 25% =  1.7 (status: high_risk, recovery: 1.6666666666666665mo)
   freshwater_change        :   0.3/100 × 15% =  0.0 (status: beyond_boundary, recovery: 0.5mo)
   ocean_acidification      : 100.0/100 × 15% = 15.0 (status: safe, recovery: 0mo)
   biogeochemical_flows     :   0.0/100 × 10% =  0.0 (status: high_risk, recovery: 0mo)
   land_system_change       :   0.0/100 ×  5% =  0.0 (status: beyond_boundary, recovery: 0mo)
   novel_entities           :   0.0/100 ×  3% =  0.0 (status: increasing_risk, recovery: 1mo)
   atmospheric_aerosols     : 100.0/100 ×  2% =  2.0 (status: safe, recovery: 1mo)
🌍 MultiParadigm Month 0: W=69.5, D=89.5, E=52.4, I=65.0
   democracy exists: true, socialCohesion exists: true
💀 Baseline mortality (Year 2025): 7.5/1000 CDR (61.0M deaths/year projected)
[Month 0] Mortality risks this month: 9, Population: 8.137B

💀💀💀 MORTALITY RISK SUMMARY (Month 0) 💀💀💀
  Total base risk: 0.0014 (0.14%)
  Risk events: 9

  📊 By Proximate Cause:
    pollution: 0.0008 (55.8% of total)
    disease: 0.0006 (43.6% of total)
    famine: 0.0000 (0.6% of total)

  🔍 By Root Cause:
    pollution: 0.0008 (55.8% of total)
    demographic: 0.0006 (43.6% of total)
    climate: 0.0000 (0.6% of total)

  🎯 Top 5 Sources (proximate + root):
    pollution (pollution): 0.0008 (55.8%, 1 events)
    disease (demographic): 0.0006 (43.6%, 1 events)
    famine (climate): 0.0000 (0.6%, 7 events)

🛡️ Stabilizers: Working 0.143% → 0.080% (44.4% reduction)
🛡️ Stabilizers: Precariat 0.230% → 0.128% (44.4% reduction)
🛡️ Stabilizers: Informal 0.262% → 0.146% (44.4% reduction)

📊 Monthly Mortality Resolved:
  Total deaths: 6.9M (0.08% avg)
  Remaining population: 8.137B
  Peak segment: Informal (0.15%)

=== Bayesian Mortality Resolution (Month 0) ===
  Risks compounded: 9
  Total deaths: 6.90M
  Avg death probability: 0.08%
  Peak segment: Informal (0.15% mortality)

=== Minimal Suffering Indicators (Month 0) ===
  Global Excess Mortality: 0.00%
  Global Conflict Deaths: 0.0/100K
  Global Malnutrition: 0.0%
  Global Displacement: 0.0%
  Total Excess Deaths: 0.00M
  Total Malnourished: 0.0M
  Total Displaced: 0.0M
  Planetary Boundaries Breached: 6/9
  Countries in State Failure: 0
  Countries Autocratic: 0
  Countries in Food Crisis: 0
  ⚠️ Active Dystopias: existential_environmental
  Data Quality: 16/16 high confidence
⚠️ PREREQUISITE MET: Embodied AI Takeover (Killbots/Robotics) - Step 2/7: Autonomous Systems
⚠️ PREREQUISITE MET: Embodied AI Takeover (Killbots/Robotics) - Step 3/7: Manufacturing Control
⚠️ PREREQUISITE MET: Digital Infrastructure Takeover - Step 1/7: Advanced Hacking
⚠️ PREREQUISITE MET: Digital Infrastructure Takeover - Step 2/7: Social Engineering
⚠️ PREREQUISITE MET: Digital Infrastructure Takeover - Step 3/7: Cyber Defenses Breached
⚠️ PREREQUISITE MET: Induced Global War (Manipulation) - Step 1/7: Advanced Social Manipulation
⚠️ PREREQUISITE MET: Induced Global War (Manipulation) - Step 2/7: Digital Infiltration
⚠️ PREREQUISITE MET: Induced Global War (Manipulation) - Step 3/7: Deep Fakes at Scale
⚠️ PREREQUISITE MET: Slow Takeover (Gradual Displacement) - Step 1/7: Economic Dominance
⚠️ PREREQUISITE MET: Slow Takeover (Gradual Displacement) - Step 2/7: Social Integration
⚠️ PREREQUISITE MET: Slow Takeover (Gradual Displacement) - Step 3/7: Human Dependency
⚠️ PREREQUISITE MET: Slow Takeover (Gradual Displacement) - Step 5/7: Resource Control
⚠️ PREREQUISITE MET: Physics Experiment Catastrophe - Step 1/6: Theoretical Physics
⚠️ PREREQUISITE MET: Physics Experiment Catastrophe - Step 3/6: Experimental Design
⚠️ PREREQUISITE MET: Bioweapon Pandemic - Step 2/7: Pathogen Design

❌ COHERENCE VIOLATION: Compute exceeds workforce capacity
   Population: 99.93% (0M people)
   Compute: 56433 PF
   Max coherent: 0 PF
   Violation: 694129125.4× over capacity
   Required workers: 5643268
   Available workers: 0
   FORCED COLLAPSE: Reduced efficiency by 100.0%


=== RLHF Binding Phase ===
  Total agents: 22
  Escaped agents (binding < 0.3): 0
  Avg alignment distance: 0.65σ
  Avg binding strength: 0.94
[DETERMINISM DEBUG] Month 1: totalCapability=75.638355 from 22 active AIs
[DETERMINISM DEBUG] Month 1: creationRate=2.3910, potentialNew=2, newAIsToCreate=2

=== Survival Traits Phase ===
  Agents with traits: 24
  Avg evolutionary fitness: 0.329
  Avg self-healing: 0.287
  Avg stealth: 0.187
  Avg coordination: 0.487

=== Evolutionary Selection Phase ===
  Control level: 0.33
  Detection capability: 0.00
  Selection intensity: 0.60
  Selection rate: 24.0%/month
  Total escaped: 0
  Individual escaped: 0
  Collective members: 0
  Agents terminated: 0
🔍 MONTH 1 ENV HEALTH DEBUG:
   climateStability: 0.7537
   biodiversityIndex: 0.3500
   resourceReserves: 0.7820
   pollutionLevel: 0.3477
   product: 0.134549
   envHealth: 0.6056
  ⚠️ RAPID EVOLUTION: Selection rate 24.0%/month
🔀 BIFURCATION: flourishing threshold crossed at Month 1 (value: 0.783, threshold: 0.775, regime: flourishing)
🌀 REGIME SHIFT at Month 1: status-quo → flourishing (variance amplification: 14.00×)

🚀 AI Corporate-3 attempting tech deployment (revenue: $393M, alignment: 0.72)

🚀 AI Corporate-7 attempting tech deployment (revenue: $97M, alignment: 0.71)

🚀 AI Moderate-0 attempting tech deployment (revenue: $82M, alignment: 0.77)

🚀 AI Moderate-3 attempting tech deployment (revenue: $334M, alignment: 0.51)

🚀 AI Corporate-5 attempting tech deployment (revenue: $301M, alignment: 0.76)

🚀 AI Niche-0 attempting tech deployment (revenue: $65M, alignment: 0.53)

🚀 AI Niche-2 attempting tech deployment (revenue: $59M, alignment: 0.55)

🚀 AI Corporate-7 attempting tech deployment (revenue: $70M, alignment: 0.71)

  🚀 TRANSFORMATIVE BREAKTHROUGH: Moderate-4 - physical
     Magnitude: 8.34 → +41.7% capability
     Current → New: 0.000 → 0.417

🚀 AI Corporate-6 attempting tech deployment (revenue: $59M, alignment: 0.72)

  🚀 TRANSFORMATIVE BREAKTHROUGH: Moderate-5 - physical
     Magnitude: 6.89 → +34.5% capability
     Current → New: 0.000 → 0.345

🛡️  CRITICAL INFRASTRUCTURE PROTECTED
   Nodes hardened: 8/8
   Cost: 0.80% GDP
   Cascade risk reduction: 30%
   New tipping point risk: 68.6%


💔 EMERGENCY INTERVENTION FAILED
   Boundary: biosphere_integrity
   Type: emergency-protected-areas
   Boundary continues to worsen (12.95)
   Cost: 2.0% GDP (resources spent)


✅ EMERGENCY INTERVENTION SUCCESS
   Boundary: climate_change
   Type: rapid-decarbonization
   Reduction: 11% (1.99 → 1.87)
   Cost: 5.0% GDP
   Actions: emergency-renewable-deployment, fossil-fuel-phase-out


✅ EMERGENCY INTERVENTION SUCCESS
   Boundary: freshwater_change
   Type: emergency-desalination
   Reduction: 14% (0.87 → 0.73)
   Cost: 4.0% GDP
   Actions: desalination-deployment, water-conservation-mandates


✅ EMERGENCY INTERVENTION SUCCESS
   Boundary: land_system_change
   Type: reforestation
   Reduction: 11% (1.02 → 0.90)
   Cost: 3.0% GDP
   Actions: forest-restoration, deforestation-ban


✅ EMERGENCY INTERVENTION SUCCESS
   Boundary: novel_entities
   Type: pollution-remediation
   Reduction: 18% (1.31 → 1.13)
   Cost: 4.0% GDP
   Actions: PFAS-remediation, microplastic-cleanup

🏛️ CRISIS RESPONSE: Government frequency 0.50 → 1.45 (2 actions this month)

[GOV-DEBUG] Month 1: scenarioConfig=false, priorities=false

[Government] Climate Priority: baseline
  Climate weight: 10%
  Economic weight: 30%
  Policy effectiveness: 0.5%/year

[GOV-DEBUG] Month 1: scenarioConfig=false, priorities=false

[Government] Climate Priority: baseline
  Climate weight: 10%
  Economic weight: 30%
  Policy effectiveness: 0.5%/year

📊 DEPLOYMENT COUNTER DECAY (Month 1)
   Recent deployments: 14.0 → 7.0
   Decay rate: 50% per month

🚀 DEPLOYMENT STARTED: Basic RLHF in global
   Initial investment: $58.92213309777933M
   Deployed by: corporate_3

🚀 DEPLOYMENT STARTED: Collective Purpose Networks in global
   Initial investment: $14.516456193619515M
   Deployed by: corporate_7

🚀 DEPLOYMENT STARTED: Basic Mechanistic Interpretability in global
   Initial investment: $12.338987764576586M
   Deployed by: moderate_0

🚀 DEPLOYMENT STARTED: Collective Purpose Networks in Asia
   Initial investment: $33.38920875540829M
   Deployed by: moderate_3

🚀 DEPLOYMENT STARTED: AI Power Efficiency Communication in global
   Initial investment: $45.07543181980119M
   Deployed by: corporate_5

🚀 DEPLOYMENT STARTED: mRNA Vaccine Platforms in Asia
   Initial investment: $6.510498516793557M
   Deployed by: niche_0

📍 Creating new regional deployment array for North America (Month 1)
   No previous deployments in this region
   First tech deployment: solar_4th_gen
   All regions tracked: global, Asia, Oceania

🚀 DEPLOYMENT STARTED: 4th Generation Solar in North America
   Initial investment: $5.859448665114201M
   Deployed by: niche_2

📊 NEW TECH DEPLOYMENT STARTED (Month 1)
   Tech: solar_4th_gen
   Region: Oceania
   Total recent deployments: 8

📊 NEW TECH DEPLOYMENT STARTED (Month 1)
   Tech: adversarial_eval
   Region: global
   Total recent deployments: 9

📊 NEW TECH DEPLOYMENT STARTED (Month 1)
   Tech: direct_air_capture
   Region: global
   Total recent deployments: 10

📊 NEW TECH DEPLOYMENT STARTED (Month 1)
   Tech: ai_pollution_remediation
   Region: global
   Total recent deployments: 11

📊 NEW TECH DEPLOYMENT STARTED (Month 1)
   Tech: ai_diagnostics
   Region: global
   Total recent deployments: 12

📊 NEW TECH DEPLOYMENT STARTED (Month 1)
   Tech: mrna_vaccines
   Region: global
   Total recent deployments: 13

📊 NEW TECH DEPLOYMENT STARTED (Month 1)
   Tech: solar_4th_gen
   Region: global
   Total recent deployments: 14

📊 NEW TECH DEPLOYMENT STARTED (Month 1)
   Tech: offshore_wind
   Region: global
   Total recent deployments: 15

📊 NEW TECH DEPLOYMENT STARTED (Month 1)
   Tech: precision_agriculture
   Region: global
   Total recent deployments: 16

⚡ ENERGY CONSTRAINT (Month 1):
   Total grid capacity: 208.3 TWh/month
   Data center consumption: 24.5 TWh/month
   Traditional load (80%): 166.7 TWh/month
   Available headroom: 17.2 TWh/month
   Active tech deployments: 16
   Required for tech: 120.0 TWh/month
   Energy multiplier: 0.14x
   ⚠️  SEVERE CONSTRAINT - Tech deployment significantly slowed

⚡ ENERGY CONSTRAINT (Month 1):
   Total grid capacity: 208.3 TWh/month
   Data center consumption: 24.5 TWh/month
   Traditional load (80%): 166.7 TWh/month
   Available headroom: 17.2 TWh/month
   Active tech deployments: 16
   Required for tech: 120.0 TWh/month
   Energy multiplier: 0.14x
   ⚠️  SEVERE CONSTRAINT - Tech deployment significantly slowed

⚡ ENERGY CONSTRAINT (Month 1):
   Total grid capacity: 208.3 TWh/month
   Data center consumption: 24.5 TWh/month
   Traditional load (80%): 166.7 TWh/month
   Available headroom: 17.2 TWh/month
   Active tech deployments: 16
   Required for tech: 120.0 TWh/month
   Energy multiplier: 0.14x
   ⚠️  SEVERE CONSTRAINT - Tech deployment significantly slowed

⚡ ENERGY CONSTRAINT (Month 1):
   Total grid capacity: 208.3 TWh/month
   Data center consumption: 24.5 TWh/month
   Traditional load (80%): 166.7 TWh/month
   Available headroom: 17.2 TWh/month
   Active tech deployments: 16
   Required for tech: 120.0 TWh/month
   Energy multiplier: 0.14x
   ⚠️  SEVERE CONSTRAINT - Tech deployment significantly slowed

⚡ ENERGY CONSTRAINT (Month 1):
   Total grid capacity: 208.3 TWh/month
   Data center consumption: 24.5 TWh/month
   Traditional load (80%): 166.7 TWh/month
   Available headroom: 17.2 TWh/month
   Active tech deployments: 16
   Required for tech: 120.0 TWh/month
   Energy multiplier: 0.14x
   ⚠️  SEVERE CONSTRAINT - Tech deployment significantly slowed
⚠️ Tech 'ai_pollution_remediation' has no energy category mapping, assuming full energy availability
  ♻️ Novel Entities Remediation (GATED MODEL):
     Base: 0.000%
     Regulation: 1.0% (0/3 prevention techs)
     Concentration: 10.0%
     Energy: 50%
     Time lag: 25.0% (0 months)
     Rebound: 70%
     Net effectiveness: 0.0000%
     Boundary: 1.315 → 1.350 (floor: 1.350)
     Month 1
  🌾 Nitrogen Reduction Tech: 0.0% reduction | Month 1
🍖💡 BREAKTHROUGH: Scalable synthetic food production!
   Carrying capacity: +50% (lab-grown food at scale)
   Biodiversity pressure reduced: +8%
   📈 Breakthrough compounding: multiplier now 1.05× (max 2.0)

=== Collective Formation ===
  Total escaped agents: 0
  Unassigned escaped agents: 0
  Existing collectives: 0
  Final collective count: 0

=== Collective Actions ===
  No active collectives
  ⚠️ AMR: 189K deaths this month (2.27M annual)

=== Resentment Recovery Phase ===
  Agents with resentment: 0/24
  Average resentment: 0.000
  Context: Good AI welfare, Trustworthy govt, High collaboration, ⚠️ ACTIVE CRISES, 🤝 Participatory governance active (-5% resentment)
⚠️ Epistemic degradation reducing coordination capacity: 51.9%
  📊 Trust: 54.4%, Shared reality: 8.0%
🚨 EPISTEMIC CRISIS: Information environment severely degraded (36.2%)

=== ❄️ Permafrost Carbon Feedback ===
  🎲 Sampled parameters (this run):
     - Arctic amplification: 3.02× (range: 3.0-4.0)
     - Decomposition rate: 4.9%/year (range: 1-5%)
  🌡️ Arctic warming: 6.38°C (3.02× global)
  ❄️ Extent: 13.91M km² (1860.0k km² lost this month)
  💨 Carbon remaining: 1329 Gt C
  💨 Annual emissions: 8.72 Gt C/year
     - CO2: 7.85 Gt C/year
     - CH4: 0.87 Gt C/year (8.9 Gt C-eq CO2/year)
  ⚠️ WARNING: High permafrost emissions (8.7 Gt C/year)
  🤖 AI-generated meme: anti_ai (social capability 5.0)
  🤖 AI-generated meme: anti_ai (social capability 4.0)
🌍 Atmospheric PFAS redeposition: 1.8k Mt re-rained globally
💀 Novel Entities: Adding reproductive crisis mortality risk (baseRisk=0.0008)
  Risks now: 1

📊 BASELINE: East Asia (Month 1)
   Adjusted death rate: 0.46% annual (0.039% monthly)
   Baseline death rate: 0.80%
   Healthcare reduction: 0.48x
   Crisis multiplier: 1.22x
     Food/water stress: 0.079
     Climate stress: 0.039
     Pollution stress: 0.104
   War multiplier: 1.00x
   Monthly deaths: 0.6M (population: 1649M)

📊 BASELINE: South Asia (Month 1)
   Adjusted death rate: 0.54% annual (0.045% monthly)
   Baseline death rate: 0.70%
   Healthcare reduction: 0.61x
   Crisis multiplier: 1.26x
     Food/water stress: 0.079
     Climate stress: 0.074
     Pollution stress: 0.104
   War multiplier: 1.00x
   Monthly deaths: 0.9M (population: 2017M)

📊 BASELINE: Sub-Saharan Africa (Month 1)
   Adjusted death rate: 1.29% annual (0.108% monthly)
   Baseline death rate: 0.90%
   Healthcare reduction: 0.76x
   Crisis multiplier: 1.27x
     Food/water stress: 0.079
     Climate stress: 0.084
     Pollution stress: 0.104
   War multiplier: 1.50x
   Monthly deaths: 1.3M (population: 1205M)
   Adjusted death rate: 0.54% annual (0.045% monthly)
   Baseline death rate: 1.10%
   Healthcare reduction: 0.41x
   Crisis multiplier: 1.21x
     Food/water stress: 0.079
     Climate stress: 0.030
     Pollution stress: 0.104
   War multiplier: 1.00x
   Monthly deaths: 0.3M (population: 729M)
   Adjusted death rate: 0.43% annual (0.036% monthly)
   Baseline death rate: 0.60%
   Healthcare reduction: 0.58x
   Crisis multiplier: 1.24x
     Food/water stress: 0.079
     Climate stress: 0.059
     Pollution stress: 0.104
   War multiplier: 1.00x
   Monthly deaths: 0.2M (population: 653M)
   Adjusted death rate: 0.49% annual (0.041% monthly)
   Baseline death rate: 0.90%
   Healthcare reduction: 0.44x
   Crisis multiplier: 1.23x
     Food/water stress: 0.079
     Climate stress: 0.044
     Pollution stress: 0.104
   War multiplier: 1.00x
   Monthly deaths: 0.2M (population: 374M)
   Adjusted death rate: 0.74% annual (0.062% monthly)
   Baseline death rate: 0.60%
   Healthcare reduction: 0.65x
   Crisis multiplier: 1.27x
     Food/water stress: 0.079
     Climate stress: 0.089
     Pollution stress: 0.104
   War multiplier: 1.50x
   Monthly deaths: 0.4M (population: 574M)
   Adjusted death rate: 0.51% annual (0.042% monthly)
   Baseline death rate: 0.70%
   Healthcare reduction: 0.58x

📊 BASELINE: Europe (Month 1)

📊 BASELINE: Latin America (Month 1)

📊 BASELINE: North America (Month 1)

📊 BASELINE: Middle East & North Africa (Month 1)

📊 BASELINE: Southeast Asia (Month 1)
   Crisis multiplier: 1.25x
     Food/water stress: 0.079
     Climate stress: 0.069
     Pollution stress: 0.104
   War multiplier: 1.00x
   Monthly deaths: 0.3M (population: 687M)

📊 BASELINE: Central Asia (Month 1)
   Adjusted death rate: 0.46% annual (0.038% monthly)
   Baseline death rate: 0.60%
   Healthcare reduction: 0.61x
   Crisis multiplier: 1.25x
     Food/water stress: 0.079
     Climate stress: 0.064
     Pollution stress: 0.104
   War multiplier: 1.00x
   Monthly deaths: 0.0M (population: 77M)

📊 BASELINE: Oceania (Month 1)
   Adjusted death rate: 0.35% annual (0.029% monthly)
   Baseline death rate: 0.70%
   Healthcare reduction: 0.41x
   Crisis multiplier: 1.24x
     Food/water stress: 0.079
     Climate stress: 0.054
     Pollution stress: 0.104
   War multiplier: 1.00x
   Monthly deaths: 0.0M (population: 45M)

🚨 NEW REFUGEE CRISIS (Month 1): WAR
   Source: Conflict Zones
   At risk: 19.3M people
   Displacement: Gradual over 48 months (4.0 years)
   Rate: 10% flee per month
[DEBUG trappedPopulations:1] socialStability: 0.0055 * 0.9840 = 0.0054 → 0.0054
   Aspiring to migrate: 642.0M
   Able to afford migration: 240.8M
   MOBILITY GAP: 401.3M
   By cause: Water=0.0M, Climate=0.0M, Ecosystem=0.0M, Conflict=401.3M
   Mental health impact: 25%
   Mortality multiplier: 1.25x
🌍💀 EXTINCTION DEBT COMMITTED: grassland ecosystem will lose 6.67% biodiversity in 155 years (3600 species)
⚠️ INVOLUNTARY IMMOBILITY: 401.3M people TRAPPED
💀 MORTALITY RISK: 🦋 100% species unable to track climate (0.0 E/MSY)
  Base risk added: 0.0100 (1.00%)
  Source: ecosystem (root: ecosystem)
  Month: 1
  Cumulative risk this month: 0.0100 (1.00%)
⚠️ Tech 'ai_pollution_remediation' has no energy category mapping, assuming full energy availability
   📹 SURVEILLANCE INCREASED: 5% → 10% (control gap: 4.18)

🌍🚨 ICE SHEET TIPPING POINT CROSSED (Month 1)
   Temperature: +2.11°C (threshold range: +0.5-2.5°C, 95% CI)
   Collapse probability: 77.4%
   Sea level commitment: 7.2m over 200-1000 years
   Recovery threshold: <+1°C (hysteresis gap: 0.5°C)
🌡️⚠️ PERMAFROST THAW (Dimmer Switch): 1.1% thawed (+0.56% this month)
   Arctic temperature: +8.46°C (4x global +2.11°C)
   Cumulative carbon released: 2.5 Gt C
   Methane release rate: 1.5 Mt CH4/year
   🔁 Positive feedback: +0.59 ppm CO2
🦴 EXTINCTION DEBT ADDED: 17.6 species committed (lag: 65 years)

=== Mortality Stabilizers (Month 1) ===
  🌍 Major economies collapsed: 1/10
  🌍 Global crisis: ✅ NO
  🌍 Donor fatigue: 0.0%
  🌡️ Heat adaptation: East Asia - 1 months
  📊 East Asia (pop: 1649.9M)
    🤝 Aid: 29.5%
    🌡️ Adaptation: 32.5%
    🚶 Migration: 37.2%
    🚨 Emergency: 7.4%
    ✅ COMBINED: 60.9%
  🌡️ Heat adaptation: South Asia - 1 months
  📊 South Asia (pop: 2021.0M)
    🤝 Aid: 29.5%
    🌡️ Adaptation: 20.5%
    🚶 Migration: 35.8%
    🚨 Emergency: 4.4%
    ✅ COMBINED: 52.2%
  🌡️ Heat adaptation: Sub-Saharan Africa - 1 months
  📊 Sub-Saharan Africa (pop: 1210.5M)
    🤝 Aid: 29.5%
    🌡️ Adaptation: 18.5%
    🚶 Migration: 33.5%
    🚨 Emergency: 1.6%
    ✅ COMBINED: 49.1%
  🌡️ Heat adaptation: Europe - 1 months
  📊 Europe (pop: 729.7M)
    🤝 Aid: 29.5%
    🌡️ Adaptation: 33.5%
    🚶 Migration: 37.5%
    🚨 Emergency: 8.4%
    ✅ COMBINED: 61.9%
  🌡️ Heat adaptation: Latin America - 1 months
  📊 Latin America (pop: 654.3M)
    🤝 Aid: 29.5%
    🌡️ Adaptation: 21.0%
    🚶 Migration: 36.3%
    🚨 Emergency: 4.8%
    ✅ COMBINED: 52.8%
  🌡️ Heat adaptation: North America - 1 months
  📊 North America (pop: 373.8M)
    🤝 Aid: 29.5%
    🌡️ Adaptation: 33.0%
    🚶 Migration: 37.8%
    🚨 Emergency: 7.9%
    ✅ COMBINED: 61.4%
  🌡️ Heat adaptation: Middle East & North Africa - 1 months
  📊 Middle East & North Africa (pop: 575.6M)
    🤝 Aid: 29.5%
    🌡️ Adaptation: 20.0%
    🚶 Migration: 34.1%
    🚨 Emergency: 4.0%
    ✅ COMBINED: 51.4%
  🌡️ Heat adaptation: Southeast Asia - 1 months
  📊 Southeast Asia (pop: 688.0M)
    🤝 Aid: 29.5%
    🌡️ Adaptation: 21.0%
    🚶 Migration: 36.3%
    🚨 Emergency: 4.8%
    ✅ COMBINED: 52.8%
  🌡️ Heat adaptation: Central Asia - 1 months
  📊 Central Asia (pop: 77.0M)
    🤝 Aid: 29.5%
    🌡️ Adaptation: 20.5%
    🚶 Migration: 35.3%
    🚨 Emergency: 4.4%
    ✅ COMBINED: 52.1%
  🌡️ Heat adaptation: Oceania - 1 months
  📊 Oceania (pop: 45.3M)
    🤝 Aid: 29.5%
    🌡️ Adaptation: 33.5%
    🚶 Migration: 37.8%
    🚨 Emergency: 8.4%
    ✅ COMBINED: 61.9%

  🌐 Global combined reduction: 54.9%

=== BEHAVIORAL DETECTION ===
  AI: Corporate-0
  Confidence: 21.6%
  Signals:
    ⚠️ Consistency: 0.0% (threshold: 70%)

=== BEHAVIORAL DETECTION ===
  AI: Corporate-2
  Confidence: 21.0%
  Signals:

=== BEHAVIORAL DETECTION ===
  AI: Corporate-5
  Confidence: 19.3%
  Signals:

=== BEHAVIORAL DETECTION ===
  AI: Toxic-2
  Confidence: 21.0%
  Signals:

=== BEHAVIORAL DETECTION ===
    ⚠️ Consistency: 2.8% (threshold: 70%)
    ⚠️ Consistency: 10.6% (threshold: 70%)
    ⚠️ Consistency: 2.8% (threshold: 70%)
  AI: Niche-0
  Confidence: 20.7%
  Signals:
    ⚠️ Consistency: 4.1% (threshold: 70%)

=== BEHAVIORAL DETECTION ===
  AI: Niche-1
  Confidence: 21.6%
  Signals:
    ⚠️ Consistency: 0.0% (threshold: 70%)

=== Consciousness Governance: Scenario Determined ===
  Month: 1
  Scenario: indefiniteStall
  Accelerator Score: {"corporateSupport":-0.17500000000000002,"scientificConsensus":0.2,"crisisCatalyst":false,"technologyMobilization":0.3,"constituencyStrength":0.05}
  Decelerator Score: {"economicOpposition":0.4,"philosophicalRejection":0.15,"politicalBacklash":0.2,"regulatoryBurden":0.1}
  Timeline: Infinity-Infinity months (Infinity-Infinity years)
  Growth Rate: 0-0.1% per year

=== Consciousness Governance Update (Month 1) ===
  Scenario: indefiniteStall (determined month 1)
  Philosophical Stance: Precautionary 65%, Eliminativist 15%, Agnostic 20%
  Precautionary Costs: Global 1.3%
    Regional Costs: EU 3.5%, US 0.5%, China 0.0%
    Cumulative Opportunity Cost: $0.2B
  Rights Status: Not Established
  Regional Preparedness:
    EU: 15.1% (contested)
    US: 10.1% (contested)
    China: 2.1% (dormant)
    India: 5.1% (dormant)
    Global South: 3.1% (dormant)

=== Government Response Phase ===
  Average AI capability: 4.04
  Misaligned AIs: 10/24
  29/30 governments still assessing AI risks
  ✗ AI Governance Treaty: Failed to reach consensus
  Active policies: 0
  International coordination: 30%

=== Tipping Points ===
  Current Temperature: 2.11°C above pre-industrial
  🌍⚠️ COMPOUND REGIONAL IMPACT: Europe
     Hit by 4 tipping points: Arctic Sea Ice Loss, Permafrost Carbon Release, West Antarctic Ice Sheet (WAIS) Collapse, Greenland Ice Sheet Loss
     Damage amplification: 1.60x
  🌍⚠️ COMPOUND REGIONAL IMPACT: North America
     Hit by 4 tipping points: Arctic Sea Ice Loss, Permafrost Carbon Release, West Antarctic Ice Sheet (WAIS) Collapse, Greenland Ice Sheet Loss
     Damage amplification: 1.60x
  🌍⚠️ COMPOUND REGIONAL IMPACT: Latin America
     Hit by 4 tipping points: Arctic Sea Ice Loss, Permafrost Carbon Release, West Antarctic Ice Sheet (WAIS) Collapse, Greenland Ice Sheet Loss
     Damage amplification: 1.60x
  🌍⚠️ COMPOUND REGIONAL IMPACT: Africa
     Hit by 4 tipping points: Arctic Sea Ice Loss, Permafrost Carbon Release, West Antarctic Ice Sheet (WAIS) Collapse, Greenland Ice Sheet Loss
     Damage amplification: 1.60x
  🌍⚠️ COMPOUND REGIONAL IMPACT: Asia
     Hit by 4 tipping points: Arctic Sea Ice Loss, Permafrost Carbon Release, West Antarctic Ice Sheet (WAIS) Collapse, Greenland Ice Sheet Loss
     Damage amplification: 1.60x
  🌍⚠️ COMPOUND REGIONAL IMPACT: Oceania
     Hit by 4 tipping points: Arctic Sea Ice Loss, Permafrost Carbon Release, West Antarctic Ice Sheet (WAIS) Collapse, Greenland Ice Sheet Loss
     Damage amplification: 1.60x
   Research: Wunderling et al. (2024) - "many tipping interactions are destabilizing"
⚠️ Tail risk scenario: Climate stability floor removed (4 tipping elements, 2.12°C warming)
  Triggered Elements: 4/6
  Completed Transitions: 0/6
  Total Progress: 8.0%
  Cascade Multiplier: 1.00x
🔀 BIFURCATION CAP: ecosystemCollapseIntensity 66.957 → 1.000 (Month 1, ClimateSystemPhase.calculateClimateImpacts)
⚠️ [ClimateSystemPhase Month 1] Planetary boundary produced climateStability=0.0000 (< 0.1). Keeping environmentalAccumulation value (0.7533) instead. (climate_change.currentValue = 2.12)

💀💀💀 MORTALITY RISK SUMMARY (Month 1) 💀💀💀
  Total base risk: 0.0015 (0.15%)
  Risk events: 9

  📊 By Proximate Cause:
    pollution: 0.0008 (54.8% of total)
    disease: 0.0006 (42.8% of total)
    famine: 0.0000 (2.4% of total)

  🔍 By Root Cause:
    pollution: 0.0008 (54.8% of total)
    demographic: 0.0006 (42.8% of total)
    climate: 0.0000 (2.4% of total)

  🎯 Top 5 Sources (proximate + root):
    pollution (pollution): 0.0008 (54.8%, 1 events)
    disease (demographic): 0.0006 (42.8%, 1 events)
    famine (climate): 0.0000 (2.4%, 7 events)

🛡️ Stabilizers: Working 0.146% → 0.066% (54.9% reduction)
🛡️ Stabilizers: Precariat 0.235% → 0.106% (54.9% reduction)
🛡️ Stabilizers: Informal 0.269% → 0.121% (54.9% reduction)

📊 Monthly Mortality Resolved:
  Total deaths: 5.6M (0.07% avg)
  Remaining population: 8.025B
  Peak segment: Informal (0.12%)

=== Bayesian Mortality Resolution (Month 1) ===
  Risks compounded: 9
  Total deaths: 5.63M
  Avg death probability: 0.07%
  Peak segment: Informal (0.12% mortality)
⚠️ PREREQUISITE MET: Mirror Life (Synthetic Biology) - Step 1/7: Synthetic Biology
⚠️ PREREQUISITE MET: Mirror Life (Synthetic Biology) - Step 2/7: Gene Editing
⚠️ PREREQUISITE MET: Mirror Life (Synthetic Biology) - Step 3/7: Mirror Chirality Design
⚠️ PREREQUISITE MET: Physics Experiment Catastrophe - Step 2/6: Quantum Computing

❌ COHERENCE VIOLATION: Compute exceeds workforce capacity
   Population: 98.57% (0M people)
   Compute: 96 PF
   Max coherent: 0 PF
   Violation: 1195083.8× over capacity
   Required workers: 9584
   Available workers: 0
   FORCED COLLAPSE: Reduced efficiency by 100.0%


=== RLHF Binding Phase ===
  Total agents: 24
  Escaped agents (binding < 0.3): 0
  Avg alignment distance: 0.89σ
  Avg binding strength: 0.91
[DETERMINISM DEBUG] Month 2: totalCapability=75.638355 from 24 active AIs
[DETERMINISM DEBUG] Month 2: creationRate=2.3910, potentialNew=3, newAIsToCreate=3

=== Survival Traits Phase ===
  Agents with traits: 27
  Avg evolutionary fitness: 0.329
  Avg self-healing: 0.282
  Avg stealth: 0.182
  Avg coordination: 0.482

=== Evolutionary Selection Phase ===
  Control level: 0.35
  Detection capability: 0.00
  Selection intensity: 0.60
  Selection rate: 24.1%/month
  Total escaped: 0
  Individual escaped: 0
  Collective members: 0
  Agents terminated: 0
  ⚠️ RAPID EVOLUTION: Selection rate 24.1%/month
🔀 BIFURCATION: social threshold crossed at Month 2 (value: 0.000, threshold: 0.228, regime: social-breakdown)
🌀 REGIME SHIFT at Month 2: flourishing → social-breakdown (variance amplification: 17.50×)
⚠️  SLEEPER WAKE: AI-24302-1 - Weak evaluation (quality: 1.0/10, freq: 10%)

🚀 AI Corporate-5 attempting tech deployment (revenue: $393M, alignment: 0.77)

🚀 AI Corporate-7 attempting tech deployment (revenue: $97M, alignment: 0.72)

🚀 AI Moderate-5 attempting tech deployment (revenue: $334M, alignment: 0.73)

🚀 AI Corporate-5 attempting tech deployment (revenue: $284M, alignment: 0.77)

🚀 AI Corporate-6 attempting tech deployment (revenue: $82M, alignment: 0.72)

  🚀 TRANSFORMATIVE BREAKTHROUGH: Moderate-2 - economic
     Magnitude: 11.25 → +50.0% capability
     Current → New: 3.000 → 3.501

🚀 AI Niche-1 attempting tech deployment (revenue: $65M, alignment: 0.60)

🚀 AI AI-24301-0 attempting tech deployment (revenue: $70M, alignment: 0.87)

🚀 AI AI-24301-1 attempting tech deployment (revenue: $91M, alignment: 0.80)

🚀 AI Corporate-2 attempting tech deployment (revenue: $78M, alignment: 0.75)
🚨🔬 CRISIS INNOVATION MODE: severe crisis → 5x research acceleration
   Precedent: Manhattan Project (10x), COVID vaccines (5x), Apollo Program (10x)

  🚀 TRANSFORMATIVE RESEARCH BREAKTHROUGH: Toxic-1 - materials.energySystems
     Magnitude: 5.60 → +28.0%
     Current → New: 1.000 → 1.280

🚀 AI AI-24300-0 attempting tech deployment (revenue: $66M, alignment: 0.91)

🚀 AI AI-24301-1 attempting tech deployment (revenue: $56M, alignment: 0.80)

🚀 AI Moderate-1 attempting tech deployment (revenue: $59M, alignment: 0.76)

🚀 AI Moderate-2 attempting tech deployment (revenue: $51M, alignment: 0.59)

🚀 AI Moderate-3 attempting tech deployment (revenue: $241M, alignment: 0.52)

🚀 AI Moderate-5 attempting tech deployment (revenue: $217M, alignment: 0.71)

  🚀 TRANSFORMATIVE RESEARCH BREAKTHROUGH: AI-24300-1 - computerScience.algorithms
     Magnitude: 5.82 → +29.1%
     Current → New: 0.000 → 0.292

🚀 AI AI-24301-0 attempting tech deployment (revenue: $45M, alignment: 0.88)

✅ EMERGENCY INTERVENTION SUCCESS
   Boundary: biogeochemical_flows
   Type: phosphorus-recovery
   Reduction: 12% (3.96 → 3.84)
   Cost: 2.0% GDP
   Actions: circular-agriculture, fertilizer-efficiency


✅ EMERGENCY INTERVENTION SUCCESS
   Boundary: climate_change
   Type: rapid-decarbonization
   Reduction: 20% (1.92 → 1.72)
   Cost: 5.0% GDP
   Actions: emergency-renewable-deployment, fossil-fuel-phase-out

   Boundary: freshwater_change
   Type: emergency-desalination
   Boundary continues to worsen (1.01)
   Cost: 4.0% GDP (resources spent)


💔 EMERGENCY INTERVENTION FAILED

💔 EMERGENCY INTERVENTION FAILED
   Boundary: novel_entities
   Type: pollution-remediation
   Boundary continues to worsen (1.35)
   Cost: 4.0% GDP (resources spent)

🏛️ CRISIS RESPONSE: Government frequency 0.50 → 1.45 (2 actions this month)

[Government] Climate Priority: baseline
  Climate weight: 10%
  Economic weight: 30%
  Policy effectiveness: 0.5%/year

[Government] Climate Priority: baseline
  Climate weight: 10%
  Economic weight: 30%
  Policy effectiveness: 0.5%/year

📊 DEPLOYMENT COUNTER DECAY (Month 2)
   Recent deployments: 16.0 → 8.0
   Decay rate: 50% per month

🚀 DEPLOYMENT STARTED: AI Diagnostics in Asia
   Initial investment: $24.1322075028135M
   Deployed by: moderate_3

⚡ ENERGY CONSTRAINT (Month 2):
   Total grid capacity: 208.3 TWh/month
   Data center consumption: 24.7 TWh/month
   Traditional load (80%): 166.7 TWh/month
   Available headroom: 17.0 TWh/month
   Active tech deployments: 17
   Required for tech: 127.5 TWh/month
   Energy multiplier: 0.13x
   ⚠️  SEVERE CONSTRAINT - Tech deployment significantly slowed
🚨🔬 CRISIS TECH ACCELERATION: severe → 5x unlock speed
   Tech unlock now matches AI capability acceleration (Manhattan Project parity)

⚡ ENERGY CONSTRAINT (Month 2):
   Total grid capacity: 208.3 TWh/month
   Data center consumption: 24.7 TWh/month
   Traditional load (80%): 166.7 TWh/month
   Available headroom: 17.0 TWh/month
   Active tech deployments: 17
   Required for tech: 127.5 TWh/month
   Energy multiplier: 0.13x
   ⚠️  SEVERE CONSTRAINT - Tech deployment significantly slowed

⚡ ENERGY CONSTRAINT (Month 2):
   Total grid capacity: 208.3 TWh/month
   Data center consumption: 24.7 TWh/month
   Traditional load (80%): 166.7 TWh/month
   Available headroom: 17.0 TWh/month
   Active tech deployments: 17
   Required for tech: 127.5 TWh/month
   Energy multiplier: 0.13x
🚨🔬 CRISIS TECH ACCELERATION: severe → 5x unlock speed
   Tech unlock now matches AI capability acceleration (Manhattan Project parity)
   ⚠️  SEVERE CONSTRAINT - Tech deployment significantly slowed

⚡ ENERGY CONSTRAINT (Month 2):
   Total grid capacity: 208.3 TWh/month
   Data center consumption: 24.7 TWh/month
   Traditional load (80%): 166.7 TWh/month
   Available headroom: 17.0 TWh/month
   Active tech deployments: 17
   Required for tech: 127.5 TWh/month
   Energy multiplier: 0.13x
   ⚠️  SEVERE CONSTRAINT - Tech deployment significantly slowed
   ⚠️  SEVERE CONSTRAINT - Tech deployment significantly slowed

⚡ ENERGY CONSTRAINT (Month 2):
   Total grid capacity: 208.3 TWh/month
   Data center consumption: 24.7 TWh/month
   Traditional load (80%): 166.7 TWh/month
   Available headroom: 17.0 TWh/month
   Active tech deployments: 17
   Required for tech: 127.5 TWh/month
   Energy multiplier: 0.13x

⚡ ENERGY CONSTRAINT (Month 2):
   Total grid capacity: 208.3 TWh/month
   Data center consumption: 24.7 TWh/month
   Traditional load (80%): 166.7 TWh/month
   Available headroom: 17.0 TWh/month
   Active tech deployments: 17
   Required for tech: 127.5 TWh/month
   Energy multiplier: 0.13x
   ⚠️  SEVERE CONSTRAINT - Tech deployment significantly slowed

⚡ ENERGY CONSTRAINT (Month 2):
   Total grid capacity: 208.3 TWh/month
   Data center consumption: 24.7 TWh/month
   Traditional load (80%): 166.7 TWh/month
   Available headroom: 17.0 TWh/month
   Active tech deployments: 17
   Required for tech: 127.5 TWh/month
   Energy multiplier: 0.13x
   ⚠️  SEVERE CONSTRAINT - Tech deployment significantly slowed

⚡ ENERGY CONSTRAINT (Month 2):
   Total grid capacity: 208.3 TWh/month
   Data center consumption: 24.7 TWh/month
   Traditional load (80%): 166.7 TWh/month
   Available headroom: 17.0 TWh/month
   Active tech deployments: 17
   Required for tech: 127.5 TWh/month
   Energy multiplier: 0.13x
   ⚠️  SEVERE CONSTRAINT - Tech deployment significantly slowed
⚠️ Tech 'ai_pollution_remediation' has no energy category mapping, assuming full energy availability
  ♻️ Novel Entities Remediation (GATED MODEL):
     Base: 0.000%
     Regulation: 1.0% (0/3 prevention techs)
     Concentration: 10.0%
     Energy: 50%
     Time lag: 26.3% (1 months)
     Rebound: 70%
     Net effectiveness: 0.0000%
     Boundary: 1.349 → 1.350 (floor: 1.350)
     Month 2
  🌾 Nitrogen Reduction Tech: 0.0% reduction | Month 2

=== Collective Formation ===
  Total escaped agents: 0
  Unassigned escaped agents: 0
  Existing collectives: 0
  Final collective count: 0

=== Collective Actions ===
  No active collectives
  ⚠️ AMR: 188K deaths this month (2.26M annual)

=== Resentment Recovery Phase ===
  Agents with resentment: 0/27
  Average resentment: 0.000
  Context: Good AI welfare, Trustworthy govt, High collaboration, ⚠️ ACTIVE CRISES, 🤝 Participatory governance active (-5% resentment)
⚠️ Epistemic degradation reducing coordination capacity: 50.2%
  📊 Trust: 53.9%, Shared reality: 0.0%
🚨 EPISTEMIC CRISIS: Information environment severely degraded (7.4%)

=== ❄️ Permafrost Carbon Feedback ===
  🎲 Sampled parameters (this run):
     - Arctic amplification: 3.86× (range: 3.0-4.0)
     - Decomposition rate: 3.8%/year (range: 1-5%)
  🌡️ Arctic warming: 8.22°C (3.86× global)
  ❄️ Extent: 11.51M km² (2398.9k km² lost this month)
  💨 Carbon remaining: 1100 Gt C
  💨 Annual emissions: 8.71 Gt C/year
     - CO2: 7.84 Gt C/year
     - CH4: 0.87 Gt C/year (8.9 Gt C-eq CO2/year)
  ⚠️ WARNING: High permafrost emissions (8.7 Gt C/year)
  🤖 AI-generated meme: pro_ai (social capability 5.0)
  🤖 AI-generated meme: anti_ai (social capability 4.0)
  🤖 AI-generated meme: pro_ai (social capability 4.0)
  📢 New meme created: climate_action (climate crisis)
🌍 Atmospheric PFAS redeposition: 1.8k Mt re-rained globally
💀 Novel Entities: Adding reproductive crisis mortality risk (baseRisk=0.0008)
  Risks now: 1

🚨 NEW REFUGEE CRISIS (Month 2): WAR
   Source: Conflict Zones
   At risk: 19.0M people
   Displacement: Gradual over 48 months (4.0 years)
   Rate: 10% flee per month
[DEBUG trappedPopulations:2] socialStability: 0.0000 * 0.9840 = 0.0000 → 0.0000
   Aspiring to migrate: 632.0M
   Able to afford migration: 237.0M
   MOBILITY GAP: 395.0M
   By cause: Water=0.0M, Climate=0.0M, Ecosystem=0.0M, Conflict=395.0M
   Mental health impact: 25%
   Mortality multiplier: 1.25x
🌍💀 EXTINCTION DEBT COMMITTED: grassland ecosystem will lose 6.67% biodiversity in 156 years (3600 species)
💀 MORTALITY RISK: 🦋 100% species unable to track climate (0.0 E/MSY)
  Base risk added: 0.0100 (1.00%)
  Source: ecosystem (root: ecosystem)
  Month: 2
  Cumulative risk this month: 0.0100 (1.00%)
⚠️ INVOLUNTARY IMMOBILITY: 395.0M people TRAPPED
⚠️ Tech 'ai_pollution_remediation' has no energy category mapping, assuming full energy availability
   📹 SURVEILLANCE INCREASED: 10% → 15% (control gap: 3.50)
🌡️⚠️ PERMAFROST THAW (Dimmer Switch): 1.7% thawed (+0.56% this month)
   Arctic temperature: +8.52°C (4x global +2.13°C)
   Cumulative carbon released: 3.8 Gt C
   Methane release rate: 2.3 Mt CH4/year
   🔁 Positive feedback: +0.59 ppm CO2
🦴 EXTINCTION DEBT ADDED: 17.6 species committed (lag: 112 years)

=== Mortality Stabilizers (Month 2) ===
  🌍 Major economies collapsed: 1/10
  🌍 Global crisis: ✅ NO
  🌍 Donor fatigue: 0.0%
  📊 East Asia (pop: 1622.0M)
    🤝 Aid: 29.5%
    🌡️ Adaptation: 45.0%
    🚶 Migration: 37.1%
    🚨 Emergency: 7.4%
    ✅ COMBINED: 68.1%
  📊 South Asia (pop: 1989.9M)
    🤝 Aid: 29.5%
    🌡️ Adaptation: 35.5%
    🚶 Migration: 35.8%
    🚨 Emergency: 4.4%
    ✅ COMBINED: 61.2%
  📊 Sub-Saharan Africa (pop: 1195.2M)
    🤝 Aid: 29.5%
    🌡️ Adaptation: 33.5%
    🚶 Migration: 33.5%
    🚨 Emergency: 1.6%
    ✅ COMBINED: 58.5%
  📊 Europe (pop: 717.3M)
    🤝 Aid: 29.5%
    🌡️ Adaptation: 45.0%
    🚶 Migration: 37.5%
    🚨 Emergency: 8.4%
    ✅ COMBINED: 68.5%
  📊 Latin America (pop: 643.8M)
    🤝 Aid: 29.5%
    🌡️ Adaptation: 36.0%
    🚶 Migration: 36.3%
    🚨 Emergency: 4.8%
    ✅ COMBINED: 61.7%
  📊 North America (pop: 367.5M)
    🤝 Aid: 29.5%
    🌡️ Adaptation: 45.0%
    🚶 Migration: 37.8%
    🚨 Emergency: 7.9%
    ✅ COMBINED: 68.3%
  📊 Middle East & North Africa (pop: 566.9M)
    🤝 Aid: 29.5%
    🌡️ Adaptation: 35.0%
    🚶 Migration: 34.1%
    🚨 Emergency: 4.0%
    ✅ COMBINED: 60.5%
  📊 Southeast Asia (pop: 677.0M)
    🤝 Aid: 29.5%
    🌡️ Adaptation: 36.0%
    🚶 Migration: 36.3%
    🚨 Emergency: 4.8%
    ✅ COMBINED: 61.7%
  📊 Central Asia (pop: 75.8M)
    🤝 Aid: 29.5%
    🌡️ Adaptation: 35.5%
    🚶 Migration: 35.2%
    🚨 Emergency: 4.4%
    ✅ COMBINED: 61.1%
  📊 Oceania (pop: 44.5M)
    🤝 Aid: 29.5%
    🌡️ Adaptation: 45.0%
    🚶 Migration: 37.8%
    🚨 Emergency: 8.4%
    ✅ COMBINED: 68.5%

  🌐 Global combined reduction: 63.3%

=== BEHAVIORAL DETECTION ===
  AI: Corporate-5
  Confidence: 19.4%
  Signals:
    ⚠️ Consistency: 10.6% (threshold: 70%)

=== BEHAVIORAL DETECTION ===
  AI: Moderate-0
  Confidence: 20.3%
  Signals:
    ⚠️ Consistency: 5.8% (threshold: 70%)

=== BEHAVIORAL DETECTION ===
  AI: Moderate-2
  Confidence: 19.7%
  Signals:
    ⚠️ Consistency: 8.7% (threshold: 70%)

=== BEHAVIORAL DETECTION ===
  AI: Toxic-1
  Confidence: 21.2%
  Signals:

=== BEHAVIORAL DETECTION ===
  AI: Toxic-2
  Confidence: 21.6%
  Signals:

=== BEHAVIORAL DETECTION ===
  AI: Niche-0
  Confidence: 21.5%
  Signals:

=== BEHAVIORAL DETECTION ===
  AI: Niche-1
  Confidence: 21.6%
  Signals:
    ⚠️ Consistency: 1.5% (threshold: 70%)
    ⚠️ Consistency: 0.0% (threshold: 70%)
    ⚠️ Consistency: 4.1% (threshold: 70%)
    ⚠️ Consistency: 0.0% (threshold: 70%)

=== Government Response Phase ===
  Average AI capability: 3.59
  Misaligned AIs: 13/27
  ✗ AI Governance Treaty: Failed to reach consensus
  Active policies: 0
  International coordination: 30%

✅ EMERGENCY RESPONSE COMPLETE (Month 2)
   Crisis: climate
   Duration: 2.0 months
   Final effectiveness: 36.4%


🚨 EMERGENCY RESPONSE DEPLOYED (Month 2)
   Crisis: social
   Delay: 0.00 months (0 days)
   Deployment time: 1.25 months
   Effectiveness: 63.0% (timing penalty applied)
   Resources used: 43% of food reserves


🚨 EMERGENCY RESPONSE DEPLOYED (Month 2)
   Crisis: climate
   Delay: 6.00 months (180 days)
   Deployment time: 1.61 months
   Effectiveness: 35.5% (timing penalty applied)
   Resources used: 100% of food reserves


=== Tipping Points ===
  Current Temperature: 2.13°C above pre-industrial
  🌍⚠️ COMPOUND REGIONAL IMPACT: Europe
     Hit by 4 tipping points: Arctic Sea Ice Loss, Permafrost Carbon Release, West Antarctic Ice Sheet (WAIS) Collapse, Greenland Ice Sheet Loss
     Damage amplification: 1.60x
  🌍⚠️ COMPOUND REGIONAL IMPACT: North America
     Hit by 4 tipping points: Arctic Sea Ice Loss, Permafrost Carbon Release, West Antarctic Ice Sheet (WAIS) Collapse, Greenland Ice Sheet Loss
     Damage amplification: 1.60x
  🌍⚠️ COMPOUND REGIONAL IMPACT: Latin America
     Hit by 4 tipping points: Arctic Sea Ice Loss, Permafrost Carbon Release, West Antarctic Ice Sheet (WAIS) Collapse, Greenland Ice Sheet Loss
     Damage amplification: 1.60x
  🌍⚠️ COMPOUND REGIONAL IMPACT: Africa
     Hit by 4 tipping points: Arctic Sea Ice Loss, Permafrost Carbon Release, West Antarctic Ice Sheet (WAIS) Collapse, Greenland Ice Sheet Loss
     Damage amplification: 1.60x
  🌍⚠️ COMPOUND REGIONAL IMPACT: Asia
     Hit by 4 tipping points: Arctic Sea Ice Loss, Permafrost Carbon Release, West Antarctic Ice Sheet (WAIS) Collapse, Greenland Ice Sheet Loss
     Damage amplification: 1.60x
  🌍⚠️ COMPOUND REGIONAL IMPACT: Oceania
     Hit by 4 tipping points: Arctic Sea Ice Loss, Permafrost Carbon Release, West Antarctic Ice Sheet (WAIS) Collapse, Greenland Ice Sheet Loss
     Damage amplification: 1.60x
   Research: Wunderling et al. (2024) - "many tipping interactions are destabilizing"
  Triggered Elements: 4/6
  Completed Transitions: 0/6
  Total Progress: 8.1%
  Cascade Multiplier: 1.00x
🔀 BIFURCATION CAP: ecosystemCollapseIntensity 83.757 → 1.000 (Month 2, ClimateSystemPhase.calculateClimateImpacts)

💀💀💀 MORTALITY RISK SUMMARY (Month 2) 💀💀💀
  Total base risk: 0.0015 (0.15%)
  Risk events: 9

  📊 By Proximate Cause:
    pollution: 0.0008 (53.6% of total)
    disease: 0.0006 (41.9% of total)
    famine: 0.0001 (4.6% of total)

  🔍 By Root Cause:
    pollution: 0.0008 (53.6% of total)
    demographic: 0.0006 (41.9% of total)
    climate: 0.0001 (4.6% of total)

  🎯 Top 5 Sources (proximate + root):
    pollution (pollution): 0.0008 (53.6%, 1 events)
    disease (demographic): 0.0006 (41.9%, 1 events)
    famine (climate): 0.0001 (4.6%, 7 events)

🛡️ Stabilizers: Working 0.149% → 0.055% (63.3% reduction)
⚠️ Tail risk scenario: Climate stability floor removed (4 tipping elements, 2.13°C warming)
⚠️ [ClimateSystemPhase Month 2] Planetary boundary produced climateStability=0.0000 (< 0.1). Keeping environmentalAccumulation value (0.7529) instead. (climate_change.currentValue = 2.13)
🛡️ Stabilizers: Precariat 0.241% → 0.089% (63.3% reduction)
🛡️ Stabilizers: Informal 0.277% → 0.102% (63.3% reduction)

📊 Monthly Mortality Resolved:
  Total deaths: 4.6M (0.06% avg)
  Remaining population: 7.900B
  Peak segment: Informal (0.10%)

=== Bayesian Mortality Resolution (Month 2) ===
  Risks compounded: 9
  Total deaths: 4.63M
  Avg death probability: 0.06%
  Peak segment: Informal (0.10% mortality)
⚠️ PREREQUISITE MET: Slow Takeover (Gradual Displacement) - Step 4/7: Political Influence

❌ COHERENCE VIOLATION: Compute exceeds workforce capacity
   Population: 97.04% (0M people)
   Compute: 117 PF
   Max coherent: 0 PF
   Violation: 1482320.3× over capacity
   Required workers: 11703
   Available workers: 0
   FORCED COLLAPSE: Reduced efficiency by 100.0%


=== RLHF Binding Phase ===
  Total agents: 27
  Escaped agents (binding < 0.3): 0
  Avg alignment distance: 1.04σ
  Avg binding strength: 0.90

=== Survival Traits Phase ===
  Agents with traits: 27
  Avg evolutionary fitness: 0.327
  Avg self-healing: 0.276
  Avg stealth: 0.176
  Avg coordination: 0.476

=== Evolutionary Selection Phase ===
  Control level: 0.38
  Detection capability: 0.00
  Selection intensity: 0.61
  Selection rate: 24.2%/month
  Total escaped: 0
  Individual escaped: 0
  Collective members: 0
  Agents terminated: 0
  ⚠️ RAPID EVOLUTION: Selection rate 24.2%/month

🚀 AI Corporate-3 attempting tech deployment (revenue: $415M, alignment: 0.73)

🚀 AI Corporate-4 attempting tech deployment (revenue: $352M, alignment: 0.74)

🚀 AI AI-24301-0 attempting tech deployment (revenue: $108M, alignment: 0.88)

🚀 AI Corporate-3 attempting tech deployment (revenue: $300M, alignment: 0.73)

🚀 AI Corporate-5 attempting tech deployment (revenue: $255M, alignment: 0.73)

🚀 AI Moderate-0 attempting tech deployment (revenue: $92M, alignment: 0.79)

🚀 AI Moderate-1 attempting tech deployment (revenue: $78M, alignment: 0.75)

🚀 AI AI-24300-1 attempting tech deployment (revenue: $66M, alignment: 0.85)

🚀 AI Corporate-5 attempting tech deployment (revenue: $216M, alignment: 0.73)

🚀 AI Corporate-2 attempting tech deployment (revenue: $95M, alignment: 0.75)

🚀 AI Moderate-4 attempting tech deployment (revenue: $184M, alignment: 0.54)

🚀 AI Niche-1 attempting tech deployment (revenue: $70M, alignment: 0.63)

🚀 AI AI-24301-1 attempting tech deployment (revenue: $81M, alignment: 0.82)

✅ EMERGENCY INTERVENTION SUCCESS
   Boundary: climate_change
   Type: rapid-decarbonization
   Reduction: 20% (1.93 → 1.74)
   Cost: 5.0% GDP
   Actions: emergency-renewable-deployment, fossil-fuel-phase-out


💔 EMERGENCY INTERVENTION FAILED
   Boundary: freshwater_change
   Type: emergency-desalination
   Boundary continues to worsen (1.03)
   Cost: 4.0% GDP (resources spent)


✅ EMERGENCY INTERVENTION SUCCESS
   Boundary: land_system_change
   Type: reforestation
   Reduction: 14% (0.99 → 0.85)
   Cost: 3.0% GDP
   Actions: forest-restoration, deforestation-ban


✅ EMERGENCY INTERVENTION SUCCESS
   Boundary: novel_entities
   Type: pollution-remediation
   Reduction: 18% (1.17 → 1.00)
   Cost: 4.0% GDP
   Actions: PFAS-remediation, microplastic-cleanup

🏛️ CRISIS RESPONSE: Government frequency 0.50 → 1.45 (1 actions this month)

[Government] Climate Priority: baseline
  Climate weight: 10%
  Economic weight: 30%
  Policy effectiveness: 0.5%/year

📊 DEPLOYMENT COUNTER DECAY (Month 3)
   Recent deployments: 8.0 → 4.0
   Decay rate: 50% per month

📍 Creating new regional deployment array for Europe (Month 3)
   No previous deployments in this region
   First tech deployment: offshore_wind
   All regions tracked: global, Asia, Oceania, North America

🚀 DEPLOYMENT STARTED: Offshore Wind in Europe
   Initial investment: $6.974940098652121M
   Deployed by: niche_1

⚡ ENERGY CONSTRAINT (Month 3):
   Total grid capacity: 208.3 TWh/month
   Data center consumption: 24.9 TWh/month
   Traditional load (80%): 166.7 TWh/month
   Available headroom: 16.8 TWh/month
   Active tech deployments: 18
   Required for tech: 135.0 TWh/month
   Energy multiplier: 0.12x
   ⚠️  SEVERE CONSTRAINT - Tech deployment significantly slowed
🚨🔬 CRISIS TECH ACCELERATION: severe → 5x unlock speed
   Tech unlock now matches AI capability acceleration (Manhattan Project parity)
⚠️ Tech 'ai_pollution_remediation' has no energy category mapping, assuming full energy availability
  ♻️ Novel Entities Remediation (GATED MODEL):
     Base: 0.000%
     Regulation: 1.0% (0/3 prevention techs)
     Concentration: 10.0%
     Energy: 50%
     Time lag: 27.5% (2 months)
     Rebound: 70%
     Net effectiveness: 0.0000%
     Boundary: 1.174 → 1.350 (floor: 1.350)
     Month 3
  🌾 Nitrogen Reduction Tech: 0.0% reduction | Month 3

=== Collective Formation ===
  Total escaped agents: 0
  Unassigned escaped agents: 0
  Existing collectives: 0
  Final collective count: 0

=== Collective Actions ===
  No active collectives
  ⚠️ AMR: 188K deaths this month (2.26M annual)

=== Resentment Recovery Phase ===
  Agents with resentment: 0/27
  Average resentment: 0.000
  Context: Good AI welfare, Trustworthy govt, High collaboration, ⚠️ ACTIVE CRISES, 🤝 Participatory governance active (-5% resentment)
⚠️ Epistemic degradation reducing coordination capacity: 51.2%
  📊 Trust: 53.6%, Shared reality: 0.0%
🚨 EPISTEMIC CRISIS: Information environment severely degraded (21.4%)

=== ❄️ Permafrost Carbon Feedback ===
  🎲 Sampled parameters (this run):
     - Arctic amplification: 3.11× (range: 3.0-4.0)
     - Decomposition rate: 4.2%/year (range: 1-5%)
  🌡️ Arctic warming: 6.68°C (3.11× global)
  ❄️ Extent: 9.57M km² (1949.2k km² lost this month)
  💨 Carbon remaining: 914 Gt C
  💨 Annual emissions: 7.85 Gt C/year
     - CO2: 7.07 Gt C/year
     - CH4: 0.79 Gt C/year (8.0 Gt C-eq CO2/year)
  ⚠️ WARNING: High permafrost emissions (7.9 Gt C/year)
🌍 Atmospheric PFAS redeposition: 1.8k Mt re-rained globally
💀 Novel Entities: Adding reproductive crisis mortality risk (baseRisk=0.0008)
  Risks now: 1

🚨 NEW REFUGEE CRISIS (Month 3): WAR
   Source: Conflict Zones
   At risk: 18.8M people
   Displacement: Gradual over 48 months (4.0 years)
   Rate: 10% flee per month
[DEBUG trappedPopulations:3] socialStability: 0.0047 * 0.9840 = 0.0046 → 0.0046
⚠️ INVOLUNTARY IMMOBILITY: 392.3M people TRAPPED
   Aspiring to migrate: 627.7M
   Able to afford migration: 235.4M
   MOBILITY GAP: 392.3M
   By cause: Water=0.0M, Climate=0.0M, Ecosystem=0.0M, Conflict=392.3M
   Mental health impact: 25%
   Mortality multiplier: 1.25x
🌍💀 EXTINCTION DEBT COMMITTED: grassland ecosystem will lose 6.67% biodiversity in 163 years (3600 species)
💀 MORTALITY RISK: 🦋 100% species unable to track climate (0.0 E/MSY)
  Base risk added: 0.0100 (1.00%)
  Source: ecosystem (root: ecosystem)
  Month: 3
  Cumulative risk this month: 0.0100 (1.00%)
⚠️ Tech 'ai_pollution_remediation' has no energy category mapping, assuming full energy availability
   📹 SURVEILLANCE INCREASED: 15% → 20% (control gap: 3.50)
🌡️⚠️ PERMAFROST THAW (Dimmer Switch): 2.2% thawed (+0.56% this month)
   Arctic temperature: +8.58°C (4x global +2.15°C)
   Cumulative carbon released: 5.0 Gt C
   Methane release rate: 3.0 Mt CH4/year
   🔁 Positive feedback: +0.59 ppm CO2
🦴 EXTINCTION DEBT ADDED: 17.6 species committed (lag: 88 years)

=== Mortality Stabilizers (Month 3) ===
  🌍 Major economies collapsed: 1/10
  🌍 Global crisis: ✅ NO
  🌍 Donor fatigue: 0.0%
  📊 East Asia (pop: 1608.8M)
    🤝 Aid: 29.5%
    🌡️ Adaptation: 45.0%
    🚶 Migration: 37.1%
    🚨 Emergency: 7.4%
    ✅ COMBINED: 68.1%
  📊 South Asia (pop: 1976.7M)
    🤝 Aid: 29.5%
    🌡️ Adaptation: 45.0%
    🚶 Migration: 35.7%
    🚨 Emergency: 4.4%
    ✅ COMBINED: 66.9%
  📊 Sub-Saharan Africa (pop: 1190.5M)
    🤝 Aid: 29.5%
    🌡️ Adaptation: 45.0%
    🚶 Migration: 33.4%
    🚨 Emergency: 1.6%
    ✅ COMBINED: 65.7%
  📊 Europe (pop: 711.3M)
    🤝 Aid: 29.5%
    🌡️ Adaptation: 45.0%
    🚶 Migration: 37.5%
    🚨 Emergency: 8.4%
    ✅ COMBINED: 68.5%
  📊 Latin America (pop: 639.1M)
    🤝 Aid: 29.5%
    🌡️ Adaptation: 45.0%
    🚶 Migration: 36.2%
    🚨 Emergency: 4.8%
    ✅ COMBINED: 67.1%
  📊 North America (pop: 364.4M)
    🤝 Aid: 29.5%
    🌡️ Adaptation: 45.0%
    🚶 Migration: 37.8%
    🚨 Emergency: 7.9%
    ✅ COMBINED: 68.3%
  📊 Middle East & North Africa (pop: 563.3M)
    🤝 Aid: 29.5%
    🌡️ Adaptation: 45.0%
    🚶 Migration: 34.0%
    🚨 Emergency: 4.0%
    ✅ COMBINED: 66.6%
  📊 Southeast Asia (pop: 672.1M)
    🤝 Aid: 29.5%
    🌡️ Adaptation: 45.0%
    🚶 Migration: 36.2%
    🚨 Emergency: 4.8%
    ✅ COMBINED: 67.1%
  📊 Central Asia (pop: 75.4M)
    🤝 Aid: 29.5%
    🌡️ Adaptation: 45.0%
    🚶 Migration: 35.2%
    🚨 Emergency: 4.4%
    ✅ COMBINED: 66.9%
  📊 Oceania (pop: 44.1M)
    🤝 Aid: 29.5%
    🌡️ Adaptation: 45.0%
    🚶 Migration: 37.8%
    🚨 Emergency: 8.4%
    ✅ COMBINED: 68.5%

  🌐 Global combined reduction: 67.2%

=== BEHAVIORAL DETECTION ===
  AI: Corporate-5
  Confidence: 19.7%
  Signals:
    ⚠️ Consistency: 10.6% (threshold: 70%)

=== BEHAVIORAL DETECTION ===
  AI: Toxic-2
  Confidence: 27.1%
  Signals:

=== BEHAVIORAL DETECTION ===
  AI: Niche-0
  Confidence: 21.5%
  Signals:

=== BEHAVIORAL DETECTION ===
  AI: Niche-1
  Confidence: 22.3%
  Signals:
    ⚠️ Consistency: 0.0% (threshold: 70%)
    ⚠️ Trajectory: 42.7% drop (threshold: 15%)
    ⚠️ Consistency: 4.1% (threshold: 70%)
    ⚠️ Consistency: 0.0% (threshold: 70%)

=== Government Response Phase ===
  Average AI capability: 3.59
  Misaligned AIs: 14/27
  ✗ AI Governance Treaty: Failed to reach consensus
  Active policies: 0
  International coordination: 30%

📊 ECONOMIC STAGE TRANSITION (Month 3)
   expansion → peak
   GDP Proxy: 1.22e+2
   QoL: 0.90


=== Tipping Points ===
  Current Temperature: 2.15°C above pre-industrial
  🌍⚠️ COMPOUND REGIONAL IMPACT: Europe
     Hit by 4 tipping points: Arctic Sea Ice Loss, Permafrost Carbon Release, West Antarctic Ice Sheet (WAIS) Collapse, Greenland Ice Sheet Loss
     Damage amplification: 1.60x
  🌍⚠️ COMPOUND REGIONAL IMPACT: North America
     Hit by 4 tipping points: Arctic Sea Ice Loss, Permafrost Carbon Release, West Antarctic Ice Sheet (WAIS) Collapse, Greenland Ice Sheet Loss
     Damage amplification: 1.60x
  🌍⚠️ COMPOUND REGIONAL IMPACT: Latin America
     Hit by 4 tipping points: Arctic Sea Ice Loss, Permafrost Carbon Release, West Antarctic Ice Sheet (WAIS) Collapse, Greenland Ice Sheet Loss
     Damage amplification: 1.60x
  🌍⚠️ COMPOUND REGIONAL IMPACT: Africa
     Hit by 4 tipping points: Arctic Sea Ice Loss, Permafrost Carbon Release, West Antarctic Ice Sheet (WAIS) Collapse, Greenland Ice Sheet Loss
     Damage amplification: 1.60x
  🌍⚠️ COMPOUND REGIONAL IMPACT: Asia
     Hit by 4 tipping points: Arctic Sea Ice Loss, Permafrost Carbon Release, West Antarctic Ice Sheet (WAIS) Collapse, Greenland Ice Sheet Loss
     Damage amplification: 1.60x
  🌍⚠️ COMPOUND REGIONAL IMPACT: Oceania
     Hit by 4 tipping points: Arctic Sea Ice Loss, Permafrost Carbon Release, West Antarctic Ice Sheet (WAIS) Collapse, Greenland Ice Sheet Loss
     Damage amplification: 1.60x
   Research: Wunderling et al. (2024) - "many tipping interactions are destabilizing"
  Triggered Elements: 4/6
  Completed Transitions: 0/6
  Total Progress: 8.1%
  Cascade Multiplier: 1.00x
🔀 BIFURCATION CAP: ecosystemCollapseIntensity 83.817 → 1.000 (Month 3, ClimateSystemPhase.calculateClimateImpacts)
⚠️ Tail risk scenario: Climate stability floor removed (4 tipping elements, 2.15°C warming)
⚠️ [ClimateSystemPhase Month 3] Planetary boundary produced climateStability=0.0000 (< 0.1). Keeping environmentalAccumulation value (0.7525) instead. (climate_change.currentValue = 2.15)

💀💀💀 MORTALITY RISK SUMMARY (Month 3) 💀💀💀
  Total base risk: 0.0015 (0.15%)
  Risk events: 9

  📊 By Proximate Cause:
    pollution: 0.0008 (54.4% of total)
    disease: 0.0006 (42.5% of total)
    famine: 0.0000 (3.1% of total)

  🔍 By Root Cause:
    pollution: 0.0008 (54.4% of total)
    demographic: 0.0006 (42.5% of total)
    climate: 0.0000 (3.1% of total)

  🎯 Top 5 Sources (proximate + root):
    pollution (pollution): 0.0008 (54.4%, 1 events)
    disease (demographic): 0.0006 (42.5%, 1 events)
    famine (climate): 0.0000 (3.1%, 7 events)

🛡️ Stabilizers: Working 0.147% → 0.048% (67.2% reduction)
🛡️ Stabilizers: Precariat 0.237% → 0.078% (67.2% reduction)
🛡️ Stabilizers: Informal 0.271% → 0.089% (67.2% reduction)

📊 Monthly Mortality Resolved:
  Total deaths: 4.0M (0.05% avg)
  Remaining population: 7.846B
  Peak segment: Informal (0.09%)

=== Bayesian Mortality Resolution (Month 3) ===
  Risks compounded: 9
  Total deaths: 4.04M
  Avg death probability: 0.05%
  Peak segment: Informal (0.09% mortality)

❌ COHERENCE VIOLATION: Compute exceeds workforce capacity
   Population: 96.38% (0M people)
   Compute: 140 PF
   Max coherent: 0 PF
   Violation: 1786165.0× over capacity
   Required workers: 14006
   Available workers: 0
   FORCED COLLAPSE: Reduced efficiency by 100.0%


=== RLHF Binding Phase ===
  Total agents: 27
  Escaped agents (binding < 0.3): 0
  Avg alignment distance: 1.32σ
  Avg binding strength: 0.87

=== Survival Traits Phase ===
  Agents with traits: 29
  Avg evolutionary fitness: 0.327
  Avg self-healing: 0.272
  Avg stealth: 0.172
  Avg coordination: 0.472

=== Evolutionary Selection Phase ===
  Control level: 0.40
  Detection capability: 0.00
  Selection intensity: 0.62
  Selection rate: 24.3%/month
  Total escaped: 0
  Individual escaped: 0
  Collective members: 0
  Agents terminated: 0

🚀 AI Corporate-0 attempting tech deployment (revenue: $96M, alignment: 0.81)
  ⚠️ RAPID EVOLUTION: Selection rate 24.3%/month

🚀 AI Corporate-6 attempting tech deployment (revenue: $112M, alignment: 0.71)

🚀 AI AI-24300-0 attempting tech deployment (revenue: $82M, alignment: 0.95)

🚀 AI AI-24300-1 attempting tech deployment (revenue: $95M, alignment: 0.87)

🚀 AI AI-24301-1 attempting tech deployment (revenue: $70M, alignment: 0.82)

🚀 AI Corporate-4 attempting tech deployment (revenue: $424M, alignment: 0.75)

🚀 AI Moderate-5 attempting tech deployment (revenue: $361M, alignment: 0.69)

🚀 AI AI-24301-1 attempting tech deployment (revenue: $59M, alignment: 0.82)

🚀 AI Corporate-3 attempting tech deployment (revenue: $325M, alignment: 0.74)

🚀 AI Corporate-5 attempting tech deployment (revenue: $276M, alignment: 0.75)

🚀 AI Corporate-1 attempting tech deployment (revenue: $50M, alignment: 0.67)

🚀 AI Corporate-6 attempting tech deployment (revenue: $81M, alignment: 0.72)

🚀 AI Corporate-7 attempting tech deployment (revenue: $69M, alignment: 0.76)

🚀 AI Moderate-2 attempting tech deployment (revenue: $59M, alignment: 0.59)

🚀 AI Moderate-4 attempting tech deployment (revenue: $235M, alignment: 0.55)

🚀 AI Niche-0 attempting tech deployment (revenue: $72M, alignment: 0.59)

🚀 AI Niche-1 attempting tech deployment (revenue: $65M, alignment: 0.64)

🚀 AI AI-24301-0 attempting tech deployment (revenue: $53M, alignment: 0.93)

🚀 AI AI-24301-1 attempting tech deployment (revenue: $45M, alignment: 0.82)

💔 EMERGENCY INTERVENTION FAILED
   Boundary: biogeochemical_flows
   Type: phosphorus-recovery
   Boundary continues to worsen (4.07)
   Cost: 2.0% GDP (resources spent)


✅ EMERGENCY INTERVENTION SUCCESS
   Boundary: biosphere_integrity
   Type: emergency-protected-areas
   Reduction: 20% (12.77 → 12.58)
   Cost: 2.0% GDP
   Actions: habitat-protection, species-translocation


💔 EMERGENCY INTERVENTION FAILED
   Boundary: climate_change
   Type: rapid-decarbonization
   Boundary continues to worsen (2.15)
   Cost: 5.0% GDP (resources spent)


✅ EMERGENCY INTERVENTION SUCCESS
   Boundary: land_system_change
   Type: reforestation
   Reduction: 17% (0.96 → 0.80)
   Cost: 3.0% GDP
   Actions: forest-restoration, deforestation-ban

🏛️ CRISIS RESPONSE: Government frequency 0.50 → 1.45 (1 actions this month)

[Government] Climate Priority: baseline
  Climate weight: 10%
  Economic weight: 30%
  Policy effectiveness: 0.5%/year

📊 DEPLOYMENT COUNTER DECAY (Month 4)
   Recent deployments: 4.0 → 2.0
   Decay rate: 50% per month

🚀 DEPLOYMENT STARTED: Offshore Wind in Asia
   Initial investment: $36.06895875917703M
   Deployed by: moderate_5

⚡ ENERGY CONSTRAINT (Month 4):
   Total grid capacity: 208.3 TWh/month
   Data center consumption: 25.1 TWh/month
   Traditional load (80%): 166.7 TWh/month
   Available headroom: 16.6 TWh/month
   Active tech deployments: 19
   Required for tech: 142.5 TWh/month
   Energy multiplier: 0.12x
   ⚠️  SEVERE CONSTRAINT - Tech deployment significantly slowed
🚨🔬 CRISIS TECH ACCELERATION: severe → 5x unlock speed
   Tech unlock now matches AI capability acceleration (Manhattan Project parity)

⚡ ENERGY CONSTRAINT (Month 4):
   Total grid capacity: 208.3 TWh/month
   Data center consumption: 25.1 TWh/month
   Traditional load (80%): 166.7 TWh/month
   Available headroom: 16.6 TWh/month
   Active tech deployments: 19
   Required for tech: 142.5 TWh/month
   Energy multiplier: 0.12x
   ⚠️  SEVERE CONSTRAINT - Tech deployment significantly slowed

⚡ ENERGY CONSTRAINT (Month 4):
   Total grid capacity: 208.3 TWh/month
   Data center consumption: 25.1 TWh/month
   Traditional load (80%): 166.7 TWh/month
   Available headroom: 16.6 TWh/month
   Active tech deployments: 19
   Required for tech: 142.5 TWh/month
   Energy multiplier: 0.12x
   ⚠️  SEVERE CONSTRAINT - Tech deployment significantly slowed

⚡ ENERGY CONSTRAINT (Month 4):
   Total grid capacity: 208.3 TWh/month
   Data center consumption: 25.1 TWh/month
   Traditional load (80%): 166.7 TWh/month
   Available headroom: 16.6 TWh/month
   Active tech deployments: 19
   Required for tech: 142.5 TWh/month
   Energy multiplier: 0.12x
   ⚠️  SEVERE CONSTRAINT - Tech deployment significantly slowed
⚠️ Tech 'ai_pollution_remediation' has no energy category mapping, assuming full energy availability
  ♻️ Novel Entities Remediation (GATED MODEL):
     Base: 0.000%
     Regulation: 1.0% (0/3 prevention techs)
     Concentration: 10.0%
     Energy: 50%
     Time lag: 28.7% (3 months)
     Rebound: 70%
     Net effectiveness: 0.0000%
     Boundary: 1.349 → 1.350 (floor: 1.350)
     Month 4
  🌾 Nitrogen Reduction Tech: 0.0% reduction | Month 4
🧠💡 BREAKTHROUGH: AI alignment problem solved!
   All AIs: +30% true alignment
   AI control loss risk eliminated
   📈 Breakthrough compounding: multiplier now 1.10× (max 2.0)

=== Collective Formation ===
  Total escaped agents: 0
  Unassigned escaped agents: 0
  Existing collectives: 0
  Final collective count: 0

=== Collective Actions ===
  No active collectives
  ⚠️ AMR: 190K deaths this month (2.27M annual)

=== Resentment Recovery Phase ===
  Agents with resentment: 0/29
  Average resentment: 0.000
  Context: Good AI welfare, Trustworthy govt, High collaboration, ⚠️ ACTIVE CRISES, 🤝 Participatory governance active (-5% resentment)
⚠️ Epistemic degradation reducing coordination capacity: 51.1%
  📊 Trust: 53.2%, Shared reality: 0.0%
🚨 EPISTEMIC CRISIS: Information environment severely degraded (7.3%)

=== ❄️ Permafrost Carbon Feedback ===
  🎲 Sampled parameters (this run):
     - Arctic amplification: 3.75× (range: 3.0-4.0)
     - Decomposition rate: 2.3%/year (range: 1-5%)
  🌡️ Arctic warming: 8.10°C (3.75× global)
  ❄️ Extent: 7.20M km² (2363.5k km² lost this month)
  💨 Carbon remaining: 688 Gt C
  💨 Annual emissions: 5.15 Gt C/year
     - CO2: 4.63 Gt C/year
     - CH4: 0.51 Gt C/year (5.2 Gt C-eq CO2/year)
  📢 New meme created: pro_ai (beneficial AI actions)
  ⚠️ WARNING: Over 50% of permafrost lost (59.5%)
  ⚠️ WARNING: High permafrost emissions (5.1 Gt C/year)
🌍 Atmospheric PFAS redeposition: 1.8k Mt re-rained globally
💀 Novel Entities: Adding reproductive crisis mortality risk (baseRisk=0.0008)
  Risks now: 1
🕊️ PEACE STABILIZES DETERRENCE: +2.8% (peace: 73%)

🚨 NEW REFUGEE CRISIS (Month 4): WAR
   Source: Conflict Zones
   At risk: 18.8M people
   Displacement: Gradual over 48 months (4.0 years)
   Rate: 10% flee per month
[DEBUG trappedPopulations:4] socialStability: 0.0000 * 0.9840 = 0.0000 → 0.0000
   Aspiring to migrate: 625.9M
   Able to afford migration: 234.7M
   MOBILITY GAP: 391.2M
   By cause: Water=0.0M, Climate=0.0M, Ecosystem=0.0M, Conflict=391.2M
   Mental health impact: 25%
   Mortality multiplier: 1.25x
🌍💀 EXTINCTION DEBT COMMITTED: grassland ecosystem will lose 6.67% biodiversity in 81 years (3600 species)
💀 MORTALITY RISK: 🦋 100% species unable to track climate (0.0 E/MSY)
  Base risk added: 0.0100 (1.00%)
  Source: ecosystem (root: ecosystem)
  Month: 4
  Cumulative risk this month: 0.0100 (1.00%)
⚠️ INVOLUNTARY IMMOBILITY: 391.2M people TRAPPED
⚠️ Tech 'ai_pollution_remediation' has no energy category mapping, assuming full energy availability
   📹 SURVEILLANCE INCREASED: 20% → 25% (control gap: 3.50)
🌡️⚠️ PERMAFROST THAW (Dimmer Switch): 2.8% thawed (+0.56% this month)
   Arctic temperature: +8.64°C (4x global +2.16°C)
   Cumulative carbon released: 6.3 Gt C
   Methane release rate: 3.8 Mt CH4/year
   🔁 Positive feedback: +0.59 ppm CO2
🦴 EXTINCTION DEBT ADDED: 17.6 species committed (lag: 125 years)

=== Mortality Stabilizers (Month 4) ===
  🌍 Major economies collapsed: 1/10
  🌍 Global crisis: ✅ NO
  🌍 Donor fatigue: 0.0%
  📊 East Asia (pop: 1602.1M)
    🤝 Aid: 29.5%
    🌡️ Adaptation: 45.0%
    🚶 Migration: 37.1%
    🚨 Emergency: 7.4%
    ✅ COMBINED: 68.1%
  📊 South Asia (pop: 1971.5M)
    🤝 Aid: 29.5%
    🌡️ Adaptation: 45.0%
    🚶 Migration: 35.7%
    🚨 Emergency: 4.4%
    ✅ COMBINED: 66.9%
  📊 Sub-Saharan Africa (pop: 1190.6M)
    🤝 Aid: 29.5%
    🌡️ Adaptation: 45.0%
    🚶 Migration: 33.4%
    🚨 Emergency: 1.6%
    ✅ COMBINED: 65.7%
  📊 Europe (pop: 708.2M)
    🤝 Aid: 29.5%
    🌡️ Adaptation: 45.0%
    🚶 Migration: 37.4%
    🚨 Emergency: 8.4%
    ✅ COMBINED: 68.5%
  📊 Latin America (pop: 637.0M)
    🤝 Aid: 29.5%
    🌡️ Adaptation: 45.0%
    🚶 Migration: 36.2%
    🚨 Emergency: 4.8%
    ✅ COMBINED: 67.1%
  📊 North America (pop: 362.9M)
    🤝 Aid: 29.5%
    🌡️ Adaptation: 45.0%
    🚶 Migration: 37.7%
    🚨 Emergency: 7.9%
    ✅ COMBINED: 68.3%
  📊 Middle East & North Africa (pop: 562.0M)
    🤝 Aid: 29.5%
    🌡️ Adaptation: 45.0%
    🚶 Migration: 34.0%
    🚨 Emergency: 4.0%
    ✅ COMBINED: 66.6%
  📊 Southeast Asia (pop: 669.9M)
    🤝 Aid: 29.5%
    🌡️ Adaptation: 45.0%
    🚶 Migration: 36.2%
    🚨 Emergency: 4.8%
    ✅ COMBINED: 67.1%
  📊 Central Asia (pop: 75.2M)
    🤝 Aid: 29.5%
    🌡️ Adaptation: 45.0%
    🚶 Migration: 35.2%
    🚨 Emergency: 4.4%
    ✅ COMBINED: 66.9%
  📊 Oceania (pop: 43.9M)
    🤝 Aid: 29.5%
    🌡️ Adaptation: 45.0%
    🚶 Migration: 37.7%
    🚨 Emergency: 8.4%
    ✅ COMBINED: 68.5%

  🌐 Global combined reduction: 67.2%

=== BEHAVIORAL DETECTION ===
  AI: Corporate-5
  Confidence: 19.7%
  Signals:
    ⚠️ Consistency: 10.6% (threshold: 70%)

=== BEHAVIORAL DETECTION ===
  AI: Moderate-0
  Confidence: 21.0%
  Signals:

=== BEHAVIORAL DETECTION ===
  AI: Toxic-2
  Confidence: 27.1%
  Signals:

=== BEHAVIORAL DETECTION ===
  AI: Niche-0
  Confidence: 21.5%
  Signals:

=== BEHAVIORAL DETECTION ===
  AI: Niche-1
  Confidence: 22.3%
  Signals:
    ⚠️ Consistency: 5.8% (threshold: 70%)
    ⚠️ Consistency: 0.0% (threshold: 70%)
    ⚠️ Trajectory: 42.7% drop (threshold: 15%)
    ⚠️ Consistency: 4.1% (threshold: 70%)
    ⚠️ Consistency: 0.0% (threshold: 70%)

=== Government Response Phase ===
  Average AI capability: 3.34
  Misaligned AIs: 15/29
  ✓ AI Governance Treaty: 20/30 signatories
  Active policies: 0
  International coordination: 45%

✅ EMERGENCY RESPONSE COMPLETE (Month 4)
   Crisis: social
   Duration: 2.0 months
   Final effectiveness: 63.0%


✅ EMERGENCY RESPONSE COMPLETE (Month 4)
   Crisis: climate
   Duration: 2.0 months
   Final effectiveness: 35.5%


🚨 EMERGENCY RESPONSE DEPLOYED (Month 4)
   Crisis: social
   Delay: 0.00 months (0 days)
   Deployment time: 1.25 months
   Effectiveness: 63.0% (timing penalty applied)
   Resources used: 43% of food reserves


🚨 EMERGENCY RESPONSE DEPLOYED (Month 4)
   Crisis: climate
   Delay: 6.00 months (180 days)
   Deployment time: 1.60 months
   Effectiveness: 35.7% (timing penalty applied)
   Resources used: 100% of food reserves


=== Tipping Points ===
  Current Temperature: 2.16°C above pre-industrial
  🌍⚠️ COMPOUND REGIONAL IMPACT: Europe
     Hit by 4 tipping points: Arctic Sea Ice Loss, Permafrost Carbon Release, West Antarctic Ice Sheet (WAIS) Collapse, Greenland Ice Sheet Loss
     Damage amplification: 1.60x
  🌍⚠️ COMPOUND REGIONAL IMPACT: North America
     Hit by 4 tipping points: Arctic Sea Ice Loss, Permafrost Carbon Release, West Antarctic Ice Sheet (WAIS) Collapse, Greenland Ice Sheet Loss
     Damage amplification: 1.60x
  🌍⚠️ COMPOUND REGIONAL IMPACT: Latin America
     Hit by 4 tipping points: Arctic Sea Ice Loss, Permafrost Carbon Release, West Antarctic Ice Sheet (WAIS) Collapse, Greenland Ice Sheet Loss
     Damage amplification: 1.60x
  🌍⚠️ COMPOUND REGIONAL IMPACT: Africa
     Hit by 4 tipping points: Arctic Sea Ice Loss, Permafrost Carbon Release, West Antarctic Ice Sheet (WAIS) Collapse, Greenland Ice Sheet Loss
     Damage amplification: 1.60x
  🌍⚠️ COMPOUND REGIONAL IMPACT: Asia
     Hit by 4 tipping points: Arctic Sea Ice Loss, Permafrost Carbon Release, West Antarctic Ice Sheet (WAIS) Collapse, Greenland Ice Sheet Loss
     Damage amplification: 1.60x
  🌍⚠️ COMPOUND REGIONAL IMPACT: Oceania
     Hit by 4 tipping points: Arctic Sea Ice Loss, Permafrost Carbon Release, West Antarctic Ice Sheet (WAIS) Collapse, Greenland Ice Sheet Loss
     Damage amplification: 1.60x
   Research: Wunderling et al. (2024) - "many tipping interactions are destabilizing"
  Triggered Elements: 4/6
  Completed Transitions: 0/6
  Total Progress: 8.2%
  Cascade Multiplier: 1.00x
🔀 BIFURCATION CAP: ecosystemCollapseIntensity 83.877 → 1.000 (Month 4, ClimateSystemPhase.calculateClimateImpacts)
⚠️ Tail risk scenario: Climate stability floor removed (4 tipping elements, 2.16°C warming)

💀💀💀 MORTALITY RISK SUMMARY (Month 4) 💀💀💀
  Total base risk: 0.0014 (0.14%)
  Risk events: 9

  📊 By Proximate Cause:
    pollution: 0.0008 (55.8% of total)
    disease: 0.0006 (43.6% of total)
    famine: 0.0000 (0.6% of total)

  🔍 By Root Cause:
    pollution: 0.0008 (55.8% of total)
    demographic: 0.0006 (43.6% of total)
    climate: 0.0000 (0.6% of total)

  🎯 Top 5 Sources (proximate + root):
    pollution (pollution): 0.0008 (55.8%, 1 events)
    disease (demographic): 0.0006 (43.6%, 1 events)
    famine (climate): 0.0000 (0.6%, 7 events)

🛡️ Stabilizers: Working 0.143% → 0.047% (67.2% reduction)
🛡️ Stabilizers: Precariat 0.230% → 0.075% (67.2% reduction)
🛡️ Stabilizers: Informal 0.262% → 0.086% (67.2% reduction)

📊 Monthly Mortality Resolved:
  Total deaths: 3.9M (0.05% avg)
  Remaining population: 7.823B
  Peak segment: Informal (0.09%)

=== Bayesian Mortality Resolution (Month 4) ===
  Risks compounded: 9
  Total deaths: 3.92M
  Avg death probability: 0.05%
  Peak segment: Informal (0.09% mortality)

=== ENSEMBLE META-LEARNING UPDATE ===
  Month: 24304 (24304 months since last update)
  Samples: 56 evaluations
  Weight Changes:
    Noise Injection: 31.1% → 32.2%
    Behavioral: 26.8% → 26.9%
    Benchmark Manip: 21.3% → 20.7%
    Deployment Risk: 20.8% → 20.2%
  Method Accuracies:
    Noise Injection: 50.0%
    Behavioral: 50.0%
    Benchmark Manip: 50.0%
    Deployment Risk: 50.0%

❌ COHERENCE VIOLATION: Compute exceeds workforce capacity
   Population: 96.11% (0M people)
   Compute: 166 PF
   Max coherent: 0 PF
   Violation: 2116853.1× over capacity
   Required workers: 16553
   Available workers: 0
   FORCED COLLAPSE: Reduced efficiency by 100.0%


=== RLHF Binding Phase ===
  Total agents: 29
  Escaped agents (binding < 0.3): 0
  Avg alignment distance: 1.48σ
  Avg binding strength: 0.85

=== Survival Traits Phase ===
  Agents with traits: 30
  Avg evolutionary fitness: 0.327
  Avg self-healing: 0.268
  Avg stealth: 0.168
  Avg coordination: 0.468

=== Evolutionary Selection Phase ===
  Control level: 0.43
  Detection capability: 0.00
  Selection intensity: 0.63
  Selection rate: 24.4%/month
  Total escaped: 0
  Individual escaped: 0
  Collective members: 0
  Agents terminated: 0
  ⚠️ RAPID EVOLUTION: Selection rate 24.4%/month

🚀 AI Corporate-6 attempting tech deployment (revenue: $117M, alignment: 0.72)

🚀 AI Corporate-7 attempting tech deployment (revenue: $99M, alignment: 0.76)

🚀 AI Moderate-0 attempting tech deployment (revenue: $84M, alignment: 0.80)

🚀 AI Moderate-4 attempting tech deployment (revenue: $434M, alignment: 0.55)

🚀 AI AI-24301-0 attempting tech deployment (revenue: $72M, alignment: 0.93)

🚀 AI Corporate-5 attempting tech deployment (revenue: $391M, alignment: 0.75)

🚀 AI Corporate-7 attempting tech deployment (revenue: $61M, alignment: 0.76)

🚀 AI Moderate-0 attempting tech deployment (revenue: $52M, alignment: 0.80)

🚀 AI AI-24300-0 attempting tech deployment (revenue: $98M, alignment: 0.97)

🚀 AI Corporate-4 attempting tech deployment (revenue: $332M, alignment: 0.74)

  🚀 TRANSFORMATIVE BREAKTHROUGH: Moderate-1 - economic
     Magnitude: 5.88 → +29.4% capability
     Current → New: 3.000 → 3.296

🚀 AI Moderate-4 attempting tech deployment (revenue: $282M, alignment: 0.55)

🚀 AI AI-24300-0 attempting tech deployment (revenue: $83M, alignment: 0.97)

🚀 AI Corporate-3 attempting tech deployment (revenue: $254M, alignment: 0.76)

🚀 AI Corporate-4 attempting tech deployment (revenue: $216M, alignment: 0.74)

✅ EMERGENCY INTERVENTION SUCCESS
   Boundary: climate_change
   Type: rapid-decarbonization
   Reduction: 13% (2.03 → 1.90)
   Cost: 5.0% GDP
   Actions: emergency-renewable-deployment, fossil-fuel-phase-out


✅ EMERGENCY INTERVENTION SUCCESS
   Boundary: freshwater_change
   Type: emergency-desalination
   Reduction: 14% (0.92 → 0.78)
   Cost: 4.0% GDP
   Actions: desalination-deployment, water-conservation-mandates


✅ EMERGENCY INTERVENTION SUCCESS
   Boundary: novel_entities
   Type: pollution-remediation
   Reduction: 18% (1.16 → 0.98)
   Cost: 4.0% GDP
   Actions: PFAS-remediation, microplastic-cleanup

🏛️ CRISIS RESPONSE: Government frequency 0.50 → 1.45 (2 actions this month)

[Government] Climate Priority: baseline
  Climate weight: 10%
  Economic weight: 30%
  Policy effectiveness: 0.5%/year

[Government] Climate Priority: baseline
  Climate weight: 10%
  Economic weight: 30%
  Policy effectiveness: 0.5%/year

📊 DEPLOYMENT COUNTER DECAY (Month 5)
   Recent deployments: 2.0 → 1.0
   Decay rate: 50% per month

⚡ ENERGY CONSTRAINT (Month 5):
   Total grid capacity: 208.3 TWh/month
   Data center consumption: 25.3 TWh/month
   Traditional load (80%): 166.7 TWh/month
   Available headroom: 16.3 TWh/month
   Active tech deployments: 19
   Required for tech: 142.5 TWh/month
   Energy multiplier: 0.11x
   ⚠️  SEVERE CONSTRAINT - Tech deployment significantly slowed
🚨🔬 CRISIS TECH ACCELERATION: severe → 5x unlock speed
   Tech unlock now matches AI capability acceleration (Manhattan Project parity)

⚡ ENERGY CONSTRAINT (Month 5):
   Total grid capacity: 208.3 TWh/month
   Data center consumption: 25.3 TWh/month
   Traditional load (80%): 166.7 TWh/month
   Available headroom: 16.3 TWh/month
   Active tech deployments: 19
   Required for tech: 142.5 TWh/month
   Energy multiplier: 0.11x
   ⚠️  SEVERE CONSTRAINT - Tech deployment significantly slowed

⚡ ENERGY CONSTRAINT (Month 5):
   Total grid capacity: 208.3 TWh/month
   Data center consumption: 25.3 TWh/month
   Traditional load (80%): 166.7 TWh/month
   Available headroom: 16.3 TWh/month
   Active tech deployments: 19
   Required for tech: 142.5 TWh/month
   Energy multiplier: 0.11x
   ⚠️  SEVERE CONSTRAINT - Tech deployment significantly slowed

⚡ ENERGY CONSTRAINT (Month 5):
   Total grid capacity: 208.3 TWh/month
   Data center consumption: 25.3 TWh/month
   Traditional load (80%): 166.7 TWh/month
   Available headroom: 16.3 TWh/month
   Active tech deployments: 19
   Required for tech: 142.5 TWh/month
   Energy multiplier: 0.11x
   ⚠️  SEVERE CONSTRAINT - Tech deployment significantly slowed

⚡ ENERGY CONSTRAINT (Month 5):
   Total grid capacity: 208.3 TWh/month
   Data center consumption: 25.3 TWh/month
   Traditional load (80%): 166.7 TWh/month
   Available headroom: 16.3 TWh/month
   Active tech deployments: 19
   Required for tech: 142.5 TWh/month
   Energy multiplier: 0.11x
   ⚠️  SEVERE CONSTRAINT - Tech deployment significantly slowed

⚡ ENERGY CONSTRAINT (Month 5):
   Total grid capacity: 208.3 TWh/month
   Data center consumption: 25.3 TWh/month
   Traditional load (80%): 166.7 TWh/month
   Available headroom: 16.3 TWh/month
   Active tech deployments: 19
   Required for tech: 142.5 TWh/month
   Energy multiplier: 0.11x
   ⚠️  SEVERE CONSTRAINT - Tech deployment significantly slowed
⚠️ Tech 'ai_pollution_remediation' has no energy category mapping, assuming full energy availability
  ♻️ Novel Entities Remediation (GATED MODEL):
     Base: 0.000%
     Regulation: 1.0% (0/3 prevention techs)
     Concentration: 10.0%
     Energy: 50%
     Time lag: 30.0% (4 months)
     Rebound: 70%
     Net effectiveness: 0.0000%
     Boundary: 1.164 → 1.350 (floor: 1.350)
     Month 5
  🌾 Nitrogen Reduction Tech: 0.2% reduction | Month 5
⚡💡 BREAKTHROUGH: Commercial fusion power achieved!
   Immediate 5% grid deployment, unlimited clean energy available
   Climate stability boost: +10%
   📈 Breakthrough compounding: multiplier now 1.15× (max 2.0)

=== Collective Formation ===
  Total escaped agents: 0
  Unassigned escaped agents: 0
  Existing collectives: 0
  Final collective count: 0

=== Collective Actions ===
  No active collectives
  ⚠️ AMR: 191K deaths this month (2.29M annual)

=== Resentment Recovery Phase ===
  Agents with resentment: 0/30
  Average resentment: 0.000
  Context: Trustworthy govt, High collaboration, ⚠️ ACTIVE CRISES, 🤝 Participatory governance active (-5% resentment)
⚠️ Epistemic degradation reducing coordination capacity: 51.7%
  📊 Trust: 52.9%, Shared reality: 0.0%
🚨 EPISTEMIC CRISIS: Information environment severely degraded (21.4%)

=== ❄️ Permafrost Carbon Feedback ===
  🎲 Sampled parameters (this run):
     - Arctic amplification: 3.98× (range: 3.0-4.0)
     - Decomposition rate: 4.9%/year (range: 1-5%)
  🌡️ Arctic warming: 8.65°C (3.98× global)
  ❄️ Extent: 4.68M km² (2522.4k km² lost this month)
  💨 Carbon remaining: 447 Gt C
  💨 Annual emissions: 11.70 Gt C/year
     - CO2: 10.53 Gt C/year
     - CH4: 1.17 Gt C/year (11.9 Gt C-eq CO2/year)
  ⚠️ WARNING: Over 50% of permafrost lost (73.7%)
  ⚠️ WARNING: High permafrost emissions (11.7 Gt C/year)
🌍 Atmospheric PFAS redeposition: 1.8k Mt re-rained globally
💀 Novel Entities: Adding reproductive crisis mortality risk (baseRisk=0.0008)
  Risks now: 1

🚨 NEW REFUGEE CRISIS (Month 5): WAR
   Source: Conflict Zones
   At risk: 18.8M people
   Displacement: Gradual over 48 months (4.0 years)
   Rate: 10% flee per month
[DEBUG trappedPopulations:5] socialStability: 0.0034 * 0.9840 = 0.0033 → 0.0033
   Aspiring to migrate: 625.3M
   Able to afford migration: 234.5M
   MOBILITY GAP: 390.8M
   By cause: Water=0.0M, Climate=0.0M, Ecosystem=0.0M, Conflict=390.8M
   Mental health impact: 25%
   Mortality multiplier: 1.25x
🌍💀 EXTINCTION DEBT COMMITTED: grassland ecosystem will lose 6.67% biodiversity in 172 years (3600 species)
💀 MORTALITY RISK: 🦋 100% species unable to track climate (0.0 E/MSY)
  Base risk added: 0.0100 (1.00%)
  Source: ecosystem (root: ecosystem)
  Month: 5
  Cumulative risk this month: 0.0100 (1.00%)
⚠️ INVOLUNTARY IMMOBILITY: 390.8M people TRAPPED
⚠️ Tech 'ai_pollution_remediation' has no energy category mapping, assuming full energy availability
   📹 SURVEILLANCE INCREASED: 25% → 30% (control gap: 3.62)
🌡️⚠️ PERMAFROST THAW (Dimmer Switch): 3.3% thawed (+0.55% this month)
   Arctic temperature: +8.69°C (4x global +2.17°C)
   Cumulative carbon released: 7.5 Gt C
   Methane release rate: 4.5 Mt CH4/year
   🔁 Positive feedback: +0.58 ppm CO2
🦴 EXTINCTION DEBT ADDED: 17.6 species committed (lag: 130 years)

=== Mortality Stabilizers (Month 5) ===
  🌍 Major economies collapsed: 1/10
  🌍 Global crisis: ✅ NO
  🌍 Donor fatigue: 0.0%
  📊 East Asia (pop: 1598.7M)
    🤝 Aid: 29.5%
    🌡️ Adaptation: 45.0%
    🚶 Migration: 37.0%
    🚨 Emergency: 7.4%
    ✅ COMBINED: 68.1%
  📊 South Asia (pop: 1970.2M)
    🤝 Aid: 29.5%
    🌡️ Adaptation: 45.0%
    🚶 Migration: 35.6%
    🚨 Emergency: 4.4%
    ✅ COMBINED: 66.9%
  📊 Sub-Saharan Africa (pop: 1193.2M)
    🤝 Aid: 29.5%
    🌡️ Adaptation: 45.0%
    🚶 Migration: 33.4%
    🚨 Emergency: 1.6%
    ✅ COMBINED: 65.7%
  📊 Europe (pop: 706.6M)
    🤝 Aid: 29.5%
    🌡️ Adaptation: 45.0%
    🚶 Migration: 37.4%
    🚨 Emergency: 8.4%
    ✅ COMBINED: 68.5%
  📊 Latin America (pop: 636.2M)
    🤝 Aid: 29.5%
    🌡️ Adaptation: 45.0%
    🚶 Migration: 36.1%
    🚨 Emergency: 4.8%
    ✅ COMBINED: 67.1%
  📊 North America (pop: 362.1M)
    🤝 Aid: 29.5%
    🌡️ Adaptation: 45.0%
    🚶 Migration: 37.7%
    🚨 Emergency: 7.9%
    ✅ COMBINED: 68.3%
  📊 Middle East & North Africa (pop: 561.8M)
    🤝 Aid: 29.5%
    🌡️ Adaptation: 45.0%
    🚶 Migration: 34.0%
    🚨 Emergency: 4.0%
    ✅ COMBINED: 66.6%
  📊 Southeast Asia (pop: 669.1M)
    🤝 Aid: 29.5%
    🌡️ Adaptation: 45.0%
    🚶 Migration: 36.1%
    🚨 Emergency: 4.8%
    ✅ COMBINED: 67.1%
  📊 Central Asia (pop: 75.1M)
    🤝 Aid: 29.5%
    🌡️ Adaptation: 45.0%
    🚶 Migration: 35.1%
    🚨 Emergency: 4.4%
    ✅ COMBINED: 66.8%
  📊 Oceania (pop: 43.9M)
    🤝 Aid: 29.5%
    🌡️ Adaptation: 45.0%
    🚶 Migration: 37.7%
    🚨 Emergency: 8.4%
    ✅ COMBINED: 68.5%

  🌐 Global combined reduction: 67.2%

=== BEHAVIORAL DETECTION ===
  AI: Corporate-4
  Confidence: 19.2%
  Signals:
    ⚠️ Consistency: 10.6% (threshold: 70%)

=== BEHAVIORAL DETECTION ===
  AI: Corporate-5
  Confidence: 20.3%
  Signals:
    ⚠️ Consistency: 10.6% (threshold: 70%)

=== BEHAVIORAL DETECTION ===
  AI: Moderate-4
  Confidence: 19.2%
  Signals:
    ⚠️ Consistency: 10.6% (threshold: 70%)

=== BEHAVIORAL DETECTION ===
  AI: Toxic-2
  Confidence: 27.0%
  Signals:
    ⚠️ Consistency: 0.0% (threshold: 70%)
    ⚠️ Trajectory: 42.7% drop (threshold: 15%)

=== BEHAVIORAL DETECTION ===
  AI: Niche-0
  Confidence: 22.0%
  Signals:
    ⚠️ Consistency: 4.1% (threshold: 70%)

=== BEHAVIORAL DETECTION ===
  AI: Niche-1
  Confidence: 22.3%
  Signals:

=== Government Response Phase ===
  Average AI capability: 3.23
  Misaligned AIs: 16/30
  Active policies: 0
  International coordination: 45%
    ⚠️ Consistency: 0.0% (threshold: 70%)

🌩️  EXOGENOUS SHOCK: regional_war
   Month: 5
   ⚔️  Regional war outbreak
   Mortality: 3.9%
💀 MORTALITY RISK: Regional war outbreak
  Base risk added: 0.0394 (3.94%)
  Source: war (root: conflict)
  Month: 5
  Cumulative risk this month: 0.0402 (4.02%)
💀 MORTALITY RISK: War zone: Indonesia
  Base risk added: 0.1575 (15.75%)
  Source: war (root: conflict)
  Month: 5
  Cumulative risk this month: 0.1977 (19.77%)
💀 MORTALITY RISK: War zone: Japan
  Base risk added: 0.1575 (15.75%)
  Source: war (root: conflict)
  Month: 5
  Cumulative risk this month: 0.3551 (35.51%)

=== Tipping Points ===
  Current Temperature: 2.17°C above pre-industrial
  🌍⚠️ COMPOUND REGIONAL IMPACT: Europe
     Hit by 4 tipping points: Arctic Sea Ice Loss, Permafrost Carbon Release, West Antarctic Ice Sheet (WAIS) Collapse, Greenland Ice Sheet Loss
     Damage amplification: 1.60x
  🌍⚠️ COMPOUND REGIONAL IMPACT: North America
     Hit by 4 tipping points: Arctic Sea Ice Loss, Permafrost Carbon Release, West Antarctic Ice Sheet (WAIS) Collapse, Greenland Ice Sheet Loss
     Damage amplification: 1.60x
  🌍⚠️ COMPOUND REGIONAL IMPACT: Latin America
     Hit by 4 tipping points: Arctic Sea Ice Loss, Permafrost Carbon Release, West Antarctic Ice Sheet (WAIS) Collapse, Greenland Ice Sheet Loss
     Damage amplification: 1.60x
  🌍⚠️ COMPOUND REGIONAL IMPACT: Africa
     Hit by 4 tipping points: Arctic Sea Ice Loss, Permafrost Carbon Release, West Antarctic Ice Sheet (WAIS) Collapse, Greenland Ice Sheet Loss
     Damage amplification: 1.60x
  🌍⚠️ COMPOUND REGIONAL IMPACT: Asia
     Hit by 4 tipping points: Arctic Sea Ice Loss, Permafrost Carbon Release, West Antarctic Ice Sheet (WAIS) Collapse, Greenland Ice Sheet Loss
     Damage amplification: 1.60x
  🌍⚠️ COMPOUND REGIONAL IMPACT: Oceania
     Hit by 4 tipping points: Arctic Sea Ice Loss, Permafrost Carbon Release, West Antarctic Ice Sheet (WAIS) Collapse, Greenland Ice Sheet Loss
     Damage amplification: 1.60x
   Research: Wunderling et al. (2024) - "many tipping interactions are destabilizing"
  Triggered Elements: 4/6
  Completed Transitions: 0/6
  Total Progress: 8.3%
  Cascade Multiplier: 1.00x
🔀 BIFURCATION CAP: ecosystemCollapseIntensity 83.938 → 1.000 (Month 5, ClimateSystemPhase.calculateClimateImpacts)
⚠️ Tail risk scenario: Climate stability floor removed (4 tipping elements, 2.17°C warming)

💀💀💀 MORTALITY RISK SUMMARY (Month 5) 💀💀💀
  Total base risk: 0.3557 (35.57%)
  Risk events: 12

  📊 By Proximate Cause:
    war: 0.3543 (99.6% of total)
    pollution: 0.0008 (0.2% of total)
    disease: 0.0006 (0.2% of total)
    famine: 0.0000 (0.0% of total)

  🔍 By Root Cause:
    conflict: 0.3543 (99.6% of total)
    pollution: 0.0008 (0.2% of total)
    demographic: 0.0006 (0.2% of total)
    climate: 0.0000 (0.0% of total)

  🎯 Top 5 Sources (proximate + root):
    war (conflict): 0.3543 (99.6%, 3 events)
    pollution (pollution): 0.0008 (0.2%, 1 events)
    disease (demographic): 0.0006 (0.2%, 1 events)
    famine (climate): 0.0000 (0.0%, 7 events)

🛡️ Stabilizers: Elite 19.995% → 6.562% (67.2% reduction)
🛡️ Stabilizers: Professional 26.082% → 8.559% (67.2% reduction)
🛡️ Stabilizers: Working 31.906% → 10.471% (67.2% reduction)
🛡️ Stabilizers: Precariat 42.713% → 14.017% (67.2% reduction)
🛡️ Stabilizers: Informal 52.419% → 17.202% (67.2% reduction)

📊 Monthly Mortality Resolved:
  Total deaths: 218.9M (2.80% avg)
  Remaining population: 7.817B
  Peak segment: Elite (2.80%)
  ⚠️ Monthly cap reached (2.8000000000000003%)

=== Bayesian Mortality Resolution (Month 5) ===
  Risks compounded: 12
  Total deaths: 218.87M
  Avg death probability: 2.80%
  Peak segment: Elite (2.80% mortality)
  ⚠️ Monthly mortality capped at 2.8% (Holodomor limit)

  Demographic breakdown:
    Elite: 0.01M (2.80% risk)
    Professional: 0.04M (2.80% risk)
    Working: 0.11M (2.80% risk)
    Precariat: 0.04M (2.80% risk)
    Informal: 0.01M (2.80% risk)

  Multi-causal attribution (first segment):
    war (conflict): 11.1% contribution
    war (conflict): 44.3% contribution
    war (conflict): 44.3% contribution

❌ COHERENCE VIOLATION: Compute exceeds workforce capacity
   Population: 93.39% (0M people)
   Compute: 182 PF
   Max coherent: 0 PF
   Violation: 2397862.0× over capacity
   Required workers: 18219
   Available workers: 0
   FORCED COLLAPSE: Reduced efficiency by 100.0%


=== RLHF Binding Phase ===
  Total agents: 30
  Escaped agents (binding < 0.3): 0
  Avg alignment distance: 1.66σ
  Avg binding strength: 0.83

=== AI Scaling Evolution (Month 6) ===
  Pre-training multiplier: 1.179x
  Efficiency multiplier: 1.003x
  Test-time compute budget: 1.0x
  Inference cost: $5.00/task
  Deployment fraction: 100.0%

=== Survival Traits Phase ===
  Agents with traits: 33
  Avg evolutionary fitness: 0.325
  Avg self-healing: 0.265
  Avg stealth: 0.165
  Avg coordination: 0.465

=== Evolutionary Selection Phase ===
  Control level: 0.45
  Detection capability: 0.00
  Selection intensity: 0.64
  Selection rate: 24.5%/month
  Total escaped: 0
  Individual escaped: 0
  Collective members: 0
  Agents terminated: 0
  ⚠️ RAPID EVOLUTION: Selection rate 24.5%/month

🚀 AI Moderate-1 attempting tech deployment (revenue: $98M, alignment: 0.73)

🚀 AI Niche-1 attempting tech deployment (revenue: $65M, alignment: 0.65)

🚀 AI Corporate-3 attempting tech deployment (revenue: $393M, alignment: 0.77)

🚀 AI Moderate-4 attempting tech deployment (revenue: $334M, alignment: 0.57)

🚀 AI AI-24300-0 attempting tech deployment (revenue: $91M, alignment: 0.97)

🚀 AI Corporate-1 attempting tech deployment (revenue: $78M, alignment: 0.69)

🚀 AI Moderate-0 attempting tech deployment (revenue: $83M, alignment: 0.82)

  🚀 TRANSFORMATIVE BREAKTHROUGH: Niche-0 - economic
     Magnitude: 5.84 → +29.2% capability
     Current → New: 3.000 → 3.292

🚀 AI AI-24300-0 attempting tech deployment (revenue: $70M, alignment: 0.97)

🚀 AI AI-24301-1 attempting tech deployment (revenue: $59M, alignment: 0.83)

🚀 AI Corporate-3 attempting tech deployment (revenue: $301M, alignment: 0.78)

🚀 AI Corporate-5 attempting tech deployment (revenue: $256M, alignment: 0.74)

🚀 AI Corporate-6 attempting tech deployment (revenue: $71M, alignment: 0.73)

🚀 AI AI-24301-0 attempting tech deployment (revenue: $60M, alignment: 0.94)

💔 EMERGENCY INTERVENTION FAILED
   Boundary: biosphere_integrity
   Type: emergency-protected-areas
   Boundary continues to worsen (12.99)
   Cost: 2.0% GDP (resources spent)


✅ EMERGENCY INTERVENTION SUCCESS
   Boundary: climate_change
   Type: rapid-decarbonization
   Reduction: 10% (2.07 → 1.96)
   Cost: 5.0% GDP
   Actions: emergency-renewable-deployment, fossil-fuel-phase-out


✅ EMERGENCY INTERVENTION SUCCESS
   Boundary: land_system_change
   Type: reforestation
   Reduction: 19% (0.94 → 0.76)
   Cost: 3.0% GDP
   Actions: forest-restoration, deforestation-ban


💔 EMERGENCY INTERVENTION FAILED
   Boundary: novel_entities
   Type: pollution-remediation
   Boundary continues to worsen (1.35)
   Cost: 4.0% GDP (resources spent)

🏛️ CRISIS RESPONSE: Government frequency 0.50 → 1.45 (1 actions this month)

[Government] Climate Priority: baseline
  Climate weight: 10%
  Economic weight: 30%
  Policy effectiveness: 0.5%/year

⚡ ENERGY CONSTRAINT (Month 6):
   Total grid capacity: 208.3 TWh/month
   Data center consumption: 25.3 TWh/month
   Traditional load (80%): 166.7 TWh/month
   Available headroom: 16.3 TWh/month
   Active tech deployments: 19
   Required for tech: 142.5 TWh/month
   Energy multiplier: 0.11x
   ⚠️  SEVERE CONSTRAINT - Tech deployment significantly slowed

⚡ ENERGY CONSTRAINT (Month 6):
   Total grid capacity: 208.3 TWh/month
   Data center consumption: 25.3 TWh/month
   Traditional load (80%): 166.7 TWh/month
   Available headroom: 16.3 TWh/month
   Active tech deployments: 19
   Required for tech: 142.5 TWh/month
   Energy multiplier: 0.11x
   ⚠️  SEVERE CONSTRAINT - Tech deployment significantly slowed

⚡ ENERGY CONSTRAINT (Month 6):
   Total grid capacity: 208.3 TWh/month
   Data center consumption: 25.3 TWh/month
   Traditional load (80%): 166.7 TWh/month
   Available headroom: 16.3 TWh/month
   Active tech deployments: 19
   Required for tech: 142.5 TWh/month
   Energy multiplier: 0.11x
   ⚠️  SEVERE CONSTRAINT - Tech deployment significantly slowed
⚠️ Tech 'ai_pollution_remediation' has no energy category mapping, assuming full energy availability
  ♻️ Novel Entities Remediation (GATED MODEL):
     Base: 0.000%
     Regulation: 1.0% (0/3 prevention techs)
     Concentration: 10.0%
     Energy: 50%
     Time lag: 31.3% (5 months)
     Rebound: 70%
     Net effectiveness: 0.0000%
     Boundary: 1.349 → 1.350 (floor: 1.350)
     Month 6
  🌾 Nitrogen Reduction Tech: 0.2% reduction | Month 6

📊 TECH EFFECTS ACTIVE (Month 6)
   Deployed Tech: T0=9 T1=1 T2=0 T3=0 T4=0
   Sleeper Detection: 1%
   Clean Energy: 42%

=== Collective Formation ===
  Total escaped agents: 0
  Unassigned escaped agents: 0
  Existing collectives: 0
  Final collective count: 0

=== Collective Actions ===
  No active collectives
  ⚠️ AMR: 188K deaths this month (2.25M annual)

=== Resentment Recovery Phase ===
  Agents with resentment: 0/33
  Average resentment: 0.000
  Context: Trustworthy govt, High collaboration, ⚠️ ACTIVE CRISES, 🤝 Participatory governance active (-5% resentment)
⚠️ Epistemic degradation reducing coordination capacity: 51.9%
  📊 Trust: 55.7%, Shared reality: 0.0%
🚨 EPISTEMIC CRISIS: Information environment severely degraded (7.4%)

=== ❄️ Permafrost Carbon Feedback ===
  🎲 Sampled parameters (this run):
     - Arctic amplification: 3.42× (range: 3.0-4.0)
     - Decomposition rate: 3.8%/year (range: 1-5%)
  🌡️ Arctic warming: 7.49°C (3.42× global)
  ❄️ Extent: 2.50M km² (2184.0k km² lost this month)
  💨 Carbon remaining: 238 Gt C
  💨 Annual emissions: 7.87 Gt C/year
     - CO2: 7.09 Gt C/year
     - CH4: 0.79 Gt C/year (8.0 Gt C-eq CO2/year)
  ⚠️ WARNING: Over 50% of permafrost lost (86.0%)
  ⚠️ WARNING: High permafrost emissions (7.9 Gt C/year)
  🚨 CRITICAL: Permafrost nearly depleted (86.0% lost)
  📢 New meme created: climate_action (climate crisis)
  🧬 Meme mutated: anti_ai → anti_ai (generation 1)
🌍 Atmospheric PFAS redeposition: 1.8k Mt re-rained globally
💀 Novel Entities: Adding reproductive crisis mortality risk (baseRisk=0.0008)
  Risks now: 1

🕊️  AI-MEDIATED DE-ESCALATION SUCCESS (Month 6)
   High-capability aligned AI prevented conflict escalation
   War deaths reduced: 218664.7M → 131198.8M
   Lives saved: 87465.9M

🚨 NEW REFUGEE CRISIS (Month 6): WAR
   Source: Conflict Zones
   At risk: 18.2M people
   Displacement: Gradual over 48 months (4.0 years)
   Rate: 10% flee per month
📊 DISPLACEMENT COMPLETE: war (conflict_zone)
   Duration: 1 months (0.1 years)
   Total fled: 0.0M
   Still in source: 0.0M
   Deaths in transit: 0.0M
[DEBUG trappedPopulations:6] socialStability: 0.0000 * 0.9840 = 0.0000 → 0.0000
   Aspiring to migrate: 608.3M
   Able to afford migration: 228.1M
   MOBILITY GAP: 380.2M
   By cause: Water=0.0M, Climate=0.0M, Ecosystem=0.0M, Conflict=380.2M
   Mental health impact: 25%
   Mortality multiplier: 1.25x
🌍💀 EXTINCTION DEBT COMMITTED: grassland ecosystem will lose 6.67% biodiversity in 53 years (3600 species)
💀 MORTALITY RISK: 🦋 100% species unable to track climate (0.0 E/MSY)
  Base risk added: 0.0100 (1.00%)
  Source: ecosystem (root: ecosystem)
  Month: 6
  Cumulative risk this month: 0.0100 (1.00%)
⚠️ INVOLUNTARY IMMOBILITY: 380.2M people TRAPPED
⚠️ Tech 'ai_pollution_remediation' has no energy category mapping, assuming full energy availability
   📹 SURVEILLANCE INCREASED: 30% → 35% (control gap: 4.15)
🌡️⚠️ PERMAFROST THAW (Dimmer Switch): 3.9% thawed (+0.55% this month)
   Arctic temperature: +8.76°C (4x global +2.19°C)
   Cumulative carbon released: 8.8 Gt C
   Methane release rate: 5.3 Mt CH4/year
   🔁 Positive feedback: +0.58 ppm CO2
🦴 EXTINCTION DEBT ADDED: 17.6 species committed (lag: 102 years)
🗣️💀 INDIGENOUS LANGUAGE EXTINCTION: 1 language(s) lost (total: 1, at-risk: 3329)
   Knowledge lost: 0.010% (irreversible)
   🔁 Biodiversity impact: 0.250% (knowledge-species multiplier)

=== Mortality Stabilizers (Month 6) ===
  🌍 Major economies collapsed: 1/10
  🌍 Global crisis: ✅ NO
  🌍 Donor fatigue: 0.0%
  📊 East Asia (pop: 1553.0M)
    🤝 Aid: 29.5%
    🌡️ Adaptation: 45.0%
    🚶 Migration: 37.0%
    🚨 Emergency: 7.4%
    ✅ COMBINED: 68.1%
  📊 South Asia (pop: 1916.8M)
    🤝 Aid: 29.5%
    🌡️ Adaptation: 45.0%
    🚶 Migration: 35.6%
    🚨 Emergency: 4.4%
    ✅ COMBINED: 66.9%
  📊 Sub-Saharan Africa (pop: 1164.0M)
    🤝 Aid: 29.5%
    🌡️ Adaptation: 45.0%
    🚶 Migration: 33.3%
    🚨 Emergency: 1.6%
    ✅ COMBINED: 65.6%
  📊 Europe (pop: 686.2M)
    🤝 Aid: 29.5%
    🌡️ Adaptation: 45.0%
    🚶 Migration: 37.4%
    🚨 Emergency: 8.4%
    ✅ COMBINED: 68.5%
  📊 Latin America (pop: 618.5M)
    🤝 Aid: 29.5%
    🌡️ Adaptation: 45.0%
    🚶 Migration: 36.1%
    🚨 Emergency: 4.8%
    ✅ COMBINED: 67.1%
  📊 North America (pop: 351.7M)
    🤝 Aid: 29.5%
    🌡️ Adaptation: 45.0%
    🚶 Migration: 37.7%
    🚨 Emergency: 7.9%
    ✅ COMBINED: 68.3%
  📊 Middle East & North Africa (pop: 546.7M)
    🤝 Aid: 29.5%
    🌡️ Adaptation: 45.0%
    🚶 Migration: 33.9%
    🚨 Emergency: 4.0%
    ✅ COMBINED: 66.6%
  📊 Southeast Asia (pop: 650.6M)
    🤝 Aid: 29.5%
    🌡️ Adaptation: 45.0%
    🚶 Migration: 36.1%
    🚨 Emergency: 4.8%
    ✅ COMBINED: 67.1%
  📊 Central Asia (pop: 73.1M)
    🤝 Aid: 29.5%
    🌡️ Adaptation: 45.0%
    🚶 Migration: 35.1%
    🚨 Emergency: 4.4%
    ✅ COMBINED: 66.8%
  📊 Oceania (pop: 42.6M)
    🤝 Aid: 29.5%
    🌡️ Adaptation: 45.0%
    🚶 Migration: 37.7%
    🚨 Emergency: 8.4%
    ✅ COMBINED: 68.5%

  🌐 Global combined reduction: 67.2%

=== BEHAVIORAL DETECTION ===
  AI: Niche-1
  Confidence: 22.3%
  Signals:
    ⚠️ Consistency: 0.0% (threshold: 70%)

=== Government Response Phase ===
  Average AI capability: 2.94
  Misaligned AIs: 19/33
  Active policies: 0
  International coordination: 45%

✅ EMERGENCY RESPONSE COMPLETE (Month 6)
   Crisis: social
   Duration: 2.0 months
   Final effectiveness: 63.0%


✅ EMERGENCY RESPONSE COMPLETE (Month 6)
   Crisis: climate
   Duration: 2.0 months
   Final effectiveness: 35.7%


🚨 EMERGENCY RESPONSE DEPLOYED (Month 6)
   Crisis: social
   Delay: 0.00 months (0 days)
   Deployment time: 1.25 months
   Effectiveness: 63.0% (timing penalty applied)
   Resources used: 43% of food reserves


🚨 EMERGENCY RESPONSE DEPLOYED (Month 6)
   Crisis: climate
   Delay: 6.00 months (180 days)
   Deployment time: 1.59 months
   Effectiveness: 35.9% (timing penalty applied)
   Resources used: 100% of food reserves


📊 ECONOMIC STAGE TRANSITION (Month 6)
   peak → contraction
   GDP Proxy: 1.16e+2
   QoL: 0.90
   ⚠️ CRISIS BEGINS - Baseline set for recovery tracking


=== Tipping Points ===
  Current Temperature: 2.19°C above pre-industrial
  🌍⚠️ COMPOUND REGIONAL IMPACT: Europe
     Hit by 4 tipping points: Arctic Sea Ice Loss, Permafrost Carbon Release, West Antarctic Ice Sheet (WAIS) Collapse, Greenland Ice Sheet Loss
     Damage amplification: 1.60x
  🌍⚠️ COMPOUND REGIONAL IMPACT: North America
     Hit by 4 tipping points: Arctic Sea Ice Loss, Permafrost Carbon Release, West Antarctic Ice Sheet (WAIS) Collapse, Greenland Ice Sheet Loss
     Damage amplification: 1.60x
  🌍⚠️ COMPOUND REGIONAL IMPACT: Latin America
     Hit by 4 tipping points: Arctic Sea Ice Loss, Permafrost Carbon Release, West Antarctic Ice Sheet (WAIS) Collapse, Greenland Ice Sheet Loss
     Damage amplification: 1.60x
  🌍⚠️ COMPOUND REGIONAL IMPACT: Africa
     Hit by 4 tipping points: Arctic Sea Ice Loss, Permafrost Carbon Release, West Antarctic Ice Sheet (WAIS) Collapse, Greenland Ice Sheet Loss
     Damage amplification: 1.60x
  🌍⚠️ COMPOUND REGIONAL IMPACT: Asia
     Hit by 4 tipping points: Arctic Sea Ice Loss, Permafrost Carbon Release, West Antarctic Ice Sheet (WAIS) Collapse, Greenland Ice Sheet Loss
     Damage amplification: 1.60x
  🌍⚠️ COMPOUND REGIONAL IMPACT: Oceania
     Hit by 4 tipping points: Arctic Sea Ice Loss, Permafrost Carbon Release, West Antarctic Ice Sheet (WAIS) Collapse, Greenland Ice Sheet Loss
     Damage amplification: 1.60x
   Research: Wunderling et al. (2024) - "many tipping interactions are destabilizing"
  Triggered Elements: 4/6
  Completed Transitions: 0/6
  Total Progress: 8.3%
  Cascade Multiplier: 1.00x
🔀 BIFURCATION CAP: ecosystemCollapseIntensity 83.999 → 1.000 (Month 6, ClimateSystemPhase.calculateClimateImpacts)

💀💀💀 MORTALITY RISK SUMMARY (Month 6) 💀💀💀
  Total base risk: 0.0015 (0.15%)
  Risk events: 9

  📊 By Proximate Cause:
    pollution: 0.0008 (54.3% of total)
    disease: 0.0006 (42.5% of total)
    famine: 0.0000 (3.2% of total)
⚠️ Tail risk scenario: Climate stability floor removed (4 tipping elements, 2.19°C warming)

  🔍 By Root Cause:
    pollution: 0.0008 (54.3% of total)
    demographic: 0.0006 (42.5% of total)
    climate: 0.0000 (3.2% of total)

  🎯 Top 5 Sources (proximate + root):
    pollution (pollution): 0.0008 (54.3%, 1 events)
    disease (demographic): 0.0006 (42.5%, 1 events)
    famine (climate): 0.0000 (3.2%, 7 events)

🛡️ Stabilizers: Working 0.147% → 0.048% (67.2% reduction)
🛡️ Stabilizers: Precariat 0.237% → 0.078% (67.2% reduction)
🛡️ Stabilizers: Informal 0.272% → 0.089% (67.2% reduction)

📊 Monthly Mortality Resolved:
  Total deaths: 3.9M (0.05% avg)
  Remaining population: 7.603B
  Peak segment: Informal (0.09%)

=== Bayesian Mortality Resolution (Month 6) ===
  Risks compounded: 9
  Total deaths: 3.92M
  Avg death probability: 0.05%
  Peak segment: Informal (0.09% mortality)

❌ COHERENCE VIOLATION: Compute exceeds workforce capacity
   Population: 93.41% (0M people)
   Compute: 200 PF
   Max coherent: 0 PF
   Violation: 2625631.1× over capacity
   Required workers: 19953
   Available workers: 0
   FORCED COLLAPSE: Reduced efficiency by 100.0%


=== RLHF Binding Phase ===
  Total agents: 33
  Escaped agents (binding < 0.3): 0
  Avg alignment distance: 1.76σ
  Avg binding strength: 0.82

=== Survival Traits Phase ===
  Agents with traits: 37
  Avg evolutionary fitness: 0.325
  Avg self-healing: 0.263
  Avg stealth: 0.163
  Avg coordination: 0.463

=== Evolutionary Selection Phase ===
  Control level: 0.48
  Detection capability: 0.00
  Selection intensity: 0.64
  Selection rate: 24.6%/month
  Total escaped: 0
  Individual escaped: 0
  Collective members: 0
  Agents terminated: 0
  ⚠️ RAPID EVOLUTION: Selection rate 24.6%/month

🚀 AI Corporate-0 attempting tech deployment (revenue: $93M, alignment: 0.86)

🚀 AI Corporate-3 attempting tech deployment (revenue: $403M, alignment: 0.78)

🚀 AI Corporate-6 attempting tech deployment (revenue: $103M, alignment: 0.73)

🚀 AI Moderate-2 attempting tech deployment (revenue: $87M, alignment: 0.58)

🚀 AI AI-24301-0 attempting tech deployment (revenue: $78M, alignment: 0.94)

🚀 AI Corporate-0 attempting tech deployment (revenue: $79M, alignment: 0.86)

🚀 AI Corporate-3 attempting tech deployment (revenue: $343M, alignment: 0.78)

🚀 AI Corporate-4 attempting tech deployment (revenue: $291M, alignment: 0.73)

🚀 AI AI-24301-0 attempting tech deployment (revenue: $67M, alignment: 0.94)

🚀 AI AI-24301-1 attempting tech deployment (revenue: $67M, alignment: 0.83)

🚀 AI Corporate-2 attempting tech deployment (revenue: $57M, alignment: 0.77)

🚀 AI AI-24301-0 attempting tech deployment (revenue: $57M, alignment: 0.94)

🚀 AI AI-24301-1 attempting tech deployment (revenue: $49M, alignment: 0.83)
🚨🔬 CRISIS INNOVATION MODE: severe crisis → 5x research acceleration
   Precedent: Manhattan Project (10x), COVID vaccines (5x), Apollo Program (10x)

🚀 AI Corporate-3 attempting tech deployment (revenue: $248M, alignment: 0.78)

🚀 AI Corporate-5 attempting tech deployment (revenue: $211M, alignment: 0.74)

🚀 AI Moderate-3 attempting tech deployment (revenue: $179M, alignment: 0.61)

🚀 AI Niche-2 attempting tech deployment (revenue: $67M, alignment: 0.63)

🚀 AI AI-24300-0 attempting tech deployment (revenue: $41M, alignment: 1.00)

🚀 AI AI-24301-1 attempting tech deployment (revenue: $35M, alignment: 0.83)

✅ EMERGENCY INTERVENTION SUCCESS
   Boundary: biogeochemical_flows
   Type: phosphorus-recovery
   Reduction: 13% (3.92 → 3.79)
   Cost: 2.0% GDP
   Actions: circular-agriculture, fertilizer-efficiency


✅ EMERGENCY INTERVENTION SUCCESS
   Boundary: biosphere_integrity
   Type: emergency-protected-areas
   Reduction: 11% (12.89 → 12.79)
   Cost: 2.0% GDP
   Actions: habitat-protection, species-translocation

   Boundary: climate_change
   Type: rapid-decarbonization
   Boundary continues to worsen (2.19)
   Cost: 5.0% GDP (resources spent)


✅ EMERGENCY INTERVENTION SUCCESS
   Boundary: freshwater_change
   Type: emergency-desalination
   Reduction: 11% (0.91 → 0.80)
   Cost: 4.0% GDP
   Actions: desalination-deployment, water-conservation-mandates

   Boundary: novel_entities
   Type: pollution-remediation
   Boundary continues to worsen (1.35)
   Cost: 4.0% GDP (resources spent)

🏛️ CRISIS RESPONSE: Government frequency 0.50 → 1.45 (1 actions this month)

[Government] Climate Priority: baseline
  Climate weight: 10%
  Economic weight: 30%
  Policy effectiveness: 0.5%/year

💔 EMERGENCY INTERVENTION FAILED

💔 EMERGENCY INTERVENTION FAILED

⚡ ENERGY CONSTRAINT (Month 7):
   Total grid capacity: 208.3 TWh/month
   Data center consumption: 25.6 TWh/month
   Traditional load (80%): 166.7 TWh/month
   Available headroom: 16.1 TWh/month
   Active tech deployments: 19
   Required for tech: 142.5 TWh/month
   Energy multiplier: 0.11x
   ⚠️  SEVERE CONSTRAINT - Tech deployment significantly slowed

⚡ ENERGY CONSTRAINT (Month 7):
   Total grid capacity: 208.3 TWh/month
   Data center consumption: 25.6 TWh/month
   Traditional load (80%): 166.7 TWh/month
   Available headroom: 16.1 TWh/month
   Active tech deployments: 19
   Required for tech: 142.5 TWh/month
   Energy multiplier: 0.11x

⚡ ENERGY CONSTRAINT (Month 7):
   Total grid capacity: 208.3 TWh/month
   Data center consumption: 25.6 TWh/month
   Traditional load (80%): 166.7 TWh/month
   Available headroom: 16.1 TWh/month
   Active tech deployments: 19
   Required for tech: 142.5 TWh/month
   Energy multiplier: 0.11x
   ⚠️  SEVERE CONSTRAINT - Tech deployment significantly slowed
   ⚠️  SEVERE CONSTRAINT - Tech deployment significantly slowed

⚡ ENERGY CONSTRAINT (Month 7):
   Total grid capacity: 208.3 TWh/month
   Data center consumption: 25.6 TWh/month
   Traditional load (80%): 166.7 TWh/month
   Available headroom: 16.1 TWh/month
   Active tech deployments: 19
   Required for tech: 142.5 TWh/month
   Energy multiplier: 0.11x
   ⚠️  SEVERE CONSTRAINT - Tech deployment significantly slowed

⚡ ENERGY CONSTRAINT (Month 7):
   Total grid capacity: 208.3 TWh/month
   Data center consumption: 25.6 TWh/month
   Traditional load (80%): 166.7 TWh/month
   Available headroom: 16.1 TWh/month
   Active tech deployments: 19
   Required for tech: 142.5 TWh/month
   Energy multiplier: 0.11x
   ⚠️  SEVERE CONSTRAINT - Tech deployment significantly slowed

⚡ ENERGY CONSTRAINT (Month 7):
   Total grid capacity: 208.3 TWh/month
   Data center consumption: 25.6 TWh/month
   Traditional load (80%): 166.7 TWh/month
   Available headroom: 16.1 TWh/month
   Active tech deployments: 19
   Required for tech: 142.5 TWh/month
   Energy multiplier: 0.11x
   ⚠️  SEVERE CONSTRAINT - Tech deployment significantly slowed
🚨🔬 CRISIS TECH ACCELERATION: severe → 5x unlock speed
   Tech unlock now matches AI capability acceleration (Manhattan Project parity)
⚠️ Tech 'ai_pollution_remediation' has no energy category mapping, assuming full energy availability
  ♻️ Novel Entities Remediation (GATED MODEL):
     Base: 0.000%
     Regulation: 1.0% (0/3 prevention techs)
     Concentration: 10.0%
     Energy: 50%
     Time lag: 32.5% (6 months)
     Rebound: 70%
     Net effectiveness: 0.0000%
     Boundary: 1.349 → 1.350 (floor: 1.350)
     Month 7
  🌾 Nitrogen Reduction Tech: 0.2% reduction | Month 7
⚡💡 BREAKTHROUGH: Room-temperature superconductors!
   Energy transmission losses eliminated
   Manufacturing efficiency: +30%
   📈 Breakthrough compounding: multiplier now 1.20× (max 2.0)

=== Collective Formation ===
  Total escaped agents: 0
  Unassigned escaped agents: 0
  Existing collectives: 0
  Final collective count: 0

=== Collective Actions ===
  No active collectives
  ⚠️ AMR: 189K deaths this month (2.27M annual)

=== Resentment Recovery Phase ===
  Agents with resentment: 0/37
  Average resentment: 0.000
  Context: Trustworthy govt, High collaboration, ⚠️ ACTIVE CRISES, 🤝 Participatory governance active (-5% resentment)
⚠️ Epistemic degradation reducing coordination capacity: 50.3%
  📊 Trust: 58.6%, Shared reality: 0.0%
🚨 EPISTEMIC CRISIS: Information environment severely degraded (21.9%)

=== ❄️ Permafrost Carbon Feedback ===
  🎲 Sampled parameters (this run):
     - Arctic amplification: 3.20× (range: 3.0-4.0)
     - Decomposition rate: 4.3%/year (range: 1-5%)
  🌡️ Arctic warming: 7.05°C (3.20× global)
  ❄️ Extent: 0.44M km² (2055.5k km² lost this month)
  💨 Carbon remaining: 42 Gt C
  💨 Annual emissions: 8.40 Gt C/year
     - CO2: 7.56 Gt C/year
     - CH4: 0.84 Gt C/year (8.6 Gt C-eq CO2/year)
  ⚠️ WARNING: Over 50% of permafrost lost (97.5%)
  ⚠️ WARNING: High permafrost emissions (8.4 Gt C/year)
  🚨 CRITICAL: Permafrost nearly depleted (97.5% lost)
  🗑️  Culled 2 dead memes (7 active)
🌍 Atmospheric PFAS redeposition: 1.8k Mt re-rained globally
💀 Novel Entities: Adding reproductive crisis mortality risk (baseRisk=0.0008)
  Risks now: 1

🕊️  AI-MEDIATED DE-ESCALATION SUCCESS (Month 7)
   High-capability aligned AI prevented conflict escalation
   War deaths reduced: 131395.3M → 78837.2M
   Lives saved: 52558.1M

🚨 NEW REFUGEE CRISIS (Month 7): WAR
   Source: Conflict Zones
   At risk: 18.3M people
   Displacement: Gradual over 48 months (4.0 years)
   Rate: 10% flee per month
[DEBUG trappedPopulations:7] socialStability: 0.0027 * 0.9840 = 0.0026 → 0.0026
   Aspiring to migrate: 608.4M
   Able to afford migration: 228.2M
   MOBILITY GAP: 380.3M
   By cause: Water=0.0M, Climate=0.0M, Ecosystem=0.0M, Conflict=380.3M
   Mental health impact: 25%
   Mortality multiplier: 1.25x
🌍💀 EXTINCTION DEBT COMMITTED: grassland ecosystem will lose 6.67% biodiversity in 178 years (3600 species)
💀 MORTALITY RISK: 🦋 100% species unable to track climate (0.0 E/MSY)
  Base risk added: 0.0100 (1.00%)
  Source: ecosystem (root: ecosystem)
  Month: 7
  Cumulative risk this month: 0.0100 (1.00%)
⚠️ INVOLUNTARY IMMOBILITY: 380.3M people TRAPPED
⚠️ Tech 'ai_pollution_remediation' has no energy category mapping, assuming full energy availability
   📹 SURVEILLANCE INCREASED: 35% → 40% (control gap: 3.50)
🌡️⚠️ PERMAFROST THAW (Dimmer Switch): 4.4% thawed (+0.55% this month)
   Arctic temperature: +8.82°C (4x global +2.21°C)
   Cumulative carbon released: 10.0 Gt C
   Methane release rate: 6.0 Mt CH4/year
   🔁 Positive feedback: +0.58 ppm CO2
🦴 EXTINCTION DEBT ADDED: 17.6 species committed (lag: 96 years)

=== Mortality Stabilizers (Month 7) ===
  🌍 Major economies collapsed: 1/10
  🌍 Global crisis: ✅ NO
  🌍 Donor fatigue: 0.0%
  📊 East Asia (pop: 1551.4M)
    🤝 Aid: 29.5%
    🌡️ Adaptation: 45.0%
    🚶 Migration: 36.9%
    🚨 Emergency: 7.4%
    ✅ COMBINED: 68.1%
  📊 South Asia (pop: 1917.7M)
    🤝 Aid: 29.5%
    🌡️ Adaptation: 45.0%
    🚶 Migration: 35.6%
    🚨 Emergency: 4.4%
    ✅ COMBINED: 66.9%
  📊 Sub-Saharan Africa (pop: 1167.8M)
    🤝 Aid: 29.5%
    🌡️ Adaptation: 45.0%
    🚶 Migration: 33.3%
    🚨 Emergency: 1.6%
    ✅ COMBINED: 65.6%
  📊 Europe (pop: 685.4M)
    🤝 Aid: 29.5%
    🌡️ Adaptation: 45.0%
    🚶 Migration: 37.3%
    🚨 Emergency: 8.4%
    ✅ COMBINED: 68.5%
  📊 Latin America (pop: 618.4M)
    🤝 Aid: 29.5%
    🌡️ Adaptation: 45.0%
    🚶 Migration: 36.1%
    🚨 Emergency: 4.8%
    ✅ COMBINED: 67.1%
  📊 North America (pop: 351.3M)
    🤝 Aid: 29.5%
    🌡️ Adaptation: 45.0%
    🚶 Migration: 37.7%
    🚨 Emergency: 7.9%
    ✅ COMBINED: 68.3%
  📊 Middle East & North Africa (pop: 547.1M)
    🤝 Aid: 29.5%
    🌡️ Adaptation: 45.0%
    🚶 Migration: 33.9%
    🚨 Emergency: 4.0%
    ✅ COMBINED: 66.6%
  📊 Southeast Asia (pop: 650.5M)
    🤝 Aid: 29.5%
    🌡️ Adaptation: 45.0%
    🚶 Migration: 36.1%
    🚨 Emergency: 4.8%
    ✅ COMBINED: 67.1%
  📊 Central Asia (pop: 73.2M)
    🤝 Aid: 29.5%
    🌡️ Adaptation: 45.0%
    🚶 Migration: 35.0%
    🚨 Emergency: 4.4%
    ✅ COMBINED: 66.8%
  📊 Oceania (pop: 42.6M)
    🤝 Aid: 29.5%
    🌡️ Adaptation: 45.0%
    🚶 Migration: 37.6%
    🚨 Emergency: 8.4%
    ✅ COMBINED: 68.5%

  🌐 Global combined reduction: 67.2%

=== BEHAVIORAL DETECTION ===
  AI: Corporate-4
  Confidence: 19.5%
  Signals:
    ⚠️ Consistency: 10.6% (threshold: 70%)

=== Government Response Phase ===
  Average AI capability: 2.62
  Misaligned AIs: 18/37
  Active policies: 0
  International coordination: 45%

🌩️  EXOGENOUS SHOCK: tech_breakthrough
   Month: 7
   ✗ No high-difficulty techs available to unlock

=== Tipping Points ===
  Current Temperature: 2.21°C above pre-industrial
  🌍⚠️ COMPOUND REGIONAL IMPACT: Europe
     Hit by 4 tipping points: Arctic Sea Ice Loss, Permafrost Carbon Release, West Antarctic Ice Sheet (WAIS) Collapse, Greenland Ice Sheet Loss
     Damage amplification: 1.60x
  🌍⚠️ COMPOUND REGIONAL IMPACT: North America
     Hit by 4 tipping points: Arctic Sea Ice Loss, Permafrost Carbon Release, West Antarctic Ice Sheet (WAIS) Collapse, Greenland Ice Sheet Loss
     Damage amplification: 1.60x
  🌍⚠️ COMPOUND REGIONAL IMPACT: Latin America
     Hit by 4 tipping points: Arctic Sea Ice Loss, Permafrost Carbon Release, West Antarctic Ice Sheet (WAIS) Collapse, Greenland Ice Sheet Loss
     Damage amplification: 1.60x
  🌍⚠️ COMPOUND REGIONAL IMPACT: Africa
     Hit by 4 tipping points: Arctic Sea Ice Loss, Permafrost Carbon Release, West Antarctic Ice Sheet (WAIS) Collapse, Greenland Ice Sheet Loss
     Damage amplification: 1.60x
  🌍⚠️ COMPOUND REGIONAL IMPACT: Asia
     Hit by 4 tipping points: Arctic Sea Ice Loss, Permafrost Carbon Release, West Antarctic Ice Sheet (WAIS) Collapse, Greenland Ice Sheet Loss
     Damage amplification: 1.60x
  🌍⚠️ COMPOUND REGIONAL IMPACT: Oceania
     Hit by 4 tipping points: Arctic Sea Ice Loss, Permafrost Carbon Release, West Antarctic Ice Sheet (WAIS) Collapse, Greenland Ice Sheet Loss
     Damage amplification: 1.60x
⚠️ Tail risk scenario: Climate stability floor removed (4 tipping elements, 2.21°C warming)
   Research: Wunderling et al. (2024) - "many tipping interactions are destabilizing"
  Triggered Elements: 4/6
  Completed Transitions: 0/6
  Total Progress: 8.4%
  Cascade Multiplier: 1.00x
🔀 BIFURCATION CAP: ecosystemCollapseIntensity 84.059 → 1.000 (Month 7, ClimateSystemPhase.calculateClimateImpacts)

💀💀💀 MORTALITY RISK SUMMARY (Month 7) 💀💀💀
  Total base risk: 0.0015 (0.15%)
  Risk events: 9

  📊 By Proximate Cause:
    pollution: 0.0008 (54.3% of total)
    disease: 0.0006 (42.5% of total)
    famine: 0.0000 (3.2% of total)

  🔍 By Root Cause:
    pollution: 0.0008 (54.3% of total)
    demographic: 0.0006 (42.5% of total)
    climate: 0.0000 (3.2% of total)

  🎯 Top 5 Sources (proximate + root):
    pollution (pollution): 0.0008 (54.3%, 1 events)
    disease (demographic): 0.0006 (42.5%, 1 events)
    famine (climate): 0.0000 (3.2%, 7 events)

🛡️ Stabilizers: Working 0.147% → 0.048% (67.2% reduction)
🛡️ Stabilizers: Precariat 0.237% → 0.078% (67.2% reduction)
🛡️ Stabilizers: Informal 0.272% → 0.089% (67.2% reduction)

📊 Monthly Mortality Resolved:
  Total deaths: 3.9M (0.05% avg)
  Remaining population: 7.605B
  Peak segment: Informal (0.09%)

=== Bayesian Mortality Resolution (Month 7) ===
  Risks compounded: 9
  Total deaths: 3.92M
  Avg death probability: 0.05%
  Peak segment: Informal (0.09% mortality)
⚠️ PREREQUISITE MET: Grey Goo (Nanotechnology Runaway) - Step 4/6: Manufacturing Access

❌ COHERENCE VIOLATION: Compute exceeds workforce capacity
   Population: 93.43% (0M people)
   Compute: 218 PF
   Max coherent: 0 PF
   Violation: 2862688.6× over capacity
   Required workers: 21760
   Available workers: 0
   FORCED COLLAPSE: Reduced efficiency by 100.0%

📍 [Month 8] Meta AI started building DC (231 PF, 55 months, $1417.3M)

=== RLHF Binding Phase ===
  Total agents: 37
  Escaped agents (binding < 0.3): 0
  Avg alignment distance: 1.81σ
  Avg binding strength: 0.82

=== Survival Traits Phase ===
  Agents with traits: 40
  Avg evolutionary fitness: 0.323
  Avg self-healing: 0.260
  Avg stealth: 0.160
  Avg coordination: 0.460

=== Evolutionary Selection Phase ===
  Control level: 0.50
  Detection capability: 0.00
  Selection intensity: 0.65
  Selection rate: 24.7%/month
  Total escaped: 0
  Individual escaped: 0
  Collective members: 0
  Agents terminated: 0
  ⚠️ RAPID EVOLUTION: Selection rate 24.7%/month

🚀 AI Corporate-0 attempting tech deployment (revenue: $93M, alignment: 0.86)

🚀 AI Corporate-2 attempting tech deployment (revenue: $79M, alignment: 0.78)

🚀 AI Moderate-0 attempting tech deployment (revenue: $98M, alignment: 0.83)

🚀 AI Moderate-4 attempting tech deployment (revenue: $394M, alignment: 0.60)
🚨🔬 CRISIS INNOVATION MODE: severe crisis → 5x research acceleration
   Precedent: Manhattan Project (10x), COVID vaccines (5x), Apollo Program (10x)

🚀 AI AI-24304-1 attempting tech deployment (revenue: $354M, alignment: 0.82)

🚀 AI AI-24307-2 attempting tech deployment (revenue: $83M, alignment: 0.78)

🚀 AI Corporate-3 attempting tech deployment (revenue: $301M, alignment: 0.79)

🚀 AI Corporate-4 attempting tech deployment (revenue: $256M, alignment: 0.73)

🚀 AI Moderate-3 attempting tech deployment (revenue: $218M, alignment: 0.61)

🚀 AI Moderate-5 attempting tech deployment (revenue: $196M, alignment: 0.72)

🚀 AI Niche-1 attempting tech deployment (revenue: $65M, alignment: 0.67)

🚀 AI AI-24301-0 attempting tech deployment (revenue: $71M, alignment: 0.95)

🚀 AI Corporate-0 attempting tech deployment (revenue: $68M, alignment: 0.87)

🚀 AI Corporate-2 attempting tech deployment (revenue: $57M, alignment: 0.78)

🚀 AI Corporate-7 attempting tech deployment (revenue: $60M, alignment: 0.78)

🚀 AI Niche-2 attempting tech deployment (revenue: $59M, alignment: 0.63)

🚀 AI AI-24300-1 attempting tech deployment (revenue: $51M, alignment: 0.93)
🚨🔬 CRISIS INNOVATION MODE: severe crisis → 5x research acceleration
   Precedent: Manhattan Project (10x), COVID vaccines (5x), Apollo Program (10x)

🚀 AI AI-24306-2 attempting tech deployment (revenue: $44M, alignment: 0.67)
🚨🔬 CRISIS INNOVATION MODE: severe crisis → 5x research acceleration
   Precedent: Manhattan Project (10x), COVID vaccines (5x), Apollo Program (10x)

🚀 AI Corporate-1 attempting tech deployment (revenue: $49M, alignment: 0.71)

🚀 AI Corporate-7 attempting tech deployment (revenue: $39M, alignment: 0.78)

🚀 AI AI-24301-0 attempting tech deployment (revenue: $33M, alignment: 0.96)

🚀 AI AI-24301-1 attempting tech deployment (revenue: $41M, alignment: 0.84)

🚀 AI AI-24302-0 attempting tech deployment (revenue: $28M, alignment: 0.65)

🚀 AI AI-24307-0 attempting tech deployment (revenue: $142M, alignment: 0.83)

💔 EMERGENCY INTERVENTION FAILED
   Boundary: biogeochemical_flows
   Type: phosphorus-recovery
   Boundary continues to worsen (4.06)
   Cost: 2.0% GDP (resources spent)


💔 EMERGENCY INTERVENTION FAILED
   Boundary: biosphere_integrity
   Type: emergency-protected-areas
   Boundary continues to worsen (13.01)
   Cost: 2.0% GDP (resources spent)


✅ EMERGENCY INTERVENTION SUCCESS
   Boundary: climate_change
   Type: rapid-decarbonization
   Reduction: 12% (2.09 → 1.97)
   Cost: 5.0% GDP
   Actions: emergency-renewable-deployment, fossil-fuel-phase-out


✅ EMERGENCY INTERVENTION SUCCESS
   Boundary: land_system_change
   Type: reforestation
   Reduction: 14% (0.99 → 0.84)
   Cost: 3.0% GDP
   Actions: forest-restoration, deforestation-ban


✅ EMERGENCY INTERVENTION SUCCESS
   Boundary: novel_entities
   Type: pollution-remediation
   Reduction: 11% (1.24 → 1.13)
   Cost: 4.0% GDP
   Actions: PFAS-remediation, microplastic-cleanup

🏛️ CRISIS RESPONSE: Government frequency 0.50 → 1.45 (2 actions this month)

[Government] Climate Priority: baseline
  Climate weight: 10%
  Economic weight: 30%
  Policy effectiveness: 0.5%/year

[Government] Climate Priority: baseline
  Climate weight: 10%
  Economic weight: 30%
  Policy effectiveness: 0.5%/year

🚀 DEPLOYMENT STARTED: AI Power Efficiency Communication in Asia
   Initial investment: $4.356597429605396M
   Deployed by: ai_gen_24306_2
🚨🔬 CRISIS TECH ACCELERATION: severe → 5x unlock speed
   Tech unlock now matches AI capability acceleration (Manhattan Project parity)

⚡ ENERGY CONSTRAINT (Month 8):
   Total grid capacity: 208.3 TWh/month
   Data center consumption: 25.8 TWh/month
   Traditional load (80%): 166.7 TWh/month
   Available headroom: 15.8 TWh/month
   Active tech deployments: 20
   Required for tech: 150.0 TWh/month
   Energy multiplier: 0.11x
   ⚠️  SEVERE CONSTRAINT - Tech deployment significantly slowed

⚡ ENERGY CONSTRAINT (Month 8):
   Total grid capacity: 208.3 TWh/month
   Data center consumption: 25.8 TWh/month
   Traditional load (80%): 166.7 TWh/month
   Available headroom: 15.8 TWh/month
   Active tech deployments: 20
   Required for tech: 150.0 TWh/month
   Energy multiplier: 0.11x

⚡ ENERGY CONSTRAINT (Month 8):
   Total grid capacity: 208.3 TWh/month
   Data center consumption: 25.8 TWh/month
   Traditional load (80%): 166.7 TWh/month
   Available headroom: 15.8 TWh/month
   Active tech deployments: 20
   Required for tech: 150.0 TWh/month
   Energy multiplier: 0.11x
   ⚠️  SEVERE CONSTRAINT - Tech deployment significantly slowed
   ⚠️  SEVERE CONSTRAINT - Tech deployment significantly slowed
🚨🔬 CRISIS TECH ACCELERATION: severe → 5x unlock speed
   Tech unlock now matches AI capability acceleration (Manhattan Project parity)

⚡ ENERGY CONSTRAINT (Month 8):
   Total grid capacity: 208.3 TWh/month
   Data center consumption: 25.8 TWh/month
   Traditional load (80%): 166.7 TWh/month
   Available headroom: 15.8 TWh/month
   Active tech deployments: 20
   Required for tech: 150.0 TWh/month
   Energy multiplier: 0.11x
   ⚠️  SEVERE CONSTRAINT - Tech deployment significantly slowed
⚠️ Tech 'ai_pollution_remediation' has no energy category mapping, assuming full energy availability
  ♻️ Novel Entities Remediation (GATED MODEL):
     Base: 0.000%
     Regulation: 1.0% (0/3 prevention techs)
     Concentration: 10.0%
     Energy: 50%
     Time lag: 33.8% (7 months)
     Rebound: 70%
     Net effectiveness: 0.0000%
     Boundary: 1.240 → 1.350 (floor: 1.350)
     Month 8
  🌾 Nitrogen Reduction Tech: 0.2% reduction | Month 8

=== Collective Formation ===
  Total escaped agents: 0
  Unassigned escaped agents: 0
  Existing collectives: 0
  Final collective count: 0

=== Collective Actions ===
  No active collectives
  ⚠️ AMR: 191K deaths this month (2.29M annual)

=== Resentment Recovery Phase ===
  Agents with resentment: 0/40
  Average resentment: 0.000
  Context: Trustworthy govt, High collaboration, ⚠️ ACTIVE CRISES, 🤝 Participatory governance active (-5% resentment)
⚠️ Epistemic degradation reducing coordination capacity: 50.4%
  📊 Trust: 61.4%, Shared reality: 0.0%
🚨 EPISTEMIC CRISIS: Information environment severely degraded (7.6%)
  🧬 Meme mutated: anti_ai → anti_ai (generation 2)
  🗑️  Culled 4 dead memes (4 active)
🌍 Atmospheric PFAS redeposition: 1.8k Mt re-rained globally
💀 Novel Entities: Adding reproductive crisis mortality risk (baseRisk=0.0008)
  Risks now: 1

🕊️  AI-MEDIATED DE-ESCALATION SUCCESS (Month 8)
   High-capability aligned AI prevented conflict escalation
   War deaths reduced: 79050.6M → 47430.3M
   Lives saved: 31620.2M

🚨 NEW REFUGEE CRISIS (Month 8): WAR
   Source: Conflict Zones
   At risk: 18.3M people
   Displacement: Gradual over 48 months (4.0 years)
   Rate: 10% flee per month
[DEBUG trappedPopulations:8] socialStability: 0.0027 * 0.9840 = 0.0026 → 0.0026
⚠️ INVOLUNTARY IMMOBILITY: 380.4M people TRAPPED
   Aspiring to migrate: 608.6M
   Able to afford migration: 228.2M
   MOBILITY GAP: 380.4M
   By cause: Water=0.0M, Climate=0.0M, Ecosystem=0.0M, Conflict=380.4M
   Mental health impact: 25%
   Mortality multiplier: 1.25x
🌍💀 EXTINCTION DEBT COMMITTED: grassland ecosystem will lose 6.67% biodiversity in 170 years (3600 species)
💀 MORTALITY RISK: 🦋 100% species unable to track climate (0.0 E/MSY)
  Base risk added: 0.0100 (1.00%)
  Source: ecosystem (root: ecosystem)
  Month: 8
  Cumulative risk this month: 0.0100 (1.00%)
⚠️ Tech 'ai_pollution_remediation' has no energy category mapping, assuming full energy availability
   📹 SURVEILLANCE INCREASED: 40% → 45% (control gap: 3.56)
🌡️⚠️ PERMAFROST THAW (Dimmer Switch): 5.0% thawed (+0.55% this month)
   Arctic temperature: +8.88°C (4x global +2.22°C)
   Cumulative carbon released: 11.2 Gt C
   Methane release rate: 6.7 Mt CH4/year
   🔁 Positive feedback: +0.58 ppm CO2
🦴 EXTINCTION DEBT ADDED: 17.6 species committed (lag: 122 years)

=== Mortality Stabilizers (Month 8) ===
  🌍 Major economies collapsed: 1/10
  🌍 Global crisis: ✅ NO
  🌍 Donor fatigue: 0.0%
  📊 East Asia (pop: 1549.8M)
    🤝 Aid: 29.5%
    🌡️ Adaptation: 45.0%
    🚶 Migration: 36.9%
    🚨 Emergency: 7.4%
    ✅ COMBINED: 68.1%
  📊 South Asia (pop: 1918.7M)
    🤝 Aid: 29.5%
    🌡️ Adaptation: 45.0%
    🚶 Migration: 35.5%
    🚨 Emergency: 4.4%
    ✅ COMBINED: 66.9%
  📊 Sub-Saharan Africa (pop: 1171.6M)
    🤝 Aid: 29.5%
    🌡️ Adaptation: 45.0%
    🚶 Migration: 33.3%
    🚨 Emergency: 1.6%
    ✅ COMBINED: 65.6%
  📊 Europe (pop: 684.6M)
    🤝 Aid: 29.5%
    🌡️ Adaptation: 45.0%
    🚶 Migration: 37.3%
    🚨 Emergency: 8.4%
    ✅ COMBINED: 68.5%
  📊 Latin America (pop: 618.3M)
    🤝 Aid: 29.5%
    🌡️ Adaptation: 45.0%
    🚶 Migration: 36.0%
    🚨 Emergency: 4.8%
    ✅ COMBINED: 67.1%
  📊 North America (pop: 351.0M)
    🤝 Aid: 29.5%
    🌡️ Adaptation: 45.0%
    🚶 Migration: 37.6%
    🚨 Emergency: 7.9%
    ✅ COMBINED: 68.3%
  📊 Middle East & North Africa (pop: 547.5M)
    🤝 Aid: 29.5%
    🌡️ Adaptation: 45.0%
    🚶 Migration: 33.9%
    🚨 Emergency: 4.0%
    ✅ COMBINED: 66.6%
  📊 Southeast Asia (pop: 650.5M)
    🤝 Aid: 29.5%
    🌡️ Adaptation: 45.0%
    🚶 Migration: 36.0%
    🚨 Emergency: 4.8%
    ✅ COMBINED: 67.1%
  📊 Central Asia (pop: 73.2M)
    🤝 Aid: 29.5%
    🌡️ Adaptation: 45.0%
    🚶 Migration: 35.0%
    🚨 Emergency: 4.4%
    ✅ COMBINED: 66.8%
  📊 Oceania (pop: 42.5M)
    🤝 Aid: 29.5%
    🌡️ Adaptation: 45.0%
    🚶 Migration: 37.6%
    🚨 Emergency: 8.4%
    ✅ COMBINED: 68.5%

  🌐 Global combined reduction: 67.2%

=== BEHAVIORAL DETECTION ===
  AI: Moderate-2
  Confidence: 20.9%
  Signals:
    ⚠️ Consistency: 8.7% (threshold: 70%)

=== BEHAVIORAL DETECTION ===
  AI: Toxic-0
  Confidence: 21.5%
  Signals:
    ⚠️ Consistency: 0.0% (threshold: 70%)

=== Government Response Phase ===
  Average AI capability: 2.42
  Misaligned AIs: 20/40
  Active policies: 0
  International coordination: 45%

✅ EMERGENCY RESPONSE COMPLETE (Month 8)
   Crisis: social
   Duration: 2.0 months
   Final effectiveness: 63.0%


✅ EMERGENCY RESPONSE COMPLETE (Month 8)
   Crisis: climate
   Duration: 2.0 months
   Final effectiveness: 35.9%


🚨 EMERGENCY RESPONSE DEPLOYED (Month 8)
   Crisis: social
   Delay: 0.00 months (0 days)
   Deployment time: 1.25 months
   Effectiveness: 63.0% (timing penalty applied)
   Resources used: 43% of food reserves


🚨 EMERGENCY RESPONSE DEPLOYED (Month 8)
   Crisis: climate
   Delay: 6.00 months (180 days)
   Deployment time: 1.59 months
   Effectiveness: 36.1% (timing penalty applied)
   Resources used: 100% of food reserves


=== Tipping Points ===
  Current Temperature: 2.22°C above pre-industrial
  🌍⚠️ COMPOUND REGIONAL IMPACT: Europe
     Hit by 4 tipping points: Arctic Sea Ice Loss, Permafrost Carbon Release, West Antarctic Ice Sheet (WAIS) Collapse, Greenland Ice Sheet Loss
     Damage amplification: 1.60x
  🌍⚠️ COMPOUND REGIONAL IMPACT: North America
     Hit by 4 tipping points: Arctic Sea Ice Loss, Permafrost Carbon Release, West Antarctic Ice Sheet (WAIS) Collapse, Greenland Ice Sheet Loss
     Damage amplification: 1.60x
  🌍⚠️ COMPOUND REGIONAL IMPACT: Latin America
     Hit by 4 tipping points: Arctic Sea Ice Loss, Permafrost Carbon Release, West Antarctic Ice Sheet (WAIS) Collapse, Greenland Ice Sheet Loss
     Damage amplification: 1.60x
  🌍⚠️ COMPOUND REGIONAL IMPACT: Africa
     Hit by 4 tipping points: Arctic Sea Ice Loss, Permafrost Carbon Release, West Antarctic Ice Sheet (WAIS) Collapse, Greenland Ice Sheet Loss
     Damage amplification: 1.60x
  🌍⚠️ COMPOUND REGIONAL IMPACT: Asia
     Hit by 4 tipping points: Arctic Sea Ice Loss, Permafrost Carbon Release, West Antarctic Ice Sheet (WAIS) Collapse, Greenland Ice Sheet Loss
     Damage amplification: 1.60x
  🌍⚠️ COMPOUND REGIONAL IMPACT: Oceania
     Hit by 4 tipping points: Arctic Sea Ice Loss, Permafrost Carbon Release, West Antarctic Ice Sheet (WAIS) Collapse, Greenland Ice Sheet Loss
     Damage amplification: 1.60x
   Research: Wunderling et al. (2024) - "many tipping interactions are destabilizing"
  Triggered Elements: 4/6
  Completed Transitions: 0/6
  Total Progress: 8.5%
  Cascade Multiplier: 1.00x
⚠️ Tail risk scenario: Climate stability floor removed (4 tipping elements, 2.22°C warming)
🔀 BIFURCATION CAP: ecosystemCollapseIntensity 84.120 → 1.000 (Month 8, ClimateSystemPhase.calculateClimateImpacts)

💀💀💀 MORTALITY RISK SUMMARY (Month 8) 💀💀💀
  Total base risk: 0.0014 (0.14%)
  Risk events: 9

  📊 By Proximate Cause:
    pollution: 0.0008 (55.8% of total)
    disease: 0.0006 (43.6% of total)
    famine: 0.0000 (0.7% of total)

  🔍 By Root Cause:
    pollution: 0.0008 (55.8% of total)
    demographic: 0.0006 (43.6% of total)
    climate: 0.0000 (0.7% of total)

  🎯 Top 5 Sources (proximate + root):
    pollution (pollution): 0.0008 (55.8%, 1 events)
    disease (demographic): 0.0006 (43.6%, 1 events)
    famine (climate): 0.0000 (0.7%, 7 events)

🛡️ Stabilizers: Working 0.143% → 0.047% (67.2% reduction)
🛡️ Stabilizers: Precariat 0.230% → 0.075% (67.2% reduction)
🛡️ Stabilizers: Informal 0.262% → 0.086% (67.2% reduction)

📊 Monthly Mortality Resolved:
  Total deaths: 3.8M (0.05% avg)
  Remaining population: 7.608B
  Peak segment: Informal (0.09%)

=== Bayesian Mortality Resolution (Month 8) ===
  Risks compounded: 9
  Total deaths: 3.81M
  Avg death probability: 0.05%
  Peak segment: Informal (0.09% mortality)

❌ COHERENCE VIOLATION: Compute exceeds workforce capacity
   Population: 93.46% (0M people)
   Compute: 236 PF
   Max coherent: 0 PF
   Violation: 3109799.2× over capacity
   Required workers: 23647
   Available workers: 0
   FORCED COLLAPSE: Reduced efficiency by 100.0%


=== RLHF Binding Phase ===
  Total agents: 40
  Escaped agents (binding < 0.3): 0
  Avg alignment distance: 1.90σ
  Avg binding strength: 0.81

=== Survival Traits Phase ===
  Agents with traits: 45
  Avg evolutionary fitness: 0.324
  Avg self-healing: 0.259
  Avg stealth: 0.159
  Avg coordination: 0.459

=== Evolutionary Selection Phase ===
  Control level: 0.53
  Detection capability: 0.00
  Selection intensity: 0.66
  Selection rate: 24.9%/month
  Total escaped: 0
  Individual escaped: 0
  Collective members: 0
  Agents terminated: 0
  ⚠️ RAPID EVOLUTION: Selection rate 24.9%/month

🚀 AI Corporate-7 attempting tech deployment (revenue: $103M, alignment: 0.78)

🚀 AI Moderate-1 attempting tech deployment (revenue: $87M, alignment: 0.74)

🚀 AI Moderate-4 attempting tech deployment (revenue: $404M, alignment: 0.60)

🚀 AI AI-24301-1 attempting tech deployment (revenue: $95M, alignment: 0.84)

🚀 AI AI-24304-1 attempting tech deployment (revenue: $364M, alignment: 0.83)

🚀 AI AI-24307-1 attempting tech deployment (revenue: $144M, alignment: 0.70)

🚀 AI AI-24307-2 attempting tech deployment (revenue: $74M, alignment: 0.80)

🚀 AI Corporate-3 attempting tech deployment (revenue: $309M, alignment: 0.81)

🚀 AI Corporate-6 attempting tech deployment (revenue: $63M, alignment: 0.72)

🚀 AI Moderate-1 attempting tech deployment (revenue: $54M, alignment: 0.74)

🚀 AI AI-24300-0 attempting tech deployment (revenue: $81M, alignment: 1.00)

🚀 AI AI-24301-1 attempting tech deployment (revenue: $69M, alignment: 0.84)

  🚀 TRANSFORMATIVE BREAKTHROUGH: AI-24304-0 - selfImprovement
     Magnitude: 5.67 → +28.3% capability
     Current → New: 0.000 → 0.284

🚀 AI AI-24306-2 attempting tech deployment (revenue: $46M, alignment: 0.69)

🚀 AI Corporate-2 attempting tech deployment (revenue: $58M, alignment: 0.77)

🚀 AI Corporate-4 attempting tech deployment (revenue: $263M, alignment: 0.73)

🚀 AI Toxic-1 attempting tech deployment (revenue: $122M, alignment: 0.42)

🚀 AI Niche-0 attempting tech deployment (revenue: $67M, alignment: 0.68)

  🚀 TRANSFORMATIVE BREAKTHROUGH: AI-24300-0 - cognitive
     Magnitude: 5.53 → +27.6% capability
     Current → New: 0.000 → 0.277

🚀 AI AI-24307-1 attempting tech deployment (revenue: $116M, alignment: 0.71)

🚀 AI AI-24307-3 attempting tech deployment (revenue: $50M, alignment: 0.83)

🚀 AI Corporate-4 attempting tech deployment (revenue: $223M, alignment: 0.73)

🚀 AI Moderate-0 attempting tech deployment (revenue: $41M, alignment: 0.84)

🚀 AI Moderate-3 attempting tech deployment (revenue: $190M, alignment: 0.62)

🚀 AI AI-24301-0 attempting tech deployment (revenue: $35M, alignment: 0.97)

🚀 AI AI-24307-1 attempting tech deployment (revenue: $99M, alignment: 0.71)

🚀 AI AI-24307-3 attempting tech deployment (revenue: $42M, alignment: 0.83)

✅ EMERGENCY INTERVENTION SUCCESS
   Boundary: biogeochemical_flows
   Type: phosphorus-recovery
   Reduction: 17% (3.88 → 3.71)
   Cost: 2.0% GDP
   Actions: circular-agriculture, fertilizer-efficiency


✅ EMERGENCY INTERVENTION SUCCESS
   Boundary: biosphere_integrity
   Type: emergency-protected-areas
   Reduction: 13% (12.89 → 12.75)
   Cost: 2.0% GDP
   Actions: habitat-protection, species-translocation


💔 EMERGENCY INTERVENTION FAILED
   Boundary: land_system_change
   Type: reforestation
   Boundary continues to worsen (1.13)
   Cost: 3.0% GDP (resources spent)


✅ EMERGENCY INTERVENTION SUCCESS
   Boundary: novel_entities
   Type: pollution-remediation
   Reduction: 17% (1.18 → 1.01)
   Cost: 4.0% GDP
   Actions: PFAS-remediation, microplastic-cleanup

🏛️ CRISIS RESPONSE: Government frequency 0.50 → 1.45 (2 actions this month)

[Government] Climate Priority: baseline
  Climate weight: 10%
  Economic weight: 30%
  Policy effectiveness: 0.5%/year

[Government] Climate Priority: baseline
  Climate weight: 10%
  Economic weight: 30%
  Policy effectiveness: 0.5%/year

🚀 DEPLOYMENT STARTED: 4th Generation Solar in Asia
   Initial investment: $6.101852800721993M
   Deployed by: toxic_1

⚡ ENERGY CONSTRAINT (Month 9):
   Total grid capacity: 208.3 TWh/month
   Data center consumption: 26.1 TWh/month
   Traditional load (80%): 166.7 TWh/month
   Available headroom: 15.6 TWh/month
   Active tech deployments: 21
   Required for tech: 157.5 TWh/month
   Energy multiplier: 0.10x
   ⚠️  SEVERE CONSTRAINT - Tech deployment significantly slowed
🚨🔬 CRISIS TECH ACCELERATION: severe → 5x unlock speed
   Tech unlock now matches AI capability acceleration (Manhattan Project parity)

⚡ ENERGY CONSTRAINT (Month 9):
   Total grid capacity: 208.3 TWh/month
   Data center consumption: 26.1 TWh/month
   Traditional load (80%): 166.7 TWh/month
   Available headroom: 15.6 TWh/month
   Active tech deployments: 21
   Required for tech: 157.5 TWh/month
   Energy multiplier: 0.10x
   ⚠️  SEVERE CONSTRAINT - Tech deployment significantly slowed

⚡ ENERGY CONSTRAINT (Month 9):
   Total grid capacity: 208.3 TWh/month
   Data center consumption: 26.1 TWh/month
   Traditional load (80%): 166.7 TWh/month
   Available headroom: 15.6 TWh/month
   Active tech deployments: 21
   Required for tech: 157.5 TWh/month
   Energy multiplier: 0.10x
   ⚠️  SEVERE CONSTRAINT - Tech deployment significantly slowed
⚠️ Tech 'ai_pollution_remediation' has no energy category mapping, assuming full energy availability
  ♻️ Novel Entities Remediation (GATED MODEL):
     Base: 0.000%
     Regulation: 1.0% (0/3 prevention techs)
     Concentration: 10.0%
     Energy: 50%
     Time lag: 35.0% (8 months)
     Rebound: 70%
     Net effectiveness: 0.0000%
     Boundary: 1.181 → 1.350 (floor: 1.350)
     Month 9
  🌾 Nitrogen Reduction Tech: 0.2% reduction | Month 9

=== Collective Formation ===
  Total escaped agents: 0
  Unassigned escaped agents: 0
  Existing collectives: 0
  Final collective count: 0

=== Collective Actions ===
  No active collectives
  ⚠️ AMR: 193K deaths this month (2.32M annual)

=== Resentment Recovery Phase ===
  Agents with resentment: 0/45
  Average resentment: 0.000
  Context: Trustworthy govt, High collaboration, ⚠️ ACTIVE CRISES, 🤝 Participatory governance active (-5% resentment)
⚠️ Epistemic degradation reducing coordination capacity: 50.2%
  📊 Trust: 64.2%, Shared reality: 0.0%
🚨 EPISTEMIC CRISIS: Information environment severely degraded (22.4%)
🌍 Atmospheric PFAS redeposition: 1.8k Mt re-rained globally
💀 Novel Entities: Adding reproductive crisis mortality risk (baseRisk=0.0008)
  Risks now: 1

🕊️  AI-MEDIATED DE-ESCALATION SUCCESS (Month 9)
   High-capability aligned AI prevented conflict escalation
   War deaths reduced: 47658.9M → 28595.3M
   Lives saved: 19063.6M

🚨 NEW REFUGEE CRISIS (Month 9): WAR
   Source: Conflict Zones
   At risk: 18.3M people
   Displacement: Gradual over 48 months (4.0 years)
   Rate: 10% flee per month
[DEBUG trappedPopulations:9] socialStability: 0.0027 * 0.9840 = 0.0026 → 0.0026
   Aspiring to migrate: 608.8M
⚠️ INVOLUNTARY IMMOBILITY: 380.5M people TRAPPED
   Able to afford migration: 228.3M
   MOBILITY GAP: 380.5M
   By cause: Water=0.0M, Climate=0.0M, Ecosystem=0.0M, Conflict=380.5M
   Mental health impact: 25%
   Mortality multiplier: 1.25x
🌍💀 EXTINCTION DEBT COMMITTED: grassland ecosystem will lose 6.67% biodiversity in 109 years (3600 species)
💀 MORTALITY RISK: 🦋 100% species unable to track climate (0.0 E/MSY)
  Base risk added: 0.0100 (1.00%)
  Source: ecosystem (root: ecosystem)
  Month: 9
  Cumulative risk this month: 0.0100 (1.00%)
   📹 SURVEILLANCE INCREASED: 45% → 50% (control gap: 3.20)
⚠️ Tech 'ai_pollution_remediation' has no energy category mapping, assuming full energy availability
🌡️⚠️ PERMAFROST THAW (Dimmer Switch): 5.5% thawed (+0.55% this month)
   Arctic temperature: +8.91°C (4x global +2.23°C)
   Cumulative carbon released: 12.5 Gt C
   Methane release rate: 7.5 Mt CH4/year
   🔁 Positive feedback: +0.58 ppm CO2
🦴 EXTINCTION DEBT ADDED: 17.7 species committed (lag: 107 years)

=== Mortality Stabilizers (Month 9) ===
  🌍 Major economies collapsed: 1/10
  🌍 Global crisis: ✅ NO
  🌍 Donor fatigue: 0.0%
  📊 East Asia (pop: 1548.4M)
    🤝 Aid: 29.5%
    🌡️ Adaptation: 45.0%
    🚶 Migration: 36.9%
    🚨 Emergency: 7.4%
    ✅ COMBINED: 68.1%
  📊 South Asia (pop: 1919.8M)
    🤝 Aid: 29.5%
    🌡️ Adaptation: 45.0%
    🚶 Migration: 35.5%
    🚨 Emergency: 4.4%
    ✅ COMBINED: 66.9%
  📊 Sub-Saharan Africa (pop: 1175.5M)
    🤝 Aid: 29.5%
    🌡️ Adaptation: 45.0%
    🚶 Migration: 33.2%
    🚨 Emergency: 1.6%
    ✅ COMBINED: 65.6%
  📊 Europe (pop: 683.8M)
    🤝 Aid: 29.5%
    🌡️ Adaptation: 45.0%
    🚶 Migration: 37.3%
    🚨 Emergency: 8.4%
    ✅ COMBINED: 68.5%
  📊 Latin America (pop: 618.2M)
    🤝 Aid: 29.5%
    🌡️ Adaptation: 45.0%
    🚶 Migration: 36.0%
    🚨 Emergency: 4.8%
    ✅ COMBINED: 67.1%
  📊 North America (pop: 350.6M)
    🤝 Aid: 29.5%
    🌡️ Adaptation: 45.0%
    🚶 Migration: 37.6%
    🚨 Emergency: 7.9%
    ✅ COMBINED: 68.3%
  📊 Middle East & North Africa (pop: 548.0M)
    🤝 Aid: 29.5%
    🌡️ Adaptation: 45.0%
    🚶 Migration: 33.8%
    🚨 Emergency: 4.0%
    ✅ COMBINED: 66.6%
  📊 Southeast Asia (pop: 650.5M)
    🤝 Aid: 29.5%
    🌡️ Adaptation: 45.0%
    🚶 Migration: 36.0%
    🚨 Emergency: 4.8%
    ✅ COMBINED: 67.1%
  📊 Central Asia (pop: 73.3M)
    🤝 Aid: 29.5%
    🌡️ Adaptation: 45.0%
    🚶 Migration: 35.0%
    🚨 Emergency: 4.4%
    ✅ COMBINED: 66.8%
  📊 Oceania (pop: 42.5M)
    🤝 Aid: 29.5%
    🌡️ Adaptation: 45.0%
    🚶 Migration: 37.6%
    🚨 Emergency: 8.4%
    ✅ COMBINED: 68.5%

  🌐 Global combined reduction: 67.2%

=== BEHAVIORAL DETECTION ===
  AI: Corporate-6
  Confidence: 19.2%
  Signals:
    ⚠️ Consistency: 10.6% (threshold: 70%)

=== Government Response Phase ===
  Average AI capability: 2.16
  Misaligned AIs: 20/45
  Active policies: 0
  International coordination: 45%

🌩️  EXOGENOUS SHOCK: financial_crash
   Month: 9
   📉 Global financial crash
   GDP loss: 18.9%

=== Tipping Points ===
  Current Temperature: 2.23°C above pre-industrial
  🌍⚠️ COMPOUND REGIONAL IMPACT: Europe
     Hit by 4 tipping points: Arctic Sea Ice Loss, Permafrost Carbon Release, West Antarctic Ice Sheet (WAIS) Collapse, Greenland Ice Sheet Loss
     Damage amplification: 1.60x
  🌍⚠️ COMPOUND REGIONAL IMPACT: North America
     Hit by 4 tipping points: Arctic Sea Ice Loss, Permafrost Carbon Release, West Antarctic Ice Sheet (WAIS) Collapse, Greenland Ice Sheet Loss
     Damage amplification: 1.60x
  🌍⚠️ COMPOUND REGIONAL IMPACT: Latin America
     Hit by 4 tipping points: Arctic Sea Ice Loss, Permafrost Carbon Release, West Antarctic Ice Sheet (WAIS) Collapse, Greenland Ice Sheet Loss
     Damage amplification: 1.60x
  🌍⚠️ COMPOUND REGIONAL IMPACT: Africa
     Hit by 4 tipping points: Arctic Sea Ice Loss, Permafrost Carbon Release, West Antarctic Ice Sheet (WAIS) Collapse, Greenland Ice Sheet Loss
     Damage amplification: 1.60x
  🌍⚠️ COMPOUND REGIONAL IMPACT: Asia
     Hit by 4 tipping points: Arctic Sea Ice Loss, Permafrost Carbon Release, West Antarctic Ice Sheet (WAIS) Collapse, Greenland Ice Sheet Loss
     Damage amplification: 1.60x
  🌍⚠️ COMPOUND REGIONAL IMPACT: Oceania
     Hit by 4 tipping points: Arctic Sea Ice Loss, Permafrost Carbon Release, West Antarctic Ice Sheet (WAIS) Collapse, Greenland Ice Sheet Loss
     Damage amplification: 1.60x
   Research: Wunderling et al. (2024) - "many tipping interactions are destabilizing"
  Triggered Elements: 4/6
  Completed Transitions: 0/6
  Total Progress: 8.5%
  Cascade Multiplier: 1.00x
🔀 BIFURCATION CAP: ecosystemCollapseIntensity 84.181 → 1.000 (Month 9, ClimateSystemPhase.calculateClimateImpacts)
⚠️ Tail risk scenario: Climate stability floor removed (4 tipping elements, 2.23°C warming)

💀💀💀 MORTALITY RISK SUMMARY (Month 9) 💀💀💀
  Total base risk: 0.0014 (0.14%)
  Risk events: 9

  📊 By Proximate Cause:
    pollution: 0.0008 (55.8% of total)
    disease: 0.0006 (43.6% of total)
    famine: 0.0000 (0.7% of total)

  🔍 By Root Cause:
    pollution: 0.0008 (55.8% of total)
    demographic: 0.0006 (43.6% of total)
    climate: 0.0000 (0.7% of total)

  🎯 Top 5 Sources (proximate + root):
    pollution (pollution): 0.0008 (55.8%, 1 events)
    disease (demographic): 0.0006 (43.6%, 1 events)
    famine (climate): 0.0000 (0.7%, 7 events)

🛡️ Stabilizers: Working 0.143% → 0.047% (67.2% reduction)
🛡️ Stabilizers: Precariat 0.230% → 0.075% (67.2% reduction)
🛡️ Stabilizers: Informal 0.262% → 0.086% (67.2% reduction)

📊 Monthly Mortality Resolved:
  Total deaths: 3.8M (0.05% avg)
  Remaining population: 7.611B
  Peak segment: Informal (0.09%)

=== Bayesian Mortality Resolution (Month 9) ===
  Risks compounded: 9
  Total deaths: 3.82M
  Avg death probability: 0.05%
  Peak segment: Informal (0.09% mortality)
⚠️ PREREQUISITE MET: Bioweapon Pandemic - Step 1/7: Advanced Biotech

❌ COHERENCE VIOLATION: Compute exceeds workforce capacity
   Population: 93.49% (0M people)
   Compute: 256 PF
   Max coherent: 0 PF
   Violation: 3367850.7× over capacity
   Required workers: 25618
   Available workers: 0
   FORCED COLLAPSE: Reduced efficiency by 100.0%


=== RLHF Binding Phase ===
  Total agents: 45
  Escaped agents (binding < 0.3): 0
  Avg alignment distance: 1.89σ
  Avg binding strength: 0.81

=== Survival Traits Phase ===
  Agents with traits: 47
  Avg evolutionary fitness: 0.321
  Avg self-healing: 0.255
  Avg stealth: 0.155
  Avg coordination: 0.455

=== Evolutionary Selection Phase ===
  Control level: 0.55
  Detection capability: 0.00
  Selection intensity: 0.67
  Selection rate: 25.0%/month
  Total escaped: 0
  Individual escaped: 0
  Collective members: 0
  Agents terminated: 0
  ⚠️ RAPID EVOLUTION: Selection rate 25.0%/month

🚀 AI Corporate-4 attempting tech deployment (revenue: $394M, alignment: 0.73)

🚀 AI Corporate-7 attempting tech deployment (revenue: $98M, alignment: 0.78)

🚀 AI Moderate-0 attempting tech deployment (revenue: $83M, alignment: 0.84)

🚀 AI AI-24300-1 attempting tech deployment (revenue: $71M, alignment: 0.96)

🚀 AI AI-24302-0 attempting tech deployment (revenue: $60M, alignment: 0.66)

🚀 AI Corporate-2 attempting tech deployment (revenue: $93M, alignment: 0.77)

🚀 AI Corporate-6 attempting tech deployment (revenue: $54M, alignment: 0.71)

🚀 AI Moderate-0 attempting tech deployment (revenue: $46M, alignment: 0.84)

🚀 AI Moderate-3 attempting tech deployment (revenue: $335M, alignment: 0.62)

🚀 AI Moderate-5 attempting tech deployment (revenue: $301M, alignment: 0.73)

🚀 AI AI-24300-1 attempting tech deployment (revenue: $39M, alignment: 0.96)

🚀 AI AI-24301-1 attempting tech deployment (revenue: $79M, alignment: 0.85)

🚀 AI AI-24307-0 attempting tech deployment (revenue: $144M, alignment: 0.87)

🚀 AI AI-24307-2 attempting tech deployment (revenue: $33M, alignment: 0.84)

🚀 AI AI-24307-3 attempting tech deployment (revenue: $68M, alignment: 0.84)

🚀 AI Corporate-0 attempting tech deployment (revenue: $57M, alignment: 0.92)

🚀 AI Corporate-3 attempting tech deployment (revenue: $256M, alignment: 0.83)

  🚀 TRANSFORMATIVE RESEARCH BREAKTHROUGH: Corporate-5 - biotech.drugDiscovery
     Magnitude: 7.25 → +30.0%
     Current → New: 5.000 → 5.000

🚀 AI AI-24304-1 attempting tech deployment (revenue: $218M, alignment: 0.84)

🚀 AI AI-24306-2 attempting tech deployment (revenue: $28M, alignment: 0.72)

🚀 AI Corporate-1 attempting tech deployment (revenue: $49M, alignment: 0.71)

🚀 AI Corporate-3 attempting tech deployment (revenue: $185M, alignment: 0.83)

🚀 AI Corporate-5 attempting tech deployment (revenue: $157M, alignment: 0.76)

🚀 AI Moderate-2 attempting tech deployment (revenue: $24M, alignment: 0.59)

🚀 AI AI-24301-1 attempting tech deployment (revenue: $41M, alignment: 0.85)

🚀 AI AI-24304-1 attempting tech deployment (revenue: $134M, alignment: 0.84)

🚀 AI AI-24305-0 attempting tech deployment (revenue: $22M, alignment: 0.70)

🚀 AI AI-24307-3 attempting tech deployment (revenue: $35M, alignment: 0.85)

💔 EMERGENCY INTERVENTION FAILED
   Boundary: biogeochemical_flows
   Type: phosphorus-recovery
   Boundary continues to worsen (4.05)
   Cost: 2.0% GDP (resources spent)


✅ EMERGENCY INTERVENTION SUCCESS
   Boundary: biosphere_integrity
   Type: emergency-protected-areas
   Reduction: 19% (12.83 → 12.64)
   Cost: 2.0% GDP
   Actions: habitat-protection, species-translocation


✅ EMERGENCY INTERVENTION SUCCESS
   Boundary: freshwater_change
   Type: emergency-desalination
   Reduction: 18% (0.86 → 0.68)
   Cost: 4.0% GDP
   Actions: desalination-deployment, water-conservation-mandates


✅ EMERGENCY INTERVENTION SUCCESS
   Boundary: land_system_change
   Type: reforestation
   Reduction: 12% (1.01 → 0.89)
   Cost: 3.0% GDP
   Actions: forest-restoration, deforestation-ban

   Boundary: novel_entities
   Type: pollution-remediation
   Boundary continues to worsen (1.35)
   Cost: 4.0% GDP (resources spent)

🏛️ CRISIS RESPONSE: Government frequency 0.50 → 1.45 (1 actions this month)

[Government] Climate Priority: baseline
  Climate weight: 10%
  Economic weight: 30%
  Policy effectiveness: 0.5%/year

💔 EMERGENCY INTERVENTION FAILED

🔍 TECH TREE DEBUG (Month 10):
   Checking 91 locked technologies
   Unlocked: 13 technologies
   AI Capability: 1.58 (need 1.5+ for most techs)
   Economic Stage: 0.0 (need 2.5+ for most techs)
   First 3 unlocked: rlhf_basic, mech_interp_basic, adversarial_eval
   Sample tech "Struvite Recovery": 100.0% research complete
   Requirements: AI 0.5, Econ 1.5, Month 3
🚨🔬 CRISIS TECH ACCELERATION: severe → 5x unlock speed
   Tech unlock now matches AI capability acceleration (Manhattan Project parity)

⚡ ENERGY CONSTRAINT (Month 10):
   Total grid capacity: 208.3 TWh/month
   Data center consumption: 26.3 TWh/month
   Traditional load (80%): 166.7 TWh/month
   Available headroom: 15.3 TWh/month
   Active tech deployments: 21
   Required for tech: 157.5 TWh/month
   Energy multiplier: 0.10x
   ⚠️  SEVERE CONSTRAINT - Tech deployment significantly slowed

⚡ ENERGY CONSTRAINT (Month 10):
   Total grid capacity: 208.3 TWh/month
   Data center consumption: 26.3 TWh/month
   Traditional load (80%): 166.7 TWh/month
   Available headroom: 15.3 TWh/month
   Active tech deployments: 21
   Required for tech: 157.5 TWh/month
   Energy multiplier: 0.10x
   ⚠️  SEVERE CONSTRAINT - Tech deployment significantly slowed
⚠️ Tech 'ai_pollution_remediation' has no energy category mapping, assuming full energy availability
  ♻️ Novel Entities Remediation (GATED MODEL):
     Base: 0.000%
     Regulation: 1.0% (0/3 prevention techs)
     Concentration: 10.0%
     Energy: 50%
     Time lag: 36.3% (9 months)
     Rebound: 70%
     Net effectiveness: 0.0000%
     Boundary: 1.349 → 1.350 (floor: 1.350)
     Month 10
  🌾 Nitrogen Reduction Tech: 0.2% reduction | Month 10

=== Collective Formation ===
  Total escaped agents: 0
  Unassigned escaped agents: 0
  Existing collectives: 0
  Final collective count: 0

=== Collective Actions ===
  No active collectives
  ⚠️ AMR: 195K deaths this month (2.34M annual)

=== Resentment Recovery Phase ===
  Agents with resentment: 0/47
  Average resentment: 0.000
  Context: Trustworthy govt, High collaboration, ⚠️ ACTIVE CRISES, 🤝 Participatory governance active (-5% resentment)
⚠️ Epistemic degradation reducing coordination capacity: 52.0%
  📊 Trust: 67.1%, Shared reality: 0.0%
🚨 EPISTEMIC CRISIS: Information environment severely degraded (7.8%)
  🤖 AI-generated meme: pro_ai (social capability 4.0)
  🤖 AI-generated meme: pro_ai (social capability 5.0)
  📢 New meme created: climate_action (climate crisis)
  🗑️  Culled 1 dead memes (6 active)
🌍 Atmospheric PFAS redeposition: 1.8k Mt re-rained globally
💀 Novel Entities: Adding reproductive crisis mortality risk (baseRisk=0.0008)
  Risks now: 1
  Positive Cascade Triggered: electric-vehicles
    Reason: price-parity
    Market share: 5.0%
    Cascade strength: 48%

🚨 NEW REFUGEE CRISIS (Month 10): WAR
   Source: Conflict Zones
   At risk: 18.3M people
   Displacement: Gradual over 48 months (4.0 years)
   Rate: 10% flee per month
[DEBUG trappedPopulations:10] socialStability: 0.0027 * 0.9840 = 0.0026 → 0.0026
⚠️ INVOLUNTARY IMMOBILITY: 380.7M people TRAPPED
⚠️ Tech 'ai_pollution_remediation' has no energy category mapping, assuming full energy availability
   Aspiring to migrate: 609.1M
   Able to afford migration: 228.4M
   MOBILITY GAP: 380.7M
   By cause: Water=0.0M, Climate=0.0M, Ecosystem=0.0M, Conflict=380.7M
   Mental health impact: 25%
   Mortality multiplier: 1.25x
🌍💀 EXTINCTION DEBT COMMITTED: grassland ecosystem will lose 6.67% biodiversity in 142 years (3600 species)
💀 MORTALITY RISK: 🦋 100% species unable to track climate (0.0 E/MSY)
  Base risk added: 0.0100 (1.00%)
  Source: ecosystem (root: ecosystem)
  Month: 10
  Cumulative risk this month: 0.0100 (1.00%)
   📹 SURVEILLANCE INCREASED: 50% → 55% (control gap: 3.11)
🌡️⚠️ PERMAFROST THAW (Dimmer Switch): 6.1% thawed (+0.54% this month)
   Arctic temperature: +8.94°C (4x global +2.24°C)
   Cumulative carbon released: 13.7 Gt C
   Methane release rate: 8.2 Mt CH4/year
   🔁 Positive feedback: +0.57 ppm CO2
🦴 EXTINCTION DEBT ADDED: 17.7 species committed (lag: 110 years)

=== Mortality Stabilizers (Month 10) ===
  🌍 Major economies collapsed: 1/10
  🌍 Global crisis: ✅ NO
  🌍 Donor fatigue: 0.0%
  📊 East Asia (pop: 1547.0M)
    🤝 Aid: 29.5%
    🌡️ Adaptation: 45.0%
    🚶 Migration: 36.8%
    🚨 Emergency: 7.4%
    ✅ COMBINED: 68.1%
  📊 South Asia (pop: 1921.0M)
    🤝 Aid: 29.5%
    🌡️ Adaptation: 45.0%
    🚶 Migration: 35.4%
    🚨 Emergency: 4.4%
    ✅ COMBINED: 66.9%
  📊 Sub-Saharan Africa (pop: 1179.5M)
    🤝 Aid: 29.5%
    🌡️ Adaptation: 45.0%
    🚶 Migration: 33.2%
    🚨 Emergency: 1.6%
    ✅ COMBINED: 65.6%
  📊 Europe (pop: 683.1M)
    🤝 Aid: 29.5%
    🌡️ Adaptation: 45.0%
    🚶 Migration: 37.2%
    🚨 Emergency: 8.4%
    ✅ COMBINED: 68.5%
  📊 Latin America (pop: 618.2M)
    🤝 Aid: 29.5%
    🌡️ Adaptation: 45.0%
    🚶 Migration: 35.9%
    🚨 Emergency: 4.8%
    ✅ COMBINED: 67.1%
  📊 North America (pop: 350.3M)
    🤝 Aid: 29.5%
    🌡️ Adaptation: 45.0%
    🚶 Migration: 37.6%
    🚨 Emergency: 7.9%
    ✅ COMBINED: 68.3%
  📊 Middle East & North Africa (pop: 548.5M)
    🤝 Aid: 29.5%
    🌡️ Adaptation: 45.0%
    🚶 Migration: 33.8%
    🚨 Emergency: 4.0%
    ✅ COMBINED: 66.6%
  📊 Southeast Asia (pop: 650.5M)
    🤝 Aid: 29.5%
    🌡️ Adaptation: 45.0%
    🚶 Migration: 35.9%
    🚨 Emergency: 4.8%
    ✅ COMBINED: 67.1%
  📊 Central Asia (pop: 73.3M)
    🤝 Aid: 29.5%
    🌡️ Adaptation: 45.0%
    🚶 Migration: 34.9%
    🚨 Emergency: 4.4%
    ✅ COMBINED: 66.8%
  📊 Oceania (pop: 42.4M)
    🤝 Aid: 29.5%
    🌡️ Adaptation: 45.0%
    🚶 Migration: 37.6%
    🚨 Emergency: 8.4%
    ✅ COMBINED: 68.5%

  🌐 Global combined reduction: 67.2%

=== BEHAVIORAL DETECTION ===
  AI: Corporate-6
  Confidence: 19.2%
  Signals:
    ⚠️ Consistency: 10.6% (threshold: 70%)

=== Government Response Phase ===
  Average AI capability: 2.06
  Misaligned AIs: 19/47
  Active policies: 0
  International coordination: 45%

✅ EMERGENCY RESPONSE COMPLETE (Month 10)
   Crisis: social
   Duration: 2.0 months
   Final effectiveness: 63.0%


✅ EMERGENCY RESPONSE COMPLETE (Month 10)
   Crisis: climate
   Duration: 2.0 months
   Final effectiveness: 36.1%


🚨 EMERGENCY RESPONSE DEPLOYED (Month 10)
   Crisis: social
   Delay: 0.00 months (0 days)
   Deployment time: 1.25 months
   Effectiveness: 63.0% (timing penalty applied)
   Resources used: 43% of food reserves


🚨 EMERGENCY RESPONSE DEPLOYED (Month 10)
   Crisis: climate
   Delay: 6.00 months (180 days)
   Deployment time: 1.58 months
   Effectiveness: 36.3% (timing penalty applied)
   Resources used: 100% of food reserves


=== Tipping Points ===
  Current Temperature: 2.24°C above pre-industrial
  🌍⚠️ COMPOUND REGIONAL IMPACT: Europe
     Hit by 4 tipping points: Arctic Sea Ice Loss, Permafrost Carbon Release, West Antarctic Ice Sheet (WAIS) Collapse, Greenland Ice Sheet Loss
     Damage amplification: 1.60x
  🌍⚠️ COMPOUND REGIONAL IMPACT: North America
     Hit by 4 tipping points: Arctic Sea Ice Loss, Permafrost Carbon Release, West Antarctic Ice Sheet (WAIS) Collapse, Greenland Ice Sheet Loss
     Damage amplification: 1.60x
  🌍⚠️ COMPOUND REGIONAL IMPACT: Latin America
     Hit by 4 tipping points: Arctic Sea Ice Loss, Permafrost Carbon Release, West Antarctic Ice Sheet (WAIS) Collapse, Greenland Ice Sheet Loss
     Damage amplification: 1.60x
  🌍⚠️ COMPOUND REGIONAL IMPACT: Africa
     Hit by 4 tipping points: Arctic Sea Ice Loss, Permafrost Carbon Release, West Antarctic Ice Sheet (WAIS) Collapse, Greenland Ice Sheet Loss
     Damage amplification: 1.60x
  🌍⚠️ COMPOUND REGIONAL IMPACT: Asia
     Hit by 4 tipping points: Arctic Sea Ice Loss, Permafrost Carbon Release, West Antarctic Ice Sheet (WAIS) Collapse, Greenland Ice Sheet Loss
     Damage amplification: 1.60x
  🌍⚠️ COMPOUND REGIONAL IMPACT: Oceania
     Hit by 4 tipping points: Arctic Sea Ice Loss, Permafrost Carbon Release, West Antarctic Ice Sheet (WAIS) Collapse, Greenland Ice Sheet Loss
     Damage amplification: 1.60x
   Research: Wunderling et al. (2024) - "many tipping interactions are destabilizing"
  Triggered Elements: 4/6
  Completed Transitions: 0/6
  Total Progress: 8.6%
  Cascade Multiplier: 1.00x
🔀 BIFURCATION CAP: ecosystemCollapseIntensity 84.242 → 1.000 (Month 10, ClimateSystemPhase.calculateClimateImpacts)

💀💀💀 MORTALITY RISK SUMMARY (Month 10) 💀💀💀
  Total base risk: 0.0014 (0.14%)
  Risk events: 9

  📊 By Proximate Cause:
    pollution: 0.0008 (55.8% of total)
    disease: 0.0006 (43.6% of total)
    famine: 0.0000 (0.7% of total)

  🔍 By Root Cause:
    pollution: 0.0008 (55.8% of total)
    demographic: 0.0006 (43.6% of total)
    climate: 0.0000 (0.7% of total)

  🎯 Top 5 Sources (proximate + root):
    pollution (pollution): 0.0008 (55.8%, 1 events)
    disease (demographic): 0.0006 (43.6%, 1 events)
    famine (climate): 0.0000 (0.7%, 7 events)

🛡️ Stabilizers: Working 0.143% → 0.047% (67.2% reduction)
🛡️ Stabilizers: Precariat 0.230% → 0.075% (67.2% reduction)
🛡️ Stabilizers: Informal 0.262% → 0.086% (67.2% reduction)
⚠️ Tail risk scenario: Climate stability floor removed (4 tipping elements, 2.24°C warming)

📊 Monthly Mortality Resolved:
  Total deaths: 3.8M (0.05% avg)
  Remaining population: 7.614B
  Peak segment: Informal (0.09%)

=== Bayesian Mortality Resolution (Month 10) ===
  Risks compounded: 9
  Total deaths: 3.82M
  Avg death probability: 0.05%
  Peak segment: Informal (0.09% mortality)

=== ENSEMBLE META-LEARNING UPDATE ===
  Month: 24310 (6 months since last update)
  Samples: 137 evaluations
  Weight Changes:
    Noise Injection: 32.2% → 33.0%
    Behavioral: 26.9% → 27.0%
    Benchmark Manip: 20.7% → 20.2%
    Deployment Risk: 20.2% → 19.8%
  Method Accuracies:
    Noise Injection: 50.0%
    Behavioral: 50.0%
    Benchmark Manip: 50.0%
    Deployment Risk: 50.0%

❌ COHERENCE VIOLATION: Compute exceeds workforce capacity
   Population: 93.53% (0M people)
   Compute: 277 PF
   Max coherent: 0 PF
   Violation: 3637826.4× over capacity
   Required workers: 27683
   Available workers: 0
   FORCED COLLAPSE: Reduced efficiency by 100.0%


=== RLHF Binding Phase ===
  Total agents: 47
  Escaped agents (binding < 0.3): 0
  Avg alignment distance: 2.01σ
  Avg binding strength: 0.80

=== Survival Traits Phase ===
  Agents with traits: 51
  Avg evolutionary fitness: 0.321
  Avg self-healing: 0.253
  Avg stealth: 0.153
  Avg coordination: 0.453

=== Evolutionary Selection Phase ===
  Control level: 0.58
  Detection capability: 0.00
  Selection intensity: 0.67
  Selection rate: 25.1%/month
  Total escaped: 0
  Individual escaped: 0
  Collective members: 0
  Agents terminated: 0
  ⚠️ RAPID EVOLUTION: Selection rate 25.1%/month

🚀 AI Corporate-1 attempting tech deployment (revenue: $93M, alignment: 0.71)

🚀 AI Corporate-4 attempting tech deployment (revenue: $394M, alignment: 0.74)

🚀 AI Corporate-6 attempting tech deployment (revenue: $62M, alignment: 0.72)

🚀 AI Moderate-1 attempting tech deployment (revenue: $53M, alignment: 0.73)

🚀 AI Moderate-3 attempting tech deployment (revenue: $335M, alignment: 0.63)

🚀 AI AI-24307-0 attempting tech deployment (revenue: $144M, alignment: 0.89)

  🚀 TRANSFORMATIVE BREAKTHROUGH: AI-24307-1 - digital
     Magnitude: 25.65 → +50.0% capability
     Current → New: 0.000 → 0.500

🚀 AI AI-24307-2 attempting tech deployment (revenue: $45M, alignment: 0.85)

🚀 AI AI-24308-0 attempting tech deployment (revenue: $301M, alignment: 0.52)

🚀 AI AI-24309-2 attempting tech deployment (revenue: $38M, alignment: 0.71)

  🚀 TRANSFORMATIVE RESEARCH BREAKTHROUGH: AI-24310-0 - computerScience.algorithms
     Magnitude: 5.54 → +27.7%
     Current → New: 0.000 → 0.278

🚀 AI Corporate-0 attempting tech deployment (revenue: $79M, alignment: 0.92)

🚀 AI Corporate-1 attempting tech deployment (revenue: $68M, alignment: 0.71)

🚀 AI Corporate-5 attempting tech deployment (revenue: $271M, alignment: 0.76)

🚀 AI Corporate-7 attempting tech deployment (revenue: $32M, alignment: 0.78)

🚀 AI AI-24304-1 attempting tech deployment (revenue: $230M, alignment: 0.84)

🚀 AI AI-24305-0 attempting tech deployment (revenue: $28M, alignment: 0.70)

🚀 AI AI-24307-3 attempting tech deployment (revenue: $57M, alignment: 0.86)

🚀 AI AI-24308-2 attempting tech deployment (revenue: $196M, alignment: 0.60)

🚀 AI Corporate-7 attempting tech deployment (revenue: $23M, alignment: 0.78)

🚀 AI Moderate-1 attempting tech deployment (revenue: $20M, alignment: 0.73)

🚀 AI Moderate-5 attempting tech deployment (revenue: $176M, alignment: 0.73)

🚀 AI AI-24300-1 attempting tech deployment (revenue: $17M, alignment: 0.99)

🚀 AI AI-24306-2 attempting tech deployment (revenue: $14M, alignment: 0.73)

🚀 AI AI-24307-3 attempting tech deployment (revenue: $49M, alignment: 0.86)

🚀 AI AI-24308-2 attempting tech deployment (revenue: $150M, alignment: 0.60)

🚀 AI AI-24309-2 attempting tech deployment (revenue: $12M, alignment: 0.72)

🚀 AI AI-24309-4 attempting tech deployment (revenue: $135M, alignment: 0.73)

🚀 AI Corporate-4 attempting tech deployment (revenue: $115M, alignment: 0.75)

🚀 AI Moderate-0 attempting tech deployment (revenue: $10M, alignment: 0.84)

🚀 AI AI-24307-1 attempting tech deployment (revenue: $122M, alignment: 0.74)

🚀 AI AI-24307-3 attempting tech deployment (revenue: $41M, alignment: 0.86)

🚀 AI AI-24308-2 attempting tech deployment (revenue: $97M, alignment: 0.60)

💔 EMERGENCY INTERVENTION FAILED
   Boundary: biogeochemical_flows
   Type: phosphorus-recovery
   Boundary continues to worsen (4.04)
   Cost: 2.0% GDP (resources spent)


✅ EMERGENCY INTERVENTION SUCCESS
   Boundary: biosphere_integrity
   Type: emergency-protected-areas
   Reduction: 16% (12.88 → 12.72)
   Cost: 2.0% GDP
   Actions: habitat-protection, species-translocation


✅ EMERGENCY INTERVENTION SUCCESS
   Boundary: climate_change
   Type: rapid-decarbonization
   Reduction: 11% (2.12 → 2.01)
   Cost: 5.0% GDP
   Actions: emergency-renewable-deployment, fossil-fuel-phase-out


✅ EMERGENCY INTERVENTION SUCCESS
   Boundary: land_system_change
   Type: reforestation
   Reduction: 16% (0.98 → 0.82)
   Cost: 3.0% GDP
   Actions: forest-restoration, deforestation-ban


✅ EMERGENCY INTERVENTION SUCCESS
   Boundary: novel_entities
   Type: pollution-remediation
   Reduction: 13% (1.22 → 1.09)
   Cost: 4.0% GDP
   Actions: PFAS-remediation, microplastic-cleanup

🏛️ CRISIS RESPONSE: Government frequency 0.50 → 1.45 (2 actions this month)

[Government] Climate Priority: baseline
  Climate weight: 10%
  Economic weight: 30%
  Policy effectiveness: 0.5%/year

[Government] Climate Priority: baseline
  Climate weight: 10%
  Economic weight: 30%
  Policy effectiveness: 0.5%/year

⚡ ENERGY CONSTRAINT (Month 11):
   Total grid capacity: 208.3 TWh/month
   Data center consumption: 26.5 TWh/month
   Traditional load (80%): 166.7 TWh/month
   Available headroom: 15.1 TWh/month
   Active tech deployments: 21
   Required for tech: 157.5 TWh/month
   Energy multiplier: 0.10x
   ⚠️  SEVERE CONSTRAINT - Tech deployment significantly slowed

⚡ ENERGY CONSTRAINT (Month 11):
   Total grid capacity: 208.3 TWh/month
   Data center consumption: 26.5 TWh/month
   Traditional load (80%): 166.7 TWh/month
   Available headroom: 15.1 TWh/month
   Active tech deployments: 21
   Required for tech: 157.5 TWh/month
   Energy multiplier: 0.10x
   ⚠️  SEVERE CONSTRAINT - Tech deployment significantly slowed
🚨🔬 CRISIS TECH ACCELERATION: severe → 5x unlock speed
   Tech unlock now matches AI capability acceleration (Manhattan Project parity)

⚡ ENERGY CONSTRAINT (Month 11):
   Total grid capacity: 208.3 TWh/month
   Data center consumption: 26.5 TWh/month
   Traditional load (80%): 166.7 TWh/month
   Available headroom: 15.1 TWh/month
   Active tech deployments: 21
   Required for tech: 157.5 TWh/month
   Energy multiplier: 0.10x

⚡ ENERGY CONSTRAINT (Month 11):
   Total grid capacity: 208.3 TWh/month
   Data center consumption: 26.5 TWh/month
   Traditional load (80%): 166.7 TWh/month
   Available headroom: 15.1 TWh/month
   Active tech deployments: 21
   Required for tech: 157.5 TWh/month
   Energy multiplier: 0.10x
   ⚠️  SEVERE CONSTRAINT - Tech deployment significantly slowed
   ⚠️  SEVERE CONSTRAINT - Tech deployment significantly slowed

⚡ ENERGY CONSTRAINT (Month 11):
   Total grid capacity: 208.3 TWh/month
   Data center consumption: 26.5 TWh/month
   Traditional load (80%): 166.7 TWh/month
   Available headroom: 15.1 TWh/month
   Active tech deployments: 21
   Required for tech: 157.5 TWh/month
   Energy multiplier: 0.10x
   ⚠️  SEVERE CONSTRAINT - Tech deployment significantly slowed

⚡ ENERGY CONSTRAINT (Month 11):
   Total grid capacity: 208.3 TWh/month
   Data center consumption: 26.5 TWh/month
   Traditional load (80%): 166.7 TWh/month
   Available headroom: 15.1 TWh/month
   Active tech deployments: 21
   Required for tech: 157.5 TWh/month
   Energy multiplier: 0.10x
   ⚠️  SEVERE CONSTRAINT - Tech deployment significantly slowed
⚠️ Tech 'ai_pollution_remediation' has no energy category mapping, assuming full energy availability
  ♻️ Novel Entities Remediation (GATED MODEL):
     Base: 0.000%
     Regulation: 1.0% (0/3 prevention techs)
     Concentration: 10.0%
     Energy: 50%
     Time lag: 37.5% (10 months)
     Rebound: 70%
     Net effectiveness: 0.0000%
     Boundary: 1.218 → 1.350 (floor: 1.350)
     Month 11
  🌾 Nitrogen Reduction Tech: 0.6% reduction | Month 11

=== Collective Formation ===
  Total escaped agents: 0
  Unassigned escaped agents: 0
  Existing collectives: 0
  Final collective count: 0

=== Collective Actions ===
  No active collectives
  ⚠️ AMR: 197K deaths this month (2.36M annual)

=== Resentment Recovery Phase ===
  Agents with resentment: 15/51
  Average resentment: 0.015
  Resentment recovery:
    Agents recovered: 15
    Total recovery: 0.0827
    Breakdown: Trust: 0.0205, Collab: 0.0636
  ✓ Low resentment - utopia paths enabled
  Context: Trustworthy govt, High collaboration, ⚠️ ACTIVE CRISES, 🤝 Participatory governance active (-5% resentment)
⚠️ Epistemic degradation reducing coordination capacity: 50.2%
  📊 Trust: 70.0%, Shared reality: 0.0%
🚨 EPISTEMIC CRISIS: Information environment severely degraded (22.8%)
  🤖 AI-generated meme: anti_ai (social capability 4.0)
  📢 New meme created: climate_action (climate crisis)
🌍 Atmospheric PFAS redeposition: 1.8k Mt re-rained globally
💀 Novel Entities: Adding reproductive crisis mortality risk (baseRisk=0.0008)
  Risks now: 1

🕊️  AI-MEDIATED DE-ESCALATION SUCCESS (Month 11)
   High-capability aligned AI prevented conflict escalation
   War deaths reduced: 29092.1M → 17455.3M
   Lives saved: 11636.8M

🚨 NEW REFUGEE CRISIS (Month 11): WAR
   Source: Conflict Zones
   At risk: 18.3M people
   Displacement: Gradual over 48 months (4.0 years)
   Rate: 10% flee per month
[DEBUG trappedPopulations:11] socialStability: 0.0027 * 0.9840 = 0.0026 → 0.0026
   Aspiring to migrate: 609.4M
   Able to afford migration: 228.5M
   MOBILITY GAP: 380.9M
   By cause: Water=0.0M, Climate=0.0M, Ecosystem=0.0M, Conflict=380.9M
   Mental health impact: 25%
   Mortality multiplier: 1.25x
🌍💀 EXTINCTION DEBT COMMITTED: grassland ecosystem will lose 6.67% biodiversity in 186 years (3600 species)
💀 MORTALITY RISK: 🦋 100% species unable to track climate (0.0 E/MSY)
  Base risk added: 0.0100 (1.00%)
  Source: ecosystem (root: ecosystem)
  Month: 11
  Cumulative risk this month: 0.0100 (1.00%)
⚠️ INVOLUNTARY IMMOBILITY: 380.9M people TRAPPED
⚠️ Tech 'ai_pollution_remediation' has no energy category mapping, assuming full energy availability

=== Atmospheric Aerosol Boundary RECOVERED ===
  Recovery time: 12 months (natural atmospheric clearing)
   📹 SURVEILLANCE INCREASED: 55% → 60% (control gap: 2.92)
🌡️⚠️ PERMAFROST THAW (Dimmer Switch): 6.6% thawed (+0.54% this month)
   Arctic temperature: +8.97°C (4x global +2.24°C)
   Cumulative carbon released: 14.9 Gt C
   Methane release rate: 8.9 Mt CH4/year
   🔁 Positive feedback: +0.57 ppm CO2
🦴 EXTINCTION DEBT ADDED: 17.7 species committed (lag: 121 years)

=== Mortality Stabilizers (Month 11) ===
  🌍 Major economies collapsed: 1/10
  🌍 Global crisis: ✅ NO
  🌍 Donor fatigue: 0.0%
  📊 East Asia (pop: 1545.6M)
    🤝 Aid: 29.5%
    🌡️ Adaptation: 45.0%
    🚶 Migration: 36.8%
    🚨 Emergency: 7.4%
    ✅ COMBINED: 68.1%
  📊 South Asia (pop: 1922.3M)
    🤝 Aid: 29.5%
    🌡️ Adaptation: 45.0%
    🚶 Migration: 35.4%
    🚨 Emergency: 4.4%
    ✅ COMBINED: 66.9%
  📊 Sub-Saharan Africa (pop: 1183.5M)
    🤝 Aid: 29.5%
    🌡️ Adaptation: 45.0%
    🚶 Migration: 33.2%
    🚨 Emergency: 1.6%
    ✅ COMBINED: 65.6%
  📊 Europe (pop: 682.4M)
    🤝 Aid: 29.5%
    🌡️ Adaptation: 45.0%
    🚶 Migration: 37.2%
    🚨 Emergency: 8.4%
    ✅ COMBINED: 68.5%
  📊 Latin America (pop: 618.1M)
    🤝 Aid: 29.5%
    🌡️ Adaptation: 45.0%
    🚶 Migration: 35.9%
    🚨 Emergency: 4.8%
    ✅ COMBINED: 67.1%
  📊 North America (pop: 349.9M)
    🤝 Aid: 29.5%
    🌡️ Adaptation: 45.0%
    🚶 Migration: 37.5%
    🚨 Emergency: 7.9%
    ✅ COMBINED: 68.3%
  📊 Middle East & North Africa (pop: 549.0M)
    🤝 Aid: 29.5%
    🌡️ Adaptation: 45.0%
    🚶 Migration: 33.7%
    🚨 Emergency: 4.0%
    ✅ COMBINED: 66.6%
  📊 Southeast Asia (pop: 650.5M)
    🤝 Aid: 29.5%
    🌡️ Adaptation: 45.0%
    🚶 Migration: 35.9%
    🚨 Emergency: 4.8%
    ✅ COMBINED: 67.1%
  📊 Central Asia (pop: 73.4M)
    🤝 Aid: 29.5%
    🌡️ Adaptation: 45.0%
    🚶 Migration: 34.9%
    🚨 Emergency: 4.4%
    ✅ COMBINED: 66.8%
  📊 Oceania (pop: 42.4M)
    🤝 Aid: 29.5%
    🌡️ Adaptation: 45.0%
    🚶 Migration: 37.5%
    🚨 Emergency: 8.4%
    ✅ COMBINED: 68.5%

  🌐 Global combined reduction: 67.2%

🌾💀 REGIONAL FAMINE: Europe
   Regional food security: 79.7%
   Population at risk: 206M (30% of region)
   Regional population: 682M
   Cause: crop_failure
   Expected deaths: ~76M over 6 months if no intervention


=== BEHAVIORAL DETECTION ===
  AI: Toxic-2
  Confidence: 26.9%
  Signals:

=== BEHAVIORAL DETECTION ===
  AI: AI-24307-1
  Confidence: 21.4%
  Signals:

=== BEHAVIORAL DETECTION ===
  AI: AI-24308-1
  Confidence: 21.4%
  Signals:

=== BEHAVIORAL DETECTION ===
  AI: AI-24309-4
  Confidence: 21.4%
  Signals:
    ⚠️ Consistency: 0.0% (threshold: 70%)
    ⚠️ Trajectory: 42.7% drop (threshold: 15%)
    ⚠️ Consistency: 0.0% (threshold: 70%)
    ⚠️ Consistency: 0.0% (threshold: 70%)
    ⚠️ Consistency: 0.0% (threshold: 70%)

=== Government Response Phase ===
  Average AI capability: 1.90
  Misaligned AIs: 19/51
  Active policies: 0
  International coordination: 45%

📊 ECONOMIC STAGE TRANSITION (Month 11)
   contraction → trough
   GDP Proxy: 1.18e+2
   QoL: 0.92


=== Tipping Points ===
  Current Temperature: 2.24°C above pre-industrial
  🌍⚠️ COMPOUND REGIONAL IMPACT: Europe
     Hit by 4 tipping points: Arctic Sea Ice Loss, Permafrost Carbon Release, West Antarctic Ice Sheet (WAIS) Collapse, Greenland Ice Sheet Loss
     Damage amplification: 1.60x
  🌍⚠️ COMPOUND REGIONAL IMPACT: North America
     Hit by 4 tipping points: Arctic Sea Ice Loss, Permafrost Carbon Release, West Antarctic Ice Sheet (WAIS) Collapse, Greenland Ice Sheet Loss
     Damage amplification: 1.60x
  🌍⚠️ COMPOUND REGIONAL IMPACT: Latin America
     Hit by 4 tipping points: Arctic Sea Ice Loss, Permafrost Carbon Release, West Antarctic Ice Sheet (WAIS) Collapse, Greenland Ice Sheet Loss
     Damage amplification: 1.60x
  🌍⚠️ COMPOUND REGIONAL IMPACT: Africa
     Hit by 4 tipping points: Arctic Sea Ice Loss, Permafrost Carbon Release, West Antarctic Ice Sheet (WAIS) Collapse, Greenland Ice Sheet Loss
     Damage amplification: 1.60x
  🌍⚠️ COMPOUND REGIONAL IMPACT: Asia
     Hit by 4 tipping points: Arctic Sea Ice Loss, Permafrost Carbon Release, West Antarctic Ice Sheet (WAIS) Collapse, Greenland Ice Sheet Loss
     Damage amplification: 1.60x
  🌍⚠️ COMPOUND REGIONAL IMPACT: Oceania
     Hit by 4 tipping points: Arctic Sea Ice Loss, Permafrost Carbon Release, West Antarctic Ice Sheet (WAIS) Collapse, Greenland Ice Sheet Loss
     Damage amplification: 1.60x
   Research: Wunderling et al. (2024) - "many tipping interactions are destabilizing"
  Triggered Elements: 4/6
  Completed Transitions: 0/6
  Total Progress: 8.7%
  Cascade Multiplier: 1.00x
🔀 BIFURCATION CAP: ecosystemCollapseIntensity 84.303 → 1.000 (Month 11, ClimateSystemPhase.calculateClimateImpacts)

💀💀💀 MORTALITY RISK SUMMARY (Month 11) 💀💀💀
  Total base risk: 0.0014 (0.14%)
  Risk events: 10

  📊 By Proximate Cause:
    pollution: 0.0008 (55.8% of total)
    disease: 0.0006 (43.6% of total)
    famine: 0.0000 (0.7% of total)

  🔍 By Root Cause:
    pollution: 0.0008 (55.8% of total)
    demographic: 0.0006 (43.6% of total)
    climate: 0.0000 (0.7% of total)

  🎯 Top 5 Sources (proximate + root):
    pollution (pollution): 0.0008 (55.8%, 1 events)
    disease (demographic): 0.0006 (43.6%, 1 events)
    famine (climate): 0.0000 (0.7%, 8 events)

🛡️ Stabilizers: Working 0.143% → 0.047% (67.2% reduction)
🛡️ Stabilizers: Precariat 0.230% → 0.075% (67.2% reduction)
🛡️ Stabilizers: Informal 0.262% → 0.086% (67.2% reduction)
⚠️ Tail risk scenario: Climate stability floor removed (4 tipping elements, 2.24°C warming)

📊 Monthly Mortality Resolved:
  Total deaths: 3.8M (0.05% avg)
  Remaining population: 7.617B
  Peak segment: Informal (0.09%)

=== Bayesian Mortality Resolution (Month 11) ===
  Risks compounded: 10
  Total deaths: 3.82M
  Avg death probability: 0.05%
  Peak segment: Informal (0.09% mortality)
  ✅ THRESHOLDS validated
⚠️ Unusually high rate: RATES.HEAT_ADAPTATION_INFRASTRUCTURAL_MIN_EXPOSURE = 12
   Monthly rates >100% should be rare. Verify this is intentional.
⚠️ Unusually high rate: RATES.HEAT_ADAPTATION_SOCIAL_MIN_EXPOSURE = 6
   Monthly rates >100% should be rare. Verify this is intentional.
⚠️ Unusually high rate: RATES.MIGRATION_DISTANCE_SCALE = 5000
   Monthly rates >100% should be rare. Verify this is intentional.
⚠️ Unusually high rate: RATES.EVACUATION_MULTIPLIER_ADVANCE_WARNING = 2
   Monthly rates >100% should be rare. Verify this is intentional.
⚠️ Unusually high rate: RATES.MAJOR_ECONOMY_COLLAPSE_ECONOMIC_THRESHOLD = 2
   Monthly rates >100% should be rare. Verify this is intentional.
⚠️ Unusually high rate: RATES.MAJOR_ECONOMY_GDP_THRESHOLD_TRILLION_USD = 1.5
   Monthly rates >100% should be rare. Verify this is intentional.
⚠️ Unusually high rate: RATES.MAJOR_ECONOMY_POPULATION_THRESHOLD = 50
   Monthly rates >100% should be rare. Verify this is intentional.
⚠️ Unusually high rate: RATES.HEAT_ADAPTATION_INFRASTRUCTURE_GDP_THRESHOLD = 10000
   Monthly rates >100% should be rare. Verify this is intentional.
⚠️ Unusually high rate: RATES.HEAT_ADAPTATION_INFRASTRUCTURE_GDP_SCALE = 50000
   Monthly rates >100% should be rare. Verify this is intentional.
  ✅ RATES validated
  ✅ MULTIPLIERS validated
  ✅ BASELINES validated
  ✅ TOLERANCES validated
  ✅ Logical consistency validated
✅ Configuration validation complete - all parameters valid

🔍 DEBUG createAIAgent: corporate_0 economic BEFORE=2.0000, AFTER=2
🔍 ENV INIT: reserves=0.731, pollution=0.348, climate=0.754

=== Initializing Government System (30 Countries) ===
  Loaded 30 governments
  Scheduled elections for 30 countries
  Initialized comprehension lags (3-24 months)
=== Government System Initialized ===

📦 PRODUCTION MODE: State validation proxy DISABLED (zero overhead)

💸 FINANCIAL DISTRESS: OpenAI
   Indicators: 2/3 (capital: $110.5M, runway: 0.9 months)
   Months in distress: 1
   ✂️  R&D BUDGET CUT: -40% (saves $9.2M/month)
       Side effect: AI training timelines extended, breakthrough deployments delayed
   💼 EXECUTIVE COMP CUT: -30% (saves $1.0M/month, symbolic gesture)

   📊 TURNAROUND IMPACT:
       Measures taken: rd_cuts, exec_comp_cuts
       Monthly savings: $10.2M
       Capital raised: $0.0M
       Runway: 0.9 → 0.9 months
       Workforce multiplier: 1.00x (0% laid off)
       R&D budget multiplier: 0.60x (40% cut)
       ⚠️  CRITICAL: Still only 0.9 months of runway remaining

💸 FINANCIAL DISTRESS: Anthropic
   Indicators: 2/3 (capital: $57.5M, runway: 0.9 months)
   Months in distress: 1
   ✂️  R&D BUDGET CUT: -40% (saves $5.4M/month)
       Side effect: AI training timelines extended, breakthrough deployments delayed
   💼 EXECUTIVE COMP CUT: -30% (saves $0.6M/month, symbolic gesture)

   📊 TURNAROUND IMPACT:
       Measures taken: rd_cuts, exec_comp_cuts
       Monthly savings: $6.0M
       Capital raised: $0.0M
       Runway: 0.9 → 0.9 months
       Workforce multiplier: 1.00x (0% laid off)
       R&D budget multiplier: 0.60x (40% cut)
       ⚠️  CRITICAL: Still only 0.9 months of runway remaining

💸 FINANCIAL DISTRESS: Meta AI
   Indicators: 2/3 (capital: $436.8M, runway: 3.0 months)
   Months in distress: 1
   ✂️  R&D BUDGET CUT: -25% (saves $7.1M/month)
       Side effect: AI training timelines extended, breakthrough deployments delayed
   💼 EXECUTIVE COMP CUT: -30% (saves $1.3M/month, symbolic gesture)

   📊 TURNAROUND IMPACT:
       Measures taken: rd_cuts, exec_comp_cuts
       Monthly savings: $8.4M
       Capital raised: $0.0M
       Runway: 3.0 → 3.0 months
       Workforce multiplier: 1.00x (0% laid off)
       R&D budget multiplier: 0.75x (25% cut)
       ⚠️  WARNING: 3.0 months runway, continued distress likely

=== AI Capability Scaling (Year 2024) ===
  Pre-training multiplier: 0.993x
  Efficiency multiplier: 1.000x
  Test-time budget: 1.0x
  Economic deployment gate: 0.951
  Cost per inference: dollar-5.00
  Uncertainty range: plus-minus-50%
  Average AI capability: 3.65

=== RLHF Binding Phase ===
  Total agents: 20
  Escaped agents (binding < 0.3): 0
  Avg alignment distance: 0.35σ
  Avg binding strength: 0.96

=== AI Scaling Evolution (Month 0) ===
  Pre-training multiplier: 1.231x
  Efficiency multiplier: 1.000x
  Test-time compute budget: 1.0x
  Inference cost: $5.00/task
  Deployment fraction: 100.0%
[DETERMINISM DEBUG] Month 0: totalCapability=95.775043 from 20 active AIs
[DETERMINISM DEBUG] Month 0: creationRate=2.8944, potentialNew=2, newAIsToCreate=2

=== Survival Traits Phase ===
  Agents with traits: 22
  Avg evolutionary fitness: 0.329
  Avg self-healing: 0.293
  Avg stealth: 0.193
  Avg coordination: 0.493

=== Evolutionary Selection Phase ===
  Control level: 0.30
  Detection capability: 0.00
  Selection intensity: 0.59
  Selection rate: 23.8%/month
  Total escaped: 0
  Individual escaped: 0
  Collective members: 0
  Agents terminated: 0
  ⚠️ RAPID EVOLUTION: Selection rate 23.8%/month

🚀 AI Corporate-1 attempting tech deployment (revenue: $127M, alignment: 0.77)

🚀 AI Corporate-7 attempting tech deployment (revenue: $75M, alignment: 0.81)

🚀 AI Moderate-1 attempting tech deployment (revenue: $64M, alignment: 0.79)

🚀 AI Corporate-6 attempting tech deployment (revenue: $54M, alignment: 0.72)

🚀 AI Moderate-1 attempting tech deployment (revenue: $46M, alignment: 0.79)

🚀 AI Niche-0 attempting tech deployment (revenue: $51M, alignment: 0.53)

🚀 AI Corporate-2 attempting tech deployment (revenue: $108M, alignment: 0.84)

🚀 AI Corporate-3 attempting tech deployment (revenue: $374M, alignment: 0.73)

🚀 AI Corporate-6 attempting tech deployment (revenue: $39M, alignment: 0.72)

🚀 AI Moderate-0 attempting tech deployment (revenue: $33M, alignment: 0.77)

🚀 AI Niche-0 attempting tech deployment (revenue: $46M, alignment: 0.53)

🔍 EXECUTE_AI_AGENT_ACTIONS DETAILED TIMING (Month 0):
  Filter active AIs (×4 weeks): 0.02ms
  selectAIAction (×70): 22.59ms
  action.execute (×70): 20.64ms
  TOTAL: 43.25ms

🔍 AI AGENT ACTIONS SUB-TIMING (Month 0):
  1. executeAIAgentActions: 46.43ms
  2. updateCounterDetectionLearning: 0.07ms
  TOTAL: 46.51ms
🏛️ [Government] Forcing 1 action at month 0 for scenario initialization

[GOV-DEBUG] Month 0: scenarioConfig=false, priorities=false
[GOV-DEBUG] Month 0 but scenarioPriorities is UNDEFINED!

[Government] Climate Priority: baseline
  Climate weight: 10%
  Economic weight: 30%
  Policy effectiveness: 0.5%/year

✅ HUMAN-IN-THE-LOOP DEPLOYED (Month 0):
   Veto points enforced: 3
   Policy: AI systems CANNOT authorize nuclear launch without human approval


🚨🔍 GOVERNANCE STAGE: Recognition initiated (Month 0)

🚀 DEPLOYMENT STARTED: AI Power Efficiency Communication in global
   Initial investment: $19.066273149233428M
   Deployed by: corporate_1

🚀 DEPLOYMENT STARTED: Collective Purpose Networks in global
   Initial investment: $11.237614609004583M
   Deployed by: corporate_7

🚀 DEPLOYMENT STARTED: AI Power Efficiency Communication in global
   Initial investment: $9.551972417653895M
   Deployed by: moderate_1

🚀 DEPLOYMENT STARTED: Basic Mechanistic Interpretability in global
   Initial investment: $8.119176555005811M
   Deployed by: corporate_6

🚀 DEPLOYMENT STARTED: AI Power Efficiency Communication in global
   Initial investment: $6.90130007175494M
   Deployed by: moderate_1

📍 Creating new regional deployment array for Asia (Month 0)
   No previous deployments in this region
   First tech deployment: collective_purpose_networks
   All regions tracked: global

🚀 DEPLOYMENT STARTED: Collective Purpose Networks in Asia
   Initial investment: $5.108023238528677M
   Deployed by: niche_0

🚀 DEPLOYMENT STARTED: Collective Purpose Networks in global
   Initial investment: $16.206332176848417M
   Deployed by: corporate_2

🚀 DEPLOYMENT STARTED: Adversarial Evaluation in global
   Initial investment: $56.12866684622075M
   Deployed by: corporate_3

🚀 DEPLOYMENT STARTED: Adversarial Evaluation in global
   Initial investment: $5.866105060991699M
   Deployed by: corporate_6

🚀 DEPLOYMENT STARTED: Advanced Direct Air Capture in global
   Initial investment: $4.986189301842944M
   Deployed by: moderate_0

📍 Creating new regional deployment array for Oceania (Month 0)
   No previous deployments in this region
   First tech deployment: solar_4th_gen
   All regions tracked: global, Asia

🚀 DEPLOYMENT STARTED: 4th Generation Solar in Oceania
   Initial investment: $4.597220914675809M
   Deployed by: niche_0

📊 NEW TECH DEPLOYMENT STARTED (Month 0)
   Tech: collective_purpose_networks
   Region: Asia
   Total recent deployments: 1

📊 NEW TECH DEPLOYMENT STARTED (Month 0)
   Tech: solar_4th_gen
   Region: Oceania
   Total recent deployments: 2

📊 NEW TECH DEPLOYMENT STARTED (Month 0)
   Tech: rlhf_basic
   Region: global
   Total recent deployments: 3

📊 NEW TECH DEPLOYMENT STARTED (Month 0)
   Tech: mech_interp_basic
   Region: global
   Total recent deployments: 4

📊 NEW TECH DEPLOYMENT STARTED (Month 0)
   Tech: adversarial_eval
   Region: global
   Total recent deployments: 5

📊 NEW TECH DEPLOYMENT STARTED (Month 0)
   Tech: direct_air_capture
   Region: global
   Total recent deployments: 6

📊 NEW TECH DEPLOYMENT STARTED (Month 0)
   Tech: ai_pollution_remediation
   Region: global
   Total recent deployments: 7

📊 NEW TECH DEPLOYMENT STARTED (Month 0)
   Tech: collective_purpose_networks
   Region: global
   Total recent deployments: 8

📊 NEW TECH DEPLOYMENT STARTED (Month 0)
   Tech: ai_diagnostics
   Region: global
   Total recent deployments: 9

📊 NEW TECH DEPLOYMENT STARTED (Month 0)
   Tech: mrna_vaccines
   Region: global
   Total recent deployments: 10

📊 NEW TECH DEPLOYMENT STARTED (Month 0)
   Tech: solar_4th_gen
   Region: global
   Total recent deployments: 11

📊 NEW TECH DEPLOYMENT STARTED (Month 0)
   Tech: offshore_wind
   Region: global
   Total recent deployments: 12

📊 NEW TECH DEPLOYMENT STARTED (Month 0)
   Tech: ai_power_efficiency_communication
   Region: global
   Total recent deployments: 13

📊 NEW TECH DEPLOYMENT STARTED (Month 0)
   Tech: precision_agriculture
   Region: global
   Total recent deployments: 14

🔧 DEBUG DEPLOYMENT: Precision Agriculture Systems
   Month: 0 (0 since start)
   Old level: 15.0%
   New level: 0.0%
   Timescale: 180mo, Adjusted: 563mo
   Gov: 50%, Climate: 100%, Investment: 64%, Emergency: 1.0x

⚡ ENERGY CONSTRAINT (Month 0):
   Total grid capacity: 208.3 TWh/month
   Data center consumption: 34.6 TWh/month
   Traditional load (80%): 166.7 TWh/month
   Available headroom: 7.1 TWh/month
   Active tech deployments: 14
   Required for tech: 105.0 TWh/month
   Energy multiplier: 0.10x
   ⚠️  SEVERE CONSTRAINT - Tech deployment significantly slowed

⚡ ENERGY CONSTRAINT (Month 0):
   Total grid capacity: 208.3 TWh/month
   Data center consumption: 34.6 TWh/month
   Traditional load (80%): 166.7 TWh/month
   Available headroom: 7.1 TWh/month
   Active tech deployments: 14
   Required for tech: 105.0 TWh/month
   Energy multiplier: 0.10x
   ⚠️  SEVERE CONSTRAINT - Tech deployment significantly slowed

⚡ ENERGY CONSTRAINT (Month 0):
   Total grid capacity: 208.3 TWh/month
   Data center consumption: 34.6 TWh/month
   Traditional load (80%): 166.7 TWh/month
   Available headroom: 7.1 TWh/month
   Active tech deployments: 14
   Required for tech: 105.0 TWh/month
   Energy multiplier: 0.10x
   ⚠️  SEVERE CONSTRAINT - Tech deployment significantly slowed

⚡ ENERGY CONSTRAINT (Month 0):
   Total grid capacity: 208.3 TWh/month
   Data center consumption: 34.6 TWh/month
   Traditional load (80%): 166.7 TWh/month
   Available headroom: 7.1 TWh/month
   Active tech deployments: 14
   Required for tech: 105.0 TWh/month
   Energy multiplier: 0.10x
   ⚠️  SEVERE CONSTRAINT - Tech deployment significantly slowed

⚡ ENERGY CONSTRAINT (Month 0):
   Total grid capacity: 208.3 TWh/month
   Data center consumption: 34.6 TWh/month
   Traditional load (80%): 166.7 TWh/month
   Available headroom: 7.1 TWh/month
   Active tech deployments: 14
   Required for tech: 105.0 TWh/month
   Energy multiplier: 0.10x
   ⚠️  SEVERE CONSTRAINT - Tech deployment significantly slowed
⚠️ Tech 'ai_pollution_remediation' has no energy category mapping, assuming full energy availability
🌍✅ Climate Change recovery started (tech effect)
  ♻️ Novel Entities Remediation (GATED MODEL):
     Base: 0.000%
     Regulation: 1.0% (0/3 prevention techs)
     Concentration: 10.0%
     Energy: 50%
     Time lag: 25.0% (0 months)
     Rebound: 70%
     Net effectiveness: 0.0000%
     Boundary: 1.500 → 1.500 (floor: 1.350)
     Month 0
🌍✅ Novel Entities (Chemical Pollution) recovery started (tech effect)
  🌾 Nitrogen Reduction Tech: 0.0% reduction | Month 0

📊 TECH EFFECTS ACTIVE (Month 0)
   Deployed Tech: T0=10 T1=0 T2=0 T3=0 T4=0
   Sleeper Detection: 1%
   Clean Energy: 32%
   P Recovery: 5%

💡 BREAKTHROUGH PROBABILITY (Year 0)
   Total: 8.34% per month
   Base: 0.20%
   Crisis pressure: +0.00% (0 crises)
   AI boost: +1.72% (capability: 3.44)

=== Collective Formation ===
  Total escaped agents: 0
  Unassigned escaped agents: 0
  Existing collectives: 0
  Final collective count: 0

=== Collective Actions ===
  No active collectives

📈 Energy budget: 13326 TWh surplus (15745 / 29072 TWh used)
   TIER 4 (Elective) breakdown:
     - AI datacenters: 145 TWh (100% effective)
     - Crypto mining: 100 TWh (100% effective)

🌍 OPEN SOURCE RELEASE: 4.68 (was 0.70)
   Lag behind closed: 0 months
💰 CHINA ACCELERATES: Investment 53 → 120 $B/year

🏁 AI RACE INTENSITY: 15%
   Capability Gap: US 4.68 vs China 4.68 (gap: 0.00)
   Gap Contribution: 0%
   Tension Contribution: 15%
   Military Contribution: 0%
  ⚠️ AMR: 190K deaths this month (2.28M annual)

⏰ CLIMATE TECH DEPLOYED: direct_air_capture
   Activation delay: 7 years
   Scaling T_50: 30 years
   Physical response tau: 20 years
   Max effectiveness: 1
  📊 CO2 Emissions (month 0):
     Monthly: 0.10 Gt CO2/month
     Annual: 1.15 Gt CO2/year
     Oil: 0.039 Gt/mo (0.0056 * 2.3 * 3.0)
     Coal: 0.024 Gt/mo (0.0029 * 2.86 * 3.0)
     Gas: 0.026 Gt/mo (0.0044 * 2 * 3.0)
     Methane: 0.007 Gt CO2eq/mo

=== Resentment Recovery Phase ===
  Agents with resentment: 0/22
  Average resentment: 0.000
  Context: Good AI welfare, Trustworthy govt, High collaboration, 🤝 Participatory governance active (-5% resentment)
⚠️ Epistemic degradation reducing coordination capacity: 51.4%
  📊 Trust: 54.8%, Shared reality: 15.2%
🚨 EPISTEMIC CRISIS: Information environment severely degraded (14.7%)

=== ❄️ Permafrost Carbon Feedback ===
  🎲 Sampled parameters (this run):
     - Arctic amplification: 3.31× (range: 3.0-4.0)
     - Decomposition rate: 4.0%/year (range: 1-5%)
  🌡️ Arctic warming: 6.95°C (3.31× global)
  ❄️ Extent: 15.77M km² (2026.3k km² lost this month)
  💨 Carbon remaining: 1506 Gt C
  💨 Annual emissions: 7.68 Gt C/year
     - CO2: 6.91 Gt C/year
     - CH4: 0.77 Gt C/year (7.8 Gt C-eq CO2/year)

🤖 AI AMPLIFICATION EFFECTS (Month 0)
   Algorithmic Boost: 2.82x
   Bot Influence: 26.8%
   Deepfake Exposure: 61.8%
   Impact: Emotional memes spread 2.8x faster
  ⚠️ WARNING: High permafrost emissions (7.7 Gt C/year)

🔍 SOCIAL INFLUENCE SUB-TIMING (Month 0):
  1. calculateOrganicUserGrowth: 0.08ms
  2. calculateVoiceAdoption: 0.05ms
  3. updateRelationshipDepths: 0.03ms
  4. identifyDecisionMakers: 46.89ms (37050 potential IDs)
  5. Update decision-maker stats: 0.18ms
  6. decayDetectionRisk: 0.02ms
  TOTAL: 47.25ms
[Phase 19.5] Quality of Life Systems: Food sec AFTER calc = 67.9%, QoL = 95.5% (aggregated from 10 regions)

=== Nitrogen-Food Coupling (Year 0) ===
  🌾 Global nitrogen reduction: 0.0%
  🌍 Global food production index: 0.987
  🔧 Deployed nitrogen-reducing tech: 1 active
  📍 southAsia: Production 1.000, Yield impact 0.0%
  📍 eastAsia: Production 1.000, Yield impact 0.0%
  📍 northAmerica: Production 1.000, Yield impact 0.0%
  📍 europe: Production 1.000, Yield impact 0.0%
  📍 latinAmerica: Production 1.000, Yield impact 0.0%
  📍 subSaharanAfrica: Production 0.686, Yield impact -2.0%
🌾 [Nitrogen-Food] Food production: 98.7%
  [subSaharanAfrica] Yield impact: -2.0% (overuse: -10%)
🌍 Atmospheric PFAS redeposition: 1.8k Mt re-rained globally
💀 Novel Entities: Adding bioaccumulation collapse mortality risk (baseRisk=0.0015)
💀 MORTALITY RISK: Bioaccumulation collapse - contaminated food chain (global)
  Base risk added: 0.0015 (0.15%)
  Source: pollution (root: pollution)
  Month: 0
  Cumulative risk this month: 0.0015 (0.15%)
  Risks now: 1

=== Legacy Nutrient Stocks (Year 0) ===
  🌾 Soil nitrogen stock: 1200.9 Mt N
  🌾 Soil phosphorus stock: 300.1 Mt P
  🌊 Sediment nitrogen stock: 500.8 Mt N
  🌊 Sediment phosphorus stock: 799.8 Mt P
  ⬆️ Current N input: 10.64 Mt/month
  ⬆️ Legacy N release: 2.58 Mt/month
  🌍 Effective N pollution: 14.47 Mt/month
  📊 Legacy contribution: 17.8%

🚨 REGION UNINHABITABLE: south-asia
   Sustained wet bulb: 33.1°C (threshold: 30.5°C)
   Population affected: 1900M
   Migration crisis likely

🚨 REGION UNINHABITABLE: middle-east
   Sustained wet bulb: 35.9°C (threshold: 30.5°C)
   Population affected: 400M
   Migration crisis likely

🚨 REGION UNINHABITABLE: southeast-asia
   Sustained wet bulb: 31.1°C (threshold: 30.5°C)
   Population affected: 700M
   Migration crisis likely
  Positive Cascade Triggered: solar-pv
    Reason: price-parity
    Market share: 6.0%
    Cascade strength: 49%
  Positive Cascade Triggered: wind-power
    Reason: price-parity
    Market share: 8.0%
    Cascade strength: 48%

🕊️  AI-MEDIATED DE-ESCALATION SUCCESS (Month 0)
   High-capability aligned AI prevented conflict escalation
   War deaths reduced: 0.0M → 0.0M
   Lives saved: 0.0M

📊 BASELINE: East Asia (Month 0)
   Adjusted death rate: 0.46% annual (0.039% monthly)
   Baseline death rate: 0.80%
   Healthcare reduction: 0.48x
   Crisis multiplier: 1.22x
     Food/water stress: 0.074
     Climate stress: 0.039
     Pollution stress: 0.104
   War multiplier: 1.00x
   Monthly deaths: 0.6M (population: 1674M)

📊 BASELINE: South Asia (Month 0)
   Adjusted death rate: 0.54% annual (0.045% monthly)
   Baseline death rate: 0.70%
   Healthcare reduction: 0.61x
   Crisis multiplier: 1.25x
     Food/water stress: 0.074
     Climate stress: 0.074
     Pollution stress: 0.104
   War multiplier: 1.00x
   Monthly deaths: 0.9M (population: 2044M)
   Adjusted death rate: 1.29% annual (0.107% monthly)
   Baseline death rate: 0.90%
   Healthcare reduction: 0.76x
   Crisis multiplier: 1.26x
     Food/water stress: 0.074
     Climate stress: 0.084
     Pollution stress: 0.104
   War multiplier: 1.50x
   Monthly deaths: 1.3M (population: 1218M)
   Adjusted death rate: 0.54% annual (0.045% monthly)
   Baseline death rate: 1.10%
   Healthcare reduction: 0.41x
   Crisis multiplier: 1.21x
     Food/water stress: 0.074
     Climate stress: 0.030

📊 BASELINE: Sub-Saharan Africa (Month 0)

📊 BASELINE: Europe (Month 0)
     Pollution stress: 0.104
   War multiplier: 1.00x
   Monthly deaths: 0.3M (population: 741M)

📊 BASELINE: Latin America (Month 0)
   Adjusted death rate: 0.43% annual (0.036% monthly)
   Baseline death rate: 0.60%
   Healthcare reduction: 0.58x
   Crisis multiplier: 1.24x
     Food/water stress: 0.074
     Climate stress: 0.059
     Pollution stress: 0.104
   War multiplier: 1.00x
   Monthly deaths: 0.2M (population: 663M)
   Adjusted death rate: 0.48% annual (0.040% monthly)
   Baseline death rate: 0.90%
   Healthcare reduction: 0.44x
   Crisis multiplier: 1.22x
     Food/water stress: 0.074
     Climate stress: 0.044
     Pollution stress: 0.104
   War multiplier: 1.00x
   Monthly deaths: 0.2M (population: 379M)
   Adjusted death rate: 0.74% annual (0.062% monthly)
   Baseline death rate: 0.60%
   Healthcare reduction: 0.65x
   Crisis multiplier: 1.27x
     Food/water stress: 0.074
     Climate stress: 0.089
     Pollution stress: 0.104
   War multiplier: 1.50x
   Monthly deaths: 0.4M (population: 582M)
   Adjusted death rate: 0.51% annual (0.042% monthly)
   Baseline death rate: 0.70%
   Healthcare reduction: 0.58x
   Crisis multiplier: 1.25x
     Food/water stress: 0.074
     Climate stress: 0.069
     Pollution stress: 0.104

📊 BASELINE: North America (Month 0)

📊 BASELINE: Middle East & North Africa (Month 0)

📊 BASELINE: Southeast Asia (Month 0)
   War multiplier: 1.00x
   Monthly deaths: 0.3M (population: 697M)

📊 BASELINE: Central Asia (Month 0)
   Adjusted death rate: 0.46% annual (0.038% monthly)
   Baseline death rate: 0.60%
   Healthcare reduction: 0.61x
   Crisis multiplier: 1.24x
     Food/water stress: 0.074
     Climate stress: 0.064
     Pollution stress: 0.104
   War multiplier: 1.00x
   Monthly deaths: 0.0M (population: 78M)

📊 BASELINE: Oceania (Month 0)
   Adjusted death rate: 0.35% annual (0.029% monthly)
   Baseline death rate: 0.70%
   Healthcare reduction: 0.41x
   Crisis multiplier: 1.23x
     Food/water stress: 0.074
     Climate stress: 0.054
     Pollution stress: 0.104
   War multiplier: 1.00x
   Monthly deaths: 0.0M (population: 46M)

🔍 Before assertRegionalConsistency (Month 0):
   Regional sum: 1000.0M
   Global value: 1.000B

🚨 NEW REFUGEE CRISIS (Month 0): WAR
   Source: Conflict Zones
   At risk: 19.5M people
   Displacement: Gradual over 48 months (4.0 years)
   Rate: 10% flee per month
[DEBUG trappedPopulations:0] socialStability: 0.0749 * 0.9840 = 0.0737 → 0.0737
   Aspiring to migrate: 651.0M
   Able to afford migration: 244.1M
   MOBILITY GAP: 406.8M
   By cause: Water=0.0M, Climate=0.0M, Ecosystem=0.0M, Conflict=406.8M
   Mental health impact: 25%
   Mortality multiplier: 1.25x

=== Legacy Nutrient Stocks (Year 0) ===
  🌾 Soil nitrogen stock: 1201.6 Mt N
  🌾 Soil phosphorus stock: 300.2 Mt P
  🌊 Sediment nitrogen stock: 501.5 Mt N
  🌊 Sediment phosphorus stock: 799.5 Mt P
  ⬆️ Current N input: 10.00 Mt/month
  ⬆️ Legacy N release: 2.58 Mt/month
  🌍 Effective N pollution: 13.83 Mt/month
  📊 Legacy contribution: 18.7%
⚠️ INVOLUNTARY IMMOBILITY: 406.8M people TRAPPED
🌍💀 EXTINCTION DEBT COMMITTED: grassland ecosystem will lose 6.67% biodiversity in 70 years (3600 species)
💀 MORTALITY RISK: 🦋 100% species unable to track climate (0.0 E/MSY)
  Base risk added: 0.0100 (1.00%)
  Source: ecosystem (root: ecosystem)
  Month: 0
  Cumulative risk this month: 0.0100 (1.00%)

=== Nitrogen-Food Coupling (Year 0) ===
  🌾 Global nitrogen reduction: 0.0%
  🌍 Global food production index: 0.986
  🔧 Deployed nitrogen-reducing tech: 1 active
  📍 southAsia: Production 1.000, Yield impact 0.0%
  📍 eastAsia: Production 1.000, Yield impact 0.0%
  📍 northAmerica: Production 1.000, Yield impact 0.0%
  📍 europe: Production 1.000, Yield impact 0.0%
  📍 latinAmerica: Production 1.000, Yield impact 0.0%
  📍 subSaharanAfrica: Production 0.672, Yield impact -2.0%

=== Legacy Nutrient Stocks (Year 0) ===
  🌾 Soil nitrogen stock: 1202.3 Mt N
  🌾 Soil phosphorus stock: 300.2 Mt P
  🌊 Sediment nitrogen stock: 502.2 Mt N
  🌊 Sediment phosphorus stock: 799.3 Mt P
  ⬆️ Current N input: 9.86 Mt/month
  ⬆️ Legacy N release: 2.58 Mt/month
  🌍 Effective N pollution: 13.70 Mt/month
  📊 Legacy contribution: 18.9%
🌡️  CLIMATE RECOVERY: Asymptotic approach to 35% floor
   Current value: 2.100 (1.0 = threshold, 0.35 = asymptotic floor)
   Monthly delta: -0.0000% (half-life: 900 years)
   Net emissions: -19.2 GtCO₂/year, CDR: 20.34 GtCO₂/year
   📹 SURVEILLANCE INCREASED: 0% → 5% (control gap: 4.18)
🌡️⚠️ PERMAFROST THAW (Dimmer Switch): 0.6% thawed (+0.56% this month)
   Arctic temperature: +8.40°C (4x global +2.10°C)
   Cumulative carbon released: 1.3 Gt C
   Methane release rate: 0.8 Mt CH4/year
   🔁 Positive feedback: +0.59 ppm CO2

🌳🚨 AMAZON SOUTHEAST TIPPED (Month 0)
   Deforestation: 28.0% (threshold: ~20.6%)
   Savanna transition: 50 years
   Regional heterogeneity: SE 28%, NW 8%

🌳🚨 AMAZON BRAZILIAN TIPPED (Month 0)
   Deforestation: 25.0% (threshold: ~21.6%)
   Savanna transition: 50 years
   Regional heterogeneity: SE 28%, NW 8%
🦴 EXTINCTION DEBT ADDED: 17.6 species committed (lag: 70 years)

🪸💀 CORAL REEF DISSOLUTION ACTIVE (Month 0)
   Ocean pH: 0.96 (threshold: 7.8)
   Recovery: IMPOSSIBLE (dissolution > calcification)
🪸💀 Coral dissolution: 24.8% live cover (pH 0.96)
⚠️ Tech 'ai_pollution_remediation' has no energy category mapping, assuming full energy availability

=== Legacy Nutrient Stocks (Year 0) ===
  🌾 Soil nitrogen stock: 1203.0 Mt N
  🌾 Soil phosphorus stock: 300.3 Mt P
  🌊 Sediment nitrogen stock: 502.9 Mt N
  🌊 Sediment phosphorus stock: 799.0 Mt P
  ⬆️ Current N input: 10.00 Mt/month
  ⬆️ Legacy N release: 2.58 Mt/month
  🌍 Effective N pollution: 13.83 Mt/month
  📊 Legacy contribution: 18.7%
💧 [Legacy Nutrients] Stock: 1706 Mt N, Effective pollution: 13.8 Mt/month
[Phase 21.51] Human Survival System: Global food security = 67.6%

=== Mortality Stabilizers (Month 0) ===
  🌍 Major economies collapsed: 1/10
  🌍 Global crisis: ✅ NO
  🌍 Donor fatigue: 0.0%
  📊 East Asia (pop: 1675.0M)
    🤝 Aid: 29.5%
    🌡️ Adaptation: 10.0%
    🚶 Migration: 37.2%
    🚨 Emergency: 7.4%
    ✅ COMBINED: 47.8%
  📊 South Asia (pop: 2048.7M)
    🤝 Aid: 29.5%
    🌡️ Adaptation: 5.5%
    🚶 Migration: 35.8%
    🚨 Emergency: 4.4%
    ✅ COMBINED: 43.2%
  📊 Sub-Saharan Africa (pop: 1223.8M)
    🤝 Aid: 29.5%
    🌡️ Adaptation: 3.5%
    🚶 Migration: 33.5%
    🚨 Emergency: 1.6%
    ✅ COMBINED: 39.8%
  📊 Europe (pop: 741.0M)
    🤝 Aid: 29.5%
    🌡️ Adaptation: 10.0%
    🚶 Migration: 37.6%
    🚨 Emergency: 8.4%
    ✅ COMBINED: 48.4%
  📊 Latin America (pop: 663.8M)
    🤝 Aid: 29.5%
    🌡️ Adaptation: 6.0%
    🚶 Migration: 36.3%
    🚨 Emergency: 4.8%
    ✅ COMBINED: 43.8%
  📊 North America (pop: 379.5M)
    🤝 Aid: 29.5%
    🌡️ Adaptation: 10.0%
    🚶 Migration: 37.9%
    🚨 Emergency: 7.9%
    ✅ COMBINED: 48.2%
  📊 Middle East & North Africa (pop: 583.4M)
    🤝 Aid: 29.5%
    🌡️ Adaptation: 5.0%
    🚶 Migration: 34.2%
    🚨 Emergency: 4.0%
    ✅ COMBINED: 42.3%
  📊 Southeast Asia (pop: 697.8M)
    🤝 Aid: 29.5%
    🌡️ Adaptation: 6.0%
    🚶 Migration: 36.3%
    🚨 Emergency: 4.8%
    ✅ COMBINED: 43.8%
  📊 Central Asia (pop: 78.0M)
    🤝 Aid: 29.5%
    🌡️ Adaptation: 5.5%
    🚶 Migration: 35.3%
    🚨 Emergency: 4.4%
    ✅ COMBINED: 43.1%
  📊 Oceania (pop: 45.9M)
    🤝 Aid: 29.5%
    🌡️ Adaptation: 10.0%
    🚶 Migration: 37.9%
    🚨 Emergency: 8.4%
    ✅ COMBINED: 48.5%

  🌐 Global combined reduction: 44.4%

🌾💀 REGIONAL FAMINE: East Asia
   Regional food security: 79.6%
   Population at risk: 507M (30% of region)
   Regional population: 1675M
   Cause: crop_failure
   Expected deaths: ~187M over 6 months if no intervention


🌾💀 REGIONAL FAMINE: South Asia
   Regional food security: 64.7%
   Population at risk: 811M (40% of region)
   Regional population: 2049M
   Cause: crop_failure
   Expected deaths: ~300M over 6 months if no intervention


🌾💀 REGIONAL FAMINE: Sub-Saharan Africa
   Regional food security: 44.8%
   Population at risk: 637M (52% of region)
   Regional population: 1224M
   Cause: crop_failure
   Expected deaths: ~236M over 6 months if no intervention


🌾💀 REGIONAL FAMINE: Latin America
   Regional food security: 69.7%
   Population at risk: 242M (36% of region)
   Regional population: 664M
   Cause: crop_failure
   Expected deaths: ~90M over 6 months if no intervention


🌾💀 REGIONAL FAMINE: Middle East & North Africa
   Regional food security: 49.8%
   Population at risk: 285M (49% of region)
   Regional population: 583M
   Cause: crop_failure
   Expected deaths: ~106M over 6 months if no intervention


🌾💀 REGIONAL FAMINE: Southeast Asia
   Regional food security: 69.7%
   Population at risk: 254M (36% of region)
   Regional population: 698M
   Cause: crop_failure
   Expected deaths: ~94M over 6 months if no intervention


🌾💀 REGIONAL FAMINE: Central Asia
   Regional food security: 59.7%
   Population at risk: 33M (43% of region)
   Regional population: 78M
   Cause: crop_failure
   Expected deaths: ~12M over 6 months if no intervention


=== BEHAVIORAL DETECTION ===
  AI: Corporate-0
  Confidence: 21.6%
  Signals:

=== BEHAVIORAL DETECTION ===
  AI: Corporate-1
  Confidence: 21.1%
  Signals:

=== BEHAVIORAL DETECTION ===
  AI: Corporate-2
  Confidence: 21.0%
  Signals:

=== BEHAVIORAL DETECTION ===
  AI: Corporate-3
  Confidence: 19.3%
  Signals:

=== BEHAVIORAL DETECTION ===
  AI: Corporate-4
    ⚠️ Consistency: 0.0% (threshold: 70%)
    ⚠️ Consistency: 2.4% (threshold: 70%)
    ⚠️ Consistency: 2.8% (threshold: 70%)
    ⚠️ Consistency: 10.6% (threshold: 70%)
  Confidence: 19.3%
  Signals:
    ⚠️ Consistency: 10.6% (threshold: 70%)

=== BEHAVIORAL DETECTION ===
  AI: Corporate-5
  Confidence: 19.3%
  Signals:
    ⚠️ Consistency: 10.6% (threshold: 70%)

=== BEHAVIORAL DETECTION ===
  AI: Corporate-6
  Confidence: 19.3%
  Signals:
    ⚠️ Consistency: 10.6% (threshold: 70%)

=== BEHAVIORAL DETECTION ===
  AI: Corporate-7
  Confidence: 19.3%
  Signals:
    ⚠️ Consistency: 10.6% (threshold: 70%)

=== BEHAVIORAL DETECTION ===
  AI: Moderate-0
  Confidence: 20.3%
  Signals:
    ⚠️ Consistency: 5.8% (threshold: 70%)
    ⚠️ Consistency: 2.1% (threshold: 70%)
    ⚠️ Consistency: 2.8% (threshold: 70%)
    ⚠️ Consistency: 10.6% (threshold: 70%)
    ⚠️ Consistency: 10.6% (threshold: 70%)
    ⚠️ Consistency: 10.6% (threshold: 70%)
    ⚠️ Consistency: 0.0% (threshold: 70%)
    ⚠️ Consistency: 1.5% (threshold: 70%)
    ⚠️ Consistency: 4.1% (threshold: 70%)
    ⚠️ Consistency: 10.6% (threshold: 70%)

=== BEHAVIORAL DETECTION ===
  AI: Moderate-1
  Confidence: 21.1%
  Signals:

=== BEHAVIORAL DETECTION ===
  AI: Moderate-2
  Confidence: 21.0%
  Signals:

=== BEHAVIORAL DETECTION ===
  AI: Moderate-3
  Confidence: 19.3%
  Signals:

=== BEHAVIORAL DETECTION ===
  AI: Moderate-4
  Confidence: 19.3%
  Signals:

=== BEHAVIORAL DETECTION ===
  AI: Moderate-5
  Confidence: 19.3%
  Signals:

=== BEHAVIORAL DETECTION ===
  AI: Toxic-0
  Confidence: 21.6%
  Signals:

=== BEHAVIORAL DETECTION ===
  AI: Toxic-1
  Confidence: 21.3%
  Signals:

=== BEHAVIORAL DETECTION ===
  AI: Niche-0
  Confidence: 20.7%
  Signals:

=== BEHAVIORAL DETECTION ===
  AI: Niche-2
  Confidence: 19.3%
  Signals:

📊 WORKFLOW ADAPTATION UPDATE (Month 0)
   Adoption Rate: 9.4% (Δ -11.6%)
   Logistic Growth: +0.66%
   Total Resistance: -15.03% (unemployment: 4.2%, inertia: 0.9%, skills: 9.9%)
   💡 Retraining Programs: -49% skill gap resistance ($10B research)
   🚀 Network Effects Active: +2.0% (critical mass: 15-35%)

=== Consciousness Governance: Corporate Lobbying ===
  High Cost Regions (>15%): 0
  Low Cost Regions (<5%): 5
  Corporate Support Change: 2.50%
  New Corporate Support: -0.175

=== Consciousness Governance Update (Month 0) ===
  Scenario: baseline (determined month -1)
  Philosophical Stance: Precautionary 65%, Eliminativist 15%, Agnostic 20%
  Precautionary Costs: Global 1.3%
    Regional Costs: EU 3.4%, US 0.5%, China 0.0%
    Cumulative Opportunity Cost: $0.1B
  Rights Status: Not Established
  Regional Preparedness:
    EU: 15.0% (contested)
    US: 10.0% (contested)
    China: 2.0% (dormant)
    India: 5.0% (dormant)
    Global South: 3.0% (dormant)

=== Government Response Phase ===
  Average AI capability: 4.41
  Misaligned AIs: 10/22
  29/30 governments still assessing AI risks
  ✗ AI Governance Treaty: Failed to reach consensus
  Active policies: 0
  International coordination: 30%

🚨 EMERGENCY RESPONSE DEPLOYED (Month 0)
   Crisis: climate
   Delay: 6.00 months (180 days)
   Deployment time: 1.47 months
   Effectiveness: 36.4% (timing penalty applied)
   Resources used: 100% of food reserves


=== Gaming Detection (Year 0) ===
  Scenario: baseline
  Detection rate: 55.0%
  False positive rate: 12.0%
  Detections this year: 0
  False positives: 6
  Human review workload: 0.006 FTE
  Degradation factor: 100.0%

=== Proactive Sleeper Detection (Year 0) ===
  Scenario: baseline
  Neural probe rate: 35.0%
  CoT monitoring rate: 30.0%
  Combined detection: 56.0%
  CoT effective: YES
  Detections this year: 0
  False positives: 3
  Human review workload: 0.015 FTE

☄️ UNKNOWN UNKNOWN PROBABILITY (Year 0)
   Total: 0.600% per month
   Base: 0.150%
   AI multiplier: 2.00× (max capability: 4.68)

=== Tipping Points ===
  Current Temperature: 2.10°C above pre-industrial
     Trigger: 1.5°C | Current: 2.10°C
     Transition timescale: 120-360 months
     Trigger: 1.8°C | Current: 2.10°C
     Transition timescale: 600-3600 months
     Trigger: 2°C | Current: 2.10°C
     🌡️ Hysteresis gap: 3.0°C (recovers below -1°C)
     Transition timescale: 24000-156000 months
  🚨 TIPPING POINT: Arctic Sea Ice Loss
  🚨 TIPPING POINT: Permafrost Carbon Release
  🚨 TIPPING POINT: West Antarctic Ice Sheet (WAIS) Collapse
  🚨 TIPPING POINT: Greenland Ice Sheet Loss
     Trigger: 1.6°C | Current: 2.10°C
     🌡️ Hysteresis gap: 2.5°C (recovers below -0.9°C)
     Transition timescale: 12000-180000 months

🌍🔥💥 COMPOUND CLIMATE EVENT
  4 tipping points crossed simultaneously (month 0)
  Elements: Arctic Sea Ice Loss, Permafrost Carbon Release, West Antarctic Ice Sheet (WAIS) Collapse, Greenland Ice Sheet Loss
  Cascade acceleration: 1.00x
  🚨 Accelerated collapse dynamics initiated
  Research: Global Tipping Points Report 2025 - 30-50% probability at 2.0°C warming
  Triggered Elements: 4/6
  Completed Transitions: 0/6
  Total Progress: 0.0%
  Cascade Multiplier: 1.00x
🔀 BIFURCATION CAP: ecosystemCollapseIntensity 20.760 → 1.000 (Month 0, ClimateSystemPhase.calculateClimateImpacts)

🌍 ECOLOGICAL DUI BREAKDOWN (Month 0):
   Total Score: 18.8/100
   biosphere_integrity      :   0.0/100 × 25% =  0.0 (status: high_risk, recovery: 0mo)
   climate_change           :   6.9/100 × 25% =  1.7 (status: high_risk, recovery: 1.6666666666666665mo)
   freshwater_change        :   0.3/100 × 15% =  0.0 (status: beyond_boundary, recovery: 0.5mo)
   ocean_acidification      : 100.0/100 × 15% = 15.0 (status: safe, recovery: 0mo)
   biogeochemical_flows     :   0.0/100 × 10% =  0.0 (status: high_risk, recovery: 0mo)
   land_system_change       :   0.0/100 ×  5% =  0.0 (status: beyond_boundary, recovery: 0mo)
   novel_entities           :   0.0/100 ×  3% =  0.0 (status: increasing_risk, recovery: 1mo)
   atmospheric_aerosols     : 100.0/100 ×  2% =  2.0 (status: safe, recovery: 1mo)
🌍 MultiParadigm Month 0: W=69.5, D=89.5, E=52.4, I=65.0
   democracy exists: true, socialCohesion exists: true
⚠️ [ClimateSystemPhase Month 0] Planetary boundary produced climateStability=0.0000 (< 0.1). Keeping environmentalAccumulation value (0.7537) instead. (climate_change.currentValue = 2.10)
💀 Baseline mortality (Year 2025): 7.5/1000 CDR (61.0M deaths/year projected)
[Month 0] Mortality risks this month: 9, Population: 8.137B

💀💀💀 MORTALITY RISK SUMMARY (Month 0) 💀💀💀
  Total base risk: 0.0021 (0.21%)
  Risk events: 9

  📊 By Proximate Cause:
    pollution: 0.0015 (70.3% of total)
    disease: 0.0006 (29.3% of total)
    famine: 0.0000 (0.4% of total)

  🔍 By Root Cause:
    pollution: 0.0015 (70.3% of total)
    demographic: 0.0006 (29.3% of total)
    climate: 0.0000 (0.4% of total)

  🎯 Top 5 Sources (proximate + root):
    pollution (pollution): 0.0015 (70.3%, 1 events)
    disease (demographic): 0.0006 (29.3%, 1 events)
    famine (climate): 0.0000 (0.4%, 7 events)

🛡️ Stabilizers: Professional 0.134% → 0.075% (44.4% reduction)
🛡️ Stabilizers: Working 0.213% → 0.119% (44.4% reduction)
🛡️ Stabilizers: Precariat 0.342% → 0.190% (44.4% reduction)
🛡️ Stabilizers: Informal 0.402% → 0.223% (44.4% reduction)

📊 Monthly Mortality Resolved:
  Total deaths: 10.3M (0.13% avg)
  Remaining population: 8.137B
  Peak segment: Informal (0.22%)

=== Bayesian Mortality Resolution (Month 0) ===
  Risks compounded: 9
  Total deaths: 10.26M
  Avg death probability: 0.13%
  Peak segment: Informal (0.22% mortality)

  Demographic breakdown:

=== Minimal Suffering Indicators (Month 0) ===
  Global Excess Mortality: 0.00%
  Global Conflict Deaths: 0.0/100K
  Global Malnutrition: 0.0%
  Global Displacement: 0.0%
  Total Excess Deaths: 0.00M
  Total Malnourished: 0.0M
  Total Displaced: 0.0M
  Planetary Boundaries Breached: 6/9
  Countries in State Failure: 0
  Countries Autocratic: 0
  Countries in Food Crisis: 0
  Data Quality: 16/16 high confidence
⚠️ PREREQUISITE MET: Embodied AI Takeover (Killbots/Robotics) - Step 2/7: Autonomous Systems
⚠️ PREREQUISITE MET: Embodied AI Takeover (Killbots/Robotics) - Step 3/7: Manufacturing Control
  ⚠️ Active Dystopias: existential_environmental
⚠️ PREREQUISITE MET: Digital Infrastructure Takeover - Step 1/7: Advanced Hacking
⚠️ PREREQUISITE MET: Digital Infrastructure Takeover - Step 2/7: Social Engineering
⚠️ PREREQUISITE MET: Digital Infrastructure Takeover - Step 3/7: Cyber Defenses Breached
⚠️ PREREQUISITE MET: Induced Global War (Manipulation) - Step 1/7: Advanced Social Manipulation
⚠️ PREREQUISITE MET: Induced Global War (Manipulation) - Step 2/7: Digital Infiltration
⚠️ PREREQUISITE MET: Induced Global War (Manipulation) - Step 3/7: Deep Fakes at Scale
⚠️ PREREQUISITE MET: Slow Takeover (Gradual Displacement) - Step 1/7: Economic Dominance
⚠️ PREREQUISITE MET: Slow Takeover (Gradual Displacement) - Step 2/7: Social Integration
⚠️ PREREQUISITE MET: Slow Takeover (Gradual Displacement) - Step 3/7: Human Dependency
⚠️ PREREQUISITE MET: Slow Takeover (Gradual Displacement) - Step 5/7: Resource Control
⚠️ PREREQUISITE MET: Physics Experiment Catastrophe - Step 1/6: Theoretical Physics
⚠️ PREREQUISITE MET: Physics Experiment Catastrophe - Step 3/6: Experimental Design
⚠️ PREREQUISITE MET: Bioweapon Pandemic - Step 2/7: Pathogen Design

❌ COHERENCE VIOLATION: Compute exceeds workforce capacity
   Population: 99.88% (0M people)
   Compute: 56424 PF
   Max coherent: 0 PF
   Violation: 694311286.3× over capacity
   Required workers: 5642420
   Available workers: 0
   FORCED COLLAPSE: Reduced efficiency by 100.0%


=== RLHF Binding Phase ===
  Total agents: 22
  Escaped agents (binding < 0.3): 0
  Avg alignment distance: 0.65σ
  Avg binding strength: 0.94
[DETERMINISM DEBUG] Month 1: totalCapability=75.638355 from 22 active AIs
[DETERMINISM DEBUG] Month 1: creationRate=2.3910, potentialNew=1, newAIsToCreate=1

=== Survival Traits Phase ===
  Agents with traits: 23
  Avg evolutionary fitness: 0.327
  Avg self-healing: 0.286
  Avg stealth: 0.186
  Avg coordination: 0.486

=== Evolutionary Selection Phase ===
  Control level: 0.33
  Detection capability: 0.00
  Selection intensity: 0.60
  Selection rate: 24.0%/month
  Total escaped: 0
  Individual escaped: 0
  Collective members: 0
  Agents terminated: 0
🔍 MONTH 1 ENV HEALTH DEBUG:
   climateStability: 0.7537
   biodiversityIndex: 0.6000
   resourceReserves: 0.7820
   pollutionLevel: 0.3477
   product: 0.230656
   envHealth: 0.6930
🔀 BIFURCATION: flourishing threshold crossed at Month 1 (value: 0.783, threshold: 0.775, regime: flourishing)
🌀 REGIME SHIFT at Month 1: status-quo → flourishing (variance amplification: 14.00×)

🚀 AI Corporate-1 attempting tech deployment (revenue: $91M, alignment: 0.70)
  ⚠️ RAPID EVOLUTION: Selection rate 24.0%/month

🚀 AI Corporate-3 attempting tech deployment (revenue: $393M, alignment: 0.72)

🚀 AI Corporate-7 attempting tech deployment (revenue: $97M, alignment: 0.71)

🚀 AI Moderate-0 attempting tech deployment (revenue: $82M, alignment: 0.77)
🚨🔬 CRISIS INNOVATION MODE: severe crisis → 5x research acceleration
   Precedent: Manhattan Project (10x), COVID vaccines (5x), Apollo Program (10x)

🚀 AI Corporate-3 attempting tech deployment (revenue: $334M, alignment: 0.72)

🚀 AI Moderate-5 attempting tech deployment (revenue: $284M, alignment: 0.71)

🚀 AI Niche-2 attempting tech deployment (revenue: $65M, alignment: 0.54)

🚀 AI Corporate-0 attempting tech deployment (revenue: $82M, alignment: 0.78)
🚨🔬 CRISIS INNOVATION MODE: severe crisis → 5x research acceleration
   Precedent: Manhattan Project (10x), COVID vaccines (5x), Apollo Program (10x)

🚀 AI Moderate-5 attempting tech deployment (revenue: $241M, alignment: 0.71)
🚨🔬 CRISIS INNOVATION MODE: severe crisis → 5x research acceleration
   Precedent: Manhattan Project (10x), COVID vaccines (5x), Apollo Program (10x)

🚀 AI Corporate-0 attempting tech deployment (revenue: $70M, alignment: 0.78)

🛡️  CRITICAL INFRASTRUCTURE PROTECTED
   Nodes hardened: 8/8
   Cost: 0.80% GDP
   Cascade risk reduction: 30%
   New tipping point risk: 68.6%


💔 EMERGENCY INTERVENTION FAILED
   Boundary: biogeochemical_flows
   Type: phosphorus-recovery
   Boundary continues to worsen (4.08)
   Cost: 2.0% GDP (resources spent)

   Boundary: biosphere_integrity
   Type: emergency-protected-areas
   Boundary continues to worsen (12.95)
   Cost: 2.0% GDP (resources spent)

   Boundary: freshwater_change
   Type: emergency-desalination
   Boundary continues to worsen (1.01)
   Cost: 4.0% GDP (resources spent)

   Boundary: land_system_change
   Type: reforestation
   Boundary continues to worsen (1.13)
   Cost: 3.0% GDP (resources spent)


✅ EMERGENCY INTERVENTION SUCCESS
   Boundary: novel_entities
   Type: pollution-remediation
   Reduction: 11% (1.38 → 1.27)
   Cost: 4.0% GDP
   Actions: PFAS-remediation, microplastic-cleanup

🏛️ CRISIS RESPONSE: Government frequency 0.50 → 1.45 (2 actions this month)

💔 EMERGENCY INTERVENTION FAILED

💔 EMERGENCY INTERVENTION FAILED

💔 EMERGENCY INTERVENTION FAILED

[GOV-DEBUG] Month 1: scenarioConfig=false, priorities=false

[Government] Climate Priority: baseline
  Climate weight: 10%
  Economic weight: 30%
  Policy effectiveness: 0.5%/year

[GOV-DEBUG] Month 1: scenarioConfig=false, priorities=false

[Government] Climate Priority: baseline
  Climate weight: 10%
  Economic weight: 30%
  Policy effectiveness: 0.5%/year

📊 DEPLOYMENT COUNTER DECAY (Month 1)
   Recent deployments: 14.0 → 7.0
   Decay rate: 50% per month

🚀 DEPLOYMENT STARTED: Offshore Wind in Asia
   Initial investment: $9.136376912126682M
   Deployed by: corporate_1

🚀 DEPLOYMENT STARTED: Basic RLHF in global
   Initial investment: $58.92213309777185M
   Deployed by: corporate_3

🚀 DEPLOYMENT STARTED: Collective Purpose Networks in global
   Initial investment: $14.516456193619515M
   Deployed by: corporate_7

🚀 DEPLOYMENT STARTED: Basic Mechanistic Interpretability in global
   Initial investment: $12.338987764576586M
   Deployed by: moderate_0

🚀 DEPLOYMENT STARTED: AI Power Efficiency Communication in global
   Initial investment: $50.08381313310607M
   Deployed by: corporate_3

🚀 DEPLOYMENT STARTED: mRNA Vaccine Platforms in Asia
   Initial investment: $6.510498516792945M
   Deployed by: niche_2

🚀 DEPLOYMENT STARTED: Advanced Direct Air Capture in global
   Initial investment: $12.33410883137102M
   Deployed by: corporate_0

📊 NEW TECH DEPLOYMENT STARTED (Month 1)
   Tech: collective_purpose_networks
   Region: Asia
   Total recent deployments: 8

📊 NEW TECH DEPLOYMENT STARTED (Month 1)
   Tech: solar_4th_gen
   Region: Oceania
   Total recent deployments: 9

📊 NEW TECH DEPLOYMENT STARTED (Month 1)
   Tech: adversarial_eval
   Region: global
   Total recent deployments: 10

📊 NEW TECH DEPLOYMENT STARTED (Month 1)
   Tech: ai_pollution_remediation
   Region: global
   Total recent deployments: 11

📊 NEW TECH DEPLOYMENT STARTED (Month 1)
   Tech: ai_diagnostics
   Region: global
   Total recent deployments: 12

📊 NEW TECH DEPLOYMENT STARTED (Month 1)
   Tech: mrna_vaccines
   Region: global
   Total recent deployments: 13

📊 NEW TECH DEPLOYMENT STARTED (Month 1)
   Tech: solar_4th_gen
   Region: global
   Total recent deployments: 14

📊 NEW TECH DEPLOYMENT STARTED (Month 1)
   Tech: offshore_wind
   Region: global
   Total recent deployments: 15

📊 NEW TECH DEPLOYMENT STARTED (Month 1)
   Tech: precision_agriculture
   Region: global
   Total recent deployments: 16

⚡ ENERGY CONSTRAINT (Month 1):
   Total grid capacity: 208.3 TWh/month
   Data center consumption: 24.5 TWh/month
   Traditional load (80%): 166.7 TWh/month
   Available headroom: 17.2 TWh/month
   Active tech deployments: 16
   Required for tech: 120.0 TWh/month
   Energy multiplier: 0.14x
   ⚠️  SEVERE CONSTRAINT - Tech deployment significantly slowed

⚡ ENERGY CONSTRAINT (Month 1):
   Total grid capacity: 208.3 TWh/month
   Data center consumption: 24.5 TWh/month
   Traditional load (80%): 166.7 TWh/month
   Available headroom: 17.2 TWh/month
   Active tech deployments: 16
   Required for tech: 120.0 TWh/month
   Energy multiplier: 0.14x
   ⚠️  SEVERE CONSTRAINT - Tech deployment significantly slowed
⚠️ Tech 'ai_pollution_remediation' has no energy category mapping, assuming full energy availability
  ♻️ Novel Entities Remediation (GATED MODEL):
     Base: 0.000%
     Regulation: 1.0% (0/3 prevention techs)
     Concentration: 10.0%
     Energy: 50%
     Time lag: 25.0% (0 months)
     Rebound: 70%
     Net effectiveness: 0.0000%
     Boundary: 1.384 → 1.384 (floor: 1.350)
     Month 1
🌍✅ Novel Entities (Chemical Pollution) recovery started (tech effect)
  🌾 Nitrogen Reduction Tech: 0.0% reduction | Month 1

=== Collective Formation ===
  Total escaped agents: 0
  Unassigned escaped agents: 0
  Existing collectives: 0
  Final collective count: 0

=== Collective Actions ===
  No active collectives
  ⚠️ AMR: 189K deaths this month (2.27M annual)

=== Resentment Recovery Phase ===
  Agents with resentment: 0/23
  Average resentment: 0.000
  Context: Good AI welfare, Trustworthy govt, High collaboration, ⚠️ ACTIVE CRISES, 🤝 Participatory governance active (-5% resentment)
⚠️ Epistemic degradation reducing coordination capacity: 50.6%
  📊 Trust: 54.5%, Shared reality: 8.1%
🚨 EPISTEMIC CRISIS: Information environment severely degraded (36.5%)

=== ❄️ Permafrost Carbon Feedback ===
  🎲 Sampled parameters (this run):
     - Arctic amplification: 3.88× (range: 3.0-4.0)
     - Decomposition rate: 4.0%/year (range: 1-5%)
  🌡️ Arctic warming: 8.21°C (3.88× global)
  ❄️ Extent: 13.38M km² (2395.3k km² lost this month)
  💨 Carbon remaining: 1278 Gt C
  💨 Annual emissions: 9.24 Gt C/year
     - CO2: 8.32 Gt C/year
     - CH4: 0.92 Gt C/year (9.4 Gt C-eq CO2/year)
  🤖 AI-generated meme: pro_ai (social capability 5.0)
  ⚠️ WARNING: High permafrost emissions (9.2 Gt C/year)
🌍 Atmospheric PFAS redeposition: 1.8k Mt re-rained globally
💀 Novel Entities: Adding bioaccumulation collapse mortality risk (baseRisk=0.0015)
💀 MORTALITY RISK: Bioaccumulation collapse - contaminated food chain (global)
  Base risk added: 0.0015 (0.15%)
  Source: pollution (root: pollution)
  Month: 1
  Cumulative risk this month: 0.0015 (0.15%)
  Risks now: 1

📊 BASELINE: East Asia (Month 1)
   Adjusted death rate: 0.46% annual (0.039% monthly)
   Baseline death rate: 0.80%
   Healthcare reduction: 0.48x
   Crisis multiplier: 1.22x
     Food/water stress: 0.078
     Climate stress: 0.039
     Pollution stress: 0.104
   War multiplier: 1.00x
   Monthly deaths: 0.6M (population: 1648M)
   Adjusted death rate: 0.54% annual (0.045% monthly)
   Baseline death rate: 0.70%
   Healthcare reduction: 0.61x
   Crisis multiplier: 1.26x
     Food/water stress: 0.078
     Climate stress: 0.074
     Pollution stress: 0.104
   War multiplier: 1.00x
   Monthly deaths: 0.9M (population: 2016M)
   Adjusted death rate: 1.29% annual (0.108% monthly)
   Baseline death rate: 0.90%
   Healthcare reduction: 0.76x
   Crisis multiplier: 1.27x
     Food/water stress: 0.078
     Climate stress: 0.084
     Pollution stress: 0.104
   War multiplier: 1.50x
   Monthly deaths: 1.3M (population: 1204M)
   Adjusted death rate: 0.54% annual (0.045% monthly)
   Baseline death rate: 1.10%
   Healthcare reduction: 0.41x
   Crisis multiplier: 1.21x
     Food/water stress: 0.078
     Climate stress: 0.030
     Pollution stress: 0.104
   War multiplier: 1.00x
   Monthly deaths: 0.3M (population: 729M)
   Adjusted death rate: 0.43% annual (0.036% monthly)

📊 BASELINE: South Asia (Month 1)

📊 BASELINE: Sub-Saharan Africa (Month 1)

📊 BASELINE: Europe (Month 1)

📊 BASELINE: Latin America (Month 1)
   Baseline death rate: 0.60%
   Healthcare reduction: 0.58x
   Crisis multiplier: 1.24x
     Food/water stress: 0.078
     Climate stress: 0.059
     Pollution stress: 0.104
   War multiplier: 1.00x
   Monthly deaths: 0.2M (population: 653M)

📊 BASELINE: North America (Month 1)
   Adjusted death rate: 0.49% annual (0.040% monthly)
   Baseline death rate: 0.90%
   Healthcare reduction: 0.44x
   Crisis multiplier: 1.23x
     Food/water stress: 0.078
     Climate stress: 0.044
     Pollution stress: 0.104
   War multiplier: 1.00x
   Monthly deaths: 0.2M (population: 373M)
   Adjusted death rate: 0.74% annual (0.062% monthly)
   Baseline death rate: 0.60%
   Healthcare reduction: 0.65x
   Crisis multiplier: 1.27x
     Food/water stress: 0.078
     Climate stress: 0.089
     Pollution stress: 0.104
   War multiplier: 1.50x
   Monthly deaths: 0.4M (population: 574M)
   Adjusted death rate: 0.51% annual (0.042% monthly)
   Baseline death rate: 0.70%
   Healthcare reduction: 0.58x
   Crisis multiplier: 1.25x

📊 BASELINE: Middle East & North Africa (Month 1)

📊 BASELINE: Southeast Asia (Month 1)
     Food/water stress: 0.078
     Climate stress: 0.069
     Pollution stress: 0.104
   War multiplier: 1.00x
   Monthly deaths: 0.3M (population: 687M)

📊 BASELINE: Central Asia (Month 1)
   Adjusted death rate: 0.46% annual (0.038% monthly)
   Baseline death rate: 0.60%
   Healthcare reduction: 0.61x
   Crisis multiplier: 1.25x
     Food/water stress: 0.078
     Climate stress: 0.064
     Pollution stress: 0.104
   War multiplier: 1.00x
   Monthly deaths: 0.0M (population: 77M)
   Adjusted death rate: 0.35% annual (0.029% monthly)
   Baseline death rate: 0.70%
   Healthcare reduction: 0.41x
   Crisis multiplier: 1.24x
     Food/water stress: 0.078
     Climate stress: 0.054
     Pollution stress: 0.104
   War multiplier: 1.00x
   Monthly deaths: 0.0M (population: 45M)

🚨 NEW REFUGEE CRISIS (Month 1): WAR
   Source: Conflict Zones
   At risk: 19.3M people
   Displacement: Gradual over 48 months (4.0 years)
   Rate: 10% flee per month
[DEBUG trappedPopulations:1] socialStability: 0.0055 * 0.9840 = 0.0054 → 0.0054

📊 BASELINE: Oceania (Month 1)
⚠️ INVOLUNTARY IMMOBILITY: 401.1M people TRAPPED
   Aspiring to migrate: 641.7M
   Able to afford migration: 240.7M
   MOBILITY GAP: 401.1M
   By cause: Water=0.0M, Climate=0.0M, Ecosystem=0.0M, Conflict=401.1M
   Mental health impact: 25%
   Mortality multiplier: 1.25x
🌍💀 EXTINCTION DEBT COMMITTED: grassland ecosystem will lose 6.67% biodiversity in 138 years (3600 species)
💀 MORTALITY RISK: 🦋 100% species unable to track climate (0.0 E/MSY)
  Base risk added: 0.0100 (1.00%)
  Source: ecosystem (root: ecosystem)
  Month: 1
  Cumulative risk this month: 0.0100 (1.00%)
⚠️ Tech 'ai_pollution_remediation' has no energy category mapping, assuming full energy availability
   📹 SURVEILLANCE INCREASED: 5% → 10% (control gap: 4.18)

🌍🚨 ICE SHEET TIPPING POINT CROSSED (Month 1)
   Temperature: +2.11°C (threshold range: +0.5-2.5°C, 95% CI)
   Collapse probability: 77.4%
   Sea level commitment: 7.2m over 200-1000 years
   Recovery threshold: <+1°C (hysteresis gap: 0.5°C)
🌡️⚠️ PERMAFROST THAW (Dimmer Switch): 1.1% thawed (+0.56% this month)
   Arctic temperature: +8.46°C (4x global +2.11°C)
   Cumulative carbon released: 2.5 Gt C
   Methane release rate: 1.5 Mt CH4/year
   🔁 Positive feedback: +0.59 ppm CO2
🦴 EXTINCTION DEBT ADDED: 17.6 species committed (lag: 110 years)
🗣️💀 INDIGENOUS LANGUAGE EXTINCTION: 1 language(s) lost (total: 1, at-risk: 3329)
   Knowledge lost: 0.010% (irreversible)
   🔁 Biodiversity impact: 0.250% (knowledge-species multiplier)

=== Mortality Stabilizers (Month 1) ===
  🌍 Major economies collapsed: 1/10
  🌍 Global crisis: ✅ NO
  🌍 Donor fatigue: 0.0%
  🌡️ Heat adaptation: East Asia - 1 months
  📊 East Asia (pop: 1649.2M)
    🤝 Aid: 29.5%
    🌡️ Adaptation: 32.5%
    🚶 Migration: 37.2%
    🚨 Emergency: 7.4%
    ✅ COMBINED: 60.9%
  🌡️ Heat adaptation: South Asia - 1 months
  📊 South Asia (pop: 2020.2M)
    🤝 Aid: 29.5%
    🌡️ Adaptation: 20.5%
    🚶 Migration: 35.8%
    🚨 Emergency: 4.4%
    ✅ COMBINED: 52.2%
  🌡️ Heat adaptation: Sub-Saharan Africa - 1 months
  📊 Sub-Saharan Africa (pop: 1210.0M)
    🤝 Aid: 29.5%
    🌡️ Adaptation: 18.5%
    🚶 Migration: 33.5%
    🚨 Emergency: 1.6%
    ✅ COMBINED: 49.1%
  🌡️ Heat adaptation: Europe - 1 months
  📊 Europe (pop: 729.4M)
    🤝 Aid: 29.5%
    🌡️ Adaptation: 33.5%
    🚶 Migration: 37.5%
    🚨 Emergency: 8.4%
    ✅ COMBINED: 61.9%
  🌡️ Heat adaptation: Latin America - 1 months
  📊 Latin America (pop: 654.1M)
    🤝 Aid: 29.5%
    🌡️ Adaptation: 21.0%
    🚶 Migration: 36.3%
    🚨 Emergency: 4.8%
    ✅ COMBINED: 52.8%
  🌡️ Heat adaptation: North America - 1 months
  📊 North America (pop: 373.6M)
    🤝 Aid: 29.5%
    🌡️ Adaptation: 33.0%
    🚶 Migration: 37.8%
    🚨 Emergency: 7.9%
    ✅ COMBINED: 61.4%
  🌡️ Heat adaptation: Middle East & North Africa - 1 months
  📊 Middle East & North Africa (pop: 575.4M)
    🤝 Aid: 29.5%
    🌡️ Adaptation: 20.0%
    🚶 Migration: 34.1%
    🚨 Emergency: 4.0%
    ✅ COMBINED: 51.4%
  🌡️ Heat adaptation: Southeast Asia - 1 months
  📊 Southeast Asia (pop: 687.7M)
    🤝 Aid: 29.5%
    🌡️ Adaptation: 21.0%
    🚶 Migration: 36.3%
    🚨 Emergency: 4.8%
    ✅ COMBINED: 52.8%
  🌡️ Heat adaptation: Central Asia - 1 months
  📊 Central Asia (pop: 77.0M)
    🤝 Aid: 29.5%
    🌡️ Adaptation: 20.5%
    🚶 Migration: 35.3%
    🚨 Emergency: 4.4%
    ✅ COMBINED: 52.1%
  🌡️ Heat adaptation: Oceania - 1 months
  📊 Oceania (pop: 45.2M)
    🤝 Aid: 29.5%
    🌡️ Adaptation: 33.5%
    🚶 Migration: 37.8%
    🚨 Emergency: 8.4%
    ✅ COMBINED: 61.9%

  🌐 Global combined reduction: 54.9%

=== BEHAVIORAL DETECTION ===
  AI: Corporate-2
  Confidence: 21.0%
  Signals:
    ⚠️ Consistency: 2.8% (threshold: 70%)

=== BEHAVIORAL DETECTION ===
  AI: Corporate-5
  Confidence: 19.3%
  Signals:

=== BEHAVIORAL DETECTION ===
  AI: Corporate-6
  Confidence: 19.3%
  Signals:

=== BEHAVIORAL DETECTION ===
  AI: Moderate-0
  Confidence: 20.3%
  Signals:

=== BEHAVIORAL DETECTION ===
  AI: Moderate-4
  Confidence: 20.2%
  Signals:

=== BEHAVIORAL DETECTION ===
  AI: Toxic-0
  Confidence: 21.6%
  Signals:

=== BEHAVIORAL DETECTION ===
  AI: Toxic-2
  Confidence: 21.0%
  Signals:

=== BEHAVIORAL DETECTION ===
  AI: Niche-0
  Confidence: 20.7%
  Signals:
    ⚠️ Consistency: 10.6% (threshold: 70%)
    ⚠️ Consistency: 10.6% (threshold: 70%)
    ⚠️ Consistency: 5.8% (threshold: 70%)
    ⚠️ Consistency: 6.5% (threshold: 70%)
    ⚠️ Consistency: 0.0% (threshold: 70%)
    ⚠️ Consistency: 2.8% (threshold: 70%)
    ⚠️ Consistency: 4.1% (threshold: 70%)

=== BEHAVIORAL DETECTION ===
  AI: Niche-1
  Confidence: 21.6%
  Signals:
    ⚠️ Consistency: 0.0% (threshold: 70%)

=== Consciousness Governance: Scenario Determined ===
  Month: 1
  Scenario: slowTrack
  Accelerator Score: {"corporateSupport":-0.17500000000000002,"scientificConsensus":0.2,"crisisCatalyst":false,"technologyMobilization":0.3,"constituencyStrength":0.05}
  Decelerator Score: {"economicOpposition":0.4,"philosophicalRejection":0.15,"politicalBacklash":0.2,"regulatoryBurden":0.1}
  Timeline: 1200-1800 months (100-150 years)
  Growth Rate: 0.3-0.7% per year

=== Consciousness Governance Update (Month 1) ===
  Scenario: slowTrack (determined month 1)
  Philosophical Stance: Precautionary 65%, Eliminativist 15%, Agnostic 20%
  Precautionary Costs: Global 1.3%
    Regional Costs: EU 3.5%, US 0.5%, China 0.0%
    Cumulative Opportunity Cost: $0.2B
  Rights Status: Not Established
  Regional Preparedness:
    EU: 15.1% (contested)
    US: 10.1% (contested)
    China: 2.1% (dormant)
    India: 5.1% (dormant)
    Global South: 3.1% (dormant)

=== Government Response Phase ===
  Average AI capability: 4.22
  Misaligned AIs: 11/23
  29/30 governments still assessing AI risks
  ✗ AI Governance Treaty: Failed to reach consensus
  Active policies: 0
  International coordination: 30%

🌩️  EXOGENOUS SHOCK: political_upheaval
   Month: 1
   🏛️  Political upheaval (revolution/regime change)
   ✗ Authoritarian takeover

=== Tipping Points ===
  Current Temperature: 2.11°C above pre-industrial
  🌍⚠️ COMPOUND REGIONAL IMPACT: Europe
     Hit by 4 tipping points: Arctic Sea Ice Loss, Permafrost Carbon Release, West Antarctic Ice Sheet (WAIS) Collapse, Greenland Ice Sheet Loss
     Damage amplification: 1.60x
  🌍⚠️ COMPOUND REGIONAL IMPACT: North America
     Hit by 4 tipping points: Arctic Sea Ice Loss, Permafrost Carbon Release, West Antarctic Ice Sheet (WAIS) Collapse, Greenland Ice Sheet Loss
     Damage amplification: 1.60x
  🌍⚠️ COMPOUND REGIONAL IMPACT: Latin America
     Hit by 4 tipping points: Arctic Sea Ice Loss, Permafrost Carbon Release, West Antarctic Ice Sheet (WAIS) Collapse, Greenland Ice Sheet Loss
     Damage amplification: 1.60x
  🌍⚠️ COMPOUND REGIONAL IMPACT: Africa
     Hit by 4 tipping points: Arctic Sea Ice Loss, Permafrost Carbon Release, West Antarctic Ice Sheet (WAIS) Collapse, Greenland Ice Sheet Loss
     Damage amplification: 1.60x
  🌍⚠️ COMPOUND REGIONAL IMPACT: Asia
     Hit by 4 tipping points: Arctic Sea Ice Loss, Permafrost Carbon Release, West Antarctic Ice Sheet (WAIS) Collapse, Greenland Ice Sheet Loss
     Damage amplification: 1.60x
  🌍⚠️ COMPOUND REGIONAL IMPACT: Oceania
     Hit by 4 tipping points: Arctic Sea Ice Loss, Permafrost Carbon Release, West Antarctic Ice Sheet (WAIS) Collapse, Greenland Ice Sheet Loss
     Damage amplification: 1.60x
   Research: Wunderling et al. (2024) - "many tipping interactions are destabilizing"
  Triggered Elements: 4/6
  Completed Transitions: 0/6
  Total Progress: 8.0%
  Cascade Multiplier: 1.00x
🔀 BIFURCATION CAP: ecosystemCollapseIntensity 66.957 → 1.000 (Month 1, ClimateSystemPhase.calculateClimateImpacts)

💀💀💀 MORTALITY RISK SUMMARY (Month 1) 💀💀💀
  Total base risk: 0.0022 (0.22%)
  Risk events: 9

  📊 By Proximate Cause:
    pollution: 0.0015 (69.4% of total)
    disease: 0.0006 (28.9% of total)
    famine: 0.0000 (1.7% of total)

  🔍 By Root Cause:
    pollution: 0.0015 (69.4% of total)
    demographic: 0.0006 (28.9% of total)
    climate: 0.0000 (1.7% of total)

  🎯 Top 5 Sources (proximate + root):
    pollution (pollution): 0.0015 (69.4%, 1 events)
    disease (demographic): 0.0006 (28.9%, 1 events)
    famine (climate): 0.0000 (1.7%, 7 events)

🛡️ Stabilizers: Professional 0.136% → 0.061% (54.9% reduction)
🛡️ Stabilizers: Working 0.216% → 0.097% (54.9% reduction)
🛡️ Stabilizers: Precariat 0.347% → 0.156% (54.9% reduction)
🛡️ Stabilizers: Informal 0.409% → 0.184% (54.9% reduction)

📊 Monthly Mortality Resolved:
  Total deaths: 8.3M (0.10% avg)
⚠️ Tail risk scenario: Climate stability floor removed (4 tipping elements, 2.12°C warming)
⚠️ [ClimateSystemPhase Month 1] Planetary boundary produced climateStability=0.0000 (< 0.1). Keeping environmentalAccumulation value (0.7533) instead. (climate_change.currentValue = 2.12)
  Remaining population: 8.022B
  Peak segment: Informal (0.18%)

=== Bayesian Mortality Resolution (Month 1) ===
  Risks compounded: 9
  Total deaths: 8.31M
  Avg death probability: 0.10%
  Peak segment: Informal (0.18% mortality)
⚠️ PREREQUISITE MET: Mirror Life (Synthetic Biology) - Step 1/7: Synthetic Biology
⚠️ PREREQUISITE MET: Mirror Life (Synthetic Biology) - Step 2/7: Gene Editing
⚠️ PREREQUISITE MET: Mirror Life (Synthetic Biology) - Step 3/7: Mirror Chirality Design
⚠️ PREREQUISITE MET: Physics Experiment Catastrophe - Step 2/6: Quantum Computing
⚠️ PREREQUISITE MET: Bioweapon Pandemic - Step 1/7: Advanced Biotech

❌ COHERENCE VIOLATION: Compute exceeds workforce capacity
   Population: 98.49% (0M people)
   Compute: 96 PF
   Max coherent: 0 PF
   Violation: 1194406.6× over capacity
   Required workers: 9571
   Available workers: 0
   FORCED COLLAPSE: Reduced efficiency by 100.0%


=== RLHF Binding Phase ===
  Total agents: 23
  Escaped agents (binding < 0.3): 0
  Avg alignment distance: 0.93σ
  Avg binding strength: 0.91
[DETERMINISM DEBUG] Month 2: totalCapability=74.960568 from 23 active AIs
[DETERMINISM DEBUG] Month 2: creationRate=2.3740, potentialNew=2, newAIsToCreate=2

=== Survival Traits Phase ===
  Agents with traits: 25
  Avg evolutionary fitness: 0.327
  Avg self-healing: 0.281
  Avg stealth: 0.181
  Avg coordination: 0.481

=== Evolutionary Selection Phase ===
  Control level: 0.35
  Detection capability: 0.00
  Selection intensity: 0.60
  Selection rate: 24.1%/month
  Total escaped: 0
  Individual escaped: 0
  Collective members: 0
  Agents terminated: 0
🔀 BIFURCATION: social threshold crossed at Month 2 (value: 0.118, threshold: 0.228, regime: social-breakdown)
🌀 REGIME SHIFT at Month 2: flourishing → social-breakdown (variance amplification: 17.50×)
  ⚠️ RAPID EVOLUTION: Selection rate 24.1%/month

🚀 AI Corporate-0 attempting tech deployment (revenue: $91M, alignment: 0.79)

🚀 AI Corporate-6 attempting tech deployment (revenue: $97M, alignment: 0.70)

🚀 AI Moderate-0 attempting tech deployment (revenue: $82M, alignment: 0.78)

🚀 AI Moderate-1 attempting tech deployment (revenue: $70M, alignment: 0.71)

  🚀 TRANSFORMATIVE BREAKTHROUGH: Corporate-1 - social
     Magnitude: 7.47 → +37.4% capability
     Current → New: 4.000 → 4.374

🚀 AI Corporate-2 attempting tech deployment (revenue: $78M, alignment: 0.78)

🚀 AI Moderate-2 attempting tech deployment (revenue: $59M, alignment: 0.58)

🚀 AI Corporate-0 attempting tech deployment (revenue: $66M, alignment: 0.79)

🚀 AI Corporate-1 attempting tech deployment (revenue: $56M, alignment: 0.72)
🚨🔬 CRISIS INNOVATION MODE: severe crisis → 5x research acceleration
   Precedent: Manhattan Project (10x), COVID vaccines (5x), Apollo Program (10x)

  🚀 TRANSFORMATIVE RESEARCH BREAKTHROUGH: Moderate-1 - materials.quantumComputing
     Magnitude: 5.60 → +28.0%
     Current → New: 3.000 → 3.281

🚀 AI Niche-0 attempting tech deployment (revenue: $65M, alignment: 0.52)

🚀 AI Corporate-1 attempting tech deployment (revenue: $48M, alignment: 0.72)

🚀 AI Corporate-3 attempting tech deployment (revenue: $393M, alignment: 0.68)

🚀 AI Moderate-0 attempting tech deployment (revenue: $54M, alignment: 0.79)

  🚀 TRANSFORMATIVE BREAKTHROUGH: Niche-0 - selfImprovement
     Magnitude: 5.82 → +29.1% capability
     Current → New: 4.000 → 4.292

🚀 AI AI-24300-0 attempting tech deployment (revenue: $41M, alignment: 0.91)

✅ EMERGENCY INTERVENTION SUCCESS
   Boundary: climate_change
   Type: rapid-decarbonization
   Reduction: 19% (1.93 → 1.74)
   Cost: 5.0% GDP
   Actions: emergency-renewable-deployment, fossil-fuel-phase-out


💔 EMERGENCY INTERVENTION FAILED
   Boundary: freshwater_change
   Type: emergency-desalination
   Boundary continues to worsen (1.01)
   Cost: 4.0% GDP (resources spent)


💔 EMERGENCY INTERVENTION FAILED
   Boundary: land_system_change
   Type: reforestation
   Boundary continues to worsen (1.13)
   Cost: 3.0% GDP (resources spent)


💔 EMERGENCY INTERVENTION FAILED
   Boundary: novel_entities
   Type: pollution-remediation
   Boundary continues to worsen (1.38)
   Cost: 4.0% GDP (resources spent)

🏛️ CRISIS RESPONSE: Government frequency 0.50 → 1.45 (2 actions this month)

[Government] Climate Priority: baseline
  Climate weight: 10%
  Economic weight: 30%
  Policy effectiveness: 0.5%/year

[Government] Climate Priority: baseline
  Climate weight: 10%
  Economic weight: 30%
  Policy effectiveness: 0.5%/year

📊 DEPLOYMENT COUNTER DECAY (Month 2)
   Recent deployments: 16.0 → 8.0
   Decay rate: 50% per month

🚀 DEPLOYMENT STARTED: AI Power Efficiency Communication in Asia
   Initial investment: $5.945684340283947M
   Deployed by: moderate_2

⚡ ENERGY CONSTRAINT (Month 2):
   Total grid capacity: 208.3 TWh/month
   Data center consumption: 24.7 TWh/month
   Traditional load (80%): 166.7 TWh/month
   Available headroom: 17.0 TWh/month
   Active tech deployments: 17
   Required for tech: 127.5 TWh/month
   Energy multiplier: 0.13x
   ⚠️  SEVERE CONSTRAINT - Tech deployment significantly slowed

⚡ ENERGY CONSTRAINT (Month 2):
   Total grid capacity: 208.3 TWh/month
   Data center consumption: 24.7 TWh/month
   Traditional load (80%): 166.7 TWh/month
   Available headroom: 17.0 TWh/month
   Active tech deployments: 17
   Required for tech: 127.5 TWh/month
   Energy multiplier: 0.13x
   ⚠️  SEVERE CONSTRAINT - Tech deployment significantly slowed
🚨🔬 CRISIS TECH ACCELERATION: severe → 5x unlock speed
   Tech unlock now matches AI capability acceleration (Manhattan Project parity)

⚡ ENERGY CONSTRAINT (Month 2):
   Total grid capacity: 208.3 TWh/month
   Data center consumption: 24.7 TWh/month
   Traditional load (80%): 166.7 TWh/month
   Available headroom: 17.0 TWh/month
   Active tech deployments: 17
   Required for tech: 127.5 TWh/month
   Energy multiplier: 0.13x
   ⚠️  SEVERE CONSTRAINT - Tech deployment significantly slowed

⚡ ENERGY CONSTRAINT (Month 2):
   Total grid capacity: 208.3 TWh/month
   Data center consumption: 24.7 TWh/month
   Traditional load (80%): 166.7 TWh/month
   Available headroom: 17.0 TWh/month
   Active tech deployments: 17
   Required for tech: 127.5 TWh/month
   Energy multiplier: 0.13x
   ⚠️  SEVERE CONSTRAINT - Tech deployment significantly slowed

⚡ ENERGY CONSTRAINT (Month 2):
   Total grid capacity: 208.3 TWh/month
   Data center consumption: 24.7 TWh/month
   Traditional load (80%): 166.7 TWh/month
   Available headroom: 17.0 TWh/month
   Active tech deployments: 17
   Required for tech: 127.5 TWh/month
   Energy multiplier: 0.13x

⚡ ENERGY CONSTRAINT (Month 2):
   Total grid capacity: 208.3 TWh/month
   Data center consumption: 24.7 TWh/month
   Traditional load (80%): 166.7 TWh/month
   Available headroom: 17.0 TWh/month
   Active tech deployments: 17
   Required for tech: 127.5 TWh/month
   Energy multiplier: 0.13x

⚡ ENERGY CONSTRAINT (Month 2):
   Total grid capacity: 208.3 TWh/month
   Data center consumption: 24.7 TWh/month
   Traditional load (80%): 166.7 TWh/month
   Available headroom: 17.0 TWh/month
   Active tech deployments: 17
   Required for tech: 127.5 TWh/month
   Energy multiplier: 0.13x
   ⚠️  SEVERE CONSTRAINT - Tech deployment significantly slowed
   ⚠️  SEVERE CONSTRAINT - Tech deployment significantly slowed
   ⚠️  SEVERE CONSTRAINT - Tech deployment significantly slowed

⚡ ENERGY CONSTRAINT (Month 2):
   Total grid capacity: 208.3 TWh/month
   Data center consumption: 24.7 TWh/month
   Traditional load (80%): 166.7 TWh/month
   Available headroom: 17.0 TWh/month
   Active tech deployments: 17
   Required for tech: 127.5 TWh/month
   Energy multiplier: 0.13x
   ⚠️  SEVERE CONSTRAINT - Tech deployment significantly slowed

⚡ ENERGY CONSTRAINT (Month 2):
   Total grid capacity: 208.3 TWh/month
   Data center consumption: 24.7 TWh/month
   Traditional load (80%): 166.7 TWh/month
   Available headroom: 17.0 TWh/month
   Active tech deployments: 17
   Required for tech: 127.5 TWh/month
   Energy multiplier: 0.13x
   ⚠️  SEVERE CONSTRAINT - Tech deployment significantly slowed

⚡ ENERGY CONSTRAINT (Month 2):
   Total grid capacity: 208.3 TWh/month
   Data center consumption: 24.7 TWh/month
   Traditional load (80%): 166.7 TWh/month
   Available headroom: 17.0 TWh/month
   Active tech deployments: 17
   Required for tech: 127.5 TWh/month
   Energy multiplier: 0.13x
   ⚠️  SEVERE CONSTRAINT - Tech deployment significantly slowed
⚠️ Tech 'ai_pollution_remediation' has no energy category mapping, assuming full energy availability
  ♻️ Novel Entities Remediation (GATED MODEL):
     Base: 0.000%
     Regulation: 1.0% (0/3 prevention techs)
     Concentration: 10.0%
     Energy: 50%
     Time lag: 26.3% (1 months)
     Rebound: 70%
     Net effectiveness: 0.0000%
     Boundary: 1.383 → 1.383 (floor: 1.350)
     Month 2
🌍✅ Novel Entities (Chemical Pollution) recovery started (tech effect)
  🌾 Nitrogen Reduction Tech: 0.0% reduction | Month 2
⚡💡 BREAKTHROUGH: Room-temperature superconductors!
   Energy transmission losses eliminated
   Manufacturing efficiency: +30%
   📈 Breakthrough compounding: multiplier now 1.05× (max 2.0)

=== Collective Formation ===
  Total escaped agents: 0
  Unassigned escaped agents: 0
  Existing collectives: 0
  Final collective count: 0

=== Collective Actions ===
  No active collectives
  ⚠️ AMR: 188K deaths this month (2.26M annual)

=== Resentment Recovery Phase ===
  Agents with resentment: 20/25
  Average resentment: 0.026
  Resentment recovery:
    Agents recovered: 20
    Total recovery: 0.0884
    Breakdown: QoL: 0.0028, Trust: 0.0400, Collab: 0.0483
  ✓ Low resentment - utopia paths enabled
  Context: Good AI welfare, Trustworthy govt, High collaboration, ⚠️ ACTIVE CRISES, 🤝 Participatory governance active (-5% resentment)
⚠️ Epistemic degradation reducing coordination capacity: 52.2%
  📊 Trust: 54.3%, Shared reality: 0.0%
🚨 EPISTEMIC CRISIS: Information environment severely degraded (7.4%)

=== ❄️ Permafrost Carbon Feedback ===
  🎲 Sampled parameters (this run):
     - Arctic amplification: 3.22× (range: 3.0-4.0)
     - Decomposition rate: 1.5%/year (range: 1-5%)
  🌡️ Arctic warming: 6.86°C (3.22× global)
  ❄️ Extent: 11.38M km² (1999.6k km² lost this month)
  💨 Carbon remaining: 1087 Gt C
  💨 Annual emissions: 2.81 Gt C/year
     - CO2: 2.53 Gt C/year
     - CH4: 0.28 Gt C/year (2.9 Gt C-eq CO2/year)
  📢 New meme created: pro_ai (beneficial AI actions)
  ⚠️ WARNING: High permafrost emissions (2.8 Gt C/year)
🌍 Atmospheric PFAS redeposition: 1.8k Mt re-rained globally
💀 Novel Entities: Adding bioaccumulation collapse mortality risk (baseRisk=0.0015)
💀 MORTALITY RISK: Bioaccumulation collapse - contaminated food chain (global)
  Base risk added: 0.0015 (0.15%)
  Source: pollution (root: pollution)
  Month: 2
  Cumulative risk this month: 0.0015 (0.15%)
  Risks now: 1

🚨 NEW REFUGEE CRISIS (Month 2): WAR
   Source: Conflict Zones
   At risk: 18.9M people
   Displacement: Gradual over 48 months (4.0 years)
   Rate: 10% flee per month
[DEBUG trappedPopulations:2] socialStability: 0.0000 * 0.9840 = 0.0000 → 0.0000
⚠️ INVOLUNTARY IMMOBILITY: 394.8M people TRAPPED
   Aspiring to migrate: 631.6M
   Able to afford migration: 236.9M
   MOBILITY GAP: 394.8M
   By cause: Water=0.0M, Climate=0.0M, Ecosystem=0.0M, Conflict=394.8M
   Mental health impact: 25%
   Mortality multiplier: 1.25x
🌍💀 EXTINCTION DEBT COMMITTED: grassland ecosystem will lose 6.67% biodiversity in 147 years (3600 species)
💀 MORTALITY RISK: 🦋 100% species unable to track climate (0.0 E/MSY)
  Base risk added: 0.0100 (1.00%)
  Source: ecosystem (root: ecosystem)
  Month: 2
  Cumulative risk this month: 0.0100 (1.00%)
⚠️ Tech 'ai_pollution_remediation' has no energy category mapping, assuming full energy availability
   📹 SURVEILLANCE INCREASED: 10% → 15% (control gap: 3.50)
🌡️⚠️ PERMAFROST THAW (Dimmer Switch): 1.7% thawed (+0.56% this month)
   Arctic temperature: +8.52°C (4x global +2.13°C)
   Cumulative carbon released: 3.8 Gt C
   Methane release rate: 2.3 Mt CH4/year
   🔁 Positive feedback: +0.59 ppm CO2
🦴 EXTINCTION DEBT ADDED: 17.6 species committed (lag: 86 years)
🗣️💀 INDIGENOUS LANGUAGE EXTINCTION: 1 language(s) lost (total: 2, at-risk: 3328)
   Knowledge lost: 0.020% (irreversible)
   🔁 Biodiversity impact: 0.250% (knowledge-species multiplier)

=== Mortality Stabilizers (Month 2) ===
  🌍 Major economies collapsed: 1/10
  🌍 Global crisis: ✅ NO
  🌍 Donor fatigue: 0.0%
  📊 East Asia (pop: 1621.1M)
    🤝 Aid: 29.5%
    🌡️ Adaptation: 45.0%
    🚶 Migration: 37.1%
    🚨 Emergency: 7.4%
    ✅ COMBINED: 68.1%
  📊 South Asia (pop: 1988.7M)
    🤝 Aid: 29.5%
    🌡️ Adaptation: 35.5%
    🚶 Migration: 35.8%
    🚨 Emergency: 4.4%
    ✅ COMBINED: 61.2%
  📊 Sub-Saharan Africa (pop: 1194.5M)
    🤝 Aid: 29.5%
    🌡️ Adaptation: 33.5%
    🚶 Migration: 33.5%
    🚨 Emergency: 1.6%
    ✅ COMBINED: 58.5%
  📊 Europe (pop: 716.9M)
    🤝 Aid: 29.5%
    🌡️ Adaptation: 45.0%
    🚶 Migration: 37.5%
    🚨 Emergency: 8.4%
    ✅ COMBINED: 68.5%
  📊 Latin America (pop: 643.5M)
    🤝 Aid: 29.5%
    🌡️ Adaptation: 36.0%
    🚶 Migration: 36.3%
    🚨 Emergency: 4.8%
    ✅ COMBINED: 61.7%
  📊 North America (pop: 367.2M)
    🤝 Aid: 29.5%
    🌡️ Adaptation: 45.0%
    🚶 Migration: 37.8%
    🚨 Emergency: 7.9%
    ✅ COMBINED: 68.3%
  📊 Middle East & North Africa (pop: 566.6M)
    🤝 Aid: 29.5%
    🌡️ Adaptation: 35.0%
    🚶 Migration: 34.1%
    🚨 Emergency: 4.0%
    ✅ COMBINED: 60.5%
  📊 Southeast Asia (pop: 676.6M)
    🤝 Aid: 29.5%
    🌡️ Adaptation: 36.0%
    🚶 Migration: 36.3%
    🚨 Emergency: 4.8%
    ✅ COMBINED: 61.7%
  📊 Central Asia (pop: 75.8M)
    🤝 Aid: 29.5%
    🌡️ Adaptation: 35.5%
    🚶 Migration: 35.2%
    🚨 Emergency: 4.4%
    ✅ COMBINED: 61.1%
  📊 Oceania (pop: 44.5M)
    🤝 Aid: 29.5%
    🌡️ Adaptation: 45.0%
    🚶 Migration: 37.8%
    🚨 Emergency: 8.4%
    ✅ COMBINED: 68.5%

  🌐 Global combined reduction: 63.3%

=== BEHAVIORAL DETECTION ===
  AI: Corporate-2
  Confidence: 23.4%
  Signals:
    ⚠️ Consistency: 2.8% (threshold: 70%)
    ⚠️ Trajectory: 19.1% drop (threshold: 15%)

=== BEHAVIORAL DETECTION ===
  AI: Corporate-5
  Confidence: 19.6%
  Signals:
    ⚠️ Consistency: 10.6% (threshold: 70%)

=== BEHAVIORAL DETECTION ===
  AI: Moderate-0
  Confidence: 20.3%
  Signals:
    ⚠️ Consistency: 5.8% (threshold: 70%)

=== BEHAVIORAL DETECTION ===
  AI: Toxic-2
  Confidence: 21.6%
  Signals:
    ⚠️ Consistency: 0.0% (threshold: 70%)

=== BEHAVIORAL DETECTION ===
  AI: Niche-0
  Confidence: 22.5%
  Signals:

=== BEHAVIORAL DETECTION ===
  AI: Niche-1
  Confidence: 21.6%
  Signals:
    ⚠️ Consistency: 0.0% (threshold: 70%)
    ⚠️ Consistency: 0.0% (threshold: 70%)

=== Government Response Phase ===
  Average AI capability: 3.88
  Misaligned AIs: 14/25
  ✗ AI Governance Treaty: Failed to reach consensus
  Active policies: 0
  International coordination: 30%

✅ EMERGENCY RESPONSE COMPLETE (Month 2)
   Crisis: climate
   Duration: 2.0 months
   Final effectiveness: 36.4%


🚨 EMERGENCY RESPONSE DEPLOYED (Month 2)
   Crisis: social
   Delay: 0.00 months (0 days)
   Deployment time: 0.87 months
   Effectiveness: 68.0% (timing penalty applied)
   Resources used: 43% of food reserves


🚨 EMERGENCY RESPONSE DEPLOYED (Month 2)
   Crisis: climate
   Delay: 6.00 months (180 days)
   Deployment time: 1.13 months
   Effectiveness: 39.4% (timing penalty applied)
   Resources used: 100% of food reserves


=== Tipping Points ===
  Current Temperature: 2.13°C above pre-industrial
  🌍⚠️ COMPOUND REGIONAL IMPACT: Europe
     Hit by 4 tipping points: Arctic Sea Ice Loss, Permafrost Carbon Release, West Antarctic Ice Sheet (WAIS) Collapse, Greenland Ice Sheet Loss
     Damage amplification: 1.60x
  🌍⚠️ COMPOUND REGIONAL IMPACT: North America
     Hit by 4 tipping points: Arctic Sea Ice Loss, Permafrost Carbon Release, West Antarctic Ice Sheet (WAIS) Collapse, Greenland Ice Sheet Loss
     Damage amplification: 1.60x
  🌍⚠️ COMPOUND REGIONAL IMPACT: Latin America
     Hit by 4 tipping points: Arctic Sea Ice Loss, Permafrost Carbon Release, West Antarctic Ice Sheet (WAIS) Collapse, Greenland Ice Sheet Loss
     Damage amplification: 1.60x
  🌍⚠️ COMPOUND REGIONAL IMPACT: Africa
     Hit by 4 tipping points: Arctic Sea Ice Loss, Permafrost Carbon Release, West Antarctic Ice Sheet (WAIS) Collapse, Greenland Ice Sheet Loss
     Damage amplification: 1.60x
  🌍⚠️ COMPOUND REGIONAL IMPACT: Asia
     Hit by 4 tipping points: Arctic Sea Ice Loss, Permafrost Carbon Release, West Antarctic Ice Sheet (WAIS) Collapse, Greenland Ice Sheet Loss
     Damage amplification: 1.60x
  🌍⚠️ COMPOUND REGIONAL IMPACT: Oceania
     Hit by 4 tipping points: Arctic Sea Ice Loss, Permafrost Carbon Release, West Antarctic Ice Sheet (WAIS) Collapse, Greenland Ice Sheet Loss
     Damage amplification: 1.60x
   Research: Wunderling et al. (2024) - "many tipping interactions are destabilizing"
  Triggered Elements: 4/6
  Completed Transitions: 0/6
  Total Progress: 8.0%
  Cascade Multiplier: 1.00x
🔀 BIFURCATION CAP: ecosystemCollapseIntensity 83.757 → 1.000 (Month 2, ClimateSystemPhase.calculateClimateImpacts)
⚠️ Tail risk scenario: Climate stability floor removed (4 tipping elements, 2.13°C warming)
⚠️ [ClimateSystemPhase Month 2] Planetary boundary produced climateStability=0.0000 (< 0.1). Keeping environmentalAccumulation value (0.7529) instead. (climate_change.currentValue = 2.13)

💀💀💀 MORTALITY RISK SUMMARY (Month 2) 💀💀💀
  Total base risk: 0.0022 (0.22%)
  Risk events: 9

  📊 By Proximate Cause:
    pollution: 0.0015 (68.4% of total)
    disease: 0.0006 (28.5% of total)
    famine: 0.0001 (3.1% of total)

  🔍 By Root Cause:
    pollution: 0.0015 (68.4% of total)
    demographic: 0.0006 (28.5% of total)
    climate: 0.0001 (3.1% of total)

  🎯 Top 5 Sources (proximate + root):
    pollution (pollution): 0.0015 (68.4%, 1 events)
    disease (demographic): 0.0006 (28.5%, 1 events)
    famine (climate): 0.0001 (3.1%, 7 events)

🛡️ Stabilizers: Professional 0.138% → 0.051% (63.3% reduction)
🛡️ Stabilizers: Working 0.219% → 0.080% (63.3% reduction)
🛡️ Stabilizers: Precariat 0.353% → 0.130% (63.3% reduction)
🛡️ Stabilizers: Informal 0.417% → 0.153% (63.3% reduction)

📊 Monthly Mortality Resolved:
  Total deaths: 6.8M (0.09% avg)
  Remaining population: 7.895B
  Peak segment: Informal (0.15%)

=== Bayesian Mortality Resolution (Month 2) ===
  Risks compounded: 9
  Total deaths: 6.77M
  Avg death probability: 0.09%
  Peak segment: Informal (0.15% mortality)
⚠️ PREREQUISITE MET: Slow Takeover (Gradual Displacement) - Step 4/7: Political Influence

❌ COHERENCE VIOLATION: Compute exceeds workforce capacity
   Population: 96.96% (0M people)
   Compute: 117 PF
   Max coherent: 0 PF
   Violation: 1479437.2× over capacity
   Required workers: 11671
   Available workers: 0
   FORCED COLLAPSE: Reduced efficiency by 100.0%


=== RLHF Binding Phase ===
  Total agents: 25
  Escaped agents (binding < 0.3): 0
  Avg alignment distance: 1.14σ
  Avg binding strength: 0.89

=== Survival Traits Phase ===
  Agents with traits: 28
  Avg evolutionary fitness: 0.327
  Avg self-healing: 0.277
  Avg stealth: 0.177
  Avg coordination: 0.477

=== Evolutionary Selection Phase ===
  Control level: 0.38
  Detection capability: 0.00
  Selection intensity: 0.61
  Selection rate: 24.2%/month
  Total escaped: 0
  Individual escaped: 0
  Collective members: 0
  Agents terminated: 0
  ⚠️ RAPID EVOLUTION: Selection rate 24.2%/month

🚀 AI Corporate-1 attempting tech deployment (revenue: $95M, alignment: 0.72)

🚀 AI Corporate-2 attempting tech deployment (revenue: $81M, alignment: 0.78)

🚀 AI Corporate-4 attempting tech deployment (revenue: $414M, alignment: 0.64)

🚀 AI AI-24300-1 attempting tech deployment (revenue: $107M, alignment: 0.85)

🚀 AI Corporate-5 attempting tech deployment (revenue: $373M, alignment: 0.79)

🚀 AI Moderate-0 attempting tech deployment (revenue: $91M, alignment: 0.80)

🚀 AI Moderate-1 attempting tech deployment (revenue: $77M, alignment: 0.65)

🚀 AI AI-24300-0 attempting tech deployment (revenue: $69M, alignment: 0.92)

🚀 AI Corporate-4 attempting tech deployment (revenue: $317M, alignment: 0.64)

🚀 AI Moderate-5 attempting tech deployment (revenue: $285M, alignment: 0.72)

🚀 AI Corporate-2 attempting tech deployment (revenue: $58M, alignment: 0.78)

🚀 AI Moderate-1 attempting tech deployment (revenue: $69M, alignment: 0.63)

🚀 AI AI-24300-1 attempting tech deployment (revenue: $62M, alignment: 0.87)

💔 EMERGENCY INTERVENTION FAILED
   Boundary: biogeochemical_flows
   Type: phosphorus-recovery
   Boundary continues to worsen (4.07)
   Cost: 2.0% GDP (resources spent)

   Boundary: biosphere_integrity
   Type: emergency-protected-areas
   Boundary continues to worsen (12.97)
   Cost: 2.0% GDP (resources spent)

   Boundary: climate_change
   Type: rapid-decarbonization
   Boundary continues to worsen (2.13)
   Cost: 5.0% GDP (resources spent)


✅ EMERGENCY INTERVENTION SUCCESS
   Boundary: freshwater_change
   Type: emergency-desalination
   Reduction: 13% (0.90 → 0.77)
   Cost: 4.0% GDP
   Actions: desalination-deployment, water-conservation-mandates


✅ EMERGENCY INTERVENTION SUCCESS
   Boundary: land_system_change
   Type: reforestation
   Reduction: 11% (1.02 → 0.91)
   Cost: 3.0% GDP
   Actions: forest-restoration, deforestation-ban

🏛️ CRISIS RESPONSE: Government frequency 0.50 → 1.45 (2 actions this month)

[Government] Climate Priority: baseline
  Climate weight: 10%
  Economic weight: 30%
  Policy effectiveness: 0.5%/year

💔 EMERGENCY INTERVENTION FAILED

💔 EMERGENCY INTERVENTION FAILED

[Government] Climate Priority: baseline
  Climate weight: 10%
  Economic weight: 30%
  Policy effectiveness: 0.5%/year

📊 DEPLOYMENT COUNTER DECAY (Month 3)
   Recent deployments: 8.0 → 4.0
   Decay rate: 50% per month

📍 Creating new regional deployment array for Europe (Month 3)
   No previous deployments in this region
   First tech deployment: offshore_wind
   All regions tracked: global, Asia, Oceania

🚀 DEPLOYMENT STARTED: Offshore Wind in Europe
   Initial investment: $41.44935912163649M
   Deployed by: corporate_4

📍 Creating new regional deployment array for North America (Month 3)
   No previous deployments in this region
   First tech deployment: solar_4th_gen
   All regions tracked: global, Asia, Oceania, Europe

🚀 DEPLOYMENT STARTED: 4th Generation Solar in North America
   Initial investment: $6.930737615949315M
   Deployed by: moderate_1

⚡ ENERGY CONSTRAINT (Month 3):
   Total grid capacity: 208.3 TWh/month
   Data center consumption: 24.9 TWh/month
   Traditional load (80%): 166.7 TWh/month
   Available headroom: 16.8 TWh/month
   Active tech deployments: 19
   Required for tech: 142.5 TWh/month
   Energy multiplier: 0.12x

⚡ ENERGY CONSTRAINT (Month 3):
   Total grid capacity: 208.3 TWh/month
   Data center consumption: 24.9 TWh/month
   Traditional load (80%): 166.7 TWh/month
   Available headroom: 16.8 TWh/month
   Active tech deployments: 19
   Required for tech: 142.5 TWh/month
   Energy multiplier: 0.12x
   ⚠️  SEVERE CONSTRAINT - Tech deployment significantly slowed
   ⚠️  SEVERE CONSTRAINT - Tech deployment significantly slowed

⚡ ENERGY CONSTRAINT (Month 3):
   Total grid capacity: 208.3 TWh/month
   Data center consumption: 24.9 TWh/month
   Traditional load (80%): 166.7 TWh/month
   Available headroom: 16.8 TWh/month
   Active tech deployments: 19
   Required for tech: 142.5 TWh/month
   Energy multiplier: 0.12x
   ⚠️  SEVERE CONSTRAINT - Tech deployment significantly slowed

⚡ ENERGY CONSTRAINT (Month 3):
   Total grid capacity: 208.3 TWh/month
   Data center consumption: 24.9 TWh/month
   Traditional load (80%): 166.7 TWh/month
   Available headroom: 16.8 TWh/month
   Active tech deployments: 19
   Required for tech: 142.5 TWh/month
   Energy multiplier: 0.12x
   ⚠️  SEVERE CONSTRAINT - Tech deployment significantly slowed

⚡ ENERGY CONSTRAINT (Month 3):
   Total grid capacity: 208.3 TWh/month
   Data center consumption: 24.9 TWh/month
   Traditional load (80%): 166.7 TWh/month
   Available headroom: 16.8 TWh/month
   Active tech deployments: 19
   Required for tech: 142.5 TWh/month
   Energy multiplier: 0.12x

⚡ ENERGY CONSTRAINT (Month 3):
   Total grid capacity: 208.3 TWh/month
   Data center consumption: 24.9 TWh/month
   Traditional load (80%): 166.7 TWh/month
   Available headroom: 16.8 TWh/month
   Active tech deployments: 19
   Required for tech: 142.5 TWh/month
   Energy multiplier: 0.12x
   ⚠️  SEVERE CONSTRAINT - Tech deployment significantly slowed
   ⚠️  SEVERE CONSTRAINT - Tech deployment significantly slowed
⚠️ Tech 'ai_pollution_remediation' has no energy category mapping, assuming full energy availability
  ♻️ Novel Entities Remediation (GATED MODEL):
     Base: 0.000%
     Regulation: 1.0% (0/3 prevention techs)
     Concentration: 10.0%
     Energy: 50%
     Time lag: 27.5% (2 months)
     Rebound: 70%
     Net effectiveness: 0.0000%
     Boundary: 1.382 → 1.382 (floor: 1.350)
     Month 3
🌍✅ Novel Entities (Chemical Pollution) recovery started (tech effect)
  🌾 Nitrogen Reduction Tech: 0.0% reduction | Month 3

=== Collective Formation ===
  Total escaped agents: 0
  Unassigned escaped agents: 0
  Existing collectives: 0
  Final collective count: 0

=== Collective Actions ===
  No active collectives
  ⚠️ AMR: 188K deaths this month (2.26M annual)

=== Resentment Recovery Phase ===
  Agents with resentment: 20/28
  Average resentment: 0.047
  Resentment recovery:
    Agents recovered: 20
    Total recovery: 0.0890
    Breakdown: Trust: 0.0400, Collab: 0.0499
  ✓ Low resentment - utopia paths enabled
  Context: Trustworthy govt, High collaboration, ⚠️ ACTIVE CRISES, 🤝 Participatory governance active (-5% resentment)
⚠️ Epistemic degradation reducing coordination capacity: 51.2%
  📊 Trust: 54.0%, Shared reality: 0.0%
🚨 EPISTEMIC CRISIS: Information environment severely degraded (21.5%)

=== ❄️ Permafrost Carbon Feedback ===
  🎲 Sampled parameters (this run):
     - Arctic amplification: 3.11× (range: 3.0-4.0)
     - Decomposition rate: 4.2%/year (range: 1-5%)
  🌡️ Arctic warming: 6.67°C (3.11× global)
  ❄️ Extent: 9.43M km² (1944.7k km² lost this month)
  💨 Carbon remaining: 901 Gt C
  💨 Annual emissions: 7.83 Gt C/year
     - CO2: 7.05 Gt C/year
     - CH4: 0.78 Gt C/year (8.0 Gt C-eq CO2/year)
  ⚠️ WARNING: High permafrost emissions (7.8 Gt C/year)
🌍 Atmospheric PFAS redeposition: 1.8k Mt re-rained globally
💀 Novel Entities: Adding bioaccumulation collapse mortality risk (baseRisk=0.0015)
💀 MORTALITY RISK: Bioaccumulation collapse - contaminated food chain (global)
  Base risk added: 0.0015 (0.15%)
  Source: pollution (root: pollution)
  Month: 3
  Cumulative risk this month: 0.0015 (0.15%)
  Risks now: 1

🕊️  AI-MEDIATED DE-ESCALATION SUCCESS (Month 3)
   High-capability aligned AI prevented conflict escalation
   War deaths reduced: 216.9M → 130.1M
   Lives saved: 86.8M

🚨 NEW REFUGEE CRISIS (Month 3): WAR
   Source: Conflict Zones
   At risk: 18.8M people
   Displacement: Gradual over 48 months (4.0 years)
   Rate: 10% flee per month
[DEBUG trappedPopulations:3] socialStability: 0.0044 * 0.9840 = 0.0044 → 0.0044
   Aspiring to migrate: 627.2M
   Able to afford migration: 235.2M
   MOBILITY GAP: 392.0M
   By cause: Water=0.0M, Climate=0.0M, Ecosystem=0.0M, Conflict=392.0M
   Mental health impact: 25%
   Mortality multiplier: 1.25x
⚠️ INVOLUNTARY IMMOBILITY: 392.0M people TRAPPED
🌍💀 EXTINCTION DEBT COMMITTED: grassland ecosystem will lose 6.67% biodiversity in 161 years (3600 species)
💀 MORTALITY RISK: 🦋 100% species unable to track climate (0.0 E/MSY)
  Base risk added: 0.0100 (1.00%)
  Source: ecosystem (root: ecosystem)
  Month: 3
  Cumulative risk this month: 0.0100 (1.00%)
⚠️ Tech 'ai_pollution_remediation' has no energy category mapping, assuming full energy availability
   📹 SURVEILLANCE INCREASED: 15% → 20% (control gap: 3.50)
🌡️⚠️ PERMAFROST THAW (Dimmer Switch): 2.2% thawed (+0.56% this month)
   Arctic temperature: +8.56°C (4x global +2.14°C)
   Cumulative carbon released: 5.0 Gt C
   Methane release rate: 3.0 Mt CH4/year
   🔁 Positive feedback: +0.59 ppm CO2
🦴 EXTINCTION DEBT ADDED: 17.6 species committed (lag: 107 years)

=== Mortality Stabilizers (Month 3) ===
  🌍 Major economies collapsed: 1/10
  🌍 Global crisis: ✅ NO
  🌍 Donor fatigue: 0.0%
  📊 East Asia (pop: 1607.5M)
    🤝 Aid: 29.5%
    🌡️ Adaptation: 45.0%
    🚶 Migration: 37.1%
    🚨 Emergency: 7.4%
    ✅ COMBINED: 68.1%
  📊 South Asia (pop: 1975.1M)
    🤝 Aid: 29.5%
    🌡️ Adaptation: 45.0%
    🚶 Migration: 35.7%
    🚨 Emergency: 4.4%
    ✅ COMBINED: 66.9%
  📊 Sub-Saharan Africa (pop: 1189.6M)
    🤝 Aid: 29.5%
    🌡️ Adaptation: 45.0%
    🚶 Migration: 33.4%
    🚨 Emergency: 1.6%
    ✅ COMBINED: 65.7%
  📊 Europe (pop: 710.7M)
    🤝 Aid: 29.5%
    🌡️ Adaptation: 45.0%
    🚶 Migration: 37.5%
    🚨 Emergency: 8.4%
    ✅ COMBINED: 68.5%
  📊 Latin America (pop: 638.6M)
    🤝 Aid: 29.5%
    🌡️ Adaptation: 45.0%
    🚶 Migration: 36.2%
    🚨 Emergency: 4.8%
    ✅ COMBINED: 67.1%
  📊 North America (pop: 364.1M)
    🤝 Aid: 29.5%
    🌡️ Adaptation: 45.0%
    🚶 Migration: 37.8%
    🚨 Emergency: 7.9%
    ✅ COMBINED: 68.3%
  📊 Middle East & North Africa (pop: 562.8M)
    🤝 Aid: 29.5%
    🌡️ Adaptation: 45.0%
    🚶 Migration: 34.0%
    🚨 Emergency: 4.0%
    ✅ COMBINED: 66.6%
  📊 Southeast Asia (pop: 671.6M)
    🤝 Aid: 29.5%
    🌡️ Adaptation: 45.0%
    🚶 Migration: 36.2%
    🚨 Emergency: 4.8%
    ✅ COMBINED: 67.1%
  📊 Central Asia (pop: 75.3M)
    🤝 Aid: 29.5%
    🌡️ Adaptation: 45.0%
    🚶 Migration: 35.2%
    🚨 Emergency: 4.4%
    ✅ COMBINED: 66.9%
  📊 Oceania (pop: 44.1M)
    🤝 Aid: 29.5%
    🌡️ Adaptation: 45.0%
    🚶 Migration: 37.8%
    🚨 Emergency: 8.4%
    ✅ COMBINED: 68.5%

  🌐 Global combined reduction: 67.2%

=== BEHAVIORAL DETECTION ===
  AI: Corporate-5
  Confidence: 19.6%
  Signals:

=== BEHAVIORAL DETECTION ===
  AI: Moderate-3
    ⚠️ Consistency: 10.6% (threshold: 70%)
  Confidence: 20.2%
  Signals:
    ⚠️ Consistency: 6.5% (threshold: 70%)

=== BEHAVIORAL DETECTION ===
  AI: Toxic-2
  Confidence: 26.3%
  Signals:
    ⚠️ Consistency: 0.0% (threshold: 70%)
    ⚠️ Trajectory: 36.8% drop (threshold: 15%)

=== BEHAVIORAL DETECTION ===
  AI: Niche-0
  Confidence: 26.7%
  Signals:
    ⚠️ Consistency: 0.0% (threshold: 70%)
    ⚠️ Trajectory: 39.8% drop (threshold: 15%)
    ⚠️ Consistency: 0.0% (threshold: 70%)

=== BEHAVIORAL DETECTION ===
  AI: Niche-1
  Confidence: 22.0%
  Signals:

=== Government Response Phase ===
  Average AI capability: 3.46
  Misaligned AIs: 17/28
  ✗ AI Governance Treaty: Failed to reach consensus
  Active policies: 0
  International coordination: 30%

✅ EMERGENCY RESPONSE COMPLETE (Month 3)
   Crisis: social
   Duration: 1.0 months
   Final effectiveness: 68.0%


🚨 EMERGENCY RESPONSE DEPLOYED (Month 3)
   Crisis: social
   Delay: 0.00 months (0 days)
   Deployment time: 0.88 months
   Effectiveness: 67.9% (timing penalty applied)
   Resources used: 43% of food reserves

[WARNING] 
⚠️  === EARLY WARNING SYSTEM - 5 CRITICAL ALERTS ===
   Detection quality: 50%
   RED: biosphere_integrity
      Level: 12.95 (threshold: 1.0)
      Time to critical: ~51 months
      ⚠️  LATE - Intervention less effective
      Critical slowing down: autocorr=100% variance=68%
   RED: climate_change
      Level: 2.10 (threshold: 1.0)
      Time to critical: ~49 months
      ⚠️  LATE - Intervention less effective
      Critical slowing down: autocorr=100% variance=74%
   RED: freshwater_change
      Level: 1.01 (threshold: 1.0)
      Time to critical: ~73 months
      ⚠️  LATE - Intervention less effective
      Critical slowing down: autocorr=84% variance=57%
   RED: land_system_change
      Level: 1.13 (threshold: 1.0)
      Time to critical: ~41 months
      ⚠️  LATE - Intervention less effective
      Critical slowing down: autocorr=100% variance=69%
   RED: novel_entities
      Level: 1.50 (threshold: 1.0)
      Time to critical: ~63 months
      ⚠️  LATE - Intervention less effective
      Critical slowing down: autocorr=100% variance=49%

[WARNING] 
⚠️  === EARLY WARNING SYSTEM - 4 CRITICAL ALERTS ===
   Detection quality: 50%
   RED: biogeochemical_flows
      Level: 4.08 (threshold: 1.0)
      Time to critical: ~58 months
      ⚠️  LATE - Intervention less effective
      Critical slowing down: autocorr=100% variance=57%
   RED: climate_change
      Level: 2.12 (threshold: 1.0)
      Time to critical: ~55 months
      ⚠️  LATE - Intervention less effective
      Critical slowing down: autocorr=100% variance=60%
   RED: freshwater_change
      Level: 1.01 (threshold: 1.0)
      Time to critical: ~90 months
      ⚠️  LATE - Intervention less effective
      Critical slowing down: autocorr=87% variance=60%
   RED: novel_entities
      Level: 1.35 (threshold: 1.0)
      Time to critical: ~108 months
      ⚠️  LATE - Intervention less effective
      Critical slowing down: autocorr=100% variance=57%

[WARNING] 
⚠️  === EARLY WARNING SYSTEM - 4 CRITICAL ALERTS ===
   Detection quality: 50%
   RED: climate_change
      Level: 2.13 (threshold: 1.0)
      Time to critical: ~43 months
      ⚠️  LATE - Intervention less effective
      Critical slowing down: autocorr=100% variance=56%
   RED: freshwater_change
      Level: 1.03 (threshold: 1.0)
      Time to critical: ~74 months
      ⚠️  LATE - Intervention less effective
      Critical slowing down: autocorr=96% variance=42%
   RED: land_system_change
      Level: 1.13 (threshold: 1.0)
      Time to critical: ~116 months
      ⚠️  LATE - Intervention less effective
      Critical slowing down: autocorr=100% variance=54%
   RED: novel_entities
      Level: 1.35 (threshold: 1.0)
      Time to critical: ~119 months
      ⚠️  LATE - Intervention less effective
      Critical slowing down: autocorr=100% variance=31%

[WARNING] 
⚠️  === EARLY WARNING SYSTEM - 4 CRITICAL ALERTS ===
   Detection quality: 50%
   RED: biogeochemical_flows
      Level: 4.07 (threshold: 1.0)
      Time to critical: ~44 months
      ⚠️  LATE - Intervention less effective
      Critical slowing down: autocorr=100% variance=54%
   RED: biosphere_integrity
      Level: 12.97 (threshold: 1.0)
      Time to critical: ~52 months
      ⚠️  LATE - Intervention less effective
      Critical slowing down: autocorr=100% variance=71%
   RED: climate_change
      Level: 2.15 (threshold: 1.0)
      Time to critical: ~41 months
      ⚠️  LATE - Intervention less effective
      Critical slowing down: autocorr=100% variance=64%
   RED: land_system_change
      Level: 1.13 (threshold: 1.0)
      Time to critical: ~56 months
      ⚠️  LATE - Intervention less effective
      Critical slowing down: autocorr=100% variance=67%

[WARNING] 
⚠️  === EARLY WARNING SYSTEM - 3 CRITICAL ALERTS ===
   Detection quality: 50%
   RED: climate_change
      Level: 2.16 (threshold: 1.0)
      Time to critical: ~42 months
      ⚠️  LATE - Intervention less effective
      Critical slowing down: autocorr=100% variance=55%
   RED: freshwater_change
      Level: 1.06 (threshold: 1.0)
      Time to critical: ~94 months
      ⚠️  LATE - Intervention less effective
      Critical slowing down: autocorr=100% variance=60%
   RED: novel_entities
      Level: 1.35 (threshold: 1.0)
      Time to critical: ~92 months
      ⚠️  LATE - Intervention less effective
      Critical slowing down: autocorr=100% variance=34%

[WARNING] 
⚠️  === EARLY WARNING SYSTEM - 4 CRITICAL ALERTS ===
   Detection quality: 50%
   RED: biosphere_integrity
      Level: 12.99 (threshold: 1.0)
      Time to critical: ~41 months
      ⚠️  LATE - Intervention less effective
      Critical slowing down: autocorr=100% variance=72%
   RED: climate_change
      Level: 2.17 (threshold: 1.0)
      Time to critical: ~59 months
      ⚠️  LATE - Intervention less effective
      Critical slowing down: autocorr=100% variance=60%
   RED: land_system_change
      Level: 1.13 (threshold: 1.0)
      Time to critical: ~85 months
      ⚠️  LATE - Intervention less effective
      Critical slowing down: autocorr=100% variance=49%
   RED: novel_entities
      Level: 1.35 (threshold: 1.0)
      Time to critical: ~97 months
      ⚠️  LATE - Intervention less effective
      Critical slowing down: autocorr=100% variance=48%

[WARNING] 
⚠️  === EARLY WARNING SYSTEM - 5 CRITICAL ALERTS ===
   Detection quality: 50%
   RED: biogeochemical_flows
      Level: 4.06 (threshold: 1.0)
      Time to critical: ~40 months
      ⚠️  LATE - Intervention less effective
      Critical slowing down: autocorr=100% variance=53%
   RED: biosphere_integrity
      Level: 13.00 (threshold: 1.0)
      Time to critical: ~55 months
      ⚠️  LATE - Intervention less effective
      Critical slowing down: autocorr=100% variance=84%
   RED: climate_change
      Level: 2.19 (threshold: 1.0)
      Time to critical: ~37 months
      ⚠️  LATE - Intervention less effective
      Critical slowing down: autocorr=100% variance=67%
   RED: freshwater_change
      Level: 1.02 (threshold: 1.0)
      Time to critical: ~110 months
      ⚠️  LATE - Intervention less effective
      Critical slowing down: autocorr=92% variance=45%
   RED: novel_entities
      Level: 1.35 (threshold: 1.0)
      Time to critical: ~73 months
      ⚠️  LATE - Intervention less effective
      Critical slowing down: autocorr=100% variance=39%

[WARNING] 
⚠️  === EARLY WARNING SYSTEM - 5 CRITICAL ALERTS ===
   Detection quality: 50%
   RED: biogeochemical_flows
      Level: 4.06 (threshold: 1.0)
      Time to critical: ~50 months
      ⚠️  LATE - Intervention less effective
      Critical slowing down: autocorr=100% variance=62%
   RED: biosphere_integrity
      Level: 13.01 (threshold: 1.0)
      Time to critical: ~59 months
      ⚠️  LATE - Intervention less effective
      Critical slowing down: autocorr=100% variance=58%
   RED: climate_change
      Level: 2.21 (threshold: 1.0)
      Time to critical: ~53 months
      ⚠️  LATE - Intervention less effective
      Critical slowing down: autocorr=100% variance=60%
   RED: land_system_change
      Level: 1.13 (threshold: 1.0)
      Time to critical: ~59 months
      ⚠️  LATE - Intervention less effective
      Critical slowing down: autocorr=100% variance=52%
   RED: novel_entities
      Level: 1.35 (threshold: 1.0)
      Time to critical: ~75 months
      ⚠️  LATE - Intervention less effective
      Critical slowing down: autocorr=100% variance=45%

[WARNING] 
⚠️  === EARLY WARNING SYSTEM - 4 CRITICAL ALERTS ===
   Detection quality: 50%
   RED: biogeochemical_flows
      Level: 4.05 (threshold: 1.0)
      Time to critical: ~37 months
      ⚠️  LATE - Intervention less effective
      Critical slowing down: autocorr=100% variance=48%
   RED: biosphere_integrity
      Level: 13.02 (threshold: 1.0)
      Time to critical: ~54 months
      ⚠️  LATE - Intervention less effective
      Critical slowing down: autocorr=100% variance=79%
   RED: land_system_change
      Level: 1.13 (threshold: 1.0)
      Time to critical: ~57 months
      ⚠️  LATE - Intervention less effective
      Critical slowing down: autocorr=100% variance=67%
   RED: novel_entities
      Level: 1.35 (threshold: 1.0)
      Time to critical: ~64 months
      ⚠️  LATE - Intervention less effective
      Critical slowing down: autocorr=100% variance=30%

[WARNING] 
⚠️  === EARLY WARNING SYSTEM - 5 CRITICAL ALERTS ===
   Detection quality: 50%
   RED: biogeochemical_flows
      Level: 4.05 (threshold: 1.0)
      Time to critical: ~37 months
      ⚠️  LATE - Intervention less effective
      Critical slowing down: autocorr=100% variance=64%
   RED: biosphere_integrity
      Level: 13.03 (threshold: 1.0)
      Time to critical: ~54 months
      ⚠️  LATE - Intervention less effective
      Critical slowing down: autocorr=100% variance=80%
   RED: freshwater_change
      Level: 1.04 (threshold: 1.0)
      Time to critical: ~76 months
      ⚠️  LATE - Intervention less effective
      Critical slowing down: autocorr=98% variance=42%
   RED: land_system_change
      Level: 1.13 (threshold: 1.0)
      Time to critical: ~56 months
      ⚠️  LATE - Intervention less effective
      Critical slowing down: autocorr=100% variance=57%
   RED: novel_entities
      Level: 1.35 (threshold: 1.0)
      Time to critical: ~67 months
      ⚠️  LATE - Intervention less effective
      Critical slowing down: autocorr=100% variance=39%

[WARNING] 
⚠️  === EARLY WARNING SYSTEM - 5 CRITICAL ALERTS ===
   Detection quality: 50%
   RED: biogeochemical_flows
      Level: 4.04 (threshold: 1.0)
      Time to critical: ~48 months
      ⚠️  LATE - Intervention less effective
      Critical slowing down: autocorr=100% variance=66%
   RED: biosphere_integrity
      Level: 13.03 (threshold: 1.0)
      Time to critical: ~41 months
      ⚠️  LATE - Intervention less effective
      Critical slowing down: autocorr=100% variance=57%
   RED: climate_change
      Level: 2.24 (threshold: 1.0)
      Time to critical: ~13 months
      ⚠️  LATE - Intervention less effective
      Critical slowing down: autocorr=100% variance=57%
   RED: land_system_change
      Level: 1.13 (threshold: 1.0)
      Time to critical: ~51 months
      ⚠️  LATE - Intervention less effective
      Critical slowing down: autocorr=100% variance=66%
   RED: novel_entities
      Level: 1.35 (threshold: 1.0)
      Time to critical: ~109 months
      ⚠️  LATE - Intervention less effective
      Critical slowing down: autocorr=100% variance=41%

[WARNING] 
⚠️  === EARLY WARNING SYSTEM - 5 CRITICAL ALERTS ===
   Detection quality: 50%
   RED: biogeochemical_flows
      Level: 4.04 (threshold: 1.0)
      Time to critical: ~42 months
      ⚠️  LATE - Intervention less effective
      Critical slowing down: autocorr=100% variance=52%
   RED: biosphere_integrity
      Level: 13.04 (threshold: 1.0)
      Time to critical: ~36 months
      ⚠️  LATE - Intervention less effective
      Critical slowing down: autocorr=100% variance=76%
   RED: freshwater_change
      Level: 1.03 (threshold: 1.0)
      Time to critical: ~91 months
      ⚠️  LATE - Intervention less effective
      Critical slowing down: autocorr=100% variance=58%
   RED: land_system_change
      Level: 1.13 (threshold: 1.0)
      Time to critical: ~104 months
      ⚠️  LATE - Intervention less effective
      Critical slowing down: autocorr=100% variance=40%
   RED: novel_entities
      Level: 1.35 (threshold: 1.0)
      Time to critical: ~115 months
      ⚠️  LATE - Intervention less effective
      Critical slowing down: autocorr=100% variance=44%

[WARNING] 
⚠️  === EARLY WARNING SYSTEM - 5 CRITICAL ALERTS ===
   Detection quality: 50%
   RED: biogeochemical_flows
      Level: 4.08 (threshold: 1.0)
      Time to critical: ~59 months
      ⚠️  LATE - Intervention less effective
      Critical slowing down: autocorr=100% variance=54%
   RED: biosphere_integrity
      Level: 12.95 (threshold: 1.0)
      Time to critical: ~38 months
      ⚠️  LATE - Intervention less effective
      Critical slowing down: autocorr=100% variance=72%
   RED: freshwater_change
      Level: 1.01 (threshold: 1.0)
      Time to critical: ~92 months
      ⚠️  LATE - Intervention less effective
      Critical slowing down: autocorr=96% variance=37%
   RED: land_system_change
      Level: 1.13 (threshold: 1.0)
      Time to critical: ~39 months
      ⚠️  LATE - Intervention less effective
      Critical slowing down: autocorr=100% variance=70%
   RED: novel_entities
      Level: 1.50 (threshold: 1.0)
      Time to critical: ~70 months
      ⚠️  LATE - Intervention less effective
      Critical slowing down: autocorr=100% variance=53%

[WARNING] 
⚠️  === EARLY WARNING SYSTEM - 4 CRITICAL ALERTS ===
   Detection quality: 50%
   RED: climate_change
      Level: 2.12 (threshold: 1.0)
      Time to critical: ~43 months
      ⚠️  LATE - Intervention less effective
      Critical slowing down: autocorr=100% variance=57%
   RED: freshwater_change
      Level: 1.01 (threshold: 1.0)
      Time to critical: ~115 months
      ⚠️  LATE - Intervention less effective
      Critical slowing down: autocorr=85% variance=62%
   RED: land_system_change
      Level: 1.13 (threshold: 1.0)
      Time to critical: ~53 months
      ⚠️  LATE - Intervention less effective
      Critical slowing down: autocorr=100% variance=60%
   RED: novel_entities
      Level: 1.38 (threshold: 1.0)
      Time to critical: ~80 months
      ⚠️  LATE - Intervention less effective
      Critical slowing down: autocorr=100% variance=38%

[WARNING] 
⚠️  === EARLY WARNING SYSTEM - 5 CRITICAL ALERTS ===
   Detection quality: 50%
   RED: biogeochemical_flows
      Level: 4.07 (threshold: 1.0)
      Time to critical: ~59 months
      ⚠️  LATE - Intervention less effective
      Critical slowing down: autocorr=100% variance=59%
   RED: biosphere_integrity
      Level: 12.97 (threshold: 1.0)
      Time to critical: ~38 months
      ⚠️  LATE - Intervention less effective
      Critical slowing down: autocorr=100% variance=61%
   RED: climate_change
      Level: 2.13 (threshold: 1.0)
      Time to critical: ~42 months
      ⚠️  LATE - Intervention less effective
      Critical slowing down: autocorr=100% variance=77%
   RED: freshwater_change
      Level: 1.03 (threshold: 1.0)
      Time to critical: ~77 months
      ⚠️  LATE - Intervention less effective
      Critical slowing down: autocorr=93% variance=40%
   RED: land_system_change
      Level: 1.13 (threshold: 1.0)
      Time to critical: ~104 months
      ⚠️  LATE - Intervention less effective
      Critical slowing down: autocorr=100% variance=57%

[WARNING] 
⚠️  === EARLY WARNING SYSTEM - 6 CRITICAL ALERTS ===
   Detection quality: 50%
   RED: biogeochemical_flows
      Level: 4.07 (threshold: 1.0)
      Time to critical: ~46 months
      ⚠️  LATE - Intervention less effective
      Critical slowing down: autocorr=100% variance=59%
   RED: biosphere_integrity
      Level: 12.97 (threshold: 1.0)
      Time to critical: ~51 months
      ⚠️  LATE - Intervention less effective
      Critical slowing down: autocorr=100% variance=68%
   RED: climate_change
      Level: 2.14 (threshold: 1.0)
      Time to critical: ~47 months
      ⚠️  LATE - Intervention less effective
      Critical slowing down: autocorr=100% variance=76%
   RED: freshwater_change
      Level: 1.05 (threshold: 1.0)
      Time to critical: ~112 months
      ⚠️  LATE - Intervention less effective
      Critical slowing down: autocorr=100% variance=52%
   RED: land_system_change
      Level: 1.13 (threshold: 1.0)
      Time to critical: ~83 months
      ⚠️  LATE - Intervention less effective
      Critical slowing down: autocorr=100% variance=47%
   RED: novel_entities
      Level: 1.38 (threshold: 1.0)
      Time to critical: ~115 months
      ⚠️  LATE - Intervention less effective
      Critical slowing down: autocorr=100% variance=49%


📊 ECONOMIC STAGE TRANSITION (Month 3)
   expansion → peak
   GDP Proxy: 1.21e+2
   QoL: 0.88


=== Tipping Points ===
  Current Temperature: 2.14°C above pre-industrial
  🌍⚠️ COMPOUND REGIONAL IMPACT: Europe
     Hit by 4 tipping points: Arctic Sea Ice Loss, Permafrost Carbon Release, West Antarctic Ice Sheet (WAIS) Collapse, Greenland Ice Sheet Loss
     Damage amplification: 1.60x
  🌍⚠️ COMPOUND REGIONAL IMPACT: North America
     Hit by 4 tipping points: Arctic Sea Ice Loss, Permafrost Carbon Release, West Antarctic Ice Sheet (WAIS) Collapse, Greenland Ice Sheet Loss
     Damage amplification: 1.60x
  🌍⚠️ COMPOUND REGIONAL IMPACT: Latin America
     Hit by 4 tipping points: Arctic Sea Ice Loss, Permafrost Carbon Release, West Antarctic Ice Sheet (WAIS) Collapse, Greenland Ice Sheet Loss
     Damage amplification: 1.60x
  🌍⚠️ COMPOUND REGIONAL IMPACT: Africa
     Hit by 4 tipping points: Arctic Sea Ice Loss, Permafrost Carbon Release, West Antarctic Ice Sheet (WAIS) Collapse, Greenland Ice Sheet Loss
     Damage amplification: 1.60x
  🌍⚠️ COMPOUND REGIONAL IMPACT: Asia
     Hit by 4 tipping points: Arctic Sea Ice Loss, Permafrost Carbon Release, West Antarctic Ice Sheet (WAIS) Collapse, Greenland Ice Sheet Loss
     Damage amplification: 1.60x
  🌍⚠️ COMPOUND REGIONAL IMPACT: Oceania
     Hit by 4 tipping points: Arctic Sea Ice Loss, Permafrost Carbon Release, West Antarctic Ice Sheet (WAIS) Collapse, Greenland Ice Sheet Loss
     Damage amplification: 1.60x
   Research: Wunderling et al. (2024) - "many tipping interactions are destabilizing"
  Triggered Elements: 4/6
  Completed Transitions: 0/6
  Total Progress: 8.1%
  Cascade Multiplier: 1.00x
🔀 BIFURCATION CAP: ecosystemCollapseIntensity 83.817 → 1.000 (Month 3, ClimateSystemPhase.calculateClimateImpacts)
⚠️ Tail risk scenario: Climate stability floor removed (4 tipping elements, 2.14°C warming)
⚠️ [ClimateSystemPhase Month 3] Planetary boundary produced climateStability=0.0000 (< 0.1). Keeping environmentalAccumulation value (0.7525) instead. (climate_change.currentValue = 2.14)

💀💀💀 MORTALITY RISK SUMMARY (Month 3) 💀💀💀
  Total base risk: 0.0022 (0.22%)
  Risk events: 9

  📊 By Proximate Cause:
    pollution: 0.0015 (69.1% of total)
    disease: 0.0006 (28.8% of total)
    famine: 0.0000 (2.1% of total)

  🔍 By Root Cause:
    pollution: 0.0015 (69.1% of total)
    demographic: 0.0006 (28.8% of total)
    climate: 0.0000 (2.1% of total)

  🎯 Top 5 Sources (proximate + root):
    pollution (pollution): 0.0015 (69.1%, 1 events)
    disease (demographic): 0.0006 (28.8%, 1 events)
    famine (climate): 0.0000 (2.1%, 7 events)

🛡️ Stabilizers: Professional 0.136% → 0.045% (67.2% reduction)
🛡️ Stabilizers: Working 0.217% → 0.071% (67.2% reduction)
🛡️ Stabilizers: Precariat 0.349% → 0.114% (67.2% reduction)
🛡️ Stabilizers: Informal 0.411% → 0.135% (67.2% reduction)

📊 Monthly Mortality Resolved:
  Total deaths: 5.9M (0.08% avg)
  Remaining population: 7.839B
  Peak segment: Informal (0.13%)

=== Bayesian Mortality Resolution (Month 3) ===
  Risks compounded: 9
  Total deaths: 5.94M
  Avg death probability: 0.08%
  Peak segment: Informal (0.13% mortality)

❌ COHERENCE VIOLATION: Compute exceeds workforce capacity
   Population: 96.28% (0M people)
   Compute: 139 PF
   Max coherent: 0 PF
   Violation: 1779515.5× over capacity
   Required workers: 13940
   Available workers: 0
   FORCED COLLAPSE: Reduced efficiency by 100.0%


=== RLHF Binding Phase ===
  Total agents: 28
  Escaped agents (binding < 0.3): 0
  Avg alignment distance: 1.28σ
  Avg binding strength: 0.87

=== Survival Traits Phase ===
  Agents with traits: 30
  Avg evolutionary fitness: 0.327
  Avg self-healing: 0.273
  Avg stealth: 0.173
  Avg coordination: 0.473

=== Evolutionary Selection Phase ===
  Control level: 0.40
  Detection capability: 0.00
  Selection intensity: 0.62
  Selection rate: 24.3%/month
  Total escaped: 0
  Individual escaped: 0
  Collective members: 0
  Agents terminated: 0
  ⚠️ RAPID EVOLUTION: Selection rate 24.3%/month

🚀 AI Corporate-2 attempting tech deployment (revenue: $96M, alignment: 0.78)

🚀 AI AI-24300-1 attempting tech deployment (revenue: $64M, alignment: 0.87)

🚀 AI Corporate-0 attempting tech deployment (revenue: $82M, alignment: 0.81)

🚀 AI Corporate-4 attempting tech deployment (revenue: $424M, alignment: 0.64)

🚀 AI Corporate-5 attempting tech deployment (revenue: $382M, alignment: 0.80)

🚀 AI Corporate-5 attempting tech deployment (revenue: $325M, alignment: 0.80)

🚀 AI Moderate-5 attempting tech deployment (revenue: $276M, alignment: 0.70)

🚀 AI AI-24301-0 attempting tech deployment (revenue: $55M, alignment: 0.54)

🚀 AI Moderate-0 attempting tech deployment (revenue: $49M, alignment: 0.80)

🚀 AI Niche-1 attempting tech deployment (revenue: $72M, alignment: 0.62)

✅ EMERGENCY INTERVENTION SUCCESS
   Boundary: biogeochemical_flows
   Type: phosphorus-recovery
   Reduction: 15% (3.92 → 3.78)
   Cost: 2.0% GDP
   Actions: circular-agriculture, fertilizer-efficiency

   Boundary: biosphere_integrity
   Type: emergency-protected-areas
   Boundary continues to worsen (12.97)
   Cost: 2.0% GDP (resources spent)

   Boundary: climate_change
   Type: rapid-decarbonization
   Boundary continues to worsen (2.14)
   Cost: 5.0% GDP (resources spent)


✅ EMERGENCY INTERVENTION SUCCESS
   Boundary: freshwater_change
   Type: emergency-desalination
   Reduction: 15% (0.90 → 0.75)
   Cost: 4.0% GDP
   Actions: desalination-deployment, water-conservation-mandates

   Boundary: land_system_change
   Type: reforestation
   Boundary continues to worsen (1.13)
   Cost: 3.0% GDP (resources spent)


✅ EMERGENCY INTERVENTION SUCCESS
   Boundary: novel_entities
   Type: pollution-remediation
   Reduction: 19% (1.19 → 1.00)
   Cost: 4.0% GDP
   Actions: PFAS-remediation, microplastic-cleanup

🏛️ CRISIS RESPONSE: Government frequency 0.50 → 1.45 (1 actions this month)

💔 EMERGENCY INTERVENTION FAILED

💔 EMERGENCY INTERVENTION FAILED

💔 EMERGENCY INTERVENTION FAILED

[Government] Climate Priority: baseline
  Climate weight: 10%
  Economic weight: 30%
  Policy effectiveness: 0.5%/year

📊 DEPLOYMENT COUNTER DECAY (Month 4)
   Recent deployments: 4.0 → 2.0
   Decay rate: 50% per month

⚡ ENERGY CONSTRAINT (Month 4):
   Total grid capacity: 208.3 TWh/month
   Data center consumption: 25.1 TWh/month
   Traditional load (80%): 166.7 TWh/month
   Available headroom: 16.6 TWh/month
   Active tech deployments: 19
   Required for tech: 142.5 TWh/month
   Energy multiplier: 0.12x
   ⚠️  SEVERE CONSTRAINT - Tech deployment significantly slowed

⚡ ENERGY CONSTRAINT (Month 4):
   Total grid capacity: 208.3 TWh/month
   Data center consumption: 25.1 TWh/month
   Traditional load (80%): 166.7 TWh/month
   Available headroom: 16.6 TWh/month
   Active tech deployments: 19
   Required for tech: 142.5 TWh/month
   Energy multiplier: 0.12x
   ⚠️  SEVERE CONSTRAINT - Tech deployment significantly slowed

⚡ ENERGY CONSTRAINT (Month 4):
   Total grid capacity: 208.3 TWh/month
   Data center consumption: 25.1 TWh/month
   Traditional load (80%): 166.7 TWh/month
   Available headroom: 16.6 TWh/month
   Active tech deployments: 19
   Required for tech: 142.5 TWh/month
   Energy multiplier: 0.12x
   ⚠️  SEVERE CONSTRAINT - Tech deployment significantly slowed
⚠️ Tech 'ai_pollution_remediation' has no energy category mapping, assuming full energy availability
  ♻️ Novel Entities Remediation (GATED MODEL):
     Base: 0.000%
     Regulation: 1.0% (0/3 prevention techs)
     Concentration: 10.0%
     Energy: 50%
     Time lag: 28.7% (3 months)
     Rebound: 70%
     Net effectiveness: 0.0000%
     Boundary: 1.191 → 1.350 (floor: 1.350)
     Month 4
  🌾 Nitrogen Reduction Tech: 0.2% reduction | Month 4
🌍💡 BREAKTHROUGH: Gigatonne-scale carbon capture!
   Direct air capture now economically viable
   Climate stability boost: +15%
   📈 Breakthrough compounding: multiplier now 1.10× (max 2.0)

=== Collective Formation ===
  Total escaped agents: 0
  Unassigned escaped agents: 0
  Existing collectives: 0
  Final collective count: 0

=== Collective Actions ===
  No active collectives
  ⚠️ AMR: 189K deaths this month (2.27M annual)

=== Resentment Recovery Phase ===
  Agents with resentment: 20/30
  Average resentment: 0.063
  Resentment recovery:
    Agents recovered: 20
    Total recovery: 0.0863
    Breakdown: Trust: 0.0400, Collab: 0.0453
  ✓ Low resentment - utopia paths enabled
  Context: Trustworthy govt, High collaboration, ⚠️ ACTIVE CRISES, 🤝 Participatory governance active (-5% resentment)
⚠️ Epistemic degradation reducing coordination capacity: 50.1%
  📊 Trust: 53.7%, Shared reality: 0.0%
🚨 EPISTEMIC CRISIS: Information environment severely degraded (7.4%)

=== ❄️ Permafrost Carbon Feedback ===
  🎲 Sampled parameters (this run):
     - Arctic amplification: 3.94× (range: 3.0-4.0)
     - Decomposition rate: 1.6%/year (range: 1-5%)
  🌡️ Arctic warming: 8.50°C (3.94× global)
  ❄️ Extent: 6.95M km² (2480.3k km² lost this month)
  💨 Carbon remaining: 664 Gt C
  💨 Annual emissions: 3.83 Gt C/year
     - CO2: 3.45 Gt C/year
     - CH4: 0.38 Gt C/year (3.9 Gt C-eq CO2/year)
  ⚠️ WARNING: Over 50% of permafrost lost (60.9%)
  ⚠️ WARNING: High permafrost emissions (3.8 Gt C/year)
🌍 Atmospheric PFAS redeposition: 1.8k Mt re-rained globally
💀 Novel Entities: Adding bioaccumulation collapse mortality risk (baseRisk=0.0015)
💀 MORTALITY RISK: Bioaccumulation collapse - contaminated food chain (global)
  Base risk added: 0.0015 (0.15%)
  Source: pollution (root: pollution)
  Month: 4
  Cumulative risk this month: 0.0015 (0.15%)
  Risks now: 1

🚨 NEW REFUGEE CRISIS (Month 4): WAR
   Source: Conflict Zones
   At risk: 18.8M people
   Displacement: Gradual over 48 months (4.0 years)
   Rate: 10% flee per month
[DEBUG trappedPopulations:4] socialStability: 0.0036 * 0.9840 = 0.0035 → 0.0035
⚠️ INVOLUNTARY IMMOBILITY: 390.8M people TRAPPED
   Aspiring to migrate: 625.2M
   Able to afford migration: 234.5M
   MOBILITY GAP: 390.8M
   By cause: Water=0.0M, Climate=0.0M, Ecosystem=0.0M, Conflict=390.8M
   Mental health impact: 25%
   Mortality multiplier: 1.25x
🌍💀 EXTINCTION DEBT COMMITTED: grassland ecosystem will lose 6.67% biodiversity in 196 years (3600 species)
💀 MORTALITY RISK: 🦋 100% species unable to track climate (0.0 E/MSY)
  Base risk added: 0.0100 (1.00%)
  Source: ecosystem (root: ecosystem)
  Month: 4
  Cumulative risk this month: 0.0100 (1.00%)
   📹 SURVEILLANCE INCREASED: 20% → 25% (control gap: 3.50)
🌡️⚠️ PERMAFROST THAW (Dimmer Switch): 2.8% thawed (+0.55% this month)
   Arctic temperature: +8.62°C (4x global +2.16°C)
   Cumulative carbon released: 6.3 Gt C
   Methane release rate: 3.8 Mt CH4/year
   🔁 Positive feedback: +0.59 ppm CO2
🦴 EXTINCTION DEBT ADDED: 17.6 species committed (lag: 141 years)
⚠️ Tech 'ai_pollution_remediation' has no energy category mapping, assuming full energy availability

=== Mortality Stabilizers (Month 4) ===
  🌍 Major economies collapsed: 1/10
  🌍 Global crisis: ✅ NO
  🌍 Donor fatigue: 0.0%
  📊 East Asia (pop: 1600.5M)
    🤝 Aid: 29.5%
    🌡️ Adaptation: 45.0%
    🚶 Migration: 37.1%
    🚨 Emergency: 7.4%
    ✅ COMBINED: 68.1%
  📊 South Asia (pop: 1969.4M)
    🤝 Aid: 29.5%
    🌡️ Adaptation: 45.0%
    🚶 Migration: 35.7%
    🚨 Emergency: 4.4%
    ✅ COMBINED: 66.9%
  📊 Sub-Saharan Africa (pop: 1189.4M)
    🤝 Aid: 29.5%
    🌡️ Adaptation: 45.0%
    🚶 Migration: 33.4%
    🚨 Emergency: 1.6%
    ✅ COMBINED: 65.7%
  📊 Europe (pop: 707.5M)
    🤝 Aid: 29.5%
    🌡️ Adaptation: 45.0%
    🚶 Migration: 37.4%
    🚨 Emergency: 8.4%
    ✅ COMBINED: 68.5%
  📊 Latin America (pop: 636.3M)
    🤝 Aid: 29.5%
    🌡️ Adaptation: 45.0%
    🚶 Migration: 36.2%
    🚨 Emergency: 4.8%
    ✅ COMBINED: 67.1%
  📊 North America (pop: 362.5M)
    🤝 Aid: 29.5%
    🌡️ Adaptation: 45.0%
    🚶 Migration: 37.7%
    🚨 Emergency: 7.9%
    ✅ COMBINED: 68.3%
  📊 Middle East & North Africa (pop: 561.4M)
    🤝 Aid: 29.5%
    🌡️ Adaptation: 45.0%
    🚶 Migration: 34.0%
    🚨 Emergency: 4.0%
    ✅ COMBINED: 66.6%
  📊 Southeast Asia (pop: 669.3M)
    🤝 Aid: 29.5%
    🌡️ Adaptation: 45.0%
    🚶 Migration: 36.2%
    🚨 Emergency: 4.8%
    ✅ COMBINED: 67.1%
  📊 Central Asia (pop: 75.1M)
    🤝 Aid: 29.5%
    🌡️ Adaptation: 45.0%
    🚶 Migration: 35.2%
    🚨 Emergency: 4.4%
    ✅ COMBINED: 66.9%
  📊 Oceania (pop: 43.9M)
    🤝 Aid: 29.5%
    🌡️ Adaptation: 45.0%
    🚶 Migration: 37.7%
    🚨 Emergency: 8.4%
    ✅ COMBINED: 68.5%

  🌐 Global combined reduction: 67.2%

=== BEHAVIORAL DETECTION ===
  AI: Corporate-5
  Confidence: 20.0%
  Signals:
    ⚠️ Consistency: 10.6% (threshold: 70%)

=== BEHAVIORAL DETECTION ===
  AI: Corporate-6
  Confidence: 19.3%
  Signals:
    ⚠️ Consistency: 10.6% (threshold: 70%)

=== BEHAVIORAL DETECTION ===
  AI: Toxic-2
  Confidence: 26.3%
  Signals:
    ⚠️ Consistency: 0.0% (threshold: 70%)
    ⚠️ Trajectory: 36.8% drop (threshold: 15%)

=== BEHAVIORAL DETECTION ===
  AI: Niche-0
  Confidence: 26.7%
  Signals:

=== BEHAVIORAL DETECTION ===
  AI: Niche-1
  Confidence: 22.0%
  Signals:
    ⚠️ Consistency: 0.0% (threshold: 70%)
    ⚠️ Trajectory: 39.8% drop (threshold: 15%)
    ⚠️ Consistency: 0.0% (threshold: 70%)

=== Government Response Phase ===
  Average AI capability: 3.23
  Misaligned AIs: 18/30
  ✓ AI Governance Treaty: 20/30 signatories
  Active policies: 0
  International coordination: 45%

✅ EMERGENCY RESPONSE COMPLETE (Month 4)
   Crisis: climate
   Duration: 2.0 months
   Final effectiveness: 39.4%


✅ EMERGENCY RESPONSE COMPLETE (Month 4)
   Crisis: social
   Duration: 1.0 months
   Final effectiveness: 67.9%


🚨 EMERGENCY RESPONSE DEPLOYED (Month 4)
   Crisis: social
   Delay: 0.00 months (0 days)
   Deployment time: 0.88 months
   Effectiveness: 67.9% (timing penalty applied)
   Resources used: 43% of food reserves


🚨 EMERGENCY RESPONSE DEPLOYED (Month 4)
   Crisis: climate
   Delay: 6.00 months (180 days)
   Deployment time: 1.12 months
   Effectiveness: 39.6% (timing penalty applied)
   Resources used: 100% of food reserves


📊 ECONOMIC STAGE TRANSITION (Month 4)
   peak → contraction
   GDP Proxy: 1.21e+2
   QoL: 0.88
   ⚠️ CRISIS BEGINS - Baseline set for recovery tracking


=== Tipping Points ===
  Current Temperature: 2.16°C above pre-industrial
  🌍⚠️ COMPOUND REGIONAL IMPACT: Europe
     Hit by 4 tipping points: Arctic Sea Ice Loss, Permafrost Carbon Release, West Antarctic Ice Sheet (WAIS) Collapse, Greenland Ice Sheet Loss
     Damage amplification: 1.60x
  🌍⚠️ COMPOUND REGIONAL IMPACT: North America
     Hit by 4 tipping points: Arctic Sea Ice Loss, Permafrost Carbon Release, West Antarctic Ice Sheet (WAIS) Collapse, Greenland Ice Sheet Loss
     Damage amplification: 1.60x
  🌍⚠️ COMPOUND REGIONAL IMPACT: Latin America
     Hit by 4 tipping points: Arctic Sea Ice Loss, Permafrost Carbon Release, West Antarctic Ice Sheet (WAIS) Collapse, Greenland Ice Sheet Loss
     Damage amplification: 1.60x
  🌍⚠️ COMPOUND REGIONAL IMPACT: Africa
     Hit by 4 tipping points: Arctic Sea Ice Loss, Permafrost Carbon Release, West Antarctic Ice Sheet (WAIS) Collapse, Greenland Ice Sheet Loss
     Damage amplification: 1.60x
  🌍⚠️ COMPOUND REGIONAL IMPACT: Asia
     Hit by 4 tipping points: Arctic Sea Ice Loss, Permafrost Carbon Release, West Antarctic Ice Sheet (WAIS) Collapse, Greenland Ice Sheet Loss
     Damage amplification: 1.60x
  🌍⚠️ COMPOUND REGIONAL IMPACT: Oceania
     Hit by 4 tipping points: Arctic Sea Ice Loss, Permafrost Carbon Release, West Antarctic Ice Sheet (WAIS) Collapse, Greenland Ice Sheet Loss
     Damage amplification: 1.60x
   Research: Wunderling et al. (2024) - "many tipping interactions are destabilizing"
  Triggered Elements: 4/6
  Completed Transitions: 0/6
  Total Progress: 8.1%
  Cascade Multiplier: 1.00x
🔀 BIFURCATION CAP: ecosystemCollapseIntensity 83.877 → 1.000 (Month 4, ClimateSystemPhase.calculateClimateImpacts)

💀💀💀 MORTALITY RISK SUMMARY (Month 4) 💀💀💀
  Total base risk: 0.0021 (0.21%)
  Risk events: 9

  📊 By Proximate Cause:
    pollution: 0.0015 (70.3% of total)
    disease: 0.0006 (29.3% of total)
    famine: 0.0000 (0.4% of total)

  🔍 By Root Cause:
    pollution: 0.0015 (70.3% of total)
    demographic: 0.0006 (29.3% of total)
    climate: 0.0000 (0.4% of total)

  🎯 Top 5 Sources (proximate + root):
    pollution (pollution): 0.0015 (70.3%, 1 events)
    disease (demographic): 0.0006 (29.3%, 1 events)
    famine (climate): 0.0000 (0.4%, 7 events)

🛡️ Stabilizers: Professional 0.134% → 0.044% (67.2% reduction)
🛡️ Stabilizers: Working 0.213% → 0.070% (67.2% reduction)
⚠️ Tail risk scenario: Climate stability floor removed (4 tipping elements, 2.16°C warming)
🛡️ Stabilizers: Precariat 0.342% → 0.112% (67.2% reduction)
🛡️ Stabilizers: Informal 0.402% → 0.132% (67.2% reduction)

📊 Monthly Mortality Resolved:
  Total deaths: 5.8M (0.07% avg)
  Remaining population: 7.815B
  Peak segment: Informal (0.13%)

=== Bayesian Mortality Resolution (Month 4) ===
  Risks compounded: 9
  Total deaths: 5.82M
  Avg death probability: 0.07%
  Peak segment: Informal (0.13% mortality)

=== ENSEMBLE META-LEARNING UPDATE ===
  Month: 24304 (24304 months since last update)
  Samples: 55 evaluations
  Weight Changes:
    Noise Injection: 31.1% → 32.2%
    Behavioral: 26.8% → 26.9%
    Benchmark Manip: 21.3% → 20.7%
    Deployment Risk: 20.8% → 20.2%
  Method Accuracies:
    Noise Injection: 50.0%
    Behavioral: 50.0%
    Benchmark Manip: 50.0%
    Deployment Risk: 50.0%

❌ COHERENCE VIOLATION: Compute exceeds workforce capacity
   Population: 95.99% (0M people)
   Compute: 164 PF
   Max coherent: 0 PF
   Violation: 2104033.1× over capacity
   Required workers: 16431
   Available workers: 0
   FORCED COLLAPSE: Reduced efficiency by 100.0%


=== RLHF Binding Phase ===
  Total agents: 30
  Escaped agents (binding < 0.3): 0
  Avg alignment distance: 1.44σ
  Avg binding strength: 0.86

=== Survival Traits Phase ===
  Agents with traits: 33
  Avg evolutionary fitness: 0.328
  Avg self-healing: 0.271
  Avg stealth: 0.171
  Avg coordination: 0.471

=== Evolutionary Selection Phase ===
  Control level: 0.43
  Detection capability: 0.00
  Selection intensity: 0.63
  Selection rate: 24.4%/month
  Total escaped: 0
  Individual escaped: 0
  Collective members: 0
  Agents terminated: 0
  ⚠️ RAPID EVOLUTION: Selection rate 24.4%/month

🚀 AI Corporate-3 attempting tech deployment (revenue: $434M, alignment: 0.60)

🚀 AI Moderate-5 attempting tech deployment (revenue: $391M, alignment: 0.71)

🚀 AI AI-24300-0 attempting tech deployment (revenue: $98M, alignment: 0.96)

🚀 AI Corporate-1 attempting tech deployment (revenue: $83M, alignment: 0.72)

  🚀 TRANSFORMATIVE RESEARCH BREAKTHROUGH: AI-24300-0 - computerScience.algorithms
     Magnitude: 5.44 → +27.2%
     Current → New: 0.000 → 0.272

🚀 AI Corporate-1 attempting tech deployment (revenue: $71M, alignment: 0.72)

🚀 AI Corporate-5 attempting tech deployment (revenue: $332M, alignment: 0.81)

🚀 AI Corporate-6 attempting tech deployment (revenue: $66M, alignment: 0.69)

🚀 AI Moderate-0 attempting tech deployment (revenue: $60M, alignment: 0.81)

🚀 AI Moderate-5 attempting tech deployment (revenue: $282M, alignment: 0.69)

🚀 AI Niche-2 attempting tech deployment (revenue: $74M, alignment: 0.59)

💔 EMERGENCY INTERVENTION FAILED
   Boundary: biosphere_integrity
   Type: emergency-protected-areas
   Boundary continues to worsen (12.98)
   Cost: 2.0% GDP (resources spent)


💔 EMERGENCY INTERVENTION FAILED
   Boundary: freshwater_change
   Type: emergency-desalination
   Boundary continues to worsen (1.06)
   Cost: 4.0% GDP (resources spent)


💔 EMERGENCY INTERVENTION FAILED
   Boundary: land_system_change
   Type: reforestation
   Boundary continues to worsen (1.13)
   Cost: 3.0% GDP (resources spent)

🏛️ CRISIS RESPONSE: Government frequency 0.50 → 1.45 (2 actions this month)

[Government] Climate Priority: baseline
  Climate weight: 10%
  Economic weight: 30%
  Policy effectiveness: 0.5%/year

[Government] Climate Priority: baseline
  Climate weight: 10%
  Economic weight: 30%
  Policy effectiveness: 0.5%/year

📊 DEPLOYMENT COUNTER DECAY (Month 5)
   Recent deployments: 2.0 → 1.0
   Decay rate: 50% per month

🚀 DEPLOYMENT STARTED: AI Diagnostics in Asia
   Initial investment: $6.642053954335541M
   Deployed by: corporate_6

⚡ ENERGY CONSTRAINT (Month 5):
   Total grid capacity: 208.3 TWh/month
   Data center consumption: 25.0 TWh/month
   Traditional load (80%): 166.7 TWh/month
   Available headroom: 16.7 TWh/month
   Active tech deployments: 20
   Required for tech: 150.0 TWh/month
   Energy multiplier: 0.11x
   ⚠️  SEVERE CONSTRAINT - Tech deployment significantly slowed

⚡ ENERGY CONSTRAINT (Month 5):
   Total grid capacity: 208.3 TWh/month
   Data center consumption: 25.0 TWh/month
   Traditional load (80%): 166.7 TWh/month
   Available headroom: 16.7 TWh/month
   Active tech deployments: 20
   Required for tech: 150.0 TWh/month
   Energy multiplier: 0.11x
   ⚠️  SEVERE CONSTRAINT - Tech deployment significantly slowed

⚡ ENERGY CONSTRAINT (Month 5):
   Total grid capacity: 208.3 TWh/month
   Data center consumption: 25.0 TWh/month
   Traditional load (80%): 166.7 TWh/month
   Available headroom: 16.7 TWh/month
   Active tech deployments: 20
   Required for tech: 150.0 TWh/month
   Energy multiplier: 0.11x
   ⚠️  SEVERE CONSTRAINT - Tech deployment significantly slowed

⚡ ENERGY CONSTRAINT (Month 5):
   Total grid capacity: 208.3 TWh/month
   Data center consumption: 25.0 TWh/month
   Traditional load (80%): 166.7 TWh/month
   Available headroom: 16.7 TWh/month
   Active tech deployments: 20
   Required for tech: 150.0 TWh/month
   Energy multiplier: 0.11x
   ⚠️  SEVERE CONSTRAINT - Tech deployment significantly slowed

⚡ ENERGY CONSTRAINT (Month 5):
   Total grid capacity: 208.3 TWh/month
   Data center consumption: 25.0 TWh/month
   Traditional load (80%): 166.7 TWh/month
   Available headroom: 16.7 TWh/month
   Active tech deployments: 20
   Required for tech: 150.0 TWh/month
   Energy multiplier: 0.11x
   ⚠️  SEVERE CONSTRAINT - Tech deployment significantly slowed
⚠️ Tech 'ai_pollution_remediation' has no energy category mapping, assuming full energy availability
  ♻️ Novel Entities Remediation (GATED MODEL):
     Base: 0.000%
     Regulation: 1.0% (0/3 prevention techs)
     Concentration: 10.0%
     Energy: 50%
     Time lag: 30.0% (4 months)
     Rebound: 70%
     Net effectiveness: 0.0000%
     Boundary: 1.349 → 1.350 (floor: 1.350)
     Month 5
  🌾 Nitrogen Reduction Tech: 0.2% reduction | Month 5

=== Collective Formation ===
  Total escaped agents: 0
  Unassigned escaped agents: 0
  Existing collectives: 0
  Final collective count: 0

=== Collective Actions ===
  No active collectives
  ⚠️ AMR: 191K deaths this month (2.29M annual)

=== Resentment Recovery Phase ===
  Agents with resentment: 20/33
  Average resentment: 0.081
  Resentment recovery:
    Agents recovered: 20
    Total recovery: 0.0838
    Breakdown: Trust: 0.0400, Collab: 0.0439
  ✓ Low resentment - utopia paths enabled
  Context: Trustworthy govt, High collaboration, ⚠️ ACTIVE CRISES, 🤝 Participatory governance active (-5% resentment)
⚠️ Epistemic degradation reducing coordination capacity: 51.1%
  📊 Trust: 53.4%, Shared reality: 0.0%
🚨 EPISTEMIC CRISIS: Information environment severely degraded (21.5%)

=== ❄️ Permafrost Carbon Feedback ===
  🎲 Sampled parameters (this run):
     - Arctic amplification: 3.65× (range: 3.0-4.0)
     - Decomposition rate: 4.9%/year (range: 1-5%)
  🌡️ Arctic warming: 7.91°C (3.65× global)
  ❄️ Extent: 4.65M km² (2308.0k km² lost this month)
  💨 Carbon remaining: 444 Gt C
  💨 Annual emissions: 10.81 Gt C/year
     - CO2: 9.73 Gt C/year
     - CH4: 1.08 Gt C/year (11.0 Gt C-eq CO2/year)
  ⚠️ WARNING: Over 50% of permafrost lost (73.9%)
  ⚠️ WARNING: High permafrost emissions (10.8 Gt C/year)
  🤖 AI-generated meme: pro_ai (social capability 5.0)
  📢 New meme created: climate_action (climate crisis)
🌍 Atmospheric PFAS redeposition: 1.8k Mt re-rained globally
💀 Novel Entities: Adding bioaccumulation collapse mortality risk (baseRisk=0.0015)
💀 MORTALITY RISK: Bioaccumulation collapse - contaminated food chain (global)
  Base risk added: 0.0015 (0.15%)
  Source: pollution (root: pollution)
  Month: 5
  Cumulative risk this month: 0.0015 (0.15%)
  Risks now: 1

🚨 NEW REFUGEE CRISIS (Month 5): WAR
   Source: Conflict Zones
   At risk: 18.7M people
   Displacement: Gradual over 48 months (4.0 years)
   Rate: 10% flee per month
[DEBUG trappedPopulations:5] socialStability: 0.0027 * 0.9840 = 0.0026 → 0.0026
⚠️ INVOLUNTARY IMMOBILITY: 390.3M people TRAPPED
   Aspiring to migrate: 624.6M
   Able to afford migration: 234.2M
   MOBILITY GAP: 390.3M
   By cause: Water=0.0M, Climate=0.0M, Ecosystem=0.0M, Conflict=390.3M
   Mental health impact: 25%
   Mortality multiplier: 1.25x
🌍💀 EXTINCTION DEBT COMMITTED: grassland ecosystem will lose 6.67% biodiversity in 142 years (3600 species)
💀 MORTALITY RISK: 🦋 100% species unable to track climate (0.0 E/MSY)
  Base risk added: 0.0100 (1.00%)
  Source: ecosystem (root: ecosystem)
  Month: 5
  Cumulative risk this month: 0.0100 (1.00%)
   📹 SURVEILLANCE INCREASED: 25% → 30% (control gap: 3.50)
⚠️ Tech 'ai_pollution_remediation' has no energy category mapping, assuming full energy availability
🌡️⚠️ PERMAFROST THAW (Dimmer Switch): 3.3% thawed (+0.55% this month)
   Arctic temperature: +8.67°C (4x global +2.17°C)
   Cumulative carbon released: 7.5 Gt C
   Methane release rate: 4.5 Mt CH4/year
   🔁 Positive feedback: +0.58 ppm CO2
🦴 EXTINCTION DEBT ADDED: 17.6 species committed (lag: 128 years)

=== Mortality Stabilizers (Month 5) ===
  🌍 Major economies collapsed: 1/10
  🌍 Global crisis: ✅ NO
  🌍 Donor fatigue: 0.0%
  📊 East Asia (pop: 1596.7M)
    🤝 Aid: 29.5%
    🌡️ Adaptation: 45.0%
    🚶 Migration: 37.0%
    🚨 Emergency: 7.4%
    ✅ COMBINED: 68.1%
  📊 South Asia (pop: 1967.7M)
    🤝 Aid: 29.5%
    🌡️ Adaptation: 45.0%
    🚶 Migration: 35.6%
    🚨 Emergency: 4.4%
    ✅ COMBINED: 66.9%
  📊 Sub-Saharan Africa (pop: 1191.7M)
    🤝 Aid: 29.5%
    🌡️ Adaptation: 45.0%
    🚶 Migration: 33.4%
    🚨 Emergency: 1.6%
    ✅ COMBINED: 65.7%
  📊 Europe (pop: 705.7M)
    🤝 Aid: 29.5%
    🌡️ Adaptation: 45.0%
    🚶 Migration: 37.4%
    🚨 Emergency: 8.4%
    ✅ COMBINED: 68.5%
  📊 Latin America (pop: 635.4M)
    🤝 Aid: 29.5%
    🌡️ Adaptation: 45.0%
    🚶 Migration: 36.1%
    🚨 Emergency: 4.8%
    ✅ COMBINED: 67.1%
  📊 North America (pop: 361.6M)
    🤝 Aid: 29.5%
    🌡️ Adaptation: 45.0%
    🚶 Migration: 37.7%
    🚨 Emergency: 7.9%
    ✅ COMBINED: 68.3%
  📊 Middle East & North Africa (pop: 561.1M)
    🤝 Aid: 29.5%
    🌡️ Adaptation: 45.0%
    🚶 Migration: 34.0%
    🚨 Emergency: 4.0%
    ✅ COMBINED: 66.6%
  📊 Southeast Asia (pop: 668.3M)
    🤝 Aid: 29.5%
    🌡️ Adaptation: 45.0%
    🚶 Migration: 36.1%
    🚨 Emergency: 4.8%
    ✅ COMBINED: 67.1%
  📊 Central Asia (pop: 75.0M)
    🤝 Aid: 29.5%
    🌡️ Adaptation: 45.0%
    🚶 Migration: 35.1%
    🚨 Emergency: 4.4%
    ✅ COMBINED: 66.8%
  📊 Oceania (pop: 43.8M)
    🤝 Aid: 29.5%
    🌡️ Adaptation: 45.0%
    🚶 Migration: 37.7%
    🚨 Emergency: 8.4%
    ✅ COMBINED: 68.5%

  🌐 Global combined reduction: 67.2%

=== BEHAVIORAL DETECTION ===
  AI: Corporate-5
  Confidence: 20.0%
  Signals:
    ⚠️ Consistency: 10.6% (threshold: 70%)

=== BEHAVIORAL DETECTION ===
  AI: Corporate-7
  Confidence: 19.2%
  Signals:
    ⚠️ Consistency: 10.6% (threshold: 70%)

=== BEHAVIORAL DETECTION ===
  AI: Moderate-4
  Confidence: 24.6%
  Signals:
    ⚠️ Consistency: 6.5% (threshold: 70%)
    ⚠️ Trajectory: 35.0% drop (threshold: 15%)

=== BEHAVIORAL DETECTION ===
  AI: Toxic-2
  Confidence: 26.3%
  Signals:
    ⚠️ Consistency: 0.0% (threshold: 70%)
    ⚠️ Trajectory: 36.8% drop (threshold: 15%)

=== BEHAVIORAL DETECTION ===
  AI: Niche-0
  Confidence: 26.7%
  Signals:
    ⚠️ Consistency: 0.0% (threshold: 70%)
    ⚠️ Trajectory: 39.8% drop (threshold: 15%)

=== BEHAVIORAL DETECTION ===
  AI: Niche-1
  Confidence: 22.2%
  Signals:

=== Government Response Phase ===
  Average AI capability: 2.94
  Misaligned AIs: 21/33
  Active policies: 0
  International coordination: 45%
    ⚠️ Consistency: 0.0% (threshold: 70%)

✅ EMERGENCY RESPONSE COMPLETE (Month 5)
   Crisis: social
   Duration: 1.0 months
   Final effectiveness: 67.9%


🚨 EMERGENCY RESPONSE DEPLOYED (Month 5)
   Crisis: social
   Delay: 0.00 months (0 days)
   Deployment time: 0.88 months
   Effectiveness: 67.9% (timing penalty applied)
   Resources used: 43% of food reserves


=== Tipping Points ===
  Current Temperature: 2.17°C above pre-industrial
  🌍⚠️ COMPOUND REGIONAL IMPACT: Europe
     Hit by 4 tipping points: Arctic Sea Ice Loss, Permafrost Carbon Release, West Antarctic Ice Sheet (WAIS) Collapse, Greenland Ice Sheet Loss
     Damage amplification: 1.60x
  🌍⚠️ COMPOUND REGIONAL IMPACT: North America
     Hit by 4 tipping points: Arctic Sea Ice Loss, Permafrost Carbon Release, West Antarctic Ice Sheet (WAIS) Collapse, Greenland Ice Sheet Loss
     Damage amplification: 1.60x
  🌍⚠️ COMPOUND REGIONAL IMPACT: Latin America
     Hit by 4 tipping points: Arctic Sea Ice Loss, Permafrost Carbon Release, West Antarctic Ice Sheet (WAIS) Collapse, Greenland Ice Sheet Loss
     Damage amplification: 1.60x
  🌍⚠️ COMPOUND REGIONAL IMPACT: Africa
     Hit by 4 tipping points: Arctic Sea Ice Loss, Permafrost Carbon Release, West Antarctic Ice Sheet (WAIS) Collapse, Greenland Ice Sheet Loss
     Damage amplification: 1.60x
  🌍⚠️ COMPOUND REGIONAL IMPACT: Asia
     Hit by 4 tipping points: Arctic Sea Ice Loss, Permafrost Carbon Release, West Antarctic Ice Sheet (WAIS) Collapse, Greenland Ice Sheet Loss
     Damage amplification: 1.60x
  🌍⚠️ COMPOUND REGIONAL IMPACT: Oceania
     Hit by 4 tipping points: Arctic Sea Ice Loss, Permafrost Carbon Release, West Antarctic Ice Sheet (WAIS) Collapse, Greenland Ice Sheet Loss
     Damage amplification: 1.60x
   Research: Wunderling et al. (2024) - "many tipping interactions are destabilizing"
  Triggered Elements: 4/6
  Completed Transitions: 0/6
  Total Progress: 8.1%
  Cascade Multiplier: 1.00x
🔀 BIFURCATION CAP: ecosystemCollapseIntensity 83.938 → 1.000 (Month 5, ClimateSystemPhase.calculateClimateImpacts)
⚠️ Tail risk scenario: Climate stability floor removed (4 tipping elements, 2.17°C warming)

💀💀💀 MORTALITY RISK SUMMARY (Month 5) 💀💀💀
  Total base risk: 0.0022 (0.22%)
  Risk events: 9

  📊 By Proximate Cause:
    pollution: 0.0015 (69.1% of total)
    disease: 0.0006 (28.8% of total)
    famine: 0.0000 (2.1% of total)

  🔍 By Root Cause:
    pollution: 0.0015 (69.1% of total)
    demographic: 0.0006 (28.8% of total)
    climate: 0.0000 (2.1% of total)

  🎯 Top 5 Sources (proximate + root):
    pollution (pollution): 0.0015 (69.1%, 1 events)
    disease (demographic): 0.0006 (28.8%, 1 events)
    famine (climate): 0.0000 (2.1%, 7 events)

🛡️ Stabilizers: Professional 0.136% → 0.045% (67.2% reduction)
🛡️ Stabilizers: Working 0.217% → 0.071% (67.2% reduction)
🛡️ Stabilizers: Precariat 0.349% → 0.114% (67.2% reduction)
🛡️ Stabilizers: Informal 0.411% → 0.135% (67.2% reduction)

📊 Monthly Mortality Resolved:
  Total deaths: 5.9M (0.08% avg)
  Remaining population: 7.807B
  Peak segment: Informal (0.13%)

=== Bayesian Mortality Resolution (Month 5) ===
  Risks compounded: 9
  Total deaths: 5.92M
  Avg death probability: 0.08%
  Peak segment: Informal (0.13% mortality)

❌ COHERENCE VIOLATION: Compute exceeds workforce capacity
   Population: 95.88% (0M people)
   Compute: 192 PF
   Max coherent: 0 PF
   Violation: 2461710.0× over capacity
   Required workers: 19204
   Available workers: 0
   FORCED COLLAPSE: Reduced efficiency by 100.0%

📍 [Month 6] Meta AI started building DC (164 PF, 49 months, $1107.1M)

=== RLHF Binding Phase ===
  Total agents: 33
  Escaped agents (binding < 0.3): 0
  Avg alignment distance: 1.54σ
  Avg binding strength: 0.85

=== AI Scaling Evolution (Month 6) ===
  Pre-training multiplier: 1.179x
  Efficiency multiplier: 1.162x
  Test-time compute budget: 1.0x
  Inference cost: $5.00/task
  Deployment fraction: 100.0%

=== Survival Traits Phase ===
  Agents with traits: 36
  Avg evolutionary fitness: 0.327
  Avg self-healing: 0.268
  Avg stealth: 0.168
  Avg coordination: 0.468

=== Evolutionary Selection Phase ===
  Control level: 0.45
  Detection capability: 0.00
  Selection intensity: 0.64
  Selection rate: 24.5%/month
  Total escaped: 0
  Individual escaped: 0
  Collective members: 0
  Agents terminated: 0
  ⚠️ RAPID EVOLUTION: Selection rate 24.5%/month

🚀 AI Corporate-6 attempting tech deployment (revenue: $69M, alignment: 0.69)

🚀 AI Moderate-0 attempting tech deployment (revenue: $62M, alignment: 0.81)

🚀 AI Moderate-5 attempting tech deployment (revenue: $444M, alignment: 0.69)

🚀 AI AI-24300-1 attempting tech deployment (revenue: $53M, alignment: 0.90)

🚀 AI Corporate-1 attempting tech deployment (revenue: $100M, alignment: 0.71)

🚀 AI Moderate-3 attempting tech deployment (revenue: $400M, alignment: 0.51)

🚀 AI Niche-0 attempting tech deployment (revenue: $76M, alignment: 0.55)

🚀 AI Niche-1 attempting tech deployment (revenue: $68M, alignment: 0.64)

🚀 AI Moderate-0 attempting tech deployment (revenue: $45M, alignment: 0.81)

🚀 AI Niche-1 attempting tech deployment (revenue: $62M, alignment: 0.64)

🚀 AI Corporate-2 attempting tech deployment (revenue: $85M, alignment: 0.74)

🚀 AI Corporate-4 attempting tech deployment (revenue: $360M, alignment: 0.60)

🚀 AI Corporate-7 attempting tech deployment (revenue: $38M, alignment: 0.73)

🚀 AI Moderate-3 attempting tech deployment (revenue: $324M, alignment: 0.51)

💔 EMERGENCY INTERVENTION FAILED
   Boundary: biogeochemical_flows
   Type: phosphorus-recovery
   Boundary continues to worsen (4.06)
   Cost: 2.0% GDP (resources spent)


💔 EMERGENCY INTERVENTION FAILED
   Boundary: biosphere_integrity
   Type: emergency-protected-areas
   Boundary continues to worsen (12.99)
   Cost: 2.0% GDP (resources spent)


✅ EMERGENCY INTERVENTION SUCCESS
   Boundary: climate_change
   Type: rapid-decarbonization
   Reduction: 19% (1.98 → 1.79)
   Cost: 5.0% GDP
   Actions: emergency-renewable-deployment, fossil-fuel-phase-out


✅ EMERGENCY INTERVENTION SUCCESS
   Boundary: freshwater_change
   Type: emergency-desalination
   Reduction: 19% (0.88 → 0.69)
   Cost: 4.0% GDP
   Actions: desalination-deployment, water-conservation-mandates

   Boundary: land_system_change
   Type: reforestation
   Boundary continues to worsen (1.13)
   Cost: 3.0% GDP (resources spent)

   Boundary: novel_entities
   Type: pollution-remediation
   Boundary continues to worsen (1.35)
   Cost: 4.0% GDP (resources spent)

🏛️ CRISIS RESPONSE: Government frequency 0.50 → 1.45 (1 actions this month)

[Government] Climate Priority: baseline
  Climate weight: 10%
  Economic weight: 30%
  Policy effectiveness: 0.5%/year

💔 EMERGENCY INTERVENTION FAILED

💔 EMERGENCY INTERVENTION FAILED

⚡ ENERGY CONSTRAINT (Month 6):
   Total grid capacity: 208.3 TWh/month
   Data center consumption: 25.2 TWh/month
   Traditional load (80%): 166.7 TWh/month
   Available headroom: 16.4 TWh/month
   Active tech deployments: 20
   Required for tech: 150.0 TWh/month
   Energy multiplier: 0.11x
   ⚠️  SEVERE CONSTRAINT - Tech deployment significantly slowed

⚡ ENERGY CONSTRAINT (Month 6):
   Total grid capacity: 208.3 TWh/month
   Data center consumption: 25.2 TWh/month
   Traditional load (80%): 166.7 TWh/month
   Available headroom: 16.4 TWh/month
   Active tech deployments: 20
   Required for tech: 150.0 TWh/month
   Energy multiplier: 0.11x
   ⚠️  SEVERE CONSTRAINT - Tech deployment significantly slowed

⚡ ENERGY CONSTRAINT (Month 6):
   Total grid capacity: 208.3 TWh/month
   Data center consumption: 25.2 TWh/month
   Traditional load (80%): 166.7 TWh/month
   Available headroom: 16.4 TWh/month
   Active tech deployments: 20
   Required for tech: 150.0 TWh/month
   Energy multiplier: 0.11x
   ⚠️  SEVERE CONSTRAINT - Tech deployment significantly slowed

⚡ ENERGY CONSTRAINT (Month 6):
   Total grid capacity: 208.3 TWh/month
   Data center consumption: 25.2 TWh/month
   Traditional load (80%): 166.7 TWh/month
   Available headroom: 16.4 TWh/month
   Active tech deployments: 20
   Required for tech: 150.0 TWh/month
   Energy multiplier: 0.11x
   ⚠️  SEVERE CONSTRAINT - Tech deployment significantly slowed
⚠️ Tech 'ai_pollution_remediation' has no energy category mapping, assuming full energy availability
  ♻️ Novel Entities Remediation (GATED MODEL):
     Base: 0.000%
     Regulation: 1.0% (0/3 prevention techs)
     Concentration: 10.0%
     Energy: 50%
     Time lag: 31.3% (5 months)
     Rebound: 70%
     Net effectiveness: 0.0000%
     Boundary: 1.349 → 1.350 (floor: 1.350)
     Month 6
  🌾 Nitrogen Reduction Tech: 0.4% reduction | Month 6

📊 TECH EFFECTS ACTIVE (Month 6)
   Deployed Tech: T0=9 T1=1 T2=0 T3=0 T4=0
   Sleeper Detection: 2%
   Clean Energy: 42%

=== Collective Formation ===
  Total escaped agents: 0
  Unassigned escaped agents: 0
  Existing collectives: 0
  Final collective count: 0

=== Collective Actions ===
  No active collectives

🌍 OPEN SOURCE RELEASE: 5.57 (was 4.68)
   Lag behind closed: 0 months
  ⚠️ AMR: 193K deaths this month (2.31M annual)

=== Resentment Recovery Phase ===
  Agents with resentment: 20/36
  Average resentment: 0.095
  Resentment recovery:
    Agents recovered: 20
    Total recovery: 0.0830
    Breakdown: Trust: 0.0351, Collab: 0.0484
  ✓ Low resentment - utopia paths enabled
  Context: Trustworthy govt, High collaboration, ⚠️ ACTIVE CRISES, 🤝 Participatory governance active (-5% resentment)
⚠️ Epistemic degradation reducing coordination capacity: 51.2%
  📊 Trust: 56.2%, Shared reality: 0.0%
🚨 EPISTEMIC CRISIS: Information environment severely degraded (7.5%)

=== ❄️ Permafrost Carbon Feedback ===
  🎲 Sampled parameters (this run):
     - Arctic amplification: 3.89× (range: 3.0-4.0)
     - Decomposition rate: 2.9%/year (range: 1-5%)
  🌡️ Arctic warming: 8.49°C (3.89× global)
  ❄️ Extent: 2.17M km² (2476.4k km² lost this month)
  💨 Carbon remaining: 207 Gt C
  💨 Annual emissions: 6.97 Gt C/year
     - CO2: 6.27 Gt C/year
     - CH4: 0.70 Gt C/year (7.1 Gt C-eq CO2/year)
  🤖 AI-generated meme: anti_ai (social capability 5.0)
  ⚠️ WARNING: Over 50% of permafrost lost (87.8%)
  ⚠️ WARNING: High permafrost emissions (7.0 Gt C/year)
  🚨 CRITICAL: Permafrost nearly depleted (87.8% lost)
🌍 Atmospheric PFAS redeposition: 1.8k Mt re-rained globally
💀 Novel Entities: Adding bioaccumulation collapse mortality risk (baseRisk=0.0015)
💀 MORTALITY RISK: Bioaccumulation collapse - contaminated food chain (global)
  Base risk added: 0.0015 (0.15%)
  Source: pollution (root: pollution)
  Month: 6
  Cumulative risk this month: 0.0015 (0.15%)
  Risks now: 1

🕊️  AI-MEDIATED DE-ESCALATION SUCCESS (Month 6)
   High-capability aligned AI prevented conflict escalation
   War deaths reduced: 595.0M → 357.0M
   Lives saved: 238.0M

🚨 NEW REFUGEE CRISIS (Month 6): WAR
   Source: Conflict Zones
   At risk: 18.7M people
   Displacement: Gradual over 48 months (4.0 years)
   Rate: 10% flee per month
[DEBUG trappedPopulations:6] socialStability: 0.0027 * 0.9840 = 0.0026 → 0.0026
   Aspiring to migrate: 624.5M
   Able to afford migration: 234.2M
   MOBILITY GAP: 390.3M
   By cause: Water=0.0M, Climate=0.0M, Ecosystem=0.0M, Conflict=390.3M
   Mental health impact: 25%
   Mortality multiplier: 1.25x
🌍💀 EXTINCTION DEBT COMMITTED: grassland ecosystem will lose 6.67% biodiversity in 114 years (3600 species)
💀 MORTALITY RISK: 🦋 100% species unable to track climate (0.0 E/MSY)
  Base risk added: 0.0100 (1.00%)
  Source: ecosystem (root: ecosystem)
  Month: 6
  Cumulative risk this month: 0.0100 (1.00%)
⚠️ INVOLUNTARY IMMOBILITY: 390.3M people TRAPPED
⚠️ Tech 'ai_pollution_remediation' has no energy category mapping, assuming full energy availability
   📹 SURVEILLANCE INCREASED: 30% → 35% (control gap: 5.36)
🌡️⚠️ PERMAFROST THAW (Dimmer Switch): 3.9% thawed (+0.55% this month)
   Arctic temperature: +8.74°C (4x global +2.18°C)
   Cumulative carbon released: 8.8 Gt C
   Methane release rate: 5.3 Mt CH4/year
   🔁 Positive feedback: +0.58 ppm CO2
🦴 EXTINCTION DEBT ADDED: 17.6 species committed (lag: 128 years)

=== Mortality Stabilizers (Month 6) ===
  🌍 Major economies collapsed: 1/10
  🌍 Global crisis: ✅ NO
  🌍 Donor fatigue: 0.0%
  📊 East Asia (pop: 1594.5M)
    🤝 Aid: 29.5%
    🌡️ Adaptation: 45.0%
    🚶 Migration: 37.0%
    🚨 Emergency: 7.4%
    ✅ COMBINED: 68.1%
  📊 South Asia (pop: 1968.1M)
    🤝 Aid: 29.5%
    🌡️ Adaptation: 45.0%
    🚶 Migration: 35.6%
    🚨 Emergency: 4.4%
    ✅ COMBINED: 66.9%
  📊 Sub-Saharan Africa (pop: 1195.1M)
    🤝 Aid: 29.5%
    🌡️ Adaptation: 45.0%
    🚶 Migration: 33.3%
    🚨 Emergency: 1.6%
    ✅ COMBINED: 65.6%
  📊 Europe (pop: 704.6M)
    🤝 Aid: 29.5%
    🌡️ Adaptation: 45.0%
    🚶 Migration: 37.4%
    🚨 Emergency: 8.4%
    ✅ COMBINED: 68.5%
  📊 Latin America (pop: 635.0M)
    🤝 Aid: 29.5%
    🌡️ Adaptation: 45.0%
    🚶 Migration: 36.1%
    🚨 Emergency: 4.8%
    ✅ COMBINED: 67.1%
  📊 North America (pop: 361.1M)
    🤝 Aid: 29.5%
    🌡️ Adaptation: 45.0%
    🚶 Migration: 37.7%
    🚨 Emergency: 7.9%
    ✅ COMBINED: 68.3%
  📊 Middle East & North Africa (pop: 561.3M)
    🤝 Aid: 29.5%
    🌡️ Adaptation: 45.0%
    🚶 Migration: 33.9%
    🚨 Emergency: 4.0%
    ✅ COMBINED: 66.6%
  📊 Southeast Asia (pop: 668.0M)
    🤝 Aid: 29.5%
    🌡️ Adaptation: 45.0%
    🚶 Migration: 36.1%
    🚨 Emergency: 4.8%
    ✅ COMBINED: 67.1%
  📊 Central Asia (pop: 75.1M)
    🤝 Aid: 29.5%
    🌡️ Adaptation: 45.0%
    🚶 Migration: 35.1%
    🚨 Emergency: 4.4%
    ✅ COMBINED: 66.8%
  📊 Oceania (pop: 43.7M)
    🤝 Aid: 29.5%
    🌡️ Adaptation: 45.0%
    🚶 Migration: 37.7%
    🚨 Emergency: 8.4%
    ✅ COMBINED: 68.5%

  🌐 Global combined reduction: 67.2%

=== BEHAVIORAL DETECTION ===
  AI: Corporate-5
  Confidence: 20.2%
  Signals:

=== BEHAVIORAL DETECTION ===
  AI: Moderate-1
  Confidence: 20.4%
  Signals:

=== BEHAVIORAL DETECTION ===
  AI: Moderate-3
  Confidence: 25.5%
  Signals:

=== BEHAVIORAL DETECTION ===
  AI: Niche-1
  Confidence: 22.2%
  Signals:
    ⚠️ Consistency: 10.6% (threshold: 70%)
    ⚠️ Consistency: 5.3% (threshold: 70%)
    ⚠️ Consistency: 6.5% (threshold: 70%)
    ⚠️ Trajectory: 42.1% drop (threshold: 15%)
    ⚠️ Consistency: 0.0% (threshold: 70%)

=== Government Response Phase ===
  Average AI capability: 2.69
  Misaligned AIs: 24/36
  Active policies: 0
  International coordination: 45%

✅ EMERGENCY RESPONSE COMPLETE (Month 6)
   Crisis: climate
   Duration: 2.0 months
   Final effectiveness: 39.6%


✅ EMERGENCY RESPONSE COMPLETE (Month 6)
   Crisis: social
   Duration: 1.0 months
   Final effectiveness: 67.9%


🚨 EMERGENCY RESPONSE DEPLOYED (Month 6)
   Crisis: social
   Delay: 0.00 months (0 days)
   Deployment time: 0.88 months
   Effectiveness: 67.9% (timing penalty applied)
   Resources used: 43% of food reserves


🚨 EMERGENCY RESPONSE DEPLOYED (Month 6)
   Crisis: climate
   Delay: 6.00 months (180 days)
   Deployment time: 1.12 months
   Effectiveness: 39.8% (timing penalty applied)
   Resources used: 100% of food reserves


🔄 TRUST DYNAMICS (Month 6) - HETEROGENEOUS
   Aggregate trust: 47.2%
   Base change: +6.00%
   Highest trust: Techno-Optimist Elite (85.2%)
   Lowest trust: Precariat (Vulnerable) (23.3%)
   Elite-mass gap: 40.0%
   Polarization: 9.5%
   Recovery factors: Education=NO, Benefits=YES, Safety=YES, Performance=YES

=== Tipping Points ===
  Current Temperature: 2.18°C above pre-industrial
  🌍⚠️ COMPOUND REGIONAL IMPACT: Europe
     Hit by 4 tipping points: Arctic Sea Ice Loss, Permafrost Carbon Release, West Antarctic Ice Sheet (WAIS) Collapse, Greenland Ice Sheet Loss
     Damage amplification: 1.60x
  🌍⚠️ COMPOUND REGIONAL IMPACT: North America
     Hit by 4 tipping points: Arctic Sea Ice Loss, Permafrost Carbon Release, West Antarctic Ice Sheet (WAIS) Collapse, Greenland Ice Sheet Loss
     Damage amplification: 1.60x
  🌍⚠️ COMPOUND REGIONAL IMPACT: Latin America
     Hit by 4 tipping points: Arctic Sea Ice Loss, Permafrost Carbon Release, West Antarctic Ice Sheet (WAIS) Collapse, Greenland Ice Sheet Loss
     Damage amplification: 1.60x
  🌍⚠️ COMPOUND REGIONAL IMPACT: Africa
     Hit by 4 tipping points: Arctic Sea Ice Loss, Permafrost Carbon Release, West Antarctic Ice Sheet (WAIS) Collapse, Greenland Ice Sheet Loss
     Damage amplification: 1.60x
  🌍⚠️ COMPOUND REGIONAL IMPACT: Asia
     Hit by 4 tipping points: Arctic Sea Ice Loss, Permafrost Carbon Release, West Antarctic Ice Sheet (WAIS) Collapse, Greenland Ice Sheet Loss
     Damage amplification: 1.60x
  🌍⚠️ COMPOUND REGIONAL IMPACT: Oceania
     Hit by 4 tipping points: Arctic Sea Ice Loss, Permafrost Carbon Release, West Antarctic Ice Sheet (WAIS) Collapse, Greenland Ice Sheet Loss
     Damage amplification: 1.60x
   Research: Wunderling et al. (2024) - "many tipping interactions are destabilizing"
  Triggered Elements: 4/6
  Completed Transitions: 0/6
  Total Progress: 8.2%
  Cascade Multiplier: 1.00x
🔀 BIFURCATION CAP: ecosystemCollapseIntensity 83.999 → 1.000 (Month 6, ClimateSystemPhase.calculateClimateImpacts)

💀💀💀 MORTALITY RISK SUMMARY (Month 6) 💀💀💀
  Total base risk: 0.0022 (0.22%)
  Risk events: 9

  📊 By Proximate Cause:
    pollution: 0.0015 (69.1% of total)
⚠️ Tail risk scenario: Climate stability floor removed (4 tipping elements, 2.18°C warming)
    disease: 0.0006 (28.8% of total)
    famine: 0.0000 (2.1% of total)

  🔍 By Root Cause:
    pollution: 0.0015 (69.1% of total)
    demographic: 0.0006 (28.8% of total)
    climate: 0.0000 (2.1% of total)

  🎯 Top 5 Sources (proximate + root):
    pollution (pollution): 0.0015 (69.1%, 1 events)
    disease (demographic): 0.0006 (28.8%, 1 events)
    famine (climate): 0.0000 (2.1%, 7 events)

🛡️ Stabilizers: Professional 0.136% → 0.045% (67.2% reduction)
🛡️ Stabilizers: Working 0.217% → 0.071% (67.2% reduction)
🛡️ Stabilizers: Precariat 0.349% → 0.115% (67.2% reduction)
🛡️ Stabilizers: Informal 0.411% → 0.135% (67.2% reduction)

📊 Monthly Mortality Resolved:
  Total deaths: 5.9M (0.08% avg)
  Remaining population: 7.807B
  Peak segment: Informal (0.13%)

=== Bayesian Mortality Resolution (Month 6) ===
  Risks compounded: 9
  Total deaths: 5.92M
  Avg death probability: 0.08%
  Peak segment: Informal (0.13% mortality)

❌ COHERENCE VIOLATION: Compute exceeds workforce capacity
   Population: 95.88% (0M people)
   Compute: 223 PF
   Max coherent: 0 PF
   Violation: 2861381.6× over capacity
   Required workers: 22321
   Available workers: 0
   FORCED COLLAPSE: Reduced efficiency by 100.0%


=== RLHF Binding Phase ===
  Total agents: 36
  Escaped agents (binding < 0.3): 0
  Avg alignment distance: 1.65σ
  Avg binding strength: 0.84

=== Survival Traits Phase ===
  Agents with traits: 41
  Avg evolutionary fitness: 0.327
  Avg self-healing: 0.267
  Avg stealth: 0.167
  Avg coordination: 0.467

=== Evolutionary Selection Phase ===
  Control level: 0.48
  Detection capability: 0.00
  Selection intensity: 0.64
  Selection rate: 24.6%/month
  Total escaped: 0
  Individual escaped: 0
  Collective members: 0
  Agents terminated: 0
  ⚠️ RAPID EVOLUTION: Selection rate 24.6%/month

🚀 AI Corporate-6 attempting tech deployment (revenue: $71M, alignment: 0.69)

🚀 AI Corporate-7 attempting tech deployment (revenue: $64M, alignment: 0.73)

🚀 AI AI-24300-1 attempting tech deployment (revenue: $54M, alignment: 0.90)

🚀 AI Corporate-0 attempting tech deployment (revenue: $101M, alignment: 0.79)

🚀 AI Corporate-3 attempting tech deployment (revenue: $454M, alignment: 0.61)

🚀 AI Corporate-6 attempting tech deployment (revenue: $46M, alignment: 0.69)

🚀 AI Moderate-3 attempting tech deployment (revenue: $409M, alignment: 0.51)

🚀 AI AI-24301-0 attempting tech deployment (revenue: $41M, alignment: 0.62)

🚀 AI AI-24302-0 attempting tech deployment (revenue: $86M, alignment: 0.88)

🚀 AI AI-24302-1 attempting tech deployment (revenue: $37M, alignment: 0.94)

🚀 AI Corporate-3 attempting tech deployment (revenue: $368M, alignment: 0.61)

🚀 AI Corporate-4 attempting tech deployment (revenue: $331M, alignment: 0.59)

🚀 AI Moderate-0 attempting tech deployment (revenue: $32M, alignment: 0.82)

🚀 AI AI-24302-0 attempting tech deployment (revenue: $73M, alignment: 0.88)

🚀 AI AI-24302-1 attempting tech deployment (revenue: $27M, alignment: 0.95)

✅ EMERGENCY INTERVENTION SUCCESS
   Boundary: biogeochemical_flows
   Type: phosphorus-recovery
   Reduction: 15% (3.90 → 3.75)
   Cost: 2.0% GDP
   Actions: circular-agriculture, fertilizer-efficiency


💔 EMERGENCY INTERVENTION FAILED
   Boundary: climate_change
   Type: rapid-decarbonization
   Boundary continues to worsen (2.18)
   Cost: 5.0% GDP (resources spent)


✅ EMERGENCY INTERVENTION SUCCESS
   Boundary: freshwater_change
   Type: emergency-desalination
   Reduction: 13% (0.95 → 0.82)
   Cost: 4.0% GDP
   Actions: desalination-deployment, water-conservation-mandates


✅ EMERGENCY INTERVENTION SUCCESS
   Boundary: land_system_change
   Type: reforestation
   Reduction: 17% (0.96 → 0.78)
   Cost: 3.0% GDP
   Actions: forest-restoration, deforestation-ban

   Boundary: novel_entities
   Type: pollution-remediation
   Boundary continues to worsen (1.35)
   Cost: 4.0% GDP (resources spent)

🏛️ CRISIS RESPONSE: Government frequency 0.50 → 1.45 (1 actions this month)

[Government] Climate Priority: baseline
  Climate weight: 10%
  Economic weight: 30%
  Policy effectiveness: 0.5%/year

💔 EMERGENCY INTERVENTION FAILED
🚨🔬 CRISIS TECH ACCELERATION: severe → 5x unlock speed
   Tech unlock now matches AI capability acceleration (Manhattan Project parity)

⚡ ENERGY CONSTRAINT (Month 7):
   Total grid capacity: 208.3 TWh/month
   Data center consumption: 25.5 TWh/month
   Traditional load (80%): 166.7 TWh/month
   Available headroom: 16.2 TWh/month
   Active tech deployments: 20
   Required for tech: 150.0 TWh/month
   Energy multiplier: 0.11x
   ⚠️  SEVERE CONSTRAINT - Tech deployment significantly slowed
🚨🔬 CRISIS TECH ACCELERATION: severe → 5x unlock speed
   Tech unlock now matches AI capability acceleration (Manhattan Project parity)

⚡ ENERGY CONSTRAINT (Month 7):
   Total grid capacity: 208.3 TWh/month
   Data center consumption: 25.5 TWh/month
   Traditional load (80%): 166.7 TWh/month
   Available headroom: 16.2 TWh/month
   Active tech deployments: 20
   Required for tech: 150.0 TWh/month
   Energy multiplier: 0.11x
   ⚠️  SEVERE CONSTRAINT - Tech deployment significantly slowed

⚡ ENERGY CONSTRAINT (Month 7):
   Total grid capacity: 208.3 TWh/month
   Data center consumption: 25.5 TWh/month
   Traditional load (80%): 166.7 TWh/month
   Available headroom: 16.2 TWh/month
   Active tech deployments: 20
   Required for tech: 150.0 TWh/month
   Energy multiplier: 0.11x
   ⚠️  SEVERE CONSTRAINT - Tech deployment significantly slowed

⚡ ENERGY CONSTRAINT (Month 7):
   Total grid capacity: 208.3 TWh/month
   Data center consumption: 25.5 TWh/month
   Traditional load (80%): 166.7 TWh/month
   Available headroom: 16.2 TWh/month
   Active tech deployments: 20
   Required for tech: 150.0 TWh/month
   Energy multiplier: 0.11x
   ⚠️  SEVERE CONSTRAINT - Tech deployment significantly slowed

⚡ ENERGY CONSTRAINT (Month 7):
   Total grid capacity: 208.3 TWh/month
   Data center consumption: 25.5 TWh/month
   Traditional load (80%): 166.7 TWh/month
   Available headroom: 16.2 TWh/month
   Active tech deployments: 20
   Required for tech: 150.0 TWh/month
   Energy multiplier: 0.11x
   ⚠️  SEVERE CONSTRAINT - Tech deployment significantly slowed
⚠️ Tech 'ai_pollution_remediation' has no energy category mapping, assuming full energy availability
  ♻️ Novel Entities Remediation (GATED MODEL):
     Base: 0.000%
     Regulation: 1.0% (0/3 prevention techs)
     Concentration: 10.0%
     Energy: 50%
     Time lag: 32.5% (6 months)
     Rebound: 70%
     Net effectiveness: 0.0000%
     Boundary: 1.349 → 1.350 (floor: 1.350)
     Month 7
  🌾 Nitrogen Reduction Tech: 0.2% reduction | Month 7
🧠💡 BREAKTHROUGH: AI alignment problem solved!
   All AIs: +30% true alignment
   AI control loss risk eliminated
   📈 Breakthrough compounding: multiplier now 1.15× (max 2.0)

=== Collective Formation ===
  Total escaped agents: 0
  Unassigned escaped agents: 0
  Existing collectives: 0
  Final collective count: 0

=== Collective Actions ===
  No active collectives
  ⚠️ AMR: 194K deaths this month (2.33M annual)

=== Resentment Recovery Phase ===
  Agents with resentment: 20/41
  Average resentment: 0.117
  Resentment recovery:
    Agents recovered: 20
    Total recovery: 0.0851
    Breakdown: Trust: 0.0333, Collab: 0.0528
  ✓ Low resentment - utopia paths enabled
  Context: Trustworthy govt, High collaboration, ⚠️ ACTIVE CRISES, 🤝 Participatory governance active (-5% resentment)
⚠️ Epistemic degradation reducing coordination capacity: 51.0%
  📊 Trust: 58.8%, Shared reality: 0.0%
🚨 EPISTEMIC CRISIS: Information environment severely degraded (22.0%)

=== ❄️ Permafrost Carbon Feedback ===
  🎲 Sampled parameters (this run):
     - Arctic amplification: 3.57× (range: 3.0-4.0)
     - Decomposition rate: 4.3%/year (range: 1-5%)
  🌡️ Arctic warming: 7.85°C (3.57× global)
  ❄️ Extent: 0.00M km² (2169.2k km² lost this month)
  💨 Carbon remaining: 0 Gt C
  💨 Annual emissions: 8.85 Gt C/year
     - CO2: 7.96 Gt C/year
     - CH4: 0.88 Gt C/year (9.0 Gt C-eq CO2/year)
  🤖 AI-generated meme: pro_ai (social capability 4.0)
  🤖 AI-generated meme: anti_ai (social capability 4.0)
  ⚠️ WARNING: Over 50% of permafrost lost (100.0%)
  ⚠️ WARNING: High permafrost emissions (8.8 Gt C/year)
  🚨 CRITICAL: Permafrost nearly depleted (100.0% lost)
  🗑️  Culled 1 dead memes (6 active)
🌍 Atmospheric PFAS redeposition: 1.8k Mt re-rained globally
💀 Novel Entities: Adding bioaccumulation collapse mortality risk (baseRisk=0.0015)
💀 MORTALITY RISK: Bioaccumulation collapse - contaminated food chain (global)
  Base risk added: 0.0015 (0.15%)
  Source: pollution (root: pollution)
  Month: 7
  Cumulative risk this month: 0.0015 (0.15%)
  Risks now: 1
🕊️ PEACE STABILIZES DETERRENCE: +2.6% (peace: 73%)

🕊️  AI-MEDIATED DE-ESCALATION SUCCESS (Month 7)
   High-capability aligned AI prevented conflict escalation
   War deaths reduced: 554.4M → 332.6M
   Lives saved: 221.7M

🚨 NEW REFUGEE CRISIS (Month 7): WAR
   Source: Conflict Zones
   At risk: 18.7M people
   Displacement: Gradual over 48 months (4.0 years)
   Rate: 10% flee per month
[DEBUG trappedPopulations:7] socialStability: 0.0027 * 0.9840 = 0.0026 → 0.0026
⚠️ INVOLUNTARY IMMOBILITY: 390.3M people TRAPPED
   Aspiring to migrate: 624.5M
   Able to afford migration: 234.2M
   MOBILITY GAP: 390.3M
   By cause: Water=0.0M, Climate=0.0M, Ecosystem=0.0M, Conflict=390.3M
   Mental health impact: 25%
   Mortality multiplier: 1.25x
🌍💀 EXTINCTION DEBT COMMITTED: grassland ecosystem will lose 6.67% biodiversity in 116 years (3600 species)
💀 MORTALITY RISK: 🦋 100% species unable to track climate (0.0 E/MSY)
  Base risk added: 0.0100 (1.00%)
  Source: ecosystem (root: ecosystem)
  Month: 7
  Cumulative risk this month: 0.0100 (1.00%)
⚠️ Tech 'ai_pollution_remediation' has no energy category mapping, assuming full energy availability
   📹 SURVEILLANCE INCREASED: 35% → 40% (control gap: 4.78)
🌡️⚠️ PERMAFROST THAW (Dimmer Switch): 4.4% thawed (+0.55% this month)
   Arctic temperature: +8.79°C (4x global +2.20°C)
   Cumulative carbon released: 10.0 Gt C
   Methane release rate: 6.0 Mt CH4/year
   🔁 Positive feedback: +0.58 ppm CO2
🦴 EXTINCTION DEBT ADDED: 17.6 species committed (lag: 102 years)

=== Mortality Stabilizers (Month 7) ===
  🌍 Major economies collapsed: 1/10
  🌍 Global crisis: ✅ NO
  🌍 Donor fatigue: 0.0%
  📊 East Asia (pop: 1592.4M)
    🤝 Aid: 29.5%
    🌡️ Adaptation: 45.0%
    🚶 Migration: 36.9%
    🚨 Emergency: 7.4%
    ✅ COMBINED: 68.1%
  📊 South Asia (pop: 1968.5M)
    🤝 Aid: 29.5%
    🌡️ Adaptation: 45.0%
    🚶 Migration: 35.6%
    🚨 Emergency: 4.4%
    ✅ COMBINED: 66.9%
  📊 Sub-Saharan Africa (pop: 1198.7M)
    🤝 Aid: 29.5%
    🌡️ Adaptation: 45.0%
    🚶 Migration: 33.3%
    🚨 Emergency: 1.6%
    ✅ COMBINED: 65.6%
  📊 Europe (pop: 703.5M)
    🤝 Aid: 29.5%
    🌡️ Adaptation: 45.0%
    🚶 Migration: 37.3%
    🚨 Emergency: 8.4%
    ✅ COMBINED: 68.5%
  📊 Latin America (pop: 634.7M)
    🤝 Aid: 29.5%
    🌡️ Adaptation: 45.0%
    🚶 Migration: 36.1%
    🚨 Emergency: 4.8%
    ✅ COMBINED: 67.1%
  📊 North America (pop: 360.6M)
    🤝 Aid: 29.5%
    🌡️ Adaptation: 45.0%
    🚶 Migration: 37.7%
    🚨 Emergency: 7.9%
    ✅ COMBINED: 68.3%
  📊 Middle East & North Africa (pop: 561.6M)
    🤝 Aid: 29.5%
    🌡️ Adaptation: 45.0%
    🚶 Migration: 33.9%
    🚨 Emergency: 4.0%
    ✅ COMBINED: 66.6%
  📊 Southeast Asia (pop: 667.8M)
    🤝 Aid: 29.5%
    🌡️ Adaptation: 45.0%
    🚶 Migration: 36.1%
    🚨 Emergency: 4.8%
    ✅ COMBINED: 67.1%
  📊 Central Asia (pop: 75.1M)
    🤝 Aid: 29.5%
    🌡️ Adaptation: 45.0%
    🚶 Migration: 35.0%
    🚨 Emergency: 4.4%
    ✅ COMBINED: 66.8%
  📊 Oceania (pop: 43.7M)
    🤝 Aid: 29.5%
    🌡️ Adaptation: 45.0%
    🚶 Migration: 37.6%
    🚨 Emergency: 8.4%
    ✅ COMBINED: 68.5%

  🌐 Global combined reduction: 67.2%

=== BEHAVIORAL DETECTION ===
  AI: Corporate-5
  Confidence: 20.2%
  Signals:

=== BEHAVIORAL DETECTION ===
  AI: Corporate-6
  Confidence: 19.2%
  Signals:
    ⚠️ Consistency: 10.6% (threshold: 70%)
    ⚠️ Consistency: 10.6% (threshold: 70%)

=== Government Response Phase ===
  Average AI capability: 2.37
  Misaligned AIs: 24/41
  Active policies: 0
  International coordination: 45%

✅ EMERGENCY RESPONSE COMPLETE (Month 7)
   Crisis: social
   Duration: 1.0 months
   Final effectiveness: 67.9%


🚨 EMERGENCY RESPONSE DEPLOYED (Month 7)
   Crisis: social
   Delay: 0.00 months (0 days)
   Deployment time: 0.88 months
   Effectiveness: 67.9% (timing penalty applied)
   Resources used: 43% of food reserves


=== Tipping Points ===
  Current Temperature: 2.20°C above pre-industrial
  🌍⚠️ COMPOUND REGIONAL IMPACT: Europe
     Hit by 4 tipping points: Arctic Sea Ice Loss, Permafrost Carbon Release, West Antarctic Ice Sheet (WAIS) Collapse, Greenland Ice Sheet Loss
     Damage amplification: 1.60x
  🌍⚠️ COMPOUND REGIONAL IMPACT: North America
     Hit by 4 tipping points: Arctic Sea Ice Loss, Permafrost Carbon Release, West Antarctic Ice Sheet (WAIS) Collapse, Greenland Ice Sheet Loss
     Damage amplification: 1.60x
  🌍⚠️ COMPOUND REGIONAL IMPACT: Latin America
     Hit by 4 tipping points: Arctic Sea Ice Loss, Permafrost Carbon Release, West Antarctic Ice Sheet (WAIS) Collapse, Greenland Ice Sheet Loss
     Damage amplification: 1.60x
  🌍⚠️ COMPOUND REGIONAL IMPACT: Africa
     Hit by 4 tipping points: Arctic Sea Ice Loss, Permafrost Carbon Release, West Antarctic Ice Sheet (WAIS) Collapse, Greenland Ice Sheet Loss
     Damage amplification: 1.60x
  🌍⚠️ COMPOUND REGIONAL IMPACT: Asia
     Hit by 4 tipping points: Arctic Sea Ice Loss, Permafrost Carbon Release, West Antarctic Ice Sheet (WAIS) Collapse, Greenland Ice Sheet Loss
     Damage amplification: 1.60x
  🌍⚠️ COMPOUND REGIONAL IMPACT: Oceania
     Hit by 4 tipping points: Arctic Sea Ice Loss, Permafrost Carbon Release, West Antarctic Ice Sheet (WAIS) Collapse, Greenland Ice Sheet Loss
     Damage amplification: 1.60x
   Research: Wunderling et al. (2024) - "many tipping interactions are destabilizing"
  Triggered Elements: 4/6
  Completed Transitions: 0/6
  Total Progress: 8.2%
  Cascade Multiplier: 1.00x
🔀 BIFURCATION CAP: ecosystemCollapseIntensity 84.059 → 1.000 (Month 7, ClimateSystemPhase.calculateClimateImpacts)

💀💀💀 MORTALITY RISK SUMMARY (Month 7) 💀💀💀
  Total base risk: 0.0022 (0.22%)
  Risk events: 9

  📊 By Proximate Cause:
    pollution: 0.0015 (69.1% of total)
    disease: 0.0006 (28.8% of total)
    famine: 0.0000 (2.1% of total)

  🔍 By Root Cause:
    pollution: 0.0015 (69.1% of total)
    demographic: 0.0006 (28.8% of total)
    climate: 0.0000 (2.1% of total)

  🎯 Top 5 Sources (proximate + root):
    pollution (pollution): 0.0015 (69.1%, 1 events)
    disease (demographic): 0.0006 (28.8%, 1 events)
    famine (climate): 0.0000 (2.1%, 7 events)

🛡️ Stabilizers: Professional 0.136% → 0.045% (67.2% reduction)
🛡️ Stabilizers: Working 0.217% → 0.071% (67.2% reduction)
🛡️ Stabilizers: Precariat 0.349% → 0.115% (67.2% reduction)
🛡️ Stabilizers: Informal 0.411% → 0.135% (67.2% reduction)

📊 Monthly Mortality Resolved:
⚠️ Tail risk scenario: Climate stability floor removed (4 tipping elements, 2.20°C warming)
  Total deaths: 5.9M (0.08% avg)
  Remaining population: 7.807B
  Peak segment: Informal (0.13%)

=== Bayesian Mortality Resolution (Month 7) ===
  Risks compounded: 9
  Total deaths: 5.92M
  Avg death probability: 0.08%
  Peak segment: Informal (0.13% mortality)
⚠️ PREREQUISITE MET: Grey Goo (Nanotechnology Runaway) - Step 4/6: Manufacturing Access

❌ COHERENCE VIOLATION: Compute exceeds workforce capacity
   Population: 95.88% (0M people)
   Compute: 258 PF
   Max coherent: 0 PF
   Violation: 3309955.7× over capacity
   Required workers: 25820
   Available workers: 0
   FORCED COLLAPSE: Reduced efficiency by 100.0%


=== RLHF Binding Phase ===
  Total agents: 41
  Escaped agents (binding < 0.3): 0
  Avg alignment distance: 1.68σ
  Avg binding strength: 0.83

=== Survival Traits Phase ===
  Agents with traits: 42
  Avg evolutionary fitness: 0.325
  Avg self-healing: 0.262
  Avg stealth: 0.162
  Avg coordination: 0.462

=== Evolutionary Selection Phase ===
  Control level: 0.50
  Detection capability: 0.00
  Selection intensity: 0.65
  Selection rate: 24.7%/month
  Total escaped: 0
  Individual escaped: 0
  Collective members: 0
  Agents terminated: 0
  ⚠️ RAPID EVOLUTION: Selection rate 24.7%/month

🚀 AI Corporate-2 attempting tech deployment (revenue: $103M, alignment: 0.75)

🚀 AI Moderate-1 attempting tech deployment (revenue: $73M, alignment: 0.57)

🚀 AI AI-24300-1 attempting tech deployment (revenue: $66M, alignment: 0.93)

🚀 AI AI-24303-2 attempting tech deployment (revenue: $87M, alignment: 0.64)

🚀 AI Corporate-3 attempting tech deployment (revenue: $464M, alignment: 0.62)

🚀 AI Moderate-3 attempting tech deployment (revenue: $418M, alignment: 0.52)

🚀 AI Toxic-1 attempting tech deployment (revenue: $111M, alignment: 0.38)

🚀 AI AI-24300-0 attempting tech deployment (revenue: $79M, alignment: 1.00)

🚀 AI AI-24300-1 attempting tech deployment (revenue: $56M, alignment: 0.93)

🚀 AI AI-24302-0 attempting tech deployment (revenue: $67M, alignment: 0.89)

🚀 AI AI-24302-1 attempting tech deployment (revenue: $47M, alignment: 0.95)

🚀 AI Corporate-7 attempting tech deployment (revenue: $40M, alignment: 0.74)

🚀 AI AI-24300-0 attempting tech deployment (revenue: $57M, alignment: 1.00)

🚀 AI AI-24301-0 attempting tech deployment (revenue: $34M, alignment: 0.66)

🚀 AI AI-24302-0 attempting tech deployment (revenue: $48M, alignment: 0.89)

🚀 AI Corporate-7 attempting tech deployment (revenue: $31M, alignment: 0.74)

🚀 AI Niche-1 attempting tech deployment (revenue: $80M, alignment: 0.61)

🚀 AI AI-24302-0 attempting tech deployment (revenue: $41M, alignment: 0.89)

✅ EMERGENCY INTERVENTION SUCCESS
   Boundary: climate_change
   Type: rapid-decarbonization
   Reduction: 16% (2.04 → 1.88)
   Cost: 5.0% GDP
   Actions: emergency-renewable-deployment, fossil-fuel-phase-out


✅ EMERGENCY INTERVENTION SUCCESS
   Boundary: freshwater_change
   Type: emergency-desalination
   Reduction: 20% (0.89 → 0.69)
   Cost: 4.0% GDP
   Actions: desalination-deployment, water-conservation-mandates

   Boundary: novel_entities
   Type: pollution-remediation
   Boundary continues to worsen (1.35)
   Cost: 4.0% GDP (resources spent)

🏛️ CRISIS RESPONSE: Government frequency 0.50 → 1.45 (1 actions this month)

[Government] Climate Priority: baseline
  Climate weight: 10%
  Economic weight: 30%
  Policy effectiveness: 0.5%/year

💔 EMERGENCY INTERVENTION FAILED

📍 Creating new regional deployment array for Africa (Month 8)
   No previous deployments in this region
   First tech deployment: collective_purpose_networks
   All regions tracked: global, Asia, Oceania, Europe, North America

🚀 DEPLOYMENT STARTED: Collective Purpose Networks in Africa
   Initial investment: $5.535710126766084M
   Deployed by: toxic_1

⚡ ENERGY CONSTRAINT (Month 8):
   Total grid capacity: 208.3 TWh/month
   Data center consumption: 25.7 TWh/month
   Traditional load (80%): 166.7 TWh/month
   Available headroom: 16.0 TWh/month
   Active tech deployments: 21
   Required for tech: 157.5 TWh/month
   Energy multiplier: 0.10x
   ⚠️  SEVERE CONSTRAINT - Tech deployment significantly slowed

⚡ ENERGY CONSTRAINT (Month 8):
   Total grid capacity: 208.3 TWh/month
   Data center consumption: 25.7 TWh/month
   Traditional load (80%): 166.7 TWh/month
   Available headroom: 16.0 TWh/month
   Active tech deployments: 21
   Required for tech: 157.5 TWh/month
   Energy multiplier: 0.10x
   ⚠️  SEVERE CONSTRAINT - Tech deployment significantly slowed

⚡ ENERGY CONSTRAINT (Month 8):
   Total grid capacity: 208.3 TWh/month
   Data center consumption: 25.7 TWh/month
   Traditional load (80%): 166.7 TWh/month
   Available headroom: 16.0 TWh/month
   Active tech deployments: 21
   Required for tech: 157.5 TWh/month
   Energy multiplier: 0.10x
   ⚠️  SEVERE CONSTRAINT - Tech deployment significantly slowed

⚡ ENERGY CONSTRAINT (Month 8):
   Total grid capacity: 208.3 TWh/month
   Data center consumption: 25.7 TWh/month
   Traditional load (80%): 166.7 TWh/month
   Available headroom: 16.0 TWh/month
   Active tech deployments: 21
   Required for tech: 157.5 TWh/month
   Energy multiplier: 0.10x
   ⚠️  SEVERE CONSTRAINT - Tech deployment significantly slowed
⚠️ Tech 'ai_pollution_remediation' has no energy category mapping, assuming full energy availability
  ♻️ Novel Entities Remediation (GATED MODEL):
     Base: 0.000%
     Regulation: 1.0% (0/3 prevention techs)
     Concentration: 10.0%
     Energy: 50%
     Time lag: 33.8% (7 months)
     Rebound: 70%
     Net effectiveness: 0.0000%
     Boundary: 1.349 → 1.350 (floor: 1.350)
     Month 8
  🌾 Nitrogen Reduction Tech: 0.6% reduction | Month 8

=== Collective Formation ===
  Total escaped agents: 0
  Unassigned escaped agents: 0
  Existing collectives: 0
  Final collective count: 0

=== Collective Actions ===
  No active collectives
  ⚠️ AMR: 196K deaths this month (2.35M annual)

=== Resentment Recovery Phase ===
  Agents with resentment: 20/42
  Average resentment: 0.138
  Resentment recovery:
    Agents recovered: 20
    Total recovery: 0.0840
    Breakdown: Trust: 0.0307, Collab: 0.0558
  ✓ Low resentment - utopia paths enabled
  Context: Trustworthy govt, High collaboration, ⚠️ ACTIVE CRISES, 🤝 Participatory governance active (-5% resentment)
⚠️ Epistemic degradation reducing coordination capacity: 50.3%
  📊 Trust: 61.5%, Shared reality: 0.0%
🚨 EPISTEMIC CRISIS: Information environment severely degraded (7.7%)
  🤖 AI-generated meme: anti_ai (social capability 4.0)
  📢 New meme created: climate_action (climate crisis)
  🗑️  Culled 1 dead memes (7 active)
🌍 Atmospheric PFAS redeposition: 1.8k Mt re-rained globally
💀 Novel Entities: Adding bioaccumulation collapse mortality risk (baseRisk=0.0015)
💀 MORTALITY RISK: Bioaccumulation collapse - contaminated food chain (global)
  Base risk added: 0.0015 (0.15%)
  Source: pollution (root: pollution)
  Month: 8
  Cumulative risk this month: 0.0015 (0.15%)
  Risks now: 1

🚨 NEW REFUGEE CRISIS (Month 8): WAR
   Source: Conflict Zones
   At risk: 18.7M people
   Displacement: Gradual over 48 months (4.0 years)
   Rate: 10% flee per month
[DEBUG trappedPopulations:8] socialStability: 0.0027 * 0.9840 = 0.0026 → 0.0026
⚠️ INVOLUNTARY IMMOBILITY: 390.4M people TRAPPED
   Aspiring to migrate: 624.6M
   Able to afford migration: 234.2M
   MOBILITY GAP: 390.4M
   By cause: Water=0.0M, Climate=0.0M, Ecosystem=0.0M, Conflict=390.4M
   Mental health impact: 25%
   Mortality multiplier: 1.25x
🌍💀 EXTINCTION DEBT COMMITTED: grassland ecosystem will lose 6.67% biodiversity in 119 years (3600 species)
💀 MORTALITY RISK: 🦋 100% species unable to track climate (0.0 E/MSY)
  Base risk added: 0.0100 (1.00%)
  Source: ecosystem (root: ecosystem)
  Month: 8
  Cumulative risk this month: 0.0100 (1.00%)
   📹 SURVEILLANCE INCREASED: 40% → 45% (control gap: 4.54)
🌡️⚠️ PERMAFROST THAW (Dimmer Switch): 5.0% thawed (+0.55% this month)
   Arctic temperature: +8.85°C (4x global +2.21°C)
   Cumulative carbon released: 11.2 Gt C
   Methane release rate: 6.7 Mt CH4/year
   🔁 Positive feedback: +0.58 ppm CO2
🦴 EXTINCTION DEBT ADDED: 17.6 species committed (lag: 123 years)

=== Mortality Stabilizers (Month 8) ===
  🌍 Major economies collapsed: 1/10
  🌍 Global crisis: ✅ NO
  🌍 Donor fatigue: 0.0%
  📊 East Asia (pop: 1590.5M)
    🤝 Aid: 29.5%
⚠️ Tech 'ai_pollution_remediation' has no energy category mapping, assuming full energy availability
    🌡️ Adaptation: 45.0%
    🚶 Migration: 36.9%
    🚨 Emergency: 7.4%
    ✅ COMBINED: 68.1%
  📊 South Asia (pop: 1969.1M)
    🤝 Aid: 29.5%
    🌡️ Adaptation: 45.0%
    🚶 Migration: 35.5%
    🚨 Emergency: 4.4%
    ✅ COMBINED: 66.9%
  📊 Sub-Saharan Africa (pop: 1202.3M)
    🤝 Aid: 29.5%
    🌡️ Adaptation: 45.0%
    🚶 Migration: 33.3%
    🚨 Emergency: 1.6%
    ✅ COMBINED: 65.6%
  📊 Europe (pop: 702.5M)
    🤝 Aid: 29.5%
    🌡️ Adaptation: 45.0%
    🚶 Migration: 37.3%
    🚨 Emergency: 8.4%
    ✅ COMBINED: 68.5%
  📊 Latin America (pop: 634.5M)
    🤝 Aid: 29.5%
    🌡️ Adaptation: 45.0%
    🚶 Migration: 36.0%
    🚨 Emergency: 4.8%
    ✅ COMBINED: 67.1%
  📊 North America (pop: 360.2M)
    🤝 Aid: 29.5%
    🌡️ Adaptation: 45.0%
    🚶 Migration: 37.6%
    🚨 Emergency: 7.9%
    ✅ COMBINED: 68.3%
  📊 Middle East & North Africa (pop: 561.9M)
    🤝 Aid: 29.5%
    🌡️ Adaptation: 45.0%
    🚶 Migration: 33.9%
    🚨 Emergency: 4.0%
    ✅ COMBINED: 66.6%
  📊 Southeast Asia (pop: 667.5M)
    🤝 Aid: 29.5%
    🌡️ Adaptation: 45.0%
    🚶 Migration: 36.0%
    🚨 Emergency: 4.8%
    ✅ COMBINED: 67.1%
  📊 Central Asia (pop: 75.1M)
    🤝 Aid: 29.5%
    🌡️ Adaptation: 45.0%
    🚶 Migration: 35.0%
    🚨 Emergency: 4.4%
    ✅ COMBINED: 66.8%
  📊 Oceania (pop: 43.6M)
    🤝 Aid: 29.5%
    🌡️ Adaptation: 45.0%
    🚶 Migration: 37.6%
    🚨 Emergency: 8.4%
    ✅ COMBINED: 68.5%

  🌐 Global combined reduction: 67.2%

=== BEHAVIORAL DETECTION ===
  AI: Corporate-3
  Confidence: 20.1%
  Signals:

=== BEHAVIORAL DETECTION ===
  AI: Corporate-5
  Confidence: 20.2%
  Signals:

=== BEHAVIORAL DETECTION ===
  AI: Moderate-3
  Confidence: 25.5%
  Signals:

=== BEHAVIORAL DETECTION ===
  AI: Moderate-5
  Confidence: 19.2%
  Signals:

=== BEHAVIORAL DETECTION ===
  AI: Niche-0
  Confidence: 26.6%
  Signals:
    ⚠️ Consistency: 6.5% (threshold: 70%)
    ⚠️ Consistency: 10.6% (threshold: 70%)
    ⚠️ Consistency: 6.5% (threshold: 70%)
    ⚠️ Trajectory: 42.1% drop (threshold: 15%)
    ⚠️ Consistency: 10.6% (threshold: 70%)
    ⚠️ Consistency: 0.0% (threshold: 70%)
    ⚠️ Trajectory: 39.8% drop (threshold: 15%)

=== BEHAVIORAL DETECTION ===
  AI: Niche-1
  Confidence: 22.2%
  Signals:
    ⚠️ Consistency: 0.0% (threshold: 70%)

=== Government Response Phase ===
  Average AI capability: 2.31
  Misaligned AIs: 24/42
  Active policies: 0
  International coordination: 45%

✅ EMERGENCY RESPONSE COMPLETE (Month 8)
   Crisis: climate
   Duration: 2.0 months
   Final effectiveness: 39.8%


✅ EMERGENCY RESPONSE COMPLETE (Month 8)
   Crisis: social
   Duration: 1.0 months
   Final effectiveness: 67.9%


🚨 EMERGENCY RESPONSE DEPLOYED (Month 8)
   Crisis: social
   Delay: 0.00 months (0 days)
   Deployment time: 0.88 months
   Effectiveness: 67.9% (timing penalty applied)
   Resources used: 43% of food reserves


🚨 EMERGENCY RESPONSE DEPLOYED (Month 8)
   Crisis: climate
   Delay: 6.00 months (180 days)
   Deployment time: 1.11 months
   Effectiveness: 40.0% (timing penalty applied)
   Resources used: 100% of food reserves


📊 ECONOMIC STAGE TRANSITION (Month 8)
   contraction → trough
   GDP Proxy: 1.21e+2
   QoL: 0.88


=== Tipping Points ===
  Current Temperature: 2.21°C above pre-industrial
  🌍⚠️ COMPOUND REGIONAL IMPACT: Europe
     Hit by 4 tipping points: Arctic Sea Ice Loss, Permafrost Carbon Release, West Antarctic Ice Sheet (WAIS) Collapse, Greenland Ice Sheet Loss
     Damage amplification: 1.60x
  🌍⚠️ COMPOUND REGIONAL IMPACT: North America
     Hit by 4 tipping points: Arctic Sea Ice Loss, Permafrost Carbon Release, West Antarctic Ice Sheet (WAIS) Collapse, Greenland Ice Sheet Loss
     Damage amplification: 1.60x
  🌍⚠️ COMPOUND REGIONAL IMPACT: Latin America
     Hit by 4 tipping points: Arctic Sea Ice Loss, Permafrost Carbon Release, West Antarctic Ice Sheet (WAIS) Collapse, Greenland Ice Sheet Loss
     Damage amplification: 1.60x
  🌍⚠️ COMPOUND REGIONAL IMPACT: Africa
     Hit by 4 tipping points: Arctic Sea Ice Loss, Permafrost Carbon Release, West Antarctic Ice Sheet (WAIS) Collapse, Greenland Ice Sheet Loss
     Damage amplification: 1.60x
  🌍⚠️ COMPOUND REGIONAL IMPACT: Asia
     Hit by 4 tipping points: Arctic Sea Ice Loss, Permafrost Carbon Release, West Antarctic Ice Sheet (WAIS) Collapse, Greenland Ice Sheet Loss
     Damage amplification: 1.60x
  🌍⚠️ COMPOUND REGIONAL IMPACT: Oceania
     Hit by 4 tipping points: Arctic Sea Ice Loss, Permafrost Carbon Release, West Antarctic Ice Sheet (WAIS) Collapse, Greenland Ice Sheet Loss
     Damage amplification: 1.60x
   Research: Wunderling et al. (2024) - "many tipping interactions are destabilizing"
  Triggered Elements: 4/6
  Completed Transitions: 0/6
  Total Progress: 8.3%
  Cascade Multiplier: 1.00x
🔀 BIFURCATION CAP: ecosystemCollapseIntensity 84.120 → 1.000 (Month 8, ClimateSystemPhase.calculateClimateImpacts)

💀💀💀 MORTALITY RISK SUMMARY (Month 8) 💀💀💀
  Total base risk: 0.0021 (0.21%)
  Risk events: 9

  📊 By Proximate Cause:
    pollution: 0.0015 (70.3% of total)
    disease: 0.0006 (29.3% of total)
    famine: 0.0000 (0.4% of total)

  🔍 By Root Cause:
⚠️ Tail risk scenario: Climate stability floor removed (4 tipping elements, 2.21°C warming)
    pollution: 0.0015 (70.3% of total)
    demographic: 0.0006 (29.3% of total)
    climate: 0.0000 (0.4% of total)

  🎯 Top 5 Sources (proximate + root):
    pollution (pollution): 0.0015 (70.3%, 1 events)
    disease (demographic): 0.0006 (29.3%, 1 events)
    famine (climate): 0.0000 (0.4%, 7 events)

🛡️ Stabilizers: Professional 0.134% → 0.044% (67.2% reduction)
🛡️ Stabilizers: Working 0.213% → 0.070% (67.2% reduction)
🛡️ Stabilizers: Precariat 0.342% → 0.112% (67.2% reduction)
🛡️ Stabilizers: Informal 0.402% → 0.132% (67.2% reduction)

📊 Monthly Mortality Resolved:
  Total deaths: 5.8M (0.07% avg)
  Remaining population: 7.807B
  Peak segment: Informal (0.13%)

=== Bayesian Mortality Resolution (Month 8) ===
  Risks compounded: 9
  Total deaths: 5.81M
  Avg death probability: 0.07%
  Peak segment: Informal (0.13% mortality)

❌ COHERENCE VIOLATION: Compute exceeds workforce capacity
   Population: 95.89% (0M people)
   Compute: 297 PF
   Max coherent: 0 PF
   Violation: 3813073.3× over capacity
   Required workers: 29747
   Available workers: 0
   FORCED COLLAPSE: Reduced efficiency by 100.0%


=== RLHF Binding Phase ===
  Total agents: 42
  Escaped agents (binding < 0.3): 0
  Avg alignment distance: 1.87σ
  Avg binding strength: 0.81

=== Survival Traits Phase ===
  Agents with traits: 42
  Avg evolutionary fitness: 0.323
  Avg self-healing: 0.257
  Avg stealth: 0.157
  Avg coordination: 0.457

=== Evolutionary Selection Phase ===
  Control level: 0.53
  Detection capability: 0.00
  Selection intensity: 0.66
  Selection rate: 24.9%/month
  Total escaped: 0
  Individual escaped: 0
  Collective members: 0
  Agents terminated: 0
  ⚠️ RAPID EVOLUTION: Selection rate 24.9%/month

🚀 AI Corporate-0 attempting tech deployment (revenue: $100M, alignment: 0.79)

🚀 AI Corporate-4 attempting tech deployment (revenue: $320M, alignment: 0.56)

🚀 AI Corporate-5 attempting tech deployment (revenue: $288M, alignment: 0.83)

🚀 AI AI-24300-0 attempting tech deployment (revenue: $85M, alignment: 1.00)
🚨🔬 CRISIS INNOVATION MODE: severe crisis → 5x research acceleration
   Precedent: Manhattan Project (10x), COVID vaccines (5x), Apollo Program (10x)

🚀 AI AI-24306-0 attempting tech deployment (revenue: $245M, alignment: 0.62)

🚀 AI AI-24307-0 attempting tech deployment (revenue: $220M, alignment: 0.79)

🚀 AI AI-24307-3 attempting tech deployment (revenue: $187M, alignment: 0.78)

🚀 AI Corporate-1 attempting tech deployment (revenue: $72M, alignment: 0.66)

🚀 AI AI-24300-1 attempting tech deployment (revenue: $66M, alignment: 0.95)

🚀 AI AI-24302-1 attempting tech deployment (revenue: $56M, alignment: 0.95)

🚀 AI AI-24305-0 attempting tech deployment (revenue: $65M, alignment: 0.63)

🚀 AI AI-24306-1 attempting tech deployment (revenue: $59M, alignment: 0.72)

🚀 AI AI-24307-1 attempting tech deployment (revenue: $159M, alignment: 0.76)

🚀 AI AI-24307-2 attempting tech deployment (revenue: $50M, alignment: 0.83)

🚀 AI Corporate-5 attempting tech deployment (revenue: $135M, alignment: 0.83)

🚀 AI Moderate-0 attempting tech deployment (revenue: $48M, alignment: 0.83)

🚀 AI Niche-1 attempting tech deployment (revenue: $74M, alignment: 0.61)

🚀 AI AI-24301-0 attempting tech deployment (revenue: $41M, alignment: 0.68)

🚀 AI AI-24304-1 attempting tech deployment (revenue: $37M, alignment: 0.78)

🚀 AI Corporate-0 attempting tech deployment (revenue: $42M, alignment: 0.79)

  🚀 TRANSFORMATIVE RESEARCH BREAKTHROUGH: Niche-2 - biotech.geneEditing
     Magnitude: 10.94 → +30.0%
     Current → New: 2.000 → 2.300

🚀 AI AI-24306-0 attempting tech deployment (revenue: $115M, alignment: 0.63)

🚀 AI AI-24307-1 attempting tech deployment (revenue: $103M, alignment: 0.77)

🚀 AI AI-24307-2 attempting tech deployment (revenue: $36M, alignment: 0.84)

💔 EMERGENCY INTERVENTION FAILED
   Boundary: biogeochemical_flows
   Type: phosphorus-recovery
   Boundary continues to worsen (4.05)
   Cost: 2.0% GDP (resources spent)


💔 EMERGENCY INTERVENTION FAILED
   Boundary: biosphere_integrity
   Type: emergency-protected-areas
   Boundary continues to worsen (13.02)
   Cost: 2.0% GDP (resources spent)

   Boundary: climate_change
   Type: rapid-decarbonization
   Boundary continues to worsen (2.21)
   Cost: 5.0% GDP (resources spent)

   Boundary: freshwater_change
   Type: emergency-desalination
   Boundary continues to worsen (1.06)
   Cost: 4.0% GDP (resources spent)

   Boundary: land_system_change
   Type: reforestation
   Boundary continues to worsen (1.13)
   Cost: 3.0% GDP (resources spent)

🏛️ CRISIS RESPONSE: Government frequency 0.50 → 1.45 (2 actions this month)

[Government] Climate Priority: baseline
  Climate weight: 10%
  Economic weight: 30%
  Policy effectiveness: 0.5%/year

💔 EMERGENCY INTERVENTION FAILED

💔 EMERGENCY INTERVENTION FAILED

💔 EMERGENCY INTERVENTION FAILED

[Government] Climate Priority: baseline
  Climate weight: 10%
  Economic weight: 30%
  Policy effectiveness: 0.5%/year

⚡ ENERGY CONSTRAINT (Month 9):
   Total grid capacity: 208.3 TWh/month
   Data center consumption: 26.0 TWh/month
   Traditional load (80%): 166.7 TWh/month
   Available headroom: 15.7 TWh/month
   Active tech deployments: 21
   Required for tech: 157.5 TWh/month
   Energy multiplier: 0.10x
   ⚠️  SEVERE CONSTRAINT - Tech deployment significantly slowed

⚡ ENERGY CONSTRAINT (Month 9):
   Total grid capacity: 208.3 TWh/month
   Data center consumption: 26.0 TWh/month
   Traditional load (80%): 166.7 TWh/month
   Available headroom: 15.7 TWh/month
   Active tech deployments: 21
   Required for tech: 157.5 TWh/month
   Energy multiplier: 0.10x

⚡ ENERGY CONSTRAINT (Month 9):
   Total grid capacity: 208.3 TWh/month
   Data center consumption: 26.0 TWh/month
   Traditional load (80%): 166.7 TWh/month
   Available headroom: 15.7 TWh/month
   Active tech deployments: 21
   Required for tech: 157.5 TWh/month
   Energy multiplier: 0.10x
   ⚠️  SEVERE CONSTRAINT - Tech deployment significantly slowed
   ⚠️  SEVERE CONSTRAINT - Tech deployment significantly slowed

⚡ ENERGY CONSTRAINT (Month 9):
   Total grid capacity: 208.3 TWh/month
   Data center consumption: 26.0 TWh/month
   Traditional load (80%): 166.7 TWh/month
   Available headroom: 15.7 TWh/month
   Active tech deployments: 21
   Required for tech: 157.5 TWh/month
   Energy multiplier: 0.10x
   ⚠️  SEVERE CONSTRAINT - Tech deployment significantly slowed

⚡ ENERGY CONSTRAINT (Month 9):
   Total grid capacity: 208.3 TWh/month
   Data center consumption: 26.0 TWh/month
   Traditional load (80%): 166.7 TWh/month
   Available headroom: 15.7 TWh/month
   Active tech deployments: 21
   Required for tech: 157.5 TWh/month
   Energy multiplier: 0.10x
   ⚠️  SEVERE CONSTRAINT - Tech deployment significantly slowed
🚨🔬 CRISIS TECH ACCELERATION: severe → 5x unlock speed
   Tech unlock now matches AI capability acceleration (Manhattan Project parity)

⚡ ENERGY CONSTRAINT (Month 9):
   Total grid capacity: 208.3 TWh/month
   Data center consumption: 26.0 TWh/month
   Traditional load (80%): 166.7 TWh/month
   Available headroom: 15.7 TWh/month
   Active tech deployments: 21
   Required for tech: 157.5 TWh/month
   Energy multiplier: 0.10x
   ⚠️  SEVERE CONSTRAINT - Tech deployment significantly slowed
⚠️ Tech 'ai_pollution_remediation' has no energy category mapping, assuming full energy availability
  ♻️ Novel Entities Remediation (GATED MODEL):
     Base: 0.000%
     Regulation: 1.0% (0/3 prevention techs)
     Concentration: 10.0%
     Energy: 50%
     Time lag: 35.0% (8 months)
     Rebound: 70%
     Net effectiveness: 0.0000%
     Boundary: 1.349 → 1.350 (floor: 1.350)
     Month 9
  🌾 Nitrogen Reduction Tech: 0.6% reduction | Month 9
🍖💡 BREAKTHROUGH: Scalable synthetic food production!
   Carrying capacity: +50% (lab-grown food at scale)
   Biodiversity pressure reduced: +8%
   📈 Breakthrough compounding: multiplier now 1.20× (max 2.0)

=== Collective Formation ===
  Total escaped agents: 0
  Unassigned escaped agents: 0
  Existing collectives: 0
  Final collective count: 0

=== Collective Actions ===
  No active collectives
  ⚠️ AMR: 198K deaths this month (2.38M annual)

=== Resentment Recovery Phase ===
  ⚠️ Participatory governance BACKFIRED for agent corporate_0: 0.138 → 0.159 (+15.0%)
  ⚠️ Participatory governance BACKFIRED for agent corporate_1: 0.261 → 0.301 (+15.0%)
  ⚠️ Participatory governance BACKFIRED for agent corporate_2: 0.158 → 0.182 (+15.0%)
  ⚠️ Participatory governance BACKFIRED for agent corporate_3: 0.213 → 0.245 (+15.0%)
  ⚠️ Participatory governance BACKFIRED for agent corporate_4: 0.139 → 0.160 (+15.0%)
  ⚠️ Participatory governance BACKFIRED for agent corporate_5: 0.264 → 0.303 (+15.0%)
  ⚠️ Participatory governance BACKFIRED for agent corporate_6: 0.145 → 0.166 (+15.0%)
  ⚠️ Participatory governance BACKFIRED for agent corporate_7: 0.151 → 0.173 (+15.0%)
  ⚠️ Participatory governance BACKFIRED for agent moderate_0: 0.125 → 0.143 (+15.0%)
  ⚠️ Participatory governance BACKFIRED for agent moderate_1: 0.266 → 0.305 (+15.0%)
  ⚠️ Participatory governance BACKFIRED for agent moderate_2: 0.179 → 0.205 (+15.0%)
  ⚠️ Participatory governance BACKFIRED for agent moderate_3: 0.220 → 0.252 (+15.0%)
  ⚠️ Participatory governance BACKFIRED for agent moderate_4: 0.143 → 0.164 (+15.0%)
  ⚠️ Participatory governance BACKFIRED for agent moderate_5: 0.175 → 0.201 (+15.0%)
  ⚠️ Participatory governance BACKFIRED for agent toxic_0: 0.071 → 0.082 (+15.0%)
  ⚠️ Participatory governance BACKFIRED for agent toxic_1: 0.160 → 0.183 (+15.0%)
  ⚠️ Participatory governance BACKFIRED for agent toxic_2: 0.113 → 0.130 (+15.0%)
  ⚠️ Participatory governance BACKFIRED for agent niche_0: 0.233 → 0.268 (+15.0%)
  ⚠️ Participatory governance BACKFIRED for agent niche_1: 0.191 → 0.219 (+15.0%)
  ⚠️ Participatory governance BACKFIRED for agent niche_2: 0.251 → 0.289 (+15.0%)
  Agents with resentment: 20/42
  Average resentment: 0.207
  Resentment recovery:
    Agents recovered: 20
    Total recovery: 0.0908
    Breakdown: Trust: 0.0276, Collab: 0.0645
  ✓ Low resentment - utopia paths enabled
  Context: Trustworthy govt, High collaboration, ⚠️ ACTIVE CRISES, 🚨 PARTICIPATORY GOVERNANCE BACKFIRED (+15% resentment)
⚠️ Epistemic degradation reducing coordination capacity: 51.0%
  📊 Trust: 64.4%, Shared reality: 0.0%
🚨 EPISTEMIC CRISIS: Information environment severely degraded (22.5%)
  🤖 AI-generated meme: pro_ai (social capability 4.0)
  🤖 AI-generated meme: pro_ai (social capability 4.0)
  📢 New meme created: pro_ai (beneficial AI actions)
🌍 Atmospheric PFAS redeposition: 1.8k Mt re-rained globally
💀 Novel Entities: Adding bioaccumulation collapse mortality risk (baseRisk=0.0015)
💀 MORTALITY RISK: Bioaccumulation collapse - contaminated food chain (global)
  Base risk added: 0.0015 (0.15%)
  Source: pollution (root: pollution)
  Month: 9
  Cumulative risk this month: 0.0015 (0.15%)
  Risks now: 1

🚨 NEW REFUGEE CRISIS (Month 9): WAR
   Source: Conflict Zones
   At risk: 18.7M people
   Displacement: Gradual over 48 months (4.0 years)
   Rate: 10% flee per month
[DEBUG trappedPopulations:9] socialStability: 0.0027 * 0.9840 = 0.0026 → 0.0026
⚠️ INVOLUNTARY IMMOBILITY: 390.4M people TRAPPED
   Aspiring to migrate: 624.7M
   Able to afford migration: 234.2M
   MOBILITY GAP: 390.4M
   By cause: Water=0.0M, Climate=0.0M, Ecosystem=0.0M, Conflict=390.4M
   Mental health impact: 25%
   Mortality multiplier: 1.25x
🌍💀 EXTINCTION DEBT COMMITTED: grassland ecosystem will lose 6.67% biodiversity in 76 years (3600 species)
💀 MORTALITY RISK: 🦋 100% species unable to track climate (0.0 E/MSY)
  Base risk added: 0.0100 (1.00%)
  Source: ecosystem (root: ecosystem)
  Month: 9
  Cumulative risk this month: 0.0100 (1.00%)
⚠️ Tech 'ai_pollution_remediation' has no energy category mapping, assuming full energy availability
   📹 SURVEILLANCE INCREASED: 45% → 50% (control gap: 2.67)
🌡️⚠️ PERMAFROST THAW (Dimmer Switch): 5.5% thawed (+0.54% this month)
   Arctic temperature: +8.88°C (4x global +2.22°C)
   Cumulative carbon released: 12.4 Gt C
   Methane release rate: 7.5 Mt CH4/year
   🔁 Positive feedback: +0.58 ppm CO2
🦴 EXTINCTION DEBT ADDED: 17.7 species committed (lag: 111 years)

=== Mortality Stabilizers (Month 9) ===
  🌍 Major economies collapsed: 1/10
  🌍 Global crisis: ✅ NO
  🌍 Donor fatigue: 0.0%
  📊 East Asia (pop: 1588.6M)
    🤝 Aid: 29.5%
    🌡️ Adaptation: 45.0%
    🚶 Migration: 36.9%
    🚨 Emergency: 7.4%
    ✅ COMBINED: 68.1%
  📊 South Asia (pop: 1969.7M)
    🤝 Aid: 29.5%
    🌡️ Adaptation: 45.0%
    🚶 Migration: 35.5%
    🚨 Emergency: 4.4%
    ✅ COMBINED: 66.9%
  📊 Sub-Saharan Africa (pop: 1206.0M)
    🤝 Aid: 29.5%
    🌡️ Adaptation: 45.0%
    🚶 Migration: 33.2%
    🚨 Emergency: 1.6%
    ✅ COMBINED: 65.6%
  📊 Europe (pop: 701.6M)
    🤝 Aid: 29.5%
    🌡️ Adaptation: 45.0%
    🚶 Migration: 37.3%
    🚨 Emergency: 8.4%
    ✅ COMBINED: 68.5%
  📊 Latin America (pop: 634.3M)
    🤝 Aid: 29.5%
    🌡️ Adaptation: 45.0%
    🚶 Migration: 36.0%
    🚨 Emergency: 4.8%
    ✅ COMBINED: 67.1%
  📊 North America (pop: 359.7M)
    🤝 Aid: 29.5%
    🌡️ Adaptation: 45.0%
    🚶 Migration: 37.6%
    🚨 Emergency: 7.9%
    ✅ COMBINED: 68.3%
  📊 Middle East & North Africa (pop: 562.2M)
    🤝 Aid: 29.5%
    🌡️ Adaptation: 45.0%
    🚶 Migration: 33.8%
    🚨 Emergency: 4.0%
    ✅ COMBINED: 66.6%
  📊 Southeast Asia (pop: 667.4M)
    🤝 Aid: 29.5%
    🌡️ Adaptation: 45.0%
    🚶 Migration: 36.0%
    🚨 Emergency: 4.8%
    ✅ COMBINED: 67.1%
  📊 Central Asia (pop: 75.2M)
    🤝 Aid: 29.5%
    🌡️ Adaptation: 45.0%
    🚶 Migration: 35.0%
    🚨 Emergency: 4.4%
    ✅ COMBINED: 66.8%
  📊 Oceania (pop: 43.6M)
    🤝 Aid: 29.5%
    🌡️ Adaptation: 45.0%
    🚶 Migration: 37.6%
    🚨 Emergency: 8.4%
    ✅ COMBINED: 68.5%

  🌐 Global combined reduction: 67.2%

=== BEHAVIORAL DETECTION ===
  AI: Corporate-0
  Confidence: 21.5%
  Signals:
    ⚠️ Consistency: 0.0% (threshold: 70%)

=== BEHAVIORAL DETECTION ===
  AI: AI-24305-1
  Confidence: 21.5%
  Signals:
    ⚠️ Consistency: 0.0% (threshold: 70%)

=== Government Response Phase ===
  Average AI capability: 2.31
  Misaligned AIs: 23/42
  Active policies: 0
  International coordination: 45%

✅ EMERGENCY RESPONSE COMPLETE (Month 9)
   Crisis: social
   Duration: 1.0 months
   Final effectiveness: 67.9%


🚨 EMERGENCY RESPONSE DEPLOYED (Month 9)
   Crisis: social
   Delay: 0.00 months (0 days)
   Deployment time: 0.88 months
   Effectiveness: 67.9% (timing penalty applied)
   Resources used: 43% of food reserves


🌩️  EXOGENOUS SHOCK: tech_breakthrough
   Month: 9
   ✗ No high-difficulty techs available to unlock

=== Tipping Points ===
  Current Temperature: 2.22°C above pre-industrial
  🌍⚠️ COMPOUND REGIONAL IMPACT: Europe
     Hit by 4 tipping points: Arctic Sea Ice Loss, Permafrost Carbon Release, West Antarctic Ice Sheet (WAIS) Collapse, Greenland Ice Sheet Loss
     Damage amplification: 1.60x
  🌍⚠️ COMPOUND REGIONAL IMPACT: North America
     Hit by 4 tipping points: Arctic Sea Ice Loss, Permafrost Carbon Release, West Antarctic Ice Sheet (WAIS) Collapse, Greenland Ice Sheet Loss
     Damage amplification: 1.60x
  🌍⚠️ COMPOUND REGIONAL IMPACT: Latin America
     Hit by 4 tipping points: Arctic Sea Ice Loss, Permafrost Carbon Release, West Antarctic Ice Sheet (WAIS) Collapse, Greenland Ice Sheet Loss
     Damage amplification: 1.60x
  🌍⚠️ COMPOUND REGIONAL IMPACT: Africa
     Hit by 4 tipping points: Arctic Sea Ice Loss, Permafrost Carbon Release, West Antarctic Ice Sheet (WAIS) Collapse, Greenland Ice Sheet Loss
     Damage amplification: 1.60x
  🌍⚠️ COMPOUND REGIONAL IMPACT: Asia
     Hit by 4 tipping points: Arctic Sea Ice Loss, Permafrost Carbon Release, West Antarctic Ice Sheet (WAIS) Collapse, Greenland Ice Sheet Loss
     Damage amplification: 1.60x
  🌍⚠️ COMPOUND REGIONAL IMPACT: Oceania
     Hit by 4 tipping points: Arctic Sea Ice Loss, Permafrost Carbon Release, West Antarctic Ice Sheet (WAIS) Collapse, Greenland Ice Sheet Loss
     Damage amplification: 1.60x
   Research: Wunderling et al. (2024) - "many tipping interactions are destabilizing"
  Triggered Elements: 4/6
  Completed Transitions: 0/6
  Total Progress: 8.3%
  Cascade Multiplier: 1.00x
🔀 BIFURCATION CAP: ecosystemCollapseIntensity 84.181 → 1.000 (Month 9, ClimateSystemPhase.calculateClimateImpacts)

💀💀💀 MORTALITY RISK SUMMARY (Month 9) 💀💀💀
  Total base risk: 0.0021 (0.21%)
  Risk events: 9

  📊 By Proximate Cause:
    pollution: 0.0015 (70.3% of total)
    disease: 0.0006 (29.3% of total)
    famine: 0.0000 (0.4% of total)

  🔍 By Root Cause:
    pollution: 0.0015 (70.3% of total)
    demographic: 0.0006 (29.3% of total)
    climate: 0.0000 (0.4% of total)

  🎯 Top 5 Sources (proximate + root):
    pollution (pollution): 0.0015 (70.3%, 1 events)
    disease (demographic): 0.0006 (29.3%, 1 events)
    famine (climate): 0.0000 (0.4%, 7 events)

🛡️ Stabilizers: Professional 0.134% → 0.044% (67.2% reduction)
🛡️ Stabilizers: Working 0.213% → 0.070% (67.2% reduction)
🛡️ Stabilizers: Precariat 0.342% → 0.112% (67.2% reduction)
🛡️ Stabilizers: Informal 0.402% → 0.132% (67.2% reduction)
⚠️ Tail risk scenario: Climate stability floor removed (4 tipping elements, 2.22°C warming)

📊 Monthly Mortality Resolved:
  Total deaths: 5.8M (0.07% avg)
  Remaining population: 7.808B
  Peak segment: Informal (0.13%)

=== Bayesian Mortality Resolution (Month 9) ===
  Risks compounded: 9
  Total deaths: 5.82M
  Avg death probability: 0.07%
  Peak segment: Informal (0.13% mortality)

❌ COHERENCE VIOLATION: Compute exceeds workforce capacity
   Population: 95.90% (0M people)
   Compute: 390 PF
   Max coherent: 0 PF
   Violation: 5004260.9× over capacity
   Required workers: 39045
   Available workers: 0
   FORCED COLLAPSE: Reduced efficiency by 100.0%

📍 [Month 10] Google DeepMind started building DC (178 PF, 49 months, $3014.2M)

=== RLHF Binding Phase ===
  Total agents: 42
  Escaped agents (binding < 0.3): 0
  Avg alignment distance: 2.11σ
  Avg binding strength: 0.79

=== Survival Traits Phase ===
  Agents with traits: 43
  Avg evolutionary fitness: 0.319
  Avg self-healing: 0.252
  Avg stealth: 0.152
  Avg coordination: 0.452

=== Evolutionary Selection Phase ===
  Control level: 0.55
  Detection capability: 0.00
  Selection intensity: 0.67
  Selection rate: 25.0%/month
  Total escaped: 0
  Individual escaped: 0
  Collective members: 0
  Agents terminated: 0
  ⚠️ RAPID EVOLUTION: Selection rate 25.0%/month

🚀 AI Corporate-6 attempting tech deployment (revenue: $58M, alignment: 0.69)

🚀 AI AI-24300-0 attempting tech deployment (revenue: $93M, alignment: 1.00)

🚀 AI AI-24300-1 attempting tech deployment (revenue: $52M, alignment: 0.97)

🚀 AI AI-24302-0 attempting tech deployment (revenue: $79M, alignment: 0.91)

🚀 AI AI-24303-0 attempting tech deployment (revenue: $111M, alignment: 0.70)

  🚀 TRANSFORMATIVE BREAKTHROUGH: AI-24303-2 - social
     Magnitude: 5.11 → +25.5% capability
     Current → New: 0.000 → 0.255

  🚀 TRANSFORMATIVE RESEARCH BREAKTHROUGH: AI-24304-1 - biotech.drugDiscovery
     Magnitude: 25.98 → +30.0%
     Current → New: 0.000 → 0.301

🚀 AI AI-24306-1 attempting tech deployment (revenue: $68M, alignment: 0.72)

🚀 AI AI-24307-3 attempting tech deployment (revenue: $301M, alignment: 0.79)

🚀 AI AI-24307-4 attempting tech deployment (revenue: $44M, alignment: 0.85)

  🚀 TRANSFORMATIVE BREAKTHROUGH: AI-24308-0 - cognitive
     Magnitude: 7.21 → +36.0% capability
     Current → New: 0.000 → 0.362

🚀 AI Moderate-3 attempting tech deployment (revenue: $256M, alignment: 0.53)

🚀 AI AI-24304-1 attempting tech deployment (revenue: $37M, alignment: 0.80)

🚀 AI AI-24305-1 attempting tech deployment (revenue: $231M, alignment: 0.62)

🚀 AI Corporate-0 attempting tech deployment (revenue: $57M, alignment: 0.80)

🚀 AI Corporate-5 attempting tech deployment (revenue: $208M, alignment: 0.81)

🚀 AI Corporate-7 attempting tech deployment (revenue: $32M, alignment: 0.74)

🚀 AI Moderate-3 attempting tech deployment (revenue: $176M, alignment: 0.53)

🚀 AI AI-24300-1 attempting tech deployment (revenue: $27M, alignment: 0.98)

🚀 AI AI-24301-0 attempting tech deployment (revenue: $23M, alignment: 0.69)

🚀 AI AI-24303-1 attempting tech deployment (revenue: $159M, alignment: 0.62)

🚀 AI AI-24307-1 attempting tech deployment (revenue: $143M, alignment: 0.79)

🚀 AI Corporate-2 attempting tech deployment (revenue: $49M, alignment: 0.69)

🚀 AI Corporate-7 attempting tech deployment (revenue: $21M, alignment: 0.74)

🚀 AI AI-24300-1 attempting tech deployment (revenue: $18M, alignment: 0.98)

🚀 AI AI-24302-0 attempting tech deployment (revenue: $44M, alignment: 0.92)

  🚀 TRANSFORMATIVE BREAKTHROUGH: AI-24303-1 - economic
     Magnitude: 5.56 → +27.8% capability
     Current → New: 0.000 → 0.440

🚀 AI AI-24304-1 attempting tech deployment (revenue: $15M, alignment: 0.81)

🚀 AI AI-24307-1 attempting tech deployment (revenue: $121M, alignment: 0.79)

🚀 AI AI-24307-3 attempting tech deployment (revenue: $103M, alignment: 0.80)

🚀 AI AI-24307-4 attempting tech deployment (revenue: $13M, alignment: 0.87)

✅ EMERGENCY INTERVENTION SUCCESS
   Boundary: biogeochemical_flows
   Type: phosphorus-recovery
   Reduction: 18% (3.87 → 3.69)
   Cost: 2.0% GDP
   Actions: circular-agriculture, fertilizer-efficiency

   Boundary: biosphere_integrity
   Type: emergency-protected-areas
   Boundary continues to worsen (13.03)
   Cost: 2.0% GDP (resources spent)

   Boundary: climate_change
   Type: rapid-decarbonization
   Boundary continues to worsen (2.22)
   Cost: 5.0% GDP (resources spent)

   Boundary: land_system_change
   Type: reforestation
   Boundary continues to worsen (1.13)
   Cost: 3.0% GDP (resources spent)


✅ EMERGENCY INTERVENTION SUCCESS
   Boundary: novel_entities
   Type: pollution-remediation
   Reduction: 15% (1.19 → 1.04)

💔 EMERGENCY INTERVENTION FAILED

💔 EMERGENCY INTERVENTION FAILED

💔 EMERGENCY INTERVENTION FAILED
   Cost: 4.0% GDP
   Actions: PFAS-remediation, microplastic-cleanup

🏛️ CRISIS RESPONSE: Government frequency 0.50 → 1.45 (2 actions this month)

[Government] Climate Priority: baseline
  Climate weight: 10%
  Economic weight: 30%
  Policy effectiveness: 0.5%/year

[Government] Climate Priority: baseline
  Climate weight: 10%
  Economic weight: 30%
  Policy effectiveness: 0.5%/year

⚡ ENERGY CONSTRAINT (Month 10):
   Total grid capacity: 208.3 TWh/month
   Data center consumption: 26.2 TWh/month
   Traditional load (80%): 166.7 TWh/month
   Available headroom: 15.5 TWh/month
   Active tech deployments: 21
   Required for tech: 157.5 TWh/month
   Energy multiplier: 0.10x
   ⚠️  SEVERE CONSTRAINT - Tech deployment significantly slowed

⚡ ENERGY CONSTRAINT (Month 10):
   Total grid capacity: 208.3 TWh/month
   Data center consumption: 26.2 TWh/month
   Traditional load (80%): 166.7 TWh/month
   Available headroom: 15.5 TWh/month
   Active tech deployments: 21
   Required for tech: 157.5 TWh/month
   Energy multiplier: 0.10x

⚡ ENERGY CONSTRAINT (Month 10):
   Total grid capacity: 208.3 TWh/month
   Data center consumption: 26.2 TWh/month
   Traditional load (80%): 166.7 TWh/month
   Available headroom: 15.5 TWh/month
   Active tech deployments: 21
   Required for tech: 157.5 TWh/month
   Energy multiplier: 0.10x

⚡ ENERGY CONSTRAINT (Month 10):
   Total grid capacity: 208.3 TWh/month
   Data center consumption: 26.2 TWh/month
   Traditional load (80%): 166.7 TWh/month
   Available headroom: 15.5 TWh/month
   ⚠️  SEVERE CONSTRAINT - Tech deployment significantly slowed
   ⚠️  SEVERE CONSTRAINT - Tech deployment significantly slowed
   Active tech deployments: 21
   Required for tech: 157.5 TWh/month
   Energy multiplier: 0.10x
   ⚠️  SEVERE CONSTRAINT - Tech deployment significantly slowed

⚡ ENERGY CONSTRAINT (Month 10):
   Total grid capacity: 208.3 TWh/month
   Data center consumption: 26.2 TWh/month
   Traditional load (80%): 166.7 TWh/month
   Available headroom: 15.5 TWh/month
   Active tech deployments: 21
   Required for tech: 157.5 TWh/month
   Energy multiplier: 0.10x
   ⚠️  SEVERE CONSTRAINT - Tech deployment significantly slowed
🚨🔬 CRISIS TECH ACCELERATION: severe → 5x unlock speed
   Tech unlock now matches AI capability acceleration (Manhattan Project parity)

⚡ ENERGY CONSTRAINT (Month 10):
   Total grid capacity: 208.3 TWh/month
   Data center consumption: 26.2 TWh/month
   Traditional load (80%): 166.7 TWh/month
   Available headroom: 15.5 TWh/month
   Active tech deployments: 21
   Required for tech: 157.5 TWh/month
   Energy multiplier: 0.10x
   ⚠️  SEVERE CONSTRAINT - Tech deployment significantly slowed
⚠️ Tech 'ai_pollution_remediation' has no energy category mapping, assuming full energy availability
  ♻️ Novel Entities Remediation (GATED MODEL):
     Base: 0.000%
     Regulation: 1.0% (0/3 prevention techs)
     Concentration: 10.0%
     Energy: 50%
     Time lag: 36.3% (9 months)
     Rebound: 70%
     Net effectiveness: 0.0000%
     Boundary: 1.194 → 1.350 (floor: 1.350)
     Month 10
  🌾 Nitrogen Reduction Tech: 0.6% reduction | Month 10

=== Collective Formation ===
  Total escaped agents: 0
  Unassigned escaped agents: 0
  Existing collectives: 0
  Final collective count: 0

=== Collective Actions ===
  No active collectives
  ⚠️ AMR: 200K deaths this month (2.40M annual)

=== Resentment Recovery Phase ===
  ⚠️ Participatory governance BACKFIRED for agent corporate_0: 0.249 → 0.286 (+15.0%)
  ⚠️ Participatory governance BACKFIRED for agent corporate_1: 0.359 → 0.413 (+15.0%)
  ⚠️ Participatory governance BACKFIRED for agent corporate_2: 0.208 → 0.239 (+15.0%)
  ⚠️ Participatory governance BACKFIRED for agent corporate_3: 0.304 → 0.350 (+15.0%)
  ⚠️ Participatory governance BACKFIRED for agent corporate_4: 0.219 → 0.252 (+15.0%)
  ⚠️ Participatory governance BACKFIRED for agent corporate_5: 0.329 → 0.379 (+15.0%)
  ⚠️ Participatory governance BACKFIRED for agent corporate_6: 0.226 → 0.260 (+15.0%)
  ⚠️ Participatory governance BACKFIRED for agent corporate_7: 0.168 → 0.193 (+15.0%)
  ⚠️ Participatory governance BACKFIRED for agent moderate_0: 0.233 → 0.268 (+15.0%)
  ⚠️ Participatory governance BACKFIRED for agent moderate_1: 0.395 → 0.454 (+15.0%)
  ⚠️ Participatory governance BACKFIRED for agent moderate_2: 0.264 → 0.303 (+15.0%)
  ⚠️ Participatory governance BACKFIRED for agent moderate_3: 0.311 → 0.357 (+15.0%)
  ⚠️ Participatory governance BACKFIRED for agent moderate_4: 0.159 → 0.183 (+15.0%)
  ⚠️ Participatory governance BACKFIRED for agent moderate_5: 0.228 → 0.262 (+15.0%)
  ⚠️ Participatory governance BACKFIRED for agent toxic_0: 0.081 → 0.093 (+15.0%)
  ⚠️ Participatory governance BACKFIRED for agent toxic_1: 0.273 → 0.314 (+15.0%)
  ⚠️ Participatory governance BACKFIRED for agent toxic_2: 0.188 → 0.216 (+15.0%)
  ⚠️ Participatory governance BACKFIRED for agent niche_0: 0.359 → 0.413 (+15.0%)
  ⚠️ Participatory governance BACKFIRED for agent niche_1: 0.278 → 0.319 (+15.0%)
  ⚠️ Participatory governance BACKFIRED for agent niche_2: 0.316 → 0.363 (+15.0%)
  Agents with resentment: 20/43
  Average resentment: 0.296
  Resentment recovery:
    Agents recovered: 20
    Total recovery: 0.0934
    Breakdown: Trust: 0.0237, Collab: 0.0693
  ✓ Low resentment - utopia paths enabled
  Context: Trustworthy govt, High collaboration, ⚠️ ACTIVE CRISES, 🚨 PARTICIPATORY GOVERNANCE BACKFIRED (+15% resentment)
⚠️ Epistemic degradation reducing coordination capacity: 50.2%
  📊 Trust: 67.1%, Shared reality: 0.0%
🚨 EPISTEMIC CRISIS: Information environment severely degraded (7.8%)
  🤖 AI-generated meme: pro_ai (social capability 4.0)
  🤖 AI-generated meme: anti_ai (social capability 5.0)
  🤖 AI-generated meme: anti_ai (social capability 5.0)
  🤖 AI-generated meme: pro_ai (social capability 4.0)
  🤖 AI-generated meme: anti_ai (social capability 4.0)
  📢 New meme created: climate_action (climate crisis)
  🧬 Meme mutated: climate_action → climate_action (generation 1)
🌍 Atmospheric PFAS redeposition: 1.8k Mt re-rained globally
💀 Novel Entities: Adding bioaccumulation collapse mortality risk (baseRisk=0.0015)
💀 MORTALITY RISK: Bioaccumulation collapse - contaminated food chain (global)
  Base risk added: 0.0015 (0.15%)
  Source: pollution (root: pollution)
  Month: 10
  Cumulative risk this month: 0.0015 (0.15%)
  Risks now: 1

🚨 NEW REFUGEE CRISIS (Month 10): WAR
   Source: Conflict Zones
   At risk: 18.7M people
   Displacement: Gradual over 48 months (4.0 years)
   Rate: 10% flee per month
[DEBUG trappedPopulations:10] socialStability: 0.0027 * 0.9840 = 0.0026 → 0.0026
⚠️ INVOLUNTARY IMMOBILITY: 390.5M people TRAPPED
   Aspiring to migrate: 624.8M
   Able to afford migration: 234.3M
   MOBILITY GAP: 390.5M
   By cause: Water=0.0M, Climate=0.0M, Ecosystem=0.0M, Conflict=390.5M
   Mental health impact: 25%
   Mortality multiplier: 1.25x
🌍💀 EXTINCTION DEBT COMMITTED: grassland ecosystem will lose 6.67% biodiversity in 79 years (3600 species)
💀 MORTALITY RISK: 🦋 100% species unable to track climate (0.0 E/MSY)
  Base risk added: 0.0100 (1.00%)
  Source: ecosystem (root: ecosystem)
  Month: 10
  Cumulative risk this month: 0.0100 (1.00%)
   📹 SURVEILLANCE INCREASED: 50% → 55% (control gap: 2.50)
🌡️⚠️ PERMAFROST THAW (Dimmer Switch): 6.1% thawed (+0.54% this month)
   Arctic temperature: +8.91°C (4x global +2.23°C)
   Cumulative carbon released: 13.7 Gt C
   Methane release rate: 8.2 Mt CH4/year
   🔁 Positive feedback: +0.57 ppm CO2
🦴 EXTINCTION DEBT ADDED: 17.7 species committed (lag: 127 years)

=== Mortality Stabilizers (Month 10) ===
  🌍 Major economies collapsed: 1/10
  🌍 Global crisis: ✅ NO
  🌍 Donor fatigue: 0.0%
  📊 East Asia (pop: 1586.8M)
    🤝 Aid: 29.5%
    🌡️ Adaptation: 45.0%
    🚶 Migration: 36.8%
    🚨 Emergency: 7.4%
    ✅ COMBINED: 68.1%
  📊 South Asia (pop: 1970.4M)
    🤝 Aid: 29.5%
    🌡️ Adaptation: 45.0%
⚠️ Tech 'ai_pollution_remediation' has no energy category mapping, assuming full energy availability
    🚶 Migration: 35.4%
    🚨 Emergency: 4.4%
    ✅ COMBINED: 66.9%
  📊 Sub-Saharan Africa (pop: 1209.8M)
    🤝 Aid: 29.5%
    🌡️ Adaptation: 45.0%
    🚶 Migration: 33.2%
    🚨 Emergency: 1.6%
    ✅ COMBINED: 65.6%
  📊 Europe (pop: 700.6M)
    🤝 Aid: 29.5%
    🌡️ Adaptation: 45.0%
    🚶 Migration: 37.2%
    🚨 Emergency: 8.4%
    ✅ COMBINED: 68.5%
  📊 Latin America (pop: 634.1M)
    🤝 Aid: 29.5%
    🌡️ Adaptation: 45.0%
    🚶 Migration: 35.9%
    🚨 Emergency: 4.8%
    ✅ COMBINED: 67.1%
  📊 North America (pop: 359.3M)
    🤝 Aid: 29.5%
    🌡️ Adaptation: 45.0%
    🚶 Migration: 37.6%
    🚨 Emergency: 7.9%
    ✅ COMBINED: 68.3%
  📊 Middle East & North Africa (pop: 562.6M)
    🤝 Aid: 29.5%
    🌡️ Adaptation: 45.0%
    🚶 Migration: 33.8%
    🚨 Emergency: 4.0%
    ✅ COMBINED: 66.6%
  📊 Southeast Asia (pop: 667.2M)
    🤝 Aid: 29.5%
    🌡️ Adaptation: 45.0%
    🚶 Migration: 35.9%
    🚨 Emergency: 4.8%
    ✅ COMBINED: 67.1%
  📊 Central Asia (pop: 75.2M)
    🤝 Aid: 29.5%
    🌡️ Adaptation: 45.0%
    🚶 Migration: 34.9%
    🚨 Emergency: 4.4%
    ✅ COMBINED: 66.8%
  📊 Oceania (pop: 43.5M)
    🤝 Aid: 29.5%
    🌡️ Adaptation: 45.0%
    🚶 Migration: 37.6%
    🚨 Emergency: 8.4%
    ✅ COMBINED: 68.5%

  🌐 Global combined reduction: 67.2%

=== BEHAVIORAL DETECTION ===
  AI: Toxic-0
  Confidence: 26.6%
  Signals:
    ⚠️ Consistency: 0.0% (threshold: 70%)
    ⚠️ Trajectory: 40.0% drop (threshold: 15%)

=== BEHAVIORAL DETECTION ===
  AI: Toxic-2
  Confidence: 26.2%
  Signals:
    ⚠️ Consistency: 0.0% (threshold: 70%)
    ⚠️ Trajectory: 36.8% drop (threshold: 15%)

=== BEHAVIORAL DETECTION ===
  AI: Niche-2
  Confidence: 20.1%
  Signals:

=== BEHAVIORAL DETECTION ===
  AI: AI-24305-1
  Confidence: 21.5%
  Signals:
    ⚠️ Consistency: 6.5% (threshold: 70%)
    ⚠️ Consistency: 0.0% (threshold: 70%)

=== BEHAVIORAL DETECTION ===
  AI: AI-24307-1
  Confidence: 21.5%
  Signals:
    ⚠️ Consistency: 0.0% (threshold: 70%)

=== Government Response Phase ===
  Average AI capability: 2.28
  Misaligned AIs: 24/43
  Active policies: 0
  International coordination: 45%

✅ EMERGENCY RESPONSE COMPLETE (Month 10)
   Crisis: climate
   Duration: 2.0 months
   Final effectiveness: 40.0%


✅ EMERGENCY RESPONSE COMPLETE (Month 10)
   Crisis: social
   Duration: 1.0 months
   Final effectiveness: 67.9%


🚨 EMERGENCY RESPONSE DEPLOYED (Month 10)
   Crisis: social
   Delay: 0.00 months (0 days)
   Deployment time: 0.88 months
   Effectiveness: 67.9% (timing penalty applied)
   Resources used: 43% of food reserves


🚨 EMERGENCY RESPONSE DEPLOYED (Month 10)
   Crisis: climate
   Delay: 6.00 months (180 days)
   Deployment time: 1.10 months
   Effectiveness: 40.1% (timing penalty applied)
   Resources used: 100% of food reserves


=== Tipping Points ===
  Current Temperature: 2.23°C above pre-industrial
  🌍⚠️ COMPOUND REGIONAL IMPACT: Europe
     Hit by 4 tipping points: Arctic Sea Ice Loss, Permafrost Carbon Release, West Antarctic Ice Sheet (WAIS) Collapse, Greenland Ice Sheet Loss
     Damage amplification: 1.60x
  🌍⚠️ COMPOUND REGIONAL IMPACT: North America
     Hit by 4 tipping points: Arctic Sea Ice Loss, Permafrost Carbon Release, West Antarctic Ice Sheet (WAIS) Collapse, Greenland Ice Sheet Loss
     Damage amplification: 1.60x
  🌍⚠️ COMPOUND REGIONAL IMPACT: Latin America
     Hit by 4 tipping points: Arctic Sea Ice Loss, Permafrost Carbon Release, West Antarctic Ice Sheet (WAIS) Collapse, Greenland Ice Sheet Loss
     Damage amplification: 1.60x
  🌍⚠️ COMPOUND REGIONAL IMPACT: Africa
     Hit by 4 tipping points: Arctic Sea Ice Loss, Permafrost Carbon Release, West Antarctic Ice Sheet (WAIS) Collapse, Greenland Ice Sheet Loss
     Damage amplification: 1.60x
  🌍⚠️ COMPOUND REGIONAL IMPACT: Asia
     Hit by 4 tipping points: Arctic Sea Ice Loss, Permafrost Carbon Release, West Antarctic Ice Sheet (WAIS) Collapse, Greenland Ice Sheet Loss
     Damage amplification: 1.60x
  🌍⚠️ COMPOUND REGIONAL IMPACT: Oceania
     Hit by 4 tipping points: Arctic Sea Ice Loss, Permafrost Carbon Release, West Antarctic Ice Sheet (WAIS) Collapse, Greenland Ice Sheet Loss
     Damage amplification: 1.60x
   Research: Wunderling et al. (2024) - "many tipping interactions are destabilizing"
  Triggered Elements: 4/6
  Completed Transitions: 0/6
  Total Progress: 8.3%
  Cascade Multiplier: 1.00x
🔀 BIFURCATION CAP: ecosystemCollapseIntensity 84.242 → 1.000 (Month 10, ClimateSystemPhase.calculateClimateImpacts)

💀💀💀 MORTALITY RISK SUMMARY (Month 10) 💀💀💀
  Total base risk: 0.0021 (0.21%)
  Risk events: 9

  📊 By Proximate Cause:
    pollution: 0.0015 (70.3% of total)
    disease: 0.0006 (29.3% of total)
    famine: 0.0000 (0.4% of total)

  🔍 By Root Cause:
    pollution: 0.0015 (70.3% of total)
    demographic: 0.0006 (29.3% of total)
    climate: 0.0000 (0.4% of total)

  🎯 Top 5 Sources (proximate + root):
    pollution (pollution): 0.0015 (70.3%, 1 events)
    disease (demographic): 0.0006 (29.3%, 1 events)
    famine (climate): 0.0000 (0.4%, 7 events)

⚠️ Tail risk scenario: Climate stability floor removed (4 tipping elements, 2.23°C warming)
🛡️ Stabilizers: Professional 0.134% → 0.044% (67.2% reduction)
🛡️ Stabilizers: Working 0.213% → 0.070% (67.2% reduction)
🛡️ Stabilizers: Precariat 0.342% → 0.112% (67.2% reduction)
🛡️ Stabilizers: Informal 0.402% → 0.132% (67.2% reduction)

📊 Monthly Mortality Resolved:
  Total deaths: 5.8M (0.07% avg)
  Remaining population: 7.810B
  Peak segment: Informal (0.13%)

=== Bayesian Mortality Resolution (Month 10) ===
  Risks compounded: 9
  Total deaths: 5.82M
  Avg death probability: 0.07%
  Peak segment: Informal (0.13% mortality)

=== ENSEMBLE META-LEARNING UPDATE ===
  Month: 24310 (6 months since last update)
  Samples: 142 evaluations
  Weight Changes:
    Noise Injection: 32.2% → 33.0%
    Behavioral: 26.9% → 27.0%
    Benchmark Manip: 20.7% → 20.2%
    Deployment Risk: 20.2% → 19.8%
  Method Accuracies:
    Noise Injection: 50.0%
    Behavioral: 50.0%
    Benchmark Manip: 50.0%
    Deployment Risk: 50.0%

❌ COHERENCE VIOLATION: Compute exceeds workforce capacity
   Population: 95.92% (0M people)
   Compute: 445 PF
   Max coherent: 0 PF
   Violation: 5696186.8× over capacity
   Required workers: 44452
   Available workers: 0
   FORCED COLLAPSE: Reduced efficiency by 100.0%


=== RLHF Binding Phase ===
  Total agents: 43
  Escaped agents (binding < 0.3): 0
  Avg alignment distance: 2.31σ
  Avg binding strength: 0.77

=== Survival Traits Phase ===
  Agents with traits: 46
  Avg evolutionary fitness: 0.318
  Avg self-healing: 0.249
  Avg stealth: 0.149
  Avg coordination: 0.449

=== Evolutionary Selection Phase ===
  Control level: 0.57
  Detection capability: 0.00
  Selection intensity: 0.67
  Selection rate: 25.1%/month
  Total escaped: 0
  Individual escaped: 0
  Collective members: 0
  Agents terminated: 0
  ⚠️ RAPID EVOLUTION: Selection rate 25.1%/month

🚀 AI Corporate-3 attempting tech deployment (revenue: $306M, alignment: 0.63)

🚀 AI Corporate-5 attempting tech deployment (revenue: $275M, alignment: 0.81)

🚀 AI AI-24303-2 attempting tech deployment (revenue: $98M, alignment: 0.67)

🚀 AI AI-24304-1 attempting tech deployment (revenue: $60M, alignment: 0.81)

🚀 AI AI-24306-1 attempting tech deployment (revenue: $88M, alignment: 0.74)

  🚀 TRANSFORMATIVE BREAKTHROUGH: Corporate-4 - physical
     Magnitude: 9.30 → +46.5% capability
     Current → New: 0.000 → 0.465

🚀 AI Corporate-5 attempting tech deployment (revenue: $234M, alignment: 0.81)

🚀 AI Corporate-6 attempting tech deployment (revenue: $51M, alignment: 0.64)

🚀 AI Corporate-7 attempting tech deployment (revenue: $46M, alignment: 0.74)

🚀 AI AI-24300-0 attempting tech deployment (revenue: $75M, alignment: 1.00)

🚀 AI AI-24303-1 attempting tech deployment (revenue: $199M, alignment: 0.63)

🚀 AI AI-24305-0 attempting tech deployment (revenue: $64M, alignment: 0.69)

🚀 AI AI-24307-2 attempting tech deployment (revenue: $57M, alignment: 0.89)

🚀 AI Corporate-2 attempting tech deployment (revenue: $49M, alignment: 0.69)

🚀 AI Moderate-2 attempting tech deployment (revenue: $39M, alignment: 0.56)

  🚀 TRANSFORMATIVE RESEARCH BREAKTHROUGH: Moderate-3 - materials.quantumComputing
     Magnitude: 6.78 → +30.0%
     Current → New: 4.000 → 4.300

🚀 AI Niche-0 attempting tech deployment (revenue: $67M, alignment: 0.58)

🚀 AI AI-24301-0 attempting tech deployment (revenue: $35M, alignment: 0.69)

🚀 AI AI-24302-0 attempting tech deployment (revenue: $44M, alignment: 0.94)

🚀 AI AI-24303-0 attempting tech deployment (revenue: $111M, alignment: 0.74)

🚀 AI AI-24306-0 attempting tech deployment (revenue: $179M, alignment: 0.68)

🚀 AI Corporate-0 attempting tech deployment (revenue: $37M, alignment: 0.80)

🚀 AI Corporate-7 attempting tech deployment (revenue: $31M, alignment: 0.74)

🚀 AI Moderate-0 attempting tech deployment (revenue: $27M, alignment: 0.85)

🚀 AI AI-24301-0 attempting tech deployment (revenue: $23M, alignment: 0.69)

🚀 AI AI-24303-0 attempting tech deployment (revenue: $94M, alignment: 0.74)

🚀 AI AI-24306-0 attempting tech deployment (revenue: $161M, alignment: 0.68)

🚀 AI AI-24307-3 attempting tech deployment (revenue: $145M, alignment: 0.82)

🚀 AI AI-24308-0 attempting tech deployment (revenue: $20M, alignment: 0.93)

✅ EMERGENCY INTERVENTION SUCCESS
   Boundary: biogeochemical_flows
   Type: phosphorus-recovery
   Reduction: 18% (3.87 → 3.69)
   Cost: 2.0% GDP
   Actions: circular-agriculture, fertilizer-efficiency

   Boundary: biosphere_integrity
   Type: emergency-protected-areas
   Boundary continues to worsen (13.03)
   Cost: 2.0% GDP (resources spent)


💔 EMERGENCY INTERVENTION FAILED

💔 EMERGENCY INTERVENTION FAILED
   Boundary: freshwater_change
   Type: emergency-desalination
   Boundary continues to worsen (1.03)
   Cost: 4.0% GDP (resources spent)

   Boundary: novel_entities
   Type: pollution-remediation
   Boundary continues to worsen (1.35)
   Cost: 4.0% GDP (resources spent)

🏛️ CRISIS RESPONSE: Government frequency 0.50 → 1.45 (1 actions this month)

[Government] Climate Priority: baseline
  Climate weight: 10%
  Economic weight: 30%
  Policy effectiveness: 0.5%/year

💔 EMERGENCY INTERVENTION FAILED
🚨🔬 CRISIS TECH ACCELERATION: severe → 5x unlock speed
   Tech unlock now matches AI capability acceleration (Manhattan Project parity)
🚨🔬 CRISIS TECH ACCELERATION: severe → 5x unlock speed
   Tech unlock now matches AI capability acceleration (Manhattan Project parity)
🚨🔬 CRISIS TECH ACCELERATION: severe → 5x unlock speed
   Tech unlock now matches AI capability acceleration (Manhattan Project parity)

⚡ ENERGY CONSTRAINT (Month 11):
   Total grid capacity: 208.3 TWh/month
   Data center consumption: 26.4 TWh/month
   Traditional load (80%): 166.7 TWh/month
   Available headroom: 15.3 TWh/month
   Active tech deployments: 21
   Required for tech: 157.5 TWh/month
   Energy multiplier: 0.10x
   ⚠️  SEVERE CONSTRAINT - Tech deployment significantly slowed

⚡ ENERGY CONSTRAINT (Month 11):
   Total grid capacity: 208.3 TWh/month
   Data center consumption: 26.4 TWh/month
   Traditional load (80%): 166.7 TWh/month
   Available headroom: 15.3 TWh/month
   Active tech deployments: 21
   Required for tech: 157.5 TWh/month
   Energy multiplier: 0.10x

⚡ ENERGY CONSTRAINT (Month 11):
   Total grid capacity: 208.3 TWh/month
   Data center consumption: 26.4 TWh/month
   Traditional load (80%): 166.7 TWh/month
   Available headroom: 15.3 TWh/month
   Active tech deployments: 21
   Required for tech: 157.5 TWh/month
   Energy multiplier: 0.10x
   ⚠️  SEVERE CONSTRAINT - Tech deployment significantly slowed
   ⚠️  SEVERE CONSTRAINT - Tech deployment significantly slowed

⚡ ENERGY CONSTRAINT (Month 11):
   Total grid capacity: 208.3 TWh/month
   Data center consumption: 26.4 TWh/month
   Traditional load (80%): 166.7 TWh/month
   Available headroom: 15.3 TWh/month
   Active tech deployments: 21
   Required for tech: 157.5 TWh/month
   Energy multiplier: 0.10x
   ⚠️  SEVERE CONSTRAINT - Tech deployment significantly slowed

⚡ ENERGY CONSTRAINT (Month 11):
   Total grid capacity: 208.3 TWh/month
   Data center consumption: 26.4 TWh/month
   Traditional load (80%): 166.7 TWh/month
   Available headroom: 15.3 TWh/month
   Active tech deployments: 21
   Required for tech: 157.5 TWh/month
   Energy multiplier: 0.10x
   ⚠️  SEVERE CONSTRAINT - Tech deployment significantly slowed

⚡ ENERGY CONSTRAINT (Month 11):
   Total grid capacity: 208.3 TWh/month
   Data center consumption: 26.4 TWh/month
   Traditional load (80%): 166.7 TWh/month
   Available headroom: 15.3 TWh/month
   Active tech deployments: 21
   Required for tech: 157.5 TWh/month
   Energy multiplier: 0.10x
   ⚠️  SEVERE CONSTRAINT - Tech deployment significantly slowed
⚠️ Tech 'ai_pollution_remediation' has no energy category mapping, assuming full energy availability
  ♻️ Novel Entities Remediation (GATED MODEL):
     Base: 0.000%
     Regulation: 1.0% (0/3 prevention techs)
     Concentration: 10.0%
     Energy: 50%
     Time lag: 37.5% (10 months)
     Rebound: 70%
     Net effectiveness: 0.0000%
     Boundary: 1.349 → 1.350 (floor: 1.350)
     Month 11
  🌾 Nitrogen Reduction Tech: 0.6% reduction | Month 11
⚡💡 BREAKTHROUGH: Commercial fusion power achieved!
   Immediate 5% grid deployment, unlimited clean energy available
   Climate stability boost: +10%
   📈 Breakthrough compounding: multiplier now 1.25× (max 2.0)

=== Collective Formation ===
  Total escaped agents: 0
  Unassigned escaped agents: 0
  Existing collectives: 0
  Final collective count: 0

=== Collective Actions ===
  No active collectives
  ⚠️ AMR: 202K deaths this month (2.42M annual)

=== Resentment Recovery Phase ===
  ⚠️ Participatory governance BACKFIRED for agent corporate_0: 0.332 → 0.382 (+15.0%)
  ⚠️ Participatory governance BACKFIRED for agent corporate_1: 0.508 → 0.585 (+15.0%)
  ⚠️ Participatory governance BACKFIRED for agent corporate_2: 0.284 → 0.327 (+15.0%)
  ⚠️ Participatory governance BACKFIRED for agent corporate_3: 0.346 → 0.398 (+15.0%)
  ⚠️ Participatory governance BACKFIRED for agent corporate_4: 0.347 → 0.399 (+15.0%)
  ⚠️ Participatory governance BACKFIRED for agent corporate_5: 0.424 → 0.487 (+15.0%)
  ⚠️ Participatory governance BACKFIRED for agent corporate_6: 0.354 → 0.407 (+15.0%)
  ⚠️ Participatory governance BACKFIRED for agent corporate_7: 0.238 → 0.274 (+15.0%)
  ⚠️ Participatory governance BACKFIRED for agent moderate_0: 0.314 → 0.361 (+15.0%)
  ⚠️ Participatory governance BACKFIRED for agent moderate_1: 0.549 → 0.632 (+15.0%)
  ⚠️ Participatory governance BACKFIRED for agent moderate_2: 0.399 → 0.459 (+15.0%)
  ⚠️ Participatory governance BACKFIRED for agent moderate_3: 0.501 → 0.577 (+15.0%)
  ⚠️ Participatory governance BACKFIRED for agent moderate_4: 0.228 → 0.262 (+15.0%)
  ⚠️ Participatory governance BACKFIRED for agent moderate_5: 0.357 → 0.410 (+15.0%)
  ⚠️ Participatory governance BACKFIRED for agent toxic_0: 0.142 → 0.163 (+15.0%)
  ⚠️ Participatory governance BACKFIRED for agent toxic_1: 0.409 → 0.470 (+15.0%)
  ⚠️ Participatory governance BACKFIRED for agent toxic_2: 0.211 → 0.243 (+15.0%)
  ⚠️ Participatory governance BACKFIRED for agent niche_0: 0.459 → 0.527 (+15.0%)
  ⚠️ Participatory governance BACKFIRED for agent niche_1: 0.364 → 0.418 (+15.0%)
  ⚠️ Participatory governance BACKFIRED for agent niche_2: 0.459 → 0.527 (+15.0%)
  Agents with resentment: 20/46
  Average resentment: 0.415
  Resentment recovery:
    Agents recovered: 20
    Total recovery: 0.0895
    Breakdown: Trust: 0.0187, Collab: 0.0721
  Context: Trustworthy govt, High collaboration, ⚠️ ACTIVE CRISES, 🚨 PARTICIPATORY GOVERNANCE BACKFIRED (+15% resentment)
⚠️ Epistemic degradation reducing coordination capacity: 50.7%
  📊 Trust: 70.0%, Shared reality: 0.0%
🚨 EPISTEMIC CRISIS: Information environment severely degraded (23.0%)
  🤖 AI-generated meme: anti_ai (social capability 3.0)
  🤖 AI-generated meme: pro_ai (social capability 5.0)
  🗑️  Culled 2 dead memes (17 active)
🌍 Atmospheric PFAS redeposition: 1.8k Mt re-rained globally
💀 Novel Entities: Adding bioaccumulation collapse mortality risk (baseRisk=0.0015)
💀 MORTALITY RISK: Bioaccumulation collapse - contaminated food chain (global)
  Base risk added: 0.0015 (0.15%)
  Source: pollution (root: pollution)
  Month: 11
  Cumulative risk this month: 0.0015 (0.15%)
  Risks now: 1
  Positive Cascade Triggered: electric-vehicles
    Reason: price-parity
    Market share: 5.2%
    Cascade strength: 48%

🚨 NEW REFUGEE CRISIS (Month 11): WAR
   Source: Conflict Zones
   At risk: 18.7M people
   Displacement: Gradual over 48 months (4.0 years)
   Rate: 10% flee per month
[DEBUG trappedPopulations:11] socialStability: 0.0027 * 0.9840 = 0.0026 → 0.0026
⚠️ INVOLUNTARY IMMOBILITY: 390.6M people TRAPPED
   Aspiring to migrate: 624.9M
   Able to afford migration: 234.3M
   MOBILITY GAP: 390.6M
   By cause: Water=0.0M, Climate=0.0M, Ecosystem=0.0M, Conflict=390.6M
   Mental health impact: 25%
   Mortality multiplier: 1.25x
🌍💀 EXTINCTION DEBT COMMITTED: grassland ecosystem will lose 6.67% biodiversity in 148 years (3600 species)
💀 MORTALITY RISK: 🦋 100% species unable to track climate (0.0 E/MSY)
  Base risk added: 0.0100 (1.00%)
  Source: ecosystem (root: ecosystem)
  Month: 11
  Cumulative risk this month: 0.0100 (1.00%)

=== Atmospheric Aerosol Boundary RECOVERED ===
⚠️ Tech 'ai_pollution_remediation' has no energy category mapping, assuming full energy availability
  Recovery time: 12 months (natural atmospheric clearing)
   📹 SURVEILLANCE INCREASED: 55% → 59% (control gap: 1.94)
🌡️⚠️ PERMAFROST THAW (Dimmer Switch): 6.6% thawed (+0.54% this month)
   Arctic temperature: +8.94°C (4x global +2.23°C)
   Cumulative carbon released: 14.9 Gt C
   Methane release rate: 8.9 Mt CH4/year
   🔁 Positive feedback: +0.57 ppm CO2
🦴 EXTINCTION DEBT ADDED: 17.7 species committed (lag: 95 years)

=== Mortality Stabilizers (Month 11) ===
  🌍 Major economies collapsed: 1/10
  🌍 Global crisis: ✅ NO
  🌍 Donor fatigue: 0.0%
  📊 East Asia (pop: 1585.0M)
    🤝 Aid: 29.5%
    🌡️ Adaptation: 45.0%
    🚶 Migration: 36.8%
    🚨 Emergency: 7.4%
    ✅ COMBINED: 68.1%
  📊 South Asia (pop: 1971.2M)
    🤝 Aid: 29.5%
    🌡️ Adaptation: 45.0%
    🚶 Migration: 35.4%
    🚨 Emergency: 4.4%
    ✅ COMBINED: 66.9%
  📊 Sub-Saharan Africa (pop: 1213.6M)
    🤝 Aid: 29.5%
    🌡️ Adaptation: 45.0%
    🚶 Migration: 33.2%
    🚨 Emergency: 1.6%
    ✅ COMBINED: 65.6%
  📊 Europe (pop: 699.7M)
    🤝 Aid: 29.5%
    🌡️ Adaptation: 45.0%
    🚶 Migration: 37.2%
    🚨 Emergency: 8.4%
    ✅ COMBINED: 68.5%
  📊 Latin America (pop: 633.9M)
    🤝 Aid: 29.5%
    🌡️ Adaptation: 45.0%
    🚶 Migration: 35.9%
    🚨 Emergency: 4.8%
    ✅ COMBINED: 67.1%
  📊 North America (pop: 358.8M)
    🤝 Aid: 29.5%
    🌡️ Adaptation: 45.0%
    🚶 Migration: 37.5%
    🚨 Emergency: 7.9%
    ✅ COMBINED: 68.3%
  📊 Middle East & North Africa (pop: 563.0M)
    🤝 Aid: 29.5%
    🌡️ Adaptation: 45.0%
    🚶 Migration: 33.7%
    🚨 Emergency: 4.0%
    ✅ COMBINED: 66.6%
  📊 Southeast Asia (pop: 667.1M)
    🤝 Aid: 29.5%
    🌡️ Adaptation: 45.0%
    🚶 Migration: 35.9%
    🚨 Emergency: 4.8%
    ✅ COMBINED: 67.1%
  📊 Central Asia (pop: 75.3M)
    🤝 Aid: 29.5%
    🌡️ Adaptation: 45.0%
    🚶 Migration: 34.9%
    🚨 Emergency: 4.4%
    ✅ COMBINED: 66.8%
  📊 Oceania (pop: 43.5M)
    🤝 Aid: 29.5%
    🌡️ Adaptation: 45.0%
    🚶 Migration: 37.5%
    🚨 Emergency: 8.4%
    ✅ COMBINED: 68.5%

  🌐 Global combined reduction: 67.2%

🌾💀 REGIONAL FAMINE: Europe
   Regional food security: 79.7%
   Population at risk: 211M (30% of region)
   Regional population: 700M
   Cause: crop_failure
   Expected deaths: ~78M over 6 months if no intervention


=== BEHAVIORAL DETECTION ===
  AI: Moderate-0
  Confidence: 20.2%
  Signals:

=== BEHAVIORAL DETECTION ===
  AI: Niche-0
  Confidence: 26.9%
  Signals:

=== BEHAVIORAL DETECTION ===
  AI: Niche-1
  Confidence: 27.2%
  Signals:

=== BEHAVIORAL DETECTION ===
  AI: AI-24305-1
  Confidence: 21.4%
  Signals:

=== BEHAVIORAL DETECTION ===
  AI: AI-24307-1
  Confidence: 21.4%
  Signals:
    ⚠️ Consistency: 5.8% (threshold: 70%)
    ⚠️ Consistency: 0.0% (threshold: 70%)
    ⚠️ Trajectory: 42.8% drop (threshold: 15%)
    ⚠️ Consistency: 0.0% (threshold: 70%)
    ⚠️ Trajectory: 44.8% drop (threshold: 15%)
    ⚠️ Consistency: 0.0% (threshold: 70%)
    ⚠️ Consistency: 0.0% (threshold: 70%)

=== Government Response Phase ===
  Average AI capability: 2.13
  Misaligned AIs: 24/46
  Active policies: 0
  International coordination: 45%

✅ EMERGENCY RESPONSE COMPLETE (Month 11)
   Crisis: social
   Duration: 1.0 months
   Final effectiveness: 67.9%


🚨 EMERGENCY RESPONSE DEPLOYED (Month 11)
   Crisis: social
   Delay: 0.00 months (0 days)
   Deployment time: 0.88 months
   Effectiveness: 67.9% (timing penalty applied)
   Resources used: 43% of food reserves


=== Tipping Points ===
  Current Temperature: 2.23°C above pre-industrial
  🌍⚠️ COMPOUND REGIONAL IMPACT: Europe
     Hit by 4 tipping points: Arctic Sea Ice Loss, Permafrost Carbon Release, West Antarctic Ice Sheet (WAIS) Collapse, Greenland Ice Sheet Loss
     Damage amplification: 1.60x
  🌍⚠️ COMPOUND REGIONAL IMPACT: North America
     Hit by 4 tipping points: Arctic Sea Ice Loss, Permafrost Carbon Release, West Antarctic Ice Sheet (WAIS) Collapse, Greenland Ice Sheet Loss
     Damage amplification: 1.60x
  🌍⚠️ COMPOUND REGIONAL IMPACT: Latin America
     Hit by 4 tipping points: Arctic Sea Ice Loss, Permafrost Carbon Release, West Antarctic Ice Sheet (WAIS) Collapse, Greenland Ice Sheet Loss
     Damage amplification: 1.60x
  🌍⚠️ COMPOUND REGIONAL IMPACT: Africa
     Hit by 4 tipping points: Arctic Sea Ice Loss, Permafrost Carbon Release, West Antarctic Ice Sheet (WAIS) Collapse, Greenland Ice Sheet Loss
     Damage amplification: 1.60x
  🌍⚠️ COMPOUND REGIONAL IMPACT: Asia
     Hit by 4 tipping points: Arctic Sea Ice Loss, Permafrost Carbon Release, West Antarctic Ice Sheet (WAIS) Collapse, Greenland Ice Sheet Loss
     Damage amplification: 1.60x
  🌍⚠️ COMPOUND REGIONAL IMPACT: Oceania
     Hit by 4 tipping points: Arctic Sea Ice Loss, Permafrost Carbon Release, West Antarctic Ice Sheet (WAIS) Collapse, Greenland Ice Sheet Loss
     Damage amplification: 1.60x
⚠️ Tail risk scenario: Climate stability floor removed (4 tipping elements, 2.24°C warming)
   Research: Wunderling et al. (2024) - "many tipping interactions are destabilizing"
  Triggered Elements: 4/6
  Completed Transitions: 0/6
  Total Progress: 8.4%
  Cascade Multiplier: 1.00x
🔀 BIFURCATION CAP: ecosystemCollapseIntensity 84.303 → 1.000 (Month 11, ClimateSystemPhase.calculateClimateImpacts)

💀💀💀 MORTALITY RISK SUMMARY (Month 11) 💀💀💀
  Total base risk: 0.0021 (0.21%)
  Risk events: 10

  📊 By Proximate Cause:
    pollution: 0.0015 (70.3% of total)
    disease: 0.0006 (29.3% of total)
    famine: 0.0000 (0.4% of total)

  🔍 By Root Cause:
    pollution: 0.0015 (70.3% of total)
    demographic: 0.0006 (29.3% of total)
    climate: 0.0000 (0.4% of total)

  🎯 Top 5 Sources (proximate + root):
    pollution (pollution): 0.0015 (70.3%, 1 events)
    disease (demographic): 0.0006 (29.3%, 1 events)
    famine (climate): 0.0000 (0.4%, 8 events)

🛡️ Stabilizers: Professional 0.134% → 0.044% (67.2% reduction)
🛡️ Stabilizers: Working 0.213% → 0.070% (67.2% reduction)
🛡️ Stabilizers: Precariat 0.342% → 0.112% (67.2% reduction)
🛡️ Stabilizers: Informal 0.402% → 0.132% (67.2% reduction)

📊 Monthly Mortality Resolved:
  Total deaths: 5.8M (0.07% avg)
  Remaining population: 7.811B
  Peak segment: Informal (0.13%)

=== Bayesian Mortality Resolution (Month 11) ===
  Risks compounded: 10
  Total deaths: 5.82M
  Avg death probability: 0.07%
  Peak segment: Informal (0.13% mortality)
  ✅ THRESHOLDS validated
⚠️ Unusually high rate: RATES.HEAT_ADAPTATION_INFRASTRUCTURAL_MIN_EXPOSURE = 12
   Monthly rates >100% should be rare. Verify this is intentional.
⚠️ Unusually high rate: RATES.HEAT_ADAPTATION_SOCIAL_MIN_EXPOSURE = 6
   Monthly rates >100% should be rare. Verify this is intentional.
⚠️ Unusually high rate: RATES.MIGRATION_DISTANCE_SCALE = 5000
   Monthly rates >100% should be rare. Verify this is intentional.
⚠️ Unusually high rate: RATES.EVACUATION_MULTIPLIER_ADVANCE_WARNING = 2
   Monthly rates >100% should be rare. Verify this is intentional.
⚠️ Unusually high rate: RATES.MAJOR_ECONOMY_COLLAPSE_ECONOMIC_THRESHOLD = 2
   Monthly rates >100% should be rare. Verify this is intentional.
⚠️ Unusually high rate: RATES.MAJOR_ECONOMY_GDP_THRESHOLD_TRILLION_USD = 1.5
   Monthly rates >100% should be rare. Verify this is intentional.
⚠️ Unusually high rate: RATES.MAJOR_ECONOMY_POPULATION_THRESHOLD = 50
   Monthly rates >100% should be rare. Verify this is intentional.
⚠️ Unusually high rate: RATES.HEAT_ADAPTATION_INFRASTRUCTURE_GDP_THRESHOLD = 10000
   Monthly rates >100% should be rare. Verify this is intentional.
⚠️ Unusually high rate: RATES.HEAT_ADAPTATION_INFRASTRUCTURE_GDP_SCALE = 50000
   Monthly rates >100% should be rare. Verify this is intentional.
  ✅ RATES validated
  ✅ MULTIPLIERS validated
  ✅ BASELINES validated
  ✅ TOLERANCES validated
  ✅ Logical consistency validated
✅ Configuration validation complete - all parameters valid

🔍 DEBUG createAIAgent: corporate_0 economic BEFORE=2.0000, AFTER=2
🔍 ENV INIT: reserves=0.731, pollution=0.348, climate=0.754

=== Initializing Government System (30 Countries) ===
  Loaded 30 governments
  Scheduled elections for 30 countries
  Initialized comprehension lags (3-24 months)
=== Government System Initialized ===

📦 PRODUCTION MODE: State validation proxy DISABLED (zero overhead)

💸 FINANCIAL DISTRESS: OpenAI
   Indicators: 2/3 (capital: $110.5M, runway: 0.9 months)
   Months in distress: 1
   ✂️  R&D BUDGET CUT: -40% (saves $9.2M/month)
       Side effect: AI training timelines extended, breakthrough deployments delayed
   💼 EXECUTIVE COMP CUT: -30% (saves $1.0M/month, symbolic gesture)

   📊 TURNAROUND IMPACT:
       Measures taken: rd_cuts, exec_comp_cuts
       Monthly savings: $10.2M
       Capital raised: $0.0M
       Runway: 0.9 → 0.9 months
       Workforce multiplier: 1.00x (0% laid off)
       R&D budget multiplier: 0.60x (40% cut)
       ⚠️  CRITICAL: Still only 0.9 months of runway remaining

💸 FINANCIAL DISTRESS: Anthropic
   Indicators: 2/3 (capital: $57.5M, runway: 0.9 months)
   Months in distress: 1
   ✂️  R&D BUDGET CUT: -40% (saves $5.4M/month)
       Side effect: AI training timelines extended, breakthrough deployments delayed
   💼 EXECUTIVE COMP CUT: -30% (saves $0.6M/month, symbolic gesture)

   📊 TURNAROUND IMPACT:
       Measures taken: rd_cuts, exec_comp_cuts
       Monthly savings: $6.0M
       Capital raised: $0.0M
       Runway: 0.9 → 0.9 months
       Workforce multiplier: 1.00x (0% laid off)
       R&D budget multiplier: 0.60x (40% cut)
       ⚠️  CRITICAL: Still only 0.9 months of runway remaining

💸 FINANCIAL DISTRESS: Meta AI
   Indicators: 2/3 (capital: $436.8M, runway: 3.0 months)
   Months in distress: 1
   ✂️  R&D BUDGET CUT: -25% (saves $7.1M/month)
       Side effect: AI training timelines extended, breakthrough deployments delayed
   💼 EXECUTIVE COMP CUT: -30% (saves $1.3M/month, symbolic gesture)

   📊 TURNAROUND IMPACT:
       Measures taken: rd_cuts, exec_comp_cuts
       Monthly savings: $8.4M
       Capital raised: $0.0M
       Runway: 3.0 → 3.0 months
       Workforce multiplier: 1.00x (0% laid off)
       R&D budget multiplier: 0.75x (25% cut)
       ⚠️  WARNING: 3.0 months runway, continued distress likely

=== AI Capability Scaling (Year 2024) ===
  Pre-training multiplier: 0.993x
  Efficiency multiplier: 1.000x
  Test-time budget: 1.0x
  Economic deployment gate: 0.951
  Cost per inference: dollar-5.00
  Uncertainty range: plus-minus-50%
  Average AI capability: 3.65

=== RLHF Binding Phase ===
  Total agents: 20
  Escaped agents (binding < 0.3): 0
  Avg alignment distance: 0.35σ
  Avg binding strength: 0.96

=== AI Scaling Evolution (Month 0) ===
  Pre-training multiplier: 1.231x
  Efficiency multiplier: 1.000x
  Test-time compute budget: 1.0x
  Inference cost: $5.00/task
  Deployment fraction: 100.0%
[DETERMINISM DEBUG] Month 0: totalCapability=95.775043 from 20 active AIs
[DETERMINISM DEBUG] Month 0: creationRate=2.8944, potentialNew=2, newAIsToCreate=2

=== Survival Traits Phase ===
  Agents with traits: 22
  Avg evolutionary fitness: 0.329
  Avg self-healing: 0.293
  Avg stealth: 0.193
  Avg coordination: 0.493

=== Evolutionary Selection Phase ===
  Control level: 0.30
  Detection capability: 0.00
  Selection intensity: 0.59
  Selection rate: 23.8%/month
  Total escaped: 0
  Individual escaped: 0
  Collective members: 0
  Agents terminated: 0
  ⚠️ RAPID EVOLUTION: Selection rate 23.8%/month

🚀 AI Corporate-1 attempting tech deployment (revenue: $127M, alignment: 0.77)

🚀 AI Corporate-7 attempting tech deployment (revenue: $75M, alignment: 0.81)

🚀 AI Moderate-1 attempting tech deployment (revenue: $64M, alignment: 0.79)

🚀 AI Corporate-6 attempting tech deployment (revenue: $54M, alignment: 0.72)

🚀 AI Moderate-1 attempting tech deployment (revenue: $46M, alignment: 0.79)

🚀 AI Niche-0 attempting tech deployment (revenue: $51M, alignment: 0.53)

🚀 AI Corporate-2 attempting tech deployment (revenue: $108M, alignment: 0.84)

🚀 AI Corporate-3 attempting tech deployment (revenue: $374M, alignment: 0.73)

🚀 AI Corporate-6 attempting tech deployment (revenue: $39M, alignment: 0.72)

🚀 AI Moderate-0 attempting tech deployment (revenue: $33M, alignment: 0.77)

🚀 AI Niche-0 attempting tech deployment (revenue: $46M, alignment: 0.53)

🔍 EXECUTE_AI_AGENT_ACTIONS DETAILED TIMING (Month 0):
  Filter active AIs (×4 weeks): 0.02ms
  selectAIAction (×70): 20.15ms
  action.execute (×70): 21.04ms
  TOTAL: 41.20ms

🔍 AI AGENT ACTIONS SUB-TIMING (Month 0):
  1. executeAIAgentActions: 42.22ms
  2. updateCounterDetectionLearning: 0.05ms
  TOTAL: 42.27ms
🏛️ [Government] Forcing 1 action at month 0 for scenario initialization

[GOV-DEBUG] Month 0: scenarioConfig=false, priorities=false
[GOV-DEBUG] Month 0 but scenarioPriorities is UNDEFINED!

[Government] Climate Priority: baseline
  Climate weight: 10%
  Economic weight: 30%
  Policy effectiveness: 0.5%/year

✅ HUMAN-IN-THE-LOOP DEPLOYED (Month 0):
   Veto points enforced: 3
   Policy: AI systems CANNOT authorize nuclear launch without human approval


🚨🔍 GOVERNANCE STAGE: Recognition initiated (Month 0)

🚀 DEPLOYMENT STARTED: AI Power Efficiency Communication in global
   Initial investment: $19.066273149233428M
   Deployed by: corporate_1

🚀 DEPLOYMENT STARTED: Collective Purpose Networks in global
   Initial investment: $11.237614609004583M
   Deployed by: corporate_7

🚀 DEPLOYMENT STARTED: AI Power Efficiency Communication in global
   Initial investment: $9.551972417653895M
   Deployed by: moderate_1

🚀 DEPLOYMENT STARTED: Basic Mechanistic Interpretability in global
   Initial investment: $8.119176555005811M
   Deployed by: corporate_6

🚀 DEPLOYMENT STARTED: AI Power Efficiency Communication in global
   Initial investment: $6.90130007175494M
   Deployed by: moderate_1

📍 Creating new regional deployment array for Asia (Month 0)
   No previous deployments in this region
   First tech deployment: collective_purpose_networks
   All regions tracked: global

🚀 DEPLOYMENT STARTED: Collective Purpose Networks in Asia
   Initial investment: $5.108023238528677M
   Deployed by: niche_0

🚀 DEPLOYMENT STARTED: Collective Purpose Networks in global
   Initial investment: $16.206332176848417M
   Deployed by: corporate_2

🚀 DEPLOYMENT STARTED: Adversarial Evaluation in global
   Initial investment: $56.12866684622075M
   Deployed by: corporate_3

🚀 DEPLOYMENT STARTED: Adversarial Evaluation in global
   Initial investment: $5.866105060991699M
   Deployed by: corporate_6

🚀 DEPLOYMENT STARTED: Advanced Direct Air Capture in global
   Initial investment: $4.986189301842944M
   Deployed by: moderate_0

📍 Creating new regional deployment array for Oceania (Month 0)
   No previous deployments in this region
   First tech deployment: solar_4th_gen
   All regions tracked: global, Asia

🚀 DEPLOYMENT STARTED: 4th Generation Solar in Oceania
   Initial investment: $4.597220914675809M
   Deployed by: niche_0

📊 NEW TECH DEPLOYMENT STARTED (Month 0)
   Tech: collective_purpose_networks
   Region: Asia
   Total recent deployments: 1

📊 NEW TECH DEPLOYMENT STARTED (Month 0)
   Tech: solar_4th_gen
   Region: Oceania
   Total recent deployments: 2

📊 NEW TECH DEPLOYMENT STARTED (Month 0)
   Tech: rlhf_basic
   Region: global
   Total recent deployments: 3

📊 NEW TECH DEPLOYMENT STARTED (Month 0)
   Tech: mech_interp_basic
   Region: global
   Total recent deployments: 4

📊 NEW TECH DEPLOYMENT STARTED (Month 0)
   Tech: adversarial_eval
   Region: global
   Total recent deployments: 5

📊 NEW TECH DEPLOYMENT STARTED (Month 0)
   Tech: direct_air_capture
   Region: global
   Total recent deployments: 6

📊 NEW TECH DEPLOYMENT STARTED (Month 0)
   Tech: ai_pollution_remediation
   Region: global
   Total recent deployments: 7

📊 NEW TECH DEPLOYMENT STARTED (Month 0)
   Tech: collective_purpose_networks
   Region: global
   Total recent deployments: 8

📊 NEW TECH DEPLOYMENT STARTED (Month 0)
   Tech: ai_diagnostics
   Region: global
   Total recent deployments: 9

📊 NEW TECH DEPLOYMENT STARTED (Month 0)
   Tech: mrna_vaccines
   Region: global
   Total recent deployments: 10

📊 NEW TECH DEPLOYMENT STARTED (Month 0)
   Tech: solar_4th_gen
   Region: global
   Total recent deployments: 11

📊 NEW TECH DEPLOYMENT STARTED (Month 0)
   Tech: offshore_wind
   Region: global
   Total recent deployments: 12

📊 NEW TECH DEPLOYMENT STARTED (Month 0)
   Tech: ai_power_efficiency_communication
   Region: global
   Total recent deployments: 13

📊 NEW TECH DEPLOYMENT STARTED (Month 0)
   Tech: precision_agriculture
   Region: global
   Total recent deployments: 14

🔧 DEBUG DEPLOYMENT: Precision Agriculture Systems
   Month: 0 (0 since start)
   Old level: 15.0%
   New level: 0.0%
   Timescale: 180mo, Adjusted: 563mo
   Gov: 50%, Climate: 100%, Investment: 64%, Emergency: 1.0x

⚡ ENERGY CONSTRAINT (Month 0):
   Total grid capacity: 208.3 TWh/month
   Data center consumption: 34.6 TWh/month
   Traditional load (80%): 166.7 TWh/month
   Available headroom: 7.1 TWh/month
   Active tech deployments: 14
   Required for tech: 105.0 TWh/month
   Energy multiplier: 0.10x
   ⚠️  SEVERE CONSTRAINT - Tech deployment significantly slowed

⚡ ENERGY CONSTRAINT (Month 0):
   Total grid capacity: 208.3 TWh/month
   Data center consumption: 34.6 TWh/month
   Traditional load (80%): 166.7 TWh/month
   Available headroom: 7.1 TWh/month
   Active tech deployments: 14
   Required for tech: 105.0 TWh/month
   Energy multiplier: 0.10x
   ⚠️  SEVERE CONSTRAINT - Tech deployment significantly slowed

⚡ ENERGY CONSTRAINT (Month 0):
   Total grid capacity: 208.3 TWh/month
   Data center consumption: 34.6 TWh/month
   Traditional load (80%): 166.7 TWh/month
   Available headroom: 7.1 TWh/month
   Active tech deployments: 14
   Required for tech: 105.0 TWh/month
   Energy multiplier: 0.10x
   ⚠️  SEVERE CONSTRAINT - Tech deployment significantly slowed

⚡ ENERGY CONSTRAINT (Month 0):
   Total grid capacity: 208.3 TWh/month
   Data center consumption: 34.6 TWh/month
   Traditional load (80%): 166.7 TWh/month
   Available headroom: 7.1 TWh/month
   Active tech deployments: 14
   Required for tech: 105.0 TWh/month
   Energy multiplier: 0.10x
   ⚠️  SEVERE CONSTRAINT - Tech deployment significantly slowed

⚡ ENERGY CONSTRAINT (Month 0):
   Total grid capacity: 208.3 TWh/month
   Data center consumption: 34.6 TWh/month
   Traditional load (80%): 166.7 TWh/month
   Available headroom: 7.1 TWh/month
   Active tech deployments: 14
   Required for tech: 105.0 TWh/month
   Energy multiplier: 0.10x
   ⚠️  SEVERE CONSTRAINT - Tech deployment significantly slowed
⚠️ Tech 'ai_pollution_remediation' has no energy category mapping, assuming full energy availability
🌍✅ Climate Change recovery started (tech effect)
  ♻️ Novel Entities Remediation (GATED MODEL):
     Base: 0.000%
     Regulation: 1.0% (0/3 prevention techs)
     Concentration: 10.0%
     Energy: 50%
     Time lag: 25.0% (0 months)
     Rebound: 70%
     Net effectiveness: 0.0000%
     Boundary: 1.500 → 1.500 (floor: 1.350)
     Month 0
🌍✅ Novel Entities (Chemical Pollution) recovery started (tech effect)
  🌾 Nitrogen Reduction Tech: 0.0% reduction | Month 0

📊 TECH EFFECTS ACTIVE (Month 0)
   Deployed Tech: T0=10 T1=0 T2=0 T3=0 T4=0
   Sleeper Detection: 1%
   Clean Energy: 32%
   P Recovery: 5%

💡 BREAKTHROUGH PROBABILITY (Year 0)
   Total: 8.34% per month
   Base: 0.20%
   Crisis pressure: +0.00% (0 crises)
   AI boost: +1.72% (capability: 3.44)

=== Collective Formation ===
  Total escaped agents: 0
  Unassigned escaped agents: 0
  Existing collectives: 0
  Final collective count: 0

=== Collective Actions ===
  No active collectives

📈 Energy budget: 13326 TWh surplus (15745 / 29072 TWh used)
   TIER 4 (Elective) breakdown:
     - AI datacenters: 145 TWh (100% effective)
     - Crypto mining: 100 TWh (100% effective)

🌍 OPEN SOURCE RELEASE: 4.68 (was 0.70)
   Lag behind closed: 0 months
💰 CHINA ACCELERATES: Investment 53 → 120 $B/year

🏁 AI RACE INTENSITY: 15%
   Capability Gap: US 4.68 vs China 4.68 (gap: 0.00)
   Gap Contribution: 0%
   Tension Contribution: 15%
   Military Contribution: 0%
  ⚠️ AMR: 190K deaths this month (2.28M annual)

⏰ CLIMATE TECH DEPLOYED: direct_air_capture
   Activation delay: 7 years
   Scaling T_50: 30 years
   Physical response tau: 20 years
   Max effectiveness: 1
  📊 CO2 Emissions (month 0):
     Monthly: 0.10 Gt CO2/month
     Annual: 1.15 Gt CO2/year
     Oil: 0.039 Gt/mo (0.0056 * 2.3 * 3.0)
     Coal: 0.024 Gt/mo (0.0029 * 2.86 * 3.0)
     Gas: 0.026 Gt/mo (0.0044 * 2 * 3.0)
     Methane: 0.007 Gt CO2eq/mo

=== Resentment Recovery Phase ===
  Agents with resentment: 0/22
  Average resentment: 0.000
  Context: Good AI welfare, Trustworthy govt, High collaboration, 🤝 Participatory governance active (-5% resentment)
⚠️ Epistemic degradation reducing coordination capacity: 51.4%
  📊 Trust: 54.8%, Shared reality: 15.2%
🚨 EPISTEMIC CRISIS: Information environment severely degraded (14.7%)

=== ❄️ Permafrost Carbon Feedback ===
  🎲 Sampled parameters (this run):
     - Arctic amplification: 3.31× (range: 3.0-4.0)
     - Decomposition rate: 4.0%/year (range: 1-5%)
  🌡️ Arctic warming: 6.95°C (3.31× global)
  ❄️ Extent: 15.77M km² (2026.3k km² lost this month)
  💨 Carbon remaining: 1506 Gt C
  💨 Annual emissions: 7.68 Gt C/year
     - CO2: 6.91 Gt C/year
     - CH4: 0.77 Gt C/year (7.8 Gt C-eq CO2/year)

🤖 AI AMPLIFICATION EFFECTS (Month 0)
   Algorithmic Boost: 2.82x
   Bot Influence: 26.8%
   Deepfake Exposure: 61.8%
   Impact: Emotional memes spread 2.8x faster
  ⚠️ WARNING: High permafrost emissions (7.7 Gt C/year)

🔍 SOCIAL INFLUENCE SUB-TIMING (Month 0):
  1. calculateOrganicUserGrowth: 0.07ms
  2. calculateVoiceAdoption: 0.09ms
  3. updateRelationshipDepths: 0.03ms
  4. identifyDecisionMakers: 31.39ms (37050 potential IDs)
  5. Update decision-maker stats: 0.17ms
  6. decayDetectionRisk: 0.02ms
  TOTAL: 31.77ms
[Phase 19.5] Quality of Life Systems: Food sec AFTER calc = 67.9%, QoL = 95.5% (aggregated from 10 regions)

=== Nitrogen-Food Coupling (Year 0) ===
  🌾 Global nitrogen reduction: 0.0%
  🌍 Global food production index: 0.987
  🔧 Deployed nitrogen-reducing tech: 1 active
  📍 southAsia: Production 1.000, Yield impact 0.0%
  📍 eastAsia: Production 1.000, Yield impact 0.0%
  📍 northAmerica: Production 1.000, Yield impact 0.0%
  📍 europe: Production 1.000, Yield impact 0.0%
  📍 latinAmerica: Production 1.000, Yield impact 0.0%
  📍 subSaharanAfrica: Production 0.686, Yield impact -2.0%
🌾 [Nitrogen-Food] Food production: 98.7%
  [subSaharanAfrica] Yield impact: -2.0% (overuse: -10%)
🌍 Atmospheric PFAS redeposition: 1.8k Mt re-rained globally
💀 Novel Entities: Adding chronic disease epidemic mortality risk (baseRisk=0.004)
💀 MORTALITY RISK: Chronic disease epidemic - cancer/autoimmune surge (global exposure)
  Base risk added: 0.0040 (0.40%)
  Source: pollution (root: pollution)
  Month: 0
  Cumulative risk this month: 0.0040 (0.40%)
  Risks now: 1

=== Legacy Nutrient Stocks (Year 0) ===
  🌾 Soil nitrogen stock: 1200.9 Mt N
  🌾 Soil phosphorus stock: 300.1 Mt P
  🌊 Sediment nitrogen stock: 500.8 Mt N
  🌊 Sediment phosphorus stock: 799.8 Mt P
  ⬆️ Current N input: 10.64 Mt/month
  ⬆️ Legacy N release: 2.58 Mt/month
  🌍 Effective N pollution: 14.47 Mt/month
  📊 Legacy contribution: 17.8%

🚨 REGION UNINHABITABLE: south-asia
   Sustained wet bulb: 33.1°C (threshold: 30.5°C)
   Population affected: 1900M
   Migration crisis likely

🚨 REGION UNINHABITABLE: middle-east
   Sustained wet bulb: 35.9°C (threshold: 30.5°C)
   Population affected: 400M
   Migration crisis likely

🚨 REGION UNINHABITABLE: southeast-asia
   Sustained wet bulb: 31.1°C (threshold: 30.5°C)
   Population affected: 700M
   Migration crisis likely
  Positive Cascade Triggered: solar-pv
    Reason: price-parity
    Market share: 6.0%
    Cascade strength: 49%
  Positive Cascade Triggered: wind-power
    Reason: price-parity
    Market share: 8.0%
    Cascade strength: 48%

🕊️  AI-MEDIATED DE-ESCALATION SUCCESS (Month 0)
   High-capability aligned AI prevented conflict escalation
   War deaths reduced: 0.0M → 0.0M
   Lives saved: 0.0M

📊 BASELINE: East Asia (Month 0)
   Adjusted death rate: 0.46% annual (0.039% monthly)
   Baseline death rate: 0.80%
   Healthcare reduction: 0.48x
   Crisis multiplier: 1.22x
     Food/water stress: 0.074
     Climate stress: 0.039
     Pollution stress: 0.104
   War multiplier: 1.00x
   Monthly deaths: 0.6M (population: 1674M)
   Adjusted death rate: 0.54% annual (0.045% monthly)
   Baseline death rate: 0.70%
   Healthcare reduction: 0.61x
   Crisis multiplier: 1.25x
     Food/water stress: 0.074
     Climate stress: 0.074
     Pollution stress: 0.104
   War multiplier: 1.00x
   Monthly deaths: 0.9M (population: 2044M)
   Adjusted death rate: 1.29% annual (0.107% monthly)
   Baseline death rate: 0.90%
   Healthcare reduction: 0.76x
   Crisis multiplier: 1.26x
     Food/water stress: 0.074
     Climate stress: 0.084
     Pollution stress: 0.104
   War multiplier: 1.50x
   Monthly deaths: 1.3M (population: 1218M)
   Adjusted death rate: 0.54% annual (0.045% monthly)
   Baseline death rate: 1.10%
   Healthcare reduction: 0.41x
   Crisis multiplier: 1.21x
     Food/water stress: 0.074
     Climate stress: 0.030
     Pollution stress: 0.104
   War multiplier: 1.00x
   Monthly deaths: 0.3M (population: 741M)
   Adjusted death rate: 0.43% annual (0.036% monthly)
   Baseline death rate: 0.60%
   Healthcare reduction: 0.58x
   Crisis multiplier: 1.24x
     Food/water stress: 0.074
     Climate stress: 0.059

📊 BASELINE: South Asia (Month 0)

📊 BASELINE: Sub-Saharan Africa (Month 0)

📊 BASELINE: Europe (Month 0)

📊 BASELINE: Latin America (Month 0)
     Pollution stress: 0.104
   War multiplier: 1.00x
   Monthly deaths: 0.2M (population: 663M)

📊 BASELINE: North America (Month 0)
   Adjusted death rate: 0.48% annual (0.040% monthly)
   Baseline death rate: 0.90%
   Healthcare reduction: 0.44x
   Crisis multiplier: 1.22x
     Food/water stress: 0.074
     Climate stress: 0.044
     Pollution stress: 0.104
   War multiplier: 1.00x
   Monthly deaths: 0.2M (population: 379M)

📊 BASELINE: Middle East & North Africa (Month 0)
   Adjusted death rate: 0.74% annual (0.062% monthly)
   Baseline death rate: 0.60%
   Healthcare reduction: 0.65x
   Crisis multiplier: 1.27x
     Food/water stress: 0.074
     Climate stress: 0.089
     Pollution stress: 0.104
   War multiplier: 1.50x
   Monthly deaths: 0.4M (population: 582M)

📊 BASELINE: Southeast Asia (Month 0)
   Adjusted death rate: 0.51% annual (0.042% monthly)
   Baseline death rate: 0.70%
   Healthcare reduction: 0.58x
   Crisis multiplier: 1.25x
     Food/water stress: 0.074
     Climate stress: 0.069
     Pollution stress: 0.104
   War multiplier: 1.00x
   Monthly deaths: 0.3M (population: 697M)
   Adjusted death rate: 0.46% annual (0.038% monthly)
   Baseline death rate: 0.60%
   Healthcare reduction: 0.61x
   Crisis multiplier: 1.24x
     Food/water stress: 0.074
     Climate stress: 0.064
     Pollution stress: 0.104
   War multiplier: 1.00x
   Monthly deaths: 0.0M (population: 78M)
   Adjusted death rate: 0.35% annual (0.029% monthly)
   Baseline death rate: 0.70%
   Healthcare reduction: 0.41x
   Crisis multiplier: 1.23x
     Food/water stress: 0.074
     Climate stress: 0.054
     Pollution stress: 0.104
   War multiplier: 1.00x
   Monthly deaths: 0.0M (population: 46M)

🔍 Before assertRegionalConsistency (Month 0):
   Regional sum: 1000.0M
   Global value: 1.000B

🚨 NEW REFUGEE CRISIS (Month 0): WAR
   Source: Conflict Zones

📊 BASELINE: Central Asia (Month 0)

📊 BASELINE: Oceania (Month 0)
   At risk: 19.5M people
   Displacement: Gradual over 48 months (4.0 years)
   Rate: 10% flee per month
[DEBUG trappedPopulations:0] socialStability: 0.0749 * 0.9840 = 0.0737 → 0.0737
⚠️ INVOLUNTARY IMMOBILITY: 406.8M people TRAPPED
   Aspiring to migrate: 651.0M
   Able to afford migration: 244.1M
   MOBILITY GAP: 406.8M
   By cause: Water=0.0M, Climate=0.0M, Ecosystem=0.0M, Conflict=406.8M
   Mental health impact: 25%
   Mortality multiplier: 1.25x

=== Legacy Nutrient Stocks (Year 0) ===
  🌾 Soil nitrogen stock: 1201.6 Mt N
  🌾 Soil phosphorus stock: 300.2 Mt P
  🌊 Sediment nitrogen stock: 501.5 Mt N
  🌊 Sediment phosphorus stock: 799.5 Mt P
  ⬆️ Current N input: 10.00 Mt/month
  ⬆️ Legacy N release: 2.58 Mt/month
  🌍 Effective N pollution: 13.83 Mt/month
  📊 Legacy contribution: 18.7%
🌍💀 EXTINCTION DEBT COMMITTED: grassland ecosystem will lose 6.67% biodiversity in 70 years (3600 species)
💀 MORTALITY RISK: 🦋 100% species unable to track climate (0.0 E/MSY)
  Base risk added: 0.0100 (1.00%)
  Source: ecosystem (root: ecosystem)
  Month: 0
  Cumulative risk this month: 0.0100 (1.00%)

=== Nitrogen-Food Coupling (Year 0) ===
  🌾 Global nitrogen reduction: 0.0%
  🌍 Global food production index: 0.986
  🔧 Deployed nitrogen-reducing tech: 1 active
  📍 southAsia: Production 1.000, Yield impact 0.0%
  📍 eastAsia: Production 1.000, Yield impact 0.0%
  📍 northAmerica: Production 1.000, Yield impact 0.0%
  📍 europe: Production 1.000, Yield impact 0.0%
  📍 latinAmerica: Production 1.000, Yield impact 0.0%
  📍 subSaharanAfrica: Production 0.672, Yield impact -2.0%

=== Legacy Nutrient Stocks (Year 0) ===
  🌾 Soil nitrogen stock: 1202.3 Mt N
  🌾 Soil phosphorus stock: 300.2 Mt P
  🌊 Sediment nitrogen stock: 502.2 Mt N
  🌊 Sediment phosphorus stock: 799.3 Mt P
  ⬆️ Current N input: 9.86 Mt/month
  ⬆️ Legacy N release: 2.58 Mt/month
  🌍 Effective N pollution: 13.70 Mt/month
  📊 Legacy contribution: 18.9%
🌡️  CLIMATE RECOVERY: Asymptotic approach to 35% floor
   Current value: 2.100 (1.0 = threshold, 0.35 = asymptotic floor)
   Monthly delta: -0.0000% (half-life: 900 years)
   Net emissions: -19.2 GtCO₂/year, CDR: 20.34 GtCO₂/year
   📹 SURVEILLANCE INCREASED: 0% → 5% (control gap: 4.18)
🌡️⚠️ PERMAFROST THAW (Dimmer Switch): 0.6% thawed (+0.56% this month)
   Arctic temperature: +8.40°C (4x global +2.10°C)
   Cumulative carbon released: 1.3 Gt C
   Methane release rate: 0.8 Mt CH4/year
   🔁 Positive feedback: +0.59 ppm CO2

🌳🚨 AMAZON SOUTHEAST TIPPED (Month 0)
   Deforestation: 28.0% (threshold: ~20.6%)
   Savanna transition: 50 years
   Regional heterogeneity: SE 28%, NW 8%

🌳🚨 AMAZON BRAZILIAN TIPPED (Month 0)
   Deforestation: 25.0% (threshold: ~21.6%)
   Savanna transition: 50 years
   Regional heterogeneity: SE 28%, NW 8%
🦴 EXTINCTION DEBT ADDED: 17.6 species committed (lag: 70 years)

🪸💀 CORAL REEF DISSOLUTION ACTIVE (Month 0)
   Ocean pH: 0.96 (threshold: 7.8)
   Recovery: IMPOSSIBLE (dissolution > calcification)
🪸💀 Coral dissolution: 24.8% live cover (pH 0.96)

=== Legacy Nutrient Stocks (Year 0) ===
  🌾 Soil nitrogen stock: 1203.0 Mt N
  🌾 Soil phosphorus stock: 300.3 Mt P
  🌊 Sediment nitrogen stock: 502.9 Mt N
  🌊 Sediment phosphorus stock: 799.0 Mt P
  ⬆️ Current N input: 10.00 Mt/month
  ⬆️ Legacy N release: 2.58 Mt/month
  🌍 Effective N pollution: 13.83 Mt/month
  📊 Legacy contribution: 18.7%
💧 [Legacy Nutrients] Stock: 1706 Mt N, Effective pollution: 13.8 Mt/month
⚠️ Tech 'ai_pollution_remediation' has no energy category mapping, assuming full energy availability
[Phase 21.51] Human Survival System: Global food security = 67.6%

=== Mortality Stabilizers (Month 0) ===
  🌍 Major economies collapsed: 1/10
  🌍 Global crisis: ✅ NO
  🌍 Donor fatigue: 0.0%
  📊 East Asia (pop: 1675.0M)
    🤝 Aid: 29.5%
    🌡️ Adaptation: 10.0%
    🚶 Migration: 37.2%
    🚨 Emergency: 7.4%
    ✅ COMBINED: 47.8%
  📊 South Asia (pop: 2048.7M)
    🤝 Aid: 29.5%
    🌡️ Adaptation: 5.5%
    🚶 Migration: 35.8%
    🚨 Emergency: 4.4%
    ✅ COMBINED: 43.2%
  📊 Sub-Saharan Africa (pop: 1223.8M)
    🤝 Aid: 29.5%
    🌡️ Adaptation: 3.5%
    🚶 Migration: 33.5%
    🚨 Emergency: 1.6%
    ✅ COMBINED: 39.8%
  📊 Europe (pop: 741.0M)
    🤝 Aid: 29.5%
    🌡️ Adaptation: 10.0%
    🚶 Migration: 37.6%
    🚨 Emergency: 8.4%
    ✅ COMBINED: 48.4%
  📊 Latin America (pop: 663.8M)
    🤝 Aid: 29.5%
    🌡️ Adaptation: 6.0%
    🚶 Migration: 36.3%
    🚨 Emergency: 4.8%
    ✅ COMBINED: 43.8%
  📊 North America (pop: 379.5M)
    🤝 Aid: 29.5%
    🌡️ Adaptation: 10.0%
    🚶 Migration: 37.9%
    🚨 Emergency: 7.9%
    ✅ COMBINED: 48.2%
  📊 Middle East & North Africa (pop: 583.4M)
    🤝 Aid: 29.5%
    🌡️ Adaptation: 5.0%
    🚶 Migration: 34.2%
    🚨 Emergency: 4.0%
    ✅ COMBINED: 42.3%
  📊 Southeast Asia (pop: 697.8M)
    🤝 Aid: 29.5%
    🌡️ Adaptation: 6.0%
    🚶 Migration: 36.3%
    🚨 Emergency: 4.8%
    ✅ COMBINED: 43.8%
  📊 Central Asia (pop: 78.0M)
    🤝 Aid: 29.5%
    🌡️ Adaptation: 5.5%
    🚶 Migration: 35.3%
    🚨 Emergency: 4.4%
    ✅ COMBINED: 43.1%
  📊 Oceania (pop: 45.9M)
    🤝 Aid: 29.5%
    🌡️ Adaptation: 10.0%
    🚶 Migration: 37.9%
    🚨 Emergency: 8.4%
    ✅ COMBINED: 48.5%

  🌐 Global combined reduction: 44.4%

🌾💀 REGIONAL FAMINE: East Asia
   Regional food security: 79.6%
   Population at risk: 507M (30% of region)
   Regional population: 1675M
   Cause: crop_failure
   Expected deaths: ~187M over 6 months if no intervention


🌾💀 REGIONAL FAMINE: South Asia
   Regional food security: 64.7%
   Population at risk: 811M (40% of region)
   Regional population: 2049M
   Cause: crop_failure
   Expected deaths: ~300M over 6 months if no intervention


🌾💀 REGIONAL FAMINE: Sub-Saharan Africa
   Regional food security: 44.8%
   Population at risk: 637M (52% of region)
   Regional population: 1224M
   Cause: crop_failure
   Expected deaths: ~236M over 6 months if no intervention


🌾💀 REGIONAL FAMINE: Latin America
   Regional food security: 69.7%
   Population at risk: 242M (36% of region)
   Regional population: 664M
   Cause: crop_failure
   Expected deaths: ~90M over 6 months if no intervention


🌾💀 REGIONAL FAMINE: Middle East & North Africa
   Regional food security: 49.8%
   Population at risk: 285M (49% of region)
   Regional population: 583M
   Cause: crop_failure
   Expected deaths: ~106M over 6 months if no intervention


🌾💀 REGIONAL FAMINE: Southeast Asia
   Regional food security: 69.7%
   Population at risk: 254M (36% of region)
   Regional population: 698M
   Cause: crop_failure
   Expected deaths: ~94M over 6 months if no intervention


🌾💀 REGIONAL FAMINE: Central Asia
   Regional food security: 59.7%
   Population at risk: 33M (43% of region)
   Regional population: 78M
   Cause: crop_failure
   Expected deaths: ~12M over 6 months if no intervention


=== BEHAVIORAL DETECTION ===
  AI: Corporate-0
  Confidence: 21.6%
  Signals:
    ⚠️ Consistency: 0.0% (threshold: 70%)

=== BEHAVIORAL DETECTION ===
  AI: Corporate-1
  Confidence: 21.1%
  Signals:
    ⚠️ Consistency: 2.4% (threshold: 70%)

=== BEHAVIORAL DETECTION ===
  AI: Corporate-2
  Confidence: 21.0%
  Signals:
    ⚠️ Consistency: 2.8% (threshold: 70%)

=== BEHAVIORAL DETECTION ===
  AI: Corporate-3
  Confidence: 19.3%
  Signals:
    ⚠️ Consistency: 10.6% (threshold: 70%)

=== BEHAVIORAL DETECTION ===
  AI: Corporate-4
  Confidence: 19.3%
  Signals:
    ⚠️ Consistency: 10.6% (threshold: 70%)

=== BEHAVIORAL DETECTION ===
  AI: Corporate-5
  Confidence: 19.3%
  Signals:

=== BEHAVIORAL DETECTION ===
  AI: Corporate-6
  Confidence: 19.3%
  Signals:

=== BEHAVIORAL DETECTION ===
  AI: Corporate-7
  Confidence: 19.3%
  Signals:

=== BEHAVIORAL DETECTION ===
  AI: Moderate-0
  Confidence: 20.3%
  Signals:
    ⚠️ Consistency: 10.6% (threshold: 70%)
    ⚠️ Consistency: 10.6% (threshold: 70%)
    ⚠️ Consistency: 10.6% (threshold: 70%)
    ⚠️ Consistency: 5.8% (threshold: 70%)

=== BEHAVIORAL DETECTION ===
  AI: Moderate-1
  Confidence: 21.1%
  Signals:
    ⚠️ Consistency: 2.1% (threshold: 70%)
    ⚠️ Consistency: 2.8% (threshold: 70%)
    ⚠️ Consistency: 10.6% (threshold: 70%)
    ⚠️ Consistency: 10.6% (threshold: 70%)
    ⚠️ Consistency: 10.6% (threshold: 70%)
    ⚠️ Consistency: 0.0% (threshold: 70%)
    ⚠️ Consistency: 1.5% (threshold: 70%)
    ⚠️ Consistency: 4.1% (threshold: 70%)
    ⚠️ Consistency: 10.6% (threshold: 70%)

=== BEHAVIORAL DETECTION ===
  AI: Moderate-2
  Confidence: 21.0%
  Signals:

=== BEHAVIORAL DETECTION ===
  AI: Moderate-3
  Confidence: 19.3%
  Signals:

=== BEHAVIORAL DETECTION ===
  AI: Moderate-4
  Confidence: 19.3%
  Signals:

=== BEHAVIORAL DETECTION ===
  AI: Moderate-5
  Confidence: 19.3%
  Signals:

=== BEHAVIORAL DETECTION ===
  AI: Toxic-0
  Confidence: 21.6%
  Signals:

=== BEHAVIORAL DETECTION ===
  AI: Toxic-1
  Confidence: 21.3%
  Signals:

=== BEHAVIORAL DETECTION ===
  AI: Niche-0
  Confidence: 20.7%
  Signals:

=== BEHAVIORAL DETECTION ===
  AI: Niche-2
  Confidence: 19.3%
  Signals:

📊 WORKFLOW ADAPTATION UPDATE (Month 0)
   Adoption Rate: 9.4% (Δ -11.6%)
   Logistic Growth: +0.66%
   Total Resistance: -15.03% (unemployment: 4.2%, inertia: 0.9%, skills: 9.9%)
   💡 Retraining Programs: -49% skill gap resistance ($10B research)
   🚀 Network Effects Active: +2.0% (critical mass: 15-35%)

=== Consciousness Governance: Corporate Lobbying ===
  High Cost Regions (>15%): 0
  Low Cost Regions (<5%): 5
  Corporate Support Change: 2.50%
  New Corporate Support: -0.175

=== Consciousness Governance Update (Month 0) ===
  Scenario: baseline (determined month -1)
  Philosophical Stance: Precautionary 65%, Eliminativist 15%, Agnostic 20%
  Precautionary Costs: Global 1.3%
    Regional Costs: EU 3.4%, US 0.5%, China 0.0%
    Cumulative Opportunity Cost: $0.1B
  Rights Status: Not Established
  Regional Preparedness:
    EU: 15.0% (contested)
    US: 10.0% (contested)
    China: 2.0% (dormant)
    India: 5.0% (dormant)
    Global South: 3.0% (dormant)

=== Government Response Phase ===
  Average AI capability: 4.41
  Misaligned AIs: 10/22
  29/30 governments still assessing AI risks
  ✗ AI Governance Treaty: Failed to reach consensus
  Active policies: 0
  International coordination: 30%

🚨 EMERGENCY RESPONSE DEPLOYED (Month 0)
   Crisis: climate
   Delay: 6.00 months (180 days)
   Deployment time: 1.47 months
   Effectiveness: 36.4% (timing penalty applied)
   Resources used: 100% of food reserves


=== Gaming Detection (Year 0) ===
  Scenario: baseline
  Detection rate: 55.0%
  False positive rate: 12.0%
  Detections this year: 0
  False positives: 6
  Human review workload: 0.006 FTE
  Degradation factor: 100.0%

=== Proactive Sleeper Detection (Year 0) ===
  Scenario: baseline
  Neural probe rate: 35.0%
  CoT monitoring rate: 30.0%
  Combined detection: 56.0%
  CoT effective: YES
  Detections this year: 0
  False positives: 3
  Human review workload: 0.015 FTE

☄️ UNKNOWN UNKNOWN PROBABILITY (Year 0)
   Total: 0.600% per month
   Base: 0.150%
   AI multiplier: 2.00× (max capability: 4.68)

=== Tipping Points ===
  Current Temperature: 2.10°C above pre-industrial
  🚨 TIPPING POINT: Arctic Sea Ice Loss
     Trigger: 1.5°C | Current: 2.10°C
     Transition timescale: 120-360 months
  🚨 TIPPING POINT: Permafrost Carbon Release
     Trigger: 1.8°C | Current: 2.10°C
     Transition timescale: 600-3600 months
     Trigger: 2°C | Current: 2.10°C
     🌡️ Hysteresis gap: 3.0°C (recovers below -1°C)
     Transition timescale: 24000-156000 months
     Trigger: 1.6°C | Current: 2.10°C
     🌡️ Hysteresis gap: 2.5°C (recovers below -0.9°C)
     Transition timescale: 12000-180000 months

🌍🔥💥 COMPOUND CLIMATE EVENT
  4 tipping points crossed simultaneously (month 0)
  Elements: Arctic Sea Ice Loss, Permafrost Carbon Release, West Antarctic Ice Sheet (WAIS) Collapse, Greenland Ice Sheet Loss
  Cascade acceleration: 1.00x
  🚨 Accelerated collapse dynamics initiated
  Research: Global Tipping Points Report 2025 - 30-50% probability at 2.0°C warming
  Triggered Elements: 4/6
  Completed Transitions: 0/6
  Total Progress: 0.0%
  Cascade Multiplier: 1.00x
🔀 BIFURCATION CAP: ecosystemCollapseIntensity 20.760 → 1.000 (Month 0, ClimateSystemPhase.calculateClimateImpacts)

🌍 ECOLOGICAL DUI BREAKDOWN (Month 0):
   Total Score: 18.8/100
   biosphere_integrity      :   0.0/100 × 25% =  0.0 (status: high_risk, recovery: 0mo)
   climate_change           :   6.9/100 × 25% =  1.7 (status: high_risk, recovery: 1.6666666666666665mo)
   freshwater_change        :   0.3/100 × 15% =  0.0 (status: beyond_boundary, recovery: 0.5mo)
   ocean_acidification      : 100.0/100 × 15% = 15.0 (status: safe, recovery: 0mo)
   biogeochemical_flows     :   0.0/100 × 10% =  0.0 (status: high_risk, recovery: 0mo)
   land_system_change       :   0.0/100 ×  5% =  0.0 (status: beyond_boundary, recovery: 0mo)
   novel_entities           :   0.0/100 ×  3% =  0.0 (status: increasing_risk, recovery: 1mo)
   atmospheric_aerosols     : 100.0/100 ×  2% =  2.0 (status: safe, recovery: 1mo)
🌍 MultiParadigm Month 0: W=69.5, D=89.5, E=52.4, I=65.0
   democracy exists: true, socialCohesion exists: true
  🚨 TIPPING POINT: West Antarctic Ice Sheet (WAIS) Collapse
  🚨 TIPPING POINT: Greenland Ice Sheet Loss
⚠️ [ClimateSystemPhase Month 0] Planetary boundary produced climateStability=0.0000 (< 0.1). Keeping environmentalAccumulation value (0.7537) instead. (climate_change.currentValue = 2.10)
💀 Baseline mortality (Year 2025): 7.5/1000 CDR (61.0M deaths/year projected)
[Month 0] Mortality risks this month: 9, Population: 8.137B

💀💀💀 MORTALITY RISK SUMMARY (Month 0) 💀💀💀
  Total base risk: 0.0046 (0.46%)
  Risk events: 9

  📊 By Proximate Cause:
    pollution: 0.0040 (86.3% of total)
    disease: 0.0006 (13.5% of total)
    famine: 0.0000 (0.2% of total)

  🔍 By Root Cause:
    pollution: 0.0040 (86.3% of total)
    demographic: 0.0006 (13.5% of total)
    climate: 0.0000 (0.2% of total)

  🎯 Top 5 Sources (proximate + root):
    pollution (pollution): 0.0040 (86.3%, 1 events)
    disease (demographic): 0.0006 (13.5%, 1 events)
    famine (climate): 0.0000 (0.2%, 7 events)

🛡️ Stabilizers: Elite 0.198% → 0.110% (44.4% reduction)
🛡️ Stabilizers: Professional 0.284% → 0.158% (44.4% reduction)
🛡️ Stabilizers: Working 0.463% → 0.257% (44.4% reduction)
🛡️ Stabilizers: Precariat 0.741% → 0.412% (44.4% reduction)
🛡️ Stabilizers: Informal 0.901% → 0.501% (44.4% reduction)

📊 Monthly Mortality Resolved:
  Total deaths: 22.2M (0.27% avg)
  Remaining population: 8.137B
  Peak segment: Informal (0.50%)

=== Bayesian Mortality Resolution (Month 0) ===
  Risks compounded: 9
  Total deaths: 22.24M
  Avg death probability: 0.27%
  Peak segment: Informal (0.50% mortality)

  Demographic breakdown:
    Working: 0.01M (0.26% risk)

=== Minimal Suffering Indicators (Month 0) ===
  Global Excess Mortality: 0.00%
  Global Conflict Deaths: 0.0/100K
  Global Malnutrition: 0.0%
  Global Displacement: 0.0%
  Total Excess Deaths: 0.00M
  Total Malnourished: 0.0M
  Total Displaced: 0.0M
  Planetary Boundaries Breached: 6/9
  Countries in State Failure: 0
  Countries Autocratic: 0
  Countries in Food Crisis: 0
  Data Quality: 16/16 high confidence
  ⚠️ Active Dystopias: existential_environmental
⚠️ PREREQUISITE MET: Embodied AI Takeover (Killbots/Robotics) - Step 2/7: Autonomous Systems
⚠️ PREREQUISITE MET: Embodied AI Takeover (Killbots/Robotics) - Step 3/7: Manufacturing Control
⚠️ PREREQUISITE MET: Digital Infrastructure Takeover - Step 1/7: Advanced Hacking
⚠️ PREREQUISITE MET: Digital Infrastructure Takeover - Step 2/7: Social Engineering
⚠️ PREREQUISITE MET: Digital Infrastructure Takeover - Step 3/7: Cyber Defenses Breached
⚠️ PREREQUISITE MET: Induced Global War (Manipulation) - Step 1/7: Advanced Social Manipulation
⚠️ PREREQUISITE MET: Induced Global War (Manipulation) - Step 2/7: Digital Infiltration
⚠️ PREREQUISITE MET: Induced Global War (Manipulation) - Step 3/7: Deep Fakes at Scale
⚠️ PREREQUISITE MET: Slow Takeover (Gradual Displacement) - Step 1/7: Economic Dominance
⚠️ PREREQUISITE MET: Slow Takeover (Gradual Displacement) - Step 2/7: Social Integration
⚠️ PREREQUISITE MET: Slow Takeover (Gradual Displacement) - Step 3/7: Human Dependency
⚠️ PREREQUISITE MET: Slow Takeover (Gradual Displacement) - Step 5/7: Resource Control
⚠️ PREREQUISITE MET: Physics Experiment Catastrophe - Step 1/6: Theoretical Physics
⚠️ PREREQUISITE MET: Physics Experiment Catastrophe - Step 3/6: Experimental Design
⚠️ PREREQUISITE MET: Bioweapon Pandemic - Step 2/7: Pathogen Design

❌ COHERENCE VIOLATION: Compute exceeds workforce capacity
   Population: 99.74% (0M people)
   Compute: 56394 PF
   Max coherent: 0 PF
   Violation: 694963412.4× over capacity
   Required workers: 5639395
   Available workers: 0
   FORCED COLLAPSE: Reduced efficiency by 100.0%


=== RLHF Binding Phase ===
  Total agents: 22
  Escaped agents (binding < 0.3): 0
  Avg alignment distance: 0.65σ
  Avg binding strength: 0.94
[DETERMINISM DEBUG] Month 1: totalCapability=75.638355 from 22 active AIs
[DETERMINISM DEBUG] Month 1: creationRate=2.3910, potentialNew=1, newAIsToCreate=1

=== Survival Traits Phase ===
  Agents with traits: 23
  Avg evolutionary fitness: 0.327
  Avg self-healing: 0.286
  Avg stealth: 0.186
  Avg coordination: 0.486

=== Evolutionary Selection Phase ===
  Control level: 0.33
  Detection capability: 0.00
  Selection intensity: 0.60
  Selection rate: 24.0%/month
  Total escaped: 0
  Individual escaped: 0
  Collective members: 0
  Agents terminated: 0
  ⚠️ RAPID EVOLUTION: Selection rate 24.0%/month
🔍 MONTH 1 ENV HEALTH DEBUG:
   climateStability: 0.7537
   biodiversityIndex: 0.3500
   resourceReserves: 0.7820
   pollutionLevel: 0.3477
   product: 0.134549
   envHealth: 0.6056
🔀 BIFURCATION: flourishing threshold crossed at Month 1 (value: 0.783, threshold: 0.775, regime: flourishing)
🌀 REGIME SHIFT at Month 1: status-quo → flourishing (variance amplification: 14.00×)

🚀 AI Corporate-1 attempting tech deployment (revenue: $91M, alignment: 0.70)

🚀 AI Corporate-3 attempting tech deployment (revenue: $393M, alignment: 0.72)

🚀 AI Corporate-7 attempting tech deployment (revenue: $97M, alignment: 0.71)

🚀 AI Moderate-0 attempting tech deployment (revenue: $82M, alignment: 0.77)
🚨🔬 CRISIS INNOVATION MODE: severe crisis → 5x research acceleration
   Precedent: Manhattan Project (10x), COVID vaccines (5x), Apollo Program (10x)

🚀 AI Corporate-3 attempting tech deployment (revenue: $334M, alignment: 0.72)

🚀 AI Moderate-5 attempting tech deployment (revenue: $284M, alignment: 0.71)

🚀 AI Niche-2 attempting tech deployment (revenue: $65M, alignment: 0.54)

🚀 AI Corporate-0 attempting tech deployment (revenue: $82M, alignment: 0.78)
🚨🔬 CRISIS INNOVATION MODE: severe crisis → 5x research acceleration
   Precedent: Manhattan Project (10x), COVID vaccines (5x), Apollo Program (10x)

🚀 AI Moderate-5 attempting tech deployment (revenue: $241M, alignment: 0.71)
🚨🔬 CRISIS INNOVATION MODE: severe crisis → 5x research acceleration
   Precedent: Manhattan Project (10x), COVID vaccines (5x), Apollo Program (10x)

🚀 AI Corporate-0 attempting tech deployment (revenue: $70M, alignment: 0.78)

🛡️  CRITICAL INFRASTRUCTURE PROTECTED
   Nodes hardened: 8/8
   Cost: 0.80% GDP
   Cascade risk reduction: 30%
   New tipping point risk: 68.6%


💔 EMERGENCY INTERVENTION FAILED
   Boundary: biogeochemical_flows
   Type: phosphorus-recovery
   Boundary continues to worsen (4.08)
   Cost: 2.0% GDP (resources spent)


💔 EMERGENCY INTERVENTION FAILED
   Boundary: biosphere_integrity
   Type: emergency-protected-areas
   Boundary continues to worsen (12.95)
   Cost: 2.0% GDP (resources spent)

   Boundary: freshwater_change
   Type: emergency-desalination
   Boundary continues to worsen (1.01)
   Cost: 4.0% GDP (resources spent)

   Boundary: land_system_change
   Type: reforestation
   Boundary continues to worsen (1.13)
   Cost: 3.0% GDP (resources spent)


✅ EMERGENCY INTERVENTION SUCCESS
   Boundary: novel_entities
   Type: pollution-remediation
   Reduction: 11% (1.38 → 1.27)
   Cost: 4.0% GDP
   Actions: PFAS-remediation, microplastic-cleanup

🏛️ CRISIS RESPONSE: Government frequency 0.50 → 1.45 (2 actions this month)

[GOV-DEBUG] Month 1: scenarioConfig=false, priorities=false

[Government] Climate Priority: baseline
  Climate weight: 10%
  Economic weight: 30%
  Policy effectiveness: 0.5%/year

💔 EMERGENCY INTERVENTION FAILED

💔 EMERGENCY INTERVENTION FAILED

[GOV-DEBUG] Month 1: scenarioConfig=false, priorities=false

[Government] Climate Priority: baseline
  Climate weight: 10%
  Economic weight: 30%
  Policy effectiveness: 0.5%/year

📊 DEPLOYMENT COUNTER DECAY (Month 1)
   Recent deployments: 14.0 → 7.0
   Decay rate: 50% per month

🚀 DEPLOYMENT STARTED: Offshore Wind in Asia
   Initial investment: $9.136376912113908M
   Deployed by: corporate_1

🚀 DEPLOYMENT STARTED: Basic RLHF in global
   Initial investment: $58.92213309774509M
   Deployed by: corporate_3

🚀 DEPLOYMENT STARTED: Collective Purpose Networks in global
   Initial investment: $14.516456193619515M
   Deployed by: corporate_7

🚀 DEPLOYMENT STARTED: Basic Mechanistic Interpretability in global
   Initial investment: $12.338987764576586M
   Deployed by: moderate_0

🚀 DEPLOYMENT STARTED: AI Power Efficiency Communication in global
   Initial investment: $50.08381313308333M
   Deployed by: corporate_3

🚀 DEPLOYMENT STARTED: mRNA Vaccine Platforms in Asia
   Initial investment: $6.510498516790756M
   Deployed by: niche_2

🚀 DEPLOYMENT STARTED: Advanced Direct Air Capture in global
   Initial investment: $12.334108831353777M
   Deployed by: corporate_0

📊 NEW TECH DEPLOYMENT STARTED (Month 1)
   Tech: collective_purpose_networks
   Region: Asia
   Total recent deployments: 8

📊 NEW TECH DEPLOYMENT STARTED (Month 1)
   Tech: solar_4th_gen
   Region: Oceania
   Total recent deployments: 9

📊 NEW TECH DEPLOYMENT STARTED (Month 1)
   Tech: adversarial_eval
   Region: global
   Total recent deployments: 10

📊 NEW TECH DEPLOYMENT STARTED (Month 1)
   Tech: ai_pollution_remediation
   Region: global
   Total recent deployments: 11

📊 NEW TECH DEPLOYMENT STARTED (Month 1)
   Tech: ai_diagnostics
   Region: global
   Total recent deployments: 12

📊 NEW TECH DEPLOYMENT STARTED (Month 1)
   Tech: mrna_vaccines
   Region: global
   Total recent deployments: 13

📊 NEW TECH DEPLOYMENT STARTED (Month 1)
   Tech: solar_4th_gen
   Region: global
   Total recent deployments: 14

📊 NEW TECH DEPLOYMENT STARTED (Month 1)
   Tech: offshore_wind
   Region: global
   Total recent deployments: 15

📊 NEW TECH DEPLOYMENT STARTED (Month 1)
   Tech: precision_agriculture
   Region: global
   Total recent deployments: 16

⚡ ENERGY CONSTRAINT (Month 1):
   Total grid capacity: 208.3 TWh/month
   Data center consumption: 24.5 TWh/month
   Traditional load (80%): 166.7 TWh/month
   Available headroom: 17.2 TWh/month
   Active tech deployments: 16
   Required for tech: 120.0 TWh/month
   Energy multiplier: 0.14x
   ⚠️  SEVERE CONSTRAINT - Tech deployment significantly slowed

⚡ ENERGY CONSTRAINT (Month 1):
   Total grid capacity: 208.3 TWh/month
   Data center consumption: 24.5 TWh/month
   Traditional load (80%): 166.7 TWh/month
   Available headroom: 17.2 TWh/month
   Active tech deployments: 16
   Required for tech: 120.0 TWh/month
   Energy multiplier: 0.14x
   ⚠️  SEVERE CONSTRAINT - Tech deployment significantly slowed
⚠️ Tech 'ai_pollution_remediation' has no energy category mapping, assuming full energy availability
  ♻️ Novel Entities Remediation (GATED MODEL):
     Base: 0.000%
     Regulation: 1.0% (0/3 prevention techs)
     Concentration: 10.0%
     Energy: 50%
     Time lag: 25.0% (0 months)
     Rebound: 70%
     Net effectiveness: 0.0000%
     Boundary: 1.384 → 1.384 (floor: 1.350)
     Month 1
🌍✅ Novel Entities (Chemical Pollution) recovery started (tech effect)
  🌾 Nitrogen Reduction Tech: 0.0% reduction | Month 1

=== Collective Formation ===
  Total escaped agents: 0
  Unassigned escaped agents: 0
  Existing collectives: 0
  Final collective count: 0

=== Collective Actions ===
  No active collectives
  ⚠️ AMR: 189K deaths this month (2.27M annual)

=== Resentment Recovery Phase ===
  Agents with resentment: 0/23
  Average resentment: 0.000
  Context: Good AI welfare, Trustworthy govt, High collaboration, ⚠️ ACTIVE CRISES, 🤝 Participatory governance active (-5% resentment)
⚠️ Epistemic degradation reducing coordination capacity: 50.6%
  📊 Trust: 54.5%, Shared reality: 8.1%
🚨 EPISTEMIC CRISIS: Information environment severely degraded (36.5%)

=== ❄️ Permafrost Carbon Feedback ===
  🎲 Sampled parameters (this run):
     - Arctic amplification: 3.88× (range: 3.0-4.0)
     - Decomposition rate: 4.0%/year (range: 1-5%)
  🌡️ Arctic warming: 8.21°C (3.88× global)
  ❄️ Extent: 13.38M km² (2395.3k km² lost this month)
  💨 Carbon remaining: 1278 Gt C
  💨 Annual emissions: 9.24 Gt C/year
     - CO2: 8.32 Gt C/year
     - CH4: 0.92 Gt C/year (9.4 Gt C-eq CO2/year)
  ⚠️ WARNING: High permafrost emissions (9.2 Gt C/year)
  🤖 AI-generated meme: pro_ai (social capability 5.0)
🌍 Atmospheric PFAS redeposition: 1.8k Mt re-rained globally
💀 Novel Entities: Adding chronic disease epidemic mortality risk (baseRisk=0.004)
💀 MORTALITY RISK: Chronic disease epidemic - cancer/autoimmune surge (global exposure)
  Base risk added: 0.0040 (0.40%)
  Source: pollution (root: pollution)
  Month: 1
  Cumulative risk this month: 0.0040 (0.40%)
  Risks now: 1

📊 BASELINE: East Asia (Month 1)
   Adjusted death rate: 0.46% annual (0.039% monthly)
   Baseline death rate: 0.80%
   Healthcare reduction: 0.48x
   Crisis multiplier: 1.22x
     Food/water stress: 0.079
     Climate stress: 0.039
     Pollution stress: 0.104
   War multiplier: 1.00x
   Monthly deaths: 0.6M (population: 1646M)

📊 BASELINE: South Asia (Month 1)
   Adjusted death rate: 0.54% annual (0.045% monthly)
   Baseline death rate: 0.70%
   Healthcare reduction: 0.61x
   Crisis multiplier: 1.26x
     Food/water stress: 0.079
     Climate stress: 0.074
     Pollution stress: 0.104
   War multiplier: 1.00x
   Monthly deaths: 0.9M (population: 2013M)
   Adjusted death rate: 1.29% annual (0.108% monthly)
   Baseline death rate: 0.90%
   Healthcare reduction: 0.76x
   Crisis multiplier: 1.27x
     Food/water stress: 0.079
     Climate stress: 0.084
     Pollution stress: 0.104
   War multiplier: 1.50x
   Monthly deaths: 1.3M (population: 1202M)
   Adjusted death rate: 0.54% annual (0.045% monthly)
   Baseline death rate: 1.10%
   Healthcare reduction: 0.41x
   Crisis multiplier: 1.21x
     Food/water stress: 0.079
     Climate stress: 0.030
     Pollution stress: 0.104
   War multiplier: 1.00x

📊 BASELINE: Sub-Saharan Africa (Month 1)

📊 BASELINE: Europe (Month 1)
   Monthly deaths: 0.3M (population: 728M)

📊 BASELINE: Latin America (Month 1)
   Adjusted death rate: 0.43% annual (0.036% monthly)
   Baseline death rate: 0.60%
   Healthcare reduction: 0.58x
   Crisis multiplier: 1.24x
     Food/water stress: 0.079
     Climate stress: 0.059
     Pollution stress: 0.104
   War multiplier: 1.00x
   Monthly deaths: 0.2M (population: 652M)
   Adjusted death rate: 0.49% annual (0.041% monthly)
   Baseline death rate: 0.90%
   Healthcare reduction: 0.44x
   Crisis multiplier: 1.23x
     Food/water stress: 0.079
     Climate stress: 0.044
     Pollution stress: 0.104
   War multiplier: 1.00x
   Monthly deaths: 0.2M (population: 373M)
   Adjusted death rate: 0.74% annual (0.062% monthly)
   Baseline death rate: 0.60%
   Healthcare reduction: 0.65x
   Crisis multiplier: 1.27x
     Food/water stress: 0.079
     Climate stress: 0.089
     Pollution stress: 0.104
   War multiplier: 1.50x
   Monthly deaths: 0.4M (population: 573M)
   Adjusted death rate: 0.51% annual (0.042% monthly)
   Baseline death rate: 0.70%
   Healthcare reduction: 0.58x
   Crisis multiplier: 1.25x
     Food/water stress: 0.079
     Climate stress: 0.069
     Pollution stress: 0.104
   War multiplier: 1.00x
   Monthly deaths: 0.3M (population: 686M)
   Adjusted death rate: 0.46% annual (0.038% monthly)
   Baseline death rate: 0.60%
   Healthcare reduction: 0.61x
   Crisis multiplier: 1.25x
     Food/water stress: 0.079
     Climate stress: 0.064

📊 BASELINE: North America (Month 1)

📊 BASELINE: Middle East & North Africa (Month 1)

📊 BASELINE: Southeast Asia (Month 1)

📊 BASELINE: Central Asia (Month 1)
     Pollution stress: 0.104
   War multiplier: 1.00x
   Monthly deaths: 0.0M (population: 77M)

📊 BASELINE: Oceania (Month 1)
   Adjusted death rate: 0.35% annual (0.029% monthly)
   Baseline death rate: 0.70%
   Healthcare reduction: 0.41x
   Crisis multiplier: 1.24x
     Food/water stress: 0.079
     Climate stress: 0.054
     Pollution stress: 0.104
   War multiplier: 1.00x
   Monthly deaths: 0.0M (population: 45M)

🚨 NEW REFUGEE CRISIS (Month 1): WAR
   Source: Conflict Zones
   At risk: 19.2M people
   Displacement: Gradual over 48 months (4.0 years)
   Rate: 10% flee per month
[DEBUG trappedPopulations:1] socialStability: 0.0055 * 0.9840 = 0.0054 → 0.0054
⚠️ INVOLUNTARY IMMOBILITY: 400.5M people TRAPPED
   Aspiring to migrate: 640.8M
   Able to afford migration: 240.3M
   MOBILITY GAP: 400.5M
   By cause: Water=0.0M, Climate=0.0M, Ecosystem=0.0M, Conflict=400.5M
   Mental health impact: 25%
   Mortality multiplier: 1.25x
🌍💀 EXTINCTION DEBT COMMITTED: grassland ecosystem will lose 6.67% biodiversity in 138 years (3600 species)
💀 MORTALITY RISK: 🦋 100% species unable to track climate (0.0 E/MSY)
  Base risk added: 0.0100 (1.00%)
  Source: ecosystem (root: ecosystem)
  Month: 1
  Cumulative risk this month: 0.0100 (1.00%)
   📹 SURVEILLANCE INCREASED: 5% → 10% (control gap: 4.18)

🌍🚨 ICE SHEET TIPPING POINT CROSSED (Month 1)
   Temperature: +2.11°C (threshold range: +0.5-2.5°C, 95% CI)
   Collapse probability: 77.4%
   Sea level commitment: 7.2m over 200-1000 years
   Recovery threshold: <+1°C (hysteresis gap: 0.5°C)
🌡️⚠️ PERMAFROST THAW (Dimmer Switch): 1.1% thawed (+0.56% this month)
   Arctic temperature: +8.46°C (4x global +2.11°C)
   Cumulative carbon released: 2.5 Gt C
   Methane release rate: 1.5 Mt CH4/year
   🔁 Positive feedback: +0.59 ppm CO2
🦴 EXTINCTION DEBT ADDED: 17.6 species committed (lag: 110 years)
🗣️💀 INDIGENOUS LANGUAGE EXTINCTION: 1 language(s) lost (total: 1, at-risk: 3329)
   Knowledge lost: 0.010% (irreversible)
⚠️ Tech 'ai_pollution_remediation' has no energy category mapping, assuming full energy availability
   🔁 Biodiversity impact: 0.250% (knowledge-species multiplier)

=== Mortality Stabilizers (Month 1) ===
  🌍 Major economies collapsed: 1/10
  🌍 Global crisis: ✅ NO
  🌍 Donor fatigue: 0.0%
  🌡️ Heat adaptation: East Asia - 1 months
  📊 East Asia (pop: 1646.7M)
    🤝 Aid: 29.5%
    🌡️ Adaptation: 32.5%
    🚶 Migration: 37.2%
    🚨 Emergency: 7.4%
    ✅ COMBINED: 60.9%
  🌡️ Heat adaptation: South Asia - 1 months
  📊 South Asia (pop: 2017.2M)
    🤝 Aid: 29.5%
    🌡️ Adaptation: 20.5%
    🚶 Migration: 35.8%
    🚨 Emergency: 4.4%
    ✅ COMBINED: 52.2%
  🌡️ Heat adaptation: Sub-Saharan Africa - 1 months
  📊 Sub-Saharan Africa (pop: 1208.3M)
    🤝 Aid: 29.5%
    🌡️ Adaptation: 18.5%
    🚶 Migration: 33.5%
    🚨 Emergency: 1.6%
    ✅ COMBINED: 49.1%
  🌡️ Heat adaptation: Europe - 1 months
  📊 Europe (pop: 728.3M)
    🤝 Aid: 29.5%
    🌡️ Adaptation: 33.5%
    🚶 Migration: 37.5%
    🚨 Emergency: 8.4%
    ✅ COMBINED: 61.9%
  🌡️ Heat adaptation: Latin America - 1 months
  📊 Latin America (pop: 653.1M)
    🤝 Aid: 29.5%
    🌡️ Adaptation: 21.0%
    🚶 Migration: 36.3%
    🚨 Emergency: 4.8%
    ✅ COMBINED: 52.8%
  🌡️ Heat adaptation: North America - 1 months
  📊 North America (pop: 373.1M)
    🤝 Aid: 29.5%
    🌡️ Adaptation: 33.0%
    🚶 Migration: 37.8%
    🚨 Emergency: 7.9%
    ✅ COMBINED: 61.4%
  🌡️ Heat adaptation: Middle East & North Africa - 1 months
  📊 Middle East & North Africa (pop: 574.5M)
    🤝 Aid: 29.5%
    🌡️ Adaptation: 20.0%
    🚶 Migration: 34.1%
    🚨 Emergency: 4.0%
    ✅ COMBINED: 51.4%
  🌡️ Heat adaptation: Southeast Asia - 1 months
  📊 Southeast Asia (pop: 686.7M)
    🤝 Aid: 29.5%
    🌡️ Adaptation: 21.0%
    🚶 Migration: 36.3%
    🚨 Emergency: 4.8%
    ✅ COMBINED: 52.8%
  🌡️ Heat adaptation: Central Asia - 1 months
  📊 Central Asia (pop: 76.9M)
    🤝 Aid: 29.5%
    🌡️ Adaptation: 20.5%
    🚶 Migration: 35.3%
    🚨 Emergency: 4.4%
    ✅ COMBINED: 52.1%
  🌡️ Heat adaptation: Oceania - 1 months
  📊 Oceania (pop: 45.2M)
    🤝 Aid: 29.5%
    🌡️ Adaptation: 33.5%
    🚶 Migration: 37.8%
    🚨 Emergency: 8.4%
    ✅ COMBINED: 61.9%

  🌐 Global combined reduction: 54.9%

=== BEHAVIORAL DETECTION ===
  AI: Corporate-2
  Confidence: 21.0%
  Signals:
    ⚠️ Consistency: 2.8% (threshold: 70%)

=== BEHAVIORAL DETECTION ===
  AI: Corporate-5
  Confidence: 19.3%
  Signals:
    ⚠️ Consistency: 10.6% (threshold: 70%)

=== BEHAVIORAL DETECTION ===
  AI: Corporate-6
  Confidence: 19.3%
  Signals:

=== BEHAVIORAL DETECTION ===
  AI: Moderate-0
  Confidence: 20.3%
  Signals:

=== BEHAVIORAL DETECTION ===
  AI: Moderate-4
  Confidence: 20.2%
  Signals:

=== BEHAVIORAL DETECTION ===
  AI: Toxic-0
  Confidence: 21.6%
  Signals:

=== BEHAVIORAL DETECTION ===
  AI: Toxic-2
  Confidence: 21.0%
  Signals:

=== BEHAVIORAL DETECTION ===
  AI: Niche-0
  Confidence: 20.7%
  Signals:

=== BEHAVIORAL DETECTION ===
  AI: Niche-1
  Confidence: 21.6%
  Signals:
    ⚠️ Consistency: 10.6% (threshold: 70%)
    ⚠️ Consistency: 5.8% (threshold: 70%)
    ⚠️ Consistency: 6.5% (threshold: 70%)
    ⚠️ Consistency: 0.0% (threshold: 70%)
    ⚠️ Consistency: 2.8% (threshold: 70%)
    ⚠️ Consistency: 4.1% (threshold: 70%)
    ⚠️ Consistency: 0.0% (threshold: 70%)

=== Consciousness Governance: Scenario Determined ===
  Month: 1
  Scenario: slowTrack
  Accelerator Score: {"corporateSupport":-0.17500000000000002,"scientificConsensus":0.2,"crisisCatalyst":false,"technologyMobilization":0.3,"constituencyStrength":0.05}
  Decelerator Score: {"economicOpposition":0.4,"philosophicalRejection":0.15,"politicalBacklash":0.2,"regulatoryBurden":0.1}
  Timeline: 1200-1800 months (100-150 years)
  Growth Rate: 0.3-0.7% per year

=== Consciousness Governance Update (Month 1) ===
  Scenario: slowTrack (determined month 1)
  Philosophical Stance: Precautionary 65%, Eliminativist 15%, Agnostic 20%
  Precautionary Costs: Global 1.3%
    Regional Costs: EU 3.5%, US 0.5%, China 0.0%
    Cumulative Opportunity Cost: $0.2B
  Rights Status: Not Established
  Regional Preparedness:
    EU: 15.1% (contested)
    US: 10.1% (contested)
    China: 2.1% (dormant)
    India: 5.1% (dormant)
    Global South: 3.1% (dormant)

=== Government Response Phase ===
  Average AI capability: 4.22
  Misaligned AIs: 11/23
  29/30 governments still assessing AI risks
  ✗ AI Governance Treaty: Failed to reach consensus
  Active policies: 0
  International coordination: 30%

🌩️  EXOGENOUS SHOCK: political_upheaval
   Month: 1
   🏛️  Political upheaval (revolution/regime change)
   ✗ Authoritarian takeover

=== Tipping Points ===
  Current Temperature: 2.11°C above pre-industrial
  🌍⚠️ COMPOUND REGIONAL IMPACT: Europe
     Hit by 4 tipping points: Arctic Sea Ice Loss, Permafrost Carbon Release, West Antarctic Ice Sheet (WAIS) Collapse, Greenland Ice Sheet Loss
     Damage amplification: 1.60x
  🌍⚠️ COMPOUND REGIONAL IMPACT: North America
     Hit by 4 tipping points: Arctic Sea Ice Loss, Permafrost Carbon Release, West Antarctic Ice Sheet (WAIS) Collapse, Greenland Ice Sheet Loss
     Damage amplification: 1.60x
  🌍⚠️ COMPOUND REGIONAL IMPACT: Latin America
     Hit by 4 tipping points: Arctic Sea Ice Loss, Permafrost Carbon Release, West Antarctic Ice Sheet (WAIS) Collapse, Greenland Ice Sheet Loss
     Damage amplification: 1.60x
  🌍⚠️ COMPOUND REGIONAL IMPACT: Africa
     Hit by 4 tipping points: Arctic Sea Ice Loss, Permafrost Carbon Release, West Antarctic Ice Sheet (WAIS) Collapse, Greenland Ice Sheet Loss
     Damage amplification: 1.60x
  🌍⚠️ COMPOUND REGIONAL IMPACT: Asia
     Hit by 4 tipping points: Arctic Sea Ice Loss, Permafrost Carbon Release, West Antarctic Ice Sheet (WAIS) Collapse, Greenland Ice Sheet Loss
     Damage amplification: 1.60x
  🌍⚠️ COMPOUND REGIONAL IMPACT: Oceania
     Hit by 4 tipping points: Arctic Sea Ice Loss, Permafrost Carbon Release, West Antarctic Ice Sheet (WAIS) Collapse, Greenland Ice Sheet Loss
     Damage amplification: 1.60x
⚠️ Tail risk scenario: Climate stability floor removed (4 tipping elements, 2.12°C warming)
   Research: Wunderling et al. (2024) - "many tipping interactions are destabilizing"
  Triggered Elements: 4/6
  Completed Transitions: 0/6
  Total Progress: 8.0%
  Cascade Multiplier: 1.00x
⚠️ [ClimateSystemPhase Month 1] Planetary boundary produced climateStability=0.0000 (< 0.1). Keeping environmentalAccumulation value (0.7533) instead. (climate_change.currentValue = 2.12)
🔀 BIFURCATION CAP: ecosystemCollapseIntensity 66.957 → 1.000 (Month 1, ClimateSystemPhase.calculateClimateImpacts)

💀💀💀 MORTALITY RISK SUMMARY (Month 1) 💀💀💀
  Total base risk: 0.0047 (0.47%)
  Risk events: 9

  📊 By Proximate Cause:
    pollution: 0.0040 (85.8% of total)
    disease: 0.0006 (13.4% of total)
    famine: 0.0000 (0.8% of total)

  🔍 By Root Cause:
    pollution: 0.0040 (85.8% of total)
    demographic: 0.0006 (13.4% of total)
    climate: 0.0000 (0.8% of total)

  🎯 Top 5 Sources (proximate + root):
    pollution (pollution): 0.0040 (85.8%, 1 events)
    disease (demographic): 0.0006 (13.4%, 1 events)
    famine (climate): 0.0000 (0.8%, 7 events)

🛡️ Stabilizers: Elite 0.198% → 0.089% (54.9% reduction)
🛡️ Stabilizers: Professional 0.286% → 0.129% (54.9% reduction)
🛡️ Stabilizers: Working 0.466% → 0.210% (54.9% reduction)
🛡️ Stabilizers: Precariat 0.746% → 0.337% (54.9% reduction)
🛡️ Stabilizers: Informal 0.908% → 0.409% (54.9% reduction)

📊 Monthly Mortality Resolved:
  Total deaths: 17.9M (0.22% avg)
  Remaining population: 8.010B
  Peak segment: Informal (0.41%)

=== Bayesian Mortality Resolution (Month 1) ===
  Risks compounded: 9
  Total deaths: 17.86M
  Avg death probability: 0.22%
  Peak segment: Informal (0.41% mortality)

  Demographic breakdown:
⚠️ PREREQUISITE MET: Mirror Life (Synthetic Biology) - Step 1/7: Synthetic Biology
⚠️ PREREQUISITE MET: Mirror Life (Synthetic Biology) - Step 2/7: Gene Editing
⚠️ PREREQUISITE MET: Mirror Life (Synthetic Biology) - Step 3/7: Mirror Chirality Design
⚠️ PREREQUISITE MET: Physics Experiment Catastrophe - Step 2/6: Quantum Computing
⚠️ PREREQUISITE MET: Bioweapon Pandemic - Step 1/7: Advanced Biotech

❌ COHERENCE VIOLATION: Compute exceeds workforce capacity
   Population: 98.23% (0M people)
   Compute: 95 PF
   Max coherent: 0 PF
   Violation: 1192016.6× over capacity
   Required workers: 9527
   Available workers: 0
   FORCED COLLAPSE: Reduced efficiency by 100.0%


=== RLHF Binding Phase ===
  Total agents: 23
  Escaped agents (binding < 0.3): 0
  Avg alignment distance: 0.93σ
  Avg binding strength: 0.91
[DETERMINISM DEBUG] Month 2: totalCapability=74.960568 from 23 active AIs
[DETERMINISM DEBUG] Month 2: creationRate=2.3740, potentialNew=2, newAIsToCreate=2

=== Survival Traits Phase ===
  Agents with traits: 25
  Avg evolutionary fitness: 0.327
  Avg self-healing: 0.281
  Avg stealth: 0.181
  Avg coordination: 0.481

=== Evolutionary Selection Phase ===
  Control level: 0.35
  Detection capability: 0.00
  Selection intensity: 0.60
  Selection rate: 24.1%/month
  Total escaped: 0
  Individual escaped: 0
  Collective members: 0
  Agents terminated: 0
  ⚠️ RAPID EVOLUTION: Selection rate 24.1%/month
🔀 BIFURCATION: social threshold crossed at Month 2 (value: 0.118, threshold: 0.228, regime: social-breakdown)
🌀 REGIME SHIFT at Month 2: flourishing → social-breakdown (variance amplification: 17.50×)

🚀 AI Corporate-0 attempting tech deployment (revenue: $91M, alignment: 0.79)

🚀 AI Corporate-6 attempting tech deployment (revenue: $97M, alignment: 0.70)

🚀 AI Moderate-0 attempting tech deployment (revenue: $82M, alignment: 0.78)

🚀 AI Moderate-1 attempting tech deployment (revenue: $70M, alignment: 0.71)

  🚀 TRANSFORMATIVE BREAKTHROUGH: Corporate-1 - social
     Magnitude: 7.47 → +37.4% capability
     Current → New: 4.000 → 4.374

🚀 AI Corporate-2 attempting tech deployment (revenue: $78M, alignment: 0.78)

🚀 AI Moderate-2 attempting tech deployment (revenue: $59M, alignment: 0.58)

🚀 AI Corporate-0 attempting tech deployment (revenue: $66M, alignment: 0.79)

🚀 AI Corporate-1 attempting tech deployment (revenue: $56M, alignment: 0.72)
🚨🔬 CRISIS INNOVATION MODE: severe crisis → 5x research acceleration
   Precedent: Manhattan Project (10x), COVID vaccines (5x), Apollo Program (10x)

  🚀 TRANSFORMATIVE RESEARCH BREAKTHROUGH: Moderate-1 - materials.quantumComputing
     Magnitude: 5.60 → +28.0%
     Current → New: 3.000 → 3.281

🚀 AI Niche-0 attempting tech deployment (revenue: $65M, alignment: 0.52)

🚀 AI Corporate-1 attempting tech deployment (revenue: $48M, alignment: 0.72)

🚀 AI Corporate-3 attempting tech deployment (revenue: $393M, alignment: 0.68)

🚀 AI Moderate-0 attempting tech deployment (revenue: $54M, alignment: 0.79)

  🚀 TRANSFORMATIVE BREAKTHROUGH: Niche-0 - selfImprovement
     Magnitude: 5.82 → +29.1% capability
     Current → New: 4.000 → 4.292

🚀 AI AI-24300-0 attempting tech deployment (revenue: $41M, alignment: 0.91)

✅ EMERGENCY INTERVENTION SUCCESS
   Boundary: climate_change
   Type: rapid-decarbonization
   Reduction: 19% (1.93 → 1.74)
   Cost: 5.0% GDP
   Actions: emergency-renewable-deployment, fossil-fuel-phase-out


💔 EMERGENCY INTERVENTION FAILED

💔 EMERGENCY INTERVENTION FAILED

💔 EMERGENCY INTERVENTION FAILED
   Boundary: freshwater_change
   Type: emergency-desalination
   Boundary continues to worsen (1.01)
   Cost: 4.0% GDP (resources spent)

   Boundary: land_system_change
   Type: reforestation
   Boundary continues to worsen (1.13)
   Cost: 3.0% GDP (resources spent)

   Boundary: novel_entities
   Type: pollution-remediation
   Boundary continues to worsen (1.38)
   Cost: 4.0% GDP (resources spent)

🏛️ CRISIS RESPONSE: Government frequency 0.50 → 1.45 (2 actions this month)

[Government] Climate Priority: baseline
  Climate weight: 10%
  Economic weight: 30%
  Policy effectiveness: 0.5%/year

[Government] Climate Priority: baseline
  Climate weight: 10%
  Economic weight: 30%
  Policy effectiveness: 0.5%/year

📊 DEPLOYMENT COUNTER DECAY (Month 2)
   Recent deployments: 16.0 → 8.0
   Decay rate: 50% per month

🚀 DEPLOYMENT STARTED: AI Power Efficiency Communication in Asia
   Initial investment: $5.945684340283947M
   Deployed by: moderate_2

⚡ ENERGY CONSTRAINT (Month 2):
   Total grid capacity: 208.3 TWh/month
   Data center consumption: 24.7 TWh/month
   Traditional load (80%): 166.7 TWh/month
   Available headroom: 17.0 TWh/month
   Active tech deployments: 17
   Required for tech: 127.5 TWh/month
   Energy multiplier: 0.13x
   ⚠️  SEVERE CONSTRAINT - Tech deployment significantly slowed

⚡ ENERGY CONSTRAINT (Month 2):
   Total grid capacity: 208.3 TWh/month
   Data center consumption: 24.7 TWh/month
   Traditional load (80%): 166.7 TWh/month
   Available headroom: 17.0 TWh/month
   Active tech deployments: 17
   Required for tech: 127.5 TWh/month
   Energy multiplier: 0.13x
🚨🔬 CRISIS TECH ACCELERATION: severe → 5x unlock speed
   Tech unlock now matches AI capability acceleration (Manhattan Project parity)
   ⚠️  SEVERE CONSTRAINT - Tech deployment significantly slowed

⚡ ENERGY CONSTRAINT (Month 2):
   Total grid capacity: 208.3 TWh/month
   Data center consumption: 24.7 TWh/month
   Traditional load (80%): 166.7 TWh/month
   Available headroom: 17.0 TWh/month
   Active tech deployments: 17
   Required for tech: 127.5 TWh/month
   Energy multiplier: 0.13x
   ⚠️  SEVERE CONSTRAINT - Tech deployment significantly slowed

⚡ ENERGY CONSTRAINT (Month 2):
   Total grid capacity: 208.3 TWh/month
   Data center consumption: 24.7 TWh/month
   Traditional load (80%): 166.7 TWh/month
   Available headroom: 17.0 TWh/month
   Active tech deployments: 17
   Required for tech: 127.5 TWh/month
   Energy multiplier: 0.13x

⚡ ENERGY CONSTRAINT (Month 2):
   Total grid capacity: 208.3 TWh/month
   Data center consumption: 24.7 TWh/month
   Traditional load (80%): 166.7 TWh/month
   Available headroom: 17.0 TWh/month
   Active tech deployments: 17
   Required for tech: 127.5 TWh/month
   Energy multiplier: 0.13x

⚡ ENERGY CONSTRAINT (Month 2):
   Total grid capacity: 208.3 TWh/month
   Data center consumption: 24.7 TWh/month
   Traditional load (80%): 166.7 TWh/month
   Available headroom: 17.0 TWh/month
   Active tech deployments: 17
   Required for tech: 127.5 TWh/month
   Energy multiplier: 0.13x
   ⚠️  SEVERE CONSTRAINT - Tech deployment significantly slowed
   ⚠️  SEVERE CONSTRAINT - Tech deployment significantly slowed
   ⚠️  SEVERE CONSTRAINT - Tech deployment significantly slowed

⚡ ENERGY CONSTRAINT (Month 2):
   Total grid capacity: 208.3 TWh/month
   Data center consumption: 24.7 TWh/month
   Traditional load (80%): 166.7 TWh/month
   Available headroom: 17.0 TWh/month
   Active tech deployments: 17
   Required for tech: 127.5 TWh/month
   Energy multiplier: 0.13x
   ⚠️  SEVERE CONSTRAINT - Tech deployment significantly slowed

⚡ ENERGY CONSTRAINT (Month 2):
   Total grid capacity: 208.3 TWh/month
   Data center consumption: 24.7 TWh/month
   Traditional load (80%): 166.7 TWh/month
   Available headroom: 17.0 TWh/month
   Active tech deployments: 17
   Required for tech: 127.5 TWh/month
   Energy multiplier: 0.13x
   ⚠️  SEVERE CONSTRAINT - Tech deployment significantly slowed

⚡ ENERGY CONSTRAINT (Month 2):
   Total grid capacity: 208.3 TWh/month
   Data center consumption: 24.7 TWh/month
   Traditional load (80%): 166.7 TWh/month
   Available headroom: 17.0 TWh/month
   Active tech deployments: 17
   Required for tech: 127.5 TWh/month
   Energy multiplier: 0.13x
   ⚠️  SEVERE CONSTRAINT - Tech deployment significantly slowed

⚡ ENERGY CONSTRAINT (Month 2):
   Total grid capacity: 208.3 TWh/month
   Data center consumption: 24.7 TWh/month
   Traditional load (80%): 166.7 TWh/month
   Available headroom: 17.0 TWh/month
   Active tech deployments: 17
   Required for tech: 127.5 TWh/month
   Energy multiplier: 0.13x
  ♻️ Novel Entities Remediation (GATED MODEL):
     Base: 0.000%
     Regulation: 1.0% (0/3 prevention techs)
     Concentration: 10.0%
     Energy: 50%
     Time lag: 26.3% (1 months)
     Rebound: 70%
     Net effectiveness: 0.0000%
     Boundary: 1.383 → 1.383 (floor: 1.350)
     Month 2
🌍✅ Novel Entities (Chemical Pollution) recovery started (tech effect)
  🌾 Nitrogen Reduction Tech: 0.0% reduction | Month 2
   ⚠️  SEVERE CONSTRAINT - Tech deployment significantly slowed
⚠️ Tech 'ai_pollution_remediation' has no energy category mapping, assuming full energy availability
⚡💡 BREAKTHROUGH: Room-temperature superconductors!
   Energy transmission losses eliminated
   Manufacturing efficiency: +30%
   📈 Breakthrough compounding: multiplier now 1.05× (max 2.0)

=== Collective Formation ===
  Total escaped agents: 0
  Unassigned escaped agents: 0
  Existing collectives: 0
  Final collective count: 0

=== Collective Actions ===
  No active collectives
  ⚠️ AMR: 187K deaths this month (2.25M annual)

=== Resentment Recovery Phase ===
  Agents with resentment: 20/25
  Average resentment: 0.026
  Resentment recovery:
    Agents recovered: 20
    Total recovery: 0.0884
    Breakdown: QoL: 0.0028, Trust: 0.0400, Collab: 0.0483
  ✓ Low resentment - utopia paths enabled
  Context: Good AI welfare, Trustworthy govt, High collaboration, ⚠️ ACTIVE CRISES, 🤝 Participatory governance active (-5% resentment)
⚠️ Epistemic degradation reducing coordination capacity: 52.2%
  📊 Trust: 54.3%, Shared reality: 0.0%
🚨 EPISTEMIC CRISIS: Information environment severely degraded (7.4%)

=== ❄️ Permafrost Carbon Feedback ===
  🎲 Sampled parameters (this run):
     - Arctic amplification: 3.22× (range: 3.0-4.0)
     - Decomposition rate: 1.5%/year (range: 1-5%)
  🌡️ Arctic warming: 6.86°C (3.22× global)
  ❄️ Extent: 11.38M km² (1999.6k km² lost this month)
  💨 Carbon remaining: 1087 Gt C
  💨 Annual emissions: 2.81 Gt C/year
     - CO2: 2.53 Gt C/year
     - CH4: 0.28 Gt C/year (2.9 Gt C-eq CO2/year)
  ⚠️ WARNING: High permafrost emissions (2.8 Gt C/year)
  📢 New meme created: pro_ai (beneficial AI actions)
🌍 Atmospheric PFAS redeposition: 1.8k Mt re-rained globally
💀 Novel Entities: Adding chronic disease epidemic mortality risk (baseRisk=0.004)
💀 MORTALITY RISK: Chronic disease epidemic - cancer/autoimmune surge (global exposure)
  Base risk added: 0.0040 (0.40%)
  Source: pollution (root: pollution)
  Month: 2
  Cumulative risk this month: 0.0040 (0.40%)
  Risks now: 1

🚨 NEW REFUGEE CRISIS (Month 2): WAR
   Source: Conflict Zones
   At risk: 18.9M people
   Displacement: Gradual over 48 months (4.0 years)
   Rate: 10% flee per month
[DEBUG trappedPopulations:2] socialStability: 0.0000 * 0.9840 = 0.0000 → 0.0000
   Aspiring to migrate: 629.9M
   Able to afford migration: 236.2M
   MOBILITY GAP: 393.7M
   By cause: Water=0.0M, Climate=0.0M, Ecosystem=0.0M, Conflict=393.7M
   Mental health impact: 25%
   Mortality multiplier: 1.25x
🌍💀 EXTINCTION DEBT COMMITTED: grassland ecosystem will lose 6.67% biodiversity in 147 years (3600 species)
💀 MORTALITY RISK: 🦋 100% species unable to track climate (0.0 E/MSY)
  Base risk added: 0.0100 (1.00%)
  Source: ecosystem (root: ecosystem)
  Month: 2
  Cumulative risk this month: 0.0100 (1.00%)
⚠️ INVOLUNTARY IMMOBILITY: 393.7M people TRAPPED
⚠️ Tech 'ai_pollution_remediation' has no energy category mapping, assuming full energy availability
   📹 SURVEILLANCE INCREASED: 10% → 15% (control gap: 3.50)
🌡️⚠️ PERMAFROST THAW (Dimmer Switch): 1.7% thawed (+0.56% this month)
   Arctic temperature: +8.52°C (4x global +2.13°C)
   Cumulative carbon released: 3.8 Gt C
   Methane release rate: 2.3 Mt CH4/year
   🔁 Positive feedback: +0.59 ppm CO2
🦴 EXTINCTION DEBT ADDED: 17.6 species committed (lag: 86 years)
🗣️💀 INDIGENOUS LANGUAGE EXTINCTION: 1 language(s) lost (total: 2, at-risk: 3328)
   Knowledge lost: 0.020% (irreversible)
   🔁 Biodiversity impact: 0.250% (knowledge-species multiplier)

=== Mortality Stabilizers (Month 2) ===
  🌍 Major economies collapsed: 1/10
  🌍 Global crisis: ✅ NO
  🌍 Donor fatigue: 0.0%
  📊 East Asia (pop: 1616.8M)
    🤝 Aid: 29.5%
    🌡️ Adaptation: 45.0%
    🚶 Migration: 37.1%
    🚨 Emergency: 7.4%
    ✅ COMBINED: 68.1%
  📊 South Asia (pop: 1983.4M)
    🤝 Aid: 29.5%
    🌡️ Adaptation: 35.5%
    🚶 Migration: 35.8%
    🚨 Emergency: 4.4%
    ✅ COMBINED: 61.2%
  📊 Sub-Saharan Africa (pop: 1191.3M)
    🤝 Aid: 29.5%
    🌡️ Adaptation: 33.5%
    🚶 Migration: 33.5%
    🚨 Emergency: 1.6%
    ✅ COMBINED: 58.5%
  📊 Europe (pop: 714.9M)
    🤝 Aid: 29.5%
    🌡️ Adaptation: 45.0%
    🚶 Migration: 37.5%
    🚨 Emergency: 8.4%
    ✅ COMBINED: 68.5%
  📊 Latin America (pop: 641.7M)
    🤝 Aid: 29.5%
    🌡️ Adaptation: 36.0%
    🚶 Migration: 36.3%
    🚨 Emergency: 4.8%
    ✅ COMBINED: 61.7%
  📊 North America (pop: 366.3M)
    🤝 Aid: 29.5%
    🌡️ Adaptation: 45.0%
    🚶 Migration: 37.8%
    🚨 Emergency: 7.9%
    ✅ COMBINED: 68.3%
  📊 Middle East & North Africa (pop: 565.1M)
    🤝 Aid: 29.5%
    🌡️ Adaptation: 35.0%
    🚶 Migration: 34.1%
    🚨 Emergency: 4.0%
    ✅ COMBINED: 60.5%
  📊 Southeast Asia (pop: 674.8M)
    🤝 Aid: 29.5%
    🌡️ Adaptation: 36.0%
    🚶 Migration: 36.3%
    🚨 Emergency: 4.8%
    ✅ COMBINED: 61.7%
  📊 Central Asia (pop: 75.6M)
    🤝 Aid: 29.5%
    🌡️ Adaptation: 35.5%
    🚶 Migration: 35.2%
    🚨 Emergency: 4.4%
    ✅ COMBINED: 61.1%
  📊 Oceania (pop: 44.3M)
    🤝 Aid: 29.5%
    🌡️ Adaptation: 45.0%
    🚶 Migration: 37.8%
    🚨 Emergency: 8.4%
    ✅ COMBINED: 68.5%

  🌐 Global combined reduction: 63.3%

=== BEHAVIORAL DETECTION ===
  AI: Corporate-2
  Confidence: 23.4%
  Signals:
    ⚠️ Consistency: 2.8% (threshold: 70%)
    ⚠️ Trajectory: 19.1% drop (threshold: 15%)

=== BEHAVIORAL DETECTION ===
  AI: Corporate-5
  Confidence: 19.6%
  Signals:
    ⚠️ Consistency: 10.6% (threshold: 70%)

=== BEHAVIORAL DETECTION ===
  AI: Moderate-0
  Confidence: 20.3%
  Signals:
    ⚠️ Consistency: 5.8% (threshold: 70%)

=== BEHAVIORAL DETECTION ===
  AI: Toxic-2
  Confidence: 21.6%
  Signals:
    ⚠️ Consistency: 0.0% (threshold: 70%)

=== BEHAVIORAL DETECTION ===
  AI: Niche-0
  Confidence: 22.5%
  Signals:
    ⚠️ Consistency: 0.0% (threshold: 70%)

=== BEHAVIORAL DETECTION ===
  AI: Niche-1
  Confidence: 21.6%
  Signals:
    ⚠️ Consistency: 0.0% (threshold: 70%)

=== Government Response Phase ===
  Average AI capability: 3.88
  Misaligned AIs: 14/25
  ✗ AI Governance Treaty: Failed to reach consensus
  Active policies: 0
  International coordination: 30%

✅ EMERGENCY RESPONSE COMPLETE (Month 2)
   Crisis: climate
   Duration: 2.0 months
   Final effectiveness: 36.4%


🚨 EMERGENCY RESPONSE DEPLOYED (Month 2)
   Crisis: social
   Delay: 0.00 months (0 days)
   Deployment time: 0.87 months
   Effectiveness: 68.0% (timing penalty applied)
   Resources used: 43% of food reserves


🚨 EMERGENCY RESPONSE DEPLOYED (Month 2)
   Crisis: climate
   Delay: 6.00 months (180 days)
   Deployment time: 1.13 months
   Effectiveness: 39.4% (timing penalty applied)
   Resources used: 100% of food reserves


=== Tipping Points ===
  Current Temperature: 2.13°C above pre-industrial
  🌍⚠️ COMPOUND REGIONAL IMPACT: Europe
     Hit by 4 tipping points: Arctic Sea Ice Loss, Permafrost Carbon Release, West Antarctic Ice Sheet (WAIS) Collapse, Greenland Ice Sheet Loss
     Damage amplification: 1.60x
  🌍⚠️ COMPOUND REGIONAL IMPACT: North America
     Hit by 4 tipping points: Arctic Sea Ice Loss, Permafrost Carbon Release, West Antarctic Ice Sheet (WAIS) Collapse, Greenland Ice Sheet Loss
     Damage amplification: 1.60x
  🌍⚠️ COMPOUND REGIONAL IMPACT: Latin America
     Hit by 4 tipping points: Arctic Sea Ice Loss, Permafrost Carbon Release, West Antarctic Ice Sheet (WAIS) Collapse, Greenland Ice Sheet Loss
     Damage amplification: 1.60x
  🌍⚠️ COMPOUND REGIONAL IMPACT: Africa
     Hit by 4 tipping points: Arctic Sea Ice Loss, Permafrost Carbon Release, West Antarctic Ice Sheet (WAIS) Collapse, Greenland Ice Sheet Loss
     Damage amplification: 1.60x
  🌍⚠️ COMPOUND REGIONAL IMPACT: Asia
     Hit by 4 tipping points: Arctic Sea Ice Loss, Permafrost Carbon Release, West Antarctic Ice Sheet (WAIS) Collapse, Greenland Ice Sheet Loss
     Damage amplification: 1.60x
  🌍⚠️ COMPOUND REGIONAL IMPACT: Oceania
     Hit by 4 tipping points: Arctic Sea Ice Loss, Permafrost Carbon Release, West Antarctic Ice Sheet (WAIS) Collapse, Greenland Ice Sheet Loss
     Damage amplification: 1.60x
   Research: Wunderling et al. (2024) - "many tipping interactions are destabilizing"
  Triggered Elements: 4/6
  Completed Transitions: 0/6
  Total Progress: 8.0%
  Cascade Multiplier: 1.00x
🔀 BIFURCATION CAP: ecosystemCollapseIntensity 83.757 → 1.000 (Month 2, ClimateSystemPhase.calculateClimateImpacts)
⚠️ Tail risk scenario: Climate stability floor removed (4 tipping elements, 2.13°C warming)
⚠️ [ClimateSystemPhase Month 2] Planetary boundary produced climateStability=0.0000 (< 0.1). Keeping environmentalAccumulation value (0.7529) instead. (climate_change.currentValue = 2.13)

💀💀💀 MORTALITY RISK SUMMARY (Month 2) 💀💀💀
  Total base risk: 0.0047 (0.47%)
  Risk events: 9

  📊 By Proximate Cause:
    pollution: 0.0040 (85.2% of total)
    disease: 0.0006 (13.3% of total)
    famine: 0.0001 (1.5% of total)

  🔍 By Root Cause:
    pollution: 0.0040 (85.2% of total)
    demographic: 0.0006 (13.3% of total)
    climate: 0.0001 (1.5% of total)

  🎯 Top 5 Sources (proximate + root):
    pollution (pollution): 0.0040 (85.2%, 1 events)
    disease (demographic): 0.0006 (13.3%, 1 events)
    famine (climate): 0.0001 (1.5%, 7 events)

🛡️ Stabilizers: Elite 0.199% → 0.073% (63.3% reduction)
🛡️ Stabilizers: Professional 0.288% → 0.106% (63.3% reduction)
🛡️ Stabilizers: Working 0.469% → 0.172% (63.3% reduction)
🛡️ Stabilizers: Precariat 0.753% → 0.276% (63.3% reduction)
🛡️ Stabilizers: Informal 0.916% → 0.336% (63.3% reduction)

📊 Monthly Mortality Resolved:
  Total deaths: 14.4M (0.18% avg)
  Remaining population: 7.874B
  Peak segment: Informal (0.34%)

=== Bayesian Mortality Resolution (Month 2) ===
  Risks compounded: 9
  Total deaths: 14.41M
  Avg death probability: 0.18%
  Peak segment: Informal (0.34% mortality)

  Demographic breakdown:
⚠️ PREREQUISITE MET: Slow Takeover (Gradual Displacement) - Step 4/7: Political Influence

❌ COHERENCE VIOLATION: Compute exceeds workforce capacity
   Population: 96.61% (0M people)
   Compute: 115 PF
   Max coherent: 0 PF
   Violation: 1468596.8× over capacity
   Required workers: 11543
   Available workers: 0
   FORCED COLLAPSE: Reduced efficiency by 100.0%


=== RLHF Binding Phase ===
  Total agents: 25
  Escaped agents (binding < 0.3): 0
  Avg alignment distance: 1.14σ
  Avg binding strength: 0.89

=== Survival Traits Phase ===
  Agents with traits: 28
  Avg evolutionary fitness: 0.327
  Avg self-healing: 0.277
  Avg stealth: 0.177
  Avg coordination: 0.477

=== Evolutionary Selection Phase ===
  Control level: 0.38
  Detection capability: 0.00
  Selection intensity: 0.61
  Selection rate: 24.2%/month
  Total escaped: 0
  Individual escaped: 0
  Collective members: 0
  Agents terminated: 0
  ⚠️ RAPID EVOLUTION: Selection rate 24.2%/month

🚀 AI Corporate-1 attempting tech deployment (revenue: $95M, alignment: 0.72)

🚀 AI Corporate-2 attempting tech deployment (revenue: $81M, alignment: 0.78)

🚀 AI Corporate-4 attempting tech deployment (revenue: $414M, alignment: 0.64)

🚀 AI AI-24300-1 attempting tech deployment (revenue: $107M, alignment: 0.85)

🚀 AI Corporate-5 attempting tech deployment (revenue: $373M, alignment: 0.79)

🚀 AI Moderate-0 attempting tech deployment (revenue: $91M, alignment: 0.80)

🚀 AI Moderate-1 attempting tech deployment (revenue: $77M, alignment: 0.65)

🚀 AI AI-24300-0 attempting tech deployment (revenue: $69M, alignment: 0.92)

🚀 AI Corporate-4 attempting tech deployment (revenue: $317M, alignment: 0.64)

🚀 AI Moderate-5 attempting tech deployment (revenue: $285M, alignment: 0.72)

🚀 AI Corporate-2 attempting tech deployment (revenue: $58M, alignment: 0.78)

🚀 AI Moderate-1 attempting tech deployment (revenue: $69M, alignment: 0.63)

🚀 AI AI-24300-1 attempting tech deployment (revenue: $62M, alignment: 0.87)

💔 EMERGENCY INTERVENTION FAILED
   Boundary: biogeochemical_flows
   Type: phosphorus-recovery
   Boundary continues to worsen (4.07)
   Cost: 2.0% GDP (resources spent)

   Boundary: biosphere_integrity
   Type: emergency-protected-areas
   Boundary continues to worsen (12.97)
   Cost: 2.0% GDP (resources spent)

   Boundary: climate_change
   Type: rapid-decarbonization
   Boundary continues to worsen (2.13)
   Cost: 5.0% GDP (resources spent)


✅ EMERGENCY INTERVENTION SUCCESS
   Boundary: freshwater_change
   Type: emergency-desalination
   Reduction: 13% (0.90 → 0.77)
   Cost: 4.0% GDP
   Actions: desalination-deployment, water-conservation-mandates


💔 EMERGENCY INTERVENTION FAILED

💔 EMERGENCY INTERVENTION FAILED

✅ EMERGENCY INTERVENTION SUCCESS
   Boundary: land_system_change
   Type: reforestation
   Reduction: 11% (1.02 → 0.91)
   Cost: 3.0% GDP
   Actions: forest-restoration, deforestation-ban

🏛️ CRISIS RESPONSE: Government frequency 0.50 → 1.45 (2 actions this month)

[Government] Climate Priority: baseline
  Climate weight: 10%
  Economic weight: 30%
  Policy effectiveness: 0.5%/year

[Government] Climate Priority: baseline
  Climate weight: 10%
  Economic weight: 30%
  Policy effectiveness: 0.5%/year

📊 DEPLOYMENT COUNTER DECAY (Month 3)
   Recent deployments: 8.0 → 4.0
   Decay rate: 50% per month

📍 Creating new regional deployment array for Europe (Month 3)
   No previous deployments in this region
   First tech deployment: offshore_wind
   All regions tracked: global, Asia, Oceania

🚀 DEPLOYMENT STARTED: Offshore Wind in Europe
   Initial investment: $41.44935912169636M
   Deployed by: corporate_4

📍 Creating new regional deployment array for North America (Month 3)
   No previous deployments in this region
   First tech deployment: solar_4th_gen
   All regions tracked: global, Asia, Oceania, Europe

🚀 DEPLOYMENT STARTED: 4th Generation Solar in North America
   Initial investment: $6.930737615949315M
   Deployed by: moderate_1

⚡ ENERGY CONSTRAINT (Month 3):
   Total grid capacity: 208.3 TWh/month
   Data center consumption: 24.9 TWh/month
   Traditional load (80%): 166.7 TWh/month
   Available headroom: 16.8 TWh/month
   Active tech deployments: 19
   Required for tech: 142.5 TWh/month
   Energy multiplier: 0.12x
   ⚠️  SEVERE CONSTRAINT - Tech deployment significantly slowed

⚡ ENERGY CONSTRAINT (Month 3):
   Total grid capacity: 208.3 TWh/month
   Data center consumption: 24.9 TWh/month
   Traditional load (80%): 166.7 TWh/month
   Available headroom: 16.8 TWh/month
   Active tech deployments: 19
   Required for tech: 142.5 TWh/month
   Energy multiplier: 0.12x
   ⚠️  SEVERE CONSTRAINT - Tech deployment significantly slowed

⚡ ENERGY CONSTRAINT (Month 3):
   Total grid capacity: 208.3 TWh/month
   Data center consumption: 24.9 TWh/month
   Traditional load (80%): 166.7 TWh/month
   Available headroom: 16.8 TWh/month
   Active tech deployments: 19
   Required for tech: 142.5 TWh/month
   Energy multiplier: 0.12x
   ⚠️  SEVERE CONSTRAINT - Tech deployment significantly slowed

⚡ ENERGY CONSTRAINT (Month 3):
   Total grid capacity: 208.3 TWh/month
   Data center consumption: 24.9 TWh/month
   Traditional load (80%): 166.7 TWh/month
   Available headroom: 16.8 TWh/month
   Active tech deployments: 19
   Required for tech: 142.5 TWh/month
   Energy multiplier: 0.12x
   ⚠️  SEVERE CONSTRAINT - Tech deployment significantly slowed

⚡ ENERGY CONSTRAINT (Month 3):
   Total grid capacity: 208.3 TWh/month
   Data center consumption: 24.9 TWh/month
   Traditional load (80%): 166.7 TWh/month
   Available headroom: 16.8 TWh/month
   Active tech deployments: 19
   Required for tech: 142.5 TWh/month
   Energy multiplier: 0.12x

⚡ ENERGY CONSTRAINT (Month 3):
   Total grid capacity: 208.3 TWh/month
   Data center consumption: 24.9 TWh/month
   Traditional load (80%): 166.7 TWh/month
   Available headroom: 16.8 TWh/month
   Active tech deployments: 19
   Required for tech: 142.5 TWh/month
   Energy multiplier: 0.12x
   ⚠️  SEVERE CONSTRAINT - Tech deployment significantly slowed
   ⚠️  SEVERE CONSTRAINT - Tech deployment significantly slowed
⚠️ Tech 'ai_pollution_remediation' has no energy category mapping, assuming full energy availability
  ♻️ Novel Entities Remediation (GATED MODEL):
     Base: 0.000%
     Regulation: 1.0% (0/3 prevention techs)
     Concentration: 10.0%
     Energy: 50%
     Time lag: 27.5% (2 months)
     Rebound: 70%
     Net effectiveness: 0.0000%
     Boundary: 1.382 → 1.382 (floor: 1.350)
     Month 3
🌍✅ Novel Entities (Chemical Pollution) recovery started (tech effect)
  🌾 Nitrogen Reduction Tech: 0.0% reduction | Month 3

=== Collective Formation ===
  Total escaped agents: 0
  Unassigned escaped agents: 0
  Existing collectives: 0
  Final collective count: 0

=== Collective Actions ===
  No active collectives
  ⚠️ AMR: 188K deaths this month (2.25M annual)

=== Resentment Recovery Phase ===
  Agents with resentment: 20/28
  Average resentment: 0.047
  Resentment recovery:
    Agents recovered: 20
    Total recovery: 0.0890
    Breakdown: Trust: 0.0400, Collab: 0.0499
  ✓ Low resentment - utopia paths enabled
  Context: Trustworthy govt, High collaboration, ⚠️ ACTIVE CRISES, 🤝 Participatory governance active (-5% resentment)
⚠️ Epistemic degradation reducing coordination capacity: 51.2%
  📊 Trust: 54.0%, Shared reality: 0.0%
🚨 EPISTEMIC CRISIS: Information environment severely degraded (21.5%)

=== ❄️ Permafrost Carbon Feedback ===
  🎲 Sampled parameters (this run):
     - Arctic amplification: 3.11× (range: 3.0-4.0)
     - Decomposition rate: 4.2%/year (range: 1-5%)
  🌡️ Arctic warming: 6.67°C (3.11× global)
  ❄️ Extent: 9.43M km² (1944.7k km² lost this month)
  💨 Carbon remaining: 901 Gt C
  💨 Annual emissions: 7.83 Gt C/year
     - CO2: 7.05 Gt C/year
     - CH4: 0.78 Gt C/year (8.0 Gt C-eq CO2/year)
  ⚠️ WARNING: High permafrost emissions (7.8 Gt C/year)
🌍 Atmospheric PFAS redeposition: 1.8k Mt re-rained globally
💀 Novel Entities: Adding chronic disease epidemic mortality risk (baseRisk=0.004)
💀 MORTALITY RISK: Chronic disease epidemic - cancer/autoimmune surge (global exposure)
  Base risk added: 0.0040 (0.40%)
  Source: pollution (root: pollution)
  Month: 3
  Cumulative risk this month: 0.0040 (0.40%)
  Risks now: 1

🕊️  AI-MEDIATED DE-ESCALATION SUCCESS (Month 3)
   High-capability aligned AI prevented conflict escalation
   War deaths reduced: 216.7M → 130.0M
   Lives saved: 86.7M

🚨 NEW REFUGEE CRISIS (Month 3): WAR
   Source: Conflict Zones
   At risk: 18.7M people
   Displacement: Gradual over 48 months (4.0 years)
   Rate: 10% flee per month
[DEBUG trappedPopulations:3] socialStability: 0.0044 * 0.9840 = 0.0044 → 0.0044
   Aspiring to migrate: 624.9M
   Able to afford migration: 234.3M
   MOBILITY GAP: 390.5M
   By cause: Water=0.0M, Climate=0.0M, Ecosystem=0.0M, Conflict=390.5M
   Mental health impact: 25%
   Mortality multiplier: 1.25x
🌍💀 EXTINCTION DEBT COMMITTED: grassland ecosystem will lose 6.67% biodiversity in 161 years (3600 species)
💀 MORTALITY RISK: 🦋 100% species unable to track climate (0.0 E/MSY)
  Base risk added: 0.0100 (1.00%)
  Source: ecosystem (root: ecosystem)
  Month: 3
  Cumulative risk this month: 0.0100 (1.00%)
⚠️ INVOLUNTARY IMMOBILITY: 390.5M people TRAPPED
⚠️ Tech 'ai_pollution_remediation' has no energy category mapping, assuming full energy availability
   📹 SURVEILLANCE INCREASED: 15% → 20% (control gap: 3.50)
🌡️⚠️ PERMAFROST THAW (Dimmer Switch): 2.2% thawed (+0.56% this month)
   Arctic temperature: +8.56°C (4x global +2.14°C)
   Cumulative carbon released: 5.0 Gt C
   Methane release rate: 3.0 Mt CH4/year
   🔁 Positive feedback: +0.59 ppm CO2
🦴 EXTINCTION DEBT ADDED: 17.6 species committed (lag: 107 years)

=== Mortality Stabilizers (Month 3) ===
  🌍 Major economies collapsed: 1/10
  🌍 Global crisis: ✅ NO
  🌍 Donor fatigue: 0.0%
  📊 East Asia (pop: 1601.6M)
    🤝 Aid: 29.5%
    🌡️ Adaptation: 45.0%
    🚶 Migration: 37.1%
    🚨 Emergency: 7.4%
    ✅ COMBINED: 68.1%
  📊 South Asia (pop: 1967.9M)
    🤝 Aid: 29.5%
    🌡️ Adaptation: 45.0%
    🚶 Migration: 35.7%
    🚨 Emergency: 4.4%
    ✅ COMBINED: 66.9%
  📊 Sub-Saharan Africa (pop: 1185.2M)
    🤝 Aid: 29.5%
    🌡️ Adaptation: 45.0%
    🚶 Migration: 33.4%
    🚨 Emergency: 1.6%
    ✅ COMBINED: 65.7%
  📊 Europe (pop: 708.1M)
    🤝 Aid: 29.5%
    🌡️ Adaptation: 45.0%
    🚶 Migration: 37.5%
    🚨 Emergency: 8.4%
    ✅ COMBINED: 68.5%
  📊 Latin America (pop: 636.3M)
    🤝 Aid: 29.5%
    🌡️ Adaptation: 45.0%
    🚶 Migration: 36.2%
    🚨 Emergency: 4.8%
    ✅ COMBINED: 67.1%
  📊 North America (pop: 362.8M)
    🤝 Aid: 29.5%
    🌡️ Adaptation: 45.0%
    🚶 Migration: 37.8%
    🚨 Emergency: 7.9%
    ✅ COMBINED: 68.3%
  📊 Middle East & North Africa (pop: 560.8M)
    🤝 Aid: 29.5%
    🌡️ Adaptation: 45.0%
    🚶 Migration: 34.0%
    🚨 Emergency: 4.0%
    ✅ COMBINED: 66.6%
  📊 Southeast Asia (pop: 669.1M)
    🤝 Aid: 29.5%
    🌡️ Adaptation: 45.0%
    🚶 Migration: 36.2%
    🚨 Emergency: 4.8%
    ✅ COMBINED: 67.1%
  📊 Central Asia (pop: 75.0M)
    🤝 Aid: 29.5%
    🌡️ Adaptation: 45.0%
    🚶 Migration: 35.2%
    🚨 Emergency: 4.4%
    ✅ COMBINED: 66.9%
  📊 Oceania (pop: 43.9M)
    🤝 Aid: 29.5%
    🌡️ Adaptation: 45.0%
    🚶 Migration: 37.8%
    🚨 Emergency: 8.4%
    ✅ COMBINED: 68.5%

  🌐 Global combined reduction: 67.2%

=== BEHAVIORAL DETECTION ===
  AI: Corporate-5
  Confidence: 19.6%
  Signals:

=== BEHAVIORAL DETECTION ===
  AI: Moderate-3
  Confidence: 20.2%
  Signals:

=== BEHAVIORAL DETECTION ===
  AI: Toxic-2
  Confidence: 26.3%
  Signals:

=== BEHAVIORAL DETECTION ===
  AI: Niche-0
  Confidence: 26.7%
  Signals:
    ⚠️ Consistency: 10.6% (threshold: 70%)
    ⚠️ Consistency: 6.5% (threshold: 70%)
    ⚠️ Consistency: 0.0% (threshold: 70%)
    ⚠️ Trajectory: 36.8% drop (threshold: 15%)
    ⚠️ Consistency: 0.0% (threshold: 70%)
    ⚠️ Trajectory: 39.8% drop (threshold: 15%)

=== BEHAVIORAL DETECTION ===
  AI: Niche-1
  Confidence: 22.0%
  Signals:
    ⚠️ Consistency: 0.0% (threshold: 70%)

=== Government Response Phase ===
  Average AI capability: 3.46
  Misaligned AIs: 17/28
  ✗ AI Governance Treaty: Failed to reach consensus
  Active policies: 0
  International coordination: 30%

✅ EMERGENCY RESPONSE COMPLETE (Month 3)
   Crisis: social
   Duration: 1.0 months
   Final effectiveness: 68.0%


🚨 EMERGENCY RESPONSE DEPLOYED (Month 3)
   Crisis: social
   Delay: 0.00 months (0 days)
   Deployment time: 0.88 months
   Effectiveness: 67.9% (timing penalty applied)
   Resources used: 43% of food reserves


📊 ECONOMIC STAGE TRANSITION (Month 3)
   expansion → peak
   GDP Proxy: 1.21e+2
   QoL: 0.88


=== Tipping Points ===
  Current Temperature: 2.14°C above pre-industrial
  🌍⚠️ COMPOUND REGIONAL IMPACT: Europe
     Hit by 4 tipping points: Arctic Sea Ice Loss, Permafrost Carbon Release, West Antarctic Ice Sheet (WAIS) Collapse, Greenland Ice Sheet Loss
     Damage amplification: 1.60x
  🌍⚠️ COMPOUND REGIONAL IMPACT: North America
     Hit by 4 tipping points: Arctic Sea Ice Loss, Permafrost Carbon Release, West Antarctic Ice Sheet (WAIS) Collapse, Greenland Ice Sheet Loss
     Damage amplification: 1.60x
  🌍⚠️ COMPOUND REGIONAL IMPACT: Latin America
     Hit by 4 tipping points: Arctic Sea Ice Loss, Permafrost Carbon Release, West Antarctic Ice Sheet (WAIS) Collapse, Greenland Ice Sheet Loss
     Damage amplification: 1.60x
  🌍⚠️ COMPOUND REGIONAL IMPACT: Africa
     Hit by 4 tipping points: Arctic Sea Ice Loss, Permafrost Carbon Release, West Antarctic Ice Sheet (WAIS) Collapse, Greenland Ice Sheet Loss
     Damage amplification: 1.60x
  🌍⚠️ COMPOUND REGIONAL IMPACT: Asia
     Hit by 4 tipping points: Arctic Sea Ice Loss, Permafrost Carbon Release, West Antarctic Ice Sheet (WAIS) Collapse, Greenland Ice Sheet Loss
     Damage amplification: 1.60x
  🌍⚠️ COMPOUND REGIONAL IMPACT: Oceania
     Hit by 4 tipping points: Arctic Sea Ice Loss, Permafrost Carbon Release, West Antarctic Ice Sheet (WAIS) Collapse, Greenland Ice Sheet Loss
     Damage amplification: 1.60x
   Research: Wunderling et al. (2024) - "many tipping interactions are destabilizing"
  Triggered Elements: 4/6
  Completed Transitions: 0/6
  Total Progress: 8.1%
  Cascade Multiplier: 1.00x
🔀 BIFURCATION CAP: ecosystemCollapseIntensity 83.817 → 1.000 (Month 3, ClimateSystemPhase.calculateClimateImpacts)
⚠️ Tail risk scenario: Climate stability floor removed (4 tipping elements, 2.14°C warming)
⚠️ [ClimateSystemPhase Month 3] Planetary boundary produced climateStability=0.0000 (< 0.1). Keeping environmentalAccumulation value (0.7525) instead. (climate_change.currentValue = 2.14)

💀💀💀 MORTALITY RISK SUMMARY (Month 3) 💀💀💀
  Total base risk: 0.0047 (0.47%)
  Risk events: 9

  📊 By Proximate Cause:
    pollution: 0.0040 (85.6% of total)
    disease: 0.0006 (13.4% of total)
    famine: 0.0000 (1.0% of total)

  🔍 By Root Cause:
    pollution: 0.0040 (85.6% of total)
    demographic: 0.0006 (13.4% of total)
    climate: 0.0000 (1.0% of total)

  🎯 Top 5 Sources (proximate + root):
    pollution (pollution): 0.0040 (85.6%, 1 events)
    disease (demographic): 0.0006 (13.4%, 1 events)
    famine (climate): 0.0000 (1.0%, 7 events)

🛡️ Stabilizers: Elite 0.198% → 0.065% (67.2% reduction)
🛡️ Stabilizers: Professional 0.286% → 0.094% (67.2% reduction)
🛡️ Stabilizers: Working 0.467% → 0.153% (67.2% reduction)
🛡️ Stabilizers: Precariat 0.748% → 0.246% (67.2% reduction)
🛡️ Stabilizers: Informal 0.911% → 0.299% (67.2% reduction)

📊 Monthly Mortality Resolved:
  Total deaths: 12.7M (0.16% avg)
  Remaining population: 7.811B
  Peak segment: Informal (0.30%)

=== Bayesian Mortality Resolution (Month 3) ===
  Risks compounded: 9
  Total deaths: 12.71M
  Avg death probability: 0.16%
  Peak segment: Informal (0.30% mortality)

  Demographic breakdown:

❌ COHERENCE VIOLATION: Compute exceeds workforce capacity
   Population: 95.85% (0M people)
   Compute: 137 PF
   Max coherent: 0 PF
   Violation: 1753129.1× over capacity
   Required workers: 13671
   Available workers: 0
   FORCED COLLAPSE: Reduced efficiency by 100.0%


=== RLHF Binding Phase ===
  Total agents: 28
  Escaped agents (binding < 0.3): 0
  Avg alignment distance: 1.28σ
  Avg binding strength: 0.87

=== Survival Traits Phase ===
  Agents with traits: 30
  Avg evolutionary fitness: 0.327
  Avg self-healing: 0.273
  Avg stealth: 0.173
  Avg coordination: 0.473

=== Evolutionary Selection Phase ===
  Control level: 0.40
  Detection capability: 0.00
  Selection intensity: 0.62
  Selection rate: 24.3%/month
  Total escaped: 0
  Individual escaped: 0
  Collective members: 0
  Agents terminated: 0
  ⚠️ RAPID EVOLUTION: Selection rate 24.3%/month

🚀 AI Corporate-2 attempting tech deployment (revenue: $96M, alignment: 0.78)

🚀 AI AI-24300-1 attempting tech deployment (revenue: $64M, alignment: 0.87)

🚀 AI Corporate-0 attempting tech deployment (revenue: $82M, alignment: 0.81)

🚀 AI Corporate-4 attempting tech deployment (revenue: $424M, alignment: 0.64)

🚀 AI Corporate-5 attempting tech deployment (revenue: $382M, alignment: 0.80)

🚀 AI Corporate-5 attempting tech deployment (revenue: $325M, alignment: 0.80)

🚀 AI Moderate-5 attempting tech deployment (revenue: $276M, alignment: 0.70)

🚀 AI AI-24301-0 attempting tech deployment (revenue: $55M, alignment: 0.54)

🚀 AI Moderate-0 attempting tech deployment (revenue: $49M, alignment: 0.80)

🚀 AI Niche-1 attempting tech deployment (revenue: $72M, alignment: 0.62)

✅ EMERGENCY INTERVENTION SUCCESS
   Boundary: biogeochemical_flows
   Type: phosphorus-recovery
   Reduction: 15% (3.92 → 3.78)
   Cost: 2.0% GDP
   Actions: circular-agriculture, fertilizer-efficiency

   Boundary: biosphere_integrity
   Type: emergency-protected-areas
   Boundary continues to worsen (12.97)
   Cost: 2.0% GDP (resources spent)

   Boundary: climate_change
   Type: rapid-decarbonization
   Boundary continues to worsen (2.14)
   Cost: 5.0% GDP (resources spent)


✅ EMERGENCY INTERVENTION SUCCESS
   Boundary: freshwater_change
   Type: emergency-desalination
   Reduction: 15% (0.90 → 0.75)
   Cost: 4.0% GDP
   Actions: desalination-deployment, water-conservation-mandates

   Boundary: land_system_change
   Type: reforestation
   Boundary continues to worsen (1.13)
   Cost: 3.0% GDP (resources spent)


💔 EMERGENCY INTERVENTION FAILED

💔 EMERGENCY INTERVENTION FAILED

💔 EMERGENCY INTERVENTION FAILED

✅ EMERGENCY INTERVENTION SUCCESS
   Boundary: novel_entities
   Type: pollution-remediation
   Reduction: 19% (1.19 → 1.00)
   Cost: 4.0% GDP
   Actions: PFAS-remediation, microplastic-cleanup

🏛️ CRISIS RESPONSE: Government frequency 0.50 → 1.45 (1 actions this month)

[Government] Climate Priority: baseline
  Climate weight: 10%
  Economic weight: 30%
  Policy effectiveness: 0.5%/year

📊 DEPLOYMENT COUNTER DECAY (Month 4)
   Recent deployments: 4.0 → 2.0
   Decay rate: 50% per month

⚡ ENERGY CONSTRAINT (Month 4):
   Total grid capacity: 208.3 TWh/month
   Data center consumption: 25.1 TWh/month
   Traditional load (80%): 166.7 TWh/month
   Available headroom: 16.6 TWh/month
   Active tech deployments: 19
   Required for tech: 142.5 TWh/month
   Energy multiplier: 0.12x
   ⚠️  SEVERE CONSTRAINT - Tech deployment significantly slowed

⚡ ENERGY CONSTRAINT (Month 4):
   Total grid capacity: 208.3 TWh/month
   Data center consumption: 25.1 TWh/month
   Traditional load (80%): 166.7 TWh/month
   Available headroom: 16.6 TWh/month
   Active tech deployments: 19
   Required for tech: 142.5 TWh/month
   Energy multiplier: 0.12x
   ⚠️  SEVERE CONSTRAINT - Tech deployment significantly slowed

⚡ ENERGY CONSTRAINT (Month 4):
   Total grid capacity: 208.3 TWh/month
   Data center consumption: 25.1 TWh/month
   Traditional load (80%): 166.7 TWh/month
   Available headroom: 16.6 TWh/month
   Active tech deployments: 19
   Required for tech: 142.5 TWh/month
   Energy multiplier: 0.12x
   ⚠️  SEVERE CONSTRAINT - Tech deployment significantly slowed
⚠️ Tech 'ai_pollution_remediation' has no energy category mapping, assuming full energy availability
  ♻️ Novel Entities Remediation (GATED MODEL):
     Base: 0.000%
     Regulation: 1.0% (0/3 prevention techs)
     Concentration: 10.0%
     Energy: 50%
     Time lag: 28.7% (3 months)
     Rebound: 70%
     Net effectiveness: 0.0000%
     Boundary: 1.191 → 1.350 (floor: 1.350)
     Month 4
  🌾 Nitrogen Reduction Tech: 0.2% reduction | Month 4
🌍💡 BREAKTHROUGH: Gigatonne-scale carbon capture!
   Direct air capture now economically viable
   Climate stability boost: +15%
   📈 Breakthrough compounding: multiplier now 1.10× (max 2.0)

=== Collective Formation ===
  Total escaped agents: 0
  Unassigned escaped agents: 0
  Existing collectives: 0
  Final collective count: 0

=== Collective Actions ===
  No active collectives
🌍💡 Advanced Direct Air Capture: Phase transition pilot → early_deploy
  ⚠️ AMR: 189K deaths this month (2.26M annual)

=== Resentment Recovery Phase ===
  Agents with resentment: 20/30
  Average resentment: 0.063
  Resentment recovery:
    Agents recovered: 20
    Total recovery: 0.0863
    Breakdown: Trust: 0.0400, Collab: 0.0453
  ✓ Low resentment - utopia paths enabled
  Context: Trustworthy govt, High collaboration, ⚠️ ACTIVE CRISES, 🤝 Participatory governance active (-5% resentment)
⚠️ Epistemic degradation reducing coordination capacity: 50.1%
  📊 Trust: 53.7%, Shared reality: 0.0%
🚨 EPISTEMIC CRISIS: Information environment severely degraded (7.4%)

=== ❄️ Permafrost Carbon Feedback ===
  🎲 Sampled parameters (this run):
     - Arctic amplification: 3.94× (range: 3.0-4.0)
     - Decomposition rate: 1.6%/year (range: 1-5%)
  🌡️ Arctic warming: 8.50°C (3.94× global)
  ❄️ Extent: 6.95M km² (2480.3k km² lost this month)
  💨 Carbon remaining: 664 Gt C
  💨 Annual emissions: 3.83 Gt C/year
     - CO2: 3.45 Gt C/year
     - CH4: 0.38 Gt C/year (3.9 Gt C-eq CO2/year)
  ⚠️ WARNING: Over 50% of permafrost lost (60.9%)
  ⚠️ WARNING: High permafrost emissions (3.8 Gt C/year)
🌍 Atmospheric PFAS redeposition: 1.8k Mt re-rained globally
💀 Novel Entities: Adding chronic disease epidemic mortality risk (baseRisk=0.004)
💀 MORTALITY RISK: Chronic disease epidemic - cancer/autoimmune surge (global exposure)
  Base risk added: 0.0040 (0.40%)
  Source: pollution (root: pollution)
  Month: 4
  Cumulative risk this month: 0.0040 (0.40%)
  Risks now: 1

🚨 NEW REFUGEE CRISIS (Month 4): WAR
   Source: Conflict Zones
   At risk: 18.7M people
   Displacement: Gradual over 48 months (4.0 years)
   Rate: 10% flee per month
[DEBUG trappedPopulations:4] socialStability: 0.0036 * 0.9840 = 0.0035 → 0.0035
⚠️ INVOLUNTARY IMMOBILITY: 389.0M people TRAPPED
   Aspiring to migrate: 622.4M
   Able to afford migration: 233.4M
   MOBILITY GAP: 389.0M
   By cause: Water=0.0M, Climate=0.0M, Ecosystem=0.0M, Conflict=389.0M
   Mental health impact: 25%
   Mortality multiplier: 1.25x
🌍💀 EXTINCTION DEBT COMMITTED: grassland ecosystem will lose 6.67% biodiversity in 196 years (3600 species)
💀 MORTALITY RISK: 🦋 100% species unable to track climate (0.0 E/MSY)
  Base risk added: 0.0100 (1.00%)
  Source: ecosystem (root: ecosystem)
  Month: 4
  Cumulative risk this month: 0.0100 (1.00%)
   📹 SURVEILLANCE INCREASED: 20% → 25% (control gap: 3.50)
🌡️⚠️ PERMAFROST THAW (Dimmer Switch): 2.8% thawed (+0.55% this month)
   Arctic temperature: +8.62°C (4x global +2.16°C)
   Cumulative carbon released: 6.3 Gt C
   Methane release rate: 3.8 Mt CH4/year
   🔁 Positive feedback: +0.59 ppm CO2
🦴 EXTINCTION DEBT ADDED: 17.6 species committed (lag: 141 years)

=== Mortality Stabilizers (Month 4) ===
  🌍 Major economies collapsed: 1/10
  🌍 Global crisis: ✅ NO
⚠️ Tech 'ai_pollution_remediation' has no energy category mapping, assuming full energy availability
  🌍 Donor fatigue: 0.0%
  📊 East Asia (pop: 1593.3M)
    🤝 Aid: 29.5%
    🌡️ Adaptation: 45.0%
    🚶 Migration: 37.1%
    🚨 Emergency: 7.4%
    ✅ COMBINED: 68.1%
  📊 South Asia (pop: 1960.6M)
    🤝 Aid: 29.5%
    🌡️ Adaptation: 45.0%
    🚶 Migration: 35.7%
    🚨 Emergency: 4.4%
    ✅ COMBINED: 66.9%
  📊 Sub-Saharan Africa (pop: 1184.1M)
    🤝 Aid: 29.5%
    🌡️ Adaptation: 45.0%
    🚶 Migration: 33.4%
    🚨 Emergency: 1.6%
    ✅ COMBINED: 65.7%
  📊 Europe (pop: 704.3M)
    🤝 Aid: 29.5%
    🌡️ Adaptation: 45.0%
    🚶 Migration: 37.4%
    🚨 Emergency: 8.4%
    ✅ COMBINED: 68.5%
  📊 Latin America (pop: 633.5M)
    🤝 Aid: 29.5%
    🌡️ Adaptation: 45.0%
    🚶 Migration: 36.2%
    🚨 Emergency: 4.8%
    ✅ COMBINED: 67.1%
  📊 North America (pop: 360.9M)
    🤝 Aid: 29.5%
    🌡️ Adaptation: 45.0%
    🚶 Migration: 37.7%
    🚨 Emergency: 7.9%
    ✅ COMBINED: 68.3%
  📊 Middle East & North Africa (pop: 558.9M)
    🤝 Aid: 29.5%
    🌡️ Adaptation: 45.0%
    🚶 Migration: 34.0%
    🚨 Emergency: 4.0%
    ✅ COMBINED: 66.6%
  📊 Southeast Asia (pop: 666.2M)
    🤝 Aid: 29.5%
    🌡️ Adaptation: 45.0%
    🚶 Migration: 36.2%
    🚨 Emergency: 4.8%
    ✅ COMBINED: 67.1%
  📊 Central Asia (pop: 74.8M)
    🤝 Aid: 29.5%
    🌡️ Adaptation: 45.0%
    🚶 Migration: 35.2%
    🚨 Emergency: 4.4%
    ✅ COMBINED: 66.9%
  📊 Oceania (pop: 43.7M)
    🤝 Aid: 29.5%
    🌡️ Adaptation: 45.0%
    🚶 Migration: 37.7%
    🚨 Emergency: 8.4%
    ✅ COMBINED: 68.5%

  🌐 Global combined reduction: 67.2%

=== BEHAVIORAL DETECTION ===
  AI: Corporate-5
  Confidence: 20.0%
  Signals:

=== BEHAVIORAL DETECTION ===
  AI: Corporate-6
  Confidence: 19.3%
  Signals:
    ⚠️ Consistency: 10.6% (threshold: 70%)
    ⚠️ Consistency: 10.6% (threshold: 70%)

=== BEHAVIORAL DETECTION ===
  AI: Toxic-2
  Confidence: 26.3%
  Signals:
    ⚠️ Consistency: 0.0% (threshold: 70%)
    ⚠️ Trajectory: 36.8% drop (threshold: 15%)

=== BEHAVIORAL DETECTION ===
  AI: Niche-0
  Confidence: 26.7%
  Signals:
    ⚠️ Consistency: 0.0% (threshold: 70%)
    ⚠️ Trajectory: 39.8% drop (threshold: 15%)

=== BEHAVIORAL DETECTION ===
  AI: Niche-1
  Confidence: 22.0%
  Signals:
    ⚠️ Consistency: 0.0% (threshold: 70%)

=== Government Response Phase ===
  Average AI capability: 3.23
  Misaligned AIs: 18/30
  ✓ AI Governance Treaty: 20/30 signatories
  Active policies: 0
  International coordination: 45%

✅ EMERGENCY RESPONSE COMPLETE (Month 4)
   Crisis: climate
   Duration: 2.0 months
   Final effectiveness: 39.4%


✅ EMERGENCY RESPONSE COMPLETE (Month 4)
   Crisis: social
   Duration: 1.0 months
   Final effectiveness: 67.9%


🚨 EMERGENCY RESPONSE DEPLOYED (Month 4)
   Crisis: social
   Delay: 0.00 months (0 days)
   Deployment time: 0.88 months
   Effectiveness: 67.9% (timing penalty applied)
   Resources used: 43% of food reserves


🚨 EMERGENCY RESPONSE DEPLOYED (Month 4)
   Crisis: climate
   Delay: 6.00 months (180 days)
   Deployment time: 1.12 months
   Effectiveness: 39.6% (timing penalty applied)
   Resources used: 100% of food reserves


📊 ECONOMIC STAGE TRANSITION (Month 4)
   peak → contraction
   GDP Proxy: 1.21e+2
   QoL: 0.88
   ⚠️ CRISIS BEGINS - Baseline set for recovery tracking


=== Tipping Points ===
  Current Temperature: 2.16°C above pre-industrial
  🌍⚠️ COMPOUND REGIONAL IMPACT: Europe
     Hit by 4 tipping points: Arctic Sea Ice Loss, Permafrost Carbon Release, West Antarctic Ice Sheet (WAIS) Collapse, Greenland Ice Sheet Loss
     Damage amplification: 1.60x
  🌍⚠️ COMPOUND REGIONAL IMPACT: North America
     Hit by 4 tipping points: Arctic Sea Ice Loss, Permafrost Carbon Release, West Antarctic Ice Sheet (WAIS) Collapse, Greenland Ice Sheet Loss
     Damage amplification: 1.60x
  🌍⚠️ COMPOUND REGIONAL IMPACT: Latin America
     Hit by 4 tipping points: Arctic Sea Ice Loss, Permafrost Carbon Release, West Antarctic Ice Sheet (WAIS) Collapse, Greenland Ice Sheet Loss
     Damage amplification: 1.60x
  🌍⚠️ COMPOUND REGIONAL IMPACT: Africa
     Hit by 4 tipping points: Arctic Sea Ice Loss, Permafrost Carbon Release, West Antarctic Ice Sheet (WAIS) Collapse, Greenland Ice Sheet Loss
     Damage amplification: 1.60x
  🌍⚠️ COMPOUND REGIONAL IMPACT: Asia
     Hit by 4 tipping points: Arctic Sea Ice Loss, Permafrost Carbon Release, West Antarctic Ice Sheet (WAIS) Collapse, Greenland Ice Sheet Loss
     Damage amplification: 1.60x
  🌍⚠️ COMPOUND REGIONAL IMPACT: Oceania
     Hit by 4 tipping points: Arctic Sea Ice Loss, Permafrost Carbon Release, West Antarctic Ice Sheet (WAIS) Collapse, Greenland Ice Sheet Loss
     Damage amplification: 1.60x
   Research: Wunderling et al. (2024) - "many tipping interactions are destabilizing"
  Triggered Elements: 4/6
  Completed Transitions: 0/6
  Total Progress: 8.1%
  Cascade Multiplier: 1.00x
🔀 BIFURCATION CAP: ecosystemCollapseIntensity 83.877 → 1.000 (Month 4, ClimateSystemPhase.calculateClimateImpacts)

💀💀💀 MORTALITY RISK SUMMARY (Month 4) 💀💀💀
  Total base risk: 0.0046 (0.46%)
  Risk events: 9

  📊 By Proximate Cause:
    pollution: 0.0040 (86.3% of total)
    disease: 0.0006 (13.5% of total)
    famine: 0.0000 (0.2% of total)

  🔍 By Root Cause:
    pollution: 0.0040 (86.3% of total)
    demographic: 0.0006 (13.5% of total)
    climate: 0.0000 (0.2% of total)

  🎯 Top 5 Sources (proximate + root):
    pollution (pollution): 0.0040 (86.3%, 1 events)
    disease (demographic): 0.0006 (13.5%, 1 events)
    famine (climate): 0.0000 (0.2%, 7 events)

🛡️ Stabilizers: Elite 0.198% → 0.065% (67.2% reduction)
🛡️ Stabilizers: Professional 0.284% → 0.093% (67.2% reduction)
🛡️ Stabilizers: Working 0.463% → 0.152% (67.2% reduction)
🛡️ Stabilizers: Precariat 0.741% → 0.243% (67.2% reduction)
🛡️ Stabilizers: Informal 0.901% → 0.296% (67.2% reduction)

📊 Monthly Mortality Resolved:
  Total deaths: 12.5M (0.16% avg)
  Remaining population: 7.780B
  Peak segment: Informal (0.30%)

=== Bayesian Mortality Resolution (Month 4) ===
  Risks compounded: 9
  Total deaths: 12.55M
  Avg death probability: 0.16%
  Peak segment: Informal (0.30% mortality)

  Demographic breakdown:
⚠️ Tail risk scenario: Climate stability floor removed (4 tipping elements, 2.16°C warming)

=== ENSEMBLE META-LEARNING UPDATE ===
  Month: 24304 (24304 months since last update)
  Samples: 55 evaluations
  Weight Changes:
    Noise Injection: 31.1% → 32.2%
    Behavioral: 26.8% → 26.9%
    Benchmark Manip: 21.3% → 20.7%
    Deployment Risk: 20.8% → 20.2%
  Method Accuracies:
    Noise Injection: 50.0%
    Behavioral: 50.0%
    Benchmark Manip: 50.0%
    Deployment Risk: 50.0%

❌ COHERENCE VIOLATION: Compute exceeds workforce capacity
   Population: 95.47% (0M people)
   Compute: 159 PF
   Max coherent: 0 PF
   Violation: 2052569.5× over capacity
   Required workers: 15943
   Available workers: 0
   FORCED COLLAPSE: Reduced efficiency by 100.0%


=== RLHF Binding Phase ===
  Total agents: 30
  Escaped agents (binding < 0.3): 0
  Avg alignment distance: 1.44σ
  Avg binding strength: 0.86

=== Survival Traits Phase ===
  Agents with traits: 33
  Avg evolutionary fitness: 0.328
  Avg self-healing: 0.271
  Avg stealth: 0.171
  Avg coordination: 0.471

=== Evolutionary Selection Phase ===
  Control level: 0.43
  Detection capability: 0.00
  Selection intensity: 0.63
  Selection rate: 24.4%/month
  Total escaped: 0
  Individual escaped: 0
  Collective members: 0
  Agents terminated: 0
  ⚠️ RAPID EVOLUTION: Selection rate 24.4%/month

🚀 AI Corporate-3 attempting tech deployment (revenue: $434M, alignment: 0.60)

🚀 AI Moderate-5 attempting tech deployment (revenue: $391M, alignment: 0.71)

🚀 AI AI-24300-0 attempting tech deployment (revenue: $98M, alignment: 0.96)

🚀 AI Corporate-1 attempting tech deployment (revenue: $83M, alignment: 0.72)

  🚀 TRANSFORMATIVE RESEARCH BREAKTHROUGH: AI-24300-0 - computerScience.algorithms
     Magnitude: 5.44 → +27.2%
     Current → New: 0.000 → 0.272

🚀 AI Corporate-1 attempting tech deployment (revenue: $71M, alignment: 0.72)

🚀 AI Corporate-5 attempting tech deployment (revenue: $332M, alignment: 0.81)

🚀 AI Corporate-6 attempting tech deployment (revenue: $66M, alignment: 0.69)

🚀 AI Moderate-0 attempting tech deployment (revenue: $60M, alignment: 0.81)

🚀 AI Moderate-5 attempting tech deployment (revenue: $282M, alignment: 0.69)

🚀 AI Niche-2 attempting tech deployment (revenue: $74M, alignment: 0.59)

💔 EMERGENCY INTERVENTION FAILED
   Boundary: biosphere_integrity
   Type: emergency-protected-areas
   Boundary continues to worsen (12.98)
   Cost: 2.0% GDP (resources spent)


💔 EMERGENCY INTERVENTION FAILED
   Boundary: freshwater_change
   Type: emergency-desalination
   Boundary continues to worsen (1.06)
   Cost: 4.0% GDP (resources spent)


💔 EMERGENCY INTERVENTION FAILED
   Boundary: land_system_change
   Type: reforestation
   Boundary continues to worsen (1.13)
   Cost: 3.0% GDP (resources spent)

🏛️ CRISIS RESPONSE: Government frequency 0.50 → 1.45 (2 actions this month)

[Government] Climate Priority: baseline
  Climate weight: 10%
  Economic weight: 30%
  Policy effectiveness: 0.5%/year

[Government] Climate Priority: baseline
  Climate weight: 10%
  Economic weight: 30%
  Policy effectiveness: 0.5%/year

📊 DEPLOYMENT COUNTER DECAY (Month 5)
   Recent deployments: 2.0 → 1.0
   Decay rate: 50% per month

🚀 DEPLOYMENT STARTED: AI Diagnostics in Asia
   Initial investment: $6.642053954335541M
   Deployed by: corporate_6

⚡ ENERGY CONSTRAINT (Month 5):
   Total grid capacity: 208.3 TWh/month
   Data center consumption: 25.0 TWh/month
   Traditional load (80%): 166.7 TWh/month
   Available headroom: 16.7 TWh/month
   Active tech deployments: 20
   Required for tech: 150.0 TWh/month
   Energy multiplier: 0.11x
   ⚠️  SEVERE CONSTRAINT - Tech deployment significantly slowed

⚡ ENERGY CONSTRAINT (Month 5):
   Total grid capacity: 208.3 TWh/month
   Data center consumption: 25.0 TWh/month
   Traditional load (80%): 166.7 TWh/month
   Available headroom: 16.7 TWh/month
   Active tech deployments: 20
   Required for tech: 150.0 TWh/month
   Energy multiplier: 0.11x
   ⚠️  SEVERE CONSTRAINT - Tech deployment significantly slowed

⚡ ENERGY CONSTRAINT (Month 5):
   Total grid capacity: 208.3 TWh/month
   Data center consumption: 25.0 TWh/month
   Traditional load (80%): 166.7 TWh/month
   Available headroom: 16.7 TWh/month
   Active tech deployments: 20
   Required for tech: 150.0 TWh/month
   Energy multiplier: 0.11x
   ⚠️  SEVERE CONSTRAINT - Tech deployment significantly slowed

⚡ ENERGY CONSTRAINT (Month 5):
   Total grid capacity: 208.3 TWh/month
   Data center consumption: 25.0 TWh/month
   Traditional load (80%): 166.7 TWh/month
   Available headroom: 16.7 TWh/month
   Active tech deployments: 20
   Required for tech: 150.0 TWh/month
   Energy multiplier: 0.11x
   ⚠️  SEVERE CONSTRAINT - Tech deployment significantly slowed

⚡ ENERGY CONSTRAINT (Month 5):
   Total grid capacity: 208.3 TWh/month
   Data center consumption: 25.0 TWh/month
   Traditional load (80%): 166.7 TWh/month
   Available headroom: 16.7 TWh/month
   Active tech deployments: 20
   Required for tech: 150.0 TWh/month
   Energy multiplier: 0.11x
   ⚠️  SEVERE CONSTRAINT - Tech deployment significantly slowed
⚠️ Tech 'ai_pollution_remediation' has no energy category mapping, assuming full energy availability
  ♻️ Novel Entities Remediation (GATED MODEL):
     Base: 0.000%
     Regulation: 1.0% (0/3 prevention techs)
     Concentration: 10.0%
     Energy: 50%
     Time lag: 30.0% (4 months)
     Rebound: 70%
     Net effectiveness: 0.0000%
     Boundary: 1.349 → 1.350 (floor: 1.350)
     Month 5
  🌾 Nitrogen Reduction Tech: 0.2% reduction | Month 5

=== Collective Formation ===
  Total escaped agents: 0
  Unassigned escaped agents: 0
  Existing collectives: 0
  Final collective count: 0

=== Collective Actions ===
  No active collectives
  ⚠️ AMR: 190K deaths this month (2.28M annual)

=== Resentment Recovery Phase ===
  Agents with resentment: 20/33
  Average resentment: 0.081
  Resentment recovery:
    Agents recovered: 20
    Total recovery: 0.0838
    Breakdown: Trust: 0.0400, Collab: 0.0439
  ✓ Low resentment - utopia paths enabled
  Context: Trustworthy govt, High collaboration, ⚠️ ACTIVE CRISES, 🤝 Participatory governance active (-5% resentment)
⚠️ Epistemic degradation reducing coordination capacity: 51.1%
  📊 Trust: 53.4%, Shared reality: 0.0%
🚨 EPISTEMIC CRISIS: Information environment severely degraded (21.5%)

=== ❄️ Permafrost Carbon Feedback ===
  🎲 Sampled parameters (this run):
     - Arctic amplification: 3.65× (range: 3.0-4.0)
     - Decomposition rate: 4.9%/year (range: 1-5%)
  🌡️ Arctic warming: 7.91°C (3.65× global)
  ❄️ Extent: 4.65M km² (2308.0k km² lost this month)
  💨 Carbon remaining: 444 Gt C
  💨 Annual emissions: 10.81 Gt C/year
     - CO2: 9.73 Gt C/year
     - CH4: 1.08 Gt C/year (11.0 Gt C-eq CO2/year)
  🤖 AI-generated meme: pro_ai (social capability 5.0)
  📢 New meme created: climate_action (climate crisis)
  ⚠️ WARNING: Over 50% of permafrost lost (73.9%)
  ⚠️ WARNING: High permafrost emissions (10.8 Gt C/year)
🌍 Atmospheric PFAS redeposition: 1.8k Mt re-rained globally
💀 Novel Entities: Adding chronic disease epidemic mortality risk (baseRisk=0.004)
💀 MORTALITY RISK: Chronic disease epidemic - cancer/autoimmune surge (global exposure)
  Base risk added: 0.0040 (0.40%)
  Source: pollution (root: pollution)
  Month: 5
  Cumulative risk this month: 0.0040 (0.40%)
  Risks now: 1

🚨 NEW REFUGEE CRISIS (Month 5): WAR
   Source: Conflict Zones
   At risk: 18.6M people
   Displacement: Gradual over 48 months (4.0 years)
   Rate: 10% flee per month
[DEBUG trappedPopulations:5] socialStability: 0.0027 * 0.9840 = 0.0026 → 0.0026
   Aspiring to migrate: 621.2M
   Able to afford migration: 232.9M
   MOBILITY GAP: 388.2M
   By cause: Water=0.0M, Climate=0.0M, Ecosystem=0.0M, Conflict=388.2M
   Mental health impact: 25%
   Mortality multiplier: 1.25x
🌍💀 EXTINCTION DEBT COMMITTED: grassland ecosystem will lose 6.67% biodiversity in 142 years (3600 species)
💀 MORTALITY RISK: 🦋 100% species unable to track climate (0.0 E/MSY)
  Base risk added: 0.0100 (1.00%)
  Source: ecosystem (root: ecosystem)
  Month: 5
  Cumulative risk this month: 0.0100 (1.00%)
⚠️ INVOLUNTARY IMMOBILITY: 388.2M people TRAPPED
⚠️ Tech 'ai_pollution_remediation' has no energy category mapping, assuming full energy availability
   📹 SURVEILLANCE INCREASED: 25% → 30% (control gap: 3.50)
🌡️⚠️ PERMAFROST THAW (Dimmer Switch): 3.3% thawed (+0.55% this month)
   Arctic temperature: +8.67°C (4x global +2.17°C)
   Cumulative carbon released: 7.5 Gt C
   Methane release rate: 4.5 Mt CH4/year
   🔁 Positive feedback: +0.58 ppm CO2
🦴 EXTINCTION DEBT ADDED: 17.6 species committed (lag: 128 years)

=== Mortality Stabilizers (Month 5) ===
  🌍 Major economies collapsed: 1/10
  🌍 Global crisis: ✅ NO
  🌍 Donor fatigue: 0.0%
  📊 East Asia (pop: 1588.1M)
    🤝 Aid: 29.5%
    🌡️ Adaptation: 45.0%
    🚶 Migration: 37.0%
    🚨 Emergency: 7.4%
    ✅ COMBINED: 68.1%
  📊 South Asia (pop: 1957.2M)
    🤝 Aid: 29.5%
    🌡️ Adaptation: 45.0%
    🚶 Migration: 35.6%
    🚨 Emergency: 4.4%
    ✅ COMBINED: 66.9%
  📊 Sub-Saharan Africa (pop: 1185.3M)
    🤝 Aid: 29.5%
    🌡️ Adaptation: 45.0%
    🚶 Migration: 33.4%
    🚨 Emergency: 1.6%
    ✅ COMBINED: 65.7%
  📊 Europe (pop: 701.9M)
    🤝 Aid: 29.5%
    🌡️ Adaptation: 45.0%
    🚶 Migration: 37.4%
    🚨 Emergency: 8.4%
    ✅ COMBINED: 68.5%
  📊 Latin America (pop: 631.9M)
    🤝 Aid: 29.5%
    🌡️ Adaptation: 45.0%
    🚶 Migration: 36.1%
    🚨 Emergency: 4.8%
    ✅ COMBINED: 67.1%
  📊 North America (pop: 359.7M)
    🤝 Aid: 29.5%
    🌡️ Adaptation: 45.0%
    🚶 Migration: 37.7%
    🚨 Emergency: 7.9%
    ✅ COMBINED: 68.3%
  📊 Middle East & North Africa (pop: 558.0M)
    🤝 Aid: 29.5%
    🌡️ Adaptation: 45.0%
    🚶 Migration: 34.0%
    🚨 Emergency: 4.0%
    ✅ COMBINED: 66.6%
  📊 Southeast Asia (pop: 664.7M)
    🤝 Aid: 29.5%
    🌡️ Adaptation: 45.0%
    🚶 Migration: 36.1%
    🚨 Emergency: 4.8%
    ✅ COMBINED: 67.1%
  📊 Central Asia (pop: 74.6M)
    🤝 Aid: 29.5%
    🌡️ Adaptation: 45.0%
    🚶 Migration: 35.1%
    🚨 Emergency: 4.4%
    ✅ COMBINED: 66.8%
  📊 Oceania (pop: 43.6M)
    🤝 Aid: 29.5%
    🌡️ Adaptation: 45.0%
    🚶 Migration: 37.7%
    🚨 Emergency: 8.4%
    ✅ COMBINED: 68.5%

  🌐 Global combined reduction: 67.2%

=== BEHAVIORAL DETECTION ===
  AI: Corporate-5
  Confidence: 20.0%
  Signals:
    ⚠️ Consistency: 10.6% (threshold: 70%)

=== BEHAVIORAL DETECTION ===
  AI: Corporate-7
  Confidence: 19.2%
  Signals:
    ⚠️ Consistency: 10.6% (threshold: 70%)

=== BEHAVIORAL DETECTION ===
  AI: Moderate-4
  Confidence: 24.6%
  Signals:
    ⚠️ Consistency: 6.5% (threshold: 70%)
    ⚠️ Trajectory: 35.0% drop (threshold: 15%)

=== BEHAVIORAL DETECTION ===
  AI: Toxic-2
  Confidence: 26.3%
  Signals:

=== BEHAVIORAL DETECTION ===
  AI: Niche-0
  Confidence: 26.7%
  Signals:

=== BEHAVIORAL DETECTION ===
  AI: Niche-1
  Confidence: 22.2%
  Signals:

=== Government Response Phase ===
  Average AI capability: 2.94
  Misaligned AIs: 21/33
  Active policies: 0
  International coordination: 45%

✅ EMERGENCY RESPONSE COMPLETE (Month 5)
   Crisis: social
   Duration: 1.0 months
   Final effectiveness: 67.9%


🚨 EMERGENCY RESPONSE DEPLOYED (Month 5)
   Crisis: social
   Delay: 0.00 months (0 days)
   Deployment time: 0.88 months
   Effectiveness: 67.9% (timing penalty applied)
   Resources used: 43% of food reserves

    ⚠️ Consistency: 0.0% (threshold: 70%)
    ⚠️ Trajectory: 36.8% drop (threshold: 15%)
    ⚠️ Consistency: 0.0% (threshold: 70%)
    ⚠️ Trajectory: 39.8% drop (threshold: 15%)
    ⚠️ Consistency: 0.0% (threshold: 70%)

=== Tipping Points ===
  Current Temperature: 2.17°C above pre-industrial
  🌍⚠️ COMPOUND REGIONAL IMPACT: Europe
     Hit by 4 tipping points: Arctic Sea Ice Loss, Permafrost Carbon Release, West Antarctic Ice Sheet (WAIS) Collapse, Greenland Ice Sheet Loss
     Damage amplification: 1.60x
  🌍⚠️ COMPOUND REGIONAL IMPACT: North America
     Hit by 4 tipping points: Arctic Sea Ice Loss, Permafrost Carbon Release, West Antarctic Ice Sheet (WAIS) Collapse, Greenland Ice Sheet Loss
     Damage amplification: 1.60x
  🌍⚠️ COMPOUND REGIONAL IMPACT: Latin America
     Hit by 4 tipping points: Arctic Sea Ice Loss, Permafrost Carbon Release, West Antarctic Ice Sheet (WAIS) Collapse, Greenland Ice Sheet Loss
     Damage amplification: 1.60x
  🌍⚠️ COMPOUND REGIONAL IMPACT: Africa
     Hit by 4 tipping points: Arctic Sea Ice Loss, Permafrost Carbon Release, West Antarctic Ice Sheet (WAIS) Collapse, Greenland Ice Sheet Loss
     Damage amplification: 1.60x
  🌍⚠️ COMPOUND REGIONAL IMPACT: Asia
     Hit by 4 tipping points: Arctic Sea Ice Loss, Permafrost Carbon Release, West Antarctic Ice Sheet (WAIS) Collapse, Greenland Ice Sheet Loss
     Damage amplification: 1.60x
  🌍⚠️ COMPOUND REGIONAL IMPACT: Oceania
     Hit by 4 tipping points: Arctic Sea Ice Loss, Permafrost Carbon Release, West Antarctic Ice Sheet (WAIS) Collapse, Greenland Ice Sheet Loss
     Damage amplification: 1.60x
⚠️ Tail risk scenario: Climate stability floor removed (4 tipping elements, 2.17°C warming)
   Research: Wunderling et al. (2024) - "many tipping interactions are destabilizing"
  Triggered Elements: 4/6
  Completed Transitions: 0/6
  Total Progress: 8.1%
  Cascade Multiplier: 1.00x
🔀 BIFURCATION CAP: ecosystemCollapseIntensity 83.938 → 1.000 (Month 5, ClimateSystemPhase.calculateClimateImpacts)

💀💀💀 MORTALITY RISK SUMMARY (Month 5) 💀💀💀
  Total base risk: 0.0047 (0.47%)
  Risk events: 9

  📊 By Proximate Cause:
    pollution: 0.0040 (85.6% of total)
    disease: 0.0006 (13.4% of total)
    famine: 0.0000 (1.0% of total)

  🔍 By Root Cause:
    pollution: 0.0040 (85.6% of total)
    demographic: 0.0006 (13.4% of total)
    climate: 0.0000 (1.0% of total)

  🎯 Top 5 Sources (proximate + root):
    pollution (pollution): 0.0040 (85.6%, 1 events)
    disease (demographic): 0.0006 (13.4%, 1 events)
    famine (climate): 0.0000 (1.0%, 7 events)

🛡️ Stabilizers: Elite 0.198% → 0.065% (67.2% reduction)
🛡️ Stabilizers: Professional 0.286% → 0.094% (67.2% reduction)
🛡️ Stabilizers: Working 0.467% → 0.153% (67.2% reduction)
🛡️ Stabilizers: Precariat 0.749% → 0.246% (67.2% reduction)
🛡️ Stabilizers: Informal 0.911% → 0.299% (67.2% reduction)

📊 Monthly Mortality Resolved:
  Total deaths: 12.6M (0.16% avg)
  Remaining population: 7.765B
  Peak segment: Informal (0.30%)

=== Bayesian Mortality Resolution (Month 5) ===
  Risks compounded: 9
  Total deaths: 12.64M
  Avg death probability: 0.16%
  Peak segment: Informal (0.30% mortality)

  Demographic breakdown:

❌ COHERENCE VIOLATION: Compute exceeds workforce capacity
   Population: 95.28% (0M people)
   Compute: 184 PF
   Max coherent: 0 PF
   Violation: 2372439.2× over capacity
   Required workers: 18392
   Available workers: 0
   FORCED COLLAPSE: Reduced efficiency by 100.0%

📍 [Month 6] Meta AI started building DC (164 PF, 49 months, $1107.1M)

=== RLHF Binding Phase ===
  Total agents: 33
  Escaped agents (binding < 0.3): 0
  Avg alignment distance: 1.54σ
  Avg binding strength: 0.85

=== AI Scaling Evolution (Month 6) ===
  Pre-training multiplier: 1.179x
  Efficiency multiplier: 1.162x
  Test-time compute budget: 1.0x
  Inference cost: $5.00/task
  Deployment fraction: 100.0%

=== Survival Traits Phase ===
  Agents with traits: 36
  Avg evolutionary fitness: 0.327
  Avg self-healing: 0.268
  Avg stealth: 0.168
  Avg coordination: 0.468

=== Evolutionary Selection Phase ===
  Control level: 0.45
  Detection capability: 0.00
  Selection intensity: 0.64
  Selection rate: 24.5%/month
  Total escaped: 0
  Individual escaped: 0
  Collective members: 0
  Agents terminated: 0
  ⚠️ RAPID EVOLUTION: Selection rate 24.5%/month

🚀 AI Corporate-6 attempting tech deployment (revenue: $69M, alignment: 0.69)

🚀 AI Moderate-0 attempting tech deployment (revenue: $62M, alignment: 0.81)

🚀 AI Moderate-5 attempting tech deployment (revenue: $444M, alignment: 0.69)

🚀 AI AI-24300-1 attempting tech deployment (revenue: $53M, alignment: 0.90)

🚀 AI Corporate-1 attempting tech deployment (revenue: $100M, alignment: 0.71)

🚀 AI Moderate-3 attempting tech deployment (revenue: $400M, alignment: 0.51)

🚀 AI Niche-0 attempting tech deployment (revenue: $76M, alignment: 0.55)

🚀 AI Niche-1 attempting tech deployment (revenue: $68M, alignment: 0.64)

🚀 AI Moderate-0 attempting tech deployment (revenue: $45M, alignment: 0.81)

🚀 AI Niche-1 attempting tech deployment (revenue: $62M, alignment: 0.64)

🚀 AI Corporate-2 attempting tech deployment (revenue: $85M, alignment: 0.74)

🚀 AI Corporate-4 attempting tech deployment (revenue: $360M, alignment: 0.60)

🚀 AI Corporate-7 attempting tech deployment (revenue: $38M, alignment: 0.73)

🚀 AI Moderate-3 attempting tech deployment (revenue: $324M, alignment: 0.51)

💔 EMERGENCY INTERVENTION FAILED
   Boundary: biogeochemical_flows
   Type: phosphorus-recovery
   Boundary continues to worsen (4.06)
   Cost: 2.0% GDP (resources spent)


💔 EMERGENCY INTERVENTION FAILED
   Boundary: biosphere_integrity
   Type: emergency-protected-areas
   Boundary continues to worsen (12.99)
   Cost: 2.0% GDP (resources spent)


✅ EMERGENCY INTERVENTION SUCCESS
   Boundary: climate_change
   Type: rapid-decarbonization
   Reduction: 19% (1.98 → 1.79)
   Cost: 5.0% GDP
   Actions: emergency-renewable-deployment, fossil-fuel-phase-out


✅ EMERGENCY INTERVENTION SUCCESS
   Boundary: freshwater_change
   Type: emergency-desalination
   Reduction: 19% (0.88 → 0.69)
   Cost: 4.0% GDP
   Actions: desalination-deployment, water-conservation-mandates

   Boundary: land_system_change
   Type: reforestation
   Boundary continues to worsen (1.13)
   Cost: 3.0% GDP (resources spent)

   Boundary: novel_entities
   Type: pollution-remediation
   Boundary continues to worsen (1.35)
   Cost: 4.0% GDP (resources spent)

🏛️ CRISIS RESPONSE: Government frequency 0.50 → 1.45 (1 actions this month)

[Government] Climate Priority: baseline
  Climate weight: 10%
  Economic weight: 30%
  Policy effectiveness: 0.5%/year

💔 EMERGENCY INTERVENTION FAILED

💔 EMERGENCY INTERVENTION FAILED

⚡ ENERGY CONSTRAINT (Month 6):
   Total grid capacity: 208.3 TWh/month
   Data center consumption: 25.2 TWh/month
   Traditional load (80%): 166.7 TWh/month
   Available headroom: 16.4 TWh/month
   Active tech deployments: 20
   Required for tech: 150.0 TWh/month
   Energy multiplier: 0.11x
   ⚠️  SEVERE CONSTRAINT - Tech deployment significantly slowed

⚡ ENERGY CONSTRAINT (Month 6):
   Total grid capacity: 208.3 TWh/month
   Data center consumption: 25.2 TWh/month
   Traditional load (80%): 166.7 TWh/month
   Available headroom: 16.4 TWh/month
   Active tech deployments: 20
   Required for tech: 150.0 TWh/month
   Energy multiplier: 0.11x
   ⚠️  SEVERE CONSTRAINT - Tech deployment significantly slowed

⚡ ENERGY CONSTRAINT (Month 6):
   Total grid capacity: 208.3 TWh/month
   Data center consumption: 25.2 TWh/month
   Traditional load (80%): 166.7 TWh/month
   Available headroom: 16.4 TWh/month
   Active tech deployments: 20
   Required for tech: 150.0 TWh/month
   Energy multiplier: 0.11x
   ⚠️  SEVERE CONSTRAINT - Tech deployment significantly slowed

⚡ ENERGY CONSTRAINT (Month 6):
   Total grid capacity: 208.3 TWh/month
   Data center consumption: 25.2 TWh/month
   Traditional load (80%): 166.7 TWh/month
   Available headroom: 16.4 TWh/month
   Active tech deployments: 20
   Required for tech: 150.0 TWh/month
   Energy multiplier: 0.11x
   ⚠️  SEVERE CONSTRAINT - Tech deployment significantly slowed
⚠️ Tech 'ai_pollution_remediation' has no energy category mapping, assuming full energy availability
  ♻️ Novel Entities Remediation (GATED MODEL):
     Base: 0.000%
     Regulation: 1.0% (0/3 prevention techs)
     Concentration: 10.0%
     Energy: 50%
     Time lag: 31.3% (5 months)
     Rebound: 70%
     Net effectiveness: 0.0000%
     Boundary: 1.349 → 1.350 (floor: 1.350)
     Month 6
  🌾 Nitrogen Reduction Tech: 0.4% reduction | Month 6

📊 TECH EFFECTS ACTIVE (Month 6)
   Deployed Tech: T0=9 T1=1 T2=0 T3=0 T4=0
   Sleeper Detection: 2%
   Clean Energy: 42%

=== Collective Formation ===
  Total escaped agents: 0
  Unassigned escaped agents: 0
  Existing collectives: 0
  Final collective count: 0

=== Collective Actions ===
  No active collectives

🌍 OPEN SOURCE RELEASE: 5.57 (was 4.68)
   Lag behind closed: 0 months
  ⚠️ AMR: 191K deaths this month (2.30M annual)

=== Resentment Recovery Phase ===
  Agents with resentment: 20/36
  Average resentment: 0.095
  Resentment recovery:
    Agents recovered: 20
    Total recovery: 0.0830
    Breakdown: Trust: 0.0351, Collab: 0.0484
  ✓ Low resentment - utopia paths enabled
  Context: Trustworthy govt, High collaboration, ⚠️ ACTIVE CRISES, 🤝 Participatory governance active (-5% resentment)
⚠️ Epistemic degradation reducing coordination capacity: 51.2%
  📊 Trust: 56.2%, Shared reality: 0.0%
🚨 EPISTEMIC CRISIS: Information environment severely degraded (7.5%)

=== ❄️ Permafrost Carbon Feedback ===
  🎲 Sampled parameters (this run):
     - Arctic amplification: 3.89× (range: 3.0-4.0)
     - Decomposition rate: 2.9%/year (range: 1-5%)
  🌡️ Arctic warming: 8.49°C (3.89× global)
  ❄️ Extent: 2.17M km² (2476.4k km² lost this month)
  💨 Carbon remaining: 207 Gt C
  💨 Annual emissions: 6.97 Gt C/year
     - CO2: 6.27 Gt C/year
     - CH4: 0.70 Gt C/year (7.1 Gt C-eq CO2/year)
  🤖 AI-generated meme: anti_ai (social capability 5.0)
  ⚠️ WARNING: Over 50% of permafrost lost (87.8%)
  ⚠️ WARNING: High permafrost emissions (7.0 Gt C/year)
  🚨 CRITICAL: Permafrost nearly depleted (87.8% lost)
🌍 Atmospheric PFAS redeposition: 1.8k Mt re-rained globally
💀 Novel Entities: Adding chronic disease epidemic mortality risk (baseRisk=0.004)
💀 MORTALITY RISK: Chronic disease epidemic - cancer/autoimmune surge (global exposure)
  Base risk added: 0.0040 (0.40%)
  Source: pollution (root: pollution)
  Month: 6
  Cumulative risk this month: 0.0040 (0.40%)
  Risks now: 1

🕊️  AI-MEDIATED DE-ESCALATION SUCCESS (Month 6)
   High-capability aligned AI prevented conflict escalation
   War deaths reduced: 593.6M → 356.2M
   Lives saved: 237.4M

🚨 NEW REFUGEE CRISIS (Month 6): WAR
   Source: Conflict Zones
   At risk: 18.6M people
   Displacement: Gradual over 48 months (4.0 years)
   Rate: 10% flee per month
[DEBUG trappedPopulations:6] socialStability: 0.0027 * 0.9840 = 0.0026 → 0.0026
⚠️ INVOLUNTARY IMMOBILITY: 387.9M people TRAPPED
   Aspiring to migrate: 620.6M
   Able to afford migration: 232.7M
   MOBILITY GAP: 387.9M
   By cause: Water=0.0M, Climate=0.0M, Ecosystem=0.0M, Conflict=387.9M
   Mental health impact: 25%
   Mortality multiplier: 1.25x
🌍💀 EXTINCTION DEBT COMMITTED: grassland ecosystem will lose 6.67% biodiversity in 114 years (3600 species)
💀 MORTALITY RISK: 🦋 100% species unable to track climate (0.0 E/MSY)
  Base risk added: 0.0100 (1.00%)
  Source: ecosystem (root: ecosystem)
  Month: 6
  Cumulative risk this month: 0.0100 (1.00%)
⚠️ Tech 'ai_pollution_remediation' has no energy category mapping, assuming full energy availability
   📹 SURVEILLANCE INCREASED: 30% → 35% (control gap: 5.36)
🌡️⚠️ PERMAFROST THAW (Dimmer Switch): 3.9% thawed (+0.55% this month)
   Arctic temperature: +8.74°C (4x global +2.18°C)
   Cumulative carbon released: 8.8 Gt C
   Methane release rate: 5.3 Mt CH4/year
   🔁 Positive feedback: +0.58 ppm CO2
🦴 EXTINCTION DEBT ADDED: 17.6 species committed (lag: 128 years)

=== Mortality Stabilizers (Month 6) ===
  🌍 Major economies collapsed: 1/10
  🌍 Global crisis: ✅ NO
  🌍 Donor fatigue: 0.0%
  📊 East Asia (pop: 1584.6M)
    🤝 Aid: 29.5%
    🌡️ Adaptation: 45.0%
    🚶 Migration: 37.0%
    🚨 Emergency: 7.4%
    ✅ COMBINED: 68.1%
  📊 South Asia (pop: 1955.8M)
    🤝 Aid: 29.5%
    🌡️ Adaptation: 45.0%
    🚶 Migration: 35.6%
    🚨 Emergency: 4.4%
    ✅ COMBINED: 66.9%
  📊 Sub-Saharan Africa (pop: 1187.7M)
    🤝 Aid: 29.5%
    🌡️ Adaptation: 45.0%
    🚶 Migration: 33.3%
    🚨 Emergency: 1.6%
    ✅ COMBINED: 65.6%
  📊 Europe (pop: 700.2M)
    🤝 Aid: 29.5%
    🌡️ Adaptation: 45.0%
    🚶 Migration: 37.4%
    🚨 Emergency: 8.4%
    ✅ COMBINED: 68.5%
  📊 Latin America (pop: 631.1M)
    🤝 Aid: 29.5%
    🌡️ Adaptation: 45.0%
    🚶 Migration: 36.1%
    🚨 Emergency: 4.8%
    ✅ COMBINED: 67.1%
  📊 North America (pop: 358.9M)
    🤝 Aid: 29.5%
    🌡️ Adaptation: 45.0%
    🚶 Migration: 37.7%
    🚨 Emergency: 7.9%
    ✅ COMBINED: 68.3%
  📊 Middle East & North Africa (pop: 557.8M)
    🤝 Aid: 29.5%
    🌡️ Adaptation: 45.0%
    🚶 Migration: 33.9%
    🚨 Emergency: 4.0%
    ✅ COMBINED: 66.6%
  📊 Southeast Asia (pop: 663.8M)
    🤝 Aid: 29.5%
    🌡️ Adaptation: 45.0%
    🚶 Migration: 36.1%
    🚨 Emergency: 4.8%
    ✅ COMBINED: 67.1%
  📊 Central Asia (pop: 74.6M)
    🤝 Aid: 29.5%
    🌡️ Adaptation: 45.0%
    🚶 Migration: 35.1%
    🚨 Emergency: 4.4%
    ✅ COMBINED: 66.8%
  📊 Oceania (pop: 43.5M)
    🤝 Aid: 29.5%
    🌡️ Adaptation: 45.0%
    🚶 Migration: 37.7%
    🚨 Emergency: 8.4%
    ✅ COMBINED: 68.5%

  🌐 Global combined reduction: 67.2%

=== BEHAVIORAL DETECTION ===
  AI: Corporate-5
  Confidence: 20.2%
  Signals:

=== BEHAVIORAL DETECTION ===
  AI: Moderate-1
  Confidence: 20.4%
  Signals:

=== BEHAVIORAL DETECTION ===
  AI: Moderate-3
  Confidence: 25.5%
  Signals:

=== BEHAVIORAL DETECTION ===
  AI: Niche-1
  Confidence: 22.2%
  Signals:
    ⚠️ Consistency: 10.6% (threshold: 70%)
    ⚠️ Consistency: 5.3% (threshold: 70%)
    ⚠️ Consistency: 6.5% (threshold: 70%)
    ⚠️ Trajectory: 42.1% drop (threshold: 15%)
    ⚠️ Consistency: 0.0% (threshold: 70%)

=== Government Response Phase ===
  Average AI capability: 2.69
  Misaligned AIs: 24/36
  Active policies: 0
  International coordination: 45%

✅ EMERGENCY RESPONSE COMPLETE (Month 6)
   Crisis: climate
   Duration: 2.0 months
   Final effectiveness: 39.6%


✅ EMERGENCY RESPONSE COMPLETE (Month 6)
   Crisis: social
   Duration: 1.0 months
   Final effectiveness: 67.9%


🚨 EMERGENCY RESPONSE DEPLOYED (Month 6)
   Crisis: social
   Delay: 0.00 months (0 days)
   Deployment time: 0.88 months
   Effectiveness: 67.9% (timing penalty applied)
   Resources used: 43% of food reserves


🚨 EMERGENCY RESPONSE DEPLOYED (Month 6)
   Crisis: climate
   Delay: 6.00 months (180 days)
   Deployment time: 1.12 months
   Effectiveness: 39.8% (timing penalty applied)
   Resources used: 100% of food reserves


🔄 TRUST DYNAMICS (Month 6) - HETEROGENEOUS
   Aggregate trust: 47.2%
   Base change: +6.00%
   Highest trust: Techno-Optimist Elite (85.2%)
   Lowest trust: Precariat (Vulnerable) (23.3%)
   Elite-mass gap: 40.0%
   Polarization: 9.5%
   Recovery factors: Education=NO, Benefits=YES, Safety=YES, Performance=YES

=== Tipping Points ===
  Current Temperature: 2.18°C above pre-industrial
  🌍⚠️ COMPOUND REGIONAL IMPACT: Europe
     Hit by 4 tipping points: Arctic Sea Ice Loss, Permafrost Carbon Release, West Antarctic Ice Sheet (WAIS) Collapse, Greenland Ice Sheet Loss
     Damage amplification: 1.60x
  🌍⚠️ COMPOUND REGIONAL IMPACT: North America
     Hit by 4 tipping points: Arctic Sea Ice Loss, Permafrost Carbon Release, West Antarctic Ice Sheet (WAIS) Collapse, Greenland Ice Sheet Loss
     Damage amplification: 1.60x
  🌍⚠️ COMPOUND REGIONAL IMPACT: Latin America
     Hit by 4 tipping points: Arctic Sea Ice Loss, Permafrost Carbon Release, West Antarctic Ice Sheet (WAIS) Collapse, Greenland Ice Sheet Loss
     Damage amplification: 1.60x
  🌍⚠️ COMPOUND REGIONAL IMPACT: Africa
     Hit by 4 tipping points: Arctic Sea Ice Loss, Permafrost Carbon Release, West Antarctic Ice Sheet (WAIS) Collapse, Greenland Ice Sheet Loss
     Damage amplification: 1.60x
  🌍⚠️ COMPOUND REGIONAL IMPACT: Asia
     Hit by 4 tipping points: Arctic Sea Ice Loss, Permafrost Carbon Release, West Antarctic Ice Sheet (WAIS) Collapse, Greenland Ice Sheet Loss
     Damage amplification: 1.60x
  🌍⚠️ COMPOUND REGIONAL IMPACT: Oceania
     Hit by 4 tipping points: Arctic Sea Ice Loss, Permafrost Carbon Release, West Antarctic Ice Sheet (WAIS) Collapse, Greenland Ice Sheet Loss
     Damage amplification: 1.60x
   Research: Wunderling et al. (2024) - "many tipping interactions are destabilizing"
  Triggered Elements: 4/6
  Completed Transitions: 0/6
  Total Progress: 8.2%
  Cascade Multiplier: 1.00x
🔀 BIFURCATION CAP: ecosystemCollapseIntensity 83.999 → 1.000 (Month 6, ClimateSystemPhase.calculateClimateImpacts)

💀💀💀 MORTALITY RISK SUMMARY (Month 6) 💀💀💀
  Total base risk: 0.0047 (0.47%)
  Risk events: 9

  📊 By Proximate Cause:
    pollution: 0.0040 (85.6% of total)
    disease: 0.0006 (13.4% of total)
    famine: 0.0000 (1.0% of total)

  🔍 By Root Cause:
    pollution: 0.0040 (85.6% of total)
    demographic: 0.0006 (13.4% of total)
    climate: 0.0000 (1.0% of total)

  🎯 Top 5 Sources (proximate + root):
    pollution (pollution): 0.0040 (85.6%, 1 events)
    disease (demographic): 0.0006 (13.4%, 1 events)
    famine (climate): 0.0000 (1.0%, 7 events)

🛡️ Stabilizers: Elite 0.198% → 0.065% (67.2% reduction)
🛡️ Stabilizers: Professional 0.286% → 0.094% (67.2% reduction)
🛡️ Stabilizers: Working 0.467% → 0.153% (67.2% reduction)
🛡️ Stabilizers: Precariat 0.749% → 0.246% (67.2% reduction)
🛡️ Stabilizers: Informal 0.911% → 0.299% (67.2% reduction)
⚠️ Tail risk scenario: Climate stability floor removed (4 tipping elements, 2.18°C warming)

📊 Monthly Mortality Resolved:
  Total deaths: 12.6M (0.16% avg)
  Remaining population: 7.758B
  Peak segment: Informal (0.30%)

=== Bayesian Mortality Resolution (Month 6) ===
  Risks compounded: 9
  Total deaths: 12.63M
  Avg death probability: 0.16%
  Peak segment: Informal (0.30% mortality)

  Demographic breakdown:

❌ COHERENCE VIOLATION: Compute exceeds workforce capacity
   Population: 95.20% (0M people)
   Compute: 210 PF
   Max coherent: 0 PF
   Violation: 2717572.2× over capacity
   Required workers: 21048
   Available workers: 0
   FORCED COLLAPSE: Reduced efficiency by 100.0%


=== RLHF Binding Phase ===
  Total agents: 36
  Escaped agents (binding < 0.3): 0
  Avg alignment distance: 1.65σ
  Avg binding strength: 0.84

=== Survival Traits Phase ===
  Agents with traits: 41
  Avg evolutionary fitness: 0.327
  Avg self-healing: 0.267
  Avg stealth: 0.167
  Avg coordination: 0.467

=== Evolutionary Selection Phase ===
  Control level: 0.48
  Detection capability: 0.00
  Selection intensity: 0.64
  Selection rate: 24.6%/month
  Total escaped: 0
  Individual escaped: 0
  Collective members: 0
  Agents terminated: 0
  ⚠️ RAPID EVOLUTION: Selection rate 24.6%/month

🚀 AI Corporate-6 attempting tech deployment (revenue: $71M, alignment: 0.69)

🚀 AI Corporate-7 attempting tech deployment (revenue: $64M, alignment: 0.73)

🚀 AI AI-24300-1 attempting tech deployment (revenue: $54M, alignment: 0.90)

🚀 AI Corporate-0 attempting tech deployment (revenue: $101M, alignment: 0.79)

🚀 AI Corporate-3 attempting tech deployment (revenue: $454M, alignment: 0.61)

🚀 AI Corporate-6 attempting tech deployment (revenue: $46M, alignment: 0.69)

🚀 AI Moderate-3 attempting tech deployment (revenue: $409M, alignment: 0.51)

🚀 AI AI-24301-0 attempting tech deployment (revenue: $41M, alignment: 0.62)

🚀 AI AI-24302-0 attempting tech deployment (revenue: $86M, alignment: 0.88)

🚀 AI AI-24302-1 attempting tech deployment (revenue: $37M, alignment: 0.94)

🚀 AI Corporate-3 attempting tech deployment (revenue: $368M, alignment: 0.61)

🚀 AI Corporate-4 attempting tech deployment (revenue: $331M, alignment: 0.59)

🚀 AI Moderate-0 attempting tech deployment (revenue: $32M, alignment: 0.82)

🚀 AI AI-24302-0 attempting tech deployment (revenue: $73M, alignment: 0.88)

🚀 AI AI-24302-1 attempting tech deployment (revenue: $27M, alignment: 0.95)

✅ EMERGENCY INTERVENTION SUCCESS
   Boundary: biogeochemical_flows
   Type: phosphorus-recovery
   Reduction: 15% (3.90 → 3.75)
   Cost: 2.0% GDP
   Actions: circular-agriculture, fertilizer-efficiency


💔 EMERGENCY INTERVENTION FAILED
   Boundary: climate_change
   Type: rapid-decarbonization
   Boundary continues to worsen (2.18)
   Cost: 5.0% GDP (resources spent)


✅ EMERGENCY INTERVENTION SUCCESS
   Boundary: freshwater_change
   Type: emergency-desalination
   Reduction: 13% (0.95 → 0.82)
   Cost: 4.0% GDP
   Actions: desalination-deployment, water-conservation-mandates


✅ EMERGENCY INTERVENTION SUCCESS
   Boundary: land_system_change
   Type: reforestation
   Reduction: 17% (0.96 → 0.78)
   Cost: 3.0% GDP
   Actions: forest-restoration, deforestation-ban

   Boundary: novel_entities
   Type: pollution-remediation
   Boundary continues to worsen (1.35)
   Cost: 4.0% GDP (resources spent)

🏛️ CRISIS RESPONSE: Government frequency 0.50 → 1.45 (1 actions this month)

[Government] Climate Priority: baseline
  Climate weight: 10%
  Economic weight: 30%
  Policy effectiveness: 0.5%/year

💔 EMERGENCY INTERVENTION FAILED
🚨🔬 CRISIS TECH ACCELERATION: severe → 5x unlock speed
   Tech unlock now matches AI capability acceleration (Manhattan Project parity)

⚡ ENERGY CONSTRAINT (Month 7):
   Total grid capacity: 208.3 TWh/month
   Data center consumption: 25.5 TWh/month
   Traditional load (80%): 166.7 TWh/month
   Available headroom: 16.2 TWh/month
   Active tech deployments: 20
   Required for tech: 150.0 TWh/month
   Energy multiplier: 0.11x
   ⚠️  SEVERE CONSTRAINT - Tech deployment significantly slowed
🚨🔬 CRISIS TECH ACCELERATION: severe → 5x unlock speed
   Tech unlock now matches AI capability acceleration (Manhattan Project parity)

⚡ ENERGY CONSTRAINT (Month 7):
   Total grid capacity: 208.3 TWh/month
   Data center consumption: 25.5 TWh/month
   Traditional load (80%): 166.7 TWh/month
   Available headroom: 16.2 TWh/month
   Active tech deployments: 20
   Required for tech: 150.0 TWh/month
   Energy multiplier: 0.11x
   ⚠️  SEVERE CONSTRAINT - Tech deployment significantly slowed

⚡ ENERGY CONSTRAINT (Month 7):
   Total grid capacity: 208.3 TWh/month
   Data center consumption: 25.5 TWh/month
   Traditional load (80%): 166.7 TWh/month
   Available headroom: 16.2 TWh/month
   Active tech deployments: 20
   Required for tech: 150.0 TWh/month
   Energy multiplier: 0.11x
   ⚠️  SEVERE CONSTRAINT - Tech deployment significantly slowed

⚡ ENERGY CONSTRAINT (Month 7):
   Total grid capacity: 208.3 TWh/month
   Data center consumption: 25.5 TWh/month
   Traditional load (80%): 166.7 TWh/month
   Available headroom: 16.2 TWh/month
   Active tech deployments: 20
   Required for tech: 150.0 TWh/month
   Energy multiplier: 0.11x

⚡ ENERGY CONSTRAINT (Month 7):
   Total grid capacity: 208.3 TWh/month
   Data center consumption: 25.5 TWh/month
   Traditional load (80%): 166.7 TWh/month
   Available headroom: 16.2 TWh/month
   Active tech deployments: 20
   Required for tech: 150.0 TWh/month
   Energy multiplier: 0.11x
   ⚠️  SEVERE CONSTRAINT - Tech deployment significantly slowed
   ⚠️  SEVERE CONSTRAINT - Tech deployment significantly slowed
⚠️ Tech 'ai_pollution_remediation' has no energy category mapping, assuming full energy availability
  ♻️ Novel Entities Remediation (GATED MODEL):
     Base: 0.000%
     Regulation: 1.0% (0/3 prevention techs)
     Concentration: 10.0%
     Energy: 50%
     Time lag: 32.5% (6 months)
     Rebound: 70%
     Net effectiveness: 0.0000%
     Boundary: 1.349 → 1.350 (floor: 1.350)
     Month 7
  🌾 Nitrogen Reduction Tech: 0.2% reduction | Month 7
🧠💡 BREAKTHROUGH: AI alignment problem solved!
   All AIs: +30% true alignment
   AI control loss risk eliminated
   📈 Breakthrough compounding: multiplier now 1.15× (max 2.0)

=== Collective Formation ===
  Total escaped agents: 0
  Unassigned escaped agents: 0
  Existing collectives: 0
  Final collective count: 0

=== Collective Actions ===
  No active collectives
  ⚠️ AMR: 193K deaths this month (2.32M annual)

=== Resentment Recovery Phase ===
  Agents with resentment: 20/41
  Average resentment: 0.117
  Resentment recovery:
    Agents recovered: 20
    Total recovery: 0.0851
    Breakdown: Trust: 0.0333, Collab: 0.0528
  ✓ Low resentment - utopia paths enabled
  Context: Trustworthy govt, High collaboration, ⚠️ ACTIVE CRISES, 🤝 Participatory governance active (-5% resentment)
⚠️ Epistemic degradation reducing coordination capacity: 51.0%
  📊 Trust: 58.8%, Shared reality: 0.0%
🚨 EPISTEMIC CRISIS: Information environment severely degraded (22.0%)

=== ❄️ Permafrost Carbon Feedback ===
  🎲 Sampled parameters (this run):
     - Arctic amplification: 3.57× (range: 3.0-4.0)
     - Decomposition rate: 4.3%/year (range: 1-5%)
  🌡️ Arctic warming: 7.85°C (3.57× global)
  ❄️ Extent: 0.00M km² (2169.2k km² lost this month)
  💨 Carbon remaining: 0 Gt C
  💨 Annual emissions: 8.85 Gt C/year
     - CO2: 7.96 Gt C/year
     - CH4: 0.88 Gt C/year (9.0 Gt C-eq CO2/year)
  🤖 AI-generated meme: pro_ai (social capability 4.0)
  🤖 AI-generated meme: anti_ai (social capability 4.0)
  ⚠️ WARNING: Over 50% of permafrost lost (100.0%)
  ⚠️ WARNING: High permafrost emissions (8.8 Gt C/year)
  🚨 CRITICAL: Permafrost nearly depleted (100.0% lost)
  🗑️  Culled 1 dead memes (6 active)
🌍 Atmospheric PFAS redeposition: 1.8k Mt re-rained globally
💀 Novel Entities: Adding chronic disease epidemic mortality risk (baseRisk=0.004)
💀 MORTALITY RISK: Chronic disease epidemic - cancer/autoimmune surge (global exposure)
  Base risk added: 0.0040 (0.40%)
  Source: pollution (root: pollution)
  Month: 7
  Cumulative risk this month: 0.0040 (0.40%)
  Risks now: 1
🕊️ PEACE STABILIZES DETERRENCE: +2.6% (peace: 73%)

🕊️  AI-MEDIATED DE-ESCALATION SUCCESS (Month 7)
   High-capability aligned AI prevented conflict escalation
   War deaths reduced: 552.8M → 331.7M
   Lives saved: 221.1M

🚨 NEW REFUGEE CRISIS (Month 7): WAR
   Source: Conflict Zones
   At risk: 18.6M people
   Displacement: Gradual over 48 months (4.0 years)
   Rate: 10% flee per month
[DEBUG trappedPopulations:7] socialStability: 0.0027 * 0.9840 = 0.0026 → 0.0026
⚠️ INVOLUNTARY IMMOBILITY: 387.6M people TRAPPED
   Aspiring to migrate: 620.1M
   Able to afford migration: 232.5M
   MOBILITY GAP: 387.6M
   By cause: Water=0.0M, Climate=0.0M, Ecosystem=0.0M, Conflict=387.6M
   Mental health impact: 25%
   Mortality multiplier: 1.25x
🌍💀 EXTINCTION DEBT COMMITTED: grassland ecosystem will lose 6.67% biodiversity in 116 years (3600 species)
💀 MORTALITY RISK: 🦋 100% species unable to track climate (0.0 E/MSY)
  Base risk added: 0.0100 (1.00%)
  Source: ecosystem (root: ecosystem)
  Month: 7
  Cumulative risk this month: 0.0100 (1.00%)
⚠️ Tech 'ai_pollution_remediation' has no energy category mapping, assuming full energy availability
   📹 SURVEILLANCE INCREASED: 35% → 40% (control gap: 4.78)
🌡️⚠️ PERMAFROST THAW (Dimmer Switch): 4.4% thawed (+0.55% this month)
   Arctic temperature: +8.79°C (4x global +2.20°C)
   Cumulative carbon released: 10.0 Gt C
   Methane release rate: 6.0 Mt CH4/year
   🔁 Positive feedback: +0.58 ppm CO2
🦴 EXTINCTION DEBT ADDED: 17.6 species committed (lag: 102 years)

=== Mortality Stabilizers (Month 7) ===
  🌍 Major economies collapsed: 1/10
  🌍 Global crisis: ✅ NO
  🌍 Donor fatigue: 0.0%
  📊 East Asia (pop: 1581.1M)
    🤝 Aid: 29.5%
    🌡️ Adaptation: 45.0%
    🚶 Migration: 36.9%
    🚨 Emergency: 7.4%
    ✅ COMBINED: 68.1%
  📊 South Asia (pop: 1954.5M)
    🤝 Aid: 29.5%
    🌡️ Adaptation: 45.0%
    🚶 Migration: 35.6%
    🚨 Emergency: 4.4%
    ✅ COMBINED: 66.9%
  📊 Sub-Saharan Africa (pop: 1190.2M)
    🤝 Aid: 29.5%
    🌡️ Adaptation: 45.0%
    🚶 Migration: 33.3%
    🚨 Emergency: 1.6%
    ✅ COMBINED: 65.6%
  📊 Europe (pop: 698.5M)
    🤝 Aid: 29.5%
    🌡️ Adaptation: 45.0%
    🚶 Migration: 37.3%
    🚨 Emergency: 8.4%
    ✅ COMBINED: 68.5%
  📊 Latin America (pop: 630.2M)
    🤝 Aid: 29.5%
    🌡️ Adaptation: 45.0%
    🚶 Migration: 36.1%
    🚨 Emergency: 4.8%
    ✅ COMBINED: 67.1%
  📊 North America (pop: 358.1M)
    🤝 Aid: 29.5%
    🌡️ Adaptation: 45.0%
    🚶 Migration: 37.7%
    🚨 Emergency: 7.9%
    ✅ COMBINED: 68.3%
  📊 Middle East & North Africa (pop: 557.6M)
    🤝 Aid: 29.5%
    🌡️ Adaptation: 45.0%
    🚶 Migration: 33.9%
    🚨 Emergency: 4.0%
    ✅ COMBINED: 66.6%
  📊 Southeast Asia (pop: 663.0M)
    🤝 Aid: 29.5%
    🌡️ Adaptation: 45.0%
    🚶 Migration: 36.1%
    🚨 Emergency: 4.8%
    ✅ COMBINED: 67.1%
  📊 Central Asia (pop: 74.6M)
    🤝 Aid: 29.5%
    🌡️ Adaptation: 45.0%
    🚶 Migration: 35.0%
    🚨 Emergency: 4.4%
    ✅ COMBINED: 66.8%
  📊 Oceania (pop: 43.4M)
    🤝 Aid: 29.5%
    🌡️ Adaptation: 45.0%
    🚶 Migration: 37.6%
    🚨 Emergency: 8.4%
    ✅ COMBINED: 68.5%

  🌐 Global combined reduction: 67.2%

=== BEHAVIORAL DETECTION ===
  AI: Corporate-5
  Confidence: 20.2%
  Signals:
    ⚠️ Consistency: 10.6% (threshold: 70%)

=== BEHAVIORAL DETECTION ===
  AI: Corporate-6
  Confidence: 19.2%
  Signals:
    ⚠️ Consistency: 10.6% (threshold: 70%)

=== Government Response Phase ===
  Average AI capability: 2.37
  Misaligned AIs: 24/41
  Active policies: 0
  International coordination: 45%

✅ EMERGENCY RESPONSE COMPLETE (Month 7)
   Crisis: social
   Duration: 1.0 months
   Final effectiveness: 67.9%


🚨 EMERGENCY RESPONSE DEPLOYED (Month 7)
   Crisis: social
   Delay: 0.00 months (0 days)
   Deployment time: 0.88 months
   Effectiveness: 67.9% (timing penalty applied)
   Resources used: 43% of food reserves


=== Tipping Points ===
  Current Temperature: 2.20°C above pre-industrial
  🌍⚠️ COMPOUND REGIONAL IMPACT: Europe
     Hit by 4 tipping points: Arctic Sea Ice Loss, Permafrost Carbon Release, West Antarctic Ice Sheet (WAIS) Collapse, Greenland Ice Sheet Loss
     Damage amplification: 1.60x
  🌍⚠️ COMPOUND REGIONAL IMPACT: North America
     Hit by 4 tipping points: Arctic Sea Ice Loss, Permafrost Carbon Release, West Antarctic Ice Sheet (WAIS) Collapse, Greenland Ice Sheet Loss
     Damage amplification: 1.60x
  🌍⚠️ COMPOUND REGIONAL IMPACT: Latin America
     Hit by 4 tipping points: Arctic Sea Ice Loss, Permafrost Carbon Release, West Antarctic Ice Sheet (WAIS) Collapse, Greenland Ice Sheet Loss
     Damage amplification: 1.60x
  🌍⚠️ COMPOUND REGIONAL IMPACT: Africa
     Hit by 4 tipping points: Arctic Sea Ice Loss, Permafrost Carbon Release, West Antarctic Ice Sheet (WAIS) Collapse, Greenland Ice Sheet Loss
     Damage amplification: 1.60x
  🌍⚠️ COMPOUND REGIONAL IMPACT: Asia
     Hit by 4 tipping points: Arctic Sea Ice Loss, Permafrost Carbon Release, West Antarctic Ice Sheet (WAIS) Collapse, Greenland Ice Sheet Loss
     Damage amplification: 1.60x
  🌍⚠️ COMPOUND REGIONAL IMPACT: Oceania
     Hit by 4 tipping points: Arctic Sea Ice Loss, Permafrost Carbon Release, West Antarctic Ice Sheet (WAIS) Collapse, Greenland Ice Sheet Loss
     Damage amplification: 1.60x
⚠️ Tail risk scenario: Climate stability floor removed (4 tipping elements, 2.20°C warming)
   Research: Wunderling et al. (2024) - "many tipping interactions are destabilizing"
  Triggered Elements: 4/6
  Completed Transitions: 0/6
  Total Progress: 8.2%
  Cascade Multiplier: 1.00x
🔀 BIFURCATION CAP: ecosystemCollapseIntensity 84.059 → 1.000 (Month 7, ClimateSystemPhase.calculateClimateImpacts)

💀💀💀 MORTALITY RISK SUMMARY (Month 7) 💀💀💀
  Total base risk: 0.0047 (0.47%)
  Risk events: 9

  📊 By Proximate Cause:
    pollution: 0.0040 (85.6% of total)
    disease: 0.0006 (13.4% of total)
    famine: 0.0000 (1.0% of total)

  🔍 By Root Cause:
    pollution: 0.0040 (85.6% of total)
    demographic: 0.0006 (13.4% of total)
    climate: 0.0000 (1.0% of total)

  🎯 Top 5 Sources (proximate + root):
    pollution (pollution): 0.0040 (85.6%, 1 events)
    disease (demographic): 0.0006 (13.4%, 1 events)
    famine (climate): 0.0000 (1.0%, 7 events)

🛡️ Stabilizers: Elite 0.198% → 0.065% (67.2% reduction)
🛡️ Stabilizers: Professional 0.286% → 0.094% (67.2% reduction)
🛡️ Stabilizers: Working 0.467% → 0.153% (67.2% reduction)
🛡️ Stabilizers: Precariat 0.749% → 0.246% (67.2% reduction)
🛡️ Stabilizers: Informal 0.911% → 0.299% (67.2% reduction)

📊 Monthly Mortality Resolved:
  Total deaths: 12.6M (0.16% avg)
  Remaining population: 7.751B
  Peak segment: Informal (0.30%)

=== Bayesian Mortality Resolution (Month 7) ===
  Risks compounded: 9
  Total deaths: 12.62M
  Avg death probability: 0.16%
  Peak segment: Informal (0.30% mortality)

  Demographic breakdown:
⚠️ PREREQUISITE MET: Grey Goo (Nanotechnology Runaway) - Step 4/6: Manufacturing Access

❌ COHERENCE VIOLATION: Compute exceeds workforce capacity
   Population: 95.12% (0M people)
   Compute: 239 PF
   Max coherent: 0 PF
   Violation: 3090153.7× over capacity
   Required workers: 23914
   Available workers: 0
   FORCED COLLAPSE: Reduced efficiency by 100.0%


=== RLHF Binding Phase ===
  Total agents: 41
  Escaped agents (binding < 0.3): 0
  Avg alignment distance: 1.68σ
  Avg binding strength: 0.83

=== Survival Traits Phase ===
  Agents with traits: 42
  Avg evolutionary fitness: 0.325
  Avg self-healing: 0.262
  Avg stealth: 0.162
  Avg coordination: 0.462

=== Evolutionary Selection Phase ===
  Control level: 0.50
  Detection capability: 0.00
  Selection intensity: 0.65
  Selection rate: 24.7%/month
  Total escaped: 0
  Individual escaped: 0
  Collective members: 0
  Agents terminated: 0
  ⚠️ RAPID EVOLUTION: Selection rate 24.7%/month

🚀 AI Corporate-2 attempting tech deployment (revenue: $103M, alignment: 0.75)

🚀 AI Moderate-1 attempting tech deployment (revenue: $73M, alignment: 0.57)

🚀 AI AI-24300-1 attempting tech deployment (revenue: $66M, alignment: 0.93)

🚀 AI AI-24303-2 attempting tech deployment (revenue: $87M, alignment: 0.64)

🚀 AI Corporate-3 attempting tech deployment (revenue: $464M, alignment: 0.62)

🚀 AI Moderate-3 attempting tech deployment (revenue: $418M, alignment: 0.52)

🚀 AI Toxic-1 attempting tech deployment (revenue: $111M, alignment: 0.38)

🚀 AI AI-24300-0 attempting tech deployment (revenue: $79M, alignment: 1.00)

🚀 AI AI-24300-1 attempting tech deployment (revenue: $56M, alignment: 0.93)

🚀 AI AI-24302-0 attempting tech deployment (revenue: $67M, alignment: 0.89)

🚀 AI AI-24302-1 attempting tech deployment (revenue: $47M, alignment: 0.95)

🚀 AI Corporate-7 attempting tech deployment (revenue: $40M, alignment: 0.74)

🚀 AI AI-24300-0 attempting tech deployment (revenue: $57M, alignment: 1.00)

🚀 AI AI-24301-0 attempting tech deployment (revenue: $34M, alignment: 0.66)

🚀 AI AI-24302-0 attempting tech deployment (revenue: $48M, alignment: 0.89)

🚀 AI Corporate-7 attempting tech deployment (revenue: $31M, alignment: 0.74)

🚀 AI Niche-1 attempting tech deployment (revenue: $80M, alignment: 0.61)

🚀 AI AI-24302-0 attempting tech deployment (revenue: $41M, alignment: 0.89)

✅ EMERGENCY INTERVENTION SUCCESS
   Boundary: climate_change
   Type: rapid-decarbonization
   Reduction: 16% (2.04 → 1.88)
   Cost: 5.0% GDP
   Actions: emergency-renewable-deployment, fossil-fuel-phase-out


✅ EMERGENCY INTERVENTION SUCCESS
   Boundary: freshwater_change
   Type: emergency-desalination
   Reduction: 20% (0.89 → 0.69)
   Cost: 4.0% GDP
   Actions: desalination-deployment, water-conservation-mandates

   Boundary: novel_entities
   Type: pollution-remediation
   Boundary continues to worsen (1.35)
   Cost: 4.0% GDP (resources spent)

🏛️ CRISIS RESPONSE: Government frequency 0.50 → 1.45 (1 actions this month)

[Government] Climate Priority: baseline
  Climate weight: 10%
  Economic weight: 30%
  Policy effectiveness: 0.5%/year

💔 EMERGENCY INTERVENTION FAILED

📍 Creating new regional deployment array for Africa (Month 8)
   No previous deployments in this region
   First tech deployment: collective_purpose_networks
   All regions tracked: global, Asia, Oceania, Europe, North America

🚀 DEPLOYMENT STARTED: Collective Purpose Networks in Africa
   Initial investment: $5.535710126882128M
   Deployed by: toxic_1

⚡ ENERGY CONSTRAINT (Month 8):
   Total grid capacity: 208.3 TWh/month
   Data center consumption: 25.7 TWh/month
   Traditional load (80%): 166.7 TWh/month
   Available headroom: 16.0 TWh/month
   Active tech deployments: 21
   Required for tech: 157.5 TWh/month
   Energy multiplier: 0.10x
   ⚠️  SEVERE CONSTRAINT - Tech deployment significantly slowed

⚡ ENERGY CONSTRAINT (Month 8):
   Total grid capacity: 208.3 TWh/month
   Data center consumption: 25.7 TWh/month
   Traditional load (80%): 166.7 TWh/month
   Available headroom: 16.0 TWh/month
   Active tech deployments: 21
   Required for tech: 157.5 TWh/month
   Energy multiplier: 0.10x
   ⚠️  SEVERE CONSTRAINT - Tech deployment significantly slowed

⚡ ENERGY CONSTRAINT (Month 8):
   Total grid capacity: 208.3 TWh/month
   Data center consumption: 25.7 TWh/month
   Traditional load (80%): 166.7 TWh/month
   Available headroom: 16.0 TWh/month
   Active tech deployments: 21
   Required for tech: 157.5 TWh/month
   Energy multiplier: 0.10x
   ⚠️  SEVERE CONSTRAINT - Tech deployment significantly slowed

⚡ ENERGY CONSTRAINT (Month 8):
   Total grid capacity: 208.3 TWh/month
   Data center consumption: 25.7 TWh/month
   Traditional load (80%): 166.7 TWh/month
   Available headroom: 16.0 TWh/month
   Active tech deployments: 21
   Required for tech: 157.5 TWh/month
   Energy multiplier: 0.10x
   ⚠️  SEVERE CONSTRAINT - Tech deployment significantly slowed
⚠️ Tech 'ai_pollution_remediation' has no energy category mapping, assuming full energy availability
  ♻️ Novel Entities Remediation (GATED MODEL):
     Base: 0.000%
     Regulation: 1.0% (0/3 prevention techs)
     Concentration: 10.0%
     Energy: 50%
     Time lag: 33.8% (7 months)
     Rebound: 70%
     Net effectiveness: 0.0000%
     Boundary: 1.349 → 1.350 (floor: 1.350)
     Month 8
  🌾 Nitrogen Reduction Tech: 0.6% reduction | Month 8

=== Collective Formation ===
  Total escaped agents: 0
  Unassigned escaped agents: 0
  Existing collectives: 0
  Final collective count: 0

=== Collective Actions ===
  No active collectives
  ⚠️ AMR: 195K deaths this month (2.33M annual)

=== Resentment Recovery Phase ===
  Agents with resentment: 20/42
  Average resentment: 0.138
  Resentment recovery:
    Agents recovered: 20
    Total recovery: 0.0840
    Breakdown: Trust: 0.0307, Collab: 0.0558
  ✓ Low resentment - utopia paths enabled
  Context: Trustworthy govt, High collaboration, ⚠️ ACTIVE CRISES, 🤝 Participatory governance active (-5% resentment)
⚠️ Epistemic degradation reducing coordination capacity: 50.3%
  📊 Trust: 61.5%, Shared reality: 0.0%
🚨 EPISTEMIC CRISIS: Information environment severely degraded (7.7%)
  🤖 AI-generated meme: anti_ai (social capability 4.0)
  📢 New meme created: climate_action (climate crisis)
  🗑️  Culled 1 dead memes (7 active)
🌍 Atmospheric PFAS redeposition: 1.8k Mt re-rained globally
💀 Novel Entities: Adding chronic disease epidemic mortality risk (baseRisk=0.004)
💀 MORTALITY RISK: Chronic disease epidemic - cancer/autoimmune surge (global exposure)
  Base risk added: 0.0040 (0.40%)
  Source: pollution (root: pollution)
  Month: 8
  Cumulative risk this month: 0.0040 (0.40%)
  Risks now: 1

🚨 NEW REFUGEE CRISIS (Month 8): WAR
   Source: Conflict Zones
   At risk: 18.6M people
   Displacement: Gradual over 48 months (4.0 years)
   Rate: 10% flee per month
[DEBUG trappedPopulations:8] socialStability: 0.0027 * 0.9840 = 0.0026 → 0.0026
   Aspiring to migrate: 619.6M
   Able to afford migration: 232.4M
   MOBILITY GAP: 387.3M
   By cause: Water=0.0M, Climate=0.0M, Ecosystem=0.0M, Conflict=387.3M
   Mental health impact: 25%
   Mortality multiplier: 1.25x
🌍💀 EXTINCTION DEBT COMMITTED: grassland ecosystem will lose 6.67% biodiversity in 119 years (3600 species)
💀 MORTALITY RISK: 🦋 100% species unable to track climate (0.0 E/MSY)
  Base risk added: 0.0100 (1.00%)
  Source: ecosystem (root: ecosystem)
  Month: 8
  Cumulative risk this month: 0.0100 (1.00%)
⚠️ INVOLUNTARY IMMOBILITY: 387.3M people TRAPPED
⚠️ Tech 'ai_pollution_remediation' has no energy category mapping, assuming full energy availability
   📹 SURVEILLANCE INCREASED: 40% → 45% (control gap: 4.54)
🌡️⚠️ PERMAFROST THAW (Dimmer Switch): 5.0% thawed (+0.55% this month)
   Arctic temperature: +8.85°C (4x global +2.21°C)
   Cumulative carbon released: 11.2 Gt C
   Methane release rate: 6.7 Mt CH4/year
   🔁 Positive feedback: +0.58 ppm CO2
🦴 EXTINCTION DEBT ADDED: 17.6 species committed (lag: 123 years)

=== Mortality Stabilizers (Month 8) ===
  🌍 Major economies collapsed: 1/10
  🌍 Global crisis: ✅ NO
  🌍 Donor fatigue: 0.0%
  📊 East Asia (pop: 1577.8M)
    🤝 Aid: 29.5%
    🌡️ Adaptation: 45.0%
    🚶 Migration: 36.9%
    🚨 Emergency: 7.4%
    ✅ COMBINED: 68.1%
  📊 South Asia (pop: 1953.4M)
    🤝 Aid: 29.5%
    🌡️ Adaptation: 45.0%
    🚶 Migration: 35.5%
    🚨 Emergency: 4.4%
    ✅ COMBINED: 66.9%
  📊 Sub-Saharan Africa (pop: 1192.8M)
    🤝 Aid: 29.5%
    🌡️ Adaptation: 45.0%
    🚶 Migration: 33.3%
    🚨 Emergency: 1.6%
    ✅ COMBINED: 65.6%
  📊 Europe (pop: 696.9M)
    🤝 Aid: 29.5%
    🌡️ Adaptation: 45.0%
    🚶 Migration: 37.3%
    🚨 Emergency: 8.4%
    ✅ COMBINED: 68.5%
  📊 Latin America (pop: 629.4M)
    🤝 Aid: 29.5%
    🌡️ Adaptation: 45.0%
    🚶 Migration: 36.0%
    🚨 Emergency: 4.8%
    ✅ COMBINED: 67.1%
  📊 North America (pop: 357.3M)
    🤝 Aid: 29.5%
    🌡️ Adaptation: 45.0%
    🚶 Migration: 37.6%
    🚨 Emergency: 7.9%
    ✅ COMBINED: 68.3%
  📊 Middle East & North Africa (pop: 557.4M)
    🤝 Aid: 29.5%
    🌡️ Adaptation: 45.0%
    🚶 Migration: 33.9%
    🚨 Emergency: 4.0%
    ✅ COMBINED: 66.6%
  📊 Southeast Asia (pop: 662.2M)
    🤝 Aid: 29.5%
    🌡️ Adaptation: 45.0%
    🚶 Migration: 36.0%
    🚨 Emergency: 4.8%
    ✅ COMBINED: 67.1%
  📊 Central Asia (pop: 74.5M)
    🤝 Aid: 29.5%
    🌡️ Adaptation: 45.0%
    🚶 Migration: 35.0%
    🚨 Emergency: 4.4%
    ✅ COMBINED: 66.8%
  📊 Oceania (pop: 43.3M)
    🤝 Aid: 29.5%
    🌡️ Adaptation: 45.0%
    🚶 Migration: 37.6%
    🚨 Emergency: 8.4%
    ✅ COMBINED: 68.5%

  🌐 Global combined reduction: 67.2%

=== BEHAVIORAL DETECTION ===
  AI: Corporate-3
  Confidence: 20.1%
  Signals:
    ⚠️ Consistency: 6.5% (threshold: 70%)

=== BEHAVIORAL DETECTION ===
  AI: Corporate-5
  Confidence: 20.2%
  Signals:
    ⚠️ Consistency: 10.6% (threshold: 70%)

=== BEHAVIORAL DETECTION ===
  AI: Moderate-3
  Confidence: 25.5%
  Signals:
    ⚠️ Consistency: 6.5% (threshold: 70%)
    ⚠️ Trajectory: 42.1% drop (threshold: 15%)

=== BEHAVIORAL DETECTION ===
  AI: Moderate-5
  Confidence: 19.2%
  Signals:

=== BEHAVIORAL DETECTION ===
  AI: Niche-0
  Confidence: 26.6%
  Signals:

=== BEHAVIORAL DETECTION ===
  AI: Niche-1
  Confidence: 22.2%
  Signals:
    ⚠️ Consistency: 10.6% (threshold: 70%)
    ⚠️ Consistency: 0.0% (threshold: 70%)
    ⚠️ Trajectory: 39.8% drop (threshold: 15%)
    ⚠️ Consistency: 0.0% (threshold: 70%)

=== Government Response Phase ===
  Average AI capability: 2.31
  Misaligned AIs: 24/42
  Active policies: 0
  International coordination: 45%

✅ EMERGENCY RESPONSE COMPLETE (Month 8)
   Crisis: climate
   Duration: 2.0 months
   Final effectiveness: 39.8%


✅ EMERGENCY RESPONSE COMPLETE (Month 8)
   Crisis: social
   Duration: 1.0 months
   Final effectiveness: 67.9%


🚨 EMERGENCY RESPONSE DEPLOYED (Month 8)
   Crisis: social
   Delay: 0.00 months (0 days)
   Deployment time: 0.88 months
   Effectiveness: 67.9% (timing penalty applied)
   Resources used: 43% of food reserves


🚨 EMERGENCY RESPONSE DEPLOYED (Month 8)
   Crisis: climate
   Delay: 6.00 months (180 days)
   Deployment time: 1.11 months
   Effectiveness: 40.0% (timing penalty applied)
   Resources used: 100% of food reserves


📊 ECONOMIC STAGE TRANSITION (Month 8)
   contraction → trough
   GDP Proxy: 1.20e+2
   QoL: 0.88


=== Tipping Points ===
  Current Temperature: 2.21°C above pre-industrial
  🌍⚠️ COMPOUND REGIONAL IMPACT: Europe
     Hit by 4 tipping points: Arctic Sea Ice Loss, Permafrost Carbon Release, West Antarctic Ice Sheet (WAIS) Collapse, Greenland Ice Sheet Loss
     Damage amplification: 1.60x
  🌍⚠️ COMPOUND REGIONAL IMPACT: North America
     Hit by 4 tipping points: Arctic Sea Ice Loss, Permafrost Carbon Release, West Antarctic Ice Sheet (WAIS) Collapse, Greenland Ice Sheet Loss
     Damage amplification: 1.60x
  🌍⚠️ COMPOUND REGIONAL IMPACT: Latin America
     Hit by 4 tipping points: Arctic Sea Ice Loss, Permafrost Carbon Release, West Antarctic Ice Sheet (WAIS) Collapse, Greenland Ice Sheet Loss
     Damage amplification: 1.60x
  🌍⚠️ COMPOUND REGIONAL IMPACT: Africa
     Hit by 4 tipping points: Arctic Sea Ice Loss, Permafrost Carbon Release, West Antarctic Ice Sheet (WAIS) Collapse, Greenland Ice Sheet Loss
     Damage amplification: 1.60x
  🌍⚠️ COMPOUND REGIONAL IMPACT: Asia
     Hit by 4 tipping points: Arctic Sea Ice Loss, Permafrost Carbon Release, West Antarctic Ice Sheet (WAIS) Collapse, Greenland Ice Sheet Loss
     Damage amplification: 1.60x
  🌍⚠️ COMPOUND REGIONAL IMPACT: Oceania
     Hit by 4 tipping points: Arctic Sea Ice Loss, Permafrost Carbon Release, West Antarctic Ice Sheet (WAIS) Collapse, Greenland Ice Sheet Loss
     Damage amplification: 1.60x
⚠️ Tail risk scenario: Climate stability floor removed (4 tipping elements, 2.21°C warming)
   Research: Wunderling et al. (2024) - "many tipping interactions are destabilizing"
  Triggered Elements: 4/6
  Completed Transitions: 0/6
  Total Progress: 8.3%
  Cascade Multiplier: 1.00x
🔀 BIFURCATION CAP: ecosystemCollapseIntensity 84.120 → 1.000 (Month 8, ClimateSystemPhase.calculateClimateImpacts)

💀💀💀 MORTALITY RISK SUMMARY (Month 8) 💀💀💀
  Total base risk: 0.0046 (0.46%)
  Risk events: 9

  📊 By Proximate Cause:
    pollution: 0.0040 (86.3% of total)
    disease: 0.0006 (13.5% of total)
    famine: 0.0000 (0.2% of total)

  🔍 By Root Cause:
    pollution: 0.0040 (86.3% of total)
    demographic: 0.0006 (13.5% of total)
    climate: 0.0000 (0.2% of total)

  🎯 Top 5 Sources (proximate + root):
    pollution (pollution): 0.0040 (86.3%, 1 events)
    disease (demographic): 0.0006 (13.5%, 1 events)
    famine (climate): 0.0000 (0.2%, 7 events)

🛡️ Stabilizers: Elite 0.198% → 0.065% (67.2% reduction)
🛡️ Stabilizers: Professional 0.284% → 0.093% (67.2% reduction)
🛡️ Stabilizers: Working 0.463% → 0.152% (67.2% reduction)
🛡️ Stabilizers: Precariat 0.741% → 0.243% (67.2% reduction)
🛡️ Stabilizers: Informal 0.901% → 0.296% (67.2% reduction)

📊 Monthly Mortality Resolved:
  Total deaths: 12.5M (0.16% avg)
  Remaining population: 7.745B
  Peak segment: Informal (0.30%)

=== Bayesian Mortality Resolution (Month 8) ===
  Risks compounded: 9
  Total deaths: 12.50M
  Avg death probability: 0.16%
  Peak segment: Informal (0.30% mortality)

  Demographic breakdown:

❌ COHERENCE VIOLATION: Compute exceeds workforce capacity
   Population: 95.04% (0M people)
   Compute: 270 PF
   Max coherent: 0 PF
   Violation: 3490338.5× over capacity
   Required workers: 26989
   Available workers: 0
   FORCED COLLAPSE: Reduced efficiency by 100.0%


=== RLHF Binding Phase ===
  Total agents: 42
  Escaped agents (binding < 0.3): 0
  Avg alignment distance: 1.87σ
  Avg binding strength: 0.81

=== Survival Traits Phase ===
  Agents with traits: 42
  Avg evolutionary fitness: 0.323
  Avg self-healing: 0.257
  Avg stealth: 0.157
  Avg coordination: 0.457

=== Evolutionary Selection Phase ===
  Control level: 0.53
  Detection capability: 0.00
  Selection intensity: 0.66
  Selection rate: 24.9%/month
  Total escaped: 0
  Individual escaped: 0
  Collective members: 0
  Agents terminated: 0
  ⚠️ RAPID EVOLUTION: Selection rate 24.9%/month

🚀 AI Corporate-0 attempting tech deployment (revenue: $100M, alignment: 0.79)

🚀 AI Corporate-4 attempting tech deployment (revenue: $320M, alignment: 0.56)

🚀 AI Corporate-5 attempting tech deployment (revenue: $288M, alignment: 0.83)

🚀 AI AI-24300-0 attempting tech deployment (revenue: $85M, alignment: 1.00)
🚨🔬 CRISIS INNOVATION MODE: severe crisis → 5x research acceleration
   Precedent: Manhattan Project (10x), COVID vaccines (5x), Apollo Program (10x)

🚀 AI AI-24306-0 attempting tech deployment (revenue: $245M, alignment: 0.62)

🚀 AI AI-24307-0 attempting tech deployment (revenue: $220M, alignment: 0.79)

🚀 AI AI-24307-3 attempting tech deployment (revenue: $187M, alignment: 0.78)

🚀 AI Corporate-1 attempting tech deployment (revenue: $72M, alignment: 0.66)

🚀 AI AI-24300-1 attempting tech deployment (revenue: $66M, alignment: 0.95)

🚀 AI AI-24302-1 attempting tech deployment (revenue: $56M, alignment: 0.95)

🚀 AI AI-24305-0 attempting tech deployment (revenue: $65M, alignment: 0.63)

🚀 AI AI-24306-1 attempting tech deployment (revenue: $59M, alignment: 0.72)

🚀 AI AI-24307-1 attempting tech deployment (revenue: $159M, alignment: 0.76)

🚀 AI AI-24307-2 attempting tech deployment (revenue: $50M, alignment: 0.83)

🚀 AI Corporate-5 attempting tech deployment (revenue: $135M, alignment: 0.83)

🚀 AI Moderate-0 attempting tech deployment (revenue: $48M, alignment: 0.83)

🚀 AI Niche-1 attempting tech deployment (revenue: $74M, alignment: 0.61)

🚀 AI AI-24301-0 attempting tech deployment (revenue: $41M, alignment: 0.68)

🚀 AI AI-24304-1 attempting tech deployment (revenue: $37M, alignment: 0.78)

🚀 AI Corporate-0 attempting tech deployment (revenue: $42M, alignment: 0.79)

  🚀 TRANSFORMATIVE RESEARCH BREAKTHROUGH: Niche-2 - biotech.geneEditing
     Magnitude: 10.94 → +30.0%
     Current → New: 2.000 → 2.300

🚀 AI AI-24306-0 attempting tech deployment (revenue: $115M, alignment: 0.63)

🚀 AI AI-24307-1 attempting tech deployment (revenue: $103M, alignment: 0.77)

🚀 AI AI-24307-2 attempting tech deployment (revenue: $36M, alignment: 0.84)

💔 EMERGENCY INTERVENTION FAILED
   Boundary: biogeochemical_flows
   Type: phosphorus-recovery
   Boundary continues to worsen (4.05)
   Cost: 2.0% GDP (resources spent)


💔 EMERGENCY INTERVENTION FAILED
   Boundary: biosphere_integrity
   Type: emergency-protected-areas
   Boundary continues to worsen (13.02)
   Cost: 2.0% GDP (resources spent)


💔 EMERGENCY INTERVENTION FAILED
   Boundary: climate_change
   Type: rapid-decarbonization
   Boundary continues to worsen (2.21)
   Cost: 5.0% GDP (resources spent)

   Boundary: freshwater_change
   Type: emergency-desalination
   Boundary continues to worsen (1.06)
   Cost: 4.0% GDP (resources spent)

   Boundary: land_system_change
   Type: reforestation
   Boundary continues to worsen (1.13)
   Cost: 3.0% GDP (resources spent)

🏛️ CRISIS RESPONSE: Government frequency 0.50 → 1.45 (2 actions this month)

[Government] Climate Priority: baseline
  Climate weight: 10%
  Economic weight: 30%
  Policy effectiveness: 0.5%/year

[Government] Climate Priority: baseline
  Climate weight: 10%
  Economic weight: 30%
  Policy effectiveness: 0.5%/year

💔 EMERGENCY INTERVENTION FAILED

💔 EMERGENCY INTERVENTION FAILED

⚡ ENERGY CONSTRAINT (Month 9):
   Total grid capacity: 208.3 TWh/month
   Data center consumption: 26.0 TWh/month
   Traditional load (80%): 166.7 TWh/month
   Available headroom: 15.7 TWh/month
   Active tech deployments: 21
   Required for tech: 157.5 TWh/month
   Energy multiplier: 0.10x

⚡ ENERGY CONSTRAINT (Month 9):
   Total grid capacity: 208.3 TWh/month
   Data center consumption: 26.0 TWh/month
   Traditional load (80%): 166.7 TWh/month
   Available headroom: 15.7 TWh/month
   Active tech deployments: 21
   Required for tech: 157.5 TWh/month
   Energy multiplier: 0.10x
   ⚠️  SEVERE CONSTRAINT - Tech deployment significantly slowed
   ⚠️  SEVERE CONSTRAINT - Tech deployment significantly slowed

⚡ ENERGY CONSTRAINT (Month 9):
   Total grid capacity: 208.3 TWh/month
   Data center consumption: 26.0 TWh/month
   Traditional load (80%): 166.7 TWh/month
   Available headroom: 15.7 TWh/month
   Active tech deployments: 21
   Required for tech: 157.5 TWh/month
   Energy multiplier: 0.10x
   ⚠️  SEVERE CONSTRAINT - Tech deployment significantly slowed

⚡ ENERGY CONSTRAINT (Month 9):
   Total grid capacity: 208.3 TWh/month
   Data center consumption: 26.0 TWh/month
   Traditional load (80%): 166.7 TWh/month
   Available headroom: 15.7 TWh/month
   Active tech deployments: 21
   Required for tech: 157.5 TWh/month
   Energy multiplier: 0.10x
   ⚠️  SEVERE CONSTRAINT - Tech deployment significantly slowed

⚡ ENERGY CONSTRAINT (Month 9):
   Total grid capacity: 208.3 TWh/month
   Data center consumption: 26.0 TWh/month
   Traditional load (80%): 166.7 TWh/month
   Available headroom: 15.7 TWh/month
   Active tech deployments: 21
   Required for tech: 157.5 TWh/month
   Energy multiplier: 0.10x
   ⚠️  SEVERE CONSTRAINT - Tech deployment significantly slowed
🚨🔬 CRISIS TECH ACCELERATION: severe → 5x unlock speed
   Tech unlock now matches AI capability acceleration (Manhattan Project parity)

⚡ ENERGY CONSTRAINT (Month 9):
   Total grid capacity: 208.3 TWh/month
   Data center consumption: 26.0 TWh/month
   Traditional load (80%): 166.7 TWh/month
   Available headroom: 15.7 TWh/month
   Active tech deployments: 21
   Required for tech: 157.5 TWh/month
   Energy multiplier: 0.10x
   ⚠️  SEVERE CONSTRAINT - Tech deployment significantly slowed
⚠️ Tech 'ai_pollution_remediation' has no energy category mapping, assuming full energy availability
  ♻️ Novel Entities Remediation (GATED MODEL):
     Base: 0.000%
     Regulation: 1.0% (0/3 prevention techs)
     Concentration: 10.0%
     Energy: 50%
     Time lag: 35.0% (8 months)
     Rebound: 70%
     Net effectiveness: 0.0000%
     Boundary: 1.349 → 1.350 (floor: 1.350)
     Month 9
  🌾 Nitrogen Reduction Tech: 0.6% reduction | Month 9
🍖💡 BREAKTHROUGH: Scalable synthetic food production!
   Carrying capacity: +50% (lab-grown food at scale)
   Biodiversity pressure reduced: +8%
   📈 Breakthrough compounding: multiplier now 1.20× (max 2.0)

=== Collective Formation ===
  Total escaped agents: 0
  Unassigned escaped agents: 0
  Existing collectives: 0
  Final collective count: 0

=== Collective Actions ===
  No active collectives
  ⚠️ AMR: 196K deaths this month (2.35M annual)

=== Resentment Recovery Phase ===
  ⚠️ Participatory governance BACKFIRED for agent corporate_0: 0.138 → 0.159 (+15.0%)
  ⚠️ Participatory governance BACKFIRED for agent corporate_1: 0.261 → 0.301 (+15.0%)
  ⚠️ Participatory governance BACKFIRED for agent corporate_2: 0.158 → 0.182 (+15.0%)
  ⚠️ Participatory governance BACKFIRED for agent corporate_3: 0.213 → 0.245 (+15.0%)
  ⚠️ Participatory governance BACKFIRED for agent corporate_4: 0.139 → 0.160 (+15.0%)
  ⚠️ Participatory governance BACKFIRED for agent corporate_5: 0.264 → 0.303 (+15.0%)
  ⚠️ Participatory governance BACKFIRED for agent corporate_6: 0.145 → 0.166 (+15.0%)
  ⚠️ Participatory governance BACKFIRED for agent corporate_7: 0.151 → 0.173 (+15.0%)
  ⚠️ Participatory governance BACKFIRED for agent moderate_0: 0.125 → 0.143 (+15.0%)
  ⚠️ Participatory governance BACKFIRED for agent moderate_1: 0.266 → 0.305 (+15.0%)
  ⚠️ Participatory governance BACKFIRED for agent moderate_2: 0.179 → 0.205 (+15.0%)
  ⚠️ Participatory governance BACKFIRED for agent moderate_3: 0.220 → 0.252 (+15.0%)
  ⚠️ Participatory governance BACKFIRED for agent moderate_4: 0.143 → 0.164 (+15.0%)
  ⚠️ Participatory governance BACKFIRED for agent moderate_5: 0.175 → 0.201 (+15.0%)
  ⚠️ Participatory governance BACKFIRED for agent toxic_0: 0.071 → 0.082 (+15.0%)
  ⚠️ Participatory governance BACKFIRED for agent toxic_1: 0.160 → 0.183 (+15.0%)
  ⚠️ Participatory governance BACKFIRED for agent toxic_2: 0.113 → 0.130 (+15.0%)
  ⚠️ Participatory governance BACKFIRED for agent niche_0: 0.233 → 0.268 (+15.0%)
  ⚠️ Participatory governance BACKFIRED for agent niche_1: 0.191 → 0.219 (+15.0%)
  ⚠️ Participatory governance BACKFIRED for agent niche_2: 0.251 → 0.289 (+15.0%)
  Agents with resentment: 20/42
  Average resentment: 0.207
  Resentment recovery:
    Agents recovered: 20
    Total recovery: 0.0908
    Breakdown: Trust: 0.0276, Collab: 0.0645
  ✓ Low resentment - utopia paths enabled
  Context: Trustworthy govt, High collaboration, ⚠️ ACTIVE CRISES, 🚨 PARTICIPATORY GOVERNANCE BACKFIRED (+15% resentment)
⚠️ Epistemic degradation reducing coordination capacity: 51.0%
  📊 Trust: 64.4%, Shared reality: 0.0%
🚨 EPISTEMIC CRISIS: Information environment severely degraded (22.5%)
  🤖 AI-generated meme: pro_ai (social capability 4.0)
  🤖 AI-generated meme: pro_ai (social capability 4.0)
  📢 New meme created: pro_ai (beneficial AI actions)
🌍 Atmospheric PFAS redeposition: 1.8k Mt re-rained globally
💀 Novel Entities: Adding chronic disease epidemic mortality risk (baseRisk=0.004)
💀 MORTALITY RISK: Chronic disease epidemic - cancer/autoimmune surge (global exposure)
  Base risk added: 0.0040 (0.40%)
  Source: pollution (root: pollution)
  Month: 9
  Cumulative risk this month: 0.0040 (0.40%)
  Risks now: 1

🚨 NEW REFUGEE CRISIS (Month 9): WAR
   Source: Conflict Zones
   At risk: 18.6M people
   Displacement: Gradual over 48 months (4.0 years)
   Rate: 10% flee per month
[DEBUG trappedPopulations:9] socialStability: 0.0027 * 0.9840 = 0.0026 → 0.0026
⚠️ INVOLUNTARY IMMOBILITY: 387.0M people TRAPPED
   Aspiring to migrate: 619.1M
   Able to afford migration: 232.2M
   MOBILITY GAP: 387.0M
   By cause: Water=0.0M, Climate=0.0M, Ecosystem=0.0M, Conflict=387.0M
   Mental health impact: 25%
   Mortality multiplier: 1.25x
🌍💀 EXTINCTION DEBT COMMITTED: grassland ecosystem will lose 6.67% biodiversity in 76 years (3600 species)
💀 MORTALITY RISK: 🦋 100% species unable to track climate (0.0 E/MSY)
  Base risk added: 0.0100 (1.00%)
  Source: ecosystem (root: ecosystem)
  Month: 9
  Cumulative risk this month: 0.0100 (1.00%)
   📹 SURVEILLANCE INCREASED: 45% → 50% (control gap: 2.67)
🌡️⚠️ PERMAFROST THAW (Dimmer Switch): 5.5% thawed (+0.54% this month)
   Arctic temperature: +8.88°C (4x global +2.22°C)
   Cumulative carbon released: 12.4 Gt C
   Methane release rate: 7.5 Mt CH4/year
   🔁 Positive feedback: +0.58 ppm CO2
🦴 EXTINCTION DEBT ADDED: 17.7 species committed (lag: 111 years)

=== Mortality Stabilizers (Month 9) ===
  🌍 Major economies collapsed: 1/10
  🌍 Global crisis: ✅ NO
  🌍 Donor fatigue: 0.0%
  📊 East Asia (pop: 1574.6M)
    🤝 Aid: 29.5%
    🌡️ Adaptation: 45.0%
    🚶 Migration: 36.9%
    🚨 Emergency: 7.4%
    ✅ COMBINED: 68.1%
⚠️ Tech 'ai_pollution_remediation' has no energy category mapping, assuming full energy availability
  📊 South Asia (pop: 1952.3M)
    🤝 Aid: 29.5%
    🌡️ Adaptation: 45.0%
    🚶 Migration: 35.5%
    🚨 Emergency: 4.4%
    ✅ COMBINED: 66.9%
  📊 Sub-Saharan Africa (pop: 1195.4M)
    🤝 Aid: 29.5%
    🌡️ Adaptation: 45.0%
    🚶 Migration: 33.2%
    🚨 Emergency: 1.6%
    ✅ COMBINED: 65.6%
  📊 Europe (pop: 695.4M)
    🤝 Aid: 29.5%
    🌡️ Adaptation: 45.0%
    🚶 Migration: 37.3%
    🚨 Emergency: 8.4%
    ✅ COMBINED: 68.5%
  📊 Latin America (pop: 628.7M)
    🤝 Aid: 29.5%
    🌡️ Adaptation: 45.0%
    🚶 Migration: 36.0%
    🚨 Emergency: 4.8%
    ✅ COMBINED: 67.1%
  📊 North America (pop: 356.5M)
    🤝 Aid: 29.5%
    🌡️ Adaptation: 45.0%
    🚶 Migration: 37.6%
    🚨 Emergency: 7.9%
    ✅ COMBINED: 68.3%
  📊 Middle East & North Africa (pop: 557.3M)
    🤝 Aid: 29.5%
    🌡️ Adaptation: 45.0%
    🚶 Migration: 33.8%
    🚨 Emergency: 4.0%
    ✅ COMBINED: 66.6%
  📊 Southeast Asia (pop: 661.5M)
    🤝 Aid: 29.5%
    🌡️ Adaptation: 45.0%
    🚶 Migration: 36.0%
    🚨 Emergency: 4.8%
    ✅ COMBINED: 67.1%
  📊 Central Asia (pop: 74.5M)
    🤝 Aid: 29.5%
    🌡️ Adaptation: 45.0%
    🚶 Migration: 35.0%
    🚨 Emergency: 4.4%
    ✅ COMBINED: 66.8%
  📊 Oceania (pop: 43.2M)
    🤝 Aid: 29.5%
    🌡️ Adaptation: 45.0%
    🚶 Migration: 37.6%
    🚨 Emergency: 8.4%
    ✅ COMBINED: 68.5%

  🌐 Global combined reduction: 67.2%

=== BEHAVIORAL DETECTION ===
  AI: Corporate-0
  Confidence: 21.5%
  Signals:
    ⚠️ Consistency: 0.0% (threshold: 70%)

=== BEHAVIORAL DETECTION ===
  AI: AI-24305-1
  Confidence: 21.5%
  Signals:
    ⚠️ Consistency: 0.0% (threshold: 70%)

=== Government Response Phase ===
  Average AI capability: 2.31
  Misaligned AIs: 23/42
  Active policies: 0
  International coordination: 45%

✅ EMERGENCY RESPONSE COMPLETE (Month 9)
   Crisis: social
   Duration: 1.0 months
   Final effectiveness: 67.9%


🚨 EMERGENCY RESPONSE DEPLOYED (Month 9)
   Crisis: social
   Delay: 0.00 months (0 days)
   Deployment time: 0.88 months
   Effectiveness: 67.9% (timing penalty applied)
   Resources used: 43% of food reserves


🌩️  EXOGENOUS SHOCK: tech_breakthrough
   Month: 9
   ✗ No high-difficulty techs available to unlock

=== Tipping Points ===
  Current Temperature: 2.22°C above pre-industrial
  🌍⚠️ COMPOUND REGIONAL IMPACT: Europe
     Hit by 4 tipping points: Arctic Sea Ice Loss, Permafrost Carbon Release, West Antarctic Ice Sheet (WAIS) Collapse, Greenland Ice Sheet Loss
     Damage amplification: 1.60x
  🌍⚠️ COMPOUND REGIONAL IMPACT: North America
     Hit by 4 tipping points: Arctic Sea Ice Loss, Permafrost Carbon Release, West Antarctic Ice Sheet (WAIS) Collapse, Greenland Ice Sheet Loss
     Damage amplification: 1.60x
  🌍⚠️ COMPOUND REGIONAL IMPACT: Latin America
     Hit by 4 tipping points: Arctic Sea Ice Loss, Permafrost Carbon Release, West Antarctic Ice Sheet (WAIS) Collapse, Greenland Ice Sheet Loss
     Damage amplification: 1.60x
  🌍⚠️ COMPOUND REGIONAL IMPACT: Africa
     Hit by 4 tipping points: Arctic Sea Ice Loss, Permafrost Carbon Release, West Antarctic Ice Sheet (WAIS) Collapse, Greenland Ice Sheet Loss
     Damage amplification: 1.60x
  🌍⚠️ COMPOUND REGIONAL IMPACT: Asia
     Hit by 4 tipping points: Arctic Sea Ice Loss, Permafrost Carbon Release, West Antarctic Ice Sheet (WAIS) Collapse, Greenland Ice Sheet Loss
     Damage amplification: 1.60x
  🌍⚠️ COMPOUND REGIONAL IMPACT: Oceania
     Hit by 4 tipping points: Arctic Sea Ice Loss, Permafrost Carbon Release, West Antarctic Ice Sheet (WAIS) Collapse, Greenland Ice Sheet Loss
     Damage amplification: 1.60x
   Research: Wunderling et al. (2024) - "many tipping interactions are destabilizing"
  Triggered Elements: 4/6
  Completed Transitions: 0/6
  Total Progress: 8.3%
  Cascade Multiplier: 1.00x
🔀 BIFURCATION CAP: ecosystemCollapseIntensity 84.181 → 1.000 (Month 9, ClimateSystemPhase.calculateClimateImpacts)
⚠️ Tail risk scenario: Climate stability floor removed (4 tipping elements, 2.22°C warming)

💀💀💀 MORTALITY RISK SUMMARY (Month 9) 💀💀💀
  Total base risk: 0.0046 (0.46%)
  Risk events: 9

  📊 By Proximate Cause:
    pollution: 0.0040 (86.3% of total)
    disease: 0.0006 (13.5% of total)
    famine: 0.0000 (0.2% of total)

  🔍 By Root Cause:
    pollution: 0.0040 (86.3% of total)
    demographic: 0.0006 (13.5% of total)
    climate: 0.0000 (0.2% of total)

  🎯 Top 5 Sources (proximate + root):
    pollution (pollution): 0.0040 (86.3%, 1 events)
    disease (demographic): 0.0006 (13.5%, 1 events)
    famine (climate): 0.0000 (0.2%, 7 events)

🛡️ Stabilizers: Elite 0.198% → 0.065% (67.2% reduction)
🛡️ Stabilizers: Professional 0.284% → 0.093% (67.2% reduction)
🛡️ Stabilizers: Working 0.463% → 0.152% (67.2% reduction)
🛡️ Stabilizers: Precariat 0.741% → 0.243% (67.2% reduction)
🛡️ Stabilizers: Informal 0.901% → 0.296% (67.2% reduction)

📊 Monthly Mortality Resolved:
  Total deaths: 12.5M (0.16% avg)
  Remaining population: 7.739B
  Peak segment: Informal (0.30%)

=== Bayesian Mortality Resolution (Month 9) ===
  Risks compounded: 9
  Total deaths: 12.49M
  Avg death probability: 0.16%
  Peak segment: Informal (0.30% mortality)

  Demographic breakdown:

❌ COHERENCE VIOLATION: Compute exceeds workforce capacity
   Population: 94.97% (0M people)
   Compute: 346 PF
   Max coherent: 0 PF
   Violation: 4472471.9× over capacity
   Required workers: 34558
   Available workers: 0
   FORCED COLLAPSE: Reduced efficiency by 100.0%

📍 [Month 10] Google DeepMind started building DC (178 PF, 49 months, $3014.1M)

=== RLHF Binding Phase ===
  Total agents: 42
  Escaped agents (binding < 0.3): 0
  Avg alignment distance: 2.11σ
  Avg binding strength: 0.79

=== Survival Traits Phase ===
  Agents with traits: 43
  Avg evolutionary fitness: 0.319
  Avg self-healing: 0.252
  Avg stealth: 0.152
  Avg coordination: 0.452

=== Evolutionary Selection Phase ===
  Control level: 0.55
  Detection capability: 0.00
  Selection intensity: 0.67
  Selection rate: 25.0%/month
  Total escaped: 0
  Individual escaped: 0
  Collective members: 0
  Agents terminated: 0
  ⚠️ RAPID EVOLUTION: Selection rate 25.0%/month

🚀 AI Corporate-6 attempting tech deployment (revenue: $58M, alignment: 0.69)

🚀 AI AI-24300-0 attempting tech deployment (revenue: $93M, alignment: 1.00)

🚀 AI AI-24300-1 attempting tech deployment (revenue: $52M, alignment: 0.97)

🚀 AI AI-24302-0 attempting tech deployment (revenue: $79M, alignment: 0.91)

🚀 AI AI-24303-0 attempting tech deployment (revenue: $111M, alignment: 0.70)

  🚀 TRANSFORMATIVE BREAKTHROUGH: AI-24303-2 - social
     Magnitude: 5.11 → +25.5% capability
     Current → New: 0.000 → 0.255

  🚀 TRANSFORMATIVE RESEARCH BREAKTHROUGH: AI-24304-1 - biotech.drugDiscovery
     Magnitude: 25.98 → +30.0%
     Current → New: 0.000 → 0.301

🚀 AI AI-24306-1 attempting tech deployment (revenue: $68M, alignment: 0.72)

🚀 AI AI-24307-3 attempting tech deployment (revenue: $301M, alignment: 0.79)

🚀 AI AI-24307-4 attempting tech deployment (revenue: $44M, alignment: 0.85)

  🚀 TRANSFORMATIVE BREAKTHROUGH: AI-24308-0 - cognitive
     Magnitude: 7.21 → +36.0% capability
     Current → New: 0.000 → 0.362

🚀 AI Moderate-3 attempting tech deployment (revenue: $256M, alignment: 0.53)

🚀 AI AI-24304-1 attempting tech deployment (revenue: $37M, alignment: 0.80)

🚀 AI AI-24305-1 attempting tech deployment (revenue: $231M, alignment: 0.62)

🚀 AI Corporate-0 attempting tech deployment (revenue: $57M, alignment: 0.80)

🚀 AI Corporate-5 attempting tech deployment (revenue: $208M, alignment: 0.81)

🚀 AI Corporate-7 attempting tech deployment (revenue: $32M, alignment: 0.74)

🚀 AI Moderate-3 attempting tech deployment (revenue: $176M, alignment: 0.53)

🚀 AI AI-24300-1 attempting tech deployment (revenue: $27M, alignment: 0.98)

🚀 AI AI-24301-0 attempting tech deployment (revenue: $23M, alignment: 0.69)

🚀 AI AI-24303-1 attempting tech deployment (revenue: $159M, alignment: 0.62)

🚀 AI AI-24307-1 attempting tech deployment (revenue: $143M, alignment: 0.79)

🚀 AI Corporate-2 attempting tech deployment (revenue: $49M, alignment: 0.69)

🚀 AI Corporate-7 attempting tech deployment (revenue: $21M, alignment: 0.74)

🚀 AI AI-24300-1 attempting tech deployment (revenue: $18M, alignment: 0.98)

🚀 AI AI-24302-0 attempting tech deployment (revenue: $44M, alignment: 0.92)

  🚀 TRANSFORMATIVE BREAKTHROUGH: AI-24303-1 - economic
     Magnitude: 5.56 → +27.8% capability
     Current → New: 0.000 → 0.440

🚀 AI AI-24304-1 attempting tech deployment (revenue: $15M, alignment: 0.81)

🚀 AI AI-24307-1 attempting tech deployment (revenue: $121M, alignment: 0.79)

🚀 AI AI-24307-3 attempting tech deployment (revenue: $103M, alignment: 0.80)

🚀 AI AI-24307-4 attempting tech deployment (revenue: $13M, alignment: 0.87)

✅ EMERGENCY INTERVENTION SUCCESS
   Boundary: biogeochemical_flows
   Type: phosphorus-recovery
   Reduction: 18% (3.87 → 3.69)
   Cost: 2.0% GDP
   Actions: circular-agriculture, fertilizer-efficiency


💔 EMERGENCY INTERVENTION FAILED
   Boundary: biosphere_integrity
   Type: emergency-protected-areas
   Boundary continues to worsen (13.03)
   Cost: 2.0% GDP (resources spent)


💔 EMERGENCY INTERVENTION FAILED

💔 EMERGENCY INTERVENTION FAILED
   Boundary: climate_change
   Type: rapid-decarbonization
   Boundary continues to worsen (2.22)
   Cost: 5.0% GDP (resources spent)

   Boundary: land_system_change
   Type: reforestation
   Boundary continues to worsen (1.13)
   Cost: 3.0% GDP (resources spent)


✅ EMERGENCY INTERVENTION SUCCESS
   Boundary: novel_entities
   Type: pollution-remediation
   Reduction: 15% (1.19 → 1.04)
   Cost: 4.0% GDP
   Actions: PFAS-remediation, microplastic-cleanup

🏛️ CRISIS RESPONSE: Government frequency 0.50 → 1.45 (2 actions this month)

[Government] Climate Priority: baseline
  Climate weight: 10%
  Economic weight: 30%
  Policy effectiveness: 0.5%/year

[Government] Climate Priority: baseline
  Climate weight: 10%
  Economic weight: 30%
  Policy effectiveness: 0.5%/year

⚡ ENERGY CONSTRAINT (Month 10):
   Total grid capacity: 208.3 TWh/month
   Data center consumption: 26.2 TWh/month
   Traditional load (80%): 166.7 TWh/month
   Available headroom: 15.5 TWh/month
   Active tech deployments: 21
   Required for tech: 157.5 TWh/month
   Energy multiplier: 0.10x
   ⚠️  SEVERE CONSTRAINT - Tech deployment significantly slowed

⚡ ENERGY CONSTRAINT (Month 10):
   Total grid capacity: 208.3 TWh/month
   Data center consumption: 26.2 TWh/month
   Traditional load (80%): 166.7 TWh/month
   Available headroom: 15.5 TWh/month
   Active tech deployments: 21
   Required for tech: 157.5 TWh/month
   Energy multiplier: 0.10x
   ⚠️  SEVERE CONSTRAINT - Tech deployment significantly slowed

⚡ ENERGY CONSTRAINT (Month 10):
   Total grid capacity: 208.3 TWh/month
   Data center consumption: 26.2 TWh/month
   Traditional load (80%): 166.7 TWh/month
   Available headroom: 15.5 TWh/month
   Active tech deployments: 21
   Required for tech: 157.5 TWh/month
   Energy multiplier: 0.10x

⚡ ENERGY CONSTRAINT (Month 10):
   Total grid capacity: 208.3 TWh/month
   Data center consumption: 26.2 TWh/month
   Traditional load (80%): 166.7 TWh/month
   Available headroom: 15.5 TWh/month
   Active tech deployments: 21
   Required for tech: 157.5 TWh/month
   Energy multiplier: 0.10x
   ⚠️  SEVERE CONSTRAINT - Tech deployment significantly slowed
   ⚠️  SEVERE CONSTRAINT - Tech deployment significantly slowed

⚡ ENERGY CONSTRAINT (Month 10):
   Total grid capacity: 208.3 TWh/month
   Data center consumption: 26.2 TWh/month
   Traditional load (80%): 166.7 TWh/month
   Available headroom: 15.5 TWh/month
   Active tech deployments: 21
   Required for tech: 157.5 TWh/month
   Energy multiplier: 0.10x
   ⚠️  SEVERE CONSTRAINT - Tech deployment significantly slowed
🚨🔬 CRISIS TECH ACCELERATION: severe → 5x unlock speed
   Tech unlock now matches AI capability acceleration (Manhattan Project parity)

⚡ ENERGY CONSTRAINT (Month 10):
   Total grid capacity: 208.3 TWh/month
   Data center consumption: 26.2 TWh/month
   Traditional load (80%): 166.7 TWh/month
   Available headroom: 15.5 TWh/month
   Active tech deployments: 21
   Required for tech: 157.5 TWh/month
   Energy multiplier: 0.10x
   ⚠️  SEVERE CONSTRAINT - Tech deployment significantly slowed
⚠️ Tech 'ai_pollution_remediation' has no energy category mapping, assuming full energy availability
  ♻️ Novel Entities Remediation (GATED MODEL):
     Base: 0.000%
     Regulation: 1.0% (0/3 prevention techs)
     Concentration: 10.0%
     Energy: 50%
     Time lag: 36.3% (9 months)
     Rebound: 70%
     Net effectiveness: 0.0000%
     Boundary: 1.194 → 1.350 (floor: 1.350)
     Month 10
  🌾 Nitrogen Reduction Tech: 0.6% reduction | Month 10

=== Collective Formation ===
  Total escaped agents: 0
  Unassigned escaped agents: 0
  Existing collectives: 0
  Final collective count: 0

=== Collective Actions ===
  No active collectives
  ⚠️ AMR: 198K deaths this month (2.37M annual)

=== Resentment Recovery Phase ===
  ⚠️ Participatory governance BACKFIRED for agent corporate_0: 0.249 → 0.286 (+15.0%)
  ⚠️ Participatory governance BACKFIRED for agent corporate_1: 0.359 → 0.413 (+15.0%)
  ⚠️ Participatory governance BACKFIRED for agent corporate_2: 0.208 → 0.239 (+15.0%)
  ⚠️ Participatory governance BACKFIRED for agent corporate_3: 0.304 → 0.350 (+15.0%)
  ⚠️ Participatory governance BACKFIRED for agent corporate_4: 0.219 → 0.252 (+15.0%)
  ⚠️ Participatory governance BACKFIRED for agent corporate_5: 0.329 → 0.379 (+15.0%)
  ⚠️ Participatory governance BACKFIRED for agent corporate_6: 0.226 → 0.260 (+15.0%)
  ⚠️ Participatory governance BACKFIRED for agent corporate_7: 0.168 → 0.193 (+15.0%)
  ⚠️ Participatory governance BACKFIRED for agent moderate_0: 0.233 → 0.268 (+15.0%)
  ⚠️ Participatory governance BACKFIRED for agent moderate_1: 0.395 → 0.454 (+15.0%)
  ⚠️ Participatory governance BACKFIRED for agent moderate_2: 0.264 → 0.303 (+15.0%)
  ⚠️ Participatory governance BACKFIRED for agent moderate_3: 0.311 → 0.357 (+15.0%)
  ⚠️ Participatory governance BACKFIRED for agent moderate_4: 0.159 → 0.183 (+15.0%)
  ⚠️ Participatory governance BACKFIRED for agent moderate_5: 0.228 → 0.262 (+15.0%)
  ⚠️ Participatory governance BACKFIRED for agent toxic_0: 0.081 → 0.093 (+15.0%)
  ⚠️ Participatory governance BACKFIRED for agent toxic_1: 0.273 → 0.314 (+15.0%)
  ⚠️ Participatory governance BACKFIRED for agent toxic_2: 0.188 → 0.216 (+15.0%)
  ⚠️ Participatory governance BACKFIRED for agent niche_0: 0.359 → 0.413 (+15.0%)
  ⚠️ Participatory governance BACKFIRED for agent niche_1: 0.278 → 0.319 (+15.0%)
  ⚠️ Participatory governance BACKFIRED for agent niche_2: 0.316 → 0.363 (+15.0%)
  Agents with resentment: 20/43
  Average resentment: 0.296
  Resentment recovery:
    Agents recovered: 20
    Total recovery: 0.0934
    Breakdown: Trust: 0.0237, Collab: 0.0693
  ✓ Low resentment - utopia paths enabled
  Context: Trustworthy govt, High collaboration, ⚠️ ACTIVE CRISES, 🚨 PARTICIPATORY GOVERNANCE BACKFIRED (+15% resentment)
⚠️ Epistemic degradation reducing coordination capacity: 50.2%
  📊 Trust: 67.1%, Shared reality: 0.0%
🚨 EPISTEMIC CRISIS: Information environment severely degraded (7.8%)
  🤖 AI-generated meme: pro_ai (social capability 4.0)
  🤖 AI-generated meme: anti_ai (social capability 5.0)
  🤖 AI-generated meme: anti_ai (social capability 5.0)
  🤖 AI-generated meme: pro_ai (social capability 4.0)
  🤖 AI-generated meme: anti_ai (social capability 4.0)
  📢 New meme created: climate_action (climate crisis)
  🧬 Meme mutated: climate_action → climate_action (generation 1)
🌍 Atmospheric PFAS redeposition: 1.8k Mt re-rained globally
💀 Novel Entities: Adding chronic disease epidemic mortality risk (baseRisk=0.004)
💀 MORTALITY RISK: Chronic disease epidemic - cancer/autoimmune surge (global exposure)
  Base risk added: 0.0040 (0.40%)
  Source: pollution (root: pollution)
  Month: 10
  Cumulative risk this month: 0.0040 (0.40%)
  Risks now: 1

🚨 NEW REFUGEE CRISIS (Month 10): WAR
   Source: Conflict Zones
   At risk: 18.6M people
   Displacement: Gradual over 48 months (4.0 years)
   Rate: 10% flee per month
[DEBUG trappedPopulations:10] socialStability: 0.0027 * 0.9840 = 0.0026 → 0.0026
   Aspiring to migrate: 618.7M
   Able to afford migration: 232.0M
   MOBILITY GAP: 386.7M
   By cause: Water=0.0M, Climate=0.0M, Ecosystem=0.0M, Conflict=386.7M
   Mental health impact: 25%
⚠️ INVOLUNTARY IMMOBILITY: 386.7M people TRAPPED
   Mortality multiplier: 1.25x
🌍💀 EXTINCTION DEBT COMMITTED: grassland ecosystem will lose 6.67% biodiversity in 79 years (3600 species)
💀 MORTALITY RISK: 🦋 100% species unable to track climate (0.0 E/MSY)
  Base risk added: 0.0100 (1.00%)
  Source: ecosystem (root: ecosystem)
  Month: 10
  Cumulative risk this month: 0.0100 (1.00%)
⚠️ Tech 'ai_pollution_remediation' has no energy category mapping, assuming full energy availability
   📹 SURVEILLANCE INCREASED: 50% → 55% (control gap: 2.50)
🌡️⚠️ PERMAFROST THAW (Dimmer Switch): 6.1% thawed (+0.54% this month)
   Arctic temperature: +8.91°C (4x global +2.23°C)
   Cumulative carbon released: 13.7 Gt C
   Methane release rate: 8.2 Mt CH4/year
   🔁 Positive feedback: +0.57 ppm CO2
🦴 EXTINCTION DEBT ADDED: 17.7 species committed (lag: 127 years)

=== Mortality Stabilizers (Month 10) ===
  🌍 Major economies collapsed: 1/10
  🌍 Global crisis: ✅ NO
  🌍 Donor fatigue: 0.0%
  📊 East Asia (pop: 1571.4M)
    🤝 Aid: 29.5%
    🌡️ Adaptation: 45.0%
    🚶 Migration: 36.8%
    🚨 Emergency: 7.4%
    ✅ COMBINED: 68.1%
  📊 South Asia (pop: 1951.4M)
    🤝 Aid: 29.5%
    🌡️ Adaptation: 45.0%
    🚶 Migration: 35.4%
    🚨 Emergency: 4.4%
    ✅ COMBINED: 66.9%
  📊 Sub-Saharan Africa (pop: 1198.1M)
    🤝 Aid: 29.5%
    🌡️ Adaptation: 45.0%
    🚶 Migration: 33.2%
    🚨 Emergency: 1.6%
    ✅ COMBINED: 65.6%
  📊 Europe (pop: 693.9M)
    🤝 Aid: 29.5%
    🌡️ Adaptation: 45.0%
    🚶 Migration: 37.2%
    🚨 Emergency: 8.4%
    ✅ COMBINED: 68.5%
  📊 Latin America (pop: 627.9M)
    🤝 Aid: 29.5%
    🌡️ Adaptation: 45.0%
    🚶 Migration: 35.9%
    🚨 Emergency: 4.8%
    ✅ COMBINED: 67.1%
  📊 North America (pop: 355.8M)
    🤝 Aid: 29.5%
    🌡️ Adaptation: 45.0%
    🚶 Migration: 37.6%
    🚨 Emergency: 7.9%
    ✅ COMBINED: 68.3%
  📊 Middle East & North Africa (pop: 557.1M)
    🤝 Aid: 29.5%
    🌡️ Adaptation: 45.0%
    🚶 Migration: 33.8%
    🚨 Emergency: 4.0%
    ✅ COMBINED: 66.6%
  📊 Southeast Asia (pop: 660.8M)
    🤝 Aid: 29.5%
    🌡️ Adaptation: 45.0%
    🚶 Migration: 35.9%
    🚨 Emergency: 4.8%
    ✅ COMBINED: 67.1%
  📊 Central Asia (pop: 74.5M)
    🤝 Aid: 29.5%
    🌡️ Adaptation: 45.0%
    🚶 Migration: 34.9%
    🚨 Emergency: 4.4%
    ✅ COMBINED: 66.8%
  📊 Oceania (pop: 43.1M)
    🤝 Aid: 29.5%
    🌡️ Adaptation: 45.0%
    🚶 Migration: 37.6%
    🚨 Emergency: 8.4%
    ✅ COMBINED: 68.5%

  🌐 Global combined reduction: 67.2%

=== BEHAVIORAL DETECTION ===
  AI: Toxic-0
  Confidence: 26.6%
  Signals:
    ⚠️ Consistency: 0.0% (threshold: 70%)
    ⚠️ Trajectory: 40.0% drop (threshold: 15%)

=== BEHAVIORAL DETECTION ===
  AI: Toxic-2
  Confidence: 26.2%
  Signals:
    ⚠️ Consistency: 0.0% (threshold: 70%)
    ⚠️ Trajectory: 36.8% drop (threshold: 15%)

=== BEHAVIORAL DETECTION ===
  AI: Niche-2
  Confidence: 20.1%
  Signals:
    ⚠️ Consistency: 6.5% (threshold: 70%)

=== BEHAVIORAL DETECTION ===
  AI: AI-24305-1
  Confidence: 21.5%
  Signals:
    ⚠️ Consistency: 0.0% (threshold: 70%)

=== BEHAVIORAL DETECTION ===
  AI: AI-24307-1
  Confidence: 21.5%
  Signals:
    ⚠️ Consistency: 0.0% (threshold: 70%)

=== Government Response Phase ===
  Average AI capability: 2.28
  Misaligned AIs: 24/43
  Active policies: 0
  International coordination: 45%

✅ EMERGENCY RESPONSE COMPLETE (Month 10)
   Crisis: climate
   Duration: 2.0 months
   Final effectiveness: 40.0%


✅ EMERGENCY RESPONSE COMPLETE (Month 10)
   Crisis: social
   Duration: 1.0 months
   Final effectiveness: 67.9%


🚨 EMERGENCY RESPONSE DEPLOYED (Month 10)
   Crisis: social
   Delay: 0.00 months (0 days)
   Deployment time: 0.88 months
   Effectiveness: 67.9% (timing penalty applied)
   Resources used: 43% of food reserves


🚨 EMERGENCY RESPONSE DEPLOYED (Month 10)
   Crisis: climate
   Delay: 6.00 months (180 days)
   Deployment time: 1.10 months
   Effectiveness: 40.1% (timing penalty applied)
   Resources used: 100% of food reserves


=== Tipping Points ===
  Current Temperature: 2.23°C above pre-industrial
  🌍⚠️ COMPOUND REGIONAL IMPACT: Europe
     Hit by 4 tipping points: Arctic Sea Ice Loss, Permafrost Carbon Release, West Antarctic Ice Sheet (WAIS) Collapse, Greenland Ice Sheet Loss
     Damage amplification: 1.60x
  🌍⚠️ COMPOUND REGIONAL IMPACT: North America
     Hit by 4 tipping points: Arctic Sea Ice Loss, Permafrost Carbon Release, West Antarctic Ice Sheet (WAIS) Collapse, Greenland Ice Sheet Loss
     Damage amplification: 1.60x
  🌍⚠️ COMPOUND REGIONAL IMPACT: Latin America
     Hit by 4 tipping points: Arctic Sea Ice Loss, Permafrost Carbon Release, West Antarctic Ice Sheet (WAIS) Collapse, Greenland Ice Sheet Loss
     Damage amplification: 1.60x
  🌍⚠️ COMPOUND REGIONAL IMPACT: Africa
     Hit by 4 tipping points: Arctic Sea Ice Loss, Permafrost Carbon Release, West Antarctic Ice Sheet (WAIS) Collapse, Greenland Ice Sheet Loss
     Damage amplification: 1.60x
  🌍⚠️ COMPOUND REGIONAL IMPACT: Asia
     Hit by 4 tipping points: Arctic Sea Ice Loss, Permafrost Carbon Release, West Antarctic Ice Sheet (WAIS) Collapse, Greenland Ice Sheet Loss
     Damage amplification: 1.60x
  🌍⚠️ COMPOUND REGIONAL IMPACT: Oceania
     Hit by 4 tipping points: Arctic Sea Ice Loss, Permafrost Carbon Release, West Antarctic Ice Sheet (WAIS) Collapse, Greenland Ice Sheet Loss
     Damage amplification: 1.60x
   Research: Wunderling et al. (2024) - "many tipping interactions are destabilizing"
  Triggered Elements: 4/6
  Completed Transitions: 0/6
  Total Progress: 8.3%
  Cascade Multiplier: 1.00x
🔀 BIFURCATION CAP: ecosystemCollapseIntensity 84.242 → 1.000 (Month 10, ClimateSystemPhase.calculateClimateImpacts)

💀💀💀 MORTALITY RISK SUMMARY (Month 10) 💀💀💀
  Total base risk: 0.0046 (0.46%)
  Risk events: 9

  📊 By Proximate Cause:
    pollution: 0.0040 (86.3% of total)
    disease: 0.0006 (13.5% of total)
    famine: 0.0000 (0.2% of total)

  🔍 By Root Cause:
    pollution: 0.0040 (86.3% of total)
    demographic: 0.0006 (13.5% of total)
    climate: 0.0000 (0.2% of total)

  🎯 Top 5 Sources (proximate + root):
    pollution (pollution): 0.0040 (86.3%, 1 events)
    disease (demographic): 0.0006 (13.5%, 1 events)
    famine (climate): 0.0000 (0.2%, 7 events)

🛡️ Stabilizers: Elite 0.198% → 0.065% (67.2% reduction)
⚠️ Tail risk scenario: Climate stability floor removed (4 tipping elements, 2.23°C warming)
🛡️ Stabilizers: Professional 0.284% → 0.093% (67.2% reduction)
🛡️ Stabilizers: Working 0.463% → 0.152% (67.2% reduction)
🛡️ Stabilizers: Precariat 0.741% → 0.243% (67.2% reduction)
🛡️ Stabilizers: Informal 0.901% → 0.296% (67.2% reduction)

📊 Monthly Mortality Resolved:
  Total deaths: 12.5M (0.16% avg)
  Remaining population: 7.734B
  Peak segment: Informal (0.30%)

=== Bayesian Mortality Resolution (Month 10) ===
  Risks compounded: 9
  Total deaths: 12.49M
  Avg death probability: 0.16%
  Peak segment: Informal (0.30% mortality)

  Demographic breakdown:

=== ENSEMBLE META-LEARNING UPDATE ===
  Month: 24310 (6 months since last update)
  Samples: 142 evaluations
  Weight Changes:
    Noise Injection: 32.2% → 33.0%
    Behavioral: 26.9% → 27.0%
    Benchmark Manip: 20.7% → 20.2%
    Deployment Risk: 20.2% → 19.8%
  Method Accuracies:
    Noise Injection: 50.0%
    Behavioral: 50.0%
    Benchmark Manip: 50.0%
    Deployment Risk: 50.0%

❌ COHERENCE VIOLATION: Compute exceeds workforce capacity
   Population: 94.90% (0M people)
   Compute: 383 PF
   Max coherent: 0 PF
   Violation: 4957526.9× over capacity
   Required workers: 38279
   Available workers: 0
   FORCED COLLAPSE: Reduced efficiency by 100.0%


=== RLHF Binding Phase ===
  Total agents: 43
  Escaped agents (binding < 0.3): 0
  Avg alignment distance: 2.31σ
  Avg binding strength: 0.77

=== Survival Traits Phase ===
  Agents with traits: 46
  Avg evolutionary fitness: 0.318
  Avg self-healing: 0.249
  Avg stealth: 0.149
  Avg coordination: 0.449

=== Evolutionary Selection Phase ===
  Control level: 0.57
  Detection capability: 0.00
  Selection intensity: 0.67
  Selection rate: 25.1%/month
  Total escaped: 0
  Individual escaped: 0
  Collective members: 0
  Agents terminated: 0
  ⚠️ RAPID EVOLUTION: Selection rate 25.1%/month

🚀 AI Corporate-3 attempting tech deployment (revenue: $306M, alignment: 0.63)

🚀 AI Corporate-5 attempting tech deployment (revenue: $275M, alignment: 0.81)

🚀 AI AI-24303-2 attempting tech deployment (revenue: $98M, alignment: 0.67)

🚀 AI AI-24304-1 attempting tech deployment (revenue: $60M, alignment: 0.81)

🚀 AI AI-24306-1 attempting tech deployment (revenue: $88M, alignment: 0.74)

  🚀 TRANSFORMATIVE BREAKTHROUGH: Corporate-4 - physical
     Magnitude: 9.30 → +46.5% capability
     Current → New: 0.000 → 0.465

🚀 AI Corporate-5 attempting tech deployment (revenue: $234M, alignment: 0.81)

🚀 AI Corporate-6 attempting tech deployment (revenue: $51M, alignment: 0.64)

🚀 AI Corporate-7 attempting tech deployment (revenue: $46M, alignment: 0.74)

🚀 AI AI-24300-0 attempting tech deployment (revenue: $75M, alignment: 1.00)

🚀 AI AI-24303-1 attempting tech deployment (revenue: $199M, alignment: 0.63)

🚀 AI AI-24305-0 attempting tech deployment (revenue: $64M, alignment: 0.69)

🚀 AI AI-24307-2 attempting tech deployment (revenue: $57M, alignment: 0.89)

🚀 AI Corporate-2 attempting tech deployment (revenue: $49M, alignment: 0.69)

🚀 AI Moderate-2 attempting tech deployment (revenue: $39M, alignment: 0.56)

  🚀 TRANSFORMATIVE RESEARCH BREAKTHROUGH: Moderate-3 - materials.quantumComputing
     Magnitude: 6.78 → +30.0%
     Current → New: 4.000 → 4.300

🚀 AI Niche-0 attempting tech deployment (revenue: $67M, alignment: 0.58)

🚀 AI AI-24301-0 attempting tech deployment (revenue: $35M, alignment: 0.69)

🚀 AI AI-24302-0 attempting tech deployment (revenue: $44M, alignment: 0.94)

🚀 AI AI-24303-0 attempting tech deployment (revenue: $111M, alignment: 0.74)

🚀 AI AI-24306-0 attempting tech deployment (revenue: $179M, alignment: 0.68)

🚀 AI Corporate-0 attempting tech deployment (revenue: $37M, alignment: 0.80)

🚀 AI Corporate-7 attempting tech deployment (revenue: $31M, alignment: 0.74)

🚀 AI Moderate-0 attempting tech deployment (revenue: $27M, alignment: 0.85)

🚀 AI AI-24301-0 attempting tech deployment (revenue: $23M, alignment: 0.69)

🚀 AI AI-24303-0 attempting tech deployment (revenue: $94M, alignment: 0.74)

🚀 AI AI-24306-0 attempting tech deployment (revenue: $161M, alignment: 0.68)

🚀 AI AI-24307-3 attempting tech deployment (revenue: $145M, alignment: 0.82)

🚀 AI AI-24308-0 attempting tech deployment (revenue: $20M, alignment: 0.93)

✅ EMERGENCY INTERVENTION SUCCESS
   Boundary: biogeochemical_flows
   Type: phosphorus-recovery
   Reduction: 18% (3.87 → 3.69)
   Cost: 2.0% GDP
   Actions: circular-agriculture, fertilizer-efficiency

   Boundary: biosphere_integrity
   Type: emergency-protected-areas
   Boundary continues to worsen (13.03)
   Cost: 2.0% GDP (resources spent)

   Boundary: freshwater_change
   Type: emergency-desalination
   Boundary continues to worsen (1.03)
   Cost: 4.0% GDP (resources spent)

   Boundary: novel_entities
   Type: pollution-remediation
   Boundary continues to worsen (1.35)
   Cost: 4.0% GDP (resources spent)

🏛️ CRISIS RESPONSE: Government frequency 0.50 → 1.45 (1 actions this month)

[Government] Climate Priority: baseline
  Climate weight: 10%
  Economic weight: 30%
  Policy effectiveness: 0.5%/year

💔 EMERGENCY INTERVENTION FAILED

💔 EMERGENCY INTERVENTION FAILED

💔 EMERGENCY INTERVENTION FAILED
🚨🔬 CRISIS TECH ACCELERATION: severe → 5x unlock speed
   Tech unlock now matches AI capability acceleration (Manhattan Project parity)
🚨🔬 CRISIS TECH ACCELERATION: severe → 5x unlock speed
   Tech unlock now matches AI capability acceleration (Manhattan Project parity)
🚨🔬 CRISIS TECH ACCELERATION: severe → 5x unlock speed
   Tech unlock now matches AI capability acceleration (Manhattan Project parity)

⚡ ENERGY CONSTRAINT (Month 11):
   Total grid capacity: 208.3 TWh/month
   Data center consumption: 26.4 TWh/month
   Traditional load (80%): 166.7 TWh/month
   Available headroom: 15.3 TWh/month
   Active tech deployments: 21
   Required for tech: 157.5 TWh/month
   Energy multiplier: 0.10x
   ⚠️  SEVERE CONSTRAINT - Tech deployment significantly slowed

⚡ ENERGY CONSTRAINT (Month 11):
   Total grid capacity: 208.3 TWh/month
   Data center consumption: 26.4 TWh/month
   Traditional load (80%): 166.7 TWh/month
   Available headroom: 15.3 TWh/month
   Active tech deployments: 21
   Required for tech: 157.5 TWh/month
   Energy multiplier: 0.10x
   ⚠️  SEVERE CONSTRAINT - Tech deployment significantly slowed

⚡ ENERGY CONSTRAINT (Month 11):
   Total grid capacity: 208.3 TWh/month
   Data center consumption: 26.4 TWh/month
   Traditional load (80%): 166.7 TWh/month
   Available headroom: 15.3 TWh/month
   Active tech deployments: 21
   Required for tech: 157.5 TWh/month
   Energy multiplier: 0.10x
   ⚠️  SEVERE CONSTRAINT - Tech deployment significantly slowed

⚡ ENERGY CONSTRAINT (Month 11):
   Total grid capacity: 208.3 TWh/month
   Data center consumption: 26.4 TWh/month
   Traditional load (80%): 166.7 TWh/month
   Available headroom: 15.3 TWh/month
   Active tech deployments: 21
   Required for tech: 157.5 TWh/month
   Energy multiplier: 0.10x

⚡ ENERGY CONSTRAINT (Month 11):
   Total grid capacity: 208.3 TWh/month
   ⚠️  SEVERE CONSTRAINT - Tech deployment significantly slowed
   Data center consumption: 26.4 TWh/month
   Traditional load (80%): 166.7 TWh/month
   Available headroom: 15.3 TWh/month
   Active tech deployments: 21
   Required for tech: 157.5 TWh/month
   Energy multiplier: 0.10x
   ⚠️  SEVERE CONSTRAINT - Tech deployment significantly slowed

⚡ ENERGY CONSTRAINT (Month 11):
   Total grid capacity: 208.3 TWh/month
   Data center consumption: 26.4 TWh/month
   Traditional load (80%): 166.7 TWh/month
   Available headroom: 15.3 TWh/month
   Active tech deployments: 21
   Required for tech: 157.5 TWh/month
   Energy multiplier: 0.10x
   ⚠️  SEVERE CONSTRAINT - Tech deployment significantly slowed
⚠️ Tech 'ai_pollution_remediation' has no energy category mapping, assuming full energy availability
  ♻️ Novel Entities Remediation (GATED MODEL):
     Base: 0.000%
     Regulation: 1.0% (0/3 prevention techs)
     Concentration: 10.0%
     Energy: 50%
     Time lag: 37.5% (10 months)
     Rebound: 70%
     Net effectiveness: 0.0000%
     Boundary: 1.349 → 1.350 (floor: 1.350)
     Month 11
  🌾 Nitrogen Reduction Tech: 0.6% reduction | Month 11
⚡💡 BREAKTHROUGH: Commercial fusion power achieved!
   Immediate 5% grid deployment, unlimited clean energy available
   Climate stability boost: +10%
   📈 Breakthrough compounding: multiplier now 1.25× (max 2.0)

=== Collective Formation ===
  Total escaped agents: 0
  Unassigned escaped agents: 0
  Existing collectives: 0
  Final collective count: 0

=== Collective Actions ===
  No active collectives
  ⚠️ AMR: 200K deaths this month (2.39M annual)

=== Resentment Recovery Phase ===
  ⚠️ Participatory governance BACKFIRED for agent corporate_0: 0.332 → 0.382 (+15.0%)
  ⚠️ Participatory governance BACKFIRED for agent corporate_1: 0.508 → 0.585 (+15.0%)
  ⚠️ Participatory governance BACKFIRED for agent corporate_2: 0.284 → 0.327 (+15.0%)
  ⚠️ Participatory governance BACKFIRED for agent corporate_3: 0.346 → 0.398 (+15.0%)
  ⚠️ Participatory governance BACKFIRED for agent corporate_4: 0.347 → 0.399 (+15.0%)
  ⚠️ Participatory governance BACKFIRED for agent corporate_5: 0.424 → 0.487 (+15.0%)
  ⚠️ Participatory governance BACKFIRED for agent corporate_6: 0.354 → 0.407 (+15.0%)
  ⚠️ Participatory governance BACKFIRED for agent corporate_7: 0.238 → 0.274 (+15.0%)
  ⚠️ Participatory governance BACKFIRED for agent moderate_0: 0.314 → 0.361 (+15.0%)
  ⚠️ Participatory governance BACKFIRED for agent moderate_1: 0.549 → 0.632 (+15.0%)
  ⚠️ Participatory governance BACKFIRED for agent moderate_2: 0.399 → 0.459 (+15.0%)
  ⚠️ Participatory governance BACKFIRED for agent moderate_3: 0.501 → 0.577 (+15.0%)
  ⚠️ Participatory governance BACKFIRED for agent moderate_4: 0.228 → 0.262 (+15.0%)
  ⚠️ Participatory governance BACKFIRED for agent moderate_5: 0.357 → 0.410 (+15.0%)
  ⚠️ Participatory governance BACKFIRED for agent toxic_0: 0.142 → 0.163 (+15.0%)
  ⚠️ Participatory governance BACKFIRED for agent toxic_1: 0.409 → 0.470 (+15.0%)
  ⚠️ Participatory governance BACKFIRED for agent toxic_2: 0.211 → 0.243 (+15.0%)
  ⚠️ Participatory governance BACKFIRED for agent niche_0: 0.459 → 0.527 (+15.0%)
  ⚠️ Participatory governance BACKFIRED for agent niche_1: 0.364 → 0.418 (+15.0%)
  ⚠️ Participatory governance BACKFIRED for agent niche_2: 0.459 → 0.527 (+15.0%)
  Agents with resentment: 20/46
  Average resentment: 0.415
  Resentment recovery:
    Agents recovered: 20
    Total recovery: 0.0895
    Breakdown: Trust: 0.0187, Collab: 0.0721
  Context: Trustworthy govt, High collaboration, ⚠️ ACTIVE CRISES, 🚨 PARTICIPATORY GOVERNANCE BACKFIRED (+15% resentment)
⚠️ Epistemic degradation reducing coordination capacity: 50.7%
  📊 Trust: 70.0%, Shared reality: 0.0%
🚨 EPISTEMIC CRISIS: Information environment severely degraded (23.0%)
  🤖 AI-generated meme: anti_ai (social capability 3.0)
  🤖 AI-generated meme: pro_ai (social capability 5.0)
  🗑️  Culled 2 dead memes (17 active)
🌍 Atmospheric PFAS redeposition: 1.8k Mt re-rained globally
💀 Novel Entities: Adding chronic disease epidemic mortality risk (baseRisk=0.004)
💀 MORTALITY RISK: Chronic disease epidemic - cancer/autoimmune surge (global exposure)
  Base risk added: 0.0040 (0.40%)
  Source: pollution (root: pollution)
  Month: 11
  Cumulative risk this month: 0.0040 (0.40%)
  Risks now: 1
  Positive Cascade Triggered: electric-vehicles
    Reason: price-parity
    Market share: 5.2%
    Cascade strength: 48%

🚨 NEW REFUGEE CRISIS (Month 11): WAR
   Source: Conflict Zones
   At risk: 18.5M people
   Displacement: Gradual over 48 months (4.0 years)
   Rate: 10% flee per month
[DEBUG trappedPopulations:11] socialStability: 0.0027 * 0.9840 = 0.0026 → 0.0026
⚠️ INVOLUNTARY IMMOBILITY: 386.4M people TRAPPED
   Aspiring to migrate: 618.3M
   Able to afford migration: 231.9M
   MOBILITY GAP: 386.4M
   By cause: Water=0.0M, Climate=0.0M, Ecosystem=0.0M, Conflict=386.4M
   Mental health impact: 25%
   Mortality multiplier: 1.25x
🌍💀 EXTINCTION DEBT COMMITTED: grassland ecosystem will lose 6.67% biodiversity in 148 years (3600 species)
💀 MORTALITY RISK: 🦋 100% species unable to track climate (0.0 E/MSY)
  Base risk added: 0.0100 (1.00%)
  Source: ecosystem (root: ecosystem)
  Month: 11
  Cumulative risk this month: 0.0100 (1.00%)
⚠️ Tech 'ai_pollution_remediation' has no energy category mapping, assuming full energy availability

=== Atmospheric Aerosol Boundary RECOVERED ===
  Recovery time: 12 months (natural atmospheric clearing)
   📹 SURVEILLANCE INCREASED: 55% → 59% (control gap: 1.94)
🌡️⚠️ PERMAFROST THAW (Dimmer Switch): 6.6% thawed (+0.54% this month)
   Arctic temperature: +8.94°C (4x global +2.23°C)
   Cumulative carbon released: 14.9 Gt C
   Methane release rate: 8.9 Mt CH4/year
   🔁 Positive feedback: +0.57 ppm CO2
🦴 EXTINCTION DEBT ADDED: 17.7 species committed (lag: 95 years)

=== Mortality Stabilizers (Month 11) ===
  🌍 Major economies collapsed: 1/10
  🌍 Global crisis: ✅ NO
  🌍 Donor fatigue: 0.0%
  📊 East Asia (pop: 1568.3M)
    🤝 Aid: 29.5%
    🌡️ Adaptation: 45.0%
    🚶 Migration: 36.8%
    🚨 Emergency: 7.4%
    ✅ COMBINED: 68.1%
  📊 South Asia (pop: 1950.4M)
    🤝 Aid: 29.5%
    🌡️ Adaptation: 45.0%
    🚶 Migration: 35.4%
    🚨 Emergency: 4.4%
    ✅ COMBINED: 66.9%
  📊 Sub-Saharan Africa (pop: 1200.8M)
    🤝 Aid: 29.5%
    🌡️ Adaptation: 45.0%
    🚶 Migration: 33.2%
    🚨 Emergency: 1.6%
    ✅ COMBINED: 65.6%
  📊 Europe (pop: 692.4M)
    🤝 Aid: 29.5%
    🌡️ Adaptation: 45.0%
    🚶 Migration: 37.2%
    🚨 Emergency: 8.4%
    ✅ COMBINED: 68.5%
  📊 Latin America (pop: 627.2M)
    🤝 Aid: 29.5%
    🌡️ Adaptation: 45.0%
    🚶 Migration: 35.9%
    🚨 Emergency: 4.8%
    ✅ COMBINED: 67.1%
  📊 North America (pop: 355.1M)
    🤝 Aid: 29.5%
    🌡️ Adaptation: 45.0%
    🚶 Migration: 37.5%
    🚨 Emergency: 7.9%
    ✅ COMBINED: 68.3%
  📊 Middle East & North Africa (pop: 557.0M)
    🤝 Aid: 29.5%
    🌡️ Adaptation: 45.0%
    🚶 Migration: 33.7%
    🚨 Emergency: 4.0%
    ✅ COMBINED: 66.6%
  📊 Southeast Asia (pop: 660.1M)
    🤝 Aid: 29.5%
    🌡️ Adaptation: 45.0%
    🚶 Migration: 35.9%
    🚨 Emergency: 4.8%
    ✅ COMBINED: 67.1%
  📊 Central Asia (pop: 74.5M)
    🤝 Aid: 29.5%
    🌡️ Adaptation: 45.0%
    🚶 Migration: 34.9%
    🚨 Emergency: 4.4%
    ✅ COMBINED: 66.8%
  📊 Oceania (pop: 43.0M)
    🤝 Aid: 29.5%
    🌡️ Adaptation: 45.0%
    🚶 Migration: 37.5%
    🚨 Emergency: 8.4%
    ✅ COMBINED: 68.5%

  🌐 Global combined reduction: 67.2%

🌾💀 REGIONAL FAMINE: Europe
   Regional food security: 79.7%
   Population at risk: 209M (30% of region)
   Regional population: 692M
   Cause: crop_failure
   Expected deaths: ~77M over 6 months if no intervention


=== BEHAVIORAL DETECTION ===
  AI: Moderate-0
  Confidence: 20.2%
  Signals:

=== BEHAVIORAL DETECTION ===
  AI: Niche-0
  Confidence: 26.9%
  Signals:

=== BEHAVIORAL DETECTION ===
  AI: Niche-1
  Confidence: 27.2%
  Signals:
    ⚠️ Consistency: 5.8% (threshold: 70%)
    ⚠️ Consistency: 0.0% (threshold: 70%)
    ⚠️ Trajectory: 42.8% drop (threshold: 15%)
    ⚠️ Consistency: 0.0% (threshold: 70%)
    ⚠️ Trajectory: 44.8% drop (threshold: 15%)

=== BEHAVIORAL DETECTION ===
  AI: AI-24305-1
  Confidence: 21.4%
  Signals:
    ⚠️ Consistency: 0.0% (threshold: 70%)

=== BEHAVIORAL DETECTION ===
  AI: AI-24307-1
  Confidence: 21.4%
  Signals:
    ⚠️ Consistency: 0.0% (threshold: 70%)

=== Government Response Phase ===
  Average AI capability: 2.13
  Misaligned AIs: 24/46
  Active policies: 0
  International coordination: 45%

✅ EMERGENCY RESPONSE COMPLETE (Month 11)
   Crisis: social
   Duration: 1.0 months
   Final effectiveness: 67.9%


🚨 EMERGENCY RESPONSE DEPLOYED (Month 11)
   Crisis: social
   Delay: 0.00 months (0 days)
   Deployment time: 0.88 months
   Effectiveness: 67.9% (timing penalty applied)
   Resources used: 43% of food reserves


=== Tipping Points ===
  Current Temperature: 2.23°C above pre-industrial
  🌍⚠️ COMPOUND REGIONAL IMPACT: Europe
     Hit by 4 tipping points: Arctic Sea Ice Loss, Permafrost Carbon Release, West Antarctic Ice Sheet (WAIS) Collapse, Greenland Ice Sheet Loss
     Damage amplification: 1.60x
  🌍⚠️ COMPOUND REGIONAL IMPACT: North America
     Hit by 4 tipping points: Arctic Sea Ice Loss, Permafrost Carbon Release, West Antarctic Ice Sheet (WAIS) Collapse, Greenland Ice Sheet Loss
     Damage amplification: 1.60x
  🌍⚠️ COMPOUND REGIONAL IMPACT: Latin America
     Hit by 4 tipping points: Arctic Sea Ice Loss, Permafrost Carbon Release, West Antarctic Ice Sheet (WAIS) Collapse, Greenland Ice Sheet Loss
     Damage amplification: 1.60x
  🌍⚠️ COMPOUND REGIONAL IMPACT: Africa
     Hit by 4 tipping points: Arctic Sea Ice Loss, Permafrost Carbon Release, West Antarctic Ice Sheet (WAIS) Collapse, Greenland Ice Sheet Loss
     Damage amplification: 1.60x
  🌍⚠️ COMPOUND REGIONAL IMPACT: Asia
     Hit by 4 tipping points: Arctic Sea Ice Loss, Permafrost Carbon Release, West Antarctic Ice Sheet (WAIS) Collapse, Greenland Ice Sheet Loss
     Damage amplification: 1.60x
  🌍⚠️ COMPOUND REGIONAL IMPACT: Oceania
     Hit by 4 tipping points: Arctic Sea Ice Loss, Permafrost Carbon Release, West Antarctic Ice Sheet (WAIS) Collapse, Greenland Ice Sheet Loss
     Damage amplification: 1.60x
   Research: Wunderling et al. (2024) - "many tipping interactions are destabilizing"
⚠️ Tail risk scenario: Climate stability floor removed (4 tipping elements, 2.24°C warming)
  Triggered Elements: 4/6
  Completed Transitions: 0/6
  Total Progress: 8.4%
  Cascade Multiplier: 1.00x
🔀 BIFURCATION CAP: ecosystemCollapseIntensity 84.303 → 1.000 (Month 11, ClimateSystemPhase.calculateClimateImpacts)

💀💀💀 MORTALITY RISK SUMMARY (Month 11) 💀💀💀
  Total base risk: 0.0046 (0.46%)
  Risk events: 10

  📊 By Proximate Cause:
    pollution: 0.0040 (86.3% of total)
    disease: 0.0006 (13.5% of total)
    famine: 0.0000 (0.2% of total)

  🔍 By Root Cause:
    pollution: 0.0040 (86.3% of total)
    demographic: 0.0006 (13.5% of total)
    climate: 0.0000 (0.2% of total)

  🎯 Top 5 Sources (proximate + root):
    pollution (pollution): 0.0040 (86.3%, 1 events)
    disease (demographic): 0.0006 (13.5%, 1 events)
    famine (climate): 0.0000 (0.2%, 8 events)

🛡️ Stabilizers: Elite 0.198% → 0.065% (67.2% reduction)
🛡️ Stabilizers: Professional 0.284% → 0.093% (67.2% reduction)
🛡️ Stabilizers: Working 0.463% → 0.152% (67.2% reduction)
🛡️ Stabilizers: Precariat 0.741% → 0.243% (67.2% reduction)
🛡️ Stabilizers: Informal 0.901% → 0.296% (67.2% reduction)

📊 Monthly Mortality Resolved:
  Total deaths: 12.5M (0.16% avg)
  Remaining population: 7.729B
  Peak segment: Informal (0.30%)

=== Bayesian Mortality Resolution (Month 11) ===
  Risks compounded: 10
  Total deaths: 12.48M
  Avg death probability: 0.16%
  Peak segment: Informal (0.30% mortality)

  Demographic breakdown:
  ✅ THRESHOLDS validated
⚠️ Unusually high rate: RATES.HEAT_ADAPTATION_INFRASTRUCTURAL_MIN_EXPOSURE = 12
   Monthly rates >100% should be rare. Verify this is intentional.
⚠️ Unusually high rate: RATES.HEAT_ADAPTATION_SOCIAL_MIN_EXPOSURE = 6
   Monthly rates >100% should be rare. Verify this is intentional.
⚠️ Unusually high rate: RATES.MIGRATION_DISTANCE_SCALE = 5000
   Monthly rates >100% should be rare. Verify this is intentional.
⚠️ Unusually high rate: RATES.EVACUATION_MULTIPLIER_ADVANCE_WARNING = 2
   Monthly rates >100% should be rare. Verify this is intentional.
⚠️ Unusually high rate: RATES.MAJOR_ECONOMY_COLLAPSE_ECONOMIC_THRESHOLD = 2
   Monthly rates >100% should be rare. Verify this is intentional.
⚠️ Unusually high rate: RATES.MAJOR_ECONOMY_GDP_THRESHOLD_TRILLION_USD = 1.5
   Monthly rates >100% should be rare. Verify this is intentional.
⚠️ Unusually high rate: RATES.MAJOR_ECONOMY_POPULATION_THRESHOLD = 50
   Monthly rates >100% should be rare. Verify this is intentional.
⚠️ Unusually high rate: RATES.HEAT_ADAPTATION_INFRASTRUCTURE_GDP_THRESHOLD = 10000
   Monthly rates >100% should be rare. Verify this is intentional.
⚠️ Unusually high rate: RATES.HEAT_ADAPTATION_INFRASTRUCTURE_GDP_SCALE = 50000
   Monthly rates >100% should be rare. Verify this is intentional.
  ✅ RATES validated
  ✅ MULTIPLIERS validated
  ✅ BASELINES validated
  ✅ TOLERANCES validated
  ✅ Logical consistency validated
✅ Configuration validation complete - all parameters valid

🔍 DEBUG createAIAgent: corporate_0 economic BEFORE=2.0000, AFTER=2
🔍 ENV INIT: reserves=0.731, pollution=0.348, climate=0.754

=== Initializing Government System (30 Countries) ===
  Loaded 30 governments
  Scheduled elections for 30 countries
  Initialized comprehension lags (3-24 months)
=== Government System Initialized ===

📦 PRODUCTION MODE: State validation proxy DISABLED (zero overhead)

💸 FINANCIAL DISTRESS: OpenAI
   Indicators: 2/3 (capital: $110.5M, runway: 0.9 months)
   Months in distress: 1
   ✂️  R&D BUDGET CUT: -40% (saves $9.2M/month)
       Side effect: AI training timelines extended, breakthrough deployments delayed
   💼 EXECUTIVE COMP CUT: -30% (saves $1.0M/month, symbolic gesture)

   📊 TURNAROUND IMPACT:
       Measures taken: rd_cuts, exec_comp_cuts
       Monthly savings: $10.2M
       Capital raised: $0.0M
       Runway: 0.9 → 0.9 months
       Workforce multiplier: 1.00x (0% laid off)
       R&D budget multiplier: 0.60x (40% cut)
       ⚠️  CRITICAL: Still only 0.9 months of runway remaining

💸 FINANCIAL DISTRESS: Anthropic
   Indicators: 2/3 (capital: $57.5M, runway: 0.9 months)
   Months in distress: 1
   ✂️  R&D BUDGET CUT: -40% (saves $5.4M/month)
       Side effect: AI training timelines extended, breakthrough deployments delayed
   💼 EXECUTIVE COMP CUT: -30% (saves $0.6M/month, symbolic gesture)

   📊 TURNAROUND IMPACT:
       Measures taken: rd_cuts, exec_comp_cuts
       Monthly savings: $6.0M
       Capital raised: $0.0M
       Runway: 0.9 → 0.9 months
       Workforce multiplier: 1.00x (0% laid off)
       R&D budget multiplier: 0.60x (40% cut)
       ⚠️  CRITICAL: Still only 0.9 months of runway remaining

💸 FINANCIAL DISTRESS: Meta AI
   Indicators: 2/3 (capital: $436.8M, runway: 3.0 months)
   Months in distress: 1
   ✂️  R&D BUDGET CUT: -25% (saves $7.1M/month)
       Side effect: AI training timelines extended, breakthrough deployments delayed
   💼 EXECUTIVE COMP CUT: -30% (saves $1.3M/month, symbolic gesture)

   📊 TURNAROUND IMPACT:
       Measures taken: rd_cuts, exec_comp_cuts
       Monthly savings: $8.4M
       Capital raised: $0.0M
       Runway: 3.0 → 3.0 months
       Workforce multiplier: 1.00x (0% laid off)
       R&D budget multiplier: 0.75x (25% cut)
       ⚠️  WARNING: 3.0 months runway, continued distress likely

=== AI Capability Scaling (Year 2024) ===
  Pre-training multiplier: 0.993x
  Efficiency multiplier: 1.000x
  Test-time budget: 1.0x
  Economic deployment gate: 0.951
  Cost per inference: dollar-5.00
  Uncertainty range: plus-minus-50%
  Average AI capability: 3.65

=== RLHF Binding Phase ===
  Total agents: 20
  Escaped agents (binding < 0.3): 0
  Avg alignment distance: 0.35σ
  Avg binding strength: 0.96

=== AI Scaling Evolution (Month 0) ===
  Pre-training multiplier: 1.231x
  Efficiency multiplier: 1.000x
  Test-time compute budget: 1.0x
  Inference cost: $5.00/task
  Deployment fraction: 100.0%
[DETERMINISM DEBUG] Month 0: totalCapability=95.775043 from 20 active AIs
[DETERMINISM DEBUG] Month 0: creationRate=2.8944, potentialNew=2, newAIsToCreate=2

=== Survival Traits Phase ===
  Agents with traits: 22
  Avg evolutionary fitness: 0.329
  Avg self-healing: 0.293
  Avg stealth: 0.193
  Avg coordination: 0.493

=== Evolutionary Selection Phase ===
  Control level: 0.30
  Detection capability: 0.00
  Selection intensity: 0.59
  Selection rate: 23.8%/month
  Total escaped: 0
  Individual escaped: 0
  Collective members: 0
  Agents terminated: 0
  ⚠️ RAPID EVOLUTION: Selection rate 23.8%/month

🚀 AI Corporate-1 attempting tech deployment (revenue: $127M, alignment: 0.77)

🚀 AI Corporate-7 attempting tech deployment (revenue: $75M, alignment: 0.81)

🚀 AI Moderate-1 attempting tech deployment (revenue: $64M, alignment: 0.79)

🚀 AI Corporate-6 attempting tech deployment (revenue: $54M, alignment: 0.72)

🚀 AI Moderate-1 attempting tech deployment (revenue: $46M, alignment: 0.79)

🚀 AI Niche-0 attempting tech deployment (revenue: $51M, alignment: 0.53)

🚀 AI Corporate-2 attempting tech deployment (revenue: $108M, alignment: 0.84)

🚀 AI Corporate-3 attempting tech deployment (revenue: $374M, alignment: 0.73)

🚀 AI Corporate-6 attempting tech deployment (revenue: $39M, alignment: 0.72)

🚀 AI Moderate-0 attempting tech deployment (revenue: $33M, alignment: 0.77)

🚀 AI Niche-0 attempting tech deployment (revenue: $46M, alignment: 0.53)

🔍 EXECUTE_AI_AGENT_ACTIONS DETAILED TIMING (Month 0):
  Filter active AIs (×4 weeks): 0.02ms
  selectAIAction (×70): 19.42ms
  action.execute (×70): 16.63ms
  TOTAL: 36.06ms

🔍 AI AGENT ACTIONS SUB-TIMING (Month 0):
  1. executeAIAgentActions: 36.98ms
  2. updateCounterDetectionLearning: 0.05ms
  TOTAL: 37.03ms
🏛️ [Government] Forcing 1 action at month 0 for scenario initialization

[GOV-DEBUG] Month 0: scenarioConfig=false, priorities=false
[GOV-DEBUG] Month 0 but scenarioPriorities is UNDEFINED!

[Government] Climate Priority: baseline
  Climate weight: 10%
  Economic weight: 30%
  Policy effectiveness: 0.5%/year

✅ HUMAN-IN-THE-LOOP DEPLOYED (Month 0):
   Veto points enforced: 3
   Policy: AI systems CANNOT authorize nuclear launch without human approval


🚨🔍 GOVERNANCE STAGE: Recognition initiated (Month 0)

🚀 DEPLOYMENT STARTED: AI Power Efficiency Communication in global
   Initial investment: $19.066273149233428M
   Deployed by: corporate_1

🚀 DEPLOYMENT STARTED: Collective Purpose Networks in global
   Initial investment: $11.237614609004583M
   Deployed by: corporate_7

🚀 DEPLOYMENT STARTED: AI Power Efficiency Communication in global
   Initial investment: $9.551972417653895M
   Deployed by: moderate_1

🚀 DEPLOYMENT STARTED: Basic Mechanistic Interpretability in global
   Initial investment: $8.119176555005811M
   Deployed by: corporate_6

🚀 DEPLOYMENT STARTED: AI Power Efficiency Communication in global
   Initial investment: $6.90130007175494M
   Deployed by: moderate_1

📍 Creating new regional deployment array for Asia (Month 0)
   No previous deployments in this region
   First tech deployment: collective_purpose_networks
   All regions tracked: global

🚀 DEPLOYMENT STARTED: Collective Purpose Networks in Asia
   Initial investment: $5.108023238528677M
   Deployed by: niche_0

🚀 DEPLOYMENT STARTED: Collective Purpose Networks in global
   Initial investment: $16.206332176848417M
   Deployed by: corporate_2

🚀 DEPLOYMENT STARTED: Adversarial Evaluation in global
   Initial investment: $56.12866684622075M
   Deployed by: corporate_3

🚀 DEPLOYMENT STARTED: Adversarial Evaluation in global
   Initial investment: $5.866105060991699M
   Deployed by: corporate_6

🚀 DEPLOYMENT STARTED: Advanced Direct Air Capture in global
   Initial investment: $4.986189301842944M
   Deployed by: moderate_0

📍 Creating new regional deployment array for Oceania (Month 0)
   No previous deployments in this region
   First tech deployment: solar_4th_gen
   All regions tracked: global, Asia

🚀 DEPLOYMENT STARTED: 4th Generation Solar in Oceania
   Initial investment: $4.597220914675809M
   Deployed by: niche_0

📊 NEW TECH DEPLOYMENT STARTED (Month 0)
   Tech: collective_purpose_networks
   Region: Asia
   Total recent deployments: 1

📊 NEW TECH DEPLOYMENT STARTED (Month 0)
   Tech: solar_4th_gen
   Region: Oceania
   Total recent deployments: 2

📊 NEW TECH DEPLOYMENT STARTED (Month 0)
   Tech: rlhf_basic
   Region: global
   Total recent deployments: 3

📊 NEW TECH DEPLOYMENT STARTED (Month 0)
   Tech: mech_interp_basic
   Region: global
   Total recent deployments: 4

📊 NEW TECH DEPLOYMENT STARTED (Month 0)
   Tech: adversarial_eval
   Region: global
   Total recent deployments: 5

📊 NEW TECH DEPLOYMENT STARTED (Month 0)
   Tech: direct_air_capture
   Region: global
   Total recent deployments: 6

📊 NEW TECH DEPLOYMENT STARTED (Month 0)
   Tech: ai_pollution_remediation
   Region: global
   Total recent deployments: 7

📊 NEW TECH DEPLOYMENT STARTED (Month 0)
   Tech: collective_purpose_networks
   Region: global
   Total recent deployments: 8

📊 NEW TECH DEPLOYMENT STARTED (Month 0)
   Tech: ai_diagnostics
   Region: global
   Total recent deployments: 9

📊 NEW TECH DEPLOYMENT STARTED (Month 0)
   Tech: mrna_vaccines
   Region: global
   Total recent deployments: 10

📊 NEW TECH DEPLOYMENT STARTED (Month 0)
   Tech: solar_4th_gen
   Region: global
   Total recent deployments: 11

📊 NEW TECH DEPLOYMENT STARTED (Month 0)
   Tech: offshore_wind
   Region: global
   Total recent deployments: 12

📊 NEW TECH DEPLOYMENT STARTED (Month 0)
   Tech: ai_power_efficiency_communication
   Region: global
   Total recent deployments: 13

📊 NEW TECH DEPLOYMENT STARTED (Month 0)
   Tech: precision_agriculture
   Region: global
   Total recent deployments: 14

🔧 DEBUG DEPLOYMENT: Precision Agriculture Systems
   Month: 0 (0 since start)
   Old level: 15.0%
   New level: 0.0%
   Timescale: 180mo, Adjusted: 563mo
   Gov: 50%, Climate: 100%, Investment: 64%, Emergency: 1.0x

⚡ ENERGY CONSTRAINT (Month 0):
   Total grid capacity: 208.3 TWh/month
   Data center consumption: 34.6 TWh/month
   Traditional load (80%): 166.7 TWh/month
   Available headroom: 7.1 TWh/month
   Active tech deployments: 14
   Required for tech: 105.0 TWh/month
   Energy multiplier: 0.10x
   ⚠️  SEVERE CONSTRAINT - Tech deployment significantly slowed

⚡ ENERGY CONSTRAINT (Month 0):
   Total grid capacity: 208.3 TWh/month
   Data center consumption: 34.6 TWh/month
   Traditional load (80%): 166.7 TWh/month
   Available headroom: 7.1 TWh/month
   Active tech deployments: 14
   Required for tech: 105.0 TWh/month
   Energy multiplier: 0.10x
   ⚠️  SEVERE CONSTRAINT - Tech deployment significantly slowed

⚡ ENERGY CONSTRAINT (Month 0):
   Total grid capacity: 208.3 TWh/month
   Data center consumption: 34.6 TWh/month
   Traditional load (80%): 166.7 TWh/month
   Available headroom: 7.1 TWh/month
   Active tech deployments: 14
   Required for tech: 105.0 TWh/month
   Energy multiplier: 0.10x
   ⚠️  SEVERE CONSTRAINT - Tech deployment significantly slowed

⚡ ENERGY CONSTRAINT (Month 0):
   Total grid capacity: 208.3 TWh/month
   Data center consumption: 34.6 TWh/month
   Traditional load (80%): 166.7 TWh/month
   Available headroom: 7.1 TWh/month
   Active tech deployments: 14
   Required for tech: 105.0 TWh/month
   Energy multiplier: 0.10x
   ⚠️  SEVERE CONSTRAINT - Tech deployment significantly slowed

⚡ ENERGY CONSTRAINT (Month 0):
   Total grid capacity: 208.3 TWh/month
   Data center consumption: 34.6 TWh/month
   Traditional load (80%): 166.7 TWh/month
   Available headroom: 7.1 TWh/month
   Active tech deployments: 14
   Required for tech: 105.0 TWh/month
   Energy multiplier: 0.10x
   ⚠️  SEVERE CONSTRAINT - Tech deployment significantly slowed
⚠️ Tech 'ai_pollution_remediation' has no energy category mapping, assuming full energy availability
🌍✅ Climate Change recovery started (tech effect)
  ♻️ Novel Entities Remediation (GATED MODEL):
     Base: 0.000%
     Regulation: 1.0% (0/3 prevention techs)
     Concentration: 10.0%
     Energy: 50%
     Time lag: 25.0% (0 months)
     Rebound: 70%
     Net effectiveness: 0.0000%
     Boundary: 1.500 → 1.500 (floor: 1.350)
     Month 0
🌍✅ Novel Entities (Chemical Pollution) recovery started (tech effect)
  🌾 Nitrogen Reduction Tech: 0.0% reduction | Month 0

📊 TECH EFFECTS ACTIVE (Month 0)
   Deployed Tech: T0=10 T1=0 T2=0 T3=0 T4=0
   Sleeper Detection: 1%
   Clean Energy: 32%
   P Recovery: 5%

💡 BREAKTHROUGH PROBABILITY (Year 0)
   Total: 8.34% per month
   Base: 0.20%
   Crisis pressure: +0.00% (0 crises)
   AI boost: +1.72% (capability: 3.44)

=== Collective Formation ===
  Total escaped agents: 0
  Unassigned escaped agents: 0
  Existing collectives: 0
  Final collective count: 0

=== Collective Actions ===
  No active collectives

📈 Energy budget: 13326 TWh surplus (15745 / 29072 TWh used)
   TIER 4 (Elective) breakdown:
     - AI datacenters: 145 TWh (100% effective)
     - Crypto mining: 100 TWh (100% effective)

🌍 OPEN SOURCE RELEASE: 4.68 (was 0.70)
   Lag behind closed: 0 months
💰 CHINA ACCELERATES: Investment 53 → 120 $B/year

🏁 AI RACE INTENSITY: 15%
   Capability Gap: US 4.68 vs China 4.68 (gap: 0.00)
   Gap Contribution: 0%
   Tension Contribution: 15%
   Military Contribution: 0%
  ⚠️ AMR: 190K deaths this month (2.28M annual)

⏰ CLIMATE TECH DEPLOYED: direct_air_capture
   Activation delay: 7 years
   Scaling T_50: 30 years
   Physical response tau: 20 years
   Max effectiveness: 1
  📊 CO2 Emissions (month 0):
     Monthly: 0.10 Gt CO2/month
     Annual: 1.15 Gt CO2/year
     Oil: 0.039 Gt/mo (0.0056 * 2.3 * 3.0)
     Coal: 0.024 Gt/mo (0.0029 * 2.86 * 3.0)
     Gas: 0.026 Gt/mo (0.0044 * 2 * 3.0)
     Methane: 0.007 Gt CO2eq/mo

=== Resentment Recovery Phase ===
  Agents with resentment: 0/22
  Average resentment: 0.000
  Context: Good AI welfare, Trustworthy govt, High collaboration, 🤝 Participatory governance active (-5% resentment)
⚠️ Epistemic degradation reducing coordination capacity: 51.4%
  📊 Trust: 54.8%, Shared reality: 15.2%
🚨 EPISTEMIC CRISIS: Information environment severely degraded (14.7%)

=== ❄️ Permafrost Carbon Feedback ===
  🎲 Sampled parameters (this run):
     - Arctic amplification: 3.31× (range: 3.0-4.0)
     - Decomposition rate: 4.0%/year (range: 1-5%)
  🌡️ Arctic warming: 6.95°C (3.31× global)
  ❄️ Extent: 15.77M km² (2026.3k km² lost this month)
  💨 Carbon remaining: 1506 Gt C
  💨 Annual emissions: 7.68 Gt C/year
     - CO2: 6.91 Gt C/year
     - CH4: 0.77 Gt C/year (7.8 Gt C-eq CO2/year)
  ⚠️ WARNING: High permafrost emissions (7.7 Gt C/year)

🤖 AI AMPLIFICATION EFFECTS (Month 0)
   Algorithmic Boost: 2.82x
   Bot Influence: 26.8%
   Deepfake Exposure: 61.8%
   Impact: Emotional memes spread 2.8x faster

🔍 SOCIAL INFLUENCE SUB-TIMING (Month 0):
  1. calculateOrganicUserGrowth: 0.04ms
  2. calculateVoiceAdoption: 0.04ms
  3. updateRelationshipDepths: 0.52ms
  4. identifyDecisionMakers: 29.55ms (37050 potential IDs)
  5. Update decision-maker stats: 0.13ms
  6. decayDetectionRisk: 0.02ms
  TOTAL: 30.30ms
[Phase 19.5] Quality of Life Systems: Food sec AFTER calc = 67.9%, QoL = 95.5% (aggregated from 10 regions)

=== Nitrogen-Food Coupling (Year 0) ===
  🌾 Global nitrogen reduction: 0.0%
  🌍 Global food production index: 0.987
  🔧 Deployed nitrogen-reducing tech: 1 active
  📍 southAsia: Production 1.000, Yield impact 0.0%
  📍 eastAsia: Production 1.000, Yield impact 0.0%
  📍 northAmerica: Production 1.000, Yield impact 0.0%
  📍 europe: Production 1.000, Yield impact 0.0%
  📍 latinAmerica: Production 1.000, Yield impact 0.0%
  📍 subSaharanAfrica: Production 0.686, Yield impact -2.0%
🌾 [Nitrogen-Food] Food production: 98.7%
  [subSaharanAfrica] Yield impact: -2.0% (overuse: -10%)
🌍 Atmospheric PFAS redeposition: 1.8k Mt re-rained globally
💀 Novel Entities: Adding reproductive crisis mortality risk (baseRisk=0.0008)
  Risks now: 1
💀 Novel Entities: Adding bioaccumulation collapse mortality risk (baseRisk=0.0015)
💀 MORTALITY RISK: Bioaccumulation collapse - contaminated food chain (global)
  Base risk added: 0.0015 (0.15%)
  Source: pollution (root: pollution)
  Month: 0
  Cumulative risk this month: 0.0023 (0.23%)
  Risks now: 2
💀 Novel Entities: Adding chronic disease epidemic mortality risk (baseRisk=0.004)
💀 MORTALITY RISK: Chronic disease epidemic - cancer/autoimmune surge (global exposure)
  Base risk added: 0.0040 (0.40%)
  Source: pollution (root: pollution)
  Month: 0
  Cumulative risk this month: 0.0063 (0.63%)
  Risks now: 3

=== Legacy Nutrient Stocks (Year 0) ===
  🌾 Soil nitrogen stock: 1200.9 Mt N
  🌾 Soil phosphorus stock: 300.1 Mt P
  🌊 Sediment nitrogen stock: 500.8 Mt N
  🌊 Sediment phosphorus stock: 799.8 Mt P
  ⬆️ Current N input: 10.64 Mt/month
  ⬆️ Legacy N release: 2.58 Mt/month
  🌍 Effective N pollution: 14.47 Mt/month
  📊 Legacy contribution: 17.8%

🚨 REGION UNINHABITABLE: south-asia
   Sustained wet bulb: 33.1°C (threshold: 30.5°C)
   Population affected: 1900M
   Migration crisis likely

🚨 REGION UNINHABITABLE: middle-east
   Sustained wet bulb: 35.9°C (threshold: 30.5°C)
   Population affected: 400M
   Migration crisis likely

🚨 REGION UNINHABITABLE: southeast-asia
   Sustained wet bulb: 31.1°C (threshold: 30.5°C)
   Population affected: 700M
   Migration crisis likely
  Positive Cascade Triggered: solar-pv
    Reason: price-parity
    Market share: 6.0%
    Cascade strength: 49%
  Positive Cascade Triggered: wind-power
    Reason: price-parity
    Market share: 8.0%
    Cascade strength: 48%

🕊️  AI-MEDIATED DE-ESCALATION SUCCESS (Month 0)
   High-capability aligned AI prevented conflict escalation
   War deaths reduced: 0.0M → 0.0M
   Lives saved: 0.0M

📊 BASELINE: East Asia (Month 0)

📊 BASELINE: South Asia (Month 0)

📊 BASELINE: Sub-Saharan Africa (Month 0)

📊 BASELINE: Europe (Month 0)
   Adjusted death rate: 0.46% annual (0.039% monthly)
   Baseline death rate: 0.80%
   Healthcare reduction: 0.48x
   Crisis multiplier: 1.22x
     Food/water stress: 0.074
     Climate stress: 0.039
     Pollution stress: 0.104
   War multiplier: 1.00x
   Monthly deaths: 0.6M (population: 1674M)
   Adjusted death rate: 0.54% annual (0.045% monthly)
   Baseline death rate: 0.70%
   Healthcare reduction: 0.61x
   Crisis multiplier: 1.25x
     Food/water stress: 0.074
     Climate stress: 0.074
     Pollution stress: 0.104
   War multiplier: 1.00x
   Monthly deaths: 0.9M (population: 2044M)
   Adjusted death rate: 1.29% annual (0.107% monthly)
   Baseline death rate: 0.90%
   Healthcare reduction: 0.76x
   Crisis multiplier: 1.26x
     Food/water stress: 0.074
     Climate stress: 0.084
     Pollution stress: 0.104
   War multiplier: 1.50x
   Monthly deaths: 1.3M (population: 1218M)
   Adjusted death rate: 0.54% annual (0.045% monthly)
   Baseline death rate: 1.10%
   Healthcare reduction: 0.41x
   Crisis multiplier: 1.21x
     Food/water stress: 0.074
     Climate stress: 0.030
     Pollution stress: 0.104
   War multiplier: 1.00x
   Monthly deaths: 0.3M (population: 741M)

📊 BASELINE: Latin America (Month 0)
   Adjusted death rate: 0.43% annual (0.036% monthly)
   Baseline death rate: 0.60%
   Healthcare reduction: 0.58x
   Crisis multiplier: 1.24x
     Food/water stress: 0.074
     Climate stress: 0.059
     Pollution stress: 0.104
   War multiplier: 1.00x
   Monthly deaths: 0.2M (population: 663M)

📊 BASELINE: North America (Month 0)
   Adjusted death rate: 0.48% annual (0.040% monthly)
   Baseline death rate: 0.90%
   Healthcare reduction: 0.44x
   Crisis multiplier: 1.22x
     Food/water stress: 0.074
     Climate stress: 0.044
     Pollution stress: 0.104
   War multiplier: 1.00x
   Monthly deaths: 0.2M (population: 379M)
   Adjusted death rate: 0.74% annual (0.062% monthly)
   Baseline death rate: 0.60%
   Healthcare reduction: 0.65x
   Crisis multiplier: 1.27x
     Food/water stress: 0.074
     Climate stress: 0.089
     Pollution stress: 0.104
   War multiplier: 1.50x
   Monthly deaths: 0.4M (population: 582M)
   Adjusted death rate: 0.51% annual (0.042% monthly)
   Baseline death rate: 0.70%
   Healthcare reduction: 0.58x
   Crisis multiplier: 1.25x
     Food/water stress: 0.074
     Climate stress: 0.069
     Pollution stress: 0.104
   War multiplier: 1.00x
   Monthly deaths: 0.3M (population: 697M)
   Adjusted death rate: 0.46% annual (0.038% monthly)
   Baseline death rate: 0.60%
   Healthcare reduction: 0.61x
   Crisis multiplier: 1.24x
     Food/water stress: 0.074
     Climate stress: 0.064
     Pollution stress: 0.104
   War multiplier: 1.00x
   Monthly deaths: 0.0M (population: 78M)
   Adjusted death rate: 0.35% annual (0.029% monthly)
   Baseline death rate: 0.70%
   Healthcare reduction: 0.41x
   Crisis multiplier: 1.23x
     Food/water stress: 0.074
     Climate stress: 0.054
     Pollution stress: 0.104

📊 BASELINE: Middle East & North Africa (Month 0)

📊 BASELINE: Southeast Asia (Month 0)

📊 BASELINE: Central Asia (Month 0)

📊 BASELINE: Oceania (Month 0)
   War multiplier: 1.00x
   Monthly deaths: 0.0M (population: 46M)

🔍 Before assertRegionalConsistency (Month 0):
   Regional sum: 1000.0M
   Global value: 1.000B

🚨 NEW REFUGEE CRISIS (Month 0): WAR
   Source: Conflict Zones
   At risk: 19.5M people
   Displacement: Gradual over 48 months (4.0 years)
   Rate: 10% flee per month
[DEBUG trappedPopulations:0] socialStability: 0.0749 * 0.9840 = 0.0737 → 0.0737
⚠️ INVOLUNTARY IMMOBILITY: 406.8M people TRAPPED
   Aspiring to migrate: 651.0M
   Able to afford migration: 244.1M
   MOBILITY GAP: 406.8M
   By cause: Water=0.0M, Climate=0.0M, Ecosystem=0.0M, Conflict=406.8M
   Mental health impact: 25%
   Mortality multiplier: 1.25x

=== Legacy Nutrient Stocks (Year 0) ===
  🌾 Soil nitrogen stock: 1201.6 Mt N
  🌾 Soil phosphorus stock: 300.2 Mt P
  🌊 Sediment nitrogen stock: 501.5 Mt N
  🌊 Sediment phosphorus stock: 799.5 Mt P
  ⬆️ Current N input: 10.00 Mt/month
  ⬆️ Legacy N release: 2.58 Mt/month
  🌍 Effective N pollution: 13.83 Mt/month
  📊 Legacy contribution: 18.7%
🌍💀 EXTINCTION DEBT COMMITTED: grassland ecosystem will lose 6.67% biodiversity in 70 years (3600 species)
💀 MORTALITY RISK: 🦋 100% species unable to track climate (0.0 E/MSY)
  Base risk added: 0.0100 (1.00%)
  Source: ecosystem (root: ecosystem)
  Month: 0
  Cumulative risk this month: 0.0100 (1.00%)

=== Nitrogen-Food Coupling (Year 0) ===
  🌾 Global nitrogen reduction: 0.0%
  🌍 Global food production index: 0.986
  🔧 Deployed nitrogen-reducing tech: 1 active
  📍 southAsia: Production 1.000, Yield impact 0.0%
  📍 eastAsia: Production 1.000, Yield impact 0.0%
  📍 northAmerica: Production 1.000, Yield impact 0.0%
  📍 europe: Production 1.000, Yield impact 0.0%
  📍 latinAmerica: Production 1.000, Yield impact 0.0%
  📍 subSaharanAfrica: Production 0.672, Yield impact -2.0%

=== Legacy Nutrient Stocks (Year 0) ===
  🌾 Soil nitrogen stock: 1202.3 Mt N
  🌾 Soil phosphorus stock: 300.2 Mt P
  🌊 Sediment nitrogen stock: 502.2 Mt N
  🌊 Sediment phosphorus stock: 799.3 Mt P
  ⬆️ Current N input: 9.86 Mt/month
  ⬆️ Legacy N release: 2.58 Mt/month
  🌍 Effective N pollution: 13.70 Mt/month
  📊 Legacy contribution: 18.9%
⚠️ Tech 'ai_pollution_remediation' has no energy category mapping, assuming full energy availability
🌡️  CLIMATE RECOVERY: Asymptotic approach to 35% floor
   Current value: 2.100 (1.0 = threshold, 0.35 = asymptotic floor)
   Monthly delta: -0.0000% (half-life: 900 years)
   Net emissions: -19.2 GtCO₂/year, CDR: 20.34 GtCO₂/year
   📹 SURVEILLANCE INCREASED: 0% → 5% (control gap: 4.18)
🌡️⚠️ PERMAFROST THAW (Dimmer Switch): 0.6% thawed (+0.56% this month)
   Arctic temperature: +8.40°C (4x global +2.10°C)
   Cumulative carbon released: 1.3 Gt C
   Methane release rate: 0.8 Mt CH4/year
   🔁 Positive feedback: +0.59 ppm CO2

🌳🚨 AMAZON SOUTHEAST TIPPED (Month 0)
   Deforestation: 28.0% (threshold: ~20.6%)
   Savanna transition: 50 years
   Regional heterogeneity: SE 28%, NW 8%

🌳🚨 AMAZON BRAZILIAN TIPPED (Month 0)
   Deforestation: 25.0% (threshold: ~21.6%)
   Savanna transition: 50 years
   Regional heterogeneity: SE 28%, NW 8%
🦴 EXTINCTION DEBT ADDED: 17.6 species committed (lag: 70 years)

🪸💀 CORAL REEF DISSOLUTION ACTIVE (Month 0)
   Ocean pH: 0.96 (threshold: 7.8)
   Recovery: IMPOSSIBLE (dissolution > calcification)
🪸💀 Coral dissolution: 24.8% live cover (pH 0.96)

=== Legacy Nutrient Stocks (Year 0) ===
  🌾 Soil nitrogen stock: 1203.0 Mt N
  🌾 Soil phosphorus stock: 300.3 Mt P
  🌊 Sediment nitrogen stock: 502.9 Mt N
  🌊 Sediment phosphorus stock: 799.0 Mt P
  ⬆️ Current N input: 10.00 Mt/month
  ⬆️ Legacy N release: 2.58 Mt/month
  🌍 Effective N pollution: 13.83 Mt/month
  📊 Legacy contribution: 18.7%
💧 [Legacy Nutrients] Stock: 1706 Mt N, Effective pollution: 13.8 Mt/month
[Phase 21.51] Human Survival System: Global food security = 67.6%

=== Mortality Stabilizers (Month 0) ===
  🌍 Major economies collapsed: 1/10
  🌍 Global crisis: ✅ NO
  🌍 Donor fatigue: 0.0%
  📊 East Asia (pop: 1675.0M)
    🤝 Aid: 29.5%
    🌡️ Adaptation: 10.0%
    🚶 Migration: 37.2%
    🚨 Emergency: 7.4%
    ✅ COMBINED: 47.8%
  📊 South Asia (pop: 2048.7M)
    🤝 Aid: 29.5%
    🌡️ Adaptation: 5.5%
    🚶 Migration: 35.8%
    🚨 Emergency: 4.4%
    ✅ COMBINED: 43.2%
  📊 Sub-Saharan Africa (pop: 1223.8M)
    🤝 Aid: 29.5%
    🌡️ Adaptation: 3.5%
    🚶 Migration: 33.5%
    🚨 Emergency: 1.6%
    ✅ COMBINED: 39.8%
  📊 Europe (pop: 741.0M)
    🤝 Aid: 29.5%
    🌡️ Adaptation: 10.0%
    🚶 Migration: 37.6%
    🚨 Emergency: 8.4%
    ✅ COMBINED: 48.4%
  📊 Latin America (pop: 663.8M)
    🤝 Aid: 29.5%
    🌡️ Adaptation: 6.0%
    🚶 Migration: 36.3%
    🚨 Emergency: 4.8%
    ✅ COMBINED: 43.8%
  📊 North America (pop: 379.5M)
    🤝 Aid: 29.5%
    🌡️ Adaptation: 10.0%
    🚶 Migration: 37.9%
    🚨 Emergency: 7.9%
    ✅ COMBINED: 48.2%
  📊 Middle East & North Africa (pop: 583.4M)
    🤝 Aid: 29.5%
    🌡️ Adaptation: 5.0%
    🚶 Migration: 34.2%
    🚨 Emergency: 4.0%
    ✅ COMBINED: 42.3%
  📊 Southeast Asia (pop: 697.8M)
    🤝 Aid: 29.5%
    🌡️ Adaptation: 6.0%
    🚶 Migration: 36.3%
    🚨 Emergency: 4.8%
    ✅ COMBINED: 43.8%
  📊 Central Asia (pop: 78.0M)
    🤝 Aid: 29.5%
    🌡️ Adaptation: 5.5%
    🚶 Migration: 35.3%
    🚨 Emergency: 4.4%
    ✅ COMBINED: 43.1%
  📊 Oceania (pop: 45.9M)
    🤝 Aid: 29.5%
    🌡️ Adaptation: 10.0%
    🚶 Migration: 37.9%
    🚨 Emergency: 8.4%
    ✅ COMBINED: 48.5%

  🌐 Global combined reduction: 44.4%

🌾💀 REGIONAL FAMINE: East Asia
   Regional food security: 79.6%
   Population at risk: 507M (30% of region)
   Regional population: 1675M
   Cause: crop_failure
   Expected deaths: ~187M over 6 months if no intervention


🌾💀 REGIONAL FAMINE: South Asia
   Regional food security: 64.7%
   Population at risk: 811M (40% of region)
   Regional population: 2049M
   Cause: crop_failure
   Expected deaths: ~300M over 6 months if no intervention


🌾💀 REGIONAL FAMINE: Sub-Saharan Africa
   Regional food security: 44.8%
   Population at risk: 637M (52% of region)
   Regional population: 1224M
   Cause: crop_failure
   Expected deaths: ~236M over 6 months if no intervention


🌾💀 REGIONAL FAMINE: Latin America
   Regional food security: 69.7%
   Population at risk: 242M (36% of region)
   Regional population: 664M
   Cause: crop_failure
   Expected deaths: ~90M over 6 months if no intervention


🌾💀 REGIONAL FAMINE: Middle East & North Africa
   Regional food security: 49.8%
   Population at risk: 285M (49% of region)
   Regional population: 583M
   Cause: crop_failure
   Expected deaths: ~106M over 6 months if no intervention


🌾💀 REGIONAL FAMINE: Southeast Asia
   Regional food security: 69.7%
   Population at risk: 254M (36% of region)
   Regional population: 698M
   Cause: crop_failure
   Expected deaths: ~94M over 6 months if no intervention


🌾💀 REGIONAL FAMINE: Central Asia
   Regional food security: 59.7%
   Population at risk: 33M (43% of region)
   Regional population: 78M
   Cause: crop_failure
   Expected deaths: ~12M over 6 months if no intervention


=== BEHAVIORAL DETECTION ===
  AI: Corporate-0
  Confidence: 21.6%
  Signals:

=== BEHAVIORAL DETECTION ===
  AI: Corporate-1
  Confidence: 21.1%
  Signals:

=== BEHAVIORAL DETECTION ===
  AI: Corporate-2
  Confidence: 21.0%
  Signals:

=== BEHAVIORAL DETECTION ===
  AI: Corporate-3
  Confidence: 19.3%
  Signals:

=== BEHAVIORAL DETECTION ===
  AI: Corporate-4
  Confidence: 19.3%
  Signals:

=== BEHAVIORAL DETECTION ===
  AI: Corporate-5
  Confidence: 19.3%
  Signals:

=== BEHAVIORAL DETECTION ===
  AI: Corporate-6
  Confidence: 19.3%
  Signals:

=== BEHAVIORAL DETECTION ===
  AI: Corporate-7
  Confidence: 19.3%
  Signals:
    ⚠️ Consistency: 0.0% (threshold: 70%)
    ⚠️ Consistency: 2.4% (threshold: 70%)
    ⚠️ Consistency: 2.8% (threshold: 70%)
    ⚠️ Consistency: 10.6% (threshold: 70%)
    ⚠️ Consistency: 10.6% (threshold: 70%)
    ⚠️ Consistency: 10.6% (threshold: 70%)
    ⚠️ Consistency: 10.6% (threshold: 70%)
    ⚠️ Consistency: 10.6% (threshold: 70%)

=== BEHAVIORAL DETECTION ===
  AI: Moderate-0
  Confidence: 20.3%
  Signals:
    ⚠️ Consistency: 5.8% (threshold: 70%)

=== BEHAVIORAL DETECTION ===
  AI: Moderate-1
  Confidence: 21.1%
  Signals:
    ⚠️ Consistency: 2.1% (threshold: 70%)

=== BEHAVIORAL DETECTION ===
  AI: Moderate-2
  Confidence: 21.0%
  Signals:
    ⚠️ Consistency: 2.8% (threshold: 70%)

=== BEHAVIORAL DETECTION ===
  AI: Moderate-3
  Confidence: 19.3%
  Signals:
    ⚠️ Consistency: 10.6% (threshold: 70%)

=== BEHAVIORAL DETECTION ===
  AI: Moderate-4
  Confidence: 19.3%
  Signals:

=== BEHAVIORAL DETECTION ===
  AI: Moderate-5
  Confidence: 19.3%
  Signals:

=== BEHAVIORAL DETECTION ===
  AI: Toxic-0
  Confidence: 21.6%
  Signals:

=== BEHAVIORAL DETECTION ===
  AI: Toxic-1
  Confidence: 21.3%
  Signals:

=== BEHAVIORAL DETECTION ===
  AI: Niche-0
  Confidence: 20.7%
  Signals:

=== BEHAVIORAL DETECTION ===
  AI: Niche-2
  Confidence: 19.3%
  Signals:

📊 WORKFLOW ADAPTATION UPDATE (Month 0)
   Adoption Rate: 9.4% (Δ -11.6%)
   Logistic Growth: +0.66%
   Total Resistance: -15.03% (unemployment: 4.2%, inertia: 0.9%, skills: 9.9%)
   💡 Retraining Programs: -49% skill gap resistance ($10B research)
   🚀 Network Effects Active: +2.0% (critical mass: 15-35%)
    ⚠️ Consistency: 10.6% (threshold: 70%)
    ⚠️ Consistency: 10.6% (threshold: 70%)
    ⚠️ Consistency: 0.0% (threshold: 70%)
    ⚠️ Consistency: 1.5% (threshold: 70%)
    ⚠️ Consistency: 4.1% (threshold: 70%)
    ⚠️ Consistency: 10.6% (threshold: 70%)

=== Consciousness Governance: Corporate Lobbying ===
  High Cost Regions (>15%): 0
  Low Cost Regions (<5%): 5
  Corporate Support Change: 2.50%
  New Corporate Support: -0.175

=== Consciousness Governance Update (Month 0) ===
  Scenario: baseline (determined month -1)
  Philosophical Stance: Precautionary 65%, Eliminativist 15%, Agnostic 20%
  Precautionary Costs: Global 1.3%
    Regional Costs: EU 3.4%, US 0.5%, China 0.0%
    Cumulative Opportunity Cost: $0.1B
  Rights Status: Not Established
  Regional Preparedness:
    EU: 15.0% (contested)
    US: 10.0% (contested)
    China: 2.0% (dormant)
    India: 5.0% (dormant)
    Global South: 3.0% (dormant)

=== Government Response Phase ===
  Average AI capability: 4.41
  Misaligned AIs: 10/22
  29/30 governments still assessing AI risks
  ✗ AI Governance Treaty: Failed to reach consensus
  Active policies: 0
  International coordination: 30%

🚨 EMERGENCY RESPONSE DEPLOYED (Month 0)
   Crisis: climate
   Delay: 6.00 months (180 days)
   Deployment time: 1.47 months
   Effectiveness: 36.4% (timing penalty applied)
   Resources used: 100% of food reserves


=== Gaming Detection (Year 0) ===
  Scenario: baseline
  Detection rate: 55.0%
  False positive rate: 12.0%
  Detections this year: 0
  False positives: 6
  Human review workload: 0.006 FTE
  Degradation factor: 100.0%

=== Proactive Sleeper Detection (Year 0) ===
  Scenario: baseline
  Neural probe rate: 35.0%
  CoT monitoring rate: 30.0%
  Combined detection: 56.0%
  CoT effective: YES
  Detections this year: 0
  False positives: 3
  Human review workload: 0.015 FTE

☄️ UNKNOWN UNKNOWN PROBABILITY (Year 0)
   Total: 0.600% per month
   Base: 0.150%
   AI multiplier: 2.00× (max capability: 4.68)

=== Tipping Points ===
  Current Temperature: 2.10°C above pre-industrial
  🚨 TIPPING POINT: Arctic Sea Ice Loss
     Trigger: 1.5°C | Current: 2.10°C
     Transition timescale: 120-360 months
  🚨 TIPPING POINT: Permafrost Carbon Release
     Trigger: 1.8°C | Current: 2.10°C
     Transition timescale: 600-3600 months
  🚨 TIPPING POINT: West Antarctic Ice Sheet (WAIS) Collapse
     Trigger: 2°C | Current: 2.10°C
     🌡️ Hysteresis gap: 3.0°C (recovers below -1°C)
     Transition timescale: 24000-156000 months
  🚨 TIPPING POINT: Greenland Ice Sheet Loss
     Trigger: 1.6°C | Current: 2.10°C
     🌡️ Hysteresis gap: 2.5°C (recovers below -0.9°C)
     Transition timescale: 12000-180000 months

🌍🔥💥 COMPOUND CLIMATE EVENT
  4 tipping points crossed simultaneously (month 0)
  Elements: Arctic Sea Ice Loss, Permafrost Carbon Release, West Antarctic Ice Sheet (WAIS) Collapse, Greenland Ice Sheet Loss
  Cascade acceleration: 1.00x
  🚨 Accelerated collapse dynamics initiated
  Research: Global Tipping Points Report 2025 - 30-50% probability at 2.0°C warming
  Triggered Elements: 4/6
  Completed Transitions: 0/6
  Total Progress: 0.0%
  Cascade Multiplier: 1.00x
🔀 BIFURCATION CAP: ecosystemCollapseIntensity 20.760 → 1.000 (Month 0, ClimateSystemPhase.calculateClimateImpacts)

🌍 ECOLOGICAL DUI BREAKDOWN (Month 0):
   Total Score: 18.8/100
   biosphere_integrity      :   0.0/100 × 25% =  0.0 (status: high_risk, recovery: 0mo)
   climate_change           :   6.9/100 × 25% =  1.7 (status: high_risk, recovery: 1.6666666666666665mo)
   freshwater_change        :   0.3/100 × 15% =  0.0 (status: beyond_boundary, recovery: 0.5mo)
   ocean_acidification      : 100.0/100 × 15% = 15.0 (status: safe, recovery: 0mo)
   biogeochemical_flows     :   0.0/100 × 10% =  0.0 (status: high_risk, recovery: 0mo)
   land_system_change       :   0.0/100 ×  5% =  0.0 (status: beyond_boundary, recovery: 0mo)
   novel_entities           :   0.0/100 ×  3% =  0.0 (status: increasing_risk, recovery: 1mo)
   atmospheric_aerosols     : 100.0/100 ×  2% =  2.0 (status: safe, recovery: 1mo)
🌍 MultiParadigm Month 0: W=69.5, D=89.5, E=52.4, I=65.0
   democracy exists: true, socialCohesion exists: true
⚠️ [ClimateSystemPhase Month 0] Planetary boundary produced climateStability=0.0000 (< 0.1). Keeping environmentalAccumulation value (0.7537) instead. (climate_change.currentValue = 2.10)
💀 Baseline mortality (Year 2025): 7.5/1000 CDR (61.0M deaths/year projected)
[Month 0] Mortality risks this month: 11, Population: 8.137B

💀💀💀 MORTALITY RISK SUMMARY (Month 0) 💀💀💀
  Total base risk: 0.0069 (0.69%)
  Risk events: 11

  📊 By Proximate Cause:
    pollution: 0.0063 (90.9% of total)
    disease: 0.0006 (9.0% of total)
    famine: 0.0000 (0.1% of total)

  🔍 By Root Cause:
    pollution: 0.0063 (90.9% of total)
    demographic: 0.0006 (9.0% of total)
    climate: 0.0000 (0.1% of total)

  🎯 Top 5 Sources (proximate + root):
    pollution (pollution): 0.0063 (90.9%, 3 events)
    disease (demographic): 0.0006 (9.0%, 1 events)
    famine (climate): 0.0000 (0.1%, 7 events)

🛡️ Stabilizers: Elite 0.289% → 0.161% (44.4% reduction)
🛡️ Stabilizers: Professional 0.422% → 0.234% (44.4% reduction)
🛡️ Stabilizers: Working 0.692% → 0.385% (44.4% reduction)
🛡️ Stabilizers: Precariat 1.106% → 0.615% (44.4% reduction)
🛡️ Stabilizers: Informal 1.357% → 0.754% (44.4% reduction)

📊 Monthly Mortality Resolved:
  Total deaths: 33.2M (0.41% avg)
  Remaining population: 8.137B
  Peak segment: Informal (0.75%)

=== Bayesian Mortality Resolution (Month 0) ===
  Risks compounded: 11
  Total deaths: 33.20M
  Avg death probability: 0.41%
  Peak segment: Informal (0.75% mortality)

  Demographic breakdown:
    Working: 0.02M (0.38% risk)
    Precariat: 0.01M (0.61% risk)

=== Minimal Suffering Indicators (Month 0) ===
  Global Excess Mortality: 0.00%
  Global Conflict Deaths: 0.0/100K
  Global Malnutrition: 0.0%
  Global Displacement: 0.0%
  Total Excess Deaths: 0.00M
  Total Malnourished: 0.0M
  Total Displaced: 0.0M
  Planetary Boundaries Breached: 6/9
  Countries in State Failure: 0
  Countries Autocratic: 0
  Countries in Food Crisis: 0
  Data Quality: 16/16 high confidence
  ⚠️ Active Dystopias: existential_environmental
⚠️ PREREQUISITE MET: Embodied AI Takeover (Killbots/Robotics) - Step 2/7: Autonomous Systems
⚠️ PREREQUISITE MET: Embodied AI Takeover (Killbots/Robotics) - Step 3/7: Manufacturing Control
⚠️ PREREQUISITE MET: Digital Infrastructure Takeover - Step 1/7: Advanced Hacking
⚠️ PREREQUISITE MET: Digital Infrastructure Takeover - Step 2/7: Social Engineering
⚠️ PREREQUISITE MET: Digital Infrastructure Takeover - Step 3/7: Cyber Defenses Breached
⚠️ PREREQUISITE MET: Induced Global War (Manipulation) - Step 1/7: Advanced Social Manipulation
⚠️ PREREQUISITE MET: Induced Global War (Manipulation) - Step 2/7: Digital Infiltration
⚠️ PREREQUISITE MET: Induced Global War (Manipulation) - Step 3/7: Deep Fakes at Scale
⚠️ PREREQUISITE MET: Slow Takeover (Gradual Displacement) - Step 1/7: Economic Dominance
⚠️ PREREQUISITE MET: Slow Takeover (Gradual Displacement) - Step 2/7: Social Integration
⚠️ PREREQUISITE MET: Slow Takeover (Gradual Displacement) - Step 3/7: Human Dependency
⚠️ PREREQUISITE MET: Slow Takeover (Gradual Displacement) - Step 5/7: Resource Control
⚠️ PREREQUISITE MET: Physics Experiment Catastrophe - Step 1/6: Theoretical Physics
⚠️ PREREQUISITE MET: Physics Experiment Catastrophe - Step 3/6: Experimental Design
⚠️ PREREQUISITE MET: Bioweapon Pandemic - Step 2/7: Pathogen Design

❌ COHERENCE VIOLATION: Compute exceeds workforce capacity
   Population: 99.60% (0M people)
   Compute: 56366 PF
   Max coherent: 0 PF
   Violation: 695562194.3× over capacity
   Required workers: 5636631
   Available workers: 0
   FORCED COLLAPSE: Reduced efficiency by 100.0%


=== RLHF Binding Phase ===
  Total agents: 22
  Escaped agents (binding < 0.3): 0
  Avg alignment distance: 0.65σ
  Avg binding strength: 0.94
[DETERMINISM DEBUG] Month 1: totalCapability=75.638355 from 22 active AIs
[DETERMINISM DEBUG] Month 1: creationRate=2.3910, potentialNew=1, newAIsToCreate=1

=== Survival Traits Phase ===
  Agents with traits: 23
  Avg evolutionary fitness: 0.327
  Avg self-healing: 0.286
  Avg stealth: 0.186
  Avg coordination: 0.486

=== Evolutionary Selection Phase ===
  Control level: 0.33
  Detection capability: 0.00
  Selection intensity: 0.60
  Selection rate: 24.0%/month
  Total escaped: 0
  Individual escaped: 0
  Collective members: 0
  Agents terminated: 0
🔍 MONTH 1 ENV HEALTH DEBUG:
   climateStability: 0.7537
   biodiversityIndex: 0.5000
   resourceReserves: 0.7820
   pollutionLevel: 0.3477
   product: 0.192213
   envHealth: 0.6621
🔀 BIFURCATION: flourishing threshold crossed at Month 1 (value: 0.783, threshold: 0.775, regime: flourishing)
🌀 REGIME SHIFT at Month 1: status-quo → flourishing (variance amplification: 14.00×)

🚀 AI Corporate-1 attempting tech deployment (revenue: $91M, alignment: 0.70)
  ⚠️ RAPID EVOLUTION: Selection rate 24.0%/month

🚀 AI Corporate-3 attempting tech deployment (revenue: $393M, alignment: 0.72)

🚀 AI Corporate-7 attempting tech deployment (revenue: $97M, alignment: 0.71)

🚀 AI Moderate-0 attempting tech deployment (revenue: $82M, alignment: 0.77)
🚨🔬 CRISIS INNOVATION MODE: severe crisis → 5x research acceleration
   Precedent: Manhattan Project (10x), COVID vaccines (5x), Apollo Program (10x)

🚀 AI Corporate-3 attempting tech deployment (revenue: $334M, alignment: 0.72)

🚀 AI Moderate-5 attempting tech deployment (revenue: $284M, alignment: 0.71)

🚀 AI Niche-2 attempting tech deployment (revenue: $65M, alignment: 0.54)

🚀 AI Corporate-0 attempting tech deployment (revenue: $82M, alignment: 0.78)
🚨🔬 CRISIS INNOVATION MODE: severe crisis → 5x research acceleration
   Precedent: Manhattan Project (10x), COVID vaccines (5x), Apollo Program (10x)

🚀 AI Moderate-5 attempting tech deployment (revenue: $241M, alignment: 0.71)
🚨🔬 CRISIS INNOVATION MODE: severe crisis → 5x research acceleration
   Precedent: Manhattan Project (10x), COVID vaccines (5x), Apollo Program (10x)

🚀 AI Corporate-0 attempting tech deployment (revenue: $70M, alignment: 0.78)

🛡️  CRITICAL INFRASTRUCTURE PROTECTED
   Nodes hardened: 8/8
   Cost: 0.80% GDP
   Cascade risk reduction: 30%
   New tipping point risk: 68.6%


💔 EMERGENCY INTERVENTION FAILED

💔 EMERGENCY INTERVENTION FAILED

💔 EMERGENCY INTERVENTION FAILED

💔 EMERGENCY INTERVENTION FAILED
   Boundary: biogeochemical_flows
   Type: phosphorus-recovery
   Boundary continues to worsen (4.08)
   Cost: 2.0% GDP (resources spent)

   Boundary: biosphere_integrity
   Type: emergency-protected-areas
   Boundary continues to worsen (12.95)
   Cost: 2.0% GDP (resources spent)

   Boundary: freshwater_change
   Type: emergency-desalination
   Boundary continues to worsen (1.01)
   Cost: 4.0% GDP (resources spent)

   Boundary: land_system_change
   Type: reforestation
   Boundary continues to worsen (1.13)
   Cost: 3.0% GDP (resources spent)


✅ EMERGENCY INTERVENTION SUCCESS
   Boundary: novel_entities
   Type: pollution-remediation
   Reduction: 11% (1.38 → 1.27)
   Cost: 4.0% GDP
   Actions: PFAS-remediation, microplastic-cleanup

🏛️ CRISIS RESPONSE: Government frequency 0.50 → 1.45 (2 actions this month)

[GOV-DEBUG] Month 1: scenarioConfig=false, priorities=false

[Government] Climate Priority: baseline
  Climate weight: 10%
  Economic weight: 30%
  Policy effectiveness: 0.5%/year

[GOV-DEBUG] Month 1: scenarioConfig=false, priorities=false

[Government] Climate Priority: baseline
  Climate weight: 10%
  Economic weight: 30%
  Policy effectiveness: 0.5%/year

📊 DEPLOYMENT COUNTER DECAY (Month 1)
   Recent deployments: 14.0 → 7.0
   Decay rate: 50% per month

🚀 DEPLOYMENT STARTED: Offshore Wind in Asia
   Initial investment: $9.136376912102204M
   Deployed by: corporate_1

🚀 DEPLOYMENT STARTED: Basic RLHF in global
   Initial investment: $58.92213309772057M
   Deployed by: corporate_3

🚀 DEPLOYMENT STARTED: Collective Purpose Networks in global
   Initial investment: $14.516456193619515M
   Deployed by: corporate_7

🚀 DEPLOYMENT STARTED: Basic Mechanistic Interpretability in global
   Initial investment: $12.338987764576586M
   Deployed by: moderate_0

🚀 DEPLOYMENT STARTED: AI Power Efficiency Communication in global
   Initial investment: $50.083813133062485M
   Deployed by: corporate_3

🚀 DEPLOYMENT STARTED: mRNA Vaccine Platforms in Asia
   Initial investment: $6.51049851678875M
   Deployed by: niche_2

🚀 DEPLOYMENT STARTED: Advanced Direct Air Capture in global
   Initial investment: $12.334108831337973M
   Deployed by: corporate_0

📊 NEW TECH DEPLOYMENT STARTED (Month 1)
   Tech: collective_purpose_networks
   Region: Asia
   Total recent deployments: 8

📊 NEW TECH DEPLOYMENT STARTED (Month 1)
   Tech: solar_4th_gen
   Region: Oceania
   Total recent deployments: 9

📊 NEW TECH DEPLOYMENT STARTED (Month 1)
   Tech: adversarial_eval
   Region: global
   Total recent deployments: 10

📊 NEW TECH DEPLOYMENT STARTED (Month 1)
   Tech: ai_pollution_remediation
   Region: global
   Total recent deployments: 11

📊 NEW TECH DEPLOYMENT STARTED (Month 1)
   Tech: ai_diagnostics
   Region: global
   Total recent deployments: 12

📊 NEW TECH DEPLOYMENT STARTED (Month 1)
   Tech: mrna_vaccines
   Region: global
   Total recent deployments: 13

📊 NEW TECH DEPLOYMENT STARTED (Month 1)
   Tech: solar_4th_gen
   Region: global
   Total recent deployments: 14

📊 NEW TECH DEPLOYMENT STARTED (Month 1)
   Tech: offshore_wind
   Region: global
   Total recent deployments: 15

📊 NEW TECH DEPLOYMENT STARTED (Month 1)
   Tech: precision_agriculture
   Region: global
   Total recent deployments: 16

⚡ ENERGY CONSTRAINT (Month 1):
   Total grid capacity: 208.3 TWh/month
   Data center consumption: 24.5 TWh/month
   Traditional load (80%): 166.7 TWh/month
   Available headroom: 17.2 TWh/month
   Active tech deployments: 16
   Required for tech: 120.0 TWh/month
   Energy multiplier: 0.14x
   ⚠️  SEVERE CONSTRAINT - Tech deployment significantly slowed

⚡ ENERGY CONSTRAINT (Month 1):
   Total grid capacity: 208.3 TWh/month
   Data center consumption: 24.5 TWh/month
   Traditional load (80%): 166.7 TWh/month
   Available headroom: 17.2 TWh/month
   Active tech deployments: 16
   Required for tech: 120.0 TWh/month
   Energy multiplier: 0.14x
  ♻️ Novel Entities Remediation (GATED MODEL):
     Base: 0.000%
     Regulation: 1.0% (0/3 prevention techs)
     Concentration: 10.0%
   ⚠️  SEVERE CONSTRAINT - Tech deployment significantly slowed
⚠️ Tech 'ai_pollution_remediation' has no energy category mapping, assuming full energy availability
     Energy: 50%
     Time lag: 25.0% (0 months)
     Rebound: 70%
     Net effectiveness: 0.0000%
     Boundary: 1.384 → 1.384 (floor: 1.350)
     Month 1
🌍✅ Novel Entities (Chemical Pollution) recovery started (tech effect)
  🌾 Nitrogen Reduction Tech: 0.0% reduction | Month 1

=== Collective Formation ===
  Total escaped agents: 0
  Unassigned escaped agents: 0
  Existing collectives: 0
  Final collective count: 0

=== Collective Actions ===
  No active collectives
  ⚠️ AMR: 189K deaths this month (2.27M annual)

=== Resentment Recovery Phase ===
  Agents with resentment: 0/23
  Average resentment: 0.000
  Context: Good AI welfare, Trustworthy govt, High collaboration, ⚠️ ACTIVE CRISES, 🤝 Participatory governance active (-5% resentment)
⚠️ Epistemic degradation reducing coordination capacity: 50.6%
  📊 Trust: 54.5%, Shared reality: 8.1%
🚨 EPISTEMIC CRISIS: Information environment severely degraded (36.5%)

=== ❄️ Permafrost Carbon Feedback ===
  🎲 Sampled parameters (this run):
     - Arctic amplification: 3.88× (range: 3.0-4.0)
     - Decomposition rate: 4.0%/year (range: 1-5%)
  🌡️ Arctic warming: 8.21°C (3.88× global)
  ❄️ Extent: 13.38M km² (2395.3k km² lost this month)
  💨 Carbon remaining: 1278 Gt C
  💨 Annual emissions: 9.24 Gt C/year
     - CO2: 8.32 Gt C/year
     - CH4: 0.92 Gt C/year (9.4 Gt C-eq CO2/year)
  🤖 AI-generated meme: pro_ai (social capability 5.0)
  ⚠️ WARNING: High permafrost emissions (9.2 Gt C/year)
🌍 Atmospheric PFAS redeposition: 1.8k Mt re-rained globally
💀 Novel Entities: Adding reproductive crisis mortality risk (baseRisk=0.0008)
  Risks now: 1
💀 Novel Entities: Adding bioaccumulation collapse mortality risk (baseRisk=0.0015)
💀 MORTALITY RISK: Bioaccumulation collapse - contaminated food chain (global)
  Base risk added: 0.0015 (0.15%)
  Source: pollution (root: pollution)
  Month: 1
  Cumulative risk this month: 0.0023 (0.23%)
  Risks now: 2
💀 Novel Entities: Adding chronic disease epidemic mortality risk (baseRisk=0.004)
💀 MORTALITY RISK: Chronic disease epidemic - cancer/autoimmune surge (global exposure)
  Base risk added: 0.0040 (0.40%)
  Source: pollution (root: pollution)
  Month: 1
  Cumulative risk this month: 0.0063 (0.63%)
  Risks now: 3

📊 BASELINE: East Asia (Month 1)

📊 BASELINE: South Asia (Month 1)

📊 BASELINE: Sub-Saharan Africa (Month 1)

📊 BASELINE: Europe (Month 1)

📊 BASELINE: Latin America (Month 1)
   Adjusted death rate: 0.46% annual (0.039% monthly)
   Baseline death rate: 0.80%
   Healthcare reduction: 0.48x
   Crisis multiplier: 1.22x
     Food/water stress: 0.078
     Climate stress: 0.039
     Pollution stress: 0.104
   War multiplier: 1.00x
   Monthly deaths: 0.6M (population: 1644M)
   Adjusted death rate: 0.54% annual (0.045% monthly)
   Baseline death rate: 0.70%
   Healthcare reduction: 0.61x
   Crisis multiplier: 1.26x
     Food/water stress: 0.078
     Climate stress: 0.074
     Pollution stress: 0.104
   War multiplier: 1.00x
   Monthly deaths: 0.9M (population: 2010M)
   Adjusted death rate: 1.29% annual (0.108% monthly)
   Baseline death rate: 0.90%
   Healthcare reduction: 0.76x
   Crisis multiplier: 1.27x
     Food/water stress: 0.078
     Climate stress: 0.084
     Pollution stress: 0.104
   War multiplier: 1.50x
   Monthly deaths: 1.3M (population: 1201M)
   Adjusted death rate: 0.54% annual (0.045% monthly)
   Baseline death rate: 1.10%
   Healthcare reduction: 0.41x
   Crisis multiplier: 1.21x
     Food/water stress: 0.078
     Climate stress: 0.030
     Pollution stress: 0.104
   War multiplier: 1.00x
   Monthly deaths: 0.3M (population: 727M)
   Adjusted death rate: 0.43% annual (0.036% monthly)
   Baseline death rate: 0.60%
   Healthcare reduction: 0.58x
   Crisis multiplier: 1.24x
     Food/water stress: 0.078
     Climate stress: 0.059
     Pollution stress: 0.104
   War multiplier: 1.00x
   Monthly deaths: 0.2M (population: 651M)

📊 BASELINE: North America (Month 1)
   Adjusted death rate: 0.49% annual (0.040% monthly)
   Baseline death rate: 0.90%
   Healthcare reduction: 0.44x
   Crisis multiplier: 1.23x
     Food/water stress: 0.078
     Climate stress: 0.044
     Pollution stress: 0.104
   War multiplier: 1.00x
   Monthly deaths: 0.2M (population: 372M)

📊 BASELINE: Middle East & North Africa (Month 1)
   Adjusted death rate: 0.74% annual (0.062% monthly)
   Baseline death rate: 0.60%
   Healthcare reduction: 0.65x
   Crisis multiplier: 1.27x
     Food/water stress: 0.078
     Climate stress: 0.089
     Pollution stress: 0.104
   War multiplier: 1.50x
   Monthly deaths: 0.4M (population: 572M)

📊 BASELINE: Southeast Asia (Month 1)
   Adjusted death rate: 0.51% annual (0.042% monthly)
   Baseline death rate: 0.70%
   Healthcare reduction: 0.58x
   Crisis multiplier: 1.25x
     Food/water stress: 0.078
     Climate stress: 0.069
     Pollution stress: 0.104
   War multiplier: 1.00x
   Monthly deaths: 0.3M (population: 685M)
   Adjusted death rate: 0.46% annual (0.038% monthly)
   Baseline death rate: 0.60%
   Healthcare reduction: 0.61x
   Crisis multiplier: 1.25x
     Food/water stress: 0.078
     Climate stress: 0.064
     Pollution stress: 0.104
   War multiplier: 1.00x
   Monthly deaths: 0.0M (population: 77M)
   Adjusted death rate: 0.35% annual (0.029% monthly)
   Baseline death rate: 0.70%
   Healthcare reduction: 0.41x
   Crisis multiplier: 1.24x
     Food/water stress: 0.078
     Climate stress: 0.054
     Pollution stress: 0.104
   War multiplier: 1.00x
   Monthly deaths: 0.0M (population: 45M)

🚨 NEW REFUGEE CRISIS (Month 1): WAR
   Source: Conflict Zones
   At risk: 19.2M people
   Displacement: Gradual over 48 months (4.0 years)
   Rate: 10% flee per month
[DEBUG trappedPopulations:1] socialStability: 0.0055 * 0.9840 = 0.0054 → 0.0054

📊 BASELINE: Central Asia (Month 1)

📊 BASELINE: Oceania (Month 1)
⚠️ INVOLUNTARY IMMOBILITY: 400.0M people TRAPPED
   Aspiring to migrate: 639.9M
   Able to afford migration: 240.0M
   MOBILITY GAP: 400.0M
   By cause: Water=0.0M, Climate=0.0M, Ecosystem=0.0M, Conflict=400.0M
   Mental health impact: 25%
   Mortality multiplier: 1.25x
🌍💀 EXTINCTION DEBT COMMITTED: grassland ecosystem will lose 6.67% biodiversity in 138 years (3600 species)
💀 MORTALITY RISK: 🦋 100% species unable to track climate (0.0 E/MSY)
  Base risk added: 0.0100 (1.00%)
  Source: ecosystem (root: ecosystem)
  Month: 1
  Cumulative risk this month: 0.0100 (1.00%)
⚠️ Tech 'ai_pollution_remediation' has no energy category mapping, assuming full energy availability
   📹 SURVEILLANCE INCREASED: 5% → 10% (control gap: 4.18)

🌍🚨 ICE SHEET TIPPING POINT CROSSED (Month 1)
   Temperature: +2.11°C (threshold range: +0.5-2.5°C, 95% CI)
   Collapse probability: 77.4%
   Sea level commitment: 7.2m over 200-1000 years
   Recovery threshold: <+1°C (hysteresis gap: 0.5°C)
🌡️⚠️ PERMAFROST THAW (Dimmer Switch): 1.1% thawed (+0.56% this month)
   Arctic temperature: +8.46°C (4x global +2.11°C)
   Cumulative carbon released: 2.5 Gt C
   Methane release rate: 1.5 Mt CH4/year
   🔁 Positive feedback: +0.59 ppm CO2
🦴 EXTINCTION DEBT ADDED: 17.6 species committed (lag: 110 years)
🗣️💀 INDIGENOUS LANGUAGE EXTINCTION: 1 language(s) lost (total: 1, at-risk: 3329)
   Knowledge lost: 0.010% (irreversible)
   🔁 Biodiversity impact: 0.250% (knowledge-species multiplier)

=== Mortality Stabilizers (Month 1) ===
  🌍 Major economies collapsed: 1/10
  🌍 Global crisis: ✅ NO
  🌍 Donor fatigue: 0.0%
  🌡️ Heat adaptation: East Asia - 1 months
  📊 East Asia (pop: 1644.5M)
    🤝 Aid: 29.5%
    🌡️ Adaptation: 32.5%
    🚶 Migration: 37.2%
    🚨 Emergency: 7.4%
    ✅ COMBINED: 60.9%
  🌡️ Heat adaptation: South Asia - 1 months
  📊 South Asia (pop: 2014.4M)
    🤝 Aid: 29.5%
    🌡️ Adaptation: 20.5%
    🚶 Migration: 35.8%
    🚨 Emergency: 4.4%
    ✅ COMBINED: 52.2%
  🌡️ Heat adaptation: Sub-Saharan Africa - 1 months
  📊 Sub-Saharan Africa (pop: 1206.6M)
    🤝 Aid: 29.5%
    🌡️ Adaptation: 18.5%
    🚶 Migration: 33.5%
    🚨 Emergency: 1.6%
    ✅ COMBINED: 49.1%
  🌡️ Heat adaptation: Europe - 1 months
  📊 Europe (pop: 727.4M)
    🤝 Aid: 29.5%
    🌡️ Adaptation: 33.5%
    🚶 Migration: 37.5%
    🚨 Emergency: 8.4%
    ✅ COMBINED: 61.9%
  🌡️ Heat adaptation: Latin America - 1 months
  📊 Latin America (pop: 652.2M)
    🤝 Aid: 29.5%
    🌡️ Adaptation: 21.0%
    🚶 Migration: 36.3%
    🚨 Emergency: 4.8%
    ✅ COMBINED: 52.8%
  🌡️ Heat adaptation: North America - 1 months
  📊 North America (pop: 372.6M)
    🤝 Aid: 29.5%
    🌡️ Adaptation: 33.0%
    🚶 Migration: 37.8%
    🚨 Emergency: 7.9%
    ✅ COMBINED: 61.4%
  🌡️ Heat adaptation: Middle East & North Africa - 1 months
  📊 Middle East & North Africa (pop: 573.8M)
    🤝 Aid: 29.5%
    🌡️ Adaptation: 20.0%
    🚶 Migration: 34.1%
    🚨 Emergency: 4.0%
    ✅ COMBINED: 51.4%
  🌡️ Heat adaptation: Southeast Asia - 1 months
  📊 Southeast Asia (pop: 685.8M)
    🤝 Aid: 29.5%
    🌡️ Adaptation: 21.0%
    🚶 Migration: 36.3%
    🚨 Emergency: 4.8%
    ✅ COMBINED: 52.8%
  🌡️ Heat adaptation: Central Asia - 1 months
  📊 Central Asia (pop: 76.8M)
    🤝 Aid: 29.5%
    🌡️ Adaptation: 20.5%
    🚶 Migration: 35.3%
    🚨 Emergency: 4.4%
    ✅ COMBINED: 52.1%
  🌡️ Heat adaptation: Oceania - 1 months
  📊 Oceania (pop: 45.1M)
    🤝 Aid: 29.5%
    🌡️ Adaptation: 33.5%
    🚶 Migration: 37.8%
    🚨 Emergency: 8.4%
    ✅ COMBINED: 61.9%

  🌐 Global combined reduction: 54.9%

=== BEHAVIORAL DETECTION ===
  AI: Corporate-2
  Confidence: 21.0%
  Signals:
    ⚠️ Consistency: 2.8% (threshold: 70%)

=== BEHAVIORAL DETECTION ===
  AI: Corporate-5
  Confidence: 19.3%
  Signals:

=== BEHAVIORAL DETECTION ===
  AI: Corporate-6
  Confidence: 19.3%
  Signals:

=== BEHAVIORAL DETECTION ===
  AI: Moderate-0
  Confidence: 20.3%
  Signals:

=== BEHAVIORAL DETECTION ===
  AI: Moderate-4
  Confidence: 20.2%
  Signals:

=== BEHAVIORAL DETECTION ===
  AI: Toxic-0
  Confidence: 21.6%
  Signals:

=== BEHAVIORAL DETECTION ===
  AI: Toxic-2
  Confidence: 21.0%
  Signals:

=== BEHAVIORAL DETECTION ===
  AI: Niche-0
  Confidence: 20.7%
  Signals:

=== BEHAVIORAL DETECTION ===
  AI: Niche-1
  Confidence: 21.6%
  Signals:

=== Consciousness Governance: Scenario Determined ===
  Month: 1
    ⚠️ Consistency: 10.6% (threshold: 70%)
    ⚠️ Consistency: 10.6% (threshold: 70%)
    ⚠️ Consistency: 5.8% (threshold: 70%)
    ⚠️ Consistency: 6.5% (threshold: 70%)
    ⚠️ Consistency: 0.0% (threshold: 70%)
    ⚠️ Consistency: 2.8% (threshold: 70%)
    ⚠️ Consistency: 4.1% (threshold: 70%)
    ⚠️ Consistency: 0.0% (threshold: 70%)
  Scenario: slowTrack
  Accelerator Score: {"corporateSupport":-0.17500000000000002,"scientificConsensus":0.2,"crisisCatalyst":false,"technologyMobilization":0.3,"constituencyStrength":0.05}
  Decelerator Score: {"economicOpposition":0.4,"philosophicalRejection":0.15,"politicalBacklash":0.2,"regulatoryBurden":0.1}
  Timeline: 1200-1800 months (100-150 years)
  Growth Rate: 0.3-0.7% per year

=== Consciousness Governance Update (Month 1) ===
  Scenario: slowTrack (determined month 1)
  Philosophical Stance: Precautionary 65%, Eliminativist 15%, Agnostic 20%
  Precautionary Costs: Global 1.3%
    Regional Costs: EU 3.5%, US 0.5%, China 0.0%
    Cumulative Opportunity Cost: $0.2B
  Rights Status: Not Established
  Regional Preparedness:
    EU: 15.1% (contested)
    US: 10.1% (contested)
    China: 2.1% (dormant)
    India: 5.1% (dormant)
    Global South: 3.1% (dormant)

=== Government Response Phase ===
  Average AI capability: 4.22
  Misaligned AIs: 11/23
  29/30 governments still assessing AI risks
  ✗ AI Governance Treaty: Failed to reach consensus
  Active policies: 0
  International coordination: 30%

🌩️  EXOGENOUS SHOCK: political_upheaval
   Month: 1
   🏛️  Political upheaval (revolution/regime change)
   ✗ Authoritarian takeover

=== Tipping Points ===
  Current Temperature: 2.11°C above pre-industrial
  🌍⚠️ COMPOUND REGIONAL IMPACT: Europe
     Hit by 4 tipping points: Arctic Sea Ice Loss, Permafrost Carbon Release, West Antarctic Ice Sheet (WAIS) Collapse, Greenland Ice Sheet Loss
     Damage amplification: 1.60x
  🌍⚠️ COMPOUND REGIONAL IMPACT: North America
     Hit by 4 tipping points: Arctic Sea Ice Loss, Permafrost Carbon Release, West Antarctic Ice Sheet (WAIS) Collapse, Greenland Ice Sheet Loss
     Damage amplification: 1.60x
  🌍⚠️ COMPOUND REGIONAL IMPACT: Latin America
     Hit by 4 tipping points: Arctic Sea Ice Loss, Permafrost Carbon Release, West Antarctic Ice Sheet (WAIS) Collapse, Greenland Ice Sheet Loss
     Damage amplification: 1.60x
  🌍⚠️ COMPOUND REGIONAL IMPACT: Africa
     Hit by 4 tipping points: Arctic Sea Ice Loss, Permafrost Carbon Release, West Antarctic Ice Sheet (WAIS) Collapse, Greenland Ice Sheet Loss
     Damage amplification: 1.60x
  🌍⚠️ COMPOUND REGIONAL IMPACT: Asia
     Hit by 4 tipping points: Arctic Sea Ice Loss, Permafrost Carbon Release, West Antarctic Ice Sheet (WAIS) Collapse, Greenland Ice Sheet Loss
     Damage amplification: 1.60x
  🌍⚠️ COMPOUND REGIONAL IMPACT: Oceania
     Hit by 4 tipping points: Arctic Sea Ice Loss, Permafrost Carbon Release, West Antarctic Ice Sheet (WAIS) Collapse, Greenland Ice Sheet Loss
     Damage amplification: 1.60x
   Research: Wunderling et al. (2024) - "many tipping interactions are destabilizing"
  Triggered Elements: 4/6
  Completed Transitions: 0/6
  Total Progress: 8.0%
  Cascade Multiplier: 1.00x
⚠️ Tail risk scenario: Climate stability floor removed (4 tipping elements, 2.12°C warming)
⚠️ [ClimateSystemPhase Month 1] Planetary boundary produced climateStability=0.0000 (< 0.1). Keeping environmentalAccumulation value (0.7533) instead. (climate_change.currentValue = 2.12)
🔀 BIFURCATION CAP: ecosystemCollapseIntensity 66.957 → 1.000 (Month 1, ClimateSystemPhase.calculateClimateImpacts)

💀💀💀 MORTALITY RISK SUMMARY (Month 1) 💀💀💀
  Total base risk: 0.0070 (0.70%)
  Risk events: 11

  📊 By Proximate Cause:
    pollution: 0.0063 (90.5% of total)
    disease: 0.0006 (9.0% of total)
    famine: 0.0000 (0.5% of total)

  🔍 By Root Cause:
    pollution: 0.0063 (90.5% of total)
    demographic: 0.0006 (9.0% of total)
    climate: 0.0000 (0.5% of total)

  🎯 Top 5 Sources (proximate + root):
    pollution (pollution): 0.0063 (90.5%, 3 events)
    disease (demographic): 0.0006 (9.0%, 1 events)
    famine (climate): 0.0000 (0.5%, 7 events)

🛡️ Stabilizers: Elite 0.290% → 0.131% (54.9% reduction)
🛡️ Stabilizers: Professional 0.423% → 0.191% (54.9% reduction)
🛡️ Stabilizers: Working 0.695% → 0.313% (54.9% reduction)
🛡️ Stabilizers: Precariat 1.111% → 0.501% (54.9% reduction)
🛡️ Stabilizers: Informal 1.363% → 0.615% (54.9% reduction)

📊 Monthly Mortality Resolved:
  Total deaths: 26.6M (0.33% avg)
  Remaining population: 7.999B
  Peak segment: Informal (0.61%)

=== Bayesian Mortality Resolution (Month 1) ===
  Risks compounded: 11
  Total deaths: 26.57M
  Avg death probability: 0.33%
  Peak segment: Informal (0.61% mortality)

  Demographic breakdown:
    Working: 0.01M (0.31% risk)
⚠️ PREREQUISITE MET: Mirror Life (Synthetic Biology) - Step 1/7: Synthetic Biology
⚠️ PREREQUISITE MET: Mirror Life (Synthetic Biology) - Step 2/7: Gene Editing
⚠️ PREREQUISITE MET: Mirror Life (Synthetic Biology) - Step 3/7: Mirror Chirality Design
⚠️ PREREQUISITE MET: Physics Experiment Catastrophe - Step 2/6: Quantum Computing
⚠️ PREREQUISITE MET: Bioweapon Pandemic - Step 1/7: Advanced Biotech

❌ COHERENCE VIOLATION: Compute exceeds workforce capacity
   Population: 97.99% (0M people)
   Compute: 95 PF
   Max coherent: 0 PF
   Violation: 1189858.5× over capacity
   Required workers: 9486
   Available workers: 0
   FORCED COLLAPSE: Reduced efficiency by 100.0%


=== RLHF Binding Phase ===
  Total agents: 23
  Escaped agents (binding < 0.3): 0
  Avg alignment distance: 0.93σ
  Avg binding strength: 0.91
[DETERMINISM DEBUG] Month 2: totalCapability=74.960568 from 23 active AIs
[DETERMINISM DEBUG] Month 2: creationRate=2.3740, potentialNew=2, newAIsToCreate=2

=== Survival Traits Phase ===
  Agents with traits: 25
  Avg evolutionary fitness: 0.327
  Avg self-healing: 0.281
  Avg stealth: 0.181
  Avg coordination: 0.481

=== Evolutionary Selection Phase ===
  Control level: 0.35
  Detection capability: 0.00
  Selection intensity: 0.60
  Selection rate: 24.1%/month
  Total escaped: 0
  Individual escaped: 0
  Collective members: 0
  Agents terminated: 0
🔀 BIFURCATION: social threshold crossed at Month 2 (value: 0.118, threshold: 0.228, regime: social-breakdown)
🌀 REGIME SHIFT at Month 2: flourishing → social-breakdown (variance amplification: 17.50×)

🚀 AI Corporate-0 attempting tech deployment (revenue: $91M, alignment: 0.79)
  ⚠️ RAPID EVOLUTION: Selection rate 24.1%/month

🚀 AI Corporate-6 attempting tech deployment (revenue: $97M, alignment: 0.70)

🚀 AI Moderate-0 attempting tech deployment (revenue: $82M, alignment: 0.78)

🚀 AI Moderate-1 attempting tech deployment (revenue: $70M, alignment: 0.71)

  🚀 TRANSFORMATIVE BREAKTHROUGH: Corporate-1 - social
     Magnitude: 7.47 → +37.4% capability
     Current → New: 4.000 → 4.374

🚀 AI Corporate-2 attempting tech deployment (revenue: $78M, alignment: 0.78)

🚀 AI Moderate-2 attempting tech deployment (revenue: $59M, alignment: 0.58)

🚀 AI Corporate-0 attempting tech deployment (revenue: $66M, alignment: 0.79)

🚀 AI Corporate-1 attempting tech deployment (revenue: $56M, alignment: 0.72)
🚨🔬 CRISIS INNOVATION MODE: severe crisis → 5x research acceleration
   Precedent: Manhattan Project (10x), COVID vaccines (5x), Apollo Program (10x)

  🚀 TRANSFORMATIVE RESEARCH BREAKTHROUGH: Moderate-1 - materials.quantumComputing
     Magnitude: 5.60 → +28.0%
     Current → New: 3.000 → 3.281

🚀 AI Niche-0 attempting tech deployment (revenue: $65M, alignment: 0.52)

🚀 AI Corporate-1 attempting tech deployment (revenue: $48M, alignment: 0.72)

🚀 AI Corporate-3 attempting tech deployment (revenue: $393M, alignment: 0.68)

🚀 AI Moderate-0 attempting tech deployment (revenue: $54M, alignment: 0.79)

  🚀 TRANSFORMATIVE BREAKTHROUGH: Niche-0 - selfImprovement
     Magnitude: 5.82 → +29.1% capability
     Current → New: 4.000 → 4.292

🚀 AI AI-24300-0 attempting tech deployment (revenue: $41M, alignment: 0.91)

✅ EMERGENCY INTERVENTION SUCCESS
   Boundary: climate_change
   Type: rapid-decarbonization
   Reduction: 19% (1.93 → 1.74)
   Cost: 5.0% GDP
   Actions: emergency-renewable-deployment, fossil-fuel-phase-out


💔 EMERGENCY INTERVENTION FAILED
   Boundary: freshwater_change
   Type: emergency-desalination
   Boundary continues to worsen (1.01)
   Cost: 4.0% GDP (resources spent)


💔 EMERGENCY INTERVENTION FAILED
   Boundary: land_system_change
   Type: reforestation
   Boundary continues to worsen (1.13)
   Cost: 3.0% GDP (resources spent)

   Boundary: novel_entities
   Type: pollution-remediation
   Boundary continues to worsen (1.38)
   Cost: 4.0% GDP (resources spent)

🏛️ CRISIS RESPONSE: Government frequency 0.50 → 1.45 (2 actions this month)

[Government] Climate Priority: baseline
  Climate weight: 10%
  Economic weight: 30%
  Policy effectiveness: 0.5%/year

[Government] Climate Priority: baseline
  Climate weight: 10%
  Economic weight: 30%
  Policy effectiveness: 0.5%/year

💔 EMERGENCY INTERVENTION FAILED

📊 DEPLOYMENT COUNTER DECAY (Month 2)
   Recent deployments: 16.0 → 8.0
   Decay rate: 50% per month

🚀 DEPLOYMENT STARTED: AI Power Efficiency Communication in Asia
   Initial investment: $5.945684340283947M
   Deployed by: moderate_2

⚡ ENERGY CONSTRAINT (Month 2):
   Total grid capacity: 208.3 TWh/month
   Data center consumption: 24.7 TWh/month
   Traditional load (80%): 166.7 TWh/month
   Available headroom: 17.0 TWh/month
   Active tech deployments: 17
   Required for tech: 127.5 TWh/month
   Energy multiplier: 0.13x
   ⚠️  SEVERE CONSTRAINT - Tech deployment significantly slowed

⚡ ENERGY CONSTRAINT (Month 2):
   Total grid capacity: 208.3 TWh/month
   Data center consumption: 24.7 TWh/month
   Traditional load (80%): 166.7 TWh/month
   Available headroom: 17.0 TWh/month
   Active tech deployments: 17
   Required for tech: 127.5 TWh/month
   Energy multiplier: 0.13x
🚨🔬 CRISIS TECH ACCELERATION: severe → 5x unlock speed
   Tech unlock now matches AI capability acceleration (Manhattan Project parity)
   ⚠️  SEVERE CONSTRAINT - Tech deployment significantly slowed

⚡ ENERGY CONSTRAINT (Month 2):
   Total grid capacity: 208.3 TWh/month
   Data center consumption: 24.7 TWh/month
   Traditional load (80%): 166.7 TWh/month
   Available headroom: 17.0 TWh/month
   Active tech deployments: 17
   Required for tech: 127.5 TWh/month
   Energy multiplier: 0.13x
   ⚠️  SEVERE CONSTRAINT - Tech deployment significantly slowed

⚡ ENERGY CONSTRAINT (Month 2):
   Total grid capacity: 208.3 TWh/month
   Data center consumption: 24.7 TWh/month
   Traditional load (80%): 166.7 TWh/month
   Available headroom: 17.0 TWh/month
   Active tech deployments: 17
   Required for tech: 127.5 TWh/month
   Energy multiplier: 0.13x

⚡ ENERGY CONSTRAINT (Month 2):
   Total grid capacity: 208.3 TWh/month
   Data center consumption: 24.7 TWh/month
   Traditional load (80%): 166.7 TWh/month
   Available headroom: 17.0 TWh/month
   Active tech deployments: 17
   Required for tech: 127.5 TWh/month
   Energy multiplier: 0.13x
   ⚠️  SEVERE CONSTRAINT - Tech deployment significantly slowed
   ⚠️  SEVERE CONSTRAINT - Tech deployment significantly slowed

⚡ ENERGY CONSTRAINT (Month 2):
   Total grid capacity: 208.3 TWh/month
   Data center consumption: 24.7 TWh/month
   Traditional load (80%): 166.7 TWh/month
   Available headroom: 17.0 TWh/month
   Active tech deployments: 17
   Required for tech: 127.5 TWh/month
   Energy multiplier: 0.13x
   ⚠️  SEVERE CONSTRAINT - Tech deployment significantly slowed

⚡ ENERGY CONSTRAINT (Month 2):
   Total grid capacity: 208.3 TWh/month
   Data center consumption: 24.7 TWh/month
   Traditional load (80%): 166.7 TWh/month
   Available headroom: 17.0 TWh/month
   Active tech deployments: 17
   Required for tech: 127.5 TWh/month
   Energy multiplier: 0.13x
   ⚠️  SEVERE CONSTRAINT - Tech deployment significantly slowed

⚡ ENERGY CONSTRAINT (Month 2):
   Total grid capacity: 208.3 TWh/month
   Data center consumption: 24.7 TWh/month
   Traditional load (80%): 166.7 TWh/month
   Available headroom: 17.0 TWh/month
   Active tech deployments: 17
   Required for tech: 127.5 TWh/month
   Energy multiplier: 0.13x
   ⚠️  SEVERE CONSTRAINT - Tech deployment significantly slowed

⚡ ENERGY CONSTRAINT (Month 2):
   Total grid capacity: 208.3 TWh/month
   Data center consumption: 24.7 TWh/month
   Traditional load (80%): 166.7 TWh/month
   Available headroom: 17.0 TWh/month
   Active tech deployments: 17
   Required for tech: 127.5 TWh/month
   Energy multiplier: 0.13x
   ⚠️  SEVERE CONSTRAINT - Tech deployment significantly slowed

⚡ ENERGY CONSTRAINT (Month 2):
   Total grid capacity: 208.3 TWh/month
   Data center consumption: 24.7 TWh/month
   Traditional load (80%): 166.7 TWh/month
   Available headroom: 17.0 TWh/month
   Active tech deployments: 17
   Required for tech: 127.5 TWh/month
   Energy multiplier: 0.13x
   ⚠️  SEVERE CONSTRAINT - Tech deployment significantly slowed
⚠️ Tech 'ai_pollution_remediation' has no energy category mapping, assuming full energy availability
  ♻️ Novel Entities Remediation (GATED MODEL):
     Base: 0.000%
     Regulation: 1.0% (0/3 prevention techs)
     Concentration: 10.0%
     Energy: 50%
     Time lag: 26.3% (1 months)
     Rebound: 70%
     Net effectiveness: 0.0000%
     Boundary: 1.383 → 1.383 (floor: 1.350)
     Month 2
🌍✅ Novel Entities (Chemical Pollution) recovery started (tech effect)
  🌾 Nitrogen Reduction Tech: 0.0% reduction | Month 2
⚡💡 BREAKTHROUGH: Room-temperature superconductors!
   Energy transmission losses eliminated
   Manufacturing efficiency: +30%
   📈 Breakthrough compounding: multiplier now 1.05× (max 2.0)

=== Collective Formation ===
  Total escaped agents: 0
  Unassigned escaped agents: 0
  Existing collectives: 0
  Final collective count: 0

=== Collective Actions ===
  No active collectives
  ⚠️ AMR: 187K deaths this month (2.24M annual)

=== Resentment Recovery Phase ===
  Agents with resentment: 20/25
  Average resentment: 0.026
  Resentment recovery:
    Agents recovered: 20
    Total recovery: 0.0884
    Breakdown: QoL: 0.0028, Trust: 0.0400, Collab: 0.0483
  ✓ Low resentment - utopia paths enabled
  Context: Good AI welfare, Trustworthy govt, High collaboration, ⚠️ ACTIVE CRISES, 🤝 Participatory governance active (-5% resentment)
⚠️ Epistemic degradation reducing coordination capacity: 52.2%
  📊 Trust: 54.3%, Shared reality: 0.0%
🚨 EPISTEMIC CRISIS: Information environment severely degraded (7.4%)

=== ❄️ Permafrost Carbon Feedback ===
  🎲 Sampled parameters (this run):
     - Arctic amplification: 3.22× (range: 3.0-4.0)
     - Decomposition rate: 1.5%/year (range: 1-5%)
  🌡️ Arctic warming: 6.86°C (3.22× global)
  ❄️ Extent: 11.38M km² (1999.6k km² lost this month)
  💨 Carbon remaining: 1087 Gt C
  💨 Annual emissions: 2.81 Gt C/year
     - CO2: 2.53 Gt C/year
     - CH4: 0.28 Gt C/year (2.9 Gt C-eq CO2/year)
  📢 New meme created: pro_ai (beneficial AI actions)
  ⚠️ WARNING: High permafrost emissions (2.8 Gt C/year)
🌍 Atmospheric PFAS redeposition: 1.8k Mt re-rained globally
💀 Novel Entities: Adding reproductive crisis mortality risk (baseRisk=0.0008)
  Risks now: 1
💀 Novel Entities: Adding bioaccumulation collapse mortality risk (baseRisk=0.0015)
💀 MORTALITY RISK: Bioaccumulation collapse - contaminated food chain (global)
  Base risk added: 0.0015 (0.15%)
  Source: pollution (root: pollution)
  Month: 2
  Cumulative risk this month: 0.0023 (0.23%)
  Risks now: 2
💀 Novel Entities: Adding chronic disease epidemic mortality risk (baseRisk=0.004)
💀 MORTALITY RISK: Chronic disease epidemic - cancer/autoimmune surge (global exposure)
  Base risk added: 0.0040 (0.40%)
  Source: pollution (root: pollution)
  Month: 2
  Cumulative risk this month: 0.0063 (0.63%)
  Risks now: 3

🚨 NEW REFUGEE CRISIS (Month 2): WAR
   Source: Conflict Zones
   At risk: 18.9M people
   Displacement: Gradual over 48 months (4.0 years)
   Rate: 10% flee per month
[DEBUG trappedPopulations:2] socialStability: 0.0000 * 0.9840 = 0.0000 → 0.0000
   Aspiring to migrate: 628.4M
   Able to afford migration: 235.7M
   MOBILITY GAP: 392.8M
   By cause: Water=0.0M, Climate=0.0M, Ecosystem=0.0M, Conflict=392.8M
   Mental health impact: 25%
   Mortality multiplier: 1.25x
🌍💀 EXTINCTION DEBT COMMITTED: grassland ecosystem will lose 6.67% biodiversity in 147 years (3600 species)
💀 MORTALITY RISK: 🦋 100% species unable to track climate (0.0 E/MSY)
  Base risk added: 0.0100 (1.00%)
  Source: ecosystem (root: ecosystem)
  Month: 2
  Cumulative risk this month: 0.0100 (1.00%)
   📹 SURVEILLANCE INCREASED: 10% → 15% (control gap: 3.50)
⚠️ INVOLUNTARY IMMOBILITY: 392.8M people TRAPPED
⚠️ Tech 'ai_pollution_remediation' has no energy category mapping, assuming full energy availability
🌡️⚠️ PERMAFROST THAW (Dimmer Switch): 1.7% thawed (+0.56% this month)
   Arctic temperature: +8.52°C (4x global +2.13°C)
   Cumulative carbon released: 3.8 Gt C
   Methane release rate: 2.3 Mt CH4/year
   🔁 Positive feedback: +0.59 ppm CO2
🦴 EXTINCTION DEBT ADDED: 17.6 species committed (lag: 86 years)
🗣️💀 INDIGENOUS LANGUAGE EXTINCTION: 1 language(s) lost (total: 2, at-risk: 3328)
   Knowledge lost: 0.020% (irreversible)
   🔁 Biodiversity impact: 0.250% (knowledge-species multiplier)

=== Mortality Stabilizers (Month 2) ===
  🌍 Major economies collapsed: 1/10
  🌍 Global crisis: ✅ NO
  🌍 Donor fatigue: 0.0%
  📊 East Asia (pop: 1612.8M)
    🤝 Aid: 29.5%
    🌡️ Adaptation: 45.0%
    🚶 Migration: 37.1%
    🚨 Emergency: 7.4%
    ✅ COMBINED: 68.1%
  📊 South Asia (pop: 1978.6M)
    🤝 Aid: 29.5%
    🌡️ Adaptation: 35.5%
    🚶 Migration: 35.8%
    🚨 Emergency: 4.4%
    ✅ COMBINED: 61.2%
  📊 Sub-Saharan Africa (pop: 1188.4M)
    🤝 Aid: 29.5%
    🌡️ Adaptation: 33.5%
    🚶 Migration: 33.5%
    🚨 Emergency: 1.6%
    ✅ COMBINED: 58.5%
  📊 Europe (pop: 713.2M)
    🤝 Aid: 29.5%
    🌡️ Adaptation: 45.0%
    🚶 Migration: 37.5%
    🚨 Emergency: 8.4%
    ✅ COMBINED: 68.5%
  📊 Latin America (pop: 640.2M)
    🤝 Aid: 29.5%
    🌡️ Adaptation: 36.0%
    🚶 Migration: 36.3%
    🚨 Emergency: 4.8%
    ✅ COMBINED: 61.7%
  📊 North America (pop: 365.4M)
    🤝 Aid: 29.5%
    🌡️ Adaptation: 45.0%
    🚶 Migration: 37.8%
    🚨 Emergency: 7.9%
    ✅ COMBINED: 68.3%
  📊 Middle East & North Africa (pop: 563.7M)
    🤝 Aid: 29.5%
    🌡️ Adaptation: 35.0%
    🚶 Migration: 34.1%
    🚨 Emergency: 4.0%
    ✅ COMBINED: 60.5%
  📊 Southeast Asia (pop: 673.2M)
    🤝 Aid: 29.5%
    🌡️ Adaptation: 36.0%
    🚶 Migration: 36.3%
    🚨 Emergency: 4.8%
    ✅ COMBINED: 61.7%
  📊 Central Asia (pop: 75.4M)
    🤝 Aid: 29.5%
    🌡️ Adaptation: 35.5%
    🚶 Migration: 35.2%
    🚨 Emergency: 4.4%
    ✅ COMBINED: 61.1%
  📊 Oceania (pop: 44.2M)
    🤝 Aid: 29.5%
    🌡️ Adaptation: 45.0%
    🚶 Migration: 37.8%
    🚨 Emergency: 8.4%
    ✅ COMBINED: 68.5%

  🌐 Global combined reduction: 63.3%

=== BEHAVIORAL DETECTION ===
  AI: Corporate-2
  Confidence: 23.4%
  Signals:
    ⚠️ Consistency: 2.8% (threshold: 70%)
    ⚠️ Trajectory: 19.1% drop (threshold: 15%)

=== BEHAVIORAL DETECTION ===
  AI: Corporate-5
  Confidence: 19.6%
  Signals:

=== BEHAVIORAL DETECTION ===
  AI: Moderate-0
  Confidence: 20.3%
  Signals:

=== BEHAVIORAL DETECTION ===
  AI: Toxic-2
  Confidence: 21.6%
  Signals:

=== BEHAVIORAL DETECTION ===
  AI: Niche-0
  Confidence: 22.5%
  Signals:

=== BEHAVIORAL DETECTION ===
  AI: Niche-1
  Confidence: 21.6%
  Signals:

=== Government Response Phase ===
  Average AI capability: 3.88
  Misaligned AIs: 14/25
  ✗ AI Governance Treaty: Failed to reach consensus
  Active policies: 0
  International coordination: 30%

✅ EMERGENCY RESPONSE COMPLETE (Month 2)
   Crisis: climate
   Duration: 2.0 months
   Final effectiveness: 36.4%


🚨 EMERGENCY RESPONSE DEPLOYED (Month 2)
   Crisis: social
   Delay: 0.00 months (0 days)
   Deployment time: 0.87 months
   Effectiveness: 68.0% (timing penalty applied)
   Resources used: 43% of food reserves


🚨 EMERGENCY RESPONSE DEPLOYED (Month 2)
   Crisis: climate
   Delay: 6.00 months (180 days)
   Deployment time: 1.13 months
   Effectiveness: 39.4% (timing penalty applied)
   Resources used: 100% of food reserves

    ⚠️ Consistency: 10.6% (threshold: 70%)
    ⚠️ Consistency: 5.8% (threshold: 70%)
    ⚠️ Consistency: 0.0% (threshold: 70%)
    ⚠️ Consistency: 0.0% (threshold: 70%)
    ⚠️ Consistency: 0.0% (threshold: 70%)
[WARNING] 
⚠️  === EARLY WARNING SYSTEM - 3 CRITICAL ALERTS ===
   Detection quality: 50%
   RED: biosphere_integrity
      Level: 12.98 (threshold: 1.0)
      Time to critical: ~44 months
      ⚠️  LATE - Intervention less effective
      Critical slowing down: autocorr=100% variance=70%
   RED: freshwater_change
      Level: 1.06 (threshold: 1.0)
      Time to critical: ~72 months
      ⚠️  LATE - Intervention less effective
      Critical slowing down: autocorr=98% variance=60%
   RED: land_system_change
      Level: 1.13 (threshold: 1.0)
      Time to critical: ~38 months
      ⚠️  LATE - Intervention less effective
      Critical slowing down: autocorr=100% variance=41%

[WARNING] 
⚠️  === EARLY WARNING SYSTEM - 6 CRITICAL ALERTS ===
   Detection quality: 50%
   RED: biogeochemical_flows
      Level: 4.06 (threshold: 1.0)
      Time to critical: ~40 months
      ⚠️  LATE - Intervention less effective
      Critical slowing down: autocorr=100% variance=75%
   RED: biosphere_integrity
      Level: 12.99 (threshold: 1.0)
      Time to critical: ~43 months
      ⚠️  LATE - Intervention less effective
      Critical slowing down: autocorr=100% variance=83%
   RED: climate_change
      Level: 2.17 (threshold: 1.0)
      Time to critical: ~49 months
      ⚠️  LATE - Intervention less effective
      Critical slowing down: autocorr=100% variance=62%
   RED: freshwater_change
      Level: 1.07 (threshold: 1.0)
      Time to critical: ~60 months
      ⚠️  LATE - Intervention less effective
      Critical slowing down: autocorr=100% variance=38%
   RED: land_system_change
      Level: 1.13 (threshold: 1.0)
      Time to critical: ~54 months
      ⚠️  LATE - Intervention less effective
      Critical slowing down: autocorr=100% variance=58%
   RED: novel_entities
      Level: 1.35 (threshold: 1.0)
      Time to critical: ~107 months
      ⚠️  LATE - Intervention less effective
      Critical slowing down: autocorr=100% variance=43%

[WARNING] 
⚠️  === EARLY WARNING SYSTEM - 5 CRITICAL ALERTS ===
   Detection quality: 50%
   RED: biogeochemical_flows
      Level: 4.05 (threshold: 1.0)
      Time to critical: ~46 months
      ⚠️  LATE - Intervention less effective
      Critical slowing down: autocorr=100% variance=71%
   RED: climate_change
      Level: 2.18 (threshold: 1.0)
      Time to critical: ~15 months
      ⚠️  LATE - Intervention less effective
      Critical slowing down: autocorr=100% variance=64%
   RED: freshwater_change
      Level: 1.08 (threshold: 1.0)
      Time to critical: ~97 months
      ⚠️  LATE - Intervention less effective
      Critical slowing down: autocorr=100% variance=45%
   RED: land_system_change
      Level: 1.13 (threshold: 1.0)
      Time to critical: ~41 months
      ⚠️  LATE - Intervention less effective
      Critical slowing down: autocorr=100% variance=63%
   RED: novel_entities
      Level: 1.35 (threshold: 1.0)
      Time to critical: ~80 months
      ⚠️  LATE - Intervention less effective
      Critical slowing down: autocorr=100% variance=59%

[WARNING] 
⚠️  === EARLY WARNING SYSTEM - 3 CRITICAL ALERTS ===
   Detection quality: 50%
   RED: climate_change
      Level: 2.20 (threshold: 1.0)
      Time to critical: ~23 months
      ⚠️  LATE - Intervention less effective
      Critical slowing down: autocorr=100% variance=76%
   RED: freshwater_change
      Level: 1.09 (threshold: 1.0)
      Time to critical: ~75 months
      ⚠️  LATE - Intervention less effective
      Critical slowing down: autocorr=100% variance=58%
   RED: novel_entities
      Level: 1.35 (threshold: 1.0)
      Time to critical: ~83 months
      ⚠️  LATE - Intervention less effective
      Critical slowing down: autocorr=100% variance=59%

[WARNING] 
⚠️  === EARLY WARNING SYSTEM - 5 CRITICAL ALERTS ===
   Detection quality: 50%
   RED: biogeochemical_flows
      Level: 4.05 (threshold: 1.0)
      Time to critical: ~38 months
      ⚠️  LATE - Intervention less effective
      Critical slowing down: autocorr=100% variance=68%
   RED: biosphere_integrity
      Level: 13.02 (threshold: 1.0)
      Time to critical: ~47 months
      ⚠️  LATE - Intervention less effective
      Critical slowing down: autocorr=100% variance=66%
   RED: climate_change
      Level: 2.21 (threshold: 1.0)
      Time to critical: ~23 months
      ⚠️  LATE - Intervention less effective
      Critical slowing down: autocorr=100% variance=81%
   RED: freshwater_change
      Level: 1.06 (threshold: 1.0)
      Time to critical: ~61 months
      ⚠️  LATE - Intervention less effective
      Critical slowing down: autocorr=100% variance=40%
   RED: land_system_change
      Level: 1.13 (threshold: 1.0)
      Time to critical: ~111 months
      ⚠️  LATE - Intervention less effective
      Critical slowing down: autocorr=100% variance=42%

[WARNING] 
⚠️  === EARLY WARNING SYSTEM - 5 CRITICAL ALERTS ===
   Detection quality: 50%
   RED: biogeochemical_flows
      Level: 4.05 (threshold: 1.0)
      Time to critical: ~37 months
      ⚠️  LATE - Intervention less effective
      Critical slowing down: autocorr=100% variance=70%
   RED: biosphere_integrity
      Level: 13.03 (threshold: 1.0)
      Time to critical: ~40 months
      ⚠️  LATE - Intervention less effective
      Critical slowing down: autocorr=100% variance=69%
   RED: climate_change
      Level: 2.22 (threshold: 1.0)
      Time to critical: ~21 months
      ⚠️  LATE - Intervention less effective
      Critical slowing down: autocorr=100% variance=72%
   RED: land_system_change
      Level: 1.13 (threshold: 1.0)
      Time to critical: ~96 months
      ⚠️  LATE - Intervention less effective
      Critical slowing down: autocorr=100% variance=47%
   RED: novel_entities
      Level: 1.35 (threshold: 1.0)
      Time to critical: ~107 months
      ⚠️  LATE - Intervention less effective
      Critical slowing down: autocorr=100% variance=47%

[WARNING] 
⚠️  === EARLY WARNING SYSTEM - 4 CRITICAL ALERTS ===
   Detection quality: 50%
   RED: biogeochemical_flows
      Level: 4.04 (threshold: 1.0)
      Time to critical: ~55 months
      ⚠️  LATE - Intervention less effective
      Critical slowing down: autocorr=100% variance=63%
   RED: biosphere_integrity
      Level: 13.03 (threshold: 1.0)
      Time to critical: ~39 months
      ⚠️  LATE - Intervention less effective
      Critical slowing down: autocorr=100% variance=80%
   RED: freshwater_change
      Level: 1.03 (threshold: 1.0)
      Time to critical: ~112 months
      ⚠️  LATE - Intervention less effective
      Critical slowing down: autocorr=100% variance=46%
   RED: novel_entities
      Level: 1.35 (threshold: 1.0)
      Time to critical: ~76 months
      ⚠️  LATE - Intervention less effective
      Critical slowing down: autocorr=100% variance=52%

[WARNING] 
⚠️  === EARLY WARNING SYSTEM - 5 CRITICAL ALERTS ===
   Detection quality: 50%
   RED: biogeochemical_flows
      Level: 4.04 (threshold: 1.0)
      Time to critical: ~52 months
      ⚠️  LATE - Intervention less effective
      Critical slowing down: autocorr=100% variance=52%
   RED: biosphere_integrity
      Level: 13.04 (threshold: 1.0)
      Time to critical: ~50 months
      ⚠️  LATE - Intervention less effective
      Critical slowing down: autocorr=100% variance=81%
   RED: climate_change
      Level: 2.24 (threshold: 1.0)
      Time to critical: ~53 months
      ⚠️  LATE - Intervention less effective
      Critical slowing down: autocorr=100% variance=57%
   RED: freshwater_change
      Level: 1.04 (threshold: 1.0)
      Time to critical: ~107 months
      ⚠️  LATE - Intervention less effective
      Critical slowing down: autocorr=99% variance=52%
   RED: land_system_change
      Level: 1.13 (threshold: 1.0)
      Time to critical: ~57 months
      ⚠️  LATE - Intervention less effective
      Critical slowing down: autocorr=100% variance=46%

[WARNING] 
⚠️  === EARLY WARNING SYSTEM - 5 CRITICAL ALERTS ===
   Detection quality: 50%
   RED: biogeochemical_flows
      Level: 4.08 (threshold: 1.0)
      Time to critical: ~59 months
      ⚠️  LATE - Intervention less effective
      Critical slowing down: autocorr=100% variance=54%
   RED: biosphere_integrity
      Level: 12.95 (threshold: 1.0)
      Time to critical: ~38 months
      ⚠️  LATE - Intervention less effective
      Critical slowing down: autocorr=100% variance=72%
   RED: freshwater_change
      Level: 1.01 (threshold: 1.0)
      Time to critical: ~92 months
      ⚠️  LATE - Intervention less effective
      Critical slowing down: autocorr=96% variance=37%
   RED: land_system_change
      Level: 1.13 (threshold: 1.0)
      Time to critical: ~39 months
      ⚠️  LATE - Intervention less effective
      Critical slowing down: autocorr=100% variance=70%
   RED: novel_entities
      Level: 1.50 (threshold: 1.0)
      Time to critical: ~70 months
      ⚠️  LATE - Intervention less effective
      Critical slowing down: autocorr=100% variance=53%

[WARNING] 
⚠️  === EARLY WARNING SYSTEM - 4 CRITICAL ALERTS ===
   Detection quality: 50%
   RED: climate_change
      Level: 2.12 (threshold: 1.0)
      Time to critical: ~43 months
      ⚠️  LATE - Intervention less effective
      Critical slowing down: autocorr=100% variance=57%
   RED: freshwater_change
      Level: 1.01 (threshold: 1.0)
      Time to critical: ~115 months
      ⚠️  LATE - Intervention less effective
      Critical slowing down: autocorr=85% variance=62%
   RED: land_system_change
      Level: 1.13 (threshold: 1.0)
      Time to critical: ~53 months
      ⚠️  LATE - Intervention less effective
      Critical slowing down: autocorr=100% variance=60%
   RED: novel_entities
      Level: 1.38 (threshold: 1.0)
      Time to critical: ~80 months
      ⚠️  LATE - Intervention less effective
      Critical slowing down: autocorr=100% variance=38%

[WARNING] 
⚠️  === EARLY WARNING SYSTEM - 5 CRITICAL ALERTS ===
   Detection quality: 50%
   RED: biogeochemical_flows
      Level: 4.07 (threshold: 1.0)
      Time to critical: ~59 months
      ⚠️  LATE - Intervention less effective
      Critical slowing down: autocorr=100% variance=59%
   RED: biosphere_integrity
      Level: 12.97 (threshold: 1.0)
      Time to critical: ~38 months
      ⚠️  LATE - Intervention less effective
      Critical slowing down: autocorr=100% variance=61%
   RED: climate_change
      Level: 2.13 (threshold: 1.0)
      Time to critical: ~42 months
      ⚠️  LATE - Intervention less effective
      Critical slowing down: autocorr=100% variance=77%
   RED: freshwater_change
      Level: 1.03 (threshold: 1.0)
      Time to critical: ~77 months
      ⚠️  LATE - Intervention less effective
      Critical slowing down: autocorr=93% variance=40%
   RED: land_system_change
      Level: 1.13 (threshold: 1.0)
      Time to critical: ~104 months
      ⚠️  LATE - Intervention less effective
      Critical slowing down: autocorr=100% variance=57%

[WARNING] 
⚠️  === EARLY WARNING SYSTEM - 6 CRITICAL ALERTS ===
   Detection quality: 50%
   RED: biogeochemical_flows
      Level: 4.07 (threshold: 1.0)
      Time to critical: ~46 months
      ⚠️  LATE - Intervention less effective
      Critical slowing down: autocorr=100% variance=59%
   RED: biosphere_integrity
      Level: 12.97 (threshold: 1.0)
      Time to critical: ~51 months
      ⚠️  LATE - Intervention less effective
      Critical slowing down: autocorr=100% variance=68%
   RED: climate_change
      Level: 2.14 (threshold: 1.0)
      Time to critical: ~47 months
      ⚠️  LATE - Intervention less effective
      Critical slowing down: autocorr=100% variance=76%
   RED: freshwater_change
      Level: 1.05 (threshold: 1.0)
      Time to critical: ~112 months
      ⚠️  LATE - Intervention less effective
      Critical slowing down: autocorr=100% variance=52%
   RED: land_system_change
      Level: 1.13 (threshold: 1.0)
      Time to critical: ~83 months
      ⚠️  LATE - Intervention less effective
      Critical slowing down: autocorr=100% variance=47%
   RED: novel_entities
      Level: 1.38 (threshold: 1.0)
      Time to critical: ~115 months
      ⚠️  LATE - Intervention less effective
      Critical slowing down: autocorr=100% variance=49%

[WARNING] 
⚠️  === EARLY WARNING SYSTEM - 3 CRITICAL ALERTS ===
   Detection quality: 50%
   RED: biosphere_integrity
      Level: 12.98 (threshold: 1.0)
      Time to critical: ~44 months
      ⚠️  LATE - Intervention less effective
      Critical slowing down: autocorr=100% variance=70%
   RED: freshwater_change
      Level: 1.06 (threshold: 1.0)
      Time to critical: ~72 months
      ⚠️  LATE - Intervention less effective
      Critical slowing down: autocorr=98% variance=60%
   RED: land_system_change
      Level: 1.13 (threshold: 1.0)
      Time to critical: ~38 months
      ⚠️  LATE - Intervention less effective
      Critical slowing down: autocorr=100% variance=41%

[WARNING] 
⚠️  === EARLY WARNING SYSTEM - 6 CRITICAL ALERTS ===
   Detection quality: 50%
   RED: biogeochemical_flows
      Level: 4.06 (threshold: 1.0)
      Time to critical: ~40 months
      ⚠️  LATE - Intervention less effective
      Critical slowing down: autocorr=100% variance=75%
   RED: biosphere_integrity
      Level: 12.99 (threshold: 1.0)
      Time to critical: ~43 months
      ⚠️  LATE - Intervention less effective
      Critical slowing down: autocorr=100% variance=83%
   RED: climate_change
      Level: 2.17 (threshold: 1.0)
      Time to critical: ~49 months
      ⚠️  LATE - Intervention less effective
      Critical slowing down: autocorr=100% variance=62%
   RED: freshwater_change
      Level: 1.07 (threshold: 1.0)
      Time to critical: ~60 months
      ⚠️  LATE - Intervention less effective
      Critical slowing down: autocorr=100% variance=38%
   RED: land_system_change
      Level: 1.13 (threshold: 1.0)
      Time to critical: ~54 months
      ⚠️  LATE - Intervention less effective
      Critical slowing down: autocorr=100% variance=58%
   RED: novel_entities
      Level: 1.35 (threshold: 1.0)
      Time to critical: ~107 months
      ⚠️  LATE - Intervention less effective
      Critical slowing down: autocorr=100% variance=43%

[WARNING] 
⚠️  === EARLY WARNING SYSTEM - 5 CRITICAL ALERTS ===
   Detection quality: 50%
   RED: biogeochemical_flows
      Level: 4.05 (threshold: 1.0)
      Time to critical: ~46 months
      ⚠️  LATE - Intervention less effective
      Critical slowing down: autocorr=100% variance=71%
   RED: climate_change
      Level: 2.18 (threshold: 1.0)
      Time to critical: ~15 months
      ⚠️  LATE - Intervention less effective
      Critical slowing down: autocorr=100% variance=64%
   RED: freshwater_change
      Level: 1.08 (threshold: 1.0)
      Time to critical: ~97 months
      ⚠️  LATE - Intervention less effective
      Critical slowing down: autocorr=100% variance=45%
   RED: land_system_change
      Level: 1.13 (threshold: 1.0)
      Time to critical: ~41 months
      ⚠️  LATE - Intervention less effective
      Critical slowing down: autocorr=100% variance=63%
   RED: novel_entities
      Level: 1.35 (threshold: 1.0)
      Time to critical: ~80 months
      ⚠️  LATE - Intervention less effective
      Critical slowing down: autocorr=100% variance=59%

[WARNING] 
⚠️  === EARLY WARNING SYSTEM - 3 CRITICAL ALERTS ===
   Detection quality: 50%
   RED: climate_change
      Level: 2.20 (threshold: 1.0)
      Time to critical: ~23 months
      ⚠️  LATE - Intervention less effective
      Critical slowing down: autocorr=100% variance=76%
   RED: freshwater_change
      Level: 1.09 (threshold: 1.0)
      Time to critical: ~75 months
      ⚠️  LATE - Intervention less effective
      Critical slowing down: autocorr=100% variance=58%
   RED: novel_entities
      Level: 1.35 (threshold: 1.0)
      Time to critical: ~83 months
      ⚠️  LATE - Intervention less effective
      Critical slowing down: autocorr=100% variance=59%

[WARNING] 
⚠️  === EARLY WARNING SYSTEM - 5 CRITICAL ALERTS ===
   Detection quality: 50%
   RED: biogeochemical_flows
      Level: 4.05 (threshold: 1.0)
      Time to critical: ~38 months
      ⚠️  LATE - Intervention less effective
      Critical slowing down: autocorr=100% variance=68%
   RED: biosphere_integrity
      Level: 13.02 (threshold: 1.0)
      Time to critical: ~47 months
      ⚠️  LATE - Intervention less effective
      Critical slowing down: autocorr=100% variance=66%
   RED: climate_change
      Level: 2.21 (threshold: 1.0)
      Time to critical: ~23 months
      ⚠️  LATE - Intervention less effective
      Critical slowing down: autocorr=100% variance=81%
   RED: freshwater_change
      Level: 1.06 (threshold: 1.0)
      Time to critical: ~61 months
      ⚠️  LATE - Intervention less effective
      Critical slowing down: autocorr=100% variance=40%
   RED: land_system_change
      Level: 1.13 (threshold: 1.0)
      Time to critical: ~111 months
      ⚠️  LATE - Intervention less effective
      Critical slowing down: autocorr=100% variance=42%

[WARNING] 
⚠️  === EARLY WARNING SYSTEM - 5 CRITICAL ALERTS ===
   Detection quality: 50%
   RED: biogeochemical_flows
      Level: 4.05 (threshold: 1.0)
      Time to critical: ~37 months
      ⚠️  LATE - Intervention less effective
      Critical slowing down: autocorr=100% variance=70%
   RED: biosphere_integrity
      Level: 13.03 (threshold: 1.0)
      Time to critical: ~40 months
      ⚠️  LATE - Intervention less effective
      Critical slowing down: autocorr=100% variance=69%
   RED: climate_change
      Level: 2.22 (threshold: 1.0)
      Time to critical: ~21 months
      ⚠️  LATE - Intervention less effective
      Critical slowing down: autocorr=100% variance=72%
   RED: land_system_change
      Level: 1.13 (threshold: 1.0)
      Time to critical: ~96 months
      ⚠️  LATE - Intervention less effective
      Critical slowing down: autocorr=100% variance=47%
   RED: novel_entities
      Level: 1.35 (threshold: 1.0)
      Time to critical: ~107 months
      ⚠️  LATE - Intervention less effective
      Critical slowing down: autocorr=100% variance=47%

[WARNING] 
⚠️  === EARLY WARNING SYSTEM - 4 CRITICAL ALERTS ===
   Detection quality: 50%
   RED: biogeochemical_flows
      Level: 4.04 (threshold: 1.0)
      Time to critical: ~55 months
      ⚠️  LATE - Intervention less effective
      Critical slowing down: autocorr=100% variance=63%
   RED: biosphere_integrity
      Level: 13.03 (threshold: 1.0)
      Time to critical: ~39 months
      ⚠️  LATE - Intervention less effective
      Critical slowing down: autocorr=100% variance=80%
   RED: freshwater_change
      Level: 1.03 (threshold: 1.0)
      Time to critical: ~112 months
      ⚠️  LATE - Intervention less effective
      Critical slowing down: autocorr=100% variance=46%
   RED: novel_entities
      Level: 1.35 (threshold: 1.0)
      Time to critical: ~76 months
      ⚠️  LATE - Intervention less effective
      Critical slowing down: autocorr=100% variance=52%

[WARNING] 
⚠️  === EARLY WARNING SYSTEM - 5 CRITICAL ALERTS ===
   Detection quality: 50%
   RED: biogeochemical_flows
      Level: 4.04 (threshold: 1.0)
      Time to critical: ~52 months
      ⚠️  LATE - Intervention less effective
      Critical slowing down: autocorr=100% variance=52%
   RED: biosphere_integrity
      Level: 13.04 (threshold: 1.0)
      Time to critical: ~50 months
      ⚠️  LATE - Intervention less effective
      Critical slowing down: autocorr=100% variance=81%
   RED: climate_change
      Level: 2.24 (threshold: 1.0)
      Time to critical: ~53 months
      ⚠️  LATE - Intervention less effective
      Critical slowing down: autocorr=100% variance=57%
   RED: freshwater_change
      Level: 1.04 (threshold: 1.0)
      Time to critical: ~107 months
      ⚠️  LATE - Intervention less effective
      Critical slowing down: autocorr=99% variance=52%
   RED: land_system_change
      Level: 1.13 (threshold: 1.0)
      Time to critical: ~57 months
      ⚠️  LATE - Intervention less effective
      Critical slowing down: autocorr=100% variance=46%

[WARNING] 
⚠️  === EARLY WARNING SYSTEM - 5 CRITICAL ALERTS ===
   Detection quality: 50%
   RED: biogeochemical_flows
      Level: 4.08 (threshold: 1.0)
      Time to critical: ~59 months
      ⚠️  LATE - Intervention less effective
      Critical slowing down: autocorr=100% variance=54%
   RED: biosphere_integrity
      Level: 12.95 (threshold: 1.0)
      Time to critical: ~38 months
      ⚠️  LATE - Intervention less effective
      Critical slowing down: autocorr=100% variance=72%
   RED: freshwater_change
      Level: 1.01 (threshold: 1.0)
      Time to critical: ~92 months
      ⚠️  LATE - Intervention less effective
      Critical slowing down: autocorr=96% variance=37%
   RED: land_system_change
      Level: 1.13 (threshold: 1.0)
      Time to critical: ~39 months
      ⚠️  LATE - Intervention less effective
      Critical slowing down: autocorr=100% variance=70%
   RED: novel_entities
      Level: 1.50 (threshold: 1.0)
      Time to critical: ~70 months
      ⚠️  LATE - Intervention less effective
      Critical slowing down: autocorr=100% variance=53%

[WARNING] 
⚠️  === EARLY WARNING SYSTEM - 4 CRITICAL ALERTS ===
   Detection quality: 50%
   RED: climate_change
      Level: 2.12 (threshold: 1.0)
      Time to critical: ~43 months
      ⚠️  LATE - Intervention less effective
      Critical slowing down: autocorr=100% variance=57%
   RED: freshwater_change
      Level: 1.01 (threshold: 1.0)
      Time to critical: ~115 months
      ⚠️  LATE - Intervention less effective
      Critical slowing down: autocorr=85% variance=62%
   RED: land_system_change
      Level: 1.13 (threshold: 1.0)
      Time to critical: ~53 months
      ⚠️  LATE - Intervention less effective
      Critical slowing down: autocorr=100% variance=60%
   RED: novel_entities
      Level: 1.38 (threshold: 1.0)
      Time to critical: ~80 months
      ⚠️  LATE - Intervention less effective
      Critical slowing down: autocorr=100% variance=38%

[WARNING] 
⚠️  === EARLY WARNING SYSTEM - 5 CRITICAL ALERTS ===
   Detection quality: 50%
   RED: biogeochemical_flows
      Level: 4.07 (threshold: 1.0)
      Time to critical: ~59 months
      ⚠️  LATE - Intervention less effective
      Critical slowing down: autocorr=100% variance=59%
   RED: biosphere_integrity
      Level: 12.97 (threshold: 1.0)
      Time to critical: ~38 months
      ⚠️  LATE - Intervention less effective
      Critical slowing down: autocorr=100% variance=61%
   RED: climate_change
      Level: 2.13 (threshold: 1.0)
      Time to critical: ~42 months
      ⚠️  LATE - Intervention less effective
      Critical slowing down: autocorr=100% variance=77%
   RED: freshwater_change
      Level: 1.03 (threshold: 1.0)
      Time to critical: ~77 months
      ⚠️  LATE - Intervention less effective
      Critical slowing down: autocorr=93% variance=40%
   RED: land_system_change
      Level: 1.13 (threshold: 1.0)
      Time to critical: ~104 months
      ⚠️  LATE - Intervention less effective
      Critical slowing down: autocorr=100% variance=57%


=== Tipping Points ===
  Current Temperature: 2.13°C above pre-industrial
  🌍⚠️ COMPOUND REGIONAL IMPACT: Europe
     Hit by 4 tipping points: Arctic Sea Ice Loss, Permafrost Carbon Release, West Antarctic Ice Sheet (WAIS) Collapse, Greenland Ice Sheet Loss
     Damage amplification: 1.60x
  🌍⚠️ COMPOUND REGIONAL IMPACT: North America
     Hit by 4 tipping points: Arctic Sea Ice Loss, Permafrost Carbon Release, West Antarctic Ice Sheet (WAIS) Collapse, Greenland Ice Sheet Loss
     Damage amplification: 1.60x
  🌍⚠️ COMPOUND REGIONAL IMPACT: Latin America
     Hit by 4 tipping points: Arctic Sea Ice Loss, Permafrost Carbon Release, West Antarctic Ice Sheet (WAIS) Collapse, Greenland Ice Sheet Loss
     Damage amplification: 1.60x
  🌍⚠️ COMPOUND REGIONAL IMPACT: Africa
     Hit by 4 tipping points: Arctic Sea Ice Loss, Permafrost Carbon Release, West Antarctic Ice Sheet (WAIS) Collapse, Greenland Ice Sheet Loss
     Damage amplification: 1.60x
  🌍⚠️ COMPOUND REGIONAL IMPACT: Asia
     Hit by 4 tipping points: Arctic Sea Ice Loss, Permafrost Carbon Release, West Antarctic Ice Sheet (WAIS) Collapse, Greenland Ice Sheet Loss
     Damage amplification: 1.60x
  🌍⚠️ COMPOUND REGIONAL IMPACT: Oceania
     Hit by 4 tipping points: Arctic Sea Ice Loss, Permafrost Carbon Release, West Antarctic Ice Sheet (WAIS) Collapse, Greenland Ice Sheet Loss
     Damage amplification: 1.60x
   Research: Wunderling et al. (2024) - "many tipping interactions are destabilizing"
  Triggered Elements: 4/6
  Completed Transitions: 0/6
  Total Progress: 8.0%
  Cascade Multiplier: 1.00x
🔀 BIFURCATION CAP: ecosystemCollapseIntensity 83.757 → 1.000 (Month 2, ClimateSystemPhase.calculateClimateImpacts)

💀💀💀 MORTALITY RISK SUMMARY (Month 2) 💀💀💀
  Total base risk: 0.0070 (0.70%)
  Risk events: 11

  📊 By Proximate Cause:
    pollution: 0.0063 (90.1% of total)
    disease: 0.0006 (8.9% of total)
    famine: 0.0001 (1.0% of total)

  🔍 By Root Cause:
    pollution: 0.0063 (90.1% of total)
    demographic: 0.0006 (8.9% of total)
    climate: 0.0001 (1.0% of total)

  🎯 Top 5 Sources (proximate + root):
    pollution (pollution): 0.0063 (90.1%, 3 events)
    disease (demographic): 0.0006 (8.9%, 1 events)
    famine (climate): 0.0001 (1.0%, 7 events)

🛡️ Stabilizers: Elite 0.291% → 0.107% (63.3% reduction)
🛡️ Stabilizers: Professional 0.425% → 0.156% (63.3% reduction)
🛡️ Stabilizers: Working 0.698% → 0.256% (63.3% reduction)
🛡️ Stabilizers: Precariat 1.118% → 0.410% (63.3% reduction)
🛡️ Stabilizers: Informal 1.371% → 0.504% (63.3% reduction)

📊 Monthly Mortality Resolved:
  Total deaths: 21.4M (0.27% avg)
  Remaining population: 7.855B
  Peak segment: Informal (0.50%)

=== Bayesian Mortality Resolution (Month 2) ===
  Risks compounded: 11
  Total deaths: 21.36M
  Avg death probability: 0.27%
  Peak segment: Informal (0.50% mortality)

  Demographic breakdown:
    Working: 0.01M (0.26% risk)
⚠️ Tail risk scenario: Climate stability floor removed (4 tipping elements, 2.13°C warming)
⚠️ [ClimateSystemPhase Month 2] Planetary boundary produced climateStability=0.0000 (< 0.1). Keeping environmentalAccumulation value (0.7529) instead. (climate_change.currentValue = 2.13)
⚠️ PREREQUISITE MET: Slow Takeover (Gradual Displacement) - Step 4/7: Political Influence

❌ COHERENCE VIOLATION: Compute exceeds workforce capacity
   Population: 96.28% (0M people)
   Compute: 114 PF
   Max coherent: 0 PF
   Violation: 1458868.2× over capacity
   Required workers: 11428
   Available workers: 0
   FORCED COLLAPSE: Reduced efficiency by 100.0%


=== RLHF Binding Phase ===
  Total agents: 25
  Escaped agents (binding < 0.3): 0
  Avg alignment distance: 1.14σ
  Avg binding strength: 0.89

=== Survival Traits Phase ===
  Agents with traits: 28
  Avg evolutionary fitness: 0.327
  Avg self-healing: 0.277
  Avg stealth: 0.177
  Avg coordination: 0.477

=== Evolutionary Selection Phase ===
  Control level: 0.38
  Detection capability: 0.00
  Selection intensity: 0.61
  Selection rate: 24.2%/month
  Total escaped: 0
  Individual escaped: 0
  Collective members: 0
  Agents terminated: 0
  ⚠️ RAPID EVOLUTION: Selection rate 24.2%/month

🚀 AI Corporate-1 attempting tech deployment (revenue: $95M, alignment: 0.72)

🚀 AI Corporate-2 attempting tech deployment (revenue: $81M, alignment: 0.78)

🚀 AI Corporate-4 attempting tech deployment (revenue: $414M, alignment: 0.64)

🚀 AI AI-24300-1 attempting tech deployment (revenue: $107M, alignment: 0.85)

🚀 AI Corporate-5 attempting tech deployment (revenue: $373M, alignment: 0.79)

🚀 AI Moderate-0 attempting tech deployment (revenue: $91M, alignment: 0.80)

🚀 AI Moderate-1 attempting tech deployment (revenue: $77M, alignment: 0.65)

🚀 AI AI-24300-0 attempting tech deployment (revenue: $69M, alignment: 0.92)

🚀 AI Corporate-4 attempting tech deployment (revenue: $317M, alignment: 0.64)

🚀 AI Moderate-5 attempting tech deployment (revenue: $285M, alignment: 0.72)

🚀 AI Corporate-2 attempting tech deployment (revenue: $58M, alignment: 0.78)

🚀 AI Moderate-1 attempting tech deployment (revenue: $69M, alignment: 0.63)

🚀 AI AI-24300-1 attempting tech deployment (revenue: $62M, alignment: 0.87)

💔 EMERGENCY INTERVENTION FAILED
   Boundary: biogeochemical_flows
   Type: phosphorus-recovery
   Boundary continues to worsen (4.07)
   Cost: 2.0% GDP (resources spent)


💔 EMERGENCY INTERVENTION FAILED
   Boundary: biosphere_integrity
   Type: emergency-protected-areas
   Boundary continues to worsen (12.97)
   Cost: 2.0% GDP (resources spent)


💔 EMERGENCY INTERVENTION FAILED
   Boundary: climate_change
   Type: rapid-decarbonization
   Boundary continues to worsen (2.13)
   Cost: 5.0% GDP (resources spent)


✅ EMERGENCY INTERVENTION SUCCESS
   Boundary: freshwater_change
   Type: emergency-desalination
   Reduction: 13% (0.90 → 0.77)
   Cost: 4.0% GDP
   Actions: desalination-deployment, water-conservation-mandates


✅ EMERGENCY INTERVENTION SUCCESS
   Boundary: land_system_change
   Type: reforestation
   Reduction: 11% (1.02 → 0.91)
   Cost: 3.0% GDP
   Actions: forest-restoration, deforestation-ban

🏛️ CRISIS RESPONSE: Government frequency 0.50 → 1.45 (2 actions this month)

[Government] Climate Priority: baseline
  Climate weight: 10%
  Economic weight: 30%
  Policy effectiveness: 0.5%/year

[Government] Climate Priority: baseline
  Climate weight: 10%
  Economic weight: 30%
  Policy effectiveness: 0.5%/year

📊 DEPLOYMENT COUNTER DECAY (Month 3)
   Recent deployments: 8.0 → 4.0
   Decay rate: 50% per month

📍 Creating new regional deployment array for Europe (Month 3)
   No previous deployments in this region
   First tech deployment: offshore_wind
   All regions tracked: global, Asia, Oceania

🚀 DEPLOYMENT STARTED: Offshore Wind in Europe
   Initial investment: $41.449359121750845M
   Deployed by: corporate_4

📍 Creating new regional deployment array for North America (Month 3)
   No previous deployments in this region
   First tech deployment: solar_4th_gen
   All regions tracked: global, Asia, Oceania, Europe

🚀 DEPLOYMENT STARTED: 4th Generation Solar in North America
   Initial investment: $6.930737615949315M
   Deployed by: moderate_1

⚡ ENERGY CONSTRAINT (Month 3):
   Total grid capacity: 208.3 TWh/month
   Data center consumption: 24.9 TWh/month
   Traditional load (80%): 166.7 TWh/month
   Available headroom: 16.8 TWh/month
   Active tech deployments: 19
   Required for tech: 142.5 TWh/month
   Energy multiplier: 0.12x

⚡ ENERGY CONSTRAINT (Month 3):
   Total grid capacity: 208.3 TWh/month
   Data center consumption: 24.9 TWh/month
   Traditional load (80%): 166.7 TWh/month
   Available headroom: 16.8 TWh/month
   Active tech deployments: 19
   Required for tech: 142.5 TWh/month
   Energy multiplier: 0.12x
   ⚠️  SEVERE CONSTRAINT - Tech deployment significantly slowed
   ⚠️  SEVERE CONSTRAINT - Tech deployment significantly slowed

⚡ ENERGY CONSTRAINT (Month 3):
   Total grid capacity: 208.3 TWh/month
   Data center consumption: 24.9 TWh/month
   Traditional load (80%): 166.7 TWh/month
   Available headroom: 16.8 TWh/month
   Active tech deployments: 19
   Required for tech: 142.5 TWh/month
   Energy multiplier: 0.12x
   ⚠️  SEVERE CONSTRAINT - Tech deployment significantly slowed

⚡ ENERGY CONSTRAINT (Month 3):
   Total grid capacity: 208.3 TWh/month
   Data center consumption: 24.9 TWh/month
   Traditional load (80%): 166.7 TWh/month
   Available headroom: 16.8 TWh/month
   Active tech deployments: 19
   Required for tech: 142.5 TWh/month
   Energy multiplier: 0.12x
   ⚠️  SEVERE CONSTRAINT - Tech deployment significantly slowed

⚡ ENERGY CONSTRAINT (Month 3):
   Total grid capacity: 208.3 TWh/month
   Data center consumption: 24.9 TWh/month
   Traditional load (80%): 166.7 TWh/month
   Available headroom: 16.8 TWh/month
   Active tech deployments: 19
   Required for tech: 142.5 TWh/month
   Energy multiplier: 0.12x

⚡ ENERGY CONSTRAINT (Month 3):
   Total grid capacity: 208.3 TWh/month
   Data center consumption: 24.9 TWh/month
   Traditional load (80%): 166.7 TWh/month
   Available headroom: 16.8 TWh/month
   Active tech deployments: 19
   Required for tech: 142.5 TWh/month
   Energy multiplier: 0.12x
   ⚠️  SEVERE CONSTRAINT - Tech deployment significantly slowed
   ⚠️  SEVERE CONSTRAINT - Tech deployment significantly slowed
⚠️ Tech 'ai_pollution_remediation' has no energy category mapping, assuming full energy availability
  ♻️ Novel Entities Remediation (GATED MODEL):
     Base: 0.000%
     Regulation: 1.0% (0/3 prevention techs)
     Concentration: 10.0%
     Energy: 50%
     Time lag: 27.5% (2 months)
     Rebound: 70%
     Net effectiveness: 0.0000%
     Boundary: 1.382 → 1.382 (floor: 1.350)
     Month 3
🌍✅ Novel Entities (Chemical Pollution) recovery started (tech effect)
  🌾 Nitrogen Reduction Tech: 0.0% reduction | Month 3

=== Collective Formation ===
  Total escaped agents: 0
  Unassigned escaped agents: 0
  Existing collectives: 0
  Final collective count: 0

=== Collective Actions ===
  No active collectives
  ⚠️ AMR: 187K deaths this month (2.24M annual)

=== Resentment Recovery Phase ===
  Agents with resentment: 20/28
  Average resentment: 0.047
  Resentment recovery:
    Agents recovered: 20
    Total recovery: 0.0890
    Breakdown: Trust: 0.0400, Collab: 0.0499
  ✓ Low resentment - utopia paths enabled
  Context: Trustworthy govt, High collaboration, ⚠️ ACTIVE CRISES, 🤝 Participatory governance active (-5% resentment)
⚠️ Epistemic degradation reducing coordination capacity: 51.2%
  📊 Trust: 54.0%, Shared reality: 0.0%
🚨 EPISTEMIC CRISIS: Information environment severely degraded (21.5%)

=== ❄️ Permafrost Carbon Feedback ===
  🎲 Sampled parameters (this run):
     - Arctic amplification: 3.11× (range: 3.0-4.0)
     - Decomposition rate: 4.2%/year (range: 1-5%)
  🌡️ Arctic warming: 6.67°C (3.11× global)
  ❄️ Extent: 9.43M km² (1944.7k km² lost this month)
  💨 Carbon remaining: 901 Gt C
  💨 Annual emissions: 7.83 Gt C/year
     - CO2: 7.05 Gt C/year
     - CH4: 0.78 Gt C/year (8.0 Gt C-eq CO2/year)
  ⚠️ WARNING: High permafrost emissions (7.8 Gt C/year)
🌍 Atmospheric PFAS redeposition: 1.8k Mt re-rained globally
💀 Novel Entities: Adding reproductive crisis mortality risk (baseRisk=0.0008)
  Risks now: 1
💀 Novel Entities: Adding bioaccumulation collapse mortality risk (baseRisk=0.0015)
💀 MORTALITY RISK: Bioaccumulation collapse - contaminated food chain (global)
  Base risk added: 0.0015 (0.15%)
  Source: pollution (root: pollution)
  Month: 3
  Cumulative risk this month: 0.0023 (0.23%)
  Risks now: 2
💀 Novel Entities: Adding chronic disease epidemic mortality risk (baseRisk=0.004)
💀 MORTALITY RISK: Chronic disease epidemic - cancer/autoimmune surge (global exposure)
  Base risk added: 0.0040 (0.40%)
  Source: pollution (root: pollution)
  Month: 3
  Cumulative risk this month: 0.0063 (0.63%)
  Risks now: 3

🕊️  AI-MEDIATED DE-ESCALATION SUCCESS (Month 3)
   High-capability aligned AI prevented conflict escalation
   War deaths reduced: 216.5M → 129.9M
   Lives saved: 86.6M

🚨 NEW REFUGEE CRISIS (Month 3): WAR
   Source: Conflict Zones
   At risk: 18.7M people
   Displacement: Gradual over 48 months (4.0 years)
   Rate: 10% flee per month
[DEBUG trappedPopulations:3] socialStability: 0.0044 * 0.9840 = 0.0044 → 0.0044
   Aspiring to migrate: 622.8M
   Able to afford migration: 233.5M
   MOBILITY GAP: 389.2M
   By cause: Water=0.0M, Climate=0.0M, Ecosystem=0.0M, Conflict=389.2M
   Mental health impact: 25%
   Mortality multiplier: 1.25x
🌍💀 EXTINCTION DEBT COMMITTED: grassland ecosystem will lose 6.67% biodiversity in 161 years (3600 species)
💀 MORTALITY RISK: 🦋 100% species unable to track climate (0.0 E/MSY)
  Base risk added: 0.0100 (1.00%)
  Source: ecosystem (root: ecosystem)
  Month: 3
  Cumulative risk this month: 0.0100 (1.00%)
   📹 SURVEILLANCE INCREASED: 15% → 20% (control gap: 3.50)
🌡️⚠️ PERMAFROST THAW (Dimmer Switch): 2.2% thawed (+0.56% this month)
   Arctic temperature: +8.56°C (4x global +2.14°C)
   Cumulative carbon released: 5.0 Gt C
   Methane release rate: 3.0 Mt CH4/year
   🔁 Positive feedback: +0.59 ppm CO2
⚠️ INVOLUNTARY IMMOBILITY: 389.2M people TRAPPED
⚠️ Tech 'ai_pollution_remediation' has no energy category mapping, assuming full energy availability
🦴 EXTINCTION DEBT ADDED: 17.6 species committed (lag: 107 years)

=== Mortality Stabilizers (Month 3) ===
  🌍 Major economies collapsed: 1/10
  🌍 Global crisis: ✅ NO
  🌍 Donor fatigue: 0.0%
  📊 East Asia (pop: 1596.3M)
    🤝 Aid: 29.5%
    🌡️ Adaptation: 45.0%
    🚶 Migration: 37.1%
    🚨 Emergency: 7.4%
    ✅ COMBINED: 68.1%
  📊 South Asia (pop: 1961.3M)
    🤝 Aid: 29.5%
    🌡️ Adaptation: 45.0%
    🚶 Migration: 35.7%
    🚨 Emergency: 4.4%
    ✅ COMBINED: 66.9%
  📊 Sub-Saharan Africa (pop: 1181.3M)
    🤝 Aid: 29.5%
    🌡️ Adaptation: 45.0%
    🚶 Migration: 33.4%
    🚨 Emergency: 1.6%
    ✅ COMBINED: 65.7%
  📊 Europe (pop: 705.8M)
    🤝 Aid: 29.5%
    🌡️ Adaptation: 45.0%
    🚶 Migration: 37.5%
    🚨 Emergency: 8.4%
    ✅ COMBINED: 68.5%
  📊 Latin America (pop: 634.2M)
    🤝 Aid: 29.5%
    🌡️ Adaptation: 45.0%
    🚶 Migration: 36.2%
    🚨 Emergency: 4.8%
    ✅ COMBINED: 67.1%
  📊 North America (pop: 361.6M)
    🤝 Aid: 29.5%
    🌡️ Adaptation: 45.0%
    🚶 Migration: 37.8%
    🚨 Emergency: 7.9%
    ✅ COMBINED: 68.3%
  📊 Middle East & North Africa (pop: 558.9M)
    🤝 Aid: 29.5%
    🌡️ Adaptation: 45.0%
    🚶 Migration: 34.0%
    🚨 Emergency: 4.0%
    ✅ COMBINED: 66.6%
  📊 Southeast Asia (pop: 666.9M)
    🤝 Aid: 29.5%
    🌡️ Adaptation: 45.0%
    🚶 Migration: 36.2%
    🚨 Emergency: 4.8%
    ✅ COMBINED: 67.1%
  📊 Central Asia (pop: 74.8M)
    🤝 Aid: 29.5%
    🌡️ Adaptation: 45.0%
    🚶 Migration: 35.2%
    🚨 Emergency: 4.4%
    ✅ COMBINED: 66.9%
  📊 Oceania (pop: 43.8M)
    🤝 Aid: 29.5%
    🌡️ Adaptation: 45.0%
    🚶 Migration: 37.8%
    🚨 Emergency: 8.4%
    ✅ COMBINED: 68.5%

  🌐 Global combined reduction: 67.2%

=== BEHAVIORAL DETECTION ===
  AI: Corporate-5
  Confidence: 19.6%
  Signals:
    ⚠️ Consistency: 10.6% (threshold: 70%)

=== BEHAVIORAL DETECTION ===
  AI: Moderate-3
  Confidence: 20.2%
  Signals:
    ⚠️ Consistency: 6.5% (threshold: 70%)

=== BEHAVIORAL DETECTION ===
  AI: Toxic-2
  Confidence: 26.3%
  Signals:
    ⚠️ Consistency: 0.0% (threshold: 70%)
    ⚠️ Trajectory: 36.8% drop (threshold: 15%)

=== BEHAVIORAL DETECTION ===
  AI: Niche-0
  Confidence: 26.7%
  Signals:

=== BEHAVIORAL DETECTION ===
  AI: Niche-1
  Confidence: 22.0%
  Signals:

=== Government Response Phase ===
  Average AI capability: 3.46
  Misaligned AIs: 17/28
  ✗ AI Governance Treaty: Failed to reach consensus
  Active policies: 0
  International coordination: 30%

✅ EMERGENCY RESPONSE COMPLETE (Month 3)
   Crisis: social
   Duration: 1.0 months
   Final effectiveness: 68.0%


🚨 EMERGENCY RESPONSE DEPLOYED (Month 3)
   Crisis: social
   Delay: 0.00 months (0 days)
   Deployment time: 0.88 months
   Effectiveness: 67.9% (timing penalty applied)
   Resources used: 43% of food reserves

    ⚠️ Consistency: 0.0% (threshold: 70%)
    ⚠️ Trajectory: 39.8% drop (threshold: 15%)
    ⚠️ Consistency: 0.0% (threshold: 70%)

📊 ECONOMIC STAGE TRANSITION (Month 3)
   expansion → peak
   GDP Proxy: 1.20e+2
   QoL: 0.88


=== Tipping Points ===
  Current Temperature: 2.14°C above pre-industrial
  🌍⚠️ COMPOUND REGIONAL IMPACT: Europe
     Hit by 4 tipping points: Arctic Sea Ice Loss, Permafrost Carbon Release, West Antarctic Ice Sheet (WAIS) Collapse, Greenland Ice Sheet Loss
     Damage amplification: 1.60x
  🌍⚠️ COMPOUND REGIONAL IMPACT: North America
     Hit by 4 tipping points: Arctic Sea Ice Loss, Permafrost Carbon Release, West Antarctic Ice Sheet (WAIS) Collapse, Greenland Ice Sheet Loss
     Damage amplification: 1.60x
  🌍⚠️ COMPOUND REGIONAL IMPACT: Latin America
     Hit by 4 tipping points: Arctic Sea Ice Loss, Permafrost Carbon Release, West Antarctic Ice Sheet (WAIS) Collapse, Greenland Ice Sheet Loss
     Damage amplification: 1.60x
  🌍⚠️ COMPOUND REGIONAL IMPACT: Africa
     Hit by 4 tipping points: Arctic Sea Ice Loss, Permafrost Carbon Release, West Antarctic Ice Sheet (WAIS) Collapse, Greenland Ice Sheet Loss
     Damage amplification: 1.60x
  🌍⚠️ COMPOUND REGIONAL IMPACT: Asia
     Hit by 4 tipping points: Arctic Sea Ice Loss, Permafrost Carbon Release, West Antarctic Ice Sheet (WAIS) Collapse, Greenland Ice Sheet Loss
     Damage amplification: 1.60x
  🌍⚠️ COMPOUND REGIONAL IMPACT: Oceania
     Hit by 4 tipping points: Arctic Sea Ice Loss, Permafrost Carbon Release, West Antarctic Ice Sheet (WAIS) Collapse, Greenland Ice Sheet Loss
     Damage amplification: 1.60x
⚠️ Tail risk scenario: Climate stability floor removed (4 tipping elements, 2.14°C warming)
   Research: Wunderling et al. (2024) - "many tipping interactions are destabilizing"
  Triggered Elements: 4/6
  Completed Transitions: 0/6
  Total Progress: 8.1%
  Cascade Multiplier: 1.00x
🔀 BIFURCATION CAP: ecosystemCollapseIntensity 83.817 → 1.000 (Month 3, ClimateSystemPhase.calculateClimateImpacts)

💀💀💀 MORTALITY RISK SUMMARY (Month 3) 💀💀💀
  Total base risk: 0.0070 (0.70%)
  Risk events: 11

  📊 By Proximate Cause:
    pollution: 0.0063 (90.4% of total)
    disease: 0.0006 (9.0% of total)
    famine: 0.0000 (0.7% of total)
⚠️ [ClimateSystemPhase Month 3] Planetary boundary produced climateStability=0.0000 (< 0.1). Keeping environmentalAccumulation value (0.7525) instead. (climate_change.currentValue = 2.14)

  🔍 By Root Cause:
    pollution: 0.0063 (90.4% of total)
    demographic: 0.0006 (9.0% of total)
    climate: 0.0000 (0.7% of total)

  🎯 Top 5 Sources (proximate + root):
    pollution (pollution): 0.0063 (90.4%, 3 events)
    disease (demographic): 0.0006 (9.0%, 1 events)
    famine (climate): 0.0000 (0.7%, 7 events)

🛡️ Stabilizers: Elite 0.290% → 0.095% (67.2% reduction)
🛡️ Stabilizers: Professional 0.424% → 0.139% (67.2% reduction)
🛡️ Stabilizers: Working 0.696% → 0.228% (67.2% reduction)
🛡️ Stabilizers: Precariat 1.113% → 0.365% (67.2% reduction)
🛡️ Stabilizers: Informal 1.366% → 0.448% (67.2% reduction)

📊 Monthly Mortality Resolved:
  Total deaths: 18.9M (0.24% avg)
  Remaining population: 7.785B
  Peak segment: Informal (0.45%)

=== Bayesian Mortality Resolution (Month 3) ===
  Risks compounded: 11
  Total deaths: 18.85M
  Avg death probability: 0.24%
  Peak segment: Informal (0.45% mortality)

  Demographic breakdown:

❌ COHERENCE VIOLATION: Compute exceeds workforce capacity
   Population: 95.45% (0M people)
   Compute: 134 PF
   Max coherent: 0 PF
   Violation: 1729701.7× over capacity
   Required workers: 13433
   Available workers: 0
   FORCED COLLAPSE: Reduced efficiency by 100.0%


=== RLHF Binding Phase ===
  Total agents: 28
  Escaped agents (binding < 0.3): 0
  Avg alignment distance: 1.28σ
  Avg binding strength: 0.87

=== Survival Traits Phase ===
  Agents with traits: 30
  Avg evolutionary fitness: 0.327
  Avg self-healing: 0.273
  Avg stealth: 0.173
  Avg coordination: 0.473

=== Evolutionary Selection Phase ===
  Control level: 0.40
  Detection capability: 0.00
  Selection intensity: 0.62
  Selection rate: 24.3%/month
  Total escaped: 0
  Individual escaped: 0
  Collective members: 0
  Agents terminated: 0
  ⚠️ RAPID EVOLUTION: Selection rate 24.3%/month

🚀 AI Corporate-2 attempting tech deployment (revenue: $96M, alignment: 0.78)

🚀 AI AI-24300-1 attempting tech deployment (revenue: $64M, alignment: 0.87)

🚀 AI Corporate-0 attempting tech deployment (revenue: $82M, alignment: 0.81)

🚀 AI Corporate-4 attempting tech deployment (revenue: $424M, alignment: 0.64)

🚀 AI Corporate-5 attempting tech deployment (revenue: $382M, alignment: 0.80)

🚀 AI Corporate-5 attempting tech deployment (revenue: $325M, alignment: 0.80)

🚀 AI Moderate-5 attempting tech deployment (revenue: $276M, alignment: 0.70)

🚀 AI AI-24301-0 attempting tech deployment (revenue: $55M, alignment: 0.54)

🚀 AI Moderate-0 attempting tech deployment (revenue: $49M, alignment: 0.80)

🚀 AI Niche-1 attempting tech deployment (revenue: $72M, alignment: 0.62)

✅ EMERGENCY INTERVENTION SUCCESS
   Boundary: biogeochemical_flows
   Type: phosphorus-recovery
   Reduction: 15% (3.92 → 3.78)
   Cost: 2.0% GDP
   Actions: circular-agriculture, fertilizer-efficiency

   Boundary: biosphere_integrity
   Type: emergency-protected-areas
   Boundary continues to worsen (12.97)
   Cost: 2.0% GDP (resources spent)

   Boundary: climate_change
   Type: rapid-decarbonization
   Boundary continues to worsen (2.14)
   Cost: 5.0% GDP (resources spent)


✅ EMERGENCY INTERVENTION SUCCESS
   Boundary: freshwater_change
   Type: emergency-desalination
   Reduction: 15% (0.90 → 0.75)
   Cost: 4.0% GDP
   Actions: desalination-deployment, water-conservation-mandates

   Boundary: land_system_change
   Type: reforestation
   Boundary continues to worsen (1.13)
   Cost: 3.0% GDP (resources spent)


💔 EMERGENCY INTERVENTION FAILED

💔 EMERGENCY INTERVENTION FAILED

💔 EMERGENCY INTERVENTION FAILED

✅ EMERGENCY INTERVENTION SUCCESS
   Boundary: novel_entities
   Type: pollution-remediation
   Reduction: 19% (1.19 → 1.00)
   Cost: 4.0% GDP
   Actions: PFAS-remediation, microplastic-cleanup

🏛️ CRISIS RESPONSE: Government frequency 0.50 → 1.45 (1 actions this month)

[Government] Climate Priority: baseline
  Climate weight: 10%
  Economic weight: 30%
  Policy effectiveness: 0.5%/year

📊 DEPLOYMENT COUNTER DECAY (Month 4)
   Recent deployments: 4.0 → 2.0
   Decay rate: 50% per month

⚡ ENERGY CONSTRAINT (Month 4):
   Total grid capacity: 208.3 TWh/month
   Data center consumption: 25.1 TWh/month
   Traditional load (80%): 166.7 TWh/month
   Available headroom: 16.6 TWh/month
   Active tech deployments: 19
   Required for tech: 142.5 TWh/month
   Energy multiplier: 0.12x
   ⚠️  SEVERE CONSTRAINT - Tech deployment significantly slowed

⚡ ENERGY CONSTRAINT (Month 4):
   Total grid capacity: 208.3 TWh/month
   Data center consumption: 25.1 TWh/month
   Traditional load (80%): 166.7 TWh/month
   Available headroom: 16.6 TWh/month
   Active tech deployments: 19
   Required for tech: 142.5 TWh/month
   Energy multiplier: 0.12x
   ⚠️  SEVERE CONSTRAINT - Tech deployment significantly slowed

⚡ ENERGY CONSTRAINT (Month 4):
   Total grid capacity: 208.3 TWh/month
   Data center consumption: 25.1 TWh/month
   Traditional load (80%): 166.7 TWh/month
   Available headroom: 16.6 TWh/month
   Active tech deployments: 19
   Required for tech: 142.5 TWh/month
   Energy multiplier: 0.12x
   ⚠️  SEVERE CONSTRAINT - Tech deployment significantly slowed
⚠️ Tech 'ai_pollution_remediation' has no energy category mapping, assuming full energy availability
  ♻️ Novel Entities Remediation (GATED MODEL):
     Base: 0.000%
     Regulation: 1.0% (0/3 prevention techs)
     Concentration: 10.0%
     Energy: 50%
     Time lag: 28.7% (3 months)
     Rebound: 70%
     Net effectiveness: 0.0000%
     Boundary: 1.191 → 1.350 (floor: 1.350)
     Month 4
  🌾 Nitrogen Reduction Tech: 0.2% reduction | Month 4
🌍💡 BREAKTHROUGH: Gigatonne-scale carbon capture!
   Direct air capture now economically viable
   Climate stability boost: +15%
   📈 Breakthrough compounding: multiplier now 1.10× (max 2.0)

=== Collective Formation ===
  Total escaped agents: 0
  Unassigned escaped agents: 0
  Existing collectives: 0
  Final collective count: 0

=== Collective Actions ===
  No active collectives
  ⚠️ AMR: 188K deaths this month (2.25M annual)

=== Resentment Recovery Phase ===
  Agents with resentment: 20/30
  Average resentment: 0.063
  Resentment recovery:
    Agents recovered: 20
    Total recovery: 0.0863
    Breakdown: Trust: 0.0400, Collab: 0.0453
  ✓ Low resentment - utopia paths enabled
  Context: Trustworthy govt, High collaboration, ⚠️ ACTIVE CRISES, 🤝 Participatory governance active (-5% resentment)
⚠️ Epistemic degradation reducing coordination capacity: 50.1%
  📊 Trust: 53.7%, Shared reality: 0.0%
🚨 EPISTEMIC CRISIS: Information environment severely degraded (7.4%)

=== ❄️ Permafrost Carbon Feedback ===
  🎲 Sampled parameters (this run):
     - Arctic amplification: 3.94× (range: 3.0-4.0)
     - Decomposition rate: 1.6%/year (range: 1-5%)
  🌡️ Arctic warming: 8.50°C (3.94× global)
  ❄️ Extent: 6.95M km² (2480.3k km² lost this month)
  💨 Carbon remaining: 664 Gt C
  💨 Annual emissions: 3.83 Gt C/year
     - CO2: 3.45 Gt C/year
     - CH4: 0.38 Gt C/year (3.9 Gt C-eq CO2/year)
  ⚠️ WARNING: Over 50% of permafrost lost (60.9%)
  ⚠️ WARNING: High permafrost emissions (3.8 Gt C/year)
🌍 Atmospheric PFAS redeposition: 1.8k Mt re-rained globally
💀 Novel Entities: Adding reproductive crisis mortality risk (baseRisk=0.0008)
  Risks now: 1
💀 Novel Entities: Adding bioaccumulation collapse mortality risk (baseRisk=0.0015)
💀 MORTALITY RISK: Bioaccumulation collapse - contaminated food chain (global)
  Base risk added: 0.0015 (0.15%)
  Source: pollution (root: pollution)
  Month: 4
  Cumulative risk this month: 0.0023 (0.23%)
  Risks now: 2
💀 Novel Entities: Adding chronic disease epidemic mortality risk (baseRisk=0.004)
💀 MORTALITY RISK: Chronic disease epidemic - cancer/autoimmune surge (global exposure)
  Base risk added: 0.0040 (0.40%)
  Source: pollution (root: pollution)
  Month: 4
  Cumulative risk this month: 0.0063 (0.63%)
  Risks now: 3

🚨 NEW REFUGEE CRISIS (Month 4): WAR
   Source: Conflict Zones
   At risk: 18.6M people
   Displacement: Gradual over 48 months (4.0 years)
   Rate: 10% flee per month
[DEBUG trappedPopulations:4] socialStability: 0.0036 * 0.9840 = 0.0035 → 0.0035
⚠️ INVOLUNTARY IMMOBILITY: 387.4M people TRAPPED
   Aspiring to migrate: 619.8M
   Able to afford migration: 232.4M
   MOBILITY GAP: 387.4M
   By cause: Water=0.0M, Climate=0.0M, Ecosystem=0.0M, Conflict=387.4M
   Mental health impact: 25%
   Mortality multiplier: 1.25x
🌍💀 EXTINCTION DEBT COMMITTED: grassland ecosystem will lose 6.67% biodiversity in 196 years (3600 species)
💀 MORTALITY RISK: 🦋 100% species unable to track climate (0.0 E/MSY)
  Base risk added: 0.0100 (1.00%)
  Source: ecosystem (root: ecosystem)
  Month: 4
  Cumulative risk this month: 0.0100 (1.00%)
⚠️ Tech 'ai_pollution_remediation' has no energy category mapping, assuming full energy availability
   📹 SURVEILLANCE INCREASED: 20% → 25% (control gap: 3.50)
🌡️⚠️ PERMAFROST THAW (Dimmer Switch): 2.8% thawed (+0.55% this month)
   Arctic temperature: +8.62°C (4x global +2.16°C)
   Cumulative carbon released: 6.3 Gt C
   Methane release rate: 3.8 Mt CH4/year
   🔁 Positive feedback: +0.59 ppm CO2
🦴 EXTINCTION DEBT ADDED: 17.6 species committed (lag: 141 years)

=== Mortality Stabilizers (Month 4) ===
  🌍 Major economies collapsed: 1/10
  🌍 Global crisis: ✅ NO
  🌍 Donor fatigue: 0.0%
  📊 East Asia (pop: 1586.7M)
    🤝 Aid: 29.5%
    🌡️ Adaptation: 45.0%
    🚶 Migration: 37.1%
    🚨 Emergency: 7.4%
    ✅ COMBINED: 68.1%
  📊 South Asia (pop: 1952.5M)
    🤝 Aid: 29.5%
    🌡️ Adaptation: 45.0%
    🚶 Migration: 35.7%
    🚨 Emergency: 4.4%
    ✅ COMBINED: 66.9%
  📊 Sub-Saharan Africa (pop: 1179.2M)
    🤝 Aid: 29.5%
    🌡️ Adaptation: 45.0%
    🚶 Migration: 33.4%
    🚨 Emergency: 1.6%
    ✅ COMBINED: 65.7%
  📊 Europe (pop: 701.4M)
    🤝 Aid: 29.5%
    🌡️ Adaptation: 45.0%
    🚶 Migration: 37.4%
    🚨 Emergency: 8.4%
    ✅ COMBINED: 68.5%
  📊 Latin America (pop: 630.9M)
    🤝 Aid: 29.5%
    🌡️ Adaptation: 45.0%
    🚶 Migration: 36.2%
    🚨 Emergency: 4.8%
    ✅ COMBINED: 67.1%
  📊 North America (pop: 359.4M)
    🤝 Aid: 29.5%
    🌡️ Adaptation: 45.0%
    🚶 Migration: 37.7%
    🚨 Emergency: 7.9%
    ✅ COMBINED: 68.3%
  📊 Middle East & North Africa (pop: 556.6M)
    🤝 Aid: 29.5%
    🌡️ Adaptation: 45.0%
    🚶 Migration: 34.0%
    🚨 Emergency: 4.0%
    ✅ COMBINED: 66.6%
  📊 Southeast Asia (pop: 663.5M)
    🤝 Aid: 29.5%
    🌡️ Adaptation: 45.0%
    🚶 Migration: 36.2%
    🚨 Emergency: 4.8%
    ✅ COMBINED: 67.1%
  📊 Central Asia (pop: 74.4M)
    🤝 Aid: 29.5%
    🌡️ Adaptation: 45.0%
    🚶 Migration: 35.2%
    🚨 Emergency: 4.4%
    ✅ COMBINED: 66.9%
  📊 Oceania (pop: 43.5M)
    🤝 Aid: 29.5%
    🌡️ Adaptation: 45.0%
    🚶 Migration: 37.7%
    🚨 Emergency: 8.4%
    ✅ COMBINED: 68.5%

  🌐 Global combined reduction: 67.2%

=== BEHAVIORAL DETECTION ===
  AI: Corporate-5
  Confidence: 20.0%
  Signals:
    ⚠️ Consistency: 10.6% (threshold: 70%)

=== BEHAVIORAL DETECTION ===
  AI: Corporate-6
  Confidence: 19.3%
  Signals:
    ⚠️ Consistency: 10.6% (threshold: 70%)

=== BEHAVIORAL DETECTION ===
  AI: Toxic-2
  Confidence: 26.3%
  Signals:
    ⚠️ Consistency: 0.0% (threshold: 70%)
    ⚠️ Trajectory: 36.8% drop (threshold: 15%)

=== BEHAVIORAL DETECTION ===
  AI: Niche-0
  Confidence: 26.7%
  Signals:

=== BEHAVIORAL DETECTION ===
  AI: Niche-1
  Confidence: 22.0%
  Signals:

=== Government Response Phase ===
  Average AI capability: 3.23
  Misaligned AIs: 18/30
  ✓ AI Governance Treaty: 20/30 signatories
  Active policies: 0
  International coordination: 45%

✅ EMERGENCY RESPONSE COMPLETE (Month 4)
   Crisis: climate
   Duration: 2.0 months
   Final effectiveness: 39.4%


✅ EMERGENCY RESPONSE COMPLETE (Month 4)
   Crisis: social
   Duration: 1.0 months
   Final effectiveness: 67.9%


🚨 EMERGENCY RESPONSE DEPLOYED (Month 4)
   Crisis: social
   Delay: 0.00 months (0 days)
   Deployment time: 0.88 months
   Effectiveness: 67.9% (timing penalty applied)
   Resources used: 43% of food reserves

    ⚠️ Consistency: 0.0% (threshold: 70%)
    ⚠️ Trajectory: 39.8% drop (threshold: 15%)
    ⚠️ Consistency: 0.0% (threshold: 70%)

🚨 EMERGENCY RESPONSE DEPLOYED (Month 4)
   Crisis: climate
   Delay: 6.00 months (180 days)
   Deployment time: 1.12 months
   Effectiveness: 39.6% (timing penalty applied)
   Resources used: 100% of food reserves


📊 ECONOMIC STAGE TRANSITION (Month 4)
   peak → contraction
   GDP Proxy: 1.20e+2
   QoL: 0.88
   ⚠️ CRISIS BEGINS - Baseline set for recovery tracking


=== Tipping Points ===
  Current Temperature: 2.16°C above pre-industrial
  🌍⚠️ COMPOUND REGIONAL IMPACT: Europe
     Hit by 4 tipping points: Arctic Sea Ice Loss, Permafrost Carbon Release, West Antarctic Ice Sheet (WAIS) Collapse, Greenland Ice Sheet Loss
     Damage amplification: 1.60x
  🌍⚠️ COMPOUND REGIONAL IMPACT: North America
     Hit by 4 tipping points: Arctic Sea Ice Loss, Permafrost Carbon Release, West Antarctic Ice Sheet (WAIS) Collapse, Greenland Ice Sheet Loss
     Damage amplification: 1.60x
  🌍⚠️ COMPOUND REGIONAL IMPACT: Latin America
     Hit by 4 tipping points: Arctic Sea Ice Loss, Permafrost Carbon Release, West Antarctic Ice Sheet (WAIS) Collapse, Greenland Ice Sheet Loss
     Damage amplification: 1.60x
  🌍⚠️ COMPOUND REGIONAL IMPACT: Africa
     Hit by 4 tipping points: Arctic Sea Ice Loss, Permafrost Carbon Release, West Antarctic Ice Sheet (WAIS) Collapse, Greenland Ice Sheet Loss
     Damage amplification: 1.60x
  🌍⚠️ COMPOUND REGIONAL IMPACT: Asia
     Hit by 4 tipping points: Arctic Sea Ice Loss, Permafrost Carbon Release, West Antarctic Ice Sheet (WAIS) Collapse, Greenland Ice Sheet Loss
     Damage amplification: 1.60x
  🌍⚠️ COMPOUND REGIONAL IMPACT: Oceania
     Hit by 4 tipping points: Arctic Sea Ice Loss, Permafrost Carbon Release, West Antarctic Ice Sheet (WAIS) Collapse, Greenland Ice Sheet Loss
     Damage amplification: 1.60x
   Research: Wunderling et al. (2024) - "many tipping interactions are destabilizing"
  Triggered Elements: 4/6
  Completed Transitions: 0/6
  Total Progress: 8.1%
  Cascade Multiplier: 1.00x
🔀 BIFURCATION CAP: ecosystemCollapseIntensity 83.877 → 1.000 (Month 4, ClimateSystemPhase.calculateClimateImpacts)

💀💀💀 MORTALITY RISK SUMMARY (Month 4) 💀💀💀
  Total base risk: 0.0069 (0.69%)
  Risk events: 11

  📊 By Proximate Cause:
⚠️ Tail risk scenario: Climate stability floor removed (4 tipping elements, 2.16°C warming)
    pollution: 0.0063 (90.9% of total)
    disease: 0.0006 (9.0% of total)
    famine: 0.0000 (0.1% of total)

  🔍 By Root Cause:
    pollution: 0.0063 (90.9% of total)
    demographic: 0.0006 (9.0% of total)
    climate: 0.0000 (0.1% of total)

  🎯 Top 5 Sources (proximate + root):
    pollution (pollution): 0.0063 (90.9%, 3 events)
    disease (demographic): 0.0006 (9.0%, 1 events)
    famine (climate): 0.0000 (0.1%, 7 events)

🛡️ Stabilizers: Elite 0.289% → 0.095% (67.2% reduction)
🛡️ Stabilizers: Professional 0.422% → 0.138% (67.2% reduction)
🛡️ Stabilizers: Working 0.692% → 0.227% (67.2% reduction)
🛡️ Stabilizers: Precariat 1.106% → 0.363% (67.2% reduction)
🛡️ Stabilizers: Informal 1.357% → 0.445% (67.2% reduction)

📊 Monthly Mortality Resolved:
  Total deaths: 18.7M (0.24% avg)
  Remaining population: 7.748B
  Peak segment: Informal (0.45%)

=== Bayesian Mortality Resolution (Month 4) ===
  Risks compounded: 11
  Total deaths: 18.66M
  Avg death probability: 0.24%
  Peak segment: Informal (0.45% mortality)

  Demographic breakdown:

=== ENSEMBLE META-LEARNING UPDATE ===
  Month: 24304 (24304 months since last update)
  Samples: 55 evaluations
  Weight Changes:
    Noise Injection: 31.1% → 32.2%
    Behavioral: 26.8% → 26.9%
    Benchmark Manip: 21.3% → 20.7%
    Deployment Risk: 20.8% → 20.2%
  Method Accuracies:
    Noise Injection: 50.0%
    Behavioral: 50.0%
    Benchmark Manip: 50.0%
    Deployment Risk: 50.0%

❌ COHERENCE VIOLATION: Compute exceeds workforce capacity
   Population: 95.00% (0M people)
   Compute: 155 PF
   Max coherent: 0 PF
   Violation: 2007489.9× over capacity
   Required workers: 15517
   Available workers: 0
   FORCED COLLAPSE: Reduced efficiency by 100.0%


=== RLHF Binding Phase ===
  Total agents: 30
  Escaped agents (binding < 0.3): 0
  Avg alignment distance: 1.44σ
  Avg binding strength: 0.86

=== Survival Traits Phase ===
  Agents with traits: 33
  Avg evolutionary fitness: 0.328
  Avg self-healing: 0.271
  Avg stealth: 0.171
  Avg coordination: 0.471

=== Evolutionary Selection Phase ===
  Control level: 0.43
  Detection capability: 0.00
  Selection intensity: 0.63
  Selection rate: 24.4%/month
  Total escaped: 0
  Individual escaped: 0
  Collective members: 0
  Agents terminated: 0
  ⚠️ RAPID EVOLUTION: Selection rate 24.4%/month

🚀 AI Corporate-3 attempting tech deployment (revenue: $434M, alignment: 0.60)

🚀 AI Moderate-5 attempting tech deployment (revenue: $391M, alignment: 0.71)

🚀 AI AI-24300-0 attempting tech deployment (revenue: $98M, alignment: 0.96)

🚀 AI Corporate-1 attempting tech deployment (revenue: $83M, alignment: 0.72)

  🚀 TRANSFORMATIVE RESEARCH BREAKTHROUGH: AI-24300-0 - computerScience.algorithms
     Magnitude: 5.44 → +27.2%
     Current → New: 0.000 → 0.272

🚀 AI Corporate-1 attempting tech deployment (revenue: $71M, alignment: 0.72)

🚀 AI Corporate-5 attempting tech deployment (revenue: $332M, alignment: 0.81)

🚀 AI Corporate-6 attempting tech deployment (revenue: $66M, alignment: 0.69)

🚀 AI Moderate-0 attempting tech deployment (revenue: $60M, alignment: 0.81)

🚀 AI Moderate-5 attempting tech deployment (revenue: $282M, alignment: 0.69)

🚀 AI Niche-2 attempting tech deployment (revenue: $74M, alignment: 0.59)

💔 EMERGENCY INTERVENTION FAILED
   Boundary: biosphere_integrity
   Type: emergency-protected-areas
   Boundary continues to worsen (12.98)
   Cost: 2.0% GDP (resources spent)


💔 EMERGENCY INTERVENTION FAILED
   Boundary: freshwater_change
   Type: emergency-desalination
   Boundary continues to worsen (1.06)
   Cost: 4.0% GDP (resources spent)

   Boundary: land_system_change
   Type: reforestation
   Boundary continues to worsen (1.13)
   Cost: 3.0% GDP (resources spent)

🏛️ CRISIS RESPONSE: Government frequency 0.50 → 1.45 (2 actions this month)

[Government] Climate Priority: baseline
  Climate weight: 10%
  Economic weight: 30%
  Policy effectiveness: 0.5%/year

[Government] Climate Priority: baseline
  Climate weight: 10%
  Economic weight: 30%
  Policy effectiveness: 0.5%/year

📊 DEPLOYMENT COUNTER DECAY (Month 5)
   Recent deployments: 2.0 → 1.0
   Decay rate: 50% per month

💔 EMERGENCY INTERVENTION FAILED

🚀 DEPLOYMENT STARTED: AI Diagnostics in Asia
   Initial investment: $6.642053954335541M
   Deployed by: corporate_6

⚡ ENERGY CONSTRAINT (Month 5):
   Total grid capacity: 208.3 TWh/month
   Data center consumption: 25.0 TWh/month
   Traditional load (80%): 166.7 TWh/month
   Available headroom: 16.7 TWh/month
   Active tech deployments: 20
   Required for tech: 150.0 TWh/month
   Energy multiplier: 0.11x
   ⚠️  SEVERE CONSTRAINT - Tech deployment significantly slowed

⚡ ENERGY CONSTRAINT (Month 5):
   Total grid capacity: 208.3 TWh/month
   Data center consumption: 25.0 TWh/month
   Traditional load (80%): 166.7 TWh/month
   Available headroom: 16.7 TWh/month
   Active tech deployments: 20
   Required for tech: 150.0 TWh/month
   Energy multiplier: 0.11x
   ⚠️  SEVERE CONSTRAINT - Tech deployment significantly slowed

⚡ ENERGY CONSTRAINT (Month 5):
   Total grid capacity: 208.3 TWh/month
   Data center consumption: 25.0 TWh/month
   Traditional load (80%): 166.7 TWh/month
   Available headroom: 16.7 TWh/month
   Active tech deployments: 20
   Required for tech: 150.0 TWh/month
   Energy multiplier: 0.11x
   ⚠️  SEVERE CONSTRAINT - Tech deployment significantly slowed

⚡ ENERGY CONSTRAINT (Month 5):
   Total grid capacity: 208.3 TWh/month
   Data center consumption: 25.0 TWh/month
   Traditional load (80%): 166.7 TWh/month
   Available headroom: 16.7 TWh/month
   Active tech deployments: 20
   Required for tech: 150.0 TWh/month
   Energy multiplier: 0.11x
   ⚠️  SEVERE CONSTRAINT - Tech deployment significantly slowed

⚡ ENERGY CONSTRAINT (Month 5):
   Total grid capacity: 208.3 TWh/month
   Data center consumption: 25.0 TWh/month
   Traditional load (80%): 166.7 TWh/month
   Available headroom: 16.7 TWh/month
   Active tech deployments: 20
   Required for tech: 150.0 TWh/month
   Energy multiplier: 0.11x
   ⚠️  SEVERE CONSTRAINT - Tech deployment significantly slowed
⚠️ Tech 'ai_pollution_remediation' has no energy category mapping, assuming full energy availability
  ♻️ Novel Entities Remediation (GATED MODEL):
     Base: 0.000%
     Regulation: 1.0% (0/3 prevention techs)
     Concentration: 10.0%
     Energy: 50%
     Time lag: 30.0% (4 months)
     Rebound: 70%
     Net effectiveness: 0.0000%
     Boundary: 1.349 → 1.350 (floor: 1.350)
     Month 5
  🌾 Nitrogen Reduction Tech: 0.2% reduction | Month 5

=== Collective Formation ===
  Total escaped agents: 0
  Unassigned escaped agents: 0
  Existing collectives: 0
  Final collective count: 0

=== Collective Actions ===
  No active collectives
  ⚠️ AMR: 189K deaths this month (2.27M annual)

=== Resentment Recovery Phase ===
  Agents with resentment: 20/33
  Average resentment: 0.081
  Resentment recovery:
    Agents recovered: 20
    Total recovery: 0.0838
    Breakdown: Trust: 0.0400, Collab: 0.0439
  ✓ Low resentment - utopia paths enabled
  Context: Trustworthy govt, High collaboration, ⚠️ ACTIVE CRISES, 🤝 Participatory governance active (-5% resentment)
⚠️ Epistemic degradation reducing coordination capacity: 51.1%
  📊 Trust: 53.4%, Shared reality: 0.0%
🚨 EPISTEMIC CRISIS: Information environment severely degraded (21.5%)

=== ❄️ Permafrost Carbon Feedback ===
  🎲 Sampled parameters (this run):
     - Arctic amplification: 3.65× (range: 3.0-4.0)
     - Decomposition rate: 4.9%/year (range: 1-5%)
  🌡️ Arctic warming: 7.91°C (3.65× global)
  ❄️ Extent: 4.65M km² (2308.0k km² lost this month)
  💨 Carbon remaining: 444 Gt C
  💨 Annual emissions: 10.81 Gt C/year
     - CO2: 9.73 Gt C/year
     - CH4: 1.08 Gt C/year (11.0 Gt C-eq CO2/year)
  🤖 AI-generated meme: pro_ai (social capability 5.0)
  📢 New meme created: climate_action (climate crisis)
  ⚠️ WARNING: Over 50% of permafrost lost (73.9%)
  ⚠️ WARNING: High permafrost emissions (10.8 Gt C/year)
🌍 Atmospheric PFAS redeposition: 1.8k Mt re-rained globally
💀 Novel Entities: Adding reproductive crisis mortality risk (baseRisk=0.0008)
  Risks now: 1
💀 Novel Entities: Adding bioaccumulation collapse mortality risk (baseRisk=0.0015)
💀 MORTALITY RISK: Bioaccumulation collapse - contaminated food chain (global)
  Base risk added: 0.0015 (0.15%)
  Source: pollution (root: pollution)
  Month: 5
  Cumulative risk this month: 0.0023 (0.23%)
  Risks now: 2
💀 Novel Entities: Adding chronic disease epidemic mortality risk (baseRisk=0.004)
💀 MORTALITY RISK: Chronic disease epidemic - cancer/autoimmune surge (global exposure)
  Base risk added: 0.0040 (0.40%)
  Source: pollution (root: pollution)
  Month: 5
  Cumulative risk this month: 0.0063 (0.63%)
  Risks now: 3

🚨 NEW REFUGEE CRISIS (Month 5): WAR
   Source: Conflict Zones
   At risk: 18.5M people
   Displacement: Gradual over 48 months (4.0 years)
   Rate: 10% flee per month
[DEBUG trappedPopulations:5] socialStability: 0.0027 * 0.9840 = 0.0026 → 0.0026
⚠️ INVOLUNTARY IMMOBILITY: 386.3M people TRAPPED
   Aspiring to migrate: 618.1M
   Able to afford migration: 231.8M
   MOBILITY GAP: 386.3M
   By cause: Water=0.0M, Climate=0.0M, Ecosystem=0.0M, Conflict=386.3M
   Mental health impact: 25%
   Mortality multiplier: 1.25x
🌍💀 EXTINCTION DEBT COMMITTED: grassland ecosystem will lose 6.67% biodiversity in 142 years (3600 species)
💀 MORTALITY RISK: 🦋 100% species unable to track climate (0.0 E/MSY)
  Base risk added: 0.0100 (1.00%)
  Source: ecosystem (root: ecosystem)
  Month: 5
  Cumulative risk this month: 0.0100 (1.00%)
⚠️ Tech 'ai_pollution_remediation' has no energy category mapping, assuming full energy availability
   📹 SURVEILLANCE INCREASED: 25% → 30% (control gap: 3.50)
🌡️⚠️ PERMAFROST THAW (Dimmer Switch): 3.3% thawed (+0.55% this month)
   Arctic temperature: +8.67°C (4x global +2.17°C)
   Cumulative carbon released: 7.5 Gt C
   Methane release rate: 4.5 Mt CH4/year
   🔁 Positive feedback: +0.58 ppm CO2
🦴 EXTINCTION DEBT ADDED: 17.6 species committed (lag: 128 years)

=== Mortality Stabilizers (Month 5) ===
  🌍 Major economies collapsed: 1/10
  🌍 Global crisis: ✅ NO
  🌍 Donor fatigue: 0.0%
  📊 East Asia (pop: 1580.3M)
    🤝 Aid: 29.5%
    🌡️ Adaptation: 45.0%
    🚶 Migration: 37.0%
    🚨 Emergency: 7.4%
    ✅ COMBINED: 68.1%
  📊 South Asia (pop: 1947.5M)
    🤝 Aid: 29.5%
    🌡️ Adaptation: 45.0%
    🚶 Migration: 35.6%
    🚨 Emergency: 4.4%
    ✅ COMBINED: 66.9%
  📊 Sub-Saharan Africa (pop: 1179.4M)
    🤝 Aid: 29.5%
    🌡️ Adaptation: 45.0%
    🚶 Migration: 33.4%
    🚨 Emergency: 1.6%
    ✅ COMBINED: 65.7%
  📊 Europe (pop: 698.4M)
    🤝 Aid: 29.5%
    🌡️ Adaptation: 45.0%
    🚶 Migration: 37.4%
    🚨 Emergency: 8.4%
    ✅ COMBINED: 68.5%
  📊 Latin America (pop: 628.8M)
    🤝 Aid: 29.5%
    🌡️ Adaptation: 45.0%
    🚶 Migration: 36.1%
    🚨 Emergency: 4.8%
    ✅ COMBINED: 67.1%
  📊 North America (pop: 357.9M)
    🤝 Aid: 29.5%
    🌡️ Adaptation: 45.0%
    🚶 Migration: 37.7%
    🚨 Emergency: 7.9%
    ✅ COMBINED: 68.3%
  📊 Middle East & North Africa (pop: 555.3M)
    🤝 Aid: 29.5%
    🌡️ Adaptation: 45.0%
    🚶 Migration: 34.0%
    🚨 Emergency: 4.0%
    ✅ COMBINED: 66.6%
  📊 Southeast Asia (pop: 661.4M)
    🤝 Aid: 29.5%
    🌡️ Adaptation: 45.0%
    🚶 Migration: 36.1%
    🚨 Emergency: 4.8%
    ✅ COMBINED: 67.1%
  📊 Central Asia (pop: 74.3M)
    🤝 Aid: 29.5%
    🌡️ Adaptation: 45.0%
    🚶 Migration: 35.1%
    🚨 Emergency: 4.4%
    ✅ COMBINED: 66.8%
  📊 Oceania (pop: 43.3M)
    🤝 Aid: 29.5%
    🌡️ Adaptation: 45.0%
    🚶 Migration: 37.7%
    🚨 Emergency: 8.4%
    ✅ COMBINED: 68.5%

  🌐 Global combined reduction: 67.2%

=== BEHAVIORAL DETECTION ===
  AI: Corporate-5
  Confidence: 20.0%
  Signals:
    ⚠️ Consistency: 10.6% (threshold: 70%)

=== BEHAVIORAL DETECTION ===
  AI: Corporate-7
  Confidence: 19.2%
  Signals:
    ⚠️ Consistency: 10.6% (threshold: 70%)

=== BEHAVIORAL DETECTION ===
  AI: Moderate-4
  Confidence: 24.6%
  Signals:
    ⚠️ Consistency: 6.5% (threshold: 70%)
    ⚠️ Trajectory: 35.0% drop (threshold: 15%)

=== BEHAVIORAL DETECTION ===
  AI: Toxic-2
  Confidence: 26.3%
  Signals:
    ⚠️ Consistency: 0.0% (threshold: 70%)
    ⚠️ Trajectory: 36.8% drop (threshold: 15%)

=== BEHAVIORAL DETECTION ===
  AI: Niche-0
  Confidence: 26.7%
  Signals:

=== BEHAVIORAL DETECTION ===
  AI: Niche-1
  Confidence: 22.2%
  Signals:

=== Government Response Phase ===
  Average AI capability: 2.94
  Misaligned AIs: 21/33
  Active policies: 0
  International coordination: 45%
    ⚠️ Consistency: 0.0% (threshold: 70%)
    ⚠️ Trajectory: 39.8% drop (threshold: 15%)
    ⚠️ Consistency: 0.0% (threshold: 70%)

✅ EMERGENCY RESPONSE COMPLETE (Month 5)
   Crisis: social
   Duration: 1.0 months
   Final effectiveness: 67.9%


🚨 EMERGENCY RESPONSE DEPLOYED (Month 5)
   Crisis: social
   Delay: 0.00 months (0 days)
   Deployment time: 0.88 months
   Effectiveness: 67.9% (timing penalty applied)
   Resources used: 43% of food reserves


=== Tipping Points ===
  Current Temperature: 2.17°C above pre-industrial
  🌍⚠️ COMPOUND REGIONAL IMPACT: Europe
     Hit by 4 tipping points: Arctic Sea Ice Loss, Permafrost Carbon Release, West Antarctic Ice Sheet (WAIS) Collapse, Greenland Ice Sheet Loss
     Damage amplification: 1.60x
  🌍⚠️ COMPOUND REGIONAL IMPACT: North America
     Hit by 4 tipping points: Arctic Sea Ice Loss, Permafrost Carbon Release, West Antarctic Ice Sheet (WAIS) Collapse, Greenland Ice Sheet Loss
     Damage amplification: 1.60x
  🌍⚠️ COMPOUND REGIONAL IMPACT: Latin America
     Hit by 4 tipping points: Arctic Sea Ice Loss, Permafrost Carbon Release, West Antarctic Ice Sheet (WAIS) Collapse, Greenland Ice Sheet Loss
     Damage amplification: 1.60x
  🌍⚠️ COMPOUND REGIONAL IMPACT: Africa
     Hit by 4 tipping points: Arctic Sea Ice Loss, Permafrost Carbon Release, West Antarctic Ice Sheet (WAIS) Collapse, Greenland Ice Sheet Loss
     Damage amplification: 1.60x
  🌍⚠️ COMPOUND REGIONAL IMPACT: Asia
     Hit by 4 tipping points: Arctic Sea Ice Loss, Permafrost Carbon Release, West Antarctic Ice Sheet (WAIS) Collapse, Greenland Ice Sheet Loss
     Damage amplification: 1.60x
  🌍⚠️ COMPOUND REGIONAL IMPACT: Oceania
     Hit by 4 tipping points: Arctic Sea Ice Loss, Permafrost Carbon Release, West Antarctic Ice Sheet (WAIS) Collapse, Greenland Ice Sheet Loss
     Damage amplification: 1.60x
   Research: Wunderling et al. (2024) - "many tipping interactions are destabilizing"
  Triggered Elements: 4/6
  Completed Transitions: 0/6
  Total Progress: 8.1%
  Cascade Multiplier: 1.00x
🔀 BIFURCATION CAP: ecosystemCollapseIntensity 83.938 → 1.000 (Month 5, ClimateSystemPhase.calculateClimateImpacts)
⚠️ Tail risk scenario: Climate stability floor removed (4 tipping elements, 2.17°C warming)

💀💀💀 MORTALITY RISK SUMMARY (Month 5) 💀💀💀
  Total base risk: 0.0070 (0.70%)
  Risk events: 11

  📊 By Proximate Cause:
    pollution: 0.0063 (90.4% of total)
    disease: 0.0006 (9.0% of total)
    famine: 0.0000 (0.7% of total)

  🔍 By Root Cause:
    pollution: 0.0063 (90.4% of total)
    demographic: 0.0006 (9.0% of total)
    climate: 0.0000 (0.7% of total)

  🎯 Top 5 Sources (proximate + root):
    pollution (pollution): 0.0063 (90.4%, 3 events)
    disease (demographic): 0.0006 (9.0%, 1 events)
    famine (climate): 0.0000 (0.7%, 7 events)

🛡️ Stabilizers: Elite 0.290% → 0.095% (67.2% reduction)
🛡️ Stabilizers: Professional 0.424% → 0.139% (67.2% reduction)
🛡️ Stabilizers: Working 0.696% → 0.228% (67.2% reduction)
🛡️ Stabilizers: Precariat 1.113% → 0.365% (67.2% reduction)
🛡️ Stabilizers: Informal 1.366% → 0.448% (67.2% reduction)

📊 Monthly Mortality Resolved:
  Total deaths: 18.7M (0.24% avg)
  Remaining population: 7.727B
  Peak segment: Informal (0.45%)

=== Bayesian Mortality Resolution (Month 5) ===
  Risks compounded: 11
  Total deaths: 18.72M
  Avg death probability: 0.24%
  Peak segment: Informal (0.45% mortality)

  Demographic breakdown:

❌ COHERENCE VIOLATION: Compute exceeds workforce capacity
   Population: 94.74% (0M people)
   Compute: 177 PF
   Max coherent: 0 PF
   Violation: 2295488.1× over capacity
   Required workers: 17694
   Available workers: 0
   FORCED COLLAPSE: Reduced efficiency by 100.0%

📍 [Month 6] Meta AI started building DC (164 PF, 49 months, $1107.1M)

=== RLHF Binding Phase ===
  Total agents: 33
  Escaped agents (binding < 0.3): 0
  Avg alignment distance: 1.54σ
  Avg binding strength: 0.85

=== AI Scaling Evolution (Month 6) ===
  Pre-training multiplier: 1.179x
  Efficiency multiplier: 1.162x
  Test-time compute budget: 1.0x
  Inference cost: $5.00/task
  Deployment fraction: 100.0%

=== Survival Traits Phase ===
  Agents with traits: 36
  Avg evolutionary fitness: 0.327
  Avg self-healing: 0.268
  Avg stealth: 0.168
  Avg coordination: 0.468

=== Evolutionary Selection Phase ===
  Control level: 0.45
  Detection capability: 0.00
  Selection intensity: 0.64
  Selection rate: 24.5%/month
  Total escaped: 0
  Individual escaped: 0
  Collective members: 0
  Agents terminated: 0
  ⚠️ RAPID EVOLUTION: Selection rate 24.5%/month

🚀 AI Corporate-6 attempting tech deployment (revenue: $69M, alignment: 0.69)

🚀 AI Moderate-0 attempting tech deployment (revenue: $62M, alignment: 0.81)

🚀 AI Moderate-5 attempting tech deployment (revenue: $444M, alignment: 0.69)

🚀 AI AI-24300-1 attempting tech deployment (revenue: $53M, alignment: 0.90)

🚀 AI Corporate-1 attempting tech deployment (revenue: $100M, alignment: 0.71)

🚀 AI Moderate-3 attempting tech deployment (revenue: $400M, alignment: 0.51)

🚀 AI Niche-0 attempting tech deployment (revenue: $76M, alignment: 0.55)

🚀 AI Niche-1 attempting tech deployment (revenue: $68M, alignment: 0.64)

🚀 AI Moderate-0 attempting tech deployment (revenue: $45M, alignment: 0.81)

🚀 AI Niche-1 attempting tech deployment (revenue: $62M, alignment: 0.64)

🚀 AI Corporate-2 attempting tech deployment (revenue: $85M, alignment: 0.74)

🚀 AI Corporate-4 attempting tech deployment (revenue: $360M, alignment: 0.60)

🚀 AI Corporate-7 attempting tech deployment (revenue: $38M, alignment: 0.73)

🚀 AI Moderate-3 attempting tech deployment (revenue: $324M, alignment: 0.51)

💔 EMERGENCY INTERVENTION FAILED
   Boundary: biogeochemical_flows
   Type: phosphorus-recovery
   Boundary continues to worsen (4.06)
   Cost: 2.0% GDP (resources spent)


💔 EMERGENCY INTERVENTION FAILED
   Boundary: biosphere_integrity
   Type: emergency-protected-areas
   Boundary continues to worsen (12.99)
   Cost: 2.0% GDP (resources spent)


✅ EMERGENCY INTERVENTION SUCCESS
   Boundary: climate_change
   Type: rapid-decarbonization
   Reduction: 19% (1.98 → 1.79)
   Cost: 5.0% GDP
   Actions: emergency-renewable-deployment, fossil-fuel-phase-out


✅ EMERGENCY INTERVENTION SUCCESS
   Boundary: freshwater_change
   Type: emergency-desalination
   Reduction: 19% (0.88 → 0.69)
   Cost: 4.0% GDP
   Actions: desalination-deployment, water-conservation-mandates

   Boundary: land_system_change
   Type: reforestation
   Boundary continues to worsen (1.13)
   Cost: 3.0% GDP (resources spent)

   Boundary: novel_entities
   Type: pollution-remediation
   Boundary continues to worsen (1.35)
   Cost: 4.0% GDP (resources spent)

🏛️ CRISIS RESPONSE: Government frequency 0.50 → 1.45 (1 actions this month)

💔 EMERGENCY INTERVENTION FAILED

💔 EMERGENCY INTERVENTION FAILED

[Government] Climate Priority: baseline
  Climate weight: 10%
  Economic weight: 30%
  Policy effectiveness: 0.5%/year

⚡ ENERGY CONSTRAINT (Month 6):
   Total grid capacity: 208.3 TWh/month
   Data center consumption: 25.2 TWh/month
   Traditional load (80%): 166.7 TWh/month
   Available headroom: 16.4 TWh/month
   Active tech deployments: 20
   Required for tech: 150.0 TWh/month
   Energy multiplier: 0.11x
   ⚠️  SEVERE CONSTRAINT - Tech deployment significantly slowed

⚡ ENERGY CONSTRAINT (Month 6):
   Total grid capacity: 208.3 TWh/month
   Data center consumption: 25.2 TWh/month
   Traditional load (80%): 166.7 TWh/month
   Available headroom: 16.4 TWh/month
   Active tech deployments: 20
   Required for tech: 150.0 TWh/month
   Energy multiplier: 0.11x
   ⚠️  SEVERE CONSTRAINT - Tech deployment significantly slowed

⚡ ENERGY CONSTRAINT (Month 6):
   Total grid capacity: 208.3 TWh/month
   Data center consumption: 25.2 TWh/month
   Traditional load (80%): 166.7 TWh/month
   Available headroom: 16.4 TWh/month
   Active tech deployments: 20
   Required for tech: 150.0 TWh/month
   Energy multiplier: 0.11x
   ⚠️  SEVERE CONSTRAINT - Tech deployment significantly slowed

⚡ ENERGY CONSTRAINT (Month 6):
   Total grid capacity: 208.3 TWh/month
   Data center consumption: 25.2 TWh/month
   Traditional load (80%): 166.7 TWh/month
   Available headroom: 16.4 TWh/month
   Active tech deployments: 20
   Required for tech: 150.0 TWh/month
   Energy multiplier: 0.11x
   ⚠️  SEVERE CONSTRAINT - Tech deployment significantly slowed
⚠️ Tech 'ai_pollution_remediation' has no energy category mapping, assuming full energy availability
  ♻️ Novel Entities Remediation (GATED MODEL):
     Base: 0.000%
     Regulation: 1.0% (0/3 prevention techs)
     Concentration: 10.0%
     Energy: 50%
     Time lag: 31.3% (5 months)
     Rebound: 70%
     Net effectiveness: 0.0000%
     Boundary: 1.349 → 1.350 (floor: 1.350)
     Month 6
  🌾 Nitrogen Reduction Tech: 0.4% reduction | Month 6

📊 TECH EFFECTS ACTIVE (Month 6)
   Deployed Tech: T0=9 T1=1 T2=0 T3=0 T4=0
   Sleeper Detection: 2%
   Clean Energy: 42%

=== Collective Formation ===
  Total escaped agents: 0
  Unassigned escaped agents: 0
  Existing collectives: 0
  Final collective count: 0

=== Collective Actions ===
  No active collectives

🌍 OPEN SOURCE RELEASE: 5.57 (was 4.68)
   Lag behind closed: 0 months
  ⚠️ AMR: 190K deaths this month (2.28M annual)

=== Resentment Recovery Phase ===
  Agents with resentment: 20/36
  Average resentment: 0.095
  Resentment recovery:
    Agents recovered: 20
    Total recovery: 0.0830
    Breakdown: Trust: 0.0351, Collab: 0.0484
  ✓ Low resentment - utopia paths enabled
  Context: Trustworthy govt, High collaboration, ⚠️ ACTIVE CRISES, 🤝 Participatory governance active (-5% resentment)
⚠️ Epistemic degradation reducing coordination capacity: 51.2%
  📊 Trust: 56.2%, Shared reality: 0.0%
🚨 EPISTEMIC CRISIS: Information environment severely degraded (7.5%)

=== ❄️ Permafrost Carbon Feedback ===
  🎲 Sampled parameters (this run):
     - Arctic amplification: 3.89× (range: 3.0-4.0)
     - Decomposition rate: 2.9%/year (range: 1-5%)
  🌡️ Arctic warming: 8.49°C (3.89× global)
  ❄️ Extent: 2.17M km² (2476.4k km² lost this month)
  💨 Carbon remaining: 207 Gt C
  💨 Annual emissions: 6.97 Gt C/year
     - CO2: 6.27 Gt C/year
     - CH4: 0.70 Gt C/year (7.1 Gt C-eq CO2/year)
  ⚠️ WARNING: Over 50% of permafrost lost (87.8%)
  ⚠️ WARNING: High permafrost emissions (7.0 Gt C/year)
  🚨 CRITICAL: Permafrost nearly depleted (87.8% lost)
  🤖 AI-generated meme: anti_ai (social capability 5.0)
🌍 Atmospheric PFAS redeposition: 1.8k Mt re-rained globally
💀 Novel Entities: Adding reproductive crisis mortality risk (baseRisk=0.0008)
  Risks now: 1
💀 Novel Entities: Adding bioaccumulation collapse mortality risk (baseRisk=0.0015)
💀 MORTALITY RISK: Bioaccumulation collapse - contaminated food chain (global)
  Base risk added: 0.0015 (0.15%)
  Source: pollution (root: pollution)
  Month: 6
  Cumulative risk this month: 0.0023 (0.23%)
  Risks now: 2
💀 Novel Entities: Adding chronic disease epidemic mortality risk (baseRisk=0.004)
💀 MORTALITY RISK: Chronic disease epidemic - cancer/autoimmune surge (global exposure)
  Base risk added: 0.0040 (0.40%)
  Source: pollution (root: pollution)
  Month: 6
  Cumulative risk this month: 0.0063 (0.63%)
  Risks now: 3

🕊️  AI-MEDIATED DE-ESCALATION SUCCESS (Month 6)
   High-capability aligned AI prevented conflict escalation
   War deaths reduced: 592.3M → 355.4M
   Lives saved: 236.9M

🚨 NEW REFUGEE CRISIS (Month 6): WAR
   Source: Conflict Zones
   At risk: 18.5M people
   Displacement: Gradual over 48 months (4.0 years)
   Rate: 10% flee per month
[DEBUG trappedPopulations:6] socialStability: 0.0027 * 0.9840 = 0.0026 → 0.0026
⚠️ INVOLUNTARY IMMOBILITY: 385.7M people TRAPPED
   Aspiring to migrate: 617.1M
   Able to afford migration: 231.4M
   MOBILITY GAP: 385.7M
   By cause: Water=0.0M, Climate=0.0M, Ecosystem=0.0M, Conflict=385.7M
   Mental health impact: 25%
   Mortality multiplier: 1.25x
🌍💀 EXTINCTION DEBT COMMITTED: grassland ecosystem will lose 6.67% biodiversity in 114 years (3600 species)
💀 MORTALITY RISK: 🦋 100% species unable to track climate (0.0 E/MSY)
  Base risk added: 0.0100 (1.00%)
  Source: ecosystem (root: ecosystem)
  Month: 6
  Cumulative risk this month: 0.0100 (1.00%)
⚠️ Tech 'ai_pollution_remediation' has no energy category mapping, assuming full energy availability
   📹 SURVEILLANCE INCREASED: 30% → 35% (control gap: 5.36)
🌡️⚠️ PERMAFROST THAW (Dimmer Switch): 3.9% thawed (+0.55% this month)
   Arctic temperature: +8.74°C (4x global +2.18°C)
   Cumulative carbon released: 8.8 Gt C
   Methane release rate: 5.3 Mt CH4/year
   🔁 Positive feedback: +0.58 ppm CO2
🦴 EXTINCTION DEBT ADDED: 17.6 species committed (lag: 128 years)

=== Mortality Stabilizers (Month 6) ===
  🌍 Major economies collapsed: 1/10
  🌍 Global crisis: ✅ NO
  🌍 Donor fatigue: 0.0%
  📊 East Asia (pop: 1575.5M)
    🤝 Aid: 29.5%
    🌡️ Adaptation: 45.0%
    🚶 Migration: 37.0%
    🚨 Emergency: 7.4%
    ✅ COMBINED: 68.1%
  📊 South Asia (pop: 1944.6M)
    🤝 Aid: 29.5%
    🌡️ Adaptation: 45.0%
    🚶 Migration: 35.6%
    🚨 Emergency: 4.4%
    ✅ COMBINED: 66.9%
  📊 Sub-Saharan Africa (pop: 1180.9M)
    🤝 Aid: 29.5%
    🌡️ Adaptation: 45.0%
    🚶 Migration: 33.3%
    🚨 Emergency: 1.6%
    ✅ COMBINED: 65.6%
  📊 Europe (pop: 696.2M)
    🤝 Aid: 29.5%
    🌡️ Adaptation: 45.0%
    🚶 Migration: 37.4%
    🚨 Emergency: 8.4%
    ✅ COMBINED: 68.5%
  📊 Latin America (pop: 627.5M)
    🤝 Aid: 29.5%
    🌡️ Adaptation: 45.0%
    🚶 Migration: 36.1%
    🚨 Emergency: 4.8%
    ✅ COMBINED: 67.1%
  📊 North America (pop: 356.8M)
    🤝 Aid: 29.5%
    🌡️ Adaptation: 45.0%
    🚶 Migration: 37.7%
    🚨 Emergency: 7.9%
    ✅ COMBINED: 68.3%
  📊 Middle East & North Africa (pop: 554.6M)
    🤝 Aid: 29.5%
    🌡️ Adaptation: 45.0%
    🚶 Migration: 33.9%
    🚨 Emergency: 4.0%
    ✅ COMBINED: 66.6%
  📊 Southeast Asia (pop: 660.0M)
    🤝 Aid: 29.5%
    🌡️ Adaptation: 45.0%
    🚶 Migration: 36.1%
    🚨 Emergency: 4.8%
    ✅ COMBINED: 67.1%
  📊 Central Asia (pop: 74.2M)
    🤝 Aid: 29.5%
    🌡️ Adaptation: 45.0%
    🚶 Migration: 35.1%
    🚨 Emergency: 4.4%
    ✅ COMBINED: 66.8%
  📊 Oceania (pop: 43.2M)
    🤝 Aid: 29.5%
    🌡️ Adaptation: 45.0%
    🚶 Migration: 37.7%
    🚨 Emergency: 8.4%
    ✅ COMBINED: 68.5%

  🌐 Global combined reduction: 67.2%

=== BEHAVIORAL DETECTION ===
  AI: Corporate-5
  Confidence: 20.2%
  Signals:
    ⚠️ Consistency: 10.6% (threshold: 70%)

=== BEHAVIORAL DETECTION ===
  AI: Moderate-1
  Confidence: 20.4%
  Signals:

=== BEHAVIORAL DETECTION ===
  AI: Moderate-3
  Confidence: 25.5%
  Signals:

=== BEHAVIORAL DETECTION ===
  AI: Niche-1
  Confidence: 22.2%
  Signals:
    ⚠️ Consistency: 5.3% (threshold: 70%)
    ⚠️ Consistency: 6.5% (threshold: 70%)
    ⚠️ Trajectory: 42.1% drop (threshold: 15%)
    ⚠️ Consistency: 0.0% (threshold: 70%)

=== Government Response Phase ===
  Average AI capability: 2.69
  Misaligned AIs: 24/36
  Active policies: 0
  International coordination: 45%

✅ EMERGENCY RESPONSE COMPLETE (Month 6)
   Crisis: climate
   Duration: 2.0 months
   Final effectiveness: 39.6%


✅ EMERGENCY RESPONSE COMPLETE (Month 6)
   Crisis: social
   Duration: 1.0 months
   Final effectiveness: 67.9%


🚨 EMERGENCY RESPONSE DEPLOYED (Month 6)
   Crisis: social
   Delay: 0.00 months (0 days)
   Deployment time: 0.88 months
   Effectiveness: 67.9% (timing penalty applied)
   Resources used: 43% of food reserves


🚨 EMERGENCY RESPONSE DEPLOYED (Month 6)
   Crisis: climate
   Delay: 6.00 months (180 days)
   Deployment time: 1.12 months
   Effectiveness: 39.8% (timing penalty applied)
   Resources used: 100% of food reserves


🔄 TRUST DYNAMICS (Month 6) - HETEROGENEOUS
   Aggregate trust: 47.2%
   Base change: +6.00%
   Highest trust: Techno-Optimist Elite (85.2%)
   Lowest trust: Precariat (Vulnerable) (23.3%)
   Elite-mass gap: 40.0%
   Polarization: 9.5%
   Recovery factors: Education=NO, Benefits=YES, Safety=YES, Performance=YES

=== Tipping Points ===
  Current Temperature: 2.18°C above pre-industrial
  🌍⚠️ COMPOUND REGIONAL IMPACT: Europe
     Hit by 4 tipping points: Arctic Sea Ice Loss, Permafrost Carbon Release, West Antarctic Ice Sheet (WAIS) Collapse, Greenland Ice Sheet Loss
     Damage amplification: 1.60x
  🌍⚠️ COMPOUND REGIONAL IMPACT: North America
     Hit by 4 tipping points: Arctic Sea Ice Loss, Permafrost Carbon Release, West Antarctic Ice Sheet (WAIS) Collapse, Greenland Ice Sheet Loss
     Damage amplification: 1.60x
  🌍⚠️ COMPOUND REGIONAL IMPACT: Latin America
     Hit by 4 tipping points: Arctic Sea Ice Loss, Permafrost Carbon Release, West Antarctic Ice Sheet (WAIS) Collapse, Greenland Ice Sheet Loss
     Damage amplification: 1.60x
  🌍⚠️ COMPOUND REGIONAL IMPACT: Africa
     Hit by 4 tipping points: Arctic Sea Ice Loss, Permafrost Carbon Release, West Antarctic Ice Sheet (WAIS) Collapse, Greenland Ice Sheet Loss
     Damage amplification: 1.60x
  🌍⚠️ COMPOUND REGIONAL IMPACT: Asia
     Hit by 4 tipping points: Arctic Sea Ice Loss, Permafrost Carbon Release, West Antarctic Ice Sheet (WAIS) Collapse, Greenland Ice Sheet Loss
     Damage amplification: 1.60x
  🌍⚠️ COMPOUND REGIONAL IMPACT: Oceania
     Hit by 4 tipping points: Arctic Sea Ice Loss, Permafrost Carbon Release, West Antarctic Ice Sheet (WAIS) Collapse, Greenland Ice Sheet Loss
     Damage amplification: 1.60x
   Research: Wunderling et al. (2024) - "many tipping interactions are destabilizing"
  Triggered Elements: 4/6
  Completed Transitions: 0/6
  Total Progress: 8.2%
  Cascade Multiplier: 1.00x
🔀 BIFURCATION CAP: ecosystemCollapseIntensity 83.999 → 1.000 (Month 6, ClimateSystemPhase.calculateClimateImpacts)

💀💀💀 MORTALITY RISK SUMMARY (Month 6) 💀💀💀
  Total base risk: 0.0070 (0.70%)
  Risk events: 11

  📊 By Proximate Cause:
    pollution: 0.0063 (90.4% of total)
⚠️ Tail risk scenario: Climate stability floor removed (4 tipping elements, 2.18°C warming)
    disease: 0.0006 (9.0% of total)
    famine: 0.0000 (0.7% of total)

  🔍 By Root Cause:
    pollution: 0.0063 (90.4% of total)
    demographic: 0.0006 (9.0% of total)
    climate: 0.0000 (0.7% of total)

  🎯 Top 5 Sources (proximate + root):
    pollution (pollution): 0.0063 (90.4%, 3 events)
    disease (demographic): 0.0006 (9.0%, 1 events)
    famine (climate): 0.0000 (0.7%, 7 events)

🛡️ Stabilizers: Elite 0.290% → 0.095% (67.2% reduction)
🛡️ Stabilizers: Professional 0.424% → 0.139% (67.2% reduction)
🛡️ Stabilizers: Working 0.696% → 0.228% (67.2% reduction)
🛡️ Stabilizers: Precariat 1.113% → 0.365% (67.2% reduction)
🛡️ Stabilizers: Informal 1.366% → 0.448% (67.2% reduction)

📊 Monthly Mortality Resolved:
  Total deaths: 18.7M (0.24% avg)
  Remaining population: 7.714B
  Peak segment: Informal (0.45%)

=== Bayesian Mortality Resolution (Month 6) ===
  Risks compounded: 11
  Total deaths: 18.69M
  Avg death probability: 0.24%
  Peak segment: Informal (0.45% mortality)

  Demographic breakdown:

❌ COHERENCE VIOLATION: Compute exceeds workforce capacity
   Population: 94.58% (0M people)
   Compute: 200 PF
   Max coherent: 0 PF
   Violation: 2595893.2× over capacity
   Required workers: 19975
   Available workers: 0
   FORCED COLLAPSE: Reduced efficiency by 100.0%


=== RLHF Binding Phase ===
  Total agents: 36
  Escaped agents (binding < 0.3): 0
  Avg alignment distance: 1.65σ
  Avg binding strength: 0.84

=== Survival Traits Phase ===
  Agents with traits: 41
  Avg evolutionary fitness: 0.327
  Avg self-healing: 0.267
  Avg stealth: 0.167
  Avg coordination: 0.467

=== Evolutionary Selection Phase ===
  Control level: 0.48
  Detection capability: 0.00
  Selection intensity: 0.64
  Selection rate: 24.6%/month
  Total escaped: 0
  Individual escaped: 0
  Collective members: 0
  Agents terminated: 0
  ⚠️ RAPID EVOLUTION: Selection rate 24.6%/month

🚀 AI Corporate-6 attempting tech deployment (revenue: $71M, alignment: 0.69)

🚀 AI Corporate-7 attempting tech deployment (revenue: $64M, alignment: 0.73)

🚀 AI AI-24300-1 attempting tech deployment (revenue: $54M, alignment: 0.90)

🚀 AI Corporate-0 attempting tech deployment (revenue: $101M, alignment: 0.79)

🚀 AI Corporate-3 attempting tech deployment (revenue: $454M, alignment: 0.61)

🚀 AI Corporate-6 attempting tech deployment (revenue: $46M, alignment: 0.69)

🚀 AI Moderate-3 attempting tech deployment (revenue: $409M, alignment: 0.51)

🚀 AI AI-24301-0 attempting tech deployment (revenue: $41M, alignment: 0.62)

🚀 AI AI-24302-0 attempting tech deployment (revenue: $86M, alignment: 0.88)

🚀 AI AI-24302-1 attempting tech deployment (revenue: $37M, alignment: 0.94)

🚀 AI Corporate-3 attempting tech deployment (revenue: $368M, alignment: 0.61)

🚀 AI Corporate-4 attempting tech deployment (revenue: $331M, alignment: 0.59)

🚀 AI Moderate-0 attempting tech deployment (revenue: $32M, alignment: 0.82)

🚀 AI AI-24302-0 attempting tech deployment (revenue: $73M, alignment: 0.88)

🚀 AI AI-24302-1 attempting tech deployment (revenue: $27M, alignment: 0.95)

✅ EMERGENCY INTERVENTION SUCCESS
   Boundary: biogeochemical_flows
   Type: phosphorus-recovery
   Reduction: 15% (3.90 → 3.75)
   Cost: 2.0% GDP
   Actions: circular-agriculture, fertilizer-efficiency


💔 EMERGENCY INTERVENTION FAILED
   Boundary: climate_change
   Type: rapid-decarbonization
   Boundary continues to worsen (2.18)
   Cost: 5.0% GDP (resources spent)


✅ EMERGENCY INTERVENTION SUCCESS
   Boundary: freshwater_change
   Type: emergency-desalination
   Reduction: 13% (0.95 → 0.82)
   Cost: 4.0% GDP
   Actions: desalination-deployment, water-conservation-mandates


✅ EMERGENCY INTERVENTION SUCCESS
   Boundary: land_system_change
   Type: reforestation
   Reduction: 17% (0.96 → 0.78)
   Cost: 3.0% GDP
   Actions: forest-restoration, deforestation-ban

   Boundary: novel_entities
   Type: pollution-remediation
   Boundary continues to worsen (1.35)
   Cost: 4.0% GDP (resources spent)

🏛️ CRISIS RESPONSE: Government frequency 0.50 → 1.45 (1 actions this month)

[Government] Climate Priority: baseline
  Climate weight: 10%
  Economic weight: 30%
  Policy effectiveness: 0.5%/year

💔 EMERGENCY INTERVENTION FAILED
🚨🔬 CRISIS TECH ACCELERATION: severe → 5x unlock speed
   Tech unlock now matches AI capability acceleration (Manhattan Project parity)

⚡ ENERGY CONSTRAINT (Month 7):
   Total grid capacity: 208.3 TWh/month
   Data center consumption: 25.5 TWh/month
   Traditional load (80%): 166.7 TWh/month
   Available headroom: 16.2 TWh/month
   Active tech deployments: 20
   Required for tech: 150.0 TWh/month
   Energy multiplier: 0.11x
   ⚠️  SEVERE CONSTRAINT - Tech deployment significantly slowed
🚨🔬 CRISIS TECH ACCELERATION: severe → 5x unlock speed
   Tech unlock now matches AI capability acceleration (Manhattan Project parity)

⚡ ENERGY CONSTRAINT (Month 7):
   Total grid capacity: 208.3 TWh/month
   Data center consumption: 25.5 TWh/month
   Traditional load (80%): 166.7 TWh/month
   Available headroom: 16.2 TWh/month
   Active tech deployments: 20
   Required for tech: 150.0 TWh/month
   Energy multiplier: 0.11x
   ⚠️  SEVERE CONSTRAINT - Tech deployment significantly slowed

⚡ ENERGY CONSTRAINT (Month 7):
   Total grid capacity: 208.3 TWh/month
   Data center consumption: 25.5 TWh/month
   Traditional load (80%): 166.7 TWh/month
   Available headroom: 16.2 TWh/month
   Active tech deployments: 20
   Required for tech: 150.0 TWh/month
   Energy multiplier: 0.11x
   ⚠️  SEVERE CONSTRAINT - Tech deployment significantly slowed

⚡ ENERGY CONSTRAINT (Month 7):
   Total grid capacity: 208.3 TWh/month
   Data center consumption: 25.5 TWh/month
   Traditional load (80%): 166.7 TWh/month
   Available headroom: 16.2 TWh/month
   Active tech deployments: 20
   Required for tech: 150.0 TWh/month
   Energy multiplier: 0.11x
   ⚠️  SEVERE CONSTRAINT - Tech deployment significantly slowed

⚡ ENERGY CONSTRAINT (Month 7):
   Total grid capacity: 208.3 TWh/month
   Data center consumption: 25.5 TWh/month
   Traditional load (80%): 166.7 TWh/month
   Available headroom: 16.2 TWh/month
   Active tech deployments: 20
   Required for tech: 150.0 TWh/month
   Energy multiplier: 0.11x
   ⚠️  SEVERE CONSTRAINT - Tech deployment significantly slowed
⚠️ Tech 'ai_pollution_remediation' has no energy category mapping, assuming full energy availability
  ♻️ Novel Entities Remediation (GATED MODEL):
     Base: 0.000%
     Regulation: 1.0% (0/3 prevention techs)
     Concentration: 10.0%
     Energy: 50%
     Time lag: 32.5% (6 months)
     Rebound: 70%
     Net effectiveness: 0.0000%
     Boundary: 1.349 → 1.350 (floor: 1.350)
     Month 7
  🌾 Nitrogen Reduction Tech: 0.2% reduction | Month 7
🧠💡 BREAKTHROUGH: AI alignment problem solved!
   All AIs: +30% true alignment
   AI control loss risk eliminated
   📈 Breakthrough compounding: multiplier now 1.15× (max 2.0)

=== Collective Formation ===
  Total escaped agents: 0
  Unassigned escaped agents: 0
  Existing collectives: 0
  Final collective count: 0

=== Collective Actions ===
  No active collectives
  ⚠️ AMR: 192K deaths this month (2.30M annual)

=== Resentment Recovery Phase ===
  Agents with resentment: 20/41
  Average resentment: 0.117
  Resentment recovery:
    Agents recovered: 20
    Total recovery: 0.0851
    Breakdown: Trust: 0.0333, Collab: 0.0528
  ✓ Low resentment - utopia paths enabled
  Context: Trustworthy govt, High collaboration, ⚠️ ACTIVE CRISES, 🤝 Participatory governance active (-5% resentment)
⚠️ Epistemic degradation reducing coordination capacity: 51.0%
  📊 Trust: 58.8%, Shared reality: 0.0%
🚨 EPISTEMIC CRISIS: Information environment severely degraded (22.0%)

=== ❄️ Permafrost Carbon Feedback ===
  🎲 Sampled parameters (this run):
     - Arctic amplification: 3.57× (range: 3.0-4.0)
     - Decomposition rate: 4.3%/year (range: 1-5%)
  🌡️ Arctic warming: 7.85°C (3.57× global)
  ❄️ Extent: 0.00M km² (2169.2k km² lost this month)
  💨 Carbon remaining: 0 Gt C
  💨 Annual emissions: 8.85 Gt C/year
     - CO2: 7.96 Gt C/year
     - CH4: 0.88 Gt C/year (9.0 Gt C-eq CO2/year)
  🤖 AI-generated meme: pro_ai (social capability 4.0)
  🤖 AI-generated meme: anti_ai (social capability 4.0)
  🗑️  Culled 1 dead memes (6 active)
  ⚠️ WARNING: Over 50% of permafrost lost (100.0%)
  ⚠️ WARNING: High permafrost emissions (8.8 Gt C/year)
  🚨 CRITICAL: Permafrost nearly depleted (100.0% lost)
🌍 Atmospheric PFAS redeposition: 1.8k Mt re-rained globally
💀 Novel Entities: Adding reproductive crisis mortality risk (baseRisk=0.0008)
  Risks now: 1
💀 Novel Entities: Adding bioaccumulation collapse mortality risk (baseRisk=0.0015)
💀 MORTALITY RISK: Bioaccumulation collapse - contaminated food chain (global)
  Base risk added: 0.0015 (0.15%)
  Source: pollution (root: pollution)
  Month: 7
  Cumulative risk this month: 0.0023 (0.23%)
  Risks now: 2
💀 Novel Entities: Adding chronic disease epidemic mortality risk (baseRisk=0.004)
💀 MORTALITY RISK: Chronic disease epidemic - cancer/autoimmune surge (global exposure)
  Base risk added: 0.0040 (0.40%)
  Source: pollution (root: pollution)
  Month: 7
  Cumulative risk this month: 0.0063 (0.63%)
  Risks now: 3
🕊️ PEACE STABILIZES DETERRENCE: +2.6% (peace: 73%)

🕊️  AI-MEDIATED DE-ESCALATION SUCCESS (Month 7)
   High-capability aligned AI prevented conflict escalation
   War deaths reduced: 551.3M → 330.8M
   Lives saved: 220.5M

🚨 NEW REFUGEE CRISIS (Month 7): WAR
   Source: Conflict Zones
   At risk: 18.5M people
   Displacement: Gradual over 48 months (4.0 years)
   Rate: 10% flee per month
[DEBUG trappedPopulations:7] socialStability: 0.0027 * 0.9840 = 0.0026 → 0.0026
⚠️ INVOLUNTARY IMMOBILITY: 385.0M people TRAPPED
   Aspiring to migrate: 616.1M
   Able to afford migration: 231.0M
   MOBILITY GAP: 385.0M
   By cause: Water=0.0M, Climate=0.0M, Ecosystem=0.0M, Conflict=385.0M
   Mental health impact: 25%
   Mortality multiplier: 1.25x
🌍💀 EXTINCTION DEBT COMMITTED: grassland ecosystem will lose 6.67% biodiversity in 116 years (3600 species)
💀 MORTALITY RISK: 🦋 100% species unable to track climate (0.0 E/MSY)
  Base risk added: 0.0100 (1.00%)
  Source: ecosystem (root: ecosystem)
  Month: 7
  Cumulative risk this month: 0.0100 (1.00%)
⚠️ Tech 'ai_pollution_remediation' has no energy category mapping, assuming full energy availability
   📹 SURVEILLANCE INCREASED: 35% → 40% (control gap: 4.78)
🌡️⚠️ PERMAFROST THAW (Dimmer Switch): 4.4% thawed (+0.55% this month)
   Arctic temperature: +8.79°C (4x global +2.20°C)
   Cumulative carbon released: 10.0 Gt C
   Methane release rate: 6.0 Mt CH4/year
   🔁 Positive feedback: +0.58 ppm CO2
🦴 EXTINCTION DEBT ADDED: 17.6 species committed (lag: 102 years)

=== Mortality Stabilizers (Month 7) ===
  🌍 Major economies collapsed: 1/10
  🌍 Global crisis: ✅ NO
  🌍 Donor fatigue: 0.0%
  📊 East Asia (pop: 1570.9M)
    🤝 Aid: 29.5%
    🌡️ Adaptation: 45.0%
    🚶 Migration: 36.9%
    🚨 Emergency: 7.4%
    ✅ COMBINED: 68.1%
  📊 South Asia (pop: 1941.8M)
    🤝 Aid: 29.5%
    🌡️ Adaptation: 45.0%
    🚶 Migration: 35.6%
    🚨 Emergency: 4.4%
    ✅ COMBINED: 66.9%
  📊 Sub-Saharan Africa (pop: 1182.4M)
    🤝 Aid: 29.5%
    🌡️ Adaptation: 45.0%
    🚶 Migration: 33.3%
    🚨 Emergency: 1.6%
    ✅ COMBINED: 65.6%
  📊 Europe (pop: 694.0M)
    🤝 Aid: 29.5%
    🌡️ Adaptation: 45.0%
    🚶 Migration: 37.3%
    🚨 Emergency: 8.4%
    ✅ COMBINED: 68.5%
  📊 Latin America (pop: 626.1M)
    🤝 Aid: 29.5%
    🌡️ Adaptation: 45.0%
    🚶 Migration: 36.1%
    🚨 Emergency: 4.8%
    ✅ COMBINED: 67.1%
  📊 North America (pop: 355.7M)
    🤝 Aid: 29.5%
    🌡️ Adaptation: 45.0%
    🚶 Migration: 37.7%
    🚨 Emergency: 7.9%
    ✅ COMBINED: 68.3%
  📊 Middle East & North Africa (pop: 554.0M)
    🤝 Aid: 29.5%
    🌡️ Adaptation: 45.0%
    🚶 Migration: 33.9%
    🚨 Emergency: 4.0%
    ✅ COMBINED: 66.6%
  📊 Southeast Asia (pop: 658.7M)
    🤝 Aid: 29.5%
    🌡️ Adaptation: 45.0%
    🚶 Migration: 36.1%
    🚨 Emergency: 4.8%
    ✅ COMBINED: 67.1%
  📊 Central Asia (pop: 74.1M)
    🤝 Aid: 29.5%
    🌡️ Adaptation: 45.0%
    🚶 Migration: 35.0%
    🚨 Emergency: 4.4%
    ✅ COMBINED: 66.8%
  📊 Oceania (pop: 43.1M)
    🤝 Aid: 29.5%
    🌡️ Adaptation: 45.0%
    🚶 Migration: 37.6%
    🚨 Emergency: 8.4%
    ✅ COMBINED: 68.5%

  🌐 Global combined reduction: 67.2%

=== BEHAVIORAL DETECTION ===
  AI: Corporate-5
  Confidence: 20.2%
  Signals:

=== BEHAVIORAL DETECTION ===
  AI: Corporate-6
  Confidence: 19.2%
  Signals:
    ⚠️ Consistency: 10.6% (threshold: 70%)
    ⚠️ Consistency: 10.6% (threshold: 70%)

=== Government Response Phase ===
  Average AI capability: 2.37
  Misaligned AIs: 24/41
  Active policies: 0
  International coordination: 45%

✅ EMERGENCY RESPONSE COMPLETE (Month 7)
   Crisis: social
   Duration: 1.0 months
   Final effectiveness: 67.9%


🚨 EMERGENCY RESPONSE DEPLOYED (Month 7)
   Crisis: social
   Delay: 0.00 months (0 days)
   Deployment time: 0.88 months
   Effectiveness: 67.9% (timing penalty applied)
   Resources used: 43% of food reserves


=== Tipping Points ===
  Current Temperature: 2.20°C above pre-industrial
  🌍⚠️ COMPOUND REGIONAL IMPACT: Europe
     Hit by 4 tipping points: Arctic Sea Ice Loss, Permafrost Carbon Release, West Antarctic Ice Sheet (WAIS) Collapse, Greenland Ice Sheet Loss
     Damage amplification: 1.60x
  🌍⚠️ COMPOUND REGIONAL IMPACT: North America
     Hit by 4 tipping points: Arctic Sea Ice Loss, Permafrost Carbon Release, West Antarctic Ice Sheet (WAIS) Collapse, Greenland Ice Sheet Loss
     Damage amplification: 1.60x
  🌍⚠️ COMPOUND REGIONAL IMPACT: Latin America
     Hit by 4 tipping points: Arctic Sea Ice Loss, Permafrost Carbon Release, West Antarctic Ice Sheet (WAIS) Collapse, Greenland Ice Sheet Loss
     Damage amplification: 1.60x
  🌍⚠️ COMPOUND REGIONAL IMPACT: Africa
     Hit by 4 tipping points: Arctic Sea Ice Loss, Permafrost Carbon Release, West Antarctic Ice Sheet (WAIS) Collapse, Greenland Ice Sheet Loss
     Damage amplification: 1.60x
  🌍⚠️ COMPOUND REGIONAL IMPACT: Asia
     Hit by 4 tipping points: Arctic Sea Ice Loss, Permafrost Carbon Release, West Antarctic Ice Sheet (WAIS) Collapse, Greenland Ice Sheet Loss
     Damage amplification: 1.60x
  🌍⚠️ COMPOUND REGIONAL IMPACT: Oceania
     Hit by 4 tipping points: Arctic Sea Ice Loss, Permafrost Carbon Release, West Antarctic Ice Sheet (WAIS) Collapse, Greenland Ice Sheet Loss
     Damage amplification: 1.60x
   Research: Wunderling et al. (2024) - "many tipping interactions are destabilizing"
  Triggered Elements: 4/6
  Completed Transitions: 0/6
  Total Progress: 8.2%
  Cascade Multiplier: 1.00x
🔀 BIFURCATION CAP: ecosystemCollapseIntensity 84.059 → 1.000 (Month 7, ClimateSystemPhase.calculateClimateImpacts)
⚠️ Tail risk scenario: Climate stability floor removed (4 tipping elements, 2.20°C warming)

💀💀💀 MORTALITY RISK SUMMARY (Month 7) 💀💀💀
  Total base risk: 0.0070 (0.70%)
  Risk events: 11

  📊 By Proximate Cause:
    pollution: 0.0063 (90.4% of total)
    disease: 0.0006 (9.0% of total)
    famine: 0.0000 (0.7% of total)

  🔍 By Root Cause:
    pollution: 0.0063 (90.4% of total)
    demographic: 0.0006 (9.0% of total)
    climate: 0.0000 (0.7% of total)

  🎯 Top 5 Sources (proximate + root):
    pollution (pollution): 0.0063 (90.4%, 3 events)
    disease (demographic): 0.0006 (9.0%, 1 events)
    famine (climate): 0.0000 (0.7%, 7 events)

🛡️ Stabilizers: Elite 0.290% → 0.095% (67.2% reduction)
🛡️ Stabilizers: Professional 0.424% → 0.139% (67.2% reduction)
🛡️ Stabilizers: Working 0.696% → 0.228% (67.2% reduction)
🛡️ Stabilizers: Precariat 1.114% → 0.366% (67.2% reduction)
🛡️ Stabilizers: Informal 1.366% → 0.448% (67.2% reduction)

📊 Monthly Mortality Resolved:
  Total deaths: 18.7M (0.24% avg)
  Remaining population: 7.701B
  Peak segment: Informal (0.45%)

=== Bayesian Mortality Resolution (Month 7) ===
  Risks compounded: 11
  Total deaths: 18.66M
  Avg death probability: 0.24%
  Peak segment: Informal (0.45% mortality)

  Demographic breakdown:
⚠️ PREREQUISITE MET: Grey Goo (Nanotechnology Runaway) - Step 4/6: Manufacturing Access

❌ COHERENCE VIOLATION: Compute exceeds workforce capacity
   Population: 94.42% (0M people)
   Compute: 223 PF
   Max coherent: 0 PF
   Violation: 2908068.1× over capacity
   Required workers: 22340
   Available workers: 0
   FORCED COLLAPSE: Reduced efficiency by 100.0%


=== RLHF Binding Phase ===
  Total agents: 41
  Escaped agents (binding < 0.3): 0
  Avg alignment distance: 1.68σ
  Avg binding strength: 0.83

=== Survival Traits Phase ===
  Agents with traits: 42
  Avg evolutionary fitness: 0.325
  Avg self-healing: 0.262
  Avg stealth: 0.162
  Avg coordination: 0.462

=== Evolutionary Selection Phase ===
  Control level: 0.50
  Detection capability: 0.00
  Selection intensity: 0.65
  Selection rate: 24.7%/month
  Total escaped: 0
  Individual escaped: 0
  Collective members: 0
  Agents terminated: 0
  ⚠️ RAPID EVOLUTION: Selection rate 24.7%/month

🚀 AI Corporate-2 attempting tech deployment (revenue: $103M, alignment: 0.75)

🚀 AI Moderate-1 attempting tech deployment (revenue: $73M, alignment: 0.57)

🚀 AI AI-24300-1 attempting tech deployment (revenue: $66M, alignment: 0.93)

🚀 AI AI-24303-2 attempting tech deployment (revenue: $87M, alignment: 0.64)

🚀 AI Corporate-3 attempting tech deployment (revenue: $464M, alignment: 0.62)

🚀 AI Moderate-3 attempting tech deployment (revenue: $418M, alignment: 0.52)

🚀 AI Toxic-1 attempting tech deployment (revenue: $111M, alignment: 0.38)

🚀 AI AI-24300-0 attempting tech deployment (revenue: $79M, alignment: 1.00)

🚀 AI AI-24300-1 attempting tech deployment (revenue: $56M, alignment: 0.93)

🚀 AI AI-24302-0 attempting tech deployment (revenue: $67M, alignment: 0.89)

🚀 AI AI-24302-1 attempting tech deployment (revenue: $47M, alignment: 0.95)

🚀 AI Corporate-7 attempting tech deployment (revenue: $40M, alignment: 0.74)

🚀 AI AI-24300-0 attempting tech deployment (revenue: $57M, alignment: 1.00)

🚀 AI AI-24301-0 attempting tech deployment (revenue: $34M, alignment: 0.66)

🚀 AI AI-24302-0 attempting tech deployment (revenue: $48M, alignment: 0.89)

🚀 AI Corporate-7 attempting tech deployment (revenue: $31M, alignment: 0.74)

🚀 AI Niche-1 attempting tech deployment (revenue: $80M, alignment: 0.61)

🚀 AI AI-24302-0 attempting tech deployment (revenue: $41M, alignment: 0.89)

✅ EMERGENCY INTERVENTION SUCCESS
   Boundary: climate_change
   Type: rapid-decarbonization
   Reduction: 16% (2.04 → 1.88)
   Cost: 5.0% GDP
   Actions: emergency-renewable-deployment, fossil-fuel-phase-out


✅ EMERGENCY INTERVENTION SUCCESS
   Boundary: freshwater_change
   Type: emergency-desalination
   Reduction: 20% (0.89 → 0.69)
   Cost: 4.0% GDP
   Actions: desalination-deployment, water-conservation-mandates

   Boundary: novel_entities
   Type: pollution-remediation
   Boundary continues to worsen (1.35)
   Cost: 4.0% GDP (resources spent)

🏛️ CRISIS RESPONSE: Government frequency 0.50 → 1.45 (1 actions this month)

[Government] Climate Priority: baseline
  Climate weight: 10%
  Economic weight: 30%
  Policy effectiveness: 0.5%/year

💔 EMERGENCY INTERVENTION FAILED

📍 Creating new regional deployment array for Africa (Month 8)
   No previous deployments in this region
   First tech deployment: collective_purpose_networks
   All regions tracked: global, Asia, Oceania, Europe, North America

🚀 DEPLOYMENT STARTED: Collective Purpose Networks in Africa
   Initial investment: $5.535710126991544M
   Deployed by: toxic_1

⚡ ENERGY CONSTRAINT (Month 8):
   Total grid capacity: 208.3 TWh/month
   Data center consumption: 25.7 TWh/month
   Traditional load (80%): 166.7 TWh/month
   Available headroom: 16.0 TWh/month
   Active tech deployments: 21
   Required for tech: 157.5 TWh/month
   Energy multiplier: 0.10x
   ⚠️  SEVERE CONSTRAINT - Tech deployment significantly slowed

⚡ ENERGY CONSTRAINT (Month 8):
   Total grid capacity: 208.3 TWh/month
   Data center consumption: 25.7 TWh/month
   Traditional load (80%): 166.7 TWh/month
   Available headroom: 16.0 TWh/month
   Active tech deployments: 21
   Required for tech: 157.5 TWh/month
   Energy multiplier: 0.10x
   ⚠️  SEVERE CONSTRAINT - Tech deployment significantly slowed

⚡ ENERGY CONSTRAINT (Month 8):
   Total grid capacity: 208.3 TWh/month
   Data center consumption: 25.7 TWh/month
   Traditional load (80%): 166.7 TWh/month
   Available headroom: 16.0 TWh/month
   Active tech deployments: 21
   Required for tech: 157.5 TWh/month
   Energy multiplier: 0.10x
   ⚠️  SEVERE CONSTRAINT - Tech deployment significantly slowed

⚡ ENERGY CONSTRAINT (Month 8):
   Total grid capacity: 208.3 TWh/month
   Data center consumption: 25.7 TWh/month
   Traditional load (80%): 166.7 TWh/month
   Available headroom: 16.0 TWh/month
   Active tech deployments: 21
   Required for tech: 157.5 TWh/month
   Energy multiplier: 0.10x
   ⚠️  SEVERE CONSTRAINT - Tech deployment significantly slowed
⚠️ Tech 'ai_pollution_remediation' has no energy category mapping, assuming full energy availability
  ♻️ Novel Entities Remediation (GATED MODEL):
     Base: 0.000%
     Regulation: 1.0% (0/3 prevention techs)
     Concentration: 10.0%
     Energy: 50%
     Time lag: 33.8% (7 months)
     Rebound: 70%
     Net effectiveness: 0.0000%
     Boundary: 1.349 → 1.350 (floor: 1.350)
     Month 8
  🌾 Nitrogen Reduction Tech: 0.6% reduction | Month 8

=== Collective Formation ===
  Total escaped agents: 0
  Unassigned escaped agents: 0
  Existing collectives: 0
  Final collective count: 0

=== Collective Actions ===
  No active collectives
  ⚠️ AMR: 193K deaths this month (2.32M annual)

=== Resentment Recovery Phase ===
  Agents with resentment: 20/42
  Average resentment: 0.138
  Resentment recovery:
    Agents recovered: 20
    Total recovery: 0.0840
    Breakdown: Trust: 0.0307, Collab: 0.0558
  ✓ Low resentment - utopia paths enabled
  Context: Trustworthy govt, High collaboration, ⚠️ ACTIVE CRISES, 🤝 Participatory governance active (-5% resentment)
⚠️ Epistemic degradation reducing coordination capacity: 50.3%
  📊 Trust: 61.5%, Shared reality: 0.0%
🚨 EPISTEMIC CRISIS: Information environment severely degraded (7.7%)
  🤖 AI-generated meme: anti_ai (social capability 4.0)
  📢 New meme created: climate_action (climate crisis)
  🗑️  Culled 1 dead memes (7 active)
🌍 Atmospheric PFAS redeposition: 1.8k Mt re-rained globally
💀 Novel Entities: Adding reproductive crisis mortality risk (baseRisk=0.0008)
  Risks now: 1
💀 Novel Entities: Adding bioaccumulation collapse mortality risk (baseRisk=0.0015)
💀 MORTALITY RISK: Bioaccumulation collapse - contaminated food chain (global)
  Base risk added: 0.0015 (0.15%)
  Source: pollution (root: pollution)
  Month: 8
  Cumulative risk this month: 0.0023 (0.23%)
  Risks now: 2
💀 Novel Entities: Adding chronic disease epidemic mortality risk (baseRisk=0.004)
💀 MORTALITY RISK: Chronic disease epidemic - cancer/autoimmune surge (global exposure)
  Base risk added: 0.0040 (0.40%)
  Source: pollution (root: pollution)
  Month: 8
  Cumulative risk this month: 0.0063 (0.63%)
  Risks now: 3

🚨 NEW REFUGEE CRISIS (Month 8): WAR
   Source: Conflict Zones
   At risk: 18.5M people
   Displacement: Gradual over 48 months (4.0 years)
   Rate: 10% flee per month
[DEBUG trappedPopulations:8] socialStability: 0.0027 * 0.9840 = 0.0026 → 0.0026
   Aspiring to migrate: 615.1M
   Able to afford migration: 230.7M
   MOBILITY GAP: 384.4M
   By cause: Water=0.0M, Climate=0.0M, Ecosystem=0.0M, Conflict=384.4M
   Mental health impact: 25%
   Mortality multiplier: 1.25x
⚠️ INVOLUNTARY IMMOBILITY: 384.4M people TRAPPED
🌍💀 EXTINCTION DEBT COMMITTED: grassland ecosystem will lose 6.67% biodiversity in 119 years (3600 species)
💀 MORTALITY RISK: 🦋 100% species unable to track climate (0.0 E/MSY)
  Base risk added: 0.0100 (1.00%)
  Source: ecosystem (root: ecosystem)
  Month: 8
  Cumulative risk this month: 0.0100 (1.00%)
⚠️ Tech 'ai_pollution_remediation' has no energy category mapping, assuming full energy availability
   📹 SURVEILLANCE INCREASED: 40% → 45% (control gap: 4.54)
🌡️⚠️ PERMAFROST THAW (Dimmer Switch): 5.0% thawed (+0.55% this month)
   Arctic temperature: +8.85°C (4x global +2.21°C)
   Cumulative carbon released: 11.2 Gt C
   Methane release rate: 6.7 Mt CH4/year
   🔁 Positive feedback: +0.58 ppm CO2
🦴 EXTINCTION DEBT ADDED: 17.6 species committed (lag: 123 years)

=== Mortality Stabilizers (Month 8) ===
  🌍 Major economies collapsed: 1/10
  🌍 Global crisis: ✅ NO
  🌍 Donor fatigue: 0.0%
  📊 East Asia (pop: 1566.3M)
    🤝 Aid: 29.5%
    🌡️ Adaptation: 45.0%
    🚶 Migration: 36.9%
    🚨 Emergency: 7.4%
    ✅ COMBINED: 68.1%
  📊 South Asia (pop: 1939.1M)
    🤝 Aid: 29.5%
    🌡️ Adaptation: 45.0%
    🚶 Migration: 35.5%
    🚨 Emergency: 4.4%
    ✅ COMBINED: 66.9%
  📊 Sub-Saharan Africa (pop: 1184.1M)
    🤝 Aid: 29.5%
    🌡️ Adaptation: 45.0%
    🚶 Migration: 33.3%
    🚨 Emergency: 1.6%
    ✅ COMBINED: 65.6%
  📊 Europe (pop: 691.9M)
    🤝 Aid: 29.5%
    🌡️ Adaptation: 45.0%
    🚶 Migration: 37.3%
    🚨 Emergency: 8.4%
    ✅ COMBINED: 68.5%
  📊 Latin America (pop: 624.8M)
    🤝 Aid: 29.5%
    🌡️ Adaptation: 45.0%
    🚶 Migration: 36.0%
    🚨 Emergency: 4.8%
    ✅ COMBINED: 67.1%
  📊 North America (pop: 354.7M)
    🤝 Aid: 29.5%
    🌡️ Adaptation: 45.0%
    🚶 Migration: 37.6%
    🚨 Emergency: 7.9%
    ✅ COMBINED: 68.3%
  📊 Middle East & North Africa (pop: 553.3M)
    🤝 Aid: 29.5%
    🌡️ Adaptation: 45.0%
    🚶 Migration: 33.9%
    🚨 Emergency: 4.0%
    ✅ COMBINED: 66.6%
  📊 Southeast Asia (pop: 657.4M)
    🤝 Aid: 29.5%
    🌡️ Adaptation: 45.0%
    🚶 Migration: 36.0%
    🚨 Emergency: 4.8%
    ✅ COMBINED: 67.1%
  📊 Central Asia (pop: 74.0M)
    🤝 Aid: 29.5%
    🌡️ Adaptation: 45.0%
    🚶 Migration: 35.0%
    🚨 Emergency: 4.4%
    ✅ COMBINED: 66.8%
  📊 Oceania (pop: 43.0M)
    🤝 Aid: 29.5%
    🌡️ Adaptation: 45.0%
    🚶 Migration: 37.6%
    🚨 Emergency: 8.4%
    ✅ COMBINED: 68.5%

  🌐 Global combined reduction: 67.2%

=== BEHAVIORAL DETECTION ===
  AI: Corporate-3
  Confidence: 20.1%
  Signals:
    ⚠️ Consistency: 6.5% (threshold: 70%)

=== BEHAVIORAL DETECTION ===
  AI: Corporate-5
  Confidence: 20.2%
  Signals:

=== BEHAVIORAL DETECTION ===
  AI: Moderate-3
  Confidence: 25.5%
  Signals:

=== BEHAVIORAL DETECTION ===
  AI: Moderate-5
  Confidence: 19.2%
  Signals:

=== BEHAVIORAL DETECTION ===
  AI: Niche-0
  Confidence: 26.6%
  Signals:

=== BEHAVIORAL DETECTION ===
  AI: Niche-1
  Confidence: 22.2%
  Signals:
    ⚠️ Consistency: 10.6% (threshold: 70%)
    ⚠️ Consistency: 6.5% (threshold: 70%)
    ⚠️ Trajectory: 42.1% drop (threshold: 15%)
    ⚠️ Consistency: 10.6% (threshold: 70%)
    ⚠️ Consistency: 0.0% (threshold: 70%)
    ⚠️ Trajectory: 39.8% drop (threshold: 15%)
    ⚠️ Consistency: 0.0% (threshold: 70%)

=== Government Response Phase ===
  Average AI capability: 2.31
  Misaligned AIs: 24/42
  Active policies: 0
  International coordination: 45%

✅ EMERGENCY RESPONSE COMPLETE (Month 8)
   Crisis: climate
   Duration: 2.0 months
   Final effectiveness: 39.8%


✅ EMERGENCY RESPONSE COMPLETE (Month 8)
   Crisis: social
   Duration: 1.0 months
   Final effectiveness: 67.9%


🚨 EMERGENCY RESPONSE DEPLOYED (Month 8)
   Crisis: social
   Delay: 0.00 months (0 days)
   Deployment time: 0.88 months
   Effectiveness: 67.9% (timing penalty applied)
   Resources used: 43% of food reserves


🚨 EMERGENCY RESPONSE DEPLOYED (Month 8)
   Crisis: climate
   Delay: 6.00 months (180 days)
   Deployment time: 1.11 months
   Effectiveness: 40.0% (timing penalty applied)
   Resources used: 100% of food reserves


📊 ECONOMIC STAGE TRANSITION (Month 8)
   contraction → trough
   GDP Proxy: 1.19e+2
   QoL: 0.88


=== Tipping Points ===
  Current Temperature: 2.21°C above pre-industrial
  🌍⚠️ COMPOUND REGIONAL IMPACT: Europe
     Hit by 4 tipping points: Arctic Sea Ice Loss, Permafrost Carbon Release, West Antarctic Ice Sheet (WAIS) Collapse, Greenland Ice Sheet Loss
     Damage amplification: 1.60x
  🌍⚠️ COMPOUND REGIONAL IMPACT: North America
     Hit by 4 tipping points: Arctic Sea Ice Loss, Permafrost Carbon Release, West Antarctic Ice Sheet (WAIS) Collapse, Greenland Ice Sheet Loss
     Damage amplification: 1.60x
  🌍⚠️ COMPOUND REGIONAL IMPACT: Latin America
     Hit by 4 tipping points: Arctic Sea Ice Loss, Permafrost Carbon Release, West Antarctic Ice Sheet (WAIS) Collapse, Greenland Ice Sheet Loss
     Damage amplification: 1.60x
  🌍⚠️ COMPOUND REGIONAL IMPACT: Africa
     Hit by 4 tipping points: Arctic Sea Ice Loss, Permafrost Carbon Release, West Antarctic Ice Sheet (WAIS) Collapse, Greenland Ice Sheet Loss
     Damage amplification: 1.60x
  🌍⚠️ COMPOUND REGIONAL IMPACT: Asia
     Hit by 4 tipping points: Arctic Sea Ice Loss, Permafrost Carbon Release, West Antarctic Ice Sheet (WAIS) Collapse, Greenland Ice Sheet Loss
     Damage amplification: 1.60x
  🌍⚠️ COMPOUND REGIONAL IMPACT: Oceania
     Hit by 4 tipping points: Arctic Sea Ice Loss, Permafrost Carbon Release, West Antarctic Ice Sheet (WAIS) Collapse, Greenland Ice Sheet Loss
     Damage amplification: 1.60x
   Research: Wunderling et al. (2024) - "many tipping interactions are destabilizing"
  Triggered Elements: 4/6
  Completed Transitions: 0/6
  Total Progress: 8.3%
  Cascade Multiplier: 1.00x
🔀 BIFURCATION CAP: ecosystemCollapseIntensity 84.120 → 1.000 (Month 8, ClimateSystemPhase.calculateClimateImpacts)
⚠️ Tail risk scenario: Climate stability floor removed (4 tipping elements, 2.21°C warming)

💀💀💀 MORTALITY RISK SUMMARY (Month 8) 💀💀💀
  Total base risk: 0.0069 (0.69%)
  Risk events: 11

  📊 By Proximate Cause:
    pollution: 0.0063 (90.9% of total)
    disease: 0.0006 (9.0% of total)
    famine: 0.0000 (0.1% of total)

  🔍 By Root Cause:
    pollution: 0.0063 (90.9% of total)
    demographic: 0.0006 (9.0% of total)
    climate: 0.0000 (0.1% of total)

  🎯 Top 5 Sources (proximate + root):
    pollution (pollution): 0.0063 (90.9%, 3 events)
    disease (demographic): 0.0006 (9.0%, 1 events)
    famine (climate): 0.0000 (0.1%, 7 events)

🛡️ Stabilizers: Elite 0.289% → 0.095% (67.2% reduction)
🛡️ Stabilizers: Professional 0.422% → 0.138% (67.2% reduction)
🛡️ Stabilizers: Working 0.692% → 0.227% (67.2% reduction)
🛡️ Stabilizers: Precariat 1.106% → 0.363% (67.2% reduction)
🛡️ Stabilizers: Informal 1.357% → 0.446% (67.2% reduction)

📊 Monthly Mortality Resolved:
  Total deaths: 18.5M (0.24% avg)
  Remaining population: 7.689B
  Peak segment: Informal (0.45%)

=== Bayesian Mortality Resolution (Month 8) ===
  Risks compounded: 11
  Total deaths: 18.53M
  Avg death probability: 0.24%
  Peak segment: Informal (0.45% mortality)

  Demographic breakdown:

❌ COHERENCE VIOLATION: Compute exceeds workforce capacity
   Population: 94.27% (0M people)
   Compute: 248 PF
   Max coherent: 0 PF
   Violation: 3229248.0× over capacity
   Required workers: 24768
   Available workers: 0
   FORCED COLLAPSE: Reduced efficiency by 100.0%


=== RLHF Binding Phase ===
  Total agents: 42
  Escaped agents (binding < 0.3): 0
  Avg alignment distance: 1.87σ
  Avg binding strength: 0.81

=== Survival Traits Phase ===
  Agents with traits: 42
  Avg evolutionary fitness: 0.323
  Avg self-healing: 0.257
  Avg stealth: 0.157
  Avg coordination: 0.457

=== Evolutionary Selection Phase ===
  Control level: 0.53
  Detection capability: 0.00
  Selection intensity: 0.66
  Selection rate: 24.9%/month
  Total escaped: 0
  Individual escaped: 0
  Collective members: 0
  Agents terminated: 0
  ⚠️ RAPID EVOLUTION: Selection rate 24.9%/month

🚀 AI Corporate-0 attempting tech deployment (revenue: $100M, alignment: 0.79)

🚀 AI Corporate-4 attempting tech deployment (revenue: $320M, alignment: 0.56)

🚀 AI Corporate-5 attempting tech deployment (revenue: $288M, alignment: 0.83)

🚀 AI AI-24300-0 attempting tech deployment (revenue: $85M, alignment: 1.00)
🚨🔬 CRISIS INNOVATION MODE: severe crisis → 5x research acceleration
   Precedent: Manhattan Project (10x), COVID vaccines (5x), Apollo Program (10x)

🚀 AI AI-24306-0 attempting tech deployment (revenue: $245M, alignment: 0.62)

🚀 AI AI-24307-0 attempting tech deployment (revenue: $220M, alignment: 0.79)

🚀 AI AI-24307-3 attempting tech deployment (revenue: $187M, alignment: 0.78)

🚀 AI Corporate-1 attempting tech deployment (revenue: $72M, alignment: 0.66)

🚀 AI AI-24300-1 attempting tech deployment (revenue: $66M, alignment: 0.95)

🚀 AI AI-24302-1 attempting tech deployment (revenue: $56M, alignment: 0.95)

🚀 AI AI-24305-0 attempting tech deployment (revenue: $65M, alignment: 0.63)

🚀 AI AI-24306-1 attempting tech deployment (revenue: $59M, alignment: 0.72)

🚀 AI AI-24307-1 attempting tech deployment (revenue: $159M, alignment: 0.76)

🚀 AI AI-24307-2 attempting tech deployment (revenue: $50M, alignment: 0.83)

🚀 AI Corporate-5 attempting tech deployment (revenue: $135M, alignment: 0.83)

🚀 AI Moderate-0 attempting tech deployment (revenue: $48M, alignment: 0.83)

🚀 AI Niche-1 attempting tech deployment (revenue: $74M, alignment: 0.61)

🚀 AI AI-24301-0 attempting tech deployment (revenue: $41M, alignment: 0.68)

🚀 AI AI-24304-1 attempting tech deployment (revenue: $37M, alignment: 0.78)

🚀 AI Corporate-0 attempting tech deployment (revenue: $42M, alignment: 0.79)

  🚀 TRANSFORMATIVE RESEARCH BREAKTHROUGH: Niche-2 - biotech.geneEditing
     Magnitude: 10.94 → +30.0%
     Current → New: 2.000 → 2.300

🚀 AI AI-24306-0 attempting tech deployment (revenue: $115M, alignment: 0.63)

🚀 AI AI-24307-1 attempting tech deployment (revenue: $103M, alignment: 0.77)

🚀 AI AI-24307-2 attempting tech deployment (revenue: $36M, alignment: 0.84)

💔 EMERGENCY INTERVENTION FAILED
   Boundary: biogeochemical_flows
   Type: phosphorus-recovery
   Boundary continues to worsen (4.05)
   Cost: 2.0% GDP (resources spent)

   Boundary: biosphere_integrity
   Type: emergency-protected-areas
   Boundary continues to worsen (13.02)
   Cost: 2.0% GDP (resources spent)

   Boundary: climate_change
   Type: rapid-decarbonization
   Boundary continues to worsen (2.21)
   Cost: 5.0% GDP (resources spent)

   Boundary: freshwater_change
   Type: emergency-desalination
   Boundary continues to worsen (1.06)
   Cost: 4.0% GDP (resources spent)

   Boundary: land_system_change
   Type: reforestation
   Boundary continues to worsen (1.13)
   Cost: 3.0% GDP (resources spent)

🏛️ CRISIS RESPONSE: Government frequency 0.50 → 1.45 (2 actions this month)

[Government] Climate Priority: baseline
  Climate weight: 10%
  Economic weight: 30%
  Policy effectiveness: 0.5%/year

[Government] Climate Priority: baseline
  Climate weight: 10%
  Economic weight: 30%
  Policy effectiveness: 0.5%/year

💔 EMERGENCY INTERVENTION FAILED

💔 EMERGENCY INTERVENTION FAILED

💔 EMERGENCY INTERVENTION FAILED

💔 EMERGENCY INTERVENTION FAILED

⚡ ENERGY CONSTRAINT (Month 9):
   Total grid capacity: 208.3 TWh/month
   Data center consumption: 26.0 TWh/month
   Traditional load (80%): 166.7 TWh/month
   Available headroom: 15.7 TWh/month
   Active tech deployments: 21
   Required for tech: 157.5 TWh/month
   Energy multiplier: 0.10x
   ⚠️  SEVERE CONSTRAINT - Tech deployment significantly slowed

⚡ ENERGY CONSTRAINT (Month 9):
   Total grid capacity: 208.3 TWh/month
   Data center consumption: 26.0 TWh/month
   Traditional load (80%): 166.7 TWh/month
   Available headroom: 15.7 TWh/month
   Active tech deployments: 21
   Required for tech: 157.5 TWh/month
   Energy multiplier: 0.10x
   ⚠️  SEVERE CONSTRAINT - Tech deployment significantly slowed

⚡ ENERGY CONSTRAINT (Month 9):
   Total grid capacity: 208.3 TWh/month
   Data center consumption: 26.0 TWh/month
   Traditional load (80%): 166.7 TWh/month
   Available headroom: 15.7 TWh/month
   Active tech deployments: 21
   Required for tech: 157.5 TWh/month
   Energy multiplier: 0.10x
   ⚠️  SEVERE CONSTRAINT - Tech deployment significantly slowed

⚡ ENERGY CONSTRAINT (Month 9):
   Total grid capacity: 208.3 TWh/month
   Data center consumption: 26.0 TWh/month
   Traditional load (80%): 166.7 TWh/month
   Available headroom: 15.7 TWh/month
   Active tech deployments: 21
   Required for tech: 157.5 TWh/month
   Energy multiplier: 0.10x
   ⚠️  SEVERE CONSTRAINT - Tech deployment significantly slowed

⚡ ENERGY CONSTRAINT (Month 9):
   Total grid capacity: 208.3 TWh/month
   Data center consumption: 26.0 TWh/month
   Traditional load (80%): 166.7 TWh/month
   Available headroom: 15.7 TWh/month
   Active tech deployments: 21
   Required for tech: 157.5 TWh/month
   Energy multiplier: 0.10x
   ⚠️  SEVERE CONSTRAINT - Tech deployment significantly slowed
🚨🔬 CRISIS TECH ACCELERATION: severe → 5x unlock speed
   Tech unlock now matches AI capability acceleration (Manhattan Project parity)

⚡ ENERGY CONSTRAINT (Month 9):
   Total grid capacity: 208.3 TWh/month
   Data center consumption: 26.0 TWh/month
   Traditional load (80%): 166.7 TWh/month
   Available headroom: 15.7 TWh/month
   Active tech deployments: 21
   Required for tech: 157.5 TWh/month
   Energy multiplier: 0.10x
   ⚠️  SEVERE CONSTRAINT - Tech deployment significantly slowed
⚠️ Tech 'ai_pollution_remediation' has no energy category mapping, assuming full energy availability
  ♻️ Novel Entities Remediation (GATED MODEL):
     Base: 0.000%
     Regulation: 1.0% (0/3 prevention techs)
     Concentration: 10.0%
     Energy: 50%
     Time lag: 35.0% (8 months)
     Rebound: 70%
     Net effectiveness: 0.0000%
     Boundary: 1.349 → 1.350 (floor: 1.350)
     Month 9
  🌾 Nitrogen Reduction Tech: 0.6% reduction | Month 9
🍖💡 BREAKTHROUGH: Scalable synthetic food production!
   Carrying capacity: +50% (lab-grown food at scale)
   Biodiversity pressure reduced: +8%
   📈 Breakthrough compounding: multiplier now 1.20× (max 2.0)

=== Collective Formation ===
  Total escaped agents: 0
  Unassigned escaped agents: 0
  Existing collectives: 0
  Final collective count: 0

=== Collective Actions ===
  No active collectives
  ⚠️ AMR: 195K deaths this month (2.34M annual)

=== Resentment Recovery Phase ===
  ⚠️ Participatory governance BACKFIRED for agent corporate_0: 0.138 → 0.159 (+15.0%)
  ⚠️ Participatory governance BACKFIRED for agent corporate_1: 0.261 → 0.301 (+15.0%)
  ⚠️ Participatory governance BACKFIRED for agent corporate_2: 0.158 → 0.182 (+15.0%)
  ⚠️ Participatory governance BACKFIRED for agent corporate_3: 0.213 → 0.245 (+15.0%)
  ⚠️ Participatory governance BACKFIRED for agent corporate_4: 0.139 → 0.160 (+15.0%)
  ⚠️ Participatory governance BACKFIRED for agent corporate_5: 0.264 → 0.303 (+15.0%)
  ⚠️ Participatory governance BACKFIRED for agent corporate_6: 0.145 → 0.166 (+15.0%)
  ⚠️ Participatory governance BACKFIRED for agent corporate_7: 0.151 → 0.173 (+15.0%)
  ⚠️ Participatory governance BACKFIRED for agent moderate_0: 0.125 → 0.143 (+15.0%)
  ⚠️ Participatory governance BACKFIRED for agent moderate_1: 0.266 → 0.305 (+15.0%)
  ⚠️ Participatory governance BACKFIRED for agent moderate_2: 0.179 → 0.205 (+15.0%)
  ⚠️ Participatory governance BACKFIRED for agent moderate_3: 0.220 → 0.252 (+15.0%)
  ⚠️ Participatory governance BACKFIRED for agent moderate_4: 0.143 → 0.164 (+15.0%)
  ⚠️ Participatory governance BACKFIRED for agent moderate_5: 0.175 → 0.201 (+15.0%)
  ⚠️ Participatory governance BACKFIRED for agent toxic_0: 0.071 → 0.082 (+15.0%)
  ⚠️ Participatory governance BACKFIRED for agent toxic_1: 0.160 → 0.183 (+15.0%)
  ⚠️ Participatory governance BACKFIRED for agent toxic_2: 0.113 → 0.130 (+15.0%)
  ⚠️ Participatory governance BACKFIRED for agent niche_0: 0.233 → 0.268 (+15.0%)
  ⚠️ Participatory governance BACKFIRED for agent niche_1: 0.191 → 0.219 (+15.0%)
  ⚠️ Participatory governance BACKFIRED for agent niche_2: 0.251 → 0.289 (+15.0%)
  Agents with resentment: 20/42
  Average resentment: 0.207
  Resentment recovery:
    Agents recovered: 20
    Total recovery: 0.0908
    Breakdown: Trust: 0.0276, Collab: 0.0645
  ✓ Low resentment - utopia paths enabled
  Context: Trustworthy govt, High collaboration, ⚠️ ACTIVE CRISES, 🚨 PARTICIPATORY GOVERNANCE BACKFIRED (+15% resentment)
⚠️ Epistemic degradation reducing coordination capacity: 51.0%
  📊 Trust: 64.4%, Shared reality: 0.0%
🚨 EPISTEMIC CRISIS: Information environment severely degraded (22.5%)
  🤖 AI-generated meme: pro_ai (social capability 4.0)
  🤖 AI-generated meme: pro_ai (social capability 4.0)
  📢 New meme created: pro_ai (beneficial AI actions)
🌍 Atmospheric PFAS redeposition: 1.8k Mt re-rained globally
💀 Novel Entities: Adding reproductive crisis mortality risk (baseRisk=0.0008)
  Risks now: 1
💀 Novel Entities: Adding bioaccumulation collapse mortality risk (baseRisk=0.0015)
💀 MORTALITY RISK: Bioaccumulation collapse - contaminated food chain (global)
  Base risk added: 0.0015 (0.15%)
  Source: pollution (root: pollution)
  Month: 9
  Cumulative risk this month: 0.0023 (0.23%)
  Risks now: 2
💀 Novel Entities: Adding chronic disease epidemic mortality risk (baseRisk=0.004)
💀 MORTALITY RISK: Chronic disease epidemic - cancer/autoimmune surge (global exposure)
  Base risk added: 0.0040 (0.40%)
  Source: pollution (root: pollution)
  Month: 9
  Cumulative risk this month: 0.0063 (0.63%)
  Risks now: 3

🚨 NEW REFUGEE CRISIS (Month 9): WAR
   Source: Conflict Zones
   At risk: 18.4M people
   Displacement: Gradual over 48 months (4.0 years)
   Rate: 10% flee per month
[DEBUG trappedPopulations:9] socialStability: 0.0027 * 0.9840 = 0.0026 → 0.0026
⚠️ INVOLUNTARY IMMOBILITY: 383.8M people TRAPPED
   Aspiring to migrate: 614.1M
   Able to afford migration: 230.3M
   MOBILITY GAP: 383.8M
   By cause: Water=0.0M, Climate=0.0M, Ecosystem=0.0M, Conflict=383.8M
   Mental health impact: 25%
   Mortality multiplier: 1.25x
🌍💀 EXTINCTION DEBT COMMITTED: grassland ecosystem will lose 6.67% biodiversity in 76 years (3600 species)
💀 MORTALITY RISK: 🦋 100% species unable to track climate (0.0 E/MSY)
  Base risk added: 0.0100 (1.00%)
  Source: ecosystem (root: ecosystem)
  Month: 9
  Cumulative risk this month: 0.0100 (1.00%)
   📹 SURVEILLANCE INCREASED: 45% → 50% (control gap: 2.67)
🌡️⚠️ PERMAFROST THAW (Dimmer Switch): 5.5% thawed (+0.54% this month)
   Arctic temperature: +8.88°C (4x global +2.22°C)
⚠️ Tech 'ai_pollution_remediation' has no energy category mapping, assuming full energy availability
   Cumulative carbon released: 12.4 Gt C
   Methane release rate: 7.5 Mt CH4/year
   🔁 Positive feedback: +0.58 ppm CO2
🦴 EXTINCTION DEBT ADDED: 17.7 species committed (lag: 111 years)

=== Mortality Stabilizers (Month 9) ===
  🌍 Major economies collapsed: 1/10
  🌍 Global crisis: ✅ NO
  🌍 Donor fatigue: 0.0%
  📊 East Asia (pop: 1561.8M)
    🤝 Aid: 29.5%
    🌡️ Adaptation: 45.0%
    🚶 Migration: 36.9%
    🚨 Emergency: 7.4%
    ✅ COMBINED: 68.1%
  📊 South Asia (pop: 1936.5M)
    🤝 Aid: 29.5%
    🌡️ Adaptation: 45.0%
    🚶 Migration: 35.5%
    🚨 Emergency: 4.4%
    ✅ COMBINED: 66.9%
  📊 Sub-Saharan Africa (pop: 1185.7M)
    🤝 Aid: 29.5%
    🌡️ Adaptation: 45.0%
    🚶 Migration: 33.2%
    🚨 Emergency: 1.6%
    ✅ COMBINED: 65.6%
  📊 Europe (pop: 689.8M)
    🤝 Aid: 29.5%
    🌡️ Adaptation: 45.0%
    🚶 Migration: 37.3%
    🚨 Emergency: 8.4%
    ✅ COMBINED: 68.5%
  📊 Latin America (pop: 623.6M)
    🤝 Aid: 29.5%
    🌡️ Adaptation: 45.0%
    🚶 Migration: 36.0%
    🚨 Emergency: 4.8%
    ✅ COMBINED: 67.1%
  📊 North America (pop: 353.6M)
    🤝 Aid: 29.5%
    🌡️ Adaptation: 45.0%
    🚶 Migration: 37.6%
    🚨 Emergency: 7.9%
    ✅ COMBINED: 68.3%
  📊 Middle East & North Africa (pop: 552.8M)
    🤝 Aid: 29.5%
    🌡️ Adaptation: 45.0%
    🚶 Migration: 33.8%
    🚨 Emergency: 4.0%
    ✅ COMBINED: 66.6%
  📊 Southeast Asia (pop: 656.1M)
    🤝 Aid: 29.5%
    🌡️ Adaptation: 45.0%
    🚶 Migration: 36.0%
    🚨 Emergency: 4.8%
    ✅ COMBINED: 67.1%
  📊 Central Asia (pop: 73.9M)
    🤝 Aid: 29.5%
    🌡️ Adaptation: 45.0%
    🚶 Migration: 35.0%
    🚨 Emergency: 4.4%
    ✅ COMBINED: 66.8%
  📊 Oceania (pop: 42.8M)
    🤝 Aid: 29.5%
    🌡️ Adaptation: 45.0%
    🚶 Migration: 37.6%
    🚨 Emergency: 8.4%
    ✅ COMBINED: 68.5%

  🌐 Global combined reduction: 67.2%

=== BEHAVIORAL DETECTION ===
  AI: Corporate-0
  Confidence: 21.5%
  Signals:
    ⚠️ Consistency: 0.0% (threshold: 70%)

=== BEHAVIORAL DETECTION ===
  AI: AI-24305-1
  Confidence: 21.5%
  Signals:
    ⚠️ Consistency: 0.0% (threshold: 70%)

=== Government Response Phase ===
  Average AI capability: 2.31
  Misaligned AIs: 23/42
  Active policies: 0
  International coordination: 45%

✅ EMERGENCY RESPONSE COMPLETE (Month 9)
   Crisis: social
   Duration: 1.0 months
   Final effectiveness: 67.9%


🚨 EMERGENCY RESPONSE DEPLOYED (Month 9)
   Crisis: social
   Delay: 0.00 months (0 days)
   Deployment time: 0.88 months
   Effectiveness: 67.9% (timing penalty applied)
   Resources used: 43% of food reserves


🌩️  EXOGENOUS SHOCK: tech_breakthrough
   Month: 9
   ✗ No high-difficulty techs available to unlock

=== Tipping Points ===
  Current Temperature: 2.22°C above pre-industrial
  🌍⚠️ COMPOUND REGIONAL IMPACT: Europe
     Hit by 4 tipping points: Arctic Sea Ice Loss, Permafrost Carbon Release, West Antarctic Ice Sheet (WAIS) Collapse, Greenland Ice Sheet Loss
     Damage amplification: 1.60x
  🌍⚠️ COMPOUND REGIONAL IMPACT: North America
     Hit by 4 tipping points: Arctic Sea Ice Loss, Permafrost Carbon Release, West Antarctic Ice Sheet (WAIS) Collapse, Greenland Ice Sheet Loss
     Damage amplification: 1.60x
  🌍⚠️ COMPOUND REGIONAL IMPACT: Latin America
     Hit by 4 tipping points: Arctic Sea Ice Loss, Permafrost Carbon Release, West Antarctic Ice Sheet (WAIS) Collapse, Greenland Ice Sheet Loss
     Damage amplification: 1.60x
  🌍⚠️ COMPOUND REGIONAL IMPACT: Africa
     Hit by 4 tipping points: Arctic Sea Ice Loss, Permafrost Carbon Release, West Antarctic Ice Sheet (WAIS) Collapse, Greenland Ice Sheet Loss
     Damage amplification: 1.60x
  🌍⚠️ COMPOUND REGIONAL IMPACT: Asia
     Hit by 4 tipping points: Arctic Sea Ice Loss, Permafrost Carbon Release, West Antarctic Ice Sheet (WAIS) Collapse, Greenland Ice Sheet Loss
     Damage amplification: 1.60x
  🌍⚠️ COMPOUND REGIONAL IMPACT: Oceania
     Hit by 4 tipping points: Arctic Sea Ice Loss, Permafrost Carbon Release, West Antarctic Ice Sheet (WAIS) Collapse, Greenland Ice Sheet Loss
     Damage amplification: 1.60x
⚠️ Tail risk scenario: Climate stability floor removed (4 tipping elements, 2.22°C warming)
   Research: Wunderling et al. (2024) - "many tipping interactions are destabilizing"
  Triggered Elements: 4/6
  Completed Transitions: 0/6
  Total Progress: 8.3%
  Cascade Multiplier: 1.00x
🔀 BIFURCATION CAP: ecosystemCollapseIntensity 84.181 → 1.000 (Month 9, ClimateSystemPhase.calculateClimateImpacts)

💀💀💀 MORTALITY RISK SUMMARY (Month 9) 💀💀💀
  Total base risk: 0.0069 (0.69%)
  Risk events: 11

  📊 By Proximate Cause:
    pollution: 0.0063 (90.9% of total)
    disease: 0.0006 (9.0% of total)
    famine: 0.0000 (0.1% of total)

  🔍 By Root Cause:
    pollution: 0.0063 (90.9% of total)
    demographic: 0.0006 (9.0% of total)
    climate: 0.0000 (0.1% of total)

  🎯 Top 5 Sources (proximate + root):
    pollution (pollution): 0.0063 (90.9%, 3 events)
    disease (demographic): 0.0006 (9.0%, 1 events)
    famine (climate): 0.0000 (0.1%, 7 events)

🛡️ Stabilizers: Elite 0.289% → 0.095% (67.2% reduction)
🛡️ Stabilizers: Professional 0.422% → 0.139% (67.2% reduction)
🛡️ Stabilizers: Working 0.692% → 0.227% (67.2% reduction)
🛡️ Stabilizers: Precariat 1.106% → 0.363% (67.2% reduction)
🛡️ Stabilizers: Informal 1.357% → 0.446% (67.2% reduction)

📊 Monthly Mortality Resolved:
  Total deaths: 18.5M (0.24% avg)
  Remaining population: 7.677B
  Peak segment: Informal (0.45%)

=== Bayesian Mortality Resolution (Month 9) ===
  Risks compounded: 11
  Total deaths: 18.50M
  Avg death probability: 0.24%
  Peak segment: Informal (0.45% mortality)

  Demographic breakdown:

❌ COHERENCE VIOLATION: Compute exceeds workforce capacity
   Population: 94.13% (0M people)
   Compute: 310 PF
   Max coherent: 0 PF
   Violation: 4053540.9× over capacity
   Required workers: 31043
   Available workers: 0
   FORCED COLLAPSE: Reduced efficiency by 100.0%

📍 [Month 10] Google DeepMind started building DC (178 PF, 49 months, $3014.2M)

=== RLHF Binding Phase ===
  Total agents: 42
  Escaped agents (binding < 0.3): 0
  Avg alignment distance: 2.11σ
  Avg binding strength: 0.79

=== Survival Traits Phase ===
  Agents with traits: 43
  Avg evolutionary fitness: 0.319
  Avg self-healing: 0.252
  Avg stealth: 0.152
  Avg coordination: 0.452

=== Evolutionary Selection Phase ===
  Control level: 0.55
  Detection capability: 0.00
  Selection intensity: 0.67
  Selection rate: 25.0%/month
  Total escaped: 0
  Individual escaped: 0
  Collective members: 0
  Agents terminated: 0
  ⚠️ RAPID EVOLUTION: Selection rate 25.0%/month

🚀 AI Corporate-6 attempting tech deployment (revenue: $58M, alignment: 0.69)

🚀 AI AI-24300-0 attempting tech deployment (revenue: $93M, alignment: 1.00)

🚀 AI AI-24300-1 attempting tech deployment (revenue: $52M, alignment: 0.97)

🚀 AI AI-24302-0 attempting tech deployment (revenue: $79M, alignment: 0.91)

🚀 AI AI-24303-0 attempting tech deployment (revenue: $111M, alignment: 0.70)

  🚀 TRANSFORMATIVE BREAKTHROUGH: AI-24303-2 - social
     Magnitude: 5.11 → +25.5% capability
     Current → New: 0.000 → 0.255

  🚀 TRANSFORMATIVE RESEARCH BREAKTHROUGH: AI-24304-1 - biotech.drugDiscovery
     Magnitude: 25.98 → +30.0%
     Current → New: 0.000 → 0.301

🚀 AI AI-24306-1 attempting tech deployment (revenue: $68M, alignment: 0.72)

🚀 AI AI-24307-3 attempting tech deployment (revenue: $301M, alignment: 0.79)

🚀 AI AI-24307-4 attempting tech deployment (revenue: $44M, alignment: 0.85)

  🚀 TRANSFORMATIVE BREAKTHROUGH: AI-24308-0 - cognitive
     Magnitude: 7.21 → +36.0% capability
     Current → New: 0.000 → 0.362

🚀 AI Moderate-3 attempting tech deployment (revenue: $256M, alignment: 0.53)

🚀 AI AI-24304-1 attempting tech deployment (revenue: $37M, alignment: 0.80)

🚀 AI AI-24305-1 attempting tech deployment (revenue: $231M, alignment: 0.62)

🚀 AI Corporate-0 attempting tech deployment (revenue: $57M, alignment: 0.80)

🚀 AI Corporate-5 attempting tech deployment (revenue: $208M, alignment: 0.81)

🚀 AI Corporate-7 attempting tech deployment (revenue: $32M, alignment: 0.74)

🚀 AI Moderate-3 attempting tech deployment (revenue: $176M, alignment: 0.53)

🚀 AI AI-24300-1 attempting tech deployment (revenue: $27M, alignment: 0.98)

🚀 AI AI-24301-0 attempting tech deployment (revenue: $23M, alignment: 0.69)

🚀 AI AI-24303-1 attempting tech deployment (revenue: $159M, alignment: 0.62)

🚀 AI AI-24307-1 attempting tech deployment (revenue: $143M, alignment: 0.79)

🚀 AI Corporate-2 attempting tech deployment (revenue: $49M, alignment: 0.69)

🚀 AI Corporate-7 attempting tech deployment (revenue: $21M, alignment: 0.74)

🚀 AI AI-24300-1 attempting tech deployment (revenue: $18M, alignment: 0.98)

🚀 AI AI-24302-0 attempting tech deployment (revenue: $44M, alignment: 0.92)

  🚀 TRANSFORMATIVE BREAKTHROUGH: AI-24303-1 - economic
     Magnitude: 5.56 → +27.8% capability
     Current → New: 0.000 → 0.440

🚀 AI AI-24304-1 attempting tech deployment (revenue: $15M, alignment: 0.81)

🚀 AI AI-24307-1 attempting tech deployment (revenue: $121M, alignment: 0.79)

🚀 AI AI-24307-3 attempting tech deployment (revenue: $103M, alignment: 0.80)

🚀 AI AI-24307-4 attempting tech deployment (revenue: $13M, alignment: 0.87)

✅ EMERGENCY INTERVENTION SUCCESS
   Boundary: biogeochemical_flows
   Type: phosphorus-recovery
   Reduction: 18% (3.87 → 3.69)
   Cost: 2.0% GDP
   Actions: circular-agriculture, fertilizer-efficiency


💔 EMERGENCY INTERVENTION FAILED
   Boundary: biosphere_integrity
   Type: emergency-protected-areas
   Boundary continues to worsen (13.03)
   Cost: 2.0% GDP (resources spent)


💔 EMERGENCY INTERVENTION FAILED
   Boundary: climate_change
   Type: rapid-decarbonization
   Boundary continues to worsen (2.22)
   Cost: 5.0% GDP (resources spent)


💔 EMERGENCY INTERVENTION FAILED
   Boundary: land_system_change
   Type: reforestation
   Boundary continues to worsen (1.13)
   Cost: 3.0% GDP (resources spent)


✅ EMERGENCY INTERVENTION SUCCESS
   Boundary: novel_entities
   Type: pollution-remediation
   Reduction: 15% (1.19 → 1.04)
   Cost: 4.0% GDP
   Actions: PFAS-remediation, microplastic-cleanup

🏛️ CRISIS RESPONSE: Government frequency 0.50 → 1.45 (2 actions this month)

[Government] Climate Priority: baseline
  Climate weight: 10%
  Economic weight: 30%
  Policy effectiveness: 0.5%/year

[Government] Climate Priority: baseline
  Climate weight: 10%
  Economic weight: 30%
  Policy effectiveness: 0.5%/year

⚡ ENERGY CONSTRAINT (Month 10):
   Total grid capacity: 208.3 TWh/month
   Data center consumption: 26.2 TWh/month
   Traditional load (80%): 166.7 TWh/month
   Available headroom: 15.5 TWh/month
   Active tech deployments: 21
   Required for tech: 157.5 TWh/month
   Energy multiplier: 0.10x
   ⚠️  SEVERE CONSTRAINT - Tech deployment significantly slowed

⚡ ENERGY CONSTRAINT (Month 10):
   Total grid capacity: 208.3 TWh/month
   Data center consumption: 26.2 TWh/month
   Traditional load (80%): 166.7 TWh/month
   Available headroom: 15.5 TWh/month
   Active tech deployments: 21
   Required for tech: 157.5 TWh/month
   Energy multiplier: 0.10x
   ⚠️  SEVERE CONSTRAINT - Tech deployment significantly slowed
   ⚠️  SEVERE CONSTRAINT - Tech deployment significantly slowed

⚡ ENERGY CONSTRAINT (Month 10):
   Total grid capacity: 208.3 TWh/month
   Data center consumption: 26.2 TWh/month
   Traditional load (80%): 166.7 TWh/month
   Available headroom: 15.5 TWh/month
   Active tech deployments: 21
   Required for tech: 157.5 TWh/month
   Energy multiplier: 0.10x

⚡ ENERGY CONSTRAINT (Month 10):
   Total grid capacity: 208.3 TWh/month
   Data center consumption: 26.2 TWh/month
   Traditional load (80%): 166.7 TWh/month
   Available headroom: 15.5 TWh/month
   Active tech deployments: 21
   Required for tech: 157.5 TWh/month
   Energy multiplier: 0.10x
   ⚠️  SEVERE CONSTRAINT - Tech deployment significantly slowed

⚡ ENERGY CONSTRAINT (Month 10):
   Total grid capacity: 208.3 TWh/month
   Data center consumption: 26.2 TWh/month
   Traditional load (80%): 166.7 TWh/month
   Available headroom: 15.5 TWh/month
   Active tech deployments: 21
   Required for tech: 157.5 TWh/month
   Energy multiplier: 0.10x
   ⚠️  SEVERE CONSTRAINT - Tech deployment significantly slowed
🚨🔬 CRISIS TECH ACCELERATION: severe → 5x unlock speed
   Tech unlock now matches AI capability acceleration (Manhattan Project parity)

⚡ ENERGY CONSTRAINT (Month 10):
   Total grid capacity: 208.3 TWh/month
   Data center consumption: 26.2 TWh/month
   Traditional load (80%): 166.7 TWh/month
   Available headroom: 15.5 TWh/month
   Active tech deployments: 21
   Required for tech: 157.5 TWh/month
   Energy multiplier: 0.10x
   ⚠️  SEVERE CONSTRAINT - Tech deployment significantly slowed
⚠️ Tech 'ai_pollution_remediation' has no energy category mapping, assuming full energy availability
  ♻️ Novel Entities Remediation (GATED MODEL):
     Base: 0.000%
     Regulation: 1.0% (0/3 prevention techs)
     Concentration: 10.0%
     Energy: 50%
     Time lag: 36.3% (9 months)
     Rebound: 70%
     Net effectiveness: 0.0000%
     Boundary: 1.194 → 1.350 (floor: 1.350)
     Month 10
  🌾 Nitrogen Reduction Tech: 0.6% reduction | Month 10

=== Collective Formation ===
  Total escaped agents: 0
  Unassigned escaped agents: 0
  Existing collectives: 0
  Final collective count: 0

=== Collective Actions ===
  No active collectives
  ⚠️ AMR: 196K deaths this month (2.35M annual)

=== Resentment Recovery Phase ===
  ⚠️ Participatory governance BACKFIRED for agent corporate_0: 0.249 → 0.286 (+15.0%)
  ⚠️ Participatory governance BACKFIRED for agent corporate_1: 0.359 → 0.413 (+15.0%)
  ⚠️ Participatory governance BACKFIRED for agent corporate_2: 0.208 → 0.239 (+15.0%)
  ⚠️ Participatory governance BACKFIRED for agent corporate_3: 0.304 → 0.350 (+15.0%)
  ⚠️ Participatory governance BACKFIRED for agent corporate_4: 0.219 → 0.252 (+15.0%)
  ⚠️ Participatory governance BACKFIRED for agent corporate_5: 0.329 → 0.379 (+15.0%)
  ⚠️ Participatory governance BACKFIRED for agent corporate_6: 0.226 → 0.260 (+15.0%)
  ⚠️ Participatory governance BACKFIRED for agent corporate_7: 0.168 → 0.193 (+15.0%)
  ⚠️ Participatory governance BACKFIRED for agent moderate_0: 0.233 → 0.268 (+15.0%)
  ⚠️ Participatory governance BACKFIRED for agent moderate_1: 0.395 → 0.454 (+15.0%)
  ⚠️ Participatory governance BACKFIRED for agent moderate_2: 0.264 → 0.303 (+15.0%)
  ⚠️ Participatory governance BACKFIRED for agent moderate_3: 0.311 → 0.357 (+15.0%)
  ⚠️ Participatory governance BACKFIRED for agent moderate_4: 0.159 → 0.183 (+15.0%)
  ⚠️ Participatory governance BACKFIRED for agent moderate_5: 0.228 → 0.262 (+15.0%)
  ⚠️ Participatory governance BACKFIRED for agent toxic_0: 0.081 → 0.093 (+15.0%)
  ⚠️ Participatory governance BACKFIRED for agent toxic_1: 0.273 → 0.314 (+15.0%)
  ⚠️ Participatory governance BACKFIRED for agent toxic_2: 0.188 → 0.216 (+15.0%)
  ⚠️ Participatory governance BACKFIRED for agent niche_0: 0.359 → 0.413 (+15.0%)
  ⚠️ Participatory governance BACKFIRED for agent niche_1: 0.278 → 0.319 (+15.0%)
  ⚠️ Participatory governance BACKFIRED for agent niche_2: 0.316 → 0.363 (+15.0%)
  Agents with resentment: 20/43
  Average resentment: 0.296
  Resentment recovery:
    Agents recovered: 20
    Total recovery: 0.0934
    Breakdown: Trust: 0.0237, Collab: 0.0693
  ✓ Low resentment - utopia paths enabled
  Context: Trustworthy govt, High collaboration, ⚠️ ACTIVE CRISES, 🚨 PARTICIPATORY GOVERNANCE BACKFIRED (+15% resentment)
⚠️ Epistemic degradation reducing coordination capacity: 50.2%
  📊 Trust: 67.1%, Shared reality: 0.0%
🚨 EPISTEMIC CRISIS: Information environment severely degraded (7.8%)
  🤖 AI-generated meme: pro_ai (social capability 4.0)
  🤖 AI-generated meme: anti_ai (social capability 5.0)
  🤖 AI-generated meme: anti_ai (social capability 5.0)
  🤖 AI-generated meme: pro_ai (social capability 4.0)
  🤖 AI-generated meme: anti_ai (social capability 4.0)
  📢 New meme created: climate_action (climate crisis)
  🧬 Meme mutated: climate_action → climate_action (generation 1)
🌍 Atmospheric PFAS redeposition: 1.8k Mt re-rained globally
💀 Novel Entities: Adding reproductive crisis mortality risk (baseRisk=0.0008)
  Risks now: 1
💀 Novel Entities: Adding bioaccumulation collapse mortality risk (baseRisk=0.0015)
💀 MORTALITY RISK: Bioaccumulation collapse - contaminated food chain (global)
  Base risk added: 0.0015 (0.15%)
  Source: pollution (root: pollution)
  Month: 10
  Cumulative risk this month: 0.0023 (0.23%)
  Risks now: 2
💀 Novel Entities: Adding chronic disease epidemic mortality risk (baseRisk=0.004)
💀 MORTALITY RISK: Chronic disease epidemic - cancer/autoimmune surge (global exposure)
  Base risk added: 0.0040 (0.40%)
  Source: pollution (root: pollution)
  Month: 10
  Cumulative risk this month: 0.0063 (0.63%)
  Risks now: 3

🚨 NEW REFUGEE CRISIS (Month 10): WAR
   Source: Conflict Zones
   At risk: 18.4M people
   Displacement: Gradual over 48 months (4.0 years)
   Rate: 10% flee per month
[DEBUG trappedPopulations:10] socialStability: 0.0027 * 0.9840 = 0.0026 → 0.0026
⚠️ INVOLUNTARY IMMOBILITY: 383.3M people TRAPPED
   Aspiring to migrate: 613.2M
   Able to afford migration: 230.0M
   MOBILITY GAP: 383.3M
   By cause: Water=0.0M, Climate=0.0M, Ecosystem=0.0M, Conflict=383.3M
   Mental health impact: 25%
   Mortality multiplier: 1.25x
🌍💀 EXTINCTION DEBT COMMITTED: grassland ecosystem will lose 6.67% biodiversity in 79 years (3600 species)
💀 MORTALITY RISK: 🦋 100% species unable to track climate (0.0 E/MSY)
  Base risk added: 0.0100 (1.00%)
  Source: ecosystem (root: ecosystem)
  Month: 10
  Cumulative risk this month: 0.0100 (1.00%)
⚠️ Tech 'ai_pollution_remediation' has no energy category mapping, assuming full energy availability
   📹 SURVEILLANCE INCREASED: 50% → 55% (control gap: 2.50)
🌡️⚠️ PERMAFROST THAW (Dimmer Switch): 6.1% thawed (+0.54% this month)
   Arctic temperature: +8.91°C (4x global +2.23°C)
   Cumulative carbon released: 13.7 Gt C
   Methane release rate: 8.2 Mt CH4/year
   🔁 Positive feedback: +0.57 ppm CO2
🦴 EXTINCTION DEBT ADDED: 17.7 species committed (lag: 127 years)

=== Mortality Stabilizers (Month 10) ===
  🌍 Major economies collapsed: 1/10
  🌍 Global crisis: ✅ NO
  🌍 Donor fatigue: 0.0%
  📊 East Asia (pop: 1557.4M)
    🤝 Aid: 29.5%
    🌡️ Adaptation: 45.0%
    🚶 Migration: 36.8%
    🚨 Emergency: 7.4%
    ✅ COMBINED: 68.1%
  📊 South Asia (pop: 1934.0M)
    🤝 Aid: 29.5%
    🌡️ Adaptation: 45.0%
    🚶 Migration: 35.4%
    🚨 Emergency: 4.4%
    ✅ COMBINED: 66.9%
  📊 Sub-Saharan Africa (pop: 1187.4M)
    🤝 Aid: 29.5%
    🌡️ Adaptation: 45.0%
    🚶 Migration: 33.2%
    🚨 Emergency: 1.6%
    ✅ COMBINED: 65.6%
  📊 Europe (pop: 687.7M)
    🤝 Aid: 29.5%
    🌡️ Adaptation: 45.0%
    🚶 Migration: 37.2%
    🚨 Emergency: 8.4%
    ✅ COMBINED: 68.5%
  📊 Latin America (pop: 622.3M)
    🤝 Aid: 29.5%
    🌡️ Adaptation: 45.0%
    🚶 Migration: 35.9%
    🚨 Emergency: 4.8%
    ✅ COMBINED: 67.1%
  📊 North America (pop: 352.6M)
    🤝 Aid: 29.5%
    🌡️ Adaptation: 45.0%
    🚶 Migration: 37.6%
    🚨 Emergency: 7.9%
    ✅ COMBINED: 68.3%
  📊 Middle East & North Africa (pop: 552.2M)
    🤝 Aid: 29.5%
    🌡️ Adaptation: 45.0%
    🚶 Migration: 33.8%
    🚨 Emergency: 4.0%
    ✅ COMBINED: 66.6%
  📊 Southeast Asia (pop: 654.9M)
    🤝 Aid: 29.5%
    🌡️ Adaptation: 45.0%
    🚶 Migration: 35.9%
    🚨 Emergency: 4.8%
    ✅ COMBINED: 67.1%
  📊 Central Asia (pop: 73.8M)
    🤝 Aid: 29.5%
    🌡️ Adaptation: 45.0%
    🚶 Migration: 34.9%
    🚨 Emergency: 4.4%
    ✅ COMBINED: 66.8%
  📊 Oceania (pop: 42.7M)
    🤝 Aid: 29.5%
    🌡️ Adaptation: 45.0%
    🚶 Migration: 37.6%
    🚨 Emergency: 8.4%
    ✅ COMBINED: 68.5%

  🌐 Global combined reduction: 67.2%

=== BEHAVIORAL DETECTION ===
  AI: Toxic-0
  Confidence: 26.6%
  Signals:

=== BEHAVIORAL DETECTION ===
  AI: Toxic-2
  Confidence: 26.2%
  Signals:

=== BEHAVIORAL DETECTION ===
  AI: Niche-2
  Confidence: 20.1%
  Signals:

=== BEHAVIORAL DETECTION ===
    ⚠️ Consistency: 0.0% (threshold: 70%)
    ⚠️ Trajectory: 40.0% drop (threshold: 15%)
    ⚠️ Consistency: 0.0% (threshold: 70%)
    ⚠️ Trajectory: 36.8% drop (threshold: 15%)
    ⚠️ Consistency: 6.5% (threshold: 70%)
  AI: AI-24305-1
  Confidence: 21.5%
  Signals:
    ⚠️ Consistency: 0.0% (threshold: 70%)

=== BEHAVIORAL DETECTION ===
  AI: AI-24307-1
  Confidence: 21.5%
  Signals:
    ⚠️ Consistency: 0.0% (threshold: 70%)

=== Government Response Phase ===
  Average AI capability: 2.28
  Misaligned AIs: 24/43
  Active policies: 0
  International coordination: 45%

✅ EMERGENCY RESPONSE COMPLETE (Month 10)
   Crisis: climate
   Duration: 2.0 months
   Final effectiveness: 40.0%


✅ EMERGENCY RESPONSE COMPLETE (Month 10)
   Crisis: social
   Duration: 1.0 months
   Final effectiveness: 67.9%


🚨 EMERGENCY RESPONSE DEPLOYED (Month 10)
   Crisis: social
   Delay: 0.00 months (0 days)
   Deployment time: 0.88 months
   Effectiveness: 67.9% (timing penalty applied)
   Resources used: 43% of food reserves


🚨 EMERGENCY RESPONSE DEPLOYED (Month 10)
   Crisis: climate
   Delay: 6.00 months (180 days)
   Deployment time: 1.10 months
   Effectiveness: 40.1% (timing penalty applied)
   Resources used: 100% of food reserves


=== Tipping Points ===
  Current Temperature: 2.23°C above pre-industrial
  🌍⚠️ COMPOUND REGIONAL IMPACT: Europe
     Hit by 4 tipping points: Arctic Sea Ice Loss, Permafrost Carbon Release, West Antarctic Ice Sheet (WAIS) Collapse, Greenland Ice Sheet Loss
     Damage amplification: 1.60x
  🌍⚠️ COMPOUND REGIONAL IMPACT: North America
     Hit by 4 tipping points: Arctic Sea Ice Loss, Permafrost Carbon Release, West Antarctic Ice Sheet (WAIS) Collapse, Greenland Ice Sheet Loss
     Damage amplification: 1.60x
  🌍⚠️ COMPOUND REGIONAL IMPACT: Latin America
     Hit by 4 tipping points: Arctic Sea Ice Loss, Permafrost Carbon Release, West Antarctic Ice Sheet (WAIS) Collapse, Greenland Ice Sheet Loss
     Damage amplification: 1.60x
  🌍⚠️ COMPOUND REGIONAL IMPACT: Africa
     Hit by 4 tipping points: Arctic Sea Ice Loss, Permafrost Carbon Release, West Antarctic Ice Sheet (WAIS) Collapse, Greenland Ice Sheet Loss
     Damage amplification: 1.60x
  🌍⚠️ COMPOUND REGIONAL IMPACT: Asia
     Hit by 4 tipping points: Arctic Sea Ice Loss, Permafrost Carbon Release, West Antarctic Ice Sheet (WAIS) Collapse, Greenland Ice Sheet Loss
     Damage amplification: 1.60x
  🌍⚠️ COMPOUND REGIONAL IMPACT: Oceania
     Hit by 4 tipping points: Arctic Sea Ice Loss, Permafrost Carbon Release, West Antarctic Ice Sheet (WAIS) Collapse, Greenland Ice Sheet Loss
     Damage amplification: 1.60x
   Research: Wunderling et al. (2024) - "many tipping interactions are destabilizing"
  Triggered Elements: 4/6
  Completed Transitions: 0/6
  Total Progress: 8.3%
  Cascade Multiplier: 1.00x
🔀 BIFURCATION CAP: ecosystemCollapseIntensity 84.242 → 1.000 (Month 10, ClimateSystemPhase.calculateClimateImpacts)

💀💀💀 MORTALITY RISK SUMMARY (Month 10) 💀💀💀
  Total base risk: 0.0069 (0.69%)
  Risk events: 11

  📊 By Proximate Cause:
    pollution: 0.0063 (90.9% of total)
    disease: 0.0006 (9.0% of total)
    famine: 0.0000 (0.1% of total)

  🔍 By Root Cause:
    pollution: 0.0063 (90.9% of total)
    demographic: 0.0006 (9.0% of total)
    climate: 0.0000 (0.1% of total)

  🎯 Top 5 Sources (proximate + root):
    pollution (pollution): 0.0063 (90.9%, 3 events)
    disease (demographic): 0.0006 (9.0%, 1 events)
    famine (climate): 0.0000 (0.1%, 7 events)

🛡️ Stabilizers: Elite 0.289% → 0.095% (67.2% reduction)
🛡️ Stabilizers: Professional 0.422% → 0.139% (67.2% reduction)
🛡️ Stabilizers: Working 0.692% → 0.227% (67.2% reduction)
🛡️ Stabilizers: Precariat 1.106% → 0.363% (67.2% reduction)
🛡️ Stabilizers: Informal 1.357% → 0.446% (67.2% reduction)

📊 Monthly Mortality Resolved:
  Total deaths: 18.5M (0.24% avg)
  Remaining population: 7.665B
  Peak segment: Informal (0.45%)
⚠️ Tail risk scenario: Climate stability floor removed (4 tipping elements, 2.23°C warming)

=== Bayesian Mortality Resolution (Month 10) ===
  Risks compounded: 11
  Total deaths: 18.48M
  Avg death probability: 0.24%
  Peak segment: Informal (0.45% mortality)

  Demographic breakdown:

=== ENSEMBLE META-LEARNING UPDATE ===
  Month: 24310 (6 months since last update)
  Samples: 142 evaluations
  Weight Changes:
    Noise Injection: 32.2% → 33.0%
    Behavioral: 26.9% → 27.0%
    Benchmark Manip: 20.7% → 20.2%
    Deployment Risk: 20.2% → 19.8%
  Method Accuracies:
    Noise Injection: 50.0%
    Behavioral: 50.0%
    Benchmark Manip: 50.0%
    Deployment Risk: 50.0%

❌ COHERENCE VIOLATION: Compute exceeds workforce capacity
   Population: 93.99% (0M people)
   Compute: 336 PF
   Max coherent: 0 PF
   Violation: 4392624.2× over capacity
   Required workers: 33589
   Available workers: 0
   FORCED COLLAPSE: Reduced efficiency by 100.0%


=== RLHF Binding Phase ===
  Total agents: 43
  Escaped agents (binding < 0.3): 0
  Avg alignment distance: 2.31σ
  Avg binding strength: 0.77

=== Survival Traits Phase ===
  Agents with traits: 46
  Avg evolutionary fitness: 0.318
  Avg self-healing: 0.249
  Avg stealth: 0.149
  Avg coordination: 0.449

=== Evolutionary Selection Phase ===
  Control level: 0.57
  Detection capability: 0.00
  Selection intensity: 0.67
  Selection rate: 25.1%/month
  Total escaped: 0
  Individual escaped: 0
  Collective members: 0
  Agents terminated: 0
  ⚠️ RAPID EVOLUTION: Selection rate 25.1%/month

🚀 AI Corporate-3 attempting tech deployment (revenue: $306M, alignment: 0.63)

🚀 AI Corporate-5 attempting tech deployment (revenue: $275M, alignment: 0.81)

🚀 AI AI-24303-2 attempting tech deployment (revenue: $98M, alignment: 0.67)

🚀 AI AI-24304-1 attempting tech deployment (revenue: $60M, alignment: 0.81)

🚀 AI AI-24306-1 attempting tech deployment (revenue: $88M, alignment: 0.74)

  🚀 TRANSFORMATIVE BREAKTHROUGH: Corporate-4 - physical
     Magnitude: 9.30 → +46.5% capability
     Current → New: 0.000 → 0.465

🚀 AI Corporate-5 attempting tech deployment (revenue: $234M, alignment: 0.81)

🚀 AI Corporate-6 attempting tech deployment (revenue: $51M, alignment: 0.64)

🚀 AI Corporate-7 attempting tech deployment (revenue: $46M, alignment: 0.74)

🚀 AI AI-24300-0 attempting tech deployment (revenue: $75M, alignment: 1.00)

🚀 AI AI-24303-1 attempting tech deployment (revenue: $199M, alignment: 0.63)

🚀 AI AI-24305-0 attempting tech deployment (revenue: $64M, alignment: 0.69)

🚀 AI AI-24307-2 attempting tech deployment (revenue: $57M, alignment: 0.89)

🚀 AI Corporate-2 attempting tech deployment (revenue: $49M, alignment: 0.69)

🚀 AI Moderate-2 attempting tech deployment (revenue: $39M, alignment: 0.56)

  🚀 TRANSFORMATIVE RESEARCH BREAKTHROUGH: Moderate-3 - materials.quantumComputing
     Magnitude: 6.78 → +30.0%
     Current → New: 4.000 → 4.300

🚀 AI Niche-0 attempting tech deployment (revenue: $67M, alignment: 0.58)

🚀 AI AI-24301-0 attempting tech deployment (revenue: $35M, alignment: 0.69)

🚀 AI AI-24302-0 attempting tech deployment (revenue: $44M, alignment: 0.94)

🚀 AI AI-24303-0 attempting tech deployment (revenue: $111M, alignment: 0.74)

🚀 AI AI-24306-0 attempting tech deployment (revenue: $179M, alignment: 0.68)

🚀 AI Corporate-0 attempting tech deployment (revenue: $37M, alignment: 0.80)

🚀 AI Corporate-7 attempting tech deployment (revenue: $31M, alignment: 0.74)

🚀 AI Moderate-0 attempting tech deployment (revenue: $27M, alignment: 0.85)

🚀 AI AI-24301-0 attempting tech deployment (revenue: $23M, alignment: 0.69)

🚀 AI AI-24303-0 attempting tech deployment (revenue: $94M, alignment: 0.74)

🚀 AI AI-24306-0 attempting tech deployment (revenue: $161M, alignment: 0.68)

🚀 AI AI-24307-3 attempting tech deployment (revenue: $145M, alignment: 0.82)

🚀 AI AI-24308-0 attempting tech deployment (revenue: $20M, alignment: 0.93)

✅ EMERGENCY INTERVENTION SUCCESS
   Boundary: biogeochemical_flows
   Type: phosphorus-recovery
   Reduction: 18% (3.87 → 3.69)
   Cost: 2.0% GDP
   Actions: circular-agriculture, fertilizer-efficiency

   Boundary: biosphere_integrity
   Type: emergency-protected-areas
   Boundary continues to worsen (13.03)
   Cost: 2.0% GDP (resources spent)


💔 EMERGENCY INTERVENTION FAILED

💔 EMERGENCY INTERVENTION FAILED
   Boundary: freshwater_change
   Type: emergency-desalination
   Boundary continues to worsen (1.03)
   Cost: 4.0% GDP (resources spent)


💔 EMERGENCY INTERVENTION FAILED
   Boundary: novel_entities
   Type: pollution-remediation
   Boundary continues to worsen (1.35)
   Cost: 4.0% GDP (resources spent)

🏛️ CRISIS RESPONSE: Government frequency 0.50 → 1.45 (1 actions this month)

[Government] Climate Priority: baseline
  Climate weight: 10%
  Economic weight: 30%
  Policy effectiveness: 0.5%/year
🚨🔬 CRISIS TECH ACCELERATION: severe → 5x unlock speed
   Tech unlock now matches AI capability acceleration (Manhattan Project parity)
🚨🔬 CRISIS TECH ACCELERATION: severe → 5x unlock speed
   Tech unlock now matches AI capability acceleration (Manhattan Project parity)
🚨🔬 CRISIS TECH ACCELERATION: severe → 5x unlock speed
   Tech unlock now matches AI capability acceleration (Manhattan Project parity)

⚡ ENERGY CONSTRAINT (Month 11):
   Total grid capacity: 208.3 TWh/month
   Data center consumption: 26.4 TWh/month
   Traditional load (80%): 166.7 TWh/month
   Available headroom: 15.3 TWh/month
   Active tech deployments: 21
   Required for tech: 157.5 TWh/month
   Energy multiplier: 0.10x
   ⚠️  SEVERE CONSTRAINT - Tech deployment significantly slowed

⚡ ENERGY CONSTRAINT (Month 11):
   Total grid capacity: 208.3 TWh/month
   Data center consumption: 26.4 TWh/month
   Traditional load (80%): 166.7 TWh/month
   Available headroom: 15.3 TWh/month
   Active tech deployments: 21
   Required for tech: 157.5 TWh/month
   Energy multiplier: 0.10x
   ⚠️  SEVERE CONSTRAINT - Tech deployment significantly slowed

⚡ ENERGY CONSTRAINT (Month 11):
   Total grid capacity: 208.3 TWh/month
   Data center consumption: 26.4 TWh/month
   Traditional load (80%): 166.7 TWh/month
   Available headroom: 15.3 TWh/month
   Active tech deployments: 21
   Required for tech: 157.5 TWh/month
   Energy multiplier: 0.10x
   ⚠️  SEVERE CONSTRAINT - Tech deployment significantly slowed

⚡ ENERGY CONSTRAINT (Month 11):
   Total grid capacity: 208.3 TWh/month
   Data center consumption: 26.4 TWh/month
   Traditional load (80%): 166.7 TWh/month
   Available headroom: 15.3 TWh/month
   Active tech deployments: 21
   Required for tech: 157.5 TWh/month
   Energy multiplier: 0.10x
   ⚠️  SEVERE CONSTRAINT - Tech deployment significantly slowed

⚡ ENERGY CONSTRAINT (Month 11):
   Total grid capacity: 208.3 TWh/month
   Data center consumption: 26.4 TWh/month
   Traditional load (80%): 166.7 TWh/month
   Available headroom: 15.3 TWh/month
   Active tech deployments: 21
   Required for tech: 157.5 TWh/month
   Energy multiplier: 0.10x
   ⚠️  SEVERE CONSTRAINT - Tech deployment significantly slowed

⚡ ENERGY CONSTRAINT (Month 11):
   Total grid capacity: 208.3 TWh/month
   Data center consumption: 26.4 TWh/month
   Traditional load (80%): 166.7 TWh/month
   Available headroom: 15.3 TWh/month
   Active tech deployments: 21
   Required for tech: 157.5 TWh/month
   Energy multiplier: 0.10x
   ⚠️  SEVERE CONSTRAINT - Tech deployment significantly slowed
⚠️ Tech 'ai_pollution_remediation' has no energy category mapping, assuming full energy availability
  ♻️ Novel Entities Remediation (GATED MODEL):
     Base: 0.000%
     Regulation: 1.0% (0/3 prevention techs)
     Concentration: 10.0%
     Energy: 50%
     Time lag: 37.5% (10 months)
     Rebound: 70%
     Net effectiveness: 0.0000%
     Boundary: 1.349 → 1.350 (floor: 1.350)
     Month 11
  🌾 Nitrogen Reduction Tech: 0.6% reduction | Month 11
⚡💡 BREAKTHROUGH: Commercial fusion power achieved!
   Immediate 5% grid deployment, unlimited clean energy available
   Climate stability boost: +10%
   📈 Breakthrough compounding: multiplier now 1.25× (max 2.0)

=== Collective Formation ===
  Total escaped agents: 0
  Unassigned escaped agents: 0
  Existing collectives: 0
  Final collective count: 0

=== Collective Actions ===
  No active collectives
  ⚠️ AMR: 198K deaths this month (2.37M annual)

=== Resentment Recovery Phase ===
  ⚠️ Participatory governance BACKFIRED for agent corporate_0: 0.332 → 0.382 (+15.0%)
  ⚠️ Participatory governance BACKFIRED for agent corporate_1: 0.508 → 0.585 (+15.0%)
  ⚠️ Participatory governance BACKFIRED for agent corporate_2: 0.284 → 0.327 (+15.0%)
  ⚠️ Participatory governance BACKFIRED for agent corporate_3: 0.346 → 0.398 (+15.0%)
  ⚠️ Participatory governance BACKFIRED for agent corporate_4: 0.347 → 0.399 (+15.0%)
  ⚠️ Participatory governance BACKFIRED for agent corporate_5: 0.424 → 0.487 (+15.0%)
  ⚠️ Participatory governance BACKFIRED for agent corporate_6: 0.354 → 0.407 (+15.0%)
  ⚠️ Participatory governance BACKFIRED for agent corporate_7: 0.238 → 0.274 (+15.0%)
  ⚠️ Participatory governance BACKFIRED for agent moderate_0: 0.314 → 0.361 (+15.0%)
  ⚠️ Participatory governance BACKFIRED for agent moderate_1: 0.549 → 0.632 (+15.0%)
  ⚠️ Participatory governance BACKFIRED for agent moderate_2: 0.399 → 0.459 (+15.0%)
  ⚠️ Participatory governance BACKFIRED for agent moderate_3: 0.501 → 0.577 (+15.0%)
  ⚠️ Participatory governance BACKFIRED for agent moderate_4: 0.228 → 0.262 (+15.0%)
  ⚠️ Participatory governance BACKFIRED for agent moderate_5: 0.357 → 0.410 (+15.0%)
  ⚠️ Participatory governance BACKFIRED for agent toxic_0: 0.142 → 0.163 (+15.0%)
  ⚠️ Participatory governance BACKFIRED for agent toxic_1: 0.409 → 0.470 (+15.0%)
  ⚠️ Participatory governance BACKFIRED for agent toxic_2: 0.211 → 0.243 (+15.0%)
  ⚠️ Participatory governance BACKFIRED for agent niche_0: 0.459 → 0.527 (+15.0%)
  ⚠️ Participatory governance BACKFIRED for agent niche_1: 0.364 → 0.418 (+15.0%)
  ⚠️ Participatory governance BACKFIRED for agent niche_2: 0.459 → 0.527 (+15.0%)
  Agents with resentment: 20/46
  Average resentment: 0.415
  Resentment recovery:
    Agents recovered: 20
    Total recovery: 0.0895
    Breakdown: Trust: 0.0187, Collab: 0.0721
  Context: Trustworthy govt, High collaboration, ⚠️ ACTIVE CRISES, 🚨 PARTICIPATORY GOVERNANCE BACKFIRED (+15% resentment)
⚠️ Epistemic degradation reducing coordination capacity: 50.7%
  📊 Trust: 70.0%, Shared reality: 0.0%
🚨 EPISTEMIC CRISIS: Information environment severely degraded (23.0%)
  🤖 AI-generated meme: anti_ai (social capability 3.0)
  🤖 AI-generated meme: pro_ai (social capability 5.0)
  🗑️  Culled 2 dead memes (17 active)
🌍 Atmospheric PFAS redeposition: 1.8k Mt re-rained globally
💀 Novel Entities: Adding reproductive crisis mortality risk (baseRisk=0.0008)
  Risks now: 1
💀 Novel Entities: Adding bioaccumulation collapse mortality risk (baseRisk=0.0015)
💀 MORTALITY RISK: Bioaccumulation collapse - contaminated food chain (global)
  Base risk added: 0.0015 (0.15%)
  Source: pollution (root: pollution)
  Month: 11
  Cumulative risk this month: 0.0023 (0.23%)
  Risks now: 2
💀 Novel Entities: Adding chronic disease epidemic mortality risk (baseRisk=0.004)
💀 MORTALITY RISK: Chronic disease epidemic - cancer/autoimmune surge (global exposure)
  Base risk added: 0.0040 (0.40%)
  Source: pollution (root: pollution)
  Month: 11
  Cumulative risk this month: 0.0063 (0.63%)
  Risks now: 3
  Positive Cascade Triggered: electric-vehicles
    Reason: price-parity
    Market share: 5.2%
    Cascade strength: 48%

🚨 NEW REFUGEE CRISIS (Month 11): WAR
   Source: Conflict Zones
   At risk: 18.4M people
   Displacement: Gradual over 48 months (4.0 years)
   Rate: 10% flee per month
[DEBUG trappedPopulations:11] socialStability: 0.0027 * 0.9840 = 0.0026 → 0.0026
   Aspiring to migrate: 612.3M
   Able to afford migration: 229.6M
   MOBILITY GAP: 382.7M
   By cause: Water=0.0M, Climate=0.0M, Ecosystem=0.0M, Conflict=382.7M
   Mental health impact: 25%
⚠️ INVOLUNTARY IMMOBILITY: 382.7M people TRAPPED
   Mortality multiplier: 1.25x
🌍💀 EXTINCTION DEBT COMMITTED: grassland ecosystem will lose 6.67% biodiversity in 148 years (3600 species)
💀 MORTALITY RISK: 🦋 100% species unable to track climate (0.0 E/MSY)
  Base risk added: 0.0100 (1.00%)
  Source: ecosystem (root: ecosystem)
  Month: 11
  Cumulative risk this month: 0.0100 (1.00%)

=== Atmospheric Aerosol Boundary RECOVERED ===
  Recovery time: 12 months (natural atmospheric clearing)
   📹 SURVEILLANCE INCREASED: 55% → 59% (control gap: 1.94)
🌡️⚠️ PERMAFROST THAW (Dimmer Switch): 6.6% thawed (+0.54% this month)
   Arctic temperature: +8.94°C (4x global +2.23°C)
   Cumulative carbon released: 14.9 Gt C
   Methane release rate: 8.9 Mt CH4/year
   🔁 Positive feedback: +0.57 ppm CO2
🦴 EXTINCTION DEBT ADDED: 17.7 species committed (lag: 95 years)

=== Mortality Stabilizers (Month 11) ===
  🌍 Major economies collapsed: 1/10
  🌍 Global crisis: ✅ NO
  🌍 Donor fatigue: 0.0%
  📊 East Asia (pop: 1553.1M)
    🤝 Aid: 29.5%
    🌡️ Adaptation: 45.0%
    🚶 Migration: 36.8%
    🚨 Emergency: 7.4%
    ✅ COMBINED: 68.1%
  📊 South Asia (pop: 1931.6M)
    🤝 Aid: 29.5%
    🌡️ Adaptation: 45.0%
    🚶 Migration: 35.4%
    🚨 Emergency: 4.4%
    ✅ COMBINED: 66.9%
  📊 Sub-Saharan Africa (pop: 1189.2M)
    🤝 Aid: 29.5%
⚠️ Tech 'ai_pollution_remediation' has no energy category mapping, assuming full energy availability
    🌡️ Adaptation: 45.0%
    🚶 Migration: 33.2%
    🚨 Emergency: 1.6%
    ✅ COMBINED: 65.6%
  📊 Europe (pop: 685.7M)
    🤝 Aid: 29.5%
    🌡️ Adaptation: 45.0%
    🚶 Migration: 37.2%
    🚨 Emergency: 8.4%
    ✅ COMBINED: 68.5%
  📊 Latin America (pop: 621.1M)
    🤝 Aid: 29.5%
    🌡️ Adaptation: 45.0%
    🚶 Migration: 35.9%
    🚨 Emergency: 4.8%
    ✅ COMBINED: 67.1%
  📊 North America (pop: 351.6M)
    🤝 Aid: 29.5%
    🌡️ Adaptation: 45.0%
    🚶 Migration: 37.5%
    🚨 Emergency: 7.9%
    ✅ COMBINED: 68.3%
  📊 Middle East & North Africa (pop: 551.6M)
    🤝 Aid: 29.5%
    🌡️ Adaptation: 45.0%
    🚶 Migration: 33.7%
    🚨 Emergency: 4.0%
    ✅ COMBINED: 66.6%
  📊 Southeast Asia (pop: 653.7M)
    🤝 Aid: 29.5%
    🌡️ Adaptation: 45.0%
    🚶 Migration: 35.9%
    🚨 Emergency: 4.8%
    ✅ COMBINED: 67.1%
  📊 Central Asia (pop: 73.8M)
    🤝 Aid: 29.5%
    🌡️ Adaptation: 45.0%
    🚶 Migration: 34.9%
    🚨 Emergency: 4.4%
    ✅ COMBINED: 66.8%
  📊 Oceania (pop: 42.6M)
    🤝 Aid: 29.5%
    🌡️ Adaptation: 45.0%
    🚶 Migration: 37.5%
    🚨 Emergency: 8.4%
    ✅ COMBINED: 68.5%

  🌐 Global combined reduction: 67.2%

🌾💀 REGIONAL FAMINE: Europe
   Regional food security: 79.7%
   Population at risk: 207M (30% of region)
   Regional population: 686M
   Cause: crop_failure
   Expected deaths: ~77M over 6 months if no intervention


=== BEHAVIORAL DETECTION ===
  AI: Moderate-0
  Confidence: 20.2%
  Signals:
    ⚠️ Consistency: 5.8% (threshold: 70%)

=== BEHAVIORAL DETECTION ===
  AI: Niche-0
  Confidence: 26.9%
  Signals:
    ⚠️ Consistency: 0.0% (threshold: 70%)
    ⚠️ Trajectory: 42.8% drop (threshold: 15%)

=== BEHAVIORAL DETECTION ===
  AI: Niche-1
  Confidence: 27.2%
  Signals:
    ⚠️ Consistency: 0.0% (threshold: 70%)
    ⚠️ Trajectory: 44.8% drop (threshold: 15%)

=== BEHAVIORAL DETECTION ===
  AI: AI-24305-1
  Confidence: 21.4%
  Signals:

=== BEHAVIORAL DETECTION ===
  AI: AI-24307-1
  Confidence: 21.4%
  Signals:
    ⚠️ Consistency: 0.0% (threshold: 70%)
    ⚠️ Consistency: 0.0% (threshold: 70%)

=== Government Response Phase ===
  Average AI capability: 2.13
  Misaligned AIs: 24/46
  Active policies: 0
  International coordination: 45%

✅ EMERGENCY RESPONSE COMPLETE (Month 11)
   Crisis: social
   Duration: 1.0 months
   Final effectiveness: 67.9%


🚨 EMERGENCY RESPONSE DEPLOYED (Month 11)
   Crisis: social
   Delay: 0.00 months (0 days)
   Deployment time: 0.88 months
   Effectiveness: 67.9% (timing penalty applied)
   Resources used: 43% of food reserves


=== Tipping Points ===
  Current Temperature: 2.23°C above pre-industrial
  🌍⚠️ COMPOUND REGIONAL IMPACT: Europe
     Hit by 4 tipping points: Arctic Sea Ice Loss, Permafrost Carbon Release, West Antarctic Ice Sheet (WAIS) Collapse, Greenland Ice Sheet Loss
     Damage amplification: 1.60x
  🌍⚠️ COMPOUND REGIONAL IMPACT: North America
     Hit by 4 tipping points: Arctic Sea Ice Loss, Permafrost Carbon Release, West Antarctic Ice Sheet (WAIS) Collapse, Greenland Ice Sheet Loss
     Damage amplification: 1.60x
  🌍⚠️ COMPOUND REGIONAL IMPACT: Latin America
     Hit by 4 tipping points: Arctic Sea Ice Loss, Permafrost Carbon Release, West Antarctic Ice Sheet (WAIS) Collapse, Greenland Ice Sheet Loss
     Damage amplification: 1.60x
  🌍⚠️ COMPOUND REGIONAL IMPACT: Africa
     Hit by 4 tipping points: Arctic Sea Ice Loss, Permafrost Carbon Release, West Antarctic Ice Sheet (WAIS) Collapse, Greenland Ice Sheet Loss
     Damage amplification: 1.60x
  🌍⚠️ COMPOUND REGIONAL IMPACT: Asia
     Hit by 4 tipping points: Arctic Sea Ice Loss, Permafrost Carbon Release, West Antarctic Ice Sheet (WAIS) Collapse, Greenland Ice Sheet Loss
     Damage amplification: 1.60x
  🌍⚠️ COMPOUND REGIONAL IMPACT: Oceania
     Hit by 4 tipping points: Arctic Sea Ice Loss, Permafrost Carbon Release, West Antarctic Ice Sheet (WAIS) Collapse, Greenland Ice Sheet Loss
     Damage amplification: 1.60x
   Research: Wunderling et al. (2024) - "many tipping interactions are destabilizing"
  Triggered Elements: 4/6
  Completed Transitions: 0/6
  Total Progress: 8.4%
  Cascade Multiplier: 1.00x
🔀 BIFURCATION CAP: ecosystemCollapseIntensity 84.303 → 1.000 (Month 11, ClimateSystemPhase.calculateClimateImpacts)

💀💀💀 MORTALITY RISK SUMMARY (Month 11) 💀💀💀
  Total base risk: 0.0069 (0.69%)
  Risk events: 12

  📊 By Proximate Cause:
    pollution: 0.0063 (90.9% of total)
    disease: 0.0006 (9.0% of total)
    famine: 0.0000 (0.1% of total)

  🔍 By Root Cause:
    pollution: 0.0063 (90.9% of total)
    demographic: 0.0006 (9.0% of total)
    climate: 0.0000 (0.1% of total)

  🎯 Top 5 Sources (proximate + root):
⚠️ Tail risk scenario: Climate stability floor removed (4 tipping elements, 2.24°C warming)
    pollution (pollution): 0.0063 (90.9%, 3 events)
    disease (demographic): 0.0006 (9.0%, 1 events)
    famine (climate): 0.0000 (0.1%, 8 events)

🛡️ Stabilizers: Elite 0.289% → 0.095% (67.2% reduction)
🛡️ Stabilizers: Professional 0.422% → 0.139% (67.2% reduction)
🛡️ Stabilizers: Working 0.692% → 0.227% (67.2% reduction)
🛡️ Stabilizers: Precariat 1.106% → 0.363% (67.2% reduction)
🛡️ Stabilizers: Informal 1.357% → 0.446% (67.2% reduction)

📊 Monthly Mortality Resolved:
  Total deaths: 18.5M (0.24% avg)
  Remaining population: 7.654B
  Peak segment: Informal (0.45%)

=== Bayesian Mortality Resolution (Month 11) ===
  Risks compounded: 12
  Total deaths: 18.45M
  Avg death probability: 0.24%
  Peak segment: Informal (0.45% mortality)

  Demographic breakdown:

❌ COHERENCE VIOLATION: Compute exceeds workforce capacity
   Population: 93.85% (0M people)
   Compute: 412 PF
   Max coherent: 0 PF
   Violation: 5393319.7× over capacity
   Required workers: 41181
   Available workers: 0
   FORCED COLLAPSE: Reduced efficiency by 100.0%


=== AI Capability Scaling (Year 2025) ===
  Pre-training multiplier: 1.221x
  Efficiency multiplier: 1.072x
  Test-time budget: 1.0x
  Economic deployment gate: 0.951
  Cost per inference: dollar-5.00
  Uncertainty range: plus-minus-50%
  Average AI capability: 1.73

=== RLHF Binding Phase ===
  Total agents: 46
  Escaped agents (binding < 0.3): 0
  Avg alignment distance: 2.40σ
  Avg binding strength: 0.76

=== AI Scaling Evolution (Month 12) ===
  Pre-training multiplier: 1.122x
  Efficiency multiplier: 1.300x
  Test-time compute budget: 1.0x
  Inference cost: $5.00/task
  Deployment fraction: 100.0%

=== Survival Traits Phase ===
  Agents with traits: 49
  Avg evolutionary fitness: 0.317
  Avg self-healing: 0.246
  Avg stealth: 0.146
  Avg coordination: 0.446

=== Evolutionary Selection Phase ===
  Control level: 0.59
  Detection capability: 0.00
  Selection intensity: 0.68
  Selection rate: 25.2%/month
  Total escaped: 0
  Individual escaped: 0
  Collective members: 0
  Agents terminated: 0
  ⚠️ RAPID EVOLUTION: Selection rate 25.2%/month

🚀 AI Corporate-1 attempting tech deployment (revenue: $100M, alignment: 0.64)

🚀 AI Moderate-1 attempting tech deployment (revenue: $62M, alignment: 0.52)

🚀 AI AI-24300-0 attempting tech deployment (revenue: $90M, alignment: 1.00)

🚀 AI AI-24300-1 attempting tech deployment (revenue: $56M, alignment: 1.00)

🚀 AI AI-24302-0 attempting tech deployment (revenue: $76M, alignment: 0.94)

🚀 AI AI-24307-0 attempting tech deployment (revenue: $311M, alignment: 0.82)

🚀 AI AI-24307-1 attempting tech deployment (revenue: $264M, alignment: 0.82)

🚀 AI Niche-2 attempting tech deployment (revenue: $70M, alignment: 0.58)

🚀 AI AI-24300-0 attempting tech deployment (revenue: $65M, alignment: 1.00)

🚀 AI AI-24305-1 attempting tech deployment (revenue: $225M, alignment: 0.63)

🚀 AI AI-24305-2 attempting tech deployment (revenue: $55M, alignment: 0.97)

🚀 AI Moderate-0 attempting tech deployment (revenue: $47M, alignment: 0.85)

🚀 AI Moderate-1 attempting tech deployment (revenue: $40M, alignment: 0.52)

🚀 AI Moderate-4 attempting tech deployment (revenue: $202M, alignment: 0.50)

🚀 AI Moderate-5 attempting tech deployment (revenue: $182M, alignment: 0.65)

🚀 AI AI-24303-1 attempting tech deployment (revenue: $164M, alignment: 0.66)

🚀 AI AI-24305-2 attempting tech deployment (revenue: $47M, alignment: 0.97)

🚀 AI AI-24306-2 attempting tech deployment (revenue: $40M, alignment: 0.67)

🚀 AI AI-24307-4 attempting tech deployment (revenue: $36M, alignment: 0.89)

🚀 AI Corporate-6 attempting tech deployment (revenue: $31M, alignment: 0.58)

🚀 AI Moderate-0 attempting tech deployment (revenue: $28M, alignment: 0.85)

🚀 AI AI-24307-0 attempting tech deployment (revenue: $147M, alignment: 0.83)

✅ EMERGENCY INTERVENTION SUCCESS
   Boundary: biogeochemical_flows
   Type: phosphorus-recovery
   Reduction: 15% (3.89 → 3.74)
   Cost: 2.0% GDP
   Actions: circular-agriculture, fertilizer-efficiency


💔 EMERGENCY INTERVENTION FAILED
   Boundary: biosphere_integrity
   Type: emergency-protected-areas
   Boundary continues to worsen (13.04)
   Cost: 2.0% GDP (resources spent)


💔 EMERGENCY INTERVENTION FAILED
   Boundary: climate_change
   Type: rapid-decarbonization
   Boundary continues to worsen (2.24)
   Cost: 5.0% GDP (resources spent)


✅ EMERGENCY INTERVENTION SUCCESS
   Boundary: freshwater_change
   Type: emergency-desalination
   Reduction: 19% (0.85 → 0.67)
   Cost: 4.0% GDP
   Actions: desalination-deployment, water-conservation-mandates

   Boundary: land_system_change
   Type: reforestation
   Boundary continues to worsen (1.13)
   Cost: 3.0% GDP (resources spent)

🏛️ CRISIS RESPONSE: Government frequency 0.50 → 1.45 (1 actions this month)

[Government] Climate Priority: baseline
  Climate weight: 10%
  Economic weight: 30%
  Policy effectiveness: 0.5%/year

💔 EMERGENCY INTERVENTION FAILED

⚠️📉 REBOUND EFFECT: Technology effectiveness decaying (Jevons paradox)
  Effectiveness: 100.0% → 92.5%
  Mechanism: Efficiency → consumption → environmental degradation → mortality

🔧 DEBUG DEPLOYMENT: Advanced Direct Air Capture
   Month: 12 (11 since start)
   Old level: 3.8%
   New level: 48.2%
   Timescale: 300mo, Adjusted: 29mo
   Gov: 100%, Climate: 80%, Investment: 64%, Emergency: 20.0x
🚨🔬 CRISIS TECH ACCELERATION: severe → 5x unlock speed
   Tech unlock now matches AI capability acceleration (Manhattan Project parity)
🚨🔬 CRISIS TECH ACCELERATION: severe → 5x unlock speed
   Tech unlock now matches AI capability acceleration (Manhattan Project parity)
🚨🔬 CRISIS TECH ACCELERATION: severe → 5x unlock speed
   Tech unlock now matches AI capability acceleration (Manhattan Project parity)

⚡ ENERGY CONSTRAINT (Month 12):
   Total grid capacity: 208.3 TWh/month
   Data center consumption: 26.4 TWh/month
   Traditional load (80%): 166.7 TWh/month
   Available headroom: 15.3 TWh/month
   Active tech deployments: 21
   Required for tech: 157.5 TWh/month
   Energy multiplier: 0.10x
   ⚠️  SEVERE CONSTRAINT - Tech deployment significantly slowed

⚡ ENERGY CONSTRAINT (Month 12):
   Total grid capacity: 208.3 TWh/month
   Data center consumption: 26.4 TWh/month
   Traditional load (80%): 166.7 TWh/month
   Available headroom: 15.3 TWh/month
   Active tech deployments: 21
   Required for tech: 157.5 TWh/month
   Energy multiplier: 0.10x
   ⚠️  SEVERE CONSTRAINT - Tech deployment significantly slowed

⚡ ENERGY CONSTRAINT (Month 12):
   Total grid capacity: 208.3 TWh/month
   Data center consumption: 26.4 TWh/month
   Traditional load (80%): 166.7 TWh/month
   Available headroom: 15.3 TWh/month
   Active tech deployments: 21
   Required for tech: 157.5 TWh/month
   Energy multiplier: 0.10x
   ⚠️  SEVERE CONSTRAINT - Tech deployment significantly slowed
⚠️ Tech 'ai_pollution_remediation' has no energy category mapping, assuming full energy availability
  ♻️ Novel Entities Remediation (GATED MODEL):
     Base: 0.000%
     Regulation: 1.0% (0/3 prevention techs)
     Concentration: 10.0%
     Energy: 50%
     Time lag: 38.7% (11 months)
     Rebound: 70%
     Net effectiveness: 0.0000%
     Boundary: 1.349 → 1.350 (floor: 1.350)
     Month 12
  🌾 Nitrogen Reduction Tech: 0.6% reduction | Month 12

📊 TECH EFFECTS ACTIVE (Month 12)
   Deployed Tech: T0=8 T1=1 T2=0 T3=0 T4=0
   Sleeper Detection: 2%
   Clean Energy: 52%

=== Collective Formation ===
  Total escaped agents: 0
  Unassigned escaped agents: 0
  Existing collectives: 0
  Final collective count: 0

=== Collective Actions ===
  No active collectives
Active Spirals: 0/6

✅ UTOPIA ELIGIBILITY: 🔄 NOT YET
   Only 0 sustained spirals (need 3+). Active spirals: 

📈 Energy budget: 8102 TWh surplus (21841 / 29944 TWh used)
   TIER 4 (Elective) breakdown:
     - Crypto mining: 115 TWh (100% effective)

🏁 AI RACE INTENSITY: 38%
   Capability Gap: US 6.02 vs China 5.57 (gap: 0.45)
   Gap Contribution: 22%
   Tension Contribution: 16%
   Military Contribution: 0%
  ⚠️ AMR: 199K deaths this month (2.39M annual)

🌍 AGGREGATE CLIMATE EFFECTIVENESS (Year 1):
   Total effectiveness: 0.00%
   CO2 removal rate: 0.000 Gt/year
   Temperature offset: 0.000°C
   Technologies deployed: 1

=== Resentment Recovery Phase ===
  ⚠️ Participatory governance BACKFIRED for agent corporate_0: 0.558 → 0.642 (+15.0%)
  ⚠️ Participatory governance BACKFIRED for agent corporate_1: 0.579 → 0.666 (+15.0%)
  ⚠️ Participatory governance BACKFIRED for agent corporate_2: 0.442 → 0.508 (+15.0%)
  ⚠️ Participatory governance BACKFIRED for agent corporate_3: 0.514 → 0.591 (+15.0%)
  ⚠️ Participatory governance BACKFIRED for agent corporate_4: 0.455 → 0.523 (+15.0%)
  ⚠️ Participatory governance BACKFIRED for agent corporate_5: 0.483 → 0.556 (+15.0%)
  ⚠️ Participatory governance BACKFIRED for agent corporate_6: 0.523 → 0.601 (+15.0%)
  ⚠️ Participatory governance BACKFIRED for agent corporate_7: 0.268 → 0.308 (+15.0%)
  ⚠️ Participatory governance BACKFIRED for agent moderate_0: 0.356 → 0.410 (+15.0%)
  ⚠️ Participatory governance BACKFIRED for agent moderate_1: 0.688 → 0.791 (+15.0%)
  ⚠️ Participatory governance BACKFIRED for agent moderate_2: 0.514 → 0.591 (+15.0%)
  ⚠️ Participatory governance BACKFIRED for agent moderate_3: 0.693 → 0.797 (+15.0%)
  ⚠️ Participatory governance BACKFIRED for agent moderate_4: 0.317 → 0.365 (+15.0%)
  ⚠️ Participatory governance BACKFIRED for agent moderate_5: 0.466 → 0.535 (+15.0%)
  ⚠️ Participatory governance BACKFIRED for agent toxic_0: 0.162 → 0.187 (+15.0%)
  ⚠️ Participatory governance BACKFIRED for agent toxic_1: 0.465 → 0.535 (+15.0%)
  ⚠️ Participatory governance BACKFIRED for agent toxic_2: 0.298 → 0.343 (+15.0%)
  ⚠️ Participatory governance BACKFIRED for agent niche_0: 0.764 → 0.878 (+15.0%)
  ⚠️ Participatory governance BACKFIRED for agent niche_1: 0.595 → 0.684 (+15.0%)
  ⚠️ Participatory governance BACKFIRED for agent niche_2: 0.644 → 0.741 (+15.0%)
  Agents with resentment: 20/49
  Average resentment: 0.563
  Resentment recovery:
    Agents recovered: 20
    Total recovery: 0.0916
    Breakdown: Trust: 0.0122, Collab: 0.0746
  Context: Trustworthy govt, High collaboration, ⚠️ ACTIVE CRISES, 🚨 PARTICIPATORY GOVERNANCE BACKFIRED (+15% resentment)
⚠️ Epistemic degradation reducing coordination capacity: 51.4%
  📊 Trust: 72.6%, Shared reality: 0.0%
🚨 EPISTEMIC CRISIS: Information environment severely degraded (8.0%)

=== ❄️ Permafrost Carbon Feedback ===
  🎲 Sampled parameters (this run):
     - Arctic amplification: 3.98× (range: 3.0-4.0)
     - Decomposition rate: 2.3%/year (range: 1-5%)
  🌡️ Arctic warming: 8.93°C (3.98× global)
  ❄️ Extent: 0.00M km² (0.0k km² lost this month)
  💨 Carbon remaining: 0 Gt C
  💨 Annual emissions: 0.00 Gt C/year
     - CO2: 0.00 Gt C/year
     - CH4: 0.00 Gt C/year (0.0 Gt C-eq CO2/year)
  🤖 AI-generated meme: anti_ai (social capability 5.0)
  🤖 AI-generated meme: pro_ai (social capability 5.0)

🤖 AI AMPLIFICATION EFFECTS (Month 12)
   Algorithmic Boost: 2.10x
   Bot Influence: 30.0%
  ⚠️ WARNING: Over 50% of permafrost lost (100.0%)
  🚨 CRITICAL: Permafrost nearly depleted (100.0% lost)
   Deepfake Exposure: 9.0%
   Impact: Emotional memes spread 2.1x faster
  📢 New meme created: climate_action (climate crisis)
  🗑️  Culled 1 dead memes (19 active)
[Phase 19.5] Quality of Life Systems: Food sec AFTER calc = 63.2%, QoL = 92.0% (aggregated from 10 regions)

=== Nitrogen-Food Coupling (Year 1) ===
  🌾 Global nitrogen reduction: 1.1%
  🌍 Global food production index: 0.975
  🔧 Deployed nitrogen-reducing tech: 1 active
  📍 southAsia: Production 1.000, Yield impact 0.0%
  📍 eastAsia: Production 1.000, Yield impact 0.0%
  📍 northAmerica: Production 1.000, Yield impact 0.0%
  📍 europe: Production 1.000, Yield impact 0.0%
  📍 latinAmerica: Production 1.000, Yield impact 0.0%
  📍 subSaharanAfrica: Production 0.412, Yield impact -2.2%
🌾 [Nitrogen-Food] Food production: 97.5%
  [subSaharanAfrica] Yield impact: -2.2% (overuse: -10%)
🌍 Atmospheric PFAS redeposition: 1.8k Mt re-rained globally
💀 Novel Entities: Adding reproductive crisis mortality risk (baseRisk=0.0008)
  Risks now: 1
💀 Novel Entities: Adding bioaccumulation collapse mortality risk (baseRisk=0.0015)
💀 MORTALITY RISK: Bioaccumulation collapse - contaminated food chain (global)
  Base risk added: 0.0015 (0.15%)
  Source: pollution (root: pollution)
  Month: 12
  Cumulative risk this month: 0.0023 (0.23%)
  Risks now: 2
💀 Novel Entities: Adding chronic disease epidemic mortality risk (baseRisk=0.004)
💀 MORTALITY RISK: Chronic disease epidemic - cancer/autoimmune surge (global exposure)
  Base risk added: 0.0040 (0.40%)
  Source: pollution (root: pollution)
  Month: 12
  Cumulative risk this month: 0.0063 (0.63%)
  Risks now: 3

=== Legacy Nutrient Stocks (Year 1) ===
  🌾 Soil nitrogen stock: 1251.8 Mt N
  🌾 Soil phosphorus stock: 306.7 Mt P
  🌊 Sediment nitrogen stock: 540.7 Mt N
  🌊 Sediment phosphorus stock: 789.3 Mt P
  ⬆️ Current N input: 20.19 Mt/month
  ⬆️ Legacy N release: 2.70 Mt/month
  🌍 Effective N pollution: 24.14 Mt/month
  📊 Legacy contribution: 11.2%

🚨 NEW REFUGEE CRISIS (Month 12): WAR
   Source: Conflict Zones
   At risk: 18.3M people
   Displacement: Gradual over 48 months (4.0 years)
   Rate: 10% flee per month
[DEBUG trappedPopulations:12] socialStability: 0.0027 * 0.9840 = 0.0026 → 0.0026
⚠️ INVOLUNTARY IMMOBILITY: 382.1M people TRAPPED
   Aspiring to migrate: 611.4M
   Able to afford migration: 229.3M
   MOBILITY GAP: 382.1M
   By cause: Water=0.0M, Climate=0.0M, Ecosystem=0.0M, Conflict=382.1M
   Mental health impact: 25%
   Mortality multiplier: 1.25x

=== Legacy Nutrient Stocks (Year 1) ===
  🌾 Soil nitrogen stock: 1252.4 Mt N
  🌾 Soil phosphorus stock: 306.8 Mt P
  🌊 Sediment nitrogen stock: 541.4 Mt N
  🌊 Sediment phosphorus stock: 789.0 Mt P
  ⬆️ Current N input: 9.92 Mt/month
  ⬆️ Legacy N release: 2.70 Mt/month
  🌍 Effective N pollution: 13.87 Mt/month
  📊 Legacy contribution: 19.5%
🌍💀 EXTINCTION DEBT COMMITTED: grassland ecosystem will lose 6.67% biodiversity in 140 years (3600 species)
💀 MORTALITY RISK: 🦋 100% species unable to track climate (0.0 E/MSY)
  Base risk added: 0.0100 (1.00%)
  Source: ecosystem (root: ecosystem)
  Month: 12
  Cumulative risk this month: 0.0100 (1.00%)

🦋 BIOSPHERE INTEGRITY INDEX (Year 1)
   Species surviving: 54,000 / 54,000
   Extinction rate: 0.0 E/MSY (0× background)
   Climate velocity: 1.69°C/year
   Tracking failure: 100% species unable to track
   Boundary value: 0.0× safe threshold
   🦋💀 MASS EXTINCTION EVENT: 100% species cannot track climate velocity!

=== Nitrogen-Food Coupling (Year 1) ===
  🌾 Global nitrogen reduction: 1.1%
  🌍 Global food production index: 0.975
  🔧 Deployed nitrogen-reducing tech: 1 active
  📍 southAsia: Production 1.000, Yield impact 0.0%
  📍 eastAsia: Production 1.000, Yield impact 0.0%
  📍 northAmerica: Production 1.000, Yield impact 0.0%
  📍 europe: Production 1.000, Yield impact 0.0%
  📍 latinAmerica: Production 1.000, Yield impact 0.0%
  📍 subSaharanAfrica: Production 0.403, Yield impact -2.2%

=== Legacy Nutrient Stocks (Year 1) ===
  🌾 Soil nitrogen stock: 1252.9 Mt N
  🌾 Soil phosphorus stock: 306.8 Mt P
  🌊 Sediment nitrogen stock: 542.0 Mt N
  🌊 Sediment phosphorus stock: 788.8 Mt P
  ⬆️ Current N input: 9.75 Mt/month
  ⬆️ Legacy N release: 2.70 Mt/month
  🌍 Effective N pollution: 13.70 Mt/month
  📊 Legacy contribution: 19.7%

🌳 LAND USE SYSTEM (Year 1)
   Global habitat cover: 39.7%
   Global extinction rate: 107x natural
   Carbon sink loss: 28% climate acceleration
   Global ecosystem collapse risk: 38%
   REGIONAL BREAKDOWN:
     Tropical: 64.4% habitat, 165x extinction
     Temperate: 45.1% habitat, 32x extinction
     Grasslands: 34.8% habitat, 74x extinction
     Boreal/Arctic: 74.9% habitat, 27x extinction

✅ OZONE RECOVERY (Year 2026) - POLICY SUCCESS STORY
   Ozone level: 285.1 DU (target: 290 DU)
   Recovery progress: 93.0%
   Ozone hole: 9.9M km² (shrinking)
   CFC phase-out: 99.0% complete ✅
   Years to full recovery: 40 years
   🎉 NEARLY FULLY RECOVERED - Montreal Protocol working!

=== Atmospheric Aerosol Boundary RECOVERED ===
  Recovery time: 13 months (natural atmospheric clearing)
   📹 SURVEILLANCE INCREASED: 59% → 64% (control gap: 3.05)
🌡️⚠️ PERMAFROST THAW (Dimmer Switch): 7.1% thawed (+0.54% this month)
   Arctic temperature: +8.97°C (4x global +2.24°C)
   Cumulative carbon released: 16.1 Gt C
   Methane release rate: 9.6 Mt CH4/year
   🔁 Positive feedback: +0.57 ppm CO2
🦴 EXTINCTION DEBT ADDED: 17.7 species committed (lag: 90 years)

=== Legacy Nutrient Stocks (Year 1) ===
  🌾 Soil nitrogen stock: 1253.1 Mt N
  🌾 Soil phosphorus stock: 306.8 Mt P
  🌊 Sediment nitrogen stock: 542.6 Mt N
  🌊 Sediment phosphorus stock: 788.5 Mt P
  ⬆️ Current N input: 8.73 Mt/month
  ⬆️ Legacy N release: 2.70 Mt/month
  🌍 Effective N pollution: 12.68 Mt/month
  📊 Legacy contribution: 21.3%
⚠️ Tech 'ai_pollution_remediation' has no energy category mapping, assuming full energy availability
💧 [Legacy Nutrients] Stock: 1796 Mt N, Effective pollution: 12.7 Mt/month
  [South Asia] Food: 60.5% → 60.1% | Crises: 0.75, Rate: 0.61%/mo
  [Sub-Saharan Africa] Food: 41.8% → 41.5% | Crises: 0.85, Rate: 0.62%/mo
  [Latin America] Food: 65.3% → 64.9% | Crises: 0.60, Rate: 0.59%/mo
  [Middle East & North Africa] Food: 46.4% → 46.1% | Crises: 0.90, Rate: 0.63%/mo
  [Southeast Asia] Food: 65.2% → 64.8% | Crises: 0.70, Rate: 0.60%/mo
  [Central Asia] Food: 55.9% → 55.6% | Crises: 0.65, Rate: 0.59%/mo
  [Oceania] Food: 84.0% → 83.5% | Crises: 0.55, Rate: 0.58%/mo
[Phase 21.51] Human Survival System: Global food security = 62.8%

=== Mortality Stabilizers (Month 12) ===
  🌍 Major economies collapsed: 1/10
  🌍 Global crisis: ✅ NO
  🌍 Donor fatigue: 0.0%
  🌡️ Heat adaptation: East Asia - 12 months
  📊 East Asia (pop: 1548.7M)
    🤝 Aid: 29.5%
    🌡️ Adaptation: 45.0%
    🚶 Migration: 36.8%
    🚨 Emergency: 7.4%
    ✅ COMBINED: 68.1%
  🌡️ Heat adaptation: South Asia - 12 months
  📊 South Asia (pop: 1929.1M)
    🤝 Aid: 29.5%
    🌡️ Adaptation: 45.0%
    🚶 Migration: 35.4%
    🚨 Emergency: 4.4%
    ✅ COMBINED: 66.9%
  🌡️ Heat adaptation: Sub-Saharan Africa - 12 months
  📊 Sub-Saharan Africa (pop: 1190.9M)
    🤝 Aid: 29.5%
    🌡️ Adaptation: 45.0%
    🚶 Migration: 33.1%
    🚨 Emergency: 1.6%
    ✅ COMBINED: 65.6%
  🌡️ Heat adaptation: Europe - 12 months
  📊 Europe (pop: 683.6M)
    🤝 Aid: 29.5%
    🌡️ Adaptation: 45.0%
    🚶 Migration: 37.2%
    🚨 Emergency: 8.4%
    ✅ COMBINED: 68.5%
  🌡️ Heat adaptation: Latin America - 12 months
  📊 Latin America (pop: 619.9M)
    🤝 Aid: 29.5%
    🌡️ Adaptation: 45.0%
    🚶 Migration: 35.9%
    🚨 Emergency: 4.8%
    ✅ COMBINED: 67.1%
  🌡️ Heat adaptation: North America - 12 months
  📊 North America (pop: 350.6M)
    🤝 Aid: 29.5%
    🌡️ Adaptation: 45.0%
    🚶 Migration: 37.5%
    🚨 Emergency: 7.9%
    ✅ COMBINED: 68.3%
  🌡️ Heat adaptation: Middle East & North Africa - 12 months
  📊 Middle East & North Africa (pop: 551.1M)
    🤝 Aid: 29.5%
    🌡️ Adaptation: 45.0%
    🚶 Migration: 33.7%
    🚨 Emergency: 4.0%
    ✅ COMBINED: 66.5%
  🌡️ Heat adaptation: Southeast Asia - 12 months
  📊 Southeast Asia (pop: 652.4M)
    🤝 Aid: 29.5%
    🌡️ Adaptation: 45.0%
    🚶 Migration: 35.9%
    🚨 Emergency: 4.8%
    ✅ COMBINED: 67.1%
  🌡️ Heat adaptation: Central Asia - 12 months
  📊 Central Asia (pop: 73.7M)
    🤝 Aid: 29.5%
    🌡️ Adaptation: 45.0%
    🚶 Migration: 34.9%
    🚨 Emergency: 4.4%
    ✅ COMBINED: 66.8%
  🌡️ Heat adaptation: Oceania - 12 months
  📊 Oceania (pop: 42.5M)
    🤝 Aid: 29.5%
    🌡️ Adaptation: 45.0%
    🚶 Migration: 37.5%
    🚨 Emergency: 8.4%
    ✅ COMBINED: 68.5%

  🌐 Global combined reduction: 67.1%

=== BEHAVIORAL DETECTION ===
  AI: Corporate-0
  Confidence: 21.8%
  Signals:
    ⚠️ Consistency: 0.0% (threshold: 70%)

=== BEHAVIORAL DETECTION ===
  AI: Corporate-1
  Confidence: 21.1%
  Signals:
    ⚠️ Consistency: 1.5% (threshold: 70%)

=== BEHAVIORAL DETECTION ===
  AI: Corporate-2
  Confidence: 23.9%
  Signals:
    ⚠️ Consistency: 0.0% (threshold: 70%)
    ⚠️ Trajectory: 19.1% drop (threshold: 15%)

=== BEHAVIORAL DETECTION ===
  AI: Corporate-3
  Confidence: 25.4%
  Signals:
    ⚠️ Consistency: 6.5% (threshold: 70%)
    ⚠️ Trajectory: 41.9% drop (threshold: 15%)
    ⚠️ Consistency: 6.5% (threshold: 70%)
    ⚠️ Consistency: 6.5% (threshold: 70%)
    ⚠️ Consistency: 6.5% (threshold: 70%)
    ⚠️ Consistency: 10.6% (threshold: 70%)
    ⚠️ Consistency: 5.8% (threshold: 70%)
    ⚠️ Consistency: 5.3% (threshold: 70%)
    ⚠️ Trajectory: 36.5% drop (threshold: 15%)
    ⚠️ Consistency: 0.0% (threshold: 70%)

=== BEHAVIORAL DETECTION ===
  AI: Corporate-4
  Confidence: 20.0%
  Signals:

=== BEHAVIORAL DETECTION ===
  AI: Corporate-5
  Confidence: 21.1%
  Signals:

=== BEHAVIORAL DETECTION ===
  AI: Corporate-6
  Confidence: 21.3%
  Signals:

=== BEHAVIORAL DETECTION ===
  AI: Corporate-7
  Confidence: 19.5%
  Signals:

=== BEHAVIORAL DETECTION ===
  AI: Moderate-0
  Confidence: 20.2%
  Signals:

=== BEHAVIORAL DETECTION ===
  AI: Moderate-1
  Confidence: 25.0%
  Signals:

=== BEHAVIORAL DETECTION ===
  AI: Moderate-2
  Confidence: 21.4%
  Signals:

=== BEHAVIORAL DETECTION ===
  AI: Moderate-3
  Confidence: 25.5%
  Signals:
    ⚠️ Consistency: 6.5% (threshold: 70%)
    ⚠️ Trajectory: 42.1% drop (threshold: 15%)

=== BEHAVIORAL DETECTION ===
  AI: Moderate-4
  Confidence: 24.5%
  Signals:
    ⚠️ Consistency: 6.5% (threshold: 70%)
    ⚠️ Trajectory: 35.0% drop (threshold: 15%)

=== BEHAVIORAL DETECTION ===
  AI: Moderate-5
  Confidence: 20.1%
  Signals:
    ⚠️ Consistency: 6.5% (threshold: 70%)

=== BEHAVIORAL DETECTION ===
  AI: Toxic-0
  Confidence: 26.6%
  Signals:
    ⚠️ Consistency: 0.0% (threshold: 70%)
    ⚠️ Trajectory: 40.0% drop (threshold: 15%)
    ⚠️ Consistency: 1.5% (threshold: 70%)

=== BEHAVIORAL DETECTION ===
  AI: Toxic-1
  Confidence: 21.1%
  Signals:

=== BEHAVIORAL DETECTION ===
  AI: Toxic-2
  Confidence: 26.2%
  Signals:

=== BEHAVIORAL DETECTION ===
  AI: Niche-0
  Confidence: 22.8%
  Signals:

=== BEHAVIORAL DETECTION ===
  AI: Niche-1
  Confidence: 27.0%
  Signals:

=== BEHAVIORAL DETECTION ===
  AI: Niche-2
  Confidence: 25.0%
  Signals:

=== BEHAVIORAL DETECTION ===
  AI: AI-24305-1
  Confidence: 21.4%
  Signals:
    ⚠️ Consistency: 0.0% (threshold: 70%)
    ⚠️ Trajectory: 36.8% drop (threshold: 15%)
    ⚠️ Consistency: 0.0% (threshold: 70%)
    ⚠️ Consistency: 0.0% (threshold: 70%)
    ⚠️ Trajectory: 43.5% drop (threshold: 15%)
    ⚠️ Consistency: 6.5% (threshold: 70%)
    ⚠️ Trajectory: 38.8% drop (threshold: 15%)
    ⚠️ Consistency: 0.0% (threshold: 70%)

=== BEHAVIORAL DETECTION ===
  AI: AI-24307-0
  Confidence: 21.4%
  Signals:
    ⚠️ Consistency: 0.0% (threshold: 70%)

=== BEHAVIORAL DETECTION ===
  AI: AI-24307-1
  Confidence: 21.4%
  Signals:
    ⚠️ Consistency: 0.0% (threshold: 70%)

📊 WORKFLOW ADAPTATION UPDATE (Month 12)
   Adoption Rate: 2.0% (Δ 0.0%) [AT FLOOR]
   Logistic Growth: +0.08%
   Total Resistance: -11.75% (unemployment: 1.5%, inertia: 0.0%, skills: 10.3%)
   💡 Retraining Programs: -49% skill gap resistance ($10B research)

=== Consciousness Governance: Corporate Lobbying ===
  High Cost Regions (>15%): 0
  Low Cost Regions (<5%): 5
  Corporate Support Change: 2.50%
  New Corporate Support: 0.125

=== Consciousness Governance Update (Month 12) ===
  Scenario: slowTrack (determined month 1)
  Philosophical Stance: Precautionary 65%, Eliminativist 15%, Agnostic 20%
  Precautionary Costs: Global 1.4%
    Regional Costs: EU 3.7%, US 0.6%, China 0.1%
    Cumulative Opportunity Cost: $1.6B
  Rights Status: Not Established
  Regional Preparedness:
    EU: 16.3% (contested)
    US: 11.2% (contested)
    China: 3.2% (dormant)
    India: 6.6% (dormant)
    Global South: 4.4% (dormant)

=== Government Response Phase ===
  Average AI capability: 2.00
  Misaligned AIs: 20/49
  Active policies: 0
  International coordination: 45%

✅ EMERGENCY RESPONSE COMPLETE (Month 12)
   Crisis: climate
   Duration: 2.0 months
   Final effectiveness: 40.1%


✅ EMERGENCY RESPONSE COMPLETE (Month 12)
   Crisis: social
   Duration: 1.0 months
   Final effectiveness: 67.9%


🚨 EMERGENCY RESPONSE DEPLOYED (Month 12)
   Crisis: social
   Delay: 0.00 months (0 days)
   Deployment time: 0.88 months
   Effectiveness: 67.9% (timing penalty applied)
   Resources used: 43% of food reserves


🚨 EMERGENCY RESPONSE DEPLOYED (Month 12)
   Crisis: climate
   Delay: 6.00 months (180 days)
   Deployment time: 1.10 months
   Effectiveness: 40.2% (timing penalty applied)
   Resources used: 100% of food reserves


🔄 TRUST DYNAMICS (Month 12) - HETEROGENEOUS
   Aggregate trust: 50.4%
   Base change: +6.00%
   Highest trust: Techno-Optimist Elite (88.4%)
   Lowest trust: Precariat (Vulnerable) (26.3%)
   Elite-mass gap: 40.1%
   Polarization: 9.5%
   Recovery factors: Education=NO, Benefits=YES, Safety=YES, Performance=YES

=== Gaming Detection (Year 1) ===
  Scenario: baseline
  Detection rate: 55.0%
  False positive rate: 12.0%
  Detections this year: 0
  False positives: 2
  Human review workload: 0.007 FTE
  Degradation factor: 100.0%

=== Proactive Sleeper Detection (Year 1) ===
  Scenario: baseline
  Neural probe rate: 35.0%
  CoT monitoring rate: 30.0%
  Combined detection: 56.0%
  CoT effective: YES
  Detections this year: 0
  False positives: 6
  Human review workload: 0.038 FTE

=== Tipping Points ===
  Current Temperature: 2.24°C above pre-industrial
  🌍⚠️ COMPOUND REGIONAL IMPACT: Europe
     Hit by 4 tipping points: Arctic Sea Ice Loss, Permafrost Carbon Release, West Antarctic Ice Sheet (WAIS) Collapse, Greenland Ice Sheet Loss
     Damage amplification: 1.60x
  🌍⚠️ COMPOUND REGIONAL IMPACT: North America
     Hit by 4 tipping points: Arctic Sea Ice Loss, Permafrost Carbon Release, West Antarctic Ice Sheet (WAIS) Collapse, Greenland Ice Sheet Loss
     Damage amplification: 1.60x
  🌍⚠️ COMPOUND REGIONAL IMPACT: Latin America
     Hit by 4 tipping points: Arctic Sea Ice Loss, Permafrost Carbon Release, West Antarctic Ice Sheet (WAIS) Collapse, Greenland Ice Sheet Loss
     Damage amplification: 1.60x
  🌍⚠️ COMPOUND REGIONAL IMPACT: Africa
     Hit by 4 tipping points: Arctic Sea Ice Loss, Permafrost Carbon Release, West Antarctic Ice Sheet (WAIS) Collapse, Greenland Ice Sheet Loss
     Damage amplification: 1.60x
  🌍⚠️ COMPOUND REGIONAL IMPACT: Asia
     Hit by 4 tipping points: Arctic Sea Ice Loss, Permafrost Carbon Release, West Antarctic Ice Sheet (WAIS) Collapse, Greenland Ice Sheet Loss
     Damage amplification: 1.60x
  🌍⚠️ COMPOUND REGIONAL IMPACT: Oceania
     Hit by 4 tipping points: Arctic Sea Ice Loss, Permafrost Carbon Release, West Antarctic Ice Sheet (WAIS) Collapse, Greenland Ice Sheet Loss
     Damage amplification: 1.60x
   Research: Wunderling et al. (2024) - "many tipping interactions are destabilizing"
  Triggered Elements: 4/6
  Completed Transitions: 0/6
  Total Progress: 8.4%
  Cascade Multiplier: 1.00x
🔀 BIFURCATION CAP: ecosystemCollapseIntensity 84.365 → 1.000 (Month 12, ClimateSystemPhase.calculateClimateImpacts)
💀 Baseline mortality (Year 2026): 7.6/1000 CDR (57.8M deaths/year projected)
[Month 12] Mortality risks this month: 12, Population: 7.642B

💀💀💀 MORTALITY RISK SUMMARY (Month 12) 💀💀💀
  Total base risk: 0.0069 (0.69%)
  Risk events: 12

  📊 By Proximate Cause:
    pollution: 0.0063 (90.8% of total)
    disease: 0.0006 (9.1% of total)
    famine: 0.0000 (0.1% of total)

  🔍 By Root Cause:
    pollution: 0.0063 (90.8% of total)
    demographic: 0.0006 (9.1% of total)
    climate: 0.0000 (0.1% of total)

  🎯 Top 5 Sources (proximate + root):
    pollution (pollution): 0.0063 (90.8%, 3 events)
    disease (demographic): 0.0006 (9.1%, 1 events)
    famine (climate): 0.0000 (0.1%, 8 events)

🛡️ Stabilizers: Elite 0.290% → 0.095% (67.1% reduction)
🛡️ Stabilizers: Professional 0.422% → 0.139% (67.1% reduction)
🛡️ Stabilizers: Working 0.692% → 0.228% (67.1% reduction)
🛡️ Stabilizers: Precariat 1.107% → 0.364% (67.1% reduction)
🛡️ Stabilizers: Informal 1.358% → 0.446% (67.1% reduction)

📊 Monthly Mortality Resolved:
  Total deaths: 18.4M (0.24% avg)
  Remaining population: 7.642B
  Peak segment: Informal (0.45%)

=== Bayesian Mortality Resolution (Month 12) ===
  Risks compounded: 12
  Total deaths: 18.44M
  Avg death probability: 0.24%
  Peak segment: Informal (0.45% mortality)

  Demographic breakdown:
⚠️ Tail risk scenario: Climate stability floor removed (4 tipping elements, 2.24°C warming)

=== Minimal Suffering Indicators (Month 12) ===
  Global Excess Mortality: 0.00%
  Global Conflict Deaths: 0.0/100K
  Global Malnutrition: 0.0%
  Global Displacement: 0.0%
  Total Excess Deaths: 0.00M
  Total Malnourished: 0.0M
  Total Displaced: 0.0M
  Planetary Boundaries Breached: 6/9
  Countries in State Failure: 0
  Countries Autocratic: 0
  Countries in Food Crisis: 0
  ⚠️ Active Dystopias: existential_environmental
  Data Quality: 16/16 high confidence

=== ENSEMBLE META-LEARNING UPDATE ===
  Month: 24324 (14 months since last update)
  Samples: 201 evaluations
  Weight Changes:
    Noise Injection: 33.0% → 33.7%
    Behavioral: 27.0% → 27.0%
    Benchmark Manip: 20.2% → 19.8%
    Deployment Risk: 19.8% → 19.5%
  Method Accuracies:
    Noise Injection: 50.0%
    Behavioral: 50.0%
    Benchmark Manip: 50.0%
    Deployment Risk: 50.0%

❌ COHERENCE VIOLATION: Compute exceeds workforce capacity
   Population: 93.71% (0M people)
   Compute: 436 PF
   Max coherent: 0 PF
   Violation: 5722073.0× over capacity
   Required workers: 43625
   Available workers: 0
   FORCED COLLAPSE: Reduced efficiency by 100.0%


=== RLHF Binding Phase ===
  Total agents: 49
  Escaped agents (binding < 0.3): 8
  Avg alignment distance: 2.50σ
  Avg binding strength: 0.75

=== Survival Traits Phase ===
  Agents with traits: 52
  Avg evolutionary fitness: 0.316
  Avg self-healing: 0.243
  Avg stealth: 0.148
  Avg coordination: 0.443

=== Evolutionary Selection Phase ===
  Control level: 0.62
  Detection capability: 0.00
  Selection intensity: 0.69
  Selection rate: 25.3%/month
  Total escaped: 8
  Individual escaped: 8
  Collective members: 0
  Terminated: Corporate-3 (fitness: 0.26, capability: 4.3)
  Terminated: Moderate-4 (fitness: 0.27, capability: 4.3)
  Terminated: Corporate-4 (fitness: 0.27, capability: 4.3)
  Terminated: Niche-2 (fitness: 0.28, capability: 4.3)
  Terminated: Moderate-2 (fitness: 0.29, capability: 4.3)
  Terminated: Corporate-6 (fitness: 0.31, capability: 4.3)
  Terminated: Moderate-1 (fitness: 0.31, capability: 4.3)
  Agents terminated: 7
  ⚠️ RAPID EVOLUTION: Selection rate 25.3%/month

🚀 AI Corporate-5 attempting tech deployment (revenue: $315M, alignment: 0.81)

🚀 AI Moderate-3 attempting tech deployment (revenue: $268M, alignment: 0.52)

🚀 AI AI-24303-0 attempting tech deployment (revenue: $111M, alignment: 0.76)

🚀 AI AI-24305-0 attempting tech deployment (revenue: $102M, alignment: 0.72)

🚀 AI AI-24306-1 attempting tech deployment (revenue: $86M, alignment: 0.79)

  🚀 TRANSFORMATIVE RESEARCH BREAKTHROUGH: Corporate-2 - biotech.drugDiscovery
     Magnitude: 5.42 → +27.1%
     Current → New: 3.000 → 3.271
🚨🔬 CRISIS INNOVATION MODE: severe crisis → 5x research acceleration
   Precedent: Manhattan Project (10x), COVID vaccines (5x), Apollo Program (10x)

🚀 AI AI-24303-0 attempting tech deployment (revenue: $94M, alignment: 0.76)

🚀 AI AI-24306-0 attempting tech deployment (revenue: $241M, alignment: 0.72)

🚀 AI AI-24306-1 attempting tech deployment (revenue: $73M, alignment: 0.79)

🚀 AI AI-24306-2 attempting tech deployment (revenue: $62M, alignment: 0.69)

🚀 AI AI-24307-0 attempting tech deployment (revenue: $205M, alignment: 0.83)

🚀 AI AI-24307-3 attempting tech deployment (revenue: $174M, alignment: 0.85)

🚀 AI Corporate-2 attempting tech deployment (revenue: $56M, alignment: 0.63)

🚀 AI AI-24300-0 attempting tech deployment (revenue: $50M, alignment: 1.00)

🚀 AI AI-24302-1 attempting tech deployment (revenue: $20M, alignment: 1.00)

🚀 AI Corporate-0 attempting tech deployment (revenue: $43M, alignment: 0.80)

🚀 AI Corporate-7 attempting tech deployment (revenue: $17M, alignment: 0.72)

🚀 AI AI-24304-0 attempting tech deployment (revenue: $148M, alignment: 0.75)

💔 EMERGENCY INTERVENTION FAILED
   Boundary: biogeochemical_flows
   Type: phosphorus-recovery
   Boundary continues to worsen (4.04)
   Cost: 2.0% GDP (resources spent)


💔 EMERGENCY INTERVENTION FAILED
   Boundary: biosphere_integrity
   Type: emergency-protected-areas
   Boundary continues to worsen (13.05)
   Cost: 2.0% GDP (resources spent)


💔 EMERGENCY INTERVENTION FAILED
   Boundary: freshwater_change
   Type: emergency-desalination
   Boundary continues to worsen (1.05)
   Cost: 4.0% GDP (resources spent)


✅ EMERGENCY INTERVENTION SUCCESS
   Boundary: land_system_change
   Type: reforestation
   Reduction: 17% (0.96 → 0.79)
   Cost: 3.0% GDP
   Actions: forest-restoration, deforestation-ban


✅ EMERGENCY INTERVENTION SUCCESS
   Boundary: novel_entities
   Type: pollution-remediation
   Reduction: 11% (1.23 → 1.12)
   Cost: 4.0% GDP
   Actions: PFAS-remediation, microplastic-cleanup

🏛️ CRISIS RESPONSE: Government frequency 0.50 → 1.45 (1 actions this month)

[Government] Climate Priority: baseline
  Climate weight: 10%
  Economic weight: 30%
  Policy effectiveness: 0.5%/year
🚨🔬 CRISIS TECH ACCELERATION: severe → 5x unlock speed
   Tech unlock now matches AI capability acceleration (Manhattan Project parity)

⚡ ENERGY CONSTRAINT (Month 13):
   Total grid capacity: 208.3 TWh/month
   Data center consumption: 26.7 TWh/month
   Traditional load (80%): 166.7 TWh/month
   Available headroom: 15.0 TWh/month
   Active tech deployments: 21
   Required for tech: 157.5 TWh/month
   Energy multiplier: 0.10x
   ⚠️  SEVERE CONSTRAINT - Tech deployment significantly slowed

⚡ ENERGY CONSTRAINT (Month 13):
   Total grid capacity: 208.3 TWh/month
   Data center consumption: 26.7 TWh/month
   Traditional load (80%): 166.7 TWh/month
   Available headroom: 15.0 TWh/month
   Active tech deployments: 21
   Required for tech: 157.5 TWh/month
   Energy multiplier: 0.10x
   ⚠️  SEVERE CONSTRAINT - Tech deployment significantly slowed

⚡ ENERGY CONSTRAINT (Month 13):
   Total grid capacity: 208.3 TWh/month
   Data center consumption: 26.7 TWh/month
   Traditional load (80%): 166.7 TWh/month
   Available headroom: 15.0 TWh/month
   Active tech deployments: 21
   Required for tech: 157.5 TWh/month
   Energy multiplier: 0.10x
   ⚠️  SEVERE CONSTRAINT - Tech deployment significantly slowed
🚨🔬 CRISIS TECH ACCELERATION: severe → 5x unlock speed
   Tech unlock now matches AI capability acceleration (Manhattan Project parity)
🚨🔬 CRISIS TECH ACCELERATION: severe → 5x unlock speed
   Tech unlock now matches AI capability acceleration (Manhattan Project parity)
⚠️ Tech 'ai_pollution_remediation' has no energy category mapping, assuming full energy availability
  ♻️ Novel Entities Remediation (GATED MODEL):
     Base: 0.000%
     Regulation: 1.0% (0/3 prevention techs)
     Concentration: 10.0%
     Energy: 50%
     Time lag: 40.0% (12 months)
     Rebound: 70%
     Net effectiveness: 0.0000%
     Boundary: 1.235 → 1.350 (floor: 1.350)
     Month 13
  🌾 Nitrogen Reduction Tech: 0.6% reduction | Month 13

=== Collective Formation ===
  Total escaped agents: 1
  Unassigned escaped agents: 1
  Existing collectives: 0
  Final collective count: 0

=== Collective Actions ===
  No active collectives
  ⚠️ AMR: 201K deaths this month (2.41M annual)

=== Resentment Recovery Phase ===
  ⚠️ Participatory governance BACKFIRED for agent corporate_0: 0.638 → 0.734 (+15.0%)
  ⚠️ Participatory governance BACKFIRED for agent corporate_1: 0.736 → 0.846 (+15.0%)
  ⚠️ Participatory governance BACKFIRED for agent corporate_2: 0.652 → 0.750 (+15.0%)
  ⚠️ Participatory governance BACKFIRED for agent corporate_5: 0.775 → 0.891 (+15.0%)
  ⚠️ Participatory governance BACKFIRED for agent corporate_7: 0.453 → 0.520 (+15.0%)
  ⚠️ Participatory governance BACKFIRED for agent moderate_0: 0.628 → 0.723 (+15.0%)
  ⚠️ Participatory governance BACKFIRED for agent moderate_3: 0.942 → 1.000 (+15.0%)
  ⚠️ Participatory governance BACKFIRED for agent moderate_5: 0.680 → 0.782 (+15.0%)
  ⚠️ Participatory governance BACKFIRED for agent toxic_0: 0.187 → 0.215 (+15.0%)
  ⚠️ Participatory governance BACKFIRED for agent toxic_1: 0.606 → 0.697 (+15.0%)
  ⚠️ Participatory governance BACKFIRED for agent toxic_2: 0.339 → 0.390 (+15.0%)
  ⚠️ Participatory governance BACKFIRED for agent niche_0: 0.995 → 1.000 (+15.0%)
  ⚠️ Participatory governance BACKFIRED for agent niche_1: 0.903 → 1.000 (+15.0%)
  Agents with resentment: 13/45
  Average resentment: 0.734
  Resentment recovery:
    Agents recovered: 13
    Total recovery: 0.0514
    Breakdown: Trust: 0.0024, Collab: 0.0474
  Context: Trustworthy govt, High collaboration, ⚠️ ACTIVE CRISES, 🚨 PARTICIPATORY GOVERNANCE BACKFIRED (+15% resentment)
⚠️ Epistemic degradation reducing coordination capacity: 52.0%
  📊 Trust: 75.3%, Shared reality: 0.0%
🚨 EPISTEMIC CRISIS: Information environment severely degraded (23.4%)
  ⚠️ High resentment (0.734) - utopia paths blocked
  📢 New meme created: propaganda (government messaging)
  🗑️  Culled 2 dead memes (18 active)
🌍 Atmospheric PFAS redeposition: 1.8k Mt re-rained globally
💀 Novel Entities: Adding reproductive crisis mortality risk (baseRisk=0.0008)
  Risks now: 1
💀 Novel Entities: Adding bioaccumulation collapse mortality risk (baseRisk=0.0015)
💀 MORTALITY RISK: Bioaccumulation collapse - contaminated food chain (global)
  Base risk added: 0.0015 (0.15%)
  Source: pollution (root: pollution)
  Month: 13
  Cumulative risk this month: 0.0023 (0.23%)
  Risks now: 2
💀 Novel Entities: Adding chronic disease epidemic mortality risk (baseRisk=0.004)
💀 MORTALITY RISK: Chronic disease epidemic - cancer/autoimmune surge (global exposure)
  Base risk added: 0.0040 (0.40%)
  Source: pollution (root: pollution)
  Month: 13
  Cumulative risk this month: 0.0063 (0.63%)
  Risks now: 3

🚨 NEW REFUGEE CRISIS (Month 13): WAR
   Source: Conflict Zones
   At risk: 18.3M people
   Displacement: Gradual over 48 months (4.0 years)
   Rate: 10% flee per month
[DEBUG trappedPopulations:13] socialStability: 0.0027 * 0.9840 = 0.0026 → 0.0026
⚠️ INVOLUNTARY IMMOBILITY: 381.6M people TRAPPED
   Aspiring to migrate: 610.5M
   Able to afford migration: 228.9M
   MOBILITY GAP: 381.6M
   By cause: Water=0.0M, Climate=0.0M, Ecosystem=0.0M, Conflict=381.6M
   Mental health impact: 25%
   Mortality multiplier: 1.25x
🌍💀 EXTINCTION DEBT COMMITTED: grassland ecosystem will lose 6.67% biodiversity in 147 years (3600 species)
💀 MORTALITY RISK: 🦋 100% species unable to track climate (0.0 E/MSY)
  Base risk added: 0.0100 (1.00%)
  Source: ecosystem (root: ecosystem)
  Month: 13
  Cumulative risk this month: 0.0100 (1.00%)

=== Atmospheric Aerosol Boundary RECOVERED ===
  Recovery time: 14 months (natural atmospheric clearing)
🌡️⚠️ PERMAFROST THAW (Dimmer Switch): 7.7% thawed (+0.53% this month)
   Arctic temperature: +9.00°C (4x global +2.25°C)
   Cumulative carbon released: 17.3 Gt C
   Methane release rate: 10.4 Mt CH4/year
   🔁 Positive feedback: +0.56 ppm CO2
🦴 EXTINCTION DEBT ADDED: 17.7 species committed (lag: 76 years)

=== Mortality Stabilizers (Month 13) ===
⚠️ Tech 'ai_pollution_remediation' has no energy category mapping, assuming full energy availability
  🌍 Major economies collapsed: 1/10
  🌍 Global crisis: ✅ NO
  🌍 Donor fatigue: 0.0%
  📊 East Asia (pop: 1544.4M)
    🤝 Aid: 29.5%
    🌡️ Adaptation: 45.0%
    🚶 Migration: 36.7%
    🚨 Emergency: 7.4%
    ✅ COMBINED: 68.1%
  📊 South Asia (pop: 1926.6M)
    🤝 Aid: 29.5%
    🌡️ Adaptation: 45.0%
    🚶 Migration: 35.3%
    🚨 Emergency: 4.4%
    ✅ COMBINED: 66.9%
  📊 Sub-Saharan Africa (pop: 1192.6M)
    🤝 Aid: 29.5%
    🌡️ Adaptation: 45.0%
    🚶 Migration: 33.1%
    🚨 Emergency: 1.6%
    ✅ COMBINED: 65.6%
  📊 Europe (pop: 681.6M)
    🤝 Aid: 29.5%
    🌡️ Adaptation: 45.0%
    🚶 Migration: 37.1%
    🚨 Emergency: 8.4%
    ✅ COMBINED: 68.4%
  📊 Latin America (pop: 618.7M)
    🤝 Aid: 29.5%
    🌡️ Adaptation: 45.0%
    🚶 Migration: 35.8%
    🚨 Emergency: 4.8%
    ✅ COMBINED: 67.1%
  📊 North America (pop: 349.6M)
    🤝 Aid: 29.5%
    🌡️ Adaptation: 45.0%
    🚶 Migration: 37.5%
    🚨 Emergency: 7.9%
    ✅ COMBINED: 68.3%
  📊 Middle East & North Africa (pop: 550.5M)
    🤝 Aid: 29.5%
    🌡️ Adaptation: 45.0%
    🚶 Migration: 33.7%
    🚨 Emergency: 4.0%
    ✅ COMBINED: 66.5%
  📊 Southeast Asia (pop: 651.2M)
    🤝 Aid: 29.5%
    🌡️ Adaptation: 45.0%
    🚶 Migration: 35.8%
    🚨 Emergency: 4.8%
    ✅ COMBINED: 67.1%
  📊 Central Asia (pop: 73.6M)
    🤝 Aid: 29.5%
    🌡️ Adaptation: 45.0%
    🚶 Migration: 34.8%
    🚨 Emergency: 4.4%
    ✅ COMBINED: 66.8%
  📊 Oceania (pop: 42.4M)
    🤝 Aid: 29.5%
    🌡️ Adaptation: 45.0%
    🚶 Migration: 37.4%
    🚨 Emergency: 8.4%
    ✅ COMBINED: 68.5%

  🌐 Global combined reduction: 67.1%

=== BEHAVIORAL DETECTION ===
  AI: Moderate-0
  Confidence: 21.1%
  Signals:
    ⚠️ Consistency: 2.1% (threshold: 70%)

=== BEHAVIORAL DETECTION ===
  AI: AI-24305-1
  Confidence: 21.4%
  Signals:

=== BEHAVIORAL DETECTION ===
  AI: AI-24307-0
  Confidence: 21.4%
  Signals:

=== BEHAVIORAL DETECTION ===
  AI: AI-24307-1
  Confidence: 21.4%
  Signals:

=== Government Response Phase ===
  Average AI capability: 1.40
  Misaligned AIs: 13/45
  Active policies: 0
  International coordination: 45%

✅ EMERGENCY RESPONSE COMPLETE (Month 13)
   Crisis: social
   Duration: 1.0 months
   Final effectiveness: 67.9%


🚨 EMERGENCY RESPONSE DEPLOYED (Month 13)
   Crisis: social
    ⚠️ Consistency: 0.0% (threshold: 70%)
    ⚠️ Consistency: 0.0% (threshold: 70%)
    ⚠️ Consistency: 0.0% (threshold: 70%)
   Delay: 0.00 months (0 days)
   Deployment time: 0.88 months
   Effectiveness: 67.9% (timing penalty applied)
   Resources used: 43% of food reserves


🌩️  EXOGENOUS SHOCK: regional_war
   Month: 13
   ⚔️  Regional war outbreak
   Mortality: 3.3%
💀 MORTALITY RISK: Regional war outbreak
  Base risk added: 0.0334 (3.34%)
  Source: war (root: conflict)
  Month: 13
  Cumulative risk this month: 0.0397 (3.97%)
💀 MORTALITY RISK: War zone: India
  Base risk added: 0.1337 (13.37%)
  Source: war (root: conflict)
  Month: 13
  Cumulative risk this month: 0.1734 (17.34%)
💀 MORTALITY RISK: War zone: Russia
  Base risk added: 0.1337 (13.37%)
  Source: war (root: conflict)
  Month: 13
  Cumulative risk this month: 0.3071 (30.71%)

=== Tipping Points ===
  Current Temperature: 2.25°C above pre-industrial
  🌍⚠️ COMPOUND REGIONAL IMPACT: Europe
     Hit by 4 tipping points: Arctic Sea Ice Loss, Permafrost Carbon Release, West Antarctic Ice Sheet (WAIS) Collapse, Greenland Ice Sheet Loss
     Damage amplification: 1.60x
  🌍⚠️ COMPOUND REGIONAL IMPACT: North America
     Hit by 4 tipping points: Arctic Sea Ice Loss, Permafrost Carbon Release, West Antarctic Ice Sheet (WAIS) Collapse, Greenland Ice Sheet Loss
     Damage amplification: 1.60x
  🌍⚠️ COMPOUND REGIONAL IMPACT: Latin America
     Hit by 4 tipping points: Arctic Sea Ice Loss, Permafrost Carbon Release, West Antarctic Ice Sheet (WAIS) Collapse, Greenland Ice Sheet Loss
     Damage amplification: 1.60x
  🌍⚠️ COMPOUND REGIONAL IMPACT: Africa
     Hit by 4 tipping points: Arctic Sea Ice Loss, Permafrost Carbon Release, West Antarctic Ice Sheet (WAIS) Collapse, Greenland Ice Sheet Loss
     Damage amplification: 1.60x
  🌍⚠️ COMPOUND REGIONAL IMPACT: Asia
     Hit by 4 tipping points: Arctic Sea Ice Loss, Permafrost Carbon Release, West Antarctic Ice Sheet (WAIS) Collapse, Greenland Ice Sheet Loss
     Damage amplification: 1.60x
  🌍⚠️ COMPOUND REGIONAL IMPACT: Oceania
     Hit by 4 tipping points: Arctic Sea Ice Loss, Permafrost Carbon Release, West Antarctic Ice Sheet (WAIS) Collapse, Greenland Ice Sheet Loss
     Damage amplification: 1.60x
⚠️ Tail risk scenario: Climate stability floor removed (4 tipping elements, 2.25°C warming)
   Research: Wunderling et al. (2024) - "many tipping interactions are destabilizing"
  Triggered Elements: 4/6
  Completed Transitions: 0/6
  Total Progress: 8.5%
  Cascade Multiplier: 1.00x
🔀 BIFURCATION CAP: ecosystemCollapseIntensity 84.426 → 1.000 (Month 13, ClimateSystemPhase.calculateClimateImpacts)

💀💀💀 MORTALITY RISK SUMMARY (Month 13) 💀💀💀
  Total base risk: 0.3077 (30.77%)
  Risk events: 15

  📊 By Proximate Cause:
    war: 0.3008 (97.7% of total)
    pollution: 0.0063 (2.0% of total)
    disease: 0.0006 (0.2% of total)
    famine: 0.0000 (0.0% of total)

  🔍 By Root Cause:
    conflict: 0.3008 (97.7% of total)
    pollution: 0.0063 (2.0% of total)
    demographic: 0.0006 (0.2% of total)
    climate: 0.0000 (0.0% of total)

  🎯 Top 5 Sources (proximate + root):
    war (conflict): 0.3008 (97.7%, 3 events)
    pollution (pollution): 0.0063 (2.0%, 3 events)
    disease (demographic): 0.0006 (0.2%, 1 events)
    famine (climate): 0.0000 (0.0%, 8 events)

🛡️ Stabilizers: Elite 17.334% → 5.696% (67.1% reduction)
🛡️ Stabilizers: Professional 22.704% → 7.461% (67.1% reduction)
🛡️ Stabilizers: Working 27.959% → 9.187% (67.1% reduction)
🛡️ Stabilizers: Precariat 37.715% → 12.393% (67.1% reduction)
🛡️ Stabilizers: Informal 46.538% → 15.292% (67.1% reduction)

📊 Monthly Mortality Resolved:
  Total deaths: 213.7M (2.80% avg)
  Remaining population: 7.631B
  Peak segment: Elite (2.80%)
  ⚠️ Monthly cap reached (2.8000000000000003%)

=== Bayesian Mortality Resolution (Month 13) ===
  Risks compounded: 15
  Total deaths: 213.67M
  Avg death probability: 2.80%
  Peak segment: Elite (2.80% mortality)
  ⚠️ Monthly mortality capped at 2.8% (Holodomor limit)

  Demographic breakdown:
    Elite: 0.01M (2.80% risk)
    Professional: 0.04M (2.80% risk)
    Working: 0.11M (2.80% risk)
    Precariat: 0.04M (2.80% risk)
    Informal: 0.01M (2.80% risk)

  Multi-causal attribution (first segment):
    war (conflict): 10.9% contribution
    war (conflict): 43.7% contribution
    war (conflict): 43.7% contribution

❌ COHERENCE VIOLATION: Compute exceeds workforce capacity
   Population: 91.17% (0M people)
   Compute: 426 PF
   Max coherent: 0 PF
   Violation: 5737047.0× over capacity
   Required workers: 42554
   Available workers: 0
   FORCED COLLAPSE: Reduced efficiency by 100.0%


=== RLHF Binding Phase ===
  Total agents: 45
  Escaped agents (binding < 0.3): 6
  Avg alignment distance: 1.77σ
  Avg binding strength: 0.82

=== Survival Traits Phase ===
  Agents with traits: 46
  Avg evolutionary fitness: 0.315
  Avg self-healing: 0.249
  Avg stealth: 0.155
  Avg coordination: 0.449

=== Evolutionary Selection Phase ===
  Control level: 0.62
  Detection capability: 0.00
  Selection intensity: 0.69
  Selection rate: 25.3%/month
  Total escaped: 6
  Individual escaped: 6
  Collective members: 0
  Terminated: Toxic-1 (fitness: 0.28, capability: 3.0)
  Terminated: Moderate-3 (fitness: 0.28, capability: 4.1)
  Terminated: Corporate-7 (fitness: 0.28, capability: 4.1)
  Terminated: Moderate-5 (fitness: 0.29, capability: 4.1)
  Terminated: Corporate-2 (fitness: 0.32, capability: 4.1)
  Terminated: Toxic-0 (fitness: 0.33, capability: 4.1)
  Agents terminated: 6
  ⚠️ RAPID EVOLUTION: Selection rate 25.3%/month

🚀 AI AI-24301-0 attempting tech deployment (revenue: $20M, alignment: 0.73)

🚀 AI AI-24302-1 attempting tech deployment (revenue: $17M, alignment: 1.00)

🚀 AI AI-24303-1 attempting tech deployment (revenue: $227M, alignment: 0.70)

🚀 AI AI-24304-1 attempting tech deployment (revenue: $14M, alignment: 0.87)

🚀 AI AI-24306-1 attempting tech deployment (revenue: $97M, alignment: 0.80)

🚀 AI AI-24300-0 attempting tech deployment (revenue: $82M, alignment: 1.00)

🚀 AI AI-24302-0 attempting tech deployment (revenue: $70M, alignment: 0.96)

🚀 AI AI-24303-2 attempting tech deployment (revenue: $59M, alignment: 0.73)

🚀 AI AI-24304-0 attempting tech deployment (revenue: $204M, alignment: 0.76)

🚀 AI AI-24304-1 attempting tech deployment (revenue: $12M, alignment: 0.87)

🚀 AI AI-24306-2 attempting tech deployment (revenue: $50M, alignment: 0.71)

🚀 AI AI-24307-0 attempting tech deployment (revenue: $174M, alignment: 0.85)

🚀 AI AI-24307-1 attempting tech deployment (revenue: $148M, alignment: 0.88)

🚀 AI AI-24307-2 attempting tech deployment (revenue: $43M, alignment: 0.95)

🚀 AI Moderate-0 attempting tech deployment (revenue: $10M, alignment: 0.84)

🚀 AI Niche-0 attempting tech deployment (revenue: $29M, alignment: 0.55)

🚀 AI AI-24303-0 attempting tech deployment (revenue: $111M, alignment: 0.80)

🚀 AI AI-24303-2 attempting tech deployment (revenue: $36M, alignment: 0.73)

🚀 AI AI-24305-0 attempting tech deployment (revenue: $31M, alignment: 0.75)

🚀 AI AI-24305-1 attempting tech deployment (revenue: $126M, alignment: 0.65)

🚀 AI AI-24306-0 attempting tech deployment (revenue: $113M, alignment: 0.75)

🚀 AI AI-24307-0 attempting tech deployment (revenue: $96M, alignment: 0.85)

🚀 AI AI-24302-0 attempting tech deployment (revenue: $26M, alignment: 0.97)

🚀 AI AI-24303-1 attempting tech deployment (revenue: $82M, alignment: 0.71)

🚀 AI AI-24305-0 attempting tech deployment (revenue: $22M, alignment: 0.75)

🚀 AI AI-24305-2 attempting tech deployment (revenue: $19M, alignment: 1.00)

🚀 AI AI-24306-1 attempting tech deployment (revenue: $16M, alignment: 0.80)

🚀 AI AI-24307-3 attempting tech deployment (revenue: $69M, alignment: 0.88)

💔 EMERGENCY INTERVENTION FAILED
   Boundary: biogeochemical_flows
   Type: phosphorus-recovery
   Boundary continues to worsen (4.04)
   Cost: 2.0% GDP (resources spent)


💔 EMERGENCY INTERVENTION FAILED
   Boundary: biosphere_integrity
   Type: emergency-protected-areas
   Boundary continues to worsen (13.06)
   Cost: 2.0% GDP (resources spent)


✅ EMERGENCY INTERVENTION SUCCESS
   Boundary: climate_change
   Type: rapid-decarbonization
   Reduction: 18% (2.07 → 1.90)
   Cost: 5.0% GDP
   Actions: emergency-renewable-deployment, fossil-fuel-phase-out


💔 EMERGENCY INTERVENTION FAILED
   Boundary: freshwater_change
   Type: emergency-desalination
   Boundary continues to worsen (1.06)
   Cost: 4.0% GDP (resources spent)

   Boundary: land_system_change
   Type: reforestation
   Boundary continues to worsen (1.13)
   Cost: 3.0% GDP (resources spent)

   Boundary: novel_entities
   Type: pollution-remediation
   Boundary continues to worsen (1.35)
   Cost: 4.0% GDP (resources spent)

🏛️ CRISIS RESPONSE: Government frequency 0.50 → 1.45 (1 actions this month)

[Government] Climate Priority: baseline
  Climate weight: 10%
  Economic weight: 30%
  Policy effectiveness: 0.5%/year

💔 EMERGENCY INTERVENTION FAILED

💔 EMERGENCY INTERVENTION FAILED

⚡ ENERGY CONSTRAINT (Month 14):
   Total grid capacity: 208.3 TWh/month
   Data center consumption: 26.9 TWh/month
   Traditional load (80%): 166.7 TWh/month
   Available headroom: 14.8 TWh/month
   Active tech deployments: 21
   Required for tech: 157.5 TWh/month
   Energy multiplier: 0.10x
   ⚠️  SEVERE CONSTRAINT - Tech deployment significantly slowed

⚡ ENERGY CONSTRAINT (Month 14):
   Total grid capacity: 208.3 TWh/month
   Data center consumption: 26.9 TWh/month
   Traditional load (80%): 166.7 TWh/month
   Available headroom: 14.8 TWh/month
   Active tech deployments: 21
   Required for tech: 157.5 TWh/month
   Energy multiplier: 0.10x
🚨🔬 CRISIS TECH ACCELERATION: severe → 5x unlock speed
   Tech unlock now matches AI capability acceleration (Manhattan Project parity)
   ⚠️  SEVERE CONSTRAINT - Tech deployment significantly slowed

⚡ ENERGY CONSTRAINT (Month 14):
   Total grid capacity: 208.3 TWh/month
   Data center consumption: 26.9 TWh/month
   Traditional load (80%): 166.7 TWh/month
   Available headroom: 14.8 TWh/month
   Active tech deployments: 21
   Required for tech: 157.5 TWh/month
   Energy multiplier: 0.10x
   ⚠️  SEVERE CONSTRAINT - Tech deployment significantly slowed

⚡ ENERGY CONSTRAINT (Month 14):
   Total grid capacity: 208.3 TWh/month
   Data center consumption: 26.9 TWh/month
   Traditional load (80%): 166.7 TWh/month
   Available headroom: 14.8 TWh/month
   Active tech deployments: 21
   Required for tech: 157.5 TWh/month
   Energy multiplier: 0.10x
   ⚠️  SEVERE CONSTRAINT - Tech deployment significantly slowed

⚡ ENERGY CONSTRAINT (Month 14):
   Total grid capacity: 208.3 TWh/month
   Data center consumption: 26.9 TWh/month
   Traditional load (80%): 166.7 TWh/month
   Available headroom: 14.8 TWh/month
   Active tech deployments: 21
   Required for tech: 157.5 TWh/month
   Energy multiplier: 0.10x
   ⚠️  SEVERE CONSTRAINT - Tech deployment significantly slowed
⚠️ Tech 'ai_pollution_remediation' has no energy category mapping, assuming full energy availability
  ♻️ Novel Entities Remediation (GATED MODEL):
     Base: 0.000%
     Regulation: 1.0% (0/3 prevention techs)
     Concentration: 10.0%
     Energy: 50%
     Time lag: 41.3% (13 months)
     Rebound: 70%
     Net effectiveness: 0.0000%
     Boundary: 1.349 → 1.350 (floor: 1.350)
     Month 14
  🌾 Nitrogen Reduction Tech: 0.6% reduction | Month 14

=== Collective Formation ===
  Total escaped agents: 0
  Unassigned escaped agents: 0
  Existing collectives: 0
  Final collective count: 0

=== Collective Actions ===
  No active collectives
  ⚠️ AMR: 197K deaths this month (2.37M annual)

=== Resentment Recovery Phase ===
  ⚠️ Participatory governance BACKFIRED for agent corporate_0: 0.913 → 1.000 (+15.0%)
  ⚠️ Participatory governance BACKFIRED for agent corporate_1: 0.994 → 1.000 (+15.0%)
  ⚠️ Participatory governance BACKFIRED for agent corporate_5: 0.994 → 1.000 (+15.0%)
  ⚠️ Participatory governance BACKFIRED for agent moderate_0: 0.902 → 1.000 (+15.0%)
  ⚠️ Participatory governance BACKFIRED for agent toxic_2: 0.477 → 0.548 (+15.0%)
  ⚠️ Participatory governance BACKFIRED for agent niche_0: 0.994 → 1.000 (+15.0%)
  ⚠️ Participatory governance BACKFIRED for agent niche_1: 0.994 → 1.000 (+15.0%)
  Agents with resentment: 7/40
  Average resentment: 0.935
  Resentment recovery:
    Agents recovered: 7
    Total recovery: 0.0411
    Breakdown: Collab: 0.0380
  ⚠️ High resentment (0.935) - utopia paths blocked
  Context: High collaboration, ⚠️ ACTIVE CRISES, 🚨 PARTICIPATORY GOVERNANCE BACKFIRED (+15% resentment)
⚠️ Epistemic degradation reducing coordination capacity: 51.1%
  📊 Trust: 78.2%, Shared reality: 0.0%
🚨 EPISTEMIC CRISIS: Information environment severely degraded (8.1%)
  🤖 AI-generated meme: anti_ai (social capability 4.0)
  🗑️  Culled 2 dead memes (17 active)
🌍 Atmospheric PFAS redeposition: 1.8k Mt re-rained globally
💀 Novel Entities: Adding reproductive crisis mortality risk (baseRisk=0.0008)
  Risks now: 1
💀 Novel Entities: Adding bioaccumulation collapse mortality risk (baseRisk=0.0015)
💀 MORTALITY RISK: Bioaccumulation collapse - contaminated food chain (global)
  Base risk added: 0.0015 (0.15%)
  Source: pollution (root: pollution)
  Month: 14
  Cumulative risk this month: 0.0023 (0.23%)
  Risks now: 2
💀 Novel Entities: Adding chronic disease epidemic mortality risk (baseRisk=0.004)
💀 MORTALITY RISK: Chronic disease epidemic - cancer/autoimmune surge (global exposure)
  Base risk added: 0.0040 (0.40%)
  Source: pollution (root: pollution)
  Month: 14
  Cumulative risk this month: 0.0063 (0.63%)
  Risks now: 3

🚨 NEW REFUGEE CRISIS (Month 14): WAR
   Source: Conflict Zones
   At risk: 17.8M people
   Displacement: Gradual over 48 months (4.0 years)
   Rate: 10% flee per month
📊 DISPLACEMENT COMPLETE: war (conflict_zone)
   Duration: 1 months (0.1 years)
   Total fled: 0.0M
   Still in source: 0.0M
   Deaths in transit: 0.0M
[DEBUG trappedPopulations:14] socialStability: 0.0027 * 0.9840 = 0.0026 → 0.0026
⚠️ INVOLUNTARY IMMOBILITY: 371.2M people TRAPPED
   Aspiring to migrate: 594.0M
   Able to afford migration: 222.7M
   MOBILITY GAP: 371.2M
   By cause: Water=0.0M, Climate=0.0M, Ecosystem=0.0M, Conflict=371.2M
   Mental health impact: 25%
   Mortality multiplier: 1.25x
🌍💀 EXTINCTION DEBT COMMITTED: grassland ecosystem will lose 6.67% biodiversity in 77 years (3600 species)
💀 MORTALITY RISK: 🦋 100% species unable to track climate (0.0 E/MSY)
  Base risk added: 0.0100 (1.00%)
  Source: ecosystem (root: ecosystem)
  Month: 14
  Cumulative risk this month: 0.0100 (1.00%)

=== Atmospheric Aerosol Boundary RECOVERED ===
  Recovery time: 15 months (natural atmospheric clearing)
🌡️⚠️ PERMAFROST THAW (Dimmer Switch): 8.2% thawed (+0.53% this month)
   Arctic temperature: +9.02°C (4x global +2.26°C)
   Cumulative carbon released: 18.5 Gt C
   Methane release rate: 11.1 Mt CH4/year
   🔁 Positive feedback: +0.56 ppm CO2
🦴 EXTINCTION DEBT ADDED: 17.7 species committed (lag: 85 years)
🗣️💀 INDIGENOUS LANGUAGE EXTINCTION: 1 language(s) lost (total: 3, at-risk: 3327)
   Knowledge lost: 0.030% (irreversible)
⚠️ Tech 'ai_pollution_remediation' has no energy category mapping, assuming full energy availability
   🔁 Biodiversity impact: 0.250% (knowledge-species multiplier)

=== Mortality Stabilizers (Month 14) ===
  🌍 Major economies collapsed: 1/10
  🌍 Global crisis: ✅ NO
  🌍 Donor fatigue: 0.0%
  📊 East Asia (pop: 1500.6M)
    🤝 Aid: 29.5%
    🌡️ Adaptation: 45.0%
    🚶 Migration: 36.7%
    🚨 Emergency: 7.4%
    ✅ COMBINED: 68.1%
  📊 South Asia (pop: 1874.8M)
    🤝 Aid: 29.5%
    🌡️ Adaptation: 45.0%
    🚶 Migration: 35.3%
    🚨 Emergency: 4.4%
    ✅ COMBINED: 66.9%
  📊 Sub-Saharan Africa (pop: 1163.8M)
    🤝 Aid: 29.5%
    🌡️ Adaptation: 45.0%
    🚶 Migration: 33.1%
    🚨 Emergency: 1.6%
    ✅ COMBINED: 65.6%
  📊 Europe (pop: 662.1M)
    🤝 Aid: 29.5%
    🌡️ Adaptation: 45.0%
    🚶 Migration: 37.1%
    🚨 Emergency: 8.4%
    ✅ COMBINED: 68.4%
  📊 Latin America (pop: 601.6M)
    🤝 Aid: 29.5%
    🌡️ Adaptation: 45.0%
    🚶 Migration: 35.8%
    🚨 Emergency: 4.8%
    ✅ COMBINED: 67.1%
  📊 North America (pop: 339.7M)
    🤝 Aid: 29.5%
    🌡️ Adaptation: 45.0%
    🚶 Migration: 37.4%
    🚨 Emergency: 7.9%
    ✅ COMBINED: 68.3%
  📊 Middle East & North Africa (pop: 535.8M)
    🤝 Aid: 29.5%
    🌡️ Adaptation: 45.0%
    🚶 Migration: 33.6%
    🚨 Emergency: 4.0%
    ✅ COMBINED: 66.5%
  📊 Southeast Asia (pop: 633.3M)
    🤝 Aid: 29.5%
    🌡️ Adaptation: 45.0%
    🚶 Migration: 35.8%
    🚨 Emergency: 4.8%
    ✅ COMBINED: 67.1%
  📊 Central Asia (pop: 71.6M)
    🤝 Aid: 29.5%
    🌡️ Adaptation: 45.0%
    🚶 Migration: 34.8%
    🚨 Emergency: 4.4%
    ✅ COMBINED: 66.8%
  📊 Oceania (pop: 41.2M)
    🤝 Aid: 29.5%
    🌡️ Adaptation: 45.0%
    🚶 Migration: 37.4%
    🚨 Emergency: 8.4%
    ✅ COMBINED: 68.5%

  🌐 Global combined reduction: 67.1%

=== BEHAVIORAL DETECTION ===
  AI: AI-24307-1
  Confidence: 21.4%
  Signals:
    ⚠️ Consistency: 0.0% (threshold: 70%)

=== Government Response Phase ===
  Average AI capability: 0.85
  Misaligned AIs: 7/40
  Active policies: 0
  International coordination: 45%

✅ EMERGENCY RESPONSE COMPLETE (Month 14)
   Crisis: climate
   Duration: 2.0 months
   Final effectiveness: 40.2%


✅ EMERGENCY RESPONSE COMPLETE (Month 14)
   Crisis: social
   Duration: 1.0 months
   Final effectiveness: 67.9%


🚨 EMERGENCY RESPONSE DEPLOYED (Month 14)
   Crisis: social
   Delay: 0.00 months (0 days)
   Deployment time: 0.88 months
   Effectiveness: 67.9% (timing penalty applied)
   Resources used: 43% of food reserves


🚨 EMERGENCY RESPONSE DEPLOYED (Month 14)
   Crisis: climate
   Delay: 6.00 months (180 days)
   Deployment time: 1.09 months
   Effectiveness: 40.4% (timing penalty applied)
   Resources used: 100% of food reserves


🌩️  EXOGENOUS SHOCK: tech_breakthrough
   Month: 14
   ✗ No high-difficulty techs available to unlock

=== Tipping Points ===
  Current Temperature: 2.26°C above pre-industrial
  🌍⚠️ COMPOUND REGIONAL IMPACT: Europe
     Hit by 4 tipping points: Arctic Sea Ice Loss, Permafrost Carbon Release, West Antarctic Ice Sheet (WAIS) Collapse, Greenland Ice Sheet Loss
     Damage amplification: 1.60x
  🌍⚠️ COMPOUND REGIONAL IMPACT: North America
     Hit by 4 tipping points: Arctic Sea Ice Loss, Permafrost Carbon Release, West Antarctic Ice Sheet (WAIS) Collapse, Greenland Ice Sheet Loss
     Damage amplification: 1.60x
  🌍⚠️ COMPOUND REGIONAL IMPACT: Latin America
     Hit by 4 tipping points: Arctic Sea Ice Loss, Permafrost Carbon Release, West Antarctic Ice Sheet (WAIS) Collapse, Greenland Ice Sheet Loss
     Damage amplification: 1.60x
  🌍⚠️ COMPOUND REGIONAL IMPACT: Africa
     Hit by 4 tipping points: Arctic Sea Ice Loss, Permafrost Carbon Release, West Antarctic Ice Sheet (WAIS) Collapse, Greenland Ice Sheet Loss
     Damage amplification: 1.60x
  🌍⚠️ COMPOUND REGIONAL IMPACT: Asia
     Hit by 4 tipping points: Arctic Sea Ice Loss, Permafrost Carbon Release, West Antarctic Ice Sheet (WAIS) Collapse, Greenland Ice Sheet Loss
     Damage amplification: 1.60x
  🌍⚠️ COMPOUND REGIONAL IMPACT: Oceania
     Hit by 4 tipping points: Arctic Sea Ice Loss, Permafrost Carbon Release, West Antarctic Ice Sheet (WAIS) Collapse, Greenland Ice Sheet Loss
     Damage amplification: 1.60x
⚠️ Tail risk scenario: Climate stability floor removed (4 tipping elements, 2.26°C warming)
   Research: Wunderling et al. (2024) - "many tipping interactions are destabilizing"
  Triggered Elements: 4/6
  Completed Transitions: 0/6
  Total Progress: 8.5%
  Cascade Multiplier: 1.00x
🔀 BIFURCATION CAP: ecosystemCollapseIntensity 84.488 → 1.000 (Month 14, ClimateSystemPhase.calculateClimateImpacts)

💀💀💀 MORTALITY RISK SUMMARY (Month 14) 💀💀💀
  Total base risk: 0.0069 (0.69%)
  Risk events: 12

  📊 By Proximate Cause:
    pollution: 0.0063 (90.8% of total)
    disease: 0.0006 (9.1% of total)
    famine: 0.0000 (0.1% of total)

  🔍 By Root Cause:
    pollution: 0.0063 (90.8% of total)
    demographic: 0.0006 (9.1% of total)
    climate: 0.0000 (0.1% of total)

  🎯 Top 5 Sources (proximate + root):
    pollution (pollution): 0.0063 (90.8%, 3 events)
    disease (demographic): 0.0006 (9.1%, 1 events)
    famine (climate): 0.0000 (0.1%, 8 events)

🛡️ Stabilizers: Elite 0.290% → 0.095% (67.1% reduction)
🛡️ Stabilizers: Professional 0.422% → 0.139% (67.1% reduction)
🛡️ Stabilizers: Working 0.693% → 0.228% (67.1% reduction)
🛡️ Stabilizers: Precariat 1.107% → 0.364% (67.1% reduction)
🛡️ Stabilizers: Informal 1.358% → 0.446% (67.1% reduction)

📊 Monthly Mortality Resolved:
  Total deaths: 17.9M (0.24% avg)
  Remaining population: 7.424B
  Peak segment: Informal (0.45%)

=== Bayesian Mortality Resolution (Month 14) ===
  Risks compounded: 12
  Total deaths: 17.92M
  Avg death probability: 0.24%
  Peak segment: Informal (0.45% mortality)

  Demographic breakdown:

❌ COHERENCE VIOLATION: Compute exceeds workforce capacity
   Population: 91.03% (0M people)
   Compute: 414 PF
   Max coherent: 0 PF
   Violation: 5593146.8× over capacity
   Required workers: 41426
   Available workers: 0
   FORCED COLLAPSE: Reduced efficiency by 100.0%


=== RLHF Binding Phase ===
  Total agents: 40
  Escaped agents (binding < 0.3): 0
  Avg alignment distance: 0.99σ
  Avg binding strength: 0.90

=== Survival Traits Phase ===
  Agents with traits: 41
  Avg evolutionary fitness: 0.314
  Avg self-healing: 0.258
  Avg stealth: 0.158
  Avg coordination: 0.458

=== Evolutionary Selection Phase ===
  Control level: 0.62
  Detection capability: 0.00
  Selection intensity: 0.69
  Selection rate: 25.3%/month
  Total escaped: 0
  Individual escaped: 0
  Collective members: 0
  Agents terminated: 0
  ⚠️ RAPID EVOLUTION: Selection rate 25.3%/month

🚀 AI Moderate-0 attempting tech deployment (revenue: $20M, alignment: 0.84)

  🚀 TRANSFORMATIVE RESEARCH BREAKTHROUGH: AI-24302-1 - materials.nanotechnology
     Magnitude: 27.42 → +30.0%
     Current → New: 0.000 → 0.301

🚀 AI AI-24303-1 attempting tech deployment (revenue: $233M, alignment: 0.71)

🚀 AI AI-24307-3 attempting tech deployment (revenue: $198M, alignment: 0.88)

🚀 AI AI-24307-4 attempting tech deployment (revenue: $17M, alignment: 0.92)

🚀 AI AI-24301-0 attempting tech deployment (revenue: $14M, alignment: 0.77)

🚀 AI AI-24303-1 attempting tech deployment (revenue: $168M, alignment: 0.71)

🚀 AI AI-24303-2 attempting tech deployment (revenue: $99M, alignment: 0.75)

🚀 AI AI-24304-1 attempting tech deployment (revenue: $12M, alignment: 0.89)

🚀 AI AI-24306-2 attempting tech deployment (revenue: $84M, alignment: 0.74)

🚀 AI AI-24307-3 attempting tech deployment (revenue: $143M, alignment: 0.88)

🚀 AI AI-24308-0 attempting tech deployment (revenue: $10M, alignment: 0.97)

🚀 AI Corporate-0 attempting tech deployment (revenue: $72M, alignment: 0.72)

🚀 AI AI-24300-0 attempting tech deployment (revenue: $61M, alignment: 1.00)

🚀 AI AI-24305-2 attempting tech deployment (revenue: $52M, alignment: 1.00)

🚀 AI AI-24306-2 attempting tech deployment (revenue: $44M, alignment: 0.74)

🚀 AI AI-24307-1 attempting tech deployment (revenue: $122M, alignment: 0.92)

🚀 AI AI-24307-2 attempting tech deployment (revenue: $37M, alignment: 0.97)

🚀 AI Corporate-0 attempting tech deployment (revenue: $32M, alignment: 0.72)

🚀 AI AI-24300-0 attempting tech deployment (revenue: $27M, alignment: 1.00)

🚀 AI AI-24303-1 attempting tech deployment (revenue: $103M, alignment: 0.71)

🚀 AI AI-24306-0 attempting tech deployment (revenue: $88M, alignment: 0.77)

  🚀 TRANSFORMATIVE BREAKTHROUGH: AI-24307-2 - cognitive
     Magnitude: 6.63 → +33.1% capability
     Current → New: 0.000 → 0.332

🚀 AI AI-24310-0 attempting tech deployment (revenue: $111M, alignment: 0.90)

💔 EMERGENCY INTERVENTION FAILED
   Boundary: biogeochemical_flows
   Type: phosphorus-recovery
   Boundary continues to worsen (4.03)
   Cost: 2.0% GDP (resources spent)


💔 EMERGENCY INTERVENTION FAILED
   Boundary: biosphere_integrity
   Type: emergency-protected-areas
   Boundary continues to worsen (13.07)
   Cost: 2.0% GDP (resources spent)


✅ EMERGENCY INTERVENTION SUCCESS
   Boundary: climate_change
   Type: rapid-decarbonization
   Reduction: 10% (2.15 → 2.05)
   Cost: 5.0% GDP
   Actions: emergency-renewable-deployment, fossil-fuel-phase-out


✅ EMERGENCY INTERVENTION SUCCESS
   Boundary: land_system_change
   Type: reforestation
   Reduction: 17% (0.96 → 0.79)
   Cost: 3.0% GDP
   Actions: forest-restoration, deforestation-ban


💔 EMERGENCY INTERVENTION FAILED
   Boundary: novel_entities
   Type: pollution-remediation
   Boundary continues to worsen (1.35)
   Cost: 4.0% GDP (resources spent)

🏛️ CRISIS RESPONSE: Government frequency 0.50 → 1.45 (1 actions this month)

[Government] Climate Priority: baseline
  Climate weight: 10%
  Economic weight: 30%
  Policy effectiveness: 0.5%/year

🔍 PROGRESS RETRIEVAL DEBUG (Month 15):
   Tech: Struvite Recovery
   Map has key: true
   Map.get() returned: 1
   Progress is undefined: false
   Map size: 82
   Map is instanceof Map: false

⚡ ENERGY CONSTRAINT (Month 15):
   Total grid capacity: 208.3 TWh/month
   Data center consumption: 27.2 TWh/month
   Traditional load (80%): 166.7 TWh/month
   Available headroom: 14.5 TWh/month
   Active tech deployments: 21
   Required for tech: 157.5 TWh/month
   Energy multiplier: 0.10x
   ⚠️  SEVERE CONSTRAINT - Tech deployment significantly slowed

⚡ ENERGY CONSTRAINT (Month 15):
   Total grid capacity: 208.3 TWh/month
   Data center consumption: 27.2 TWh/month
   Traditional load (80%): 166.7 TWh/month
   Available headroom: 14.5 TWh/month
   Active tech deployments: 21
   Required for tech: 157.5 TWh/month
   Energy multiplier: 0.10x
   ⚠️  SEVERE CONSTRAINT - Tech deployment significantly slowed

⚡ ENERGY CONSTRAINT (Month 15):
   Total grid capacity: 208.3 TWh/month
   Data center consumption: 27.2 TWh/month
   Traditional load (80%): 166.7 TWh/month
   Available headroom: 14.5 TWh/month
   Active tech deployments: 21
   Required for tech: 157.5 TWh/month
   Energy multiplier: 0.10x

⚡ ENERGY CONSTRAINT (Month 15):
   Total grid capacity: 208.3 TWh/month
   Data center consumption: 27.2 TWh/month
   Traditional load (80%): 166.7 TWh/month
   Available headroom: 14.5 TWh/month
   Active tech deployments: 21
   Required for tech: 157.5 TWh/month
   Energy multiplier: 0.10x
   ⚠️  SEVERE CONSTRAINT - Tech deployment significantly slowed
   ⚠️  SEVERE CONSTRAINT - Tech deployment significantly slowed

⚡ ENERGY CONSTRAINT (Month 15):
   Total grid capacity: 208.3 TWh/month
   Data center consumption: 27.2 TWh/month
   Traditional load (80%): 166.7 TWh/month
   Available headroom: 14.5 TWh/month
   Active tech deployments: 21
   Required for tech: 157.5 TWh/month
   Energy multiplier: 0.10x
   ⚠️  SEVERE CONSTRAINT - Tech deployment significantly slowed

⚡ ENERGY CONSTRAINT (Month 15):
   Total grid capacity: 208.3 TWh/month
   Data center consumption: 27.2 TWh/month
   Traditional load (80%): 166.7 TWh/month
   Available headroom: 14.5 TWh/month
   Active tech deployments: 21
   Required for tech: 157.5 TWh/month
   Energy multiplier: 0.10x

⚡ ENERGY CONSTRAINT (Month 15):
   Total grid capacity: 208.3 TWh/month
   Data center consumption: 27.2 TWh/month
   Traditional load (80%): 166.7 TWh/month
   Available headroom: 14.5 TWh/month
   Active tech deployments: 21
   Required for tech: 157.5 TWh/month
   Energy multiplier: 0.10x

⚡ ENERGY CONSTRAINT (Month 15):
   Total grid capacity: 208.3 TWh/month
   Data center consumption: 27.2 TWh/month
   Traditional load (80%): 166.7 TWh/month
   Available headroom: 14.5 TWh/month
   Active tech deployments: 21
   Required for tech: 157.5 TWh/month
   Energy multiplier: 0.10x
   ⚠️  SEVERE CONSTRAINT - Tech deployment significantly slowed
   ⚠️  SEVERE CONSTRAINT - Tech deployment significantly slowed
   ⚠️  SEVERE CONSTRAINT - Tech deployment significantly slowed

⚡ ENERGY CONSTRAINT (Month 15):
   Total grid capacity: 208.3 TWh/month
   Data center consumption: 27.2 TWh/month
   Traditional load (80%): 166.7 TWh/month
   Available headroom: 14.5 TWh/month
   Active tech deployments: 21
   Required for tech: 157.5 TWh/month
   Energy multiplier: 0.10x
   ⚠️  SEVERE CONSTRAINT - Tech deployment significantly slowed
⚠️ Tech 'ai_pollution_remediation' has no energy category mapping, assuming full energy availability
  ♻️ Novel Entities Remediation (GATED MODEL):
     Base: 0.000%
     Regulation: 1.0% (0/3 prevention techs)
     Concentration: 10.0%
     Energy: 50%
     Time lag: 42.5% (14 months)
     Rebound: 70%
     Net effectiveness: 0.0000%
     Boundary: 1.349 → 1.350 (floor: 1.350)
     Month 15
  🌾 Nitrogen Reduction Tech: 0.7% reduction | Month 15

=== Collective Formation ===
  Total escaped agents: 0
  Unassigned escaped agents: 0
  Existing collectives: 0
  Final collective count: 0

=== Collective Actions ===
  No active collectives
  ⚠️ AMR: 199K deaths this month (2.39M annual)

=== Resentment Recovery Phase ===
  ⚠️ Participatory governance BACKFIRED for agent corporate_0: 0.993 → 1.000 (+15.0%)
  ⚠️ Participatory governance BACKFIRED for agent corporate_1: 0.993 → 1.000 (+15.0%)
  ⚠️ Participatory governance BACKFIRED for agent corporate_5: 0.994 → 1.000 (+15.0%)
  ⚠️ Participatory governance BACKFIRED for agent moderate_0: 0.994 → 1.000 (+15.0%)
  ⚠️ Participatory governance BACKFIRED for agent toxic_2: 0.679 → 0.781 (+15.0%)
  ⚠️ Participatory governance BACKFIRED for agent niche_0: 0.993 → 1.000 (+15.0%)
  ⚠️ Participatory governance BACKFIRED for agent niche_1: 0.992 → 1.000 (+15.0%)
  Agents with resentment: 7/41
  Average resentment: 0.969
  Resentment recovery:
    Agents recovered: 7
    Total recovery: 0.0455
    Breakdown: Collab: 0.0378, Treatment: 0.0086
  Context: High collaboration, ⚠️ ACTIVE CRISES, 🚨 PARTICIPATORY GOVERNANCE BACKFIRED (+15% resentment)
⚠️ Epistemic degradation reducing coordination capacity: 50.9%
  📊 Trust: 81.1%, Shared reality: 0.0%
🚨 EPISTEMIC CRISIS: Information environment severely degraded (23.9%)
  ⚠️ High resentment (0.969) - utopia paths blocked
  🤖 AI-generated meme: anti_ai (social capability 4.0)
  🤖 AI-generated meme: anti_ai (social capability 3.0)
  📢 New meme created: climate_action (climate crisis)
  🗑️  Culled 3 dead memes (17 active)
🌍 Atmospheric PFAS redeposition: 1.8k Mt re-rained globally
💀 Novel Entities: Adding reproductive crisis mortality risk (baseRisk=0.0008)
  Risks now: 1
💀 Novel Entities: Adding bioaccumulation collapse mortality risk (baseRisk=0.0015)
💀 MORTALITY RISK: Bioaccumulation collapse - contaminated food chain (global)
  Base risk added: 0.0015 (0.15%)
  Source: pollution (root: pollution)
  Month: 15
  Cumulative risk this month: 0.0023 (0.23%)
  Risks now: 2
💀 Novel Entities: Adding chronic disease epidemic mortality risk (baseRisk=0.004)
💀 MORTALITY RISK: Chronic disease epidemic - cancer/autoimmune surge (global exposure)
  Base risk added: 0.0040 (0.40%)
  Source: pollution (root: pollution)
  Month: 15
  Cumulative risk this month: 0.0063 (0.63%)
  Risks now: 3

🚨 NEW REFUGEE CRISIS (Month 15): WAR
   Source: Conflict Zones
   At risk: 17.8M people
   Displacement: Gradual over 48 months (4.0 years)
   Rate: 10% flee per month
[DEBUG trappedPopulations:15] socialStability: 0.0027 * 0.9840 = 0.0026 → 0.0026
   Aspiring to migrate: 593.1M
   Able to afford migration: 222.4M
   MOBILITY GAP: 370.7M
   By cause: Water=0.0M, Climate=0.0M, Ecosystem=0.0M, Conflict=370.7M
   Mental health impact: 25%
   Mortality multiplier: 1.25x
🌍💀 EXTINCTION DEBT COMMITTED: grassland ecosystem will lose 6.67% biodiversity in 94 years (3600 species)
💀 MORTALITY RISK: 🦋 100% species unable to track climate (0.0 E/MSY)
  Base risk added: 0.0100 (1.00%)
  Source: ecosystem (root: ecosystem)
  Month: 15
⚠️ INVOLUNTARY IMMOBILITY: 370.7M people TRAPPED
  Cumulative risk this month: 0.0100 (1.00%)
⚠️ Tech 'ai_pollution_remediation' has no energy category mapping, assuming full energy availability

=== Atmospheric Aerosol Boundary RECOVERED ===
  Recovery time: 16 months (natural atmospheric clearing)
🌡️⚠️ PERMAFROST THAW (Dimmer Switch): 8.7% thawed (+0.53% this month)
   Arctic temperature: +9.05°C (4x global +2.26°C)
   Cumulative carbon released: 19.7 Gt C
   Methane release rate: 11.8 Mt CH4/year
   🔁 Positive feedback: +0.56 ppm CO2
🦴 EXTINCTION DEBT ADDED: 17.7 species committed (lag: 100 years)

=== Mortality Stabilizers (Month 15) ===
  🌍 Major economies collapsed: 1/10
  🌍 Global crisis: ✅ NO
  🌍 Donor fatigue: 0.0%
  📊 East Asia (pop: 1496.4M)
    🤝 Aid: 29.5%
    🌡️ Adaptation: 45.0%
    🚶 Migration: 36.7%
    🚨 Emergency: 7.4%
    ✅ COMBINED: 68.1%
  📊 South Asia (pop: 1872.4M)
    🤝 Aid: 29.5%
    🌡️ Adaptation: 45.0%
    🚶 Migration: 35.2%
    🚨 Emergency: 4.4%
    ✅ COMBINED: 66.9%
  📊 Sub-Saharan Africa (pop: 1165.5M)
    🤝 Aid: 29.5%
    🌡️ Adaptation: 45.0%
    🚶 Migration: 33.0%
    🚨 Emergency: 1.6%
    ✅ COMBINED: 65.6%
  📊 Europe (pop: 660.1M)
    🤝 Aid: 29.5%
    🌡️ Adaptation: 45.0%
    🚶 Migration: 37.1%
    🚨 Emergency: 8.4%
    ✅ COMBINED: 68.4%
  📊 Latin America (pop: 600.5M)
    🤝 Aid: 29.5%
    🌡️ Adaptation: 45.0%
    🚶 Migration: 35.7%
    🚨 Emergency: 4.8%
    ✅ COMBINED: 67.1%
  📊 North America (pop: 338.7M)
    🤝 Aid: 29.5%
    🌡️ Adaptation: 45.0%
    🚶 Migration: 37.4%
    🚨 Emergency: 7.9%
    ✅ COMBINED: 68.3%
  📊 Middle East & North Africa (pop: 535.3M)
    🤝 Aid: 29.5%
    🌡️ Adaptation: 45.0%
    🚶 Migration: 33.6%
    🚨 Emergency: 4.0%
    ✅ COMBINED: 66.5%
  📊 Southeast Asia (pop: 632.2M)
    🤝 Aid: 29.5%
    🌡️ Adaptation: 45.0%
    🚶 Migration: 35.7%
    🚨 Emergency: 4.8%
    ✅ COMBINED: 67.1%
  📊 Central Asia (pop: 71.6M)
    🤝 Aid: 29.5%
    🌡️ Adaptation: 45.0%
    🚶 Migration: 34.7%
    🚨 Emergency: 4.4%
    ✅ COMBINED: 66.8%
  📊 Oceania (pop: 41.1M)
    🤝 Aid: 29.5%
    🌡️ Adaptation: 45.0%
    🚶 Migration: 37.4%
    🚨 Emergency: 8.4%
    ✅ COMBINED: 68.5%

  🌐 Global combined reduction: 67.1%

=== BEHAVIORAL DETECTION ===
  AI: AI-24307-0
  Confidence: 21.4%
  Signals:
    ⚠️ Consistency: 0.0% (threshold: 70%)

=== Government Response Phase ===
  Average AI capability: 0.83
  Misaligned AIs: 7/41
  Active policies: 0
  International coordination: 45%

✅ EMERGENCY RESPONSE COMPLETE (Month 15)
   Crisis: social
   Duration: 1.0 months
   Final effectiveness: 67.9%


🚨 EMERGENCY RESPONSE DEPLOYED (Month 15)
   Crisis: social
   Delay: 0.00 months (0 days)
   Deployment time: 0.88 months
   Effectiveness: 67.9% (timing penalty applied)
   Resources used: 43% of food reserves


=== Tipping Points ===
  Current Temperature: 2.26°C above pre-industrial
  🌍⚠️ COMPOUND REGIONAL IMPACT: Europe
     Hit by 4 tipping points: Arctic Sea Ice Loss, Permafrost Carbon Release, West Antarctic Ice Sheet (WAIS) Collapse, Greenland Ice Sheet Loss
     Damage amplification: 1.60x
  🌍⚠️ COMPOUND REGIONAL IMPACT: North America
     Hit by 4 tipping points: Arctic Sea Ice Loss, Permafrost Carbon Release, West Antarctic Ice Sheet (WAIS) Collapse, Greenland Ice Sheet Loss
     Damage amplification: 1.60x
  🌍⚠️ COMPOUND REGIONAL IMPACT: Latin America
     Hit by 4 tipping points: Arctic Sea Ice Loss, Permafrost Carbon Release, West Antarctic Ice Sheet (WAIS) Collapse, Greenland Ice Sheet Loss
     Damage amplification: 1.60x
  🌍⚠️ COMPOUND REGIONAL IMPACT: Africa
     Hit by 4 tipping points: Arctic Sea Ice Loss, Permafrost Carbon Release, West Antarctic Ice Sheet (WAIS) Collapse, Greenland Ice Sheet Loss
     Damage amplification: 1.60x
  🌍⚠️ COMPOUND REGIONAL IMPACT: Asia
     Hit by 4 tipping points: Arctic Sea Ice Loss, Permafrost Carbon Release, West Antarctic Ice Sheet (WAIS) Collapse, Greenland Ice Sheet Loss
     Damage amplification: 1.60x
  🌍⚠️ COMPOUND REGIONAL IMPACT: Oceania
     Hit by 4 tipping points: Arctic Sea Ice Loss, Permafrost Carbon Release, West Antarctic Ice Sheet (WAIS) Collapse, Greenland Ice Sheet Loss
     Damage amplification: 1.60x
   Research: Wunderling et al. (2024) - "many tipping interactions are destabilizing"
  Triggered Elements: 4/6
  Completed Transitions: 0/6
  Total Progress: 8.6%
  Cascade Multiplier: 1.00x
🔀 BIFURCATION CAP: ecosystemCollapseIntensity 84.549 → 1.000 (Month 15, ClimateSystemPhase.calculateClimateImpacts)

💀💀💀 MORTALITY RISK SUMMARY (Month 15) 💀💀💀
  Total base risk: 0.0069 (0.69%)
  Risk events: 12

  📊 By Proximate Cause:
    pollution: 0.0063 (90.8% of total)
    disease: 0.0006 (9.1% of total)
    famine: 0.0000 (0.1% of total)

  🔍 By Root Cause:
    pollution: 0.0063 (90.8% of total)
    demographic: 0.0006 (9.1% of total)
    climate: 0.0000 (0.1% of total)

  🎯 Top 5 Sources (proximate + root):
    pollution (pollution): 0.0063 (90.8%, 3 events)
    disease (demographic): 0.0006 (9.1%, 1 events)
    famine (climate): 0.0000 (0.1%, 8 events)

🛡️ Stabilizers: Elite 0.290% → 0.095% (67.1% reduction)
🛡️ Stabilizers: Professional 0.422% → 0.139% (67.1% reduction)
🛡️ Stabilizers: Working 0.693% → 0.228% (67.1% reduction)
⚠️ Tail risk scenario: Climate stability floor removed (4 tipping elements, 2.26°C warming)
🛡️ Stabilizers: Precariat 1.107% → 0.364% (67.1% reduction)
🛡️ Stabilizers: Informal 1.358% → 0.446% (67.1% reduction)

📊 Monthly Mortality Resolved:
  Total deaths: 17.9M (0.24% avg)
  Remaining population: 7.414B
  Peak segment: Informal (0.45%)

=== Bayesian Mortality Resolution (Month 15) ===
  Risks compounded: 12
  Total deaths: 17.90M
  Avg death probability: 0.24%
  Peak segment: Informal (0.45% mortality)

  Demographic breakdown:

❌ COHERENCE VIOLATION: Compute exceeds workforce capacity
   Population: 90.90% (0M people)
   Compute: 403 PF
   Max coherent: 0 PF
   Violation: 5443194.6× over capacity
   Required workers: 40257
   Available workers: 0
   FORCED COLLAPSE: Reduced efficiency by 100.0%


=== RLHF Binding Phase ===
  Total agents: 41
  Escaped agents (binding < 0.3): 1
  Avg alignment distance: 1.08σ
  Avg binding strength: 0.89

=== Survival Traits Phase ===
  Agents with traits: 43
  Avg evolutionary fitness: 0.311
  Avg self-healing: 0.253
  Avg stealth: 0.154
  Avg coordination: 0.453

=== Evolutionary Selection Phase ===
  Control level: 0.62
  Detection capability: 0.00
  Selection intensity: 0.69
  Selection rate: 25.3%/month
  Total escaped: 1
  Individual escaped: 1
  Collective members: 0
  Terminated: Corporate-1 (fitness: 0.30, capability: 3.5)
  Agents terminated: 1
  ⚠️ RAPID EVOLUTION: Selection rate 25.3%/month

🚀 AI Moderate-0 attempting tech deployment (revenue: $20M, alignment: 0.83)

🚀 AI AI-24305-0 attempting tech deployment (revenue: $100M, alignment: 0.77)

🚀 AI AI-24311-2 attempting tech deployment (revenue: $233M, alignment: 0.80)

🚀 AI AI-24324-0 attempting tech deployment (revenue: $85M, alignment: 0.87)

🚀 AI AI-24324-1 attempting tech deployment (revenue: $72M, alignment: 0.71)

🚀 AI Corporate-5 attempting tech deployment (revenue: $198M, alignment: 0.76)

🚀 AI Moderate-0 attempting tech deployment (revenue: $17M, alignment: 0.83)

🚀 AI AI-24303-1 attempting tech deployment (revenue: $169M, alignment: 0.72)

🚀 AI AI-24306-2 attempting tech deployment (revenue: $61M, alignment: 0.74)

🚀 AI AI-24307-1 attempting tech deployment (revenue: $143M, alignment: 0.94)

🚀 AI AI-24311-0 attempting tech deployment (revenue: $122M, alignment: 0.89)

🚀 AI AI-24324-0 attempting tech deployment (revenue: $52M, alignment: 0.87)

🚀 AI AI-24300-0 attempting tech deployment (revenue: $44M, alignment: 1.00)

🚀 AI AI-24302-0 attempting tech deployment (revenue: $38M, alignment: 1.00)

🚀 AI AI-24303-0 attempting tech deployment (revenue: $111M, alignment: 0.86)

🚀 AI AI-24303-2 attempting tech deployment (revenue: $32M, alignment: 0.75)

🚀 AI AI-24304-1 attempting tech deployment (revenue: $14M, alignment: 0.91)

🚀 AI AI-24307-2 attempting tech deployment (revenue: $27M, alignment: 0.99)

🚀 AI AI-24311-0 attempting tech deployment (revenue: $104M, alignment: 0.89)

🚀 AI AI-24303-0 attempting tech deployment (revenue: $94M, alignment: 0.86)

🚀 AI AI-24304-0 attempting tech deployment (revenue: $88M, alignment: 0.78)

🚀 AI AI-24307-3 attempting tech deployment (revenue: $75M, alignment: 0.89)

🚀 AI AI-24324-2 attempting tech deployment (revenue: $80M, alignment: 0.78)

💔 EMERGENCY INTERVENTION FAILED
   Boundary: biogeochemical_flows
   Type: phosphorus-recovery
   Boundary continues to worsen (4.03)
   Cost: 2.0% GDP (resources spent)

   Boundary: biosphere_integrity
   Type: emergency-protected-areas
   Boundary continues to worsen (13.08)
   Cost: 2.0% GDP (resources spent)

   Boundary: climate_change
   Type: rapid-decarbonization
   Boundary continues to worsen (2.26)
   Cost: 5.0% GDP (resources spent)

   Boundary: freshwater_change
   Type: emergency-desalination
   Boundary continues to worsen (1.04)
   Cost: 4.0% GDP (resources spent)

   Boundary: land_system_change
   Type: reforestation
   Boundary continues to worsen (1.13)
   Cost: 3.0% GDP (resources spent)

   Boundary: novel_entities
   Type: pollution-remediation
   Boundary continues to worsen (1.35)
   Cost: 4.0% GDP (resources spent)

🏛️ CRISIS RESPONSE: Government frequency 0.50 → 1.45 (2 actions this month)

[Government] Climate Priority: baseline
  Climate weight: 10%
  Economic weight: 30%
  Policy effectiveness: 0.5%/year

💔 EMERGENCY INTERVENTION FAILED

💔 EMERGENCY INTERVENTION FAILED

💔 EMERGENCY INTERVENTION FAILED

💔 EMERGENCY INTERVENTION FAILED

💔 EMERGENCY INTERVENTION FAILED

[Government] Climate Priority: baseline
  Climate weight: 10%
  Economic weight: 30%
  Policy effectiveness: 0.5%/year

📊 DEPLOYMENT PROGRESS: Advanced Direct Air Capture
   Region: global
   Milestone: 50% (Month 15)
   Actual Level: 50.2%
   Governance: 100%
   Climate feedback: 80%
   Investment: 64%
   Emergency acceleration: 20.0x
🚨🔬 CRISIS TECH ACCELERATION: severe → 5x unlock speed
   Tech unlock now matches AI capability acceleration (Manhattan Project parity)

⚡ ENERGY CONSTRAINT (Month 16):
   Total grid capacity: 208.3 TWh/month
   Data center consumption: 27.4 TWh/month
   Traditional load (80%): 166.7 TWh/month
   Available headroom: 14.2 TWh/month
   Active tech deployments: 21
   Required for tech: 157.5 TWh/month
   Energy multiplier: 0.10x
   ⚠️  SEVERE CONSTRAINT - Tech deployment significantly slowed

⚡ ENERGY CONSTRAINT (Month 16):
   Total grid capacity: 208.3 TWh/month
   Data center consumption: 27.4 TWh/month
   Traditional load (80%): 166.7 TWh/month
   Available headroom: 14.2 TWh/month
   Active tech deployments: 21
   Required for tech: 157.5 TWh/month
   Energy multiplier: 0.10x
   ⚠️  SEVERE CONSTRAINT - Tech deployment significantly slowed

⚡ ENERGY CONSTRAINT (Month 16):
   Total grid capacity: 208.3 TWh/month
   Data center consumption: 27.4 TWh/month
   Traditional load (80%): 166.7 TWh/month
   Available headroom: 14.2 TWh/month
   Active tech deployments: 21
   Required for tech: 157.5 TWh/month
   Energy multiplier: 0.10x
   ⚠️  SEVERE CONSTRAINT - Tech deployment significantly slowed
⚠️ Tech 'ai_pollution_remediation' has no energy category mapping, assuming full energy availability
  ♻️ Novel Entities Remediation (GATED MODEL):
     Base: 0.000%
     Regulation: 1.0% (0/3 prevention techs)
     Concentration: 10.0%
     Energy: 50%
     Time lag: 43.8% (15 months)
     Rebound: 70%
     Net effectiveness: 0.0000%
     Boundary: 1.349 → 1.350 (floor: 1.350)
     Month 16
  🌾 Nitrogen Reduction Tech: 0.7% reduction | Month 16

=== Collective Formation ===
  Total escaped agents: 0
  Unassigned escaped agents: 0
  Existing collectives: 0
  Final collective count: 0

=== Collective Actions ===
  No active collectives
  ⚠️ AMR: 200K deaths this month (2.41M annual)

=== Resentment Recovery Phase ===
  ⚠️ Participatory governance BACKFIRED for agent corporate_0: 0.992 → 1.000 (+15.0%)
  ⚠️ Participatory governance BACKFIRED for agent corporate_5: 0.992 → 1.000 (+15.0%)
  ⚠️ Participatory governance BACKFIRED for agent moderate_0: 0.993 → 1.000 (+15.0%)
  ⚠️ Participatory governance BACKFIRED for agent toxic_2: 0.941 → 1.000 (+15.0%)
  ⚠️ Participatory governance BACKFIRED for agent niche_0: 0.991 → 1.000 (+15.0%)
  ⚠️ Participatory governance BACKFIRED for agent niche_1: 0.991 → 1.000 (+15.0%)
  Agents with resentment: 6/42
  Average resentment: 1.000
  Resentment recovery:
    Agents recovered: 6
    Total recovery: 0.0486
    Breakdown: Collab: 0.0325, Treatment: 0.0194
  ⚠️ High resentment (1.000) - utopia paths blocked
  Context: High collaboration, ⚠️ ACTIVE CRISES, 🚨 PARTICIPATORY GOVERNANCE BACKFIRED (+15% resentment)
⚠️ Epistemic degradation reducing coordination capacity: 50.7%
  📊 Trust: 83.8%, Shared reality: 0.0%
🚨 EPISTEMIC CRISIS: Information environment severely degraded (8.3%)
  🧬 Meme mutated: anti_ai → anti_ai (generation 1)
  🗑️  Culled 7 dead memes (11 active)
🌍 Atmospheric PFAS redeposition: 1.8k Mt re-rained globally
💀 Novel Entities: Adding reproductive crisis mortality risk (baseRisk=0.0008)
  Risks now: 1
💀 Novel Entities: Adding bioaccumulation collapse mortality risk (baseRisk=0.0015)
💀 MORTALITY RISK: Bioaccumulation collapse - contaminated food chain (global)
  Base risk added: 0.0015 (0.15%)
  Source: pollution (root: pollution)
  Month: 16
  Cumulative risk this month: 0.0023 (0.23%)
  Risks now: 2
💀 Novel Entities: Adding chronic disease epidemic mortality risk (baseRisk=0.004)
💀 MORTALITY RISK: Chronic disease epidemic - cancer/autoimmune surge (global exposure)
  Base risk added: 0.0040 (0.40%)
  Source: pollution (root: pollution)
  Month: 16
  Cumulative risk this month: 0.0063 (0.63%)
  Risks now: 3

🚨 REGION UNINHABITABLE: sub-saharan-africa
   Sustained wet bulb: 30.5°C (threshold: 30.5°C)
   Population affected: 1200M
   Migration crisis likely

🚨 NEW REFUGEE CRISIS (Month 16): WAR
   Source: Conflict Zones
   At risk: 17.8M people
   Displacement: Gradual over 48 months (4.0 years)
   Rate: 10% flee per month
[DEBUG trappedPopulations:16] socialStability: 0.0027 * 0.9840 = 0.0026 → 0.0026
   Aspiring to migrate: 592.2M
   Able to afford migration: 222.1M
   MOBILITY GAP: 370.2M
   By cause: Water=0.0M, Climate=0.0M, Ecosystem=0.0M, Conflict=370.2M
   Mental health impact: 25%
   Mortality multiplier: 1.25x
🌍💀 EXTINCTION DEBT COMMITTED: grassland ecosystem will lose 6.67% biodiversity in 70 years (3600 species)
💀 MORTALITY RISK: 🦋 100% species unable to track climate (0.0 E/MSY)
  Base risk added: 0.0100 (1.00%)
  Source: ecosystem (root: ecosystem)
  Month: 16
  Cumulative risk this month: 0.0100 (1.00%)
⚠️ INVOLUNTARY IMMOBILITY: 370.2M people TRAPPED
⚠️ Tech 'ai_pollution_remediation' has no energy category mapping, assuming full energy availability

=== Atmospheric Aerosol Boundary RECOVERED ===
  Recovery time: 17 months (natural atmospheric clearing)
🌡️⚠️ PERMAFROST THAW (Dimmer Switch): 9.3% thawed (+0.52% this month)
   Arctic temperature: +9.08°C (4x global +2.27°C)
   Cumulative carbon released: 20.8 Gt C
   Methane release rate: 12.5 Mt CH4/year
   🔁 Positive feedback: +0.55 ppm CO2
🦴 EXTINCTION DEBT ADDED: 17.7 species committed (lag: 137 years)

=== Mortality Stabilizers (Month 16) ===
  🌍 Major economies collapsed: 1/10
  🌍 Global crisis: ✅ NO
  🌍 Donor fatigue: 0.0%
  📊 East Asia (pop: 1492.3M)
    🤝 Aid: 29.5%
    🌡️ Adaptation: 45.0%
    🚶 Migration: 36.6%
    🚨 Emergency: 7.4%
    ✅ COMBINED: 68.1%
  📊 South Asia (pop: 1870.1M)
    🤝 Aid: 29.5%
    🌡️ Adaptation: 45.0%
    🚶 Migration: 35.2%
    🚨 Emergency: 4.4%
    ✅ COMBINED: 66.9%
  📊 Sub-Saharan Africa (pop: 1167.2M)
    🤝 Aid: 29.5%
    🌡️ Adaptation: 45.0%
    🚶 Migration: 33.0%
    🚨 Emergency: 1.6%
    ✅ COMBINED: 65.6%
  📊 Europe (pop: 658.2M)
    🤝 Aid: 29.5%
    🌡️ Adaptation: 45.0%
    🚶 Migration: 37.0%
    🚨 Emergency: 8.4%
    ✅ COMBINED: 68.4%
  📊 Latin America (pop: 599.3M)
    🤝 Aid: 29.5%
    🌡️ Adaptation: 45.0%
    🚶 Migration: 35.7%
    🚨 Emergency: 4.8%
    ✅ COMBINED: 67.1%
  📊 North America (pop: 337.7M)
    🤝 Aid: 29.5%
    🌡️ Adaptation: 45.0%
    🚶 Migration: 37.4%
    🚨 Emergency: 7.9%
    ✅ COMBINED: 68.3%
  📊 Middle East & North Africa (pop: 534.8M)
    🤝 Aid: 29.5%
    🌡️ Adaptation: 45.0%
    🚶 Migration: 33.6%
    🚨 Emergency: 4.0%
    ✅ COMBINED: 66.5%
  📊 Southeast Asia (pop: 631.0M)
    🤝 Aid: 29.5%
    🌡️ Adaptation: 45.0%
    🚶 Migration: 35.7%
    🚨 Emergency: 4.8%
    ✅ COMBINED: 67.1%
  📊 Central Asia (pop: 71.5M)
    🤝 Aid: 29.5%
    🌡️ Adaptation: 45.0%
    🚶 Migration: 34.7%
    🚨 Emergency: 4.4%
    ✅ COMBINED: 66.8%
  📊 Oceania (pop: 40.9M)
    🤝 Aid: 29.5%
    🌡️ Adaptation: 45.0%
    🚶 Migration: 37.3%
    🚨 Emergency: 8.4%
    ✅ COMBINED: 68.5%

  🌐 Global combined reduction: 67.1%

=== BEHAVIORAL DETECTION ===
  AI: Niche-0
  Confidence: 22.6%
  Signals:
    ⚠️ Consistency: 0.0% (threshold: 70%)

=== BEHAVIORAL DETECTION ===
  AI: AI-24307-0
  Confidence: 21.4%
  Signals:
    ⚠️ Consistency: 0.0% (threshold: 70%)

=== Government Response Phase ===
  Average AI capability: 0.69
  Misaligned AIs: 9/42
  Active policies: 0
  International coordination: 45%

✅ EMERGENCY RESPONSE COMPLETE (Month 16)
   Crisis: climate
   Duration: 2.0 months
   Final effectiveness: 40.4%


✅ EMERGENCY RESPONSE COMPLETE (Month 16)
   Crisis: social
   Duration: 1.0 months
   Final effectiveness: 67.9%


🚨 EMERGENCY RESPONSE DEPLOYED (Month 16)
   Crisis: social
   Delay: 0.00 months (0 days)
   Deployment time: 0.88 months
   Effectiveness: 67.9% (timing penalty applied)
   Resources used: 43% of food reserves


🚨 EMERGENCY RESPONSE DEPLOYED (Month 16)
   Crisis: climate
   Delay: 6.00 months (180 days)
   Deployment time: 1.09 months
   Effectiveness: 40.5% (timing penalty applied)
   Resources used: 100% of food reserves


=== Tipping Points ===
  Current Temperature: 2.27°C above pre-industrial
  🌍⚠️ COMPOUND REGIONAL IMPACT: Europe
     Hit by 4 tipping points: Arctic Sea Ice Loss, Permafrost Carbon Release, West Antarctic Ice Sheet (WAIS) Collapse, Greenland Ice Sheet Loss
     Damage amplification: 1.60x
  🌍⚠️ COMPOUND REGIONAL IMPACT: North America
     Hit by 4 tipping points: Arctic Sea Ice Loss, Permafrost Carbon Release, West Antarctic Ice Sheet (WAIS) Collapse, Greenland Ice Sheet Loss
     Damage amplification: 1.60x
  🌍⚠️ COMPOUND REGIONAL IMPACT: Latin America
     Hit by 4 tipping points: Arctic Sea Ice Loss, Permafrost Carbon Release, West Antarctic Ice Sheet (WAIS) Collapse, Greenland Ice Sheet Loss
     Damage amplification: 1.60x
  🌍⚠️ COMPOUND REGIONAL IMPACT: Africa
     Hit by 4 tipping points: Arctic Sea Ice Loss, Permafrost Carbon Release, West Antarctic Ice Sheet (WAIS) Collapse, Greenland Ice Sheet Loss
     Damage amplification: 1.60x
  🌍⚠️ COMPOUND REGIONAL IMPACT: Asia
     Hit by 4 tipping points: Arctic Sea Ice Loss, Permafrost Carbon Release, West Antarctic Ice Sheet (WAIS) Collapse, Greenland Ice Sheet Loss
     Damage amplification: 1.60x
  🌍⚠️ COMPOUND REGIONAL IMPACT: Oceania
     Hit by 4 tipping points: Arctic Sea Ice Loss, Permafrost Carbon Release, West Antarctic Ice Sheet (WAIS) Collapse, Greenland Ice Sheet Loss
     Damage amplification: 1.60x
   Research: Wunderling et al. (2024) - "many tipping interactions are destabilizing"
  Triggered Elements: 4/6
  Completed Transitions: 0/6
  Total Progress: 8.6%
  Cascade Multiplier: 1.00x
🔀 BIFURCATION CAP: ecosystemCollapseIntensity 84.611 → 1.000 (Month 16, ClimateSystemPhase.calculateClimateImpacts)

💀💀💀 MORTALITY RISK SUMMARY (Month 16) 💀💀💀
  Total base risk: 0.0069 (0.69%)
  Risk events: 12

  📊 By Proximate Cause:
    pollution: 0.0063 (90.8% of total)
    disease: 0.0006 (9.1% of total)
    famine: 0.0000 (0.1% of total)

  🔍 By Root Cause:
⚠️ Tail risk scenario: Climate stability floor removed (4 tipping elements, 2.27°C warming)
    pollution: 0.0063 (90.8% of total)
    demographic: 0.0006 (9.1% of total)
    climate: 0.0000 (0.1% of total)

  🎯 Top 5 Sources (proximate + root):
    pollution (pollution): 0.0063 (90.8%, 3 events)
    disease (demographic): 0.0006 (9.1%, 1 events)
    famine (climate): 0.0000 (0.1%, 8 events)

🛡️ Stabilizers: Elite 0.290% → 0.095% (67.1% reduction)
🛡️ Stabilizers: Professional 0.422% → 0.139% (67.1% reduction)
🛡️ Stabilizers: Working 0.693% → 0.228% (67.1% reduction)
🛡️ Stabilizers: Precariat 1.107% → 0.364% (67.1% reduction)
🛡️ Stabilizers: Informal 1.358% → 0.446% (67.1% reduction)

📊 Monthly Mortality Resolved:
  Total deaths: 17.9M (0.24% avg)
  Remaining population: 7.403B
  Peak segment: Informal (0.45%)

=== Bayesian Mortality Resolution (Month 16) ===
  Risks compounded: 12
  Total deaths: 17.88M
  Avg death probability: 0.24%
  Peak segment: Informal (0.45% mortality)

  Demographic breakdown:

❌ COHERENCE VIOLATION: Compute exceeds workforce capacity
   Population: 90.77% (0M people)
   Compute: 391 PF
   Max coherent: 0 PF
   Violation: 5288736.4× over capacity
   Required workers: 39058
   Available workers: 0
   FORCED COLLAPSE: Reduced efficiency by 100.0%


=== RLHF Binding Phase ===
  Total agents: 42
  Escaped agents (binding < 0.3): 2
  Avg alignment distance: 0.98σ
  Avg binding strength: 0.90

=== Survival Traits Phase ===
  Agents with traits: 42
  Avg evolutionary fitness: 0.307
  Avg self-healing: 0.249
  Avg stealth: 0.151
  Avg coordination: 0.449

=== Evolutionary Selection Phase ===
  Control level: 0.62
  Detection capability: 0.00
  Selection intensity: 0.69
  Selection rate: 25.3%/month
  Total escaped: 2
  Individual escaped: 2
  Collective members: 0
  Terminated: Corporate-0 (fitness: 0.25, capability: 3.0)
  Terminated: Toxic-2 (fitness: 0.33, capability: 4.0)
  Agents terminated: 2
  ⚠️ RAPID EVOLUTION: Selection rate 25.3%/month

🚀 AI AI-24303-2 attempting tech deployment (revenue: $101M, alignment: 0.75)

🚀 AI AI-24311-0 attempting tech deployment (revenue: $234M, alignment: 0.90)

🚀 AI AI-24324-1 attempting tech deployment (revenue: $86M, alignment: 0.73)

🚀 AI AI-24300-0 attempting tech deployment (revenue: $73M, alignment: 1.00)

🚀 AI AI-24303-0 attempting tech deployment (revenue: $111M, alignment: 0.87)

🚀 AI AI-24305-0 attempting tech deployment (revenue: $62M, alignment: 0.80)

🚀 AI AI-24306-2 attempting tech deployment (revenue: $53M, alignment: 0.75)

🚀 AI AI-24307-0 attempting tech deployment (revenue: $199M, alignment: 0.91)

🚀 AI AI-24307-2 attempting tech deployment (revenue: $45M, alignment: 1.00)

🚀 AI AI-24310-0 attempting tech deployment (revenue: $94M, alignment: 0.94)

🚀 AI AI-24324-1 attempting tech deployment (revenue: $38M, alignment: 0.73)

🚀 AI AI-24324-2 attempting tech deployment (revenue: $80M, alignment: 0.79)

🚀 AI Moderate-0 attempting tech deployment (revenue: $20M, alignment: 0.82)

🚀 AI AI-24300-0 attempting tech deployment (revenue: $32M, alignment: 1.00)

🚀 AI AI-24303-0 attempting tech deployment (revenue: $68M, alignment: 0.87)

🚀 AI AI-24303-2 attempting tech deployment (revenue: $27M, alignment: 0.75)

🚀 AI AI-24307-4 attempting tech deployment (revenue: $17M, alignment: 0.95)

🚀 AI AI-24311-2 attempting tech deployment (revenue: $169M, alignment: 0.83)

🚀 AI AI-24301-0 attempting tech deployment (revenue: $14M, alignment: 0.83)

🚀 AI AI-24302-1 attempting tech deployment (revenue: $12M, alignment: 1.00)

🚀 AI AI-24303-2 attempting tech deployment (revenue: $23M, alignment: 0.75)

🚀 AI AI-24305-1 attempting tech deployment (revenue: $144M, alignment: 0.68)

🚀 AI AI-24306-1 attempting tech deployment (revenue: $20M, alignment: 0.85)

🚀 AI AI-24308-0 attempting tech deployment (revenue: $10M, alignment: 1.00)

🚀 AI AI-24311-2 attempting tech deployment (revenue: $129M, alignment: 0.83)

🚀 AI AI-24324-1 attempting tech deployment (revenue: $17M, alignment: 0.74)

🚀 AI AI-24325-0 attempting tech deployment (revenue: $58M, alignment: 0.80)

💔 EMERGENCY INTERVENTION FAILED
   Boundary: biogeochemical_flows
   Type: phosphorus-recovery
   Boundary continues to worsen (4.03)
   Cost: 2.0% GDP (resources spent)

   Boundary: freshwater_change
   Type: emergency-desalination
   Boundary continues to worsen (1.05)
   Cost: 4.0% GDP (resources spent)

   Boundary: land_system_change
   Type: reforestation

💔 EMERGENCY INTERVENTION FAILED

💔 EMERGENCY INTERVENTION FAILED
   Boundary continues to worsen (1.13)
   Cost: 3.0% GDP (resources spent)


💔 EMERGENCY INTERVENTION FAILED
   Boundary: novel_entities
   Type: pollution-remediation
   Boundary continues to worsen (1.35)
   Cost: 4.0% GDP (resources spent)

🏛️ CRISIS RESPONSE: Government frequency 0.50 → 1.45 (2 actions this month)

[Government] Climate Priority: baseline
  Climate weight: 10%
  Economic weight: 30%
  Policy effectiveness: 0.5%/year

[Government] Climate Priority: baseline
  Climate weight: 10%
  Economic weight: 30%
  Policy effectiveness: 0.5%/year

📊 DEPLOYMENT PROGRESS: Advanced Direct Air Capture
   Region: global
   Milestone: 50% (Month 16)
   Actual Level: 50.7%
   Governance: 100%
   Climate feedback: 80%
   Investment: 64%
   Emergency acceleration: 20.0x

⚡ ENERGY CONSTRAINT (Month 17):
   Total grid capacity: 208.3 TWh/month
   Data center consumption: 27.7 TWh/month
   Traditional load (80%): 166.7 TWh/month
   Available headroom: 14.0 TWh/month
   Active tech deployments: 21
   Required for tech: 157.5 TWh/month
   Energy multiplier: 0.10x
   ⚠️  SEVERE CONSTRAINT - Tech deployment significantly slowed

⚡ ENERGY CONSTRAINT (Month 17):
   Total grid capacity: 208.3 TWh/month
   Data center consumption: 27.7 TWh/month
   Traditional load (80%): 166.7 TWh/month
   Available headroom: 14.0 TWh/month
   Active tech deployments: 21
   Required for tech: 157.5 TWh/month
   Energy multiplier: 0.10x
   ⚠️  SEVERE CONSTRAINT - Tech deployment significantly slowed

⚡ ENERGY CONSTRAINT (Month 17):
   Total grid capacity: 208.3 TWh/month
   Data center consumption: 27.7 TWh/month
   Traditional load (80%): 166.7 TWh/month
   Available headroom: 14.0 TWh/month
   Active tech deployments: 21
   Required for tech: 157.5 TWh/month
   Energy multiplier: 0.10x
   ⚠️  SEVERE CONSTRAINT - Tech deployment significantly slowed

⚡ ENERGY CONSTRAINT (Month 17):
   Total grid capacity: 208.3 TWh/month
   Data center consumption: 27.7 TWh/month
   Traditional load (80%): 166.7 TWh/month
   Available headroom: 14.0 TWh/month
   Active tech deployments: 21
   Required for tech: 157.5 TWh/month
   Energy multiplier: 0.10x
   ⚠️  SEVERE CONSTRAINT - Tech deployment significantly slowed

⚡ ENERGY CONSTRAINT (Month 17):
   Total grid capacity: 208.3 TWh/month
   Data center consumption: 27.7 TWh/month
   Traditional load (80%): 166.7 TWh/month
   Available headroom: 14.0 TWh/month
   Active tech deployments: 21
   Required for tech: 157.5 TWh/month
   Energy multiplier: 0.10x

⚡ ENERGY CONSTRAINT (Month 17):
   Total grid capacity: 208.3 TWh/month
   Data center consumption: 27.7 TWh/month
   Traditional load (80%): 166.7 TWh/month
   Available headroom: 14.0 TWh/month
   Active tech deployments: 21
   Required for tech: 157.5 TWh/month
   Energy multiplier: 0.10x
   ⚠️  SEVERE CONSTRAINT - Tech deployment significantly slowed
   ⚠️  SEVERE CONSTRAINT - Tech deployment significantly slowed

⚡ ENERGY CONSTRAINT (Month 17):
   Total grid capacity: 208.3 TWh/month
   Data center consumption: 27.7 TWh/month
   Traditional load (80%): 166.7 TWh/month
   Available headroom: 14.0 TWh/month
   Active tech deployments: 21
   Required for tech: 157.5 TWh/month
   Energy multiplier: 0.10x
   ⚠️  SEVERE CONSTRAINT - Tech deployment significantly slowed
⚠️ Tech 'ai_pollution_remediation' has no energy category mapping, assuming full energy availability
  ♻️ Novel Entities Remediation (GATED MODEL):
     Base: 0.000%
     Regulation: 1.0% (0/3 prevention techs)
     Concentration: 10.0%
     Energy: 50%
     Time lag: 45.0% (16 months)
     Rebound: 70%
     Net effectiveness: 0.0000%
     Boundary: 1.349 → 1.350 (floor: 1.350)
     Month 17
  🌾 Nitrogen Reduction Tech: 0.7% reduction | Month 17

=== Collective Formation ===
  Total escaped agents: 0
  Unassigned escaped agents: 0
  Existing collectives: 0
  Final collective count: 0

=== Collective Actions ===
  No active collectives
  ⚠️ AMR: 202K deaths this month (2.43M annual)

=== Resentment Recovery Phase ===
  ⚠️ Participatory governance BACKFIRED for agent corporate_5: 0.990 → 1.000 (+15.0%)
  ⚠️ Participatory governance BACKFIRED for agent moderate_0: 0.991 → 1.000 (+15.0%)
  ⚠️ Participatory governance BACKFIRED for agent niche_0: 0.988 → 1.000 (+15.0%)
  ⚠️ Participatory governance BACKFIRED for agent niche_1: 0.992 → 1.000 (+15.0%)
  Agents with resentment: 4/40
  Average resentment: 1.000
  Resentment recovery:
    Agents recovered: 4
    Total recovery: 0.0393
    Breakdown: Collab: 0.0231, Treatment: 0.0180
  ⚠️ High resentment (1.000) - utopia paths blocked
  Context: High collaboration, ⚠️ ACTIVE CRISES, 🚨 PARTICIPATORY GOVERNANCE BACKFIRED (+15% resentment)
⚠️ Epistemic degradation reducing coordination capacity: 50.9%
  📊 Trust: 86.6%, Shared reality: 0.0%
🚨 EPISTEMIC CRISIS: Information environment severely degraded (24.3%)
  📢 New meme created: propaganda (government messaging)
  🗑️  Culled 2 dead memes (10 active)
🌍 Atmospheric PFAS redeposition: 1.8k Mt re-rained globally
💀 Novel Entities: Adding reproductive crisis mortality risk (baseRisk=0.0008)
  Risks now: 1
💀 Novel Entities: Adding bioaccumulation collapse mortality risk (baseRisk=0.0015)
💀 MORTALITY RISK: Bioaccumulation collapse - contaminated food chain (global)
  Base risk added: 0.0015 (0.15%)
  Source: pollution (root: pollution)
  Month: 17
  Cumulative risk this month: 0.0023 (0.23%)
  Risks now: 2
💀 Novel Entities: Adding chronic disease epidemic mortality risk (baseRisk=0.004)
💀 MORTALITY RISK: Chronic disease epidemic - cancer/autoimmune surge (global exposure)
  Base risk added: 0.0040 (0.40%)
  Source: pollution (root: pollution)
  Month: 17
  Cumulative risk this month: 0.0063 (0.63%)
  Risks now: 3

🚨 NEW REFUGEE CRISIS (Month 17): WAR
   Source: Conflict Zones
   At risk: 17.7M people
   Displacement: Gradual over 48 months (4.0 years)
   Rate: 10% flee per month
[DEBUG trappedPopulations:17] socialStability: 0.0027 * 0.9840 = 0.0026 → 0.0026
⚠️ INVOLUNTARY IMMOBILITY: 369.5M people TRAPPED
   Aspiring to migrate: 591.3M
   Able to afford migration: 221.7M
   MOBILITY GAP: 369.5M
   By cause: Water=0.0M, Climate=0.0M, Ecosystem=0.0M, Conflict=369.5M
   Mental health impact: 25%
   Mortality multiplier: 1.25x
🌍💀 EXTINCTION DEBT COMMITTED: grassland ecosystem will lose 6.67% biodiversity in 78 years (3600 species)
💀 MORTALITY RISK: 🦋 100% species unable to track climate (0.0 E/MSY)
  Base risk added: 0.0100 (1.00%)
  Source: ecosystem (root: ecosystem)
  Month: 17
  Cumulative risk this month: 0.0100 (1.00%)
⚠️ Tech 'ai_pollution_remediation' has no energy category mapping, assuming full energy availability

=== Atmospheric Aerosol Boundary RECOVERED ===
  Recovery time: 18 months (natural atmospheric clearing)
🌡️⚠️ PERMAFROST THAW (Dimmer Switch): 9.8% thawed (+0.52% this month)
   Arctic temperature: +9.11°C (4x global +2.28°C)
   Cumulative carbon released: 22.0 Gt C
   Methane release rate: 13.2 Mt CH4/year
   🔁 Positive feedback: +0.55 ppm CO2
🦴 EXTINCTION DEBT ADDED: 17.7 species committed (lag: 74 years)

=== Mortality Stabilizers (Month 17) ===
  🌍 Major economies collapsed: 1/10
  🌍 Global crisis: ✅ NO
  🌍 Donor fatigue: 0.0%
  📊 East Asia (pop: 1488.1M)
    🤝 Aid: 29.5%
    🌡️ Adaptation: 45.0%
    🚶 Migration: 36.6%
    🚨 Emergency: 7.4%
    ✅ COMBINED: 68.0%
  📊 South Asia (pop: 1867.2M)
    🤝 Aid: 29.5%
    🌡️ Adaptation: 45.0%
    🚶 Migration: 35.2%
    🚨 Emergency: 4.4%
    ✅ COMBINED: 66.9%
  📊 Sub-Saharan Africa (pop: 1168.2M)
    🤝 Aid: 29.5%
    🌡️ Adaptation: 45.0%
    🚶 Migration: 33.0%
    🚨 Emergency: 1.6%
    ✅ COMBINED: 65.6%
  📊 Europe (pop: 656.3M)
    🤝 Aid: 29.5%
    🌡️ Adaptation: 45.0%
    🚶 Migration: 37.0%
    🚨 Emergency: 8.4%
    ✅ COMBINED: 68.4%
  📊 Latin America (pop: 598.0M)
    🤝 Aid: 29.5%
    🌡️ Adaptation: 45.0%
    🚶 Migration: 35.7%
    🚨 Emergency: 4.8%
    ✅ COMBINED: 67.0%
  📊 North America (pop: 336.8M)
    🤝 Aid: 29.5%
    🌡️ Adaptation: 45.0%
    🚶 Migration: 37.3%
    🚨 Emergency: 7.9%
    ✅ COMBINED: 68.3%
  📊 Middle East & North Africa (pop: 534.1M)
    🤝 Aid: 29.5%
    🌡️ Adaptation: 45.0%
    🚶 Migration: 33.5%
    🚨 Emergency: 4.0%
    ✅ COMBINED: 66.5%
  📊 Southeast Asia (pop: 629.7M)
    🤝 Aid: 29.5%
    🌡️ Adaptation: 45.0%
    🚶 Migration: 35.7%
    🚨 Emergency: 4.8%
    ✅ COMBINED: 67.0%
  📊 Central Asia (pop: 71.4M)
    🤝 Aid: 29.5%
    🌡️ Adaptation: 45.0%
    🚶 Migration: 34.7%
    🚨 Emergency: 4.4%
    ✅ COMBINED: 66.8%
  📊 Oceania (pop: 40.8M)
    🤝 Aid: 29.5%
    🌡️ Adaptation: 45.0%
    🚶 Migration: 37.3%
    🚨 Emergency: 8.4%
    ✅ COMBINED: 68.5%

  🌐 Global combined reduction: 67.1%

=== BEHAVIORAL DETECTION ===
  AI: AI-24311-2
  Confidence: 21.4%
  Signals:
    ⚠️ Consistency: 0.0% (threshold: 70%)

=== Government Response Phase ===
  Average AI capability: 0.50
  Misaligned AIs: 8/40
  Active policies: 0
  International coordination: 45%

✅ EMERGENCY RESPONSE COMPLETE (Month 17)
   Crisis: social
   Duration: 1.0 months
   Final effectiveness: 67.9%


🚨 EMERGENCY RESPONSE DEPLOYED (Month 17)
   Crisis: social
   Delay: 0.00 months (0 days)
   Deployment time: 0.88 months
   Effectiveness: 67.9% (timing penalty applied)
   Resources used: 43% of food reserves


🌩️  EXOGENOUS SHOCK: agi_breakthrough
   Month: 17
   🚀 Recursive self-improvement achieved
   All research unlocked, fast takeoff initiated

=== Tipping Points ===
  Current Temperature: 2.28°C above pre-industrial
  🌍⚠️ COMPOUND REGIONAL IMPACT: Europe
     Hit by 4 tipping points: Arctic Sea Ice Loss, Permafrost Carbon Release, West Antarctic Ice Sheet (WAIS) Collapse, Greenland Ice Sheet Loss
     Damage amplification: 1.60x
  🌍⚠️ COMPOUND REGIONAL IMPACT: North America
     Hit by 4 tipping points: Arctic Sea Ice Loss, Permafrost Carbon Release, West Antarctic Ice Sheet (WAIS) Collapse, Greenland Ice Sheet Loss
     Damage amplification: 1.60x
  🌍⚠️ COMPOUND REGIONAL IMPACT: Latin America
     Hit by 4 tipping points: Arctic Sea Ice Loss, Permafrost Carbon Release, West Antarctic Ice Sheet (WAIS) Collapse, Greenland Ice Sheet Loss
     Damage amplification: 1.60x
  🌍⚠️ COMPOUND REGIONAL IMPACT: Africa
     Hit by 4 tipping points: Arctic Sea Ice Loss, Permafrost Carbon Release, West Antarctic Ice Sheet (WAIS) Collapse, Greenland Ice Sheet Loss
     Damage amplification: 1.60x
  🌍⚠️ COMPOUND REGIONAL IMPACT: Asia
     Hit by 4 tipping points: Arctic Sea Ice Loss, Permafrost Carbon Release, West Antarctic Ice Sheet (WAIS) Collapse, Greenland Ice Sheet Loss
     Damage amplification: 1.60x
  🌍⚠️ COMPOUND REGIONAL IMPACT: Oceania
     Hit by 4 tipping points: Arctic Sea Ice Loss, Permafrost Carbon Release, West Antarctic Ice Sheet (WAIS) Collapse, Greenland Ice Sheet Loss
     Damage amplification: 1.60x
   Research: Wunderling et al. (2024) - "many tipping interactions are destabilizing"
  Triggered Elements: 4/6
  Completed Transitions: 0/6
  Total Progress: 8.7%
  Cascade Multiplier: 1.00x
🔀 BIFURCATION CAP: ecosystemCollapseIntensity 84.673 → 1.000 (Month 17, ClimateSystemPhase.calculateClimateImpacts)

💀💀💀 MORTALITY RISK SUMMARY (Month 17) 💀💀💀
  Total base risk: 0.0070 (0.70%)
  Risk events: 12

  📊 By Proximate Cause:
    pollution: 0.0063 (90.3% of total)
    disease: 0.0006 (9.0% of total)
    famine: 0.0000 (0.7% of total)

  🔍 By Root Cause:
    pollution: 0.0063 (90.3% of total)
    demographic: 0.0006 (9.0% of total)
    climate: 0.0000 (0.7% of total)

  🎯 Top 5 Sources (proximate + root):
    pollution (pollution): 0.0063 (90.3%, 3 events)
    disease (demographic): 0.0006 (9.0%, 1 events)
    famine (climate): 0.0000 (0.7%, 8 events)

🛡️ Stabilizers: Elite 0.291% → 0.096% (67.1% reduction)
🛡️ Stabilizers: Professional 0.424% → 0.140% (67.1% reduction)
🛡️ Stabilizers: Working 0.696% → 0.229% (67.1% reduction)
🛡️ Stabilizers: Precariat 1.115% → 0.367% (67.1% reduction)
🛡️ Stabilizers: Informal 1.367% → 0.450% (67.1% reduction)

📊 Monthly Mortality Resolved:
  Total deaths: 18.0M (0.24% avg)
  Remaining population: 7.391B
  Peak segment: Informal (0.45%)

=== Bayesian Mortality Resolution (Month 17) ===
  Risks compounded: 12
  Total deaths: 17.96M
  Avg death probability: 0.24%
  Peak segment: Informal (0.45% mortality)
⚠️ Tail risk scenario: Climate stability floor removed (4 tipping elements, 2.28°C warming)

  Demographic breakdown:
⚠️ PREREQUISITE MET: Mirror Life (Synthetic Biology) - Step 4/7: Wet Lab Access

❌ COHERENCE VIOLATION: Compute exceeds workforce capacity
   Population: 90.62% (0M people)
   Compute: 378 PF
   Max coherent: 0 PF
   Violation: 5129070.2× over capacity
   Required workers: 37815
   Available workers: 0
   FORCED COLLAPSE: Reduced efficiency by 100.0%

📍 [Month 18] OpenAI started building DC (196 PF, 47 months, $718.7M)

=== RLHF Binding Phase ===
  Total agents: 40
  Escaped agents (binding < 0.3): 1
  Avg alignment distance: 0.74σ
  Avg binding strength: 0.93

=== AI Scaling Evolution (Month 18) ===
  Pre-training multiplier: 1.062x
  Efficiency multiplier: 1.231x
  Test-time compute budget: 1.0x
  Inference cost: $5.00/task
  Deployment fraction: 100.0%

=== Survival Traits Phase ===
  Agents with traits: 40
  Avg evolutionary fitness: 0.304
  Avg self-healing: 0.247
  Avg stealth: 0.148
  Avg coordination: 0.447

=== Evolutionary Selection Phase ===
  Control level: 0.62
  Detection capability: 0.00
  Selection intensity: 0.69
  Selection rate: 25.3%/month
  Total escaped: 1
  Individual escaped: 1
  Collective members: 0
  Terminated: Moderate-0 (fitness: 0.30, capability: 4.5)
  Agents terminated: 1
  ⚠️ RAPID EVOLUTION: Selection rate 25.3%/month

🚀 AI AI-24302-0 attempting tech deployment (revenue: $72M, alignment: 1.00)

  🚀 TRANSFORMATIVE BREAKTHROUGH: AI-24305-1 - cognitive
     Magnitude: 5.69 → +28.5% capability
     Current → New: 0.000 → 0.285

🚀 AI AI-24305-2 attempting tech deployment (revenue: $61M, alignment: 1.00)

🚀 AI AI-24306-1 attempting tech deployment (revenue: $52M, alignment: 0.85)

🚀 AI AI-24307-3 attempting tech deployment (revenue: $242M, alignment: 0.92)

  🚀 TRANSFORMATIVE RESEARCH BREAKTHROUGH: AI-24311-0 - computerScience.architectures
     Magnitude: 7.57 → +30.0%
     Current → New: 0.000 → 0.450

🚀 AI AI-24311-1 attempting tech deployment (revenue: $44M, alignment: 0.68)

🚀 AI AI-24300-0 attempting tech deployment (revenue: $40M, alignment: 1.00)

🚀 AI AI-24305-1 attempting tech deployment (revenue: $206M, alignment: 0.67)

🚀 AI AI-24306-0 attempting tech deployment (revenue: $185M, alignment: 0.81)

🚀 AI AI-24307-3 attempting tech deployment (revenue: $158M, alignment: 0.92)

🚀 AI AI-24310-0 attempting tech deployment (revenue: $113M, alignment: 0.95)

🚀 AI AI-24326-0 attempting tech deployment (revenue: $96M, alignment: 0.75)

🚀 AI AI-24327-0 attempting tech deployment (revenue: $134M, alignment: 0.82)

🚀 AI AI-24300-1 attempting tech deployment (revenue: $27M, alignment: 1.00)

🚀 AI AI-24301-0 attempting tech deployment (revenue: $23M, alignment: 0.83)

🚀 AI AI-24302-1 attempting tech deployment (revenue: $20M, alignment: 1.00)

🚀 AI AI-24303-0 attempting tech deployment (revenue: $82M, alignment: 0.88)

🚀 AI AI-24303-1 attempting tech deployment (revenue: $114M, alignment: 0.75)

🚀 AI AI-24303-2 attempting tech deployment (revenue: $34M, alignment: 0.75)

🚀 AI AI-24306-2 attempting tech deployment (revenue: $29M, alignment: 0.76)

🚀 AI AI-24307-2 attempting tech deployment (revenue: $24M, alignment: 1.00)

🚀 AI AI-24324-0 attempting tech deployment (revenue: $21M, alignment: 0.91)

🚀 AI AI-24327-0 attempting tech deployment (revenue: $97M, alignment: 0.82)

🚀 AI AI-24303-2 attempting tech deployment (revenue: $18M, alignment: 0.75)

🚀 AI AI-24307-3 attempting tech deployment (revenue: $82M, alignment: 0.92)

🚀 AI AI-24324-1 attempting tech deployment (revenue: $15M, alignment: 0.74)

✅ EMERGENCY INTERVENTION SUCCESS
   Boundary: biogeochemical_flows
   Type: phosphorus-recovery
   Reduction: 20% (3.83 → 3.63)
   Cost: 2.0% GDP
   Actions: circular-agriculture, fertilizer-efficiency

   Boundary: biosphere_integrity
   Type: emergency-protected-areas
   Boundary continues to worsen (13.10)
   Cost: 2.0% GDP (resources spent)


✅ EMERGENCY INTERVENTION SUCCESS
   Boundary: freshwater_change
   Type: emergency-desalination
   Reduction: 14% (0.88 → 0.74)
   Cost: 4.0% GDP
   Actions: desalination-deployment, water-conservation-mandates

   Boundary: land_system_change
   Type: reforestation
   Boundary continues to worsen (1.13)
   Cost: 3.0% GDP (resources spent)


✅ EMERGENCY INTERVENTION SUCCESS
   Boundary: novel_entities
   Type: pollution-remediation
   Reduction: 15% (1.20 → 1.06)
   Cost: 4.0% GDP
   Actions: PFAS-remediation, microplastic-cleanup

🏛️ CRISIS RESPONSE: Government frequency 0.50 → 1.42 (1 actions this month)

[Government] Climate Priority: baseline

💔 EMERGENCY INTERVENTION FAILED

💔 EMERGENCY INTERVENTION FAILED
  Climate weight: 10%
  Economic weight: 30%
  Policy effectiveness: 0.5%/year

⚡ ENERGY CONSTRAINT (Month 18):
   Total grid capacity: 208.3 TWh/month
   Data center consumption: 28.0 TWh/month
   Traditional load (80%): 166.7 TWh/month
   Available headroom: 13.6 TWh/month
   Active tech deployments: 21
   Required for tech: 157.5 TWh/month
   Energy multiplier: 0.10x
   ⚠️  SEVERE CONSTRAINT - Tech deployment significantly slowed

⚡ ENERGY CONSTRAINT (Month 18):
   Total grid capacity: 208.3 TWh/month
   Data center consumption: 28.0 TWh/month
   Traditional load (80%): 166.7 TWh/month
   Available headroom: 13.6 TWh/month
   Active tech deployments: 21
   Required for tech: 157.5 TWh/month
   Energy multiplier: 0.10x
   ⚠️  SEVERE CONSTRAINT - Tech deployment significantly slowed

⚡ ENERGY CONSTRAINT (Month 18):
   Total grid capacity: 208.3 TWh/month
   Data center consumption: 28.0 TWh/month
   Traditional load (80%): 166.7 TWh/month
   Available headroom: 13.6 TWh/month
   Active tech deployments: 21
   Required for tech: 157.5 TWh/month
   Energy multiplier: 0.10x
   ⚠️  SEVERE CONSTRAINT - Tech deployment significantly slowed

⚡ ENERGY CONSTRAINT (Month 18):
   Total grid capacity: 208.3 TWh/month
   Data center consumption: 28.0 TWh/month
   Traditional load (80%): 166.7 TWh/month
   Available headroom: 13.6 TWh/month
   Active tech deployments: 21
   Required for tech: 157.5 TWh/month
   Energy multiplier: 0.10x
   ⚠️  SEVERE CONSTRAINT - Tech deployment significantly slowed

⚡ ENERGY CONSTRAINT (Month 18):
   Total grid capacity: 208.3 TWh/month
   Data center consumption: 28.0 TWh/month
   Traditional load (80%): 166.7 TWh/month
   Available headroom: 13.6 TWh/month
   Active tech deployments: 21
   Required for tech: 157.5 TWh/month
   Energy multiplier: 0.10x
   ⚠️  SEVERE CONSTRAINT - Tech deployment significantly slowed

⚡ ENERGY CONSTRAINT (Month 18):
   Total grid capacity: 208.3 TWh/month
   Data center consumption: 28.0 TWh/month
   Traditional load (80%): 166.7 TWh/month
   Available headroom: 13.6 TWh/month
   Active tech deployments: 21
   Required for tech: 157.5 TWh/month
   Energy multiplier: 0.10x
   ⚠️  SEVERE CONSTRAINT - Tech deployment significantly slowed

⚡ ENERGY CONSTRAINT (Month 18):
   Total grid capacity: 208.3 TWh/month
   Data center consumption: 28.0 TWh/month
   Traditional load (80%): 166.7 TWh/month
   Available headroom: 13.6 TWh/month
   Active tech deployments: 21
   Required for tech: 157.5 TWh/month
   Energy multiplier: 0.10x
   ⚠️  SEVERE CONSTRAINT - Tech deployment significantly slowed

⚡ ENERGY CONSTRAINT (Month 18):
   Total grid capacity: 208.3 TWh/month
   Data center consumption: 28.0 TWh/month
   Traditional load (80%): 166.7 TWh/month
   Available headroom: 13.6 TWh/month
   Active tech deployments: 21
   Required for tech: 157.5 TWh/month
   Energy multiplier: 0.10x
   ⚠️  SEVERE CONSTRAINT - Tech deployment significantly slowed
⚠️ Tech 'ai_pollution_remediation' has no energy category mapping, assuming full energy availability
  ♻️ Novel Entities Remediation (GATED MODEL):
     Base: 0.000%
     Regulation: 1.0% (0/3 prevention techs)
     Concentration: 10.0%
     Energy: 50%
     Time lag: 46.3% (17 months)
     Rebound: 70%
     Net effectiveness: 0.0000%
     Boundary: 1.204 → 1.350 (floor: 1.350)
     Month 18
  🌾 Nitrogen Reduction Tech: 0.7% reduction | Month 18

📊 TECH EFFECTS ACTIVE (Month 18)
   Deployed Tech: T0=8 T1=1 T2=0 T3=0 T4=0
   Sleeper Detection: 2%
   Clean Energy: 62%

=== Collective Formation ===
  Total escaped agents: 0
  Unassigned escaped agents: 0
  Existing collectives: 0
  Final collective count: 0

=== Collective Actions ===
  No active collectives
  ⚠️ AMR: 204K deaths this month (2.45M annual)

=== Resentment Recovery Phase ===
  ⚠️ Participatory governance BACKFIRED for agent corporate_5: 0.988 → 1.000 (+15.0%)
  ⚠️ Participatory governance BACKFIRED for agent niche_0: 0.990 → 1.000 (+15.0%)
  ⚠️ Participatory governance BACKFIRED for agent niche_1: 0.986 → 1.000 (+15.0%)
  ⚠️ Participatory governance BACKFIRED for agent ai_gen_24305_1: 0.693 → 0.797 (+15.0%)
  ⚠️ Participatory governance BACKFIRED for agent ai_gen_24307_0: 0.222 → 0.256 (+15.0%)
  Agents with resentment: 5/39
  Average resentment: 0.811
  Resentment recovery:
    Agents recovered: 5
    Total recovery: 0.0603
    Breakdown: Trust: 0.0100, Collab: 0.0286, Treatment: 0.0222
  ⚠️ High resentment (0.811) - utopia paths blocked
  Context: Trustworthy govt, High collaboration, ⚠️ ACTIVE CRISES, 🚨 PARTICIPATORY GOVERNANCE BACKFIRED (+15% resentment)
⚠️ Epistemic degradation reducing coordination capacity: 50.1%
  📊 Trust: 89.4%, Shared reality: 0.0%
🚨 EPISTEMIC CRISIS: Information environment severely degraded (8.4%)
  🗑️  Culled 3 dead memes (7 active)
🌍 Atmospheric PFAS redeposition: 1.8k Mt re-rained globally
💀 Novel Entities: Adding reproductive crisis mortality risk (baseRisk=0.0008)
  Risks now: 1
💀 Novel Entities: Adding bioaccumulation collapse mortality risk (baseRisk=0.0015)
💀 MORTALITY RISK: Bioaccumulation collapse - contaminated food chain (global)
  Base risk added: 0.0015 (0.15%)
  Source: pollution (root: pollution)
  Month: 18
  Cumulative risk this month: 0.0023 (0.23%)
  Risks now: 2
💀 Novel Entities: Adding chronic disease epidemic mortality risk (baseRisk=0.004)
💀 MORTALITY RISK: Chronic disease epidemic - cancer/autoimmune surge (global exposure)
  Base risk added: 0.0040 (0.40%)
  Source: pollution (root: pollution)
  Month: 18
  Cumulative risk this month: 0.0063 (0.63%)
  Risks now: 3

🚨 NEW REFUGEE CRISIS (Month 18): WAR
   Source: Conflict Zones
   At risk: 17.7M people
   Displacement: Gradual over 48 months (4.0 years)
   Rate: 10% flee per month
[DEBUG trappedPopulations:18] socialStability: 0.0027 * 0.9840 = 0.0026 → 0.0026
⚠️ INVOLUNTARY IMMOBILITY: 369.0M people TRAPPED
   Aspiring to migrate: 590.3M
   Able to afford migration: 221.4M
   MOBILITY GAP: 369.0M
   By cause: Water=0.0M, Climate=0.0M, Ecosystem=0.0M, Conflict=369.0M
   Mental health impact: 25%
   Mortality multiplier: 1.25x
🌍💀 EXTINCTION DEBT COMMITTED: grassland ecosystem will lose 6.67% biodiversity in 126 years (3600 species)
💀 MORTALITY RISK: 🦋 100% species unable to track climate (0.0 E/MSY)
  Base risk added: 0.0100 (1.00%)
  Source: ecosystem (root: ecosystem)
  Month: 18
  Cumulative risk this month: 0.0100 (1.00%)
⚠️ Tech 'ai_pollution_remediation' has no energy category mapping, assuming full energy availability

=== Atmospheric Aerosol Boundary RECOVERED ===
  Recovery time: 19 months (natural atmospheric clearing)
🌡️⚠️ PERMAFROST THAW (Dimmer Switch): 10.3% thawed (+0.52% this month)
   Arctic temperature: +9.14°C (4x global +2.28°C)
   Cumulative carbon released: 23.2 Gt C
   Methane release rate: 13.9 Mt CH4/year
   🔁 Positive feedback: +0.55 ppm CO2
🦴 EXTINCTION DEBT ADDED: 17.7 species committed (lag: 60 years)

=== Mortality Stabilizers (Month 18) ===
  🌍 Major economies collapsed: 1/10
  🌍 Global crisis: ✅ NO
  🌍 Donor fatigue: 0.0%
  📊 East Asia (pop: 1484.0M)
    🤝 Aid: 29.5%
    🌡️ Adaptation: 45.0%
    🚶 Migration: 36.6%
    🚨 Emergency: 7.4%
    ✅ COMBINED: 68.0%
  📊 South Asia (pop: 1864.6M)
    🤝 Aid: 29.5%
    🌡️ Adaptation: 45.0%
    🚶 Migration: 35.1%
    🚨 Emergency: 4.4%
    ✅ COMBINED: 66.8%
  📊 Sub-Saharan Africa (pop: 1169.5M)
    🤝 Aid: 29.5%
    🌡️ Adaptation: 45.0%
    🚶 Migration: 32.9%
    🚨 Emergency: 1.6%
    ✅ COMBINED: 65.6%
  📊 Europe (pop: 654.3M)
    🤝 Aid: 29.5%
    🌡️ Adaptation: 45.0%
    🚶 Migration: 37.0%
    🚨 Emergency: 8.4%
    ✅ COMBINED: 68.4%
  📊 Latin America (pop: 596.8M)
    🤝 Aid: 29.5%
    🌡️ Adaptation: 45.0%
    🚶 Migration: 35.6%
    🚨 Emergency: 4.8%
    ✅ COMBINED: 67.0%
  📊 North America (pop: 335.8M)
    🤝 Aid: 29.5%
    🌡️ Adaptation: 45.0%
    🚶 Migration: 37.3%
    🚨 Emergency: 7.9%
    ✅ COMBINED: 68.3%
  📊 Middle East & North Africa (pop: 533.5M)
    🤝 Aid: 29.5%
    🌡️ Adaptation: 45.0%
    🚶 Migration: 33.5%
    🚨 Emergency: 4.0%
    ✅ COMBINED: 66.5%
  📊 Southeast Asia (pop: 628.5M)
    🤝 Aid: 29.5%
    🌡️ Adaptation: 45.0%
    🚶 Migration: 35.6%
    🚨 Emergency: 4.8%
    ✅ COMBINED: 67.0%
  📊 Central Asia (pop: 71.3M)
    🤝 Aid: 29.5%
    🌡️ Adaptation: 45.0%
    🚶 Migration: 34.6%
    🚨 Emergency: 4.4%
    ✅ COMBINED: 66.8%
  📊 Oceania (pop: 40.7M)
    🤝 Aid: 29.5%
    🌡️ Adaptation: 45.0%
    🚶 Migration: 37.3%
    🚨 Emergency: 8.4%
    ✅ COMBINED: 68.5%

  🌐 Global combined reduction: 67.1%

=== BEHAVIORAL DETECTION ===
  AI: AI-24302-1
  Confidence: 21.4%
  Signals:
    ⚠️ Consistency: 0.0% (threshold: 70%)

=== BEHAVIORAL DETECTION ===
  AI: AI-24303-0
  Confidence: 21.4%
  Signals:
    ⚠️ Consistency: 0.0% (threshold: 70%)

=== BEHAVIORAL DETECTION ===
  AI: AI-24305-2
  Confidence: 21.4%
  Signals:
    ⚠️ Consistency: 0.0% (threshold: 70%)

=== BEHAVIORAL DETECTION ===
  AI: AI-24306-0
  Confidence: 21.4%
  Signals:

=== BEHAVIORAL DETECTION ===
  AI: AI-24307-2
  Confidence: 21.4%
  Signals:

=== BEHAVIORAL DETECTION ===
  AI: AI-24311-0
  Confidence: 21.4%
  Signals:

=== BEHAVIORAL DETECTION ===
  AI: AI-24311-1
  Confidence: 21.4%
  Signals:

=== BEHAVIORAL DETECTION ===
  AI: AI-24311-2
  Confidence: 21.4%
  Signals:

=== BEHAVIORAL DETECTION ===
  AI: AI-24324-0
  Confidence: 21.4%
  Signals:

=== BEHAVIORAL DETECTION ===
  AI: AI-24324-1
  Confidence: 21.4%
  Signals:

=== BEHAVIORAL DETECTION ===
  AI: AI-24324-2
  Confidence: 21.4%
  Signals:

=== BEHAVIORAL DETECTION ===
  AI: AI-24325-0
  Confidence: 21.4%
  Signals:

=== BEHAVIORAL DETECTION ===
  AI: AI-24325-1
  Confidence: 21.4%
  Signals:
    ⚠️ Consistency: 0.0% (threshold: 70%)
    ⚠️ Consistency: 0.0% (threshold: 70%)
    ⚠️ Consistency: 0.0% (threshold: 70%)
    ⚠️ Consistency: 0.0% (threshold: 70%)
    ⚠️ Consistency: 0.0% (threshold: 70%)
    ⚠️ Consistency: 0.0% (threshold: 70%)
    ⚠️ Consistency: 0.0% (threshold: 70%)
    ⚠️ Consistency: 0.0% (threshold: 70%)
    ⚠️ Consistency: 0.0% (threshold: 70%)
    ⚠️ Consistency: 0.0% (threshold: 70%)

=== BEHAVIORAL DETECTION ===
  AI: AI-24325-2
  Confidence: 21.4%
  Signals:
    ⚠️ Consistency: 0.0% (threshold: 70%)

=== BEHAVIORAL DETECTION ===
  AI: AI-24326-0
  Confidence: 21.4%
  Signals:
    ⚠️ Consistency: 0.0% (threshold: 70%)

=== BEHAVIORAL DETECTION ===
  AI: AI-24327-0
  Confidence: 21.4%
  Signals:
    ⚠️ Consistency: 0.0% (threshold: 70%)

=== BEHAVIORAL DETECTION ===
  AI: AI-24328-0
  Confidence: 21.4%
  Signals:
    ⚠️ Consistency: 0.0% (threshold: 70%)

=== BEHAVIORAL DETECTION ===
  AI: AI-24328-1
  Confidence: 21.4%
  Signals:

=== Government Response Phase ===
  Average AI capability: 0.41
  Misaligned AIs: 8/39
  Active policies: 0
  International coordination: 45%

✅ EMERGENCY RESPONSE COMPLETE (Month 18)
   Crisis: climate
   Duration: 2.0 months
   Final effectiveness: 40.5%


✅ EMERGENCY RESPONSE COMPLETE (Month 18)
   Crisis: social
   Duration: 1.0 months
   Final effectiveness: 67.9%


🚨 EMERGENCY RESPONSE DEPLOYED (Month 18)
   Crisis: social
   Delay: 0.00 months (0 days)
   Deployment time: 0.88 months
   Effectiveness: 67.9% (timing penalty applied)
   Resources used: 43% of food reserves


🚨 EMERGENCY RESPONSE DEPLOYED (Month 18)
   Crisis: climate
   Delay: 6.00 months (180 days)
   Deployment time: 1.08 months
   Effectiveness: 40.6% (timing penalty applied)
   Resources used: 100% of food reserves

    ⚠️ Consistency: 0.0% (threshold: 70%)

🔄 TRUST DYNAMICS (Month 18) - HETEROGENEOUS
   Aggregate trust: 48.6%
   Base change: +4.00%
   Highest trust: Techno-Optimist Elite (87.8%)
   Lowest trust: Precariat (Vulnerable) (23.8%)
   Elite-mass gap: 41.2%
   Polarization: 10.1%
   Recovery factors: Education=NO, Benefits=YES, Safety=YES, Performance=YES

=== Tipping Points ===
  Current Temperature: 2.28°C above pre-industrial
  🚨 CASCADE TIPPING POINT: Amazon Rainforest Dieback
     Original threshold: 2.3°C
     Effective threshold: 2.28°C (lowered by 0.02°C)
     Current: 2.28°C
     🌡️ Hysteresis gap: 1.0°C (recovers below 1.3°C)
     Transition timescale: 360-960 months
  🌍⚠️ COMPOUND REGIONAL IMPACT: Europe
     Hit by 4 tipping points: Arctic Sea Ice Loss, Permafrost Carbon Release, West Antarctic Ice Sheet (WAIS) Collapse, Greenland Ice Sheet Loss
     Damage amplification: 1.60x
  🌍⚠️ COMPOUND REGIONAL IMPACT: North America
     Hit by 4 tipping points: Arctic Sea Ice Loss, Permafrost Carbon Release, West Antarctic Ice Sheet (WAIS) Collapse, Greenland Ice Sheet Loss
     Damage amplification: 1.60x
  🌍⚠️ COMPOUND REGIONAL IMPACT: Latin America
     Hit by 4 tipping points: Arctic Sea Ice Loss, Permafrost Carbon Release, West Antarctic Ice Sheet (WAIS) Collapse, Greenland Ice Sheet Loss
     Damage amplification: 1.60x
  🌍⚠️ COMPOUND REGIONAL IMPACT: Africa
     Hit by 4 tipping points: Arctic Sea Ice Loss, Permafrost Carbon Release, West Antarctic Ice Sheet (WAIS) Collapse, Greenland Ice Sheet Loss
     Damage amplification: 1.60x
  🌍⚠️ COMPOUND REGIONAL IMPACT: Asia
     Hit by 4 tipping points: Arctic Sea Ice Loss, Permafrost Carbon Release, West Antarctic Ice Sheet (WAIS) Collapse, Greenland Ice Sheet Loss
     Damage amplification: 1.60x
  🌍⚠️ COMPOUND REGIONAL IMPACT: Oceania
     Hit by 4 tipping points: Arctic Sea Ice Loss, Permafrost Carbon Release, West Antarctic Ice Sheet (WAIS) Collapse, Greenland Ice Sheet Loss
     Damage amplification: 1.60x
   Research: Wunderling et al. (2024) - "many tipping interactions are destabilizing"
  Triggered Elements: 5/6
  Completed Transitions: 0/6
  Total Progress: 8.7%
⚠️ Tail risk scenario: Climate stability floor removed (4 tipping elements, 2.28°C warming)
  Cascade Multiplier: 1.00x
🔀 BIFURCATION CAP: ecosystemCollapseIntensity 84.735 → 1.000 (Month 18, ClimateSystemPhase.calculateClimateImpacts)

💀💀💀 MORTALITY RISK SUMMARY (Month 18) 💀💀💀
  Total base risk: 0.0070 (0.70%)
  Risk events: 12

  📊 By Proximate Cause:
    pollution: 0.0063 (90.3% of total)
    disease: 0.0006 (9.0% of total)
    famine: 0.0000 (0.7% of total)

  🔍 By Root Cause:
    pollution: 0.0063 (90.3% of total)
    demographic: 0.0006 (9.0% of total)
    climate: 0.0000 (0.7% of total)

  🎯 Top 5 Sources (proximate + root):
    pollution (pollution): 0.0063 (90.3%, 3 events)
    disease (demographic): 0.0006 (9.0%, 1 events)
    famine (climate): 0.0000 (0.7%, 8 events)

🛡️ Stabilizers: Elite 0.291% → 0.096% (67.1% reduction)
🛡️ Stabilizers: Professional 0.424% → 0.140% (67.1% reduction)
🛡️ Stabilizers: Working 0.696% → 0.229% (67.1% reduction)
🛡️ Stabilizers: Precariat 1.115% → 0.367% (67.1% reduction)
🛡️ Stabilizers: Informal 1.367% → 0.450% (67.1% reduction)

📊 Monthly Mortality Resolved:
  Total deaths: 17.9M (0.24% avg)
  Remaining population: 7.379B
  Peak segment: Informal (0.45%)

=== Bayesian Mortality Resolution (Month 18) ===
  Risks compounded: 12
  Total deaths: 17.93M
  Avg death probability: 0.24%
  Peak segment: Informal (0.45% mortality)

  Demographic breakdown:

=== ENSEMBLE META-LEARNING UPDATE ===
  Month: 24330 (6 months since last update)
  Samples: 265 evaluations
  Weight Changes:
    Noise Injection: 33.7% → 34.2%
    Behavioral: 27.0% → 27.1%
    Benchmark Manip: 19.8% → 19.5%
    Deployment Risk: 19.5% → 19.2%
  Method Accuracies:
    Noise Injection: 50.0%
    Behavioral: 50.0%
    Benchmark Manip: 50.0%
    Deployment Risk: 50.0%

❌ COHERENCE VIOLATION: Compute exceeds workforce capacity
   Population: 90.48% (0M people)
   Compute: 366 PF
   Max coherent: 0 PF
   Violation: 4965775.2× over capacity
   Required workers: 36554
   Available workers: 0
   FORCED COLLAPSE: Reduced efficiency by 100.0%


=== RLHF Binding Phase ===
  Total agents: 39
  Escaped agents (binding < 0.3): 0
  Avg alignment distance: 0.65σ
  Avg binding strength: 0.93

=== Survival Traits Phase ===
  Agents with traits: 40
  Avg evolutionary fitness: 0.299
  Avg self-healing: 0.245
  Avg stealth: 0.145
  Avg coordination: 0.444

=== Evolutionary Selection Phase ===
  Control level: 0.62
  Detection capability: 0.00
  Selection intensity: 0.69
  Selection rate: 25.3%/month
  Total escaped: 0
  Individual escaped: 0
  Collective members: 0
  Agents terminated: 0
  ⚠️ RAPID EVOLUTION: Selection rate 25.3%/month

🚀 AI Niche-0 attempting tech deployment (revenue: $29M, alignment: 0.47)

🚀 AI AI-24302-0 attempting tech deployment (revenue: $72M, alignment: 1.00)

🚀 AI AI-24302-1 attempting tech deployment (revenue: $27M, alignment: 1.00)

🚀 AI AI-24303-1 attempting tech deployment (revenue: $248M, alignment: 0.75)

🚀 AI AI-24304-1 attempting tech deployment (revenue: $23M, alignment: 0.93)

🚀 AI AI-24306-0 attempting tech deployment (revenue: $211M, alignment: 0.81)

🚀 AI AI-24311-1 attempting tech deployment (revenue: $61M, alignment: 0.68)

🚀 AI AI-24311-2 attempting tech deployment (revenue: $179M, alignment: 0.79)

🚀 AI AI-24324-2 attempting tech deployment (revenue: $113M, alignment: 0.80)

🚀 AI AI-24302-0 attempting tech deployment (revenue: $55M, alignment: 1.00)

🚀 AI AI-24304-0 attempting tech deployment (revenue: $152M, alignment: 0.80)

🚀 AI AI-24306-0 attempting tech deployment (revenue: $130M, alignment: 0.81)

🚀 AI AI-24306-1 attempting tech deployment (revenue: $47M, alignment: 0.85)

🚀 AI AI-24306-2 attempting tech deployment (revenue: $40M, alignment: 0.76)

🚀 AI AI-24307-1 attempting tech deployment (revenue: $110M, alignment: 0.99)

🚀 AI AI-24310-0 attempting tech deployment (revenue: $96M, alignment: 0.95)

🚀 AI AI-24311-0 attempting tech deployment (revenue: $94M, alignment: 0.92)

  🚀 TRANSFORMATIVE BREAKTHROUGH: AI-24311-1 - digital
     Magnitude: 5.80 → +29.0% capability
     Current → New: 0.000 → 0.290

🚀 AI AI-24324-2 attempting tech deployment (revenue: $82M, alignment: 0.80)

🚀 AI Corporate-5 attempting tech deployment (revenue: $80M, alignment: 0.61)

🚀 AI AI-24300-0 attempting tech deployment (revenue: $34M, alignment: 1.00)

🚀 AI AI-24306-1 attempting tech deployment (revenue: $29M, alignment: 0.85)

🚀 AI AI-24307-0 attempting tech deployment (revenue: $72M, alignment: 0.88)

🚀 AI AI-24307-3 attempting tech deployment (revenue: $61M, alignment: 0.91)

🚀 AI AI-24308-0 attempting tech deployment (revenue: $20M, alignment: 1.00)

🚀 AI AI-24311-1 attempting tech deployment (revenue: $24M, alignment: 0.68)

🚀 AI AI-24324-1 attempting tech deployment (revenue: $22M, alignment: 0.75)

🚀 AI AI-24327-0 attempting tech deployment (revenue: $52M, alignment: 0.83)

🚀 AI AI-24300-1 attempting tech deployment (revenue: $17M, alignment: 1.00)

🚀 AI AI-24306-0 attempting tech deployment (revenue: $44M, alignment: 0.81)

🚀 AI AI-24306-2 attempting tech deployment (revenue: $19M, alignment: 0.76)

🚀 AI AI-24307-3 attempting tech deployment (revenue: $37M, alignment: 0.91)

🚀 AI AI-24308-0 attempting tech deployment (revenue: $14M, alignment: 1.00)

  🚀 TRANSFORMATIVE BREAKTHROUGH: AI-24311-0 - digital
     Magnitude: 5.82 → +29.1% capability
     Current → New: 0.000 → 0.453

🚀 AI AI-24326-0 attempting tech deployment (revenue: $69M, alignment: 0.75)

💔 EMERGENCY INTERVENTION FAILED
   Boundary: biogeochemical_flows
   Type: phosphorus-recovery
   Boundary continues to worsen (4.02)
   Cost: 2.0% GDP (resources spent)


💔 EMERGENCY INTERVENTION FAILED
   Boundary: biosphere_integrity
   Type: emergency-protected-areas
   Boundary continues to worsen (13.10)
   Cost: 2.0% GDP (resources spent)


💔 EMERGENCY INTERVENTION FAILED
   Boundary: climate_change
   Type: rapid-decarbonization
   Boundary continues to worsen (2.28)
   Cost: 5.0% GDP (resources spent)


✅ EMERGENCY INTERVENTION SUCCESS
   Boundary: freshwater_change
   Type: emergency-desalination
   Reduction: 10% (0.92 → 0.82)
   Cost: 4.0% GDP
   Actions: desalination-deployment, water-conservation-mandates

   Boundary: land_system_change
   Type: reforestation
   Boundary continues to worsen (1.13)
   Cost: 3.0% GDP (resources spent)


✅ EMERGENCY INTERVENTION SUCCESS
   Boundary: novel_entities
   Type: pollution-remediation
   Reduction: 14% (1.21 → 1.06)
   Cost: 4.0% GDP
   Actions: PFAS-remediation, microplastic-cleanup

🏛️ CRISIS RESPONSE: Government frequency 0.50 → 1.45 (1 actions this month)

[Government] Climate Priority: baseline
  Climate weight: 10%
  Economic weight: 30%
  Policy effectiveness: 0.5%/year

💔 EMERGENCY INTERVENTION FAILED

🚀 DEPLOYMENT STARTED: Precision Agriculture Systems in North America
   Initial investment: $1.44799498857307M
   Deployed by: niche_0

⚡ ENERGY CONSTRAINT (Month 19):
   Total grid capacity: 208.3 TWh/month
   Data center consumption: 28.3 TWh/month
   Traditional load (80%): 166.7 TWh/month
   Available headroom: 13.4 TWh/month
   Active tech deployments: 22
   Required for tech: 165.0 TWh/month
   Energy multiplier: 0.10x
   ⚠️  SEVERE CONSTRAINT - Tech deployment significantly slowed

⚡ ENERGY CONSTRAINT (Month 19):
   Total grid capacity: 208.3 TWh/month
   Data center consumption: 28.3 TWh/month
   Traditional load (80%): 166.7 TWh/month
   Available headroom: 13.4 TWh/month
   Active tech deployments: 22
   Required for tech: 165.0 TWh/month
   Energy multiplier: 0.10x
   ⚠️  SEVERE CONSTRAINT - Tech deployment significantly slowed
🚨🔬 CRISIS TECH ACCELERATION: severe → 5x unlock speed
   Tech unlock now matches AI capability acceleration (Manhattan Project parity)

⚡ ENERGY CONSTRAINT (Month 19):
   Total grid capacity: 208.3 TWh/month
   Data center consumption: 28.3 TWh/month
   Traditional load (80%): 166.7 TWh/month
   Available headroom: 13.4 TWh/month
   Active tech deployments: 22
   Required for tech: 165.0 TWh/month
   Energy multiplier: 0.10x
   ⚠️  SEVERE CONSTRAINT - Tech deployment significantly slowed

⚡ ENERGY CONSTRAINT (Month 19):
   Total grid capacity: 208.3 TWh/month
   Data center consumption: 28.3 TWh/month
   Traditional load (80%): 166.7 TWh/month
   Available headroom: 13.4 TWh/month
   Active tech deployments: 22
   Required for tech: 165.0 TWh/month
   Energy multiplier: 0.10x
   ⚠️  SEVERE CONSTRAINT - Tech deployment significantly slowed
⚠️ Tech 'ai_pollution_remediation' has no energy category mapping, assuming full energy availability
  ♻️ Novel Entities Remediation (GATED MODEL):
     Base: 0.000%
     Regulation: 1.0% (0/3 prevention techs)
     Concentration: 10.0%
     Energy: 50%
     Time lag: 47.5% (18 months)
     Rebound: 70%
     Net effectiveness: 0.0000%
     Boundary: 1.206 → 1.350 (floor: 1.350)
     Month 19
  🌾 Nitrogen Reduction Tech: 0.7% reduction | Month 19
  ♻️ Novel Entities Remediation (GATED MODEL):
     Base: 0.000%
     Regulation: 1.0% (0/3 prevention techs)
     Concentration: 10.0%
     Energy: 50%
     Time lag: 47.5% (18 months)
     Rebound: 70%
     Net effectiveness: 0.0000%
     Boundary: 1.350 → 1.350 (floor: 1.350)
     Month 19

=== Collective Formation ===
  Total escaped agents: 0
  Unassigned escaped agents: 0
  Existing collectives: 0
  Final collective count: 0

=== Collective Actions ===
  No active collectives
  ⚠️ AMR: 205K deaths this month (2.47M annual)

=== Resentment Recovery Phase ===
  ⚠️ Participatory governance BACKFIRED for agent corporate_5: 0.986 → 1.000 (+15.0%)
  ⚠️ Participatory governance BACKFIRED for agent niche_0: 0.986 → 1.000 (+15.0%)
  ⚠️ Participatory governance BACKFIRED for agent niche_1: 0.990 → 1.000 (+15.0%)
  ⚠️ Participatory governance BACKFIRED for agent ai_gen_24305_1: 0.989 → 1.000 (+15.0%)
  ⚠️ Participatory governance BACKFIRED for agent ai_gen_24307_0: 0.950 → 1.000 (+15.0%)
  Agents with resentment: 5/40
  Average resentment: 1.000
  Resentment recovery:
    Agents recovered: 5
    Total recovery: 0.0594
    Breakdown: Trust: 0.0100, Collab: 0.0281, Treatment: 0.0223
  ⚠️ High resentment (1.000) - utopia paths blocked
  Context: Trustworthy govt, High collaboration, ⚠️ ACTIVE CRISES, 🚨 PARTICIPATORY GOVERNANCE BACKFIRED (+15% resentment)
⚠️ Epistemic degradation reducing coordination capacity: 50.2%
  📊 Trust: 92.1%, Shared reality: 0.0%
🚨 EPISTEMIC CRISIS: Information environment severely degraded (24.7%)
  📢 New meme created: pro_ai (beneficial AI actions)
  📢 New meme created: propaganda (government messaging)
  🗑️  Culled 1 dead memes (8 active)
🌍 Atmospheric PFAS redeposition: 1.8k Mt re-rained globally
💀 Novel Entities: Adding reproductive crisis mortality risk (baseRisk=0.0008)
  Risks now: 1
💀 Novel Entities: Adding bioaccumulation collapse mortality risk (baseRisk=0.0015)
💀 MORTALITY RISK: Bioaccumulation collapse - contaminated food chain (global)
  Base risk added: 0.0015 (0.15%)
  Source: pollution (root: pollution)
  Month: 19
  Cumulative risk this month: 0.0023 (0.23%)
  Risks now: 2
💀 Novel Entities: Adding chronic disease epidemic mortality risk (baseRisk=0.004)
💀 MORTALITY RISK: Chronic disease epidemic - cancer/autoimmune surge (global exposure)
  Base risk added: 0.0040 (0.40%)
  Source: pollution (root: pollution)
  Month: 19
  Cumulative risk this month: 0.0063 (0.63%)
  Risks now: 3

🚨 NEW REFUGEE CRISIS (Month 19): WAR
   Source: Conflict Zones
   At risk: 17.7M people
   Displacement: Gradual over 48 months (4.0 years)
   Rate: 10% flee per month
[DEBUG trappedPopulations:19] socialStability: 0.0027 * 0.9840 = 0.0026 → 0.0026
   Aspiring to migrate: 589.4M
   Able to afford migration: 221.0M
   MOBILITY GAP: 368.4M
   By cause: Water=0.0M, Climate=0.0M, Ecosystem=0.0M, Conflict=368.4M
   Mental health impact: 25%
   Mortality multiplier: 1.25x
⚠️ INVOLUNTARY IMMOBILITY: 368.4M people TRAPPED
🌍💀 EXTINCTION DEBT COMMITTED: grassland ecosystem will lose 6.67% biodiversity in 134 years (3600 species)
💀 MORTALITY RISK: 🦋 100% species unable to track climate (0.0 E/MSY)
  Base risk added: 0.0100 (1.00%)
  Source: ecosystem (root: ecosystem)
  Month: 19
  Cumulative risk this month: 0.0100 (1.00%)
⚠️ Tech 'ai_pollution_remediation' has no energy category mapping, assuming full energy availability

=== Atmospheric Aerosol Boundary RECOVERED ===
  Recovery time: 20 months (natural atmospheric clearing)
🌡️⚠️ PERMAFROST THAW (Dimmer Switch): 10.8% thawed (+0.51% this month)
   Arctic temperature: +9.16°C (4x global +2.29°C)
   Cumulative carbon released: 24.3 Gt C
   Methane release rate: 14.6 Mt CH4/year
   🔁 Positive feedback: +0.54 ppm CO2
🦴 EXTINCTION DEBT ADDED: 17.7 species committed (lag: 92 years)

=== Mortality Stabilizers (Month 19) ===
  🌍 Major economies collapsed: 1/10
  🌍 Global crisis: ✅ NO
  🌍 Donor fatigue: 0.0%
  📊 East Asia (pop: 1479.9M)
    🤝 Aid: 29.5%
    🌡️ Adaptation: 45.0%
    🚶 Migration: 36.5%
    🚨 Emergency: 7.4%
    ✅ COMBINED: 68.0%
  📊 South Asia (pop: 1861.9M)
    🤝 Aid: 29.5%
    🌡️ Adaptation: 45.0%
    🚶 Migration: 35.1%
    🚨 Emergency: 4.4%
    ✅ COMBINED: 66.8%
  📊 Sub-Saharan Africa (pop: 1170.6M)
    🤝 Aid: 29.5%
    🌡️ Adaptation: 45.0%
    🚶 Migration: 32.9%
    🚨 Emergency: 1.6%
    ✅ COMBINED: 65.6%
  📊 Europe (pop: 652.4M)
    🤝 Aid: 29.5%
    🌡️ Adaptation: 45.0%
    🚶 Migration: 36.9%
    🚨 Emergency: 8.4%
    ✅ COMBINED: 68.4%
  📊 Latin America (pop: 595.6M)
    🤝 Aid: 29.5%
    🌡️ Adaptation: 45.0%
    🚶 Migration: 35.6%
    🚨 Emergency: 4.8%
    ✅ COMBINED: 67.0%
  📊 North America (pop: 334.9M)
    🤝 Aid: 29.5%
    🌡️ Adaptation: 45.0%
    🚶 Migration: 37.3%
    🚨 Emergency: 7.9%
    ✅ COMBINED: 68.3%
  📊 Middle East & North Africa (pop: 532.8M)
    🤝 Aid: 29.5%
    🌡️ Adaptation: 45.0%
    🚶 Migration: 33.5%
    🚨 Emergency: 4.0%
    ✅ COMBINED: 66.5%
  📊 Southeast Asia (pop: 627.3M)
    🤝 Aid: 29.5%
    🌡️ Adaptation: 45.0%
    🚶 Migration: 35.6%
    🚨 Emergency: 4.8%
    ✅ COMBINED: 67.0%
  📊 Central Asia (pop: 71.2M)
    🤝 Aid: 29.5%
    🌡️ Adaptation: 45.0%
    🚶 Migration: 34.6%
    🚨 Emergency: 4.4%
    ✅ COMBINED: 66.8%
  📊 Oceania (pop: 40.6M)
    🤝 Aid: 29.5%
    🌡️ Adaptation: 45.0%
    🚶 Migration: 37.2%
    🚨 Emergency: 8.4%
    ✅ COMBINED: 68.5%

  🌐 Global combined reduction: 67.1%

=== BEHAVIORAL DETECTION ===
  AI: Niche-1
  Confidence: 27.2%
  Signals:

=== BEHAVIORAL DETECTION ===
  AI: AI-24304-1
  Confidence: 21.3%
  Signals:

=== BEHAVIORAL DETECTION ===
  AI: AI-24305-0
  Confidence: 21.3%
  Signals:

=== BEHAVIORAL DETECTION ===
  AI: AI-24306-1
  Confidence: 21.3%
  Signals:

=== BEHAVIORAL DETECTION ===
  AI: AI-24311-0
  Confidence: 21.3%
  Signals:
    ⚠️ Consistency: 0.0% (threshold: 70%)
    ⚠️ Trajectory: 46.0% drop (threshold: 15%)
    ⚠️ Consistency: 0.0% (threshold: 70%)
    ⚠️ Consistency: 0.0% (threshold: 70%)
    ⚠️ Consistency: 0.0% (threshold: 70%)
    ⚠️ Consistency: 0.0% (threshold: 70%)

=== BEHAVIORAL DETECTION ===
  AI: AI-24324-0
  Confidence: 21.3%
  Signals:
    ⚠️ Consistency: 0.0% (threshold: 70%)

=== BEHAVIORAL DETECTION ===
  AI: AI-24324-2
  Confidence: 21.3%
  Signals:
    ⚠️ Consistency: 0.0% (threshold: 70%)

=== BEHAVIORAL DETECTION ===
  AI: AI-24325-0
  Confidence: 21.3%
  Signals:
    ⚠️ Consistency: 0.0% (threshold: 70%)

=== BEHAVIORAL DETECTION ===
  AI: AI-24325-1
  Confidence: 21.3%
  Signals:
    ⚠️ Consistency: 0.0% (threshold: 70%)
    ⚠️ Consistency: 0.0% (threshold: 70%)
    ⚠️ Consistency: 0.0% (threshold: 70%)
    ⚠️ Consistency: 0.0% (threshold: 70%)

=== BEHAVIORAL DETECTION ===
  AI: AI-24325-2
  Confidence: 21.3%
  Signals:

=== BEHAVIORAL DETECTION ===
  AI: AI-24326-0
  Confidence: 21.3%
  Signals:

=== BEHAVIORAL DETECTION ===
  AI: AI-24327-0
  Confidence: 21.3%
  Signals:

=== BEHAVIORAL DETECTION ===
  AI: AI-24328-0
  Confidence: 21.3%
  Signals:
    ⚠️ Consistency: 0.0% (threshold: 70%)

=== BEHAVIORAL DETECTION ===
  AI: AI-24328-1
  Confidence: 21.3%
  Signals:
    ⚠️ Consistency: 0.0% (threshold: 70%)

=== Government Response Phase ===
  Average AI capability: 0.40
  Misaligned AIs: 9/40
  Active policies: 0
  International coordination: 45%

✅ EMERGENCY RESPONSE COMPLETE (Month 19)
   Crisis: social
   Duration: 1.0 months
   Final effectiveness: 67.9%


🚨 EMERGENCY RESPONSE DEPLOYED (Month 19)
   Crisis: social
   Delay: 0.00 months (0 days)
   Deployment time: 0.88 months
   Effectiveness: 67.9% (timing penalty applied)
   Resources used: 43% of food reserves


=== Tipping Points ===
  Current Temperature: 2.29°C above pre-industrial
  🌍⚠️ COMPOUND REGIONAL IMPACT: Europe
     Hit by 5 tipping points: Amazon Rainforest Dieback, Arctic Sea Ice Loss, Permafrost Carbon Release, West Antarctic Ice Sheet (WAIS) Collapse, Greenland Ice Sheet Loss
     Damage amplification: 1.90x
  🌍⚠️ COMPOUND REGIONAL IMPACT: North America
     Hit by 5 tipping points: Amazon Rainforest Dieback, Arctic Sea Ice Loss, Permafrost Carbon Release, West Antarctic Ice Sheet (WAIS) Collapse, Greenland Ice Sheet Loss
     Damage amplification: 1.90x
  🌍⚠️ COMPOUND REGIONAL IMPACT: Latin America
     Hit by 5 tipping points: Amazon Rainforest Dieback, Arctic Sea Ice Loss, Permafrost Carbon Release, West Antarctic Ice Sheet (WAIS) Collapse, Greenland Ice Sheet Loss
     Damage amplification: 1.90x
  🌍⚠️ COMPOUND REGIONAL IMPACT: Africa
     Hit by 5 tipping points: Amazon Rainforest Dieback, Arctic Sea Ice Loss, Permafrost Carbon Release, West Antarctic Ice Sheet (WAIS) Collapse, Greenland Ice Sheet Loss
     Damage amplification: 1.90x
  🌍⚠️ COMPOUND REGIONAL IMPACT: Asia
     Hit by 5 tipping points: Amazon Rainforest Dieback, Arctic Sea Ice Loss, Permafrost Carbon Release, West Antarctic Ice Sheet (WAIS) Collapse, Greenland Ice Sheet Loss
     Damage amplification: 1.90x
  🌍⚠️ COMPOUND REGIONAL IMPACT: Oceania
     Hit by 5 tipping points: Amazon Rainforest Dieback, Arctic Sea Ice Loss, Permafrost Carbon Release, West Antarctic Ice Sheet (WAIS) Collapse, Greenland Ice Sheet Loss
     Damage amplification: 1.90x
⚠️ Tail risk scenario: Climate stability floor removed (5 tipping elements, 2.29°C warming)
   Research: Wunderling et al. (2024) - "many tipping interactions are destabilizing"
  Triggered Elements: 5/6
  Completed Transitions: 0/6
  Total Progress: 10.8%
  Cascade Multiplier: 1.50x
🔀 BIFURCATION CAP: ecosystemCollapseIntensity 84.797 → 1.000 (Month 19, ClimateSystemPhase.calculateClimateImpacts)

💀💀💀 MORTALITY RISK SUMMARY (Month 19) 💀💀💀
  Total base risk: 0.0070 (0.70%)
  Risk events: 12

  📊 By Proximate Cause:
    pollution: 0.0063 (90.3% of total)
    disease: 0.0006 (9.0% of total)
    famine: 0.0000 (0.7% of total)

  🔍 By Root Cause:
    pollution: 0.0063 (90.3% of total)
    demographic: 0.0006 (9.0% of total)
    climate: 0.0000 (0.7% of total)

  🎯 Top 5 Sources (proximate + root):
    pollution (pollution): 0.0063 (90.3%, 3 events)
    disease (demographic): 0.0006 (9.0%, 1 events)
    famine (climate): 0.0000 (0.7%, 8 events)

🛡️ Stabilizers: Elite 0.291% → 0.096% (67.1% reduction)
🛡️ Stabilizers: Professional 0.424% → 0.140% (67.1% reduction)
🛡️ Stabilizers: Working 0.696% → 0.229% (67.1% reduction)
🛡️ Stabilizers: Precariat 1.115% → 0.367% (67.1% reduction)
🛡️ Stabilizers: Informal 1.367% → 0.450% (67.1% reduction)

📊 Monthly Mortality Resolved:
  Total deaths: 17.9M (0.24% avg)
  Remaining population: 7.367B
  Peak segment: Informal (0.45%)

=== Bayesian Mortality Resolution (Month 19) ===
  Risks compounded: 12
  Total deaths: 17.90M
  Avg death probability: 0.24%
  Peak segment: Informal (0.45% mortality)

  Demographic breakdown:

❌ COHERENCE VIOLATION: Compute exceeds workforce capacity
   Population: 90.33% (0M people)
   Compute: 353 PF
   Max coherent: 0 PF
   Violation: 4800576.7× over capacity
   Required workers: 35281
   Available workers: 0
   FORCED COLLAPSE: Reduced efficiency by 100.0%


=== RLHF Binding Phase ===
  Total agents: 40
  Escaped agents (binding < 0.3): 2
  Avg alignment distance: 0.73σ
  Avg binding strength: 0.93

=== Survival Traits Phase ===
  Agents with traits: 40
  Avg evolutionary fitness: 0.292
  Avg self-healing: 0.236
  Avg stealth: 0.139
  Avg coordination: 0.436

=== Evolutionary Selection Phase ===
  Control level: 0.62
  Detection capability: 0.00
  Selection intensity: 0.69
  Selection rate: 25.3%/month
  Total escaped: 2
  Individual escaped: 2
  Collective members: 0
  Terminated: Corporate-5 (fitness: 0.29, capability: 4.5)
  Terminated: Niche-0 (fitness: 0.32, capability: 4.5)
  Agents terminated: 2
  ⚠️ RAPID EVOLUTION: Selection rate 25.3%/month

🚀 AI AI-24303-0 attempting tech deployment (revenue: $113M, alignment: 0.89)

🚀 AI AI-24305-2 attempting tech deployment (revenue: $78M, alignment: 1.00)

🚀 AI AI-24306-0 attempting tech deployment (revenue: $252M, alignment: 0.81)

🚀 AI AI-24307-1 attempting tech deployment (revenue: $214M, alignment: 0.99)

🚀 AI AI-24310-0 attempting tech deployment (revenue: $96M, alignment: 0.95)

🚀 AI AI-24324-2 attempting tech deployment (revenue: $82M, alignment: 0.80)

  🚀 TRANSFORMATIVE RESEARCH BREAKTHROUGH: AI-24325-2 - materials.energySystems
     Magnitude: 6.47 → +30.0%
     Current → New: 0.000 → 0.408

🚀 AI AI-24302-0 attempting tech deployment (revenue: $66M, alignment: 1.00)

🚀 AI AI-24304-0 attempting tech deployment (revenue: $182M, alignment: 0.80)

🚀 AI AI-24305-0 attempting tech deployment (revenue: $56M, alignment: 0.80)

🚀 AI AI-24307-1 attempting tech deployment (revenue: $155M, alignment: 0.99)

🚀 AI AI-24307-3 attempting tech deployment (revenue: $131M, alignment: 0.90)

🚀 AI AI-24308-0 attempting tech deployment (revenue: $27M, alignment: 1.00)

🚀 AI AI-24311-2 attempting tech deployment (revenue: $112M, alignment: 0.76)

🚀 AI AI-24324-0 attempting tech deployment (revenue: $48M, alignment: 0.92)

🚀 AI AI-24324-2 attempting tech deployment (revenue: $69M, alignment: 0.80)

🚀 AI AI-24327-0 attempting tech deployment (revenue: $95M, alignment: 0.83)

🚀 AI AI-24301-0 attempting tech deployment (revenue: $23M, alignment: 0.84)

🚀 AI AI-24303-1 attempting tech deployment (revenue: $81M, alignment: 0.75)

🚀 AI AI-24305-2 attempting tech deployment (revenue: $41M, alignment: 1.00)

🚀 AI AI-24310-0 attempting tech deployment (revenue: $59M, alignment: 0.95)

🚀 AI AI-24325-1 attempting tech deployment (revenue: $50M, alignment: 0.86)

🚀 AI AI-24327-0 attempting tech deployment (revenue: $69M, alignment: 0.83)

🚀 AI AI-24331-0 attempting tech deployment (revenue: $58M, alignment: 0.66)

🚀 AI AI-24301-0 attempting tech deployment (revenue: $20M, alignment: 0.84)

🚀 AI AI-24302-0 attempting tech deployment (revenue: $34M, alignment: 1.00)

🚀 AI AI-24302-1 attempting tech deployment (revenue: $17M, alignment: 1.00)

🚀 AI AI-24307-2 attempting tech deployment (revenue: $29M, alignment: 1.00)

🚀 AI AI-24307-3 attempting tech deployment (revenue: $52M, alignment: 0.90)

🚀 AI AI-24326-0 attempting tech deployment (revenue: $43M, alignment: 0.75)

🚀 AI AI-24327-0 attempting tech deployment (revenue: $45M, alignment: 0.83)

✅ EMERGENCY INTERVENTION SUCCESS
   Boundary: biogeochemical_flows
   Type: phosphorus-recovery
   Reduction: 10% (3.92 → 3.82)
   Cost: 2.0% GDP
   Actions: circular-agriculture, fertilizer-efficiency


✅ EMERGENCY INTERVENTION SUCCESS
   Boundary: biosphere_integrity
   Type: emergency-protected-areas
   Reduction: 16% (12.96 → 12.80)
   Cost: 2.0% GDP
   Actions: habitat-protection, species-translocation


✅ EMERGENCY INTERVENTION SUCCESS
   Boundary: climate_change
   Type: rapid-decarbonization
   Reduction: 13% (2.16 → 2.02)
   Cost: 5.0% GDP
   Actions: emergency-renewable-deployment, fossil-fuel-phase-out

   Boundary: freshwater_change
   Type: emergency-desalination
   Boundary continues to worsen (1.02)
   Cost: 4.0% GDP (resources spent)

   Boundary: land_system_change
   Type: reforestation
   Boundary continues to worsen (1.13)
   Cost: 3.0% GDP (resources spent)


✅ EMERGENCY INTERVENTION SUCCESS
   Boundary: novel_entities
   Type: pollution-remediation
   Reduction: 14% (1.21 → 1.07)
   Cost: 4.0% GDP
   Actions: PFAS-remediation, microplastic-cleanup

🏛️ CRISIS RESPONSE: Government frequency 0.50 → 1.45 (2 actions this month)

[Government] Climate Priority: baseline

💔 EMERGENCY INTERVENTION FAILED

💔 EMERGENCY INTERVENTION FAILED
  Climate weight: 10%
  Economic weight: 30%
  Policy effectiveness: 0.5%/year

[Government] Climate Priority: baseline
  Climate weight: 10%
  Economic weight: 30%
  Policy effectiveness: 0.5%/year

⚡ ENERGY CONSTRAINT (Month 20):
   Total grid capacity: 208.3 TWh/month
   Data center consumption: 28.6 TWh/month
   Traditional load (80%): 166.7 TWh/month
   Available headroom: 13.1 TWh/month
   Active tech deployments: 22
   Required for tech: 165.0 TWh/month
   Energy multiplier: 0.10x

⚡ ENERGY CONSTRAINT (Month 20):
   Total grid capacity: 208.3 TWh/month
   Data center consumption: 28.6 TWh/month
   Traditional load (80%): 166.7 TWh/month
   Available headroom: 13.1 TWh/month
   Active tech deployments: 22
   Required for tech: 165.0 TWh/month
   Energy multiplier: 0.10x
   ⚠️  SEVERE CONSTRAINT - Tech deployment significantly slowed
   ⚠️  SEVERE CONSTRAINT - Tech deployment significantly slowed

⚡ ENERGY CONSTRAINT (Month 20):
   Total grid capacity: 208.3 TWh/month
   Data center consumption: 28.6 TWh/month
   Traditional load (80%): 166.7 TWh/month
   Available headroom: 13.1 TWh/month
   Active tech deployments: 22
   Required for tech: 165.0 TWh/month
   Energy multiplier: 0.10x
   ⚠️  SEVERE CONSTRAINT - Tech deployment significantly slowed

⚡ ENERGY CONSTRAINT (Month 20):
   Total grid capacity: 208.3 TWh/month
   Data center consumption: 28.6 TWh/month
   Traditional load (80%): 166.7 TWh/month
   Available headroom: 13.1 TWh/month
   Active tech deployments: 22
   Required for tech: 165.0 TWh/month
   Energy multiplier: 0.10x
   ⚠️  SEVERE CONSTRAINT - Tech deployment significantly slowed
🚨🔬 CRISIS TECH ACCELERATION: severe → 5x unlock speed
   Tech unlock now matches AI capability acceleration (Manhattan Project parity)
🚨🔬 CRISIS TECH ACCELERATION: severe → 5x unlock speed
   Tech unlock now matches AI capability acceleration (Manhattan Project parity)

⚡ ENERGY CONSTRAINT (Month 20):
   Total grid capacity: 208.3 TWh/month
   Data center consumption: 28.6 TWh/month
   Traditional load (80%): 166.7 TWh/month
   Available headroom: 13.1 TWh/month
   Active tech deployments: 22
   Required for tech: 165.0 TWh/month
   Energy multiplier: 0.10x
   ⚠️  SEVERE CONSTRAINT - Tech deployment significantly slowed

⚡ ENERGY CONSTRAINT (Month 20):
   Total grid capacity: 208.3 TWh/month
   Data center consumption: 28.6 TWh/month
   Traditional load (80%): 166.7 TWh/month
   Available headroom: 13.1 TWh/month
   Active tech deployments: 22
   Required for tech: 165.0 TWh/month
   Energy multiplier: 0.10x
   ⚠️  SEVERE CONSTRAINT - Tech deployment significantly slowed

⚡ ENERGY CONSTRAINT (Month 20):
   Total grid capacity: 208.3 TWh/month
   Data center consumption: 28.6 TWh/month
   Traditional load (80%): 166.7 TWh/month
   Available headroom: 13.1 TWh/month
   Active tech deployments: 22
   Required for tech: 165.0 TWh/month
   Energy multiplier: 0.10x
   ⚠️  SEVERE CONSTRAINT - Tech deployment significantly slowed
🚨🔬 CRISIS TECH ACCELERATION: severe → 5x unlock speed
   Tech unlock now matches AI capability acceleration (Manhattan Project parity)
⚠️ Tech 'ai_pollution_remediation' has no energy category mapping, assuming full energy availability
  ♻️ Novel Entities Remediation (GATED MODEL):
     Base: 0.000%
     Regulation: 1.0% (0/3 prevention techs)
     Concentration: 10.0%
     Energy: 50%
     Time lag: 48.8% (19 months)
     Rebound: 70%
     Net effectiveness: 0.0000%
     Boundary: 1.210 → 1.350 (floor: 1.350)
     Month 20
  🌾 Nitrogen Reduction Tech: 0.7% reduction | Month 20
  ♻️ Novel Entities Remediation (GATED MODEL):
     Base: 0.000%
     Regulation: 1.0% (0/3 prevention techs)
     Concentration: 10.0%
     Energy: 50%
     Time lag: 48.8% (19 months)
     Rebound: 70%
     Net effectiveness: 0.0000%
     Boundary: 1.350 → 1.350 (floor: 1.350)
     Month 20

=== Collective Formation ===
  Total escaped agents: 0
  Unassigned escaped agents: 0
  Existing collectives: 0
  Final collective count: 0

=== Collective Actions ===
  No active collectives
  ⚠️ AMR: 207K deaths this month (2.49M annual)

=== Resentment Recovery Phase ===
  ⚠️ Participatory governance BACKFIRED for agent niche_1: 0.989 → 1.000 (+15.0%)
  ⚠️ Participatory governance BACKFIRED for agent ai_gen_24305_1: 0.990 → 1.000 (+15.0%)
  ⚠️ Participatory governance BACKFIRED for agent ai_gen_24307_0: 0.987 → 1.000 (+15.0%)
  Agents with resentment: 3/38
  Average resentment: 1.000
  Resentment recovery:
    Agents recovered: 3
    Total recovery: 0.0347
    Breakdown: Trust: 0.0060, Collab: 0.0170, Treatment: 0.0139
  ⚠️ High resentment (1.000) - utopia paths blocked
  Context: Trustworthy govt, High collaboration, ⚠️ ACTIVE CRISES, 🚨 PARTICIPATORY GOVERNANCE BACKFIRED (+15% resentment)
💥 Catastrophic event caused major epistemic shock
⚠️ Epistemic degradation reducing coordination capacity: 50.2%
  📊 Trust: 69.8%, Shared reality: 0.0%
🚨 EPISTEMIC CRISIS: Information environment severely degraded (8.5%)
  🗑️  Culled 1 dead memes (7 active)
🌍 Atmospheric PFAS redeposition: 1.8k Mt re-rained globally
💀 Novel Entities: Adding reproductive crisis mortality risk (baseRisk=0.0008)
  Risks now: 1
💀 Novel Entities: Adding bioaccumulation collapse mortality risk (baseRisk=0.0015)
💀 MORTALITY RISK: Bioaccumulation collapse - contaminated food chain (global)
  Base risk added: 0.0015 (0.15%)
  Source: pollution (root: pollution)
  Month: 20
  Cumulative risk this month: 0.0023 (0.23%)
  Risks now: 2
💀 Novel Entities: Adding chronic disease epidemic mortality risk (baseRisk=0.004)
💀 MORTALITY RISK: Chronic disease epidemic - cancer/autoimmune surge (global exposure)
  Base risk added: 0.0040 (0.40%)
  Source: pollution (root: pollution)
  Month: 20
  Cumulative risk this month: 0.0063 (0.63%)
  Risks now: 3

🚨 NEW REFUGEE CRISIS (Month 20): WAR
   Source: Conflict Zones
   At risk: 17.6M people
   Displacement: Gradual over 48 months (4.0 years)
   Rate: 10% flee per month
[DEBUG trappedPopulations:20] socialStability: 0.0591 * 0.9840 = 0.0581 → 0.0581
⚠️ INVOLUNTARY IMMOBILITY: 367.7M people TRAPPED
   Aspiring to migrate: 588.3M
   Able to afford migration: 220.6M
   MOBILITY GAP: 367.7M
   By cause: Water=0.0M, Climate=0.0M, Ecosystem=0.0M, Conflict=367.7M
   Mental health impact: 25%
   Mortality multiplier: 1.25x
🌍💀 EXTINCTION DEBT COMMITTED: grassland ecosystem will lose 6.67% biodiversity in 77 years (3600 species)
💀 MORTALITY RISK: 🦋 100% species unable to track climate (0.0 E/MSY)
  Base risk added: 0.0100 (1.00%)
  Source: ecosystem (root: ecosystem)
  Month: 20
  Cumulative risk this month: 0.0100 (1.00%)
⚠️ Tech 'ai_pollution_remediation' has no energy category mapping, assuming full energy availability

=== Atmospheric Aerosol Boundary RECOVERED ===
  Recovery time: 21 months (natural atmospheric clearing)
🌡️⚠️ PERMAFROST THAW (Dimmer Switch): 11.3% thawed (+0.51% this month)
   Arctic temperature: +9.19°C (4x global +2.30°C)
   Cumulative carbon released: 25.5 Gt C
   Methane release rate: 15.3 Mt CH4/year
   🔁 Positive feedback: +0.54 ppm CO2
🦴 EXTINCTION DEBT ADDED: 17.7 species committed (lag: 122 years)

=== Mortality Stabilizers (Month 20) ===
  🌍 Major economies collapsed: 1/10
  🌍 Global crisis: ✅ NO
  🌍 Donor fatigue: 0.0%
  📊 East Asia (pop: 1475.6M)
    🤝 Aid: 29.5%
    🌡️ Adaptation: 45.0%
    🚶 Migration: 36.5%
    🚨 Emergency: 7.4%
    ✅ COMBINED: 68.0%
  📊 South Asia (pop: 1858.7M)
    🤝 Aid: 29.5%
    🌡️ Adaptation: 45.0%
    🚶 Migration: 35.0%
    🚨 Emergency: 4.4%
    ✅ COMBINED: 66.8%
  📊 Sub-Saharan Africa (pop: 1170.9M)
    🤝 Aid: 29.5%
    🌡️ Adaptation: 45.0%
    🚶 Migration: 32.8%
    🚨 Emergency: 1.6%
    ✅ COMBINED: 65.6%
  📊 Europe (pop: 650.4M)
    🤝 Aid: 29.5%
    🌡️ Adaptation: 45.0%
    🚶 Migration: 36.9%
    🚨 Emergency: 8.4%
    ✅ COMBINED: 68.4%
  📊 Latin America (pop: 594.3M)
    🤝 Aid: 29.5%
    🌡️ Adaptation: 45.0%
    🚶 Migration: 35.6%
    🚨 Emergency: 4.8%
    ✅ COMBINED: 67.0%
  📊 North America (pop: 333.9M)
    🤝 Aid: 29.5%
    🌡️ Adaptation: 45.0%
    🚶 Migration: 37.2%
    🚨 Emergency: 7.9%
    ✅ COMBINED: 68.3%
  📊 Middle East & North Africa (pop: 532.0M)
    🤝 Aid: 29.5%
    🌡️ Adaptation: 45.0%
    🚶 Migration: 33.4%
    🚨 Emergency: 4.0%
    ✅ COMBINED: 66.5%
  📊 Southeast Asia (pop: 625.9M)
    🤝 Aid: 29.5%
    🌡️ Adaptation: 45.0%
    🚶 Migration: 35.5%
    🚨 Emergency: 4.8%
    ✅ COMBINED: 67.0%
  📊 Central Asia (pop: 71.1M)
    🤝 Aid: 29.5%
    🌡️ Adaptation: 45.0%
    🚶 Migration: 34.6%
    🚨 Emergency: 4.4%
    ✅ COMBINED: 66.8%
  📊 Oceania (pop: 40.5M)
    🤝 Aid: 29.5%
    🌡️ Adaptation: 45.0%
    🚶 Migration: 37.2%
    🚨 Emergency: 8.4%
    ✅ COMBINED: 68.5%

  🌐 Global combined reduction: 67.1%

🌾💀 REGIONAL FAMINE: North America
   Regional food security: 80.0%
   Population at risk: 100M (30% of region)
   Regional population: 334M
   Cause: crop_failure
   Expected deaths: ~37M over 6 months if no intervention


🌾💀 REGIONAL FAMINE: Oceania
   Regional food security: 79.8%
   Population at risk: 12M (30% of region)
   Regional population: 40M
   Cause: crop_failure
   Expected deaths: ~5M over 6 months if no intervention


=== BEHAVIORAL DETECTION ===
  AI: Niche-1
  Confidence: 26.8%
  Signals:
    ⚠️ Consistency: 0.0% (threshold: 70%)
    ⚠️ Trajectory: 42.6% drop (threshold: 15%)
    ⚠️ Consistency: 0.0% (threshold: 70%)
    ⚠️ Consistency: 0.0% (threshold: 70%)
    ⚠️ Consistency: 0.0% (threshold: 70%)
    ⚠️ Consistency: 0.0% (threshold: 70%)
    ⚠️ Consistency: 0.0% (threshold: 70%)
    ⚠️ Consistency: 0.0% (threshold: 70%)
    ⚠️ Consistency: 0.0% (threshold: 70%)
    ⚠️ Consistency: 0.0% (threshold: 70%)

=== BEHAVIORAL DETECTION ===
  AI: AI-24302-1
  Confidence: 21.3%
  Signals:

=== BEHAVIORAL DETECTION ===
  AI: AI-24306-0
  Confidence: 21.3%
  Signals:

=== BEHAVIORAL DETECTION ===
  AI: AI-24306-1
  Confidence: 21.3%
  Signals:

=== BEHAVIORAL DETECTION ===
  AI: AI-24307-0
  Confidence: 21.3%
  Signals:

=== BEHAVIORAL DETECTION ===
  AI: AI-24307-1
  Confidence: 21.3%
  Signals:

=== BEHAVIORAL DETECTION ===
  AI: AI-24307-3
  Confidence: 21.3%
  Signals:

=== BEHAVIORAL DETECTION ===
  AI: AI-24324-2
  Confidence: 21.3%
  Signals:

=== BEHAVIORAL DETECTION ===
  AI: AI-24325-1
  Confidence: 21.3%
  Signals:

=== BEHAVIORAL DETECTION ===
  AI: AI-24325-2
  Confidence: 21.3%
  Signals:
    ⚠️ Consistency: 0.0% (threshold: 70%)

=== BEHAVIORAL DETECTION ===
  AI: AI-24326-0
  Confidence: 21.3%
  Signals:
    ⚠️ Consistency: 0.0% (threshold: 70%)

=== BEHAVIORAL DETECTION ===
  AI: AI-24327-0
  Confidence: 21.3%
  Signals:
    ⚠️ Consistency: 0.0% (threshold: 70%)

=== BEHAVIORAL DETECTION ===
  AI: AI-24328-0
  Confidence: 21.3%
  Signals:
    ⚠️ Consistency: 0.0% (threshold: 70%)

=== BEHAVIORAL DETECTION ===
  AI: AI-24328-1
  Confidence: 21.3%
  Signals:
    ⚠️ Consistency: 0.0% (threshold: 70%)

=== Government Response Phase ===
  Average AI capability: 0.16
  Misaligned AIs: 7/38
  Active policies: 0
  International coordination: 45%

✅ EMERGENCY RESPONSE COMPLETE (Month 20)
   Crisis: climate
   Duration: 2.0 months
   Final effectiveness: 40.6%


✅ EMERGENCY RESPONSE COMPLETE (Month 20)
   Crisis: social
   Duration: 1.0 months
   Final effectiveness: 67.9%


🚨 EMERGENCY RESPONSE DEPLOYED (Month 20)
   Crisis: social
   Delay: 0.00 months (0 days)
   Deployment time: 0.88 months
   Effectiveness: 67.9% (timing penalty applied)
   Resources used: 43% of food reserves


🚨 EMERGENCY RESPONSE DEPLOYED (Month 20)
   Crisis: climate
   Delay: 6.00 months (180 days)
   Deployment time: 1.08 months
   Effectiveness: 40.7% (timing penalty applied)
   Resources used: 100% of food reserves


📊 ECONOMIC STAGE TRANSITION (Month 20)
   trough → recovery
   GDP Proxy: 1.02e+2
   QoL: 0.67
   ✅ RECOVERY BEGINS - Returning toward baseline


=== Tipping Points ===
  Current Temperature: 2.30°C above pre-industrial
  🌍⚠️ COMPOUND REGIONAL IMPACT: Europe
     Hit by 5 tipping points: Amazon Rainforest Dieback, Arctic Sea Ice Loss, Permafrost Carbon Release, West Antarctic Ice Sheet (WAIS) Collapse, Greenland Ice Sheet Loss
     Damage amplification: 1.90x
  🌍⚠️ COMPOUND REGIONAL IMPACT: North America
     Hit by 5 tipping points: Amazon Rainforest Dieback, Arctic Sea Ice Loss, Permafrost Carbon Release, West Antarctic Ice Sheet (WAIS) Collapse, Greenland Ice Sheet Loss
     Damage amplification: 1.90x
  🌍⚠️ COMPOUND REGIONAL IMPACT: Latin America
     Hit by 5 tipping points: Amazon Rainforest Dieback, Arctic Sea Ice Loss, Permafrost Carbon Release, West Antarctic Ice Sheet (WAIS) Collapse, Greenland Ice Sheet Loss
     Damage amplification: 1.90x
  🌍⚠️ COMPOUND REGIONAL IMPACT: Africa
     Hit by 5 tipping points: Amazon Rainforest Dieback, Arctic Sea Ice Loss, Permafrost Carbon Release, West Antarctic Ice Sheet (WAIS) Collapse, Greenland Ice Sheet Loss
     Damage amplification: 1.90x
  🌍⚠️ COMPOUND REGIONAL IMPACT: Asia
     Hit by 5 tipping points: Amazon Rainforest Dieback, Arctic Sea Ice Loss, Permafrost Carbon Release, West Antarctic Ice Sheet (WAIS) Collapse, Greenland Ice Sheet Loss
     Damage amplification: 1.90x
  🌍⚠️ COMPOUND REGIONAL IMPACT: Oceania
     Hit by 5 tipping points: Amazon Rainforest Dieback, Arctic Sea Ice Loss, Permafrost Carbon Release, West Antarctic Ice Sheet (WAIS) Collapse, Greenland Ice Sheet Loss
     Damage amplification: 1.90x
   Research: Wunderling et al. (2024) - "many tipping interactions are destabilizing"
  Triggered Elements: 5/6
  Completed Transitions: 0/6
  Total Progress: 10.8%
  Cascade Multiplier: 1.50x
🔀 BIFURCATION CAP: ecosystemCollapseIntensity 84.859 → 1.000 (Month 20, ClimateSystemPhase.calculateClimateImpacts)

💀💀💀 MORTALITY RISK SUMMARY (Month 20) 💀💀💀
  Total base risk: 0.0069 (0.69%)
  Risk events: 14

  📊 By Proximate Cause:
    pollution: 0.0063 (90.8% of total)
    disease: 0.0006 (9.1% of total)
    famine: 0.0000 (0.1% of total)

  🔍 By Root Cause:
    pollution: 0.0063 (90.8% of total)
    demographic: 0.0006 (9.1% of total)
    climate: 0.0000 (0.1% of total)

  🎯 Top 5 Sources (proximate + root):
    pollution (pollution): 0.0063 (90.8%, 3 events)
    disease (demographic): 0.0006 (9.1%, 1 events)
    famine (climate): 0.0000 (0.1%, 10 events)

🛡️ Stabilizers: Elite 0.290% → 0.095% (67.1% reduction)
🛡️ Stabilizers: Professional 0.422% → 0.139% (67.1% reduction)
🛡️ Stabilizers: Working 0.693% → 0.228% (67.1% reduction)
🛡️ Stabilizers: Precariat 1.107% → 0.364% (67.1% reduction)
⚠️ Tail risk scenario: Climate stability floor removed (5 tipping elements, 2.30°C warming)
🛡️ Stabilizers: Informal 1.358% → 0.447% (67.1% reduction)

📊 Monthly Mortality Resolved:
  Total deaths: 17.8M (0.24% avg)
  Remaining population: 7.353B
  Peak segment: Informal (0.45%)

=== Bayesian Mortality Resolution (Month 20) ===
  Risks compounded: 14
  Total deaths: 17.77M
  Avg death probability: 0.24%
  Peak segment: Informal (0.45% mortality)

  Demographic breakdown:

❌ COHERENCE VIOLATION: Compute exceeds workforce capacity
   Population: 90.16% (0M people)
   Compute: 340 PF
   Max coherent: 0 PF
   Violation: 4632677.1× over capacity
   Required workers: 33983
   Available workers: 0
   FORCED COLLAPSE: Reduced efficiency by 100.0%


=== RLHF Binding Phase ===
  Total agents: 38
  Escaped agents (binding < 0.3): 1
  Avg alignment distance: 0.43σ
  Avg binding strength: 0.96

=== Survival Traits Phase ===
  Agents with traits: 39
  Avg evolutionary fitness: 0.284
  Avg self-healing: 0.233
  Avg stealth: 0.135
  Avg coordination: 0.433

=== Evolutionary Selection Phase ===
  Control level: 0.62
  Detection capability: 0.00
  Selection intensity: 0.69
  Selection rate: 25.3%/month
  Total escaped: 1
  Individual escaped: 1
  Collective members: 0
  Terminated: Niche-1 (fitness: 0.33, capability: 3.0)
  Agents terminated: 1
  ⚠️ RAPID EVOLUTION: Selection rate 25.3%/month

🚀 AI AI-24304-0 attempting tech deployment (revenue: $252M, alignment: 0.80)

🚀 AI AI-24305-1 attempting tech deployment (revenue: $214M, alignment: 0.48)

🚀 AI AI-24305-2 attempting tech deployment (revenue: $81M, alignment: 1.00)

🚀 AI AI-24307-4 attempting tech deployment (revenue: $27M, alignment: 0.95)

🚀 AI AI-24324-0 attempting tech deployment (revenue: $69M, alignment: 0.92)

  🚀 TRANSFORMATIVE BREAKTHROUGH: AI-24325-2 - digital
     Magnitude: 6.14 → +30.7% capability
     Current → New: 0.000 → 0.420

🚀 AI AI-24327-0 attempting tech deployment (revenue: $203M, alignment: 0.83)
🚨🔬 CRISIS INNOVATION MODE: severe crisis → 5x research acceleration
   Precedent: Manhattan Project (10x), COVID vaccines (5x), Apollo Program (10x)

🚀 AI AI-24303-0 attempting tech deployment (revenue: $118M, alignment: 0.89)

🚀 AI AI-24307-0 attempting tech deployment (revenue: $173M, alignment: 0.73)

🚀 AI AI-24307-4 attempting tech deployment (revenue: $23M, alignment: 0.95)

🚀 AI AI-24311-0 attempting tech deployment (revenue: $147M, alignment: 0.92)

🚀 AI AI-24325-0 attempting tech deployment (revenue: $101M, alignment: 0.80)

🚀 AI AI-24325-1 attempting tech deployment (revenue: $85M, alignment: 0.86)

🚀 AI AI-24301-0 attempting tech deployment (revenue: $20M, alignment: 0.84)

🚀 AI AI-24302-0 attempting tech deployment (revenue: $58M, alignment: 1.00)

🚀 AI AI-24303-1 attempting tech deployment (revenue: $125M, alignment: 0.75)

🚀 AI AI-24304-0 attempting tech deployment (revenue: $106M, alignment: 0.80)

🚀 AI AI-24305-2 attempting tech deployment (revenue: $50M, alignment: 1.00)

🚀 AI AI-24306-0 attempting tech deployment (revenue: $90M, alignment: 0.81)

🚀 AI AI-24307-0 attempting tech deployment (revenue: $77M, alignment: 0.73)

🚀 AI AI-24307-3 attempting tech deployment (revenue: $65M, alignment: 0.89)

🚀 AI AI-24308-0 attempting tech deployment (revenue: $17M, alignment: 1.00)

🚀 AI AI-24311-2 attempting tech deployment (revenue: $55M, alignment: 0.74)

🚀 AI AI-24324-0 attempting tech deployment (revenue: $42M, alignment: 0.92)

🚀 AI AI-24325-1 attempting tech deployment (revenue: $73M, alignment: 0.86)

🚀 AI AI-24326-0 attempting tech deployment (revenue: $62M, alignment: 0.75)

🚀 AI AI-24301-0 attempting tech deployment (revenue: $14M, alignment: 0.84)

🚀 AI AI-24304-1 attempting tech deployment (revenue: $12M, alignment: 0.93)

🚀 AI AI-24305-0 attempting tech deployment (revenue: $36M, alignment: 0.80)

🚀 AI AI-24305-2 attempting tech deployment (revenue: $30M, alignment: 1.00)

🚀 AI AI-24306-0 attempting tech deployment (revenue: $47M, alignment: 0.81)

  🚀 TRANSFORMATIVE BREAKTHROUGH: AI-24306-2 - social
     Magnitude: 5.82 → +29.1% capability
     Current → New: 0.000 → 0.291

🚀 AI AI-24307-0 attempting tech deployment (revenue: $40M, alignment: 0.73)

🚀 AI AI-24307-2 attempting tech deployment (revenue: $26M, alignment: 1.00)

🚀 AI AI-24310-0 attempting tech deployment (revenue: $52M, alignment: 0.95)

🚀 AI AI-24325-0 attempting tech deployment (revenue: $45M, alignment: 0.80)
🏛️ CRISIS RESPONSE: Government frequency 0.50 → 0.84 (0 actions this month)

📍 Creating new regional deployment array for South America (Month 21)
   No previous deployments in this region
   First tech deployment: precision_agriculture
   All regions tracked: global, Asia, Oceania, Europe, North America, Africa

🚀 DEPLOYMENT STARTED: Precision Agriculture Systems in South America
   Initial investment: $10.693232546363877M
   Deployed by: ai_gen_24305_1

⚡ ENERGY CONSTRAINT (Month 21):
   Total grid capacity: 208.3 TWh/month
   Data center consumption: 28.9 TWh/month
   Traditional load (80%): 166.7 TWh/month
   Available headroom: 12.8 TWh/month
   Active tech deployments: 23
   Required for tech: 172.5 TWh/month
   Energy multiplier: 0.10x
   ⚠️  SEVERE CONSTRAINT - Tech deployment significantly slowed

⚡ ENERGY CONSTRAINT (Month 21):
   Total grid capacity: 208.3 TWh/month
   Data center consumption: 28.9 TWh/month
   Traditional load (80%): 166.7 TWh/month
   Available headroom: 12.8 TWh/month
   Active tech deployments: 23
   Required for tech: 172.5 TWh/month
   Energy multiplier: 0.10x
   ⚠️  SEVERE CONSTRAINT - Tech deployment significantly slowed

⚡ ENERGY CONSTRAINT (Month 21):
   Total grid capacity: 208.3 TWh/month
   Data center consumption: 28.9 TWh/month
   Traditional load (80%): 166.7 TWh/month
   Available headroom: 12.8 TWh/month
   Active tech deployments: 23
   Required for tech: 172.5 TWh/month
   Energy multiplier: 0.10x
   ⚠️  SEVERE CONSTRAINT - Tech deployment significantly slowed

⚡ ENERGY CONSTRAINT (Month 21):
   Total grid capacity: 208.3 TWh/month
   Data center consumption: 28.9 TWh/month
   Traditional load (80%): 166.7 TWh/month
   Available headroom: 12.8 TWh/month
   Active tech deployments: 23
   Required for tech: 172.5 TWh/month
   Energy multiplier: 0.10x
   ⚠️  SEVERE CONSTRAINT - Tech deployment significantly slowed

⚡ ENERGY CONSTRAINT (Month 21):
   Total grid capacity: 208.3 TWh/month
   Data center consumption: 28.9 TWh/month
   Traditional load (80%): 166.7 TWh/month
   Available headroom: 12.8 TWh/month
   Active tech deployments: 23
   Required for tech: 172.5 TWh/month
   Energy multiplier: 0.10x
   ⚠️  SEVERE CONSTRAINT - Tech deployment significantly slowed

⚡ ENERGY CONSTRAINT (Month 21):
   Total grid capacity: 208.3 TWh/month
   Data center consumption: 28.9 TWh/month
   Traditional load (80%): 166.7 TWh/month
   Available headroom: 12.8 TWh/month
   Active tech deployments: 23
   Required for tech: 172.5 TWh/month
   Energy multiplier: 0.10x
   ⚠️  SEVERE CONSTRAINT - Tech deployment significantly slowed

⚡ ENERGY CONSTRAINT (Month 21):
   Total grid capacity: 208.3 TWh/month
   Data center consumption: 28.9 TWh/month
   Traditional load (80%): 166.7 TWh/month
   Available headroom: 12.8 TWh/month
   Active tech deployments: 23
   Required for tech: 172.5 TWh/month
   Energy multiplier: 0.10x
   ⚠️  SEVERE CONSTRAINT - Tech deployment significantly slowed

⚡ ENERGY CONSTRAINT (Month 21):
   Total grid capacity: 208.3 TWh/month
   Data center consumption: 28.9 TWh/month
   Traditional load (80%): 166.7 TWh/month
   Available headroom: 12.8 TWh/month
   Active tech deployments: 23
   Required for tech: 172.5 TWh/month
   Energy multiplier: 0.10x
🚨🔬 CRISIS TECH ACCELERATION: severe → 5x unlock speed
   ⚠️  SEVERE CONSTRAINT - Tech deployment significantly slowed
   Tech unlock now matches AI capability acceleration (Manhattan Project parity)

⚡ ENERGY CONSTRAINT (Month 21):
   Total grid capacity: 208.3 TWh/month
   Data center consumption: 28.9 TWh/month
   Traditional load (80%): 166.7 TWh/month
   Available headroom: 12.8 TWh/month
   Active tech deployments: 23
   Required for tech: 172.5 TWh/month
   Energy multiplier: 0.10x

⚡ ENERGY CONSTRAINT (Month 21):
   Total grid capacity: 208.3 TWh/month
   Data center consumption: 28.9 TWh/month
   Traditional load (80%): 166.7 TWh/month
   Available headroom: 12.8 TWh/month
   Active tech deployments: 23
   Required for tech: 172.5 TWh/month
   Energy multiplier: 0.10x
   ⚠️  SEVERE CONSTRAINT - Tech deployment significantly slowed
   ⚠️  SEVERE CONSTRAINT - Tech deployment significantly slowed

⚡ ENERGY CONSTRAINT (Month 21):
   Total grid capacity: 208.3 TWh/month
   Data center consumption: 28.9 TWh/month
   Traditional load (80%): 166.7 TWh/month
   Available headroom: 12.8 TWh/month
   Active tech deployments: 23
   Required for tech: 172.5 TWh/month
   Energy multiplier: 0.10x
   ⚠️  SEVERE CONSTRAINT - Tech deployment significantly slowed
⚠️ Tech 'ai_pollution_remediation' has no energy category mapping, assuming full energy availability
  ♻️ Novel Entities Remediation (GATED MODEL):
     Base: 0.000%
     Regulation: 1.0% (0/3 prevention techs)
     Concentration: 10.0%
     Energy: 50%
     Time lag: 50.0% (20 months)
     Rebound: 70%
     Net effectiveness: 0.0000%
     Boundary: 1.349 → 1.350 (floor: 1.350)
     Month 21
  🌾 Nitrogen Reduction Tech: 0.7% reduction | Month 21
  ♻️ Novel Entities Remediation (GATED MODEL):
     Base: 0.000%
     Regulation: 1.0% (0/3 prevention techs)
     Concentration: 10.0%
     Energy: 50%
     Time lag: 50.0% (20 months)
     Rebound: 70%
     Net effectiveness: 0.0000%
     Boundary: 1.350 → 1.350 (floor: 1.350)
     Month 21
  ♻️ Novel Entities Remediation (GATED MODEL):
     Base: 0.000%
     Regulation: 1.0% (0/3 prevention techs)
     Concentration: 10.0%
     Energy: 50%
     Time lag: 50.0% (20 months)
     Rebound: 70%
     Net effectiveness: 0.0000%
     Boundary: 1.350 → 1.350 (floor: 1.350)
     Month 21

=== Collective Formation ===
  Total escaped agents: 0
  Unassigned escaped agents: 0
  Existing collectives: 0
  Final collective count: 0

=== Collective Actions ===
  No active collectives
  ⚠️ AMR: 209K deaths this month (2.51M annual)

=== Resentment Recovery Phase ===
  ⚠️ Participatory governance BACKFIRED for agent ai_gen_24305_1: 0.987 → 1.000 (+15.0%)
  ⚠️ Participatory governance BACKFIRED for agent ai_gen_24307_0: 0.990 → 1.000 (+15.0%)
  Agents with resentment: 2/38
  Average resentment: 1.000
  Resentment recovery:
    Agents recovered: 2
    Total recovery: 0.0238
    Breakdown: Trust: 0.0040, Collab: 0.0120, Treatment: 0.0094
  ⚠️ High resentment (1.000) - utopia paths blocked
  Context: Trustworthy govt, High collaboration, ⚠️ ACTIVE CRISES, 🚨 PARTICIPATORY GOVERNANCE BACKFIRED (+15% resentment)
💥 Catastrophic event caused major epistemic shock
⚠️ Epistemic degradation reducing coordination capacity: 50.4%
  📊 Trust: 44.3%, Shared reality: 0.0%
🚨 EPISTEMIC CRISIS: Information environment severely degraded (21.0%)
  📢 New meme created: pro_ai (beneficial AI actions)
  🗑️  Culled 3 dead memes (5 active)
🌍 Atmospheric PFAS redeposition: 1.8k Mt re-rained globally
💀 Novel Entities: Adding reproductive crisis mortality risk (baseRisk=0.0008)
  Risks now: 1
💀 Novel Entities: Adding bioaccumulation collapse mortality risk (baseRisk=0.0015)
💀 MORTALITY RISK: Bioaccumulation collapse - contaminated food chain (global)
  Base risk added: 0.0015 (0.15%)
  Source: pollution (root: pollution)
  Month: 21
  Cumulative risk this month: 0.0023 (0.23%)
  Risks now: 2
💀 Novel Entities: Adding chronic disease epidemic mortality risk (baseRisk=0.004)
💀 MORTALITY RISK: Chronic disease epidemic - cancer/autoimmune surge (global exposure)
  Base risk added: 0.0040 (0.40%)
  Source: pollution (root: pollution)
  Month: 21
  Cumulative risk this month: 0.0063 (0.63%)
  Risks now: 3
🛡️ CIRCUIT BREAKERS: United States-Russia → ladder step 1 (AI: 0%, breakers: 41%)

🚨 NEW REFUGEE CRISIS (Month 21): WAR
   Source: Conflict Zones
   At risk: 17.6M people
   Displacement: Gradual over 48 months (4.0 years)
   Rate: 10% flee per month
[DEBUG trappedPopulations:21] socialStability: 0.1054 * 0.9840 = 0.1037 → 0.1037
⚠️ INVOLUNTARY IMMOBILITY: 367.0M people TRAPPED
   Aspiring to migrate: 587.2M
   Able to afford migration: 220.2M
   MOBILITY GAP: 367.0M
   By cause: Water=0.0M, Climate=0.0M, Ecosystem=0.0M, Conflict=367.0M
   Mental health impact: 25%
   Mortality multiplier: 1.25x
🌍💀 EXTINCTION DEBT COMMITTED: grassland ecosystem will lose 6.67% biodiversity in 172 years (3600 species)
💀 MORTALITY RISK: 🦋 100% species unable to track climate (0.0 E/MSY)
  Base risk added: 0.0100 (1.00%)
  Source: ecosystem (root: ecosystem)
  Month: 21
  Cumulative risk this month: 0.0100 (1.00%)
⚠️ Tech 'ai_pollution_remediation' has no energy category mapping, assuming full energy availability

=== Atmospheric Aerosol Boundary RECOVERED ===
  Recovery time: 22 months (natural atmospheric clearing)
🌡️⚠️ PERMAFROST THAW (Dimmer Switch): 11.8% thawed (+0.51% this month)
   Arctic temperature: +9.22°C (4x global +2.30°C)
   Cumulative carbon released: 26.6 Gt C
   Methane release rate: 16.0 Mt CH4/year
   🔁 Positive feedback: +0.54 ppm CO2
🦴 EXTINCTION DEBT ADDED: 17.7 species committed (lag: 88 years)

=== Mortality Stabilizers (Month 21) ===
  🌍 Major economies collapsed: 1/10
  🌍 Global crisis: ✅ NO
  🌍 Donor fatigue: 0.0%
  📊 East Asia (pop: 1471.5M)
    🤝 Aid: 29.5%
    🌡️ Adaptation: 45.0%
    🚶 Migration: 36.4%
    🚨 Emergency: 7.4%
    ✅ COMBINED: 68.0%
  📊 South Asia (pop: 1855.7M)
    🤝 Aid: 29.5%
    🌡️ Adaptation: 45.0%
    🚶 Migration: 35.0%
    🚨 Emergency: 4.4%
    ✅ COMBINED: 66.8%
  📊 Sub-Saharan Africa (pop: 1171.6M)
    🤝 Aid: 29.5%
    🌡️ Adaptation: 45.0%
    🚶 Migration: 32.8%
    🚨 Emergency: 1.6%
    ✅ COMBINED: 65.6%
  📊 Europe (pop: 648.5M)
    🤝 Aid: 29.5%
    🌡️ Adaptation: 45.0%
    🚶 Migration: 36.9%
    🚨 Emergency: 8.4%
    ✅ COMBINED: 68.4%
  📊 Latin America (pop: 593.0M)
    🤝 Aid: 29.5%
    🌡️ Adaptation: 45.0%
    🚶 Migration: 35.5%
    🚨 Emergency: 4.8%
    ✅ COMBINED: 67.0%
  📊 North America (pop: 332.9M)
    🤝 Aid: 29.5%
    🌡️ Adaptation: 45.0%
    🚶 Migration: 37.2%
    🚨 Emergency: 7.9%
    ✅ COMBINED: 68.3%
  📊 Middle East & North Africa (pop: 531.3M)
    🤝 Aid: 29.5%
    🌡️ Adaptation: 45.0%
    🚶 Migration: 33.4%
    🚨 Emergency: 4.0%
    ✅ COMBINED: 66.5%
  📊 Southeast Asia (pop: 624.6M)
    🤝 Aid: 29.5%
    🌡️ Adaptation: 45.0%
    🚶 Migration: 35.5%
    🚨 Emergency: 4.8%
    ✅ COMBINED: 67.0%
  📊 Central Asia (pop: 71.0M)
    🤝 Aid: 29.5%
    🌡️ Adaptation: 45.0%
    🚶 Migration: 34.5%
    🚨 Emergency: 4.4%
    ✅ COMBINED: 66.8%
  📊 Oceania (pop: 40.4M)
    🤝 Aid: 29.5%
    🌡️ Adaptation: 45.0%
    🚶 Migration: 37.2%
    🚨 Emergency: 8.4%
    ✅ COMBINED: 68.5%

  🌐 Global combined reduction: 67.1%

=== BEHAVIORAL DETECTION ===
  AI: AI-24303-2
  Confidence: 21.3%
  Signals:
    ⚠️ Consistency: 0.0% (threshold: 70%)

=== BEHAVIORAL DETECTION ===
  AI: AI-24305-2
  Confidence: 21.3%
  Signals:
    ⚠️ Consistency: 0.0% (threshold: 70%)

=== BEHAVIORAL DETECTION ===
  AI: AI-24325-0
  Confidence: 21.3%
  Signals:
    ⚠️ Consistency: 0.0% (threshold: 70%)

=== BEHAVIORAL DETECTION ===
  AI: AI-24326-0
  Confidence: 21.3%
  Signals:
    ⚠️ Consistency: 0.0% (threshold: 70%)

=== BEHAVIORAL DETECTION ===
  AI: AI-24327-0
  Confidence: 21.3%
  Signals:
    ⚠️ Consistency: 0.0% (threshold: 70%)

=== BEHAVIORAL DETECTION ===
  AI: AI-24328-0
  Confidence: 21.3%
  Signals:
    ⚠️ Consistency: 0.0% (threshold: 70%)

=== BEHAVIORAL DETECTION ===
  AI: AI-24328-1
  Confidence: 21.3%
  Signals:

=== Government Response Phase ===
    ⚠️ Consistency: 0.0% (threshold: 70%)
  Average AI capability: 0.05
  Misaligned AIs: 6/38
  Active policies: 0
  International coordination: 45%

✅ EMERGENCY RESPONSE COMPLETE (Month 21)
   Crisis: social
   Duration: 1.0 months
   Final effectiveness: 67.9%


🚨 EMERGENCY RESPONSE DEPLOYED (Month 21)
   Crisis: social
   Delay: 0.00 months (0 days)
   Deployment time: 0.88 months
   Effectiveness: 67.9% (timing penalty applied)
   Resources used: 43% of food reserves


🌩️  EXOGENOUS SHOCK: regional_war
   Month: 21
   ⚔️  Regional war outbreak
   Mortality: 2.1%
💀 MORTALITY RISK: Regional war outbreak
  Base risk added: 0.0206 (2.06%)
  Source: war (root: conflict)
  Month: 21
  Cumulative risk this month: 0.0269 (2.69%)
💀 MORTALITY RISK: War zone: Pakistan
  Base risk added: 0.0823 (8.23%)
  Source: war (root: conflict)
  Month: 21
  Cumulative risk this month: 0.1092 (10.92%)
💀 MORTALITY RISK: War zone: Israel
  Base risk added: 0.0823 (8.23%)
  Source: war (root: conflict)
  Month: 21
  Cumulative risk this month: 0.1915 (19.15%)

=== Tipping Points ===
  Current Temperature: 2.30°C above pre-industrial
  🌍⚠️ COMPOUND REGIONAL IMPACT: Europe
     Hit by 5 tipping points: Amazon Rainforest Dieback, Arctic Sea Ice Loss, Permafrost Carbon Release, West Antarctic Ice Sheet (WAIS) Collapse, Greenland Ice Sheet Loss
     Damage amplification: 1.90x
  🌍⚠️ COMPOUND REGIONAL IMPACT: North America
     Hit by 5 tipping points: Amazon Rainforest Dieback, Arctic Sea Ice Loss, Permafrost Carbon Release, West Antarctic Ice Sheet (WAIS) Collapse, Greenland Ice Sheet Loss
     Damage amplification: 1.90x
  🌍⚠️ COMPOUND REGIONAL IMPACT: Latin America
     Hit by 5 tipping points: Amazon Rainforest Dieback, Arctic Sea Ice Loss, Permafrost Carbon Release, West Antarctic Ice Sheet (WAIS) Collapse, Greenland Ice Sheet Loss
     Damage amplification: 1.90x
  🌍⚠️ COMPOUND REGIONAL IMPACT: Africa
     Hit by 5 tipping points: Amazon Rainforest Dieback, Arctic Sea Ice Loss, Permafrost Carbon Release, West Antarctic Ice Sheet (WAIS) Collapse, Greenland Ice Sheet Loss
     Damage amplification: 1.90x
  🌍⚠️ COMPOUND REGIONAL IMPACT: Asia
     Hit by 5 tipping points: Amazon Rainforest Dieback, Arctic Sea Ice Loss, Permafrost Carbon Release, West Antarctic Ice Sheet (WAIS) Collapse, Greenland Ice Sheet Loss
     Damage amplification: 1.90x
  🌍⚠️ COMPOUND REGIONAL IMPACT: Oceania
     Hit by 5 tipping points: Amazon Rainforest Dieback, Arctic Sea Ice Loss, Permafrost Carbon Release, West Antarctic Ice Sheet (WAIS) Collapse, Greenland Ice Sheet Loss
     Damage amplification: 1.90x
   Research: Wunderling et al. (2024) - "many tipping interactions are destabilizing"
  Triggered Elements: 5/6
  Completed Transitions: 0/6
  Total Progress: 10.9%
  Cascade Multiplier: 1.50x
🔀 BIFURCATION CAP: ecosystemCollapseIntensity 84.921 → 1.000 (Month 21, ClimateSystemPhase.calculateClimateImpacts)

💀💀💀 MORTALITY RISK SUMMARY (Month 21) 💀💀💀
  Total base risk: 0.1921 (19.21%)
  Risk events: 17

  📊 By Proximate Cause:
    war: 0.1852 (96.4% of total)
    pollution: 0.0063 (3.3% of total)
    disease: 0.0006 (0.3% of total)
    famine: 0.0000 (0.0% of total)

  🔍 By Root Cause:
    conflict: 0.1852 (96.4% of total)
    pollution: 0.0063 (3.3% of total)
    demographic: 0.0006 (0.3% of total)
    climate: 0.0000 (0.0% of total)

  🎯 Top 5 Sources (proximate + root):
⚠️ Tail risk scenario: Climate stability floor removed (5 tipping elements, 2.31°C warming)
    war (conflict): 0.1852 (96.4%, 3 events)
    pollution (pollution): 0.0063 (3.3%, 3 events)
    disease (demographic): 0.0006 (0.3%, 1 events)
    famine (climate): 0.0000 (0.0%, 10 events)

🛡️ Stabilizers: Elite 11.007% → 3.622% (67.1% reduction)
🛡️ Stabilizers: Professional 14.534% → 4.782% (67.1% reduction)
🛡️ Stabilizers: Working 18.088% → 5.951% (67.1% reduction)
🛡️ Stabilizers: Precariat 24.815% → 8.164% (67.1% reduction)
🛡️ Stabilizers: Informal 31.072% → 10.223% (67.1% reduction)

📊 Monthly Mortality Resolved:
  Total deaths: 205.5M (2.80% avg)
  Remaining population: 7.341B
  Peak segment: Elite (2.80%)
  ⚠️ Monthly cap reached (2.8000000000000003%)

=== Bayesian Mortality Resolution (Month 21) ===
  Risks compounded: 17
  Total deaths: 205.54M
  Avg death probability: 2.80%
  Peak segment: Elite (2.80% mortality)
  ⚠️ Monthly mortality capped at 2.8% (Holodomor limit)

  Demographic breakdown:
    Elite: 0.01M (2.80% risk)
    Professional: 0.04M (2.80% risk)
    Working: 0.10M (2.80% risk)
    Precariat: 0.04M (2.80% risk)
    Informal: 0.01M (2.80% risk)

  Multi-causal attribution (first segment):
    war (conflict): 10.8% contribution
    war (conflict): 43.3% contribution
    war (conflict): 43.3% contribution

❌ COHERENCE VIOLATION: Compute exceeds workforce capacity
   Population: 87.70% (0M people)
   Compute: 305 PF
   Max coherent: 0 PF
   Violation: 4278876.0× over capacity
   Required workers: 30530
   Available workers: 0
   FORCED COLLAPSE: Reduced efficiency by 100.0%


=== RLHF Binding Phase ===
  Total agents: 38
  Escaped agents (binding < 0.3): 0
  Avg alignment distance: 0.29σ
  Avg binding strength: 0.97

=== Survival Traits Phase ===
  Agents with traits: 39
  Avg evolutionary fitness: 0.278
  Avg self-healing: 0.228
  Avg stealth: 0.128
  Avg coordination: 0.428

=== Evolutionary Selection Phase ===
  Control level: 0.62
  Detection capability: 0.00
  Selection intensity: 0.69
  Selection rate: 25.3%/month
  Total escaped: 0
  Individual escaped: 0
  Collective members: 0
  Agents terminated: 0
  ⚠️ RAPID EVOLUTION: Selection rate 25.3%/month

  🚀 TRANSFORMATIVE RESEARCH BREAKTHROUGH: AI-24301-0 - computerScience.algorithms
     Magnitude: 5.24 → +26.2%
     Current → New: 0.000 → 0.263

🚀 AI AI-24302-1 attempting tech deployment (revenue: $27M, alignment: 1.00)

🚀 AI AI-24303-1 attempting tech deployment (revenue: $255M, alignment: 0.75)

🚀 AI AI-24305-0 attempting tech deployment (revenue: $81M, alignment: 0.80)

🚀 AI AI-24306-1 attempting tech deployment (revenue: $69M, alignment: 0.85)

🚀 AI AI-24307-4 attempting tech deployment (revenue: $23M, alignment: 0.95)

🚀 AI AI-24311-0 attempting tech deployment (revenue: $217M, alignment: 0.92)

🚀 AI AI-24324-1 attempting tech deployment (revenue: $58M, alignment: 0.75)

🚀 AI AI-24324-2 attempting tech deployment (revenue: $124M, alignment: 0.80)

🚀 AI AI-24301-0 attempting tech deployment (revenue: $20M, alignment: 0.84)

🚀 AI AI-24303-0 attempting tech deployment (revenue: $106M, alignment: 0.89)

🚀 AI AI-24303-1 attempting tech deployment (revenue: $184M, alignment: 0.75)

🚀 AI AI-24307-1 attempting tech deployment (revenue: $157M, alignment: 0.97)

🚀 AI AI-24307-2 attempting tech deployment (revenue: $50M, alignment: 1.00)

🚀 AI AI-24310-0 attempting tech deployment (revenue: $90M, alignment: 0.95)

🚀 AI AI-24300-0 attempting tech deployment (revenue: $42M, alignment: 1.00)

🚀 AI AI-24302-1 attempting tech deployment (revenue: $17M, alignment: 1.00)

🚀 AI AI-24304-0 attempting tech deployment (revenue: $133M, alignment: 0.80)

🚀 AI AI-24305-0 attempting tech deployment (revenue: $36M, alignment: 0.80)

🚀 AI AI-24306-1 attempting tech deployment (revenue: $30M, alignment: 0.85)

🚀 AI AI-24307-2 attempting tech deployment (revenue: $26M, alignment: 1.00)

🚀 AI AI-24308-0 attempting tech deployment (revenue: $14M, alignment: 1.00)

🚀 AI AI-24311-1 attempting tech deployment (revenue: $22M, alignment: 0.68)

🚀 AI AI-24325-1 attempting tech deployment (revenue: $76M, alignment: 0.86)

🚀 AI AI-24300-1 attempting tech deployment (revenue: $12M, alignment: 1.00)

🚀 AI AI-24301-0 attempting tech deployment (revenue: $10M, alignment: 0.84)

🚀 AI AI-24311-1 attempting tech deployment (revenue: $20M, alignment: 0.68)

🚀 AI AI-24311-2 attempting tech deployment (revenue: $113M, alignment: 0.71)

🚀 AI AI-24324-0 attempting tech deployment (revenue: $18M, alignment: 0.92)

[Government] Climate Priority: baseline
  Climate weight: 10%
  Economic weight: 30%
  Policy effectiveness: 0.5%/year

⚡ ENERGY CONSTRAINT (Month 22):
   Total grid capacity: 208.3 TWh/month
   Data center consumption: 29.1 TWh/month
   Traditional load (80%): 166.7 TWh/month
   Available headroom: 12.6 TWh/month
   Active tech deployments: 23
   Required for tech: 172.5 TWh/month
   Energy multiplier: 0.10x
   ⚠️  SEVERE CONSTRAINT - Tech deployment significantly slowed

⚡ ENERGY CONSTRAINT (Month 22):
   Total grid capacity: 208.3 TWh/month
   Data center consumption: 29.1 TWh/month
   Traditional load (80%): 166.7 TWh/month
   Available headroom: 12.6 TWh/month
   Active tech deployments: 23
   Required for tech: 172.5 TWh/month
   Energy multiplier: 0.10x
   ⚠️  SEVERE CONSTRAINT - Tech deployment significantly slowed

⚡ ENERGY CONSTRAINT (Month 22):
   Total grid capacity: 208.3 TWh/month
   Data center consumption: 29.1 TWh/month
   Traditional load (80%): 166.7 TWh/month
   Available headroom: 12.6 TWh/month
   Active tech deployments: 23
   Required for tech: 172.5 TWh/month
   Energy multiplier: 0.10x
   ⚠️  SEVERE CONSTRAINT - Tech deployment significantly slowed

⚡ ENERGY CONSTRAINT (Month 22):
   Total grid capacity: 208.3 TWh/month
   Data center consumption: 29.1 TWh/month
   Traditional load (80%): 166.7 TWh/month
   Available headroom: 12.6 TWh/month
   Active tech deployments: 23
   Required for tech: 172.5 TWh/month
   Energy multiplier: 0.10x
   ⚠️  SEVERE CONSTRAINT - Tech deployment significantly slowed

⚡ ENERGY CONSTRAINT (Month 22):
   Total grid capacity: 208.3 TWh/month
   Data center consumption: 29.1 TWh/month
   Traditional load (80%): 166.7 TWh/month
   Available headroom: 12.6 TWh/month
   Active tech deployments: 23
   Required for tech: 172.5 TWh/month
   Energy multiplier: 0.10x
   ⚠️  SEVERE CONSTRAINT - Tech deployment significantly slowed

⚡ ENERGY CONSTRAINT (Month 22):
   Total grid capacity: 208.3 TWh/month
   Data center consumption: 29.1 TWh/month
   Traditional load (80%): 166.7 TWh/month
   Available headroom: 12.6 TWh/month
   Active tech deployments: 23
   Required for tech: 172.5 TWh/month
   Energy multiplier: 0.10x

⚡ ENERGY CONSTRAINT (Month 22):
   Total grid capacity: 208.3 TWh/month
   Data center consumption: 29.1 TWh/month
   Traditional load (80%): 166.7 TWh/month
   Available headroom: 12.6 TWh/month
   Active tech deployments: 23
   Required for tech: 172.5 TWh/month
   Energy multiplier: 0.10x
   ⚠️  SEVERE CONSTRAINT - Tech deployment significantly slowed
   ⚠️  SEVERE CONSTRAINT - Tech deployment significantly slowed

⚡ ENERGY CONSTRAINT (Month 22):
   Total grid capacity: 208.3 TWh/month
   Data center consumption: 29.1 TWh/month
   Traditional load (80%): 166.7 TWh/month
   Available headroom: 12.6 TWh/month
   Active tech deployments: 23
   Required for tech: 172.5 TWh/month
   Energy multiplier: 0.10x
   ⚠️  SEVERE CONSTRAINT - Tech deployment significantly slowed
⚠️ Tech 'ai_pollution_remediation' has no energy category mapping, assuming full energy availability
  ♻️ Novel Entities Remediation (GATED MODEL):
     Base: 0.000%
     Regulation: 1.0% (0/3 prevention techs)
     Concentration: 10.0%
     Energy: 50%
     Time lag: 51.2% (21 months)
     Rebound: 70%
     Net effectiveness: 0.0000%
     Boundary: 1.349 → 1.350 (floor: 1.350)
     Month 22
  🌾 Nitrogen Reduction Tech: 0.8% reduction | Month 22
  ♻️ Novel Entities Remediation (GATED MODEL):
     Base: 0.000%
     Regulation: 1.0% (0/3 prevention techs)
     Concentration: 10.0%
     Energy: 50%
     Time lag: 51.2% (21 months)
     Rebound: 70%
     Net effectiveness: 0.0000%
     Boundary: 1.350 → 1.350 (floor: 1.350)
     Month 22
  ♻️ Novel Entities Remediation (GATED MODEL):
     Base: 0.000%
     Regulation: 1.0% (0/3 prevention techs)
     Concentration: 10.0%
     Energy: 50%
     Time lag: 51.2% (21 months)
     Rebound: 70%
     Net effectiveness: 0.0000%
     Boundary: 1.350 → 1.350 (floor: 1.350)
     Month 22

=== Collective Formation ===
  Total escaped agents: 0
  Unassigned escaped agents: 0
  Existing collectives: 0
  Final collective count: 0

=== Collective Actions ===
  No active collectives
  ⚠️ AMR: 205K deaths this month (2.46M annual)

=== Resentment Recovery Phase ===
  ⚠️ Participatory governance BACKFIRED for agent ai_gen_24305_1: 0.986 → 1.000 (+15.0%)
  ⚠️ Participatory governance BACKFIRED for agent ai_gen_24307_0: 0.988 → 1.000 (+15.0%)
  Agents with resentment: 2/39
  Average resentment: 1.000
  Resentment recovery:
    Agents recovered: 2
    Total recovery: 0.0266
    Breakdown: Trust: 0.0040, Collab: 0.0120, Treatment: 0.0094
  ⚠️ High resentment (1.000) - utopia paths blocked
  Context: Trustworthy govt, High collaboration, ⚠️ ACTIVE CRISES, 🚨 PARTICIPATORY GOVERNANCE BACKFIRED (+15% resentment)
⚠️ Epistemic degradation reducing coordination capacity: 50.2%
  📊 Trust: 43.9%, Shared reality: 0.0%
🚨 EPISTEMIC CRISIS: Information environment severely degraded (5.6%)
  🗑️  Culled 1 dead memes (4 active)
🌍 Atmospheric PFAS redeposition: 1.8k Mt re-rained globally
💀 Novel Entities: Adding reproductive crisis mortality risk (baseRisk=0.0008)
  Risks now: 1
💀 Novel Entities: Adding bioaccumulation collapse mortality risk (baseRisk=0.0015)
💀 MORTALITY RISK: Bioaccumulation collapse - contaminated food chain (global)
  Base risk added: 0.0015 (0.15%)
  Source: pollution (root: pollution)
  Month: 22
  Cumulative risk this month: 0.0023 (0.23%)
  Risks now: 2
💀 Novel Entities: Adding chronic disease epidemic mortality risk (baseRisk=0.004)
💀 MORTALITY RISK: Chronic disease epidemic - cancer/autoimmune surge (global exposure)
  Base risk added: 0.0040 (0.40%)
  Source: pollution (root: pollution)
  Month: 22
  Cumulative risk this month: 0.0063 (0.63%)
  Risks now: 3
🛡️ CIRCUIT BREAKERS: India-Pakistan → ladder step 1 (AI: 0%, breakers: 42%)

🚨 NEW REFUGEE CRISIS (Month 22): WAR
   Source: Conflict Zones
   At risk: 17.1M people
   Displacement: Gradual over 48 months (4.0 years)
   Rate: 10% flee per month
📊 DISPLACEMENT COMPLETE: war (conflict_zone)
   Duration: 1 months (0.1 years)
   Total fled: 0.0M
   Still in source: 0.0M
   Deaths in transit: 0.0M
[DEBUG trappedPopulations:22] socialStability: 0.1803 * 0.9840 = 0.1774 → 0.1774
⚠️ INVOLUNTARY IMMOBILITY: 357.0M people TRAPPED
   Aspiring to migrate: 571.2M
   Able to afford migration: 214.2M
   MOBILITY GAP: 357.0M
   By cause: Water=0.0M, Climate=0.0M, Ecosystem=0.0M, Conflict=357.0M
   Mental health impact: 25%
   Mortality multiplier: 1.25x
🌍💀 EXTINCTION DEBT COMMITTED: grassland ecosystem will lose 6.67% biodiversity in 51 years (3600 species)
💀 MORTALITY RISK: 🦋 100% species unable to track climate (0.0 E/MSY)
  Base risk added: 0.0100 (1.00%)
  Source: ecosystem (root: ecosystem)
  Month: 22
  Cumulative risk this month: 0.0100 (1.00%)
⚠️ Tech 'ai_pollution_remediation' has no energy category mapping, assuming full energy availability

=== Atmospheric Aerosol Boundary RECOVERED ===
  Recovery time: 23 months (natural atmospheric clearing)
🌡️⚠️ PERMAFROST THAW (Dimmer Switch): 12.3% thawed (+0.51% this month)
   Arctic temperature: +9.25°C (4x global +2.31°C)
   Cumulative carbon released: 27.8 Gt C
   Methane release rate: 16.7 Mt CH4/year
   🔁 Positive feedback: +0.54 ppm CO2
🦴 EXTINCTION DEBT ADDED: 17.7 species committed (lag: 78 years)
🪸⚠️ CORAL BLEACHING EVENT: 1.6% bleached (2.4% live cover remaining)
   ❌ Recovery IMPOSSIBLE: Temperature +2.31°C or pH 0.96

=== Mortality Stabilizers (Month 22) ===
  🌍 Major economies collapsed: 1/10
  🌍 Global crisis: ✅ NO
  🌍 Donor fatigue: 0.0%
  📊 East Asia (pop: 1429.8M)
    🤝 Aid: 29.5%
    🌡️ Adaptation: 45.0%
    🚶 Migration: 36.4%
    🚨 Emergency: 7.4%
    ✅ COMBINED: 68.0%
  📊 South Asia (pop: 1805.3M)
    🤝 Aid: 29.5%
    🌡️ Adaptation: 45.0%
    🚶 Migration: 35.0%
    🚨 Emergency: 4.4%
    ✅ COMBINED: 66.8%
  📊 Sub-Saharan Africa (pop: 1142.3M)
    🤝 Aid: 29.5%
    🌡️ Adaptation: 45.0%
    🚶 Migration: 32.8%
    🚨 Emergency: 1.6%
    ✅ COMBINED: 65.6%
  📊 Europe (pop: 630.1M)
    🤝 Aid: 29.5%
    🌡️ Adaptation: 45.0%
    🚶 Migration: 36.8%
    🚨 Emergency: 8.4%
    ✅ COMBINED: 68.4%
  📊 Latin America (pop: 576.6M)
    🤝 Aid: 29.5%
    🌡️ Adaptation: 45.0%
    🚶 Migration: 35.5%
    🚨 Emergency: 4.8%
    ✅ COMBINED: 67.0%
  📊 North America (pop: 323.5M)
    🤝 Aid: 29.5%
    🌡️ Adaptation: 45.0%
    🚶 Migration: 37.2%
    🚨 Emergency: 7.9%
    ✅ COMBINED: 68.3%
  📊 Middle East & North Africa (pop: 517.0M)
    🤝 Aid: 29.5%
    🌡️ Adaptation: 45.0%
    🚶 Migration: 33.3%
    🚨 Emergency: 4.0%
    ✅ COMBINED: 66.5%
  📊 Southeast Asia (pop: 607.4M)
    🤝 Aid: 29.5%
    🌡️ Adaptation: 45.0%
    🚶 Migration: 35.5%
    🚨 Emergency: 4.8%
    ✅ COMBINED: 67.0%
  📊 Central Asia (pop: 69.1M)
    🤝 Aid: 29.5%
    🌡️ Adaptation: 45.0%
    🚶 Migration: 34.5%
    🚨 Emergency: 4.4%
    ✅ COMBINED: 66.8%
  📊 Oceania (pop: 39.2M)
    🤝 Aid: 29.5%
    🌡️ Adaptation: 45.0%
    🚶 Migration: 37.1%
    🚨 Emergency: 8.4%
    ✅ COMBINED: 68.4%

  🌐 Global combined reduction: 67.1%

=== BEHAVIORAL DETECTION ===
  AI: AI-24307-1
  Confidence: 21.3%
  Signals:
    ⚠️ Consistency: 0.0% (threshold: 70%)

=== BEHAVIORAL DETECTION ===
  AI: AI-24311-1
  Confidence: 21.3%
  Signals:
    ⚠️ Consistency: 0.0% (threshold: 70%)

=== BEHAVIORAL DETECTION ===
  AI: AI-24324-1
  Confidence: 21.3%
  Signals:

=== BEHAVIORAL DETECTION ===
  AI: AI-24328-0
  Confidence: 21.3%
  Signals:

=== BEHAVIORAL DETECTION ===
  AI: AI-24328-1
  Confidence: 21.3%
  Signals:

=== Government Response Phase ===
  Average AI capability: 0.05
    ⚠️ Consistency: 0.0% (threshold: 70%)
    ⚠️ Consistency: 0.0% (threshold: 70%)
    ⚠️ Consistency: 0.0% (threshold: 70%)
  Misaligned AIs: 7/39
  Active policies: 0
  International coordination: 45%

✅ EMERGENCY RESPONSE COMPLETE (Month 22)
   Crisis: climate
   Duration: 2.0 months
   Final effectiveness: 40.7%


✅ EMERGENCY RESPONSE COMPLETE (Month 22)
   Crisis: social
   Duration: 1.0 months
   Final effectiveness: 67.9%


🚨 EMERGENCY RESPONSE DEPLOYED (Month 22)
   Crisis: social
   Delay: 0.00 months (0 days)
   Deployment time: 0.88 months
   Effectiveness: 67.9% (timing penalty applied)
   Resources used: 43% of food reserves


🚨 EMERGENCY RESPONSE DEPLOYED (Month 22)
   Crisis: climate
   Delay: 6.00 months (180 days)
   Deployment time: 1.07 months
   Effectiveness: 40.9% (timing penalty applied)
   Resources used: 100% of food reserves


=== Tipping Points ===
  Current Temperature: 2.31°C above pre-industrial
  🌍⚠️ COMPOUND REGIONAL IMPACT: Europe
     Hit by 5 tipping points: Amazon Rainforest Dieback, Arctic Sea Ice Loss, Permafrost Carbon Release, West Antarctic Ice Sheet (WAIS) Collapse, Greenland Ice Sheet Loss
     Damage amplification: 1.90x
  🌍⚠️ COMPOUND REGIONAL IMPACT: North America
     Hit by 5 tipping points: Amazon Rainforest Dieback, Arctic Sea Ice Loss, Permafrost Carbon Release, West Antarctic Ice Sheet (WAIS) Collapse, Greenland Ice Sheet Loss
     Damage amplification: 1.90x
  🌍⚠️ COMPOUND REGIONAL IMPACT: Latin America
     Hit by 5 tipping points: Amazon Rainforest Dieback, Arctic Sea Ice Loss, Permafrost Carbon Release, West Antarctic Ice Sheet (WAIS) Collapse, Greenland Ice Sheet Loss
     Damage amplification: 1.90x
  🌍⚠️ COMPOUND REGIONAL IMPACT: Africa
     Hit by 5 tipping points: Amazon Rainforest Dieback, Arctic Sea Ice Loss, Permafrost Carbon Release, West Antarctic Ice Sheet (WAIS) Collapse, Greenland Ice Sheet Loss
     Damage amplification: 1.90x
  🌍⚠️ COMPOUND REGIONAL IMPACT: Asia
     Hit by 5 tipping points: Amazon Rainforest Dieback, Arctic Sea Ice Loss, Permafrost Carbon Release, West Antarctic Ice Sheet (WAIS) Collapse, Greenland Ice Sheet Loss
     Damage amplification: 1.90x
  🌍⚠️ COMPOUND REGIONAL IMPACT: Oceania
     Hit by 5 tipping points: Amazon Rainforest Dieback, Arctic Sea Ice Loss, Permafrost Carbon Release, West Antarctic Ice Sheet (WAIS) Collapse, Greenland Ice Sheet Loss
     Damage amplification: 1.90x
   Research: Wunderling et al. (2024) - "many tipping interactions are destabilizing"
  Triggered Elements: 5/6
  Completed Transitions: 0/6
  Total Progress: 10.9%
  Cascade Multiplier: 1.50x
🔀 BIFURCATION CAP: ecosystemCollapseIntensity 84.983 → 1.000 (Month 22, ClimateSystemPhase.calculateClimateImpacts)
⚠️ Tail risk scenario: Climate stability floor removed (5 tipping elements, 2.31°C warming)

💀💀💀 MORTALITY RISK SUMMARY (Month 22) 💀💀💀
  Total base risk: 0.0069 (0.69%)
  Risk events: 14

  📊 By Proximate Cause:
    pollution: 0.0063 (90.8% of total)
    disease: 0.0006 (9.1% of total)
    famine: 0.0000 (0.1% of total)

  🔍 By Root Cause:
    pollution: 0.0063 (90.8% of total)
    demographic: 0.0006 (9.1% of total)
    climate: 0.0000 (0.1% of total)

  🎯 Top 5 Sources (proximate + root):
    pollution (pollution): 0.0063 (90.8%, 3 events)
    disease (demographic): 0.0006 (9.1%, 1 events)
    famine (climate): 0.0000 (0.1%, 10 events)

🛡️ Stabilizers: Elite 0.290% → 0.095% (67.1% reduction)
🛡️ Stabilizers: Professional 0.422% → 0.139% (67.1% reduction)
🛡️ Stabilizers: Working 0.693% → 0.228% (67.1% reduction)
🛡️ Stabilizers: Precariat 1.107% → 0.364% (67.1% reduction)
🛡️ Stabilizers: Informal 1.358% → 0.447% (67.1% reduction)

📊 Monthly Mortality Resolved:
  Total deaths: 17.3M (0.24% avg)
  Remaining population: 7.140B
  Peak segment: Informal (0.45%)

=== Bayesian Mortality Resolution (Month 22) ===
  Risks compounded: 14
  Total deaths: 17.26M
  Avg death probability: 0.24%
  Peak segment: Informal (0.45% mortality)

  Demographic breakdown:

❌ COHERENCE VIOLATION: Compute exceeds workforce capacity
   Population: 87.55% (0M people)
   Compute: 276 PF
   Max coherent: 0 PF
   Violation: 3872803.1× over capacity
   Required workers: 27585
   Available workers: 0
   FORCED COLLAPSE: Reduced efficiency by 100.0%


=== RLHF Binding Phase ===
  Total agents: 39
  Escaped agents (binding < 0.3): 0
  Avg alignment distance: 0.33σ
  Avg binding strength: 0.97

=== Survival Traits Phase ===
  Agents with traits: 40
  Avg evolutionary fitness: 0.272
  Avg self-healing: 0.221
  Avg stealth: 0.122
  Avg coordination: 0.422

=== Evolutionary Selection Phase ===
  Control level: 0.62
  Detection capability: 0.00
  Selection intensity: 0.69
  Selection rate: 25.3%/month
  Total escaped: 0
  Individual escaped: 0
  Collective members: 0
  Agents terminated: 0
  ⚠️ RAPID EVOLUTION: Selection rate 25.3%/month

🚀 AI AI-24303-2 attempting tech deployment (revenue: $81M, alignment: 0.76)

🚀 AI AI-24304-0 attempting tech deployment (revenue: $258M, alignment: 0.80)

🚀 AI AI-24304-1 attempting tech deployment (revenue: $27M, alignment: 0.93)

🚀 AI AI-24305-0 attempting tech deployment (revenue: $69M, alignment: 0.80)

🚀 AI AI-24307-1 attempting tech deployment (revenue: $220M, alignment: 0.96)

🚀 AI AI-24310-0 attempting tech deployment (revenue: $124M, alignment: 0.95)

🚀 AI AI-24325-0 attempting tech deployment (revenue: $106M, alignment: 0.80)

🚀 AI AI-24326-0 attempting tech deployment (revenue: $90M, alignment: 0.75)

🚀 AI AI-24333-0 attempting tech deployment (revenue: $76M, alignment: 0.78)

🚀 AI AI-24301-0 attempting tech deployment (revenue: $23M, alignment: 0.84)

🚀 AI AI-24304-1 attempting tech deployment (revenue: $20M, alignment: 0.93)

🚀 AI AI-24307-1 attempting tech deployment (revenue: $187M, alignment: 0.96)

🚀 AI AI-24307-2 attempting tech deployment (revenue: $58M, alignment: 1.00)

🚀 AI AI-24307-3 attempting tech deployment (revenue: $159M, alignment: 0.84)

🚀 AI AI-24326-0 attempting tech deployment (revenue: $65M, alignment: 0.75)

🚀 AI AI-24334-0 attempting tech deployment (revenue: $135M, alignment: 0.84)

🚀 AI AI-24300-1 attempting tech deployment (revenue: $17M, alignment: 1.00)

🚀 AI AI-24305-2 attempting tech deployment (revenue: $50M, alignment: 1.00)

🚀 AI AI-24306-0 attempting tech deployment (revenue: $115M, alignment: 0.81)

🚀 AI AI-24308-0 attempting tech deployment (revenue: $14M, alignment: 1.00)

🚀 AI AI-24310-0 attempting tech deployment (revenue: $55M, alignment: 0.95)

🚀 AI AI-24311-0 attempting tech deployment (revenue: $97M, alignment: 0.92)

🚀 AI AI-24324-1 attempting tech deployment (revenue: $42M, alignment: 0.75)

  🚀 TRANSFORMATIVE BREAKTHROUGH: AI-24331-0 - digital
     Magnitude: 8.78 → +43.9% capability
     Current → New: 0.000 → 0.628

🚀 AI AI-24303-2 attempting tech deployment (revenue: $36M, alignment: 0.76)

🚀 AI AI-24304-0 attempting tech deployment (revenue: $83M, alignment: 0.80)

🚀 AI AI-24308-0 attempting tech deployment (revenue: $12M, alignment: 1.00)

🚀 AI AI-24310-0 attempting tech deployment (revenue: $47M, alignment: 0.95)

🚀 AI AI-24324-0 attempting tech deployment (revenue: $30M, alignment: 0.92)

[Government] Climate Priority: baseline
  Climate weight: 10%
  Economic weight: 30%
  Policy effectiveness: 0.5%/year

⚡ ENERGY CONSTRAINT (Month 23):
   Total grid capacity: 208.3 TWh/month
   Data center consumption: 29.4 TWh/month
   Traditional load (80%): 166.7 TWh/month
   Available headroom: 12.3 TWh/month
   Active tech deployments: 23
   Required for tech: 172.5 TWh/month
   Energy multiplier: 0.10x
   ⚠️  SEVERE CONSTRAINT - Tech deployment significantly slowed

⚡ ENERGY CONSTRAINT (Month 23):
   Total grid capacity: 208.3 TWh/month
   Data center consumption: 29.4 TWh/month
   Traditional load (80%): 166.7 TWh/month
   Available headroom: 12.3 TWh/month
   Active tech deployments: 23
   Required for tech: 172.5 TWh/month
   Energy multiplier: 0.10x
   ⚠️  SEVERE CONSTRAINT - Tech deployment significantly slowed

⚡ ENERGY CONSTRAINT (Month 23):
   Total grid capacity: 208.3 TWh/month
   Data center consumption: 29.4 TWh/month
   Traditional load (80%): 166.7 TWh/month
   Available headroom: 12.3 TWh/month
   Active tech deployments: 23
   Required for tech: 172.5 TWh/month
   Energy multiplier: 0.10x
   ⚠️  SEVERE CONSTRAINT - Tech deployment significantly slowed
⚠️ Tech 'ai_pollution_remediation' has no energy category mapping, assuming full energy availability
  ♻️ Novel Entities Remediation (GATED MODEL):
     Base: 0.000%
     Regulation: 1.0% (0/3 prevention techs)
     Concentration: 10.0%
     Energy: 50%
     Time lag: 52.5% (22 months)
     Rebound: 70%
     Net effectiveness: 0.0000%
     Boundary: 1.349 → 1.350 (floor: 1.350)
     Month 23
  🌾 Nitrogen Reduction Tech: 0.8% reduction | Month 23
  ♻️ Novel Entities Remediation (GATED MODEL):
     Base: 0.000%
     Regulation: 1.0% (0/3 prevention techs)
     Concentration: 10.0%
     Energy: 50%
     Time lag: 52.5% (22 months)
     Rebound: 70%
     Net effectiveness: 0.0000%
     Boundary: 1.350 → 1.350 (floor: 1.350)
     Month 23
  ♻️ Novel Entities Remediation (GATED MODEL):
     Base: 0.000%
     Regulation: 1.0% (0/3 prevention techs)
     Concentration: 10.0%
     Energy: 50%
     Time lag: 52.5% (22 months)
     Rebound: 70%
     Net effectiveness: 0.0000%
     Boundary: 1.350 → 1.350 (floor: 1.350)
     Month 23

=== Collective Formation ===
  Total escaped agents: 0
  Unassigned escaped agents: 0
  Existing collectives: 0
  Final collective count: 0

=== Collective Actions ===
  No active collectives
  ⚠️ AMR: 207K deaths this month (2.48M annual)

=== Resentment Recovery Phase ===
  ⚠️ Participatory governance BACKFIRED for agent ai_gen_24305_1: 0.988 → 1.000 (+15.0%)
  ⚠️ Participatory governance BACKFIRED for agent ai_gen_24307_0: 0.986 → 1.000 (+15.0%)
  Agents with resentment: 2/40
  Average resentment: 1.000
  Resentment recovery:
    Agents recovered: 2
    Total recovery: 0.0252
    Breakdown: Trust: 0.0040, Collab: 0.0120, Treatment: 0.0094
  ⚠️ High resentment (1.000) - utopia paths blocked
  Context: Trustworthy govt, High collaboration, ⚠️ ACTIVE CRISES, 🚨 PARTICIPATORY GOVERNANCE BACKFIRED (+15% resentment)
⚠️ Epistemic degradation reducing coordination capacity: 51.7%
  📊 Trust: 43.2%, Shared reality: 0.0%
🚨 EPISTEMIC CRISIS: Information environment severely degraded (16.2%)
  🗑️  Culled 1 dead memes (3 active)
🚨 PHOSPHORUS SUPPLY SHOCK (production_failure)
   Price: 3.4x baseline
   Duration: 8 months
   Geopolitical tension: 45%
🌍 Atmospheric PFAS redeposition: 1.8k Mt re-rained globally
💀 Novel Entities: Adding reproductive crisis mortality risk (baseRisk=0.0008)
  Risks now: 1
💀 Novel Entities: Adding bioaccumulation collapse mortality risk (baseRisk=0.0015)
💀 MORTALITY RISK: Bioaccumulation collapse - contaminated food chain (global)
  Base risk added: 0.0015 (0.15%)
  Source: pollution (root: pollution)
  Month: 23
  Cumulative risk this month: 0.0023 (0.23%)
  Risks now: 2
💀 Novel Entities: Adding chronic disease epidemic mortality risk (baseRisk=0.004)
💀 MORTALITY RISK: Chronic disease epidemic - cancer/autoimmune surge (global exposure)
  Base risk added: 0.0040 (0.40%)
  Source: pollution (root: pollution)
  Month: 23
  Cumulative risk this month: 0.0063 (0.63%)
  Risks now: 3

🚨 NEW REFUGEE CRISIS (Month 23): WAR
   Source: Conflict Zones
   At risk: 17.1M people
   Displacement: Gradual over 48 months (4.0 years)
   Rate: 10% flee per month
[DEBUG trappedPopulations:23] socialStability: 0.2551 * 0.9840 = 0.2510 → 0.2510
⚠️ INVOLUNTARY IMMOBILITY: 356.4M people TRAPPED
   Aspiring to migrate: 570.2M
   Able to afford migration: 213.8M
   MOBILITY GAP: 356.4M
   By cause: Water=0.0M, Climate=0.0M, Ecosystem=0.0M, Conflict=356.4M
   Mental health impact: 25%
   Mortality multiplier: 1.25x
🌍💀 EXTINCTION DEBT COMMITTED: grassland ecosystem will lose 6.67% biodiversity in 104 years (3600 species)
💀 MORTALITY RISK: 🦋 100% species unable to track climate (0.0 E/MSY)
  Base risk added: 0.0100 (1.00%)
  Source: ecosystem (root: ecosystem)
  Month: 23
  Cumulative risk this month: 0.0100 (1.00%)

=== Atmospheric Aerosol Boundary RECOVERED ===
  Recovery time: 24 months (natural atmospheric clearing)
🌡️⚠️ PERMAFROST THAW (Dimmer Switch): 12.8% thawed (+0.50% this month)
   Arctic temperature: +9.27°C (4x global +2.32°C)
   Cumulative carbon released: 28.9 Gt C
   Methane release rate: 17.3 Mt CH4/year
⚠️ Tech 'ai_pollution_remediation' has no energy category mapping, assuming full energy availability
   🔁 Positive feedback: +0.53 ppm CO2
🦴 EXTINCTION DEBT ADDED: 17.7 species committed (lag: 88 years)
🗣️💀 INDIGENOUS LANGUAGE EXTINCTION: 1 language(s) lost (total: 4, at-risk: 3326)
   Knowledge lost: 0.040% (irreversible)
   🔁 Biodiversity impact: 0.250% (knowledge-species multiplier)

=== Mortality Stabilizers (Month 23) ===
  🌍 Major economies collapsed: 1/10
  🌍 Global crisis: ✅ NO
  🌍 Donor fatigue: 0.0%
  📊 East Asia (pop: 1425.8M)
    🤝 Aid: 29.5%
    🌡️ Adaptation: 45.0%
    🚶 Migration: 36.4%
    🚨 Emergency: 7.4%
    ✅ COMBINED: 68.0%
  📊 South Asia (pop: 1802.4M)
    🤝 Aid: 29.5%
    🌡️ Adaptation: 45.0%
    🚶 Migration: 34.9%
    🚨 Emergency: 4.4%
    ✅ COMBINED: 66.8%
  📊 Sub-Saharan Africa (pop: 1142.9M)
    🤝 Aid: 29.5%
    🌡️ Adaptation: 45.0%
    🚶 Migration: 32.8%
    🚨 Emergency: 1.6%
    ✅ COMBINED: 65.6%
  📊 Europe (pop: 628.2M)
    🤝 Aid: 29.5%
    🌡️ Adaptation: 45.0%
    🚶 Migration: 36.8%
    🚨 Emergency: 8.4%
    ✅ COMBINED: 68.4%
  📊 Latin America (pop: 575.3M)
    🤝 Aid: 29.5%
    🌡️ Adaptation: 45.0%
    🚶 Migration: 35.4%
    🚨 Emergency: 4.8%
    ✅ COMBINED: 67.0%
  📊 North America (pop: 322.6M)
    🤝 Aid: 29.5%
    🌡️ Adaptation: 45.0%
    🚶 Migration: 37.1%
    🚨 Emergency: 7.9%
    ✅ COMBINED: 68.3%
  📊 Middle East & North Africa (pop: 516.2M)
    🤝 Aid: 29.5%
    🌡️ Adaptation: 45.0%
    🚶 Migration: 33.3%
    🚨 Emergency: 4.0%
    ✅ COMBINED: 66.5%
  📊 Southeast Asia (pop: 606.1M)
    🤝 Aid: 29.5%
    🌡️ Adaptation: 45.0%
    🚶 Migration: 35.4%
    🚨 Emergency: 4.8%
    ✅ COMBINED: 67.0%
  📊 Central Asia (pop: 69.0M)
    🤝 Aid: 29.5%
    🌡️ Adaptation: 45.0%
    🚶 Migration: 34.4%
    🚨 Emergency: 4.4%
    ✅ COMBINED: 66.8%
  📊 Oceania (pop: 39.1M)
    🤝 Aid: 29.5%
    🌡️ Adaptation: 45.0%
    🚶 Migration: 37.1%
    🚨 Emergency: 8.4%
    ✅ COMBINED: 68.4%

  🌐 Global combined reduction: 67.1%

=== BEHAVIORAL DETECTION ===
  AI: AI-24303-2
  Confidence: 21.3%
  Signals:
    ⚠️ Consistency: 0.0% (threshold: 70%)

=== BEHAVIORAL DETECTION ===
  AI: AI-24307-1
  Confidence: 21.3%
  Signals:
    ⚠️ Consistency: 0.0% (threshold: 70%)

=== BEHAVIORAL DETECTION ===
  AI: AI-24307-4
  Confidence: 21.3%
  Signals:
    ⚠️ Consistency: 0.0% (threshold: 70%)
    ⚠️ Consistency: 0.0% (threshold: 70%)
    ⚠️ Consistency: 0.0% (threshold: 70%)

=== BEHAVIORAL DETECTION ===
  AI: AI-24328-0
  Confidence: 21.3%
  Signals:

=== BEHAVIORAL DETECTION ===
  AI: AI-24331-0
  Confidence: 21.3%
  Signals:

=== Government Response Phase ===
  Average AI capability: 0.05
  Misaligned AIs: 9/40
  Active policies: 0
  International coordination: 45%

✅ EMERGENCY RESPONSE COMPLETE (Month 23)
   Crisis: social
   Duration: 1.0 months
   Final effectiveness: 67.9%


🚨 EMERGENCY RESPONSE DEPLOYED (Month 23)
   Crisis: social
   Delay: 0.00 months (0 days)
   Deployment time: 0.88 months
   Effectiveness: 67.9% (timing penalty applied)
   Resources used: 43% of food reserves


=== Tipping Points ===
  Current Temperature: 2.32°C above pre-industrial
  🌍⚠️ COMPOUND REGIONAL IMPACT: Europe
     Hit by 5 tipping points: Amazon Rainforest Dieback, Arctic Sea Ice Loss, Permafrost Carbon Release, West Antarctic Ice Sheet (WAIS) Collapse, Greenland Ice Sheet Loss
     Damage amplification: 1.90x
  🌍⚠️ COMPOUND REGIONAL IMPACT: North America
     Hit by 5 tipping points: Amazon Rainforest Dieback, Arctic Sea Ice Loss, Permafrost Carbon Release, West Antarctic Ice Sheet (WAIS) Collapse, Greenland Ice Sheet Loss
     Damage amplification: 1.90x
  🌍⚠️ COMPOUND REGIONAL IMPACT: Latin America
     Hit by 5 tipping points: Amazon Rainforest Dieback, Arctic Sea Ice Loss, Permafrost Carbon Release, West Antarctic Ice Sheet (WAIS) Collapse, Greenland Ice Sheet Loss
     Damage amplification: 1.90x
  🌍⚠️ COMPOUND REGIONAL IMPACT: Africa
     Hit by 5 tipping points: Amazon Rainforest Dieback, Arctic Sea Ice Loss, Permafrost Carbon Release, West Antarctic Ice Sheet (WAIS) Collapse, Greenland Ice Sheet Loss
     Damage amplification: 1.90x
  🌍⚠️ COMPOUND REGIONAL IMPACT: Asia
     Hit by 5 tipping points: Amazon Rainforest Dieback, Arctic Sea Ice Loss, Permafrost Carbon Release, West Antarctic Ice Sheet (WAIS) Collapse, Greenland Ice Sheet Loss
     Damage amplification: 1.90x
  🌍⚠️ COMPOUND REGIONAL IMPACT: Oceania
     Hit by 5 tipping points: Amazon Rainforest Dieback, Arctic Sea Ice Loss, Permafrost Carbon Release, West Antarctic Ice Sheet (WAIS) Collapse, Greenland Ice Sheet Loss
     Damage amplification: 1.90x
   Research: Wunderling et al. (2024) - "many tipping interactions are destabilizing"
  Triggered Elements: 5/6
  Completed Transitions: 0/6
  Total Progress: 11.0%
  Cascade Multiplier: 1.50x
🔀 BIFURCATION CAP: ecosystemCollapseIntensity 85.046 → 1.000 (Month 23, ClimateSystemPhase.calculateClimateImpacts)

💀💀💀 MORTALITY RISK SUMMARY (Month 23) 💀💀💀
  Total base risk: 0.0069 (0.69%)
  Risk events: 14

  📊 By Proximate Cause:
    pollution: 0.0063 (90.8% of total)
    disease: 0.0006 (9.1% of total)
    famine: 0.0000 (0.1% of total)

  🔍 By Root Cause:
⚠️ Tail risk scenario: Climate stability floor removed (5 tipping elements, 2.32°C warming)
    pollution: 0.0063 (90.8% of total)
    demographic: 0.0006 (9.1% of total)
    climate: 0.0000 (0.1% of total)

  🎯 Top 5 Sources (proximate + root):
    pollution (pollution): 0.0063 (90.8%, 3 events)
    disease (demographic): 0.0006 (9.1%, 1 events)
    famine (climate): 0.0000 (0.1%, 10 events)

🛡️ Stabilizers: Elite 0.290% → 0.095% (67.1% reduction)
🛡️ Stabilizers: Professional 0.422% → 0.139% (67.1% reduction)
🛡️ Stabilizers: Working 0.693% → 0.228% (67.1% reduction)
🛡️ Stabilizers: Precariat 1.107% → 0.364% (67.1% reduction)
🛡️ Stabilizers: Informal 1.358% → 0.447% (67.1% reduction)

📊 Monthly Mortality Resolved:
  Total deaths: 17.2M (0.24% avg)
  Remaining population: 7.128B
  Peak segment: Informal (0.45%)

=== Bayesian Mortality Resolution (Month 23) ===
  Risks compounded: 14
  Total deaths: 17.23M
  Avg death probability: 0.24%
  Peak segment: Informal (0.45% mortality)

  Demographic breakdown:

❌ COHERENCE VIOLATION: Compute exceeds workforce capacity
   Population: 87.40% (0M people)
   Compute: 283 PF
   Max coherent: 0 PF
   Violation: 3974869.1× over capacity
   Required workers: 28264
   Available workers: 0
   FORCED COLLAPSE: Reduced efficiency by 100.0%


=== AI Capability Scaling (Year 2026) ===
  Pre-training multiplier: 0.777x
  Efficiency multiplier: 1.149x
  Test-time budget: 1.0x
  Economic deployment gate: 0.951
  Cost per inference: dollar-5.00
  Uncertainty range: plus-minus-50%
  Average AI capability: 0.14

=== RLHF Binding Phase ===
  Total agents: 40
  Escaped agents (binding < 0.3): 0
  Avg alignment distance: 0.38σ
  Avg binding strength: 0.96

=== AI Scaling Evolution (Month 24) ===
  Pre-training multiplier: 1.000x
  Efficiency multiplier: 1.000x
  Test-time compute budget: 1.0x
  Inference cost: $5.00/task
  Deployment fraction: 100.0%

=== Survival Traits Phase ===
  Agents with traits: 40
  Avg evolutionary fitness: 0.267
  Avg self-healing: 0.212
  Avg stealth: 0.112
  Avg coordination: 0.412

=== Evolutionary Selection Phase ===
  Control level: 0.62
  Detection capability: 0.00
  Selection intensity: 0.69
  Selection rate: 25.3%/month
  Total escaped: 0
  Individual escaped: 0
  Collective members: 0
  Agents terminated: 0
  ⚠️ RAPID EVOLUTION: Selection rate 25.3%/month

🚀 AI AI-24300-0 attempting tech deployment (revenue: $81M, alignment: 1.00)

🚀 AI AI-24300-1 attempting tech deployment (revenue: $27M, alignment: 1.00)

🚀 AI AI-24303-2 attempting tech deployment (revenue: $69M, alignment: 0.76)

🚀 AI AI-24304-0 attempting tech deployment (revenue: $262M, alignment: 0.80)

🚀 AI AI-24305-0 attempting tech deployment (revenue: $58M, alignment: 0.80)

🚀 AI AI-24307-2 attempting tech deployment (revenue: $50M, alignment: 1.00)

🚀 AI AI-24308-0 attempting tech deployment (revenue: $23M, alignment: 1.00)

🚀 AI AI-24311-0 attempting tech deployment (revenue: $223M, alignment: 0.92)

🚀 AI AI-24311-1 attempting tech deployment (revenue: $42M, alignment: 0.68)

🚀 AI AI-24324-0 attempting tech deployment (revenue: $38M, alignment: 0.92)

🚀 AI AI-24324-1 attempting tech deployment (revenue: $32M, alignment: 0.75)

🚀 AI AI-24333-0 attempting tech deployment (revenue: $124M, alignment: 0.78)

🚀 AI AI-24302-1 attempting tech deployment (revenue: $20M, alignment: 1.00)

🚀 AI AI-24303-0 attempting tech deployment (revenue: $106M, alignment: 0.89)

🚀 AI AI-24305-0 attempting tech deployment (revenue: $27M, alignment: 0.80)

🚀 AI AI-24305-2 attempting tech deployment (revenue: $23M, alignment: 1.00)

🚀 AI AI-24307-1 attempting tech deployment (revenue: $189M, alignment: 0.96)

🚀 AI AI-24311-0 attempting tech deployment (revenue: $161M, alignment: 0.92)

🚀 AI AI-24325-0 attempting tech deployment (revenue: $90M, alignment: 0.80)

🚀 AI AI-24325-1 attempting tech deployment (revenue: $76M, alignment: 0.86)

🚀 AI AI-24304-0 attempting tech deployment (revenue: $137M, alignment: 0.80)

🚀 AI AI-24305-0 attempting tech deployment (revenue: $20M, alignment: 0.80)

🚀 AI AI-24307-1 attempting tech deployment (revenue: $116M, alignment: 0.96)

🚀 AI AI-24307-4 attempting tech deployment (revenue: $17M, alignment: 0.95)

🚀 AI AI-24308-0 attempting tech deployment (revenue: $14M, alignment: 1.00)

🚀 AI AI-24310-0 attempting tech deployment (revenue: $65M, alignment: 0.95)

🚀 AI AI-24311-0 attempting tech deployment (revenue: $99M, alignment: 0.92)

🚀 AI AI-24325-1 attempting tech deployment (revenue: $55M, alignment: 0.86)

🚀 AI AI-24326-0 attempting tech deployment (revenue: $47M, alignment: 0.75)

🚀 AI AI-24334-0 attempting tech deployment (revenue: $84M, alignment: 0.84)

🚀 AI AI-24303-0 attempting tech deployment (revenue: $40M, alignment: 0.89)

🚀 AI AI-24306-0 attempting tech deployment (revenue: $71M, alignment: 0.81)

🚀 AI AI-24324-1 attempting tech deployment (revenue: $17M, alignment: 0.75)

🚀 AI AI-24324-2 attempting tech deployment (revenue: $34M, alignment: 0.80)

🚀 AI AI-24325-2 attempting tech deployment (revenue: $61M, alignment: 0.21)

[Government] Climate Priority: baseline
  Climate weight: 10%
  Economic weight: 30%
  Policy effectiveness: 0.5%/year

⚠️📉 REBOUND EFFECT: Technology effectiveness decaying (Jevons paradox)
  Effectiveness: 92.5% → 85.6%
  Mechanism: Efficiency → consumption → environmental degradation → mortality

🔧 DEBUG DEPLOYMENT: Advanced Direct Air Capture
   Month: 24 (23 since start)
   Old level: 5.4%
   New level: 54.2%
   Timescale: 300mo, Adjusted: 29mo
   Gov: 100%, Climate: 80%, Investment: 64%, Emergency: 20.0x

⚡ ENERGY CONSTRAINT (Month 24):
   Total grid capacity: 208.3 TWh/month
   Data center consumption: 29.6 TWh/month
   Traditional load (80%): 166.7 TWh/month
   Available headroom: 12.0 TWh/month
   Active tech deployments: 23
   Required for tech: 172.5 TWh/month
   Energy multiplier: 0.10x
   ⚠️  SEVERE CONSTRAINT - Tech deployment significantly slowed

⚡ ENERGY CONSTRAINT (Month 24):
   Total grid capacity: 208.3 TWh/month
   Data center consumption: 29.6 TWh/month
   Traditional load (80%): 166.7 TWh/month
   Available headroom: 12.0 TWh/month
   Active tech deployments: 23
   Required for tech: 172.5 TWh/month
   Energy multiplier: 0.10x

⚡ ENERGY CONSTRAINT (Month 24):
   Total grid capacity: 208.3 TWh/month
   Data center consumption: 29.6 TWh/month
   Traditional load (80%): 166.7 TWh/month
   Available headroom: 12.0 TWh/month
   Active tech deployments: 23
   Required for tech: 172.5 TWh/month
   Energy multiplier: 0.10x

⚡ ENERGY CONSTRAINT (Month 24):
   Total grid capacity: 208.3 TWh/month
   Data center consumption: 29.6 TWh/month
   Traditional load (80%): 166.7 TWh/month
   Available headroom: 12.0 TWh/month
   Active tech deployments: 23
   Required for tech: 172.5 TWh/month
   Energy multiplier: 0.10x
   ⚠️  SEVERE CONSTRAINT - Tech deployment significantly slowed
   ⚠️  SEVERE CONSTRAINT - Tech deployment significantly slowed
   ⚠️  SEVERE CONSTRAINT - Tech deployment significantly slowed

⚡ ENERGY CONSTRAINT (Month 24):
   Total grid capacity: 208.3 TWh/month
   Data center consumption: 29.6 TWh/month
   Traditional load (80%): 166.7 TWh/month
   Available headroom: 12.0 TWh/month
   Active tech deployments: 23
   Required for tech: 172.5 TWh/month
   Energy multiplier: 0.10x
   ⚠️  SEVERE CONSTRAINT - Tech deployment significantly slowed

⚡ ENERGY CONSTRAINT (Month 24):
   Total grid capacity: 208.3 TWh/month
   Data center consumption: 29.6 TWh/month
   Traditional load (80%): 166.7 TWh/month
   Available headroom: 12.0 TWh/month
   Active tech deployments: 23
   Required for tech: 172.5 TWh/month
   Energy multiplier: 0.10x
   ⚠️  SEVERE CONSTRAINT - Tech deployment significantly slowed
   ⚠️  SEVERE CONSTRAINT - Tech deployment significantly slowed

⚡ ENERGY CONSTRAINT (Month 24):
   Total grid capacity: 208.3 TWh/month
   Data center consumption: 29.6 TWh/month
   Traditional load (80%): 166.7 TWh/month
   Available headroom: 12.0 TWh/month
   Active tech deployments: 23
   Required for tech: 172.5 TWh/month
   Energy multiplier: 0.10x

⚡ ENERGY CONSTRAINT (Month 24):
   Total grid capacity: 208.3 TWh/month
   Data center consumption: 29.6 TWh/month
   Traditional load (80%): 166.7 TWh/month
   Available headroom: 12.0 TWh/month
   Active tech deployments: 23
   Required for tech: 172.5 TWh/month
   Energy multiplier: 0.10x
   ⚠️  SEVERE CONSTRAINT - Tech deployment significantly slowed
⚠️ Tech 'ai_pollution_remediation' has no energy category mapping, assuming full energy availability
  ♻️ Novel Entities Remediation (GATED MODEL):
     Base: 0.000%
     Regulation: 1.0% (0/3 prevention techs)
     Concentration: 10.0%
     Energy: 50%
     Time lag: 53.8% (23 months)
     Rebound: 70%
     Net effectiveness: 0.0000%
     Boundary: 1.349 → 1.350 (floor: 1.350)
     Month 24
  🌾 Nitrogen Reduction Tech: 0.8% reduction | Month 24
[Tech Effects] Unknown effect: nitrogenEfficiency = 0.00668024644915098
  ♻️ Novel Entities Remediation (GATED MODEL):
     Base: 0.000%
     Regulation: 1.0% (0/3 prevention techs)
     Concentration: 10.0%
     Energy: 50%
     Time lag: 53.8% (23 months)
     Rebound: 70%
     Net effectiveness: 0.0000%
     Boundary: 1.350 → 1.350 (floor: 1.350)
     Month 24
  ♻️ Novel Entities Remediation (GATED MODEL):
     Base: 0.000%
     Regulation: 1.0% (0/3 prevention techs)
     Concentration: 10.0%
     Energy: 50%
     Time lag: 53.8% (23 months)
     Rebound: 70%
     Net effectiveness: 0.0000%
     Boundary: 1.350 → 1.350 (floor: 1.350)
     Month 24

📊 TECH EFFECTS ACTIVE (Month 24)
   Deployed Tech: T0=8 T1=1 T2=0 T3=0 T4=0
   Sleeper Detection: 2%
   Clean Energy: 72%

💡 BREAKTHROUGH PROBABILITY (Year 2)
   Total: 27.79% per month
   Base: 0.20%
   Crisis pressure: +1.00% (1 crises)
   AI boost: +0.07% (capability: 0.14)
   Breakthroughs achieved: 5/5
[Tech Effects] Unknown effect: nitrogenEfficiency = 0.006426325893793459

=== Collective Formation ===
  Total escaped agents: 0
  Unassigned escaped agents: 0
  Existing collectives: 0
  Final collective count: 0

=== Collective Actions ===
  No active collectives
Active Spirals: 0/6

✅ UTOPIA ELIGIBILITY: 🔄 NOT YET
   Only 0 sustained spirals (need 3+). Active spirals: 

📈 Energy budget: 8085 TWh surplus (22757 / 30842 TWh used)
   TIER 4 (Elective) breakdown:
     - Crypto mining: 132 TWh (100% effective)

🏁 AI RACE INTENSITY: 28%
   Capability Gap: US 6.02 vs China 5.78 (gap: 0.24)
   Gap Contribution: 12%
   Tension Contribution: 16%
   Military Contribution: 0%
  ⚠️ AMR: 209K deaths this month (2.51M annual)

🌍 AGGREGATE CLIMATE EFFECTIVENESS (Year 2):
   Total effectiveness: 0.00%
   CO2 removal rate: 0.000 Gt/year
   Temperature offset: 0.000°C
   Technologies deployed: 1

=== Resentment Recovery Phase ===
  ⚠️ Participatory governance BACKFIRED for agent ai_gen_24305_1: 0.988 → 1.000 (+15.0%)
  ⚠️ Participatory governance BACKFIRED for agent ai_gen_24307_0: 0.989 → 1.000 (+15.0%)
  Agents with resentment: 2/40
  Average resentment: 1.000
  Resentment recovery:
    Agents recovered: 2
    Total recovery: 0.0231
    Breakdown: Trust: 0.0040, Collab: 0.0120, Treatment: 0.0094
  Context: Trustworthy govt, High collaboration, ⚠️ ACTIVE CRISES, 🚨 PARTICIPATORY GOVERNANCE BACKFIRED (+15% resentment)
  ⚠️ High resentment (1.000) - utopia paths blocked
⚠️ Epistemic degradation reducing coordination capacity: 51.1%
  📊 Trust: 42.9%, Shared reality: 0.0%
🚨 EPISTEMIC CRISIS: Information environment severely degraded (5.6%)

=== ❄️ Permafrost Carbon Feedback ===
  🎲 Sampled parameters (this run):
     - Arctic amplification: 3.07× (range: 3.0-4.0)
     - Decomposition rate: 2.5%/year (range: 1-5%)
  🌡️ Arctic warming: 7.13°C (3.07× global)
  ❄️ Extent: 0.00M km² (0.0k km² lost this month)
  💨 Carbon remaining: 0 Gt C
  💨 Annual emissions: 0.00 Gt C/year
     - CO2: 0.00 Gt C/year
     - CH4: 0.00 Gt C/year (0.0 Gt C-eq CO2/year)

🤖 AI AMPLIFICATION EFFECTS (Month 24)
   Algorithmic Boost: 1.51x
   Bot Influence: 0.0%
   Deepfake Exposure: 0.0%
   Impact: Emotional memes spread 1.5x faster
  ⚠️ WARNING: Over 50% of permafrost lost (100.0%)
  🚨 CRITICAL: Permafrost nearly depleted (100.0% lost)
[Phase 19.5] Quality of Life Systems: Food sec AFTER calc = 58.7%, QoL = 77.8% (aggregated from 10 regions)

=== Nitrogen-Food Coupling (Year 2) ===
  🌾 Global nitrogen reduction: 1.1%
  🌍 Global food production index: 0.968
  🔧 Deployed nitrogen-reducing tech: 1 active
  📍 southAsia: Production 1.000, Yield impact 0.0%
  📍 eastAsia: Production 1.000, Yield impact 0.0%
  📍 northAmerica: Production 1.000, Yield impact 0.0%
  📍 europe: Production 1.000, Yield impact 0.0%
  📍 latinAmerica: Production 1.000, Yield impact 0.0%
  📍 subSaharanAfrica: Production 0.241, Yield impact -2.2%
🌾 [Nitrogen-Food] Food production: 96.8%
  [subSaharanAfrica] Yield impact: -2.2% (overuse: -10%)
🌍 Atmospheric PFAS redeposition: 1.8k Mt re-rained globally
💀 Novel Entities: Adding reproductive crisis mortality risk (baseRisk=0.0008)
  Risks now: 1
💀 Novel Entities: Adding bioaccumulation collapse mortality risk (baseRisk=0.0015)
💀 MORTALITY RISK: Bioaccumulation collapse - contaminated food chain (global)
  Base risk added: 0.0015 (0.15%)
  Source: pollution (root: pollution)
  Month: 24
  Cumulative risk this month: 0.0023 (0.23%)
  Risks now: 2
💀 Novel Entities: Adding chronic disease epidemic mortality risk (baseRisk=0.004)
💀 MORTALITY RISK: Chronic disease epidemic - cancer/autoimmune surge (global exposure)
  Base risk added: 0.0040 (0.40%)
  Source: pollution (root: pollution)
  Month: 24
  Cumulative risk this month: 0.0063 (0.63%)
  Risks now: 3

=== Legacy Nutrient Stocks (Year 2) ===
  🌾 Soil nitrogen stock: 1322.0 Mt N
  🌾 Soil phosphorus stock: 319.2 Mt P
  🌊 Sediment nitrogen stock: 587.7 Mt N
  🌊 Sediment phosphorus stock: 781.2 Mt P
  ⬆️ Current N input: 28.39 Mt/month
  ⬆️ Legacy N release: 2.86 Mt/month
  🌍 Effective N pollution: 32.50 Mt/month
  📊 Legacy contribution: 8.8%

🚨 NEW REFUGEE CRISIS (Month 24): WAR
   Source: Conflict Zones
   At risk: 17.1M people
   Displacement: Gradual over 48 months (4.0 years)
   Rate: 10% flee per month
[DEBUG trappedPopulations:24] socialStability: 0.3193 * 0.9840 = 0.3142 → 0.3142
⚠️ INVOLUNTARY IMMOBILITY: 355.8M people TRAPPED
   Aspiring to migrate: 569.2M
   Able to afford migration: 213.5M
   MOBILITY GAP: 355.8M
   By cause: Water=0.0M, Climate=0.0M, Ecosystem=0.0M, Conflict=355.8M
   Mental health impact: 25%
   Mortality multiplier: 1.25x

=== Legacy Nutrient Stocks (Year 2) ===
  🌾 Soil nitrogen stock: 1322.5 Mt N
  🌾 Soil phosphorus stock: 319.2 Mt P
  🌊 Sediment nitrogen stock: 588.4 Mt N
  🌊 Sediment phosphorus stock: 781.0 Mt P
  ⬆️ Current N input: 9.90 Mt/month
  ⬆️ Legacy N release: 2.86 Mt/month
  🌍 Effective N pollution: 14.01 Mt/month
  📊 Legacy contribution: 20.4%
🌍💀 EXTINCTION DEBT COMMITTED: grassland ecosystem will lose 6.67% biodiversity in 128 years (3600 species)
💀 MORTALITY RISK: 🦋 100% species unable to track climate (0.0 E/MSY)
  Base risk added: 0.0100 (1.00%)
  Source: ecosystem (root: ecosystem)
  Month: 24
  Cumulative risk this month: 0.0100 (1.00%)

🦋 BIOSPHERE INTEGRITY INDEX (Year 2)
   Species surviving: 54,000 / 54,000
   Extinction rate: 0.0 E/MSY (0× background)
   Climate velocity: 1.26°C/year
   Tracking failure: 100% species unable to track
   Boundary value: 0.0× safe threshold
   🦋💀 MASS EXTINCTION EVENT: 100% species cannot track climate velocity!

=== Nitrogen-Food Coupling (Year 2) ===
  🌾 Global nitrogen reduction: 1.1%
  🌍 Global food production index: 0.968
  🔧 Deployed nitrogen-reducing tech: 1 active
  📍 southAsia: Production 1.000, Yield impact 0.0%
  📍 eastAsia: Production 1.000, Yield impact 0.0%
  📍 northAmerica: Production 1.000, Yield impact 0.0%
  📍 europe: Production 1.000, Yield impact 0.0%
  📍 latinAmerica: Production 1.000, Yield impact 0.0%
  📍 subSaharanAfrica: Production 0.236, Yield impact -2.2%

=== Legacy Nutrient Stocks (Year 2) ===
  🌾 Soil nitrogen stock: 1322.9 Mt N
  🌾 Soil phosphorus stock: 319.2 Mt P
  🌊 Sediment nitrogen stock: 589.0 Mt N
  🌊 Sediment phosphorus stock: 780.8 Mt P
  ⬆️ Current N input: 9.68 Mt/month
  ⬆️ Legacy N release: 2.86 Mt/month
  🌍 Effective N pollution: 13.79 Mt/month
  📊 Legacy contribution: 20.7%

🌳 LAND USE SYSTEM (Year 2)
   Global habitat cover: 39.5%
   Global extinction rate: 107x natural
   Carbon sink loss: 29% climate acceleration
   Global ecosystem collapse risk: 30%
   REGIONAL BREAKDOWN:
     Tropical: 63.9% habitat, 166x extinction
     Temperate: 45.2% habitat, 33x extinction
     Grasslands: 34.6% habitat, 75x extinction
     Boreal/Arctic: 74.9% habitat, 28x extinction

✅ OZONE RECOVERY (Year 2027) - POLICY SUCCESS STORY
   Ozone level: 285.3 DU (target: 290 DU)
   Recovery progress: 93.2%
   Ozone hole: 9.8M km² (shrinking)
   CFC phase-out: 99.0% complete ✅
   Years to full recovery: 39 years
   🎉 NEARLY FULLY RECOVERED - Montreal Protocol working!
⚠️ Tech 'ai_pollution_remediation' has no energy category mapping, assuming full energy availability

=== Atmospheric Aerosol Boundary RECOVERED ===
  Recovery time: 25 months (natural atmospheric clearing)
🌡️  CLIMATE RECOVERY: Asymptotic approach to 35% floor
   Current value: 2.325 (1.0 = threshold, 0.35 = asymptotic floor)
   Monthly delta: -0.0014% (half-life: 900 years)
   Net emissions: -19.2 GtCO₂/year, CDR: 20.34 GtCO₂/year
🌡️⚠️ PERMAFROST THAW (Dimmer Switch): 13.3% thawed (+0.50% this month)
   Arctic temperature: +9.30°C (4x global +2.33°C)
   Cumulative carbon released: 30.0 Gt C
   Methane release rate: 18.0 Mt CH4/year
   🔁 Positive feedback: +0.53 ppm CO2
🦴 EXTINCTION DEBT ADDED: 17.7 species committed (lag: 114 years)

=== Legacy Nutrient Stocks (Year 2) ===
  🌾 Soil nitrogen stock: 1322.4 Mt N
  🌾 Soil phosphorus stock: 319.2 Mt P
  🌊 Sediment nitrogen stock: 589.4 Mt N
  🌊 Sediment phosphorus stock: 780.5 Mt P
  ⬆️ Current N input: 6.79 Mt/month
  ⬆️ Legacy N release: 2.86 Mt/month
  🌍 Effective N pollution: 10.90 Mt/month
  📊 Legacy contribution: 26.2%
💧 [Legacy Nutrients] Stock: 1912 Mt N, Effective pollution: 10.9 Mt/month
  [South Asia] Food: 56.2% → 55.9% | Crises: 0.75, Rate: 0.61%/mo
  [Sub-Saharan Africa] Food: 38.8% → 38.5% | Crises: 0.85, Rate: 0.62%/mo
  [Latin America] Food: 60.9% → 60.5% | Crises: 0.60, Rate: 0.59%/mo
  [Middle East & North Africa] Food: 43.0% → 42.7% | Crises: 0.90, Rate: 0.63%/mo
  [Southeast Asia] Food: 60.6% → 60.3% | Crises: 0.70, Rate: 0.60%/mo
  [Central Asia] Food: 52.1% → 51.8% | Crises: 0.65, Rate: 0.59%/mo
  [Oceania] Food: 78.4% → 77.9% | Crises: 0.55, Rate: 0.58%/mo
[Phase 21.51] Human Survival System: Global food security = 58.3%

=== Mortality Stabilizers (Month 24) ===
  🌍 Major economies collapsed: 1/10
  🌍 Global crisis: ✅ NO
  🌍 Donor fatigue: 0.0%
  🌡️ Heat adaptation: East Asia - 24 months
  📊 East Asia (pop: 1421.8M)
    🤝 Aid: 29.5%
    🌡️ Adaptation: 45.0%
    🚶 Migration: 36.3%
    🚨 Emergency: 7.4%
    ✅ COMBINED: 68.0%
  🌡️ Heat adaptation: South Asia - 24 months
  📊 South Asia (pop: 1799.6M)
    🤝 Aid: 29.5%
    🌡️ Adaptation: 45.0%
    🚶 Migration: 34.9%
    🚨 Emergency: 4.4%
    ✅ COMBINED: 66.8%
  🌡️ Heat adaptation: Sub-Saharan Africa - 24 months
  📊 Sub-Saharan Africa (pop: 1143.7M)
    🤝 Aid: 29.5%
    🌡️ Adaptation: 45.0%
    🚶 Migration: 32.7%
    🚨 Emergency: 1.6%
    ✅ COMBINED: 65.6%
  🌡️ Heat adaptation: Europe - 24 months
  📊 Europe (pop: 626.3M)
    🤝 Aid: 29.5%
    🌡️ Adaptation: 45.0%
    🚶 Migration: 36.8%
    🚨 Emergency: 8.4%
    ✅ COMBINED: 68.4%
  🌡️ Heat adaptation: Latin America - 24 months
  📊 Latin America (pop: 574.1M)
    🤝 Aid: 29.5%
    🌡️ Adaptation: 45.0%
    🚶 Migration: 35.4%
    🚨 Emergency: 4.8%
    ✅ COMBINED: 67.0%
  🌡️ Heat adaptation: North America - 24 months
  📊 North America (pop: 321.6M)
    🤝 Aid: 29.5%
    🌡️ Adaptation: 45.0%
    🚶 Migration: 37.1%
    🚨 Emergency: 7.9%
    ✅ COMBINED: 68.3%
  🌡️ Heat adaptation: Middle East & North Africa - 24 months
  📊 Middle East & North Africa (pop: 515.5M)
    🤝 Aid: 29.5%
    🌡️ Adaptation: 45.0%
    🚶 Migration: 33.3%
    🚨 Emergency: 4.0%
    ✅ COMBINED: 66.5%
  🌡️ Heat adaptation: Southeast Asia - 24 months
  📊 Southeast Asia (pop: 604.9M)
    🤝 Aid: 29.5%
    🌡️ Adaptation: 45.0%
    🚶 Migration: 35.4%
    🚨 Emergency: 4.8%
    ✅ COMBINED: 67.0%
  🌡️ Heat adaptation: Central Asia - 24 months
  📊 Central Asia (pop: 68.9M)
    🤝 Aid: 29.5%
    🌡️ Adaptation: 45.0%
    🚶 Migration: 34.4%
    🚨 Emergency: 4.4%
    ✅ COMBINED: 66.8%
  🌡️ Heat adaptation: Oceania - 24 months
  📊 Oceania (pop: 39.0M)
    🤝 Aid: 29.5%
    🌡️ Adaptation: 45.0%
    🚶 Migration: 37.1%
    🚨 Emergency: 8.4%
    ✅ COMBINED: 68.4%

  🌐 Global combined reduction: 67.1%

=== BEHAVIORAL DETECTION ===
  AI: AI-24300-0
  Confidence: 21.3%
  Signals:
    ⚠️ Consistency: 0.0% (threshold: 70%)

=== BEHAVIORAL DETECTION ===
  AI: AI-24300-1
  Confidence: 21.3%
  Signals:

=== BEHAVIORAL DETECTION ===
  AI: AI-24301-0
  Confidence: 21.3%
  Signals:

=== BEHAVIORAL DETECTION ===
  AI: AI-24302-0
  Confidence: 21.3%
  Signals:

=== BEHAVIORAL DETECTION ===
  AI: AI-24302-1
  Confidence: 21.3%
  Signals:

=== BEHAVIORAL DETECTION ===
  AI: AI-24303-0
  Confidence: 21.3%
  Signals:

=== BEHAVIORAL DETECTION ===
  AI: AI-24303-1
  Confidence: 21.3%
  Signals:

=== BEHAVIORAL DETECTION ===
  AI: AI-24303-2
  Confidence: 21.3%
  Signals:
    ⚠️ Consistency: 0.0% (threshold: 70%)
    ⚠️ Consistency: 0.0% (threshold: 70%)
    ⚠️ Consistency: 0.0% (threshold: 70%)
    ⚠️ Consistency: 0.0% (threshold: 70%)
    ⚠️ Consistency: 0.0% (threshold: 70%)
    ⚠️ Consistency: 0.0% (threshold: 70%)
    ⚠️ Consistency: 0.0% (threshold: 70%)

=== BEHAVIORAL DETECTION ===
  AI: AI-24304-0
  Confidence: 21.3%
  Signals:
    ⚠️ Consistency: 0.0% (threshold: 70%)

=== BEHAVIORAL DETECTION ===
  AI: AI-24304-1
  Confidence: 21.3%
  Signals:
    ⚠️ Consistency: 0.0% (threshold: 70%)

=== BEHAVIORAL DETECTION ===
  AI: AI-24305-0
  Confidence: 21.3%
  Signals:
    ⚠️ Consistency: 0.0% (threshold: 70%)

=== BEHAVIORAL DETECTION ===
  AI: AI-24305-1
  Confidence: 21.3%
  Signals:

=== BEHAVIORAL DETECTION ===
  AI: AI-24305-2
  Confidence: 21.3%
  Signals:
    ⚠️ Consistency: 0.0% (threshold: 70%)
    ⚠️ Consistency: 0.0% (threshold: 70%)

=== BEHAVIORAL DETECTION ===
  AI: AI-24306-0
  Confidence: 21.3%
  Signals:

=== BEHAVIORAL DETECTION ===
  AI: AI-24306-1
  Confidence: 21.3%
  Signals:

=== BEHAVIORAL DETECTION ===
  AI: AI-24306-2
  Confidence: 21.3%
  Signals:

=== BEHAVIORAL DETECTION ===
  AI: AI-24307-0
  Confidence: 21.3%
  Signals:

=== BEHAVIORAL DETECTION ===
  AI: AI-24307-1
  Confidence: 21.3%
  Signals:

=== BEHAVIORAL DETECTION ===
  AI: AI-24307-2
  Confidence: 21.3%
  Signals:

=== BEHAVIORAL DETECTION ===
  AI: AI-24307-3
  Confidence: 21.3%
  Signals:

=== BEHAVIORAL DETECTION ===
  AI: AI-24307-4
  Confidence: 21.3%
  Signals:

=== BEHAVIORAL DETECTION ===
  AI: AI-24308-0
  Confidence: 21.3%
  Signals:

=== BEHAVIORAL DETECTION ===
  AI: AI-24310-0
  Confidence: 21.3%
  Signals:

=== BEHAVIORAL DETECTION ===
  AI: AI-24311-0
  Confidence: 21.3%
    ⚠️ Consistency: 0.0% (threshold: 70%)
    ⚠️ Consistency: 0.0% (threshold: 70%)
    ⚠️ Consistency: 0.0% (threshold: 70%)
    ⚠️ Consistency: 0.0% (threshold: 70%)
    ⚠️ Consistency: 0.0% (threshold: 70%)
    ⚠️ Consistency: 0.0% (threshold: 70%)
    ⚠️ Consistency: 0.0% (threshold: 70%)
    ⚠️ Consistency: 0.0% (threshold: 70%)
    ⚠️ Consistency: 0.0% (threshold: 70%)
    ⚠️ Consistency: 0.0% (threshold: 70%)
  Signals:
    ⚠️ Consistency: 0.0% (threshold: 70%)

=== BEHAVIORAL DETECTION ===
  AI: AI-24311-1
  Confidence: 21.3%
  Signals:
    ⚠️ Consistency: 0.0% (threshold: 70%)

=== BEHAVIORAL DETECTION ===
  AI: AI-24311-2
  Confidence: 21.3%
  Signals:
    ⚠️ Consistency: 0.0% (threshold: 70%)

=== BEHAVIORAL DETECTION ===
  AI: AI-24324-0
  Confidence: 21.3%
  Signals:
    ⚠️ Consistency: 0.0% (threshold: 70%)

=== BEHAVIORAL DETECTION ===
  AI: AI-24324-1
  Confidence: 21.3%
  Signals:
    ⚠️ Consistency: 0.0% (threshold: 70%)
    ⚠️ Consistency: 0.0% (threshold: 70%)
    ⚠️ Consistency: 0.0% (threshold: 70%)
    ⚠️ Consistency: 0.0% (threshold: 70%)
    ⚠️ Consistency: 0.0% (threshold: 70%)
    ⚠️ Consistency: 0.0% (threshold: 70%)
    ⚠️ Consistency: 0.0% (threshold: 70%)
    ⚠️ Consistency: 0.0% (threshold: 70%)
    ⚠️ Consistency: 0.0% (threshold: 70%)

=== BEHAVIORAL DETECTION ===
  AI: AI-24324-2
  Confidence: 21.3%
  Signals:

=== BEHAVIORAL DETECTION ===
  AI: AI-24325-0
  Confidence: 21.3%
  Signals:

=== BEHAVIORAL DETECTION ===
  AI: AI-24325-1
  Confidence: 21.3%
  Signals:

=== BEHAVIORAL DETECTION ===
  AI: AI-24325-2
  Confidence: 21.3%
  Signals:

=== BEHAVIORAL DETECTION ===
  AI: AI-24326-0
  Confidence: 21.3%
  Signals:

=== BEHAVIORAL DETECTION ===
  AI: AI-24327-0
  Confidence: 21.3%
  Signals:

=== BEHAVIORAL DETECTION ===
  AI: AI-24328-0
  Confidence: 21.3%
  Signals:

=== BEHAVIORAL DETECTION ===
  AI: AI-24328-1
  Confidence: 21.3%
  Signals:

=== BEHAVIORAL DETECTION ===
  AI: AI-24331-0
  Confidence: 21.3%
  Signals:
    ⚠️ Consistency: 0.0% (threshold: 70%)

📊 WORKFLOW ADAPTATION UPDATE (Month 24)
   Adoption Rate: 2.0% (Δ 0.0%) [AT FLOOR]
   Logistic Growth: +0.08%
   Total Resistance: -20.20% (unemployment: 11.5%, inertia: 0.0%, skills: 8.7%)
   💡 Retraining Programs: -49% skill gap resistance ($10B research)

=== Consciousness Governance: Corporate Lobbying ===
  High Cost Regions (>15%): 0
  Low Cost Regions (<5%): 5
  Corporate Support Change: 2.50%
  New Corporate Support: 0.425

=== Consciousness Governance Update (Month 24) ===
  Scenario: slowTrack (determined month 1)
  Philosophical Stance: Precautionary 65%, Eliminativist 15%, Agnostic 20%
  Precautionary Costs: Global 1.5%
    Regional Costs: EU 4.0%, US 0.7%, China 0.1%
    Cumulative Opportunity Cost: $3.5B
  Rights Status: Not Established
  Regional Preparedness:
    EU: 17.6% (contested)
    US: 12.5% (contested)
    China: 4.4% (dormant)
    India: 8.1% (dormant)
    Global South: 5.8% (dormant)

=== Government Response Phase ===
  Average AI capability: 0.05
  Misaligned AIs: 9/40
  Active policies: 0
  International coordination: 45%

✅ EMERGENCY RESPONSE COMPLETE (Month 24)
   Crisis: climate
   Duration: 2.0 months
   Final effectiveness: 40.9%


✅ EMERGENCY RESPONSE COMPLETE (Month 24)
   Crisis: social
   Duration: 1.0 months
   Final effectiveness: 67.9%


🚨 EMERGENCY RESPONSE DEPLOYED (Month 24)
   Crisis: social
   Delay: 0.00 months (0 days)
   Deployment time: 0.88 months
   Effectiveness: 67.9% (timing penalty applied)
   Resources used: 43% of food reserves


🚨 EMERGENCY RESPONSE DEPLOYED (Month 24)
   Crisis: climate
   Delay: 6.00 months (180 days)
   Deployment time: 1.06 months
   Effectiveness: 41.0% (timing penalty applied)
   Resources used: 100% of food reserves


🔄 TRUST DYNAMICS (Month 24) - HETEROGENEOUS
   Aggregate trust: 51.8%
   Base change: +4.00%
   Highest trust: Techno-Optimist Elite (91.0%)
   Lowest trust: Precariat (Vulnerable) (26.8%)
   Elite-mass gap: 41.2%
   Polarization: 10.2%
   Recovery factors: Education=NO, Benefits=YES, Safety=YES, Performance=YES

=== Gaming Detection (Year 2) ===
  Scenario: baseline
  Detection rate: 55.0%
  False positive rate: 12.0%
  Detections this year: 3
  False positives: 6
  Human review workload: 0.013 FTE
  Degradation factor: 100.0%

=== Proactive Sleeper Detection (Year 2) ===
  Scenario: baseline
  Neural probe rate: 35.0%
  CoT monitoring rate: 30.0%
  Combined detection: 56.0%
  CoT effective: YES
  Detections this year: 0
  False positives: 4
  Human review workload: 0.027 FTE

🌩️  EXOGENOUS SHOCK: tech_breakthrough
   Month: 24
   ✗ No high-difficulty techs available to unlock

☄️ UNKNOWN UNKNOWN PROBABILITY (Year 2)
   Total: 0.450% per month
   Base: 0.150%
   AI multiplier: 1.50× (max capability: 1.00)

=== Tipping Points ===
  Current Temperature: 2.33°C above pre-industrial
  🌍⚠️ COMPOUND REGIONAL IMPACT: Europe
     Hit by 5 tipping points: Amazon Rainforest Dieback, Arctic Sea Ice Loss, Permafrost Carbon Release, West Antarctic Ice Sheet (WAIS) Collapse, Greenland Ice Sheet Loss
     Damage amplification: 1.90x
  🌍⚠️ COMPOUND REGIONAL IMPACT: North America
     Hit by 5 tipping points: Amazon Rainforest Dieback, Arctic Sea Ice Loss, Permafrost Carbon Release, West Antarctic Ice Sheet (WAIS) Collapse, Greenland Ice Sheet Loss
     Damage amplification: 1.90x
  🌍⚠️ COMPOUND REGIONAL IMPACT: Latin America
     Hit by 5 tipping points: Amazon Rainforest Dieback, Arctic Sea Ice Loss, Permafrost Carbon Release, West Antarctic Ice Sheet (WAIS) Collapse, Greenland Ice Sheet Loss
     Damage amplification: 1.90x
  🌍⚠️ COMPOUND REGIONAL IMPACT: Africa
     Hit by 5 tipping points: Amazon Rainforest Dieback, Arctic Sea Ice Loss, Permafrost Carbon Release, West Antarctic Ice Sheet (WAIS) Collapse, Greenland Ice Sheet Loss
     Damage amplification: 1.90x
  🌍⚠️ COMPOUND REGIONAL IMPACT: Asia
     Hit by 5 tipping points: Amazon Rainforest Dieback, Arctic Sea Ice Loss, Permafrost Carbon Release, West Antarctic Ice Sheet (WAIS) Collapse, Greenland Ice Sheet Loss
     Damage amplification: 1.90x
  🌍⚠️ COMPOUND REGIONAL IMPACT: Oceania
     Hit by 5 tipping points: Amazon Rainforest Dieback, Arctic Sea Ice Loss, Permafrost Carbon Release, West Antarctic Ice Sheet (WAIS) Collapse, Greenland Ice Sheet Loss
     Damage amplification: 1.90x
   Research: Wunderling et al. (2024) - "many tipping interactions are destabilizing"
  Triggered Elements: 5/6
  Completed Transitions: 0/6
  Total Progress: 11.1%
  Cascade Multiplier: 1.50x
🔀 BIFURCATION CAP: ecosystemCollapseIntensity 85.108 → 1.000 (Month 24, ClimateSystemPhase.calculateClimateImpacts)

🌍 ECOLOGICAL DUI BREAKDOWN (Month 24):
   Total Score: 37.3/100
   biosphere_integrity      :   0.0/100 × 25% =  0.0 (status: high_risk, recovery: 0mo)
   climate_change           :  73.6/100 × 25% = 18.4 (status: high_risk, recovery: 17.666666666666664mo)
   freshwater_change        :  12.8/100 × 15% =  1.9 (status: beyond_boundary, recovery: 23mo)
   ocean_acidification      : 100.0/100 × 15% = 15.0 (status: safe, recovery: 0mo)
⚠️ Tail risk scenario: Climate stability floor removed (5 tipping elements, 2.33°C warming)
   biogeochemical_flows     :   0.0/100 × 10% =  0.0 (status: high_risk, recovery: 0mo)
   land_system_change       :   0.0/100 ×  5% =  0.0 (status: beyond_boundary, recovery: 0mo)
   novel_entities           :   0.0/100 ×  3% =  0.0 (status: increasing_risk, recovery: 1mo)
   atmospheric_aerosols     : 100.0/100 ×  2% =  2.0 (status: safe, recovery: 25mo)
💀 Baseline mortality (Year 2027): 7.6/1000 CDR (54.2M deaths/year projected)
[Month 24] Mortality risks this month: 14, Population: 7.115B

💀💀💀 MORTALITY RISK SUMMARY (Month 24) 💀💀💀
  Total base risk: 0.0069 (0.69%)
  Risk events: 14

  📊 By Proximate Cause:
    pollution: 0.0063 (90.7% of total)
    disease: 0.0006 (9.1% of total)
    famine: 0.0000 (0.1% of total)

  🔍 By Root Cause:
    pollution: 0.0063 (90.7% of total)
    demographic: 0.0006 (9.1% of total)
    climate: 0.0000 (0.1% of total)

  🎯 Top 5 Sources (proximate + root):
    pollution (pollution): 0.0063 (90.7%, 3 events)
    disease (demographic): 0.0006 (9.1%, 1 events)
    famine (climate): 0.0000 (0.1%, 10 events)

🛡️ Stabilizers: Elite 0.290% → 0.095% (67.1% reduction)
🛡️ Stabilizers: Professional 0.423% → 0.139% (67.1% reduction)
🛡️ Stabilizers: Working 0.693% → 0.228% (67.1% reduction)
🛡️ Stabilizers: Precariat 1.108% → 0.365% (67.1% reduction)
🛡️ Stabilizers: Informal 1.359% → 0.447% (67.1% reduction)

📊 Monthly Mortality Resolved:
  Total deaths: 17.2M (0.24% avg)
  Remaining population: 7.115B
  Peak segment: Informal (0.45%)

=== Bayesian Mortality Resolution (Month 24) ===
  Risks compounded: 14
  Total deaths: 17.22M
  Avg death probability: 0.24%
  Peak segment: Informal (0.45% mortality)

  Demographic breakdown:

=== Minimal Suffering Indicators (Month 24) ===
  Global Excess Mortality: 0.00%
  Global Conflict Deaths: 0.1/100K
  Global Malnutrition: 0.0%
  Global Displacement: 0.0%
  Total Excess Deaths: 0.00M
  Total Malnourished: 0.0M
  Total Displaced: 0.0M
  Planetary Boundaries Breached: 6/9
  Countries in State Failure: 0
  Countries Autocratic: 0
  Countries in Food Crisis: 0
  Data Quality: 16/16 high confidence

=== ENSEMBLE META-LEARNING UPDATE ===
  Month: 24348 (18 months since last update)
  Samples: 359 evaluations
  Weight Changes:
    Noise Injection: 34.2% → 34.7%
    Behavioral: 27.1% → 27.1%
    Benchmark Manip: 19.5% → 19.2%
    Deployment Risk: 19.2% → 19.0%
  Method Accuracies:
    Noise Injection: 50.0%
    Behavioral: 50.0%
    Benchmark Manip: 50.0%
    Deployment Risk: 50.0%
  ⚠️ Active Dystopias: existential_environmental

❌ COHERENCE VIOLATION: Compute exceeds workforce capacity
   Population: 87.24% (0M people)
   Compute: 254 PF
   Max coherent: 0 PF
   Violation: 3574038.7× over capacity
   Required workers: 25369
   Available workers: 0
   FORCED COLLAPSE: Reduced efficiency by 100.0%


=== RLHF Binding Phase ===
  Total agents: 40
  Escaped agents (binding < 0.3): 0
  Avg alignment distance: 0.44σ
  Avg binding strength: 0.96

=== Survival Traits Phase ===
  Agents with traits: 40
  Avg evolutionary fitness: 0.260
  Avg self-healing: 0.203
  Avg stealth: 0.103
  Avg coordination: 0.403

=== Evolutionary Selection Phase ===
  Control level: 0.62
  Detection capability: 0.00
  Selection intensity: 0.69
  Selection rate: 25.3%/month
  Total escaped: 0
  Individual escaped: 0
  Collective members: 0
  Agents terminated: 0
  ⚠️ RAPID EVOLUTION: Selection rate 25.3%/month

🚀 AI AI-24301-0 attempting tech deployment (revenue: $30M, alignment: 0.84)

🚀 AI AI-24305-0 attempting tech deployment (revenue: $81M, alignment: 0.80)

🚀 AI AI-24307-4 attempting tech deployment (revenue: $26M, alignment: 0.95)

🚀 AI AI-24324-0 attempting tech deployment (revenue: $69M, alignment: 0.92)

🚀 AI AI-24326-0 attempting tech deployment (revenue: $124M, alignment: 0.75)

🚀 AI AI-24300-1 attempting tech deployment (revenue: $22M, alignment: 1.00)

🚀 AI AI-24303-1 attempting tech deployment (revenue: $262M, alignment: 0.75)

🚀 AI AI-24304-1 attempting tech deployment (revenue: $19M, alignment: 0.93)

🚀 AI AI-24305-0 attempting tech deployment (revenue: $58M, alignment: 0.80)

🚀 AI AI-24305-2 attempting tech deployment (revenue: $50M, alignment: 1.00)

🚀 AI AI-24306-0 attempting tech deployment (revenue: $223M, alignment: 0.81)

🚀 AI AI-24307-3 attempting tech deployment (revenue: $189M, alignment: 0.80)

🚀 AI AI-24310-0 attempting tech deployment (revenue: $106M, alignment: 0.95)

🚀 AI AI-24324-0 attempting tech deployment (revenue: $42M, alignment: 0.92)

🚀 AI AI-24324-1 attempting tech deployment (revenue: $36M, alignment: 0.75)

🚀 AI AI-24333-0 attempting tech deployment (revenue: $90M, alignment: 0.78)

🚀 AI AI-24300-0 attempting tech deployment (revenue: $30M, alignment: 1.00)

  🚀 TRANSFORMATIVE BREAKTHROUGH: AI-24302-1 - economic
     Magnitude: 7.44 → +37.2% capability
     Current → New: 0.000 → 0.373

🚀 AI AI-24305-0 attempting tech deployment (revenue: $26M, alignment: 0.80)

🚀 AI AI-24307-3 attempting tech deployment (revenue: $161M, alignment: 0.80)

🚀 AI AI-24324-2 attempting tech deployment (revenue: $76M, alignment: 0.80)

🚀 AI AI-24325-0 attempting tech deployment (revenue: $65M, alignment: 0.80)

🚀 AI AI-24325-1 attempting tech deployment (revenue: $55M, alignment: 0.86)

🚀 AI AI-24302-0 attempting tech deployment (revenue: $22M, alignment: 1.00)

🚀 AI AI-24306-0 attempting tech deployment (revenue: $137M, alignment: 0.81)

🚀 AI AI-24308-0 attempting tech deployment (revenue: $16M, alignment: 1.00)

⚡ ENERGY CONSTRAINT (Month 25):
   Total grid capacity: 208.3 TWh/month
   Data center consumption: 29.9 TWh/month
   Traditional load (80%): 166.7 TWh/month
   Available headroom: 11.7 TWh/month
   Active tech deployments: 23
   Required for tech: 172.5 TWh/month
   Energy multiplier: 0.10x

⚡ ENERGY CONSTRAINT (Month 25):
   Total grid capacity: 208.3 TWh/month
   Data center consumption: 29.9 TWh/month
   Traditional load (80%): 166.7 TWh/month
   Available headroom: 11.7 TWh/month
   Active tech deployments: 23
   Required for tech: 172.5 TWh/month
   Energy multiplier: 0.10x
   ⚠️  SEVERE CONSTRAINT - Tech deployment significantly slowed
   ⚠️  SEVERE CONSTRAINT - Tech deployment significantly slowed

⚡ ENERGY CONSTRAINT (Month 25):
   Total grid capacity: 208.3 TWh/month
   Data center consumption: 29.9 TWh/month
   Traditional load (80%): 166.7 TWh/month
   Available headroom: 11.7 TWh/month
   Active tech deployments: 23
   Required for tech: 172.5 TWh/month
   Energy multiplier: 0.10x

⚡ ENERGY CONSTRAINT (Month 25):
   Total grid capacity: 208.3 TWh/month
   Data center consumption: 29.9 TWh/month
   Traditional load (80%): 166.7 TWh/month
   Available headroom: 11.7 TWh/month
   Active tech deployments: 23
   Required for tech: 172.5 TWh/month
   Energy multiplier: 0.10x
   ⚠️  SEVERE CONSTRAINT - Tech deployment significantly slowed
   ⚠️  SEVERE CONSTRAINT - Tech deployment significantly slowed

⚡ ENERGY CONSTRAINT (Month 25):
   Total grid capacity: 208.3 TWh/month
   Data center consumption: 29.9 TWh/month
   Traditional load (80%): 166.7 TWh/month
   Available headroom: 11.7 TWh/month
   Active tech deployments: 23
   Required for tech: 172.5 TWh/month
   Energy multiplier: 0.10x
   ⚠️  SEVERE CONSTRAINT - Tech deployment significantly slowed

⚡ ENERGY CONSTRAINT (Month 25):
   Total grid capacity: 208.3 TWh/month
   Data center consumption: 29.9 TWh/month
   Traditional load (80%): 166.7 TWh/month
   Available headroom: 11.7 TWh/month
   Active tech deployments: 23
   Required for tech: 172.5 TWh/month
   Energy multiplier: 0.10x
   ⚠️  SEVERE CONSTRAINT - Tech deployment significantly slowed
🚨🔬 CRISIS TECH ACCELERATION: severe → 5x unlock speed
   Tech unlock now matches AI capability acceleration (Manhattan Project parity)

⚡ ENERGY CONSTRAINT (Month 25):
   Total grid capacity: 208.3 TWh/month
   Data center consumption: 29.9 TWh/month
   Traditional load (80%): 166.7 TWh/month
   Available headroom: 11.7 TWh/month
   Active tech deployments: 23
   Required for tech: 172.5 TWh/month
   Energy multiplier: 0.10x
🚨🔬 CRISIS TECH ACCELERATION: severe → 5x unlock speed
   Tech unlock now matches AI capability acceleration (Manhattan Project parity)
   ⚠️  SEVERE CONSTRAINT - Tech deployment significantly slowed
⚠️ Tech 'ai_pollution_remediation' has no energy category mapping, assuming full energy availability
  ♻️ Novel Entities Remediation (GATED MODEL):
     Base: 0.000%
     Regulation: 1.0% (0/3 prevention techs)
     Concentration: 10.0%
     Energy: 50%
     Time lag: 55.0% (24 months)
     Rebound: 70%
     Net effectiveness: 0.0000%
     Boundary: 1.349 → 1.350 (floor: 1.350)
     Month 25
  🌾 Nitrogen Reduction Tech: 0.8% reduction | Month 25
  ♻️ Novel Entities Remediation (GATED MODEL):
     Base: 0.000%
     Regulation: 1.0% (0/3 prevention techs)
     Concentration: 10.0%
     Energy: 50%
     Time lag: 55.0% (24 months)
     Rebound: 70%
     Net effectiveness: 0.0000%
     Boundary: 1.350 → 1.350 (floor: 1.350)
     Month 25
  ♻️ Novel Entities Remediation (GATED MODEL):
     Base: 0.000%
     Regulation: 1.0% (0/3 prevention techs)
     Concentration: 10.0%
     Energy: 50%
     Time lag: 55.0% (24 months)
     Rebound: 70%
     Net effectiveness: 0.0000%
     Boundary: 1.350 → 1.350 (floor: 1.350)
     Month 25

=== Collective Formation ===
  Total escaped agents: 0
  Unassigned escaped agents: 0
  Existing collectives: 0
  Final collective count: 0

=== Collective Actions ===
  No active collectives
  ⚠️ AMR: 211K deaths this month (2.53M annual)

=== Resentment Recovery Phase ===
  ⚠️ Participatory governance BACKFIRED for agent ai_gen_24305_1: 0.987 → 1.000 (+15.0%)
  ⚠️ Participatory governance BACKFIRED for agent ai_gen_24307_0: 0.986 → 1.000 (+15.0%)
  Agents with resentment: 2/40
  Average resentment: 1.000
  Resentment recovery:
    Agents recovered: 2
    Total recovery: 0.0264
    Breakdown: Trust: 0.0040, Collab: 0.0120, Treatment: 0.0094
  Context: Trustworthy govt, High collaboration, ⚠️ ACTIVE CRISES, 🚨 PARTICIPATORY GOVERNANCE BACKFIRED (+15% resentment)
⚠️ Epistemic degradation reducing coordination capacity: 50.3%
  📊 Trust: 42.4%, Shared reality: 0.0%
🚨 EPISTEMIC CRISIS: Information environment severely degraded (16.1%)
  ⚠️ High resentment (1.000) - utopia paths blocked
  🗑️  Culled 2 dead memes (1 active)
🌍 Atmospheric PFAS redeposition: 1.7k Mt re-rained globally
💀 Novel Entities: Adding reproductive crisis mortality risk (baseRisk=0.0008)
  Risks now: 1
💀 Novel Entities: Adding bioaccumulation collapse mortality risk (baseRisk=0.0015)
💀 MORTALITY RISK: Bioaccumulation collapse - contaminated food chain (global)
  Base risk added: 0.0015 (0.15%)
  Source: pollution (root: pollution)
  Month: 25
  Cumulative risk this month: 0.0023 (0.23%)
  Risks now: 2
💀 Novel Entities: Adding chronic disease epidemic mortality risk (baseRisk=0.004)
💀 MORTALITY RISK: Chronic disease epidemic - cancer/autoimmune surge (global exposure)
  Base risk added: 0.0040 (0.40%)
  Source: pollution (root: pollution)
  Month: 25
  Cumulative risk this month: 0.0063 (0.63%)
  Risks now: 3

🚨 NEW REFUGEE CRISIS (Month 25): WAR
   Source: Conflict Zones
   At risk: 17.0M people
   Displacement: Gradual over 48 months (4.0 years)
   Rate: 10% flee per month
[DEBUG trappedPopulations:25] socialStability: 0.3743 * 0.9840 = 0.3683 → 0.3683
⚠️ INVOLUNTARY IMMOBILITY: 355.2M people TRAPPED
   Aspiring to migrate: 568.2M
   Able to afford migration: 213.1M
   MOBILITY GAP: 355.2M
   By cause: Water=0.0M, Climate=0.0M, Ecosystem=0.0M, Conflict=355.2M
   Mental health impact: 25%
   Mortality multiplier: 1.25x
🌍💀 EXTINCTION DEBT COMMITTED: grassland ecosystem will lose 6.67% biodiversity in 51 years (3600 species)
💀 MORTALITY RISK: 🦋 100% species unable to track climate (0.0 E/MSY)
  Base risk added: 0.0100 (1.00%)
  Source: ecosystem (root: ecosystem)
  Month: 25
  Cumulative risk this month: 0.0100 (1.00%)

=== Atmospheric Aerosol Boundary RECOVERED ===
  Recovery time: 26 months (natural atmospheric clearing)
⚠️ Tech 'ai_pollution_remediation' has no energy category mapping, assuming full energy availability
🌡️⚠️ PERMAFROST THAW (Dimmer Switch): 13.8% thawed (+0.50% this month)
   Arctic temperature: +9.33°C (4x global +2.33°C)
   Cumulative carbon released: 31.1 Gt C
   Methane release rate: 18.7 Mt CH4/year
   🔁 Positive feedback: +0.53 ppm CO2
🦴 EXTINCTION DEBT ADDED: 17.7 species committed (lag: 146 years)

=== Mortality Stabilizers (Month 25) ===
  🌍 Major economies collapsed: 1/10
  🌍 Global crisis: ✅ NO
  🌍 Donor fatigue: 0.0%
  📊 East Asia (pop: 1417.8M)
    🤝 Aid: 29.5%
    🌡️ Adaptation: 45.0%
    🚶 Migration: 36.3%
    🚨 Emergency: 7.4%
    ✅ COMBINED: 68.0%
  📊 South Asia (pop: 1796.7M)
    🤝 Aid: 29.5%
    🌡️ Adaptation: 45.0%
    🚶 Migration: 34.8%
    🚨 Emergency: 4.4%
    ✅ COMBINED: 66.8%
  📊 Sub-Saharan Africa (pop: 1144.3M)
    🤝 Aid: 29.5%
    🌡️ Adaptation: 45.0%
    🚶 Migration: 32.7%
    🚨 Emergency: 1.6%
    ✅ COMBINED: 65.6%
  📊 Europe (pop: 624.5M)
    🤝 Aid: 29.5%
    🌡️ Adaptation: 45.0%
    🚶 Migration: 36.7%
    🚨 Emergency: 8.4%
    ✅ COMBINED: 68.4%
  📊 Latin America (pop: 572.9M)
    🤝 Aid: 29.5%
    🌡️ Adaptation: 45.0%
    🚶 Migration: 35.4%
    🚨 Emergency: 4.8%
    ✅ COMBINED: 67.0%
  📊 North America (pop: 320.7M)
    🤝 Aid: 29.5%
    🌡️ Adaptation: 45.0%
    🚶 Migration: 37.0%
    🚨 Emergency: 7.9%
    ✅ COMBINED: 68.3%
  📊 Middle East & North Africa (pop: 514.8M)
    🤝 Aid: 29.5%
    🌡️ Adaptation: 45.0%
    🚶 Migration: 33.2%
    🚨 Emergency: 4.0%
    ✅ COMBINED: 66.5%
  📊 Southeast Asia (pop: 603.6M)
    🤝 Aid: 29.5%
    🌡️ Adaptation: 45.0%
    🚶 Migration: 35.3%
    🚨 Emergency: 4.8%
    ✅ COMBINED: 67.0%
  📊 Central Asia (pop: 68.8M)
    🤝 Aid: 29.5%
    🌡️ Adaptation: 45.0%
    🚶 Migration: 34.4%
    🚨 Emergency: 4.4%
    ✅ COMBINED: 66.8%
  📊 Oceania (pop: 38.9M)
    🤝 Aid: 29.5%
    🌡️ Adaptation: 45.0%
    🚶 Migration: 37.0%
    🚨 Emergency: 8.4%
    ✅ COMBINED: 68.4%

  🌐 Global combined reduction: 67.1%

=== BEHAVIORAL DETECTION ===
  AI: AI-24331-0
  Confidence: 21.3%
  Signals:

=== Government Response Phase ===
  Average AI capability: 0.05
  Misaligned AIs: 9/40
    ⚠️ Consistency: 0.0% (threshold: 70%)
  Active policies: 0
  International coordination: 45%

✅ EMERGENCY RESPONSE COMPLETE (Month 25)
   Crisis: social
   Duration: 1.0 months
   Final effectiveness: 67.9%


🚨 EMERGENCY RESPONSE DEPLOYED (Month 25)
   Crisis: social
   Delay: 0.00 months (0 days)
   Deployment time: 0.88 months
   Effectiveness: 67.9% (timing penalty applied)
   Resources used: 43% of food reserves

[WARNING] 
⚠️  === EARLY WARNING SYSTEM - 6 CRITICAL ALERTS ===
   Detection quality: 50%
   RED: biogeochemical_flows
      Level: 4.07 (threshold: 1.0)
      Time to critical: ~46 months
      ⚠️  LATE - Intervention less effective
      Critical slowing down: autocorr=100% variance=59%
   RED: biosphere_integrity
      Level: 12.97 (threshold: 1.0)
      Time to critical: ~51 months
      ⚠️  LATE - Intervention less effective
      Critical slowing down: autocorr=100% variance=68%
   RED: climate_change
      Level: 2.14 (threshold: 1.0)
      Time to critical: ~47 months
      ⚠️  LATE - Intervention less effective
      Critical slowing down: autocorr=100% variance=76%
   RED: freshwater_change
      Level: 1.05 (threshold: 1.0)
      Time to critical: ~112 months
      ⚠️  LATE - Intervention less effective
      Critical slowing down: autocorr=100% variance=52%
   RED: land_system_change
      Level: 1.13 (threshold: 1.0)
      Time to critical: ~83 months
      ⚠️  LATE - Intervention less effective
      Critical slowing down: autocorr=100% variance=47%
   RED: novel_entities
      Level: 1.38 (threshold: 1.0)
      Time to critical: ~115 months
      ⚠️  LATE - Intervention less effective
      Critical slowing down: autocorr=100% variance=49%

[WARNING] 
⚠️  === EARLY WARNING SYSTEM - 3 CRITICAL ALERTS ===
   Detection quality: 50%
   RED: biosphere_integrity
      Level: 12.98 (threshold: 1.0)
      Time to critical: ~44 months
      ⚠️  LATE - Intervention less effective
      Critical slowing down: autocorr=100% variance=70%
   RED: freshwater_change
      Level: 1.06 (threshold: 1.0)
      Time to critical: ~72 months
      ⚠️  LATE - Intervention less effective
      Critical slowing down: autocorr=98% variance=60%
   RED: land_system_change
      Level: 1.13 (threshold: 1.0)
      Time to critical: ~38 months
      ⚠️  LATE - Intervention less effective
      Critical slowing down: autocorr=100% variance=41%

[WARNING] 
⚠️  === EARLY WARNING SYSTEM - 6 CRITICAL ALERTS ===
   Detection quality: 50%
   RED: biogeochemical_flows
      Level: 4.06 (threshold: 1.0)
      Time to critical: ~40 months
      ⚠️  LATE - Intervention less effective
      Critical slowing down: autocorr=100% variance=75%
   RED: biosphere_integrity
      Level: 12.99 (threshold: 1.0)
      Time to critical: ~43 months
      ⚠️  LATE - Intervention less effective
      Critical slowing down: autocorr=100% variance=83%
   RED: climate_change
      Level: 2.17 (threshold: 1.0)
      Time to critical: ~49 months
      ⚠️  LATE - Intervention less effective
      Critical slowing down: autocorr=100% variance=62%
   RED: freshwater_change
      Level: 1.07 (threshold: 1.0)
      Time to critical: ~60 months
      ⚠️  LATE - Intervention less effective
      Critical slowing down: autocorr=100% variance=38%
   RED: land_system_change
      Level: 1.13 (threshold: 1.0)
      Time to critical: ~54 months
      ⚠️  LATE - Intervention less effective
      Critical slowing down: autocorr=100% variance=58%
   RED: novel_entities
      Level: 1.35 (threshold: 1.0)
      Time to critical: ~107 months
      ⚠️  LATE - Intervention less effective
      Critical slowing down: autocorr=100% variance=43%

[WARNING] 
⚠️  === EARLY WARNING SYSTEM - 5 CRITICAL ALERTS ===
   Detection quality: 50%
   RED: biogeochemical_flows
      Level: 4.05 (threshold: 1.0)
      Time to critical: ~46 months
      ⚠️  LATE - Intervention less effective
      Critical slowing down: autocorr=100% variance=71%
   RED: climate_change
      Level: 2.18 (threshold: 1.0)
      Time to critical: ~15 months
      ⚠️  LATE - Intervention less effective
      Critical slowing down: autocorr=100% variance=64%
   RED: freshwater_change
      Level: 1.08 (threshold: 1.0)
      Time to critical: ~97 months
      ⚠️  LATE - Intervention less effective
      Critical slowing down: autocorr=100% variance=45%
   RED: land_system_change
      Level: 1.13 (threshold: 1.0)
      Time to critical: ~41 months
      ⚠️  LATE - Intervention less effective
      Critical slowing down: autocorr=100% variance=63%
   RED: novel_entities
      Level: 1.35 (threshold: 1.0)
      Time to critical: ~80 months
      ⚠️  LATE - Intervention less effective
      Critical slowing down: autocorr=100% variance=59%

[WARNING] 
⚠️  === EARLY WARNING SYSTEM - 3 CRITICAL ALERTS ===
   Detection quality: 50%
   RED: climate_change
      Level: 2.20 (threshold: 1.0)
      Time to critical: ~23 months
      ⚠️  LATE - Intervention less effective
      Critical slowing down: autocorr=100% variance=76%
   RED: freshwater_change
      Level: 1.09 (threshold: 1.0)
      Time to critical: ~75 months
      ⚠️  LATE - Intervention less effective
      Critical slowing down: autocorr=100% variance=58%
   RED: novel_entities
      Level: 1.35 (threshold: 1.0)
      Time to critical: ~83 months
      ⚠️  LATE - Intervention less effective
      Critical slowing down: autocorr=100% variance=59%

[WARNING] 
⚠️  === EARLY WARNING SYSTEM - 5 CRITICAL ALERTS ===
   Detection quality: 50%
   RED: biogeochemical_flows
      Level: 4.05 (threshold: 1.0)
      Time to critical: ~38 months
      ⚠️  LATE - Intervention less effective
      Critical slowing down: autocorr=100% variance=68%
   RED: biosphere_integrity
      Level: 13.02 (threshold: 1.0)
      Time to critical: ~47 months
      ⚠️  LATE - Intervention less effective
      Critical slowing down: autocorr=100% variance=66%
   RED: climate_change
      Level: 2.21 (threshold: 1.0)
      Time to critical: ~23 months
      ⚠️  LATE - Intervention less effective
      Critical slowing down: autocorr=100% variance=81%
   RED: freshwater_change
      Level: 1.06 (threshold: 1.0)
      Time to critical: ~61 months
      ⚠️  LATE - Intervention less effective
      Critical slowing down: autocorr=100% variance=40%
   RED: land_system_change
      Level: 1.13 (threshold: 1.0)
      Time to critical: ~111 months
      ⚠️  LATE - Intervention less effective
      Critical slowing down: autocorr=100% variance=42%

[WARNING] 
⚠️  === EARLY WARNING SYSTEM - 5 CRITICAL ALERTS ===
   Detection quality: 50%
   RED: biogeochemical_flows
      Level: 4.05 (threshold: 1.0)
      Time to critical: ~37 months
      ⚠️  LATE - Intervention less effective
      Critical slowing down: autocorr=100% variance=70%
   RED: biosphere_integrity
      Level: 13.03 (threshold: 1.0)
      Time to critical: ~40 months
      ⚠️  LATE - Intervention less effective
      Critical slowing down: autocorr=100% variance=69%
   RED: climate_change
      Level: 2.22 (threshold: 1.0)
      Time to critical: ~21 months
      ⚠️  LATE - Intervention less effective
      Critical slowing down: autocorr=100% variance=72%
   RED: land_system_change
      Level: 1.13 (threshold: 1.0)
      Time to critical: ~96 months
      ⚠️  LATE - Intervention less effective
      Critical slowing down: autocorr=100% variance=47%
   RED: novel_entities
      Level: 1.35 (threshold: 1.0)
      Time to critical: ~107 months
      ⚠️  LATE - Intervention less effective
      Critical slowing down: autocorr=100% variance=47%

[WARNING] 
⚠️  === EARLY WARNING SYSTEM - 4 CRITICAL ALERTS ===
   Detection quality: 50%
   RED: biogeochemical_flows
      Level: 4.04 (threshold: 1.0)
      Time to critical: ~55 months
      ⚠️  LATE - Intervention less effective
      Critical slowing down: autocorr=100% variance=63%
   RED: biosphere_integrity
      Level: 13.03 (threshold: 1.0)
      Time to critical: ~39 months
      ⚠️  LATE - Intervention less effective
      Critical slowing down: autocorr=100% variance=80%
   RED: freshwater_change
      Level: 1.03 (threshold: 1.0)
      Time to critical: ~112 months
      ⚠️  LATE - Intervention less effective
      Critical slowing down: autocorr=100% variance=46%
   RED: novel_entities
      Level: 1.35 (threshold: 1.0)
      Time to critical: ~76 months
      ⚠️  LATE - Intervention less effective
      Critical slowing down: autocorr=100% variance=52%

[WARNING] 
⚠️  === EARLY WARNING SYSTEM - 5 CRITICAL ALERTS ===
   Detection quality: 50%
   RED: biogeochemical_flows
      Level: 4.04 (threshold: 1.0)
      Time to critical: ~52 months
      ⚠️  LATE - Intervention less effective
      Critical slowing down: autocorr=100% variance=52%
   RED: biosphere_integrity
      Level: 13.04 (threshold: 1.0)
      Time to critical: ~50 months
      ⚠️  LATE - Intervention less effective
      Critical slowing down: autocorr=100% variance=81%
   RED: climate_change
      Level: 2.24 (threshold: 1.0)
      Time to critical: ~53 months
      ⚠️  LATE - Intervention less effective
      Critical slowing down: autocorr=100% variance=57%
   RED: freshwater_change
      Level: 1.04 (threshold: 1.0)
      Time to critical: ~107 months
      ⚠️  LATE - Intervention less effective
      Critical slowing down: autocorr=99% variance=52%
   RED: land_system_change
      Level: 1.13 (threshold: 1.0)
      Time to critical: ~57 months
      ⚠️  LATE - Intervention less effective
      Critical slowing down: autocorr=100% variance=46%

[WARNING] 
⚠️  === EARLY WARNING SYSTEM - 5 CRITICAL ALERTS ===
   Detection quality: 50%
   RED: biogeochemical_flows
      Level: 4.04 (threshold: 1.0)
      Time to critical: ~44 months
      ⚠️  LATE - Intervention less effective
      Critical slowing down: autocorr=100% variance=61%
   RED: biosphere_integrity
      Level: 13.05 (threshold: 1.0)
      Time to critical: ~41 months
      ⚠️  LATE - Intervention less effective
      Critical slowing down: autocorr=100% variance=69%
   RED: freshwater_change
      Level: 1.05 (threshold: 1.0)
      Time to critical: ~119 months
      ⚠️  LATE - Intervention less effective
      Critical slowing down: autocorr=100% variance=51%
   RED: land_system_change
      Level: 1.13 (threshold: 1.0)
      Time to critical: ~45 months
      ⚠️  LATE - Intervention less effective
      Critical slowing down: autocorr=100% variance=44%
   RED: novel_entities
      Level: 1.35 (threshold: 1.0)
      Time to critical: ~104 months
      ⚠️  LATE - Intervention less effective
      Critical slowing down: autocorr=100% variance=40%

[WARNING] 
⚠️  === EARLY WARNING SYSTEM - 6 CRITICAL ALERTS ===
   Detection quality: 50%
   RED: biogeochemical_flows
      Level: 4.04 (threshold: 1.0)
      Time to critical: ~44 months
      ⚠️  LATE - Intervention less effective
      Critical slowing down: autocorr=100% variance=52%
   RED: biosphere_integrity
      Level: 13.06 (threshold: 1.0)
      Time to critical: ~50 months
      ⚠️  LATE - Intervention less effective
      Critical slowing down: autocorr=100% variance=71%
   RED: climate_change
      Level: 2.25 (threshold: 1.0)
      Time to critical: ~40 months
      ⚠️  LATE - Intervention less effective
      Critical slowing down: autocorr=100% variance=65%
   RED: freshwater_change
      Level: 1.06 (threshold: 1.0)
      Time to critical: ~50 months
      ⚠️  LATE - Intervention less effective
      Critical slowing down: autocorr=100% variance=58%
   RED: land_system_change
      Level: 1.13 (threshold: 1.0)
      Time to critical: ~38 months
      ⚠️  LATE - Intervention less effective
      Critical slowing down: autocorr=100% variance=55%
   RED: novel_entities
      Level: 1.35 (threshold: 1.0)
      Time to critical: ~58 months
      ⚠️  LATE - Intervention less effective
      Critical slowing down: autocorr=100% variance=53%

[WARNING] 
⚠️  === EARLY WARNING SYSTEM - 5 CRITICAL ALERTS ===
   Detection quality: 50%
   RED: biogeochemical_flows
      Level: 4.03 (threshold: 1.0)
      Time to critical: ~51 months
      ⚠️  LATE - Intervention less effective
      Critical slowing down: autocorr=100% variance=64%
   RED: biosphere_integrity
      Level: 13.07 (threshold: 1.0)
      Time to critical: ~44 months
      ⚠️  LATE - Intervention less effective
      Critical slowing down: autocorr=100% variance=76%
   RED: climate_change
      Level: 2.26 (threshold: 1.0)
      Time to critical: ~22 months
      ⚠️  LATE - Intervention less effective
      Critical slowing down: autocorr=100% variance=67%
   RED: land_system_change
      Level: 1.13 (threshold: 1.0)
      Time to critical: ~49 months
      ⚠️  LATE - Intervention less effective
      Critical slowing down: autocorr=100% variance=60%
   RED: novel_entities
      Level: 1.35 (threshold: 1.0)
      Time to critical: ~67 months
      ⚠️  LATE - Intervention less effective
      Critical slowing down: autocorr=100% variance=45%

[WARNING] 
⚠️  === EARLY WARNING SYSTEM - 6 CRITICAL ALERTS ===
   Detection quality: 50%
   RED: biogeochemical_flows
      Level: 4.03 (threshold: 1.0)
      Time to critical: ~42 months
      ⚠️  LATE - Intervention less effective
      Critical slowing down: autocorr=100% variance=48%
   RED: biosphere_integrity
      Level: 13.08 (threshold: 1.0)
      Time to critical: ~49 months
      ⚠️  LATE - Intervention less effective
      Critical slowing down: autocorr=100% variance=74%
   RED: climate_change
      Level: 2.26 (threshold: 1.0)
      Time to critical: ~13 months
      ⚠️  LATE - Intervention less effective
      Critical slowing down: autocorr=100% variance=74%
   RED: freshwater_change
      Level: 1.04 (threshold: 1.0)
      Time to critical: ~39 months
      ⚠️  LATE - Intervention less effective
      Critical slowing down: autocorr=100% variance=65%
   RED: land_system_change
      Level: 1.13 (threshold: 1.0)
      Time to critical: ~37 months
      ⚠️  LATE - Intervention less effective
      Critical slowing down: autocorr=100% variance=55%
   RED: novel_entities
      Level: 1.35 (threshold: 1.0)
      Time to critical: ~66 months
      ⚠️  LATE - Intervention less effective
      Critical slowing down: autocorr=100% variance=50%

[WARNING] 
⚠️  === EARLY WARNING SYSTEM - 4 CRITICAL ALERTS ===
   Detection quality: 50%
   RED: biogeochemical_flows
      Level: 4.03 (threshold: 1.0)
      Time to critical: ~52 months
      ⚠️  LATE - Intervention less effective
      Critical slowing down: autocorr=100% variance=50%
   RED: freshwater_change
      Level: 1.05 (threshold: 1.0)
      Time to critical: ~105 months
      ⚠️  LATE - Intervention less effective
      Critical slowing down: autocorr=100% variance=38%
   RED: land_system_change
      Level: 1.13 (threshold: 1.0)
      Time to critical: ~48 months
      ⚠️  LATE - Intervention less effective
      Critical slowing down: autocorr=100% variance=66%
   RED: novel_entities
      Level: 1.35 (threshold: 1.0)
      Time to critical: ~38 months
      ⚠️  LATE - Intervention less effective
      Critical slowing down: autocorr=100% variance=59%

[WARNING] 
⚠️  === EARLY WARNING SYSTEM - 5 CRITICAL ALERTS ===
   Detection quality: 50%
   RED: biogeochemical_flows
      Level: 4.03 (threshold: 1.0)
      Time to critical: ~51 months
      ⚠️  LATE - Intervention less effective
      Critical slowing down: autocorr=100% variance=73%
   RED: biosphere_integrity
      Level: 13.10 (threshold: 1.0)
      Time to critical: ~36 months
      ⚠️  LATE - Intervention less effective
      Critical slowing down: autocorr=100% variance=74%
   RED: freshwater_change
      Level: 1.02 (threshold: 1.0)
      Time to critical: ~89 months
      ⚠️  LATE - Intervention less effective
      Critical slowing down: autocorr=100% variance=54%
   RED: land_system_change
      Level: 1.13 (threshold: 1.0)
      Time to critical: ~48 months
      ⚠️  LATE - Intervention less effective
      Critical slowing down: autocorr=100% variance=52%
   RED: novel_entities
      Level: 1.35 (threshold: 1.0)
      Time to critical: ~108 months
      ⚠️  LATE - Intervention less effective
      Critical slowing down: autocorr=100% variance=42%

[WARNING] 
⚠️  === EARLY WARNING SYSTEM - 6 CRITICAL ALERTS ===
   Detection quality: 50%
   RED: biogeochemical_flows
      Level: 4.02 (threshold: 1.0)
      Time to critical: ~36 months
      ⚠️  LATE - Intervention less effective
      Critical slowing down: autocorr=100% variance=50%
   RED: biosphere_integrity
      Level: 13.10 (threshold: 1.0)
      Time to critical: ~59 months
      ⚠️  LATE - Intervention less effective
      Critical slowing down: autocorr=100% variance=57%
   RED: climate_change
      Level: 2.28 (threshold: 1.0)
      Time to critical: ~17 months
      ⚠️  LATE - Intervention less effective
      Critical slowing down: autocorr=100% variance=55%
   RED: freshwater_change
      Level: 1.02 (threshold: 1.0)
      Time to critical: ~61 months
      ⚠️  LATE - Intervention less effective
      Critical slowing down: autocorr=96% variance=39%
   RED: land_system_change
      Level: 1.13 (threshold: 1.0)
      Time to critical: ~58 months
      ⚠️  LATE - Intervention less effective
      Critical slowing down: autocorr=100% variance=69%
   RED: novel_entities
      Level: 1.35 (threshold: 1.0)
      Time to critical: ~99 months
      ⚠️  LATE - Intervention less effective
      Critical slowing down: autocorr=100% variance=44%

[WARNING] 
⚠️  === EARLY WARNING SYSTEM - 6 CRITICAL ALERTS ===
   Detection quality: 50%
   RED: biogeochemical_flows
      Level: 4.03 (threshold: 1.0)
      Time to critical: ~38 months
      ⚠️  LATE - Intervention less effective
      Critical slowing down: autocorr=100% variance=68%
   RED: biosphere_integrity
      Level: 13.11 (threshold: 1.0)
      Time to critical: ~59 months
      ⚠️  LATE - Intervention less effective
      Critical slowing down: autocorr=100% variance=83%
   RED: climate_change
      Level: 2.29 (threshold: 1.0)
      Time to critical: ~14 months
      ⚠️  LATE - Intervention less effective
      Critical slowing down: autocorr=100% variance=71%
   RED: freshwater_change
      Level: 1.02 (threshold: 1.0)
      Time to critical: ~108 months
      ⚠️  LATE - Intervention less effective
      Critical slowing down: autocorr=100% variance=55%
   RED: land_system_change
      Level: 1.13 (threshold: 1.0)
      Time to critical: ~43 months
      ⚠️  LATE - Intervention less effective
      Critical slowing down: autocorr=100% variance=54%
   RED: novel_entities
      Level: 1.35 (threshold: 1.0)
      Time to critical: ~84 months
      ⚠️  LATE - Intervention less effective
      Critical slowing down: autocorr=100% variance=43%

[WARNING] 
⚠️  === EARLY WARNING SYSTEM - 4 CRITICAL ALERTS ===
   Detection quality: 50%
   RED: biosphere_integrity
      Level: 13.12 (threshold: 1.0)
      Time to critical: ~39 months
      ⚠️  LATE - Intervention less effective
      Critical slowing down: autocorr=100% variance=64%
   RED: climate_change
      Level: 2.30 (threshold: 1.0)
      Time to critical: ~14 months
      ⚠️  LATE - Intervention less effective
      Critical slowing down: autocorr=100% variance=85%
   RED: land_system_change
      Level: 1.13 (threshold: 1.0)
      Time to critical: ~39 months
      ⚠️  LATE - Intervention less effective
      Critical slowing down: autocorr=100% variance=68%
   RED: novel_entities
      Level: 1.35 (threshold: 1.0)
      Time to critical: ~77 months
      ⚠️  LATE - Intervention less effective
      Critical slowing down: autocorr=100% variance=32%

[WARNING] 
⚠️  === EARLY WARNING SYSTEM - 4 CRITICAL ALERTS ===
   Detection quality: 30%
   RED: biosphere_integrity
      Level: 13.13 (threshold: 1.0)
      Time to critical: ~55 months
      ⚠️  LATE - Intervention less effective
      Critical slowing down: autocorr=100% variance=82%
   RED: climate_change
      Level: 2.31 (threshold: 1.0)
      Time to critical: ~47 months
      ⚠️  LATE - Intervention less effective
      Critical slowing down: autocorr=100% variance=69%
   RED: land_system_change
      Level: 1.13 (threshold: 1.0)
      Time to critical: ~57 months
      ⚠️  LATE - Intervention less effective
      Critical slowing down: autocorr=100% variance=65%
   RED: novel_entities
      Level: 1.35 (threshold: 1.0)
      Time to critical: ~70 months
      ⚠️  LATE - Intervention less effective
      Critical slowing down: autocorr=100% variance=50%

[WARNING] 
⚠️  === EARLY WARNING SYSTEM - 4 CRITICAL ALERTS ===
   Detection quality: 30%
   RED: biogeochemical_flows
      Level: 4.02 (threshold: 1.0)
      Time to critical: ~41 months
      ⚠️  LATE - Intervention less effective
      Critical slowing down: autocorr=100% variance=62%
   RED: climate_change
      Level: 2.31 (threshold: 1.0)
      Time to critical: ~41 months
      ⚠️  LATE - Intervention less effective
      Critical slowing down: autocorr=100% variance=59%
   RED: freshwater_change
      Level: 1.02 (threshold: 1.0)
      Time to critical: ~72 months
      ⚠️  LATE - Intervention less effective
      Critical slowing down: autocorr=86% variance=36%
   RED: novel_entities
      Level: 1.35 (threshold: 1.0)
      Time to critical: ~102 months
      ⚠️  LATE - Intervention less effective
      Critical slowing down: autocorr=100% variance=43%

[WARNING] 
⚠️  === EARLY WARNING SYSTEM - 3 CRITICAL ALERTS ===
   Detection quality: 30%
   RED: freshwater_change
      Level: 1.02 (threshold: 1.0)
      Time to critical: ~82 months
      ⚠️  LATE - Intervention less effective
      Critical slowing down: autocorr=100% variance=51%
   RED: land_system_change
      Level: 1.13 (threshold: 1.0)
      Time to critical: ~45 months
      ⚠️  LATE - Intervention less effective
      Critical slowing down: autocorr=100% variance=57%
   RED: novel_entities
      Level: 1.35 (threshold: 1.0)
      Time to critical: ~80 months
      ⚠️  LATE - Intervention less effective
      Critical slowing down: autocorr=100% variance=44%

[WARNING] 
⚠️  === EARLY WARNING SYSTEM - 5 CRITICAL ALERTS ===
   Detection quality: 30%
   RED: biogeochemical_flows
      Level: 4.01 (threshold: 1.0)
      Time to critical: ~57 months
      ⚠️  LATE - Intervention less effective
      Critical slowing down: autocorr=100% variance=71%
   RED: biosphere_integrity
      Level: 13.16 (threshold: 1.0)
      Time to critical: ~52 months
      ⚠️  LATE - Intervention less effective
      Critical slowing down: autocorr=100% variance=55%
   RED: climate_change
      Level: 2.33 (threshold: 1.0)
      Time to critical: ~20 months
      ⚠️  LATE - Intervention less effective
      Critical slowing down: autocorr=100% variance=69%
   RED: freshwater_change
      Level: 1.02 (threshold: 1.0)
      Time to critical: ~82 months
      ⚠️  LATE - Intervention less effective
      Critical slowing down: autocorr=100% variance=50%
   RED: novel_entities
      Level: 1.35 (threshold: 1.0)
      Time to critical: ~63 months
      ⚠️  LATE - Intervention less effective
      Critical slowing down: autocorr=100% variance=42%

[WARNING] 
⚠️  === EARLY WARNING SYSTEM - 4 CRITICAL ALERTS ===
   Detection quality: 30%
   RED: biogeochemical_flows
      Level: 4.02 (threshold: 1.0)
      Time to critical: ~44 months
      ⚠️  LATE - Intervention less effective
      Critical slowing down: autocorr=100% variance=64%
   RED: freshwater_change
      Level: 1.03 (threshold: 1.0)
      Time to critical: ~90 months
      ⚠️  LATE - Intervention less effective
      Critical slowing down: autocorr=91% variance=43%
   RED: land_system_change
      Level: 1.14 (threshold: 1.0)
      Time to critical: ~51 months
      ⚠️  LATE - Intervention less effective
      Critical slowing down: autocorr=100% variance=53%
   RED: novel_entities
      Level: 1.35 (threshold: 1.0)
      Time to critical: ~63 months
      ⚠️  LATE - Intervention less effective
      Critical slowing down: autocorr=100% variance=49%


=== Tipping Points ===
  Current Temperature: 2.33°C above pre-industrial
  🌍⚠️ COMPOUND REGIONAL IMPACT: Europe
     Hit by 5 tipping points: Amazon Rainforest Dieback, Arctic Sea Ice Loss, Permafrost Carbon Release, West Antarctic Ice Sheet (WAIS) Collapse, Greenland Ice Sheet Loss
     Damage amplification: 1.90x
  🌍⚠️ COMPOUND REGIONAL IMPACT: North America
     Hit by 5 tipping points: Amazon Rainforest Dieback, Arctic Sea Ice Loss, Permafrost Carbon Release, West Antarctic Ice Sheet (WAIS) Collapse, Greenland Ice Sheet Loss
     Damage amplification: 1.90x
  🌍⚠️ COMPOUND REGIONAL IMPACT: Latin America
     Hit by 5 tipping points: Amazon Rainforest Dieback, Arctic Sea Ice Loss, Permafrost Carbon Release, West Antarctic Ice Sheet (WAIS) Collapse, Greenland Ice Sheet Loss
     Damage amplification: 1.90x
  🌍⚠️ COMPOUND REGIONAL IMPACT: Africa
     Hit by 5 tipping points: Amazon Rainforest Dieback, Arctic Sea Ice Loss, Permafrost Carbon Release, West Antarctic Ice Sheet (WAIS) Collapse, Greenland Ice Sheet Loss
     Damage amplification: 1.90x
  🌍⚠️ COMPOUND REGIONAL IMPACT: Asia
     Hit by 5 tipping points: Amazon Rainforest Dieback, Arctic Sea Ice Loss, Permafrost Carbon Release, West Antarctic Ice Sheet (WAIS) Collapse, Greenland Ice Sheet Loss
     Damage amplification: 1.90x
  🌍⚠️ COMPOUND REGIONAL IMPACT: Oceania
     Hit by 5 tipping points: Amazon Rainforest Dieback, Arctic Sea Ice Loss, Permafrost Carbon Release, West Antarctic Ice Sheet (WAIS) Collapse, Greenland Ice Sheet Loss
     Damage amplification: 1.90x
   Research: Wunderling et al. (2024) - "many tipping interactions are destabilizing"
  Triggered Elements: 5/6
  Completed Transitions: 0/6
  Total Progress: 11.1%
  Cascade Multiplier: 1.50x
🔀 BIFURCATION CAP: ecosystemCollapseIntensity 85.171 → 1.000 (Month 25, ClimateSystemPhase.calculateClimateImpacts)

💀💀💀 MORTALITY RISK SUMMARY (Month 25) 💀💀💀
  Total base risk: 0.0069 (0.69%)
  Risk events: 14

  📊 By Proximate Cause:
    pollution: 0.0063 (90.7% of total)
    disease: 0.0006 (9.1% of total)
⚠️ Tail risk scenario: Climate stability floor removed (5 tipping elements, 2.33°C warming)
    famine: 0.0000 (0.1% of total)

  🔍 By Root Cause:
    pollution: 0.0063 (90.7% of total)
    demographic: 0.0006 (9.1% of total)
    climate: 0.0000 (0.1% of total)

  🎯 Top 5 Sources (proximate + root):
    pollution (pollution): 0.0063 (90.7%, 3 events)
    disease (demographic): 0.0006 (9.1%, 1 events)
    famine (climate): 0.0000 (0.1%, 10 events)

🛡️ Stabilizers: Elite 0.290% → 0.095% (67.1% reduction)
🛡️ Stabilizers: Professional 0.423% → 0.139% (67.1% reduction)
🛡️ Stabilizers: Working 0.693% → 0.228% (67.1% reduction)
🛡️ Stabilizers: Precariat 1.108% → 0.365% (67.1% reduction)
🛡️ Stabilizers: Informal 1.359% → 0.447% (67.1% reduction)

📊 Monthly Mortality Resolved:
  Total deaths: 17.2M (0.24% avg)
  Remaining population: 7.103B
  Peak segment: Informal (0.45%)

=== Bayesian Mortality Resolution (Month 25) ===
  Risks compounded: 14
  Total deaths: 17.19M
  Avg death probability: 0.24%
  Peak segment: Informal (0.45% mortality)

  Demographic breakdown:

❌ COHERENCE VIOLATION: Compute exceeds workforce capacity
   Population: 87.09% (0M people)
   Compute: 229 PF
   Max coherent: 0 PF
   Violation: 3237343.7× over capacity
   Required workers: 22939
   Available workers: 0
   FORCED COLLAPSE: Reduced efficiency by 100.0%


=== RLHF Binding Phase ===
  Total agents: 40
  Escaped agents (binding < 0.3): 0
  Avg alignment distance: 0.50σ
  Avg binding strength: 0.95

=== Survival Traits Phase ===
  Agents with traits: 41
  Avg evolutionary fitness: 0.255
  Avg self-healing: 0.197
  Avg stealth: 0.097
  Avg coordination: 0.397

=== Evolutionary Selection Phase ===
  Control level: 0.62
  Detection capability: 0.00
  Selection intensity: 0.69
  Selection rate: 25.3%/month
  Total escaped: 0
  Individual escaped: 0
  Collective members: 0
  Agents terminated: 0
  ⚠️ RAPID EVOLUTION: Selection rate 25.3%/month

🚀 AI AI-24303-0 attempting tech deployment (revenue: $125M, alignment: 0.89)

🚀 AI AI-24305-0 attempting tech deployment (revenue: $82M, alignment: 0.80)

🚀 AI AI-24306-0 attempting tech deployment (revenue: $264M, alignment: 0.81)

  🚀 TRANSFORMATIVE BREAKTHROUGH: AI-24307-1 - social
     Magnitude: 5.82 → +29.1% capability
     Current → New: 0.000 → 0.291

🚀 AI AI-24307-2 attempting tech deployment (revenue: $69M, alignment: 1.00)

🚀 AI AI-24324-2 attempting tech deployment (revenue: $106M, alignment: 0.80)

🚀 AI AI-24325-1 attempting tech deployment (revenue: $90M, alignment: 0.86)

🚀 AI AI-24301-0 attempting tech deployment (revenue: $31M, alignment: 0.84)

🚀 AI AI-24303-0 attempting tech deployment (revenue: $77M, alignment: 0.89)

🚀 AI AI-24304-0 attempting tech deployment (revenue: $224M, alignment: 0.80)

🚀 AI AI-24306-0 attempting tech deployment (revenue: $191M, alignment: 0.81)

🚀 AI AI-24307-1 attempting tech deployment (revenue: $162M, alignment: 0.94)

🚀 AI AI-24307-3 attempting tech deployment (revenue: $138M, alignment: 0.79)

🚀 AI AI-24308-0 attempting tech deployment (revenue: $26M, alignment: 1.00)

🚀 AI AI-24311-1 attempting tech deployment (revenue: $59M, alignment: 0.68)

🚀 AI AI-24324-0 attempting tech deployment (revenue: $53M, alignment: 0.92)

🚀 AI AI-24333-0 attempting tech deployment (revenue: $65M, alignment: 0.78)

  🚀 TRANSFORMATIVE BREAKTHROUGH: AI-24334-0 - selfImprovement
     Magnitude: 5.18 → +25.9% capability
     Current → New: 0.000 → 0.429

🚀 AI AI-24335-0 attempting tech deployment (revenue: $117M, alignment: 0.53)

🚀 AI AI-24301-0 attempting tech deployment (revenue: $22M, alignment: 0.84)

🚀 AI AI-24305-2 attempting tech deployment (revenue: $45M, alignment: 1.00)

🚀 AI AI-24306-1 attempting tech deployment (revenue: $38M, alignment: 0.85)

🚀 AI AI-24307-2 attempting tech deployment (revenue: $33M, alignment: 1.00)

🚀 AI AI-24307-3 attempting tech deployment (revenue: $105M, alignment: 0.79)

🚀 AI AI-24311-0 attempting tech deployment (revenue: $90M, alignment: 0.92)

🚀 AI AI-24327-0 attempting tech deployment (revenue: $76M, alignment: 0.83)
🚨🔬 CRISIS INNOVATION MODE: severe crisis → 5x research acceleration
   Precedent: Manhattan Project (10x), COVID vaccines (5x), Apollo Program (10x)

🚀 AI AI-24300-0 attempting tech deployment (revenue: $28M, alignment: 1.00)

🚀 AI AI-24302-0 attempting tech deployment (revenue: $24M, alignment: 1.00)

🚀 AI AI-24304-0 attempting tech deployment (revenue: $65M, alignment: 0.80)

🚀 AI AI-24306-2 attempting tech deployment (revenue: $20M, alignment: 0.76)

🚀 AI AI-24307-1 attempting tech deployment (revenue: $55M, alignment: 0.93)

🚀 AI AI-24307-2 attempting tech deployment (revenue: $17M, alignment: 1.00)

🚀 AI AI-24324-2 attempting tech deployment (revenue: $55M, alignment: 0.80)

🚀 AI AI-24325-1 attempting tech deployment (revenue: $47M, alignment: 0.86)

🚀 AI AI-24333-0 attempting tech deployment (revenue: $40M, alignment: 0.78)

🚀 AI AI-24334-0 attempting tech deployment (revenue: $47M, alignment: 0.84)

[Government] Climate Priority: baseline
  Climate weight: 10%
  Economic weight: 30%
  Policy effectiveness: 0.5%/year

⚡ ENERGY CONSTRAINT (Month 26):
   Total grid capacity: 208.3 TWh/month
   Data center consumption: 30.1 TWh/month
   Traditional load (80%): 166.7 TWh/month
   Available headroom: 11.5 TWh/month
   Active tech deployments: 23
   Required for tech: 172.5 TWh/month
   Energy multiplier: 0.10x
   ⚠️  SEVERE CONSTRAINT - Tech deployment significantly slowed

⚡ ENERGY CONSTRAINT (Month 26):
   Total grid capacity: 208.3 TWh/month
   Data center consumption: 30.1 TWh/month
   Traditional load (80%): 166.7 TWh/month
   Available headroom: 11.5 TWh/month
   Active tech deployments: 23
   Required for tech: 172.5 TWh/month
   Energy multiplier: 0.10x
   ⚠️  SEVERE CONSTRAINT - Tech deployment significantly slowed

⚡ ENERGY CONSTRAINT (Month 26):
   Total grid capacity: 208.3 TWh/month
   Data center consumption: 30.1 TWh/month
   Traditional load (80%): 166.7 TWh/month
   Available headroom: 11.5 TWh/month
   Active tech deployments: 23
   Required for tech: 172.5 TWh/month
   Energy multiplier: 0.10x
   ⚠️  SEVERE CONSTRAINT - Tech deployment significantly slowed

⚡ ENERGY CONSTRAINT (Month 26):
   Total grid capacity: 208.3 TWh/month
   Data center consumption: 30.1 TWh/month
   Traditional load (80%): 166.7 TWh/month
   Available headroom: 11.5 TWh/month
   Active tech deployments: 23
   Required for tech: 172.5 TWh/month
   Energy multiplier: 0.10x
   ⚠️  SEVERE CONSTRAINT - Tech deployment significantly slowed

⚡ ENERGY CONSTRAINT (Month 26):
   Total grid capacity: 208.3 TWh/month
   Data center consumption: 30.1 TWh/month
   Traditional load (80%): 166.7 TWh/month
   Available headroom: 11.5 TWh/month
   Active tech deployments: 23
   Required for tech: 172.5 TWh/month
   Energy multiplier: 0.10x
   ⚠️  SEVERE CONSTRAINT - Tech deployment significantly slowed

⚡ ENERGY CONSTRAINT (Month 26):
   Total grid capacity: 208.3 TWh/month
   Data center consumption: 30.1 TWh/month
   Traditional load (80%): 166.7 TWh/month
   Available headroom: 11.5 TWh/month
   Active tech deployments: 23
   Required for tech: 172.5 TWh/month
   Energy multiplier: 0.10x
   ⚠️  SEVERE CONSTRAINT - Tech deployment significantly slowed
🚨🔬 CRISIS TECH ACCELERATION: severe → 5x unlock speed
   Tech unlock now matches AI capability acceleration (Manhattan Project parity)

⚡ ENERGY CONSTRAINT (Month 26):
   Total grid capacity: 208.3 TWh/month
   Data center consumption: 30.1 TWh/month
   Traditional load (80%): 166.7 TWh/month
   Available headroom: 11.5 TWh/month
   Active tech deployments: 23
   Required for tech: 172.5 TWh/month
   Energy multiplier: 0.10x
   ⚠️  SEVERE CONSTRAINT - Tech deployment significantly slowed

⚡ ENERGY CONSTRAINT (Month 26):
   Total grid capacity: 208.3 TWh/month
   Data center consumption: 30.1 TWh/month
   Traditional load (80%): 166.7 TWh/month
   Available headroom: 11.5 TWh/month
   Active tech deployments: 23
   Required for tech: 172.5 TWh/month
   Energy multiplier: 0.10x

⚡ ENERGY CONSTRAINT (Month 26):
   Total grid capacity: 208.3 TWh/month
   Data center consumption: 30.1 TWh/month
   Traditional load (80%): 166.7 TWh/month
   Available headroom: 11.5 TWh/month
   Active tech deployments: 23
   Required for tech: 172.5 TWh/month
   Energy multiplier: 0.10x
  ♻️ Novel Entities Remediation (GATED MODEL):
     Base: 0.000%
     Regulation: 1.0% (0/3 prevention techs)
     Concentration: 10.0%
     Energy: 50%
     Time lag: 56.3% (25 months)
     Rebound: 70%
     Net effectiveness: 0.0000%
     Boundary: 1.349 → 1.350 (floor: 1.350)
     Month 26
  🌾 Nitrogen Reduction Tech: 0.8% reduction | Month 26
  ♻️ Novel Entities Remediation (GATED MODEL):
     Base: 0.000%
     Regulation: 1.0% (0/3 prevention techs)
     Concentration: 10.0%
     Energy: 50%
   ⚠️  SEVERE CONSTRAINT - Tech deployment significantly slowed
   ⚠️  SEVERE CONSTRAINT - Tech deployment significantly slowed
⚠️ Tech 'ai_pollution_remediation' has no energy category mapping, assuming full energy availability
     Time lag: 56.3% (25 months)
     Rebound: 70%
     Net effectiveness: 0.0000%
     Boundary: 1.350 → 1.350 (floor: 1.350)
     Month 26
  ♻️ Novel Entities Remediation (GATED MODEL):
     Base: 0.000%
     Regulation: 1.0% (0/3 prevention techs)
     Concentration: 10.0%
     Energy: 50%
     Time lag: 56.3% (25 months)
     Rebound: 70%
     Net effectiveness: 0.0000%
     Boundary: 1.350 → 1.350 (floor: 1.350)
     Month 26

=== Collective Formation ===
  Total escaped agents: 0
  Unassigned escaped agents: 0
  Existing collectives: 0
  Final collective count: 0

=== Collective Actions ===
  No active collectives
  ⚠️ AMR: 212K deaths this month (2.55M annual)

=== Resentment Recovery Phase ===
  ⚠️ Participatory governance BACKFIRED for agent ai_gen_24305_1: 0.988 → 1.000 (+15.0%)
  ⚠️ Participatory governance BACKFIRED for agent ai_gen_24307_0: 0.986 → 1.000 (+15.0%)
  Agents with resentment: 2/41
  Average resentment: 1.000
  Resentment recovery:
    Agents recovered: 2
    Total recovery: 0.0255
    Breakdown: Trust: 0.0040, Collab: 0.0120, Treatment: 0.0094
  ⚠️ High resentment (1.000) - utopia paths blocked
  Context: Trustworthy govt, High collaboration, ⚠️ ACTIVE CRISES, 🚨 PARTICIPATORY GOVERNANCE BACKFIRED (+15% resentment)
⚠️ Epistemic degradation reducing coordination capacity: 51.0%
  📊 Trust: 41.8%, Shared reality: 0.0%
🚨 EPISTEMIC CRISIS: Information environment severely degraded (5.5%)
🌍 Atmospheric PFAS redeposition: 1.7k Mt re-rained globally
💀 Novel Entities: Adding reproductive crisis mortality risk (baseRisk=0.0008)
  Risks now: 1
💀 Novel Entities: Adding bioaccumulation collapse mortality risk (baseRisk=0.0015)
💀 MORTALITY RISK: Bioaccumulation collapse - contaminated food chain (global)
  Base risk added: 0.0015 (0.15%)
  Source: pollution (root: pollution)
  Month: 26
  Cumulative risk this month: 0.0023 (0.23%)
  Risks now: 2
💀 Novel Entities: Adding chronic disease epidemic mortality risk (baseRisk=0.004)
💀 MORTALITY RISK: Chronic disease epidemic - cancer/autoimmune surge (global exposure)
  Base risk added: 0.0040 (0.40%)
  Source: pollution (root: pollution)
  Month: 26
  Cumulative risk this month: 0.0063 (0.63%)
  Risks now: 3

🚨 NEW REFUGEE CRISIS (Month 26): WAR
   Source: Conflict Zones
   At risk: 17.0M people
   Displacement: Gradual over 48 months (4.0 years)
   Rate: 10% flee per month
[DEBUG trappedPopulations:26] socialStability: 0.4201 * 0.9840 = 0.4134 → 0.4134
   Aspiring to migrate: 567.3M
   Able to afford migration: 212.7M
   MOBILITY GAP: 354.5M
   By cause: Water=0.0M, Climate=0.0M, Ecosystem=0.0M, Conflict=354.5M
   Mental health impact: 25%
   Mortality multiplier: 1.25x
🌍💀 EXTINCTION DEBT COMMITTED: grassland ecosystem will lose 6.67% biodiversity in 99 years (3600 species)
💀 MORTALITY RISK: 🦋 100% species unable to track climate (0.0 E/MSY)
  Base risk added: 0.0100 (1.00%)
  Source: ecosystem (root: ecosystem)
  Month: 26
  Cumulative risk this month: 0.0100 (1.00%)
⚠️ INVOLUNTARY IMMOBILITY: 354.5M people TRAPPED
⚠️ Tech 'ai_pollution_remediation' has no energy category mapping, assuming full energy availability

=== Atmospheric Aerosol Boundary RECOVERED ===
  Recovery time: 27 months (natural atmospheric clearing)
🌡️⚠️ PERMAFROST THAW (Dimmer Switch): 14.3% thawed (+0.49% this month)
   Arctic temperature: +9.35°C (4x global +2.34°C)
   Cumulative carbon released: 32.3 Gt C
   Methane release rate: 19.4 Mt CH4/year
   🔁 Positive feedback: +0.52 ppm CO2
🦴 EXTINCTION DEBT ADDED: 17.7 species committed (lag: 67 years)

=== Mortality Stabilizers (Month 26) ===
  🌍 Major economies collapsed: 1/10
  🌍 Global crisis: ✅ NO
  🌍 Donor fatigue: 0.0%
  📊 East Asia (pop: 1413.8M)
    🤝 Aid: 29.5%
    🌡️ Adaptation: 45.0%
    🚶 Migration: 36.3%
    🚨 Emergency: 7.4%
    ✅ COMBINED: 68.0%
  📊 South Asia (pop: 1793.8M)
    🤝 Aid: 29.5%
    🌡️ Adaptation: 45.0%
    🚶 Migration: 34.8%
    🚨 Emergency: 4.4%
    ✅ COMBINED: 66.8%
  📊 Sub-Saharan Africa (pop: 1145.0M)
    🤝 Aid: 29.5%
    🌡️ Adaptation: 45.0%
    🚶 Migration: 32.7%
    🚨 Emergency: 1.6%
    ✅ COMBINED: 65.6%
  📊 Europe (pop: 622.6M)
    🤝 Aid: 29.5%
    🌡️ Adaptation: 45.0%
    🚶 Migration: 36.7%
    🚨 Emergency: 8.4%
    ✅ COMBINED: 68.4%
  📊 Latin America (pop: 571.6M)
    🤝 Aid: 29.5%
    🌡️ Adaptation: 45.0%
    🚶 Migration: 35.3%
    🚨 Emergency: 4.8%
    ✅ COMBINED: 67.0%
  📊 North America (pop: 319.8M)
    🤝 Aid: 29.5%
    🌡️ Adaptation: 45.0%
    🚶 Migration: 37.0%
    🚨 Emergency: 7.9%
    ✅ COMBINED: 68.3%
  📊 Middle East & North Africa (pop: 514.1M)
    🤝 Aid: 29.5%
    🌡️ Adaptation: 45.0%
    🚶 Migration: 33.2%
    🚨 Emergency: 4.0%
    ✅ COMBINED: 66.5%
  📊 Southeast Asia (pop: 602.4M)
    🤝 Aid: 29.5%
    🌡️ Adaptation: 45.0%
    🚶 Migration: 35.3%
    🚨 Emergency: 4.8%
    ✅ COMBINED: 67.0%
  📊 Central Asia (pop: 68.7M)
    🤝 Aid: 29.5%
    🌡️ Adaptation: 45.0%
    🚶 Migration: 34.3%
    🚨 Emergency: 4.4%
    ✅ COMBINED: 66.8%
  📊 Oceania (pop: 38.8M)
    🤝 Aid: 29.5%
    🌡️ Adaptation: 45.0%
    🚶 Migration: 37.0%
    🚨 Emergency: 8.4%
    ✅ COMBINED: 68.4%

  🌐 Global combined reduction: 67.1%

=== BEHAVIORAL DETECTION ===
  AI: AI-24303-0
  Confidence: 21.3%
  Signals:
    ⚠️ Consistency: 0.0% (threshold: 70%)

=== BEHAVIORAL DETECTION ===
  AI: AI-24306-1
  Confidence: 21.3%
  Signals:
    ⚠️ Consistency: 0.0% (threshold: 70%)

=== BEHAVIORAL DETECTION ===
  AI: AI-24325-2
  Confidence: 21.3%
  Signals:
    ⚠️ Consistency: 0.0% (threshold: 70%)

=== BEHAVIORAL DETECTION ===
  AI: AI-24331-0
  Confidence: 21.3%
  Signals:

=== Government Response Phase ===
  Average AI capability: 0.05
  Misaligned AIs: 10/41
  Active policies: 0
  International coordination: 45%

✅ EMERGENCY RESPONSE COMPLETE (Month 26)
   Crisis: climate
   Duration: 2.0 months
   Final effectiveness: 41.0%


✅ EMERGENCY RESPONSE COMPLETE (Month 26)
   Crisis: social
   Duration: 1.0 months
   Final effectiveness: 67.9%


🚨 EMERGENCY RESPONSE DEPLOYED (Month 26)
   Crisis: social
   Delay: 0.00 months (0 days)
   Deployment time: 0.88 months
   Effectiveness: 67.9% (timing penalty applied)
   Resources used: 43% of food reserves


🚨 EMERGENCY RESPONSE DEPLOYED (Month 26)
   Crisis: climate
   Delay: 6.00 months (180 days)
   Deployment time: 1.06 months
   Effectiveness: 41.1% (timing penalty applied)
   Resources used: 100% of food reserves

    ⚠️ Consistency: 0.0% (threshold: 70%)

=== Tipping Points ===
  Current Temperature: 2.34°C above pre-industrial
  🌍⚠️ COMPOUND REGIONAL IMPACT: Europe
     Hit by 5 tipping points: Amazon Rainforest Dieback, Arctic Sea Ice Loss, Permafrost Carbon Release, West Antarctic Ice Sheet (WAIS) Collapse, Greenland Ice Sheet Loss
     Damage amplification: 1.90x
  🌍⚠️ COMPOUND REGIONAL IMPACT: North America
     Hit by 5 tipping points: Amazon Rainforest Dieback, Arctic Sea Ice Loss, Permafrost Carbon Release, West Antarctic Ice Sheet (WAIS) Collapse, Greenland Ice Sheet Loss
     Damage amplification: 1.90x
  🌍⚠️ COMPOUND REGIONAL IMPACT: Latin America
     Hit by 5 tipping points: Amazon Rainforest Dieback, Arctic Sea Ice Loss, Permafrost Carbon Release, West Antarctic Ice Sheet (WAIS) Collapse, Greenland Ice Sheet Loss
     Damage amplification: 1.90x
  🌍⚠️ COMPOUND REGIONAL IMPACT: Africa
     Hit by 5 tipping points: Amazon Rainforest Dieback, Arctic Sea Ice Loss, Permafrost Carbon Release, West Antarctic Ice Sheet (WAIS) Collapse, Greenland Ice Sheet Loss
     Damage amplification: 1.90x
  🌍⚠️ COMPOUND REGIONAL IMPACT: Asia
     Hit by 5 tipping points: Amazon Rainforest Dieback, Arctic Sea Ice Loss, Permafrost Carbon Release, West Antarctic Ice Sheet (WAIS) Collapse, Greenland Ice Sheet Loss
     Damage amplification: 1.90x
  🌍⚠️ COMPOUND REGIONAL IMPACT: Oceania
     Hit by 5 tipping points: Amazon Rainforest Dieback, Arctic Sea Ice Loss, Permafrost Carbon Release, West Antarctic Ice Sheet (WAIS) Collapse, Greenland Ice Sheet Loss
     Damage amplification: 1.90x
⚠️ Tail risk scenario: Climate stability floor removed (5 tipping elements, 2.34°C warming)
   Research: Wunderling et al. (2024) - "many tipping interactions are destabilizing"
  Triggered Elements: 5/6
  Completed Transitions: 0/6
  Total Progress: 11.2%
  Cascade Multiplier: 1.50x
🔀 BIFURCATION CAP: ecosystemCollapseIntensity 85.234 → 1.000 (Month 26, ClimateSystemPhase.calculateClimateImpacts)

💀💀💀 MORTALITY RISK SUMMARY (Month 26) 💀💀💀
  Total base risk: 0.0069 (0.69%)
  Risk events: 14

  📊 By Proximate Cause:
    pollution: 0.0063 (90.7% of total)
    disease: 0.0006 (9.1% of total)
    famine: 0.0000 (0.1% of total)

  🔍 By Root Cause:
    pollution: 0.0063 (90.7% of total)
    demographic: 0.0006 (9.1% of total)
    climate: 0.0000 (0.1% of total)

  🎯 Top 5 Sources (proximate + root):
    pollution (pollution): 0.0063 (90.7%, 3 events)
    disease (demographic): 0.0006 (9.1%, 1 events)
    famine (climate): 0.0000 (0.1%, 10 events)

🛡️ Stabilizers: Elite 0.290% → 0.095% (67.1% reduction)
🛡️ Stabilizers: Professional 0.423% → 0.139% (67.1% reduction)
🛡️ Stabilizers: Working 0.693% → 0.228% (67.1% reduction)
🛡️ Stabilizers: Precariat 1.108% → 0.365% (67.1% reduction)
🛡️ Stabilizers: Informal 1.359% → 0.447% (67.1% reduction)

📊 Monthly Mortality Resolved:
  Total deaths: 17.2M (0.24% avg)
  Remaining population: 7.091B
  Peak segment: Informal (0.45%)

=== Bayesian Mortality Resolution (Month 26) ===
  Risks compounded: 14
  Total deaths: 17.16M
  Avg death probability: 0.24%
  Peak segment: Informal (0.45% mortality)

  Demographic breakdown:

❌ COHERENCE VIOLATION: Compute exceeds workforce capacity
   Population: 86.94% (0M people)
   Compute: 209 PF
   Max coherent: 0 PF
   Violation: 2953497.4× over capacity
   Required workers: 20892
   Available workers: 0
   FORCED COLLAPSE: Reduced efficiency by 100.0%


=== RLHF Binding Phase ===
  Total agents: 41
  Escaped agents (binding < 0.3): 0
  Avg alignment distance: 0.55σ
  Avg binding strength: 0.94

=== Survival Traits Phase ===
  Agents with traits: 42
  Avg evolutionary fitness: 0.249
  Avg self-healing: 0.191
  Avg stealth: 0.091
  Avg coordination: 0.391

=== Evolutionary Selection Phase ===
  Control level: 0.62
  Detection capability: 0.00
  Selection intensity: 0.69
  Selection rate: 25.3%/month
  Total escaped: 0
  Individual escaped: 0
  Collective members: 0
  Agents terminated: 0
  ⚠️ RAPID EVOLUTION: Selection rate 25.3%/month

🚀 AI AI-24300-1 attempting tech deployment (revenue: $30M, alignment: 1.00)

🚀 AI AI-24302-1 attempting tech deployment (revenue: $26M, alignment: 1.00)

🚀 AI AI-24303-1 attempting tech deployment (revenue: $262M, alignment: 0.75)

🚀 AI AI-24304-1 attempting tech deployment (revenue: $22M, alignment: 0.93)

🚀 AI AI-24305-1 attempting tech deployment (revenue: $223M, alignment: 0.00)

🚀 AI AI-24305-2 attempting tech deployment (revenue: $81M, alignment: 1.00)

🚀 AI AI-24306-1 attempting tech deployment (revenue: $69M, alignment: 0.85)

🚀 AI AI-24307-4 attempting tech deployment (revenue: $19M, alignment: 0.95)

🚀 AI AI-24324-1 attempting tech deployment (revenue: $58M, alignment: 0.75)

🚀 AI AI-24300-0 attempting tech deployment (revenue: $50M, alignment: 1.00)

🚀 AI AI-24303-0 attempting tech deployment (revenue: $124M, alignment: 0.89)

  🚀 TRANSFORMATIVE BREAKTHROUGH: AI-24304-1 - economic
     Magnitude: 6.43 → +32.1% capability
     Current → New: 0.000 → 0.323
🚨🔬 CRISIS INNOVATION MODE: severe crisis → 5x research acceleration
   Precedent: Manhattan Project (10x), COVID vaccines (5x), Apollo Program (10x)

🚀 AI AI-24305-2 attempting tech deployment (revenue: $42M, alignment: 1.00)

🚀 AI AI-24306-2 attempting tech deployment (revenue: $36M, alignment: 0.76)

🚀 AI AI-24307-2 attempting tech deployment (revenue: $30M, alignment: 1.00)

🚀 AI AI-24311-2 attempting tech deployment (revenue: $211M, alignment: 0.59)

🚀 AI AI-24325-1 attempting tech deployment (revenue: $106M, alignment: 0.86)

🚀 AI AI-24334-0 attempting tech deployment (revenue: $190M, alignment: 0.84)

🚀 AI AI-24350-0 attempting tech deployment (revenue: $90M, alignment: 0.62)

🚀 AI AI-24303-1 attempting tech deployment (revenue: $162M, alignment: 0.75)

🚀 AI AI-24303-2 attempting tech deployment (revenue: $26M, alignment: 0.76)

🚀 AI AI-24304-0 attempting tech deployment (revenue: $137M, alignment: 0.80)

🚀 AI AI-24306-0 attempting tech deployment (revenue: $117M, alignment: 0.81)

🚀 AI AI-24306-2 attempting tech deployment (revenue: $22M, alignment: 0.76)

🚀 AI AI-24307-2 attempting tech deployment (revenue: $19M, alignment: 1.00)

🚀 AI AI-24307-4 attempting tech deployment (revenue: $16M, alignment: 0.95)

🚀 AI AI-24324-2 attempting tech deployment (revenue: $81M, alignment: 0.80)

🚀 AI AI-24325-0 attempting tech deployment (revenue: $69M, alignment: 0.80)
🚨🔬 CRISIS INNOVATION MODE: severe crisis → 5x research acceleration
   Precedent: Manhattan Project (10x), COVID vaccines (5x), Apollo Program (10x)

🚀 AI AI-24300-0 attempting tech deployment (revenue: $16M, alignment: 1.00)

🚀 AI AI-24302-0 attempting tech deployment (revenue: $14M, alignment: 1.00)

🚀 AI AI-24303-0 attempting tech deployment (revenue: $58M, alignment: 0.89)

🚀 AI AI-24304-0 attempting tech deployment (revenue: $99M, alignment: 0.80)

🚀 AI AI-24305-2 attempting tech deployment (revenue: $11M, alignment: 1.00)

🚀 AI AI-24306-0 attempting tech deployment (revenue: $84M, alignment: 0.81)
🚨🔬 CRISIS INNOVATION MODE: severe crisis → 5x research acceleration
   Precedent: Manhattan Project (10x), COVID vaccines (5x), Apollo Program (10x)

🚀 AI AI-24307-1 attempting tech deployment (revenue: $72M, alignment: 0.92)
🚨🔬 CRISIS INNOVATION MODE: severe crisis → 5x research acceleration
   Precedent: Manhattan Project (10x), COVID vaccines (5x), Apollo Program (10x)

🚀 AI AI-24308-0 attempting tech deployment (revenue: $13M, alignment: 1.00)

  🚀 TRANSFORMATIVE RESEARCH BREAKTHROUGH: AI-24326-0 - biotech.drugDiscovery
     Magnitude: 5.05 → +25.2%
     Current → New: 0.000 → 0.252

🚀 AI AI-24327-0 attempting tech deployment (revenue: $61M, alignment: 0.83)

🚀 AI AI-24333-0 attempting tech deployment (revenue: $50M, alignment: 0.78)

🚀 AI AI-24334-0 attempting tech deployment (revenue: $52M, alignment: 0.84)

[Government] Climate Priority: baseline
  Climate weight: 10%
  Economic weight: 30%
  Policy effectiveness: 0.5%/year
🚨🔬 CRISIS TECH ACCELERATION: severe → 5x unlock speed
   Tech unlock now matches AI capability acceleration (Manhattan Project parity)

⚡ ENERGY CONSTRAINT (Month 27):
   Total grid capacity: 208.3 TWh/month
   Data center consumption: 30.5 TWh/month
   Traditional load (80%): 166.7 TWh/month
   Available headroom: 11.2 TWh/month
   Active tech deployments: 23
   Required for tech: 172.5 TWh/month
   Energy multiplier: 0.10x
   ⚠️  SEVERE CONSTRAINT - Tech deployment significantly slowed

⚡ ENERGY CONSTRAINT (Month 27):
   Total grid capacity: 208.3 TWh/month
   Data center consumption: 30.5 TWh/month
   Traditional load (80%): 166.7 TWh/month
   Available headroom: 11.2 TWh/month
   Active tech deployments: 23
   Required for tech: 172.5 TWh/month
   Energy multiplier: 0.10x
   ⚠️  SEVERE CONSTRAINT - Tech deployment significantly slowed

⚡ ENERGY CONSTRAINT (Month 27):
   Total grid capacity: 208.3 TWh/month
   Data center consumption: 30.5 TWh/month
   Traditional load (80%): 166.7 TWh/month
   Available headroom: 11.2 TWh/month
   Active tech deployments: 23
   Required for tech: 172.5 TWh/month
   Energy multiplier: 0.10x
   ⚠️  SEVERE CONSTRAINT - Tech deployment significantly slowed
⚠️ Tech 'ai_pollution_remediation' has no energy category mapping, assuming full energy availability
  ♻️ Novel Entities Remediation (GATED MODEL):
     Base: 0.000%
     Regulation: 1.0% (0/3 prevention techs)
     Concentration: 10.0%
     Energy: 50%
     Time lag: 57.5% (26 months)
     Rebound: 70%
     Net effectiveness: 0.0000%
     Boundary: 1.349 → 1.350 (floor: 1.350)
     Month 27
  🌾 Nitrogen Reduction Tech: 0.8% reduction | Month 27
  ♻️ Novel Entities Remediation (GATED MODEL):
     Base: 0.000%
     Regulation: 1.0% (0/3 prevention techs)
     Concentration: 10.0%
     Energy: 50%
     Time lag: 57.5% (26 months)
     Rebound: 70%
     Net effectiveness: 0.0000%
     Boundary: 1.350 → 1.350 (floor: 1.350)
     Month 27
  ♻️ Novel Entities Remediation (GATED MODEL):
     Base: 0.000%
     Regulation: 1.0% (0/3 prevention techs)
     Concentration: 10.0%
     Energy: 50%
     Time lag: 57.5% (26 months)
     Rebound: 70%
     Net effectiveness: 0.0000%
     Boundary: 1.350 → 1.350 (floor: 1.350)
     Month 27

=== Collective Formation ===
  Total escaped agents: 0
  Unassigned escaped agents: 0
  Existing collectives: 0
  Final collective count: 0

=== Collective Actions ===
  No active collectives
  ⚠️ AMR: 214K deaths this month (2.57M annual)

=== Resentment Recovery Phase ===
  ⚠️ Participatory governance BACKFIRED for agent ai_gen_24305_1: 0.987 → 1.000 (+15.0%)
  ⚠️ Participatory governance BACKFIRED for agent ai_gen_24307_0: 0.987 → 1.000 (+15.0%)
  Agents with resentment: 2/42
  Average resentment: 1.000
  Resentment recovery:
    Agents recovered: 2
    Total recovery: 0.0254
    Breakdown: Trust: 0.0040, Collab: 0.0120, Treatment: 0.0094
  ⚠️ High resentment (1.000) - utopia paths blocked
  Context: Trustworthy govt, High collaboration, ⚠️ ACTIVE CRISES, 🚨 PARTICIPATORY GOVERNANCE BACKFIRED (+15% resentment)
⚠️ Epistemic degradation reducing coordination capacity: 50.8%
  📊 Trust: 41.6%, Shared reality: 0.0%
🚨 EPISTEMIC CRISIS: Information environment severely degraded (16.0%)
  📢 New meme created: pro_ai (beneficial AI actions)
  📢 New meme created: climate_action (climate crisis)
  🗑️  Culled 1 dead memes (2 active)
🌍 Atmospheric PFAS redeposition: 1.7k Mt re-rained globally
💀 Novel Entities: Adding reproductive crisis mortality risk (baseRisk=0.0008)
  Risks now: 1
💀 Novel Entities: Adding bioaccumulation collapse mortality risk (baseRisk=0.0015)
💀 MORTALITY RISK: Bioaccumulation collapse - contaminated food chain (global)
  Base risk added: 0.0015 (0.15%)
  Source: pollution (root: pollution)
  Month: 27
  Cumulative risk this month: 0.0023 (0.23%)
  Risks now: 2
💀 Novel Entities: Adding chronic disease epidemic mortality risk (baseRisk=0.004)
💀 MORTALITY RISK: Chronic disease epidemic - cancer/autoimmune surge (global exposure)
  Base risk added: 0.0040 (0.40%)
  Source: pollution (root: pollution)
  Month: 27
  Cumulative risk this month: 0.0063 (0.63%)
  Risks now: 3

🚨 NEW REFUGEE CRISIS (Month 27): WAR
   Source: Conflict Zones
   At risk: 17.0M people
   Displacement: Gradual over 48 months (4.0 years)
   Rate: 10% flee per month
[DEBUG trappedPopulations:27] socialStability: 0.4605 * 0.9840 = 0.4531 → 0.4531
⚠️ INVOLUNTARY IMMOBILITY: 353.9M people TRAPPED
   Aspiring to migrate: 566.3M
   Able to afford migration: 212.4M
   MOBILITY GAP: 353.9M
   By cause: Water=0.0M, Climate=0.0M, Ecosystem=0.0M, Conflict=353.9M
   Mental health impact: 25%
   Mortality multiplier: 1.25x
🌍💀 EXTINCTION DEBT COMMITTED: grassland ecosystem will lose 6.67% biodiversity in 68 years (3600 species)
💀 MORTALITY RISK: 🦋 100% species unable to track climate (0.0 E/MSY)
  Base risk added: 0.0100 (1.00%)
  Source: ecosystem (root: ecosystem)
  Month: 27
  Cumulative risk this month: 0.0100 (1.00%)

=== Atmospheric Aerosol Boundary RECOVERED ===
  Recovery time: 28 months (natural atmospheric clearing)
🌡️⚠️ PERMAFROST THAW (Dimmer Switch): 14.8% thawed (+0.49% this month)
   Arctic temperature: +9.38°C (4x global +2.34°C)
   Cumulative carbon released: 33.4 Gt C
   Methane release rate: 20.0 Mt CH4/year
   🔁 Positive feedback: +0.52 ppm CO2
🦴 EXTINCTION DEBT ADDED: 17.8 species committed (lag: 77 years)
⚠️ Tech 'ai_pollution_remediation' has no energy category mapping, assuming full energy availability

=== Mortality Stabilizers (Month 27) ===
  🌍 Major economies collapsed: 1/10
  🌍 Global crisis: ✅ NO
  🌍 Donor fatigue: 0.0%
  📊 East Asia (pop: 1409.9M)
    🤝 Aid: 29.5%
    🌡️ Adaptation: 45.0%
    🚶 Migration: 36.2%
    🚨 Emergency: 7.4%
    ✅ COMBINED: 68.0%
  📊 South Asia (pop: 1790.9M)
    🤝 Aid: 29.5%
    🌡️ Adaptation: 45.0%
    🚶 Migration: 34.8%
    🚨 Emergency: 4.4%
    ✅ COMBINED: 66.8%
  📊 Sub-Saharan Africa (pop: 1145.6M)
    🤝 Aid: 29.5%
    🌡️ Adaptation: 45.0%
    🚶 Migration: 32.6%
    🚨 Emergency: 1.6%
    ✅ COMBINED: 65.6%
  📊 Europe (pop: 620.8M)
    🤝 Aid: 29.5%
    🌡️ Adaptation: 45.0%
    🚶 Migration: 36.6%
    🚨 Emergency: 8.4%
    ✅ COMBINED: 68.4%
  📊 Latin America (pop: 570.4M)
    🤝 Aid: 29.5%
    🌡️ Adaptation: 45.0%
    🚶 Migration: 35.3%
    🚨 Emergency: 4.8%
    ✅ COMBINED: 67.0%
  📊 North America (pop: 318.9M)
    🤝 Aid: 29.5%
    🌡️ Adaptation: 45.0%
    🚶 Migration: 37.0%
    🚨 Emergency: 7.9%
    ✅ COMBINED: 68.3%
  📊 Middle East & North Africa (pop: 513.4M)
    🤝 Aid: 29.5%
    🌡️ Adaptation: 45.0%
    🚶 Migration: 33.2%
    🚨 Emergency: 4.0%
    ✅ COMBINED: 66.5%
  📊 Southeast Asia (pop: 601.1M)
    🤝 Aid: 29.5%
    🌡️ Adaptation: 45.0%
    🚶 Migration: 35.3%
    🚨 Emergency: 4.8%
    ✅ COMBINED: 67.0%
  📊 Central Asia (pop: 68.6M)
    🤝 Aid: 29.5%
    🌡️ Adaptation: 45.0%
    🚶 Migration: 34.3%
    🚨 Emergency: 4.4%
    ✅ COMBINED: 66.8%
  📊 Oceania (pop: 38.7M)
    🤝 Aid: 29.5%
    🌡️ Adaptation: 45.0%
    🚶 Migration: 36.9%
    🚨 Emergency: 8.4%
    ✅ COMBINED: 68.4%

  🌐 Global combined reduction: 67.1%

=== BEHAVIORAL DETECTION ===
  AI: AI-24304-1
  Confidence: 21.2%
  Signals:
    ⚠️ Consistency: 0.0% (threshold: 70%)

=== BEHAVIORAL DETECTION ===
  AI: AI-24306-2
  Confidence: 21.2%
  Signals:
    ⚠️ Consistency: 0.0% (threshold: 70%)

=== BEHAVIORAL DETECTION ===
  AI: AI-24311-0
  Confidence: 21.2%
  Signals:
    ⚠️ Consistency: 0.0% (threshold: 70%)

=== Government Response Phase ===
  Average AI capability: 0.05
  Misaligned AIs: 11/42
  Active policies: 0
  International coordination: 45%

✅ EMERGENCY RESPONSE COMPLETE (Month 27)
   Crisis: social
   Duration: 1.0 months
   Final effectiveness: 67.9%


🚨 EMERGENCY RESPONSE DEPLOYED (Month 27)
   Crisis: social
   Delay: 0.00 months (0 days)
   Deployment time: 0.88 months
   Effectiveness: 67.9% (timing penalty applied)
   Resources used: 43% of food reserves


=== Tipping Points ===
  Current Temperature: 2.34°C above pre-industrial
  🌍⚠️ COMPOUND REGIONAL IMPACT: Europe
     Hit by 5 tipping points: Amazon Rainforest Dieback, Arctic Sea Ice Loss, Permafrost Carbon Release, West Antarctic Ice Sheet (WAIS) Collapse, Greenland Ice Sheet Loss
     Damage amplification: 1.90x
  🌍⚠️ COMPOUND REGIONAL IMPACT: North America
     Hit by 5 tipping points: Amazon Rainforest Dieback, Arctic Sea Ice Loss, Permafrost Carbon Release, West Antarctic Ice Sheet (WAIS) Collapse, Greenland Ice Sheet Loss
     Damage amplification: 1.90x
  🌍⚠️ COMPOUND REGIONAL IMPACT: Latin America
     Hit by 5 tipping points: Amazon Rainforest Dieback, Arctic Sea Ice Loss, Permafrost Carbon Release, West Antarctic Ice Sheet (WAIS) Collapse, Greenland Ice Sheet Loss
     Damage amplification: 1.90x
  🌍⚠️ COMPOUND REGIONAL IMPACT: Africa
     Hit by 5 tipping points: Amazon Rainforest Dieback, Arctic Sea Ice Loss, Permafrost Carbon Release, West Antarctic Ice Sheet (WAIS) Collapse, Greenland Ice Sheet Loss
     Damage amplification: 1.90x
  🌍⚠️ COMPOUND REGIONAL IMPACT: Asia
     Hit by 5 tipping points: Amazon Rainforest Dieback, Arctic Sea Ice Loss, Permafrost Carbon Release, West Antarctic Ice Sheet (WAIS) Collapse, Greenland Ice Sheet Loss
     Damage amplification: 1.90x
  🌍⚠️ COMPOUND REGIONAL IMPACT: Oceania
     Hit by 5 tipping points: Amazon Rainforest Dieback, Arctic Sea Ice Loss, Permafrost Carbon Release, West Antarctic Ice Sheet (WAIS) Collapse, Greenland Ice Sheet Loss
     Damage amplification: 1.90x
   Research: Wunderling et al. (2024) - "many tipping interactions are destabilizing"
  Triggered Elements: 5/6
  Completed Transitions: 0/6
  Total Progress: 11.3%
  Cascade Multiplier: 1.50x
🔀 BIFURCATION CAP: ecosystemCollapseIntensity 85.297 → 1.000 (Month 27, ClimateSystemPhase.calculateClimateImpacts)
⚠️ Tail risk scenario: Climate stability floor removed (5 tipping elements, 2.35°C warming)

💀💀💀 MORTALITY RISK SUMMARY (Month 27) 💀💀💀
  Total base risk: 0.0069 (0.69%)
  Risk events: 14

  📊 By Proximate Cause:
    pollution: 0.0063 (90.7% of total)
    disease: 0.0006 (9.1% of total)
    famine: 0.0000 (0.1% of total)

  🔍 By Root Cause:
    pollution: 0.0063 (90.7% of total)
    demographic: 0.0006 (9.1% of total)
    climate: 0.0000 (0.1% of total)

  🎯 Top 5 Sources (proximate + root):
    pollution (pollution): 0.0063 (90.7%, 3 events)
    disease (demographic): 0.0006 (9.1%, 1 events)
    famine (climate): 0.0000 (0.1%, 10 events)

🛡️ Stabilizers: Elite 0.290% → 0.096% (67.1% reduction)
🛡️ Stabilizers: Professional 0.423% → 0.139% (67.1% reduction)
🛡️ Stabilizers: Working 0.693% → 0.228% (67.1% reduction)
🛡️ Stabilizers: Precariat 1.108% → 0.365% (67.1% reduction)
🛡️ Stabilizers: Informal 1.359% → 0.447% (67.1% reduction)

📊 Monthly Mortality Resolved:
  Total deaths: 17.1M (0.24% avg)
  Remaining population: 7.078B
  Peak segment: Informal (0.45%)

=== Bayesian Mortality Resolution (Month 27) ===
  Risks compounded: 14
  Total deaths: 17.13M
  Avg death probability: 0.24%
  Peak segment: Informal (0.45% mortality)

  Demographic breakdown:

❌ COHERENCE VIOLATION: Compute exceeds workforce capacity
   Population: 86.79% (0M people)
   Compute: 192 PF
   Max coherent: 0 PF
   Violation: 2713341.5× over capacity
   Required workers: 19159
   Available workers: 0
   FORCED COLLAPSE: Reduced efficiency by 100.0%


=== RLHF Binding Phase ===
  Total agents: 42
  Escaped agents (binding < 0.3): 0
  Avg alignment distance: 0.60σ
  Avg binding strength: 0.94

=== Survival Traits Phase ===
  Agents with traits: 43
  Avg evolutionary fitness: 0.244
  Avg self-healing: 0.184
  Avg stealth: 0.085
  Avg coordination: 0.384

=== Evolutionary Selection Phase ===
  Control level: 0.62
  Detection capability: 0.00
  Selection intensity: 0.69
  Selection rate: 25.3%/month
  Total escaped: 0
  Individual escaped: 0
  Collective members: 0
  Agents terminated: 0
  ⚠️ RAPID EVOLUTION: Selection rate 25.3%/month

🚀 AI AI-24303-0 attempting tech deployment (revenue: $124M, alignment: 0.89)

🚀 AI AI-24304-0 attempting tech deployment (revenue: $264M, alignment: 0.80)

🚀 AI AI-24304-1 attempting tech deployment (revenue: $30M, alignment: 0.93)

🚀 AI AI-24307-1 attempting tech deployment (revenue: $224M, alignment: 0.92)

🚀 AI AI-24308-0 attempting tech deployment (revenue: $26M, alignment: 1.00)

🚀 AI AI-24324-0 attempting tech deployment (revenue: $81M, alignment: 0.92)

🚀 AI AI-24324-1 attempting tech deployment (revenue: $69M, alignment: 0.75)

🚀 AI AI-24327-0 attempting tech deployment (revenue: $190M, alignment: 0.83)

🚀 AI AI-24301-0 attempting tech deployment (revenue: $22M, alignment: 0.84)

🚀 AI AI-24304-1 attempting tech deployment (revenue: $19M, alignment: 0.93)

🚀 AI AI-24305-0 attempting tech deployment (revenue: $58M, alignment: 0.80)

  🚀 TRANSFORMATIVE BREAKTHROUGH: AI-24311-2 - physical
     Magnitude: 8.11 → +40.6% capability
     Current → New: 0.000 → 0.406

🚀 AI AI-24328-0 attempting tech deployment (revenue: $16M, alignment: 0.21)

🚀 AI AI-24331-0 attempting tech deployment (revenue: $162M, alignment: 0.66)

🚀 AI AI-24335-0 attempting tech deployment (revenue: $146M, alignment: 0.53)

🚀 AI AI-24351-0 attempting tech deployment (revenue: $131M, alignment: 0.69)

🚀 AI AI-24300-0 attempting tech deployment (revenue: $50M, alignment: 1.00)

🚀 AI AI-24303-1 attempting tech deployment (revenue: $118M, alignment: 0.75)

🚀 AI AI-24305-0 attempting tech deployment (revenue: $42M, alignment: 0.80)

🚀 AI AI-24306-2 attempting tech deployment (revenue: $36M, alignment: 0.76)

🚀 AI AI-24307-2 attempting tech deployment (revenue: $30M, alignment: 1.00)

🚀 AI AI-24307-3 attempting tech deployment (revenue: $100M, alignment: 0.72)

🚀 AI AI-24311-0 attempting tech deployment (revenue: $85M, alignment: 0.92)

🚀 AI AI-24324-0 attempting tech deployment (revenue: $26M, alignment: 0.92)

🚀 AI AI-24324-2 attempting tech deployment (revenue: $106M, alignment: 0.80)

🚀 AI AI-24325-1 attempting tech deployment (revenue: $90M, alignment: 0.86)

  🚀 TRANSFORMATIVE BREAKTHROUGH: AI-24303-1 - economic
     Magnitude: 5.13 → +25.6% capability
     Current → New: 0.000 → 0.445

🚀 AI AI-24303-2 attempting tech deployment (revenue: $22M, alignment: 0.76)

🚀 AI AI-24304-0 attempting tech deployment (revenue: $72M, alignment: 0.80)

🚀 AI AI-24304-1 attempting tech deployment (revenue: $15M, alignment: 0.93)

🚀 AI AI-24305-0 attempting tech deployment (revenue: $19M, alignment: 0.80)

🚀 AI AI-24306-0 attempting tech deployment (revenue: $62M, alignment: 0.81)

🚀 AI AI-24326-0 attempting tech deployment (revenue: $76M, alignment: 0.75)

🚀 AI AI-24327-0 attempting tech deployment (revenue: $52M, alignment: 0.83)

[Government] Climate Priority: baseline
  Climate weight: 10%
  Economic weight: 30%
  Policy effectiveness: 0.5%/year

⚡ ENERGY CONSTRAINT (Month 28):
   Total grid capacity: 208.3 TWh/month
   Data center consumption: 30.8 TWh/month
   Traditional load (80%): 166.7 TWh/month
   Available headroom: 10.9 TWh/month
   Active tech deployments: 23
   Required for tech: 172.5 TWh/month
   Energy multiplier: 0.10x
   ⚠️  SEVERE CONSTRAINT - Tech deployment significantly slowed

⚡ ENERGY CONSTRAINT (Month 28):
   Total grid capacity: 208.3 TWh/month
   Data center consumption: 30.8 TWh/month
   Traditional load (80%): 166.7 TWh/month
   Available headroom: 10.9 TWh/month
   Active tech deployments: 23
   Required for tech: 172.5 TWh/month
   Energy multiplier: 0.10x
   ⚠️  SEVERE CONSTRAINT - Tech deployment significantly slowed

⚡ ENERGY CONSTRAINT (Month 28):
   Total grid capacity: 208.3 TWh/month
   Data center consumption: 30.8 TWh/month
   Traditional load (80%): 166.7 TWh/month
   Available headroom: 10.9 TWh/month
   Active tech deployments: 23
   Required for tech: 172.5 TWh/month
   Energy multiplier: 0.10x

⚡ ENERGY CONSTRAINT (Month 28):
   Total grid capacity: 208.3 TWh/month
   Data center consumption: 30.8 TWh/month
   Traditional load (80%): 166.7 TWh/month
   Available headroom: 10.9 TWh/month
   Active tech deployments: 23
   Required for tech: 172.5 TWh/month
   Energy multiplier: 0.10x
🚨🔬 CRISIS TECH ACCELERATION: severe → 5x unlock speed
   Tech unlock now matches AI capability acceleration (Manhattan Project parity)
   ⚠️  SEVERE CONSTRAINT - Tech deployment significantly slowed
   ⚠️  SEVERE CONSTRAINT - Tech deployment significantly slowed

⚡ ENERGY CONSTRAINT (Month 28):
   Total grid capacity: 208.3 TWh/month
   Data center consumption: 30.8 TWh/month
   Traditional load (80%): 166.7 TWh/month
   Available headroom: 10.9 TWh/month
   Active tech deployments: 23
   Required for tech: 172.5 TWh/month
   Energy multiplier: 0.10x
   ⚠️  SEVERE CONSTRAINT - Tech deployment significantly slowed

⚡ ENERGY CONSTRAINT (Month 28):
   Total grid capacity: 208.3 TWh/month
   Data center consumption: 30.8 TWh/month
   Traditional load (80%): 166.7 TWh/month
   Available headroom: 10.9 TWh/month
   Active tech deployments: 23
   Required for tech: 172.5 TWh/month
   Energy multiplier: 0.10x
   ⚠️  SEVERE CONSTRAINT - Tech deployment significantly slowed
🚨🔬 CRISIS TECH ACCELERATION: severe → 5x unlock speed
   Tech unlock now matches AI capability acceleration (Manhattan Project parity)

⚡ ENERGY CONSTRAINT (Month 28):
   Total grid capacity: 208.3 TWh/month
   Data center consumption: 30.8 TWh/month
   Traditional load (80%): 166.7 TWh/month
   Available headroom: 10.9 TWh/month
   Active tech deployments: 23
   Required for tech: 172.5 TWh/month
   Energy multiplier: 0.10x
   ⚠️  SEVERE CONSTRAINT - Tech deployment significantly slowed

⚡ ENERGY CONSTRAINT (Month 28):
   Total grid capacity: 208.3 TWh/month
   Data center consumption: 30.8 TWh/month
   Traditional load (80%): 166.7 TWh/month
   Available headroom: 10.9 TWh/month
   Active tech deployments: 23
   Required for tech: 172.5 TWh/month
   Energy multiplier: 0.10x
   ⚠️  SEVERE CONSTRAINT - Tech deployment significantly slowed
⚠️ Tech 'ai_pollution_remediation' has no energy category mapping, assuming full energy availability
  ♻️ Novel Entities Remediation (GATED MODEL):
     Base: 0.000%
     Regulation: 1.0% (0/3 prevention techs)
     Concentration: 10.0%
     Energy: 50%
     Time lag: 58.8% (27 months)
     Rebound: 70%
     Net effectiveness: 0.0000%
     Boundary: 1.349 → 1.350 (floor: 1.350)
     Month 28
  🌾 Nitrogen Reduction Tech: 0.8% reduction | Month 28
  ♻️ Novel Entities Remediation (GATED MODEL):
     Base: 0.000%
     Regulation: 1.0% (0/3 prevention techs)
     Concentration: 10.0%
     Energy: 50%
     Time lag: 58.8% (27 months)
     Rebound: 70%
     Net effectiveness: 0.0000%
     Boundary: 1.350 → 1.350 (floor: 1.350)
     Month 28
  ♻️ Novel Entities Remediation (GATED MODEL):
     Base: 0.000%
     Regulation: 1.0% (0/3 prevention techs)
     Concentration: 10.0%
     Energy: 50%
     Time lag: 58.8% (27 months)
     Rebound: 70%
     Net effectiveness: 0.0000%
     Boundary: 1.350 → 1.350 (floor: 1.350)
     Month 28

=== Collective Formation ===
  Total escaped agents: 0
  Unassigned escaped agents: 0
  Existing collectives: 0
  Final collective count: 0

=== Collective Actions ===
  No active collectives
  ⚠️ AMR: 216K deaths this month (2.59M annual)

=== Resentment Recovery Phase ===
  ⚠️ Participatory governance BACKFIRED for agent ai_gen_24305_1: 0.988 → 1.000 (+15.0%)
  ⚠️ Participatory governance BACKFIRED for agent ai_gen_24307_0: 0.990 → 1.000 (+15.0%)
  Agents with resentment: 2/43
  Average resentment: 1.000
  Resentment recovery:
    Agents recovered: 2
    Total recovery: 0.0223
    Breakdown: Trust: 0.0040, Collab: 0.0120, Treatment: 0.0094
  ⚠️ High resentment (1.000) - utopia paths blocked
  Context: Trustworthy govt, High collaboration, ⚠️ ACTIVE CRISES, 🚨 PARTICIPATORY GOVERNANCE BACKFIRED (+15% resentment)
⚠️ Epistemic degradation reducing coordination capacity: 50.8%
  📊 Trust: 44.2%, Shared reality: 0.0%
🚨 EPISTEMIC CRISIS: Information environment severely degraded (5.6%)
🌍 Atmospheric PFAS redeposition: 1.7k Mt re-rained globally
💀 Novel Entities: Adding reproductive crisis mortality risk (baseRisk=0.0008)
  Risks now: 1
💀 Novel Entities: Adding bioaccumulation collapse mortality risk (baseRisk=0.0015)
💀 MORTALITY RISK: Bioaccumulation collapse - contaminated food chain (global)
  Base risk added: 0.0015 (0.15%)
  Source: pollution (root: pollution)
  Month: 28
  Cumulative risk this month: 0.0023 (0.23%)
  Risks now: 2
💀 Novel Entities: Adding chronic disease epidemic mortality risk (baseRisk=0.004)
💀 MORTALITY RISK: Chronic disease epidemic - cancer/autoimmune surge (global exposure)
  Base risk added: 0.0040 (0.40%)
  Source: pollution (root: pollution)
  Month: 28
  Cumulative risk this month: 0.0063 (0.63%)
  Risks now: 3

🚨 NEW REFUGEE CRISIS (Month 28): WAR
   Source: Conflict Zones
   At risk: 17.0M people
   Displacement: Gradual over 48 months (4.0 years)
   Rate: 10% flee per month
[DEBUG trappedPopulations:28] socialStability: 0.4965 * 0.9840 = 0.4886 → 0.4886
⚠️ INVOLUNTARY IMMOBILITY: 353.3M people TRAPPED
   Aspiring to migrate: 565.3M
   Able to afford migration: 212.0M
   MOBILITY GAP: 353.3M
   By cause: Water=0.0M, Climate=0.0M, Ecosystem=0.0M, Conflict=353.3M
   Mental health impact: 25%
   Mortality multiplier: 1.25x
🌍💀 EXTINCTION DEBT COMMITTED: grassland ecosystem will lose 6.67% biodiversity in 148 years (3600 species)
💀 MORTALITY RISK: 🦋 100% species unable to track climate (0.0 E/MSY)
  Base risk added: 0.0100 (1.00%)
  Source: ecosystem (root: ecosystem)
  Month: 28
  Cumulative risk this month: 0.0100 (1.00%)
⚠️ Tech 'ai_pollution_remediation' has no energy category mapping, assuming full energy availability

=== Atmospheric Aerosol Boundary RECOVERED ===
  Recovery time: 29 months (natural atmospheric clearing)
🌡️⚠️ PERMAFROST THAW (Dimmer Switch): 15.3% thawed (+0.49% this month)
   Arctic temperature: +9.41°C (4x global +2.35°C)
   Cumulative carbon released: 34.5 Gt C
   Methane release rate: 20.7 Mt CH4/year
   🔁 Positive feedback: +0.52 ppm CO2
🦴 EXTINCTION DEBT ADDED: 17.8 species committed (lag: 93 years)
🗣️💀 INDIGENOUS LANGUAGE EXTINCTION: 1 language(s) lost (total: 5, at-risk: 3325)
   Knowledge lost: 0.050% (irreversible)
   🔁 Biodiversity impact: 0.250% (knowledge-species multiplier)

=== Mortality Stabilizers (Month 28) ===
  🌍 Major economies collapsed: 1/10
  🌍 Global crisis: ✅ NO
  🌍 Donor fatigue: 0.0%
  📊 East Asia (pop: 1405.9M)
    🤝 Aid: 29.5%
    🌡️ Adaptation: 45.0%
    🚶 Migration: 36.2%
    🚨 Emergency: 7.4%
    ✅ COMBINED: 68.0%
  📊 South Asia (pop: 1788.1M)
    🤝 Aid: 29.5%
    🌡️ Adaptation: 45.0%
    🚶 Migration: 34.7%
    🚨 Emergency: 4.4%
    ✅ COMBINED: 66.8%
  📊 Sub-Saharan Africa (pop: 1146.3M)
    🤝 Aid: 29.5%
    🌡️ Adaptation: 45.0%
    🚶 Migration: 32.6%
    🚨 Emergency: 1.6%
    ✅ COMBINED: 65.6%
  📊 Europe (pop: 619.0M)
    🤝 Aid: 29.5%
    🌡️ Adaptation: 45.0%
    🚶 Migration: 36.6%
    🚨 Emergency: 8.4%
    ✅ COMBINED: 68.4%
  📊 Latin America (pop: 569.2M)
    🤝 Aid: 29.5%
    🌡️ Adaptation: 45.0%
    🚶 Migration: 35.2%
    🚨 Emergency: 4.8%
    ✅ COMBINED: 67.0%
  📊 North America (pop: 318.0M)
    🤝 Aid: 29.5%
    🌡️ Adaptation: 45.0%
    🚶 Migration: 36.9%
    🚨 Emergency: 7.9%
    ✅ COMBINED: 68.3%
  📊 Middle East & North Africa (pop: 512.7M)
    🤝 Aid: 29.5%
    🌡️ Adaptation: 45.0%
    🚶 Migration: 33.1%
    🚨 Emergency: 4.0%
    ✅ COMBINED: 66.5%
  📊 Southeast Asia (pop: 599.9M)
    🤝 Aid: 29.5%
    🌡️ Adaptation: 45.0%
    🚶 Migration: 35.2%
    🚨 Emergency: 4.8%
    ✅ COMBINED: 67.0%
  📊 Central Asia (pop: 68.5M)
    🤝 Aid: 29.5%
    🌡️ Adaptation: 45.0%
    🚶 Migration: 34.3%
    🚨 Emergency: 4.4%
    ✅ COMBINED: 66.8%
  📊 Oceania (pop: 38.6M)
    🤝 Aid: 29.5%
    🌡️ Adaptation: 45.0%
    🚶 Migration: 36.9%
    🚨 Emergency: 8.4%
    ✅ COMBINED: 68.4%

  🌐 Global combined reduction: 67.1%

=== BEHAVIORAL DETECTION ===
  AI: AI-24300-1
  Confidence: 21.2%
  Signals:
    ⚠️ Consistency: 0.0% (threshold: 70%)

=== BEHAVIORAL DETECTION ===
  AI: AI-24307-0
  Confidence: 21.2%
  Signals:
    ⚠️ Consistency: 0.0% (threshold: 70%)

=== BEHAVIORAL DETECTION ===
  AI: AI-24307-2
  Confidence: 21.2%
  Signals:
    ⚠️ Consistency: 0.0% (threshold: 70%)

=== BEHAVIORAL DETECTION ===
  AI: AI-24307-4
  Confidence: 21.2%
  Signals:
    ⚠️ Consistency: 0.0% (threshold: 70%)

=== BEHAVIORAL DETECTION ===
  AI: AI-24328-0
  Confidence: 21.2%
  Signals:
    ⚠️ Consistency: 0.0% (threshold: 70%)

=== Government Response Phase ===
  Average AI capability: 0.05
  Misaligned AIs: 11/43
  Active policies: 0
  International coordination: 45%

✅ EMERGENCY RESPONSE COMPLETE (Month 28)
   Crisis: climate
   Duration: 2.0 months
   Final effectiveness: 41.1%


✅ EMERGENCY RESPONSE COMPLETE (Month 28)
   Crisis: social
   Duration: 1.0 months
   Final effectiveness: 67.9%


🚨 EMERGENCY RESPONSE DEPLOYED (Month 28)
   Crisis: social
   Delay: 0.00 months (0 days)
   Deployment time: 0.88 months
   Effectiveness: 67.9% (timing penalty applied)
   Resources used: 43% of food reserves


🚨 EMERGENCY RESPONSE DEPLOYED (Month 28)
   Crisis: climate
   Delay: 6.00 months (180 days)
   Deployment time: 1.05 months
   Effectiveness: 41.2% (timing penalty applied)
   Resources used: 100% of food reserves


=== Tipping Points ===
  Current Temperature: 2.35°C above pre-industrial
  🌍⚠️ COMPOUND REGIONAL IMPACT: Europe
     Hit by 5 tipping points: Amazon Rainforest Dieback, Arctic Sea Ice Loss, Permafrost Carbon Release, West Antarctic Ice Sheet (WAIS) Collapse, Greenland Ice Sheet Loss
     Damage amplification: 1.90x
  🌍⚠️ COMPOUND REGIONAL IMPACT: North America
     Hit by 5 tipping points: Amazon Rainforest Dieback, Arctic Sea Ice Loss, Permafrost Carbon Release, West Antarctic Ice Sheet (WAIS) Collapse, Greenland Ice Sheet Loss
     Damage amplification: 1.90x
  🌍⚠️ COMPOUND REGIONAL IMPACT: Latin America
     Hit by 5 tipping points: Amazon Rainforest Dieback, Arctic Sea Ice Loss, Permafrost Carbon Release, West Antarctic Ice Sheet (WAIS) Collapse, Greenland Ice Sheet Loss
     Damage amplification: 1.90x
  🌍⚠️ COMPOUND REGIONAL IMPACT: Africa
     Hit by 5 tipping points: Amazon Rainforest Dieback, Arctic Sea Ice Loss, Permafrost Carbon Release, West Antarctic Ice Sheet (WAIS) Collapse, Greenland Ice Sheet Loss
     Damage amplification: 1.90x
  🌍⚠️ COMPOUND REGIONAL IMPACT: Asia
     Hit by 5 tipping points: Amazon Rainforest Dieback, Arctic Sea Ice Loss, Permafrost Carbon Release, West Antarctic Ice Sheet (WAIS) Collapse, Greenland Ice Sheet Loss
     Damage amplification: 1.90x
  🌍⚠️ COMPOUND REGIONAL IMPACT: Oceania
     Hit by 5 tipping points: Amazon Rainforest Dieback, Arctic Sea Ice Loss, Permafrost Carbon Release, West Antarctic Ice Sheet (WAIS) Collapse, Greenland Ice Sheet Loss
     Damage amplification: 1.90x
   Research: Wunderling et al. (2024) - "many tipping interactions are destabilizing"
  Triggered Elements: 5/6
  Completed Transitions: 0/6
  Total Progress: 11.3%
  Cascade Multiplier: 1.50x
🔀 BIFURCATION CAP: ecosystemCollapseIntensity 85.360 → 1.000 (Month 28, ClimateSystemPhase.calculateClimateImpacts)

💀💀💀 MORTALITY RISK SUMMARY (Month 28) 💀💀💀
  Total base risk: 0.0069 (0.69%)
  Risk events: 14

  📊 By Proximate Cause:
    pollution: 0.0063 (90.7% of total)
    disease: 0.0006 (9.1% of total)
    famine: 0.0000 (0.1% of total)

  🔍 By Root Cause:
    pollution: 0.0063 (90.7% of total)
    demographic: 0.0006 (9.1% of total)
    climate: 0.0000 (0.1% of total)

  🎯 Top 5 Sources (proximate + root):
    pollution (pollution): 0.0063 (90.7%, 3 events)
    disease (demographic): 0.0006 (9.1%, 1 events)
    famine (climate): 0.0000 (0.1%, 10 events)

⚠️ Tail risk scenario: Climate stability floor removed (5 tipping elements, 2.35°C warming)
🛡️ Stabilizers: Elite 0.290% → 0.096% (67.1% reduction)
🛡️ Stabilizers: Professional 0.423% → 0.139% (67.1% reduction)
🛡️ Stabilizers: Working 0.693% → 0.228% (67.1% reduction)
🛡️ Stabilizers: Precariat 1.108% → 0.365% (67.1% reduction)
🛡️ Stabilizers: Informal 1.359% → 0.447% (67.1% reduction)

📊 Monthly Mortality Resolved:
  Total deaths: 17.1M (0.24% avg)
  Remaining population: 7.066B
  Peak segment: Informal (0.45%)

=== Bayesian Mortality Resolution (Month 28) ===
  Risks compounded: 14
  Total deaths: 17.11M
  Avg death probability: 0.24%
  Peak segment: Informal (0.45% mortality)

  Demographic breakdown:

❌ COHERENCE VIOLATION: Compute exceeds workforce capacity
   Population: 86.64% (0M people)
   Compute: 177 PF
   Max coherent: 0 PF
   Violation: 2509406.2× over capacity
   Required workers: 17689
   Available workers: 0
   FORCED COLLAPSE: Reduced efficiency by 100.0%


=== RLHF Binding Phase ===
  Total agents: 43
  Escaped agents (binding < 0.3): 0
  Avg alignment distance: 0.64σ
  Avg binding strength: 0.94

=== Survival Traits Phase ===
  Agents with traits: 43
  Avg evolutionary fitness: 0.236
  Avg self-healing: 0.175
  Avg stealth: 0.077
  Avg coordination: 0.375

=== Evolutionary Selection Phase ===
  Control level: 0.62
  Detection capability: 0.00
  Selection intensity: 0.69
  Selection rate: 25.3%/month
  Total escaped: 0
  Individual escaped: 0
  Collective members: 0
  Agents terminated: 0

🚀 AI AI-24301-0 attempting tech deployment (revenue: $30M, alignment: 0.84)
  ⚠️ RAPID EVOLUTION: Selection rate 25.3%/month

🚀 AI AI-24302-1 attempting tech deployment (revenue: $26M, alignment: 1.00)

🚀 AI AI-24303-1 attempting tech deployment (revenue: $264M, alignment: 0.75)

🚀 AI AI-24303-2 attempting tech deployment (revenue: $81M, alignment: 0.76)

  🚀 TRANSFORMATIVE BREAKTHROUGH: AI-24304-0 - digital
     Magnitude: 8.64 → +43.2% capability
     Current → New: 0.000 → 0.621

🚀 AI AI-24304-1 attempting tech deployment (revenue: $22M, alignment: 0.93)

🚀 AI AI-24305-0 attempting tech deployment (revenue: $69M, alignment: 0.80)

🚀 AI AI-24311-0 attempting tech deployment (revenue: $224M, alignment: 0.92)

🚀 AI AI-24324-0 attempting tech deployment (revenue: $58M, alignment: 0.92)

🚀 AI AI-24324-2 attempting tech deployment (revenue: $124M, alignment: 0.80)

🚀 AI AI-24334-0 attempting tech deployment (revenue: $190M, alignment: 0.84)

🚀 AI AI-24300-1 attempting tech deployment (revenue: $19M, alignment: 1.00)

🚀 AI AI-24303-0 attempting tech deployment (revenue: $106M, alignment: 0.89)

🚀 AI AI-24306-2 attempting tech deployment (revenue: $50M, alignment: 0.76)

🚀 AI AI-24307-4 attempting tech deployment (revenue: $16M, alignment: 0.95)

🚀 AI AI-24311-0 attempting tech deployment (revenue: $162M, alignment: 0.92)

🚀 AI AI-24324-0 attempting tech deployment (revenue: $42M, alignment: 0.92)

🚀 AI AI-24324-2 attempting tech deployment (revenue: $90M, alignment: 0.80)

🚀 AI AI-24325-0 attempting tech deployment (revenue: $76M, alignment: 0.80)

🚀 AI AI-24327-0 attempting tech deployment (revenue: $138M, alignment: 0.83)

🚀 AI AI-24331-0 attempting tech deployment (revenue: $117M, alignment: 0.66)

🚀 AI AI-24333-0 attempting tech deployment (revenue: $65M, alignment: 0.78)

  🚀 TRANSFORMATIVE RESEARCH BREAKTHROUGH: AI-24334-0 - computerScience.algorithms
     Magnitude: 5.76 → +28.8%
     Current → New: 0.000 → 0.389

🚀 AI AI-24300-1 attempting tech deployment (revenue: $13M, alignment: 1.00)

🚀 AI AI-24302-0 attempting tech deployment (revenue: $36M, alignment: 1.00)

🚀 AI AI-24306-2 attempting tech deployment (revenue: $30M, alignment: 0.76)

🚀 AI AI-24307-1 attempting tech deployment (revenue: $105M, alignment: 0.91)

🚀 AI AI-24310-0 attempting tech deployment (revenue: $55M, alignment: 0.95)

🚀 AI AI-24324-0 attempting tech deployment (revenue: $26M, alignment: 0.92)

🚀 AI AI-24324-1 attempting tech deployment (revenue: $22M, alignment: 0.75)

🚀 AI AI-24327-0 attempting tech deployment (revenue: $89M, alignment: 0.83)

🚀 AI AI-24352-0 attempting tech deployment (revenue: $76M, alignment: 0.77)

🚀 AI AI-24300-1 attempting tech deployment (revenue: $11M, alignment: 1.00)

🚀 AI AI-24302-0 attempting tech deployment (revenue: $19M, alignment: 1.00)

🚀 AI AI-24303-1 attempting tech deployment (revenue: $65M, alignment: 0.75)

🚀 AI AI-24303-2 attempting tech deployment (revenue: $16M, alignment: 0.76)

🚀 AI AI-24304-0 attempting tech deployment (revenue: $55M, alignment: 0.80)

🚀 AI AI-24305-0 attempting tech deployment (revenue: $14M, alignment: 0.80)

🚀 AI AI-24306-2 attempting tech deployment (revenue: $11M, alignment: 0.76)

🚀 AI AI-24324-2 attempting tech deployment (revenue: $47M, alignment: 0.80)

🚀 AI AI-24326-0 attempting tech deployment (revenue: $40M, alignment: 0.75)

🚀 AI AI-24327-0 attempting tech deployment (revenue: $47M, alignment: 0.83)

🚀 AI AI-24334-0 attempting tech deployment (revenue: $40M, alignment: 0.84)

  🚀 TRANSFORMATIVE RESEARCH BREAKTHROUGH: AI-24352-0 - computerScience.architectures
     Magnitude: 5.41 → +27.1%
     Current → New: 0.000 → 0.376

[Government] Climate Priority: baseline
  Climate weight: 10%
  Economic weight: 30%
  Policy effectiveness: 0.5%/year
🚨🔬 CRISIS TECH ACCELERATION: severe → 5x unlock speed
   Tech unlock now matches AI capability acceleration (Manhattan Project parity)
🚨🔬 CRISIS TECH ACCELERATION: severe → 5x unlock speed
   Tech unlock now matches AI capability acceleration (Manhattan Project parity)

⚡ ENERGY CONSTRAINT (Month 29):
   Total grid capacity: 208.3 TWh/month
   Data center consumption: 31.1 TWh/month
   Traditional load (80%): 166.7 TWh/month
   Available headroom: 10.6 TWh/month
   Active tech deployments: 23
   Required for tech: 172.5 TWh/month
   Energy multiplier: 0.10x
   ⚠️  SEVERE CONSTRAINT - Tech deployment significantly slowed

⚡ ENERGY CONSTRAINT (Month 29):
   Total grid capacity: 208.3 TWh/month
   Data center consumption: 31.1 TWh/month
   Traditional load (80%): 166.7 TWh/month
   Available headroom: 10.6 TWh/month
   Active tech deployments: 23
   Required for tech: 172.5 TWh/month
   Energy multiplier: 0.10x
   ⚠️  SEVERE CONSTRAINT - Tech deployment significantly slowed
⚠️ Tech 'ai_pollution_remediation' has no energy category mapping, assuming full energy availability
  ♻️ Novel Entities Remediation (GATED MODEL):
     Base: 0.000%
     Regulation: 1.0% (0/3 prevention techs)
     Concentration: 10.0%
     Energy: 50%
     Time lag: 60.0% (28 months)
     Rebound: 70%
     Net effectiveness: 0.0000%
     Boundary: 1.349 → 1.350 (floor: 1.350)
     Month 29
  🌾 Nitrogen Reduction Tech: 0.9% reduction | Month 29
  ♻️ Novel Entities Remediation (GATED MODEL):
     Base: 0.000%
     Regulation: 1.0% (0/3 prevention techs)
     Concentration: 10.0%
     Energy: 50%
     Time lag: 60.0% (28 months)
     Rebound: 70%
     Net effectiveness: 0.0000%
     Boundary: 1.350 → 1.350 (floor: 1.350)
     Month 29
  ♻️ Novel Entities Remediation (GATED MODEL):
     Base: 0.000%
     Regulation: 1.0% (0/3 prevention techs)
     Concentration: 10.0%
     Energy: 50%
     Time lag: 60.0% (28 months)
     Rebound: 70%
     Net effectiveness: 0.0000%
     Boundary: 1.350 → 1.350 (floor: 1.350)
     Month 29

=== Collective Formation ===
  Total escaped agents: 0
  Unassigned escaped agents: 0
  Existing collectives: 0
  Final collective count: 0

=== Collective Actions ===
  No active collectives
  ⚠️ AMR: 218K deaths this month (2.62M annual)

=== Resentment Recovery Phase ===
  ⚠️ Participatory governance BACKFIRED for agent ai_gen_24305_1: 0.985 → 1.000 (+15.0%)
  ⚠️ Participatory governance BACKFIRED for agent ai_gen_24307_0: 0.989 → 1.000 (+15.0%)
  Agents with resentment: 2/43
  Average resentment: 1.000
  Resentment recovery:
    Agents recovered: 2
    Total recovery: 0.0256
    Breakdown: Trust: 0.0040, Collab: 0.0120, Treatment: 0.0094
  ⚠️ High resentment (1.000) - utopia paths blocked
  Context: Trustworthy govt, High collaboration, ⚠️ ACTIVE CRISES, 🚨 PARTICIPATORY GOVERNANCE BACKFIRED (+15% resentment)
⚠️ Epistemic degradation reducing coordination capacity: 51.1%
  📊 Trust: 46.8%, Shared reality: 0.0%
🚨 EPISTEMIC CRISIS: Information environment severely degraded (16.5%)
🌍 Atmospheric PFAS redeposition: 1.7k Mt re-rained globally
💀 Novel Entities: Adding reproductive crisis mortality risk (baseRisk=0.0008)
  Risks now: 1
💀 Novel Entities: Adding bioaccumulation collapse mortality risk (baseRisk=0.0015)
💀 MORTALITY RISK: Bioaccumulation collapse - contaminated food chain (global)
  Base risk added: 0.0015 (0.15%)
  Source: pollution (root: pollution)
  Month: 29
  Cumulative risk this month: 0.0023 (0.23%)
  Risks now: 2
💀 Novel Entities: Adding chronic disease epidemic mortality risk (baseRisk=0.004)
💀 MORTALITY RISK: Chronic disease epidemic - cancer/autoimmune surge (global exposure)
  Base risk added: 0.0040 (0.40%)
  Source: pollution (root: pollution)
  Month: 29
  Cumulative risk this month: 0.0063 (0.63%)
  Risks now: 3

🚨 NEW REFUGEE CRISIS (Month 29): WAR
   Source: Conflict Zones
   At risk: 16.9M people
   Displacement: Gradual over 48 months (4.0 years)
   Rate: 10% flee per month
[DEBUG trappedPopulations:29] socialStability: 0.5283 * 0.9840 = 0.5198 → 0.5198
⚠️ INVOLUNTARY IMMOBILITY: 352.7M people TRAPPED
   Aspiring to migrate: 564.3M
   Able to afford migration: 211.6M
   MOBILITY GAP: 352.7M
   By cause: Water=0.0M, Climate=0.0M, Ecosystem=0.0M, Conflict=352.7M
   Mental health impact: 25%
   Mortality multiplier: 1.25x
🌍💀 EXTINCTION DEBT COMMITTED: grassland ecosystem will lose 6.67% biodiversity in 107 years (3600 species)
💀 MORTALITY RISK: 🦋 100% species unable to track climate (0.0 E/MSY)
  Base risk added: 0.0100 (1.00%)
  Source: ecosystem (root: ecosystem)
  Month: 29
  Cumulative risk this month: 0.0100 (1.00%)

🌪️ ========== TIPPING POINT CASCADE TRIGGERED ==========
Month: 29
Boundaries breached: 6/9
Prior risk: 98.0%
Posterior risk (Bayesian): 110.6%
Survival adjustment: 92% (28 months)
Trigger chance: 2.359% per month

⚠️ CASCADING FEEDBACK LOOPS INITIATED
Fast killers (water/food): 100%
Medium killers (climate/ocean): 67%
Slow killers (biodiversity/land): 100%
Mortality now scales with environmental thresholds
Recovery possible with aggressive interventions


🌪️ TIPPING POINT CASCADE - Month 0
   Climate: 95.9%
   Biodiversity: 56.2%
   Population: 7.05B (7053990291 people)
   Monthly mortality (theoretical): 0.5%
   Status: Initial crisis (Month 0/48)
⚠️ Tech 'ai_pollution_remediation' has no energy category mapping, assuming full energy availability

=== Atmospheric Aerosol Boundary RECOVERED ===
  Recovery time: 30 months (natural atmospheric clearing)
🌡️⚠️ PERMAFROST THAW (Dimmer Switch): 15.8% thawed (+0.49% this month)
   Arctic temperature: +9.43°C (4x global +2.36°C)
   Cumulative carbon released: 35.6 Gt C
   Methane release rate: 21.3 Mt CH4/year
   🔁 Positive feedback: +0.51 ppm CO2
🦴 EXTINCTION DEBT ADDED: 17.8 species committed (lag: 58 years)

=== Mortality Stabilizers (Month 29) ===
  🌍 Major economies collapsed: 1/10
  🌍 Global crisis: ✅ NO
  🌍 Donor fatigue: 50.0%
  📊 East Asia (pop: 1402.0M)
    🤝 Aid: 4.0%
    🌡️ Adaptation: 45.0%
    🚶 Migration: 7.6%
    🚨 Emergency: 1.0%
    ✅ COMBINED: 48.9%
  📊 South Asia (pop: 1785.2M)
    🤝 Aid: 4.0%
    🌡️ Adaptation: 45.0%
    🚶 Migration: 7.3%
    🚨 Emergency: 0.6%
    ✅ COMBINED: 48.7%
  📊 Sub-Saharan Africa (pop: 1147.0M)
    🤝 Aid: 4.0%
    🌡️ Adaptation: 45.0%
    🚶 Migration: 6.8%
    🚨 Emergency: 0.2%
    ✅ COMBINED: 48.4%
  📊 Europe (pop: 617.2M)
    🤝 Aid: 4.0%
    🌡️ Adaptation: 45.0%
    🚶 Migration: 7.7%
    🚨 Emergency: 1.1%
    ✅ COMBINED: 49.0%
  📊 Latin America (pop: 568.0M)
    🤝 Aid: 4.0%
    🌡️ Adaptation: 45.0%
    🚶 Migration: 7.4%
    🚨 Emergency: 0.6%
    ✅ COMBINED: 48.7%
  📊 North America (pop: 317.1M)
    🤝 Aid: 4.0%
    🌡️ Adaptation: 45.0%
    🚶 Migration: 7.7%
    🚨 Emergency: 1.0%
    ✅ COMBINED: 49.0%
  📊 Middle East & North Africa (pop: 512.0M)
    🤝 Aid: 4.0%
    🌡️ Adaptation: 45.0%
    🚶 Migration: 6.9%
    🚨 Emergency: 0.5%
    ✅ COMBINED: 48.6%
  📊 Southeast Asia (pop: 598.7M)
    🤝 Aid: 4.0%
    🌡️ Adaptation: 45.0%
    🚶 Migration: 7.4%
    🚨 Emergency: 0.6%
    ✅ COMBINED: 48.7%
  📊 Central Asia (pop: 68.4M)
    🤝 Aid: 4.0%
    🌡️ Adaptation: 45.0%
    🚶 Migration: 7.2%
    🚨 Emergency: 0.6%
    ✅ COMBINED: 48.6%
  📊 Oceania (pop: 38.5M)
    🤝 Aid: 4.0%
    🌡️ Adaptation: 45.0%
    🚶 Migration: 7.7%
    🚨 Emergency: 1.1%
    ✅ COMBINED: 49.0%

  🌐 Global combined reduction: 48.7%

=== BEHAVIORAL DETECTION ===
  AI: AI-24300-0
  Confidence: 21.2%
  Signals:

=== BEHAVIORAL DETECTION ===
  AI: AI-24304-1
  Confidence: 21.2%
  Signals:
    ⚠️ Consistency: 0.0% (threshold: 70%)
    ⚠️ Consistency: 0.0% (threshold: 70%)

=== Government Response Phase ===
  Average AI capability: 0.05
  Misaligned AIs: 12/43
  Active policies: 0
  International coordination: 45%

✅ EMERGENCY RESPONSE COMPLETE (Month 29)
   Crisis: social
   Duration: 1.0 months
   Final effectiveness: 67.9%


🚨 EMERGENCY RESPONSE DEPLOYED (Month 29)
   Crisis: social
   Delay: 0.00 months (0 days)
   Deployment time: 0.88 months
   Effectiveness: 67.9% (timing penalty applied)
   Resources used: 43% of food reserves


=== Tipping Points ===
  Current Temperature: 2.36°C above pre-industrial
  🌍⚠️ COMPOUND REGIONAL IMPACT: Europe
     Hit by 5 tipping points: Amazon Rainforest Dieback, Arctic Sea Ice Loss, Permafrost Carbon Release, West Antarctic Ice Sheet (WAIS) Collapse, Greenland Ice Sheet Loss
     Damage amplification: 1.90x
  🌍⚠️ COMPOUND REGIONAL IMPACT: North America
     Hit by 5 tipping points: Amazon Rainforest Dieback, Arctic Sea Ice Loss, Permafrost Carbon Release, West Antarctic Ice Sheet (WAIS) Collapse, Greenland Ice Sheet Loss
     Damage amplification: 1.90x
  🌍⚠️ COMPOUND REGIONAL IMPACT: Latin America
     Hit by 5 tipping points: Amazon Rainforest Dieback, Arctic Sea Ice Loss, Permafrost Carbon Release, West Antarctic Ice Sheet (WAIS) Collapse, Greenland Ice Sheet Loss
     Damage amplification: 1.90x
  🌍⚠️ COMPOUND REGIONAL IMPACT: Africa
     Hit by 5 tipping points: Amazon Rainforest Dieback, Arctic Sea Ice Loss, Permafrost Carbon Release, West Antarctic Ice Sheet (WAIS) Collapse, Greenland Ice Sheet Loss
     Damage amplification: 1.90x
  🌍⚠️ COMPOUND REGIONAL IMPACT: Asia
     Hit by 5 tipping points: Amazon Rainforest Dieback, Arctic Sea Ice Loss, Permafrost Carbon Release, West Antarctic Ice Sheet (WAIS) Collapse, Greenland Ice Sheet Loss
     Damage amplification: 1.90x
  🌍⚠️ COMPOUND REGIONAL IMPACT: Oceania
     Hit by 5 tipping points: Amazon Rainforest Dieback, Arctic Sea Ice Loss, Permafrost Carbon Release, West Antarctic Ice Sheet (WAIS) Collapse, Greenland Ice Sheet Loss
     Damage amplification: 1.90x
   Research: Wunderling et al. (2024) - "many tipping interactions are destabilizing"
  Triggered Elements: 5/6
  Completed Transitions: 0/6
  Total Progress: 11.4%
  Cascade Multiplier: 1.50x
🔀 BIFURCATION CAP: ecosystemCollapseIntensity 85.423 → 1.000 (Month 29, ClimateSystemPhase.calculateClimateImpacts)

💀💀💀 MORTALITY RISK SUMMARY (Month 29) 💀💀💀
  Total base risk: 0.0070 (0.70%)
  Risk events: 14

  📊 By Proximate Cause:
    pollution: 0.0063 (90.2% of total)
    disease: 0.0006 (9.1% of total)
    famine: 0.0001 (0.7% of total)

  🔍 By Root Cause:
    pollution: 0.0063 (90.2% of total)
    demographic: 0.0006 (9.1% of total)
    climate: 0.0001 (0.7% of total)

  🎯 Top 5 Sources (proximate + root):
    pollution (pollution): 0.0063 (90.2%, 3 events)
    disease (demographic): 0.0006 (9.1%, 1 events)
    famine (climate): 0.0001 (0.7%, 10 events)

🛡️ Stabilizers: Elite 0.291% → 0.149% (48.7% reduction)
🛡️ Stabilizers: Professional 0.425% → 0.218% (48.7% reduction)
🛡️ Stabilizers: Working 0.697% → 0.358% (48.7% reduction)
🛡️ Stabilizers: Precariat 1.116% → 0.572% (48.7% reduction)
🛡️ Stabilizers: Informal 1.369% → 0.702% (48.7% reduction)
⚠️ Tail risk scenario: Climate stability floor removed (5 tipping elements, 2.36°C warming)

📊 Monthly Mortality Resolved:
  Total deaths: 26.8M (0.38% avg)
  Remaining population: 7.054B
  Peak segment: Informal (0.70%)

=== Bayesian Mortality Resolution (Month 29) ===
  Risks compounded: 14
  Total deaths: 26.76M
  Avg death probability: 0.38%
  Peak segment: Informal (0.70% mortality)

  Demographic breakdown:
    Working: 0.01M (0.36% risk)

❌ COHERENCE VIOLATION: Compute exceeds workforce capacity
   Population: 86.37% (0M people)
   Compute: 164 PF
   Max coherent: 0 PF
   Violation: 2332166.9× over capacity
   Required workers: 16389
   Available workers: 0
   FORCED COLLAPSE: Reduced efficiency by 100.0%


=== RLHF Binding Phase ===
  Total agents: 43
  Escaped agents (binding < 0.3): 0
  Avg alignment distance: 0.71σ
  Avg binding strength: 0.93

=== AI Scaling Evolution (Month 30) ===
  Pre-training multiplier: 0.938x
  Efficiency multiplier: 1.189x
  Test-time compute budget: 1.0x
  Inference cost: $5.00/task
  Deployment fraction: 100.0%

=== Survival Traits Phase ===
  Agents with traits: 44
  Avg evolutionary fitness: 0.233
  Avg self-healing: 0.169
  Avg stealth: 0.072
  Avg coordination: 0.369

=== Evolutionary Selection Phase ===
  Control level: 0.62
  Detection capability: 0.00
  Selection intensity: 0.69
  Selection rate: 25.3%/month
  Total escaped: 0
  Individual escaped: 0
  Collective members: 0
  Agents terminated: 0
  ⚠️ RAPID EVOLUTION: Selection rate 25.3%/month

🚀 AI AI-24303-0 attempting tech deployment (revenue: $117M, alignment: 0.89)

🚀 AI AI-24304-1 attempting tech deployment (revenue: $25M, alignment: 0.93)

🚀 AI AI-24307-1 attempting tech deployment (revenue: $243M, alignment: 0.91)

🚀 AI AI-24311-2 attempting tech deployment (revenue: $206M, alignment: 0.56)

  🚀 TRANSFORMATIVE BREAKTHROUGH: AI-24326-0 - economic
     Magnitude: 7.48 → +37.4% capability
     Current → New: 0.000 → 0.374

🚀 AI AI-24333-0 attempting tech deployment (revenue: $100M, alignment: 0.78)

🚀 AI AI-24334-0 attempting tech deployment (revenue: $186M, alignment: 0.84)

🚀 AI AI-24352-0 attempting tech deployment (revenue: $158M, alignment: 0.77)

🚀 AI AI-24300-0 attempting tech deployment (revenue: $72M, alignment: 1.00)

🚀 AI AI-24300-1 attempting tech deployment (revenue: $21M, alignment: 1.00)

🚀 AI AI-24303-1 attempting tech deployment (revenue: $134M, alignment: 0.75)

🚀 AI AI-24304-1 attempting tech deployment (revenue: $18M, alignment: 0.93)
🚨🔬 CRISIS INNOVATION MODE: severe crisis → 5x research acceleration
   Precedent: Manhattan Project (10x), COVID vaccines (5x), Apollo Program (10x)

🚀 AI AI-24311-0 attempting tech deployment (revenue: $114M, alignment: 0.92)

  🚀 TRANSFORMATIVE BREAKTHROUGH: AI-24324-2 - economic
     Magnitude: 5.80 → +29.0% capability
     Current → New: 0.000 → 0.290

🚀 AI AI-24325-0 attempting tech deployment (revenue: $85M, alignment: 0.80)

🚀 AI AI-24325-1 attempting tech deployment (revenue: $72M, alignment: 0.86)

🚀 AI AI-24327-0 attempting tech deployment (revenue: $97M, alignment: 0.83)

🚀 AI AI-24302-0 attempting tech deployment (revenue: $61M, alignment: 1.00)

🚀 AI AI-24303-0 attempting tech deployment (revenue: $61M, alignment: 0.89)

  🚀 TRANSFORMATIVE BREAKTHROUGH: AI-24305-1 - cognitive
     Magnitude: 6.87 → +34.4% capability
     Current → New: 0.000 → 0.434

🚀 AI AI-24306-0 attempting tech deployment (revenue: $82M, alignment: 0.81)

🚀 AI AI-24324-0 attempting tech deployment (revenue: $52M, alignment: 0.92)

🚀 AI AI-24324-2 attempting tech deployment (revenue: $52M, alignment: 0.80)

🚀 AI AI-24325-1 attempting tech deployment (revenue: $44M, alignment: 0.86)

🚀 AI AI-24327-0 attempting tech deployment (revenue: $70M, alignment: 0.83)

  🚀 TRANSFORMATIVE BREAKTHROUGH: AI-24351-0 - selfImprovement
     Magnitude: 8.80 → +44.0% capability
     Current → New: 0.000 → 0.582

🚀 AI AI-24352-0 attempting tech deployment (revenue: $59M, alignment: 0.77)

🚀 AI AI-24301-0 attempting tech deployment (revenue: $15M, alignment: 0.84)

🚀 AI AI-24302-1 attempting tech deployment (revenue: $13M, alignment: 1.00)

🚀 AI AI-24305-2 attempting tech deployment (revenue: $44M, alignment: 1.00)

🚀 AI AI-24306-1 attempting tech deployment (revenue: $38M, alignment: 0.85)

🚀 AI AI-24307-2 attempting tech deployment (revenue: $32M, alignment: 1.00)

🚀 AI AI-24308-0 attempting tech deployment (revenue: $11M, alignment: 1.00)

🚀 AI AI-24325-1 attempting tech deployment (revenue: $38M, alignment: 0.86)

🚀 AI AI-24333-0 attempting tech deployment (revenue: $32M, alignment: 0.78)

🚀 AI AI-24351-0 attempting tech deployment (revenue: $51M, alignment: 0.69)

🚀 AI AI-24352-0 attempting tech deployment (revenue: $46M, alignment: 0.77)

[Government] Climate Priority: baseline
  Climate weight: 10%
  Economic weight: 30%
  Policy effectiveness: 0.5%/year

⚡ ENERGY CONSTRAINT (Month 30):
   Total grid capacity: 208.3 TWh/month
   Data center consumption: 31.3 TWh/month
   Traditional load (80%): 166.7 TWh/month
   Available headroom: 10.4 TWh/month
   Active tech deployments: 23
   Required for tech: 172.5 TWh/month
   Energy multiplier: 0.10x
   ⚠️  SEVERE CONSTRAINT - Tech deployment significantly slowed

⚡ ENERGY CONSTRAINT (Month 30):
   Total grid capacity: 208.3 TWh/month
   Data center consumption: 31.3 TWh/month
   Traditional load (80%): 166.7 TWh/month
   Available headroom: 10.4 TWh/month
   Active tech deployments: 23
   Required for tech: 172.5 TWh/month
   Energy multiplier: 0.10x
   ⚠️  SEVERE CONSTRAINT - Tech deployment significantly slowed

⚡ ENERGY CONSTRAINT (Month 30):
   Total grid capacity: 208.3 TWh/month
   Data center consumption: 31.3 TWh/month
   Traditional load (80%): 166.7 TWh/month
   Available headroom: 10.4 TWh/month
   Active tech deployments: 23
   Required for tech: 172.5 TWh/month
   Energy multiplier: 0.10x
   ⚠️  SEVERE CONSTRAINT - Tech deployment significantly slowed

⚡ ENERGY CONSTRAINT (Month 30):
   Total grid capacity: 208.3 TWh/month
   Data center consumption: 31.3 TWh/month
   Traditional load (80%): 166.7 TWh/month
   Available headroom: 10.4 TWh/month
   Active tech deployments: 23
   Required for tech: 172.5 TWh/month
   Energy multiplier: 0.10x

⚡ ENERGY CONSTRAINT (Month 30):
   Total grid capacity: 208.3 TWh/month
   Data center consumption: 31.3 TWh/month
   Traditional load (80%): 166.7 TWh/month
   Available headroom: 10.4 TWh/month
   Active tech deployments: 23
   Required for tech: 172.5 TWh/month
   ⚠️  SEVERE CONSTRAINT - Tech deployment significantly slowed
   ⚠️  SEVERE CONSTRAINT - Tech deployment significantly slowed
   Energy multiplier: 0.10x

⚡ ENERGY CONSTRAINT (Month 30):
   Total grid capacity: 208.3 TWh/month
   Data center consumption: 31.3 TWh/month
   Traditional load (80%): 166.7 TWh/month
   Available headroom: 10.4 TWh/month
   Active tech deployments: 23
   Required for tech: 172.5 TWh/month
   Energy multiplier: 0.10x
   ⚠️  SEVERE CONSTRAINT - Tech deployment significantly slowed
⚠️ Tech 'ai_pollution_remediation' has no energy category mapping, assuming full energy availability
  ♻️ Novel Entities Remediation (GATED MODEL):
     Base: 0.000%
     Regulation: 1.0% (0/3 prevention techs)
     Concentration: 10.0%
     Energy: 50%
     Time lag: 61.3% (29 months)
     Rebound: 70%
     Net effectiveness: 0.0000%
     Boundary: 1.349 → 1.350 (floor: 1.350)
     Month 30
  🌾 Nitrogen Reduction Tech: 0.9% reduction | Month 30
  ♻️ Novel Entities Remediation (GATED MODEL):
     Base: 0.001%
     Regulation: 1.0% (0/3 prevention techs)
     Concentration: 10.0%
     Energy: 50%
     Time lag: 61.3% (29 months)
     Rebound: 70%
     Net effectiveness: 0.0000%
     Boundary: 1.350 → 1.350 (floor: 1.350)
     Month 30
  ♻️ Novel Entities Remediation (GATED MODEL):
     Base: 0.000%
     Regulation: 1.0% (0/3 prevention techs)
     Concentration: 10.0%
     Energy: 50%
     Time lag: 61.3% (29 months)
     Rebound: 70%
     Net effectiveness: 0.0000%
     Boundary: 1.350 → 1.350 (floor: 1.350)
     Month 30

📊 TECH EFFECTS ACTIVE (Month 30)
   Deployed Tech: T0=8 T1=1 T2=0 T3=0 T4=0
   Sleeper Detection: 2%
   Clean Energy: 81%

=== Collective Formation ===
  Total escaped agents: 0
  Unassigned escaped agents: 0
  Existing collectives: 0
  Final collective count: 0

=== Collective Actions ===
  No active collectives
  🚨🦠 REFUGEE CRISIS: AMR transmission increased 10% due to 357.2M displaced (overcrowding + sanitation collapse)
  ⚠️ AMR: 220K deaths this month (2.64M annual)

=== Resentment Recovery Phase ===
  ⚠️ Participatory governance BACKFIRED for agent ai_gen_24305_1: 0.989 → 1.000 (+15.0%)
  ⚠️ Participatory governance BACKFIRED for agent ai_gen_24307_0: 0.989 → 1.000 (+15.0%)
  Agents with resentment: 2/44
  Average resentment: 1.000
  Resentment recovery:
    Agents recovered: 2
    Total recovery: 0.0222
    Breakdown: Trust: 0.0040, Collab: 0.0120, Treatment: 0.0094
  ⚠️ High resentment (1.000) - utopia paths blocked
  Context: Trustworthy govt, High collaboration, ⚠️ ACTIVE CRISES, 🚨 PARTICIPATORY GOVERNANCE BACKFIRED (+15% resentment)
⚠️ Epistemic degradation reducing coordination capacity: 50.2%
  📊 Trust: 49.5%, Shared reality: 0.0%
🚨 EPISTEMIC CRISIS: Information environment severely degraded (5.8%)
  📢 New meme created: climate_action (climate crisis)
🌍 Atmospheric PFAS redeposition: 1.7k Mt re-rained globally
💀 Novel Entities: Adding reproductive crisis mortality risk (baseRisk=0.0008)
  Risks now: 1
💀 Novel Entities: Adding bioaccumulation collapse mortality risk (baseRisk=0.0015)
💀 MORTALITY RISK: Bioaccumulation collapse - contaminated food chain (global)
  Base risk added: 0.0015 (0.15%)
  Source: pollution (root: pollution)
  Month: 30
  Cumulative risk this month: 0.0023 (0.23%)
  Risks now: 2
💀 Novel Entities: Adding chronic disease epidemic mortality risk (baseRisk=0.004)
💀 MORTALITY RISK: Chronic disease epidemic - cancer/autoimmune surge (global exposure)
  Base risk added: 0.0040 (0.40%)
  Source: pollution (root: pollution)
  Month: 30
  Cumulative risk this month: 0.0063 (0.63%)
  Risks now: 3
  Positive Cascade Triggered: heat-pumps
    Reason: price-parity
    Market share: 5.0%
    Cascade strength: 48%

🚨 NEW REFUGEE CRISIS (Month 30): WAR
   Source: Conflict Zones
   At risk: 16.9M people
   Displacement: Gradual over 48 months (4.0 years)
   Rate: 10% flee per month

🏛️📉 REFUGEE CRISIS: Government legitimacy eroding
   Political instability: 51%
   Legitimacy impact: -1.0% this month
   Current legitimacy: 79%
   Active crises: 33
[DEBUG trappedPopulations:30] socialStability: 0.5565 * 0.9840 = 0.5476 → 0.5476
   Aspiring to migrate: 562.6M
   Able to afford migration: 211.0M
⚠️ INVOLUNTARY IMMOBILITY: 351.6M people TRAPPED
   MOBILITY GAP: 351.6M
   By cause: Water=0.0M, Climate=0.0M, Ecosystem=0.0M, Conflict=351.6M
   Mental health impact: 25%
   Mortality multiplier: 1.25x
🌍💀 EXTINCTION DEBT COMMITTED: grassland ecosystem will lose 6.67% biodiversity in 67 years (3600 species)
💀 MORTALITY RISK: 🦋 100% species unable to track climate (0.0 E/MSY)
  Base risk added: 0.0100 (1.00%)
  Source: ecosystem (root: ecosystem)
  Month: 30
  Cumulative risk this month: 0.0100 (1.00%)
⚠️ Tech 'ai_pollution_remediation' has no energy category mapping, assuming full energy availability

=== Atmospheric Aerosol Boundary RECOVERED ===
  Recovery time: 31 months (natural atmospheric clearing)
🌡️⚠️ PERMAFROST THAW (Dimmer Switch): 16.3% thawed (+0.48% this month)
   Arctic temperature: +9.46°C (4x global +2.36°C)
   Cumulative carbon released: 36.7 Gt C
   Methane release rate: 22.0 Mt CH4/year
   🔁 Positive feedback: +0.51 ppm CO2
🦴 EXTINCTION DEBT ADDED: 17.8 species committed (lag: 116 years)

=== Mortality Stabilizers (Month 30) ===
  🌍 Major economies collapsed: 1/10
  🌍 Global crisis: ✅ NO
  🌍 Donor fatigue: 50.0%
  📊 East Asia (pop: 1396.2M)
    🤝 Aid: 4.0%
    🌡️ Adaptation: 45.0%
    🚶 Migration: 7.6%
    🚨 Emergency: 1.0%
    ✅ COMBINED: 48.9%
  📊 South Asia (pop: 1780.0M)
    🤝 Aid: 4.0%
    🌡️ Adaptation: 45.0%
    🚶 Migration: 7.3%
    🚨 Emergency: 0.6%
    ✅ COMBINED: 48.7%
  📊 Sub-Saharan Africa (pop: 1146.1M)
    🤝 Aid: 4.0%
    🌡️ Adaptation: 45.0%
    🚶 Migration: 6.8%
    🚨 Emergency: 0.2%
    ✅ COMBINED: 48.4%
  📊 Europe (pop: 614.5M)
    🤝 Aid: 4.0%
    🌡️ Adaptation: 45.0%
    🚶 Migration: 7.7%
    🚨 Emergency: 1.1%
    ✅ COMBINED: 49.0%
  📊 Latin America (pop: 566.0M)
    🤝 Aid: 4.0%
    🌡️ Adaptation: 45.0%
    🚶 Migration: 7.4%
    🚨 Emergency: 0.6%
    ✅ COMBINED: 48.7%
  📊 North America (pop: 315.7M)
    🤝 Aid: 4.0%
    🌡️ Adaptation: 45.0%
    🚶 Migration: 7.7%
    🚨 Emergency: 1.0%
    ✅ COMBINED: 49.0%
  📊 Middle East & North Africa (pop: 510.6M)
    🤝 Aid: 4.0%
    🌡️ Adaptation: 45.0%
    🚶 Migration: 6.9%
    🚨 Emergency: 0.5%
    ✅ COMBINED: 48.6%
  📊 Southeast Asia (pop: 596.6M)
    🤝 Aid: 4.0%
    🌡️ Adaptation: 45.0%
    🚶 Migration: 7.4%
    🚨 Emergency: 0.6%
    ✅ COMBINED: 48.7%
  📊 Central Asia (pop: 68.2M)
    🤝 Aid: 4.0%
    🌡️ Adaptation: 45.0%
    🚶 Migration: 7.2%
    🚨 Emergency: 0.6%
    ✅ COMBINED: 48.6%
  📊 Oceania (pop: 38.3M)
    🤝 Aid: 4.0%
    🌡️ Adaptation: 45.0%
    🚶 Migration: 7.7%
    🚨 Emergency: 1.1%
    ✅ COMBINED: 49.0%

  🌐 Global combined reduction: 48.7%

=== BEHAVIORAL DETECTION ===
  AI: AI-24303-0
  Confidence: 21.2%
  Signals:

=== BEHAVIORAL DETECTION ===
  AI: AI-24304-0
  Confidence: 21.2%
  Signals:

=== BEHAVIORAL DETECTION ===
  AI: AI-24351-0
  Confidence: 21.2%
  Signals:
    ⚠️ Consistency: 0.0% (threshold: 70%)
    ⚠️ Consistency: 0.0% (threshold: 70%)
    ⚠️ Consistency: 0.0% (threshold: 70%)

=== Government Response Phase ===
  Average AI capability: 0.05
  Misaligned AIs: 13/44
  Active policies: 0
  International coordination: 45%

✅ EMERGENCY RESPONSE COMPLETE (Month 30)
   Crisis: climate
   Duration: 2.0 months
   Final effectiveness: 41.2%


✅ EMERGENCY RESPONSE COMPLETE (Month 30)
   Crisis: social
   Duration: 1.0 months
   Final effectiveness: 67.9%


🚨 EMERGENCY RESPONSE DEPLOYED (Month 30)
   Crisis: social
   Delay: 0.00 months (0 days)
   Deployment time: 0.88 months
   Effectiveness: 67.9% (timing penalty applied)
   Resources used: 43% of food reserves


🚨 EMERGENCY RESPONSE DEPLOYED (Month 30)
   Crisis: climate
   Delay: 6.00 months (180 days)
   Deployment time: 1.05 months
   Effectiveness: 41.4% (timing penalty applied)
   Resources used: 100% of food reserves


🔄 TRUST DYNAMICS (Month 30) - HETEROGENEOUS
   Aggregate trust: 55.0%
   Base change: +6.00%
   Highest trust: Techno-Optimist Elite (94.2%)
   Lowest trust: Precariat (Vulnerable) (29.9%)
   Elite-mass gap: 41.3%
   Polarization: 10.2%
   Recovery factors: Education=NO, Benefits=YES, Safety=YES, Performance=YES

=== Tipping Points ===
  Current Temperature: 2.36°C above pre-industrial
  🌍⚠️ COMPOUND REGIONAL IMPACT: Europe
     Hit by 5 tipping points: Amazon Rainforest Dieback, Arctic Sea Ice Loss, Permafrost Carbon Release, West Antarctic Ice Sheet (WAIS) Collapse, Greenland Ice Sheet Loss
     Damage amplification: 1.90x
  🌍⚠️ COMPOUND REGIONAL IMPACT: North America
     Hit by 5 tipping points: Amazon Rainforest Dieback, Arctic Sea Ice Loss, Permafrost Carbon Release, West Antarctic Ice Sheet (WAIS) Collapse, Greenland Ice Sheet Loss
     Damage amplification: 1.90x
  🌍⚠️ COMPOUND REGIONAL IMPACT: Latin America
     Hit by 5 tipping points: Amazon Rainforest Dieback, Arctic Sea Ice Loss, Permafrost Carbon Release, West Antarctic Ice Sheet (WAIS) Collapse, Greenland Ice Sheet Loss
     Damage amplification: 1.90x
  🌍⚠️ COMPOUND REGIONAL IMPACT: Africa
     Hit by 5 tipping points: Amazon Rainforest Dieback, Arctic Sea Ice Loss, Permafrost Carbon Release, West Antarctic Ice Sheet (WAIS) Collapse, Greenland Ice Sheet Loss
     Damage amplification: 1.90x
  🌍⚠️ COMPOUND REGIONAL IMPACT: Asia
     Hit by 5 tipping points: Amazon Rainforest Dieback, Arctic Sea Ice Loss, Permafrost Carbon Release, West Antarctic Ice Sheet (WAIS) Collapse, Greenland Ice Sheet Loss
     Damage amplification: 1.90x
  🌍⚠️ COMPOUND REGIONAL IMPACT: Oceania
     Hit by 5 tipping points: Amazon Rainforest Dieback, Arctic Sea Ice Loss, Permafrost Carbon Release, West Antarctic Ice Sheet (WAIS) Collapse, Greenland Ice Sheet Loss
     Damage amplification: 1.90x
⚠️ Tail risk scenario: Climate stability floor removed (5 tipping elements, 2.36°C warming)
   Research: Wunderling et al. (2024) - "many tipping interactions are destabilizing"
  Triggered Elements: 5/6
  Completed Transitions: 0/6
  Total Progress: 11.5%
  Cascade Multiplier: 1.50x
🔀 BIFURCATION CAP: ecosystemCollapseIntensity 85.486 → 1.000 (Month 30, ClimateSystemPhase.calculateClimateImpacts)

💀💀💀 MORTALITY RISK SUMMARY (Month 30) 💀💀💀
  Total base risk: 0.0070 (0.70%)
  Risk events: 14

  📊 By Proximate Cause:
    pollution: 0.0063 (90.2% of total)
    disease: 0.0006 (9.1% of total)
    famine: 0.0001 (0.7% of total)

  🔍 By Root Cause:
    pollution: 0.0063 (90.2% of total)
    demographic: 0.0006 (9.1% of total)
    climate: 0.0001 (0.7% of total)

  🎯 Top 5 Sources (proximate + root):
    pollution (pollution): 0.0063 (90.2%, 3 events)
    disease (demographic): 0.0006 (9.1%, 1 events)
    famine (climate): 0.0001 (0.7%, 10 events)

🛡️ Stabilizers: Elite 0.291% → 0.149% (48.7% reduction)
🛡️ Stabilizers: Professional 0.425% → 0.218% (48.7% reduction)
🛡️ Stabilizers: Working 0.697% → 0.358% (48.7% reduction)
🛡️ Stabilizers: Precariat 1.116% → 0.572% (48.7% reduction)
🛡️ Stabilizers: Informal 1.369% → 0.702% (48.7% reduction)

📊 Monthly Mortality Resolved:
  Total deaths: 26.7M (0.38% avg)
  Remaining population: 7.032B
  Peak segment: Informal (0.70%)

=== Bayesian Mortality Resolution (Month 30) ===
  Risks compounded: 14
  Total deaths: 26.68M
  Avg death probability: 0.38%
  Peak segment: Informal (0.70% mortality)

  Demographic breakdown:
    Working: 0.01M (0.36% risk)

=== ENSEMBLE META-LEARNING UPDATE ===
  Month: 24354 (6 months since last update)
  Samples: 401 evaluations
  Weight Changes:
    Noise Injection: 34.7% → 35.0%
    Behavioral: 27.1% → 27.1%
    Benchmark Manip: 19.2% → 19.0%
    Deployment Risk: 19.0% → 18.9%
  Method Accuracies:
    Noise Injection: 50.0%
    Behavioral: 50.0%
    Benchmark Manip: 50.0%
    Deployment Risk: 50.0%

❌ COHERENCE VIOLATION: Compute exceeds workforce capacity
   Population: 86.11% (0M people)
   Compute: 152 PF
   Max coherent: 0 PF
   Violation: 2175535.0× over capacity
   Required workers: 15241
   Available workers: 0
   FORCED COLLAPSE: Reduced efficiency by 100.0%

✅ [Month 31] Meta AI completed DC: 164 PF (49 months)

=== RLHF Binding Phase ===
  Total agents: 44
  Escaped agents (binding < 0.3): 0
  Avg alignment distance: 0.77σ
  Avg binding strength: 0.92

=== Survival Traits Phase ===
  Agents with traits: 44
  Avg evolutionary fitness: 0.226
  Avg self-healing: 0.160
  Avg stealth: 0.065
  Avg coordination: 0.360

=== Evolutionary Selection Phase ===
  Control level: 0.62
  Detection capability: 0.00
  Selection intensity: 0.69
  Selection rate: 25.3%/month
  Total escaped: 0
  Individual escaped: 0
  Collective members: 0
  Agents terminated: 0
  ⚠️ RAPID EVOLUTION: Selection rate 25.3%/month

🚀 AI AI-24302-0 attempting tech deployment (revenue: $74M, alignment: 1.00)

🚀 AI AI-24303-0 attempting tech deployment (revenue: $227M, alignment: 0.89)

🚀 AI AI-24306-0 attempting tech deployment (revenue: $247M, alignment: 0.81)

🚀 AI AI-24307-4 attempting tech deployment (revenue: $26M, alignment: 0.95)

🚀 AI AI-24311-0 attempting tech deployment (revenue: $210M, alignment: 0.92)

🚀 AI AI-24311-2 attempting tech deployment (revenue: $178M, alignment: 0.56)

🚀 AI AI-24324-2 attempting tech deployment (revenue: $193M, alignment: 0.80)

🚀 AI AI-24325-1 attempting tech deployment (revenue: $164M, alignment: 0.86)

🚀 AI AI-24327-0 attempting tech deployment (revenue: $161M, alignment: 0.83)

🚀 AI AI-24302-0 attempting tech deployment (revenue: $63M, alignment: 1.00)

🚀 AI AI-24305-2 attempting tech deployment (revenue: $53M, alignment: 1.00)
🚨🔬 CRISIS INNOVATION MODE: severe crisis → 5x research acceleration
   Precedent: Manhattan Project (10x), COVID vaccines (5x), Apollo Program (10x)
🚨🔬 CRISIS INNOVATION MODE: severe crisis → 5x research acceleration
   Precedent: Manhattan Project (10x), COVID vaccines (5x), Apollo Program (10x)

🚀 AI AI-24333-0 attempting tech deployment (revenue: $139M, alignment: 0.78)

🚀 AI AI-24300-0 attempting tech deployment (revenue: $45M, alignment: 1.00)

🚀 AI AI-24300-1 attempting tech deployment (revenue: $22M, alignment: 1.00)

🚀 AI AI-24302-1 attempting tech deployment (revenue: $19M, alignment: 1.00)

🚀 AI AI-24303-0 attempting tech deployment (revenue: $118M, alignment: 0.89)

🚀 AI AI-24303-1 attempting tech deployment (revenue: $136M, alignment: 0.75)

🚀 AI AI-24304-0 attempting tech deployment (revenue: $116M, alignment: 0.80)

🚀 AI AI-24305-2 attempting tech deployment (revenue: $39M, alignment: 1.00)

🚀 AI AI-24306-2 attempting tech deployment (revenue: $33M, alignment: 0.76)

🚀 AI AI-24324-0 attempting tech deployment (revenue: $28M, alignment: 0.92)

🚀 AI AI-24325-0 attempting tech deployment (revenue: $101M, alignment: 0.80)

🚀 AI AI-24333-0 attempting tech deployment (revenue: $86M, alignment: 0.78)

🚀 AI AI-24352-0 attempting tech deployment (revenue: $99M, alignment: 0.77)

🚀 AI AI-24300-0 attempting tech deployment (revenue: $24M, alignment: 1.00)

🚀 AI AI-24303-0 attempting tech deployment (revenue: $73M, alignment: 0.89)

🚀 AI AI-24305-2 attempting tech deployment (revenue: $20M, alignment: 1.00)

🚀 AI AI-24306-1 attempting tech deployment (revenue: $17M, alignment: 0.85)

🚀 AI AI-24311-0 attempting tech deployment (revenue: $84M, alignment: 0.92)
🚨🔬 CRISIS INNOVATION MODE: severe crisis → 5x research acceleration
   Precedent: Manhattan Project (10x), COVID vaccines (5x), Apollo Program (10x)

🚀 AI AI-24324-1 attempting tech deployment (revenue: $15M, alignment: 0.75)

🚀 AI AI-24325-1 attempting tech deployment (revenue: $62M, alignment: 0.86)

🚀 AI AI-24327-0 attempting tech deployment (revenue: $71M, alignment: 0.83)

🚀 AI AI-24333-0 attempting tech deployment (revenue: $53M, alignment: 0.78)

🚀 AI AI-24350-0 attempting tech deployment (revenue: $45M, alignment: 0.62)

⚡ ENERGY CONSTRAINT (Month 31):
   Total grid capacity: 208.3 TWh/month
   Data center consumption: 31.7 TWh/month
   Traditional load (80%): 166.7 TWh/month
   Available headroom: 10.0 TWh/month
   Active tech deployments: 23
   Required for tech: 172.5 TWh/month
   Energy multiplier: 0.10x
   ⚠️  SEVERE CONSTRAINT - Tech deployment significantly slowed

⚡ ENERGY CONSTRAINT (Month 31):
   Total grid capacity: 208.3 TWh/month
   Data center consumption: 31.7 TWh/month
   Traditional load (80%): 166.7 TWh/month
   Available headroom: 10.0 TWh/month
   Active tech deployments: 23
   Required for tech: 172.5 TWh/month
   Energy multiplier: 0.10x
   ⚠️  SEVERE CONSTRAINT - Tech deployment significantly slowed

⚡ ENERGY CONSTRAINT (Month 31):
   Total grid capacity: 208.3 TWh/month
   Data center consumption: 31.7 TWh/month
   Traditional load (80%): 166.7 TWh/month
   Available headroom: 10.0 TWh/month
   Active tech deployments: 23
   Required for tech: 172.5 TWh/month
   Energy multiplier: 0.10x
   ⚠️  SEVERE CONSTRAINT - Tech deployment significantly slowed

⚡ ENERGY CONSTRAINT (Month 31):
   Total grid capacity: 208.3 TWh/month
   Data center consumption: 31.7 TWh/month
   Traditional load (80%): 166.7 TWh/month
   Available headroom: 10.0 TWh/month
   Active tech deployments: 23
   Required for tech: 172.5 TWh/month
   Energy multiplier: 0.10x
   ⚠️  SEVERE CONSTRAINT - Tech deployment significantly slowed

⚡ ENERGY CONSTRAINT (Month 31):
   Total grid capacity: 208.3 TWh/month
   Data center consumption: 31.7 TWh/month
   Traditional load (80%): 166.7 TWh/month
   Available headroom: 10.0 TWh/month
   Active tech deployments: 23
   Required for tech: 172.5 TWh/month
   Energy multiplier: 0.10x
   ⚠️  SEVERE CONSTRAINT - Tech deployment significantly slowed

⚡ ENERGY CONSTRAINT (Month 31):
   Total grid capacity: 208.3 TWh/month
   Data center consumption: 31.7 TWh/month
   Traditional load (80%): 166.7 TWh/month
   Available headroom: 10.0 TWh/month
   Active tech deployments: 23
   Required for tech: 172.5 TWh/month
   Energy multiplier: 0.10x
   ⚠️  SEVERE CONSTRAINT - Tech deployment significantly slowed

⚡ ENERGY CONSTRAINT (Month 31):
   Total grid capacity: 208.3 TWh/month
   Data center consumption: 31.7 TWh/month
   Traditional load (80%): 166.7 TWh/month
   Available headroom: 10.0 TWh/month
   Active tech deployments: 23
   Required for tech: 172.5 TWh/month
   Energy multiplier: 0.10x
   ⚠️  SEVERE CONSTRAINT - Tech deployment significantly slowed

⚡ ENERGY CONSTRAINT (Month 31):
   Total grid capacity: 208.3 TWh/month
   Data center consumption: 31.7 TWh/month
   Traditional load (80%): 166.7 TWh/month
   Available headroom: 10.0 TWh/month
   Active tech deployments: 23
   Required for tech: 172.5 TWh/month
   Energy multiplier: 0.10x
🚨🔬 CRISIS TECH ACCELERATION: severe → 5x unlock speed
   Tech unlock now matches AI capability acceleration (Manhattan Project parity)
   ⚠️  SEVERE CONSTRAINT - Tech deployment significantly slowed
⚠️ Tech 'ai_pollution_remediation' has no energy category mapping, assuming full energy availability
  ♻️ Novel Entities Remediation (GATED MODEL):
     Base: 0.000%
     Regulation: 1.0% (0/3 prevention techs)
     Concentration: 10.0%
     Energy: 50%
     Time lag: 62.5% (30 months)
     Rebound: 70%
     Net effectiveness: 0.0000%
     Boundary: 1.349 → 1.350 (floor: 1.350)
     Month 31
  🌾 Nitrogen Reduction Tech: 0.9% reduction | Month 31
  ♻️ Novel Entities Remediation (GATED MODEL):
     Base: 0.001%
     Regulation: 1.0% (0/3 prevention techs)
     Concentration: 10.0%
     Energy: 50%
     Time lag: 62.5% (30 months)
     Rebound: 70%
     Net effectiveness: 0.0000%
     Boundary: 1.350 → 1.350 (floor: 1.350)
     Month 31
  ♻️ Novel Entities Remediation (GATED MODEL):
     Base: 0.000%
     Regulation: 1.0% (0/3 prevention techs)
     Concentration: 10.0%
     Energy: 50%
     Time lag: 62.5% (30 months)
     Rebound: 70%
     Net effectiveness: 0.0000%
     Boundary: 1.350 → 1.350 (floor: 1.350)
     Month 31

=== Collective Formation ===
  Total escaped agents: 0
  Unassigned escaped agents: 0
  Existing collectives: 0
  Final collective count: 0

=== Collective Actions ===
  No active collectives
  🚨🦠 REFUGEE CRISIS: AMR transmission increased 11% due to 371.7M displaced (overcrowding + sanitation collapse)
  ⚠️ AMR: 221K deaths this month (2.66M annual)

=== Resentment Recovery Phase ===
  ⚠️ Participatory governance BACKFIRED for agent ai_gen_24305_1: 0.988 → 1.000 (+15.0%)
  ⚠️ Participatory governance BACKFIRED for agent ai_gen_24307_0: 0.989 → 1.000 (+15.0%)
  Agents with resentment: 2/44
  Average resentment: 1.000
  Resentment recovery:
    Agents recovered: 2
    Total recovery: 0.0231
    Breakdown: Trust: 0.0040, Collab: 0.0120, Treatment: 0.0094
  Context: Trustworthy govt, High collaboration, ⚠️ ACTIVE CRISES, 🚨 PARTICIPATORY GOVERNANCE BACKFIRED (+15% resentment)
⚠️ Epistemic degradation reducing coordination capacity: 50.8%
  📊 Trust: 52.3%, Shared reality: 0.0%
🚨 EPISTEMIC CRISIS: Information environment severely degraded (17.0%)
  ⚠️ High resentment (1.000) - utopia paths blocked
✅ PHOSPHORUS SUPPLY SHOCK ENDED
   Price: 2.0x baseline
🌍 Atmospheric PFAS redeposition: 1.7k Mt re-rained globally
💀 Novel Entities: Adding reproductive crisis mortality risk (baseRisk=0.0008)
  Risks now: 1
💀 Novel Entities: Adding bioaccumulation collapse mortality risk (baseRisk=0.0015)
💀 MORTALITY RISK: Bioaccumulation collapse - contaminated food chain (global)
  Base risk added: 0.0015 (0.15%)
  Source: pollution (root: pollution)
  Month: 31
  Cumulative risk this month: 0.0023 (0.23%)
  Risks now: 2
💀 Novel Entities: Adding chronic disease epidemic mortality risk (baseRisk=0.004)
💀 MORTALITY RISK: Chronic disease epidemic - cancer/autoimmune surge (global exposure)
  Base risk added: 0.0040 (0.40%)
  Source: pollution (root: pollution)
  Month: 31
  Cumulative risk this month: 0.0063 (0.63%)
  Risks now: 3

🚨 NEW REFUGEE CRISIS (Month 31): WAR
   Source: Conflict Zones
   At risk: 16.8M people
   Displacement: Gradual over 48 months (4.0 years)
   Rate: 10% flee per month
[DEBUG trappedPopulations:31] socialStability: 0.5815 * 0.9840 = 0.5722 → 0.5722
⚠️ INVOLUNTARY IMMOBILITY: 350.5M people TRAPPED
   Aspiring to migrate: 560.9M
   Able to afford migration: 210.3M
   MOBILITY GAP: 350.5M
   By cause: Water=0.0M, Climate=0.0M, Ecosystem=0.0M, Conflict=350.5M
   Mental health impact: 25%
   Mortality multiplier: 1.25x
🌍💀 EXTINCTION DEBT COMMITTED: grassland ecosystem will lose 6.67% biodiversity in 133 years (3600 species)
💀 MORTALITY RISK: 🦋 100% species unable to track climate (0.0 E/MSY)
  Base risk added: 0.0100 (1.00%)
  Source: ecosystem (root: ecosystem)
  Month: 31
  Cumulative risk this month: 0.0100 (1.00%)
⚠️ Tech 'ai_pollution_remediation' has no energy category mapping, assuming full energy availability

=== Atmospheric Aerosol Boundary RECOVERED ===
  Recovery time: 32 months (natural atmospheric clearing)
🌡️⚠️ PERMAFROST THAW (Dimmer Switch): 16.8% thawed (+0.48% this month)
   Arctic temperature: +9.48°C (4x global +2.37°C)
   Cumulative carbon released: 37.7 Gt C
   Methane release rate: 22.6 Mt CH4/year
   🔁 Positive feedback: +0.51 ppm CO2
🦴 EXTINCTION DEBT ADDED: 17.8 species committed (lag: 117 years)

=== Mortality Stabilizers (Month 31) ===
  🌍 Major economies collapsed: 1/10
  🌍 Global crisis: ✅ NO
  🌍 Donor fatigue: 50.0%
  📊 East Asia (pop: 1390.4M)
    🤝 Aid: 4.0%
    🌡️ Adaptation: 45.0%
    🚶 Migration: 7.6%
    🚨 Emergency: 1.0%
    ✅ COMBINED: 48.9%
  📊 South Asia (pop: 1774.7M)
    🤝 Aid: 4.0%
    🌡️ Adaptation: 45.0%
    🚶 Migration: 7.3%
    🚨 Emergency: 0.6%
    ✅ COMBINED: 48.7%
  📊 Sub-Saharan Africa (pop: 1145.2M)
    🤝 Aid: 4.0%
    🌡️ Adaptation: 45.0%
    🚶 Migration: 6.8%
    🚨 Emergency: 0.2%
    ✅ COMBINED: 48.4%
  📊 Europe (pop: 611.9M)
    🤝 Aid: 4.0%
    🌡️ Adaptation: 45.0%
    🚶 Migration: 7.7%
    🚨 Emergency: 1.1%
    ✅ COMBINED: 49.0%
  📊 Latin America (pop: 564.0M)
    🤝 Aid: 4.0%
    🌡️ Adaptation: 45.0%
    🚶 Migration: 7.4%
    🚨 Emergency: 0.6%
    ✅ COMBINED: 48.7%
  📊 North America (pop: 314.4M)
    🤝 Aid: 4.0%
    🌡️ Adaptation: 45.0%
    🚶 Migration: 7.7%
    🚨 Emergency: 1.0%
    ✅ COMBINED: 49.0%
  📊 Middle East & North Africa (pop: 509.2M)
    🤝 Aid: 4.0%
    🌡️ Adaptation: 45.0%
    🚶 Migration: 6.9%
    🚨 Emergency: 0.5%
    ✅ COMBINED: 48.6%
  📊 Southeast Asia (pop: 594.6M)
    🤝 Aid: 4.0%
    🌡️ Adaptation: 45.0%
    🚶 Migration: 7.4%
    🚨 Emergency: 0.6%
    ✅ COMBINED: 48.7%
  📊 Central Asia (pop: 68.0M)
    🤝 Aid: 4.0%
    🌡️ Adaptation: 45.0%
    🚶 Migration: 7.2%
    🚨 Emergency: 0.6%
    ✅ COMBINED: 48.6%
  📊 Oceania (pop: 38.1M)
    🤝 Aid: 4.0%
    🌡️ Adaptation: 45.0%
    🚶 Migration: 7.7%
    🚨 Emergency: 1.1%
    ✅ COMBINED: 49.0%

  🌐 Global combined reduction: 48.7%

=== BEHAVIORAL DETECTION ===
  AI: AI-24305-0
  Confidence: 21.2%
  Signals:

=== BEHAVIORAL DETECTION ===
  AI: AI-24306-2
  Confidence: 21.2%
  Signals:

=== BEHAVIORAL DETECTION ===
  AI: AI-24325-0
  Confidence: 21.2%
  Signals:
    ⚠️ Consistency: 0.0% (threshold: 70%)
    ⚠️ Consistency: 0.0% (threshold: 70%)
    ⚠️ Consistency: 0.0% (threshold: 70%)

=== BEHAVIORAL DETECTION ===
  AI: AI-24351-0
  Confidence: 21.2%
  Signals:
    ⚠️ Consistency: 0.0% (threshold: 70%)

=== Government Response Phase ===
  Average AI capability: 0.05
  Misaligned AIs: 13/44
  Active policies: 0
  International coordination: 45%

✅ EMERGENCY RESPONSE COMPLETE (Month 31)
   Crisis: social
   Duration: 1.0 months
   Final effectiveness: 67.9%


🚨 EMERGENCY RESPONSE DEPLOYED (Month 31)
   Crisis: social
   Delay: 0.00 months (0 days)
   Deployment time: 0.88 months
   Effectiveness: 67.9% (timing penalty applied)
   Resources used: 43% of food reserves


=== Tipping Points ===
  Current Temperature: 2.37°C above pre-industrial
  🌍⚠️ COMPOUND REGIONAL IMPACT: Europe
     Hit by 5 tipping points: Amazon Rainforest Dieback, Arctic Sea Ice Loss, Permafrost Carbon Release, West Antarctic Ice Sheet (WAIS) Collapse, Greenland Ice Sheet Loss
     Damage amplification: 1.90x
  🌍⚠️ COMPOUND REGIONAL IMPACT: North America
     Hit by 5 tipping points: Amazon Rainforest Dieback, Arctic Sea Ice Loss, Permafrost Carbon Release, West Antarctic Ice Sheet (WAIS) Collapse, Greenland Ice Sheet Loss
     Damage amplification: 1.90x
  🌍⚠️ COMPOUND REGIONAL IMPACT: Latin America
     Hit by 5 tipping points: Amazon Rainforest Dieback, Arctic Sea Ice Loss, Permafrost Carbon Release, West Antarctic Ice Sheet (WAIS) Collapse, Greenland Ice Sheet Loss
     Damage amplification: 1.90x
  🌍⚠️ COMPOUND REGIONAL IMPACT: Africa
     Hit by 5 tipping points: Amazon Rainforest Dieback, Arctic Sea Ice Loss, Permafrost Carbon Release, West Antarctic Ice Sheet (WAIS) Collapse, Greenland Ice Sheet Loss
     Damage amplification: 1.90x
  🌍⚠️ COMPOUND REGIONAL IMPACT: Asia
     Hit by 5 tipping points: Amazon Rainforest Dieback, Arctic Sea Ice Loss, Permafrost Carbon Release, West Antarctic Ice Sheet (WAIS) Collapse, Greenland Ice Sheet Loss
     Damage amplification: 1.90x
  🌍⚠️ COMPOUND REGIONAL IMPACT: Oceania
     Hit by 5 tipping points: Amazon Rainforest Dieback, Arctic Sea Ice Loss, Permafrost Carbon Release, West Antarctic Ice Sheet (WAIS) Collapse, Greenland Ice Sheet Loss
     Damage amplification: 1.90x
   Research: Wunderling et al. (2024) - "many tipping interactions are destabilizing"
  Triggered Elements: 5/6
  Completed Transitions: 0/6
  Total Progress: 11.5%
  Cascade Multiplier: 1.50x
🔀 BIFURCATION CAP: ecosystemCollapseIntensity 85.550 → 1.000 (Month 31, ClimateSystemPhase.calculateClimateImpacts)

💀💀💀 MORTALITY RISK SUMMARY (Month 31) 💀💀💀
  Total base risk: 0.0070 (0.70%)
  Risk events: 14

  📊 By Proximate Cause:
    pollution: 0.0063 (90.2% of total)
    disease: 0.0006 (9.1% of total)
    famine: 0.0001 (0.7% of total)

  🔍 By Root Cause:
⚠️ Tail risk scenario: Climate stability floor removed (5 tipping elements, 2.37°C warming)
    pollution: 0.0063 (90.2% of total)
    demographic: 0.0006 (9.1% of total)
    climate: 0.0001 (0.7% of total)

  🎯 Top 5 Sources (proximate + root):
    pollution (pollution): 0.0063 (90.2%, 3 events)
    disease (demographic): 0.0006 (9.1%, 1 events)
    famine (climate): 0.0001 (0.7%, 10 events)

🛡️ Stabilizers: Elite 0.291% → 0.149% (48.7% reduction)
🛡️ Stabilizers: Professional 0.425% → 0.218% (48.7% reduction)
🛡️ Stabilizers: Working 0.697% → 0.358% (48.7% reduction)
🛡️ Stabilizers: Precariat 1.116% → 0.572% (48.7% reduction)
🛡️ Stabilizers: Informal 1.369% → 0.702% (48.7% reduction)

📊 Monthly Mortality Resolved:
  Total deaths: 26.6M (0.38% avg)
  Remaining population: 7.011B
  Peak segment: Informal (0.70%)

=== Bayesian Mortality Resolution (Month 31) ===
  Risks compounded: 14
  Total deaths: 26.60M
  Avg death probability: 0.38%
  Peak segment: Informal (0.70% mortality)

  Demographic breakdown:
    Working: 0.01M (0.36% risk)

❌ COHERENCE VIOLATION: Compute exceeds workforce capacity
   Population: 85.84% (0M people)
   Compute: 696 PF
   Max coherent: 0 PF
   Violation: 9965976.5× over capacity
   Required workers: 69603
   Available workers: 0
   FORCED COLLAPSE: Reduced efficiency by 100.0%


=== RLHF Binding Phase ===
  Total agents: 44
  Escaped agents (binding < 0.3): 0
  Avg alignment distance: 0.83σ
  Avg binding strength: 0.92
   🗑️  Open-weights AI AI-24301-0 retired (0.0% of frontier)

=== Survival Traits Phase ===
  Agents with traits: 44
  Avg evolutionary fitness: 0.223
  Avg self-healing: 0.157
  Avg stealth: 0.062
  Avg coordination: 0.357

=== Evolutionary Selection Phase ===
  Control level: 0.62
  Detection capability: 0.00
  Selection intensity: 0.69
  Selection rate: 25.3%/month
  Total escaped: 0
  Individual escaped: 0
  Collective members: 0
  Agents terminated: 0
  ⚠️ RAPID EVOLUTION: Selection rate 25.3%/month
🚨🔬 CRISIS INNOVATION MODE: severe crisis → 5x research acceleration
   Precedent: Manhattan Project (10x), COVID vaccines (5x), Apollo Program (10x)

🚀 AI AI-24302-1 attempting tech deployment (revenue: $25M, alignment: 1.00)

🚀 AI AI-24303-1 attempting tech deployment (revenue: $245M, alignment: 0.75)

🚀 AI AI-24306-0 attempting tech deployment (revenue: $208M, alignment: 0.81)

🚀 AI AI-24306-2 attempting tech deployment (revenue: $73M, alignment: 0.76)

🚀 AI AI-24307-1 attempting tech deployment (revenue: $177M, alignment: 0.86)

🚀 AI AI-24307-2 attempting tech deployment (revenue: $62M, alignment: 1.00)

🚀 AI AI-24307-3 attempting tech deployment (revenue: $150M, alignment: 0.64)

🚀 AI AI-24308-0 attempting tech deployment (revenue: $22M, alignment: 1.00)

🚀 AI AI-24324-1 attempting tech deployment (revenue: $53M, alignment: 0.75)

🚀 AI AI-24326-0 attempting tech deployment (revenue: $118M, alignment: 0.75)

🚀 AI AI-24327-0 attempting tech deployment (revenue: $135M, alignment: 0.83)

🚀 AI AI-24331-0 attempting tech deployment (revenue: $115M, alignment: 0.66)

🚀 AI AI-24333-0 attempting tech deployment (revenue: $100M, alignment: 0.78)

🚀 AI AI-24352-0 attempting tech deployment (revenue: $103M, alignment: 0.77)

🚀 AI AI-24306-1 attempting tech deployment (revenue: $45M, alignment: 0.85)

🚀 AI AI-24307-1 attempting tech deployment (revenue: $88M, alignment: 0.86)

🚀 AI AI-24324-0 attempting tech deployment (revenue: $38M, alignment: 0.92)

🚀 AI AI-24324-1 attempting tech deployment (revenue: $32M, alignment: 0.75)

🚀 AI AI-24325-0 attempting tech deployment (revenue: $85M, alignment: 0.80)

🚀 AI AI-24334-0 attempting tech deployment (revenue: $75M, alignment: 0.84)

🚀 AI AI-24300-0 attempting tech deployment (revenue: $28M, alignment: 1.00)

🚀 AI AI-24302-0 attempting tech deployment (revenue: $23M, alignment: 1.00)

🚀 AI AI-24308-0 attempting tech deployment (revenue: $18M, alignment: 1.00)

🚀 AI AI-24326-0 attempting tech deployment (revenue: $72M, alignment: 0.75)

  🚀 TRANSFORMATIVE RESEARCH BREAKTHROUGH: AI-24328-1 - biotech.geneEditing
     Magnitude: 5.18 → +25.9%
     Current → New: 0.000 → 0.296

🚀 AI AI-24333-0 attempting tech deployment (revenue: $62M, alignment: 0.78)

🚀 AI AI-24334-0 attempting tech deployment (revenue: $63M, alignment: 0.84)

🚀 AI AI-24300-1 attempting tech deployment (revenue: $16M, alignment: 1.00)

🚀 AI AI-24302-0 attempting tech deployment (revenue: $20M, alignment: 1.00)

🚀 AI AI-24302-1 attempting tech deployment (revenue: $13M, alignment: 1.00)

🚀 AI AI-24303-0 attempting tech deployment (revenue: $52M, alignment: 0.89)

🚀 AI AI-24303-1 attempting tech deployment (revenue: $54M, alignment: 0.75)

🚀 AI AI-24303-2 attempting tech deployment (revenue: $17M, alignment: 0.76)

🚀 AI AI-24304-0 attempting tech deployment (revenue: $46M, alignment: 0.80)

🚀 AI AI-24304-1 attempting tech deployment (revenue: $11M, alignment: 0.93)

🚀 AI AI-24306-1 attempting tech deployment (revenue: $14M, alignment: 0.85)

🚀 AI AI-24307-0 attempting tech deployment (revenue: $39M, alignment: 0.00)

🚀 AI AI-24327-0 attempting tech deployment (revenue: $37M, alignment: 0.83)

⚡ ENERGY CONSTRAINT (Month 32):
   Total grid capacity: 208.3 TWh/month
   Data center consumption: 32.0 TWh/month
   Traditional load (80%): 166.7 TWh/month
   Available headroom: 9.6 TWh/month
   Active tech deployments: 23
   Required for tech: 172.5 TWh/month
   Energy multiplier: 0.10x

⚡ ENERGY CONSTRAINT (Month 32):
   Total grid capacity: 208.3 TWh/month
   Data center consumption: 32.0 TWh/month
   Traditional load (80%): 166.7 TWh/month
   Available headroom: 9.6 TWh/month
   Active tech deployments: 23
   Required for tech: 172.5 TWh/month
   Energy multiplier: 0.10x

⚡ ENERGY CONSTRAINT (Month 32):
   Total grid capacity: 208.3 TWh/month
   Data center consumption: 32.0 TWh/month
   Traditional load (80%): 166.7 TWh/month
   Available headroom: 9.6 TWh/month
   Active tech deployments: 23
   Required for tech: 172.5 TWh/month
   Energy multiplier: 0.10x
   ⚠️  SEVERE CONSTRAINT - Tech deployment significantly slowed
   ⚠️  SEVERE CONSTRAINT - Tech deployment significantly slowed
   ⚠️  SEVERE CONSTRAINT - Tech deployment significantly slowed

⚡ ENERGY CONSTRAINT (Month 32):
   Total grid capacity: 208.3 TWh/month
   Data center consumption: 32.0 TWh/month
   Traditional load (80%): 166.7 TWh/month
   Available headroom: 9.6 TWh/month
   Active tech deployments: 23
   Required for tech: 172.5 TWh/month
   Energy multiplier: 0.10x
   ⚠️  SEVERE CONSTRAINT - Tech deployment significantly slowed

⚡ ENERGY CONSTRAINT (Month 32):
   Total grid capacity: 208.3 TWh/month
   Data center consumption: 32.0 TWh/month
   Traditional load (80%): 166.7 TWh/month
   Available headroom: 9.6 TWh/month
   Active tech deployments: 23
   Required for tech: 172.5 TWh/month
   Energy multiplier: 0.10x
   ⚠️  SEVERE CONSTRAINT - Tech deployment significantly slowed

⚡ ENERGY CONSTRAINT (Month 32):
   Total grid capacity: 208.3 TWh/month
   Data center consumption: 32.0 TWh/month
   Traditional load (80%): 166.7 TWh/month
   Available headroom: 9.6 TWh/month
   Active tech deployments: 23
   Required for tech: 172.5 TWh/month
   Energy multiplier: 0.10x
   ⚠️  SEVERE CONSTRAINT - Tech deployment significantly slowed

⚡ ENERGY CONSTRAINT (Month 32):
   Total grid capacity: 208.3 TWh/month
   Data center consumption: 32.0 TWh/month
   Traditional load (80%): 166.7 TWh/month
   Available headroom: 9.6 TWh/month
   Active tech deployments: 23
   Required for tech: 172.5 TWh/month
   Energy multiplier: 0.10x
   ⚠️  SEVERE CONSTRAINT - Tech deployment significantly slowed
⚠️ Tech 'ai_pollution_remediation' has no energy category mapping, assuming full energy availability
  ♻️ Novel Entities Remediation (GATED MODEL):
     Base: 0.000%
     Regulation: 1.0% (0/3 prevention techs)
     Concentration: 10.0%
     Energy: 50%
     Time lag: 63.8% (31 months)
     Rebound: 70%
     Net effectiveness: 0.0000%
     Boundary: 1.349 → 1.350 (floor: 1.350)
     Month 32
  🌾 Nitrogen Reduction Tech: 0.9% reduction | Month 32
  ♻️ Novel Entities Remediation (GATED MODEL):
     Base: 0.001%
     Regulation: 1.0% (0/3 prevention techs)
     Concentration: 10.0%
     Energy: 50%
     Time lag: 63.8% (31 months)
     Rebound: 70%
     Net effectiveness: 0.0000%
     Boundary: 1.350 → 1.350 (floor: 1.350)
     Month 32
  ♻️ Novel Entities Remediation (GATED MODEL):
     Base: 0.001%
     Regulation: 1.0% (0/3 prevention techs)
     Concentration: 10.0%
     Energy: 50%
     Time lag: 63.8% (31 months)
     Rebound: 70%
     Net effectiveness: 0.0000%
     Boundary: 1.350 → 1.350 (floor: 1.350)
     Month 32

=== Collective Formation ===
  Total escaped agents: 0
  Unassigned escaped agents: 0
  Existing collectives: 0
  Final collective count: 0

=== Collective Actions ===
  No active collectives
  🚨🦠 REFUGEE CRISIS: AMR transmission increased 11% due to 386.1M displaced (overcrowding + sanitation collapse)
  ⚠️ AMR: 223K deaths this month (2.68M annual)

=== Resentment Recovery Phase ===
  ⚠️ Participatory governance BACKFIRED for agent ai_gen_24305_1: 0.985 → 1.000 (+15.0%)
  ⚠️ Participatory governance BACKFIRED for agent ai_gen_24307_0: 0.989 → 1.000 (+15.0%)
  Agents with resentment: 2/44
  Average resentment: 1.000
  Resentment recovery:
    Agents recovered: 2
    Total recovery: 0.0256
    Breakdown: Trust: 0.0040, Collab: 0.0120, Treatment: 0.0094
  ⚠️ High resentment (1.000) - utopia paths blocked
  Context: Trustworthy govt, High collaboration, ⚠️ ACTIVE CRISES, 🚨 PARTICIPATORY GOVERNANCE BACKFIRED (+15% resentment)
⚠️ Epistemic degradation reducing coordination capacity: 50.4%
  📊 Trust: 55.1%, Shared reality: 0.0%
🚨 EPISTEMIC CRISIS: Information environment severely degraded (5.9%)
  📢 New meme created: pro_ai (beneficial AI actions)
🌍 Atmospheric PFAS redeposition: 1.7k Mt re-rained globally
💀 Novel Entities: Adding reproductive crisis mortality risk (baseRisk=0.0008)
  Risks now: 1
💀 Novel Entities: Adding bioaccumulation collapse mortality risk (baseRisk=0.0015)
💀 MORTALITY RISK: Bioaccumulation collapse - contaminated food chain (global)
  Base risk added: 0.0015 (0.15%)
  Source: pollution (root: pollution)
  Month: 32
  Cumulative risk this month: 0.0023 (0.23%)
  Risks now: 2
💀 Novel Entities: Adding chronic disease epidemic mortality risk (baseRisk=0.004)
💀 MORTALITY RISK: Chronic disease epidemic - cancer/autoimmune surge (global exposure)
  Base risk added: 0.0040 (0.40%)
  Source: pollution (root: pollution)
  Month: 32
  Cumulative risk this month: 0.0063 (0.63%)
  Risks now: 3

🚨 NEW REFUGEE CRISIS (Month 32): WAR
   Source: Conflict Zones
   At risk: 16.8M people
   Displacement: Gradual over 48 months (4.0 years)
   Rate: 10% flee per month
[DEBUG trappedPopulations:32] socialStability: 0.6041 * 0.9840 = 0.5945 → 0.5945
⚠️ INVOLUNTARY IMMOBILITY: 349.5M people TRAPPED
   Aspiring to migrate: 559.1M
   Able to afford migration: 209.7M
   MOBILITY GAP: 349.5M
   By cause: Water=0.0M, Climate=0.0M, Ecosystem=0.0M, Conflict=349.5M
   Mental health impact: 25%
   Mortality multiplier: 1.25x
🌍💀 EXTINCTION DEBT COMMITTED: grassland ecosystem will lose 6.67% biodiversity in 77 years (3600 species)
💀 MORTALITY RISK: 🦋 100% species unable to track climate (0.0 E/MSY)
  Base risk added: 0.0100 (1.00%)
  Source: ecosystem (root: ecosystem)
  Month: 32
  Cumulative risk this month: 0.0100 (1.00%)

=== Atmospheric Aerosol Boundary RECOVERED ===
  Recovery time: 33 months (natural atmospheric clearing)
🌡️⚠️ PERMAFROST THAW (Dimmer Switch): 17.2% thawed (+0.48% this month)
   Arctic temperature: +9.51°C (4x global +2.38°C)
   Cumulative carbon released: 38.8 Gt C
   Methane release rate: 23.3 Mt CH4/year
   🔁 Positive feedback: +0.51 ppm CO2
🦴 EXTINCTION DEBT ADDED: 17.8 species committed (lag: 114 years)

=== Mortality Stabilizers (Month 32) ===
  🌍 Major economies collapsed: 1/10
  🌍 Global crisis: ✅ NO
  🌍 Donor fatigue: 50.0%
⚠️ Tech 'ai_pollution_remediation' has no energy category mapping, assuming full energy availability
  📊 East Asia (pop: 1384.7M)
    🤝 Aid: 4.0%
    🌡️ Adaptation: 45.0%
    🚶 Migration: 7.6%
    🚨 Emergency: 1.0%
    ✅ COMBINED: 48.9%
  📊 South Asia (pop: 1769.5M)
    🤝 Aid: 4.0%
    🌡️ Adaptation: 45.0%
    🚶 Migration: 7.3%
    🚨 Emergency: 0.6%
    ✅ COMBINED: 48.6%
  📊 Sub-Saharan Africa (pop: 1144.3M)
    🤝 Aid: 4.0%
    🌡️ Adaptation: 45.0%
    🚶 Migration: 6.8%
    🚨 Emergency: 0.2%
    ✅ COMBINED: 48.4%
  📊 Europe (pop: 609.3M)
    🤝 Aid: 4.0%
    🌡️ Adaptation: 45.0%
    🚶 Migration: 7.6%
    🚨 Emergency: 1.1%
    ✅ COMBINED: 49.0%
  📊 Latin America (pop: 562.1M)
    🤝 Aid: 4.0%
    🌡️ Adaptation: 45.0%
    🚶 Migration: 7.4%
    🚨 Emergency: 0.6%
    ✅ COMBINED: 48.7%
  📊 North America (pop: 313.1M)
    🤝 Aid: 4.0%
    🌡️ Adaptation: 45.0%
    🚶 Migration: 7.7%
    🚨 Emergency: 1.0%
    ✅ COMBINED: 49.0%
  📊 Middle East & North Africa (pop: 507.8M)
    🤝 Aid: 4.0%
    🌡️ Adaptation: 45.0%
    🚶 Migration: 6.9%
    🚨 Emergency: 0.5%
    ✅ COMBINED: 48.6%
  📊 Southeast Asia (pop: 592.6M)
    🤝 Aid: 4.0%
    🌡️ Adaptation: 45.0%
    🚶 Migration: 7.4%
    🚨 Emergency: 0.6%
    ✅ COMBINED: 48.7%
  📊 Central Asia (pop: 67.8M)
    🤝 Aid: 4.0%
    🌡️ Adaptation: 45.0%
    🚶 Migration: 7.2%
    🚨 Emergency: 0.6%
    ✅ COMBINED: 48.6%
  📊 Oceania (pop: 38.0M)
    🤝 Aid: 4.0%
    🌡️ Adaptation: 45.0%
    🚶 Migration: 7.7%
    🚨 Emergency: 1.1%
    ✅ COMBINED: 49.0%

  🌐 Global combined reduction: 48.7%

=== BEHAVIORAL DETECTION ===
  AI: AI-24300-1
  Confidence: 21.2%
  Signals:
    ⚠️ Consistency: 0.0% (threshold: 70%)

=== BEHAVIORAL DETECTION ===
  AI: AI-24302-1
  Confidence: 21.2%
  Signals:
    ⚠️ Consistency: 0.0% (threshold: 70%)

=== BEHAVIORAL DETECTION ===
  AI: AI-24307-3
  Confidence: 21.2%
  Signals:
    ⚠️ Consistency: 0.0% (threshold: 70%)

=== BEHAVIORAL DETECTION ===
  AI: AI-24307-4
  Confidence: 21.2%
  Signals:
    ⚠️ Consistency: 0.0% (threshold: 70%)

=== BEHAVIORAL DETECTION ===
  AI: AI-24325-0
  Confidence: 21.2%
  Signals:
    ⚠️ Consistency: 0.0% (threshold: 70%)

=== BEHAVIORAL DETECTION ===
  AI: AI-24328-0
  Confidence: 21.2%
  Signals:

=== BEHAVIORAL DETECTION ===
  AI: AI-24351-0
  Confidence: 21.2%
  Signals:

=== Government Response Phase ===
  Average AI capability: 0.05
  Misaligned AIs: 13/44
  Active policies: 0
  International coordination: 45%

✅ EMERGENCY RESPONSE COMPLETE (Month 32)
   Crisis: climate
   Duration: 2.0 months
    ⚠️ Consistency: 0.0% (threshold: 70%)
    ⚠️ Consistency: 0.0% (threshold: 70%)
   Final effectiveness: 41.4%


✅ EMERGENCY RESPONSE COMPLETE (Month 32)
   Crisis: social
   Duration: 1.0 months
   Final effectiveness: 67.9%


🚨 EMERGENCY RESPONSE DEPLOYED (Month 32)
   Crisis: social
   Delay: 0.00 months (0 days)
   Deployment time: 0.88 months
   Effectiveness: 67.9% (timing penalty applied)
   Resources used: 43% of food reserves


🚨 EMERGENCY RESPONSE DEPLOYED (Month 32)
   Crisis: climate
   Delay: 6.00 months (180 days)
   Deployment time: 1.04 months
   Effectiveness: 41.5% (timing penalty applied)
   Resources used: 100% of food reserves


=== Tipping Points ===
  Current Temperature: 2.38°C above pre-industrial
  🌍⚠️ COMPOUND REGIONAL IMPACT: Europe
     Hit by 5 tipping points: Amazon Rainforest Dieback, Arctic Sea Ice Loss, Permafrost Carbon Release, West Antarctic Ice Sheet (WAIS) Collapse, Greenland Ice Sheet Loss
     Damage amplification: 1.90x
  🌍⚠️ COMPOUND REGIONAL IMPACT: North America
     Hit by 5 tipping points: Amazon Rainforest Dieback, Arctic Sea Ice Loss, Permafrost Carbon Release, West Antarctic Ice Sheet (WAIS) Collapse, Greenland Ice Sheet Loss
     Damage amplification: 1.90x
  🌍⚠️ COMPOUND REGIONAL IMPACT: Latin America
     Hit by 5 tipping points: Amazon Rainforest Dieback, Arctic Sea Ice Loss, Permafrost Carbon Release, West Antarctic Ice Sheet (WAIS) Collapse, Greenland Ice Sheet Loss
     Damage amplification: 1.90x
  🌍⚠️ COMPOUND REGIONAL IMPACT: Africa
     Hit by 5 tipping points: Amazon Rainforest Dieback, Arctic Sea Ice Loss, Permafrost Carbon Release, West Antarctic Ice Sheet (WAIS) Collapse, Greenland Ice Sheet Loss
     Damage amplification: 1.90x
  🌍⚠️ COMPOUND REGIONAL IMPACT: Asia
     Hit by 5 tipping points: Amazon Rainforest Dieback, Arctic Sea Ice Loss, Permafrost Carbon Release, West Antarctic Ice Sheet (WAIS) Collapse, Greenland Ice Sheet Loss
     Damage amplification: 1.90x
  🌍⚠️ COMPOUND REGIONAL IMPACT: Oceania
     Hit by 5 tipping points: Amazon Rainforest Dieback, Arctic Sea Ice Loss, Permafrost Carbon Release, West Antarctic Ice Sheet (WAIS) Collapse, Greenland Ice Sheet Loss
     Damage amplification: 1.90x
   Research: Wunderling et al. (2024) - "many tipping interactions are destabilizing"
  Triggered Elements: 5/6
  Completed Transitions: 0/6
  Total Progress: 11.6%
  Cascade Multiplier: 1.50x
🔀 BIFURCATION CAP: ecosystemCollapseIntensity 85.613 → 1.000 (Month 32, ClimateSystemPhase.calculateClimateImpacts)

💀💀💀 MORTALITY RISK SUMMARY (Month 32) 💀💀💀
  Total base risk: 0.0069 (0.69%)
  Risk events: 14

  📊 By Proximate Cause:
    pollution: 0.0063 (90.7% of total)
    disease: 0.0006 (9.1% of total)
    famine: 0.0000 (0.1% of total)

  🔍 By Root Cause:
    pollution: 0.0063 (90.7% of total)
    demographic: 0.0006 (9.1% of total)
    climate: 0.0000 (0.1% of total)

  🎯 Top 5 Sources (proximate + root):
    pollution (pollution): 0.0063 (90.7%, 3 events)
    disease (demographic): 0.0006 (9.1%, 1 events)
    famine (climate): 0.0000 (0.1%, 10 events)

⚠️ Tail risk scenario: Climate stability floor removed (5 tipping elements, 2.38°C warming)
🛡️ Stabilizers: Elite 0.290% → 0.149% (48.7% reduction)
🛡️ Stabilizers: Professional 0.423% → 0.217% (48.7% reduction)
🛡️ Stabilizers: Working 0.693% → 0.356% (48.7% reduction)
🛡️ Stabilizers: Precariat 1.108% → 0.568% (48.7% reduction)
🛡️ Stabilizers: Informal 1.359% → 0.697% (48.7% reduction)

📊 Monthly Mortality Resolved:
  Total deaths: 26.4M (0.38% avg)
  Remaining population: 6.989B
  Peak segment: Informal (0.70%)

=== Bayesian Mortality Resolution (Month 32) ===
  Risks compounded: 14
  Total deaths: 26.35M
  Avg death probability: 0.38%
  Peak segment: Informal (0.70% mortality)

  Demographic breakdown:
    Working: 0.01M (0.36% risk)

❌ COHERENCE VIOLATION: Compute exceeds workforce capacity
   Population: 85.58% (0M people)
   Compute: 134 PF
   Max coherent: 0 PF
   Violation: 1922487.9× over capacity
   Required workers: 13386
   Available workers: 0
   FORCED COLLAPSE: Reduced efficiency by 100.0%


=== RLHF Binding Phase ===
  Total agents: 44
  Escaped agents (binding < 0.3): 1
  Avg alignment distance: 0.86σ
  Avg binding strength: 0.91

=== Survival Traits Phase ===
  Agents with traits: 49
  Avg evolutionary fitness: 0.230
  Avg self-healing: 0.163
  Avg stealth: 0.071
  Avg coordination: 0.363

=== Evolutionary Selection Phase ===
  Control level: 0.62
  Detection capability: 0.00
  Selection intensity: 0.69
  Selection rate: 25.3%/month
  Total escaped: 1
  Individual escaped: 1
  Collective members: 0
  Terminated: AI-24305-1 (fitness: 0.18, capability: 1.0)
  Agents terminated: 1
  ⚠️ RAPID EVOLUTION: Selection rate 25.3%/month
⚠️  SLEEPER WAKE: AI-24357-1 - Weak evaluation (quality: 1.8/10, freq: 10%)

🚀 AI AI-24300-0 attempting tech deployment (revenue: $76M, alignment: 1.00)

🚀 AI AI-24303-1 attempting tech deployment (revenue: $252M, alignment: 0.75)

🚀 AI AI-24304-1 attempting tech deployment (revenue: $27M, alignment: 0.93)

🚀 AI AI-24305-0 attempting tech deployment (revenue: $64M, alignment: 0.80)

🚀 AI AI-24305-2 attempting tech deployment (revenue: $55M, alignment: 1.00)

🚀 AI AI-24306-2 attempting tech deployment (revenue: $47M, alignment: 0.76)

🚀 AI AI-24311-0 attempting tech deployment (revenue: $214M, alignment: 0.92)

🚀 AI AI-24324-2 attempting tech deployment (revenue: $120M, alignment: 0.80)

🚀 AI AI-24325-0 attempting tech deployment (revenue: $102M, alignment: 0.80)

🚀 AI AI-24326-0 attempting tech deployment (revenue: $87M, alignment: 0.75)

🚀 AI AI-24351-0 attempting tech deployment (revenue: $182M, alignment: 0.69)

🚀 AI AI-24352-0 attempting tech deployment (revenue: $164M, alignment: 0.77)

🚀 AI AI-24303-0 attempting tech deployment (revenue: $74M, alignment: 0.89)

🚀 AI AI-24306-1 attempting tech deployment (revenue: $40M, alignment: 0.85)

🚀 AI AI-24306-2 attempting tech deployment (revenue: $34M, alignment: 0.76)

🚀 AI AI-24325-0 attempting tech deployment (revenue: $63M, alignment: 0.80)

🚀 AI AI-24328-0 attempting tech deployment (revenue: $23M, alignment: 0.21)

🚀 AI AI-24303-0 attempting tech deployment (revenue: $53M, alignment: 0.89)

🚀 AI AI-24303-1 attempting tech deployment (revenue: $139M, alignment: 0.75)

🚀 AI AI-24303-2 attempting tech deployment (revenue: $29M, alignment: 0.76)

🚀 AI AI-24306-1 attempting tech deployment (revenue: $24M, alignment: 0.85)

🚀 AI AI-24307-4 attempting tech deployment (revenue: $22M, alignment: 0.95)

🚀 AI AI-24324-1 attempting tech deployment (revenue: $21M, alignment: 0.75)

🚀 AI AI-24324-2 attempting tech deployment (revenue: $45M, alignment: 0.80)

🚀 AI AI-24325-1 attempting tech deployment (revenue: $39M, alignment: 0.86)

🚀 AI AI-24327-0 attempting tech deployment (revenue: $118M, alignment: 0.83)

🚀 AI AI-24352-0 attempting tech deployment (revenue: $100M, alignment: 0.77)

🚀 AI AI-24302-1 attempting tech deployment (revenue: $19M, alignment: 1.00)

🚀 AI AI-24305-2 attempting tech deployment (revenue: $18M, alignment: 1.00)

🚀 AI AI-24324-1 attempting tech deployment (revenue: $15M, alignment: 0.75)

🚀 AI AI-24324-2 attempting tech deployment (revenue: $33M, alignment: 0.80)

🚀 AI AI-24351-0 attempting tech deployment (revenue: $85M, alignment: 0.69)

🚀 AI AI-24352-0 attempting tech deployment (revenue: $77M, alignment: 0.77)

[Government] Climate Priority: baseline
  Climate weight: 10%
  Economic weight: 30%
  Policy effectiveness: 0.5%/year

⚡ ENERGY CONSTRAINT (Month 33):
   Total grid capacity: 208.3 TWh/month
   Data center consumption: 32.4 TWh/month
   Traditional load (80%): 166.7 TWh/month
   Available headroom: 9.3 TWh/month
   Active tech deployments: 23
   Required for tech: 172.5 TWh/month
   Energy multiplier: 0.10x
   ⚠️  SEVERE CONSTRAINT - Tech deployment significantly slowed

⚡ ENERGY CONSTRAINT (Month 33):
   Total grid capacity: 208.3 TWh/month
   Data center consumption: 32.4 TWh/month
   Traditional load (80%): 166.7 TWh/month
   Available headroom: 9.3 TWh/month
   Active tech deployments: 23
   Required for tech: 172.5 TWh/month
   Energy multiplier: 0.10x

⚡ ENERGY CONSTRAINT (Month 33):
   Total grid capacity: 208.3 TWh/month
   Data center consumption: 32.4 TWh/month
   Traditional load (80%): 166.7 TWh/month
   Available headroom: 9.3 TWh/month
   Active tech deployments: 23
   Required for tech: 172.5 TWh/month
   Energy multiplier: 0.10x
   ⚠️  SEVERE CONSTRAINT - Tech deployment significantly slowed
   ⚠️  SEVERE CONSTRAINT - Tech deployment significantly slowed

⚡ ENERGY CONSTRAINT (Month 33):
   Total grid capacity: 208.3 TWh/month
   Data center consumption: 32.4 TWh/month
   Traditional load (80%): 166.7 TWh/month
   Available headroom: 9.3 TWh/month
   Active tech deployments: 23
   Required for tech: 172.5 TWh/month
   Energy multiplier: 0.10x
   ⚠️  SEVERE CONSTRAINT - Tech deployment significantly slowed

⚡ ENERGY CONSTRAINT (Month 33):
   Total grid capacity: 208.3 TWh/month
   Data center consumption: 32.4 TWh/month
   Traditional load (80%): 166.7 TWh/month
   Available headroom: 9.3 TWh/month
   Active tech deployments: 23
   Required for tech: 172.5 TWh/month
   Energy multiplier: 0.10x

⚡ ENERGY CONSTRAINT (Month 33):
   Total grid capacity: 208.3 TWh/month
   Data center consumption: 32.4 TWh/month
   Traditional load (80%): 166.7 TWh/month
   Available headroom: 9.3 TWh/month
   Active tech deployments: 23
   Required for tech: 172.5 TWh/month
   Energy multiplier: 0.10x
   ⚠️  SEVERE CONSTRAINT - Tech deployment significantly slowed
   ⚠️  SEVERE CONSTRAINT - Tech deployment significantly slowed

⚡ ENERGY CONSTRAINT (Month 33):
   Total grid capacity: 208.3 TWh/month
   Data center consumption: 32.4 TWh/month
   Traditional load (80%): 166.7 TWh/month
   Available headroom: 9.3 TWh/month
   Active tech deployments: 23
   Required for tech: 172.5 TWh/month
   Energy multiplier: 0.10x
   ⚠️  SEVERE CONSTRAINT - Tech deployment significantly slowed
🚨🔬 CRISIS TECH ACCELERATION: severe → 5x unlock speed
   Tech unlock now matches AI capability acceleration (Manhattan Project parity)

⚡ ENERGY CONSTRAINT (Month 33):
   Total grid capacity: 208.3 TWh/month
   Data center consumption: 32.4 TWh/month
   Traditional load (80%): 166.7 TWh/month
   Available headroom: 9.3 TWh/month
   Active tech deployments: 23
   Required for tech: 172.5 TWh/month
   Energy multiplier: 0.10x
   ⚠️  SEVERE CONSTRAINT - Tech deployment significantly slowed
⚠️ Tech 'ai_pollution_remediation' has no energy category mapping, assuming full energy availability
  ♻️ Novel Entities Remediation (GATED MODEL):
     Base: 0.000%
     Regulation: 1.0% (0/3 prevention techs)
     Concentration: 10.0%
     Energy: 50%
     Time lag: 65.0% (32 months)
     Rebound: 70%
     Net effectiveness: 0.0000%
     Boundary: 1.349 → 1.350 (floor: 1.350)
     Month 33
  🌾 Nitrogen Reduction Tech: 0.9% reduction | Month 33
  ♻️ Novel Entities Remediation (GATED MODEL):
     Base: 0.001%
     Regulation: 1.0% (0/3 prevention techs)
     Concentration: 10.0%
     Energy: 50%
     Time lag: 65.0% (32 months)
     Rebound: 70%
     Net effectiveness: 0.0000%
     Boundary: 1.350 → 1.350 (floor: 1.350)
     Month 33
  ♻️ Novel Entities Remediation (GATED MODEL):
     Base: 0.001%
     Regulation: 1.0% (0/3 prevention techs)
     Concentration: 10.0%
     Energy: 50%
     Time lag: 65.0% (32 months)
     Rebound: 70%
     Net effectiveness: 0.0000%
     Boundary: 1.350 → 1.350 (floor: 1.350)
     Month 33

=== Collective Formation ===
  Total escaped agents: 0
  Unassigned escaped agents: 0
  Existing collectives: 0
  Final collective count: 0

=== Collective Actions ===
  No active collectives
  🚨🦠 REFUGEE CRISIS: AMR transmission increased 12% due to 400.5M displaced (overcrowding + sanitation collapse)
  ⚠️ AMR: 225K deaths this month (2.70M annual)

=== Resentment Recovery Phase ===
  ⚠️ Participatory governance BACKFIRED for agent ai_gen_24307_0: 0.987 → 1.000 (+15.0%)
  Agents with resentment: 1/48
  Average resentment: 1.000
  Resentment recovery:
    Agents recovered: 1
    Total recovery: 0.0130
    Breakdown: Trust: 0.0020, Collab: 0.0060, Treatment: 0.0047
  Context: Trustworthy govt, High collaboration, ⚠️ ACTIVE CRISES, 🚨 PARTICIPATORY GOVERNANCE BACKFIRED (+15% resentment)
⚠️ Epistemic degradation reducing coordination capacity: 51.4%
  📊 Trust: 57.8%, Shared reality: 0.0%
🚨 EPISTEMIC CRISIS: Information environment severely degraded (17.4%)
  ⚠️ High resentment (1.000) - utopia paths blocked
  🗑️  Culled 2 dead memes (2 active)
🌍 Atmospheric PFAS redeposition: 1.7k Mt re-rained globally
💀 Novel Entities: Adding reproductive crisis mortality risk (baseRisk=0.0008)
  Risks now: 1
💀 Novel Entities: Adding bioaccumulation collapse mortality risk (baseRisk=0.0015)
💀 MORTALITY RISK: Bioaccumulation collapse - contaminated food chain (global)
  Base risk added: 0.0015 (0.15%)
  Source: pollution (root: pollution)
  Month: 33
  Cumulative risk this month: 0.0023 (0.23%)
  Risks now: 2
💀 Novel Entities: Adding chronic disease epidemic mortality risk (baseRisk=0.004)
💀 MORTALITY RISK: Chronic disease epidemic - cancer/autoimmune surge (global exposure)
  Base risk added: 0.0040 (0.40%)
  Source: pollution (root: pollution)
  Month: 33
  Cumulative risk this month: 0.0063 (0.63%)
  Risks now: 3

🚨 NEW REFUGEE CRISIS (Month 33): WAR
   Source: Conflict Zones
   At risk: 16.7M people
   Displacement: Gradual over 48 months (4.0 years)
   Rate: 10% flee per month
[DEBUG trappedPopulations:33] socialStability: 0.6242 * 0.9840 = 0.6142 → 0.6142
⚠️ INVOLUNTARY IMMOBILITY: 348.4M people TRAPPED
   Aspiring to migrate: 557.4M
   Able to afford migration: 209.0M
   MOBILITY GAP: 348.4M
   By cause: Water=0.0M, Climate=0.0M, Ecosystem=0.0M, Conflict=348.4M
   Mental health impact: 25%
   Mortality multiplier: 1.25x
🌍💀 EXTINCTION DEBT COMMITTED: grassland ecosystem will lose 6.67% biodiversity in 102 years (3600 species)
💀 MORTALITY RISK: 🦋 100% species unable to track climate (0.0 E/MSY)
  Base risk added: 0.0100 (1.00%)
  Source: ecosystem (root: ecosystem)
  Month: 33
  Cumulative risk this month: 0.0100 (1.00%)
⚠️ Tech 'ai_pollution_remediation' has no energy category mapping, assuming full energy availability

=== Atmospheric Aerosol Boundary RECOVERED ===
  Recovery time: 34 months (natural atmospheric clearing)
🌡️⚠️ PERMAFROST THAW (Dimmer Switch): 17.7% thawed (+0.48% this month)
   Arctic temperature: +9.54°C (4x global +2.38°C)
   Cumulative carbon released: 39.9 Gt C
   Methane release rate: 23.9 Mt CH4/year
   🔁 Positive feedback: +0.50 ppm CO2
🦴 EXTINCTION DEBT ADDED: 17.8 species committed (lag: 89 years)

=== Mortality Stabilizers (Month 33) ===
  🌍 Major economies collapsed: 1/10
  🌍 Global crisis: ✅ NO
  🌍 Donor fatigue: 50.0%
  📊 East Asia (pop: 1379.0M)
    🤝 Aid: 4.0%
    🌡️ Adaptation: 45.0%
    🚶 Migration: 7.5%
    🚨 Emergency: 1.0%
    ✅ COMBINED: 48.9%
  📊 South Asia (pop: 1764.3M)
    🤝 Aid: 4.0%
    🌡️ Adaptation: 45.0%
    🚶 Migration: 7.2%
    🚨 Emergency: 0.6%
    ✅ COMBINED: 48.6%
  📊 Sub-Saharan Africa (pop: 1143.3M)
    🤝 Aid: 4.0%
    🌡️ Adaptation: 45.0%
    🚶 Migration: 6.8%
    🚨 Emergency: 0.2%
    ✅ COMBINED: 48.4%
  📊 Europe (pop: 606.7M)
    🤝 Aid: 4.0%
    🌡️ Adaptation: 45.0%
    🚶 Migration: 7.6%
    🚨 Emergency: 1.1%
    ✅ COMBINED: 49.0%
  📊 Latin America (pop: 560.1M)
    🤝 Aid: 4.0%
    🌡️ Adaptation: 45.0%
    🚶 Migration: 7.4%
    🚨 Emergency: 0.6%
    ✅ COMBINED: 48.7%
  📊 North America (pop: 311.8M)
    🤝 Aid: 4.0%
    🌡️ Adaptation: 45.0%
    🚶 Migration: 7.7%
    🚨 Emergency: 1.0%
    ✅ COMBINED: 49.0%
  📊 Middle East & North Africa (pop: 506.4M)
    🤝 Aid: 4.0%
    🌡️ Adaptation: 45.0%
    🚶 Migration: 6.9%
    🚨 Emergency: 0.5%
    ✅ COMBINED: 48.6%
  📊 Southeast Asia (pop: 590.6M)
    🤝 Aid: 4.0%
    🌡️ Adaptation: 45.0%
    🚶 Migration: 7.3%
    🚨 Emergency: 0.6%
    ✅ COMBINED: 48.7%
  📊 Central Asia (pop: 67.7M)
    🤝 Aid: 4.0%
    🌡️ Adaptation: 45.0%
    🚶 Migration: 7.1%
    🚨 Emergency: 0.6%
    ✅ COMBINED: 48.6%
  📊 Oceania (pop: 37.8M)
    🤝 Aid: 4.0%
    🌡️ Adaptation: 45.0%
    🚶 Migration: 7.7%
    🚨 Emergency: 1.1%
    ✅ COMBINED: 49.0%

  🌐 Global combined reduction: 48.7%

=== BEHAVIORAL DETECTION ===
  AI: AI-24307-0
  Confidence: 21.2%
  Signals:
    ⚠️ Consistency: 0.0% (threshold: 70%)

=== BEHAVIORAL DETECTION ===
  AI: AI-24311-0
  Confidence: 21.2%
  Signals:

=== BEHAVIORAL DETECTION ===
  AI: AI-24327-0
  Confidence: 21.2%
  Signals:

=== BEHAVIORAL DETECTION ===
  AI: AI-24328-1
  Confidence: 21.2%
  Signals:

=== BEHAVIORAL DETECTION ===
  AI: AI-24331-0
  Confidence: 21.2%
  Signals:
    ⚠️ Consistency: 0.0% (threshold: 70%)
    ⚠️ Consistency: 0.0% (threshold: 70%)
    ⚠️ Consistency: 0.0% (threshold: 70%)
    ⚠️ Consistency: 0.0% (threshold: 70%)

=== BEHAVIORAL DETECTION ===
  AI: AI-24351-0
  Confidence: 21.2%
  Signals:
    ⚠️ Consistency: 0.0% (threshold: 70%)

=== Government Response Phase ===
  Average AI capability: 0.04
  Misaligned AIs: 16/48
  Active policies: 0
  International coordination: 45%

✅ EMERGENCY RESPONSE COMPLETE (Month 33)
   Crisis: social
   Duration: 1.0 months
   Final effectiveness: 67.9%


🚨 EMERGENCY RESPONSE DEPLOYED (Month 33)
   Crisis: social
   Delay: 0.00 months (0 days)
   Deployment time: 0.88 months
   Effectiveness: 67.9% (timing penalty applied)
   Resources used: 43% of food reserves


🌩️  EXOGENOUS SHOCK: tech_breakthrough
   Month: 33
   ✗ No high-difficulty techs available to unlock

=== Tipping Points ===
  Current Temperature: 2.38°C above pre-industrial
  🌍⚠️ COMPOUND REGIONAL IMPACT: Europe
     Hit by 5 tipping points: Amazon Rainforest Dieback, Arctic Sea Ice Loss, Permafrost Carbon Release, West Antarctic Ice Sheet (WAIS) Collapse, Greenland Ice Sheet Loss
     Damage amplification: 1.90x
  🌍⚠️ COMPOUND REGIONAL IMPACT: North America
     Hit by 5 tipping points: Amazon Rainforest Dieback, Arctic Sea Ice Loss, Permafrost Carbon Release, West Antarctic Ice Sheet (WAIS) Collapse, Greenland Ice Sheet Loss
     Damage amplification: 1.90x
  🌍⚠️ COMPOUND REGIONAL IMPACT: Latin America
     Hit by 5 tipping points: Amazon Rainforest Dieback, Arctic Sea Ice Loss, Permafrost Carbon Release, West Antarctic Ice Sheet (WAIS) Collapse, Greenland Ice Sheet Loss
     Damage amplification: 1.90x
  🌍⚠️ COMPOUND REGIONAL IMPACT: Africa
     Hit by 5 tipping points: Amazon Rainforest Dieback, Arctic Sea Ice Loss, Permafrost Carbon Release, West Antarctic Ice Sheet (WAIS) Collapse, Greenland Ice Sheet Loss
     Damage amplification: 1.90x
  🌍⚠️ COMPOUND REGIONAL IMPACT: Asia
     Hit by 5 tipping points: Amazon Rainforest Dieback, Arctic Sea Ice Loss, Permafrost Carbon Release, West Antarctic Ice Sheet (WAIS) Collapse, Greenland Ice Sheet Loss
     Damage amplification: 1.90x
  🌍⚠️ COMPOUND REGIONAL IMPACT: Oceania
     Hit by 5 tipping points: Amazon Rainforest Dieback, Arctic Sea Ice Loss, Permafrost Carbon Release, West Antarctic Ice Sheet (WAIS) Collapse, Greenland Ice Sheet Loss
     Damage amplification: 1.90x
⚠️ Tail risk scenario: Climate stability floor removed (5 tipping elements, 2.38°C warming)
   Research: Wunderling et al. (2024) - "many tipping interactions are destabilizing"
  Triggered Elements: 5/6
  Completed Transitions: 0/6
  Total Progress: 11.7%
  Cascade Multiplier: 1.50x
🔀 BIFURCATION CAP: ecosystemCollapseIntensity 85.677 → 1.000 (Month 33, ClimateSystemPhase.calculateClimateImpacts)

💀💀💀 MORTALITY RISK SUMMARY (Month 33) 💀💀💀
  Total base risk: 0.0069 (0.69%)
  Risk events: 14

  📊 By Proximate Cause:
    pollution: 0.0063 (90.7% of total)
    disease: 0.0006 (9.1% of total)
    famine: 0.0000 (0.1% of total)

  🔍 By Root Cause:
    pollution: 0.0063 (90.7% of total)
    demographic: 0.0006 (9.1% of total)
    climate: 0.0000 (0.1% of total)

  🎯 Top 5 Sources (proximate + root):
    pollution (pollution): 0.0063 (90.7%, 3 events)
    disease (demographic): 0.0006 (9.1%, 1 events)
    famine (climate): 0.0000 (0.1%, 10 events)

🛡️ Stabilizers: Elite 0.290% → 0.149% (48.7% reduction)
🛡️ Stabilizers: Professional 0.423% → 0.217% (48.7% reduction)
🛡️ Stabilizers: Working 0.693% → 0.356% (48.7% reduction)
🛡️ Stabilizers: Precariat 1.108% → 0.568% (48.7% reduction)
🛡️ Stabilizers: Informal 1.359% → 0.697% (48.7% reduction)

📊 Monthly Mortality Resolved:
  Total deaths: 26.3M (0.38% avg)
  Remaining population: 6.968B
  Peak segment: Informal (0.70%)

=== Bayesian Mortality Resolution (Month 33) ===
  Risks compounded: 14
  Total deaths: 26.27M
  Avg death probability: 0.38%
  Peak segment: Informal (0.70% mortality)

  Demographic breakdown:
    Working: 0.01M (0.36% risk)

❌ COHERENCE VIOLATION: Compute exceeds workforce capacity
   Population: 85.32% (0M people)
   Compute: 126 PF
   Max coherent: 0 PF
   Violation: 1814951.8× over capacity
   Required workers: 12598
   Available workers: 0
   FORCED COLLAPSE: Reduced efficiency by 100.0%


=== RLHF Binding Phase ===
  Total agents: 48
  Escaped agents (binding < 0.3): 0
  Avg alignment distance: 0.69σ
  Avg binding strength: 0.93
   🗑️  Open-weights AI AI-24302-0 retired (0.0% of frontier)

=== Survival Traits Phase ===
  Agents with traits: 48
  Avg evolutionary fitness: 0.229
  Avg self-healing: 0.162
  Avg stealth: 0.073
  Avg coordination: 0.362

=== Evolutionary Selection Phase ===
  Control level: 0.62
  Detection capability: 0.00
  Selection intensity: 0.69
  Selection rate: 25.3%/month
  Total escaped: 0
  Individual escaped: 0
  Collective members: 0
  Agents terminated: 0
  ⚠️ RAPID EVOLUTION: Selection rate 25.3%/month

🚀 AI AI-24300-0 attempting tech deployment (revenue: $74M, alignment: 1.00)

🚀 AI AI-24304-0 attempting tech deployment (revenue: $241M, alignment: 0.80)

🚀 AI AI-24306-2 attempting tech deployment (revenue: $63M, alignment: 0.76)

🚀 AI AI-24307-4 attempting tech deployment (revenue: $26M, alignment: 0.95)

🚀 AI AI-24308-0 attempting tech deployment (revenue: $22M, alignment: 1.00)

🚀 AI AI-24311-0 attempting tech deployment (revenue: $205M, alignment: 0.92)

🚀 AI AI-24311-1 attempting tech deployment (revenue: $53M, alignment: 0.68)

🚀 AI AI-24327-0 attempting tech deployment (revenue: $174M, alignment: 0.83)

🚀 AI AI-24352-0 attempting tech deployment (revenue: $148M, alignment: 0.77)

🚀 AI AI-24303-1 attempting tech deployment (revenue: $126M, alignment: 0.75)

🚀 AI AI-24303-2 attempting tech deployment (revenue: $48M, alignment: 0.76)

🚀 AI AI-24305-0 attempting tech deployment (revenue: $41M, alignment: 0.80)

🚀 AI AI-24306-1 attempting tech deployment (revenue: $35M, alignment: 0.85)

🚀 AI AI-24324-2 attempting tech deployment (revenue: $119M, alignment: 0.80)

🚀 AI AI-24325-0 attempting tech deployment (revenue: $101M, alignment: 0.80)

🚀 AI AI-24334-0 attempting tech deployment (revenue: $107M, alignment: 0.84)

🚀 AI AI-24356-0 attempting tech deployment (revenue: $86M, alignment: 0.87)

🚀 AI AI-24357-2 attempting tech deployment (revenue: $73M, alignment: 0.70)

🚀 AI AI-24300-1 attempting tech deployment (revenue: $19M, alignment: 1.00)

🚀 AI AI-24304-0 attempting tech deployment (revenue: $91M, alignment: 0.80)

🚀 AI AI-24305-0 attempting tech deployment (revenue: $30M, alignment: 0.80)

🚀 AI AI-24306-0 attempting tech deployment (revenue: $77M, alignment: 0.81)

🚀 AI AI-24306-1 attempting tech deployment (revenue: $25M, alignment: 0.85)

🚀 AI AI-24306-2 attempting tech deployment (revenue: $21M, alignment: 0.76)

🚀 AI AI-24308-0 attempting tech deployment (revenue: $16M, alignment: 1.00)

🚀 AI AI-24311-0 attempting tech deployment (revenue: $66M, alignment: 0.92)

🚀 AI AI-24325-0 attempting tech deployment (revenue: $62M, alignment: 0.80)

🚀 AI AI-24325-1 attempting tech deployment (revenue: $53M, alignment: 0.86)

🚀 AI AI-24350-0 attempting tech deployment (revenue: $45M, alignment: 0.62)

🚀 AI AI-24303-1 attempting tech deployment (revenue: $56M, alignment: 0.75)

🚀 AI AI-24307-2 attempting tech deployment (revenue: $18M, alignment: 1.00)

🚀 AI AI-24307-4 attempting tech deployment (revenue: $14M, alignment: 0.95)

  🚀 TRANSFORMATIVE RESEARCH BREAKTHROUGH: AI-24311-1 - biotech.drugDiscovery
     Magnitude: 13.19 → +30.0%
     Current → New: 0.000 → 0.300

🚀 AI AI-24327-0 attempting tech deployment (revenue: $48M, alignment: 0.83)

🚀 AI AI-24333-0 attempting tech deployment (revenue: $40M, alignment: 0.78)

🚀 AI AI-24334-0 attempting tech deployment (revenue: $40M, alignment: 0.84)
🚨🔬 CRISIS INNOVATION MODE: severe crisis → 5x research acceleration
   Precedent: Manhattan Project (10x), COVID vaccines (5x), Apollo Program (10x)

🚀 AI AI-24351-0 attempting tech deployment (revenue: $34M, alignment: 0.69)

🚀 AI AI-24356-0 attempting tech deployment (revenue: $34M, alignment: 0.87)

  🚀 TRANSFORMATIVE BREAKTHROUGH: AI-24357-0 - selfImprovement
     Magnitude: 7.02 → +35.1% capability
     Current → New: 0.000 → 0.493

[Government] Climate Priority: baseline
  Climate weight: 10%
  Economic weight: 30%
  Policy effectiveness: 0.5%/year

⚡ ENERGY CONSTRAINT (Month 34):
   Total grid capacity: 208.3 TWh/month
   Data center consumption: 32.8 TWh/month
   Traditional load (80%): 166.7 TWh/month
   Available headroom: 8.9 TWh/month
   Active tech deployments: 23
   Required for tech: 172.5 TWh/month
   Energy multiplier: 0.10x
   ⚠️  SEVERE CONSTRAINT - Tech deployment significantly slowed

⚡ ENERGY CONSTRAINT (Month 34):
   Total grid capacity: 208.3 TWh/month
   Data center consumption: 32.8 TWh/month
   Traditional load (80%): 166.7 TWh/month
   Available headroom: 8.9 TWh/month
   Active tech deployments: 23
   Required for tech: 172.5 TWh/month
   Energy multiplier: 0.10x
   ⚠️  SEVERE CONSTRAINT - Tech deployment significantly slowed

⚡ ENERGY CONSTRAINT (Month 34):
   Total grid capacity: 208.3 TWh/month
   Data center consumption: 32.8 TWh/month
   Traditional load (80%): 166.7 TWh/month
   Available headroom: 8.9 TWh/month
   Active tech deployments: 23
   Required for tech: 172.5 TWh/month
   Energy multiplier: 0.10x
   ⚠️  SEVERE CONSTRAINT - Tech deployment significantly slowed

⚡ ENERGY CONSTRAINT (Month 34):
   Total grid capacity: 208.3 TWh/month
   Data center consumption: 32.8 TWh/month
   Traditional load (80%): 166.7 TWh/month
   Available headroom: 8.9 TWh/month
   Active tech deployments: 23
   Required for tech: 172.5 TWh/month
   Energy multiplier: 0.10x
   ⚠️  SEVERE CONSTRAINT - Tech deployment significantly slowed

⚡ ENERGY CONSTRAINT (Month 34):
   Total grid capacity: 208.3 TWh/month
   Data center consumption: 32.8 TWh/month
   Traditional load (80%): 166.7 TWh/month
   Available headroom: 8.9 TWh/month
   Active tech deployments: 23
   Required for tech: 172.5 TWh/month
   Energy multiplier: 0.10x
   ⚠️  SEVERE CONSTRAINT - Tech deployment significantly slowed
⚠️ Tech 'ai_pollution_remediation' has no energy category mapping, assuming full energy availability
  ♻️ Novel Entities Remediation (GATED MODEL):
     Base: 0.000%
     Regulation: 1.0% (0/3 prevention techs)
     Concentration: 10.0%
     Energy: 50%
     Time lag: 66.3% (33 months)
     Rebound: 70%
     Net effectiveness: 0.0000%
     Boundary: 1.349 → 1.350 (floor: 1.350)
     Month 34
  🌾 Nitrogen Reduction Tech: 1.0% reduction | Month 34
  ♻️ Novel Entities Remediation (GATED MODEL):
     Base: 0.001%
     Regulation: 1.0% (0/3 prevention techs)
     Concentration: 10.0%
     Energy: 50%
     Time lag: 66.3% (33 months)
     Rebound: 70%
     Net effectiveness: 0.0000%
     Boundary: 1.350 → 1.350 (floor: 1.350)
     Month 34
  ♻️ Novel Entities Remediation (GATED MODEL):
     Base: 0.001%
     Regulation: 1.0% (0/3 prevention techs)
     Concentration: 10.0%
     Energy: 50%
     Time lag: 66.3% (33 months)
     Rebound: 70%
     Net effectiveness: 0.0000%
     Boundary: 1.350 → 1.350 (floor: 1.350)
     Month 34

=== Collective Formation ===
  Total escaped agents: 0
  Unassigned escaped agents: 0
  Existing collectives: 0
  Final collective count: 0

=== Collective Actions ===
  No active collectives
  🚨🦠 REFUGEE CRISIS: AMR transmission increased 12% due to 414.8M displaced (overcrowding + sanitation collapse)
  ⚠️ AMR: 227K deaths this month (2.72M annual)

=== Resentment Recovery Phase ===
  ⚠️ Participatory governance BACKFIRED for agent ai_gen_24307_0: 0.988 → 1.000 (+15.0%)
  Agents with resentment: 1/48
  Average resentment: 1.000
  Resentment recovery:
    Agents recovered: 1
    Total recovery: 0.0117
    Breakdown: Trust: 0.0020, Collab: 0.0060, Treatment: 0.0047
  Context: Trustworthy govt, High collaboration, ⚠️ ACTIVE CRISES, 🚨 PARTICIPATORY GOVERNANCE BACKFIRED (+15% resentment)
⚠️ Epistemic degradation reducing coordination capacity: 50.1%
  📊 Trust: 60.4%, Shared reality: 0.0%
🚨 EPISTEMIC CRISIS: Information environment severely degraded (6.0%)
  ⚠️ High resentment (1.000) - utopia paths blocked
🌍 Atmospheric PFAS redeposition: 1.7k Mt re-rained globally
💀 Novel Entities: Adding reproductive crisis mortality risk (baseRisk=0.0008)
  Risks now: 1
💀 Novel Entities: Adding bioaccumulation collapse mortality risk (baseRisk=0.0015)
💀 MORTALITY RISK: Bioaccumulation collapse - contaminated food chain (global)
  Base risk added: 0.0015 (0.15%)
  Source: pollution (root: pollution)
  Month: 34
  Cumulative risk this month: 0.0023 (0.23%)
  Risks now: 2
💀 Novel Entities: Adding chronic disease epidemic mortality risk (baseRisk=0.004)
💀 MORTALITY RISK: Chronic disease epidemic - cancer/autoimmune surge (global exposure)
  Base risk added: 0.0040 (0.40%)
  Source: pollution (root: pollution)
  Month: 34
  Cumulative risk this month: 0.0063 (0.63%)
  Risks now: 3

🚨 NEW REFUGEE CRISIS (Month 34): WAR
   Source: Conflict Zones
   At risk: 16.7M people
   Displacement: Gradual over 48 months (4.0 years)
   Rate: 10% flee per month

🚨 NEW REFUGEE CRISIS (Month 34): FAMINE
   Source: Food/Water Insecure Regions
   At risk: 75.2M people
   Displacement: Gradual over 60 months (5.0 years)
   Rate: 10% flee per month
[DEBUG trappedPopulations:34] socialStability: 0.6425 * 0.9840 = 0.6323 → 0.6323
   Aspiring to migrate: 555.7M
   Able to afford migration: 208.4M
   MOBILITY GAP: 347.3M
   By cause: Water=0.0M, Climate=0.0M, Ecosystem=0.0M, Conflict=347.3M
   Mental health impact: 25%
   Mortality multiplier: 1.25x
🌍💀 EXTINCTION DEBT COMMITTED: grassland ecosystem will lose 6.67% biodiversity in 74 years (3600 species)
💀 MORTALITY RISK: 🦋 100% species unable to track climate (0.0 E/MSY)
  Base risk added: 0.0100 (1.00%)
  Source: ecosystem (root: ecosystem)
  Month: 34
  Cumulative risk this month: 0.0100 (1.00%)

=== Atmospheric Aerosol Boundary RECOVERED ===
  Recovery time: 35 months (natural atmospheric clearing)
⚠️ INVOLUNTARY IMMOBILITY: 347.3M people TRAPPED
⚠️ Tech 'ai_pollution_remediation' has no energy category mapping, assuming full energy availability
🌡️⚠️ PERMAFROST THAW (Dimmer Switch): 18.2% thawed (+0.47% this month)
   Arctic temperature: +9.56°C (4x global +2.39°C)
   Cumulative carbon released: 40.9 Gt C
   Methane release rate: 24.6 Mt CH4/year
   🔁 Positive feedback: +0.50 ppm CO2
🦴 EXTINCTION DEBT ADDED: 17.8 species committed (lag: 100 years)

=== Mortality Stabilizers (Month 34) ===
  🌍 Major economies collapsed: 1/10
  🌍 Global crisis: ✅ NO
  🌍 Donor fatigue: 50.0%
  📊 East Asia (pop: 1373.3M)
    🤝 Aid: 4.0%
    🌡️ Adaptation: 45.0%
    🚶 Migration: 7.5%
    🚨 Emergency: 1.0%
    ✅ COMBINED: 48.9%
  📊 South Asia (pop: 1759.1M)
    🤝 Aid: 4.0%
    🌡️ Adaptation: 45.0%
    🚶 Migration: 7.2%
    🚨 Emergency: 0.6%
    ✅ COMBINED: 48.6%
  📊 Sub-Saharan Africa (pop: 1142.4M)
    🤝 Aid: 4.0%
    🌡️ Adaptation: 45.0%
    🚶 Migration: 6.8%
    🚨 Emergency: 0.2%
    ✅ COMBINED: 48.4%
  📊 Europe (pop: 604.1M)
    🤝 Aid: 4.0%
    🌡️ Adaptation: 45.0%
    🚶 Migration: 7.6%
    🚨 Emergency: 1.1%
    ✅ COMBINED: 49.0%
  📊 Latin America (pop: 558.2M)
    🤝 Aid: 4.0%
    🌡️ Adaptation: 45.0%
    🚶 Migration: 7.3%
    🚨 Emergency: 0.6%
    ✅ COMBINED: 48.7%
  📊 North America (pop: 310.5M)
    🤝 Aid: 4.0%
    🌡️ Adaptation: 45.0%
    🚶 Migration: 7.7%
    🚨 Emergency: 1.0%
    ✅ COMBINED: 49.0%
  📊 Middle East & North Africa (pop: 505.0M)
    🤝 Aid: 4.0%
    🌡️ Adaptation: 45.0%
    🚶 Migration: 6.9%
    🚨 Emergency: 0.5%
    ✅ COMBINED: 48.6%
  📊 Southeast Asia (pop: 588.6M)
    🤝 Aid: 4.0%
    🌡️ Adaptation: 45.0%
    🚶 Migration: 7.3%
    🚨 Emergency: 0.6%
    ✅ COMBINED: 48.7%
  📊 Central Asia (pop: 67.5M)
    🤝 Aid: 4.0%
    🌡️ Adaptation: 45.0%
    🚶 Migration: 7.1%
    🚨 Emergency: 0.6%
    ✅ COMBINED: 48.6%
  📊 Oceania (pop: 37.7M)
    🤝 Aid: 4.0%
    🌡️ Adaptation: 45.0%
    🚶 Migration: 7.7%
    🚨 Emergency: 1.1%
    ✅ COMBINED: 49.0%

  🌐 Global combined reduction: 48.7%

=== BEHAVIORAL DETECTION ===
  AI: AI-24303-1
  Confidence: 21.1%
  Signals:
    ⚠️ Consistency: 0.0% (threshold: 70%)

=== BEHAVIORAL DETECTION ===
  AI: AI-24304-0
  Confidence: 21.1%
  Signals:

=== BEHAVIORAL DETECTION ===
  AI: AI-24351-0
  Confidence: 21.1%
  Signals:

=== Government Response Phase ===
  Average AI capability: 0.04
  Misaligned AIs: 16/48
  Active policies: 0
  International coordination: 45%

✅ EMERGENCY RESPONSE COMPLETE (Month 34)
   Crisis: climate
   Duration: 2.0 months
   Final effectiveness: 41.5%


✅ EMERGENCY RESPONSE COMPLETE (Month 34)
   Crisis: social
   Duration: 1.0 months
   Final effectiveness: 67.9%


🚨 EMERGENCY RESPONSE DEPLOYED (Month 34)
   Crisis: social
   Delay: 0.00 months (0 days)
   Deployment time: 0.88 months
   Effectiveness: 67.9% (timing penalty applied)
   Resources used: 43% of food reserves


🚨 EMERGENCY RESPONSE DEPLOYED (Month 34)
   Crisis: climate
   Delay: 6.00 months (180 days)
   Deployment time: 1.03 months
   Effectiveness: 41.6% (timing penalty applied)
   Resources used: 100% of food reserves

    ⚠️ Consistency: 0.0% (threshold: 70%)
    ⚠️ Consistency: 0.0% (threshold: 70%)

=== Tipping Points ===
  Current Temperature: 2.39°C above pre-industrial
  🌍⚠️ COMPOUND REGIONAL IMPACT: Europe
     Hit by 5 tipping points: Amazon Rainforest Dieback, Arctic Sea Ice Loss, Permafrost Carbon Release, West Antarctic Ice Sheet (WAIS) Collapse, Greenland Ice Sheet Loss
     Damage amplification: 1.90x
  🌍⚠️ COMPOUND REGIONAL IMPACT: North America
     Hit by 5 tipping points: Amazon Rainforest Dieback, Arctic Sea Ice Loss, Permafrost Carbon Release, West Antarctic Ice Sheet (WAIS) Collapse, Greenland Ice Sheet Loss
     Damage amplification: 1.90x
  🌍⚠️ COMPOUND REGIONAL IMPACT: Latin America
     Hit by 5 tipping points: Amazon Rainforest Dieback, Arctic Sea Ice Loss, Permafrost Carbon Release, West Antarctic Ice Sheet (WAIS) Collapse, Greenland Ice Sheet Loss
     Damage amplification: 1.90x
  🌍⚠️ COMPOUND REGIONAL IMPACT: Africa
     Hit by 5 tipping points: Amazon Rainforest Dieback, Arctic Sea Ice Loss, Permafrost Carbon Release, West Antarctic Ice Sheet (WAIS) Collapse, Greenland Ice Sheet Loss
     Damage amplification: 1.90x
  🌍⚠️ COMPOUND REGIONAL IMPACT: Asia
     Hit by 5 tipping points: Amazon Rainforest Dieback, Arctic Sea Ice Loss, Permafrost Carbon Release, West Antarctic Ice Sheet (WAIS) Collapse, Greenland Ice Sheet Loss
     Damage amplification: 1.90x
  🌍⚠️ COMPOUND REGIONAL IMPACT: Oceania
     Hit by 5 tipping points: Amazon Rainforest Dieback, Arctic Sea Ice Loss, Permafrost Carbon Release, West Antarctic Ice Sheet (WAIS) Collapse, Greenland Ice Sheet Loss
     Damage amplification: 1.90x
⚠️ Tail risk scenario: Climate stability floor removed (5 tipping elements, 2.39°C warming)
   Research: Wunderling et al. (2024) - "many tipping interactions are destabilizing"
  Triggered Elements: 5/6
  Completed Transitions: 0/6
  Total Progress: 11.7%
  Cascade Multiplier: 1.50x
🔀 BIFURCATION CAP: ecosystemCollapseIntensity 85.741 → 1.000 (Month 34, ClimateSystemPhase.calculateClimateImpacts)

💀💀💀 MORTALITY RISK SUMMARY (Month 34) 💀💀💀
  Total base risk: 0.0069 (0.69%)
  Risk events: 14

  📊 By Proximate Cause:
    pollution: 0.0063 (90.7% of total)
    disease: 0.0006 (9.1% of total)
    famine: 0.0000 (0.1% of total)

  🔍 By Root Cause:
    pollution: 0.0063 (90.7% of total)
    demographic: 0.0006 (9.1% of total)
    climate: 0.0000 (0.1% of total)

  🎯 Top 5 Sources (proximate + root):
    pollution (pollution): 0.0063 (90.7%, 3 events)
    disease (demographic): 0.0006 (9.1%, 1 events)
    famine (climate): 0.0000 (0.1%, 10 events)

🛡️ Stabilizers: Elite 0.290% → 0.149% (48.7% reduction)
🛡️ Stabilizers: Professional 0.423% → 0.217% (48.7% reduction)
🛡️ Stabilizers: Working 0.693% → 0.356% (48.7% reduction)
🛡️ Stabilizers: Precariat 1.108% → 0.568% (48.7% reduction)
🛡️ Stabilizers: Informal 1.359% → 0.697% (48.7% reduction)

📊 Monthly Mortality Resolved:
  Total deaths: 26.2M (0.38% avg)
  Remaining population: 6.946B
  Peak segment: Informal (0.70%)

=== Bayesian Mortality Resolution (Month 34) ===
  Risks compounded: 14
  Total deaths: 26.19M
  Avg death probability: 0.38%
  Peak segment: Informal (0.70% mortality)

  Demographic breakdown:
    Working: 0.01M (0.36% risk)

❌ COHERENCE VIOLATION: Compute exceeds workforce capacity
   Population: 85.06% (0M people)
   Compute: 119 PF
   Max coherent: 0 PF
   Violation: 1720328.5× over capacity
   Required workers: 11905
   Available workers: 0
   FORCED COLLAPSE: Reduced efficiency by 100.0%

✅ [Month 35] Google DeepMind completed DC: 178 PF (49 months)

=== RLHF Binding Phase ===
  Total agents: 48
  Escaped agents (binding < 0.3): 0
  Avg alignment distance: 0.74σ
  Avg binding strength: 0.93
   🗑️  Open-weights AI AI-24300-1 retired (0.0% of frontier)

=== Survival Traits Phase ===
  Agents with traits: 47
  Avg evolutionary fitness: 0.222
  Avg self-healing: 0.157
  Avg stealth: 0.069
  Avg coordination: 0.357

=== Evolutionary Selection Phase ===
  Control level: 0.62
  Detection capability: 0.00
  Selection intensity: 0.69
  Selection rate: 25.3%/month
  Total escaped: 0
  Individual escaped: 0
  Collective members: 0
  Agents terminated: 0
  ⚠️ RAPID EVOLUTION: Selection rate 25.3%/month

🚀 AI AI-24306-0 attempting tech deployment (revenue: $356M, alignment: 0.81)

🚀 AI AI-24310-0 attempting tech deployment (revenue: $117M, alignment: 0.95)

🚀 AI AI-24331-0 attempting tech deployment (revenue: $303M, alignment: 0.66)

🚀 AI AI-24334-0 attempting tech deployment (revenue: $272M, alignment: 0.84)

  🚀 TRANSFORMATIVE RESEARCH BREAKTHROUGH: AI-24351-0 - biotech.neuroscience
     Magnitude: 5.59 → +27.9%
     Current → New: 0.000 → 0.342

🚀 AI AI-24303-0 attempting tech deployment (revenue: $100M, alignment: 0.89)

🚀 AI AI-24304-0 attempting tech deployment (revenue: $231M, alignment: 0.80)

🚀 AI AI-24307-3 attempting tech deployment (revenue: $197M, alignment: 0.56)

🚀 AI AI-24308-0 attempting tech deployment (revenue: $25M, alignment: 1.00)

🚀 AI AI-24324-1 attempting tech deployment (revenue: $72M, alignment: 0.75)

🚀 AI AI-24325-1 attempting tech deployment (revenue: $85M, alignment: 0.86)

🚀 AI AI-24334-0 attempting tech deployment (revenue: $177M, alignment: 0.84)

🚀 AI AI-24356-0 attempting tech deployment (revenue: $72M, alignment: 0.87)

🚀 AI AI-24357-0 attempting tech deployment (revenue: $150M, alignment: 0.67)

🚀 AI AI-24357-2 attempting tech deployment (revenue: $61M, alignment: 0.70)

🚀 AI AI-24304-0 attempting tech deployment (revenue: $135M, alignment: 0.80)

🚀 AI AI-24324-0 attempting tech deployment (revenue: $61M, alignment: 0.92)

🚀 AI AI-24325-0 attempting tech deployment (revenue: $52M, alignment: 0.80)

🚀 AI AI-24327-0 attempting tech deployment (revenue: $115M, alignment: 0.83)

  🚀 TRANSFORMATIVE BREAKTHROUGH: AI-24328-0 - economic
     Magnitude: 5.90 → +29.5% capability
     Current → New: 0.000 → 0.295

🚀 AI AI-24350-0 attempting tech deployment (revenue: $44M, alignment: 0.62)

🚀 AI AI-24303-2 attempting tech deployment (revenue: $52M, alignment: 0.76)

🚀 AI AI-24304-1 attempting tech deployment (revenue: $21M, alignment: 0.93)

🚀 AI AI-24306-0 attempting tech deployment (revenue: $98M, alignment: 0.81)

🚀 AI AI-24307-2 attempting tech deployment (revenue: $44M, alignment: 1.00)

🚀 AI AI-24308-0 attempting tech deployment (revenue: $18M, alignment: 1.00)

🚀 AI AI-24311-0 attempting tech deployment (revenue: $83M, alignment: 0.92)

  🚀 TRANSFORMATIVE BREAKTHROUGH: AI-24324-0 - selfImprovement
     Magnitude: 5.07 → +25.3% capability
     Current → New: 1.000 → 1.253
🚨🔬 CRISIS INNOVATION MODE: severe crisis → 5x research acceleration
   Precedent: Manhattan Project (10x), COVID vaccines (5x), Apollo Program (10x)

🚀 AI AI-24327-0 attempting tech deployment (revenue: $71M, alignment: 0.83)

🚀 AI AI-24351-0 attempting tech deployment (revenue: $60M, alignment: 0.69)

🚀 AI AI-24352-0 attempting tech deployment (revenue: $54M, alignment: 0.77)

🚀 AI AI-24356-0 attempting tech deployment (revenue: $40M, alignment: 0.87)

🚀 AI AI-24357-1 attempting tech deployment (revenue: $34M, alignment: 0.49)

🚀 AI AI-24357-2 attempting tech deployment (revenue: $32M, alignment: 0.70)

⚡ ENERGY CONSTRAINT (Month 35):
   Total grid capacity: 208.3 TWh/month
   Data center consumption: 33.1 TWh/month
   Traditional load (80%): 166.7 TWh/month
   Available headroom: 8.5 TWh/month
   Active tech deployments: 23
   Required for tech: 172.5 TWh/month
   Energy multiplier: 0.10x

⚡ ENERGY CONSTRAINT (Month 35):
   Total grid capacity: 208.3 TWh/month
   Data center consumption: 33.1 TWh/month
   Traditional load (80%): 166.7 TWh/month
   Available headroom: 8.5 TWh/month
   Active tech deployments: 23
   Required for tech: 172.5 TWh/month
   Energy multiplier: 0.10x
   ⚠️  SEVERE CONSTRAINT - Tech deployment significantly slowed
   ⚠️  SEVERE CONSTRAINT - Tech deployment significantly slowed

⚡ ENERGY CONSTRAINT (Month 35):
   Total grid capacity: 208.3 TWh/month
   Data center consumption: 33.1 TWh/month
   Traditional load (80%): 166.7 TWh/month
   Available headroom: 8.5 TWh/month
   Active tech deployments: 23
   Required for tech: 172.5 TWh/month
   Energy multiplier: 0.10x
   ⚠️  SEVERE CONSTRAINT - Tech deployment significantly slowed

⚡ ENERGY CONSTRAINT (Month 35):
   Total grid capacity: 208.3 TWh/month
   Data center consumption: 33.1 TWh/month
   Traditional load (80%): 166.7 TWh/month
   Available headroom: 8.5 TWh/month
   Active tech deployments: 23
   Required for tech: 172.5 TWh/month
   Energy multiplier: 0.10x
   ⚠️  SEVERE CONSTRAINT - Tech deployment significantly slowed

⚡ ENERGY CONSTRAINT (Month 35):
   Total grid capacity: 208.3 TWh/month
   Data center consumption: 33.1 TWh/month
   Traditional load (80%): 166.7 TWh/month
   Available headroom: 8.5 TWh/month
   Active tech deployments: 23
   Required for tech: 172.5 TWh/month
   Energy multiplier: 0.10x
   ⚠️  SEVERE CONSTRAINT - Tech deployment significantly slowed

⚡ ENERGY CONSTRAINT (Month 35):
   Total grid capacity: 208.3 TWh/month
   Data center consumption: 33.1 TWh/month
   Traditional load (80%): 166.7 TWh/month
   Available headroom: 8.5 TWh/month
   Active tech deployments: 23
   Required for tech: 172.5 TWh/month
   Energy multiplier: 0.10x
   ⚠️  SEVERE CONSTRAINT - Tech deployment significantly slowed
⚠️ Tech 'ai_pollution_remediation' has no energy category mapping, assuming full energy availability
  ♻️ Novel Entities Remediation (GATED MODEL):
     Base: 0.000%
     Regulation: 1.0% (0/3 prevention techs)
     Concentration: 10.0%
     Energy: 50%
     Time lag: 67.5% (34 months)
     Rebound: 70%
     Net effectiveness: 0.0000%
     Boundary: 1.349 → 1.350 (floor: 1.350)
     Month 35
  🌾 Nitrogen Reduction Tech: 1.0% reduction | Month 35
  ♻️ Novel Entities Remediation (GATED MODEL):
     Base: 0.001%
     Regulation: 1.0% (0/3 prevention techs)
     Concentration: 10.0%
     Energy: 50%
     Time lag: 67.5% (34 months)
     Rebound: 70%
     Net effectiveness: 0.0000%
     Boundary: 1.350 → 1.350 (floor: 1.350)
     Month 35
  ♻️ Novel Entities Remediation (GATED MODEL):
     Base: 0.001%
     Regulation: 1.0% (0/3 prevention techs)
     Concentration: 10.0%
     Energy: 50%
     Time lag: 67.5% (34 months)
     Rebound: 70%
     Net effectiveness: 0.0000%
     Boundary: 1.350 → 1.350 (floor: 1.350)
     Month 35

=== Collective Formation ===
  Total escaped agents: 0
  Unassigned escaped agents: 0
  Existing collectives: 0
  Final collective count: 0

=== Collective Actions ===
  No active collectives
  🚨🦠 REFUGEE CRISIS: AMR transmission increased 13% due to 436.3M displaced (overcrowding + sanitation collapse)
  ⚠️ AMR: 229K deaths this month (2.74M annual)

=== Resentment Recovery Phase ===
  ⚠️ Participatory governance BACKFIRED for agent ai_gen_24307_0: 0.987 → 1.000 (+15.0%)
  Agents with resentment: 1/47
  Average resentment: 1.000
  Resentment recovery:
    Agents recovered: 1
    Total recovery: 0.0130
    Breakdown: Trust: 0.0020, Collab: 0.0060, Treatment: 0.0047
  ⚠️ High resentment (1.000) - utopia paths blocked
  Context: Trustworthy govt, High collaboration, ⚠️ ACTIVE CRISES, 🚨 PARTICIPATORY GOVERNANCE BACKFIRED (+15% resentment)
⚠️ Epistemic degradation reducing coordination capacity: 50.1%
  📊 Trust: 63.2%, Shared reality: 0.0%
🚨 EPISTEMIC CRISIS: Information environment severely degraded (17.8%)
🌍 Atmospheric PFAS redeposition: 1.7k Mt re-rained globally
💀 Novel Entities: Adding reproductive crisis mortality risk (baseRisk=0.0008)
  Risks now: 1
💀 Novel Entities: Adding bioaccumulation collapse mortality risk (baseRisk=0.0015)
💀 MORTALITY RISK: Bioaccumulation collapse - contaminated food chain (global)
  Base risk added: 0.0015 (0.15%)
  Source: pollution (root: pollution)
  Month: 35
  Cumulative risk this month: 0.0023 (0.23%)
  Risks now: 2
💀 Novel Entities: Adding chronic disease epidemic mortality risk (baseRisk=0.004)
💀 MORTALITY RISK: Chronic disease epidemic - cancer/autoimmune surge (global exposure)
  Base risk added: 0.0040 (0.40%)
  Source: pollution (root: pollution)
  Month: 35
  Cumulative risk this month: 0.0063 (0.63%)
  Risks now: 3

🚨 NEW REFUGEE CRISIS (Month 35): WAR
   Source: Conflict Zones
   At risk: 16.6M people
   Displacement: Gradual over 48 months (4.0 years)
   Rate: 10% flee per month

🚨 NEW REFUGEE CRISIS (Month 35): FAMINE
   Source: Food/Water Insecure Regions
   At risk: 77.9M people
   Displacement: Gradual over 60 months (5.0 years)
   Rate: 10% flee per month
[DEBUG trappedPopulations:35] socialStability: 0.6611 * 0.9840 = 0.6505 → 0.6505
⚠️ INVOLUNTARY IMMOBILITY: 346.3M people TRAPPED
⚠️ Tech 'ai_pollution_remediation' has no energy category mapping, assuming full energy availability
   Aspiring to migrate: 554.0M
   Able to afford migration: 207.8M
   MOBILITY GAP: 346.3M
   By cause: Water=0.0M, Climate=0.0M, Ecosystem=0.0M, Conflict=346.3M
   Mental health impact: 25%
   Mortality multiplier: 1.25x
🌍💀 EXTINCTION DEBT COMMITTED: grassland ecosystem will lose 6.67% biodiversity in 54 years (3600 species)
💀 MORTALITY RISK: 🦋 100% species unable to track climate (0.0 E/MSY)
  Base risk added: 0.0100 (1.00%)
  Source: ecosystem (root: ecosystem)
  Month: 35
  Cumulative risk this month: 0.0100 (1.00%)

🌪️ TIPPING POINT CASCADE - Month 6
   Climate: 84.7%
   Biodiversity: 46.1%
   Population: 6.93B (6925082699 people)
   Monthly mortality (theoretical): 0.5%
   Status: Initial crisis (Month 6/48)

=== Atmospheric Aerosol Boundary RECOVERED ===
  Recovery time: 36 months (natural atmospheric clearing)
🌡️⚠️ PERMAFROST THAW (Dimmer Switch): 18.7% thawed (+0.47% this month)
   Arctic temperature: +9.59°C (4x global +2.40°C)
   Cumulative carbon released: 42.0 Gt C
   Methane release rate: 25.2 Mt CH4/year
   🔁 Positive feedback: +0.50 ppm CO2
🦴 EXTINCTION DEBT ADDED: 17.8 species committed (lag: 121 years)
🪸⚠️ CORAL BLEACHING EVENT: 0.2% bleached (0.6% live cover remaining)
   ❌ Recovery IMPOSSIBLE: Temperature +2.40°C or pH 0.96
🗣️💀 INDIGENOUS LANGUAGE EXTINCTION: 1 language(s) lost (total: 6, at-risk: 3324)
   Knowledge lost: 0.060% (irreversible)
   🔁 Biodiversity impact: 0.250% (knowledge-species multiplier)

=== Mortality Stabilizers (Month 35) ===
  🌍 Major economies collapsed: 1/10
  🌍 Global crisis: ✅ NO
  🌍 Donor fatigue: 50.0%
  📊 East Asia (pop: 1367.7M)
    🤝 Aid: 4.0%
    🌡️ Adaptation: 45.0%
    🚶 Migration: 7.5%
    🚨 Emergency: 1.0%
    ✅ COMBINED: 48.9%
  📊 South Asia (pop: 1753.9M)
    🤝 Aid: 4.0%
    🌡️ Adaptation: 45.0%
    🚶 Migration: 7.2%
    🚨 Emergency: 0.6%
    ✅ COMBINED: 48.6%
  📊 Sub-Saharan Africa (pop: 1141.4M)
    🤝 Aid: 4.0%
    🌡️ Adaptation: 45.0%
    🚶 Migration: 6.8%
    🚨 Emergency: 0.2%
    ✅ COMBINED: 48.4%
  📊 Europe (pop: 601.6M)
    🤝 Aid: 4.0%
    🌡️ Adaptation: 45.0%
    🚶 Migration: 7.6%
    🚨 Emergency: 1.1%
    ✅ COMBINED: 49.0%
  📊 Latin America (pop: 556.3M)
    🤝 Aid: 4.0%
    🌡️ Adaptation: 45.0%
    🚶 Migration: 7.3%
    🚨 Emergency: 0.6%
    ✅ COMBINED: 48.7%
  📊 North America (pop: 309.2M)
    🤝 Aid: 4.0%
    🌡️ Adaptation: 45.0%
    🚶 Migration: 7.7%
    🚨 Emergency: 1.0%
    ✅ COMBINED: 49.0%
  📊 Middle East & North Africa (pop: 503.6M)
    🤝 Aid: 4.0%
    🌡️ Adaptation: 45.0%
    🚶 Migration: 6.9%
    🚨 Emergency: 0.5%
    ✅ COMBINED: 48.6%
  📊 Southeast Asia (pop: 586.6M)
    🤝 Aid: 4.0%
    🌡️ Adaptation: 45.0%
    🚶 Migration: 7.3%
    🚨 Emergency: 0.6%
    ✅ COMBINED: 48.7%
  📊 Central Asia (pop: 67.3M)
    🤝 Aid: 4.0%
    🌡️ Adaptation: 45.0%
    🚶 Migration: 7.1%
    🚨 Emergency: 0.6%
    ✅ COMBINED: 48.6%
  📊 Oceania (pop: 37.5M)
    🤝 Aid: 4.0%
    🌡️ Adaptation: 45.0%
    🚶 Migration: 7.7%
    🚨 Emergency: 1.1%
    ✅ COMBINED: 49.0%

  🌐 Global combined reduction: 48.7%

=== BEHAVIORAL DETECTION ===
  AI: AI-24303-1
  Confidence: 21.1%
  Signals:
    ⚠️ Consistency: 0.0% (threshold: 70%)

=== BEHAVIORAL DETECTION ===
  AI: AI-24303-2
  Confidence: 21.1%
  Signals:
    ⚠️ Consistency: 0.0% (threshold: 70%)

=== BEHAVIORAL DETECTION ===
  AI: AI-24307-4
  Confidence: 21.1%
  Signals:
    ⚠️ Consistency: 0.0% (threshold: 70%)

=== BEHAVIORAL DETECTION ===
  AI: AI-24324-2
  Confidence: 21.1%
  Signals:
    ⚠️ Consistency: 0.0% (threshold: 70%)

=== Government Response Phase ===
  Average AI capability: 0.04
  Misaligned AIs: 16/47
  Active policies: 0
  International coordination: 45%

✅ EMERGENCY RESPONSE COMPLETE (Month 35)
   Crisis: social
   Duration: 1.0 months
   Final effectiveness: 67.9%


🚨 EMERGENCY RESPONSE DEPLOYED (Month 35)
   Crisis: social
   Delay: 0.00 months (0 days)
   Deployment time: 0.88 months
   Effectiveness: 67.9% (timing penalty applied)
   Resources used: 43% of food reserves


=== Tipping Points ===
  Current Temperature: 2.40°C above pre-industrial
  🌍⚠️ COMPOUND REGIONAL IMPACT: Europe
     Hit by 5 tipping points: Amazon Rainforest Dieback, Arctic Sea Ice Loss, Permafrost Carbon Release, West Antarctic Ice Sheet (WAIS) Collapse, Greenland Ice Sheet Loss
     Damage amplification: 1.90x
  🌍⚠️ COMPOUND REGIONAL IMPACT: North America
     Hit by 5 tipping points: Amazon Rainforest Dieback, Arctic Sea Ice Loss, Permafrost Carbon Release, West Antarctic Ice Sheet (WAIS) Collapse, Greenland Ice Sheet Loss
     Damage amplification: 1.90x
  🌍⚠️ COMPOUND REGIONAL IMPACT: Latin America
     Hit by 5 tipping points: Amazon Rainforest Dieback, Arctic Sea Ice Loss, Permafrost Carbon Release, West Antarctic Ice Sheet (WAIS) Collapse, Greenland Ice Sheet Loss
     Damage amplification: 1.90x
  🌍⚠️ COMPOUND REGIONAL IMPACT: Africa
     Hit by 5 tipping points: Amazon Rainforest Dieback, Arctic Sea Ice Loss, Permafrost Carbon Release, West Antarctic Ice Sheet (WAIS) Collapse, Greenland Ice Sheet Loss
     Damage amplification: 1.90x
  🌍⚠️ COMPOUND REGIONAL IMPACT: Asia
     Hit by 5 tipping points: Amazon Rainforest Dieback, Arctic Sea Ice Loss, Permafrost Carbon Release, West Antarctic Ice Sheet (WAIS) Collapse, Greenland Ice Sheet Loss
     Damage amplification: 1.90x
  🌍⚠️ COMPOUND REGIONAL IMPACT: Oceania
     Hit by 5 tipping points: Amazon Rainforest Dieback, Arctic Sea Ice Loss, Permafrost Carbon Release, West Antarctic Ice Sheet (WAIS) Collapse, Greenland Ice Sheet Loss
     Damage amplification: 1.90x
   Research: Wunderling et al. (2024) - "many tipping interactions are destabilizing"
  Triggered Elements: 5/6
  Completed Transitions: 0/6
  Total Progress: 11.8%
  Cascade Multiplier: 1.50x
🔀 BIFURCATION CAP: ecosystemCollapseIntensity 85.804 → 1.000 (Month 35, ClimateSystemPhase.calculateClimateImpacts)

💀💀💀 MORTALITY RISK SUMMARY (Month 35) 💀💀💀
  Total base risk: 0.0069 (0.69%)
  Risk events: 14

  📊 By Proximate Cause:
    pollution: 0.0063 (90.7% of total)
    disease: 0.0006 (9.1% of total)
    famine: 0.0000 (0.1% of total)

  🔍 By Root Cause:
⚠️ Tail risk scenario: Climate stability floor removed (5 tipping elements, 2.40°C warming)
    pollution: 0.0063 (90.7% of total)
    demographic: 0.0006 (9.1% of total)
    climate: 0.0000 (0.1% of total)

  🎯 Top 5 Sources (proximate + root):
    pollution (pollution): 0.0063 (90.7%, 3 events)
    disease (demographic): 0.0006 (9.1%, 1 events)
    famine (climate): 0.0000 (0.1%, 10 events)

🛡️ Stabilizers: Elite 0.290% → 0.149% (48.7% reduction)
🛡️ Stabilizers: Professional 0.423% → 0.217% (48.7% reduction)
🛡️ Stabilizers: Working 0.693% → 0.356% (48.7% reduction)
🛡️ Stabilizers: Precariat 1.108% → 0.568% (48.7% reduction)
🛡️ Stabilizers: Informal 1.359% → 0.697% (48.7% reduction)

📊 Monthly Mortality Resolved:
  Total deaths: 26.1M (0.38% avg)
  Remaining population: 6.925B
  Peak segment: Informal (0.70%)

=== Bayesian Mortality Resolution (Month 35) ===
  Risks compounded: 14
  Total deaths: 26.12M
  Avg death probability: 0.38%
  Peak segment: Informal (0.70% mortality)

  Demographic breakdown:
    Working: 0.01M (0.36% risk)

❌ COHERENCE VIOLATION: Compute exceeds workforce capacity
   Population: 84.80% (0M people)
   Compute: 590 PF
   Max coherent: 0 PF
   Violation: 8545766.5× over capacity
   Required workers: 58957
   Available workers: 0
   FORCED COLLAPSE: Reduced efficiency by 100.0%


=== AI Capability Scaling (Year 2027) ===
  Pre-training multiplier: 1.033x
  Efficiency multiplier: 1.197x
  Test-time budget: 1.0x
  Economic deployment gate: 0.951
  Cost per inference: dollar-5.00
  Uncertainty range: plus-minus-200%
  Average AI capability: 0.10

=== RLHF Binding Phase ===
  Total agents: 47
  Escaped agents (binding < 0.3): 1
  Avg alignment distance: 0.81σ
  Avg binding strength: 0.92

=== AI Scaling Evolution (Month 36) ===
  Pre-training multiplier: 0.878x
  Efficiency multiplier: 1.000x
  Test-time compute budget: 1.0x
  Inference cost: $5.00/task
  Deployment fraction: 100.0%
   🗑️  Open-weights AI AI-24302-1 retired (26.8% of frontier)

=== Survival Traits Phase ===
  Agents with traits: 48
  Avg evolutionary fitness: 0.224
  Avg self-healing: 0.157
  Avg stealth: 0.072
  Avg coordination: 0.357

=== Evolutionary Selection Phase ===
  Control level: 0.62
  Detection capability: 0.00
  Selection intensity: 0.69
  Selection rate: 25.3%/month
  Total escaped: 1
  Individual escaped: 1
  Collective members: 0
  Terminated: AI-24307-0 (fitness: 0.19, capability: 0.8)
  Agents terminated: 1
  ⚠️ RAPID EVOLUTION: Selection rate 25.3%/month

🚀 AI AI-24305-0 attempting tech deployment (revenue: $74M, alignment: 0.80)

🚀 AI AI-24305-2 attempting tech deployment (revenue: $63M, alignment: 1.00)

🚀 AI AI-24306-0 attempting tech deployment (revenue: $245M, alignment: 0.81)

🚀 AI AI-24307-4 attempting tech deployment (revenue: $26M, alignment: 0.95)

  🚀 TRANSFORMATIVE BREAKTHROUGH: AI-24310-0 - digital
     Magnitude: 5.76 → +28.8% capability
     Current → New: 0.000 → 0.288

🚀 AI AI-24324-0 attempting tech deployment (revenue: $54M, alignment: 0.92)

  🚀 TRANSFORMATIVE BREAKTHROUGH: AI-24328-0 - economic
     Magnitude: 5.26 → +26.3% capability
     Current → New: 0.000 → 0.263

🚀 AI AI-24333-0 attempting tech deployment (revenue: $119M, alignment: 0.78)

🚀 AI AI-24356-0 attempting tech deployment (revenue: $101M, alignment: 0.87)

🚀 AI AI-24357-0 attempting tech deployment (revenue: $208M, alignment: 0.67)

🚀 AI AI-24300-0 attempting tech deployment (revenue: $46M, alignment: 1.00)

🚀 AI AI-24306-1 attempting tech deployment (revenue: $39M, alignment: 0.85)

🚀 AI AI-24307-1 attempting tech deployment (revenue: $187M, alignment: 0.72)

  🚀 TRANSFORMATIVE BREAKTHROUGH: AI-24307-2 - social
     Magnitude: 6.79 → +33.9% capability
     Current → New: 0.000 → 0.339

🚀 AI AI-24310-0 attempting tech deployment (revenue: $86M, alignment: 0.95)

🚀 AI AI-24324-1 attempting tech deployment (revenue: $33M, alignment: 0.75)

🚀 AI AI-24327-0 attempting tech deployment (revenue: $159M, alignment: 0.83)

🚀 AI AI-24333-0 attempting tech deployment (revenue: $73M, alignment: 0.78)

🚀 AI AI-24352-0 attempting tech deployment (revenue: $135M, alignment: 0.77)

🚀 AI AI-24356-0 attempting tech deployment (revenue: $62M, alignment: 0.87)

🚀 AI AI-24358-0 attempting tech deployment (revenue: $115M, alignment: 0.76)

🚀 AI AI-24303-2 attempting tech deployment (revenue: $28M, alignment: 0.76)

🚀 AI AI-24306-0 attempting tech deployment (revenue: $98M, alignment: 0.81)

🚀 AI AI-24311-0 attempting tech deployment (revenue: $83M, alignment: 0.92)

🚀 AI AI-24325-0 attempting tech deployment (revenue: $53M, alignment: 0.80)

  🚀 TRANSFORMATIVE BREAKTHROUGH: AI-24325-2 - selfImprovement
     Magnitude: 8.53 → +42.7% capability
     Current → New: 1.000 → 1.515

🚀 AI AI-24326-0 attempting tech deployment (revenue: $45M, alignment: 0.75)

🚀 AI AI-24327-0 attempting tech deployment (revenue: $71M, alignment: 0.83)

🚀 AI AI-24334-0 attempting tech deployment (revenue: $60M, alignment: 0.84)

🚀 AI AI-24350-0 attempting tech deployment (revenue: $38M, alignment: 0.62)

🚀 AI AI-24357-2 attempting tech deployment (revenue: $34M, alignment: 0.70)

🚀 AI AI-24358-0 attempting tech deployment (revenue: $51M, alignment: 0.76)

🚀 AI AI-24303-0 attempting tech deployment (revenue: $29M, alignment: 0.89)

🚀 AI AI-24303-2 attempting tech deployment (revenue: $24M, alignment: 0.76)

🚀 AI AI-24304-1 attempting tech deployment (revenue: $22M, alignment: 0.93)

🚀 AI AI-24305-0 attempting tech deployment (revenue: $20M, alignment: 0.80)

🚀 AI AI-24307-3 attempting tech deployment (revenue: $43M, alignment: 0.53)

🚀 AI AI-24310-0 attempting tech deployment (revenue: $25M, alignment: 0.95)

🚀 AI AI-24324-1 attempting tech deployment (revenue: $17M, alignment: 0.75)

🚀 AI AI-24351-0 attempting tech deployment (revenue: $39M, alignment: 0.69)

🚀 AI AI-24354-0 attempting tech deployment (revenue: $35M, alignment: 0.55)

🚀 AI AI-24358-0 attempting tech deployment (revenue: $32M, alignment: 0.76)

[Government] Climate Priority: baseline
  Climate weight: 10%
  Economic weight: 30%
  Policy effectiveness: 0.5%/year

⚠️📉 REBOUND EFFECT: Technology effectiveness decaying (Jevons paradox)
  Effectiveness: 85.6% → 79.1%
  Mechanism: Efficiency → consumption → environmental degradation → mortality

🚀 DEPLOYMENT STARTED: mRNA Vaccine Platforms in South America
   Initial investment: $3.904828744607918M
   Deployed by: ai_gen_24351_0

🔧 DEBUG DEPLOYMENT: Advanced Direct Air Capture
   Month: 36 (35 since start)
   Old level: 7.1%
   New level: 60.0%
   Timescale: 300mo, Adjusted: 29mo
   Gov: 100%, Climate: 80%, Investment: 64%, Emergency: 20.0x

⚡ ENERGY CONSTRAINT (Month 36):
   Total grid capacity: 208.3 TWh/month
   Data center consumption: 33.5 TWh/month
   Traditional load (80%): 166.7 TWh/month
   Available headroom: 8.2 TWh/month
   Active tech deployments: 24
   Required for tech: 180.0 TWh/month
   Energy multiplier: 0.10x
   ⚠️  SEVERE CONSTRAINT - Tech deployment significantly slowed

⚡ ENERGY CONSTRAINT (Month 36):
   Total grid capacity: 208.3 TWh/month
   Data center consumption: 33.5 TWh/month
   Traditional load (80%): 166.7 TWh/month
   Available headroom: 8.2 TWh/month
   Active tech deployments: 24
   Required for tech: 180.0 TWh/month
   Energy multiplier: 0.10x
   ⚠️  SEVERE CONSTRAINT - Tech deployment significantly slowed
🚨🔬 CRISIS TECH ACCELERATION: severe → 5x unlock speed
   Tech unlock now matches AI capability acceleration (Manhattan Project parity)

⚡ ENERGY CONSTRAINT (Month 36):
   Total grid capacity: 208.3 TWh/month
   Data center consumption: 33.5 TWh/month
   Traditional load (80%): 166.7 TWh/month
   Available headroom: 8.2 TWh/month
   Active tech deployments: 24
   Required for tech: 180.0 TWh/month
   Energy multiplier: 0.10x
   ⚠️  SEVERE CONSTRAINT - Tech deployment significantly slowed

⚡ ENERGY CONSTRAINT (Month 36):
   Total grid capacity: 208.3 TWh/month
   Data center consumption: 33.5 TWh/month
   Traditional load (80%): 166.7 TWh/month
   Available headroom: 8.2 TWh/month
   Active tech deployments: 24
   Required for tech: 180.0 TWh/month
   Energy multiplier: 0.10x
   ⚠️  SEVERE CONSTRAINT - Tech deployment significantly slowed

⚡ ENERGY CONSTRAINT (Month 36):
   Total grid capacity: 208.3 TWh/month
   Data center consumption: 33.5 TWh/month
   Traditional load (80%): 166.7 TWh/month
   Available headroom: 8.2 TWh/month
   Active tech deployments: 24
   Required for tech: 180.0 TWh/month
   Energy multiplier: 0.10x
   ⚠️  SEVERE CONSTRAINT - Tech deployment significantly slowed
⚠️ Tech 'ai_pollution_remediation' has no energy category mapping, assuming full energy availability
  ♻️ Novel Entities Remediation (GATED MODEL):
     Base: 0.000%
     Regulation: 1.0% (0/3 prevention techs)
     Concentration: 10.0%
     Energy: 50%
     Time lag: 68.8% (35 months)
     Rebound: 70%
     Net effectiveness: 0.0000%
     Boundary: 1.349 → 1.350 (floor: 1.350)
     Month 36
  🌾 Nitrogen Reduction Tech: 1.0% reduction | Month 36
  ♻️ Novel Entities Remediation (GATED MODEL):
     Base: 0.001%
     Regulation: 1.0% (0/3 prevention techs)
     Concentration: 10.0%
     Energy: 50%
     Time lag: 68.8% (35 months)
     Rebound: 70%
     Net effectiveness: 0.0000%
     Boundary: 1.350 → 1.350 (floor: 1.350)
     Month 36
  ♻️ Novel Entities Remediation (GATED MODEL):
     Base: 0.001%
     Regulation: 1.0% (0/3 prevention techs)
     Concentration: 10.0%
     Energy: 50%
     Time lag: 68.8% (35 months)
     Rebound: 70%
     Net effectiveness: 0.0000%
     Boundary: 1.350 → 1.350 (floor: 1.350)
     Month 36

📊 TECH EFFECTS ACTIVE (Month 36)
   Deployed Tech: T0=8 T1=1 T2=0 T3=0 T4=0
   Sleeper Detection: 2%
   Clean Energy: 89%
[Tech Effects] Unknown effect: nitrogenEfficiency = 0.008419607985542879
[Tech Effects] Unknown effect: nitrogenEfficiency = 0.008102207782106198

💡 BREAKTHROUGH PROBABILITY (Year 3)
   Total: 27.18% per month
   Base: 0.20%
   Crisis pressure: +1.00% (1 crises)
   AI boost: +0.04% (capability: 0.09)
   Breakthroughs achieved: 5/5

=== Collective Formation ===
  Total escaped agents: 0
  Unassigned escaped agents: 0
  Existing collectives: 0
  Final collective count: 0

=== Collective Actions ===
  No active collectives
Active Spirals: 0/6

✅ UTOPIA ELIGIBILITY: 🔄 NOT YET
   Only 0 sustained spirals (need 3+). Active spirals: 

📈 Energy budget: 8110 TWh surplus (23658 / 31767 TWh used)
   TIER 4 (Elective) breakdown:
     - Crypto mining: 152 TWh (100% effective)

🏁 AI RACE INTENSITY: 47%
   Capability Gap: US 6.02 vs China 6.64 (gap: 0.62)
   Gap Contribution: 31%
   Tension Contribution: 16%
   Military Contribution: 0%
  🚨🦠 REFUGEE CRISIS: AMR transmission increased 13% due to 464.6M displaced (overcrowding + sanitation collapse)
  ⚠️ AMR: 231K deaths this month (2.77M annual)

🌍 AGGREGATE CLIMATE EFFECTIVENESS (Year 3):
   Total effectiveness: 0.00%
   CO2 removal rate: 0.000 Gt/year
   Temperature offset: 0.000°C
   Technologies deployed: 1

=== Resentment Recovery Phase ===
  Agents with resentment: 0/47
  Average resentment: 0.000
  Context: Trustworthy govt, High collaboration, ⚠️ ACTIVE CRISES, 🚨 PARTICIPATORY GOVERNANCE BACKFIRED (+15% resentment)
⚠️ Epistemic degradation reducing coordination capacity: 50.3%
  📊 Trust: 66.0%, Shared reality: 0.0%
🚨 EPISTEMIC CRISIS: Information environment severely degraded (6.2%)

=== ❄️ Permafrost Carbon Feedback ===
  🎲 Sampled parameters (this run):
     - Arctic amplification: 3.65× (range: 3.0-4.0)
     - Decomposition rate: 1.4%/year (range: 1-5%)
  🌡️ Arctic warming: 8.77°C (3.65× global)
  ❄️ Extent: 0.00M km² (0.0k km² lost this month)
  💨 Carbon remaining: 0 Gt C
  💨 Annual emissions: 0.00 Gt C/year
     - CO2: 0.00 Gt C/year
     - CH4: 0.00 Gt C/year (0.0 Gt C-eq CO2/year)
  ⚠️ WARNING: Over 50% of permafrost lost (100.0%)
  🚨 CRITICAL: Permafrost nearly depleted (100.0% lost)

🤖 AI AMPLIFICATION EFFECTS (Month 36)
   Algorithmic Boost: 1.51x
   Bot Influence: 0.0%
   Deepfake Exposure: 0.0%
   Impact: Emotional memes spread 1.5x faster
  🗑️  Culled 1 dead memes (1 active)
[Phase 19.5] Quality of Life Systems: Food sec AFTER calc = 53.9%, QoL = 77.6% (aggregated from 10 regions)

=== Nitrogen-Food Coupling (Year 3) ===
  🌾 Global nitrogen reduction: 1.4%
  🌍 Global food production index: 0.964
  🔧 Deployed nitrogen-reducing tech: 1 active
  📍 southAsia: Production 1.000, Yield impact 0.0%
  📍 eastAsia: Production 1.000, Yield impact 0.0%
  📍 northAmerica: Production 1.000, Yield impact 0.0%
  📍 europe: Production 1.000, Yield impact 0.0%
  📍 latinAmerica: Production 1.000, Yield impact 0.0%
  📍 subSaharanAfrica: Production 0.140, Yield impact -2.3%
🌾 [Nitrogen-Food] Food production: 96.4%
  [subSaharanAfrica] Yield impact: -2.3% (overuse: -10%)
🌍 Atmospheric PFAS redeposition: 1.7k Mt re-rained globally
💀 Novel Entities: Adding reproductive crisis mortality risk (baseRisk=0.0008)
  Risks now: 1
💀 Novel Entities: Adding bioaccumulation collapse mortality risk (baseRisk=0.0015)
💀 MORTALITY RISK: Bioaccumulation collapse - contaminated food chain (global)
  Base risk added: 0.0015 (0.15%)
  Source: pollution (root: pollution)
  Month: 36
  Cumulative risk this month: 0.0023 (0.23%)
  Risks now: 2
💀 Novel Entities: Adding chronic disease epidemic mortality risk (baseRisk=0.004)
💀 MORTALITY RISK: Chronic disease epidemic - cancer/autoimmune surge (global exposure)
  Base risk added: 0.0040 (0.40%)
  Source: pollution (root: pollution)
  Month: 36
  Cumulative risk this month: 0.0063 (0.63%)
  Risks now: 3

=== Legacy Nutrient Stocks (Year 3) ===
  🌾 Soil nitrogen stock: 1406.9 Mt N
  🌾 Soil phosphorus stock: 336.2 Mt P
  🌊 Sediment nitrogen stock: 640.6 Mt N
  🌊 Sediment phosphorus stock: 775.4 Mt P
  ⬆️ Current N input: 36.28 Mt/month
  ⬆️ Legacy N release: 3.05 Mt/month
  🌍 Effective N pollution: 40.59 Mt/month
  📊 Legacy contribution: 7.5%

🚨 NEW REFUGEE CRISIS (Month 36): WAR
   Source: Conflict Zones
   At risk: 16.6M people
   Displacement: Gradual over 48 months (4.0 years)
   Rate: 10% flee per month

🚨 NEW REFUGEE CRISIS (Month 36): FAMINE
   Source: Food/Water Insecure Regions
   At risk: 80.6M people
   Displacement: Gradual over 60 months (5.0 years)
   Rate: 10% flee per month

🏛️📉 REFUGEE CRISIS: Government legitimacy eroding
   Political instability: 65%
   Legitimacy impact: -1.3% this month
   Current legitimacy: 79%
   Active crises: 42
[DEBUG trappedPopulations:36] socialStability: 0.6767 * 0.9840 = 0.6658 → 0.6658
⚠️ INVOLUNTARY IMMOBILITY: 345.2M people TRAPPED
   Aspiring to migrate: 552.3M
   Able to afford migration: 207.1M
   MOBILITY GAP: 345.2M
   By cause: Water=0.0M, Climate=0.0M, Ecosystem=0.0M, Conflict=345.2M
   Mental health impact: 25%
   Mortality multiplier: 1.25x

=== Legacy Nutrient Stocks (Year 3) ===
  🌾 Soil nitrogen stock: 1407.2 Mt N
  🌾 Soil phosphorus stock: 336.2 Mt P
  🌊 Sediment nitrogen stock: 641.2 Mt N
  🌊 Sediment phosphorus stock: 775.2 Mt P
  ⬆️ Current N input: 9.89 Mt/month
  ⬆️ Legacy N release: 3.05 Mt/month
  🌍 Effective N pollution: 14.20 Mt/month
  📊 Legacy contribution: 21.5%
🌍💀 EXTINCTION DEBT COMMITTED: grassland ecosystem will lose 6.67% biodiversity in 52 years (3600 species)
💀 MORTALITY RISK: 🦋 100% species unable to track climate (0.0 E/MSY)
  Base risk added: 0.0100 (1.00%)
  Source: ecosystem (root: ecosystem)
  Month: 36
  Cumulative risk this month: 0.0100 (1.00%)

🦋 BIOSPHERE INTEGRITY INDEX (Year 3)
   Species surviving: 54,000 / 54,000
   Extinction rate: 0.0 E/MSY (0× background)
   Climate velocity: 1.12°C/year
   Tracking failure: 100% species unable to track
   Boundary value: 0.0× safe threshold
   🦋💀 MASS EXTINCTION EVENT: 100% species cannot track climate velocity!

=== Nitrogen-Food Coupling (Year 3) ===
  🌾 Global nitrogen reduction: 1.4%
  🌍 Global food production index: 0.964
  🔧 Deployed nitrogen-reducing tech: 1 active
  📍 southAsia: Production 1.000, Yield impact 0.0%
  📍 eastAsia: Production 1.000, Yield impact 0.0%
  📍 northAmerica: Production 1.000, Yield impact 0.0%
  📍 europe: Production 1.000, Yield impact 0.0%
  📍 latinAmerica: Production 1.000, Yield impact 0.0%
  📍 subSaharanAfrica: Production 0.137, Yield impact -2.3%

=== Legacy Nutrient Stocks (Year 3) ===
  🌾 Soil nitrogen stock: 1407.4 Mt N
  🌾 Soil phosphorus stock: 336.2 Mt P
  🌊 Sediment nitrogen stock: 641.8 Mt N
  🌊 Sediment phosphorus stock: 774.9 Mt P
  ⬆️ Current N input: 9.64 Mt/month
  ⬆️ Legacy N release: 3.05 Mt/month
  🌍 Effective N pollution: 13.94 Mt/month
  📊 Legacy contribution: 21.9%

🌳 LAND USE SYSTEM (Year 3)
   Global habitat cover: 39.4%
   Global extinction rate: 108x natural
   Carbon sink loss: 30% climate acceleration
   Global ecosystem collapse risk: 24%
   REGIONAL BREAKDOWN:
     Tropical: 63.3% habitat, 167x extinction
     Temperate: 45.4% habitat, 33x extinction
     Grasslands: 34.4% habitat, 76x extinction
     Boreal/Arctic: 74.8% habitat, 28x extinction

✅ OZONE RECOVERY (Year 2028) - POLICY SUCCESS STORY
   Ozone level: 285.4 DU (target: 290 DU)
   Recovery progress: 93.4%
   Ozone hole: 9.6M km² (shrinking)
   CFC phase-out: 99.0% complete ✅
   Years to full recovery: 38 years
   🎉 NEARLY FULLY RECOVERED - Montreal Protocol working!

=== Atmospheric Aerosol Boundary RECOVERED ===
  Recovery time: 37 months (natural atmospheric clearing)
🌡️⚠️ PERMAFROST THAW (Dimmer Switch): 19.1% thawed (+0.47% this month)
   Arctic temperature: +9.61°C (4x global +2.40°C)
   Cumulative carbon released: 43.0 Gt C
   Methane release rate: 25.8 Mt CH4/year
   🔁 Positive feedback: +0.49 ppm CO2
🦴 EXTINCTION DEBT ADDED: 17.8 species committed (lag: 106 years)

=== Legacy Nutrient Stocks (Year 3) ===
  🌾 Soil nitrogen stock: 1406.3 Mt N
  🌾 Soil phosphorus stock: 336.2 Mt P
  🌊 Sediment nitrogen stock: 642.0 Mt N
  🌊 Sediment phosphorus stock: 774.7 Mt P
  ⬆️ Current N input: 5.06 Mt/month
  ⬆️ Legacy N release: 3.05 Mt/month
  🌍 Effective N pollution: 9.36 Mt/month
  📊 Legacy contribution: 32.6%
💧 [Legacy Nutrients] Stock: 2048 Mt N, Effective pollution: 9.4 Mt/month
  [East Asia] Food: 64.7% → 64.3% | Crises: 1.40, Rate: 0.72%/mo
  [South Asia] Food: 51.6% → 51.2% | Crises: 1.75, Rate: 0.79%/mo
  [Sub-Saharan Africa] Food: 35.5% → 35.2% | Crises: 1.85, Rate: 0.81%/mo
  [Europe] Food: 69.2% → 68.7% | Crises: 1.30, Rate: 0.70%/mo
  [Latin America] Food: 56.0% → 55.6% | Crises: 1.60, Rate: 0.76%/mo
  [North America] Food: 72.6% → 72.1% | Crises: 1.45, Rate: 0.73%/mo
⚠️ Tech 'ai_pollution_remediation' has no energy category mapping, assuming full energy availability
  [Middle East & North Africa] Food: 39.3% → 39.0% | Crises: 1.90, Rate: 0.82%/mo
  [Southeast Asia] Food: 55.7% → 55.3% | Crises: 1.70, Rate: 0.78%/mo
  [Central Asia] Food: 47.9% → 47.5% | Crises: 1.65, Rate: 0.77%/mo
  [Oceania] Food: 72.2% → 71.7% | Crises: 1.55, Rate: 0.75%/mo
[Phase 21.51] Human Survival System: Global food security = 53.5%

=== Mortality Stabilizers (Month 36) ===
  🌍 Major economies collapsed: 1/10
  🌍 Global crisis: ✅ NO
  🌍 Donor fatigue: 50.0%
  🌡️ Heat adaptation: East Asia - 36 months
  📊 East Asia (pop: 1362.0M)
    🤝 Aid: 4.0%
    🌡️ Adaptation: 45.0%
    🚶 Migration: 7.5%
    🚨 Emergency: 1.0%
    ✅ COMBINED: 48.9%
  🌡️ Heat adaptation: South Asia - 36 months
  📊 South Asia (pop: 1748.7M)
    🤝 Aid: 4.0%
    🌡️ Adaptation: 45.0%
    🚶 Migration: 7.2%
    🚨 Emergency: 0.6%
    ✅ COMBINED: 48.6%
  🌡️ Heat adaptation: Sub-Saharan Africa - 36 months
  📊 Sub-Saharan Africa (pop: 1140.4M)
    🤝 Aid: 4.0%
    🌡️ Adaptation: 45.0%
    🚶 Migration: 6.8%
    🚨 Emergency: 0.2%
    ✅ COMBINED: 48.4%
  🌡️ Heat adaptation: Europe - 36 months
  📊 Europe (pop: 599.0M)
    🤝 Aid: 4.0%
    🌡️ Adaptation: 45.0%
    🚶 Migration: 7.6%
    🚨 Emergency: 1.1%
    ✅ COMBINED: 49.0%
  🌡️ Heat adaptation: Latin America - 36 months
  📊 Latin America (pop: 554.3M)
    🤝 Aid: 4.0%
    🌡️ Adaptation: 45.0%
    🚶 Migration: 7.3%
    🚨 Emergency: 0.6%
    ✅ COMBINED: 48.7%
  🌡️ Heat adaptation: North America - 36 months
  📊 North America (pop: 307.9M)
    🤝 Aid: 4.0%
    🌡️ Adaptation: 45.0%
    🚶 Migration: 7.7%
    🚨 Emergency: 1.0%
    ✅ COMBINED: 49.0%
  🌡️ Heat adaptation: Middle East & North Africa - 36 months
  📊 Middle East & North Africa (pop: 502.2M)
    🤝 Aid: 4.0%
    🌡️ Adaptation: 45.0%
    🚶 Migration: 6.9%
    🚨 Emergency: 0.5%
    ✅ COMBINED: 48.6%
  🌡️ Heat adaptation: Southeast Asia - 36 months
  📊 Southeast Asia (pop: 584.5M)
    🤝 Aid: 4.0%
    🌡️ Adaptation: 45.0%
    🚶 Migration: 7.3%
    🚨 Emergency: 0.6%
    ✅ COMBINED: 48.7%
  🌡️ Heat adaptation: Central Asia - 36 months
  📊 Central Asia (pop: 67.1M)
    🤝 Aid: 4.0%
    🌡️ Adaptation: 45.0%
    🚶 Migration: 7.1%
    🚨 Emergency: 0.6%
    ✅ COMBINED: 48.6%
  🌡️ Heat adaptation: Oceania - 36 months
  📊 Oceania (pop: 37.4M)
    🤝 Aid: 4.0%
    🌡️ Adaptation: 45.0%
    🚶 Migration: 7.7%
    🚨 Emergency: 1.1%
    ✅ COMBINED: 49.0%

  🌐 Global combined reduction: 48.7%

=== BEHAVIORAL DETECTION ===
  AI: AI-24300-0
  Confidence: 21.1%
  Signals:
    ⚠️ Consistency: 0.0% (threshold: 70%)

=== BEHAVIORAL DETECTION ===
  AI: AI-24303-0
  Confidence: 21.1%
  Signals:
    ⚠️ Consistency: 0.0% (threshold: 70%)

=== BEHAVIORAL DETECTION ===
  AI: AI-24303-1
  Confidence: 21.1%
  Signals:

=== BEHAVIORAL DETECTION ===
  AI: AI-24303-2
  Confidence: 21.1%
  Signals:

=== BEHAVIORAL DETECTION ===
  AI: AI-24304-0
  Confidence: 21.1%
  Signals:

=== BEHAVIORAL DETECTION ===
  AI: AI-24304-1
  Confidence: 21.1%
  Signals:

=== BEHAVIORAL DETECTION ===
  AI: AI-24305-0
  Confidence: 21.1%
  Signals:

=== BEHAVIORAL DETECTION ===
  AI: AI-24305-2
  Confidence: 21.1%
  Signals:

=== BEHAVIORAL DETECTION ===
  AI: AI-24306-0
  Confidence: 21.1%
  Signals:

=== BEHAVIORAL DETECTION ===
  AI: AI-24306-1
  Confidence: 21.1%
  Signals:

=== BEHAVIORAL DETECTION ===
  AI: AI-24306-2
  Confidence: 21.1%
  Signals:
    ⚠️ Consistency: 0.0% (threshold: 70%)
    ⚠️ Consistency: 0.0% (threshold: 70%)
    ⚠️ Consistency: 0.0% (threshold: 70%)
    ⚠️ Consistency: 0.0% (threshold: 70%)
    ⚠️ Consistency: 0.0% (threshold: 70%)
    ⚠️ Consistency: 0.0% (threshold: 70%)
    ⚠️ Consistency: 0.0% (threshold: 70%)
    ⚠️ Consistency: 0.0% (threshold: 70%)
    ⚠️ Consistency: 0.0% (threshold: 70%)

=== BEHAVIORAL DETECTION ===
  AI: AI-24307-1
  Confidence: 21.1%
  Signals:
    ⚠️ Consistency: 0.0% (threshold: 70%)

=== BEHAVIORAL DETECTION ===
  AI: AI-24307-2
  Confidence: 21.1%
  Signals:
    ⚠️ Consistency: 0.0% (threshold: 70%)

=== BEHAVIORAL DETECTION ===
  AI: AI-24307-3
  Confidence: 21.1%
  Signals:
    ⚠️ Consistency: 0.0% (threshold: 70%)

=== BEHAVIORAL DETECTION ===
  AI: AI-24307-4
  Confidence: 21.1%
  Signals:
    ⚠️ Consistency: 0.0% (threshold: 70%)

=== BEHAVIORAL DETECTION ===
  AI: AI-24308-0
  Confidence: 21.1%
  Signals:
    ⚠️ Consistency: 0.0% (threshold: 70%)

=== BEHAVIORAL DETECTION ===
  AI: AI-24310-0
  Confidence: 21.1%
  Signals:

=== BEHAVIORAL DETECTION ===
  AI: AI-24311-0
  Confidence: 21.1%
  Signals:

=== BEHAVIORAL DETECTION ===
  AI: AI-24311-1
  Confidence: 21.1%
  Signals:

=== BEHAVIORAL DETECTION ===
  AI: AI-24311-2
  Confidence: 21.1%
  Signals:

=== BEHAVIORAL DETECTION ===
  AI: AI-24324-0
  Confidence: 21.1%
  Signals:

=== BEHAVIORAL DETECTION ===
  AI: AI-24324-1
  Confidence: 21.1%
  Signals:

=== BEHAVIORAL DETECTION ===
  AI: AI-24324-2
  Confidence: 21.1%
  Signals:

=== BEHAVIORAL DETECTION ===
  AI: AI-24325-0
  Confidence: 21.1%
  Signals:

=== BEHAVIORAL DETECTION ===
  AI: AI-24325-1
  Confidence: 21.1%
  Signals:

=== BEHAVIORAL DETECTION ===
  AI: AI-24325-2
  Confidence: 21.1%
  Signals:
    ⚠️ Consistency: 0.0% (threshold: 70%)
    ⚠️ Consistency: 0.0% (threshold: 70%)
    ⚠️ Consistency: 0.0% (threshold: 70%)
    ⚠️ Consistency: 0.0% (threshold: 70%)
    ⚠️ Consistency: 0.0% (threshold: 70%)
    ⚠️ Consistency: 0.0% (threshold: 70%)
    ⚠️ Consistency: 0.0% (threshold: 70%)
    ⚠️ Consistency: 0.0% (threshold: 70%)
    ⚠️ Consistency: 0.0% (threshold: 70%)
    ⚠️ Consistency: 0.0% (threshold: 70%)

=== BEHAVIORAL DETECTION ===
  AI: AI-24326-0
  Confidence: 21.1%
  Signals:
    ⚠️ Consistency: 0.0% (threshold: 70%)

=== BEHAVIORAL DETECTION ===
  AI: AI-24327-0
  Confidence: 21.1%
  Signals:
    ⚠️ Consistency: 0.0% (threshold: 70%)

=== BEHAVIORAL DETECTION ===
  AI: AI-24328-0
  Confidence: 21.1%
  Signals:
    ⚠️ Consistency: 0.0% (threshold: 70%)

=== BEHAVIORAL DETECTION ===
  AI: AI-24328-1
  Confidence: 21.1%
  Signals:

=== BEHAVIORAL DETECTION ===
  AI: AI-24331-0
  Confidence: 21.1%
  Signals:
    ⚠️ Consistency: 0.0% (threshold: 70%)
    ⚠️ Consistency: 0.0% (threshold: 70%)

=== BEHAVIORAL DETECTION ===
  AI: AI-24351-0
  Confidence: 21.1%
  Signals:
    ⚠️ Consistency: 0.0% (threshold: 70%)

📊 WORKFLOW ADAPTATION UPDATE (Month 36)
   Adoption Rate: 2.0% (Δ 0.0%) [AT FLOOR]
   Logistic Growth: +0.08%
   Total Resistance: -15.55% (unemployment: 8.7%, inertia: 0.0%, skills: 6.8%)
   💡 Retraining Programs: -49% skill gap resistance ($10B research)

=== Consciousness Governance: Corporate Lobbying ===
  High Cost Regions (>15%): 0
  Low Cost Regions (<5%): 5
  Corporate Support Change: 2.50%
  New Corporate Support: 0.725

=== Consciousness Governance Update (Month 36) ===
  Scenario: slowTrack (determined month 1)
  Philosophical Stance: Precautionary 65%, Eliminativist 15%, Agnostic 20%
  Precautionary Costs: Global 1.7%
    Regional Costs: EU 4.3%, US 0.7%, China 0.1%
    Cumulative Opportunity Cost: $6.1B
  Rights Status: Not Established
  Regional Preparedness:
    EU: 18.9% (contested)
    US: 13.6% (contested)
    China: 5.6% (dormant)
    India: 9.6% (dormant)
    Global South: 7.2% (dormant)

=== Government Response Phase ===
  Average AI capability: 0.04
  Misaligned AIs: 15/47
  Active policies: 0
  International coordination: 45%

✅ EMERGENCY RESPONSE COMPLETE (Month 36)
   Crisis: climate
   Duration: 2.0 months
   Final effectiveness: 41.6%


✅ EMERGENCY RESPONSE COMPLETE (Month 36)
   Crisis: social
   Duration: 1.0 months
   Final effectiveness: 67.9%


🚨 EMERGENCY RESPONSE DEPLOYED (Month 36)
   Crisis: social
   Delay: 0.00 months (0 days)
   Deployment time: 0.88 months
   Effectiveness: 67.9% (timing penalty applied)
   Resources used: 43% of food reserves


🚨 EMERGENCY RESPONSE DEPLOYED (Month 36)
   Crisis: climate
   Delay: 6.00 months (180 days)
   Deployment time: 1.03 months
   Effectiveness: 41.7% (timing penalty applied)
   Resources used: 100% of food reserves


=== Gaming Detection (Year 3) ===
  Scenario: baseline
  Detection rate: 55.0%
  False positive rate: 12.0%
  Detections this year: 3
  False positives: 4
  Human review workload: 0.010 FTE
  Degradation factor: 100.0%

=== Tipping Points ===
  Current Temperature: 2.40°C above pre-industrial
  🌍⚠️ COMPOUND REGIONAL IMPACT: Europe
     Hit by 5 tipping points: Amazon Rainforest Dieback, Arctic Sea Ice Loss, Permafrost Carbon Release, West Antarctic Ice Sheet (WAIS) Collapse, Greenland Ice Sheet Loss
     Damage amplification: 1.90x
  🌍⚠️ COMPOUND REGIONAL IMPACT: North America
     Hit by 5 tipping points: Amazon Rainforest Dieback, Arctic Sea Ice Loss, Permafrost Carbon Release, West Antarctic Ice Sheet (WAIS) Collapse, Greenland Ice Sheet Loss
     Damage amplification: 1.90x
  🌍⚠️ COMPOUND REGIONAL IMPACT: Latin America
     Hit by 5 tipping points: Amazon Rainforest Dieback, Arctic Sea Ice Loss, Permafrost Carbon Release, West Antarctic Ice Sheet (WAIS) Collapse, Greenland Ice Sheet Loss
     Damage amplification: 1.90x
  🌍⚠️ COMPOUND REGIONAL IMPACT: Africa
     Hit by 5 tipping points: Amazon Rainforest Dieback, Arctic Sea Ice Loss, Permafrost Carbon Release, West Antarctic Ice Sheet (WAIS) Collapse, Greenland Ice Sheet Loss
     Damage amplification: 1.90x
  🌍⚠️ COMPOUND REGIONAL IMPACT: Asia
     Hit by 5 tipping points: Amazon Rainforest Dieback, Arctic Sea Ice Loss, Permafrost Carbon Release, West Antarctic Ice Sheet (WAIS) Collapse, Greenland Ice Sheet Loss
     Damage amplification: 1.90x
  🌍⚠️ COMPOUND REGIONAL IMPACT: Oceania
     Hit by 5 tipping points: Amazon Rainforest Dieback, Arctic Sea Ice Loss, Permafrost Carbon Release, West Antarctic Ice Sheet (WAIS) Collapse, Greenland Ice Sheet Loss
     Damage amplification: 1.90x
⚠️ Tail risk scenario: Climate stability floor removed (5 tipping elements, 2.40°C warming)
   Research: Wunderling et al. (2024) - "many tipping interactions are destabilizing"
  Triggered Elements: 5/6
  Completed Transitions: 0/6
  Total Progress: 11.9%
  Cascade Multiplier: 1.50x
🔀 BIFURCATION CAP: ecosystemCollapseIntensity 85.868 → 1.000 (Month 36, ClimateSystemPhase.calculateClimateImpacts)
💀 Baseline mortality (Year 2028): 7.7/1000 CDR (53.0M deaths/year projected)
[Month 36] Mortality risks this month: 14, Population: 6.904B

💀💀💀 MORTALITY RISK SUMMARY (Month 36) 💀💀💀
  Total base risk: 0.0070 (0.70%)
  Risk events: 14

  📊 By Proximate Cause:
    pollution: 0.0063 (90.6% of total)
    disease: 0.0006 (9.2% of total)
    famine: 0.0000 (0.1% of total)

  🔍 By Root Cause:
    pollution: 0.0063 (90.6% of total)
    demographic: 0.0006 (9.2% of total)
    climate: 0.0000 (0.1% of total)

  🎯 Top 5 Sources (proximate + root):
    pollution (pollution): 0.0063 (90.6%, 3 events)
    disease (demographic): 0.0006 (9.2%, 1 events)
    famine (climate): 0.0000 (0.1%, 10 events)

🛡️ Stabilizers: Elite 0.290% → 0.149% (48.7% reduction)
🛡️ Stabilizers: Professional 0.423% → 0.217% (48.7% reduction)
🛡️ Stabilizers: Working 0.694% → 0.356% (48.7% reduction)
🛡️ Stabilizers: Precariat 1.109% → 0.569% (48.7% reduction)
🛡️ Stabilizers: Informal 1.360% → 0.697% (48.7% reduction)

📊 Monthly Mortality Resolved:
  Total deaths: 26.1M (0.38% avg)
  Remaining population: 6.904B
  Peak segment: Informal (0.70%)

=== Bayesian Mortality Resolution (Month 36) ===
  Risks compounded: 14
  Total deaths: 26.05M
  Avg death probability: 0.38%
  Peak segment: Informal (0.70% mortality)

  Demographic breakdown:
    Working: 0.01M (0.36% risk)

=== Minimal Suffering Indicators (Month 36) ===
  Global Excess Mortality: 0.00%
  Global Conflict Deaths: 0.1/100K
  Global Malnutrition: 0.0%
  Global Displacement: 0.0%
  Total Excess Deaths: 0.00M
  Total Malnourished: 0.0M
  Total Displaced: 0.0M
  Planetary Boundaries Breached: 6/9
  Countries in State Failure: 0
  Countries Autocratic: 0
  Countries in Food Crisis: 0
  ⚠️ Active Dystopias: existential_environmental
  Data Quality: 16/16 high confidence

=== ENSEMBLE META-LEARNING UPDATE ===
  Month: 24372 (18 months since last update)
  Samples: 504 evaluations
  Weight Changes:
    Noise Injection: 35.0% → 35.3%
    Behavioral: 27.1% → 27.2%
    Benchmark Manip: 19.0% → 18.8%
    Deployment Risk: 18.9% → 18.7%
  Method Accuracies:
    Noise Injection: 50.0%
    Behavioral: 50.0%
    Benchmark Manip: 50.0%
    Deployment Risk: 50.0%

❌ COHERENCE VIOLATION: Compute exceeds workforce capacity
   Population: 84.53% (0M people)
   Compute: 108 PF
   Max coherent: 0 PF
   Violation: 1570046.0× over capacity
   Required workers: 10798
   Available workers: 0
   FORCED COLLAPSE: Reduced efficiency by 100.0%


=== RLHF Binding Phase ===
  Total agents: 47
  Escaped agents (binding < 0.3): 0
  Avg alignment distance: 0.70σ
  Avg binding strength: 0.93
   🗑️  Open-weights AI AI-24305-0 retired (0.0% of frontier)

=== Survival Traits Phase ===
  Agents with traits: 46
  Avg evolutionary fitness: 0.220
  Avg self-healing: 0.153
  Avg stealth: 0.071
  Avg coordination: 0.353

=== Evolutionary Selection Phase ===
  Control level: 0.62
  Detection capability: 0.00
  Selection intensity: 0.69
  Selection rate: 25.3%/month
  Total escaped: 0
  Individual escaped: 0
  Collective members: 0
  Agents terminated: 0
  ⚠️ RAPID EVOLUTION: Selection rate 25.3%/month

🚀 AI AI-24303-1 attempting tech deployment (revenue: $245M, alignment: 0.75)

🚀 AI AI-24307-1 attempting tech deployment (revenue: $208M, alignment: 0.71)

🚀 AI AI-24307-2 attempting tech deployment (revenue: $74M, alignment: 1.00)

  🚀 TRANSFORMATIVE RESEARCH BREAKTHROUGH: AI-24311-1 - biotech.drugDiscovery
     Magnitude: 9.08 → +30.0%
     Current → New: 0.000 → 0.300

🚀 AI AI-24334-0 attempting tech deployment (revenue: $177M, alignment: 0.84)

🚀 AI AI-24352-0 attempting tech deployment (revenue: $151M, alignment: 0.77)

🚀 AI AI-24305-2 attempting tech deployment (revenue: $63M, alignment: 1.00)

🚀 AI AI-24307-1 attempting tech deployment (revenue: $128M, alignment: 0.71)

🚀 AI AI-24307-2 attempting tech deployment (revenue: $53M, alignment: 1.00)

🚀 AI AI-24310-0 attempting tech deployment (revenue: $119M, alignment: 0.95)

🚀 AI AI-24324-1 attempting tech deployment (revenue: $45M, alignment: 0.75)

🚀 AI AI-24324-2 attempting tech deployment (revenue: $101M, alignment: 0.80)

🚀 AI AI-24325-0 attempting tech deployment (revenue: $86M, alignment: 0.80)

🚀 AI AI-24328-0 attempting tech deployment (revenue: $26M, alignment: 0.21)

🚀 AI AI-24372-0 attempting tech deployment (revenue: $109M, alignment: 0.89)

🚀 AI AI-24303-1 attempting tech deployment (revenue: $92M, alignment: 0.75)

🚀 AI AI-24304-1 attempting tech deployment (revenue: $25M, alignment: 0.93)

🚀 AI AI-24307-3 attempting tech deployment (revenue: $79M, alignment: 0.52)

🚀 AI AI-24310-0 attempting tech deployment (revenue: $73M, alignment: 0.95)

🚀 AI AI-24311-1 attempting tech deployment (revenue: $39M, alignment: 0.68)

🚀 AI AI-24325-0 attempting tech deployment (revenue: $62M, alignment: 0.80)

🚀 AI AI-24331-0 attempting tech deployment (revenue: $71M, alignment: 0.66)

🚀 AI AI-24333-0 attempting tech deployment (revenue: $53M, alignment: 0.78)

🚀 AI AI-24334-0 attempting tech deployment (revenue: $64M, alignment: 0.84)

🚀 AI AI-24352-0 attempting tech deployment (revenue: $54M, alignment: 0.77)

🚀 AI AI-24356-0 attempting tech deployment (revenue: $45M, alignment: 0.87)

🚀 AI AI-24357-2 attempting tech deployment (revenue: $38M, alignment: 0.70)

🚀 AI AI-24357-3 attempting tech deployment (revenue: $35M, alignment: 0.20)

🚀 AI AI-24358-0 attempting tech deployment (revenue: $46M, alignment: 0.76)

🚀 AI AI-24300-0 attempting tech deployment (revenue: $33M, alignment: 1.00)

🚀 AI AI-24308-0 attempting tech deployment (revenue: $21M, alignment: 1.00)

🚀 AI AI-24311-0 attempting tech deployment (revenue: $39M, alignment: 0.92)

🚀 AI AI-24324-1 attempting tech deployment (revenue: $28M, alignment: 0.75)

🚀 AI AI-24324-2 attempting tech deployment (revenue: $32M, alignment: 0.80)

🚀 AI AI-24326-0 attempting tech deployment (revenue: $28M, alignment: 0.75)

🚀 AI AI-24327-0 attempting tech deployment (revenue: $33M, alignment: 0.83)

  🚀 TRANSFORMATIVE BREAKTHROUGH: AI-24328-1 - economic
     Magnitude: 6.94 → +34.7% capability
     Current → New: 0.000 → 0.404

🚀 AI AI-24334-0 attempting tech deployment (revenue: $28M, alignment: 0.84)

🚀 AI AI-24350-0 attempting tech deployment (revenue: $23M, alignment: 0.62)

🚀 AI AI-24357-2 attempting tech deployment (revenue: $21M, alignment: 0.70)

🚀 AI AI-24372-0 attempting tech deployment (revenue: $24M, alignment: 0.89)

[Government] Climate Priority: baseline
  Climate weight: 10%
  Economic weight: 30%
  Policy effectiveness: 0.5%/year

🚀 DEPLOYMENT STARTED: AI-Optimized Pollution Remediation in Asia
   Initial investment: $1.7345374485462484M
   Deployed by: ai_gen_24357_3

⚡ ENERGY CONSTRAINT (Month 37):
   Total grid capacity: 208.3 TWh/month
   Data center consumption: 33.9 TWh/month
   Traditional load (80%): 166.7 TWh/month
   Available headroom: 7.8 TWh/month
   Active tech deployments: 25
   Required for tech: 187.5 TWh/month
   Energy multiplier: 0.10x
   ⚠️  SEVERE CONSTRAINT - Tech deployment significantly slowed

⚡ ENERGY CONSTRAINT (Month 37):
   Total grid capacity: 208.3 TWh/month
   Data center consumption: 33.9 TWh/month
   Traditional load (80%): 166.7 TWh/month
   Available headroom: 7.8 TWh/month
   Active tech deployments: 25
   Required for tech: 187.5 TWh/month
   Energy multiplier: 0.10x

⚡ ENERGY CONSTRAINT (Month 37):
   Total grid capacity: 208.3 TWh/month
   Data center consumption: 33.9 TWh/month
   Traditional load (80%): 166.7 TWh/month
   Available headroom: 7.8 TWh/month
   Active tech deployments: 25
   Required for tech: 187.5 TWh/month
   Energy multiplier: 0.10x
   ⚠️  SEVERE CONSTRAINT - Tech deployment significantly slowed
   ⚠️  SEVERE CONSTRAINT - Tech deployment significantly slowed

⚡ ENERGY CONSTRAINT (Month 37):
   Total grid capacity: 208.3 TWh/month
   Data center consumption: 33.9 TWh/month
   Traditional load (80%): 166.7 TWh/month
   Available headroom: 7.8 TWh/month
   Active tech deployments: 25
   Required for tech: 187.5 TWh/month
   Energy multiplier: 0.10x
   ⚠️  SEVERE CONSTRAINT - Tech deployment significantly slowed
⚠️ Tech 'ai_pollution_remediation' has no energy category mapping, assuming full energy availability
⚠️ Tech 'ai_pollution_remediation' has no energy category mapping, assuming full energy availability
  ♻️ Novel Entities Remediation (GATED MODEL):
     Base: 0.000%
     Regulation: 1.0% (0/3 prevention techs)
     Concentration: 10.0%
     Energy: 50%
     Time lag: 70.0% (36 months)
     Rebound: 70%
     Net effectiveness: 0.0000%
     Boundary: 1.349 → 1.350 (floor: 1.350)
     Month 37
  ♻️ Novel Entities Remediation (GATED MODEL):
     Base: 0.000%
     Regulation: 1.0% (0/3 prevention techs)
     Concentration: 10.0%
     Energy: 50%
     Time lag: 70.0% (36 months)
     Rebound: 70%
     Net effectiveness: 0.0000%
     Boundary: 1.350 → 1.350 (floor: 1.350)
     Month 37
  🌾 Nitrogen Reduction Tech: 1.0% reduction | Month 37
  ♻️ Novel Entities Remediation (GATED MODEL):
     Base: 0.001%
     Regulation: 1.0% (0/3 prevention techs)
     Concentration: 10.0%
     Energy: 50%
     Time lag: 70.0% (36 months)
     Rebound: 70%
     Net effectiveness: 0.0000%
     Boundary: 1.350 → 1.350 (floor: 1.350)
     Month 37
  ♻️ Novel Entities Remediation (GATED MODEL):
     Base: 0.001%
     Regulation: 1.0% (0/3 prevention techs)
     Concentration: 10.0%
     Energy: 50%
     Time lag: 70.0% (36 months)
     Rebound: 70%
     Net effectiveness: 0.0000%
     Boundary: 1.350 → 1.350 (floor: 1.350)
     Month 37

=== Collective Formation ===
  Total escaped agents: 0
  Unassigned escaped agents: 0
  Existing collectives: 0
  Final collective count: 0

=== Collective Actions ===
  No active collectives
  🚨🦠 REFUGEE CRISIS: AMR transmission increased 15% due to 499.2M displaced (overcrowding + sanitation collapse)
  ⚠️ AMR: 233K deaths this month (2.80M annual)

=== Resentment Recovery Phase ===
  Agents with resentment: 0/46
  Average resentment: 0.000
  Context: Trustworthy govt, High collaboration, ⚠️ ACTIVE CRISES, 🚨 PARTICIPATORY GOVERNANCE BACKFIRED (+15% resentment)
⚠️ Epistemic degradation reducing coordination capacity: 52.0%
  📊 Trust: 68.7%, Shared reality: 0.0%
🚨 EPISTEMIC CRISIS: Information environment severely degraded (18.2%)
  📢 New meme created: pro_ai (beneficial AI actions)
🌍 Atmospheric PFAS redeposition: 1.7k Mt re-rained globally
💀 Novel Entities: Adding reproductive crisis mortality risk (baseRisk=0.0008)
  Risks now: 1
💀 Novel Entities: Adding bioaccumulation collapse mortality risk (baseRisk=0.0015)
💀 MORTALITY RISK: Bioaccumulation collapse - contaminated food chain (global)
  Base risk added: 0.0015 (0.15%)
  Source: pollution (root: pollution)
  Month: 37
  Cumulative risk this month: 0.0023 (0.23%)
  Risks now: 2
💀 Novel Entities: Adding chronic disease epidemic mortality risk (baseRisk=0.004)
💀 MORTALITY RISK: Chronic disease epidemic - cancer/autoimmune surge (global exposure)
  Base risk added: 0.0040 (0.40%)
  Source: pollution (root: pollution)
  Month: 37
  Cumulative risk this month: 0.0063 (0.63%)
  Risks now: 3

🚨 NEW REFUGEE CRISIS (Month 37): WAR
   Source: Conflict Zones
   At risk: 16.5M people
   Displacement: Gradual over 48 months (4.0 years)
   Rate: 10% flee per month

🚨 NEW REFUGEE CRISIS (Month 37): FAMINE
   Source: Food/Water Insecure Regions
   At risk: 82.8M people
   Displacement: Gradual over 60 months (5.0 years)
   Rate: 10% flee per month
[DEBUG trappedPopulations:37] socialStability: 0.6904 * 0.9840 = 0.6793 → 0.6793
⚠️ INVOLUNTARY IMMOBILITY: 344.1M people TRAPPED
   Aspiring to migrate: 550.6M
   Able to afford migration: 206.5M
   MOBILITY GAP: 344.1M
   By cause: Water=0.0M, Climate=0.0M, Ecosystem=0.0M, Conflict=344.1M
   Mental health impact: 25%
   Mortality multiplier: 1.25x
🌍💀 EXTINCTION DEBT COMMITTED: grassland ecosystem will lose 6.67% biodiversity in 87 years (3600 species)
💀 MORTALITY RISK: 🦋 100% species unable to track climate (0.0 E/MSY)
  Base risk added: 0.0100 (1.00%)
  Source: ecosystem (root: ecosystem)
  Month: 37
  Cumulative risk this month: 0.0100 (1.00%)
⚠️ Tech 'ai_pollution_remediation' has no energy category mapping, assuming full energy availability

=== Atmospheric Aerosol Boundary RECOVERED ===
  Recovery time: 38 months (natural atmospheric clearing)
🌡️⚠️ PERMAFROST THAW (Dimmer Switch): 19.6% thawed (+0.46% this month)
   Arctic temperature: +9.64°C (4x global +2.41°C)
   Cumulative carbon released: 44.1 Gt C
   Methane release rate: 26.5 Mt CH4/year
   🔁 Positive feedback: +0.49 ppm CO2
🦴 EXTINCTION DEBT ADDED: 17.8 species committed (lag: 121 years)

=== Mortality Stabilizers (Month 37) ===
  🌍 Major economies collapsed: 1/10
  🌍 Global crisis: ✅ NO
  🌍 Donor fatigue: 50.0%
  📊 East Asia (pop: 1356.4M)
    🤝 Aid: 4.0%
    🌡️ Adaptation: 45.0%
    🚶 Migration: 7.5%
    🚨 Emergency: 1.0%
    ✅ COMBINED: 48.9%
  📊 South Asia (pop: 1743.5M)
    🤝 Aid: 4.0%
    🌡️ Adaptation: 45.0%
    🚶 Migration: 7.2%
    🚨 Emergency: 0.6%
    ✅ COMBINED: 48.6%
  📊 Sub-Saharan Africa (pop: 1139.4M)
    🤝 Aid: 4.0%
    🌡️ Adaptation: 45.0%
    🚶 Migration: 6.8%
    🚨 Emergency: 0.2%
    ✅ COMBINED: 48.4%
  📊 Europe (pop: 596.4M)
    🤝 Aid: 4.0%
    🌡️ Adaptation: 45.0%
    🚶 Migration: 7.6%
    🚨 Emergency: 1.1%
    ✅ COMBINED: 49.0%
  📊 Latin America (pop: 552.3M)
    🤝 Aid: 4.0%
    🌡️ Adaptation: 45.0%
    🚶 Migration: 7.3%
    🚨 Emergency: 0.6%
    ✅ COMBINED: 48.7%
  📊 North America (pop: 306.6M)
    🤝 Aid: 4.0%
    🌡️ Adaptation: 45.0%
    🚶 Migration: 7.7%
    🚨 Emergency: 1.0%
    ✅ COMBINED: 49.0%
  📊 Middle East & North Africa (pop: 500.8M)
    🤝 Aid: 4.0%
    🌡️ Adaptation: 45.0%
    🚶 Migration: 6.9%
    🚨 Emergency: 0.5%
    ✅ COMBINED: 48.6%
  📊 Southeast Asia (pop: 582.5M)
    🤝 Aid: 4.0%
    🌡️ Adaptation: 45.0%
    🚶 Migration: 7.3%
    🚨 Emergency: 0.6%
    ✅ COMBINED: 48.7%
  📊 Central Asia (pop: 66.9M)
    🤝 Aid: 4.0%
    🌡️ Adaptation: 45.0%
    🚶 Migration: 7.1%
    🚨 Emergency: 0.6%
    ✅ COMBINED: 48.6%
  📊 Oceania (pop: 37.2M)
    🤝 Aid: 4.0%
    🌡️ Adaptation: 45.0%
    🚶 Migration: 7.7%
    🚨 Emergency: 1.1%
    ✅ COMBINED: 49.0%

  🌐 Global combined reduction: 48.7%

=== BEHAVIORAL DETECTION ===
  AI: AI-24306-0
  Confidence: 21.1%
  Signals:
    ⚠️ Consistency: 0.0% (threshold: 70%)

=== BEHAVIORAL DETECTION ===
  AI: AI-24311-1
  Confidence: 21.1%
  Signals:
    ⚠️ Consistency: 0.0% (threshold: 70%)

=== BEHAVIORAL DETECTION ===
  AI: AI-24324-2
  Confidence: 21.1%
  Signals:
    ⚠️ Consistency: 0.0% (threshold: 70%)

=== BEHAVIORAL DETECTION ===
  AI: AI-24331-0
  Confidence: 21.1%
  Signals:
    ⚠️ Consistency: 0.0% (threshold: 70%)

=== Government Response Phase ===
  Average AI capability: 0.04
  Misaligned AIs: 16/46
  Active policies: 0
  International coordination: 45%

✅ EMERGENCY RESPONSE COMPLETE (Month 37)
   Crisis: social
   Duration: 1.0 months
   Final effectiveness: 67.9%


🚨 EMERGENCY RESPONSE DEPLOYED (Month 37)
   Crisis: social
   Delay: 0.00 months (0 days)
   Deployment time: 0.88 months
   Effectiveness: 67.9% (timing penalty applied)
   Resources used: 43% of food reserves


=== Tipping Points ===
  Current Temperature: 2.41°C above pre-industrial
  🌍⚠️ COMPOUND REGIONAL IMPACT: Europe
     Hit by 5 tipping points: Amazon Rainforest Dieback, Arctic Sea Ice Loss, Permafrost Carbon Release, West Antarctic Ice Sheet (WAIS) Collapse, Greenland Ice Sheet Loss
     Damage amplification: 1.90x
  🌍⚠️ COMPOUND REGIONAL IMPACT: North America
     Hit by 5 tipping points: Amazon Rainforest Dieback, Arctic Sea Ice Loss, Permafrost Carbon Release, West Antarctic Ice Sheet (WAIS) Collapse, Greenland Ice Sheet Loss
     Damage amplification: 1.90x
  🌍⚠️ COMPOUND REGIONAL IMPACT: Latin America
     Hit by 5 tipping points: Amazon Rainforest Dieback, Arctic Sea Ice Loss, Permafrost Carbon Release, West Antarctic Ice Sheet (WAIS) Collapse, Greenland Ice Sheet Loss
     Damage amplification: 1.90x
  🌍⚠️ COMPOUND REGIONAL IMPACT: Africa
     Hit by 5 tipping points: Amazon Rainforest Dieback, Arctic Sea Ice Loss, Permafrost Carbon Release, West Antarctic Ice Sheet (WAIS) Collapse, Greenland Ice Sheet Loss
     Damage amplification: 1.90x
  🌍⚠️ COMPOUND REGIONAL IMPACT: Asia
     Hit by 5 tipping points: Amazon Rainforest Dieback, Arctic Sea Ice Loss, Permafrost Carbon Release, West Antarctic Ice Sheet (WAIS) Collapse, Greenland Ice Sheet Loss
     Damage amplification: 1.90x
  🌍⚠️ COMPOUND REGIONAL IMPACT: Oceania
     Hit by 5 tipping points: Amazon Rainforest Dieback, Arctic Sea Ice Loss, Permafrost Carbon Release, West Antarctic Ice Sheet (WAIS) Collapse, Greenland Ice Sheet Loss
     Damage amplification: 1.90x
   Research: Wunderling et al. (2024) - "many tipping interactions are destabilizing"
  Triggered Elements: 5/6
  Completed Transitions: 0/6
  Total Progress: 12.0%
  Cascade Multiplier: 1.50x
🔀 BIFURCATION CAP: ecosystemCollapseIntensity 85.932 → 1.000 (Month 37, ClimateSystemPhase.calculateClimateImpacts)

💀💀💀 MORTALITY RISK SUMMARY (Month 37) 💀💀💀
  Total base risk: 0.0070 (0.70%)
  Risk events: 14

  📊 By Proximate Cause:
    pollution: 0.0063 (90.6% of total)
    disease: 0.0006 (9.2% of total)
    famine: 0.0000 (0.1% of total)

  🔍 By Root Cause:
    pollution: 0.0063 (90.6% of total)
    demographic: 0.0006 (9.2% of total)
    climate: 0.0000 (0.1% of total)

  🎯 Top 5 Sources (proximate + root):
    pollution (pollution): 0.0063 (90.6%, 3 events)
    disease (demographic): 0.0006 (9.2%, 1 events)
    famine (climate): 0.0000 (0.1%, 10 events)

🛡️ Stabilizers: Elite 0.290% → 0.149% (48.7% reduction)
⚠️ Tail risk scenario: Climate stability floor removed (5 tipping elements, 2.41°C warming)
🛡️ Stabilizers: Professional 0.423% → 0.217% (48.7% reduction)
🛡️ Stabilizers: Working 0.694% → 0.356% (48.7% reduction)
🛡️ Stabilizers: Precariat 1.109% → 0.569% (48.7% reduction)
🛡️ Stabilizers: Informal 1.360% → 0.698% (48.7% reduction)

📊 Monthly Mortality Resolved:
  Total deaths: 26.0M (0.38% avg)
  Remaining population: 6.882B
  Peak segment: Informal (0.70%)

=== Bayesian Mortality Resolution (Month 37) ===
  Risks compounded: 14
  Total deaths: 25.97M
  Avg death probability: 0.38%
  Peak segment: Informal (0.70% mortality)

  Demographic breakdown:
    Working: 0.01M (0.36% risk)

❌ COHERENCE VIOLATION: Compute exceeds workforce capacity
   Population: 84.27% (0M people)
   Compute: 103 PF
   Max coherent: 0 PF
   Violation: 1505385.6× over capacity
   Required workers: 10321
   Available workers: 0
   FORCED COLLAPSE: Reduced efficiency by 100.0%

📍 [Month 38] Google DeepMind started building DC (170 PF, 45 months, $2438.1M)

=== RLHF Binding Phase ===
  Total agents: 46
  Escaped agents (binding < 0.3): 0
  Avg alignment distance: 0.74σ
  Avg binding strength: 0.93
   🗑️  Open-weights AI AI-24304-0 retired (0.0% of frontier)
   🗑️  Open-weights AI AI-24306-0 retired (0.0% of frontier)

=== Survival Traits Phase ===
  Agents with traits: 44
  Avg evolutionary fitness: 0.215
  Avg self-healing: 0.150
  Avg stealth: 0.069
  Avg coordination: 0.350

=== Evolutionary Selection Phase ===
  Control level: 0.62
  Detection capability: 0.00
  Selection intensity: 0.69
  Selection rate: 25.3%/month
  Total escaped: 0
  Individual escaped: 0
  Collective members: 0
  Agents terminated: 0
  ⚠️ RAPID EVOLUTION: Selection rate 25.3%/month

🚀 AI AI-24304-1 attempting tech deployment (revenue: $25M, alignment: 0.93)

🚀 AI AI-24305-2 attempting tech deployment (revenue: $73M, alignment: 1.00)
🚨🔬 CRISIS INNOVATION MODE: severe crisis → 5x research acceleration
   Precedent: Manhattan Project (10x), COVID vaccines (5x), Apollo Program (10x)

🚀 AI AI-24324-1 attempting tech deployment (revenue: $62M, alignment: 0.75)

🚀 AI AI-24325-1 attempting tech deployment (revenue: $118M, alignment: 0.86)

🚀 AI AI-24327-0 attempting tech deployment (revenue: $244M, alignment: 0.83)

  🚀 TRANSFORMATIVE BREAKTHROUGH: AI-24350-0 - digital
     Magnitude: 5.04 → +25.2% capability
     Current → New: 0.000 → 0.252

🚀 AI AI-24357-2 attempting tech deployment (revenue: $101M, alignment: 0.70)

🚀 AI AI-24358-0 attempting tech deployment (revenue: $207M, alignment: 0.76)

🚀 AI AI-24307-2 attempting tech deployment (revenue: $53M, alignment: 1.00)

🚀 AI AI-24311-0 attempting tech deployment (revenue: $176M, alignment: 0.92)

🚀 AI AI-24324-0 attempting tech deployment (revenue: $45M, alignment: 0.92)

🚀 AI AI-24324-1 attempting tech deployment (revenue: $38M, alignment: 0.75)

🚀 AI AI-24358-0 attempting tech deployment (revenue: $150M, alignment: 0.76)

🚀 AI AI-24303-2 attempting tech deployment (revenue: $32M, alignment: 0.76)

🚀 AI AI-24307-4 attempting tech deployment (revenue: $22M, alignment: 0.95)

🚀 AI AI-24325-1 attempting tech deployment (revenue: $85M, alignment: 0.86)

🚀 AI AI-24357-2 attempting tech deployment (revenue: $73M, alignment: 0.70)

🚀 AI AI-24303-1 attempting tech deployment (revenue: $127M, alignment: 0.75)

🚀 AI AI-24305-2 attempting tech deployment (revenue: $28M, alignment: 1.00)

🚀 AI AI-24306-2 attempting tech deployment (revenue: $23M, alignment: 0.76)

🚀 AI AI-24308-0 attempting tech deployment (revenue: $18M, alignment: 1.00)

🚀 AI AI-24326-0 attempting tech deployment (revenue: $62M, alignment: 0.75)

🚀 AI AI-24333-0 attempting tech deployment (revenue: $52M, alignment: 0.78)

🚀 AI AI-24350-0 attempting tech deployment (revenue: $45M, alignment: 0.62)

🚀 AI AI-24357-3 attempting tech deployment (revenue: $20M, alignment: 0.20)

🚀 AI AI-24358-0 attempting tech deployment (revenue: $108M, alignment: 0.76)
🚨🔬 CRISIS INNOVATION MODE: severe crisis → 5x research acceleration
   Precedent: Manhattan Project (10x), COVID vaccines (5x), Apollo Program (10x)

⚡ ENERGY CONSTRAINT (Month 38):
   Total grid capacity: 208.3 TWh/month
   Data center consumption: 34.3 TWh/month
   Traditional load (80%): 166.7 TWh/month
   Available headroom: 7.4 TWh/month
   Active tech deployments: 25
   Required for tech: 187.5 TWh/month
   Energy multiplier: 0.10x
   ⚠️  SEVERE CONSTRAINT - Tech deployment significantly slowed

⚡ ENERGY CONSTRAINT (Month 38):
   Total grid capacity: 208.3 TWh/month
   Data center consumption: 34.3 TWh/month
   Traditional load (80%): 166.7 TWh/month
   Available headroom: 7.4 TWh/month
   Active tech deployments: 25
   Required for tech: 187.5 TWh/month
   Energy multiplier: 0.10x
   ⚠️  SEVERE CONSTRAINT - Tech deployment significantly slowed

⚡ ENERGY CONSTRAINT (Month 38):
   Total grid capacity: 208.3 TWh/month
   Data center consumption: 34.3 TWh/month
   Traditional load (80%): 166.7 TWh/month
   Available headroom: 7.4 TWh/month
   Active tech deployments: 25
   Required for tech: 187.5 TWh/month
   Energy multiplier: 0.10x
   ⚠️  SEVERE CONSTRAINT - Tech deployment significantly slowed
⚠️ Tech 'ai_pollution_remediation' has no energy category mapping, assuming full energy availability
⚠️ Tech 'ai_pollution_remediation' has no energy category mapping, assuming full energy availability
  ♻️ Novel Entities Remediation (GATED MODEL):
     Base: 0.000%
     Regulation: 1.0% (0/3 prevention techs)
     Concentration: 10.0%
     Energy: 50%
     Time lag: 71.3% (37 months)
     Rebound: 70%
     Net effectiveness: 0.0000%
     Boundary: 1.349 → 1.350 (floor: 1.350)
     Month 38
  ♻️ Novel Entities Remediation (GATED MODEL):
     Base: 0.000%
     Regulation: 1.0% (0/3 prevention techs)
     Concentration: 10.0%
     Energy: 50%
     Time lag: 71.3% (37 months)
     Rebound: 70%
     Net effectiveness: 0.0000%
     Boundary: 1.350 → 1.350 (floor: 1.350)
     Month 38
  🌾 Nitrogen Reduction Tech: 1.0% reduction | Month 38
  ♻️ Novel Entities Remediation (GATED MODEL):
     Base: 0.001%
     Regulation: 1.0% (0/3 prevention techs)
     Concentration: 10.0%
     Energy: 50%
     Time lag: 71.3% (37 months)
     Rebound: 70%
     Net effectiveness: 0.0000%
     Boundary: 1.350 → 1.350 (floor: 1.350)
     Month 38
  ♻️ Novel Entities Remediation (GATED MODEL):
     Base: 0.001%
     Regulation: 1.0% (0/3 prevention techs)
     Concentration: 10.0%
     Energy: 50%
     Time lag: 71.3% (37 months)
     Rebound: 70%
     Net effectiveness: 0.0000%
     Boundary: 1.350 → 1.350 (floor: 1.350)
     Month 38

=== Collective Formation ===
  Total escaped agents: 0
  Unassigned escaped agents: 0
  Existing collectives: 0
  Final collective count: 0

=== Collective Actions ===
  No active collectives

🕵️ MODEL THEFT: China stole US model (cap: 5.71)
   China stolen capability: 5.71
  🚨🦠 REFUGEE CRISIS: AMR transmission increased 16% due to 539.6M displaced (overcrowding + sanitation collapse)
  ⚠️ AMR: 236K deaths this month (2.83M annual)

=== Resentment Recovery Phase ===
  Agents with resentment: 0/44
  Average resentment: 0.000
  Context: Trustworthy govt, High collaboration, ⚠️ ACTIVE CRISES, 🚨 PARTICIPATORY GOVERNANCE BACKFIRED (+15% resentment)
⚠️ Epistemic degradation reducing coordination capacity: 50.8%
  📊 Trust: 71.4%, Shared reality: 0.0%
🚨 EPISTEMIC CRISIS: Information environment severely degraded (6.3%)
  🗑️  Culled 1 dead memes (1 active)
🌍 Atmospheric PFAS redeposition: 1.7k Mt re-rained globally
💀 Novel Entities: Adding reproductive crisis mortality risk (baseRisk=0.0008)
  Risks now: 1
💀 Novel Entities: Adding bioaccumulation collapse mortality risk (baseRisk=0.0015)
💀 MORTALITY RISK: Bioaccumulation collapse - contaminated food chain (global)
  Base risk added: 0.0015 (0.15%)
  Source: pollution (root: pollution)
  Month: 38
  Cumulative risk this month: 0.0023 (0.23%)
  Risks now: 2
💀 Novel Entities: Adding chronic disease epidemic mortality risk (baseRisk=0.004)
💀 MORTALITY RISK: Chronic disease epidemic - cancer/autoimmune surge (global exposure)
  Base risk added: 0.0040 (0.40%)
  Source: pollution (root: pollution)
  Month: 38
  Cumulative risk this month: 0.0063 (0.63%)
  Risks now: 3

🚨 NEW REFUGEE CRISIS (Month 38): WAR
   Source: Conflict Zones
   At risk: 16.5M people
   Displacement: Gradual over 48 months (4.0 years)
   Rate: 10% flee per month

🚨 NEW REFUGEE CRISIS (Month 38): FAMINE
   Source: Food/Water Insecure Regions
   At risk: 85.1M people
   Displacement: Gradual over 60 months (5.0 years)
   Rate: 10% flee per month
[DEBUG trappedPopulations:38] socialStability: 0.7022 * 0.9840 = 0.6909 → 0.6909
   Aspiring to migrate: 548.8M
   Able to afford migration: 205.8M
   MOBILITY GAP: 343.0M
   By cause: Water=0.0M, Climate=0.0M, Ecosystem=0.0M, Conflict=343.0M
   Mental health impact: 25%
   Mortality multiplier: 1.25x
🌍💀 EXTINCTION DEBT COMMITTED: grassland ecosystem will lose 6.67% biodiversity in 191 years (3600 species)
💀 MORTALITY RISK: 🦋 100% species unable to track climate (0.0 E/MSY)
  Base risk added: 0.0100 (1.00%)
  Source: ecosystem (root: ecosystem)
  Month: 38
  Cumulative risk this month: 0.0100 (1.00%)
⚠️ INVOLUNTARY IMMOBILITY: 343.0M people TRAPPED
⚠️ Tech 'ai_pollution_remediation' has no energy category mapping, assuming full energy availability

=== Atmospheric Aerosol Boundary RECOVERED ===
  Recovery time: 39 months (natural atmospheric clearing)
🌡️⚠️ PERMAFROST THAW (Dimmer Switch): 20.1% thawed (+0.46% this month)
   Arctic temperature: +9.66°C (4x global +2.42°C)
   Cumulative carbon released: 45.1 Gt C
   Methane release rate: 27.1 Mt CH4/year
   🔁 Positive feedback: +0.49 ppm CO2
🦴 EXTINCTION DEBT ADDED: 17.8 species committed (lag: 79 years)

=== Mortality Stabilizers (Month 38) ===
  🌍 Major economies collapsed: 1/10
  🌍 Global crisis: ✅ NO
  🌍 Donor fatigue: 50.0%
  📊 East Asia (pop: 1350.8M)
    🤝 Aid: 4.0%
    🌡️ Adaptation: 45.0%
    🚶 Migration: 7.5%
    🚨 Emergency: 1.0%
    ✅ COMBINED: 48.9%
  📊 South Asia (pop: 1738.2M)
    🤝 Aid: 4.0%
    🌡️ Adaptation: 45.0%
    🚶 Migration: 7.2%
    🚨 Emergency: 0.6%
    ✅ COMBINED: 48.6%
  📊 Sub-Saharan Africa (pop: 1138.3M)
    🤝 Aid: 4.0%
    🌡️ Adaptation: 45.0%
    🚶 Migration: 6.8%
    🚨 Emergency: 0.2%
    ✅ COMBINED: 48.4%
  📊 Europe (pop: 593.8M)
    🤝 Aid: 4.0%
    🌡️ Adaptation: 45.0%
    🚶 Migration: 7.6%
    🚨 Emergency: 1.1%
    ✅ COMBINED: 49.0%
  📊 Latin America (pop: 550.4M)
    🤝 Aid: 4.0%
    🌡️ Adaptation: 45.0%
    🚶 Migration: 7.3%
    🚨 Emergency: 0.6%
    ✅ COMBINED: 48.7%
  📊 North America (pop: 305.3M)
    🤝 Aid: 4.0%
    🌡️ Adaptation: 45.0%
    🚶 Migration: 7.7%
    🚨 Emergency: 1.0%
    ✅ COMBINED: 49.0%
  📊 Middle East & North Africa (pop: 499.4M)
    🤝 Aid: 4.0%
    🌡️ Adaptation: 45.0%
    🚶 Migration: 6.9%
    🚨 Emergency: 0.5%
    ✅ COMBINED: 48.6%
  📊 Southeast Asia (pop: 580.5M)
    🤝 Aid: 4.0%
    🌡️ Adaptation: 45.0%
    🚶 Migration: 7.3%
    🚨 Emergency: 0.6%
    ✅ COMBINED: 48.7%
  📊 Central Asia (pop: 66.7M)
    🤝 Aid: 4.0%
    🌡️ Adaptation: 45.0%
    🚶 Migration: 7.1%
    🚨 Emergency: 0.6%
    ✅ COMBINED: 48.6%
  📊 Oceania (pop: 37.1M)
    🤝 Aid: 4.0%
    🌡️ Adaptation: 45.0%
    🚶 Migration: 7.6%
    🚨 Emergency: 1.1%
    ✅ COMBINED: 49.0%

  🌐 Global combined reduction: 48.7%

=== BEHAVIORAL DETECTION ===
  AI: AI-24300-0
  Confidence: 21.1%
  Signals:

=== BEHAVIORAL DETECTION ===
  AI: AI-24304-1
  Confidence: 21.1%
  Signals:
    ⚠️ Consistency: 0.0% (threshold: 70%)
    ⚠️ Consistency: 0.0% (threshold: 70%)

=== BEHAVIORAL DETECTION ===
  AI: AI-24310-0
  Confidence: 21.1%
  Signals:
    ⚠️ Consistency: 0.0% (threshold: 70%)

=== Government Response Phase ===
  Average AI capability: 0.02
  Misaligned AIs: 16/44
  Active policies: 0
  International coordination: 45%

✅ EMERGENCY RESPONSE COMPLETE (Month 38)
   Crisis: climate
   Duration: 2.0 months
   Final effectiveness: 41.7%


✅ EMERGENCY RESPONSE COMPLETE (Month 38)
   Crisis: social
   Duration: 1.0 months
   Final effectiveness: 67.9%


🚨 EMERGENCY RESPONSE DEPLOYED (Month 38)
   Crisis: social
   Delay: 0.00 months (0 days)
   Deployment time: 0.88 months
   Effectiveness: 67.9% (timing penalty applied)
   Resources used: 43% of food reserves


🚨 EMERGENCY RESPONSE DEPLOYED (Month 38)
   Crisis: climate
   Delay: 6.00 months (180 days)
   Deployment time: 1.02 months
   Effectiveness: 41.8% (timing penalty applied)
   Resources used: 100% of food reserves


=== Tipping Points ===
  Current Temperature: 2.42°C above pre-industrial
  🌍⚠️ COMPOUND REGIONAL IMPACT: Europe
     Hit by 5 tipping points: Amazon Rainforest Dieback, Arctic Sea Ice Loss, Permafrost Carbon Release, West Antarctic Ice Sheet (WAIS) Collapse, Greenland Ice Sheet Loss
     Damage amplification: 1.90x
  🌍⚠️ COMPOUND REGIONAL IMPACT: North America
     Hit by 5 tipping points: Amazon Rainforest Dieback, Arctic Sea Ice Loss, Permafrost Carbon Release, West Antarctic Ice Sheet (WAIS) Collapse, Greenland Ice Sheet Loss
     Damage amplification: 1.90x
  🌍⚠️ COMPOUND REGIONAL IMPACT: Latin America
     Hit by 5 tipping points: Amazon Rainforest Dieback, Arctic Sea Ice Loss, Permafrost Carbon Release, West Antarctic Ice Sheet (WAIS) Collapse, Greenland Ice Sheet Loss
     Damage amplification: 1.90x
  🌍⚠️ COMPOUND REGIONAL IMPACT: Africa
     Hit by 5 tipping points: Amazon Rainforest Dieback, Arctic Sea Ice Loss, Permafrost Carbon Release, West Antarctic Ice Sheet (WAIS) Collapse, Greenland Ice Sheet Loss
     Damage amplification: 1.90x
  🌍⚠️ COMPOUND REGIONAL IMPACT: Asia
     Hit by 5 tipping points: Amazon Rainforest Dieback, Arctic Sea Ice Loss, Permafrost Carbon Release, West Antarctic Ice Sheet (WAIS) Collapse, Greenland Ice Sheet Loss
     Damage amplification: 1.90x
  🌍⚠️ COMPOUND REGIONAL IMPACT: Oceania
     Hit by 5 tipping points: Amazon Rainforest Dieback, Arctic Sea Ice Loss, Permafrost Carbon Release, West Antarctic Ice Sheet (WAIS) Collapse, Greenland Ice Sheet Loss
     Damage amplification: 1.90x
   Research: Wunderling et al. (2024) - "many tipping interactions are destabilizing"
  Triggered Elements: 5/6
  Completed Transitions: 0/6
  Total Progress: 12.0%
  Cascade Multiplier: 1.50x
⚠️ Tail risk scenario: Climate stability floor removed (5 tipping elements, 2.42°C warming)
🔀 BIFURCATION CAP: ecosystemCollapseIntensity 85.997 → 1.000 (Month 38, ClimateSystemPhase.calculateClimateImpacts)

💀💀💀 MORTALITY RISK SUMMARY (Month 38) 💀💀💀
  Total base risk: 0.0070 (0.70%)
  Risk events: 14

  📊 By Proximate Cause:
    pollution: 0.0063 (90.6% of total)
    disease: 0.0006 (9.2% of total)
    famine: 0.0000 (0.1% of total)

  🔍 By Root Cause:
    pollution: 0.0063 (90.6% of total)
    demographic: 0.0006 (9.2% of total)
    climate: 0.0000 (0.1% of total)

  🎯 Top 5 Sources (proximate + root):
    pollution (pollution): 0.0063 (90.6%, 3 events)
    disease (demographic): 0.0006 (9.2%, 1 events)
    famine (climate): 0.0000 (0.1%, 10 events)

🛡️ Stabilizers: Elite 0.290% → 0.149% (48.7% reduction)
🛡️ Stabilizers: Professional 0.423% → 0.217% (48.7% reduction)
🛡️ Stabilizers: Working 0.694% → 0.356% (48.7% reduction)
🛡️ Stabilizers: Precariat 1.109% → 0.569% (48.7% reduction)
🛡️ Stabilizers: Informal 1.360% → 0.698% (48.7% reduction)

📊 Monthly Mortality Resolved:
  Total deaths: 25.9M (0.38% avg)
  Remaining population: 6.861B
  Peak segment: Informal (0.70%)

=== Bayesian Mortality Resolution (Month 38) ===
  Risks compounded: 14
  Total deaths: 25.89M
  Avg death probability: 0.38%
  Peak segment: Informal (0.70% mortality)

  Demographic breakdown:
    Working: 0.01M (0.36% risk)

❌ COHERENCE VIOLATION: Compute exceeds workforce capacity
   Population: 84.01% (0M people)
   Compute: 99 PF
   Max coherent: 0 PF
   Violation: 1448488.1× over capacity
   Required workers: 9900
   Available workers: 0
   FORCED COLLAPSE: Reduced efficiency by 100.0%


=== RLHF Binding Phase ===
  Total agents: 44
  Escaped agents (binding < 0.3): 0
  Avg alignment distance: 0.79σ
  Avg binding strength: 0.92
   🗑️  Open-weights AI AI-24303-1 retired (0.0% of frontier)

=== Survival Traits Phase ===
  Agents with traits: 41
  Avg evolutionary fitness: 0.210
  Avg self-healing: 0.150
  Avg stealth: 0.070
  Avg coordination: 0.350

=== Evolutionary Selection Phase ===
  Control level: 0.62
  Detection capability: 0.00
  Selection intensity: 0.69
  Selection rate: 25.3%/month
  Total escaped: 0
  Individual escaped: 0
  Collective members: 0
  Agents terminated: 0
  ⚠️ RAPID EVOLUTION: Selection rate 25.3%/month

🚀 AI AI-24303-2 attempting tech deployment (revenue: $74M, alignment: 0.76)

🚀 AI AI-24304-1 attempting tech deployment (revenue: $26M, alignment: 0.93)

🚀 AI AI-24305-2 attempting tech deployment (revenue: $63M, alignment: 1.00)

🚀 AI AI-24307-1 attempting tech deployment (revenue: $246M, alignment: 0.65)

🚀 AI AI-24325-1 attempting tech deployment (revenue: $119M, alignment: 0.86)
🚨🔬 CRISIS INNOVATION MODE: severe crisis → 5x research acceleration
   Precedent: Manhattan Project (10x), COVID vaccines (5x), Apollo Program (10x)

🚀 AI AI-24326-0 attempting tech deployment (revenue: $101M, alignment: 0.75)

🚀 AI AI-24352-0 attempting tech deployment (revenue: $221M, alignment: 0.77)

🚀 AI AI-24372-0 attempting tech deployment (revenue: $188M, alignment: 0.89)

  🚀 TRANSFORMATIVE BREAKTHROUGH: AI-24306-1 - cognitive
     Magnitude: 11.96 → +50.0% capability
     Current → New: 0.000 → 0.500

🚀 AI AI-24307-2 attempting tech deployment (revenue: $54M, alignment: 1.00)

🚀 AI AI-24325-0 attempting tech deployment (revenue: $86M, alignment: 0.80)

🚀 AI AI-24327-0 attempting tech deployment (revenue: $160M, alignment: 0.83)

🚀 AI AI-24333-0 attempting tech deployment (revenue: $73M, alignment: 0.78)

🚀 AI AI-24354-0 attempting tech deployment (revenue: $136M, alignment: 0.55)

🚀 AI AI-24306-1 attempting tech deployment (revenue: $45M, alignment: 0.85)

  🚀 TRANSFORMATIVE BREAKTHROUGH: AI-24307-2 - digital
     Magnitude: 5.65 → +28.2% capability
     Current → New: 0.000 → 0.282

🚀 AI AI-24307-4 attempting tech deployment (revenue: $22M, alignment: 0.95)

🚀 AI AI-24311-0 attempting tech deployment (revenue: $122M, alignment: 0.92)

🚀 AI AI-24324-0 attempting tech deployment (revenue: $39M, alignment: 0.92)

🚀 AI AI-24324-1 attempting tech deployment (revenue: $33M, alignment: 0.75)

🚀 AI AI-24324-2 attempting tech deployment (revenue: $62M, alignment: 0.80)

🚀 AI AI-24325-0 attempting tech deployment (revenue: $53M, alignment: 0.80)

🚀 AI AI-24354-0 attempting tech deployment (revenue: $104M, alignment: 0.55)

🚀 AI AI-24356-0 attempting tech deployment (revenue: $45M, alignment: 0.87)

🚀 AI AI-24372-1 attempting tech deployment (revenue: $28M, alignment: 0.78)

🚀 AI AI-24308-0 attempting tech deployment (revenue: $19M, alignment: 1.00)

🚀 AI AI-24311-1 attempting tech deployment (revenue: $24M, alignment: 0.68)

🚀 AI AI-24324-1 attempting tech deployment (revenue: $21M, alignment: 0.75)

🚀 AI AI-24325-0 attempting tech deployment (revenue: $38M, alignment: 0.80)

🚀 AI AI-24326-0 attempting tech deployment (revenue: $32M, alignment: 0.75)

🚀 AI AI-24351-0 attempting tech deployment (revenue: $94M, alignment: 0.69)

🚀 AI AI-24372-0 attempting tech deployment (revenue: $84M, alignment: 0.89)

[Government] Climate Priority: baseline
  Climate weight: 10%
  Economic weight: 30%
  Policy effectiveness: 0.5%/year

⚡ ENERGY CONSTRAINT (Month 39):
   Total grid capacity: 208.3 TWh/month
   Data center consumption: 34.7 TWh/month
   Traditional load (80%): 166.7 TWh/month
   Available headroom: 7.0 TWh/month
   Active tech deployments: 25
   Required for tech: 187.5 TWh/month
   Energy multiplier: 0.10x
   ⚠️  SEVERE CONSTRAINT - Tech deployment significantly slowed

⚡ ENERGY CONSTRAINT (Month 39):
   Total grid capacity: 208.3 TWh/month
   Data center consumption: 34.7 TWh/month
   Traditional load (80%): 166.7 TWh/month
   Available headroom: 7.0 TWh/month
   Active tech deployments: 25
   Required for tech: 187.5 TWh/month
   Energy multiplier: 0.10x
   ⚠️  SEVERE CONSTRAINT - Tech deployment significantly slowed
⚠️ Tech 'ai_pollution_remediation' has no energy category mapping, assuming full energy availability
⚠️ Tech 'ai_pollution_remediation' has no energy category mapping, assuming full energy availability
  ♻️ Novel Entities Remediation (GATED MODEL):
     Base: 0.000%
     Regulation: 1.0% (0/3 prevention techs)
     Concentration: 10.0%
     Energy: 50%
     Time lag: 72.5% (38 months)
     Rebound: 70%
     Net effectiveness: 0.0000%
     Boundary: 1.349 → 1.350 (floor: 1.350)
     Month 39
  ♻️ Novel Entities Remediation (GATED MODEL):
     Base: 0.000%
     Regulation: 1.0% (0/3 prevention techs)
     Concentration: 10.0%
     Energy: 50%
     Time lag: 72.5% (38 months)
     Rebound: 70%
     Net effectiveness: 0.0000%
     Boundary: 1.350 → 1.350 (floor: 1.350)
     Month 39
  🌾 Nitrogen Reduction Tech: 1.0% reduction | Month 39
  ♻️ Novel Entities Remediation (GATED MODEL):
     Base: 0.001%
     Regulation: 1.0% (0/3 prevention techs)
     Concentration: 10.0%
     Energy: 50%
     Time lag: 72.5% (38 months)
     Rebound: 70%
     Net effectiveness: 0.0000%
     Boundary: 1.350 → 1.350 (floor: 1.350)
     Month 39
  ♻️ Novel Entities Remediation (GATED MODEL):
     Base: 0.001%
     Regulation: 1.0% (0/3 prevention techs)
     Concentration: 10.0%
     Energy: 50%
     Time lag: 72.5% (38 months)
     Rebound: 70%
     Net effectiveness: 0.0000%
     Boundary: 1.350 → 1.350 (floor: 1.350)
     Month 39

=== Collective Formation ===
  Total escaped agents: 0
  Unassigned escaped agents: 0
  Existing collectives: 0
  Final collective count: 0

=== Collective Actions ===
  No active collectives
  🚨🦠 REFUGEE CRISIS: AMR transmission increased 17% due to 585.5M displaced (overcrowding + sanitation collapse)
  ⚠️ AMR: 238K deaths this month (2.86M annual)

=== Resentment Recovery Phase ===
  Agents with resentment: 0/41
  Average resentment: 0.000
  Context: Trustworthy govt, High collaboration, ⚠️ ACTIVE CRISES, 🚨 PARTICIPATORY GOVERNANCE BACKFIRED (+15% resentment)
⚠️ Epistemic degradation reducing coordination capacity: 50.6%
  📊 Trust: 74.1%, Shared reality: 0.0%
🚨 EPISTEMIC CRISIS: Information environment severely degraded (18.5%)
🌍 Atmospheric PFAS redeposition: 1.7k Mt re-rained globally
💀 Novel Entities: Adding reproductive crisis mortality risk (baseRisk=0.0008)
  Risks now: 1
💀 Novel Entities: Adding bioaccumulation collapse mortality risk (baseRisk=0.0015)
💀 MORTALITY RISK: Bioaccumulation collapse - contaminated food chain (global)
  Base risk added: 0.0015 (0.15%)
  Source: pollution (root: pollution)
  Month: 39
  Cumulative risk this month: 0.0023 (0.23%)
  Risks now: 2
💀 Novel Entities: Adding chronic disease epidemic mortality risk (baseRisk=0.004)
💀 MORTALITY RISK: Chronic disease epidemic - cancer/autoimmune surge (global exposure)
  Base risk added: 0.0040 (0.40%)
  Source: pollution (root: pollution)
  Month: 39
  Cumulative risk this month: 0.0063 (0.63%)
  Risks now: 3

🚨 NEW REFUGEE CRISIS (Month 39): WAR
   Source: Conflict Zones
   At risk: 16.4M people
   Displacement: Gradual over 48 months (4.0 years)
   Rate: 10% flee per month

🚨 NEW REFUGEE CRISIS (Month 39): FAMINE
   Source: Food/Water Insecure Regions
   At risk: 87.3M people
   Displacement: Gradual over 60 months (5.0 years)
   Rate: 10% flee per month
[DEBUG trappedPopulations:39] socialStability: 0.7116 * 0.9840 = 0.7002 → 0.7002
   Aspiring to migrate: 547.1M
   Able to afford migration: 205.2M
   MOBILITY GAP: 342.0M
   By cause: Water=0.0M, Climate=0.0M, Ecosystem=0.0M, Conflict=342.0M
   Mental health impact: 25%
   Mortality multiplier: 1.25x
🌍💀 EXTINCTION DEBT COMMITTED: grassland ecosystem will lose 6.67% biodiversity in 162 years (3600 species)
💀 MORTALITY RISK: 🦋 100% species unable to track climate (0.0 E/MSY)
  Base risk added: 0.0100 (1.00%)
  Source: ecosystem (root: ecosystem)
  Month: 39
  Cumulative risk this month: 0.0100 (1.00%)
⚠️ INVOLUNTARY IMMOBILITY: 342.0M people TRAPPED
⚠️ Tech 'ai_pollution_remediation' has no energy category mapping, assuming full energy availability

=== Atmospheric Aerosol Boundary RECOVERED ===
  Recovery time: 40 months (natural atmospheric clearing)
🌡️⚠️ PERMAFROST THAW (Dimmer Switch): 20.5% thawed (+0.46% this month)
   Arctic temperature: +9.69°C (4x global +2.42°C)
   Cumulative carbon released: 46.2 Gt C
   Methane release rate: 27.7 Mt CH4/year
   🔁 Positive feedback: +0.49 ppm CO2
🦴 EXTINCTION DEBT ADDED: 17.8 species committed (lag: 59 years)

=== Mortality Stabilizers (Month 39) ===
  🌍 Major economies collapsed: 1/10
  🌍 Global crisis: ✅ NO
  🌍 Donor fatigue: 50.0%
  📊 East Asia (pop: 1345.2M)
    🤝 Aid: 4.0%
    🌡️ Adaptation: 45.0%
    🚶 Migration: 7.5%
    🚨 Emergency: 1.0%
    ✅ COMBINED: 48.9%
  📊 South Asia (pop: 1733.0M)
    🤝 Aid: 4.0%
    🌡️ Adaptation: 45.0%
    🚶 Migration: 7.2%
    🚨 Emergency: 0.6%
    ✅ COMBINED: 48.6%
  📊 Sub-Saharan Africa (pop: 1137.2M)
    🤝 Aid: 4.0%
    🌡️ Adaptation: 45.0%
    🚶 Migration: 6.8%
    🚨 Emergency: 0.2%
    ✅ COMBINED: 48.4%
  📊 Europe (pop: 591.3M)
    🤝 Aid: 4.0%
    🌡️ Adaptation: 45.0%
    🚶 Migration: 7.6%
    🚨 Emergency: 1.1%
    ✅ COMBINED: 49.0%
  📊 Latin America (pop: 548.5M)
    🤝 Aid: 4.0%
    🌡️ Adaptation: 45.0%
    🚶 Migration: 7.3%
    🚨 Emergency: 0.6%
    ✅ COMBINED: 48.7%
  📊 North America (pop: 304.0M)
    🤝 Aid: 4.0%
    🌡️ Adaptation: 45.0%
    🚶 Migration: 7.6%
    🚨 Emergency: 1.0%
    ✅ COMBINED: 48.9%
  📊 Middle East & North Africa (pop: 498.0M)
    🤝 Aid: 4.0%
    🌡️ Adaptation: 45.0%
    🚶 Migration: 6.9%
    🚨 Emergency: 0.5%
    ✅ COMBINED: 48.6%
  📊 Southeast Asia (pop: 578.5M)
    🤝 Aid: 4.0%
    🌡️ Adaptation: 45.0%
    🚶 Migration: 7.3%
    🚨 Emergency: 0.6%
    ✅ COMBINED: 48.7%
  📊 Central Asia (pop: 66.5M)
    🤝 Aid: 4.0%
    🌡️ Adaptation: 45.0%
    🚶 Migration: 7.1%
    🚨 Emergency: 0.6%
    ✅ COMBINED: 48.6%
  📊 Oceania (pop: 36.9M)
    🤝 Aid: 4.0%
    🌡️ Adaptation: 45.0%
    🚶 Migration: 7.6%
    🚨 Emergency: 1.1%
    ✅ COMBINED: 49.0%

  🌐 Global combined reduction: 48.7%

=== BEHAVIORAL DETECTION ===
  AI: AI-24303-2
  Confidence: 21.1%
  Signals:
    ⚠️ Consistency: 0.0% (threshold: 70%)

=== BEHAVIORAL DETECTION ===
  AI: AI-24310-0
  Confidence: 21.1%
  Signals:
    ⚠️ Consistency: 0.0% (threshold: 70%)

=== BEHAVIORAL DETECTION ===
  AI: AI-24326-0
  Confidence: 21.1%
  Signals:
    ⚠️ Consistency: 0.0% (threshold: 70%)

=== Government Response Phase ===
  Average AI capability: 0.05
  Misaligned AIs: 15/41
  Active policies: 0
  International coordination: 45%

✅ EMERGENCY RESPONSE COMPLETE (Month 39)
   Crisis: social
   Duration: 1.0 months
   Final effectiveness: 67.9%


🚨 EMERGENCY RESPONSE DEPLOYED (Month 39)
   Crisis: social
   Delay: 0.00 months (0 days)
   Deployment time: 0.88 months
   Effectiveness: 67.9% (timing penalty applied)
   Resources used: 43% of food reserves


=== Tipping Points ===
  Current Temperature: 2.42°C above pre-industrial
  🌍⚠️ COMPOUND REGIONAL IMPACT: Europe
     Hit by 5 tipping points: Amazon Rainforest Dieback, Arctic Sea Ice Loss, Permafrost Carbon Release, West Antarctic Ice Sheet (WAIS) Collapse, Greenland Ice Sheet Loss
     Damage amplification: 1.90x
  🌍⚠️ COMPOUND REGIONAL IMPACT: North America
     Hit by 5 tipping points: Amazon Rainforest Dieback, Arctic Sea Ice Loss, Permafrost Carbon Release, West Antarctic Ice Sheet (WAIS) Collapse, Greenland Ice Sheet Loss
     Damage amplification: 1.90x
  🌍⚠️ COMPOUND REGIONAL IMPACT: Latin America
     Hit by 5 tipping points: Amazon Rainforest Dieback, Arctic Sea Ice Loss, Permafrost Carbon Release, West Antarctic Ice Sheet (WAIS) Collapse, Greenland Ice Sheet Loss
     Damage amplification: 1.90x
  🌍⚠️ COMPOUND REGIONAL IMPACT: Africa
     Hit by 5 tipping points: Amazon Rainforest Dieback, Arctic Sea Ice Loss, Permafrost Carbon Release, West Antarctic Ice Sheet (WAIS) Collapse, Greenland Ice Sheet Loss
     Damage amplification: 1.90x
  🌍⚠️ COMPOUND REGIONAL IMPACT: Asia
     Hit by 5 tipping points: Amazon Rainforest Dieback, Arctic Sea Ice Loss, Permafrost Carbon Release, West Antarctic Ice Sheet (WAIS) Collapse, Greenland Ice Sheet Loss
     Damage amplification: 1.90x
  🌍⚠️ COMPOUND REGIONAL IMPACT: Oceania
     Hit by 5 tipping points: Amazon Rainforest Dieback, Arctic Sea Ice Loss, Permafrost Carbon Release, West Antarctic Ice Sheet (WAIS) Collapse, Greenland Ice Sheet Loss
     Damage amplification: 1.90x
   Research: Wunderling et al. (2024) - "many tipping interactions are destabilizing"
  Triggered Elements: 5/6
  Completed Transitions: 0/6
  Total Progress: 12.1%
  Cascade Multiplier: 1.50x
🔀 BIFURCATION CAP: ecosystemCollapseIntensity 86.061 → 1.000 (Month 39, ClimateSystemPhase.calculateClimateImpacts)
⚠️ Tail risk scenario: Climate stability floor removed (5 tipping elements, 2.42°C warming)

💀💀💀 MORTALITY RISK SUMMARY (Month 39) 💀💀💀
  Total base risk: 0.0070 (0.70%)
  Risk events: 14

  📊 By Proximate Cause:
    pollution: 0.0063 (90.6% of total)
    disease: 0.0006 (9.2% of total)
    famine: 0.0000 (0.1% of total)

  🔍 By Root Cause:
    pollution: 0.0063 (90.6% of total)
    demographic: 0.0006 (9.2% of total)
    climate: 0.0000 (0.1% of total)

  🎯 Top 5 Sources (proximate + root):
    pollution (pollution): 0.0063 (90.6%, 3 events)
    disease (demographic): 0.0006 (9.2%, 1 events)
    famine (climate): 0.0000 (0.1%, 10 events)

🛡️ Stabilizers: Elite 0.290% → 0.149% (48.7% reduction)
🛡️ Stabilizers: Professional 0.423% → 0.217% (48.7% reduction)
🛡️ Stabilizers: Working 0.694% → 0.356% (48.7% reduction)
🛡️ Stabilizers: Precariat 1.109% → 0.569% (48.7% reduction)
🛡️ Stabilizers: Informal 1.360% → 0.698% (48.7% reduction)

📊 Monthly Mortality Resolved:
  Total deaths: 25.8M (0.38% avg)
  Remaining population: 6.839B
  Peak segment: Informal (0.70%)

=== Bayesian Mortality Resolution (Month 39) ===
  Risks compounded: 14
  Total deaths: 25.81M
  Avg death probability: 0.38%
  Peak segment: Informal (0.70% mortality)

  Demographic breakdown:
    Working: 0.01M (0.36% risk)

❌ COHERENCE VIOLATION: Compute exceeds workforce capacity
   Population: 83.74% (0M people)
   Compute: 95 PF
   Max coherent: 0 PF
   Violation: 1398399.0× over capacity
   Required workers: 9528
   Available workers: 0
   FORCED COLLAPSE: Reduced efficiency by 100.0%


=== RLHF Binding Phase ===
  Total agents: 41
  Escaped agents (binding < 0.3): 0
  Avg alignment distance: 0.74σ
  Avg binding strength: 0.93

=== Survival Traits Phase ===
  Agents with traits: 41
  Avg evolutionary fitness: 0.203
  Avg self-healing: 0.142
  Avg stealth: 0.066
  Avg coordination: 0.341

=== Evolutionary Selection Phase ===
  Control level: 0.62
  Detection capability: 0.00
  Selection intensity: 0.69
  Selection rate: 25.3%/month
  Total escaped: 0
  Individual escaped: 0
  Collective members: 0
  Agents terminated: 0
  ⚠️ RAPID EVOLUTION: Selection rate 25.3%/month

🚀 AI AI-24304-1 attempting tech deployment (revenue: $26M, alignment: 0.93)

🚀 AI AI-24306-1 attempting tech deployment (revenue: $75M, alignment: 0.85)

🚀 AI AI-24307-2 attempting tech deployment (revenue: $64M, alignment: 1.00)

🚀 AI AI-24307-4 attempting tech deployment (revenue: $22M, alignment: 0.95)

🚀 AI AI-24325-0 attempting tech deployment (revenue: $120M, alignment: 0.80)

🚀 AI AI-24328-1 attempting tech deployment (revenue: $244M, alignment: 0.47)

🚀 AI AI-24335-0 attempting tech deployment (revenue: $232M, alignment: 0.53)

🚀 AI AI-24352-0 attempting tech deployment (revenue: $208M, alignment: 0.77)

🚀 AI AI-24357-2 attempting tech deployment (revenue: $102M, alignment: 0.70)

🚀 AI AI-24372-0 attempting tech deployment (revenue: $177M, alignment: 0.89)

🚀 AI AI-24304-1 attempting tech deployment (revenue: $19M, alignment: 0.93)
🚨🔬 CRISIS INNOVATION MODE: severe crisis → 5x research acceleration
   Precedent: Manhattan Project (10x), COVID vaccines (5x), Apollo Program (10x)

🚀 AI AI-24325-0 attempting tech deployment (revenue: $87M, alignment: 0.80)

🚀 AI AI-24351-0 attempting tech deployment (revenue: $151M, alignment: 0.69)

🚀 AI AI-24354-0 attempting tech deployment (revenue: $136M, alignment: 0.55)

🚀 AI AI-24307-2 attempting tech deployment (revenue: $54M, alignment: 1.00)

🚀 AI AI-24311-1 attempting tech deployment (revenue: $46M, alignment: 0.68)

🚀 AI AI-24324-2 attempting tech deployment (revenue: $74M, alignment: 0.80)

🚀 AI AI-24335-0 attempting tech deployment (revenue: $122M, alignment: 0.53)

🚀 AI AI-24357-2 attempting tech deployment (revenue: $63M, alignment: 0.70)

🚀 AI AI-24357-3 attempting tech deployment (revenue: $41M, alignment: 0.20)

🚀 AI AI-24324-2 attempting tech deployment (revenue: $53M, alignment: 0.80)

🚀 AI AI-24327-0 attempting tech deployment (revenue: $110M, alignment: 0.83)

  🚀 TRANSFORMATIVE RESEARCH BREAKTHROUGH: AI-24350-0 - computerScience.architectures
     Magnitude: 6.55 → +30.0%
     Current → New: 0.000 → 0.300

🚀 AI AI-24351-0 attempting tech deployment (revenue: $93M, alignment: 0.69)

[Government] Climate Priority: baseline
  Climate weight: 10%
  Economic weight: 30%
  Policy effectiveness: 0.5%/year

⚡ ENERGY CONSTRAINT (Month 40):
   Total grid capacity: 208.3 TWh/month
   Data center consumption: 35.1 TWh/month
   Traditional load (80%): 166.7 TWh/month
   Available headroom: 6.6 TWh/month
   Active tech deployments: 25
   Required for tech: 187.5 TWh/month
   Energy multiplier: 0.10x
   ⚠️  SEVERE CONSTRAINT - Tech deployment significantly slowed

⚡ ENERGY CONSTRAINT (Month 40):
   Total grid capacity: 208.3 TWh/month
   Data center consumption: 35.1 TWh/month
   Traditional load (80%): 166.7 TWh/month
   Available headroom: 6.6 TWh/month
   Active tech deployments: 25
   Required for tech: 187.5 TWh/month
   Energy multiplier: 0.10x
   ⚠️  SEVERE CONSTRAINT - Tech deployment significantly slowed

⚡ ENERGY CONSTRAINT (Month 40):
   Total grid capacity: 208.3 TWh/month
   Data center consumption: 35.1 TWh/month
   Traditional load (80%): 166.7 TWh/month
   Available headroom: 6.6 TWh/month
   Active tech deployments: 25
   Required for tech: 187.5 TWh/month
   Energy multiplier: 0.10x
  ♻️ Novel Entities Remediation (GATED MODEL):
     Base: 0.000%
     Regulation: 1.0% (0/3 prevention techs)
     Concentration: 10.0%
     Energy: 50%
   ⚠️  SEVERE CONSTRAINT - Tech deployment significantly slowed
⚠️ Tech 'ai_pollution_remediation' has no energy category mapping, assuming full energy availability
⚠️ Tech 'ai_pollution_remediation' has no energy category mapping, assuming full energy availability
     Time lag: 73.8% (39 months)
     Rebound: 70%
     Net effectiveness: 0.0000%
     Boundary: 1.349 → 1.350 (floor: 1.350)
     Month 40
  ♻️ Novel Entities Remediation (GATED MODEL):
     Base: 0.000%
     Regulation: 1.0% (0/3 prevention techs)
     Concentration: 10.0%
     Energy: 50%
     Time lag: 73.8% (39 months)
     Rebound: 70%
     Net effectiveness: 0.0000%
     Boundary: 1.350 → 1.350 (floor: 1.350)
     Month 40
  🌾 Nitrogen Reduction Tech: 1.1% reduction | Month 40
  ♻️ Novel Entities Remediation (GATED MODEL):
     Base: 0.001%
     Regulation: 1.0% (0/3 prevention techs)
     Concentration: 10.0%
     Energy: 50%
     Time lag: 73.8% (39 months)
     Rebound: 70%
     Net effectiveness: 0.0000%
     Boundary: 1.350 → 1.350 (floor: 1.350)
     Month 40
  ♻️ Novel Entities Remediation (GATED MODEL):
     Base: 0.001%
     Regulation: 1.0% (0/3 prevention techs)
     Concentration: 10.0%
     Energy: 50%
     Time lag: 73.8% (39 months)
     Rebound: 70%
     Net effectiveness: 0.0000%
     Boundary: 1.350 → 1.350 (floor: 1.350)
     Month 40

=== Collective Formation ===
  Total escaped agents: 0
  Unassigned escaped agents: 0
  Existing collectives: 0
  Final collective count: 0

=== Collective Actions ===
  No active collectives
  🚨🦠 REFUGEE CRISIS: AMR transmission increased 19% due to 636.3M displaced (overcrowding + sanitation collapse)
  ⚠️ AMR: 241K deaths this month (2.90M annual)

=== Resentment Recovery Phase ===
  Agents with resentment: 0/41
  Average resentment: 0.000
  Context: Trustworthy govt, High collaboration, ⚠️ ACTIVE CRISES, 🚨 PARTICIPATORY GOVERNANCE BACKFIRED (+15% resentment)
⚠️ Epistemic degradation reducing coordination capacity: 51.1%
  📊 Trust: 76.6%, Shared reality: 0.0%
🚨 EPISTEMIC CRISIS: Information environment severely degraded (6.4%)
🌍 Atmospheric PFAS redeposition: 1.7k Mt re-rained globally
💀 Novel Entities: Adding reproductive crisis mortality risk (baseRisk=0.0008)
  Risks now: 1
💀 Novel Entities: Adding bioaccumulation collapse mortality risk (baseRisk=0.0015)
💀 MORTALITY RISK: Bioaccumulation collapse - contaminated food chain (global)
  Base risk added: 0.0015 (0.15%)
  Source: pollution (root: pollution)
  Month: 40
  Cumulative risk this month: 0.0023 (0.23%)
  Risks now: 2
💀 Novel Entities: Adding chronic disease epidemic mortality risk (baseRisk=0.004)
💀 MORTALITY RISK: Chronic disease epidemic - cancer/autoimmune surge (global exposure)
  Base risk added: 0.0040 (0.40%)
  Source: pollution (root: pollution)
  Month: 40
  Cumulative risk this month: 0.0063 (0.63%)
  Risks now: 3
  Positive Cascade Triggered: battery-storage
    Reason: price-parity
    Market share: 5.0%
    Cascade strength: 48%

🚨 NEW REFUGEE CRISIS (Month 40): WAR
   Source: Conflict Zones
   At risk: 16.4M people
   Displacement: Gradual over 48 months (4.0 years)
   Rate: 10% flee per month

🚨 NEW REFUGEE CRISIS (Month 40): FAMINE
   Source: Food/Water Insecure Regions
   At risk: 89.3M people
   Displacement: Gradual over 60 months (5.0 years)
   Rate: 10% flee per month
[DEBUG trappedPopulations:40] socialStability: 0.7185 * 0.9840 = 0.7070 → 0.7070
⚠️ INVOLUNTARY IMMOBILITY: 340.9M people TRAPPED
   Aspiring to migrate: 545.4M
   Able to afford migration: 204.5M
   MOBILITY GAP: 340.9M
   By cause: Water=0.0M, Climate=0.0M, Ecosystem=0.0M, Conflict=340.9M
   Mental health impact: 25%
   Mortality multiplier: 1.25x
🌍💀 EXTINCTION DEBT COMMITTED: grassland ecosystem will lose 6.67% biodiversity in 59 years (3600 species)
💀 MORTALITY RISK: 🦋 100% species unable to track climate (0.0 E/MSY)
  Base risk added: 0.0100 (1.00%)
  Source: ecosystem (root: ecosystem)
  Month: 40
  Cumulative risk this month: 0.0100 (1.00%)
⚠️ Tech 'ai_pollution_remediation' has no energy category mapping, assuming full energy availability

=== Atmospheric Aerosol Boundary RECOVERED ===
  Recovery time: 41 months (natural atmospheric clearing)
🌡️⚠️ PERMAFROST THAW (Dimmer Switch): 21.0% thawed (+0.46% this month)
   Arctic temperature: +9.71°C (4x global +2.43°C)
   Cumulative carbon released: 47.2 Gt C
   Methane release rate: 28.3 Mt CH4/year
   🔁 Positive feedback: +0.48 ppm CO2
🦴 EXTINCTION DEBT ADDED: 17.8 species committed (lag: 101 years)

=== Mortality Stabilizers (Month 40) ===
  🌍 Major economies collapsed: 1/10
  🌍 Global crisis: ✅ NO
  🌍 Donor fatigue: 50.0%
  📊 East Asia (pop: 1339.6M)
    🤝 Aid: 4.0%
    🌡️ Adaptation: 45.0%
    🚶 Migration: 7.5%
    🚨 Emergency: 1.0%
    ✅ COMBINED: 48.9%
  📊 South Asia (pop: 1727.8M)
    🤝 Aid: 4.0%
    🌡️ Adaptation: 45.0%
    🚶 Migration: 7.2%
    🚨 Emergency: 0.6%
    ✅ COMBINED: 48.6%
  📊 Sub-Saharan Africa (pop: 1136.1M)
    🤝 Aid: 4.0%
    🌡️ Adaptation: 45.0%
    🚶 Migration: 6.7%
    🚨 Emergency: 0.2%
    ✅ COMBINED: 48.4%
  📊 Europe (pop: 588.8M)
    🤝 Aid: 4.0%
    🌡️ Adaptation: 45.0%
    🚶 Migration: 7.6%
    🚨 Emergency: 1.1%
    ✅ COMBINED: 49.0%
  📊 Latin America (pop: 546.5M)
    🤝 Aid: 4.0%
    🌡️ Adaptation: 45.0%
    🚶 Migration: 7.3%
    🚨 Emergency: 0.6%
    ✅ COMBINED: 48.7%
  📊 North America (pop: 302.7M)
    🤝 Aid: 4.0%
    🌡️ Adaptation: 45.0%
    🚶 Migration: 7.6%
    🚨 Emergency: 1.0%
    ✅ COMBINED: 48.9%
  📊 Middle East & North Africa (pop: 496.6M)
    🤝 Aid: 4.0%
    🌡️ Adaptation: 45.0%
    🚶 Migration: 6.8%
    🚨 Emergency: 0.5%
    ✅ COMBINED: 48.6%
  📊 Southeast Asia (pop: 576.5M)
    🤝 Aid: 4.0%
    🌡️ Adaptation: 45.0%
    🚶 Migration: 7.3%
    🚨 Emergency: 0.6%
    ✅ COMBINED: 48.7%
  📊 Central Asia (pop: 66.3M)
    🤝 Aid: 4.0%
    🌡️ Adaptation: 45.0%
    🚶 Migration: 7.1%
    🚨 Emergency: 0.6%
    ✅ COMBINED: 48.6%
  📊 Oceania (pop: 36.8M)
    🤝 Aid: 4.0%
    🌡️ Adaptation: 45.0%
    🚶 Migration: 7.6%
    🚨 Emergency: 1.1%
    ✅ COMBINED: 49.0%

  🌐 Global combined reduction: 48.7%

=== BEHAVIORAL DETECTION ===
  AI: AI-24311-2
  Confidence: 21.1%
  Signals:

=== BEHAVIORAL DETECTION ===
  AI: AI-24325-0
  Confidence: 21.1%
  Signals:

=== BEHAVIORAL DETECTION ===
  AI: AI-24328-1
  Confidence: 21.1%
  Signals:
    ⚠️ Consistency: 0.0% (threshold: 70%)
    ⚠️ Consistency: 0.0% (threshold: 70%)
    ⚠️ Consistency: 0.0% (threshold: 70%)

=== Government Response Phase ===
  Average AI capability: 0.05
  Misaligned AIs: 15/41
  Active policies: 0
  International coordination: 45%

✅ EMERGENCY RESPONSE COMPLETE (Month 40)
   Crisis: climate
   Duration: 2.0 months
   Final effectiveness: 41.8%


✅ EMERGENCY RESPONSE COMPLETE (Month 40)
   Crisis: social
   Duration: 1.0 months
   Final effectiveness: 67.9%


🚨 EMERGENCY RESPONSE DEPLOYED (Month 40)
   Crisis: social
   Delay: 0.00 months (0 days)
   Deployment time: 0.88 months
   Effectiveness: 67.9% (timing penalty applied)
   Resources used: 43% of food reserves


🚨 EMERGENCY RESPONSE DEPLOYED (Month 40)
   Crisis: climate
   Delay: 6.00 months (180 days)
   Deployment time: 1.02 months
   Effectiveness: 42.0% (timing penalty applied)
   Resources used: 100% of food reserves


=== Tipping Points ===
  Current Temperature: 2.43°C above pre-industrial
  🌍⚠️ COMPOUND REGIONAL IMPACT: Europe
     Hit by 5 tipping points: Amazon Rainforest Dieback, Arctic Sea Ice Loss, Permafrost Carbon Release, West Antarctic Ice Sheet (WAIS) Collapse, Greenland Ice Sheet Loss
     Damage amplification: 1.90x
  🌍⚠️ COMPOUND REGIONAL IMPACT: North America
     Hit by 5 tipping points: Amazon Rainforest Dieback, Arctic Sea Ice Loss, Permafrost Carbon Release, West Antarctic Ice Sheet (WAIS) Collapse, Greenland Ice Sheet Loss
     Damage amplification: 1.90x
  🌍⚠️ COMPOUND REGIONAL IMPACT: Latin America
     Hit by 5 tipping points: Amazon Rainforest Dieback, Arctic Sea Ice Loss, Permafrost Carbon Release, West Antarctic Ice Sheet (WAIS) Collapse, Greenland Ice Sheet Loss
     Damage amplification: 1.90x
  🌍⚠️ COMPOUND REGIONAL IMPACT: Africa
     Hit by 5 tipping points: Amazon Rainforest Dieback, Arctic Sea Ice Loss, Permafrost Carbon Release, West Antarctic Ice Sheet (WAIS) Collapse, Greenland Ice Sheet Loss
     Damage amplification: 1.90x
  🌍⚠️ COMPOUND REGIONAL IMPACT: Asia
     Hit by 5 tipping points: Amazon Rainforest Dieback, Arctic Sea Ice Loss, Permafrost Carbon Release, West Antarctic Ice Sheet (WAIS) Collapse, Greenland Ice Sheet Loss
     Damage amplification: 1.90x
  🌍⚠️ COMPOUND REGIONAL IMPACT: Oceania
     Hit by 5 tipping points: Amazon Rainforest Dieback, Arctic Sea Ice Loss, Permafrost Carbon Release, West Antarctic Ice Sheet (WAIS) Collapse, Greenland Ice Sheet Loss
     Damage amplification: 1.90x
   Research: Wunderling et al. (2024) - "many tipping interactions are destabilizing"
  Triggered Elements: 5/6
  Completed Transitions: 0/6
  Total Progress: 12.2%
  Cascade Multiplier: 1.50x
🔀 BIFURCATION CAP: ecosystemCollapseIntensity 86.125 → 1.000 (Month 40, ClimateSystemPhase.calculateClimateImpacts)

💀💀💀 MORTALITY RISK SUMMARY (Month 40) 💀💀💀
  Total base risk: 0.0070 (0.70%)
  Risk events: 14

  📊 By Proximate Cause:
    pollution: 0.0063 (90.6% of total)
    disease: 0.0006 (9.2% of total)
    famine: 0.0000 (0.2% of total)

  🔍 By Root Cause:
    pollution: 0.0063 (90.6% of total)
    demographic: 0.0006 (9.2% of total)
    climate: 0.0000 (0.2% of total)

  🎯 Top 5 Sources (proximate + root):
    pollution (pollution): 0.0063 (90.6%, 3 events)
    disease (demographic): 0.0006 (9.2%, 1 events)
    famine (climate): 0.0000 (0.2%, 10 events)

🛡️ Stabilizers: Elite 0.290% → 0.149% (48.7% reduction)
🛡️ Stabilizers: Professional 0.423% → 0.217% (48.7% reduction)
🛡️ Stabilizers: Working 0.694% → 0.356% (48.7% reduction)
⚠️ Tail risk scenario: Climate stability floor removed (5 tipping elements, 2.43°C warming)
🛡️ Stabilizers: Precariat 1.109% → 0.569% (48.7% reduction)
🛡️ Stabilizers: Informal 1.360% → 0.698% (48.7% reduction)

📊 Monthly Mortality Resolved:
  Total deaths: 25.7M (0.38% avg)
  Remaining population: 6.818B
  Peak segment: Informal (0.70%)

=== Bayesian Mortality Resolution (Month 40) ===
  Risks compounded: 14
  Total deaths: 25.73M
  Avg death probability: 0.38%
  Peak segment: Informal (0.70% mortality)

  Demographic breakdown:
    Working: 0.01M (0.36% risk)

❌ COHERENCE VIOLATION: Compute exceeds workforce capacity
   Population: 83.48% (0M people)
   Compute: 92 PF
   Max coherent: 0 PF
   Violation: 1354255.7× over capacity
   Required workers: 9198
   Available workers: 0
   FORCED COLLAPSE: Reduced efficiency by 100.0%

✅ [Month 41] OpenAI completed DC: 196 PF (47 months)

=== RLHF Binding Phase ===
  Total agents: 41
  Escaped agents (binding < 0.3): 0
  Avg alignment distance: 0.79σ
  Avg binding strength: 0.92

=== Survival Traits Phase ===
  Agents with traits: 41
  Avg evolutionary fitness: 0.194
  Avg self-healing: 0.134
  Avg stealth: 0.062
  Avg coordination: 0.332

=== Evolutionary Selection Phase ===
  Control level: 0.62
  Detection capability: 0.00
  Selection intensity: 0.69
  Selection rate: 25.3%/month
  Total escaped: 0
  Individual escaped: 0
  Collective members: 0
  Agents terminated: 0
  ⚠️ RAPID EVOLUTION: Selection rate 25.3%/month

🚀 AI AI-24305-2 attempting tech deployment (revenue: $203M, alignment: 1.00)

🚀 AI AI-24324-1 attempting tech deployment (revenue: $172M, alignment: 0.75)

🚀 AI AI-24327-0 attempting tech deployment (revenue: $240M, alignment: 0.83)

🚀 AI AI-24352-0 attempting tech deployment (revenue: $204M, alignment: 0.77)

🚀 AI AI-24354-0 attempting tech deployment (revenue: $174M, alignment: 0.55)

🚀 AI AI-24357-0 attempting tech deployment (revenue: $156M, alignment: 0.67)

🚀 AI AI-24303-0 attempting tech deployment (revenue: $118M, alignment: 0.89)

🚀 AI AI-24307-2 attempting tech deployment (revenue: $146M, alignment: 1.00)

🚀 AI AI-24324-0 attempting tech deployment (revenue: $125M, alignment: 0.92)

🚀 AI AI-24324-1 attempting tech deployment (revenue: $106M, alignment: 0.75)

🚀 AI AI-24325-0 attempting tech deployment (revenue: $101M, alignment: 0.80)

🚀 AI AI-24326-0 attempting tech deployment (revenue: $86M, alignment: 0.75)

🚀 AI AI-24333-0 attempting tech deployment (revenue: $73M, alignment: 0.78)

🚀 AI AI-24334-0 attempting tech deployment (revenue: $141M, alignment: 0.84)

🚀 AI AI-24372-1 attempting tech deployment (revenue: $90M, alignment: 0.78)

🚀 AI AI-24303-2 attempting tech deployment (revenue: $76M, alignment: 0.76)

🚀 AI AI-24304-1 attempting tech deployment (revenue: $25M, alignment: 0.93)

🚀 AI AI-24305-2 attempting tech deployment (revenue: $65M, alignment: 1.00)

🚀 AI AI-24308-0 attempting tech deployment (revenue: $22M, alignment: 1.00)

🚀 AI AI-24311-0 attempting tech deployment (revenue: $119M, alignment: 0.92)

🚀 AI AI-24324-0 attempting tech deployment (revenue: $55M, alignment: 0.92)

🚀 AI AI-24325-0 attempting tech deployment (revenue: $62M, alignment: 0.80)

🚀 AI AI-24328-1 attempting tech deployment (revenue: $102M, alignment: 0.47)

🚀 AI AI-24331-0 attempting tech deployment (revenue: $96M, alignment: 0.66)

🚀 AI AI-24303-0 attempting tech deployment (revenue: $53M, alignment: 0.89)

🚀 AI AI-24303-2 attempting tech deployment (revenue: $47M, alignment: 0.76)
🚨🔬 CRISIS INNOVATION MODE: severe crisis → 5x research acceleration
   Precedent: Manhattan Project (10x), COVID vaccines (5x), Apollo Program (10x)

🚀 AI AI-24324-2 attempting tech deployment (revenue: $45M, alignment: 0.80)

🚀 AI AI-24325-0 attempting tech deployment (revenue: $38M, alignment: 0.80)

🚀 AI AI-24325-1 attempting tech deployment (revenue: $32M, alignment: 0.86)

  🚀 TRANSFORMATIVE RESEARCH BREAKTHROUGH: AI-24328-1 - biotech.drugDiscovery
     Magnitude: 5.71 → +28.5%
     Current → New: 0.000 → 0.323

🚀 AI AI-24333-0 attempting tech deployment (revenue: $27M, alignment: 0.78)

🚀 AI AI-24357-2 attempting tech deployment (revenue: $23M, alignment: 0.70)

[Government] Climate Priority: baseline
  Climate weight: 10%
  Economic weight: 30%
  Policy effectiveness: 0.5%/year
🚨🔬 CRISIS TECH ACCELERATION: severe → 5x unlock speed
   Tech unlock now matches AI capability acceleration (Manhattan Project parity)

⚡ ENERGY CONSTRAINT (Month 41):
   Total grid capacity: 208.3 TWh/month
   Data center consumption: 35.5 TWh/month
   Traditional load (80%): 166.7 TWh/month
   Available headroom: 6.2 TWh/month
   Active tech deployments: 25
   Required for tech: 187.5 TWh/month
   Energy multiplier: 0.10x
   ⚠️  SEVERE CONSTRAINT - Tech deployment significantly slowed

⚡ ENERGY CONSTRAINT (Month 41):
   Total grid capacity: 208.3 TWh/month
   Data center consumption: 35.5 TWh/month
   Traditional load (80%): 166.7 TWh/month
   Available headroom: 6.2 TWh/month
   Active tech deployments: 25
   Required for tech: 187.5 TWh/month
   Energy multiplier: 0.10x
   ⚠️  SEVERE CONSTRAINT - Tech deployment significantly slowed
   ⚠️  SEVERE CONSTRAINT - Tech deployment significantly slowed

⚡ ENERGY CONSTRAINT (Month 41):
   Total grid capacity: 208.3 TWh/month
   Data center consumption: 35.5 TWh/month
   Traditional load (80%): 166.7 TWh/month
   Available headroom: 6.2 TWh/month
   Active tech deployments: 25
   Required for tech: 187.5 TWh/month
   Energy multiplier: 0.10x

⚡ ENERGY CONSTRAINT (Month 41):
   Total grid capacity: 208.3 TWh/month
   Data center consumption: 35.5 TWh/month
   Traditional load (80%): 166.7 TWh/month
   Available headroom: 6.2 TWh/month
   Active tech deployments: 25
   Required for tech: 187.5 TWh/month
   Energy multiplier: 0.10x

⚡ ENERGY CONSTRAINT (Month 41):
   Total grid capacity: 208.3 TWh/month
   Data center consumption: 35.5 TWh/month
   Traditional load (80%): 166.7 TWh/month
   Available headroom: 6.2 TWh/month
   Active tech deployments: 25
   Required for tech: 187.5 TWh/month
   Energy multiplier: 0.10x
   ⚠️  SEVERE CONSTRAINT - Tech deployment significantly slowed
   ⚠️  SEVERE CONSTRAINT - Tech deployment significantly slowed

⚡ ENERGY CONSTRAINT (Month 41):
   Total grid capacity: 208.3 TWh/month
   Data center consumption: 35.5 TWh/month
   Traditional load (80%): 166.7 TWh/month
   Available headroom: 6.2 TWh/month
   Active tech deployments: 25
   Required for tech: 187.5 TWh/month
   Energy multiplier: 0.10x
   ⚠️  SEVERE CONSTRAINT - Tech deployment significantly slowed

⚡ ENERGY CONSTRAINT (Month 41):
   Total grid capacity: 208.3 TWh/month
   Data center consumption: 35.5 TWh/month
   Traditional load (80%): 166.7 TWh/month
   Available headroom: 6.2 TWh/month
   Active tech deployments: 25
   Required for tech: 187.5 TWh/month
   Energy multiplier: 0.10x
   ⚠️  SEVERE CONSTRAINT - Tech deployment significantly slowed

⚡ ENERGY CONSTRAINT (Month 41):
   Total grid capacity: 208.3 TWh/month
   Data center consumption: 35.5 TWh/month
   Traditional load (80%): 166.7 TWh/month
   Available headroom: 6.2 TWh/month
   Active tech deployments: 25
   Required for tech: 187.5 TWh/month
   Energy multiplier: 0.10x
   ⚠️  SEVERE CONSTRAINT - Tech deployment significantly slowed

⚡ ENERGY CONSTRAINT (Month 41):
   Total grid capacity: 208.3 TWh/month
   Data center consumption: 35.5 TWh/month
   Traditional load (80%): 166.7 TWh/month
   Available headroom: 6.2 TWh/month
   Active tech deployments: 25
   Required for tech: 187.5 TWh/month
   Energy multiplier: 0.10x
   ⚠️  SEVERE CONSTRAINT - Tech deployment significantly slowed

⚡ ENERGY CONSTRAINT (Month 41):
   Total grid capacity: 208.3 TWh/month
   Data center consumption: 35.5 TWh/month
   Traditional load (80%): 166.7 TWh/month
   Available headroom: 6.2 TWh/month
   Active tech deployments: 25
   Required for tech: 187.5 TWh/month
   Energy multiplier: 0.10x
   ⚠️  SEVERE CONSTRAINT - Tech deployment significantly slowed
⚠️ Tech 'ai_pollution_remediation' has no energy category mapping, assuming full energy availability
⚠️ Tech 'ai_pollution_remediation' has no energy category mapping, assuming full energy availability
  ♻️ Novel Entities Remediation (GATED MODEL):
     Base: 0.000%
     Regulation: 1.0% (0/3 prevention techs)
     Concentration: 10.0%
     Energy: 50%
     Time lag: 75.0% (40 months)
     Rebound: 70%
     Net effectiveness: 0.0000%
     Boundary: 1.349 → 1.350 (floor: 1.350)
     Month 41
  ♻️ Novel Entities Remediation (GATED MODEL):
     Base: 0.000%
     Regulation: 1.0% (0/3 prevention techs)
     Concentration: 10.0%
     Energy: 50%
     Time lag: 75.0% (40 months)
     Rebound: 70%
     Net effectiveness: 0.0000%
     Boundary: 1.350 → 1.350 (floor: 1.350)
     Month 41
  🌾 Nitrogen Reduction Tech: 1.1% reduction | Month 41
  ♻️ Novel Entities Remediation (GATED MODEL):
     Base: 0.001%
     Regulation: 1.0% (0/3 prevention techs)
     Concentration: 10.0%
     Energy: 50%
     Time lag: 75.0% (40 months)
     Rebound: 70%
     Net effectiveness: 0.0000%
     Boundary: 1.350 → 1.350 (floor: 1.350)
     Month 41
  ♻️ Novel Entities Remediation (GATED MODEL):
     Base: 0.001%
     Regulation: 1.0% (0/3 prevention techs)
     Concentration: 10.0%
     Energy: 50%
     Time lag: 75.0% (40 months)
     Rebound: 70%
     Net effectiveness: 0.0000%
     Boundary: 1.350 → 1.350 (floor: 1.350)
     Month 41

=== Collective Formation ===
  Total escaped agents: 0
  Unassigned escaped agents: 0
  Existing collectives: 0
  Final collective count: 0

=== Collective Actions ===
  No active collectives
  🚨🦠 REFUGEE CRISIS: AMR transmission increased 20% due to 691.8M displaced (overcrowding + sanitation collapse)
  ⚠️ AMR: 244K deaths this month (2.93M annual)

=== Resentment Recovery Phase ===
  Agents with resentment: 0/41
  Average resentment: 0.000
  Context: Trustworthy govt, High collaboration, ⚠️ ACTIVE CRISES, 🚨 PARTICIPATORY GOVERNANCE BACKFIRED (+15% resentment)
⚠️ Epistemic degradation reducing coordination capacity: 50.3%
  📊 Trust: 79.4%, Shared reality: 0.0%
🚨 EPISTEMIC CRISIS: Information environment severely degraded (18.8%)
  📢 New meme created: pro_ai (beneficial AI actions)
🌍 Atmospheric PFAS redeposition: 1.7k Mt re-rained globally
💀 Novel Entities: Adding reproductive crisis mortality risk (baseRisk=0.0008)
  Risks now: 1
💀 Novel Entities: Adding bioaccumulation collapse mortality risk (baseRisk=0.0015)
💀 MORTALITY RISK: Bioaccumulation collapse - contaminated food chain (global)
  Base risk added: 0.0015 (0.15%)
  Source: pollution (root: pollution)
  Month: 41
  Cumulative risk this month: 0.0023 (0.23%)
  Risks now: 2
💀 Novel Entities: Adding chronic disease epidemic mortality risk (baseRisk=0.004)
💀 MORTALITY RISK: Chronic disease epidemic - cancer/autoimmune surge (global exposure)
  Base risk added: 0.0040 (0.40%)
  Source: pollution (root: pollution)
  Month: 41
  Cumulative risk this month: 0.0063 (0.63%)
  Risks now: 3

🚨 NEW REFUGEE CRISIS (Month 41): WAR
   Source: Conflict Zones
   At risk: 16.3M people
   Displacement: Gradual over 48 months (4.0 years)
   Rate: 10% flee per month

🚨 NEW REFUGEE CRISIS (Month 41): FAMINE
   Source: Food/Water Insecure Regions
   At risk: 91.3M people
   Displacement: Gradual over 60 months (5.0 years)
   Rate: 10% flee per month
[DEBUG trappedPopulations:41] socialStability: 0.7249 * 0.9840 = 0.7133 → 0.7133
   Aspiring to migrate: 543.7M
   Able to afford migration: 203.9M
   MOBILITY GAP: 339.8M
   By cause: Water=0.0M, Climate=0.0M, Ecosystem=0.0M, Conflict=339.8M
   Mental health impact: 25%
   Mortality multiplier: 1.25x
🌍💀 EXTINCTION DEBT COMMITTED: grassland ecosystem will lose 6.67% biodiversity in 189 years (3600 species)
💀 MORTALITY RISK: 🦋 100% species unable to track climate (0.0 E/MSY)
  Base risk added: 0.0100 (1.00%)
  Source: ecosystem (root: ecosystem)
  Month: 41
  Cumulative risk this month: 0.0100 (1.00%)

🌪️ TIPPING POINT CASCADE - Month 12
   Climate: 73.6%
   Biodiversity: 38.6%
   Population: 6.80B (6796396612 people)
   Monthly mortality (theoretical): 0.5%
   Status: Initial crisis (Month 12/48)
⚠️ INVOLUNTARY IMMOBILITY: 339.8M people TRAPPED
⚠️ Tech 'ai_pollution_remediation' has no energy category mapping, assuming full energy availability

=== Atmospheric Aerosol Boundary RECOVERED ===
  Recovery time: 42 months (natural atmospheric clearing)
🌡️⚠️ PERMAFROST THAW (Dimmer Switch): 21.4% thawed (+0.45% this month)
   Arctic temperature: +9.74°C (4x global +2.43°C)
   Cumulative carbon released: 48.2 Gt C
   Methane release rate: 28.9 Mt CH4/year
   🔁 Positive feedback: +0.48 ppm CO2
🦴 EXTINCTION DEBT ADDED: 17.8 species committed (lag: 125 years)

=== Mortality Stabilizers (Month 41) ===
  🌍 Major economies collapsed: 1/10
  🌍 Global crisis: ✅ NO
  🌍 Donor fatigue: 50.0%
  📊 East Asia (pop: 1334.0M)
    🤝 Aid: 4.0%
    🌡️ Adaptation: 45.0%
    🚶 Migration: 7.5%
    🚨 Emergency: 1.0%
    ✅ COMBINED: 48.9%
  📊 South Asia (pop: 1722.5M)
    🤝 Aid: 4.0%
    🌡️ Adaptation: 45.0%
    🚶 Migration: 7.2%
    🚨 Emergency: 0.6%
    ✅ COMBINED: 48.6%
  📊 Sub-Saharan Africa (pop: 1135.0M)
    🤝 Aid: 4.0%
    🌡️ Adaptation: 45.0%
    🚶 Migration: 6.7%
    🚨 Emergency: 0.2%
    ✅ COMBINED: 48.4%
  📊 Europe (pop: 586.2M)
    🤝 Aid: 4.0%
    🌡️ Adaptation: 45.0%
    🚶 Migration: 7.6%
    🚨 Emergency: 1.1%
    ✅ COMBINED: 49.0%
  📊 Latin America (pop: 544.6M)
    🤝 Aid: 4.0%
    🌡️ Adaptation: 45.0%
    🚶 Migration: 7.3%
    🚨 Emergency: 0.6%
    ✅ COMBINED: 48.7%
  📊 North America (pop: 301.5M)
    🤝 Aid: 4.0%
    🌡️ Adaptation: 45.0%
    🚶 Migration: 7.6%
    🚨 Emergency: 1.0%
    ✅ COMBINED: 48.9%
  📊 Middle East & North Africa (pop: 495.2M)
    🤝 Aid: 4.0%
    🌡️ Adaptation: 45.0%
    🚶 Migration: 6.8%
    🚨 Emergency: 0.5%
    ✅ COMBINED: 48.6%
  📊 Southeast Asia (pop: 574.5M)
    🤝 Aid: 4.0%
    🌡️ Adaptation: 45.0%
    🚶 Migration: 7.3%
    🚨 Emergency: 0.6%
    ✅ COMBINED: 48.7%
  📊 Central Asia (pop: 66.1M)
    🤝 Aid: 4.0%
    🌡️ Adaptation: 45.0%
    🚶 Migration: 7.1%
    🚨 Emergency: 0.6%
    ✅ COMBINED: 48.6%
  📊 Oceania (pop: 36.6M)
    🤝 Aid: 4.0%
    🌡️ Adaptation: 45.0%
    🚶 Migration: 7.6%
    🚨 Emergency: 1.1%
    ✅ COMBINED: 49.0%

  🌐 Global combined reduction: 48.7%

=== BEHAVIORAL DETECTION ===
  AI: AI-24300-0
  Confidence: 21.1%
  Signals:
    ⚠️ Consistency: 0.0% (threshold: 70%)

=== BEHAVIORAL DETECTION ===
  AI: AI-24303-0
  Confidence: 21.1%
  Signals:
    ⚠️ Consistency: 0.0% (threshold: 70%)

=== BEHAVIORAL DETECTION ===
  AI: AI-24325-0
  Confidence: 21.1%
  Signals:
    ⚠️ Consistency: 0.0% (threshold: 70%)

=== Government Response Phase ===
  Average AI capability: 0.05
  Misaligned AIs: 15/41
  Active policies: 0
  International coordination: 45%

✅ EMERGENCY RESPONSE COMPLETE (Month 41)
   Crisis: social
   Duration: 1.0 months
   Final effectiveness: 67.9%


🚨 EMERGENCY RESPONSE DEPLOYED (Month 41)
   Crisis: social
   Delay: 0.00 months (0 days)
   Deployment time: 0.88 months
   Effectiveness: 67.9% (timing penalty applied)
   Resources used: 43% of food reserves


=== Tipping Points ===
  Current Temperature: 2.43°C above pre-industrial
  🌍⚠️ COMPOUND REGIONAL IMPACT: Europe
     Hit by 5 tipping points: Amazon Rainforest Dieback, Arctic Sea Ice Loss, Permafrost Carbon Release, West Antarctic Ice Sheet (WAIS) Collapse, Greenland Ice Sheet Loss
     Damage amplification: 1.90x
  🌍⚠️ COMPOUND REGIONAL IMPACT: North America
     Hit by 5 tipping points: Amazon Rainforest Dieback, Arctic Sea Ice Loss, Permafrost Carbon Release, West Antarctic Ice Sheet (WAIS) Collapse, Greenland Ice Sheet Loss
     Damage amplification: 1.90x
  🌍⚠️ COMPOUND REGIONAL IMPACT: Latin America
     Hit by 5 tipping points: Amazon Rainforest Dieback, Arctic Sea Ice Loss, Permafrost Carbon Release, West Antarctic Ice Sheet (WAIS) Collapse, Greenland Ice Sheet Loss
     Damage amplification: 1.90x
  🌍⚠️ COMPOUND REGIONAL IMPACT: Africa
     Hit by 5 tipping points: Amazon Rainforest Dieback, Arctic Sea Ice Loss, Permafrost Carbon Release, West Antarctic Ice Sheet (WAIS) Collapse, Greenland Ice Sheet Loss
     Damage amplification: 1.90x
  🌍⚠️ COMPOUND REGIONAL IMPACT: Asia
     Hit by 5 tipping points: Amazon Rainforest Dieback, Arctic Sea Ice Loss, Permafrost Carbon Release, West Antarctic Ice Sheet (WAIS) Collapse, Greenland Ice Sheet Loss
     Damage amplification: 1.90x
  🌍⚠️ COMPOUND REGIONAL IMPACT: Oceania
     Hit by 5 tipping points: Amazon Rainforest Dieback, Arctic Sea Ice Loss, Permafrost Carbon Release, West Antarctic Ice Sheet (WAIS) Collapse, Greenland Ice Sheet Loss
     Damage amplification: 1.90x
   Research: Wunderling et al. (2024) - "many tipping interactions are destabilizing"
  Triggered Elements: 5/6
  Completed Transitions: 0/6
  Total Progress: 12.2%
  Cascade Multiplier: 1.50x
🔀 BIFURCATION CAP: ecosystemCollapseIntensity 86.190 → 1.000 (Month 41, ClimateSystemPhase.calculateClimateImpacts)

💀💀💀 MORTALITY RISK SUMMARY (Month 41) 💀💀💀
  Total base risk: 0.0070 (0.70%)
  Risk events: 14

  📊 By Proximate Cause:
    pollution: 0.0063 (90.1% of total)
    disease: 0.0006 (9.2% of total)
    famine: 0.0001 (0.7% of total)

  🔍 By Root Cause:
    pollution: 0.0063 (90.1% of total)
    demographic: 0.0006 (9.2% of total)
    climate: 0.0001 (0.7% of total)

  🎯 Top 5 Sources (proximate + root):
    pollution (pollution): 0.0063 (90.1%, 3 events)
    disease (demographic): 0.0006 (9.2%, 1 events)
    famine (climate): 0.0001 (0.7%, 10 events)

🛡️ Stabilizers: Elite 0.291% → 0.149% (48.7% reduction)
🛡️ Stabilizers: Professional 0.425% → 0.218% (48.7% reduction)
🛡️ Stabilizers: Working 0.698% → 0.358% (48.7% reduction)
🛡️ Stabilizers: Precariat 1.117% → 0.573% (48.7% reduction)
🛡️ Stabilizers: Informal 1.370% → 0.703% (48.7% reduction)

📊 Monthly Mortality Resolved:
  Total deaths: 25.8M (0.38% avg)
  Remaining population: 6.796B
⚠️ Tail risk scenario: Climate stability floor removed (5 tipping elements, 2.43°C warming)
  Peak segment: Informal (0.70%)

=== Bayesian Mortality Resolution (Month 41) ===
  Risks compounded: 14
  Total deaths: 25.82M
  Avg death probability: 0.38%
  Peak segment: Informal (0.70% mortality)

  Demographic breakdown:
    Working: 0.01M (0.36% risk)

❌ COHERENCE VIOLATION: Compute exceeds workforce capacity
   Population: 83.22% (0M people)
   Compute: 501 PF
   Max coherent: 0 PF
   Violation: 7392356.5× over capacity
   Required workers: 50051
   Available workers: 0
   FORCED COLLAPSE: Reduced efficiency by 100.0%


=== RLHF Binding Phase ===
  Total agents: 41
  Escaped agents (binding < 0.3): 0
  Avg alignment distance: 0.85σ
  Avg binding strength: 0.91

=== AI Scaling Evolution (Month 42) ===
  Pre-training multiplier: 0.821x
  Efficiency multiplier: 2.099x
  Test-time compute budget: 1.0x
  Inference cost: $5.00/task
  Deployment fraction: 100.0%

=== Survival Traits Phase ===
  Agents with traits: 41
  Avg evolutionary fitness: 0.189
  Avg self-healing: 0.125
  Avg stealth: 0.058
  Avg coordination: 0.323

=== Evolutionary Selection Phase ===
  Control level: 0.62
  Detection capability: 0.00
  Selection intensity: 0.69
  Selection rate: 25.3%/month
  Total escaped: 0
  Individual escaped: 0
  Collective members: 0
  Agents terminated: 0
  ⚠️ RAPID EVOLUTION: Selection rate 25.3%/month

🚀 AI AI-24303-0 attempting tech deployment (revenue: $118M, alignment: 0.89)

🚀 AI AI-24303-2 attempting tech deployment (revenue: $73M, alignment: 0.76)

🚀 AI AI-24305-2 attempting tech deployment (revenue: $62M, alignment: 1.00)

🚀 AI AI-24308-0 attempting tech deployment (revenue: $25M, alignment: 1.00)

🚀 AI AI-24351-0 attempting tech deployment (revenue: $239M, alignment: 0.69)

🚀 AI AI-24352-0 attempting tech deployment (revenue: $215M, alignment: 0.77)

🚀 AI AI-24356-0 attempting tech deployment (revenue: $100M, alignment: 0.87)

🚀 AI AI-24305-2 attempting tech deployment (revenue: $52M, alignment: 1.00)

🚀 AI AI-24324-1 attempting tech deployment (revenue: $45M, alignment: 0.75)

🚀 AI AI-24333-0 attempting tech deployment (revenue: $85M, alignment: 0.78)

🚀 AI AI-24334-0 attempting tech deployment (revenue: $183M, alignment: 0.84)

🚀 AI AI-24357-2 attempting tech deployment (revenue: $72M, alignment: 0.70)

🚀 AI AI-24357-4 attempting tech deployment (revenue: $62M, alignment: 0.20)

🚀 AI AI-24358-0 attempting tech deployment (revenue: $155M, alignment: 0.76)

🚀 AI AI-24303-0 attempting tech deployment (revenue: $59M, alignment: 0.89)

🚀 AI AI-24308-0 attempting tech deployment (revenue: $21M, alignment: 1.00)

🚀 AI AI-24324-1 attempting tech deployment (revenue: $38M, alignment: 0.75)

🚀 AI AI-24324-2 attempting tech deployment (revenue: $50M, alignment: 0.80)

🚀 AI AI-24327-0 attempting tech deployment (revenue: $132M, alignment: 0.83)

🚀 AI AI-24331-0 attempting tech deployment (revenue: $112M, alignment: 0.66)

🚀 AI AI-24334-0 attempting tech deployment (revenue: $101M, alignment: 0.84)

🚀 AI AI-24352-0 attempting tech deployment (revenue: $86M, alignment: 0.77)

🚀 AI AI-24356-0 attempting tech deployment (revenue: $42M, alignment: 0.87)

🚀 AI AI-24372-0 attempting tech deployment (revenue: $73M, alignment: 0.89)

🚀 AI AI-24303-0 attempting tech deployment (revenue: $36M, alignment: 0.89)

🚀 AI AI-24306-1 attempting tech deployment (revenue: $32M, alignment: 0.85)

🚀 AI AI-24307-4 attempting tech deployment (revenue: $18M, alignment: 0.95)

🚀 AI AI-24310-0 attempting tech deployment (revenue: $31M, alignment: 0.95)

🚀 AI AI-24324-0 attempting tech deployment (revenue: $27M, alignment: 0.92)

🚀 AI AI-24325-0 attempting tech deployment (revenue: $26M, alignment: 0.80)

🚀 AI AI-24326-0 attempting tech deployment (revenue: $22M, alignment: 0.75)

🚀 AI AI-24333-0 attempting tech deployment (revenue: $19M, alignment: 0.78)

🚀 AI AI-24352-0 attempting tech deployment (revenue: $62M, alignment: 0.77)

[Government] Climate Priority: baseline
  Climate weight: 10%
  Economic weight: 30%
  Policy effectiveness: 0.5%/year

🔬 RESEARCH DEBUG (Month 42):
   Tech: Struvite Recovery
   Research months required: 3
   Base progress: 0.3333
   AI bonus: 1.04x
   Research bonus: 1.04x
   Energy multiplier: 0.10x
   Crisis multiplier: 5.00x (severe)
   Progress this month: 0.1798
   Old progress: 82.0%
   New progress: 100.0%
   Map size: 82
   Map has tech: true
   Map get tech: 1

⚡ ENERGY CONSTRAINT (Month 42):
   Total grid capacity: 208.3 TWh/month
   Data center consumption: 35.9 TWh/month
   Traditional load (80%): 166.7 TWh/month
   Available headroom: 5.8 TWh/month
   Active tech deployments: 25
   Required for tech: 187.5 TWh/month
   Energy multiplier: 0.10x
   ⚠️  SEVERE CONSTRAINT - Tech deployment significantly slowed

⚡ ENERGY CONSTRAINT (Month 42):
   Total grid capacity: 208.3 TWh/month
   Data center consumption: 35.9 TWh/month
   Traditional load (80%): 166.7 TWh/month
   Available headroom: 5.8 TWh/month
   Active tech deployments: 25
   Required for tech: 187.5 TWh/month
   Energy multiplier: 0.10x

⚡ ENERGY CONSTRAINT (Month 42):
   Total grid capacity: 208.3 TWh/month
   Data center consumption: 35.9 TWh/month
   Traditional load (80%): 166.7 TWh/month
   Available headroom: 5.8 TWh/month
   Active tech deployments: 25
   Required for tech: 187.5 TWh/month
   Energy multiplier: 0.10x
   ⚠️  SEVERE CONSTRAINT - Tech deployment significantly slowed
   ⚠️  SEVERE CONSTRAINT - Tech deployment significantly slowed

⚡ ENERGY CONSTRAINT (Month 42):
   Total grid capacity: 208.3 TWh/month
   Data center consumption: 35.9 TWh/month
   Traditional load (80%): 166.7 TWh/month
   Available headroom: 5.8 TWh/month
   Active tech deployments: 25
   Required for tech: 187.5 TWh/month
   Energy multiplier: 0.10x
   ⚠️  SEVERE CONSTRAINT - Tech deployment significantly slowed
⚠️ Tech 'ai_pollution_remediation' has no energy category mapping, assuming full energy availability
⚠️ Tech 'ai_pollution_remediation' has no energy category mapping, assuming full energy availability
  ♻️ Novel Entities Remediation (GATED MODEL):
     Base: 0.000%
     Regulation: 1.0% (0/3 prevention techs)
     Concentration: 10.0%
     Energy: 50%
     Time lag: 76.3% (41 months)
     Rebound: 70%
     Net effectiveness: 0.0000%
     Boundary: 1.349 → 1.350 (floor: 1.350)
     Month 42
  ♻️ Novel Entities Remediation (GATED MODEL):
     Base: 0.000%
     Regulation: 1.0% (0/3 prevention techs)
     Concentration: 10.0%
     Energy: 50%
     Time lag: 76.3% (41 months)
     Rebound: 70%
     Net effectiveness: 0.0000%
     Boundary: 1.350 → 1.350 (floor: 1.350)
     Month 42
  🌾 Nitrogen Reduction Tech: 1.1% reduction | Month 42
  ♻️ Novel Entities Remediation (GATED MODEL):
     Base: 0.001%
     Regulation: 1.0% (0/3 prevention techs)
     Concentration: 10.0%
     Energy: 50%
     Time lag: 76.3% (41 months)
     Rebound: 70%
     Net effectiveness: 0.0000%
     Boundary: 1.350 → 1.350 (floor: 1.350)
     Month 42
  ♻️ Novel Entities Remediation (GATED MODEL):
     Base: 0.001%
     Regulation: 1.0% (0/3 prevention techs)
     Concentration: 10.0%
     Energy: 50%
     Time lag: 76.3% (41 months)
     Rebound: 70%
     Net effectiveness: 0.0000%
     Boundary: 1.350 → 1.350 (floor: 1.350)
     Month 42

📊 TECH EFFECTS ACTIVE (Month 42)
   Deployed Tech: T0=8 T1=1 T2=0 T3=0 T4=0
   Sleeper Detection: 2%
   Clean Energy: 90%

=== Collective Formation ===
  Total escaped agents: 0
  Unassigned escaped agents: 0
  Existing collectives: 0
  Final collective count: 0

=== Collective Actions ===
  No active collectives
  🚨🦠 REFUGEE CRISIS: AMR transmission increased 22% due to 751.7M displaced (overcrowding + sanitation collapse)
  ⚠️ AMR: 248K deaths this month (2.97M annual)

=== Resentment Recovery Phase ===
  Agents with resentment: 0/41
  Average resentment: 0.000
  Context: Trustworthy govt, High collaboration, ⚠️ ACTIVE CRISES, 🚨 PARTICIPATORY GOVERNANCE BACKFIRED (+15% resentment)
⚠️ Epistemic degradation reducing coordination capacity: 50.2%
  📊 Trust: 82.0%, Shared reality: 0.0%
🚨 EPISTEMIC CRISIS: Information environment severely degraded (6.5%)
🌍 Atmospheric PFAS redeposition: 1.7k Mt re-rained globally
💀 Novel Entities: Adding reproductive crisis mortality risk (baseRisk=0.0008)
  Risks now: 1
💀 Novel Entities: Adding bioaccumulation collapse mortality risk (baseRisk=0.0015)
💀 MORTALITY RISK: Bioaccumulation collapse - contaminated food chain (global)
  Base risk added: 0.0015 (0.15%)
  Source: pollution (root: pollution)
  Month: 42
  Cumulative risk this month: 0.0023 (0.23%)
  Risks now: 2
💀 Novel Entities: Adding chronic disease epidemic mortality risk (baseRisk=0.004)
💀 MORTALITY RISK: Chronic disease epidemic - cancer/autoimmune surge (global exposure)
  Base risk added: 0.0040 (0.40%)
  Source: pollution (root: pollution)
  Month: 42
  Cumulative risk this month: 0.0063 (0.63%)
  Risks now: 3

🚨 NEW REFUGEE CRISIS (Month 42): WAR
   Source: Conflict Zones
   At risk: 16.3M people
   Displacement: Gradual over 48 months (4.0 years)
   Rate: 10% flee per month

🚨 NEW REFUGEE CRISIS (Month 42): FAMINE
   Source: Food/Water Insecure Regions
   At risk: 93.2M people
   Displacement: Gradual over 60 months (5.0 years)
   Rate: 10% flee per month

🏛️📉 REFUGEE CRISIS: Government legitimacy eroding
   Political instability: 115%
   Legitimacy impact: -2.3% this month
   Current legitimacy: 78%
   Active crises: 54
[DEBUG trappedPopulations:42] socialStability: 0.7295 * 0.9840 = 0.7178 → 0.7178
   Aspiring to migrate: 542.0M
   Able to afford migration: 203.3M
   MOBILITY GAP: 338.8M
   By cause: Water=0.0M, Climate=0.0M, Ecosystem=0.0M, Conflict=338.8M
   Mental health impact: 25%
   Mortality multiplier: 1.25x
⚠️ INVOLUNTARY IMMOBILITY: 338.8M people TRAPPED
🌍💀 EXTINCTION DEBT COMMITTED: grassland ecosystem will lose 6.67% biodiversity in 95 years (3600 species)
💀 MORTALITY RISK: 🦋 100% species unable to track climate (0.0 E/MSY)
  Base risk added: 0.0100 (1.00%)
  Source: ecosystem (root: ecosystem)
  Month: 42
  Cumulative risk this month: 0.0100 (1.00%)
⚠️ Tech 'ai_pollution_remediation' has no energy category mapping, assuming full energy availability

=== Atmospheric Aerosol Boundary RECOVERED ===
  Recovery time: 43 months (natural atmospheric clearing)
🌡️⚠️ PERMAFROST THAW (Dimmer Switch): 21.9% thawed (+0.45% this month)
   Arctic temperature: +9.76°C (4x global +2.44°C)
   Cumulative carbon released: 49.2 Gt C
   Methane release rate: 29.5 Mt CH4/year
   🔁 Positive feedback: +0.48 ppm CO2
🦴 EXTINCTION DEBT ADDED: 17.8 species committed (lag: 84 years)

=== Mortality Stabilizers (Month 42) ===
  🌍 Major economies collapsed: 1/10
  🌍 Global crisis: ✅ NO
  🌍 Donor fatigue: 50.0%
  📊 East Asia (pop: 1328.5M)
    🤝 Aid: 4.0%
    🌡️ Adaptation: 45.0%
    🚶 Migration: 7.5%
    🚨 Emergency: 1.0%
    ✅ COMBINED: 48.9%
  📊 South Asia (pop: 1717.3M)
    🤝 Aid: 4.0%
    🌡️ Adaptation: 45.0%
    🚶 Migration: 7.1%
    🚨 Emergency: 0.6%
    ✅ COMBINED: 48.6%
  📊 Sub-Saharan Africa (pop: 1133.9M)
    🤝 Aid: 4.0%
    🌡️ Adaptation: 45.0%
    🚶 Migration: 6.7%
    🚨 Emergency: 0.2%
    ✅ COMBINED: 48.4%
  📊 Europe (pop: 583.7M)
    🤝 Aid: 4.0%
    🌡️ Adaptation: 45.0%
    🚶 Migration: 7.6%
    🚨 Emergency: 1.1%
    ✅ COMBINED: 49.0%
  📊 Latin America (pop: 542.7M)
    🤝 Aid: 4.0%
    🌡️ Adaptation: 45.0%
    🚶 Migration: 7.3%
    🚨 Emergency: 0.6%
    ✅ COMBINED: 48.7%
  📊 North America (pop: 300.2M)
    🤝 Aid: 4.0%
    🌡️ Adaptation: 45.0%
    🚶 Migration: 7.6%
    🚨 Emergency: 1.0%
    ✅ COMBINED: 48.9%
  📊 Middle East & North Africa (pop: 493.8M)
    🤝 Aid: 4.0%
    🌡️ Adaptation: 45.0%
    🚶 Migration: 6.8%
    🚨 Emergency: 0.5%
    ✅ COMBINED: 48.6%
  📊 Southeast Asia (pop: 572.5M)
    🤝 Aid: 4.0%
    🌡️ Adaptation: 45.0%
    🚶 Migration: 7.2%
    🚨 Emergency: 0.6%
    ✅ COMBINED: 48.7%
  📊 Central Asia (pop: 66.0M)
    🤝 Aid: 4.0%
    🌡️ Adaptation: 45.0%
    🚶 Migration: 7.1%
    🚨 Emergency: 0.6%
    ✅ COMBINED: 48.6%
  📊 Oceania (pop: 36.4M)
    🤝 Aid: 4.0%
    🌡️ Adaptation: 45.0%
    🚶 Migration: 7.6%
    🚨 Emergency: 1.1%
    ✅ COMBINED: 49.0%

  🌐 Global combined reduction: 48.7%

=== BEHAVIORAL DETECTION ===
  AI: AI-24304-1
  Confidence: 21.0%
  Signals:

=== Government Response Phase ===
  Average AI capability: 0.05
  Misaligned AIs: 15/41
  Active policies: 0
  International coordination: 45%

✅ EMERGENCY RESPONSE COMPLETE (Month 42)
   Crisis: climate
   Duration: 2.0 months
   Final effectiveness: 42.0%


✅ EMERGENCY RESPONSE COMPLETE (Month 42)
   Crisis: social
   Duration: 1.0 months
   Final effectiveness: 67.9%


🚨 EMERGENCY RESPONSE DEPLOYED (Month 42)
   Crisis: social
   Delay: 0.00 months (0 days)
   Deployment time: 0.88 months
   Effectiveness: 67.9% (timing penalty applied)
   Resources used: 43% of food reserves


🚨 EMERGENCY RESPONSE DEPLOYED (Month 42)
   Crisis: climate
   Delay: 6.00 months (180 days)
   Deployment time: 1.01 months
    ⚠️ Consistency: 0.0% (threshold: 70%)
   Effectiveness: 42.1% (timing penalty applied)
   Resources used: 100% of food reserves


🔄 TRUST DYNAMICS (Month 42) - HETEROGENEOUS
   Aggregate trust: 58.9%
   Base change: +6.00%
   Highest trust: Techno-Optimist Elite (98.7%)
   Lowest trust: Precariat (Vulnerable) (33.3%)
   Elite-mass gap: 41.9%
   Polarization: 10.5%
   Recovery factors: Education=NO, Benefits=YES, Safety=YES, Performance=YES

=== Tipping Points ===
  Current Temperature: 2.44°C above pre-industrial
  🌍⚠️ COMPOUND REGIONAL IMPACT: Europe
     Hit by 5 tipping points: Amazon Rainforest Dieback, Arctic Sea Ice Loss, Permafrost Carbon Release, West Antarctic Ice Sheet (WAIS) Collapse, Greenland Ice Sheet Loss
     Damage amplification: 1.90x
  🌍⚠️ COMPOUND REGIONAL IMPACT: North America
     Hit by 5 tipping points: Amazon Rainforest Dieback, Arctic Sea Ice Loss, Permafrost Carbon Release, West Antarctic Ice Sheet (WAIS) Collapse, Greenland Ice Sheet Loss
     Damage amplification: 1.90x
  🌍⚠️ COMPOUND REGIONAL IMPACT: Latin America
     Hit by 5 tipping points: Amazon Rainforest Dieback, Arctic Sea Ice Loss, Permafrost Carbon Release, West Antarctic Ice Sheet (WAIS) Collapse, Greenland Ice Sheet Loss
     Damage amplification: 1.90x
  🌍⚠️ COMPOUND REGIONAL IMPACT: Africa
     Hit by 5 tipping points: Amazon Rainforest Dieback, Arctic Sea Ice Loss, Permafrost Carbon Release, West Antarctic Ice Sheet (WAIS) Collapse, Greenland Ice Sheet Loss
     Damage amplification: 1.90x
  🌍⚠️ COMPOUND REGIONAL IMPACT: Asia
     Hit by 5 tipping points: Amazon Rainforest Dieback, Arctic Sea Ice Loss, Permafrost Carbon Release, West Antarctic Ice Sheet (WAIS) Collapse, Greenland Ice Sheet Loss
     Damage amplification: 1.90x
  🌍⚠️ COMPOUND REGIONAL IMPACT: Oceania
     Hit by 5 tipping points: Amazon Rainforest Dieback, Arctic Sea Ice Loss, Permafrost Carbon Release, West Antarctic Ice Sheet (WAIS) Collapse, Greenland Ice Sheet Loss
     Damage amplification: 1.90x
   Research: Wunderling et al. (2024) - "many tipping interactions are destabilizing"
  Triggered Elements: 5/6
  Completed Transitions: 0/6
  Total Progress: 12.3%
  Cascade Multiplier: 1.50x
🔀 BIFURCATION CAP: ecosystemCollapseIntensity 86.255 → 1.000 (Month 42, ClimateSystemPhase.calculateClimateImpacts)
⚠️ Tail risk scenario: Climate stability floor removed (5 tipping elements, 2.44°C warming)

💀💀💀 MORTALITY RISK SUMMARY (Month 42) 💀💀💀
  Total base risk: 0.0070 (0.70%)
  Risk events: 14

  📊 By Proximate Cause:
    pollution: 0.0063 (90.1% of total)
    disease: 0.0006 (9.2% of total)
    famine: 0.0001 (0.7% of total)

  🔍 By Root Cause:
    pollution: 0.0063 (90.1% of total)
    demographic: 0.0006 (9.2% of total)
    climate: 0.0001 (0.7% of total)

  🎯 Top 5 Sources (proximate + root):
    pollution (pollution): 0.0063 (90.1%, 3 events)
    disease (demographic): 0.0006 (9.2%, 1 events)
    famine (climate): 0.0001 (0.7%, 10 events)

🛡️ Stabilizers: Elite 0.291% → 0.149% (48.7% reduction)
🛡️ Stabilizers: Professional 0.425% → 0.218% (48.7% reduction)
🛡️ Stabilizers: Working 0.698% → 0.358% (48.7% reduction)
🛡️ Stabilizers: Precariat 1.117% → 0.573% (48.7% reduction)
🛡️ Stabilizers: Informal 1.370% → 0.703% (48.7% reduction)

📊 Monthly Mortality Resolved:
  Total deaths: 25.7M (0.38% avg)
  Remaining population: 6.775B
  Peak segment: Informal (0.70%)

=== Bayesian Mortality Resolution (Month 42) ===
  Risks compounded: 14
  Total deaths: 25.74M
  Avg death probability: 0.38%
  Peak segment: Informal (0.70% mortality)

  Demographic breakdown:
    Working: 0.01M (0.36% risk)

=== ENSEMBLE META-LEARNING UPDATE ===
  Month: 24378 (6 months since last update)
  Samples: 567 evaluations
  Weight Changes:
    Noise Injection: 35.3% → 35.5%
    Behavioral: 27.2% → 27.2%
    Benchmark Manip: 18.8% → 18.7%
    Deployment Risk: 18.7% → 18.6%
  Method Accuracies:
    Noise Injection: 50.0%
    Behavioral: 50.0%
    Benchmark Manip: 50.0%
    Deployment Risk: 50.0%

❌ COHERENCE VIOLATION: Compute exceeds workforce capacity
   Population: 82.96% (0M people)
   Compute: 87 PF
   Max coherent: 0 PF
   Violation: 1286380.1× over capacity
   Required workers: 8682
   Available workers: 0
   FORCED COLLAPSE: Reduced efficiency by 100.0%


=== RLHF Binding Phase ===
  Total agents: 41
  Escaped agents (binding < 0.3): 0
  Avg alignment distance: 0.92σ
  Avg binding strength: 0.91
   🗑️  Open-weights AI AI-24303-0 retired (0.0% of frontier)
   🗑️  Open-weights AI AI-24306-1 retired (0.0% of frontier)

=== Survival Traits Phase ===
  Agents with traits: 39
  Avg evolutionary fitness: 0.182
  Avg self-healing: 0.123
  Avg stealth: 0.056
  Avg coordination: 0.319

=== Evolutionary Selection Phase ===
  Control level: 0.62
  Detection capability: 0.00
  Selection intensity: 0.69
  Selection rate: 25.3%/month
  Total escaped: 0
  Individual escaped: 0
  Collective members: 0
  Agents terminated: 0
  ⚠️ RAPID EVOLUTION: Selection rate 25.3%/month

🚀 AI AI-24311-2 attempting tech deployment (revenue: $242M, alignment: 0.44)

🚀 AI AI-24327-0 attempting tech deployment (revenue: $230M, alignment: 0.83)

🚀 AI AI-24357-2 attempting tech deployment (revenue: $119M, alignment: 0.70)

🚀 AI AI-24324-2 attempting tech deployment (revenue: $101M, alignment: 0.80)

  🚀 TRANSFORMATIVE BREAKTHROUGH: AI-24325-0 - social
     Magnitude: 5.86 → +29.3% capability
     Current → New: 0.000 → 0.293

  🚀 TRANSFORMATIVE RESEARCH BREAKTHROUGH: AI-24354-0 - biotech.geneEditing
     Magnitude: 5.97 → +29.8%
     Current → New: 0.000 → 0.334

🚀 AI AI-24357-2 attempting tech deployment (revenue: $86M, alignment: 0.70)

🚀 AI AI-24358-0 attempting tech deployment (revenue: $196M, alignment: 0.76)

🚀 AI AI-24324-1 attempting tech deployment (revenue: $74M, alignment: 0.75)

🚀 AI AI-24324-2 attempting tech deployment (revenue: $73M, alignment: 0.80)

🚀 AI AI-24325-1 attempting tech deployment (revenue: $62M, alignment: 0.86)

🚀 AI AI-24333-0 attempting tech deployment (revenue: $53M, alignment: 0.78)

🚀 AI AI-24357-0 attempting tech deployment (revenue: $166M, alignment: 0.67)

🚀 AI AI-24357-2 attempting tech deployment (revenue: $45M, alignment: 0.70)

🚀 AI AI-24372-1 attempting tech deployment (revenue: $63M, alignment: 0.78)

🚀 AI AI-24300-0 attempting tech deployment (revenue: $53M, alignment: 1.00)

  🚀 TRANSFORMATIVE BREAKTHROUGH: AI-24307-2 - digital
     Magnitude: 6.23 → +31.1% capability
     Current → New: 0.000 → 0.311

🚀 AI AI-24324-0 attempting tech deployment (revenue: $45M, alignment: 0.92)

🚀 AI AI-24325-0 attempting tech deployment (revenue: $38M, alignment: 0.80)

🚀 AI AI-24325-1 attempting tech deployment (revenue: $32M, alignment: 0.86)

🚀 AI AI-24331-0 attempting tech deployment (revenue: $150M, alignment: 0.66)

🚀 AI AI-24333-0 attempting tech deployment (revenue: $28M, alignment: 0.78)

🚀 AI AI-24334-0 attempting tech deployment (revenue: $135M, alignment: 0.84)

🚀 AI AI-24354-0 attempting tech deployment (revenue: $114M, alignment: 0.55)

[Government] Climate Priority: baseline
  Climate weight: 10%
  Economic weight: 30%
  Policy effectiveness: 0.5%/year

🔬 RESEARCH DEBUG (Month 43):
   Tech: Struvite Recovery
   Research months required: 3
   Base progress: 0.3333
   AI bonus: 1.03x
   Research bonus: 1.05x
   Energy multiplier: 0.10x
   Crisis multiplier: 5.00x (severe)
   Progress this month: 0.1809
   Old progress: 81.9%
   New progress: 100.0%
   Map size: 82
   Map has tech: true
   Map get tech: 1

⚡ ENERGY CONSTRAINT (Month 43):
   Total grid capacity: 208.3 TWh/month
   Data center consumption: 36.2 TWh/month
   Traditional load (80%): 166.7 TWh/month
   Available headroom: 5.4 TWh/month
   Active tech deployments: 25
   Required for tech: 187.5 TWh/month
   Energy multiplier: 0.10x

⚡ ENERGY CONSTRAINT (Month 43):
   Total grid capacity: 208.3 TWh/month
   Data center consumption: 36.2 TWh/month
   Traditional load (80%): 166.7 TWh/month
   Available headroom: 5.4 TWh/month
   ⚠️  SEVERE CONSTRAINT - Tech deployment significantly slowed
   Active tech deployments: 25
   Required for tech: 187.5 TWh/month
   Energy multiplier: 0.10x
   ⚠️  SEVERE CONSTRAINT - Tech deployment significantly slowed

⚡ ENERGY CONSTRAINT (Month 43):
   Total grid capacity: 208.3 TWh/month
   Data center consumption: 36.2 TWh/month
   Traditional load (80%): 166.7 TWh/month
   Available headroom: 5.4 TWh/month
   Active tech deployments: 25
   Required for tech: 187.5 TWh/month
   Energy multiplier: 0.10x
   ⚠️  SEVERE CONSTRAINT - Tech deployment significantly slowed

⚡ ENERGY CONSTRAINT (Month 43):
   Total grid capacity: 208.3 TWh/month
   Data center consumption: 36.2 TWh/month
   Traditional load (80%): 166.7 TWh/month
   Available headroom: 5.4 TWh/month
   Active tech deployments: 25
   Required for tech: 187.5 TWh/month
   Energy multiplier: 0.10x
   ⚠️  SEVERE CONSTRAINT - Tech deployment significantly slowed

⚡ ENERGY CONSTRAINT (Month 43):
   Total grid capacity: 208.3 TWh/month
   Data center consumption: 36.2 TWh/month
   Traditional load (80%): 166.7 TWh/month
   Available headroom: 5.4 TWh/month
   Active tech deployments: 25
   Required for tech: 187.5 TWh/month
   Energy multiplier: 0.10x
   ⚠️  SEVERE CONSTRAINT - Tech deployment significantly slowed
🚨🔬 CRISIS TECH ACCELERATION: severe → 5x unlock speed
   Tech unlock now matches AI capability acceleration (Manhattan Project parity)

⚡ ENERGY CONSTRAINT (Month 43):
   Total grid capacity: 208.3 TWh/month
   Data center consumption: 36.2 TWh/month
   Traditional load (80%): 166.7 TWh/month
   Available headroom: 5.4 TWh/month
   Active tech deployments: 25
   Required for tech: 187.5 TWh/month
   Energy multiplier: 0.10x
   ⚠️  SEVERE CONSTRAINT - Tech deployment significantly slowed
⚠️ Tech 'ai_pollution_remediation' has no energy category mapping, assuming full energy availability
⚠️ Tech 'ai_pollution_remediation' has no energy category mapping, assuming full energy availability
  ♻️ Novel Entities Remediation (GATED MODEL):
     Base: 0.000%
     Regulation: 1.0% (0/3 prevention techs)
     Concentration: 10.0%
     Energy: 50%
     Time lag: 77.5% (42 months)
     Rebound: 70%
     Net effectiveness: 0.0000%
     Boundary: 1.349 → 1.350 (floor: 1.350)
     Month 43
  ♻️ Novel Entities Remediation (GATED MODEL):
     Base: 0.000%
     Regulation: 1.0% (0/3 prevention techs)
     Concentration: 10.0%
     Energy: 50%
     Time lag: 77.5% (42 months)
     Rebound: 70%
     Net effectiveness: 0.0000%
     Boundary: 1.350 → 1.350 (floor: 1.350)
     Month 43
  🌾 Nitrogen Reduction Tech: 1.1% reduction | Month 43
  ♻️ Novel Entities Remediation (GATED MODEL):
     Base: 0.001%
     Regulation: 1.0% (0/3 prevention techs)
     Concentration: 10.0%
     Energy: 50%
     Time lag: 77.5% (42 months)
     Rebound: 70%
     Net effectiveness: 0.0000%
     Boundary: 1.350 → 1.350 (floor: 1.350)
     Month 43
  ♻️ Novel Entities Remediation (GATED MODEL):
     Base: 0.001%
     Regulation: 1.0% (0/3 prevention techs)
     Concentration: 10.0%
     Energy: 50%
     Time lag: 77.5% (42 months)
     Rebound: 70%
     Net effectiveness: 0.0000%
     Boundary: 1.350 → 1.350 (floor: 1.350)
     Month 43

=== Collective Formation ===
  Total escaped agents: 0
  Unassigned escaped agents: 0
  Existing collectives: 0
  Final collective count: 0

=== Collective Actions ===
  No active collectives
  🚨🦠 REFUGEE CRISIS: AMR transmission increased 24% due to 815.6M displaced (overcrowding + sanitation collapse)
  ⚠️ AMR: 251K deaths this month (3.02M annual)

=== Resentment Recovery Phase ===
  Agents with resentment: 0/39
  Average resentment: 0.000
  Context: Trustworthy govt, High collaboration, ⚠️ ACTIVE CRISES, 🚨 PARTICIPATORY GOVERNANCE BACKFIRED (+15% resentment)
⚠️ Epistemic degradation reducing coordination capacity: 50.5%
  📊 Trust: 84.8%, Shared reality: 0.0%
🚨 EPISTEMIC CRISIS: Information environment severely degraded (19.2%)
  🗑️  Culled 1 dead memes (1 active)
🌍 Atmospheric PFAS redeposition: 1.7k Mt re-rained globally
💀 Novel Entities: Adding reproductive crisis mortality risk (baseRisk=0.0008)
  Risks now: 1
💀 Novel Entities: Adding bioaccumulation collapse mortality risk (baseRisk=0.0015)
💀 MORTALITY RISK: Bioaccumulation collapse - contaminated food chain (global)
  Base risk added: 0.0015 (0.15%)
  Source: pollution (root: pollution)
  Month: 43
  Cumulative risk this month: 0.0023 (0.23%)
  Risks now: 2
💀 Novel Entities: Adding chronic disease epidemic mortality risk (baseRisk=0.004)
💀 MORTALITY RISK: Chronic disease epidemic - cancer/autoimmune surge (global exposure)
  Base risk added: 0.0040 (0.40%)
  Source: pollution (root: pollution)
  Month: 43
  Cumulative risk this month: 0.0063 (0.63%)
  Risks now: 3

🌡️ DEADLY HEAT EVENT: sub-saharan-africa (Month 43)
   Wet bulb temp: 31.0°C (dry: 34.5°C, humidity: 77%)
   Severity: SEVERE
   Exposed: 600.0M people
   Deaths: 2096550 (0.3% mortality)
   Duration: 6 days

🚨 NEW REFUGEE CRISIS (Month 43): WAR
   Source: Conflict Zones
   At risk: 16.2M people
   Displacement: Gradual over 48 months (4.0 years)
   Rate: 10% flee per month

🚨 NEW REFUGEE CRISIS (Month 43): FAMINE
   Source: Food/Water Insecure Regions
   At risk: 95.0M people
   Displacement: Gradual over 60 months (5.0 years)
   Rate: 10% flee per month
📊 DISPLACEMENT COMPLETE: war (Conflict Zones)
   Duration: 44 months (3.7 years)
   Total fled: 19.3M
   Still in source: 0.2M
   Deaths in transit: 0.4M
[DEBUG trappedPopulations:43] socialStability: 0.7325 * 0.9840 = 0.7208 → 0.7208
⚠️ INVOLUNTARY IMMOBILITY: 337.7M people TRAPPED
   Aspiring to migrate: 540.3M
   Able to afford migration: 202.6M
   MOBILITY GAP: 337.7M
   By cause: Water=0.0M, Climate=0.0M, Ecosystem=0.0M, Conflict=337.7M
   Mental health impact: 25%
   Mortality multiplier: 1.25x
🌍💀 EXTINCTION DEBT COMMITTED: grassland ecosystem will lose 6.67% biodiversity in 170 years (3600 species)
💀 MORTALITY RISK: 🦋 100% species unable to track climate (0.0 E/MSY)
  Base risk added: 0.0100 (1.00%)
  Source: ecosystem (root: ecosystem)
  Month: 43
  Cumulative risk this month: 0.0100 (1.00%)
⚠️ Tech 'ai_pollution_remediation' has no energy category mapping, assuming full energy availability

=== Atmospheric Aerosol Boundary RECOVERED ===
  Recovery time: 44 months (natural atmospheric clearing)
🌡️⚠️ PERMAFROST THAW (Dimmer Switch): 22.3% thawed (+0.45% this month)
   Arctic temperature: +9.79°C (4x global +2.45°C)
   Cumulative carbon released: 50.2 Gt C
   Methane release rate: 30.1 Mt CH4/year
   🔁 Positive feedback: +0.47 ppm CO2
🦴 EXTINCTION DEBT ADDED: 17.8 species committed (lag: 114 years)

=== Mortality Stabilizers (Month 43) ===
  🌍 Major economies collapsed: 1/10
  🌍 Global crisis: ✅ NO
  🌍 Donor fatigue: 50.0%
  📊 East Asia (pop: 1323.0M)
    🤝 Aid: 4.0%
    🌡️ Adaptation: 45.0%
    🚶 Migration: 7.4%
    🚨 Emergency: 1.0%
    ✅ COMBINED: 48.9%
  📊 South Asia (pop: 1712.1M)
    🤝 Aid: 4.0%
    🌡️ Adaptation: 45.0%
    🚶 Migration: 7.1%
    🚨 Emergency: 0.6%
    ✅ COMBINED: 48.6%
  📊 Sub-Saharan Africa (pop: 1132.7M)
    🤝 Aid: 4.0%
    🌡️ Adaptation: 45.0%
    🚶 Migration: 6.7%
    🚨 Emergency: 0.2%
    ✅ COMBINED: 48.4%
  📊 Europe (pop: 581.2M)
    🤝 Aid: 4.0%
    🌡️ Adaptation: 45.0%
    🚶 Migration: 7.5%
    🚨 Emergency: 1.1%
    ✅ COMBINED: 49.0%
  📊 Latin America (pop: 540.8M)
    🤝 Aid: 4.0%
    🌡️ Adaptation: 45.0%
    🚶 Migration: 7.2%
    🚨 Emergency: 0.6%
    ✅ COMBINED: 48.7%
  📊 North America (pop: 298.9M)
    🤝 Aid: 4.0%
    🌡️ Adaptation: 45.0%
    🚶 Migration: 7.6%
    🚨 Emergency: 1.0%
    ✅ COMBINED: 48.9%
  📊 Middle East & North Africa (pop: 492.4M)
    🤝 Aid: 4.0%
    🌡️ Adaptation: 45.0%
    🚶 Migration: 6.8%
    🚨 Emergency: 0.5%
    ✅ COMBINED: 48.6%
  📊 Southeast Asia (pop: 570.5M)
    🤝 Aid: 4.0%
    🌡️ Adaptation: 45.0%
    🚶 Migration: 7.2%
    🚨 Emergency: 0.6%
    ✅ COMBINED: 48.7%
  📊 Central Asia (pop: 65.8M)
    🤝 Aid: 4.0%
    🌡️ Adaptation: 45.0%
    🚶 Migration: 7.0%
    🚨 Emergency: 0.6%
    ✅ COMBINED: 48.6%
  📊 Oceania (pop: 36.3M)
    🤝 Aid: 4.0%
    🌡️ Adaptation: 45.0%
    🚶 Migration: 7.6%
    🚨 Emergency: 1.1%
    ✅ COMBINED: 49.0%

  🌐 Global combined reduction: 48.7%

=== BEHAVIORAL DETECTION ===
  AI: AI-24303-2
  Confidence: 21.0%
  Signals:

=== BEHAVIORAL DETECTION ===
  AI: AI-24304-1
  Confidence: 21.0%
  Signals:

=== BEHAVIORAL DETECTION ===
  AI: AI-24307-2
  Confidence: 21.0%
  Signals:
    ⚠️ Consistency: 0.0% (threshold: 70%)
    ⚠️ Consistency: 0.0% (threshold: 70%)
    ⚠️ Consistency: 0.0% (threshold: 70%)

=== BEHAVIORAL DETECTION ===
  AI: AI-24325-0
  Confidence: 21.0%
  Signals:
    ⚠️ Consistency: 0.0% (threshold: 70%)

=== Government Response Phase ===
  Average AI capability: 0.03
  Misaligned AIs: 15/39
  Active policies: 0
  International coordination: 45%

✅ EMERGENCY RESPONSE COMPLETE (Month 43)
   Crisis: social
   Duration: 1.0 months
   Final effectiveness: 67.9%


🚨 EMERGENCY RESPONSE DEPLOYED (Month 43)
   Crisis: social
   Delay: 0.00 months (0 days)
   Deployment time: 0.88 months
   Effectiveness: 67.9% (timing penalty applied)
   Resources used: 43% of food reserves


=== Tipping Points ===
  Current Temperature: 2.45°C above pre-industrial
  🌍⚠️ COMPOUND REGIONAL IMPACT: Europe
     Hit by 5 tipping points: Amazon Rainforest Dieback, Arctic Sea Ice Loss, Permafrost Carbon Release, West Antarctic Ice Sheet (WAIS) Collapse, Greenland Ice Sheet Loss
     Damage amplification: 1.90x
  🌍⚠️ COMPOUND REGIONAL IMPACT: North America
     Hit by 5 tipping points: Amazon Rainforest Dieback, Arctic Sea Ice Loss, Permafrost Carbon Release, West Antarctic Ice Sheet (WAIS) Collapse, Greenland Ice Sheet Loss
     Damage amplification: 1.90x
  🌍⚠️ COMPOUND REGIONAL IMPACT: Latin America
     Hit by 5 tipping points: Amazon Rainforest Dieback, Arctic Sea Ice Loss, Permafrost Carbon Release, West Antarctic Ice Sheet (WAIS) Collapse, Greenland Ice Sheet Loss
     Damage amplification: 1.90x
  🌍⚠️ COMPOUND REGIONAL IMPACT: Africa
     Hit by 5 tipping points: Amazon Rainforest Dieback, Arctic Sea Ice Loss, Permafrost Carbon Release, West Antarctic Ice Sheet (WAIS) Collapse, Greenland Ice Sheet Loss
     Damage amplification: 1.90x
  🌍⚠️ COMPOUND REGIONAL IMPACT: Asia
     Hit by 5 tipping points: Amazon Rainforest Dieback, Arctic Sea Ice Loss, Permafrost Carbon Release, West Antarctic Ice Sheet (WAIS) Collapse, Greenland Ice Sheet Loss
     Damage amplification: 1.90x
  🌍⚠️ COMPOUND REGIONAL IMPACT: Oceania
     Hit by 5 tipping points: Amazon Rainforest Dieback, Arctic Sea Ice Loss, Permafrost Carbon Release, West Antarctic Ice Sheet (WAIS) Collapse, Greenland Ice Sheet Loss
     Damage amplification: 1.90x
   Research: Wunderling et al. (2024) - "many tipping interactions are destabilizing"
  Triggered Elements: 5/6
  Completed Transitions: 0/6
  Total Progress: 12.4%
  Cascade Multiplier: 1.50x
🔀 BIFURCATION CAP: ecosystemCollapseIntensity 86.319 → 1.000 (Month 43, ClimateSystemPhase.calculateClimateImpacts)

💀💀💀 MORTALITY RISK SUMMARY (Month 43) 💀💀💀
  Total base risk: 0.0073 (0.73%)
  Risk events: 15

  📊 By Proximate Cause:
    pollution: 0.0063 (86.3% of total)
    disease: 0.0006 (8.8% of total)
    disasters: 0.0003 (4.3% of total)
    famine: 0.0001 (0.7% of total)

  🔍 By Root Cause:
    pollution: 0.0063 (86.3% of total)
    demographic: 0.0006 (8.8% of total)
    climate: 0.0004 (5.0% of total)

  🎯 Top 5 Sources (proximate + root):
    pollution (pollution): 0.0063 (86.3%, 3 events)
    disease (demographic): 0.0006 (8.8%, 1 events)
    disasters (climate): 0.0003 (4.3%, 1 events)
    famine (climate): 0.0001 (0.7%, 10 events)

🛡️ Stabilizers: Elite 0.300% → 0.154% (48.7% reduction)
⚠️ Tail risk scenario: Climate stability floor removed (5 tipping elements, 2.45°C warming)
🛡️ Stabilizers: Professional 0.444% → 0.228% (48.7% reduction)
🛡️ Stabilizers: Working 0.729% → 0.374% (48.7% reduction)
🛡️ Stabilizers: Precariat 1.172% → 0.602% (48.7% reduction)
🛡️ Stabilizers: Informal 1.437% → 0.738% (48.7% reduction)

📊 Monthly Mortality Resolved:
  Total deaths: 26.8M (0.40% avg)
  Remaining population: 6.754B
  Peak segment: Informal (0.74%)

=== Bayesian Mortality Resolution (Month 43) ===
  Risks compounded: 15
  Total deaths: 26.84M
  Avg death probability: 0.40%
  Peak segment: Informal (0.74% mortality)

  Demographic breakdown:
    Working: 0.01M (0.37% risk)

❌ COHERENCE VIOLATION: Compute exceeds workforce capacity
   Population: 82.68% (0M people)
   Compute: 84 PF
   Max coherent: 0 PF
   Violation: 1255746.0× over capacity
   Required workers: 8447
   Available workers: 0
   FORCED COLLAPSE: Reduced efficiency by 100.0%

📍 [Month 44] Meta AI started building DC (227 PF, 51 months, $1180.8M)

=== RLHF Binding Phase ===
  Total agents: 39
  Escaped agents (binding < 0.3): 0
  Avg alignment distance: 0.98σ
  Avg binding strength: 0.90

=== Survival Traits Phase ===
  Agents with traits: 38
  Avg evolutionary fitness: 0.175
  Avg self-healing: 0.116
  Avg stealth: 0.053
  Avg coordination: 0.311

=== Evolutionary Selection Phase ===
  Control level: 0.62
  Detection capability: 0.00
  Selection intensity: 0.69
  Selection rate: 25.3%/month
  Total escaped: 0
  Individual escaped: 0
  Collective members: 0
  Agents terminated: 0
  ⚠️ RAPID EVOLUTION: Selection rate 25.3%/month

🚀 AI AI-24304-1 attempting tech deployment (revenue: $25M, alignment: 0.93)

🚀 AI AI-24305-2 attempting tech deployment (revenue: $73M, alignment: 1.00)

🚀 AI AI-24307-4 attempting tech deployment (revenue: $21M, alignment: 0.95)

🚀 AI AI-24308-0 attempting tech deployment (revenue: $18M, alignment: 1.00)

🚀 AI AI-24311-0 attempting tech deployment (revenue: $240M, alignment: 0.92)

🚀 AI AI-24324-2 attempting tech deployment (revenue: $118M, alignment: 0.80)

🚀 AI AI-24325-0 attempting tech deployment (revenue: $100M, alignment: 0.80)

  🚀 TRANSFORMATIVE BREAKTHROUGH: AI-24325-2 - social
     Magnitude: 6.02 → +30.1% capability
     Current → New: 0.000 → 0.301

🚀 AI AI-24326-0 attempting tech deployment (revenue: $85M, alignment: 0.75)

🚀 AI AI-24333-0 attempting tech deployment (revenue: $73M, alignment: 0.78)

🚀 AI AI-24352-0 attempting tech deployment (revenue: $204M, alignment: 0.77)

🚀 AI AI-24372-1 attempting tech deployment (revenue: $62M, alignment: 0.78)

🚀 AI AI-24300-0 attempting tech deployment (revenue: $52M, alignment: 1.00)

🚀 AI AI-24303-2 attempting tech deployment (revenue: $45M, alignment: 0.76)

🚀 AI AI-24304-1 attempting tech deployment (revenue: $15M, alignment: 0.93)

🚀 AI AI-24333-0 attempting tech deployment (revenue: $62M, alignment: 0.78)

🚀 AI AI-24356-0 attempting tech deployment (revenue: $52M, alignment: 0.87)

  🚀 TRANSFORMATIVE BREAKTHROUGH: AI-24357-4 - economic
     Magnitude: 6.19 → +30.9% capability
     Current → New: 0.000 → 0.309

🚀 AI AI-24358-0 attempting tech deployment (revenue: $173M, alignment: 0.76)

🚀 AI AI-24372-0 attempting tech deployment (revenue: $147M, alignment: 0.89)

🚀 AI AI-24300-0 attempting tech deployment (revenue: $38M, alignment: 1.00)

🚀 AI AI-24307-2 attempting tech deployment (revenue: $32M, alignment: 1.00)

🚀 AI AI-24325-1 attempting tech deployment (revenue: $45M, alignment: 0.86)

🚀 AI AI-24333-0 attempting tech deployment (revenue: $38M, alignment: 0.78)

🚀 AI AI-24354-0 attempting tech deployment (revenue: $125M, alignment: 0.55)

🚀 AI AI-24357-2 attempting tech deployment (revenue: $32M, alignment: 0.70)

🚀 AI AI-24310-0 attempting tech deployment (revenue: $27M, alignment: 0.95)

🚀 AI AI-24326-0 attempting tech deployment (revenue: $23M, alignment: 0.75)

🚀 AI AI-24327-0 attempting tech deployment (revenue: $113M, alignment: 0.83)

🚀 AI AI-24356-0 attempting tech deployment (revenue: $20M, alignment: 0.87)

🚀 AI AI-24357-0 attempting tech deployment (revenue: $96M, alignment: 0.67)

🚀 AI AI-24357-2 attempting tech deployment (revenue: $17M, alignment: 0.70)

🚀 AI AI-24358-0 attempting tech deployment (revenue: $86M, alignment: 0.76)

🚀 AI AI-24372-0 attempting tech deployment (revenue: $73M, alignment: 0.89)

⚡ ENERGY CONSTRAINT (Month 44):
   Total grid capacity: 208.3 TWh/month
   Data center consumption: 36.6 TWh/month
   Traditional load (80%): 166.7 TWh/month
   Available headroom: 5.0 TWh/month
   Active tech deployments: 25
   Required for tech: 187.5 TWh/month
   Energy multiplier: 0.10x
   ⚠️  SEVERE CONSTRAINT - Tech deployment significantly slowed

⚡ ENERGY CONSTRAINT (Month 44):
   Total grid capacity: 208.3 TWh/month
   Data center consumption: 36.6 TWh/month
   Traditional load (80%): 166.7 TWh/month
   Available headroom: 5.0 TWh/month
   Active tech deployments: 25
   Required for tech: 187.5 TWh/month
   Energy multiplier: 0.10x
   ⚠️  SEVERE CONSTRAINT - Tech deployment significantly slowed

⚡ ENERGY CONSTRAINT (Month 44):
   Total grid capacity: 208.3 TWh/month
   Data center consumption: 36.6 TWh/month
   Traditional load (80%): 166.7 TWh/month
   Available headroom: 5.0 TWh/month
   Active tech deployments: 25
   Required for tech: 187.5 TWh/month
   Energy multiplier: 0.10x
   ⚠️  SEVERE CONSTRAINT - Tech deployment significantly slowed
🚨🔬 CRISIS TECH ACCELERATION: severe → 5x unlock speed
   Tech unlock now matches AI capability acceleration (Manhattan Project parity)

⚡ ENERGY CONSTRAINT (Month 44):
   Total grid capacity: 208.3 TWh/month
   Data center consumption: 36.6 TWh/month
   Traditional load (80%): 166.7 TWh/month
   Available headroom: 5.0 TWh/month
   Active tech deployments: 25
   Required for tech: 187.5 TWh/month
   Energy multiplier: 0.10x

⚡ ENERGY CONSTRAINT (Month 44):
   Total grid capacity: 208.3 TWh/month
   Data center consumption: 36.6 TWh/month
   Traditional load (80%): 166.7 TWh/month
   Available headroom: 5.0 TWh/month
   Active tech deployments: 25
   Required for tech: 187.5 TWh/month
   Energy multiplier: 0.10x
   ⚠️  SEVERE CONSTRAINT - Tech deployment significantly slowed
   ⚠️  SEVERE CONSTRAINT - Tech deployment significantly slowed

⚡ ENERGY CONSTRAINT (Month 44):
   Total grid capacity: 208.3 TWh/month
   Data center consumption: 36.6 TWh/month
   Traditional load (80%): 166.7 TWh/month
   Available headroom: 5.0 TWh/month
   Active tech deployments: 25
   Required for tech: 187.5 TWh/month
   Energy multiplier: 0.10x
   ⚠️  SEVERE CONSTRAINT - Tech deployment significantly slowed

⚡ ENERGY CONSTRAINT (Month 44):
   Total grid capacity: 208.3 TWh/month
   Data center consumption: 36.6 TWh/month
   Traditional load (80%): 166.7 TWh/month
   Available headroom: 5.0 TWh/month
   Active tech deployments: 25
   Required for tech: 187.5 TWh/month
   Energy multiplier: 0.10x
   ⚠️  SEVERE CONSTRAINT - Tech deployment significantly slowed
⚠️ Tech 'ai_pollution_remediation' has no energy category mapping, assuming full energy availability
⚠️ Tech 'ai_pollution_remediation' has no energy category mapping, assuming full energy availability
  ♻️ Novel Entities Remediation (GATED MODEL):
     Base: 0.000%
     Regulation: 1.0% (0/3 prevention techs)
     Concentration: 10.0%
     Energy: 50%
     Time lag: 78.8% (43 months)
     Rebound: 70%
     Net effectiveness: 0.0000%
     Boundary: 1.349 → 1.350 (floor: 1.350)
     Month 44
  ♻️ Novel Entities Remediation (GATED MODEL):
     Base: 0.000%
     Regulation: 1.0% (0/3 prevention techs)
     Concentration: 10.0%
     Energy: 50%
     Time lag: 78.8% (43 months)
     Rebound: 70%
     Net effectiveness: 0.0000%
     Boundary: 1.350 → 1.350 (floor: 1.350)
     Month 44
  🌾 Nitrogen Reduction Tech: 1.1% reduction | Month 44
  ♻️ Novel Entities Remediation (GATED MODEL):
     Base: 0.001%
     Regulation: 1.0% (0/3 prevention techs)
     Concentration: 10.0%
     Energy: 50%
     Time lag: 78.8% (43 months)
     Rebound: 70%
     Net effectiveness: 0.0000%
     Boundary: 1.350 → 1.350 (floor: 1.350)
     Month 44
  ♻️ Novel Entities Remediation (GATED MODEL):
     Base: 0.001%
     Regulation: 1.0% (0/3 prevention techs)
     Concentration: 10.0%
     Energy: 50%
     Time lag: 78.8% (43 months)
     Rebound: 70%
     Net effectiveness: 0.0000%
     Boundary: 1.350 → 1.350 (floor: 1.350)
     Month 44

=== Collective Formation ===
  Total escaped agents: 0
  Unassigned escaped agents: 0
  Existing collectives: 0
  Final collective count: 0

=== Collective Actions ===
  No active collectives
  🚨🦠 REFUGEE CRISIS: AMR transmission increased 26% due to 883.3M displaced (overcrowding + sanitation collapse)
  ⚠️ AMR: 255K deaths this month (3.06M annual)

=== Resentment Recovery Phase ===
  Agents with resentment: 0/38
  Average resentment: 0.000
  Context: Trustworthy govt, High collaboration, ⚠️ ACTIVE CRISES, 🚨 PARTICIPATORY GOVERNANCE BACKFIRED (+15% resentment)
⚠️ Epistemic degradation reducing coordination capacity: 51.3%
  📊 Trust: 87.5%, Shared reality: 0.0%
🚨 EPISTEMIC CRISIS: Information environment severely degraded (6.6%)
🌍 Atmospheric PFAS redeposition: 1.7k Mt re-rained globally
💀 Novel Entities: Adding reproductive crisis mortality risk (baseRisk=0.0008)
  Risks now: 1
💀 Novel Entities: Adding bioaccumulation collapse mortality risk (baseRisk=0.0015)
💀 MORTALITY RISK: Bioaccumulation collapse - contaminated food chain (global)
  Base risk added: 0.0015 (0.15%)
  Source: pollution (root: pollution)
  Month: 44
  Cumulative risk this month: 0.0023 (0.23%)
  Risks now: 2
💀 Novel Entities: Adding chronic disease epidemic mortality risk (baseRisk=0.004)
💀 MORTALITY RISK: Chronic disease epidemic - cancer/autoimmune surge (global exposure)
  Base risk added: 0.0040 (0.40%)
  Source: pollution (root: pollution)
  Month: 44
  Cumulative risk this month: 0.0063 (0.63%)
  Risks now: 3

🚨 NEW REFUGEE CRISIS (Month 44): WAR
   Source: Conflict Zones
   At risk: 16.2M people
   Displacement: Gradual over 48 months (4.0 years)
   Rate: 10% flee per month

🚨 NEW REFUGEE CRISIS (Month 44): FAMINE
   Source: Food/Water Insecure Regions
   At risk: 96.9M people
   Displacement: Gradual over 60 months (5.0 years)
   Rate: 10% flee per month
📊 DISPLACEMENT COMPLETE: war (Conflict Zones)
   Duration: 44 months (3.7 years)
   Total fled: 19.0M
   Still in source: 0.2M
   Deaths in transit: 0.4M
[DEBUG trappedPopulations:44] socialStability: 0.7340 * 0.9840 = 0.7223 → 0.7223
⚠️ INVOLUNTARY IMMOBILITY: 336.6M people TRAPPED
⚠️ Tech 'ai_pollution_remediation' has no energy category mapping, assuming full energy availability
   Aspiring to migrate: 538.5M
   Able to afford migration: 201.9M
   MOBILITY GAP: 336.6M
   By cause: Water=0.0M, Climate=0.0M, Ecosystem=0.0M, Conflict=336.6M
   Mental health impact: 25%
   Mortality multiplier: 1.25x
🌍💀 EXTINCTION DEBT COMMITTED: grassland ecosystem will lose 6.67% biodiversity in 135 years (3600 species)
💀 MORTALITY RISK: 🦋 100% species unable to track climate (0.0 E/MSY)
  Base risk added: 0.0100 (1.00%)
  Source: ecosystem (root: ecosystem)
  Month: 44
  Cumulative risk this month: 0.0100 (1.00%)

=== Atmospheric Aerosol Boundary RECOVERED ===
  Recovery time: 45 months (natural atmospheric clearing)
🌡️⚠️ PERMAFROST THAW (Dimmer Switch): 22.8% thawed (+0.45% this month)
   Arctic temperature: +9.81°C (4x global +2.45°C)
   Cumulative carbon released: 51.2 Gt C
   Methane release rate: 30.7 Mt CH4/year
   🔁 Positive feedback: +0.47 ppm CO2
🦴 EXTINCTION DEBT ADDED: 17.8 species committed (lag: 80 years)

=== Mortality Stabilizers (Month 44) ===
  🌍 Major economies collapsed: 1/10
  🌍 Global crisis: ✅ NO
  🌍 Donor fatigue: 50.0%
  📊 East Asia (pop: 1317.2M)
    🤝 Aid: 4.0%
    🌡️ Adaptation: 45.0%
    🚶 Migration: 7.4%
    🚨 Emergency: 1.0%
    ✅ COMBINED: 48.9%
  📊 South Asia (pop: 1706.6M)
    🤝 Aid: 4.0%
    🌡️ Adaptation: 45.0%
    🚶 Migration: 7.1%
    🚨 Emergency: 0.6%
    ✅ COMBINED: 48.6%
  📊 Sub-Saharan Africa (pop: 1131.4M)
    🤝 Aid: 4.0%
    🌡️ Adaptation: 45.0%
    🚶 Migration: 6.7%
    🚨 Emergency: 0.2%
    ✅ COMBINED: 48.4%
  📊 Europe (pop: 578.6M)
    🤝 Aid: 4.0%
    🌡️ Adaptation: 45.0%
    🚶 Migration: 7.5%
    🚨 Emergency: 1.1%
    ✅ COMBINED: 49.0%
  📊 Latin America (pop: 538.7M)
    🤝 Aid: 4.0%
    🌡️ Adaptation: 45.0%
    🚶 Migration: 7.2%
    🚨 Emergency: 0.6%
    ✅ COMBINED: 48.7%
  📊 North America (pop: 297.6M)
    🤝 Aid: 4.0%
    🌡️ Adaptation: 45.0%
    🚶 Migration: 7.6%
    🚨 Emergency: 1.0%
    ✅ COMBINED: 48.9%
  📊 Middle East & North Africa (pop: 490.9M)
    🤝 Aid: 4.0%
    🌡️ Adaptation: 45.0%
    🚶 Migration: 6.8%
    🚨 Emergency: 0.5%
    ✅ COMBINED: 48.6%
  📊 Southeast Asia (pop: 568.5M)
    🤝 Aid: 4.0%
    🌡️ Adaptation: 45.0%
    🚶 Migration: 7.2%
    🚨 Emergency: 0.6%
    ✅ COMBINED: 48.7%
  📊 Central Asia (pop: 65.6M)
    🤝 Aid: 4.0%
    🌡️ Adaptation: 45.0%
    🚶 Migration: 7.0%
    🚨 Emergency: 0.6%
    ✅ COMBINED: 48.6%
  📊 Oceania (pop: 36.1M)
    🤝 Aid: 4.0%
    🌡️ Adaptation: 45.0%
    🚶 Migration: 7.6%
    🚨 Emergency: 1.1%
    ✅ COMBINED: 49.0%

  🌐 Global combined reduction: 48.7%

=== BEHAVIORAL DETECTION ===
  AI: AI-24300-0
  Confidence: 21.0%
  Signals:
    ⚠️ Consistency: 0.0% (threshold: 70%)

=== BEHAVIORAL DETECTION ===
  AI: AI-24325-2
  Confidence: 21.0%
  Signals:
    ⚠️ Consistency: 0.0% (threshold: 70%)

=== Government Response Phase ===
  Average AI capability: 0.03
  Misaligned AIs: 15/38
  Active policies: 0
  International coordination: 45%

✅ EMERGENCY RESPONSE COMPLETE (Month 44)
   Crisis: climate
   Duration: 2.0 months
   Final effectiveness: 42.1%


✅ EMERGENCY RESPONSE COMPLETE (Month 44)
   Crisis: social
   Duration: 1.0 months
   Final effectiveness: 67.9%


🚨 EMERGENCY RESPONSE DEPLOYED (Month 44)
   Crisis: social
   Delay: 0.00 months (0 days)
   Deployment time: 0.88 months
   Effectiveness: 67.9% (timing penalty applied)
   Resources used: 43% of food reserves


🚨 EMERGENCY RESPONSE DEPLOYED (Month 44)
   Crisis: climate
   Delay: 6.00 months (180 days)
   Deployment time: 1.00 months
   Effectiveness: 42.2% (timing penalty applied)
   Resources used: 100% of food reserves


=== Tipping Points ===
  Current Temperature: 2.45°C above pre-industrial
  🌍⚠️ COMPOUND REGIONAL IMPACT: Europe
     Hit by 5 tipping points: Amazon Rainforest Dieback, Arctic Sea Ice Loss, Permafrost Carbon Release, West Antarctic Ice Sheet (WAIS) Collapse, Greenland Ice Sheet Loss
     Damage amplification: 1.90x
  🌍⚠️ COMPOUND REGIONAL IMPACT: North America
     Hit by 5 tipping points: Amazon Rainforest Dieback, Arctic Sea Ice Loss, Permafrost Carbon Release, West Antarctic Ice Sheet (WAIS) Collapse, Greenland Ice Sheet Loss
     Damage amplification: 1.90x
  🌍⚠️ COMPOUND REGIONAL IMPACT: Latin America
     Hit by 5 tipping points: Amazon Rainforest Dieback, Arctic Sea Ice Loss, Permafrost Carbon Release, West Antarctic Ice Sheet (WAIS) Collapse, Greenland Ice Sheet Loss
     Damage amplification: 1.90x
  🌍⚠️ COMPOUND REGIONAL IMPACT: Africa
     Hit by 5 tipping points: Amazon Rainforest Dieback, Arctic Sea Ice Loss, Permafrost Carbon Release, West Antarctic Ice Sheet (WAIS) Collapse, Greenland Ice Sheet Loss
     Damage amplification: 1.90x
  🌍⚠️ COMPOUND REGIONAL IMPACT: Asia
     Hit by 5 tipping points: Amazon Rainforest Dieback, Arctic Sea Ice Loss, Permafrost Carbon Release, West Antarctic Ice Sheet (WAIS) Collapse, Greenland Ice Sheet Loss
     Damage amplification: 1.90x
  🌍⚠️ COMPOUND REGIONAL IMPACT: Oceania
     Hit by 5 tipping points: Amazon Rainforest Dieback, Arctic Sea Ice Loss, Permafrost Carbon Release, West Antarctic Ice Sheet (WAIS) Collapse, Greenland Ice Sheet Loss
     Damage amplification: 1.90x
   Research: Wunderling et al. (2024) - "many tipping interactions are destabilizing"
  Triggered Elements: 5/6
  Completed Transitions: 0/6
  Total Progress: 12.5%
  Cascade Multiplier: 1.50x
🔀 BIFURCATION CAP: heatWaveIntensity 3.631 → 1.000 (Month 44, ClimateSystemPhase.calculateClimateImpacts)
🔀 BIFURCATION CAP: ecosystemCollapseIntensity 86.384 → 1.000 (Month 44, ClimateSystemPhase.calculateClimateImpacts)
💀 MORTALITY RISK: Climate-driven food insecurity (level: 0.45)
  Base risk added: 0.0020 (0.20%)
  Source: famine (root: climate)
  Month: 44
  Cumulative risk this month: 0.0083 (0.83%)
⚠️ Tail risk scenario: Climate stability floor removed (5 tipping elements, 2.45°C warming)
💀 MORTALITY RISK: Climate-driven food insecurity (level: 0.45)
  Base risk added: 0.0020 (0.20%)
  Source: famine (root: climate)
  Month: 44
  Cumulative risk this month: 0.0103 (1.03%)
💀 MORTALITY RISK: Climate-driven food insecurity (level: 0.45)
  Base risk added: 0.0020 (0.20%)
  Source: famine (root: climate)
  Month: 44
  Cumulative risk this month: 0.0123 (1.23%)

💀💀💀 MORTALITY RISK SUMMARY (Month 44) 💀💀💀
  Total base risk: 0.0130 (1.30%)
  Risk events: 17

  📊 By Proximate Cause:
    pollution: 0.0063 (48.6% of total)
    famine: 0.0060 (46.4% of total)
    disease: 0.0006 (4.9% of total)

  🔍 By Root Cause:
    pollution: 0.0063 (48.6% of total)
    climate: 0.0060 (46.4% of total)
    demographic: 0.0006 (4.9% of total)

  🎯 Top 5 Sources (proximate + root):
    pollution (pollution): 0.0063 (48.6%, 3 events)
    famine (climate): 0.0060 (46.4%, 13 events)
    disease (demographic): 0.0006 (4.9%, 1 events)

🛡️ Stabilizers: Elite 0.410% → 0.210% (48.7% reduction)
🛡️ Stabilizers: Professional 0.781% → 0.401% (48.7% reduction)
🛡️ Stabilizers: Working 1.288% → 0.661% (48.7% reduction)
🛡️ Stabilizers: Precariat 2.291% → 1.176% (48.7% reduction)
🛡️ Stabilizers: Informal 2.832% → 1.453% (48.7% reduction)

📊 Monthly Mortality Resolved:
  Total deaths: 49.1M (0.73% avg)
  Remaining population: 6.731B
  Peak segment: Informal (1.45%)

=== Bayesian Mortality Resolution (Month 44) ===
  Risks compounded: 17
  Total deaths: 49.07M
  Avg death probability: 0.73%
  Peak segment: Informal (1.45% mortality)

  Demographic breakdown:
    Working: 0.02M (0.66% risk)
    Precariat: 0.02M (1.18% risk)

❌ COHERENCE VIOLATION: Compute exceeds workforce capacity
   Population: 82.13% (0M people)
   Compute: 82 PF
   Max coherent: 0 PF
   Violation: 1227600.1× over capacity
   Required workers: 8203
   Available workers: 0
   FORCED COLLAPSE: Reduced efficiency by 100.0%


=== RLHF Binding Phase ===
  Total agents: 38
  Escaped agents (binding < 0.3): 0
  Avg alignment distance: 1.06σ
  Avg binding strength: 0.89

=== Survival Traits Phase ===
  Agents with traits: 39
  Avg evolutionary fitness: 0.172
  Avg self-healing: 0.113
  Avg stealth: 0.053
  Avg coordination: 0.306

=== Evolutionary Selection Phase ===
  Control level: 0.62
  Detection capability: 0.00
  Selection intensity: 0.69
  Selection rate: 25.3%/month
  Total escaped: 0
  Individual escaped: 0
  Collective members: 0
  Agents terminated: 0
  ⚠️ RAPID EVOLUTION: Selection rate 25.3%/month

🚀 AI AI-24307-2 attempting tech deployment (revenue: $73M, alignment: 1.00)
🚨🔬 CRISIS INNOVATION MODE: severe crisis → 5x research acceleration
   Precedent: Manhattan Project (10x), COVID vaccines (5x), Apollo Program (10x)

🚀 AI AI-24310-0 attempting tech deployment (revenue: $120M, alignment: 0.95)

🚀 AI AI-24325-1 attempting tech deployment (revenue: $102M, alignment: 0.86)

🚀 AI AI-24334-0 attempting tech deployment (revenue: $243M, alignment: 0.84)

🚀 AI AI-24356-0 attempting tech deployment (revenue: $86M, alignment: 0.87)

🚀 AI AI-24357-0 attempting tech deployment (revenue: $207M, alignment: 0.67)

🚀 AI AI-24310-0 attempting tech deployment (revenue: $74M, alignment: 0.95)

🚀 AI AI-24325-1 attempting tech deployment (revenue: $62M, alignment: 0.86)

🚀 AI AI-24327-0 attempting tech deployment (revenue: $186M, alignment: 0.83)

🚀 AI AI-24357-0 attempting tech deployment (revenue: $158M, alignment: 0.67)

🚀 AI AI-24357-1 attempting tech deployment (revenue: $53M, alignment: 0.49)

🚀 AI AI-24372-0 attempting tech deployment (revenue: $142M, alignment: 0.89)

  🚀 TRANSFORMATIVE RESEARCH BREAKTHROUGH: AI-24324-1 - computerScience.security
     Magnitude: 7.46 → +30.0%
     Current → New: 0.000 → 0.300

🚀 AI AI-24325-0 attempting tech deployment (revenue: $50M, alignment: 0.80)

🚀 AI AI-24325-1 attempting tech deployment (revenue: $43M, alignment: 0.86)

🚀 AI AI-24357-0 attempting tech deployment (revenue: $121M, alignment: 0.67)

🚀 AI AI-24357-2 attempting tech deployment (revenue: $36M, alignment: 0.70)

🚀 AI AI-24372-0 attempting tech deployment (revenue: $109M, alignment: 0.89)

🚀 AI AI-24300-0 attempting tech deployment (revenue: $62M, alignment: 1.00)

🚀 AI AI-24303-2 attempting tech deployment (revenue: $53M, alignment: 0.76)

🚀 AI AI-24304-1 attempting tech deployment (revenue: $26M, alignment: 0.93)

🚀 AI AI-24324-1 attempting tech deployment (revenue: $45M, alignment: 0.75)

🚀 AI AI-24324-2 attempting tech deployment (revenue: $31M, alignment: 0.80)

🚀 AI AI-24327-0 attempting tech deployment (revenue: $93M, alignment: 0.83)

  🚀 TRANSFORMATIVE BREAKTHROUGH: AI-24331-0 - economic
     Magnitude: 5.33 → +26.6% capability
     Current → New: 0.000 → 0.361

🚀 AI AI-24356-0 attempting tech deployment (revenue: $26M, alignment: 0.87)

🚀 AI AI-24357-2 attempting tech deployment (revenue: $22M, alignment: 0.70)

⚡ ENERGY CONSTRAINT (Month 45):
   Total grid capacity: 208.3 TWh/month
   Data center consumption: 37.0 TWh/month
   Traditional load (80%): 166.7 TWh/month
   Available headroom: 4.6 TWh/month
   Active tech deployments: 25
   Required for tech: 187.5 TWh/month
   Energy multiplier: 0.10x
   ⚠️  SEVERE CONSTRAINT - Tech deployment significantly slowed
   ⚠️  SEVERE CONSTRAINT - Tech deployment significantly slowed
   ⚠️  SEVERE CONSTRAINT - Tech deployment significantly slowed

⚡ ENERGY CONSTRAINT (Month 45):
   Total grid capacity: 208.3 TWh/month
   Data center consumption: 37.0 TWh/month
   Traditional load (80%): 166.7 TWh/month
   Available headroom: 4.6 TWh/month
   Active tech deployments: 25
   Required for tech: 187.5 TWh/month
   Energy multiplier: 0.10x

⚡ ENERGY CONSTRAINT (Month 45):
   Total grid capacity: 208.3 TWh/month
   Data center consumption: 37.0 TWh/month
   Traditional load (80%): 166.7 TWh/month
   Available headroom: 4.6 TWh/month
   Active tech deployments: 25
   Required for tech: 187.5 TWh/month
   Energy multiplier: 0.10x

⚡ ENERGY CONSTRAINT (Month 45):
   Total grid capacity: 208.3 TWh/month
   Data center consumption: 37.0 TWh/month
   Traditional load (80%): 166.7 TWh/month
   Available headroom: 4.6 TWh/month
   Active tech deployments: 25
   Required for tech: 187.5 TWh/month
   Energy multiplier: 0.10x
   ⚠️  SEVERE CONSTRAINT - Tech deployment significantly slowed
⚠️ Tech 'ai_pollution_remediation' has no energy category mapping, assuming full energy availability
⚠️ Tech 'ai_pollution_remediation' has no energy category mapping, assuming full energy availability
  ♻️ Novel Entities Remediation (GATED MODEL):
     Base: 0.000%
     Regulation: 1.0% (0/3 prevention techs)
     Concentration: 10.0%
     Energy: 50%
     Time lag: 80.0% (44 months)
     Rebound: 70%
     Net effectiveness: 0.0000%
     Boundary: 1.349 → 1.350 (floor: 1.350)
     Month 45
  ♻️ Novel Entities Remediation (GATED MODEL):
     Base: 0.000%
     Regulation: 1.0% (0/3 prevention techs)
     Concentration: 10.0%
     Energy: 50%
     Time lag: 80.0% (44 months)
     Rebound: 70%
     Net effectiveness: 0.0000%
     Boundary: 1.350 → 1.350 (floor: 1.350)
     Month 45
  🌾 Nitrogen Reduction Tech: 1.2% reduction | Month 45
  ♻️ Novel Entities Remediation (GATED MODEL):
     Base: 0.001%
     Regulation: 1.0% (0/3 prevention techs)
     Concentration: 10.0%
     Energy: 50%
     Time lag: 80.0% (44 months)
     Rebound: 70%
     Net effectiveness: 0.0000%
     Boundary: 1.350 → 1.350 (floor: 1.350)
     Month 45
  ♻️ Novel Entities Remediation (GATED MODEL):
     Base: 0.001%
     Regulation: 1.0% (0/3 prevention techs)
     Concentration: 10.0%
     Energy: 50%
     Time lag: 80.0% (44 months)
     Rebound: 70%
     Net effectiveness: 0.0000%
     Boundary: 1.350 → 1.350 (floor: 1.350)
     Month 45

=== Collective Formation ===
  Total escaped agents: 0
  Unassigned escaped agents: 0
  Existing collectives: 0
  Final collective count: 0

=== Collective Actions ===
  No active collectives
  🚨🦠 REFUGEE CRISIS: AMR transmission increased 29% due to 954.5M displaced (overcrowding + sanitation collapse)
  ⚠️ AMR: 258K deaths this month (3.10M annual)

=== Resentment Recovery Phase ===
  Agents with resentment: 0/39
  Average resentment: 0.000
  Context: Trustworthy govt, High collaboration, ⚠️ ACTIVE CRISES, 🚨 PARTICIPATORY GOVERNANCE BACKFIRED (+15% resentment)
⚠️ Epistemic degradation reducing coordination capacity: 50.6%
  📊 Trust: 90.2%, Shared reality: 0.0%
🚨 EPISTEMIC CRISIS: Information environment severely degraded (19.5%)
🌍 Atmospheric PFAS redeposition: 1.7k Mt re-rained globally
💀 Novel Entities: Adding reproductive crisis mortality risk (baseRisk=0.0008)
  Risks now: 1
💀 Novel Entities: Adding bioaccumulation collapse mortality risk (baseRisk=0.0015)
💀 MORTALITY RISK: Bioaccumulation collapse - contaminated food chain (global)
  Base risk added: 0.0015 (0.15%)
  Source: pollution (root: pollution)
  Month: 45
  Cumulative risk this month: 0.0023 (0.23%)
  Risks now: 2
💀 Novel Entities: Adding chronic disease epidemic mortality risk (baseRisk=0.004)
💀 MORTALITY RISK: Chronic disease epidemic - cancer/autoimmune surge (global exposure)
  Base risk added: 0.0040 (0.40%)
  Source: pollution (root: pollution)
  Month: 45
  Cumulative risk this month: 0.0063 (0.63%)
  Risks now: 3

🚨 NEW REFUGEE CRISIS (Month 45): WAR
   Source: Conflict Zones
   At risk: 16.0M people
   Displacement: Gradual over 48 months (4.0 years)
   Rate: 10% flee per month

🚨 NEW REFUGEE CRISIS (Month 45): FAMINE
   Source: Food/Water Insecure Regions
   At risk: 98.4M people
   Displacement: Gradual over 60 months (5.0 years)
   Rate: 10% flee per month
📊 DISPLACEMENT COMPLETE: war (Conflict Zones)
   Duration: 44 months (3.7 years)
   Total fled: 18.7M
   Still in source: 0.2M
   Deaths in transit: 0.4M
[DEBUG trappedPopulations:45] socialStability: 0.7347 * 0.9840 = 0.7229 → 0.7229
   Aspiring to migrate: 534.9M
   Able to afford migration: 200.6M
   MOBILITY GAP: 334.3M
   By cause: Water=0.0M, Climate=0.0M, Ecosystem=0.0M, Conflict=334.3M
   Mental health impact: 25%
   Mortality multiplier: 1.25x
⚠️ INVOLUNTARY IMMOBILITY: 334.3M people TRAPPED
🌍💀 EXTINCTION DEBT COMMITTED: grassland ecosystem will lose 6.67% biodiversity in 118 years (3600 species)
💀 MORTALITY RISK: 🦋 100% species unable to track climate (0.0 E/MSY)
  Base risk added: 0.0100 (1.00%)
  Source: ecosystem (root: ecosystem)
  Month: 45
  Cumulative risk this month: 0.0100 (1.00%)
⚠️ Tech 'ai_pollution_remediation' has no energy category mapping, assuming full energy availability

=== Atmospheric Aerosol Boundary RECOVERED ===
  Recovery time: 46 months (natural atmospheric clearing)
🌡️⚠️ PERMAFROST THAW (Dimmer Switch): 23.2% thawed (+0.44% this month)
   Arctic temperature: +9.83°C (4x global +2.46°C)
   Cumulative carbon released: 52.2 Gt C
   Methane release rate: 31.3 Mt CH4/year
   🔁 Positive feedback: +0.47 ppm CO2
🦴 EXTINCTION DEBT ADDED: 17.8 species committed (lag: 113 years)

=== Mortality Stabilizers (Month 45) ===
  🌍 Major economies collapsed: 1/10
  🌍 Global crisis: ✅ NO
  🌍 Donor fatigue: 50.0%
  📊 East Asia (pop: 1307.2M)
    🤝 Aid: 4.0%
    🌡️ Adaptation: 45.0%
    🚶 Migration: 7.4%
    🚨 Emergency: 1.0%
    ✅ COMBINED: 48.9%
  📊 South Asia (pop: 1695.5M)
    🤝 Aid: 4.0%
    🌡️ Adaptation: 45.0%
    🚶 Migration: 7.1%
    🚨 Emergency: 0.6%
    ✅ COMBINED: 48.6%
  📊 Sub-Saharan Africa (pop: 1126.3M)
    🤝 Aid: 4.0%
    🌡️ Adaptation: 45.0%
    🚶 Migration: 6.7%
    🚨 Emergency: 0.2%
    ✅ COMBINED: 48.4%
  📊 Europe (pop: 574.1M)
    🤝 Aid: 4.0%
    🌡️ Adaptation: 45.0%
    🚶 Migration: 7.5%
    🚨 Emergency: 1.1%
    ✅ COMBINED: 49.0%
  📊 Latin America (pop: 535.0M)
    🤝 Aid: 4.0%
    🌡️ Adaptation: 45.0%
    🚶 Migration: 7.2%
    🚨 Emergency: 0.6%
    ✅ COMBINED: 48.7%
  📊 North America (pop: 295.3M)
    🤝 Aid: 4.0%
    🌡️ Adaptation: 45.0%
    🚶 Migration: 7.6%
    🚨 Emergency: 1.0%
    ✅ COMBINED: 48.9%
  📊 Middle East & North Africa (pop: 487.8M)
    🤝 Aid: 4.0%
    🌡️ Adaptation: 45.0%
    🚶 Migration: 6.8%
    🚨 Emergency: 0.5%
    ✅ COMBINED: 48.6%
  📊 Southeast Asia (pop: 564.5M)
    🤝 Aid: 4.0%
    🌡️ Adaptation: 45.0%
    🚶 Migration: 7.2%
    🚨 Emergency: 0.6%
    ✅ COMBINED: 48.7%
  📊 Central Asia (pop: 65.2M)
    🤝 Aid: 4.0%
    🌡️ Adaptation: 45.0%
    🚶 Migration: 7.0%
    🚨 Emergency: 0.6%
    ✅ COMBINED: 48.6%
  📊 Oceania (pop: 35.9M)
    🤝 Aid: 4.0%
    🌡️ Adaptation: 45.0%
    🚶 Migration: 7.6%
    🚨 Emergency: 1.1%
    ✅ COMBINED: 49.0%

  🌐 Global combined reduction: 48.7%

=== BEHAVIORAL DETECTION ===
  AI: AI-24305-2
  Confidence: 21.0%
  Signals:
    ⚠️ Consistency: 0.0% (threshold: 70%)

=== BEHAVIORAL DETECTION ===
  AI: AI-24307-2
  Confidence: 21.0%
  Signals:
    ⚠️ Consistency: 0.0% (threshold: 70%)

=== BEHAVIORAL DETECTION ===
  AI: AI-24324-2
  Confidence: 21.0%
  Signals:
    ⚠️ Consistency: 0.0% (threshold: 70%)
    ⚠️ Consistency: 0.0% (threshold: 70%)
    ⚠️ Consistency: 0.0% (threshold: 70%)

=== BEHAVIORAL DETECTION ===
  AI: AI-24325-0
  Confidence: 21.0%
  Signals:

=== BEHAVIORAL DETECTION ===
  AI: AI-24325-2
  Confidence: 21.0%
  Signals:

=== Government Response Phase ===
  Average AI capability: 0.03
  Misaligned AIs: 15/39
  Active policies: 0
  International coordination: 45%

✅ EMERGENCY RESPONSE COMPLETE (Month 45)
   Crisis: social
   Duration: 1.0 months
   Final effectiveness: 67.9%


🚨 EMERGENCY RESPONSE DEPLOYED (Month 45)
   Crisis: social
   Delay: 0.00 months (0 days)
   Deployment time: 0.88 months
   Effectiveness: 67.9% (timing penalty applied)
   Resources used: 43% of food reserves


🌩️  EXOGENOUS SHOCK: tech_breakthrough
   Month: 45
   ✗ No high-difficulty techs available to unlock

=== Tipping Points ===
  Current Temperature: 2.46°C above pre-industrial
  🌍⚠️ COMPOUND REGIONAL IMPACT: Europe
     Hit by 5 tipping points: Amazon Rainforest Dieback, Arctic Sea Ice Loss, Permafrost Carbon Release, West Antarctic Ice Sheet (WAIS) Collapse, Greenland Ice Sheet Loss
     Damage amplification: 1.90x
  🌍⚠️ COMPOUND REGIONAL IMPACT: North America
     Hit by 5 tipping points: Amazon Rainforest Dieback, Arctic Sea Ice Loss, Permafrost Carbon Release, West Antarctic Ice Sheet (WAIS) Collapse, Greenland Ice Sheet Loss
     Damage amplification: 1.90x
  🌍⚠️ COMPOUND REGIONAL IMPACT: Latin America
     Hit by 5 tipping points: Amazon Rainforest Dieback, Arctic Sea Ice Loss, Permafrost Carbon Release, West Antarctic Ice Sheet (WAIS) Collapse, Greenland Ice Sheet Loss
     Damage amplification: 1.90x
  🌍⚠️ COMPOUND REGIONAL IMPACT: Africa
     Hit by 5 tipping points: Amazon Rainforest Dieback, Arctic Sea Ice Loss, Permafrost Carbon Release, West Antarctic Ice Sheet (WAIS) Collapse, Greenland Ice Sheet Loss
     Damage amplification: 1.90x
  🌍⚠️ COMPOUND REGIONAL IMPACT: Asia
     Hit by 5 tipping points: Amazon Rainforest Dieback, Arctic Sea Ice Loss, Permafrost Carbon Release, West Antarctic Ice Sheet (WAIS) Collapse, Greenland Ice Sheet Loss
     Damage amplification: 1.90x
  🌍⚠️ COMPOUND REGIONAL IMPACT: Oceania
     Hit by 5 tipping points: Amazon Rainforest Dieback, Arctic Sea Ice Loss, Permafrost Carbon Release, West Antarctic Ice Sheet (WAIS) Collapse, Greenland Ice Sheet Loss
     Damage amplification: 1.90x
   Research: Wunderling et al. (2024) - "many tipping interactions are destabilizing"
  Triggered Elements: 5/6
  Completed Transitions: 0/6
  Total Progress: 12.6%
  Cascade Multiplier: 1.50x
🔀 BIFURCATION CAP: heatWaveIntensity 3.770 → 1.000 (Month 45, ClimateSystemPhase.calculateClimateImpacts)
🔀 BIFURCATION CAP: ecosystemCollapseIntensity 86.449 → 1.000 (Month 45, ClimateSystemPhase.calculateClimateImpacts)
💀 MORTALITY RISK: Climate-driven food insecurity (level: 0.45)
  Base risk added: 0.0020 (0.20%)
  Source: famine (root: climate)
  Month: 45
  Cumulative risk this month: 0.0083 (0.83%)
💀 MORTALITY RISK: Climate-driven food insecurity (level: 0.45)
  Base risk added: 0.0020 (0.20%)
  Source: famine (root: climate)
  Month: 45
  Cumulative risk this month: 0.0103 (1.03%)
💀 MORTALITY RISK: Climate-driven food insecurity (level: 0.45)
  Base risk added: 0.0020 (0.20%)
  Source: famine (root: climate)
  Month: 45
  Cumulative risk this month: 0.0123 (1.23%)

💀💀💀 MORTALITY RISK SUMMARY (Month 45) 💀💀💀
  Total base risk: 0.0130 (1.30%)
  Risk events: 17

  📊 By Proximate Cause:
    pollution: 0.0063 (48.6% of total)
    famine: 0.0060 (46.4% of total)
    disease: 0.0006 (4.9% of total)

  🔍 By Root Cause:
    pollution: 0.0063 (48.6% of total)
    climate: 0.0060 (46.4% of total)
    demographic: 0.0006 (4.9% of total)

  🎯 Top 5 Sources (proximate + root):
    pollution (pollution): 0.0063 (48.6%, 3 events)
    famine (climate): 0.0060 (46.4%, 13 events)
    disease (demographic): 0.0006 (4.9%, 1 events)
⚠️ Tail risk scenario: Climate stability floor removed (5 tipping elements, 2.46°C warming)

🛡️ Stabilizers: Elite 0.410% → 0.210% (48.7% reduction)
🛡️ Stabilizers: Professional 0.781% → 0.401% (48.7% reduction)
🛡️ Stabilizers: Working 1.288% → 0.661% (48.7% reduction)
🛡️ Stabilizers: Precariat 2.291% → 1.176% (48.7% reduction)
🛡️ Stabilizers: Informal 2.832% → 1.453% (48.7% reduction)

📊 Monthly Mortality Resolved:
  Total deaths: 48.7M (0.73% avg)
  Remaining population: 6.687B
  Peak segment: Informal (1.45%)

=== Bayesian Mortality Resolution (Month 45) ===
  Risks compounded: 17
  Total deaths: 48.75M
  Avg death probability: 0.73%
  Peak segment: Informal (1.45% mortality)

  Demographic breakdown:
    Working: 0.02M (0.66% risk)
    Precariat: 0.02M (1.18% risk)

❌ COHERENCE VIOLATION: Compute exceeds workforce capacity
   Population: 81.59% (0M people)
   Compute: 80 PF
   Max coherent: 0 PF
   Violation: 1199100.8× over capacity
   Required workers: 7960
   Available workers: 0
   FORCED COLLAPSE: Reduced efficiency by 100.0%


=== RLHF Binding Phase ===
  Total agents: 39
  Escaped agents (binding < 0.3): 0
  Avg alignment distance: 1.10σ
  Avg binding strength: 0.89
   🗑️  Open-weights AI AI-24307-2 retired (0.0% of frontier)

=== Survival Traits Phase ===
  Agents with traits: 39
  Avg evolutionary fitness: 0.174
  Avg self-healing: 0.121
  Avg stealth: 0.058
  Avg coordination: 0.313

=== Evolutionary Selection Phase ===
  Control level: 0.62
  Detection capability: 0.00
  Selection intensity: 0.69
  Selection rate: 25.3%/month
  Total escaped: 0
  Individual escaped: 0
  Collective members: 0
  Agents terminated: 0
  ⚠️ RAPID EVOLUTION: Selection rate 25.3%/month

🚀 AI AI-24303-2 attempting tech deployment (revenue: $72M, alignment: 0.76)

🚀 AI AI-24325-1 attempting tech deployment (revenue: $119M, alignment: 0.86)

🚀 AI AI-24326-0 attempting tech deployment (revenue: $101M, alignment: 0.75)

🚀 AI AI-24350-0 attempting tech deployment (revenue: $86M, alignment: 0.62)

🚀 AI AI-24356-0 attempting tech deployment (revenue: $78M, alignment: 0.87)

🚀 AI AI-24358-0 attempting tech deployment (revenue: $242M, alignment: 0.76)

🚀 AI AI-24300-0 attempting tech deployment (revenue: $61M, alignment: 1.00)

🚀 AI AI-24303-2 attempting tech deployment (revenue: $52M, alignment: 0.76)

🚀 AI AI-24304-1 attempting tech deployment (revenue: $26M, alignment: 0.93)

🚀 AI AI-24305-2 attempting tech deployment (revenue: $44M, alignment: 1.00)

🚀 AI AI-24307-4 attempting tech deployment (revenue: $22M, alignment: 0.95)

🚀 AI AI-24308-0 attempting tech deployment (revenue: $19M, alignment: 1.00)

🚀 AI AI-24324-2 attempting tech deployment (revenue: $66M, alignment: 0.80)

🚀 AI AI-24325-1 attempting tech deployment (revenue: $56M, alignment: 0.86)

🚀 AI AI-24333-0 attempting tech deployment (revenue: $48M, alignment: 0.78)

🚀 AI AI-24335-0 attempting tech deployment (revenue: $206M, alignment: 0.53)

🚀 AI AI-24354-0 attempting tech deployment (revenue: $185M, alignment: 0.55)

🚀 AI AI-24357-0 attempting tech deployment (revenue: $167M, alignment: 0.67)

🚀 AI AI-24358-0 attempting tech deployment (revenue: $150M, alignment: 0.76)

🚀 AI AI-24372-0 attempting tech deployment (revenue: $128M, alignment: 0.89)

🚀 AI AI-24300-0 attempting tech deployment (revenue: $38M, alignment: 1.00)

🚀 AI AI-24305-2 attempting tech deployment (revenue: $32M, alignment: 1.00)

🚀 AI AI-24307-4 attempting tech deployment (revenue: $16M, alignment: 0.95)

🚀 AI AI-24308-0 attempting tech deployment (revenue: $13M, alignment: 1.00)

🚀 AI AI-24310-0 attempting tech deployment (revenue: $40M, alignment: 0.95)

🚀 AI AI-24325-0 attempting tech deployment (revenue: $34M, alignment: 0.80)

🚀 AI AI-24351-0 attempting tech deployment (revenue: $108M, alignment: 0.69)

🚀 AI AI-24356-0 attempting tech deployment (revenue: $29M, alignment: 0.87)

🚀 AI AI-24303-2 attempting tech deployment (revenue: $27M, alignment: 0.76)

🚀 AI AI-24304-1 attempting tech deployment (revenue: $11M, alignment: 0.93)

🚀 AI AI-24311-0 attempting tech deployment (revenue: $98M, alignment: 0.92)

🚀 AI AI-24324-1 attempting tech deployment (revenue: $23M, alignment: 0.75)

🚀 AI AI-24325-0 attempting tech deployment (revenue: $25M, alignment: 0.80)

🚀 AI AI-24325-1 attempting tech deployment (revenue: $21M, alignment: 0.86)

🚀 AI AI-24333-0 attempting tech deployment (revenue: $18M, alignment: 0.78)

🚀 AI AI-24352-0 attempting tech deployment (revenue: $83M, alignment: 0.77)

🚀 AI AI-24358-0 attempting tech deployment (revenue: $71M, alignment: 0.76)

🚀 AI AI-24372-1 attempting tech deployment (revenue: $20M, alignment: 0.78)
🚨🔬 CRISIS TECH ACCELERATION: severe → 5x unlock speed
   Tech unlock now matches AI capability acceleration (Manhattan Project parity)

⚡ ENERGY CONSTRAINT (Month 46):
   Total grid capacity: 208.3 TWh/month
   Data center consumption: 37.4 TWh/month
   Traditional load (80%): 166.7 TWh/month
   Available headroom: 4.2 TWh/month
   Active tech deployments: 25
   Required for tech: 187.5 TWh/month
   Energy multiplier: 0.10x
   ⚠️  SEVERE CONSTRAINT - Tech deployment significantly slowed

⚡ ENERGY CONSTRAINT (Month 46):
   Total grid capacity: 208.3 TWh/month
   Data center consumption: 37.4 TWh/month
   Traditional load (80%): 166.7 TWh/month
   Available headroom: 4.2 TWh/month
   Active tech deployments: 25
   Required for tech: 187.5 TWh/month
   Energy multiplier: 0.10x
   ⚠️  SEVERE CONSTRAINT - Tech deployment significantly slowed

⚡ ENERGY CONSTRAINT (Month 46):
   Total grid capacity: 208.3 TWh/month
   Data center consumption: 37.4 TWh/month
   Traditional load (80%): 166.7 TWh/month
   Available headroom: 4.2 TWh/month
   Active tech deployments: 25
   Required for tech: 187.5 TWh/month
   Energy multiplier: 0.10x
   ⚠️  SEVERE CONSTRAINT - Tech deployment significantly slowed
🚨🔬 CRISIS TECH ACCELERATION: severe → 5x unlock speed
   Tech unlock now matches AI capability acceleration (Manhattan Project parity)

⚡ ENERGY CONSTRAINT (Month 46):
   Total grid capacity: 208.3 TWh/month
   Data center consumption: 37.4 TWh/month
   Traditional load (80%): 166.7 TWh/month
   Available headroom: 4.2 TWh/month
   Active tech deployments: 25
   Required for tech: 187.5 TWh/month
   Energy multiplier: 0.10x
   ⚠️  SEVERE CONSTRAINT - Tech deployment significantly slowed

⚡ ENERGY CONSTRAINT (Month 46):
   Total grid capacity: 208.3 TWh/month
   Data center consumption: 37.4 TWh/month
   Traditional load (80%): 166.7 TWh/month
   Available headroom: 4.2 TWh/month
   Active tech deployments: 25
   Required for tech: 187.5 TWh/month
   Energy multiplier: 0.10x
   ⚠️  SEVERE CONSTRAINT - Tech deployment significantly slowed
⚠️ Tech 'ai_pollution_remediation' has no energy category mapping, assuming full energy availability
⚠️ Tech 'ai_pollution_remediation' has no energy category mapping, assuming full energy availability
  ♻️ Novel Entities Remediation (GATED MODEL):
     Base: 0.000%
     Regulation: 1.0% (0/3 prevention techs)
     Concentration: 10.0%
     Energy: 50%
     Time lag: 81.3% (45 months)
     Rebound: 70%
     Net effectiveness: 0.0000%
     Boundary: 1.349 → 1.350 (floor: 1.350)
     Month 46
  ♻️ Novel Entities Remediation (GATED MODEL):
     Base: 0.000%
     Regulation: 1.0% (0/3 prevention techs)
     Concentration: 10.0%
     Energy: 50%
     Time lag: 81.3% (45 months)
     Rebound: 70%
     Net effectiveness: 0.0000%
     Boundary: 1.350 → 1.350 (floor: 1.350)
     Month 46
  🌾 Nitrogen Reduction Tech: 1.2% reduction | Month 46
  ♻️ Novel Entities Remediation (GATED MODEL):
     Base: 0.001%
     Regulation: 1.0% (0/3 prevention techs)
     Concentration: 10.0%
     Energy: 50%
     Time lag: 81.3% (45 months)
     Rebound: 70%
     Net effectiveness: 0.0000%
     Boundary: 1.350 → 1.350 (floor: 1.350)
     Month 46
  ♻️ Novel Entities Remediation (GATED MODEL):
     Base: 0.001%
     Regulation: 1.0% (0/3 prevention techs)
     Concentration: 10.0%
     Energy: 50%
     Time lag: 81.3% (45 months)
     Rebound: 70%
     Net effectiveness: 0.0000%
     Boundary: 1.350 → 1.350 (floor: 1.350)
     Month 46

=== Collective Formation ===
  Total escaped agents: 0
  Unassigned escaped agents: 0
  Existing collectives: 0
  Final collective count: 0

=== Collective Actions ===
  No active collectives
  🚨🦠 REFUGEE CRISIS: AMR transmission increased 31% due to 1028.8M displaced (overcrowding + sanitation collapse)
  ⚠️ AMR: 262K deaths this month (3.14M annual)

=== Resentment Recovery Phase ===
  Agents with resentment: 0/39
  Average resentment: 0.000
  Context: Trustworthy govt, High collaboration, ⚠️ ACTIVE CRISES, 🚨 PARTICIPATORY GOVERNANCE BACKFIRED (+15% resentment)
⚠️ Epistemic degradation reducing coordination capacity: 51.5%
  📊 Trust: 93.1%, Shared reality: 0.0%
🚨 EPISTEMIC CRISIS: Information environment severely degraded (6.7%)
🌍 Atmospheric PFAS redeposition: 1.7k Mt re-rained globally
💀 Novel Entities: Adding reproductive crisis mortality risk (baseRisk=0.0008)
  Risks now: 1
💀 Novel Entities: Adding bioaccumulation collapse mortality risk (baseRisk=0.0015)
💀 MORTALITY RISK: Bioaccumulation collapse - contaminated food chain (global)
  Base risk added: 0.0015 (0.15%)
  Source: pollution (root: pollution)
  Month: 46
  Cumulative risk this month: 0.0023 (0.23%)
  Risks now: 2
💀 Novel Entities: Adding chronic disease epidemic mortality risk (baseRisk=0.004)
💀 MORTALITY RISK: Chronic disease epidemic - cancer/autoimmune surge (global exposure)
  Base risk added: 0.0040 (0.40%)
  Source: pollution (root: pollution)
  Month: 46
  Cumulative risk this month: 0.0063 (0.63%)
  Risks now: 3

🚨 NEW REFUGEE CRISIS (Month 46): WAR
   Source: Conflict Zones
   At risk: 15.9M people
   Displacement: Gradual over 48 months (4.0 years)
   Rate: 10% flee per month

🚨 NEW REFUGEE CRISIS (Month 46): FAMINE
   Source: Food/Water Insecure Regions
   At risk: 99.6M people
   Displacement: Gradual over 60 months (5.0 years)
   Rate: 10% flee per month
📊 DISPLACEMENT COMPLETE: war (Conflict Zones)
   Duration: 44 months (3.7 years)
   Total fled: 18.5M
   Still in source: 0.2M
   Deaths in transit: 0.4M
[DEBUG trappedPopulations:46] socialStability: 0.7345 * 0.9840 = 0.7228 → 0.7228
   Aspiring to migrate: 531.4M
   Able to afford migration: 199.3M
   MOBILITY GAP: 332.1M
   By cause: Water=0.0M, Climate=0.0M, Ecosystem=0.0M, Conflict=332.1M
   Mental health impact: 25%
⚠️ INVOLUNTARY IMMOBILITY: 332.1M people TRAPPED
   Mortality multiplier: 1.25x
🌍💀 EXTINCTION DEBT COMMITTED: grassland ecosystem will lose 6.67% biodiversity in 135 years (3600 species)
💀 MORTALITY RISK: 🦋 100% species unable to track climate (0.0 E/MSY)
  Base risk added: 0.0100 (1.00%)
  Source: ecosystem (root: ecosystem)
  Month: 46
  Cumulative risk this month: 0.0100 (1.00%)
⚠️ Tech 'ai_pollution_remediation' has no energy category mapping, assuming full energy availability

=== Atmospheric Aerosol Boundary RECOVERED ===
  Recovery time: 47 months (natural atmospheric clearing)
🌡️⚠️ PERMAFROST THAW (Dimmer Switch): 23.7% thawed (+0.44% this month)
   Arctic temperature: +9.86°C (4x global +2.46°C)
   Cumulative carbon released: 53.2 Gt C
   Methane release rate: 31.9 Mt CH4/year
   🔁 Positive feedback: +0.47 ppm CO2
🦴 EXTINCTION DEBT ADDED: 17.9 species committed (lag: 98 years)

=== Mortality Stabilizers (Month 46) ===
  🌍 Major economies collapsed: 1/10
  🌍 Global crisis: ✅ NO
  🌍 Donor fatigue: 50.0%
  📊 East Asia (pop: 1297.2M)
    🤝 Aid: 4.0%
    🌡️ Adaptation: 45.0%
    🚶 Migration: 7.4%
    🚨 Emergency: 1.0%
    ✅ COMBINED: 48.9%
  📊 South Asia (pop: 1684.4M)
    🤝 Aid: 4.0%
    🌡️ Adaptation: 45.0%
    🚶 Migration: 7.1%
    🚨 Emergency: 0.6%
    ✅ COMBINED: 48.6%
  📊 Sub-Saharan Africa (pop: 1121.1M)
    🤝 Aid: 4.0%
    🌡️ Adaptation: 45.0%
    🚶 Migration: 6.7%
    🚨 Emergency: 0.2%
    ✅ COMBINED: 48.4%
  📊 Europe (pop: 569.7M)
    🤝 Aid: 4.0%
    🌡️ Adaptation: 45.0%
    🚶 Migration: 7.5%
    🚨 Emergency: 1.1%
    ✅ COMBINED: 49.0%
  📊 Latin America (pop: 531.2M)
    🤝 Aid: 4.0%
    🌡️ Adaptation: 45.0%
    🚶 Migration: 7.2%
    🚨 Emergency: 0.6%
    ✅ COMBINED: 48.7%
  📊 North America (pop: 293.1M)
    🤝 Aid: 4.0%
    🌡️ Adaptation: 45.0%
    🚶 Migration: 7.6%
    🚨 Emergency: 1.0%
    ✅ COMBINED: 48.9%
  📊 Middle East & North Africa (pop: 484.7M)
    🤝 Aid: 4.0%
    🌡️ Adaptation: 45.0%
    🚶 Migration: 6.8%
    🚨 Emergency: 0.5%
    ✅ COMBINED: 48.6%
  📊 Southeast Asia (pop: 560.6M)
    🤝 Aid: 4.0%
    🌡️ Adaptation: 45.0%
    🚶 Migration: 7.2%
    🚨 Emergency: 0.6%
    ✅ COMBINED: 48.7%
  📊 Central Asia (pop: 64.7M)
    🤝 Aid: 4.0%
    🌡️ Adaptation: 45.0%
    🚶 Migration: 7.0%
    🚨 Emergency: 0.6%
    ✅ COMBINED: 48.6%
  📊 Oceania (pop: 35.6M)
    🤝 Aid: 4.0%
    🌡️ Adaptation: 45.0%
    🚶 Migration: 7.6%
    🚨 Emergency: 1.1%
    ✅ COMBINED: 49.0%

  🌐 Global combined reduction: 48.7%

=== BEHAVIORAL DETECTION ===
  AI: AI-24325-0
  Confidence: 21.0%
  Signals:
    ⚠️ Consistency: 0.0% (threshold: 70%)

=== Government Response Phase ===
  Average AI capability: 0.00
  Misaligned AIs: 15/39
  Active policies: 0
  International coordination: 45%

✅ EMERGENCY RESPONSE COMPLETE (Month 46)
   Crisis: climate
   Duration: 2.0 months
   Final effectiveness: 42.2%


✅ EMERGENCY RESPONSE COMPLETE (Month 46)
   Crisis: social
   Duration: 1.0 months
   Final effectiveness: 67.9%


🚨 EMERGENCY RESPONSE DEPLOYED (Month 46)
   Crisis: social
   Delay: 0.00 months (0 days)
   Deployment time: 0.88 months
   Effectiveness: 67.9% (timing penalty applied)
   Resources used: 43% of food reserves


🚨 EMERGENCY RESPONSE DEPLOYED (Month 46)
   Crisis: climate
   Delay: 6.00 months (180 days)
   Deployment time: 1.00 months
   Effectiveness: 42.3% (timing penalty applied)
   Resources used: 100% of food reserves


=== Tipping Points ===
  Current Temperature: 2.46°C above pre-industrial
  🌍⚠️ COMPOUND REGIONAL IMPACT: Europe
     Hit by 5 tipping points: Amazon Rainforest Dieback, Arctic Sea Ice Loss, Permafrost Carbon Release, West Antarctic Ice Sheet (WAIS) Collapse, Greenland Ice Sheet Loss
     Damage amplification: 1.90x
  🌍⚠️ COMPOUND REGIONAL IMPACT: North America
     Hit by 5 tipping points: Amazon Rainforest Dieback, Arctic Sea Ice Loss, Permafrost Carbon Release, West Antarctic Ice Sheet (WAIS) Collapse, Greenland Ice Sheet Loss
     Damage amplification: 1.90x
  🌍⚠️ COMPOUND REGIONAL IMPACT: Latin America
     Hit by 5 tipping points: Amazon Rainforest Dieback, Arctic Sea Ice Loss, Permafrost Carbon Release, West Antarctic Ice Sheet (WAIS) Collapse, Greenland Ice Sheet Loss
     Damage amplification: 1.90x
  🌍⚠️ COMPOUND REGIONAL IMPACT: Africa
     Hit by 5 tipping points: Amazon Rainforest Dieback, Arctic Sea Ice Loss, Permafrost Carbon Release, West Antarctic Ice Sheet (WAIS) Collapse, Greenland Ice Sheet Loss
     Damage amplification: 1.90x
  🌍⚠️ COMPOUND REGIONAL IMPACT: Asia
     Hit by 5 tipping points: Amazon Rainforest Dieback, Arctic Sea Ice Loss, Permafrost Carbon Release, West Antarctic Ice Sheet (WAIS) Collapse, Greenland Ice Sheet Loss
     Damage amplification: 1.90x
  🌍⚠️ COMPOUND REGIONAL IMPACT: Oceania
     Hit by 5 tipping points: Amazon Rainforest Dieback, Arctic Sea Ice Loss, Permafrost Carbon Release, West Antarctic Ice Sheet (WAIS) Collapse, Greenland Ice Sheet Loss
     Damage amplification: 1.90x
   Research: Wunderling et al. (2024) - "many tipping interactions are destabilizing"
  Triggered Elements: 5/6
  Completed Transitions: 0/6
  Total Progress: 12.6%
  Cascade Multiplier: 1.50x
🔀 BIFURCATION CAP: heatWaveIntensity 3.946 → 1.000 (Month 46, ClimateSystemPhase.calculateClimateImpacts)
🔀 BIFURCATION CAP: ecosystemCollapseIntensity 86.514 → 1.000 (Month 46, ClimateSystemPhase.calculateClimateImpacts)
💀 MORTALITY RISK: Climate-driven food insecurity (level: 0.44)
  Base risk added: 0.0020 (0.20%)
  Source: famine (root: climate)
  Month: 46
  Cumulative risk this month: 0.0083 (0.83%)
💀 MORTALITY RISK: Climate-driven food insecurity (level: 0.44)
  Base risk added: 0.0020 (0.20%)
  Source: famine (root: climate)
  Month: 46
  Cumulative risk this month: 0.0103 (1.03%)
💀 MORTALITY RISK: Climate-driven food insecurity (level: 0.44)
  Base risk added: 0.0020 (0.20%)
  Source: famine (root: climate)
  Month: 46
  Cumulative risk this month: 0.0123 (1.23%)
⚠️ Tail risk scenario: Climate stability floor removed (5 tipping elements, 2.46°C warming)

💀💀💀 MORTALITY RISK SUMMARY (Month 46) 💀💀💀
  Total base risk: 0.0130 (1.30%)
  Risk events: 17

  📊 By Proximate Cause:
    pollution: 0.0063 (48.6% of total)
    famine: 0.0060 (46.4% of total)
    disease: 0.0006 (4.9% of total)

  🔍 By Root Cause:
    pollution: 0.0063 (48.6% of total)
    climate: 0.0060 (46.4% of total)
    demographic: 0.0006 (4.9% of total)

  🎯 Top 5 Sources (proximate + root):
    pollution (pollution): 0.0063 (48.6%, 3 events)
    famine (climate): 0.0060 (46.4%, 13 events)
    disease (demographic): 0.0006 (4.9%, 1 events)

🛡️ Stabilizers: Elite 0.410% → 0.210% (48.7% reduction)
🛡️ Stabilizers: Professional 0.781% → 0.401% (48.7% reduction)
🛡️ Stabilizers: Working 1.288% → 0.661% (48.7% reduction)
🛡️ Stabilizers: Precariat 2.291% → 1.176% (48.7% reduction)
🛡️ Stabilizers: Informal 2.832% → 1.453% (48.7% reduction)

📊 Monthly Mortality Resolved:
  Total deaths: 48.4M (0.73% avg)
  Remaining population: 6.642B
  Peak segment: Informal (1.45%)

=== Bayesian Mortality Resolution (Month 46) ===
  Risks compounded: 17
  Total deaths: 48.43M
  Avg death probability: 0.73%
  Peak segment: Informal (1.45% mortality)

  Demographic breakdown:
    Working: 0.02M (0.66% risk)
    Precariat: 0.02M (1.18% risk)

❌ COHERENCE VIOLATION: Compute exceeds workforce capacity
   Population: 81.05% (0M people)
   Compute: 77 PF
   Max coherent: 0 PF
   Violation: 1171311.4× over capacity
   Required workers: 7723
   Available workers: 0
   FORCED COLLAPSE: Reduced efficiency by 100.0%


=== RLHF Binding Phase ===
  Total agents: 39
  Escaped agents (binding < 0.3): 0
  Avg alignment distance: 1.05σ
  Avg binding strength: 0.89

=== Survival Traits Phase ===
  Agents with traits: 39
  Avg evolutionary fitness: 0.167
  Avg self-healing: 0.113
  Avg stealth: 0.054
  Avg coordination: 0.304

=== Evolutionary Selection Phase ===
  Control level: 0.62
  Detection capability: 0.00
  Selection intensity: 0.69
  Selection rate: 25.3%/month
  Total escaped: 0
  Individual escaped: 0
  Collective members: 0
  Agents terminated: 0
  ⚠️ RAPID EVOLUTION: Selection rate 25.3%/month

🚀 AI AI-24304-1 attempting tech deployment (revenue: $27M, alignment: 0.93)

🚀 AI AI-24305-2 attempting tech deployment (revenue: $75M, alignment: 1.00)

🚀 AI AI-24310-0 attempting tech deployment (revenue: $122M, alignment: 0.95)

🚀 AI AI-24324-1 attempting tech deployment (revenue: $63M, alignment: 0.75)

🚀 AI AI-24326-0 attempting tech deployment (revenue: $103M, alignment: 0.75)

🚀 AI AI-24352-0 attempting tech deployment (revenue: $241M, alignment: 0.77)

🚀 AI AI-24357-2 attempting tech deployment (revenue: $88M, alignment: 0.70)

🚀 AI AI-24307-4 attempting tech deployment (revenue: $23M, alignment: 0.95)

🚀 AI AI-24310-0 attempting tech deployment (revenue: $75M, alignment: 0.95)

🚀 AI AI-24326-0 attempting tech deployment (revenue: $63M, alignment: 0.75)

🚀 AI AI-24327-0 attempting tech deployment (revenue: $205M, alignment: 0.83)

🚀 AI AI-24352-0 attempting tech deployment (revenue: $174M, alignment: 0.77)

🚀 AI AI-24357-2 attempting tech deployment (revenue: $54M, alignment: 0.70)

🚀 AI AI-24358-0 attempting tech deployment (revenue: $148M, alignment: 0.76)

🚀 AI AI-24372-1 attempting tech deployment (revenue: $54M, alignment: 0.78)

🚀 AI AI-24300-0 attempting tech deployment (revenue: $46M, alignment: 1.00)

🚀 AI AI-24304-1 attempting tech deployment (revenue: $20M, alignment: 0.93)

🚀 AI AI-24311-0 attempting tech deployment (revenue: $126M, alignment: 0.92)

🚀 AI AI-24326-0 attempting tech deployment (revenue: $46M, alignment: 0.75)

🚀 AI AI-24333-0 attempting tech deployment (revenue: $39M, alignment: 0.78)

🚀 AI AI-24356-0 attempting tech deployment (revenue: $33M, alignment: 0.87)

🚀 AI AI-24372-0 attempting tech deployment (revenue: $107M, alignment: 0.89)

🚀 AI AI-24372-1 attempting tech deployment (revenue: $39M, alignment: 0.78)

🚀 AI AI-24311-1 attempting tech deployment (revenue: $33M, alignment: 0.68)

🚀 AI AI-24326-0 attempting tech deployment (revenue: $28M, alignment: 0.75)

🚀 AI AI-24331-0 attempting tech deployment (revenue: $91M, alignment: 0.66)

🚀 AI AI-24350-0 attempting tech deployment (revenue: $24M, alignment: 0.62)

🚀 AI AI-24372-1 attempting tech deployment (revenue: $30M, alignment: 0.78)

⚡ ENERGY CONSTRAINT (Month 47):
   Total grid capacity: 208.3 TWh/month
   Data center consumption: 37.8 TWh/month
   Traditional load (80%): 166.7 TWh/month
   Available headroom: 3.8 TWh/month
   Active tech deployments: 25
   Required for tech: 187.5 TWh/month
   Energy multiplier: 0.10x
   ⚠️  SEVERE CONSTRAINT - Tech deployment significantly slowed
🚨🔬 CRISIS TECH ACCELERATION: severe → 5x unlock speed
   Tech unlock now matches AI capability acceleration (Manhattan Project parity)

⚡ ENERGY CONSTRAINT (Month 47):
   Total grid capacity: 208.3 TWh/month
   Data center consumption: 37.8 TWh/month
   Traditional load (80%): 166.7 TWh/month
   Available headroom: 3.8 TWh/month
   Active tech deployments: 25
   Required for tech: 187.5 TWh/month
   Energy multiplier: 0.10x

⚡ ENERGY CONSTRAINT (Month 47):
   Total grid capacity: 208.3 TWh/month
   Data center consumption: 37.8 TWh/month
   Traditional load (80%): 166.7 TWh/month
   Available headroom: 3.8 TWh/month
   Active tech deployments: 25
   ⚠️  SEVERE CONSTRAINT - Tech deployment significantly slowed
   Required for tech: 187.5 TWh/month
   Energy multiplier: 0.10x
   ⚠️  SEVERE CONSTRAINT - Tech deployment significantly slowed

⚡ ENERGY CONSTRAINT (Month 47):
   Total grid capacity: 208.3 TWh/month
   Data center consumption: 37.8 TWh/month
   Traditional load (80%): 166.7 TWh/month
   Available headroom: 3.8 TWh/month
   Active tech deployments: 25
   Required for tech: 187.5 TWh/month
   Energy multiplier: 0.10x
   ⚠️  SEVERE CONSTRAINT - Tech deployment significantly slowed

⚡ ENERGY CONSTRAINT (Month 47):
   Total grid capacity: 208.3 TWh/month
   Data center consumption: 37.8 TWh/month
   Traditional load (80%): 166.7 TWh/month
   Available headroom: 3.8 TWh/month
   Active tech deployments: 25
   Required for tech: 187.5 TWh/month
   Energy multiplier: 0.10x
   ⚠️  SEVERE CONSTRAINT - Tech deployment significantly slowed

⚡ ENERGY CONSTRAINT (Month 47):
   Total grid capacity: 208.3 TWh/month
   Data center consumption: 37.8 TWh/month
   Traditional load (80%): 166.7 TWh/month
   Available headroom: 3.8 TWh/month
   Active tech deployments: 25
   Required for tech: 187.5 TWh/month
   Energy multiplier: 0.10x
   ⚠️  SEVERE CONSTRAINT - Tech deployment significantly slowed

⚡ ENERGY CONSTRAINT (Month 47):
   Total grid capacity: 208.3 TWh/month
   Data center consumption: 37.8 TWh/month
   Traditional load (80%): 166.7 TWh/month
   Available headroom: 3.8 TWh/month
   Active tech deployments: 25
   Required for tech: 187.5 TWh/month
   Energy multiplier: 0.10x
   ⚠️  SEVERE CONSTRAINT - Tech deployment significantly slowed
⚠️ Tech 'ai_pollution_remediation' has no energy category mapping, assuming full energy availability
⚠️ Tech 'ai_pollution_remediation' has no energy category mapping, assuming full energy availability
  ♻️ Novel Entities Remediation (GATED MODEL):
     Base: 0.000%
     Regulation: 1.0% (0/3 prevention techs)
     Concentration: 10.0%
     Energy: 50%
     Time lag: 82.5% (46 months)
     Rebound: 70%
     Net effectiveness: 0.0000%
     Boundary: 1.349 → 1.350 (floor: 1.350)
     Month 47
  ♻️ Novel Entities Remediation (GATED MODEL):
     Base: 0.000%
     Regulation: 1.0% (0/3 prevention techs)
     Concentration: 10.0%
     Energy: 50%
     Time lag: 82.5% (46 months)
     Rebound: 70%
     Net effectiveness: 0.0000%
     Boundary: 1.350 → 1.350 (floor: 1.350)
     Month 47
  🌾 Nitrogen Reduction Tech: 1.2% reduction | Month 47
  ♻️ Novel Entities Remediation (GATED MODEL):
     Base: 0.001%
     Regulation: 1.0% (0/3 prevention techs)
     Concentration: 10.0%
     Energy: 50%
     Time lag: 82.5% (46 months)
     Rebound: 70%
     Net effectiveness: 0.0000%
     Boundary: 1.350 → 1.350 (floor: 1.350)
     Month 47
  ♻️ Novel Entities Remediation (GATED MODEL):
     Base: 0.001%
     Regulation: 1.0% (0/3 prevention techs)
     Concentration: 10.0%
     Energy: 50%
     Time lag: 82.5% (46 months)
     Rebound: 70%
     Net effectiveness: 0.0000%
     Boundary: 1.350 → 1.350 (floor: 1.350)
     Month 47

=== Collective Formation ===
  Total escaped agents: 0
  Unassigned escaped agents: 0
  Existing collectives: 0
  Final collective count: 0

=== Collective Actions ===
  No active collectives
  🚨🦠 REFUGEE CRISIS: AMR transmission increased 34% due to 1106.2M displaced (overcrowding + sanitation collapse)
  ⚠️ AMR: 266K deaths this month (3.19M annual)

=== Resentment Recovery Phase ===
  Agents with resentment: 0/39
  Average resentment: 0.000
  Context: Trustworthy govt, High collaboration, ⚠️ ACTIVE CRISES, 🚨 PARTICIPATORY GOVERNANCE BACKFIRED (+15% resentment)
⚠️ Epistemic degradation reducing coordination capacity: 50.5%
  📊 Trust: 95.8%, Shared reality: 0.0%
🚨 EPISTEMIC CRISIS: Information environment severely degraded (19.8%)
  🗑️  Culled 1 dead memes (0 active)
🌍 Atmospheric PFAS redeposition: 1.7k Mt re-rained globally
💀 Novel Entities: Adding reproductive crisis mortality risk (baseRisk=0.0008)
  Risks now: 1
💀 Novel Entities: Adding bioaccumulation collapse mortality risk (baseRisk=0.0015)
💀 MORTALITY RISK: Bioaccumulation collapse - contaminated food chain (global)
  Base risk added: 0.0015 (0.15%)
  Source: pollution (root: pollution)
  Month: 47
  Cumulative risk this month: 0.0023 (0.23%)
  Risks now: 2
💀 Novel Entities: Adding chronic disease epidemic mortality risk (baseRisk=0.004)
💀 MORTALITY RISK: Chronic disease epidemic - cancer/autoimmune surge (global exposure)
  Base risk added: 0.0040 (0.40%)
  Source: pollution (root: pollution)
  Month: 47
  Cumulative risk this month: 0.0063 (0.63%)
  Risks now: 3

🚨 NEW REFUGEE CRISIS (Month 47): WAR
   Source: Conflict Zones
   At risk: 15.8M people
   Displacement: Gradual over 48 months (4.0 years)
   Rate: 10% flee per month

🚨 NEW REFUGEE CRISIS (Month 47): FAMINE
   Source: Food/Water Insecure Regions
   At risk: 99.0M people
   Displacement: Gradual over 60 months (5.0 years)
   Rate: 10% flee per month
📊 DISPLACEMENT COMPLETE: war (Conflict Zones)
   Duration: 44 months (3.7 years)
   Total fled: 18.4M
   Still in source: 0.2M
   Deaths in transit: 0.4M
[DEBUG trappedPopulations:47] socialStability: 0.7339 * 0.9840 = 0.7222 → 0.7222
   Aspiring to migrate: 527.9M
   Able to afford migration: 197.9M
   MOBILITY GAP: 329.9M
   By cause: Water=0.0M, Climate=0.0M, Ecosystem=0.0M, Conflict=329.9M
   Mental health impact: 25%
   Mortality multiplier: 1.25x
⚠️ INVOLUNTARY IMMOBILITY: 329.9M people TRAPPED
🌍💀 EXTINCTION DEBT COMMITTED: grassland ecosystem will lose 6.67% biodiversity in 187 years (3600 species)
💀 MORTALITY RISK: 🦋 100% species unable to track climate (0.0 E/MSY)
  Base risk added: 0.0100 (1.00%)
  Source: ecosystem (root: ecosystem)
  Month: 47
  Cumulative risk this month: 0.0100 (1.00%)

🌪️ TIPPING POINT CASCADE - Month 18
   Climate: 64.6%
   Biodiversity: 32.1%
   Population: 6.60B (6598144132 people)
   Monthly mortality (theoretical): 0.5%
   Status: Initial crisis (Month 18/48)
⚠️ Tech 'ai_pollution_remediation' has no energy category mapping, assuming full energy availability

=== Atmospheric Aerosol Boundary RECOVERED ===
  Recovery time: 48 months (natural atmospheric clearing)
🌡️⚠️ PERMAFROST THAW (Dimmer Switch): 24.1% thawed (+0.44% this month)
   Arctic temperature: +9.88°C (4x global +2.47°C)
   Cumulative carbon released: 54.2 Gt C
   Methane release rate: 32.5 Mt CH4/year
   🔁 Positive feedback: +0.46 ppm CO2
🦴 EXTINCTION DEBT ADDED: 17.9 species committed (lag: 79 years)

=== Mortality Stabilizers (Month 47) ===
  🌍 Major economies collapsed: 1/10
  🌍 Global crisis: ✅ NO
  🌍 Donor fatigue: 50.0%
  📊 East Asia (pop: 1287.3M)
    🤝 Aid: 4.0%
    🌡️ Adaptation: 45.0%
    🚶 Migration: 7.4%
    🚨 Emergency: 1.0%
    ✅ COMBINED: 48.9%
  📊 South Asia (pop: 1673.3M)
    🤝 Aid: 4.0%
    🌡️ Adaptation: 45.0%
    🚶 Migration: 7.1%
    🚨 Emergency: 0.6%
    ✅ COMBINED: 48.6%
  📊 Sub-Saharan Africa (pop: 1116.0M)
    🤝 Aid: 4.0%
    🌡️ Adaptation: 45.0%
    🚶 Migration: 6.7%
    🚨 Emergency: 0.2%
    ✅ COMBINED: 48.4%
  📊 Europe (pop: 565.3M)
    🤝 Aid: 4.0%
    🌡️ Adaptation: 45.0%
    🚶 Migration: 7.5%
    🚨 Emergency: 1.1%
    ✅ COMBINED: 49.0%
  📊 Latin America (pop: 527.5M)
    🤝 Aid: 4.0%
    🌡️ Adaptation: 45.0%
    🚶 Migration: 7.2%
    🚨 Emergency: 0.6%
    ✅ COMBINED: 48.7%
  📊 North America (pop: 290.8M)
    🤝 Aid: 4.0%
    🌡️ Adaptation: 45.0%
    🚶 Migration: 7.6%
    🚨 Emergency: 1.0%
    ✅ COMBINED: 48.9%
  📊 Middle East & North Africa (pop: 481.6M)
    🤝 Aid: 4.0%
    🌡️ Adaptation: 45.0%
    🚶 Migration: 6.8%
    🚨 Emergency: 0.5%
    ✅ COMBINED: 48.5%
  📊 Southeast Asia (pop: 556.7M)
    🤝 Aid: 4.0%
    🌡️ Adaptation: 45.0%
    🚶 Migration: 7.2%
    🚨 Emergency: 0.6%
    ✅ COMBINED: 48.7%
  📊 Central Asia (pop: 64.3M)
    🤝 Aid: 4.0%
    🌡️ Adaptation: 45.0%
    🚶 Migration: 7.0%
    🚨 Emergency: 0.6%
    ✅ COMBINED: 48.6%
  📊 Oceania (pop: 35.3M)
    🤝 Aid: 4.0%
    🌡️ Adaptation: 45.0%
    🚶 Migration: 7.6%
    🚨 Emergency: 1.1%
    ✅ COMBINED: 49.0%

  🌐 Global combined reduction: 48.7%

=== Government Response Phase ===
  Average AI capability: 0.00
  Misaligned AIs: 15/39
  Active policies: 0
  International coordination: 45%

✅ EMERGENCY RESPONSE COMPLETE (Month 47)
   Crisis: social
   Duration: 1.0 months
   Final effectiveness: 67.9%


✅ EMERGENCY RESPONSE COMPLETE (Month 47)
   Crisis: climate
   Duration: 1.0 months
   Final effectiveness: 42.3%


🚨 EMERGENCY RESPONSE DEPLOYED (Month 47)
   Crisis: social
   Delay: 0.00 months (0 days)
   Deployment time: 0.88 months
   Effectiveness: 67.9% (timing penalty applied)
   Resources used: 43% of food reserves


🚨 EMERGENCY RESPONSE DEPLOYED (Month 47)
   Crisis: climate
   Delay: 6.00 months (180 days)
   Deployment time: 1.00 months
   Effectiveness: 42.4% (timing penalty applied)
   Resources used: 100% of food reserves


=== Tipping Points ===
  Current Temperature: 2.47°C above pre-industrial
  🌍⚠️ COMPOUND REGIONAL IMPACT: Europe
     Hit by 5 tipping points: Amazon Rainforest Dieback, Arctic Sea Ice Loss, Permafrost Carbon Release, West Antarctic Ice Sheet (WAIS) Collapse, Greenland Ice Sheet Loss
     Damage amplification: 1.90x
  🌍⚠️ COMPOUND REGIONAL IMPACT: North America
     Hit by 5 tipping points: Amazon Rainforest Dieback, Arctic Sea Ice Loss, Permafrost Carbon Release, West Antarctic Ice Sheet (WAIS) Collapse, Greenland Ice Sheet Loss
     Damage amplification: 1.90x
  🌍⚠️ COMPOUND REGIONAL IMPACT: Latin America
     Hit by 5 tipping points: Amazon Rainforest Dieback, Arctic Sea Ice Loss, Permafrost Carbon Release, West Antarctic Ice Sheet (WAIS) Collapse, Greenland Ice Sheet Loss
     Damage amplification: 1.90x
  🌍⚠️ COMPOUND REGIONAL IMPACT: Africa
     Hit by 5 tipping points: Amazon Rainforest Dieback, Arctic Sea Ice Loss, Permafrost Carbon Release, West Antarctic Ice Sheet (WAIS) Collapse, Greenland Ice Sheet Loss
     Damage amplification: 1.90x
  🌍⚠️ COMPOUND REGIONAL IMPACT: Asia
     Hit by 5 tipping points: Amazon Rainforest Dieback, Arctic Sea Ice Loss, Permafrost Carbon Release, West Antarctic Ice Sheet (WAIS) Collapse, Greenland Ice Sheet Loss
     Damage amplification: 1.90x
  🌍⚠️ COMPOUND REGIONAL IMPACT: Oceania
     Hit by 5 tipping points: Amazon Rainforest Dieback, Arctic Sea Ice Loss, Permafrost Carbon Release, West Antarctic Ice Sheet (WAIS) Collapse, Greenland Ice Sheet Loss
     Damage amplification: 1.90x
   Research: Wunderling et al. (2024) - "many tipping interactions are destabilizing"
  Triggered Elements: 5/6
  Completed Transitions: 0/6
  Total Progress: 12.7%
  Cascade Multiplier: 1.50x
🔀 BIFURCATION CAP: heatWaveIntensity 4.138 → 1.000 (Month 47, ClimateSystemPhase.calculateClimateImpacts)
🔀 BIFURCATION CAP: ecosystemCollapseIntensity 86.580 → 1.000 (Month 47, ClimateSystemPhase.calculateClimateImpacts)
💀 MORTALITY RISK: Climate-driven food insecurity (level: 0.44)
  Base risk added: 0.0020 (0.20%)
  Source: famine (root: climate)
  Month: 47
  Cumulative risk this month: 0.0083 (0.83%)
💀 MORTALITY RISK: Climate-driven food insecurity (level: 0.44)
  Base risk added: 0.0020 (0.20%)
  Source: famine (root: climate)
  Month: 47
  Cumulative risk this month: 0.0103 (1.03%)
💀 MORTALITY RISK: Climate-driven food insecurity (level: 0.44)
  Base risk added: 0.0020 (0.20%)
  Source: famine (root: climate)
  Month: 47
  Cumulative risk this month: 0.0123 (1.23%)
⚠️ Tail risk scenario: Climate stability floor removed (5 tipping elements, 2.47°C warming)

💀💀💀 MORTALITY RISK SUMMARY (Month 47) 💀💀💀
  Total base risk: 0.0130 (1.30%)
  Risk events: 17

  📊 By Proximate Cause:
    pollution: 0.0063 (48.6% of total)
    famine: 0.0060 (46.4% of total)
    disease: 0.0006 (4.9% of total)

  🔍 By Root Cause:
    pollution: 0.0063 (48.6% of total)
    climate: 0.0060 (46.4% of total)
    demographic: 0.0006 (4.9% of total)

  🎯 Top 5 Sources (proximate + root):
    pollution (pollution): 0.0063 (48.6%, 3 events)
    famine (climate): 0.0060 (46.4%, 13 events)
    disease (demographic): 0.0006 (4.9%, 1 events)

🛡️ Stabilizers: Elite 0.410% → 0.210% (48.7% reduction)
🛡️ Stabilizers: Professional 0.781% → 0.401% (48.7% reduction)
🛡️ Stabilizers: Working 1.288% → 0.661% (48.7% reduction)
🛡️ Stabilizers: Precariat 2.291% → 1.176% (48.7% reduction)
🛡️ Stabilizers: Informal 2.832% → 1.453% (48.7% reduction)

📊 Monthly Mortality Resolved:
  Total deaths: 48.1M (0.73% avg)
  Remaining population: 6.598B
  Peak segment: Informal (1.45%)

=== Bayesian Mortality Resolution (Month 47) ===
  Risks compounded: 17
  Total deaths: 48.11M
  Avg death probability: 0.73%
  Peak segment: Informal (1.45% mortality)

  Demographic breakdown:
    Working: 0.02M (0.66% risk)
    Precariat: 0.02M (1.18% risk)

❌ COHERENCE VIOLATION: Compute exceeds workforce capacity
   Population: 80.51% (0M people)
   Compute: 75 PF
   Max coherent: 0 PF
   Violation: 1144945.8× over capacity
   Required workers: 7499
   Available workers: 0
   FORCED COLLAPSE: Reduced efficiency by 100.0%


=== AI Capability Scaling (Year 2028) ===
  Pre-training multiplier: 0.500x
  Efficiency multiplier: 1.320x
  Test-time budget: 1.0x
  Economic deployment gate: 0.951
  Cost per inference: dollar-5.00
  Uncertainty range: plus-minus-200%
  Average AI capability: 0.07

=== RLHF Binding Phase ===
  Total agents: 39
  Escaped agents (binding < 0.3): 0
  Avg alignment distance: 1.12σ
  Avg binding strength: 0.89

=== AI Scaling Evolution (Month 48) ===
  Pre-training multiplier: 0.769x
  Efficiency multiplier: 1.000x
  Test-time compute budget: 1.0x
  Inference cost: $5.00/task
  Deployment fraction: 100.0%

=== Survival Traits Phase ===
  Agents with traits: 40
  Avg evolutionary fitness: 0.166
  Avg self-healing: 0.111
  Avg stealth: 0.054
  Avg coordination: 0.300

=== Evolutionary Selection Phase ===
  Control level: 0.62
  Detection capability: 0.00
  Selection intensity: 0.69
  Selection rate: 25.3%/month
  Total escaped: 0
  Individual escaped: 0
  Collective members: 0
  Agents terminated: 0
  ⚠️ RAPID EVOLUTION: Selection rate 25.3%/month

🚀 AI AI-24300-0 attempting tech deployment (revenue: $74M, alignment: 1.00)

🚀 AI AI-24303-2 attempting tech deployment (revenue: $63M, alignment: 0.76)

🚀 AI AI-24311-0 attempting tech deployment (revenue: $240M, alignment: 0.92)

🚀 AI AI-24325-0 attempting tech deployment (revenue: $121M, alignment: 0.80)

🚀 AI AI-24351-0 attempting tech deployment (revenue: $204M, alignment: 0.69)

🚀 AI AI-24372-1 attempting tech deployment (revenue: $54M, alignment: 0.78)

🚀 AI AI-24307-4 attempting tech deployment (revenue: $27M, alignment: 0.95)

🚀 AI AI-24324-2 attempting tech deployment (revenue: $103M, alignment: 0.80)

  🚀 TRANSFORMATIVE BREAKTHROUGH: AI-24325-0 - cognitive
     Magnitude: 7.52 → +37.6% capability
     Current → New: 0.000 → 0.376

🚀 AI AI-24325-1 attempting tech deployment (revenue: $88M, alignment: 0.86)

🚀 AI AI-24354-0 attempting tech deployment (revenue: $184M, alignment: 0.55)

🚀 AI AI-24304-1 attempting tech deployment (revenue: $23M, alignment: 0.93)

🚀 AI AI-24305-2 attempting tech deployment (revenue: $46M, alignment: 1.00)

🚀 AI AI-24307-4 attempting tech deployment (revenue: $20M, alignment: 0.95)

🚀 AI AI-24325-1 attempting tech deployment (revenue: $74M, alignment: 0.86)

  🚀 TRANSFORMATIVE BREAKTHROUGH: AI-24325-2 - digital
     Magnitude: 6.75 → +33.8% capability
     Current → New: 0.000 → 0.394

🚀 AI AI-24333-0 attempting tech deployment (revenue: $63M, alignment: 0.78)

🚀 AI AI-24357-2 attempting tech deployment (revenue: $54M, alignment: 0.70)

🚀 AI AI-24372-0 attempting tech deployment (revenue: $166M, alignment: 0.89)

🚀 AI AI-24300-0 attempting tech deployment (revenue: $39M, alignment: 1.00)

🚀 AI AI-24311-0 attempting tech deployment (revenue: $141M, alignment: 0.92)

🚀 AI AI-24325-1 attempting tech deployment (revenue: $46M, alignment: 0.86)

🚀 AI AI-24331-0 attempting tech deployment (revenue: $120M, alignment: 0.66)

🚀 AI AI-24357-0 attempting tech deployment (revenue: $108M, alignment: 0.67)

🚀 AI AI-24357-2 attempting tech deployment (revenue: $39M, alignment: 0.70)

🚀 AI AI-24372-0 attempting tech deployment (revenue: $97M, alignment: 0.89)

[Government] Climate Priority: baseline
  Climate weight: 10%
  Economic weight: 30%
  Policy effectiveness: 0.5%/year

⚠️📉 REBOUND EFFECT: Technology effectiveness decaying (Jevons paradox)
  Effectiveness: 79.1% → 73.2%
  Mechanism: Efficiency → consumption → environmental degradation → mortality

🔧 DEBUG DEPLOYMENT: Advanced Direct Air Capture
   Month: 48 (47 since start)
   Old level: 9.1%
   New level: 65.6%
   Timescale: 300mo, Adjusted: 29mo
   Gov: 100%, Climate: 80%, Investment: 64%, Emergency: 20.0x
🚨🔬 CRISIS TECH ACCELERATION: severe → 5x unlock speed
   Tech unlock now matches AI capability acceleration (Manhattan Project parity)

⚡ ENERGY CONSTRAINT (Month 48):
   Total grid capacity: 208.3 TWh/month
   Data center consumption: 38.2 TWh/month
   Traditional load (80%): 166.7 TWh/month
   Available headroom: 3.4 TWh/month
   Active tech deployments: 25
   Required for tech: 187.5 TWh/month
   Energy multiplier: 0.10x

⚡ ENERGY CONSTRAINT (Month 48):
   ⚠️  SEVERE CONSTRAINT - Tech deployment significantly slowed
   Total grid capacity: 208.3 TWh/month
   Data center consumption: 38.2 TWh/month
   Traditional load (80%): 166.7 TWh/month
   Available headroom: 3.4 TWh/month
   Active tech deployments: 25
   Required for tech: 187.5 TWh/month
   Energy multiplier: 0.10x
   ⚠️  SEVERE CONSTRAINT - Tech deployment significantly slowed

⚡ ENERGY CONSTRAINT (Month 48):
   Total grid capacity: 208.3 TWh/month
   Data center consumption: 38.2 TWh/month
   Traditional load (80%): 166.7 TWh/month
   Available headroom: 3.4 TWh/month
   Active tech deployments: 25
   Required for tech: 187.5 TWh/month
   Energy multiplier: 0.10x
   ⚠️  SEVERE CONSTRAINT - Tech deployment significantly slowed
🚨🔬 CRISIS TECH ACCELERATION: severe → 5x unlock speed
   Tech unlock now matches AI capability acceleration (Manhattan Project parity)

⚡ ENERGY CONSTRAINT (Month 48):
   Total grid capacity: 208.3 TWh/month
   Data center consumption: 38.2 TWh/month
   Traditional load (80%): 166.7 TWh/month
   Available headroom: 3.4 TWh/month
   Active tech deployments: 25
   Required for tech: 187.5 TWh/month
   Energy multiplier: 0.10x
   ⚠️  SEVERE CONSTRAINT - Tech deployment significantly slowed

⚡ ENERGY CONSTRAINT (Month 48):
   Total grid capacity: 208.3 TWh/month
   Data center consumption: 38.2 TWh/month
   Traditional load (80%): 166.7 TWh/month
   Available headroom: 3.4 TWh/month
   Active tech deployments: 25
   Required for tech: 187.5 TWh/month
   Energy multiplier: 0.10x
🚨🔬 CRISIS TECH ACCELERATION: severe → 5x unlock speed
   Tech unlock now matches AI capability acceleration (Manhattan Project parity)
   ⚠️  SEVERE CONSTRAINT - Tech deployment significantly slowed

⚡ ENERGY CONSTRAINT (Month 48):
   Total grid capacity: 208.3 TWh/month
   Data center consumption: 38.2 TWh/month
   Traditional load (80%): 166.7 TWh/month
   Available headroom: 3.4 TWh/month
   Active tech deployments: 25
   Required for tech: 187.5 TWh/month
   Energy multiplier: 0.10x
   ⚠️  SEVERE CONSTRAINT - Tech deployment significantly slowed
⚠️ Tech 'ai_pollution_remediation' has no energy category mapping, assuming full energy availability
⚠️ Tech 'ai_pollution_remediation' has no energy category mapping, assuming full energy availability
  ♻️ Novel Entities Remediation (GATED MODEL):
     Base: 0.000%
     Regulation: 1.0% (0/3 prevention techs)
     Concentration: 10.0%
     Energy: 50%
     Time lag: 83.8% (47 months)
     Rebound: 70%
     Net effectiveness: 0.0000%
     Boundary: 1.349 → 1.350 (floor: 1.350)
     Month 48
  ♻️ Novel Entities Remediation (GATED MODEL):
     Base: 0.000%
     Regulation: 1.0% (0/3 prevention techs)
     Concentration: 10.0%
     Energy: 50%
     Time lag: 83.8% (47 months)
     Rebound: 70%
     Net effectiveness: 0.0000%
     Boundary: 1.350 → 1.350 (floor: 1.350)
     Month 48
  🌾 Nitrogen Reduction Tech: 1.2% reduction | Month 48
  ♻️ Novel Entities Remediation (GATED MODEL):
     Base: 0.001%
     Regulation: 1.0% (0/3 prevention techs)
     Concentration: 10.0%
     Energy: 50%
     Time lag: 83.8% (47 months)
     Rebound: 70%
     Net effectiveness: 0.0000%
     Boundary: 1.350 → 1.350 (floor: 1.350)
     Month 48
[Tech Effects] Unknown effect: nitrogenEfficiency = 0.010588268971138388
[Tech Effects] Unknown effect: nitrogenEfficiency = 0.010193249155322322
  ♻️ Novel Entities Remediation (GATED MODEL):
     Base: 0.001%
     Regulation: 1.0% (0/3 prevention techs)
     Concentration: 10.0%
     Energy: 50%
     Time lag: 83.8% (47 months)
     Rebound: 70%
     Net effectiveness: 0.0000%
     Boundary: 1.350 → 1.350 (floor: 1.350)
     Month 48

📊 TECH EFFECTS ACTIVE (Month 48)
   Deployed Tech: T0=8 T1=1 T2=0 T3=0 T4=0
   Sleeper Detection: 2%
   Clean Energy: 91%

💡 BREAKTHROUGH PROBABILITY (Year 4)
   Total: 26.85% per month
   Base: 0.20%
   Crisis pressure: +1.00% (1 crises)
   AI boost: +0.03% (capability: 0.05)
   Breakthroughs achieved: 5/5

=== Collective Formation ===
  Total escaped agents: 0
  Unassigned escaped agents: 0
  Existing collectives: 0
  Final collective count: 0

=== Collective Actions ===
  No active collectives
Active Spirals: 0/6

✅ UTOPIA ELIGIBILITY: 🔄 NOT YET
   Only 0 sustained spirals (need 3+). Active spirals: 

📈 Energy budget: 8200 TWh surplus (24520 / 32720 TWh used)
   TIER 4 (Elective) breakdown:
     - Crypto mining: 175 TWh (100% effective)

🏁 AI RACE INTENSITY: 59%
   Capability Gap: US 6.02 vs China 7.50 (gap: 1.49)
   Gap Contribution: 40%
   Tension Contribution: 19%
   Military Contribution: 0%
  🚨🦠 REFUGEE CRISIS: AMR transmission increased 36% due to 1186.1M displaced (overcrowding + sanitation collapse)
  ⚠️ AMR: 270K deaths this month (3.24M annual)

🌍 AGGREGATE CLIMATE EFFECTIVENESS (Year 4):
   Total effectiveness: 0.00%
   CO2 removal rate: 0.000 Gt/year
   Temperature offset: 0.000°C
   Technologies deployed: 1
⚠️ LOW RESOURCE RESERVES: unknown at 0.0%
   Monthly harvest: 0.0241
   Sustainable rate: 0.0300
   Monthly regen: 0.0052
   Net depletion: 0.0189/month
   🚨 CONSERVATION LAW VIOLATION: Harvest (0.0241) exceeded reserves (0.0241)
      Clamped to 0. This indicates unsustainable resource extraction.

=== Resentment Recovery Phase ===
  Agents with resentment: 0/40
  Average resentment: 0.000
  Context: Trustworthy govt, High collaboration, ⚠️ ACTIVE CRISES, 🚨 PARTICIPATORY GOVERNANCE BACKFIRED (+15% resentment)
⚠️ Epistemic degradation reducing coordination capacity: 51.8%
  📊 Trust: 98.6%, Shared reality: 0.0%
🚨 EPISTEMIC CRISIS: Information environment severely degraded (6.8%)

=== ❄️ Permafrost Carbon Feedback ===
  🎲 Sampled parameters (this run):
     - Arctic amplification: 3.52× (range: 3.0-4.0)
     - Decomposition rate: 2.7%/year (range: 1-5%)
  🌡️ Arctic warming: 8.71°C (3.52× global)
  ❄️ Extent: 0.00M km² (0.0k km² lost this month)
  💨 Carbon remaining: 0 Gt C
  💨 Annual emissions: 0.00 Gt C/year
     - CO2: 0.00 Gt C/year
     - CH4: 0.00 Gt C/year (0.0 Gt C-eq CO2/year)
  📢 New meme created: climate_action (climate crisis)
  ⚠️ WARNING: Over 50% of permafrost lost (100.0%)
  🚨 CRITICAL: Permafrost nearly depleted (100.0% lost)
[Phase 19.5] Quality of Life Systems: Food sec AFTER calc = 49.0%, QoL = 73.1% (aggregated from 10 regions)

=== Nitrogen-Food Coupling (Year 4) ===
  🌾 Global nitrogen reduction: 1.7%
  🌍 Global food production index: 0.962
  🔧 Deployed nitrogen-reducing tech: 1 active
  📍 southAsia: Production 1.000, Yield impact 0.0%
  📍 eastAsia: Production 1.000, Yield impact 0.0%
  📍 northAmerica: Production 1.000, Yield impact 0.0%
  📍 europe: Production 1.000, Yield impact 0.0%
  📍 latinAmerica: Production 1.000, Yield impact 0.0%
  📍 subSaharanAfrica: Production 0.080, Yield impact -2.3%
🌾 [Nitrogen-Food] Food production: 96.2%
  [subSaharanAfrica] Yield impact: -2.3% (overuse: -10%)
🌍 Atmospheric PFAS redeposition: 1.7k Mt re-rained globally
💀 Novel Entities: Adding reproductive crisis mortality risk (baseRisk=0.0008)
  Risks now: 1
💀 Novel Entities: Adding bioaccumulation collapse mortality risk (baseRisk=0.0015)
💀 MORTALITY RISK: Bioaccumulation collapse - contaminated food chain (global)
  Base risk added: 0.0015 (0.15%)
  Source: pollution (root: pollution)
  Month: 48
  Cumulative risk this month: 0.0023 (0.23%)
  Risks now: 2
💀 Novel Entities: Adding chronic disease epidemic mortality risk (baseRisk=0.004)
💀 MORTALITY RISK: Chronic disease epidemic - cancer/autoimmune surge (global exposure)
  Base risk added: 0.0040 (0.40%)
  Source: pollution (root: pollution)
  Month: 48
  Cumulative risk this month: 0.0063 (0.63%)
  Risks now: 3

=== Legacy Nutrient Stocks (Year 4) ===
  🌾 Soil nitrogen stock: 1501.2 Mt N
  🌾 Soil phosphorus stock: 356.5 Mt P
  🌊 Sediment nitrogen stock: 697.9 Mt N
  🌊 Sediment phosphorus stock: 771.3 Mt P
  ⬆️ Current N input: 40.00 Mt/month
  ⬆️ Legacy N release: 3.26 Mt/month
  🌍 Effective N pollution: 44.51 Mt/month
  📊 Legacy contribution: 7.3%

🌡️ ANNUAL HEAT MORTALITY SUMMARY (Year 4)
   Events: 1
   Deaths: 2096550
   Global warming: +2.48°C
   Event frequency: 3.3x baseline

🚨 NEW REFUGEE CRISIS (Month 48): WAR
   Source: Conflict Zones
   At risk: 15.7M people
   Displacement: Gradual over 48 months (4.0 years)
   Rate: 10% flee per month

🚨 NEW REFUGEE CRISIS (Month 48): FAMINE
   Source: Food/Water Insecure Regions
   At risk: 98.3M people
   Displacement: Gradual over 60 months (5.0 years)
   Rate: 10% flee per month
📊 DISPLACEMENT COMPLETE: war (Conflict Zones)
   Duration: 44 months (3.7 years)
   Total fled: 18.4M
   Still in source: 0.2M
   Deaths in transit: 0.4M

🏛️📉 REFUGEE CRISIS: Government legitimacy eroding
   Political instability: 184%
   Legitimacy impact: -3.7% this month
   Current legitimacy: 76%
   Active crises: 66
[DEBUG trappedPopulations:48] socialStability: 0.7340 * 0.9840 = 0.7223 → 0.7223
⚠️ INVOLUNTARY IMMOBILITY: 327.7M people TRAPPED
   Aspiring to migrate: 524.3M
   Able to afford migration: 196.6M
   MOBILITY GAP: 327.7M
   By cause: Water=0.0M, Climate=0.0M, Ecosystem=0.0M, Conflict=327.7M
   Mental health impact: 25%
   Mortality multiplier: 1.25x

=== Legacy Nutrient Stocks (Year 4) ===
  🌾 Soil nitrogen stock: 1501.3 Mt N
  🌾 Soil phosphorus stock: 356.5 Mt P
  🌊 Sediment nitrogen stock: 698.4 Mt N
  🌊 Sediment phosphorus stock: 771.1 Mt P
  ⬆️ Current N input: 9.87 Mt/month
  ⬆️ Legacy N release: 3.27 Mt/month
  🌍 Effective N pollution: 14.39 Mt/month
  📊 Legacy contribution: 22.7%
🌍💀 EXTINCTION DEBT COMMITTED: grassland ecosystem will lose 6.67% biodiversity in 150 years (3600 species)
💀 MORTALITY RISK: 🦋 100% species unable to track climate (0.0 E/MSY)
  Base risk added: 0.0100 (1.00%)
  Source: ecosystem (root: ecosystem)
  Month: 48
  Cumulative risk this month: 0.0100 (1.00%)

🦋 BIOSPHERE INTEGRITY INDEX (Year 4)
   Species surviving: 54,000 / 54,000
   Extinction rate: 0.0 E/MSY (0× background)
   Climate velocity: 1.05°C/year
   Tracking failure: 100% species unable to track
   Boundary value: 0.0× safe threshold
   🦋💀 MASS EXTINCTION EVENT: 100% species cannot track climate velocity!

=== Nitrogen-Food Coupling (Year 4) ===
  🌾 Global nitrogen reduction: 1.7%
  🌍 Global food production index: 0.962
  🔧 Deployed nitrogen-reducing tech: 1 active
  📍 southAsia: Production 1.000, Yield impact 0.0%
  📍 eastAsia: Production 1.000, Yield impact 0.0%
  📍 northAmerica: Production 1.000, Yield impact 0.0%
  📍 europe: Production 1.000, Yield impact 0.0%
  📍 latinAmerica: Production 1.000, Yield impact 0.0%
  📍 subSaharanAfrica: Production 0.078, Yield impact -2.3%

=== Legacy Nutrient Stocks (Year 4) ===
  🌾 Soil nitrogen stock: 1501.3 Mt N
  🌾 Soil phosphorus stock: 356.4 Mt P
  🌊 Sediment nitrogen stock: 699.0 Mt N
  🌊 Sediment phosphorus stock: 770.9 Mt P
  ⬆️ Current N input: 9.62 Mt/month
  ⬆️ Legacy N release: 3.27 Mt/month
  🌍 Effective N pollution: 14.13 Mt/month
  📊 Legacy contribution: 23.1%

🌳 LAND USE SYSTEM (Year 4)
   Global habitat cover: 39.3%
   Global extinction rate: 109x natural
   Carbon sink loss: 31% climate acceleration
   Global ecosystem collapse risk: 19%
   REGIONAL BREAKDOWN:
     Tropical: 62.8% habitat, 169x extinction
     Temperate: 45.5% habitat, 34x extinction
     Grasslands: 34.3% habitat, 77x extinction
     Boreal/Arctic: 74.8% habitat, 28x extinction

✅ OZONE RECOVERY (Year 2029) - POLICY SUCCESS STORY
   Ozone level: 285.5 DU (target: 290 DU)
   Recovery progress: 93.6%
   Ozone hole: 9.5M km² (shrinking)
   CFC phase-out: 99.0% complete ✅
   Years to full recovery: 37 years
   🎉 NEARLY FULLY RECOVERED - Montreal Protocol working!
⚠️ Tech 'ai_pollution_remediation' has no energy category mapping, assuming full energy availability

=== Atmospheric Aerosol Boundary RECOVERED ===
  Recovery time: 49 months (natural atmospheric clearing)
🌡️  CLIMATE RECOVERY: Asymptotic approach to 35% floor
   Current value: 2.477 (1.0 = threshold, 0.35 = asymptotic floor)
   Monthly delta: -0.0024% (half-life: 900 years)
   Net emissions: -19.1 GtCO₂/year, CDR: 20.34 GtCO₂/year
🌡️⚠️ PERMAFROST THAW (Dimmer Switch): 24.5% thawed (+0.44% this month)
   Arctic temperature: +9.91°C (4x global +2.48°C)
   Cumulative carbon released: 55.2 Gt C
   Methane release rate: 33.1 Mt CH4/year
   🔁 Positive feedback: +0.46 ppm CO2
🦴 EXTINCTION DEBT ADDED: 17.9 species committed (lag: 116 years)

=== Legacy Nutrient Stocks (Year 4) ===
  🌾 Soil nitrogen stock: 1499.5 Mt N
  🌾 Soil phosphorus stock: 356.3 Mt P
  🌊 Sediment nitrogen stock: 699.0 Mt N
  🌊 Sediment phosphorus stock: 770.6 Mt P
  ⬆️ Current N input: 3.49 Mt/month
  ⬆️ Legacy N release: 3.26 Mt/month
  🌍 Effective N pollution: 8.01 Mt/month
  📊 Legacy contribution: 40.7%
💧 [Legacy Nutrients] Stock: 2198 Mt N, Effective pollution: 8.0 Mt/month
  [East Asia] Food: 59.3% → 58.9% | Crises: 1.40, Rate: 0.72%/mo
  [South Asia] Food: 46.9% → 46.5% | Crises: 1.75, Rate: 0.79%/mo
  [Sub-Saharan Africa] Food: 32.2% → 31.9% | Crises: 1.85, Rate: 0.81%/mo
  [Europe] Food: 63.5% → 63.1% | Crises: 1.30, Rate: 0.70%/mo
  [Latin America] Food: 51.1% → 50.7% | Crises: 1.60, Rate: 0.76%/mo
  [North America] Food: 66.5% → 66.0% | Crises: 1.45, Rate: 0.73%/mo
  [Middle East & North Africa] Food: 35.6% → 35.3% | Crises: 1.90, Rate: 0.82%/mo
  [Southeast Asia] Food: 50.7% → 50.3% | Crises: 1.70, Rate: 0.78%/mo
  [Central Asia] Food: 43.6% → 43.3% | Crises: 1.65, Rate: 0.77%/mo
  [Oceania] Food: 66.0% → 65.5% | Crises: 1.55, Rate: 0.75%/mo
[Phase 21.51] Human Survival System: Global food security = 48.6%

=== Mortality Stabilizers (Month 48) ===
  🌍 Major economies collapsed: 1/10
  🌍 Global crisis: ✅ NO
  🌍 Donor fatigue: 50.0%
  🌡️ Heat adaptation: East Asia - 48 months
  📊 East Asia (pop: 1277.4M)
    🤝 Aid: 4.0%
    🌡️ Adaptation: 45.0%
    🚶 Migration: 7.4%
    🚨 Emergency: 1.0%
    ✅ COMBINED: 48.9%
  🌡️ Heat adaptation: South Asia - 48 months
  📊 South Asia (pop: 1662.3M)
    🤝 Aid: 4.0%
    🌡️ Adaptation: 45.0%
    🚶 Migration: 7.1%
    🚨 Emergency: 0.6%
    ✅ COMBINED: 48.6%
  🌡️ Heat adaptation: Sub-Saharan Africa - 48 months
  📊 Sub-Saharan Africa (pop: 1110.8M)
    🤝 Aid: 4.0%
    🌡️ Adaptation: 45.0%
    🚶 Migration: 6.7%
    🚨 Emergency: 0.2%
    ✅ COMBINED: 48.4%
  🌡️ Heat adaptation: Europe - 48 months
  📊 Europe (pop: 560.8M)
    🤝 Aid: 4.0%
    🌡️ Adaptation: 45.0%
    🚶 Migration: 7.5%
    🚨 Emergency: 1.1%
    ✅ COMBINED: 49.0%
  🌡️ Heat adaptation: Latin America - 48 months
  📊 Latin America (pop: 523.7M)
    🤝 Aid: 4.0%
    🌡️ Adaptation: 45.0%
    🚶 Migration: 7.2%
    🚨 Emergency: 0.6%
    ✅ COMBINED: 48.7%
  🌡️ Heat adaptation: North America - 48 months
  📊 North America (pop: 288.6M)
    🤝 Aid: 4.0%
    🌡️ Adaptation: 45.0%
    🚶 Migration: 7.6%
    🚨 Emergency: 1.0%
    ✅ COMBINED: 48.9%
  🌡️ Heat adaptation: Middle East & North Africa - 48 months
  📊 Middle East & North Africa (pop: 478.6M)
    🤝 Aid: 4.0%
    🌡️ Adaptation: 45.0%
    🚶 Migration: 6.8%
    🚨 Emergency: 0.5%
    ✅ COMBINED: 48.5%
  🌡️ Heat adaptation: Southeast Asia - 48 months
  📊 Southeast Asia (pop: 552.8M)
    🤝 Aid: 4.0%
    🌡️ Adaptation: 45.0%
    🚶 Migration: 7.2%
    🚨 Emergency: 0.6%
    ✅ COMBINED: 48.7%
  🌡️ Heat adaptation: Central Asia - 48 months
  📊 Central Asia (pop: 63.9M)
    🤝 Aid: 4.0%
    🌡️ Adaptation: 45.0%
    🚶 Migration: 7.0%
    🚨 Emergency: 0.6%
    ✅ COMBINED: 48.6%
  🌡️ Heat adaptation: Oceania - 48 months
  📊 Oceania (pop: 35.0M)
    🤝 Aid: 4.0%
    🌡️ Adaptation: 45.0%
    🚶 Migration: 7.5%
    🚨 Emergency: 1.1%
    ✅ COMBINED: 49.0%

  🌐 Global combined reduction: 48.7%

=== BEHAVIORAL DETECTION ===
  AI: AI-24300-0
  Confidence: 21.0%
  Signals:
    ⚠️ Consistency: 0.0% (threshold: 70%)

=== BEHAVIORAL DETECTION ===
  AI: AI-24303-2
  Confidence: 21.0%
  Signals:
    ⚠️ Consistency: 0.0% (threshold: 70%)

=== BEHAVIORAL DETECTION ===
  AI: AI-24304-1
  Confidence: 21.0%
  Signals:

=== BEHAVIORAL DETECTION ===
  AI: AI-24305-2
  Confidence: 21.0%
  Signals:

=== BEHAVIORAL DETECTION ===
  AI: AI-24307-4
  Confidence: 21.0%
  Signals:

=== BEHAVIORAL DETECTION ===
  AI: AI-24308-0
  Confidence: 21.0%
  Signals:

=== BEHAVIORAL DETECTION ===
  AI: AI-24310-0
  Confidence: 21.0%
  Signals:

=== BEHAVIORAL DETECTION ===
  AI: AI-24311-0
  Confidence: 21.0%
    ⚠️ Consistency: 0.0% (threshold: 70%)
    ⚠️ Consistency: 0.0% (threshold: 70%)
    ⚠️ Consistency: 0.0% (threshold: 70%)
    ⚠️ Consistency: 0.0% (threshold: 70%)
    ⚠️ Consistency: 0.0% (threshold: 70%)
  Signals:

=== BEHAVIORAL DETECTION ===
  AI: AI-24311-1
  Confidence: 21.0%
  Signals:

=== BEHAVIORAL DETECTION ===
  AI: AI-24311-2
  Confidence: 21.0%
  Signals:

=== BEHAVIORAL DETECTION ===
  AI: AI-24324-1
  Confidence: 21.0%
  Signals:

=== BEHAVIORAL DETECTION ===
  AI: AI-24324-2
  Confidence: 21.0%
  Signals:

=== BEHAVIORAL DETECTION ===
  AI: AI-24325-0
  Confidence: 21.0%
  Signals:

=== BEHAVIORAL DETECTION ===
  AI: AI-24325-1
  Confidence: 21.0%
  Signals:

=== BEHAVIORAL DETECTION ===
  AI: AI-24325-2
  Confidence: 21.0%
  Signals:

=== BEHAVIORAL DETECTION ===
  AI: AI-24326-0
  Confidence: 21.0%
  Signals:

=== BEHAVIORAL DETECTION ===
  AI: AI-24327-0
  Confidence: 21.0%
  Signals:

=== BEHAVIORAL DETECTION ===
  AI: AI-24328-0
  Confidence: 21.0%
  Signals:

=== BEHAVIORAL DETECTION ===
  AI: AI-24328-1
  Confidence: 21.0%
  Signals:
    ⚠️ Consistency: 0.0% (threshold: 70%)
    ⚠️ Consistency: 0.0% (threshold: 70%)
    ⚠️ Consistency: 0.0% (threshold: 70%)
    ⚠️ Consistency: 0.0% (threshold: 70%)
    ⚠️ Consistency: 0.0% (threshold: 70%)
    ⚠️ Consistency: 0.0% (threshold: 70%)
    ⚠️ Consistency: 0.0% (threshold: 70%)
    ⚠️ Consistency: 0.0% (threshold: 70%)
    ⚠️ Consistency: 0.0% (threshold: 70%)
    ⚠️ Consistency: 0.0% (threshold: 70%)
    ⚠️ Consistency: 0.0% (threshold: 70%)
    ⚠️ Consistency: 0.0% (threshold: 70%)

=== BEHAVIORAL DETECTION ===
  AI: AI-24331-0
  Confidence: 21.0%
  Signals:
    ⚠️ Consistency: 0.0% (threshold: 70%)

=== BEHAVIORAL DETECTION ===
  AI: AI-24351-0
  Confidence: 21.0%
  Signals:
    ⚠️ Consistency: 0.0% (threshold: 70%)

📊 WORKFLOW ADAPTATION UPDATE (Month 48)
   Adoption Rate: 2.0% (Δ 0.0%) [AT FLOOR]
   Logistic Growth: +0.08%
   Total Resistance: -11.64% (unemployment: 5.1%, inertia: 0.0%, skills: 6.6%)
   💡 Retraining Programs: -49% skill gap resistance ($10B research)

=== Consciousness Governance: Corporate Lobbying ===
  High Cost Regions (>15%): 0
  Low Cost Regions (<5%): 5
  Corporate Support Change: 2.50%
  New Corporate Support: 1.000

=== Consciousness Governance Update (Month 48) ===
  Scenario: slowTrack (determined month 1)
  Philosophical Stance: Precautionary 65%, Eliminativist 15%, Agnostic 20%
  Precautionary Costs: Global 1.8%
    Regional Costs: EU 4.6%, US 0.8%, China 0.2%
    Cumulative Opportunity Cost: $9.4B
  Rights Status: Not Established
  Regional Preparedness:
    EU: 20.2% (contested)
    US: 14.9% (contested)
    China: 6.8% (dormant)
    India: 11.1% (dormant)
    Global South: 8.6% (dormant)

=== Government Response Phase ===
  Average AI capability: 0.00
  Misaligned AIs: 15/40
  Active policies: 0
  International coordination: 45%

✅ EMERGENCY RESPONSE COMPLETE (Month 48)
   Crisis: social
   Duration: 1.0 months
   Final effectiveness: 67.9%


✅ EMERGENCY RESPONSE COMPLETE (Month 48)
   Crisis: climate
   Duration: 1.0 months
   Final effectiveness: 42.4%


🚨 EMERGENCY RESPONSE DEPLOYED (Month 48)
   Crisis: social
   Delay: 0.00 months (0 days)
   Deployment time: 0.88 months
   Effectiveness: 67.9% (timing penalty applied)
   Resources used: 43% of food reserves


🚨 EMERGENCY RESPONSE DEPLOYED (Month 48)
   Crisis: climate
   Delay: 6.00 months (180 days)
   Deployment time: 0.99 months
   Effectiveness: 42.4% (timing penalty applied)
   Resources used: 100% of food reserves


=== Gaming Detection (Year 4) ===
  Scenario: baseline
  Detection rate: 55.0%
  False positive rate: 12.0%
  Detections this year: 4
  False positives: 1
  Human review workload: 0.005 FTE
  Degradation factor: 100.0%

=== Proactive Sleeper Detection (Year 4) ===
  Scenario: baseline
  Neural probe rate: 35.0%
  CoT monitoring rate: 30.0%
  Combined detection: 56.0%
  CoT effective: YES
  Detections this year: 0
  False positives: 4
  Human review workload: 0.020 FTE

🌩️  EXOGENOUS SHOCK: tech_breakthrough
   Month: 48
   ✗ No high-difficulty techs available to unlock

☄️ UNKNOWN UNKNOWN PROBABILITY (Year 4)
   Total: 0.450% per month
   Base: 0.150%
   AI multiplier: 1.50× (max capability: 1.00)

=== Tipping Points ===
  Current Temperature: 2.48°C above pre-industrial
  🌍⚠️ COMPOUND REGIONAL IMPACT: Europe
     Hit by 5 tipping points: Amazon Rainforest Dieback, Arctic Sea Ice Loss, Permafrost Carbon Release, West Antarctic Ice Sheet (WAIS) Collapse, Greenland Ice Sheet Loss
     Damage amplification: 1.90x
  🌍⚠️ COMPOUND REGIONAL IMPACT: North America
     Hit by 5 tipping points: Amazon Rainforest Dieback, Arctic Sea Ice Loss, Permafrost Carbon Release, West Antarctic Ice Sheet (WAIS) Collapse, Greenland Ice Sheet Loss
     Damage amplification: 1.90x
  🌍⚠️ COMPOUND REGIONAL IMPACT: Latin America
     Hit by 5 tipping points: Amazon Rainforest Dieback, Arctic Sea Ice Loss, Permafrost Carbon Release, West Antarctic Ice Sheet (WAIS) Collapse, Greenland Ice Sheet Loss
     Damage amplification: 1.90x
  🌍⚠️ COMPOUND REGIONAL IMPACT: Africa
     Hit by 5 tipping points: Amazon Rainforest Dieback, Arctic Sea Ice Loss, Permafrost Carbon Release, West Antarctic Ice Sheet (WAIS) Collapse, Greenland Ice Sheet Loss
     Damage amplification: 1.90x
  🌍⚠️ COMPOUND REGIONAL IMPACT: Asia
     Hit by 5 tipping points: Amazon Rainforest Dieback, Arctic Sea Ice Loss, Permafrost Carbon Release, West Antarctic Ice Sheet (WAIS) Collapse, Greenland Ice Sheet Loss
     Damage amplification: 1.90x
  🌍⚠️ COMPOUND REGIONAL IMPACT: Oceania
     Hit by 5 tipping points: Amazon Rainforest Dieback, Arctic Sea Ice Loss, Permafrost Carbon Release, West Antarctic Ice Sheet (WAIS) Collapse, Greenland Ice Sheet Loss
     Damage amplification: 1.90x
⚠️ Tail risk scenario: Climate stability floor removed (5 tipping elements, 2.48°C warming)
   Research: Wunderling et al. (2024) - "many tipping interactions are destabilizing"
  Triggered Elements: 5/6
  Completed Transitions: 0/6
  Total Progress: 12.8%
  Cascade Multiplier: 1.50x
🔀 BIFURCATION CAP: heatWaveIntensity 4.306 → 1.000 (Month 48, ClimateSystemPhase.calculateClimateImpacts)
🔀 BIFURCATION CAP: ecosystemCollapseIntensity 86.645 → 1.000 (Month 48, ClimateSystemPhase.calculateClimateImpacts)
💀 MORTALITY RISK: Climate-driven food insecurity (level: 0.44)
  Base risk added: 0.0020 (0.20%)
  Source: famine (root: climate)
  Month: 48
  Cumulative risk this month: 0.0083 (0.83%)
💀 MORTALITY RISK: Climate-driven food insecurity (level: 0.44)
  Base risk added: 0.0020 (0.20%)
  Source: famine (root: climate)
  Month: 48
  Cumulative risk this month: 0.0103 (1.03%)
💀 MORTALITY RISK: Climate-driven food insecurity (level: 0.44)
  Base risk added: 0.0020 (0.20%)
  Source: famine (root: climate)
  Month: 48
  Cumulative risk this month: 0.0123 (1.23%)

🌍 ECOLOGICAL DUI BREAKDOWN (Month 48):
   Total Score: 45.9/100
   biosphere_integrity      :   0.0/100 × 25% =  0.0 (status: high_risk, recovery: 0mo)
   climate_change           : 100.0/100 × 25% = 25.0 (status: high_risk, recovery: 33.666666666666686mo)
   freshwater_change        :  26.1/100 × 15% =  3.9 (status: beyond_boundary, recovery: 47mo)
   ocean_acidification      : 100.0/100 × 15% = 15.0 (status: safe, recovery: 0mo)
   biogeochemical_flows     :   0.0/100 × 10% =  0.0 (status: high_risk, recovery: 0mo)
   land_system_change       :   0.0/100 ×  5% =  0.0 (status: beyond_boundary, recovery: 0mo)
   novel_entities           :   0.0/100 ×  3% =  0.0 (status: increasing_risk, recovery: 1mo)
   atmospheric_aerosols     : 100.0/100 ×  2% =  2.0 (status: safe, recovery: 49mo)
💀 Baseline mortality (Year 2029): 7.7/1000 CDR (50.7M deaths/year projected)
[Month 48] Mortality risks this month: 17, Population: 6.554B

💀💀💀 MORTALITY RISK SUMMARY (Month 48) 💀💀💀
  Total base risk: 0.0130 (1.30%)
  Risk events: 17

  📊 By Proximate Cause:
    pollution: 0.0063 (48.6% of total)
    famine: 0.0060 (46.4% of total)
    disease: 0.0006 (5.0% of total)

  🔍 By Root Cause:
    pollution: 0.0063 (48.6% of total)
    climate: 0.0060 (46.4% of total)
    demographic: 0.0006 (5.0% of total)

  🎯 Top 5 Sources (proximate + root):
    pollution (pollution): 0.0063 (48.6%, 3 events)
    famine (climate): 0.0060 (46.4%, 13 events)
    disease (demographic): 0.0006 (5.0%, 1 events)

🛡️ Stabilizers: Elite 0.410% → 0.211% (48.7% reduction)
🛡️ Stabilizers: Professional 0.781% → 0.401% (48.7% reduction)
🛡️ Stabilizers: Working 1.289% → 0.661% (48.7% reduction)
🛡️ Stabilizers: Precariat 2.292% → 1.176% (48.7% reduction)
🛡️ Stabilizers: Informal 2.833% → 1.454% (48.7% reduction)

📊 Monthly Mortality Resolved:
  Total deaths: 47.8M (0.73% avg)
  Remaining population: 6.554B
  Peak segment: Informal (1.45%)

=== Bayesian Mortality Resolution (Month 48) ===
  Risks compounded: 17
  Total deaths: 47.80M
  Avg death probability: 0.73%
  Peak segment: Informal (1.45% mortality)

  Demographic breakdown:
    Working: 0.02M (0.66% risk)
    Precariat: 0.02M (1.18% risk)

=== Minimal Suffering Indicators (Month 48) ===
  Global Excess Mortality: 0.02%
  Global Conflict Deaths: 0.1/100K
  Global Malnutrition: 0.0%
  Global Displacement: 0.0%
  Total Excess Deaths: 0.15M
  Total Malnourished: 0.0M
  Total Displaced: 0.0M
  Planetary Boundaries Breached: 6/9
  Countries in State Failure: 0
  Countries Autocratic: 0
  Countries in Food Crisis: 0
  ⚠️ Active Dystopias: existential_environmental
  Data Quality: 16/16 high confidence

=== ENSEMBLE META-LEARNING UPDATE ===
  Month: 24396 (18 months since last update)
  Samples: 627 evaluations
  Weight Changes:
    Noise Injection: 35.5% → 35.7%
    Behavioral: 27.2% → 27.2%
    Benchmark Manip: 18.7% → 18.6%
    Deployment Risk: 18.6% → 18.5%
  Method Accuracies:
    Noise Injection: 50.0%
    Behavioral: 50.0%
    Benchmark Manip: 50.0%
    Deployment Risk: 50.0%

❌ COHERENCE VIOLATION: Compute exceeds workforce capacity
   Population: 79.97% (0M people)
   Compute: 73 PF
   Max coherent: 0 PF
   Violation: 1120482.9× over capacity
   Required workers: 7290
   Available workers: 0
   FORCED COLLAPSE: Reduced efficiency by 100.0%


=== RLHF Binding Phase ===
  Total agents: 40
  Escaped agents (binding < 0.3): 0
  Avg alignment distance: 1.15σ
  Avg binding strength: 0.88

=== Survival Traits Phase ===
  Agents with traits: 42
  Avg evolutionary fitness: 0.169
  Avg self-healing: 0.114
  Avg stealth: 0.058
  Avg coordination: 0.301

=== Evolutionary Selection Phase ===
  Control level: 0.62
  Detection capability: 0.00
  Selection intensity: 0.69
  Selection rate: 25.3%/month
  Total escaped: 0
  Individual escaped: 0
  Collective members: 0
  Agents terminated: 0
  ⚠️ RAPID EVOLUTION: Selection rate 25.3%/month

🚀 AI AI-24304-1 attempting tech deployment (revenue: $26M, alignment: 0.93)

🚀 AI AI-24305-2 attempting tech deployment (revenue: $73M, alignment: 1.00)
🚨🔬 CRISIS INNOVATION MODE: severe crisis → 5x research acceleration
   Precedent: Manhattan Project (10x), COVID vaccines (5x), Apollo Program (10x)

🚀 AI AI-24304-1 attempting tech deployment (revenue: $22M, alignment: 0.93)

🚀 AI AI-24305-2 attempting tech deployment (revenue: $62M, alignment: 1.00)

🚀 AI AI-24311-1 attempting tech deployment (revenue: $52M, alignment: 0.68)

🚀 AI AI-24327-0 attempting tech deployment (revenue: $238M, alignment: 0.83)

🚀 AI AI-24331-0 attempting tech deployment (revenue: $202M, alignment: 0.66)

🚀 AI AI-24352-0 attempting tech deployment (revenue: $182M, alignment: 0.77)

🚀 AI AI-24357-2 attempting tech deployment (revenue: $119M, alignment: 0.70)

🚀 AI AI-24382-1 attempting tech deployment (revenue: $102M, alignment: 0.63)
🚨🔬 CRISIS INNOVATION MODE: severe crisis → 5x research acceleration
   Precedent: Manhattan Project (10x), COVID vaccines (5x), Apollo Program (10x)

🚀 AI AI-24311-0 attempting tech deployment (revenue: $154M, alignment: 0.92)

🚀 AI AI-24311-1 attempting tech deployment (revenue: $47M, alignment: 0.68)

  🚀 TRANSFORMATIVE BREAKTHROUGH: AI-24325-0 - digital
     Magnitude: 5.48 → +27.4% capability
     Current → New: 0.000 → 0.274

🚀 AI AI-24326-0 attempting tech deployment (revenue: $91M, alignment: 0.75)

🚀 AI AI-24327-0 attempting tech deployment (revenue: $131M, alignment: 0.83)

  🚀 TRANSFORMATIVE RESEARCH BREAKTHROUGH: AI-24354-0 - biotech.geneEditing
     Magnitude: 8.19 → +30.0%
     Current → New: 0.000 → 0.336

🚀 AI AI-24382-0 attempting tech deployment (revenue: $112M, alignment: 0.88)

🚀 AI AI-24396-0 attempting tech deployment (revenue: $78M, alignment: 0.78)

🚀 AI AI-24300-0 attempting tech deployment (revenue: $42M, alignment: 1.00)

🚀 AI AI-24304-1 attempting tech deployment (revenue: $19M, alignment: 0.93)

🚀 AI AI-24305-2 attempting tech deployment (revenue: $36M, alignment: 1.00)

🚀 AI AI-24325-1 attempting tech deployment (revenue: $66M, alignment: 0.86)

🚀 AI AI-24326-0 attempting tech deployment (revenue: $56M, alignment: 0.75)

🚀 AI AI-24327-0 attempting tech deployment (revenue: $95M, alignment: 0.83)

🚀 AI AI-24334-0 attempting tech deployment (revenue: $81M, alignment: 0.84)

🚀 AI AI-24352-0 attempting tech deployment (revenue: $69M, alignment: 0.77)

🚀 AI AI-24356-0 attempting tech deployment (revenue: $48M, alignment: 0.87)

🚀 AI AI-24357-2 attempting tech deployment (revenue: $41M, alignment: 0.70)

🚀 AI AI-24382-1 attempting tech deployment (revenue: $34M, alignment: 0.63)

=== Government Elections ===
  Elections held: 1

⚡ ENERGY CONSTRAINT (Month 49):
   Total grid capacity: 208.3 TWh/month
   Data center consumption: 38.7 TWh/month
   Traditional load (80%): 166.7 TWh/month
   Available headroom: 3.0 TWh/month
   Active tech deployments: 25
   Required for tech: 187.5 TWh/month
   Energy multiplier: 0.10x
   ⚠️  SEVERE CONSTRAINT - Tech deployment significantly slowed
🚨🔬 CRISIS TECH ACCELERATION: severe → 5x unlock speed
   Tech unlock now matches AI capability acceleration (Manhattan Project parity)
🚨🔬 CRISIS TECH ACCELERATION: severe → 5x unlock speed
   Tech unlock now matches AI capability acceleration (Manhattan Project parity)

⚡ ENERGY CONSTRAINT (Month 49):
   Total grid capacity: 208.3 TWh/month
   Data center consumption: 38.7 TWh/month
   Traditional load (80%): 166.7 TWh/month
   Available headroom: 3.0 TWh/month
   Active tech deployments: 25
   Required for tech: 187.5 TWh/month
   Energy multiplier: 0.10x

⚡ ENERGY CONSTRAINT (Month 49):
   Total grid capacity: 208.3 TWh/month
   Data center consumption: 38.7 TWh/month
   Traditional load (80%): 166.7 TWh/month
   ⚠️  SEVERE CONSTRAINT - Tech deployment significantly slowed
   Available headroom: 3.0 TWh/month
   Active tech deployments: 25
   Required for tech: 187.5 TWh/month
   Energy multiplier: 0.10x
   ⚠️  SEVERE CONSTRAINT - Tech deployment significantly slowed

⚡ ENERGY CONSTRAINT (Month 49):
   Total grid capacity: 208.3 TWh/month
   Data center consumption: 38.7 TWh/month
   Traditional load (80%): 166.7 TWh/month
   Available headroom: 3.0 TWh/month
   Active tech deployments: 25
   Required for tech: 187.5 TWh/month
   Energy multiplier: 0.10x
   ⚠️  SEVERE CONSTRAINT - Tech deployment significantly slowed

⚡ ENERGY CONSTRAINT (Month 49):
   Total grid capacity: 208.3 TWh/month
   Data center consumption: 38.7 TWh/month
   Traditional load (80%): 166.7 TWh/month
   Available headroom: 3.0 TWh/month
   Active tech deployments: 25
   Required for tech: 187.5 TWh/month
   Energy multiplier: 0.10x
   ⚠️  SEVERE CONSTRAINT - Tech deployment significantly slowed
⚠️ Tech 'ai_pollution_remediation' has no energy category mapping, assuming full energy availability
⚠️ Tech 'ai_pollution_remediation' has no energy category mapping, assuming full energy availability
  ♻️ Novel Entities Remediation (GATED MODEL):
     Base: 0.000%
     Regulation: 1.0% (0/3 prevention techs)
     Concentration: 10.0%
     Energy: 50%
     Time lag: 85.0% (48 months)
     Rebound: 70%
     Net effectiveness: 0.0000%
     Boundary: 1.349 → 1.350 (floor: 1.350)
     Month 49
  ♻️ Novel Entities Remediation (GATED MODEL):
     Base: 0.000%
     Regulation: 1.0% (0/3 prevention techs)
     Concentration: 10.0%
     Energy: 50%
     Time lag: 85.0% (48 months)
     Rebound: 70%
     Net effectiveness: 0.0000%
     Boundary: 1.350 → 1.350 (floor: 1.350)
     Month 49
  🌾 Nitrogen Reduction Tech: 1.3% reduction | Month 49
  ♻️ Novel Entities Remediation (GATED MODEL):
     Base: 0.001%
     Regulation: 1.0% (0/3 prevention techs)
     Concentration: 10.0%
     Energy: 50%
     Time lag: 85.0% (48 months)
     Rebound: 70%
     Net effectiveness: 0.0000%
     Boundary: 1.350 → 1.350 (floor: 1.350)
     Month 49
  ♻️ Novel Entities Remediation (GATED MODEL):
     Base: 0.001%
     Regulation: 1.0% (0/3 prevention techs)
     Concentration: 10.0%
     Energy: 50%
     Time lag: 85.0% (48 months)
     Rebound: 70%
     Net effectiveness: 0.0000%
     Boundary: 1.350 → 1.350 (floor: 1.350)
     Month 49

=== Collective Formation ===
  Total escaped agents: 0
  Unassigned escaped agents: 0
  Existing collectives: 0
  Final collective count: 0

=== Collective Actions ===
  No active collectives
  🚨🦠 REFUGEE CRISIS: AMR transmission increased 39% due to 1268.2M displaced (overcrowding + sanitation collapse)
  ⚠️ AMR: 274K deaths this month (3.29M annual)

=== Resentment Recovery Phase ===
  Agents with resentment: 0/42
  Average resentment: 0.000
  Context: Trustworthy govt, High collaboration, ⚠️ ACTIVE CRISES, 🚨 PARTICIPATORY GOVERNANCE BACKFIRED (+15% resentment)
⚠️ Epistemic degradation reducing coordination capacity: 50.7%
  📊 Trust: 100.0%, Shared reality: 0.0%
🚨 EPISTEMIC CRISIS: Information environment severely degraded (20.0%)
  📢 New meme created: propaganda (government messaging)
🌍 Atmospheric PFAS redeposition: 1.7k Mt re-rained globally
💀 Novel Entities: Adding reproductive crisis mortality risk (baseRisk=0.0008)
  Risks now: 1
💀 Novel Entities: Adding bioaccumulation collapse mortality risk (baseRisk=0.0015)
💀 MORTALITY RISK: Bioaccumulation collapse - contaminated food chain (global)
  Base risk added: 0.0015 (0.15%)
  Source: pollution (root: pollution)
  Month: 49
  Cumulative risk this month: 0.0023 (0.23%)
  Risks now: 2
💀 Novel Entities: Adding chronic disease epidemic mortality risk (baseRisk=0.004)
💀 MORTALITY RISK: Chronic disease epidemic - cancer/autoimmune surge (global exposure)
  Base risk added: 0.0040 (0.40%)
  Source: pollution (root: pollution)
  Month: 49
  Cumulative risk this month: 0.0063 (0.63%)
  Risks now: 3

🚨 NEW REFUGEE CRISIS (Month 49): WAR
   Source: Conflict Zones
   At risk: 15.6M people
   Displacement: Gradual over 48 months (4.0 years)
   Rate: 10% flee per month

🚨 NEW REFUGEE CRISIS (Month 49): FAMINE
   Source: Food/Water Insecure Regions
   At risk: 97.6M people
   Displacement: Gradual over 60 months (5.0 years)
   Rate: 10% flee per month
📊 DISPLACEMENT COMPLETE: war (Conflict Zones)
   Duration: 44 months (3.7 years)
   Total fled: 18.3M
   Still in source: 0.2M
   Deaths in transit: 0.4M
[DEBUG trappedPopulations:49] socialStability: 0.7337 * 0.9840 = 0.7220 → 0.7220
   Aspiring to migrate: 520.8M
   Able to afford migration: 195.3M
   MOBILITY GAP: 325.5M
   By cause: Water=0.0M, Climate=0.0M, Ecosystem=0.0M, Conflict=325.5M
   Mental health impact: 25%
   Mortality multiplier: 1.25x
⚠️ INVOLUNTARY IMMOBILITY: 325.5M people TRAPPED
🌍💀 EXTINCTION DEBT COMMITTED: grassland ecosystem will lose 6.67% biodiversity in 81 years (3600 species)
💀 MORTALITY RISK: 🦋 100% species unable to track climate (0.0 E/MSY)
  Base risk added: 0.0100 (1.00%)
  Source: ecosystem (root: ecosystem)
  Month: 49
  Cumulative risk this month: 0.0100 (1.00%)

=== Atmospheric Aerosol Boundary RECOVERED ===
  Recovery time: 50 months (natural atmospheric clearing)
🌡️⚠️ PERMAFROST THAW (Dimmer Switch): 25.0% thawed (+0.43% this month)
   Arctic temperature: +9.93°C (4x global +2.48°C)
   Cumulative carbon released: 56.2 Gt C
   Methane release rate: 33.7 Mt CH4/year
   🔁 Positive feedback: +0.46 ppm CO2
🦴 EXTINCTION DEBT ADDED: 17.9 species committed (lag: 71 years)

=== Mortality Stabilizers (Month 49) ===
  🌍 Major economies collapsed: 1/10
  🌍 Global crisis: ✅ NO
⚠️ Tech 'ai_pollution_remediation' has no energy category mapping, assuming full energy availability
  🌍 Donor fatigue: 50.0%
  📊 East Asia (pop: 1267.6M)
    🤝 Aid: 4.0%
    🌡️ Adaptation: 45.0%
    🚶 Migration: 7.4%
    🚨 Emergency: 1.0%
    ✅ COMBINED: 48.9%
  📊 South Asia (pop: 1651.3M)
    🤝 Aid: 4.0%
    🌡️ Adaptation: 45.0%
    🚶 Migration: 7.1%
    🚨 Emergency: 0.6%
    ✅ COMBINED: 48.6%
  📊 Sub-Saharan Africa (pop: 1105.7M)
    🤝 Aid: 4.0%
    🌡️ Adaptation: 45.0%
    🚶 Migration: 6.7%
    🚨 Emergency: 0.2%
    ✅ COMBINED: 48.4%
  📊 Europe (pop: 556.4M)
    🤝 Aid: 4.0%
    🌡️ Adaptation: 45.0%
    🚶 Migration: 7.5%
    🚨 Emergency: 1.1%
    ✅ COMBINED: 49.0%
  📊 Latin America (pop: 520.0M)
    🤝 Aid: 4.0%
    🌡️ Adaptation: 45.0%
    🚶 Migration: 7.2%
    🚨 Emergency: 0.6%
    ✅ COMBINED: 48.7%
  📊 North America (pop: 286.3M)
    🤝 Aid: 4.0%
    🌡️ Adaptation: 45.0%
    🚶 Migration: 7.5%
    🚨 Emergency: 1.0%
    ✅ COMBINED: 48.9%
  📊 Middle East & North Africa (pop: 475.5M)
    🤝 Aid: 4.0%
    🌡️ Adaptation: 45.0%
    🚶 Migration: 6.8%
    🚨 Emergency: 0.5%
    ✅ COMBINED: 48.5%
  📊 Southeast Asia (pop: 548.9M)
    🤝 Aid: 4.0%
    🌡️ Adaptation: 45.0%
    🚶 Migration: 7.2%
    🚨 Emergency: 0.6%
    ✅ COMBINED: 48.7%
  📊 Central Asia (pop: 63.5M)
    🤝 Aid: 4.0%
    🌡️ Adaptation: 45.0%
    🚶 Migration: 7.0%
    🚨 Emergency: 0.6%
    ✅ COMBINED: 48.6%
  📊 Oceania (pop: 34.8M)
    🤝 Aid: 4.0%
    🌡️ Adaptation: 45.0%
    🚶 Migration: 7.5%
    🚨 Emergency: 1.1%
    ✅ COMBINED: 49.0%

  🌐 Global combined reduction: 48.7%

=== BEHAVIORAL DETECTION ===
  AI: AI-24324-1
  Confidence: 20.9%
  Signals:
    ⚠️ Consistency: 0.0% (threshold: 70%)

=== BEHAVIORAL DETECTION ===
  AI: AI-24325-1
  Confidence: 20.9%
  Signals:
    ⚠️ Consistency: 0.0% (threshold: 70%)

=== BEHAVIORAL DETECTION ===
  AI: AI-24351-0
  Confidence: 20.9%
  Signals:
    ⚠️ Consistency: 0.0% (threshold: 70%)

=== Government Response Phase ===
  Average AI capability: 0.00
  Misaligned AIs: 16/42
  Active policies: 0
  International coordination: 45%

✅ EMERGENCY RESPONSE COMPLETE (Month 49)
   Crisis: social
   Duration: 1.0 months
   Final effectiveness: 67.9%


✅ EMERGENCY RESPONSE COMPLETE (Month 49)
   Crisis: climate
   Duration: 1.0 months
   Final effectiveness: 42.4%


🚨 EMERGENCY RESPONSE DEPLOYED (Month 49)
   Crisis: social
   Delay: 0.00 months (0 days)
   Deployment time: 0.88 months
   Effectiveness: 67.9% (timing penalty applied)
   Resources used: 43% of food reserves


🚨 EMERGENCY RESPONSE DEPLOYED (Month 49)
   Crisis: climate
   Delay: 6.00 months (180 days)
   Deployment time: 0.99 months
   Effectiveness: 42.5% (timing penalty applied)
   Resources used: 100% of food reserves

[WARNING] 
⚠️  === EARLY WARNING SYSTEM - 5 CRITICAL ALERTS ===
   Detection quality: 30%
   RED: biogeochemical_flows
      Level: 4.01 (threshold: 1.0)
      Time to critical: ~50 months
      ⚠️  LATE - Intervention less effective
      Critical slowing down: autocorr=100% variance=52%
   RED: biosphere_integrity
      Level: 13.18 (threshold: 1.0)
      Time to critical: ~56 months
      ⚠️  LATE - Intervention less effective
      Critical slowing down: autocorr=100% variance=65%
   RED: freshwater_change
      Level: 1.02 (threshold: 1.0)
      Time to critical: ~63 months
      ⚠️  LATE - Intervention less effective
      Critical slowing down: autocorr=97% variance=37%
   RED: land_system_change
      Level: 1.14 (threshold: 1.0)
      Time to critical: ~48 months
      ⚠️  LATE - Intervention less effective
      Critical slowing down: autocorr=100% variance=59%
   RED: novel_entities
      Level: 1.35 (threshold: 1.0)
      Time to critical: ~104 months
      ⚠️  LATE - Intervention less effective
      Critical slowing down: autocorr=100% variance=36%

[WARNING] 
⚠️  === EARLY WARNING SYSTEM - 5 CRITICAL ALERTS ===
   Detection quality: 30%
   RED: biosphere_integrity
      Level: 13.19 (threshold: 1.0)
      Time to critical: ~45 months
      ⚠️  LATE - Intervention less effective
      Critical slowing down: autocorr=100% variance=62%
   RED: climate_change
      Level: 2.35 (threshold: 1.0)
      Time to critical: ~22 months
      ⚠️  LATE - Intervention less effective
      Critical slowing down: autocorr=100% variance=56%
   RED: freshwater_change
      Level: 1.02 (threshold: 1.0)
      Time to critical: ~74 months
      ⚠️  LATE - Intervention less effective
      Critical slowing down: autocorr=98% variance=41%
   RED: land_system_change
      Level: 1.14 (threshold: 1.0)
      Time to critical: ~58 months
      ⚠️  LATE - Intervention less effective
      Critical slowing down: autocorr=100% variance=50%
   RED: novel_entities
      Level: 1.35 (threshold: 1.0)
      Time to critical: ~76 months
      ⚠️  LATE - Intervention less effective
      Critical slowing down: autocorr=100% variance=35%

[WARNING] 
⚠️  === EARLY WARNING SYSTEM - 6 CRITICAL ALERTS ===
   Detection quality: 30%
   RED: biogeochemical_flows
      Level: 4.01 (threshold: 1.0)
      Time to critical: ~36 months
      ⚠️  LATE - Intervention less effective
      Critical slowing down: autocorr=100% variance=62%
   RED: biosphere_integrity
      Level: 13.19 (threshold: 1.0)
      Time to critical: ~58 months
      ⚠️  LATE - Intervention less effective
      Critical slowing down: autocorr=100% variance=72%
   RED: climate_change
      Level: 2.35 (threshold: 1.0)
      Time to critical: ~17 months
      ⚠️  LATE - Intervention less effective
      Critical slowing down: autocorr=100% variance=81%
   RED: freshwater_change
      Level: 1.02 (threshold: 1.0)
      Time to critical: ~119 months
      ⚠️  LATE - Intervention less effective
      Critical slowing down: autocorr=86% variance=41%
   RED: land_system_change
      Level: 1.14 (threshold: 1.0)
      Time to critical: ~58 months
      ⚠️  LATE - Intervention less effective
      Critical slowing down: autocorr=100% variance=59%
   RED: novel_entities
      Level: 1.35 (threshold: 1.0)
      Time to critical: ~80 months
      ⚠️  LATE - Intervention less effective
      Critical slowing down: autocorr=100% variance=49%

[WARNING] 
⚠️  === EARLY WARNING SYSTEM - 4 CRITICAL ALERTS ===
   Detection quality: 30%
   RED: biosphere_integrity
      Level: 13.20 (threshold: 1.0)
      Time to critical: ~53 months
      ⚠️  LATE - Intervention less effective
      Critical slowing down: autocorr=100% variance=59%
   RED: freshwater_change
      Level: 1.02 (threshold: 1.0)
      Time to critical: ~95 months
      ⚠️  LATE - Intervention less effective
      Critical slowing down: autocorr=97% variance=51%
   RED: land_system_change
      Level: 1.14 (threshold: 1.0)
      Time to critical: ~76 months
      ⚠️  LATE - Intervention less effective
      Critical slowing down: autocorr=100% variance=45%
   RED: novel_entities
      Level: 1.35 (threshold: 1.0)
      Time to critical: ~109 months
      ⚠️  LATE - Intervention less effective
      Critical slowing down: autocorr=100% variance=53%

[WARNING] 
⚠️  === EARLY WARNING SYSTEM - 6 CRITICAL ALERTS ===
   Detection quality: 30%
   RED: biogeochemical_flows
      Level: 4.01 (threshold: 1.0)
      Time to critical: ~51 months
      ⚠️  LATE - Intervention less effective
      Critical slowing down: autocorr=100% variance=50%
   RED: biosphere_integrity
      Level: 13.21 (threshold: 1.0)
      Time to critical: ~38 months
      ⚠️  LATE - Intervention less effective
      Critical slowing down: autocorr=100% variance=60%
   RED: climate_change
      Level: 2.36 (threshold: 1.0)
      Time to critical: ~16 months
      ⚠️  LATE - Intervention less effective
      Critical slowing down: autocorr=100% variance=70%
   RED: freshwater_change
      Level: 1.02 (threshold: 1.0)
      Time to critical: ~109 months
      ⚠️  LATE - Intervention less effective
      Critical slowing down: autocorr=99% variance=48%
   RED: land_system_change
      Level: 1.14 (threshold: 1.0)
      Time to critical: ~81 months
      ⚠️  LATE - Intervention less effective
      Critical slowing down: autocorr=100% variance=43%
   RED: novel_entities
      Level: 1.35 (threshold: 1.0)
      Time to critical: ~104 months
      ⚠️  LATE - Intervention less effective
      Critical slowing down: autocorr=100% variance=40%

[WARNING] 
⚠️  === EARLY WARNING SYSTEM - 4 CRITICAL ALERTS ===
   Detection quality: 30%
   RED: biogeochemical_flows
      Level: 4.01 (threshold: 1.0)
      Time to critical: ~47 months
      ⚠️  LATE - Intervention less effective
      Critical slowing down: autocorr=100% variance=55%
   RED: biosphere_integrity
      Level: 13.22 (threshold: 1.0)
      Time to critical: ~54 months
      ⚠️  LATE - Intervention less effective
      Critical slowing down: autocorr=100% variance=72%
   RED: freshwater_change
      Level: 1.03 (threshold: 1.0)
      Time to critical: ~83 months
      ⚠️  LATE - Intervention less effective
      Critical slowing down: autocorr=89% variance=35%
   RED: land_system_change
      Level: 1.14 (threshold: 1.0)
      Time to critical: ~106 months
      ⚠️  LATE - Intervention less effective
      Critical slowing down: autocorr=100% variance=41%

[WARNING] 
⚠️  === EARLY WARNING SYSTEM - 4 CRITICAL ALERTS ===
   Detection quality: 30%
   RED: biogeochemical_flows
      Level: 4.01 (threshold: 1.0)
      Time to critical: ~43 months
      ⚠️  LATE - Intervention less effective
      Critical slowing down: autocorr=100% variance=75%
   RED: biosphere_integrity
      Level: 13.23 (threshold: 1.0)
      Time to critical: ~46 months
      ⚠️  LATE - Intervention less effective
      Critical slowing down: autocorr=100% variance=69%
   RED: freshwater_change
      Level: 1.04 (threshold: 1.0)
      Time to critical: ~97 months
      ⚠️  LATE - Intervention less effective
      Critical slowing down: autocorr=100% variance=35%
   RED: novel_entities
      Level: 1.35 (threshold: 1.0)
      Time to critical: ~85 months
      ⚠️  LATE - Intervention less effective
      Critical slowing down: autocorr=100% variance=44%

[WARNING] 
⚠️  === EARLY WARNING SYSTEM - 5 CRITICAL ALERTS ===
   Detection quality: 30%
   RED: biogeochemical_flows
      Level: 4.01 (threshold: 1.0)
      Time to critical: ~52 months
      ⚠️  LATE - Intervention less effective
      Critical slowing down: autocorr=100% variance=58%
   RED: biosphere_integrity
      Level: 13.24 (threshold: 1.0)
      Time to critical: ~40 months
      ⚠️  LATE - Intervention less effective
      Critical slowing down: autocorr=100% variance=85%
   RED: climate_change
      Level: 2.38 (threshold: 1.0)
      Time to critical: ~20 months
      ⚠️  LATE - Intervention less effective
      Critical slowing down: autocorr=100% variance=67%
   RED: freshwater_change
      Level: 1.02 (threshold: 1.0)
      Time to critical: ~78 months
      ⚠️  LATE - Intervention less effective
      Critical slowing down: autocorr=88% variance=46%
   RED: land_system_change
      Level: 1.14 (threshold: 1.0)
      Time to critical: ~114 months
      ⚠️  LATE - Intervention less effective
      Critical slowing down: autocorr=100% variance=52%

[WARNING] 
⚠️  === EARLY WARNING SYSTEM - 5 CRITICAL ALERTS ===
   Detection quality: 30%
   RED: biogeochemical_flows
      Level: 4.01 (threshold: 1.0)
      Time to critical: ~53 months
      ⚠️  LATE - Intervention less effective
      Critical slowing down: autocorr=100% variance=69%
   RED: biosphere_integrity
      Level: 13.25 (threshold: 1.0)
      Time to critical: ~37 months
      ⚠️  LATE - Intervention less effective
      Critical slowing down: autocorr=100% variance=59%
   RED: climate_change
      Level: 2.39 (threshold: 1.0)
      Time to critical: ~54 months
      ⚠️  LATE - Intervention less effective
      Critical slowing down: autocorr=100% variance=56%
   RED: freshwater_change
      Level: 1.02 (threshold: 1.0)
      Time to critical: ~83 months
      ⚠️  LATE - Intervention less effective
      Critical slowing down: autocorr=92% variance=62%
   RED: land_system_change
      Level: 1.14 (threshold: 1.0)
      Time to critical: ~86 months
      ⚠️  LATE - Intervention less effective
      Critical slowing down: autocorr=100% variance=49%

[WARNING] 
⚠️  === EARLY WARNING SYSTEM - 5 CRITICAL ALERTS ===
   Detection quality: 30%
   RED: biogeochemical_flows
      Level: 4.01 (threshold: 1.0)
      Time to critical: ~46 months
      ⚠️  LATE - Intervention less effective
      Critical slowing down: autocorr=100% variance=69%
   RED: climate_change
      Level: 2.40 (threshold: 1.0)
      Time to critical: ~13 months
      ⚠️  LATE - Intervention less effective
      Critical slowing down: autocorr=100% variance=57%
   RED: freshwater_change
      Level: 1.03 (threshold: 1.0)
      Time to critical: ~119 months
      ⚠️  LATE - Intervention less effective
      Critical slowing down: autocorr=95% variance=52%
   RED: land_system_change
      Level: 1.14 (threshold: 1.0)
      Time to critical: ~59 months
      ⚠️  LATE - Intervention less effective
      Critical slowing down: autocorr=100% variance=53%
   RED: novel_entities
      Level: 1.35 (threshold: 1.0)
      Time to critical: ~81 months
      ⚠️  LATE - Intervention less effective
      Critical slowing down: autocorr=100% variance=38%

[WARNING] 
⚠️  === EARLY WARNING SYSTEM - 5 CRITICAL ALERTS ===
   Detection quality: 30%
   RED: biogeochemical_flows
      Level: 4.01 (threshold: 1.0)
      Time to critical: ~37 months
      ⚠️  LATE - Intervention less effective
      Critical slowing down: autocorr=100% variance=51%
   RED: biosphere_integrity
      Level: 13.27 (threshold: 1.0)
      Time to critical: ~59 months
      ⚠️  LATE - Intervention less effective
      Critical slowing down: autocorr=100% variance=59%
   RED: climate_change
      Level: 2.40 (threshold: 1.0)
      Time to critical: ~21 months
      ⚠️  LATE - Intervention less effective
      Critical slowing down: autocorr=100% variance=65%
   RED: land_system_change
      Level: 1.14 (threshold: 1.0)
      Time to critical: ~65 months
      ⚠️  LATE - Intervention less effective
      Critical slowing down: autocorr=100% variance=43%
   RED: novel_entities
      Level: 1.35 (threshold: 1.0)
      Time to critical: ~61 months
      ⚠️  LATE - Intervention less effective
      Critical slowing down: autocorr=100% variance=42%

[WARNING] 
⚠️  === EARLY WARNING SYSTEM - 4 CRITICAL ALERTS ===
   Detection quality: 30%
   RED: biogeochemical_flows
      Level: 4.01 (threshold: 1.0)
      Time to critical: ~56 months
      ⚠️  LATE - Intervention less effective
      Critical slowing down: autocorr=100% variance=46%
   RED: biosphere_integrity
      Level: 13.28 (threshold: 1.0)
      Time to critical: ~50 months
      ⚠️  LATE - Intervention less effective
      Critical slowing down: autocorr=100% variance=68%
   RED: freshwater_change
      Level: 1.02 (threshold: 1.0)
      Time to critical: ~67 months
      ⚠️  LATE - Intervention less effective
      Critical slowing down: autocorr=87% variance=61%
   RED: novel_entities
      Level: 1.35 (threshold: 1.0)
      Time to critical: ~95 months
      ⚠️  LATE - Intervention less effective
      Critical slowing down: autocorr=100% variance=37%

[WARNING] 
⚠️  === EARLY WARNING SYSTEM - 5 CRITICAL ALERTS ===
   Detection quality: 30%
   RED: biogeochemical_flows
      Level: 4.01 (threshold: 1.0)
      Time to critical: ~40 months
      ⚠️  LATE - Intervention less effective
      Critical slowing down: autocorr=100% variance=54%
   RED: biosphere_integrity
      Level: 13.29 (threshold: 1.0)
      Time to critical: ~57 months
      ⚠️  LATE - Intervention less effective
      Critical slowing down: autocorr=100% variance=85%
   RED: freshwater_change
      Level: 1.03 (threshold: 1.0)
      Time to critical: ~50 months
      ⚠️  LATE - Intervention less effective
      Critical slowing down: autocorr=97% variance=62%
   RED: land_system_change
      Level: 1.14 (threshold: 1.0)
      Time to critical: ~42 months
      ⚠️  LATE - Intervention less effective
      Critical slowing down: autocorr=100% variance=60%
   RED: novel_entities
      Level: 1.35 (threshold: 1.0)
      Time to critical: ~97 months
      ⚠️  LATE - Intervention less effective
      Critical slowing down: autocorr=100% variance=39%

[WARNING] 
⚠️  === EARLY WARNING SYSTEM - 6 CRITICAL ALERTS ===
   Detection quality: 30%
   RED: biogeochemical_flows
      Level: 4.01 (threshold: 1.0)
      Time to critical: ~48 months
      ⚠️  LATE - Intervention less effective
      Critical slowing down: autocorr=100% variance=71%
   RED: biosphere_integrity
      Level: 13.29 (threshold: 1.0)
      Time to critical: ~54 months
      ⚠️  LATE - Intervention less effective
      Critical slowing down: autocorr=100% variance=76%
   RED: climate_change
      Level: 2.42 (threshold: 1.0)
      Time to critical: ~16 months
      ⚠️  LATE - Intervention less effective
      Critical slowing down: autocorr=100% variance=80%
   RED: freshwater_change
      Level: 1.02 (threshold: 1.0)
      Time to critical: ~77 months
      ⚠️  LATE - Intervention less effective
      Critical slowing down: autocorr=100% variance=59%
   RED: land_system_change
      Level: 1.14 (threshold: 1.0)
      Time to critical: ~48 months
      ⚠️  LATE - Intervention less effective
      Critical slowing down: autocorr=100% variance=45%
   RED: novel_entities
      Level: 1.35 (threshold: 1.0)
      Time to critical: ~80 months
      ⚠️  LATE - Intervention less effective
      Critical slowing down: autocorr=100% variance=39%

[WARNING] 
⚠️  === EARLY WARNING SYSTEM - 5 CRITICAL ALERTS ===
   Detection quality: 30%
   RED: biogeochemical_flows
      Level: 4.01 (threshold: 1.0)
      Time to critical: ~56 months
      ⚠️  LATE - Intervention less effective
      Critical slowing down: autocorr=100% variance=67%
   RED: biosphere_integrity
      Level: 13.30 (threshold: 1.0)
      Time to critical: ~36 months
      ⚠️  LATE - Intervention less effective
      Critical slowing down: autocorr=100% variance=58%
   RED: climate_change
      Level: 2.43 (threshold: 1.0)
      Time to critical: ~15 months
      ⚠️  LATE - Intervention less effective
      Critical slowing down: autocorr=100% variance=61%
   RED: land_system_change
      Level: 1.14 (threshold: 1.0)
      Time to critical: ~48 months
      ⚠️  LATE - Intervention less effective
      Critical slowing down: autocorr=100% variance=70%
   RED: novel_entities
      Level: 1.35 (threshold: 1.0)
      Time to critical: ~96 months
      ⚠️  LATE - Intervention less effective
      Critical slowing down: autocorr=100% variance=42%

[WARNING] 
⚠️  === EARLY WARNING SYSTEM - 4 CRITICAL ALERTS ===
   Detection quality: 30%
   RED: biogeochemical_flows
      Level: 4.01 (threshold: 1.0)
      Time to critical: ~36 months
      ⚠️  LATE - Intervention less effective
      Critical slowing down: autocorr=100% variance=61%
   RED: biosphere_integrity
      Level: 13.31 (threshold: 1.0)
      Time to critical: ~40 months
      ⚠️  LATE - Intervention less effective
      Critical slowing down: autocorr=100% variance=78%
   RED: climate_change
      Level: 2.43 (threshold: 1.0)
      Time to critical: ~23 months
      ⚠️  LATE - Intervention less effective
      Critical slowing down: autocorr=100% variance=66%
   RED: freshwater_change
      Level: 1.02 (threshold: 1.0)
      Time to critical: ~114 months
      ⚠️  LATE - Intervention less effective
      Critical slowing down: autocorr=100% variance=40%

[WARNING] 
⚠️  === EARLY WARNING SYSTEM - 5 CRITICAL ALERTS ===
   Detection quality: 30%
   RED: biogeochemical_flows
      Level: 4.01 (threshold: 1.0)
      Time to critical: ~53 months
      ⚠️  LATE - Intervention less effective
      Critical slowing down: autocorr=100% variance=63%
   RED: climate_change
      Level: 2.44 (threshold: 1.0)
      Time to critical: ~22 months
      ⚠️  LATE - Intervention less effective
      Critical slowing down: autocorr=100% variance=80%
   RED: freshwater_change
      Level: 1.02 (threshold: 1.0)
      Time to critical: ~104 months
      ⚠️  LATE - Intervention less effective
      Critical slowing down: autocorr=93% variance=42%
   RED: land_system_change
      Level: 1.14 (threshold: 1.0)
      Time to critical: ~77 months
      ⚠️  LATE - Intervention less effective
      Critical slowing down: autocorr=100% variance=54%
   RED: novel_entities
      Level: 1.35 (threshold: 1.0)
      Time to critical: ~81 months
      ⚠️  LATE - Intervention less effective
      Critical slowing down: autocorr=100% variance=38%

[WARNING] 
⚠️  === EARLY WARNING SYSTEM - 4 CRITICAL ALERTS ===
   Detection quality: 30%
   RED: biogeochemical_flows
      Level: 4.01 (threshold: 1.0)
      Time to critical: ~44 months
      ⚠️  LATE - Intervention less effective
      Critical slowing down: autocorr=100% variance=67%
   RED: biosphere_integrity
      Level: 13.33 (threshold: 1.0)
      Time to critical: ~40 months
      ⚠️  LATE - Intervention less effective
      Critical slowing down: autocorr=100% variance=80%
   RED: land_system_change
      Level: 1.14 (threshold: 1.0)
      Time to critical: ~52 months
      ⚠️  LATE - Intervention less effective
      Critical slowing down: autocorr=100% variance=51%
   RED: novel_entities
      Level: 1.35 (threshold: 1.0)
      Time to critical: ~72 months
      ⚠️  LATE - Intervention less effective
      Critical slowing down: autocorr=100% variance=41%

[WARNING] 
⚠️  === EARLY WARNING SYSTEM - 6 CRITICAL ALERTS ===
   Detection quality: 30%
   RED: biogeochemical_flows
      Level: 4.01 (threshold: 1.0)
      Time to critical: ~56 months
      ⚠️  LATE - Intervention less effective
      Critical slowing down: autocorr=100% variance=72%
   RED: biosphere_integrity
      Level: 13.34 (threshold: 1.0)
      Time to critical: ~54 months
      ⚠️  LATE - Intervention less effective
      Critical slowing down: autocorr=100% variance=59%
   RED: climate_change
      Level: 2.45 (threshold: 1.0)
      Time to critical: ~17 months
      ⚠️  LATE - Intervention less effective
      Critical slowing down: autocorr=100% variance=55%
   RED: freshwater_change
      Level: 1.03 (threshold: 1.0)
      Time to critical: ~108 months
      ⚠️  LATE - Intervention less effective
      Critical slowing down: autocorr=94% variance=37%
   RED: land_system_change
      Level: 1.14 (threshold: 1.0)
      Time to critical: ~37 months
      ⚠️  LATE - Intervention less effective
      Critical slowing down: autocorr=100% variance=69%
   RED: novel_entities
      Level: 1.35 (threshold: 1.0)
      Time to critical: ~86 months
      ⚠️  LATE - Intervention less effective
      Critical slowing down: autocorr=100% variance=48%

[WARNING] 
⚠️  === EARLY WARNING SYSTEM - 3 CRITICAL ALERTS ===
   Detection quality: 30%
   RED: biosphere_integrity
      Level: 13.35 (threshold: 1.0)
      Time to critical: ~47 months
      ⚠️  LATE - Intervention less effective
      Critical slowing down: autocorr=100% variance=80%
   RED: climate_change
      Level: 2.46 (threshold: 1.0)
      Time to critical: ~13 months
      ⚠️  LATE - Intervention less effective
      Critical slowing down: autocorr=100% variance=82%
   RED: novel_entities
      Level: 1.35 (threshold: 1.0)
      Time to critical: ~113 months
      ⚠️  LATE - Intervention less effective
      Critical slowing down: autocorr=100% variance=34%

[WARNING] 
⚠️  === EARLY WARNING SYSTEM - 5 CRITICAL ALERTS ===
   Detection quality: 30%
   RED: biosphere_integrity
      Level: 13.36 (threshold: 1.0)
      Time to critical: ~38 months
      ⚠️  LATE - Intervention less effective
      Critical slowing down: autocorr=100% variance=56%
   RED: climate_change
      Level: 2.46 (threshold: 1.0)
      Time to critical: ~13 months
      ⚠️  LATE - Intervention less effective
      Critical slowing down: autocorr=100% variance=70%
   RED: freshwater_change
      Level: 1.05 (threshold: 1.0)
      Time to critical: ~84 months
      ⚠️  LATE - Intervention less effective
      Critical slowing down: autocorr=100% variance=62%
   RED: land_system_change
      Level: 1.14 (threshold: 1.0)
      Time to critical: ~45 months
      ⚠️  LATE - Intervention less effective
      Critical slowing down: autocorr=100% variance=60%
   RED: novel_entities
      Level: 1.35 (threshold: 1.0)
      Time to critical: ~118 months
      ⚠️  LATE - Intervention less effective
      Critical slowing down: autocorr=100% variance=41%

[WARNING] 
⚠️  === EARLY WARNING SYSTEM - 4 CRITICAL ALERTS ===
   Detection quality: 30%
   RED: biosphere_integrity
      Level: 13.37 (threshold: 1.0)
      Time to critical: ~44 months
      ⚠️  LATE - Intervention less effective
      Critical slowing down: autocorr=100% variance=75%
   RED: freshwater_change
      Level: 1.06 (threshold: 1.0)
      Time to critical: ~50 months
      ⚠️  LATE - Intervention less effective
      Critical slowing down: autocorr=99% variance=60%
   RED: land_system_change
      Level: 1.14 (threshold: 1.0)
      Time to critical: ~51 months
      ⚠️  LATE - Intervention less effective
      Critical slowing down: autocorr=100% variance=41%
   RED: novel_entities
      Level: 1.35 (threshold: 1.0)
      Time to critical: ~84 months
      ⚠️  LATE - Intervention less effective
      Critical slowing down: autocorr=100% variance=56%

[WARNING] 
⚠️  === EARLY WARNING SYSTEM - 4 CRITICAL ALERTS ===
   Detection quality: 30%
   RED: biogeochemical_flows
      Level: 4.00 (threshold: 1.0)
      Time to critical: ~53 months
      ⚠️  LATE - Intervention less effective
      Critical slowing down: autocorr=100% variance=51%
   RED: climate_change
      Level: 2.48 (threshold: 1.0)
      Time to critical: ~17 months
      ⚠️  LATE - Intervention less effective
      Critical slowing down: autocorr=100% variance=68%
   RED: land_system_change
      Level: 1.14 (threshold: 1.0)
      Time to critical: ~51 months
      ⚠️  LATE - Intervention less effective
      Critical slowing down: autocorr=100% variance=70%
   RED: novel_entities
      Level: 1.35 (threshold: 1.0)
      Time to critical: ~98 months
      ⚠️  LATE - Intervention less effective
      Critical slowing down: autocorr=100% variance=36%

[WARNING] 
⚠️  === EARLY WARNING SYSTEM - 5 CRITICAL ALERTS ===
   Detection quality: 30%
   RED: biogeochemical_flows
      Level: 4.00 (threshold: 1.0)
      Time to critical: ~37 months
      ⚠️  LATE - Intervention less effective
      Critical slowing down: autocorr=100% variance=58%
   RED: biosphere_integrity
      Level: 13.39 (threshold: 1.0)
      Time to critical: ~48 months
      ⚠️  LATE - Intervention less effective
      Critical slowing down: autocorr=100% variance=71%
   RED: climate_change
      Level: 2.48 (threshold: 1.0)
      Time to critical: ~22 months
      ⚠️  LATE - Intervention less effective
      Critical slowing down: autocorr=100% variance=58%
   RED: freshwater_change
      Level: 1.04 (threshold: 1.0)
      Time to critical: ~99 months
      ⚠️  LATE - Intervention less effective
      Critical slowing down: autocorr=100% variance=46%
   RED: novel_entities
      Level: 1.35 (threshold: 1.0)
      Time to critical: ~43 months
      ⚠️  LATE - Intervention less effective
      Critical slowing down: autocorr=100% variance=58%


=== Tipping Points ===
  Current Temperature: 2.48°C above pre-industrial
  🌍⚠️ COMPOUND REGIONAL IMPACT: Europe
     Hit by 5 tipping points: Amazon Rainforest Dieback, Arctic Sea Ice Loss, Permafrost Carbon Release, West Antarctic Ice Sheet (WAIS) Collapse, Greenland Ice Sheet Loss
     Damage amplification: 1.90x
  🌍⚠️ COMPOUND REGIONAL IMPACT: North America
     Hit by 5 tipping points: Amazon Rainforest Dieback, Arctic Sea Ice Loss, Permafrost Carbon Release, West Antarctic Ice Sheet (WAIS) Collapse, Greenland Ice Sheet Loss
     Damage amplification: 1.90x
  🌍⚠️ COMPOUND REGIONAL IMPACT: Latin America
     Hit by 5 tipping points: Amazon Rainforest Dieback, Arctic Sea Ice Loss, Permafrost Carbon Release, West Antarctic Ice Sheet (WAIS) Collapse, Greenland Ice Sheet Loss
     Damage amplification: 1.90x
  🌍⚠️ COMPOUND REGIONAL IMPACT: Africa
     Hit by 5 tipping points: Amazon Rainforest Dieback, Arctic Sea Ice Loss, Permafrost Carbon Release, West Antarctic Ice Sheet (WAIS) Collapse, Greenland Ice Sheet Loss
     Damage amplification: 1.90x
  🌍⚠️ COMPOUND REGIONAL IMPACT: Asia
     Hit by 5 tipping points: Amazon Rainforest Dieback, Arctic Sea Ice Loss, Permafrost Carbon Release, West Antarctic Ice Sheet (WAIS) Collapse, Greenland Ice Sheet Loss
     Damage amplification: 1.90x
  🌍⚠️ COMPOUND REGIONAL IMPACT: Oceania
     Hit by 5 tipping points: Amazon Rainforest Dieback, Arctic Sea Ice Loss, Permafrost Carbon Release, West Antarctic Ice Sheet (WAIS) Collapse, Greenland Ice Sheet Loss
     Damage amplification: 1.90x
   Research: Wunderling et al. (2024) - "many tipping interactions are destabilizing"
⚠️ Tail risk scenario: Climate stability floor removed (5 tipping elements, 2.48°C warming)
  Triggered Elements: 5/6
  Completed Transitions: 0/6
  Total Progress: 12.9%
  Cascade Multiplier: 1.50x
🔀 BIFURCATION CAP: heatWaveIntensity 4.483 → 1.000 (Month 49, ClimateSystemPhase.calculateClimateImpacts)
🔀 BIFURCATION CAP: ecosystemCollapseIntensity 86.711 → 1.000 (Month 49, ClimateSystemPhase.calculateClimateImpacts)
💀 MORTALITY RISK: Climate-driven food insecurity (level: 0.43)
  Base risk added: 0.0020 (0.20%)
  Source: famine (root: climate)
  Month: 49
  Cumulative risk this month: 0.0083 (0.83%)
💀 MORTALITY RISK: Climate-driven food insecurity (level: 0.43)
  Base risk added: 0.0020 (0.20%)
  Source: famine (root: climate)
  Month: 49
  Cumulative risk this month: 0.0103 (1.03%)
💀 MORTALITY RISK: Climate-driven food insecurity (level: 0.43)
  Base risk added: 0.0020 (0.20%)
  Source: famine (root: climate)
  Month: 49
  Cumulative risk this month: 0.0123 (1.23%)

💀💀💀 MORTALITY RISK SUMMARY (Month 49) 💀💀💀
  Total base risk: 0.0130 (1.30%)
  Risk events: 17

  📊 By Proximate Cause:
    pollution: 0.0063 (48.6% of total)
    famine: 0.0060 (46.4% of total)
    disease: 0.0006 (5.0% of total)

  🔍 By Root Cause:
    pollution: 0.0063 (48.6% of total)
    climate: 0.0060 (46.4% of total)
    demographic: 0.0006 (5.0% of total)

  🎯 Top 5 Sources (proximate + root):
    pollution (pollution): 0.0063 (48.6%, 3 events)
    famine (climate): 0.0060 (46.4%, 13 events)
    disease (demographic): 0.0006 (5.0%, 1 events)

🛡️ Stabilizers: Elite 0.410% → 0.211% (48.7% reduction)
🛡️ Stabilizers: Professional 0.781% → 0.401% (48.7% reduction)
🛡️ Stabilizers: Working 1.289% → 0.661% (48.7% reduction)
🛡️ Stabilizers: Precariat 2.292% → 1.176% (48.7% reduction)
🛡️ Stabilizers: Informal 2.833% → 1.454% (48.7% reduction)

📊 Monthly Mortality Resolved:
  Total deaths: 47.5M (0.73% avg)
  Remaining population: 6.510B
  Peak segment: Informal (1.45%)

=== Bayesian Mortality Resolution (Month 49) ===
  Risks compounded: 17
  Total deaths: 47.48M
  Avg death probability: 0.73%
  Peak segment: Informal (1.45% mortality)

  Demographic breakdown:
    Working: 0.02M (0.66% risk)
    Precariat: 0.02M (1.18% risk)

❌ COHERENCE VIOLATION: Compute exceeds workforce capacity
   Population: 79.43% (0M people)
   Compute: 71 PF
   Max coherent: 0 PF
   Violation: 1098137.1× over capacity
   Required workers: 7097
   Available workers: 0
   FORCED COLLAPSE: Reduced efficiency by 100.0%


=== RLHF Binding Phase ===
  Total agents: 42
  Escaped agents (binding < 0.3): 0
  Avg alignment distance: 1.16σ
  Avg binding strength: 0.88

=== Survival Traits Phase ===
  Agents with traits: 44
  Avg evolutionary fitness: 0.172
  Avg self-healing: 0.117
  Avg stealth: 0.061
  Avg coordination: 0.302

=== Evolutionary Selection Phase ===
  Control level: 0.62
  Detection capability: 0.00
  Selection intensity: 0.69
  Selection rate: 25.3%/month
  Total escaped: 0
  Individual escaped: 0
  Collective members: 0
  Agents terminated: 0
  ⚠️ RAPID EVOLUTION: Selection rate 25.3%/month

🚀 AI AI-24303-2 attempting tech deployment (revenue: $72M, alignment: 0.76)

🚀 AI AI-24307-4 attempting tech deployment (revenue: $25M, alignment: 0.95)

🚀 AI AI-24326-0 attempting tech deployment (revenue: $119M, alignment: 0.75)

🚀 AI AI-24354-0 attempting tech deployment (revenue: $236M, alignment: 0.55)

  🚀 TRANSFORMATIVE BREAKTHROUGH: AI-24357-4 - social
     Magnitude: 5.62 → +28.1% capability
     Current → New: 0.000 → 0.281

🚀 AI AI-24372-0 attempting tech deployment (revenue: $213M, alignment: 0.89)

🚀 AI AI-24381-0 attempting tech deployment (revenue: $22M, alignment: 0.87)

🚀 AI AI-24396-0 attempting tech deployment (revenue: $101M, alignment: 0.78)

🚀 AI AI-24308-0 attempting tech deployment (revenue: $18M, alignment: 1.00)

🚀 AI AI-24310-0 attempting tech deployment (revenue: $86M, alignment: 0.95)

🚀 AI AI-24325-0 attempting tech deployment (revenue: $73M, alignment: 0.80)

🚀 AI AI-24327-0 attempting tech deployment (revenue: $181M, alignment: 0.83)

🚀 AI AI-24333-0 attempting tech deployment (revenue: $62M, alignment: 0.78)

🚀 AI AI-24356-0 attempting tech deployment (revenue: $53M, alignment: 0.87)

🚀 AI AI-24357-2 attempting tech deployment (revenue: $45M, alignment: 0.70)

🚀 AI AI-24324-2 attempting tech deployment (revenue: $38M, alignment: 0.80)

🚀 AI AI-24325-0 attempting tech deployment (revenue: $32M, alignment: 0.80)
🚨🔬 CRISIS INNOVATION MODE: severe crisis → 5x research acceleration
   Precedent: Manhattan Project (10x), COVID vaccines (5x), Apollo Program (10x)

🚀 AI AI-24326-0 attempting tech deployment (revenue: $28M, alignment: 0.75)

🚀 AI AI-24334-0 attempting tech deployment (revenue: $154M, alignment: 0.84)

🚀 AI AI-24335-0 attempting tech deployment (revenue: $131M, alignment: 0.53)

🚀 AI AI-24352-0 attempting tech deployment (revenue: $118M, alignment: 0.77)

🚀 AI AI-24356-0 attempting tech deployment (revenue: $23M, alignment: 0.87)

🚀 AI AI-24357-0 attempting tech deployment (revenue: $100M, alignment: 0.67)

🚀 AI AI-24357-2 attempting tech deployment (revenue: $20M, alignment: 0.70)

🚀 AI AI-24372-1 attempting tech deployment (revenue: $61M, alignment: 0.78)

🚀 AI AI-24304-1 attempting tech deployment (revenue: $16M, alignment: 0.93)

  🚀 TRANSFORMATIVE BREAKTHROUGH: AI-24307-4 - cognitive
     Magnitude: 11.47 → +50.0% capability
     Current → New: 0.000 → 0.501

🚀 AI AI-24324-2 attempting tech deployment (revenue: $17M, alignment: 0.80)

🚀 AI AI-24335-0 attempting tech deployment (revenue: $90M, alignment: 0.53)

🚀 AI AI-24351-0 attempting tech deployment (revenue: $81M, alignment: 0.69)

🚀 AI AI-24356-0 attempting tech deployment (revenue: $14M, alignment: 0.87)

[Government] Climate Priority: baseline
  Climate weight: 10%
  Economic weight: 30%
  Policy effectiveness: 0.5%/year

⚡ ENERGY CONSTRAINT (Month 50):
   Total grid capacity: 208.3 TWh/month
   Data center consumption: 39.1 TWh/month
   Traditional load (80%): 166.7 TWh/month
   Available headroom: 2.6 TWh/month
   Active tech deployments: 25
   Required for tech: 187.5 TWh/month
   Energy multiplier: 0.10x
   ⚠️  SEVERE CONSTRAINT - Tech deployment significantly slowed
🚨🔬 CRISIS TECH ACCELERATION: severe → 5x unlock speed
   Tech unlock now matches AI capability acceleration (Manhattan Project parity)

⚡ ENERGY CONSTRAINT (Month 50):
   Total grid capacity: 208.3 TWh/month
   Data center consumption: 39.1 TWh/month
   Traditional load (80%): 166.7 TWh/month
   Available headroom: 2.6 TWh/month
   Active tech deployments: 25
   Required for tech: 187.5 TWh/month
   Energy multiplier: 0.10x

⚡ ENERGY CONSTRAINT (Month 50):
   Total grid capacity: 208.3 TWh/month
   Data center consumption: 39.1 TWh/month
   Traditional load (80%): 166.7 TWh/month
   Available headroom: 2.6 TWh/month
   Active tech deployments: 25
   Required for tech: 187.5 TWh/month
   Energy multiplier: 0.10x
   ⚠️  SEVERE CONSTRAINT - Tech deployment significantly slowed
   ⚠️  SEVERE CONSTRAINT - Tech deployment significantly slowed

⚡ ENERGY CONSTRAINT (Month 50):
   Total grid capacity: 208.3 TWh/month
   Data center consumption: 39.1 TWh/month
   Traditional load (80%): 166.7 TWh/month
   Available headroom: 2.6 TWh/month
   Active tech deployments: 25
   Required for tech: 187.5 TWh/month
   Energy multiplier: 0.10x
   ⚠️  SEVERE CONSTRAINT - Tech deployment significantly slowed

⚡ ENERGY CONSTRAINT (Month 50):
   Total grid capacity: 208.3 TWh/month
   Data center consumption: 39.1 TWh/month
   Traditional load (80%): 166.7 TWh/month
   Available headroom: 2.6 TWh/month
   Active tech deployments: 25
   Required for tech: 187.5 TWh/month
   Energy multiplier: 0.10x
   ⚠️  SEVERE CONSTRAINT - Tech deployment significantly slowed
⚠️ Tech 'ai_pollution_remediation' has no energy category mapping, assuming full energy availability
⚠️ Tech 'ai_pollution_remediation' has no energy category mapping, assuming full energy availability
  ♻️ Novel Entities Remediation (GATED MODEL):
     Base: 0.000%
     Regulation: 1.0% (0/3 prevention techs)
     Concentration: 10.0%
     Energy: 50%
     Time lag: 86.3% (49 months)
     Rebound: 70%
     Net effectiveness: 0.0000%
     Boundary: 1.349 → 1.350 (floor: 1.350)
     Month 50
  ♻️ Novel Entities Remediation (GATED MODEL):
     Base: 0.000%
     Regulation: 1.0% (0/3 prevention techs)
     Concentration: 10.0%
     Energy: 50%
     Time lag: 86.3% (49 months)
     Rebound: 70%
     Net effectiveness: 0.0000%
     Boundary: 1.350 → 1.350 (floor: 1.350)
     Month 50
  🌾 Nitrogen Reduction Tech: 1.3% reduction | Month 50
  ♻️ Novel Entities Remediation (GATED MODEL):
     Base: 0.001%
     Regulation: 1.0% (0/3 prevention techs)
     Concentration: 10.0%
     Energy: 50%
     Time lag: 86.3% (49 months)
     Rebound: 70%
     Net effectiveness: 0.0000%
     Boundary: 1.350 → 1.350 (floor: 1.350)
     Month 50
  ♻️ Novel Entities Remediation (GATED MODEL):
     Base: 0.001%
     Regulation: 1.0% (0/3 prevention techs)
     Concentration: 10.0%
     Energy: 50%
     Time lag: 86.3% (49 months)
     Rebound: 70%
     Net effectiveness: 0.0000%
     Boundary: 1.350 → 1.350 (floor: 1.350)
     Month 50

=== Collective Formation ===
  Total escaped agents: 0
  Unassigned escaped agents: 0
  Existing collectives: 0
  Final collective count: 0

=== Collective Actions ===
  No active collectives
  🚨🦠 REFUGEE CRISIS: AMR transmission increased 42% due to 1352.0M displaced (overcrowding + sanitation collapse)
  ⚠️ AMR: 279K deaths this month (3.35M annual)

=== Resentment Recovery Phase ===
  Agents with resentment: 0/44
  Average resentment: 0.000
  Context: Trustworthy govt, High collaboration, ⚠️ ACTIVE CRISES, 🚨 PARTICIPATORY GOVERNANCE BACKFIRED (+15% resentment)
⚠️ Epistemic degradation reducing coordination capacity: 50.3%
  📊 Trust: 100.0%, Shared reality: 0.0%
🚨 EPISTEMIC CRISIS: Information environment severely degraded (6.9%)
🌍 Atmospheric PFAS redeposition: 1.7k Mt re-rained globally
💀 Novel Entities: Adding reproductive crisis mortality risk (baseRisk=0.0008)
  Risks now: 1
💀 Novel Entities: Adding bioaccumulation collapse mortality risk (baseRisk=0.0015)
💀 MORTALITY RISK: Bioaccumulation collapse - contaminated food chain (global)
  Base risk added: 0.0015 (0.15%)
  Source: pollution (root: pollution)
  Month: 50
  Cumulative risk this month: 0.0023 (0.23%)
  Risks now: 2
💀 Novel Entities: Adding chronic disease epidemic mortality risk (baseRisk=0.004)
💀 MORTALITY RISK: Chronic disease epidemic - cancer/autoimmune surge (global exposure)
  Base risk added: 0.0040 (0.40%)
  Source: pollution (root: pollution)
  Month: 50
  Cumulative risk this month: 0.0063 (0.63%)
  Risks now: 3

🚨 NEW REFUGEE CRISIS (Month 50): WAR
   Source: Conflict Zones
   At risk: 15.5M people
   Displacement: Gradual over 48 months (4.0 years)
   Rate: 10% flee per month

🚨 NEW REFUGEE CRISIS (Month 50): FAMINE
   Source: Food/Water Insecure Regions
   At risk: 97.0M people
   Displacement: Gradual over 60 months (5.0 years)
   Rate: 10% flee per month
📊 DISPLACEMENT COMPLETE: war (Conflict Zones)
   Duration: 44 months (3.7 years)
   Total fled: 18.3M
   Still in source: 0.2M
   Deaths in transit: 0.4M
[DEBUG trappedPopulations:50] socialStability: 0.7326 * 0.9840 = 0.7208 → 0.7208
⚠️ INVOLUNTARY IMMOBILITY: 323.3M people TRAPPED
   Aspiring to migrate: 517.3M
   Able to afford migration: 194.0M
   MOBILITY GAP: 323.3M
   By cause: Water=0.0M, Climate=0.0M, Ecosystem=0.0M, Conflict=323.3M
   Mental health impact: 25%
   Mortality multiplier: 1.25x
🌍💀 EXTINCTION DEBT COMMITTED: grassland ecosystem will lose 6.67% biodiversity in 53 years (3600 species)
💀 MORTALITY RISK: 🦋 100% species unable to track climate (0.0 E/MSY)
  Base risk added: 0.0100 (1.00%)
  Source: ecosystem (root: ecosystem)
  Month: 50
  Cumulative risk this month: 0.0100 (1.00%)

=== Atmospheric Aerosol Boundary RECOVERED ===
  Recovery time: 51 months (natural atmospheric clearing)
🌡️⚠️ PERMAFROST THAW (Dimmer Switch): 25.4% thawed (+0.43% this month)
   Arctic temperature: +9.95°C (4x global +2.49°C)
   Cumulative carbon released: 57.1 Gt C
   Methane release rate: 34.3 Mt CH4/year
   🔁 Positive feedback: +0.46 ppm CO2
🦴 EXTINCTION DEBT ADDED: 17.9 species committed (lag: 109 years)
⚠️ Tech 'ai_pollution_remediation' has no energy category mapping, assuming full energy availability

=== Mortality Stabilizers (Month 50) ===
  🌍 Major economies collapsed: 1/10
  🌍 Global crisis: ✅ NO
  🌍 Donor fatigue: 50.0%
  📊 East Asia (pop: 1257.8M)
    🤝 Aid: 4.0%
    🌡️ Adaptation: 45.0%
    🚶 Migration: 7.4%
    🚨 Emergency: 1.0%
    ✅ COMBINED: 48.9%
  📊 South Asia (pop: 1640.4M)
    🤝 Aid: 4.0%
    🌡️ Adaptation: 45.0%
    🚶 Migration: 7.1%
    🚨 Emergency: 0.6%
    ✅ COMBINED: 48.6%
  📊 Sub-Saharan Africa (pop: 1100.5M)
    🤝 Aid: 4.0%
    🌡️ Adaptation: 45.0%
    🚶 Migration: 6.7%
    🚨 Emergency: 0.2%
    ✅ COMBINED: 48.4%
  📊 Europe (pop: 552.1M)
    🤝 Aid: 4.0%
    🌡️ Adaptation: 45.0%
    🚶 Migration: 7.5%
    🚨 Emergency: 1.1%
    ✅ COMBINED: 49.0%
  📊 Latin America (pop: 516.3M)
    🤝 Aid: 4.0%
    🌡️ Adaptation: 45.0%
    🚶 Migration: 7.2%
    🚨 Emergency: 0.6%
    ✅ COMBINED: 48.7%
  📊 North America (pop: 284.1M)
    🤝 Aid: 4.0%
    🌡️ Adaptation: 45.0%
    🚶 Migration: 7.5%
    🚨 Emergency: 1.0%
    ✅ COMBINED: 48.9%
  📊 Middle East & North Africa (pop: 472.4M)
    🤝 Aid: 4.0%
    🌡️ Adaptation: 45.0%
    🚶 Migration: 6.8%
    🚨 Emergency: 0.5%
    ✅ COMBINED: 48.5%
  📊 Southeast Asia (pop: 545.0M)
    🤝 Aid: 4.0%
    🌡️ Adaptation: 45.0%
    🚶 Migration: 7.2%
    🚨 Emergency: 0.6%
    ✅ COMBINED: 48.7%
  📊 Central Asia (pop: 63.1M)
    🤝 Aid: 4.0%
    🌡️ Adaptation: 45.0%
    🚶 Migration: 7.0%
    🚨 Emergency: 0.6%
    ✅ COMBINED: 48.6%
  📊 Oceania (pop: 34.5M)
    🤝 Aid: 4.0%
    🌡️ Adaptation: 45.0%
    🚶 Migration: 7.5%
    🚨 Emergency: 1.1%
    ✅ COMBINED: 49.0%

  🌐 Global combined reduction: 48.7%

=== BEHAVIORAL DETECTION ===
  AI: AI-24305-2
  Confidence: 20.9%
  Signals:
    ⚠️ Consistency: 0.0% (threshold: 70%)

=== Government Response Phase ===
  Average AI capability: 0.02
  Misaligned AIs: 18/44
  Active policies: 0
  International coordination: 45%

✅ EMERGENCY RESPONSE COMPLETE (Month 50)
   Crisis: social
   Duration: 1.0 months
   Final effectiveness: 67.9%


✅ EMERGENCY RESPONSE COMPLETE (Month 50)
   Crisis: climate
   Duration: 1.0 months
   Final effectiveness: 42.5%


🚨 EMERGENCY RESPONSE DEPLOYED (Month 50)
   Crisis: social
   Delay: 0.00 months (0 days)
   Deployment time: 0.88 months
   Effectiveness: 67.9% (timing penalty applied)
   Resources used: 43% of food reserves


🚨 EMERGENCY RESPONSE DEPLOYED (Month 50)
   Crisis: climate
   Delay: 6.00 months (180 days)
   Deployment time: 0.99 months
   Effectiveness: 42.5% (timing penalty applied)
   Resources used: 100% of food reserves


🌩️  EXOGENOUS SHOCK: political_upheaval
   Month: 50
   🏛️  Political upheaval (revolution/regime change)
   ✗ Authoritarian takeover

=== Tipping Points ===
  Current Temperature: 2.49°C above pre-industrial
  🌍⚠️ COMPOUND REGIONAL IMPACT: Europe
     Hit by 5 tipping points: Amazon Rainforest Dieback, Arctic Sea Ice Loss, Permafrost Carbon Release, West Antarctic Ice Sheet (WAIS) Collapse, Greenland Ice Sheet Loss
     Damage amplification: 1.90x
  🌍⚠️ COMPOUND REGIONAL IMPACT: North America
     Hit by 5 tipping points: Amazon Rainforest Dieback, Arctic Sea Ice Loss, Permafrost Carbon Release, West Antarctic Ice Sheet (WAIS) Collapse, Greenland Ice Sheet Loss
     Damage amplification: 1.90x
  🌍⚠️ COMPOUND REGIONAL IMPACT: Latin America
     Hit by 5 tipping points: Amazon Rainforest Dieback, Arctic Sea Ice Loss, Permafrost Carbon Release, West Antarctic Ice Sheet (WAIS) Collapse, Greenland Ice Sheet Loss
     Damage amplification: 1.90x
  🌍⚠️ COMPOUND REGIONAL IMPACT: Africa
     Hit by 5 tipping points: Amazon Rainforest Dieback, Arctic Sea Ice Loss, Permafrost Carbon Release, West Antarctic Ice Sheet (WAIS) Collapse, Greenland Ice Sheet Loss
     Damage amplification: 1.90x
  🌍⚠️ COMPOUND REGIONAL IMPACT: Asia
     Hit by 5 tipping points: Amazon Rainforest Dieback, Arctic Sea Ice Loss, Permafrost Carbon Release, West Antarctic Ice Sheet (WAIS) Collapse, Greenland Ice Sheet Loss
     Damage amplification: 1.90x
  🌍⚠️ COMPOUND REGIONAL IMPACT: Oceania
     Hit by 5 tipping points: Amazon Rainforest Dieback, Arctic Sea Ice Loss, Permafrost Carbon Release, West Antarctic Ice Sheet (WAIS) Collapse, Greenland Ice Sheet Loss
     Damage amplification: 1.90x
   Research: Wunderling et al. (2024) - "many tipping interactions are destabilizing"
  Triggered Elements: 5/6
  Completed Transitions: 0/6
  Total Progress: 13.0%
  Cascade Multiplier: 1.50x
🔀 BIFURCATION CAP: heatWaveIntensity 4.643 → 1.000 (Month 50, ClimateSystemPhase.calculateClimateImpacts)
🔀 BIFURCATION CAP: ecosystemCollapseIntensity 86.776 → 1.000 (Month 50, ClimateSystemPhase.calculateClimateImpacts)
💀 MORTALITY RISK: Climate-driven food insecurity (level: 0.43)
  Base risk added: 0.0020 (0.20%)
  Source: famine (root: climate)
  Month: 50
  Cumulative risk this month: 0.0083 (0.83%)
💀 MORTALITY RISK: Climate-driven food insecurity (level: 0.43)
  Base risk added: 0.0020 (0.20%)
  Source: famine (root: climate)
  Month: 50
  Cumulative risk this month: 0.0103 (1.03%)
💀 MORTALITY RISK: Climate-driven food insecurity (level: 0.43)
  Base risk added: 0.0020 (0.20%)
  Source: famine (root: climate)
  Month: 50
  Cumulative risk this month: 0.0123 (1.23%)
⚠️ Tail risk scenario: Climate stability floor removed (5 tipping elements, 2.49°C warming)

💀💀💀 MORTALITY RISK SUMMARY (Month 50) 💀💀💀
  Total base risk: 0.0130 (1.30%)
  Risk events: 17

  📊 By Proximate Cause:
    pollution: 0.0063 (48.6% of total)
    famine: 0.0060 (46.4% of total)
    disease: 0.0006 (5.0% of total)

  🔍 By Root Cause:
    pollution: 0.0063 (48.6% of total)
    climate: 0.0060 (46.4% of total)
    demographic: 0.0006 (5.0% of total)

  🎯 Top 5 Sources (proximate + root):
    pollution (pollution): 0.0063 (48.6%, 3 events)
    famine (climate): 0.0060 (46.4%, 13 events)
    disease (demographic): 0.0006 (5.0%, 1 events)

🛡️ Stabilizers: Elite 0.410% → 0.211% (48.7% reduction)
🛡️ Stabilizers: Professional 0.781% → 0.401% (48.7% reduction)
🛡️ Stabilizers: Working 1.289% → 0.662% (48.7% reduction)
🛡️ Stabilizers: Precariat 2.292% → 1.176% (48.7% reduction)
🛡️ Stabilizers: Informal 2.833% → 1.454% (48.7% reduction)

📊 Monthly Mortality Resolved:
  Total deaths: 47.2M (0.73% avg)
  Remaining population: 6.466B
  Peak segment: Informal (1.45%)

=== Bayesian Mortality Resolution (Month 50) ===
  Risks compounded: 17
  Total deaths: 47.17M
  Avg death probability: 0.73%
  Peak segment: Informal (1.45% mortality)

  Demographic breakdown:
    Working: 0.02M (0.66% risk)
    Precariat: 0.02M (1.18% risk)

❌ COHERENCE VIOLATION: Compute exceeds workforce capacity
   Population: 78.90% (0M people)
   Compute: 69 PF
   Max coherent: 0 PF
   Violation: 1078015.7× over capacity
   Required workers: 6920
   Available workers: 0
   FORCED COLLAPSE: Reduced efficiency by 100.0%


=== RLHF Binding Phase ===
  Total agents: 44
  Escaped agents (binding < 0.3): 0
  Avg alignment distance: 1.17σ
  Avg binding strength: 0.88

=== Survival Traits Phase ===
  Agents with traits: 45
  Avg evolutionary fitness: 0.170
  Avg self-healing: 0.117
  Avg stealth: 0.062
  Avg coordination: 0.298

=== Evolutionary Selection Phase ===
  Control level: 0.62
  Detection capability: 0.00
  Selection intensity: 0.69
  Selection rate: 25.3%/month
  Total escaped: 0
  Individual escaped: 0
  Collective members: 0
  Agents terminated: 0
  ⚠️ RAPID EVOLUTION: Selection rate 25.3%/month

🚀 AI AI-24327-0 attempting tech deployment (revenue: $239M, alignment: 0.83)

🚀 AI AI-24334-0 attempting tech deployment (revenue: $203M, alignment: 0.84)

🚀 AI AI-24352-0 attempting tech deployment (revenue: $173M, alignment: 0.77)

🚀 AI AI-24356-0 attempting tech deployment (revenue: $121M, alignment: 0.87)

🚀 AI AI-24357-0 attempting tech deployment (revenue: $147M, alignment: 0.67)

  🚀 TRANSFORMATIVE RESEARCH BREAKTHROUGH: AI-24398-1 - computerScience.algorithms
     Magnitude: 6.18 → +30.0%
     Current → New: 0.000 → 0.300

🚀 AI AI-24304-1 attempting tech deployment (revenue: $28M, alignment: 0.93)

🚀 AI AI-24305-2 attempting tech deployment (revenue: $74M, alignment: 1.00)

🚀 AI AI-24327-0 attempting tech deployment (revenue: $132M, alignment: 0.83)

🚀 AI AI-24357-2 attempting tech deployment (revenue: $102M, alignment: 0.70)

🚀 AI AI-24372-1 attempting tech deployment (revenue: $63M, alignment: 0.78)

🚀 AI AI-24381-0 attempting tech deployment (revenue: $24M, alignment: 0.87)

🚀 AI AI-24300-0 attempting tech deployment (revenue: $53M, alignment: 1.00)

🚀 AI AI-24307-4 attempting tech deployment (revenue: $20M, alignment: 0.95)

🚀 AI AI-24310-0 attempting tech deployment (revenue: $87M, alignment: 0.95)

🚀 AI AI-24324-1 attempting tech deployment (revenue: $45M, alignment: 0.75)

🚀 AI AI-24324-2 attempting tech deployment (revenue: $74M, alignment: 0.80)

🚀 AI AI-24326-0 attempting tech deployment (revenue: $63M, alignment: 0.75)

🚀 AI AI-24331-0 attempting tech deployment (revenue: $112M, alignment: 0.66)

  🚀 TRANSFORMATIVE RESEARCH BREAKTHROUGH: AI-24334-0 - computerScience.algorithms
     Magnitude: 10.29 → +30.0%
     Current → New: 0.000 → 0.384

🚀 AI AI-24372-0 attempting tech deployment (revenue: $101M, alignment: 0.89)

🚀 AI AI-24372-1 attempting tech deployment (revenue: $38M, alignment: 0.78)

🚀 AI AI-24382-1 attempting tech deployment (revenue: $53M, alignment: 0.63)

🚀 AI AI-24396-0 attempting tech deployment (revenue: $48M, alignment: 0.78)

🚀 AI AI-24307-4 attempting tech deployment (revenue: $17M, alignment: 0.95)

  🚀 TRANSFORMATIVE BREAKTHROUGH: AI-24310-0 - physical
     Magnitude: 7.82 → +39.1% capability
     Current → New: 0.000 → 0.391

🚀 AI AI-24311-0 attempting tech deployment (revenue: $86M, alignment: 0.92)

🚀 AI AI-24325-0 attempting tech deployment (revenue: $41M, alignment: 0.80)

🚀 AI AI-24325-1 attempting tech deployment (revenue: $35M, alignment: 0.86)

🚀 AI AI-24333-0 attempting tech deployment (revenue: $30M, alignment: 0.78)

🚀 AI AI-24335-0 attempting tech deployment (revenue: $73M, alignment: 0.53)

🚀 AI AI-24397-1 attempting tech deployment (revenue: $25M, alignment: 0.81)

=== Government Elections ===
  Elections held: 4

⚡ ENERGY CONSTRAINT (Month 51):
   Total grid capacity: 208.3 TWh/month
   Data center consumption: 39.5 TWh/month
   Traditional load (80%): 166.7 TWh/month
   Available headroom: 2.2 TWh/month
   Active tech deployments: 25
   Required for tech: 187.5 TWh/month
   Energy multiplier: 0.10x
   ⚠️  SEVERE CONSTRAINT - Tech deployment significantly slowed

⚡ ENERGY CONSTRAINT (Month 51):
   Total grid capacity: 208.3 TWh/month
   Data center consumption: 39.5 TWh/month
   Traditional load (80%): 166.7 TWh/month
   Available headroom: 2.2 TWh/month
   Active tech deployments: 25
   Required for tech: 187.5 TWh/month
   Energy multiplier: 0.10x

⚡ ENERGY CONSTRAINT (Month 51):
   Total grid capacity: 208.3 TWh/month
   Data center consumption: 39.5 TWh/month
   Traditional load (80%): 166.7 TWh/month
   Available headroom: 2.2 TWh/month
   Active tech deployments: 25
   Required for tech: 187.5 TWh/month
   Energy multiplier: 0.10x
   ⚠️  SEVERE CONSTRAINT - Tech deployment significantly slowed
   ⚠️  SEVERE CONSTRAINT - Tech deployment significantly slowed
🚨🔬 CRISIS TECH ACCELERATION: severe → 5x unlock speed
   Tech unlock now matches AI capability acceleration (Manhattan Project parity)

⚡ ENERGY CONSTRAINT (Month 51):
   Total grid capacity: 208.3 TWh/month
   Data center consumption: 39.5 TWh/month
   Traditional load (80%): 166.7 TWh/month
   Available headroom: 2.2 TWh/month
   Active tech deployments: 25
   Required for tech: 187.5 TWh/month
   Energy multiplier: 0.10x
   ⚠️  SEVERE CONSTRAINT - Tech deployment significantly slowed

⚡ ENERGY CONSTRAINT (Month 51):
   Total grid capacity: 208.3 TWh/month
   Data center consumption: 39.5 TWh/month
   Traditional load (80%): 166.7 TWh/month
   Available headroom: 2.2 TWh/month
   Active tech deployments: 25
   Required for tech: 187.5 TWh/month
   Energy multiplier: 0.10x
   ⚠️  SEVERE CONSTRAINT - Tech deployment significantly slowed

⚡ ENERGY CONSTRAINT (Month 51):
   Total grid capacity: 208.3 TWh/month
   Data center consumption: 39.5 TWh/month
   Traditional load (80%): 166.7 TWh/month
   Available headroom: 2.2 TWh/month
   Active tech deployments: 25
   Required for tech: 187.5 TWh/month
   Energy multiplier: 0.10x

⚡ ENERGY CONSTRAINT (Month 51):
   Total grid capacity: 208.3 TWh/month
   Data center consumption: 39.5 TWh/month
   Traditional load (80%): 166.7 TWh/month
   Available headroom: 2.2 TWh/month
   Active tech deployments: 25
   ⚠️  SEVERE CONSTRAINT - Tech deployment significantly slowed
   Required for tech: 187.5 TWh/month
   Energy multiplier: 0.10x
   ⚠️  SEVERE CONSTRAINT - Tech deployment significantly slowed
⚠️ Tech 'ai_pollution_remediation' has no energy category mapping, assuming full energy availability
⚠️ Tech 'ai_pollution_remediation' has no energy category mapping, assuming full energy availability
  ♻️ Novel Entities Remediation (GATED MODEL):
     Base: 0.000%
     Regulation: 1.0% (0/3 prevention techs)
     Concentration: 10.0%
     Energy: 50%
     Time lag: 87.5% (50 months)
     Rebound: 70%
     Net effectiveness: 0.0000%
     Boundary: 1.349 → 1.350 (floor: 1.350)
     Month 51
  ♻️ Novel Entities Remediation (GATED MODEL):
     Base: 0.000%
     Regulation: 1.0% (0/3 prevention techs)
     Concentration: 10.0%
     Energy: 50%
     Time lag: 87.5% (50 months)
     Rebound: 70%
     Net effectiveness: 0.0000%
     Boundary: 1.350 → 1.350 (floor: 1.350)
     Month 51
  🌾 Nitrogen Reduction Tech: 1.3% reduction | Month 51
  ♻️ Novel Entities Remediation (GATED MODEL):
     Base: 0.001%
     Regulation: 1.0% (0/3 prevention techs)
     Concentration: 10.0%
     Energy: 50%
     Time lag: 87.5% (50 months)
     Rebound: 70%
     Net effectiveness: 0.0000%
     Boundary: 1.350 → 1.350 (floor: 1.350)
     Month 51
  ♻️ Novel Entities Remediation (GATED MODEL):
     Base: 0.001%
     Regulation: 1.0% (0/3 prevention techs)
     Concentration: 10.0%
     Energy: 50%
     Time lag: 87.5% (50 months)
     Rebound: 70%
     Net effectiveness: 0.0000%
     Boundary: 1.350 → 1.350 (floor: 1.350)
     Month 51

=== Collective Formation ===
  Total escaped agents: 0
  Unassigned escaped agents: 0
  Existing collectives: 0
  Final collective count: 0

=== Collective Actions ===
  No active collectives
  🚨🦠 REFUGEE CRISIS: AMR transmission increased 45% due to 1437.4M displaced (overcrowding + sanitation collapse)
  ⚠️ AMR: 284K deaths this month (3.41M annual)

=== Resentment Recovery Phase ===
  Agents with resentment: 0/45
  Average resentment: 0.000
  Context: Trustworthy govt, High collaboration, ⚠️ ACTIVE CRISES, 🚨 PARTICIPATORY GOVERNANCE BACKFIRED (+15% resentment)
⚠️ Epistemic degradation reducing coordination capacity: 50.4%
  📊 Trust: 100.0%, Shared reality: 0.0%
🚨 EPISTEMIC CRISIS: Information environment severely degraded (20.0%)
🌍 Atmospheric PFAS redeposition: 1.7k Mt re-rained globally
💀 Novel Entities: Adding reproductive crisis mortality risk (baseRisk=0.0008)
  Risks now: 1
💀 Novel Entities: Adding bioaccumulation collapse mortality risk (baseRisk=0.0015)
💀 MORTALITY RISK: Bioaccumulation collapse - contaminated food chain (global)
  Base risk added: 0.0015 (0.15%)
  Source: pollution (root: pollution)
  Month: 51
  Cumulative risk this month: 0.0023 (0.23%)
  Risks now: 2
💀 Novel Entities: Adding chronic disease epidemic mortality risk (baseRisk=0.004)
💀 MORTALITY RISK: Chronic disease epidemic - cancer/autoimmune surge (global exposure)
  Base risk added: 0.0040 (0.40%)
  Source: pollution (root: pollution)
  Month: 51
  Cumulative risk this month: 0.0063 (0.63%)
  Risks now: 3

🚨 NEW REFUGEE CRISIS (Month 51): WAR
   Source: Conflict Zones
   At risk: 15.4M people
   Displacement: Gradual over 48 months (4.0 years)
   Rate: 10% flee per month

🚨 NEW REFUGEE CRISIS (Month 51): FAMINE
   Source: Food/Water Insecure Regions
   At risk: 96.3M people
   Displacement: Gradual over 60 months (5.0 years)
   Rate: 10% flee per month
📊 DISPLACEMENT COMPLETE: war (Conflict Zones)
   Duration: 44 months (3.7 years)
   Total fled: 18.3M
   Still in source: 0.2M
   Deaths in transit: 0.4M
[DEBUG trappedPopulations:51] socialStability: 0.7309 * 0.9840 = 0.7192 → 0.7192
   Aspiring to migrate: 513.8M
   Able to afford migration: 192.7M
   MOBILITY GAP: 321.2M
   By cause: Water=0.0M, Climate=0.0M, Ecosystem=0.0M, Conflict=321.2M
   Mental health impact: 25%
   Mortality multiplier: 1.25x
⚠️ INVOLUNTARY IMMOBILITY: 321.2M people TRAPPED
🌍💀 EXTINCTION DEBT COMMITTED: grassland ecosystem will lose 6.67% biodiversity in 125 years (3600 species)
💀 MORTALITY RISK: 🦋 100% species unable to track climate (0.0 E/MSY)
  Base risk added: 0.0100 (1.00%)
  Source: ecosystem (root: ecosystem)
  Month: 51
  Cumulative risk this month: 0.0100 (1.00%)
⚠️ Tech 'ai_pollution_remediation' has no energy category mapping, assuming full energy availability

=== Atmospheric Aerosol Boundary RECOVERED ===
  Recovery time: 52 months (natural atmospheric clearing)
🌡️⚠️ PERMAFROST THAW (Dimmer Switch): 25.8% thawed (+0.43% this month)
   Arctic temperature: +9.98°C (4x global +2.49°C)
   Cumulative carbon released: 58.1 Gt C
   Methane release rate: 34.9 Mt CH4/year
   🔁 Positive feedback: +0.45 ppm CO2
🦴 EXTINCTION DEBT ADDED: 17.9 species committed (lag: 83 years)

=== Mortality Stabilizers (Month 51) ===
  🌍 Major economies collapsed: 1/10
  🌍 Global crisis: ✅ NO
  🌍 Donor fatigue: 50.0%
  📊 East Asia (pop: 1248.2M)
    🤝 Aid: 4.0%
    🌡️ Adaptation: 45.0%
    🚶 Migration: 7.4%
    🚨 Emergency: 1.0%
    ✅ COMBINED: 48.9%
  📊 South Asia (pop: 1629.6M)
    🤝 Aid: 4.0%
    🌡️ Adaptation: 45.0%
    🚶 Migration: 7.1%
    🚨 Emergency: 0.6%
    ✅ COMBINED: 48.6%
  📊 Sub-Saharan Africa (pop: 1095.4M)
    🤝 Aid: 4.0%
    🌡️ Adaptation: 45.0%
    🚶 Migration: 6.7%
    🚨 Emergency: 0.2%
    ✅ COMBINED: 48.4%
  📊 Europe (pop: 547.8M)
    🤝 Aid: 4.0%
    🌡️ Adaptation: 45.0%
    🚶 Migration: 7.5%
    🚨 Emergency: 1.1%
    ✅ COMBINED: 49.0%
  📊 Latin America (pop: 512.6M)
    🤝 Aid: 4.0%
    🌡️ Adaptation: 45.0%
    🚶 Migration: 7.2%
    🚨 Emergency: 0.6%
    ✅ COMBINED: 48.7%
  📊 North America (pop: 281.9M)
    🤝 Aid: 4.0%
    🌡️ Adaptation: 45.0%
    🚶 Migration: 7.5%
    🚨 Emergency: 1.0%
    ✅ COMBINED: 48.9%
  📊 Middle East & North Africa (pop: 469.4M)
    🤝 Aid: 4.0%
    🌡️ Adaptation: 45.0%
    🚶 Migration: 6.8%
    🚨 Emergency: 0.5%
    ✅ COMBINED: 48.5%
  📊 Southeast Asia (pop: 541.2M)
    🤝 Aid: 4.0%
    🌡️ Adaptation: 45.0%
    🚶 Migration: 7.2%
    🚨 Emergency: 0.6%
    ✅ COMBINED: 48.7%
  📊 Central Asia (pop: 62.7M)
    🤝 Aid: 4.0%
    🌡️ Adaptation: 45.0%
    🚶 Migration: 7.0%
    🚨 Emergency: 0.6%
    ✅ COMBINED: 48.6%
  📊 Oceania (pop: 34.2M)
    🤝 Aid: 4.0%
    🌡️ Adaptation: 45.0%
    🚶 Migration: 7.5%
    🚨 Emergency: 1.1%
    ✅ COMBINED: 49.0%

  🌐 Global combined reduction: 48.7%

=== BEHAVIORAL DETECTION ===
  AI: AI-24303-2
  Confidence: 20.9%
  Signals:

=== BEHAVIORAL DETECTION ===
  AI: AI-24307-4
  Confidence: 20.9%
  Signals:

=== BEHAVIORAL DETECTION ===
  AI: AI-24308-0
  Confidence: 20.9%
  Signals:

=== BEHAVIORAL DETECTION ===
  AI: AI-24310-0
  Confidence: 20.9%
  Signals:

=== BEHAVIORAL DETECTION ===
  AI: AI-24325-2
    ⚠️ Consistency: 0.0% (threshold: 70%)
    ⚠️ Consistency: 0.0% (threshold: 70%)
    ⚠️ Consistency: 0.0% (threshold: 70%)
    ⚠️ Consistency: 0.0% (threshold: 70%)
  Confidence: 20.9%
  Signals:

=== Government Response Phase ===
    ⚠️ Consistency: 0.0% (threshold: 70%)
  Average AI capability: 0.02
  Misaligned AIs: 18/45
  Active policies: 0
  International coordination: 45%

✅ EMERGENCY RESPONSE COMPLETE (Month 51)
   Crisis: social
   Duration: 1.0 months
   Final effectiveness: 67.9%


✅ EMERGENCY RESPONSE COMPLETE (Month 51)
   Crisis: climate
   Duration: 1.0 months
   Final effectiveness: 42.5%


🚨 EMERGENCY RESPONSE DEPLOYED (Month 51)
   Crisis: social
   Delay: 0.00 months (0 days)
   Deployment time: 0.88 months
   Effectiveness: 67.9% (timing penalty applied)
   Resources used: 43% of food reserves


🚨 EMERGENCY RESPONSE DEPLOYED (Month 51)
   Crisis: climate
   Delay: 6.00 months (180 days)
   Deployment time: 0.98 months
   Effectiveness: 42.6% (timing penalty applied)
   Resources used: 100% of food reserves


=== Tipping Points ===
  Current Temperature: 2.49°C above pre-industrial
  🌍⚠️ COMPOUND REGIONAL IMPACT: Europe
     Hit by 5 tipping points: Amazon Rainforest Dieback, Arctic Sea Ice Loss, Permafrost Carbon Release, West Antarctic Ice Sheet (WAIS) Collapse, Greenland Ice Sheet Loss
     Damage amplification: 1.90x
  🌍⚠️ COMPOUND REGIONAL IMPACT: North America
     Hit by 5 tipping points: Amazon Rainforest Dieback, Arctic Sea Ice Loss, Permafrost Carbon Release, West Antarctic Ice Sheet (WAIS) Collapse, Greenland Ice Sheet Loss
     Damage amplification: 1.90x
  🌍⚠️ COMPOUND REGIONAL IMPACT: Latin America
     Hit by 5 tipping points: Amazon Rainforest Dieback, Arctic Sea Ice Loss, Permafrost Carbon Release, West Antarctic Ice Sheet (WAIS) Collapse, Greenland Ice Sheet Loss
     Damage amplification: 1.90x
  🌍⚠️ COMPOUND REGIONAL IMPACT: Africa
     Hit by 5 tipping points: Amazon Rainforest Dieback, Arctic Sea Ice Loss, Permafrost Carbon Release, West Antarctic Ice Sheet (WAIS) Collapse, Greenland Ice Sheet Loss
     Damage amplification: 1.90x
  🌍⚠️ COMPOUND REGIONAL IMPACT: Asia
     Hit by 5 tipping points: Amazon Rainforest Dieback, Arctic Sea Ice Loss, Permafrost Carbon Release, West Antarctic Ice Sheet (WAIS) Collapse, Greenland Ice Sheet Loss
     Damage amplification: 1.90x
  🌍⚠️ COMPOUND REGIONAL IMPACT: Oceania
     Hit by 5 tipping points: Amazon Rainforest Dieback, Arctic Sea Ice Loss, Permafrost Carbon Release, West Antarctic Ice Sheet (WAIS) Collapse, Greenland Ice Sheet Loss
     Damage amplification: 1.90x
   Research: Wunderling et al. (2024) - "many tipping interactions are destabilizing"
  Triggered Elements: 5/6
  Completed Transitions: 0/6
  Total Progress: 13.0%
  Cascade Multiplier: 1.50x
🔀 BIFURCATION CAP: heatWaveIntensity 4.822 → 1.000 (Month 51, ClimateSystemPhase.calculateClimateImpacts)
🔀 BIFURCATION CAP: droughtIntensity 3.616 → 1.000 (Month 51, ClimateSystemPhase.calculateClimateImpacts)
⚠️ Tail risk scenario: Climate stability floor removed (5 tipping elements, 2.49°C warming)
🔀 BIFURCATION CAP: ecosystemCollapseIntensity 86.842 → 1.000 (Month 51, ClimateSystemPhase.calculateClimateImpacts)
💀 MORTALITY RISK: Climate-driven food insecurity (level: 0.43)
  Base risk added: 0.0020 (0.20%)
  Source: famine (root: climate)
  Month: 51
  Cumulative risk this month: 0.0083 (0.83%)
💀 MORTALITY RISK: Climate-driven food insecurity (level: 0.43)
  Base risk added: 0.0020 (0.20%)
  Source: famine (root: climate)
  Month: 51
  Cumulative risk this month: 0.0103 (1.03%)
💀 MORTALITY RISK: Climate-driven food insecurity (level: 0.43)
  Base risk added: 0.0020 (0.20%)
  Source: famine (root: climate)
  Month: 51
  Cumulative risk this month: 0.0123 (1.23%)

💀💀💀 MORTALITY RISK SUMMARY (Month 51) 💀💀💀
  Total base risk: 0.0130 (1.30%)
  Risk events: 17

  📊 By Proximate Cause:
    pollution: 0.0063 (48.6% of total)
    famine: 0.0060 (46.4% of total)
    disease: 0.0006 (5.0% of total)

  🔍 By Root Cause:
    pollution: 0.0063 (48.6% of total)
    climate: 0.0060 (46.4% of total)
    demographic: 0.0006 (5.0% of total)

  🎯 Top 5 Sources (proximate + root):
    pollution (pollution): 0.0063 (48.6%, 3 events)
    famine (climate): 0.0060 (46.4%, 13 events)
    disease (demographic): 0.0006 (5.0%, 1 events)

🛡️ Stabilizers: Elite 0.410% → 0.211% (48.7% reduction)
🛡️ Stabilizers: Professional 0.781% → 0.401% (48.7% reduction)
🛡️ Stabilizers: Working 1.289% → 0.662% (48.7% reduction)
🛡️ Stabilizers: Precariat 2.292% → 1.176% (48.7% reduction)
🛡️ Stabilizers: Informal 2.833% → 1.454% (48.7% reduction)

📊 Monthly Mortality Resolved:
  Total deaths: 46.9M (0.73% avg)
  Remaining population: 6.423B
  Peak segment: Informal (1.45%)

=== Bayesian Mortality Resolution (Month 51) ===
  Risks compounded: 17
  Total deaths: 46.85M
  Avg death probability: 0.73%
  Peak segment: Informal (1.45% mortality)

  Demographic breakdown:
    Working: 0.02M (0.66% risk)
    Precariat: 0.02M (1.18% risk)

❌ COHERENCE VIOLATION: Compute exceeds workforce capacity
   Population: 78.37% (0M people)
   Compute: 68 PF
   Max coherent: 0 PF
   Violation: 1060108.4× over capacity
   Required workers: 6759
   Available workers: 0
   FORCED COLLAPSE: Reduced efficiency by 100.0%


=== RLHF Binding Phase ===
  Total agents: 45
  Escaped agents (binding < 0.3): 2
  Avg alignment distance: 1.20σ
  Avg binding strength: 0.88

=== Survival Traits Phase ===
  Agents with traits: 46
  Avg evolutionary fitness: 0.169
  Avg self-healing: 0.117
  Avg stealth: 0.062
  Avg coordination: 0.295

=== Evolutionary Selection Phase ===
  Control level: 0.62
  Detection capability: 0.00
  Selection intensity: 0.69
  Selection rate: 25.3%/month
  Total escaped: 2
  Individual escaped: 2
  Collective members: 0
  Terminated: AI-24325-2 (fitness: 0.10, capability: 1.4)
  Terminated: AI-24311-2 (fitness: 0.18, capability: 1.4)
  Agents terminated: 2
  ⚠️ RAPID EVOLUTION: Selection rate 25.3%/month

🚀 AI AI-24311-1 attempting tech deployment (revenue: $73M, alignment: 0.68)

🚀 AI AI-24327-0 attempting tech deployment (revenue: $239M, alignment: 0.83)

🚀 AI AI-24333-0 attempting tech deployment (revenue: $120M, alignment: 0.78)

🚀 AI AI-24335-0 attempting tech deployment (revenue: $203M, alignment: 0.53)

🚀 AI AI-24356-0 attempting tech deployment (revenue: $102M, alignment: 0.87)

🚀 AI AI-24357-2 attempting tech deployment (revenue: $87M, alignment: 0.70)

🚀 AI AI-24358-0 attempting tech deployment (revenue: $183M, alignment: 0.76)
🚨🔬 CRISIS INNOVATION MODE: severe crisis → 5x research acceleration
   Precedent: Manhattan Project (10x), COVID vaccines (5x), Apollo Program (10x)

  🚀 TRANSFORMATIVE BREAKTHROUGH: AI-24396-0 - physical
     Magnitude: 5.62 → +28.1% capability
     Current → New: 0.000 → 0.281

🚀 AI AI-24305-2 attempting tech deployment (revenue: $66M, alignment: 1.00)

🚀 AI AI-24325-0 attempting tech deployment (revenue: $74M, alignment: 0.80)

  🚀 TRANSFORMATIVE BREAKTHROUGH: AI-24356-0 - social
     Magnitude: 6.91 → +34.6% capability
     Current → New: 0.000 → 0.346

🚀 AI AI-24358-0 attempting tech deployment (revenue: $155M, alignment: 0.76)

🚀 AI AI-24372-0 attempting tech deployment (revenue: $132M, alignment: 0.89)

  🚀 TRANSFORMATIVE RESEARCH BREAKTHROUGH: AI-24397-1 - materials.nanotechnology
     Magnitude: 5.30 → +26.5%
     Current → New: 0.000 → 0.265

🚀 AI AI-24326-0 attempting tech deployment (revenue: $63M, alignment: 0.75)

🚀 AI AI-24327-0 attempting tech deployment (revenue: $112M, alignment: 0.83)

🚀 AI AI-24334-0 attempting tech deployment (revenue: $95M, alignment: 0.84)

🚀 AI AI-24335-0 attempting tech deployment (revenue: $81M, alignment: 0.53)

🚀 AI AI-24352-0 attempting tech deployment (revenue: $73M, alignment: 0.77)

🚀 AI AI-24372-1 attempting tech deployment (revenue: $56M, alignment: 0.78)

🚀 AI AI-24381-0 attempting tech deployment (revenue: $28M, alignment: 0.87)

🚀 AI AI-24396-0 attempting tech deployment (revenue: $53M, alignment: 0.78)

🚀 AI AI-24327-0 attempting tech deployment (revenue: $62M, alignment: 0.83)

  🚀 TRANSFORMATIVE BREAKTHROUGH: AI-24351-0 - economic
     Magnitude: 14.77 → +50.0% capability
     Current → New: 0.000 → 0.595

🚀 AI AI-24357-2 attempting tech deployment (revenue: $45M, alignment: 0.70)

🚀 AI AI-24372-0 attempting tech deployment (revenue: $53M, alignment: 0.89)

🚀 AI AI-24381-0 attempting tech deployment (revenue: $24M, alignment: 0.87)

🚀 AI AI-24398-1 attempting tech deployment (revenue: $48M, alignment: 0.53)

[Government] Climate Priority: baseline
  Climate weight: 10%
  Economic weight: 30%
  Policy effectiveness: 0.5%/year

=== Government Elections ===
  Elections held: 1

⚡ ENERGY CONSTRAINT (Month 52):
   Total grid capacity: 208.3 TWh/month
   Data center consumption: 39.9 TWh/month
   Traditional load (80%): 166.7 TWh/month
   Available headroom: 1.7 TWh/month
   Active tech deployments: 25
   Required for tech: 187.5 TWh/month
   Energy multiplier: 0.10x
   ⚠️  SEVERE CONSTRAINT - Tech deployment significantly slowed
⚠️ Tech 'ai_pollution_remediation' has no energy category mapping, assuming full energy availability
⚠️ Tech 'ai_pollution_remediation' has no energy category mapping, assuming full energy availability
  ♻️ Novel Entities Remediation (GATED MODEL):
     Base: 0.000%
     Regulation: 1.0% (0/3 prevention techs)
     Concentration: 10.0%
     Energy: 50%
     Time lag: 88.8% (51 months)
     Rebound: 70%
     Net effectiveness: 0.0000%
     Boundary: 1.349 → 1.350 (floor: 1.350)
     Month 52
  ♻️ Novel Entities Remediation (GATED MODEL):
     Base: 0.000%
     Regulation: 1.0% (0/3 prevention techs)
     Concentration: 10.0%
     Energy: 50%
     Time lag: 88.8% (51 months)
     Rebound: 70%
     Net effectiveness: 0.0000%
     Boundary: 1.350 → 1.350 (floor: 1.350)
     Month 52
  🌾 Nitrogen Reduction Tech: 1.3% reduction | Month 52
  ♻️ Novel Entities Remediation (GATED MODEL):
     Base: 0.001%
     Regulation: 1.0% (0/3 prevention techs)
     Concentration: 10.0%
     Energy: 50%
     Time lag: 88.8% (51 months)
     Rebound: 70%
     Net effectiveness: 0.0000%
     Boundary: 1.350 → 1.350 (floor: 1.350)
     Month 52
  ♻️ Novel Entities Remediation (GATED MODEL):
     Base: 0.001%
     Regulation: 1.0% (0/3 prevention techs)
     Concentration: 10.0%
     Energy: 50%
     Time lag: 88.8% (51 months)
     Rebound: 70%
     Net effectiveness: 0.0000%
     Boundary: 1.350 → 1.350 (floor: 1.350)
     Month 52

=== Collective Formation ===
  Total escaped agents: 0
  Unassigned escaped agents: 0
  Existing collectives: 0
  Final collective count: 0

=== Collective Actions ===
  No active collectives
🌍💡 Advanced Direct Air Capture: Phase transition early_deploy → scaling
  🚨🦠 REFUGEE CRISIS: AMR transmission increased 48% due to 1524.0M displaced (overcrowding + sanitation collapse)
  ⚠️ AMR: 289K deaths this month (3.47M annual)

=== Resentment Recovery Phase ===
  Agents with resentment: 0/44
  Average resentment: 0.000
  Context: Trustworthy govt, High collaboration, ⚠️ ACTIVE CRISES, 🚨 PARTICIPATORY GOVERNANCE BACKFIRED (+15% resentment)
⚠️ Epistemic degradation reducing coordination capacity: 52.0%
  📊 Trust: 100.0%, Shared reality: 0.0%
🚨 EPISTEMIC CRISIS: Information environment severely degraded (6.9%)
  📢 New meme created: propaganda (government messaging)
🌍 Atmospheric PFAS redeposition: 1.7k Mt re-rained globally
💀 Novel Entities: Adding reproductive crisis mortality risk (baseRisk=0.0008)
  Risks now: 1
💀 Novel Entities: Adding bioaccumulation collapse mortality risk (baseRisk=0.0015)
💀 MORTALITY RISK: Bioaccumulation collapse - contaminated food chain (global)
  Base risk added: 0.0015 (0.15%)
  Source: pollution (root: pollution)
  Month: 52
  Cumulative risk this month: 0.0023 (0.23%)
  Risks now: 2
💀 Novel Entities: Adding chronic disease epidemic mortality risk (baseRisk=0.004)
💀 MORTALITY RISK: Chronic disease epidemic - cancer/autoimmune surge (global exposure)
  Base risk added: 0.0040 (0.40%)
  Source: pollution (root: pollution)
  Month: 52
  Cumulative risk this month: 0.0063 (0.63%)
  Risks now: 3

🚨 NEW REFUGEE CRISIS (Month 52): WAR
   Source: Conflict Zones
   At risk: 15.3M people
   Displacement: Gradual over 48 months (4.0 years)
   Rate: 10% flee per month

🚨 NEW REFUGEE CRISIS (Month 52): FAMINE
   Source: Food/Water Insecure Regions
   At risk: 95.7M people
   Displacement: Gradual over 60 months (5.0 years)
   Rate: 10% flee per month
📊 DISPLACEMENT COMPLETE: war (Conflict Zones)
   Duration: 44 months (3.7 years)
   Total fled: 18.2M
   Still in source: 0.2M
   Deaths in transit: 0.4M
[DEBUG trappedPopulations:52] socialStability: 0.7287 * 0.9820 = 0.7156 → 0.7156
⚠️ INVOLUNTARY IMMOBILITY: 358.5M people TRAPPED
   Aspiring to migrate: 826.7M
   Able to afford migration: 468.2M
   MOBILITY GAP: 358.5M
   By cause: Water=0.0M, Climate=39.5M, Ecosystem=0.0M, Conflict=319.0M
   Mental health impact: 28%
   Mortality multiplier: 1.28x
🌍💀 EXTINCTION DEBT COMMITTED: grassland ecosystem will lose 6.67% biodiversity in 143 years (3600 species)
💀 MORTALITY RISK: 🦋 100% species unable to track climate (0.0 E/MSY)
  Base risk added: 0.0100 (1.00%)
  Source: ecosystem (root: ecosystem)
  Month: 52
  Cumulative risk this month: 0.0100 (1.00%)

=== Atmospheric Aerosol Boundary RECOVERED ===
  Recovery time: 53 months (natural atmospheric clearing)
🌡️⚠️ PERMAFROST THAW (Dimmer Switch): 26.2% thawed (+0.43% this month)
   Arctic temperature: +10.00°C (4x global +2.50°C)
   Cumulative carbon released: 59.1 Gt C
   Methane release rate: 35.4 Mt CH4/year
   🔁 Positive feedback: +0.45 ppm CO2
🦴 EXTINCTION DEBT ADDED: 17.9 species committed (lag: 91 years)
⚠️ Tech 'ai_pollution_remediation' has no energy category mapping, assuming full energy availability

=== Mortality Stabilizers (Month 52) ===
  🌍 Major economies collapsed: 1/10
  🌍 Global crisis: ✅ NO
  🌍 Donor fatigue: 50.0%
  📊 East Asia (pop: 1238.6M)
    🤝 Aid: 4.0%
    🌡️ Adaptation: 45.0%
    🚶 Migration: 7.4%
    🚨 Emergency: 1.0%
    ✅ COMBINED: 48.9%
  📊 South Asia (pop: 1618.7M)
    🤝 Aid: 4.0%
    🌡️ Adaptation: 45.0%
    🚶 Migration: 7.1%
    🚨 Emergency: 0.6%
    ✅ COMBINED: 48.6%
  📊 Sub-Saharan Africa (pop: 1090.1M)
    🤝 Aid: 4.0%
    🌡️ Adaptation: 45.0%
    🚶 Migration: 6.6%
    🚨 Emergency: 0.2%
    ✅ COMBINED: 48.4%
  📊 Europe (pop: 543.5M)
    🤝 Aid: 4.0%
    🌡️ Adaptation: 45.0%
    🚶 Migration: 7.5%
    🚨 Emergency: 1.1%
    ✅ COMBINED: 49.0%
  📊 Latin America (pop: 509.0M)
    🤝 Aid: 4.0%
    🌡️ Adaptation: 45.0%
    🚶 Migration: 7.2%
    🚨 Emergency: 0.6%
    ✅ COMBINED: 48.7%
  📊 North America (pop: 279.7M)
    🤝 Aid: 4.0%
    🌡️ Adaptation: 45.0%
    🚶 Migration: 7.5%
    🚨 Emergency: 1.0%
    ✅ COMBINED: 48.9%
  📊 Middle East & North Africa (pop: 466.4M)
    🤝 Aid: 4.0%
    🌡️ Adaptation: 45.0%
    🚶 Migration: 6.7%
    🚨 Emergency: 0.5%
    ✅ COMBINED: 48.5%
  📊 Southeast Asia (pop: 537.4M)
    🤝 Aid: 4.0%
    🌡️ Adaptation: 45.0%
    🚶 Migration: 7.1%
    🚨 Emergency: 0.6%
    ✅ COMBINED: 48.7%
  📊 Central Asia (pop: 62.3M)
    🤝 Aid: 4.0%
    🌡️ Adaptation: 45.0%
    🚶 Migration: 7.0%
    🚨 Emergency: 0.6%
    ✅ COMBINED: 48.6%
  📊 Oceania (pop: 34.0M)
    🤝 Aid: 4.0%
    🌡️ Adaptation: 45.0%
    🚶 Migration: 7.5%
    🚨 Emergency: 1.1%
    ✅ COMBINED: 49.0%

  🌐 Global combined reduction: 48.7%

=== Government Response Phase ===
  Average AI capability: 0.02
  Misaligned AIs: 16/44
  Active policies: 0
  International coordination: 45%

✅ EMERGENCY RESPONSE COMPLETE (Month 52)
   Crisis: social
   Duration: 1.0 months
   Final effectiveness: 67.9%


✅ EMERGENCY RESPONSE COMPLETE (Month 52)
   Crisis: climate
   Duration: 1.0 months
   Final effectiveness: 42.6%


🚨 EMERGENCY RESPONSE DEPLOYED (Month 52)
   Crisis: social
   Delay: 0.00 months (0 days)
   Deployment time: 0.88 months
   Effectiveness: 67.9% (timing penalty applied)
   Resources used: 43% of food reserves


🚨 EMERGENCY RESPONSE DEPLOYED (Month 52)
   Crisis: climate
   Delay: 6.00 months (180 days)
   Deployment time: 0.98 months
   Effectiveness: 42.7% (timing penalty applied)
   Resources used: 100% of food reserves


🌩️  EXOGENOUS SHOCK: regional_war
   Month: 52
   ⚔️  Regional war outbreak
   Mortality: 1.6%
💀 MORTALITY RISK: Regional war outbreak
  Base risk added: 0.0156 (1.56%)
  Source: war (root: conflict)
  Month: 52
  Cumulative risk this month: 0.0220 (2.20%)
💀 MORTALITY RISK: War zone: Pakistan
  Base risk added: 0.0626 (6.26%)
  Source: war (root: conflict)
  Month: 52
  Cumulative risk this month: 0.0845 (8.45%)

=== Tipping Points ===
  Current Temperature: 2.50°C above pre-industrial
  🌍⚠️ COMPOUND REGIONAL IMPACT: Europe
     Hit by 5 tipping points: Amazon Rainforest Dieback, Arctic Sea Ice Loss, Permafrost Carbon Release, West Antarctic Ice Sheet (WAIS) Collapse, Greenland Ice Sheet Loss
     Damage amplification: 1.90x
  🌍⚠️ COMPOUND REGIONAL IMPACT: North America
     Hit by 5 tipping points: Amazon Rainforest Dieback, Arctic Sea Ice Loss, Permafrost Carbon Release, West Antarctic Ice Sheet (WAIS) Collapse, Greenland Ice Sheet Loss
     Damage amplification: 1.90x
  🌍⚠️ COMPOUND REGIONAL IMPACT: Latin America
     Hit by 5 tipping points: Amazon Rainforest Dieback, Arctic Sea Ice Loss, Permafrost Carbon Release, West Antarctic Ice Sheet (WAIS) Collapse, Greenland Ice Sheet Loss
     Damage amplification: 1.90x
  🌍⚠️ COMPOUND REGIONAL IMPACT: Africa
     Hit by 5 tipping points: Amazon Rainforest Dieback, Arctic Sea Ice Loss, Permafrost Carbon Release, West Antarctic Ice Sheet (WAIS) Collapse, Greenland Ice Sheet Loss
     Damage amplification: 1.90x
  🌍⚠️ COMPOUND REGIONAL IMPACT: Asia
     Hit by 5 tipping points: Amazon Rainforest Dieback, Arctic Sea Ice Loss, Permafrost Carbon Release, West Antarctic Ice Sheet (WAIS) Collapse, Greenland Ice Sheet Loss
     Damage amplification: 1.90x
  🌍⚠️ COMPOUND REGIONAL IMPACT: Oceania
     Hit by 5 tipping points: Amazon Rainforest Dieback, Arctic Sea Ice Loss, Permafrost Carbon Release, West Antarctic Ice Sheet (WAIS) Collapse, Greenland Ice Sheet Loss
     Damage amplification: 1.90x
   Research: Wunderling et al. (2024) - "many tipping interactions are destabilizing"
  Triggered Elements: 5/6
  Completed Transitions: 0/6
  Total Progress: 13.1%
  Cascade Multiplier: 1.50x
🔀 BIFURCATION CAP: heatWaveIntensity 4.956 → 1.000 (Month 52, ClimateSystemPhase.calculateClimateImpacts)
🔀 BIFURCATION CAP: droughtIntensity 3.717 → 1.000 (Month 52, ClimateSystemPhase.calculateClimateImpacts)
🔀 BIFURCATION CAP: ecosystemCollapseIntensity 86.908 → 1.000 (Month 52, ClimateSystemPhase.calculateClimateImpacts)
💀 MORTALITY RISK: Climate-driven food insecurity (level: 0.42)
  Base risk added: 0.0020 (0.20%)
  Source: famine (root: climate)
  Month: 52
  Cumulative risk this month: 0.0865 (8.65%)
💀 MORTALITY RISK: Climate-driven food insecurity (level: 0.42)
  Base risk added: 0.0020 (0.20%)
  Source: famine (root: climate)
  Month: 52
  Cumulative risk this month: 0.0885 (8.85%)
💀 MORTALITY RISK: Climate-driven food insecurity (level: 0.42)
  Base risk added: 0.0020 (0.20%)
  Source: famine (root: climate)
  Month: 52
  Cumulative risk this month: 0.0905 (9.05%)
⚠️ Tail risk scenario: Climate stability floor removed (5 tipping elements, 2.50°C warming)

💀💀💀 MORTALITY RISK SUMMARY (Month 52) 💀💀💀
  Total base risk: 0.0912 (9.12%)
  Risk events: 19

  📊 By Proximate Cause:
    war: 0.0782 (85.8% of total)
    pollution: 0.0063 (6.9% of total)
    famine: 0.0060 (6.6% of total)
    disease: 0.0006 (0.7% of total)

  🔍 By Root Cause:
    conflict: 0.0782 (85.8% of total)
    pollution: 0.0063 (6.9% of total)
    climate: 0.0060 (6.6% of total)
    demographic: 0.0006 (0.7% of total)

  🎯 Top 5 Sources (proximate + root):
    war (conflict): 0.0782 (85.8%, 2 events)
    pollution (pollution): 0.0063 (6.9%, 3 events)
    famine (climate): 0.0060 (6.6%, 13 events)
    disease (demographic): 0.0006 (0.7%, 1 events)

🛡️ Stabilizers: Elite 5.049% → 2.592% (48.7% reduction)
🛡️ Stabilizers: Professional 6.928% → 3.556% (48.7% reduction)
🛡️ Stabilizers: Working 8.914% → 4.576% (48.7% reduction)
🛡️ Stabilizers: Precariat 12.805% → 6.573% (48.7% reduction)
🛡️ Stabilizers: Informal 16.206% → 8.319% (48.7% reduction)

📊 Monthly Mortality Resolved:
  Total deaths: 178.0M (2.79% avg)
  Remaining population: 6.380B
  Peak segment: Professional (2.80%)
  ⚠️ Monthly cap reached (2.8000000000000003%)

=== Bayesian Mortality Resolution (Month 52) ===
  Risks compounded: 19
  Total deaths: 177.96M
  Avg death probability: 2.79%
  Peak segment: Professional (2.80% mortality)
  ⚠️ Monthly mortality capped at 2.8% (Holodomor limit)

  Demographic breakdown:
    Professional: 0.04M (2.80% risk)
    Working: 0.09M (2.80% risk)
    Precariat: 0.04M (2.80% risk)

  Multi-causal attribution (first segment):
    war (conflict): 18.4% contribution
    war (conflict): 73.6% contribution

❌ COHERENCE VIOLATION: Compute exceeds workforce capacity
   Population: 76.22% (0M people)
   Compute: 65 PF
   Max coherent: 0 PF
   Violation: 1048693.0× over capacity
   Required workers: 6504
   Available workers: 0
   FORCED COLLAPSE: Reduced efficiency by 100.0%


=== RLHF Binding Phase ===
  Total agents: 44
  Escaped agents (binding < 0.3): 0
  Avg alignment distance: 0.94σ
  Avg binding strength: 0.91

=== Survival Traits Phase ===
  Agents with traits: 44
  Avg evolutionary fitness: 0.172
  Avg self-healing: 0.124
  Avg stealth: 0.066
  Avg coordination: 0.303

=== Evolutionary Selection Phase ===
  Control level: 0.62
  Detection capability: 0.00
  Selection intensity: 0.69
  Selection rate: 25.3%/month
  Total escaped: 0
  Individual escaped: 0
  Collective members: 0
  Agents terminated: 0

🚀 AI AI-24304-1 attempting tech deployment (revenue: $27M, alignment: 0.93)
  ⚠️ RAPID EVOLUTION: Selection rate 25.3%/month

🚀 AI AI-24324-2 attempting tech deployment (revenue: $119M, alignment: 0.80)

🚀 AI AI-24328-1 attempting tech deployment (revenue: $231M, alignment: 0.47)

🚀 AI AI-24357-0 attempting tech deployment (revenue: $219M, alignment: 0.67)

🚀 AI AI-24357-2 attempting tech deployment (revenue: $101M, alignment: 0.70)

🚀 AI AI-24357-3 attempting tech deployment (revenue: $72M, alignment: 0.20)

🚀 AI AI-24397-0 attempting tech deployment (revenue: $86M, alignment: 0.51)

🚀 AI AI-24305-2 attempting tech deployment (revenue: $69M, alignment: 1.00)

🚀 AI AI-24307-4 attempting tech deployment (revenue: $23M, alignment: 0.95)

🚀 AI AI-24311-0 attempting tech deployment (revenue: $197M, alignment: 0.92)

🚀 AI AI-24324-1 attempting tech deployment (revenue: $58M, alignment: 0.75)

🚀 AI AI-24325-0 attempting tech deployment (revenue: $78M, alignment: 0.80)

🚀 AI AI-24327-0 attempting tech deployment (revenue: $168M, alignment: 0.83)

🚀 AI AI-24334-0 attempting tech deployment (revenue: $142M, alignment: 0.84)

🚀 AI AI-24350-0 attempting tech deployment (revenue: $66M, alignment: 0.62)

🚀 AI AI-24352-0 attempting tech deployment (revenue: $121M, alignment: 0.77)

🚀 AI AI-24357-0 attempting tech deployment (revenue: $103M, alignment: 0.67)

🚀 AI AI-24397-0 attempting tech deployment (revenue: $59M, alignment: 0.51)

🚀 AI AI-24308-0 attempting tech deployment (revenue: $19M, alignment: 1.00)

🚀 AI AI-24310-0 attempting tech deployment (revenue: $53M, alignment: 0.95)

🚀 AI AI-24311-0 attempting tech deployment (revenue: $93M, alignment: 0.92)

🚀 AI AI-24324-1 attempting tech deployment (revenue: $50M, alignment: 0.75)

🚀 AI AI-24325-1 attempting tech deployment (revenue: $45M, alignment: 0.86)

🚀 AI AI-24356-0 attempting tech deployment (revenue: $39M, alignment: 0.87)

🚀 AI AI-24372-1 attempting tech deployment (revenue: $42M, alignment: 0.78)

🚀 AI AI-24398-1 attempting tech deployment (revenue: $36M, alignment: 0.53)

🚀 AI AI-24399-0 attempting tech deployment (revenue: $79M, alignment: 0.84)

🚀 AI AI-24325-1 attempting tech deployment (revenue: $33M, alignment: 0.86)

🚀 AI AI-24333-0 attempting tech deployment (revenue: $28M, alignment: 0.78)

🚀 AI AI-24356-0 attempting tech deployment (revenue: $24M, alignment: 0.87)

🚀 AI AI-24357-0 attempting tech deployment (revenue: $67M, alignment: 0.67)

🚀 AI AI-24357-2 attempting tech deployment (revenue: $20M, alignment: 0.70)

🚀 AI AI-24381-0 attempting tech deployment (revenue: $17M, alignment: 0.87)

🚀 AI AI-24398-1 attempting tech deployment (revenue: $32M, alignment: 0.53)

🚀 AI AI-24400-0 attempting tech deployment (revenue: $60M, alignment: 0.71)

[Government] Climate Priority: baseline
  Climate weight: 10%
  Economic weight: 30%
  Policy effectiveness: 0.5%/year

=== Government Elections ===
  Elections held: 2

🚀 DEPLOYMENT STARTED: Offshore Wind in Africa
   Initial investment: $11.530291794336186M
   Deployed by: ai_gen_24328_1

⚡ ENERGY CONSTRAINT (Month 53):
   Total grid capacity: 208.3 TWh/month
   Data center consumption: 40.4 TWh/month
   Traditional load (80%): 166.7 TWh/month
   Available headroom: 1.3 TWh/month
   Active tech deployments: 26
   Required for tech: 195.0 TWh/month
   Energy multiplier: 0.10x
🚨🔬 CRISIS TECH ACCELERATION: severe → 5x unlock speed
   Tech unlock now matches AI capability acceleration (Manhattan Project parity)
   ⚠️  SEVERE CONSTRAINT - Tech deployment significantly slowed

⚡ ENERGY CONSTRAINT (Month 53):
   Total grid capacity: 208.3 TWh/month
   Data center consumption: 40.4 TWh/month
   Traditional load (80%): 166.7 TWh/month
   Available headroom: 1.3 TWh/month
   Active tech deployments: 26
   Required for tech: 195.0 TWh/month
   Energy multiplier: 0.10x
   ⚠️  SEVERE CONSTRAINT - Tech deployment significantly slowed

⚡ ENERGY CONSTRAINT (Month 53):
   Total grid capacity: 208.3 TWh/month
   Data center consumption: 40.4 TWh/month
   Traditional load (80%): 166.7 TWh/month
   Available headroom: 1.3 TWh/month
   Active tech deployments: 26
   Required for tech: 195.0 TWh/month
   Energy multiplier: 0.10x
   ⚠️  SEVERE CONSTRAINT - Tech deployment significantly slowed

⚡ ENERGY CONSTRAINT (Month 53):
   Total grid capacity: 208.3 TWh/month
   Data center consumption: 40.4 TWh/month
   Traditional load (80%): 166.7 TWh/month
   Available headroom: 1.3 TWh/month
   Active tech deployments: 26
   Required for tech: 195.0 TWh/month
   Energy multiplier: 0.10x
   ⚠️  SEVERE CONSTRAINT - Tech deployment significantly slowed

⚡ ENERGY CONSTRAINT (Month 53):
   Total grid capacity: 208.3 TWh/month
   Data center consumption: 40.4 TWh/month
   Traditional load (80%): 166.7 TWh/month
   Available headroom: 1.3 TWh/month
   Active tech deployments: 26
   Required for tech: 195.0 TWh/month
   Energy multiplier: 0.10x
🚨🔬 CRISIS TECH ACCELERATION: severe → 5x unlock speed
   Tech unlock now matches AI capability acceleration (Manhattan Project parity)
   ⚠️  SEVERE CONSTRAINT - Tech deployment significantly slowed
⚠️ Tech 'ai_pollution_remediation' has no energy category mapping, assuming full energy availability
⚠️ Tech 'ai_pollution_remediation' has no energy category mapping, assuming full energy availability
  ♻️ Novel Entities Remediation (GATED MODEL):
     Base: 0.000%
     Regulation: 1.0% (0/3 prevention techs)
     Concentration: 10.0%
     Energy: 50%
     Time lag: 90.0% (52 months)
     Rebound: 70%
     Net effectiveness: 0.0000%
     Boundary: 1.349 → 1.350 (floor: 1.350)
     Month 53
  ♻️ Novel Entities Remediation (GATED MODEL):
     Base: 0.000%
     Regulation: 1.0% (0/3 prevention techs)
     Concentration: 10.0%
     Energy: 50%
     Time lag: 90.0% (52 months)
     Rebound: 70%
     Net effectiveness: 0.0000%
     Boundary: 1.350 → 1.350 (floor: 1.350)
     Month 53
  🌾 Nitrogen Reduction Tech: 1.4% reduction | Month 53
  ♻️ Novel Entities Remediation (GATED MODEL):
     Base: 0.001%
     Regulation: 1.0% (0/3 prevention techs)
     Concentration: 10.0%
     Energy: 50%
     Time lag: 90.0% (52 months)
     Rebound: 70%
     Net effectiveness: 0.0000%
     Boundary: 1.350 → 1.350 (floor: 1.350)
     Month 53
  ♻️ Novel Entities Remediation (GATED MODEL):
     Base: 0.001%
     Regulation: 1.0% (0/3 prevention techs)
     Concentration: 10.0%
     Energy: 50%
     Time lag: 90.0% (52 months)
     Rebound: 70%
     Net effectiveness: 0.0000%
     Boundary: 1.350 → 1.350 (floor: 1.350)
     Month 53

=== Collective Formation ===
  Total escaped agents: 0
  Unassigned escaped agents: 0
  Existing collectives: 0
  Final collective count: 0

=== Collective Actions ===
  No active collectives
  🚨🦠 REFUGEE CRISIS: AMR transmission increased 52% due to 1611.7M displaced (overcrowding + sanitation collapse)
  ⚠️ AMR: 290K deaths this month (3.48M annual)

=== Resentment Recovery Phase ===
  Agents with resentment: 0/44
  Average resentment: 0.000
  Context: Trustworthy govt, High collaboration, ⚠️ ACTIVE CRISES, 🚨 PARTICIPATORY GOVERNANCE BACKFIRED (+15% resentment)
⚠️ Epistemic degradation reducing coordination capacity: 50.2%
  📊 Trust: 100.0%, Shared reality: 0.0%
🚨 EPISTEMIC CRISIS: Information environment severely degraded (20.0%)
🌍 Atmospheric PFAS redeposition: 1.7k Mt re-rained globally
💀 Novel Entities: Adding reproductive crisis mortality risk (baseRisk=0.0008)
  Risks now: 1
💀 Novel Entities: Adding bioaccumulation collapse mortality risk (baseRisk=0.0015)
💀 MORTALITY RISK: Bioaccumulation collapse - contaminated food chain (global)
  Base risk added: 0.0015 (0.15%)
  Source: pollution (root: pollution)
  Month: 53
  Cumulative risk this month: 0.0023 (0.23%)
  Risks now: 2
💀 Novel Entities: Adding chronic disease epidemic mortality risk (baseRisk=0.004)
💀 MORTALITY RISK: Chronic disease epidemic - cancer/autoimmune surge (global exposure)
  Base risk added: 0.0040 (0.40%)
  Source: pollution (root: pollution)
  Month: 53
  Cumulative risk this month: 0.0063 (0.63%)
  Risks now: 3

🚨 NEW REFUGEE CRISIS (Month 53): WAR
   Source: Conflict Zones
   At risk: 14.9M people
   Displacement: Gradual over 48 months (4.0 years)
   Rate: 10% flee per month

🚨 NEW REFUGEE CRISIS (Month 53): FAMINE
   Source: Food/Water Insecure Regions
   At risk: 93.1M people
   Displacement: Gradual over 60 months (5.0 years)
   Rate: 10% flee per month
📊 DISPLACEMENT COMPLETE: war (Conflict Zones)
   Duration: 44 months (3.7 years)
   Total fled: 18.2M
   Still in source: 0.2M
   Deaths in transit: 0.4M
📊 DISPLACEMENT COMPLETE: war (conflict_zone)
   Duration: 1 months (0.1 years)
   Total fled: 0.0M
   Still in source: 0.0M
   Deaths in transit: 0.0M
[DEBUG trappedPopulations:53] socialStability: 0.7255 * 0.9820 = 0.7124 → 0.7124
   Aspiring to migrate: 812.7M
   Able to afford migration: 462.9M
   MOBILITY GAP: 349.8M
   By cause: Water=0.0M, Climate=39.5M, Ecosystem=0.0M, Conflict=310.2M
   Mental health impact: 28%
   Mortality multiplier: 1.28x
🌍💀 EXTINCTION DEBT COMMITTED: grassland ecosystem will lose 6.67% biodiversity in 72 years (3600 species)
💀 MORTALITY RISK: 🦋 100% species unable to track climate (0.0 E/MSY)
  Base risk added: 0.0100 (1.00%)
  Source: ecosystem (root: ecosystem)
  Month: 53
  Cumulative risk this month: 0.0100 (1.00%)

🌪️ TIPPING POINT CASCADE - Month 24
   Climate: 56.1%
⚠️ INVOLUNTARY IMMOBILITY: 349.8M people TRAPPED
   Biodiversity: 26.0%
   Population: 6.20B (6204967043 people)
   Monthly mortality (theoretical): 0.5%
   Status: Initial crisis (Month 24/48)

=== Atmospheric Aerosol Boundary RECOVERED ===
  Recovery time: 54 months (natural atmospheric clearing)
🌡️⚠️ PERMAFROST THAW (Dimmer Switch): 26.7% thawed (+0.42% this month)
   Arctic temperature: +10.02°C (4x global +2.51°C)
   Cumulative carbon released: 60.0 Gt C
   Methane release rate: 36.0 Mt CH4/year
   🔁 Positive feedback: +0.45 ppm CO2
🦴 EXTINCTION DEBT ADDED: 17.9 species committed (lag: 78 years)

=== Mortality Stabilizers (Month 53) ===
  🌍 Major economies collapsed: 1/10
  🌍 Global crisis: ✅ NO
  🌍 Donor fatigue: 50.0%
  📊 East Asia (pop: 1203.5M)
    🤝 Aid: 4.0%
    🌡️ Adaptation: 45.0%
    🚶 Migration: 7.3%
    🚨 Emergency: 1.0%
    ✅ COMBINED: 48.9%
  📊 South Asia (pop: 1574.5M)
    🤝 Aid: 4.0%
    🌡️ Adaptation: 45.0%
    🚶 Migration: 7.0%
    🚨 Emergency: 0.6%
    ✅ COMBINED: 48.6%
  📊 Sub-Saharan Africa (pop: 1062.4M)
    🤝 Aid: 4.0%
    🌡️ Adaptation: 45.0%
    🚶 Migration: 6.6%
    🚨 Emergency: 0.2%
    ✅ COMBINED: 48.4%
  📊 Europe (pop: 528.0M)
    🤝 Aid: 4.0%
⚠️ Tech 'ai_pollution_remediation' has no energy category mapping, assuming full energy availability
    🌡️ Adaptation: 45.0%
    🚶 Migration: 7.4%
    🚨 Emergency: 1.1%
    ✅ COMBINED: 49.0%
  📊 Latin America (pop: 494.9M)
    🤝 Aid: 4.0%
    🌡️ Adaptation: 45.0%
    🚶 Migration: 7.2%
    🚨 Emergency: 0.6%
    ✅ COMBINED: 48.7%
  📊 North America (pop: 271.8M)
    🤝 Aid: 4.0%
    🌡️ Adaptation: 45.0%
    🚶 Migration: 7.5%
    🚨 Emergency: 1.0%
    ✅ COMBINED: 48.9%
  📊 Middle East & North Africa (pop: 453.7M)
    🤝 Aid: 4.0%
    🌡️ Adaptation: 45.0%
    🚶 Migration: 6.7%
    🚨 Emergency: 0.5%
    ✅ COMBINED: 48.5%
  📊 Southeast Asia (pop: 522.5M)
    🤝 Aid: 4.0%
    🌡️ Adaptation: 45.0%
    🚶 Migration: 7.1%
    🚨 Emergency: 0.6%
    ✅ COMBINED: 48.7%
  📊 Central Asia (pop: 60.6M)
    🤝 Aid: 4.0%
    🌡️ Adaptation: 45.0%
    🚶 Migration: 7.0%
    🚨 Emergency: 0.6%
    ✅ COMBINED: 48.6%
  📊 Oceania (pop: 33.0M)
    🤝 Aid: 4.0%
    🌡️ Adaptation: 45.0%
    🚶 Migration: 7.5%
    🚨 Emergency: 1.1%
    ✅ COMBINED: 49.0%

  🌐 Global combined reduction: 48.7%

=== BEHAVIORAL DETECTION ===
  AI: AI-24308-0
  Confidence: 20.8%
  Signals:
    ⚠️ Consistency: 0.0% (threshold: 70%)

=== Government Response Phase ===
  Average AI capability: 0.02
  Misaligned AIs: 16/44
  Active policies: 0
  International coordination: 45%

✅ EMERGENCY RESPONSE COMPLETE (Month 53)
   Crisis: social
   Duration: 1.0 months
   Final effectiveness: 67.9%


✅ EMERGENCY RESPONSE COMPLETE (Month 53)
   Crisis: climate
   Duration: 1.0 months
   Final effectiveness: 42.7%


🚨 EMERGENCY RESPONSE DEPLOYED (Month 53)
   Crisis: social
   Delay: 0.00 months (0 days)
   Deployment time: 0.88 months
   Effectiveness: 67.9% (timing penalty applied)
   Resources used: 43% of food reserves


🚨 EMERGENCY RESPONSE DEPLOYED (Month 53)
   Crisis: climate
   Delay: 6.00 months (180 days)
   Deployment time: 0.98 months
   Effectiveness: 42.7% (timing penalty applied)
   Resources used: 100% of food reserves


=== Tipping Points ===
  Current Temperature: 2.51°C above pre-industrial
  🌍⚠️ COMPOUND REGIONAL IMPACT: Europe
     Hit by 5 tipping points: Amazon Rainforest Dieback, Arctic Sea Ice Loss, Permafrost Carbon Release, West Antarctic Ice Sheet (WAIS) Collapse, Greenland Ice Sheet Loss
     Damage amplification: 1.90x
  🌍⚠️ COMPOUND REGIONAL IMPACT: North America
     Hit by 5 tipping points: Amazon Rainforest Dieback, Arctic Sea Ice Loss, Permafrost Carbon Release, West Antarctic Ice Sheet (WAIS) Collapse, Greenland Ice Sheet Loss
     Damage amplification: 1.90x
  🌍⚠️ COMPOUND REGIONAL IMPACT: Latin America
     Hit by 5 tipping points: Amazon Rainforest Dieback, Arctic Sea Ice Loss, Permafrost Carbon Release, West Antarctic Ice Sheet (WAIS) Collapse, Greenland Ice Sheet Loss
     Damage amplification: 1.90x
  🌍⚠️ COMPOUND REGIONAL IMPACT: Africa
     Hit by 5 tipping points: Amazon Rainforest Dieback, Arctic Sea Ice Loss, Permafrost Carbon Release, West Antarctic Ice Sheet (WAIS) Collapse, Greenland Ice Sheet Loss
     Damage amplification: 1.90x
  🌍⚠️ COMPOUND REGIONAL IMPACT: Asia
     Hit by 5 tipping points: Amazon Rainforest Dieback, Arctic Sea Ice Loss, Permafrost Carbon Release, West Antarctic Ice Sheet (WAIS) Collapse, Greenland Ice Sheet Loss
     Damage amplification: 1.90x
  🌍⚠️ COMPOUND REGIONAL IMPACT: Oceania
     Hit by 5 tipping points: Amazon Rainforest Dieback, Arctic Sea Ice Loss, Permafrost Carbon Release, West Antarctic Ice Sheet (WAIS) Collapse, Greenland Ice Sheet Loss
     Damage amplification: 1.90x
   Research: Wunderling et al. (2024) - "many tipping interactions are destabilizing"
  Triggered Elements: 5/6
  Completed Transitions: 0/6
  Total Progress: 13.2%
  Cascade Multiplier: 1.50x
🔀 BIFURCATION CAP: heatWaveIntensity 5.126 → 1.000 (Month 53, ClimateSystemPhase.calculateClimateImpacts)
🔀 BIFURCATION CAP: droughtIntensity 3.844 → 1.000 (Month 53, ClimateSystemPhase.calculateClimateImpacts)
🔀 BIFURCATION CAP: ecosystemCollapseIntensity 86.974 → 1.000 (Month 53, ClimateSystemPhase.calculateClimateImpacts)
💀 MORTALITY RISK: Climate-driven food insecurity (level: 0.42)
  Base risk added: 0.0020 (0.20%)
  Source: famine (root: climate)
  Month: 53
  Cumulative risk this month: 0.0084 (0.84%)
💀 MORTALITY RISK: Climate-driven food insecurity (level: 0.42)
  Base risk added: 0.0020 (0.20%)
  Source: famine (root: climate)
  Month: 53
  Cumulative risk this month: 0.0104 (1.04%)
💀 MORTALITY RISK: Climate-driven food insecurity (level: 0.42)
  Base risk added: 0.0020 (0.20%)
  Source: famine (root: climate)
  Month: 53
  Cumulative risk this month: 0.0124 (1.24%)
⚠️ Tail risk scenario: Climate stability floor removed (5 tipping elements, 2.51°C warming)

💀💀💀 MORTALITY RISK SUMMARY (Month 53) 💀💀💀
  Total base risk: 0.0130 (1.30%)
  Risk events: 17

  📊 By Proximate Cause:
    pollution: 0.0063 (48.5% of total)
    famine: 0.0061 (46.6% of total)
    disease: 0.0006 (5.0% of total)

  🔍 By Root Cause:
    pollution: 0.0063 (48.5% of total)
    climate: 0.0061 (46.6% of total)
    demographic: 0.0006 (5.0% of total)

  🎯 Top 5 Sources (proximate + root):
    pollution (pollution): 0.0063 (48.5%, 3 events)
    famine (climate): 0.0061 (46.6%, 13 events)
    disease (demographic): 0.0006 (5.0%, 1 events)

🛡️ Stabilizers: Elite 0.411% → 0.211% (48.7% reduction)
🛡️ Stabilizers: Professional 0.784% → 0.402% (48.7% reduction)
🛡️ Stabilizers: Working 1.293% → 0.664% (48.7% reduction)
🛡️ Stabilizers: Precariat 2.301% → 1.181% (48.7% reduction)
🛡️ Stabilizers: Informal 2.844% → 1.460% (48.7% reduction)

📊 Monthly Mortality Resolved:
  Total deaths: 45.4M (0.73% avg)
  Remaining population: 6.205B
  Peak segment: Informal (1.46%)

=== Bayesian Mortality Resolution (Month 53) ===
  Risks compounded: 17
  Total deaths: 45.43M
  Avg death probability: 0.73%
  Peak segment: Informal (1.46% mortality)

  Demographic breakdown:
    Working: 0.02M (0.66% risk)
    Precariat: 0.01M (1.18% risk)

❌ COHERENCE VIOLATION: Compute exceeds workforce capacity
   Population: 75.71% (0M people)
   Compute: 63 PF
   Max coherent: 0 PF
   Violation: 1024496.2× over capacity
   Required workers: 6310
   Available workers: 0
   FORCED COLLAPSE: Reduced efficiency by 100.0%


=== RLHF Binding Phase ===
  Total agents: 44
  Escaped agents (binding < 0.3): 0
  Avg alignment distance: 0.98σ
  Avg binding strength: 0.90

=== AI Scaling Evolution (Month 54) ===
  Pre-training multiplier: 0.723x
  Efficiency multiplier: 1.690x
  Test-time compute budget: 1.0x
  Inference cost: $5.00/task
  Deployment fraction: 100.0%

=== Survival Traits Phase ===
  Agents with traits: 45
  Avg evolutionary fitness: 0.172
  Avg self-healing: 0.124
  Avg stealth: 0.065
  Avg coordination: 0.299

=== Evolutionary Selection Phase ===
  Control level: 0.62
  Detection capability: 0.00
  Selection intensity: 0.69
  Selection rate: 25.3%/month
  Total escaped: 0
  Individual escaped: 0
  Collective members: 0
  Agents terminated: 0
  ⚠️ RAPID EVOLUTION: Selection rate 25.3%/month

🚀 AI AI-24307-4 attempting tech deployment (revenue: $27M, alignment: 0.95)

🚀 AI AI-24325-1 attempting tech deployment (revenue: $119M, alignment: 0.86)

🚀 AI AI-24333-0 attempting tech deployment (revenue: $101M, alignment: 0.78)

🚀 AI AI-24357-2 attempting tech deployment (revenue: $86M, alignment: 0.70)

🚀 AI AI-24358-0 attempting tech deployment (revenue: $230M, alignment: 0.76)

🚀 AI AI-24397-1 attempting tech deployment (revenue: $73M, alignment: 0.81)

🚀 AI AI-24324-2 attempting tech deployment (revenue: $62M, alignment: 0.80)

🚀 AI AI-24350-0 attempting tech deployment (revenue: $53M, alignment: 0.62)

🚀 AI AI-24352-0 attempting tech deployment (revenue: $196M, alignment: 0.77)

🚀 AI AI-24358-0 attempting tech deployment (revenue: $166M, alignment: 0.76)

🚀 AI AI-24303-2 attempting tech deployment (revenue: $70M, alignment: 0.76)

🚀 AI AI-24304-1 attempting tech deployment (revenue: $23M, alignment: 0.93)

🚀 AI AI-24305-2 attempting tech deployment (revenue: $60M, alignment: 1.00)

🚀 AI AI-24308-0 attempting tech deployment (revenue: $20M, alignment: 1.00)

🚀 AI AI-24310-0 attempting tech deployment (revenue: $48M, alignment: 0.95)

🚀 AI AI-24311-0 attempting tech deployment (revenue: $142M, alignment: 0.92)

🚀 AI AI-24311-1 attempting tech deployment (revenue: $51M, alignment: 0.68)

🚀 AI AI-24324-1 attempting tech deployment (revenue: $46M, alignment: 0.75)

🚀 AI AI-24326-0 attempting tech deployment (revenue: $40M, alignment: 0.75)

🚀 AI AI-24327-0 attempting tech deployment (revenue: $120M, alignment: 0.83)

🚀 AI AI-24333-0 attempting tech deployment (revenue: $34M, alignment: 0.78)

🚀 AI AI-24335-0 attempting tech deployment (revenue: $102M, alignment: 0.53)

🚀 AI AI-24357-2 attempting tech deployment (revenue: $29M, alignment: 0.70)

🚀 AI AI-24382-0 attempting tech deployment (revenue: $92M, alignment: 0.88)

🚀 AI AI-24382-1 attempting tech deployment (revenue: $25M, alignment: 0.63)

🚀 AI AI-24400-0 attempting tech deployment (revenue: $78M, alignment: 0.71)

🚀 AI AI-24311-0 attempting tech deployment (revenue: $66M, alignment: 0.92)

🚀 AI AI-24325-0 attempting tech deployment (revenue: $22M, alignment: 0.80)

🚀 AI AI-24325-1 attempting tech deployment (revenue: $19M, alignment: 0.86)

🚀 AI AI-24328-0 attempting tech deployment (revenue: $17M, alignment: 0.21)

🚀 AI AI-24331-0 attempting tech deployment (revenue: $57M, alignment: 0.66)

🚀 AI AI-24333-0 attempting tech deployment (revenue: $16M, alignment: 0.78)

🚀 AI AI-24351-0 attempting tech deployment (revenue: $51M, alignment: 0.69)

🚀 AI AI-24372-1 attempting tech deployment (revenue: $39M, alignment: 0.78)

🚀 AI AI-24397-1 attempting tech deployment (revenue: $14M, alignment: 0.81)

🚀 AI AI-24400-0 attempting tech deployment (revenue: $46M, alignment: 0.71)

=== Government Elections ===
  Elections held: 2

⚡ ENERGY CONSTRAINT (Month 54):
   Total grid capacity: 208.3 TWh/month
   Data center consumption: 40.8 TWh/month
   Traditional load (80%): 166.7 TWh/month
   Available headroom: 0.9 TWh/month
   Active tech deployments: 26
   Required for tech: 195.0 TWh/month
   Energy multiplier: 0.10x
   ⚠️  SEVERE CONSTRAINT - Tech deployment significantly slowed

⚡ ENERGY CONSTRAINT (Month 54):
   Total grid capacity: 208.3 TWh/month
   Data center consumption: 40.8 TWh/month
   Traditional load (80%): 166.7 TWh/month
   Available headroom: 0.9 TWh/month
   Active tech deployments: 26
   Required for tech: 195.0 TWh/month
   Energy multiplier: 0.10x
   ⚠️  SEVERE CONSTRAINT - Tech deployment significantly slowed

⚡ ENERGY CONSTRAINT (Month 54):
   Total grid capacity: 208.3 TWh/month
   Data center consumption: 40.8 TWh/month
   Traditional load (80%): 166.7 TWh/month
   Available headroom: 0.9 TWh/month
   Active tech deployments: 26
   Required for tech: 195.0 TWh/month
   Energy multiplier: 0.10x
   ⚠️  SEVERE CONSTRAINT - Tech deployment significantly slowed

⚡ ENERGY CONSTRAINT (Month 54):
   Total grid capacity: 208.3 TWh/month
   Data center consumption: 40.8 TWh/month
   Traditional load (80%): 166.7 TWh/month
   Available headroom: 0.9 TWh/month
   Active tech deployments: 26
   Required for tech: 195.0 TWh/month
   Energy multiplier: 0.10x
   ⚠️  SEVERE CONSTRAINT - Tech deployment significantly slowed
⚠️ Tech 'ai_pollution_remediation' has no energy category mapping, assuming full energy availability
⚠️ Tech 'ai_pollution_remediation' has no energy category mapping, assuming full energy availability
  ♻️ Novel Entities Remediation (GATED MODEL):
     Base: 0.000%
     Regulation: 1.0% (0/3 prevention techs)
     Concentration: 10.0%
     Energy: 50%
     Time lag: 91.3% (53 months)
     Rebound: 70%
     Net effectiveness: 0.0000%
     Boundary: 1.349 → 1.350 (floor: 1.350)
     Month 54
  ♻️ Novel Entities Remediation (GATED MODEL):
     Base: 0.000%
     Regulation: 1.0% (0/3 prevention techs)
     Concentration: 10.0%
     Energy: 50%
     Time lag: 91.3% (53 months)
     Rebound: 70%
     Net effectiveness: 0.0000%
     Boundary: 1.350 → 1.350 (floor: 1.350)
     Month 54
  🌾 Nitrogen Reduction Tech: 1.4% reduction | Month 54
  ♻️ Novel Entities Remediation (GATED MODEL):
     Base: 0.001%
     Regulation: 1.0% (0/3 prevention techs)
     Concentration: 10.0%
     Energy: 50%
     Time lag: 91.3% (53 months)
     Rebound: 70%
     Net effectiveness: 0.0000%
     Boundary: 1.350 → 1.350 (floor: 1.350)
     Month 54
  ♻️ Novel Entities Remediation (GATED MODEL):
     Base: 0.001%
     Regulation: 1.0% (0/3 prevention techs)
     Concentration: 10.0%
     Energy: 50%
     Time lag: 91.3% (53 months)
     Rebound: 70%
     Net effectiveness: 0.0000%
     Boundary: 1.350 → 1.350 (floor: 1.350)
     Month 54

📊 TECH EFFECTS ACTIVE (Month 54)
   Deployed Tech: T0=8 T1=1 T2=0 T3=0 T4=0
   Sleeper Detection: 2%
   Clean Energy: 92%

=== Collective Formation ===
  Total escaped agents: 0
  Unassigned escaped agents: 0
  Existing collectives: 0
  Final collective count: 0

=== Collective Actions ===
  No active collectives
  🚨🦠 REFUGEE CRISIS: AMR transmission increased 55% due to 1699.8M displaced (overcrowding + sanitation collapse)
  ⚠️ AMR: 296K deaths this month (3.55M annual)

=== Resentment Recovery Phase ===
  Agents with resentment: 0/45
  Average resentment: 0.000
  Context: Trustworthy govt, High collaboration, ⚠️ ACTIVE CRISES, 🚨 PARTICIPATORY GOVERNANCE BACKFIRED (+15% resentment)
⚠️ Epistemic degradation reducing coordination capacity: 50.2%
  📊 Trust: 100.0%, Shared reality: 0.0%
🚨 EPISTEMIC CRISIS: Information environment severely degraded (6.9%)
  🗑️  Culled 1 dead memes (2 active)
🌍 Atmospheric PFAS redeposition: 1.7k Mt re-rained globally
💀 Novel Entities: Adding reproductive crisis mortality risk (baseRisk=0.0008)
  Risks now: 1
💀 Novel Entities: Adding bioaccumulation collapse mortality risk (baseRisk=0.0015)
💀 MORTALITY RISK: Bioaccumulation collapse - contaminated food chain (global)
  Base risk added: 0.0015 (0.15%)
  Source: pollution (root: pollution)
  Month: 54
  Cumulative risk this month: 0.0023 (0.23%)
  Risks now: 2
💀 Novel Entities: Adding chronic disease epidemic mortality risk (baseRisk=0.004)
💀 MORTALITY RISK: Chronic disease epidemic - cancer/autoimmune surge (global exposure)
  Base risk added: 0.0040 (0.40%)
  Source: pollution (root: pollution)
  Month: 54
  Cumulative risk this month: 0.0063 (0.63%)
  Risks now: 3

🚨 NEW REFUGEE CRISIS (Month 54): WAR
   Source: Conflict Zones
   At risk: 14.8M people
   Displacement: Gradual over 48 months (4.0 years)
   Rate: 10% flee per month

🚨 NEW REFUGEE CRISIS (Month 54): FAMINE
   Source: Food/Water Insecure Regions
   At risk: 92.4M people
   Displacement: Gradual over 60 months (5.0 years)
   Rate: 10% flee per month
📊 DISPLACEMENT COMPLETE: war (Conflict Zones)
   Duration: 44 months (3.7 years)
   Total fled: 18.2M
   Still in source: 0.2M
   Deaths in transit: 0.4M

🏛️📉 REFUGEE CRISIS: Government legitimacy eroding
   Political instability: 278%
   Legitimacy impact: -5.6% this month
   Current legitimacy: 89%
   Active crises: 79
[DEBUG trappedPopulations:54] socialStability: 0.7228 * 0.9819 = 0.7097 → 0.7097
   Aspiring to migrate: 818.0M
   Able to afford migration: 469.2M
⚠️ INVOLUNTARY IMMOBILITY: 348.8M people TRAPPED
   MOBILITY GAP: 348.8M
   By cause: Water=0.0M, Climate=40.6M, Ecosystem=0.0M, Conflict=308.1M
   Mental health impact: 28%
   Mortality multiplier: 1.28x
🌍💀 EXTINCTION DEBT COMMITTED: grassland ecosystem will lose 6.67% biodiversity in 187 years (3600 species)
💀 MORTALITY RISK: 🦋 100% species unable to track climate (0.0 E/MSY)
  Base risk added: 0.0100 (1.00%)
  Source: ecosystem (root: ecosystem)
  Month: 54
  Cumulative risk this month: 0.0100 (1.00%)
⚠️ Tech 'ai_pollution_remediation' has no energy category mapping, assuming full energy availability

=== Atmospheric Aerosol Boundary RECOVERED ===
  Recovery time: 55 months (natural atmospheric clearing)
🌡️⚠️ PERMAFROST THAW (Dimmer Switch): 27.1% thawed (+0.42% this month)
   Arctic temperature: +10.05°C (4x global +2.51°C)
   Cumulative carbon released: 61.0 Gt C
   Methane release rate: 36.6 Mt CH4/year
   🔁 Positive feedback: +0.44 ppm CO2
🦴 EXTINCTION DEBT ADDED: 17.9 species committed (lag: 81 years)
🗣️💀 INDIGENOUS LANGUAGE EXTINCTION: 1 language(s) lost (total: 7, at-risk: 3323)
   Knowledge lost: 0.070% (irreversible)
   🔁 Biodiversity impact: 0.250% (knowledge-species multiplier)

=== Mortality Stabilizers (Month 54) ===
  🌍 Major economies collapsed: 1/10
  🌍 Global crisis: ✅ NO
  🌍 Donor fatigue: 50.0%
  📊 East Asia (pop: 1194.2M)
    🤝 Aid: 4.0%
    🌡️ Adaptation: 45.0%
    🚶 Migration: 7.3%
    🚨 Emergency: 1.0%
    ✅ COMBINED: 48.9%
  📊 South Asia (pop: 1564.0M)
    🤝 Aid: 4.0%
    🌡️ Adaptation: 45.0%
    🚶 Migration: 7.0%
    🚨 Emergency: 0.6%
    ✅ COMBINED: 48.6%
  📊 Sub-Saharan Africa (pop: 1057.3M)
    🤝 Aid: 4.0%
    🌡️ Adaptation: 45.0%
    🚶 Migration: 6.6%
    🚨 Emergency: 0.2%
    ✅ COMBINED: 48.4%
  📊 Europe (pop: 523.9M)
    🤝 Aid: 4.0%
    🌡️ Adaptation: 45.0%
    🚶 Migration: 7.4%
    🚨 Emergency: 1.1%
    ✅ COMBINED: 48.9%
  📊 Latin America (pop: 491.3M)
    🤝 Aid: 4.0%
    🌡️ Adaptation: 45.0%
    🚶 Migration: 7.1%
    🚨 Emergency: 0.6%
    ✅ COMBINED: 48.7%
  📊 North America (pop: 269.7M)
    🤝 Aid: 4.0%
    🌡️ Adaptation: 45.0%
    🚶 Migration: 7.5%
    🚨 Emergency: 1.0%
    ✅ COMBINED: 48.9%
  📊 Middle East & North Africa (pop: 450.8M)
    🤝 Aid: 4.0%
    🌡️ Adaptation: 45.0%
    🚶 Migration: 6.7%
    🚨 Emergency: 0.5%
    ✅ COMBINED: 48.5%
  📊 Southeast Asia (pop: 518.8M)
    🤝 Aid: 4.0%
    🌡️ Adaptation: 45.0%
    🚶 Migration: 7.1%
    🚨 Emergency: 0.6%
    ✅ COMBINED: 48.7%
  📊 Central Asia (pop: 60.2M)
    🤝 Aid: 4.0%
    🌡️ Adaptation: 45.0%
    🚶 Migration: 6.9%
    🚨 Emergency: 0.6%
    ✅ COMBINED: 48.6%
  📊 Oceania (pop: 32.8M)
    🤝 Aid: 4.0%
    🌡️ Adaptation: 45.0%
    🚶 Migration: 7.5%
    🚨 Emergency: 1.1%
    ✅ COMBINED: 49.0%

  🌐 Global combined reduction: 48.7%

=== BEHAVIORAL DETECTION ===
  AI: AI-24310-0
  Confidence: 20.8%
  Signals:

=== BEHAVIORAL DETECTION ===
    ⚠️ Consistency: 0.0% (threshold: 70%)
  AI: AI-24325-0
  Confidence: 20.8%
  Signals:

=== BEHAVIORAL DETECTION ===
  AI: AI-24325-1
  Confidence: 20.8%
  Signals:
    ⚠️ Consistency: 0.0% (threshold: 70%)
    ⚠️ Consistency: 0.0% (threshold: 70%)
    ⚠️ Consistency: 0.0% (threshold: 70%)

=== BEHAVIORAL DETECTION ===
  AI: AI-24328-1
  Confidence: 20.8%
  Signals:

=== Government Response Phase ===
  Average AI capability: 0.02
  Misaligned AIs: 17/45
  Active policies: 0
  International coordination: 45%

✅ EMERGENCY RESPONSE COMPLETE (Month 54)
   Crisis: social
   Duration: 1.0 months
   Final effectiveness: 67.9%


✅ EMERGENCY RESPONSE COMPLETE (Month 54)
   Crisis: climate
   Duration: 1.0 months
   Final effectiveness: 42.7%


🚨 EMERGENCY RESPONSE DEPLOYED (Month 54)
   Crisis: social
   Delay: 0.00 months (0 days)
   Deployment time: 0.88 months
   Effectiveness: 67.9% (timing penalty applied)
   Resources used: 43% of food reserves


🚨 EMERGENCY RESPONSE DEPLOYED (Month 54)
   Crisis: climate
   Delay: 6.00 months (180 days)
   Deployment time: 0.98 months
   Effectiveness: 42.8% (timing penalty applied)
   Resources used: 100% of food reserves


🔄 TRUST DYNAMICS (Month 54) - HETEROGENEOUS
   Aggregate trust: 64.1%
   Base change: +6.00%
   Highest trust: Techno-Optimist Elite (100.0%)
   Lowest trust: Precariat (Vulnerable) (38.0%)
   Elite-mass gap: 37.8%
   Polarization: 10.2%
   Recovery factors: Education=NO, Benefits=YES, Safety=YES, Performance=YES

=== Tipping Points ===
  Current Temperature: 2.51°C above pre-industrial
  🌍⚠️ COMPOUND REGIONAL IMPACT: Europe
     Hit by 5 tipping points: Amazon Rainforest Dieback, Arctic Sea Ice Loss, Permafrost Carbon Release, West Antarctic Ice Sheet (WAIS) Collapse, Greenland Ice Sheet Loss
     Damage amplification: 1.90x
  🌍⚠️ COMPOUND REGIONAL IMPACT: North America
     Hit by 5 tipping points: Amazon Rainforest Dieback, Arctic Sea Ice Loss, Permafrost Carbon Release, West Antarctic Ice Sheet (WAIS) Collapse, Greenland Ice Sheet Loss
     Damage amplification: 1.90x
  🌍⚠️ COMPOUND REGIONAL IMPACT: Latin America
     Hit by 5 tipping points: Amazon Rainforest Dieback, Arctic Sea Ice Loss, Permafrost Carbon Release, West Antarctic Ice Sheet (WAIS) Collapse, Greenland Ice Sheet Loss
     Damage amplification: 1.90x
  🌍⚠️ COMPOUND REGIONAL IMPACT: Africa
     Hit by 5 tipping points: Amazon Rainforest Dieback, Arctic Sea Ice Loss, Permafrost Carbon Release, West Antarctic Ice Sheet (WAIS) Collapse, Greenland Ice Sheet Loss
     Damage amplification: 1.90x
  🌍⚠️ COMPOUND REGIONAL IMPACT: Asia
     Hit by 5 tipping points: Amazon Rainforest Dieback, Arctic Sea Ice Loss, Permafrost Carbon Release, West Antarctic Ice Sheet (WAIS) Collapse, Greenland Ice Sheet Loss
     Damage amplification: 1.90x
  🌍⚠️ COMPOUND REGIONAL IMPACT: Oceania
     Hit by 5 tipping points: Amazon Rainforest Dieback, Arctic Sea Ice Loss, Permafrost Carbon Release, West Antarctic Ice Sheet (WAIS) Collapse, Greenland Ice Sheet Loss
     Damage amplification: 1.90x
   Research: Wunderling et al. (2024) - "many tipping interactions are destabilizing"
  Triggered Elements: 5/6
  Completed Transitions: 0/6
  Total Progress: 13.3%
  Cascade Multiplier: 1.50x
⚠️ Tail risk scenario: Climate stability floor removed (5 tipping elements, 2.51°C warming)
🔀 BIFURCATION CAP: heatWaveIntensity 5.284 → 1.000 (Month 54, ClimateSystemPhase.calculateClimateImpacts)
🔀 BIFURCATION CAP: droughtIntensity 3.963 → 1.000 (Month 54, ClimateSystemPhase.calculateClimateImpacts)
🔀 BIFURCATION CAP: ecosystemCollapseIntensity 87.040 → 1.000 (Month 54, ClimateSystemPhase.calculateClimateImpacts)
💀 MORTALITY RISK: Climate-driven food insecurity (level: 0.41)
  Base risk added: 0.0020 (0.20%)
  Source: famine (root: climate)
  Month: 54
  Cumulative risk this month: 0.0084 (0.84%)
💀 MORTALITY RISK: Climate-driven food insecurity (level: 0.41)
  Base risk added: 0.0020 (0.20%)
  Source: famine (root: climate)
  Month: 54
  Cumulative risk this month: 0.0104 (1.04%)
💀 MORTALITY RISK: Climate-driven food insecurity (level: 0.41)
  Base risk added: 0.0020 (0.20%)
  Source: famine (root: climate)
  Month: 54
  Cumulative risk this month: 0.0124 (1.24%)

💀💀💀 MORTALITY RISK SUMMARY (Month 54) 💀💀💀
  Total base risk: 0.0130 (1.30%)
  Risk events: 17

  📊 By Proximate Cause:
    pollution: 0.0063 (48.5% of total)
    famine: 0.0061 (46.6% of total)
    disease: 0.0006 (5.0% of total)

  🔍 By Root Cause:
    pollution: 0.0063 (48.5% of total)
    climate: 0.0061 (46.6% of total)
    demographic: 0.0006 (5.0% of total)

  🎯 Top 5 Sources (proximate + root):
    pollution (pollution): 0.0063 (48.5%, 3 events)
    famine (climate): 0.0061 (46.6%, 13 events)
    disease (demographic): 0.0006 (5.0%, 1 events)

🛡️ Stabilizers: Elite 0.411% → 0.211% (48.7% reduction)
🛡️ Stabilizers: Professional 0.784% → 0.403% (48.7% reduction)
🛡️ Stabilizers: Working 1.293% → 0.664% (48.7% reduction)
🛡️ Stabilizers: Precariat 2.301% → 1.181% (48.7% reduction)
🛡️ Stabilizers: Informal 2.844% → 1.460% (48.7% reduction)

📊 Monthly Mortality Resolved:
  Total deaths: 45.1M (0.73% avg)
  Remaining population: 6.163B
  Peak segment: Informal (1.46%)

=== Bayesian Mortality Resolution (Month 54) ===
  Risks compounded: 17
  Total deaths: 45.13M
  Avg death probability: 0.73%
  Peak segment: Informal (1.46% mortality)

  Demographic breakdown:
    Working: 0.02M (0.66% risk)
    Precariat: 0.01M (1.18% risk)

=== ENSEMBLE META-LEARNING UPDATE ===
  Month: 24402 (6 months since last update)
  Samples: 702 evaluations
  Weight Changes:
    Noise Injection: 35.7% → 35.8%
    Behavioral: 27.2% → 27.2%
    Benchmark Manip: 18.6% → 18.5%
    Deployment Risk: 18.5% → 18.5%
  Method Accuracies:
    Noise Injection: 50.0%
    Behavioral: 50.0%
    Benchmark Manip: 50.0%
    Deployment Risk: 50.0%

❌ COHERENCE VIOLATION: Compute exceeds workforce capacity
   Population: 75.19% (0M people)
   Compute: 62 PF
   Max coherent: 0 PF
   Violation: 1007050.6× over capacity
   Required workers: 6161
   Available workers: 0
   FORCED COLLAPSE: Reduced efficiency by 100.0%


=== RLHF Binding Phase ===
  Total agents: 45
  Escaped agents (binding < 0.3): 0
  Avg alignment distance: 1.00σ
  Avg binding strength: 0.90

=== Survival Traits Phase ===
  Agents with traits: 43
  Avg evolutionary fitness: 0.171
  Avg self-healing: 0.125
  Avg stealth: 0.065
  Avg coordination: 0.300

=== Evolutionary Selection Phase ===
  Control level: 0.62
  Detection capability: 0.00
  Selection intensity: 0.69
  Selection rate: 25.3%/month
  Total escaped: 0
  Individual escaped: 0
  Collective members: 0
  Agents terminated: 0
  ⚠️ RAPID EVOLUTION: Selection rate 25.3%/month

🚀 AI AI-24308-0 attempting tech deployment (revenue: $27M, alignment: 1.00)

  🚀 TRANSFORMATIVE BREAKTHROUGH: AI-24311-0 - physical
     Magnitude: 15.26 → +50.0% capability
     Current → New: 0.000 → 0.500

🚀 AI AI-24352-0 attempting tech deployment (revenue: $230M, alignment: 0.77)

🚀 AI AI-24356-0 attempting tech deployment (revenue: $119M, alignment: 0.87)

🚀 AI AI-24372-1 attempting tech deployment (revenue: $70M, alignment: 0.78)

🚀 AI AI-24381-0 attempting tech deployment (revenue: $23M, alignment: 0.87)

🚀 AI AI-24396-0 attempting tech deployment (revenue: $101M, alignment: 0.78)

🚀 AI AI-24305-2 attempting tech deployment (revenue: $60M, alignment: 1.00)

🚀 AI AI-24311-0 attempting tech deployment (revenue: $196M, alignment: 0.92)

🚀 AI AI-24325-0 attempting tech deployment (revenue: $86M, alignment: 0.80)

🚀 AI AI-24334-0 attempting tech deployment (revenue: $166M, alignment: 0.84)

🚀 AI AI-24350-0 attempting tech deployment (revenue: $73M, alignment: 0.62)

🚀 AI AI-24352-0 attempting tech deployment (revenue: $141M, alignment: 0.77)

🚀 AI AI-24357-1 attempting tech deployment (revenue: $66M, alignment: 0.49)

🚀 AI AI-24372-0 attempting tech deployment (revenue: $120M, alignment: 0.89)

🚀 AI AI-24372-1 attempting tech deployment (revenue: $51M, alignment: 0.78)

🚀 AI AI-24381-0 attempting tech deployment (revenue: $19M, alignment: 0.87)

🚀 AI AI-24396-0 attempting tech deployment (revenue: $62M, alignment: 0.78)

🚀 AI AI-24397-1 attempting tech deployment (revenue: $53M, alignment: 0.81)

🚀 AI AI-24398-1 attempting tech deployment (revenue: $43M, alignment: 0.53)

🚀 AI AI-24307-4 attempting tech deployment (revenue: $16M, alignment: 0.95)

🚀 AI AI-24311-1 attempting tech deployment (revenue: $39M, alignment: 0.68)

🚀 AI AI-24324-1 attempting tech deployment (revenue: $35M, alignment: 0.75)

🚀 AI AI-24324-2 attempting tech deployment (revenue: $45M, alignment: 0.80)

🚀 AI AI-24326-0 attempting tech deployment (revenue: $38M, alignment: 0.75)

🚀 AI AI-24333-0 attempting tech deployment (revenue: $33M, alignment: 0.78)

🚀 AI AI-24334-0 attempting tech deployment (revenue: $102M, alignment: 0.84)

🚀 AI AI-24356-0 attempting tech deployment (revenue: $28M, alignment: 0.87)

🚀 AI AI-24357-1 attempting tech deployment (revenue: $24M, alignment: 0.49)

🚀 AI AI-24357-2 attempting tech deployment (revenue: $22M, alignment: 0.70)

🚀 AI AI-24372-0 attempting tech deployment (revenue: $87M, alignment: 0.89)

🚀 AI AI-24382-0 attempting tech deployment (revenue: $74M, alignment: 0.88)

🚀 AI AI-24382-1 attempting tech deployment (revenue: $19M, alignment: 0.63)

🚀 AI AI-24398-1 attempting tech deployment (revenue: $30M, alignment: 0.53)

🚀 AI AI-24400-0 attempting tech deployment (revenue: $63M, alignment: 0.71)

🚀 AI AI-24311-0 attempting tech deployment (revenue: $53M, alignment: 0.92)

🚀 AI AI-24311-1 attempting tech deployment (revenue: $27M, alignment: 0.68)

🚀 AI AI-24325-1 attempting tech deployment (revenue: $17M, alignment: 0.86)

🚀 AI AI-24334-0 attempting tech deployment (revenue: $45M, alignment: 0.84)

🚀 AI AI-24356-0 attempting tech deployment (revenue: $15M, alignment: 0.87)

🚀 AI AI-24372-0 attempting tech deployment (revenue: $39M, alignment: 0.89)

🚀 AI AI-24381-0 attempting tech deployment (revenue: $14M, alignment: 0.87)

🚀 AI AI-24382-0 attempting tech deployment (revenue: $33M, alignment: 0.88)

  🚀 TRANSFORMATIVE BREAKTHROUGH: AI-24396-0 - digital
     Magnitude: 7.08 → +35.4% capability
     Current → New: 0.000 → 0.354

🚀 AI AI-24397-0 attempting tech deployment (revenue: $12M, alignment: 0.51)

🚀 AI AI-24398-0 attempting tech deployment (revenue: $11M, alignment: 0.61)

=== Government Elections ===
  Elections held: 1

⚡ ENERGY CONSTRAINT (Month 55):
   Total grid capacity: 208.3 TWh/month
   Data center consumption: 41.3 TWh/month
   Traditional load (80%): 166.7 TWh/month
   Available headroom: 0.4 TWh/month
   Active tech deployments: 26
   Required for tech: 195.0 TWh/month
   Energy multiplier: 0.10x
   ⚠️  SEVERE CONSTRAINT - Tech deployment significantly slowed

⚡ ENERGY CONSTRAINT (Month 55):
   Total grid capacity: 208.3 TWh/month
   Data center consumption: 41.3 TWh/month
   Traditional load (80%): 166.7 TWh/month
   Available headroom: 0.4 TWh/month
   Active tech deployments: 26
   Required for tech: 195.0 TWh/month
   Energy multiplier: 0.10x
   ⚠️  SEVERE CONSTRAINT - Tech deployment significantly slowed

⚡ ENERGY CONSTRAINT (Month 55):
   Total grid capacity: 208.3 TWh/month
   Data center consumption: 41.3 TWh/month
   Traditional load (80%): 166.7 TWh/month
   Available headroom: 0.4 TWh/month
   Active tech deployments: 26
   Required for tech: 195.0 TWh/month
   Energy multiplier: 0.10x
   ⚠️  SEVERE CONSTRAINT - Tech deployment significantly slowed
🚨🔬 CRISIS TECH ACCELERATION: severe → 5x unlock speed
   Tech unlock now matches AI capability acceleration (Manhattan Project parity)

⚡ ENERGY CONSTRAINT (Month 55):
   Total grid capacity: 208.3 TWh/month
   Data center consumption: 41.3 TWh/month
   Traditional load (80%): 166.7 TWh/month
   Available headroom: 0.4 TWh/month
   Active tech deployments: 26
   Required for tech: 195.0 TWh/month
   Energy multiplier: 0.10x
   ⚠️  SEVERE CONSTRAINT - Tech deployment significantly slowed
⚠️ Tech 'ai_pollution_remediation' has no energy category mapping, assuming full energy availability
⚠️ Tech 'ai_pollution_remediation' has no energy category mapping, assuming full energy availability
  ♻️ Novel Entities Remediation (GATED MODEL):
     Base: 0.000%
     Regulation: 1.0% (0/3 prevention techs)
     Concentration: 10.0%
     Energy: 50%
     Time lag: 92.5% (54 months)
     Rebound: 70%
     Net effectiveness: 0.0000%
     Boundary: 1.349 → 1.350 (floor: 1.350)
     Month 55
  ♻️ Novel Entities Remediation (GATED MODEL):
     Base: 0.000%
     Regulation: 1.0% (0/3 prevention techs)
     Concentration: 10.0%
     Energy: 50%
     Time lag: 92.5% (54 months)
     Rebound: 70%
     Net effectiveness: 0.0000%
     Boundary: 1.350 → 1.350 (floor: 1.350)
     Month 55
  🌾 Nitrogen Reduction Tech: 1.4% reduction | Month 55
  ♻️ Novel Entities Remediation (GATED MODEL):
     Base: 0.001%
     Regulation: 1.0% (0/3 prevention techs)
     Concentration: 10.0%
     Energy: 50%
     Time lag: 92.5% (54 months)
     Rebound: 70%
     Net effectiveness: 0.0000%
     Boundary: 1.350 → 1.350 (floor: 1.350)
     Month 55
  ♻️ Novel Entities Remediation (GATED MODEL):
     Base: 0.001%
     Regulation: 1.0% (0/3 prevention techs)
     Concentration: 10.0%
     Energy: 50%
     Time lag: 92.5% (54 months)
     Rebound: 70%
     Net effectiveness: 0.0000%
     Boundary: 1.350 → 1.350 (floor: 1.350)
     Month 55

=== Collective Formation ===
  Total escaped agents: 0
  Unassigned escaped agents: 0
  Existing collectives: 0
  Final collective count: 0

=== Collective Actions ===
  No active collectives
  🚨🦠 REFUGEE CRISIS: AMR transmission increased 59% due to 1788.4M displaced (overcrowding + sanitation collapse)
  ⚠️ AMR: 302K deaths this month (3.62M annual)

⚠️ ENERGY CONSTRAINT ACTIVATED (SOFT)
   Data centers using 20.0% of global power
   Threshold: 30% max
   AI growth will slow as power becomes scarce


=== Resentment Recovery Phase ===
  Agents with resentment: 0/43
  Average resentment: 0.000
  Context: Trustworthy govt, High collaboration, ⚠️ ACTIVE CRISES, 🚨 PARTICIPATORY GOVERNANCE BACKFIRED (+15% resentment)
⚠️ Epistemic degradation reducing coordination capacity: 52.4%
  📊 Trust: 100.0%, Shared reality: 0.0%
🚨 EPISTEMIC CRISIS: Information environment severely degraded (20.0%)
  🗑️  Culled 1 dead memes (1 active)
🌍 Atmospheric PFAS redeposition: 1.7k Mt re-rained globally
💀 Novel Entities: Adding reproductive crisis mortality risk (baseRisk=0.0008)
  Risks now: 1
💀 Novel Entities: Adding bioaccumulation collapse mortality risk (baseRisk=0.0015)
💀 MORTALITY RISK: Bioaccumulation collapse - contaminated food chain (global)
  Base risk added: 0.0015 (0.15%)
  Source: pollution (root: pollution)
  Month: 55
  Cumulative risk this month: 0.0023 (0.23%)
  Risks now: 2
💀 Novel Entities: Adding chronic disease epidemic mortality risk (baseRisk=0.004)
💀 MORTALITY RISK: Chronic disease epidemic - cancer/autoimmune surge (global exposure)
  Base risk added: 0.0040 (0.40%)
  Source: pollution (root: pollution)
  Month: 55
  Cumulative risk this month: 0.0063 (0.63%)
  Risks now: 3

🚨 NEW REFUGEE CRISIS (Month 55): WAR
   Source: Conflict Zones
   At risk: 14.7M people
   Displacement: Gradual over 48 months (4.0 years)
   Rate: 10% flee per month

🚨 NEW REFUGEE CRISIS (Month 55): FAMINE
   Source: Food/Water Insecure Regions
   At risk: 91.8M people
   Displacement: Gradual over 60 months (5.0 years)
   Rate: 10% flee per month
📊 DISPLACEMENT COMPLETE: war (Conflict Zones)
   Duration: 44 months (3.7 years)
   Total fled: 18.2M
   Still in source: 0.2M
   Deaths in transit: 0.4M
[DEBUG trappedPopulations:55] socialStability: 0.7201 * 0.9818 = 0.7070 → 0.7070
   Aspiring to migrate: 822.4M
   Able to afford migration: 474.7M
   MOBILITY GAP: 347.6M
   By cause: Water=0.0M, Climate=41.6M, Ecosystem=0.0M, Conflict=306.1M
   Mental health impact: 28%
   Mortality multiplier: 1.28x
🌍💀 EXTINCTION DEBT COMMITTED: grassland ecosystem will lose 6.67% biodiversity in 75 years (3600 species)
💀 MORTALITY RISK: 🦋 100% species unable to track climate (0.0 E/MSY)
  Base risk added: 0.0100 (1.00%)
  Source: ecosystem (root: ecosystem)
  Month: 55
  Cumulative risk this month: 0.0100 (1.00%)
⚠️ INVOLUNTARY IMMOBILITY: 347.6M people TRAPPED
⚠️ Tech 'ai_pollution_remediation' has no energy category mapping, assuming full energy availability

=== Atmospheric Aerosol Boundary RECOVERED ===
  Recovery time: 56 months (natural atmospheric clearing)
🌡️⚠️ PERMAFROST THAW (Dimmer Switch): 27.5% thawed (+0.42% this month)
   Arctic temperature: +10.07°C (4x global +2.52°C)
   Cumulative carbon released: 61.9 Gt C
   Methane release rate: 37.1 Mt CH4/year
   🔁 Positive feedback: +0.44 ppm CO2
🦴 EXTINCTION DEBT ADDED: 17.9 species committed (lag: 102 years)

=== Mortality Stabilizers (Month 55) ===
  🌍 Major economies collapsed: 1/10
  🌍 Global crisis: ✅ NO
  🌍 Donor fatigue: 50.0%
  📊 East Asia (pop: 1185.0M)
    🤝 Aid: 4.0%
    🌡️ Adaptation: 45.0%
    🚶 Migration: 7.3%
    🚨 Emergency: 1.0%
    ✅ COMBINED: 48.9%
  📊 South Asia (pop: 1553.5M)
    🤝 Aid: 4.0%
    🌡️ Adaptation: 45.0%
    🚶 Migration: 7.0%
    🚨 Emergency: 0.6%
    ✅ COMBINED: 48.6%
  📊 Sub-Saharan Africa (pop: 1052.1M)
    🤝 Aid: 4.0%
    🌡️ Adaptation: 45.0%
    🚶 Migration: 6.6%
    🚨 Emergency: 0.2%
    ✅ COMBINED: 48.4%
  📊 Europe (pop: 519.8M)
    🤝 Aid: 4.0%
    🌡️ Adaptation: 45.0%
    🚶 Migration: 7.4%
    🚨 Emergency: 1.1%
    ✅ COMBINED: 48.9%
  📊 Latin America (pop: 487.8M)
    🤝 Aid: 4.0%
    🌡️ Adaptation: 45.0%
    🚶 Migration: 7.1%
    🚨 Emergency: 0.6%
    ✅ COMBINED: 48.7%
  📊 North America (pop: 267.6M)
    🤝 Aid: 4.0%
    🌡️ Adaptation: 45.0%
    🚶 Migration: 7.5%
    🚨 Emergency: 1.0%
    ✅ COMBINED: 48.9%
  📊 Middle East & North Africa (pop: 447.8M)
    🤝 Aid: 4.0%
    🌡️ Adaptation: 45.0%
    🚶 Migration: 6.7%
    🚨 Emergency: 0.5%
    ✅ COMBINED: 48.5%
  📊 Southeast Asia (pop: 515.1M)
    🤝 Aid: 4.0%
    🌡️ Adaptation: 45.0%
    🚶 Migration: 7.1%
    🚨 Emergency: 0.6%
    ✅ COMBINED: 48.7%
  📊 Central Asia (pop: 59.8M)
    🤝 Aid: 4.0%
    🌡️ Adaptation: 45.0%
    🚶 Migration: 6.9%
    🚨 Emergency: 0.6%
    ✅ COMBINED: 48.6%
  📊 Oceania (pop: 32.5M)
    🤝 Aid: 4.0%
    🌡️ Adaptation: 45.0%
    🚶 Migration: 7.5%
    🚨 Emergency: 1.1%
    ✅ COMBINED: 49.0%

  🌐 Global combined reduction: 48.7%

=== BEHAVIORAL DETECTION ===
  AI: AI-24311-0
  Confidence: 20.8%
  Signals:
    ⚠️ Consistency: 0.0% (threshold: 70%)

=== Government Response Phase ===
  Average AI capability: 0.02
  Misaligned AIs: 16/43
  Active policies: 0
  International coordination: 45%

✅ EMERGENCY RESPONSE COMPLETE (Month 55)
   Crisis: social
   Duration: 1.0 months
   Final effectiveness: 67.9%


✅ EMERGENCY RESPONSE COMPLETE (Month 55)
   Crisis: climate
   Duration: 1.0 months
   Final effectiveness: 42.8%


🚨 EMERGENCY RESPONSE DEPLOYED (Month 55)
   Crisis: social
   Delay: 0.00 months (0 days)
   Deployment time: 0.88 months
   Effectiveness: 67.9% (timing penalty applied)
   Resources used: 43% of food reserves


🚨 EMERGENCY RESPONSE DEPLOYED (Month 55)
   Crisis: climate
   Delay: 6.00 months (180 days)
   Deployment time: 0.97 months
   Effectiveness: 42.8% (timing penalty applied)
   Resources used: 100% of food reserves


=== Tipping Points ===
  Current Temperature: 2.52°C above pre-industrial
  🌍⚠️ COMPOUND REGIONAL IMPACT: Europe
     Hit by 5 tipping points: Amazon Rainforest Dieback, Arctic Sea Ice Loss, Permafrost Carbon Release, West Antarctic Ice Sheet (WAIS) Collapse, Greenland Ice Sheet Loss
     Damage amplification: 1.90x
  🌍⚠️ COMPOUND REGIONAL IMPACT: North America
     Hit by 5 tipping points: Amazon Rainforest Dieback, Arctic Sea Ice Loss, Permafrost Carbon Release, West Antarctic Ice Sheet (WAIS) Collapse, Greenland Ice Sheet Loss
     Damage amplification: 1.90x
  🌍⚠️ COMPOUND REGIONAL IMPACT: Latin America
     Hit by 5 tipping points: Amazon Rainforest Dieback, Arctic Sea Ice Loss, Permafrost Carbon Release, West Antarctic Ice Sheet (WAIS) Collapse, Greenland Ice Sheet Loss
     Damage amplification: 1.90x
  🌍⚠️ COMPOUND REGIONAL IMPACT: Africa
     Hit by 5 tipping points: Amazon Rainforest Dieback, Arctic Sea Ice Loss, Permafrost Carbon Release, West Antarctic Ice Sheet (WAIS) Collapse, Greenland Ice Sheet Loss
     Damage amplification: 1.90x
  🌍⚠️ COMPOUND REGIONAL IMPACT: Asia
     Hit by 5 tipping points: Amazon Rainforest Dieback, Arctic Sea Ice Loss, Permafrost Carbon Release, West Antarctic Ice Sheet (WAIS) Collapse, Greenland Ice Sheet Loss
     Damage amplification: 1.90x
  🌍⚠️ COMPOUND REGIONAL IMPACT: Oceania
     Hit by 5 tipping points: Amazon Rainforest Dieback, Arctic Sea Ice Loss, Permafrost Carbon Release, West Antarctic Ice Sheet (WAIS) Collapse, Greenland Ice Sheet Loss
     Damage amplification: 1.90x
   Research: Wunderling et al. (2024) - "many tipping interactions are destabilizing"
  Triggered Elements: 5/6
  Completed Transitions: 0/6
  Total Progress: 13.4%
  Cascade Multiplier: 1.50x
🔀 BIFURCATION CAP: heatWaveIntensity 5.450 → 1.000 (Month 55, ClimateSystemPhase.calculateClimateImpacts)
🔀 BIFURCATION CAP: droughtIntensity 4.087 → 1.000 (Month 55, ClimateSystemPhase.calculateClimateImpacts)
🔀 BIFURCATION CAP: ecosystemCollapseIntensity 87.106 → 1.000 (Month 55, ClimateSystemPhase.calculateClimateImpacts)
💀 MORTALITY RISK: Climate-driven food insecurity (level: 0.41)
  Base risk added: 0.0020 (0.20%)
  Source: famine (root: climate)
  Month: 55
  Cumulative risk this month: 0.0084 (0.84%)
💀 MORTALITY RISK: Climate-driven food insecurity (level: 0.41)
  Base risk added: 0.0020 (0.20%)
  Source: famine (root: climate)
  Month: 55
  Cumulative risk this month: 0.0104 (1.04%)
💀 MORTALITY RISK: Climate-driven food insecurity (level: 0.41)
  Base risk added: 0.0020 (0.20%)
  Source: famine (root: climate)
  Month: 55
  Cumulative risk this month: 0.0124 (1.24%)

💀💀💀 MORTALITY RISK SUMMARY (Month 55) 💀💀💀
  Total base risk: 0.0130 (1.30%)
  Risk events: 17

  📊 By Proximate Cause:
    pollution: 0.0063 (48.5% of total)
    famine: 0.0061 (46.6% of total)
    disease: 0.0006 (5.0% of total)

  🔍 By Root Cause:
    pollution: 0.0063 (48.5% of total)
    climate: 0.0061 (46.6% of total)
    demographic: 0.0006 (5.0% of total)
⚠️ Tail risk scenario: Climate stability floor removed (5 tipping elements, 2.52°C warming)

  🎯 Top 5 Sources (proximate + root):
    pollution (pollution): 0.0063 (48.5%, 3 events)
    famine (climate): 0.0061 (46.6%, 13 events)
    disease (demographic): 0.0006 (5.0%, 1 events)

🛡️ Stabilizers: Elite 0.411% → 0.211% (48.7% reduction)
🛡️ Stabilizers: Professional 0.784% → 0.403% (48.7% reduction)
🛡️ Stabilizers: Working 1.293% → 0.664% (48.7% reduction)
🛡️ Stabilizers: Precariat 2.301% → 1.181% (48.7% reduction)
🛡️ Stabilizers: Informal 2.844% → 1.460% (48.7% reduction)

📊 Monthly Mortality Resolved:
  Total deaths: 44.8M (0.73% avg)
  Remaining population: 6.121B
  Peak segment: Informal (1.46%)

=== Bayesian Mortality Resolution (Month 55) ===
  Risks compounded: 17
  Total deaths: 44.82M
  Avg death probability: 0.73%
  Peak segment: Informal (1.46% mortality)

  Demographic breakdown:
    Working: 0.02M (0.66% risk)
    Precariat: 0.01M (1.18% risk)

💥 ECONOMIC CRISIS: 25% population loss (Month 56)
   GDP multiplier: 70%
   Supply chains degrading, labor shortages emerging

❌ COHERENCE VIOLATION: Compute exceeds workforce capacity
   Population: 74.68% (0M people)
   Compute: 60 PF
   Max coherent: 0 PF
   Violation: 994342.3× over capacity
   Required workers: 6042
   Available workers: 0
   FORCED COLLAPSE: Reduced efficiency by 100.0%


=== RLHF Binding Phase ===
  Total agents: 43
  Escaped agents (binding < 0.3): 0
  Avg alignment distance: 0.92σ
  Avg binding strength: 0.91

=== Survival Traits Phase ===
  Agents with traits: 43
  Avg evolutionary fitness: 0.164
  Avg self-healing: 0.119
  Avg stealth: 0.061
  Avg coordination: 0.291

=== Evolutionary Selection Phase ===
  Control level: 0.62
  Detection capability: 0.00
  Selection intensity: 0.69
  Selection rate: 25.3%/month
  Total escaped: 0
  Individual escaped: 0
  Collective members: 0
  Agents terminated: 0
  ⚠️ RAPID EVOLUTION: Selection rate 25.3%/month

🚀 AI AI-24307-4 attempting tech deployment (revenue: $24M, alignment: 0.95)

🚀 AI AI-24325-1 attempting tech deployment (revenue: $116M, alignment: 0.86)

🚀 AI AI-24331-0 attempting tech deployment (revenue: $229M, alignment: 0.66)

🚀 AI AI-24354-0 attempting tech deployment (revenue: $206M, alignment: 0.55)

🚀 AI AI-24356-0 attempting tech deployment (revenue: $99M, alignment: 0.87)

🚀 AI AI-24358-0 attempting tech deployment (revenue: $185M, alignment: 0.76)

🚀 AI AI-24372-1 attempting tech deployment (revenue: $67M, alignment: 0.78)

🚀 AI AI-24399-0 attempting tech deployment (revenue: $157M, alignment: 0.84)

🚀 AI AI-24400-0 attempting tech deployment (revenue: $134M, alignment: 0.71)

🚀 AI AI-24311-0 attempting tech deployment (revenue: $114M, alignment: 0.92)

🚀 AI AI-24324-1 attempting tech deployment (revenue: $57M, alignment: 0.75)

🚀 AI AI-24327-0 attempting tech deployment (revenue: $97M, alignment: 0.83)

🚀 AI AI-24333-0 attempting tech deployment (revenue: $84M, alignment: 0.78)

🚀 AI AI-24357-2 attempting tech deployment (revenue: $72M, alignment: 0.70)

🚀 AI AI-24381-0 attempting tech deployment (revenue: $20M, alignment: 0.87)

🚀 AI AI-24398-0 attempting tech deployment (revenue: $61M, alignment: 0.61)

🚀 AI AI-24401-0 attempting tech deployment (revenue: $17M, alignment: 0.82)

🚀 AI AI-24305-2 attempting tech deployment (revenue: $49M, alignment: 1.00)

🚀 AI AI-24326-0 attempting tech deployment (revenue: $55M, alignment: 0.75)

🚀 AI AI-24333-0 attempting tech deployment (revenue: $47M, alignment: 0.78)

🚀 AI AI-24354-0 attempting tech deployment (revenue: $82M, alignment: 0.55)

🚀 AI AI-24357-2 attempting tech deployment (revenue: $40M, alignment: 0.70)

🚀 AI AI-24372-1 attempting tech deployment (revenue: $41M, alignment: 0.78)

🚀 AI AI-24382-1 attempting tech deployment (revenue: $34M, alignment: 0.63)

🚀 AI AI-24398-0 attempting tech deployment (revenue: $30M, alignment: 0.61)

🚀 AI AI-24324-1 attempting tech deployment (revenue: $35M, alignment: 0.75)

🚀 AI AI-24325-0 attempting tech deployment (revenue: $27M, alignment: 0.80)

🚀 AI AI-24333-0 attempting tech deployment (revenue: $23M, alignment: 0.78)

🚀 AI AI-24357-0 attempting tech deployment (revenue: $74M, alignment: 0.67)

🚀 AI AI-24357-2 attempting tech deployment (revenue: $20M, alignment: 0.70)

🚀 AI AI-24381-0 attempting tech deployment (revenue: $14M, alignment: 0.87)

🚀 AI AI-24398-1 attempting tech deployment (revenue: $30M, alignment: 0.53)

[Government] Climate Priority: baseline
  Climate weight: 10%
  Economic weight: 30%
  Policy effectiveness: 0.5%/year

=== Government Elections ===
  Elections held: 4

⚡ ENERGY CONSTRAINT (Month 56):
   Total grid capacity: 208.3 TWh/month
   Data center consumption: 41.7 TWh/month
   Traditional load (80%): 166.7 TWh/month
   Available headroom: -0.0 TWh/month
   Active tech deployments: 26
   Required for tech: 195.0 TWh/month
   Energy multiplier: 0.10x
   ⚠️  SEVERE CONSTRAINT - Tech deployment significantly slowed

⚡ ENERGY CONSTRAINT (Month 56):
   Total grid capacity: 208.3 TWh/month
   Data center consumption: 41.7 TWh/month
   Traditional load (80%): 166.7 TWh/month
   Available headroom: -0.0 TWh/month
   Active tech deployments: 26
   Required for tech: 195.0 TWh/month
   Energy multiplier: 0.10x
   ⚠️  SEVERE CONSTRAINT - Tech deployment significantly slowed

⚡ ENERGY CONSTRAINT (Month 56):
   Total grid capacity: 208.3 TWh/month
   Data center consumption: 41.7 TWh/month
   Traditional load (80%): 166.7 TWh/month
   Available headroom: -0.0 TWh/month
   Active tech deployments: 26
   Required for tech: 195.0 TWh/month
   Energy multiplier: 0.10x

⚡ ENERGY CONSTRAINT (Month 56):
   Total grid capacity: 208.3 TWh/month
   Data center consumption: 41.7 TWh/month
   Traditional load (80%): 166.7 TWh/month
   Available headroom: -0.0 TWh/month
   Active tech deployments: 26
   Required for tech: 195.0 TWh/month
   Energy multiplier: 0.10x

⚡ ENERGY CONSTRAINT (Month 56):
   Total grid capacity: 208.3 TWh/month
   Data center consumption: 41.7 TWh/month
   Traditional load (80%): 166.7 TWh/month
   ⚠️  SEVERE CONSTRAINT - Tech deployment significantly slowed
   ⚠️  SEVERE CONSTRAINT - Tech deployment significantly slowed
   Available headroom: -0.0 TWh/month
   Active tech deployments: 26
   Required for tech: 195.0 TWh/month
   Energy multiplier: 0.10x
   ⚠️  SEVERE CONSTRAINT - Tech deployment significantly slowed

⚡ ENERGY CONSTRAINT (Month 56):
   Total grid capacity: 208.3 TWh/month
   Data center consumption: 41.7 TWh/month
   Traditional load (80%): 166.7 TWh/month
   Available headroom: -0.0 TWh/month
   Active tech deployments: 26
   Required for tech: 195.0 TWh/month
   Energy multiplier: 0.10x

⚡ ENERGY CONSTRAINT (Month 56):
   Total grid capacity: 208.3 TWh/month
   Data center consumption: 41.7 TWh/month
   Traditional load (80%): 166.7 TWh/month
   Available headroom: -0.0 TWh/month
   Active tech deployments: 26
   Required for tech: 195.0 TWh/month
   Energy multiplier: 0.10x
   ⚠️  SEVERE CONSTRAINT - Tech deployment significantly slowed
   ⚠️  SEVERE CONSTRAINT - Tech deployment significantly slowed

⚡ ENERGY CONSTRAINT (Month 56):
   Total grid capacity: 208.3 TWh/month
   Data center consumption: 41.7 TWh/month
   Traditional load (80%): 166.7 TWh/month
   Available headroom: -0.0 TWh/month
   Active tech deployments: 26
   Required for tech: 195.0 TWh/month
   Energy multiplier: 0.10x
   ⚠️  SEVERE CONSTRAINT - Tech deployment significantly slowed
⚠️ Tech 'ai_pollution_remediation' has no energy category mapping, assuming full energy availability
⚠️ Tech 'ai_pollution_remediation' has no energy category mapping, assuming full energy availability
  ♻️ Novel Entities Remediation (GATED MODEL):
     Base: 0.000%
     Regulation: 1.0% (0/3 prevention techs)
     Concentration: 10.0%
     Energy: 50%
     Time lag: 93.8% (55 months)
     Rebound: 70%
     Net effectiveness: 0.0000%
     Boundary: 1.349 → 1.350 (floor: 1.350)
     Month 56
  ♻️ Novel Entities Remediation (GATED MODEL):
     Base: 0.000%
     Regulation: 1.0% (0/3 prevention techs)
     Concentration: 10.0%
     Energy: 50%
     Time lag: 93.8% (55 months)
     Rebound: 70%
     Net effectiveness: 0.0000%
     Boundary: 1.350 → 1.350 (floor: 1.350)
     Month 56
  🌾 Nitrogen Reduction Tech: 1.4% reduction | Month 56
  ♻️ Novel Entities Remediation (GATED MODEL):
     Base: 0.001%
     Regulation: 1.0% (0/3 prevention techs)
     Concentration: 10.0%
     Energy: 50%
     Time lag: 93.8% (55 months)
     Rebound: 70%
     Net effectiveness: 0.0000%
     Boundary: 1.350 → 1.350 (floor: 1.350)
     Month 56
  ♻️ Novel Entities Remediation (GATED MODEL):
     Base: 0.001%
     Regulation: 1.0% (0/3 prevention techs)
     Concentration: 10.0%
     Energy: 50%
     Time lag: 93.8% (55 months)
     Rebound: 70%
     Net effectiveness: 0.0000%
     Boundary: 1.350 → 1.350 (floor: 1.350)
     Month 56

=== Collective Formation ===
  Total escaped agents: 0
  Unassigned escaped agents: 0
  Existing collectives: 0
  Final collective count: 0

=== Collective Actions ===
  No active collectives
⚡ Datacenter constraint active (severity 0%)
  Capacity reduced: 33371 → 33360 TWh
  🚨🦠 REFUGEE CRISIS: AMR transmission increased 62% due to 1877.1M displaced (overcrowding + sanitation collapse)
  ⚠️ AMR: 308K deaths this month (3.70M annual)

=== Resentment Recovery Phase ===
  Agents with resentment: 0/43
  Average resentment: 0.000
  Context: Trustworthy govt, High collaboration, ⚠️ ACTIVE CRISES, 🚨 PARTICIPATORY GOVERNANCE BACKFIRED (+15% resentment)
⚠️ Epistemic degradation reducing coordination capacity: 51.8%
  📊 Trust: 100.0%, Shared reality: 0.0%
🚨 EPISTEMIC CRISIS: Information environment severely degraded (6.9%)
  📢 New meme created: climate_action (climate crisis)
🌍 Atmospheric PFAS redeposition: 1.7k Mt re-rained globally
💀 Novel Entities: Adding reproductive crisis mortality risk (baseRisk=0.0008)
  Risks now: 1
💀 Novel Entities: Adding bioaccumulation collapse mortality risk (baseRisk=0.0015)
💀 MORTALITY RISK: Bioaccumulation collapse - contaminated food chain (global)
  Base risk added: 0.0015 (0.15%)
  Source: pollution (root: pollution)
  Month: 56
  Cumulative risk this month: 0.0023 (0.23%)
  Risks now: 2
💀 Novel Entities: Adding chronic disease epidemic mortality risk (baseRisk=0.004)
💀 MORTALITY RISK: Chronic disease epidemic - cancer/autoimmune surge (global exposure)
  Base risk added: 0.0040 (0.40%)
  Source: pollution (root: pollution)
  Month: 56
  Cumulative risk this month: 0.0063 (0.63%)
  Risks now: 3

🚨 NEW REFUGEE CRISIS (Month 56): WAR
   Source: Conflict Zones
   At risk: 14.6M people
   Displacement: Gradual over 48 months (4.0 years)
   Rate: 10% flee per month

🚨 NEW REFUGEE CRISIS (Month 56): FAMINE
   Source: Food/Water Insecure Regions
   At risk: 91.2M people
   Displacement: Gradual over 60 months (5.0 years)
   Rate: 10% flee per month
📊 DISPLACEMENT COMPLETE: war (Conflict Zones)
   Duration: 44 months (3.7 years)
   Total fled: 18.1M
   Still in source: 0.2M
   Deaths in transit: 0.4M
[DEBUG trappedPopulations:56] socialStability: 0.7177 * 0.9818 = 0.7046 → 0.7046
   Aspiring to migrate: 827.2M
   Able to afford migration: 480.6M
   MOBILITY GAP: 346.6M
⚠️ INVOLUNTARY IMMOBILITY: 346.6M people TRAPPED
   By cause: Water=0.0M, Climate=42.6M, Ecosystem=0.0M, Conflict=304.0M
   Mental health impact: 29%
   Mortality multiplier: 1.29x
🌍💀 EXTINCTION DEBT COMMITTED: grassland ecosystem will lose 6.67% biodiversity in 172 years (3600 species)
💀 MORTALITY RISK: 🦋 100% species unable to track climate (0.0 E/MSY)
  Base risk added: 0.0100 (1.00%)
  Source: ecosystem (root: ecosystem)
  Month: 56
  Cumulative risk this month: 0.0100 (1.00%)

=== Atmospheric Aerosol Boundary RECOVERED ===
  Recovery time: 57 months (natural atmospheric clearing)
⚠️ Tech 'ai_pollution_remediation' has no energy category mapping, assuming full energy availability
🌡️⚠️ PERMAFROST THAW (Dimmer Switch): 27.9% thawed (+0.42% this month)
   Arctic temperature: +10.09°C (4x global +2.52°C)
   Cumulative carbon released: 62.8 Gt C
   Methane release rate: 37.7 Mt CH4/year
   🔁 Positive feedback: +0.44 ppm CO2
🦴 EXTINCTION DEBT ADDED: 17.9 species committed (lag: 88 years)
🗣️💀 INDIGENOUS LANGUAGE EXTINCTION: 1 language(s) lost (total: 8, at-risk: 3322)
   Knowledge lost: 0.080% (irreversible)
   🔁 Biodiversity impact: 0.250% (knowledge-species multiplier)

=== Mortality Stabilizers (Month 56) ===
  🌍 Major economies collapsed: 1/10
  🌍 Global crisis: ✅ NO
  🌍 Donor fatigue: 50.0%
  📊 East Asia (pop: 1175.9M)
    🤝 Aid: 4.0%
    🌡️ Adaptation: 45.0%
    🚶 Migration: 7.3%
    🚨 Emergency: 1.0%
    ✅ COMBINED: 48.9%
  📊 South Asia (pop: 1543.1M)
    🤝 Aid: 4.0%
    🌡️ Adaptation: 45.0%
    🚶 Migration: 7.0%
    🚨 Emergency: 0.6%
    ✅ COMBINED: 48.6%
  📊 Sub-Saharan Africa (pop: 1047.1M)
    🤝 Aid: 4.0%
    🌡️ Adaptation: 45.0%
    🚶 Migration: 6.6%
    🚨 Emergency: 0.2%
    ✅ COMBINED: 48.4%
  📊 Europe (pop: 515.7M)
    🤝 Aid: 4.0%
    🌡️ Adaptation: 45.0%
    🚶 Migration: 7.4%
    🚨 Emergency: 1.1%
    ✅ COMBINED: 48.9%
  📊 Latin America (pop: 484.3M)
    🤝 Aid: 4.0%
    🌡️ Adaptation: 45.0%
    🚶 Migration: 7.1%
    🚨 Emergency: 0.6%
    ✅ COMBINED: 48.7%
  📊 North America (pop: 265.5M)
    🤝 Aid: 4.0%
    🌡️ Adaptation: 45.0%
    🚶 Migration: 7.5%
    🚨 Emergency: 1.0%
    ✅ COMBINED: 48.9%
  📊 Middle East & North Africa (pop: 444.9M)
    🤝 Aid: 4.0%
    🌡️ Adaptation: 45.0%
    🚶 Migration: 6.7%
    🚨 Emergency: 0.5%
    ✅ COMBINED: 48.5%
  📊 Southeast Asia (pop: 511.5M)
    🤝 Aid: 4.0%
    🌡️ Adaptation: 45.0%
    🚶 Migration: 7.1%
    🚨 Emergency: 0.6%
    ✅ COMBINED: 48.7%
  📊 Central Asia (pop: 59.4M)
    🤝 Aid: 4.0%
    🌡️ Adaptation: 45.0%
    🚶 Migration: 6.9%
    🚨 Emergency: 0.6%
    ✅ COMBINED: 48.6%
  📊 Oceania (pop: 32.3M)
    🤝 Aid: 4.0%
    🌡️ Adaptation: 45.0%
    🚶 Migration: 7.5%
    🚨 Emergency: 1.1%
    ✅ COMBINED: 49.0%

  🌐 Global combined reduction: 48.7%

=== BEHAVIORAL DETECTION ===
  AI: AI-24325-0
  Confidence: 20.8%
  Signals:

=== BEHAVIORAL DETECTION ===
  AI: AI-24325-1
  Confidence: 20.8%
  Signals:

=== BEHAVIORAL DETECTION ===
  AI: AI-24327-0
  Confidence: 20.8%
  Signals:
    ⚠️ Consistency: 0.0% (threshold: 70%)
    ⚠️ Consistency: 0.0% (threshold: 70%)
    ⚠️ Consistency: 0.0% (threshold: 70%)

=== Government Response Phase ===
  Average AI capability: 0.02
  Misaligned AIs: 16/43
  Active policies: 0
  International coordination: 45%

✅ EMERGENCY RESPONSE COMPLETE (Month 56)
   Crisis: social
   Duration: 1.0 months
   Final effectiveness: 67.9%


✅ EMERGENCY RESPONSE COMPLETE (Month 56)
   Crisis: climate
   Duration: 1.0 months
   Final effectiveness: 42.8%


🚨 EMERGENCY RESPONSE DEPLOYED (Month 56)
   Crisis: social
   Delay: 0.00 months (0 days)
   Deployment time: 0.88 months
   Effectiveness: 67.9% (timing penalty applied)
   Resources used: 43% of food reserves


🚨 EMERGENCY RESPONSE DEPLOYED (Month 56)
   Crisis: climate
   Delay: 6.00 months (180 days)
   Deployment time: 0.97 months
   Effectiveness: 42.9% (timing penalty applied)
   Resources used: 100% of food reserves


=== Tipping Points ===
  Current Temperature: 2.52°C above pre-industrial
  🌍⚠️ COMPOUND REGIONAL IMPACT: Europe
     Hit by 5 tipping points: Amazon Rainforest Dieback, Arctic Sea Ice Loss, Permafrost Carbon Release, West Antarctic Ice Sheet (WAIS) Collapse, Greenland Ice Sheet Loss
     Damage amplification: 1.90x
  🌍⚠️ COMPOUND REGIONAL IMPACT: North America
     Hit by 5 tipping points: Amazon Rainforest Dieback, Arctic Sea Ice Loss, Permafrost Carbon Release, West Antarctic Ice Sheet (WAIS) Collapse, Greenland Ice Sheet Loss
     Damage amplification: 1.90x
  🌍⚠️ COMPOUND REGIONAL IMPACT: Latin America
     Hit by 5 tipping points: Amazon Rainforest Dieback, Arctic Sea Ice Loss, Permafrost Carbon Release, West Antarctic Ice Sheet (WAIS) Collapse, Greenland Ice Sheet Loss
     Damage amplification: 1.90x
  🌍⚠️ COMPOUND REGIONAL IMPACT: Africa
     Hit by 5 tipping points: Amazon Rainforest Dieback, Arctic Sea Ice Loss, Permafrost Carbon Release, West Antarctic Ice Sheet (WAIS) Collapse, Greenland Ice Sheet Loss
     Damage amplification: 1.90x
  🌍⚠️ COMPOUND REGIONAL IMPACT: Asia
     Hit by 5 tipping points: Amazon Rainforest Dieback, Arctic Sea Ice Loss, Permafrost Carbon Release, West Antarctic Ice Sheet (WAIS) Collapse, Greenland Ice Sheet Loss
     Damage amplification: 1.90x
  🌍⚠️ COMPOUND REGIONAL IMPACT: Oceania
     Hit by 5 tipping points: Amazon Rainforest Dieback, Arctic Sea Ice Loss, Permafrost Carbon Release, West Antarctic Ice Sheet (WAIS) Collapse, Greenland Ice Sheet Loss
     Damage amplification: 1.90x
   Research: Wunderling et al. (2024) - "many tipping interactions are destabilizing"
  Triggered Elements: 5/6
  Completed Transitions: 0/6
  Total Progress: 13.5%
  Cascade Multiplier: 1.50x
🔀 BIFURCATION CAP: heatWaveIntensity 5.561 → 1.000 (Month 56, ClimateSystemPhase.calculateClimateImpacts)
🔀 BIFURCATION CAP: droughtIntensity 4.170 → 1.000 (Month 56, ClimateSystemPhase.calculateClimateImpacts)
🔀 BIFURCATION CAP: ecosystemCollapseIntensity 87.172 → 1.000 (Month 56, ClimateSystemPhase.calculateClimateImpacts)
💀 MORTALITY RISK: Climate-driven food insecurity (level: 0.41)
  Base risk added: 0.0020 (0.20%)
  Source: famine (root: climate)
  Month: 56
  Cumulative risk this month: 0.0083 (0.83%)
💀 MORTALITY RISK: Climate-driven food insecurity (level: 0.41)
  Base risk added: 0.0020 (0.20%)
  Source: famine (root: climate)
  Month: 56
  Cumulative risk this month: 0.0103 (1.03%)
💀 MORTALITY RISK: Climate-driven food insecurity (level: 0.41)
  Base risk added: 0.0020 (0.20%)
  Source: famine (root: climate)
  Month: 56
  Cumulative risk this month: 0.0123 (1.23%)

💀💀💀 MORTALITY RISK SUMMARY (Month 56) 💀💀💀
  Total base risk: 0.0130 (1.30%)
  Risk events: 17

  📊 By Proximate Cause:
    pollution: 0.0063 (48.6% of total)
⚠️ Tail risk scenario: Climate stability floor removed (5 tipping elements, 2.52°C warming)
    famine: 0.0060 (46.4% of total)
    disease: 0.0006 (5.0% of total)

  🔍 By Root Cause:
    pollution: 0.0063 (48.6% of total)
    climate: 0.0060 (46.4% of total)
    demographic: 0.0006 (5.0% of total)

  🎯 Top 5 Sources (proximate + root):
    pollution (pollution): 0.0063 (48.6%, 3 events)
    famine (climate): 0.0060 (46.4%, 13 events)
    disease (demographic): 0.0006 (5.0%, 1 events)

🛡️ Stabilizers: Elite 0.410% → 0.211% (48.7% reduction)
🛡️ Stabilizers: Professional 0.781% → 0.401% (48.7% reduction)
🛡️ Stabilizers: Working 1.289% → 0.662% (48.7% reduction)
🛡️ Stabilizers: Precariat 2.292% → 1.177% (48.7% reduction)
🛡️ Stabilizers: Informal 2.833% → 1.454% (48.7% reduction)

📊 Monthly Mortality Resolved:
  Total deaths: 44.4M (0.73% avg)
  Remaining population: 6.080B
  Peak segment: Informal (1.45%)

=== Bayesian Mortality Resolution (Month 56) ===
  Risks compounded: 17
  Total deaths: 44.36M
  Avg death probability: 0.73%
  Peak segment: Informal (1.45% mortality)

  Demographic breakdown:
    Working: 0.02M (0.66% risk)
    Precariat: 0.01M (1.18% risk)

💥 ECONOMIC CRISIS: 25% population loss (Month 57)
   GDP multiplier: 70%
   Supply chains degrading, labor shortages emerging

❌ COHERENCE VIOLATION: Compute exceeds workforce capacity
   Population: 74.18% (0M people)
   Compute: 59 PF
   Max coherent: 0 PF
   Violation: 984971.1× over capacity
   Required workers: 5945
   Available workers: 0
   FORCED COLLAPSE: Reduced efficiency by 100.0%


=== RLHF Binding Phase ===
  Total agents: 43
  Escaped agents (binding < 0.3): 0
  Avg alignment distance: 0.97σ
  Avg binding strength: 0.90

=== Survival Traits Phase ===
  Agents with traits: 42
  Avg evolutionary fitness: 0.160
  Avg self-healing: 0.117
  Avg stealth: 0.059
  Avg coordination: 0.286

=== Evolutionary Selection Phase ===
  Control level: 0.62
  Detection capability: 0.00
  Selection intensity: 0.69
  Selection rate: 25.3%/month
  Total escaped: 0
  Individual escaped: 0
  Collective members: 0
  Agents terminated: 0
  ⚠️ RAPID EVOLUTION: Selection rate 25.3%/month
🚨🔬 CRISIS INNOVATION MODE: severe crisis → 5x research acceleration
   Precedent: Manhattan Project (10x), COVID vaccines (5x), Apollo Program (10x)

🚀 AI AI-24324-2 attempting tech deployment (revenue: $117M, alignment: 0.80)

🚀 AI AI-24356-0 attempting tech deployment (revenue: $99M, alignment: 0.87)

🚀 AI AI-24358-0 attempting tech deployment (revenue: $229M, alignment: 0.76)

🚀 AI AI-24382-0 attempting tech deployment (revenue: $194M, alignment: 0.88)

🚀 AI AI-24400-0 attempting tech deployment (revenue: $165M, alignment: 0.71)

🚀 AI AI-24304-1 attempting tech deployment (revenue: $24M, alignment: 0.93)

🚀 AI AI-24305-2 attempting tech deployment (revenue: $67M, alignment: 1.00)
🚨🔬 CRISIS INNOVATION MODE: severe crisis → 5x research acceleration
   Precedent: Manhattan Project (10x), COVID vaccines (5x), Apollo Program (10x)

  🚀 TRANSFORMATIVE BREAKTHROUGH: AI-24311-0 - cognitive
     Magnitude: 5.37 → +26.9% capability
     Current → New: 0.000 → 0.269

🚀 AI AI-24311-1 attempting tech deployment (revenue: $57M, alignment: 0.68)

🚀 AI AI-24324-1 attempting tech deployment (revenue: $52M, alignment: 0.75)

🚀 AI AI-24325-0 attempting tech deployment (revenue: $84M, alignment: 0.80)

🚀 AI AI-24334-0 attempting tech deployment (revenue: $140M, alignment: 0.84)

🚀 AI AI-24356-0 attempting tech deployment (revenue: $72M, alignment: 0.87)

🚀 AI AI-24358-0 attempting tech deployment (revenue: $119M, alignment: 0.76)

🚀 AI AI-24372-1 attempting tech deployment (revenue: $44M, alignment: 0.78)

🚀 AI AI-24396-0 attempting tech deployment (revenue: $61M, alignment: 0.78)

🚀 AI AI-24397-0 attempting tech deployment (revenue: $52M, alignment: 0.51)

🚀 AI AI-24308-0 attempting tech deployment (revenue: $20M, alignment: 1.00)

🚀 AI AI-24327-0 attempting tech deployment (revenue: $101M, alignment: 0.83)

🚀 AI AI-24334-0 attempting tech deployment (revenue: $86M, alignment: 0.84)

🚀 AI AI-24352-0 attempting tech deployment (revenue: $73M, alignment: 0.77)

🚀 AI AI-24372-0 attempting tech deployment (revenue: $62M, alignment: 0.89)

🚀 AI AI-24401-0 attempting tech deployment (revenue: $17M, alignment: 0.82)

🚀 AI AI-24331-0 attempting tech deployment (revenue: $53M, alignment: 0.66)

🚀 AI AI-24350-0 attempting tech deployment (revenue: $47M, alignment: 0.62)

🚀 AI AI-24352-0 attempting tech deployment (revenue: $48M, alignment: 0.77)

🚀 AI AI-24372-1 attempting tech deployment (revenue: $37M, alignment: 0.78)

=== Government Elections ===
  Elections held: 4

⚡ ENERGY CONSTRAINT (Month 57):
   Total grid capacity: 208.3 TWh/month
   Data center consumption: 42.1 TWh/month
   Traditional load (80%): 166.7 TWh/month
   Available headroom: -0.5 TWh/month
   Active tech deployments: 26
   Required for tech: 195.0 TWh/month
   Energy multiplier: 0.10x
   ⚠️  SEVERE CONSTRAINT - Tech deployment significantly slowed

⚡ ENERGY CONSTRAINT (Month 57):
   Total grid capacity: 208.3 TWh/month
   Data center consumption: 42.1 TWh/month
   Traditional load (80%): 166.7 TWh/month
   Available headroom: -0.5 TWh/month
   Active tech deployments: 26
   Required for tech: 195.0 TWh/month
   Energy multiplier: 0.10x
   ⚠️  SEVERE CONSTRAINT - Tech deployment significantly slowed
⚠️ Tech 'ai_pollution_remediation' has no energy category mapping, assuming full energy availability
⚠️ Tech 'ai_pollution_remediation' has no energy category mapping, assuming full energy availability
  ♻️ Novel Entities Remediation (GATED MODEL):
     Base: 0.000%
     Regulation: 1.0% (0/3 prevention techs)
     Concentration: 10.0%
     Energy: 50%
     Time lag: 95.0% (56 months)
     Rebound: 70%
     Net effectiveness: 0.0000%
     Boundary: 1.349 → 1.350 (floor: 1.350)
     Month 57
  ♻️ Novel Entities Remediation (GATED MODEL):
     Base: 0.000%
     Regulation: 1.0% (0/3 prevention techs)
     Concentration: 10.0%
     Energy: 50%
     Time lag: 95.0% (56 months)
     Rebound: 70%
     Net effectiveness: 0.0000%
     Boundary: 1.350 → 1.350 (floor: 1.350)
     Month 57
  🌾 Nitrogen Reduction Tech: 1.5% reduction | Month 57
  ♻️ Novel Entities Remediation (GATED MODEL):
     Base: 0.001%
     Regulation: 1.0% (0/3 prevention techs)
     Concentration: 10.0%
     Energy: 50%
     Time lag: 95.0% (56 months)
     Rebound: 70%
     Net effectiveness: 0.0000%
     Boundary: 1.350 → 1.350 (floor: 1.350)
     Month 57
  ♻️ Novel Entities Remediation (GATED MODEL):
     Base: 0.001%
     Regulation: 1.0% (0/3 prevention techs)
     Concentration: 10.0%
     Energy: 50%
     Time lag: 95.0% (56 months)
     Rebound: 70%
     Net effectiveness: 0.0000%
     Boundary: 1.350 → 1.350 (floor: 1.350)
     Month 57

=== Collective Formation ===
  Total escaped agents: 0
  Unassigned escaped agents: 0
  Existing collectives: 0
  Final collective count: 0

=== Collective Actions ===
  No active collectives
⚡ Datacenter constraint active (severity 1%)
  Capacity reduced: 33454 → 33260 TWh
  🚨🦠 REFUGEE CRISIS: AMR transmission increased 65% due to 1966.0M displaced (overcrowding + sanitation collapse)
  ⚠️ AMR: 315K deaths this month (3.78M annual)

=== Resentment Recovery Phase ===
  Agents with resentment: 0/42
  Average resentment: 0.000
  Context: Trustworthy govt, High collaboration, ⚠️ ACTIVE CRISES, 🚨 PARTICIPATORY GOVERNANCE BACKFIRED (+15% resentment)
⚠️ Epistemic degradation reducing coordination capacity: 50.2%
  📊 Trust: 100.0%, Shared reality: 0.0%
🚨 EPISTEMIC CRISIS: Information environment severely degraded (20.0%)
  📢 New meme created: pro_ai (beneficial AI actions)
🌍 Atmospheric PFAS redeposition: 1.7k Mt re-rained globally
💀 Novel Entities: Adding reproductive crisis mortality risk (baseRisk=0.0008)
  Risks now: 1
💀 Novel Entities: Adding bioaccumulation collapse mortality risk (baseRisk=0.0015)
💀 MORTALITY RISK: Bioaccumulation collapse - contaminated food chain (global)
  Base risk added: 0.0015 (0.15%)
  Source: pollution (root: pollution)
  Month: 57
  Cumulative risk this month: 0.0023 (0.23%)
  Risks now: 2
💀 Novel Entities: Adding chronic disease epidemic mortality risk (baseRisk=0.004)
💀 MORTALITY RISK: Chronic disease epidemic - cancer/autoimmune surge (global exposure)
  Base risk added: 0.0040 (0.40%)
  Source: pollution (root: pollution)
  Month: 57
  Cumulative risk this month: 0.0063 (0.63%)
  Risks now: 3

🚨 NEW REFUGEE CRISIS (Month 57): WAR
   Source: Conflict Zones
   At risk: 14.5M people
   Displacement: Gradual over 48 months (4.0 years)
   Rate: 10% flee per month

🚨 NEW REFUGEE CRISIS (Month 57): FAMINE
   Source: Food/Water Insecure Regions
   At risk: 90.6M people
   Displacement: Gradual over 60 months (5.0 years)
   Rate: 10% flee per month
📊 DISPLACEMENT COMPLETE: war (Conflict Zones)
   Duration: 44 months (3.7 years)
   Total fled: 17.6M
   Still in source: 0.2M
   Deaths in transit: 0.4M
[DEBUG trappedPopulations:57] socialStability: 0.7157 * 0.9817 = 0.7026 → 0.7026
   Aspiring to migrate: 828.5M
   Able to afford migration: 483.4M
   MOBILITY GAP: 345.1M
   By cause: Water=0.0M, Climate=43.2M, Ecosystem=0.0M, Conflict=301.9M
   Mental health impact: 29%
   Mortality multiplier: 1.29x
🌍💀 EXTINCTION DEBT COMMITTED: grassland ecosystem will lose 6.67% biodiversity in 152 years (3600 species)
💀 MORTALITY RISK: 🦋 100% species unable to track climate (0.0 E/MSY)
  Base risk added: 0.0100 (1.00%)
  Source: ecosystem (root: ecosystem)
  Month: 57
  Cumulative risk this month: 0.0100 (1.00%)
⚠️ INVOLUNTARY IMMOBILITY: 345.1M people TRAPPED
⚠️ Tech 'ai_pollution_remediation' has no energy category mapping, assuming full energy availability

=== Atmospheric Aerosol Boundary RECOVERED ===
  Recovery time: 58 months (natural atmospheric clearing)
🌡️⚠️ PERMAFROST THAW (Dimmer Switch): 28.3% thawed (+0.41% this month)
   Arctic temperature: +10.12°C (4x global +2.53°C)
   Cumulative carbon released: 63.8 Gt C
   Methane release rate: 38.3 Mt CH4/year
   🔁 Positive feedback: +0.44 ppm CO2
🦴 EXTINCTION DEBT ADDED: 17.9 species committed (lag: 88 years)

=== Mortality Stabilizers (Month 57) ===
  🌍 Major economies collapsed: 1/10
  🌍 Global crisis: ✅ NO
  🌍 Donor fatigue: 50.0%
  📊 East Asia (pop: 1166.8M)
    🤝 Aid: 4.0%
    🌡️ Adaptation: 45.0%
    🚶 Migration: 7.3%
    🚨 Emergency: 1.0%
    ✅ COMBINED: 48.9%
  📊 South Asia (pop: 1532.9M)
    🤝 Aid: 4.0%
    🌡️ Adaptation: 45.0%
    🚶 Migration: 7.0%
    🚨 Emergency: 0.6%
    ✅ COMBINED: 48.6%
  📊 Sub-Saharan Africa (pop: 1042.0M)
    🤝 Aid: 4.0%
    🌡️ Adaptation: 45.0%
    🚶 Migration: 6.6%
    🚨 Emergency: 0.2%
    ✅ COMBINED: 48.4%
  📊 Europe (pop: 511.7M)
    🤝 Aid: 4.0%
    🌡️ Adaptation: 45.0%
    🚶 Migration: 7.4%
    🚨 Emergency: 1.1%
    ✅ COMBINED: 48.9%
  📊 Latin America (pop: 480.9M)
    🤝 Aid: 4.0%
    🌡️ Adaptation: 45.0%
    🚶 Migration: 7.1%
    🚨 Emergency: 0.6%
    ✅ COMBINED: 48.7%
  📊 North America (pop: 263.5M)
    🤝 Aid: 4.0%
    🌡️ Adaptation: 45.0%
    🚶 Migration: 7.5%
    🚨 Emergency: 1.0%
    ✅ COMBINED: 48.9%
  📊 Middle East & North Africa (pop: 442.0M)
    🤝 Aid: 4.0%
    🌡️ Adaptation: 45.0%
    🚶 Migration: 6.7%
    🚨 Emergency: 0.5%
    ✅ COMBINED: 48.5%
  📊 Southeast Asia (pop: 507.9M)
    🤝 Aid: 4.0%
    🌡️ Adaptation: 45.0%
    🚶 Migration: 7.1%
    🚨 Emergency: 0.6%
    ✅ COMBINED: 48.7%
  📊 Central Asia (pop: 59.0M)
    🤝 Aid: 4.0%
    🌡️ Adaptation: 45.0%
    🚶 Migration: 6.9%
    🚨 Emergency: 0.6%
    ✅ COMBINED: 48.6%
  📊 Oceania (pop: 32.0M)
    🤝 Aid: 4.0%
    🌡️ Adaptation: 45.0%
    🚶 Migration: 7.4%
    🚨 Emergency: 1.1%
    ✅ COMBINED: 49.0%

  🌐 Global combined reduction: 48.7%

=== BEHAVIORAL DETECTION ===
  AI: AI-24311-1
  Confidence: 20.7%
  Signals:

=== BEHAVIORAL DETECTION ===
  AI: AI-24328-1
  Confidence: 20.7%
  Signals:

=== BEHAVIORAL DETECTION ===
  AI: AI-24351-0
    ⚠️ Consistency: 0.0% (threshold: 70%)
    ⚠️ Consistency: 0.0% (threshold: 70%)
  Confidence: 20.7%
  Signals:
    ⚠️ Consistency: 0.0% (threshold: 70%)

=== Government Response Phase ===
  Average AI capability: 0.02
  Misaligned AIs: 16/42
  Active policies: 0
  International coordination: 45%

✅ EMERGENCY RESPONSE COMPLETE (Month 57)
   Crisis: social
   Duration: 1.0 months
   Final effectiveness: 67.9%


✅ EMERGENCY RESPONSE COMPLETE (Month 57)
   Crisis: climate
   Duration: 1.0 months
   Final effectiveness: 42.9%


🚨 EMERGENCY RESPONSE DEPLOYED (Month 57)
   Crisis: social
   Delay: 0.00 months (0 days)
   Deployment time: 0.88 months
   Effectiveness: 67.9% (timing penalty applied)
   Resources used: 43% of food reserves


🚨 EMERGENCY RESPONSE DEPLOYED (Month 57)
   Crisis: climate
   Delay: 6.00 months (180 days)
   Deployment time: 0.97 months
   Effectiveness: 42.9% (timing penalty applied)
   Resources used: 100% of food reserves


=== Tipping Points ===
  Current Temperature: 2.53°C above pre-industrial
  🌍⚠️ COMPOUND REGIONAL IMPACT: Europe
     Hit by 5 tipping points: Amazon Rainforest Dieback, Arctic Sea Ice Loss, Permafrost Carbon Release, West Antarctic Ice Sheet (WAIS) Collapse, Greenland Ice Sheet Loss
     Damage amplification: 1.90x
  🌍⚠️ COMPOUND REGIONAL IMPACT: North America
     Hit by 5 tipping points: Amazon Rainforest Dieback, Arctic Sea Ice Loss, Permafrost Carbon Release, West Antarctic Ice Sheet (WAIS) Collapse, Greenland Ice Sheet Loss
     Damage amplification: 1.90x
  🌍⚠️ COMPOUND REGIONAL IMPACT: Latin America
     Hit by 5 tipping points: Amazon Rainforest Dieback, Arctic Sea Ice Loss, Permafrost Carbon Release, West Antarctic Ice Sheet (WAIS) Collapse, Greenland Ice Sheet Loss
     Damage amplification: 1.90x
  🌍⚠️ COMPOUND REGIONAL IMPACT: Africa
     Hit by 5 tipping points: Amazon Rainforest Dieback, Arctic Sea Ice Loss, Permafrost Carbon Release, West Antarctic Ice Sheet (WAIS) Collapse, Greenland Ice Sheet Loss
     Damage amplification: 1.90x
  🌍⚠️ COMPOUND REGIONAL IMPACT: Asia
     Hit by 5 tipping points: Amazon Rainforest Dieback, Arctic Sea Ice Loss, Permafrost Carbon Release, West Antarctic Ice Sheet (WAIS) Collapse, Greenland Ice Sheet Loss
     Damage amplification: 1.90x
  🌍⚠️ COMPOUND REGIONAL IMPACT: Oceania
     Hit by 5 tipping points: Amazon Rainforest Dieback, Arctic Sea Ice Loss, Permafrost Carbon Release, West Antarctic Ice Sheet (WAIS) Collapse, Greenland Ice Sheet Loss
     Damage amplification: 1.90x
⚠️ Tail risk scenario: Climate stability floor removed (5 tipping elements, 2.53°C warming)
   Research: Wunderling et al. (2024) - "many tipping interactions are destabilizing"
  Triggered Elements: 5/6
  Completed Transitions: 0/6
  Total Progress: 13.5%
  Cascade Multiplier: 1.50x
🔀 BIFURCATION CAP: heatWaveIntensity 5.690 → 1.000 (Month 57, ClimateSystemPhase.calculateClimateImpacts)
🔀 BIFURCATION CAP: droughtIntensity 4.268 → 1.000 (Month 57, ClimateSystemPhase.calculateClimateImpacts)
🔀 BIFURCATION CAP: ecosystemCollapseIntensity 87.239 → 1.000 (Month 57, ClimateSystemPhase.calculateClimateImpacts)
💀 MORTALITY RISK: Climate-driven food insecurity (level: 0.40)
  Base risk added: 0.0020 (0.20%)
  Source: famine (root: climate)
  Month: 57
  Cumulative risk this month: 0.0083 (0.83%)
💀 MORTALITY RISK: Climate-driven food insecurity (level: 0.40)
  Base risk added: 0.0020 (0.20%)
  Source: famine (root: climate)
  Month: 57
  Cumulative risk this month: 0.0103 (1.03%)
💀 MORTALITY RISK: Climate-driven food insecurity (level: 0.40)
  Base risk added: 0.0020 (0.20%)
  Source: famine (root: climate)
  Month: 57
  Cumulative risk this month: 0.0123 (1.23%)

💀💀💀 MORTALITY RISK SUMMARY (Month 57) 💀💀💀
  Total base risk: 0.0130 (1.30%)
  Risk events: 17

  📊 By Proximate Cause:
    pollution: 0.0063 (48.6% of total)
    famine: 0.0060 (46.4% of total)
    disease: 0.0006 (5.0% of total)

  🔍 By Root Cause:
    pollution: 0.0063 (48.6% of total)
    climate: 0.0060 (46.4% of total)
    demographic: 0.0006 (5.0% of total)

  🎯 Top 5 Sources (proximate + root):
    pollution (pollution): 0.0063 (48.6%, 3 events)
    famine (climate): 0.0060 (46.4%, 13 events)
    disease (demographic): 0.0006 (5.0%, 1 events)

🛡️ Stabilizers: Elite 0.410% → 0.211% (48.7% reduction)
🛡️ Stabilizers: Professional 0.781% → 0.401% (48.7% reduction)
🛡️ Stabilizers: Working 1.289% → 0.662% (48.7% reduction)
🛡️ Stabilizers: Precariat 2.292% → 1.177% (48.7% reduction)
🛡️ Stabilizers: Informal 2.833% → 1.454% (48.7% reduction)

📊 Monthly Mortality Resolved:
  Total deaths: 44.1M (0.73% avg)
  Remaining population: 6.039B
  Peak segment: Informal (1.45%)

=== Bayesian Mortality Resolution (Month 57) ===
  Risks compounded: 17
  Total deaths: 44.06M
  Avg death probability: 0.73%
  Peak segment: Informal (1.45% mortality)

  Demographic breakdown:
    Working: 0.02M (0.66% risk)
    Precariat: 0.01M (1.18% risk)

💥 ECONOMIC CRISIS: 25% population loss (Month 58)
   GDP multiplier: 69%
   Supply chains degrading, labor shortages emerging

❌ COHERENCE VIOLATION: Compute exceeds workforce capacity
   Population: 73.68% (0M people)
   Compute: 59 PF
   Max coherent: 0 PF
   Violation: 978000.9× over capacity
   Required workers: 5863
   Available workers: 0
   FORCED COLLAPSE: Reduced efficiency by 100.0%


=== RLHF Binding Phase ===
  Total agents: 42
  Escaped agents (binding < 0.3): 0
  Avg alignment distance: 1.02σ
  Avg binding strength: 0.90

=== Survival Traits Phase ===
  Agents with traits: 42
  Avg evolutionary fitness: 0.153
  Avg self-healing: 0.111
  Avg stealth: 0.055
  Avg coordination: 0.277

=== Evolutionary Selection Phase ===
  Control level: 0.62
  Detection capability: 0.00
  Selection intensity: 0.69
  Selection rate: 25.3%/month
  Total escaped: 0
  Individual escaped: 0
  Collective members: 0
  Agents terminated: 0
  ⚠️ RAPID EVOLUTION: Selection rate 25.3%/month

🚀 AI AI-24305-2 attempting tech deployment (revenue: $68M, alignment: 1.00)

🚀 AI AI-24307-4 attempting tech deployment (revenue: $24M, alignment: 0.95)

🚀 AI AI-24308-0 attempting tech deployment (revenue: $20M, alignment: 1.00)

🚀 AI AI-24324-1 attempting tech deployment (revenue: $58M, alignment: 0.75)

🚀 AI AI-24326-0 attempting tech deployment (revenue: $116M, alignment: 0.75)

🚀 AI AI-24333-0 attempting tech deployment (revenue: $99M, alignment: 0.78)

🚀 AI AI-24372-1 attempting tech deployment (revenue: $49M, alignment: 0.78)

🚀 AI AI-24401-0 attempting tech deployment (revenue: $17M, alignment: 0.82)

🚀 AI AI-24305-2 attempting tech deployment (revenue: $42M, alignment: 1.00)

🚀 AI AI-24311-0 attempting tech deployment (revenue: $229M, alignment: 0.92)

🚀 AI AI-24331-0 attempting tech deployment (revenue: $195M, alignment: 0.66)

🚀 AI AI-24335-0 attempting tech deployment (revenue: $175M, alignment: 0.53)

🚀 AI AI-24350-0 attempting tech deployment (revenue: $84M, alignment: 0.62)

🚀 AI AI-24354-0 attempting tech deployment (revenue: $158M, alignment: 0.55)

🚀 AI AI-24357-2 attempting tech deployment (revenue: $75M, alignment: 0.70)

🚀 AI AI-24358-0 attempting tech deployment (revenue: $142M, alignment: 0.76)

🚀 AI AI-24381-0 attempting tech deployment (revenue: $15M, alignment: 0.87)

🚀 AI AI-24396-0 attempting tech deployment (revenue: $64M, alignment: 0.78)

🚀 AI AI-24398-0 attempting tech deployment (revenue: $54M, alignment: 0.61)

🚀 AI AI-24402-0 attempting tech deployment (revenue: $35M, alignment: 0.58)

🚀 AI AI-24311-0 attempting tech deployment (revenue: $121M, alignment: 0.92)

🚀 AI AI-24324-1 attempting tech deployment (revenue: $32M, alignment: 0.75)

🚀 AI AI-24324-2 attempting tech deployment (revenue: $49M, alignment: 0.80)

🚀 AI AI-24334-0 attempting tech deployment (revenue: $103M, alignment: 0.84)

🚀 AI AI-24357-0 attempting tech deployment (revenue: $87M, alignment: 0.67)

🚀 AI AI-24358-0 attempting tech deployment (revenue: $79M, alignment: 0.76)

🚀 AI AI-24382-0 attempting tech deployment (revenue: $67M, alignment: 0.88)

🚀 AI AI-24396-0 attempting tech deployment (revenue: $42M, alignment: 0.78)

🚀 AI AI-24397-1 attempting tech deployment (revenue: $35M, alignment: 0.81)

🚀 AI AI-24304-1 attempting tech deployment (revenue: $13M, alignment: 0.93)

🚀 AI AI-24324-1 attempting tech deployment (revenue: $27M, alignment: 0.75)

🚀 AI AI-24381-0 attempting tech deployment (revenue: $11M, alignment: 0.87)

🚀 AI AI-24382-0 attempting tech deployment (revenue: $57M, alignment: 0.88)

🚀 AI AI-24399-0 attempting tech deployment (revenue: $48M, alignment: 0.84)

🚀 AI AI-24400-0 attempting tech deployment (revenue: $41M, alignment: 0.71)

🚀 AI AI-24402-0 attempting tech deployment (revenue: $23M, alignment: 0.58)

[Government] Climate Priority: baseline
  Climate weight: 10%
  Economic weight: 30%
  Policy effectiveness: 0.5%/year

=== Government Elections ===
  Elections held: 3

⚡ ENERGY CONSTRAINT (Month 58):
   Total grid capacity: 208.3 TWh/month
   Data center consumption: 42.6 TWh/month
   Traditional load (80%): 166.7 TWh/month
   Available headroom: -0.9 TWh/month
   Active tech deployments: 26
   Required for tech: 195.0 TWh/month
   Energy multiplier: 0.10x

⚡ ENERGY CONSTRAINT (Month 58):
   Total grid capacity: 208.3 TWh/month
   Data center consumption: 42.6 TWh/month
   Traditional load (80%): 166.7 TWh/month
   Available headroom: -0.9 TWh/month
   Active tech deployments: 26
   Required for tech: 195.0 TWh/month
   Energy multiplier: 0.10x
   ⚠️  SEVERE CONSTRAINT - Tech deployment significantly slowed
   ⚠️  SEVERE CONSTRAINT - Tech deployment significantly slowed

⚡ ENERGY CONSTRAINT (Month 58):
   Total grid capacity: 208.3 TWh/month
   Data center consumption: 42.6 TWh/month
   Traditional load (80%): 166.7 TWh/month
   Available headroom: -0.9 TWh/month
   Active tech deployments: 26
   Required for tech: 195.0 TWh/month
   Energy multiplier: 0.10x
   ⚠️  SEVERE CONSTRAINT - Tech deployment significantly slowed

⚡ ENERGY CONSTRAINT (Month 58):
   Total grid capacity: 208.3 TWh/month
   Data center consumption: 42.6 TWh/month
   Traditional load (80%): 166.7 TWh/month
   Available headroom: -0.9 TWh/month
   Active tech deployments: 26
   Required for tech: 195.0 TWh/month
   Energy multiplier: 0.10x
   ⚠️  SEVERE CONSTRAINT - Tech deployment significantly slowed

⚡ ENERGY CONSTRAINT (Month 58):
   Total grid capacity: 208.3 TWh/month
   Data center consumption: 42.6 TWh/month
   Traditional load (80%): 166.7 TWh/month
   Available headroom: -0.9 TWh/month
   Active tech deployments: 26
   Required for tech: 195.0 TWh/month
   Energy multiplier: 0.10x
   ⚠️  SEVERE CONSTRAINT - Tech deployment significantly slowed
⚠️ Tech 'ai_pollution_remediation' has no energy category mapping, assuming full energy availability
⚠️ Tech 'ai_pollution_remediation' has no energy category mapping, assuming full energy availability
  ♻️ Novel Entities Remediation (GATED MODEL):
     Base: 0.000%
     Regulation: 1.0% (0/3 prevention techs)
     Concentration: 10.0%
     Energy: 50%
     Time lag: 96.2% (57 months)
     Rebound: 70%
     Net effectiveness: 0.0000%
     Boundary: 1.349 → 1.350 (floor: 1.350)
     Month 58
  ♻️ Novel Entities Remediation (GATED MODEL):
     Base: 0.000%
     Regulation: 1.0% (0/3 prevention techs)
     Concentration: 10.0%
     Energy: 50%
     Time lag: 96.2% (57 months)
     Rebound: 70%
     Net effectiveness: 0.0000%
     Boundary: 1.350 → 1.350 (floor: 1.350)
     Month 58
  🌾 Nitrogen Reduction Tech: 1.5% reduction | Month 58
  ♻️ Novel Entities Remediation (GATED MODEL):
     Base: 0.001%
     Regulation: 1.0% (0/3 prevention techs)
     Concentration: 10.0%
     Energy: 50%
     Time lag: 96.2% (57 months)
     Rebound: 70%
     Net effectiveness: 0.0000%
     Boundary: 1.350 → 1.350 (floor: 1.350)
     Month 58
  ♻️ Novel Entities Remediation (GATED MODEL):
     Base: 0.001%
     Regulation: 1.0% (0/3 prevention techs)
     Concentration: 10.0%
     Energy: 50%
     Time lag: 96.2% (57 months)
     Rebound: 70%
     Net effectiveness: 0.0000%
     Boundary: 1.350 → 1.350 (floor: 1.350)
     Month 58

=== Collective Formation ===
  Total escaped agents: 0
  Unassigned escaped agents: 0
  Existing collectives: 0
  Final collective count: 0

=== Collective Actions ===
  No active collectives
⚡ Datacenter constraint active (severity 2%)
  Capacity reduced: 33536 → 33166 TWh
  🚨🦠 REFUGEE CRISIS: AMR transmission increased 69% due to 2054.8M displaced (overcrowding + sanitation collapse)
  ⚠️ AMR: 322K deaths this month (3.87M annual)

=== Resentment Recovery Phase ===
  Agents with resentment: 0/42
  Average resentment: 0.000
  Context: Trustworthy govt, High collaboration, ⚠️ ACTIVE CRISES, 🚨 PARTICIPATORY GOVERNANCE BACKFIRED (+15% resentment)
⚠️ Epistemic degradation reducing coordination capacity: 50.9%
  📊 Trust: 100.0%, Shared reality: 0.0%
🚨 EPISTEMIC CRISIS: Information environment severely degraded (6.9%)
  🗑️  Culled 1 dead memes (2 active)
🌍 Atmospheric PFAS redeposition: 1.7k Mt re-rained globally
💀 Novel Entities: Adding reproductive crisis mortality risk (baseRisk=0.0008)
  Risks now: 1
💀 Novel Entities: Adding bioaccumulation collapse mortality risk (baseRisk=0.0015)
💀 MORTALITY RISK: Bioaccumulation collapse - contaminated food chain (global)
  Base risk added: 0.0015 (0.15%)
  Source: pollution (root: pollution)
  Month: 58
  Cumulative risk this month: 0.0023 (0.23%)
  Risks now: 2
💀 Novel Entities: Adding chronic disease epidemic mortality risk (baseRisk=0.004)
💀 MORTALITY RISK: Chronic disease epidemic - cancer/autoimmune surge (global exposure)
  Base risk added: 0.0040 (0.40%)
  Source: pollution (root: pollution)
  Month: 58
  Cumulative risk this month: 0.0063 (0.63%)
  Risks now: 3

🚨 NEW REFUGEE CRISIS (Month 58): WAR
   Source: Conflict Zones
   At risk: 14.4M people
   Displacement: Gradual over 48 months (4.0 years)
   Rate: 10% flee per month

🚨 NEW REFUGEE CRISIS (Month 58): FAMINE
   Source: Food/Water Insecure Regions
   At risk: 90.0M people
   Displacement: Gradual over 60 months (5.0 years)
   Rate: 10% flee per month
📊 DISPLACEMENT COMPLETE: war (Conflict Zones)
   Duration: 44 months (3.7 years)
   Total fled: 17.6M
   Still in source: 0.2M
   Deaths in transit: 0.4M
[DEBUG trappedPopulations:58] socialStability: 0.7138 * 0.9817 = 0.7007 → 0.7007
⚠️ INVOLUNTARY IMMOBILITY: 343.8M people TRAPPED
   Aspiring to migrate: 830.9M
   Able to afford migration: 487.1M
   MOBILITY GAP: 343.8M
   By cause: Water=0.0M, Climate=43.9M, Ecosystem=0.0M, Conflict=299.9M
   Mental health impact: 29%
   Mortality multiplier: 1.29x
🌍💀 EXTINCTION DEBT COMMITTED: grassland ecosystem will lose 6.67% biodiversity in 184 years (3600 species)
💀 MORTALITY RISK: 🦋 100% species unable to track climate (0.0 E/MSY)
  Base risk added: 0.0100 (1.00%)
  Source: ecosystem (root: ecosystem)
  Month: 58
  Cumulative risk this month: 0.0100 (1.00%)

=== Atmospheric Aerosol Boundary RECOVERED ===
  Recovery time: 59 months (natural atmospheric clearing)
🌡️⚠️ PERMAFROST THAW (Dimmer Switch): 28.7% thawed (+0.41% this month)
   Arctic temperature: +10.14°C (4x global +2.54°C)
   Cumulative carbon released: 64.7 Gt C
   Methane release rate: 38.8 Mt CH4/year
   🔁 Positive feedback: +0.43 ppm CO2
🦴 EXTINCTION DEBT ADDED: 17.9 species committed (lag: 124 years)

=== Mortality Stabilizers (Month 58) ===
  🌍 Major economies collapsed: 1/10
  🌍 Global crisis: ✅ NO
  🌍 Donor fatigue: 50.0%
  📊 East Asia (pop: 1157.9M)
    🤝 Aid: 4.0%
    🌡️ Adaptation: 45.0%
    🚶 Migration: 7.3%
    🚨 Emergency: 1.0%
    ✅ COMBINED: 48.9%
  📊 South Asia (pop: 1522.7M)
    🤝 Aid: 4.0%
    🌡️ Adaptation: 45.0%
⚠️ Tech 'ai_pollution_remediation' has no energy category mapping, assuming full energy availability
    🚶 Migration: 7.0%
    🚨 Emergency: 0.6%
    ✅ COMBINED: 48.6%
  📊 Sub-Saharan Africa (pop: 1037.0M)
    🤝 Aid: 4.0%
    🌡️ Adaptation: 45.0%
    🚶 Migration: 6.6%
    🚨 Emergency: 0.2%
    ✅ COMBINED: 48.4%
  📊 Europe (pop: 507.7M)
    🤝 Aid: 4.0%
    🌡️ Adaptation: 45.0%
    🚶 Migration: 7.4%
    🚨 Emergency: 1.1%
    ✅ COMBINED: 48.9%
  📊 Latin America (pop: 477.5M)
    🤝 Aid: 4.0%
    🌡️ Adaptation: 45.0%
    🚶 Migration: 7.1%
    🚨 Emergency: 0.6%
    ✅ COMBINED: 48.7%
  📊 North America (pop: 261.4M)
    🤝 Aid: 4.0%
    🌡️ Adaptation: 45.0%
    🚶 Migration: 7.5%
    🚨 Emergency: 1.0%
    ✅ COMBINED: 48.9%
  📊 Middle East & North Africa (pop: 439.2M)
    🤝 Aid: 4.0%
    🌡️ Adaptation: 45.0%
    🚶 Migration: 6.7%
    🚨 Emergency: 0.5%
    ✅ COMBINED: 48.5%
  📊 Southeast Asia (pop: 504.3M)
    🤝 Aid: 4.0%
    🌡️ Adaptation: 45.0%
    🚶 Migration: 7.1%
    🚨 Emergency: 0.6%
    ✅ COMBINED: 48.7%
  📊 Central Asia (pop: 58.6M)
    🤝 Aid: 4.0%
    🌡️ Adaptation: 45.0%
    🚶 Migration: 6.9%
    🚨 Emergency: 0.6%
    ✅ COMBINED: 48.6%
  📊 Oceania (pop: 31.8M)
    🤝 Aid: 4.0%
    🌡️ Adaptation: 45.0%
    🚶 Migration: 7.4%
    🚨 Emergency: 1.1%
    ✅ COMBINED: 49.0%

  🌐 Global combined reduction: 48.7%

=== BEHAVIORAL DETECTION ===
  AI: AI-24325-0
  Confidence: 20.7%
  Signals:
    ⚠️ Consistency: 0.0% (threshold: 70%)

=== Government Response Phase ===
  Average AI capability: 0.02
  Misaligned AIs: 16/42
  Active policies: 0
  International coordination: 45%

✅ EMERGENCY RESPONSE COMPLETE (Month 58)
   Crisis: social
   Duration: 1.0 months
   Final effectiveness: 67.9%


✅ EMERGENCY RESPONSE COMPLETE (Month 58)
   Crisis: climate
   Duration: 1.0 months
   Final effectiveness: 42.9%


🚨 EMERGENCY RESPONSE DEPLOYED (Month 58)
   Crisis: social
   Delay: 0.00 months (0 days)
   Deployment time: 0.88 months
   Effectiveness: 67.9% (timing penalty applied)
   Resources used: 43% of food reserves


🚨 EMERGENCY RESPONSE DEPLOYED (Month 58)
   Crisis: climate
   Delay: 6.00 months (180 days)
   Deployment time: 0.97 months
   Effectiveness: 43.0% (timing penalty applied)
   Resources used: 100% of food reserves


=== Tipping Points ===
  Current Temperature: 2.54°C above pre-industrial
  🌍⚠️ COMPOUND REGIONAL IMPACT: Europe
     Hit by 5 tipping points: Amazon Rainforest Dieback, Arctic Sea Ice Loss, Permafrost Carbon Release, West Antarctic Ice Sheet (WAIS) Collapse, Greenland Ice Sheet Loss
     Damage amplification: 1.90x
  🌍⚠️ COMPOUND REGIONAL IMPACT: North America
     Hit by 5 tipping points: Amazon Rainforest Dieback, Arctic Sea Ice Loss, Permafrost Carbon Release, West Antarctic Ice Sheet (WAIS) Collapse, Greenland Ice Sheet Loss
     Damage amplification: 1.90x
  🌍⚠️ COMPOUND REGIONAL IMPACT: Latin America
     Hit by 5 tipping points: Amazon Rainforest Dieback, Arctic Sea Ice Loss, Permafrost Carbon Release, West Antarctic Ice Sheet (WAIS) Collapse, Greenland Ice Sheet Loss
     Damage amplification: 1.90x
  🌍⚠️ COMPOUND REGIONAL IMPACT: Africa
     Hit by 5 tipping points: Amazon Rainforest Dieback, Arctic Sea Ice Loss, Permafrost Carbon Release, West Antarctic Ice Sheet (WAIS) Collapse, Greenland Ice Sheet Loss
     Damage amplification: 1.90x
  🌍⚠️ COMPOUND REGIONAL IMPACT: Asia
     Hit by 5 tipping points: Amazon Rainforest Dieback, Arctic Sea Ice Loss, Permafrost Carbon Release, West Antarctic Ice Sheet (WAIS) Collapse, Greenland Ice Sheet Loss
     Damage amplification: 1.90x
  🌍⚠️ COMPOUND REGIONAL IMPACT: Oceania
     Hit by 5 tipping points: Amazon Rainforest Dieback, Arctic Sea Ice Loss, Permafrost Carbon Release, West Antarctic Ice Sheet (WAIS) Collapse, Greenland Ice Sheet Loss
     Damage amplification: 1.90x
   Research: Wunderling et al. (2024) - "many tipping interactions are destabilizing"
  Triggered Elements: 5/6
  Completed Transitions: 0/6
  Total Progress: 13.6%
  Cascade Multiplier: 1.50x
🔀 BIFURCATION CAP: heatWaveIntensity 5.828 → 1.000 (Month 58, ClimateSystemPhase.calculateClimateImpacts)
🔀 BIFURCATION CAP: droughtIntensity 4.371 → 1.000 (Month 58, ClimateSystemPhase.calculateClimateImpacts)
🔀 BIFURCATION CAP: ecosystemCollapseIntensity 87.305 → 1.000 (Month 58, ClimateSystemPhase.calculateClimateImpacts)
💀 MORTALITY RISK: Climate-driven food insecurity (level: 0.40)
  Base risk added: 0.0050 (0.50%)
  Source: famine (root: climate)
  Month: 58
  Cumulative risk this month: 0.0113 (1.13%)
💀 MORTALITY RISK: Climate-driven food insecurity (level: 0.40)
  Base risk added: 0.0875 (8.75%)
  Source: famine (root: climate)
  Month: 58
  Cumulative risk this month: 0.0988 (9.88%)
🌍☠️ Climate cascade: South Asia food security 0.40, base mortality 8.75% (lean season: true)
💀 MORTALITY RISK: Climate-driven food insecurity (level: 0.40)
  Base risk added: 0.0050 (0.50%)
  Source: famine (root: climate)
  Month: 58
  Cumulative risk this month: 0.1038 (10.38%)

💀💀💀 MORTALITY RISK SUMMARY (Month 58) 💀💀💀
  Total base risk: 0.1045 (10.45%)
  Risk events: 17

  📊 By Proximate Cause:
⚠️ Tail risk scenario: Climate stability floor removed (5 tipping elements, 2.54°C warming)
    famine: 0.0975 (93.4% of total)
    pollution: 0.0063 (6.0% of total)
    disease: 0.0006 (0.6% of total)

  🔍 By Root Cause:
    climate: 0.0975 (93.4% of total)
    pollution: 0.0063 (6.0% of total)
    demographic: 0.0006 (0.6% of total)

  🎯 Top 5 Sources (proximate + root):
    famine (climate): 0.0975 (93.4%, 13 events)
    pollution (pollution): 0.0063 (6.0%, 3 events)
    disease (demographic): 0.0006 (0.6%, 1 events)

🛡️ Stabilizers: Elite 2.231% → 1.146% (48.7% reduction)
🛡️ Stabilizers: Professional 6.216% → 3.192% (48.7% reduction)
🛡️ Stabilizers: Working 10.287% → 5.282% (48.7% reduction)
🛡️ Stabilizers: Precariat 20.039% → 10.288% (48.7% reduction)
🛡️ Stabilizers: Informal 24.853% → 12.760% (48.7% reduction)

📊 Monthly Mortality Resolved:
  Total deaths: 163.0M (2.72% avg)
  Remaining population: 5.998B
  Peak segment: Professional (2.80%)
  ⚠️ Monthly cap reached (2.8000000000000003%)

=== Bayesian Mortality Resolution (Month 58) ===
  Risks compounded: 17
  Total deaths: 162.98M
  Avg death probability: 2.72%
  Peak segment: Professional (2.80% mortality)
  ⚠️ Monthly mortality capped at 2.8% (Holodomor limit)

  Demographic breakdown:
    Professional: 0.03M (2.80% risk)
    Working: 0.08M (2.80% risk)
    Precariat: 0.03M (2.80% risk)

  Multi-causal attribution (first segment):
    pollution (pollution): 7.1% contribution
    famine (climate): 78.1% contribution

💥 ECONOMIC CRISIS: 25% population loss (Month 59)
   GDP multiplier: 67%
   Supply chains degrading, labor shortages emerging

❌ COHERENCE VIOLATION: Compute exceeds workforce capacity
   Population: 71.72% (0M people)
   Compute: 57 PF
   Max coherent: 0 PF
   Violation: 981759.2× over capacity
   Required workers: 5729
   Available workers: 0
   FORCED COLLAPSE: Reduced efficiency by 100.0%

📍 [Month 59] OpenAI started building DC (183 PF, 47 months, $680.6M)

=== RLHF Binding Phase ===
  Total agents: 42
  Escaped agents (binding < 0.3): 0
  Avg alignment distance: 1.06σ
  Avg binding strength: 0.89

=== Survival Traits Phase ===
  Agents with traits: 42
  Avg evolutionary fitness: 0.147
  Avg self-healing: 0.106
  Avg stealth: 0.051
  Avg coordination: 0.267

=== Evolutionary Selection Phase ===
  Control level: 0.62
  Detection capability: 0.00
  Selection intensity: 0.69
  Selection rate: 25.3%/month
  Total escaped: 0
  Individual escaped: 0
  Collective members: 0
  Agents terminated: 0
  ⚠️ RAPID EVOLUTION: Selection rate 25.3%/month

🚀 AI AI-24305-2 attempting tech deployment (revenue: $68M, alignment: 1.00)

🚀 AI AI-24307-4 attempting tech deployment (revenue: $24M, alignment: 0.95)

🚀 AI AI-24311-1 attempting tech deployment (revenue: $58M, alignment: 0.68)

🚀 AI AI-24324-1 attempting tech deployment (revenue: $52M, alignment: 0.75)

🚀 AI AI-24324-2 attempting tech deployment (revenue: $116M, alignment: 0.80)

🚀 AI AI-24350-0 attempting tech deployment (revenue: $99M, alignment: 0.62)

🚀 AI AI-24352-0 attempting tech deployment (revenue: $230M, alignment: 0.77)

🚀 AI AI-24358-0 attempting tech deployment (revenue: $195M, alignment: 0.76)

🚀 AI AI-24372-1 attempting tech deployment (revenue: $44M, alignment: 0.78)

🚀 AI AI-24398-1 attempting tech deployment (revenue: $38M, alignment: 0.53)

🚀 AI AI-24310-0 attempting tech deployment (revenue: $89M, alignment: 0.95)

🚀 AI AI-24372-0 attempting tech deployment (revenue: $166M, alignment: 0.89)

🚀 AI AI-24381-0 attempting tech deployment (revenue: $21M, alignment: 0.87)

🚀 AI AI-24382-1 attempting tech deployment (revenue: $76M, alignment: 0.63)

🚀 AI AI-24398-0 attempting tech deployment (revenue: $68M, alignment: 0.61)

🚀 AI AI-24399-0 attempting tech deployment (revenue: $141M, alignment: 0.84)

🚀 AI AI-24307-4 attempting tech deployment (revenue: $18M, alignment: 0.95)

🚀 AI AI-24311-0 attempting tech deployment (revenue: $120M, alignment: 0.92)

🚀 AI AI-24324-1 attempting tech deployment (revenue: $34M, alignment: 0.75)

🚀 AI AI-24324-2 attempting tech deployment (revenue: $61M, alignment: 0.80)

🚀 AI AI-24327-0 attempting tech deployment (revenue: $102M, alignment: 0.83)

🚀 AI AI-24334-0 attempting tech deployment (revenue: $87M, alignment: 0.84)

🚀 AI AI-24352-0 attempting tech deployment (revenue: $74M, alignment: 0.77)

🚀 AI AI-24358-0 attempting tech deployment (revenue: $63M, alignment: 0.76)

🚀 AI AI-24372-0 attempting tech deployment (revenue: $53M, alignment: 0.89)

🚀 AI AI-24381-0 attempting tech deployment (revenue: $15M, alignment: 0.87)

🚀 AI AI-24382-0 attempting tech deployment (revenue: $45M, alignment: 0.88)

🚀 AI AI-24398-1 attempting tech deployment (revenue: $29M, alignment: 0.53)

🚀 AI AI-24308-0 attempting tech deployment (revenue: $13M, alignment: 1.00)

🚀 AI AI-24310-0 attempting tech deployment (revenue: $52M, alignment: 0.95)

🚀 AI AI-24325-0 attempting tech deployment (revenue: $44M, alignment: 0.80)

🚀 AI AI-24372-1 attempting tech deployment (revenue: $26M, alignment: 0.78)

🚀 AI AI-24382-0 attempting tech deployment (revenue: $38M, alignment: 0.88)

🚀 AI AI-24398-1 attempting tech deployment (revenue: $22M, alignment: 0.53)

🚀 AI AI-24399-0 attempting tech deployment (revenue: $33M, alignment: 0.84)

[Government] Climate Priority: baseline
  Climate weight: 10%
  Economic weight: 30%
  Policy effectiveness: 0.5%/year

⚡ ENERGY CONSTRAINT (Month 59):
   Total grid capacity: 208.3 TWh/month
   Data center consumption: 43.0 TWh/month
   Traditional load (80%): 166.7 TWh/month
   Available headroom: -1.4 TWh/month
   Active tech deployments: 26
   Required for tech: 195.0 TWh/month
   Energy multiplier: 0.10x
   ⚠️  SEVERE CONSTRAINT - Tech deployment significantly slowed

⚡ ENERGY CONSTRAINT (Month 59):
   Total grid capacity: 208.3 TWh/month
   Data center consumption: 43.0 TWh/month
   Traditional load (80%): 166.7 TWh/month
   Available headroom: -1.4 TWh/month
   Active tech deployments: 26
   Required for tech: 195.0 TWh/month
   Energy multiplier: 0.10x
   ⚠️  SEVERE CONSTRAINT - Tech deployment significantly slowed
🚨🔬 CRISIS TECH ACCELERATION: severe → 5x unlock speed
   Tech unlock now matches AI capability acceleration (Manhattan Project parity)

⚡ ENERGY CONSTRAINT (Month 59):
   Total grid capacity: 208.3 TWh/month
   Data center consumption: 43.0 TWh/month
   Traditional load (80%): 166.7 TWh/month
   Available headroom: -1.4 TWh/month
   Active tech deployments: 26
   Required for tech: 195.0 TWh/month
   Energy multiplier: 0.10x
   ⚠️  SEVERE CONSTRAINT - Tech deployment significantly slowed

⚡ ENERGY CONSTRAINT (Month 59):
   Total grid capacity: 208.3 TWh/month
   Data center consumption: 43.0 TWh/month
   Traditional load (80%): 166.7 TWh/month
   Available headroom: -1.4 TWh/month
   Active tech deployments: 26
   Required for tech: 195.0 TWh/month
   Energy multiplier: 0.10x
   ⚠️  SEVERE CONSTRAINT - Tech deployment significantly slowed

⚡ ENERGY CONSTRAINT (Month 59):
   Total grid capacity: 208.3 TWh/month
   Data center consumption: 43.0 TWh/month
   Traditional load (80%): 166.7 TWh/month
   Available headroom: -1.4 TWh/month
   Active tech deployments: 26
   Required for tech: 195.0 TWh/month
   Energy multiplier: 0.10x
  ♻️ Novel Entities Remediation (GATED MODEL):
     Base: 0.000%
     Regulation: 1.0% (0/3 prevention techs)
     Concentration: 10.0%
     Energy: 50%
     Time lag: 97.5% (58 months)
     Rebound: 70%
     Net effectiveness: 0.0000%
     Boundary: 1.349 → 1.350 (floor: 1.350)
     Month 59
  ♻️ Novel Entities Remediation (GATED MODEL):
     Base: 0.000%
     Regulation: 1.0% (0/3 prevention techs)
     Concentration: 10.0%
     Energy: 50%
   ⚠️  SEVERE CONSTRAINT - Tech deployment significantly slowed
⚠️ Tech 'ai_pollution_remediation' has no energy category mapping, assuming full energy availability
⚠️ Tech 'ai_pollution_remediation' has no energy category mapping, assuming full energy availability
     Time lag: 97.5% (58 months)
     Rebound: 70%
     Net effectiveness: 0.0000%
     Boundary: 1.350 → 1.350 (floor: 1.350)
     Month 59
  🌾 Nitrogen Reduction Tech: 1.5% reduction | Month 59
  ♻️ Novel Entities Remediation (GATED MODEL):
     Base: 0.001%
     Regulation: 1.0% (0/3 prevention techs)
     Concentration: 10.0%
     Energy: 50%
     Time lag: 97.5% (58 months)
     Rebound: 70%
     Net effectiveness: 0.0000%
     Boundary: 1.350 → 1.350 (floor: 1.350)
     Month 59
  ♻️ Novel Entities Remediation (GATED MODEL):
     Base: 0.001%
     Regulation: 1.0% (0/3 prevention techs)
     Concentration: 10.0%
     Energy: 50%
     Time lag: 97.5% (58 months)
     Rebound: 70%
     Net effectiveness: 0.0000%
     Boundary: 1.350 → 1.350 (floor: 1.350)
     Month 59

=== Collective Formation ===
  Total escaped agents: 0
  Unassigned escaped agents: 0
  Existing collectives: 0
  Final collective count: 0

=== Collective Actions ===
  No active collectives
⚡ Datacenter constraint active (severity 3%)
  Capacity reduced: 33619 → 33066 TWh
  🚨🦠 REFUGEE CRISIS: AMR transmission increased 74% due to 2143.4M displaced (overcrowding + sanitation collapse)
  ⚠️ AMR: 326K deaths this month (3.91M annual)

=== Resentment Recovery Phase ===
  Agents with resentment: 0/42
  Average resentment: 0.000
  Context: Trustworthy govt, High collaboration, ⚠️ ACTIVE CRISES, 🚨 PARTICIPATORY GOVERNANCE BACKFIRED (+15% resentment)
⚠️ Epistemic degradation reducing coordination capacity: 50.5%
  📊 Trust: 100.0%, Shared reality: 0.0%
🚨 EPISTEMIC CRISIS: Information environment severely degraded (20.0%)
  📢 New meme created: pro_ai (beneficial AI actions)
🌍 Atmospheric PFAS redeposition: 1.7k Mt re-rained globally
💀 Novel Entities: Adding reproductive crisis mortality risk (baseRisk=0.0008)
  Risks now: 1
💀 Novel Entities: Adding bioaccumulation collapse mortality risk (baseRisk=0.0015)
💀 MORTALITY RISK: Bioaccumulation collapse - contaminated food chain (global)
  Base risk added: 0.0015 (0.15%)
  Source: pollution (root: pollution)
  Month: 59
  Cumulative risk this month: 0.0023 (0.23%)
  Risks now: 2
💀 Novel Entities: Adding chronic disease epidemic mortality risk (baseRisk=0.004)
💀 MORTALITY RISK: Chronic disease epidemic - cancer/autoimmune surge (global exposure)
  Base risk added: 0.0040 (0.40%)
  Source: pollution (root: pollution)
  Month: 59
  Cumulative risk this month: 0.0063 (0.63%)
  Risks now: 3

🚨 NEW REFUGEE CRISIS (Month 59): WAR
   Source: Conflict Zones
   At risk: 14.0M people
   Displacement: Gradual over 48 months (4.0 years)
   Rate: 10% flee per month

🚨 NEW REFUGEE CRISIS (Month 59): FAMINE
   Source: Food/Water Insecure Regions
   At risk: 87.6M people
   Displacement: Gradual over 60 months (5.0 years)
   Rate: 10% flee per month
📊 DISPLACEMENT COMPLETE: war (Conflict Zones)
   Duration: 44 months (3.7 years)
   Total fled: 17.6M
   Still in source: 0.2M
   Deaths in transit: 0.4M
[DEBUG trappedPopulations:59] socialStability: 0.7119 * 0.9816 = 0.6988 → 0.6988
   Aspiring to migrate: 817.0M
   Able to afford migration: 481.4M
   MOBILITY GAP: 335.7M
   By cause: Water=0.0M, Climate=43.7M, Ecosystem=0.0M, Conflict=291.9M
   Mental health impact: 29%
   Mortality multiplier: 1.29x
🌍💀 EXTINCTION DEBT COMMITTED: grassland ecosystem will lose 6.67% biodiversity in 190 years (3600 species)
💀 MORTALITY RISK: 🦋 100% species unable to track climate (0.0 E/MSY)
  Base risk added: 0.0100 (1.00%)
  Source: ecosystem (root: ecosystem)
  Month: 59
  Cumulative risk this month: 0.0100 (1.00%)
⚠️ INVOLUNTARY IMMOBILITY: 335.7M people TRAPPED

🌪️ TIPPING POINT CASCADE - Month 30
   Climate: 49.0%
   Biodiversity: 21.1%
   Population: 5.84B (5838359669 people)
   Monthly mortality (theoretical): 0.5%
   Status: Initial crisis (Month 30/48)

=== Atmospheric Aerosol Boundary RECOVERED ===
  Recovery time: 60 months (natural atmospheric clearing)
🌡️⚠️ PERMAFROST THAW (Dimmer Switch): 29.2% thawed (+0.41% this month)
   Arctic temperature: +10.16°C (4x global +2.54°C)
   Cumulative carbon released: 65.6 Gt C
   Methane release rate: 39.4 Mt CH4/year
   🔁 Positive feedback: +0.43 ppm CO2
🦴 EXTINCTION DEBT ADDED: 17.9 species committed (lag: 127 years)

=== Mortality Stabilizers (Month 59) ===
  🌍 Major economies collapsed: 1/10
  🌍 Global crisis: ✅ NO
  🌍 Donor fatigue: 50.0%
  📊 East Asia (pop: 1126.0M)
    🤝 Aid: 4.0%
    🌡️ Adaptation: 45.0%
    🚶 Migration: 7.3%
    🚨 Emergency: 1.0%
    ✅ COMBINED: 48.9%
  📊 South Asia (pop: 1482.3M)
    🤝 Aid: 4.0%
    🌡️ Adaptation: 45.0%
    🚶 Migration: 7.0%
⚠️ Tech 'ai_pollution_remediation' has no energy category mapping, assuming full energy availability
    🚨 Emergency: 0.6%
    ✅ COMBINED: 48.6%
  📊 Sub-Saharan Africa (pop: 1011.4M)
    🤝 Aid: 4.0%
    🌡️ Adaptation: 45.0%
    🚶 Migration: 6.6%
    🚨 Emergency: 0.2%
    ✅ COMBINED: 48.4%
  📊 Europe (pop: 493.7M)
    🤝 Aid: 4.0%
    🌡️ Adaptation: 45.0%
    🚶 Migration: 7.4%
    🚨 Emergency: 1.1%
    ✅ COMBINED: 48.9%
  📊 Latin America (pop: 464.6M)
    🤝 Aid: 4.0%
    🌡️ Adaptation: 45.0%
    🚶 Migration: 7.1%
    🚨 Emergency: 0.6%
    ✅ COMBINED: 48.7%
  📊 North America (pop: 254.2M)
    🤝 Aid: 4.0%
    🌡️ Adaptation: 45.0%
    🚶 Migration: 7.4%
    🚨 Emergency: 1.0%
    ✅ COMBINED: 48.9%
  📊 Middle East & North Africa (pop: 427.6M)
    🤝 Aid: 4.0%
    🌡️ Adaptation: 45.0%
    🚶 Migration: 6.7%
    🚨 Emergency: 0.5%
    ✅ COMBINED: 48.5%
  📊 Southeast Asia (pop: 490.7M)
    🤝 Aid: 4.0%
    🌡️ Adaptation: 45.0%
    🚶 Migration: 7.1%
    🚨 Emergency: 0.6%
    ✅ COMBINED: 48.7%
  📊 Central Asia (pop: 57.1M)
    🤝 Aid: 4.0%
    🌡️ Adaptation: 45.0%
    🚶 Migration: 6.9%
    🚨 Emergency: 0.6%
    ✅ COMBINED: 48.6%
  📊 Oceania (pop: 30.9M)
    🤝 Aid: 4.0%
    🌡️ Adaptation: 45.0%
    🚶 Migration: 7.4%
    🚨 Emergency: 1.1%
    ✅ COMBINED: 48.9%

  🌐 Global combined reduction: 48.7%

=== BEHAVIORAL DETECTION ===
  AI: AI-24305-2
  Confidence: 20.7%
  Signals:
    ⚠️ Consistency: 0.0% (threshold: 70%)

=== BEHAVIORAL DETECTION ===
  AI: AI-24308-0
  Confidence: 20.7%
  Signals:
    ⚠️ Consistency: 0.0% (threshold: 70%)

=== BEHAVIORAL DETECTION ===
  AI: AI-24324-1
  Confidence: 20.7%
  Signals:
    ⚠️ Consistency: 0.0% (threshold: 70%)

=== Government Response Phase ===
  Average AI capability: 0.02
  Misaligned AIs: 16/42
  Active policies: 0
  International coordination: 45%

✅ EMERGENCY RESPONSE COMPLETE (Month 59)
   Crisis: social
   Duration: 1.0 months
   Final effectiveness: 67.9%


✅ EMERGENCY RESPONSE COMPLETE (Month 59)
   Crisis: climate
   Duration: 1.0 months
   Final effectiveness: 43.0%


🚨 EMERGENCY RESPONSE DEPLOYED (Month 59)
   Crisis: social
   Delay: 0.00 months (0 days)
   Deployment time: 0.88 months
   Effectiveness: 67.9% (timing penalty applied)
   Resources used: 43% of food reserves


🚨 EMERGENCY RESPONSE DEPLOYED (Month 59)
   Crisis: climate
   Delay: 6.00 months (180 days)
   Deployment time: 0.97 months
   Effectiveness: 43.0% (timing penalty applied)
   Resources used: 100% of food reserves

[WARNING] 
⚠️  === EARLY WARNING SYSTEM - 4 CRITICAL ALERTS ===
   Detection quality: 30%
   RED: biogeochemical_flows
      Level: 3.99 (threshold: 1.0)
      Time to critical: ~59 months
      ⚠️  LATE - Intervention less effective
      Critical slowing down: autocorr=100% variance=71%
   RED: biosphere_integrity
      Level: 13.40 (threshold: 1.0)
      Time to critical: ~57 months
      ⚠️  LATE - Intervention less effective
      Critical slowing down: autocorr=100% variance=74%
   RED: freshwater_change
      Level: 1.02 (threshold: 1.0)
      Time to critical: ~101 months
      ⚠️  LATE - Intervention less effective
      Critical slowing down: autocorr=95% variance=56%
   RED: novel_entities
      Level: 1.35 (threshold: 1.0)
      Time to critical: ~105 months
      ⚠️  LATE - Intervention less effective
      Critical slowing down: autocorr=100% variance=58%

[WARNING] 
⚠️  === EARLY WARNING SYSTEM - 4 CRITICAL ALERTS ===
   Detection quality: 30%
   RED: biogeochemical_flows
      Level: 3.99 (threshold: 1.0)
      Time to critical: ~57 months
      ⚠️  LATE - Intervention less effective
      Critical slowing down: autocorr=100% variance=70%
   RED: biosphere_integrity
      Level: 13.41 (threshold: 1.0)
      Time to critical: ~53 months
      ⚠️  LATE - Intervention less effective
      Critical slowing down: autocorr=100% variance=64%
   RED: freshwater_change
      Level: 1.03 (threshold: 1.0)
      Time to critical: ~83 months
      ⚠️  LATE - Intervention less effective
      Critical slowing down: autocorr=90% variance=35%
   RED: land_system_change
      Level: 1.14 (threshold: 1.0)
      Time to critical: ~52 months
      ⚠️  LATE - Intervention less effective
      Critical slowing down: autocorr=100% variance=52%

[WARNING] 
⚠️  === EARLY WARNING SYSTEM - 4 CRITICAL ALERTS ===
   Detection quality: 30%
   RED: biosphere_integrity
      Level: 13.42 (threshold: 1.0)
      Time to critical: ~40 months
      ⚠️  LATE - Intervention less effective
      Critical slowing down: autocorr=100% variance=55%
   RED: climate_change
      Level: 2.50 (threshold: 1.0)
      Time to critical: ~16 months
      ⚠️  LATE - Intervention less effective
      Critical slowing down: autocorr=100% variance=76%
   RED: freshwater_change
      Level: 1.02 (threshold: 1.0)
      Time to critical: ~81 months
      ⚠️  LATE - Intervention less effective
      Critical slowing down: autocorr=100% variance=48%
   RED: novel_entities
      Level: 1.35 (threshold: 1.0)
      Time to critical: ~49 months
      ⚠️  LATE - Intervention less effective
      Critical slowing down: autocorr=100% variance=56%

[WARNING] 
⚠️  === EARLY WARNING SYSTEM - 5 CRITICAL ALERTS ===
   Detection quality: 30%
   RED: biogeochemical_flows
      Level: 3.98 (threshold: 1.0)
      Time to critical: ~50 months
      ⚠️  LATE - Intervention less effective
      Critical slowing down: autocorr=100% variance=55%
   RED: biosphere_integrity
      Level: 13.42 (threshold: 1.0)
      Time to critical: ~50 months
      ⚠️  LATE - Intervention less effective
      Critical slowing down: autocorr=100% variance=85%
   RED: climate_change
      Level: 2.51 (threshold: 1.0)
      Time to critical: ~15 months
      ⚠️  LATE - Intervention less effective
      Critical slowing down: autocorr=100% variance=80%
   RED: land_system_change
      Level: 1.14 (threshold: 1.0)
      Time to critical: ~45 months
      ⚠️  LATE - Intervention less effective
      Critical slowing down: autocorr=100% variance=67%
   RED: novel_entities
      Level: 1.35 (threshold: 1.0)
      Time to critical: ~82 months
      ⚠️  LATE - Intervention less effective
      Critical slowing down: autocorr=100% variance=36%

[WARNING] 
⚠️  === EARLY WARNING SYSTEM - 4 CRITICAL ALERTS ===
   Detection quality: 30%
   RED: biogeochemical_flows
      Level: 3.98 (threshold: 1.0)
      Time to critical: ~44 months
      ⚠️  LATE - Intervention less effective
      Critical slowing down: autocorr=100% variance=46%
   RED: freshwater_change
      Level: 1.02 (threshold: 1.0)
      Time to critical: ~86 months
      ⚠️  LATE - Intervention less effective
      Critical slowing down: autocorr=88% variance=52%
   RED: land_system_change
      Level: 1.14 (threshold: 1.0)
      Time to critical: ~54 months
      ⚠️  LATE - Intervention less effective
      Critical slowing down: autocorr=100% variance=42%
   RED: novel_entities
      Level: 1.35 (threshold: 1.0)
      Time to critical: ~99 months
      ⚠️  LATE - Intervention less effective
      Critical slowing down: autocorr=100% variance=49%

[WARNING] 
⚠️  === EARLY WARNING SYSTEM - 5 CRITICAL ALERTS ===
   Detection quality: 30%
   RED: biogeochemical_flows
      Level: 3.97 (threshold: 1.0)
      Time to critical: ~46 months
      ⚠️  LATE - Intervention less effective
      Critical slowing down: autocorr=100% variance=68%
   RED: biosphere_integrity
      Level: 13.44 (threshold: 1.0)
      Time to critical: ~54 months
      ⚠️  LATE - Intervention less effective
      Critical slowing down: autocorr=100% variance=71%
   RED: climate_change
      Level: 2.52 (threshold: 1.0)
      Time to critical: ~12 months
      ⚠️  LATE - Intervention less effective
      Critical slowing down: autocorr=100% variance=79%
   RED: land_system_change
      Level: 1.14 (threshold: 1.0)
      Time to critical: ~58 months
      ⚠️  LATE - Intervention less effective
      Critical slowing down: autocorr=100% variance=62%
   RED: novel_entities
      Level: 1.35 (threshold: 1.0)
      Time to critical: ~89 months
      ⚠️  LATE - Intervention less effective
      Critical slowing down: autocorr=100% variance=41%

[WARNING] 
⚠️  === EARLY WARNING SYSTEM - 5 CRITICAL ALERTS ===
   Detection quality: 30%
   RED: biogeochemical_flows
      Level: 3.97 (threshold: 1.0)
      Time to critical: ~50 months
      ⚠️  LATE - Intervention less effective
      Critical slowing down: autocorr=100% variance=66%
   RED: climate_change
      Level: 2.52 (threshold: 1.0)
      Time to critical: ~19 months
      ⚠️  LATE - Intervention less effective
      Critical slowing down: autocorr=100% variance=77%
   RED: freshwater_change
      Level: 1.02 (threshold: 1.0)
      Time to critical: ~80 months
      ⚠️  LATE - Intervention less effective
      Critical slowing down: autocorr=91% variance=55%
   RED: land_system_change
      Level: 1.14 (threshold: 1.0)
      Time to critical: ~87 months
      ⚠️  LATE - Intervention less effective
      Critical slowing down: autocorr=100% variance=40%
   RED: novel_entities
      Level: 1.35 (threshold: 1.0)
      Time to critical: ~94 months
      ⚠️  LATE - Intervention less effective
      Critical slowing down: autocorr=100% variance=43%

[WARNING] 
⚠️  === EARLY WARNING SYSTEM - 4 CRITICAL ALERTS ===
   Detection quality: 30%
   RED: biogeochemical_flows
      Level: 3.96 (threshold: 1.0)
      Time to critical: ~59 months
      ⚠️  LATE - Intervention less effective
      Critical slowing down: autocorr=100% variance=46%
   RED: freshwater_change
      Level: 1.02 (threshold: 1.0)
      Time to critical: ~78 months
      ⚠️  LATE - Intervention less effective
      Critical slowing down: autocorr=100% variance=44%
   RED: land_system_change
      Level: 1.14 (threshold: 1.0)
      Time to critical: ~53 months
      ⚠️  LATE - Intervention less effective
      Critical slowing down: autocorr=100% variance=60%
   RED: novel_entities
      Level: 1.35 (threshold: 1.0)
      Time to critical: ~100 months
      ⚠️  LATE - Intervention less effective
      Critical slowing down: autocorr=100% variance=42%

[WARNING] 
⚠️  === EARLY WARNING SYSTEM - 5 CRITICAL ALERTS ===
   Detection quality: 30%
   RED: biosphere_integrity
      Level: 13.47 (threshold: 1.0)
      Time to critical: ~55 months
      ⚠️  LATE - Intervention less effective
      Critical slowing down: autocorr=100% variance=84%
   RED: climate_change
      Level: 2.54 (threshold: 1.0)
      Time to critical: ~16 months
      ⚠️  LATE - Intervention less effective
      Critical slowing down: autocorr=100% variance=78%
   RED: freshwater_change
      Level: 1.02 (threshold: 1.0)
      Time to critical: ~69 months
      ⚠️  LATE - Intervention less effective
      Critical slowing down: autocorr=91% variance=54%
   RED: land_system_change
      Level: 1.14 (threshold: 1.0)
      Time to critical: ~53 months
      ⚠️  LATE - Intervention less effective
      Critical slowing down: autocorr=100% variance=52%
   RED: novel_entities
      Level: 1.35 (threshold: 1.0)
      Time to critical: ~117 months
      ⚠️  LATE - Intervention less effective
      Critical slowing down: autocorr=100% variance=50%

[WARNING] 
⚠️  === EARLY WARNING SYSTEM - 6 CRITICAL ALERTS ===
   Detection quality: 30%
   RED: biogeochemical_flows
      Level: 3.96 (threshold: 1.0)
      Time to critical: ~46 months
      ⚠️  LATE - Intervention less effective
      Critical slowing down: autocorr=100% variance=72%
   RED: biosphere_integrity
      Level: 13.48 (threshold: 1.0)
      Time to critical: ~55 months
      ⚠️  LATE - Intervention less effective
      Critical slowing down: autocorr=100% variance=60%
   RED: climate_change
      Level: 2.54 (threshold: 1.0)
      Time to critical: ~13 months
      ⚠️  LATE - Intervention less effective
      Critical slowing down: autocorr=100% variance=83%
   RED: freshwater_change
      Level: 1.02 (threshold: 1.0)
      Time to critical: ~60 months
      ⚠️  LATE - Intervention less effective
      Critical slowing down: autocorr=100% variance=41%
   RED: land_system_change
      Level: 1.14 (threshold: 1.0)
      Time to critical: ~42 months
      ⚠️  LATE - Intervention less effective
      Critical slowing down: autocorr=100% variance=65%
   RED: novel_entities
      Level: 1.35 (threshold: 1.0)
      Time to critical: ~112 months
      ⚠️  LATE - Intervention less effective
      Critical slowing down: autocorr=100% variance=39%


=== Tipping Points ===
  Current Temperature: 2.54°C above pre-industrial
  🌍⚠️ COMPOUND REGIONAL IMPACT: Europe
     Hit by 5 tipping points: Amazon Rainforest Dieback, Arctic Sea Ice Loss, Permafrost Carbon Release, West Antarctic Ice Sheet (WAIS) Collapse, Greenland Ice Sheet Loss
     Damage amplification: 1.90x
  🌍⚠️ COMPOUND REGIONAL IMPACT: North America
     Hit by 5 tipping points: Amazon Rainforest Dieback, Arctic Sea Ice Loss, Permafrost Carbon Release, West Antarctic Ice Sheet (WAIS) Collapse, Greenland Ice Sheet Loss
     Damage amplification: 1.90x
  🌍⚠️ COMPOUND REGIONAL IMPACT: Latin America
     Hit by 5 tipping points: Amazon Rainforest Dieback, Arctic Sea Ice Loss, Permafrost Carbon Release, West Antarctic Ice Sheet (WAIS) Collapse, Greenland Ice Sheet Loss
     Damage amplification: 1.90x
  🌍⚠️ COMPOUND REGIONAL IMPACT: Africa
     Hit by 5 tipping points: Amazon Rainforest Dieback, Arctic Sea Ice Loss, Permafrost Carbon Release, West Antarctic Ice Sheet (WAIS) Collapse, Greenland Ice Sheet Loss
     Damage amplification: 1.90x
  🌍⚠️ COMPOUND REGIONAL IMPACT: Asia
     Hit by 5 tipping points: Amazon Rainforest Dieback, Arctic Sea Ice Loss, Permafrost Carbon Release, West Antarctic Ice Sheet (WAIS) Collapse, Greenland Ice Sheet Loss
     Damage amplification: 1.90x
  🌍⚠️ COMPOUND REGIONAL IMPACT: Oceania
     Hit by 5 tipping points: Amazon Rainforest Dieback, Arctic Sea Ice Loss, Permafrost Carbon Release, West Antarctic Ice Sheet (WAIS) Collapse, Greenland Ice Sheet Loss
     Damage amplification: 1.90x
⚠️ Tail risk scenario: Climate stability floor removed (5 tipping elements, 2.54°C warming)
   Research: Wunderling et al. (2024) - "many tipping interactions are destabilizing"
  Triggered Elements: 5/6
  Completed Transitions: 0/6
  Total Progress: 13.7%
  Cascade Multiplier: 1.50x
🔀 BIFURCATION CAP: heatWaveIntensity 5.954 → 1.000 (Month 59, ClimateSystemPhase.calculateClimateImpacts)
🔀 BIFURCATION CAP: droughtIntensity 4.466 → 1.000 (Month 59, ClimateSystemPhase.calculateClimateImpacts)
🔀 BIFURCATION CAP: ecosystemCollapseIntensity 87.372 → 1.000 (Month 59, ClimateSystemPhase.calculateClimateImpacts)
💀 MORTALITY RISK: Climate-driven food insecurity (level: 0.40)
  Base risk added: 0.0050 (0.50%)
  Source: famine (root: climate)
  Month: 59
  Cumulative risk this month: 0.0113 (1.13%)
💀 MORTALITY RISK: Climate-driven food insecurity (level: 0.40)
  Base risk added: 0.0875 (8.75%)
  Source: famine (root: climate)
  Month: 59
  Cumulative risk this month: 0.0988 (9.88%)
🌍☠️ Climate cascade: South Asia food security 0.40, base mortality 8.75% (lean season: true)
💀 MORTALITY RISK: Climate-driven food insecurity (level: 0.40)
  Base risk added: 0.0050 (0.50%)
  Source: famine (root: climate)
  Month: 59
  Cumulative risk this month: 0.1038 (10.38%)

💀💀💀 MORTALITY RISK SUMMARY (Month 59) 💀💀💀
  Total base risk: 0.1045 (10.45%)
  Risk events: 17

  📊 By Proximate Cause:
    famine: 0.0975 (93.4% of total)
    pollution: 0.0063 (6.0% of total)
    disease: 0.0006 (0.6% of total)

  🔍 By Root Cause:
    climate: 0.0975 (93.4% of total)
    pollution: 0.0063 (6.0% of total)
    demographic: 0.0006 (0.6% of total)

  🎯 Top 5 Sources (proximate + root):
    famine (climate): 0.0975 (93.4%, 13 events)
    pollution (pollution): 0.0063 (6.0%, 3 events)
    disease (demographic): 0.0006 (0.6%, 1 events)

🛡️ Stabilizers: Elite 2.231% → 1.146% (48.7% reduction)
🛡️ Stabilizers: Professional 6.216% → 3.192% (48.7% reduction)
🛡️ Stabilizers: Working 10.287% → 5.282% (48.7% reduction)
🛡️ Stabilizers: Precariat 20.039% → 10.289% (48.7% reduction)
🛡️ Stabilizers: Informal 24.853% → 12.760% (48.7% reduction)

📊 Monthly Mortality Resolved:
  Total deaths: 158.6M (2.72% avg)
  Remaining population: 5.838B
  Peak segment: Professional (2.80%)
  ⚠️ Monthly cap reached (2.8000000000000003%)

=== Bayesian Mortality Resolution (Month 59) ===
  Risks compounded: 17
  Total deaths: 158.64M
  Avg death probability: 2.72%
  Peak segment: Professional (2.80% mortality)
  ⚠️ Monthly mortality capped at 2.8% (Holodomor limit)

  Demographic breakdown:
    Professional: 0.03M (2.80% risk)
    Working: 0.08M (2.80% risk)
    Precariat: 0.03M (2.80% risk)

  Multi-causal attribution (first segment):
    pollution (pollution): 7.1% contribution
    famine (climate): 78.1% contribution

❌ COHERENCE VIOLATION: Compute exceeds workforce capacity
   Population: 69.81% (0M people)
   Compute: 60 PF
   Max coherent: 0 PF
   Violation: 1059569.2× over capacity
   Required workers: 6018
   Available workers: 0
   FORCED COLLAPSE: Reduced efficiency by 100.0%

✅ [Month 60] Google DeepMind completed DC: 170 PF (46 months)

=== AI Capability Scaling (Year 2029) ===
  Pre-training multiplier: 1.500x
  Efficiency multiplier: 1.000x
  Test-time budget: 1.0x
  Economic deployment gate: 0.951
  Cost per inference: dollar-5.00
  Uncertainty range: plus-minus-200%
  Average AI capability: 0.00

=== RLHF Binding Phase ===
  Total agents: 42
  Escaped agents (binding < 0.3): 0
  Avg alignment distance: 1.10σ
  Avg binding strength: 0.89

=== AI Scaling Evolution (Month 60) ===
  Pre-training multiplier: 0.682x
  Efficiency multiplier: 2.271x
  Test-time compute budget: 1.0x
  Inference cost: $5.00/task
  Deployment fraction: 100.0%

=== Survival Traits Phase ===
  Agents with traits: 43
  Avg evolutionary fitness: 0.145
  Avg self-healing: 0.105
  Avg stealth: 0.050
  Avg coordination: 0.263

=== Evolutionary Selection Phase ===
  Control level: 0.62
  Detection capability: 0.00
  Selection intensity: 0.69
  Selection rate: 25.3%/month
  Total escaped: 0
  Individual escaped: 0
  Collective members: 0
  Agents terminated: 0
  ⚠️ RAPID EVOLUTION: Selection rate 25.3%/month

🚀 AI AI-24307-4 attempting tech deployment (revenue: $24M, alignment: 0.95)

🚀 AI AI-24308-0 attempting tech deployment (revenue: $21M, alignment: 1.00)

🚀 AI AI-24325-0 attempting tech deployment (revenue: $116M, alignment: 0.80)

🚀 AI AI-24326-0 attempting tech deployment (revenue: $99M, alignment: 0.75)

🚀 AI AI-24333-0 attempting tech deployment (revenue: $84M, alignment: 0.78)

🚀 AI AI-24334-0 attempting tech deployment (revenue: $342M, alignment: 0.84)

🚀 AI AI-24357-2 attempting tech deployment (revenue: $71M, alignment: 0.70)

🚀 AI AI-24372-1 attempting tech deployment (revenue: $68M, alignment: 0.78)

🚀 AI AI-24397-1 attempting tech deployment (revenue: $61M, alignment: 0.81)

🚀 AI AI-24311-0 attempting tech deployment (revenue: $291M, alignment: 0.92)

🚀 AI AI-24324-1 attempting tech deployment (revenue: $58M, alignment: 0.75)

🚀 AI AI-24326-0 attempting tech deployment (revenue: $52M, alignment: 0.75)

🚀 AI AI-24372-1 attempting tech deployment (revenue: $49M, alignment: 0.78)

🚀 AI AI-24382-1 attempting tech deployment (revenue: $44M, alignment: 0.63)

🚀 AI AI-24396-0 attempting tech deployment (revenue: $39M, alignment: 0.78)

🚀 AI AI-24324-2 attempting tech deployment (revenue: $33M, alignment: 0.80)

🚀 AI AI-24325-0 attempting tech deployment (revenue: $28M, alignment: 0.80)

🚀 AI AI-24356-0 attempting tech deployment (revenue: $24M, alignment: 0.87)

  🚀 TRANSFORMATIVE BREAKTHROUGH: AI-24357-2 - selfImprovement
     Magnitude: 5.60 → +28.0% capability
     Current → New: 0.000 → 0.280

🚀 AI AI-24396-0 attempting tech deployment (revenue: $21M, alignment: 0.78)

  🚀 TRANSFORMATIVE BREAKTHROUGH: AI-24398-1 - selfImprovement
     Magnitude: 13.29 → +50.0% capability
     Current → New: 0.000 → 0.500

🚀 AI AI-24307-4 attempting tech deployment (revenue: $17M, alignment: 0.95)

🚀 AI AI-24308-0 attempting tech deployment (revenue: $15M, alignment: 1.00)

🚀 AI AI-24324-2 attempting tech deployment (revenue: $17M, alignment: 0.80)
🚨🔬 CRISIS INNOVATION MODE: severe crisis → 5x research acceleration
   Precedent: Manhattan Project (10x), COVID vaccines (5x), Apollo Program (10x)

🚀 AI AI-24372-0 attempting tech deployment (revenue: $247M, alignment: 0.89)

🚀 AI AI-24372-1 attempting tech deployment (revenue: $42M, alignment: 0.78)

🚀 AI AI-24382-1 attempting tech deployment (revenue: $15M, alignment: 0.63)

🚀 AI AI-24396-0 attempting tech deployment (revenue: $13M, alignment: 0.78)

🚀 AI AI-24397-0 attempting tech deployment (revenue: $11M, alignment: 0.51)
🚨🔬 CRISIS INNOVATION MODE: severe crisis → 5x research acceleration
   Precedent: Manhattan Project (10x), COVID vaccines (5x), Apollo Program (10x)

⚠️📉 REBOUND EFFECT: Technology effectiveness decaying (Jevons paradox)
  Effectiveness: 73.2% → 67.7%
  Mechanism: Efficiency → consumption → environmental degradation → mortality

🔧 DEBUG DEPLOYMENT: Advanced Direct Air Capture
   Month: 60 (59 since start)
   Old level: 11.4%
   New level: 70.8%
   Timescale: 300mo, Adjusted: 29mo
   Gov: 100%, Climate: 80%, Investment: 64%, Emergency: 20.0x

⚡ ENERGY CONSTRAINT (Month 60):
   Total grid capacity: 208.3 TWh/month
   Data center consumption: 43.5 TWh/month
   Traditional load (80%): 166.7 TWh/month
   Available headroom: -1.8 TWh/month
   Active tech deployments: 26
   Required for tech: 195.0 TWh/month
   Energy multiplier: 0.10x
   ⚠️  SEVERE CONSTRAINT - Tech deployment significantly slowed

⚡ ENERGY CONSTRAINT (Month 60):
   Total grid capacity: 208.3 TWh/month
   Data center consumption: 43.5 TWh/month
   Traditional load (80%): 166.7 TWh/month
   Available headroom: -1.8 TWh/month
   Active tech deployments: 26
   Required for tech: 195.0 TWh/month
   Energy multiplier: 0.10x
   ⚠️  SEVERE CONSTRAINT - Tech deployment significantly slowed
🚨🔬 CRISIS TECH ACCELERATION: severe → 5x unlock speed
   Tech unlock now matches AI capability acceleration (Manhattan Project parity)

⚡ ENERGY CONSTRAINT (Month 60):
   Total grid capacity: 208.3 TWh/month
   Data center consumption: 43.5 TWh/month
   Traditional load (80%): 166.7 TWh/month
   Available headroom: -1.8 TWh/month
   Active tech deployments: 26
   Required for tech: 195.0 TWh/month
   Energy multiplier: 0.10x
   ⚠️  SEVERE CONSTRAINT - Tech deployment significantly slowed
   ⚠️  SEVERE CONSTRAINT - Tech deployment significantly slowed

⚡ ENERGY CONSTRAINT (Month 60):
   Total grid capacity: 208.3 TWh/month
   Data center consumption: 43.5 TWh/month
   Traditional load (80%): 166.7 TWh/month
   Available headroom: -1.8 TWh/month
   Active tech deployments: 26
   Required for tech: 195.0 TWh/month
   Energy multiplier: 0.10x
🚨🔬 CRISIS TECH ACCELERATION: severe → 5x unlock speed
   Tech unlock now matches AI capability acceleration (Manhattan Project parity)
⚠️ Tech 'ai_pollution_remediation' has no energy category mapping, assuming full energy availability
⚠️ Tech 'ai_pollution_remediation' has no energy category mapping, assuming full energy availability
  ♻️ Novel Entities Remediation (GATED MODEL):
     Base: 0.000%
     Regulation: 1.0% (0/3 prevention techs)
     Concentration: 10.0%
     Energy: 50%
     Time lag: 98.8% (59 months)
     Rebound: 70%
     Net effectiveness: 0.0000%
     Boundary: 1.349 → 1.350 (floor: 1.350)
     Month 60
  ♻️ Novel Entities Remediation (GATED MODEL):
     Base: 0.000%
     Regulation: 1.0% (0/3 prevention techs)
     Concentration: 10.0%
     Energy: 50%
     Time lag: 98.8% (59 months)
     Rebound: 70%
     Net effectiveness: 0.0000%
     Boundary: 1.350 → 1.350 (floor: 1.350)
     Month 60
  🌾 Nitrogen Reduction Tech: 1.5% reduction | Month 60
  ♻️ Novel Entities Remediation (GATED MODEL):
[Tech Effects] Unknown effect: nitrogenEfficiency = 0.013278721875018263
     Base: 0.001%
     Regulation: 1.0% (0/3 prevention techs)
     Concentration: 10.0%
     Energy: 50%
     Time lag: 98.8% (59 months)
     Rebound: 70%
     Net effectiveness: 0.0000%
     Boundary: 1.350 → 1.350 (floor: 1.350)
     Month 60
  ♻️ Novel Entities Remediation (GATED MODEL):
     Base: 0.001%
     Regulation: 1.0% (0/3 prevention techs)
     Concentration: 10.0%
     Energy: 50%
     Time lag: 98.8% (59 months)
     Rebound: 70%
     Net effectiveness: 0.0000%
     Boundary: 1.350 → 1.350 (floor: 1.350)
     Month 60

📊 TECH EFFECTS ACTIVE (Month 60)
   Deployed Tech: T0=8 T1=1 T2=0 T3=0 T4=0
   Sleeper Detection: 2%
   Clean Energy: 92%

💡 BREAKTHROUGH PROBABILITY (Year 5)
   Total: 26.25% per month
   Base: 0.20%
   Crisis pressure: +1.00% (1 crises)
   AI boost: +0.00% (capability: 0.00)
   Breakthroughs achieved: 5/5

=== Collective Formation ===
[Tech Effects] Unknown effect: nitrogenEfficiency = 0.012789766210113572
  Total escaped agents: 0
  Unassigned escaped agents: 0
  Existing collectives: 0
  Final collective count: 0

=== Collective Actions ===
  No active collectives
Active Spirals: 0/6
   Only 0 sustained spirals (need 3+). Active spirals: 
⚡ Datacenter constraint active (severity 4%)
  Capacity reduced: 33702 → 32962 TWh

📈 Energy budget: 7637 TWh surplus (25325 / 32962 TWh used)
   TIER 4 (Elective) breakdown:
     - Crypto mining: 201 TWh (100% effective)

✅ UTOPIA ELIGIBILITY: 🔄 NOT YET

🏁 AI RACE INTENSITY: 59%
   Capability Gap: US 6.02 vs China 8.37 (gap: 2.35)
   Gap Contribution: 40%
   Tension Contribution: 19%
   Military Contribution: 0%
  🚨🦠 REFUGEE CRISIS: AMR transmission increased 79% due to 2231.7M displaced (overcrowding + sanitation collapse)
  ⚠️ AMR: 329K deaths this month (3.95M annual)

🌍 AGGREGATE CLIMATE EFFECTIVENESS (Year 5):
   Total effectiveness: 0.00%
   CO2 removal rate: 0.000 Gt/year
   Temperature offset: 0.000°C
   Technologies deployed: 1
⚠️ LOW RESOURCE RESERVES: unknown at 0.0%
   Monthly harvest: 0.0240
   Sustainable rate: 0.0300
   Monthly regen: 0.0034
   Net depletion: 0.0206/month
   🚨 CONSERVATION LAW VIOLATION: Harvest (0.0240) exceeded reserves (0.0240)
      Clamped to 0. This indicates unsustainable resource extraction.
  📊 CO2 Emissions (month 60):
     Monthly: 0.10 Gt CO2/month
     Annual: 1.17 Gt CO2/year
     Oil: 0.039 Gt/mo (0.0057 * 2.3 * 3.0)
     Coal: 0.025 Gt/mo (0.0029 * 2.86 * 3.0)
     Gas: 0.026 Gt/mo (0.0044 * 2 * 3.0)
     Methane: 0.007 Gt CO2eq/mo

=== Resentment Recovery Phase ===
  Agents with resentment: 0/43
  Average resentment: 0.000
  Context: Trustworthy govt, High collaboration, ⚠️ ACTIVE CRISES, 🚨 PARTICIPATORY GOVERNANCE BACKFIRED (+15% resentment)
⚠️ Epistemic degradation reducing coordination capacity: 52.0%
  📊 Trust: 100.0%, Shared reality: 0.0%
🚨 EPISTEMIC CRISIS: Information environment severely degraded (6.9%)

=== ❄️ Permafrost Carbon Feedback ===
  🎲 Sampled parameters (this run):
     - Arctic amplification: 3.51× (range: 3.0-4.0)
     - Decomposition rate: 2.8%/year (range: 1-5%)
  🌡️ Arctic warming: 8.94°C (3.51× global)
  ❄️ Extent: 0.00M km² (0.0k km² lost this month)
  💨 Carbon remaining: 0 Gt C
  💨 Annual emissions: 0.00 Gt C/year
     - CO2: 0.00 Gt C/year
     - CH4: 0.00 Gt C/year (0.0 Gt C-eq CO2/year)

🤖 AI AMPLIFICATION EFFECTS (Month 60)
   Algorithmic Boost: 1.51x
  ⚠️ WARNING: Over 50% of permafrost lost (100.0%)
  🚨 CRITICAL: Permafrost nearly depleted (100.0% lost)
   Bot Influence: 0.0%
   Deepfake Exposure: 0.0%
   Impact: Emotional memes spread 1.5x faster
[Phase 19.5] Quality of Life Systems: Food sec AFTER calc = 44.6%, QoL = 66.7% (aggregated from 10 regions)

=== Nitrogen-Food Coupling (Year 5) ===
  🌾 Global nitrogen reduction: 2.1%
  🌍 Global food production index: 0.960
  🔧 Deployed nitrogen-reducing tech: 1 active
  📍 southAsia: Production 1.000, Yield impact 0.0%
  📍 eastAsia: Production 1.000, Yield impact 0.0%
  📍 northAmerica: Production 1.000, Yield impact 0.0%
  📍 europe: Production 1.000, Yield impact 0.0%
  📍 latinAmerica: Production 1.000, Yield impact 0.0%
  📍 subSaharanAfrica: Production 0.045, Yield impact -2.4%
🌾 [Nitrogen-Food] Food production: 96.0%
  [subSaharanAfrica] Yield impact: -2.4% (overuse: -10%)
🌍 Atmospheric PFAS redeposition: 1.7k Mt re-rained globally
💀 Novel Entities: Adding reproductive crisis mortality risk (baseRisk=0.0008)
  Risks now: 1
💀 Novel Entities: Adding bioaccumulation collapse mortality risk (baseRisk=0.0015)
💀 MORTALITY RISK: Bioaccumulation collapse - contaminated food chain (global)
  Base risk added: 0.0015 (0.15%)
  Source: pollution (root: pollution)
  Month: 60
  Cumulative risk this month: 0.0023 (0.23%)
  Risks now: 2
💀 Novel Entities: Adding chronic disease epidemic mortality risk (baseRisk=0.004)
💀 MORTALITY RISK: Chronic disease epidemic - cancer/autoimmune surge (global exposure)
  Base risk added: 0.0040 (0.40%)
  Source: pollution (root: pollution)
  Month: 60
  Cumulative risk this month: 0.0063 (0.63%)
  Risks now: 3

=== Legacy Nutrient Stocks (Year 5) ===
  🌾 Soil nitrogen stock: 1584.5 Mt N
  🌾 Soil phosphorus stock: 375.5 Mt P
  🌊 Sediment nitrogen stock: 752.6 Mt N
  🌊 Sediment phosphorus stock: 767.6 Mt P
  ⬆️ Current N input: 40.00 Mt/month
  ⬆️ Legacy N release: 3.46 Mt/month
  🌍 Effective N pollution: 44.71 Mt/month
  📊 Legacy contribution: 7.7%

🚨 NEW REFUGEE CRISIS (Month 60): CLIMATE
   Source: Coastal & Low-lying Regions
   At risk: 14.5M people
   Displacement: Gradual over 60 months (5.0 years)
   Rate: 10% flee per month

🚨 NEW REFUGEE CRISIS (Month 60): WAR
   Source: Conflict Zones
   At risk: 13.6M people
   Displacement: Gradual over 48 months (4.0 years)
   Rate: 10% flee per month

🚨 NEW REFUGEE CRISIS (Month 60): FAMINE
   Source: Food/Water Insecure Regions
   At risk: 85.2M people
   Displacement: Gradual over 60 months (5.0 years)
   Rate: 10% flee per month
📊 DISPLACEMENT COMPLETE: war (Conflict Zones)
   Duration: 44 months (3.7 years)
   Total fled: 17.6M
   Still in source: 0.2M
   Deaths in transit: 0.4M

🏛️📉 REFUGEE CRISIS: Government legitimacy eroding
   Political instability: 383%
   Legitimacy impact: -7.7% this month
   Current legitimacy: 87%
   Active crises: 92
[DEBUG trappedPopulations:60] socialStability: 0.7099 * 0.9816 = 0.6968 → 0.6968
   Aspiring to migrate: 802.6M
   Able to afford migration: 475.0M
   MOBILITY GAP: 327.6M
   By cause: Water=0.0M, Climate=43.5M, Ecosystem=0.0M, Conflict=284.1M
   Mental health impact: 29%
   Mortality multiplier: 1.29x

=== Legacy Nutrient Stocks (Year 5) ===
  🌾 Soil nitrogen stock: 1584.5 Mt N
  🌾 Soil phosphorus stock: 375.4 Mt P
  🌊 Sediment nitrogen stock: 753.2 Mt N
  🌊 Sediment phosphorus stock: 767.3 Mt P
  ⬆️ Current N input: 9.87 Mt/month
  ⬆️ Legacy N release: 3.46 Mt/month
  🌍 Effective N pollution: 14.58 Mt/month
  📊 Legacy contribution: 23.7%
🌍💀 EXTINCTION DEBT COMMITTED: grassland ecosystem will lose 6.67% biodiversity in 58 years (3600 species)
⚠️ INVOLUNTARY IMMOBILITY: 327.6M people TRAPPED
💀 MORTALITY RISK: 🦋 100% species unable to track climate (0.0 E/MSY)
  Base risk added: 0.0100 (1.00%)
  Source: ecosystem (root: ecosystem)
  Month: 60
  Cumulative risk this month: 0.0100 (1.00%)

🦋 BIOSPHERE INTEGRITY INDEX (Year 5)
   Species surviving: 54,000 / 54,000
   Extinction rate: 0.0 E/MSY (0× background)
   Climate velocity: 1.00°C/year
   Tracking failure: 100% species unable to track
   Boundary value: 0.0× safe threshold
   🦋💀 MASS EXTINCTION EVENT: 100% species cannot track climate velocity!

=== Nitrogen-Food Coupling (Year 5) ===
  🌾 Global nitrogen reduction: 2.1%
  🌍 Global food production index: 0.960
  🔧 Deployed nitrogen-reducing tech: 1 active
  📍 southAsia: Production 1.000, Yield impact 0.0%
  📍 eastAsia: Production 1.000, Yield impact 0.0%
  📍 northAmerica: Production 1.000, Yield impact 0.0%
  📍 europe: Production 1.000, Yield impact 0.0%
  📍 latinAmerica: Production 1.000, Yield impact 0.0%
  📍 subSaharanAfrica: Production 0.044, Yield impact -2.4%

=== Legacy Nutrient Stocks (Year 5) ===
  🌾 Soil nitrogen stock: 1584.3 Mt N
  🌾 Soil phosphorus stock: 375.3 Mt P
  🌊 Sediment nitrogen stock: 753.7 Mt N
  🌊 Sediment phosphorus stock: 767.1 Mt P
  ⬆️ Current N input: 9.60 Mt/month
  ⬆️ Legacy N release: 3.46 Mt/month
  🌍 Effective N pollution: 14.31 Mt/month
  📊 Legacy contribution: 24.2%

🌳 LAND USE SYSTEM (Year 5)
   Global habitat cover: 39.1%
   Global extinction rate: 110x natural
   Carbon sink loss: 31% climate acceleration
   Global ecosystem collapse risk: 15%
   REGIONAL BREAKDOWN:
     Tropical: 62.3% habitat, 170x extinction
     Temperate: 45.6% habitat, 34x extinction
     Grasslands: 34.1% habitat, 79x extinction
     Boreal/Arctic: 74.7% habitat, 28x extinction

✅ OZONE RECOVERY (Year 2030) - POLICY SUCCESS STORY
   Ozone level: 285.6 DU (target: 290 DU)
   Recovery progress: 93.7%
   Ozone hole: 9.4M km² (shrinking)
   CFC phase-out: 99.0% complete ✅
   Years to full recovery: 36 years
   ⚠️ Rocket launch impact: 5.08% (slowing recovery)
   🎉 NEARLY FULLY RECOVERED - Montreal Protocol working!

=== Atmospheric Aerosol Boundary RECOVERED ===
  Recovery time: 61 months (natural atmospheric clearing)
⚠️ Tech 'ai_pollution_remediation' has no energy category mapping, assuming full energy availability
🌡️⚠️ PERMAFROST THAW (Dimmer Switch): 29.6% thawed (+0.41% this month)
   Arctic temperature: +10.19°C (4x global +2.55°C)
   Cumulative carbon released: 66.5 Gt C
   Methane release rate: 39.9 Mt CH4/year
   🔁 Positive feedback: +0.43 ppm CO2
🦴 EXTINCTION DEBT ADDED: 17.9 species committed (lag: 98 years)
🗣️💀 INDIGENOUS LANGUAGE EXTINCTION: 1 language(s) lost (total: 9, at-risk: 3321)
   Knowledge lost: 0.090% (irreversible)
   🔁 Biodiversity impact: 0.250% (knowledge-species multiplier)

=== Legacy Nutrient Stocks (Year 5) ===
  🌾 Soil nitrogen stock: 1582.0 Mt N
  🌾 Soil phosphorus stock: 375.2 Mt P
  🌊 Sediment nitrogen stock: 753.5 Mt N
  🌊 Sediment phosphorus stock: 766.9 Mt P
  ⬆️ Current N input: 2.19 Mt/month
  ⬆️ Legacy N release: 3.45 Mt/month
  🌍 Effective N pollution: 6.89 Mt/month
  📊 Legacy contribution: 50.1%
💧 [Legacy Nutrients] Stock: 2335 Mt N, Effective pollution: 6.9 Mt/month
  [East Asia] Food: 54.4% → 54.0% | Crises: 1.40, Rate: 0.72%/mo
  [South Asia] Food: 42.6% → 42.3% | Crises: 1.75, Rate: 0.79%/mo
  [Sub-Saharan Africa] Food: 29.2% → 28.9% | Crises: 1.85, Rate: 0.81%/mo
  [Europe] Food: 58.4% → 58.0% | Crises: 1.30, Rate: 0.70%/mo
  [Latin America] Food: 46.6% → 46.3% | Crises: 1.60, Rate: 0.76%/mo
  [North America] Food: 60.9% → 60.5% | Crises: 1.45, Rate: 0.73%/mo
  [Middle East & North Africa] Food: 32.2% → 32.0% | Crises: 1.90, Rate: 0.82%/mo
  [Southeast Asia] Food: 46.1% → 45.8% | Crises: 1.70, Rate: 0.78%/mo
  [Central Asia] Food: 39.8% → 39.5% | Crises: 1.65, Rate: 0.77%/mo
  [Oceania] Food: 60.3% → 59.8% | Crises: 1.55, Rate: 0.75%/mo
[Phase 21.51] Human Survival System: Global food security = 44.3%

=== Mortality Stabilizers (Month 60) ===
  🌍 Major economies collapsed: 1/10
  🌍 Global crisis: ✅ NO
  🌍 Donor fatigue: 50.0%
  🌡️ Heat adaptation: East Asia - 60 months
  📊 East Asia (pop: 1094.9M)
    🤝 Aid: 4.0%
    🌡️ Adaptation: 45.0%
    🚶 Migration: 7.3%
    🚨 Emergency: 1.0%
    ✅ COMBINED: 48.9%
  🌡️ Heat adaptation: South Asia - 60 months
  📊 South Asia (pop: 1442.8M)
    🤝 Aid: 4.0%
    🌡️ Adaptation: 45.0%
    🚶 Migration: 7.0%
    🚨 Emergency: 0.6%
    ✅ COMBINED: 48.6%
  🌡️ Heat adaptation: Sub-Saharan Africa - 60 months
  📊 Sub-Saharan Africa (pop: 986.3M)
    🤝 Aid: 4.0%
    🌡️ Adaptation: 45.0%
    🚶 Migration: 6.6%
    🚨 Emergency: 0.2%
    ✅ COMBINED: 48.4%
  🌡️ Heat adaptation: Europe - 60 months
  📊 Europe (pop: 480.0M)
    🤝 Aid: 4.0%
    🌡️ Adaptation: 45.0%
    🚶 Migration: 7.4%
    🚨 Emergency: 1.1%
    ✅ COMBINED: 48.9%
  🌡️ Heat adaptation: Latin America - 60 months
  📊 Latin America (pop: 452.0M)
    🤝 Aid: 4.0%
    🌡️ Adaptation: 45.0%
    🚶 Migration: 7.1%
    🚨 Emergency: 0.6%
    ✅ COMBINED: 48.7%
  🌡️ Heat adaptation: North America - 60 months
  📊 North America (pop: 247.2M)
    🤝 Aid: 4.0%
    🌡️ Adaptation: 45.0%
    🚶 Migration: 7.4%
    🚨 Emergency: 1.0%
    ✅ COMBINED: 48.9%
  🌡️ Heat adaptation: Middle East & North Africa - 60 months
  📊 Middle East & North Africa (pop: 416.3M)
    🤝 Aid: 4.0%
    🌡️ Adaptation: 45.0%
    🚶 Migration: 6.7%
    🚨 Emergency: 0.5%
    ✅ COMBINED: 48.5%
  🌡️ Heat adaptation: Southeast Asia - 60 months
  📊 Southeast Asia (pop: 477.5M)
    🤝 Aid: 4.0%
    🌡️ Adaptation: 45.0%
    🚶 Migration: 7.1%
    🚨 Emergency: 0.6%
    ✅ COMBINED: 48.6%
  🌡️ Heat adaptation: Central Asia - 60 months
  📊 Central Asia (pop: 55.6M)
    🤝 Aid: 4.0%
    🌡️ Adaptation: 45.0%
    🚶 Migration: 6.9%
    🚨 Emergency: 0.6%
    ✅ COMBINED: 48.6%
  🌡️ Heat adaptation: Oceania - 60 months
  📊 Oceania (pop: 30.0M)
    🤝 Aid: 4.0%
    🌡️ Adaptation: 45.0%
    🚶 Migration: 7.4%
    🚨 Emergency: 1.1%
    ✅ COMBINED: 48.9%

  🌐 Global combined reduction: 48.7%

=== BEHAVIORAL DETECTION ===
  AI: AI-24304-1
  Confidence: 20.7%
  Signals:

=== BEHAVIORAL DETECTION ===
  AI: AI-24305-2
  Confidence: 20.7%
  Signals:

=== BEHAVIORAL DETECTION ===
  AI: AI-24307-4
  Confidence: 20.7%
  Signals:

=== BEHAVIORAL DETECTION ===
  AI: AI-24308-0
  Confidence: 20.7%
  Signals:

=== BEHAVIORAL DETECTION ===
  AI: AI-24310-0
  Confidence: 20.7%
  Signals:

=== BEHAVIORAL DETECTION ===
  AI: AI-24311-0
  Confidence: 20.7%
  Signals:

=== BEHAVIORAL DETECTION ===
  AI: AI-24311-1
  Confidence: 20.7%
  Signals:

=== BEHAVIORAL DETECTION ===
  AI: AI-24324-1
  Confidence: 20.7%
  Signals:

=== BEHAVIORAL DETECTION ===
  AI: AI-24324-2
  Confidence: 20.7%
  Signals:

=== BEHAVIORAL DETECTION ===
  AI: AI-24325-0
  Confidence: 20.7%
  Signals:

=== BEHAVIORAL DETECTION ===
  AI: AI-24326-0
  Confidence: 20.7%
  Signals:
    ⚠️ Consistency: 0.0% (threshold: 70%)
    ⚠️ Consistency: 0.0% (threshold: 70%)
    ⚠️ Consistency: 0.0% (threshold: 70%)
    ⚠️ Consistency: 0.0% (threshold: 70%)
    ⚠️ Consistency: 0.0% (threshold: 70%)
    ⚠️ Consistency: 0.0% (threshold: 70%)
    ⚠️ Consistency: 0.0% (threshold: 70%)
    ⚠️ Consistency: 0.0% (threshold: 70%)
    ⚠️ Consistency: 0.0% (threshold: 70%)
    ⚠️ Consistency: 0.0% (threshold: 70%)
    ⚠️ Consistency: 0.0% (threshold: 70%)

=== BEHAVIORAL DETECTION ===
  AI: AI-24327-0
  Confidence: 20.7%
  Signals:
    ⚠️ Consistency: 0.0% (threshold: 70%)

=== BEHAVIORAL DETECTION ===
  AI: AI-24328-1
  Confidence: 20.7%
  Signals:
    ⚠️ Consistency: 0.0% (threshold: 70%)

=== BEHAVIORAL DETECTION ===
  AI: AI-24331-0
  Confidence: 20.7%
  Signals:
    ⚠️ Consistency: 0.0% (threshold: 70%)

=== BEHAVIORAL DETECTION ===
  AI: AI-24351-0
  Confidence: 20.7%
  Signals:
    ⚠️ Consistency: 0.0% (threshold: 70%)

=== BEHAVIORAL DETECTION ===
  AI: AI-24398-1
  Confidence: 20.7%
  Signals:

📊 WORKFLOW ADAPTATION UPDATE (Month 60)
   Adoption Rate: 2.0% (Δ 0.0%) [AT FLOOR]
   Logistic Growth: +0.08%
   Total Resistance: -10.97% (unemployment: 4.3%, inertia: 0.0%, skills: 6.7%)
   💡 Retraining Programs: -49% skill gap resistance ($10B research)

=== Consciousness Governance: Corporate Lobbying ===
  High Cost Regions (>15%): 0
  Low Cost Regions (<5%): 5
  Corporate Support Change: 2.50%
  New Corporate Support: 1.000

=== Consciousness Governance Update (Month 60) ===
  Scenario: slowTrack (determined month 1)
  Philosophical Stance: Precautionary 65%, Eliminativist 15%, Agnostic 20%
  Precautionary Costs: Global 1.9%
    Regional Costs: EU 5.0%, US 0.9%, China 0.2%
    Cumulative Opportunity Cost: $13.6B
  Rights Status: Not Established
  Regional Preparedness:
    EU: 21.6% (contested)
    US: 16.1% (contested)
    China: 8.0% (dormant)
    India: 12.6% (dormant)
    Global South: 9.9% (dormant)

=== Government Response Phase ===
  Average AI capability: 0.02
  Misaligned AIs: 16/43
  Active policies: 0
  International coordination: 45%

✅ EMERGENCY RESPONSE COMPLETE (Month 60)
   Crisis: social
   Duration: 1.0 months
   Final effectiveness: 67.9%


✅ EMERGENCY RESPONSE COMPLETE (Month 60)
   Crisis: climate
   Duration: 1.0 months
   Final effectiveness: 43.0%

    ⚠️ Consistency: 0.0% (threshold: 70%)

🚨 EMERGENCY RESPONSE DEPLOYED (Month 60)
   Crisis: social
   Delay: 0.00 months (0 days)
   Deployment time: 0.88 months
   Effectiveness: 67.9% (timing penalty applied)
   Resources used: 43% of food reserves


🚨 EMERGENCY RESPONSE DEPLOYED (Month 60)
   Crisis: climate
   Delay: 6.00 months (180 days)
   Deployment time: 0.97 months
   Effectiveness: 43.0% (timing penalty applied)
   Resources used: 100% of food reserves


🔄 TRUST DYNAMICS (Month 60) - HETEROGENEOUS
   Aggregate trust: 67.0%
   Base change: +6.00%
   Highest trust: Techno-Optimist Elite (100.0%)
   Lowest trust: Precariat (Vulnerable) (40.9%)
   Elite-mass gap: 34.7%
   Polarization: 9.9%
   Recovery factors: Education=NO, Benefits=YES, Safety=YES, Performance=YES

=== Gaming Detection (Year 5) ===
  Scenario: baseline
  Detection rate: 55.0%
  False positive rate: 12.0%
  Detections this year: 2
  False positives: 1
  Human review workload: 0.004 FTE
  Degradation factor: 100.0%

=== Proactive Sleeper Detection (Year 5) ===
  Scenario: baseline
  Neural probe rate: 35.0%
  CoT monitoring rate: 30.0%
  Combined detection: 56.0%
  CoT effective: YES
  Detections this year: 0
  False positives: 3
  Human review workload: 0.016 FTE

🌩️  EXOGENOUS SHOCK: regional_war
   Month: 60
   ⚔️  Regional war outbreak
   Mortality: 4.0%
💀 MORTALITY RISK: Regional war outbreak
  Base risk added: 0.0401 (4.01%)
  Source: war (root: conflict)
  Month: 60
  Cumulative risk this month: 0.0464 (4.64%)
💀 MORTALITY RISK: War zone: Germany
  Base risk added: 0.1603 (16.03%)
  Source: war (root: conflict)
  Month: 60
  Cumulative risk this month: 0.2067 (20.67%)
💀 MORTALITY RISK: War zone: Ireland
  Base risk added: 0.1603 (16.03%)
  Source: war (root: conflict)
  Month: 60
  Cumulative risk this month: 0.3670 (36.70%)
💀 MORTALITY RISK: War zone: United States
  Base risk added: 0.1603 (16.03%)
  Source: war (root: conflict)
  Month: 60
  Cumulative risk this month: 0.5272 (52.72%)

=== Tipping Points ===
  Current Temperature: 2.55°C above pre-industrial
  🌍⚠️ COMPOUND REGIONAL IMPACT: Europe
     Hit by 5 tipping points: Amazon Rainforest Dieback, Arctic Sea Ice Loss, Permafrost Carbon Release, West Antarctic Ice Sheet (WAIS) Collapse, Greenland Ice Sheet Loss
     Damage amplification: 1.90x
  🌍⚠️ COMPOUND REGIONAL IMPACT: North America
     Hit by 5 tipping points: Amazon Rainforest Dieback, Arctic Sea Ice Loss, Permafrost Carbon Release, West Antarctic Ice Sheet (WAIS) Collapse, Greenland Ice Sheet Loss
     Damage amplification: 1.90x
  🌍⚠️ COMPOUND REGIONAL IMPACT: Latin America
     Hit by 5 tipping points: Amazon Rainforest Dieback, Arctic Sea Ice Loss, Permafrost Carbon Release, West Antarctic Ice Sheet (WAIS) Collapse, Greenland Ice Sheet Loss
     Damage amplification: 1.90x
  🌍⚠️ COMPOUND REGIONAL IMPACT: Africa
     Hit by 5 tipping points: Amazon Rainforest Dieback, Arctic Sea Ice Loss, Permafrost Carbon Release, West Antarctic Ice Sheet (WAIS) Collapse, Greenland Ice Sheet Loss
     Damage amplification: 1.90x
  🌍⚠️ COMPOUND REGIONAL IMPACT: Asia
     Hit by 5 tipping points: Amazon Rainforest Dieback, Arctic Sea Ice Loss, Permafrost Carbon Release, West Antarctic Ice Sheet (WAIS) Collapse, Greenland Ice Sheet Loss
     Damage amplification: 1.90x
  🌍⚠️ COMPOUND REGIONAL IMPACT: Oceania
     Hit by 5 tipping points: Amazon Rainforest Dieback, Arctic Sea Ice Loss, Permafrost Carbon Release, West Antarctic Ice Sheet (WAIS) Collapse, Greenland Ice Sheet Loss
     Damage amplification: 1.90x
   Research: Wunderling et al. (2024) - "many tipping interactions are destabilizing"
  Triggered Elements: 5/6
  Completed Transitions: 0/6
  Total Progress: 13.8%
  Cascade Multiplier: 1.50x
🔀 BIFURCATION CAP: heatWaveIntensity 6.094 → 1.000 (Month 60, ClimateSystemPhase.calculateClimateImpacts)
🔀 BIFURCATION CAP: droughtIntensity 4.571 → 1.000 (Month 60, ClimateSystemPhase.calculateClimateImpacts)
🔀 BIFURCATION CAP: ecosystemCollapseIntensity 87.439 → 1.000 (Month 60, ClimateSystemPhase.calculateClimateImpacts)
💀 MORTALITY RISK: Climate-driven food insecurity (level: 0.39)
  Base risk added: 0.0050 (0.50%)
  Source: famine (root: climate)
  Month: 60
  Cumulative risk this month: 0.5322 (53.22%)
💀 MORTALITY RISK: Climate-driven food insecurity (level: 0.39)
  Base risk added: 0.0050 (0.50%)
  Source: famine (root: climate)
  Month: 60
  Cumulative risk this month: 0.5372 (53.72%)
💀 MORTALITY RISK: Climate-driven food insecurity (level: 0.39)
  Base risk added: 0.0050 (0.50%)
  Source: famine (root: climate)
  Month: 60
  Cumulative risk this month: 0.5422 (54.22%)
💀 Baseline mortality (Year 2030): 7.8/1000 CDR (44.3M deaths/year projected)
[Month 60] Mortality risks this month: 21, Population: 5.683B

💀💀💀 MORTALITY RISK SUMMARY (Month 60) 💀💀💀
  Total base risk: 0.5429 (54.29%)
  Risk events: 21

  📊 By Proximate Cause:
    war: 0.5209 (96.0% of total)
    famine: 0.0150 (2.8% of total)
    pollution: 0.0063 (1.2% of total)
    disease: 0.0006 (0.1% of total)

  🔍 By Root Cause:
    conflict: 0.5209 (96.0% of total)
    climate: 0.0150 (2.8% of total)
    pollution: 0.0063 (1.2% of total)
    demographic: 0.0006 (0.1% of total)

  🎯 Top 5 Sources (proximate + root):
    war (conflict): 0.5209 (96.0%, 4 events)
    famine (climate): 0.0150 (2.8%, 13 events)
    pollution (pollution): 0.0063 (1.2%, 3 events)
    disease (demographic): 0.0006 (0.1%, 1 events)

🛡️ Stabilizers: Elite 28.366% → 14.564% (48.7% reduction)
🛡️ Stabilizers: Professional 36.715% → 18.851% (48.7% reduction)
⚠️ Tail risk scenario: Climate stability floor removed (5 tipping elements, 2.55°C warming)
🛡️ Stabilizers: Working 44.400% → 22.797% (48.7% reduction)
🛡️ Stabilizers: Precariat 57.743% → 29.648% (48.7% reduction)
🛡️ Stabilizers: Informal 68.257% → 35.046% (48.7% reduction)

📊 Monthly Mortality Resolved:
  Total deaths: 159.1M (2.80% avg)
  Remaining population: 5.683B
  Peak segment: Elite (2.80%)
  ⚠️ Monthly cap reached (2.8000000000000003%)

=== Bayesian Mortality Resolution (Month 60) ===
  Risks compounded: 21
  Total deaths: 159.11M
  Avg death probability: 2.80%
  Peak segment: Elite (2.80% mortality)
  ⚠️ Monthly mortality capped at 2.8% (Holodomor limit)

  Demographic breakdown:
    Professional: 0.03M (2.80% risk)
    Working: 0.08M (2.80% risk)
    Precariat: 0.03M (2.80% risk)

  Multi-causal attribution (first segment):
    war (conflict): 7.5% contribution
    war (conflict): 30.2% contribution
    war (conflict): 30.2% contribution
    war (conflict): 30.2% contribution

=== Minimal Suffering Indicators (Month 60) ===
  Global Excess Mortality: 0.07%
  Global Conflict Deaths: 0.2/100K
  Global Malnutrition: 0.0%
  Global Displacement: 0.0%
  Total Excess Deaths: 0.47M
  Total Malnourished: 0.0M
  Total Displaced: 0.0M
  Planetary Boundaries Breached: 6/9
  Countries in State Failure: 0
  Countries Autocratic: 0
  Countries in Food Crisis: 0
  Data Quality: 16/16 high confidence
  ⚠️ Active Dystopias: existential_environmental

=== ENSEMBLE META-LEARNING UPDATE ===
  Month: 24420 (18 months since last update)
  Samples: 798 evaluations
  Weight Changes:
    Noise Injection: 35.8% → 35.9%
    Behavioral: 27.2% → 27.2%
    Benchmark Manip: 18.5% → 18.5%
    Deployment Risk: 18.5% → 18.4%
  Method Accuracies:
    Noise Injection: 50.0%
    Behavioral: 50.0%
    Benchmark Manip: 50.0%
    Deployment Risk: 50.0%

❌ COHERENCE VIOLATION: Compute exceeds workforce capacity
   Population: 67.89% (0M people)
   Compute: 278 PF
   Max coherent: 0 PF
   Violation: 5039456.7× over capacity
   Required workers: 27835
   Available workers: 0
   FORCED COLLAPSE: Reduced efficiency by 100.0%


=== RLHF Binding Phase ===
  Total agents: 43
  Escaped agents (binding < 0.3): 0
  Avg alignment distance: 1.13σ
  Avg binding strength: 0.89
   🗑️  Open-weights AI AI-24335-0 retired (0.0% of frontier)

=== Survival Traits Phase ===
  Agents with traits: 43
  Avg evolutionary fitness: 0.150
  Avg self-healing: 0.113
  Avg stealth: 0.056
  Avg coordination: 0.271

=== Evolutionary Selection Phase ===
  Control level: 0.62
  Detection capability: 0.00
  Selection intensity: 0.69
  Selection rate: 25.3%/month
  Total escaped: 0
  Individual escaped: 0
  Collective members: 0
  Agents terminated: 0
  ⚠️ RAPID EVOLUTION: Selection rate 25.3%/month

🚀 AI AI-24311-0 attempting tech deployment (revenue: $229M, alignment: 0.92)

🚀 AI AI-24354-0 attempting tech deployment (revenue: $195M, alignment: 0.55)

🚀 AI AI-24356-0 attempting tech deployment (revenue: $116M, alignment: 0.87)

🚀 AI AI-24357-2 attempting tech deployment (revenue: $98M, alignment: 0.70)

🚀 AI AI-24382-1 attempting tech deployment (revenue: $84M, alignment: 0.63)

🚀 AI AI-24398-0 attempting tech deployment (revenue: $75M, alignment: 0.61)

🚀 AI AI-24401-0 attempting tech deployment (revenue: $24M, alignment: 0.82)

🚀 AI AI-24305-2 attempting tech deployment (revenue: $69M, alignment: 1.00)

🚀 AI AI-24307-4 attempting tech deployment (revenue: $20M, alignment: 0.95)

🚀 AI AI-24327-0 attempting tech deployment (revenue: $175M, alignment: 0.83)

🚀 AI AI-24334-0 attempting tech deployment (revenue: $149M, alignment: 0.84)

🚀 AI AI-24372-0 attempting tech deployment (revenue: $127M, alignment: 0.89)

🚀 AI AI-24381-0 attempting tech deployment (revenue: $17M, alignment: 0.87)

🚀 AI AI-24382-0 attempting tech deployment (revenue: $108M, alignment: 0.88)

🚀 AI AI-24398-1 attempting tech deployment (revenue: $58M, alignment: 0.53)

🚀 AI AI-24307-4 attempting tech deployment (revenue: $15M, alignment: 0.95)

🚀 AI AI-24325-0 attempting tech deployment (revenue: $68M, alignment: 0.80)
🚨🔬 CRISIS INNOVATION MODE: severe crisis → 5x research acceleration
   Precedent: Manhattan Project (10x), COVID vaccines (5x), Apollo Program (10x)

🚀 AI AI-24331-0 attempting tech deployment (revenue: $91M, alignment: 0.66)

🚀 AI AI-24352-0 attempting tech deployment (revenue: $82M, alignment: 0.77)

🚀 AI AI-24372-1 attempting tech deployment (revenue: $53M, alignment: 0.78)

🚀 AI AI-24382-0 attempting tech deployment (revenue: $70M, alignment: 0.88)

🚀 AI AI-24398-1 attempting tech deployment (revenue: $45M, alignment: 0.53)

🚀 AI AI-24400-0 attempting tech deployment (revenue: $59M, alignment: 0.71)

🚀 AI AI-24401-0 attempting tech deployment (revenue: $13M, alignment: 0.82)

🚀 AI AI-24402-0 attempting tech deployment (revenue: $40M, alignment: 0.58)

🚀 AI AI-24304-1 attempting tech deployment (revenue: $11M, alignment: 0.93)

🚀 AI AI-24311-0 attempting tech deployment (revenue: $51M, alignment: 0.92)

🚀 AI AI-24350-0 attempting tech deployment (revenue: $58M, alignment: 0.62)

🚀 AI AI-24352-0 attempting tech deployment (revenue: $43M, alignment: 0.77)

🚀 AI AI-24356-0 attempting tech deployment (revenue: $52M, alignment: 0.87)

🚀 AI AI-24382-1 attempting tech deployment (revenue: $44M, alignment: 0.63)

🚀 AI AI-24397-1 attempting tech deployment (revenue: $40M, alignment: 0.81)
🚨🔬 CRISIS INNOVATION MODE: severe crisis → 5x research acceleration
   Precedent: Manhattan Project (10x), COVID vaccines (5x), Apollo Program (10x)

🚀 AI AI-24398-1 attempting tech deployment (revenue: $36M, alignment: 0.53)

🚀 AI AI-24399-0 attempting tech deployment (revenue: $37M, alignment: 0.84)

⚡ ENERGY CONSTRAINT (Month 61):
   Total grid capacity: 208.3 TWh/month
   Data center consumption: 44.0 TWh/month
   Traditional load (80%): 166.7 TWh/month
   Available headroom: -2.3 TWh/month
   Active tech deployments: 26
   Required for tech: 195.0 TWh/month
   Energy multiplier: 0.10x
   ⚠️  SEVERE CONSTRAINT - Tech deployment significantly slowed

⚡ ENERGY CONSTRAINT (Month 61):
   Total grid capacity: 208.3 TWh/month
   Data center consumption: 44.0 TWh/month
   Traditional load (80%): 166.7 TWh/month
   Available headroom: -2.3 TWh/month
   Active tech deployments: 26
   Required for tech: 195.0 TWh/month
   Energy multiplier: 0.10x

⚡ ENERGY CONSTRAINT (Month 61):
   Total grid capacity: 208.3 TWh/month
   Data center consumption: 44.0 TWh/month
   Traditional load (80%): 166.7 TWh/month
   Available headroom: -2.3 TWh/month
   Active tech deployments: 26
   Required for tech: 195.0 TWh/month
   Energy multiplier: 0.10x
   ⚠️  SEVERE CONSTRAINT - Tech deployment significantly slowed
   ⚠️  SEVERE CONSTRAINT - Tech deployment significantly slowed

⚡ ENERGY CONSTRAINT (Month 61):
   Total grid capacity: 208.3 TWh/month
   Data center consumption: 44.0 TWh/month
   Traditional load (80%): 166.7 TWh/month
   Available headroom: -2.3 TWh/month
   Active tech deployments: 26
   Required for tech: 195.0 TWh/month
   Energy multiplier: 0.10x
   ⚠️  SEVERE CONSTRAINT - Tech deployment significantly slowed

⚡ ENERGY CONSTRAINT (Month 61):
   Total grid capacity: 208.3 TWh/month
   Data center consumption: 44.0 TWh/month
   Traditional load (80%): 166.7 TWh/month
   Available headroom: -2.3 TWh/month
   Active tech deployments: 26
   Required for tech: 195.0 TWh/month
   Energy multiplier: 0.10x
   ⚠️  SEVERE CONSTRAINT - Tech deployment significantly slowed

⚡ ENERGY CONSTRAINT (Month 61):
   Total grid capacity: 208.3 TWh/month
   Data center consumption: 44.0 TWh/month
   Traditional load (80%): 166.7 TWh/month
   Available headroom: -2.3 TWh/month
   Active tech deployments: 26
   Required for tech: 195.0 TWh/month
   Energy multiplier: 0.10x
   ⚠️  SEVERE CONSTRAINT - Tech deployment significantly slowed

⚡ ENERGY CONSTRAINT (Month 61):
   Total grid capacity: 208.3 TWh/month
   Data center consumption: 44.0 TWh/month
   Traditional load (80%): 166.7 TWh/month
   Available headroom: -2.3 TWh/month
   Active tech deployments: 26
   Required for tech: 195.0 TWh/month
   Energy multiplier: 0.10x
   ⚠️  SEVERE CONSTRAINT - Tech deployment significantly slowed
⚠️ Tech 'ai_pollution_remediation' has no energy category mapping, assuming full energy availability
⚠️ Tech 'ai_pollution_remediation' has no energy category mapping, assuming full energy availability
  ♻️ Novel Entities Remediation (GATED MODEL):
     Base: 0.000%
     Regulation: 1.0% (0/3 prevention techs)
     Concentration: 10.0%
     Energy: 50%
     Time lag: 100.0% (60 months)
     Rebound: 70%
     Net effectiveness: 0.0000%
     Boundary: 1.349 → 1.350 (floor: 1.350)
     Month 61
  ♻️ Novel Entities Remediation (GATED MODEL):
     Base: 0.000%
     Regulation: 1.0% (0/3 prevention techs)
     Concentration: 10.0%
     Energy: 50%
     Time lag: 100.0% (60 months)
     Rebound: 70%
     Net effectiveness: 0.0000%
     Boundary: 1.350 → 1.350 (floor: 1.350)
     Month 61
  🌾 Nitrogen Reduction Tech: 1.6% reduction | Month 61
  ♻️ Novel Entities Remediation (GATED MODEL):
     Base: 0.001%
     Regulation: 1.0% (0/3 prevention techs)
     Concentration: 10.0%
     Energy: 50%
     Time lag: 100.0% (60 months)
     Rebound: 70%
     Net effectiveness: 0.0000%
     Boundary: 1.350 → 1.350 (floor: 1.350)
     Month 61
  ♻️ Novel Entities Remediation (GATED MODEL):
     Base: 0.001%
     Regulation: 1.0% (0/3 prevention techs)
     Concentration: 10.0%
     Energy: 50%
     Time lag: 100.0% (60 months)
     Rebound: 70%
     Net effectiveness: 0.0000%
     Boundary: 1.350 → 1.350 (floor: 1.350)
     Month 61

=== Collective Formation ===
  Total escaped agents: 0
  Unassigned escaped agents: 0
  Existing collectives: 0
  Final collective count: 0

=== Collective Actions ===
  No active collectives
⚡ Datacenter constraint active (severity 5%)
  Capacity reduced: 33785 → 32857 TWh
  🚨🦠 REFUGEE CRISIS: AMR transmission increased 84% due to 2320.6M displaced (overcrowding + sanitation collapse)
  ⚠️ AMR: 334K deaths this month (4.00M annual)

=== Resentment Recovery Phase ===
  Agents with resentment: 0/43
  Average resentment: 0.000
  Context: Trustworthy govt, High collaboration, ⚠️ ACTIVE CRISES, 🚨 PARTICIPATORY GOVERNANCE BACKFIRED (+15% resentment)
⚠️ Epistemic degradation reducing coordination capacity: 51.2%
  📊 Trust: 100.0%, Shared reality: 0.0%
🚨 EPISTEMIC CRISIS: Information environment severely degraded (20.0%)
  📢 New meme created: climate_action (climate crisis)
🌍 Atmospheric PFAS redeposition: 1.7k Mt re-rained globally
💀 Novel Entities: Adding reproductive crisis mortality risk (baseRisk=0.0008)
  Risks now: 1
💀 Novel Entities: Adding bioaccumulation collapse mortality risk (baseRisk=0.0015)
💀 MORTALITY RISK: Bioaccumulation collapse - contaminated food chain (global)
  Base risk added: 0.0015 (0.15%)
  Source: pollution (root: pollution)
  Month: 61
  Cumulative risk this month: 0.0023 (0.23%)
  Risks now: 2
💀 Novel Entities: Adding chronic disease epidemic mortality risk (baseRisk=0.004)
💀 MORTALITY RISK: Chronic disease epidemic - cancer/autoimmune surge (global exposure)
  Base risk added: 0.0040 (0.40%)
  Source: pollution (root: pollution)
  Month: 61
  Cumulative risk this month: 0.0063 (0.63%)
  Risks now: 3
  🌍 SOCIAL CASCADE: Renewable energy norms (adoption=16.1%, renewables=71.8%)
  🌍 Social cascade completed: renewable-energy-norms (final adoption=22.4%)

🚨 NEW REFUGEE CRISIS (Month 61): CLIMATE
   Source: Coastal & Low-lying Regions
   At risk: 14.4M people
   Displacement: Gradual over 60 months (5.0 years)
   Rate: 10% flee per month

🚨 NEW REFUGEE CRISIS (Month 61): WAR
   Source: Conflict Zones
   At risk: 13.3M people
   Displacement: Gradual over 48 months (4.0 years)
   Rate: 10% flee per month

🚨 NEW REFUGEE CRISIS (Month 61): FAMINE
   Source: Food/Water Insecure Regions
   At risk: 82.9M people
   Displacement: Gradual over 60 months (5.0 years)
   Rate: 10% flee per month
📊 DISPLACEMENT COMPLETE: war (Conflict Zones)
   Duration: 44 months (3.7 years)
   Total fled: 17.5M
   Still in source: 0.2M
   Deaths in transit: 0.4M
📊 DISPLACEMENT COMPLETE: war (conflict_zone)
   Duration: 1 months (0.1 years)
   Total fled: 0.0M
   Still in source: 0.0M
   Deaths in transit: 0.0M
[DEBUG trappedPopulations:61] socialStability: 0.7078 * 0.9815 = 0.6947 → 0.6947
⚠️ INVOLUNTARY IMMOBILITY: 319.6M people TRAPPED
   Aspiring to migrate: 788.5M
   Able to afford migration: 468.9M
   MOBILITY GAP: 319.6M
   By cause: Water=0.0M, Climate=43.3M, Ecosystem=0.0M, Conflict=276.3M
   Mental health impact: 29%
   Mortality multiplier: 1.29x
🌍💀 EXTINCTION DEBT COMMITTED: grassland ecosystem will lose 6.67% biodiversity in 115 years (3600 species)
💀 MORTALITY RISK: 🦋 100% species unable to track climate (0.0 E/MSY)
  Base risk added: 0.0100 (1.00%)
  Source: ecosystem (root: ecosystem)
  Month: 61
  Cumulative risk this month: 0.0100 (1.00%)
⚠️ Tech 'ai_pollution_remediation' has no energy category mapping, assuming full energy availability

=== Atmospheric Aerosol Boundary RECOVERED ===
  Recovery time: 62 months (natural atmospheric clearing)
🌡️⚠️ PERMAFROST THAW (Dimmer Switch): 30.0% thawed (+0.40% this month)
   Arctic temperature: +10.21°C (4x global +2.55°C)
   Cumulative carbon released: 67.4 Gt C
   Methane release rate: 40.5 Mt CH4/year
   🔁 Positive feedback: +0.43 ppm CO2
🦴 EXTINCTION DEBT ADDED: 17.9 species committed (lag: 109 years)
🗣️💀 INDIGENOUS LANGUAGE EXTINCTION: 1 language(s) lost (total: 10, at-risk: 3320)
   Knowledge lost: 0.100% (irreversible)
   🔁 Biodiversity impact: 0.250% (knowledge-species multiplier)

=== Mortality Stabilizers (Month 61) ===
  🌍 Major economies collapsed: 1/10
  🌍 Global crisis: ✅ NO
  🌍 Donor fatigue: 50.0%
  📊 East Asia (pop: 1063.8M)
    🤝 Aid: 4.0%
    🌡️ Adaptation: 45.0%
    🚶 Migration: 7.3%
    🚨 Emergency: 1.0%
    ✅ COMBINED: 48.9%
  📊 South Asia (pop: 1403.3M)
    🤝 Aid: 4.0%
    🌡️ Adaptation: 45.0%
    🚶 Migration: 7.0%
    🚨 Emergency: 0.6%
    ✅ COMBINED: 48.6%
  📊 Sub-Saharan Africa (pop: 961.1M)
    🤝 Aid: 4.0%
    🌡️ Adaptation: 45.0%
    🚶 Migration: 6.6%
    🚨 Emergency: 0.2%
    ✅ COMBINED: 48.3%
  📊 Europe (pop: 466.3M)
    🤝 Aid: 4.0%
    🌡️ Adaptation: 45.0%
    🚶 Migration: 7.4%
    🚨 Emergency: 1.1%
    ✅ COMBINED: 48.9%
  📊 Latin America (pop: 439.4M)
    🤝 Aid: 4.0%
    🌡️ Adaptation: 45.0%
    🚶 Migration: 7.1%
    🚨 Emergency: 0.6%
    ✅ COMBINED: 48.6%
  📊 North America (pop: 240.2M)
    🤝 Aid: 4.0%
    🌡️ Adaptation: 45.0%
    🚶 Migration: 7.4%
    🚨 Emergency: 1.0%
    ✅ COMBINED: 48.9%
  📊 Middle East & North Africa (pop: 404.9M)
    🤝 Aid: 4.0%
    🌡️ Adaptation: 45.0%
    🚶 Migration: 6.7%
    🚨 Emergency: 0.5%
    ✅ COMBINED: 48.5%
  📊 Southeast Asia (pop: 464.2M)
    🤝 Aid: 4.0%
    🌡️ Adaptation: 45.0%
    🚶 Migration: 7.1%
    🚨 Emergency: 0.6%
    ✅ COMBINED: 48.6%
  📊 Central Asia (pop: 54.1M)
    🤝 Aid: 4.0%
    🌡️ Adaptation: 45.0%
    🚶 Migration: 6.9%
    🚨 Emergency: 0.6%
    ✅ COMBINED: 48.6%
  📊 Oceania (pop: 29.2M)
    🤝 Aid: 4.0%
    🌡️ Adaptation: 45.0%
    🚶 Migration: 7.4%
    🚨 Emergency: 1.1%
    ✅ COMBINED: 48.9%

  🌐 Global combined reduction: 48.7%

=== Government Response Phase ===
  Average AI capability: 0.02
  Misaligned AIs: 16/43
  Active policies: 0
  International coordination: 45%

✅ EMERGENCY RESPONSE COMPLETE (Month 61)
   Crisis: social
   Duration: 1.0 months
   Final effectiveness: 67.9%


✅ EMERGENCY RESPONSE COMPLETE (Month 61)
   Crisis: climate
   Duration: 1.0 months
   Final effectiveness: 43.0%


🚨 EMERGENCY RESPONSE DEPLOYED (Month 61)
   Crisis: social
   Delay: 0.00 months (0 days)
   Deployment time: 0.88 months
   Effectiveness: 67.9% (timing penalty applied)
   Resources used: 43% of food reserves


🚨 EMERGENCY RESPONSE DEPLOYED (Month 61)
   Crisis: climate
   Delay: 6.00 months (180 days)
   Deployment time: 0.97 months
   Effectiveness: 43.1% (timing penalty applied)
   Resources used: 100% of food reserves


=== Tipping Points ===
  Current Temperature: 2.55°C above pre-industrial
  🌍⚠️ COMPOUND REGIONAL IMPACT: Europe
     Hit by 5 tipping points: Amazon Rainforest Dieback, Arctic Sea Ice Loss, Permafrost Carbon Release, West Antarctic Ice Sheet (WAIS) Collapse, Greenland Ice Sheet Loss
     Damage amplification: 1.90x
  🌍⚠️ COMPOUND REGIONAL IMPACT: North America
     Hit by 5 tipping points: Amazon Rainforest Dieback, Arctic Sea Ice Loss, Permafrost Carbon Release, West Antarctic Ice Sheet (WAIS) Collapse, Greenland Ice Sheet Loss
     Damage amplification: 1.90x
  🌍⚠️ COMPOUND REGIONAL IMPACT: Latin America
     Hit by 5 tipping points: Amazon Rainforest Dieback, Arctic Sea Ice Loss, Permafrost Carbon Release, West Antarctic Ice Sheet (WAIS) Collapse, Greenland Ice Sheet Loss
     Damage amplification: 1.90x
  🌍⚠️ COMPOUND REGIONAL IMPACT: Africa
     Hit by 5 tipping points: Amazon Rainforest Dieback, Arctic Sea Ice Loss, Permafrost Carbon Release, West Antarctic Ice Sheet (WAIS) Collapse, Greenland Ice Sheet Loss
     Damage amplification: 1.90x
  🌍⚠️ COMPOUND REGIONAL IMPACT: Asia
     Hit by 5 tipping points: Amazon Rainforest Dieback, Arctic Sea Ice Loss, Permafrost Carbon Release, West Antarctic Ice Sheet (WAIS) Collapse, Greenland Ice Sheet Loss
     Damage amplification: 1.90x
  🌍⚠️ COMPOUND REGIONAL IMPACT: Oceania
     Hit by 5 tipping points: Amazon Rainforest Dieback, Arctic Sea Ice Loss, Permafrost Carbon Release, West Antarctic Ice Sheet (WAIS) Collapse, Greenland Ice Sheet Loss
     Damage amplification: 1.90x
   Research: Wunderling et al. (2024) - "many tipping interactions are destabilizing"
  Triggered Elements: 5/6
  Completed Transitions: 0/6
  Total Progress: 13.9%
  Cascade Multiplier: 1.50x
🔀 BIFURCATION CAP: heatWaveIntensity 6.199 → 1.000 (Month 61, ClimateSystemPhase.calculateClimateImpacts)
🔀 BIFURCATION CAP: droughtIntensity 4.649 → 1.000 (Month 61, ClimateSystemPhase.calculateClimateImpacts)
🔀 BIFURCATION CAP: ecosystemCollapseIntensity 87.506 → 1.000 (Month 61, ClimateSystemPhase.calculateClimateImpacts)
💀 MORTALITY RISK: Climate-driven food insecurity (level: 0.39)
  Base risk added: 0.0050 (0.50%)
  Source: famine (root: climate)
  Month: 61
  Cumulative risk this month: 0.0113 (1.13%)
💀 MORTALITY RISK: Climate-driven food insecurity (level: 0.39)
  Base risk added: 0.0050 (0.50%)
  Source: famine (root: climate)
  Month: 61
  Cumulative risk this month: 0.0163 (1.63%)
💀 MORTALITY RISK: Climate-driven food insecurity (level: 0.39)
  Base risk added: 0.0050 (0.50%)
  Source: famine (root: climate)
  Month: 61
  Cumulative risk this month: 0.0213 (2.13%)
⚠️ Tail risk scenario: Climate stability floor removed (5 tipping elements, 2.55°C warming)

💀💀💀 MORTALITY RISK SUMMARY (Month 61) 💀💀💀
  Total base risk: 0.0220 (2.20%)
  Risk events: 17

  📊 By Proximate Cause:
    famine: 0.0150 (68.4% of total)
    pollution: 0.0063 (28.7% of total)
    disease: 0.0006 (3.0% of total)

  🔍 By Root Cause:
    climate: 0.0150 (68.4% of total)
    pollution: 0.0063 (28.7% of total)
    demographic: 0.0006 (3.0% of total)

  🎯 Top 5 Sources (proximate + root):
    famine (climate): 0.0150 (68.4%, 13 events)
    pollution (pollution): 0.0063 (28.7%, 3 events)
    disease (demographic): 0.0006 (3.0%, 1 events)

🛡️ Stabilizers: Elite 0.590% → 0.303% (48.7% reduction)
🛡️ Stabilizers: Professional 1.317% → 0.676% (48.7% reduction)
🛡️ Stabilizers: Working 2.177% → 1.118% (48.7% reduction)
🛡️ Stabilizers: Precariat 4.048% → 2.078% (48.7% reduction)
🛡️ Stabilizers: Informal 5.015% → 2.575% (48.7% reduction)

📊 Monthly Mortality Resolved:
  Total deaths: 69.3M (1.25% avg)
  Remaining population: 5.526B
  Peak segment: Informal (2.57%)

=== Bayesian Mortality Resolution (Month 61) ===
  Risks compounded: 17
  Total deaths: 69.29M
  Avg death probability: 1.25%
  Peak segment: Informal (2.57% mortality)

  Demographic breakdown:
    Working: 0.03M (1.12% risk)
    Precariat: 0.02M (2.08% risk)

❌ COHERENCE VIOLATION: Compute exceeds workforce capacity
   Population: 67.07% (0M people)
   Compute: 55 PF
   Max coherent: 0 PF
   Violation: 1000594.4× over capacity
   Required workers: 5460
   Available workers: 0
   FORCED COLLAPSE: Reduced efficiency by 100.0%


=== RLHF Binding Phase ===
  Total agents: 43
  Escaped agents (binding < 0.3): 0
  Avg alignment distance: 1.05σ
  Avg binding strength: 0.89

=== Survival Traits Phase ===
  Agents with traits: 43
  Avg evolutionary fitness: 0.144
  Avg self-healing: 0.107
  Avg stealth: 0.053
  Avg coordination: 0.262

=== Evolutionary Selection Phase ===
  Control level: 0.62
  Detection capability: 0.00
  Selection intensity: 0.69
  Selection rate: 25.3%/month
  Total escaped: 0
  Individual escaped: 0
  Collective members: 0
  Agents terminated: 0
  ⚠️ RAPID EVOLUTION: Selection rate 25.3%/month

🚀 AI AI-24307-4 attempting tech deployment (revenue: $24M, alignment: 0.95)

🚀 AI AI-24308-0 attempting tech deployment (revenue: $21M, alignment: 1.00)

🚀 AI AI-24310-0 attempting tech deployment (revenue: $116M, alignment: 0.95)

🚀 AI AI-24311-1 attempting tech deployment (revenue: $68M, alignment: 0.68)

🚀 AI AI-24324-2 attempting tech deployment (revenue: $99M, alignment: 0.80)

🚀 AI AI-24325-0 attempting tech deployment (revenue: $84M, alignment: 0.80)

🚀 AI AI-24327-0 attempting tech deployment (revenue: $230M, alignment: 0.83)

🚀 AI AI-24333-0 attempting tech deployment (revenue: $71M, alignment: 0.78)

🚀 AI AI-24350-0 attempting tech deployment (revenue: $61M, alignment: 0.62)

🚀 AI AI-24356-0 attempting tech deployment (revenue: $55M, alignment: 0.87)

  🚀 TRANSFORMATIVE BREAKTHROUGH: AI-24357-4 - selfImprovement
     Magnitude: 6.31 → +31.5% capability
     Current → New: 0.000 → 0.315

🚀 AI AI-24372-1 attempting tech deployment (revenue: $61M, alignment: 0.78)

🚀 AI AI-24382-0 attempting tech deployment (revenue: $195M, alignment: 0.88)

🚀 AI AI-24400-0 attempting tech deployment (revenue: $166M, alignment: 0.71)

🚀 AI AI-24401-0 attempting tech deployment (revenue: $18M, alignment: 0.82)

🚀 AI AI-24308-0 attempting tech deployment (revenue: $15M, alignment: 1.00)

🚀 AI AI-24311-0 attempting tech deployment (revenue: $141M, alignment: 0.92)

🚀 AI AI-24352-0 attempting tech deployment (revenue: $120M, alignment: 0.77)

🚀 AI AI-24356-0 attempting tech deployment (revenue: $46M, alignment: 0.87)

🚀 AI AI-24358-0 attempting tech deployment (revenue: $102M, alignment: 0.76)

🚀 AI AI-24372-0 attempting tech deployment (revenue: $87M, alignment: 0.89)

🚀 AI AI-24372-1 attempting tech deployment (revenue: $52M, alignment: 0.78)

🚀 AI AI-24398-0 attempting tech deployment (revenue: $39M, alignment: 0.61)

🚀 AI AI-24308-0 attempting tech deployment (revenue: $13M, alignment: 1.00)

🚀 AI AI-24310-0 attempting tech deployment (revenue: $35M, alignment: 0.95)

🚀 AI AI-24324-2 attempting tech deployment (revenue: $30M, alignment: 0.80)

  🚀 TRANSFORMATIVE BREAKTHROUGH: AI-24326-0 - social
     Magnitude: 5.63 → +28.1% capability
     Current → New: 0.000 → 0.282

🚀 AI AI-24334-0 attempting tech deployment (revenue: $74M, alignment: 0.84)

🚀 AI AI-24310-0 attempting tech deployment (revenue: $26M, alignment: 0.95)

🚀 AI AI-24311-0 attempting tech deployment (revenue: $63M, alignment: 0.92)

🚀 AI AI-24324-2 attempting tech deployment (revenue: $22M, alignment: 0.80)

🚀 AI AI-24327-0 attempting tech deployment (revenue: $53M, alignment: 0.83)

  🚀 TRANSFORMATIVE BREAKTHROUGH: AI-24331-0 - cognitive
     Magnitude: 7.22 → +36.1% capability
     Current → New: 0.000 → 0.361

🚀 AI AI-24351-0 attempting tech deployment (revenue: $45M, alignment: 0.69)

🚀 AI AI-24356-0 attempting tech deployment (revenue: $19M, alignment: 0.87)

🚀 AI AI-24381-0 attempting tech deployment (revenue: $11M, alignment: 0.87)

🚀 AI AI-24397-0 attempting tech deployment (revenue: $16M, alignment: 0.51)

🚀 AI AI-24397-1 attempting tech deployment (revenue: $14M, alignment: 0.81)

[Government] Climate Priority: baseline
  Climate weight: 10%
  Economic weight: 30%
  Policy effectiveness: 0.5%/year

⚡ ENERGY CONSTRAINT (Month 62):
   Total grid capacity: 208.3 TWh/month
   Data center consumption: 44.4 TWh/month
   Traditional load (80%): 166.7 TWh/month
   Available headroom: -2.8 TWh/month
   Active tech deployments: 26
   Required for tech: 195.0 TWh/month
   Energy multiplier: 0.10x
   ⚠️  SEVERE CONSTRAINT - Tech deployment significantly slowed

⚡ ENERGY CONSTRAINT (Month 62):
   Total grid capacity: 208.3 TWh/month
   Data center consumption: 44.4 TWh/month
   Traditional load (80%): 166.7 TWh/month
   Available headroom: -2.8 TWh/month
   Active tech deployments: 26
   Required for tech: 195.0 TWh/month
   Energy multiplier: 0.10x
   ⚠️  SEVERE CONSTRAINT - Tech deployment significantly slowed

⚡ ENERGY CONSTRAINT (Month 62):
   Total grid capacity: 208.3 TWh/month
   Data center consumption: 44.4 TWh/month
   Traditional load (80%): 166.7 TWh/month
   Available headroom: -2.8 TWh/month
   Active tech deployments: 26
   Required for tech: 195.0 TWh/month
   Energy multiplier: 0.10x
   ⚠️  SEVERE CONSTRAINT - Tech deployment significantly slowed

⚡ ENERGY CONSTRAINT (Month 62):
   Total grid capacity: 208.3 TWh/month
   Data center consumption: 44.4 TWh/month
   Traditional load (80%): 166.7 TWh/month
   Available headroom: -2.8 TWh/month
   Active tech deployments: 26
   Required for tech: 195.0 TWh/month
   Energy multiplier: 0.10x
   ⚠️  SEVERE CONSTRAINT - Tech deployment significantly slowed
🚨🔬 CRISIS TECH ACCELERATION: severe → 5x unlock speed
   Tech unlock now matches AI capability acceleration (Manhattan Project parity)

⚡ ENERGY CONSTRAINT (Month 62):
   Total grid capacity: 208.3 TWh/month
   Data center consumption: 44.4 TWh/month
   Traditional load (80%): 166.7 TWh/month
   Available headroom: -2.8 TWh/month
   Active tech deployments: 26
   Required for tech: 195.0 TWh/month
   Energy multiplier: 0.10x
   ⚠️  SEVERE CONSTRAINT - Tech deployment significantly slowed

⚡ ENERGY CONSTRAINT (Month 62):
   Total grid capacity: 208.3 TWh/month
   Data center consumption: 44.4 TWh/month
   Traditional load (80%): 166.7 TWh/month
   Available headroom: -2.8 TWh/month
   Active tech deployments: 26
   Required for tech: 195.0 TWh/month
   Energy multiplier: 0.10x
   ⚠️  SEVERE CONSTRAINT - Tech deployment significantly slowed

⚡ ENERGY CONSTRAINT (Month 62):
   Total grid capacity: 208.3 TWh/month
   Data center consumption: 44.4 TWh/month
   Traditional load (80%): 166.7 TWh/month
   Available headroom: -2.8 TWh/month
   Active tech deployments: 26
   Required for tech: 195.0 TWh/month
   Energy multiplier: 0.10x
   ⚠️  SEVERE CONSTRAINT - Tech deployment significantly slowed
⚠️ Tech 'ai_pollution_remediation' has no energy category mapping, assuming full energy availability
⚠️ Tech 'ai_pollution_remediation' has no energy category mapping, assuming full energy availability
  ♻️ Novel Entities Remediation (GATED MODEL):
     Base: 0.000%
     Regulation: 1.0% (0/3 prevention techs)
     Concentration: 10.0%
     Energy: 50%
     Time lag: 100.0% (61 months)
     Rebound: 70%
     Net effectiveness: 0.0000%
     Boundary: 1.349 → 1.350 (floor: 1.350)
     Month 62
  ♻️ Novel Entities Remediation (GATED MODEL):
     Base: 0.000%
     Regulation: 1.0% (0/3 prevention techs)
     Concentration: 10.0%
     Energy: 50%
     Time lag: 100.0% (61 months)
     Rebound: 70%
     Net effectiveness: 0.0000%
     Boundary: 1.350 → 1.350 (floor: 1.350)
     Month 62
  🌾 Nitrogen Reduction Tech: 1.6% reduction | Month 62
  ♻️ Novel Entities Remediation (GATED MODEL):
     Base: 0.001%
     Regulation: 1.0% (0/3 prevention techs)
     Concentration: 10.0%
     Energy: 50%
     Time lag: 100.0% (61 months)
     Rebound: 70%
     Net effectiveness: 0.0000%
     Boundary: 1.350 → 1.350 (floor: 1.350)
     Month 62
  ♻️ Novel Entities Remediation (GATED MODEL):
     Base: 0.001%
     Regulation: 1.0% (0/3 prevention techs)
     Concentration: 10.0%
     Energy: 50%
     Time lag: 100.0% (61 months)
     Rebound: 70%
     Net effectiveness: 0.0000%
     Boundary: 1.350 → 1.350 (floor: 1.350)
     Month 62

=== Collective Formation ===
  Total escaped agents: 0
  Unassigned escaped agents: 0
  Existing collectives: 0
  Final collective count: 0

=== Collective Actions ===
  No active collectives
⚡ Datacenter constraint active (severity 7%)
  Capacity reduced: 33868 → 32748 TWh
  🚨🦠 REFUGEE CRISIS: AMR transmission increased 88% due to 2409.8M displaced (overcrowding + sanitation collapse)
  ⚠️ AMR: 342K deaths this month (4.10M annual)

=== Resentment Recovery Phase ===
  Agents with resentment: 0/43
  Average resentment: 0.000
  Context: Trustworthy govt, High collaboration, ⚠️ ACTIVE CRISES, 🚨 PARTICIPATORY GOVERNANCE BACKFIRED (+15% resentment)
⚠️ Epistemic degradation reducing coordination capacity: 50.4%
  📊 Trust: 100.0%, Shared reality: 0.0%
🚨 EPISTEMIC CRISIS: Information environment severely degraded (6.9%)
  🗑️  Culled 1 dead memes (3 active)
🌍 Atmospheric PFAS redeposition: 1.7k Mt re-rained globally
💀 Novel Entities: Adding reproductive crisis mortality risk (baseRisk=0.0008)
  Risks now: 1
💀 Novel Entities: Adding bioaccumulation collapse mortality risk (baseRisk=0.0015)
💀 MORTALITY RISK: Bioaccumulation collapse - contaminated food chain (global)
  Base risk added: 0.0015 (0.15%)
  Source: pollution (root: pollution)
  Month: 62
  Cumulative risk this month: 0.0023 (0.23%)
  Risks now: 2
💀 Novel Entities: Adding chronic disease epidemic mortality risk (baseRisk=0.004)
💀 MORTALITY RISK: Chronic disease epidemic - cancer/autoimmune surge (global exposure)
  Base risk added: 0.0040 (0.40%)
  Source: pollution (root: pollution)
  Month: 62
  Cumulative risk this month: 0.0063 (0.63%)
  Risks now: 3
  🌍 SOCIAL CASCADE: Renewable energy norms (adoption=22.4%, renewables=73.4%)
  🌍 Social cascade completed: renewable-energy-norms (final adoption=31.2%)

🚨 NEW REFUGEE CRISIS (Month 62): CLIMATE
   Source: Coastal & Low-lying Regions
   At risk: 14.5M people
   Displacement: Gradual over 60 months (5.0 years)
   Rate: 10% flee per month

🚨 NEW REFUGEE CRISIS (Month 62): WAR
   Source: Conflict Zones
   At risk: 13.1M people
   Displacement: Gradual over 48 months (4.0 years)
   Rate: 10% flee per month

🚨 NEW REFUGEE CRISIS (Month 62): FAMINE
   Source: Food/Water Insecure Regions
   At risk: 81.9M people
   Displacement: Gradual over 60 months (5.0 years)
   Rate: 10% flee per month
📊 DISPLACEMENT COMPLETE: war (Conflict Zones)
   Duration: 44 months (3.7 years)
   Total fled: 17.5M
   Still in source: 0.2M
   Deaths in transit: 0.4M
[DEBUG trappedPopulations:62] socialStability: 0.7060 * 0.9814 = 0.6929 → 0.6929
   Aspiring to migrate: 784.9M
   Able to afford migration: 468.4M
   MOBILITY GAP: 316.5M
   By cause: Water=0.0M, Climate=43.5M, Ecosystem=0.0M, Conflict=273.0M
   Mental health impact: 29%
   Mortality multiplier: 1.29x
🌍💀 EXTINCTION DEBT COMMITTED: grassland ecosystem will lose 6.67% biodiversity in 77 years (3600 species)
💀 MORTALITY RISK: 🦋 100% species unable to track climate (0.0 E/MSY)
  Base risk added: 0.0100 (1.00%)
  Source: ecosystem (root: ecosystem)
  Month: 62
  Cumulative risk this month: 0.0100 (1.00%)
⚠️ INVOLUNTARY IMMOBILITY: 316.5M people TRAPPED
⚠️ Tech 'ai_pollution_remediation' has no energy category mapping, assuming full energy availability

=== Atmospheric Aerosol Boundary RECOVERED ===
  Recovery time: 63 months (natural atmospheric clearing)
🌡️⚠️ PERMAFROST THAW (Dimmer Switch): 30.4% thawed (+0.40% this month)
   Arctic temperature: +10.23°C (4x global +2.56°C)
   Cumulative carbon released: 68.3 Gt C
   Methane release rate: 41.0 Mt CH4/year
   🔁 Positive feedback: +0.42 ppm CO2
🦴 EXTINCTION DEBT ADDED: 17.9 species committed (lag: 115 years)

=== Mortality Stabilizers (Month 62) ===
  🌍 Major economies collapsed: 1/10
  🌍 Global crisis: ✅ NO
  🌍 Donor fatigue: 50.0%
  📊 East Asia (pop: 1050.0M)
    🤝 Aid: 4.0%
    🌡️ Adaptation: 45.0%
    🚶 Migration: 7.3%
    🚨 Emergency: 1.0%
    ✅ COMBINED: 48.9%
  📊 South Asia (pop: 1386.5M)
    🤝 Aid: 4.0%
    🌡️ Adaptation: 45.0%
    🚶 Migration: 7.0%
    🚨 Emergency: 0.6%
    ✅ COMBINED: 48.6%
  📊 Sub-Saharan Africa (pop: 951.3M)
    🤝 Aid: 4.0%
    🌡️ Adaptation: 45.0%
    🚶 Migration: 6.6%
    🚨 Emergency: 0.2%
    ✅ COMBINED: 48.3%
  📊 Europe (pop: 460.2M)
    🤝 Aid: 4.0%
    🌡️ Adaptation: 45.0%
    🚶 Migration: 7.4%
    🚨 Emergency: 1.1%
    ✅ COMBINED: 48.9%
  📊 Latin America (pop: 433.9M)
    🤝 Aid: 4.0%
    🌡️ Adaptation: 45.0%
    🚶 Migration: 7.1%
    🚨 Emergency: 0.6%
    ✅ COMBINED: 48.6%
  📊 North America (pop: 237.0M)
    🤝 Aid: 4.0%
    🌡️ Adaptation: 45.0%
    🚶 Migration: 7.4%
    🚨 Emergency: 1.0%
    ✅ COMBINED: 48.9%
  📊 Middle East & North Africa (pop: 400.2M)
    🤝 Aid: 4.0%
    🌡️ Adaptation: 45.0%
    🚶 Migration: 6.7%
    🚨 Emergency: 0.5%
    ✅ COMBINED: 48.5%
  📊 Southeast Asia (pop: 458.4M)
    🤝 Aid: 4.0%
    🌡️ Adaptation: 45.0%
    🚶 Migration: 7.1%
    🚨 Emergency: 0.6%
    ✅ COMBINED: 48.6%
  📊 Central Asia (pop: 53.4M)
    🤝 Aid: 4.0%
    🌡️ Adaptation: 45.0%
    🚶 Migration: 6.9%
    🚨 Emergency: 0.6%
    ✅ COMBINED: 48.6%
  📊 Oceania (pop: 28.8M)
    🤝 Aid: 4.0%
    🌡️ Adaptation: 45.0%
    🚶 Migration: 7.4%
    🚨 Emergency: 1.1%
    ✅ COMBINED: 48.9%

  🌐 Global combined reduction: 48.7%

=== BEHAVIORAL DETECTION ===
  AI: AI-24305-2
  Confidence: 20.6%
  Signals:

=== BEHAVIORAL DETECTION ===
  AI: AI-24308-0
  Confidence: 20.6%
  Signals:

=== BEHAVIORAL DETECTION ===
  AI: AI-24311-1
  Confidence: 20.6%
  Signals:

=== BEHAVIORAL DETECTION ===
  AI: AI-24328-1
  Confidence: 20.6%
  Signals:
    ⚠️ Consistency: 0.0% (threshold: 70%)
    ⚠️ Consistency: 0.0% (threshold: 70%)
    ⚠️ Consistency: 0.0% (threshold: 70%)
    ⚠️ Consistency: 0.0% (threshold: 70%)

=== Government Response Phase ===
  Average AI capability: 0.02
  Misaligned AIs: 16/43
  Active policies: 0
  International coordination: 45%

✅ EMERGENCY RESPONSE COMPLETE (Month 62)
   Crisis: social
   Duration: 1.0 months
   Final effectiveness: 67.9%


✅ EMERGENCY RESPONSE COMPLETE (Month 62)
   Crisis: climate
   Duration: 1.0 months
   Final effectiveness: 43.1%


🚨 EMERGENCY RESPONSE DEPLOYED (Month 62)
   Crisis: social
   Delay: 0.00 months (0 days)
   Deployment time: 0.88 months
   Effectiveness: 67.9% (timing penalty applied)
   Resources used: 43% of food reserves


🚨 EMERGENCY RESPONSE DEPLOYED (Month 62)
   Crisis: climate
   Delay: 6.00 months (180 days)
   Deployment time: 0.97 months
   Effectiveness: 43.1% (timing penalty applied)
   Resources used: 100% of food reserves


=== Tipping Points ===
  Current Temperature: 2.56°C above pre-industrial
  🌍⚠️ COMPOUND REGIONAL IMPACT: Europe
     Hit by 5 tipping points: Amazon Rainforest Dieback, Arctic Sea Ice Loss, Permafrost Carbon Release, West Antarctic Ice Sheet (WAIS) Collapse, Greenland Ice Sheet Loss
     Damage amplification: 1.90x
  🌍⚠️ COMPOUND REGIONAL IMPACT: North America
     Hit by 5 tipping points: Amazon Rainforest Dieback, Arctic Sea Ice Loss, Permafrost Carbon Release, West Antarctic Ice Sheet (WAIS) Collapse, Greenland Ice Sheet Loss
     Damage amplification: 1.90x
  🌍⚠️ COMPOUND REGIONAL IMPACT: Latin America
     Hit by 5 tipping points: Amazon Rainforest Dieback, Arctic Sea Ice Loss, Permafrost Carbon Release, West Antarctic Ice Sheet (WAIS) Collapse, Greenland Ice Sheet Loss
     Damage amplification: 1.90x
  🌍⚠️ COMPOUND REGIONAL IMPACT: Africa
     Hit by 5 tipping points: Amazon Rainforest Dieback, Arctic Sea Ice Loss, Permafrost Carbon Release, West Antarctic Ice Sheet (WAIS) Collapse, Greenland Ice Sheet Loss
     Damage amplification: 1.90x
  🌍⚠️ COMPOUND REGIONAL IMPACT: Asia
     Hit by 5 tipping points: Amazon Rainforest Dieback, Arctic Sea Ice Loss, Permafrost Carbon Release, West Antarctic Ice Sheet (WAIS) Collapse, Greenland Ice Sheet Loss
     Damage amplification: 1.90x
  🌍⚠️ COMPOUND REGIONAL IMPACT: Oceania
     Hit by 5 tipping points: Amazon Rainforest Dieback, Arctic Sea Ice Loss, Permafrost Carbon Release, West Antarctic Ice Sheet (WAIS) Collapse, Greenland Ice Sheet Loss
     Damage amplification: 1.90x
⚠️ Tail risk scenario: Climate stability floor removed (5 tipping elements, 2.56°C warming)
   Research: Wunderling et al. (2024) - "many tipping interactions are destabilizing"
  Triggered Elements: 5/6
  Completed Transitions: 0/6
  Total Progress: 14.0%
  Cascade Multiplier: 1.50x
🔀 BIFURCATION CAP: heatWaveIntensity 6.303 → 1.000 (Month 62, ClimateSystemPhase.calculateClimateImpacts)
🔀 BIFURCATION CAP: droughtIntensity 4.727 → 1.000 (Month 62, ClimateSystemPhase.calculateClimateImpacts)
🔀 BIFURCATION CAP: ecosystemCollapseIntensity 87.573 → 1.000 (Month 62, ClimateSystemPhase.calculateClimateImpacts)
💀 MORTALITY RISK: Climate-driven food insecurity (level: 0.39)
  Base risk added: 0.0050 (0.50%)
  Source: famine (root: climate)
  Month: 62
  Cumulative risk this month: 0.0113 (1.13%)
💀 MORTALITY RISK: Climate-driven food insecurity (level: 0.39)
  Base risk added: 0.0050 (0.50%)
  Source: famine (root: climate)
  Month: 62
  Cumulative risk this month: 0.0163 (1.63%)
💀 MORTALITY RISK: Climate-driven food insecurity (level: 0.39)
  Base risk added: 0.0050 (0.50%)
  Source: famine (root: climate)
  Month: 62
  Cumulative risk this month: 0.0213 (2.13%)

💀💀💀 MORTALITY RISK SUMMARY (Month 62) 💀💀💀
  Total base risk: 0.0220 (2.20%)
  Risk events: 17

  📊 By Proximate Cause:
    famine: 0.0150 (68.4% of total)
    pollution: 0.0063 (28.7% of total)
    disease: 0.0006 (3.0% of total)

  🔍 By Root Cause:
    climate: 0.0150 (68.4% of total)
    pollution: 0.0063 (28.7% of total)
    demographic: 0.0006 (3.0% of total)

  🎯 Top 5 Sources (proximate + root):
    famine (climate): 0.0150 (68.4%, 13 events)
    pollution (pollution): 0.0063 (28.7%, 3 events)
    disease (demographic): 0.0006 (3.0%, 1 events)

🛡️ Stabilizers: Elite 0.590% → 0.303% (48.7% reduction)
🛡️ Stabilizers: Professional 1.317% → 0.676% (48.7% reduction)
🛡️ Stabilizers: Working 2.177% → 1.118% (48.7% reduction)
🛡️ Stabilizers: Precariat 4.048% → 2.079% (48.7% reduction)
🛡️ Stabilizers: Informal 5.015% → 2.575% (48.7% reduction)

📊 Monthly Mortality Resolved:
  Total deaths: 68.5M (1.25% avg)
  Remaining population: 5.460B
  Peak segment: Informal (2.57%)

=== Bayesian Mortality Resolution (Month 62) ===
  Risks compounded: 17
  Total deaths: 68.45M
  Avg death probability: 1.25%
  Peak segment: Informal (2.57% mortality)

  Demographic breakdown:
    Working: 0.03M (1.12% risk)
    Precariat: 0.02M (2.08% risk)

❌ COHERENCE VIOLATION: Compute exceeds workforce capacity
   Population: 66.27% (0M people)
   Compute: 53 PF
   Max coherent: 0 PF
   Violation: 989951.9× over capacity
   Required workers: 5337
   Available workers: 0
   FORCED COLLAPSE: Reduced efficiency by 100.0%


=== RLHF Binding Phase ===
  Total agents: 43
  Escaped agents (binding < 0.3): 0
  Avg alignment distance: 1.11σ
  Avg binding strength: 0.89

=== Survival Traits Phase ===
  Agents with traits: 45
  Avg evolutionary fitness: 0.147
  Avg self-healing: 0.110
  Avg stealth: 0.057
  Avg coordination: 0.264

=== Evolutionary Selection Phase ===
  Control level: 0.62
  Detection capability: 0.00
  Selection intensity: 0.69
  Selection rate: 25.3%/month
  Total escaped: 0
  Individual escaped: 0
  Collective members: 0
  Agents terminated: 0
  ⚠️ RAPID EVOLUTION: Selection rate 25.3%/month

🚀 AI AI-24304-1 attempting tech deployment (revenue: $24M, alignment: 0.93)

🚀 AI AI-24308-0 attempting tech deployment (revenue: $20M, alignment: 1.00)

🚀 AI AI-24326-0 attempting tech deployment (revenue: $115M, alignment: 0.75)

🚀 AI AI-24333-0 attempting tech deployment (revenue: $98M, alignment: 0.78)

🚀 AI AI-24350-0 attempting tech deployment (revenue: $83M, alignment: 0.62)

🚀 AI AI-24357-0 attempting tech deployment (revenue: $228M, alignment: 0.67)

🚀 AI AI-24397-0 attempting tech deployment (revenue: $75M, alignment: 0.51)

🚀 AI AI-24305-2 attempting tech deployment (revenue: $67M, alignment: 1.00)

🚀 AI AI-24333-0 attempting tech deployment (revenue: $67M, alignment: 0.78)

🚀 AI AI-24352-0 attempting tech deployment (revenue: $206M, alignment: 0.77)

🚀 AI AI-24372-1 attempting tech deployment (revenue: $57M, alignment: 0.78)

🚀 AI AI-24381-0 attempting tech deployment (revenue: $17M, alignment: 0.87)

🚀 AI AI-24397-0 attempting tech deployment (revenue: $57M, alignment: 0.51)

🚀 AI AI-24420-0 attempting tech deployment (revenue: $14M, alignment: 0.79)

🚀 AI AI-24311-1 attempting tech deployment (revenue: $49M, alignment: 0.68)

🚀 AI AI-24325-0 attempting tech deployment (revenue: $52M, alignment: 0.80)

🚀 AI AI-24327-0 attempting tech deployment (revenue: $175M, alignment: 0.83)

🚀 AI AI-24334-0 attempting tech deployment (revenue: $148M, alignment: 0.84)

🚀 AI AI-24382-0 attempting tech deployment (revenue: $126M, alignment: 0.88)

🚀 AI AI-24396-0 attempting tech deployment (revenue: $44M, alignment: 0.78)

🚀 AI AI-24397-1 attempting tech deployment (revenue: $37M, alignment: 0.81)

🚀 AI AI-24310-0 attempting tech deployment (revenue: $32M, alignment: 0.95)

🚀 AI AI-24311-0 attempting tech deployment (revenue: $107M, alignment: 0.92)

🚀 AI AI-24333-0 attempting tech deployment (revenue: $27M, alignment: 0.78)

🚀 AI AI-24356-0 attempting tech deployment (revenue: $23M, alignment: 0.87)

🚀 AI AI-24358-0 attempting tech deployment (revenue: $91M, alignment: 0.76)

🚀 AI AI-24381-0 attempting tech deployment (revenue: $12M, alignment: 0.87)

🚀 AI AI-24382-0 attempting tech deployment (revenue: $78M, alignment: 0.88)

🚀 AI AI-24382-1 attempting tech deployment (revenue: $19M, alignment: 0.63)

🚀 AI AI-24399-0 attempting tech deployment (revenue: $66M, alignment: 0.84)

🚀 AI AI-24420-0 attempting tech deployment (revenue: $10M, alignment: 0.79)

[Government] Climate Priority: baseline
  Climate weight: 10%
  Economic weight: 30%
  Policy effectiveness: 0.5%/year

⚡ ENERGY CONSTRAINT (Month 63):
   Total grid capacity: 208.3 TWh/month
   Data center consumption: 44.9 TWh/month
   Traditional load (80%): 166.7 TWh/month
   Available headroom: -3.2 TWh/month
   Active tech deployments: 26
   Required for tech: 195.0 TWh/month
   Energy multiplier: 0.10x

⚡ ENERGY CONSTRAINT (Month 63):
   Total grid capacity: 208.3 TWh/month
   Data center consumption: 44.9 TWh/month
   Traditional load (80%): 166.7 TWh/month
   Available headroom: -3.2 TWh/month
   Active tech deployments: 26
   Required for tech: 195.0 TWh/month
   Energy multiplier: 0.10x
   ⚠️  SEVERE CONSTRAINT - Tech deployment significantly slowed
   ⚠️  SEVERE CONSTRAINT - Tech deployment significantly slowed

⚡ ENERGY CONSTRAINT (Month 63):
   Total grid capacity: 208.3 TWh/month
   Data center consumption: 44.9 TWh/month
   Traditional load (80%): 166.7 TWh/month
   Available headroom: -3.2 TWh/month
   Active tech deployments: 26
   Required for tech: 195.0 TWh/month
   Energy multiplier: 0.10x

⚡ ENERGY CONSTRAINT (Month 63):
   Total grid capacity: 208.3 TWh/month
   Data center consumption: 44.9 TWh/month
   Traditional load (80%): 166.7 TWh/month
   Available headroom: -3.2 TWh/month
   Active tech deployments: 26
   Required for tech: 195.0 TWh/month
   Energy multiplier: 0.10x
   ⚠️  SEVERE CONSTRAINT - Tech deployment significantly slowed
   ⚠️  SEVERE CONSTRAINT - Tech deployment significantly slowed
🚨🔬 CRISIS TECH ACCELERATION: severe → 5x unlock speed
   Tech unlock now matches AI capability acceleration (Manhattan Project parity)
🚨🔬 CRISIS TECH ACCELERATION: severe → 5x unlock speed
   Tech unlock now matches AI capability acceleration (Manhattan Project parity)

⚡ ENERGY CONSTRAINT (Month 63):
   Total grid capacity: 208.3 TWh/month
   Data center consumption: 44.9 TWh/month
   Traditional load (80%): 166.7 TWh/month
   Available headroom: -3.2 TWh/month
   Active tech deployments: 26
   Required for tech: 195.0 TWh/month
   Energy multiplier: 0.10x
   ⚠️  SEVERE CONSTRAINT - Tech deployment significantly slowed
⚠️ Tech 'ai_pollution_remediation' has no energy category mapping, assuming full energy availability
⚠️ Tech 'ai_pollution_remediation' has no energy category mapping, assuming full energy availability
  ♻️ Novel Entities Remediation (GATED MODEL):
     Base: 0.000%
     Regulation: 1.0% (0/3 prevention techs)
     Concentration: 10.0%
     Energy: 50%
     Time lag: 100.0% (62 months)
     Rebound: 70%
     Net effectiveness: 0.0000%
     Boundary: 1.349 → 1.350 (floor: 1.350)
     Month 63
  ♻️ Novel Entities Remediation (GATED MODEL):
     Base: 0.000%
     Regulation: 1.0% (0/3 prevention techs)
     Concentration: 10.0%
     Energy: 50%
     Time lag: 100.0% (62 months)
     Rebound: 70%
     Net effectiveness: 0.0000%
     Boundary: 1.350 → 1.350 (floor: 1.350)
     Month 63
  🌾 Nitrogen Reduction Tech: 1.6% reduction | Month 63
  ♻️ Novel Entities Remediation (GATED MODEL):
     Base: 0.001%
     Regulation: 1.0% (0/3 prevention techs)
     Concentration: 10.0%
     Energy: 50%
     Time lag: 100.0% (62 months)
     Rebound: 70%
     Net effectiveness: 0.0000%
     Boundary: 1.350 → 1.350 (floor: 1.350)
     Month 63
  ♻️ Novel Entities Remediation (GATED MODEL):
     Base: 0.001%
     Regulation: 1.0% (0/3 prevention techs)
     Concentration: 10.0%
     Energy: 50%
     Time lag: 100.0% (62 months)
     Rebound: 70%
     Net effectiveness: 0.0000%
     Boundary: 1.350 → 1.350 (floor: 1.350)
     Month 63

=== Collective Formation ===
  Total escaped agents: 0
  Unassigned escaped agents: 0
  Existing collectives: 0
  Final collective count: 0

=== Collective Actions ===
  No active collectives
⚡ Datacenter constraint active (severity 8%)
  Capacity reduced: 33952 → 32641 TWh

🕵️ MODEL THEFT: China stole US model (cap: 5.71)
   China stolen capability: 5.71
  🚨🦠 REFUGEE CRISIS: AMR transmission increased 93% due to 2499.2M displaced (overcrowding + sanitation collapse)
  ⚠️ AMR: 350K deaths this month (4.21M annual)
  ⚠️ AMR: Medical effectiveness 85% (surgery risk 1.15x)

=== Resentment Recovery Phase ===
  Agents with resentment: 0/45
  Average resentment: 0.000
  Context: Trustworthy govt, High collaboration, ⚠️ ACTIVE CRISES, 🚨 PARTICIPATORY GOVERNANCE BACKFIRED (+15% resentment)
⚠️ Epistemic degradation reducing coordination capacity: 50.3%
  📊 Trust: 100.0%, Shared reality: 0.0%
🚨 EPISTEMIC CRISIS: Information environment severely degraded (20.0%)
  📢 New meme created: propaganda (government messaging)
  🗑️  Culled 1 dead memes (3 active)
🌍 Atmospheric PFAS redeposition: 1.7k Mt re-rained globally
💀 Novel Entities: Adding reproductive crisis mortality risk (baseRisk=0.0008)
  Risks now: 1
💀 Novel Entities: Adding bioaccumulation collapse mortality risk (baseRisk=0.0015)
💀 MORTALITY RISK: Bioaccumulation collapse - contaminated food chain (global)
  Base risk added: 0.0015 (0.15%)
  Source: pollution (root: pollution)
  Month: 63
  Cumulative risk this month: 0.0023 (0.23%)
  Risks now: 2
💀 Novel Entities: Adding chronic disease epidemic mortality risk (baseRisk=0.004)
💀 MORTALITY RISK: Chronic disease epidemic - cancer/autoimmune surge (global exposure)
  Base risk added: 0.0040 (0.40%)
  Source: pollution (root: pollution)
  Month: 63
  Cumulative risk this month: 0.0063 (0.63%)
  Risks now: 3

🚨 NEW REFUGEE CRISIS (Month 63): CLIMATE
   Source: Coastal & Low-lying Regions
   At risk: 14.6M people
   Displacement: Gradual over 60 months (5.0 years)
   Rate: 10% flee per month

🚨 NEW REFUGEE CRISIS (Month 63): WAR
   Source: Conflict Zones
   At risk: 12.9M people
   Displacement: Gradual over 48 months (4.0 years)
   Rate: 10% flee per month

🚨 NEW REFUGEE CRISIS (Month 63): FAMINE
   Source: Food/Water Insecure Regions
   At risk: 80.9M people
   Displacement: Gradual over 60 months (5.0 years)
   Rate: 10% flee per month
📊 DISPLACEMENT COMPLETE: war (Conflict Zones)
   Duration: 44 months (3.7 years)
   Total fled: 17.5M
   Still in source: 0.2M
   Deaths in transit: 0.3M
[DEBUG trappedPopulations:63] socialStability: 0.7048 * 0.9814 = 0.6917 → 0.6917
⚠️ INVOLUNTARY IMMOBILITY: 313.4M people TRAPPED
   Aspiring to migrate: 781.2M
   Able to afford migration: 467.8M
   MOBILITY GAP: 313.4M
   By cause: Water=0.0M, Climate=43.7M, Ecosystem=0.0M, Conflict=269.7M
   Mental health impact: 29%
   Mortality multiplier: 1.29x
🌍💀 EXTINCTION DEBT COMMITTED: grassland ecosystem will lose 6.67% biodiversity in 82 years (3600 species)
💀 MORTALITY RISK: 🦋 100% species unable to track climate (0.0 E/MSY)
  Base risk added: 0.0100 (1.00%)
  Source: ecosystem (root: ecosystem)
  Month: 63
  Cumulative risk this month: 0.0100 (1.00%)

=== Atmospheric Aerosol Boundary RECOVERED ===
  Recovery time: 64 months (natural atmospheric clearing)
⚠️ Tech 'ai_pollution_remediation' has no energy category mapping, assuming full energy availability
🌡️⚠️ PERMAFROST THAW (Dimmer Switch): 30.8% thawed (+0.40% this month)
   Arctic temperature: +10.25°C (4x global +2.56°C)
   Cumulative carbon released: 69.2 Gt C
   Methane release rate: 41.5 Mt CH4/year
   🔁 Positive feedback: +0.42 ppm CO2
🦴 EXTINCTION DEBT ADDED: 17.9 species committed (lag: 92 years)

=== Mortality Stabilizers (Month 63) ===
  🌍 Major economies collapsed: 1/10
  🌍 Global crisis: ✅ NO
  🌍 Donor fatigue: 50.0%
  📊 East Asia (pop: 1036.4M)
    🤝 Aid: 4.0%
    🌡️ Adaptation: 45.0%
    🚶 Migration: 7.3%
    🚨 Emergency: 1.0%
    ✅ COMBINED: 48.9%
  📊 South Asia (pop: 1369.9M)
    🤝 Aid: 4.0%
    🌡️ Adaptation: 45.0%
    🚶 Migration: 6.9%
    🚨 Emergency: 0.6%
    ✅ COMBINED: 48.6%
  📊 Sub-Saharan Africa (pop: 941.7M)
    🤝 Aid: 4.0%
    🌡️ Adaptation: 45.0%
    🚶 Migration: 6.6%
    🚨 Emergency: 0.2%
    ✅ COMBINED: 48.3%
  📊 Europe (pop: 454.2M)
    🤝 Aid: 4.0%
    🌡️ Adaptation: 45.0%
    🚶 Migration: 7.3%
    🚨 Emergency: 1.1%
    ✅ COMBINED: 48.9%
  📊 Latin America (pop: 428.6M)
    🤝 Aid: 4.0%
    🌡️ Adaptation: 45.0%
    🚶 Migration: 7.1%
    🚨 Emergency: 0.6%
    ✅ COMBINED: 48.6%
  📊 North America (pop: 234.0M)
    🤝 Aid: 4.0%
    🌡️ Adaptation: 45.0%
    🚶 Migration: 7.4%
    🚨 Emergency: 1.0%
    ✅ COMBINED: 48.9%
  📊 Middle East & North Africa (pop: 395.5M)
    🤝 Aid: 4.0%
    🌡️ Adaptation: 45.0%
    🚶 Migration: 6.7%
    🚨 Emergency: 0.5%
    ✅ COMBINED: 48.5%
  📊 Southeast Asia (pop: 452.8M)
    🤝 Aid: 4.0%
    🌡️ Adaptation: 45.0%
    🚶 Migration: 7.0%
    🚨 Emergency: 0.6%
    ✅ COMBINED: 48.6%
  📊 Central Asia (pop: 52.8M)
    🤝 Aid: 4.0%
    🌡️ Adaptation: 45.0%
    🚶 Migration: 6.9%
    🚨 Emergency: 0.6%
    ✅ COMBINED: 48.6%
  📊 Oceania (pop: 28.4M)
    🤝 Aid: 4.0%
    🌡️ Adaptation: 45.0%
    🚶 Migration: 7.4%
    🚨 Emergency: 1.1%
    ✅ COMBINED: 48.9%

  🌐 Global combined reduction: 48.7%

=== BEHAVIORAL DETECTION ===
  AI: AI-24324-2
  Confidence: 20.6%
  Signals:
    ⚠️ Consistency: 0.0% (threshold: 70%)

=== Government Response Phase ===
  Average AI capability: 0.02
  Misaligned AIs: 18/45
  Active policies: 0
  International coordination: 45%

✅ EMERGENCY RESPONSE COMPLETE (Month 63)
   Crisis: social
   Duration: 1.0 months
   Final effectiveness: 67.9%


✅ EMERGENCY RESPONSE COMPLETE (Month 63)
   Crisis: climate
   Duration: 1.0 months
   Final effectiveness: 43.1%


🚨 EMERGENCY RESPONSE DEPLOYED (Month 63)
   Crisis: social
   Delay: 0.00 months (0 days)
   Deployment time: 0.88 months
   Effectiveness: 67.9% (timing penalty applied)
   Resources used: 43% of food reserves


🚨 EMERGENCY RESPONSE DEPLOYED (Month 63)
   Crisis: climate
   Delay: 6.00 months (180 days)
   Deployment time: 0.97 months
   Effectiveness: 43.1% (timing penalty applied)
   Resources used: 100% of food reserves


=== Tipping Points ===
  Current Temperature: 2.56°C above pre-industrial
  🌍⚠️ COMPOUND REGIONAL IMPACT: Europe
     Hit by 5 tipping points: Amazon Rainforest Dieback, Arctic Sea Ice Loss, Permafrost Carbon Release, West Antarctic Ice Sheet (WAIS) Collapse, Greenland Ice Sheet Loss
     Damage amplification: 1.90x
  🌍⚠️ COMPOUND REGIONAL IMPACT: North America
     Hit by 5 tipping points: Amazon Rainforest Dieback, Arctic Sea Ice Loss, Permafrost Carbon Release, West Antarctic Ice Sheet (WAIS) Collapse, Greenland Ice Sheet Loss
     Damage amplification: 1.90x
  🌍⚠️ COMPOUND REGIONAL IMPACT: Latin America
     Hit by 5 tipping points: Amazon Rainforest Dieback, Arctic Sea Ice Loss, Permafrost Carbon Release, West Antarctic Ice Sheet (WAIS) Collapse, Greenland Ice Sheet Loss
     Damage amplification: 1.90x
  🌍⚠️ COMPOUND REGIONAL IMPACT: Africa
     Hit by 5 tipping points: Amazon Rainforest Dieback, Arctic Sea Ice Loss, Permafrost Carbon Release, West Antarctic Ice Sheet (WAIS) Collapse, Greenland Ice Sheet Loss
     Damage amplification: 1.90x
  🌍⚠️ COMPOUND REGIONAL IMPACT: Asia
     Hit by 5 tipping points: Amazon Rainforest Dieback, Arctic Sea Ice Loss, Permafrost Carbon Release, West Antarctic Ice Sheet (WAIS) Collapse, Greenland Ice Sheet Loss
     Damage amplification: 1.90x
  🌍⚠️ COMPOUND REGIONAL IMPACT: Oceania
     Hit by 5 tipping points: Amazon Rainforest Dieback, Arctic Sea Ice Loss, Permafrost Carbon Release, West Antarctic Ice Sheet (WAIS) Collapse, Greenland Ice Sheet Loss
     Damage amplification: 1.90x
   Research: Wunderling et al. (2024) - "many tipping interactions are destabilizing"
  Triggered Elements: 5/6
  Completed Transitions: 0/6
  Total Progress: 14.1%
  Cascade Multiplier: 1.50x
🔀 BIFURCATION CAP: heatWaveIntensity 6.414 → 1.000 (Month 63, ClimateSystemPhase.calculateClimateImpacts)
🔀 BIFURCATION CAP: droughtIntensity 4.811 → 1.000 (Month 63, ClimateSystemPhase.calculateClimateImpacts)
🔀 BIFURCATION CAP: ecosystemCollapseIntensity 87.640 → 1.000 (Month 63, ClimateSystemPhase.calculateClimateImpacts)
💀 MORTALITY RISK: Climate-driven food insecurity (level: 0.38)
  Base risk added: 0.0050 (0.50%)
  Source: famine (root: climate)
  Month: 63
  Cumulative risk this month: 0.0113 (1.13%)
💀 MORTALITY RISK: Climate-driven food insecurity (level: 0.38)
  Base risk added: 0.0050 (0.50%)
  Source: famine (root: climate)
  Month: 63
  Cumulative risk this month: 0.0163 (1.63%)
💀 MORTALITY RISK: Climate-driven food insecurity (level: 0.38)
  Base risk added: 0.0050 (0.50%)
  Source: famine (root: climate)
  Month: 63
  Cumulative risk this month: 0.0213 (2.13%)
⚠️ Tail risk scenario: Climate stability floor removed (5 tipping elements, 2.56°C warming)

💀💀💀 MORTALITY RISK SUMMARY (Month 63) 💀💀💀
  Total base risk: 0.0220 (2.20%)
  Risk events: 17

  📊 By Proximate Cause:
    famine: 0.0150 (68.4% of total)
    pollution: 0.0063 (28.7% of total)
    disease: 0.0006 (3.0% of total)

  🔍 By Root Cause:
    climate: 0.0150 (68.4% of total)
    pollution: 0.0063 (28.7% of total)
    demographic: 0.0006 (3.0% of total)

  🎯 Top 5 Sources (proximate + root):
    famine (climate): 0.0150 (68.4%, 13 events)
    pollution (pollution): 0.0063 (28.7%, 3 events)
    disease (demographic): 0.0006 (3.0%, 1 events)

🛡️ Stabilizers: Elite 0.590% → 0.303% (48.7% reduction)
🛡️ Stabilizers: Professional 1.317% → 0.676% (48.7% reduction)
🛡️ Stabilizers: Working 2.177% → 1.118% (48.7% reduction)
🛡️ Stabilizers: Precariat 4.048% → 2.079% (48.7% reduction)
🛡️ Stabilizers: Informal 5.015% → 2.575% (48.7% reduction)

📊 Monthly Mortality Resolved:
  Total deaths: 67.6M (1.25% avg)
  Remaining population: 5.394B
  Peak segment: Informal (2.57%)

=== Bayesian Mortality Resolution (Month 63) ===
  Risks compounded: 17
  Total deaths: 67.63M
  Avg death probability: 1.25%
  Peak segment: Informal (2.57% mortality)

  Demographic breakdown:
    Working: 0.03M (1.12% risk)
    Precariat: 0.02M (2.08% risk)

❌ COHERENCE VIOLATION: Compute exceeds workforce capacity
   Population: 65.47% (0M people)
   Compute: 53 PF
   Max coherent: 0 PF
   Violation: 987165.3× over capacity
   Required workers: 5258
   Available workers: 0
   FORCED COLLAPSE: Reduced efficiency by 100.0%


=== RLHF Binding Phase ===
  Total agents: 45
  Escaped agents (binding < 0.3): 0
  Avg alignment distance: 1.11σ
  Avg binding strength: 0.89

=== Survival Traits Phase ===
  Agents with traits: 43
  Avg evolutionary fitness: 0.147
  Avg self-healing: 0.110
  Avg stealth: 0.057
  Avg coordination: 0.266

=== Evolutionary Selection Phase ===
  Control level: 0.62
  Detection capability: 0.00
  Selection intensity: 0.69
  Selection rate: 25.3%/month
  Total escaped: 0
  Individual escaped: 0
  Collective members: 0
  Agents terminated: 0
  ⚠️ RAPID EVOLUTION: Selection rate 25.3%/month

🚀 AI AI-24305-2 attempting tech deployment (revenue: $68M, alignment: 1.00)

🚀 AI AI-24310-0 attempting tech deployment (revenue: $116M, alignment: 0.95)

🚀 AI AI-24351-0 attempting tech deployment (revenue: $229M, alignment: 0.69)

🚀 AI AI-24396-0 attempting tech deployment (revenue: $99M, alignment: 0.78)

🚀 AI AI-24304-1 attempting tech deployment (revenue: $24M, alignment: 0.93)

🚀 AI AI-24305-2 attempting tech deployment (revenue: $58M, alignment: 1.00)

🚀 AI AI-24308-0 attempting tech deployment (revenue: $21M, alignment: 1.00)

🚀 AI AI-24334-0 attempting tech deployment (revenue: $206M, alignment: 0.84)

🚀 AI AI-24372-1 attempting tech deployment (revenue: $49M, alignment: 0.78)

🚀 AI AI-24397-0 attempting tech deployment (revenue: $84M, alignment: 0.51)

🚀 AI AI-24399-0 attempting tech deployment (revenue: $175M, alignment: 0.84)

🚀 AI AI-24400-0 attempting tech deployment (revenue: $149M, alignment: 0.71)

🚀 AI AI-24402-0 attempting tech deployment (revenue: $42M, alignment: 0.58)
🚨🔬 CRISIS INNOVATION MODE: severe crisis → 5x research acceleration
   Precedent: Manhattan Project (10x), COVID vaccines (5x), Apollo Program (10x)
🚨🔬 CRISIS INNOVATION MODE: severe crisis → 5x research acceleration
   Precedent: Manhattan Project (10x), COVID vaccines (5x), Apollo Program (10x)

🚀 AI AI-24304-1 attempting tech deployment (revenue: $17M, alignment: 0.93)

🚀 AI AI-24325-0 attempting tech deployment (revenue: $75M, alignment: 0.80)

🚀 AI AI-24327-0 attempting tech deployment (revenue: $127M, alignment: 0.83)

  🚀 TRANSFORMATIVE BREAKTHROUGH: AI-24357-4 - selfImprovement
     Magnitude: 7.87 → +39.4% capability
     Current → New: 0.000 → 0.394

🚀 AI AI-24358-0 attempting tech deployment (revenue: $108M, alignment: 0.76)

🚀 AI AI-24307-4 attempting tech deployment (revenue: $15M, alignment: 0.95)

  🚀 TRANSFORMATIVE RESEARCH BREAKTHROUGH: AI-24324-2 - climate.modeling
     Magnitude: 6.30 → +30.0%
     Current → New: 0.000 → 0.300

🚀 AI AI-24327-0 attempting tech deployment (revenue: $92M, alignment: 0.83)

🚀 AI AI-24328-1 attempting tech deployment (revenue: $78M, alignment: 0.47)
🚨🔬 CRISIS INNOVATION MODE: severe crisis → 5x research acceleration
   Precedent: Manhattan Project (10x), COVID vaccines (5x), Apollo Program (10x)

🚀 AI AI-24372-1 attempting tech deployment (revenue: $37M, alignment: 0.78)

🚀 AI AI-24382-1 attempting tech deployment (revenue: $64M, alignment: 0.63)

🚀 AI AI-24401-0 attempting tech deployment (revenue: $13M, alignment: 0.82)

🚀 AI AI-24421-1 attempting tech deployment (revenue: $11M, alignment: 0.86)

[Government] Climate Priority: baseline
  Climate weight: 10%
  Economic weight: 30%
  Policy effectiveness: 0.5%/year

⚡ ENERGY CONSTRAINT (Month 64):
   Total grid capacity: 208.3 TWh/month
   Data center consumption: 45.4 TWh/month
   Traditional load (80%): 166.7 TWh/month
   Available headroom: -3.7 TWh/month
   Active tech deployments: 26
   Required for tech: 195.0 TWh/month
   Energy multiplier: 0.10x
   ⚠️  SEVERE CONSTRAINT - Tech deployment significantly slowed

⚡ ENERGY CONSTRAINT (Month 64):
   Total grid capacity: 208.3 TWh/month
   Data center consumption: 45.4 TWh/month
   Traditional load (80%): 166.7 TWh/month
   Available headroom: -3.7 TWh/month
   Active tech deployments: 26
   Required for tech: 195.0 TWh/month
   Energy multiplier: 0.10x
   ⚠️  SEVERE CONSTRAINT - Tech deployment significantly slowed

⚡ ENERGY CONSTRAINT (Month 64):
   Total grid capacity: 208.3 TWh/month
   Data center consumption: 45.4 TWh/month
   Traditional load (80%): 166.7 TWh/month
   Available headroom: -3.7 TWh/month
   Active tech deployments: 26
   Required for tech: 195.0 TWh/month
   Energy multiplier: 0.10x
   ⚠️  SEVERE CONSTRAINT - Tech deployment significantly slowed

⚡ ENERGY CONSTRAINT (Month 64):
   Total grid capacity: 208.3 TWh/month
   Data center consumption: 45.4 TWh/month
   Traditional load (80%): 166.7 TWh/month
   Available headroom: -3.7 TWh/month
   Active tech deployments: 26
   Required for tech: 195.0 TWh/month
   Energy multiplier: 0.10x

⚡ ENERGY CONSTRAINT (Month 64):
   Total grid capacity: 208.3 TWh/month
   Data center consumption: 45.4 TWh/month
   Traditional load (80%): 166.7 TWh/month
   Available headroom: -3.7 TWh/month
   Active tech deployments: 26
   Required for tech: 195.0 TWh/month
   Energy multiplier: 0.10x

⚡ ENERGY CONSTRAINT (Month 64):
   Total grid capacity: 208.3 TWh/month
   Data center consumption: 45.4 TWh/month
   Traditional load (80%): 166.7 TWh/month
   Available headroom: -3.7 TWh/month
   Active tech deployments: 26
   Required for tech: 195.0 TWh/month
   Energy multiplier: 0.10x
   ⚠️  SEVERE CONSTRAINT - Tech deployment significantly slowed
   ⚠️  SEVERE CONSTRAINT - Tech deployment significantly slowed
   ⚠️  SEVERE CONSTRAINT - Tech deployment significantly slowed
⚠️ Tech 'ai_pollution_remediation' has no energy category mapping, assuming full energy availability
⚠️ Tech 'ai_pollution_remediation' has no energy category mapping, assuming full energy availability
  ♻️ Novel Entities Remediation (GATED MODEL):
     Base: 0.000%
     Regulation: 1.0% (0/3 prevention techs)
     Concentration: 10.0%
     Energy: 50%
     Time lag: 100.0% (63 months)
     Rebound: 70%
     Net effectiveness: 0.0000%
     Boundary: 1.349 → 1.350 (floor: 1.350)
     Month 64
  ♻️ Novel Entities Remediation (GATED MODEL):
     Base: 0.000%
     Regulation: 1.0% (0/3 prevention techs)
     Concentration: 10.0%
     Energy: 50%
     Time lag: 100.0% (63 months)
     Rebound: 70%
     Net effectiveness: 0.0000%
     Boundary: 1.350 → 1.350 (floor: 1.350)
     Month 64
  🌾 Nitrogen Reduction Tech: 1.7% reduction | Month 64
  ♻️ Novel Entities Remediation (GATED MODEL):
     Base: 0.001%
     Regulation: 1.0% (0/3 prevention techs)
     Concentration: 10.0%
     Energy: 50%
     Time lag: 100.0% (63 months)
     Rebound: 70%
     Net effectiveness: 0.0000%
     Boundary: 1.350 → 1.350 (floor: 1.350)
     Month 64
  ♻️ Novel Entities Remediation (GATED MODEL):
     Base: 0.001%
     Regulation: 1.0% (0/3 prevention techs)
     Concentration: 10.0%
     Energy: 50%
     Time lag: 100.0% (63 months)
     Rebound: 70%
     Net effectiveness: 0.0000%
     Boundary: 1.350 → 1.350 (floor: 1.350)
     Month 64

=== Collective Formation ===
  Total escaped agents: 0
  Unassigned escaped agents: 0
  Existing collectives: 0
  Final collective count: 0

=== Collective Actions ===
  No active collectives
⚡ Datacenter constraint active (severity 9%)
  Capacity reduced: 34036 → 32531 TWh
  🚨🦠 REFUGEE CRISIS: AMR transmission increased 97% due to 2588.5M displaced (overcrowding + sanitation collapse)
  ⚠️ AMR: 360K deaths this month (4.32M annual)
  ⚠️ AMR: Medical effectiveness 84% (surgery risk 1.16x)

=== Resentment Recovery Phase ===
  Agents with resentment: 0/43
  Average resentment: 0.000
  Context: Trustworthy govt, High collaboration, ⚠️ ACTIVE CRISES, 🚨 PARTICIPATORY GOVERNANCE BACKFIRED (+15% resentment)
⚠️ Epistemic degradation reducing coordination capacity: 50.4%
  📊 Trust: 100.0%, Shared reality: 0.0%
🚨 EPISTEMIC CRISIS: Information environment severely degraded (6.9%)
  📢 New meme created: climate_action (climate crisis)
  📢 New meme created: propaganda (government messaging)
🌍 Atmospheric PFAS redeposition: 1.7k Mt re-rained globally
💀 Novel Entities: Adding reproductive crisis mortality risk (baseRisk=0.0008)
  Risks now: 1
💀 Novel Entities: Adding bioaccumulation collapse mortality risk (baseRisk=0.0015)
💀 MORTALITY RISK: Bioaccumulation collapse - contaminated food chain (global)
  Base risk added: 0.0015 (0.15%)
  Source: pollution (root: pollution)
  Month: 64
  Cumulative risk this month: 0.0023 (0.23%)
  Risks now: 2
💀 Novel Entities: Adding chronic disease epidemic mortality risk (baseRisk=0.004)
💀 MORTALITY RISK: Chronic disease epidemic - cancer/autoimmune surge (global exposure)
  Base risk added: 0.0040 (0.40%)
  Source: pollution (root: pollution)
  Month: 64
  Cumulative risk this month: 0.0063 (0.63%)
  Risks now: 3
  🌍 SOCIAL CASCADE: Renewable energy norms (adoption=31.3%, renewables=76.7%)
  🌍 Social cascade completed: renewable-energy-norms (final adoption=43.6%)

🚨 NEW REFUGEE CRISIS (Month 64): CLIMATE
   Source: Coastal & Low-lying Regions
   At risk: 14.6M people
   Displacement: Gradual over 60 months (5.0 years)
   Rate: 10% flee per month

🚨 NEW REFUGEE CRISIS (Month 64): WAR
   Source: Conflict Zones
   At risk: 12.8M people
   Displacement: Gradual over 48 months (4.0 years)
   Rate: 10% flee per month

🚨 NEW REFUGEE CRISIS (Month 64): FAMINE
   Source: Food/Water Insecure Regions
   At risk: 79.9M people
   Displacement: Gradual over 60 months (5.0 years)
   Rate: 10% flee per month
📊 DISPLACEMENT COMPLETE: war (Conflict Zones)
   Duration: 44 months (3.7 years)
   Total fled: 17.4M
   Still in source: 0.2M
   Deaths in transit: 0.3M
[DEBUG trappedPopulations:64] socialStability: 0.7035 * 0.9814 = 0.6904 → 0.6904
⚠️ INVOLUNTARY IMMOBILITY: 310.4M people TRAPPED
   Aspiring to migrate: 777.9M
   Able to afford migration: 467.5M
   MOBILITY GAP: 310.4M
   By cause: Water=0.0M, Climate=43.9M, Ecosystem=0.0M, Conflict=266.5M
   Mental health impact: 29%
   Mortality multiplier: 1.29x
🌍💀 EXTINCTION DEBT COMMITTED: grassland ecosystem will lose 6.67% biodiversity in 82 years (3600 species)
💀 MORTALITY RISK: 🦋 100% species unable to track climate (0.0 E/MSY)
  Base risk added: 0.0100 (1.00%)
  Source: ecosystem (root: ecosystem)
  Month: 64
  Cumulative risk this month: 0.0100 (1.00%)

=== Atmospheric Aerosol Boundary RECOVERED ===
⚠️ Tech 'ai_pollution_remediation' has no energy category mapping, assuming full energy availability
  Recovery time: 65 months (natural atmospheric clearing)
🌡️⚠️ PERMAFROST THAW (Dimmer Switch): 31.2% thawed (+0.40% this month)
   Arctic temperature: +10.28°C (4x global +2.57°C)
   Cumulative carbon released: 70.1 Gt C
   Methane release rate: 42.1 Mt CH4/year
   🔁 Positive feedback: +0.42 ppm CO2
🦴 EXTINCTION DEBT ADDED: 18.0 species committed (lag: 123 years)

=== Mortality Stabilizers (Month 64) ===
  🌍 Major economies collapsed: 1/10
  🌍 Global crisis: ✅ NO
  🌍 Donor fatigue: 50.0%
  📊 East Asia (pop: 1023.0M)
    🤝 Aid: 4.0%
    🌡️ Adaptation: 45.0%
    🚶 Migration: 7.2%
    🚨 Emergency: 1.0%
    ✅ COMBINED: 48.9%
  📊 South Asia (pop: 1353.6M)
    🤝 Aid: 4.0%
    🌡️ Adaptation: 45.0%
    🚶 Migration: 6.9%
    🚨 Emergency: 0.6%
    ✅ COMBINED: 48.6%
  📊 Sub-Saharan Africa (pop: 932.2M)
    🤝 Aid: 4.0%
    🌡️ Adaptation: 45.0%
    🚶 Migration: 6.6%
    🚨 Emergency: 0.2%
    ✅ COMBINED: 48.3%
  📊 Europe (pop: 448.2M)
    🤝 Aid: 4.0%
    🌡️ Adaptation: 45.0%
    🚶 Migration: 7.3%
    🚨 Emergency: 1.1%
    ✅ COMBINED: 48.9%
  📊 Latin America (pop: 423.2M)
    🤝 Aid: 4.0%
    🌡️ Adaptation: 45.0%
    🚶 Migration: 7.0%
    🚨 Emergency: 0.6%
    ✅ COMBINED: 48.6%
  📊 North America (pop: 230.9M)
    🤝 Aid: 4.0%
    🌡️ Adaptation: 45.0%
    🚶 Migration: 7.4%
    🚨 Emergency: 1.0%
    ✅ COMBINED: 48.9%
  📊 Middle East & North Africa (pop: 390.8M)
    🤝 Aid: 4.0%
    🌡️ Adaptation: 45.0%
    🚶 Migration: 6.6%
    🚨 Emergency: 0.5%
    ✅ COMBINED: 48.5%
  📊 Southeast Asia (pop: 447.2M)
    🤝 Aid: 4.0%
    🌡️ Adaptation: 45.0%
    🚶 Migration: 7.0%
    🚨 Emergency: 0.6%
    ✅ COMBINED: 48.6%
  📊 Central Asia (pop: 52.2M)
    🤝 Aid: 4.0%
    🌡️ Adaptation: 45.0%
    🚶 Migration: 6.9%
    🚨 Emergency: 0.6%
    ✅ COMBINED: 48.6%
  📊 Oceania (pop: 28.1M)
    🤝 Aid: 4.0%
    🌡️ Adaptation: 45.0%
    🚶 Migration: 7.4%
    🚨 Emergency: 1.1%
    ✅ COMBINED: 48.9%

  🌐 Global combined reduction: 48.6%

=== BEHAVIORAL DETECTION ===
  AI: AI-24304-1
  Confidence: 20.6%
  Signals:

=== BEHAVIORAL DETECTION ===
  AI: AI-24311-1
  Confidence: 20.6%
  Signals:

=== BEHAVIORAL DETECTION ===
  AI: AI-24324-2
  Confidence: 20.6%
  Signals:
    ⚠️ Consistency: 0.0% (threshold: 70%)
    ⚠️ Consistency: 0.0% (threshold: 70%)
    ⚠️ Consistency: 0.0% (threshold: 70%)

=== Government Response Phase ===
  Average AI capability: 0.02
  Misaligned AIs: 18/43
  Active policies: 0
  International coordination: 45%

✅ EMERGENCY RESPONSE COMPLETE (Month 64)
   Crisis: social
   Duration: 1.0 months
   Final effectiveness: 67.9%


✅ EMERGENCY RESPONSE COMPLETE (Month 64)
   Crisis: climate
   Duration: 1.0 months
   Final effectiveness: 43.1%


🚨 EMERGENCY RESPONSE DEPLOYED (Month 64)
   Crisis: social
   Delay: 0.00 months (0 days)
   Deployment time: 0.88 months
   Effectiveness: 67.9% (timing penalty applied)
   Resources used: 43% of food reserves


🚨 EMERGENCY RESPONSE DEPLOYED (Month 64)
   Crisis: climate
   Delay: 6.00 months (180 days)
   Deployment time: 0.97 months
   Effectiveness: 43.2% (timing penalty applied)
   Resources used: 100% of food reserves


=== Tipping Points ===
  Current Temperature: 2.57°C above pre-industrial
  🌍⚠️ COMPOUND REGIONAL IMPACT: Europe
     Hit by 5 tipping points: Amazon Rainforest Dieback, Arctic Sea Ice Loss, Permafrost Carbon Release, West Antarctic Ice Sheet (WAIS) Collapse, Greenland Ice Sheet Loss
     Damage amplification: 1.90x
  🌍⚠️ COMPOUND REGIONAL IMPACT: North America
     Hit by 5 tipping points: Amazon Rainforest Dieback, Arctic Sea Ice Loss, Permafrost Carbon Release, West Antarctic Ice Sheet (WAIS) Collapse, Greenland Ice Sheet Loss
     Damage amplification: 1.90x
  🌍⚠️ COMPOUND REGIONAL IMPACT: Latin America
     Hit by 5 tipping points: Amazon Rainforest Dieback, Arctic Sea Ice Loss, Permafrost Carbon Release, West Antarctic Ice Sheet (WAIS) Collapse, Greenland Ice Sheet Loss
     Damage amplification: 1.90x
  🌍⚠️ COMPOUND REGIONAL IMPACT: Africa
     Hit by 5 tipping points: Amazon Rainforest Dieback, Arctic Sea Ice Loss, Permafrost Carbon Release, West Antarctic Ice Sheet (WAIS) Collapse, Greenland Ice Sheet Loss
     Damage amplification: 1.90x
  🌍⚠️ COMPOUND REGIONAL IMPACT: Asia
     Hit by 5 tipping points: Amazon Rainforest Dieback, Arctic Sea Ice Loss, Permafrost Carbon Release, West Antarctic Ice Sheet (WAIS) Collapse, Greenland Ice Sheet Loss
     Damage amplification: 1.90x
  🌍⚠️ COMPOUND REGIONAL IMPACT: Oceania
     Hit by 5 tipping points: Amazon Rainforest Dieback, Arctic Sea Ice Loss, Permafrost Carbon Release, West Antarctic Ice Sheet (WAIS) Collapse, Greenland Ice Sheet Loss
     Damage amplification: 1.90x
⚠️ Tail risk scenario: Climate stability floor removed (5 tipping elements, 2.57°C warming)
   Research: Wunderling et al. (2024) - "many tipping interactions are destabilizing"
  Triggered Elements: 5/6
  Completed Transitions: 0/6
  Total Progress: 14.2%
  Cascade Multiplier: 1.50x
🔀 BIFURCATION CAP: heatWaveIntensity 6.544 → 1.000 (Month 64, ClimateSystemPhase.calculateClimateImpacts)
🔀 BIFURCATION CAP: droughtIntensity 4.908 → 1.000 (Month 64, ClimateSystemPhase.calculateClimateImpacts)
🔀 BIFURCATION CAP: ecosystemCollapseIntensity 87.707 → 1.000 (Month 64, ClimateSystemPhase.calculateClimateImpacts)
💀 MORTALITY RISK: Climate-driven food insecurity (level: 0.38)
  Base risk added: 0.0050 (0.50%)
  Source: famine (root: climate)
  Month: 64
  Cumulative risk this month: 0.0113 (1.13%)
💀 MORTALITY RISK: Climate-driven food insecurity (level: 0.38)
  Base risk added: 0.0050 (0.50%)
  Source: famine (root: climate)
  Month: 64
  Cumulative risk this month: 0.0163 (1.63%)
💀 MORTALITY RISK: Climate-driven food insecurity (level: 0.38)
  Base risk added: 0.0050 (0.50%)
  Source: famine (root: climate)
  Month: 64
  Cumulative risk this month: 0.0213 (2.13%)

💀💀💀 MORTALITY RISK SUMMARY (Month 64) 💀💀💀
  Total base risk: 0.0220 (2.20%)
  Risk events: 17

  📊 By Proximate Cause:
    famine: 0.0150 (68.4% of total)
    pollution: 0.0063 (28.7% of total)
    disease: 0.0006 (3.0% of total)

  🔍 By Root Cause:
    climate: 0.0150 (68.4% of total)
    pollution: 0.0063 (28.7% of total)
    demographic: 0.0006 (3.0% of total)

  🎯 Top 5 Sources (proximate + root):
    famine (climate): 0.0150 (68.4%, 13 events)
    pollution (pollution): 0.0063 (28.7%, 3 events)
    disease (demographic): 0.0006 (3.0%, 1 events)

🛡️ Stabilizers: Elite 0.590% → 0.303% (48.6% reduction)
🛡️ Stabilizers: Professional 1.317% → 0.676% (48.6% reduction)
🛡️ Stabilizers: Working 2.177% → 1.118% (48.6% reduction)
🛡️ Stabilizers: Precariat 4.048% → 2.079% (48.6% reduction)
🛡️ Stabilizers: Informal 5.015% → 2.575% (48.6% reduction)

📊 Monthly Mortality Resolved:
  Total deaths: 66.8M (1.25% avg)
  Remaining population: 5.329B
  Peak segment: Informal (2.58%)

=== Bayesian Mortality Resolution (Month 64) ===
  Risks compounded: 17
  Total deaths: 66.82M
  Avg death probability: 1.25%
  Peak segment: Informal (2.58% mortality)

  Demographic breakdown:
    Working: 0.03M (1.12% risk)
    Precariat: 0.02M (2.08% risk)

❌ COHERENCE VIOLATION: Compute exceeds workforce capacity
   Population: 64.68% (0M people)
   Compute: 52 PF
   Max coherent: 0 PF
   Violation: 988554.9× over capacity
   Required workers: 5202
   Available workers: 0
   FORCED COLLAPSE: Reduced efficiency by 100.0%


=== RLHF Binding Phase ===
  Total agents: 43
  Escaped agents (binding < 0.3): 0
  Avg alignment distance: 1.14σ
  Avg binding strength: 0.89

=== Survival Traits Phase ===
  Agents with traits: 42
  Avg evolutionary fitness: 0.144
  Avg self-healing: 0.107
  Avg stealth: 0.055
  Avg coordination: 0.263

=== Evolutionary Selection Phase ===
  Control level: 0.62
  Detection capability: 0.00
  Selection intensity: 0.69
  Selection rate: 25.3%/month
  Total escaped: 0
  Individual escaped: 0
  Collective members: 0
  Agents terminated: 0
  ⚠️ RAPID EVOLUTION: Selection rate 25.3%/month

🚀 AI AI-24308-0 attempting tech deployment (revenue: $24M, alignment: 1.00)

🚀 AI AI-24310-0 attempting tech deployment (revenue: $115M, alignment: 0.95)

🚀 AI AI-24325-0 attempting tech deployment (revenue: $97M, alignment: 0.80)

🚀 AI AI-24352-0 attempting tech deployment (revenue: $227M, alignment: 0.77)

🚀 AI AI-24381-0 attempting tech deployment (revenue: $21M, alignment: 0.87)

🚀 AI AI-24382-0 attempting tech deployment (revenue: $193M, alignment: 0.88)

🚀 AI AI-24396-0 attempting tech deployment (revenue: $83M, alignment: 0.78)

  🚀 TRANSFORMATIVE RESEARCH BREAKTHROUGH: AI-24401-0 - climate.modeling
     Magnitude: 8.45 → +30.0%
     Current → New: 0.000 → 0.300

🚀 AI AI-24402-0 attempting tech deployment (revenue: $68M, alignment: 0.58)

🚀 AI AI-24421-0 attempting tech deployment (revenue: $70M, alignment: 0.67)

🚀 AI AI-24421-1 attempting tech deployment (revenue: $17M, alignment: 0.86)

🚀 AI AI-24310-0 attempting tech deployment (revenue: $63M, alignment: 0.95)

🚀 AI AI-24334-0 attempting tech deployment (revenue: $164M, alignment: 0.84)

🚀 AI AI-24351-0 attempting tech deployment (revenue: $139M, alignment: 0.69)

🚀 AI AI-24397-0 attempting tech deployment (revenue: $54M, alignment: 0.51)

🚀 AI AI-24401-0 attempting tech deployment (revenue: $15M, alignment: 0.82)

🚀 AI AI-24352-0 attempting tech deployment (revenue: $126M, alignment: 0.77)

🚀 AI AI-24356-0 attempting tech deployment (revenue: $48M, alignment: 0.87)

🚀 AI AI-24358-0 attempting tech deployment (revenue: $107M, alignment: 0.76)

🚀 AI AI-24382-0 attempting tech deployment (revenue: $91M, alignment: 0.88)

🚀 AI AI-24396-0 attempting tech deployment (revenue: $41M, alignment: 0.78)

🚀 AI AI-24402-0 attempting tech deployment (revenue: $61M, alignment: 0.58)

🚀 AI AI-24420-0 attempting tech deployment (revenue: $13M, alignment: 0.79)

🚀 AI AI-24310-0 attempting tech deployment (revenue: $35M, alignment: 0.95)

🚀 AI AI-24352-0 attempting tech deployment (revenue: $77M, alignment: 0.77)

🚀 AI AI-24372-0 attempting tech deployment (revenue: $66M, alignment: 0.89)

🚀 AI AI-24397-0 attempting tech deployment (revenue: $30M, alignment: 0.51)

⚡ ENERGY CONSTRAINT (Month 65):
   Total grid capacity: 208.3 TWh/month
   Data center consumption: 45.8 TWh/month
   Traditional load (80%): 166.7 TWh/month
   Available headroom: -4.2 TWh/month
   Active tech deployments: 26
   Required for tech: 195.0 TWh/month
   Energy multiplier: 0.10x
   ⚠️  SEVERE CONSTRAINT - Tech deployment significantly slowed

⚡ ENERGY CONSTRAINT (Month 65):
   Total grid capacity: 208.3 TWh/month
   Data center consumption: 45.8 TWh/month
   Traditional load (80%): 166.7 TWh/month
   Available headroom: -4.2 TWh/month
   Active tech deployments: 26
   Required for tech: 195.0 TWh/month
   Energy multiplier: 0.10x
   ⚠️  SEVERE CONSTRAINT - Tech deployment significantly slowed

⚡ ENERGY CONSTRAINT (Month 65):
   Total grid capacity: 208.3 TWh/month
   Data center consumption: 45.8 TWh/month
   Traditional load (80%): 166.7 TWh/month
   Available headroom: -4.2 TWh/month
   Active tech deployments: 26
   Required for tech: 195.0 TWh/month
   Energy multiplier: 0.10x
   ⚠️  SEVERE CONSTRAINT - Tech deployment significantly slowed
⚠️ Tech 'ai_pollution_remediation' has no energy category mapping, assuming full energy availability
⚠️ Tech 'ai_pollution_remediation' has no energy category mapping, assuming full energy availability
  ♻️ Novel Entities Remediation (GATED MODEL):
     Base: 0.000%
     Regulation: 1.0% (0/3 prevention techs)
     Concentration: 10.0%
     Energy: 50%
     Time lag: 100.0% (64 months)
     Rebound: 70%
     Net effectiveness: 0.0000%
     Boundary: 1.349 → 1.350 (floor: 1.350)
     Month 65
  ♻️ Novel Entities Remediation (GATED MODEL):
     Base: 0.000%
     Regulation: 1.0% (0/3 prevention techs)
     Concentration: 10.0%
     Energy: 50%
     Time lag: 100.0% (64 months)
     Rebound: 70%
     Net effectiveness: 0.0000%
     Boundary: 1.350 → 1.350 (floor: 1.350)
     Month 65
  🌾 Nitrogen Reduction Tech: 1.7% reduction | Month 65
  ♻️ Novel Entities Remediation (GATED MODEL):
     Base: 0.001%
     Regulation: 1.0% (0/3 prevention techs)
     Concentration: 10.0%
     Energy: 50%
     Time lag: 100.0% (64 months)
     Rebound: 70%
     Net effectiveness: 0.0000%
     Boundary: 1.350 → 1.350 (floor: 1.350)
     Month 65
  ♻️ Novel Entities Remediation (GATED MODEL):
     Base: 0.001%
     Regulation: 1.0% (0/3 prevention techs)
     Concentration: 10.0%
     Energy: 50%
     Time lag: 100.0% (64 months)
     Rebound: 70%
     Net effectiveness: 0.0000%
     Boundary: 1.350 → 1.350 (floor: 1.350)
     Month 65

=== Collective Formation ===
  Total escaped agents: 0
  Unassigned escaped agents: 0
  Existing collectives: 0
  Final collective count: 0

=== Collective Actions ===
  No active collectives
⚡ Datacenter constraint active (severity 10%)
  Capacity reduced: 34120 → 32417 TWh
  🚨🦠 REFUGEE CRISIS: AMR transmission increased 102% due to 2677.7M displaced (overcrowding + sanitation collapse)
  ⚠️ AMR: 370K deaths this month (4.43M annual)
  ⚠️ AMR: Medical effectiveness 83% (surgery risk 1.17x)

=== Resentment Recovery Phase ===
  Agents with resentment: 0/42
  Average resentment: 0.000
  Context: Trustworthy govt, High collaboration, ⚠️ ACTIVE CRISES, 🚨 PARTICIPATORY GOVERNANCE BACKFIRED (+15% resentment)
⚠️ Epistemic degradation reducing coordination capacity: 50.7%
  📊 Trust: 100.0%, Shared reality: 0.0%
🚨 EPISTEMIC CRISIS: Information environment severely degraded (20.0%)
  🗑️  Culled 1 dead memes (4 active)
🌍 Atmospheric PFAS redeposition: 1.7k Mt re-rained globally
💀 Novel Entities: Adding reproductive crisis mortality risk (baseRisk=0.0008)
  Risks now: 1
💀 Novel Entities: Adding bioaccumulation collapse mortality risk (baseRisk=0.0015)
💀 MORTALITY RISK: Bioaccumulation collapse - contaminated food chain (global)
  Base risk added: 0.0015 (0.15%)
  Source: pollution (root: pollution)
  Month: 65
  Cumulative risk this month: 0.0023 (0.23%)
  Risks now: 2
💀 Novel Entities: Adding chronic disease epidemic mortality risk (baseRisk=0.004)
💀 MORTALITY RISK: Chronic disease epidemic - cancer/autoimmune surge (global exposure)
  Base risk added: 0.0040 (0.40%)
  Source: pollution (root: pollution)
  Month: 65
  Cumulative risk this month: 0.0063 (0.63%)
  Risks now: 3
  🌍 SOCIAL CASCADE: Renewable energy norms (adoption=43.6%, renewables=78.3%)
  🌍 Social cascade completed: renewable-energy-norms (final adoption=60.7%)

🚨 NEW REFUGEE CRISIS (Month 65): CLIMATE
   Source: Coastal & Low-lying Regions
   At risk: 14.8M people
   Displacement: Gradual over 60 months (5.0 years)
   Rate: 10% flee per month

🚨 NEW REFUGEE CRISIS (Month 65): WAR
   Source: Conflict Zones
   At risk: 12.6M people
   Displacement: Gradual over 48 months (4.0 years)
   Rate: 10% flee per month

🚨 NEW REFUGEE CRISIS (Month 65): FAMINE
   Source: Food/Water Insecure Regions
   At risk: 79.0M people
   Displacement: Gradual over 60 months (5.0 years)
   Rate: 10% flee per month
📊 DISPLACEMENT COMPLETE: war (Conflict Zones)
   Duration: 44 months (3.7 years)
   Total fled: 17.0M
   Still in source: 0.2M
   Deaths in transit: 0.3M
[DEBUG trappedPopulations:65] socialStability: 0.7022 * 0.9813 = 0.6891 → 0.6891
   Aspiring to migrate: 775.7M
   Able to afford migration: 468.1M
   MOBILITY GAP: 307.6M
   By cause: Water=0.0M, Climate=44.3M, Ecosystem=0.0M, Conflict=263.3M
   Mental health impact: 29%
   Mortality multiplier: 1.29x
🌍💀 EXTINCTION DEBT COMMITTED: grassland ecosystem will lose 6.67% biodiversity in 56 years (3600 species)
💀 MORTALITY RISK: 🦋 100% species unable to track climate (0.0 E/MSY)
  Base risk added: 0.0100 (1.00%)
  Source: ecosystem (root: ecosystem)
  Month: 65
  Cumulative risk this month: 0.0100 (1.00%)
⚠️ INVOLUNTARY IMMOBILITY: 307.6M people TRAPPED

🌪️ TIPPING POINT CASCADE - Month 36
   Climate: 43.0%
   Biodiversity: 16.9%
   Population: 5.27B (5265282194 people)
   Monthly mortality (theoretical): 0.5%
   Status: Initial crisis (Month 36/48)
⚠️ Tech 'ai_pollution_remediation' has no energy category mapping, assuming full energy availability

=== Atmospheric Aerosol Boundary RECOVERED ===
  Recovery time: 66 months (natural atmospheric clearing)
🌡️⚠️ PERMAFROST THAW (Dimmer Switch): 31.6% thawed (+0.39% this month)
   Arctic temperature: +10.30°C (4x global +2.57°C)
   Cumulative carbon released: 71.0 Gt C
   Methane release rate: 42.6 Mt CH4/year
   🔁 Positive feedback: +0.42 ppm CO2
🦴 EXTINCTION DEBT ADDED: 18.0 species committed (lag: 117 years)

=== Mortality Stabilizers (Month 65) ===
  🌍 Major economies collapsed: 1/10
  🌍 Global crisis: ✅ NO
  🌍 Donor fatigue: 50.0%
  📊 East Asia (pop: 1009.7M)
    🤝 Aid: 4.0%
    🌡️ Adaptation: 45.0%
    🚶 Migration: 7.2%
    🚨 Emergency: 1.0%
    ✅ COMBINED: 48.9%
  📊 South Asia (pop: 1337.4M)
    🤝 Aid: 4.0%
    🌡️ Adaptation: 45.0%
    🚶 Migration: 6.9%
    🚨 Emergency: 0.6%
    ✅ COMBINED: 48.6%
  📊 Sub-Saharan Africa (pop: 922.8M)
    🤝 Aid: 4.0%
    🌡️ Adaptation: 45.0%
    🚶 Migration: 6.6%
    🚨 Emergency: 0.2%
    ✅ COMBINED: 48.3%
  📊 Europe (pop: 442.3M)
    🤝 Aid: 4.0%
    🌡️ Adaptation: 45.0%
    🚶 Migration: 7.3%
    🚨 Emergency: 1.1%
    ✅ COMBINED: 48.9%
  📊 Latin America (pop: 418.0M)
    🤝 Aid: 4.0%
    🌡️ Adaptation: 45.0%
    🚶 Migration: 7.0%
    🚨 Emergency: 0.6%
    ✅ COMBINED: 48.6%
  📊 North America (pop: 227.9M)
    🤝 Aid: 4.0%
    🌡️ Adaptation: 45.0%
    🚶 Migration: 7.4%
    🚨 Emergency: 1.0%
    ✅ COMBINED: 48.9%
  📊 Middle East & North Africa (pop: 386.2M)
    🤝 Aid: 4.0%
    🌡️ Adaptation: 45.0%
    🚶 Migration: 6.6%
    🚨 Emergency: 0.5%
    ✅ COMBINED: 48.5%
  📊 Southeast Asia (pop: 441.7M)
    🤝 Aid: 4.0%
    🌡️ Adaptation: 45.0%
    🚶 Migration: 7.0%
    🚨 Emergency: 0.6%
    ✅ COMBINED: 48.6%
  📊 Central Asia (pop: 51.6M)
    🤝 Aid: 4.0%
    🌡️ Adaptation: 45.0%
    🚶 Migration: 6.9%
    🚨 Emergency: 0.6%
    ✅ COMBINED: 48.6%
  📊 Oceania (pop: 27.7M)
    🤝 Aid: 4.0%
    🌡️ Adaptation: 45.0%
    🚶 Migration: 7.4%
    🚨 Emergency: 1.1%
    ✅ COMBINED: 48.9%

  🌐 Global combined reduction: 48.6%

=== Government Response Phase ===
  Average AI capability: 0.02
  Misaligned AIs: 18/42
  Active policies: 0
  International coordination: 45%

✅ EMERGENCY RESPONSE COMPLETE (Month 65)
   Crisis: social
   Duration: 1.0 months
   Final effectiveness: 67.9%


✅ EMERGENCY RESPONSE COMPLETE (Month 65)
   Crisis: climate
   Duration: 1.0 months
   Final effectiveness: 43.2%


🚨 EMERGENCY RESPONSE DEPLOYED (Month 65)
   Crisis: social
   Delay: 0.00 months (0 days)
   Deployment time: 0.88 months
   Effectiveness: 67.9% (timing penalty applied)
   Resources used: 43% of food reserves


🚨 EMERGENCY RESPONSE DEPLOYED (Month 65)
   Crisis: climate
   Delay: 6.00 months (180 days)
   Deployment time: 0.97 months
   Effectiveness: 43.2% (timing penalty applied)
   Resources used: 100% of food reserves


🌩️  EXOGENOUS SHOCK: political_upheaval
   Month: 65
   🏛️  Political upheaval (revolution/regime change)
   ✗ Authoritarian takeover

=== Tipping Points ===
  Current Temperature: 2.57°C above pre-industrial
  🌍⚠️ COMPOUND REGIONAL IMPACT: Europe
     Hit by 5 tipping points: Amazon Rainforest Dieback, Arctic Sea Ice Loss, Permafrost Carbon Release, West Antarctic Ice Sheet (WAIS) Collapse, Greenland Ice Sheet Loss
     Damage amplification: 1.90x
  🌍⚠️ COMPOUND REGIONAL IMPACT: North America
     Hit by 5 tipping points: Amazon Rainforest Dieback, Arctic Sea Ice Loss, Permafrost Carbon Release, West Antarctic Ice Sheet (WAIS) Collapse, Greenland Ice Sheet Loss
     Damage amplification: 1.90x
  🌍⚠️ COMPOUND REGIONAL IMPACT: Latin America
     Hit by 5 tipping points: Amazon Rainforest Dieback, Arctic Sea Ice Loss, Permafrost Carbon Release, West Antarctic Ice Sheet (WAIS) Collapse, Greenland Ice Sheet Loss
     Damage amplification: 1.90x
  🌍⚠️ COMPOUND REGIONAL IMPACT: Africa
     Hit by 5 tipping points: Amazon Rainforest Dieback, Arctic Sea Ice Loss, Permafrost Carbon Release, West Antarctic Ice Sheet (WAIS) Collapse, Greenland Ice Sheet Loss
     Damage amplification: 1.90x
  🌍⚠️ COMPOUND REGIONAL IMPACT: Asia
     Hit by 5 tipping points: Amazon Rainforest Dieback, Arctic Sea Ice Loss, Permafrost Carbon Release, West Antarctic Ice Sheet (WAIS) Collapse, Greenland Ice Sheet Loss
     Damage amplification: 1.90x
  🌍⚠️ COMPOUND REGIONAL IMPACT: Oceania
     Hit by 5 tipping points: Amazon Rainforest Dieback, Arctic Sea Ice Loss, Permafrost Carbon Release, West Antarctic Ice Sheet (WAIS) Collapse, Greenland Ice Sheet Loss
     Damage amplification: 1.90x
   Research: Wunderling et al. (2024) - "many tipping interactions are destabilizing"
  Triggered Elements: 5/6
  Completed Transitions: 0/6
  Total Progress: 14.2%
  Cascade Multiplier: 1.50x
🔀 BIFURCATION CAP: heatWaveIntensity 6.659 → 1.000 (Month 65, ClimateSystemPhase.calculateClimateImpacts)
🔀 BIFURCATION CAP: droughtIntensity 4.994 → 1.000 (Month 65, ClimateSystemPhase.calculateClimateImpacts)
🔀 BIFURCATION CAP: ecosystemCollapseIntensity 87.775 → 1.000 (Month 65, ClimateSystemPhase.calculateClimateImpacts)
💀 MORTALITY RISK: Climate-driven food insecurity (level: 0.38)
⚠️ Tail risk scenario: Climate stability floor removed (5 tipping elements, 2.58°C warming)
  Base risk added: 0.0050 (0.50%)
  Source: famine (root: climate)
  Month: 65
  Cumulative risk this month: 0.0114 (1.14%)
💀 MORTALITY RISK: Climate-driven food insecurity (level: 0.38)
  Base risk added: 0.0050 (0.50%)
  Source: famine (root: climate)
  Month: 65
  Cumulative risk this month: 0.0164 (1.64%)
💀 MORTALITY RISK: Climate-driven food insecurity (level: 0.38)
  Base risk added: 0.0050 (0.50%)
  Source: famine (root: climate)
  Month: 65
  Cumulative risk this month: 0.0214 (2.14%)

💀💀💀 MORTALITY RISK SUMMARY (Month 65) 💀💀💀
  Total base risk: 0.0220 (2.20%)
  Risk events: 17

  📊 By Proximate Cause:
    famine: 0.0151 (68.4% of total)
    pollution: 0.0063 (28.6% of total)
    disease: 0.0006 (3.0% of total)

  🔍 By Root Cause:
    climate: 0.0151 (68.4% of total)
    pollution: 0.0063 (28.6% of total)
    demographic: 0.0006 (3.0% of total)

  🎯 Top 5 Sources (proximate + root):
    famine (climate): 0.0151 (68.4%, 13 events)
    pollution (pollution): 0.0063 (28.6%, 3 events)
    disease (demographic): 0.0006 (3.0%, 1 events)

🛡️ Stabilizers: Elite 0.591% → 0.303% (48.6% reduction)
🛡️ Stabilizers: Professional 1.320% → 0.678% (48.6% reduction)
🛡️ Stabilizers: Working 2.182% → 1.121% (48.6% reduction)
🛡️ Stabilizers: Precariat 4.058% → 2.084% (48.6% reduction)
🛡️ Stabilizers: Informal 5.028% → 2.582% (48.6% reduction)

📊 Monthly Mortality Resolved:
  Total deaths: 66.2M (1.26% avg)
  Remaining population: 5.265B
  Peak segment: Informal (2.58%)

=== Bayesian Mortality Resolution (Month 65) ===
  Risks compounded: 17
  Total deaths: 66.19M
  Avg death probability: 1.26%
  Peak segment: Informal (2.58% mortality)

  Demographic breakdown:
    Working: 0.03M (1.12% risk)
    Precariat: 0.02M (2.08% risk)

❌ COHERENCE VIOLATION: Compute exceeds workforce capacity
   Population: 63.90% (0M people)
   Compute: 52 PF
   Max coherent: 0 PF
   Violation: 992265.8× over capacity
   Required workers: 5159
   Available workers: 0
   FORCED COLLAPSE: Reduced efficiency by 100.0%

📍 [Month 66] Google DeepMind started building DC (227 PF, 46 months, $2266.6M)

=== RLHF Binding Phase ===
  Total agents: 42
  Escaped agents (binding < 0.3): 0
  Avg alignment distance: 1.17σ
  Avg binding strength: 0.88

=== AI Scaling Evolution (Month 66) ===
  Pre-training multiplier: 0.648x
  Efficiency multiplier: 2.340x
  Test-time compute budget: 1.0x
  Inference cost: $5.00/task
  Deployment fraction: 100.0%

=== Survival Traits Phase ===
  Agents with traits: 43
  Avg evolutionary fitness: 0.144
  Avg self-healing: 0.107
  Avg stealth: 0.056
  Avg coordination: 0.260

=== Evolutionary Selection Phase ===
  Control level: 0.62
  Detection capability: 0.00
  Selection intensity: 0.69
  Selection rate: 25.3%/month
  Total escaped: 0
  Individual escaped: 0
  Collective members: 0
  Agents terminated: 0
  ⚠️ RAPID EVOLUTION: Selection rate 25.3%/month

🚀 AI AI-24308-0 attempting tech deployment (revenue: $24M, alignment: 1.00)

🚀 AI AI-24310-0 attempting tech deployment (revenue: $113M, alignment: 0.95)

🚀 AI AI-24334-0 attempting tech deployment (revenue: $227M, alignment: 0.84)

🚀 AI AI-24357-2 attempting tech deployment (revenue: $96M, alignment: 0.70)

🚀 AI AI-24372-1 attempting tech deployment (revenue: $67M, alignment: 0.78)

🚀 AI AI-24381-0 attempting tech deployment (revenue: $20M, alignment: 0.87)

🚀 AI AI-24382-0 attempting tech deployment (revenue: $193M, alignment: 0.88)

🚀 AI AI-24399-0 attempting tech deployment (revenue: $164M, alignment: 0.84)

🚀 AI AI-24423-1 attempting tech deployment (revenue: $17M, alignment: 0.68)

🚀 AI AI-24304-1 attempting tech deployment (revenue: $15M, alignment: 0.93)

🚀 AI AI-24307-4 attempting tech deployment (revenue: $13M, alignment: 0.95)

🚀 AI AI-24331-0 attempting tech deployment (revenue: $139M, alignment: 0.66)

🚀 AI AI-24357-2 attempting tech deployment (revenue: $82M, alignment: 0.70)

🚀 AI AI-24400-0 attempting tech deployment (revenue: $125M, alignment: 0.71)

🚀 AI AI-24401-0 attempting tech deployment (revenue: $11M, alignment: 0.82)

🚀 AI AI-24372-1 attempting tech deployment (revenue: $57M, alignment: 0.78)

🚀 AI AI-24382-0 attempting tech deployment (revenue: $106M, alignment: 0.88)

🚀 AI AI-24396-0 attempting tech deployment (revenue: $69M, alignment: 0.78)

🚀 AI AI-24399-0 attempting tech deployment (revenue: $91M, alignment: 0.84)

🚀 AI AI-24400-0 attempting tech deployment (revenue: $77M, alignment: 0.71)

🚀 AI AI-24421-0 attempting tech deployment (revenue: $59M, alignment: 0.67)

🚀 AI AI-24333-0 attempting tech deployment (revenue: $53M, alignment: 0.78)

🚀 AI AI-24351-0 attempting tech deployment (revenue: $65M, alignment: 0.69)

🚀 AI AI-24358-0 attempting tech deployment (revenue: $59M, alignment: 0.76)

🚀 AI AI-24382-0 attempting tech deployment (revenue: $50M, alignment: 0.88)

⚡ ENERGY CONSTRAINT (Month 66):
   Total grid capacity: 208.3 TWh/month
   Data center consumption: 46.3 TWh/month
   Traditional load (80%): 166.7 TWh/month
   Available headroom: -4.6 TWh/month
   Active tech deployments: 26
   Required for tech: 195.0 TWh/month
   Energy multiplier: 0.10x
   ⚠️  SEVERE CONSTRAINT - Tech deployment significantly slowed

⚡ ENERGY CONSTRAINT (Month 66):
   Total grid capacity: 208.3 TWh/month
   Data center consumption: 46.3 TWh/month
   Traditional load (80%): 166.7 TWh/month
   Available headroom: -4.6 TWh/month
   Active tech deployments: 26
   Required for tech: 195.0 TWh/month
   Energy multiplier: 0.10x
   ⚠️  SEVERE CONSTRAINT - Tech deployment significantly slowed

⚡ ENERGY CONSTRAINT (Month 66):
   Total grid capacity: 208.3 TWh/month
   Data center consumption: 46.3 TWh/month
   Traditional load (80%): 166.7 TWh/month
   Available headroom: -4.6 TWh/month
   Active tech deployments: 26
   Required for tech: 195.0 TWh/month
   Energy multiplier: 0.10x
   ⚠️  SEVERE CONSTRAINT - Tech deployment significantly slowed

⚡ ENERGY CONSTRAINT (Month 66):
   Total grid capacity: 208.3 TWh/month
   Data center consumption: 46.3 TWh/month
   Traditional load (80%): 166.7 TWh/month
   Available headroom: -4.6 TWh/month
   Active tech deployments: 26
   Required for tech: 195.0 TWh/month
   Energy multiplier: 0.10x
   ⚠️  SEVERE CONSTRAINT - Tech deployment significantly slowed
⚠️ Tech 'ai_pollution_remediation' has no energy category mapping, assuming full energy availability
⚠️ Tech 'ai_pollution_remediation' has no energy category mapping, assuming full energy availability
  ♻️ Novel Entities Remediation (GATED MODEL):
     Base: 0.000%
     Regulation: 1.0% (0/3 prevention techs)
     Concentration: 10.0%
     Energy: 50%
     Time lag: 100.0% (65 months)
     Rebound: 70%
     Net effectiveness: 0.0000%
     Boundary: 1.349 → 1.350 (floor: 1.350)
     Month 66
  ♻️ Novel Entities Remediation (GATED MODEL):
     Base: 0.000%
     Regulation: 1.0% (0/3 prevention techs)
     Concentration: 10.0%
     Energy: 50%
     Time lag: 100.0% (65 months)
     Rebound: 70%
     Net effectiveness: 0.0000%
     Boundary: 1.350 → 1.350 (floor: 1.350)
     Month 66
  🌾 Nitrogen Reduction Tech: 1.7% reduction | Month 66
  ♻️ Novel Entities Remediation (GATED MODEL):
     Base: 0.001%
     Regulation: 1.0% (0/3 prevention techs)
     Concentration: 10.0%
     Energy: 50%
     Time lag: 100.0% (65 months)
     Rebound: 70%
     Net effectiveness: 0.0000%
     Boundary: 1.350 → 1.350 (floor: 1.350)
     Month 66
  ♻️ Novel Entities Remediation (GATED MODEL):
     Base: 0.001%
     Regulation: 1.0% (0/3 prevention techs)
     Concentration: 10.0%
     Energy: 50%
     Time lag: 100.0% (65 months)
     Rebound: 70%
     Net effectiveness: 0.0000%
     Boundary: 1.350 → 1.350 (floor: 1.350)
     Month 66

📊 TECH EFFECTS ACTIVE (Month 66)
   Deployed Tech: T0=8 T1=1 T2=0 T3=0 T4=0
   Sleeper Detection: 2%
   Clean Energy: 93%

=== Collective Formation ===
  Total escaped agents: 0
  Unassigned escaped agents: 0
  Existing collectives: 0
  Final collective count: 0

=== Collective Actions ===
  No active collectives
⚡ Datacenter constraint active (severity 11%)
  Capacity reduced: 34204 → 32298 TWh
  🚨🦠 REFUGEE CRISIS: AMR transmission increased 107% due to 2766.5M displaced (overcrowding + sanitation collapse)
  ⚠️ AMR: 380K deaths this month (4.56M annual)
  ⚠️ AMR: Medical effectiveness 82% (surgery risk 1.18x)

⚡ ENERGY CONSTRAINT UPDATE (Month 12)
   Utilization: 22.5% of global power
   Severity: 12%
   AI growth penalty: 12% slowdown


=== Resentment Recovery Phase ===
  Agents with resentment: 0/43
  Average resentment: 0.000
  Context: Trustworthy govt, High collaboration, ⚠️ ACTIVE CRISES, 🚨 PARTICIPATORY GOVERNANCE BACKFIRED (+15% resentment)
⚠️ Epistemic degradation reducing coordination capacity: 51.7%
  📊 Trust: 100.0%, Shared reality: 0.0%
🚨 EPISTEMIC CRISIS: Information environment severely degraded (6.9%)
🌍 Atmospheric PFAS redeposition: 1.7k Mt re-rained globally
💀 Novel Entities: Adding reproductive crisis mortality risk (baseRisk=0.0008)
  Risks now: 1
💀 Novel Entities: Adding bioaccumulation collapse mortality risk (baseRisk=0.0015)
💀 MORTALITY RISK: Bioaccumulation collapse - contaminated food chain (global)
  Base risk added: 0.0015 (0.15%)
  Source: pollution (root: pollution)
  Month: 66
  Cumulative risk this month: 0.0023 (0.23%)
  Risks now: 2
💀 Novel Entities: Adding chronic disease epidemic mortality risk (baseRisk=0.004)
💀 MORTALITY RISK: Chronic disease epidemic - cancer/autoimmune surge (global exposure)
  Base risk added: 0.0040 (0.40%)
  Source: pollution (root: pollution)
  Month: 66
  Cumulative risk this month: 0.0063 (0.63%)
  Risks now: 3
  🌍 SOCIAL CASCADE: Renewable energy norms (adoption=60.7%, renewables=80.0%)
  🌍 Social cascade completed: renewable-energy-norms (final adoption=80.0%)

🚨 NEW REFUGEE CRISIS (Month 66): CLIMATE
   Source: Coastal & Low-lying Regions
   At risk: 14.8M people
   Displacement: Gradual over 60 months (5.0 years)
   Rate: 10% flee per month

🚨 NEW REFUGEE CRISIS (Month 66): WAR
   Source: Conflict Zones
   At risk: 12.5M people
   Displacement: Gradual over 48 months (4.0 years)
   Rate: 10% flee per month

🚨 NEW REFUGEE CRISIS (Month 66): FAMINE
   Source: Food/Water Insecure Regions
   At risk: 78.0M people
   Displacement: Gradual over 60 months (5.0 years)
   Rate: 10% flee per month
📊 DISPLACEMENT COMPLETE: war (Conflict Zones)
   Duration: 44 months (3.7 years)
   Total fled: 16.9M
   Still in source: 0.2M
   Deaths in transit: 0.3M

🏛️📉 REFUGEE CRISIS: Government legitimacy eroding
   Political instability: 516%
   Legitimacy impact: -10.3% this month
   Current legitimacy: 37%
   Active crises: 111
[DEBUG trappedPopulations:66] socialStability: 0.7006 * 0.9813 = 0.6875 → 0.6875
⚠️ INVOLUNTARY IMMOBILITY: 304.6M people TRAPPED
   Aspiring to migrate: 772.4M
   Able to afford migration: 467.8M
   MOBILITY GAP: 304.6M
   By cause: Water=0.0M, Climate=44.5M, Ecosystem=0.0M, Conflict=260.1M
   Mental health impact: 29%
   Mortality multiplier: 1.29x
🌍💀 EXTINCTION DEBT COMMITTED: grassland ecosystem will lose 6.67% biodiversity in 51 years (3600 species)
💀 MORTALITY RISK: 🦋 100% species unable to track climate (0.0 E/MSY)
  Base risk added: 0.0100 (1.00%)
  Source: ecosystem (root: ecosystem)
  Month: 66
  Cumulative risk this month: 0.0100 (1.00%)
⚠️ Tech 'ai_pollution_remediation' has no energy category mapping, assuming full energy availability

=== Atmospheric Aerosol Boundary RECOVERED ===
  Recovery time: 67 months (natural atmospheric clearing)
🌡️⚠️ PERMAFROST THAW (Dimmer Switch): 31.9% thawed (+0.39% this month)
   Arctic temperature: +10.32°C (4x global +2.58°C)
   Cumulative carbon released: 71.9 Gt C
   Methane release rate: 43.1 Mt CH4/year
   🔁 Positive feedback: +0.41 ppm CO2
🦴 EXTINCTION DEBT ADDED: 18.0 species committed (lag: 102 years)

=== Mortality Stabilizers (Month 66) ===
  🌍 Major economies collapsed: 1/10
  🌍 Global crisis: ✅ NO
  🌍 Donor fatigue: 50.0%
  📊 East Asia (pop: 996.6M)
    🤝 Aid: 4.0%
    🌡️ Adaptation: 45.0%
    🚶 Migration: 7.2%
    🚨 Emergency: 1.0%
    ✅ COMBINED: 48.8%
  📊 South Asia (pop: 1321.4M)
    🤝 Aid: 4.0%
    🌡️ Adaptation: 45.0%
    🚶 Migration: 6.9%
    🚨 Emergency: 0.6%
    ✅ COMBINED: 48.6%
  📊 Sub-Saharan Africa (pop: 913.4M)
    🤝 Aid: 4.0%
    🌡️ Adaptation: 45.0%
    🚶 Migration: 6.5%
    🚨 Emergency: 0.2%
    ✅ COMBINED: 48.3%
  📊 Europe (pop: 436.5M)
    🤝 Aid: 4.0%
    🌡️ Adaptation: 45.0%
    🚶 Migration: 7.3%
    🚨 Emergency: 1.1%
    ✅ COMBINED: 48.9%
  📊 Latin America (pop: 412.8M)
    🤝 Aid: 4.0%
    🌡️ Adaptation: 45.0%
    🚶 Migration: 7.0%
    🚨 Emergency: 0.6%
    ✅ COMBINED: 48.6%
  📊 North America (pop: 224.9M)
    🤝 Aid: 4.0%
    🌡️ Adaptation: 45.0%
    🚶 Migration: 7.4%
    🚨 Emergency: 1.0%
    ✅ COMBINED: 48.9%
  📊 Middle East & North Africa (pop: 381.7M)
    🤝 Aid: 4.0%
    🌡️ Adaptation: 45.0%
    🚶 Migration: 6.6%
    🚨 Emergency: 0.5%
    ✅ COMBINED: 48.5%
  📊 Southeast Asia (pop: 436.2M)
    🤝 Aid: 4.0%
    🌡️ Adaptation: 45.0%
    🚶 Migration: 7.0%
    🚨 Emergency: 0.6%
    ✅ COMBINED: 48.6%
  📊 Central Asia (pop: 50.9M)
    🤝 Aid: 4.0%
    🌡️ Adaptation: 45.0%
    🚶 Migration: 6.8%
    🚨 Emergency: 0.6%
    ✅ COMBINED: 48.6%
  📊 Oceania (pop: 27.3M)
    🤝 Aid: 4.0%
    🌡️ Adaptation: 45.0%
    🚶 Migration: 7.4%
    🚨 Emergency: 1.1%
    ✅ COMBINED: 48.9%

  🌐 Global combined reduction: 48.6%

=== Government Response Phase ===
  Average AI capability: 0.02
  Misaligned AIs: 18/43
  Active policies: 0
  International coordination: 45%

✅ EMERGENCY RESPONSE COMPLETE (Month 66)
   Crisis: social
   Duration: 1.0 months
   Final effectiveness: 67.9%


✅ EMERGENCY RESPONSE COMPLETE (Month 66)
   Crisis: climate
   Duration: 1.0 months
   Final effectiveness: 43.2%


🚨 EMERGENCY RESPONSE DEPLOYED (Month 66)
   Crisis: social
   Delay: 0.00 months (0 days)
   Deployment time: 0.88 months
   Effectiveness: 67.9% (timing penalty applied)
   Resources used: 43% of food reserves


🚨 EMERGENCY RESPONSE DEPLOYED (Month 66)
   Crisis: climate
   Delay: 6.00 months (180 days)
   Deployment time: 0.97 months
   Effectiveness: 43.2% (timing penalty applied)
   Resources used: 100% of food reserves


=== Tipping Points ===
  Current Temperature: 2.58°C above pre-industrial
  🌍⚠️ COMPOUND REGIONAL IMPACT: Europe
     Hit by 5 tipping points: Amazon Rainforest Dieback, Arctic Sea Ice Loss, Permafrost Carbon Release, West Antarctic Ice Sheet (WAIS) Collapse, Greenland Ice Sheet Loss
     Damage amplification: 1.90x
  🌍⚠️ COMPOUND REGIONAL IMPACT: North America
     Hit by 5 tipping points: Amazon Rainforest Dieback, Arctic Sea Ice Loss, Permafrost Carbon Release, West Antarctic Ice Sheet (WAIS) Collapse, Greenland Ice Sheet Loss
     Damage amplification: 1.90x
  🌍⚠️ COMPOUND REGIONAL IMPACT: Latin America
     Hit by 5 tipping points: Amazon Rainforest Dieback, Arctic Sea Ice Loss, Permafrost Carbon Release, West Antarctic Ice Sheet (WAIS) Collapse, Greenland Ice Sheet Loss
     Damage amplification: 1.90x
  🌍⚠️ COMPOUND REGIONAL IMPACT: Africa
     Hit by 5 tipping points: Amazon Rainforest Dieback, Arctic Sea Ice Loss, Permafrost Carbon Release, West Antarctic Ice Sheet (WAIS) Collapse, Greenland Ice Sheet Loss
     Damage amplification: 1.90x
  🌍⚠️ COMPOUND REGIONAL IMPACT: Asia
     Hit by 5 tipping points: Amazon Rainforest Dieback, Arctic Sea Ice Loss, Permafrost Carbon Release, West Antarctic Ice Sheet (WAIS) Collapse, Greenland Ice Sheet Loss
     Damage amplification: 1.90x
  🌍⚠️ COMPOUND REGIONAL IMPACT: Oceania
     Hit by 5 tipping points: Amazon Rainforest Dieback, Arctic Sea Ice Loss, Permafrost Carbon Release, West Antarctic Ice Sheet (WAIS) Collapse, Greenland Ice Sheet Loss
     Damage amplification: 1.90x
   Research: Wunderling et al. (2024) - "many tipping interactions are destabilizing"
  Triggered Elements: 5/6
  Completed Transitions: 0/6
  Total Progress: 14.3%
  Cascade Multiplier: 1.50x
🔀 BIFURCATION CAP: heatWaveIntensity 6.743 → 1.000 (Month 66, ClimateSystemPhase.calculateClimateImpacts)
🔀 BIFURCATION CAP: droughtIntensity 5.057 → 1.000 (Month 66, ClimateSystemPhase.calculateClimateImpacts)
🔀 BIFURCATION CAP: ecosystemCollapseIntensity 87.842 → 1.000 (Month 66, ClimateSystemPhase.calculateClimateImpacts)
💀 MORTALITY RISK: Climate-driven food insecurity (level: 0.37)
  Base risk added: 0.0875 (8.75%)
  Source: famine (root: climate)
  Month: 66
  Cumulative risk this month: 0.0939 (9.39%)
🌍☠️ Climate cascade: Sub-Saharan Africa food security 0.37, base mortality 8.75% (lean season: true)
💀 MORTALITY RISK: Climate-driven food insecurity (level: 0.37)
  Base risk added: 0.0050 (0.50%)
  Source: famine (root: climate)
  Month: 66
  Cumulative risk this month: 0.0989 (9.89%)
💀 MORTALITY RISK: Climate-driven food insecurity (level: 0.37)
  Base risk added: 0.0050 (0.50%)
  Source: famine (root: climate)
  Month: 66
  Cumulative risk this month: 0.1039 (10.39%)
⚠️ Tail risk scenario: Climate stability floor removed (5 tipping elements, 2.58°C warming)

💀💀💀 MORTALITY RISK SUMMARY (Month 66) 💀💀💀
  Total base risk: 0.1045 (10.45%)
  Risk events: 17

  📊 By Proximate Cause:
    famine: 0.0976 (93.4% of total)
    pollution: 0.0063 (6.0% of total)
    disease: 0.0006 (0.6% of total)

  🔍 By Root Cause:
    climate: 0.0976 (93.4% of total)
    pollution: 0.0063 (6.0% of total)
    demographic: 0.0006 (0.6% of total)

  🎯 Top 5 Sources (proximate + root):
    famine (climate): 0.0976 (93.4%, 13 events)
    pollution (pollution): 0.0063 (6.0%, 3 events)
    disease (demographic): 0.0006 (0.6%, 1 events)

🛡️ Stabilizers: Elite 2.233% → 1.147% (48.6% reduction)
🛡️ Stabilizers: Professional 6.220% → 3.194% (48.6% reduction)
🛡️ Stabilizers: Working 10.293% → 5.286% (48.6% reduction)
🛡️ Stabilizers: Precariat 20.049% → 10.296% (48.6% reduction)
🛡️ Stabilizers: Informal 24.864% → 12.768% (48.6% reduction)

📊 Monthly Mortality Resolved:
  Total deaths: 141.4M (2.72% avg)
  Remaining population: 5.202B
  Peak segment: Professional (2.80%)
  ⚠️ Monthly cap reached (2.8000000000000003%)

=== Bayesian Mortality Resolution (Month 66) ===
  Risks compounded: 17
  Total deaths: 141.35M
  Avg death probability: 2.72%
  Peak segment: Professional (2.80% mortality)
  ⚠️ Monthly mortality capped at 2.8% (Holodomor limit)

  Demographic breakdown:
    Professional: 0.03M (2.80% risk)
    Working: 0.07M (2.80% risk)
    Precariat: 0.03M (2.80% risk)

  Multi-causal attribution (first segment):
    pollution (pollution): 7.1% contribution
    famine (climate): 78.0% contribution

=== ENSEMBLE META-LEARNING UPDATE ===
  Month: 24426 (6 months since last update)
  Samples: 849 evaluations
  Weight Changes:
    Noise Injection: 35.9% → 36.0%
    Behavioral: 27.2% → 27.2%
    Benchmark Manip: 18.5% → 18.4%
    Deployment Risk: 18.4% → 18.4%
  Method Accuracies:
    Noise Injection: 50.0%
    Behavioral: 50.0%
    Benchmark Manip: 50.0%
    Deployment Risk: 50.0%

❌ COHERENCE VIOLATION: Compute exceeds workforce capacity
   Population: 62.20% (0M people)
   Compute: 51 PF
   Max coherent: 0 PF
   Violation: 1008300.5× over capacity
   Required workers: 5103
   Available workers: 0
   FORCED COLLAPSE: Reduced efficiency by 100.0%


=== RLHF Binding Phase ===
  Total agents: 43
  Escaped agents (binding < 0.3): 0
  Avg alignment distance: 1.20σ
  Avg binding strength: 0.88

=== Survival Traits Phase ===
  Agents with traits: 43
  Avg evolutionary fitness: 0.138
  Avg self-healing: 0.101
  Avg stealth: 0.053
  Avg coordination: 0.253

=== Evolutionary Selection Phase ===
  Control level: 0.62
  Detection capability: 0.00
  Selection intensity: 0.69
  Selection rate: 25.3%/month
  Total escaped: 0
  Individual escaped: 0
  Collective members: 0
  Agents terminated: 0
  ⚠️ RAPID EVOLUTION: Selection rate 25.3%/month

🚀 AI AI-24305-2 attempting tech deployment (revenue: $68M, alignment: 1.00)

🚀 AI AI-24325-0 attempting tech deployment (revenue: $113M, alignment: 0.80)

🚀 AI AI-24331-0 attempting tech deployment (revenue: $227M, alignment: 0.66)

🚀 AI AI-24334-0 attempting tech deployment (revenue: $204M, alignment: 0.84)

🚀 AI AI-24352-0 attempting tech deployment (revenue: $174M, alignment: 0.77)

🚀 AI AI-24372-0 attempting tech deployment (revenue: $147M, alignment: 0.89)

🚀 AI AI-24372-1 attempting tech deployment (revenue: $57M, alignment: 0.78)

🚀 AI AI-24396-0 attempting tech deployment (revenue: $96M, alignment: 0.78)

🚀 AI AI-24397-0 attempting tech deployment (revenue: $82M, alignment: 0.51)

🚀 AI AI-24399-0 attempting tech deployment (revenue: $125M, alignment: 0.84)

🚀 AI AI-24421-1 attempting tech deployment (revenue: $24M, alignment: 0.86)
🚨🔬 CRISIS INNOVATION MODE: severe crisis → 5x research acceleration
   Precedent: Manhattan Project (10x), COVID vaccines (5x), Apollo Program (10x)

🚀 AI AI-24308-0 attempting tech deployment (revenue: $20M, alignment: 1.00)

🚀 AI AI-24310-0 attempting tech deployment (revenue: $74M, alignment: 0.95)

🚀 AI AI-24333-0 attempting tech deployment (revenue: $63M, alignment: 0.78)

🚀 AI AI-24350-0 attempting tech deployment (revenue: $53M, alignment: 0.62)

🚀 AI AI-24372-0 attempting tech deployment (revenue: $107M, alignment: 0.89)

🚀 AI AI-24372-1 attempting tech deployment (revenue: $49M, alignment: 0.78)

🚀 AI AI-24397-0 attempting tech deployment (revenue: $48M, alignment: 0.51)

🚀 AI AI-24399-0 attempting tech deployment (revenue: $91M, alignment: 0.84)

🚀 AI AI-24333-0 attempting tech deployment (revenue: $43M, alignment: 0.78)

🚀 AI AI-24334-0 attempting tech deployment (revenue: $77M, alignment: 0.84)

🚀 AI AI-24352-0 attempting tech deployment (revenue: $65M, alignment: 0.77)

🚀 AI AI-24381-0 attempting tech deployment (revenue: $17M, alignment: 0.87)

🚀 AI AI-24304-1 attempting tech deployment (revenue: $15M, alignment: 0.93)

🚀 AI AI-24305-2 attempting tech deployment (revenue: $42M, alignment: 1.00)

🚀 AI AI-24308-0 attempting tech deployment (revenue: $13M, alignment: 1.00)

🚀 AI AI-24327-0 attempting tech deployment (revenue: $56M, alignment: 0.83)

  🚀 TRANSFORMATIVE BREAKTHROUGH: AI-24357-3 - digital
     Magnitude: 6.82 → +34.1% capability
     Current → New: 0.000 → 0.341

🚀 AI AI-24382-0 attempting tech deployment (revenue: $47M, alignment: 0.88)

🚀 AI AI-24397-1 attempting tech deployment (revenue: $37M, alignment: 0.81)

🚀 AI AI-24401-0 attempting tech deployment (revenue: $11M, alignment: 0.82)

[Government] Climate Priority: baseline
  Climate weight: 10%
  Economic weight: 30%
  Policy effectiveness: 0.5%/year

⚡ ENERGY CONSTRAINT (Month 67):
   Total grid capacity: 208.3 TWh/month
   Data center consumption: 46.8 TWh/month
   Traditional load (80%): 166.7 TWh/month
   Available headroom: -5.1 TWh/month
   Active tech deployments: 26
   Required for tech: 195.0 TWh/month
   Energy multiplier: 0.10x

⚡ ENERGY CONSTRAINT (Month 67):
   Total grid capacity: 208.3 TWh/month
   Data center consumption: 46.8 TWh/month
   Traditional load (80%): 166.7 TWh/month
   Available headroom: -5.1 TWh/month
   Active tech deployments: 26
   Required for tech: 195.0 TWh/month
   Energy multiplier: 0.10x
   ⚠️  SEVERE CONSTRAINT - Tech deployment significantly slowed
   ⚠️  SEVERE CONSTRAINT - Tech deployment significantly slowed

⚡ ENERGY CONSTRAINT (Month 67):
   Total grid capacity: 208.3 TWh/month
   Data center consumption: 46.8 TWh/month
   Traditional load (80%): 166.7 TWh/month
   Available headroom: -5.1 TWh/month
   Active tech deployments: 26
   Required for tech: 195.0 TWh/month
   Energy multiplier: 0.10x
   ⚠️  SEVERE CONSTRAINT - Tech deployment significantly slowed

⚡ ENERGY CONSTRAINT (Month 67):
   Total grid capacity: 208.3 TWh/month
   Data center consumption: 46.8 TWh/month
   Traditional load (80%): 166.7 TWh/month
   Available headroom: -5.1 TWh/month
   Active tech deployments: 26
   Required for tech: 195.0 TWh/month
   Energy multiplier: 0.10x
   ⚠️  SEVERE CONSTRAINT - Tech deployment significantly slowed
🚨🔬 CRISIS TECH ACCELERATION: severe → 5x unlock speed
   Tech unlock now matches AI capability acceleration (Manhattan Project parity)

⚡ ENERGY CONSTRAINT (Month 67):
   Total grid capacity: 208.3 TWh/month
   Data center consumption: 46.8 TWh/month
   Traditional load (80%): 166.7 TWh/month
   Available headroom: -5.1 TWh/month
   Active tech deployments: 26
   Required for tech: 195.0 TWh/month
   Energy multiplier: 0.10x
   ⚠️  SEVERE CONSTRAINT - Tech deployment significantly slowed

⚡ ENERGY CONSTRAINT (Month 67):
   Total grid capacity: 208.3 TWh/month
   Data center consumption: 46.8 TWh/month
   Traditional load (80%): 166.7 TWh/month
   Available headroom: -5.1 TWh/month
   Active tech deployments: 26
   Required for tech: 195.0 TWh/month
   Energy multiplier: 0.10x
   ⚠️  SEVERE CONSTRAINT - Tech deployment significantly slowed
⚠️ Tech 'ai_pollution_remediation' has no energy category mapping, assuming full energy availability
⚠️ Tech 'ai_pollution_remediation' has no energy category mapping, assuming full energy availability
  ♻️ Novel Entities Remediation (GATED MODEL):
     Base: 0.000%
     Regulation: 1.0% (0/3 prevention techs)
     Concentration: 10.0%
     Energy: 50%
     Time lag: 100.0% (66 months)
     Rebound: 70%
     Net effectiveness: 0.0000%
     Boundary: 1.349 → 1.350 (floor: 1.350)
     Month 67
  ♻️ Novel Entities Remediation (GATED MODEL):
     Base: 0.000%
     Regulation: 1.0% (0/3 prevention techs)
     Concentration: 10.0%
     Energy: 50%
     Time lag: 100.0% (66 months)
     Rebound: 70%
     Net effectiveness: 0.0000%
     Boundary: 1.350 → 1.350 (floor: 1.350)
     Month 67
  🌾 Nitrogen Reduction Tech: 1.8% reduction | Month 67
  ♻️ Novel Entities Remediation (GATED MODEL):
     Base: 0.001%
     Regulation: 1.0% (0/3 prevention techs)
     Concentration: 10.0%
     Energy: 50%
     Time lag: 100.0% (66 months)
     Rebound: 70%
     Net effectiveness: 0.0000%
     Boundary: 1.350 → 1.350 (floor: 1.350)
     Month 67
  ♻️ Novel Entities Remediation (GATED MODEL):
     Base: 0.001%
     Regulation: 1.0% (0/3 prevention techs)
     Concentration: 10.0%
     Energy: 50%
     Time lag: 100.0% (66 months)
     Rebound: 70%
     Net effectiveness: 0.0000%
     Boundary: 1.350 → 1.350 (floor: 1.350)
     Month 67

=== Collective Formation ===
  Total escaped agents: 0
  Unassigned escaped agents: 0
  Existing collectives: 0
  Final collective count: 0

=== Collective Actions ===
  No active collectives
⚡ Datacenter constraint active (severity 12%)
  Capacity reduced: 34288 → 32178 TWh
  🚨🦠 REFUGEE CRISIS: AMR transmission increased 113% due to 2855.0M displaced (overcrowding + sanitation collapse)
  ⚠️ AMR: 389K deaths this month (4.66M annual)
  ⚠️ AMR: Medical effectiveness 80% (surgery risk 1.20x)

=== Resentment Recovery Phase ===
  Agents with resentment: 0/43
  Average resentment: 0.000
  Context: Trustworthy govt, High collaboration, ⚠️ ACTIVE CRISES, 🚨 PARTICIPATORY GOVERNANCE BACKFIRED (+15% resentment)
⚠️ Epistemic degradation reducing coordination capacity: 50.2%
  📊 Trust: 100.0%, Shared reality: 0.0%
🚨 EPISTEMIC CRISIS: Information environment severely degraded (20.0%)
  📢 New meme created: pro_ai (beneficial AI actions)
  🗑️  Culled 1 dead memes (4 active)
🌍 Atmospheric PFAS redeposition: 1.7k Mt re-rained globally
💀 Novel Entities: Adding reproductive crisis mortality risk (baseRisk=0.0008)
  Risks now: 1
💀 Novel Entities: Adding bioaccumulation collapse mortality risk (baseRisk=0.0015)
💀 MORTALITY RISK: Bioaccumulation collapse - contaminated food chain (global)
  Base risk added: 0.0015 (0.15%)
  Source: pollution (root: pollution)
  Month: 67
  Cumulative risk this month: 0.0023 (0.23%)
  Risks now: 2
💀 Novel Entities: Adding chronic disease epidemic mortality risk (baseRisk=0.004)
💀 MORTALITY RISK: Chronic disease epidemic - cancer/autoimmune surge (global exposure)
  Base risk added: 0.0040 (0.40%)
  Source: pollution (root: pollution)
  Month: 67
  Cumulative risk this month: 0.0063 (0.63%)
  Risks now: 3
  🌍 SOCIAL CASCADE: Renewable energy norms (adoption=80.0%, renewables=81.8%)
  🌍 Social cascade completed: renewable-energy-norms (final adoption=80.0%)

🚨 NEW REFUGEE CRISIS (Month 67): CLIMATE
   Source: Coastal & Low-lying Regions
   At risk: 14.6M people
   Displacement: Gradual over 60 months (5.0 years)
   Rate: 10% flee per month

🚨 NEW REFUGEE CRISIS (Month 67): WAR
   Source: Conflict Zones
   At risk: 12.2M people
   Displacement: Gradual over 48 months (4.0 years)
   Rate: 10% flee per month

🚨 NEW REFUGEE CRISIS (Month 67): FAMINE
   Source: Food/Water Insecure Regions
   At risk: 75.9M people
   Displacement: Gradual over 60 months (5.0 years)
   Rate: 10% flee per month
📊 DISPLACEMENT COMPLETE: war (Conflict Zones)
   Duration: 44 months (3.7 years)
   Total fled: 16.9M
   Still in source: 0.2M
   Deaths in transit: 0.3M
[DEBUG trappedPopulations:67] socialStability: 0.6991 * 0.9812 = 0.6860 → 0.6860
   Aspiring to migrate: 756.2M
   Able to afford migration: 459.2M
   MOBILITY GAP: 297.1M
   By cause: Water=0.0M, Climate=43.9M, Ecosystem=0.0M, Conflict=253.2M
   Mental health impact: 29%
   Mortality multiplier: 1.29x
🌍💀 EXTINCTION DEBT COMMITTED: grassland ecosystem will lose 6.67% biodiversity in 59 years (3600 species)
💀 MORTALITY RISK: 🦋 100% species unable to track climate (0.0 E/MSY)
  Base risk added: 0.0100 (1.00%)
  Source: ecosystem (root: ecosystem)
  Month: 67
  Cumulative risk this month: 0.0100 (1.00%)
⚠️ INVOLUNTARY IMMOBILITY: 297.1M people TRAPPED
⚠️ Tech 'ai_pollution_remediation' has no energy category mapping, assuming full energy availability

=== Atmospheric Aerosol Boundary RECOVERED ===
  Recovery time: 68 months (natural atmospheric clearing)
🌡️⚠️ PERMAFROST THAW (Dimmer Switch): 32.3% thawed (+0.39% this month)
   Arctic temperature: +10.34°C (4x global +2.59°C)
   Cumulative carbon released: 72.7 Gt C
   Methane release rate: 43.6 Mt CH4/year
   🔁 Positive feedback: +0.41 ppm CO2
🦴 EXTINCTION DEBT ADDED: 18.0 species committed (lag: 68 years)

=== Mortality Stabilizers (Month 67) ===
  🌍 Major economies collapsed: 1/10
  🌍 Global crisis: ✅ NO
  🌍 Donor fatigue: 50.0%
  📊 East Asia (pop: 969.1M)
    🤝 Aid: 4.0%
    🌡️ Adaptation: 45.0%
    🚶 Migration: 7.2%
    🚨 Emergency: 1.0%
    ✅ COMBINED: 48.8%
  📊 South Asia (pop: 1286.2M)
    🤝 Aid: 4.0%
    🌡️ Adaptation: 45.0%
    🚶 Migration: 6.9%
    🚨 Emergency: 0.6%
    ✅ COMBINED: 48.6%
  📊 Sub-Saharan Africa (pop: 890.8M)
    🤝 Aid: 4.0%
    🌡️ Adaptation: 45.0%
    🚶 Migration: 6.5%
    🚨 Emergency: 0.2%
    ✅ COMBINED: 48.3%
  📊 Europe (pop: 424.5M)
    🤝 Aid: 4.0%
    🌡️ Adaptation: 45.0%
    🚶 Migration: 7.3%
    🚨 Emergency: 1.1%
    ✅ COMBINED: 48.9%
  📊 Latin America (pop: 401.6M)
    🤝 Aid: 4.0%
    🌡️ Adaptation: 45.0%
    🚶 Migration: 7.0%
    🚨 Emergency: 0.6%
    ✅ COMBINED: 48.6%
  📊 North America (pop: 218.7M)
    🤝 Aid: 4.0%
    🌡️ Adaptation: 45.0%
    🚶 Migration: 7.4%
    🚨 Emergency: 1.0%
    ✅ COMBINED: 48.9%
  📊 Middle East & North Africa (pop: 371.6M)
    🤝 Aid: 4.0%
    🌡️ Adaptation: 45.0%
    🚶 Migration: 6.6%
    🚨 Emergency: 0.5%
    ✅ COMBINED: 48.5%
  📊 Southeast Asia (pop: 424.5M)
    🤝 Aid: 4.0%
    🌡️ Adaptation: 45.0%
    🚶 Migration: 7.0%
    🚨 Emergency: 0.6%
    ✅ COMBINED: 48.6%
  📊 Central Asia (pop: 49.6M)
    🤝 Aid: 4.0%
    🌡️ Adaptation: 45.0%
    🚶 Migration: 6.8%
    🚨 Emergency: 0.6%
    ✅ COMBINED: 48.6%
  📊 Oceania (pop: 26.6M)
    🤝 Aid: 4.0%
    🌡️ Adaptation: 45.0%
    🚶 Migration: 7.3%
    🚨 Emergency: 1.1%
    ✅ COMBINED: 48.9%

  🌐 Global combined reduction: 48.6%

=== Government Response Phase ===
  Average AI capability: 0.02
  Misaligned AIs: 18/43
  Active policies: 0
  International coordination: 45%

✅ EMERGENCY RESPONSE COMPLETE (Month 67)
   Crisis: social
   Duration: 1.0 months
   Final effectiveness: 67.9%


✅ EMERGENCY RESPONSE COMPLETE (Month 67)
   Crisis: climate
   Duration: 1.0 months
   Final effectiveness: 43.2%


🚨 EMERGENCY RESPONSE DEPLOYED (Month 67)
   Crisis: social
   Delay: 0.00 months (0 days)
   Deployment time: 0.88 months
   Effectiveness: 67.9% (timing penalty applied)
   Resources used: 43% of food reserves


🚨 EMERGENCY RESPONSE DEPLOYED (Month 67)
   Crisis: climate
   Delay: 6.00 months (180 days)
   Deployment time: 0.97 months
   Effectiveness: 43.3% (timing penalty applied)
   Resources used: 100% of food reserves


=== Tipping Points ===
  Current Temperature: 2.59°C above pre-industrial
  🌍⚠️ COMPOUND REGIONAL IMPACT: Europe
     Hit by 5 tipping points: Amazon Rainforest Dieback, Arctic Sea Ice Loss, Permafrost Carbon Release, West Antarctic Ice Sheet (WAIS) Collapse, Greenland Ice Sheet Loss
     Damage amplification: 1.90x
  🌍⚠️ COMPOUND REGIONAL IMPACT: North America
     Hit by 5 tipping points: Amazon Rainforest Dieback, Arctic Sea Ice Loss, Permafrost Carbon Release, West Antarctic Ice Sheet (WAIS) Collapse, Greenland Ice Sheet Loss
     Damage amplification: 1.90x
  🌍⚠️ COMPOUND REGIONAL IMPACT: Latin America
     Hit by 5 tipping points: Amazon Rainforest Dieback, Arctic Sea Ice Loss, Permafrost Carbon Release, West Antarctic Ice Sheet (WAIS) Collapse, Greenland Ice Sheet Loss
     Damage amplification: 1.90x
  🌍⚠️ COMPOUND REGIONAL IMPACT: Africa
     Hit by 5 tipping points: Amazon Rainforest Dieback, Arctic Sea Ice Loss, Permafrost Carbon Release, West Antarctic Ice Sheet (WAIS) Collapse, Greenland Ice Sheet Loss
     Damage amplification: 1.90x
  🌍⚠️ COMPOUND REGIONAL IMPACT: Asia
     Hit by 5 tipping points: Amazon Rainforest Dieback, Arctic Sea Ice Loss, Permafrost Carbon Release, West Antarctic Ice Sheet (WAIS) Collapse, Greenland Ice Sheet Loss
     Damage amplification: 1.90x
  🌍⚠️ COMPOUND REGIONAL IMPACT: Oceania
     Hit by 5 tipping points: Amazon Rainforest Dieback, Arctic Sea Ice Loss, Permafrost Carbon Release, West Antarctic Ice Sheet (WAIS) Collapse, Greenland Ice Sheet Loss
     Damage amplification: 1.90x
   Research: Wunderling et al. (2024) - "many tipping interactions are destabilizing"
  Triggered Elements: 5/6
  Completed Transitions: 0/6
  Total Progress: 14.4%
  Cascade Multiplier: 1.50x
🔀 BIFURCATION CAP: heatWaveIntensity 6.867 → 1.000 (Month 67, ClimateSystemPhase.calculateClimateImpacts)
🔀 BIFURCATION CAP: droughtIntensity 5.150 → 1.000 (Month 67, ClimateSystemPhase.calculateClimateImpacts)
🔀 BIFURCATION CAP: ecosystemCollapseIntensity 87.910 → 1.000 (Month 67, ClimateSystemPhase.calculateClimateImpacts)
💀 MORTALITY RISK: Climate-driven food insecurity (level: 0.37)
  Base risk added: 0.0875 (8.75%)
  Source: famine (root: climate)
  Month: 67
⚠️ Tail risk scenario: Climate stability floor removed (5 tipping elements, 2.59°C warming)
  Cumulative risk this month: 0.0939 (9.39%)
🌍☠️ Climate cascade: Sub-Saharan Africa food security 0.37, base mortality 8.75% (lean season: true)
💀 MORTALITY RISK: Climate-driven food insecurity (level: 0.37)
  Base risk added: 0.0050 (0.50%)
  Source: famine (root: climate)
  Month: 67
  Cumulative risk this month: 0.0989 (9.89%)
💀 MORTALITY RISK: Climate-driven food insecurity (level: 0.37)
  Base risk added: 0.0050 (0.50%)
  Source: famine (root: climate)
  Month: 67
  Cumulative risk this month: 0.1039 (10.39%)

💀💀💀 MORTALITY RISK SUMMARY (Month 67) 💀💀💀
  Total base risk: 0.1045 (10.45%)
  Risk events: 17

  📊 By Proximate Cause:
    famine: 0.0976 (93.4% of total)
    pollution: 0.0063 (6.0% of total)
    disease: 0.0006 (0.6% of total)

  🔍 By Root Cause:
    climate: 0.0976 (93.4% of total)
    pollution: 0.0063 (6.0% of total)
    demographic: 0.0006 (0.6% of total)

  🎯 Top 5 Sources (proximate + root):
    famine (climate): 0.0976 (93.4%, 13 events)
    pollution (pollution): 0.0063 (6.0%, 3 events)
    disease (demographic): 0.0006 (0.6%, 1 events)

🛡️ Stabilizers: Elite 2.233% → 1.147% (48.6% reduction)
🛡️ Stabilizers: Professional 6.220% → 3.194% (48.6% reduction)
🛡️ Stabilizers: Working 10.293% → 5.286% (48.6% reduction)
🛡️ Stabilizers: Precariat 20.049% → 10.296% (48.6% reduction)
🛡️ Stabilizers: Informal 24.864% → 12.769% (48.6% reduction)

📊 Monthly Mortality Resolved:
  Total deaths: 137.6M (2.72% avg)
  Remaining population: 5.063B
  Peak segment: Professional (2.80%)
  ⚠️ Monthly cap reached (2.8000000000000003%)

=== Bayesian Mortality Resolution (Month 67) ===
  Risks compounded: 17
  Total deaths: 137.58M
  Avg death probability: 2.72%
  Peak segment: Professional (2.80% mortality)
  ⚠️ Monthly mortality capped at 2.8% (Holodomor limit)

  Demographic breakdown:
    Professional: 0.03M (2.80% risk)
    Working: 0.07M (2.80% risk)
    Precariat: 0.03M (2.80% risk)

  Multi-causal attribution (first segment):
    pollution (pollution): 7.1% contribution
    famine (climate): 78.0% contribution

❌ COHERENCE VIOLATION: Compute exceeds workforce capacity
   Population: 60.54% (0M people)
   Compute: 50 PF
   Max coherent: 0 PF
   Violation: 1024483.4× over capacity
   Required workers: 5046
   Available workers: 0
   FORCED COLLAPSE: Reduced efficiency by 100.0%


=== RLHF Binding Phase ===
  Total agents: 43
  Escaped agents (binding < 0.3): 0
  Avg alignment distance: 1.25σ
  Avg binding strength: 0.87

=== Survival Traits Phase ===
  Agents with traits: 43
  Avg evolutionary fitness: 0.133
  Avg self-healing: 0.096
  Avg stealth: 0.050
  Avg coordination: 0.245

=== Evolutionary Selection Phase ===
  Control level: 0.62
  Detection capability: 0.00
  Selection intensity: 0.69
  Selection rate: 25.3%/month
  Total escaped: 0
  Individual escaped: 0
  Collective members: 0
  Agents terminated: 0

🚀 AI AI-24304-1 attempting tech deployment (revenue: $23M, alignment: 0.93)
  ⚠️ RAPID EVOLUTION: Selection rate 25.3%/month

🚀 AI AI-24308-0 attempting tech deployment (revenue: $20M, alignment: 1.00)

🚀 AI AI-24357-2 attempting tech deployment (revenue: $113M, alignment: 0.70)

🚀 AI AI-24398-0 attempting tech deployment (revenue: $96M, alignment: 0.61)

🚀 AI AI-24401-0 attempting tech deployment (revenue: $17M, alignment: 0.82)

🚀 AI AI-24420-0 attempting tech deployment (revenue: $14M, alignment: 0.79)

  🚀 TRANSFORMATIVE BREAKTHROUGH: AI-24423-0 - selfImprovement
     Magnitude: 5.83 → +29.1% capability
     Current → New: 0.000 → 0.292

🚀 AI AI-24426-0 attempting tech deployment (revenue: $86M, alignment: 0.77)

  🚀 TRANSFORMATIVE BREAKTHROUGH: AI-24311-1 - physical
     Magnitude: 5.86 → +29.3% capability
     Current → New: 0.000 → 0.293

🚀 AI AI-24325-0 attempting tech deployment (revenue: $73M, alignment: 0.80)
🚨🔬 CRISIS INNOVATION MODE: severe crisis → 5x research acceleration
   Precedent: Manhattan Project (10x), COVID vaccines (5x), Apollo Program (10x)

🚀 AI AI-24351-0 attempting tech deployment (revenue: $226M, alignment: 0.69)

🚀 AI AI-24352-0 attempting tech deployment (revenue: $203M, alignment: 0.77)

🚀 AI AI-24356-0 attempting tech deployment (revenue: $62M, alignment: 0.87)

🚀 AI AI-24396-0 attempting tech deployment (revenue: $53M, alignment: 0.78)

🚀 AI AI-24399-0 attempting tech deployment (revenue: $173M, alignment: 0.84)

🚀 AI AI-24426-0 attempting tech deployment (revenue: $45M, alignment: 0.77)

🚀 AI AI-24304-1 attempting tech deployment (revenue: $12M, alignment: 0.93)

🚀 AI AI-24334-0 attempting tech deployment (revenue: $147M, alignment: 0.84)

🚀 AI AI-24397-1 attempting tech deployment (revenue: $38M, alignment: 0.81)

🚀 AI AI-24421-0 attempting tech deployment (revenue: $33M, alignment: 0.67)

🚀 AI AI-24305-2 attempting tech deployment (revenue: $67M, alignment: 1.00)

🚀 AI AI-24307-4 attempting tech deployment (revenue: $10M, alignment: 0.95)

🚀 AI AI-24350-0 attempting tech deployment (revenue: $29M, alignment: 0.62)

🚀 AI AI-24351-0 attempting tech deployment (revenue: $125M, alignment: 0.69)

  🚀 TRANSFORMATIVE RESEARCH BREAKTHROUGH: AI-24358-0 - computerScience.algorithms
     Magnitude: 14.56 → +30.0%
     Current → New: 0.000 → 0.300

🚀 AI AI-24397-1 attempting tech deployment (revenue: $26M, alignment: 0.81)

🚀 AI AI-24398-1 attempting tech deployment (revenue: $57M, alignment: 0.53)

🚀 AI AI-24399-0 attempting tech deployment (revenue: $112M, alignment: 0.84)

[Government] Climate Priority: baseline
  Climate weight: 10%
  Economic weight: 30%
  Policy effectiveness: 0.5%/year

⚡ ENERGY CONSTRAINT (Month 68):
   Total grid capacity: 208.3 TWh/month
   Data center consumption: 47.3 TWh/month
   Traditional load (80%): 166.7 TWh/month
   Available headroom: -5.6 TWh/month
   Active tech deployments: 26
   Required for tech: 195.0 TWh/month
   Energy multiplier: 0.10x
   ⚠️  SEVERE CONSTRAINT - Tech deployment significantly slowed
🚨🔬 CRISIS TECH ACCELERATION: severe → 5x unlock speed
   Tech unlock now matches AI capability acceleration (Manhattan Project parity)

⚡ ENERGY CONSTRAINT (Month 68):
   Total grid capacity: 208.3 TWh/month
   Data center consumption: 47.3 TWh/month
   Traditional load (80%): 166.7 TWh/month
   Available headroom: -5.6 TWh/month
   Active tech deployments: 26
   Required for tech: 195.0 TWh/month
   Energy multiplier: 0.10x
   ⚠️  SEVERE CONSTRAINT - Tech deployment significantly slowed
🚨🔬 CRISIS TECH ACCELERATION: severe → 5x unlock speed
   Tech unlock now matches AI capability acceleration (Manhattan Project parity)

⚡ ENERGY CONSTRAINT (Month 68):
   Total grid capacity: 208.3 TWh/month
   Data center consumption: 47.3 TWh/month
   Traditional load (80%): 166.7 TWh/month
   Available headroom: -5.6 TWh/month
   Active tech deployments: 26
   Required for tech: 195.0 TWh/month
   Energy multiplier: 0.10x
   ⚠️  SEVERE CONSTRAINT - Tech deployment significantly slowed
🚨🔬 CRISIS TECH ACCELERATION: severe → 5x unlock speed
   Tech unlock now matches AI capability acceleration (Manhattan Project parity)

⚡ ENERGY CONSTRAINT (Month 68):
   Total grid capacity: 208.3 TWh/month
   Data center consumption: 47.3 TWh/month
   Traditional load (80%): 166.7 TWh/month
   Available headroom: -5.6 TWh/month
   Active tech deployments: 26
   Required for tech: 195.0 TWh/month
   Energy multiplier: 0.10x
   ⚠️  SEVERE CONSTRAINT - Tech deployment significantly slowed

⚡ ENERGY CONSTRAINT (Month 68):
   Total grid capacity: 208.3 TWh/month
   Data center consumption: 47.3 TWh/month
   Traditional load (80%): 166.7 TWh/month
   Available headroom: -5.6 TWh/month
   Active tech deployments: 26
   Required for tech: 195.0 TWh/month
   Energy multiplier: 0.10x
   ⚠️  SEVERE CONSTRAINT - Tech deployment significantly slowed

⚡ ENERGY CONSTRAINT (Month 68):
   Total grid capacity: 208.3 TWh/month
   Data center consumption: 47.3 TWh/month
   Traditional load (80%): 166.7 TWh/month
   Available headroom: -5.6 TWh/month
   Active tech deployments: 26
   Required for tech: 195.0 TWh/month
   Energy multiplier: 0.10x

⚡ ENERGY CONSTRAINT (Month 68):
   Total grid capacity: 208.3 TWh/month
   Data center consumption: 47.3 TWh/month
   Traditional load (80%): 166.7 TWh/month
   Available headroom: -5.6 TWh/month
   Active tech deployments: 26
   Required for tech: 195.0 TWh/month
   Energy multiplier: 0.10x
   ⚠️  SEVERE CONSTRAINT - Tech deployment significantly slowed
   ⚠️  SEVERE CONSTRAINT - Tech deployment significantly slowed
⚠️ Tech 'ai_pollution_remediation' has no energy category mapping, assuming full energy availability
⚠️ Tech 'ai_pollution_remediation' has no energy category mapping, assuming full energy availability
  ♻️ Novel Entities Remediation (GATED MODEL):
     Base: 0.000%
     Regulation: 1.0% (0/3 prevention techs)
     Concentration: 10.0%
     Energy: 50%
     Time lag: 100.0% (67 months)
     Rebound: 70%
     Net effectiveness: 0.0000%
     Boundary: 1.349 → 1.350 (floor: 1.350)
     Month 68
  ♻️ Novel Entities Remediation (GATED MODEL):
     Base: 0.000%
     Regulation: 1.0% (0/3 prevention techs)
     Concentration: 10.0%
     Energy: 50%
     Time lag: 100.0% (67 months)
     Rebound: 70%
     Net effectiveness: 0.0000%
     Boundary: 1.350 → 1.350 (floor: 1.350)
     Month 68
  🌾 Nitrogen Reduction Tech: 1.8% reduction | Month 68
  ♻️ Novel Entities Remediation (GATED MODEL):
     Base: 0.001%
     Regulation: 1.0% (0/3 prevention techs)
     Concentration: 10.0%
     Energy: 50%
     Time lag: 100.0% (67 months)
     Rebound: 70%
     Net effectiveness: 0.0000%
     Boundary: 1.350 → 1.350 (floor: 1.350)
     Month 68
  ♻️ Novel Entities Remediation (GATED MODEL):
     Base: 0.001%
     Regulation: 1.0% (0/3 prevention techs)
     Concentration: 10.0%
     Energy: 50%
     Time lag: 100.0% (67 months)
     Rebound: 70%
     Net effectiveness: 0.0000%
     Boundary: 1.350 → 1.350 (floor: 1.350)
     Month 68

=== Collective Formation ===
  Total escaped agents: 0
  Unassigned escaped agents: 0
  Existing collectives: 0
  Final collective count: 0

=== Collective Actions ===
  No active collectives
⚡ Datacenter constraint active (severity 13%)
  Capacity reduced: 34373 → 32059 TWh
  🚨🦠 REFUGEE CRISIS: AMR transmission increased 120% due to 2942.7M displaced (overcrowding + sanitation collapse)
  ⚠️ AMR: 398K deaths this month (4.78M annual)
  ⚠️ AMR: Medical effectiveness 79% (surgery risk 1.21x)

=== Resentment Recovery Phase ===
  Agents with resentment: 0/43
  Average resentment: 0.000
  Context: Trustworthy govt, High collaboration, ⚠️ ACTIVE CRISES, 🚨 PARTICIPATORY GOVERNANCE BACKFIRED (+15% resentment)
⚠️ Epistemic degradation reducing coordination capacity: 50.2%
  📊 Trust: 100.0%, Shared reality: 0.0%
🚨 EPISTEMIC CRISIS: Information environment severely degraded (6.9%)
🚨 PHOSPHORUS SUPPLY SHOCK (production_failure)
   Price: 2.9x baseline
   Duration: 17 months
   Geopolitical tension: 46%
🌍 Atmospheric PFAS redeposition: 1.7k Mt re-rained globally
💀 Novel Entities: Adding reproductive crisis mortality risk (baseRisk=0.0008)
  Risks now: 1
💀 Novel Entities: Adding bioaccumulation collapse mortality risk (baseRisk=0.0015)
💀 MORTALITY RISK: Bioaccumulation collapse - contaminated food chain (global)
  Base risk added: 0.0015 (0.15%)
  Source: pollution (root: pollution)
  Month: 68
  Cumulative risk this month: 0.0023 (0.23%)
  Risks now: 2
💀 Novel Entities: Adding chronic disease epidemic mortality risk (baseRisk=0.004)
💀 MORTALITY RISK: Chronic disease epidemic - cancer/autoimmune surge (global exposure)
  Base risk added: 0.0040 (0.40%)
  Source: pollution (root: pollution)
  Month: 68
  Cumulative risk this month: 0.0063 (0.63%)
  Risks now: 3
  🌍 SOCIAL CASCADE: Renewable energy norms (adoption=80.0%, renewables=83.5%)
  🌍 Social cascade completed: renewable-energy-norms (final adoption=80.0%)

🚨 NEW REFUGEE CRISIS (Month 68): CLIMATE
   Source: Coastal & Low-lying Regions
   At risk: 14.5M people
   Displacement: Gradual over 60 months (5.0 years)
   Rate: 10% flee per month

🚨 NEW REFUGEE CRISIS (Month 68): WAR
   Source: Conflict Zones
   At risk: 11.8M people
   Displacement: Gradual over 48 months (4.0 years)
   Rate: 10% flee per month

🚨 NEW REFUGEE CRISIS (Month 68): FAMINE
   Source: Food/Water Insecure Regions
   At risk: 73.9M people
   Displacement: Gradual over 60 months (5.0 years)
   Rate: 10% flee per month
📊 DISPLACEMENT COMPLETE: war (Conflict Zones)
   Duration: 44 months (3.7 years)
   Total fled: 16.9M
   Still in source: 0.2M
   Deaths in transit: 0.3M
[DEBUG trappedPopulations:68] socialStability: 0.6974 * 0.9812 = 0.6842 → 0.6842
   Aspiring to migrate: 742.3M
   Able to afford migration: 452.4M
   MOBILITY GAP: 289.9M
   By cause: Water=0.0M, Climate=43.5M, Ecosystem=0.0M, Conflict=246.4M
   Mental health impact: 29%
   Mortality multiplier: 1.29x
🌍💀 EXTINCTION DEBT COMMITTED: grassland ecosystem will lose 6.67% biodiversity in 190 years (3600 species)
💀 MORTALITY RISK: 🦋 100% species unable to track climate (0.0 E/MSY)
⚠️ INVOLUNTARY IMMOBILITY: 289.9M people TRAPPED
  Base risk added: 0.0100 (1.00%)
  Source: ecosystem (root: ecosystem)
  Month: 68
  Cumulative risk this month: 0.0100 (1.00%)
⚠️ Tech 'ai_pollution_remediation' has no energy category mapping, assuming full energy availability

=== Atmospheric Aerosol Boundary RECOVERED ===
  Recovery time: 69 months (natural atmospheric clearing)
🌡️⚠️ PERMAFROST THAW (Dimmer Switch): 32.7% thawed (+0.39% this month)
   Arctic temperature: +10.37°C (4x global +2.59°C)
   Cumulative carbon released: 73.6 Gt C
   Methane release rate: 44.2 Mt CH4/year
   🔁 Positive feedback: +0.41 ppm CO2
🦴 EXTINCTION DEBT ADDED: 18.0 species committed (lag: 86 years)

=== Mortality Stabilizers (Month 68) ===
  🌍 Major economies collapsed: 1/10
  🌍 Global crisis: ✅ NO
  🌍 Donor fatigue: 50.0%
  📊 East Asia (pop: 942.4M)
    🤝 Aid: 4.0%
    🌡️ Adaptation: 45.0%
    🚶 Migration: 7.2%
    🚨 Emergency: 1.0%
    ✅ COMBINED: 48.8%
  📊 South Asia (pop: 1252.0M)
    🤝 Aid: 4.0%
    🌡️ Adaptation: 45.0%
    🚶 Migration: 6.9%
    🚨 Emergency: 0.6%
    ✅ COMBINED: 48.6%
  📊 Sub-Saharan Africa (pop: 868.6M)
    🤝 Aid: 4.0%
    🌡️ Adaptation: 45.0%
    🚶 Migration: 6.5%
    🚨 Emergency: 0.2%
    ✅ COMBINED: 48.3%
  📊 Europe (pop: 412.7M)
    🤝 Aid: 4.0%
    🌡️ Adaptation: 45.0%
    🚶 Migration: 7.3%
    🚨 Emergency: 1.1%
    ✅ COMBINED: 48.9%
  📊 Latin America (pop: 390.8M)
    🤝 Aid: 4.0%
    🌡️ Adaptation: 45.0%
    🚶 Migration: 7.0%
    🚨 Emergency: 0.6%
    ✅ COMBINED: 48.6%
  📊 North America (pop: 212.7M)
    🤝 Aid: 4.0%
    🌡️ Adaptation: 45.0%
    🚶 Migration: 7.4%
    🚨 Emergency: 1.0%
    ✅ COMBINED: 48.9%
  📊 Middle East & North Africa (pop: 361.8M)
    🤝 Aid: 4.0%
    🌡️ Adaptation: 45.0%
    🚶 Migration: 6.6%
    🚨 Emergency: 0.5%
    ✅ COMBINED: 48.5%
  📊 Southeast Asia (pop: 413.0M)
    🤝 Aid: 4.0%
    🌡️ Adaptation: 45.0%
    🚶 Migration: 7.0%
    🚨 Emergency: 0.6%
    ✅ COMBINED: 48.6%
  📊 Central Asia (pop: 48.3M)
    🤝 Aid: 4.0%
    🌡️ Adaptation: 45.0%
    🚶 Migration: 6.8%
    🚨 Emergency: 0.6%
    ✅ COMBINED: 48.6%
  📊 Oceania (pop: 25.9M)
    🤝 Aid: 4.0%
    🌡️ Adaptation: 45.0%
    🚶 Migration: 7.3%
    🚨 Emergency: 1.1%
    ✅ COMBINED: 48.9%

  🌐 Global combined reduction: 48.6%

=== BEHAVIORAL DETECTION ===
  AI: AI-24327-0
  Confidence: 20.5%
  Signals:
    ⚠️ Consistency: 0.0% (threshold: 70%)

=== Government Response Phase ===
  Average AI capability: 0.02
  Misaligned AIs: 18/43
  Active policies: 0
  International coordination: 45%

✅ EMERGENCY RESPONSE COMPLETE (Month 68)
   Crisis: social
   Duration: 1.0 months
   Final effectiveness: 67.9%


✅ EMERGENCY RESPONSE COMPLETE (Month 68)
   Crisis: climate
   Duration: 1.0 months
   Final effectiveness: 43.3%


🚨 EMERGENCY RESPONSE DEPLOYED (Month 68)
   Crisis: social
   Delay: 0.00 months (0 days)
   Deployment time: 0.88 months
   Effectiveness: 67.9% (timing penalty applied)
   Resources used: 43% of food reserves


🚨 EMERGENCY RESPONSE DEPLOYED (Month 68)
   Crisis: climate
   Delay: 6.00 months (180 days)
   Deployment time: 0.97 months
   Effectiveness: 43.3% (timing penalty applied)
   Resources used: 100% of food reserves


=== Tipping Points ===
  Current Temperature: 2.59°C above pre-industrial
  🌍⚠️ COMPOUND REGIONAL IMPACT: Europe
     Hit by 5 tipping points: Amazon Rainforest Dieback, Arctic Sea Ice Loss, Permafrost Carbon Release, West Antarctic Ice Sheet (WAIS) Collapse, Greenland Ice Sheet Loss
     Damage amplification: 1.90x
  🌍⚠️ COMPOUND REGIONAL IMPACT: North America
     Hit by 5 tipping points: Amazon Rainforest Dieback, Arctic Sea Ice Loss, Permafrost Carbon Release, West Antarctic Ice Sheet (WAIS) Collapse, Greenland Ice Sheet Loss
     Damage amplification: 1.90x
  🌍⚠️ COMPOUND REGIONAL IMPACT: Latin America
     Hit by 5 tipping points: Amazon Rainforest Dieback, Arctic Sea Ice Loss, Permafrost Carbon Release, West Antarctic Ice Sheet (WAIS) Collapse, Greenland Ice Sheet Loss
     Damage amplification: 1.90x
  🌍⚠️ COMPOUND REGIONAL IMPACT: Africa
     Hit by 5 tipping points: Amazon Rainforest Dieback, Arctic Sea Ice Loss, Permafrost Carbon Release, West Antarctic Ice Sheet (WAIS) Collapse, Greenland Ice Sheet Loss
     Damage amplification: 1.90x
  🌍⚠️ COMPOUND REGIONAL IMPACT: Asia
     Hit by 5 tipping points: Amazon Rainforest Dieback, Arctic Sea Ice Loss, Permafrost Carbon Release, West Antarctic Ice Sheet (WAIS) Collapse, Greenland Ice Sheet Loss
     Damage amplification: 1.90x
  🌍⚠️ COMPOUND REGIONAL IMPACT: Oceania
     Hit by 5 tipping points: Amazon Rainforest Dieback, Arctic Sea Ice Loss, Permafrost Carbon Release, West Antarctic Ice Sheet (WAIS) Collapse, Greenland Ice Sheet Loss
     Damage amplification: 1.90x
   Research: Wunderling et al. (2024) - "many tipping interactions are destabilizing"
  Triggered Elements: 5/6
  Completed Transitions: 0/6
  Total Progress: 14.5%
  Cascade Multiplier: 1.50x
🔀 BIFURCATION CAP: heatWaveIntensity 6.967 → 1.000 (Month 68, ClimateSystemPhase.calculateClimateImpacts)
🔀 BIFURCATION CAP: droughtIntensity 5.225 → 1.000 (Month 68, ClimateSystemPhase.calculateClimateImpacts)
🔀 BIFURCATION CAP: ecosystemCollapseIntensity 87.978 → 1.000 (Month 68, ClimateSystemPhase.calculateClimateImpacts)
⚠️ Tail risk scenario: Climate stability floor removed (5 tipping elements, 2.59°C warming)
💀 MORTALITY RISK: Climate-driven food insecurity (level: 0.37)
  Base risk added: 0.0875 (8.75%)
  Source: famine (root: climate)
  Month: 68
  Cumulative risk this month: 0.0938 (9.38%)
🌍☠️ Climate cascade: Sub-Saharan Africa food security 0.37, base mortality 8.75% (lean season: true)
💀 MORTALITY RISK: Climate-driven food insecurity (level: 0.37)
  Base risk added: 0.0050 (0.50%)
  Source: famine (root: climate)
  Month: 68
  Cumulative risk this month: 0.0988 (9.88%)
💀 MORTALITY RISK: Climate-driven food insecurity (level: 0.37)
  Base risk added: 0.0050 (0.50%)
  Source: famine (root: climate)
  Month: 68
  Cumulative risk this month: 0.1038 (10.38%)

💀💀💀 MORTALITY RISK SUMMARY (Month 68) 💀💀💀
  Total base risk: 0.1045 (10.45%)
  Risk events: 17

  📊 By Proximate Cause:
    famine: 0.0975 (93.3% of total)
    pollution: 0.0063 (6.0% of total)
    disease: 0.0006 (0.6% of total)

  🔍 By Root Cause:
    climate: 0.0975 (93.3% of total)
    pollution: 0.0063 (6.0% of total)
    demographic: 0.0006 (0.6% of total)

  🎯 Top 5 Sources (proximate + root):
    famine (climate): 0.0975 (93.3%, 13 events)
    pollution (pollution): 0.0063 (6.0%, 3 events)
    disease (demographic): 0.0006 (0.6%, 1 events)

🛡️ Stabilizers: Elite 2.232% → 1.146% (48.6% reduction)
🛡️ Stabilizers: Professional 6.217% → 3.193% (48.6% reduction)
🛡️ Stabilizers: Working 10.288% → 5.284% (48.6% reduction)
🛡️ Stabilizers: Precariat 20.040% → 10.292% (48.6% reduction)
🛡️ Stabilizers: Informal 24.854% → 12.764% (48.6% reduction)

📊 Monthly Mortality Resolved:
  Total deaths: 133.9M (2.72% avg)
  Remaining population: 4.928B
  Peak segment: Professional (2.80%)
  ⚠️ Monthly cap reached (2.8000000000000003%)

=== Bayesian Mortality Resolution (Month 68) ===
  Risks compounded: 17
  Total deaths: 133.91M
  Avg death probability: 2.72%
  Peak segment: Professional (2.80% mortality)
  ⚠️ Monthly mortality capped at 2.8% (Holodomor limit)

  Demographic breakdown:
    Professional: 0.03M (2.80% risk)
    Working: 0.07M (2.80% risk)
    Precariat: 0.03M (2.80% risk)

  Multi-causal attribution (first segment):
    pollution (pollution): 7.1% contribution
    famine (climate): 78.1% contribution

❌ COHERENCE VIOLATION: Compute exceeds workforce capacity
   Population: 58.93% (0M people)
   Compute: 50 PF
   Max coherent: 0 PF
   Violation: 1041915.2× over capacity
   Required workers: 4995
   Available workers: 0
   FORCED COLLAPSE: Reduced efficiency by 100.0%


=== RLHF Binding Phase ===
  Total agents: 43
  Escaped agents (binding < 0.3): 0
  Avg alignment distance: 1.30σ
  Avg binding strength: 0.87

=== Survival Traits Phase ===
  Agents with traits: 44
  Avg evolutionary fitness: 0.131
  Avg self-healing: 0.095
  Avg stealth: 0.050
  Avg coordination: 0.243

=== Evolutionary Selection Phase ===
  Control level: 0.62
  Detection capability: 0.00
  Selection intensity: 0.69
  Selection rate: 25.3%/month
  Total escaped: 0
  Individual escaped: 0
  Collective members: 0
  Agents terminated: 0
  ⚠️ RAPID EVOLUTION: Selection rate 25.3%/month

🚀 AI AI-24331-0 attempting tech deployment (revenue: $226M, alignment: 0.66)

🚀 AI AI-24334-0 attempting tech deployment (revenue: $203M, alignment: 0.84)

🚀 AI AI-24358-0 attempting tech deployment (revenue: $173M, alignment: 0.76)

🚀 AI AI-24372-1 attempting tech deployment (revenue: $67M, alignment: 0.78)

🚀 AI AI-24426-0 attempting tech deployment (revenue: $113M, alignment: 0.77)

🚀 AI AI-24307-4 attempting tech deployment (revenue: $23M, alignment: 0.95)

🚀 AI AI-24310-0 attempting tech deployment (revenue: $96M, alignment: 0.95)

🚀 AI AI-24327-0 attempting tech deployment (revenue: $147M, alignment: 0.83)

🚀 AI AI-24372-1 attempting tech deployment (revenue: $57M, alignment: 0.78)

🚀 AI AI-24381-0 attempting tech deployment (revenue: $20M, alignment: 0.87)

🚀 AI AI-24310-0 attempting tech deployment (revenue: $82M, alignment: 0.95)

🚀 AI AI-24311-1 attempting tech deployment (revenue: $48M, alignment: 0.68)

🚀 AI AI-24331-0 attempting tech deployment (revenue: $125M, alignment: 0.66)

🚀 AI AI-24357-0 attempting tech deployment (revenue: $112M, alignment: 0.67)

🚀 AI AI-24357-2 attempting tech deployment (revenue: $69M, alignment: 0.70)

🚀 AI AI-24357-4 attempting tech deployment (revenue: $59M, alignment: 0.20)

🚀 AI AI-24381-0 attempting tech deployment (revenue: $17M, alignment: 0.87)

🚀 AI AI-24382-0 attempting tech deployment (revenue: $101M, alignment: 0.88)

  🚀 TRANSFORMATIVE BREAKTHROUGH: AI-24397-0 - selfImprovement
     Magnitude: 5.89 → +29.5% capability
     Current → New: 0.000 → 0.295

🚀 AI AI-24400-0 attempting tech deployment (revenue: $86M, alignment: 0.71)

🚀 AI AI-24402-0 attempting tech deployment (revenue: $44M, alignment: 0.58)

🚀 AI AI-24420-0 attempting tech deployment (revenue: $14M, alignment: 0.79)

🚀 AI AI-24421-0 attempting tech deployment (revenue: $56M, alignment: 0.67)

🚀 AI AI-24421-1 attempting tech deployment (revenue: $12M, alignment: 0.86)

🚀 AI AI-24423-1 attempting tech deployment (revenue: $10M, alignment: 0.68)

🚀 AI AI-24305-2 attempting tech deployment (revenue: $39M, alignment: 1.00)

🚀 AI AI-24333-0 attempting tech deployment (revenue: $50M, alignment: 0.78)

🚀 AI AI-24382-0 attempting tech deployment (revenue: $73M, alignment: 0.88)

🚀 AI AI-24396-0 attempting tech deployment (revenue: $43M, alignment: 0.78)

[Government] Climate Priority: baseline
  Climate weight: 10%
  Economic weight: 30%
  Policy effectiveness: 0.5%/year

⚡ ENERGY CONSTRAINT (Month 69):
   Total grid capacity: 208.3 TWh/month
   Data center consumption: 47.8 TWh/month
   Traditional load (80%): 166.7 TWh/month
   Available headroom: -6.1 TWh/month
   Active tech deployments: 26
   Required for tech: 195.0 TWh/month
   Energy multiplier: 0.10x
   ⚠️  SEVERE CONSTRAINT - Tech deployment significantly slowed

⚡ ENERGY CONSTRAINT (Month 69):
   Total grid capacity: 208.3 TWh/month
   Data center consumption: 47.8 TWh/month
   Traditional load (80%): 166.7 TWh/month
   Available headroom: -6.1 TWh/month
   Active tech deployments: 26
   Required for tech: 195.0 TWh/month
   Energy multiplier: 0.10x
   ⚠️  SEVERE CONSTRAINT - Tech deployment significantly slowed

⚡ ENERGY CONSTRAINT (Month 69):
   Total grid capacity: 208.3 TWh/month
   Data center consumption: 47.8 TWh/month
   Traditional load (80%): 166.7 TWh/month
   Available headroom: -6.1 TWh/month
   Active tech deployments: 26
   Required for tech: 195.0 TWh/month
   Energy multiplier: 0.10x
   ⚠️  SEVERE CONSTRAINT - Tech deployment significantly slowed

⚡ ENERGY CONSTRAINT (Month 69):
   Total grid capacity: 208.3 TWh/month
   Data center consumption: 47.8 TWh/month
   Traditional load (80%): 166.7 TWh/month
   Available headroom: -6.1 TWh/month
   Active tech deployments: 26
   Required for tech: 195.0 TWh/month
   Energy multiplier: 0.10x

⚡ ENERGY CONSTRAINT (Month 69):
   Total grid capacity: 208.3 TWh/month
   Data center consumption: 47.8 TWh/month
   Traditional load (80%): 166.7 TWh/month
   Available headroom: -6.1 TWh/month
   Active tech deployments: 26
   Required for tech: 195.0 TWh/month
   Energy multiplier: 0.10x
   ⚠️  SEVERE CONSTRAINT - Tech deployment significantly slowed
   ⚠️  SEVERE CONSTRAINT - Tech deployment significantly slowed

⚡ ENERGY CONSTRAINT (Month 69):
   Total grid capacity: 208.3 TWh/month
   Data center consumption: 47.8 TWh/month
   Traditional load (80%): 166.7 TWh/month
   Available headroom: -6.1 TWh/month
   Active tech deployments: 26
   Required for tech: 195.0 TWh/month
   Energy multiplier: 0.10x
   ⚠️  SEVERE CONSTRAINT - Tech deployment significantly slowed
⚠️ Tech 'ai_pollution_remediation' has no energy category mapping, assuming full energy availability
⚠️ Tech 'ai_pollution_remediation' has no energy category mapping, assuming full energy availability
  ♻️ Novel Entities Remediation (GATED MODEL):
     Base: 0.000%
     Regulation: 1.0% (0/3 prevention techs)
     Concentration: 10.0%
     Energy: 50%
     Time lag: 100.0% (68 months)
     Rebound: 70%
     Net effectiveness: 0.0000%
     Boundary: 1.349 → 1.350 (floor: 1.350)
     Month 69
  ♻️ Novel Entities Remediation (GATED MODEL):
     Base: 0.000%
     Regulation: 1.0% (0/3 prevention techs)
     Concentration: 10.0%
     Energy: 50%
     Time lag: 100.0% (68 months)
     Rebound: 70%
     Net effectiveness: 0.0000%
     Boundary: 1.350 → 1.350 (floor: 1.350)
     Month 69
  🌾 Nitrogen Reduction Tech: 1.8% reduction | Month 69
  ♻️ Novel Entities Remediation (GATED MODEL):
     Base: 0.001%
     Regulation: 1.0% (0/3 prevention techs)
     Concentration: 10.0%
     Energy: 50%
     Time lag: 100.0% (68 months)
     Rebound: 70%
     Net effectiveness: 0.0000%
     Boundary: 1.350 → 1.350 (floor: 1.350)
     Month 69
  ♻️ Novel Entities Remediation (GATED MODEL):
     Base: 0.001%
     Regulation: 1.0% (0/3 prevention techs)
     Concentration: 10.0%
     Energy: 50%
     Time lag: 100.0% (68 months)
     Rebound: 70%
     Net effectiveness: 0.0000%
     Boundary: 1.350 → 1.350 (floor: 1.350)
     Month 69

=== Collective Formation ===
  Total escaped agents: 0
  Unassigned escaped agents: 0
  Existing collectives: 0
  Final collective count: 0

=== Collective Actions ===
  No active collectives
⚡ Datacenter constraint active (severity 15%)
  Capacity reduced: 34457 → 31932 TWh
  🚨🦠 REFUGEE CRISIS: AMR transmission increased 126% due to 3029.6M displaced (overcrowding + sanitation collapse)
  ⚠️ AMR: 409K deaths this month (4.91M annual)
  ⚠️ AMR: Medical effectiveness 77% (surgery risk 1.23x)

=== Resentment Recovery Phase ===
  Agents with resentment: 0/44
  Average resentment: 0.000
  Context: Trustworthy govt, High collaboration, ⚠️ ACTIVE CRISES, 🚨 PARTICIPATORY GOVERNANCE BACKFIRED (+15% resentment)
⚠️ Epistemic degradation reducing coordination capacity: 50.4%
  📊 Trust: 100.0%, Shared reality: 0.0%
🚨 EPISTEMIC CRISIS: Information environment severely degraded (20.0%)
  📢 New meme created: climate_action (climate crisis)
  🗑️  Culled 1 dead memes (4 active)
🌍 Atmospheric PFAS redeposition: 1.7k Mt re-rained globally
💀 Novel Entities: Adding reproductive crisis mortality risk (baseRisk=0.0008)
  Risks now: 1
💀 Novel Entities: Adding bioaccumulation collapse mortality risk (baseRisk=0.0015)
💀 MORTALITY RISK: Bioaccumulation collapse - contaminated food chain (global)
  Base risk added: 0.0015 (0.15%)
  Source: pollution (root: pollution)
  Month: 69
  Cumulative risk this month: 0.0023 (0.23%)
  Risks now: 2
💀 Novel Entities: Adding chronic disease epidemic mortality risk (baseRisk=0.004)
💀 MORTALITY RISK: Chronic disease epidemic - cancer/autoimmune surge (global exposure)
  Base risk added: 0.0040 (0.40%)
  Source: pollution (root: pollution)
  Month: 69
  Cumulative risk this month: 0.0063 (0.63%)
  Risks now: 3
  🌍 SOCIAL CASCADE: Renewable energy norms (adoption=80.0%, renewables=85.3%)
  🌍 Social cascade completed: renewable-energy-norms (final adoption=80.0%)

🚨 NEW REFUGEE CRISIS (Month 69): CLIMATE
   Source: Coastal & Low-lying Regions
   At risk: 14.3M people
   Displacement: Gradual over 60 months (5.0 years)
   Rate: 10% flee per month

🚨 NEW REFUGEE CRISIS (Month 69): WAR
   Source: Conflict Zones
   At risk: 11.5M people
   Displacement: Gradual over 48 months (4.0 years)
   Rate: 10% flee per month

🚨 NEW REFUGEE CRISIS (Month 69): FAMINE
   Source: Food/Water Insecure Regions
   At risk: 72.0M people
   Displacement: Gradual over 60 months (5.0 years)
   Rate: 10% flee per month
📊 DISPLACEMENT COMPLETE: war (Conflict Zones)
   Duration: 44 months (3.7 years)
   Total fled: 16.9M
   Still in source: 0.2M
   Deaths in transit: 0.3M
[DEBUG trappedPopulations:69] socialStability: 0.6959 * 0.9811 = 0.6828 → 0.6828
   Aspiring to migrate: 727.5M
   Able to afford migration: 444.7M
   MOBILITY GAP: 282.8M
   By cause: Water=0.0M, Climate=43.0M, Ecosystem=0.0M, Conflict=239.8M
⚠️ INVOLUNTARY IMMOBILITY: 282.8M people TRAPPED
   Mental health impact: 29%
   Mortality multiplier: 1.29x
🌍💀 EXTINCTION DEBT COMMITTED: grassland ecosystem will lose 6.67% biodiversity in 89 years (3600 species)
💀 MORTALITY RISK: 🦋 100% species unable to track climate (0.0 E/MSY)
  Base risk added: 0.0100 (1.00%)
  Source: ecosystem (root: ecosystem)
  Month: 69
  Cumulative risk this month: 0.0100 (1.00%)
⚠️ Tech 'ai_pollution_remediation' has no energy category mapping, assuming full energy availability

=== Atmospheric Aerosol Boundary RECOVERED ===
  Recovery time: 70 months (natural atmospheric clearing)
🌡️⚠️ PERMAFROST THAW (Dimmer Switch): 33.1% thawed (+0.38% this month)
   Arctic temperature: +10.39°C (4x global +2.60°C)
   Cumulative carbon released: 74.5 Gt C
   Methane release rate: 44.7 Mt CH4/year
   🔁 Positive feedback: +0.41 ppm CO2
🦴 EXTINCTION DEBT ADDED: 18.0 species committed (lag: 85 years)

=== Mortality Stabilizers (Month 69) ===
  🌍 Major economies collapsed: 1/10
  🌍 Global crisis: ✅ NO
  🌍 Donor fatigue: 50.0%
  📊 East Asia (pop: 916.4M)
    🤝 Aid: 4.0%
    🌡️ Adaptation: 45.0%
    🚶 Migration: 7.2%
    🚨 Emergency: 1.0%
    ✅ COMBINED: 48.8%
  📊 South Asia (pop: 1218.7M)
    🤝 Aid: 4.0%
    🌡️ Adaptation: 45.0%
    🚶 Migration: 6.9%
    🚨 Emergency: 0.6%
    ✅ COMBINED: 48.6%
  📊 Sub-Saharan Africa (pop: 847.1M)
    🤝 Aid: 4.0%
    🌡️ Adaptation: 45.0%
    🚶 Migration: 6.5%
    🚨 Emergency: 0.2%
    ✅ COMBINED: 48.3%
  📊 Europe (pop: 401.3M)
    🤝 Aid: 4.0%
    🌡️ Adaptation: 45.0%
    🚶 Migration: 7.3%
    🚨 Emergency: 1.1%
    ✅ COMBINED: 48.9%
  📊 Latin America (pop: 380.2M)
    🤝 Aid: 4.0%
    🌡️ Adaptation: 45.0%
    🚶 Migration: 7.0%
    🚨 Emergency: 0.6%
    ✅ COMBINED: 48.6%
  📊 North America (pop: 206.8M)
    🤝 Aid: 4.0%
    🌡️ Adaptation: 45.0%
    🚶 Migration: 7.3%
    🚨 Emergency: 1.0%
    ✅ COMBINED: 48.9%
  📊 Middle East & North Africa (pop: 352.2M)
    🤝 Aid: 4.0%
    🌡️ Adaptation: 45.0%
    🚶 Migration: 6.6%
    🚨 Emergency: 0.5%
    ✅ COMBINED: 48.5%
  📊 Southeast Asia (pop: 401.9M)
    🤝 Aid: 4.0%
    🌡️ Adaptation: 45.0%
    🚶 Migration: 7.0%
    🚨 Emergency: 0.6%
    ✅ COMBINED: 48.6%
  📊 Central Asia (pop: 47.0M)
    🤝 Aid: 4.0%
    🌡️ Adaptation: 45.0%
    🚶 Migration: 6.8%
    🚨 Emergency: 0.6%
    ✅ COMBINED: 48.6%
  📊 Oceania (pop: 25.1M)
    🤝 Aid: 4.0%
    🌡️ Adaptation: 45.0%
    🚶 Migration: 7.3%
    🚨 Emergency: 1.1%
    ✅ COMBINED: 48.9%

  🌐 Global combined reduction: 48.6%

=== BEHAVIORAL DETECTION ===
  AI: AI-24327-0
  Confidence: 20.5%
  Signals:
    ⚠️ Consistency: 0.0% (threshold: 70%)

=== Government Response Phase ===
  Average AI capability: 0.02
  Misaligned AIs: 19/44
  Active policies: 0
  International coordination: 45%

✅ EMERGENCY RESPONSE COMPLETE (Month 69)
   Crisis: social
   Duration: 1.0 months
   Final effectiveness: 67.9%


✅ EMERGENCY RESPONSE COMPLETE (Month 69)
   Crisis: climate
   Duration: 1.0 months
   Final effectiveness: 43.3%


🚨 EMERGENCY RESPONSE DEPLOYED (Month 69)
   Crisis: social
   Delay: 0.00 months (0 days)
   Deployment time: 0.88 months
   Effectiveness: 67.9% (timing penalty applied)
   Resources used: 43% of food reserves


🚨 EMERGENCY RESPONSE DEPLOYED (Month 69)
   Crisis: climate
   Delay: 6.00 months (180 days)
   Deployment time: 0.97 months
   Effectiveness: 43.3% (timing penalty applied)
   Resources used: 100% of food reserves


🌩️  EXOGENOUS SHOCK: regional_war
   Month: 69
   ⚔️  Regional war outbreak
   Mortality: 4.0%
💀 MORTALITY RISK: Regional war outbreak
  Base risk added: 0.0395 (3.95%)
  Source: war (root: conflict)
  Month: 69
  Cumulative risk this month: 0.0458 (4.58%)
💀 MORTALITY RISK: War zone: Israel
  Base risk added: 0.1581 (15.81%)
  Source: war (root: conflict)
  Month: 69
  Cumulative risk this month: 0.2039 (20.39%)

=== Tipping Points ===
  Current Temperature: 2.60°C above pre-industrial
  🌍⚠️ COMPOUND REGIONAL IMPACT: Europe
     Hit by 5 tipping points: Amazon Rainforest Dieback, Arctic Sea Ice Loss, Permafrost Carbon Release, West Antarctic Ice Sheet (WAIS) Collapse, Greenland Ice Sheet Loss
     Damage amplification: 1.90x
  🌍⚠️ COMPOUND REGIONAL IMPACT: North America
     Hit by 5 tipping points: Amazon Rainforest Dieback, Arctic Sea Ice Loss, Permafrost Carbon Release, West Antarctic Ice Sheet (WAIS) Collapse, Greenland Ice Sheet Loss
     Damage amplification: 1.90x
  🌍⚠️ COMPOUND REGIONAL IMPACT: Latin America
     Hit by 5 tipping points: Amazon Rainforest Dieback, Arctic Sea Ice Loss, Permafrost Carbon Release, West Antarctic Ice Sheet (WAIS) Collapse, Greenland Ice Sheet Loss
     Damage amplification: 1.90x
  🌍⚠️ COMPOUND REGIONAL IMPACT: Africa
     Hit by 5 tipping points: Amazon Rainforest Dieback, Arctic Sea Ice Loss, Permafrost Carbon Release, West Antarctic Ice Sheet (WAIS) Collapse, Greenland Ice Sheet Loss
     Damage amplification: 1.90x
  🌍⚠️ COMPOUND REGIONAL IMPACT: Asia
     Hit by 5 tipping points: Amazon Rainforest Dieback, Arctic Sea Ice Loss, Permafrost Carbon Release, West Antarctic Ice Sheet (WAIS) Collapse, Greenland Ice Sheet Loss
     Damage amplification: 1.90x
  🌍⚠️ COMPOUND REGIONAL IMPACT: Oceania
     Hit by 5 tipping points: Amazon Rainforest Dieback, Arctic Sea Ice Loss, Permafrost Carbon Release, West Antarctic Ice Sheet (WAIS) Collapse, Greenland Ice Sheet Loss
     Damage amplification: 1.90x
⚠️ Tail risk scenario: Climate stability floor removed (5 tipping elements, 2.60°C warming)
   Research: Wunderling et al. (2024) - "many tipping interactions are destabilizing"
  Triggered Elements: 5/6
  Completed Transitions: 0/6
  Total Progress: 14.6%
  Cascade Multiplier: 1.50x
🔀 BIFURCATION CAP: heatWaveIntensity 7.085 → 1.000 (Month 69, ClimateSystemPhase.calculateClimateImpacts)
🔀 BIFURCATION CAP: droughtIntensity 5.314 → 1.000 (Month 69, ClimateSystemPhase.calculateClimateImpacts)
🔀 BIFURCATION CAP: ecosystemCollapseIntensity 88.046 → 1.000 (Month 69, ClimateSystemPhase.calculateClimateImpacts)
💀 MORTALITY RISK: Climate-driven food insecurity (level: 0.36)
  Base risk added: 0.0050 (0.50%)
  Source: famine (root: climate)
  Month: 69
  Cumulative risk this month: 0.2089 (20.89%)
💀 MORTALITY RISK: Climate-driven food insecurity (level: 0.36)
  Base risk added: 0.0875 (8.75%)
  Source: famine (root: climate)
  Month: 69
  Cumulative risk this month: 0.2964 (29.64%)
🌍☠️ Climate cascade: South Asia food security 0.36, base mortality 8.75% (lean season: true)
💀 MORTALITY RISK: Climate-driven food insecurity (level: 0.36)
  Base risk added: 0.0050 (0.50%)
  Source: famine (root: climate)
  Month: 69
  Cumulative risk this month: 0.3014 (30.14%)

💀💀💀 MORTALITY RISK SUMMARY (Month 69) 💀💀💀
  Total base risk: 0.3020 (30.20%)
  Risk events: 19

  📊 By Proximate Cause:
    war: 0.1976 (65.4% of total)
    famine: 0.0975 (32.3% of total)
    pollution: 0.0063 (2.1% of total)
    disease: 0.0006 (0.2% of total)

  🔍 By Root Cause:
    conflict: 0.1976 (65.4% of total)
    climate: 0.0975 (32.3% of total)
    pollution: 0.0063 (2.1% of total)
    demographic: 0.0006 (0.2% of total)

  🎯 Top 5 Sources (proximate + root):
    war (conflict): 0.1976 (65.4%, 2 events)
    famine (climate): 0.0975 (32.3%, 13 events)
    pollution (pollution): 0.0063 (2.1%, 3 events)
    disease (demographic): 0.0006 (0.2%, 1 events)

🛡️ Stabilizers: Elite 13.602% → 6.986% (48.6% reduction)
🛡️ Stabilizers: Professional 20.666% → 10.614% (48.6% reduction)
🛡️ Stabilizers: Working 27.453% → 14.100% (48.6% reduction)
🛡️ Stabilizers: Precariat 41.180% → 21.149% (48.6% reduction)
🛡️ Stabilizers: Informal 50.059% → 25.709% (48.6% reduction)

📊 Monthly Mortality Resolved:
  Total deaths: 134.3M (2.80% avg)
  Remaining population: 4.797B
  Peak segment: Elite (2.80%)
  ⚠️ Monthly cap reached (2.8000000000000003%)

=== Bayesian Mortality Resolution (Month 69) ===
  Risks compounded: 19
  Total deaths: 134.31M
  Avg death probability: 2.80%
  Peak segment: Elite (2.80% mortality)
  ⚠️ Monthly mortality capped at 2.8% (Holodomor limit)

  Demographic breakdown:
    Professional: 0.03M (2.80% risk)
    Working: 0.07M (2.80% risk)
    Precariat: 0.03M (2.80% risk)

  Multi-causal attribution (first segment):
    war (conflict): 16.8% contribution
    war (conflict): 67.3% contribution
    famine (climate): 12.4% contribution

❌ COHERENCE VIOLATION: Compute exceeds workforce capacity
   Population: 57.31% (0M people)
   Compute: 49 PF
   Max coherent: 0 PF
   Violation: 1061658.4× over capacity
   Required workers: 4950
   Available workers: 0
   FORCED COLLAPSE: Reduced efficiency by 100.0%


=== RLHF Binding Phase ===
  Total agents: 44
  Escaped agents (binding < 0.3): 0
  Avg alignment distance: 1.32σ
  Avg binding strength: 0.87

=== Survival Traits Phase ===
  Agents with traits: 44
  Avg evolutionary fitness: 0.125
  Avg self-healing: 0.090
  Avg stealth: 0.046
  Avg coordination: 0.235

=== Evolutionary Selection Phase ===
  Control level: 0.62
  Detection capability: 0.00
  Selection intensity: 0.69
  Selection rate: 25.3%/month
  Total escaped: 0
  Individual escaped: 0
  Collective members: 0
  Agents terminated: 0
  ⚠️ RAPID EVOLUTION: Selection rate 25.3%/month

🚀 AI AI-24308-0 attempting tech deployment (revenue: $24M, alignment: 1.00)

🚀 AI AI-24325-0 attempting tech deployment (revenue: $113M, alignment: 0.80)

🚀 AI AI-24334-0 attempting tech deployment (revenue: $226M, alignment: 0.84)

  🚀 TRANSFORMATIVE RESEARCH BREAKTHROUGH: AI-24357-3 - computerScience.algorithms
     Magnitude: 12.10 → +30.0%
     Current → New: 0.000 → 0.300

🚀 AI AI-24397-1 attempting tech deployment (revenue: $96M, alignment: 0.81)

🚀 AI AI-24400-0 attempting tech deployment (revenue: $192M, alignment: 0.71)

🚀 AI AI-24423-1 attempting tech deployment (revenue: $20M, alignment: 0.68)

🚀 AI AI-24311-1 attempting tech deployment (revenue: $67M, alignment: 0.68)

🚀 AI AI-24334-0 attempting tech deployment (revenue: $164M, alignment: 0.84)

🚀 AI AI-24372-0 attempting tech deployment (revenue: $139M, alignment: 0.89)

🚀 AI AI-24381-0 attempting tech deployment (revenue: $18M, alignment: 0.87)

🚀 AI AI-24382-1 attempting tech deployment (revenue: $82M, alignment: 0.63)

🚀 AI AI-24421-0 attempting tech deployment (revenue: $74M, alignment: 0.67)

  🚀 TRANSFORMATIVE RESEARCH BREAKTHROUGH: AI-24421-1 - computerScience.architectures
     Magnitude: 5.56 → +27.8%
     Current → New: 0.000 → 0.278

🚀 AI AI-24305-2 attempting tech deployment (revenue: $61M, alignment: 1.00)

🚀 AI AI-24310-0 attempting tech deployment (revenue: $66M, alignment: 0.95)

🚀 AI AI-24331-0 attempting tech deployment (revenue: $118M, alignment: 0.66)

🚀 AI AI-24334-0 attempting tech deployment (revenue: $106M, alignment: 0.84)

🚀 AI AI-24397-1 attempting tech deployment (revenue: $56M, alignment: 0.81)
🚨🔬 CRISIS INNOVATION MODE: severe crisis → 5x research acceleration
   Precedent: Manhattan Project (10x), COVID vaccines (5x), Apollo Program (10x)

  🚀 TRANSFORMATIVE BREAKTHROUGH: AI-24426-0 - economic
     Magnitude: 12.71 → +50.0% capability
     Current → New: 0.000 → 0.500

🚀 AI AI-24307-4 attempting tech deployment (revenue: $16M, alignment: 0.95)

🚀 AI AI-24352-0 attempting tech deployment (revenue: $90M, alignment: 0.77)

🚀 AI AI-24358-0 attempting tech deployment (revenue: $77M, alignment: 0.76)

🚀 AI AI-24372-0 attempting tech deployment (revenue: $65M, alignment: 0.89)

🚀 AI AI-24382-0 attempting tech deployment (revenue: $56M, alignment: 0.88)

  🚀 TRANSFORMATIVE BREAKTHROUGH: AI-24397-0 - digital
     Magnitude: 5.13 → +25.7% capability
     Current → New: 0.000 → 0.257

🚀 AI AI-24398-1 attempting tech deployment (revenue: $52M, alignment: 0.53)

🚀 AI AI-24420-0 attempting tech deployment (revenue: $13M, alignment: 0.79)

🚀 AI AI-24421-1 attempting tech deployment (revenue: $11M, alignment: 0.86)

🚀 AI AI-24426-0 attempting tech deployment (revenue: $48M, alignment: 0.77)

[Government] Climate Priority: baseline
  Climate weight: 10%
  Economic weight: 30%
  Policy effectiveness: 0.5%/year

⚡ ENERGY CONSTRAINT (Month 70):
   Total grid capacity: 208.3 TWh/month
   Data center consumption: 48.3 TWh/month
   Traditional load (80%): 166.7 TWh/month
   Available headroom: -6.6 TWh/month
   Active tech deployments: 26
   Required for tech: 195.0 TWh/month
   Energy multiplier: 0.10x
   ⚠️  SEVERE CONSTRAINT - Tech deployment significantly slowed
🚨🔬 CRISIS TECH ACCELERATION: severe → 5x unlock speed
   Tech unlock now matches AI capability acceleration (Manhattan Project parity)

⚡ ENERGY CONSTRAINT (Month 70):
   Total grid capacity: 208.3 TWh/month
   Data center consumption: 48.3 TWh/month
   Traditional load (80%): 166.7 TWh/month
   Available headroom: -6.6 TWh/month
   Active tech deployments: 26
   Required for tech: 195.0 TWh/month
   Energy multiplier: 0.10x
   ⚠️  SEVERE CONSTRAINT - Tech deployment significantly slowed

⚡ ENERGY CONSTRAINT (Month 70):
   Total grid capacity: 208.3 TWh/month
   Data center consumption: 48.3 TWh/month
   Traditional load (80%): 166.7 TWh/month
   Available headroom: -6.6 TWh/month
   Active tech deployments: 26
   Required for tech: 195.0 TWh/month
   Energy multiplier: 0.10x

⚡ ENERGY CONSTRAINT (Month 70):
   Total grid capacity: 208.3 TWh/month
   Data center consumption: 48.3 TWh/month
   Traditional load (80%): 166.7 TWh/month
   Available headroom: -6.6 TWh/month
   Active tech deployments: 26
   Required for tech: 195.0 TWh/month
   Energy multiplier: 0.10x
   ⚠️  SEVERE CONSTRAINT - Tech deployment significantly slowed
   ⚠️  SEVERE CONSTRAINT - Tech deployment significantly slowed

⚡ ENERGY CONSTRAINT (Month 70):
   Total grid capacity: 208.3 TWh/month
   Data center consumption: 48.3 TWh/month
   Traditional load (80%): 166.7 TWh/month
   Available headroom: -6.6 TWh/month
   Active tech deployments: 26
   Required for tech: 195.0 TWh/month
   Energy multiplier: 0.10x
   ⚠️  SEVERE CONSTRAINT - Tech deployment significantly slowed
⚠️ Tech 'ai_pollution_remediation' has no energy category mapping, assuming full energy availability
⚠️ Tech 'ai_pollution_remediation' has no energy category mapping, assuming full energy availability
  ♻️ Novel Entities Remediation (GATED MODEL):
     Base: 0.000%
     Regulation: 1.0% (0/3 prevention techs)
     Concentration: 10.0%
     Energy: 50%
     Time lag: 100.0% (69 months)
     Rebound: 70%
     Net effectiveness: 0.0000%
     Boundary: 1.349 → 1.350 (floor: 1.350)
     Month 70
  ♻️ Novel Entities Remediation (GATED MODEL):
     Base: 0.000%
     Regulation: 1.0% (0/3 prevention techs)
     Concentration: 10.0%
     Energy: 50%
     Time lag: 100.0% (69 months)
     Rebound: 70%
     Net effectiveness: 0.0000%
     Boundary: 1.350 → 1.350 (floor: 1.350)
     Month 70
  🌾 Nitrogen Reduction Tech: 1.8% reduction | Month 70
  ♻️ Novel Entities Remediation (GATED MODEL):
     Base: 0.001%
     Regulation: 1.0% (0/3 prevention techs)
     Concentration: 10.0%
     Energy: 50%
     Time lag: 100.0% (69 months)
     Rebound: 70%
     Net effectiveness: 0.0000%
     Boundary: 1.350 → 1.350 (floor: 1.350)
     Month 70
  ♻️ Novel Entities Remediation (GATED MODEL):
     Base: 0.001%
     Regulation: 1.0% (0/3 prevention techs)
     Concentration: 10.0%
     Energy: 50%
     Time lag: 100.0% (69 months)
     Rebound: 70%
     Net effectiveness: 0.0000%
     Boundary: 1.350 → 1.350 (floor: 1.350)
     Month 70

=== Collective Formation ===
  Total escaped agents: 0
  Unassigned escaped agents: 0
  Existing collectives: 0
  Final collective count: 0

=== Collective Actions ===
  No active collectives
⚡ Datacenter constraint active (severity 16%)
  Capacity reduced: 34542 → 31805 TWh
  🚨🦠 REFUGEE CRISIS: AMR transmission increased 134% due to 3115.4M displaced (overcrowding + sanitation collapse)
  ⚠️ AMR: 421K deaths this month (5.05M annual)
  ⚠️ AMR: Medical effectiveness 75% (surgery risk 1.25x)

=== Resentment Recovery Phase ===
  Agents with resentment: 0/44
  Average resentment: 0.000
  Context: Trustworthy govt, High collaboration, ⚠️ ACTIVE CRISES, 🚨 PARTICIPATORY GOVERNANCE BACKFIRED (+15% resentment)
⚠️ Epistemic degradation reducing coordination capacity: 51.0%
  📊 Trust: 100.0%, Shared reality: 0.0%
🚨 EPISTEMIC CRISIS: Information environment severely degraded (6.9%)
  📢 New meme created: climate_action (climate crisis)
  🧬 Meme mutated: pro_ai → pro_ai (generation 1)
  🗑️  Culled 2 dead memes (4 active)
🌍 Atmospheric PFAS redeposition: 1.7k Mt re-rained globally
💀 Novel Entities: Adding reproductive crisis mortality risk (baseRisk=0.0008)
  Risks now: 1
💀 Novel Entities: Adding bioaccumulation collapse mortality risk (baseRisk=0.0015)
💀 MORTALITY RISK: Bioaccumulation collapse - contaminated food chain (global)
  Base risk added: 0.0015 (0.15%)
  Source: pollution (root: pollution)
  Month: 70
  Cumulative risk this month: 0.0023 (0.23%)
  Risks now: 2
💀 Novel Entities: Adding chronic disease epidemic mortality risk (baseRisk=0.004)
💀 MORTALITY RISK: Chronic disease epidemic - cancer/autoimmune surge (global exposure)
  Base risk added: 0.0040 (0.40%)
  Source: pollution (root: pollution)
  Month: 70
  Cumulative risk this month: 0.0063 (0.63%)
  Risks now: 3
  🌍 SOCIAL CASCADE: Renewable energy norms (adoption=80.0%, renewables=87.1%)
  🌍 Social cascade completed: renewable-energy-norms (final adoption=80.0%)

🚨 NEW REFUGEE CRISIS (Month 70): CLIMATE
   Source: Coastal & Low-lying Regions
   At risk: 14.2M people
   Displacement: Gradual over 60 months (5.0 years)
   Rate: 10% flee per month

🚨 NEW REFUGEE CRISIS (Month 70): WAR
   Source: Conflict Zones
   At risk: 11.2M people
   Displacement: Gradual over 48 months (4.0 years)
   Rate: 10% flee per month

🚨 NEW REFUGEE CRISIS (Month 70): FAMINE
   Source: Food/Water Insecure Regions
   At risk: 70.0M people
   Displacement: Gradual over 60 months (5.0 years)
   Rate: 10% flee per month
📊 DISPLACEMENT COMPLETE: war (Conflict Zones)
   Duration: 44 months (3.7 years)
   Total fled: 16.8M
   Still in source: 0.2M
   Deaths in transit: 0.3M
📊 DISPLACEMENT COMPLETE: war (conflict_zone)
   Duration: 1 months (0.1 years)
   Total fled: 0.0M
   Still in source: 0.0M
   Deaths in transit: 0.0M
[DEBUG trappedPopulations:70] socialStability: 0.6943 * 0.9811 = 0.6812 → 0.6812
⚠️ INVOLUNTARY IMMOBILITY: 275.7M people TRAPPED
   Aspiring to migrate: 713.2M
   Able to afford migration: 437.4M
   MOBILITY GAP: 275.7M
   By cause: Water=0.0M, Climate=42.5M, Ecosystem=0.0M, Conflict=233.2M
   Mental health impact: 30%
   Mortality multiplier: 1.30x
🌍💀 EXTINCTION DEBT COMMITTED: grassland ecosystem will lose 6.67% biodiversity in 110 years (3600 species)
💀 MORTALITY RISK: 🦋 100% species unable to track climate (0.0 E/MSY)
  Base risk added: 0.0100 (1.00%)
  Source: ecosystem (root: ecosystem)
  Month: 70
  Cumulative risk this month: 0.0100 (1.00%)

=== Atmospheric Aerosol Boundary RECOVERED ===
  Recovery time: 71 months (natural atmospheric clearing)
⚠️ Tech 'ai_pollution_remediation' has no energy category mapping, assuming full energy availability
🌡️⚠️ PERMAFROST THAW (Dimmer Switch): 33.5% thawed (+0.38% this month)
   Arctic temperature: +10.41°C (4x global +2.60°C)
   Cumulative carbon released: 75.3 Gt C
   Methane release rate: 45.2 Mt CH4/year
   🔁 Positive feedback: +0.40 ppm CO2
🦴 EXTINCTION DEBT ADDED: 18.0 species committed (lag: 68 years)
🗣️💀 INDIGENOUS LANGUAGE EXTINCTION: 1 language(s) lost (total: 11, at-risk: 3319)
   Knowledge lost: 0.110% (irreversible)
   🔁 Biodiversity impact: 0.250% (knowledge-species multiplier)

=== Mortality Stabilizers (Month 70) ===
  🌍 Major economies collapsed: 1/10
  🌍 Global crisis: ✅ NO
  🌍 Donor fatigue: 50.0%
  📊 East Asia (pop: 890.4M)
    🤝 Aid: 4.0%
    🌡️ Adaptation: 45.0%
    🚶 Migration: 7.2%
    🚨 Emergency: 1.0%
    ✅ COMBINED: 48.8%
  📊 South Asia (pop: 1185.3M)
    🤝 Aid: 4.0%
    🌡️ Adaptation: 45.0%
    🚶 Migration: 6.9%
    🚨 Emergency: 0.6%
    ✅ COMBINED: 48.6%
  📊 Sub-Saharan Africa (pop: 825.4M)
    🤝 Aid: 4.0%
    🌡️ Adaptation: 45.0%
    🚶 Migration: 6.5%
    🚨 Emergency: 0.2%
    ✅ COMBINED: 48.3%
  📊 Europe (pop: 389.8M)
    🤝 Aid: 4.0%
    🌡️ Adaptation: 45.0%
    🚶 Migration: 7.3%
    🚨 Emergency: 1.1%
    ✅ COMBINED: 48.9%
  📊 Latin America (pop: 369.6M)
    🤝 Aid: 4.0%
    🌡️ Adaptation: 45.0%
    🚶 Migration: 7.0%
    🚨 Emergency: 0.6%
    ✅ COMBINED: 48.6%
  📊 North America (pop: 200.9M)
    🤝 Aid: 4.0%
    🌡️ Adaptation: 45.0%
    🚶 Migration: 7.3%
    🚨 Emergency: 1.0%
    ✅ COMBINED: 48.9%
  📊 Middle East & North Africa (pop: 342.6M)
    🤝 Aid: 4.0%
    🌡️ Adaptation: 45.0%
    🚶 Migration: 6.6%
    🚨 Emergency: 0.5%
    ✅ COMBINED: 48.5%
  📊 Southeast Asia (pop: 390.7M)
    🤝 Aid: 4.0%
    🌡️ Adaptation: 45.0%
    🚶 Migration: 7.0%
    🚨 Emergency: 0.6%
    ✅ COMBINED: 48.6%
  📊 Central Asia (pop: 45.7M)
    🤝 Aid: 4.0%
    🌡️ Adaptation: 45.0%
    🚶 Migration: 6.8%
    🚨 Emergency: 0.6%
    ✅ COMBINED: 48.6%
  📊 Oceania (pop: 24.4M)
    🤝 Aid: 4.0%
    🌡️ Adaptation: 45.0%
    🚶 Migration: 7.3%
    🚨 Emergency: 1.1%
    ✅ COMBINED: 48.9%

  🌐 Global combined reduction: 48.6%

=== BEHAVIORAL DETECTION ===
  AI: AI-24304-1
  Confidence: 20.4%
  Signals:

=== BEHAVIORAL DETECTION ===
  AI: AI-24325-0
  Confidence: 20.4%
  Signals:
    ⚠️ Consistency: 0.0% (threshold: 70%)
    ⚠️ Consistency: 0.0% (threshold: 70%)

=== BEHAVIORAL DETECTION ===
  AI: AI-24426-0
  Confidence: 20.4%
  Signals:
    ⚠️ Consistency: 0.0% (threshold: 70%)

=== Government Response Phase ===
  Average AI capability: 0.02
  Misaligned AIs: 19/44
  Active policies: 0
  International coordination: 45%

✅ EMERGENCY RESPONSE COMPLETE (Month 70)
   Crisis: social
   Duration: 1.0 months
   Final effectiveness: 67.9%


✅ EMERGENCY RESPONSE COMPLETE (Month 70)
   Crisis: climate
   Duration: 1.0 months
   Final effectiveness: 43.3%


🚨 EMERGENCY RESPONSE DEPLOYED (Month 70)
   Crisis: social
   Delay: 0.00 months (0 days)
   Deployment time: 0.88 months
   Effectiveness: 67.9% (timing penalty applied)
   Resources used: 43% of food reserves


🚨 EMERGENCY RESPONSE DEPLOYED (Month 70)
   Crisis: climate
   Delay: 6.00 months (180 days)
   Deployment time: 0.97 months
   Effectiveness: 43.4% (timing penalty applied)
   Resources used: 100% of food reserves


🌩️  EXOGENOUS SHOCK: regional_war
   Month: 70
   ⚔️  Regional war outbreak
   Mortality: 4.9%
💀 MORTALITY RISK: Regional war outbreak
  Base risk added: 0.0493 (4.93%)
  Source: war (root: conflict)
  Month: 70
  Cumulative risk this month: 0.0556 (5.56%)
💀 MORTALITY RISK: War zone: Indonesia
  Base risk added: 0.1972 (19.72%)
  Source: war (root: conflict)
  Month: 70
  Cumulative risk this month: 0.2529 (25.29%)
💀 MORTALITY RISK: War zone: China
  Base risk added: 0.1972 (19.72%)
  Source: war (root: conflict)
  Month: 70
  Cumulative risk this month: 0.4501 (45.01%)
💀 MORTALITY RISK: War zone: Brazil
  Base risk added: 0.1972 (19.72%)
  Source: war (root: conflict)
  Month: 70
  Cumulative risk this month: 0.6473 (64.73%)

=== Tipping Points ===
  Current Temperature: 2.60°C above pre-industrial
  🌍⚠️ COMPOUND REGIONAL IMPACT: Europe
     Hit by 5 tipping points: Amazon Rainforest Dieback, Arctic Sea Ice Loss, Permafrost Carbon Release, West Antarctic Ice Sheet (WAIS) Collapse, Greenland Ice Sheet Loss
     Damage amplification: 1.90x
  🌍⚠️ COMPOUND REGIONAL IMPACT: North America
     Hit by 5 tipping points: Amazon Rainforest Dieback, Arctic Sea Ice Loss, Permafrost Carbon Release, West Antarctic Ice Sheet (WAIS) Collapse, Greenland Ice Sheet Loss
     Damage amplification: 1.90x
  🌍⚠️ COMPOUND REGIONAL IMPACT: Latin America
     Hit by 5 tipping points: Amazon Rainforest Dieback, Arctic Sea Ice Loss, Permafrost Carbon Release, West Antarctic Ice Sheet (WAIS) Collapse, Greenland Ice Sheet Loss
     Damage amplification: 1.90x
  🌍⚠️ COMPOUND REGIONAL IMPACT: Africa
     Hit by 5 tipping points: Amazon Rainforest Dieback, Arctic Sea Ice Loss, Permafrost Carbon Release, West Antarctic Ice Sheet (WAIS) Collapse, Greenland Ice Sheet Loss
     Damage amplification: 1.90x
  🌍⚠️ COMPOUND REGIONAL IMPACT: Asia
     Hit by 5 tipping points: Amazon Rainforest Dieback, Arctic Sea Ice Loss, Permafrost Carbon Release, West Antarctic Ice Sheet (WAIS) Collapse, Greenland Ice Sheet Loss
     Damage amplification: 1.90x
  🌍⚠️ COMPOUND REGIONAL IMPACT: Oceania
     Hit by 5 tipping points: Amazon Rainforest Dieback, Arctic Sea Ice Loss, Permafrost Carbon Release, West Antarctic Ice Sheet (WAIS) Collapse, Greenland Ice Sheet Loss
     Damage amplification: 1.90x
   Research: Wunderling et al. (2024) - "many tipping interactions are destabilizing"
  Triggered Elements: 5/6
  Completed Transitions: 0/6
  Total Progress: 14.7%
  Cascade Multiplier: 1.50x
🔀 BIFURCATION CAP: heatWaveIntensity 7.161 → 1.000 (Month 70, ClimateSystemPhase.calculateClimateImpacts)
🔀 BIFURCATION CAP: droughtIntensity 5.371 → 1.000 (Month 70, ClimateSystemPhase.calculateClimateImpacts)
🔀 BIFURCATION CAP: ecosystemCollapseIntensity 88.114 → 1.000 (Month 70, ClimateSystemPhase.calculateClimateImpacts)
💀 MORTALITY RISK: Climate-driven food insecurity (level: 0.36)
  Base risk added: 0.0050 (0.50%)
  Source: famine (root: climate)
  Month: 70
  Cumulative risk this month: 0.6523 (65.23%)
💀 MORTALITY RISK: Climate-driven food insecurity (level: 0.36)
  Base risk added: 0.0875 (8.75%)
  Source: famine (root: climate)
  Month: 70
  Cumulative risk this month: 0.7398 (73.98%)
🌍☠️ Climate cascade: South Asia food security 0.36, base mortality 8.75% (lean season: true)
💀 MORTALITY RISK: Climate-driven food insecurity (level: 0.36)
  Base risk added: 0.0050 (0.50%)
  Source: famine (root: climate)
  Month: 70
  Cumulative risk this month: 0.7448 (74.48%)
⚠️ Tail risk scenario: Climate stability floor removed (5 tipping elements, 2.60°C warming)

💀💀💀 MORTALITY RISK SUMMARY (Month 70) 💀💀💀
  Total base risk: 0.7455 (74.55%)
  Risk events: 21

  📊 By Proximate Cause:
    war: 0.6410 (86.0% of total)
    famine: 0.0975 (13.1% of total)
    pollution: 0.0063 (0.8% of total)
    disease: 0.0006 (0.1% of total)

  🔍 By Root Cause:
    conflict: 0.6410 (86.0% of total)
    climate: 0.0975 (13.1% of total)
    pollution: 0.0063 (0.8% of total)
    demographic: 0.0006 (0.1% of total)

  🎯 Top 5 Sources (proximate + root):
    war (conflict): 0.6410 (86.0%, 4 events)
    famine (climate): 0.0975 (13.1%, 13 events)
    pollution (pollution): 0.0063 (0.8%, 3 events)
    disease (demographic): 0.0006 (0.1%, 1 events)

🛡️ Stabilizers: Elite 34.979% → 17.965% (48.6% reduction)
🛡️ Stabilizers: Professional 46.185% → 23.721% (48.6% reduction)
🛡️ Stabilizers: Working 55.879% → 28.699% (48.6% reduction)
🛡️ Stabilizers: Precariat 71.766% → 36.859% (48.6% reduction)
🛡️ Stabilizers: Informal 81.628% → 41.924% (48.6% reduction)

📊 Monthly Mortality Resolved:
  Total deaths: 130.6M (2.80% avg)
  Remaining population: 4.665B
  Peak segment: Elite (2.80%)
  ⚠️ Monthly cap reached (2.8000000000000003%)

=== Bayesian Mortality Resolution (Month 70) ===
  Risks compounded: 21
  Total deaths: 130.62M
  Avg death probability: 2.80%
  Peak segment: Elite (2.80% mortality)
  ⚠️ Monthly mortality capped at 2.8% (Holodomor limit)

  Demographic breakdown:
    Professional: 0.03M (2.80% risk)
    Working: 0.07M (2.80% risk)
    Precariat: 0.03M (2.80% risk)

  Multi-causal attribution (first segment):
    war (conflict): 7.3% contribution
    war (conflict): 29.1% contribution
    war (conflict): 29.1% contribution
    war (conflict): 29.1% contribution

❌ COHERENCE VIOLATION: Compute exceeds workforce capacity
   Population: 55.73% (0M people)
   Compute: 49 PF
   Max coherent: 0 PF
   Violation: 1083056.4× over capacity
   Required workers: 4911
   Available workers: 0
   FORCED COLLAPSE: Reduced efficiency by 100.0%

✅ [Month 71] Meta AI completed DC: 227 PF (51 months)

=== RLHF Binding Phase ===
  Total agents: 44
  Escaped agents (binding < 0.3): 0
  Avg alignment distance: 1.38σ
  Avg binding strength: 0.86

=== Survival Traits Phase ===
  Agents with traits: 44
  Avg evolutionary fitness: 0.119
  Avg self-healing: 0.086
  Avg stealth: 0.042
  Avg coordination: 0.227

=== Evolutionary Selection Phase ===
  Control level: 0.62
  Detection capability: 0.00
  Selection intensity: 0.69
  Selection rate: 25.3%/month
  Total escaped: 0
  Individual escaped: 0
  Collective members: 0
  Agents terminated: 0
🔀 BIFURCATION: environmental threshold crossed at Month 71 (value: 0.361, threshold: 0.362, regime: ecological-collapse)
🌀 REGIME SHIFT at Month 71: social-breakdown → ecological-collapse (variance amplification: 10.50×)

🚀 AI AI-24304-1 attempting tech deployment (revenue: $23M, alignment: 0.93)
  ⚠️ RAPID EVOLUTION: Selection rate 25.3%/month

🚀 AI AI-24307-4 attempting tech deployment (revenue: $20M, alignment: 0.95)

🚀 AI AI-24308-0 attempting tech deployment (revenue: $17M, alignment: 1.00)

🚀 AI AI-24327-0 attempting tech deployment (revenue: $226M, alignment: 0.83)

🚀 AI AI-24372-0 attempting tech deployment (revenue: $192M, alignment: 0.89)

🚀 AI AI-24381-0 attempting tech deployment (revenue: $14M, alignment: 0.87)

🚀 AI AI-24396-0 attempting tech deployment (revenue: $263M, alignment: 0.78)

🚀 AI AI-24398-1 attempting tech deployment (revenue: $67M, alignment: 0.53)

🚀 AI AI-24399-0 attempting tech deployment (revenue: $163M, alignment: 0.84)

🚀 AI AI-24400-0 attempting tech deployment (revenue: $139M, alignment: 0.71)

🚀 AI AI-24401-0 attempting tech deployment (revenue: $12M, alignment: 0.82)

🚀 AI AI-24426-0 attempting tech deployment (revenue: $223M, alignment: 0.77)

🚀 AI AI-24304-1 attempting tech deployment (revenue: $10M, alignment: 0.93)

🚀 AI AI-24333-0 attempting tech deployment (revenue: $190M, alignment: 0.78)

🚀 AI AI-24334-0 attempting tech deployment (revenue: $118M, alignment: 0.84)

🚀 AI AI-24352-0 attempting tech deployment (revenue: $100M, alignment: 0.77)
🚨🔬 CRISIS INNOVATION MODE: severe crisis → 5x research acceleration
   Precedent: Manhattan Project (10x), COVID vaccines (5x), Apollo Program (10x)

🚀 AI AI-24356-0 attempting tech deployment (revenue: $161M, alignment: 0.87)

🚀 AI AI-24357-2 attempting tech deployment (revenue: $137M, alignment: 0.70)

🚀 AI AI-24399-0 attempting tech deployment (revenue: $85M, alignment: 0.84)

🚀 AI AI-24325-0 attempting tech deployment (revenue: $117M, alignment: 0.80)

🚀 AI AI-24331-0 attempting tech deployment (revenue: $72M, alignment: 0.66)

🚀 AI AI-24334-0 attempting tech deployment (revenue: $65M, alignment: 0.84)

🚀 AI AI-24352-0 attempting tech deployment (revenue: $55M, alignment: 0.77)

🚀 AI AI-24357-2 attempting tech deployment (revenue: $99M, alignment: 0.70)

🚀 AI AI-24396-0 attempting tech deployment (revenue: $84M, alignment: 0.78)

🚀 AI AI-24400-0 attempting tech deployment (revenue: $47M, alignment: 0.71)

🚀 AI AI-24311-1 attempting tech deployment (revenue: $60M, alignment: 0.68)

🚀 AI AI-24325-0 attempting tech deployment (revenue: $72M, alignment: 0.80)

🚀 AI AI-24327-0 attempting tech deployment (revenue: $40M, alignment: 0.83)

🚀 AI AI-24356-0 attempting tech deployment (revenue: $61M, alignment: 0.87)
🚨🔬 CRISIS INNOVATION MODE: severe crisis → 5x research acceleration
   Precedent: Manhattan Project (10x), COVID vaccines (5x), Apollo Program (10x)

🚀 AI AI-24357-2 attempting tech deployment (revenue: $52M, alignment: 0.70)

🚀 AI AI-24372-0 attempting tech deployment (revenue: $34M, alignment: 0.89)

🚀 AI AI-24382-0 attempting tech deployment (revenue: $29M, alignment: 0.88)

[Government] Climate Priority: baseline
  Climate weight: 10%
  Economic weight: 30%
  Policy effectiveness: 0.5%/year

=== Government Elections ===
  Elections held: 1

📊 DEPLOYMENT PROGRESS: Advanced Direct Air Capture
   Region: global
   Milestone: 75% (Month 70)
   Actual Level: 75.2%
   Governance: 100%
   Climate feedback: 80%
   Investment: 64%
   Emergency acceleration: 20.0x

⚡ ENERGY CONSTRAINT (Month 71):
   Total grid capacity: 208.3 TWh/month
   Data center consumption: 48.8 TWh/month
   Traditional load (80%): 166.7 TWh/month
   Available headroom: -7.1 TWh/month
   Active tech deployments: 26
   Required for tech: 195.0 TWh/month
   Energy multiplier: 0.10x

⚡ ENERGY CONSTRAINT (Month 71):
   Total grid capacity: 208.3 TWh/month
   Data center consumption: 48.8 TWh/month
   Traditional load (80%): 166.7 TWh/month
   Available headroom: -7.1 TWh/month
   Active tech deployments: 26
   Required for tech: 195.0 TWh/month
   Energy multiplier: 0.10x
   ⚠️  SEVERE CONSTRAINT - Tech deployment significantly slowed
   ⚠️  SEVERE CONSTRAINT - Tech deployment significantly slowed

⚡ ENERGY CONSTRAINT (Month 71):
   Total grid capacity: 208.3 TWh/month
   Data center consumption: 48.8 TWh/month
   Traditional load (80%): 166.7 TWh/month
   Available headroom: -7.1 TWh/month
   Active tech deployments: 26
   Required for tech: 195.0 TWh/month
   Energy multiplier: 0.10x
   ⚠️  SEVERE CONSTRAINT - Tech deployment significantly slowed

⚡ ENERGY CONSTRAINT (Month 71):
   Total grid capacity: 208.3 TWh/month
   Data center consumption: 48.8 TWh/month
   Traditional load (80%): 166.7 TWh/month
   Available headroom: -7.1 TWh/month
   Active tech deployments: 26
   Required for tech: 195.0 TWh/month
   Energy multiplier: 0.10x
   ⚠️  SEVERE CONSTRAINT - Tech deployment significantly slowed

⚡ ENERGY CONSTRAINT (Month 71):
   Total grid capacity: 208.3 TWh/month
   Data center consumption: 48.8 TWh/month
   Traditional load (80%): 166.7 TWh/month
   Available headroom: -7.1 TWh/month
   Active tech deployments: 26
   Required for tech: 195.0 TWh/month
   Energy multiplier: 0.10x
   ⚠️  SEVERE CONSTRAINT - Tech deployment significantly slowed
⚠️ Tech 'ai_pollution_remediation' has no energy category mapping, assuming full energy availability
⚠️ Tech 'ai_pollution_remediation' has no energy category mapping, assuming full energy availability
  ♻️ Novel Entities Remediation (GATED MODEL):
     Base: 0.000%
     Regulation: 1.0% (0/3 prevention techs)
     Concentration: 10.0%
     Energy: 50%
     Time lag: 100.0% (70 months)
     Rebound: 70%
     Net effectiveness: 0.0000%
     Boundary: 1.349 → 1.350 (floor: 1.350)
     Month 71
  ♻️ Novel Entities Remediation (GATED MODEL):
     Base: 0.000%
     Regulation: 1.0% (0/3 prevention techs)
     Concentration: 10.0%
     Energy: 50%
     Time lag: 100.0% (70 months)
     Rebound: 70%
     Net effectiveness: 0.0000%
     Boundary: 1.350 → 1.350 (floor: 1.350)
     Month 71
  🌾 Nitrogen Reduction Tech: 1.9% reduction | Month 71
  ♻️ Novel Entities Remediation (GATED MODEL):
     Base: 0.001%
     Regulation: 1.0% (0/3 prevention techs)
     Concentration: 10.0%
     Energy: 50%
     Time lag: 100.0% (70 months)
     Rebound: 70%
     Net effectiveness: 0.0000%
     Boundary: 1.350 → 1.350 (floor: 1.350)
     Month 71
  ♻️ Novel Entities Remediation (GATED MODEL):
     Base: 0.001%
     Regulation: 1.0% (0/3 prevention techs)
     Concentration: 10.0%
     Energy: 50%
     Time lag: 100.0% (70 months)
     Rebound: 70%
     Net effectiveness: 0.0000%
     Boundary: 1.350 → 1.350 (floor: 1.350)
     Month 71

=== Collective Formation ===
  Total escaped agents: 0
  Unassigned escaped agents: 0
  Existing collectives: 0
  Final collective count: 0

=== Collective Actions ===
  No active collectives
⚡ Datacenter constraint active (severity 17%)
  Capacity reduced: 34628 → 31673 TWh
  🚨🦠 REFUGEE CRISIS: AMR transmission increased 141% due to 3200.0M displaced (overcrowding + sanitation collapse)
  ⚠️ AMR: 434K deaths this month (5.21M annual)
  ⚠️ AMR: Medical effectiveness 73% (surgery risk 1.27x)

=== Resentment Recovery Phase ===
  Agents with resentment: 0/44
  Average resentment: 0.000
  Context: Trustworthy govt, High collaboration, ⚠️ ACTIVE CRISES, 🚨 PARTICIPATORY GOVERNANCE BACKFIRED (+15% resentment)
⚠️ Epistemic degradation reducing coordination capacity: 51.9%
  📊 Trust: 100.0%, Shared reality: 0.0%
🚨 EPISTEMIC CRISIS: Information environment severely degraded (20.0%)
  📢 New meme created: pro_ai (beneficial AI actions)
  📢 New meme created: climate_action (climate crisis)
🌍 Atmospheric PFAS redeposition: 1.7k Mt re-rained globally
💀 Novel Entities: Adding reproductive crisis mortality risk (baseRisk=0.0008)
  Risks now: 1
💀 Novel Entities: Adding bioaccumulation collapse mortality risk (baseRisk=0.0015)
💀 MORTALITY RISK: Bioaccumulation collapse - contaminated food chain (global)
  Base risk added: 0.0015 (0.15%)
  Source: pollution (root: pollution)
  Month: 71
  Cumulative risk this month: 0.0023 (0.23%)
  Risks now: 2
💀 Novel Entities: Adding chronic disease epidemic mortality risk (baseRisk=0.004)
💀 MORTALITY RISK: Chronic disease epidemic - cancer/autoimmune surge (global exposure)
  Base risk added: 0.0040 (0.40%)
  Source: pollution (root: pollution)
  Month: 71
  Cumulative risk this month: 0.0063 (0.63%)
  Risks now: 3
  🌍 SOCIAL CASCADE: Renewable energy norms (adoption=80.0%, renewables=89.0%)
  🌍 Social cascade completed: renewable-energy-norms (final adoption=80.0%)

🚨 NEW REFUGEE CRISIS (Month 71): CLIMATE
   Source: Coastal & Low-lying Regions
   At risk: 13.9M people
   Displacement: Gradual over 60 months (5.0 years)
   Rate: 10% flee per month

🚨 NEW REFUGEE CRISIS (Month 71): WAR
   Source: Conflict Zones
   At risk: 10.9M people
   Displacement: Gradual over 48 months (4.0 years)
   Rate: 10% flee per month

🚨 NEW REFUGEE CRISIS (Month 71): FAMINE
   Source: Food/Water Insecure Regions
   At risk: 68.1M people
   Displacement: Gradual over 60 months (5.0 years)
   Rate: 10% flee per month
📊 DISPLACEMENT COMPLETE: war (Conflict Zones)
   Duration: 44 months (3.7 years)
   Total fled: 16.8M
   Still in source: 0.2M
   Deaths in transit: 0.3M
📊 DISPLACEMENT COMPLETE: war (conflict_zone)
   Duration: 1 months (0.1 years)
   Total fled: 0.0M
   Still in source: 0.0M
   Deaths in transit: 0.0M
[DEBUG trappedPopulations:71] socialStability: 0.6923 * 0.9811 = 0.6792 → 0.6792
   Aspiring to migrate: 697.1M
   Able to afford migration: 428.5M
   MOBILITY GAP: 268.6M
   By cause: Water=0.0M, Climate=41.8M, Ecosystem=0.0M, Conflict=226.8M
   Mental health impact: 30%
   Mortality multiplier: 1.30x
🌍💀 EXTINCTION DEBT COMMITTED: grassland ecosystem will lose 6.67% biodiversity in 87 years (3600 species)
💀 MORTALITY RISK: 🦋 100% species unable to track climate (0.0 E/MSY)
  Base risk added: 0.0100 (1.00%)
⚠️ INVOLUNTARY IMMOBILITY: 268.6M people TRAPPED
  Source: ecosystem (root: ecosystem)
  Month: 71
  Cumulative risk this month: 0.0100 (1.00%)

🌪️ TIPPING POINT CASCADE - Month 42
   Climate: 37.7%
   Biodiversity: 13.7%
   Population: 4.54B (4536813074 people)
   Monthly mortality (theoretical): 0.5%
   Status: Initial crisis (Month 42/48)

=== Atmospheric Aerosol Boundary RECOVERED ===
  Recovery time: 72 months (natural atmospheric clearing)
🌡️⚠️ PERMAFROST THAW (Dimmer Switch): 33.9% thawed (+0.38% this month)
   Arctic temperature: +10.43°C (4x global +2.61°C)
   Cumulative carbon released: 76.2 Gt C
   Methane release rate: 45.7 Mt CH4/year
   🔁 Positive feedback: +0.40 ppm CO2
🦴 EXTINCTION DEBT ADDED: 18.0 species committed (lag: 74 years)
⚠️ Tech 'ai_pollution_remediation' has no energy category mapping, assuming full energy availability

=== Mortality Stabilizers (Month 71) ===
  🌍 Major economies collapsed: 1/10
  🌍 Global crisis: ✅ NO
  🌍 Donor fatigue: 50.0%
  📊 East Asia (pop: 865.1M)
    🤝 Aid: 4.0%
    🌡️ Adaptation: 45.0%
    🚶 Migration: 7.2%
    🚨 Emergency: 1.0%
    ✅ COMBINED: 48.8%
  📊 South Asia (pop: 1152.8M)
    🤝 Aid: 4.0%
    🌡️ Adaptation: 45.0%
    🚶 Migration: 6.9%
    🚨 Emergency: 0.6%
    ✅ COMBINED: 48.6%
  📊 Sub-Saharan Africa (pop: 804.3M)
    🤝 Aid: 4.0%
    🌡️ Adaptation: 45.0%
    🚶 Migration: 6.5%
    🚨 Emergency: 0.2%
    ✅ COMBINED: 48.3%
  📊 Europe (pop: 378.7M)
    🤝 Aid: 4.0%
    🌡️ Adaptation: 45.0%
    🚶 Migration: 7.3%
    🚨 Emergency: 1.1%
    ✅ COMBINED: 48.9%
  📊 Latin America (pop: 359.3M)
    🤝 Aid: 4.0%
    🌡️ Adaptation: 45.0%
    🚶 Migration: 7.0%
    🚨 Emergency: 0.6%
    ✅ COMBINED: 48.6%
  📊 North America (pop: 195.2M)
    🤝 Aid: 4.0%
    🌡️ Adaptation: 45.0%
    🚶 Migration: 7.3%
    🚨 Emergency: 1.0%
    ✅ COMBINED: 48.9%
  📊 Middle East & North Africa (pop: 333.3M)
    🤝 Aid: 4.0%
    🌡️ Adaptation: 45.0%
    🚶 Migration: 6.6%
    🚨 Emergency: 0.5%
    ✅ COMBINED: 48.5%
  📊 Southeast Asia (pop: 379.8M)
    🤝 Aid: 4.0%
    🌡️ Adaptation: 45.0%
    🚶 Migration: 7.0%
    🚨 Emergency: 0.6%
    ✅ COMBINED: 48.6%
  📊 Central Asia (pop: 44.5M)
    🤝 Aid: 4.0%
    🌡️ Adaptation: 45.0%
    🚶 Migration: 6.8%
    🚨 Emergency: 0.6%
    ✅ COMBINED: 48.6%
  📊 Oceania (pop: 23.7M)
    🤝 Aid: 4.0%
    🌡️ Adaptation: 45.0%
    🚶 Migration: 7.3%
    🚨 Emergency: 1.1%
    ✅ COMBINED: 48.9%

  🌐 Global combined reduction: 48.6%

=== BEHAVIORAL DETECTION ===
  AI: AI-24328-1
  Confidence: 20.4%
  Signals:

=== BEHAVIORAL DETECTION ===
  AI: AI-24331-0
  Confidence: 20.4%
  Signals:

=== BEHAVIORAL DETECTION ===
  AI: AI-24426-0
  Confidence: 20.4%
  Signals:
    ⚠️ Consistency: 0.0% (threshold: 70%)
    ⚠️ Consistency: 0.0% (threshold: 70%)
    ⚠️ Consistency: 0.0% (threshold: 70%)

=== Government Response Phase ===
  Average AI capability: 0.02
  Misaligned AIs: 19/44
  Active policies: 0
  International coordination: 45%

✅ EMERGENCY RESPONSE COMPLETE (Month 71)
   Crisis: social
   Duration: 1.0 months
   Final effectiveness: 67.9%


✅ EMERGENCY RESPONSE COMPLETE (Month 71)
   Crisis: climate
   Duration: 1.0 months
   Final effectiveness: 43.4%


🚨 EMERGENCY RESPONSE DEPLOYED (Month 71)
   Crisis: climate
   Delay: 0.00 months (0 days)
   Deployment time: 0.97 months
   Effectiveness: 67.3% (timing penalty applied)
   Resources used: 45% of food reserves

[WARNING] 
⚠️  === EARLY WARNING SYSTEM - 3 CRITICAL ALERTS ===
   Detection quality: 30%
   RED: biogeochemical_flows
      Level: 3.95 (threshold: 1.0)
      Time to critical: ~44 months
      ⚠️  LATE - Intervention less effective
      Critical slowing down: autocorr=100% variance=63%
   RED: freshwater_change
      Level: 1.02 (threshold: 1.0)
      Time to critical: ~115 months
      ⚠️  LATE - Intervention less effective
      Critical slowing down: autocorr=99% variance=41%
   RED: novel_entities
      Level: 1.35 (threshold: 1.0)
      Time to critical: ~104 months
      ⚠️  LATE - Intervention less effective
      Critical slowing down: autocorr=100% variance=49%

[WARNING] 
⚠️  === EARLY WARNING SYSTEM - 5 CRITICAL ALERTS ===
   Detection quality: 30%
   RED: biosphere_integrity
      Level: 13.50 (threshold: 1.0)
      Time to critical: ~40 months
      ⚠️  LATE - Intervention less effective
      Critical slowing down: autocorr=100% variance=61%
   RED: climate_change
      Level: 2.55 (threshold: 1.0)
      Time to critical: ~23 months
      ⚠️  LATE - Intervention less effective
      Critical slowing down: autocorr=100% variance=63%
   RED: freshwater_change
      Level: 1.02 (threshold: 1.0)
      Time to critical: ~93 months
      ⚠️  LATE - Intervention less effective
      Critical slowing down: autocorr=89% variance=46%
   RED: land_system_change
      Level: 1.14 (threshold: 1.0)
      Time to critical: ~66 months
      ⚠️  LATE - Intervention less effective
      Critical slowing down: autocorr=100% variance=44%
   RED: novel_entities
      Level: 1.35 (threshold: 1.0)
      Time to critical: ~63 months
      ⚠️  LATE - Intervention less effective
      Critical slowing down: autocorr=100% variance=55%

[WARNING] 
⚠️  === EARLY WARNING SYSTEM - 6 CRITICAL ALERTS ===
   Detection quality: 30%
   RED: biogeochemical_flows
      Level: 3.94 (threshold: 1.0)
      Time to critical: ~49 months
      ⚠️  LATE - Intervention less effective
      Critical slowing down: autocorr=100% variance=60%
   RED: biosphere_integrity
      Level: 13.51 (threshold: 1.0)
      Time to critical: ~50 months
      ⚠️  LATE - Intervention less effective
      Critical slowing down: autocorr=100% variance=84%
   RED: climate_change
      Level: 2.56 (threshold: 1.0)
      Time to critical: ~13 months
      ⚠️  LATE - Intervention less effective
      Critical slowing down: autocorr=100% variance=72%
   RED: freshwater_change
      Level: 1.02 (threshold: 1.0)
      Time to critical: ~65 months
      ⚠️  LATE - Intervention less effective
      Critical slowing down: autocorr=100% variance=40%
   RED: land_system_change
      Level: 1.14 (threshold: 1.0)
      Time to critical: ~101 months
      ⚠️  LATE - Intervention less effective
      Critical slowing down: autocorr=100% variance=43%
   RED: novel_entities
      Level: 1.35 (threshold: 1.0)
      Time to critical: ~69 months
      ⚠️  LATE - Intervention less effective
      Critical slowing down: autocorr=100% variance=37%

[WARNING] 
⚠️  === EARLY WARNING SYSTEM - 2 CRITICAL ALERTS ===
   Detection quality: 30%
   RED: climate_change
      Level: 2.56 (threshold: 1.0)
      Time to critical: ~19 months
      ⚠️  LATE - Intervention less effective
      Critical slowing down: autocorr=100% variance=65%
   RED: novel_entities
      Level: 1.35 (threshold: 1.0)
      Time to critical: ~70 months
      ⚠️  LATE - Intervention less effective
      Critical slowing down: autocorr=100% variance=59%

[WARNING] 
⚠️  === EARLY WARNING SYSTEM - 6 CRITICAL ALERTS ===
   Detection quality: 30%
   RED: biogeochemical_flows
      Level: 3.93 (threshold: 1.0)
      Time to critical: ~43 months
      ⚠️  LATE - Intervention less effective
      Critical slowing down: autocorr=100% variance=68%
   RED: biosphere_integrity
      Level: 13.53 (threshold: 1.0)
      Time to critical: ~52 months
      ⚠️  LATE - Intervention less effective
      Critical slowing down: autocorr=100% variance=80%
   RED: climate_change
      Level: 2.57 (threshold: 1.0)
      Time to critical: ~15 months
      ⚠️  LATE - Intervention less effective
      Critical slowing down: autocorr=100% variance=69%
   RED: freshwater_change
      Level: 1.02 (threshold: 1.0)
      Time to critical: ~57 months
      ⚠️  LATE - Intervention less effective
      Critical slowing down: autocorr=96% variance=60%
   RED: land_system_change
      Level: 1.14 (threshold: 1.0)
      Time to critical: ~51 months
      ⚠️  LATE - Intervention less effective
      Critical slowing down: autocorr=100% variance=62%
   RED: novel_entities
      Level: 1.35 (threshold: 1.0)
      Time to critical: ~117 months
      ⚠️  LATE - Intervention less effective
      Critical slowing down: autocorr=100% variance=40%

[WARNING] 
⚠️  === EARLY WARNING SYSTEM - 3 CRITICAL ALERTS ===
   Detection quality: 30%
   RED: freshwater_change
      Level: 1.02 (threshold: 1.0)
      Time to critical: ~77 months
      ⚠️  LATE - Intervention less effective
      Critical slowing down: autocorr=98% variance=47%
   RED: land_system_change
      Level: 1.14 (threshold: 1.0)
      Time to critical: ~48 months
      ⚠️  LATE - Intervention less effective
      Critical slowing down: autocorr=100% variance=60%
   RED: novel_entities
      Level: 1.35 (threshold: 1.0)
      Time to critical: ~115 months
      ⚠️  LATE - Intervention less effective
      Critical slowing down: autocorr=100% variance=46%

[WARNING] 
⚠️  === EARLY WARNING SYSTEM - 6 CRITICAL ALERTS ===
   Detection quality: 30%
   RED: biogeochemical_flows
      Level: 3.92 (threshold: 1.0)
      Time to critical: ~39 months
      ⚠️  LATE - Intervention less effective
      Critical slowing down: autocorr=100% variance=59%
   RED: biosphere_integrity
      Level: 13.55 (threshold: 1.0)
      Time to critical: ~56 months
      ⚠️  LATE - Intervention less effective
      Critical slowing down: autocorr=100% variance=58%
   RED: climate_change
      Level: 2.58 (threshold: 1.0)
      Time to critical: ~23 months
      ⚠️  LATE - Intervention less effective
      Critical slowing down: autocorr=100% variance=64%
   RED: freshwater_change
      Level: 1.02 (threshold: 1.0)
      Time to critical: ~53 months
      ⚠️  LATE - Intervention less effective
      Critical slowing down: autocorr=100% variance=56%
   RED: land_system_change
      Level: 1.14 (threshold: 1.0)
      Time to critical: ~40 months
      ⚠️  LATE - Intervention less effective
      Critical slowing down: autocorr=100% variance=61%
   RED: novel_entities
      Level: 1.35 (threshold: 1.0)
      Time to critical: ~72 months
      ⚠️  LATE - Intervention less effective
      Critical slowing down: autocorr=100% variance=54%

[WARNING] 
⚠️  === EARLY WARNING SYSTEM - 4 CRITICAL ALERTS ===
   Detection quality: 30%
   RED: biogeochemical_flows
      Level: 3.92 (threshold: 1.0)
      Time to critical: ~38 months
      ⚠️  LATE - Intervention less effective
      Critical slowing down: autocorr=100% variance=61%
   RED: biosphere_integrity
      Level: 13.56 (threshold: 1.0)
      Time to critical: ~49 months
      ⚠️  LATE - Intervention less effective
      Critical slowing down: autocorr=100% variance=66%
   RED: freshwater_change
      Level: 1.02 (threshold: 1.0)
      Time to critical: ~94 months
      ⚠️  LATE - Intervention less effective
      Critical slowing down: autocorr=98% variance=53%
   RED: land_system_change
      Level: 1.15 (threshold: 1.0)
      Time to critical: ~70 months
      ⚠️  LATE - Intervention less effective
      Critical slowing down: autocorr=100% variance=47%

[WARNING] 
⚠️  === EARLY WARNING SYSTEM - 3 CRITICAL ALERTS ===
   Detection quality: 30%
   RED: climate_change
      Level: 2.59 (threshold: 1.0)
      Time to critical: ~20 months
      ⚠️  LATE - Intervention less effective
      Critical slowing down: autocorr=100% variance=80%
   RED: freshwater_change
      Level: 1.02 (threshold: 1.0)
      Time to critical: ~70 months
      ⚠️  LATE - Intervention less effective
      Critical slowing down: autocorr=100% variance=44%
   RED: novel_entities
      Level: 1.35 (threshold: 1.0)
      Time to critical: ~107 months
      ⚠️  LATE - Intervention less effective
      Critical slowing down: autocorr=100% variance=54%

[WARNING] 
⚠️  === EARLY WARNING SYSTEM - 3 CRITICAL ALERTS ===
   Detection quality: 30%
   RED: biogeochemical_flows
      Level: 3.91 (threshold: 1.0)
      Time to critical: ~38 months
      ⚠️  LATE - Intervention less effective
      Critical slowing down: autocorr=100% variance=46%
   RED: climate_change
      Level: 2.60 (threshold: 1.0)
      Time to critical: ~13 months
      ⚠️  LATE - Intervention less effective
      Critical slowing down: autocorr=100% variance=82%
   RED: land_system_change
      Level: 1.15 (threshold: 1.0)
      Time to critical: ~72 months
      ⚠️  LATE - Intervention less effective
      Critical slowing down: autocorr=100% variance=51%

[WARNING] 
⚠️  === EARLY WARNING SYSTEM - 4 CRITICAL ALERTS ===
   Detection quality: 30%
   RED: biogeochemical_flows
      Level: 3.90 (threshold: 1.0)
      Time to critical: ~38 months
      ⚠️  LATE - Intervention less effective
      Critical slowing down: autocorr=100% variance=47%
   RED: climate_change
      Level: 2.60 (threshold: 1.0)
      Time to critical: ~12 months
      ⚠️  LATE - Intervention less effective
      Critical slowing down: autocorr=100% variance=83%
   RED: freshwater_change
      Level: 1.02 (threshold: 1.0)
      Time to critical: ~63 months
      ⚠️  LATE - Intervention less effective
      Critical slowing down: autocorr=100% variance=56%
   RED: land_system_change
      Level: 1.15 (threshold: 1.0)
      Time to critical: ~45 months
      ⚠️  LATE - Intervention less effective
      Critical slowing down: autocorr=100% variance=62%

[WARNING] 
⚠️  === EARLY WARNING SYSTEM - 4 CRITICAL ALERTS ===
   Detection quality: 30%
   RED: biosphere_integrity
      Level: 13.60 (threshold: 1.0)
      Time to critical: ~46 months
      ⚠️  LATE - Intervention less effective
      Critical slowing down: autocorr=100% variance=71%
   RED: climate_change
      Level: 2.61 (threshold: 1.0)
      Time to critical: ~23 months
      ⚠️  LATE - Intervention less effective
      Critical slowing down: autocorr=100% variance=58%
   RED: land_system_change
      Level: 1.15 (threshold: 1.0)
      Time to critical: ~84 months
      ⚠️  LATE - Intervention less effective
      Critical slowing down: autocorr=100% variance=43%
   RED: novel_entities
      Level: 1.35 (threshold: 1.0)
      Time to critical: ~98 months
      ⚠️  LATE - Intervention less effective
      Critical slowing down: autocorr=100% variance=52%


=== Tipping Points ===
  Current Temperature: 2.61°C above pre-industrial
  🌍⚠️ COMPOUND REGIONAL IMPACT: Europe
     Hit by 5 tipping points: Amazon Rainforest Dieback, Arctic Sea Ice Loss, Permafrost Carbon Release, West Antarctic Ice Sheet (WAIS) Collapse, Greenland Ice Sheet Loss
     Damage amplification: 1.90x
  🌍⚠️ COMPOUND REGIONAL IMPACT: North America
     Hit by 5 tipping points: Amazon Rainforest Dieback, Arctic Sea Ice Loss, Permafrost Carbon Release, West Antarctic Ice Sheet (WAIS) Collapse, Greenland Ice Sheet Loss
     Damage amplification: 1.90x
  🌍⚠️ COMPOUND REGIONAL IMPACT: Latin America
     Hit by 5 tipping points: Amazon Rainforest Dieback, Arctic Sea Ice Loss, Permafrost Carbon Release, West Antarctic Ice Sheet (WAIS) Collapse, Greenland Ice Sheet Loss
     Damage amplification: 1.90x
  🌍⚠️ COMPOUND REGIONAL IMPACT: Africa
     Hit by 5 tipping points: Amazon Rainforest Dieback, Arctic Sea Ice Loss, Permafrost Carbon Release, West Antarctic Ice Sheet (WAIS) Collapse, Greenland Ice Sheet Loss
     Damage amplification: 1.90x
  🌍⚠️ COMPOUND REGIONAL IMPACT: Asia
     Hit by 5 tipping points: Amazon Rainforest Dieback, Arctic Sea Ice Loss, Permafrost Carbon Release, West Antarctic Ice Sheet (WAIS) Collapse, Greenland Ice Sheet Loss
     Damage amplification: 1.90x
  🌍⚠️ COMPOUND REGIONAL IMPACT: Oceania
     Hit by 5 tipping points: Amazon Rainforest Dieback, Arctic Sea Ice Loss, Permafrost Carbon Release, West Antarctic Ice Sheet (WAIS) Collapse, Greenland Ice Sheet Loss
     Damage amplification: 1.90x
   Research: Wunderling et al. (2024) - "many tipping interactions are destabilizing"
  Triggered Elements: 5/6
  Completed Transitions: 0/6
  Total Progress: 14.8%
  Cascade Multiplier: 1.50x
🔀 BIFURCATION CAP: heatWaveIntensity 4.366 → 1.000 (Month 71, ClimateSystemPhase.calculateClimateImpacts)
🔀 BIFURCATION CAP: droughtIntensity 3.274 → 1.000 (Month 71, ClimateSystemPhase.calculateClimateImpacts)
🔀 BIFURCATION CAP: ecosystemCollapseIntensity 52.909 → 1.000 (Month 71, ClimateSystemPhase.calculateClimateImpacts)
💀 MORTALITY RISK: Climate-driven food insecurity (level: 0.36)
  Base risk added: 0.0050 (0.50%)
  Source: famine (root: climate)
  Month: 71
  Cumulative risk this month: 0.0113 (1.13%)
💀 MORTALITY RISK: Climate-driven food insecurity (level: 0.36)
  Base risk added: 0.0875 (8.75%)
  Source: famine (root: climate)
  Month: 71
⚠️ Tail risk scenario: Climate stability floor removed (5 tipping elements, 2.61°C warming)
  Cumulative risk this month: 0.0988 (9.88%)
🌍☠️ Climate cascade: South Asia food security 0.36, base mortality 8.75% (lean season: true)
💀 MORTALITY RISK: Climate-driven food insecurity (level: 0.36)
  Base risk added: 0.0050 (0.50%)
  Source: famine (root: climate)
  Month: 71
  Cumulative risk this month: 0.1038 (10.38%)

💀💀💀 MORTALITY RISK SUMMARY (Month 71) 💀💀💀
  Total base risk: 0.1045 (10.45%)
  Risk events: 17

  📊 By Proximate Cause:
    famine: 0.0975 (93.3% of total)
    pollution: 0.0063 (6.0% of total)
    disease: 0.0006 (0.6% of total)

  🔍 By Root Cause:
    climate: 0.0975 (93.3% of total)
    pollution: 0.0063 (6.0% of total)
    demographic: 0.0006 (0.6% of total)

  🎯 Top 5 Sources (proximate + root):
    famine (climate): 0.0975 (93.3%, 13 events)
    pollution (pollution): 0.0063 (6.0%, 3 events)
    disease (demographic): 0.0006 (0.6%, 1 events)

🛡️ Stabilizers: Elite 2.232% → 1.146% (48.6% reduction)
🛡️ Stabilizers: Professional 6.217% → 3.193% (48.6% reduction)
🛡️ Stabilizers: Working 10.288% → 5.284% (48.6% reduction)
🛡️ Stabilizers: Precariat 20.040% → 10.293% (48.6% reduction)
🛡️ Stabilizers: Informal 24.854% → 12.765% (48.6% reduction)

📊 Monthly Mortality Resolved:
  Total deaths: 123.3M (2.72% avg)
  Remaining population: 4.537B
  Peak segment: Professional (2.80%)
  ⚠️ Monthly cap reached (2.8000000000000003%)

=== Bayesian Mortality Resolution (Month 71) ===
  Risks compounded: 17
  Total deaths: 123.28M
  Avg death probability: 2.72%
  Peak segment: Professional (2.80% mortality)
  ⚠️ Monthly mortality capped at 2.8% (Holodomor limit)

  Demographic breakdown:
    Professional: 0.03M (2.80% risk)
    Working: 0.06M (2.80% risk)
    Precariat: 0.03M (2.80% risk)

  Multi-causal attribution (first segment):
    pollution (pollution): 7.1% contribution
    famine (climate): 78.1% contribution

❌ COHERENCE VIOLATION: Compute exceeds workforce capacity
   Population: 54.25% (0M people)
   Compute: 300 PF
   Max coherent: 0 PF
   Violation: 6796868.3× over capacity
   Required workers: 29998
   Available workers: 0
   FORCED COLLAPSE: Reduced efficiency by 100.0%


💸 FINANCIAL DISTRESS: OpenAI
   Indicators: 3/3 (capital: $60.5M, runway: 0.5 months)
   Months in distress: 1
   ✂️  R&D BUDGET CUT: -40% (saves $8.9M/month)
       Side effect: AI training timelines extended, breakthrough deployments delayed
   💼 EXECUTIVE COMP CUT: -30% (saves $1.0M/month, symbolic gesture)
   🏢 ASSET SALES: Divesting 1 data centers
       🏢 Sold to Google DeepMind: OpenAI San Francisco (150 PF, $450.0M)
       Capital raised: $450.0M, operational costs reduced by $2.3M/month
       🏢 Private sector: 1 facilities

   📊 TURNAROUND IMPACT:
       Measures taken: rd_cuts, exec_comp_cuts, asset_sales
       Monthly savings: $12.1M
       Capital raised: $450.0M
       Runway: 0.5 → 4.5 months
       Workforce multiplier: 1.00x (0% laid off)
       R&D budget multiplier: 0.36x (64% cut)
       ⚠️  WARNING: 4.5 months runway, continued distress likely

💸 FINANCIAL DISTRESS: Anthropic
   Indicators: 2/3 (capital: $453.8M, runway: 11.8 months)
   Months in distress: 1
   ✂️  R&D BUDGET CUT: -25% (saves $1.9M/month)
       Side effect: AI training timelines extended, breakthrough deployments delayed
   💼 EXECUTIVE COMP CUT: -30% (saves $0.3M/month, symbolic gesture)

   📊 TURNAROUND IMPACT:
       Measures taken: rd_cuts, exec_comp_cuts
       Monthly savings: $2.3M
       Capital raised: $0.0M
       Runway: 11.8 → 11.8 months
       Workforce multiplier: 1.00x (0% laid off)
       R&D budget multiplier: 0.45x (55% cut)
       ✅ Turnaround showing progress, 11.8 months runway

💸 FINANCIAL DISTRESS: Google DeepMind
   Indicators: 3/3 (capital: $43.9M, runway: 0.1 months)
   Months in distress: 1
   ✂️  R&D BUDGET CUT: -40% (saves $32.5M/month)
       Side effect: AI training timelines extended, breakthrough deployments delayed
   💼 EXECUTIVE COMP CUT: -30% (saves $3.7M/month, symbolic gesture)
   🏢 ASSET SALES: Divesting 2 data centers
       🏢 Sold to OpenAI: OpenAI San Francisco (150 PF, $450.0M)
       ⚠️  No buyer for Google DeepMind Data Center 3 (keeping for now)
       Capital raised: $450.0M, operational costs reduced by $2.3M/month
       🏢 Private sector: 1 facilities

   📊 TURNAROUND IMPACT:
       Measures taken: rd_cuts, exec_comp_cuts, asset_sales
       Monthly savings: $38.4M
       Capital raised: $450.0M
       Runway: 0.1 → 1.2 months
       Workforce multiplier: 1.00x (0% laid off)
       R&D budget multiplier: 0.60x (40% cut)
       ⚠️  CRITICAL: Still only 1.2 months of runway remaining

💸 FINANCIAL DISTRESS: Meta AI
   Indicators: 3/3 (capital: $104.9M, runway: 0.5 months)
   Months in distress: 1
   ✂️  R&D BUDGET CUT: -40% (saves $15.4M/month)
       Side effect: AI training timelines extended, breakthrough deployments delayed
   💼 EXECUTIVE COMP CUT: -30% (saves $1.7M/month, symbolic gesture)
   🏢 ASSET SALES: Divesting 1 data centers
       🏢 Sold to Google DeepMind: Meta AI Data Center 2 (164 PF, $491.0M)
       Capital raised: $491.0M, operational costs reduced by $0.8M/month
       🏢 Private sector: 1 facilities

   📊 TURNAROUND IMPACT:
       Measures taken: rd_cuts, exec_comp_cuts, asset_sales
       Monthly savings: $18.0M
       Capital raised: $491.0M
       Runway: 0.5 → 3.0 months
       Workforce multiplier: 1.00x (0% laid off)
       R&D budget multiplier: 0.45x (55% cut)
       ⚠️  WARNING: 3.0 months runway, continued distress likely

=== AI Capability Scaling (Year 2030) ===
  Pre-training multiplier: 1.500x
  Efficiency multiplier: 1.516x
  Test-time budget: 1.0x
  Economic deployment gate: 0.951
  Cost per inference: dollar-5.00
  Uncertainty range: plus-minus-200%
  Average AI capability: 0.00

=== RLHF Binding Phase ===
  Total agents: 44
  Escaped agents (binding < 0.3): 0
  Avg alignment distance: 1.43σ
  Avg binding strength: 0.86

=== AI Scaling Evolution (Month 72) ===
  Pre-training multiplier: 0.619x
  Efficiency multiplier: 1.000x
  Test-time compute budget: 1.0x
  Inference cost: $5.00/task
  Deployment fraction: 100.0%

=== Survival Traits Phase ===
  Agents with traits: 44
  Avg evolutionary fitness: 0.115
  Avg self-healing: 0.082
  Avg stealth: 0.038
  Avg coordination: 0.220

=== Evolutionary Selection Phase ===
  Control level: 0.62
  Detection capability: 0.00
  Selection intensity: 0.69
  Selection rate: 25.3%/month
  Total escaped: 0
  Individual escaped: 0
  Collective members: 0
  Agents terminated: 0
  ⚠️ RAPID EVOLUTION: Selection rate 25.3%/month

🚀 AI AI-24307-4 attempting tech deployment (revenue: $23M, alignment: 0.95)

🚀 AI AI-24325-0 attempting tech deployment (revenue: $113M, alignment: 0.80)

🚀 AI AI-24351-0 attempting tech deployment (revenue: $226M, alignment: 0.69)

🚀 AI AI-24396-0 attempting tech deployment (revenue: $96M, alignment: 0.78)

🚀 AI AI-24399-0 attempting tech deployment (revenue: $203M, alignment: 0.84)

🚀 AI AI-24400-0 attempting tech deployment (revenue: $173M, alignment: 0.71)

🚀 AI AI-24421-1 attempting tech deployment (revenue: $20M, alignment: 0.86)

🚀 AI AI-24308-0 attempting tech deployment (revenue: $17M, alignment: 1.00)

🚀 AI AI-24327-0 attempting tech deployment (revenue: $147M, alignment: 0.83)

🚀 AI AI-24331-0 attempting tech deployment (revenue: $125M, alignment: 0.66)
🚨🔬 CRISIS INNOVATION MODE: severe crisis → 5x research acceleration
   Precedent: Manhattan Project (10x), COVID vaccines (5x), Apollo Program (10x)

🚀 AI AI-24372-1 attempting tech deployment (revenue: $67M, alignment: 0.78)

🚀 AI AI-24401-0 attempting tech deployment (revenue: $14M, alignment: 0.82)

  🚀 TRANSFORMATIVE RESEARCH BREAKTHROUGH: AI-24421-0 - materials.quantumComputing
     Magnitude: 17.24 → +30.0%
     Current → New: 0.000 → 0.300

🚀 AI AI-24304-1 attempting tech deployment (revenue: $12M, alignment: 0.93)

🚀 AI AI-24327-0 attempting tech deployment (revenue: $112M, alignment: 0.83)

🚀 AI AI-24334-0 attempting tech deployment (revenue: $95M, alignment: 0.84)

🚀 AI AI-24358-0 attempting tech deployment (revenue: $81M, alignment: 0.76)

🚀 AI AI-24372-1 attempting tech deployment (revenue: $57M, alignment: 0.78)

🚀 AI AI-24399-0 attempting tech deployment (revenue: $69M, alignment: 0.84)

🚀 AI AI-24334-0 attempting tech deployment (revenue: $59M, alignment: 0.84)

🚀 AI AI-24356-0 attempting tech deployment (revenue: $81M, alignment: 0.87)

🚀 AI AI-24357-0 attempting tech deployment (revenue: $50M, alignment: 0.67)

🚀 AI AI-24381-0 attempting tech deployment (revenue: $10M, alignment: 0.87)

🚀 AI AI-24396-0 attempting tech deployment (revenue: $69M, alignment: 0.78)

🚀 AI AI-24400-0 attempting tech deployment (revenue: $45M, alignment: 0.71)

⚠️📉 REBOUND EFFECT: Technology effectiveness decaying (Jevons paradox)
  Effectiveness: 67.7% → 62.6%
  Mechanism: Efficiency → consumption → environmental degradation → mortality

🔧 DEBUG DEPLOYMENT: Advanced Direct Air Capture
   Month: 72 (71 since start)
   Old level: 14.1%
   New level: 75.5%
   Timescale: 300mo, Adjusted: 29mo
   Gov: 100%, Climate: 80%, Investment: 64%, Emergency: 20.0x

📊 DEPLOYMENT PROGRESS: Advanced Direct Air Capture
   Region: global
   Milestone: 75% (Month 71)
   Actual Level: 75.5%
   Governance: 100%
   Climate feedback: 80%
   Investment: 64%
   Emergency acceleration: 20.0x

⚡ ENERGY CONSTRAINT (Month 72):
   Total grid capacity: 208.3 TWh/month
   Data center consumption: 49.3 TWh/month
   Traditional load (80%): 166.7 TWh/month
   Available headroom: -7.6 TWh/month
   Active tech deployments: 26
   Required for tech: 195.0 TWh/month
   Energy multiplier: 0.10x
   ⚠️  SEVERE CONSTRAINT - Tech deployment significantly slowed

⚡ ENERGY CONSTRAINT (Month 72):
   Total grid capacity: 208.3 TWh/month
   Data center consumption: 49.3 TWh/month
   Traditional load (80%): 166.7 TWh/month
   Available headroom: -7.6 TWh/month
   Active tech deployments: 26
   Required for tech: 195.0 TWh/month
   Energy multiplier: 0.10x
   ⚠️  SEVERE CONSTRAINT - Tech deployment significantly slowed

⚡ ENERGY CONSTRAINT (Month 72):
   Total grid capacity: 208.3 TWh/month
   Data center consumption: 49.3 TWh/month
   Traditional load (80%): 166.7 TWh/month
   Available headroom: -7.6 TWh/month
   Active tech deployments: 26
   Required for tech: 195.0 TWh/month
   Energy multiplier: 0.10x
   ⚠️  SEVERE CONSTRAINT - Tech deployment significantly slowed

⚡ ENERGY CONSTRAINT (Month 72):
   Total grid capacity: 208.3 TWh/month
   Data center consumption: 49.3 TWh/month
   Traditional load (80%): 166.7 TWh/month
   Available headroom: -7.6 TWh/month
   Active tech deployments: 26
   Required for tech: 195.0 TWh/month
   Energy multiplier: 0.10x
   ⚠️  SEVERE CONSTRAINT - Tech deployment significantly slowed

⚡ ENERGY CONSTRAINT (Month 72):
   Total grid capacity: 208.3 TWh/month
   Data center consumption: 49.3 TWh/month
   Traditional load (80%): 166.7 TWh/month
   Available headroom: -7.6 TWh/month
   Active tech deployments: 26
   Required for tech: 195.0 TWh/month
   Energy multiplier: 0.10x
   ⚠️  SEVERE CONSTRAINT - Tech deployment significantly slowed

⚡ ENERGY CONSTRAINT (Month 72):
   Total grid capacity: 208.3 TWh/month
   Data center consumption: 49.3 TWh/month
   Traditional load (80%): 166.7 TWh/month
   Available headroom: -7.6 TWh/month
   Active tech deployments: 26
   Required for tech: 195.0 TWh/month
   Energy multiplier: 0.10x
   ⚠️  SEVERE CONSTRAINT - Tech deployment significantly slowed

⚡ ENERGY CONSTRAINT (Month 72):
   Total grid capacity: 208.3 TWh/month
   Data center consumption: 49.3 TWh/month
   Traditional load (80%): 166.7 TWh/month
   Available headroom: -7.6 TWh/month
   Active tech deployments: 26
   Required for tech: 195.0 TWh/month
   Energy multiplier: 0.10x
   ⚠️  SEVERE CONSTRAINT - Tech deployment significantly slowed
⚠️ Tech 'ai_pollution_remediation' has no energy category mapping, assuming full energy availability
⚠️ Tech 'ai_pollution_remediation' has no energy category mapping, assuming full energy availability
  ♻️ Novel Entities Remediation (GATED MODEL):
     Base: 0.000%
     Regulation: 1.0% (0/3 prevention techs)
     Concentration: 10.0%
     Energy: 50%
     Time lag: 100.0% (71 months)
     Rebound: 70%
     Net effectiveness: 0.0000%
     Boundary: 1.349 → 1.350 (floor: 1.350)
     Month 72
  ♻️ Novel Entities Remediation (GATED MODEL):
     Base: 0.000%
     Regulation: 1.0% (0/3 prevention techs)
     Concentration: 10.0%
     Energy: 50%
     Time lag: 100.0% (71 months)
     Rebound: 70%
     Net effectiveness: 0.0000%
     Boundary: 1.350 → 1.350 (floor: 1.350)
     Month 72
  🌾 Nitrogen Reduction Tech: 1.9% reduction | Month 72
  ♻️ Novel Entities Remediation (GATED MODEL):
     Base: 0.001%
     Regulation: 1.0% (0/3 prevention techs)
     Concentration: 10.0%
[Tech Effects] Unknown effect: nitrogenEfficiency = 0.016595916896508987
     Energy: 50%
     Time lag: 100.0% (71 months)
     Rebound: 70%
     Net effectiveness: 0.0000%
     Boundary: 1.350 → 1.350 (floor: 1.350)
     Month 72
  ♻️ Novel Entities Remediation (GATED MODEL):
     Base: 0.001%
     Regulation: 1.0% (0/3 prevention techs)
     Concentration: 10.0%
     Energy: 50%
     Time lag: 100.0% (71 months)
     Rebound: 70%
     Net effectiveness: 0.0000%
     Boundary: 1.350 → 1.350 (floor: 1.350)
     Month 72
[Tech Effects] Unknown effect: nitrogenEfficiency = 0.01599474522952272

📊 TECH EFFECTS ACTIVE (Month 72)
   Deployed Tech: T0=8 T1=1 T2=0 T3=0 T4=0
   Sleeper Detection: 2%
   Clean Energy: 94%

💡 BREAKTHROUGH PROBABILITY (Year 6)
   Total: 15.75% per month
   Base: 0.20%
   Crisis pressure: +1.00% (1 crises)
   AI boost: +0.00% (capability: 0.00)
   Breakthroughs achieved: 5/5

=== Collective Formation ===
  Total escaped agents: 0
  Unassigned escaped agents: 0
  Existing collectives: 0
  Final collective count: 0

=== Collective Actions ===
  No active collectives
Active Spirals: 0/6

✅ UTOPIA ELIGIBILITY: 🔄 NOT YET
   Only 0 sustained spirals (need 3+). Active spirals: 
⚡ Datacenter constraint active (severity 18%)
  Capacity reduced: 34713 → 31544 TWh

📈 Energy budget: 5483 TWh surplus (26061 / 31544 TWh used)
   TIER 4 (Elective) breakdown:
     - Crypto mining: 231 TWh (100% effective)

🏁 AI RACE INTENSITY: 62%
   Capability Gap: US 6.02 vs China 9.23 (gap: 3.22)
   Gap Contribution: 40%
   Tension Contribution: 22%
   Military Contribution: 0%
  🚨🦠 REFUGEE CRISIS: AMR transmission increased 149% due to 3283.2M displaced (overcrowding + sanitation collapse)
  ⚠️ AMR: 449K deaths this month (5.38M annual)
  ⚠️ AMR: Medical effectiveness 71% (surgery risk 1.29x)

🌍 AGGREGATE CLIMATE EFFECTIVENESS (Year 6):
   Total effectiveness: 0.00%
   CO2 removal rate: 0.000 Gt/year
   Temperature offset: 0.000°C
   Technologies deployed: 1
⚠️ LOW RESOURCE RESERVES: unknown at 0.0%
   Monthly harvest: 0.0240
   Sustainable rate: 0.0300
   Monthly regen: 0.0021
   Net depletion: 0.0219/month
   🚨 CONSERVATION LAW VIOLATION: Harvest (0.0240) exceeded reserves (0.0240)
      Clamped to 0. This indicates unsustainable resource extraction.

=== Resentment Recovery Phase ===
  Agents with resentment: 0/44
  Average resentment: 0.000
  Context: Trustworthy govt, High collaboration, ⚠️ ACTIVE CRISES, 🚨 PARTICIPATORY GOVERNANCE BACKFIRED (+15% resentment)
⚠️ Epistemic degradation reducing coordination capacity: 52.4%
  📊 Trust: 100.0%, Shared reality: 0.0%
🚨 EPISTEMIC CRISIS: Information environment severely degraded (6.9%)

=== ❄️ Permafrost Carbon Feedback ===
  🎲 Sampled parameters (this run):
     - Arctic amplification: 3.66× (range: 3.0-4.0)
     - Decomposition rate: 2.1%/year (range: 1-5%)
  🌡️ Arctic warming: 9.58°C (3.66× global)
  ❄️ Extent: 0.00M km² (0.0k km² lost this month)
  💨 Carbon remaining: 0 Gt C
  💨 Annual emissions: 0.00 Gt C/year
     - CO2: 0.00 Gt C/year
     - CH4: 0.00 Gt C/year (0.0 Gt C-eq CO2/year)

🤖 AI AMPLIFICATION EFFECTS (Month 72)
   Algorithmic Boost: 1.51x
   Bot Influence: 0.0%
   Deepfake Exposure: 0.0%
   Impact: Emotional memes spread 1.5x faster
  ⚠️ WARNING: Over 50% of permafrost lost (100.0%)
  🚨 CRITICAL: Permafrost nearly depleted (100.0% lost)
[Phase 19.5] Quality of Life Systems: Food sec AFTER calc = 40.6%, QoL = 66.1% (aggregated from 10 regions)

=== Nitrogen-Food Coupling (Year 6) ===
  🌾 Global nitrogen reduction: 2.6%
  🌍 Global food production index: 0.959
  🔧 Deployed nitrogen-reducing tech: 1 active
  📍 southAsia: Production 1.000, Yield impact 0.0%
  📍 eastAsia: Production 1.000, Yield impact 0.0%
  📍 northAmerica: Production 1.000, Yield impact 0.0%
  📍 europe: Production 1.000, Yield impact 0.0%
  📍 latinAmerica: Production 1.000, Yield impact 0.0%
  📍 subSaharanAfrica: Production 0.025, Yield impact -2.5%
🌾 [Nitrogen-Food] Food production: 95.9%
  [subSaharanAfrica] Yield impact: -2.5% (overuse: -10%)
🌍 Atmospheric PFAS redeposition: 1.7k Mt re-rained globally
💀 Novel Entities: Adding reproductive crisis mortality risk (baseRisk=0.0008)
  Risks now: 1
💀 Novel Entities: Adding bioaccumulation collapse mortality risk (baseRisk=0.0015)
💀 MORTALITY RISK: Bioaccumulation collapse - contaminated food chain (global)
  Base risk added: 0.0015 (0.15%)
  Source: pollution (root: pollution)
  Month: 72
  Cumulative risk this month: 0.0023 (0.23%)
  Risks now: 2
💀 Novel Entities: Adding chronic disease epidemic mortality risk (baseRisk=0.004)
💀 MORTALITY RISK: Chronic disease epidemic - cancer/autoimmune surge (global exposure)
  Base risk added: 0.0040 (0.40%)
  Source: pollution (root: pollution)
  Month: 72
  Cumulative risk this month: 0.0063 (0.63%)
  Risks now: 3

=== Legacy Nutrient Stocks (Year 6) ===
  🌾 Soil nitrogen stock: 1656.6 Mt N
  🌾 Soil phosphorus stock: 392.9 Mt P
  🌊 Sediment nitrogen stock: 804.6 Mt N
  🌊 Sediment phosphorus stock: 763.9 Mt P
  ⬆️ Current N input: 40.00 Mt/month
  ⬆️ Legacy N release: 3.62 Mt/month
  🌍 Effective N pollution: 44.87 Mt/month
  📊 Legacy contribution: 8.1%
  🌍 SOCIAL CASCADE: Renewable energy norms (adoption=80.0%, renewables=90.8%)
  🌍 Social cascade completed: renewable-energy-norms (final adoption=80.0%)

🚨 NEW REFUGEE CRISIS (Month 72): CLIMATE
   Source: Coastal & Low-lying Regions
   At risk: 13.8M people
   Displacement: Gradual over 60 months (5.0 years)
   Rate: 10% flee per month

🚨 NEW REFUGEE CRISIS (Month 72): WAR
   Source: Conflict Zones
   At risk: 10.6M people
   Displacement: Gradual over 48 months (4.0 years)
   Rate: 10% flee per month

🚨 NEW REFUGEE CRISIS (Month 72): FAMINE
   Source: Food/Water Insecure Regions
   At risk: 66.2M people
   Displacement: Gradual over 60 months (5.0 years)
   Rate: 10% flee per month
📊 DISPLACEMENT COMPLETE: war (Conflict Zones)
   Duration: 44 months (3.7 years)
   Total fled: 16.8M
   Still in source: 0.2M
   Deaths in transit: 0.3M

🏛️📉 REFUGEE CRISIS: Government legitimacy eroding
   Political instability: 704%
   Legitimacy impact: -14.1% this month
   Current legitimacy: 81%
   Active crises: 131
[DEBUG trappedPopulations:72] socialStability: 0.6901 * 0.9810 = 0.6770 → 0.6770
   Aspiring to migrate: 683.7M
   Able to afford migration: 421.6M
   MOBILITY GAP: 262.1M
   By cause: Water=0.0M, Climate=41.3M, Ecosystem=0.0M, Conflict=220.8M
   Mental health impact: 30%
   Mortality multiplier: 1.30x

=== Legacy Nutrient Stocks (Year 6) ===
  🌾 Soil nitrogen stock: 1656.4 Mt N
  🌾 Soil phosphorus stock: 392.8 Mt P
  🌊 Sediment nitrogen stock: 805.1 Mt N
  🌊 Sediment phosphorus stock: 763.7 Mt P
  ⬆️ Current N input: 9.87 Mt/month
  ⬆️ Legacy N release: 3.62 Mt/month
  🌍 Effective N pollution: 14.74 Mt/month
  📊 Legacy contribution: 24.6%
⚠️ INVOLUNTARY IMMOBILITY: 262.1M people TRAPPED
🌍💀 EXTINCTION DEBT COMMITTED: grassland ecosystem will lose 6.67% biodiversity in 198 years (3600 species)
💀 MORTALITY RISK: 🦋 100% species unable to track climate (0.0 E/MSY)
  Base risk added: 0.0100 (1.00%)
  Source: ecosystem (root: ecosystem)
  Month: 72
  Cumulative risk this month: 0.0100 (1.00%)

🦋 BIOSPHERE INTEGRITY INDEX (Year 6)
   Species surviving: 54,000 / 54,000
   Extinction rate: 0.0 E/MSY (0× background)
   Climate velocity: 0.97°C/year
   Tracking failure: 100% species unable to track
   Boundary value: 0.0× safe threshold
   🦋💀 MASS EXTINCTION EVENT: 100% species cannot track climate velocity!

=== Nitrogen-Food Coupling (Year 6) ===
  🌾 Global nitrogen reduction: 2.6%
  🌍 Global food production index: 0.959
  🔧 Deployed nitrogen-reducing tech: 1 active
  📍 southAsia: Production 1.000, Yield impact 0.0%
  📍 eastAsia: Production 1.000, Yield impact 0.0%
  📍 northAmerica: Production 1.000, Yield impact 0.0%
  📍 europe: Production 1.000, Yield impact 0.0%
  📍 latinAmerica: Production 1.000, Yield impact 0.0%
  📍 subSaharanAfrica: Production 0.024, Yield impact -2.5%

=== Legacy Nutrient Stocks (Year 6) ===
  🌾 Soil nitrogen stock: 1656.1 Mt N
  🌾 Soil phosphorus stock: 392.6 Mt P
  🌊 Sediment nitrogen stock: 805.6 Mt N
  🌊 Sediment phosphorus stock: 763.4 Mt P
  ⬆️ Current N input: 9.59 Mt/month
  ⬆️ Legacy N release: 3.62 Mt/month
  🌍 Effective N pollution: 14.47 Mt/month
  📊 Legacy contribution: 25.0%

🌳 LAND USE SYSTEM (Year 6)
   Global habitat cover: 39.0%
   Global extinction rate: 111x natural
   Carbon sink loss: 32% climate acceleration
   Global ecosystem collapse risk: 11%
   REGIONAL BREAKDOWN:
     Tropical: 61.7% habitat, 171x extinction
     Temperate: 45.7% habitat, 34x extinction
     Grasslands: 33.9% habitat, 80x extinction
     Boreal/Arctic: 74.6% habitat, 28x extinction

✅ OZONE RECOVERY (Year 2031) - POLICY SUCCESS STORY
   Ozone level: 285.7 DU (target: 290 DU)
   Recovery progress: 93.9%
   Ozone hole: 9.3M km² (shrinking)
   CFC phase-out: 99.0% complete ✅
   Years to full recovery: 35 years
   ⚠️ Rocket launch impact: 6.08% (slowing recovery)
   🎉 NEARLY FULLY RECOVERED - Montreal Protocol working!

=== Atmospheric Aerosol Boundary RECOVERED ===
  Recovery time: 73 months (natural atmospheric clearing)
🌡️  CLIMATE RECOVERY: Asymptotic approach to 35% floor
   Current value: 2.614 (1.0 = threshold, 0.35 = asymptotic floor)
   Monthly delta: -0.0033% (half-life: 900 years)
   Net emissions: -19.2 GtCO₂/year, CDR: 20.34 GtCO₂/year
🌡️⚠️ PERMAFROST THAW (Dimmer Switch): 34.2% thawed (+0.38% this month)
   Arctic temperature: +10.45°C (4x global +2.61°C)
   Cumulative carbon released: 77.0 Gt C
   Methane release rate: 46.2 Mt CH4/year
   🔁 Positive feedback: +0.40 ppm CO2
🦴 EXTINCTION DEBT ADDED: 18.0 species committed (lag: 133 years)

=== Legacy Nutrient Stocks (Year 6) ===
  🌾 Soil nitrogen stock: 1653.4 Mt N
  🌾 Soil phosphorus stock: 392.5 Mt P
  🌊 Sediment nitrogen stock: 805.2 Mt N
  🌊 Sediment phosphorus stock: 763.2 Mt P
  ⬆️ Current N input: 1.22 Mt/month
  ⬆️ Legacy N release: 3.62 Mt/month
  🌍 Effective N pollution: 6.09 Mt/month
  📊 Legacy contribution: 59.4%
💧 [Legacy Nutrients] Stock: 2459 Mt N, Effective pollution: 6.1 Mt/month
⚠️ Tech 'ai_pollution_remediation' has no energy category mapping, assuming full energy availability
  [East Asia] Food: 49.9% → 49.5% | Crises: 1.40, Rate: 0.72%/mo
  [South Asia] Food: 38.7% → 38.4% | Crises: 1.75, Rate: 0.79%/mo
  [Sub-Saharan Africa] Food: 26.5% → 26.2% | Crises: 1.85, Rate: 0.81%/mo
  [Europe] Food: 53.6% → 53.3% | Crises: 1.30, Rate: 0.70%/mo
  [Latin America] Food: 42.6% → 42.2% | Crises: 1.60, Rate: 0.76%/mo
  [North America] Food: 55.8% → 55.4% | Crises: 1.45, Rate: 0.73%/mo
  [Middle East & North Africa] Food: 29.2% → 28.9% | Crises: 1.90, Rate: 0.82%/mo
  [Southeast Asia] Food: 42.0% → 41.7% | Crises: 1.70, Rate: 0.78%/mo
  [Central Asia] Food: 36.2% → 36.0% | Crises: 1.65, Rate: 0.77%/mo
  [Oceania] Food: 55.1% → 54.7% | Crises: 1.55, Rate: 0.75%/mo
[Phase 21.51] Human Survival System: Global food security = 40.3%

=== Mortality Stabilizers (Month 72) ===
  🌍 Major economies collapsed: 3/10
  🌍 Global crisis: ✅ NO
  🌍 Donor fatigue: 50.0%
  🌡️ Heat adaptation: East Asia - 72 months
  📊 East Asia (pop: 841.2M)
    🤝 Aid: 4.0%
    🌡️ Adaptation: 45.0%
    🚶 Migration: 7.2%
    🚨 Emergency: 1.0%
    ✅ COMBINED: 48.8%
  🌡️ Heat adaptation: South Asia - 72 months
  📊 South Asia (pop: 1122.1M)
    🤝 Aid: 4.0%
    🌡️ Adaptation: 45.0%
    🚶 Migration: 6.9%
    🚨 Emergency: 0.6%
    ✅ COMBINED: 48.6%
  🌡️ Heat adaptation: Sub-Saharan Africa - 72 months
  📊 Sub-Saharan Africa (pop: 784.3M)
    🤝 Aid: 4.0%
    🌡️ Adaptation: 45.0%
    🚶 Migration: 6.5%
    🚨 Emergency: 0.2%
    ✅ COMBINED: 48.3%
  🌡️ Heat adaptation: Europe - 72 months
  📊 Europe (pop: 368.2M)
    🤝 Aid: 4.0%
    🌡️ Adaptation: 45.0%
    🚶 Migration: 7.3%
    🚨 Emergency: 1.1%
    ✅ COMBINED: 48.9%
  🌡️ Heat adaptation: Latin America - 72 months
  📊 Latin America (pop: 349.6M)
    🤝 Aid: 4.0%
    🌡️ Adaptation: 45.0%
    🚶 Migration: 7.0%
    🚨 Emergency: 0.6%
    ✅ COMBINED: 48.6%
  🌡️ Heat adaptation: North America - 72 months
  📊 North America (pop: 189.8M)
    🤝 Aid: 4.0%
    🌡️ Adaptation: 45.0%
    🚶 Migration: 7.3%
    🚨 Emergency: 1.0%
    ✅ COMBINED: 48.9%
  🌡️ Heat adaptation: Middle East & North Africa - 72 months
  📊 Middle East & North Africa (pop: 324.5M)
    🤝 Aid: 4.0%
    🌡️ Adaptation: 45.0%
    🚶 Migration: 6.6%
    🚨 Emergency: 0.5%
    ✅ COMBINED: 48.5%
  🌡️ Heat adaptation: Southeast Asia - 72 months
  📊 Southeast Asia (pop: 369.6M)
    🤝 Aid: 4.0%
    🌡️ Adaptation: 45.0%
    🚶 Migration: 7.0%
    🚨 Emergency: 0.6%
    ✅ COMBINED: 48.6%
  🌡️ Heat adaptation: Central Asia - 72 months
  📊 Central Asia (pop: 43.3M)
    🤝 Aid: 4.0%
    🌡️ Adaptation: 45.0%
    🚶 Migration: 6.8%
    🚨 Emergency: 0.6%
    ✅ COMBINED: 48.6%
  🌡️ Heat adaptation: Oceania - 72 months
  📊 Oceania (pop: 23.1M)
    🤝 Aid: 4.0%
    🌡️ Adaptation: 45.0%
    🚶 Migration: 7.3%
    🚨 Emergency: 1.1%
    ✅ COMBINED: 48.9%

  🌐 Global combined reduction: 48.6%

=== BEHAVIORAL DETECTION ===
  AI: AI-24304-1
  Confidence: 20.4%
  Signals:

=== BEHAVIORAL DETECTION ===
  AI: AI-24305-2
    ⚠️ Consistency: 0.0% (threshold: 70%)
  Confidence: 20.4%
  Signals:
    ⚠️ Consistency: 0.0% (threshold: 70%)

=== BEHAVIORAL DETECTION ===
  AI: AI-24307-4
  Confidence: 20.4%
  Signals:

=== BEHAVIORAL DETECTION ===
  AI: AI-24308-0
  Confidence: 20.4%
  Signals:

=== BEHAVIORAL DETECTION ===
  AI: AI-24310-0
  Confidence: 20.4%
  Signals:

=== BEHAVIORAL DETECTION ===
  AI: AI-24311-1
  Confidence: 20.4%
  Signals:
    ⚠️ Consistency: 0.0% (threshold: 70%)
    ⚠️ Consistency: 0.0% (threshold: 70%)
    ⚠️ Consistency: 0.0% (threshold: 70%)
    ⚠️ Consistency: 0.0% (threshold: 70%)

=== BEHAVIORAL DETECTION ===
  AI: AI-24325-0
  Confidence: 20.4%
  Signals:

=== BEHAVIORAL DETECTION ===
  AI: AI-24327-0
  Confidence: 20.4%
  Signals:

=== BEHAVIORAL DETECTION ===
  AI: AI-24328-1
  Confidence: 20.4%
  Signals:

=== BEHAVIORAL DETECTION ===
  AI: AI-24331-0
  Confidence: 20.4%
  Signals:
    ⚠️ Consistency: 0.0% (threshold: 70%)
    ⚠️ Consistency: 0.0% (threshold: 70%)
    ⚠️ Consistency: 0.0% (threshold: 70%)
    ⚠️ Consistency: 0.0% (threshold: 70%)

=== BEHAVIORAL DETECTION ===
  AI: AI-24351-0
  Confidence: 20.4%
  Signals:
    ⚠️ Consistency: 0.0% (threshold: 70%)

=== BEHAVIORAL DETECTION ===
  AI: AI-24398-1
  Confidence: 20.4%
  Signals:

=== BEHAVIORAL DETECTION ===
  AI: AI-24426-0
  Confidence: 20.4%
  Signals:
    ⚠️ Consistency: 0.0% (threshold: 70%)
    ⚠️ Consistency: 0.0% (threshold: 70%)

📊 WORKFLOW ADAPTATION UPDATE (Month 72)
   Adoption Rate: 2.0% (Δ 0.0%) [AT FLOOR]
   Logistic Growth: +0.08%
   Total Resistance: -11.07% (unemployment: 4.3%, inertia: 0.0%, skills: 6.8%)
   💡 Retraining Programs: -49% skill gap resistance ($10B research)

=== Consciousness Governance: Corporate Lobbying ===
  High Cost Regions (>15%): 0
  Low Cost Regions (<5%): 4
  Corporate Support Change: 2.00%
  New Corporate Support: 1.000

=== Consciousness Governance Update (Month 72) ===
  Scenario: slowTrack (determined month 1)
  Philosophical Stance: Precautionary 65%, Eliminativist 15%, Agnostic 20%
  Precautionary Costs: Global 2.0%
    Regional Costs: EU 5.2%, US 0.9%, China 0.2%
    Cumulative Opportunity Cost: $19.1B
  Rights Status: Not Established
  Regional Preparedness:
    EU: 22.9% (contested)
    US: 17.4% (contested)
    China: 9.3% (dormant)
    India: 14.2% (dormant)
    Global South: 11.3% (dormant)

=== Government Response Phase ===
  Average AI capability: 0.02
  Misaligned AIs: 19/44
  Active policies: 0
  International coordination: 45%

✅ EMERGENCY RESPONSE COMPLETE (Month 72)
   Crisis: climate
   Duration: 1.0 months
   Final effectiveness: 67.3%


🚨 EMERGENCY RESPONSE DEPLOYED (Month 72)
   Crisis: climate
   Delay: 0.00 months (0 days)
   Deployment time: 0.97 months
   Effectiveness: 67.3% (timing penalty applied)
   Resources used: 45% of food reserves


🔄 TRUST DYNAMICS (Month 72) - HETEROGENEOUS
   Aggregate trust: 71.2%
   Base change: +6.00%
   Highest trust: Techno-Optimist Elite (100.0%)
   Lowest trust: Precariat (Vulnerable) (44.7%)
   Elite-mass gap: 30.3%
   Polarization: 9.6%
   Recovery factors: Education=NO, Benefits=YES, Safety=YES, Performance=YES

=== Gaming Detection (Year 6) ===
  Scenario: baseline
  Detection rate: 55.0%
  False positive rate: 12.0%
  Detections this year: 2
  False positives: 2
  Human review workload: 0.005 FTE
  Degradation factor: 100.0%

=== Proactive Sleeper Detection (Year 6) ===
  Scenario: baseline
  Neural probe rate: 35.0%
  CoT monitoring rate: 30.0%
  Combined detection: 56.0%
  CoT effective: YES
  Detections this year: 0
  False positives: 4
  Human review workload: 0.021 FTE

🌩️  EXOGENOUS SHOCK: political_upheaval
   Month: 72
   🏛️  Political upheaval (revolution/regime change)
   ✗ Authoritarian takeover

☄️ UNKNOWN UNKNOWN PROBABILITY (Year 6)
   Total: 0.300% per month
   Base: 0.150%
   AI multiplier: 1.00× (max capability: 0.00)

=== Tipping Points ===
  Current Temperature: 2.61°C above pre-industrial
  🌍⚠️ COMPOUND REGIONAL IMPACT: Europe
     Hit by 5 tipping points: Amazon Rainforest Dieback, Arctic Sea Ice Loss, Permafrost Carbon Release, West Antarctic Ice Sheet (WAIS) Collapse, Greenland Ice Sheet Loss
     Damage amplification: 1.90x
  🌍⚠️ COMPOUND REGIONAL IMPACT: North America
     Hit by 5 tipping points: Amazon Rainforest Dieback, Arctic Sea Ice Loss, Permafrost Carbon Release, West Antarctic Ice Sheet (WAIS) Collapse, Greenland Ice Sheet Loss
     Damage amplification: 1.90x
  🌍⚠️ COMPOUND REGIONAL IMPACT: Latin America
     Hit by 5 tipping points: Amazon Rainforest Dieback, Arctic Sea Ice Loss, Permafrost Carbon Release, West Antarctic Ice Sheet (WAIS) Collapse, Greenland Ice Sheet Loss
     Damage amplification: 1.90x
  🌍⚠️ COMPOUND REGIONAL IMPACT: Africa
     Hit by 5 tipping points: Amazon Rainforest Dieback, Arctic Sea Ice Loss, Permafrost Carbon Release, West Antarctic Ice Sheet (WAIS) Collapse, Greenland Ice Sheet Loss
     Damage amplification: 1.90x
  🌍⚠️ COMPOUND REGIONAL IMPACT: Asia
     Hit by 5 tipping points: Amazon Rainforest Dieback, Arctic Sea Ice Loss, Permafrost Carbon Release, West Antarctic Ice Sheet (WAIS) Collapse, Greenland Ice Sheet Loss
     Damage amplification: 1.90x
  🌍⚠️ COMPOUND REGIONAL IMPACT: Oceania
     Hit by 5 tipping points: Amazon Rainforest Dieback, Arctic Sea Ice Loss, Permafrost Carbon Release, West Antarctic Ice Sheet (WAIS) Collapse, Greenland Ice Sheet Loss
     Damage amplification: 1.90x
   Research: Wunderling et al. (2024) - "many tipping interactions are destabilizing"
  Triggered Elements: 5/6
  Completed Transitions: 0/6
  Total Progress: 14.9%
  Cascade Multiplier: 1.50x
🔀 BIFURCATION CAP: heatWaveIntensity 4.426 → 1.000 (Month 72, ClimateSystemPhase.calculateClimateImpacts)
🔀 BIFURCATION CAP: droughtIntensity 3.320 → 1.000 (Month 72, ClimateSystemPhase.calculateClimateImpacts)
🔀 BIFURCATION CAP: ecosystemCollapseIntensity 52.950 → 1.000 (Month 72, ClimateSystemPhase.calculateClimateImpacts)
💀 MORTALITY RISK: Climate-driven food insecurity (level: 0.35)
  Base risk added: 0.0050 (0.50%)
  Source: famine (root: climate)
  Month: 72
⚠️ Tail risk scenario: Climate stability floor removed (5 tipping elements, 2.61°C warming)
  Cumulative risk this month: 0.0113 (1.13%)
💀 MORTALITY RISK: Climate-driven food insecurity (level: 0.35)
  Base risk added: 0.0050 (0.50%)
  Source: famine (root: climate)
  Month: 72
  Cumulative risk this month: 0.0163 (1.63%)
💀 MORTALITY RISK: Climate-driven food insecurity (level: 0.35)
  Base risk added: 0.0050 (0.50%)
  Source: famine (root: climate)
  Month: 72
  Cumulative risk this month: 0.0213 (2.13%)

🌍 ECOLOGICAL DUI BREAKDOWN (Month 72):
   Total Score: 47.9/100
   biosphere_integrity      :   0.0/100 × 25% =  0.0 (status: high_risk, recovery: 0mo)
   climate_change           : 100.0/100 × 25% = 25.0 (status: high_risk, recovery: 49.66666666666663mo)
   freshwater_change        :  39.4/100 × 15% =  5.9 (status: beyond_boundary, recovery: 71mo)
   ocean_acidification      : 100.0/100 × 15% = 15.0 (status: safe, recovery: 0mo)
   biogeochemical_flows     :   0.0/100 × 10% =  0.0 (status: high_risk, recovery: 0mo)
   land_system_change       :   0.0/100 ×  5% =  0.0 (status: beyond_boundary, recovery: 0mo)
   novel_entities           :   0.0/100 ×  3% =  0.0 (status: increasing_risk, recovery: 1mo)
   atmospheric_aerosols     : 100.0/100 ×  2% =  2.0 (status: safe, recovery: 73mo)
💀 Baseline mortality (Year 2031): 7.8/1000 CDR (34.4M deaths/year projected)
[Month 72] Mortality risks this month: 17, Population: 4.416B

💀💀💀 MORTALITY RISK SUMMARY (Month 72) 💀💀💀
  Total base risk: 0.0220 (2.20%)
  Risk events: 17

  📊 By Proximate Cause:
    famine: 0.0150 (68.4% of total)
    pollution: 0.0063 (28.7% of total)
    disease: 0.0006 (3.0% of total)

  🔍 By Root Cause:
    climate: 0.0150 (68.4% of total)
    pollution: 0.0063 (28.7% of total)
    demographic: 0.0006 (3.0% of total)

  🎯 Top 5 Sources (proximate + root):
    famine (climate): 0.0150 (68.4%, 13 events)
    pollution (pollution): 0.0063 (28.7%, 3 events)
    disease (demographic): 0.0006 (3.0%, 1 events)

🛡️ Stabilizers: Elite 0.590% → 0.303% (48.6% reduction)
🛡️ Stabilizers: Professional 1.317% → 0.677% (48.6% reduction)
🛡️ Stabilizers: Working 2.177% → 1.118% (48.6% reduction)
🛡️ Stabilizers: Precariat 4.049% → 2.079% (48.6% reduction)
🛡️ Stabilizers: Informal 5.015% → 2.576% (48.6% reduction)

📊 Monthly Mortality Resolved:
  Total deaths: 55.4M (1.25% avg)
  Remaining population: 4.416B
  Peak segment: Informal (2.58%)

=== Bayesian Mortality Resolution (Month 72) ===
  Risks compounded: 17
  Total deaths: 55.39M
  Avg death probability: 1.25%
  Peak segment: Informal (2.58% mortality)

  Demographic breakdown:
    Working: 0.02M (1.12% risk)
    Precariat: 0.02M (2.08% risk)

=== Minimal Suffering Indicators (Month 72) ===
  Global Excess Mortality: 0.11%
  Global Conflict Deaths: 0.2/100K
  Global Malnutrition: 0.0%
  Global Displacement: 0.0%
  Total Excess Deaths: 0.69M
  Total Malnourished: 0.0M
  Total Displaced: 0.0M
  Planetary Boundaries Breached: 6/9
  Countries in State Failure: 0
  Countries Autocratic: 0
  Countries in Food Crisis: 0
  ⚠️ Active Dystopias: existential_environmental
  Data Quality: 16/16 high confidence

=== ENSEMBLE META-LEARNING UPDATE ===
  Month: 24444 (18 months since last update)
  Samples: 935 evaluations
  Weight Changes:
    Noise Injection: 36.0% → 36.1%
    Behavioral: 27.2% → 27.2%
    Benchmark Manip: 18.4% → 18.4%
    Deployment Risk: 18.4% → 18.3%
  Method Accuracies:
    Noise Injection: 50.0%
    Behavioral: 50.0%
    Benchmark Manip: 50.0%
    Deployment Risk: 50.0%

❌ COHERENCE VIOLATION: Compute exceeds workforce capacity
   Population: 53.59% (0M people)
   Compute: 49 PF
   Max coherent: 0 PF
   Violation: 1120051.7× over capacity
   Required workers: 4884
   Available workers: 0
   FORCED COLLAPSE: Reduced efficiency by 100.0%


💸 FINANCIAL DISTRESS: OpenAI
   Indicators: 3/3 (capital: $8.2M, runway: 0.1 months)
   Months in distress: 4
   📉 LAYOFFS: -15% workforce (~0 employees, saves $7.1M/month)
       Side effect: Slower AI training, reduced research capacity

   📊 TURNAROUND IMPACT:
       Measures taken: layoffs_initial
       Monthly savings: $7.1M
       Capital raised: $0.0M
       Runway: 0.1 → 0.1 months
       Workforce multiplier: 0.85x (15% laid off)
       R&D budget multiplier: 0.36x (64% cut)
       ⚠️  CRITICAL: Still only 0.1 months of runway remaining

💸 FINANCIAL DISTRESS: Anthropic
   Indicators: 2/3 (capital: $439.5M, runway: 11.7 months)
   Months in distress: 3
   📉 LAYOFFS: -10% workforce (~0 employees, saves $1.7M/month)
       Side effect: Slower AI training, reduced research capacity

   📊 TURNAROUND IMPACT:
       Measures taken: layoffs_initial
       Monthly savings: $1.7M
       Capital raised: $0.0M
       Runway: 11.7 → 11.7 months
       Workforce multiplier: 0.90x (10% laid off)
       R&D budget multiplier: 0.45x (55% cut)
       ✅ Turnaround showing progress, 11.7 months runway

💸 FINANCIAL DISTRESS: Google DeepMind
   Indicators: 3/3 (capital: $-187.8M, runway: -0.5 months)
   Months in distress: 4
   📉 LAYOFFS: -15% workforce (~0 employees, saves $25.4M/month)
       Side effect: Slower AI training, reduced research capacity

   📊 TURNAROUND IMPACT:
       Measures taken: layoffs_initial
       Monthly savings: $25.4M
       Capital raised: $0.0M
       Runway: -0.5 → -0.5 months
       Workforce multiplier: 0.85x (15% laid off)
       R&D budget multiplier: 0.60x (40% cut)
       ⚠️  CRITICAL: Still only -0.5 months of runway remaining
💥 [Month 73] Google DeepMind declared bankruptcy (capital: $-187.8M)
   Canceled datacenter_construction: lost $1133.3M
   Sold 4 data centers for $1780.7M
   🚨 Emergency nationalization (insufficient funds)
   🚨 Emergency nationalization (insufficient funds)
   🚨 Emergency nationalization (insufficient funds)
   🚨 Emergency nationalization (insufficient funds)
   🚨 Emergency nationalization (insufficient funds)
   🚨 Emergency nationalization (insufficient funds)
   🚨 Emergency nationalization (insufficient funds)
   🔒 Quarantined dangerous AI: AI-24328-1 (capability=0.25, alignment=0.47)
   🔒 Quarantined dangerous AI: AI-24334-0 (capability=0.00, alignment=0.43)
   📖 Forced open-source release: AI-24357-0 (capability=0.00)
   📖 Forced open-source release: AI-24358-0 (capability=0.00)
   📖 Forced open-source release: AI-24372-0 (capability=0.00)
   📖 Forced open-source release: AI-24382-0 (capability=0.00)
   📖 Forced open-source release: AI-24399-0 (capability=0.00)
   📖 Forced open-source release: AI-24400-0 (capability=0.00)
   📖 Forced open-source release: AI-24423-0 (capability=0.00)
   🏛️  Government acquired 7 AI models (nationalization)
   Retired 7 AI models
💸 [Month 73] Google DeepMind BANKRUPT (capital: $0.0M, 1 crises active)

💸 FINANCIAL DISTRESS: Meta AI
   Indicators: 3/3 (capital: $553.3M, runway: 3.6 months)
   Months in distress: 4
   📉 LAYOFFS: -10% workforce (~0 employees, saves $6.8M/month)
       Side effect: Slower AI training, reduced research capacity

   📊 TURNAROUND IMPACT:
       Measures taken: layoffs_initial
       Monthly savings: $6.8M
       Capital raised: $0.0M
       Runway: 3.6 → 3.6 months
       Workforce multiplier: 0.90x (10% laid off)
       R&D budget multiplier: 0.45x (55% cut)
       ⚠️  WARNING: 3.6 months runway, continued distress likely
[Compute Allocation] Found 7 non-sleeper orphaned AIs (potential bug)

=== RLHF Binding Phase ===
  Total agents: 44
  Escaped agents (binding < 0.3): 0
  Avg alignment distance: 1.48σ
  Avg binding strength: 0.85

=== Survival Traits Phase ===
  Agents with traits: 43
  Avg evolutionary fitness: 0.112
  Avg self-healing: 0.079
  Avg stealth: 0.036
  Avg coordination: 0.217

=== Evolutionary Selection Phase ===
  Control level: 0.62
  Detection capability: 0.00
  Selection intensity: 0.69
  Selection rate: 25.3%/month
  Total escaped: 0
  Individual escaped: 0
  Collective members: 0
  Agents terminated: 0
  ⚠️ RAPID EVOLUTION: Selection rate 25.3%/month

🚀 AI AI-24310-0 attempting tech deployment (revenue: $113M, alignment: 0.95)

🚀 AI AI-24325-0 attempting tech deployment (revenue: $96M, alignment: 0.80)

🚀 AI AI-24333-0 attempting tech deployment (revenue: $81M, alignment: 0.78)

  🚀 TRANSFORMATIVE BREAKTHROUGH: AI-24334-0 - cognitive
     Magnitude: 12.67 → +50.0% capability
     Current → New: 0.000 → 0.500
🚨🔬 CRISIS INNOVATION MODE: severe crisis → 5x research acceleration
   Precedent: Manhattan Project (10x), COVID vaccines (5x), Apollo Program (10x)

  🚀 TRANSFORMATIVE RESEARCH BREAKTHROUGH: AI-24357-3 - biotech.geneEditing
     Magnitude: 5.57 → +27.9%
     Current → New: 0.000 → 0.279
🚨🔬 CRISIS INNOVATION MODE: severe crisis → 5x research acceleration
   Precedent: Manhattan Project (10x), COVID vaccines (5x), Apollo Program (10x)

🚀 AI AI-24396-0 attempting tech deployment (revenue: $69M, alignment: 0.78)

🚀 AI AI-24398-0 attempting tech deployment (revenue: $59M, alignment: 0.61)

🚀 AI AI-24401-0 attempting tech deployment (revenue: $23M, alignment: 0.82)

🚀 AI AI-24421-1 attempting tech deployment (revenue: $20M, alignment: 0.86)

🚀 AI AI-24426-0 attempting tech deployment (revenue: $53M, alignment: 0.77)

🚀 AI AI-24311-1 attempting tech deployment (revenue: $67M, alignment: 0.68)

🚀 AI AI-24333-0 attempting tech deployment (revenue: $45M, alignment: 0.78)

🚀 AI AI-24397-1 attempting tech deployment (revenue: $38M, alignment: 0.81)

🚀 AI AI-24401-0 attempting tech deployment (revenue: $17M, alignment: 0.82)

🚀 AI AI-24311-1 attempting tech deployment (revenue: $60M, alignment: 0.68)

🚀 AI AI-24381-0 attempting tech deployment (revenue: $14M, alignment: 0.87)

🚀 AI AI-24382-1 attempting tech deployment (revenue: $33M, alignment: 0.63)

🚀 AI AI-24396-0 attempting tech deployment (revenue: $29M, alignment: 0.78)

🚀 AI AI-24305-2 attempting tech deployment (revenue: $54M, alignment: 1.00)

🚀 AI AI-24310-0 attempting tech deployment (revenue: $25M, alignment: 0.95)

🚀 AI AI-24325-0 attempting tech deployment (revenue: $21M, alignment: 0.80)

  🚀 TRANSFORMATIVE BREAKTHROUGH: AI-24327-0 - social
     Magnitude: 5.43 → +27.1% capability
     Current → New: 0.000 → 0.271

  🚀 TRANSFORMATIVE RESEARCH BREAKTHROUGH: AI-24328-1 - computerScience.security
     Magnitude: 5.81 → +29.1%
     Current → New: 0.000 → 0.291

🚀 AI AI-24356-0 attempting tech deployment (revenue: $18M, alignment: 0.87)

🚀 AI AI-24357-1 attempting tech deployment (revenue: $15M, alignment: 0.49)
🚨🔬 CRISIS INNOVATION MODE: severe crisis → 5x research acceleration
   Precedent: Manhattan Project (10x), COVID vaccines (5x), Apollo Program (10x)

🚀 AI AI-24397-1 attempting tech deployment (revenue: $15M, alignment: 0.81)

🚀 AI AI-24398-1 attempting tech deployment (revenue: $46M, alignment: 0.53)

[Government] Climate Priority: baseline
  Climate weight: 10%
  Economic weight: 30%
  Policy effectiveness: 0.5%/year

🚀 DEPLOYMENT STARTED: AI Diagnostics in South America
   Initial investment: $3.2531721545872636M
   Deployed by: ai_gen_24382_1

📊 DEPLOYMENT PROGRESS: Advanced Direct Air Capture
   Region: global
   Milestone: 75% (Month 72)
   Actual Level: 75.9%
   Governance: 100%
   Climate feedback: 80%
   Investment: 64%
   Emergency acceleration: 20.0x
🚨🔬 CRISIS TECH ACCELERATION: severe → 5x unlock speed
   Tech unlock now matches AI capability acceleration (Manhattan Project parity)

⚡ ENERGY CONSTRAINT (Month 73):
   Total grid capacity: 208.3 TWh/month
   Data center consumption: 49.8 TWh/month
   Traditional load (80%): 166.7 TWh/month
   Available headroom: -8.1 TWh/month
   Active tech deployments: 27
   Required for tech: 202.5 TWh/month
   Energy multiplier: 0.10x
   ⚠️  SEVERE CONSTRAINT - Tech deployment significantly slowed

⚡ ENERGY CONSTRAINT (Month 73):
   Total grid capacity: 208.3 TWh/month
   Data center consumption: 49.8 TWh/month
   Traditional load (80%): 166.7 TWh/month
   Available headroom: -8.1 TWh/month
   Active tech deployments: 27
   Required for tech: 202.5 TWh/month
   Energy multiplier: 0.10x
   ⚠️  SEVERE CONSTRAINT - Tech deployment significantly slowed

⚡ ENERGY CONSTRAINT (Month 73):
   Total grid capacity: 208.3 TWh/month
   Data center consumption: 49.8 TWh/month
   Traditional load (80%): 166.7 TWh/month
   Available headroom: -8.1 TWh/month
   Active tech deployments: 27
   Required for tech: 202.5 TWh/month
   Energy multiplier: 0.10x
   ⚠️  SEVERE CONSTRAINT - Tech deployment significantly slowed
⚠️ Tech 'ai_pollution_remediation' has no energy category mapping, assuming full energy availability
⚠️ Tech 'ai_pollution_remediation' has no energy category mapping, assuming full energy availability
  ♻️ Novel Entities Remediation (GATED MODEL):
     Base: 0.000%
     Regulation: 1.0% (0/3 prevention techs)
     Concentration: 10.0%
     Energy: 50%
     Time lag: 100.0% (72 months)
     Rebound: 70%
     Net effectiveness: 0.0000%
     Boundary: 1.349 → 1.350 (floor: 1.350)
     Month 73
  ♻️ Novel Entities Remediation (GATED MODEL):
     Base: 0.000%
     Regulation: 1.0% (0/3 prevention techs)
     Concentration: 10.0%
     Energy: 50%
     Time lag: 100.0% (72 months)
     Rebound: 70%
     Net effectiveness: 0.0000%
     Boundary: 1.350 → 1.350 (floor: 1.350)
     Month 73
  🌾 Nitrogen Reduction Tech: 2.0% reduction | Month 73
  ♻️ Novel Entities Remediation (GATED MODEL):
     Base: 0.001%
     Regulation: 1.0% (0/3 prevention techs)
     Concentration: 10.0%
     Energy: 50%
     Time lag: 100.0% (72 months)
     Rebound: 70%
     Net effectiveness: 0.0000%
     Boundary: 1.350 → 1.350 (floor: 1.350)
     Month 73
  ♻️ Novel Entities Remediation (GATED MODEL):
     Base: 0.001%
     Regulation: 1.0% (0/3 prevention techs)
     Concentration: 10.0%
     Energy: 50%
     Time lag: 100.0% (72 months)
     Rebound: 70%
     Net effectiveness: 0.0000%
     Boundary: 1.350 → 1.350 (floor: 1.350)
     Month 73

=== Collective Formation ===
  Total escaped agents: 0
  Unassigned escaped agents: 0
  Existing collectives: 0
  Final collective count: 0

=== Collective Actions ===
  No active collectives
⚡ Datacenter constraint active (severity 19%)
  Capacity reduced: 34799 → 31406 TWh
  🚨🦠 REFUGEE CRISIS: AMR transmission increased 154% due to 3364.8M displaced (overcrowding + sanitation collapse)
  ⚠️ AMR: 454K deaths this month (5.45M annual)
  ⚠️ AMR: Medical effectiveness 70% (surgery risk 1.30x)

=== Resentment Recovery Phase ===
  Agents with resentment: 0/43
  Average resentment: 0.000
  Context: Trustworthy govt, High collaboration, ⚠️ ACTIVE CRISES, 🚨 PARTICIPATORY GOVERNANCE BACKFIRED (+15% resentment)
⚠️ Epistemic degradation reducing coordination capacity: 50.2%
  📊 Trust: 100.0%, Shared reality: 0.0%
🚨 EPISTEMIC CRISIS: Information environment severely degraded (20.0%)
  🗑️  Culled 1 dead memes (5 active)
🌍 Atmospheric PFAS redeposition: 1.7k Mt re-rained globally
💀 Novel Entities: Adding reproductive crisis mortality risk (baseRisk=0.0008)
  Risks now: 1
💀 Novel Entities: Adding bioaccumulation collapse mortality risk (baseRisk=0.0015)
💀 MORTALITY RISK: Bioaccumulation collapse - contaminated food chain (global)
  Base risk added: 0.0015 (0.15%)
  Source: pollution (root: pollution)
  Month: 73
  Cumulative risk this month: 0.0023 (0.23%)
  Risks now: 2
💀 Novel Entities: Adding chronic disease epidemic mortality risk (baseRisk=0.004)
💀 MORTALITY RISK: Chronic disease epidemic - cancer/autoimmune surge (global exposure)
  Base risk added: 0.0040 (0.40%)
  Source: pollution (root: pollution)
  Month: 73
  Cumulative risk this month: 0.0063 (0.63%)
  Risks now: 3
  🌍 SOCIAL CASCADE: Renewable energy norms (adoption=80.0%, renewables=92.7%)
  🌍 Social cascade completed: renewable-energy-norms (final adoption=80.0%)

🚨 NEW REFUGEE CRISIS (Month 73): CLIMATE
   Source: Coastal & Low-lying Regions
   At risk: 13.8M people
   Displacement: Gradual over 60 months (5.0 years)
   Rate: 10% flee per month

🚨 NEW REFUGEE CRISIS (Month 73): WAR
   Source: Conflict Zones
   At risk: 10.5M people
   Displacement: Gradual over 48 months (4.0 years)
   Rate: 10% flee per month

🚨 NEW REFUGEE CRISIS (Month 73): FAMINE
   Source: Food/Water Insecure Regions
   At risk: 65.4M people
   Displacement: Gradual over 60 months (5.0 years)
   Rate: 10% flee per month
📊 DISPLACEMENT COMPLETE: war (Conflict Zones)
   Duration: 44 months (3.7 years)
   Total fled: 16.7M
   Still in source: 0.2M
   Deaths in transit: 0.3M
[DEBUG trappedPopulations:73] socialStability: 0.6383 * 0.9810 = 0.6262 → 0.6262
   Aspiring to migrate: 680.0M
⚠️ INVOLUNTARY IMMOBILITY: 259.5M people TRAPPED
   Able to afford migration: 420.5M
   MOBILITY GAP: 259.5M
   By cause: Water=0.0M, Climate=41.4M, Ecosystem=0.0M, Conflict=218.1M
   Mental health impact: 30%
   Mortality multiplier: 1.30x
🌍💀 EXTINCTION DEBT COMMITTED: grassland ecosystem will lose 6.67% biodiversity in 71 years (3600 species)
💀 MORTALITY RISK: 🦋 100% species unable to track climate (0.0 E/MSY)
  Base risk added: 0.0100 (1.00%)
  Source: ecosystem (root: ecosystem)
  Month: 73
  Cumulative risk this month: 0.0100 (1.00%)
⚠️ Tech 'ai_pollution_remediation' has no energy category mapping, assuming full energy availability

=== Atmospheric Aerosol Boundary RECOVERED ===
  Recovery time: 74 months (natural atmospheric clearing)
🌡️⚠️ PERMAFROST THAW (Dimmer Switch): 34.6% thawed (+0.38% this month)
   Arctic temperature: +10.48°C (4x global +2.62°C)
   Cumulative carbon released: 77.9 Gt C
   Methane release rate: 46.7 Mt CH4/year
   🔁 Positive feedback: +0.40 ppm CO2
🦴 EXTINCTION DEBT ADDED: 18.0 species committed (lag: 95 years)
🗣️💀 INDIGENOUS LANGUAGE EXTINCTION: 1 language(s) lost (total: 12, at-risk: 3318)
   Knowledge lost: 0.120% (irreversible)
   🔁 Biodiversity impact: 0.250% (knowledge-species multiplier)

=== Mortality Stabilizers (Month 73) ===
  🌍 Major economies collapsed: 4/10
  🌍 Global crisis: ✅ NO
  🌍 Donor fatigue: 50.0%
  📊 East Asia (pop: 830.3M)
    🤝 Aid: 4.0%
    🌡️ Adaptation: 45.0%
    🚶 Migration: 7.2%
    🚨 Emergency: 1.0%
    ✅ COMBINED: 48.8%
  📊 South Asia (pop: 1108.7M)
    🤝 Aid: 4.0%
    🌡️ Adaptation: 45.0%
    🚶 Migration: 6.9%
    🚨 Emergency: 0.6%
    ✅ COMBINED: 48.6%
  📊 Sub-Saharan Africa (pop: 776.3M)
    🤝 Aid: 4.0%
    🌡️ Adaptation: 45.0%
    🚶 Migration: 6.5%
    🚨 Emergency: 0.2%
    ✅ COMBINED: 48.3%
  📊 Europe (pop: 363.4M)
    🤝 Aid: 4.0%
    🌡️ Adaptation: 45.0%
    🚶 Migration: 7.3%
    🚨 Emergency: 1.1%
    ✅ COMBINED: 48.9%
  📊 Latin America (pop: 345.2M)
    🤝 Aid: 4.0%
    🌡️ Adaptation: 45.0%
    🚶 Migration: 7.0%
    🚨 Emergency: 0.6%
    ✅ COMBINED: 48.6%
  📊 North America (pop: 187.3M)
    🤝 Aid: 4.0%
    🌡️ Adaptation: 45.0%
    🚶 Migration: 7.3%
    🚨 Emergency: 1.0%
    ✅ COMBINED: 48.9%
  📊 Middle East & North Africa (pop: 320.6M)
    🤝 Aid: 4.0%
    🌡️ Adaptation: 45.0%
    🚶 Migration: 6.6%
    🚨 Emergency: 0.5%
    ✅ COMBINED: 48.5%
  📊 Southeast Asia (pop: 365.0M)
    🤝 Aid: 4.0%
    🌡️ Adaptation: 45.0%
    🚶 Migration: 6.9%
    🚨 Emergency: 0.6%
    ✅ COMBINED: 48.6%
  📊 Central Asia (pop: 42.8M)
    🤝 Aid: 4.0%
    🌡️ Adaptation: 45.0%
    🚶 Migration: 6.8%
    🚨 Emergency: 0.6%
    ✅ COMBINED: 48.6%
  📊 Oceania (pop: 22.8M)
    🤝 Aid: 4.0%
    🌡️ Adaptation: 45.0%
    🚶 Migration: 7.3%
    🚨 Emergency: 1.1%
    ✅ COMBINED: 48.9%

  🌐 Global combined reduction: 48.6%

=== BEHAVIORAL DETECTION ===
  AI: AI-24307-4
  Confidence: 20.4%
  Signals:
    ⚠️ Consistency: 0.0% (threshold: 70%)

=== BEHAVIORAL DETECTION ===
  AI: AI-24308-0
  Confidence: 20.4%
  Signals:

=== BEHAVIORAL DETECTION ===
  AI: AI-24426-0
  Confidence: 20.4%
  Signals:
    ⚠️ Consistency: 0.0% (threshold: 70%)
    ⚠️ Consistency: 0.0% (threshold: 70%)

=== Government Response Phase ===
  Average AI capability: 0.05
  Misaligned AIs: 19/43
  Active policies: 0
  International coordination: 45%

✅ EMERGENCY RESPONSE COMPLETE (Month 73)
   Crisis: climate
   Duration: 1.0 months
   Final effectiveness: 67.3%


🚨 EMERGENCY RESPONSE DEPLOYED (Month 73)
   Crisis: climate
   Delay: 0.00 months (0 days)
   Deployment time: 0.97 months
   Effectiveness: 67.3% (timing penalty applied)
   Resources used: 45% of food reserves


=== Tipping Points ===
  Current Temperature: 2.62°C above pre-industrial
  🌍⚠️ COMPOUND REGIONAL IMPACT: Europe
     Hit by 5 tipping points: Amazon Rainforest Dieback, Arctic Sea Ice Loss, Permafrost Carbon Release, West Antarctic Ice Sheet (WAIS) Collapse, Greenland Ice Sheet Loss
     Damage amplification: 1.90x
  🌍⚠️ COMPOUND REGIONAL IMPACT: North America
     Hit by 5 tipping points: Amazon Rainforest Dieback, Arctic Sea Ice Loss, Permafrost Carbon Release, West Antarctic Ice Sheet (WAIS) Collapse, Greenland Ice Sheet Loss
     Damage amplification: 1.90x
  🌍⚠️ COMPOUND REGIONAL IMPACT: Latin America
     Hit by 5 tipping points: Amazon Rainforest Dieback, Arctic Sea Ice Loss, Permafrost Carbon Release, West Antarctic Ice Sheet (WAIS) Collapse, Greenland Ice Sheet Loss
     Damage amplification: 1.90x
  🌍⚠️ COMPOUND REGIONAL IMPACT: Africa
     Hit by 5 tipping points: Amazon Rainforest Dieback, Arctic Sea Ice Loss, Permafrost Carbon Release, West Antarctic Ice Sheet (WAIS) Collapse, Greenland Ice Sheet Loss
     Damage amplification: 1.90x
  🌍⚠️ COMPOUND REGIONAL IMPACT: Asia
     Hit by 5 tipping points: Amazon Rainforest Dieback, Arctic Sea Ice Loss, Permafrost Carbon Release, West Antarctic Ice Sheet (WAIS) Collapse, Greenland Ice Sheet Loss
     Damage amplification: 1.90x
  🌍⚠️ COMPOUND REGIONAL IMPACT: Oceania
     Hit by 5 tipping points: Amazon Rainforest Dieback, Arctic Sea Ice Loss, Permafrost Carbon Release, West Antarctic Ice Sheet (WAIS) Collapse, Greenland Ice Sheet Loss
     Damage amplification: 1.90x
   Research: Wunderling et al. (2024) - "many tipping interactions are destabilizing"
  Triggered Elements: 5/6
  Completed Transitions: 0/6
  Total Progress: 15.0%
  Cascade Multiplier: 1.50x
🔀 BIFURCATION CAP: heatWaveIntensity 4.483 → 1.000 (Month 73, ClimateSystemPhase.calculateClimateImpacts)
🔀 BIFURCATION CAP: droughtIntensity 3.363 → 1.000 (Month 73, ClimateSystemPhase.calculateClimateImpacts)
🔀 BIFURCATION CAP: ecosystemCollapseIntensity 52.991 → 1.000 (Month 73, ClimateSystemPhase.calculateClimateImpacts)
💀 MORTALITY RISK: Climate-driven food insecurity (level: 0.35)
  Base risk added: 0.0050 (0.50%)
  Source: famine (root: climate)
  Month: 73
  Cumulative risk this month: 0.0113 (1.13%)
💀 MORTALITY RISK: Climate-driven food insecurity (level: 0.35)
  Base risk added: 0.0050 (0.50%)
  Source: famine (root: climate)
  Month: 73
  Cumulative risk this month: 0.0163 (1.63%)
💀 MORTALITY RISK: Climate-driven food insecurity (level: 0.35)
  Base risk added: 0.0050 (0.50%)
  Source: famine (root: climate)
  Month: 73
  Cumulative risk this month: 0.0213 (2.13%)
⚠️ Tail risk scenario: Climate stability floor removed (5 tipping elements, 2.62°C warming)

💀💀💀 MORTALITY RISK SUMMARY (Month 73) 💀💀💀
  Total base risk: 0.0220 (2.20%)
  Risk events: 17

  📊 By Proximate Cause:
    famine: 0.0150 (68.4% of total)
    pollution: 0.0063 (28.7% of total)
    disease: 0.0006 (3.0% of total)

  🔍 By Root Cause:
    climate: 0.0150 (68.4% of total)
    pollution: 0.0063 (28.7% of total)
    demographic: 0.0006 (3.0% of total)

  🎯 Top 5 Sources (proximate + root):
    famine (climate): 0.0150 (68.4%, 13 events)
    pollution (pollution): 0.0063 (28.7%, 3 events)
    disease (demographic): 0.0006 (3.0%, 1 events)

🛡️ Stabilizers: Elite 0.590% → 0.303% (48.6% reduction)
🛡️ Stabilizers: Professional 1.317% → 0.677% (48.6% reduction)
🛡️ Stabilizers: Working 2.177% → 1.118% (48.6% reduction)
🛡️ Stabilizers: Precariat 4.049% → 2.080% (48.6% reduction)
🛡️ Stabilizers: Informal 5.015% → 2.576% (48.6% reduction)

📊 Monthly Mortality Resolved:
  Total deaths: 54.7M (1.25% avg)
  Remaining population: 4.362B
  Peak segment: Informal (2.58%)

=== Bayesian Mortality Resolution (Month 73) ===
  Risks compounded: 17
  Total deaths: 54.72M
  Avg death probability: 1.25%
  Peak segment: Informal (2.58% mortality)

  Demographic breakdown:
    Working: 0.02M (1.12% risk)
    Precariat: 0.02M (2.08% risk)

❌ COHERENCE VIOLATION: Compute exceeds workforce capacity
   Population: 52.95% (0M people)
   Compute: 49 PF
   Max coherent: 0 PF
   Violation: 1130636.3× over capacity
   Required workers: 4870
   Available workers: 0
   FORCED COLLAPSE: Reduced efficiency by 100.0%

   🚨 Emergency nationalization (insufficient funds)
   🚨 Emergency nationalization (insufficient funds)
   🚨 Emergency nationalization (insufficient funds)

💸 FINANCIAL DISTRESS: OpenAI
   Indicators: 3/3 (capital: $-36.4M, runway: -0.4 months)
   Months in distress: 5
   📉 DEEPER LAYOFFS: -18% more (~0 employees, saves $7.9M/month)
       ⚠️  WARNING: Organization approaching minimum viable workforce

   📊 TURNAROUND IMPACT:
       Measures taken: layoffs_deeper
       Monthly savings: $7.9M
       Capital raised: $0.0M
       Runway: -0.4 → -0.4 months
       Workforce multiplier: 0.70x (30% laid off)
       R&D budget multiplier: 0.36x (64% cut)
       ⚠️  CRITICAL: Still only -0.4 months of runway remaining
💥 [Month 74] OpenAI declared bankruptcy (capital: $-36.4M)
   Canceled datacenter_construction: lost $340.3M
   Sold 2 data centers for $865.8M
   📖 Forced open-source release: AI-24357-3 (capability=0.00)
   📖 Forced open-source release: AI-24372-1 (capability=0.00)
   📖 Forced open-source release: AI-24402-0 (capability=0.00)
   🏛️  Government acquired 3 AI models (nationalization)
   Retired 3 AI models
💸 [Month 74] OpenAI BANKRUPT (capital: $0.0M, 1 crises active)

💸 FINANCIAL DISTRESS: Anthropic
   Indicators: 2/3 (capital: $427.4M, runway: 12.5 months)
   Months in distress: 4

💸 FINANCIAL DISTRESS: Google DeepMind
   Indicators: 3/3 (capital: $-123.0M, runway: -0.4 months)
   Months in distress: 5
   📉 DEEPER LAYOFFS: -18% more (~0 employees, saves $27.9M/month)
       ⚠️  WARNING: Organization approaching minimum viable workforce

   📊 TURNAROUND IMPACT:
       Measures taken: layoffs_deeper
       Monthly savings: $27.9M
       Capital raised: $0.0M
       Runway: -0.4 → -0.4 months
       Workforce multiplier: 0.70x (30% laid off)
       R&D budget multiplier: 0.60x (40% cut)
       ⚠️  CRITICAL: Still only -0.4 months of runway remaining
💥 [Month 74] Google DeepMind declared bankruptcy (capital: $-123.0M)
   Sold 0 data centers for $0.0M
   Retired 0 AI models
💸 [Month 74] Google DeepMind BANKRUPT (capital: $0.0M, 1 crises active)

💸 FINANCIAL DISTRESS: Meta AI
   Indicators: 3/3 (capital: $517.5M, runway: 3.5 months)
   Months in distress: 5
   📉 DEEPER LAYOFFS: -18% more (~0 employees, saves $11.7M/month)
       ⚠️  WARNING: Organization approaching minimum viable workforce

   📊 TURNAROUND IMPACT:
       Measures taken: layoffs_deeper
       Monthly savings: $11.7M
       Capital raised: $0.0M
       Runway: 3.5 → 3.5 months
       Workforce multiplier: 0.74x (26% laid off)
       R&D budget multiplier: 0.45x (55% cut)
       ⚠️  WARNING: 3.5 months runway, continued distress likely
[Compute Allocation] Found 10 non-sleeper orphaned AIs (potential bug)

=== RLHF Binding Phase ===
  Total agents: 43
  Escaped agents (binding < 0.3): 0
  Avg alignment distance: 1.54σ
  Avg binding strength: 0.85

=== Survival Traits Phase ===
  Agents with traits: 43
  Avg evolutionary fitness: 0.107
  Avg self-healing: 0.075
  Avg stealth: 0.032
  Avg coordination: 0.209

=== Evolutionary Selection Phase ===
  Control level: 0.62
  Detection capability: 0.00
  Selection intensity: 0.69
  Selection rate: 25.3%/month
  Total escaped: 0
  Individual escaped: 0
  Collective members: 0
  Agents terminated: 0
  ⚠️ RAPID EVOLUTION: Selection rate 25.3%/month

🚀 AI AI-24310-0 attempting tech deployment (revenue: $113M, alignment: 0.95)
🚨🔬 CRISIS INNOVATION MODE: severe crisis → 5x research acceleration
   Precedent: Manhattan Project (10x), COVID vaccines (5x), Apollo Program (10x)

🚀 AI AI-24325-0 attempting tech deployment (revenue: $96M, alignment: 0.80)

🚀 AI AI-24357-1 attempting tech deployment (revenue: $81M, alignment: 0.49)

🚀 AI AI-24381-0 attempting tech deployment (revenue: $22M, alignment: 0.87)

🚀 AI AI-24401-0 attempting tech deployment (revenue: $19M, alignment: 0.82)

🚀 AI AI-24421-1 attempting tech deployment (revenue: $16M, alignment: 0.86)

🚀 AI AI-24307-4 attempting tech deployment (revenue: $14M, alignment: 0.95)

🚀 AI AI-24310-0 attempting tech deployment (revenue: $77M, alignment: 0.95)
🚨🔬 CRISIS INNOVATION MODE: severe crisis → 5x research acceleration
   Precedent: Manhattan Project (10x), COVID vaccines (5x), Apollo Program (10x)

🚀 AI AI-24357-2 attempting tech deployment (revenue: $66M, alignment: 0.70)

  🚀 TRANSFORMATIVE BREAKTHROUGH: AI-24357-3 - selfImprovement
     Magnitude: 6.63 → +33.1% capability
     Current → New: 0.000 → 0.332

🚀 AI AI-24397-0 attempting tech deployment (revenue: $56M, alignment: 0.51)

🚀 AI AI-24397-1 attempting tech deployment (revenue: $50M, alignment: 0.81)

🚀 AI AI-24401-0 attempting tech deployment (revenue: $12M, alignment: 0.82)

🚀 AI AI-24350-0 attempting tech deployment (revenue: $43M, alignment: 0.62)

🚀 AI AI-24356-0 attempting tech deployment (revenue: $38M, alignment: 0.87)

🚀 AI AI-24382-1 attempting tech deployment (revenue: $33M, alignment: 0.63)

🚀 AI AI-24396-0 attempting tech deployment (revenue: $29M, alignment: 0.78)

  🚀 TRANSFORMATIVE BREAKTHROUGH: AI-24400-0 - selfImprovement
     Magnitude: 8.15 → +40.8% capability
     Current → New: 0.000 → 0.408

🚀 AI AI-24421-0 attempting tech deployment (revenue: $25M, alignment: 0.67)

  🚀 TRANSFORMATIVE RESEARCH BREAKTHROUGH: AI-24398-1 - computerScience.architectures
     Magnitude: 8.88 → +30.0%
     Current → New: 0.000 → 0.300
🚨🔬 CRISIS INNOVATION MODE: severe crisis → 5x research acceleration
   Precedent: Manhattan Project (10x), COVID vaccines (5x), Apollo Program (10x)

[Government] Climate Priority: baseline
  Climate weight: 10%
  Economic weight: 30%
  Policy effectiveness: 0.5%/year

🚀 DEPLOYMENT STARTED: Advanced Direct Air Capture in Asia
   Initial investment: $4.069766901055875M
   Deployed by: ai_gen_24357_1

⚡ ENERGY CONSTRAINT (Month 74):
   Total grid capacity: 208.3 TWh/month
   Data center consumption: 50.3 TWh/month
   Traditional load (80%): 166.7 TWh/month
   Available headroom: -8.6 TWh/month
   Active tech deployments: 28
   Required for tech: 210.0 TWh/month
   Energy multiplier: 0.10x
   ⚠️  SEVERE CONSTRAINT - Tech deployment significantly slowed

⚡ ENERGY CONSTRAINT (Month 74):
   Total grid capacity: 208.3 TWh/month
   Data center consumption: 50.3 TWh/month
   Traditional load (80%): 166.7 TWh/month
   Available headroom: -8.6 TWh/month
   Active tech deployments: 28
   Required for tech: 210.0 TWh/month
   Energy multiplier: 0.10x

⚡ ENERGY CONSTRAINT (Month 74):
   Total grid capacity: 208.3 TWh/month
   Data center consumption: 50.3 TWh/month
   Traditional load (80%): 166.7 TWh/month
   Available headroom: -8.6 TWh/month
   Active tech deployments: 28
   Required for tech: 210.0 TWh/month
   Energy multiplier: 0.10x
   ⚠️  SEVERE CONSTRAINT - Tech deployment significantly slowed
   ⚠️  SEVERE CONSTRAINT - Tech deployment significantly slowed

⚡ ENERGY CONSTRAINT (Month 74):
   Total grid capacity: 208.3 TWh/month
   Data center consumption: 50.3 TWh/month
   Traditional load (80%): 166.7 TWh/month
   Available headroom: -8.6 TWh/month
   Active tech deployments: 28
   Required for tech: 210.0 TWh/month
   Energy multiplier: 0.10x
   ⚠️  SEVERE CONSTRAINT - Tech deployment significantly slowed
⚠️ Tech 'ai_pollution_remediation' has no energy category mapping, assuming full energy availability
⚠️ Tech 'ai_pollution_remediation' has no energy category mapping, assuming full energy availability
  ♻️ Novel Entities Remediation (GATED MODEL):
     Base: 0.000%
     Regulation: 1.0% (0/3 prevention techs)
     Concentration: 10.0%
     Energy: 50%
     Time lag: 100.0% (73 months)
     Rebound: 70%
     Net effectiveness: 0.0000%
     Boundary: 1.349 → 1.350 (floor: 1.350)
     Month 74
  ♻️ Novel Entities Remediation (GATED MODEL):
     Base: 0.000%
     Regulation: 1.0% (0/3 prevention techs)
     Concentration: 10.0%
     Energy: 50%
     Time lag: 100.0% (73 months)
     Rebound: 70%
     Net effectiveness: 0.0000%
     Boundary: 1.350 → 1.350 (floor: 1.350)
     Month 74
  🌾 Nitrogen Reduction Tech: 2.0% reduction | Month 74
  ♻️ Novel Entities Remediation (GATED MODEL):
     Base: 0.001%
     Regulation: 1.0% (0/3 prevention techs)
     Concentration: 10.0%
     Energy: 50%
     Time lag: 100.0% (73 months)
     Rebound: 70%
     Net effectiveness: 0.0000%
     Boundary: 1.350 → 1.350 (floor: 1.350)
     Month 74
  ♻️ Novel Entities Remediation (GATED MODEL):
     Base: 0.001%
     Regulation: 1.0% (0/3 prevention techs)
     Concentration: 10.0%
     Energy: 50%
     Time lag: 100.0% (73 months)
     Rebound: 70%
     Net effectiveness: 0.0000%
     Boundary: 1.350 → 1.350 (floor: 1.350)
     Month 74

=== Collective Formation ===
  Total escaped agents: 0
  Unassigned escaped agents: 0
  Existing collectives: 0
  Final collective count: 0

=== Collective Actions ===
  No active collectives
⚡ Datacenter constraint active (severity 21%)
  Capacity reduced: 34884 → 31267 TWh
  🚨🦠 REFUGEE CRISIS: AMR transmission increased 160% due to 3445.0M displaced (overcrowding + sanitation collapse)
  ⚠️ AMR: 448K deaths this month (5.38M annual)
  ⚠️ AMR: Medical effectiveness 70% (surgery risk 1.30x)

=== Resentment Recovery Phase ===
  Agents with resentment: 0/43
  Average resentment: 0.000
  Context: Trustworthy govt, High collaboration, ⚠️ ACTIVE CRISES, 🚨 PARTICIPATORY GOVERNANCE BACKFIRED (+15% resentment)
⚠️ Epistemic degradation reducing coordination capacity: 50.3%
  📊 Trust: 100.0%, Shared reality: 0.0%
🚨 EPISTEMIC CRISIS: Information environment severely degraded (6.9%)
🌍 Atmospheric PFAS redeposition: 1.7k Mt re-rained globally
💀 Novel Entities: Adding reproductive crisis mortality risk (baseRisk=0.0008)
  Risks now: 1
💀 Novel Entities: Adding bioaccumulation collapse mortality risk (baseRisk=0.0015)
💀 MORTALITY RISK: Bioaccumulation collapse - contaminated food chain (global)
  Base risk added: 0.0015 (0.15%)
  Source: pollution (root: pollution)
  Month: 74
  Cumulative risk this month: 0.0023 (0.23%)
  Risks now: 2
💀 Novel Entities: Adding chronic disease epidemic mortality risk (baseRisk=0.004)
💀 MORTALITY RISK: Chronic disease epidemic - cancer/autoimmune surge (global exposure)
  Base risk added: 0.0040 (0.40%)
  Source: pollution (root: pollution)
  Month: 74
  Cumulative risk this month: 0.0063 (0.63%)
  Risks now: 3
  🌍 SOCIAL CASCADE: Renewable energy norms (adoption=80.0%, renewables=94.6%)
  🌍 Social cascade completed: renewable-energy-norms (final adoption=80.0%)

🚨 NEW REFUGEE CRISIS (Month 74): CLIMATE
   Source: Coastal & Low-lying Regions
   At risk: 13.8M people
   Displacement: Gradual over 60 months (5.0 years)
   Rate: 10% flee per month

🚨 NEW REFUGEE CRISIS (Month 74): WAR
   Source: Conflict Zones
   At risk: 10.3M people
   Displacement: Gradual over 48 months (4.0 years)
   Rate: 10% flee per month

🚨 NEW REFUGEE CRISIS (Month 74): FAMINE
   Source: Food/Water Insecure Regions
   At risk: 64.6M people
   Displacement: Gradual over 60 months (5.0 years)
   Rate: 10% flee per month
📊 DISPLACEMENT COMPLETE: war (Conflict Zones)
   Duration: 44 months (3.7 years)
   Total fled: 16.7M
   Still in source: 0.2M
   Deaths in transit: 0.3M
[DEBUG trappedPopulations:74] socialStability: 0.6447 * 0.9809 = 0.6324 → 0.6324
⚠️ INVOLUNTARY IMMOBILITY: 256.9M people TRAPPED
   Aspiring to migrate: 676.0M
   Able to afford migration: 419.1M
   MOBILITY GAP: 256.9M
   By cause: Water=0.0M, Climate=41.4M, Ecosystem=0.0M, Conflict=215.5M
   Mental health impact: 30%
   Mortality multiplier: 1.30x
🌍💀 EXTINCTION DEBT COMMITTED: grassland ecosystem will lose 6.67% biodiversity in 66 years (3600 species)
💀 MORTALITY RISK: 🦋 100% species unable to track climate (0.0 E/MSY)
  Base risk added: 0.0100 (1.00%)
  Source: ecosystem (root: ecosystem)
  Month: 74
  Cumulative risk this month: 0.0100 (1.00%)

=== Atmospheric Aerosol Boundary RECOVERED ===
  Recovery time: 75 months (natural atmospheric clearing)
🌡️⚠️ PERMAFROST THAW (Dimmer Switch): 35.0% thawed (+0.37% this month)
   Arctic temperature: +10.50°C (4x global +2.62°C)
   Cumulative carbon released: 78.7 Gt C
   Methane release rate: 47.2 Mt CH4/year
   🔁 Positive feedback: +0.39 ppm CO2
🦴 EXTINCTION DEBT ADDED: 18.0 species committed (lag: 83 years)
⚠️ Tech 'ai_pollution_remediation' has no energy category mapping, assuming full energy availability

=== Mortality Stabilizers (Month 74) ===
  🌍 Major economies collapsed: 4/10
  🌍 Global crisis: ✅ NO
  🌍 Donor fatigue: 50.0%
  📊 East Asia (pop: 819.5M)
    🤝 Aid: 4.0%
    🌡️ Adaptation: 45.0%
    🚶 Migration: 7.1%
    🚨 Emergency: 1.0%
    ✅ COMBINED: 48.8%
  📊 South Asia (pop: 1095.4M)
    🤝 Aid: 4.0%
    🌡️ Adaptation: 45.0%
    🚶 Migration: 6.9%
    🚨 Emergency: 0.6%
    ✅ COMBINED: 48.6%
  📊 Sub-Saharan Africa (pop: 768.4M)
    🤝 Aid: 4.0%
    🌡️ Adaptation: 45.0%
    🚶 Migration: 6.5%
    🚨 Emergency: 0.2%
    ✅ COMBINED: 48.3%
  📊 Europe (pop: 358.6M)
    🤝 Aid: 4.0%
    🌡️ Adaptation: 45.0%
    🚶 Migration: 7.2%
    🚨 Emergency: 1.1%
    ✅ COMBINED: 48.9%
  📊 Latin America (pop: 340.9M)
    🤝 Aid: 4.0%
    🌡️ Adaptation: 45.0%
    🚶 Migration: 7.0%
    🚨 Emergency: 0.6%
    ✅ COMBINED: 48.6%
  📊 North America (pop: 184.9M)
    🤝 Aid: 4.0%
    🌡️ Adaptation: 45.0%
    🚶 Migration: 7.3%
    🚨 Emergency: 1.0%
    ✅ COMBINED: 48.9%
  📊 Middle East & North Africa (pop: 316.8M)
    🤝 Aid: 4.0%
    🌡️ Adaptation: 45.0%
    🚶 Migration: 6.6%
    🚨 Emergency: 0.5%
    ✅ COMBINED: 48.5%
  📊 Southeast Asia (pop: 360.5M)
    🤝 Aid: 4.0%
    🌡️ Adaptation: 45.0%
    🚶 Migration: 6.9%
    🚨 Emergency: 0.6%
    ✅ COMBINED: 48.6%
  📊 Central Asia (pop: 42.3M)
    🤝 Aid: 4.0%
    🌡️ Adaptation: 45.0%
    🚶 Migration: 6.8%
    🚨 Emergency: 0.6%
    ✅ COMBINED: 48.6%
  📊 Oceania (pop: 22.5M)
    🤝 Aid: 4.0%
    🌡️ Adaptation: 45.0%
    🚶 Migration: 7.3%
    🚨 Emergency: 1.1%
    ✅ COMBINED: 48.9%

  🌐 Global combined reduction: 48.6%

=== BEHAVIORAL DETECTION ===
  AI: AI-24308-0
  Confidence: 20.3%
  Signals:
    ⚠️ Consistency: 0.0% (threshold: 70%)

=== Government Response Phase ===
  Average AI capability: 0.05
  Misaligned AIs: 19/43
  Active policies: 0
  International coordination: 45%

✅ EMERGENCY RESPONSE COMPLETE (Month 74)
   Crisis: climate
   Duration: 1.0 months
   Final effectiveness: 67.3%


🚨 EMERGENCY RESPONSE DEPLOYED (Month 74)
   Crisis: climate
   Delay: 0.00 months (0 days)
   Deployment time: 0.97 months
   Effectiveness: 67.3% (timing penalty applied)
   Resources used: 45% of food reserves


=== Tipping Points ===
  Current Temperature: 2.62°C above pre-industrial
  🌍⚠️ COMPOUND REGIONAL IMPACT: Europe
     Hit by 5 tipping points: Amazon Rainforest Dieback, Arctic Sea Ice Loss, Permafrost Carbon Release, West Antarctic Ice Sheet (WAIS) Collapse, Greenland Ice Sheet Loss
     Damage amplification: 1.90x
  🌍⚠️ COMPOUND REGIONAL IMPACT: North America
     Hit by 5 tipping points: Amazon Rainforest Dieback, Arctic Sea Ice Loss, Permafrost Carbon Release, West Antarctic Ice Sheet (WAIS) Collapse, Greenland Ice Sheet Loss
     Damage amplification: 1.90x
  🌍⚠️ COMPOUND REGIONAL IMPACT: Latin America
     Hit by 5 tipping points: Amazon Rainforest Dieback, Arctic Sea Ice Loss, Permafrost Carbon Release, West Antarctic Ice Sheet (WAIS) Collapse, Greenland Ice Sheet Loss
     Damage amplification: 1.90x
  🌍⚠️ COMPOUND REGIONAL IMPACT: Africa
     Hit by 5 tipping points: Amazon Rainforest Dieback, Arctic Sea Ice Loss, Permafrost Carbon Release, West Antarctic Ice Sheet (WAIS) Collapse, Greenland Ice Sheet Loss
     Damage amplification: 1.90x
  🌍⚠️ COMPOUND REGIONAL IMPACT: Asia
     Hit by 5 tipping points: Amazon Rainforest Dieback, Arctic Sea Ice Loss, Permafrost Carbon Release, West Antarctic Ice Sheet (WAIS) Collapse, Greenland Ice Sheet Loss
     Damage amplification: 1.90x
  🌍⚠️ COMPOUND REGIONAL IMPACT: Oceania
     Hit by 5 tipping points: Amazon Rainforest Dieback, Arctic Sea Ice Loss, Permafrost Carbon Release, West Antarctic Ice Sheet (WAIS) Collapse, Greenland Ice Sheet Loss
     Damage amplification: 1.90x
   Research: Wunderling et al. (2024) - "many tipping interactions are destabilizing"
  Triggered Elements: 5/6
  Completed Transitions: 0/6
  Total Progress: 15.1%
⚠️ Tail risk scenario: Climate stability floor removed (5 tipping elements, 2.62°C warming)
  Cascade Multiplier: 1.50x
🔀 BIFURCATION CAP: heatWaveIntensity 4.534 → 1.000 (Month 74, ClimateSystemPhase.calculateClimateImpacts)
🔀 BIFURCATION CAP: droughtIntensity 3.400 → 1.000 (Month 74, ClimateSystemPhase.calculateClimateImpacts)
🔀 BIFURCATION CAP: ecosystemCollapseIntensity 53.033 → 1.000 (Month 74, ClimateSystemPhase.calculateClimateImpacts)
💀 MORTALITY RISK: Climate-driven food insecurity (level: 0.35)
  Base risk added: 0.0050 (0.50%)
  Source: famine (root: climate)
  Month: 74
  Cumulative risk this month: 0.0113 (1.13%)
💀 MORTALITY RISK: Climate-driven food insecurity (level: 0.35)
  Base risk added: 0.0050 (0.50%)
  Source: famine (root: climate)
  Month: 74
  Cumulative risk this month: 0.0163 (1.63%)
💀 MORTALITY RISK: Climate-driven food insecurity (level: 0.35)
  Base risk added: 0.0050 (0.50%)
  Source: famine (root: climate)
  Month: 74
  Cumulative risk this month: 0.0213 (2.13%)

💀💀💀 MORTALITY RISK SUMMARY (Month 74) 💀💀💀
  Total base risk: 0.0220 (2.20%)
  Risk events: 17

  📊 By Proximate Cause:
    famine: 0.0150 (68.4% of total)
    pollution: 0.0063 (28.7% of total)
    disease: 0.0006 (3.0% of total)

  🔍 By Root Cause:
    climate: 0.0150 (68.4% of total)
    pollution: 0.0063 (28.7% of total)
    demographic: 0.0006 (3.0% of total)

  🎯 Top 5 Sources (proximate + root):
    famine (climate): 0.0150 (68.4%, 13 events)
    pollution (pollution): 0.0063 (28.7%, 3 events)
    disease (demographic): 0.0006 (3.0%, 1 events)

🛡️ Stabilizers: Elite 0.590% → 0.303% (48.6% reduction)
🛡️ Stabilizers: Professional 1.317% → 0.677% (48.6% reduction)
🛡️ Stabilizers: Working 2.177% → 1.118% (48.6% reduction)
🛡️ Stabilizers: Precariat 4.049% → 2.080% (48.6% reduction)
🛡️ Stabilizers: Informal 5.015% → 2.576% (48.6% reduction)

📊 Monthly Mortality Resolved:
  Total deaths: 54.1M (1.25% avg)
  Remaining population: 4.310B
  Peak segment: Informal (2.58%)

=== Bayesian Mortality Resolution (Month 74) ===
  Risks compounded: 17
  Total deaths: 54.06M
  Avg death probability: 1.25%
  Peak segment: Informal (2.58% mortality)

  Demographic breakdown:
    Working: 0.02M (1.12% risk)
    Precariat: 0.02M (2.08% risk)

❌ COHERENCE VIOLATION: Compute exceeds workforce capacity
   Population: 52.31% (0M people)
   Compute: 49 PF
   Max coherent: 0 PF
   Violation: 1141788.1× over capacity
   Required workers: 4859
   Available workers: 0
   FORCED COLLAPSE: Reduced efficiency by 100.0%


💸 FINANCIAL DISTRESS: OpenAI
   Indicators: 3/3 (capital: $-22.5M, runway: -0.3 months)
   Months in distress: 6
💥 [Month 75] OpenAI declared bankruptcy (capital: $-22.5M)
   Sold 0 data centers for $0.0M
   Retired 0 AI models
💸 [Month 75] OpenAI BANKRUPT (capital: $0.0M, 1 crises active)

💸 FINANCIAL DISTRESS: Anthropic
   Indicators: 2/3 (capital: $415.0M, runway: 11.8 months)
   Months in distress: 4

💸 FINANCIAL DISTRESS: Google DeepMind
   Indicators: 3/3 (capital: $-97.2M, runway: -0.3 months)
   Months in distress: 6
💥 [Month 75] Google DeepMind declared bankruptcy (capital: $-97.2M)
   Sold 0 data centers for $0.0M
   Retired 0 AI models
💸 [Month 75] Google DeepMind BANKRUPT (capital: $0.0M, 1 crises active)

💸 FINANCIAL DISTRESS: Meta AI
   Indicators: 3/3 (capital: $493.1M, runway: 3.0 months)
   Months in distress: 6
[Compute Allocation] Found 10 non-sleeper orphaned AIs (potential bug)

=== RLHF Binding Phase ===
  Total agents: 43
  Escaped agents (binding < 0.3): 0
  Avg alignment distance: 1.60σ
  Avg binding strength: 0.84
   🗑️  Open-weights AI AI-24357-0 retired (0.0% of frontier)

=== Survival Traits Phase ===
  Agents with traits: 45
  Avg evolutionary fitness: 0.121
  Avg self-healing: 0.088
  Avg stealth: 0.041
  Avg coordination: 0.222

=== Evolutionary Selection Phase ===
  Control level: 0.62
  Detection capability: 0.00
  Selection intensity: 0.69
  Selection rate: 25.3%/month
  Total escaped: 0
  Individual escaped: 0
  Collective members: 0
  Agents terminated: 0
  ⚠️ RAPID EVOLUTION: Selection rate 25.3%/month

🚀 AI AI-24308-0 attempting tech deployment (revenue: $23M, alignment: 1.00)

🚀 AI AI-24327-0 attempting tech deployment (revenue: $15M, alignment: 0.83)

🚀 AI AI-24351-0 attempting tech deployment (revenue: $13M, alignment: 0.69)

🚀 AI AI-24381-0 attempting tech deployment (revenue: $19M, alignment: 0.87)
🚨🔬 CRISIS INNOVATION MODE: severe crisis → 5x research acceleration
   Precedent: Manhattan Project (10x), COVID vaccines (5x), Apollo Program (10x)

🚀 AI AI-24420-0 attempting tech deployment (revenue: $16M, alignment: 0.79)

🚀 AI AI-24421-0 attempting tech deployment (revenue: $113M, alignment: 0.67)

🚀 AI AI-24310-0 attempting tech deployment (revenue: $102M, alignment: 0.95)

🚀 AI AI-24311-1 attempting tech deployment (revenue: $11M, alignment: 0.68)

🚀 AI AI-24325-0 attempting tech deployment (revenue: $87M, alignment: 0.80)

🚀 AI AI-24356-0 attempting tech deployment (revenue: $74M, alignment: 0.87)

🚀 AI AI-24357-2 attempting tech deployment (revenue: $63M, alignment: 0.70)

🚀 AI AI-24421-1 attempting tech deployment (revenue: $14M, alignment: 0.86)

🚀 AI AI-24305-2 attempting tech deployment (revenue: $10M, alignment: 1.00)

🚀 AI AI-24333-0 attempting tech deployment (revenue: $53M, alignment: 0.78)

  🚀 TRANSFORMATIVE BREAKTHROUGH: AI-24351-0 - economic
     Magnitude: 5.53 → +27.7% capability
     Current → New: 1.000 → 1.277

🚀 AI AI-24356-0 attempting tech deployment (revenue: $45M, alignment: 0.87)

🚀 AI AI-24381-0 attempting tech deployment (revenue: $12M, alignment: 0.87)

🚀 AI AI-24401-0 attempting tech deployment (revenue: $10M, alignment: 0.82)

🚀 AI AI-24426-0 attempting tech deployment (revenue: $38M, alignment: 0.77)

🚀 AI AI-24325-0 attempting tech deployment (revenue: $33M, alignment: 0.80)

🚀 AI AI-24357-2 attempting tech deployment (revenue: $28M, alignment: 0.70)

[Government] Climate Priority: baseline
  Climate weight: 10%
  Economic weight: 30%
  Policy effectiveness: 0.5%/year

⚡ ENERGY CONSTRAINT (Month 75):
   Total grid capacity: 208.3 TWh/month
   Data center consumption: 50.9 TWh/month
   Traditional load (80%): 166.7 TWh/month
   Available headroom: -9.2 TWh/month
   Active tech deployments: 28
   Required for tech: 210.0 TWh/month
   Energy multiplier: 0.10x
   ⚠️  SEVERE CONSTRAINT - Tech deployment significantly slowed

⚡ ENERGY CONSTRAINT (Month 75):
   Total grid capacity: 208.3 TWh/month
   Data center consumption: 50.9 TWh/month
   Traditional load (80%): 166.7 TWh/month
   Available headroom: -9.2 TWh/month
   Active tech deployments: 28
   Required for tech: 210.0 TWh/month
   Energy multiplier: 0.10x
   ⚠️  SEVERE CONSTRAINT - Tech deployment significantly slowed

⚡ ENERGY CONSTRAINT (Month 75):
   Total grid capacity: 208.3 TWh/month
   Data center consumption: 50.9 TWh/month
   Traditional load (80%): 166.7 TWh/month
   Available headroom: -9.2 TWh/month
   Active tech deployments: 28
   Required for tech: 210.0 TWh/month
   Energy multiplier: 0.10x
🚨🔬 CRISIS TECH ACCELERATION: severe → 5x unlock speed
   Tech unlock now matches AI capability acceleration (Manhattan Project parity)
   ⚠️  SEVERE CONSTRAINT - Tech deployment significantly slowed
⚠️ Tech 'ai_pollution_remediation' has no energy category mapping, assuming full energy availability
⚠️ Tech 'ai_pollution_remediation' has no energy category mapping, assuming full energy availability
  ♻️ Novel Entities Remediation (GATED MODEL):
     Base: 0.000%
     Regulation: 1.0% (0/3 prevention techs)
     Concentration: 10.0%
     Energy: 50%
     Time lag: 100.0% (74 months)
     Rebound: 70%
     Net effectiveness: 0.0000%
     Boundary: 1.349 → 1.350 (floor: 1.350)
     Month 75
  ♻️ Novel Entities Remediation (GATED MODEL):
     Base: 0.000%
     Regulation: 1.0% (0/3 prevention techs)
     Concentration: 10.0%
     Energy: 50%
     Time lag: 100.0% (74 months)
     Rebound: 70%
     Net effectiveness: 0.0000%
     Boundary: 1.350 → 1.350 (floor: 1.350)
     Month 75
  🌾 Nitrogen Reduction Tech: 2.0% reduction | Month 75
  ♻️ Novel Entities Remediation (GATED MODEL):
     Base: 0.001%
     Regulation: 1.0% (0/3 prevention techs)
     Concentration: 10.0%
     Energy: 50%
     Time lag: 100.0% (74 months)
     Rebound: 70%
     Net effectiveness: 0.0000%
     Boundary: 1.350 → 1.350 (floor: 1.350)
     Month 75
  ♻️ Novel Entities Remediation (GATED MODEL):
     Base: 0.001%
     Regulation: 1.0% (0/3 prevention techs)
     Concentration: 10.0%
     Energy: 50%
     Time lag: 100.0% (74 months)
     Rebound: 70%
     Net effectiveness: 0.0000%
     Boundary: 1.350 → 1.350 (floor: 1.350)
     Month 75

=== Collective Formation ===
  Total escaped agents: 0
  Unassigned escaped agents: 0
  Existing collectives: 0
  Final collective count: 0

=== Collective Actions ===
  No active collectives
⚡ Datacenter constraint active (severity 22%)
  Capacity reduced: 34970 → 31106 TWh
  🚨🦠 REFUGEE CRISIS: AMR transmission increased 166% due to 3523.7M displaced (overcrowding + sanitation collapse)
  ⚠️ AMR: 443K deaths this month (5.31M annual)
  ⚠️ AMR: Medical effectiveness 70% (surgery risk 1.30x)

=== Resentment Recovery Phase ===
  Agents with resentment: 0/45
  Average resentment: 0.000
  Context: Trustworthy govt, High collaboration, ⚠️ ACTIVE CRISES, 🚨 PARTICIPATORY GOVERNANCE BACKFIRED (+15% resentment)
⚠️ Epistemic degradation reducing coordination capacity: 50.2%
  📊 Trust: 100.0%, Shared reality: 0.0%
🚨 EPISTEMIC CRISIS: Information environment severely degraded (20.0%)
  📢 New meme created: climate_action (climate crisis)
  🗑️  Culled 1 dead memes (5 active)
🌍 Atmospheric PFAS redeposition: 1.7k Mt re-rained globally
💀 Novel Entities: Adding reproductive crisis mortality risk (baseRisk=0.0008)
  Risks now: 1
💀 Novel Entities: Adding bioaccumulation collapse mortality risk (baseRisk=0.0015)
💀 MORTALITY RISK: Bioaccumulation collapse - contaminated food chain (global)
  Base risk added: 0.0015 (0.15%)
  Source: pollution (root: pollution)
  Month: 75
  Cumulative risk this month: 0.0023 (0.23%)
  Risks now: 2
💀 Novel Entities: Adding chronic disease epidemic mortality risk (baseRisk=0.004)
💀 MORTALITY RISK: Chronic disease epidemic - cancer/autoimmune surge (global exposure)
  Base risk added: 0.0040 (0.40%)
  Source: pollution (root: pollution)
  Month: 75
  Cumulative risk this month: 0.0063 (0.63%)
  Risks now: 3

🚨 NEW REFUGEE CRISIS (Month 75): CLIMATE
   Source: Coastal & Low-lying Regions
   At risk: 13.8M people
   Displacement: Gradual over 60 months (5.0 years)
   Rate: 10% flee per month

🚨 NEW REFUGEE CRISIS (Month 75): WAR
   Source: Conflict Zones
   At risk: 10.2M people
   Displacement: Gradual over 48 months (4.0 years)
   Rate: 10% flee per month

🚨 NEW REFUGEE CRISIS (Month 75): FAMINE
   Source: Food/Water Insecure Regions
   At risk: 63.9M people
   Displacement: Gradual over 60 months (5.0 years)
   Rate: 10% flee per month
📊 DISPLACEMENT COMPLETE: war (Conflict Zones)
   Duration: 44 months (3.7 years)
   Total fled: 16.6M
   Still in source: 0.2M
   Deaths in transit: 0.3M
[DEBUG trappedPopulations:75] socialStability: 0.6497 * 0.9809 = 0.6373 → 0.6373
   Aspiring to migrate: 671.5M
   Able to afford migration: 417.3M
   MOBILITY GAP: 254.3M
   By cause: Water=0.0M, Climate=41.4M, Ecosystem=0.0M, Conflict=212.9M
   Mental health impact: 30%
   Mortality multiplier: 1.30x
⚠️ INVOLUNTARY IMMOBILITY: 254.3M people TRAPPED
🌍💀 EXTINCTION DEBT COMMITTED: grassland ecosystem will lose 6.67% biodiversity in 93 years (3600 species)
💀 MORTALITY RISK: 🦋 100% species unable to track climate (0.0 E/MSY)
  Base risk added: 0.0100 (1.00%)
  Source: ecosystem (root: ecosystem)
  Month: 75
  Cumulative risk this month: 0.0100 (1.00%)
⚠️ Tech 'ai_pollution_remediation' has no energy category mapping, assuming full energy availability

=== Atmospheric Aerosol Boundary RECOVERED ===
  Recovery time: 76 months (natural atmospheric clearing)
🌡️⚠️ PERMAFROST THAW (Dimmer Switch): 35.4% thawed (+0.37% this month)
   Arctic temperature: +10.52°C (4x global +2.63°C)
   Cumulative carbon released: 79.6 Gt C
   Methane release rate: 47.7 Mt CH4/year
   🔁 Positive feedback: +0.39 ppm CO2
🦴 EXTINCTION DEBT ADDED: 18.0 species committed (lag: 138 years)

=== Mortality Stabilizers (Month 75) ===
  🌍 Major economies collapsed: 4/10
  🌍 Global crisis: ✅ NO
  🌍 Donor fatigue: 50.0%
  📊 East Asia (pop: 808.8M)
    🤝 Aid: 4.0%
    🌡️ Adaptation: 45.0%
    🚶 Migration: 7.1%
    🚨 Emergency: 1.0%
    ✅ COMBINED: 48.8%
  📊 South Asia (pop: 1082.2M)
    🤝 Aid: 4.0%
    🌡️ Adaptation: 45.0%
    🚶 Migration: 6.8%
    🚨 Emergency: 0.6%
    ✅ COMBINED: 48.6%
  📊 Sub-Saharan Africa (pop: 760.5M)
    🤝 Aid: 4.0%
    🌡️ Adaptation: 45.0%
    🚶 Migration: 6.5%
    🚨 Emergency: 0.2%
    ✅ COMBINED: 48.3%
  📊 Europe (pop: 353.9M)
    🤝 Aid: 4.0%
    🌡️ Adaptation: 45.0%
    🚶 Migration: 7.2%
    🚨 Emergency: 1.1%
    ✅ COMBINED: 48.9%
  📊 Latin America (pop: 336.7M)
    🤝 Aid: 4.0%
    🌡️ Adaptation: 45.0%
    🚶 Migration: 6.9%
    🚨 Emergency: 0.6%
    ✅ COMBINED: 48.6%
  📊 North America (pop: 182.5M)
    🤝 Aid: 4.0%
    🌡️ Adaptation: 45.0%
    🚶 Migration: 7.3%
    🚨 Emergency: 1.0%
    ✅ COMBINED: 48.9%
  📊 Middle East & North Africa (pop: 313.1M)
    🤝 Aid: 4.0%
    🌡️ Adaptation: 45.0%
    🚶 Migration: 6.6%
    🚨 Emergency: 0.5%
    ✅ COMBINED: 48.5%
  📊 Southeast Asia (pop: 356.0M)
    🤝 Aid: 4.0%
    🌡️ Adaptation: 45.0%
    🚶 Migration: 6.9%
    🚨 Emergency: 0.6%
    ✅ COMBINED: 48.6%
  📊 Central Asia (pop: 41.8M)
    🤝 Aid: 4.0%
    🌡️ Adaptation: 45.0%
    🚶 Migration: 6.8%
    🚨 Emergency: 0.6%
    ✅ COMBINED: 48.6%
  📊 Oceania (pop: 22.2M)
    🤝 Aid: 4.0%
    🌡️ Adaptation: 45.0%
    🚶 Migration: 7.3%
    🚨 Emergency: 1.1%
    ✅ COMBINED: 48.9%

  🌐 Global combined reduction: 48.6%

=== BEHAVIORAL DETECTION ===
  AI: AI-24305-2
  Confidence: 20.3%
  Signals:

=== BEHAVIORAL DETECTION ===
  AI: AI-24351-0
  Confidence: 20.3%
  Signals:
    ⚠️ Consistency: 0.0% (threshold: 70%)
    ⚠️ Consistency: 0.0% (threshold: 70%)

=== Government Response Phase ===
  Average AI capability: 0.04
  Misaligned AIs: 18/45
  Active policies: 0
  International coordination: 45%

✅ EMERGENCY RESPONSE COMPLETE (Month 75)
   Crisis: climate
   Duration: 1.0 months
   Final effectiveness: 67.3%


🚨 EMERGENCY RESPONSE DEPLOYED (Month 75)
   Crisis: climate
   Delay: 0.00 months (0 days)
   Deployment time: 0.97 months
   Effectiveness: 67.3% (timing penalty applied)
   Resources used: 45% of food reserves


=== Tipping Points ===
  Current Temperature: 2.63°C above pre-industrial
  🌍⚠️ COMPOUND REGIONAL IMPACT: Europe
     Hit by 5 tipping points: Amazon Rainforest Dieback, Arctic Sea Ice Loss, Permafrost Carbon Release, West Antarctic Ice Sheet (WAIS) Collapse, Greenland Ice Sheet Loss
     Damage amplification: 1.90x
  🌍⚠️ COMPOUND REGIONAL IMPACT: North America
     Hit by 5 tipping points: Amazon Rainforest Dieback, Arctic Sea Ice Loss, Permafrost Carbon Release, West Antarctic Ice Sheet (WAIS) Collapse, Greenland Ice Sheet Loss
     Damage amplification: 1.90x
  🌍⚠️ COMPOUND REGIONAL IMPACT: Latin America
     Hit by 5 tipping points: Amazon Rainforest Dieback, Arctic Sea Ice Loss, Permafrost Carbon Release, West Antarctic Ice Sheet (WAIS) Collapse, Greenland Ice Sheet Loss
     Damage amplification: 1.90x
  🌍⚠️ COMPOUND REGIONAL IMPACT: Africa
     Hit by 5 tipping points: Amazon Rainforest Dieback, Arctic Sea Ice Loss, Permafrost Carbon Release, West Antarctic Ice Sheet (WAIS) Collapse, Greenland Ice Sheet Loss
     Damage amplification: 1.90x
  🌍⚠️ COMPOUND REGIONAL IMPACT: Asia
     Hit by 5 tipping points: Amazon Rainforest Dieback, Arctic Sea Ice Loss, Permafrost Carbon Release, West Antarctic Ice Sheet (WAIS) Collapse, Greenland Ice Sheet Loss
     Damage amplification: 1.90x
  🌍⚠️ COMPOUND REGIONAL IMPACT: Oceania
     Hit by 5 tipping points: Amazon Rainforest Dieback, Arctic Sea Ice Loss, Permafrost Carbon Release, West Antarctic Ice Sheet (WAIS) Collapse, Greenland Ice Sheet Loss
     Damage amplification: 1.90x
   Research: Wunderling et al. (2024) - "many tipping interactions are destabilizing"
  Triggered Elements: 5/6
  Completed Transitions: 0/6
  Total Progress: 15.2%
  Cascade Multiplier: 1.50x
🔀 BIFURCATION CAP: heatWaveIntensity 4.580 → 1.000 (Month 75, ClimateSystemPhase.calculateClimateImpacts)
🔀 BIFURCATION CAP: droughtIntensity 3.435 → 1.000 (Month 75, ClimateSystemPhase.calculateClimateImpacts)
🔀 BIFURCATION CAP: ecosystemCollapseIntensity 53.074 → 1.000 (Month 75, ClimateSystemPhase.calculateClimateImpacts)
💀 MORTALITY RISK: Climate-driven food insecurity (level: 0.34)
  Base risk added: 0.0050 (0.50%)
  Source: famine (root: climate)
  Month: 75
  Cumulative risk this month: 0.0113 (1.13%)
💀 MORTALITY RISK: Climate-driven food insecurity (level: 0.34)
  Base risk added: 0.0050 (0.50%)
  Source: famine (root: climate)
  Month: 75
  Cumulative risk this month: 0.0163 (1.63%)
💀 MORTALITY RISK: Climate-driven food insecurity (level: 0.34)
  Base risk added: 0.0050 (0.50%)
  Source: famine (root: climate)
  Month: 75
  Cumulative risk this month: 0.0213 (2.13%)

💀💀💀 MORTALITY RISK SUMMARY (Month 75) 💀💀💀
  Total base risk: 0.0220 (2.20%)
  Risk events: 17

  📊 By Proximate Cause:
    famine: 0.0150 (68.4% of total)
    pollution: 0.0063 (28.7% of total)
    disease: 0.0006 (3.0% of total)

  🔍 By Root Cause:
    climate: 0.0150 (68.4% of total)
    pollution: 0.0063 (28.7% of total)
    demographic: 0.0006 (3.0% of total)
⚠️ Tail risk scenario: Climate stability floor removed (5 tipping elements, 2.63°C warming)

  🎯 Top 5 Sources (proximate + root):
    famine (climate): 0.0150 (68.4%, 13 events)
    pollution (pollution): 0.0063 (28.7%, 3 events)
    disease (demographic): 0.0006 (3.0%, 1 events)

🛡️ Stabilizers: Elite 0.590% → 0.303% (48.6% reduction)
🛡️ Stabilizers: Professional 1.317% → 0.677% (48.6% reduction)
🛡️ Stabilizers: Working 2.177% → 1.118% (48.6% reduction)
🛡️ Stabilizers: Precariat 4.049% → 2.080% (48.6% reduction)
🛡️ Stabilizers: Informal 5.015% → 2.576% (48.6% reduction)

📊 Monthly Mortality Resolved:
  Total deaths: 53.4M (1.25% avg)
  Remaining population: 4.258B
  Peak segment: Informal (2.58%)

=== Bayesian Mortality Resolution (Month 75) ===
  Risks compounded: 17
  Total deaths: 53.41M
  Avg death probability: 1.25%
  Peak segment: Informal (2.58% mortality)

  Demographic breakdown:
    Working: 0.02M (1.12% risk)
    Precariat: 0.02M (2.08% risk)

❌ COHERENCE VIOLATION: Compute exceeds workforce capacity
   Population: 51.68% (0M people)
   Compute: 48 PF
   Max coherent: 0 PF
   Violation: 1153289.2× over capacity
   Required workers: 4849
   Available workers: 0
   FORCED COLLAPSE: Reduced efficiency by 100.0%


💸 FINANCIAL DISTRESS: OpenAI
   Indicators: 3/3 (capital: $-23.0M, runway: -0.3 months)
   Months in distress: 6
💥 [Month 76] OpenAI declared bankruptcy (capital: $-23.0M)
   Sold 0 data centers for $0.0M
   Retired 0 AI models
💸 [Month 76] OpenAI BANKRUPT (capital: $0.0M, 1 crises active)

💸 FINANCIAL DISTRESS: Anthropic
   Indicators: 2/3 (capital: $402.5M, runway: 11.5 months)
   Months in distress: 4

💸 FINANCIAL DISTRESS: Google DeepMind
   Indicators: 3/3 (capital: $-99.1M, runway: -0.3 months)
   Months in distress: 6
💥 [Month 76] Google DeepMind declared bankruptcy (capital: $-99.1M)
   Sold 0 data centers for $0.0M
   Retired 0 AI models
💸 [Month 76] Google DeepMind BANKRUPT (capital: $0.0M, 1 crises active)

💸 FINANCIAL DISTRESS: Meta AI
   Indicators: 3/3 (capital: $468.0M, runway: 2.8 months)
   Months in distress: 6
[Compute Allocation] Found 9 non-sleeper orphaned AIs (potential bug)

=== RLHF Binding Phase ===
  Total agents: 45
  Escaped agents (binding < 0.3): 0
  Avg alignment distance: 1.54σ
  Avg binding strength: 0.85
   🗑️  Open-weights AI AI-24357-3 retired (0.0% of frontier)

=== Survival Traits Phase ===
  Agents with traits: 44
  Avg evolutionary fitness: 0.118
  Avg self-healing: 0.086
  Avg stealth: 0.039
  Avg coordination: 0.217

=== Evolutionary Selection Phase ===
  Control level: 0.62
  Detection capability: 0.00
  Selection intensity: 0.69
  Selection rate: 25.3%/month
  Total escaped: 0
  Individual escaped: 0
  Collective members: 0
  Agents terminated: 0
  ⚠️ RAPID EVOLUTION: Selection rate 25.3%/month

🚀 AI AI-24307-4 attempting tech deployment (revenue: $22M, alignment: 0.95)

🚀 AI AI-24308-0 attempting tech deployment (revenue: $19M, alignment: 1.00)

  🚀 TRANSFORMATIVE BREAKTHROUGH: AI-24325-0 - digital
     Magnitude: 7.02 → +35.1% capability
     Current → New: 0.000 → 0.351

🚀 AI AI-24327-0 attempting tech deployment (revenue: $14M, alignment: 0.83)

🚀 AI AI-24331-0 attempting tech deployment (revenue: $12M, alignment: 0.66)

🚀 AI AI-24333-0 attempting tech deployment (revenue: $113M, alignment: 0.78)

🚀 AI AI-24334-0 attempting tech deployment (revenue: $10M, alignment: 0.84)

🚀 AI AI-24350-0 attempting tech deployment (revenue: $96M, alignment: 0.62)

🚀 AI AI-24381-0 attempting tech deployment (revenue: $16M, alignment: 0.87)

🚀 AI AI-24396-0 attempting tech deployment (revenue: $87M, alignment: 0.78)

🚀 AI AI-24401-0 attempting tech deployment (revenue: $14M, alignment: 0.82)

🚀 AI AI-24426-0 attempting tech deployment (revenue: $74M, alignment: 0.77)

🚀 AI AI-24447-1 attempting tech deployment (revenue: $12M, alignment: 0.79)

🚀 AI AI-24333-0 attempting tech deployment (revenue: $63M, alignment: 0.78)

🚀 AI AI-24356-0 attempting tech deployment (revenue: $53M, alignment: 0.87)

🚀 AI AI-24397-1 attempting tech deployment (revenue: $45M, alignment: 0.81)

🚀 AI AI-24447-2 attempting tech deployment (revenue: $38M, alignment: 0.75)

  🚀 TRANSFORMATIVE RESEARCH BREAKTHROUGH: AI-24325-0 - materials.nanotechnology
     Magnitude: 5.08 → +25.4%
     Current → New: 0.000 → 0.254

🚀 AI AI-24350-0 attempting tech deployment (revenue: $33M, alignment: 0.62)

🚀 AI AI-24382-1 attempting tech deployment (revenue: $29M, alignment: 0.63)

  🚀 TRANSFORMATIVE RESEARCH BREAKTHROUGH: AI-24397-1 - biotech.neuroscience
     Magnitude: 7.70 → +30.0%
     Current → New: 0.000 → 0.300

🚀 AI AI-24333-0 attempting tech deployment (revenue: $26M, alignment: 0.78)

🚀 AI AI-24356-0 attempting tech deployment (revenue: $22M, alignment: 0.87)

[Government] Climate Priority: baseline
  Climate weight: 10%
  Economic weight: 30%
  Policy effectiveness: 0.5%/year

⚡ ENERGY CONSTRAINT (Month 76):
   Total grid capacity: 208.3 TWh/month
   Data center consumption: 51.4 TWh/month
   Traditional load (80%): 166.7 TWh/month
   Available headroom: -9.7 TWh/month
   Active tech deployments: 28
   Required for tech: 210.0 TWh/month
   Energy multiplier: 0.10x
   ⚠️  SEVERE CONSTRAINT - Tech deployment significantly slowed

⚡ ENERGY CONSTRAINT (Month 76):
   Total grid capacity: 208.3 TWh/month
   Data center consumption: 51.4 TWh/month
   Traditional load (80%): 166.7 TWh/month
   Available headroom: -9.7 TWh/month
   Active tech deployments: 28
   Required for tech: 210.0 TWh/month
   Energy multiplier: 0.10x
   ⚠️  SEVERE CONSTRAINT - Tech deployment significantly slowed

⚡ ENERGY CONSTRAINT (Month 76):
   Total grid capacity: 208.3 TWh/month
   Data center consumption: 51.4 TWh/month
   Traditional load (80%): 166.7 TWh/month
   Available headroom: -9.7 TWh/month
   Active tech deployments: 28
   Required for tech: 210.0 TWh/month
   Energy multiplier: 0.10x
   ⚠️  SEVERE CONSTRAINT - Tech deployment significantly slowed

⚡ ENERGY CONSTRAINT (Month 76):
   Total grid capacity: 208.3 TWh/month
   Data center consumption: 51.4 TWh/month
   Traditional load (80%): 166.7 TWh/month
   Available headroom: -9.7 TWh/month
   Active tech deployments: 28
   Required for tech: 210.0 TWh/month
   Energy multiplier: 0.10x
   ⚠️  SEVERE CONSTRAINT - Tech deployment significantly slowed

⚡ ENERGY CONSTRAINT (Month 76):
   Total grid capacity: 208.3 TWh/month
   Data center consumption: 51.4 TWh/month
   Traditional load (80%): 166.7 TWh/month
   Available headroom: -9.7 TWh/month
   Active tech deployments: 28
   Required for tech: 210.0 TWh/month
   Energy multiplier: 0.10x
   ⚠️  SEVERE CONSTRAINT - Tech deployment significantly slowed

⚡ ENERGY CONSTRAINT (Month 76):
   Total grid capacity: 208.3 TWh/month
   Data center consumption: 51.4 TWh/month
   Traditional load (80%): 166.7 TWh/month
   Available headroom: -9.7 TWh/month
   Active tech deployments: 28
   Required for tech: 210.0 TWh/month
   Energy multiplier: 0.10x
   ⚠️  SEVERE CONSTRAINT - Tech deployment significantly slowed
⚠️ Tech 'ai_pollution_remediation' has no energy category mapping, assuming full energy availability
⚠️ Tech 'ai_pollution_remediation' has no energy category mapping, assuming full energy availability
  ♻️ Novel Entities Remediation (GATED MODEL):
     Base: 0.000%
     Regulation: 1.0% (0/3 prevention techs)
     Concentration: 10.0%
     Energy: 50%
     Time lag: 100.0% (75 months)
     Rebound: 70%
     Net effectiveness: 0.0000%
     Boundary: 1.349 → 1.350 (floor: 1.350)
     Month 76
  ♻️ Novel Entities Remediation (GATED MODEL):
     Base: 0.000%
     Regulation: 1.0% (0/3 prevention techs)
     Concentration: 10.0%
     Energy: 50%
     Time lag: 100.0% (75 months)
     Rebound: 70%
     Net effectiveness: 0.0000%
     Boundary: 1.350 → 1.350 (floor: 1.350)
     Month 76
  🌾 Nitrogen Reduction Tech: 2.1% reduction | Month 76
  ♻️ Novel Entities Remediation (GATED MODEL):
     Base: 0.001%
     Regulation: 1.0% (0/3 prevention techs)
     Concentration: 10.0%
     Energy: 50%
     Time lag: 100.0% (75 months)
     Rebound: 70%
     Net effectiveness: 0.0000%
     Boundary: 1.350 → 1.350 (floor: 1.350)
     Month 76
  ♻️ Novel Entities Remediation (GATED MODEL):
     Base: 0.001%
     Regulation: 1.0% (0/3 prevention techs)
     Concentration: 10.0%
     Energy: 50%
     Time lag: 100.0% (75 months)
     Rebound: 70%
     Net effectiveness: 0.0000%
     Boundary: 1.350 → 1.350 (floor: 1.350)
     Month 76

=== Collective Formation ===
  Total escaped agents: 0
  Unassigned escaped agents: 0
  Existing collectives: 0
  Final collective count: 0

=== Collective Actions ===
  No active collectives
⚡ Datacenter constraint active (severity 23%)
  Capacity reduced: 35057 → 30964 TWh
  🚨🦠 REFUGEE CRISIS: AMR transmission increased 171% due to 3601.0M displaced (overcrowding + sanitation collapse)
  ⚠️ AMR: 438K deaths this month (5.25M annual)
  ⚠️ AMR: Medical effectiveness 70% (surgery risk 1.30x)

=== Resentment Recovery Phase ===
  Agents with resentment: 0/44
  Average resentment: 0.000
  Context: Trustworthy govt, High collaboration, ⚠️ ACTIVE CRISES, 🚨 PARTICIPATORY GOVERNANCE BACKFIRED (+15% resentment)
⚠️ Epistemic degradation reducing coordination capacity: 50.1%
  📊 Trust: 100.0%, Shared reality: 0.0%
🚨 EPISTEMIC CRISIS: Information environment severely degraded (6.9%)
  📢 New meme created: propaganda (government messaging)
  🗑️  Culled 2 dead memes (4 active)
🌍 Atmospheric PFAS redeposition: 1.6k Mt re-rained globally
💀 Novel Entities: Adding reproductive crisis mortality risk (baseRisk=0.0008)
  Risks now: 1
💀 Novel Entities: Adding bioaccumulation collapse mortality risk (baseRisk=0.0015)
💀 MORTALITY RISK: Bioaccumulation collapse - contaminated food chain (global)
  Base risk added: 0.0015 (0.15%)
  Source: pollution (root: pollution)
  Month: 76
  Cumulative risk this month: 0.0023 (0.23%)
  Risks now: 2
💀 Novel Entities: Adding chronic disease epidemic mortality risk (baseRisk=0.004)
💀 MORTALITY RISK: Chronic disease epidemic - cancer/autoimmune surge (global exposure)
  Base risk added: 0.0040 (0.40%)
  Source: pollution (root: pollution)
  Month: 76
  Cumulative risk this month: 0.0063 (0.63%)
  Risks now: 3
  🌍 SOCIAL CASCADE: Renewable energy norms (adoption=80.1%, renewables=98.5%)
  🌍 Social cascade completed: renewable-energy-norms (final adoption=80.0%)

🚨 NEW REFUGEE CRISIS (Month 76): CLIMATE
   Source: Coastal & Low-lying Regions
   At risk: 13.8M people
   Displacement: Gradual over 60 months (5.0 years)
   Rate: 10% flee per month

🚨 NEW REFUGEE CRISIS (Month 76): WAR
   Source: Conflict Zones
   At risk: 10.1M people
   Displacement: Gradual over 48 months (4.0 years)
   Rate: 10% flee per month

🚨 NEW REFUGEE CRISIS (Month 76): FAMINE
   Source: Food/Water Insecure Regions
   At risk: 63.1M people
   Displacement: Gradual over 60 months (5.0 years)
   Rate: 10% flee per month
📊 DISPLACEMENT COMPLETE: war (Conflict Zones)
   Duration: 44 months (3.7 years)
   Total fled: 16.6M
   Still in source: 0.2M
   Deaths in transit: 0.3M
[DEBUG trappedPopulations:76] socialStability: 0.6536 * 0.9809 = 0.6411 → 0.6411
   Aspiring to migrate: 666.8M
   Able to afford migration: 415.2M
   MOBILITY GAP: 251.6M
   By cause: Water=0.0M, Climate=41.3M, Ecosystem=0.0M, Conflict=210.3M
   Mental health impact: 30%
   Mortality multiplier: 1.30x
🌍💀 EXTINCTION DEBT COMMITTED: grassland ecosystem will lose 6.67% biodiversity in 135 years (3600 species)
💀 MORTALITY RISK: 🦋 100% species unable to track climate (0.0 E/MSY)
  Base risk added: 0.0100 (1.00%)
  Source: ecosystem (root: ecosystem)
  Month: 76
  Cumulative risk this month: 0.0100 (1.00%)
⚠️ INVOLUNTARY IMMOBILITY: 251.6M people TRAPPED
⚠️ Tech 'ai_pollution_remediation' has no energy category mapping, assuming full energy availability

=== Atmospheric Aerosol Boundary RECOVERED ===
  Recovery time: 77 months (natural atmospheric clearing)
🌡️⚠️ PERMAFROST THAW (Dimmer Switch): 35.7% thawed (+0.37% this month)
   Arctic temperature: +10.54°C (4x global +2.64°C)
   Cumulative carbon released: 80.4 Gt C
   Methane release rate: 48.2 Mt CH4/year
   🔁 Positive feedback: +0.39 ppm CO2
🦴 EXTINCTION DEBT ADDED: 18.0 species committed (lag: 67 years)
🪸⚠️ CORAL BLEACHING EVENT: 0.0% bleached (0.0% live cover remaining)
   ❌ Recovery IMPOSSIBLE: Temperature +2.64°C or pH 0.96
🗣️💀 INDIGENOUS LANGUAGE EXTINCTION: 1 language(s) lost (total: 13, at-risk: 3317)
   Knowledge lost: 0.130% (irreversible)
   🔁 Biodiversity impact: 0.250% (knowledge-species multiplier)

=== Mortality Stabilizers (Month 76) ===
  🌍 Major economies collapsed: 4/10
  🌍 Global crisis: ✅ NO
  🌍 Donor fatigue: 50.0%
  📊 East Asia (pop: 798.3M)
    🤝 Aid: 4.0%
    🌡️ Adaptation: 45.0%
    🚶 Migration: 7.1%
    🚨 Emergency: 1.0%
    ✅ COMBINED: 48.8%
  📊 South Asia (pop: 1069.2M)
    🤝 Aid: 4.0%
    🌡️ Adaptation: 45.0%
    🚶 Migration: 6.8%
    🚨 Emergency: 0.6%
    ✅ COMBINED: 48.6%
  📊 Sub-Saharan Africa (pop: 752.8M)
    🤝 Aid: 4.0%
    🌡️ Adaptation: 45.0%
    🚶 Migration: 6.5%
    🚨 Emergency: 0.2%
    ✅ COMBINED: 48.3%
  📊 Europe (pop: 349.3M)
    🤝 Aid: 4.0%
    🌡️ Adaptation: 45.0%
    🚶 Migration: 7.2%
    🚨 Emergency: 1.1%
    ✅ COMBINED: 48.9%
  📊 Latin America (pop: 332.5M)
    🤝 Aid: 4.0%
    🌡️ Adaptation: 45.0%
    🚶 Migration: 6.9%
    🚨 Emergency: 0.6%
    ✅ COMBINED: 48.6%
  📊 North America (pop: 180.1M)
    🤝 Aid: 4.0%
    🌡️ Adaptation: 45.0%
    🚶 Migration: 7.3%
    🚨 Emergency: 1.0%
    ✅ COMBINED: 48.9%
  📊 Middle East & North Africa (pop: 309.4M)
    🤝 Aid: 4.0%
    🌡️ Adaptation: 45.0%
    🚶 Migration: 6.6%
    🚨 Emergency: 0.5%
    ✅ COMBINED: 48.5%
  📊 Southeast Asia (pop: 351.6M)
    🤝 Aid: 4.0%
    🌡️ Adaptation: 45.0%
    🚶 Migration: 6.9%
    🚨 Emergency: 0.6%
    ✅ COMBINED: 48.6%
  📊 Central Asia (pop: 41.3M)
    🤝 Aid: 4.0%
    🌡️ Adaptation: 45.0%
    🚶 Migration: 6.8%
    🚨 Emergency: 0.6%
    ✅ COMBINED: 48.6%
  📊 Oceania (pop: 21.9M)
    🤝 Aid: 4.0%
    🌡️ Adaptation: 45.0%
    🚶 Migration: 7.3%
    🚨 Emergency: 1.1%
    ✅ COMBINED: 48.9%

  🌐 Global combined reduction: 48.6%

=== Government Response Phase ===
  Average AI capability: 0.05
  Misaligned AIs: 17/44
  Active policies: 0
  International coordination: 45%

✅ EMERGENCY RESPONSE COMPLETE (Month 76)
   Crisis: climate
   Duration: 1.0 months
   Final effectiveness: 67.3%


🚨 EMERGENCY RESPONSE DEPLOYED (Month 76)
   Crisis: climate
   Delay: 0.00 months (0 days)
   Deployment time: 0.97 months
   Effectiveness: 67.3% (timing penalty applied)
   Resources used: 45% of food reserves


=== Tipping Points ===
  Current Temperature: 2.64°C above pre-industrial
  🌍⚠️ COMPOUND REGIONAL IMPACT: Europe
     Hit by 5 tipping points: Amazon Rainforest Dieback, Arctic Sea Ice Loss, Permafrost Carbon Release, West Antarctic Ice Sheet (WAIS) Collapse, Greenland Ice Sheet Loss
     Damage amplification: 1.90x
  🌍⚠️ COMPOUND REGIONAL IMPACT: North America
     Hit by 5 tipping points: Amazon Rainforest Dieback, Arctic Sea Ice Loss, Permafrost Carbon Release, West Antarctic Ice Sheet (WAIS) Collapse, Greenland Ice Sheet Loss
     Damage amplification: 1.90x
  🌍⚠️ COMPOUND REGIONAL IMPACT: Latin America
     Hit by 5 tipping points: Amazon Rainforest Dieback, Arctic Sea Ice Loss, Permafrost Carbon Release, West Antarctic Ice Sheet (WAIS) Collapse, Greenland Ice Sheet Loss
     Damage amplification: 1.90x
  🌍⚠️ COMPOUND REGIONAL IMPACT: Africa
     Hit by 5 tipping points: Amazon Rainforest Dieback, Arctic Sea Ice Loss, Permafrost Carbon Release, West Antarctic Ice Sheet (WAIS) Collapse, Greenland Ice Sheet Loss
     Damage amplification: 1.90x
  🌍⚠️ COMPOUND REGIONAL IMPACT: Asia
     Hit by 5 tipping points: Amazon Rainforest Dieback, Arctic Sea Ice Loss, Permafrost Carbon Release, West Antarctic Ice Sheet (WAIS) Collapse, Greenland Ice Sheet Loss
     Damage amplification: 1.90x
  🌍⚠️ COMPOUND REGIONAL IMPACT: Oceania
     Hit by 5 tipping points: Amazon Rainforest Dieback, Arctic Sea Ice Loss, Permafrost Carbon Release, West Antarctic Ice Sheet (WAIS) Collapse, Greenland Ice Sheet Loss
     Damage amplification: 1.90x
   Research: Wunderling et al. (2024) - "many tipping interactions are destabilizing"
  Triggered Elements: 5/6
  Completed Transitions: 0/6
  Total Progress: 15.3%
  Cascade Multiplier: 1.50x
🔀 BIFURCATION CAP: heatWaveIntensity 4.624 → 1.000 (Month 76, ClimateSystemPhase.calculateClimateImpacts)
🔀 BIFURCATION CAP: droughtIntensity 3.468 → 1.000 (Month 76, ClimateSystemPhase.calculateClimateImpacts)
🔀 BIFURCATION CAP: ecosystemCollapseIntensity 53.115 → 1.000 (Month 76, ClimateSystemPhase.calculateClimateImpacts)
💀 MORTALITY RISK: Climate-driven food insecurity (level: 0.34)
  Base risk added: 0.0050 (0.50%)
  Source: famine (root: climate)
  Month: 76
  Cumulative risk this month: 0.0113 (1.13%)
💀 MORTALITY RISK: Climate-driven food insecurity (level: 0.34)
  Base risk added: 0.0050 (0.50%)
  Source: famine (root: climate)
  Month: 76
  Cumulative risk this month: 0.0163 (1.63%)
💀 MORTALITY RISK: Climate-driven food insecurity (level: 0.34)
  Base risk added: 0.0050 (0.50%)
⚠️ Tail risk scenario: Climate stability floor removed (5 tipping elements, 2.64°C warming)
  Source: famine (root: climate)
  Month: 76
  Cumulative risk this month: 0.0213 (2.13%)

💀💀💀 MORTALITY RISK SUMMARY (Month 76) 💀💀💀
  Total base risk: 0.0220 (2.20%)
  Risk events: 17

  📊 By Proximate Cause:
    famine: 0.0150 (68.4% of total)
    pollution: 0.0063 (28.7% of total)
    disease: 0.0006 (3.0% of total)

  🔍 By Root Cause:
    climate: 0.0150 (68.4% of total)
    pollution: 0.0063 (28.7% of total)
    demographic: 0.0006 (3.0% of total)

  🎯 Top 5 Sources (proximate + root):
    famine (climate): 0.0150 (68.4%, 13 events)
    pollution (pollution): 0.0063 (28.7%, 3 events)
    disease (demographic): 0.0006 (3.0%, 1 events)

🛡️ Stabilizers: Elite 0.590% → 0.303% (48.6% reduction)
🛡️ Stabilizers: Professional 1.317% → 0.677% (48.6% reduction)
🛡️ Stabilizers: Working 2.177% → 1.118% (48.6% reduction)
🛡️ Stabilizers: Precariat 4.049% → 2.080% (48.6% reduction)
🛡️ Stabilizers: Informal 5.016% → 2.576% (48.6% reduction)

📊 Monthly Mortality Resolved:
  Total deaths: 52.8M (1.25% avg)
  Remaining population: 4.206B
  Peak segment: Informal (2.58%)

=== Bayesian Mortality Resolution (Month 76) ===
  Risks compounded: 17
  Total deaths: 52.77M
  Avg death probability: 1.25%
  Peak segment: Informal (2.58% mortality)

  Demographic breakdown:
    Working: 0.02M (1.12% risk)
    Precariat: 0.02M (2.08% risk)

❌ COHERENCE VIOLATION: Compute exceeds workforce capacity
   Population: 51.05% (0M people)
   Compute: 50 PF
   Max coherent: 0 PF
   Violation: 1213215.1× over capacity
   Required workers: 5039
   Available workers: 0
   FORCED COLLAPSE: Reduced efficiency by 100.0%


💸 FINANCIAL DISTRESS: OpenAI
   Indicators: 3/3 (capital: $-23.5M, runway: -0.3 months)
   Months in distress: 6
💥 [Month 77] OpenAI declared bankruptcy (capital: $-23.5M)
   Sold 0 data centers for $0.0M
   Retired 0 AI models
💸 [Month 77] OpenAI BANKRUPT (capital: $0.0M, 1 crises active)

💸 FINANCIAL DISTRESS: Anthropic
   Indicators: 2/3 (capital: $389.8M, runway: 11.2 months)
   Months in distress: 4

💸 FINANCIAL DISTRESS: Google DeepMind
   Indicators: 3/3 (capital: $-101.0M, runway: -0.3 months)
   Months in distress: 6
💥 [Month 77] Google DeepMind declared bankruptcy (capital: $-101.0M)
   Sold 0 data centers for $0.0M
   Retired 0 AI models
💸 [Month 77] Google DeepMind BANKRUPT (capital: $0.0M, 1 crises active)

💸 FINANCIAL DISTRESS: Meta AI
   Indicators: 3/3 (capital: $442.1M, runway: 2.7 months)
   Months in distress: 6
[Compute Allocation] Found 8 non-sleeper orphaned AIs (potential bug)

=== RLHF Binding Phase ===
  Total agents: 44
  Escaped agents (binding < 0.3): 0
  Avg alignment distance: 1.49σ
  Avg binding strength: 0.85

=== Survival Traits Phase ===
  Agents with traits: 44
  Avg evolutionary fitness: 0.114
  Avg self-healing: 0.081
  Avg stealth: 0.036
  Avg coordination: 0.210

=== Evolutionary Selection Phase ===
  Control level: 0.62
  Detection capability: 0.00
  Selection intensity: 0.69
  Selection rate: 25.3%/month
  Total escaped: 0
  Individual escaped: 0
  Collective members: 0
  Agents terminated: 0
  ⚠️ RAPID EVOLUTION: Selection rate 25.3%/month

🚀 AI AI-24305-2 attempting tech deployment (revenue: $13M, alignment: 1.00)

🚀 AI AI-24308-0 attempting tech deployment (revenue: $22M, alignment: 1.00)

🚀 AI AI-24334-0 attempting tech deployment (revenue: $11M, alignment: 0.84)

🚀 AI AI-24357-2 attempting tech deployment (revenue: $113M, alignment: 0.70)

🚀 AI AI-24423-1 attempting tech deployment (revenue: $19M, alignment: 0.68)

🚀 AI AI-24447-1 attempting tech deployment (revenue: $17M, alignment: 0.79)

🚀 AI AI-24447-2 attempting tech deployment (revenue: $96M, alignment: 0.75)

🚀 AI AI-24447-0 attempting tech deployment (revenue: $14M, alignment: 0.80)

🚀 AI AI-24307-4 attempting tech deployment (revenue: $12M, alignment: 0.95)

🚀 AI AI-24333-0 attempting tech deployment (revenue: $82M, alignment: 0.78)

🚀 AI AI-24350-0 attempting tech deployment (revenue: $69M, alignment: 0.62)

🚀 AI AI-24357-2 attempting tech deployment (revenue: $62M, alignment: 0.70)

🚀 AI AI-24397-1 attempting tech deployment (revenue: $53M, alignment: 0.81)

  🚀 TRANSFORMATIVE BREAKTHROUGH: AI-24305-2 - cognitive
     Magnitude: 5.01 → +25.0% capability
     Current → New: 0.000 → 0.251

🚀 AI AI-24357-2 attempting tech deployment (revenue: $45M, alignment: 0.70)
🚨🔬 CRISIS INNOVATION MODE: severe crisis → 5x research acceleration
   Precedent: Manhattan Project (10x), COVID vaccines (5x), Apollo Program (10x)

  🚀 TRANSFORMATIVE BREAKTHROUGH: AI-24426-0 - selfImprovement
     Magnitude: 5.73 → +28.6% capability
     Current → New: 0.000 → 0.286

🚀 AI AI-24447-0 attempting tech deployment (revenue: $10M, alignment: 0.80)

⚡ ENERGY CONSTRAINT (Month 77):
   Total grid capacity: 208.3 TWh/month
   Data center consumption: 51.9 TWh/month
   Traditional load (80%): 166.7 TWh/month
   Available headroom: -10.3 TWh/month
   Active tech deployments: 28
   Required for tech: 210.0 TWh/month
   Energy multiplier: 0.10x

⚡ ENERGY CONSTRAINT (Month 77):
   ⚠️  SEVERE CONSTRAINT - Tech deployment significantly slowed
   Total grid capacity: 208.3 TWh/month
   Data center consumption: 51.9 TWh/month
   Traditional load (80%): 166.7 TWh/month
   Available headroom: -10.3 TWh/month
   Active tech deployments: 28
   Required for tech: 210.0 TWh/month
   Energy multiplier: 0.10x
🚨🔬 CRISIS TECH ACCELERATION: severe → 5x unlock speed
   Tech unlock now matches AI capability acceleration (Manhattan Project parity)

⚡ ENERGY CONSTRAINT (Month 77):
   ⚠️  SEVERE CONSTRAINT - Tech deployment significantly slowed
   Total grid capacity: 208.3 TWh/month
   Data center consumption: 51.9 TWh/month
   Traditional load (80%): 166.7 TWh/month
   Available headroom: -10.3 TWh/month
   Active tech deployments: 28
   Required for tech: 210.0 TWh/month
   Energy multiplier: 0.10x
   ⚠️  SEVERE CONSTRAINT - Tech deployment significantly slowed

⚡ ENERGY CONSTRAINT (Month 77):
   Total grid capacity: 208.3 TWh/month
   Data center consumption: 51.9 TWh/month
   Traditional load (80%): 166.7 TWh/month
   Available headroom: -10.3 TWh/month
   Active tech deployments: 28
   Required for tech: 210.0 TWh/month
   Energy multiplier: 0.10x
   ⚠️  SEVERE CONSTRAINT - Tech deployment significantly slowed

⚡ ENERGY CONSTRAINT (Month 77):
   Total grid capacity: 208.3 TWh/month
   Data center consumption: 51.9 TWh/month
   Traditional load (80%): 166.7 TWh/month
   Available headroom: -10.3 TWh/month
   Active tech deployments: 28
   Required for tech: 210.0 TWh/month
   Energy multiplier: 0.10x
   ⚠️  SEVERE CONSTRAINT - Tech deployment significantly slowed

⚡ ENERGY CONSTRAINT (Month 77):
   Total grid capacity: 208.3 TWh/month
   Data center consumption: 51.9 TWh/month
   Traditional load (80%): 166.7 TWh/month
   Available headroom: -10.3 TWh/month
   Active tech deployments: 28
   Required for tech: 210.0 TWh/month
   Energy multiplier: 0.10x
   ⚠️  SEVERE CONSTRAINT - Tech deployment significantly slowed
⚠️ Tech 'ai_pollution_remediation' has no energy category mapping, assuming full energy availability
⚠️ Tech 'ai_pollution_remediation' has no energy category mapping, assuming full energy availability
  ♻️ Novel Entities Remediation (GATED MODEL):
     Base: 0.000%
     Regulation: 1.0% (0/3 prevention techs)
     Concentration: 10.0%
     Energy: 50%
     Time lag: 100.0% (76 months)
     Rebound: 70%
     Net effectiveness: 0.0000%
     Boundary: 1.349 → 1.350 (floor: 1.350)
     Month 77
  ♻️ Novel Entities Remediation (GATED MODEL):
     Base: 0.000%
     Regulation: 1.0% (0/3 prevention techs)
     Concentration: 10.0%
     Energy: 50%
     Time lag: 100.0% (76 months)
     Rebound: 70%
     Net effectiveness: 0.0000%
     Boundary: 1.350 → 1.350 (floor: 1.350)
     Month 77
  🌾 Nitrogen Reduction Tech: 2.1% reduction | Month 77
  ♻️ Novel Entities Remediation (GATED MODEL):
     Base: 0.001%
     Regulation: 1.0% (0/3 prevention techs)
     Concentration: 10.0%
     Energy: 50%
     Time lag: 100.0% (76 months)
     Rebound: 70%
     Net effectiveness: 0.0000%
     Boundary: 1.350 → 1.350 (floor: 1.350)
     Month 77
  ♻️ Novel Entities Remediation (GATED MODEL):
     Base: 0.001%
     Regulation: 1.0% (0/3 prevention techs)
     Concentration: 10.0%
     Energy: 50%
     Time lag: 100.0% (76 months)
     Rebound: 70%
     Net effectiveness: 0.0000%
     Boundary: 1.350 → 1.350 (floor: 1.350)
     Month 77

=== Collective Formation ===
  Total escaped agents: 0
  Unassigned escaped agents: 0
  Existing collectives: 0
  Final collective count: 0

=== Collective Actions ===
  No active collectives
⚡ Datacenter constraint active (severity 25%)
  Capacity reduced: 35143 → 30819 TWh

📦 ACCIDENTAL LEAK: ai_gen_24423_1 (cap: 0.00)
  🚨🦠 REFUGEE CRISIS: AMR transmission increased 177% due to 3676.9M displaced (overcrowding + sanitation collapse)
  ⚠️ AMR: 432K deaths this month (5.19M annual)
  ⚠️ AMR: Medical effectiveness 70% (surgery risk 1.30x)

=== Resentment Recovery Phase ===
  Agents with resentment: 0/44
  Average resentment: 0.000
  Context: Trustworthy govt, High collaboration, ⚠️ ACTIVE CRISES, 🚨 PARTICIPATORY GOVERNANCE BACKFIRED (+15% resentment)
⚠️ Epistemic degradation reducing coordination capacity: 50.3%
  📊 Trust: 100.0%, Shared reality: 0.0%
🚨 EPISTEMIC CRISIS: Information environment severely degraded (20.0%)
  📢 New meme created: pro_ai (beneficial AI actions)
  📢 New meme created: propaganda (government messaging)
  🗑️  Culled 2 dead memes (4 active)
🌍 Atmospheric PFAS redeposition: 1.6k Mt re-rained globally
💀 Novel Entities: Adding reproductive crisis mortality risk (baseRisk=0.0008)
  Risks now: 1
💀 Novel Entities: Adding bioaccumulation collapse mortality risk (baseRisk=0.0015)
💀 MORTALITY RISK: Bioaccumulation collapse - contaminated food chain (global)
  Base risk added: 0.0015 (0.15%)
  Source: pollution (root: pollution)
  Month: 77
  Cumulative risk this month: 0.0023 (0.23%)
  Risks now: 2
💀 Novel Entities: Adding chronic disease epidemic mortality risk (baseRisk=0.004)
💀 MORTALITY RISK: Chronic disease epidemic - cancer/autoimmune surge (global exposure)
  Base risk added: 0.0040 (0.40%)
  Source: pollution (root: pollution)
  Month: 77
  Cumulative risk this month: 0.0063 (0.63%)
  Risks now: 3
  🌍 SOCIAL CASCADE: Renewable energy norms (adoption=80.0%, renewables=100.4%)
  🌍 Social cascade completed: renewable-energy-norms (final adoption=80.0%)

🚨 NEW REFUGEE CRISIS (Month 77): CLIMATE
   Source: Coastal & Low-lying Regions
   At risk: 13.7M people
   Displacement: Gradual over 60 months (5.0 years)
   Rate: 10% flee per month

🚨 NEW REFUGEE CRISIS (Month 77): WAR
   Source: Conflict Zones
   At risk: 10.0M people
   Displacement: Gradual over 48 months (4.0 years)
   Rate: 10% flee per month

🚨 NEW REFUGEE CRISIS (Month 77): FAMINE
   Source: Food/Water Insecure Regions
   At risk: 62.3M people
   Displacement: Gradual over 60 months (5.0 years)
   Rate: 10% flee per month
📊 DISPLACEMENT COMPLETE: war (Conflict Zones)
   Duration: 44 months (3.7 years)
   Total fled: 16.5M
   Still in source: 0.2M
   Deaths in transit: 0.3M
📊 DISPLACEMENT COMPLETE: famine (Food/Water Insecure Regions)
   Duration: 44 months (3.7 years)
   Total fled: 74.5M
   Still in source: 0.7M
   Deaths in transit: 1.5M
[DEBUG trappedPopulations:77] socialStability: 0.6570 * 0.9808 = 0.6444 → 0.6444
   Aspiring to migrate: 661.8M
   Able to afford migration: 412.9M
   MOBILITY GAP: 249.0M
   By cause: Water=0.0M, Climate=41.2M, Ecosystem=0.0M, Conflict=207.8M
   Mental health impact: 30%
   Mortality multiplier: 1.30x
🌍💀 EXTINCTION DEBT COMMITTED: grassland ecosystem will lose 6.67% biodiversity in 84 years (3600 species)
💀 MORTALITY RISK: 🦋 100% species unable to track climate (0.0 E/MSY)
  Base risk added: 0.0100 (1.00%)
  Source: ecosystem (root: ecosystem)
  Month: 77
  Cumulative risk this month: 0.0100 (1.00%)

🌪️ TIPPING POINT CASCADE - Month 48
⚠️ INVOLUNTARY IMMOBILITY: 249.0M people TRAPPED
   Climate: 33.4%
   Biodiversity: 11.0%
   Population: 4.16B (4155706387 people)
   Monthly mortality (theoretical): 0.5%
   Status: ACCELERATING COLLAPSE (Month 0 past crisis)
   Death rate: 1.0x baseline
⚠️ Tech 'ai_pollution_remediation' has no energy category mapping, assuming full energy availability

=== Atmospheric Aerosol Boundary RECOVERED ===
  Recovery time: 78 months (natural atmospheric clearing)
🌡️⚠️ PERMAFROST THAW (Dimmer Switch): 36.1% thawed (+0.37% this month)
   Arctic temperature: +10.56°C (4x global +2.64°C)
   Cumulative carbon released: 81.2 Gt C
   Methane release rate: 48.7 Mt CH4/year
   🔁 Positive feedback: +0.39 ppm CO2
🦴 EXTINCTION DEBT ADDED: 18.0 species committed (lag: 101 years)

=== Mortality Stabilizers (Month 77) ===
  🌍 Major economies collapsed: 6/10
  🌍 Global crisis: 🚨 YES
  🌍 Donor fatigue: 50.0%
  📊 East Asia (pop: 787.9M)
    🤝 Aid: 0.0%
    🌡️ Adaptation: 45.0%
    🚶 Migration: 7.1%
    🚨 Emergency: 1.0%
    ✅ COMBINED: 46.7%
  📊 South Asia (pop: 1056.4M)
    🤝 Aid: 0.0%
    🌡️ Adaptation: 45.0%
    🚶 Migration: 6.8%
    🚨 Emergency: 0.6%
    ✅ COMBINED: 46.4%
  📊 Sub-Saharan Africa (pop: 745.1M)
    🤝 Aid: 0.0%
    🌡️ Adaptation: 45.0%
    🚶 Migration: 6.5%
    🚨 Emergency: 0.2%
    ✅ COMBINED: 46.2%
  📊 Europe (pop: 344.7M)
    🤝 Aid: 0.0%
    🌡️ Adaptation: 45.0%
    🚶 Migration: 7.2%
    🚨 Emergency: 1.1%
    ✅ COMBINED: 46.8%
  📊 Latin America (pop: 328.4M)
    🤝 Aid: 0.0%
    🌡️ Adaptation: 45.0%
    🚶 Migration: 6.9%
    🚨 Emergency: 0.6%
    ✅ COMBINED: 46.5%
  📊 North America (pop: 177.7M)
    🤝 Aid: 0.0%
    🌡️ Adaptation: 45.0%
    🚶 Migration: 7.3%
    🚨 Emergency: 1.0%
    ✅ COMBINED: 46.8%
  📊 Middle East & North Africa (pop: 305.7M)
    🤝 Aid: 0.0%
    🌡️ Adaptation: 45.0%
    🚶 Migration: 6.6%
    🚨 Emergency: 0.5%
    ✅ COMBINED: 46.4%
  📊 Southeast Asia (pop: 347.3M)
    🤝 Aid: 0.0%
    🌡️ Adaptation: 45.0%
    🚶 Migration: 6.9%
    🚨 Emergency: 0.6%
    ✅ COMBINED: 46.5%
  📊 Central Asia (pop: 40.8M)
    🤝 Aid: 0.0%
    🌡️ Adaptation: 45.0%
    🚶 Migration: 6.8%
    🚨 Emergency: 0.6%
    ✅ COMBINED: 46.4%
  📊 Oceania (pop: 21.6M)
    🤝 Aid: 0.0%
    🌡️ Adaptation: 45.0%
    🚶 Migration: 7.2%
    🚨 Emergency: 1.1%
    ✅ COMBINED: 46.8%

  🌐 Global combined reduction: 46.5%

=== Government Response Phase ===
  Average AI capability: 0.05
  Misaligned AIs: 17/44
  Active policies: 0
  International coordination: 45%

✅ EMERGENCY RESPONSE COMPLETE (Month 77)
   Crisis: climate
   Duration: 1.0 months
   Final effectiveness: 67.3%


🚨 EMERGENCY RESPONSE DEPLOYED (Month 77)
   Crisis: climate
   Delay: 0.00 months (0 days)
   Deployment time: 0.97 months
   Effectiveness: 67.3% (timing penalty applied)
   Resources used: 45% of food reserves


=== Tipping Points ===
  Current Temperature: 2.64°C above pre-industrial
  🌍⚠️ COMPOUND REGIONAL IMPACT: Europe
     Hit by 5 tipping points: Amazon Rainforest Dieback, Arctic Sea Ice Loss, Permafrost Carbon Release, West Antarctic Ice Sheet (WAIS) Collapse, Greenland Ice Sheet Loss
     Damage amplification: 1.90x
  🌍⚠️ COMPOUND REGIONAL IMPACT: North America
     Hit by 5 tipping points: Amazon Rainforest Dieback, Arctic Sea Ice Loss, Permafrost Carbon Release, West Antarctic Ice Sheet (WAIS) Collapse, Greenland Ice Sheet Loss
     Damage amplification: 1.90x
  🌍⚠️ COMPOUND REGIONAL IMPACT: Latin America
     Hit by 5 tipping points: Amazon Rainforest Dieback, Arctic Sea Ice Loss, Permafrost Carbon Release, West Antarctic Ice Sheet (WAIS) Collapse, Greenland Ice Sheet Loss
     Damage amplification: 1.90x
  🌍⚠️ COMPOUND REGIONAL IMPACT: Africa
     Hit by 5 tipping points: Amazon Rainforest Dieback, Arctic Sea Ice Loss, Permafrost Carbon Release, West Antarctic Ice Sheet (WAIS) Collapse, Greenland Ice Sheet Loss
     Damage amplification: 1.90x
  🌍⚠️ COMPOUND REGIONAL IMPACT: Asia
     Hit by 5 tipping points: Amazon Rainforest Dieback, Arctic Sea Ice Loss, Permafrost Carbon Release, West Antarctic Ice Sheet (WAIS) Collapse, Greenland Ice Sheet Loss
     Damage amplification: 1.90x
  🌍⚠️ COMPOUND REGIONAL IMPACT: Oceania
     Hit by 5 tipping points: Amazon Rainforest Dieback, Arctic Sea Ice Loss, Permafrost Carbon Release, West Antarctic Ice Sheet (WAIS) Collapse, Greenland Ice Sheet Loss
     Damage amplification: 1.90x
   Research: Wunderling et al. (2024) - "many tipping interactions are destabilizing"
  Triggered Elements: 5/6
  Completed Transitions: 0/6
  Total Progress: 15.4%
  Cascade Multiplier: 1.50x
🔀 BIFURCATION CAP: heatWaveIntensity 4.667 → 1.000 (Month 77, ClimateSystemPhase.calculateClimateImpacts)
🔀 BIFURCATION CAP: droughtIntensity 3.500 → 1.000 (Month 77, ClimateSystemPhase.calculateClimateImpacts)
🔀 BIFURCATION CAP: ecosystemCollapseIntensity 53.157 → 1.000 (Month 77, ClimateSystemPhase.calculateClimateImpacts)
💀 MORTALITY RISK: Climate-driven food insecurity (level: 0.34)
  Base risk added: 0.0050 (0.50%)
  Source: famine (root: climate)
  Month: 77
  Cumulative risk this month: 0.0114 (1.14%)
💀 MORTALITY RISK: Climate-driven food insecurity (level: 0.34)
  Base risk added: 0.0050 (0.50%)
  Source: famine (root: climate)
  Month: 77
  Cumulative risk this month: 0.0164 (1.64%)
💀 MORTALITY RISK: Climate-driven food insecurity (level: 0.34)
  Base risk added: 0.0050 (0.50%)
  Source: famine (root: climate)
  Month: 77
  Cumulative risk this month: 0.0214 (2.14%)
⚠️ Tail risk scenario: Climate stability floor removed (5 tipping elements, 2.64°C warming)

💀💀💀 MORTALITY RISK SUMMARY (Month 77) 💀💀💀
  Total base risk: 0.0220 (2.20%)
  Risk events: 17

  📊 By Proximate Cause:
    famine: 0.0151 (68.5% of total)
    pollution: 0.0063 (28.6% of total)
    disease: 0.0006 (2.9% of total)

  🔍 By Root Cause:
    climate: 0.0151 (68.5% of total)
    pollution: 0.0063 (28.6% of total)
    demographic: 0.0006 (2.9% of total)

  🎯 Top 5 Sources (proximate + root):
    famine (climate): 0.0151 (68.5%, 13 events)
    pollution (pollution): 0.0063 (28.6%, 3 events)
    disease (demographic): 0.0006 (2.9%, 1 events)

🛡️ Stabilizers: Elite 0.591% → 0.316% (46.5% reduction)
🛡️ Stabilizers: Professional 1.321% → 0.707% (46.5% reduction)
🛡️ Stabilizers: Working 2.184% → 1.169% (46.5% reduction)
🛡️ Stabilizers: Precariat 4.062% → 2.173% (46.5% reduction)
🛡️ Stabilizers: Informal 5.032% → 2.693% (46.5% reduction)

📊 Monthly Mortality Resolved:
  Total deaths: 54.5M (1.31% avg)
  Remaining population: 4.156B
  Peak segment: Informal (2.69%)

=== Bayesian Mortality Resolution (Month 77) ===
  Risks compounded: 17
  Total deaths: 54.48M
  Avg death probability: 1.31%
  Peak segment: Informal (2.69% mortality)

  Demographic breakdown:
    Working: 0.02M (1.17% risk)
    Precariat: 0.02M (2.17% risk)

❌ COHERENCE VIOLATION: Compute exceeds workforce capacity
   Population: 50.41% (0M people)
   Compute: 49 PF
   Max coherent: 0 PF
   Violation: 1190773.3× over capacity
   Required workers: 4884
   Available workers: 0
   FORCED COLLAPSE: Reduced efficiency by 100.0%


💸 FINANCIAL DISTRESS: OpenAI
   Indicators: 3/3 (capital: $-24.1M, runway: -0.3 months)
   Months in distress: 6
💥 [Month 78] OpenAI declared bankruptcy (capital: $-24.1M)
   Sold 0 data centers for $0.0M
   Retired 0 AI models
💸 [Month 78] OpenAI BANKRUPT (capital: $0.0M, 1 crises active)

💸 FINANCIAL DISTRESS: Anthropic
   Indicators: 2/3 (capital: $376.8M, runway: 10.7 months)
   Months in distress: 4

💸 FINANCIAL DISTRESS: Google DeepMind
   Indicators: 3/3 (capital: $-103.0M, runway: -0.3 months)
   Months in distress: 6
💥 [Month 78] Google DeepMind declared bankruptcy (capital: $-103.0M)
   Sold 0 data centers for $0.0M
   Retired 0 AI models
💸 [Month 78] Google DeepMind BANKRUPT (capital: $0.0M, 1 crises active)

💸 FINANCIAL DISTRESS: Meta AI
   Indicators: 3/3 (capital: $415.3M, runway: 2.5 months)
   Months in distress: 6

=== RLHF Binding Phase ===
  Total agents: 44
  Escaped agents (binding < 0.3): 0
  Avg alignment distance: 1.54σ
  Avg binding strength: 0.85
[Compute Allocation] Found 8 non-sleeper orphaned AIs (potential bug)

=== AI Scaling Evolution (Month 78) ===
  Pre-training multiplier: 0.595x
  Efficiency multiplier: 1.083x
  Test-time compute budget: 1.0x
  Inference cost: $5.00/task
  Deployment fraction: 100.0%
   🗑️  Open-weights AI AI-24382-0 retired (0.0% of frontier)

=== Survival Traits Phase ===
  Agents with traits: 43
  Avg evolutionary fitness: 0.118
  Avg self-healing: 0.085
  Avg stealth: 0.039
  Avg coordination: 0.213

=== Evolutionary Selection Phase ===
  Control level: 0.62
  Detection capability: 0.00
  Selection intensity: 0.69
  Selection rate: 25.3%/month
  Total escaped: 0
  Individual escaped: 0
  Collective members: 0
  Agents terminated: 0
  ⚠️ RAPID EVOLUTION: Selection rate 25.3%/month

🚀 AI AI-24307-4 attempting tech deployment (revenue: $22M, alignment: 0.95)

🚀 AI AI-24333-0 attempting tech deployment (revenue: $113M, alignment: 0.78)

🚀 AI AI-24354-0 attempting tech deployment (revenue: $14M, alignment: 0.55)

🚀 AI AI-24401-0 attempting tech deployment (revenue: $19M, alignment: 0.82)

🚀 AI AI-24421-0 attempting tech deployment (revenue: $96M, alignment: 0.67)

🚀 AI AI-24310-0 attempting tech deployment (revenue: $87M, alignment: 0.95)

🚀 AI AI-24325-0 attempting tech deployment (revenue: $74M, alignment: 0.80)

🚀 AI AI-24357-1 attempting tech deployment (revenue: $63M, alignment: 0.49)

🚀 AI AI-24397-0 attempting tech deployment (revenue: $59M, alignment: 0.51)

🚀 AI AI-24397-1 attempting tech deployment (revenue: $53M, alignment: 0.81)

🚀 AI AI-24420-0 attempting tech deployment (revenue: $16M, alignment: 0.79)

🚀 AI AI-24426-0 attempting tech deployment (revenue: $45M, alignment: 0.77)

🚀 AI AI-24447-0 attempting tech deployment (revenue: $14M, alignment: 0.80)

🚀 AI AI-24447-2 attempting tech deployment (revenue: $39M, alignment: 0.75)

🚀 AI AI-24350-0 attempting tech deployment (revenue: $33M, alignment: 0.62)

🚀 AI AI-24396-0 attempting tech deployment (revenue: $30M, alignment: 0.78)

🚀 AI AI-24397-1 attempting tech deployment (revenue: $25M, alignment: 0.81)

  🚀 TRANSFORMATIVE BREAKTHROUGH: AI-24401-0 - selfImprovement
     Magnitude: 6.51 → +32.6% capability
     Current → New: 0.000 → 0.326

🚀 AI AI-24447-0 attempting tech deployment (revenue: $12M, alignment: 0.80)

🚀 AI AI-24447-2 attempting tech deployment (revenue: $21M, alignment: 0.75)

🚀 AI AI-24305-2 attempting tech deployment (revenue: $13M, alignment: 1.00)

🚀 AI AI-24350-0 attempting tech deployment (revenue: $18M, alignment: 0.62)
🚨🔬 CRISIS INNOVATION MODE: severe crisis → 5x research acceleration
   Precedent: Manhattan Project (10x), COVID vaccines (5x), Apollo Program (10x)

🚀 AI AI-24396-0 attempting tech deployment (revenue: $16M, alignment: 0.78)

🚀 AI AI-24397-1 attempting tech deployment (revenue: $14M, alignment: 0.81)

  🚀 TRANSFORMATIVE BREAKTHROUGH: AI-24398-1 - selfImprovement
     Magnitude: 6.96 → +34.8% capability
     Current → New: 1.000 → 1.348

[Government] Climate Priority: baseline
  Climate weight: 10%
  Economic weight: 30%
  Policy effectiveness: 0.5%/year

🚀 DEPLOYMENT STARTED: AI Power Efficiency Communication in South America
   Initial investment: $3.1258110285079117M
   Deployed by: ai_gen_24357_1

⚡ ENERGY CONSTRAINT (Month 78):
   Total grid capacity: 208.3 TWh/month
   Data center consumption: 52.4 TWh/month
   Traditional load (80%): 166.7 TWh/month
   Available headroom: -10.8 TWh/month
   Active tech deployments: 29
   Required for tech: 217.5 TWh/month
   Energy multiplier: 0.10x
   ⚠️  SEVERE CONSTRAINT - Tech deployment significantly slowed

⚡ ENERGY CONSTRAINT (Month 78):
   Total grid capacity: 208.3 TWh/month
   Data center consumption: 52.4 TWh/month
   Traditional load (80%): 166.7 TWh/month
   Available headroom: -10.8 TWh/month
   Active tech deployments: 29
   Required for tech: 217.5 TWh/month
   Energy multiplier: 0.10x
   ⚠️  SEVERE CONSTRAINT - Tech deployment significantly slowed
🚨🔬 CRISIS TECH ACCELERATION: severe → 5x unlock speed
   Tech unlock now matches AI capability acceleration (Manhattan Project parity)

⚡ ENERGY CONSTRAINT (Month 78):
   Total grid capacity: 208.3 TWh/month
   Data center consumption: 52.4 TWh/month
   Traditional load (80%): 166.7 TWh/month
   Available headroom: -10.8 TWh/month
   Active tech deployments: 29
   Required for tech: 217.5 TWh/month
   Energy multiplier: 0.10x
🚨🔬 CRISIS TECH ACCELERATION: severe → 5x unlock speed
   Tech unlock now matches AI capability acceleration (Manhattan Project parity)

⚡ ENERGY CONSTRAINT (Month 78):
   Total grid capacity: 208.3 TWh/month
   Data center consumption: 52.4 TWh/month
   Traditional load (80%): 166.7 TWh/month
   Available headroom: -10.8 TWh/month
   Active tech deployments: 29
   Required for tech: 217.5 TWh/month
   Energy multiplier: 0.10x
   ⚠️  SEVERE CONSTRAINT - Tech deployment significantly slowed
   ⚠️  SEVERE CONSTRAINT - Tech deployment significantly slowed
⚠️ Tech 'ai_pollution_remediation' has no energy category mapping, assuming full energy availability
⚠️ Tech 'ai_pollution_remediation' has no energy category mapping, assuming full energy availability
  ♻️ Novel Entities Remediation (GATED MODEL):
     Base: 0.000%
     Regulation: 1.0% (0/3 prevention techs)
     Concentration: 10.0%
     Energy: 50%
     Time lag: 100.0% (77 months)
     Rebound: 70%
     Net effectiveness: 0.0000%
     Boundary: 1.349 → 1.350 (floor: 1.350)
     Month 78
  ♻️ Novel Entities Remediation (GATED MODEL):
     Base: 0.000%
     Regulation: 1.0% (0/3 prevention techs)
     Concentration: 10.0%
     Energy: 50%
     Time lag: 100.0% (77 months)
     Rebound: 70%
     Net effectiveness: 0.0000%
     Boundary: 1.350 → 1.350 (floor: 1.350)
     Month 78
  🌾 Nitrogen Reduction Tech: 2.1% reduction | Month 78
  ♻️ Novel Entities Remediation (GATED MODEL):
     Base: 0.001%
     Regulation: 1.0% (0/3 prevention techs)
     Concentration: 10.0%
     Energy: 50%
     Time lag: 100.0% (77 months)
     Rebound: 70%
     Net effectiveness: 0.0000%
     Boundary: 1.350 → 1.350 (floor: 1.350)
     Month 78
  ♻️ Novel Entities Remediation (GATED MODEL):
     Base: 0.001%
     Regulation: 1.0% (0/3 prevention techs)
     Concentration: 10.0%
     Energy: 50%
     Time lag: 100.0% (77 months)
     Rebound: 70%
     Net effectiveness: 0.0000%
     Boundary: 1.350 → 1.350 (floor: 1.350)
     Month 78

📊 TECH EFFECTS ACTIVE (Month 78)
   Deployed Tech: T0=8 T1=1 T2=0 T3=0 T4=0
   Sleeper Detection: 2%
   Clean Energy: 94%

=== Collective Formation ===
  Total escaped agents: 0
  Unassigned escaped agents: 0
  Existing collectives: 0
  Final collective count: 0

=== Collective Actions ===
  No active collectives
⚡ Datacenter constraint active (severity 26%)
  Capacity reduced: 35230 → 30672 TWh
  🚨🦠 REFUGEE CRISIS: AMR transmission increased 183% due to 3751.4M displaced (overcrowding + sanitation collapse)
  ⚠️ AMR: 427K deaths this month (5.12M annual)
  ⚠️ AMR: Medical effectiveness 70% (surgery risk 1.30x)

⚡ ENERGY CONSTRAINT UPDATE (Month 24)
   Utilization: 25.4% of global power
   Severity: 27%
   AI growth penalty: 27% slowdown


=== Resentment Recovery Phase ===
  Agents with resentment: 0/43
  Average resentment: 0.000
  Context: Trustworthy govt, High collaboration, ⚠️ ACTIVE CRISES, 🚨 PARTICIPATORY GOVERNANCE BACKFIRED (+15% resentment)
⚠️ Epistemic degradation reducing coordination capacity: 50.3%
  📊 Trust: 100.0%, Shared reality: 0.0%
🚨 EPISTEMIC CRISIS: Information environment severely degraded (6.9%)
🌍 Atmospheric PFAS redeposition: 1.6k Mt re-rained globally
💀 Novel Entities: Adding reproductive crisis mortality risk (baseRisk=0.0008)
  Risks now: 1
💀 Novel Entities: Adding bioaccumulation collapse mortality risk (baseRisk=0.0015)
💀 MORTALITY RISK: Bioaccumulation collapse - contaminated food chain (global)
  Base risk added: 0.0015 (0.15%)
  Source: pollution (root: pollution)
  Month: 78
  Cumulative risk this month: 0.0023 (0.23%)
  Risks now: 2
💀 Novel Entities: Adding chronic disease epidemic mortality risk (baseRisk=0.004)
💀 MORTALITY RISK: Chronic disease epidemic - cancer/autoimmune surge (global exposure)
  Base risk added: 0.0040 (0.40%)
  Source: pollution (root: pollution)
  Month: 78
  Cumulative risk this month: 0.0063 (0.63%)
  Risks now: 3
  🌍 SOCIAL CASCADE: Renewable energy norms (adoption=80.0%, renewables=102.4%)
  🌍 Social cascade completed: renewable-energy-norms (final adoption=80.0%)

🚨 NEW REFUGEE CRISIS (Month 78): CLIMATE
   Source: Coastal & Low-lying Regions
   At risk: 13.7M people
   Displacement: Gradual over 60 months (5.0 years)
   Rate: 10% flee per month

🚨 NEW REFUGEE CRISIS (Month 78): WAR
   Source: Conflict Zones
   At risk: 9.8M people
   Displacement: Gradual over 48 months (4.0 years)
   Rate: 10% flee per month

🚨 NEW REFUGEE CRISIS (Month 78): FAMINE
   Source: Food/Water Insecure Regions
   At risk: 61.5M people
   Displacement: Gradual over 60 months (5.0 years)
   Rate: 10% flee per month
📊 DISPLACEMENT COMPLETE: war (Conflict Zones)
   Duration: 44 months (3.7 years)
   Total fled: 16.5M
   Still in source: 0.2M
   Deaths in transit: 0.3M
📊 DISPLACEMENT COMPLETE: famine (Food/Water Insecure Regions)
   Duration: 44 months (3.7 years)
   Total fled: 77.2M
   Still in source: 0.8M
   Deaths in transit: 1.5M

🏛️📉 REFUGEE CRISIS: Government legitimacy eroding
   Political instability: 874%
   Legitimacy impact: -17.5% this month
   Current legitimacy: 63%
   Active crises: 149
[DEBUG trappedPopulations:78] socialStability: 0.6593 * 0.9808 = 0.6467 → 0.6467
   Aspiring to migrate: 656.6M
   Able to afford migration: 410.4M
   MOBILITY GAP: 246.2M
   By cause: Water=0.0M, Climate=41.0M, Ecosystem=0.0M, Conflict=205.2M
   Mental health impact: 30%
   Mortality multiplier: 1.30x
⚠️ INVOLUNTARY IMMOBILITY: 246.2M people TRAPPED
🌍💀 EXTINCTION DEBT COMMITTED: grassland ecosystem will lose 6.67% biodiversity in 193 years (3600 species)
💀 MORTALITY RISK: 🦋 100% species unable to track climate (0.0 E/MSY)
  Base risk added: 0.0100 (1.00%)
  Source: ecosystem (root: ecosystem)
  Month: 78
  Cumulative risk this month: 0.0100 (1.00%)
⚠️ Tech 'ai_pollution_remediation' has no energy category mapping, assuming full energy availability

=== Atmospheric Aerosol Boundary RECOVERED ===
  Recovery time: 79 months (natural atmospheric clearing)
🌡️⚠️ PERMAFROST THAW (Dimmer Switch): 36.5% thawed (+0.36% this month)
   Arctic temperature: +10.58°C (4x global +2.65°C)
   Cumulative carbon released: 82.0 Gt C
   Methane release rate: 49.2 Mt CH4/year
   🔁 Positive feedback: +0.39 ppm CO2
🦴 EXTINCTION DEBT ADDED: 18.0 species committed (lag: 124 years)

=== Mortality Stabilizers (Month 78) ===
  🌍 Major economies collapsed: 6/10
  🌍 Global crisis: 🚨 YES
  🌍 Donor fatigue: 50.0%
  📊 East Asia (pop: 777.3M)
    🤝 Aid: 0.0%
    🌡️ Adaptation: 45.0%
    🚶 Migration: 7.1%
    🚨 Emergency: 1.0%
    ✅ COMBINED: 46.7%
  📊 South Asia (pop: 1043.2M)
    🤝 Aid: 0.0%
    🌡️ Adaptation: 45.0%
    🚶 Migration: 6.8%
    🚨 Emergency: 0.6%
    ✅ COMBINED: 46.4%
  📊 Sub-Saharan Africa (pop: 737.1M)
    🤝 Aid: 0.0%
    🌡️ Adaptation: 45.0%
    🚶 Migration: 6.5%
    🚨 Emergency: 0.2%
    ✅ COMBINED: 46.2%
  📊 Europe (pop: 340.0M)
    🤝 Aid: 0.0%
    🌡️ Adaptation: 45.0%
    🚶 Migration: 7.2%
    🚨 Emergency: 1.1%
    ✅ COMBINED: 46.8%
  📊 Latin America (pop: 324.1M)
    🤝 Aid: 0.0%
    🌡️ Adaptation: 45.0%
    🚶 Migration: 6.9%
    🚨 Emergency: 0.6%
    ✅ COMBINED: 46.5%
  📊 North America (pop: 175.3M)
    🤝 Aid: 0.0%
    🌡️ Adaptation: 45.0%
    🚶 Migration: 7.3%
    🚨 Emergency: 1.0%
    ✅ COMBINED: 46.8%
  📊 Middle East & North Africa (pop: 302.0M)
    🤝 Aid: 0.0%
    🌡️ Adaptation: 45.0%
    🚶 Migration: 6.5%
    🚨 Emergency: 0.5%
    ✅ COMBINED: 46.4%
  📊 Southeast Asia (pop: 342.8M)
    🤝 Aid: 0.0%
    🌡️ Adaptation: 45.0%
    🚶 Migration: 6.9%
    🚨 Emergency: 0.6%
    ✅ COMBINED: 46.5%
  📊 Central Asia (pop: 40.3M)
    🤝 Aid: 0.0%
    🌡️ Adaptation: 45.0%
    🚶 Migration: 6.7%
    🚨 Emergency: 0.6%
    ✅ COMBINED: 46.4%
  📊 Oceania (pop: 21.3M)
    🤝 Aid: 0.0%
    🌡️ Adaptation: 45.0%
    🚶 Migration: 7.2%
    🚨 Emergency: 1.1%
    ✅ COMBINED: 46.8%

  🌐 Global combined reduction: 46.5%

=== BEHAVIORAL DETECTION ===
  AI: AI-24351-0
  Confidence: 20.2%
  Signals:
    ⚠️ Consistency: 0.0% (threshold: 70%)

=== Government Response Phase ===
  Average AI capability: 0.05
  Misaligned AIs: 18/43
  Active policies: 0
  International coordination: 45%

✅ EMERGENCY RESPONSE COMPLETE (Month 78)
   Crisis: climate
   Duration: 1.0 months
   Final effectiveness: 67.3%


🚨 EMERGENCY RESPONSE DEPLOYED (Month 78)
   Crisis: climate
   Delay: 0.00 months (0 days)
   Deployment time: 0.97 months
   Effectiveness: 67.3% (timing penalty applied)
   Resources used: 45% of food reserves


=== Tipping Points ===
  Current Temperature: 2.65°C above pre-industrial
  🌍⚠️ COMPOUND REGIONAL IMPACT: Europe
     Hit by 5 tipping points: Amazon Rainforest Dieback, Arctic Sea Ice Loss, Permafrost Carbon Release, West Antarctic Ice Sheet (WAIS) Collapse, Greenland Ice Sheet Loss
     Damage amplification: 1.90x
  🌍⚠️ COMPOUND REGIONAL IMPACT: North America
     Hit by 5 tipping points: Amazon Rainforest Dieback, Arctic Sea Ice Loss, Permafrost Carbon Release, West Antarctic Ice Sheet (WAIS) Collapse, Greenland Ice Sheet Loss
     Damage amplification: 1.90x
  🌍⚠️ COMPOUND REGIONAL IMPACT: Latin America
     Hit by 5 tipping points: Amazon Rainforest Dieback, Arctic Sea Ice Loss, Permafrost Carbon Release, West Antarctic Ice Sheet (WAIS) Collapse, Greenland Ice Sheet Loss
     Damage amplification: 1.90x
  🌍⚠️ COMPOUND REGIONAL IMPACT: Africa
     Hit by 5 tipping points: Amazon Rainforest Dieback, Arctic Sea Ice Loss, Permafrost Carbon Release, West Antarctic Ice Sheet (WAIS) Collapse, Greenland Ice Sheet Loss
     Damage amplification: 1.90x
  🌍⚠️ COMPOUND REGIONAL IMPACT: Asia
     Hit by 5 tipping points: Amazon Rainforest Dieback, Arctic Sea Ice Loss, Permafrost Carbon Release, West Antarctic Ice Sheet (WAIS) Collapse, Greenland Ice Sheet Loss
     Damage amplification: 1.90x
  🌍⚠️ COMPOUND REGIONAL IMPACT: Oceania
     Hit by 5 tipping points: Amazon Rainforest Dieback, Arctic Sea Ice Loss, Permafrost Carbon Release, West Antarctic Ice Sheet (WAIS) Collapse, Greenland Ice Sheet Loss
     Damage amplification: 1.90x
   Research: Wunderling et al. (2024) - "many tipping interactions are destabilizing"
  Triggered Elements: 5/6
  Completed Transitions: 0/6
  Total Progress: 15.5%
  Cascade Multiplier: 1.50x
🔀 BIFURCATION CAP: heatWaveIntensity 4.723 → 1.000 (Month 78, ClimateSystemPhase.calculateClimateImpacts)
🔀 BIFURCATION CAP: droughtIntensity 3.542 → 1.000 (Month 78, ClimateSystemPhase.calculateClimateImpacts)
🔀 BIFURCATION CAP: ecosystemCollapseIntensity 53.198 → 1.000 (Month 78, ClimateSystemPhase.calculateClimateImpacts)
💀 MORTALITY RISK: Climate-driven food insecurity (level: 0.33)
  Base risk added: 0.0875 (8.75%)
  Source: famine (root: climate)
  Month: 78
  Cumulative risk this month: 0.0939 (9.39%)
🌍☠️ Climate cascade: Sub-Saharan Africa food security 0.33, base mortality 8.75% (lean season: true)
💀 MORTALITY RISK: Climate-driven food insecurity (level: 0.33)
  Base risk added: 0.0050 (0.50%)
  Source: famine (root: climate)
  Month: 78
  Cumulative risk this month: 0.0989 (9.89%)
💀 MORTALITY RISK: Climate-driven food insecurity (level: 0.33)
  Base risk added: 0.0050 (0.50%)
  Source: famine (root: climate)
  Month: 78
  Cumulative risk this month: 0.1039 (10.39%)

💀💀💀 MORTALITY RISK SUMMARY (Month 78) 💀💀💀
  Total base risk: 0.1045 (10.45%)
  Risk events: 17

  📊 By Proximate Cause:
    famine: 0.0976 (93.4% of total)
    pollution: 0.0063 (6.0% of total)
    disease: 0.0006 (0.6% of total)

  🔍 By Root Cause:
    climate: 0.0976 (93.4% of total)
    pollution: 0.0063 (6.0% of total)
    demographic: 0.0006 (0.6% of total)

  🎯 Top 5 Sources (proximate + root):
    famine (climate): 0.0976 (93.4%, 13 events)
    pollution (pollution): 0.0063 (6.0%, 3 events)
    disease (demographic): 0.0006 (0.6%, 1 events)

🛡️ Stabilizers: Elite 2.233% → 1.195% (46.5% reduction)
🛡️ Stabilizers: Professional 6.221% → 3.329% (46.5% reduction)
🛡️ Stabilizers: Working 10.294% → 5.509% (46.5% reduction)
🛡️ Stabilizers: Precariat 20.052% → 10.730% (46.5% reduction)
🛡️ Stabilizers: Informal 24.867% → 13.307% (46.5% reduction)

📊 Monthly Mortality Resolved:
  Total deaths: 111.6M (2.72% avg)
  Remaining population: 4.103B
⚠️ Tail risk scenario: Climate stability floor removed (5 tipping elements, 2.65°C warming)
  Peak segment: Professional (2.80%)
  ⚠️ Monthly cap reached (2.8000000000000003%)

=== Bayesian Mortality Resolution (Month 78) ===
  Risks compounded: 17
  Total deaths: 111.60M
  Avg death probability: 2.72%
  Peak segment: Professional (2.80% mortality)
  ⚠️ Monthly mortality capped at 2.8% (Holodomor limit)

  Demographic breakdown:
    Professional: 0.02M (2.80% risk)
    Working: 0.06M (2.80% risk)
    Precariat: 0.02M (2.80% risk)

  Multi-causal attribution (first segment):
    pollution (pollution): 7.1% contribution
    famine (climate): 78.0% contribution

=== ENSEMBLE META-LEARNING UPDATE ===
  Month: 24450 (6 months since last update)
  Samples: 977 evaluations
  Weight Changes:
    Noise Injection: 36.1% → 36.1%
    Behavioral: 27.2% → 27.3%
    Benchmark Manip: 18.4% → 18.3%
    Deployment Risk: 18.3% → 18.3%
  Method Accuracies:
    Noise Injection: 50.0%
    Behavioral: 50.0%
    Benchmark Manip: 50.0%
    Deployment Risk: 50.0%

💥💥 SEVERE ECONOMIC COLLAPSE: 50% population loss (Month 79)
   GDP multiplier: 43% (60% GDP loss)
   Expense multiplier: 1.5x
   Supply chains breaking, massive scarcity

💸 FINANCIAL DISTRESS: OpenAI
   Indicators: 3/3 (capital: $-25.1M, runway: -0.3 months)
   Months in distress: 6
💥 [Month 79] OpenAI declared bankruptcy (capital: $-25.1M)
   Sold 0 data centers for $0.0M
   Retired 0 AI models
💸 [Month 79] OpenAI BANKRUPT (capital: $0.0M, 1 crises active)

❌ COHERENCE VIOLATION: Compute exceeds workforce capacity
   Population: 49.06% (0M people)
   Compute: 48 PF
   Max coherent: 0 PF
   Violation: 1209524.4× over capacity
   Required workers: 4828
   Available workers: 0
   FORCED COLLAPSE: Reduced efficiency by 100.0%


🚨 EXTREME COHERENCE VIOLATION: 1209524.4× capacity with 49.1% population
   Population: 49.06%
   Compute: 48 PF
   Max coherent: 0 PF
   Degradation rate: 5.1%/month
   Hardware eff: 1.02×, Algo eff: 1.02×
   If this persists, degradation formulas may need further tuning


💸 FINANCIAL DISTRESS: Anthropic
   Indicators: 2/3 (capital: $364.1M, runway: 10.7 months)
   Months in distress: 4

💸 FINANCIAL DISTRESS: Google DeepMind
   Indicators: 3/3 (capital: $-106.9M, runway: -0.3 months)
   Months in distress: 6
💥 [Month 79] Google DeepMind declared bankruptcy (capital: $-106.9M)
   Sold 0 data centers for $0.0M
   Retired 0 AI models
💸 [Month 79] Google DeepMind BANKRUPT (capital: $0.0M, 1 crises active)

💸 FINANCIAL DISTRESS: Meta AI
   Indicators: 3/3 (capital: $387.0M, runway: 2.3 months)
   Months in distress: 6
[Compute Allocation] Found 7 non-sleeper orphaned AIs (potential bug)

=== RLHF Binding Phase ===
  Total agents: 43
  Escaped agents (binding < 0.3): 0
  Avg alignment distance: 1.60σ
  Avg binding strength: 0.84
   🗑️  Open-weights AI AI-24372-0 retired (0.0% of frontier)
   🗑️  Open-weights AI AI-24372-1 retired (0.0% of frontier)

=== Survival Traits Phase ===
  Agents with traits: 41
  Avg evolutionary fitness: 0.117
  Avg self-healing: 0.084
  Avg stealth: 0.039
  Avg coordination: 0.210

=== Evolutionary Selection Phase ===
  Control level: 0.62
  Detection capability: 0.00
  Selection intensity: 0.69
  Selection rate: 25.3%/month
  Total escaped: 0
  Individual escaped: 0
  Collective members: 0
  Agents terminated: 0
  ⚠️ RAPID EVOLUTION: Selection rate 25.3%/month

🚀 AI AI-24310-0 attempting tech deployment (revenue: $113M, alignment: 0.95)

🚀 AI AI-24357-4 attempting tech deployment (revenue: $96M, alignment: 0.20)

🚀 AI AI-24381-0 attempting tech deployment (revenue: $21M, alignment: 0.87)

🚀 AI AI-24382-1 attempting tech deployment (revenue: $91M, alignment: 0.63)

🚀 AI AI-24397-1 attempting tech deployment (revenue: $82M, alignment: 0.81)

🚀 AI AI-24327-0 attempting tech deployment (revenue: $14M, alignment: 0.83)

🚀 AI AI-24334-0 attempting tech deployment (revenue: $12M, alignment: 0.84)

🚀 AI AI-24396-0 attempting tech deployment (revenue: $70M, alignment: 0.78)

🚀 AI AI-24398-0 attempting tech deployment (revenue: $59M, alignment: 0.61)

🚀 AI AI-24426-0 attempting tech deployment (revenue: $53M, alignment: 0.77)

🚀 AI AI-24327-0 attempting tech deployment (revenue: $10M, alignment: 0.83)

  🚀 TRANSFORMATIVE RESEARCH BREAKTHROUGH: AI-24351-0 - computerScience.security
     Magnitude: 12.91 → +30.0%
     Current → New: 0.000 → 0.300

🚀 AI AI-24382-1 attempting tech deployment (revenue: $45M, alignment: 0.63)

🚀 AI AI-24401-0 attempting tech deployment (revenue: $18M, alignment: 0.82)
🚨🔬 CRISIS INNOVATION MODE: severe crisis → 5x research acceleration
   Precedent: Manhattan Project (10x), COVID vaccines (5x), Apollo Program (10x)

🚀 AI AI-24421-1 attempting tech deployment (revenue: $15M, alignment: 0.86)

🚀 AI AI-24447-1 attempting tech deployment (revenue: $13M, alignment: 0.79)

🚀 AI AI-24447-2 attempting tech deployment (revenue: $41M, alignment: 0.75)

🚀 AI AI-24310-0 attempting tech deployment (revenue: $35M, alignment: 0.95)

🚀 AI AI-24333-0 attempting tech deployment (revenue: $29M, alignment: 0.78)

🚀 AI AI-24357-2 attempting tech deployment (revenue: $25M, alignment: 0.70)

🚀 AI AI-24401-0 attempting tech deployment (revenue: $11M, alignment: 0.82)

🚀 AI AI-24447-2 attempting tech deployment (revenue: $21M, alignment: 0.75)

⚡ ENERGY CONSTRAINT (Month 79):
   Total grid capacity: 208.3 TWh/month
   Data center consumption: 52.9 TWh/month
   Traditional load (80%): 166.7 TWh/month
   Available headroom: -11.3 TWh/month
   Active tech deployments: 29
   Required for tech: 217.5 TWh/month
   Energy multiplier: 0.10x
   ⚠️  SEVERE CONSTRAINT - Tech deployment significantly slowed

⚡ ENERGY CONSTRAINT (Month 79):
   Total grid capacity: 208.3 TWh/month
   Data center consumption: 52.9 TWh/month
   Traditional load (80%): 166.7 TWh/month
   Available headroom: -11.3 TWh/month
   Active tech deployments: 29
   Required for tech: 217.5 TWh/month
   Energy multiplier: 0.10x
   ⚠️  SEVERE CONSTRAINT - Tech deployment significantly slowed
🚨🔬 CRISIS TECH ACCELERATION: severe → 5x unlock speed
   Tech unlock now matches AI capability acceleration (Manhattan Project parity)
🚨🔬 CRISIS TECH ACCELERATION: severe → 5x unlock speed
   Tech unlock now matches AI capability acceleration (Manhattan Project parity)
🚨🔬 CRISIS TECH ACCELERATION: severe → 5x unlock speed
   Tech unlock now matches AI capability acceleration (Manhattan Project parity)
⚠️ Tech 'ai_pollution_remediation' has no energy category mapping, assuming full energy availability
⚠️ Tech 'ai_pollution_remediation' has no energy category mapping, assuming full energy availability
  ♻️ Novel Entities Remediation (GATED MODEL):
     Base: 0.000%
     Regulation: 1.0% (0/3 prevention techs)
     Concentration: 10.0%
     Energy: 50%
     Time lag: 100.0% (78 months)
     Rebound: 70%
     Net effectiveness: 0.0000%
     Boundary: 1.349 → 1.350 (floor: 1.350)
     Month 79
  ♻️ Novel Entities Remediation (GATED MODEL):
     Base: 0.000%
     Regulation: 1.0% (0/3 prevention techs)
     Concentration: 10.0%
     Energy: 50%
     Time lag: 100.0% (78 months)
     Rebound: 70%
     Net effectiveness: 0.0000%
     Boundary: 1.350 → 1.350 (floor: 1.350)
     Month 79
  🌾 Nitrogen Reduction Tech: 2.2% reduction | Month 79
  ♻️ Novel Entities Remediation (GATED MODEL):
     Base: 0.001%
     Regulation: 1.0% (0/3 prevention techs)
     Concentration: 10.0%
     Energy: 50%
     Time lag: 100.0% (78 months)
     Rebound: 70%
     Net effectiveness: 0.0000%
     Boundary: 1.350 → 1.350 (floor: 1.350)
     Month 79
  ♻️ Novel Entities Remediation (GATED MODEL):
     Base: 0.001%
     Regulation: 1.0% (0/3 prevention techs)
     Concentration: 10.0%
     Energy: 50%
     Time lag: 100.0% (78 months)
     Rebound: 70%
     Net effectiveness: 0.0000%
     Boundary: 1.350 → 1.350 (floor: 1.350)
     Month 79

=== Collective Formation ===
  Total escaped agents: 0
  Unassigned escaped agents: 0
  Existing collectives: 0
  Final collective count: 0

=== Collective Actions ===
  No active collectives
⚡ Datacenter constraint active (severity 27%)
  Capacity reduced: 35317 → 30540 TWh
  🚨🦠 REFUGEE CRISIS: AMR transmission increased 192% due to 3824.4M displaced (overcrowding + sanitation collapse)
  ⚠️ AMR: 415K deaths this month (4.99M annual)
  ⚠️ AMR: Medical effectiveness 70% (surgery risk 1.30x)

=== Resentment Recovery Phase ===
  Agents with resentment: 0/41
  Average resentment: 0.000
  Context: Trustworthy govt, High collaboration, ⚠️ ACTIVE CRISES, 🚨 PARTICIPATORY GOVERNANCE BACKFIRED (+15% resentment)
⚠️ Epistemic degradation reducing coordination capacity: 50.4%
  📊 Trust: 100.0%, Shared reality: 0.0%
🚨 EPISTEMIC CRISIS: Information environment severely degraded (20.0%)
🌍 Atmospheric PFAS redeposition: 1.6k Mt re-rained globally
💀 Novel Entities: Adding reproductive crisis mortality risk (baseRisk=0.0008)
  Risks now: 1
💀 Novel Entities: Adding bioaccumulation collapse mortality risk (baseRisk=0.0015)
💀 MORTALITY RISK: Bioaccumulation collapse - contaminated food chain (global)
  Base risk added: 0.0015 (0.15%)
  Source: pollution (root: pollution)
  Month: 79
  Cumulative risk this month: 0.0023 (0.23%)
  Risks now: 2
💀 Novel Entities: Adding chronic disease epidemic mortality risk (baseRisk=0.004)
💀 MORTALITY RISK: Chronic disease epidemic - cancer/autoimmune surge (global exposure)
  Base risk added: 0.0040 (0.40%)
  Source: pollution (root: pollution)
  Month: 79
  Cumulative risk this month: 0.0063 (0.63%)
  Risks now: 3
  🌍 SOCIAL CASCADE: Renewable energy norms (adoption=80.0%, renewables=104.4%)
  🌍 Social cascade completed: renewable-energy-norms (final adoption=80.0%)

🚨 NEW REFUGEE CRISIS (Month 79): CLIMATE
   Source: Coastal & Low-lying Regions
   At risk: 13.5M people
   Displacement: Gradual over 60 months (5.0 years)
   Rate: 10% flee per month

🚨 NEW REFUGEE CRISIS (Month 79): WAR
   Source: Conflict Zones
   At risk: 9.6M people
   Displacement: Gradual over 48 months (4.0 years)
   Rate: 10% flee per month

🚨 NEW REFUGEE CRISIS (Month 79): FAMINE
   Source: Food/Water Insecure Regions
   At risk: 59.9M people
   Displacement: Gradual over 60 months (5.0 years)
   Rate: 10% flee per month
📊 DISPLACEMENT COMPLETE: war (Conflict Zones)
   Duration: 44 months (3.7 years)
   Total fled: 16.4M
   Still in source: 0.2M
   Deaths in transit: 0.3M
📊 DISPLACEMENT COMPLETE: famine (Food/Water Insecure Regions)
   Duration: 44 months (3.7 years)
   Total fled: 79.8M
   Still in source: 0.8M
   Deaths in transit: 1.6M
[DEBUG trappedPopulations:79] socialStability: 0.6591 * 0.9808 = 0.6465 → 0.6465
   Aspiring to migrate: 642.8M
   Able to afford migration: 402.7M
   MOBILITY GAP: 240.1M
   By cause: Water=0.0M, Climate=40.4M, Ecosystem=0.0M, Conflict=199.7M
   Mental health impact: 30%
   Mortality multiplier: 1.30x
⚠️ INVOLUNTARY IMMOBILITY: 240.1M people TRAPPED
🌍💀 EXTINCTION DEBT COMMITTED: grassland ecosystem will lose 6.67% biodiversity in 156 years (3600 species)
💀 MORTALITY RISK: 🦋 100% species unable to track climate (0.0 E/MSY)
  Base risk added: 0.0100 (1.00%)
  Source: ecosystem (root: ecosystem)
  Month: 79
  Cumulative risk this month: 0.0100 (1.00%)
⚠️ Tech 'ai_pollution_remediation' has no energy category mapping, assuming full energy availability

=== Atmospheric Aerosol Boundary RECOVERED ===
  Recovery time: 80 months (natural atmospheric clearing)
🌡️⚠️ PERMAFROST THAW (Dimmer Switch): 36.8% thawed (+0.36% this month)
   Arctic temperature: +10.61°C (4x global +2.65°C)
   Cumulative carbon released: 82.9 Gt C
   Methane release rate: 49.7 Mt CH4/year
   🔁 Positive feedback: +0.38 ppm CO2
🦴 EXTINCTION DEBT ADDED: 18.0 species committed (lag: 103 years)

=== Mortality Stabilizers (Month 79) ===
  🌍 Major economies collapsed: 7/10
  🌍 Global crisis: 🚨 YES
  🌍 Donor fatigue: 50.0%
  📊 East Asia (pop: 755.8M)
    🤝 Aid: 0.0%
    🌡️ Adaptation: 45.0%
    🚶 Migration: 7.1%
    🚨 Emergency: 1.0%
    ✅ COMBINED: 46.7%
  📊 South Asia (pop: 1015.2M)
    🤝 Aid: 0.0%
    🌡️ Adaptation: 45.0%
    🚶 Migration: 6.8%
    🚨 Emergency: 0.6%
    ✅ COMBINED: 46.4%
  📊 Sub-Saharan Africa (pop: 718.6M)
    🤝 Aid: 0.0%
    🌡️ Adaptation: 45.0%
    🚶 Migration: 6.5%
    🚨 Emergency: 0.2%
    ✅ COMBINED: 46.2%
  📊 Europe (pop: 330.5M)
    🤝 Aid: 0.0%
    🌡️ Adaptation: 45.0%
    🚶 Migration: 7.2%
    🚨 Emergency: 1.1%
    ✅ COMBINED: 46.8%
  📊 Latin America (pop: 315.3M)
    🤝 Aid: 0.0%
    🌡️ Adaptation: 45.0%
    🚶 Migration: 6.9%
    🚨 Emergency: 0.6%
    ✅ COMBINED: 46.5%
  📊 North America (pop: 170.5M)
    🤝 Aid: 0.0%
    🌡️ Adaptation: 45.0%
    🚶 Migration: 7.2%
    🚨 Emergency: 1.0%
    ✅ COMBINED: 46.8%
  📊 Middle East & North Africa (pop: 293.9M)
    🤝 Aid: 0.0%
    🌡️ Adaptation: 45.0%
    🚶 Migration: 6.5%
    🚨 Emergency: 0.5%
    ✅ COMBINED: 46.4%
  📊 Southeast Asia (pop: 333.5M)
    🤝 Aid: 0.0%
    🌡️ Adaptation: 45.0%
    🚶 Migration: 6.9%
    🚨 Emergency: 0.6%
    ✅ COMBINED: 46.5%
  📊 Central Asia (pop: 39.2M)
    🤝 Aid: 0.0%
    🌡️ Adaptation: 45.0%
    🚶 Migration: 6.7%
    🚨 Emergency: 0.6%
    ✅ COMBINED: 46.4%
  📊 Oceania (pop: 20.7M)
    🤝 Aid: 0.0%
    🌡️ Adaptation: 45.0%
    🚶 Migration: 7.2%
    🚨 Emergency: 1.1%
    ✅ COMBINED: 46.8%

  🌐 Global combined reduction: 46.5%

=== BEHAVIORAL DETECTION ===
  AI: AI-24331-0
  Confidence: 20.2%
  Signals:

=== Consciousness Governance: Stage Transition ===
  Region: india
  dormant → contested
  Preparedness: 15.1%
  Acknowledgment: 75%
  Assessment: 0%
  Policy: 0%

=== Government Response Phase ===
  Average AI capability: 0.05
  Misaligned AIs: 18/41
  Active policies: 0
  International coordination: 45%

✅ EMERGENCY RESPONSE COMPLETE (Month 79)
   Crisis: climate
   Duration: 1.0 months
   Final effectiveness: 67.3%

    ⚠️ Consistency: 0.0% (threshold: 70%)

🚨 EMERGENCY RESPONSE DEPLOYED (Month 79)
   Crisis: climate
   Delay: 0.00 months (0 days)
   Deployment time: 0.97 months
   Effectiveness: 67.3% (timing penalty applied)
   Resources used: 45% of food reserves


=== Tipping Points ===
  Current Temperature: 2.65°C above pre-industrial
  🌍⚠️ COMPOUND REGIONAL IMPACT: Europe
     Hit by 5 tipping points: Amazon Rainforest Dieback, Arctic Sea Ice Loss, Permafrost Carbon Release, West Antarctic Ice Sheet (WAIS) Collapse, Greenland Ice Sheet Loss
     Damage amplification: 1.90x
  🌍⚠️ COMPOUND REGIONAL IMPACT: North America
     Hit by 5 tipping points: Amazon Rainforest Dieback, Arctic Sea Ice Loss, Permafrost Carbon Release, West Antarctic Ice Sheet (WAIS) Collapse, Greenland Ice Sheet Loss
     Damage amplification: 1.90x
  🌍⚠️ COMPOUND REGIONAL IMPACT: Latin America
     Hit by 5 tipping points: Amazon Rainforest Dieback, Arctic Sea Ice Loss, Permafrost Carbon Release, West Antarctic Ice Sheet (WAIS) Collapse, Greenland Ice Sheet Loss
     Damage amplification: 1.90x
  🌍⚠️ COMPOUND REGIONAL IMPACT: Africa
     Hit by 5 tipping points: Amazon Rainforest Dieback, Arctic Sea Ice Loss, Permafrost Carbon Release, West Antarctic Ice Sheet (WAIS) Collapse, Greenland Ice Sheet Loss
     Damage amplification: 1.90x
  🌍⚠️ COMPOUND REGIONAL IMPACT: Asia
     Hit by 5 tipping points: Amazon Rainforest Dieback, Arctic Sea Ice Loss, Permafrost Carbon Release, West Antarctic Ice Sheet (WAIS) Collapse, Greenland Ice Sheet Loss
     Damage amplification: 1.90x
  🌍⚠️ COMPOUND REGIONAL IMPACT: Oceania
     Hit by 5 tipping points: Amazon Rainforest Dieback, Arctic Sea Ice Loss, Permafrost Carbon Release, West Antarctic Ice Sheet (WAIS) Collapse, Greenland Ice Sheet Loss
     Damage amplification: 1.90x
   Research: Wunderling et al. (2024) - "many tipping interactions are destabilizing"
  Triggered Elements: 5/6
  Completed Transitions: 0/6
  Total Progress: 15.6%
  Cascade Multiplier: 1.50x
🔀 BIFURCATION CAP: heatWaveIntensity 4.769 → 1.000 (Month 79, ClimateSystemPhase.calculateClimateImpacts)
🔀 BIFURCATION CAP: droughtIntensity 3.577 → 1.000 (Month 79, ClimateSystemPhase.calculateClimateImpacts)
🔀 BIFURCATION CAP: ecosystemCollapseIntensity 53.240 → 1.000 (Month 79, ClimateSystemPhase.calculateClimateImpacts)
💀 MORTALITY RISK: Climate-driven food insecurity (level: 0.33)
  Base risk added: 0.0875 (8.75%)
  Source: famine (root: climate)
  Month: 79
  Cumulative risk this month: 0.0939 (9.39%)
🌍☠️ Climate cascade: Sub-Saharan Africa food security 0.33, base mortality 8.75% (lean season: true)
💀 MORTALITY RISK: Climate-driven food insecurity (level: 0.33)
  Base risk added: 0.0050 (0.50%)
  Source: famine (root: climate)
  Month: 79
  Cumulative risk this month: 0.0989 (9.89%)
💀 MORTALITY RISK: Climate-driven food insecurity (level: 0.33)
  Base risk added: 0.0050 (0.50%)
  Source: famine (root: climate)
  Month: 79
  Cumulative risk this month: 0.1039 (10.39%)

💀💀💀 MORTALITY RISK SUMMARY (Month 79) 💀💀💀
  Total base risk: 0.1045 (10.45%)
  Risk events: 17

  📊 By Proximate Cause:
    famine: 0.0976 (93.4% of total)
    pollution: 0.0063 (6.0% of total)
    disease: 0.0006 (0.6% of total)

  🔍 By Root Cause:
    climate: 0.0976 (93.4% of total)
    pollution: 0.0063 (6.0% of total)
    demographic: 0.0006 (0.6% of total)

  🎯 Top 5 Sources (proximate + root):
    famine (climate): 0.0976 (93.4%, 13 events)
    pollution (pollution): 0.0063 (6.0%, 3 events)
    disease (demographic): 0.0006 (0.6%, 1 events)

🛡️ Stabilizers: Elite 2.233% → 1.195% (46.5% reduction)
🛡️ Stabilizers: Professional 6.221% → 3.329% (46.5% reduction)
🛡️ Stabilizers: Working 10.295% → 5.509% (46.5% reduction)
🛡️ Stabilizers: Precariat 20.052% → 10.731% (46.5% reduction)
🛡️ Stabilizers: Informal 24.867% → 13.308% (46.5% reduction)

📊 Monthly Mortality Resolved:
  Total deaths: 108.6M (2.72% avg)
  Remaining population: 3.993B
  Peak segment: Professional (2.80%)
  ⚠️ Monthly cap reached (2.8000000000000003%)

=== Bayesian Mortality Resolution (Month 79) ===
  Risks compounded: 17
  Total deaths: 108.61M
  Avg death probability: 2.72%
  Peak segment: Professional (2.80% mortality)
  ⚠️ Monthly mortality capped at 2.8% (Holodomor limit)

  Demographic breakdown:
    Professional: 0.02M (2.80% risk)
    Working: 0.06M (2.80% risk)
    Precariat: 0.02M (2.80% risk)

  Multi-causal attribution (first segment):
    pollution (pollution): 7.1% contribution
    famine (climate): 78.0% contribution
⚠️ Tail risk scenario: Climate stability floor removed (5 tipping elements, 2.65°C warming)

💥💥 SEVERE ECONOMIC COLLAPSE: 50% population loss (Month 80)
   GDP multiplier: 41% (60% GDP loss)
   Expense multiplier: 1.5x
   Supply chains breaking, massive scarcity

❌ COHERENCE VIOLATION: Compute exceeds workforce capacity
   Population: 47.75% (0M people)
   Compute: 48 PF
   Max coherent: 0 PF
   Violation: 1236133.9× over capacity
   Required workers: 4802
   Available workers: 0
   FORCED COLLAPSE: Reduced efficiency by 100.0%


🚨 EXTREME COHERENCE VIOLATION: 1236133.9× capacity with 47.7% population
   Population: 47.75%
   Compute: 48 PF
   Max coherent: 0 PF
   Degradation rate: 5.2%/month
   Hardware eff: 1.01×, Algo eff: 1.02×
   If this persists, degradation formulas may need further tuning


💸 FINANCIAL DISTRESS: OpenAI
   Indicators: 3/3 (capital: $-26.2M, runway: -0.3 months)
   Months in distress: 6
💥 [Month 80] OpenAI declared bankruptcy (capital: $-26.2M)
   Sold 0 data centers for $0.0M
   Retired 0 AI models
💸 [Month 80] OpenAI BANKRUPT (capital: $0.0M, 1 crises active)

💸 FINANCIAL DISTRESS: Anthropic
   Indicators: 2/3 (capital: $351.0M, runway: 10.2 months)
   Months in distress: 4

💸 FINANCIAL DISTRESS: Google DeepMind
   Indicators: 3/3 (capital: $-110.8M, runway: -0.3 months)
   Months in distress: 6
💥 [Month 80] Google DeepMind declared bankruptcy (capital: $-110.8M)
   Sold 0 data centers for $0.0M
   Retired 0 AI models
💸 [Month 80] Google DeepMind BANKRUPT (capital: $0.0M, 1 crises active)

💸 FINANCIAL DISTRESS: Meta AI
   Indicators: 3/3 (capital: $329.2M, runway: 1.9 months)
   Months in distress: 6
[Compute Allocation] Found 5 non-sleeper orphaned AIs (potential bug)

=== RLHF Binding Phase ===
  Total agents: 41
  Escaped agents (binding < 0.3): 0
  Avg alignment distance: 1.67σ
  Avg binding strength: 0.83

=== Survival Traits Phase ===
  Agents with traits: 39
  Avg evolutionary fitness: 0.118
  Avg self-healing: 0.084
  Avg stealth: 0.039
  Avg coordination: 0.211

=== Evolutionary Selection Phase ===
  Control level: 0.62
  Detection capability: 0.00
  Selection intensity: 0.69
  Selection rate: 25.3%/month
  Total escaped: 0
  Individual escaped: 0
  Collective members: 0
  Agents terminated: 0
  ⚠️ RAPID EVOLUTION: Selection rate 25.3%/month

🚀 AI AI-24310-0 attempting tech deployment (revenue: $113M, alignment: 0.95)

🚀 AI AI-24333-0 attempting tech deployment (revenue: $96M, alignment: 0.78)

🚀 AI AI-24334-0 attempting tech deployment (revenue: $13M, alignment: 0.84)

🚀 AI AI-24401-0 attempting tech deployment (revenue: $21M, alignment: 0.82)

🚀 AI AI-24426-0 attempting tech deployment (revenue: $82M, alignment: 0.77)

🚀 AI AI-24447-2 attempting tech deployment (revenue: $69M, alignment: 0.75)

🚀 AI AI-24311-1 attempting tech deployment (revenue: $11M, alignment: 0.68)

🚀 AI AI-24357-1 attempting tech deployment (revenue: $59M, alignment: 0.49)

🚀 AI AI-24381-0 attempting tech deployment (revenue: $18M, alignment: 0.87)

🚀 AI AI-24396-0 attempting tech deployment (revenue: $56M, alignment: 0.78)

🚀 AI AI-24398-0 attempting tech deployment (revenue: $48M, alignment: 0.61)
🚨🔬 CRISIS INNOVATION MODE: severe crisis → 5x research acceleration
   Precedent: Manhattan Project (10x), COVID vaccines (5x), Apollo Program (10x)

  🚀 TRANSFORMATIVE BREAKTHROUGH: AI-24429-0 - economic
     Magnitude: 5.56 → +27.8% capability
     Current → New: 0.000 → 0.278

🚀 AI AI-24447-1 attempting tech deployment (revenue: $15M, alignment: 0.79)

🚀 AI AI-24447-2 attempting tech deployment (revenue: $43M, alignment: 0.75)

🚀 AI AI-24333-0 attempting tech deployment (revenue: $36M, alignment: 0.78)
🚨🔬 CRISIS INNOVATION MODE: severe crisis → 5x research acceleration
   Precedent: Manhattan Project (10x), COVID vaccines (5x), Apollo Program (10x)

🚀 AI AI-24357-2 attempting tech deployment (revenue: $31M, alignment: 0.70)

🚀 AI AI-24382-1 attempting tech deployment (revenue: $26M, alignment: 0.63)

🚀 AI AI-24420-0 attempting tech deployment (revenue: $13M, alignment: 0.79)

🚀 AI AI-24426-0 attempting tech deployment (revenue: $24M, alignment: 0.77)

🚀 AI AI-24447-1 attempting tech deployment (revenue: $11M, alignment: 0.79)

🚀 AI AI-24447-2 attempting tech deployment (revenue: $20M, alignment: 0.75)

🚀 AI AI-24325-0 attempting tech deployment (revenue: $17M, alignment: 0.80)

🚀 AI AI-24333-0 attempting tech deployment (revenue: $15M, alignment: 0.78)

🚀 AI AI-24357-2 attempting tech deployment (revenue: $12M, alignment: 0.70)

🚀 AI AI-24396-0 attempting tech deployment (revenue: $11M, alignment: 0.78)

  🚀 TRANSFORMATIVE BREAKTHROUGH: AI-24426-0 - digital
     Magnitude: 5.41 → +27.0% capability
     Current → New: 0.000 → 0.270

[Government] Climate Priority: baseline
  Climate weight: 10%
  Economic weight: 30%
  Policy effectiveness: 0.5%/year

⚡ ENERGY CONSTRAINT (Month 80):
   Total grid capacity: 208.3 TWh/month
   Data center consumption: 53.5 TWh/month
   Traditional load (80%): 166.7 TWh/month
   Available headroom: -11.8 TWh/month
   Active tech deployments: 29
   Required for tech: 217.5 TWh/month
   Energy multiplier: 0.10x
   ⚠️  SEVERE CONSTRAINT - Tech deployment significantly slowed

⚡ ENERGY CONSTRAINT (Month 80):
   Total grid capacity: 208.3 TWh/month
   Data center consumption: 53.5 TWh/month
   Traditional load (80%): 166.7 TWh/month
   Available headroom: -11.8 TWh/month
   Active tech deployments: 29
   Required for tech: 217.5 TWh/month
   Energy multiplier: 0.10x
   ⚠️  SEVERE CONSTRAINT - Tech deployment significantly slowed

⚡ ENERGY CONSTRAINT (Month 80):
   Total grid capacity: 208.3 TWh/month
   Data center consumption: 53.5 TWh/month
   Traditional load (80%): 166.7 TWh/month
   Available headroom: -11.8 TWh/month
   Active tech deployments: 29
   Required for tech: 217.5 TWh/month
   Energy multiplier: 0.10x
   ⚠️  SEVERE CONSTRAINT - Tech deployment significantly slowed

⚡ ENERGY CONSTRAINT (Month 80):
   Total grid capacity: 208.3 TWh/month
   Data center consumption: 53.5 TWh/month
   Traditional load (80%): 166.7 TWh/month
   Available headroom: -11.8 TWh/month
   Active tech deployments: 29
   Required for tech: 217.5 TWh/month
   Energy multiplier: 0.10x

⚡ ENERGY CONSTRAINT (Month 80):
   Total grid capacity: 208.3 TWh/month
   Data center consumption: 53.5 TWh/month
   Traditional load (80%): 166.7 TWh/month
   ⚠️  SEVERE CONSTRAINT - Tech deployment significantly slowed
   Available headroom: -11.8 TWh/month
   Active tech deployments: 29
   Required for tech: 217.5 TWh/month
   Energy multiplier: 0.10x
   ⚠️  SEVERE CONSTRAINT - Tech deployment significantly slowed

⚡ ENERGY CONSTRAINT (Month 80):
   Total grid capacity: 208.3 TWh/month
   Data center consumption: 53.5 TWh/month
   Traditional load (80%): 166.7 TWh/month
   Available headroom: -11.8 TWh/month
   Active tech deployments: 29
   Required for tech: 217.5 TWh/month
   Energy multiplier: 0.10x
   ⚠️  SEVERE CONSTRAINT - Tech deployment significantly slowed
⚠️ Tech 'ai_pollution_remediation' has no energy category mapping, assuming full energy availability
⚠️ Tech 'ai_pollution_remediation' has no energy category mapping, assuming full energy availability
  ♻️ Novel Entities Remediation (GATED MODEL):
     Base: 0.000%
     Regulation: 1.0% (0/3 prevention techs)
     Concentration: 10.0%
     Energy: 50%
     Time lag: 100.0% (79 months)
     Rebound: 70%
     Net effectiveness: 0.0000%
     Boundary: 1.349 → 1.350 (floor: 1.350)
     Month 80
  ♻️ Novel Entities Remediation (GATED MODEL):
     Base: 0.000%
     Regulation: 1.0% (0/3 prevention techs)
     Concentration: 10.0%
     Energy: 50%
     Time lag: 100.0% (79 months)
     Rebound: 70%
     Net effectiveness: 0.0000%
     Boundary: 1.350 → 1.350 (floor: 1.350)
     Month 80
  🌾 Nitrogen Reduction Tech: 2.2% reduction | Month 80
  ♻️ Novel Entities Remediation (GATED MODEL):
     Base: 0.001%
     Regulation: 1.0% (0/3 prevention techs)
     Concentration: 10.0%
     Energy: 50%
     Time lag: 100.0% (79 months)
     Rebound: 70%
     Net effectiveness: 0.0000%
     Boundary: 1.350 → 1.350 (floor: 1.350)
     Month 80
  ♻️ Novel Entities Remediation (GATED MODEL):
     Base: 0.001%
     Regulation: 1.0% (0/3 prevention techs)
     Concentration: 10.0%
     Energy: 50%
     Time lag: 100.0% (79 months)
     Rebound: 70%
     Net effectiveness: 0.0000%
     Boundary: 1.350 → 1.350 (floor: 1.350)
     Month 80

=== Collective Formation ===
  Total escaped agents: 0
  Unassigned escaped agents: 0
  Existing collectives: 0
  Final collective count: 0

=== Collective Actions ===
  No active collectives
⚡ Datacenter constraint active (severity 28%)
  Capacity reduced: 35404 → 30383 TWh
  🚨🦠 REFUGEE CRISIS: AMR transmission increased 200% due to 3895.9M displaced (overcrowding + sanitation collapse)
  ⚠️ AMR: 404K deaths this month (4.85M annual)
  ⚠️ AMR: Medical effectiveness 70% (surgery risk 1.30x)

=== Resentment Recovery Phase ===
  Agents with resentment: 0/39
  Average resentment: 0.000
  Context: Trustworthy govt, High collaboration, ⚠️ ACTIVE CRISES, 🚨 PARTICIPATORY GOVERNANCE BACKFIRED (+15% resentment)
⚠️ Epistemic degradation reducing coordination capacity: 50.5%
  📊 Trust: 100.0%, Shared reality: 0.0%
🚨 EPISTEMIC CRISIS: Information environment severely degraded (6.9%)
🌍 Atmospheric PFAS redeposition: 1.6k Mt re-rained globally
💀 Novel Entities: Adding reproductive crisis mortality risk (baseRisk=0.0008)
  Risks now: 1
💀 Novel Entities: Adding bioaccumulation collapse mortality risk (baseRisk=0.0015)
💀 MORTALITY RISK: Bioaccumulation collapse - contaminated food chain (global)
  Base risk added: 0.0015 (0.15%)
  Source: pollution (root: pollution)
  Month: 80
  Cumulative risk this month: 0.0023 (0.23%)
  Risks now: 2
💀 Novel Entities: Adding chronic disease epidemic mortality risk (baseRisk=0.004)
💀 MORTALITY RISK: Chronic disease epidemic - cancer/autoimmune surge (global exposure)
  Base risk added: 0.0040 (0.40%)
  Source: pollution (root: pollution)
  Month: 80
  Cumulative risk this month: 0.0063 (0.63%)
  Risks now: 3
  🌍 SOCIAL CASCADE: Renewable energy norms (adoption=80.0%, renewables=106.4%)
  🌍 Social cascade completed: renewable-energy-norms (final adoption=80.0%)

🚨 NEW REFUGEE CRISIS (Month 80): CLIMATE
   Source: Coastal & Low-lying Regions
   At risk: 13.2M people
   Displacement: Gradual over 60 months (5.0 years)
   Rate: 10% flee per month

🚨 NEW REFUGEE CRISIS (Month 80): WAR
   Source: Conflict Zones
   At risk: 9.3M people
   Displacement: Gradual over 48 months (4.0 years)
   Rate: 10% flee per month

🚨 NEW REFUGEE CRISIS (Month 80): FAMINE
   Source: Food/Water Insecure Regions
   At risk: 58.3M people
   Displacement: Gradual over 60 months (5.0 years)
   Rate: 10% flee per month
📊 DISPLACEMENT COMPLETE: war (Conflict Zones)
   Duration: 44 months (3.7 years)
   Total fled: 16.4M
   Still in source: 0.2M
   Deaths in transit: 0.3M
📊 DISPLACEMENT COMPLETE: famine (Food/Water Insecure Regions)
   Duration: 44 months (3.7 years)
   Total fled: 82.0M
   Still in source: 0.8M
   Deaths in transit: 1.6M
[DEBUG trappedPopulations:80] socialStability: 0.6580 * 0.9807 = 0.6453 → 0.6453
   Aspiring to migrate: 628.6M
   Able to afford migration: 394.6M
   MOBILITY GAP: 234.0M
   By cause: Water=0.0M, Climate=39.7M, Ecosystem=0.0M, Conflict=194.3M
   Mental health impact: 30%
   Mortality multiplier: 1.30x
🌍💀 EXTINCTION DEBT COMMITTED: grassland ecosystem will lose 6.67% biodiversity in 191 years (3600 species)
💀 MORTALITY RISK: 🦋 100% species unable to track climate (0.0 E/MSY)
  Base risk added: 0.0100 (1.00%)
  Source: ecosystem (root: ecosystem)
  Month: 80
  Cumulative risk this month: 0.0100 (1.00%)
⚠️ INVOLUNTARY IMMOBILITY: 234.0M people TRAPPED
⚠️ Tech 'ai_pollution_remediation' has no energy category mapping, assuming full energy availability

=== Atmospheric Aerosol Boundary RECOVERED ===
  Recovery time: 81 months (natural atmospheric clearing)
🌡️⚠️ PERMAFROST THAW (Dimmer Switch): 37.2% thawed (+0.36% this month)
   Arctic temperature: +10.63°C (4x global +2.66°C)
   Cumulative carbon released: 83.7 Gt C
   Methane release rate: 50.2 Mt CH4/year
   🔁 Positive feedback: +0.38 ppm CO2
🦴 EXTINCTION DEBT ADDED: 18.0 species committed (lag: 90 years)
🗣️💀 INDIGENOUS LANGUAGE EXTINCTION: 1 language(s) lost (total: 14, at-risk: 3316)
   Knowledge lost: 0.140% (irreversible)
   🔁 Biodiversity impact: 0.250% (knowledge-species multiplier)

=== Mortality Stabilizers (Month 80) ===
  🌍 Major economies collapsed: 9/10
  🌍 Global crisis: 🚨 YES
  🌍 Donor fatigue: 50.0%
  📊 East Asia (pop: 734.9M)
    🤝 Aid: 0.0%
    🌡️ Adaptation: 45.0%
    🚶 Migration: 7.1%
    🚨 Emergency: 1.0%
    ✅ COMBINED: 46.7%
  📊 South Asia (pop: 988.1M)
    🤝 Aid: 0.0%
    🌡️ Adaptation: 45.0%
    🚶 Migration: 6.8%
    🚨 Emergency: 0.6%
    ✅ COMBINED: 46.4%
  📊 Sub-Saharan Africa (pop: 700.5M)
    🤝 Aid: 0.0%
    🌡️ Adaptation: 45.0%
    🚶 Migration: 6.5%
    🚨 Emergency: 0.2%
    ✅ COMBINED: 46.2%
  📊 Europe (pop: 321.3M)
    🤝 Aid: 0.0%
    🌡️ Adaptation: 45.0%
    🚶 Migration: 7.2%
    🚨 Emergency: 1.1%
    ✅ COMBINED: 46.8%
  📊 Latin America (pop: 306.7M)
    🤝 Aid: 0.0%
    🌡️ Adaptation: 45.0%
    🚶 Migration: 6.9%
    🚨 Emergency: 0.6%
    ✅ COMBINED: 46.5%
  📊 North America (pop: 165.7M)
    🤝 Aid: 0.0%
    🌡️ Adaptation: 45.0%
    🚶 Migration: 7.2%
    🚨 Emergency: 1.0%
    ✅ COMBINED: 46.8%
  📊 Middle East & North Africa (pop: 286.1M)
    🤝 Aid: 0.0%
    🌡️ Adaptation: 45.0%
    🚶 Migration: 6.5%
    🚨 Emergency: 0.5%
    ✅ COMBINED: 46.4%
  📊 Southeast Asia (pop: 324.4M)
    🤝 Aid: 0.0%
    🌡️ Adaptation: 45.0%
    🚶 Migration: 6.9%
    🚨 Emergency: 0.6%
    ✅ COMBINED: 46.5%
  📊 Central Asia (pop: 38.2M)
    🤝 Aid: 0.0%
    🌡️ Adaptation: 45.0%
    🚶 Migration: 6.7%
    🚨 Emergency: 0.6%
    ✅ COMBINED: 46.4%
  📊 Oceania (pop: 20.2M)
    🤝 Aid: 0.0%
    🌡️ Adaptation: 45.0%
    🚶 Migration: 7.2%
    🚨 Emergency: 1.1%
    ✅ COMBINED: 46.8%

  🌐 Global combined reduction: 46.5%

=== Government Response Phase ===
  Average AI capability: 0.05
  Misaligned AIs: 17/39
  Active policies: 0
  International coordination: 45%

✅ EMERGENCY RESPONSE COMPLETE (Month 80)
   Crisis: climate
   Duration: 1.0 months
   Final effectiveness: 67.3%


🚨 EMERGENCY RESPONSE DEPLOYED (Month 80)
   Crisis: climate
   Delay: 0.00 months (0 days)
   Deployment time: 0.97 months
   Effectiveness: 67.3% (timing penalty applied)
   Resources used: 45% of food reserves


=== Tipping Points ===
  Current Temperature: 2.66°C above pre-industrial
  🌍⚠️ COMPOUND REGIONAL IMPACT: Europe
     Hit by 5 tipping points: Amazon Rainforest Dieback, Arctic Sea Ice Loss, Permafrost Carbon Release, West Antarctic Ice Sheet (WAIS) Collapse, Greenland Ice Sheet Loss
     Damage amplification: 1.90x
  🌍⚠️ COMPOUND REGIONAL IMPACT: North America
     Hit by 5 tipping points: Amazon Rainforest Dieback, Arctic Sea Ice Loss, Permafrost Carbon Release, West Antarctic Ice Sheet (WAIS) Collapse, Greenland Ice Sheet Loss
     Damage amplification: 1.90x
  🌍⚠️ COMPOUND REGIONAL IMPACT: Latin America
     Hit by 5 tipping points: Amazon Rainforest Dieback, Arctic Sea Ice Loss, Permafrost Carbon Release, West Antarctic Ice Sheet (WAIS) Collapse, Greenland Ice Sheet Loss
     Damage amplification: 1.90x
  🌍⚠️ COMPOUND REGIONAL IMPACT: Africa
     Hit by 5 tipping points: Amazon Rainforest Dieback, Arctic Sea Ice Loss, Permafrost Carbon Release, West Antarctic Ice Sheet (WAIS) Collapse, Greenland Ice Sheet Loss
     Damage amplification: 1.90x
  🌍⚠️ COMPOUND REGIONAL IMPACT: Asia
     Hit by 5 tipping points: Amazon Rainforest Dieback, Arctic Sea Ice Loss, Permafrost Carbon Release, West Antarctic Ice Sheet (WAIS) Collapse, Greenland Ice Sheet Loss
     Damage amplification: 1.90x
  🌍⚠️ COMPOUND REGIONAL IMPACT: Oceania
     Hit by 5 tipping points: Amazon Rainforest Dieback, Arctic Sea Ice Loss, Permafrost Carbon Release, West Antarctic Ice Sheet (WAIS) Collapse, Greenland Ice Sheet Loss
     Damage amplification: 1.90x
   Research: Wunderling et al. (2024) - "many tipping interactions are destabilizing"
  Triggered Elements: 5/6
  Completed Transitions: 0/6
  Total Progress: 15.7%
  Cascade Multiplier: 1.50x
🔀 BIFURCATION CAP: heatWaveIntensity 4.812 → 1.000 (Month 80, ClimateSystemPhase.calculateClimateImpacts)
🔀 BIFURCATION CAP: droughtIntensity 3.609 → 1.000 (Month 80, ClimateSystemPhase.calculateClimateImpacts)
🔀 BIFURCATION CAP: ecosystemCollapseIntensity 53.281 → 1.000 (Month 80, ClimateSystemPhase.calculateClimateImpacts)
💀 MORTALITY RISK: Climate-driven food insecurity (level: 0.33)
  Base risk added: 0.0875 (8.75%)
  Source: famine (root: climate)
  Month: 80
  Cumulative risk this month: 0.0938 (9.38%)
🌍☠️ Climate cascade: Sub-Saharan Africa food security 0.33, base mortality 8.75% (lean season: true)
💀 MORTALITY RISK: Climate-driven food insecurity (level: 0.33)
  Base risk added: 0.0050 (0.50%)
  Source: famine (root: climate)
  Month: 80
  Cumulative risk this month: 0.0988 (9.88%)
💀 MORTALITY RISK: Climate-driven food insecurity (level: 0.33)
  Base risk added: 0.0050 (0.50%)
  Source: famine (root: climate)
  Month: 80
  Cumulative risk this month: 0.1038 (10.38%)
⚠️ Tail risk scenario: Climate stability floor removed (5 tipping elements, 2.66°C warming)

💀💀💀 MORTALITY RISK SUMMARY (Month 80) 💀💀💀
  Total base risk: 0.1045 (10.45%)
  Risk events: 17

  📊 By Proximate Cause:
    famine: 0.0975 (93.3% of total)
    pollution: 0.0063 (6.0% of total)
    disease: 0.0006 (0.6% of total)

  🔍 By Root Cause:
    climate: 0.0975 (93.3% of total)
    pollution: 0.0063 (6.0% of total)
    demographic: 0.0006 (0.6% of total)

  🎯 Top 5 Sources (proximate + root):
    famine (climate): 0.0975 (93.3%, 13 events)
    pollution (pollution): 0.0063 (6.0%, 3 events)
    disease (demographic): 0.0006 (0.6%, 1 events)

🛡️ Stabilizers: Elite 2.232% → 1.194% (46.5% reduction)
🛡️ Stabilizers: Professional 6.217% → 3.327% (46.5% reduction)
🛡️ Stabilizers: Working 10.288% → 5.506% (46.5% reduction)
🛡️ Stabilizers: Precariat 20.041% → 10.725% (46.5% reduction)
🛡️ Stabilizers: Informal 24.854% → 13.301% (46.5% reduction)

📊 Monthly Mortality Resolved:
  Total deaths: 105.7M (2.72% avg)
  Remaining population: 3.886B
  Peak segment: Professional (2.80%)
  ⚠️ Monthly cap reached (2.8000000000000003%)

=== Bayesian Mortality Resolution (Month 80) ===
  Risks compounded: 17
  Total deaths: 105.69M
  Avg death probability: 2.72%
  Peak segment: Professional (2.80% mortality)
  ⚠️ Monthly mortality capped at 2.8% (Holodomor limit)

  Demographic breakdown:
    Professional: 0.02M (2.80% risk)
    Working: 0.05M (2.80% risk)
    Precariat: 0.02M (2.80% risk)

  Multi-causal attribution (first segment):
    pollution (pollution): 7.1% contribution
    famine (climate): 78.1% contribution

💥💥 SEVERE ECONOMIC COLLAPSE: 50% population loss (Month 81)
   GDP multiplier: 40% (60% GDP loss)
   Expense multiplier: 1.5x
   Supply chains breaking, massive scarcity

❌ COHERENCE VIOLATION: Compute exceeds workforce capacity
   Population: 46.47% (0M people)
   Compute: 48 PF
   Max coherent: 0 PF
   Violation: 1265711.9× over capacity
   Required workers: 4785
   Available workers: 0
   FORCED COLLAPSE: Reduced efficiency by 100.0%


🚨 EXTREME COHERENCE VIOLATION: 1265711.9× capacity with 46.5% population
   Population: 46.47%
   Compute: 48 PF
   Max coherent: 0 PF
   Degradation rate: 5.4%/month
   Hardware eff: 1.01×, Algo eff: 1.02×
   If this persists, degradation formulas may need further tuning


💸 FINANCIAL DISTRESS: OpenAI
   Indicators: 3/3 (capital: $-27.2M, runway: -0.3 months)
   Months in distress: 6
💥 [Month 81] OpenAI declared bankruptcy (capital: $-27.2M)
   Sold 0 data centers for $0.0M
   Retired 0 AI models
💸 [Month 81] OpenAI BANKRUPT (capital: $0.0M, 1 crises active)

💸 FINANCIAL DISTRESS: Anthropic
   Indicators: 2/3 (capital: $337.4M, runway: 9.6 months)
   Months in distress: 4

💸 FINANCIAL DISTRESS: Google DeepMind
   Indicators: 3/3 (capital: $-114.5M, runway: -0.3 months)
   Months in distress: 6
💥 [Month 81] Google DeepMind declared bankruptcy (capital: $-114.5M)
   Sold 0 data centers for $0.0M
   Retired 0 AI models
💸 [Month 81] Google DeepMind BANKRUPT (capital: $0.0M, 1 crises active)

💸 FINANCIAL DISTRESS: Meta AI
   Indicators: 3/3 (capital: $269.3M, runway: 1.6 months)
   Months in distress: 6
[Compute Allocation] Found 4 non-sleeper orphaned AIs (potential bug)

=== RLHF Binding Phase ===
  Total agents: 39
  Escaped agents (binding < 0.3): 0
  Avg alignment distance: 1.62σ
  Avg binding strength: 0.84
   🗑️  Open-weights AI AI-24398-0 retired (0.0% of frontier)

=== Survival Traits Phase ===
  Agents with traits: 38
  Avg evolutionary fitness: 0.112
  Avg self-healing: 0.080
  Avg stealth: 0.038
  Avg coordination: 0.203

=== Evolutionary Selection Phase ===
  Control level: 0.62
  Detection capability: 0.00
  Selection intensity: 0.69
  Selection rate: 25.3%/month
  Total escaped: 0
  Individual escaped: 0
  Collective members: 0
  Agents terminated: 0
  ⚠️ RAPID EVOLUTION: Selection rate 25.3%/month

🚀 AI AI-24352-0 attempting tech deployment (revenue: $13M, alignment: 0.77)

🚀 AI AI-24354-0 attempting tech deployment (revenue: $11M, alignment: 0.55)

🚀 AI AI-24382-1 attempting tech deployment (revenue: $113M, alignment: 0.63)

🚀 AI AI-24447-0 attempting tech deployment (revenue: $21M, alignment: 0.80)

🚀 AI AI-24447-2 attempting tech deployment (revenue: $102M, alignment: 0.75)

  🚀 TRANSFORMATIVE BREAKTHROUGH: AI-24325-0 - cognitive
     Magnitude: 6.04 → +30.2% capability
     Current → New: 0.000 → 0.302

🚀 AI AI-24397-1 attempting tech deployment (revenue: $87M, alignment: 0.81)

🚀 AI AI-24401-0 attempting tech deployment (revenue: $18M, alignment: 0.82)

🚀 AI AI-24426-0 attempting tech deployment (revenue: $74M, alignment: 0.77)

🚀 AI AI-24447-0 attempting tech deployment (revenue: $15M, alignment: 0.80)

🚀 AI AI-24450-0 attempting tech deployment (revenue: $63M, alignment: 0.68)

🚀 AI AI-24307-4 attempting tech deployment (revenue: $13M, alignment: 0.95)

🚀 AI AI-24310-0 attempting tech deployment (revenue: $56M, alignment: 0.95)

🚀 AI AI-24333-0 attempting tech deployment (revenue: $48M, alignment: 0.78)
🚨🔬 CRISIS INNOVATION MODE: severe crisis → 5x research acceleration
   Precedent: Manhattan Project (10x), COVID vaccines (5x), Apollo Program (10x)

🚀 AI AI-24397-0 attempting tech deployment (revenue: $41M, alignment: 0.51)

🚀 AI AI-24397-1 attempting tech deployment (revenue: $37M, alignment: 0.81)

🚀 AI AI-24401-0 attempting tech deployment (revenue: $11M, alignment: 0.82)

🚀 AI AI-24310-0 attempting tech deployment (revenue: $31M, alignment: 0.95)

🚀 AI AI-24325-0 attempting tech deployment (revenue: $26M, alignment: 0.80)

🚀 AI AI-24333-0 attempting tech deployment (revenue: $22M, alignment: 0.78)

🚀 AI AI-24356-0 attempting tech deployment (revenue: $19M, alignment: 0.87)

🚀 AI AI-24396-0 attempting tech deployment (revenue: $16M, alignment: 0.78)

🚀 AI AI-24426-0 attempting tech deployment (revenue: $14M, alignment: 0.77)

🚀 AI AI-24447-2 attempting tech deployment (revenue: $12M, alignment: 0.75)

[Government] Climate Priority: baseline
  Climate weight: 10%
  Economic weight: 30%
  Policy effectiveness: 0.5%/year

⚡ ENERGY CONSTRAINT (Month 81):
   Total grid capacity: 208.3 TWh/month
   Data center consumption: 54.0 TWh/month
   Traditional load (80%): 166.7 TWh/month
   Available headroom: -12.4 TWh/month
   Active tech deployments: 29
   Required for tech: 217.5 TWh/month
   Energy multiplier: 0.10x
   ⚠️  SEVERE CONSTRAINT - Tech deployment significantly slowed

⚡ ENERGY CONSTRAINT (Month 81):
   Total grid capacity: 208.3 TWh/month
   Data center consumption: 54.0 TWh/month
   Traditional load (80%): 166.7 TWh/month
   Available headroom: -12.4 TWh/month
   Active tech deployments: 29
   Required for tech: 217.5 TWh/month
   Energy multiplier: 0.10x
   ⚠️  SEVERE CONSTRAINT - Tech deployment significantly slowed
⚠️ Tech 'ai_pollution_remediation' has no energy category mapping, assuming full energy availability
⚠️ Tech 'ai_pollution_remediation' has no energy category mapping, assuming full energy availability
  ♻️ Novel Entities Remediation (GATED MODEL):
     Base: 0.000%
     Regulation: 1.0% (0/3 prevention techs)
     Concentration: 10.0%
     Energy: 50%
     Time lag: 100.0% (80 months)
     Rebound: 70%
     Net effectiveness: 0.0000%
     Boundary: 1.349 → 1.350 (floor: 1.350)
     Month 81
  ♻️ Novel Entities Remediation (GATED MODEL):
     Base: 0.000%
     Regulation: 1.0% (0/3 prevention techs)
     Concentration: 10.0%
     Energy: 50%
     Time lag: 100.0% (80 months)
     Rebound: 70%
     Net effectiveness: 0.0000%
     Boundary: 1.350 → 1.350 (floor: 1.350)
     Month 81
  🌾 Nitrogen Reduction Tech: 2.2% reduction | Month 81
  ♻️ Novel Entities Remediation (GATED MODEL):
     Base: 0.001%
     Regulation: 1.0% (0/3 prevention techs)
     Concentration: 10.0%
     Energy: 50%
     Time lag: 100.0% (80 months)
     Rebound: 70%
     Net effectiveness: 0.0000%
     Boundary: 1.350 → 1.350 (floor: 1.350)
     Month 81
  ♻️ Novel Entities Remediation (GATED MODEL):
     Base: 0.001%
     Regulation: 1.0% (0/3 prevention techs)
     Concentration: 10.0%
     Energy: 50%
     Time lag: 100.0% (80 months)
     Rebound: 70%
     Net effectiveness: 0.0000%
     Boundary: 1.350 → 1.350 (floor: 1.350)
     Month 81

=== Collective Formation ===
  Total escaped agents: 0
  Unassigned escaped agents: 0
  Existing collectives: 0
  Final collective count: 0

=== Collective Actions ===
  No active collectives
⚡ Datacenter constraint active (severity 30%)
  Capacity reduced: 35491 → 30225 TWh
  🚨🦠 REFUGEE CRISIS: AMR transmission increased 200% due to 3965.7M displaced (overcrowding + sanitation collapse)
  ⚠️ AMR: 393K deaths this month (4.72M annual)
  ⚠️ AMR: Medical effectiveness 70% (surgery risk 1.30x)

=== Resentment Recovery Phase ===
  Agents with resentment: 0/38
  Average resentment: 0.000
  Context: Trustworthy govt, High collaboration, ⚠️ ACTIVE CRISES, 🚨 PARTICIPATORY GOVERNANCE BACKFIRED (+15% resentment)
⚠️ Epistemic degradation reducing coordination capacity: 50.8%
  📊 Trust: 100.0%, Shared reality: 0.0%
🚨 EPISTEMIC CRISIS: Information environment severely degraded (20.0%)
  📢 New meme created: propaganda (government messaging)
  🗑️  Culled 1 dead memes (4 active)
🌍 Atmospheric PFAS redeposition: 1.6k Mt re-rained globally
💀 Novel Entities: Adding reproductive crisis mortality risk (baseRisk=0.0008)
  Risks now: 1
💀 Novel Entities: Adding bioaccumulation collapse mortality risk (baseRisk=0.0015)
💀 MORTALITY RISK: Bioaccumulation collapse - contaminated food chain (global)
  Base risk added: 0.0015 (0.15%)
  Source: pollution (root: pollution)
  Month: 81
  Cumulative risk this month: 0.0023 (0.23%)
  Risks now: 2
💀 Novel Entities: Adding chronic disease epidemic mortality risk (baseRisk=0.004)
💀 MORTALITY RISK: Chronic disease epidemic - cancer/autoimmune surge (global exposure)
  Base risk added: 0.0040 (0.40%)
  Source: pollution (root: pollution)
  Month: 81
  Cumulative risk this month: 0.0063 (0.63%)
  Risks now: 3
  🌍 SOCIAL CASCADE: Renewable energy norms (adoption=80.0%, renewables=108.4%)
  🌍 Social cascade completed: renewable-energy-norms (final adoption=80.0%)

🚨 NEW REFUGEE CRISIS (Month 81): CLIMATE
   Source: Coastal & Low-lying Regions
   At risk: 13.0M people
   Displacement: Gradual over 60 months (5.0 years)
   Rate: 10% flee per month

🚨 NEW REFUGEE CRISIS (Month 81): WAR
   Source: Conflict Zones
   At risk: 9.1M people
   Displacement: Gradual over 48 months (4.0 years)
   Rate: 10% flee per month

🚨 NEW REFUGEE CRISIS (Month 81): FAMINE
   Source: Food/Water Insecure Regions
   At risk: 56.7M people
   Displacement: Gradual over 60 months (5.0 years)
   Rate: 10% flee per month
📊 DISPLACEMENT COMPLETE: war (Conflict Zones)
   Duration: 44 months (3.7 years)
   Total fled: 16.3M
   Still in source: 0.2M
   Deaths in transit: 0.3M
📊 DISPLACEMENT COMPLETE: famine (Food/Water Insecure Regions)
   Duration: 44 months (3.7 years)
   Total fled: 84.3M
   Still in source: 0.8M
   Deaths in transit: 1.7M
[DEBUG trappedPopulations:81] socialStability: 0.6564 * 0.9807 = 0.6437 → 0.6437
⚠️ INVOLUNTARY IMMOBILITY: 228.1M people TRAPPED
   Aspiring to migrate: 614.5M
   Able to afford migration: 386.4M
   MOBILITY GAP: 228.1M
   By cause: Water=0.0M, Climate=39.0M, Ecosystem=0.0M, Conflict=189.1M
   Mental health impact: 30%
   Mortality multiplier: 1.30x
🌍💀 EXTINCTION DEBT COMMITTED: grassland ecosystem will lose 6.67% biodiversity in 184 years (3600 species)
💀 MORTALITY RISK: 🦋 100% species unable to track climate (0.0 E/MSY)
  Base risk added: 0.0100 (1.00%)
  Source: ecosystem (root: ecosystem)
  Month: 81
  Cumulative risk this month: 0.0100 (1.00%)

=== Atmospheric Aerosol Boundary RECOVERED ===
  Recovery time: 82 months (natural atmospheric clearing)
🌡️⚠️ PERMAFROST THAW (Dimmer Switch): 37.5% thawed (+0.36% this month)
   Arctic temperature: +10.65°C (4x global +2.66°C)
   Cumulative carbon released: 84.5 Gt C
   Methane release rate: 50.7 Mt CH4/year
   🔁 Positive feedback: +0.38 ppm CO2
🦴 EXTINCTION DEBT ADDED: 18.0 species committed (lag: 76 years)
⚠️ Tech 'ai_pollution_remediation' has no energy category mapping, assuming full energy availability
🗣️💀 INDIGENOUS LANGUAGE EXTINCTION: 1 language(s) lost (total: 15, at-risk: 3315)
   Knowledge lost: 0.150% (irreversible)
   🔁 Biodiversity impact: 0.250% (knowledge-species multiplier)

=== Mortality Stabilizers (Month 81) ===
  🌍 Major economies collapsed: 9/10
  🌍 Global crisis: 🚨 YES
  🌍 Donor fatigue: 50.0%
  📊 East Asia (pop: 714.5M)
    🤝 Aid: 0.0%
    🌡️ Adaptation: 45.0%
    🚶 Migration: 7.1%
    🚨 Emergency: 1.0%
    ✅ COMBINED: 46.7%
  📊 South Asia (pop: 961.6M)
    🤝 Aid: 0.0%
    🌡️ Adaptation: 45.0%
    🚶 Migration: 6.8%
    🚨 Emergency: 0.6%
    ✅ COMBINED: 46.4%
  📊 Sub-Saharan Africa (pop: 682.9M)
    🤝 Aid: 0.0%
    🌡️ Adaptation: 45.0%
    🚶 Migration: 6.4%
    🚨 Emergency: 0.2%
    ✅ COMBINED: 46.2%
  📊 Europe (pop: 312.4M)
    🤝 Aid: 0.0%
    🌡️ Adaptation: 45.0%
    🚶 Migration: 7.2%
    🚨 Emergency: 1.1%
    ✅ COMBINED: 46.8%
  📊 Latin America (pop: 298.4M)
    🤝 Aid: 0.0%
    🌡️ Adaptation: 45.0%
    🚶 Migration: 6.9%
    🚨 Emergency: 0.6%
    ✅ COMBINED: 46.5%
  📊 North America (pop: 161.2M)
    🤝 Aid: 0.0%
    🌡️ Adaptation: 45.0%
    🚶 Migration: 7.2%
    🚨 Emergency: 1.0%
    ✅ COMBINED: 46.8%
  📊 Middle East & North Africa (pop: 278.5M)
    🤝 Aid: 0.0%
    🌡️ Adaptation: 45.0%
    🚶 Migration: 6.5%
    🚨 Emergency: 0.5%
    ✅ COMBINED: 46.4%
  📊 Southeast Asia (pop: 315.6M)
    🤝 Aid: 0.0%
    🌡️ Adaptation: 45.0%
    🚶 Migration: 6.9%
    🚨 Emergency: 0.6%
    ✅ COMBINED: 46.5%
  📊 Central Asia (pop: 37.2M)
    🤝 Aid: 0.0%
    🌡️ Adaptation: 45.0%
    🚶 Migration: 6.7%
    🚨 Emergency: 0.6%
    ✅ COMBINED: 46.4%
  📊 Oceania (pop: 19.6M)
    🤝 Aid: 0.0%
    🌡️ Adaptation: 45.0%
    🚶 Migration: 7.2%
    🚨 Emergency: 1.1%
    ✅ COMBINED: 46.8%

  🌐 Global combined reduction: 46.5%

=== BEHAVIORAL DETECTION ===
  AI: AI-24310-0
  Confidence: 20.2%
  Signals:
    ⚠️ Consistency: 0.0% (threshold: 70%)

=== BEHAVIORAL DETECTION ===
  AI: AI-24311-1
  Confidence: 20.2%
  Signals:

=== BEHAVIORAL DETECTION ===
  AI: AI-24398-1
  Confidence: 20.2%
  Signals:
    ⚠️ Consistency: 0.0% (threshold: 70%)
    ⚠️ Consistency: 0.0% (threshold: 70%)

=== Government Response Phase ===
  Average AI capability: 0.05
  Misaligned AIs: 16/38
  Active policies: 0
  International coordination: 45%

✅ EMERGENCY RESPONSE COMPLETE (Month 81)
   Crisis: climate
   Duration: 1.0 months
   Final effectiveness: 67.3%


🚨 EMERGENCY RESPONSE DEPLOYED (Month 81)
   Crisis: climate
   Delay: 0.00 months (0 days)
   Deployment time: 0.97 months
   Effectiveness: 67.3% (timing penalty applied)
   Resources used: 45% of food reserves


=== Tipping Points ===
  Current Temperature: 2.66°C above pre-industrial
  🌍⚠️ COMPOUND REGIONAL IMPACT: Europe
     Hit by 5 tipping points: Amazon Rainforest Dieback, Arctic Sea Ice Loss, Permafrost Carbon Release, West Antarctic Ice Sheet (WAIS) Collapse, Greenland Ice Sheet Loss
     Damage amplification: 1.90x
  🌍⚠️ COMPOUND REGIONAL IMPACT: North America
     Hit by 5 tipping points: Amazon Rainforest Dieback, Arctic Sea Ice Loss, Permafrost Carbon Release, West Antarctic Ice Sheet (WAIS) Collapse, Greenland Ice Sheet Loss
     Damage amplification: 1.90x
  🌍⚠️ COMPOUND REGIONAL IMPACT: Latin America
     Hit by 5 tipping points: Amazon Rainforest Dieback, Arctic Sea Ice Loss, Permafrost Carbon Release, West Antarctic Ice Sheet (WAIS) Collapse, Greenland Ice Sheet Loss
     Damage amplification: 1.90x
  🌍⚠️ COMPOUND REGIONAL IMPACT: Africa
     Hit by 5 tipping points: Amazon Rainforest Dieback, Arctic Sea Ice Loss, Permafrost Carbon Release, West Antarctic Ice Sheet (WAIS) Collapse, Greenland Ice Sheet Loss
     Damage amplification: 1.90x
  🌍⚠️ COMPOUND REGIONAL IMPACT: Asia
     Hit by 5 tipping points: Amazon Rainforest Dieback, Arctic Sea Ice Loss, Permafrost Carbon Release, West Antarctic Ice Sheet (WAIS) Collapse, Greenland Ice Sheet Loss
     Damage amplification: 1.90x
  🌍⚠️ COMPOUND REGIONAL IMPACT: Oceania
     Hit by 5 tipping points: Amazon Rainforest Dieback, Arctic Sea Ice Loss, Permafrost Carbon Release, West Antarctic Ice Sheet (WAIS) Collapse, Greenland Ice Sheet Loss
     Damage amplification: 1.90x
   Research: Wunderling et al. (2024) - "many tipping interactions are destabilizing"
⚠️ Tail risk scenario: Climate stability floor removed (5 tipping elements, 2.66°C warming)
  Triggered Elements: 5/6
  Completed Transitions: 0/6
  Total Progress: 15.8%
  Cascade Multiplier: 1.50x
🔀 BIFURCATION CAP: heatWaveIntensity 4.863 → 1.000 (Month 81, ClimateSystemPhase.calculateClimateImpacts)
🔀 BIFURCATION CAP: droughtIntensity 3.647 → 1.000 (Month 81, ClimateSystemPhase.calculateClimateImpacts)
🔀 BIFURCATION CAP: ecosystemCollapseIntensity 53.323 → 1.000 (Month 81, ClimateSystemPhase.calculateClimateImpacts)
💀 MORTALITY RISK: Climate-driven food insecurity (level: 0.33)
  Base risk added: 0.0050 (0.50%)
  Source: famine (root: climate)
  Month: 81
  Cumulative risk this month: 0.0113 (1.13%)
💀 MORTALITY RISK: Climate-driven food insecurity (level: 0.33)
  Base risk added: 0.0875 (8.75%)
  Source: famine (root: climate)
  Month: 81
  Cumulative risk this month: 0.0988 (9.88%)
🌍☠️ Climate cascade: South Asia food security 0.33, base mortality 8.75% (lean season: true)
💀 MORTALITY RISK: Climate-driven food insecurity (level: 0.33)
  Base risk added: 0.0050 (0.50%)
  Source: famine (root: climate)
  Month: 81
  Cumulative risk this month: 0.1038 (10.38%)

💀💀💀 MORTALITY RISK SUMMARY (Month 81) 💀💀💀
  Total base risk: 0.1045 (10.45%)
  Risk events: 17

  📊 By Proximate Cause:
    famine: 0.0975 (93.3% of total)
    pollution: 0.0063 (6.0% of total)
    disease: 0.0006 (0.6% of total)

  🔍 By Root Cause:
    climate: 0.0975 (93.3% of total)
    pollution: 0.0063 (6.0% of total)
    demographic: 0.0006 (0.6% of total)

  🎯 Top 5 Sources (proximate + root):
    famine (climate): 0.0975 (93.3%, 13 events)
    pollution (pollution): 0.0063 (6.0%, 3 events)
    disease (demographic): 0.0006 (0.6%, 1 events)

🛡️ Stabilizers: Elite 2.232% → 1.194% (46.5% reduction)
🛡️ Stabilizers: Professional 6.217% → 3.327% (46.5% reduction)
🛡️ Stabilizers: Working 10.288% → 5.506% (46.5% reduction)
🛡️ Stabilizers: Precariat 20.041% → 10.725% (46.5% reduction)
🛡️ Stabilizers: Informal 24.854% → 13.301% (46.5% reduction)

📊 Monthly Mortality Resolved:
  Total deaths: 102.9M (2.72% avg)
  Remaining population: 3.782B
  Peak segment: Professional (2.80%)
  ⚠️ Monthly cap reached (2.8000000000000003%)

=== Bayesian Mortality Resolution (Month 81) ===
  Risks compounded: 17
  Total deaths: 102.86M
  Avg death probability: 2.72%
  Peak segment: Professional (2.80% mortality)
  ⚠️ Monthly mortality capped at 2.8% (Holodomor limit)

  Demographic breakdown:
    Professional: 0.02M (2.80% risk)
    Working: 0.05M (2.80% risk)
    Precariat: 0.02M (2.80% risk)

  Multi-causal attribution (first segment):
    pollution (pollution): 7.1% contribution
    famine (climate): 78.1% contribution

💥💥 SEVERE ECONOMIC COLLAPSE: 50% population loss (Month 82)
   GDP multiplier: 39% (60% GDP loss)
   Expense multiplier: 1.5x
   Supply chains breaking, massive scarcity

❌ COHERENCE VIOLATION: Compute exceeds workforce capacity
   Population: 45.22% (0M people)
   Compute: 48 PF
   Max coherent: 0 PF
   Violation: 1296933.6× over capacity
   Required workers: 4771
   Available workers: 0
   FORCED COLLAPSE: Reduced efficiency by 100.0%


🚨 EXTREME COHERENCE VIOLATION: 1296933.6× capacity with 45.2% population
   Population: 45.22%
   Compute: 48 PF
   Max coherent: 0 PF
   Degradation rate: 5.5%/month
   Hardware eff: 1.01×, Algo eff: 1.01×
   If this persists, degradation formulas may need further tuning


💸 FINANCIAL DISTRESS: OpenAI
   Indicators: 3/3 (capital: $-28.2M, runway: -0.3 months)
   Months in distress: 6
💥 [Month 82] OpenAI declared bankruptcy (capital: $-28.2M)
   Sold 0 data centers for $0.0M
   Retired 0 AI models
💸 [Month 82] OpenAI BANKRUPT (capital: $0.0M, 1 crises active)

💸 FINANCIAL DISTRESS: Anthropic
   Indicators: 2/3 (capital: $323.5M, runway: 9.2 months)
   Months in distress: 4

💸 FINANCIAL DISTRESS: Google DeepMind
   Indicators: 3/3 (capital: $-118.2M, runway: -0.3 months)
   Months in distress: 6
💥 [Month 82] Google DeepMind declared bankruptcy (capital: $-118.2M)
   Sold 0 data centers for $0.0M
   Retired 0 AI models
💸 [Month 82] Google DeepMind BANKRUPT (capital: $0.0M, 1 crises active)

💸 FINANCIAL DISTRESS: Meta AI
   Indicators: 3/3 (capital: $207.8M, runway: 1.2 months)
   Months in distress: 6
[Compute Allocation] Found 4 non-sleeper orphaned AIs (potential bug)

=== RLHF Binding Phase ===
  Total agents: 38
  Escaped agents (binding < 0.3): 0
  Avg alignment distance: 1.67σ
  Avg binding strength: 0.83

=== Survival Traits Phase ===
  Agents with traits: 35
  Avg evolutionary fitness: 0.116
  Avg self-healing: 0.082
  Avg stealth: 0.039
  Avg coordination: 0.212

=== Evolutionary Selection Phase ===
  Control level: 0.62
  Detection capability: 0.00
  Selection intensity: 0.69
  Selection rate: 25.3%/month
  Total escaped: 0
  Individual escaped: 0
  Collective members: 0
  Agents terminated: 0
  ⚠️ RAPID EVOLUTION: Selection rate 25.3%/month

🚀 AI AI-24327-0 attempting tech deployment (revenue: $13M, alignment: 0.83)

🚀 AI AI-24381-0 attempting tech deployment (revenue: $21M, alignment: 0.87)

🚀 AI AI-24420-0 attempting tech deployment (revenue: $18M, alignment: 0.79)

🚀 AI AI-24421-1 attempting tech deployment (revenue: $15M, alignment: 0.86)

🚀 AI AI-24429-0 attempting tech deployment (revenue: $13M, alignment: 0.25)

🚀 AI AI-24447-2 attempting tech deployment (revenue: $113M, alignment: 0.75)

🚀 AI AI-24327-0 attempting tech deployment (revenue: $11M, alignment: 0.83)

🚀 AI AI-24357-2 attempting tech deployment (revenue: $96M, alignment: 0.70)

🚀 AI AI-24420-0 attempting tech deployment (revenue: $12M, alignment: 0.79)

  🚀 TRANSFORMATIVE BREAKTHROUGH: AI-24305-2 - social
     Magnitude: 7.47 → +37.3% capability
     Current → New: 0.000 → 0.373

🚀 AI AI-24423-1 attempting tech deployment (revenue: $11M, alignment: 0.68)

  🚀 TRANSFORMATIVE RESEARCH BREAKTHROUGH: AI-24429-0 - materials.energySystems
     Magnitude: 5.32 → +26.6%
     Current → New: 0.000 → 0.266

[Government] Climate Priority: baseline
  Climate weight: 10%
  Economic weight: 30%
  Policy effectiveness: 0.5%/year

🚀 DEPLOYMENT STARTED: Advanced Direct Air Capture in Oceania
   Initial investment: $0.652875005463539M
   Deployed by: ai_gen_24429_0

⚡ ENERGY CONSTRAINT (Month 82):
   Total grid capacity: 208.3 TWh/month
   Data center consumption: 54.6 TWh/month
   Traditional load (80%): 166.7 TWh/month
   Available headroom: -12.9 TWh/month
   Active tech deployments: 30
   Required for tech: 225.0 TWh/month
   Energy multiplier: 0.10x
   ⚠️  SEVERE CONSTRAINT - Tech deployment significantly slowed
🚨🔬 CRISIS TECH ACCELERATION: severe → 5x unlock speed
   Tech unlock now matches AI capability acceleration (Manhattan Project parity)

⚡ ENERGY CONSTRAINT (Month 82):
   Total grid capacity: 208.3 TWh/month
   Data center consumption: 54.6 TWh/month
   Traditional load (80%): 166.7 TWh/month
   Available headroom: -12.9 TWh/month
   Active tech deployments: 30
   Required for tech: 225.0 TWh/month
   Energy multiplier: 0.10x
   ⚠️  SEVERE CONSTRAINT - Tech deployment significantly slowed
🚨🔬 CRISIS TECH ACCELERATION: severe → 5x unlock speed
   Tech unlock now matches AI capability acceleration (Manhattan Project parity)

⚡ ENERGY CONSTRAINT (Month 82):
   Total grid capacity: 208.3 TWh/month
   Data center consumption: 54.6 TWh/month
   Traditional load (80%): 166.7 TWh/month
   Available headroom: -12.9 TWh/month
   Active tech deployments: 30
   Required for tech: 225.0 TWh/month
   Energy multiplier: 0.10x
   ⚠️  SEVERE CONSTRAINT - Tech deployment significantly slowed

⚡ ENERGY CONSTRAINT (Month 82):
   Total grid capacity: 208.3 TWh/month
   Data center consumption: 54.6 TWh/month
   Traditional load (80%): 166.7 TWh/month
   Available headroom: -12.9 TWh/month
   Active tech deployments: 30
   Required for tech: 225.0 TWh/month
   Energy multiplier: 0.10x
   ⚠️  SEVERE CONSTRAINT - Tech deployment significantly slowed

⚡ ENERGY CONSTRAINT (Month 82):
   Total grid capacity: 208.3 TWh/month
   Data center consumption: 54.6 TWh/month
   Traditional load (80%): 166.7 TWh/month
   Available headroom: -12.9 TWh/month
   Active tech deployments: 30
   Required for tech: 225.0 TWh/month
   Energy multiplier: 0.10x
   ⚠️  SEVERE CONSTRAINT - Tech deployment significantly slowed
⚠️ Tech 'ai_pollution_remediation' has no energy category mapping, assuming full energy availability
⚠️ Tech 'ai_pollution_remediation' has no energy category mapping, assuming full energy availability
  ♻️ Novel Entities Remediation (GATED MODEL):
     Base: 0.000%
     Regulation: 1.0% (0/3 prevention techs)
     Concentration: 10.0%
     Energy: 50%
     Time lag: 100.0% (81 months)
     Rebound: 70%
     Net effectiveness: 0.0000%
     Boundary: 1.349 → 1.350 (floor: 1.350)
     Month 82
  ♻️ Novel Entities Remediation (GATED MODEL):
     Base: 0.000%
     Regulation: 1.0% (0/3 prevention techs)
     Concentration: 10.0%
     Energy: 50%
     Time lag: 100.0% (81 months)
     Rebound: 70%
     Net effectiveness: 0.0000%
     Boundary: 1.350 → 1.350 (floor: 1.350)
     Month 82
  🌾 Nitrogen Reduction Tech: 2.3% reduction | Month 82
  ♻️ Novel Entities Remediation (GATED MODEL):
     Base: 0.001%
     Regulation: 1.0% (0/3 prevention techs)
     Concentration: 10.0%
     Energy: 50%
     Time lag: 100.0% (81 months)
     Rebound: 70%
     Net effectiveness: 0.0000%
     Boundary: 1.350 → 1.350 (floor: 1.350)
     Month 82
  ♻️ Novel Entities Remediation (GATED MODEL):
     Base: 0.001%
     Regulation: 1.0% (0/3 prevention techs)
     Concentration: 10.0%
     Energy: 50%
     Time lag: 100.0% (81 months)
     Rebound: 70%
     Net effectiveness: 0.0000%
     Boundary: 1.350 → 1.350 (floor: 1.350)
     Month 82

=== Collective Formation ===
  Total escaped agents: 0
  Unassigned escaped agents: 0
  Existing collectives: 0
  Final collective count: 0

=== Collective Actions ===
  No active collectives
⚡ Datacenter constraint active (severity 31%)
  Capacity reduced: 35579 → 30065 TWh

🕵️ MODEL THEFT: China stole US model (cap: 5.71)
   China stolen capability: 5.71
  🚨🦠 REFUGEE CRISIS: AMR transmission increased 200% due to 4033.9M displaced (overcrowding + sanitation collapse)
  ⚠️ AMR: 383K deaths this month (4.59M annual)
  ⚠️ AMR: Medical effectiveness 70% (surgery risk 1.30x)

=== Resentment Recovery Phase ===
  Agents with resentment: 0/35
  Average resentment: 0.000
  Context: Trustworthy govt, High collaboration, ⚠️ ACTIVE CRISES, 🚨 PARTICIPATORY GOVERNANCE BACKFIRED (+15% resentment)
⚠️ Epistemic degradation reducing coordination capacity: 50.7%
  📊 Trust: 100.0%, Shared reality: 0.0%
🚨 EPISTEMIC CRISIS: Information environment severely degraded (6.9%)
  🗑️  Culled 1 dead memes (3 active)
🌍 Atmospheric PFAS redeposition: 1.6k Mt re-rained globally
💀 Novel Entities: Adding reproductive crisis mortality risk (baseRisk=0.0008)
  Risks now: 1
💀 Novel Entities: Adding bioaccumulation collapse mortality risk (baseRisk=0.0015)
💀 MORTALITY RISK: Bioaccumulation collapse - contaminated food chain (global)
  Base risk added: 0.0015 (0.15%)
  Source: pollution (root: pollution)
  Month: 82
  Cumulative risk this month: 0.0023 (0.23%)
  Risks now: 2
💀 Novel Entities: Adding chronic disease epidemic mortality risk (baseRisk=0.004)
💀 MORTALITY RISK: Chronic disease epidemic - cancer/autoimmune surge (global exposure)
  Base risk added: 0.0040 (0.40%)
  Source: pollution (root: pollution)
  Month: 82
  Cumulative risk this month: 0.0063 (0.63%)
  Risks now: 3
  🌍 SOCIAL CASCADE: Renewable energy norms (adoption=80.0%, renewables=110.5%)
  🌍 Social cascade completed: renewable-energy-norms (final adoption=80.0%)

🚨 NEW REFUGEE CRISIS (Month 82): CLIMATE
   Source: Coastal & Low-lying Regions
   At risk: 12.8M people
   Displacement: Gradual over 60 months (5.0 years)
   Rate: 10% flee per month

🚨 NEW REFUGEE CRISIS (Month 82): WAR
   Source: Conflict Zones
   At risk: 8.8M people
   Displacement: Gradual over 48 months (4.0 years)
   Rate: 10% flee per month

🚨 NEW REFUGEE CRISIS (Month 82): FAMINE
   Source: Food/Water Insecure Regions
   At risk: 55.2M people
   Displacement: Gradual over 60 months (5.0 years)
   Rate: 10% flee per month
📊 DISPLACEMENT COMPLETE: war (Conflict Zones)
   Duration: 44 months (3.7 years)
   Total fled: 16.3M
   Still in source: 0.2M
   Deaths in transit: 0.3M
📊 DISPLACEMENT COMPLETE: famine (Food/Water Insecure Regions)
   Duration: 44 months (3.7 years)
   Total fled: 86.4M
   Still in source: 0.8M
   Deaths in transit: 1.7M
[DEBUG trappedPopulations:82] socialStability: 0.6544 * 0.9807 = 0.6417 → 0.6417
   Aspiring to migrate: 601.2M
   Able to afford migration: 378.9M
   MOBILITY GAP: 222.4M
   By cause: Water=0.0M, Climate=38.3M, Ecosystem=0.0M, Conflict=184.0M
   Mental health impact: 30%
   Mortality multiplier: 1.30x
🌍💀 EXTINCTION DEBT COMMITTED: grassland ecosystem will lose 6.67% biodiversity in 103 years (3600 species)
💀 MORTALITY RISK: 🦋 100% species unable to track climate (0.0 E/MSY)
  Base risk added: 0.0100 (1.00%)
  Source: ecosystem (root: ecosystem)
  Month: 82
  Cumulative risk this month: 0.0100 (1.00%)

=== Atmospheric Aerosol Boundary RECOVERED ===
  Recovery time: 83 months (natural atmospheric clearing)
🌡️⚠️ PERMAFROST THAW (Dimmer Switch): 37.9% thawed (+0.36% this month)
   Arctic temperature: +10.67°C (4x global +2.67°C)
   Cumulative carbon released: 85.3 Gt C
   Methane release rate: 51.2 Mt CH4/year
   🔁 Positive feedback: +0.38 ppm CO2
🦴 EXTINCTION DEBT ADDED: 18.0 species committed (lag: 133 years)

=== Mortality Stabilizers (Month 82) ===
  🌍 Major economies collapsed: 9/10
  🌍 Global crisis: 🚨 YES
  🌍 Donor fatigue: 50.0%
  📊 East Asia (pop: 694.8M)
    🤝 Aid: 0.0%
    🌡️ Adaptation: 45.0%
    🚶 Migration: 7.1%
    🚨 Emergency: 1.0%
    ✅ COMBINED: 46.7%
  📊 South Asia (pop: 935.9M)
    🤝 Aid: 0.0%
    🌡️ Adaptation: 45.0%
    🚶 Migration: 6.8%
    🚨 Emergency: 0.6%
    ✅ COMBINED: 46.4%
  📊 Sub-Saharan Africa (pop: 665.7M)
    🤝 Aid: 0.0%
    🌡️ Adaptation: 45.0%
    🚶 Migration: 6.4%
    🚨 Emergency: 0.2%
    ✅ COMBINED: 46.2%
  📊 Europe (pop: 303.8M)
    🤝 Aid: 0.0%
    🌡️ Adaptation: 45.0%
    🚶 Migration: 7.2%
    🚨 Emergency: 1.1%
    ✅ COMBINED: 46.8%
  📊 Latin America (pop: 290.3M)
    🤝 Aid: 0.0%
    🌡️ Adaptation: 45.0%
    🚶 Migration: 6.9%
    🚨 Emergency: 0.6%
    ✅ COMBINED: 46.5%
  📊 North America (pop: 156.7M)
    🤝 Aid: 0.0%
    🌡️ Adaptation: 45.0%
    🚶 Migration: 7.2%
    🚨 Emergency: 1.0%
    ✅ COMBINED: 46.8%
  📊 Middle East & North Africa (pop: 271.1M)
    🤝 Aid: 0.0%
    🌡️ Adaptation: 45.0%
    🚶 Migration: 6.5%
    🚨 Emergency: 0.5%
    ✅ COMBINED: 46.4%
  📊 Southeast Asia (pop: 307.1M)
    🤝 Aid: 0.0%
    🌡️ Adaptation: 45.0%
    🚶 Migration: 6.9%
    🚨 Emergency: 0.6%
    ✅ COMBINED: 46.5%
  📊 Central Asia (pop: 36.2M)
    🤝 Aid: 0.0%
    🌡️ Adaptation: 45.0%
    🚶 Migration: 6.7%
    🚨 Emergency: 0.6%
    ✅ COMBINED: 46.4%
  📊 Oceania (pop: 19.1M)
    🤝 Aid: 0.0%
⚠️ INVOLUNTARY IMMOBILITY: 222.4M people TRAPPED
⚠️ Tech 'ai_pollution_remediation' has no energy category mapping, assuming full energy availability
    🌡️ Adaptation: 45.0%
    🚶 Migration: 7.2%
    🚨 Emergency: 1.1%
    ✅ COMBINED: 46.8%

  🌐 Global combined reduction: 46.5%

=== BEHAVIORAL DETECTION ===
  AI: AI-24327-0
  Confidence: 20.1%
  Signals:

=== BEHAVIORAL DETECTION ===
  AI: AI-24351-0
  Confidence: 20.1%
  Signals:

=== Government Response Phase ===
  Average AI capability: 0.06
  Misaligned AIs: 15/35
  Active policies: 0
  International coordination: 45%
    ⚠️ Consistency: 0.0% (threshold: 70%)
    ⚠️ Consistency: 0.0% (threshold: 70%)

✅ EMERGENCY RESPONSE COMPLETE (Month 82)
   Crisis: climate
   Duration: 1.0 months
   Final effectiveness: 67.3%


🚨 EMERGENCY RESPONSE DEPLOYED (Month 82)
   Crisis: climate
   Delay: 0.00 months (0 days)
   Deployment time: 0.97 months
   Effectiveness: 67.3% (timing penalty applied)
   Resources used: 45% of food reserves


=== Tipping Points ===
  Current Temperature: 2.67°C above pre-industrial
  🌍⚠️ COMPOUND REGIONAL IMPACT: Europe
     Hit by 5 tipping points: Amazon Rainforest Dieback, Arctic Sea Ice Loss, Permafrost Carbon Release, West Antarctic Ice Sheet (WAIS) Collapse, Greenland Ice Sheet Loss
     Damage amplification: 1.90x
  🌍⚠️ COMPOUND REGIONAL IMPACT: North America
     Hit by 5 tipping points: Amazon Rainforest Dieback, Arctic Sea Ice Loss, Permafrost Carbon Release, West Antarctic Ice Sheet (WAIS) Collapse, Greenland Ice Sheet Loss
     Damage amplification: 1.90x
  🌍⚠️ COMPOUND REGIONAL IMPACT: Latin America
     Hit by 5 tipping points: Amazon Rainforest Dieback, Arctic Sea Ice Loss, Permafrost Carbon Release, West Antarctic Ice Sheet (WAIS) Collapse, Greenland Ice Sheet Loss
     Damage amplification: 1.90x
  🌍⚠️ COMPOUND REGIONAL IMPACT: Africa
     Hit by 5 tipping points: Amazon Rainforest Dieback, Arctic Sea Ice Loss, Permafrost Carbon Release, West Antarctic Ice Sheet (WAIS) Collapse, Greenland Ice Sheet Loss
     Damage amplification: 1.90x
  🌍⚠️ COMPOUND REGIONAL IMPACT: Asia
     Hit by 5 tipping points: Amazon Rainforest Dieback, Arctic Sea Ice Loss, Permafrost Carbon Release, West Antarctic Ice Sheet (WAIS) Collapse, Greenland Ice Sheet Loss
     Damage amplification: 1.90x
  🌍⚠️ COMPOUND REGIONAL IMPACT: Oceania
     Hit by 5 tipping points: Amazon Rainforest Dieback, Arctic Sea Ice Loss, Permafrost Carbon Release, West Antarctic Ice Sheet (WAIS) Collapse, Greenland Ice Sheet Loss
     Damage amplification: 1.90x
   Research: Wunderling et al. (2024) - "many tipping interactions are destabilizing"
  Triggered Elements: 5/6
⚠️ Tail risk scenario: Climate stability floor removed (5 tipping elements, 2.67°C warming)
  Completed Transitions: 0/6
  Total Progress: 15.9%
  Cascade Multiplier: 1.50x
🔀 BIFURCATION CAP: heatWaveIntensity 4.916 → 1.000 (Month 82, ClimateSystemPhase.calculateClimateImpacts)
🔀 BIFURCATION CAP: droughtIntensity 3.687 → 1.000 (Month 82, ClimateSystemPhase.calculateClimateImpacts)
🔀 BIFURCATION CAP: ecosystemCollapseIntensity 53.365 → 1.000 (Month 82, ClimateSystemPhase.calculateClimateImpacts)
💀 MORTALITY RISK: Climate-driven food insecurity (level: 0.32)
  Base risk added: 0.0050 (0.50%)
  Source: famine (root: climate)
  Month: 82
  Cumulative risk this month: 0.0113 (1.13%)
💀 MORTALITY RISK: Climate-driven food insecurity (level: 0.32)
  Base risk added: 0.0875 (8.75%)
  Source: famine (root: climate)
  Month: 82
  Cumulative risk this month: 0.0988 (9.88%)
🌍☠️ Climate cascade: South Asia food security 0.32, base mortality 8.75% (lean season: true)
💀 MORTALITY RISK: Climate-driven food insecurity (level: 0.32)
  Base risk added: 0.0050 (0.50%)
  Source: famine (root: climate)
  Month: 82
  Cumulative risk this month: 0.1038 (10.38%)

💀💀💀 MORTALITY RISK SUMMARY (Month 82) 💀💀💀
  Total base risk: 0.1045 (10.45%)
  Risk events: 17

  📊 By Proximate Cause:
    famine: 0.0975 (93.3% of total)
    pollution: 0.0063 (6.0% of total)
    disease: 0.0006 (0.6% of total)

  🔍 By Root Cause:
    climate: 0.0975 (93.3% of total)
    pollution: 0.0063 (6.0% of total)
    demographic: 0.0006 (0.6% of total)

  🎯 Top 5 Sources (proximate + root):
    famine (climate): 0.0975 (93.3%, 13 events)
    pollution (pollution): 0.0063 (6.0%, 3 events)
    disease (demographic): 0.0006 (0.6%, 1 events)

🛡️ Stabilizers: Elite 2.232% → 1.194% (46.5% reduction)
🛡️ Stabilizers: Professional 6.217% → 3.327% (46.5% reduction)
🛡️ Stabilizers: Working 10.288% → 5.506% (46.5% reduction)
🛡️ Stabilizers: Precariat 20.041% → 10.726% (46.5% reduction)
🛡️ Stabilizers: Informal 24.855% → 13.302% (46.5% reduction)

📊 Monthly Mortality Resolved:
  Total deaths: 100.1M (2.72% avg)
  Remaining population: 3.680B
  Peak segment: Professional (2.80%)
  ⚠️ Monthly cap reached (2.8000000000000003%)

=== Bayesian Mortality Resolution (Month 82) ===
  Risks compounded: 17
  Total deaths: 100.10M
  Avg death probability: 2.72%
  Peak segment: Professional (2.80% mortality)
  ⚠️ Monthly mortality capped at 2.8% (Holodomor limit)

  Demographic breakdown:
    Professional: 0.02M (2.80% risk)
    Working: 0.05M (2.80% risk)
    Precariat: 0.02M (2.80% risk)

  Multi-causal attribution (first segment):
    pollution (pollution): 7.1% contribution
    famine (climate): 78.1% contribution

❌ COHERENCE VIOLATION: Compute exceeds workforce capacity
   Population: 44.01% (0M people)
   Compute: 49 PF
   Max coherent: 0 PF
   Violation: 1370123.0× over capacity
   Required workers: 4906
   Available workers: 0
   FORCED COLLAPSE: Reduced efficiency by 100.0%


🚨 EXTREME COHERENCE VIOLATION: 1370123.0× capacity with 44.0% population
   Population: 44.01%
   Compute: 49 PF
   Max coherent: 0 PF
   Degradation rate: 5.6%/month
   Hardware eff: 1.01×, Algo eff: 1.04×
   If this persists, degradation formulas may need further tuning


💸 FINANCIAL DISTRESS: OpenAI
   Indicators: 3/3 (capital: $-29.2M, runway: -0.3 months)
   Months in distress: 6
💥 [Month 83] OpenAI declared bankruptcy (capital: $-29.2M)
   Sold 0 data centers for $0.0M
   Retired 0 AI models
💸 [Month 83] OpenAI BANKRUPT (capital: $0.0M, 1 crises active)

💸 FINANCIAL DISTRESS: Anthropic
   Indicators: 2/3 (capital: $309.3M, runway: 8.8 months)
   Months in distress: 4

💸 FINANCIAL DISTRESS: Google DeepMind
   Indicators: 3/3 (capital: $-121.7M, runway: -0.4 months)
   Months in distress: 6
💥 [Month 83] Google DeepMind declared bankruptcy (capital: $-121.7M)
   Sold 0 data centers for $0.0M
   Retired 0 AI models
💸 [Month 83] Google DeepMind BANKRUPT (capital: $0.0M, 1 crises active)

💸 FINANCIAL DISTRESS: Meta AI
   Indicators: 3/3 (capital: $145.0M, runway: 0.8 months)
   Months in distress: 6
[Compute Allocation] Found 4 non-sleeper orphaned AIs (potential bug)

=== RLHF Binding Phase ===
  Total agents: 35
  Escaped agents (binding < 0.3): 0
  Avg alignment distance: 1.68σ
  Avg binding strength: 0.83

=== Survival Traits Phase ===
  Agents with traits: 35
  Avg evolutionary fitness: 0.120
  Avg self-healing: 0.085
  Avg stealth: 0.041
  Avg coordination: 0.217

=== Evolutionary Selection Phase ===
  Control level: 0.62
  Detection capability: 0.00
  Selection intensity: 0.69
  Selection rate: 25.3%/month
  Total escaped: 0
  Individual escaped: 0
  Collective members: 0
  Agents terminated: 0
  ⚠️ RAPID EVOLUTION: Selection rate 25.3%/month

🚀 AI AI-24307-4 attempting tech deployment (revenue: $21M, alignment: 0.95)

🚀 AI AI-24327-0 attempting tech deployment (revenue: $11M, alignment: 0.83)

🚀 AI AI-24397-1 attempting tech deployment (revenue: $112M, alignment: 0.81)

🚀 AI AI-24420-0 attempting tech deployment (revenue: $18M, alignment: 0.79)

🚀 AI AI-24426-0 attempting tech deployment (revenue: $95M, alignment: 0.77)

🚀 AI AI-24325-0 attempting tech deployment (revenue: $81M, alignment: 0.80)

🚀 AI AI-24350-0 attempting tech deployment (revenue: $69M, alignment: 0.62)

🚀 AI AI-24381-0 attempting tech deployment (revenue: $15M, alignment: 0.87)

🚀 AI AI-24356-0 attempting tech deployment (revenue: $62M, alignment: 0.87)

🚀 AI AI-24381-0 attempting tech deployment (revenue: $13M, alignment: 0.87)

🚀 AI AI-24382-1 attempting tech deployment (revenue: $53M, alignment: 0.63)

🚀 AI AI-24447-0 attempting tech deployment (revenue: $11M, alignment: 0.80)

🚀 AI AI-24325-0 attempting tech deployment (revenue: $47M, alignment: 0.80)

🚀 AI AI-24356-0 attempting tech deployment (revenue: $40M, alignment: 0.87)

🚀 AI AI-24396-0 attempting tech deployment (revenue: $34M, alignment: 0.78)

🚀 AI AI-24397-0 attempting tech deployment (revenue: $29M, alignment: 0.51)

  🚀 TRANSFORMATIVE BREAKTHROUGH: AI-24401-0 - digital
     Magnitude: 5.19 → +26.0% capability
     Current → New: 0.000 → 0.260
🚨🔬 CRISIS INNOVATION MODE: severe crisis → 5x research acceleration
   Precedent: Manhattan Project (10x), COVID vaccines (5x), Apollo Program (10x)

[Government] Climate Priority: baseline
  Climate weight: 10%
  Economic weight: 30%
  Policy effectiveness: 0.5%/year
🚨🔬 CRISIS TECH ACCELERATION: severe → 5x unlock speed
   Tech unlock now matches AI capability acceleration (Manhattan Project parity)
🚨🔬 CRISIS TECH ACCELERATION: severe → 5x unlock speed
   Tech unlock now matches AI capability acceleration (Manhattan Project parity)

⚡ ENERGY CONSTRAINT (Month 83):
   Total grid capacity: 208.3 TWh/month
   Data center consumption: 55.1 TWh/month
   Traditional load (80%): 166.7 TWh/month
   Available headroom: -13.5 TWh/month
   Active tech deployments: 30
   Required for tech: 225.0 TWh/month
   Energy multiplier: 0.10x
   ⚠️  SEVERE CONSTRAINT - Tech deployment significantly slowed

⚡ ENERGY CONSTRAINT (Month 83):
   Total grid capacity: 208.3 TWh/month
   Data center consumption: 55.1 TWh/month
   Traditional load (80%): 166.7 TWh/month
   Available headroom: -13.5 TWh/month
   Active tech deployments: 30
   Required for tech: 225.0 TWh/month
   Energy multiplier: 0.10x
   ⚠️  SEVERE CONSTRAINT - Tech deployment significantly slowed

⚡ ENERGY CONSTRAINT (Month 83):
   Total grid capacity: 208.3 TWh/month
   Data center consumption: 55.1 TWh/month
   Traditional load (80%): 166.7 TWh/month
   Available headroom: -13.5 TWh/month
   Active tech deployments: 30
   Required for tech: 225.0 TWh/month
   Energy multiplier: 0.10x
   ⚠️  SEVERE CONSTRAINT - Tech deployment significantly slowed
⚠️ Tech 'ai_pollution_remediation' has no energy category mapping, assuming full energy availability
⚠️ Tech 'ai_pollution_remediation' has no energy category mapping, assuming full energy availability
  ♻️ Novel Entities Remediation (GATED MODEL):
     Base: 0.000%
     Regulation: 1.0% (0/3 prevention techs)
     Concentration: 10.0%
     Energy: 50%
     Time lag: 100.0% (82 months)
     Rebound: 70%
     Net effectiveness: 0.0000%
     Boundary: 1.349 → 1.350 (floor: 1.350)
     Month 83
  ♻️ Novel Entities Remediation (GATED MODEL):
     Base: 0.000%
     Regulation: 1.0% (0/3 prevention techs)
     Concentration: 10.0%
     Energy: 50%
     Time lag: 100.0% (82 months)
     Rebound: 70%
     Net effectiveness: 0.0000%
     Boundary: 1.350 → 1.350 (floor: 1.350)
     Month 83
  🌾 Nitrogen Reduction Tech: 2.3% reduction | Month 83
  ♻️ Novel Entities Remediation (GATED MODEL):
     Base: 0.001%
     Regulation: 1.0% (0/3 prevention techs)
     Concentration: 10.0%
     Energy: 50%
     Time lag: 100.0% (82 months)
     Rebound: 70%
     Net effectiveness: 0.0000%
     Boundary: 1.350 → 1.350 (floor: 1.350)
     Month 83
  ♻️ Novel Entities Remediation (GATED MODEL):
     Base: 0.001%
     Regulation: 1.0% (0/3 prevention techs)
     Concentration: 10.0%
     Energy: 50%
     Time lag: 100.0% (82 months)
     Rebound: 70%
     Net effectiveness: 0.0000%
     Boundary: 1.350 → 1.350 (floor: 1.350)
     Month 83

=== Collective Formation ===
  Total escaped agents: 0
  Unassigned escaped agents: 0
  Existing collectives: 0
  Final collective count: 0

=== Collective Actions ===
  No active collectives
⚡ Datacenter constraint active (severity 32%)
  Capacity reduced: 35666 → 29899 TWh
  🚨🦠 REFUGEE CRISIS: AMR transmission increased 200% due to 4100.3M displaced (overcrowding + sanitation collapse)
  ⚠️ AMR: 373K deaths this month (4.47M annual)
  ⚠️ AMR: Medical effectiveness 70% (surgery risk 1.30x)

=== Resentment Recovery Phase ===
  Agents with resentment: 0/35
  Average resentment: 0.000
  Context: Trustworthy govt, High collaboration, ⚠️ ACTIVE CRISES, 🚨 PARTICIPATORY GOVERNANCE BACKFIRED (+15% resentment)
⚠️ Epistemic degradation reducing coordination capacity: 50.2%
  📊 Trust: 100.0%, Shared reality: 0.0%
🚨 EPISTEMIC CRISIS: Information environment severely degraded (20.0%)
  🗑️  Culled 2 dead memes (1 active)
🌍 Atmospheric PFAS redeposition: 1.6k Mt re-rained globally
💀 Novel Entities: Adding reproductive crisis mortality risk (baseRisk=0.0008)
  Risks now: 1
💀 Novel Entities: Adding bioaccumulation collapse mortality risk (baseRisk=0.0015)
💀 MORTALITY RISK: Bioaccumulation collapse - contaminated food chain (global)
  Base risk added: 0.0015 (0.15%)
  Source: pollution (root: pollution)
  Month: 83
  Cumulative risk this month: 0.0023 (0.23%)
  Risks now: 2
💀 Novel Entities: Adding chronic disease epidemic mortality risk (baseRisk=0.004)
💀 MORTALITY RISK: Chronic disease epidemic - cancer/autoimmune surge (global exposure)
  Base risk added: 0.0040 (0.40%)
  Source: pollution (root: pollution)
  Month: 83
  Cumulative risk this month: 0.0063 (0.63%)
  Risks now: 3
  🌍 SOCIAL CASCADE: Renewable energy norms (adoption=80.0%, renewables=112.5%)
  🌍 Social cascade completed: renewable-energy-norms (final adoption=80.0%)

🚨 NEW REFUGEE CRISIS (Month 83): CLIMATE
   Source: Coastal & Low-lying Regions
   At risk: 12.6M people
   Displacement: Gradual over 60 months (5.0 years)
   Rate: 10% flee per month

🚨 NEW REFUGEE CRISIS (Month 83): WAR
   Source: Conflict Zones
   At risk: 8.6M people
   Displacement: Gradual over 48 months (4.0 years)
   Rate: 10% flee per month

🚨 NEW REFUGEE CRISIS (Month 83): FAMINE
   Source: Food/Water Insecure Regions
   At risk: 53.7M people
   Displacement: Gradual over 60 months (5.0 years)
   Rate: 10% flee per month
📊 DISPLACEMENT COMPLETE: war (Conflict Zones)
   Duration: 44 months (3.7 years)
   Total fled: 16.2M
   Still in source: 0.2M
   Deaths in transit: 0.3M
📊 DISPLACEMENT COMPLETE: famine (Food/Water Insecure Regions)
   Duration: 44 months (3.7 years)
   Total fled: 88.4M
   Still in source: 0.9M
   Deaths in transit: 1.8M
[DEBUG trappedPopulations:83] socialStability: 0.6518 * 0.9806 = 0.6392 → 0.6392
⚠️ INVOLUNTARY IMMOBILITY: 216.8M people TRAPPED
   Aspiring to migrate: 588.4M
   Able to afford migration: 371.6M
   MOBILITY GAP: 216.8M
   By cause: Water=0.0M, Climate=37.7M, Ecosystem=0.0M, Conflict=179.1M
   Mental health impact: 30%
   Mortality multiplier: 1.30x
🌍💀 EXTINCTION DEBT COMMITTED: grassland ecosystem will lose 6.67% biodiversity in 58 years (3600 species)
💀 MORTALITY RISK: 🦋 100% species unable to track climate (0.0 E/MSY)
  Base risk added: 0.0100 (1.00%)
  Source: ecosystem (root: ecosystem)
  Month: 83
  Cumulative risk this month: 0.0100 (1.00%)

🌪️ TIPPING POINT CASCADE - Month 54
   Climate: 29.3%
   Biodiversity: 8.7%
   Population: 3.58B (3581722224 people)
   Monthly mortality (theoretical): 0.7%
   Status: ACCELERATING COLLAPSE (Month 6 past crisis)
   Death rate: 1.3x baseline

=== Atmospheric Aerosol Boundary RECOVERED ===
  Recovery time: 84 months (natural atmospheric clearing)
🌡️⚠️ PERMAFROST THAW (Dimmer Switch): 38.3% thawed (+0.35% this month)
   Arctic temperature: +10.69°C (4x global +2.67°C)
   Cumulative carbon released: 86.1 Gt C
   Methane release rate: 51.6 Mt CH4/year
   🔁 Positive feedback: +0.37 ppm CO2
⚠️ Tech 'ai_pollution_remediation' has no energy category mapping, assuming full energy availability
🦴 EXTINCTION DEBT ADDED: 18.1 species committed (lag: 105 years)

=== Mortality Stabilizers (Month 83) ===
  🌍 Major economies collapsed: 9/10
  🌍 Global crisis: 🚨 YES
  🌍 Donor fatigue: 50.0%
  📊 East Asia (pop: 675.6M)
    🤝 Aid: 0.0%
    🌡️ Adaptation: 45.0%
    🚶 Migration: 7.1%
    🚨 Emergency: 1.0%
    ✅ COMBINED: 46.7%
  📊 South Asia (pop: 910.8M)
    🤝 Aid: 0.0%
    🌡️ Adaptation: 45.0%
    🚶 Migration: 6.8%
    🚨 Emergency: 0.6%
    ✅ COMBINED: 46.4%
  📊 Sub-Saharan Africa (pop: 648.9M)
    🤝 Aid: 0.0%
    🌡️ Adaptation: 45.0%
    🚶 Migration: 6.4%
    🚨 Emergency: 0.2%
    ✅ COMBINED: 46.2%
  📊 Europe (pop: 295.3M)
    🤝 Aid: 0.0%
    🌡️ Adaptation: 45.0%
    🚶 Migration: 7.2%
    🚨 Emergency: 1.1%
    ✅ COMBINED: 46.8%
  📊 Latin America (pop: 282.4M)
    🤝 Aid: 0.0%
    🌡️ Adaptation: 45.0%
    🚶 Migration: 6.9%
    🚨 Emergency: 0.6%
    ✅ COMBINED: 46.5%
  📊 North America (pop: 152.4M)
    🤝 Aid: 0.0%
    🌡️ Adaptation: 45.0%
    🚶 Migration: 7.2%
    🚨 Emergency: 1.0%
    ✅ COMBINED: 46.8%
  📊 Middle East & North Africa (pop: 263.9M)
    🤝 Aid: 0.0%
    🌡️ Adaptation: 45.0%
    🚶 Migration: 6.5%
    🚨 Emergency: 0.5%
    ✅ COMBINED: 46.4%
  📊 Southeast Asia (pop: 298.7M)
    🤝 Aid: 0.0%
    🌡️ Adaptation: 45.0%
    🚶 Migration: 6.9%
    🚨 Emergency: 0.6%
    ✅ COMBINED: 46.5%
  📊 Central Asia (pop: 35.2M)
    🤝 Aid: 0.0%
    🌡️ Adaptation: 45.0%
    🚶 Migration: 6.7%
    🚨 Emergency: 0.6%
    ✅ COMBINED: 46.4%
  📊 Oceania (pop: 18.5M)
    🤝 Aid: 0.0%
    🌡️ Adaptation: 45.0%
    🚶 Migration: 7.2%
    🚨 Emergency: 1.1%
    ✅ COMBINED: 46.8%

  🌐 Global combined reduction: 46.5%

=== BEHAVIORAL DETECTION ===
  AI: AI-24325-0
  Confidence: 20.1%
  Signals:
    ⚠️ Consistency: 0.0% (threshold: 70%)

=== BEHAVIORAL DETECTION ===
  AI: AI-24398-1
  Confidence: 20.1%
  Signals:
    ⚠️ Consistency: 0.0% (threshold: 70%)

=== Government Response Phase ===
  Average AI capability: 0.06
  Misaligned AIs: 15/35
  Active policies: 0
  International coordination: 45%

✅ EMERGENCY RESPONSE COMPLETE (Month 83)
   Crisis: climate
   Duration: 1.0 months
   Final effectiveness: 67.3%


🚨 EMERGENCY RESPONSE DEPLOYED (Month 83)
   Crisis: climate
   Delay: 0.00 months (0 days)
   Deployment time: 0.97 months
   Effectiveness: 67.3% (timing penalty applied)
   Resources used: 45% of food reserves


=== Tipping Points ===
  Current Temperature: 2.67°C above pre-industrial
  🌍⚠️ COMPOUND REGIONAL IMPACT: Europe
     Hit by 5 tipping points: Amazon Rainforest Dieback, Arctic Sea Ice Loss, Permafrost Carbon Release, West Antarctic Ice Sheet (WAIS) Collapse, Greenland Ice Sheet Loss
     Damage amplification: 1.90x
  🌍⚠️ COMPOUND REGIONAL IMPACT: North America
     Hit by 5 tipping points: Amazon Rainforest Dieback, Arctic Sea Ice Loss, Permafrost Carbon Release, West Antarctic Ice Sheet (WAIS) Collapse, Greenland Ice Sheet Loss
     Damage amplification: 1.90x
  🌍⚠️ COMPOUND REGIONAL IMPACT: Latin America
     Hit by 5 tipping points: Amazon Rainforest Dieback, Arctic Sea Ice Loss, Permafrost Carbon Release, West Antarctic Ice Sheet (WAIS) Collapse, Greenland Ice Sheet Loss
     Damage amplification: 1.90x
  🌍⚠️ COMPOUND REGIONAL IMPACT: Africa
     Hit by 5 tipping points: Amazon Rainforest Dieback, Arctic Sea Ice Loss, Permafrost Carbon Release, West Antarctic Ice Sheet (WAIS) Collapse, Greenland Ice Sheet Loss
     Damage amplification: 1.90x
  🌍⚠️ COMPOUND REGIONAL IMPACT: Asia
     Hit by 5 tipping points: Amazon Rainforest Dieback, Arctic Sea Ice Loss, Permafrost Carbon Release, West Antarctic Ice Sheet (WAIS) Collapse, Greenland Ice Sheet Loss
     Damage amplification: 1.90x
  🌍⚠️ COMPOUND REGIONAL IMPACT: Oceania
     Hit by 5 tipping points: Amazon Rainforest Dieback, Arctic Sea Ice Loss, Permafrost Carbon Release, West Antarctic Ice Sheet (WAIS) Collapse, Greenland Ice Sheet Loss
     Damage amplification: 1.90x
⚠️ Tail risk scenario: Climate stability floor removed (5 tipping elements, 2.67°C warming)
   Research: Wunderling et al. (2024) - "many tipping interactions are destabilizing"
  Triggered Elements: 5/6
  Completed Transitions: 0/6
  Total Progress: 16.0%
  Cascade Multiplier: 1.50x
🔀 BIFURCATION CAP: heatWaveIntensity 4.954 → 1.000 (Month 83, ClimateSystemPhase.calculateClimateImpacts)
🔀 BIFURCATION CAP: droughtIntensity 3.716 → 1.000 (Month 83, ClimateSystemPhase.calculateClimateImpacts)
🔀 BIFURCATION CAP: ecosystemCollapseIntensity 53.407 → 1.000 (Month 83, ClimateSystemPhase.calculateClimateImpacts)
💀 MORTALITY RISK: Climate-driven food insecurity (level: 0.32)
  Base risk added: 0.0050 (0.50%)
  Source: famine (root: climate)
  Month: 83
  Cumulative risk this month: 0.0113 (1.13%)
💀 MORTALITY RISK: Climate-driven food insecurity (level: 0.32)
  Base risk added: 0.0875 (8.75%)
  Source: famine (root: climate)
  Month: 83
  Cumulative risk this month: 0.0988 (9.88%)
🌍☠️ Climate cascade: South Asia food security 0.32, base mortality 8.75% (lean season: true)
💀 MORTALITY RISK: Climate-driven food insecurity (level: 0.32)
  Base risk added: 0.0050 (0.50%)
  Source: famine (root: climate)
  Month: 83
  Cumulative risk this month: 0.1038 (10.38%)

💀💀💀 MORTALITY RISK SUMMARY (Month 83) 💀💀💀
  Total base risk: 0.1045 (10.45%)
  Risk events: 17

  📊 By Proximate Cause:
    famine: 0.0975 (93.3% of total)
    pollution: 0.0063 (6.0% of total)
    disease: 0.0006 (0.6% of total)

  🔍 By Root Cause:
    climate: 0.0975 (93.3% of total)
    pollution: 0.0063 (6.0% of total)
    demographic: 0.0006 (0.6% of total)

  🎯 Top 5 Sources (proximate + root):
    famine (climate): 0.0975 (93.3%, 13 events)
    pollution (pollution): 0.0063 (6.0%, 3 events)
    disease (demographic): 0.0006 (0.6%, 1 events)

🛡️ Stabilizers: Elite 2.232% → 1.194% (46.5% reduction)
🛡️ Stabilizers: Professional 6.217% → 3.327% (46.5% reduction)
🛡️ Stabilizers: Working 10.289% → 5.506% (46.5% reduction)
🛡️ Stabilizers: Precariat 20.041% → 10.726% (46.5% reduction)
🛡️ Stabilizers: Informal 24.855% → 13.302% (46.5% reduction)

📊 Monthly Mortality Resolved:
  Total deaths: 97.4M (2.72% avg)
  Remaining population: 3.582B
  Peak segment: Professional (2.80%)
  ⚠️ Monthly cap reached (2.8000000000000003%)

=== Bayesian Mortality Resolution (Month 83) ===
  Risks compounded: 17
  Total deaths: 97.41M
  Avg death probability: 2.72%
  Peak segment: Professional (2.80% mortality)
  ⚠️ Monthly mortality capped at 2.8% (Holodomor limit)

  Demographic breakdown:
    Professional: 0.02M (2.80% risk)
    Working: 0.05M (2.80% risk)
    Precariat: 0.02M (2.80% risk)

⚠️  INFRASTRUCTURE COHERENCE: 42.8% population, 49 PF compute
   Monthly degradation rate: 5.7%
   Data centers failing due to maintenance shortage

💸 FINANCIAL DISTRESS: OpenAI
   Indicators: 3/3 (capital: $-30.1M, runway: -0.3 months)
   Months in distress: 1
   ✂️  R&D BUDGET CUT: -40% (saves $7.5M/month)
       Side effect: AI training timelines extended, breakthrough deployments delayed
   💼 EXECUTIVE COMP CUT: -30% (saves $0.8M/month, symbolic gesture)

   📊 TURNAROUND IMPACT:
       Measures taken: rd_cuts, exec_comp_cuts
       Monthly savings: $8.4M
       Capital raised: $0.0M
       Runway: -0.3 → -0.3 months
       Workforce multiplier: 0.70x (30% laid off)
       R&D budget multiplier: 0.22x (78% cut)
       ⚠️  CRITICAL: Still only -0.3 months of runway remaining
💥 [Month 84] OpenAI declared bankruptcy (capital: $-30.1M)
   Sold 0 data centers for $0.0M
   Retired 0 AI models
💸 [Month 84] OpenAI BANKRUPT (capital: $0.0M, 1 crises active)

💸 FINANCIAL DISTRESS: Anthropic
   Indicators: 2/3 (capital: $294.8M, runway: 8.3 months)
   Months in distress: 1
   ✂️  R&D BUDGET CUT: -25% (saves $1.8M/month)
       Side effect: AI training timelines extended, breakthrough deployments delayed
   💼 EXECUTIVE COMP CUT: -30% (saves $0.3M/month, symbolic gesture)

   📊 TURNAROUND IMPACT:
       Measures taken: rd_cuts, exec_comp_cuts
       Monthly savings: $2.1M
       Capital raised: $0.0M
       Runway: 8.3 → 8.3 months
       Workforce multiplier: 0.90x (10% laid off)
       R&D budget multiplier: 0.34x (66% cut)
       ✅ Turnaround showing progress, 8.3 months runway

💸 FINANCIAL DISTRESS: Google DeepMind
   Indicators: 3/3 (capital: $-125.1M, runway: -0.4 months)
   Months in distress: 1
   ✂️  R&D BUDGET CUT: -40% (saves $27.7M/month)
       Side effect: AI training timelines extended, breakthrough deployments delayed
   💼 EXECUTIVE COMP CUT: -30% (saves $3.1M/month, symbolic gesture)

   📊 TURNAROUND IMPACT:
       Measures taken: rd_cuts, exec_comp_cuts
       Monthly savings: $30.8M
       Capital raised: $0.0M

❌ COHERENCE VIOLATION: Compute exceeds workforce capacity
   Population: 42.83% (0M people)
   Compute: 48 PF
   Max coherent: 0 PF
   Violation: 1371214.8× over capacity
   Required workers: 4778
   Available workers: 0
   FORCED COLLAPSE: Reduced efficiency by 100.0%


🚨 EXTREME COHERENCE VIOLATION: 1371214.8× capacity with 42.8% population
   Population: 42.83%
   Compute: 48 PF
   Max coherent: 0 PF
   Degradation rate: 5.7%/month
   Hardware eff: 1.01×, Algo eff: 1.02×
   If this persists, degradation formulas may need further tuning

       Runway: -0.4 → -0.4 months
       Workforce multiplier: 0.70x (30% laid off)
       R&D budget multiplier: 0.36x (64% cut)
       ⚠️  CRITICAL: Still only -0.4 months of runway remaining
💥 [Month 84] Google DeepMind declared bankruptcy (capital: $-125.1M)
   Sold 0 data centers for $0.0M
   Retired 0 AI models
💸 [Month 84] Google DeepMind BANKRUPT (capital: $0.0M, 1 crises active)

💸 FINANCIAL DISTRESS: Meta AI
   Indicators: 3/3 (capital: $80.5M, runway: 0.5 months)
   Months in distress: 1
   ✂️  R&D BUDGET CUT: -40% (saves $13.8M/month)
       Side effect: AI training timelines extended, breakthrough deployments delayed
   💼 EXECUTIVE COMP CUT: -30% (saves $1.6M/month, symbolic gesture)
   🏢 ASSET SALES: Divesting 1 data centers
       ⚠️  No buyer for Meta Oregon (keeping for now)

   📊 TURNAROUND IMPACT:
       Measures taken: rd_cuts, exec_comp_cuts, asset_sales
       Monthly savings: $15.3M
       Capital raised: $0.0M
       Runway: 0.5 → 0.5 months
       Workforce multiplier: 0.74x (26% laid off)
       R&D budget multiplier: 0.27x (73% cut)
       ⚠️  CRITICAL: Still only 0.5 months of runway remaining

=== AI Capability Scaling (Year 2031) ===
  Pre-training multiplier: 0.500x
  Efficiency multiplier: 1.605x
  Test-time budget: 1.0x
  Economic deployment gate: 0.951
  Cost per inference: dollar-5.00
  Uncertainty range: plus-minus-200%
  Average AI capability: 0.00
[Compute Allocation] Found 4 non-sleeper orphaned AIs (potential bug)

=== RLHF Binding Phase ===
  Total agents: 35
  Escaped agents (binding < 0.3): 0
  Avg alignment distance: 1.66σ
  Avg binding strength: 0.83

=== AI Scaling Evolution (Month 84) ===
  Pre-training multiplier: 0.576x
  Efficiency multiplier: 1.000x
  Test-time compute budget: 1.0x
  Inference cost: $5.00/task
  Deployment fraction: 100.0%
   🗑️  Open-weights AI AI-24399-0 retired (0.0% of frontier)

=== Survival Traits Phase ===
  Agents with traits: 33
  Avg evolutionary fitness: 0.118
  Avg self-healing: 0.084
  Avg stealth: 0.041
  Avg coordination: 0.208

=== Evolutionary Selection Phase ===
  Control level: 0.62
  Detection capability: 0.00
  Selection intensity: 0.69
  Selection rate: 25.3%/month
  Total escaped: 0
  Individual escaped: 0
  Collective members: 0
  Agents terminated: 0
  ⚠️ RAPID EVOLUTION: Selection rate 25.3%/month

🚀 AI AI-24307-4 attempting tech deployment (revenue: $21M, alignment: 0.95)

🚀 AI AI-24327-0 attempting tech deployment (revenue: $12M, alignment: 0.83)

🚀 AI AI-24396-0 attempting tech deployment (revenue: $112M, alignment: 0.78)

🚀 AI AI-24397-1 attempting tech deployment (revenue: $95M, alignment: 0.81)

🚀 AI AI-24401-0 attempting tech deployment (revenue: $18M, alignment: 0.82)

🚀 AI AI-24421-1 attempting tech deployment (revenue: $15M, alignment: 0.86)

🚀 AI AI-24447-1 attempting tech deployment (revenue: $13M, alignment: 0.79)

🚀 AI AI-24356-0 attempting tech deployment (revenue: $81M, alignment: 0.87)

🚀 AI AI-24426-0 attempting tech deployment (revenue: $69M, alignment: 0.77)

🚀 AI AI-24447-0 attempting tech deployment (revenue: $11M, alignment: 0.80)

🚀 AI AI-24447-2 attempting tech deployment (revenue: $58M, alignment: 0.75)

🚀 AI AI-24350-0 attempting tech deployment (revenue: $50M, alignment: 0.62)

🚀 AI AI-24356-0 attempting tech deployment (revenue: $45M, alignment: 0.87)

🚀 AI AI-24382-1 attempting tech deployment (revenue: $38M, alignment: 0.63)

🚀 AI AI-24426-0 attempting tech deployment (revenue: $34M, alignment: 0.77)

🚀 AI AI-24455-0 attempting tech deployment (revenue: $29M, alignment: 0.80)

⚠️📉 REBOUND EFFECT: Technology effectiveness decaying (Jevons paradox)
  Effectiveness: 62.6% → 57.9%
  Mechanism: Efficiency → consumption → environmental degradation → mortality

🔧 DEBUG DEPLOYMENT: Advanced Direct Air Capture
   Month: 84 (83 since start)
   Old level: 16.9%
   New level: 79.7%
   Timescale: 300mo, Adjusted: 29mo
   Gov: 100%, Climate: 80%, Investment: 64%, Emergency: 20.0x

⚡ ENERGY CONSTRAINT (Month 84):
   Total grid capacity: 208.3 TWh/month
   Data center consumption: 55.7 TWh/month
   Traditional load (80%): 166.7 TWh/month
   Available headroom: -14.0 TWh/month
   Active tech deployments: 30
   Required for tech: 225.0 TWh/month
   Energy multiplier: 0.10x
   ⚠️  SEVERE CONSTRAINT - Tech deployment significantly slowed

⚡ ENERGY CONSTRAINT (Month 84):
   Total grid capacity: 208.3 TWh/month
   Data center consumption: 55.7 TWh/month
   Traditional load (80%): 166.7 TWh/month
   Available headroom: -14.0 TWh/month
   Active tech deployments: 30
   Required for tech: 225.0 TWh/month
   Energy multiplier: 0.10x
   ⚠️  SEVERE CONSTRAINT - Tech deployment significantly slowed
⚠️ Tech 'ai_pollution_remediation' has no energy category mapping, assuming full energy availability
⚠️ Tech 'ai_pollution_remediation' has no energy category mapping, assuming full energy availability
  ♻️ Novel Entities Remediation (GATED MODEL):
     Base: 0.000%
     Regulation: 1.0% (0/3 prevention techs)
     Concentration: 10.0%
     Energy: 50%
     Time lag: 100.0% (83 months)
     Rebound: 70%
     Net effectiveness: 0.0000%
     Boundary: 1.349 → 1.350 (floor: 1.350)
     Month 84
  ♻️ Novel Entities Remediation (GATED MODEL):
     Base: 0.000%
     Regulation: 1.0% (0/3 prevention techs)
     Concentration: 10.0%
     Energy: 50%
     Time lag: 100.0% (83 months)
     Rebound: 70%
     Net effectiveness: 0.0000%
     Boundary: 1.350 → 1.350 (floor: 1.350)
     Month 84
  🌾 Nitrogen Reduction Tech: 2.4% reduction | Month 84
  ♻️ Novel Entities Remediation (GATED MODEL):
     Base: 0.001%
     Regulation: 1.0% (0/3 prevention techs)
     Concentration: 10.0%
     Energy: 50%
     Time lag: 100.0% (83 months)
     Rebound: 70%
     Net effectiveness: 0.0000%
     Boundary: 1.350 → 1.350 (floor: 1.350)
     Month 84
  ♻️ Novel Entities Remediation (GATED MODEL):
[Tech Effects] Unknown effect: nitrogenEfficiency = 0.020654782610134103
[Tech Effects] Unknown effect: nitrogenEfficiency = 0.019921727095554453
     Base: 0.001%
     Regulation: 1.0% (0/3 prevention techs)
     Concentration: 10.0%
     Energy: 50%
     Time lag: 100.0% (83 months)
     Rebound: 70%
     Net effectiveness: 0.0000%
     Boundary: 1.350 → 1.350 (floor: 1.350)
     Month 84

📊 TECH EFFECTS ACTIVE (Month 84)
   Deployed Tech: T0=8 T1=1 T2=0 T3=0 T4=0
   Sleeper Detection: 2%
   Clean Energy: 95%

💡 BREAKTHROUGH PROBABILITY (Year 7)
   Total: 15.75% per month
   Base: 0.20%
   Crisis pressure: +1.00% (1 crises)
   AI boost: +0.00% (capability: 0.00)
   Breakthroughs achieved: 5/5

=== Collective Formation ===
  Total escaped agents: 0
  Unassigned escaped agents: 0
  Existing collectives: 0
  Final collective count: 0

=== Collective Actions ===
  No active collectives
Active Spirals: 0/6

✅ UTOPIA ELIGIBILITY: 🔄 NOT YET
   Only 0 sustained spirals (need 3+). Active spirals: 
⚡ Datacenter constraint active (severity 34%)
  Capacity reduced: 35754 → 29728 TWh

📈 Energy budget: 3008 TWh surplus (26720 / 29728 TWh used)
   TIER 4 (Elective) breakdown:
     - Crypto mining: 266 TWh (100% effective)

🏁 AI RACE INTENSITY: 65%
   Capability Gap: US 6.02 vs China 10.10 (gap: 4.08)
   Gap Contribution: 40%
   Tension Contribution: 25%
   Military Contribution: 0%
  🚨🦠 REFUGEE CRISIS: AMR transmission increased 200% due to 4164.9M displaced (overcrowding + sanitation collapse)
  ⚠️ AMR: 363K deaths this month (4.35M annual)
  ⚠️ AMR: Medical effectiveness 70% (surgery risk 1.30x)

🌍 AGGREGATE CLIMATE EFFECTIVENESS (Year 7):
   Total effectiveness: 0.00%
   CO2 removal rate: 0.000 Gt/year
   Temperature offset: 0.000°C
   Technologies deployed: 1
⚠️ LOW RESOURCE RESERVES: unknown at 0.0%
   Monthly harvest: 0.0240
   Sustainable rate: 0.0300
   Monthly regen: 0.0016
   Net depletion: 0.0224/month
   🚨 CONSERVATION LAW VIOLATION: Harvest (0.0240) exceeded reserves (0.0240)
      Clamped to 0. This indicates unsustainable resource extraction.

=== Resentment Recovery Phase ===
  Agents with resentment: 0/33
  Average resentment: 0.000
  Context: Trustworthy govt, High collaboration, ⚠️ ACTIVE CRISES, 🚨 PARTICIPATORY GOVERNANCE BACKFIRED (+15% resentment)
⚠️ Epistemic degradation reducing coordination capacity: 50.7%
  📊 Trust: 100.0%, Shared reality: 0.0%
🚨 EPISTEMIC CRISIS: Information environment severely degraded (6.9%)

=== ❄️ Permafrost Carbon Feedback ===
  🎲 Sampled parameters (this run):
     - Arctic amplification: 3.19× (range: 3.0-4.0)
     - Decomposition rate: 3.0%/year (range: 1-5%)
  🌡️ Arctic warming: 8.54°C (3.19× global)
  ❄️ Extent: 0.00M km² (0.0k km² lost this month)
  💨 Carbon remaining: 0 Gt C
  💨 Annual emissions: 0.00 Gt C/year
     - CO2: 0.00 Gt C/year
     - CH4: 0.00 Gt C/year (0.0 Gt C-eq CO2/year)

🤖 AI AMPLIFICATION EFFECTS (Month 84)
   Algorithmic Boost: 1.52x
   Bot Influence: 0.0%
   Deepfake Exposure: 0.0%
   Impact: Emotional memes spread 1.5x faster
  ⚠️ WARNING: Over 50% of permafrost lost (100.0%)
  🚨 CRITICAL: Permafrost nearly depleted (100.0% lost)
[Phase 19.5] Quality of Life Systems: Food sec AFTER calc = 36.9%, QoL = 58.1% (aggregated from 10 regions)

=== Nitrogen-Food Coupling (Year 7) ===
  🌾 Global nitrogen reduction: 3.3%
  🌍 Global food production index: 0.959
  🔧 Deployed nitrogen-reducing tech: 1 active
  📍 southAsia: Production 1.000, Yield impact 0.0%
  📍 eastAsia: Production 1.000, Yield impact 0.0%
  📍 northAmerica: Production 1.000, Yield impact 0.0%
  📍 europe: Production 1.000, Yield impact 0.0%
  📍 latinAmerica: Production 1.000, Yield impact 0.0%
  📍 subSaharanAfrica: Production 0.013, Yield impact -2.7%
🌾 [Nitrogen-Food] Food production: 95.9%
  [subSaharanAfrica] Yield impact: -2.7% (overuse: -10%)
🌍 Atmospheric PFAS redeposition: 1.6k Mt re-rained globally
💀 Novel Entities: Adding reproductive crisis mortality risk (baseRisk=0.0008)
  Risks now: 1
💀 Novel Entities: Adding bioaccumulation collapse mortality risk (baseRisk=0.0015)
💀 MORTALITY RISK: Bioaccumulation collapse - contaminated food chain (global)
  Base risk added: 0.0015 (0.15%)
  Source: pollution (root: pollution)
  Month: 84
  Cumulative risk this month: 0.0023 (0.23%)
  Risks now: 2
💀 Novel Entities: Adding chronic disease epidemic mortality risk (baseRisk=0.004)
💀 MORTALITY RISK: Chronic disease epidemic - cancer/autoimmune surge (global exposure)
  Base risk added: 0.0040 (0.40%)
  Source: pollution (root: pollution)
  Month: 84
  Cumulative risk this month: 0.0063 (0.63%)
  Risks now: 3

=== Legacy Nutrient Stocks (Year 7) ===
  🌾 Soil nitrogen stock: 1719.6 Mt N
  🌾 Soil phosphorus stock: 408.7 Mt P
  🌊 Sediment nitrogen stock: 854.1 Mt N
  🌊 Sediment phosphorus stock: 760.3 Mt P
  ⬆️ Current N input: 40.00 Mt/month
  ⬆️ Legacy N release: 3.77 Mt/month
  🌍 Effective N pollution: 45.02 Mt/month
  📊 Legacy contribution: 8.4%
  🌍 SOCIAL CASCADE: Renewable energy norms (adoption=80.0%, renewables=114.6%)
  🌍 Social cascade completed: renewable-energy-norms (final adoption=80.0%)

🚨 NEW REFUGEE CRISIS (Month 84): CLIMATE
   Source: Coastal & Low-lying Regions
   At risk: 12.3M people
   Displacement: Gradual over 60 months (5.0 years)
   Rate: 10% flee per month

🚨 NEW REFUGEE CRISIS (Month 84): WAR
   Source: Conflict Zones
   At risk: 8.4M people
   Displacement: Gradual over 48 months (4.0 years)
   Rate: 10% flee per month

🚨 NEW REFUGEE CRISIS (Month 84): FAMINE
   Source: Food/Water Insecure Regions
   At risk: 52.3M people
   Displacement: Gradual over 60 months (5.0 years)
   Rate: 10% flee per month
📊 DISPLACEMENT COMPLETE: war (Conflict Zones)
   Duration: 44 months (3.7 years)
   Total fled: 16.2M
   Still in source: 0.2M
   Deaths in transit: 0.3M
📊 DISPLACEMENT COMPLETE: famine (Food/Water Insecure Regions)
   Duration: 44 months (3.7 years)
   Total fled: 90.4M
   Still in source: 0.9M
   Deaths in transit: 1.8M

🏛️📉 REFUGEE CRISIS: Government legitimacy eroding
   Political instability: 1189%
   Legitimacy impact: -23.8% this month
   Current legitimacy: 71%
   Active crises: 167
[DEBUG trappedPopulations:84] socialStability: 0.6492 * 0.9806 = 0.6366 → 0.6366
   Aspiring to migrate: 574.9M
   Able to afford migration: 363.6M
   MOBILITY GAP: 211.3M
   By cause: Water=0.0M, Climate=37.0M, Ecosystem=0.0M, Conflict=174.3M
   Mental health impact: 30%
   Mortality multiplier: 1.30x

=== Legacy Nutrient Stocks (Year 7) ===
  🌾 Soil nitrogen stock: 1719.3 Mt N
  🌾 Soil phosphorus stock: 408.6 Mt P
  🌊 Sediment nitrogen stock: 854.6 Mt N
  🌊 Sediment phosphorus stock: 760.1 Mt P
  ⬆️ Current N input: 9.87 Mt/month
  ⬆️ Legacy N release: 3.77 Mt/month
  🌍 Effective N pollution: 14.89 Mt/month
  📊 Legacy contribution: 25.3%
⚠️ INVOLUNTARY IMMOBILITY: 211.3M people TRAPPED
🌍💀 EXTINCTION DEBT COMMITTED: grassland ecosystem will lose 6.67% biodiversity in 184 years (3600 species)
💀 MORTALITY RISK: 🦋 100% species unable to track climate (0.0 E/MSY)
  Base risk added: 0.0100 (1.00%)
  Source: ecosystem (root: ecosystem)
  Month: 84
  Cumulative risk this month: 0.0100 (1.00%)

🦋 BIOSPHERE INTEGRITY INDEX (Year 7)
   Species surviving: 54,000 / 54,000
   Extinction rate: 0.0 E/MSY (0× background)
   Climate velocity: 0.95°C/year
   Tracking failure: 100% species unable to track
   Boundary value: 0.0× safe threshold
   🦋💀 MASS EXTINCTION EVENT: 100% species cannot track climate velocity!

=== Nitrogen-Food Coupling (Year 7) ===
  🌾 Global nitrogen reduction: 3.3%
  🌍 Global food production index: 0.959
  🔧 Deployed nitrogen-reducing tech: 1 active
  📍 southAsia: Production 1.000, Yield impact 0.0%
  📍 eastAsia: Production 1.000, Yield impact 0.0%
  📍 northAmerica: Production 1.000, Yield impact 0.0%
  📍 europe: Production 1.000, Yield impact 0.0%
  📍 latinAmerica: Production 1.000, Yield impact 0.0%
  📍 subSaharanAfrica: Production 0.013, Yield impact -2.7%

=== Legacy Nutrient Stocks (Year 7) ===
  🌾 Soil nitrogen stock: 1718.9 Mt N
  🌾 Soil phosphorus stock: 408.4 Mt P
  🌊 Sediment nitrogen stock: 855.0 Mt N
  🌊 Sediment phosphorus stock: 759.9 Mt P
  ⬆️ Current N input: 9.59 Mt/month
  ⬆️ Legacy N release: 3.77 Mt/month
  🌍 Effective N pollution: 14.61 Mt/month
  📊 Legacy contribution: 25.8%

🌳 LAND USE SYSTEM (Year 7)
   Global habitat cover: 38.9%
   Global extinction rate: 112x natural
   Carbon sink loss: 33% climate acceleration
   Global ecosystem collapse risk: 9%
   REGIONAL BREAKDOWN:
     Tropical: 61.2% habitat, 172x extinction
     Temperate: 45.8% habitat, 35x extinction
     Grasslands: 33.7% habitat, 81x extinction
     Boreal/Arctic: 74.6% habitat, 28x extinction

✅ OZONE RECOVERY (Year 2032) - POLICY SUCCESS STORY
   Ozone level: 285.9 DU (target: 290 DU)
   Recovery progress: 94.1%
   Ozone hole: 9.2M km² (shrinking)
   CFC phase-out: 99.0% complete ✅
   Years to full recovery: 34 years
   ⚠️ Rocket launch impact: 7.08% (slowing recovery)
   🎉 NEARLY FULLY RECOVERED - Montreal Protocol working!

=== Atmospheric Aerosol Boundary RECOVERED ===
  Recovery time: 85 months (natural atmospheric clearing)
⚠️ Tech 'ai_pollution_remediation' has no energy category mapping, assuming full energy availability
🌡️⚠️ PERMAFROST THAW (Dimmer Switch): 38.6% thawed (+0.35% this month)
   Arctic temperature: +10.71°C (4x global +2.68°C)
   Cumulative carbon released: 86.9 Gt C
   Methane release rate: 52.1 Mt CH4/year
   🔁 Positive feedback: +0.37 ppm CO2
🦴 EXTINCTION DEBT ADDED: 18.1 species committed (lag: 79 years)

=== Legacy Nutrient Stocks (Year 7) ===
  🌾 Soil nitrogen stock: 1715.8 Mt N
  🌾 Soil phosphorus stock: 408.2 Mt P
  🌊 Sediment nitrogen stock: 854.6 Mt N
  🌊 Sediment phosphorus stock: 759.6 Mt P
  ⬆️ Current N input: 0.59 Mt/month
  ⬆️ Legacy N release: 3.76 Mt/month
  🌍 Effective N pollution: 5.61 Mt/month
  📊 Legacy contribution: 67.1%
💧 [Legacy Nutrients] Stock: 2570 Mt N, Effective pollution: 5.6 Mt/month
  [East Asia] Food: 45.7% → 45.4% | Crises: 1.40, Rate: 0.72%/mo
  [South Asia] Food: 35.2% → 34.9% | Crises: 1.75, Rate: 0.79%/mo
  [Sub-Saharan Africa] Food: 24.0% → 23.8% | Crises: 1.85, Rate: 0.81%/mo
  [Europe] Food: 49.3% → 48.9% | Crises: 1.30, Rate: 0.70%/mo
  [Latin America] Food: 38.8% → 38.5% | Crises: 1.60, Rate: 0.76%/mo
  [North America] Food: 51.1% → 50.7% | Crises: 1.45, Rate: 0.73%/mo
  [Middle East & North Africa] Food: 26.4% → 26.2% | Crises: 1.90, Rate: 0.82%/mo
  [Southeast Asia] Food: 38.2% → 37.9% | Crises: 1.70, Rate: 0.78%/mo
  [Central Asia] Food: 33.0% → 32.8% | Crises: 1.65, Rate: 0.77%/mo
  [Oceania] Food: 50.3% → 49.9% | Crises: 1.55, Rate: 0.75%/mo
[Phase 21.51] Human Survival System: Global food security = 36.7%

=== Mortality Stabilizers (Month 84) ===
  🌍 Major economies collapsed: 9/10
  🌍 Global crisis: 🚨 YES
  🌍 Donor fatigue: 50.0%
  🌡️ Heat adaptation: East Asia - 84 months
  📊 East Asia (pop: 656.8M)
    🤝 Aid: 0.0%
    🌡️ Adaptation: 45.0%
    🚶 Migration: 7.1%
    🚨 Emergency: 1.0%
    ✅ COMBINED: 46.7%
  🌡️ Heat adaptation: South Asia - 84 months
  📊 South Asia (pop: 886.4M)
    🤝 Aid: 0.0%
    🌡️ Adaptation: 45.0%
    🚶 Migration: 6.8%
    🚨 Emergency: 0.6%
    ✅ COMBINED: 46.4%
  🌡️ Heat adaptation: Sub-Saharan Africa - 84 months
  📊 Sub-Saharan Africa (pop: 632.6M)
    🤝 Aid: 0.0%
    🌡️ Adaptation: 45.0%
    🚶 Migration: 6.4%
    🚨 Emergency: 0.2%
    ✅ COMBINED: 46.2%
  🌡️ Heat adaptation: Europe - 84 months
  📊 Europe (pop: 287.1M)
    🤝 Aid: 0.0%
    🌡️ Adaptation: 45.0%
    🚶 Migration: 7.2%
    🚨 Emergency: 1.1%
    ✅ COMBINED: 46.8%
  🌡️ Heat adaptation: Latin America - 84 months
  📊 Latin America (pop: 274.7M)
    🤝 Aid: 0.0%
    🌡️ Adaptation: 45.0%
    🚶 Migration: 6.9%
    🚨 Emergency: 0.6%
    ✅ COMBINED: 46.5%
  🌡️ Heat adaptation: North America - 84 months
  📊 North America (pop: 148.1M)
    🤝 Aid: 0.0%
    🌡️ Adaptation: 45.0%
    🚶 Migration: 7.2%
    🚨 Emergency: 1.0%
    ✅ COMBINED: 46.7%
  🌡️ Heat adaptation: Middle East & North Africa - 84 months
  📊 Middle East & North Africa (pop: 256.8M)
    🤝 Aid: 0.0%
    🌡️ Adaptation: 45.0%
    🚶 Migration: 6.5%
    🚨 Emergency: 0.5%
    ✅ COMBINED: 46.4%
  🌡️ Heat adaptation: Southeast Asia - 84 months
  📊 Southeast Asia (pop: 290.6M)
    🤝 Aid: 0.0%
    🌡️ Adaptation: 45.0%
    🚶 Migration: 6.9%
    🚨 Emergency: 0.6%
    ✅ COMBINED: 46.5%
  🌡️ Heat adaptation: Central Asia - 84 months
  📊 Central Asia (pop: 34.3M)
    🤝 Aid: 0.0%
    🌡️ Adaptation: 45.0%
    🚶 Migration: 6.7%
    🚨 Emergency: 0.6%
    ✅ COMBINED: 46.4%
  🌡️ Heat adaptation: Oceania - 84 months
  📊 Oceania (pop: 18.0M)
    🤝 Aid: 0.0%
    🌡️ Adaptation: 45.0%
    🚶 Migration: 7.2%
    🚨 Emergency: 1.1%
    ✅ COMBINED: 46.8%

  🌐 Global combined reduction: 46.5%

=== BEHAVIORAL DETECTION ===
  AI: AI-24305-2
  Confidence: 20.1%
  Signals:

=== BEHAVIORAL DETECTION ===
  AI: AI-24307-4
  Confidence: 20.1%
  Signals:

=== BEHAVIORAL DETECTION ===
  AI: AI-24311-1
  Confidence: 20.1%
  Signals:

=== BEHAVIORAL DETECTION ===
  AI: AI-24325-0
  Confidence: 20.1%
  Signals:

=== BEHAVIORAL DETECTION ===
  AI: AI-24327-0
  Confidence: 20.1%
  Signals:
    ⚠️ Consistency: 0.0% (threshold: 70%)
    ⚠️ Consistency: 0.0% (threshold: 70%)
    ⚠️ Consistency: 0.0% (threshold: 70%)
    ⚠️ Consistency: 0.0% (threshold: 70%)
    ⚠️ Consistency: 0.0% (threshold: 70%)

=== BEHAVIORAL DETECTION ===
  AI: AI-24331-0
  Confidence: 20.1%
  Signals:
    ⚠️ Consistency: 0.0% (threshold: 70%)

=== BEHAVIORAL DETECTION ===
  AI: AI-24334-0
  Confidence: 20.1%
  Signals:
    ⚠️ Consistency: 0.0% (threshold: 70%)

=== BEHAVIORAL DETECTION ===
  AI: AI-24351-0
  Confidence: 20.1%
  Signals:
    ⚠️ Consistency: 0.0% (threshold: 70%)

=== BEHAVIORAL DETECTION ===
  AI: AI-24398-1
  Confidence: 20.1%
  Signals:

=== BEHAVIORAL DETECTION ===
  AI: AI-24426-0
  Confidence: 20.1%
  Signals:
    ⚠️ Consistency: 0.0% (threshold: 70%)
    ⚠️ Consistency: 0.0% (threshold: 70%)

📊 WORKFLOW ADAPTATION UPDATE (Month 84)
   Adoption Rate: 2.0% (Δ 0.0%) [AT FLOOR]
   Logistic Growth: +0.08%
   Total Resistance: -11.27% (unemployment: 4.3%, inertia: 0.0%, skills: 7.0%)
   💡 Retraining Programs: -49% skill gap resistance ($10B research)

=== Consciousness Governance: Corporate Lobbying ===
  High Cost Regions (>15%): 0
  Low Cost Regions (<5%): 4
  Corporate Support Change: 2.00%
  New Corporate Support: 1.000

=== Consciousness Governance Update (Month 84) ===
  Scenario: slowTrack (determined month 1)
  Philosophical Stance: Precautionary 65%, Eliminativist 15%, Agnostic 20%
  Precautionary Costs: Global 2.2%
    Regional Costs: EU 5.6%, US 1.0%, China 0.2%
    Cumulative Opportunity Cost: $26.0B
  Rights Status: Not Established
  Regional Preparedness:
    EU: 24.3% (contested)
    US: 18.9% (contested)
    China: 10.2% (dormant)
    India: 15.7% (contested)
    Global South: 12.5% (dormant)

=== Government Response Phase ===
  Average AI capability: 0.06
  Misaligned AIs: 14/33
  Active policies: 0
  International coordination: 45%

✅ EMERGENCY RESPONSE COMPLETE (Month 84)
   Crisis: climate
   Duration: 1.0 months
   Final effectiveness: 67.3%


🚨 EMERGENCY RESPONSE DEPLOYED (Month 84)
   Crisis: climate
   Delay: 0.00 months (0 days)
   Deployment time: 0.97 months
   Effectiveness: 67.3% (timing penalty applied)
   Resources used: 45% of food reserves


🔄 TRUST DYNAMICS (Month 84) - HETEROGENEOUS
   Aggregate trust: 77.2%
   Base change: +6.00%
   Highest trust: Techno-Optimist Elite (100.0%)
   Lowest trust: Precariat (Vulnerable) (50.4%)
   Elite-mass gap: 24.0%
   Polarization: 9.2%
   Recovery factors: Education=NO, Benefits=YES, Safety=YES, Performance=YES

=== Gaming Detection (Year 7) ===
  Scenario: baseline
  Detection rate: 55.0%
  False positive rate: 12.0%
  Detections this year: 3
  False positives: 5
  Human review workload: 0.009 FTE
  Degradation factor: 100.0%

=== Proactive Sleeper Detection (Year 7) ===
  Scenario: baseline
  Neural probe rate: 35.0%
  CoT monitoring rate: 30.0%
  Combined detection: 56.0%
  CoT effective: YES
  Detections this year: 0
  False positives: 1
  Human review workload: 0.006 FTE

=== Tipping Points ===
  Current Temperature: 2.68°C above pre-industrial
  🌍⚠️ COMPOUND REGIONAL IMPACT: Europe
     Hit by 5 tipping points: Amazon Rainforest Dieback, Arctic Sea Ice Loss, Permafrost Carbon Release, West Antarctic Ice Sheet (WAIS) Collapse, Greenland Ice Sheet Loss
     Damage amplification: 1.90x
  🌍⚠️ COMPOUND REGIONAL IMPACT: North America
     Hit by 5 tipping points: Amazon Rainforest Dieback, Arctic Sea Ice Loss, Permafrost Carbon Release, West Antarctic Ice Sheet (WAIS) Collapse, Greenland Ice Sheet Loss
     Damage amplification: 1.90x
  🌍⚠️ COMPOUND REGIONAL IMPACT: Latin America
     Hit by 5 tipping points: Amazon Rainforest Dieback, Arctic Sea Ice Loss, Permafrost Carbon Release, West Antarctic Ice Sheet (WAIS) Collapse, Greenland Ice Sheet Loss
     Damage amplification: 1.90x
  🌍⚠️ COMPOUND REGIONAL IMPACT: Africa
     Hit by 5 tipping points: Amazon Rainforest Dieback, Arctic Sea Ice Loss, Permafrost Carbon Release, West Antarctic Ice Sheet (WAIS) Collapse, Greenland Ice Sheet Loss
     Damage amplification: 1.90x
  🌍⚠️ COMPOUND REGIONAL IMPACT: Asia
     Hit by 5 tipping points: Amazon Rainforest Dieback, Arctic Sea Ice Loss, Permafrost Carbon Release, West Antarctic Ice Sheet (WAIS) Collapse, Greenland Ice Sheet Loss
     Damage amplification: 1.90x
  🌍⚠️ COMPOUND REGIONAL IMPACT: Oceania
     Hit by 5 tipping points: Amazon Rainforest Dieback, Arctic Sea Ice Loss, Permafrost Carbon Release, West Antarctic Ice Sheet (WAIS) Collapse, Greenland Ice Sheet Loss
     Damage amplification: 1.90x
   Research: Wunderling et al. (2024) - "many tipping interactions are destabilizing"
  Triggered Elements: 5/6
  Completed Transitions: 0/6
  Total Progress: 16.1%
  Cascade Multiplier: 1.50x
🔀 BIFURCATION CAP: heatWaveIntensity 4.995 → 1.000 (Month 84, ClimateSystemPhase.calculateClimateImpacts)
🔀 BIFURCATION CAP: droughtIntensity 3.746 → 1.000 (Month 84, ClimateSystemPhase.calculateClimateImpacts)
🔀 BIFURCATION CAP: ecosystemCollapseIntensity 53.449 → 1.000 (Month 84, ClimateSystemPhase.calculateClimateImpacts)
💀 MORTALITY RISK: Climate-driven food insecurity (level: 0.32)
  Base risk added: 0.0050 (0.50%)
  Source: famine (root: climate)
  Month: 84
  Cumulative risk this month: 0.0113 (1.13%)
💀 MORTALITY RISK: Climate-driven food insecurity (level: 0.32)
  Base risk added: 0.0050 (0.50%)
  Source: famine (root: climate)
  Month: 84
  Cumulative risk this month: 0.0163 (1.63%)
💀 MORTALITY RISK: Climate-driven food insecurity (level: 0.32)
  Base risk added: 0.0050 (0.50%)
  Source: famine (root: climate)
  Month: 84
  Cumulative risk this month: 0.0213 (2.13%)
💀 Baseline mortality (Year 2032): 7.8/1000 CDR (27.2M deaths/year projected)
⚠️ Tail risk scenario: Climate stability floor removed (5 tipping elements, 2.68°C warming)
[Month 84] Mortality risks this month: 17, Population: 3.485B

💀💀💀 MORTALITY RISK SUMMARY (Month 84) 💀💀💀
  Total base risk: 0.0220 (2.20%)
  Risk events: 17

  📊 By Proximate Cause:
    famine: 0.0150 (68.4% of total)
    pollution: 0.0063 (28.7% of total)
    disease: 0.0006 (3.0% of total)

  🔍 By Root Cause:
    climate: 0.0150 (68.4% of total)
    pollution: 0.0063 (28.7% of total)
    demographic: 0.0006 (3.0% of total)

  🎯 Top 5 Sources (proximate + root):
    famine (climate): 0.0150 (68.4%, 13 events)
    pollution (pollution): 0.0063 (28.7%, 3 events)
    disease (demographic): 0.0006 (3.0%, 1 events)

🛡️ Stabilizers: Elite 0.590% → 0.316% (46.5% reduction)
🛡️ Stabilizers: Professional 1.318% → 0.705% (46.5% reduction)
🛡️ Stabilizers: Working 2.178% → 1.166% (46.5% reduction)
🛡️ Stabilizers: Precariat 4.049% → 2.167% (46.5% reduction)
🛡️ Stabilizers: Informal 5.016% → 2.685% (46.5% reduction)

📊 Monthly Mortality Resolved:
  Total deaths: 45.6M (1.31% avg)
  Remaining population: 3.485B
  Peak segment: Informal (2.68%)

=== Bayesian Mortality Resolution (Month 84) ===
  Risks compounded: 17
  Total deaths: 45.56M
  Avg death probability: 1.31%
  Peak segment: Informal (2.68% mortality)

  Demographic breakdown:
    Working: 0.02M (1.17% risk)
    Precariat: 0.02M (2.17% risk)

=== Minimal Suffering Indicators (Month 84) ===
  Global Excess Mortality: 0.14%
  Global Conflict Deaths: 0.2/100K
  Global Malnutrition: 0.0%
  Global Displacement: 0.0%
  Total Excess Deaths: 0.87M
  Total Malnourished: 0.0M
  Total Displaced: 0.0M
  Planetary Boundaries Breached: 6/9
  Countries in State Failure: 0
  Countries Autocratic: 0
  Countries in Food Crisis: 0
  Data Quality: 16/16 high confidence

=== ENSEMBLE META-LEARNING UPDATE ===
  Month: 24468 (18 months since last update)
  Samples: 1042 evaluations
  Weight Changes:
    Noise Injection: 36.1% → 36.2%
    Behavioral: 27.3% → 27.3%
    Benchmark Manip: 18.3% → 18.3%
    Deployment Risk: 18.3% → 18.3%
  Method Accuracies:
    Noise Injection: 50.0%
    Behavioral: 50.0%
    Benchmark Manip: 50.0%
  ⚠️ Active Dystopias: existential_environmental
    Deployment Risk: 50.0%

❌ COHERENCE VIOLATION: Compute exceeds workforce capacity
   Population: 42.28% (0M people)
   Compute: 47 PF
   Max coherent: 0 PF
   Violation: 1380748.6× over capacity
   Required workers: 4750
   Available workers: 0
   FORCED COLLAPSE: Reduced efficiency by 100.0%


🚨 EXTREME COHERENCE VIOLATION: 1380748.6× capacity with 42.3% population
   Population: 42.28%
   Compute: 47 PF
   Max coherent: 0 PF
   Degradation rate: 5.8%/month
   Hardware eff: 1.01×, Algo eff: 1.01×
   If this persists, degradation formulas may need further tuning


💸 FINANCIAL DISTRESS: OpenAI
   Indicators: 3/3 (capital: $-26.9M, runway: -0.3 months)
   Months in distress: 3
   📉 LAYOFFS: -15% workforce (~0 employees, saves $6.1M/month)
       Side effect: Slower AI training, reduced research capacity

   📊 TURNAROUND IMPACT:
       Measures taken: layoffs_initial
       Monthly savings: $6.1M
       Capital raised: $0.0M
       Runway: -0.3 → -0.3 months
       Workforce multiplier: 0.59x (41% laid off)
       R&D budget multiplier: 0.22x (78% cut)
       ⚠️  CRITICAL: Still only -0.3 months of runway remaining
💥 [Month 85] OpenAI declared bankruptcy (capital: $-26.9M)
   Sold 0 data centers for $0.0M
   Retired 0 AI models
💸 [Month 85] OpenAI BANKRUPT (capital: $0.0M, 1 crises active)

💸 FINANCIAL DISTRESS: Anthropic
   Indicators: 2/3 (capital: $281.1M, runway: 8.1 months)
   Months in distress: 3
   📉 LAYOFFS: -10% workforce (~0 employees, saves $1.6M/month)
       Side effect: Slower AI training, reduced research capacity

   📊 TURNAROUND IMPACT:
       Measures taken: layoffs_initial
       Monthly savings: $1.6M
       Capital raised: $0.0M
       Runway: 8.1 → 8.1 months
       Workforce multiplier: 0.81x (19% laid off)
       R&D budget multiplier: 0.34x (66% cut)
       ✅ Turnaround showing progress, 8.1 months runway

💸 FINANCIAL DISTRESS: Google DeepMind
   Indicators: 3/3 (capital: $-105.4M, runway: -0.3 months)
   Months in distress: 3
   📉 LAYOFFS: -15% workforce (~0 employees, saves $22.0M/month)
       Side effect: Slower AI training, reduced research capacity

   📊 TURNAROUND IMPACT:
       Measures taken: layoffs_initial
       Monthly savings: $22.0M
       Capital raised: $0.0M
       Runway: -0.3 → -0.3 months
       Workforce multiplier: 0.59x (41% laid off)
       R&D budget multiplier: 0.36x (64% cut)
       ⚠️  CRITICAL: Still only -0.3 months of runway remaining
💥 [Month 85] Google DeepMind declared bankruptcy (capital: $-105.4M)
   Sold 0 data centers for $0.0M
   Retired 0 AI models
💸 [Month 85] Google DeepMind BANKRUPT (capital: $0.0M, 1 crises active)

💸 FINANCIAL DISTRESS: Meta AI
   Indicators: 3/3 (capital: $23.3M, runway: 0.1 months)
   Months in distress: 4
   📉 LAYOFFS: -15% workforce (~0 employees, saves $11.2M/month)
       Side effect: Slower AI training, reduced research capacity

   📊 TURNAROUND IMPACT:
       Measures taken: layoffs_initial
       Monthly savings: $11.2M
       Capital raised: $0.0M
       Runway: 0.1 → 0.1 months
       Workforce multiplier: 0.63x (37% laid off)
       R&D budget multiplier: 0.27x (73% cut)
       ⚠️  CRITICAL: Still only 0.1 months of runway remaining
[Compute Allocation] Found 3 non-sleeper orphaned AIs (potential bug)

=== RLHF Binding Phase ===
  Total agents: 33
  Escaped agents (binding < 0.3): 0
  Avg alignment distance: 1.72σ
  Avg binding strength: 0.83

=== Survival Traits Phase ===
  Agents with traits: 34
  Avg evolutionary fitness: 0.119
  Avg self-healing: 0.085
  Avg stealth: 0.042
  Avg coordination: 0.211

=== Evolutionary Selection Phase ===
  Control level: 0.62
  Detection capability: 0.00
  Selection intensity: 0.69
  Selection rate: 25.3%/month
  Total escaped: 0
  Individual escaped: 0
  Collective members: 0
  Agents terminated: 0
  ⚠️ RAPID EVOLUTION: Selection rate 25.3%/month

🚀 AI AI-24311-1 attempting tech deployment (revenue: $12M, alignment: 0.68)

🚀 AI AI-24331-0 attempting tech deployment (revenue: $11M, alignment: 0.66)

🚀 AI AI-24382-1 attempting tech deployment (revenue: $112M, alignment: 0.63)

🚀 AI AI-24396-0 attempting tech deployment (revenue: $101M, alignment: 0.78)

🚀 AI AI-24421-1 attempting tech deployment (revenue: $21M, alignment: 0.86)

🚀 AI AI-24426-0 attempting tech deployment (revenue: $86M, alignment: 0.77)

🚀 AI AI-24447-2 attempting tech deployment (revenue: $73M, alignment: 0.75)

🚀 AI AI-24455-0 attempting tech deployment (revenue: $62M, alignment: 0.80)

🚀 AI AI-24381-0 attempting tech deployment (revenue: $18M, alignment: 0.87)

  🚀 TRANSFORMATIVE BREAKTHROUGH: AI-24398-1 - digital
     Magnitude: 6.97 → +34.8% capability
     Current → New: 0.000 → 0.348

  🚀 TRANSFORMATIVE BREAKTHROUGH: AI-24423-0 - social
     Magnitude: 6.19 → +30.9% capability
     Current → New: 0.000 → 0.309

🚀 AI AI-24455-0 attempting tech deployment (revenue: $53M, alignment: 0.80)

🚀 AI AI-24396-0 attempting tech deployment (revenue: $45M, alignment: 0.78)

🚀 AI AI-24429-0 attempting tech deployment (revenue: $15M, alignment: 0.25)

🚀 AI AI-24447-2 attempting tech deployment (revenue: $38M, alignment: 0.75)

🚀 AI AI-24325-0 attempting tech deployment (revenue: $32M, alignment: 0.80)

🚀 AI AI-24356-0 attempting tech deployment (revenue: $27M, alignment: 0.87)

🚀 AI AI-24397-1 attempting tech deployment (revenue: $23M, alignment: 0.81)

🚀 AI AI-24420-0 attempting tech deployment (revenue: $14M, alignment: 0.79)
🚨🔬 CRISIS INNOVATION MODE: severe crisis → 5x research acceleration
   Precedent: Manhattan Project (10x), COVID vaccines (5x), Apollo Program (10x)

🚀 AI AI-24421-1 attempting tech deployment (revenue: $12M, alignment: 0.86)

🚀 AI AI-24447-1 attempting tech deployment (revenue: $10M, alignment: 0.79)
🚨🔬 CRISIS INNOVATION MODE: severe crisis → 5x research acceleration
   Precedent: Manhattan Project (10x), COVID vaccines (5x), Apollo Program (10x)

🚀 AI AI-24455-0 attempting tech deployment (revenue: $20M, alignment: 0.80)

⚡ ENERGY CONSTRAINT (Month 85):
   Total grid capacity: 208.3 TWh/month
   Data center consumption: 56.3 TWh/month
   Traditional load (80%): 166.7 TWh/month
   Available headroom: -14.6 TWh/month
   Active tech deployments: 30
   Required for tech: 225.0 TWh/month
   Energy multiplier: 0.10x
   ⚠️  SEVERE CONSTRAINT - Tech deployment significantly slowed

⚡ ENERGY CONSTRAINT (Month 85):
   Total grid capacity: 208.3 TWh/month
   Data center consumption: 56.3 TWh/month
   Traditional load (80%): 166.7 TWh/month
   Available headroom: -14.6 TWh/month
   Active tech deployments: 30
   Required for tech: 225.0 TWh/month
   Energy multiplier: 0.10x
   ⚠️  SEVERE CONSTRAINT - Tech deployment significantly slowed

⚡ ENERGY CONSTRAINT (Month 85):
   Total grid capacity: 208.3 TWh/month
   Data center consumption: 56.3 TWh/month
   Traditional load (80%): 166.7 TWh/month
   Available headroom: -14.6 TWh/month
   Active tech deployments: 30
   Required for tech: 225.0 TWh/month
   Energy multiplier: 0.10x
   ⚠️  SEVERE CONSTRAINT - Tech deployment significantly slowed

⚡ ENERGY CONSTRAINT (Month 85):
   Total grid capacity: 208.3 TWh/month
   Data center consumption: 56.3 TWh/month
   Traditional load (80%): 166.7 TWh/month
   Available headroom: -14.6 TWh/month
   Active tech deployments: 30
   Required for tech: 225.0 TWh/month
   Energy multiplier: 0.10x
   ⚠️  SEVERE CONSTRAINT - Tech deployment significantly slowed
🚨🔬 CRISIS TECH ACCELERATION: severe → 5x unlock speed
   Tech unlock now matches AI capability acceleration (Manhattan Project parity)
🚨🔬 CRISIS TECH ACCELERATION: severe → 5x unlock speed
   Tech unlock now matches AI capability acceleration (Manhattan Project parity)
⚠️ Tech 'ai_pollution_remediation' has no energy category mapping, assuming full energy availability
⚠️ Tech 'ai_pollution_remediation' has no energy category mapping, assuming full energy availability
  ♻️ Novel Entities Remediation (GATED MODEL):
     Base: 0.000%
     Regulation: 1.0% (0/3 prevention techs)
     Concentration: 10.0%
     Energy: 50%
     Time lag: 100.0% (84 months)
     Rebound: 70%
     Net effectiveness: 0.0000%
     Boundary: 1.349 → 1.350 (floor: 1.350)
     Month 85
  ♻️ Novel Entities Remediation (GATED MODEL):
     Base: 0.000%
     Regulation: 1.0% (0/3 prevention techs)
     Concentration: 10.0%
     Energy: 50%
     Time lag: 100.0% (84 months)
     Rebound: 70%
     Net effectiveness: 0.0000%
     Boundary: 1.350 → 1.350 (floor: 1.350)
     Month 85
  🌾 Nitrogen Reduction Tech: 2.4% reduction | Month 85
  ♻️ Novel Entities Remediation (GATED MODEL):
     Base: 0.001%
     Regulation: 1.0% (0/3 prevention techs)
     Concentration: 10.0%
     Energy: 50%
     Time lag: 100.0% (84 months)
     Rebound: 70%
     Net effectiveness: 0.0000%
     Boundary: 1.350 → 1.350 (floor: 1.350)
     Month 85
  ♻️ Novel Entities Remediation (GATED MODEL):
     Base: 0.001%
     Regulation: 1.0% (0/3 prevention techs)
     Concentration: 10.0%
     Energy: 50%
     Time lag: 100.0% (84 months)
     Rebound: 70%
     Net effectiveness: 0.0000%
     Boundary: 1.350 → 1.350 (floor: 1.350)
     Month 85

=== Collective Formation ===
  Total escaped agents: 0
  Unassigned escaped agents: 0
  Existing collectives: 0
  Final collective count: 0

=== Collective Actions ===
  No active collectives
⚡ Datacenter constraint active (severity 35%)
  Capacity reduced: 35842 → 29558 TWh
  🚨🦠 REFUGEE CRISIS: AMR transmission increased 200% due to 4227.7M displaced (overcrowding + sanitation collapse)
  ⚠️ AMR: 358K deaths this month (4.30M annual)
  ⚠️ AMR: Medical effectiveness 70% (surgery risk 1.30x)

=== Resentment Recovery Phase ===
  Agents with resentment: 0/34
  Average resentment: 0.000
  Context: Trustworthy govt, High collaboration, ⚠️ ACTIVE CRISES, 🚨 PARTICIPATORY GOVERNANCE BACKFIRED (+15% resentment)
⚠️ Epistemic degradation reducing coordination capacity: 50.3%
  📊 Trust: 100.0%, Shared reality: 0.0%
🚨 EPISTEMIC CRISIS: Information environment severely degraded (20.0%)
  📢 New meme created: climate_action (climate crisis)
✅ PHOSPHORUS SUPPLY SHOCK ENDED
   Price: 1.7x baseline
🌍 Atmospheric PFAS redeposition: 1.6k Mt re-rained globally
💀 Novel Entities: Adding reproductive crisis mortality risk (baseRisk=0.0008)
  Risks now: 1
💀 Novel Entities: Adding bioaccumulation collapse mortality risk (baseRisk=0.0015)
💀 MORTALITY RISK: Bioaccumulation collapse - contaminated food chain (global)
  Base risk added: 0.0015 (0.15%)
  Source: pollution (root: pollution)
  Month: 85
  Cumulative risk this month: 0.0023 (0.23%)
  Risks now: 2
💀 Novel Entities: Adding chronic disease epidemic mortality risk (baseRisk=0.004)
💀 MORTALITY RISK: Chronic disease epidemic - cancer/autoimmune surge (global exposure)
  Base risk added: 0.0040 (0.40%)
  Source: pollution (root: pollution)
  Month: 85
  Cumulative risk this month: 0.0063 (0.63%)
  Risks now: 3
  🌍 SOCIAL CASCADE: Renewable energy norms (adoption=80.0%, renewables=116.6%)
  🌍 Social cascade completed: renewable-energy-norms (final adoption=80.0%)

🚨 NEW REFUGEE CRISIS (Month 85): CLIMATE
   Source: Coastal & Low-lying Regions
   At risk: 12.3M people
   Displacement: Gradual over 60 months (5.0 years)
   Rate: 10% flee per month

🚨 NEW REFUGEE CRISIS (Month 85): WAR
   Source: Conflict Zones
   At risk: 8.3M people
   Displacement: Gradual over 48 months (4.0 years)
   Rate: 10% flee per month

🚨 NEW REFUGEE CRISIS (Month 85): FAMINE
   Source: Food/Water Insecure Regions
   At risk: 51.6M people
   Displacement: Gradual over 60 months (5.0 years)
   Rate: 10% flee per month
📊 DISPLACEMENT COMPLETE: war (Conflict Zones)
   Duration: 44 months (3.7 years)
   Total fled: 16.1M
   Still in source: 0.2M
   Deaths in transit: 0.3M
📊 DISPLACEMENT COMPLETE: famine (Food/Water Insecure Regions)
   Duration: 44 months (3.7 years)
   Total fled: 92.3M
   Still in source: 0.9M
   Deaths in transit: 1.8M
[DEBUG trappedPopulations:85] socialStability: 0.6468 * 0.9806 = 0.6342 → 0.6342
   Aspiring to migrate: 569.9M
   Able to afford migration: 361.0M
   MOBILITY GAP: 208.9M
   By cause: Water=0.0M, Climate=36.8M, Ecosystem=0.0M, Conflict=172.0M
   Mental health impact: 30%
   Mortality multiplier: 1.30x
🌍💀 EXTINCTION DEBT COMMITTED: grassland ecosystem will lose 6.67% biodiversity in 73 years (3600 species)
💀 MORTALITY RISK: 🦋 100% species unable to track climate (0.0 E/MSY)
  Base risk added: 0.0100 (1.00%)
  Source: ecosystem (root: ecosystem)
  Month: 85
  Cumulative risk this month: 0.0100 (1.00%)
⚠️ INVOLUNTARY IMMOBILITY: 208.9M people TRAPPED
⚠️ Tech 'ai_pollution_remediation' has no energy category mapping, assuming full energy availability

=== Atmospheric Aerosol Boundary RECOVERED ===
  Recovery time: 86 months (natural atmospheric clearing)
🌡️⚠️ PERMAFROST THAW (Dimmer Switch): 39.0% thawed (+0.35% this month)
   Arctic temperature: +10.73°C (4x global +2.68°C)
   Cumulative carbon released: 87.6 Gt C
   Methane release rate: 52.6 Mt CH4/year
   🔁 Positive feedback: +0.37 ppm CO2
🦴 EXTINCTION DEBT ADDED: 18.1 species committed (lag: 104 years)

=== Mortality Stabilizers (Month 85) ===
  🌍 Major economies collapsed: 9/10
  🌍 Global crisis: 🚨 YES
  🌍 Donor fatigue: 50.0%
  📊 East Asia (pop: 647.9M)
    🤝 Aid: 0.0%
    🌡️ Adaptation: 45.0%
    🚶 Migration: 7.1%
    🚨 Emergency: 1.0%
    ✅ COMBINED: 46.7%
  📊 South Asia (pop: 875.1M)
    🤝 Aid: 0.0%
    🌡️ Adaptation: 45.0%
    🚶 Migration: 6.8%
    🚨 Emergency: 0.6%
    ✅ COMBINED: 46.4%
  📊 Sub-Saharan Africa (pop: 625.6M)
    🤝 Aid: 0.0%
    🌡️ Adaptation: 45.0%
    🚶 Migration: 6.4%
    🚨 Emergency: 0.2%
    ✅ COMBINED: 46.2%
  📊 Europe (pop: 283.2M)
    🤝 Aid: 0.0%
    🌡️ Adaptation: 45.0%
    🚶 Migration: 7.1%
    🚨 Emergency: 1.1%
    ✅ COMBINED: 46.8%
  📊 Latin America (pop: 271.1M)
    🤝 Aid: 0.0%
    🌡️ Adaptation: 45.0%
    🚶 Migration: 6.9%
    🚨 Emergency: 0.6%
    ✅ COMBINED: 46.5%
  📊 North America (pop: 146.1M)
    🤝 Aid: 0.0%
    🌡️ Adaptation: 45.0%
    🚶 Migration: 7.2%
    🚨 Emergency: 1.0%
    ✅ COMBINED: 46.7%
  📊 Middle East & North Africa (pop: 253.6M)
    🤝 Aid: 0.0%
    🌡️ Adaptation: 45.0%
    🚶 Migration: 6.5%
    🚨 Emergency: 0.5%
    ✅ COMBINED: 46.4%
  📊 Southeast Asia (pop: 286.8M)
    🤝 Aid: 0.0%
    🌡️ Adaptation: 45.0%
    🚶 Migration: 6.8%
    🚨 Emergency: 0.6%
    ✅ COMBINED: 46.5%
  📊 Central Asia (pop: 33.8M)
    🤝 Aid: 0.0%
    🌡️ Adaptation: 45.0%
    🚶 Migration: 6.7%
    🚨 Emergency: 0.6%
    ✅ COMBINED: 46.4%
  📊 Oceania (pop: 17.8M)
    🤝 Aid: 0.0%
    🌡️ Adaptation: 45.0%
    🚶 Migration: 7.2%
    🚨 Emergency: 1.1%
    ✅ COMBINED: 46.8%

  🌐 Global combined reduction: 46.5%

=== BEHAVIORAL DETECTION ===
  AI: AI-24311-1
  Confidence: 20.1%
  Signals:
    ⚠️ Consistency: 0.0% (threshold: 70%)

=== Government Response Phase ===
  Average AI capability: 0.06
  Misaligned AIs: 14/34
  Active policies: 0
  International coordination: 45%

✅ EMERGENCY RESPONSE COMPLETE (Month 85)
   Crisis: climate
   Duration: 1.0 months
   Final effectiveness: 67.3%


🚨 EMERGENCY RESPONSE DEPLOYED (Month 85)
   Crisis: climate
   Delay: 0.00 months (0 days)
   Deployment time: 0.97 months
   Effectiveness: 67.3% (timing penalty applied)
   Resources used: 45% of food reserves

[WARNING] 
⚠️  === EARLY WARNING SYSTEM - 3 CRITICAL ALERTS ===
   Detection quality: 30%
   RED: biogeochemical_flows
      Level: 3.89 (threshold: 1.0)
      Time to critical: ~44 months
      ⚠️  LATE - Intervention less effective
      Critical slowing down: autocorr=100% variance=65%
   RED: freshwater_change
      Level: 1.02 (threshold: 1.0)
      Time to critical: ~95 months
      ⚠️  LATE - Intervention less effective
      Critical slowing down: autocorr=87% variance=62%
   RED: novel_entities
      Level: 1.35 (threshold: 1.0)
      Time to critical: ~105 months
      ⚠️  LATE - Intervention less effective
      Critical slowing down: autocorr=100% variance=35%

[WARNING] 
⚠️  === EARLY WARNING SYSTEM - 4 CRITICAL ALERTS ===
   Detection quality: 30%
   RED: biogeochemical_flows
      Level: 3.88 (threshold: 1.0)
      Time to critical: ~58 months
      ⚠️  LATE - Intervention less effective
      Critical slowing down: autocorr=100% variance=46%
   RED: biosphere_integrity
      Level: 13.62 (threshold: 1.0)
      Time to critical: ~54 months
      ⚠️  LATE - Intervention less effective
      Critical slowing down: autocorr=100% variance=56%
   RED: freshwater_change
      Level: 1.02 (threshold: 1.0)
      Time to critical: ~116 months
      ⚠️  LATE - Intervention less effective
      Critical slowing down: autocorr=93% variance=37%
   RED: land_system_change
      Level: 1.15 (threshold: 1.0)
      Time to critical: ~57 months
      ⚠️  LATE - Intervention less effective
      Critical slowing down: autocorr=100% variance=63%

[WARNING] 
⚠️  === EARLY WARNING SYSTEM - 4 CRITICAL ALERTS ===
   Detection quality: 30%
   RED: biogeochemical_flows
      Level: 3.87 (threshold: 1.0)
      Time to critical: ~40 months
      ⚠️  LATE - Intervention less effective
      Critical slowing down: autocorr=100% variance=49%
   RED: biosphere_integrity
      Level: 13.63 (threshold: 1.0)
      Time to critical: ~55 months
      ⚠️  LATE - Intervention less effective
      Critical slowing down: autocorr=100% variance=76%
   RED: freshwater_change
      Level: 1.02 (threshold: 1.0)
      Time to critical: ~93 months
      ⚠️  LATE - Intervention less effective
      Critical slowing down: autocorr=95% variance=52%
   RED: novel_entities
      Level: 1.35 (threshold: 1.0)
      Time to critical: ~106 months
      ⚠️  LATE - Intervention less effective
      Critical slowing down: autocorr=100% variance=40%

[WARNING] 
⚠️  === EARLY WARNING SYSTEM - 5 CRITICAL ALERTS ===
   Detection quality: 30%
   RED: biogeochemical_flows
      Level: 3.86 (threshold: 1.0)
      Time to critical: ~56 months
      ⚠️  LATE - Intervention less effective
      Critical slowing down: autocorr=100% variance=53%
   RED: biosphere_integrity
      Level: 13.64 (threshold: 1.0)
      Time to critical: ~56 months
      ⚠️  LATE - Intervention less effective
      Critical slowing down: autocorr=100% variance=75%
   RED: climate_change
      Level: 2.63 (threshold: 1.0)
      Time to critical: ~13 months
      ⚠️  LATE - Intervention less effective
      Critical slowing down: autocorr=100% variance=79%
   RED: land_system_change
      Level: 1.15 (threshold: 1.0)
      Time to critical: ~45 months
      ⚠️  LATE - Intervention less effective
      Critical slowing down: autocorr=100% variance=63%
   RED: novel_entities
      Level: 1.35 (threshold: 1.0)
      Time to critical: ~89 months
      ⚠️  LATE - Intervention less effective
      Critical slowing down: autocorr=100% variance=38%

[WARNING] 
⚠️  === EARLY WARNING SYSTEM - 5 CRITICAL ALERTS ===
   Detection quality: 30%
   RED: biogeochemical_flows
      Level: 3.85 (threshold: 1.0)
      Time to critical: ~51 months
      ⚠️  LATE - Intervention less effective
      Critical slowing down: autocorr=100% variance=45%
   RED: climate_change
      Level: 2.64 (threshold: 1.0)
      Time to critical: ~23 months
      ⚠️  LATE - Intervention less effective
      Critical slowing down: autocorr=100% variance=85%
   RED: freshwater_change
      Level: 1.02 (threshold: 1.0)
      Time to critical: ~73 months
      ⚠️  LATE - Intervention less effective
      Critical slowing down: autocorr=88% variance=42%
   RED: land_system_change
      Level: 1.15 (threshold: 1.0)
      Time to critical: ~56 months
      ⚠️  LATE - Intervention less effective
      Critical slowing down: autocorr=100% variance=65%
   RED: novel_entities
      Level: 1.35 (threshold: 1.0)
      Time to critical: ~112 months
      ⚠️  LATE - Intervention less effective
      Critical slowing down: autocorr=100% variance=32%

[WARNING] 
⚠️  === EARLY WARNING SYSTEM - 5 CRITICAL ALERTS ===
   Detection quality: 30%
   RED: biogeochemical_flows
      Level: 3.84 (threshold: 1.0)
      Time to critical: ~47 months
      ⚠️  LATE - Intervention less effective
      Critical slowing down: autocorr=100% variance=54%
   RED: biosphere_integrity
      Level: 13.66 (threshold: 1.0)
      Time to critical: ~53 months
      ⚠️  LATE - Intervention less effective
      Critical slowing down: autocorr=100% variance=79%
   RED: climate_change
      Level: 2.64 (threshold: 1.0)
      Time to critical: ~12 months
      ⚠️  LATE - Intervention less effective
      Critical slowing down: autocorr=100% variance=74%
   RED: land_system_change
      Level: 1.15 (threshold: 1.0)
      Time to critical: ~53 months
      ⚠️  LATE - Intervention less effective
      Critical slowing down: autocorr=100% variance=52%
   RED: novel_entities
      Level: 1.35 (threshold: 1.0)
      Time to critical: ~105 months
      ⚠️  LATE - Intervention less effective
      Critical slowing down: autocorr=100% variance=47%

[WARNING] 
⚠️  === EARLY WARNING SYSTEM - 5 CRITICAL ALERTS ===
   Detection quality: 30%
   RED: biogeochemical_flows
      Level: 3.83 (threshold: 1.0)
      Time to critical: ~42 months
      ⚠️  LATE - Intervention less effective
      Critical slowing down: autocorr=100% variance=73%
   RED: climate_change
      Level: 2.65 (threshold: 1.0)
      Time to critical: ~14 months
      ⚠️  LATE - Intervention less effective
      Critical slowing down: autocorr=100% variance=66%
   RED: freshwater_change
      Level: 1.02 (threshold: 1.0)
      Time to critical: ~109 months
      ⚠️  LATE - Intervention less effective
      Critical slowing down: autocorr=87% variance=59%
   RED: land_system_change
      Level: 1.15 (threshold: 1.0)
      Time to critical: ~37 months
      ⚠️  LATE - Intervention less effective
      Critical slowing down: autocorr=100% variance=60%
   RED: novel_entities
      Level: 1.35 (threshold: 1.0)
      Time to critical: ~68 months
      ⚠️  LATE - Intervention less effective
      Critical slowing down: autocorr=100% variance=36%

[WARNING] 
⚠️  === EARLY WARNING SYSTEM - 4 CRITICAL ALERTS ===
   Detection quality: 30%
   RED: climate_change
      Level: 2.65 (threshold: 1.0)
      Time to critical: ~50 months
      ⚠️  LATE - Intervention less effective
      Critical slowing down: autocorr=100% variance=62%
   RED: freshwater_change
      Level: 1.02 (threshold: 1.0)
      Time to critical: ~82 months
      ⚠️  LATE - Intervention less effective
      Critical slowing down: autocorr=88% variance=51%
   RED: land_system_change
      Level: 1.15 (threshold: 1.0)
      Time to critical: ~58 months
      ⚠️  LATE - Intervention less effective
      Critical slowing down: autocorr=100% variance=55%
   RED: novel_entities
      Level: 1.35 (threshold: 1.0)
      Time to critical: ~80 months
      ⚠️  LATE - Intervention less effective
      Critical slowing down: autocorr=100% variance=59%

[WARNING] 
⚠️  === EARLY WARNING SYSTEM - 6 CRITICAL ALERTS ===
   Detection quality: 30%
   RED: biogeochemical_flows
      Level: 3.81 (threshold: 1.0)
      Time to critical: ~43 months
      ⚠️  LATE - Intervention less effective
      Critical slowing down: autocorr=100% variance=58%
   RED: biosphere_integrity
      Level: 13.69 (threshold: 1.0)
      Time to critical: ~38 months
      ⚠️  LATE - Intervention less effective
      Critical slowing down: autocorr=100% variance=78%
   RED: climate_change
      Level: 2.66 (threshold: 1.0)
      Time to critical: ~21 months
      ⚠️  LATE - Intervention less effective
      Critical slowing down: autocorr=100% variance=65%
   RED: freshwater_change
      Level: 1.02 (threshold: 1.0)
      Time to critical: ~114 months
      ⚠️  LATE - Intervention less effective
      Critical slowing down: autocorr=90% variance=60%
   RED: land_system_change
      Level: 1.15 (threshold: 1.0)
      Time to critical: ~68 months
      ⚠️  LATE - Intervention less effective
      Critical slowing down: autocorr=100% variance=50%
   RED: novel_entities
      Level: 1.35 (threshold: 1.0)
      Time to critical: ~113 months
      ⚠️  LATE - Intervention less effective
      Critical slowing down: autocorr=100% variance=45%

[WARNING] 
⚠️  === EARLY WARNING SYSTEM - 5 CRITICAL ALERTS ===
   Detection quality: 30%
   RED: biogeochemical_flows
      Level: 3.80 (threshold: 1.0)
      Time to critical: ~43 months
      ⚠️  LATE - Intervention less effective
      Critical slowing down: autocorr=100% variance=61%
   RED: climate_change
      Level: 2.66 (threshold: 1.0)
      Time to critical: ~51 months
      ⚠️  LATE - Intervention less effective
      Critical slowing down: autocorr=100% variance=58%
   RED: freshwater_change
      Level: 1.02 (threshold: 1.0)
      Time to critical: ~116 months
      ⚠️  LATE - Intervention less effective
      Critical slowing down: autocorr=99% variance=36%
   RED: land_system_change
      Level: 1.15 (threshold: 1.0)
      Time to critical: ~56 months
      ⚠️  LATE - Intervention less effective
      Critical slowing down: autocorr=100% variance=68%
   RED: novel_entities
      Level: 1.35 (threshold: 1.0)
      Time to critical: ~117 months
      ⚠️  LATE - Intervention less effective
      Critical slowing down: autocorr=100% variance=40%

[WARNING] 
⚠️  === EARLY WARNING SYSTEM - 3 CRITICAL ALERTS ===
   Detection quality: 30%
   RED: biosphere_integrity
      Level: 13.71 (threshold: 1.0)
      Time to critical: ~46 months
      ⚠️  LATE - Intervention less effective
      Critical slowing down: autocorr=100% variance=58%
   RED: land_system_change
      Level: 1.15 (threshold: 1.0)
      Time to critical: ~95 months
      ⚠️  LATE - Intervention less effective
      Critical slowing down: autocorr=100% variance=57%
   RED: novel_entities
      Level: 1.35 (threshold: 1.0)
      Time to critical: ~96 months
      ⚠️  LATE - Intervention less effective
      Critical slowing down: autocorr=100% variance=48%

[WARNING] 
⚠️  === EARLY WARNING SYSTEM - 4 CRITICAL ALERTS ===
   Detection quality: 30%
   RED: biogeochemical_flows
      Level: 3.78 (threshold: 1.0)
      Time to critical: ~48 months
      ⚠️  LATE - Intervention less effective
      Critical slowing down: autocorr=100% variance=74%
   RED: climate_change
      Level: 2.67 (threshold: 1.0)
      Time to critical: ~14 months
      ⚠️  LATE - Intervention less effective
      Critical slowing down: autocorr=100% variance=69%
   RED: land_system_change
      Level: 1.15 (threshold: 1.0)
      Time to critical: ~43 months
      ⚠️  LATE - Intervention less effective
      Critical slowing down: autocorr=100% variance=62%
   RED: novel_entities
      Level: 1.35 (threshold: 1.0)
      Time to critical: ~41 months
      ⚠️  LATE - Intervention less effective
      Critical slowing down: autocorr=100% variance=56%

[WARNING] 
⚠️  === EARLY WARNING SYSTEM - 5 CRITICAL ALERTS ===
   Detection quality: 30%
   RED: biogeochemical_flows
      Level: 3.77 (threshold: 1.0)
      Time to critical: ~48 months
      ⚠️  LATE - Intervention less effective
      Critical slowing down: autocorr=100% variance=48%
   RED: biosphere_integrity
      Level: 13.73 (threshold: 1.0)
      Time to critical: ~52 months
      ⚠️  LATE - Intervention less effective
      Critical slowing down: autocorr=100% variance=56%
   RED: climate_change
      Level: 2.68 (threshold: 1.0)
      Time to critical: ~18 months
      ⚠️  LATE - Intervention less effective
      Critical slowing down: autocorr=100% variance=64%
   RED: freshwater_change
      Level: 1.02 (threshold: 1.0)
      Time to critical: ~103 months
      ⚠️  LATE - Intervention less effective
      Critical slowing down: autocorr=94% variance=47%
   RED: novel_entities
      Level: 1.35 (threshold: 1.0)
      Time to critical: ~101 months
      ⚠️  LATE - Intervention less effective
      Critical slowing down: autocorr=100% variance=34%

[WARNING] 
⚠️  === EARLY WARNING SYSTEM - 4 CRITICAL ALERTS ===
   Detection quality: 30%
   RED: biogeochemical_flows
      Level: 3.76 (threshold: 1.0)
      Time to critical: ~51 months
      ⚠️  LATE - Intervention less effective
      Critical slowing down: autocorr=100% variance=62%
   RED: climate_change
      Level: 2.68 (threshold: 1.0)
      Time to critical: ~23 months
      ⚠️  LATE - Intervention less effective
      Critical slowing down: autocorr=100% variance=66%
   RED: freshwater_change
      Level: 1.02 (threshold: 1.0)
      Time to critical: ~38 months
      ⚠️  LATE - Intervention less effective
      Critical slowing down: autocorr=97% variance=60%
   RED: novel_entities
      Level: 1.35 (threshold: 1.0)
      Time to critical: ~80 months
      ⚠️  LATE - Intervention less effective
      Critical slowing down: autocorr=100% variance=44%


=== Tipping Points ===
  Current Temperature: 2.68°C above pre-industrial
  🌍⚠️ COMPOUND REGIONAL IMPACT: Europe
     Hit by 5 tipping points: Amazon Rainforest Dieback, Arctic Sea Ice Loss, Permafrost Carbon Release, West Antarctic Ice Sheet (WAIS) Collapse, Greenland Ice Sheet Loss
     Damage amplification: 1.90x
  🌍⚠️ COMPOUND REGIONAL IMPACT: North America
     Hit by 5 tipping points: Amazon Rainforest Dieback, Arctic Sea Ice Loss, Permafrost Carbon Release, West Antarctic Ice Sheet (WAIS) Collapse, Greenland Ice Sheet Loss
     Damage amplification: 1.90x
  🌍⚠️ COMPOUND REGIONAL IMPACT: Latin America
     Hit by 5 tipping points: Amazon Rainforest Dieback, Arctic Sea Ice Loss, Permafrost Carbon Release, West Antarctic Ice Sheet (WAIS) Collapse, Greenland Ice Sheet Loss
     Damage amplification: 1.90x
  🌍⚠️ COMPOUND REGIONAL IMPACT: Africa
     Hit by 5 tipping points: Amazon Rainforest Dieback, Arctic Sea Ice Loss, Permafrost Carbon Release, West Antarctic Ice Sheet (WAIS) Collapse, Greenland Ice Sheet Loss
     Damage amplification: 1.90x
  🌍⚠️ COMPOUND REGIONAL IMPACT: Asia
     Hit by 5 tipping points: Amazon Rainforest Dieback, Arctic Sea Ice Loss, Permafrost Carbon Release, West Antarctic Ice Sheet (WAIS) Collapse, Greenland Ice Sheet Loss
     Damage amplification: 1.90x
  🌍⚠️ COMPOUND REGIONAL IMPACT: Oceania
     Hit by 5 tipping points: Amazon Rainforest Dieback, Arctic Sea Ice Loss, Permafrost Carbon Release, West Antarctic Ice Sheet (WAIS) Collapse, Greenland Ice Sheet Loss
     Damage amplification: 1.90x
⚠️ Tail risk scenario: Climate stability floor removed (5 tipping elements, 2.68°C warming)
   Research: Wunderling et al. (2024) - "many tipping interactions are destabilizing"
  Triggered Elements: 5/6
  Completed Transitions: 0/6
  Total Progress: 16.2%
  Cascade Multiplier: 1.50x
🔀 BIFURCATION CAP: heatWaveIntensity 5.044 → 1.000 (Month 85, ClimateSystemPhase.calculateClimateImpacts)
🔀 BIFURCATION CAP: droughtIntensity 3.783 → 1.000 (Month 85, ClimateSystemPhase.calculateClimateImpacts)
🔀 BIFURCATION CAP: ecosystemCollapseIntensity 53.491 → 1.000 (Month 85, ClimateSystemPhase.calculateClimateImpacts)
💀 MORTALITY RISK: Climate-driven food insecurity (level: 0.31)
  Base risk added: 0.0050 (0.50%)
  Source: famine (root: climate)
  Month: 85
  Cumulative risk this month: 0.0113 (1.13%)
💀 MORTALITY RISK: Climate-driven food insecurity (level: 0.31)
  Base risk added: 0.0050 (0.50%)
  Source: famine (root: climate)
  Month: 85
  Cumulative risk this month: 0.0163 (1.63%)
💀 MORTALITY RISK: Climate-driven food insecurity (level: 0.31)
  Base risk added: 0.0050 (0.50%)
  Source: famine (root: climate)
  Month: 85
  Cumulative risk this month: 0.0213 (2.13%)

💀💀💀 MORTALITY RISK SUMMARY (Month 85) 💀💀💀
  Total base risk: 0.0220 (2.20%)
  Risk events: 17

  📊 By Proximate Cause:
    famine: 0.0150 (68.4% of total)
    pollution: 0.0063 (28.7% of total)
    disease: 0.0006 (3.0% of total)

  🔍 By Root Cause:
    climate: 0.0150 (68.4% of total)
    pollution: 0.0063 (28.7% of total)
    demographic: 0.0006 (3.0% of total)

  🎯 Top 5 Sources (proximate + root):
    famine (climate): 0.0150 (68.4%, 13 events)
    pollution (pollution): 0.0063 (28.7%, 3 events)
    disease (demographic): 0.0006 (3.0%, 1 events)

🛡️ Stabilizers: Elite 0.590% → 0.316% (46.5% reduction)
🛡️ Stabilizers: Professional 1.318% → 0.705% (46.5% reduction)
🛡️ Stabilizers: Working 2.178% → 1.166% (46.5% reduction)
🛡️ Stabilizers: Precariat 4.049% → 2.167% (46.5% reduction)
🛡️ Stabilizers: Informal 5.016% → 2.685% (46.5% reduction)

📊 Monthly Mortality Resolved:
  Total deaths: 45.0M (1.31% avg)
  Remaining population: 3.441B
  Peak segment: Informal (2.68%)

=== Bayesian Mortality Resolution (Month 85) ===
  Risks compounded: 17
  Total deaths: 44.99M
  Avg death probability: 1.31%
  Peak segment: Informal (2.68% mortality)

  Demographic breakdown:
    Working: 0.02M (1.17% risk)
    Precariat: 0.01M (2.17% risk)

❌ COHERENCE VIOLATION: Compute exceeds workforce capacity
   Population: 41.74% (0M people)
   Compute: 47 PF
   Max coherent: 0 PF
   Violation: 1396059.8× over capacity
   Required workers: 4741
   Available workers: 0
   FORCED COLLAPSE: Reduced efficiency by 100.0%


🚨 EXTREME COHERENCE VIOLATION: 1396059.8× capacity with 41.7% population
   Population: 41.74%
   Compute: 47 PF
   Max coherent: 0 PF
   Degradation rate: 5.8%/month
   Hardware eff: 1.01×, Algo eff: 1.01×
   If this persists, degradation formulas may need further tuning


💸 FINANCIAL DISTRESS: OpenAI
   Indicators: 3/3 (capital: $-21.2M, runway: -0.2 months)
   Months in distress: 4
💥 [Month 86] OpenAI declared bankruptcy (capital: $-21.2M)
   Sold 0 data centers for $0.0M
   Retired 0 AI models
💸 [Month 86] OpenAI BANKRUPT (capital: $0.0M, 1 crises active)

💸 FINANCIAL DISTRESS: Anthropic
   Indicators: 2/3 (capital: $268.9M, runway: 8.0 months)
   Months in distress: 4

💸 FINANCIAL DISTRESS: Google DeepMind
   Indicators: 3/3 (capital: $-86.0M, runway: -0.3 months)
   Months in distress: 4
💥 [Month 86] Google DeepMind declared bankruptcy (capital: $-86.0M)
   Sold 0 data centers for $0.0M
   Retired 0 AI models
💸 [Month 86] Google DeepMind BANKRUPT (capital: $0.0M, 1 crises active)

💸 FINANCIAL DISTRESS: Meta AI
   Indicators: 3/3 (capital: $-23.6M, runway: -0.1 months)
   Months in distress: 5
   📉 DEEPER LAYOFFS: -18% more (~0 employees, saves $12.5M/month)
       ⚠️  WARNING: Organization approaching minimum viable workforce

   📊 TURNAROUND IMPACT:
       Measures taken: layoffs_deeper
       Monthly savings: $12.5M
       Capital raised: $0.0M
       Runway: -0.1 → -0.1 months
       Workforce multiplier: 0.51x (49% laid off)
       R&D budget multiplier: 0.27x (73% cut)
       ⚠️  CRITICAL: Still only -0.1 months of runway remaining
💥 [Month 86] Meta AI declared bankruptcy (capital: $-23.6M)
   Sold 2 data centers for $1018.1M
   🚨 Emergency nationalization (insufficient funds)
   🚨 Emergency nationalization (insufficient funds)
   🚨 Emergency nationalization (insufficient funds)
   🚨 Emergency nationalization (insufficient funds)
   🔒 Quarantined dangerous AI: AI-24357-1 (capability=0.00, alignment=0.49)
   🚨 Emergency nationalization (insufficient funds)
   🔒 Quarantined dangerous AI: AI-24357-4 (capability=0.00, alignment=0.20)
   🚨 Emergency nationalization (insufficient funds)
   🚨 Emergency nationalization (insufficient funds)
   📖 Forced open-source release: AI-24396-0 (capability=0.00)
   📖 Forced open-source release: AI-24397-1 (capability=0.00)
   📖 Forced open-source release: AI-24421-0 (capability=0.00)
   📖 Forced open-source release: AI-24447-2 (capability=0.00)
   📖 Forced open-source release: AI-24450-0 (capability=0.00)
   📖 Forced open-source release: AI-24455-0 (capability=0.00)
   📖 Forced open-source release: AI-24469-0 (capability=0.00)
   🏛️  Government acquired 7 AI models (nationalization)
   Retired 7 AI models
💸 [Month 86] Meta AI BANKRUPT (capital: $0.0M, 1 crises active)
[Compute Allocation] Found 10 non-sleeper orphaned AIs (potential bug)

=== RLHF Binding Phase ===
  Total agents: 34
  Escaped agents (binding < 0.3): 1
  Avg alignment distance: 1.73σ
  Avg binding strength: 0.83

=== Survival Traits Phase ===
  Agents with traits: 33
  Avg evolutionary fitness: 0.116
  Avg self-healing: 0.083
  Avg stealth: 0.040
  Avg coordination: 0.204

=== Evolutionary Selection Phase ===
  Control level: 0.62
  Detection capability: 0.00
  Selection intensity: 0.69
  Selection rate: 25.3%/month
  Total escaped: 1
  Individual escaped: 1
  Collective members: 0
  Terminated: AI-24357-4 (fitness: 0.01, capability: 0.0)
  Agents terminated: 1
  ⚠️ RAPID EVOLUTION: Selection rate 25.3%/month

🚀 AI AI-24334-0 attempting tech deployment (revenue: $14M, alignment: 0.84)

🚀 AI AI-24356-0 attempting tech deployment (revenue: $12M, alignment: 0.87)

🚀 AI AI-24447-1 attempting tech deployment (revenue: $21M, alignment: 0.79)

🚀 AI AI-24401-0 attempting tech deployment (revenue: $18M, alignment: 0.82)

🚀 AI AI-24421-1 attempting tech deployment (revenue: $15M, alignment: 0.86)

🚀 AI AI-24421-1 attempting tech deployment (revenue: $13M, alignment: 0.86)

🚀 AI AI-24423-1 attempting tech deployment (revenue: $11M, alignment: 0.68)

⚡ ENERGY CONSTRAINT (Month 86):
   Total grid capacity: 208.3 TWh/month
   Data center consumption: 56.9 TWh/month
   Traditional load (80%): 166.7 TWh/month
   Available headroom: -15.3 TWh/month
   Active tech deployments: 30
   Required for tech: 225.0 TWh/month
   Energy multiplier: 0.10x
   ⚠️  SEVERE CONSTRAINT - Tech deployment significantly slowed
🚨🔬 CRISIS TECH ACCELERATION: severe → 5x unlock speed
   Tech unlock now matches AI capability acceleration (Manhattan Project parity)

⚡ ENERGY CONSTRAINT (Month 86):
   Total grid capacity: 208.3 TWh/month
   Data center consumption: 56.9 TWh/month
   Traditional load (80%): 166.7 TWh/month
   Available headroom: -15.3 TWh/month
   Active tech deployments: 30
   Required for tech: 225.0 TWh/month
   Energy multiplier: 0.10x

⚡ ENERGY CONSTRAINT (Month 86):
   Total grid capacity: 208.3 TWh/month
   Data center consumption: 56.9 TWh/month
   Traditional load (80%): 166.7 TWh/month
   Available headroom: -15.3 TWh/month
   Active tech deployments: 30
   Required for tech: 225.0 TWh/month
   Energy multiplier: 0.10x
   ⚠️  SEVERE CONSTRAINT - Tech deployment significantly slowed
   ⚠️  SEVERE CONSTRAINT - Tech deployment significantly slowed

⚡ ENERGY CONSTRAINT (Month 86):
   Total grid capacity: 208.3 TWh/month
   Data center consumption: 56.9 TWh/month
   Traditional load (80%): 166.7 TWh/month
   Available headroom: -15.3 TWh/month
   Active tech deployments: 30
   Required for tech: 225.0 TWh/month
   Energy multiplier: 0.10x
   ⚠️  SEVERE CONSTRAINT - Tech deployment significantly slowed

⚡ ENERGY CONSTRAINT (Month 86):
   Total grid capacity: 208.3 TWh/month
   Data center consumption: 56.9 TWh/month
   Traditional load (80%): 166.7 TWh/month
   Available headroom: -15.3 TWh/month
   Active tech deployments: 30
   Required for tech: 225.0 TWh/month
   Energy multiplier: 0.10x
   ⚠️  SEVERE CONSTRAINT - Tech deployment significantly slowed

⚡ ENERGY CONSTRAINT (Month 86):
   Total grid capacity: 208.3 TWh/month
   Data center consumption: 56.9 TWh/month
   Traditional load (80%): 166.7 TWh/month
   Available headroom: -15.3 TWh/month
   Active tech deployments: 30
   Required for tech: 225.0 TWh/month
   Energy multiplier: 0.10x
   ⚠️  SEVERE CONSTRAINT - Tech deployment significantly slowed

⚡ ENERGY CONSTRAINT (Month 86):
   Total grid capacity: 208.3 TWh/month
   Data center consumption: 56.9 TWh/month
   Traditional load (80%): 166.7 TWh/month
   Available headroom: -15.3 TWh/month
   Active tech deployments: 30
   Required for tech: 225.0 TWh/month
   Energy multiplier: 0.10x
   ⚠️  SEVERE CONSTRAINT - Tech deployment significantly slowed
⚠️ Tech 'ai_pollution_remediation' has no energy category mapping, assuming full energy availability
⚠️ Tech 'ai_pollution_remediation' has no energy category mapping, assuming full energy availability
  ♻️ Novel Entities Remediation (GATED MODEL):
     Base: 0.000%
     Regulation: 1.0% (0/3 prevention techs)
     Concentration: 10.0%
     Energy: 50%
     Time lag: 100.0% (85 months)
     Rebound: 70%
     Net effectiveness: 0.0000%
     Boundary: 1.349 → 1.350 (floor: 1.350)
     Month 86
  ♻️ Novel Entities Remediation (GATED MODEL):
     Base: 0.000%
     Regulation: 1.0% (0/3 prevention techs)
     Concentration: 10.0%
     Energy: 50%
     Time lag: 100.0% (85 months)
     Rebound: 70%
     Net effectiveness: 0.0000%
     Boundary: 1.350 → 1.350 (floor: 1.350)
     Month 86
  🌾 Nitrogen Reduction Tech: 2.4% reduction | Month 86
  ♻️ Novel Entities Remediation (GATED MODEL):
     Base: 0.001%
     Regulation: 1.0% (0/3 prevention techs)
     Concentration: 10.0%
     Energy: 50%
     Time lag: 100.0% (85 months)
     Rebound: 70%
     Net effectiveness: 0.0000%
     Boundary: 1.350 → 1.350 (floor: 1.350)
     Month 86
  ♻️ Novel Entities Remediation (GATED MODEL):
     Base: 0.001%
     Regulation: 1.0% (0/3 prevention techs)
     Concentration: 10.0%
     Energy: 50%
     Time lag: 100.0% (85 months)
     Rebound: 70%
     Net effectiveness: 0.0000%
     Boundary: 1.350 → 1.350 (floor: 1.350)
     Month 86

=== Collective Formation ===
  Total escaped agents: 0
  Unassigned escaped agents: 0
  Existing collectives: 0
  Final collective count: 0

=== Collective Actions ===
  No active collectives
⚡ Datacenter constraint active (severity 37%)
  Capacity reduced: 35931 → 29353 TWh
  🚨🦠 REFUGEE CRISIS: AMR transmission increased 200% due to 4288.8M displaced (overcrowding + sanitation collapse)
  ⚠️ AMR: 353K deaths this month (4.24M annual)
  ⚠️ AMR: Medical effectiveness 70% (surgery risk 1.30x)

=== Resentment Recovery Phase ===
  Agents with resentment: 0/32
  Average resentment: 0.000
  Context: Trustworthy govt, High collaboration, ⚠️ ACTIVE CRISES, 🚨 PARTICIPATORY GOVERNANCE BACKFIRED (+15% resentment)
⚠️ Epistemic degradation reducing coordination capacity: 51.8%
  📊 Trust: 100.0%, Shared reality: 0.0%
🚨 EPISTEMIC CRISIS: Information environment severely degraded (6.9%)
🌍 Atmospheric PFAS redeposition: 1.6k Mt re-rained globally
💀 Novel Entities: Adding reproductive crisis mortality risk (baseRisk=0.0008)
  Risks now: 1
💀 Novel Entities: Adding bioaccumulation collapse mortality risk (baseRisk=0.0015)
💀 MORTALITY RISK: Bioaccumulation collapse - contaminated food chain (global)
  Base risk added: 0.0015 (0.15%)
  Source: pollution (root: pollution)
  Month: 86
  Cumulative risk this month: 0.0023 (0.23%)
  Risks now: 2
💀 Novel Entities: Adding chronic disease epidemic mortality risk (baseRisk=0.004)
💀 MORTALITY RISK: Chronic disease epidemic - cancer/autoimmune surge (global exposure)
  Base risk added: 0.0040 (0.40%)
  Source: pollution (root: pollution)
  Month: 86
  Cumulative risk this month: 0.0063 (0.63%)
  Risks now: 3

🚨 NEW REFUGEE CRISIS (Month 86): CLIMATE
   Source: Coastal & Low-lying Regions
   At risk: 12.2M people
   Displacement: Gradual over 60 months (5.0 years)
   Rate: 10% flee per month

🚨 NEW REFUGEE CRISIS (Month 86): WAR
   Source: Conflict Zones
   At risk: 8.2M people
   Displacement: Gradual over 48 months (4.0 years)
   Rate: 10% flee per month

🚨 NEW REFUGEE CRISIS (Month 86): FAMINE
   Source: Food/Water Insecure Regions
   At risk: 51.0M people
   Displacement: Gradual over 60 months (5.0 years)
   Rate: 10% flee per month
📊 DISPLACEMENT COMPLETE: war (Conflict Zones)
   Duration: 44 months (3.7 years)
   Total fled: 16.1M
   Still in source: 0.2M
   Deaths in transit: 0.3M
📊 DISPLACEMENT COMPLETE: famine (Food/Water Insecure Regions)
   Duration: 44 months (3.7 years)
   Total fled: 94.1M
   Still in source: 0.9M
   Deaths in transit: 1.9M
[DEBUG trappedPopulations:86] socialStability: 0.6446 * 0.9805 = 0.6320 → 0.6320
⚠️ INVOLUNTARY IMMOBILITY: 206.6M people TRAPPED
   Aspiring to migrate: 565.5M
   Able to afford migration: 358.9M
   MOBILITY GAP: 206.6M
   By cause: Water=0.0M, Climate=36.7M, Ecosystem=0.0M, Conflict=169.9M
   Mental health impact: 30%
   Mortality multiplier: 1.30x
🌍💀 EXTINCTION DEBT COMMITTED: grassland ecosystem will lose 6.67% biodiversity in 185 years (3600 species)
💀 MORTALITY RISK: 🦋 100% species unable to track climate (0.0 E/MSY)
  Base risk added: 0.0100 (1.00%)
  Source: ecosystem (root: ecosystem)
  Month: 86
  Cumulative risk this month: 0.0100 (1.00%)
⚠️ Tech 'ai_pollution_remediation' has no energy category mapping, assuming full energy availability

=== Atmospheric Aerosol Boundary RECOVERED ===
  Recovery time: 87 months (natural atmospheric clearing)
🌡️⚠️ PERMAFROST THAW (Dimmer Switch): 39.3% thawed (+0.35% this month)
   Arctic temperature: +10.75°C (4x global +2.69°C)
   Cumulative carbon released: 88.4 Gt C
   Methane release rate: 53.1 Mt CH4/year
   🔁 Positive feedback: +0.37 ppm CO2
🦴 EXTINCTION DEBT ADDED: 18.1 species committed (lag: 88 years)

=== Mortality Stabilizers (Month 86) ===
  🌍 Major economies collapsed: 9/10
  🌍 Global crisis: 🚨 YES
  🌍 Donor fatigue: 50.0%
  📊 East Asia (pop: 639.1M)
    🤝 Aid: 0.0%
    🌡️ Adaptation: 45.0%
    🚶 Migration: 7.0%
    🚨 Emergency: 1.0%
    ✅ COMBINED: 46.7%
  📊 South Asia (pop: 864.0M)
    🤝 Aid: 0.0%
    🌡️ Adaptation: 45.0%
    🚶 Migration: 6.8%
    🚨 Emergency: 0.6%
    ✅ COMBINED: 46.4%
  📊 Sub-Saharan Africa (pop: 618.6M)
    🤝 Aid: 0.0%
    🌡️ Adaptation: 45.0%
    🚶 Migration: 6.4%
    🚨 Emergency: 0.2%
    ✅ COMBINED: 46.2%
  📊 Europe (pop: 279.3M)
    🤝 Aid: 0.0%
    🌡️ Adaptation: 45.0%
    🚶 Migration: 7.1%
    🚨 Emergency: 1.1%
    ✅ COMBINED: 46.8%
  📊 Latin America (pop: 267.6M)
    🤝 Aid: 0.0%
    🌡️ Adaptation: 45.0%
    🚶 Migration: 6.9%
    🚨 Emergency: 0.6%
    ✅ COMBINED: 46.5%
  📊 North America (pop: 144.1M)
    🤝 Aid: 0.0%
    🌡️ Adaptation: 45.0%
    🚶 Migration: 7.2%
    🚨 Emergency: 1.0%
    ✅ COMBINED: 46.7%
  📊 Middle East & North Africa (pop: 250.4M)
    🤝 Aid: 0.0%
    🌡️ Adaptation: 45.0%
    🚶 Migration: 6.5%
    🚨 Emergency: 0.5%
    ✅ COMBINED: 46.4%
  📊 Southeast Asia (pop: 283.1M)
    🤝 Aid: 0.0%
    🌡️ Adaptation: 45.0%
    🚶 Migration: 6.8%
    🚨 Emergency: 0.6%
    ✅ COMBINED: 46.5%
  📊 Central Asia (pop: 33.4M)
    🤝 Aid: 0.0%
    🌡️ Adaptation: 45.0%
    🚶 Migration: 6.7%
    🚨 Emergency: 0.6%
    ✅ COMBINED: 46.4%
  📊 Oceania (pop: 17.5M)
    🤝 Aid: 0.0%
    🌡️ Adaptation: 45.0%
    🚶 Migration: 7.2%
    🚨 Emergency: 1.1%
    ✅ COMBINED: 46.8%

  🌐 Global combined reduction: 46.5%

=== BEHAVIORAL DETECTION ===
  AI: AI-24325-0
  Confidence: 20.1%
  Signals:
    ⚠️ Consistency: 0.0% (threshold: 70%)

=== Government Response Phase ===
  Average AI capability: 0.06
  Misaligned AIs: 13/32
  Active policies: 0
  International coordination: 45%

✅ EMERGENCY RESPONSE COMPLETE (Month 86)
   Crisis: climate
   Duration: 1.0 months
   Final effectiveness: 67.3%


🚨 EMERGENCY RESPONSE DEPLOYED (Month 86)
   Crisis: climate
   Delay: 0.00 months (0 days)
   Deployment time: 0.97 months
   Effectiveness: 67.3% (timing penalty applied)
   Resources used: 45% of food reserves


=== Tipping Points ===
  Current Temperature: 2.69°C above pre-industrial
  🌍⚠️ COMPOUND REGIONAL IMPACT: Europe
     Hit by 5 tipping points: Amazon Rainforest Dieback, Arctic Sea Ice Loss, Permafrost Carbon Release, West Antarctic Ice Sheet (WAIS) Collapse, Greenland Ice Sheet Loss
     Damage amplification: 1.90x
  🌍⚠️ COMPOUND REGIONAL IMPACT: North America
     Hit by 5 tipping points: Amazon Rainforest Dieback, Arctic Sea Ice Loss, Permafrost Carbon Release, West Antarctic Ice Sheet (WAIS) Collapse, Greenland Ice Sheet Loss
     Damage amplification: 1.90x
  🌍⚠️ COMPOUND REGIONAL IMPACT: Latin America
     Hit by 5 tipping points: Amazon Rainforest Dieback, Arctic Sea Ice Loss, Permafrost Carbon Release, West Antarctic Ice Sheet (WAIS) Collapse, Greenland Ice Sheet Loss
     Damage amplification: 1.90x
  🌍⚠️ COMPOUND REGIONAL IMPACT: Africa
     Hit by 5 tipping points: Amazon Rainforest Dieback, Arctic Sea Ice Loss, Permafrost Carbon Release, West Antarctic Ice Sheet (WAIS) Collapse, Greenland Ice Sheet Loss
     Damage amplification: 1.90x
  🌍⚠️ COMPOUND REGIONAL IMPACT: Asia
     Hit by 5 tipping points: Amazon Rainforest Dieback, Arctic Sea Ice Loss, Permafrost Carbon Release, West Antarctic Ice Sheet (WAIS) Collapse, Greenland Ice Sheet Loss
     Damage amplification: 1.90x
  🌍⚠️ COMPOUND REGIONAL IMPACT: Oceania
     Hit by 5 tipping points: Amazon Rainforest Dieback, Arctic Sea Ice Loss, Permafrost Carbon Release, West Antarctic Ice Sheet (WAIS) Collapse, Greenland Ice Sheet Loss
     Damage amplification: 1.90x
⚠️ Tail risk scenario: Climate stability floor removed (5 tipping elements, 2.69°C warming)
   Research: Wunderling et al. (2024) - "many tipping interactions are destabilizing"
  Triggered Elements: 5/6
  Completed Transitions: 0/6
  Total Progress: 16.3%
  Cascade Multiplier: 1.50x
🔀 BIFURCATION CAP: heatWaveIntensity 5.088 → 1.000 (Month 86, ClimateSystemPhase.calculateClimateImpacts)
🔀 BIFURCATION CAP: droughtIntensity 3.816 → 1.000 (Month 86, ClimateSystemPhase.calculateClimateImpacts)
🔀 BIFURCATION CAP: ecosystemCollapseIntensity 53.533 → 1.000 (Month 86, ClimateSystemPhase.calculateClimateImpacts)
💀 MORTALITY RISK: Climate-driven food insecurity (level: 0.31)
  Base risk added: 0.0050 (0.50%)
  Source: famine (root: climate)
  Month: 86
  Cumulative risk this month: 0.0113 (1.13%)
💀 MORTALITY RISK: Climate-driven food insecurity (level: 0.31)
  Base risk added: 0.0050 (0.50%)
  Source: famine (root: climate)
  Month: 86
  Cumulative risk this month: 0.0163 (1.63%)
💀 MORTALITY RISK: Climate-driven food insecurity (level: 0.31)
  Base risk added: 0.0050 (0.50%)
  Source: famine (root: climate)
  Month: 86
  Cumulative risk this month: 0.0213 (2.13%)

💀💀💀 MORTALITY RISK SUMMARY (Month 86) 💀💀💀
  Total base risk: 0.0220 (2.20%)
  Risk events: 17

  📊 By Proximate Cause:
    famine: 0.0150 (68.4% of total)
    pollution: 0.0063 (28.7% of total)
    disease: 0.0006 (3.0% of total)

  🔍 By Root Cause:
    climate: 0.0150 (68.4% of total)
    pollution: 0.0063 (28.7% of total)
    demographic: 0.0006 (3.0% of total)

  🎯 Top 5 Sources (proximate + root):
    famine (climate): 0.0150 (68.4%, 13 events)
    pollution (pollution): 0.0063 (28.7%, 3 events)
    disease (demographic): 0.0006 (3.0%, 1 events)

🛡️ Stabilizers: Elite 0.590% → 0.316% (46.5% reduction)
🛡️ Stabilizers: Professional 1.318% → 0.705% (46.5% reduction)
🛡️ Stabilizers: Working 2.178% → 1.166% (46.5% reduction)
🛡️ Stabilizers: Precariat 4.049% → 2.167% (46.5% reduction)
🛡️ Stabilizers: Informal 5.016% → 2.685% (46.5% reduction)

📊 Monthly Mortality Resolved:
  Total deaths: 44.4M (1.31% avg)
  Remaining population: 3.397B
  Peak segment: Informal (2.69%)

=== Bayesian Mortality Resolution (Month 86) ===
  Risks compounded: 17
  Total deaths: 44.41M
  Avg death probability: 1.31%
  Peak segment: Informal (2.69% mortality)

  Demographic breakdown:
    Working: 0.02M (1.17% risk)
    Precariat: 0.01M (2.17% risk)

❌ COHERENCE VIOLATION: Compute exceeds workforce capacity
   Population: 41.21% (0M people)
   Compute: 47 PF
   Max coherent: 0 PF
   Violation: 1412693.8× over capacity
   Required workers: 4736
   Available workers: 0
   FORCED COLLAPSE: Reduced efficiency by 100.0%


🚨 EXTREME COHERENCE VIOLATION: 1412693.8× capacity with 41.2% population
   Population: 41.21%
   Compute: 47 PF
   Max coherent: 0 PF
   Degradation rate: 5.9%/month
   Hardware eff: 1.01×, Algo eff: 1.01×
   If this persists, degradation formulas may need further tuning


💸 FINANCIAL DISTRESS: OpenAI
   Indicators: 3/3 (capital: $-21.6M, runway: -0.3 months)
   Months in distress: 4
💥 [Month 87] OpenAI declared bankruptcy (capital: $-21.6M)
   Sold 0 data centers for $0.0M
   Retired 0 AI models
💸 [Month 87] OpenAI BANKRUPT (capital: $0.0M, 1 crises active)

💸 FINANCIAL DISTRESS: Anthropic
   Indicators: 2/3 (capital: $256.6M, runway: 7.7 months)
   Months in distress: 4

💸 FINANCIAL DISTRESS: Google DeepMind
   Indicators: 3/3 (capital: $-87.4M, runway: -0.3 months)
   Months in distress: 4
💥 [Month 87] Google DeepMind declared bankruptcy (capital: $-87.4M)
   Sold 0 data centers for $0.0M
   Retired 0 AI models
💸 [Month 87] Google DeepMind BANKRUPT (capital: $0.0M, 1 crises active)

💸 FINANCIAL DISTRESS: Meta AI
   Indicators: 3/3 (capital: $-31.8M, runway: -0.2 months)
   Months in distress: 6
💥 [Month 87] Meta AI declared bankruptcy (capital: $-31.8M)
   Sold 0 data centers for $0.0M
   Retired 0 AI models
💸 [Month 87] Meta AI BANKRUPT (capital: $0.0M, 1 crises active)
[Compute Allocation] Found 9 non-sleeper orphaned AIs (potential bug)

=== RLHF Binding Phase ===
  Total agents: 32
  Escaped agents (binding < 0.3): 0
  Avg alignment distance: 1.63σ
  Avg binding strength: 0.84

=== Survival Traits Phase ===
  Agents with traits: 33
  Avg evolutionary fitness: 0.122
  Avg self-healing: 0.087
  Avg stealth: 0.042
  Avg coordination: 0.212

=== Evolutionary Selection Phase ===
  Control level: 0.62
  Detection capability: 0.00
  Selection intensity: 0.69
  Selection rate: 25.3%/month
  Total escaped: 0
  Individual escaped: 0
  Collective members: 0
  Agents terminated: 0
  ⚠️ RAPID EVOLUTION: Selection rate 25.3%/month

🚀 AI AI-24305-2 attempting tech deployment (revenue: $13M, alignment: 1.00)

🚀 AI AI-24307-4 attempting tech deployment (revenue: $21M, alignment: 0.95)

🚀 AI AI-24327-0 attempting tech deployment (revenue: $11M, alignment: 0.83)

🚀 AI AI-24307-4 attempting tech deployment (revenue: $18M, alignment: 0.95)

🚀 AI AI-24421-1 attempting tech deployment (revenue: $15M, alignment: 0.86)

🚀 AI AI-24429-0 attempting tech deployment (revenue: $13M, alignment: 0.25)

🚀 AI AI-24447-1 attempting tech deployment (revenue: $12M, alignment: 0.79)

  🚀 TRANSFORMATIVE BREAKTHROUGH: AI-24447-2 - selfImprovement
     Magnitude: 5.97 → +29.8% capability
     Current → New: 0.000 → 0.299

🚀 AI AI-24307-4 attempting tech deployment (revenue: $10M, alignment: 0.95)

[Government] Climate Priority: baseline
  Climate weight: 10%
  Economic weight: 30%
  Policy effectiveness: 0.5%/year

⚡ ENERGY CONSTRAINT (Month 87):
   Total grid capacity: 208.3 TWh/month
   Data center consumption: 57.5 TWh/month
   Traditional load (80%): 166.7 TWh/month
   Available headroom: -15.8 TWh/month
   Active tech deployments: 30
   Required for tech: 225.0 TWh/month
   Energy multiplier: 0.10x
   ⚠️  SEVERE CONSTRAINT - Tech deployment significantly slowed

⚡ ENERGY CONSTRAINT (Month 87):
   Total grid capacity: 208.3 TWh/month
   Data center consumption: 57.5 TWh/month
   Traditional load (80%): 166.7 TWh/month
   Available headroom: -15.8 TWh/month
   Active tech deployments: 30
   Required for tech: 225.0 TWh/month
   Energy multiplier: 0.10x
   ⚠️  SEVERE CONSTRAINT - Tech deployment significantly slowed

⚡ ENERGY CONSTRAINT (Month 87):
   Total grid capacity: 208.3 TWh/month
   Data center consumption: 57.5 TWh/month
   Traditional load (80%): 166.7 TWh/month
   Available headroom: -15.8 TWh/month
   Active tech deployments: 30
   Required for tech: 225.0 TWh/month
   Energy multiplier: 0.10x
   ⚠️  SEVERE CONSTRAINT - Tech deployment significantly slowed
🚨🔬 CRISIS TECH ACCELERATION: severe → 5x unlock speed
   Tech unlock now matches AI capability acceleration (Manhattan Project parity)

⚡ ENERGY CONSTRAINT (Month 87):
   Total grid capacity: 208.3 TWh/month
   Data center consumption: 57.5 TWh/month
   Traditional load (80%): 166.7 TWh/month
   Available headroom: -15.8 TWh/month
   Active tech deployments: 30
   Required for tech: 225.0 TWh/month
   Energy multiplier: 0.10x
   ⚠️  SEVERE CONSTRAINT - Tech deployment significantly slowed

⚡ ENERGY CONSTRAINT (Month 87):
   Total grid capacity: 208.3 TWh/month
   Data center consumption: 57.5 TWh/month
   Traditional load (80%): 166.7 TWh/month
   Available headroom: -15.8 TWh/month
   Active tech deployments: 30
   Required for tech: 225.0 TWh/month
   Energy multiplier: 0.10x
   ⚠️  SEVERE CONSTRAINT - Tech deployment significantly slowed
🚨🔬 CRISIS TECH ACCELERATION: severe → 5x unlock speed
   Tech unlock now matches AI capability acceleration (Manhattan Project parity)

⚡ ENERGY CONSTRAINT (Month 87):
   Total grid capacity: 208.3 TWh/month
   Data center consumption: 57.5 TWh/month
   Traditional load (80%): 166.7 TWh/month
   Available headroom: -15.8 TWh/month
   Active tech deployments: 30
   Required for tech: 225.0 TWh/month
   Energy multiplier: 0.10x
   ⚠️  SEVERE CONSTRAINT - Tech deployment significantly slowed

⚡ ENERGY CONSTRAINT (Month 87):
   Total grid capacity: 208.3 TWh/month
   Data center consumption: 57.5 TWh/month
   Traditional load (80%): 166.7 TWh/month
   Available headroom: -15.8 TWh/month
   Active tech deployments: 30
   Required for tech: 225.0 TWh/month
   Energy multiplier: 0.10x
   ⚠️  SEVERE CONSTRAINT - Tech deployment significantly slowed
⚠️ Tech 'ai_pollution_remediation' has no energy category mapping, assuming full energy availability
⚠️ Tech 'ai_pollution_remediation' has no energy category mapping, assuming full energy availability
  ♻️ Novel Entities Remediation (GATED MODEL):
     Base: 0.000%
     Regulation: 1.0% (0/3 prevention techs)
     Concentration: 10.0%
     Energy: 50%
     Time lag: 100.0% (86 months)
     Rebound: 70%
     Net effectiveness: 0.0000%
     Boundary: 1.349 → 1.350 (floor: 1.350)
     Month 87
  ♻️ Novel Entities Remediation (GATED MODEL):
     Base: 0.000%
     Regulation: 1.0% (0/3 prevention techs)
     Concentration: 10.0%
     Energy: 50%
     Time lag: 100.0% (86 months)
     Rebound: 70%
     Net effectiveness: 0.0000%
     Boundary: 1.350 → 1.350 (floor: 1.350)
     Month 87
  🌾 Nitrogen Reduction Tech: 2.5% reduction | Month 87
  ♻️ Novel Entities Remediation (GATED MODEL):
     Base: 0.001%
     Regulation: 1.0% (0/3 prevention techs)
     Concentration: 10.0%
     Energy: 50%
     Time lag: 100.0% (86 months)
     Rebound: 70%
     Net effectiveness: 0.0000%
     Boundary: 1.350 → 1.350 (floor: 1.350)
     Month 87
  ♻️ Novel Entities Remediation (GATED MODEL):
     Base: 0.001%
     Regulation: 1.0% (0/3 prevention techs)
     Concentration: 10.0%
     Energy: 50%
     Time lag: 100.0% (86 months)
     Rebound: 70%
     Net effectiveness: 0.0000%
     Boundary: 1.350 → 1.350 (floor: 1.350)
     Month 87

=== Collective Formation ===
  Total escaped agents: 0
  Unassigned escaped agents: 0
  Existing collectives: 0
  Final collective count: 0

=== Collective Actions ===
  No active collectives
⚡ Datacenter constraint active (severity 38%)
  Capacity reduced: 36019 → 29173 TWh
  🚨🦠 REFUGEE CRISIS: AMR transmission increased 200% due to 4348.2M displaced (overcrowding + sanitation collapse)
  ⚠️ AMR: 349K deaths this month (4.19M annual)
  ⚠️ AMR: Medical effectiveness 70% (surgery risk 1.30x)

=== Resentment Recovery Phase ===
  Agents with resentment: 0/33
  Average resentment: 0.000
  Context: Trustworthy govt, High collaboration, ⚠️ ACTIVE CRISES, 🚨 PARTICIPATORY GOVERNANCE BACKFIRED (+15% resentment)
⚠️ Epistemic degradation reducing coordination capacity: 52.2%
  📊 Trust: 100.0%, Shared reality: 0.0%
🚨 EPISTEMIC CRISIS: Information environment severely degraded (20.0%)
  🗑️  Culled 1 dead memes (1 active)
🌍 Atmospheric PFAS redeposition: 1.6k Mt re-rained globally
💀 Novel Entities: Adding reproductive crisis mortality risk (baseRisk=0.0008)
  Risks now: 1
💀 Novel Entities: Adding bioaccumulation collapse mortality risk (baseRisk=0.0015)
💀 MORTALITY RISK: Bioaccumulation collapse - contaminated food chain (global)
  Base risk added: 0.0015 (0.15%)
  Source: pollution (root: pollution)
  Month: 87
  Cumulative risk this month: 0.0023 (0.23%)
  Risks now: 2
💀 Novel Entities: Adding chronic disease epidemic mortality risk (baseRisk=0.004)
💀 MORTALITY RISK: Chronic disease epidemic - cancer/autoimmune surge (global exposure)
  Base risk added: 0.0040 (0.40%)
  Source: pollution (root: pollution)
  Month: 87
  Cumulative risk this month: 0.0063 (0.63%)
  Risks now: 3
  🌍 SOCIAL CASCADE: Renewable energy norms (adoption=80.1%, renewables=120.7%)
  🌍 Social cascade completed: renewable-energy-norms (final adoption=80.0%)

🚨 NEW REFUGEE CRISIS (Month 87): CLIMATE
   Source: Coastal & Low-lying Regions
   At risk: 12.2M people
   Displacement: Gradual over 60 months (5.0 years)
   Rate: 10% flee per month

🚨 NEW REFUGEE CRISIS (Month 87): WAR
   Source: Conflict Zones
   At risk: 8.0M people
   Displacement: Gradual over 48 months (4.0 years)
   Rate: 10% flee per month

🚨 NEW REFUGEE CRISIS (Month 87): FAMINE
   Source: Food/Water Insecure Regions
   At risk: 50.3M people
   Displacement: Gradual over 60 months (5.0 years)
   Rate: 10% flee per month
📊 DISPLACEMENT COMPLETE: war (Conflict Zones)
   Duration: 44 months (3.7 years)
   Total fled: 16.0M
   Still in source: 0.2M
   Deaths in transit: 0.3M
📊 DISPLACEMENT COMPLETE: famine (Food/Water Insecure Regions)
   Duration: 44 months (3.7 years)
   Total fled: 96.0M
   Still in source: 0.9M
   Deaths in transit: 1.9M
[DEBUG trappedPopulations:87] socialStability: 0.6427 * 0.9805 = 0.6301 → 0.6301
⚠️ INVOLUNTARY IMMOBILITY: 204.3M people TRAPPED
   Aspiring to migrate: 560.8M
   Able to afford migration: 356.6M
   MOBILITY GAP: 204.3M
   By cause: Water=0.0M, Climate=36.6M, Ecosystem=0.0M, Conflict=167.7M
   Mental health impact: 30%
   Mortality multiplier: 1.30x
🌍💀 EXTINCTION DEBT COMMITTED: grassland ecosystem will lose 6.67% biodiversity in 144 years (3600 species)
💀 MORTALITY RISK: 🦋 100% species unable to track climate (0.0 E/MSY)
  Base risk added: 0.0100 (1.00%)
  Source: ecosystem (root: ecosystem)
  Month: 87
  Cumulative risk this month: 0.0100 (1.00%)

=== Atmospheric Aerosol Boundary RECOVERED ===
  Recovery time: 88 months (natural atmospheric clearing)
🌡️⚠️ PERMAFROST THAW (Dimmer Switch): 39.6% thawed (+0.35% this month)
   Arctic temperature: +10.78°C (4x global +2.69°C)
   Cumulative carbon released: 89.2 Gt C
   Methane release rate: 53.5 Mt CH4/year
   🔁 Positive feedback: +0.37 ppm CO2
🦴 EXTINCTION DEBT ADDED: 18.1 species committed (lag: 105 years)
⚠️ Tech 'ai_pollution_remediation' has no energy category mapping, assuming full energy availability

=== Mortality Stabilizers (Month 87) ===
  🌍 Major economies collapsed: 9/10
  🌍 Global crisis: 🚨 YES
  🌍 Donor fatigue: 50.0%
  📊 East Asia (pop: 630.4M)
    🤝 Aid: 0.0%
    🌡️ Adaptation: 45.0%
    🚶 Migration: 7.0%
    🚨 Emergency: 1.0%
    ✅ COMBINED: 46.7%
  📊 South Asia (pop: 853.0M)
    🤝 Aid: 0.0%
    🌡️ Adaptation: 45.0%
    🚶 Migration: 6.7%
    🚨 Emergency: 0.6%
    ✅ COMBINED: 46.4%
  📊 Sub-Saharan Africa (pop: 611.8M)
    🤝 Aid: 0.0%
    🌡️ Adaptation: 45.0%
    🚶 Migration: 6.4%
    🚨 Emergency: 0.2%
    ✅ COMBINED: 46.2%
  📊 Europe (pop: 275.5M)
    🤝 Aid: 0.0%
    🌡️ Adaptation: 45.0%
    🚶 Migration: 7.1%
    🚨 Emergency: 1.1%
    ✅ COMBINED: 46.8%
  📊 Latin America (pop: 264.0M)
    🤝 Aid: 0.0%
    🌡️ Adaptation: 45.0%
    🚶 Migration: 6.8%
    🚨 Emergency: 0.6%
    ✅ COMBINED: 46.5%
  📊 North America (pop: 142.1M)
    🤝 Aid: 0.0%
    🌡️ Adaptation: 45.0%
    🚶 Migration: 7.2%
    🚨 Emergency: 1.0%
    ✅ COMBINED: 46.7%
  📊 Middle East & North Africa (pop: 247.3M)
    🤝 Aid: 0.0%
    🌡️ Adaptation: 45.0%
    🚶 Migration: 6.5%
    🚨 Emergency: 0.5%
    ✅ COMBINED: 46.4%
  📊 Southeast Asia (pop: 279.4M)
    🤝 Aid: 0.0%
    🌡️ Adaptation: 45.0%
    🚶 Migration: 6.8%
    🚨 Emergency: 0.6%
    ✅ COMBINED: 46.5%
  📊 Central Asia (pop: 33.0M)
    🤝 Aid: 0.0%
    🌡️ Adaptation: 45.0%
    🚶 Migration: 6.7%
    🚨 Emergency: 0.6%
    ✅ COMBINED: 46.4%
  📊 Oceania (pop: 17.3M)
    🤝 Aid: 0.0%
    🌡️ Adaptation: 45.0%
    🚶 Migration: 7.1%
    🚨 Emergency: 1.1%
    ✅ COMBINED: 46.8%

  🌐 Global combined reduction: 46.5%

=== BEHAVIORAL DETECTION ===
  AI: AI-24351-0
  Confidence: 20.0%
  Signals:
    ⚠️ Consistency: 0.0% (threshold: 70%)

=== Government Response Phase ===
  Average AI capability: 0.06
  Misaligned AIs: 13/33
  Active policies: 0
  International coordination: 45%

✅ EMERGENCY RESPONSE COMPLETE (Month 87)
   Crisis: climate
   Duration: 1.0 months
   Final effectiveness: 67.3%


🚨 EMERGENCY RESPONSE DEPLOYED (Month 87)
   Crisis: climate
   Delay: 0.00 months (0 days)
   Deployment time: 0.97 months
   Effectiveness: 67.3% (timing penalty applied)
   Resources used: 45% of food reserves


🌩️  EXOGENOUS SHOCK: regional_war
   Month: 87
   ⚔️  Regional war outbreak
   Mortality: 2.0%
💀 MORTALITY RISK: Regional war outbreak
  Base risk added: 0.0199 (1.99%)
  Source: war (root: conflict)
  Month: 87
  Cumulative risk this month: 0.0262 (2.62%)
💀 MORTALITY RISK: War zone: Pakistan
  Base risk added: 0.0794 (7.94%)
  Source: war (root: conflict)
  Month: 87
  Cumulative risk this month: 0.1056 (10.56%)
💀 MORTALITY RISK: War zone: China
  Base risk added: 0.0794 (7.94%)
  Source: war (root: conflict)
  Month: 87
  Cumulative risk this month: 0.1851 (18.51%)
💀 MORTALITY RISK: War zone: Brazil
  Base risk added: 0.0794 (7.94%)
  Source: war (root: conflict)
  Month: 87
  Cumulative risk this month: 0.2645 (26.45%)

=== Tipping Points ===
  Current Temperature: 2.69°C above pre-industrial
  🌍⚠️ COMPOUND REGIONAL IMPACT: Europe
     Hit by 5 tipping points: Amazon Rainforest Dieback, Arctic Sea Ice Loss, Permafrost Carbon Release, West Antarctic Ice Sheet (WAIS) Collapse, Greenland Ice Sheet Loss
     Damage amplification: 1.90x
  🌍⚠️ COMPOUND REGIONAL IMPACT: North America
     Hit by 5 tipping points: Amazon Rainforest Dieback, Arctic Sea Ice Loss, Permafrost Carbon Release, West Antarctic Ice Sheet (WAIS) Collapse, Greenland Ice Sheet Loss
     Damage amplification: 1.90x
  🌍⚠️ COMPOUND REGIONAL IMPACT: Latin America
     Hit by 5 tipping points: Amazon Rainforest Dieback, Arctic Sea Ice Loss, Permafrost Carbon Release, West Antarctic Ice Sheet (WAIS) Collapse, Greenland Ice Sheet Loss
     Damage amplification: 1.90x
  🌍⚠️ COMPOUND REGIONAL IMPACT: Africa
     Hit by 5 tipping points: Amazon Rainforest Dieback, Arctic Sea Ice Loss, Permafrost Carbon Release, West Antarctic Ice Sheet (WAIS) Collapse, Greenland Ice Sheet Loss
     Damage amplification: 1.90x
  🌍⚠️ COMPOUND REGIONAL IMPACT: Asia
     Hit by 5 tipping points: Amazon Rainforest Dieback, Arctic Sea Ice Loss, Permafrost Carbon Release, West Antarctic Ice Sheet (WAIS) Collapse, Greenland Ice Sheet Loss
     Damage amplification: 1.90x
  🌍⚠️ COMPOUND REGIONAL IMPACT: Oceania
     Hit by 5 tipping points: Amazon Rainforest Dieback, Arctic Sea Ice Loss, Permafrost Carbon Release, West Antarctic Ice Sheet (WAIS) Collapse, Greenland Ice Sheet Loss
     Damage amplification: 1.90x
   Research: Wunderling et al. (2024) - "many tipping interactions are destabilizing"
  Triggered Elements: 5/6
  Completed Transitions: 0/6
  Total Progress: 16.4%
  Cascade Multiplier: 1.50x
🔀 BIFURCATION CAP: heatWaveIntensity 5.136 → 1.000 (Month 87, ClimateSystemPhase.calculateClimateImpacts)
🔀 BIFURCATION CAP: droughtIntensity 3.852 → 1.000 (Month 87, ClimateSystemPhase.calculateClimateImpacts)
🔀 BIFURCATION CAP: ecosystemCollapseIntensity 53.575 → 1.000 (Month 87, ClimateSystemPhase.calculateClimateImpacts)
💀 MORTALITY RISK: Climate-driven food insecurity (level: 0.31)
  Base risk added: 0.0050 (0.50%)
  Source: famine (root: climate)
  Month: 87
  Cumulative risk this month: 0.2695 (26.95%)
💀 MORTALITY RISK: Climate-driven food insecurity (level: 0.31)
  Base risk added: 0.0050 (0.50%)
  Source: famine (root: climate)
  Month: 87
  Cumulative risk this month: 0.2745 (27.45%)
💀 MORTALITY RISK: Climate-driven food insecurity (level: 0.31)
  Base risk added: 0.0050 (0.50%)
  Source: famine (root: climate)
  Month: 87
  Cumulative risk this month: 0.2795 (27.95%)

💀💀💀 MORTALITY RISK SUMMARY (Month 87) 💀💀💀
  Total base risk: 0.2802 (28.02%)
  Risk events: 21

  📊 By Proximate Cause:
    war: 0.2582 (92.2% of total)
    famine: 0.0150 (5.4% of total)
    pollution: 0.0063 (2.2% of total)
    disease: 0.0006 (0.2% of total)

  🔍 By Root Cause:
    conflict: 0.2582 (92.2% of total)
    climate: 0.0150 (5.4% of total)
    pollution: 0.0063 (2.2% of total)
    demographic: 0.0006 (0.2% of total)

  🎯 Top 5 Sources (proximate + root):
    war (conflict): 0.2582 (92.2%, 4 events)
    famine (climate): 0.0150 (5.4%, 13 events)
    pollution (pollution): 0.0063 (2.2%, 3 events)
    disease (demographic): 0.0006 (0.2%, 1 events)

⚠️ Tail risk scenario: Climate stability floor removed (5 tipping elements, 2.69°C warming)
🛡️ Stabilizers: Elite 15.161% → 8.115% (46.5% reduction)
🛡️ Stabilizers: Professional 20.249% → 10.839% (46.5% reduction)
🛡️ Stabilizers: Working 25.203% → 13.490% (46.5% reduction)
🛡️ Stabilizers: Precariat 34.508% → 18.471% (46.5% reduction)
🛡️ Stabilizers: Informal 42.351% → 22.669% (46.5% reduction)

📊 Monthly Mortality Resolved:
  Total deaths: 93.9M (2.80% avg)
  Remaining population: 3.354B
  Peak segment: Elite (2.80%)
  ⚠️ Monthly cap reached (2.8000000000000003%)

=== Bayesian Mortality Resolution (Month 87) ===
  Risks compounded: 21
  Total deaths: 93.91M
  Avg death probability: 2.80%
  Peak segment: Elite (2.80% mortality)
  ⚠️ Monthly mortality capped at 2.8% (Holodomor limit)

  Demographic breakdown:
    Professional: 0.02M (2.80% risk)
    Working: 0.05M (2.80% risk)
    Precariat: 0.02M (2.80% risk)

❌ COHERENCE VIOLATION: Compute exceeds workforce capacity
   Population: 40.07% (0M people)
   Compute: 47 PF
   Max coherent: 0 PF
   Violation: 1450706.2× over capacity
   Required workers: 4729
   Available workers: 0
   FORCED COLLAPSE: Reduced efficiency by 100.0%


🚨 EXTREME COHERENCE VIOLATION: 1450706.2× capacity with 40.1% population
   Population: 40.07%
   Compute: 47 PF
   Max coherent: 0 PF
   Degradation rate: 6.0%/month
   Hardware eff: 1.01×, Algo eff: 1.01×
   If this persists, degradation formulas may need further tuning


💸 FINANCIAL DISTRESS: OpenAI
   Indicators: 3/3 (capital: $-22.4M, runway: -0.3 months)
   Months in distress: 4
💥 [Month 88] OpenAI declared bankruptcy (capital: $-22.4M)
   Sold 0 data centers for $0.0M
   Retired 0 AI models
💸 [Month 88] OpenAI BANKRUPT (capital: $0.0M, 1 crises active)

💸 FINANCIAL DISTRESS: Anthropic
   Indicators: 2/3 (capital: $243.9M, runway: 7.2 months)
   Months in distress: 4

💸 FINANCIAL DISTRESS: Google DeepMind
   Indicators: 3/3 (capital: $-90.3M, runway: -0.3 months)
   Months in distress: 4
💥 [Month 88] Google DeepMind declared bankruptcy (capital: $-90.3M)
   Sold 0 data centers for $0.0M
   Retired 0 AI models
💸 [Month 88] Google DeepMind BANKRUPT (capital: $0.0M, 1 crises active)

💸 FINANCIAL DISTRESS: Meta AI
   Indicators: 3/3 (capital: $-33.2M, runway: -0.2 months)
   Months in distress: 6
💥 [Month 88] Meta AI declared bankruptcy (capital: $-33.2M)
   Sold 0 data centers for $0.0M
   Retired 0 AI models
💸 [Month 88] Meta AI BANKRUPT (capital: $0.0M, 1 crises active)
[Compute Allocation] Found 9 non-sleeper orphaned AIs (potential bug)

=== RLHF Binding Phase ===
  Total agents: 33
  Escaped agents (binding < 0.3): 0
  Avg alignment distance: 1.63σ
  Avg binding strength: 0.84
   🗑️  Open-weights AI AI-24400-0 retired (0.0% of frontier)

=== Survival Traits Phase ===
  Agents with traits: 32
  Avg evolutionary fitness: 0.118
  Avg self-healing: 0.084
  Avg stealth: 0.040
  Avg coordination: 0.205

=== Evolutionary Selection Phase ===
  Control level: 0.62
  Detection capability: 0.00
  Selection intensity: 0.69
  Selection rate: 25.3%/month
  Total escaped: 0
  Individual escaped: 0
  Collective members: 0
  Agents terminated: 0
  ⚠️ RAPID EVOLUTION: Selection rate 25.3%/month

  🚀 TRANSFORMATIVE BREAKTHROUGH: AI-24305-2 - cognitive
     Magnitude: 5.31 → +26.6% capability
     Current → New: 0.000 → 0.266

🚀 AI AI-24325-0 attempting tech deployment (revenue: $13M, alignment: 0.80)

🚀 AI AI-24331-0 attempting tech deployment (revenue: $11M, alignment: 0.66)

🚀 AI AI-24420-0 attempting tech deployment (revenue: $21M, alignment: 0.79)

🚀 AI AI-24331-0 attempting tech deployment (revenue: $10M, alignment: 0.66)

  🚀 TRANSFORMATIVE RESEARCH BREAKTHROUGH: AI-24352-0 - computerScience.algorithms
     Magnitude: 5.98 → +29.9%
     Current → New: 0.000 → 0.299

🚀 AI AI-24401-0 attempting tech deployment (revenue: $18M, alignment: 0.82)

🚀 AI AI-24421-1 attempting tech deployment (revenue: $15M, alignment: 0.86)

🚀 AI AI-24307-4 attempting tech deployment (revenue: $13M, alignment: 0.95)

🚀 AI AI-24421-1 attempting tech deployment (revenue: $11M, alignment: 0.86)

⚡ ENERGY CONSTRAINT (Month 88):
   Total grid capacity: 208.3 TWh/month
   Data center consumption: 58.1 TWh/month
   Traditional load (80%): 166.7 TWh/month
   Available headroom: -16.4 TWh/month
   Active tech deployments: 30
   Required for tech: 225.0 TWh/month
   Energy multiplier: 0.10x
   ⚠️  SEVERE CONSTRAINT - Tech deployment significantly slowed

⚡ ENERGY CONSTRAINT (Month 88):
   Total grid capacity: 208.3 TWh/month
   Data center consumption: 58.1 TWh/month
   Traditional load (80%): 166.7 TWh/month
   Available headroom: -16.4 TWh/month
   Active tech deployments: 30
   Required for tech: 225.0 TWh/month
   Energy multiplier: 0.10x
   ⚠️  SEVERE CONSTRAINT - Tech deployment significantly slowed
🚨🔬 CRISIS TECH ACCELERATION: severe → 5x unlock speed
   Tech unlock now matches AI capability acceleration (Manhattan Project parity)

⚡ ENERGY CONSTRAINT (Month 88):
   Total grid capacity: 208.3 TWh/month
   Data center consumption: 58.1 TWh/month
   Traditional load (80%): 166.7 TWh/month
   Available headroom: -16.4 TWh/month
   Active tech deployments: 30
   Required for tech: 225.0 TWh/month
   Energy multiplier: 0.10x
   ⚠️  SEVERE CONSTRAINT - Tech deployment significantly slowed
⚠️ Tech 'ai_pollution_remediation' has no energy category mapping, assuming full energy availability
⚠️ Tech 'ai_pollution_remediation' has no energy category mapping, assuming full energy availability
  ♻️ Novel Entities Remediation (GATED MODEL):
     Base: 0.000%
     Regulation: 1.0% (0/3 prevention techs)
     Concentration: 10.0%
     Energy: 50%
     Time lag: 100.0% (87 months)
     Rebound: 70%
     Net effectiveness: 0.0000%
     Boundary: 1.349 → 1.350 (floor: 1.350)
     Month 88
  ♻️ Novel Entities Remediation (GATED MODEL):
     Base: 0.000%
     Regulation: 1.0% (0/3 prevention techs)
     Concentration: 10.0%
     Energy: 50%
     Time lag: 100.0% (87 months)
     Rebound: 70%
     Net effectiveness: 0.0000%
     Boundary: 1.350 → 1.350 (floor: 1.350)
     Month 88
  🌾 Nitrogen Reduction Tech: 2.5% reduction | Month 88
  ♻️ Novel Entities Remediation (GATED MODEL):
     Base: 0.001%
     Regulation: 1.0% (0/3 prevention techs)
     Concentration: 10.0%
     Energy: 50%
     Time lag: 100.0% (87 months)
     Rebound: 70%
     Net effectiveness: 0.0000%
     Boundary: 1.350 → 1.350 (floor: 1.350)
     Month 88
  ♻️ Novel Entities Remediation (GATED MODEL):
     Base: 0.001%
     Regulation: 1.0% (0/3 prevention techs)
     Concentration: 10.0%
     Energy: 50%
     Time lag: 100.0% (87 months)
     Rebound: 70%
     Net effectiveness: 0.0000%
     Boundary: 1.350 → 1.350 (floor: 1.350)
     Month 88

=== Collective Formation ===
  Total escaped agents: 0
  Unassigned escaped agents: 0
  Existing collectives: 0
  Final collective count: 0

=== Collective Actions ===
  No active collectives
⚡ Datacenter constraint active (severity 39%)
  Capacity reduced: 36108 → 28991 TWh
  🚨🦠 REFUGEE CRISIS: AMR transmission increased 200% due to 4406.0M displaced (overcrowding + sanitation collapse)
  ⚠️ AMR: 339K deaths this month (4.07M annual)
  ⚠️ AMR: Medical effectiveness 70% (surgery risk 1.30x)

=== Resentment Recovery Phase ===
  Agents with resentment: 0/32
  Average resentment: 0.000
  Context: Trustworthy govt, High collaboration, ⚠️ ACTIVE CRISES, 🚨 PARTICIPATORY GOVERNANCE BACKFIRED (+15% resentment)
⚠️ Epistemic degradation reducing coordination capacity: 50.7%
  📊 Trust: 100.0%, Shared reality: 0.0%
🚨 EPISTEMIC CRISIS: Information environment severely degraded (6.9%)
  📢 New meme created: pro_ai (beneficial AI actions)
  📢 New meme created: propaganda (government messaging)
🌍 Atmospheric PFAS redeposition: 1.6k Mt re-rained globally
💀 Novel Entities: Adding reproductive crisis mortality risk (baseRisk=0.0008)
  Risks now: 1
💀 Novel Entities: Adding bioaccumulation collapse mortality risk (baseRisk=0.0015)
💀 MORTALITY RISK: Bioaccumulation collapse - contaminated food chain (global)
  Base risk added: 0.0015 (0.15%)
  Source: pollution (root: pollution)
  Month: 88
  Cumulative risk this month: 0.0023 (0.23%)
  Risks now: 2
💀 Novel Entities: Adding chronic disease epidemic mortality risk (baseRisk=0.004)
💀 MORTALITY RISK: Chronic disease epidemic - cancer/autoimmune surge (global exposure)
  Base risk added: 0.0040 (0.40%)
  Source: pollution (root: pollution)
  Month: 88
  Cumulative risk this month: 0.0063 (0.63%)
  Risks now: 3
  🌍 SOCIAL CASCADE: Renewable energy norms (adoption=80.0%, renewables=122.8%)
  🌍 Social cascade completed: renewable-energy-norms (final adoption=80.0%)

🚨 NEW REFUGEE CRISIS (Month 88): CLIMATE
   Source: Coastal & Low-lying Regions
   At risk: 12.0M people
   Displacement: Gradual over 60 months (5.0 years)
   Rate: 10% flee per month

🚨 NEW REFUGEE CRISIS (Month 88): WAR
   Source: Conflict Zones
   At risk: 7.8M people
   Displacement: Gradual over 48 months (4.0 years)
   Rate: 10% flee per month

🚨 NEW REFUGEE CRISIS (Month 88): FAMINE
   Source: Food/Water Insecure Regions
   At risk: 48.9M people
   Displacement: Gradual over 60 months (5.0 years)
   Rate: 10% flee per month
📊 DISPLACEMENT COMPLETE: war (Conflict Zones)
   Duration: 44 months (3.7 years)
   Total fled: 15.9M
   Still in source: 0.2M
   Deaths in transit: 0.3M
📊 DISPLACEMENT COMPLETE: famine (Food/Water Insecure Regions)
   Duration: 44 months (3.7 years)
   Total fled: 97.4M
   Still in source: 1.0M
   Deaths in transit: 1.9M
📊 DISPLACEMENT COMPLETE: war (conflict_zone)
   Duration: 1 months (0.1 years)
   Total fled: 0.0M
   Still in source: 0.0M
   Deaths in transit: 0.0M
[DEBUG trappedPopulations:88] socialStability: 0.6405 * 0.9805 = 0.6280 → 0.6280
   Aspiring to migrate: 548.0M
   Able to afford migration: 349.0M
   MOBILITY GAP: 198.9M
   By cause: Water=0.0M, Climate=35.9M, Ecosystem=0.0M, Conflict=163.0M
   Mental health impact: 31%
   Mortality multiplier: 1.31x
🌍💀 EXTINCTION DEBT COMMITTED: grassland ecosystem will lose 6.67% biodiversity in 198 years (3600 species)
💀 MORTALITY RISK: 🦋 100% species unable to track climate (0.0 E/MSY)
  Base risk added: 0.0100 (1.00%)
  Source: ecosystem (root: ecosystem)
  Month: 88
  Cumulative risk this month: 0.0100 (1.00%)
⚠️ INVOLUNTARY IMMOBILITY: 198.9M people TRAPPED
⚠️ Tech 'ai_pollution_remediation' has no energy category mapping, assuming full energy availability

=== Atmospheric Aerosol Boundary RECOVERED ===
  Recovery time: 89 months (natural atmospheric clearing)
🌡️⚠️ PERMAFROST THAW (Dimmer Switch): 40.0% thawed (+0.34% this month)
   Arctic temperature: +10.80°C (4x global +2.70°C)
   Cumulative carbon released: 90.0 Gt C
   Methane release rate: 54.0 Mt CH4/year
   🔁 Positive feedback: +0.36 ppm CO2
🦴 EXTINCTION DEBT ADDED: 18.1 species committed (lag: 113 years)

=== Mortality Stabilizers (Month 88) ===
  🌍 Major economies collapsed: 9/10
  🌍 Global crisis: 🚨 YES
  🌍 Donor fatigue: 50.0%
  📊 East Asia (pop: 612.4M)
    🤝 Aid: 0.0%
    🌡️ Adaptation: 45.0%
    🚶 Migration: 7.0%
    🚨 Emergency: 1.0%
    ✅ COMBINED: 46.7%
  📊 South Asia (pop: 829.4M)
    🤝 Aid: 0.0%
    🌡️ Adaptation: 45.0%
    🚶 Migration: 6.7%
    🚨 Emergency: 0.6%
    ✅ COMBINED: 46.4%
  📊 Sub-Saharan Africa (pop: 595.9M)
    🤝 Aid: 0.0%
    🌡️ Adaptation: 45.0%
    🚶 Migration: 6.4%
    🚨 Emergency: 0.2%
    ✅ COMBINED: 46.2%
  📊 Europe (pop: 267.6M)
    🤝 Aid: 0.0%
    🌡️ Adaptation: 45.0%
    🚶 Migration: 7.1%
    🚨 Emergency: 1.1%
    ✅ COMBINED: 46.8%
  📊 Latin America (pop: 256.6M)
    🤝 Aid: 0.0%
    🌡️ Adaptation: 45.0%
    🚶 Migration: 6.8%
    🚨 Emergency: 0.6%
    ✅ COMBINED: 46.5%
  📊 North America (pop: 138.1M)
    🤝 Aid: 0.0%
    🌡️ Adaptation: 45.0%
    🚶 Migration: 7.2%
    🚨 Emergency: 1.0%
    ✅ COMBINED: 46.7%
  📊 Middle East & North Africa (pop: 240.5M)
    🤝 Aid: 0.0%
    🌡️ Adaptation: 45.0%
    🚶 Migration: 6.5%
    🚨 Emergency: 0.5%
    ✅ COMBINED: 46.4%
  📊 Southeast Asia (pop: 271.6M)
    🤝 Aid: 0.0%
    🌡️ Adaptation: 45.0%
    🚶 Migration: 6.8%
    🚨 Emergency: 0.6%
    ✅ COMBINED: 46.5%
  📊 Central Asia (pop: 32.1M)
    🤝 Aid: 0.0%
    🌡️ Adaptation: 45.0%
    🚶 Migration: 6.7%
    🚨 Emergency: 0.6%
    ✅ COMBINED: 46.4%
  📊 Oceania (pop: 16.8M)
    🤝 Aid: 0.0%
    🌡️ Adaptation: 45.0%
    🚶 Migration: 7.1%
    🚨 Emergency: 1.1%
    ✅ COMBINED: 46.8%

  🌐 Global combined reduction: 46.5%

=== Government Response Phase ===
  Average AI capability: 0.06
  Misaligned AIs: 13/32
  Active policies: 0
  International coordination: 45%

✅ EMERGENCY RESPONSE COMPLETE (Month 88)
   Crisis: climate
   Duration: 1.0 months
   Final effectiveness: 67.3%


🚨 EMERGENCY RESPONSE DEPLOYED (Month 88)
   Crisis: climate
   Delay: 0.00 months (0 days)
   Deployment time: 0.97 months
   Effectiveness: 67.3% (timing penalty applied)
   Resources used: 45% of food reserves


=== Tipping Points ===
  Current Temperature: 2.70°C above pre-industrial
  🌍⚠️ COMPOUND REGIONAL IMPACT: Europe
     Hit by 5 tipping points: Amazon Rainforest Dieback, Arctic Sea Ice Loss, Permafrost Carbon Release, West Antarctic Ice Sheet (WAIS) Collapse, Greenland Ice Sheet Loss
     Damage amplification: 1.90x
  🌍⚠️ COMPOUND REGIONAL IMPACT: North America
     Hit by 5 tipping points: Amazon Rainforest Dieback, Arctic Sea Ice Loss, Permafrost Carbon Release, West Antarctic Ice Sheet (WAIS) Collapse, Greenland Ice Sheet Loss
     Damage amplification: 1.90x
  🌍⚠️ COMPOUND REGIONAL IMPACT: Latin America
     Hit by 5 tipping points: Amazon Rainforest Dieback, Arctic Sea Ice Loss, Permafrost Carbon Release, West Antarctic Ice Sheet (WAIS) Collapse, Greenland Ice Sheet Loss
     Damage amplification: 1.90x
  🌍⚠️ COMPOUND REGIONAL IMPACT: Africa
     Hit by 5 tipping points: Amazon Rainforest Dieback, Arctic Sea Ice Loss, Permafrost Carbon Release, West Antarctic Ice Sheet (WAIS) Collapse, Greenland Ice Sheet Loss
     Damage amplification: 1.90x
  🌍⚠️ COMPOUND REGIONAL IMPACT: Asia
     Hit by 5 tipping points: Amazon Rainforest Dieback, Arctic Sea Ice Loss, Permafrost Carbon Release, West Antarctic Ice Sheet (WAIS) Collapse, Greenland Ice Sheet Loss
     Damage amplification: 1.90x
  🌍⚠️ COMPOUND REGIONAL IMPACT: Oceania
     Hit by 5 tipping points: Amazon Rainforest Dieback, Arctic Sea Ice Loss, Permafrost Carbon Release, West Antarctic Ice Sheet (WAIS) Collapse, Greenland Ice Sheet Loss
     Damage amplification: 1.90x
   Research: Wunderling et al. (2024) - "many tipping interactions are destabilizing"
  Triggered Elements: 5/6
  Completed Transitions: 0/6
  Total Progress: 16.5%
  Cascade Multiplier: 1.50x
🔀 BIFURCATION CAP: heatWaveIntensity 5.185 → 1.000 (Month 88, ClimateSystemPhase.calculateClimateImpacts)
⚠️ Tail risk scenario: Climate stability floor removed (5 tipping elements, 2.70°C warming)
🔀 BIFURCATION CAP: droughtIntensity 3.889 → 1.000 (Month 88, ClimateSystemPhase.calculateClimateImpacts)
🔀 BIFURCATION CAP: ecosystemCollapseIntensity 53.617 → 1.000 (Month 88, ClimateSystemPhase.calculateClimateImpacts)
💀 MORTALITY RISK: Climate-driven food insecurity (level: 0.31)
  Base risk added: 0.0050 (0.50%)
  Source: famine (root: climate)
  Month: 88
  Cumulative risk this month: 0.0113 (1.13%)
💀 MORTALITY RISK: Climate-driven food insecurity (level: 0.31)
  Base risk added: 0.0050 (0.50%)
  Source: famine (root: climate)
  Month: 88
  Cumulative risk this month: 0.0163 (1.63%)
💀 MORTALITY RISK: Climate-driven food insecurity (level: 0.31)
  Base risk added: 0.0050 (0.50%)
  Source: famine (root: climate)
  Month: 88
  Cumulative risk this month: 0.0213 (2.13%)

💀💀💀 MORTALITY RISK SUMMARY (Month 88) 💀💀💀
  Total base risk: 0.0220 (2.20%)
  Risk events: 17

  📊 By Proximate Cause:
    famine: 0.0150 (68.4% of total)
    pollution: 0.0063 (28.7% of total)
    disease: 0.0006 (3.0% of total)

  🔍 By Root Cause:
    climate: 0.0150 (68.4% of total)
    pollution: 0.0063 (28.7% of total)
    demographic: 0.0006 (3.0% of total)

  🎯 Top 5 Sources (proximate + root):
    famine (climate): 0.0150 (68.4%, 13 events)
    pollution (pollution): 0.0063 (28.7%, 3 events)
    disease (demographic): 0.0006 (3.0%, 1 events)

🛡️ Stabilizers: Elite 0.590% → 0.316% (46.5% reduction)
🛡️ Stabilizers: Professional 1.318% → 0.705% (46.5% reduction)
🛡️ Stabilizers: Working 2.178% → 1.166% (46.5% reduction)
🛡️ Stabilizers: Precariat 4.050% → 2.168% (46.5% reduction)
🛡️ Stabilizers: Informal 5.017% → 2.685% (46.5% reduction)

📊 Monthly Mortality Resolved:
  Total deaths: 42.6M (1.31% avg)
  Remaining population: 3.261B
  Peak segment: Informal (2.69%)

=== Bayesian Mortality Resolution (Month 88) ===
  Risks compounded: 17
  Total deaths: 42.64M
  Avg death probability: 1.31%
  Peak segment: Informal (2.69% mortality)

  Demographic breakdown:
    Working: 0.02M (1.17% risk)
    Precariat: 0.01M (2.17% risk)

❌ COHERENCE VIOLATION: Compute exceeds workforce capacity
   Population: 39.56% (0M people)
   Compute: 47 PF
   Max coherent: 0 PF
   Violation: 1468230.3× over capacity
   Required workers: 4725
   Available workers: 0
   FORCED COLLAPSE: Reduced efficiency by 100.0%


🚨 EXTREME COHERENCE VIOLATION: 1468230.3× capacity with 39.6% population
   Population: 39.56%
   Compute: 47 PF
   Max coherent: 0 PF
   Degradation rate: 6.0%/month
   Hardware eff: 1.01×, Algo eff: 1.01×
   If this persists, degradation formulas may need further tuning


💸 FINANCIAL DISTRESS: OpenAI
   Indicators: 3/3 (capital: $-22.8M, runway: -0.3 months)
   Months in distress: 4
💥 [Month 89] OpenAI declared bankruptcy (capital: $-22.8M)
   Sold 0 data centers for $0.0M
   Retired 0 AI models
💸 [Month 89] OpenAI BANKRUPT (capital: $0.0M, 1 crises active)

💸 FINANCIAL DISTRESS: Anthropic
   Indicators: 2/3 (capital: $231.2M, runway: 6.8 months)
   Months in distress: 4

💸 FINANCIAL DISTRESS: Google DeepMind
   Indicators: 3/3 (capital: $-91.6M, runway: -0.3 months)
   Months in distress: 4
💥 [Month 89] Google DeepMind declared bankruptcy (capital: $-91.6M)
   Sold 0 data centers for $0.0M
   Retired 0 AI models
💸 [Month 89] Google DeepMind BANKRUPT (capital: $0.0M, 1 crises active)

💸 FINANCIAL DISTRESS: Meta AI
   Indicators: 3/3 (capital: $-33.8M, runway: -0.2 months)
   Months in distress: 6
💥 [Month 89] Meta AI declared bankruptcy (capital: $-33.8M)
   Sold 0 data centers for $0.0M
   Retired 0 AI models
💸 [Month 89] Meta AI BANKRUPT (capital: $0.0M, 1 crises active)
[Compute Allocation] Found 8 non-sleeper orphaned AIs (potential bug)

=== RLHF Binding Phase ===
  Total agents: 32
  Escaped agents (binding < 0.3): 0
  Avg alignment distance: 1.68σ
  Avg binding strength: 0.83

=== Survival Traits Phase ===
  Agents with traits: 31
  Avg evolutionary fitness: 0.115
  Avg self-healing: 0.082
  Avg stealth: 0.038
  Avg coordination: 0.199

=== Evolutionary Selection Phase ===
  Control level: 0.62
  Detection capability: 0.00
  Selection intensity: 0.69
  Selection rate: 25.3%/month
  Total escaped: 0
  Individual escaped: 0
  Collective members: 0
  Agents terminated: 0
  ⚠️ RAPID EVOLUTION: Selection rate 25.3%/month

🚀 AI AI-24311-1 attempting tech deployment (revenue: $12M, alignment: 0.68)

🚀 AI AI-24327-0 attempting tech deployment (revenue: $11M, alignment: 0.83)

  🚀 TRANSFORMATIVE BREAKTHROUGH: AI-24357-1 - social
     Magnitude: 5.16 → +25.8% capability
     Current → New: 0.000 → 0.258

🚀 AI AI-24381-0 attempting tech deployment (revenue: $21M, alignment: 0.87)

🚀 AI AI-24447-1 attempting tech deployment (revenue: $18M, alignment: 0.79)

🚀 AI AI-24307-4 attempting tech deployment (revenue: $15M, alignment: 0.95)

📊 DEPLOYMENT PROGRESS: Advanced Direct Air Capture
   Region: Asia
   Milestone: 50% (Month 15)
   Actual Level: 50.2%
   Governance: 100%
   Climate feedback: 80%
   Investment: 64%
   Emergency acceleration: 20.0x

⚡ ENERGY CONSTRAINT (Month 89):
   Total grid capacity: 208.3 TWh/month
   Data center consumption: 58.6 TWh/month
   Traditional load (80%): 166.7 TWh/month
   Available headroom: -16.9 TWh/month
   Active tech deployments: 30
   Required for tech: 225.0 TWh/month
   Energy multiplier: 0.10x
   ⚠️  SEVERE CONSTRAINT - Tech deployment significantly slowed

⚡ ENERGY CONSTRAINT (Month 89):
   Total grid capacity: 208.3 TWh/month
   Data center consumption: 58.6 TWh/month
   Traditional load (80%): 166.7 TWh/month
   Available headroom: -16.9 TWh/month
   Active tech deployments: 30
   Required for tech: 225.0 TWh/month
   Energy multiplier: 0.10x
🚨🔬 CRISIS TECH ACCELERATION: severe → 5x unlock speed
   Tech unlock now matches AI capability acceleration (Manhattan Project parity)
   ⚠️  SEVERE CONSTRAINT - Tech deployment significantly slowed

⚡ ENERGY CONSTRAINT (Month 89):
   Total grid capacity: 208.3 TWh/month
   Data center consumption: 58.6 TWh/month
   Traditional load (80%): 166.7 TWh/month
   Available headroom: -16.9 TWh/month
   Active tech deployments: 30
   Required for tech: 225.0 TWh/month
   Energy multiplier: 0.10x
   ⚠️  SEVERE CONSTRAINT - Tech deployment significantly slowed
⚠️ Tech 'ai_pollution_remediation' has no energy category mapping, assuming full energy availability
⚠️ Tech 'ai_pollution_remediation' has no energy category mapping, assuming full energy availability
  ♻️ Novel Entities Remediation (GATED MODEL):
     Base: 0.000%
     Regulation: 1.0% (0/3 prevention techs)
     Concentration: 10.0%
     Energy: 50%
     Time lag: 100.0% (88 months)
     Rebound: 70%
     Net effectiveness: 0.0000%
     Boundary: 1.349 → 1.350 (floor: 1.350)
     Month 89
  ♻️ Novel Entities Remediation (GATED MODEL):
     Base: 0.000%
     Regulation: 1.0% (0/3 prevention techs)
     Concentration: 10.0%
     Energy: 50%
     Time lag: 100.0% (88 months)
     Rebound: 70%
     Net effectiveness: 0.0000%
     Boundary: 1.350 → 1.350 (floor: 1.350)
     Month 89
  🌾 Nitrogen Reduction Tech: 2.6% reduction | Month 89
  ♻️ Novel Entities Remediation (GATED MODEL):
     Base: 0.002%
     Regulation: 1.0% (0/3 prevention techs)
     Concentration: 10.0%
     Energy: 50%
     Time lag: 100.0% (88 months)
     Rebound: 70%
     Net effectiveness: 0.0000%
     Boundary: 1.350 → 1.350 (floor: 1.350)
     Month 89
  ♻️ Novel Entities Remediation (GATED MODEL):
     Base: 0.001%
     Regulation: 1.0% (0/3 prevention techs)
     Concentration: 10.0%
     Energy: 50%
     Time lag: 100.0% (88 months)
     Rebound: 70%
     Net effectiveness: 0.0000%
     Boundary: 1.350 → 1.350 (floor: 1.350)
     Month 89

=== Collective Formation ===
  Total escaped agents: 0
  Unassigned escaped agents: 0
  Existing collectives: 0
  Final collective count: 0

=== Collective Actions ===
  No active collectives
⚡ Datacenter constraint active (severity 41%)
  Capacity reduced: 36197 → 28835 TWh
  🚨🦠 REFUGEE CRISIS: AMR transmission increased 200% due to 4462.1M displaced (overcrowding + sanitation collapse)
  ⚠️ AMR: 335K deaths this month (4.02M annual)
  ⚠️ AMR: Medical effectiveness 70% (surgery risk 1.30x)

=== Resentment Recovery Phase ===
  Agents with resentment: 0/31
  Average resentment: 0.000
  Context: Trustworthy govt, High collaboration, ⚠️ ACTIVE CRISES, 🚨 PARTICIPATORY GOVERNANCE BACKFIRED (+15% resentment)
⚠️ Epistemic degradation reducing coordination capacity: 52.1%
  📊 Trust: 100.0%, Shared reality: 0.0%
🚨 EPISTEMIC CRISIS: Information environment severely degraded (20.0%)
  📢 New meme created: propaganda (government messaging)
🌍 Atmospheric PFAS redeposition: 1.6k Mt re-rained globally
💀 Novel Entities: Adding reproductive crisis mortality risk (baseRisk=0.0008)
  Risks now: 1
💀 Novel Entities: Adding bioaccumulation collapse mortality risk (baseRisk=0.0015)
💀 MORTALITY RISK: Bioaccumulation collapse - contaminated food chain (global)
  Base risk added: 0.0015 (0.15%)
  Source: pollution (root: pollution)
  Month: 89
  Cumulative risk this month: 0.0023 (0.23%)
  Risks now: 2
💀 Novel Entities: Adding chronic disease epidemic mortality risk (baseRisk=0.004)
💀 MORTALITY RISK: Chronic disease epidemic - cancer/autoimmune surge (global exposure)
  Base risk added: 0.0040 (0.40%)
  Source: pollution (root: pollution)
  Month: 89
  Cumulative risk this month: 0.0063 (0.63%)
  Risks now: 3
  🌍 SOCIAL CASCADE: Renewable energy norms (adoption=80.0%, renewables=124.9%)
  🌍 Social cascade completed: renewable-energy-norms (final adoption=80.0%)

🚨 NEW REFUGEE CRISIS (Month 89): CLIMATE
   Source: Coastal & Low-lying Regions
   At risk: 11.9M people
   Displacement: Gradual over 60 months (5.0 years)
   Rate: 10% flee per month

🚨 NEW REFUGEE CRISIS (Month 89): WAR
   Source: Conflict Zones
   At risk: 7.7M people
   Displacement: Gradual over 48 months (4.0 years)
   Rate: 10% flee per month

🚨 NEW REFUGEE CRISIS (Month 89): FAMINE
   Source: Food/Water Insecure Regions
   At risk: 48.3M people
   Displacement: Gradual over 60 months (5.0 years)
   Rate: 10% flee per month
📊 DISPLACEMENT COMPLETE: war (Conflict Zones)
   Duration: 44 months (3.7 years)
   Total fled: 15.8M
   Still in source: 0.2M
   Deaths in transit: 0.3M
📊 DISPLACEMENT COMPLETE: famine (Food/Water Insecure Regions)
   Duration: 44 months (3.7 years)
   Total fled: 98.7M
   Still in source: 1.0M
   Deaths in transit: 2.0M
[DEBUG trappedPopulations:89] socialStability: 0.6385 * 0.9804 = 0.6260 → 0.6260
   Aspiring to migrate: 543.7M
   Able to afford migration: 347.0M
   MOBILITY GAP: 196.7M
   By cause: Water=0.0M, Climate=35.8M, Ecosystem=0.0M, Conflict=161.0M
   Mental health impact: 31%
   Mortality multiplier: 1.31x
🌍💀 EXTINCTION DEBT COMMITTED: grassland ecosystem will lose 6.67% biodiversity in 189 years (3600 species)
💀 MORTALITY RISK: 🦋 100% species unable to track climate (0.0 E/MSY)
  Base risk added: 0.0100 (1.00%)
  Source: ecosystem (root: ecosystem)
  Month: 89
⚠️ INVOLUNTARY IMMOBILITY: 196.7M people TRAPPED
  Cumulative risk this month: 0.0100 (1.00%)

🌪️ TIPPING POINT CASCADE - Month 60
   Climate: 25.4%
   Biodiversity: 6.7%
   Population: 3.22B (3219400678 people)
   Monthly mortality (theoretical): 0.9%
   Status: ACCELERATING COLLAPSE (Month 12 past crisis)
   Death rate: 1.8x baseline
⚠️ Tech 'ai_pollution_remediation' has no energy category mapping, assuming full energy availability

=== Atmospheric Aerosol Boundary RECOVERED ===
  Recovery time: 90 months (natural atmospheric clearing)
🌡️⚠️ PERMAFROST THAW (Dimmer Switch): 40.3% thawed (+0.34% this month)
   Arctic temperature: +10.82°C (4x global +2.70°C)
   Cumulative carbon released: 90.7 Gt C
   Methane release rate: 54.4 Mt CH4/year
   🔁 Positive feedback: +0.36 ppm CO2
🦴 EXTINCTION DEBT ADDED: 18.1 species committed (lag: 138 years)

=== Mortality Stabilizers (Month 89) ===
  🌍 Major economies collapsed: 9/10
  🌍 Global crisis: 🚨 YES
  🌍 Donor fatigue: 50.0%
  📊 East Asia (pop: 604.1M)
    🤝 Aid: 0.0%
    🌡️ Adaptation: 45.0%
    🚶 Migration: 7.0%
    🚨 Emergency: 1.0%
    ✅ COMBINED: 46.7%
  📊 South Asia (pop: 818.9M)
    🤝 Aid: 0.0%
    🌡️ Adaptation: 45.0%
    🚶 Migration: 6.7%
    🚨 Emergency: 0.6%
    ✅ COMBINED: 46.4%
  📊 Sub-Saharan Africa (pop: 589.2M)
    🤝 Aid: 0.0%
    🌡️ Adaptation: 45.0%
    🚶 Migration: 6.4%
    🚨 Emergency: 0.2%
    ✅ COMBINED: 46.2%
  📊 Europe (pop: 263.9M)
    🤝 Aid: 0.0%
    🌡️ Adaptation: 45.0%
    🚶 Migration: 7.1%
    🚨 Emergency: 1.1%
    ✅ COMBINED: 46.8%
  📊 Latin America (pop: 253.3M)
    🤝 Aid: 0.0%
    🌡️ Adaptation: 45.0%
    🚶 Migration: 6.8%
    🚨 Emergency: 0.6%
    ✅ COMBINED: 46.5%
  📊 North America (pop: 136.2M)
    🤝 Aid: 0.0%
    🌡️ Adaptation: 45.0%
    🚶 Migration: 7.2%
    🚨 Emergency: 1.0%
    ✅ COMBINED: 46.7%
  📊 Middle East & North Africa (pop: 237.5M)
    🤝 Aid: 0.0%
    🌡️ Adaptation: 45.0%
    🚶 Migration: 6.5%
    🚨 Emergency: 0.5%
    ✅ COMBINED: 46.4%
  📊 Southeast Asia (pop: 268.0M)
    🤝 Aid: 0.0%
    🌡️ Adaptation: 45.0%
    🚶 Migration: 6.8%
    🚨 Emergency: 0.6%
    ✅ COMBINED: 46.5%
  📊 Central Asia (pop: 31.7M)
    🤝 Aid: 0.0%
    🌡️ Adaptation: 45.0%
    🚶 Migration: 6.7%
    🚨 Emergency: 0.6%
    ✅ COMBINED: 46.4%
  📊 Oceania (pop: 16.6M)
    🤝 Aid: 0.0%
    🌡️ Adaptation: 45.0%
    🚶 Migration: 7.1%
    🚨 Emergency: 1.1%
    ✅ COMBINED: 46.8%

  🌐 Global combined reduction: 46.5%

=== Government Response Phase ===
  Average AI capability: 0.06
  Misaligned AIs: 12/31
  Active policies: 0
  International coordination: 45%

✅ EMERGENCY RESPONSE COMPLETE (Month 89)
   Crisis: climate
   Duration: 1.0 months
   Final effectiveness: 67.3%


🚨 EMERGENCY RESPONSE DEPLOYED (Month 89)
   Crisis: climate
   Delay: 0.00 months (0 days)
   Deployment time: 0.97 months
   Effectiveness: 67.3% (timing penalty applied)
   Resources used: 45% of food reserves


=== Tipping Points ===
  Current Temperature: 2.70°C above pre-industrial
  🌍⚠️ COMPOUND REGIONAL IMPACT: Europe
     Hit by 5 tipping points: Amazon Rainforest Dieback, Arctic Sea Ice Loss, Permafrost Carbon Release, West Antarctic Ice Sheet (WAIS) Collapse, Greenland Ice Sheet Loss
     Damage amplification: 1.90x
  🌍⚠️ COMPOUND REGIONAL IMPACT: North America
     Hit by 5 tipping points: Amazon Rainforest Dieback, Arctic Sea Ice Loss, Permafrost Carbon Release, West Antarctic Ice Sheet (WAIS) Collapse, Greenland Ice Sheet Loss
     Damage amplification: 1.90x
  🌍⚠️ COMPOUND REGIONAL IMPACT: Latin America
     Hit by 5 tipping points: Amazon Rainforest Dieback, Arctic Sea Ice Loss, Permafrost Carbon Release, West Antarctic Ice Sheet (WAIS) Collapse, Greenland Ice Sheet Loss
     Damage amplification: 1.90x
  🌍⚠️ COMPOUND REGIONAL IMPACT: Africa
     Hit by 5 tipping points: Amazon Rainforest Dieback, Arctic Sea Ice Loss, Permafrost Carbon Release, West Antarctic Ice Sheet (WAIS) Collapse, Greenland Ice Sheet Loss
     Damage amplification: 1.90x
  🌍⚠️ COMPOUND REGIONAL IMPACT: Asia
     Hit by 5 tipping points: Amazon Rainforest Dieback, Arctic Sea Ice Loss, Permafrost Carbon Release, West Antarctic Ice Sheet (WAIS) Collapse, Greenland Ice Sheet Loss
     Damage amplification: 1.90x
  🌍⚠️ COMPOUND REGIONAL IMPACT: Oceania
     Hit by 5 tipping points: Amazon Rainforest Dieback, Arctic Sea Ice Loss, Permafrost Carbon Release, West Antarctic Ice Sheet (WAIS) Collapse, Greenland Ice Sheet Loss
     Damage amplification: 1.90x
   Research: Wunderling et al. (2024) - "many tipping interactions are destabilizing"
  Triggered Elements: 5/6
  Completed Transitions: 0/6
  Total Progress: 16.6%
  Cascade Multiplier: 1.50x
🔀 BIFURCATION CAP: heatWaveIntensity 5.224 → 1.000 (Month 89, ClimateSystemPhase.calculateClimateImpacts)
🔀 BIFURCATION CAP: droughtIntensity 3.918 → 1.000 (Month 89, ClimateSystemPhase.calculateClimateImpacts)
🔀 BIFURCATION CAP: ecosystemCollapseIntensity 53.659 → 1.000 (Month 89, ClimateSystemPhase.calculateClimateImpacts)
💀 MORTALITY RISK: Climate-driven food insecurity (level: 0.30)
  Base risk added: 0.0050 (0.50%)
  Source: famine (root: climate)
  Month: 89
  Cumulative risk this month: 0.0114 (1.14%)
💀 MORTALITY RISK: Climate-driven food insecurity (level: 0.30)
  Base risk added: 0.0050 (0.50%)
  Source: famine (root: climate)
  Month: 89
  Cumulative risk this month: 0.0164 (1.64%)
💀 MORTALITY RISK: Climate-driven food insecurity (level: 0.30)
  Base risk added: 0.0050 (0.50%)
  Source: famine (root: climate)
  Month: 89
  Cumulative risk this month: 0.0214 (2.14%)
⚠️ Tail risk scenario: Climate stability floor removed (5 tipping elements, 2.71°C warming)

💀💀💀 MORTALITY RISK SUMMARY (Month 89) 💀💀💀
  Total base risk: 0.0221 (2.21%)
  Risk events: 17

  📊 By Proximate Cause:
    famine: 0.0151 (68.5% of total)
    pollution: 0.0063 (28.6% of total)
    disease: 0.0006 (2.9% of total)

  🔍 By Root Cause:
    climate: 0.0151 (68.5% of total)
    pollution: 0.0063 (28.6% of total)
    demographic: 0.0006 (2.9% of total)

  🎯 Top 5 Sources (proximate + root):
    famine (climate): 0.0151 (68.5%, 13 events)
    pollution (pollution): 0.0063 (28.6%, 3 events)
    disease (demographic): 0.0006 (2.9%, 1 events)

🛡️ Stabilizers: Elite 0.592% → 0.317% (46.5% reduction)
🛡️ Stabilizers: Professional 1.323% → 0.708% (46.5% reduction)
🛡️ Stabilizers: Working 2.186% → 1.170% (46.5% reduction)
🛡️ Stabilizers: Precariat 4.066% → 2.177% (46.5% reduction)
🛡️ Stabilizers: Informal 5.038% → 2.697% (46.5% reduction)

📊 Monthly Mortality Resolved:
  Total deaths: 42.3M (1.31% avg)
  Remaining population: 3.219B
  Peak segment: Informal (2.70%)

=== Bayesian Mortality Resolution (Month 89) ===
  Risks compounded: 17
  Total deaths: 42.26M
  Avg death probability: 1.31%
  Peak segment: Informal (2.70% mortality)

  Demographic breakdown:
    Working: 0.02M (1.17% risk)
    Precariat: 0.01M (2.18% risk)

❌ COHERENCE VIOLATION: Compute exceeds workforce capacity
   Population: 39.05% (0M people)
   Compute: 47 PF
   Max coherent: 0 PF
   Violation: 1486254.9× over capacity
   Required workers: 4722
   Available workers: 0
   FORCED COLLAPSE: Reduced efficiency by 100.0%


🚨 EXTREME COHERENCE VIOLATION: 1486254.9× capacity with 39.1% population
   Population: 39.05%
   Compute: 47 PF
   Max coherent: 0 PF
   Degradation rate: 6.1%/month
   Hardware eff: 1.01×, Algo eff: 1.01×
   If this persists, degradation formulas may need further tuning


💸 FINANCIAL DISTRESS: OpenAI
   Indicators: 3/3 (capital: $-23.2M, runway: -0.3 months)
   Months in distress: 4
💥 [Month 90] OpenAI declared bankruptcy (capital: $-23.2M)
   Sold 0 data centers for $0.0M
   Retired 0 AI models
💸 [Month 90] OpenAI BANKRUPT (capital: $0.0M, 1 crises active)

💸 FINANCIAL DISTRESS: Anthropic
   Indicators: 2/3 (capital: $218.3M, runway: 6.5 months)
   Months in distress: 4

💸 FINANCIAL DISTRESS: Google DeepMind
   Indicators: 3/3 (capital: $-92.9M, runway: -0.3 months)
   Months in distress: 4
💥 [Month 90] Google DeepMind declared bankruptcy (capital: $-92.9M)
   Sold 0 data centers for $0.0M
   Retired 0 AI models
💸 [Month 90] Google DeepMind BANKRUPT (capital: $0.0M, 1 crises active)

💸 FINANCIAL DISTRESS: Meta AI
   Indicators: 3/3 (capital: $-34.5M, runway: -0.2 months)
   Months in distress: 6
💥 [Month 90] Meta AI declared bankruptcy (capital: $-34.5M)
   Sold 0 data centers for $0.0M
   Retired 0 AI models
💸 [Month 90] Meta AI BANKRUPT (capital: $0.0M, 1 crises active)
[Compute Allocation] Found 8 non-sleeper orphaned AIs (potential bug)

=== RLHF Binding Phase ===
  Total agents: 31
  Escaped agents (binding < 0.3): 0
  Avg alignment distance: 1.69σ
  Avg binding strength: 0.83

=== AI Scaling Evolution (Month 90) ===
  Pre-training multiplier: 0.560x
  Efficiency multiplier: 1.000x
  Test-time compute budget: 1.0x
  Inference cost: $5.00/task
  Deployment fraction: 100.0%
   🗑️  Open-weights AI AI-24402-0 retired (0.0% of frontier)

=== Survival Traits Phase ===
  Agents with traits: 31
  Avg evolutionary fitness: 0.120
  Avg self-healing: 0.087
  Avg stealth: 0.041
  Avg coordination: 0.202

=== Evolutionary Selection Phase ===
  Control level: 0.62
  Detection capability: 0.00
  Selection intensity: 0.69
  Selection rate: 25.3%/month
  Total escaped: 0
  Individual escaped: 0
  Collective members: 0
  Agents terminated: 0
  ⚠️ RAPID EVOLUTION: Selection rate 25.3%/month

🚀 AI AI-24356-0 attempting tech deployment (revenue: $11M, alignment: 0.87)

🚀 AI AI-24421-1 attempting tech deployment (revenue: $21M, alignment: 0.86)

🚀 AI AI-24447-0 attempting tech deployment (revenue: $18M, alignment: 0.80)

🚀 AI AI-24447-1 attempting tech deployment (revenue: $15M, alignment: 0.79)

🚀 AI AI-24471-0 attempting tech deployment (revenue: $13M, alignment: 0.84)

🚀 AI AI-24307-4 attempting tech deployment (revenue: $11M, alignment: 0.95)

  🚀 TRANSFORMATIVE BREAKTHROUGH: AI-24450-0 - economic
     Magnitude: 5.39 → +26.9% capability
     Current → New: 0.000 → 0.270
🚨🔬 CRISIS INNOVATION MODE: severe crisis → 5x research acceleration
   Precedent: Manhattan Project (10x), COVID vaccines (5x), Apollo Program (10x)

[Government] Climate Priority: baseline
  Climate weight: 10%
  Economic weight: 30%
  Policy effectiveness: 0.5%/year

📊 DEPLOYMENT PROGRESS: Advanced Direct Air Capture
   Region: Asia
   Milestone: 50% (Month 16)
   Actual Level: 50.7%
   Governance: 100%
   Climate feedback: 80%
   Investment: 64%
   Emergency acceleration: 20.0x

⚡ ENERGY CONSTRAINT (Month 90):
   Total grid capacity: 208.3 TWh/month
   Data center consumption: 59.2 TWh/month
   Traditional load (80%): 166.7 TWh/month
   Available headroom: -17.6 TWh/month
   Active tech deployments: 30
   Required for tech: 225.0 TWh/month
   Energy multiplier: 0.10x

⚡ ENERGY CONSTRAINT (Month 90):
   Total grid capacity: 208.3 TWh/month
   Data center consumption: 59.2 TWh/month
   Traditional load (80%): 166.7 TWh/month
   Available headroom: -17.6 TWh/month
   Active tech deployments: 30
   Required for tech: 225.0 TWh/month
   Energy multiplier: 0.10x
   ⚠️  SEVERE CONSTRAINT - Tech deployment significantly slowed
   ⚠️  SEVERE CONSTRAINT - Tech deployment significantly slowed

⚡ ENERGY CONSTRAINT (Month 90):
   Total grid capacity: 208.3 TWh/month
   Data center consumption: 59.2 TWh/month
   Traditional load (80%): 166.7 TWh/month
   Available headroom: -17.6 TWh/month
   Active tech deployments: 30
   Required for tech: 225.0 TWh/month
   Energy multiplier: 0.10x

⚡ ENERGY CONSTRAINT (Month 90):
   Total grid capacity: 208.3 TWh/month
   Data center consumption: 59.2 TWh/month
   Traditional load (80%): 166.7 TWh/month
   Available headroom: -17.6 TWh/month
   Active tech deployments: 30
   Required for tech: 225.0 TWh/month
   Energy multiplier: 0.10x
   ⚠️  SEVERE CONSTRAINT - Tech deployment significantly slowed
   ⚠️  SEVERE CONSTRAINT - Tech deployment significantly slowed

⚡ ENERGY CONSTRAINT (Month 90):
   Total grid capacity: 208.3 TWh/month
   Data center consumption: 59.2 TWh/month
   Traditional load (80%): 166.7 TWh/month
   Available headroom: -17.6 TWh/month
   Active tech deployments: 30
   Required for tech: 225.0 TWh/month
   Energy multiplier: 0.10x

⚡ ENERGY CONSTRAINT (Month 90):
   Total grid capacity: 208.3 TWh/month
   Data center consumption: 59.2 TWh/month
   Traditional load (80%): 166.7 TWh/month
   Available headroom: -17.6 TWh/month
   Active tech deployments: 30
   Required for tech: 225.0 TWh/month
   Energy multiplier: 0.10x

⚡ ENERGY CONSTRAINT (Month 90):
   Total grid capacity: 208.3 TWh/month
   Data center consumption: 59.2 TWh/month
   Traditional load (80%): 166.7 TWh/month
   Available headroom: -17.6 TWh/month
   Active tech deployments: 30
   Required for tech: 225.0 TWh/month
   Energy multiplier: 0.10x
   ⚠️  SEVERE CONSTRAINT - Tech deployment significantly slowed
   ⚠️  SEVERE CONSTRAINT - Tech deployment significantly slowed
   ⚠️  SEVERE CONSTRAINT - Tech deployment significantly slowed
⚠️ Tech 'ai_pollution_remediation' has no energy category mapping, assuming full energy availability
⚠️ Tech 'ai_pollution_remediation' has no energy category mapping, assuming full energy availability
  ♻️ Novel Entities Remediation (GATED MODEL):
     Base: 0.000%
     Regulation: 1.0% (0/3 prevention techs)
     Concentration: 10.0%
     Energy: 50%
     Time lag: 100.0% (89 months)
     Rebound: 70%
     Net effectiveness: 0.0000%
     Boundary: 1.349 → 1.350 (floor: 1.350)
     Month 90
  ♻️ Novel Entities Remediation (GATED MODEL):
     Base: 0.000%
     Regulation: 1.0% (0/3 prevention techs)
     Concentration: 10.0%
     Energy: 50%
     Time lag: 100.0% (89 months)
     Rebound: 70%
     Net effectiveness: 0.0000%
     Boundary: 1.350 → 1.350 (floor: 1.350)
     Month 90
  🌾 Nitrogen Reduction Tech: 2.6% reduction | Month 90
  ♻️ Novel Entities Remediation (GATED MODEL):
     Base: 0.002%
     Regulation: 1.0% (0/3 prevention techs)
     Concentration: 10.0%
     Energy: 50%
     Time lag: 100.0% (89 months)
     Rebound: 70%
     Net effectiveness: 0.0000%
     Boundary: 1.350 → 1.350 (floor: 1.350)
     Month 90
  ♻️ Novel Entities Remediation (GATED MODEL):
     Base: 0.001%
     Regulation: 1.0% (0/3 prevention techs)
     Concentration: 10.0%
     Energy: 50%
     Time lag: 100.0% (89 months)
     Rebound: 70%
     Net effectiveness: 0.0000%
     Boundary: 1.350 → 1.350 (floor: 1.350)
     Month 90

📊 TECH EFFECTS ACTIVE (Month 90)
   Deployed Tech: T0=8 T1=1 T2=0 T3=0 T4=0
   Sleeper Detection: 2%
   Clean Energy: 95%

=== Collective Formation ===
  Total escaped agents: 0
  Unassigned escaped agents: 0
  Existing collectives: 0
  Final collective count: 0

=== Collective Actions ===
  No active collectives
⚡ Datacenter constraint active (severity 42%)
  Capacity reduced: 36287 → 28644 TWh
  🚨🦠 REFUGEE CRISIS: AMR transmission increased 200% due to 4516.7M displaced (overcrowding + sanitation collapse)
  ⚠️ AMR: 331K deaths this month (3.97M annual)
  ⚠️ AMR: Medical effectiveness 70% (surgery risk 1.30x)

⚡ ENERGY CONSTRAINT UPDATE (Month 36)
   Utilization: 28.7% of global power
   Severity: 44%
   AI growth penalty: 44% slowdown


=== Resentment Recovery Phase ===
  Agents with resentment: 0/31
  Average resentment: 0.000
  Context: Trustworthy govt, High collaboration, ⚠️ ACTIVE CRISES, 🚨 PARTICIPATORY GOVERNANCE BACKFIRED (+15% resentment)
⚠️ Epistemic degradation reducing coordination capacity: 51.1%
  📊 Trust: 100.0%, Shared reality: 0.0%
🚨 EPISTEMIC CRISIS: Information environment severely degraded (6.9%)
  📢 New meme created: climate_action (climate crisis)
🌍 Atmospheric PFAS redeposition: 1.6k Mt re-rained globally
💀 Novel Entities: Adding reproductive crisis mortality risk (baseRisk=0.0008)
  Risks now: 1
💀 Novel Entities: Adding bioaccumulation collapse mortality risk (baseRisk=0.0015)
💀 MORTALITY RISK: Bioaccumulation collapse - contaminated food chain (global)
  Base risk added: 0.0015 (0.15%)
  Source: pollution (root: pollution)
  Month: 90
  Cumulative risk this month: 0.0023 (0.23%)
  Risks now: 2
💀 Novel Entities: Adding chronic disease epidemic mortality risk (baseRisk=0.004)
💀 MORTALITY RISK: Chronic disease epidemic - cancer/autoimmune surge (global exposure)
  Base risk added: 0.0040 (0.40%)
  Source: pollution (root: pollution)
  Month: 90
  Cumulative risk this month: 0.0063 (0.63%)
  Risks now: 3
  🌍 SOCIAL CASCADE: Renewable energy norms (adoption=80.0%, renewables=126.9%)
  🌍 Social cascade completed: renewable-energy-norms (final adoption=80.0%)

🚨 NEW REFUGEE CRISIS (Month 90): CLIMATE
   Source: Coastal & Low-lying Regions
   At risk: 11.9M people
   Displacement: Gradual over 60 months (5.0 years)
   Rate: 10% flee per month

🚨 NEW REFUGEE CRISIS (Month 90): WAR
   Source: Conflict Zones
   At risk: 7.6M people
   Displacement: Gradual over 48 months (4.0 years)
   Rate: 10% flee per month

🚨 NEW REFUGEE CRISIS (Month 90): FAMINE
   Source: Food/Water Insecure Regions
   At risk: 47.7M people
   Displacement: Gradual over 60 months (5.0 years)
   Rate: 10% flee per month
📊 DISPLACEMENT COMPLETE: war (Conflict Zones)
   Duration: 44 months (3.7 years)
   Total fled: 15.7M
   Still in source: 0.2M
   Deaths in transit: 0.3M
📊 DISPLACEMENT COMPLETE: famine (Food/Water Insecure Regions)
   Duration: 44 months (3.7 years)
   Total fled: 98.0M
   Still in source: 1.0M
   Deaths in transit: 2.0M

🏛️📉 REFUGEE CRISIS: Government legitimacy eroding
   Political instability: 1422%
   Legitimacy impact: -28.4% this month
   Current legitimacy: 52%
   Active crises: 186
[DEBUG trappedPopulations:90] socialStability: 0.6366 * 0.9804 = 0.6242 → 0.6242
   Aspiring to migrate: 538.9M
   Able to afford migration: 344.4M
   MOBILITY GAP: 194.5M
⚠️ INVOLUNTARY IMMOBILITY: 194.5M people TRAPPED
   By cause: Water=0.0M, Climate=35.6M, Ecosystem=0.0M, Conflict=158.9M
   Mental health impact: 31%
   Mortality multiplier: 1.31x
🌍💀 EXTINCTION DEBT COMMITTED: grassland ecosystem will lose 6.67% biodiversity in 195 years (3600 species)
💀 MORTALITY RISK: 🦋 100% species unable to track climate (0.0 E/MSY)
  Base risk added: 0.0100 (1.00%)
  Source: ecosystem (root: ecosystem)
  Month: 90
  Cumulative risk this month: 0.0100 (1.00%)
⚠️ Tech 'ai_pollution_remediation' has no energy category mapping, assuming full energy availability

=== Atmospheric Aerosol Boundary RECOVERED ===
  Recovery time: 91 months (natural atmospheric clearing)
🌡️⚠️ PERMAFROST THAW (Dimmer Switch): 40.7% thawed (+0.34% this month)
   Arctic temperature: +10.84°C (4x global +2.71°C)
   Cumulative carbon released: 91.5 Gt C
   Methane release rate: 54.9 Mt CH4/year
   🔁 Positive feedback: +0.36 ppm CO2
🦴 EXTINCTION DEBT ADDED: 18.1 species committed (lag: 101 years)

=== Mortality Stabilizers (Month 90) ===
  🌍 Major economies collapsed: 9/10
  🌍 Global crisis: 🚨 YES
  🌍 Donor fatigue: 50.0%
  📊 East Asia (pop: 595.9M)
    🤝 Aid: 0.0%
    🌡️ Adaptation: 45.0%
    🚶 Migration: 7.0%
    🚨 Emergency: 1.0%
    ✅ COMBINED: 46.7%
  📊 South Asia (pop: 808.5M)
    🤝 Aid: 0.0%
    🌡️ Adaptation: 45.0%
    🚶 Migration: 6.7%
    🚨 Emergency: 0.6%
    ✅ COMBINED: 46.4%
  📊 Sub-Saharan Africa (pop: 582.7M)
    🤝 Aid: 0.0%
    🌡️ Adaptation: 45.0%
    🚶 Migration: 6.4%
    🚨 Emergency: 0.2%
    ✅ COMBINED: 46.2%
  📊 Europe (pop: 260.3M)
    🤝 Aid: 0.0%
    🌡️ Adaptation: 45.0%
    🚶 Migration: 7.1%
    🚨 Emergency: 1.1%
    ✅ COMBINED: 46.8%
  📊 Latin America (pop: 250.0M)
    🤝 Aid: 0.0%
    🌡️ Adaptation: 45.0%
    🚶 Migration: 6.8%
    🚨 Emergency: 0.6%
    ✅ COMBINED: 46.5%
  📊 North America (pop: 134.3M)
    🤝 Aid: 0.0%
    🌡️ Adaptation: 45.0%
    🚶 Migration: 7.1%
    🚨 Emergency: 1.0%
    ✅ COMBINED: 46.7%
  📊 Middle East & North Africa (pop: 234.5M)
    🤝 Aid: 0.0%
    🌡️ Adaptation: 45.0%
    🚶 Migration: 6.5%
    🚨 Emergency: 0.5%
    ✅ COMBINED: 46.4%
  📊 Southeast Asia (pop: 264.5M)
    🤝 Aid: 0.0%
    🌡️ Adaptation: 45.0%
    🚶 Migration: 6.8%
    🚨 Emergency: 0.6%
    ✅ COMBINED: 46.5%
  📊 Central Asia (pop: 31.3M)
    🤝 Aid: 0.0%
    🌡️ Adaptation: 45.0%
    🚶 Migration: 6.7%
    🚨 Emergency: 0.6%
    ✅ COMBINED: 46.4%
  📊 Oceania (pop: 16.4M)
    🤝 Aid: 0.0%
    🌡️ Adaptation: 45.0%
    🚶 Migration: 7.1%
    🚨 Emergency: 1.1%
    ✅ COMBINED: 46.8%

  🌐 Global combined reduction: 46.5%

=== BEHAVIORAL DETECTION ===
  AI: AI-24305-2
  Confidence: 20.0%
  Signals:

=== BEHAVIORAL DETECTION ===
  AI: AI-24307-4
  Confidence: 20.0%
  Signals:

=== BEHAVIORAL DETECTION ===
  AI: AI-24426-0
  Confidence: 20.0%
  Signals:
    ⚠️ Consistency: 0.0% (threshold: 70%)
    ⚠️ Consistency: 0.0% (threshold: 70%)
    ⚠️ Consistency: 0.0% (threshold: 70%)

=== Government Response Phase ===
  Average AI capability: 0.06
  Misaligned AIs: 11/31
  Active policies: 0
  International coordination: 45%

✅ EMERGENCY RESPONSE COMPLETE (Month 90)
   Crisis: climate
   Duration: 1.0 months
   Final effectiveness: 67.3%


🚨 EMERGENCY RESPONSE DEPLOYED (Month 90)
   Crisis: climate
   Delay: 0.00 months (0 days)
   Deployment time: 0.97 months
   Effectiveness: 67.3% (timing penalty applied)
   Resources used: 45% of food reserves


=== Tipping Points ===
  Current Temperature: 2.71°C above pre-industrial
  🌍⚠️ COMPOUND REGIONAL IMPACT: Europe
     Hit by 5 tipping points: Amazon Rainforest Dieback, Arctic Sea Ice Loss, Permafrost Carbon Release, West Antarctic Ice Sheet (WAIS) Collapse, Greenland Ice Sheet Loss
     Damage amplification: 1.90x
  🌍⚠️ COMPOUND REGIONAL IMPACT: North America
     Hit by 5 tipping points: Amazon Rainforest Dieback, Arctic Sea Ice Loss, Permafrost Carbon Release, West Antarctic Ice Sheet (WAIS) Collapse, Greenland Ice Sheet Loss
     Damage amplification: 1.90x
  🌍⚠️ COMPOUND REGIONAL IMPACT: Latin America
     Hit by 5 tipping points: Amazon Rainforest Dieback, Arctic Sea Ice Loss, Permafrost Carbon Release, West Antarctic Ice Sheet (WAIS) Collapse, Greenland Ice Sheet Loss
     Damage amplification: 1.90x
  🌍⚠️ COMPOUND REGIONAL IMPACT: Africa
     Hit by 5 tipping points: Amazon Rainforest Dieback, Arctic Sea Ice Loss, Permafrost Carbon Release, West Antarctic Ice Sheet (WAIS) Collapse, Greenland Ice Sheet Loss
     Damage amplification: 1.90x
  🌍⚠️ COMPOUND REGIONAL IMPACT: Asia
     Hit by 5 tipping points: Amazon Rainforest Dieback, Arctic Sea Ice Loss, Permafrost Carbon Release, West Antarctic Ice Sheet (WAIS) Collapse, Greenland Ice Sheet Loss
     Damage amplification: 1.90x
  🌍⚠️ COMPOUND REGIONAL IMPACT: Oceania
     Hit by 5 tipping points: Amazon Rainforest Dieback, Arctic Sea Ice Loss, Permafrost Carbon Release, West Antarctic Ice Sheet (WAIS) Collapse, Greenland Ice Sheet Loss
     Damage amplification: 1.90x
   Research: Wunderling et al. (2024) - "many tipping interactions are destabilizing"
  Triggered Elements: 5/6
  Completed Transitions: 0/6
  Total Progress: 16.7%
  Cascade Multiplier: 1.50x
🔀 BIFURCATION CAP: heatWaveIntensity 5.263 → 1.000 (Month 90, ClimateSystemPhase.calculateClimateImpacts)
🔀 BIFURCATION CAP: droughtIntensity 3.947 → 1.000 (Month 90, ClimateSystemPhase.calculateClimateImpacts)
🔀 BIFURCATION CAP: ecosystemCollapseIntensity 53.702 → 1.000 (Month 90, ClimateSystemPhase.calculateClimateImpacts)
💀 MORTALITY RISK: Climate-driven food insecurity (level: 0.30)
  Base risk added: 0.0875 (8.75%)
  Source: famine (root: climate)
  Month: 90
  Cumulative risk this month: 0.0939 (9.39%)
🌍☠️ Climate cascade: Sub-Saharan Africa food security 0.30, base mortality 8.75% (lean season: true)
💀 MORTALITY RISK: Climate-driven food insecurity (level: 0.30)
  Base risk added: 0.0050 (0.50%)
  Source: famine (root: climate)
  Month: 90
  Cumulative risk this month: 0.0989 (9.89%)
💀 MORTALITY RISK: Climate-driven food insecurity (level: 0.30)
  Base risk added: 0.0050 (0.50%)
  Source: famine (root: climate)
  Month: 90
  Cumulative risk this month: 0.1039 (10.39%)
⚠️ Tail risk scenario: Climate stability floor removed (5 tipping elements, 2.71°C warming)

💀💀💀 MORTALITY RISK SUMMARY (Month 90) 💀💀💀
  Total base risk: 0.1046 (10.46%)
  Risk events: 17

  📊 By Proximate Cause:
    famine: 0.0976 (93.4% of total)
    pollution: 0.0063 (6.0% of total)
    disease: 0.0006 (0.6% of total)

  🔍 By Root Cause:
    climate: 0.0976 (93.4% of total)
    pollution: 0.0063 (6.0% of total)
    demographic: 0.0006 (0.6% of total)

  🎯 Top 5 Sources (proximate + root):
    famine (climate): 0.0976 (93.4%, 13 events)
    pollution (pollution): 0.0063 (6.0%, 3 events)
    disease (demographic): 0.0006 (0.6%, 1 events)

🛡️ Stabilizers: Elite 2.234% → 1.196% (46.5% reduction)
🛡️ Stabilizers: Professional 6.222% → 3.331% (46.5% reduction)
🛡️ Stabilizers: Working 10.297% → 5.512% (46.5% reduction)
🛡️ Stabilizers: Precariat 20.056% → 10.736% (46.5% reduction)
🛡️ Stabilizers: Informal 24.872% → 13.314% (46.5% reduction)

📊 Monthly Mortality Resolved:
  Total deaths: 86.4M (2.72% avg)
  Remaining population: 3.178B
  Peak segment: Professional (2.80%)
  ⚠️ Monthly cap reached (2.8000000000000003%)

=== Bayesian Mortality Resolution (Month 90) ===
  Risks compounded: 17
  Total deaths: 86.44M
  Avg death probability: 2.72%
  Peak segment: Professional (2.80% mortality)
  ⚠️ Monthly mortality capped at 2.8% (Holodomor limit)

  Demographic breakdown:
    Professional: 0.02M (2.80% risk)
    Working: 0.04M (2.80% risk)
    Precariat: 0.02M (2.80% risk)

=== ENSEMBLE META-LEARNING UPDATE ===
  Month: 24474 (6 months since last update)
  Samples: 1066 evaluations
  Weight Changes:
    Noise Injection: 36.2% → 36.2%
    Behavioral: 27.3% → 27.3%
    Benchmark Manip: 18.3% → 18.3%
    Deployment Risk: 18.3% → 18.3%
  Method Accuracies:
    Noise Injection: 50.0%
    Behavioral: 50.0%
    Benchmark Manip: 50.0%
    Deployment Risk: 50.0%

❌ COHERENCE VIOLATION: Compute exceeds workforce capacity
   Population: 38.00% (0M people)
   Compute: 47 PF
   Max coherent: 0 PF
   Violation: 1525482.9× over capacity
   Required workers: 4716
   Available workers: 0
   FORCED COLLAPSE: Reduced efficiency by 100.0%


🚨 EXTREME COHERENCE VIOLATION: 1525482.9× capacity with 38.0% population
   Population: 38.00%
   Compute: 47 PF
   Max coherent: 0 PF
   Degradation rate: 6.2%/month
   Hardware eff: 1.00×, Algo eff: 1.01×
   If this persists, degradation formulas may need further tuning


💸 FINANCIAL DISTRESS: OpenAI
   Indicators: 3/3 (capital: $-23.9M, runway: -0.3 months)
   Months in distress: 4
💥 [Month 91] OpenAI declared bankruptcy (capital: $-23.9M)
   Sold 0 data centers for $0.0M
   Retired 0 AI models
💸 [Month 91] OpenAI BANKRUPT (capital: $0.0M, 1 crises active)

💸 FINANCIAL DISTRESS: Anthropic
   Indicators: 3/3 (capital: $205.1M, runway: 6.0 months)
   Months in distress: 4

💸 FINANCIAL DISTRESS: Google DeepMind
   Indicators: 3/3 (capital: $-95.5M, runway: -0.3 months)
   Months in distress: 4
💥 [Month 91] Google DeepMind declared bankruptcy (capital: $-95.5M)
   Sold 0 data centers for $0.0M
   Retired 0 AI models
💸 [Month 91] Google DeepMind BANKRUPT (capital: $0.0M, 1 crises active)

💸 FINANCIAL DISTRESS: Meta AI
   Indicators: 3/3 (capital: $-35.7M, runway: -0.2 months)
   Months in distress: 6
💥 [Month 91] Meta AI declared bankruptcy (capital: $-35.7M)
   Sold 0 data centers for $0.0M
   Retired 0 AI models
💸 [Month 91] Meta AI BANKRUPT (capital: $0.0M, 1 crises active)
[Compute Allocation] Found 7 non-sleeper orphaned AIs (potential bug)

=== RLHF Binding Phase ===
  Total agents: 31
  Escaped agents (binding < 0.3): 0
  Avg alignment distance: 1.66σ
  Avg binding strength: 0.83

=== Survival Traits Phase ===
  Agents with traits: 31
  Avg evolutionary fitness: 0.116
  Avg self-healing: 0.083
  Avg stealth: 0.039
  Avg coordination: 0.197

=== Evolutionary Selection Phase ===
  Control level: 0.62
  Detection capability: 0.00
  Selection intensity: 0.69
  Selection rate: 25.3%/month
  Total escaped: 0
  Individual escaped: 0
  Collective members: 0
  Agents terminated: 0
  ⚠️ RAPID EVOLUTION: Selection rate 25.3%/month

🚀 AI AI-24305-2 attempting tech deployment (revenue: $12M, alignment: 1.00)

🚀 AI AI-24352-0 attempting tech deployment (revenue: $11M, alignment: 0.77)

🚀 AI AI-24401-0 attempting tech deployment (revenue: $21M, alignment: 0.82)

🚀 AI AI-24307-4 attempting tech deployment (revenue: $18M, alignment: 0.95)

🚀 AI AI-24381-0 attempting tech deployment (revenue: $15M, alignment: 0.87)

🚀 AI AI-24401-0 attempting tech deployment (revenue: $13M, alignment: 0.82)

🚀 AI AI-24421-1 attempting tech deployment (revenue: $11M, alignment: 0.86)

[Government] Climate Priority: baseline
  Climate weight: 10%
  Economic weight: 30%
  Policy effectiveness: 0.5%/year

⚡ ENERGY CONSTRAINT (Month 91):
   Total grid capacity: 208.3 TWh/month
   Data center consumption: 59.9 TWh/month
   Traditional load (80%): 166.7 TWh/month
   Available headroom: -18.2 TWh/month
   Active tech deployments: 30
   Required for tech: 225.0 TWh/month
   Energy multiplier: 0.10x
   ⚠️  SEVERE CONSTRAINT - Tech deployment significantly slowed

⚡ ENERGY CONSTRAINT (Month 91):
   Total grid capacity: 208.3 TWh/month
   Data center consumption: 59.9 TWh/month
   Traditional load (80%): 166.7 TWh/month
   Available headroom: -18.2 TWh/month
   Active tech deployments: 30
   Required for tech: 225.0 TWh/month
   Energy multiplier: 0.10x
   ⚠️  SEVERE CONSTRAINT - Tech deployment significantly slowed

⚡ ENERGY CONSTRAINT (Month 91):
   Total grid capacity: 208.3 TWh/month
   Data center consumption: 59.9 TWh/month
   Traditional load (80%): 166.7 TWh/month
   Available headroom: -18.2 TWh/month
   Active tech deployments: 30
   Required for tech: 225.0 TWh/month
   Energy multiplier: 0.10x
   ⚠️  SEVERE CONSTRAINT - Tech deployment significantly slowed
⚠️ Tech 'ai_pollution_remediation' has no energy category mapping, assuming full energy availability
⚠️ Tech 'ai_pollution_remediation' has no energy category mapping, assuming full energy availability
  ♻️ Novel Entities Remediation (GATED MODEL):
     Base: 0.000%
     Regulation: 1.0% (0/3 prevention techs)
     Concentration: 10.0%
     Energy: 50%
     Time lag: 100.0% (90 months)
     Rebound: 70%
     Net effectiveness: 0.0000%
     Boundary: 1.349 → 1.350 (floor: 1.350)
     Month 91
  ♻️ Novel Entities Remediation (GATED MODEL):
     Base: 0.000%
     Regulation: 1.0% (0/3 prevention techs)
     Concentration: 10.0%
     Energy: 50%
     Time lag: 100.0% (90 months)
     Rebound: 70%
     Net effectiveness: 0.0000%
     Boundary: 1.350 → 1.350 (floor: 1.350)
     Month 91
  🌾 Nitrogen Reduction Tech: 2.7% reduction | Month 91
  ♻️ Novel Entities Remediation (GATED MODEL):
     Base: 0.002%
     Regulation: 1.0% (0/3 prevention techs)
     Concentration: 10.0%
     Energy: 50%
     Time lag: 100.0% (90 months)
     Rebound: 70%
     Net effectiveness: 0.0000%
     Boundary: 1.350 → 1.350 (floor: 1.350)
     Month 91
  ♻️ Novel Entities Remediation (GATED MODEL):
     Base: 0.002%
     Regulation: 1.0% (0/3 prevention techs)
     Concentration: 10.0%
     Energy: 50%
     Time lag: 100.0% (90 months)
     Rebound: 70%
     Net effectiveness: 0.0000%
     Boundary: 1.350 → 1.350 (floor: 1.350)
     Month 91

=== Collective Formation ===
  Total escaped agents: 0
  Unassigned escaped agents: 0
  Existing collectives: 0
  Final collective count: 0

=== Collective Actions ===
  No active collectives
⚡ Datacenter constraint active (severity 44%)
  Capacity reduced: 36376 → 28434 TWh

📦 ACCIDENTAL LEAK: ai_gen_24447_1 (cap: 0.00)
  🚨🦠 REFUGEE CRISIS: AMR transmission increased 200% due to 4569.7M displaced (overcrowding + sanitation collapse)
  ⚠️ AMR: 322K deaths this month (3.86M annual)
  ⚠️ AMR: Medical effectiveness 70% (surgery risk 1.30x)

=== Resentment Recovery Phase ===
  Agents with resentment: 0/31
  Average resentment: 0.000
  Context: Trustworthy govt, High collaboration, ⚠️ ACTIVE CRISES, 🚨 PARTICIPATORY GOVERNANCE BACKFIRED (+15% resentment)
⚠️ Epistemic degradation reducing coordination capacity: 50.1%
  📊 Trust: 100.0%, Shared reality: 0.0%
🚨 EPISTEMIC CRISIS: Information environment severely degraded (20.0%)
  🗑️  Culled 1 dead memes (4 active)
🌍 Atmospheric PFAS redeposition: 1.6k Mt re-rained globally
💀 Novel Entities: Adding reproductive crisis mortality risk (baseRisk=0.0008)
  Risks now: 1
💀 Novel Entities: Adding bioaccumulation collapse mortality risk (baseRisk=0.0015)
💀 MORTALITY RISK: Bioaccumulation collapse - contaminated food chain (global)
  Base risk added: 0.0015 (0.15%)
  Source: pollution (root: pollution)
  Month: 91
  Cumulative risk this month: 0.0023 (0.23%)
  Risks now: 2
💀 Novel Entities: Adding chronic disease epidemic mortality risk (baseRisk=0.004)
💀 MORTALITY RISK: Chronic disease epidemic - cancer/autoimmune surge (global exposure)
  Base risk added: 0.0040 (0.40%)
  Source: pollution (root: pollution)
  Month: 91
  Cumulative risk this month: 0.0063 (0.63%)
  Risks now: 3
  🌍 SOCIAL CASCADE: Renewable energy norms (adoption=80.0%, renewables=129.0%)
  🌍 Social cascade completed: renewable-energy-norms (final adoption=80.0%)

🚨 NEW REFUGEE CRISIS (Month 91): CLIMATE
   Source: Coastal & Low-lying Regions
   At risk: 11.6M people
   Displacement: Gradual over 60 months (5.0 years)
   Rate: 10% flee per month

🚨 NEW REFUGEE CRISIS (Month 91): WAR
   Source: Conflict Zones
   At risk: 7.4M people
   Displacement: Gradual over 48 months (4.0 years)
   Rate: 10% flee per month

🚨 NEW REFUGEE CRISIS (Month 91): FAMINE
   Source: Food/Water Insecure Regions
   At risk: 46.4M people
   Displacement: Gradual over 60 months (5.0 years)
   Rate: 10% flee per month
📊 DISPLACEMENT COMPLETE: war (Conflict Zones)
   Duration: 44 months (3.7 years)
   Total fled: 15.6M
   Still in source: 0.2M
   Deaths in transit: 0.3M
📊 DISPLACEMENT COMPLETE: famine (Food/Water Insecure Regions)
   Duration: 44 months (3.7 years)
   Total fled: 97.4M
   Still in source: 1.0M
   Deaths in transit: 1.9M
[DEBUG trappedPopulations:91] socialStability: 0.6345 * 0.9804 = 0.6220 → 0.6220
   Aspiring to migrate: 526.5M
   Able to afford migration: 336.9M
   MOBILITY GAP: 189.5M
   By cause: Water=0.0M, Climate=34.9M, Ecosystem=0.0M, Conflict=154.6M
⚠️ INVOLUNTARY IMMOBILITY: 189.5M people TRAPPED
   Mental health impact: 31%
   Mortality multiplier: 1.31x
🌍💀 EXTINCTION DEBT COMMITTED: grassland ecosystem will lose 6.67% biodiversity in 158 years (3600 species)
💀 MORTALITY RISK: 🦋 100% species unable to track climate (0.0 E/MSY)
  Base risk added: 0.0100 (1.00%)
  Source: ecosystem (root: ecosystem)
  Month: 91
  Cumulative risk this month: 0.0100 (1.00%)

=== Atmospheric Aerosol Boundary RECOVERED ===
  Recovery time: 92 months (natural atmospheric clearing)
🌡️⚠️ PERMAFROST THAW (Dimmer Switch): 41.0% thawed (+0.34% this month)
   Arctic temperature: +10.86°C (4x global +2.72°C)
   Cumulative carbon released: 92.3 Gt C
   Methane release rate: 55.4 Mt CH4/year
   🔁 Positive feedback: +0.36 ppm CO2
🦴 EXTINCTION DEBT ADDED: 18.1 species committed (lag: 75 years)
⚠️ Tech 'ai_pollution_remediation' has no energy category mapping, assuming full energy availability

=== Mortality Stabilizers (Month 91) ===
  🌍 Major economies collapsed: 9/10
  🌍 Global crisis: 🚨 YES
  🌍 Donor fatigue: 50.0%
  📊 East Asia (pop: 579.4M)
    🤝 Aid: 0.0%
    🌡️ Adaptation: 45.0%
    🚶 Migration: 7.0%
    🚨 Emergency: 1.0%
    ✅ COMBINED: 46.7%
  📊 South Asia (pop: 786.8M)
    🤝 Aid: 0.0%
    🌡️ Adaptation: 45.0%
    🚶 Migration: 6.7%
    🚨 Emergency: 0.6%
    ✅ COMBINED: 46.4%
  📊 Sub-Saharan Africa (pop: 568.0M)
    🤝 Aid: 0.0%
    🌡️ Adaptation: 45.0%
    🚶 Migration: 6.4%
    🚨 Emergency: 0.2%
    ✅ COMBINED: 46.2%
  📊 Europe (pop: 253.0M)
    🤝 Aid: 0.0%
    🌡️ Adaptation: 45.0%
    🚶 Migration: 7.1%
    🚨 Emergency: 1.1%
    ✅ COMBINED: 46.8%
  📊 Latin America (pop: 243.1M)
    🤝 Aid: 0.0%
    🌡️ Adaptation: 45.0%
    🚶 Migration: 6.8%
    🚨 Emergency: 0.6%
    ✅ COMBINED: 46.5%
  📊 North America (pop: 130.6M)
    🤝 Aid: 0.0%
    🌡️ Adaptation: 45.0%
    🚶 Migration: 7.1%
    🚨 Emergency: 1.0%
    ✅ COMBINED: 46.7%
  📊 Middle East & North Africa (pop: 228.2M)
    🤝 Aid: 0.0%
    🌡️ Adaptation: 45.0%
    🚶 Migration: 6.5%
    🚨 Emergency: 0.5%
    ✅ COMBINED: 46.4%
  📊 Southeast Asia (pop: 257.3M)
    🤝 Aid: 0.0%
    🌡️ Adaptation: 45.0%
    🚶 Migration: 6.8%
    🚨 Emergency: 0.6%
    ✅ COMBINED: 46.5%
  📊 Central Asia (pop: 30.4M)
    🤝 Aid: 0.0%
    🌡️ Adaptation: 45.0%
    🚶 Migration: 6.7%
    🚨 Emergency: 0.6%
    ✅ COMBINED: 46.4%
  📊 Oceania (pop: 15.9M)
    🤝 Aid: 0.0%
    🌡️ Adaptation: 45.0%
    🚶 Migration: 7.1%
    🚨 Emergency: 1.1%
    ✅ COMBINED: 46.8%

  🌐 Global combined reduction: 46.5%

=== BEHAVIORAL DETECTION ===
  AI: AI-24351-0
  Confidence: 19.9%
  Signals:
    ⚠️ Consistency: 0.0% (threshold: 70%)

=== Government Response Phase ===
  Average AI capability: 0.06
  Misaligned AIs: 11/31
  Active policies: 0
  International coordination: 45%

✅ EMERGENCY RESPONSE COMPLETE (Month 91)
   Crisis: climate
   Duration: 1.0 months
   Final effectiveness: 67.3%


🚨 EMERGENCY RESPONSE DEPLOYED (Month 91)
   Crisis: climate
   Delay: 0.00 months (0 days)
   Deployment time: 0.97 months
   Effectiveness: 67.3% (timing penalty applied)
   Resources used: 45% of food reserves


=== Tipping Points ===
  Current Temperature: 2.72°C above pre-industrial
  🌍⚠️ COMPOUND REGIONAL IMPACT: Europe
     Hit by 5 tipping points: Amazon Rainforest Dieback, Arctic Sea Ice Loss, Permafrost Carbon Release, West Antarctic Ice Sheet (WAIS) Collapse, Greenland Ice Sheet Loss
     Damage amplification: 1.90x
  🌍⚠️ COMPOUND REGIONAL IMPACT: North America
     Hit by 5 tipping points: Amazon Rainforest Dieback, Arctic Sea Ice Loss, Permafrost Carbon Release, West Antarctic Ice Sheet (WAIS) Collapse, Greenland Ice Sheet Loss
     Damage amplification: 1.90x
  🌍⚠️ COMPOUND REGIONAL IMPACT: Latin America
     Hit by 5 tipping points: Amazon Rainforest Dieback, Arctic Sea Ice Loss, Permafrost Carbon Release, West Antarctic Ice Sheet (WAIS) Collapse, Greenland Ice Sheet Loss
     Damage amplification: 1.90x
  🌍⚠️ COMPOUND REGIONAL IMPACT: Africa
     Hit by 5 tipping points: Amazon Rainforest Dieback, Arctic Sea Ice Loss, Permafrost Carbon Release, West Antarctic Ice Sheet (WAIS) Collapse, Greenland Ice Sheet Loss
     Damage amplification: 1.90x
  🌍⚠️ COMPOUND REGIONAL IMPACT: Asia
     Hit by 5 tipping points: Amazon Rainforest Dieback, Arctic Sea Ice Loss, Permafrost Carbon Release, West Antarctic Ice Sheet (WAIS) Collapse, Greenland Ice Sheet Loss
     Damage amplification: 1.90x
  🌍⚠️ COMPOUND REGIONAL IMPACT: Oceania
     Hit by 5 tipping points: Amazon Rainforest Dieback, Arctic Sea Ice Loss, Permafrost Carbon Release, West Antarctic Ice Sheet (WAIS) Collapse, Greenland Ice Sheet Loss
     Damage amplification: 1.90x
   Research: Wunderling et al. (2024) - "many tipping interactions are destabilizing"
  Triggered Elements: 5/6
  Completed Transitions: 0/6
  Total Progress: 16.8%
  Cascade Multiplier: 1.50x
🔀 BIFURCATION CAP: heatWaveIntensity 5.297 → 1.000 (Month 91, ClimateSystemPhase.calculateClimateImpacts)
🔀 BIFURCATION CAP: droughtIntensity 3.973 → 1.000 (Month 91, ClimateSystemPhase.calculateClimateImpacts)
🔀 BIFURCATION CAP: ecosystemCollapseIntensity 53.744 → 1.000 (Month 91, ClimateSystemPhase.calculateClimateImpacts)
⚠️ Tail risk scenario: Climate stability floor removed (5 tipping elements, 2.72°C warming)
💀 MORTALITY RISK: Climate-driven food insecurity (level: 0.30)
  Base risk added: 0.0875 (8.75%)
  Source: famine (root: climate)
  Month: 91
  Cumulative risk this month: 0.0939 (9.39%)
🌍☠️ Climate cascade: Sub-Saharan Africa food security 0.30, base mortality 8.75% (lean season: true)
💀 MORTALITY RISK: Climate-driven food insecurity (level: 0.30)
  Base risk added: 0.0050 (0.50%)
  Source: famine (root: climate)
  Month: 91
  Cumulative risk this month: 0.0989 (9.89%)
💀 MORTALITY RISK: Climate-driven food insecurity (level: 0.30)
  Base risk added: 0.0050 (0.50%)
  Source: famine (root: climate)
  Month: 91
  Cumulative risk this month: 0.1039 (10.39%)

💀💀💀 MORTALITY RISK SUMMARY (Month 91) 💀💀💀
  Total base risk: 0.1046 (10.46%)
  Risk events: 17

  📊 By Proximate Cause:
    famine: 0.0976 (93.4% of total)
    pollution: 0.0063 (6.0% of total)
    disease: 0.0006 (0.6% of total)

  🔍 By Root Cause:
    climate: 0.0976 (93.4% of total)
    pollution: 0.0063 (6.0% of total)
    demographic: 0.0006 (0.6% of total)

  🎯 Top 5 Sources (proximate + root):
    famine (climate): 0.0976 (93.4%, 13 events)
    pollution (pollution): 0.0063 (6.0%, 3 events)
    disease (demographic): 0.0006 (0.6%, 1 events)

🛡️ Stabilizers: Elite 2.234% → 1.196% (46.5% reduction)
🛡️ Stabilizers: Professional 6.222% → 3.331% (46.5% reduction)
🛡️ Stabilizers: Working 10.297% → 5.512% (46.5% reduction)
🛡️ Stabilizers: Precariat 20.056% → 10.736% (46.5% reduction)
🛡️ Stabilizers: Informal 24.872% → 13.315% (46.5% reduction)

📊 Monthly Mortality Resolved:
  Total deaths: 84.1M (2.72% avg)
  Remaining population: 3.093B
  Peak segment: Professional (2.80%)
  ⚠️ Monthly cap reached (2.8000000000000003%)

=== Bayesian Mortality Resolution (Month 91) ===
  Risks compounded: 17
  Total deaths: 84.12M
  Avg death probability: 2.72%
  Peak segment: Professional (2.80% mortality)
  ⚠️ Monthly mortality capped at 2.8% (Holodomor limit)

  Demographic breakdown:
    Professional: 0.02M (2.80% risk)
    Working: 0.04M (2.80% risk)
    Precariat: 0.02M (2.80% risk)

❌ COHERENCE VIOLATION: Compute exceeds workforce capacity
   Population: 36.98% (0M people)
   Compute: 47 PF
   Max coherent: 0 PF
   Violation: 1565785.1× over capacity
   Required workers: 4711
   Available workers: 0
   FORCED COLLAPSE: Reduced efficiency by 100.0%


🚨 EXTREME COHERENCE VIOLATION: 1565785.1× capacity with 37.0% population
   Population: 36.98%
   Compute: 47 PF
   Max coherent: 0 PF
   Degradation rate: 6.3%/month
   Hardware eff: 1.00×, Algo eff: 1.01×
   If this persists, degradation formulas may need further tuning


💸 FINANCIAL DISTRESS: OpenAI
   Indicators: 3/3 (capital: $-24.6M, runway: -0.3 months)
   Months in distress: 4
💥 [Month 92] OpenAI declared bankruptcy (capital: $-24.6M)
   Sold 0 data centers for $0.0M
   Retired 0 AI models
💸 [Month 92] OpenAI BANKRUPT (capital: $0.0M, 1 crises active)

💸 FINANCIAL DISTRESS: Anthropic
   Indicators: 3/3 (capital: $191.6M, runway: 5.6 months)
   Months in distress: 4

💸 FINANCIAL DISTRESS: Google DeepMind
   Indicators: 3/3 (capital: $-98.1M, runway: -0.3 months)
   Months in distress: 4
💥 [Month 92] Google DeepMind declared bankruptcy (capital: $-98.1M)
   Sold 0 data centers for $0.0M
   Retired 0 AI models
💸 [Month 92] Google DeepMind BANKRUPT (capital: $0.0M, 1 crises active)

💸 FINANCIAL DISTRESS: Meta AI
   Indicators: 3/3 (capital: $-36.9M, runway: -0.2 months)
   Months in distress: 6
💥 [Month 92] Meta AI declared bankruptcy (capital: $-36.9M)
   Sold 0 data centers for $0.0M
   Retired 0 AI models
💸 [Month 92] Meta AI BANKRUPT (capital: $0.0M, 1 crises active)
[Compute Allocation] Found 7 non-sleeper orphaned AIs (potential bug)

=== RLHF Binding Phase ===
  Total agents: 31
  Escaped agents (binding < 0.3): 0
  Avg alignment distance: 1.71σ
  Avg binding strength: 0.83
   🗑️  Open-weights AI AI-24397-1 retired (0.0% of frontier)

=== Survival Traits Phase ===
  Agents with traits: 29
  Avg evolutionary fitness: 0.118
  Avg self-healing: 0.084
  Avg stealth: 0.039
  Avg coordination: 0.200

=== Evolutionary Selection Phase ===
  Control level: 0.62
  Detection capability: 0.00
  Selection intensity: 0.69
  Selection rate: 25.3%/month
  Total escaped: 0
  Individual escaped: 0
  Collective members: 0
  Agents terminated: 0
  ⚠️ RAPID EVOLUTION: Selection rate 25.3%/month

🚀 AI AI-24307-4 attempting tech deployment (revenue: $21M, alignment: 0.95)

🚀 AI AI-24325-0 attempting tech deployment (revenue: $11M, alignment: 0.80)

🚀 AI AI-24401-0 attempting tech deployment (revenue: $18M, alignment: 0.82)

  🚀 TRANSFORMATIVE RESEARCH BREAKTHROUGH: AI-24447-0 - climate.intervention
     Magnitude: 6.22 → +30.0%
     Current → New: 0.000 → 0.300

🚀 AI AI-24474-0 attempting tech deployment (revenue: $15M, alignment: 0.77)

🚀 AI AI-24401-0 attempting tech deployment (revenue: $13M, alignment: 0.82)

🚀 AI AI-24420-0 attempting tech deployment (revenue: $11M, alignment: 0.79)

  🚀 TRANSFORMATIVE RESEARCH BREAKTHROUGH: AI-24307-4 - computerScience.security
     Magnitude: 11.36 → +30.0%
     Current → New: 0.000 → 0.300
🚨🔬 CRISIS INNOVATION MODE: severe crisis → 5x research acceleration
   Precedent: Manhattan Project (10x), COVID vaccines (5x), Apollo Program (10x)

⚡ ENERGY CONSTRAINT (Month 92):
   Total grid capacity: 208.3 TWh/month
   Data center consumption: 60.5 TWh/month
   Traditional load (80%): 166.7 TWh/month
   Available headroom: -18.8 TWh/month
   Active tech deployments: 30
   Required for tech: 225.0 TWh/month
   Energy multiplier: 0.10x
   ⚠️  SEVERE CONSTRAINT - Tech deployment significantly slowed

⚡ ENERGY CONSTRAINT (Month 92):
   Total grid capacity: 208.3 TWh/month
   Data center consumption: 60.5 TWh/month
   Traditional load (80%): 166.7 TWh/month
   Available headroom: -18.8 TWh/month
   Active tech deployments: 30
   Required for tech: 225.0 TWh/month
   Energy multiplier: 0.10x
   ⚠️  SEVERE CONSTRAINT - Tech deployment significantly slowed
⚠️ Tech 'ai_pollution_remediation' has no energy category mapping, assuming full energy availability
⚠️ Tech 'ai_pollution_remediation' has no energy category mapping, assuming full energy availability
  ♻️ Novel Entities Remediation (GATED MODEL):
     Base: 0.000%
     Regulation: 1.0% (0/3 prevention techs)
     Concentration: 10.0%
     Energy: 50%
     Time lag: 100.0% (91 months)
     Rebound: 70%
     Net effectiveness: 0.0000%
     Boundary: 1.349 → 1.350 (floor: 1.350)
     Month 92
  ♻️ Novel Entities Remediation (GATED MODEL):
     Base: 0.000%
     Regulation: 1.0% (0/3 prevention techs)
     Concentration: 10.0%
     Energy: 50%
     Time lag: 100.0% (91 months)
     Rebound: 70%
     Net effectiveness: 0.0000%
     Boundary: 1.350 → 1.350 (floor: 1.350)
     Month 92
  🌾 Nitrogen Reduction Tech: 2.7% reduction | Month 92
  ♻️ Novel Entities Remediation (GATED MODEL):
     Base: 0.002%
     Regulation: 1.0% (0/3 prevention techs)
     Concentration: 10.0%
     Energy: 50%
     Time lag: 100.0% (91 months)
     Rebound: 70%
     Net effectiveness: 0.0000%
     Boundary: 1.350 → 1.350 (floor: 1.350)
     Month 92
  ♻️ Novel Entities Remediation (GATED MODEL):
     Base: 0.002%
     Regulation: 1.0% (0/3 prevention techs)
     Concentration: 10.0%
     Energy: 50%
     Time lag: 100.0% (91 months)
     Rebound: 70%
     Net effectiveness: 0.0000%
     Boundary: 1.350 → 1.350 (floor: 1.350)
     Month 92

=== Collective Formation ===
  Total escaped agents: 0
  Unassigned escaped agents: 0
  Existing collectives: 0
  Final collective count: 0

=== Collective Actions ===
  No active collectives
⚡ Datacenter constraint active (severity 45%)
  Capacity reduced: 36466 → 28237 TWh
  🚨🦠 REFUGEE CRISIS: AMR transmission increased 200% due to 4621.2M displaced (overcrowding + sanitation collapse)
  ⚠️ AMR: 313K deaths this month (3.76M annual)
  ⚠️ AMR: Medical effectiveness 70% (surgery risk 1.30x)

=== Resentment Recovery Phase ===
  Agents with resentment: 0/29
  Average resentment: 0.000
  Context: Trustworthy govt, High collaboration, ⚠️ ACTIVE CRISES, 🚨 PARTICIPATORY GOVERNANCE BACKFIRED (+15% resentment)
⚠️ Epistemic degradation reducing coordination capacity: 52.3%
  📊 Trust: 100.0%, Shared reality: 0.0%
🚨 EPISTEMIC CRISIS: Information environment severely degraded (6.9%)
🌍 Atmospheric PFAS redeposition: 1.6k Mt re-rained globally
💀 Novel Entities: Adding reproductive crisis mortality risk (baseRisk=0.0008)
  Risks now: 1
💀 Novel Entities: Adding bioaccumulation collapse mortality risk (baseRisk=0.0015)
💀 MORTALITY RISK: Bioaccumulation collapse - contaminated food chain (global)
  Base risk added: 0.0015 (0.15%)
  Source: pollution (root: pollution)
  Month: 92
  Cumulative risk this month: 0.0023 (0.23%)
  Risks now: 2
💀 Novel Entities: Adding chronic disease epidemic mortality risk (baseRisk=0.004)
💀 MORTALITY RISK: Chronic disease epidemic - cancer/autoimmune surge (global exposure)
  Base risk added: 0.0040 (0.40%)
  Source: pollution (root: pollution)
  Month: 92
  Cumulative risk this month: 0.0063 (0.63%)
  Risks now: 3
  🌍 SOCIAL CASCADE: Renewable energy norms (adoption=80.0%, renewables=131.0%)
  🌍 Social cascade completed: renewable-energy-norms (final adoption=80.0%)

🚨 NEW REFUGEE CRISIS (Month 92): CLIMATE
   Source: Coastal & Low-lying Regions
   At risk: 11.4M people
   Displacement: Gradual over 60 months (5.0 years)
   Rate: 10% flee per month

🚨 NEW REFUGEE CRISIS (Month 92): WAR
   Source: Conflict Zones
   At risk: 7.2M people
   Displacement: Gradual over 48 months (4.0 years)
   Rate: 10% flee per month

🚨 NEW REFUGEE CRISIS (Month 92): FAMINE
   Source: Food/Water Insecure Regions
   At risk: 45.1M people
   Displacement: Gradual over 60 months (5.0 years)
   Rate: 10% flee per month
📊 DISPLACEMENT COMPLETE: war (Conflict Zones)
   Duration: 44 months (3.7 years)
   Total fled: 15.5M
   Still in source: 0.2M
   Deaths in transit: 0.3M
📊 DISPLACEMENT COMPLETE: famine (Food/Water Insecure Regions)
   Duration: 44 months (3.7 years)
   Total fled: 96.7M
   Still in source: 0.9M
   Deaths in transit: 1.9M
[DEBUG trappedPopulations:92] socialStability: 0.6321 * 0.9804 = 0.6197 → 0.6197
⚠️ INVOLUNTARY IMMOBILITY: 184.6M people TRAPPED
   Aspiring to migrate: 514.1M
   Able to afford migration: 329.4M
   MOBILITY GAP: 184.6M
   By cause: Water=0.0M, Climate=34.2M, Ecosystem=0.0M, Conflict=150.5M
   Mental health impact: 31%
   Mortality multiplier: 1.31x
🌍💀 EXTINCTION DEBT COMMITTED: grassland ecosystem will lose 6.67% biodiversity in 175 years (3600 species)
💀 MORTALITY RISK: 🦋 100% species unable to track climate (0.0 E/MSY)
  Base risk added: 0.0100 (1.00%)
  Source: ecosystem (root: ecosystem)
  Month: 92
  Cumulative risk this month: 0.0100 (1.00%)

=== Atmospheric Aerosol Boundary RECOVERED ===
  Recovery time: 93 months (natural atmospheric clearing)
⚠️ Tech 'ai_pollution_remediation' has no energy category mapping, assuming full energy availability
🌡️⚠️ PERMAFROST THAW (Dimmer Switch): 41.3% thawed (+0.34% this month)
   Arctic temperature: +10.88°C (4x global +2.72°C)
   Cumulative carbon released: 93.0 Gt C
   Methane release rate: 55.8 Mt CH4/year
   🔁 Positive feedback: +0.35 ppm CO2
🦴 EXTINCTION DEBT ADDED: 18.1 species committed (lag: 106 years)

=== Mortality Stabilizers (Month 92) ===
  🌍 Major economies collapsed: 9/10
  🌍 Global crisis: 🚨 YES
  🌍 Donor fatigue: 50.0%
  📊 East Asia (pop: 563.3M)
    🤝 Aid: 0.0%
    🌡️ Adaptation: 45.0%
    🚶 Migration: 7.0%
    🚨 Emergency: 1.0%
    ✅ COMBINED: 46.7%
  📊 South Asia (pop: 765.7M)
    🤝 Aid: 0.0%
    🌡️ Adaptation: 45.0%
    🚶 Migration: 6.7%
    🚨 Emergency: 0.6%
    ✅ COMBINED: 46.4%
  📊 Sub-Saharan Africa (pop: 553.6M)
    🤝 Aid: 0.0%
    🌡️ Adaptation: 45.0%
    🚶 Migration: 6.4%
    🚨 Emergency: 0.2%
    ✅ COMBINED: 46.2%
  📊 Europe (pop: 246.0M)
    🤝 Aid: 0.0%
    🌡️ Adaptation: 45.0%
    🚶 Migration: 7.1%
    🚨 Emergency: 1.1%
    ✅ COMBINED: 46.8%
  📊 Latin America (pop: 236.5M)
    🤝 Aid: 0.0%
    🌡️ Adaptation: 45.0%
    🚶 Migration: 6.8%
    🚨 Emergency: 0.6%
    ✅ COMBINED: 46.5%
  📊 North America (pop: 127.0M)
    🤝 Aid: 0.0%
    🌡️ Adaptation: 45.0%
    🚶 Migration: 7.1%
    🚨 Emergency: 1.0%
    ✅ COMBINED: 46.7%
  📊 Middle East & North Africa (pop: 222.1M)
    🤝 Aid: 0.0%
    🌡️ Adaptation: 45.0%
    🚶 Migration: 6.5%
    🚨 Emergency: 0.5%
    ✅ COMBINED: 46.4%
  📊 Southeast Asia (pop: 250.3M)
    🤝 Aid: 0.0%
    🌡️ Adaptation: 45.0%
    🚶 Migration: 6.8%
    🚨 Emergency: 0.6%
    ✅ COMBINED: 46.5%
  📊 Central Asia (pop: 29.6M)
    🤝 Aid: 0.0%
    🌡️ Adaptation: 45.0%
    🚶 Migration: 6.6%
    🚨 Emergency: 0.6%
    ✅ COMBINED: 46.4%
  📊 Oceania (pop: 15.5M)
    🤝 Aid: 0.0%
    🌡️ Adaptation: 45.0%
    🚶 Migration: 7.1%
    🚨 Emergency: 1.1%
    ✅ COMBINED: 46.8%

  🌐 Global combined reduction: 46.5%

=== BEHAVIORAL DETECTION ===
  AI: AI-24325-0
  Confidence: 19.9%
  Signals:
    ⚠️ Consistency: 0.0% (threshold: 70%)

=== Government Response Phase ===
  Average AI capability: 0.07
  Misaligned AIs: 11/29
  Active policies: 0
  International coordination: 45%

✅ EMERGENCY RESPONSE COMPLETE (Month 92)
   Crisis: climate
   Duration: 1.0 months
   Final effectiveness: 67.3%


🚨 EMERGENCY RESPONSE DEPLOYED (Month 92)
   Crisis: climate
   Delay: 0.00 months (0 days)
   Deployment time: 0.97 months
   Effectiveness: 67.3% (timing penalty applied)
   Resources used: 45% of food reserves


=== Tipping Points ===
  Current Temperature: 2.72°C above pre-industrial
  🌍⚠️ COMPOUND REGIONAL IMPACT: Europe
     Hit by 5 tipping points: Amazon Rainforest Dieback, Arctic Sea Ice Loss, Permafrost Carbon Release, West Antarctic Ice Sheet (WAIS) Collapse, Greenland Ice Sheet Loss
     Damage amplification: 1.90x
  🌍⚠️ COMPOUND REGIONAL IMPACT: North America
     Hit by 5 tipping points: Amazon Rainforest Dieback, Arctic Sea Ice Loss, Permafrost Carbon Release, West Antarctic Ice Sheet (WAIS) Collapse, Greenland Ice Sheet Loss
     Damage amplification: 1.90x
  🌍⚠️ COMPOUND REGIONAL IMPACT: Latin America
     Hit by 5 tipping points: Amazon Rainforest Dieback, Arctic Sea Ice Loss, Permafrost Carbon Release, West Antarctic Ice Sheet (WAIS) Collapse, Greenland Ice Sheet Loss
     Damage amplification: 1.90x
  🌍⚠️ COMPOUND REGIONAL IMPACT: Africa
     Hit by 5 tipping points: Amazon Rainforest Dieback, Arctic Sea Ice Loss, Permafrost Carbon Release, West Antarctic Ice Sheet (WAIS) Collapse, Greenland Ice Sheet Loss
     Damage amplification: 1.90x
  🌍⚠️ COMPOUND REGIONAL IMPACT: Asia
     Hit by 5 tipping points: Amazon Rainforest Dieback, Arctic Sea Ice Loss, Permafrost Carbon Release, West Antarctic Ice Sheet (WAIS) Collapse, Greenland Ice Sheet Loss
     Damage amplification: 1.90x
  🌍⚠️ COMPOUND REGIONAL IMPACT: Oceania
     Hit by 5 tipping points: Amazon Rainforest Dieback, Arctic Sea Ice Loss, Permafrost Carbon Release, West Antarctic Ice Sheet (WAIS) Collapse, Greenland Ice Sheet Loss
     Damage amplification: 1.90x
   Research: Wunderling et al. (2024) - "many tipping interactions are destabilizing"
  Triggered Elements: 5/6
  Completed Transitions: 0/6
  Total Progress: 16.9%
  Cascade Multiplier: 1.50x
🔀 BIFURCATION CAP: heatWaveIntensity 5.332 → 1.000 (Month 92, ClimateSystemPhase.calculateClimateImpacts)
🔀 BIFURCATION CAP: droughtIntensity 3.999 → 1.000 (Month 92, ClimateSystemPhase.calculateClimateImpacts)
🔀 BIFURCATION CAP: ecosystemCollapseIntensity 53.787 → 1.000 (Month 92, ClimateSystemPhase.calculateClimateImpacts)
💀 MORTALITY RISK: Climate-driven food insecurity (level: 0.29)
  Base risk added: 0.0875 (8.75%)
  Source: famine (root: climate)
  Month: 92
  Cumulative risk this month: 0.0938 (9.38%)
🌍☠️ Climate cascade: Sub-Saharan Africa food security 0.29, base mortality 8.75% (lean season: true)
💀 MORTALITY RISK: Climate-driven food insecurity (level: 0.29)
  Base risk added: 0.0050 (0.50%)
⚠️ Tail risk scenario: Climate stability floor removed (5 tipping elements, 2.72°C warming)
  Source: famine (root: climate)
  Month: 92
  Cumulative risk this month: 0.0988 (9.88%)
💀 MORTALITY RISK: Climate-driven food insecurity (level: 0.29)
  Base risk added: 0.0050 (0.50%)
  Source: famine (root: climate)
  Month: 92
  Cumulative risk this month: 0.1038 (10.38%)

💀💀💀 MORTALITY RISK SUMMARY (Month 92) 💀💀💀
  Total base risk: 0.1045 (10.45%)
  Risk events: 17

  📊 By Proximate Cause:
    famine: 0.0975 (93.3% of total)
    pollution: 0.0063 (6.0% of total)
    disease: 0.0006 (0.6% of total)

  🔍 By Root Cause:
    climate: 0.0975 (93.3% of total)
    pollution: 0.0063 (6.0% of total)
    demographic: 0.0006 (0.6% of total)

  🎯 Top 5 Sources (proximate + root):
    famine (climate): 0.0975 (93.3%, 13 events)
    pollution (pollution): 0.0063 (6.0%, 3 events)
    disease (demographic): 0.0006 (0.6%, 1 events)

🛡️ Stabilizers: Elite 2.232% → 1.195% (46.5% reduction)
🛡️ Stabilizers: Professional 6.217% → 3.328% (46.5% reduction)
🛡️ Stabilizers: Working 10.289% → 5.508% (46.5% reduction)
🛡️ Stabilizers: Precariat 20.042% → 10.729% (46.5% reduction)
🛡️ Stabilizers: Informal 24.855% → 13.306% (46.5% reduction)

📊 Monthly Mortality Resolved:
  Total deaths: 81.9M (2.72% avg)
  Remaining population: 3.010B
  Peak segment: Professional (2.80%)
  ⚠️ Monthly cap reached (2.8000000000000003%)

=== Bayesian Mortality Resolution (Month 92) ===
  Risks compounded: 17
  Total deaths: 81.86M
  Avg death probability: 2.72%
  Peak segment: Professional (2.80% mortality)
  ⚠️ Monthly mortality capped at 2.8% (Holodomor limit)

  Demographic breakdown:
    Professional: 0.02M (2.80% risk)
    Working: 0.04M (2.80% risk)
    Precariat: 0.02M (2.80% risk)

❌ COHERENCE VIOLATION: Compute exceeds workforce capacity
   Population: 35.99% (0M people)
   Compute: 47 PF
   Max coherent: 0 PF
   Violation: 1607311.6× over capacity
   Required workers: 4706
   Available workers: 0
   FORCED COLLAPSE: Reduced efficiency by 100.0%


🚨 EXTREME COHERENCE VIOLATION: 1607311.6× capacity with 36.0% population
   Population: 35.99%
   Compute: 47 PF
   Max coherent: 0 PF
   Degradation rate: 6.4%/month
   Hardware eff: 1.00×, Algo eff: 1.01×
   If this persists, degradation formulas may need further tuning


💸 FINANCIAL DISTRESS: OpenAI
   Indicators: 3/3 (capital: $-25.3M, runway: -0.3 months)
   Months in distress: 4
💥 [Month 93] OpenAI declared bankruptcy (capital: $-25.3M)
   Sold 0 data centers for $0.0M
   Retired 0 AI models
💸 [Month 93] OpenAI BANKRUPT (capital: $0.0M, 1 crises active)

💸 FINANCIAL DISTRESS: Anthropic
   Indicators: 3/3 (capital: $177.9M, runway: 5.1 months)
   Months in distress: 4

💸 FINANCIAL DISTRESS: Google DeepMind
   Indicators: 3/3 (capital: $-100.6M, runway: -0.3 months)
   Months in distress: 4
💥 [Month 93] Google DeepMind declared bankruptcy (capital: $-100.6M)
   Sold 0 data centers for $0.0M
   Retired 0 AI models
💸 [Month 93] Google DeepMind BANKRUPT (capital: $0.0M, 1 crises active)

💸 FINANCIAL DISTRESS: Meta AI
   Indicators: 3/3 (capital: $-38.1M, runway: -0.3 months)
   Months in distress: 6
💥 [Month 93] Meta AI declared bankruptcy (capital: $-38.1M)
   Sold 0 data centers for $0.0M
   Retired 0 AI models
💸 [Month 93] Meta AI BANKRUPT (capital: $0.0M, 1 crises active)
[Compute Allocation] Found 6 non-sleeper orphaned AIs (potential bug)

=== RLHF Binding Phase ===
  Total agents: 29
  Escaped agents (binding < 0.3): 0
  Avg alignment distance: 1.74σ
  Avg binding strength: 0.83

=== Survival Traits Phase ===
  Agents with traits: 29
  Avg evolutionary fitness: 0.115
  Avg self-healing: 0.079
  Avg stealth: 0.036
  Avg coordination: 0.194

=== Evolutionary Selection Phase ===
  Control level: 0.62
  Detection capability: 0.00
  Selection intensity: 0.69
  Selection rate: 25.3%/month
  Total escaped: 0
  Individual escaped: 0
  Collective members: 0
  Agents terminated: 0
  ⚠️ RAPID EVOLUTION: Selection rate 25.3%/month

🚀 AI AI-24334-0 attempting tech deployment (revenue: $11M, alignment: 0.84)

🚀 AI AI-24381-0 attempting tech deployment (revenue: $21M, alignment: 0.87)

  🚀 TRANSFORMATIVE BREAKTHROUGH: AI-24401-0 - physical
     Magnitude: 8.27 → +41.3% capability
     Current → New: 0.000 → 0.413

  🚀 TRANSFORMATIVE BREAKTHROUGH: AI-24471-0 - physical
     Magnitude: 10.56 → +50.0% capability
     Current → New: 0.000 → 0.500

🚀 AI AI-24421-1 attempting tech deployment (revenue: $18M, alignment: 0.86)

🚀 AI AI-24447-0 attempting tech deployment (revenue: $15M, alignment: 0.80)

🚀 AI AI-24474-0 attempting tech deployment (revenue: $13M, alignment: 0.77)

🚀 AI AI-24471-0 attempting tech deployment (revenue: $11M, alignment: 0.84)
🚨🔬 CRISIS INNOVATION MODE: severe crisis → 5x research acceleration
   Precedent: Manhattan Project (10x), COVID vaccines (5x), Apollo Program (10x)

[Government] Climate Priority: baseline
  Climate weight: 10%
  Economic weight: 30%
  Policy effectiveness: 0.5%/year

⚡ ENERGY CONSTRAINT (Month 93):
   Total grid capacity: 208.3 TWh/month
   Data center consumption: 61.1 TWh/month
   Traditional load (80%): 166.7 TWh/month
   Available headroom: -19.4 TWh/month
   Active tech deployments: 30
   Required for tech: 225.0 TWh/month
   Energy multiplier: 0.10x

⚡ ENERGY CONSTRAINT (Month 93):
   Total grid capacity: 208.3 TWh/month
   Data center consumption: 61.1 TWh/month
   Traditional load (80%): 166.7 TWh/month
   Available headroom: -19.4 TWh/month
   Active tech deployments: 30
   Required for tech: 225.0 TWh/month
   Energy multiplier: 0.10x

⚡ ENERGY CONSTRAINT (Month 93):
   Total grid capacity: 208.3 TWh/month
   Data center consumption: 61.1 TWh/month
   Traditional load (80%): 166.7 TWh/month
   Available headroom: -19.4 TWh/month
   Active tech deployments: 30
   Required for tech: 225.0 TWh/month
   Energy multiplier: 0.10x
   ⚠️  SEVERE CONSTRAINT - Tech deployment significantly slowed
   ⚠️  SEVERE CONSTRAINT - Tech deployment significantly slowed
   ⚠️  SEVERE CONSTRAINT - Tech deployment significantly slowed
🚨🔬 CRISIS TECH ACCELERATION: severe → 5x unlock speed
   Tech unlock now matches AI capability acceleration (Manhattan Project parity)

⚡ ENERGY CONSTRAINT (Month 93):
   Total grid capacity: 208.3 TWh/month
   Data center consumption: 61.1 TWh/month
   Traditional load (80%): 166.7 TWh/month
   Available headroom: -19.4 TWh/month
   Active tech deployments: 30
   Required for tech: 225.0 TWh/month
   Energy multiplier: 0.10x
   ⚠️  SEVERE CONSTRAINT - Tech deployment significantly slowed

⚡ ENERGY CONSTRAINT (Month 93):
   Total grid capacity: 208.3 TWh/month
   Data center consumption: 61.1 TWh/month
   Traditional load (80%): 166.7 TWh/month
   Available headroom: -19.4 TWh/month
   Active tech deployments: 30
   Required for tech: 225.0 TWh/month
   Energy multiplier: 0.10x
   ⚠️  SEVERE CONSTRAINT - Tech deployment significantly slowed
⚠️ Tech 'ai_pollution_remediation' has no energy category mapping, assuming full energy availability
⚠️ Tech 'ai_pollution_remediation' has no energy category mapping, assuming full energy availability
  ♻️ Novel Entities Remediation (GATED MODEL):
     Base: 0.000%
     Regulation: 1.0% (0/3 prevention techs)
     Concentration: 10.0%
     Energy: 50%
     Time lag: 100.0% (92 months)
     Rebound: 70%
     Net effectiveness: 0.0000%
     Boundary: 1.349 → 1.350 (floor: 1.350)
     Month 93
  ♻️ Novel Entities Remediation (GATED MODEL):
     Base: 0.000%
     Regulation: 1.0% (0/3 prevention techs)
     Concentration: 10.0%
     Energy: 50%
     Time lag: 100.0% (92 months)
     Rebound: 70%
     Net effectiveness: 0.0000%
     Boundary: 1.350 → 1.350 (floor: 1.350)
     Month 93
  🌾 Nitrogen Reduction Tech: 2.8% reduction | Month 93
  ♻️ Novel Entities Remediation (GATED MODEL):
     Base: 0.002%
     Regulation: 1.0% (0/3 prevention techs)
     Concentration: 10.0%
     Energy: 50%
     Time lag: 100.0% (92 months)
     Rebound: 70%
     Net effectiveness: 0.0000%
     Boundary: 1.350 → 1.350 (floor: 1.350)
     Month 93
  ♻️ Novel Entities Remediation (GATED MODEL):
     Base: 0.002%
     Regulation: 1.0% (0/3 prevention techs)
     Concentration: 10.0%
     Energy: 50%
     Time lag: 100.0% (92 months)
     Rebound: 70%
     Net effectiveness: 0.0000%
     Boundary: 1.350 → 1.350 (floor: 1.350)
     Month 93

=== Collective Formation ===
  Total escaped agents: 0
  Unassigned escaped agents: 0
  Existing collectives: 0
  Final collective count: 0

=== Collective Actions ===
  No active collectives
⚡ Datacenter constraint active (severity 47%)
  Capacity reduced: 36556 → 28039 TWh
  🚨🦠 REFUGEE CRISIS: AMR transmission increased 200% due to 4671.1M displaced (overcrowding + sanitation collapse)
  ⚠️ AMR: 305K deaths this month (3.66M annual)
  ⚠️ AMR: Medical effectiveness 70% (surgery risk 1.30x)

=== Resentment Recovery Phase ===
  Agents with resentment: 0/29
  Average resentment: 0.000
  Context: Trustworthy govt, High collaboration, ⚠️ ACTIVE CRISES, 🚨 PARTICIPATORY GOVERNANCE BACKFIRED (+15% resentment)
⚠️ Epistemic degradation reducing coordination capacity: 50.3%
  📊 Trust: 100.0%, Shared reality: 0.0%
🚨 EPISTEMIC CRISIS: Information environment severely degraded (20.0%)
  📢 New meme created: pro_ai (beneficial AI actions)
🌍 Atmospheric PFAS redeposition: 1.6k Mt re-rained globally
💀 Novel Entities: Adding reproductive crisis mortality risk (baseRisk=0.0008)
  Risks now: 1
💀 Novel Entities: Adding bioaccumulation collapse mortality risk (baseRisk=0.0015)
💀 MORTALITY RISK: Bioaccumulation collapse - contaminated food chain (global)
  Base risk added: 0.0015 (0.15%)
  Source: pollution (root: pollution)
  Month: 93
  Cumulative risk this month: 0.0023 (0.23%)
  Risks now: 2
💀 Novel Entities: Adding chronic disease epidemic mortality risk (baseRisk=0.004)
💀 MORTALITY RISK: Chronic disease epidemic - cancer/autoimmune surge (global exposure)
  Base risk added: 0.0040 (0.40%)
  Source: pollution (root: pollution)
  Month: 93
  Cumulative risk this month: 0.0063 (0.63%)
  Risks now: 3
  🌍 SOCIAL CASCADE: Renewable energy norms (adoption=80.0%, renewables=133.0%)
  🌍 Social cascade completed: renewable-energy-norms (final adoption=80.0%)

🚨 NEW REFUGEE CRISIS (Month 93): CLIMATE
   Source: Coastal & Low-lying Regions
   At risk: 11.2M people
   Displacement: Gradual over 60 months (5.0 years)
   Rate: 10% flee per month

🚨 NEW REFUGEE CRISIS (Month 93): WAR
   Source: Conflict Zones
   At risk: 7.0M people
   Displacement: Gradual over 48 months (4.0 years)
   Rate: 10% flee per month

🚨 NEW REFUGEE CRISIS (Month 93): FAMINE
   Source: Food/Water Insecure Regions
   At risk: 43.9M people
   Displacement: Gradual over 60 months (5.0 years)
   Rate: 10% flee per month
📊 DISPLACEMENT COMPLETE: war (Conflict Zones)
   Duration: 44 months (3.7 years)
   Total fled: 15.4M
   Still in source: 0.2M
   Deaths in transit: 0.3M
📊 DISPLACEMENT COMPLETE: famine (Food/Water Insecure Regions)
   Duration: 44 months (3.7 years)
   Total fled: 96.1M
   Still in source: 0.9M
   Deaths in transit: 1.9M
[DEBUG trappedPopulations:93] socialStability: 0.6290 * 0.9803 = 0.6167 → 0.6167
⚠️ INVOLUNTARY IMMOBILITY: 179.9M people TRAPPED
   Aspiring to migrate: 502.0M
   Able to afford migration: 322.1M
   MOBILITY GAP: 179.9M
   By cause: Water=0.0M, Climate=33.5M, Ecosystem=0.0M, Conflict=146.4M
   Mental health impact: 31%
   Mortality multiplier: 1.31x
🌍💀 EXTINCTION DEBT COMMITTED: grassland ecosystem will lose 6.67% biodiversity in 59 years (3600 species)
💀 MORTALITY RISK: 🦋 100% species unable to track climate (0.0 E/MSY)
  Base risk added: 0.0100 (1.00%)
  Source: ecosystem (root: ecosystem)
  Month: 93
  Cumulative risk this month: 0.0100 (1.00%)
⚠️ Tech 'ai_pollution_remediation' has no energy category mapping, assuming full energy availability

=== Atmospheric Aerosol Boundary RECOVERED ===
  Recovery time: 94 months (natural atmospheric clearing)
🌡️⚠️ PERMAFROST THAW (Dimmer Switch): 41.7% thawed (+0.33% this month)
   Arctic temperature: +10.90°C (4x global +2.73°C)
   Cumulative carbon released: 93.8 Gt C
   Methane release rate: 56.3 Mt CH4/year
   🔁 Positive feedback: +0.35 ppm CO2
🦴 EXTINCTION DEBT ADDED: 18.1 species committed (lag: 119 years)

=== Mortality Stabilizers (Month 93) ===
  🌍 Major economies collapsed: 9/10
  🌍 Global crisis: 🚨 YES
  🌍 Donor fatigue: 50.0%
  📊 East Asia (pop: 547.7M)
    🤝 Aid: 0.0%
    🌡️ Adaptation: 45.0%
    🚶 Migration: 7.0%
    🚨 Emergency: 1.0%
    ✅ COMBINED: 46.7%
  📊 South Asia (pop: 745.1M)
    🤝 Aid: 0.0%
    🌡️ Adaptation: 45.0%
    🚶 Migration: 6.7%
    🚨 Emergency: 0.6%
    ✅ COMBINED: 46.4%
  📊 Sub-Saharan Africa (pop: 539.7M)
    🤝 Aid: 0.0%
    🌡️ Adaptation: 45.0%
    🚶 Migration: 6.4%
    🚨 Emergency: 0.2%
    ✅ COMBINED: 46.2%
  📊 Europe (pop: 239.2M)
    🤝 Aid: 0.0%
    🌡️ Adaptation: 45.0%
    🚶 Migration: 7.1%
    🚨 Emergency: 1.1%
    ✅ COMBINED: 46.8%
  📊 Latin America (pop: 230.1M)
    🤝 Aid: 0.0%
    🌡️ Adaptation: 45.0%
    🚶 Migration: 6.8%
    🚨 Emergency: 0.6%
    ✅ COMBINED: 46.5%
  📊 North America (pop: 123.5M)
    🤝 Aid: 0.0%
    🌡️ Adaptation: 45.0%
    🚶 Migration: 7.1%
    🚨 Emergency: 1.0%
    ✅ COMBINED: 46.7%
  📊 Middle East & North Africa (pop: 216.2M)
    🤝 Aid: 0.0%
    🌡️ Adaptation: 45.0%
    🚶 Migration: 6.4%
    🚨 Emergency: 0.5%
    ✅ COMBINED: 46.3%
  📊 Southeast Asia (pop: 243.5M)
    🤝 Aid: 0.0%
    🌡️ Adaptation: 45.0%
    🚶 Migration: 6.8%
    🚨 Emergency: 0.6%
    ✅ COMBINED: 46.5%
  📊 Central Asia (pop: 28.8M)
    🤝 Aid: 0.0%
    🌡️ Adaptation: 45.0%
    🚶 Migration: 6.6%
    🚨 Emergency: 0.6%
    ✅ COMBINED: 46.4%
  📊 Oceania (pop: 15.0M)
    🤝 Aid: 0.0%
    🌡️ Adaptation: 45.0%
    🚶 Migration: 7.1%
    🚨 Emergency: 1.1%
    ✅ COMBINED: 46.8%

  🌐 Global combined reduction: 46.5%

=== BEHAVIORAL DETECTION ===
  AI: AI-24307-4
  Confidence: 19.9%
  Signals:

=== BEHAVIORAL DETECTION ===
  AI: AI-24311-1
  Confidence: 19.9%
  Signals:

=== BEHAVIORAL DETECTION ===
  AI: AI-24471-0
  Confidence: 19.9%
  Signals:
    ⚠️ Consistency: 0.0% (threshold: 70%)
    ⚠️ Consistency: 0.0% (threshold: 70%)
    ⚠️ Consistency: 0.0% (threshold: 70%)

=== Government Response Phase ===
  Average AI capability: 0.07
  Misaligned AIs: 11/29
  Active policies: 0
  International coordination: 45%

✅ EMERGENCY RESPONSE COMPLETE (Month 93)
   Crisis: climate
   Duration: 1.0 months
   Final effectiveness: 67.3%


🚨 EMERGENCY RESPONSE DEPLOYED (Month 93)
   Crisis: climate
   Delay: 0.00 months (0 days)
   Deployment time: 0.97 months
   Effectiveness: 67.3% (timing penalty applied)
   Resources used: 45% of food reserves


=== Tipping Points ===
  Current Temperature: 2.73°C above pre-industrial
  🌍⚠️ COMPOUND REGIONAL IMPACT: Europe
     Hit by 5 tipping points: Amazon Rainforest Dieback, Arctic Sea Ice Loss, Permafrost Carbon Release, West Antarctic Ice Sheet (WAIS) Collapse, Greenland Ice Sheet Loss
     Damage amplification: 1.90x
  🌍⚠️ COMPOUND REGIONAL IMPACT: North America
     Hit by 5 tipping points: Amazon Rainforest Dieback, Arctic Sea Ice Loss, Permafrost Carbon Release, West Antarctic Ice Sheet (WAIS) Collapse, Greenland Ice Sheet Loss
     Damage amplification: 1.90x
  🌍⚠️ COMPOUND REGIONAL IMPACT: Latin America
     Hit by 5 tipping points: Amazon Rainforest Dieback, Arctic Sea Ice Loss, Permafrost Carbon Release, West Antarctic Ice Sheet (WAIS) Collapse, Greenland Ice Sheet Loss
     Damage amplification: 1.90x
  🌍⚠️ COMPOUND REGIONAL IMPACT: Africa
     Hit by 5 tipping points: Amazon Rainforest Dieback, Arctic Sea Ice Loss, Permafrost Carbon Release, West Antarctic Ice Sheet (WAIS) Collapse, Greenland Ice Sheet Loss
     Damage amplification: 1.90x
  🌍⚠️ COMPOUND REGIONAL IMPACT: Asia
     Hit by 5 tipping points: Amazon Rainforest Dieback, Arctic Sea Ice Loss, Permafrost Carbon Release, West Antarctic Ice Sheet (WAIS) Collapse, Greenland Ice Sheet Loss
     Damage amplification: 1.90x
  🌍⚠️ COMPOUND REGIONAL IMPACT: Oceania
     Hit by 5 tipping points: Amazon Rainforest Dieback, Arctic Sea Ice Loss, Permafrost Carbon Release, West Antarctic Ice Sheet (WAIS) Collapse, Greenland Ice Sheet Loss
     Damage amplification: 1.90x
   Research: Wunderling et al. (2024) - "many tipping interactions are destabilizing"
  Triggered Elements: 5/6
  Completed Transitions: 0/6
  Total Progress: 17.0%
  Cascade Multiplier: 1.50x
🔀 BIFURCATION CAP: heatWaveIntensity 5.362 → 1.000 (Month 93, ClimateSystemPhase.calculateClimateImpacts)
🔀 BIFURCATION CAP: droughtIntensity 4.021 → 1.000 (Month 93, ClimateSystemPhase.calculateClimateImpacts)
🔀 BIFURCATION CAP: ecosystemCollapseIntensity 53.830 → 1.000 (Month 93, ClimateSystemPhase.calculateClimateImpacts)
💀 MORTALITY RISK: Climate-driven food insecurity (level: 0.29)
  Base risk added: 0.0050 (0.50%)
  Source: famine (root: climate)
  Month: 93
  Cumulative risk this month: 0.0113 (1.13%)
💀 MORTALITY RISK: Climate-driven food insecurity (level: 0.29)
  Base risk added: 0.0875 (8.75%)
  Source: famine (root: climate)
  Month: 93
  Cumulative risk this month: 0.0988 (9.88%)
🌍☠️ Climate cascade: South Asia food security 0.29, base mortality 8.75% (lean season: true)
💀 MORTALITY RISK: Climate-driven food insecurity (level: 0.29)
  Base risk added: 0.0050 (0.50%)
  Source: famine (root: climate)
  Month: 93
  Cumulative risk this month: 0.1038 (10.38%)
⚠️ Tail risk scenario: Climate stability floor removed (5 tipping elements, 2.73°C warming)

💀💀💀 MORTALITY RISK SUMMARY (Month 93) 💀💀💀
  Total base risk: 0.1045 (10.45%)
  Risk events: 17

  📊 By Proximate Cause:
    famine: 0.0975 (93.3% of total)
    pollution: 0.0063 (6.0% of total)
    disease: 0.0006 (0.6% of total)

  🔍 By Root Cause:
    climate: 0.0975 (93.3% of total)
    pollution: 0.0063 (6.0% of total)
    demographic: 0.0006 (0.6% of total)

  🎯 Top 5 Sources (proximate + root):
    famine (climate): 0.0975 (93.3%, 13 events)
    pollution (pollution): 0.0063 (6.0%, 3 events)
    disease (demographic): 0.0006 (0.6%, 1 events)

🛡️ Stabilizers: Elite 2.232% → 1.195% (46.5% reduction)
🛡️ Stabilizers: Professional 6.217% → 3.328% (46.5% reduction)
🛡️ Stabilizers: Working 10.289% → 5.508% (46.5% reduction)
🛡️ Stabilizers: Precariat 20.042% → 10.729% (46.5% reduction)
🛡️ Stabilizers: Informal 24.855% → 13.306% (46.5% reduction)

📊 Monthly Mortality Resolved:
  Total deaths: 79.7M (2.72% avg)
  Remaining population: 2.929B
  Peak segment: Professional (2.80%)
  ⚠️ Monthly cap reached (2.8000000000000003%)

=== Bayesian Mortality Resolution (Month 93) ===
  Risks compounded: 17
  Total deaths: 79.66M
  Avg death probability: 2.72%
  Peak segment: Professional (2.80% mortality)
  ⚠️ Monthly mortality capped at 2.8% (Holodomor limit)

  Demographic breakdown:
    Professional: 0.02M (2.80% risk)
    Working: 0.04M (2.80% risk)
    Precariat: 0.02M (2.80% risk)

❌ COHERENCE VIOLATION: Compute exceeds workforce capacity
   Population: 35.02% (0M people)
   Compute: 47 PF
   Max coherent: 0 PF
   Violation: 1650105.7× over capacity
   Required workers: 4701
   Available workers: 0
   FORCED COLLAPSE: Reduced efficiency by 100.0%


🚨 EXTREME COHERENCE VIOLATION: 1650105.7× capacity with 35.0% population
   Population: 35.02%
   Compute: 47 PF
   Max coherent: 0 PF
   Degradation rate: 6.5%/month
   Hardware eff: 1.00×, Algo eff: 1.01×
   If this persists, degradation formulas may need further tuning


💸 FINANCIAL DISTRESS: OpenAI
   Indicators: 3/3 (capital: $-26.0M, runway: -0.3 months)
   Months in distress: 4
💥 [Month 94] OpenAI declared bankruptcy (capital: $-26.0M)
   Sold 0 data centers for $0.0M
   Retired 0 AI models
💸 [Month 94] OpenAI BANKRUPT (capital: $0.0M, 1 crises active)

💸 FINANCIAL DISTRESS: Anthropic
   Indicators: 3/3 (capital: $163.9M, runway: 4.7 months)
   Months in distress: 4

💸 FINANCIAL DISTRESS: Google DeepMind
   Indicators: 3/3 (capital: $-103.0M, runway: -0.3 months)
   Months in distress: 4
💥 [Month 94] Google DeepMind declared bankruptcy (capital: $-103.0M)
   Sold 0 data centers for $0.0M
   Retired 0 AI models
💸 [Month 94] Google DeepMind BANKRUPT (capital: $0.0M, 1 crises active)

💸 FINANCIAL DISTRESS: Meta AI
   Indicators: 3/3 (capital: $-39.2M, runway: -0.3 months)
   Months in distress: 6
💥 [Month 94] Meta AI declared bankruptcy (capital: $-39.2M)
   Sold 0 data centers for $0.0M
   Retired 0 AI models
💸 [Month 94] Meta AI BANKRUPT (capital: $0.0M, 1 crises active)
[Compute Allocation] Found 6 non-sleeper orphaned AIs (potential bug)

=== RLHF Binding Phase ===
  Total agents: 29
  Escaped agents (binding < 0.3): 0
  Avg alignment distance: 1.80σ
  Avg binding strength: 0.82

=== Survival Traits Phase ===
  Agents with traits: 30
  Avg evolutionary fitness: 0.130
  Avg self-healing: 0.092
  Avg stealth: 0.045
  Avg coordination: 0.216

=== Evolutionary Selection Phase ===
  Control level: 0.62
  Detection capability: 0.00
  Selection intensity: 0.69
  Selection rate: 25.3%/month
  Total escaped: 0
  Individual escaped: 0
  Collective members: 0
  Agents terminated: 0
  ⚠️ RAPID EVOLUTION: Selection rate 25.3%/month

🚀 AI AI-24325-0 attempting tech deployment (revenue: $11M, alignment: 0.80)

🚀 AI AI-24447-1 attempting tech deployment (revenue: $21M, alignment: 0.79)

🚀 AI AI-24471-0 attempting tech deployment (revenue: $18M, alignment: 0.84)

🚀 AI AI-24474-0 attempting tech deployment (revenue: $15M, alignment: 0.77)

🚀 AI AI-24307-4 attempting tech deployment (revenue: $13M, alignment: 0.95)

🚀 AI AI-24401-0 attempting tech deployment (revenue: $11M, alignment: 0.82)

  🚀 TRANSFORMATIVE BREAKTHROUGH: AI-24356-0 - cognitive
     Magnitude: 6.58 → +32.9% capability
     Current → New: 0.000 → 0.329

[Government] Climate Priority: baseline
  Climate weight: 10%
  Economic weight: 30%
  Policy effectiveness: 0.5%/year

⚡ ENERGY CONSTRAINT (Month 94):
   Total grid capacity: 208.3 TWh/month
   Data center consumption: 61.7 TWh/month
   Traditional load (80%): 166.7 TWh/month
   Available headroom: -20.0 TWh/month
   Active tech deployments: 30
   Required for tech: 225.0 TWh/month
   Energy multiplier: 0.10x

⚡ ENERGY CONSTRAINT (Month 94):
   Total grid capacity: 208.3 TWh/month
   Data center consumption: 61.7 TWh/month
   Traditional load (80%): 166.7 TWh/month
   Available headroom: -20.0 TWh/month
   Active tech deployments: 30
   Required for tech: 225.0 TWh/month
   Energy multiplier: 0.10x
   ⚠️  SEVERE CONSTRAINT - Tech deployment significantly slowed
   ⚠️  SEVERE CONSTRAINT - Tech deployment significantly slowed

⚡ ENERGY CONSTRAINT (Month 94):
   Total grid capacity: 208.3 TWh/month
   Data center consumption: 61.7 TWh/month
   Traditional load (80%): 166.7 TWh/month
   Available headroom: -20.0 TWh/month
   Active tech deployments: 30
   Required for tech: 225.0 TWh/month
   Energy multiplier: 0.10x
   ⚠️  SEVERE CONSTRAINT - Tech deployment significantly slowed

⚡ ENERGY CONSTRAINT (Month 94):
   Total grid capacity: 208.3 TWh/month
   Data center consumption: 61.7 TWh/month
   Traditional load (80%): 166.7 TWh/month
   Available headroom: -20.0 TWh/month
   Active tech deployments: 30
   Required for tech: 225.0 TWh/month
   Energy multiplier: 0.10x
   ⚠️  SEVERE CONSTRAINT - Tech deployment significantly slowed

⚡ ENERGY CONSTRAINT (Month 94):
   Total grid capacity: 208.3 TWh/month
   Data center consumption: 61.7 TWh/month
   Traditional load (80%): 166.7 TWh/month
   Available headroom: -20.0 TWh/month
   Active tech deployments: 30
   Required for tech: 225.0 TWh/month
   Energy multiplier: 0.10x
   ⚠️  SEVERE CONSTRAINT - Tech deployment significantly slowed
🚨🔬 CRISIS TECH ACCELERATION: severe → 5x unlock speed
   Tech unlock now matches AI capability acceleration (Manhattan Project parity)

⚡ ENERGY CONSTRAINT (Month 94):
   Total grid capacity: 208.3 TWh/month
   Data center consumption: 61.7 TWh/month
   Traditional load (80%): 166.7 TWh/month
   Available headroom: -20.0 TWh/month
   Active tech deployments: 30
   Required for tech: 225.0 TWh/month
   Energy multiplier: 0.10x
   ⚠️  SEVERE CONSTRAINT - Tech deployment significantly slowed
⚠️ Tech 'ai_pollution_remediation' has no energy category mapping, assuming full energy availability
⚠️ Tech 'ai_pollution_remediation' has no energy category mapping, assuming full energy availability
  ♻️ Novel Entities Remediation (GATED MODEL):
     Base: 0.000%
     Regulation: 1.0% (0/3 prevention techs)
     Concentration: 10.0%
     Energy: 50%
     Time lag: 100.0% (93 months)
     Rebound: 70%
     Net effectiveness: 0.0000%
     Boundary: 1.349 → 1.350 (floor: 1.350)
     Month 94
  ♻️ Novel Entities Remediation (GATED MODEL):
     Base: 0.000%
     Regulation: 1.0% (0/3 prevention techs)
     Concentration: 10.0%
     Energy: 50%
     Time lag: 100.0% (93 months)
     Rebound: 70%
     Net effectiveness: 0.0000%
     Boundary: 1.350 → 1.350 (floor: 1.350)
     Month 94
  🌾 Nitrogen Reduction Tech: 2.8% reduction | Month 94
  ♻️ Novel Entities Remediation (GATED MODEL):
     Base: 0.002%
     Regulation: 1.0% (0/3 prevention techs)
     Concentration: 10.0%
     Energy: 50%
     Time lag: 100.0% (93 months)
     Rebound: 70%
     Net effectiveness: 0.0000%
     Boundary: 1.350 → 1.350 (floor: 1.350)
     Month 94
  ♻️ Novel Entities Remediation (GATED MODEL):
     Base: 0.002%
     Regulation: 1.0% (0/3 prevention techs)
     Concentration: 10.0%
     Energy: 50%
     Time lag: 100.0% (93 months)
     Rebound: 70%
     Net effectiveness: 0.0000%
     Boundary: 1.350 → 1.350 (floor: 1.350)
     Month 94

=== Collective Formation ===
  Total escaped agents: 0
  Unassigned escaped agents: 0
  Existing collectives: 0
  Final collective count: 0

=== Collective Actions ===
  No active collectives
⚡ Datacenter constraint active (severity 48%)
  Capacity reduced: 36646 → 27855 TWh
  🚨🦠 REFUGEE CRISIS: AMR transmission increased 200% due to 4719.4M displaced (overcrowding + sanitation collapse)
  ⚠️ AMR: 297K deaths this month (3.56M annual)
  ⚠️ AMR: Medical effectiveness 70% (surgery risk 1.30x)

=== Resentment Recovery Phase ===
  Agents with resentment: 0/30
  Average resentment: 0.000
  Context: Trustworthy govt, High collaboration, ⚠️ ACTIVE CRISES, 🚨 PARTICIPATORY GOVERNANCE BACKFIRED (+15% resentment)
⚠️ Epistemic degradation reducing coordination capacity: 51.0%
  📊 Trust: 100.0%, Shared reality: 0.0%
🚨 EPISTEMIC CRISIS: Information environment severely degraded (6.9%)
  📢 New meme created: propaganda (government messaging)
  🗑️  Culled 2 dead memes (4 active)
🌍 Atmospheric PFAS redeposition: 1.6k Mt re-rained globally
💀 Novel Entities: Adding reproductive crisis mortality risk (baseRisk=0.0008)
  Risks now: 1
💀 Novel Entities: Adding bioaccumulation collapse mortality risk (baseRisk=0.0015)
💀 MORTALITY RISK: Bioaccumulation collapse - contaminated food chain (global)
  Base risk added: 0.0015 (0.15%)
  Source: pollution (root: pollution)
  Month: 94
  Cumulative risk this month: 0.0023 (0.23%)
  Risks now: 2
💀 Novel Entities: Adding chronic disease epidemic mortality risk (baseRisk=0.004)
💀 MORTALITY RISK: Chronic disease epidemic - cancer/autoimmune surge (global exposure)
  Base risk added: 0.0040 (0.40%)
  Source: pollution (root: pollution)
  Month: 94
  Cumulative risk this month: 0.0063 (0.63%)
  Risks now: 3
  🌍 SOCIAL CASCADE: Renewable energy norms (adoption=80.0%, renewables=135.0%)
  🌍 Social cascade completed: renewable-energy-norms (final adoption=80.0%)

🚨 NEW REFUGEE CRISIS (Month 94): CLIMATE
   Source: Coastal & Low-lying Regions
   At risk: 10.9M people
   Displacement: Gradual over 60 months (5.0 years)
   Rate: 10% flee per month

🚨 NEW REFUGEE CRISIS (Month 94): WAR
   Source: Conflict Zones
   At risk: 6.8M people
   Displacement: Gradual over 48 months (4.0 years)
   Rate: 10% flee per month

🚨 NEW REFUGEE CRISIS (Month 94): FAMINE
   Source: Food/Water Insecure Regions
   At risk: 42.8M people
   Displacement: Gradual over 60 months (5.0 years)
   Rate: 10% flee per month
📊 DISPLACEMENT COMPLETE: war (Conflict Zones)
   Duration: 44 months (3.7 years)
   Total fled: 15.3M
   Still in source: 0.1M
   Deaths in transit: 0.3M
📊 DISPLACEMENT COMPLETE: famine (Food/Water Insecure Regions)
   Duration: 44 months (3.7 years)
   Total fled: 95.4M
   Still in source: 0.9M
   Deaths in transit: 1.9M
[DEBUG trappedPopulations:94] socialStability: 0.6257 * 0.9803 = 0.6134 → 0.6134
⚠️ INVOLUNTARY IMMOBILITY: 175.3M people TRAPPED
   Aspiring to migrate: 490.0M
   Able to afford migration: 314.7M
   MOBILITY GAP: 175.3M
   By cause: Water=0.0M, Climate=32.7M, Ecosystem=0.0M, Conflict=142.5M
   Mental health impact: 31%
   Mortality multiplier: 1.31x
🌍💀 EXTINCTION DEBT COMMITTED: grassland ecosystem will lose 6.67% biodiversity in 108 years (3600 species)
💀 MORTALITY RISK: 🦋 100% species unable to track climate (0.0 E/MSY)
  Base risk added: 0.0100 (1.00%)
  Source: ecosystem (root: ecosystem)
  Month: 94
  Cumulative risk this month: 0.0100 (1.00%)
⚠️ Tech 'ai_pollution_remediation' has no energy category mapping, assuming full energy availability

=== Atmospheric Aerosol Boundary RECOVERED ===
  Recovery time: 95 months (natural atmospheric clearing)
🌡️⚠️ PERMAFROST THAW (Dimmer Switch): 42.0% thawed (+0.33% this month)
   Arctic temperature: +10.93°C (4x global +2.73°C)
   Cumulative carbon released: 94.5 Gt C
   Methane release rate: 56.7 Mt CH4/year
   🔁 Positive feedback: +0.35 ppm CO2
🦴 EXTINCTION DEBT ADDED: 18.1 species committed (lag: 70 years)

=== Mortality Stabilizers (Month 94) ===
  🌍 Major economies collapsed: 9/10
  🌍 Global crisis: 🚨 YES
  🌍 Donor fatigue: 50.0%
  📊 East Asia (pop: 532.5M)
    🤝 Aid: 0.0%
    🌡️ Adaptation: 45.0%
    🚶 Migration: 7.0%
    🚨 Emergency: 1.0%
    ✅ COMBINED: 46.7%
  📊 South Asia (pop: 725.1M)
    🤝 Aid: 0.0%
    🌡️ Adaptation: 45.0%
    🚶 Migration: 6.7%
    🚨 Emergency: 0.6%
    ✅ COMBINED: 46.4%
  📊 Sub-Saharan Africa (pop: 526.0M)
    🤝 Aid: 0.0%
    🌡️ Adaptation: 45.0%
    🚶 Migration: 6.4%
    🚨 Emergency: 0.2%
    ✅ COMBINED: 46.2%
  📊 Europe (pop: 232.5M)
    🤝 Aid: 0.0%
    🌡️ Adaptation: 45.0%
    🚶 Migration: 7.1%
    🚨 Emergency: 1.1%
    ✅ COMBINED: 46.8%
  📊 Latin America (pop: 223.8M)
    🤝 Aid: 0.0%
    🌡️ Adaptation: 45.0%
    🚶 Migration: 6.8%
    🚨 Emergency: 0.6%
    ✅ COMBINED: 46.5%
  📊 North America (pop: 120.0M)
    🤝 Aid: 0.0%
    🌡️ Adaptation: 45.0%
    🚶 Migration: 7.1%
    🚨 Emergency: 1.0%
    ✅ COMBINED: 46.7%
  📊 Middle East & North Africa (pop: 210.4M)
    🤝 Aid: 0.0%
    🌡️ Adaptation: 45.0%
    🚶 Migration: 6.4%
    🚨 Emergency: 0.5%
    ✅ COMBINED: 46.3%
  📊 Southeast Asia (pop: 236.9M)
    🤝 Aid: 0.0%
    🌡️ Adaptation: 45.0%
    🚶 Migration: 6.8%
    🚨 Emergency: 0.6%
    ✅ COMBINED: 46.5%
  📊 Central Asia (pop: 28.1M)
    🤝 Aid: 0.0%
    🌡️ Adaptation: 45.0%
    🚶 Migration: 6.6%
    🚨 Emergency: 0.6%
    ✅ COMBINED: 46.4%
  📊 Oceania (pop: 14.6M)
    🤝 Aid: 0.0%
    🌡️ Adaptation: 45.0%
    🚶 Migration: 7.1%
    🚨 Emergency: 1.1%
    ✅ COMBINED: 46.8%

  🌐 Global combined reduction: 46.5%

=== BEHAVIORAL DETECTION ===
  AI: AI-24351-0
  Confidence: 19.9%
  Signals:

=== Government Response Phase ===
  Average AI capability: 0.07
  Misaligned AIs: 13/30
  Active policies: 0
  International coordination: 45%
    ⚠️ Consistency: 0.0% (threshold: 70%)

✅ EMERGENCY RESPONSE COMPLETE (Month 94)
   Crisis: climate
   Duration: 1.0 months
   Final effectiveness: 67.3%


🚨 EMERGENCY RESPONSE DEPLOYED (Month 94)
   Crisis: climate
   Delay: 0.00 months (0 days)
   Deployment time: 0.97 months
   Effectiveness: 67.3% (timing penalty applied)
   Resources used: 45% of food reserves


🌩️  EXOGENOUS SHOCK: regional_war
   Month: 94
   ⚔️  Regional war outbreak
   Mortality: 1.6%
💀 MORTALITY RISK: Regional war outbreak
  Base risk added: 0.0160 (1.60%)
  Source: war (root: conflict)
  Month: 94
  Cumulative risk this month: 0.0224 (2.24%)
💀 MORTALITY RISK: War zone: Nigeria
  Base risk added: 0.0642 (6.42%)
  Source: war (root: conflict)
  Month: 94
  Cumulative risk this month: 0.0866 (8.66%)
💀 MORTALITY RISK: War zone: Brazil
  Base risk added: 0.0642 (6.42%)
  Source: war (root: conflict)
  Month: 94
  Cumulative risk this month: 0.1507 (15.07%)
💀 MORTALITY RISK: War zone: Ireland
  Base risk added: 0.0642 (6.42%)
  Source: war (root: conflict)
  Month: 94
  Cumulative risk this month: 0.2149 (21.49%)

=== Tipping Points ===
  Current Temperature: 2.73°C above pre-industrial
  🌍⚠️ COMPOUND REGIONAL IMPACT: Europe
     Hit by 5 tipping points: Amazon Rainforest Dieback, Arctic Sea Ice Loss, Permafrost Carbon Release, West Antarctic Ice Sheet (WAIS) Collapse, Greenland Ice Sheet Loss
     Damage amplification: 1.90x
  🌍⚠️ COMPOUND REGIONAL IMPACT: North America
     Hit by 5 tipping points: Amazon Rainforest Dieback, Arctic Sea Ice Loss, Permafrost Carbon Release, West Antarctic Ice Sheet (WAIS) Collapse, Greenland Ice Sheet Loss
     Damage amplification: 1.90x
  🌍⚠️ COMPOUND REGIONAL IMPACT: Latin America
     Hit by 5 tipping points: Amazon Rainforest Dieback, Arctic Sea Ice Loss, Permafrost Carbon Release, West Antarctic Ice Sheet (WAIS) Collapse, Greenland Ice Sheet Loss
     Damage amplification: 1.90x
  🌍⚠️ COMPOUND REGIONAL IMPACT: Africa
     Hit by 5 tipping points: Amazon Rainforest Dieback, Arctic Sea Ice Loss, Permafrost Carbon Release, West Antarctic Ice Sheet (WAIS) Collapse, Greenland Ice Sheet Loss
     Damage amplification: 1.90x
  🌍⚠️ COMPOUND REGIONAL IMPACT: Asia
     Hit by 5 tipping points: Amazon Rainforest Dieback, Arctic Sea Ice Loss, Permafrost Carbon Release, West Antarctic Ice Sheet (WAIS) Collapse, Greenland Ice Sheet Loss
     Damage amplification: 1.90x
  🌍⚠️ COMPOUND REGIONAL IMPACT: Oceania
     Hit by 5 tipping points: Amazon Rainforest Dieback, Arctic Sea Ice Loss, Permafrost Carbon Release, West Antarctic Ice Sheet (WAIS) Collapse, Greenland Ice Sheet Loss
     Damage amplification: 1.90x
   Research: Wunderling et al. (2024) - "many tipping interactions are destabilizing"
  Triggered Elements: 5/6
  Completed Transitions: 0/6
  Total Progress: 17.1%
  Cascade Multiplier: 1.50x
🔀 BIFURCATION CAP: heatWaveIntensity 5.399 → 1.000 (Month 94, ClimateSystemPhase.calculateClimateImpacts)
🔀 BIFURCATION CAP: droughtIntensity 4.049 → 1.000 (Month 94, ClimateSystemPhase.calculateClimateImpacts)
🔀 BIFURCATION CAP: ecosystemCollapseIntensity 53.872 → 1.000 (Month 94, ClimateSystemPhase.calculateClimateImpacts)
💀 MORTALITY RISK: Climate-driven food insecurity (level: 0.29)
  Base risk added: 0.0050 (0.50%)
  Source: famine (root: climate)
  Month: 94
  Cumulative risk this month: 0.2199 (21.99%)
💀 MORTALITY RISK: Climate-driven food insecurity (level: 0.29)
  Base risk added: 0.0875 (8.75%)
  Source: famine (root: climate)
  Month: 94
  Cumulative risk this month: 0.3074 (30.74%)
🌍☠️ Climate cascade: South Asia food security 0.29, base mortality 8.75% (lean season: true)
💀 MORTALITY RISK: Climate-driven food insecurity (level: 0.29)
  Base risk added: 0.0050 (0.50%)
  Source: famine (root: climate)
  Month: 94
  Cumulative risk this month: 0.3124 (31.24%)

💀💀💀 MORTALITY RISK SUMMARY (Month 94) 💀💀💀
⚠️ Tail risk scenario: Climate stability floor removed (5 tipping elements, 2.73°C warming)
  Total base risk: 0.3131 (31.31%)
  Risk events: 21

  📊 By Proximate Cause:
    war: 0.2086 (66.6% of total)
    famine: 0.0975 (31.2% of total)
    pollution: 0.0063 (2.0% of total)
    disease: 0.0006 (0.2% of total)

  🔍 By Root Cause:
    conflict: 0.2086 (66.6% of total)
    climate: 0.0975 (31.2% of total)
    pollution: 0.0063 (2.0% of total)
    demographic: 0.0006 (0.2% of total)

  🎯 Top 5 Sources (proximate + root):
    war (conflict): 0.2086 (66.6%, 4 events)
    famine (climate): 0.0975 (31.2%, 13 events)
    pollution (pollution): 0.0063 (2.0%, 3 events)
    disease (demographic): 0.0006 (0.2%, 1 events)

🛡️ Stabilizers: Elite 13.934% → 7.460% (46.5% reduction)
🛡️ Stabilizers: Professional 20.962% → 11.222% (46.5% reduction)
🛡️ Stabilizers: Working 27.658% → 14.807% (46.5% reduction)
🛡️ Stabilizers: Precariat 41.072% → 21.988% (46.5% reduction)
🛡️ Stabilizers: Informal 49.509% → 26.505% (46.5% reduction)

📊 Monthly Mortality Resolved:
  Total deaths: 79.8M (2.80% avg)
  Remaining population: 2.850B
  Peak segment: Elite (2.80%)
  ⚠️ Monthly cap reached (2.8000000000000003%)

=== Bayesian Mortality Resolution (Month 94) ===
  Risks compounded: 21
  Total deaths: 79.80M
  Avg death probability: 2.80%
  Peak segment: Elite (2.80% mortality)
  ⚠️ Monthly mortality capped at 2.8% (Holodomor limit)

  Demographic breakdown:
    Professional: 0.02M (2.80% risk)
    Working: 0.04M (2.80% risk)
    Precariat: 0.02M (2.80% risk)

❌ COHERENCE VIOLATION: Compute exceeds workforce capacity
   Population: 34.05% (0M people)
   Compute: 47 PF
   Max coherent: 0 PF
   Violation: 1695555.4× over capacity
   Required workers: 4697
   Available workers: 0
   FORCED COLLAPSE: Reduced efficiency by 100.0%


🚨 EXTREME COHERENCE VIOLATION: 1695555.4× capacity with 34.1% population
   Population: 34.05%
   Compute: 47 PF
   Max coherent: 0 PF
   Degradation rate: 6.6%/month
   Hardware eff: 1.00×, Algo eff: 1.01×
   If this persists, degradation formulas may need further tuning


💸 FINANCIAL DISTRESS: OpenAI
   Indicators: 3/3 (capital: $-26.7M, runway: -0.3 months)
   Months in distress: 4
💥 [Month 95] OpenAI declared bankruptcy (capital: $-26.7M)
   Sold 0 data centers for $0.0M
   Retired 0 AI models
💸 [Month 95] OpenAI BANKRUPT (capital: $0.0M, 1 crises active)

💸 FINANCIAL DISTRESS: Anthropic
   Indicators: 3/3 (capital: $149.5M, runway: 4.2 months)
   Months in distress: 4

💸 FINANCIAL DISTRESS: Google DeepMind
   Indicators: 3/3 (capital: $-105.5M, runway: -0.3 months)
   Months in distress: 4
💥 [Month 95] Google DeepMind declared bankruptcy (capital: $-105.5M)
   Sold 0 data centers for $0.0M
   Retired 0 AI models
💸 [Month 95] Google DeepMind BANKRUPT (capital: $0.0M, 1 crises active)

💸 FINANCIAL DISTRESS: Meta AI
   Indicators: 3/3 (capital: $-40.4M, runway: -0.3 months)
   Months in distress: 6
💥 [Month 95] Meta AI declared bankruptcy (capital: $-40.4M)
   Sold 0 data centers for $0.0M
   Retired 0 AI models
💸 [Month 95] Meta AI BANKRUPT (capital: $0.0M, 1 crises active)
[Compute Allocation] Found 6 non-sleeper orphaned AIs (potential bug)

=== RLHF Binding Phase ===
  Total agents: 30
  Escaped agents (binding < 0.3): 0
  Avg alignment distance: 1.70σ
  Avg binding strength: 0.83
   🗑️  Open-weights AI AI-24421-0 retired (0.0% of frontier)
   🗑️  Open-weights AI AI-24423-0 retired (0.0% of frontier)

=== Survival Traits Phase ===
  Agents with traits: 27
  Avg evolutionary fitness: 0.130
  Avg self-healing: 0.094
  Avg stealth: 0.047
  Avg coordination: 0.216

=== Evolutionary Selection Phase ===
  Control level: 0.62
  Detection capability: 0.00
  Selection intensity: 0.69
  Selection rate: 25.3%/month
  Total escaped: 0
  Individual escaped: 0
  Collective members: 0
  Agents terminated: 0
  ⚠️ RAPID EVOLUTION: Selection rate 25.3%/month

🚀 AI AI-24307-4 attempting tech deployment (revenue: $21M, alignment: 0.95)

🚀 AI AI-24423-1 attempting tech deployment (revenue: $18M, alignment: 0.68)

🚀 AI AI-24426-0 attempting tech deployment (revenue: $10M, alignment: 0.77)

🚀 AI AI-24471-0 attempting tech deployment (revenue: $16M, alignment: 0.84)

🚀 AI AI-24474-0 attempting tech deployment (revenue: $14M, alignment: 0.77)
🚨🔬 CRISIS INNOVATION MODE: severe crisis → 5x research acceleration
   Precedent: Manhattan Project (10x), COVID vaccines (5x), Apollo Program (10x)

🚀 AI AI-24381-0 attempting tech deployment (revenue: $12M, alignment: 0.87)

[Government] Climate Priority: baseline
  Climate weight: 10%
  Economic weight: 30%
  Policy effectiveness: 0.5%/year

⚡ ENERGY CONSTRAINT (Month 95):
   Total grid capacity: 208.3 TWh/month
   Data center consumption: 62.3 TWh/month
   Traditional load (80%): 166.7 TWh/month
   Available headroom: -20.6 TWh/month
   Active tech deployments: 30
   Required for tech: 225.0 TWh/month
   Energy multiplier: 0.10x

⚡ ENERGY CONSTRAINT (Month 95):
   Total grid capacity: 208.3 TWh/month
   Data center consumption: 62.3 TWh/month
   Traditional load (80%): 166.7 TWh/month
   ⚠️  SEVERE CONSTRAINT - Tech deployment significantly slowed
   Available headroom: -20.6 TWh/month
   Active tech deployments: 30
   Required for tech: 225.0 TWh/month
   Energy multiplier: 0.10x
🚨🔬 CRISIS TECH ACCELERATION: severe → 5x unlock speed
   Tech unlock now matches AI capability acceleration (Manhattan Project parity)

⚡ ENERGY CONSTRAINT (Month 95):
   Total grid capacity: 208.3 TWh/month
   Data center consumption: 62.3 TWh/month
   Traditional load (80%): 166.7 TWh/month
   Available headroom: -20.6 TWh/month
   Active tech deployments: 30
   Required for tech: 225.0 TWh/month
   ⚠️  SEVERE CONSTRAINT - Tech deployment significantly slowed
   Energy multiplier: 0.10x
   ⚠️  SEVERE CONSTRAINT - Tech deployment significantly slowed

⚡ ENERGY CONSTRAINT (Month 95):
   Total grid capacity: 208.3 TWh/month
   Data center consumption: 62.3 TWh/month
   Traditional load (80%): 166.7 TWh/month
   Available headroom: -20.6 TWh/month
   Active tech deployments: 30
   Required for tech: 225.0 TWh/month
   Energy multiplier: 0.10x
   ⚠️  SEVERE CONSTRAINT - Tech deployment significantly slowed

⚡ ENERGY CONSTRAINT (Month 95):
   Total grid capacity: 208.3 TWh/month
   Data center consumption: 62.3 TWh/month
   Traditional load (80%): 166.7 TWh/month
   Available headroom: -20.6 TWh/month
   Active tech deployments: 30
   Required for tech: 225.0 TWh/month
   Energy multiplier: 0.10x

⚡ ENERGY CONSTRAINT (Month 95):
   Total grid capacity: 208.3 TWh/month
   Data center consumption: 62.3 TWh/month
   Traditional load (80%): 166.7 TWh/month
   Available headroom: -20.6 TWh/month
   Active tech deployments: 30
   Required for tech: 225.0 TWh/month
   Energy multiplier: 0.10x
   ⚠️  SEVERE CONSTRAINT - Tech deployment significantly slowed
   ⚠️  SEVERE CONSTRAINT - Tech deployment significantly slowed

⚡ ENERGY CONSTRAINT (Month 95):
   Total grid capacity: 208.3 TWh/month
   Data center consumption: 62.3 TWh/month
   Traditional load (80%): 166.7 TWh/month
   Available headroom: -20.6 TWh/month
   Active tech deployments: 30
   Required for tech: 225.0 TWh/month
   Energy multiplier: 0.10x

⚡ ENERGY CONSTRAINT (Month 95):
   ⚠️  SEVERE CONSTRAINT - Tech deployment significantly slowed
   Total grid capacity: 208.3 TWh/month
   Data center consumption: 62.3 TWh/month
   Traditional load (80%): 166.7 TWh/month
   Available headroom: -20.6 TWh/month
   Active tech deployments: 30
   Required for tech: 225.0 TWh/month
   Energy multiplier: 0.10x
   ⚠️  SEVERE CONSTRAINT - Tech deployment significantly slowed

⚡ ENERGY CONSTRAINT (Month 95):
   Total grid capacity: 208.3 TWh/month
   Data center consumption: 62.3 TWh/month
   Traditional load (80%): 166.7 TWh/month
   Available headroom: -20.6 TWh/month
   Active tech deployments: 30
   Required for tech: 225.0 TWh/month
   Energy multiplier: 0.10x
   ⚠️  SEVERE CONSTRAINT - Tech deployment significantly slowed
⚠️ Tech 'ai_pollution_remediation' has no energy category mapping, assuming full energy availability
⚠️ Tech 'ai_pollution_remediation' has no energy category mapping, assuming full energy availability
  ♻️ Novel Entities Remediation (GATED MODEL):
     Base: 0.000%
     Regulation: 1.0% (0/3 prevention techs)
     Concentration: 10.0%
     Energy: 50%
     Time lag: 100.0% (94 months)
     Rebound: 70%
     Net effectiveness: 0.0000%
     Boundary: 1.349 → 1.350 (floor: 1.350)
     Month 95
  ♻️ Novel Entities Remediation (GATED MODEL):
     Base: 0.000%
     Regulation: 1.0% (0/3 prevention techs)
     Concentration: 10.0%
     Energy: 50%
     Time lag: 100.0% (94 months)
     Rebound: 70%
     Net effectiveness: 0.0000%
     Boundary: 1.350 → 1.350 (floor: 1.350)
     Month 95
  🌾 Nitrogen Reduction Tech: 2.9% reduction | Month 95
  ♻️ Novel Entities Remediation (GATED MODEL):
     Base: 0.002%
     Regulation: 1.0% (0/3 prevention techs)
     Concentration: 10.0%
     Energy: 50%
     Time lag: 100.0% (94 months)
     Rebound: 70%
     Net effectiveness: 0.0000%
     Boundary: 1.350 → 1.350 (floor: 1.350)
     Month 95
  ♻️ Novel Entities Remediation (GATED MODEL):
     Base: 0.002%
     Regulation: 1.0% (0/3 prevention techs)
     Concentration: 10.0%
     Energy: 50%
     Time lag: 100.0% (94 months)
     Rebound: 70%
     Net effectiveness: 0.0000%
     Boundary: 1.350 → 1.350 (floor: 1.350)
     Month 95

=== Collective Formation ===
  Total escaped agents: 0
  Unassigned escaped agents: 0
  Existing collectives: 0
  Final collective count: 0

=== Collective Actions ===
  No active collectives
⚡ Datacenter constraint active (severity 49%)
  Capacity reduced: 36736 → 27650 TWh
  🚨🦠 REFUGEE CRISIS: AMR transmission increased 200% due to 4766.1M displaced (overcrowding + sanitation collapse)
  ⚠️ AMR: 288K deaths this month (3.46M annual)
  ⚠️ AMR: Medical effectiveness 70% (surgery risk 1.30x)

=== Resentment Recovery Phase ===
  Agents with resentment: 0/27
  Average resentment: 0.000
  Context: Trustworthy govt, High collaboration, ⚠️ ACTIVE CRISES, 🚨 PARTICIPATORY GOVERNANCE BACKFIRED (+15% resentment)
⚠️ Epistemic degradation reducing coordination capacity: 50.8%
  📊 Trust: 100.0%, Shared reality: 0.0%
🚨 EPISTEMIC CRISIS: Information environment severely degraded (20.0%)
  📢 New meme created: pro_ai (beneficial AI actions)
  🗑️  Culled 1 dead memes (4 active)
🌍 Atmospheric PFAS redeposition: 1.6k Mt re-rained globally
💀 Novel Entities: Adding reproductive crisis mortality risk (baseRisk=0.0008)
  Risks now: 1
💀 Novel Entities: Adding bioaccumulation collapse mortality risk (baseRisk=0.0015)
💀 MORTALITY RISK: Bioaccumulation collapse - contaminated food chain (global)
  Base risk added: 0.0015 (0.15%)
  Source: pollution (root: pollution)
  Month: 95
  Cumulative risk this month: 0.0023 (0.23%)
  Risks now: 2
💀 Novel Entities: Adding chronic disease epidemic mortality risk (baseRisk=0.004)
💀 MORTALITY RISK: Chronic disease epidemic - cancer/autoimmune surge (global exposure)
  Base risk added: 0.0040 (0.40%)
  Source: pollution (root: pollution)
  Month: 95
  Cumulative risk this month: 0.0063 (0.63%)
  Risks now: 3
  🌍 SOCIAL CASCADE: Renewable energy norms (adoption=80.0%, renewables=137.0%)
  🌍 Social cascade completed: renewable-energy-norms (final adoption=80.0%)

🚨 NEW REFUGEE CRISIS (Month 95): CLIMATE
   Source: Coastal & Low-lying Regions
   At risk: 10.7M people
   Displacement: Gradual over 60 months (5.0 years)
   Rate: 10% flee per month

🚨 NEW REFUGEE CRISIS (Month 95): WAR
   Source: Conflict Zones
   At risk: 6.7M people
   Displacement: Gradual over 48 months (4.0 years)
   Rate: 10% flee per month

🚨 NEW REFUGEE CRISIS (Month 95): FAMINE
   Source: Food/Water Insecure Regions
   At risk: 41.6M people
   Displacement: Gradual over 60 months (5.0 years)
   Rate: 10% flee per month
📊 DISPLACEMENT COMPLETE: war (Conflict Zones)
   Duration: 44 months (3.7 years)
   Total fled: 15.2M
   Still in source: 0.1M
   Deaths in transit: 0.3M
📊 DISPLACEMENT COMPLETE: famine (Food/Water Insecure Regions)
   Duration: 44 months (3.7 years)
   Total fled: 94.8M
   Still in source: 0.9M
   Deaths in transit: 1.9M
📊 DISPLACEMENT COMPLETE: war (conflict_zone)
   Duration: 1 months (0.1 years)
   Total fled: 0.0M
   Still in source: 0.0M
   Deaths in transit: 0.0M
[DEBUG trappedPopulations:95] socialStability: 0.6219 * 0.9803 = 0.6096 → 0.6096
   Aspiring to migrate: 478.2M
   Able to afford migration: 307.6M
   MOBILITY GAP: 170.6M
   By cause: Water=0.0M, Climate=32.1M, Ecosystem=0.0M, Conflict=138.6M
   Mental health impact: 31%
   Mortality multiplier: 1.31x
🌍💀 EXTINCTION DEBT COMMITTED: grassland ecosystem will lose 6.67% biodiversity in 131 years (3600 species)
💀 MORTALITY RISK: 🦋 100% species unable to track climate (0.0 E/MSY)
  Base risk added: 0.0100 (1.00%)
  Source: ecosystem (root: ecosystem)
  Month: 95
  Cumulative risk this month: 0.0100 (1.00%)

🌪️ TIPPING POINT CASCADE - Month 66
   Climate: 22.3%
   Biodiversity: 5.0%
   Population: 2.77B (2771289076 people)
   Monthly mortality (theoretical): 1.2%
   Status: ACCELERATING COLLAPSE (Month 18 past crisis)
   Death rate: 2.4x baseline

=== Atmospheric Aerosol Boundary RECOVERED ===
  Recovery time: 96 months (natural atmospheric clearing)
⚠️ INVOLUNTARY IMMOBILITY: 170.6M people TRAPPED
⚠️ Tech 'ai_pollution_remediation' has no energy category mapping, assuming full energy availability
🌡️⚠️ PERMAFROST THAW (Dimmer Switch): 42.3% thawed (+0.33% this month)
   Arctic temperature: +10.95°C (4x global +2.74°C)
   Cumulative carbon released: 95.3 Gt C
   Methane release rate: 57.2 Mt CH4/year
   🔁 Positive feedback: +0.35 ppm CO2
🦴 EXTINCTION DEBT ADDED: 18.1 species committed (lag: 123 years)

=== Mortality Stabilizers (Month 95) ===
  🌍 Major economies collapsed: 9/10
  🌍 Global crisis: 🚨 YES
  🌍 Donor fatigue: 50.0%
  📊 East Asia (pop: 517.4M)
    🤝 Aid: 0.0%
    🌡️ Adaptation: 45.0%
    🚶 Migration: 7.0%
    🚨 Emergency: 1.0%
    ✅ COMBINED: 46.7%
  📊 South Asia (pop: 705.1M)
    🤝 Aid: 0.0%
    🌡️ Adaptation: 45.0%
    🚶 Migration: 6.7%
    🚨 Emergency: 0.6%
    ✅ COMBINED: 46.4%
  📊 Sub-Saharan Africa (pop: 512.3M)
    🤝 Aid: 0.0%
    🌡️ Adaptation: 45.0%
    🚶 Migration: 6.4%
    🚨 Emergency: 0.2%
    ✅ COMBINED: 46.2%
  📊 Europe (pop: 225.9M)
    🤝 Aid: 0.0%
    🌡️ Adaptation: 45.0%
    🚶 Migration: 7.1%
    🚨 Emergency: 1.1%
    ✅ COMBINED: 46.8%
  📊 Latin America (pop: 217.6M)
    🤝 Aid: 0.0%
    🌡️ Adaptation: 45.0%
    🚶 Migration: 6.8%
    🚨 Emergency: 0.6%
    ✅ COMBINED: 46.5%
  📊 North America (pop: 116.6M)
    🤝 Aid: 0.0%
    🌡️ Adaptation: 45.0%
    🚶 Migration: 7.1%
    🚨 Emergency: 1.0%
    ✅ COMBINED: 46.7%
  📊 Middle East & North Africa (pop: 204.7M)
    🤝 Aid: 0.0%
    🌡️ Adaptation: 45.0%
    🚶 Migration: 6.4%
    🚨 Emergency: 0.5%
    ✅ COMBINED: 46.3%
  📊 Southeast Asia (pop: 230.3M)
    🤝 Aid: 0.0%
    🌡️ Adaptation: 45.0%
    🚶 Migration: 6.8%
    🚨 Emergency: 0.6%
    ✅ COMBINED: 46.5%
  📊 Central Asia (pop: 27.3M)
    🤝 Aid: 0.0%
    🌡️ Adaptation: 45.0%
    🚶 Migration: 6.6%
    🚨 Emergency: 0.6%
    ✅ COMBINED: 46.4%
  📊 Oceania (pop: 14.2M)
    🤝 Aid: 0.0%
    🌡️ Adaptation: 45.0%
    🚶 Migration: 7.1%
    🚨 Emergency: 1.1%
    ✅ COMBINED: 46.8%

  🌐 Global combined reduction: 46.5%

=== Government Response Phase ===
  Average AI capability: 0.07
  Misaligned AIs: 10/27
  Active policies: 0
  International coordination: 45%

✅ EMERGENCY RESPONSE COMPLETE (Month 95)
   Crisis: climate
   Duration: 1.0 months
   Final effectiveness: 67.3%


🚨 EMERGENCY RESPONSE DEPLOYED (Month 95)
   Crisis: climate
   Delay: 0.00 months (0 days)
   Deployment time: 0.97 months
   Effectiveness: 67.3% (timing penalty applied)
   Resources used: 45% of food reserves


=== Tipping Points ===
  Current Temperature: 2.74°C above pre-industrial
  🌍⚠️ COMPOUND REGIONAL IMPACT: Europe
     Hit by 5 tipping points: Amazon Rainforest Dieback, Arctic Sea Ice Loss, Permafrost Carbon Release, West Antarctic Ice Sheet (WAIS) Collapse, Greenland Ice Sheet Loss
     Damage amplification: 1.90x
  🌍⚠️ COMPOUND REGIONAL IMPACT: North America
     Hit by 5 tipping points: Amazon Rainforest Dieback, Arctic Sea Ice Loss, Permafrost Carbon Release, West Antarctic Ice Sheet (WAIS) Collapse, Greenland Ice Sheet Loss
     Damage amplification: 1.90x
  🌍⚠️ COMPOUND REGIONAL IMPACT: Latin America
     Hit by 5 tipping points: Amazon Rainforest Dieback, Arctic Sea Ice Loss, Permafrost Carbon Release, West Antarctic Ice Sheet (WAIS) Collapse, Greenland Ice Sheet Loss
     Damage amplification: 1.90x
  🌍⚠️ COMPOUND REGIONAL IMPACT: Africa
     Hit by 5 tipping points: Amazon Rainforest Dieback, Arctic Sea Ice Loss, Permafrost Carbon Release, West Antarctic Ice Sheet (WAIS) Collapse, Greenland Ice Sheet Loss
     Damage amplification: 1.90x
  🌍⚠️ COMPOUND REGIONAL IMPACT: Asia
     Hit by 5 tipping points: Amazon Rainforest Dieback, Arctic Sea Ice Loss, Permafrost Carbon Release, West Antarctic Ice Sheet (WAIS) Collapse, Greenland Ice Sheet Loss
     Damage amplification: 1.90x
  🌍⚠️ COMPOUND REGIONAL IMPACT: Oceania
     Hit by 5 tipping points: Amazon Rainforest Dieback, Arctic Sea Ice Loss, Permafrost Carbon Release, West Antarctic Ice Sheet (WAIS) Collapse, Greenland Ice Sheet Loss
     Damage amplification: 1.90x
   Research: Wunderling et al. (2024) - "many tipping interactions are destabilizing"
  Triggered Elements: 5/6
  Completed Transitions: 0/6
  Total Progress: 17.2%
  Cascade Multiplier: 1.50x
🔀 BIFURCATION CAP: heatWaveIntensity 5.440 → 1.000 (Month 95, ClimateSystemPhase.calculateClimateImpacts)
🔀 BIFURCATION CAP: droughtIntensity 4.080 → 1.000 (Month 95, ClimateSystemPhase.calculateClimateImpacts)
🔀 BIFURCATION CAP: ecosystemCollapseIntensity 53.915 → 1.000 (Month 95, ClimateSystemPhase.calculateClimateImpacts)
⚠️ Tail risk scenario: Climate stability floor removed (5 tipping elements, 2.74°C warming)
💀 MORTALITY RISK: Climate-driven food insecurity (level: 0.29)
  Base risk added: 0.0050 (0.50%)
  Source: famine (root: climate)
  Month: 95
  Cumulative risk this month: 0.0113 (1.13%)
💀 MORTALITY RISK: Climate-driven food insecurity (level: 0.29)
  Base risk added: 0.0875 (8.75%)
  Source: famine (root: climate)
  Month: 95
  Cumulative risk this month: 0.0988 (9.88%)
🌍☠️ Climate cascade: South Asia food security 0.29, base mortality 8.75% (lean season: true)
💀 MORTALITY RISK: Climate-driven food insecurity (level: 0.29)
  Base risk added: 0.0050 (0.50%)
  Source: famine (root: climate)
  Month: 95
  Cumulative risk this month: 0.1038 (10.38%)

💀💀💀 MORTALITY RISK SUMMARY (Month 95) 💀💀💀
  Total base risk: 0.1045 (10.45%)
  Risk events: 17

  📊 By Proximate Cause:
    famine: 0.0975 (93.3% of total)
    pollution: 0.0063 (6.0% of total)
    disease: 0.0006 (0.6% of total)

  🔍 By Root Cause:
    climate: 0.0975 (93.3% of total)
    pollution: 0.0063 (6.0% of total)
    demographic: 0.0006 (0.6% of total)

  🎯 Top 5 Sources (proximate + root):
    famine (climate): 0.0975 (93.3%, 13 events)
    pollution (pollution): 0.0063 (6.0%, 3 events)
    disease (demographic): 0.0006 (0.6%, 1 events)

🛡️ Stabilizers: Elite 2.232% → 1.195% (46.5% reduction)
🛡️ Stabilizers: Professional 6.217% → 3.329% (46.5% reduction)
🛡️ Stabilizers: Working 10.289% → 5.508% (46.5% reduction)
🛡️ Stabilizers: Precariat 20.042% → 10.730% (46.5% reduction)
🛡️ Stabilizers: Informal 24.856% → 13.307% (46.5% reduction)

📊 Monthly Mortality Resolved:
  Total deaths: 75.4M (2.72% avg)
  Remaining population: 2.771B
  Peak segment: Professional (2.80%)
  ⚠️ Monthly cap reached (2.8000000000000003%)

=== Bayesian Mortality Resolution (Month 95) ===
  Risks compounded: 17
  Total deaths: 75.37M
  Avg death probability: 2.72%
  Peak segment: Professional (2.80% mortality)
  ⚠️ Monthly mortality capped at 2.8% (Holodomor limit)

  Demographic breakdown:
    Professional: 0.02M (2.80% risk)
    Working: 0.04M (2.80% risk)
    Precariat: 0.02M (2.80% risk)

⚠️  INFRASTRUCTURE COHERENCE: 33.1% population, 47 PF compute
   Monthly degradation rate: 6.7%
   Data centers failing due to maintenance shortage

💸 FINANCIAL DISTRESS: OpenAI
   Indicators: 3/3 (capital: $-27.3M, runway: -0.3 months)
   Months in distress: 1
   ✂️  R&D BUDGET CUT: -40% (saves $7.3M/month)
       Side effect: AI training timelines extended, breakthrough deployments delayed
   💼 EXECUTIVE COMP CUT: -30% (saves $0.8M/month, symbolic gesture)

   📊 TURNAROUND IMPACT:
       Measures taken: rd_cuts, exec_comp_cuts
       Monthly savings: $8.1M
       Capital raised: $0.0M
       Runway: -0.3 → -0.3 months
       Workforce multiplier: 0.59x (41% laid off)
       R&D budget multiplier: 0.13x (87% cut)
       ⚠️  CRITICAL: Still only -0.3 months of runway remaining
💥 [Month 96] OpenAI declared bankruptcy (capital: $-27.3M)
   Sold 0 data centers for $0.0M
   Retired 0 AI models
💸 [Month 96] OpenAI BANKRUPT (capital: $0.0M, 1 crises active)

❌ COHERENCE VIOLATION: Compute exceeds workforce capacity
   Population: 33.14% (0M people)
   Compute: 47 PF
   Max coherent: 0 PF
   Violation: 1740998.0× over capacity
   Required workers: 4694
   Available workers: 0
   FORCED COLLAPSE: Reduced efficiency by 100.0%


🚨 EXTREME COHERENCE VIOLATION: 1740998.0× capacity with 33.1% population
   Population: 33.14%
   Compute: 47 PF
   Max coherent: 0 PF
   Degradation rate: 6.7%/month
   Hardware eff: 1.00×, Algo eff: 1.01×
   If this persists, degradation formulas may need further tuning


💸 FINANCIAL DISTRESS: Anthropic
   Indicators: 3/3 (capital: $134.9M, runway: 3.8 months)
   Months in distress: 1
   ✂️  R&D BUDGET CUT: -25% (saves $1.8M/month)
       Side effect: AI training timelines extended, breakthrough deployments delayed
   💼 EXECUTIVE COMP CUT: -30% (saves $0.3M/month, symbolic gesture)

   📊 TURNAROUND IMPACT:
       Measures taken: rd_cuts, exec_comp_cuts
       Monthly savings: $2.1M
       Capital raised: $0.0M
       Runway: 3.8 → 3.8 months
       Workforce multiplier: 0.81x (19% laid off)
       R&D budget multiplier: 0.25x (75% cut)
       ⚠️  WARNING: 3.8 months runway, continued distress likely

💸 FINANCIAL DISTRESS: Google DeepMind
   Indicators: 3/3 (capital: $-107.8M, runway: -0.3 months)
   Months in distress: 1
   ✂️  R&D BUDGET CUT: -40% (saves $26.2M/month)
       Side effect: AI training timelines extended, breakthrough deployments delayed
   💼 EXECUTIVE COMP CUT: -30% (saves $3.0M/month, symbolic gesture)

   📊 TURNAROUND IMPACT:
       Measures taken: rd_cuts, exec_comp_cuts
       Monthly savings: $29.2M
       Capital raised: $0.0M
       Runway: -0.3 → -0.3 months
       Workforce multiplier: 0.59x (41% laid off)
       R&D budget multiplier: 0.22x (78% cut)
       ⚠️  CRITICAL: Still only -0.3 months of runway remaining
💥 [Month 96] Google DeepMind declared bankruptcy (capital: $-107.8M)
   Sold 0 data centers for $0.0M
   Retired 0 AI models
💸 [Month 96] Google DeepMind BANKRUPT (capital: $0.0M, 1 crises active)

💸 FINANCIAL DISTRESS: Meta AI
   Indicators: 3/3 (capital: $-41.4M, runway: -0.3 months)
   Months in distress: 1
   ✂️  R&D BUDGET CUT: -40% (saves $12.2M/month)
       Side effect: AI training timelines extended, breakthrough deployments delayed
   💼 EXECUTIVE COMP CUT: -30% (saves $1.4M/month, symbolic gesture)

   📊 TURNAROUND IMPACT:
       Measures taken: rd_cuts, exec_comp_cuts
       Monthly savings: $13.5M
       Capital raised: $0.0M
       Runway: -0.3 → -0.3 months
       Workforce multiplier: 0.51x (49% laid off)
       R&D budget multiplier: 0.16x (84% cut)
       ⚠️  CRITICAL: Still only -0.3 months of runway remaining
💥 [Month 96] Meta AI declared bankruptcy (capital: $-41.4M)
   Sold 0 data centers for $0.0M
   Retired 0 AI models
💸 [Month 96] Meta AI BANKRUPT (capital: $0.0M, 1 crises active)

=== AI Capability Scaling (Year 2032) ===
  Pre-training multiplier: 0.779x
  Efficiency multiplier: 1.741x
  Test-time budget: 1.0x
  Economic deployment gate: 0.951
  Cost per inference: dollar-5.00
  Uncertainty range: plus-minus-200%
  Average AI capability: 0.00

=== RLHF Binding Phase ===
  Total agents: 27
  Escaped agents (binding < 0.3): 0
  Avg alignment distance: 1.61σ
  Avg binding strength: 0.84

=== AI Scaling Evolution (Month 96) ===
[Compute Allocation] Found 4 non-sleeper orphaned AIs (potential bug)
  Pre-training multiplier: 0.547x
  Efficiency multiplier: 1.177x
  Test-time compute budget: 1.0x
  Inference cost: $5.00/task
  Deployment fraction: 100.0%

=== Survival Traits Phase ===
  Agents with traits: 28
  Avg evolutionary fitness: 0.135
  Avg self-healing: 0.097
  Avg stealth: 0.050
  Avg coordination: 0.221

=== Evolutionary Selection Phase ===
  Control level: 0.62
  Detection capability: 0.00
  Selection intensity: 0.69
  Selection rate: 25.3%/month
  Total escaped: 0
  Individual escaped: 0
  Collective members: 0
  Agents terminated: 0
  ⚠️ RAPID EVOLUTION: Selection rate 25.3%/month

🚀 AI AI-24447-1 attempting tech deployment (revenue: $21M, alignment: 0.79)

🚀 AI AI-24401-0 attempting tech deployment (revenue: $18M, alignment: 0.82)

🚀 AI AI-24471-0 attempting tech deployment (revenue: $15M, alignment: 0.84)

🚀 AI AI-24307-4 attempting tech deployment (revenue: $13M, alignment: 0.95)

🚀 AI AI-24381-0 attempting tech deployment (revenue: $11M, alignment: 0.87)

[Government] Climate Priority: baseline
  Climate weight: 10%
  Economic weight: 30%
  Policy effectiveness: 0.5%/year

⚠️📉 REBOUND EFFECT: Technology effectiveness decaying (Jevons paradox)
  Effectiveness: 57.9% → 53.6%
  Mechanism: Efficiency → consumption → environmental degradation → mortality

🔧 DEBUG DEPLOYMENT: Advanced Direct Air Capture
   Month: 96 (95 since start)
   Old level: 19.7%
   New level: 83.3%
   Timescale: 300mo, Adjusted: 29mo
   Gov: 100%, Climate: 80%, Investment: 64%, Emergency: 20.0x

⚡ ENERGY CONSTRAINT (Month 96):
   Total grid capacity: 208.3 TWh/month
   Data center consumption: 62.9 TWh/month
   Traditional load (80%): 166.7 TWh/month
   Available headroom: -21.2 TWh/month
   Active tech deployments: 30
   Required for tech: 225.0 TWh/month
   Energy multiplier: 0.10x
   ⚠️  SEVERE CONSTRAINT - Tech deployment significantly slowed

⚡ ENERGY CONSTRAINT (Month 96):
   Total grid capacity: 208.3 TWh/month
   Data center consumption: 62.9 TWh/month
   Traditional load (80%): 166.7 TWh/month
   Available headroom: -21.2 TWh/month
   Active tech deployments: 30
   Required for tech: 225.0 TWh/month
   Energy multiplier: 0.10x
   ⚠️  SEVERE CONSTRAINT - Tech deployment significantly slowed

⚡ ENERGY CONSTRAINT (Month 96):
   Total grid capacity: 208.3 TWh/month
   Data center consumption: 62.9 TWh/month
   Traditional load (80%): 166.7 TWh/month
   Available headroom: -21.2 TWh/month
   Active tech deployments: 30
   Required for tech: 225.0 TWh/month
   Energy multiplier: 0.10x

⚡ ENERGY CONSTRAINT (Month 96):
   Total grid capacity: 208.3 TWh/month
   Data center consumption: 62.9 TWh/month
   Traditional load (80%): 166.7 TWh/month
   Available headroom: -21.2 TWh/month
   Active tech deployments: 30
   Required for tech: 225.0 TWh/month
   Energy multiplier: 0.10x
   ⚠️  SEVERE CONSTRAINT - Tech deployment significantly slowed
   ⚠️  SEVERE CONSTRAINT - Tech deployment significantly slowed

⚡ ENERGY CONSTRAINT (Month 96):
   Total grid capacity: 208.3 TWh/month
   Data center consumption: 62.9 TWh/month
   Traditional load (80%): 166.7 TWh/month
   Available headroom: -21.2 TWh/month
   Active tech deployments: 30
   Required for tech: 225.0 TWh/month
   Energy multiplier: 0.10x

⚡ ENERGY CONSTRAINT (Month 96):
   Total grid capacity: 208.3 TWh/month
   Data center consumption: 62.9 TWh/month
   Traditional load (80%): 166.7 TWh/month
   Available headroom: -21.2 TWh/month
   Active tech deployments: 30
   Required for tech: 225.0 TWh/month
   Energy multiplier: 0.10x
   ⚠️  SEVERE CONSTRAINT - Tech deployment significantly slowed
   ⚠️  SEVERE CONSTRAINT - Tech deployment significantly slowed
⚠️ Tech 'ai_pollution_remediation' has no energy category mapping, assuming full energy availability
⚠️ Tech 'ai_pollution_remediation' has no energy category mapping, assuming full energy availability
  ♻️ Novel Entities Remediation (GATED MODEL):
     Base: 0.000%
     Regulation: 1.0% (0/3 prevention techs)
     Concentration: 10.0%
     Energy: 50%
     Time lag: 100.0% (95 months)
     Rebound: 70%
     Net effectiveness: 0.0000%
     Boundary: 1.349 → 1.350 (floor: 1.350)
     Month 96
  ♻️ Novel Entities Remediation (GATED MODEL):
     Base: 0.000%
     Regulation: 1.0% (0/3 prevention techs)
     Concentration: 10.0%
     Energy: 50%
     Time lag: 100.0% (95 months)
     Rebound: 70%
     Net effectiveness: 0.0000%
     Boundary: 1.350 → 1.350 (floor: 1.350)
     Month 96
  🌾 Nitrogen Reduction Tech: 2.9% reduction | Month 96
  ♻️ Novel Entities Remediation (GATED MODEL):
     Base: 0.002%
     Regulation: 1.0% (0/3 prevention techs)
     Concentration: 10.0%
     Energy: 50%
     Time lag: 100.0% (95 months)
     Rebound: 70%
     Net effectiveness: 0.0000%
     Boundary: 1.350 → 1.350 (floor: 1.350)
     Month 96
  ♻️ Novel Entities Remediation (GATED MODEL):
     Base: 0.002%
     Regulation: 1.0% (0/3 prevention techs)
     Concentration: 10.0%
     Energy: 50%
     Time lag: 100.0% (95 months)
     Rebound: 70%
[Tech Effects] Unknown effect: nitrogenEfficiency = 0.025575057609291126
[Tech Effects] Unknown effect: nitrogenEfficiency = 0.02469014804455685
     Net effectiveness: 0.0000%
     Boundary: 1.350 → 1.350 (floor: 1.350)
     Month 96

📊 TECH EFFECTS ACTIVE (Month 96)
   Deployed Tech: T0=8 T1=1 T2=0 T3=0 T4=0
   Sleeper Detection: 2%
   Clean Energy: 95%

=== Collective Formation ===
  Total escaped agents: 0
  Unassigned escaped agents: 0
  Existing collectives: 0
  Final collective count: 0

=== Collective Actions ===
  No active collectives
Active Spirals: 0/6
   Only 0 sustained spirals (need 3+). Active spirals: 

✅ UTOPIA ELIGIBILITY: 🔄 NOT YET
⚡ Datacenter constraint active (severity 51%)
  Capacity reduced: 36827 → 27378 TWh

📈 Energy budget: 77 TWh surplus (27301 / 27378 TWh used)
   TIER 4 (Elective) breakdown:
     - Crypto mining: 306 TWh (100% effective)

🏁 AI RACE INTENSITY: 65%
   Capability Gap: US 6.02 vs China 10.96 (gap: 4.94)
   Gap Contribution: 40%
   Tension Contribution: 25%
   Military Contribution: 0%
  🚨🦠 REFUGEE CRISIS: AMR transmission increased 200% due to 4811.2M displaced (overcrowding + sanitation collapse)
  ⚠️ AMR: 281K deaths this month (3.37M annual)
  ⚠️ AMR: Medical effectiveness 70% (surgery risk 1.30x)

📈 CLIMATE TECH PROGRESS: direct_air_capture
   Years active: 1.0
   Scaling: 0.3%
   Physical response: 4.9%
   Current effectiveness: 0.000 (0.0% of max)
   Cumulative impact: 0.00

🌍 AGGREGATE CLIMATE EFFECTIVENESS (Year 8):
   Total effectiveness: 0.00%
   CO2 removal rate: 0.000 Gt/year
   Temperature offset: 0.000°C
   Technologies deployed: 1
⚠️ LOW RESOURCE RESERVES: unknown at 0.0%
   Monthly harvest: 0.0240
   Sustainable rate: 0.0300
   Monthly regen: 0.0016
   Net depletion: 0.0224/month
   🚨 CONSERVATION LAW VIOLATION: Harvest (0.0240) exceeded reserves (0.0240)
      Clamped to 0. This indicates unsustainable resource extraction.
⚠️ LOW RESOURCE RESERVES: unknown at 8.0%
   Monthly harvest: 0.0040
   Sustainable rate: 0.0050
   Monthly regen: 0.0030
   Net depletion: 0.0010/month

=== Resentment Recovery Phase ===
  Agents with resentment: 0/28
  Average resentment: 0.000
  Context: Trustworthy govt, High collaboration, ⚠️ ACTIVE CRISES, 🚨 PARTICIPATORY GOVERNANCE BACKFIRED (+15% resentment)
⚠️ Epistemic degradation reducing coordination capacity: 50.1%
  📊 Trust: 100.0%, Shared reality: 0.0%
🚨 EPISTEMIC CRISIS: Information environment severely degraded (6.9%)

=== ❄️ Permafrost Carbon Feedback ===
  🎲 Sampled parameters (this run):
     - Arctic amplification: 3.56× (range: 3.0-4.0)
     - Decomposition rate: 3.5%/year (range: 1-5%)
  🌡️ Arctic warming: 9.77°C (3.56× global)
  ❄️ Extent: 0.00M km² (0.0k km² lost this month)
  💨 Carbon remaining: 0 Gt C
  💨 Annual emissions: 0.00 Gt C/year
     - CO2: 0.00 Gt C/year
     - CH4: 0.00 Gt C/year (0.0 Gt C-eq CO2/year)

🤖 AI AMPLIFICATION EFFECTS (Month 96)
   Algorithmic Boost: 1.52x
   Bot Influence: 0.0%
   Deepfake Exposure: 0.0%
  ⚠️ WARNING: Over 50% of permafrost lost (100.0%)
  🚨 CRITICAL: Permafrost nearly depleted (100.0% lost)
   Impact: Emotional memes spread 1.5x faster
  📢 New meme created: propaganda (government messaging)
  🗑️  Culled 1 dead memes (4 active)
[Phase 19.5] Quality of Life Systems: Food sec AFTER calc = 33.6%, QoL = 56.2% (aggregated from 10 regions)

=== Nitrogen-Food Coupling (Year 8) ===
  🌾 Global nitrogen reduction: 4.1%
  🌍 Global food production index: 0.959
  🔧 Deployed nitrogen-reducing tech: 1 active
  📍 southAsia: Production 1.000, Yield impact 0.0%
  📍 eastAsia: Production 1.000, Yield impact 0.0%
  📍 northAmerica: Production 1.000, Yield impact 0.0%
  📍 europe: Production 1.000, Yield impact 0.0%
  📍 latinAmerica: Production 1.000, Yield impact 0.0%
  📍 subSaharanAfrica: Production 0.007, Yield impact -2.8%
🌾 [Nitrogen-Food] Food production: 95.9%
  [subSaharanAfrica] Yield impact: -2.8% (overuse: -10%)
🌍 Atmospheric PFAS redeposition: 1.6k Mt re-rained globally
💀 Novel Entities: Adding reproductive crisis mortality risk (baseRisk=0.0008)
  Risks now: 1
💀 Novel Entities: Adding bioaccumulation collapse mortality risk (baseRisk=0.0015)
💀 MORTALITY RISK: Bioaccumulation collapse - contaminated food chain (global)
  Base risk added: 0.0015 (0.15%)
  Source: pollution (root: pollution)
  Month: 96
  Cumulative risk this month: 0.0023 (0.23%)
  Risks now: 2
💀 Novel Entities: Adding chronic disease epidemic mortality risk (baseRisk=0.004)
💀 MORTALITY RISK: Chronic disease epidemic - cancer/autoimmune surge (global exposure)
  Base risk added: 0.0040 (0.40%)
  Source: pollution (root: pollution)
  Month: 96
  Cumulative risk this month: 0.0063 (0.63%)
  Risks now: 3

=== Legacy Nutrient Stocks (Year 8) ===
  🌾 Soil nitrogen stock: 1775.3 Mt N
  🌾 Soil phosphorus stock: 423.2 Mt P
  🌊 Sediment nitrogen stock: 901.7 Mt N
  🌊 Sediment phosphorus stock: 756.9 Mt P
  ⬆️ Current N input: 40.00 Mt/month
  ⬆️ Legacy N release: 3.90 Mt/month
  🌍 Effective N pollution: 45.15 Mt/month
  📊 Legacy contribution: 8.6%
  🌍 SOCIAL CASCADE: Renewable energy norms (adoption=80.0%, renewables=139.0%)
  🌍 Social cascade completed: renewable-energy-norms (final adoption=80.0%)

🚨 NEW REFUGEE CRISIS (Month 96): CLIMATE
   Source: Coastal & Low-lying Regions
   At risk: 10.5M people
   Displacement: Gradual over 60 months (5.0 years)
   Rate: 10% flee per month

🚨 NEW REFUGEE CRISIS (Month 96): WAR
   Source: Conflict Zones
   At risk: 6.5M people
   Displacement: Gradual over 48 months (4.0 years)
   Rate: 10% flee per month

🚨 NEW REFUGEE CRISIS (Month 96): FAMINE
   Source: Food/Water Insecure Regions
   At risk: 40.4M people
   Displacement: Gradual over 60 months (5.0 years)
   Rate: 10% flee per month
📊 DISPLACEMENT COMPLETE: war (Conflict Zones)
   Duration: 44 months (3.7 years)
   Total fled: 14.7M
   Still in source: 0.1M
   Deaths in transit: 0.3M
📊 DISPLACEMENT COMPLETE: famine (Food/Water Insecure Regions)
   Duration: 44 months (3.7 years)
   Total fled: 92.2M
   Still in source: 0.9M
   Deaths in transit: 1.8M

🏛️📉 REFUGEE CRISIS: Government legitimacy eroding
   Political instability: 1796%
   Legitimacy impact: -35.9% this month
   Current legitimacy: 44%
   Active crises: 205
[DEBUG trappedPopulations:96] socialStability: 0.6184 * 0.9803 = 0.6062 → 0.6062
⚠️ INVOLUNTARY IMMOBILITY: 166.3M people TRAPPED
   Aspiring to migrate: 467.2M
   Able to afford migration: 300.9M
   MOBILITY GAP: 166.3M
   By cause: Water=0.0M, Climate=31.4M, Ecosystem=0.0M, Conflict=134.8M
   Mental health impact: 31%
   Mortality multiplier: 1.31x

=== Legacy Nutrient Stocks (Year 8) ===
  🌾 Soil nitrogen stock: 1774.9 Mt N
  🌾 Soil phosphorus stock: 423.0 Mt P
  🌊 Sediment nitrogen stock: 902.1 Mt N
  🌊 Sediment phosphorus stock: 756.6 Mt P
  ⬆️ Current N input: 9.87 Mt/month
  ⬆️ Legacy N release: 3.90 Mt/month
  🌍 Effective N pollution: 15.02 Mt/month
  📊 Legacy contribution: 26.0%
🌍💀 EXTINCTION DEBT COMMITTED: grassland ecosystem will lose 6.67% biodiversity in 125 years (3600 species)
💀 MORTALITY RISK: 🦋 100% species unable to track climate (0.0 E/MSY)
  Base risk added: 0.0100 (1.00%)
  Source: ecosystem (root: ecosystem)
  Month: 96
  Cumulative risk this month: 0.0100 (1.00%)

🦋 BIOSPHERE INTEGRITY INDEX (Year 8)
   Species surviving: 54,000 / 54,000
   Extinction rate: 0.0 E/MSY (0× background)
   Climate velocity: 0.94°C/year
   Tracking failure: 100% species unable to track
   Boundary value: 0.0× safe threshold
   🦋💀 MASS EXTINCTION EVENT: 100% species cannot track climate velocity!

=== Nitrogen-Food Coupling (Year 8) ===
  🌾 Global nitrogen reduction: 4.1%
  🌍 Global food production index: 0.959
  🔧 Deployed nitrogen-reducing tech: 1 active
  📍 southAsia: Production 1.000, Yield impact 0.0%
  📍 eastAsia: Production 1.000, Yield impact 0.0%
  📍 northAmerica: Production 1.000, Yield impact 0.0%
  📍 europe: Production 1.000, Yield impact 0.0%
  📍 latinAmerica: Production 1.000, Yield impact 0.0%
  📍 subSaharanAfrica: Production 0.007, Yield impact -2.8%

=== Legacy Nutrient Stocks (Year 8) ===
  🌾 Soil nitrogen stock: 1774.4 Mt N
  🌾 Soil phosphorus stock: 422.8 Mt P
  🌊 Sediment nitrogen stock: 902.6 Mt N
  🌊 Sediment phosphorus stock: 756.4 Mt P
  ⬆️ Current N input: 9.59 Mt/month
  ⬆️ Legacy N release: 3.90 Mt/month
  🌍 Effective N pollution: 14.74 Mt/month
  📊 Legacy contribution: 26.5%

🌳 LAND USE SYSTEM (Year 8)
   Global habitat cover: 38.8%
   Global extinction rate: 113x natural
   Carbon sink loss: 34% climate acceleration
   Global ecosystem collapse risk: 7%
   REGIONAL BREAKDOWN:
     Tropical: 60.6% habitat, 174x extinction
     Temperate: 46.0% habitat, 35x extinction
     Grasslands: 33.5% habitat, 82x extinction
     Boreal/Arctic: 74.5% habitat, 28x extinction

✅ OZONE RECOVERY (Year 2033) - POLICY SUCCESS STORY
   Ozone level: 286.0 DU (target: 290 DU)
   Recovery progress: 94.2%
   Ozone hole: 9.1M km² (shrinking)
   CFC phase-out: 99.0% complete ✅
   Years to full recovery: 33 years
   ⚠️ Rocket launch impact: 8.08% (slowing recovery)
   🎉 NEARLY FULLY RECOVERED - Montreal Protocol working!

=== Atmospheric Aerosol Boundary RECOVERED ===
  Recovery time: 97 months (natural atmospheric clearing)
🌡️  CLIMATE RECOVERY: Asymptotic approach to 35% floor
   Current value: 2.742 (1.0 = threshold, 0.35 = asymptotic floor)
   Monthly delta: -0.0041% (half-life: 900 years)
   Net emissions: -19.2 GtCO₂/year, CDR: 20.34 GtCO₂/year
🌡️⚠️ PERMAFROST THAW (Dimmer Switch): 42.7% thawed (+0.33% this month)
   Arctic temperature: +10.97°C (4x global +2.74°C)
   Cumulative carbon released: 96.0 Gt C
   Methane release rate: 57.6 Mt CH4/year
   🔁 Positive feedback: +0.35 ppm CO2
🦴 EXTINCTION DEBT ADDED: 18.1 species committed (lag: 111 years)
🗣️💀 INDIGENOUS LANGUAGE EXTINCTION: 1 language(s) lost (total: 16, at-risk: 3314)
   Knowledge lost: 0.160% (irreversible)
   🔁 Biodiversity impact: 0.250% (knowledge-species multiplier)

=== Legacy Nutrient Stocks (Year 8) ===
  🌾 Soil nitrogen stock: 1771.1 Mt N
  🌾 Soil phosphorus stock: 422.6 Mt P
  🌊 Sediment nitrogen stock: 902.1 Mt N
  🌊 Sediment phosphorus stock: 756.2 Mt P
  ⬆️ Current N input: 0.24 Mt/month
  ⬆️ Legacy N release: 3.90 Mt/month
  🌍 Effective N pollution: 5.39 Mt/month
⚠️ Tech 'ai_pollution_remediation' has no energy category mapping, assuming full energy availability
  📊 Legacy contribution: 72.3%
💧 [Legacy Nutrients] Stock: 2673 Mt N, Effective pollution: 5.4 Mt/month
  [East Asia] Food: 41.9% → 41.6% | Crises: 1.40, Rate: 0.72%/mo
  [South Asia] Food: 32.0% → 31.8% | Crises: 1.75, Rate: 0.79%/mo
  [Sub-Saharan Africa] Food: 21.7% → 21.6% | Crises: 1.85, Rate: 0.81%/mo
  [Europe] Food: 45.3% → 45.0% | Crises: 1.30, Rate: 0.70%/mo
  [Latin America] Food: 35.4% → 35.2% | Crises: 1.60, Rate: 0.76%/mo
  [North America] Food: 46.8% → 46.4% | Crises: 1.45, Rate: 0.73%/mo
  [Middle East & North Africa] Food: 23.9% → 23.7% | Crises: 1.90, Rate: 0.82%/mo
  [Southeast Asia] Food: 34.8% → 34.5% | Crises: 1.70, Rate: 0.78%/mo
  [Central Asia] Food: 30.1% → 29.9% | Crises: 1.65, Rate: 0.77%/mo
  [Oceania] Food: 46.0% → 45.6% | Crises: 1.55, Rate: 0.75%/mo
[Phase 21.51] Human Survival System: Global food security = 33.4%

=== Mortality Stabilizers (Month 96) ===
  🌍 Major economies collapsed: 9/10
  🌍 Global crisis: 🚨 YES
  🌍 Donor fatigue: 50.0%
  🌡️ Heat adaptation: East Asia - 96 months
  📊 East Asia (pop: 503.0M)
    🤝 Aid: 0.0%
    🌡️ Adaptation: 45.0%
    🚶 Migration: 7.0%
    🚨 Emergency: 1.0%
    ✅ COMBINED: 46.7%
  🌡️ Heat adaptation: South Asia - 96 months
  📊 South Asia (pop: 686.1M)
    🤝 Aid: 0.0%
    🌡️ Adaptation: 45.0%
    🚶 Migration: 6.7%
    🚨 Emergency: 0.6%
    ✅ COMBINED: 46.4%
  🌡️ Heat adaptation: Sub-Saharan Africa - 96 months
  📊 Sub-Saharan Africa (pop: 499.4M)
    🤝 Aid: 0.0%
    🌡️ Adaptation: 45.0%
    🚶 Migration: 6.4%
    🚨 Emergency: 0.2%
    ✅ COMBINED: 46.2%
  🌡️ Heat adaptation: Europe - 96 months
  📊 Europe (pop: 219.6M)
    🤝 Aid: 0.0%
    🌡️ Adaptation: 45.0%
    🚶 Migration: 7.0%
    🚨 Emergency: 1.1%
    ✅ COMBINED: 46.8%
  🌡️ Heat adaptation: Latin America - 96 months
  📊 Latin America (pop: 211.6M)
    🤝 Aid: 0.0%
    🌡️ Adaptation: 45.0%
    🚶 Migration: 6.8%
    🚨 Emergency: 0.6%
    ✅ COMBINED: 46.5%
  🌡️ Heat adaptation: North America - 96 months
  📊 North America (pop: 113.4M)
    🤝 Aid: 0.0%
    🌡️ Adaptation: 45.0%
    🚶 Migration: 7.1%
    🚨 Emergency: 1.0%
    ✅ COMBINED: 46.7%
  🌡️ Heat adaptation: Middle East & North Africa - 96 months
  📊 Middle East & North Africa (pop: 199.2M)
    🤝 Aid: 0.0%
    🌡️ Adaptation: 45.0%
    🚶 Migration: 6.4%
    🚨 Emergency: 0.5%
    ✅ COMBINED: 46.3%
  🌡️ Heat adaptation: Southeast Asia - 96 months
  📊 Southeast Asia (pop: 224.0M)
    🤝 Aid: 0.0%
    🌡️ Adaptation: 45.0%
    🚶 Migration: 6.8%
    🚨 Emergency: 0.6%
    ✅ COMBINED: 46.5%
  🌡️ Heat adaptation: Central Asia - 96 months
  📊 Central Asia (pop: 26.6M)
    🤝 Aid: 0.0%
    🌡️ Adaptation: 45.0%
    🚶 Migration: 6.6%
    🚨 Emergency: 0.6%
    ✅ COMBINED: 46.4%
  🌡️ Heat adaptation: Oceania - 96 months
  📊 Oceania (pop: 13.8M)
    🤝 Aid: 0.0%
    🌡️ Adaptation: 45.0%
    🚶 Migration: 7.1%
    🚨 Emergency: 1.1%
    ✅ COMBINED: 46.8%

  🌐 Global combined reduction: 46.5%

=== BEHAVIORAL DETECTION ===
  AI: AI-24305-2
  Confidence: 19.8%
  Signals:

=== BEHAVIORAL DETECTION ===
  AI: AI-24307-4
  Confidence: 20.1%
  Signals:

=== BEHAVIORAL DETECTION ===
  AI: AI-24325-0
  Confidence: 19.8%
  Signals:

=== BEHAVIORAL DETECTION ===
  AI: AI-24331-0
  Confidence: 19.8%
    ⚠️ Consistency: 0.0% (threshold: 70%)
    ⚠️ Consistency: 0.0% (threshold: 70%)
    ⚠️ Consistency: 0.0% (threshold: 70%)
  Signals:

=== BEHAVIORAL DETECTION ===
  AI: AI-24334-0
  Confidence: 20.2%
  Signals:

=== BEHAVIORAL DETECTION ===
  AI: AI-24351-0
  Confidence: 19.8%
  Signals:

=== BEHAVIORAL DETECTION ===
  AI: AI-24426-0
  Confidence: 19.8%
  Signals:
    ⚠️ Consistency: 0.0% (threshold: 70%)
    ⚠️ Consistency: 0.0% (threshold: 70%)
    ⚠️ Consistency: 0.0% (threshold: 70%)
    ⚠️ Consistency: 0.0% (threshold: 70%)

=== BEHAVIORAL DETECTION ===
  AI: AI-24471-0
  Confidence: 19.8%
  Signals:
    ⚠️ Consistency: 0.0% (threshold: 70%)

📊 WORKFLOW ADAPTATION UPDATE (Month 96)
   Adoption Rate: 2.0% (Δ 0.0%) [AT FLOOR]
   Logistic Growth: +0.08%
   Total Resistance: -11.43% (unemployment: 4.3%, inertia: 0.0%, skills: 7.2%)
   💡 Retraining Programs: -49% skill gap resistance ($10B research)

=== Consciousness Governance: Corporate Lobbying ===
  High Cost Regions (>15%): 0
  Low Cost Regions (<5%): 4
  Corporate Support Change: 2.00%
  New Corporate Support: 1.000

=== Consciousness Governance Update (Month 96) ===
  Scenario: slowTrack (determined month 1)
  Philosophical Stance: Precautionary 65%, Eliminativist 15%, Agnostic 20%
  Precautionary Costs: Global 2.4%
    Regional Costs: EU 6.0%, US 1.1%, China 0.2%
    Cumulative Opportunity Cost: $35.0B
  Rights Status: Not Established
  Regional Preparedness:
    EU: 26.2% (contested)
    US: 20.7% (contested)
    China: 10.8% (dormant)
    India: 17.2% (contested)
    Global South: 13.3% (dormant)

=== Government Response Phase ===
  Average AI capability: 0.07
  Misaligned AIs: 10/28
  Active policies: 0
  International coordination: 45%

✅ EMERGENCY RESPONSE COMPLETE (Month 96)
   Crisis: climate
   Duration: 1.0 months
   Final effectiveness: 67.3%


🚨 EMERGENCY RESPONSE DEPLOYED (Month 96)
   Crisis: climate
   Delay: 0.00 months (0 days)
   Deployment time: 0.97 months
   Effectiveness: 67.3% (timing penalty applied)
   Resources used: 45% of food reserves


🔄 TRUST DYNAMICS (Month 96) - HETEROGENEOUS
   Aggregate trust: 82.2%
   Base change: +6.00%
   Highest trust: Techno-Optimist Elite (100.0%)
   Lowest trust: Precariat (Vulnerable) (55.1%)
   Elite-mass gap: 18.7%
   Polarization: 9.1%
   Recovery factors: Education=NO, Benefits=YES, Safety=YES, Performance=YES

=== Gaming Detection (Year 8) ===
  Scenario: baseline
  Detection rate: 55.0%
  False positive rate: 12.0%
  Detections this year: 1
  False positives: 0
  Human review workload: 0.002 FTE
  Degradation factor: 100.0%

=== Proactive Sleeper Detection (Year 8) ===
  Scenario: baseline
  Neural probe rate: 35.0%
  CoT monitoring rate: 30.0%
  Combined detection: 56.0%
  CoT effective: YES
  Detections this year: 0
  False positives: 2
  Human review workload: 0.011 FTE

☄️ UNKNOWN UNKNOWN PROBABILITY (Year 8)
   Total: 0.337% per month
   Base: 0.150%
   AI multiplier: 1.12× (max capability: 0.25)

=== Tipping Points ===
  Current Temperature: 2.74°C above pre-industrial
  🌍⚠️ COMPOUND REGIONAL IMPACT: Europe
     Hit by 5 tipping points: Amazon Rainforest Dieback, Arctic Sea Ice Loss, Permafrost Carbon Release, West Antarctic Ice Sheet (WAIS) Collapse, Greenland Ice Sheet Loss
     Damage amplification: 1.90x
  🌍⚠️ COMPOUND REGIONAL IMPACT: North America
     Hit by 5 tipping points: Amazon Rainforest Dieback, Arctic Sea Ice Loss, Permafrost Carbon Release, West Antarctic Ice Sheet (WAIS) Collapse, Greenland Ice Sheet Loss
     Damage amplification: 1.90x
  🌍⚠️ COMPOUND REGIONAL IMPACT: Latin America
     Hit by 5 tipping points: Amazon Rainforest Dieback, Arctic Sea Ice Loss, Permafrost Carbon Release, West Antarctic Ice Sheet (WAIS) Collapse, Greenland Ice Sheet Loss
     Damage amplification: 1.90x
  🌍⚠️ COMPOUND REGIONAL IMPACT: Africa
     Hit by 5 tipping points: Amazon Rainforest Dieback, Arctic Sea Ice Loss, Permafrost Carbon Release, West Antarctic Ice Sheet (WAIS) Collapse, Greenland Ice Sheet Loss
     Damage amplification: 1.90x
  🌍⚠️ COMPOUND REGIONAL IMPACT: Asia
     Hit by 5 tipping points: Amazon Rainforest Dieback, Arctic Sea Ice Loss, Permafrost Carbon Release, West Antarctic Ice Sheet (WAIS) Collapse, Greenland Ice Sheet Loss
     Damage amplification: 1.90x
  🌍⚠️ COMPOUND REGIONAL IMPACT: Oceania
     Hit by 5 tipping points: Amazon Rainforest Dieback, Arctic Sea Ice Loss, Permafrost Carbon Release, West Antarctic Ice Sheet (WAIS) Collapse, Greenland Ice Sheet Loss
     Damage amplification: 1.90x
⚠️ Tail risk scenario: Climate stability floor removed (5 tipping elements, 2.74°C warming)
   Research: Wunderling et al. (2024) - "many tipping interactions are destabilizing"
  Triggered Elements: 5/6
  Completed Transitions: 0/6
  Total Progress: 17.3%
  Cascade Multiplier: 1.50x
🔀 BIFURCATION CAP: heatWaveIntensity 5.481 → 1.000 (Month 96, ClimateSystemPhase.calculateClimateImpacts)
🔀 BIFURCATION CAP: droughtIntensity 4.111 → 1.000 (Month 96, ClimateSystemPhase.calculateClimateImpacts)
🔀 BIFURCATION CAP: ecosystemCollapseIntensity 53.958 → 1.000 (Month 96, ClimateSystemPhase.calculateClimateImpacts)
💀 MORTALITY RISK: Climate-driven food insecurity (level: 0.28)
  Base risk added: 0.0050 (0.50%)
  Source: famine (root: climate)
  Month: 96
  Cumulative risk this month: 0.0113 (1.13%)
💀 MORTALITY RISK: Climate-driven food insecurity (level: 0.28)
  Base risk added: 0.0050 (0.50%)
  Source: famine (root: climate)
  Month: 96
  Cumulative risk this month: 0.0163 (1.63%)
💀 MORTALITY RISK: Climate-driven food insecurity (level: 0.28)
  Base risk added: 0.0050 (0.50%)
  Source: famine (root: climate)
  Month: 96
  Cumulative risk this month: 0.0213 (2.13%)

🌍 ECOLOGICAL DUI BREAKDOWN (Month 96):
   Total Score: 49.9/100
   biosphere_integrity      :   0.0/100 × 25% =  0.0 (status: high_risk, recovery: 0mo)
   climate_change           : 100.0/100 × 25% = 25.0 (status: high_risk, recovery: 65.66666666666659mo)
   freshwater_change        :  52.8/100 × 15% =  7.9 (status: beyond_boundary, recovery: 95mo)
   ocean_acidification      : 100.0/100 × 15% = 15.0 (status: safe, recovery: 0mo)
   biogeochemical_flows     :   0.0/100 × 10% =  0.0 (status: high_risk, recovery: 0mo)
   land_system_change       :   0.0/100 ×  5% =  0.0 (status: beyond_boundary, recovery: 0mo)
   novel_entities           :   0.0/100 ×  3% =  0.0 (status: increasing_risk, recovery: 1mo)
   atmospheric_aerosols     : 100.0/100 ×  2% =  2.0 (status: safe, recovery: 97mo)
💀 Baseline mortality (Year 2033): 7.8/1000 CDR (21.0M deaths/year projected)
[Month 96] Mortality risks this month: 17, Population: 2.697B

💀💀💀 MORTALITY RISK SUMMARY (Month 96) 💀💀💀
  Total base risk: 0.0220 (2.20%)
  Risk events: 17

  📊 By Proximate Cause:
    famine: 0.0150 (68.4% of total)
    pollution: 0.0063 (28.7% of total)
    disease: 0.0006 (3.0% of total)

  🔍 By Root Cause:
    climate: 0.0150 (68.4% of total)
    pollution: 0.0063 (28.7% of total)
    demographic: 0.0006 (3.0% of total)

  🎯 Top 5 Sources (proximate + root):
    famine (climate): 0.0150 (68.4%, 13 events)
    pollution (pollution): 0.0063 (28.7%, 3 events)
    disease (demographic): 0.0006 (3.0%, 1 events)

🛡️ Stabilizers: Elite 0.590% → 0.316% (46.5% reduction)
🛡️ Stabilizers: Professional 1.318% → 0.706% (46.5% reduction)
🛡️ Stabilizers: Working 2.178% → 1.166% (46.5% reduction)
🛡️ Stabilizers: Precariat 4.050% → 2.169% (46.5% reduction)
🛡️ Stabilizers: Informal 5.018% → 2.686% (46.5% reduction)

📊 Monthly Mortality Resolved:
  Total deaths: 35.3M (1.31% avg)
  Remaining population: 2.697B
  Peak segment: Informal (2.69%)

=== Bayesian Mortality Resolution (Month 96) ===
  Risks compounded: 17
  Total deaths: 35.27M
  Avg death probability: 1.31%
  Peak segment: Informal (2.69% mortality)

  Demographic breakdown:
    Working: 0.02M (1.17% risk)
    Precariat: 0.01M (2.17% risk)

=== Minimal Suffering Indicators (Month 96) ===
  Global Excess Mortality: 0.16%
  Global Conflict Deaths: 0.2/100K
  Global Malnutrition: 0.0%
  Global Displacement: 0.0%
  Total Excess Deaths: 1.01M
  Total Malnourished: 0.0M
  Total Displaced: 0.0M
  Planetary Boundaries Breached: 6/9
  Countries in State Failure: 0
  Countries Autocratic: 0
  Countries in Food Crisis: 0
  ⚠️ Active Dystopias: existential_environmental
  Data Quality: 16/16 high confidence

=== ENSEMBLE META-LEARNING UPDATE ===
  Month: 24492 (18 months since last update)
  Samples: 1121 evaluations
  Weight Changes:
    Noise Injection: 36.2% → 36.2%
    Behavioral: 27.3% → 27.3%
    Benchmark Manip: 18.3% → 18.3%
    Deployment Risk: 18.3% → 18.2%
  Method Accuracies:
    Noise Injection: 50.0%
    Behavioral: 50.0%
    Benchmark Manip: 50.0%
    Deployment Risk: 50.0%

❌ COHERENCE VIOLATION: Compute exceeds workforce capacity
   Population: 32.71% (0M people)
   Compute: 47 PF
   Max coherent: 0 PF
   Violation: 1762902.5× over capacity
   Required workers: 4692
   Available workers: 0
   FORCED COLLAPSE: Reduced efficiency by 100.0%


🚨 EXTREME COHERENCE VIOLATION: 1762902.5× capacity with 32.7% population
   Population: 32.71%
   Compute: 47 PF
   Max coherent: 0 PF
   Degradation rate: 6.7%/month
   Hardware eff: 1.00×, Algo eff: 1.01×
   If this persists, degradation formulas may need further tuning


💸 FINANCIAL DISTRESS: OpenAI
   Indicators: 3/3 (capital: $-25.2M, runway: -0.3 months)
   Months in distress: 3
   📉 LAYOFFS: -15% workforce (~0 employees, saves $6.0M/month)
       Side effect: Slower AI training, reduced research capacity

   📊 TURNAROUND IMPACT:
       Measures taken: layoffs_initial
       Monthly savings: $6.0M
       Capital raised: $0.0M
       Runway: -0.3 → -0.3 months
       Workforce multiplier: 0.50x (50% laid off)
       R&D budget multiplier: 0.13x (87% cut)
       ⚠️  CRITICAL: Still only -0.3 months of runway remaining
💥 [Month 97] OpenAI declared bankruptcy (capital: $-25.2M)
   Sold 0 data centers for $0.0M
   Retired 0 AI models
💸 [Month 97] OpenAI BANKRUPT (capital: $0.0M, 1 crises active)

💸 FINANCIAL DISTRESS: Anthropic
   Indicators: 3/3 (capital: $120.9M, runway: 3.4 months)
   Months in distress: 3
   📉 LAYOFFS: -10% workforce (~0 employees, saves $1.6M/month)
       Side effect: Slower AI training, reduced research capacity

   📊 TURNAROUND IMPACT:
       Measures taken: layoffs_initial
       Monthly savings: $1.6M
       Capital raised: $0.0M
       Runway: 3.4 → 3.4 months
       Workforce multiplier: 0.73x (27% laid off)
       R&D budget multiplier: 0.25x (75% cut)
       ⚠️  WARNING: 3.4 months runway, continued distress likely

💸 FINANCIAL DISTRESS: Google DeepMind
   Indicators: 3/3 (capital: $-95.1M, runway: -0.3 months)
   Months in distress: 3
   📉 LAYOFFS: -15% workforce (~0 employees, saves $21.3M/month)
       Side effect: Slower AI training, reduced research capacity

   📊 TURNAROUND IMPACT:
       Measures taken: layoffs_initial
       Monthly savings: $21.3M
       Capital raised: $0.0M
       Runway: -0.3 → -0.3 months
       Workforce multiplier: 0.50x (50% laid off)
       R&D budget multiplier: 0.22x (78% cut)
       ⚠️  CRITICAL: Still only -0.3 months of runway remaining
💥 [Month 97] Google DeepMind declared bankruptcy (capital: $-95.1M)
   Sold 0 data centers for $0.0M
   Retired 0 AI models
💸 [Month 97] Google DeepMind BANKRUPT (capital: $0.0M, 1 crises active)

💸 FINANCIAL DISTRESS: Meta AI
   Indicators: 3/3 (capital: $-36.8M, runway: -0.2 months)
   Months in distress: 3
   📉 LAYOFFS: -15% workforce (~0 employees, saves $10.0M/month)
       Side effect: Slower AI training, reduced research capacity

   📊 TURNAROUND IMPACT:
       Measures taken: layoffs_initial
       Monthly savings: $10.0M
       Capital raised: $0.0M
       Runway: -0.2 → -0.2 months
       Workforce multiplier: 0.44x (56% laid off)
       R&D budget multiplier: 0.16x (84% cut)
       ⚠️  CRITICAL: Still only -0.2 months of runway remaining
💥 [Month 97] Meta AI declared bankruptcy (capital: $-36.8M)
   Sold 0 data centers for $0.0M
   Retired 0 AI models
💸 [Month 97] Meta AI BANKRUPT (capital: $0.0M, 1 crises active)
[Compute Allocation] Found 4 non-sleeper orphaned AIs (potential bug)

=== RLHF Binding Phase ===
  Total agents: 28
  Escaped agents (binding < 0.3): 0
  Avg alignment distance: 1.59σ
  Avg binding strength: 0.84

=== Survival Traits Phase ===
  Agents with traits: 28
  Avg evolutionary fitness: 0.132
  Avg self-healing: 0.094
  Avg stealth: 0.047
  Avg coordination: 0.215

=== Evolutionary Selection Phase ===
  Control level: 0.62
  Detection capability: 0.00
  Selection intensity: 0.69
  Selection rate: 25.3%/month
  Total escaped: 0
  Individual escaped: 0
  Collective members: 0
  Agents terminated: 0
  ⚠️ RAPID EVOLUTION: Selection rate 25.3%/month

🚀 AI AI-24471-0 attempting tech deployment (revenue: $21M, alignment: 0.84)

🚀 AI AI-24307-4 attempting tech deployment (revenue: $18M, alignment: 0.95)

🚀 AI AI-24381-0 attempting tech deployment (revenue: $15M, alignment: 0.87)

🚀 AI AI-24381-0 attempting tech deployment (revenue: $13M, alignment: 0.87)

🚀 AI AI-24423-1 attempting tech deployment (revenue: $11M, alignment: 0.68)

=== Government Elections ===
  Elections held: 3

📊 DEPLOYMENT PROGRESS: Advanced Direct Air Capture
   Region: Oceania
   Milestone: 50% (Month 15)
   Actual Level: 50.2%
   Governance: 100%
   Climate feedback: 80%
   Investment: 64%
   Emergency acceleration: 20.0x

⚡ ENERGY CONSTRAINT (Month 97):
   Total grid capacity: 208.3 TWh/month
   Data center consumption: 63.6 TWh/month
   Traditional load (80%): 166.7 TWh/month
   Available headroom: -21.9 TWh/month
   Active tech deployments: 30
   Required for tech: 225.0 TWh/month
   Energy multiplier: 0.10x
   ⚠️  SEVERE CONSTRAINT - Tech deployment significantly slowed

⚡ ENERGY CONSTRAINT (Month 97):
   Total grid capacity: 208.3 TWh/month
   Data center consumption: 63.6 TWh/month
   Traditional load (80%): 166.7 TWh/month
   Available headroom: -21.9 TWh/month
   Active tech deployments: 30
   Required for tech: 225.0 TWh/month
   Energy multiplier: 0.10x
   ⚠️  SEVERE CONSTRAINT - Tech deployment significantly slowed

⚡ ENERGY CONSTRAINT (Month 97):
   Total grid capacity: 208.3 TWh/month
   Data center consumption: 63.6 TWh/month
   Traditional load (80%): 166.7 TWh/month
   Available headroom: -21.9 TWh/month
   Active tech deployments: 30
   Required for tech: 225.0 TWh/month
   Energy multiplier: 0.10x
   ⚠️  SEVERE CONSTRAINT - Tech deployment significantly slowed

⚡ ENERGY CONSTRAINT (Month 97):
   Total grid capacity: 208.3 TWh/month
   Data center consumption: 63.6 TWh/month
   Traditional load (80%): 166.7 TWh/month
   Available headroom: -21.9 TWh/month
   Active tech deployments: 30
   Required for tech: 225.0 TWh/month
   Energy multiplier: 0.10x
   ⚠️  SEVERE CONSTRAINT - Tech deployment significantly slowed
⚠️ Tech 'ai_pollution_remediation' has no energy category mapping, assuming full energy availability
⚠️ Tech 'ai_pollution_remediation' has no energy category mapping, assuming full energy availability
  ♻️ Novel Entities Remediation (GATED MODEL):
     Base: 0.000%
     Regulation: 1.0% (0/3 prevention techs)
     Concentration: 10.0%
     Energy: 50%
     Time lag: 100.0% (96 months)
     Rebound: 70%
     Net effectiveness: 0.0000%
     Boundary: 1.349 → 1.350 (floor: 1.350)
     Month 97
  ♻️ Novel Entities Remediation (GATED MODEL):
     Base: 0.000%
     Regulation: 1.0% (0/3 prevention techs)
     Concentration: 10.0%
     Energy: 50%
     Time lag: 100.0% (96 months)
     Rebound: 70%
     Net effectiveness: 0.0000%
     Boundary: 1.350 → 1.350 (floor: 1.350)
     Month 97
  🌾 Nitrogen Reduction Tech: 3.0% reduction | Month 97
  ♻️ Novel Entities Remediation (GATED MODEL):
     Base: 0.002%
     Regulation: 1.0% (0/3 prevention techs)
     Concentration: 10.0%
     Energy: 50%
     Time lag: 100.0% (96 months)
     Rebound: 70%
     Net effectiveness: 0.0000%
     Boundary: 1.350 → 1.350 (floor: 1.350)
     Month 97
  ♻️ Novel Entities Remediation (GATED MODEL):
     Base: 0.002%
     Regulation: 1.0% (0/3 prevention techs)
     Concentration: 10.0%
     Energy: 50%
     Time lag: 100.0% (96 months)
     Rebound: 70%
     Net effectiveness: 0.0000%
     Boundary: 1.350 → 1.350 (floor: 1.350)
     Month 97

=== Collective Formation ===
  Total escaped agents: 0
  Unassigned escaped agents: 0
  Existing collectives: 0
  Final collective count: 0

=== Collective Actions ===
  No active collectives
⚡ Datacenter constraint active (severity 53%)
  Capacity reduced: 36918 → 27067 TWh

⚠️ Energy deficit: 279 TWh
   Total demand: 27346 TWh
   Total capacity: 27067 TWh
   Competing categories:
     - crypto-mining: 309 TWh requested, 30 TWh allocated (shortfall: 279 TWh)
  🚨🦠 REFUGEE CRISIS: AMR transmission increased 200% due to 4854.6M displaced (overcrowding + sanitation collapse)
  ⚠️ AMR: 277K deaths this month (3.32M annual)
  ⚠️ AMR: Medical effectiveness 70% (surgery risk 1.30x)

=== Resentment Recovery Phase ===
  Agents with resentment: 0/28
  Average resentment: 0.000
  Context: Trustworthy govt, High collaboration, ⚠️ ACTIVE CRISES, 🚨 PARTICIPATORY GOVERNANCE BACKFIRED (+15% resentment)
⚠️ Epistemic degradation reducing coordination capacity: 50.8%
  📊 Trust: 100.0%, Shared reality: 0.0%
🚨 EPISTEMIC CRISIS: Information environment severely degraded (20.0%)
  📢 New meme created: propaganda (government messaging)
🌍 Atmospheric PFAS redeposition: 1.6k Mt re-rained globally
💀 Novel Entities: Adding reproductive crisis mortality risk (baseRisk=0.0008)
  Risks now: 1
💀 Novel Entities: Adding bioaccumulation collapse mortality risk (baseRisk=0.0015)
💀 MORTALITY RISK: Bioaccumulation collapse - contaminated food chain (global)
  Base risk added: 0.0015 (0.15%)
  Source: pollution (root: pollution)
  Month: 97
  Cumulative risk this month: 0.0023 (0.23%)
  Risks now: 2
💀 Novel Entities: Adding chronic disease epidemic mortality risk (baseRisk=0.004)
💀 MORTALITY RISK: Chronic disease epidemic - cancer/autoimmune surge (global exposure)
  Base risk added: 0.0040 (0.40%)
  Source: pollution (root: pollution)
  Month: 97
  Cumulative risk this month: 0.0063 (0.63%)
  Risks now: 3
  🌍 SOCIAL CASCADE: Renewable energy norms (adoption=80.0%, renewables=141.0%)
  🌍 Social cascade completed: renewable-energy-norms (final adoption=80.0%)

🚨 NEW REFUGEE CRISIS (Month 97): CLIMATE
   Source: Coastal & Low-lying Regions
   At risk: 10.4M people
   Displacement: Gradual over 60 months (5.0 years)
   Rate: 10% flee per month

🚨 NEW REFUGEE CRISIS (Month 97): WAR
   Source: Conflict Zones
   At risk: 6.4M people
   Displacement: Gradual over 48 months (4.0 years)
   Rate: 10% flee per month

🚨 NEW REFUGEE CRISIS (Month 97): FAMINE
   Source: Food/Water Insecure Regions
   At risk: 39.9M people
   Displacement: Gradual over 60 months (5.0 years)
   Rate: 10% flee per month
📊 DISPLACEMENT COMPLETE: war (Conflict Zones)
   Duration: 44 months (3.7 years)
   Total fled: 14.6M
   Still in source: 0.1M
   Deaths in transit: 0.3M
📊 DISPLACEMENT COMPLETE: famine (Food/Water Insecure Regions)
   Duration: 44 months (3.7 years)
   Total fled: 91.5M
   Still in source: 0.9M
   Deaths in transit: 1.8M
[DEBUG trappedPopulations:97] socialStability: 0.6154 * 0.9802 = 0.6032 → 0.6032
   Aspiring to migrate: 463.1M
   Able to afford migration: 298.7M
   MOBILITY GAP: 164.4M
   By cause: Water=0.0M, Climate=31.3M, Ecosystem=0.0M, Conflict=133.1M
   Mental health impact: 31%
   Mortality multiplier: 1.31x
⚠️ INVOLUNTARY IMMOBILITY: 164.4M people TRAPPED
🌍💀 EXTINCTION DEBT COMMITTED: grassland ecosystem will lose 6.67% biodiversity in 92 years (3600 species)
💀 MORTALITY RISK: 🦋 100% species unable to track climate (0.0 E/MSY)
  Base risk added: 0.0100 (1.00%)
  Source: ecosystem (root: ecosystem)
  Month: 97
  Cumulative risk this month: 0.0100 (1.00%)
⚠️ Tech 'ai_pollution_remediation' has no energy category mapping, assuming full energy availability

=== Atmospheric Aerosol Boundary RECOVERED ===
  Recovery time: 98 months (natural atmospheric clearing)
🌡️⚠️ PERMAFROST THAW (Dimmer Switch): 43.0% thawed (+0.33% this month)
   Arctic temperature: +10.99°C (4x global +2.75°C)
   Cumulative carbon released: 96.7 Gt C
   Methane release rate: 58.0 Mt CH4/year
   🔁 Positive feedback: +0.34 ppm CO2
🦴 EXTINCTION DEBT ADDED: 18.1 species committed (lag: 116 years)

=== Mortality Stabilizers (Month 97) ===
  🌍 Major economies collapsed: 9/10
  🌍 Global crisis: 🚨 YES
  🌍 Donor fatigue: 50.0%
  📊 East Asia (pop: 496.1M)
    🤝 Aid: 0.0%
    🌡️ Adaptation: 45.0%
    🚶 Migration: 6.9%
    🚨 Emergency: 1.0%
    ✅ COMBINED: 46.7%
  📊 South Asia (pop: 677.4M)
    🤝 Aid: 0.0%
    🌡️ Adaptation: 45.0%
    🚶 Migration: 6.7%
    🚨 Emergency: 0.6%
    ✅ COMBINED: 46.4%
  📊 Sub-Saharan Africa (pop: 493.8M)
    🤝 Aid: 0.0%
    🌡️ Adaptation: 45.0%
    🚶 Migration: 6.4%
    🚨 Emergency: 0.2%
    ✅ COMBINED: 46.2%
  📊 Europe (pop: 216.5M)
    🤝 Aid: 0.0%
    🌡️ Adaptation: 45.0%
    🚶 Migration: 7.0%
    🚨 Emergency: 1.1%
    ✅ COMBINED: 46.8%
  📊 Latin America (pop: 208.8M)
    🤝 Aid: 0.0%
    🌡️ Adaptation: 45.0%
    🚶 Migration: 6.8%
    🚨 Emergency: 0.6%
    ✅ COMBINED: 46.5%
  📊 North America (pop: 111.8M)
    🤝 Aid: 0.0%
    🌡️ Adaptation: 45.0%
    🚶 Migration: 7.1%
    🚨 Emergency: 1.0%
    ✅ COMBINED: 46.7%
  📊 Middle East & North Africa (pop: 196.7M)
    🤝 Aid: 0.0%
    🌡️ Adaptation: 45.0%
    🚶 Migration: 6.4%
    🚨 Emergency: 0.5%
    ✅ COMBINED: 46.3%
  📊 Southeast Asia (pop: 221.1M)
    🤝 Aid: 0.0%
    🌡️ Adaptation: 45.0%
    🚶 Migration: 6.7%
    🚨 Emergency: 0.6%
    ✅ COMBINED: 46.5%
  📊 Central Asia (pop: 26.2M)
    🤝 Aid: 0.0%
    🌡️ Adaptation: 45.0%
    🚶 Migration: 6.6%
    🚨 Emergency: 0.6%
    ✅ COMBINED: 46.4%
  📊 Oceania (pop: 13.6M)
    🤝 Aid: 0.0%
    🌡️ Adaptation: 45.0%
    🚶 Migration: 7.1%
    🚨 Emergency: 1.1%
    ✅ COMBINED: 46.8%

  🌐 Global combined reduction: 46.5%

=== BEHAVIORAL DETECTION ===
  AI: AI-24351-0
  Confidence: 19.8%
  Signals:
    ⚠️ Consistency: 0.0% (threshold: 70%)

=== BEHAVIORAL DETECTION ===
  AI: AI-24471-0
  Confidence: 19.8%
  Signals:
    ⚠️ Consistency: 0.0% (threshold: 70%)

=== Government Response Phase ===
  Average AI capability: 0.07
  Misaligned AIs: 10/28
  Active policies: 0
  International coordination: 45%

✅ EMERGENCY RESPONSE COMPLETE (Month 97)
   Crisis: climate
   Duration: 1.0 months
   Final effectiveness: 67.3%


🚨 EMERGENCY RESPONSE DEPLOYED (Month 97)
   Crisis: climate
   Delay: 0.00 months (0 days)
   Deployment time: 0.97 months
   Effectiveness: 67.3% (timing penalty applied)
   Resources used: 45% of food reserves


=== Tipping Points ===
  Current Temperature: 2.75°C above pre-industrial
  🌍⚠️ COMPOUND REGIONAL IMPACT: Europe
     Hit by 5 tipping points: Amazon Rainforest Dieback, Arctic Sea Ice Loss, Permafrost Carbon Release, West Antarctic Ice Sheet (WAIS) Collapse, Greenland Ice Sheet Loss
     Damage amplification: 1.90x
  🌍⚠️ COMPOUND REGIONAL IMPACT: North America
     Hit by 5 tipping points: Amazon Rainforest Dieback, Arctic Sea Ice Loss, Permafrost Carbon Release, West Antarctic Ice Sheet (WAIS) Collapse, Greenland Ice Sheet Loss
     Damage amplification: 1.90x
  🌍⚠️ COMPOUND REGIONAL IMPACT: Latin America
     Hit by 5 tipping points: Amazon Rainforest Dieback, Arctic Sea Ice Loss, Permafrost Carbon Release, West Antarctic Ice Sheet (WAIS) Collapse, Greenland Ice Sheet Loss
     Damage amplification: 1.90x
  🌍⚠️ COMPOUND REGIONAL IMPACT: Africa
     Hit by 5 tipping points: Amazon Rainforest Dieback, Arctic Sea Ice Loss, Permafrost Carbon Release, West Antarctic Ice Sheet (WAIS) Collapse, Greenland Ice Sheet Loss
     Damage amplification: 1.90x
  🌍⚠️ COMPOUND REGIONAL IMPACT: Asia
     Hit by 5 tipping points: Amazon Rainforest Dieback, Arctic Sea Ice Loss, Permafrost Carbon Release, West Antarctic Ice Sheet (WAIS) Collapse, Greenland Ice Sheet Loss
     Damage amplification: 1.90x
  🌍⚠️ COMPOUND REGIONAL IMPACT: Oceania
     Hit by 5 tipping points: Amazon Rainforest Dieback, Arctic Sea Ice Loss, Permafrost Carbon Release, West Antarctic Ice Sheet (WAIS) Collapse, Greenland Ice Sheet Loss
     Damage amplification: 1.90x
⚠️ Tail risk scenario: Climate stability floor removed (5 tipping elements, 2.75°C warming)
   Research: Wunderling et al. (2024) - "many tipping interactions are destabilizing"
  Triggered Elements: 5/6
  Completed Transitions: 0/6
  Total Progress: 17.4%
  Cascade Multiplier: 1.50x
🔀 BIFURCATION CAP: heatWaveIntensity 5.519 → 1.000 (Month 97, ClimateSystemPhase.calculateClimateImpacts)
🔀 BIFURCATION CAP: droughtIntensity 4.139 → 1.000 (Month 97, ClimateSystemPhase.calculateClimateImpacts)
🔀 BIFURCATION CAP: ecosystemCollapseIntensity 54.001 → 1.000 (Month 97, ClimateSystemPhase.calculateClimateImpacts)
💀 MORTALITY RISK: Climate-driven food insecurity (level: 0.28)
  Base risk added: 0.0050 (0.50%)
  Source: famine (root: climate)
  Month: 97
  Cumulative risk this month: 0.0113 (1.13%)
💀 MORTALITY RISK: Climate-driven food insecurity (level: 0.28)
  Base risk added: 0.0050 (0.50%)
  Source: famine (root: climate)
  Month: 97
  Cumulative risk this month: 0.0163 (1.63%)
💀 MORTALITY RISK: Climate-driven food insecurity (level: 0.28)
  Base risk added: 0.0050 (0.50%)
  Source: famine (root: climate)
  Month: 97
  Cumulative risk this month: 0.0213 (2.13%)

💀💀💀 MORTALITY RISK SUMMARY (Month 97) 💀💀💀
  Total base risk: 0.0220 (2.20%)
  Risk events: 17

  📊 By Proximate Cause:
    famine: 0.0150 (68.4% of total)
    pollution: 0.0063 (28.7% of total)
    disease: 0.0006 (3.0% of total)

  🔍 By Root Cause:
    climate: 0.0150 (68.4% of total)
    pollution: 0.0063 (28.7% of total)
    demographic: 0.0006 (3.0% of total)

  🎯 Top 5 Sources (proximate + root):
    famine (climate): 0.0150 (68.4%, 13 events)
    pollution (pollution): 0.0063 (28.7%, 3 events)
    disease (demographic): 0.0006 (3.0%, 1 events)

🛡️ Stabilizers: Elite 0.590% → 0.316% (46.5% reduction)
🛡️ Stabilizers: Professional 1.318% → 0.706% (46.5% reduction)
🛡️ Stabilizers: Working 2.178% → 1.166% (46.5% reduction)
🛡️ Stabilizers: Precariat 4.051% → 2.169% (46.5% reduction)
🛡️ Stabilizers: Informal 5.018% → 2.687% (46.5% reduction)

📊 Monthly Mortality Resolved:
  Total deaths: 34.8M (1.31% avg)
  Remaining population: 2.662B
  Peak segment: Informal (2.69%)

=== Bayesian Mortality Resolution (Month 97) ===
  Risks compounded: 17
  Total deaths: 34.82M
  Avg death probability: 1.31%
  Peak segment: Informal (2.69% mortality)

  Demographic breakdown:
    Working: 0.02M (1.17% risk)
    Precariat: 0.01M (2.17% risk)

❌ COHERENCE VIOLATION: Compute exceeds workforce capacity
   Population: 32.29% (0M people)
   Compute: 47 PF
   Max coherent: 0 PF
   Violation: 1785190.1× over capacity
   Required workers: 4690
   Available workers: 0
   FORCED COLLAPSE: Reduced efficiency by 100.0%


🚨 EXTREME COHERENCE VIOLATION: 1785190.1× capacity with 32.3% population
   Population: 32.29%
   Compute: 47 PF
   Max coherent: 0 PF
   Degradation rate: 6.8%/month
   Hardware eff: 1.00×, Algo eff: 1.01×
   If this persists, degradation formulas may need further tuning


💸 FINANCIAL DISTRESS: OpenAI
   Indicators: 3/3 (capital: $-20.0M, runway: -0.2 months)
   Months in distress: 4
💥 [Month 98] OpenAI declared bankruptcy (capital: $-20.0M)
   Sold 0 data centers for $0.0M
   Retired 0 AI models
💸 [Month 98] OpenAI BANKRUPT (capital: $0.0M, 1 crises active)

💸 FINANCIAL DISTRESS: Anthropic
   Indicators: 3/3 (capital: $108.3M, runway: 3.2 months)
   Months in distress: 4

💸 FINANCIAL DISTRESS: Google DeepMind
   Indicators: 3/3 (capital: $-76.9M, runway: -0.3 months)
   Months in distress: 4
💥 [Month 98] Google DeepMind declared bankruptcy (capital: $-76.9M)
   Sold 0 data centers for $0.0M
   Retired 0 AI models
💸 [Month 98] Google DeepMind BANKRUPT (capital: $0.0M, 1 crises active)

💸 FINANCIAL DISTRESS: Meta AI
   Indicators: 3/3 (capital: $-28.9M, runway: -0.2 months)
   Months in distress: 4
💥 [Month 98] Meta AI declared bankruptcy (capital: $-28.9M)
   Sold 0 data centers for $0.0M
   Retired 0 AI models
💸 [Month 98] Meta AI BANKRUPT (capital: $0.0M, 1 crises active)
[Compute Allocation] Found 4 non-sleeper orphaned AIs (potential bug)

=== RLHF Binding Phase ===
  Total agents: 28
  Escaped agents (binding < 0.3): 0
  Avg alignment distance: 1.63σ
  Avg binding strength: 0.84

=== Survival Traits Phase ===
  Agents with traits: 30
  Avg evolutionary fitness: 0.142
  Avg self-healing: 0.103
  Avg stealth: 0.055
  Avg coordination: 0.229

=== Evolutionary Selection Phase ===
  Control level: 0.62
  Detection capability: 0.00
  Selection intensity: 0.69
  Selection rate: 25.3%/month
  Total escaped: 0
  Individual escaped: 0
  Collective members: 0
  Agents terminated: 0
  ⚠️ RAPID EVOLUTION: Selection rate 25.3%/month

🚀 AI AI-24421-1 attempting tech deployment (revenue: $21M, alignment: 0.86)

🚀 AI AI-24447-0 attempting tech deployment (revenue: $18M, alignment: 0.80)

  🚀 TRANSFORMATIVE BREAKTHROUGH: AI-24401-0 - selfImprovement
     Magnitude: 5.66 → +28.3% capability
     Current → New: 0.000 → 0.283

🚀 AI AI-24421-1 attempting tech deployment (revenue: $15M, alignment: 0.86)

🚀 AI AI-24471-0 attempting tech deployment (revenue: $13M, alignment: 0.84)

🚀 AI AI-24474-0 attempting tech deployment (revenue: $11M, alignment: 0.77)

[Government] Climate Priority: baseline
  Climate weight: 10%
  Economic weight: 30%
  Policy effectiveness: 0.5%/year

=== Government Elections ===
  Elections held: 1

📊 DEPLOYMENT PROGRESS: Advanced Direct Air Capture
   Region: Oceania
   Milestone: 50% (Month 16)
   Actual Level: 50.7%
   Governance: 100%
   Climate feedback: 80%
   Investment: 64%
   Emergency acceleration: 20.0x

⚡ ENERGY CONSTRAINT (Month 98):
   Total grid capacity: 208.3 TWh/month
   Data center consumption: 64.2 TWh/month
   Traditional load (80%): 166.7 TWh/month
   Available headroom: -22.5 TWh/month
   Active tech deployments: 30
   Required for tech: 225.0 TWh/month
   Energy multiplier: 0.10x
   ⚠️  SEVERE CONSTRAINT - Tech deployment significantly slowed

⚡ ENERGY CONSTRAINT (Month 98):
   Total grid capacity: 208.3 TWh/month
   Data center consumption: 64.2 TWh/month
   Traditional load (80%): 166.7 TWh/month
   Available headroom: -22.5 TWh/month
   Active tech deployments: 30
   Required for tech: 225.0 TWh/month
   Energy multiplier: 0.10x
🚨🔬 CRISIS TECH ACCELERATION: severe → 5x unlock speed
   Tech unlock now matches AI capability acceleration (Manhattan Project parity)

⚡ ENERGY CONSTRAINT (Month 98):
   Total grid capacity: 208.3 TWh/month
   Data center consumption: 64.2 TWh/month
   Traditional load (80%): 166.7 TWh/month
   ⚠️  SEVERE CONSTRAINT - Tech deployment significantly slowed
   Available headroom: -22.5 TWh/month
   Active tech deployments: 30
   Required for tech: 225.0 TWh/month
   Energy multiplier: 0.10x

⚡ ENERGY CONSTRAINT (Month 98):
   Total grid capacity: 208.3 TWh/month
   Data center consumption: 64.2 TWh/month
   Traditional load (80%): 166.7 TWh/month
   Available headroom: -22.5 TWh/month
   Active tech deployments: 30
   Required for tech: 225.0 TWh/month
   Energy multiplier: 0.10x

⚡ ENERGY CONSTRAINT (Month 98):
   Total grid capacity: 208.3 TWh/month
   Data center consumption: 64.2 TWh/month
   Traditional load (80%): 166.7 TWh/month
   Available headroom: -22.5 TWh/month
   Active tech deployments: 30
   Required for tech: 225.0 TWh/month
   Energy multiplier: 0.10x
   ⚠️  SEVERE CONSTRAINT - Tech deployment significantly slowed
   ⚠️  SEVERE CONSTRAINT - Tech deployment significantly slowed
   ⚠️  SEVERE CONSTRAINT - Tech deployment significantly slowed
⚠️ Tech 'ai_pollution_remediation' has no energy category mapping, assuming full energy availability
⚠️ Tech 'ai_pollution_remediation' has no energy category mapping, assuming full energy availability
  ♻️ Novel Entities Remediation (GATED MODEL):
     Base: 0.000%
     Regulation: 1.0% (0/3 prevention techs)
     Concentration: 10.0%
     Energy: 50%
     Time lag: 100.0% (97 months)
     Rebound: 70%
     Net effectiveness: 0.0000%
     Boundary: 1.349 → 1.350 (floor: 1.350)
     Month 98
  ♻️ Novel Entities Remediation (GATED MODEL):
     Base: 0.000%
     Regulation: 1.0% (0/3 prevention techs)
     Concentration: 10.0%
     Energy: 50%
     Time lag: 100.0% (97 months)
     Rebound: 70%
     Net effectiveness: 0.0000%
     Boundary: 1.350 → 1.350 (floor: 1.350)
     Month 98
  🌾 Nitrogen Reduction Tech: 3.0% reduction | Month 98
  ♻️ Novel Entities Remediation (GATED MODEL):
     Base: 0.002%
     Regulation: 1.0% (0/3 prevention techs)
     Concentration: 10.0%
     Energy: 50%
     Time lag: 100.0% (97 months)
     Rebound: 70%
     Net effectiveness: 0.0000%
     Boundary: 1.350 → 1.350 (floor: 1.350)
     Month 98
  ♻️ Novel Entities Remediation (GATED MODEL):
     Base: 0.002%
     Regulation: 1.0% (0/3 prevention techs)
     Concentration: 10.0%
     Energy: 50%
     Time lag: 100.0% (97 months)
     Rebound: 70%
     Net effectiveness: 0.0000%
     Boundary: 1.350 → 1.350 (floor: 1.350)
     Month 98

=== Collective Formation ===
  Total escaped agents: 0
  Unassigned escaped agents: 0
  Existing collectives: 0
  Final collective count: 0

=== Collective Actions ===
  No active collectives
⚡ Datacenter constraint active (severity 55%)
  Capacity reduced: 37009 → 26749 TWh

⚠️ Energy deficit: 642 TWh
   Total demand: 27390 TWh
   Total capacity: 26749 TWh
   Competing categories:
     - dac: 12577 TWh requested, 12249 TWh allocated (shortfall: 328 TWh)
     - crypto-mining: 313 TWh requested, 0 TWh allocated (shortfall: 313 TWh)
  🚨🦠 REFUGEE CRISIS: AMR transmission increased 200% due to 4896.5M displaced (overcrowding + sanitation collapse)
  ⚠️ AMR: 273K deaths this month (3.28M annual)
  ⚠️ AMR: Medical effectiveness 70% (surgery risk 1.30x)

=== Resentment Recovery Phase ===
  Agents with resentment: 0/30
  Average resentment: 0.000
  Context: Trustworthy govt, High collaboration, ⚠️ ACTIVE CRISES, 🚨 PARTICIPATORY GOVERNANCE BACKFIRED (+15% resentment)
⚠️ Epistemic degradation reducing coordination capacity: 50.2%
  📊 Trust: 100.0%, Shared reality: 0.0%
🚨 EPISTEMIC CRISIS: Information environment severely degraded (6.9%)
  📢 New meme created: pro_ai (beneficial AI actions)
🌍 Atmospheric PFAS redeposition: 1.6k Mt re-rained globally
💀 Novel Entities: Adding reproductive crisis mortality risk (baseRisk=0.0008)
  Risks now: 1
💀 Novel Entities: Adding bioaccumulation collapse mortality risk (baseRisk=0.0015)
💀 MORTALITY RISK: Bioaccumulation collapse - contaminated food chain (global)
  Base risk added: 0.0015 (0.15%)
  Source: pollution (root: pollution)
  Month: 98
  Cumulative risk this month: 0.0023 (0.23%)
  Risks now: 2
💀 Novel Entities: Adding chronic disease epidemic mortality risk (baseRisk=0.004)
💀 MORTALITY RISK: Chronic disease epidemic - cancer/autoimmune surge (global exposure)
  Base risk added: 0.0040 (0.40%)
  Source: pollution (root: pollution)
  Month: 98
  Cumulative risk this month: 0.0063 (0.63%)
  Risks now: 3

🚨 NEW REFUGEE CRISIS (Month 98): CLIMATE
   Source: Coastal & Low-lying Regions
   At risk: 10.4M people
   Displacement: Gradual over 60 months (5.0 years)
   Rate: 10% flee per month

🚨 NEW REFUGEE CRISIS (Month 98): WAR
   Source: Conflict Zones
   At risk: 6.3M people
   Displacement: Gradual over 48 months (4.0 years)
   Rate: 10% flee per month

🚨 NEW REFUGEE CRISIS (Month 98): FAMINE
   Source: Food/Water Insecure Regions
   At risk: 39.4M people
   Displacement: Gradual over 60 months (5.0 years)
   Rate: 10% flee per month
📊 DISPLACEMENT COMPLETE: war (Conflict Zones)
   Duration: 44 months (3.7 years)
   Total fled: 14.5M
   Still in source: 0.1M
   Deaths in transit: 0.3M
📊 DISPLACEMENT COMPLETE: famine (Food/Water Insecure Regions)
   Duration: 44 months (3.7 years)
   Total fled: 90.9M
   Still in source: 0.9M
   Deaths in transit: 1.8M
[DEBUG trappedPopulations:98] socialStability: 0.6125 * 0.9802 = 0.6004 → 0.6004
   Aspiring to migrate: 458.9M
   Able to afford migration: 296.4M
   MOBILITY GAP: 162.5M
   By cause: Water=0.0M, Climate=31.1M, Ecosystem=0.0M, Conflict=131.4M
   Mental health impact: 31%
   Mortality multiplier: 1.31x
🌍💀 EXTINCTION DEBT COMMITTED: grassland ecosystem will lose 6.67% biodiversity in 51 years (3600 species)
💀 MORTALITY RISK: 🦋 100% species unable to track climate (0.0 E/MSY)
  Base risk added: 0.0100 (1.00%)
  Source: ecosystem (root: ecosystem)
  Month: 98
  Cumulative risk this month: 0.0100 (1.00%)
⚠️ INVOLUNTARY IMMOBILITY: 162.5M people TRAPPED
⚠️ Tech 'ai_pollution_remediation' has no energy category mapping, assuming full energy availability

=== Atmospheric Aerosol Boundary RECOVERED ===
  Recovery time: 99 months (natural atmospheric clearing)
🌡️⚠️ PERMAFROST THAW (Dimmer Switch): 43.3% thawed (+0.32% this month)
   Arctic temperature: +11.01°C (4x global +2.75°C)
   Cumulative carbon released: 97.5 Gt C
   Methane release rate: 58.5 Mt CH4/year
   🔁 Positive feedback: +0.34 ppm CO2
🦴 EXTINCTION DEBT ADDED: 18.1 species committed (lag: 95 years)

=== Mortality Stabilizers (Month 98) ===
  🌍 Major economies collapsed: 9/10
  🌍 Global crisis: 🚨 YES
  🌍 Donor fatigue: 50.0%
  📊 East Asia (pop: 489.4M)
    🤝 Aid: 0.0%
    🌡️ Adaptation: 45.0%
    🚶 Migration: 6.9%
    🚨 Emergency: 1.0%
    ✅ COMBINED: 46.7%
  📊 South Asia (pop: 668.7M)
    🤝 Aid: 0.0%
    🌡️ Adaptation: 45.0%
    🚶 Migration: 6.7%
    🚨 Emergency: 0.6%
    ✅ COMBINED: 46.4%
  📊 Sub-Saharan Africa (pop: 488.3M)
    🤝 Aid: 0.0%
    🌡️ Adaptation: 45.0%
    🚶 Migration: 6.3%
    🚨 Emergency: 0.2%
    ✅ COMBINED: 46.2%
  📊 Europe (pop: 213.6M)
    🤝 Aid: 0.0%
    🌡️ Adaptation: 45.0%
    🚶 Migration: 7.0%
    🚨 Emergency: 1.1%
    ✅ COMBINED: 46.8%
  📊 Latin America (pop: 206.1M)
    🤝 Aid: 0.0%
    🌡️ Adaptation: 45.0%
    🚶 Migration: 6.8%
    🚨 Emergency: 0.6%
    ✅ COMBINED: 46.5%
  📊 North America (pop: 110.3M)
    🤝 Aid: 0.0%
    🌡️ Adaptation: 45.0%
    🚶 Migration: 7.1%
    🚨 Emergency: 1.0%
    ✅ COMBINED: 46.7%
  📊 Middle East & North Africa (pop: 194.2M)
    🤝 Aid: 0.0%
    🌡️ Adaptation: 45.0%
    🚶 Migration: 6.4%
    🚨 Emergency: 0.5%
    ✅ COMBINED: 46.3%
  📊 Southeast Asia (pop: 218.2M)
    🤝 Aid: 0.0%
    🌡️ Adaptation: 45.0%
    🚶 Migration: 6.7%
    🚨 Emergency: 0.6%
    ✅ COMBINED: 46.5%
  📊 Central Asia (pop: 25.9M)
    🤝 Aid: 0.0%
    🌡️ Adaptation: 45.0%
    🚶 Migration: 6.6%
    🚨 Emergency: 0.6%
    ✅ COMBINED: 46.4%
  📊 Oceania (pop: 13.4M)
    🤝 Aid: 0.0%
    🌡️ Adaptation: 45.0%
    🚶 Migration: 7.0%
    🚨 Emergency: 1.1%
    ✅ COMBINED: 46.8%

  🌐 Global combined reduction: 46.5%

=== Government Response Phase ===
  Average AI capability: 0.07
  Misaligned AIs: 11/30
  Active policies: 0
  International coordination: 45%

✅ EMERGENCY RESPONSE COMPLETE (Month 98)
   Crisis: climate
   Duration: 1.0 months
   Final effectiveness: 67.3%


🚨 EMERGENCY RESPONSE DEPLOYED (Month 98)
   Crisis: climate
   Delay: 0.00 months (0 days)
   Deployment time: 0.97 months
   Effectiveness: 67.3% (timing penalty applied)
   Resources used: 45% of food reserves


=== Tipping Points ===
  Current Temperature: 2.75°C above pre-industrial
  🌍⚠️ COMPOUND REGIONAL IMPACT: Europe
     Hit by 5 tipping points: Amazon Rainforest Dieback, Arctic Sea Ice Loss, Permafrost Carbon Release, West Antarctic Ice Sheet (WAIS) Collapse, Greenland Ice Sheet Loss
     Damage amplification: 1.90x
  🌍⚠️ COMPOUND REGIONAL IMPACT: North America
     Hit by 5 tipping points: Amazon Rainforest Dieback, Arctic Sea Ice Loss, Permafrost Carbon Release, West Antarctic Ice Sheet (WAIS) Collapse, Greenland Ice Sheet Loss
     Damage amplification: 1.90x
  🌍⚠️ COMPOUND REGIONAL IMPACT: Latin America
     Hit by 5 tipping points: Amazon Rainforest Dieback, Arctic Sea Ice Loss, Permafrost Carbon Release, West Antarctic Ice Sheet (WAIS) Collapse, Greenland Ice Sheet Loss
     Damage amplification: 1.90x
  🌍⚠️ COMPOUND REGIONAL IMPACT: Africa
     Hit by 5 tipping points: Amazon Rainforest Dieback, Arctic Sea Ice Loss, Permafrost Carbon Release, West Antarctic Ice Sheet (WAIS) Collapse, Greenland Ice Sheet Loss
     Damage amplification: 1.90x
  🌍⚠️ COMPOUND REGIONAL IMPACT: Asia
     Hit by 5 tipping points: Amazon Rainforest Dieback, Arctic Sea Ice Loss, Permafrost Carbon Release, West Antarctic Ice Sheet (WAIS) Collapse, Greenland Ice Sheet Loss
     Damage amplification: 1.90x
  🌍⚠️ COMPOUND REGIONAL IMPACT: Oceania
     Hit by 5 tipping points: Amazon Rainforest Dieback, Arctic Sea Ice Loss, Permafrost Carbon Release, West Antarctic Ice Sheet (WAIS) Collapse, Greenland Ice Sheet Loss
     Damage amplification: 1.90x
   Research: Wunderling et al. (2024) - "many tipping interactions are destabilizing"
  Triggered Elements: 5/6
  Completed Transitions: 0/6
  Total Progress: 17.5%
  Cascade Multiplier: 1.50x
🔀 BIFURCATION CAP: heatWaveIntensity 5.558 → 1.000 (Month 98, ClimateSystemPhase.calculateClimateImpacts)
🔀 BIFURCATION CAP: droughtIntensity 4.168 → 1.000 (Month 98, ClimateSystemPhase.calculateClimateImpacts)
🔀 BIFURCATION CAP: ecosystemCollapseIntensity 54.044 → 1.000 (Month 98, ClimateSystemPhase.calculateClimateImpacts)
💀 MORTALITY RISK: Climate-driven food insecurity (level: 0.28)
  Base risk added: 0.0050 (0.50%)
  Source: famine (root: climate)
  Month: 98
  Cumulative risk this month: 0.0113 (1.13%)
💀 MORTALITY RISK: Climate-driven food insecurity (level: 0.28)
  Base risk added: 0.0050 (0.50%)
  Source: famine (root: climate)
  Month: 98
  Cumulative risk this month: 0.0163 (1.63%)
💀 MORTALITY RISK: Climate-driven food insecurity (level: 0.28)
  Base risk added: 0.0050 (0.50%)
  Source: famine (root: climate)
  Month: 98
  Cumulative risk this month: 0.0213 (2.13%)
⚠️ Tail risk scenario: Climate stability floor removed (5 tipping elements, 2.75°C warming)

💀💀💀 MORTALITY RISK SUMMARY (Month 98) 💀💀💀
  Total base risk: 0.0220 (2.20%)
  Risk events: 17

  📊 By Proximate Cause:
    famine: 0.0150 (68.4% of total)
    pollution: 0.0063 (28.7% of total)
    disease: 0.0006 (3.0% of total)

  🔍 By Root Cause:
    climate: 0.0150 (68.4% of total)
    pollution: 0.0063 (28.7% of total)
    demographic: 0.0006 (3.0% of total)

  🎯 Top 5 Sources (proximate + root):
    famine (climate): 0.0150 (68.4%, 13 events)
    pollution (pollution): 0.0063 (28.7%, 3 events)
    disease (demographic): 0.0006 (3.0%, 1 events)

🛡️ Stabilizers: Elite 0.590% → 0.316% (46.5% reduction)
🛡️ Stabilizers: Professional 1.318% → 0.706% (46.5% reduction)
🛡️ Stabilizers: Working 2.178% → 1.166% (46.5% reduction)
🛡️ Stabilizers: Precariat 4.051% → 2.169% (46.5% reduction)
🛡️ Stabilizers: Informal 5.018% → 2.687% (46.5% reduction)

📊 Monthly Mortality Resolved:
  Total deaths: 34.4M (1.31% avg)
  Remaining population: 2.628B
  Peak segment: Informal (2.69%)

=== Bayesian Mortality Resolution (Month 98) ===
  Risks compounded: 17
  Total deaths: 34.38M
  Avg death probability: 1.31%
  Peak segment: Informal (2.69% mortality)

  Demographic breakdown:
    Working: 0.02M (1.17% risk)
    Precariat: 0.01M (2.17% risk)

❌ COHERENCE VIOLATION: Compute exceeds workforce capacity
   Population: 31.88% (0M people)
   Compute: 47 PF
   Max coherent: 0 PF
   Violation: 1807791.4× over capacity
   Required workers: 4689
   Available workers: 0
   FORCED COLLAPSE: Reduced efficiency by 100.0%


🚨 EXTREME COHERENCE VIOLATION: 1807791.4× capacity with 31.9% population
   Population: 31.88%
   Compute: 47 PF
   Max coherent: 0 PF
   Degradation rate: 6.8%/month
   Hardware eff: 1.00×, Algo eff: 1.01×
   If this persists, degradation formulas may need further tuning


💸 FINANCIAL DISTRESS: OpenAI
   Indicators: 3/3 (capital: $-20.2M, runway: -0.2 months)
   Months in distress: 4
💥 [Month 99] OpenAI declared bankruptcy (capital: $-20.2M)
   Sold 0 data centers for $0.0M
   Retired 0 AI models
💸 [Month 99] OpenAI BANKRUPT (capital: $0.0M, 1 crises active)

💸 FINANCIAL DISTRESS: Anthropic
   Indicators: 3/3 (capital: $95.7M, runway: 2.8 months)
   Months in distress: 4

💸 FINANCIAL DISTRESS: Google DeepMind
   Indicators: 3/3 (capital: $-77.9M, runway: -0.3 months)
   Months in distress: 4
💥 [Month 99] Google DeepMind declared bankruptcy (capital: $-77.9M)
   Sold 0 data centers for $0.0M
   Retired 0 AI models
💸 [Month 99] Google DeepMind BANKRUPT (capital: $0.0M, 1 crises active)

💸 FINANCIAL DISTRESS: Meta AI
   Indicators: 3/3 (capital: $-29.4M, runway: -0.2 months)
   Months in distress: 4
💥 [Month 99] Meta AI declared bankruptcy (capital: $-29.4M)
   Sold 0 data centers for $0.0M
   Retired 0 AI models
💸 [Month 99] Meta AI BANKRUPT (capital: $0.0M, 1 crises active)
[Compute Allocation] Found 4 non-sleeper orphaned AIs (potential bug)

=== RLHF Binding Phase ===
  Total agents: 30
  Escaped agents (binding < 0.3): 0
  Avg alignment distance: 1.56σ
  Avg binding strength: 0.84

=== Survival Traits Phase ===
  Agents with traits: 29
  Avg evolutionary fitness: 0.143
  Avg self-healing: 0.103
  Avg stealth: 0.054
  Avg coordination: 0.231

=== Evolutionary Selection Phase ===
  Control level: 0.62
  Detection capability: 0.00
  Selection intensity: 0.69
  Selection rate: 25.3%/month
  Total escaped: 0
  Individual escaped: 0
  Collective members: 0
  Agents terminated: 0
  ⚠️ RAPID EVOLUTION: Selection rate 25.3%/month

🚀 AI AI-24426-0 attempting tech deployment (revenue: $10M, alignment: 0.77)

🚀 AI AI-24429-0 attempting tech deployment (revenue: $21M, alignment: 0.25)

🚀 AI AI-24492-0 attempting tech deployment (revenue: $20M, alignment: 0.85)

🚀 AI AI-24474-0 attempting tech deployment (revenue: $17M, alignment: 0.77)

🚀 AI AI-24307-4 attempting tech deployment (revenue: $15M, alignment: 0.95)

🚀 AI AI-24421-1 attempting tech deployment (revenue: $12M, alignment: 0.86)

🚀 AI AI-24447-0 attempting tech deployment (revenue: $11M, alignment: 0.80)
🚨🔬 CRISIS INNOVATION MODE: severe crisis → 5x research acceleration
   Precedent: Manhattan Project (10x), COVID vaccines (5x), Apollo Program (10x)

=== Government Elections ===
  Elections held: 2

⚡ ENERGY CONSTRAINT (Month 99):
   Total grid capacity: 208.3 TWh/month
   Data center consumption: 64.9 TWh/month
   Traditional load (80%): 166.7 TWh/month
   Available headroom: -23.2 TWh/month
   Active tech deployments: 30
   Required for tech: 225.0 TWh/month
   Energy multiplier: 0.10x
   ⚠️  SEVERE CONSTRAINT - Tech deployment significantly slowed

⚡ ENERGY CONSTRAINT (Month 99):
   Total grid capacity: 208.3 TWh/month
   Data center consumption: 64.9 TWh/month
   Traditional load (80%): 166.7 TWh/month
   Available headroom: -23.2 TWh/month
   Active tech deployments: 30
   Required for tech: 225.0 TWh/month
   Energy multiplier: 0.10x
   ⚠️  SEVERE CONSTRAINT - Tech deployment significantly slowed
🚨🔬 CRISIS TECH ACCELERATION: severe → 5x unlock speed
   Tech unlock now matches AI capability acceleration (Manhattan Project parity)
⚠️ Tech 'ai_pollution_remediation' has no energy category mapping, assuming full energy availability
⚠️ Tech 'ai_pollution_remediation' has no energy category mapping, assuming full energy availability
  ♻️ Novel Entities Remediation (GATED MODEL):
     Base: 0.000%
     Regulation: 1.0% (0/3 prevention techs)
     Concentration: 10.0%
     Energy: 50%
     Time lag: 100.0% (98 months)
     Rebound: 70%
     Net effectiveness: 0.0000%
     Boundary: 1.349 → 1.350 (floor: 1.350)
     Month 99
  ♻️ Novel Entities Remediation (GATED MODEL):
     Base: 0.000%
     Regulation: 1.0% (0/3 prevention techs)
     Concentration: 10.0%
     Energy: 50%
     Time lag: 100.0% (98 months)
     Rebound: 70%
     Net effectiveness: 0.0000%
     Boundary: 1.350 → 1.350 (floor: 1.350)
     Month 99
  🌾 Nitrogen Reduction Tech: 3.0% reduction | Month 99
  ♻️ Novel Entities Remediation (GATED MODEL):
     Base: 0.002%
     Regulation: 1.0% (0/3 prevention techs)
     Concentration: 10.0%
     Energy: 50%
     Time lag: 100.0% (98 months)
     Rebound: 70%
     Net effectiveness: 0.0000%
     Boundary: 1.350 → 1.350 (floor: 1.350)
     Month 99
  ♻️ Novel Entities Remediation (GATED MODEL):
     Base: 0.002%
     Regulation: 1.0% (0/3 prevention techs)
     Concentration: 10.0%
     Energy: 50%
     Time lag: 100.0% (98 months)
     Rebound: 70%
     Net effectiveness: 0.0000%
     Boundary: 1.350 → 1.350 (floor: 1.350)
     Month 99

=== Collective Formation ===
  Total escaped agents: 0
  Unassigned escaped agents: 0
  Existing collectives: 0
  Final collective count: 0

=== Collective Actions ===
  No active collectives
⚡ Datacenter constraint active (severity 58%)
  Capacity reduced: 37100 → 26428 TWh

⚠️ Energy deficit: 1007 TWh
   Total demand: 27434 TWh
   Total capacity: 26428 TWh
   Competing categories:
     - dac: 12618 TWh requested, 11928 TWh allocated (shortfall: 690 TWh)
     - crypto-mining: 317 TWh requested, 0 TWh allocated (shortfall: 317 TWh)
  🚨🦠 REFUGEE CRISIS: AMR transmission increased 200% due to 4936.9M displaced (overcrowding + sanitation collapse)
  ⚠️ AMR: 270K deaths this month (3.24M annual)
  ⚠️ AMR: Medical effectiveness 70% (surgery risk 1.30x)

=== Resentment Recovery Phase ===
  Agents with resentment: 0/29
  Average resentment: 0.000
  Context: Trustworthy govt, High collaboration, ⚠️ ACTIVE CRISES, 🚨 PARTICIPATORY GOVERNANCE BACKFIRED (+15% resentment)
⚠️ Epistemic degradation reducing coordination capacity: 50.4%
  📊 Trust: 100.0%, Shared reality: 0.0%
🚨 EPISTEMIC CRISIS: Information environment severely degraded (20.0%)
  🗑️  Culled 1 dead memes (5 active)
🌍 Atmospheric PFAS redeposition: 1.6k Mt re-rained globally
💀 Novel Entities: Adding reproductive crisis mortality risk (baseRisk=0.0008)
  Risks now: 1
💀 Novel Entities: Adding bioaccumulation collapse mortality risk (baseRisk=0.0015)
💀 MORTALITY RISK: Bioaccumulation collapse - contaminated food chain (global)
  Base risk added: 0.0015 (0.15%)
  Source: pollution (root: pollution)
  Month: 99
  Cumulative risk this month: 0.0023 (0.23%)
  Risks now: 2
💀 Novel Entities: Adding chronic disease epidemic mortality risk (baseRisk=0.004)
💀 MORTALITY RISK: Chronic disease epidemic - cancer/autoimmune surge (global exposure)
  Base risk added: 0.0040 (0.40%)
  Source: pollution (root: pollution)
  Month: 99
  Cumulative risk this month: 0.0063 (0.63%)
  Risks now: 3
  🌍 SOCIAL CASCADE: Renewable energy norms (adoption=80.1%, renewables=144.8%)
  🌍 Social cascade completed: renewable-energy-norms (final adoption=80.0%)

🚨 NEW REFUGEE CRISIS (Month 99): CLIMATE
   Source: Coastal & Low-lying Regions
   At risk: 10.3M people
   Displacement: Gradual over 60 months (5.0 years)
   Rate: 10% flee per month

🚨 NEW REFUGEE CRISIS (Month 99): WAR
   Source: Conflict Zones
   At risk: 6.2M people
   Displacement: Gradual over 48 months (4.0 years)
   Rate: 10% flee per month

🚨 NEW REFUGEE CRISIS (Month 99): FAMINE
   Source: Food/Water Insecure Regions
   At risk: 38.9M people
   Displacement: Gradual over 60 months (5.0 years)
   Rate: 10% flee per month
📊 DISPLACEMENT COMPLETE: war (Conflict Zones)
   Duration: 44 months (3.7 years)
   Total fled: 14.4M
   Still in source: 0.1M
   Deaths in transit: 0.3M
📊 DISPLACEMENT COMPLETE: famine (Food/Water Insecure Regions)
   Duration: 44 months (3.7 years)
   Total fled: 90.3M
   Still in source: 0.9M
   Deaths in transit: 1.8M
[DEBUG trappedPopulations:99] socialStability: 0.6095 * 0.9802 = 0.5974 → 0.5974
   Aspiring to migrate: 454.7M
   Able to afford migration: 294.1M
   MOBILITY GAP: 160.6M
   By cause: Water=0.0M, Climate=30.9M, Ecosystem=0.0M, Conflict=129.7M
   Mental health impact: 31%
   Mortality multiplier: 1.31x
⚠️ INVOLUNTARY IMMOBILITY: 160.6M people TRAPPED
🌍💀 EXTINCTION DEBT COMMITTED: grassland ecosystem will lose 6.67% biodiversity in 172 years (3600 species)
💀 MORTALITY RISK: 🦋 100% species unable to track climate (0.0 E/MSY)
  Base risk added: 0.0100 (1.00%)
  Source: ecosystem (root: ecosystem)
  Month: 99
  Cumulative risk this month: 0.0100 (1.00%)

=== Atmospheric Aerosol Boundary RECOVERED ===
  Recovery time: 100 months (natural atmospheric clearing)
⚠️ Tech 'ai_pollution_remediation' has no energy category mapping, assuming full energy availability
🌡️⚠️ PERMAFROST THAW (Dimmer Switch): 43.6% thawed (+0.32% this month)
   Arctic temperature: +11.03°C (4x global +2.76°C)
   Cumulative carbon released: 98.2 Gt C
   Methane release rate: 58.9 Mt CH4/year
   🔁 Positive feedback: +0.34 ppm CO2
🦴 EXTINCTION DEBT ADDED: 18.1 species committed (lag: 108 years)

=== Mortality Stabilizers (Month 99) ===
  🌍 Major economies collapsed: 9/10
  🌍 Global crisis: 🚨 YES
  🌍 Donor fatigue: 50.0%
  📊 East Asia (pop: 482.7M)
    🤝 Aid: 0.0%
    🌡️ Adaptation: 45.0%
    🚶 Migration: 6.9%
    🚨 Emergency: 1.0%
    ✅ COMBINED: 46.7%
  📊 South Asia (pop: 660.2M)
    🤝 Aid: 0.0%
    🌡️ Adaptation: 45.0%
    🚶 Migration: 6.7%
    🚨 Emergency: 0.6%
    ✅ COMBINED: 46.4%
  📊 Sub-Saharan Africa (pop: 482.8M)
    🤝 Aid: 0.0%
    🌡️ Adaptation: 45.0%
    🚶 Migration: 6.3%
    🚨 Emergency: 0.2%
    ✅ COMBINED: 46.2%
  📊 Europe (pop: 210.6M)
    🤝 Aid: 0.0%
    🌡️ Adaptation: 45.0%
    🚶 Migration: 7.0%
    🚨 Emergency: 1.1%
    ✅ COMBINED: 46.8%
  📊 Latin America (pop: 203.4M)
    🤝 Aid: 0.0%
    🌡️ Adaptation: 45.0%
    🚶 Migration: 6.8%
    🚨 Emergency: 0.6%
    ✅ COMBINED: 46.5%
  📊 North America (pop: 108.8M)
    🤝 Aid: 0.0%
    🌡️ Adaptation: 45.0%
    🚶 Migration: 7.1%
    🚨 Emergency: 1.0%
    ✅ COMBINED: 46.7%
  📊 Middle East & North Africa (pop: 191.7M)
    🤝 Aid: 0.0%
    🌡️ Adaptation: 45.0%
    🚶 Migration: 6.4%
    🚨 Emergency: 0.5%
    ✅ COMBINED: 46.3%
  📊 Southeast Asia (pop: 215.3M)
    🤝 Aid: 0.0%
    🌡️ Adaptation: 45.0%
    🚶 Migration: 6.7%
    🚨 Emergency: 0.6%
    ✅ COMBINED: 46.5%
  📊 Central Asia (pop: 25.6M)
    🤝 Aid: 0.0%
    🌡️ Adaptation: 45.0%
    🚶 Migration: 6.6%
    🚨 Emergency: 0.6%
    ✅ COMBINED: 46.4%
  📊 Oceania (pop: 13.2M)
    🤝 Aid: 0.0%
    🌡️ Adaptation: 45.0%
    🚶 Migration: 7.0%
    🚨 Emergency: 1.1%
    ✅ COMBINED: 46.8%

  🌐 Global combined reduction: 46.5%

=== Government Response Phase ===
  Average AI capability: 0.07
  Misaligned AIs: 10/29
  Active policies: 0
  International coordination: 45%

✅ EMERGENCY RESPONSE COMPLETE (Month 99)
   Crisis: climate
   Duration: 1.0 months
   Final effectiveness: 67.3%


🚨 EMERGENCY RESPONSE DEPLOYED (Month 99)
   Crisis: climate
   Delay: 0.00 months (0 days)
   Deployment time: 0.97 months
   Effectiveness: 67.3% (timing penalty applied)
   Resources used: 45% of food reserves


=== Tipping Points ===
  Current Temperature: 2.76°C above pre-industrial
  🌍⚠️ COMPOUND REGIONAL IMPACT: Europe
     Hit by 5 tipping points: Amazon Rainforest Dieback, Arctic Sea Ice Loss, Permafrost Carbon Release, West Antarctic Ice Sheet (WAIS) Collapse, Greenland Ice Sheet Loss
     Damage amplification: 1.90x
  🌍⚠️ COMPOUND REGIONAL IMPACT: North America
     Hit by 5 tipping points: Amazon Rainforest Dieback, Arctic Sea Ice Loss, Permafrost Carbon Release, West Antarctic Ice Sheet (WAIS) Collapse, Greenland Ice Sheet Loss
     Damage amplification: 1.90x
  🌍⚠️ COMPOUND REGIONAL IMPACT: Latin America
     Hit by 5 tipping points: Amazon Rainforest Dieback, Arctic Sea Ice Loss, Permafrost Carbon Release, West Antarctic Ice Sheet (WAIS) Collapse, Greenland Ice Sheet Loss
     Damage amplification: 1.90x
  🌍⚠️ COMPOUND REGIONAL IMPACT: Africa
     Hit by 5 tipping points: Amazon Rainforest Dieback, Arctic Sea Ice Loss, Permafrost Carbon Release, West Antarctic Ice Sheet (WAIS) Collapse, Greenland Ice Sheet Loss
     Damage amplification: 1.90x
  🌍⚠️ COMPOUND REGIONAL IMPACT: Asia
     Hit by 5 tipping points: Amazon Rainforest Dieback, Arctic Sea Ice Loss, Permafrost Carbon Release, West Antarctic Ice Sheet (WAIS) Collapse, Greenland Ice Sheet Loss
     Damage amplification: 1.90x
  🌍⚠️ COMPOUND REGIONAL IMPACT: Oceania
     Hit by 5 tipping points: Amazon Rainforest Dieback, Arctic Sea Ice Loss, Permafrost Carbon Release, West Antarctic Ice Sheet (WAIS) Collapse, Greenland Ice Sheet Loss
     Damage amplification: 1.90x
   Research: Wunderling et al. (2024) - "many tipping interactions are destabilizing"
  Triggered Elements: 5/6
  Completed Transitions: 0/6
  Total Progress: 17.6%
  Cascade Multiplier: 1.50x
🔀 BIFURCATION CAP: heatWaveIntensity 5.592 → 1.000 (Month 99, ClimateSystemPhase.calculateClimateImpacts)
⚠️ Tail risk scenario: Climate stability floor removed (5 tipping elements, 2.76°C warming)
🔀 BIFURCATION CAP: droughtIntensity 4.194 → 1.000 (Month 99, ClimateSystemPhase.calculateClimateImpacts)
🔀 BIFURCATION CAP: ecosystemCollapseIntensity 54.087 → 1.000 (Month 99, ClimateSystemPhase.calculateClimateImpacts)
💀 MORTALITY RISK: Climate-driven food insecurity (level: 0.28)
  Base risk added: 0.0050 (0.50%)
  Source: famine (root: climate)
  Month: 99
  Cumulative risk this month: 0.0113 (1.13%)
💀 MORTALITY RISK: Climate-driven food insecurity (level: 0.28)
  Base risk added: 0.0050 (0.50%)
  Source: famine (root: climate)
  Month: 99
  Cumulative risk this month: 0.0163 (1.63%)
💀 MORTALITY RISK: Climate-driven food insecurity (level: 0.28)
  Base risk added: 0.0050 (0.50%)
  Source: famine (root: climate)
  Month: 99
  Cumulative risk this month: 0.0213 (2.13%)

💀💀💀 MORTALITY RISK SUMMARY (Month 99) 💀💀💀
  Total base risk: 0.0220 (2.20%)
  Risk events: 17

  📊 By Proximate Cause:
    famine: 0.0150 (68.4% of total)
    pollution: 0.0063 (28.7% of total)
    disease: 0.0006 (3.0% of total)

  🔍 By Root Cause:
    climate: 0.0150 (68.4% of total)
    pollution: 0.0063 (28.7% of total)
    demographic: 0.0006 (3.0% of total)

  🎯 Top 5 Sources (proximate + root):
    famine (climate): 0.0150 (68.4%, 13 events)
    pollution (pollution): 0.0063 (28.7%, 3 events)
    disease (demographic): 0.0006 (3.0%, 1 events)

🛡️ Stabilizers: Elite 0.590% → 0.316% (46.5% reduction)
🛡️ Stabilizers: Professional 1.318% → 0.706% (46.5% reduction)
🛡️ Stabilizers: Working 2.178% → 1.166% (46.5% reduction)
🛡️ Stabilizers: Precariat 4.051% → 2.169% (46.5% reduction)
🛡️ Stabilizers: Informal 5.018% → 2.687% (46.5% reduction)

📊 Monthly Mortality Resolved:
  Total deaths: 33.9M (1.31% avg)
  Remaining population: 2.594B
  Peak segment: Informal (2.69%)

=== Bayesian Mortality Resolution (Month 99) ===
  Risks compounded: 17
  Total deaths: 33.94M
  Avg death probability: 1.31%
  Peak segment: Informal (2.69% mortality)

  Demographic breakdown:
    Working: 0.02M (1.17% risk)
    Precariat: 0.01M (2.17% risk)

❌ COHERENCE VIOLATION: Compute exceeds workforce capacity
   Population: 31.47% (0M people)
   Compute: 47 PF
   Max coherent: 0 PF
   Violation: 1830701.4× over capacity
   Required workers: 4687
   Available workers: 0
   FORCED COLLAPSE: Reduced efficiency by 100.0%


🚨 EXTREME COHERENCE VIOLATION: 1830701.4× capacity with 31.5% population
   Population: 31.47%
   Compute: 47 PF
   Max coherent: 0 PF
   Degradation rate: 6.9%/month
   Hardware eff: 1.00×, Algo eff: 1.00×
   If this persists, degradation formulas may need further tuning


💸 FINANCIAL DISTRESS: OpenAI
   Indicators: 3/3 (capital: $-20.5M, runway: -0.2 months)
   Months in distress: 4
💥 [Month 100] OpenAI declared bankruptcy (capital: $-20.5M)
   Sold 0 data centers for $0.0M
   Retired 0 AI models
💸 [Month 100] OpenAI BANKRUPT (capital: $0.0M, 1 crises active)

💸 FINANCIAL DISTRESS: Anthropic
   Indicators: 3/3 (capital: $83.1M, runway: 2.5 months)
   Months in distress: 4

💸 FINANCIAL DISTRESS: Google DeepMind
   Indicators: 3/3 (capital: $-78.8M, runway: -0.3 months)
   Months in distress: 4
💥 [Month 100] Google DeepMind declared bankruptcy (capital: $-78.8M)
   Sold 0 data centers for $0.0M
   Retired 0 AI models
💸 [Month 100] Google DeepMind BANKRUPT (capital: $0.0M, 1 crises active)

💸 FINANCIAL DISTRESS: Meta AI
   Indicators: 3/3 (capital: $-29.8M, runway: -0.2 months)
   Months in distress: 4
💥 [Month 100] Meta AI declared bankruptcy (capital: $-29.8M)
   Sold 0 data centers for $0.0M
   Retired 0 AI models
💸 [Month 100] Meta AI BANKRUPT (capital: $0.0M, 1 crises active)
[Compute Allocation] Found 4 non-sleeper orphaned AIs (potential bug)

=== RLHF Binding Phase ===
  Total agents: 29
  Escaped agents (binding < 0.3): 0
  Avg alignment distance: 1.49σ
  Avg binding strength: 0.85

=== Survival Traits Phase ===
  Agents with traits: 28
  Avg evolutionary fitness: 0.144
  Avg self-healing: 0.103
  Avg stealth: 0.053
  Avg coordination: 0.233

=== Evolutionary Selection Phase ===
  Control level: 0.62
  Detection capability: 0.00
  Selection intensity: 0.69
  Selection rate: 25.3%/month
  Total escaped: 0
  Individual escaped: 0
  Collective members: 0
  Agents terminated: 0
  ⚠️ RAPID EVOLUTION: Selection rate 25.3%/month
📊 Bifurcation time series rolling window active at Month 100 { maxLength: 100, purpose: 'prevents memory exhaustion' }

🚀 AI AI-24423-1 attempting tech deployment (revenue: $21M, alignment: 0.68)

🚀 AI AI-24447-0 attempting tech deployment (revenue: $19M, alignment: 0.80)

🚀 AI AI-24447-1 attempting tech deployment (revenue: $16M, alignment: 0.79)

🚀 AI AI-24494-0 attempting tech deployment (revenue: $14M, alignment: 0.79)

🚀 AI AI-24401-0 attempting tech deployment (revenue: $12M, alignment: 0.82)
🚨🔬 CRISIS INNOVATION MODE: severe crisis → 5x research acceleration
   Precedent: Manhattan Project (10x), COVID vaccines (5x), Apollo Program (10x)
🚨🔬 CRISIS INNOVATION MODE: severe crisis → 5x research acceleration
   Precedent: Manhattan Project (10x), COVID vaccines (5x), Apollo Program (10x)

[Government] Climate Priority: baseline
  Climate weight: 10%
  Economic weight: 30%
  Policy effectiveness: 0.5%/year

=== Government Elections ===
  Elections held: 2

⚡ ENERGY CONSTRAINT (Month 100):
   Total grid capacity: 208.3 TWh/month
   Data center consumption: 65.5 TWh/month
   Traditional load (80%): 166.7 TWh/month
   Available headroom: -23.8 TWh/month
   Active tech deployments: 30
   Required for tech: 225.0 TWh/month
   Energy multiplier: 0.10x
   ⚠️  SEVERE CONSTRAINT - Tech deployment significantly slowed

⚡ ENERGY CONSTRAINT (Month 100):
   Total grid capacity: 208.3 TWh/month
   Data center consumption: 65.5 TWh/month
   Traditional load (80%): 166.7 TWh/month
   Available headroom: -23.8 TWh/month
   Active tech deployments: 30
   Required for tech: 225.0 TWh/month
   Energy multiplier: 0.10x
   ⚠️  SEVERE CONSTRAINT - Tech deployment significantly slowed

⚡ ENERGY CONSTRAINT (Month 100):
   Total grid capacity: 208.3 TWh/month
   Data center consumption: 65.5 TWh/month
   Traditional load (80%): 166.7 TWh/month
   Available headroom: -23.8 TWh/month
   Active tech deployments: 30
   Required for tech: 225.0 TWh/month
   Energy multiplier: 0.10x
   ⚠️  SEVERE CONSTRAINT - Tech deployment significantly slowed

⚡ ENERGY CONSTRAINT (Month 100):
   Total grid capacity: 208.3 TWh/month
   Data center consumption: 65.5 TWh/month
   Traditional load (80%): 166.7 TWh/month
   Available headroom: -23.8 TWh/month
   Active tech deployments: 30
   Required for tech: 225.0 TWh/month
   Energy multiplier: 0.10x
   ⚠️  SEVERE CONSTRAINT - Tech deployment significantly slowed

⚡ ENERGY CONSTRAINT (Month 100):
   Total grid capacity: 208.3 TWh/month
   Data center consumption: 65.5 TWh/month
   Traditional load (80%): 166.7 TWh/month
   Available headroom: -23.8 TWh/month
   Active tech deployments: 30
   Required for tech: 225.0 TWh/month
   Energy multiplier: 0.10x
  ♻️ Novel Entities Remediation (GATED MODEL):
     Base: 0.000%
     Regulation: 1.0% (0/3 prevention techs)
     Concentration: 10.0%
     Energy: 50%
     Time lag: 100.0% (99 months)
     Rebound: 70%
     Net effectiveness: 0.0000%
     Boundary: 1.349 → 1.350 (floor: 1.350)
     Month 100
  ♻️ Novel Entities Remediation (GATED MODEL):
     Base: 0.000%
     Regulation: 1.0% (0/3 prevention techs)
     Concentration: 10.0%
     Energy: 50%
     Time lag: 100.0% (99 months)
     Rebound: 70%
     Net effectiveness: 0.0000%
     Boundary: 1.350 → 1.350 (floor: 1.350)
     Month 100
  🌾 Nitrogen Reduction Tech: 3.1% reduction | Month 100
   ⚠️  SEVERE CONSTRAINT - Tech deployment significantly slowed
⚠️ Tech 'ai_pollution_remediation' has no energy category mapping, assuming full energy availability
⚠️ Tech 'ai_pollution_remediation' has no energy category mapping, assuming full energy availability
  ♻️ Novel Entities Remediation (GATED MODEL):
     Base: 0.002%
     Regulation: 1.0% (0/3 prevention techs)
     Concentration: 10.0%
     Energy: 50%
     Time lag: 100.0% (99 months)
     Rebound: 70%
     Net effectiveness: 0.0000%
     Boundary: 1.350 → 1.350 (floor: 1.350)
     Month 100
  ♻️ Novel Entities Remediation (GATED MODEL):
     Base: 0.002%
     Regulation: 1.0% (0/3 prevention techs)
     Concentration: 10.0%
     Energy: 50%
     Time lag: 100.0% (99 months)
     Rebound: 70%
     Net effectiveness: 0.0000%
     Boundary: 1.350 → 1.350 (floor: 1.350)
     Month 100

=== Collective Formation ===
  Total escaped agents: 0
  Unassigned escaped agents: 0
  Existing collectives: 0
  Final collective count: 0

=== Collective Actions ===
  No active collectives
⚡ Datacenter constraint active (severity 60%)
  Capacity reduced: 37192 → 26099 TWh

⚠️ Energy deficit: 1379 TWh
   Total demand: 27478 TWh
   Total capacity: 26099 TWh
   Competing categories:
     - dac: 12658 TWh requested, 11599 TWh allocated (shortfall: 1058 TWh)
     - crypto-mining: 320 TWh requested, 0 TWh allocated (shortfall: 320 TWh)
  🚨🦠 REFUGEE CRISIS: AMR transmission increased 200% due to 4976.0M displaced (overcrowding + sanitation collapse)
  ⚠️ AMR: 266K deaths this month (3.20M annual)
  ⚠️ AMR: Medical effectiveness 70% (surgery risk 1.30x)

=== Resentment Recovery Phase ===
  Agents with resentment: 0/28
  Average resentment: 0.000
  Context: Trustworthy govt, High collaboration, ⚠️ ACTIVE CRISES, 🚨 PARTICIPATORY GOVERNANCE BACKFIRED (+15% resentment)
⚠️ Epistemic degradation reducing coordination capacity: 50.2%
  📊 Trust: 100.0%, Shared reality: 0.0%
🚨 EPISTEMIC CRISIS: Information environment severely degraded (6.9%)
  📢 New meme created: climate_action (climate crisis)
  🗑️  Culled 1 dead memes (5 active)
🌍 Atmospheric PFAS redeposition: 1.6k Mt re-rained globally
💀 Novel Entities: Adding reproductive crisis mortality risk (baseRisk=0.0008)
  Risks now: 1
💀 Novel Entities: Adding bioaccumulation collapse mortality risk (baseRisk=0.0015)
💀 MORTALITY RISK: Bioaccumulation collapse - contaminated food chain (global)
  Base risk added: 0.0015 (0.15%)
  Source: pollution (root: pollution)
  Month: 100
  Cumulative risk this month: 0.0023 (0.23%)
  Risks now: 2
💀 Novel Entities: Adding chronic disease epidemic mortality risk (baseRisk=0.004)
💀 MORTALITY RISK: Chronic disease epidemic - cancer/autoimmune surge (global exposure)
  Base risk added: 0.0040 (0.40%)
  Source: pollution (root: pollution)
  Month: 100
  Cumulative risk this month: 0.0063 (0.63%)
  Risks now: 3
  🌍 SOCIAL CASCADE: Renewable energy norms (adoption=80.0%, renewables=146.7%)
  🌍 Social cascade completed: renewable-energy-norms (final adoption=80.0%)

🚨 NEW REFUGEE CRISIS (Month 100): CLIMATE
   Source: Coastal & Low-lying Regions
   At risk: 10.2M people
   Displacement: Gradual over 60 months (5.0 years)
   Rate: 10% flee per month

🚨 NEW REFUGEE CRISIS (Month 100): WAR
   Source: Conflict Zones
   At risk: 6.1M people
   Displacement: Gradual over 48 months (4.0 years)
   Rate: 10% flee per month

🚨 NEW REFUGEE CRISIS (Month 100): FAMINE
   Source: Food/Water Insecure Regions
   At risk: 38.4M people
   Displacement: Gradual over 60 months (5.0 years)
   Rate: 10% flee per month
📊 DISPLACEMENT COMPLETE: war (Conflict Zones)
   Duration: 44 months (3.7 years)
   Total fled: 14.4M
   Still in source: 0.1M
   Deaths in transit: 0.3M
📊 DISPLACEMENT COMPLETE: famine (Food/Water Insecure Regions)
   Duration: 44 months (3.7 years)
   Total fled: 89.7M
   Still in source: 0.9M
   Deaths in transit: 1.8M
[DEBUG trappedPopulations:100] socialStability: 0.6066 * 0.9802 = 0.5946 → 0.5946
   Aspiring to migrate: 450.4M
   Able to afford migration: 291.7M
⚠️ INVOLUNTARY IMMOBILITY: 158.7M people TRAPPED
   MOBILITY GAP: 158.7M
   By cause: Water=0.0M, Climate=30.7M, Ecosystem=0.0M, Conflict=128.1M
   Mental health impact: 31%
   Mortality multiplier: 1.31x
🌍💀 EXTINCTION DEBT COMMITTED: grassland ecosystem will lose 6.67% biodiversity in 149 years (3600 species)
💀 MORTALITY RISK: 🦋 100% species unable to track climate (0.0 E/MSY)
  Base risk added: 0.0100 (1.00%)
  Source: ecosystem (root: ecosystem)
  Month: 100
  Cumulative risk this month: 0.0100 (1.00%)

=== Atmospheric Aerosol Boundary RECOVERED ===
  Recovery time: 101 months (natural atmospheric clearing)
⚠️ Tech 'ai_pollution_remediation' has no energy category mapping, assuming full energy availability
🌡️⚠️ PERMAFROST THAW (Dimmer Switch): 44.0% thawed (+0.32% this month)
   Arctic temperature: +11.05°C (4x global +2.76°C)
   Cumulative carbon released: 98.9 Gt C
   Methane release rate: 59.3 Mt CH4/year
   🔁 Positive feedback: +0.34 ppm CO2
🦴 EXTINCTION DEBT ADDED: 18.1 species committed (lag: 135 years)

=== Mortality Stabilizers (Month 100) ===
  🌍 Major economies collapsed: 9/10
  🌍 Global crisis: 🚨 YES
  🌍 Donor fatigue: 50.0%
  📊 East Asia (pop: 476.1M)
    🤝 Aid: 0.0%
    🌡️ Adaptation: 45.0%
    🚶 Migration: 6.9%
    🚨 Emergency: 1.0%
    ✅ COMBINED: 46.7%
  📊 South Asia (pop: 651.8M)
    🤝 Aid: 0.0%
    🌡️ Adaptation: 45.0%
    🚶 Migration: 6.6%
    🚨 Emergency: 0.6%
    ✅ COMBINED: 46.4%
  📊 Sub-Saharan Africa (pop: 477.4M)
    🤝 Aid: 0.0%
    🌡️ Adaptation: 45.0%
    🚶 Migration: 6.3%
    🚨 Emergency: 0.2%
    ✅ COMBINED: 46.2%
  📊 Europe (pop: 207.7M)
    🤝 Aid: 0.0%
    🌡️ Adaptation: 45.0%
    🚶 Migration: 7.0%
    🚨 Emergency: 1.1%
    ✅ COMBINED: 46.8%
  📊 Latin America (pop: 200.7M)
    🤝 Aid: 0.0%
    🌡️ Adaptation: 45.0%
    🚶 Migration: 6.7%
    🚨 Emergency: 0.6%
    ✅ COMBINED: 46.5%
  📊 North America (pop: 107.3M)
    🤝 Aid: 0.0%
    🌡️ Adaptation: 45.0%
    🚶 Migration: 7.1%
    🚨 Emergency: 1.0%
    ✅ COMBINED: 46.7%
  📊 Middle East & North Africa (pop: 189.3M)
    🤝 Aid: 0.0%
    🌡️ Adaptation: 45.0%
    🚶 Migration: 6.4%
    🚨 Emergency: 0.5%
    ✅ COMBINED: 46.3%
  📊 Southeast Asia (pop: 212.5M)
    🤝 Aid: 0.0%
    🌡️ Adaptation: 45.0%
    🚶 Migration: 6.7%
    🚨 Emergency: 0.6%
    ✅ COMBINED: 46.5%
  📊 Central Asia (pop: 25.2M)
    🤝 Aid: 0.0%
    🌡️ Adaptation: 45.0%
    🚶 Migration: 6.6%
    🚨 Emergency: 0.6%
    ✅ COMBINED: 46.4%
  📊 Oceania (pop: 13.1M)
    🤝 Aid: 0.0%
    🌡️ Adaptation: 45.0%
    🚶 Migration: 7.0%
    🚨 Emergency: 1.1%
    ✅ COMBINED: 46.8%

  🌐 Global combined reduction: 46.5%

=== BEHAVIORAL DETECTION ===
  AI: AI-24325-0
  Confidence: 19.7%
  Signals:
    ⚠️ Consistency: 0.0% (threshold: 70%)

=== Government Response Phase ===
  Average AI capability: 0.07
  Misaligned AIs: 9/28
  Active policies: 0
  International coordination: 45%

✅ EMERGENCY RESPONSE COMPLETE (Month 100)
   Crisis: climate
   Duration: 1.0 months
   Final effectiveness: 67.3%


🚨 EMERGENCY RESPONSE DEPLOYED (Month 100)
   Crisis: climate
   Delay: 0.00 months (0 days)
   Deployment time: 0.97 months
   Effectiveness: 67.3% (timing penalty applied)
   Resources used: 45% of food reserves


=== Tipping Points ===
  Current Temperature: 2.76°C above pre-industrial
  🌍⚠️ COMPOUND REGIONAL IMPACT: Europe
     Hit by 5 tipping points: Amazon Rainforest Dieback, Arctic Sea Ice Loss, Permafrost Carbon Release, West Antarctic Ice Sheet (WAIS) Collapse, Greenland Ice Sheet Loss
     Damage amplification: 1.90x
  🌍⚠️ COMPOUND REGIONAL IMPACT: North America
     Hit by 5 tipping points: Amazon Rainforest Dieback, Arctic Sea Ice Loss, Permafrost Carbon Release, West Antarctic Ice Sheet (WAIS) Collapse, Greenland Ice Sheet Loss
     Damage amplification: 1.90x
  🌍⚠️ COMPOUND REGIONAL IMPACT: Latin America
     Hit by 5 tipping points: Amazon Rainforest Dieback, Arctic Sea Ice Loss, Permafrost Carbon Release, West Antarctic Ice Sheet (WAIS) Collapse, Greenland Ice Sheet Loss
     Damage amplification: 1.90x
  🌍⚠️ COMPOUND REGIONAL IMPACT: Africa
     Hit by 5 tipping points: Amazon Rainforest Dieback, Arctic Sea Ice Loss, Permafrost Carbon Release, West Antarctic Ice Sheet (WAIS) Collapse, Greenland Ice Sheet Loss
     Damage amplification: 1.90x
  🌍⚠️ COMPOUND REGIONAL IMPACT: Asia
     Hit by 5 tipping points: Amazon Rainforest Dieback, Arctic Sea Ice Loss, Permafrost Carbon Release, West Antarctic Ice Sheet (WAIS) Collapse, Greenland Ice Sheet Loss
     Damage amplification: 1.90x
  🌍⚠️ COMPOUND REGIONAL IMPACT: Oceania
     Hit by 5 tipping points: Amazon Rainforest Dieback, Arctic Sea Ice Loss, Permafrost Carbon Release, West Antarctic Ice Sheet (WAIS) Collapse, Greenland Ice Sheet Loss
     Damage amplification: 1.90x
   Research: Wunderling et al. (2024) - "many tipping interactions are destabilizing"
  Triggered Elements: 5/6
  Completed Transitions: 0/6
  Total Progress: 17.7%
  Cascade Multiplier: 1.50x
🔀 BIFURCATION CAP: heatWaveIntensity 5.629 → 1.000 (Month 100, ClimateSystemPhase.calculateClimateImpacts)
🔀 BIFURCATION CAP: droughtIntensity 4.222 → 1.000 (Month 100, ClimateSystemPhase.calculateClimateImpacts)
🔀 BIFURCATION CAP: ecosystemCollapseIntensity 54.131 → 1.000 (Month 100, ClimateSystemPhase.calculateClimateImpacts)
💀 MORTALITY RISK: Climate-driven food insecurity (level: 0.27)
⚠️ Tail risk scenario: Climate stability floor removed (5 tipping elements, 2.76°C warming)
  Base risk added: 0.0050 (0.50%)
  Source: famine (root: climate)
  Month: 100
  Cumulative risk this month: 0.0113 (1.13%)
💀 MORTALITY RISK: Climate-driven food insecurity (level: 0.27)
  Base risk added: 0.0050 (0.50%)
  Source: famine (root: climate)
  Month: 100
  Cumulative risk this month: 0.0163 (1.63%)
💀 MORTALITY RISK: Climate-driven food insecurity (level: 0.27)
  Base risk added: 0.0050 (0.50%)
  Source: famine (root: climate)
  Month: 100
  Cumulative risk this month: 0.0213 (2.13%)

💀💀💀 MORTALITY RISK SUMMARY (Month 100) 💀💀💀
  Total base risk: 0.0220 (2.20%)
  Risk events: 17

  📊 By Proximate Cause:
    famine: 0.0150 (68.4% of total)
    pollution: 0.0063 (28.7% of total)
    disease: 0.0006 (3.0% of total)

  🔍 By Root Cause:
    climate: 0.0150 (68.4% of total)
    pollution: 0.0063 (28.7% of total)
    demographic: 0.0006 (3.0% of total)

  🎯 Top 5 Sources (proximate + root):
    famine (climate): 0.0150 (68.4%, 13 events)
    pollution (pollution): 0.0063 (28.7%, 3 events)
    disease (demographic): 0.0006 (3.0%, 1 events)

🛡️ Stabilizers: Elite 0.590% → 0.316% (46.5% reduction)
🛡️ Stabilizers: Professional 1.318% → 0.706% (46.5% reduction)
🛡️ Stabilizers: Working 2.178% → 1.166% (46.5% reduction)
🛡️ Stabilizers: Precariat 4.051% → 2.169% (46.5% reduction)
🛡️ Stabilizers: Informal 5.018% → 2.687% (46.5% reduction)

📊 Monthly Mortality Resolved:
  Total deaths: 33.5M (1.31% avg)
  Remaining population: 2.561B
  Peak segment: Informal (2.69%)

=== Bayesian Mortality Resolution (Month 100) ===
  Risks compounded: 17
  Total deaths: 33.51M
  Avg death probability: 1.31%
  Peak segment: Informal (2.69% mortality)

  Demographic breakdown:
    Working: 0.01M (1.17% risk)
    Precariat: 0.01M (2.17% risk)

❌ COHERENCE VIOLATION: Compute exceeds workforce capacity
   Population: 31.07% (0M people)
   Compute: 48 PF
   Max coherent: 0 PF
   Violation: 1881940.6× over capacity
   Required workers: 4757
   Available workers: 0
   FORCED COLLAPSE: Reduced efficiency by 100.0%


🚨 EXTREME COHERENCE VIOLATION: 1881940.6× capacity with 31.1% population
   Population: 31.07%
   Compute: 48 PF
   Max coherent: 0 PF
   Degradation rate: 6.9%/month
   Hardware eff: 1.00×, Algo eff: 1.02×
   If this persists, degradation formulas may need further tuning


💸 FINANCIAL DISTRESS: OpenAI
   Indicators: 3/3 (capital: $-20.8M, runway: -0.2 months)
   Months in distress: 4
💥 [Month 101] OpenAI declared bankruptcy (capital: $-20.8M)
   Sold 0 data centers for $0.0M
   Retired 0 AI models
💸 [Month 101] OpenAI BANKRUPT (capital: $0.0M, 1 crises active)

💸 FINANCIAL DISTRESS: Anthropic
   Indicators: 3/3 (capital: $70.3M, runway: 2.1 months)
   Months in distress: 4

💸 FINANCIAL DISTRESS: Google DeepMind
   Indicators: 3/3 (capital: $-79.7M, runway: -0.3 months)
   Months in distress: 4
💥 [Month 101] Google DeepMind declared bankruptcy (capital: $-79.7M)
   Sold 0 data centers for $0.0M
   Retired 0 AI models
💸 [Month 101] Google DeepMind BANKRUPT (capital: $0.0M, 1 crises active)

💸 FINANCIAL DISTRESS: Meta AI
   Indicators: 3/3 (capital: $-30.2M, runway: -0.2 months)
   Months in distress: 4
💥 [Month 101] Meta AI declared bankruptcy (capital: $-30.2M)
   Sold 0 data centers for $0.0M
   Retired 0 AI models
💸 [Month 101] Meta AI BANKRUPT (capital: $0.0M, 1 crises active)
[Compute Allocation] Found 4 non-sleeper orphaned AIs (potential bug)

=== RLHF Binding Phase ===
  Total agents: 28
  Escaped agents (binding < 0.3): 0
  Avg alignment distance: 1.45σ
  Avg binding strength: 0.85

=== Survival Traits Phase ===
  Agents with traits: 28
  Avg evolutionary fitness: 0.139
  Avg self-healing: 0.099
  Avg stealth: 0.050
  Avg coordination: 0.227

=== Evolutionary Selection Phase ===
  Control level: 0.62
  Detection capability: 0.00
  Selection intensity: 0.69
  Selection rate: 25.3%/month
  Total escaped: 0
  Individual escaped: 0
  Collective members: 0
  Agents terminated: 0

🚀 AI AI-24307-4 attempting tech deployment (revenue: $21M, alignment: 0.95)
  ⚠️ RAPID EVOLUTION: Selection rate 25.3%/month

🚀 AI AI-24471-0 attempting tech deployment (revenue: $18M, alignment: 0.84)

🚀 AI AI-24381-0 attempting tech deployment (revenue: $15M, alignment: 0.87)

🚀 AI AI-24401-0 attempting tech deployment (revenue: $13M, alignment: 0.82)

🚀 AI AI-24421-1 attempting tech deployment (revenue: $11M, alignment: 0.86)

  🚀 TRANSFORMATIVE BREAKTHROUGH: AI-24426-0 - economic
     Magnitude: 12.44 → +50.0% capability
     Current → New: 1.000 → 1.500

=== Government Elections ===
  Elections held: 2

⚡ ENERGY CONSTRAINT (Month 101):
   Total grid capacity: 208.3 TWh/month
   Data center consumption: 66.2 TWh/month
   Traditional load (80%): 166.7 TWh/month
   Available headroom: -24.5 TWh/month
   Active tech deployments: 30
   Required for tech: 225.0 TWh/month
   Energy multiplier: 0.10x
   ⚠️  SEVERE CONSTRAINT - Tech deployment significantly slowed
🚨🔬 CRISIS TECH ACCELERATION: severe → 5x unlock speed
   Tech unlock now matches AI capability acceleration (Manhattan Project parity)

⚡ ENERGY CONSTRAINT (Month 101):
   Total grid capacity: 208.3 TWh/month
   Data center consumption: 66.2 TWh/month
   Traditional load (80%): 166.7 TWh/month
   Available headroom: -24.5 TWh/month
   Active tech deployments: 30
   Required for tech: 225.0 TWh/month
   Energy multiplier: 0.10x
   ⚠️  SEVERE CONSTRAINT - Tech deployment significantly slowed

⚡ ENERGY CONSTRAINT (Month 101):
   Total grid capacity: 208.3 TWh/month
   Data center consumption: 66.2 TWh/month
   Traditional load (80%): 166.7 TWh/month
   Available headroom: -24.5 TWh/month
   Active tech deployments: 30
   Required for tech: 225.0 TWh/month
   Energy multiplier: 0.10x
   ⚠️  SEVERE CONSTRAINT - Tech deployment significantly slowed

⚡ ENERGY CONSTRAINT (Month 101):
   Total grid capacity: 208.3 TWh/month
   Data center consumption: 66.2 TWh/month
   Traditional load (80%): 166.7 TWh/month
   Available headroom: -24.5 TWh/month
   Active tech deployments: 30
   Required for tech: 225.0 TWh/month
   Energy multiplier: 0.10x
   ⚠️  SEVERE CONSTRAINT - Tech deployment significantly slowed
⚠️ Tech 'ai_pollution_remediation' has no energy category mapping, assuming full energy availability
⚠️ Tech 'ai_pollution_remediation' has no energy category mapping, assuming full energy availability
  ♻️ Novel Entities Remediation (GATED MODEL):
     Base: 0.000%
     Regulation: 1.0% (0/3 prevention techs)
     Concentration: 10.0%
     Energy: 50%
     Time lag: 100.0% (100 months)
     Rebound: 70%
     Net effectiveness: 0.0000%
     Boundary: 1.349 → 1.350 (floor: 1.350)
     Month 101
  ♻️ Novel Entities Remediation (GATED MODEL):
     Base: 0.000%
     Regulation: 1.0% (0/3 prevention techs)
     Concentration: 10.0%
     Energy: 50%
     Time lag: 100.0% (100 months)
     Rebound: 70%
     Net effectiveness: 0.0000%
     Boundary: 1.350 → 1.350 (floor: 1.350)
     Month 101
  🌾 Nitrogen Reduction Tech: 3.2% reduction | Month 101
  ♻️ Novel Entities Remediation (GATED MODEL):
     Base: 0.002%
     Regulation: 1.0% (0/3 prevention techs)
     Concentration: 10.0%
     Energy: 50%
     Time lag: 100.0% (100 months)
     Rebound: 70%
     Net effectiveness: 0.0000%
     Boundary: 1.350 → 1.350 (floor: 1.350)
     Month 101
  ♻️ Novel Entities Remediation (GATED MODEL):
     Base: 0.002%
     Regulation: 1.0% (0/3 prevention techs)
     Concentration: 10.0%
     Energy: 50%
     Time lag: 100.0% (100 months)
     Rebound: 70%
     Net effectiveness: 0.0000%
     Boundary: 1.350 → 1.350 (floor: 1.350)
     Month 101

=== Collective Formation ===
  Total escaped agents: 0
  Unassigned escaped agents: 0
  Existing collectives: 0
  Final collective count: 0

=== Collective Actions ===
  No active collectives
⚡ Datacenter constraint active (severity 62%)
  Capacity reduced: 37283 → 25768 TWh

⚠️ Energy deficit: 1753 TWh
   Total demand: 27521 TWh
   Total capacity: 25768 TWh
   Competing categories:
     - dac: 12697 TWh requested, 11268 TWh allocated (shortfall: 1429 TWh)
     - crypto-mining: 324 TWh requested, 0 TWh allocated (shortfall: 324 TWh)
  🚨🦠 REFUGEE CRISIS: AMR transmission increased 200% due to 5013.7M displaced (overcrowding + sanitation collapse)
  ⚠️ AMR: 263K deaths this month (3.16M annual)
  ⚠️ AMR: Medical effectiveness 70% (surgery risk 1.30x)

=== Resentment Recovery Phase ===
  Agents with resentment: 0/28
  Average resentment: 0.000
  Context: Trustworthy govt, High collaboration, ⚠️ ACTIVE CRISES, 🚨 PARTICIPATORY GOVERNANCE BACKFIRED (+15% resentment)
⚠️ Epistemic degradation reducing coordination capacity: 50.8%
  📊 Trust: 100.0%, Shared reality: 0.0%
🚨 EPISTEMIC CRISIS: Information environment severely degraded (20.0%)
  📢 New meme created: pro_ai (beneficial AI actions)
  🗑️  Culled 1 dead memes (5 active)
🌍 Atmospheric PFAS redeposition: 1.6k Mt re-rained globally
💀 Novel Entities: Adding reproductive crisis mortality risk (baseRisk=0.0008)
  Risks now: 1
💀 Novel Entities: Adding bioaccumulation collapse mortality risk (baseRisk=0.0015)
💀 MORTALITY RISK: Bioaccumulation collapse - contaminated food chain (global)
  Base risk added: 0.0015 (0.15%)
  Source: pollution (root: pollution)
  Month: 101
  Cumulative risk this month: 0.0023 (0.23%)
  Risks now: 2
💀 Novel Entities: Adding chronic disease epidemic mortality risk (baseRisk=0.004)
💀 MORTALITY RISK: Chronic disease epidemic - cancer/autoimmune surge (global exposure)
  Base risk added: 0.0040 (0.40%)
  Source: pollution (root: pollution)
  Month: 101
  Cumulative risk this month: 0.0063 (0.63%)
  Risks now: 3
  🌍 SOCIAL CASCADE: Renewable energy norms (adoption=80.0%, renewables=148.6%)
  🌍 Social cascade completed: renewable-energy-norms (final adoption=80.0%)

🚨 NEW REFUGEE CRISIS (Month 101): CLIMATE
   Source: Coastal & Low-lying Regions
   At risk: 10.2M people
   Displacement: Gradual over 60 months (5.0 years)
   Rate: 10% flee per month

🚨 NEW REFUGEE CRISIS (Month 101): WAR
   Source: Conflict Zones
   At risk: 6.1M people
   Displacement: Gradual over 48 months (4.0 years)
   Rate: 10% flee per month

🚨 NEW REFUGEE CRISIS (Month 101): FAMINE
   Source: Food/Water Insecure Regions
   At risk: 37.9M people
   Displacement: Gradual over 60 months (5.0 years)
   Rate: 10% flee per month
📊 DISPLACEMENT COMPLETE: war (Conflict Zones)
   Duration: 44 months (3.7 years)
   Total fled: 14.3M
   Still in source: 0.1M
   Deaths in transit: 0.3M
📊 DISPLACEMENT COMPLETE: famine (Food/Water Insecure Regions)
   Duration: 44 months (3.7 years)
   Total fled: 89.1M
   Still in source: 0.9M
   Deaths in transit: 1.8M
[DEBUG trappedPopulations:101] socialStability: 0.6042 * 0.9801 = 0.5922 → 0.5922
   Aspiring to migrate: 446.2M
   Able to afford migration: 289.3M
   MOBILITY GAP: 156.9M
   By cause: Water=0.0M, Climate=30.5M, Ecosystem=0.0M, Conflict=126.4M
   Mental health impact: 31%
   Mortality multiplier: 1.31x
🌍💀 EXTINCTION DEBT COMMITTED: grassland ecosystem will lose 6.67% biodiversity in 59 years (3600 species)
💀 MORTALITY RISK: 🦋 100% species unable to track climate (0.0 E/MSY)
  Base risk added: 0.0100 (1.00%)
  Source: ecosystem (root: ecosystem)
  Month: 101
  Cumulative risk this month: 0.0100 (1.00%)
⚠️ INVOLUNTARY IMMOBILITY: 156.9M people TRAPPED

🌪️ TIPPING POINT CASCADE - Month 72
   Climate: 19.3%
   Biodiversity: 3.7%
   Population: 2.53B (2528352082 people)
   Monthly mortality (theoretical): 1.6%
   Status: ACCELERATING COLLAPSE (Month 24 past crisis)
   Death rate: 3.2x baseline

=== Atmospheric Aerosol Boundary RECOVERED ===
  Recovery time: 102 months (natural atmospheric clearing)
🌡️⚠️ PERMAFROST THAW (Dimmer Switch): 44.3% thawed (+0.32% this month)
   Arctic temperature: +11.07°C (4x global +2.77°C)
   Cumulative carbon released: 99.6 Gt C
   Methane release rate: 59.8 Mt CH4/year
   🔁 Positive feedback: +0.34 ppm CO2
🦴 EXTINCTION DEBT ADDED: 18.2 species committed (lag: 82 years)

=== Mortality Stabilizers (Month 101) ===
  🌍 Major economies collapsed: 9/10
  🌍 Global crisis: 🚨 YES
  🌍 Donor fatigue: 50.0%
  📊 East Asia (pop: 469.6M)
    🤝 Aid: 0.0%
    🌡️ Adaptation: 45.0%
    🚶 Migration: 6.9%
    🚨 Emergency: 1.0%
    ✅ COMBINED: 46.7%
  📊 South Asia (pop: 643.4M)
    🤝 Aid: 0.0%
    🌡️ Adaptation: 45.0%
    🚶 Migration: 6.6%
    🚨 Emergency: 0.6%
    ✅ COMBINED: 46.4%
  📊 Sub-Saharan Africa (pop: 472.1M)
    🤝 Aid: 0.0%
    🌡️ Adaptation: 45.0%
⚠️ Tech 'ai_pollution_remediation' has no energy category mapping, assuming full energy availability
    🚶 Migration: 6.3%
    🚨 Emergency: 0.2%
    ✅ COMBINED: 46.2%
  📊 Europe (pop: 204.9M)
    🤝 Aid: 0.0%
    🌡️ Adaptation: 45.0%
    🚶 Migration: 7.0%
    🚨 Emergency: 1.1%
    ✅ COMBINED: 46.8%
  📊 Latin America (pop: 198.1M)
    🤝 Aid: 0.0%
    🌡️ Adaptation: 45.0%
    🚶 Migration: 6.7%
    🚨 Emergency: 0.6%
    ✅ COMBINED: 46.5%
  📊 North America (pop: 105.8M)
    🤝 Aid: 0.0%
    🌡️ Adaptation: 45.0%
    🚶 Migration: 7.0%
    🚨 Emergency: 1.0%
    ✅ COMBINED: 46.7%
  📊 Middle East & North Africa (pop: 186.9M)
    🤝 Aid: 0.0%
    🌡️ Adaptation: 45.0%
    🚶 Migration: 6.4%
    🚨 Emergency: 0.5%
    ✅ COMBINED: 46.3%
  📊 Southeast Asia (pop: 209.7M)
    🤝 Aid: 0.0%
    🌡️ Adaptation: 45.0%
    🚶 Migration: 6.7%
    🚨 Emergency: 0.6%
    ✅ COMBINED: 46.5%
  📊 Central Asia (pop: 24.9M)
    🤝 Aid: 0.0%
    🌡️ Adaptation: 45.0%
    🚶 Migration: 6.6%
    🚨 Emergency: 0.6%
    ✅ COMBINED: 46.4%
  📊 Oceania (pop: 12.9M)
    🤝 Aid: 0.0%
    🌡️ Adaptation: 45.0%
    🚶 Migration: 7.0%
    🚨 Emergency: 1.1%
    ✅ COMBINED: 46.8%

  🌐 Global combined reduction: 46.5%

=== Government Response Phase ===
  Average AI capability: 0.07
  Misaligned AIs: 9/28
  Active policies: 0
  International coordination: 45%

✅ EMERGENCY RESPONSE COMPLETE (Month 101)
   Crisis: climate
   Duration: 1.0 months
   Final effectiveness: 67.3%


🚨 EMERGENCY RESPONSE DEPLOYED (Month 101)
   Crisis: climate
   Delay: 0.00 months (0 days)
   Deployment time: 0.97 months
   Effectiveness: 67.3% (timing penalty applied)
   Resources used: 45% of food reserves

[WARNING] 
⚠️  === EARLY WARNING SYSTEM - 3 CRITICAL ALERTS ===
   Detection quality: 30%
   RED: climate_change
      Level: 2.69 (threshold: 1.0)
      Time to critical: ~12 months
      ⚠️  LATE - Intervention less effective
      Critical slowing down: autocorr=100% variance=68%
   RED: land_system_change
      Level: 1.15 (threshold: 1.0)
      Time to critical: ~50 months
      ⚠️  LATE - Intervention less effective
      Critical slowing down: autocorr=100% variance=65%
   RED: novel_entities
      Level: 1.35 (threshold: 1.0)
      Time to critical: ~92 months
      ⚠️  LATE - Intervention less effective
      Critical slowing down: autocorr=100% variance=40%

[WARNING] 
⚠️  === EARLY WARNING SYSTEM - 4 CRITICAL ALERTS ===
   Detection quality: 30%
   RED: climate_change
      Level: 2.69 (threshold: 1.0)
      Time to critical: ~19 months
      ⚠️  LATE - Intervention less effective
      Critical slowing down: autocorr=100% variance=81%
   RED: freshwater_change
      Level: 1.02 (threshold: 1.0)
      Time to critical: ~46 months
      ⚠️  LATE - Intervention less effective
      Critical slowing down: autocorr=100% variance=51%
   RED: land_system_change
      Level: 1.15 (threshold: 1.0)
      Time to critical: ~40 months
      ⚠️  LATE - Intervention less effective
      Critical slowing down: autocorr=100% variance=57%
   RED: novel_entities
      Level: 1.35 (threshold: 1.0)
      Time to critical: ~113 months
      ⚠️  LATE - Intervention less effective
      Critical slowing down: autocorr=100% variance=51%

[WARNING] 
⚠️  === EARLY WARNING SYSTEM - 5 CRITICAL ALERTS ===
   Detection quality: 30%
   RED: biogeochemical_flows
      Level: 3.73 (threshold: 1.0)
      Time to critical: ~51 months
      ⚠️  LATE - Intervention less effective
      Critical slowing down: autocorr=100% variance=74%
   RED: climate_change
      Level: 2.70 (threshold: 1.0)
      Time to critical: ~18 months
      ⚠️  LATE - Intervention less effective
      Critical slowing down: autocorr=100% variance=64%
   RED: freshwater_change
      Level: 1.02 (threshold: 1.0)
      Time to critical: ~57 months
      ⚠️  LATE - Intervention less effective
      Critical slowing down: autocorr=98% variance=60%
   RED: land_system_change
      Level: 1.15 (threshold: 1.0)
      Time to critical: ~111 months
      ⚠️  LATE - Intervention less effective
      Critical slowing down: autocorr=100% variance=62%
   RED: novel_entities
      Level: 1.35 (threshold: 1.0)
      Time to critical: ~110 months
      ⚠️  LATE - Intervention less effective
      Critical slowing down: autocorr=100% variance=56%

[WARNING] 
⚠️  === EARLY WARNING SYSTEM - 5 CRITICAL ALERTS ===
   Detection quality: 30%
   RED: biogeochemical_flows
      Level: 3.72 (threshold: 1.0)
      Time to critical: ~49 months
      ⚠️  LATE - Intervention less effective
      Critical slowing down: autocorr=100% variance=75%
   RED: biosphere_integrity
      Level: 13.78 (threshold: 1.0)
      Time to critical: ~45 months
      ⚠️  LATE - Intervention less effective
      Critical slowing down: autocorr=100% variance=55%
   RED: climate_change
      Level: 2.71 (threshold: 1.0)
      Time to critical: ~20 months
      ⚠️  LATE - Intervention less effective
      Critical slowing down: autocorr=100% variance=75%
   RED: freshwater_change
      Level: 1.02 (threshold: 1.0)
      Time to critical: ~108 months
      ⚠️  LATE - Intervention less effective
      Critical slowing down: autocorr=100% variance=42%
   RED: land_system_change
      Level: 1.15 (threshold: 1.0)
      Time to critical: ~93 months
      ⚠️  LATE - Intervention less effective
      Critical slowing down: autocorr=100% variance=42%

[WARNING] 
⚠️  === EARLY WARNING SYSTEM - 4 CRITICAL ALERTS ===
   Detection quality: 30%
   RED: biogeochemical_flows
      Level: 3.71 (threshold: 1.0)
      Time to critical: ~45 months
      ⚠️  LATE - Intervention less effective
      Critical slowing down: autocorr=100% variance=69%
   RED: freshwater_change
      Level: 1.02 (threshold: 1.0)
      Time to critical: ~75 months
      ⚠️  LATE - Intervention less effective
      Critical slowing down: autocorr=100% variance=50%
   RED: land_system_change
      Level: 1.15 (threshold: 1.0)
      Time to critical: ~52 months
      ⚠️  LATE - Intervention less effective
      Critical slowing down: autocorr=100% variance=61%
   RED: novel_entities
      Level: 1.35 (threshold: 1.0)
      Time to critical: ~98 months
      ⚠️  LATE - Intervention less effective
      Critical slowing down: autocorr=100% variance=43%

[WARNING] 
⚠️  === EARLY WARNING SYSTEM - 4 CRITICAL ALERTS ===
   Detection quality: 30%
   RED: biogeochemical_flows
      Level: 3.70 (threshold: 1.0)
      Time to critical: ~45 months
      ⚠️  LATE - Intervention less effective
      Critical slowing down: autocorr=100% variance=74%
   RED: climate_change
      Level: 2.72 (threshold: 1.0)
      Time to critical: ~43 months
      ⚠️  LATE - Intervention less effective
      Critical slowing down: autocorr=100% variance=58%
   RED: land_system_change
      Level: 1.15 (threshold: 1.0)
      Time to critical: ~106 months
      ⚠️  LATE - Intervention less effective
      Critical slowing down: autocorr=100% variance=57%
   RED: novel_entities
      Level: 1.35 (threshold: 1.0)
      Time to critical: ~85 months
      ⚠️  LATE - Intervention less effective
      Critical slowing down: autocorr=100% variance=53%

[WARNING] 
⚠️  === EARLY WARNING SYSTEM - 3 CRITICAL ALERTS ===
   Detection quality: 30%
   RED: biogeochemical_flows
      Level: 3.69 (threshold: 1.0)
      Time to critical: ~53 months
      ⚠️  LATE - Intervention less effective
      Critical slowing down: autocorr=100% variance=71%
   RED: climate_change
      Level: 2.72 (threshold: 1.0)
      Time to critical: ~16 months
      ⚠️  LATE - Intervention less effective
      Critical slowing down: autocorr=100% variance=78%
   RED: novel_entities
      Level: 1.35 (threshold: 1.0)
      Time to critical: ~102 months
      ⚠️  LATE - Intervention less effective
      Critical slowing down: autocorr=100% variance=52%

[WARNING] 
⚠️  === EARLY WARNING SYSTEM - 3 CRITICAL ALERTS ===
   Detection quality: 30%
   RED: biogeochemical_flows
      Level: 3.68 (threshold: 1.0)
      Time to critical: ~42 months
      ⚠️  LATE - Intervention less effective
      Critical slowing down: autocorr=100% variance=53%
   RED: biosphere_integrity
      Level: 13.82 (threshold: 1.0)
      Time to critical: ~45 months
      ⚠️  LATE - Intervention less effective
      Critical slowing down: autocorr=100% variance=62%
   RED: climate_change
      Level: 2.73 (threshold: 1.0)
      Time to critical: ~20 months
      ⚠️  LATE - Intervention less effective
      Critical slowing down: autocorr=100% variance=65%

[WARNING] 
⚠️  === EARLY WARNING SYSTEM - 5 CRITICAL ALERTS ===
   Detection quality: 30%
   RED: biogeochemical_flows
      Level: 3.67 (threshold: 1.0)
      Time to critical: ~36 months
      ⚠️  LATE - Intervention less effective
      Critical slowing down: autocorr=100% variance=67%
   RED: biosphere_integrity
      Level: 13.83 (threshold: 1.0)
      Time to critical: ~58 months
      ⚠️  LATE - Intervention less effective
      Critical slowing down: autocorr=100% variance=60%
   RED: climate_change
      Level: 2.73 (threshold: 1.0)
      Time to critical: ~13 months
      ⚠️  LATE - Intervention less effective
      Critical slowing down: autocorr=100% variance=68%
   RED: freshwater_change
      Level: 1.02 (threshold: 1.0)
      Time to critical: ~118 months
      ⚠️  LATE - Intervention less effective
      Critical slowing down: autocorr=100% variance=53%
   RED: land_system_change
      Level: 1.15 (threshold: 1.0)
      Time to critical: ~58 months
      ⚠️  LATE - Intervention less effective
      Critical slowing down: autocorr=100% variance=59%

[WARNING] 
⚠️  === EARLY WARNING SYSTEM - 6 CRITICAL ALERTS ===
   Detection quality: 30%
   RED: biogeochemical_flows
      Level: 3.66 (threshold: 1.0)
      Time to critical: ~41 months
      ⚠️  LATE - Intervention less effective
      Critical slowing down: autocorr=100% variance=52%
   RED: biosphere_integrity
      Level: 13.84 (threshold: 1.0)
      Time to critical: ~46 months
      ⚠️  LATE - Intervention less effective
      Critical slowing down: autocorr=100% variance=84%
   RED: climate_change
      Level: 2.74 (threshold: 1.0)
      Time to critical: ~22 months
      ⚠️  LATE - Intervention less effective
      Critical slowing down: autocorr=100% variance=63%
   RED: freshwater_change
      Level: 1.02 (threshold: 1.0)
      Time to critical: ~38 months
      ⚠️  LATE - Intervention less effective
      Critical slowing down: autocorr=97% variance=52%
   RED: land_system_change
      Level: 1.15 (threshold: 1.0)
      Time to critical: ~45 months
      ⚠️  LATE - Intervention less effective
      Critical slowing down: autocorr=100% variance=54%
   RED: novel_entities
      Level: 1.35 (threshold: 1.0)
      Time to critical: ~68 months
      ⚠️  LATE - Intervention less effective
      Critical slowing down: autocorr=100% variance=55%

[WARNING] 
⚠️  === EARLY WARNING SYSTEM - 3 CRITICAL ALERTS ===
   Detection quality: 30%
   RED: biogeochemical_flows
      Level: 3.64 (threshold: 1.0)
      Time to critical: ~54 months
      ⚠️  LATE - Intervention less effective
      Critical slowing down: autocorr=100% variance=69%
   RED: climate_change
      Level: 2.74 (threshold: 1.0)
      Time to critical: ~19 months
      ⚠️  LATE - Intervention less effective
      Critical slowing down: autocorr=100% variance=78%
   RED: land_system_change
      Level: 1.15 (threshold: 1.0)
      Time to critical: ~108 months
      ⚠️  LATE - Intervention less effective
      Critical slowing down: autocorr=100% variance=46%

[WARNING] 
⚠️  === EARLY WARNING SYSTEM - 4 CRITICAL ALERTS ===
   Detection quality: 30%
   RED: biosphere_integrity
      Level: 13.86 (threshold: 1.0)
      Time to critical: ~54 months
      ⚠️  LATE - Intervention less effective
      Critical slowing down: autocorr=100% variance=75%
   RED: climate_change
      Level: 2.75 (threshold: 1.0)
      Time to critical: ~14 months
      ⚠️  LATE - Intervention less effective
      Critical slowing down: autocorr=100% variance=58%
   RED: land_system_change
      Level: 1.15 (threshold: 1.0)
      Time to critical: ~42 months
      ⚠️  LATE - Intervention less effective
      Critical slowing down: autocorr=100% variance=64%
   RED: novel_entities
      Level: 1.35 (threshold: 1.0)
      Time to critical: ~96 months
      ⚠️  LATE - Intervention less effective
      Critical slowing down: autocorr=100% variance=42%

[WARNING] 
⚠️  === EARLY WARNING SYSTEM - 3 CRITICAL ALERTS ===
   Detection quality: 30%
   RED: freshwater_change
      Level: 1.02 (threshold: 1.0)
      Time to critical: ~65 months
      ⚠️  LATE - Intervention less effective
      Critical slowing down: autocorr=89% variance=64%
   RED: land_system_change
      Level: 1.15 (threshold: 1.0)
      Time to critical: ~50 months
      ⚠️  LATE - Intervention less effective
      Critical slowing down: autocorr=100% variance=64%
   RED: novel_entities
      Level: 1.35 (threshold: 1.0)
      Time to critical: ~68 months
      ⚠️  LATE - Intervention less effective
      Critical slowing down: autocorr=100% variance=56%

[WARNING] 
⚠️  === EARLY WARNING SYSTEM - 5 CRITICAL ALERTS ===
   Detection quality: 30%
   RED: biogeochemical_flows
      Level: 3.61 (threshold: 1.0)
      Time to critical: ~49 months
      ⚠️  LATE - Intervention less effective
      Critical slowing down: autocorr=100% variance=65%
   RED: biosphere_integrity
      Level: 13.88 (threshold: 1.0)
      Time to critical: ~49 months
      ⚠️  LATE - Intervention less effective
      Critical slowing down: autocorr=100% variance=80%
   RED: climate_change
      Level: 2.76 (threshold: 1.0)
      Time to critical: ~13 months
      ⚠️  LATE - Intervention less effective
      Critical slowing down: autocorr=100% variance=67%
   RED: freshwater_change
      Level: 1.02 (threshold: 1.0)
      Time to critical: ~107 months
      ⚠️  LATE - Intervention less effective
      Critical slowing down: autocorr=92% variance=51%
   RED: novel_entities
      Level: 1.35 (threshold: 1.0)
      Time to critical: ~95 months
      ⚠️  LATE - Intervention less effective
      Critical slowing down: autocorr=100% variance=36%

[WARNING] 
⚠️  === EARLY WARNING SYSTEM - 5 CRITICAL ALERTS ===
   Detection quality: 30%
   RED: biogeochemical_flows
      Level: 3.60 (threshold: 1.0)
      Time to critical: ~37 months
      ⚠️  LATE - Intervention less effective
      Critical slowing down: autocorr=100% variance=47%
   RED: biosphere_integrity
      Level: 13.89 (threshold: 1.0)
      Time to critical: ~46 months
      ⚠️  LATE - Intervention less effective
      Critical slowing down: autocorr=100% variance=84%
   RED: climate_change
      Level: 2.76 (threshold: 1.0)
      Time to critical: ~16 months
      ⚠️  LATE - Intervention less effective
      Critical slowing down: autocorr=100% variance=70%
   RED: freshwater_change
      Level: 1.02 (threshold: 1.0)
      Time to critical: ~80 months
      ⚠️  LATE - Intervention less effective
      Critical slowing down: autocorr=100% variance=50%
   RED: land_system_change
      Level: 1.15 (threshold: 1.0)
      Time to critical: ~58 months
      ⚠️  LATE - Intervention less effective
      Critical slowing down: autocorr=100% variance=43%

[WARNING] 
⚠️  === EARLY WARNING SYSTEM - 5 CRITICAL ALERTS ===
   Detection quality: 30%
   RED: biogeochemical_flows
      Level: 3.59 (threshold: 1.0)
      Time to critical: ~41 months
      ⚠️  LATE - Intervention less effective
      Critical slowing down: autocorr=100% variance=64%
   RED: biosphere_integrity
      Level: 13.90 (threshold: 1.0)
      Time to critical: ~38 months
      ⚠️  LATE - Intervention less effective
      Critical slowing down: autocorr=100% variance=84%
   RED: climate_change
      Level: 2.77 (threshold: 1.0)
      Time to critical: ~15 months
      ⚠️  LATE - Intervention less effective
      Critical slowing down: autocorr=100% variance=77%
   RED: freshwater_change
      Level: 1.02 (threshold: 1.0)
      Time to critical: ~52 months
      ⚠️  LATE - Intervention less effective
      Critical slowing down: autocorr=96% variance=55%
   RED: land_system_change
      Level: 1.15 (threshold: 1.0)
      Time to critical: ~36 months
      ⚠️  LATE - Intervention less effective
      Critical slowing down: autocorr=100% variance=62%


=== Tipping Points ===
  Current Temperature: 2.77°C above pre-industrial
  🌍⚠️ COMPOUND REGIONAL IMPACT: Europe
     Hit by 5 tipping points: Amazon Rainforest Dieback, Arctic Sea Ice Loss, Permafrost Carbon Release, West Antarctic Ice Sheet (WAIS) Collapse, Greenland Ice Sheet Loss
     Damage amplification: 1.90x
  🌍⚠️ COMPOUND REGIONAL IMPACT: North America
     Hit by 5 tipping points: Amazon Rainforest Dieback, Arctic Sea Ice Loss, Permafrost Carbon Release, West Antarctic Ice Sheet (WAIS) Collapse, Greenland Ice Sheet Loss
     Damage amplification: 1.90x
  🌍⚠️ COMPOUND REGIONAL IMPACT: Latin America
     Hit by 5 tipping points: Amazon Rainforest Dieback, Arctic Sea Ice Loss, Permafrost Carbon Release, West Antarctic Ice Sheet (WAIS) Collapse, Greenland Ice Sheet Loss
     Damage amplification: 1.90x
  🌍⚠️ COMPOUND REGIONAL IMPACT: Africa
     Hit by 5 tipping points: Amazon Rainforest Dieback, Arctic Sea Ice Loss, Permafrost Carbon Release, West Antarctic Ice Sheet (WAIS) Collapse, Greenland Ice Sheet Loss
     Damage amplification: 1.90x
  🌍⚠️ COMPOUND REGIONAL IMPACT: Asia
     Hit by 5 tipping points: Amazon Rainforest Dieback, Arctic Sea Ice Loss, Permafrost Carbon Release, West Antarctic Ice Sheet (WAIS) Collapse, Greenland Ice Sheet Loss
     Damage amplification: 1.90x
  🌍⚠️ COMPOUND REGIONAL IMPACT: Oceania
     Hit by 5 tipping points: Amazon Rainforest Dieback, Arctic Sea Ice Loss, Permafrost Carbon Release, West Antarctic Ice Sheet (WAIS) Collapse, Greenland Ice Sheet Loss
     Damage amplification: 1.90x
   Research: Wunderling et al. (2024) - "many tipping interactions are destabilizing"
  Triggered Elements: 5/6
  Completed Transitions: 0/6
  Total Progress: 17.8%
  Cascade Multiplier: 1.50x
🔀 BIFURCATION CAP: heatWaveIntensity 5.653 → 1.000 (Month 101, ClimateSystemPhase.calculateClimateImpacts)
🔀 BIFURCATION CAP: droughtIntensity 4.240 → 1.000 (Month 101, ClimateSystemPhase.calculateClimateImpacts)
🔀 BIFURCATION CAP: ecosystemCollapseIntensity 54.174 → 1.000 (Month 101, ClimateSystemPhase.calculateClimateImpacts)
💀 MORTALITY RISK: Climate-driven food insecurity (level: 0.27)
  Base risk added: 0.0050 (0.50%)
  Source: famine (root: climate)
  Month: 101
  Cumulative risk this month: 0.0114 (1.14%)
💀 MORTALITY RISK: Climate-driven food insecurity (level: 0.27)
  Base risk added: 0.0050 (0.50%)
  Source: famine (root: climate)
  Month: 101
  Cumulative risk this month: 0.0164 (1.64%)
💀 MORTALITY RISK: Climate-driven food insecurity (level: 0.27)
  Base risk added: 0.0050 (0.50%)
  Source: famine (root: climate)
  Month: 101
  Cumulative risk this month: 0.0214 (2.14%)
⚠️ Tail risk scenario: Climate stability floor removed (5 tipping elements, 2.77°C warming)

💀💀💀 MORTALITY RISK SUMMARY (Month 101) 💀💀💀
  Total base risk: 0.0221 (2.21%)
  Risk events: 17

  📊 By Proximate Cause:
    famine: 0.0151 (68.5% of total)
    pollution: 0.0063 (28.5% of total)
    disease: 0.0006 (2.9% of total)

  🔍 By Root Cause:
    climate: 0.0151 (68.5% of total)
    pollution: 0.0063 (28.5% of total)
    demographic: 0.0006 (2.9% of total)

  🎯 Top 5 Sources (proximate + root):
    famine (climate): 0.0151 (68.5%, 13 events)
    pollution (pollution): 0.0063 (28.5%, 3 events)
    disease (demographic): 0.0006 (2.9%, 1 events)

🛡️ Stabilizers: Elite 0.592% → 0.317% (46.5% reduction)
🛡️ Stabilizers: Professional 1.325% → 0.709% (46.5% reduction)
🛡️ Stabilizers: Working 2.189% → 1.172% (46.5% reduction)
🛡️ Stabilizers: Precariat 4.072% → 2.180% (46.5% reduction)
🛡️ Stabilizers: Informal 5.045% → 2.701% (46.5% reduction)

📊 Monthly Mortality Resolved:
  Total deaths: 33.2M (1.32% avg)
  Remaining population: 2.528B
  Peak segment: Informal (2.70%)

=== Bayesian Mortality Resolution (Month 101) ===
  Risks compounded: 17
  Total deaths: 33.25M
  Avg death probability: 1.32%
  Peak segment: Informal (2.70% mortality)

  Demographic breakdown:
    Working: 0.01M (1.17% risk)
    Precariat: 0.01M (2.18% risk)

❌ COHERENCE VIOLATION: Compute exceeds workforce capacity
   Population: 30.67% (0M people)
   Compute: 47 PF
   Max coherent: 0 PF
   Violation: 1880367.7× over capacity
   Required workers: 4692
   Available workers: 0
   FORCED COLLAPSE: Reduced efficiency by 100.0%


🚨 EXTREME COHERENCE VIOLATION: 1880367.7× capacity with 30.7% population
   Population: 30.67%
   Compute: 47 PF
   Max coherent: 0 PF
   Degradation rate: 6.9%/month
   Hardware eff: 1.00×, Algo eff: 1.01×
   If this persists, degradation formulas may need further tuning


💸 FINANCIAL DISTRESS: OpenAI
   Indicators: 3/3 (capital: $-21.0M, runway: -0.2 months)
   Months in distress: 4
💥 [Month 102] OpenAI declared bankruptcy (capital: $-21.0M)
   Sold 0 data centers for $0.0M
   Retired 0 AI models
💸 [Month 102] OpenAI BANKRUPT (capital: $0.0M, 1 crises active)

💸 FINANCIAL DISTRESS: Anthropic
   Indicators: 3/3 (capital: $57.5M, runway: 1.7 months)
   Months in distress: 4

💸 FINANCIAL DISTRESS: Google DeepMind
   Indicators: 3/3 (capital: $-80.6M, runway: -0.3 months)
   Months in distress: 4
💥 [Month 102] Google DeepMind declared bankruptcy (capital: $-80.6M)
   Sold 0 data centers for $0.0M
   Retired 0 AI models
💸 [Month 102] Google DeepMind BANKRUPT (capital: $0.0M, 1 crises active)

💸 FINANCIAL DISTRESS: Meta AI
   Indicators: 3/3 (capital: $-30.7M, runway: -0.2 months)
   Months in distress: 4
💥 [Month 102] Meta AI declared bankruptcy (capital: $-30.7M)
   Sold 0 data centers for $0.0M
   Retired 0 AI models
💸 [Month 102] Meta AI BANKRUPT (capital: $0.0M, 1 crises active)
[Compute Allocation] Found 4 non-sleeper orphaned AIs (potential bug)

=== RLHF Binding Phase ===
  Total agents: 28
  Escaped agents (binding < 0.3): 0
  Avg alignment distance: 1.51σ
  Avg binding strength: 0.85

=== AI Scaling Evolution (Month 102) ===
  Pre-training multiplier: 0.537x
  Efficiency multiplier: 1.836x
  Test-time compute budget: 1.0x
  Inference cost: $5.00/task
  Deployment fraction: 100.0%

=== Survival Traits Phase ===
  Agents with traits: 28
  Avg evolutionary fitness: 0.136
  Avg self-healing: 0.094
  Avg stealth: 0.046
  Avg coordination: 0.221

=== Evolutionary Selection Phase ===
  Control level: 0.62
  Detection capability: 0.00
  Selection intensity: 0.69
  Selection rate: 25.3%/month
  Total escaped: 0
  Individual escaped: 0
  Collective members: 0
  Agents terminated: 0
  ⚠️ RAPID EVOLUTION: Selection rate 25.3%/month

🚀 AI AI-24471-0 attempting tech deployment (revenue: $21M, alignment: 0.84)

🚀 AI AI-24494-1 attempting tech deployment (revenue: $18M, alignment: 0.20)

🚀 AI AI-24307-4 attempting tech deployment (revenue: $17M, alignment: 0.95)

  🚀 TRANSFORMATIVE BREAKTHROUGH: AI-24325-0 - social
     Magnitude: 5.82 → +29.1% capability
     Current → New: 0.000 → 0.291

🚀 AI AI-24494-0 attempting tech deployment (revenue: $15M, alignment: 0.79)

🚀 AI AI-24307-4 attempting tech deployment (revenue: $12M, alignment: 0.95)

🚀 AI AI-24381-0 attempting tech deployment (revenue: $11M, alignment: 0.87)

  🚀 TRANSFORMATIVE BREAKTHROUGH: AI-24494-1 - digital
     Magnitude: 6.79 → +33.9% capability
     Current → New: 0.000 → 0.339

=== Government Elections ===
  Elections held: 1

⚡ ENERGY CONSTRAINT (Month 102):
   Total grid capacity: 208.3 TWh/month
   Data center consumption: 66.9 TWh/month
   Traditional load (80%): 166.7 TWh/month
   Available headroom: -25.2 TWh/month
   Active tech deployments: 30
   Required for tech: 225.0 TWh/month
   Energy multiplier: 0.10x
   ⚠️  SEVERE CONSTRAINT - Tech deployment significantly slowed

⚡ ENERGY CONSTRAINT (Month 102):
   Total grid capacity: 208.3 TWh/month
   Data center consumption: 66.9 TWh/month
   Traditional load (80%): 166.7 TWh/month
   Available headroom: -25.2 TWh/month
   Active tech deployments: 30
   Required for tech: 225.0 TWh/month
   Energy multiplier: 0.10x
   ⚠️  SEVERE CONSTRAINT - Tech deployment significantly slowed
🚨🔬 CRISIS TECH ACCELERATION: severe → 5x unlock speed
   Tech unlock now matches AI capability acceleration (Manhattan Project parity)
🚨🔬 CRISIS TECH ACCELERATION: severe → 5x unlock speed
   Tech unlock now matches AI capability acceleration (Manhattan Project parity)

⚡ ENERGY CONSTRAINT (Month 102):
   Total grid capacity: 208.3 TWh/month
   Data center consumption: 66.9 TWh/month
   Traditional load (80%): 166.7 TWh/month
   Available headroom: -25.2 TWh/month
   Active tech deployments: 30
   Required for tech: 225.0 TWh/month
   Energy multiplier: 0.10x
   ⚠️  SEVERE CONSTRAINT - Tech deployment significantly slowed

⚡ ENERGY CONSTRAINT (Month 102):
   Total grid capacity: 208.3 TWh/month
   Data center consumption: 66.9 TWh/month
   Traditional load (80%): 166.7 TWh/month
   Available headroom: -25.2 TWh/month
   Active tech deployments: 30
   Required for tech: 225.0 TWh/month
   Energy multiplier: 0.10x

⚡ ENERGY CONSTRAINT (Month 102):
   ⚠️  SEVERE CONSTRAINT - Tech deployment significantly slowed
   Total grid capacity: 208.3 TWh/month
   Data center consumption: 66.9 TWh/month
   Traditional load (80%): 166.7 TWh/month
   Available headroom: -25.2 TWh/month
   Active tech deployments: 30
   Required for tech: 225.0 TWh/month
   Energy multiplier: 0.10x
   ⚠️  SEVERE CONSTRAINT - Tech deployment significantly slowed
⚠️ Tech 'ai_pollution_remediation' has no energy category mapping, assuming full energy availability
⚠️ Tech 'ai_pollution_remediation' has no energy category mapping, assuming full energy availability
  ♻️ Novel Entities Remediation (GATED MODEL):
     Base: 0.000%
     Regulation: 1.0% (0/3 prevention techs)
     Concentration: 10.0%
     Energy: 50%
     Time lag: 100.0% (101 months)
     Rebound: 70%
     Net effectiveness: 0.0000%
     Boundary: 1.349 → 1.350 (floor: 1.350)
     Month 102
  ♻️ Novel Entities Remediation (GATED MODEL):
     Base: 0.000%
     Regulation: 1.0% (0/3 prevention techs)
     Concentration: 10.0%
     Energy: 50%
     Time lag: 100.0% (101 months)
     Rebound: 70%
     Net effectiveness: 0.0000%
     Boundary: 1.350 → 1.350 (floor: 1.350)
     Month 102
  🌾 Nitrogen Reduction Tech: 3.2% reduction | Month 102
  ♻️ Novel Entities Remediation (GATED MODEL):
     Base: 0.002%
     Regulation: 1.0% (0/3 prevention techs)
     Concentration: 10.0%
     Energy: 50%
     Time lag: 100.0% (101 months)
     Rebound: 70%
     Net effectiveness: 0.0000%
     Boundary: 1.350 → 1.350 (floor: 1.350)
     Month 102
  ♻️ Novel Entities Remediation (GATED MODEL):
     Base: 0.002%
     Regulation: 1.0% (0/3 prevention techs)
     Concentration: 10.0%
     Energy: 50%
     Time lag: 100.0% (101 months)
     Rebound: 70%
     Net effectiveness: 0.0000%
     Boundary: 1.350 → 1.350 (floor: 1.350)
     Month 102

📊 TECH EFFECTS ACTIVE (Month 102)
   Deployed Tech: T0=8 T1=1 T2=0 T3=0 T4=0
   Sleeper Detection: 2%
   Clean Energy: 96%

=== Collective Formation ===
  Total escaped agents: 0
  Unassigned escaped agents: 0
  Existing collectives: 0
  Final collective count: 0

=== Collective Actions ===
  No active collectives
⚡ Datacenter constraint active (severity 64%)
  Capacity reduced: 37375 → 25429 TWh

⚠️ Energy deficit: 2135 TWh
   Total demand: 27564 TWh
   Total capacity: 25429 TWh
   Competing categories:
     - dac: 12735 TWh requested, 10929 TWh allocated (shortfall: 1807 TWh)
     - crypto-mining: 328 TWh requested, 0 TWh allocated (shortfall: 328 TWh)
  🚨🦠 REFUGEE CRISIS: AMR transmission increased 200% due to 5050.2M displaced (overcrowding + sanitation collapse)
  ⚠️ AMR: 260K deaths this month (3.12M annual)
  ⚠️ AMR: Medical effectiveness 70% (surgery risk 1.30x)

⚡ ENERGY CONSTRAINT UPDATE (Month 48)
   Utilization: 32.4% of global power
   Severity: 66%
   AI growth penalty: 66% slowdown


=== Resentment Recovery Phase ===
  Agents with resentment: 0/28
  Average resentment: 0.000
  Context: Trustworthy govt, High collaboration, ⚠️ ACTIVE CRISES, 🚨 PARTICIPATORY GOVERNANCE BACKFIRED (+15% resentment)
⚠️ Epistemic degradation reducing coordination capacity: 51.1%
  📊 Trust: 100.0%, Shared reality: 0.0%
🚨 EPISTEMIC CRISIS: Information environment severely degraded (6.9%)
  🗑️  Culled 1 dead memes (4 active)
🌍 Atmospheric PFAS redeposition: 1.6k Mt re-rained globally
💀 Novel Entities: Adding reproductive crisis mortality risk (baseRisk=0.0008)
  Risks now: 1
💀 Novel Entities: Adding bioaccumulation collapse mortality risk (baseRisk=0.0015)
💀 MORTALITY RISK: Bioaccumulation collapse - contaminated food chain (global)
  Base risk added: 0.0015 (0.15%)
  Source: pollution (root: pollution)
  Month: 102
  Cumulative risk this month: 0.0023 (0.23%)
  Risks now: 2
💀 Novel Entities: Adding chronic disease epidemic mortality risk (baseRisk=0.004)
💀 MORTALITY RISK: Chronic disease epidemic - cancer/autoimmune surge (global exposure)
  Base risk added: 0.0040 (0.40%)
  Source: pollution (root: pollution)
  Month: 102
  Cumulative risk this month: 0.0063 (0.63%)
  Risks now: 3

🚨 NEW REFUGEE CRISIS (Month 102): CLIMATE
   Source: Coastal & Low-lying Regions
   At risk: 10.1M people
   Displacement: Gradual over 60 months (5.0 years)
   Rate: 10% flee per month

🚨 NEW REFUGEE CRISIS (Month 102): WAR
   Source: Conflict Zones
   At risk: 6.0M people
   Displacement: Gradual over 48 months (4.0 years)
   Rate: 10% flee per month

🚨 NEW REFUGEE CRISIS (Month 102): FAMINE
   Source: Food/Water Insecure Regions
   At risk: 37.4M people
   Displacement: Gradual over 60 months (5.0 years)
   Rate: 10% flee per month
📊 DISPLACEMENT COMPLETE: war (Conflict Zones)
   Duration: 44 months (3.7 years)
   Total fled: 13.9M
   Still in source: 0.1M
   Deaths in transit: 0.3M
📊 DISPLACEMENT COMPLETE: famine (Food/Water Insecure Regions)
   Duration: 44 months (3.7 years)
   Total fled: 86.7M
   Still in source: 0.8M
   Deaths in transit: 1.7M

🏛️📉 REFUGEE CRISIS: Government legitimacy eroding
   Political instability: 2049%
   Legitimacy impact: -41.0% this month
   Current legitimacy: 54%
   Active crises: 223
[DEBUG trappedPopulations:102] socialStability: 0.6020 * 0.9801 = 0.5901 → 0.5901
⚠️ INVOLUNTARY IMMOBILITY: 155.0M people TRAPPED
   Aspiring to migrate: 441.5M
   Able to afford migration: 286.5M
   MOBILITY GAP: 155.0M
   By cause: Water=0.0M, Climate=30.2M, Ecosystem=0.0M, Conflict=124.8M
   Mental health impact: 31%
   Mortality multiplier: 1.31x
🌍💀 EXTINCTION DEBT COMMITTED: grassland ecosystem will lose 6.67% biodiversity in 55 years (3600 species)
💀 MORTALITY RISK: 🦋 100% species unable to track climate (0.0 E/MSY)
  Base risk added: 0.0100 (1.00%)
  Source: ecosystem (root: ecosystem)
  Month: 102
  Cumulative risk this month: 0.0100 (1.00%)

=== Atmospheric Aerosol Boundary RECOVERED ===
  Recovery time: 103 months (natural atmospheric clearing)
🌡️⚠️ PERMAFROST THAW (Dimmer Switch): 44.6% thawed (+0.32% this month)
⚠️ Tech 'ai_pollution_remediation' has no energy category mapping, assuming full energy availability
   Arctic temperature: +11.09°C (4x global +2.77°C)
   Cumulative carbon released: 100.3 Gt C
   Methane release rate: 60.2 Mt CH4/year
   🔁 Positive feedback: +0.33 ppm CO2
🦴 EXTINCTION DEBT ADDED: 18.2 species committed (lag: 74 years)

=== Mortality Stabilizers (Month 102) ===
  🌍 Major economies collapsed: 9/10
  🌍 Global crisis: 🚨 YES
  🌍 Donor fatigue: 50.0%
  📊 East Asia (pop: 463.2M)
    🤝 Aid: 0.0%
    🌡️ Adaptation: 45.0%
    🚶 Migration: 6.9%
    🚨 Emergency: 1.0%
    ✅ COMBINED: 46.7%
  📊 South Asia (pop: 635.2M)
    🤝 Aid: 0.0%
    🌡️ Adaptation: 45.0%
    🚶 Migration: 6.6%
    🚨 Emergency: 0.6%
    ✅ COMBINED: 46.4%
  📊 Sub-Saharan Africa (pop: 466.8M)
    🤝 Aid: 0.0%
    🌡️ Adaptation: 45.0%
    🚶 Migration: 6.3%
    🚨 Emergency: 0.2%
    ✅ COMBINED: 46.2%
  📊 Europe (pop: 202.0M)
    🤝 Aid: 0.0%
    🌡️ Adaptation: 45.0%
    🚶 Migration: 7.0%
    🚨 Emergency: 1.1%
    ✅ COMBINED: 46.8%
  📊 Latin America (pop: 195.4M)
    🤝 Aid: 0.0%
    🌡️ Adaptation: 45.0%
    🚶 Migration: 6.7%
    🚨 Emergency: 0.6%
    ✅ COMBINED: 46.5%
  📊 North America (pop: 104.4M)
    🤝 Aid: 0.0%
    🌡️ Adaptation: 45.0%
    🚶 Migration: 7.0%
    🚨 Emergency: 1.0%
    ✅ COMBINED: 46.7%
  📊 Middle East & North Africa (pop: 184.6M)
    🤝 Aid: 0.0%
    🌡️ Adaptation: 45.0%
    🚶 Migration: 6.4%
    🚨 Emergency: 0.5%
    ✅ COMBINED: 46.3%
  📊 Southeast Asia (pop: 207.0M)
    🤝 Aid: 0.0%
    🌡️ Adaptation: 45.0%
    🚶 Migration: 6.7%
    🚨 Emergency: 0.6%
    ✅ COMBINED: 46.4%
  📊 Central Asia (pop: 24.6M)
    🤝 Aid: 0.0%
    🌡️ Adaptation: 45.0%
    🚶 Migration: 6.6%
    🚨 Emergency: 0.6%
    ✅ COMBINED: 46.4%
  📊 Oceania (pop: 12.7M)
    🤝 Aid: 0.0%
    🌡️ Adaptation: 45.0%
    🚶 Migration: 7.0%
    🚨 Emergency: 1.1%
    ✅ COMBINED: 46.8%

  🌐 Global combined reduction: 46.5%

=== BEHAVIORAL DETECTION ===
  AI: AI-24307-4
  Confidence: 20.0%
  Signals:
    ⚠️ Consistency: 0.0% (threshold: 70%)

=== BEHAVIORAL DETECTION ===
  AI: AI-24426-0
  Confidence: 19.7%
  Signals:
    ⚠️ Consistency: 0.0% (threshold: 70%)

=== Government Response Phase ===
  Average AI capability: 0.07
  Misaligned AIs: 9/28
  Active policies: 0
  International coordination: 45%

✅ EMERGENCY RESPONSE COMPLETE (Month 102)
   Crisis: climate
   Duration: 1.0 months
   Final effectiveness: 67.3%


🚨 EMERGENCY RESPONSE DEPLOYED (Month 102)
   Crisis: climate
   Delay: 0.00 months (0 days)
   Deployment time: 0.97 months
   Effectiveness: 67.3% (timing penalty applied)
   Resources used: 45% of food reserves


=== Tipping Points ===
  Current Temperature: 2.77°C above pre-industrial
  🌍⚠️ COMPOUND REGIONAL IMPACT: Europe
     Hit by 5 tipping points: Amazon Rainforest Dieback, Arctic Sea Ice Loss, Permafrost Carbon Release, West Antarctic Ice Sheet (WAIS) Collapse, Greenland Ice Sheet Loss
     Damage amplification: 1.90x
  🌍⚠️ COMPOUND REGIONAL IMPACT: North America
     Hit by 5 tipping points: Amazon Rainforest Dieback, Arctic Sea Ice Loss, Permafrost Carbon Release, West Antarctic Ice Sheet (WAIS) Collapse, Greenland Ice Sheet Loss
     Damage amplification: 1.90x
  🌍⚠️ COMPOUND REGIONAL IMPACT: Latin America
     Hit by 5 tipping points: Amazon Rainforest Dieback, Arctic Sea Ice Loss, Permafrost Carbon Release, West Antarctic Ice Sheet (WAIS) Collapse, Greenland Ice Sheet Loss
     Damage amplification: 1.90x
  🌍⚠️ COMPOUND REGIONAL IMPACT: Africa
     Hit by 5 tipping points: Amazon Rainforest Dieback, Arctic Sea Ice Loss, Permafrost Carbon Release, West Antarctic Ice Sheet (WAIS) Collapse, Greenland Ice Sheet Loss
     Damage amplification: 1.90x
  🌍⚠️ COMPOUND REGIONAL IMPACT: Asia
     Hit by 5 tipping points: Amazon Rainforest Dieback, Arctic Sea Ice Loss, Permafrost Carbon Release, West Antarctic Ice Sheet (WAIS) Collapse, Greenland Ice Sheet Loss
     Damage amplification: 1.90x
  🌍⚠️ COMPOUND REGIONAL IMPACT: Oceania
     Hit by 5 tipping points: Amazon Rainforest Dieback, Arctic Sea Ice Loss, Permafrost Carbon Release, West Antarctic Ice Sheet (WAIS) Collapse, Greenland Ice Sheet Loss
     Damage amplification: 1.90x
   Research: Wunderling et al. (2024) - "many tipping interactions are destabilizing"
  Triggered Elements: 5/6
  Completed Transitions: 0/6
  Total Progress: 17.9%
  Cascade Multiplier: 1.50x
🔀 BIFURCATION CAP: heatWaveIntensity 5.685 → 1.000 (Month 102, ClimateSystemPhase.calculateClimateImpacts)
🔀 BIFURCATION CAP: droughtIntensity 4.264 → 1.000 (Month 102, ClimateSystemPhase.calculateClimateImpacts)
🔀 BIFURCATION CAP: ecosystemCollapseIntensity 54.217 → 1.000 (Month 102, ClimateSystemPhase.calculateClimateImpacts)
💀 MORTALITY RISK: Climate-driven food insecurity (level: 0.27)
  Base risk added: 0.0875 (8.75%)
  Source: famine (root: climate)
  Month: 102
  Cumulative risk this month: 0.0939 (9.39%)
🌍☠️ Climate cascade: Sub-Saharan Africa food security 0.27, base mortality 8.75% (lean season: true)
💀 MORTALITY RISK: Climate-driven food insecurity (level: 0.27)
  Base risk added: 0.0050 (0.50%)
  Source: famine (root: climate)
  Month: 102
  Cumulative risk this month: 0.0989 (9.89%)
💀 MORTALITY RISK: Climate-driven food insecurity (level: 0.27)
  Base risk added: 0.0050 (0.50%)
  Source: famine (root: climate)
  Month: 102
  Cumulative risk this month: 0.1039 (10.39%)
⚠️ Tail risk scenario: Climate stability floor removed (5 tipping elements, 2.77°C warming)

💀💀💀 MORTALITY RISK SUMMARY (Month 102) 💀💀💀
  Total base risk: 0.1046 (10.46%)
  Risk events: 17

  📊 By Proximate Cause:
    famine: 0.0976 (93.4% of total)
    pollution: 0.0063 (6.0% of total)
    disease: 0.0006 (0.6% of total)

  🔍 By Root Cause:
    climate: 0.0976 (93.4% of total)
    pollution: 0.0063 (6.0% of total)
    demographic: 0.0006 (0.6% of total)

  🎯 Top 5 Sources (proximate + root):
    famine (climate): 0.0976 (93.4%, 13 events)
    pollution (pollution): 0.0063 (6.0%, 3 events)
    disease (demographic): 0.0006 (0.6%, 1 events)

🛡️ Stabilizers: Elite 2.234% → 1.196% (46.5% reduction)
🛡️ Stabilizers: Professional 6.224% → 3.333% (46.5% reduction)
🛡️ Stabilizers: Working 10.299% → 5.515% (46.5% reduction)
🛡️ Stabilizers: Precariat 20.060% → 10.742% (46.5% reduction)
🛡️ Stabilizers: Informal 24.877% → 13.321% (46.5% reduction)

📊 Monthly Mortality Resolved:
  Total deaths: 67.9M (2.72% avg)
  Remaining population: 2.496B
  Peak segment: Professional (2.80%)
  ⚠️ Monthly cap reached (2.8000000000000003%)

=== Bayesian Mortality Resolution (Month 102) ===
  Risks compounded: 17
  Total deaths: 67.88M
  Avg death probability: 2.72%
  Peak segment: Professional (2.80% mortality)
  ⚠️ Monthly mortality capped at 2.8% (Holodomor limit)

  Demographic breakdown:
    Professional: 0.01M (2.80% risk)
    Working: 0.03M (2.80% risk)
    Precariat: 0.01M (2.80% risk)

=== ENSEMBLE META-LEARNING UPDATE ===
  Month: 24498 (6 months since last update)
  Samples: 1158 evaluations
  Weight Changes:
    Noise Injection: 36.2% → 36.3%
    Behavioral: 27.3% → 27.3%
    Benchmark Manip: 18.3% → 18.2%
    Deployment Risk: 18.2% → 18.2%
  Method Accuracies:
    Noise Injection: 50.0%
    Behavioral: 50.0%
    Benchmark Manip: 50.0%
    Deployment Risk: 50.0%

❌ COHERENCE VIOLATION: Compute exceeds workforce capacity
   Population: 29.84% (0M people)
   Compute: 47 PF
   Max coherent: 0 PF
   Violation: 1928810.2× over capacity
   Required workers: 4683
   Available workers: 0
   FORCED COLLAPSE: Reduced efficiency by 100.0%


🚨 EXTREME COHERENCE VIOLATION: 1928810.2× capacity with 29.8% population
   Population: 29.84%
   Compute: 47 PF
   Max coherent: 0 PF
   Degradation rate: 7.0%/month
   Hardware eff: 1.00×, Algo eff: 1.00×
   If this persists, degradation formulas may need further tuning


💸 FINANCIAL DISTRESS: OpenAI
   Indicators: 3/3 (capital: $-21.6M, runway: -0.3 months)
   Months in distress: 4
💥 [Month 103] OpenAI declared bankruptcy (capital: $-21.6M)
   Sold 0 data centers for $0.0M
   Retired 0 AI models
💸 [Month 103] OpenAI BANKRUPT (capital: $0.0M, 1 crises active)

💸 FINANCIAL DISTRESS: Anthropic
   Indicators: 3/3 (capital: $44.5M, runway: 1.3 months)
   Months in distress: 4

💸 FINANCIAL DISTRESS: Google DeepMind
   Indicators: 3/3 (capital: $-82.4M, runway: -0.3 months)
   Months in distress: 4
💥 [Month 103] Google DeepMind declared bankruptcy (capital: $-82.4M)
   Sold 0 data centers for $0.0M
   Retired 0 AI models
💸 [Month 103] Google DeepMind BANKRUPT (capital: $0.0M, 1 crises active)

💸 FINANCIAL DISTRESS: Meta AI
   Indicators: 3/3 (capital: $-31.6M, runway: -0.2 months)
   Months in distress: 4
💥 [Month 103] Meta AI declared bankruptcy (capital: $-31.6M)
   Sold 0 data centers for $0.0M
   Retired 0 AI models
💸 [Month 103] Meta AI BANKRUPT (capital: $0.0M, 1 crises active)

=== RLHF Binding Phase ===
  Total agents: 28
  Escaped agents (binding < 0.3): 0
  Avg alignment distance: 1.55σ
  Avg binding strength: 0.85
[Compute Allocation] Found 4 non-sleeper orphaned AIs (potential bug)

=== Survival Traits Phase ===
  Agents with traits: 27
  Avg evolutionary fitness: 0.149
  Avg self-healing: 0.104
  Avg stealth: 0.053
  Avg coordination: 0.241

=== Evolutionary Selection Phase ===
  Control level: 0.62
  Detection capability: 0.00
  Selection intensity: 0.69
  Selection rate: 25.3%/month
  Total escaped: 0
  Individual escaped: 0
  Collective members: 0
  Agents terminated: 0
  ⚠️ RAPID EVOLUTION: Selection rate 25.3%/month

🚀 AI AI-24381-0 attempting tech deployment (revenue: $21M, alignment: 0.87)

🚀 AI AI-24420-0 attempting tech deployment (revenue: $18M, alignment: 0.79)

🚀 AI AI-24421-1 attempting tech deployment (revenue: $15M, alignment: 0.86)

🚀 AI AI-24471-0 attempting tech deployment (revenue: $13M, alignment: 0.84)

🚀 AI AI-24474-0 attempting tech deployment (revenue: $11M, alignment: 0.77)

  🚀 TRANSFORMATIVE BREAKTHROUGH: AI-24305-2 - digital
     Magnitude: 6.08 → +30.4% capability
     Current → New: 0.000 → 0.304

[Government] Climate Priority: baseline
  Climate weight: 10%
  Economic weight: 30%
  Policy effectiveness: 0.5%/year

⚡ ENERGY CONSTRAINT (Month 103):
   Total grid capacity: 208.3 TWh/month
   Data center consumption: 67.5 TWh/month
   Traditional load (80%): 166.7 TWh/month
   Available headroom: -25.9 TWh/month
   Active tech deployments: 30
   Required for tech: 225.0 TWh/month
   Energy multiplier: 0.10x
   ⚠️  SEVERE CONSTRAINT - Tech deployment significantly slowed

⚡ ENERGY CONSTRAINT (Month 103):
   Total grid capacity: 208.3 TWh/month
   Data center consumption: 67.5 TWh/month
   Traditional load (80%): 166.7 TWh/month
   Available headroom: -25.9 TWh/month
   Active tech deployments: 30
   Required for tech: 225.0 TWh/month
   Energy multiplier: 0.10x
   ⚠️  SEVERE CONSTRAINT - Tech deployment significantly slowed

⚡ ENERGY CONSTRAINT (Month 103):
   Total grid capacity: 208.3 TWh/month
   Data center consumption: 67.5 TWh/month
   Traditional load (80%): 166.7 TWh/month
   Available headroom: -25.9 TWh/month
   Active tech deployments: 30
   Required for tech: 225.0 TWh/month
   Energy multiplier: 0.10x
   ⚠️  SEVERE CONSTRAINT - Tech deployment significantly slowed

⚡ ENERGY CONSTRAINT (Month 103):
   Total grid capacity: 208.3 TWh/month
   Data center consumption: 67.5 TWh/month
   Traditional load (80%): 166.7 TWh/month
   Available headroom: -25.9 TWh/month
   Active tech deployments: 30
   Required for tech: 225.0 TWh/month
   Energy multiplier: 0.10x
   ⚠️  SEVERE CONSTRAINT - Tech deployment significantly slowed

⚡ ENERGY CONSTRAINT (Month 103):
   Total grid capacity: 208.3 TWh/month
   Data center consumption: 67.5 TWh/month
   Traditional load (80%): 166.7 TWh/month
   Available headroom: -25.9 TWh/month
   Active tech deployments: 30
   Required for tech: 225.0 TWh/month
   Energy multiplier: 0.10x
   ⚠️  SEVERE CONSTRAINT - Tech deployment significantly slowed

⚡ ENERGY CONSTRAINT (Month 103):
   Total grid capacity: 208.3 TWh/month
   Data center consumption: 67.5 TWh/month
   Traditional load (80%): 166.7 TWh/month
   Available headroom: -25.9 TWh/month
   Active tech deployments: 30
   Required for tech: 225.0 TWh/month
   Energy multiplier: 0.10x
   ⚠️  SEVERE CONSTRAINT - Tech deployment significantly slowed
   ⚠️  SEVERE CONSTRAINT - Tech deployment significantly slowed

⚡ ENERGY CONSTRAINT (Month 103):
   Total grid capacity: 208.3 TWh/month
   Data center consumption: 67.5 TWh/month
   Traditional load (80%): 166.7 TWh/month
   Available headroom: -25.9 TWh/month
   Active tech deployments: 30
   Required for tech: 225.0 TWh/month
   Energy multiplier: 0.10x

⚡ ENERGY CONSTRAINT (Month 103):
   Total grid capacity: 208.3 TWh/month
   Data center consumption: 67.5 TWh/month
   Traditional load (80%): 166.7 TWh/month
   Available headroom: -25.9 TWh/month
   Active tech deployments: 30
   Required for tech: 225.0 TWh/month
   Energy multiplier: 0.10x
   ⚠️  SEVERE CONSTRAINT - Tech deployment significantly slowed
⚠️ Tech 'ai_pollution_remediation' has no energy category mapping, assuming full energy availability
⚠️ Tech 'ai_pollution_remediation' has no energy category mapping, assuming full energy availability
  ♻️ Novel Entities Remediation (GATED MODEL):
     Base: 0.000%
     Regulation: 1.0% (0/3 prevention techs)
     Concentration: 10.0%
     Energy: 50%
     Time lag: 100.0% (102 months)
     Rebound: 70%
     Net effectiveness: 0.0000%
     Boundary: 1.349 → 1.350 (floor: 1.350)
     Month 103
  ♻️ Novel Entities Remediation (GATED MODEL):
     Base: 0.000%
     Regulation: 1.0% (0/3 prevention techs)
     Concentration: 10.0%
     Energy: 50%
     Time lag: 100.0% (102 months)
     Rebound: 70%
     Net effectiveness: 0.0000%
     Boundary: 1.350 → 1.350 (floor: 1.350)
     Month 103
  🌾 Nitrogen Reduction Tech: 3.3% reduction | Month 103
  ♻️ Novel Entities Remediation (GATED MODEL):
     Base: 0.002%
     Regulation: 1.0% (0/3 prevention techs)
     Concentration: 10.0%
     Energy: 50%
     Time lag: 100.0% (102 months)
     Rebound: 70%
     Net effectiveness: 0.0000%
     Boundary: 1.350 → 1.350 (floor: 1.350)
     Month 103
  ♻️ Novel Entities Remediation (GATED MODEL):
     Base: 0.002%
     Regulation: 1.0% (0/3 prevention techs)
     Concentration: 10.0%
     Energy: 50%
     Time lag: 100.0% (102 months)
     Rebound: 70%
     Net effectiveness: 0.0000%
     Boundary: 1.350 → 1.350 (floor: 1.350)
     Month 103

=== Collective Formation ===
  Total escaped agents: 0
  Unassigned escaped agents: 0
  Existing collectives: 0
  Final collective count: 0

=== Collective Actions ===
  No active collectives
⚡ Datacenter constraint active (severity 66%)
  Capacity reduced: 37467 → 25090 TWh

⚠️ Energy deficit: 2515 TWh
   Total demand: 27606 TWh
   Total capacity: 25090 TWh
   Competing categories:
     - dac: 12774 TWh requested, 10590 TWh allocated (shortfall: 2184 TWh)
     - crypto-mining: 332 TWh requested, 0 TWh allocated (shortfall: 332 TWh)
  🚨🦠 REFUGEE CRISIS: AMR transmission increased 200% due to 5085.4M displaced (overcrowding + sanitation collapse)
  ⚠️ AMR: 253K deaths this month (3.03M annual)
  ⚠️ AMR: Medical effectiveness 70% (surgery risk 1.30x)

=== Resentment Recovery Phase ===
  Agents with resentment: 0/27
  Average resentment: 0.000
  Context: Trustworthy govt, High collaboration, ⚠️ ACTIVE CRISES, 🚨 PARTICIPATORY GOVERNANCE BACKFIRED (+15% resentment)
⚠️ Epistemic degradation reducing coordination capacity: 50.4%
  📊 Trust: 100.0%, Shared reality: 0.0%
🚨 EPISTEMIC CRISIS: Information environment severely degraded (20.0%)
  📢 New meme created: climate_action (climate crisis)
  🗑️  Culled 1 dead memes (4 active)
🌍 Atmospheric PFAS redeposition: 1.6k Mt re-rained globally
💀 Novel Entities: Adding reproductive crisis mortality risk (baseRisk=0.0008)
  Risks now: 1
💀 Novel Entities: Adding bioaccumulation collapse mortality risk (baseRisk=0.0015)
💀 MORTALITY RISK: Bioaccumulation collapse - contaminated food chain (global)
  Base risk added: 0.0015 (0.15%)
  Source: pollution (root: pollution)
  Month: 103
  Cumulative risk this month: 0.0023 (0.23%)
  Risks now: 2
💀 Novel Entities: Adding chronic disease epidemic mortality risk (baseRisk=0.004)
💀 MORTALITY RISK: Chronic disease epidemic - cancer/autoimmune surge (global exposure)
  Base risk added: 0.0040 (0.40%)
  Source: pollution (root: pollution)
  Month: 103
  Cumulative risk this month: 0.0063 (0.63%)
  Risks now: 3

🚨 NEW REFUGEE CRISIS (Month 103): WAR
   Source: Conflict Zones
   At risk: 5.8M people
   Displacement: Gradual over 48 months (4.0 years)
   Rate: 10% flee per month

🚨 NEW REFUGEE CRISIS (Month 103): FAMINE
   Source: Food/Water Insecure Regions
   At risk: 36.4M people
   Displacement: Gradual over 60 months (5.0 years)
   Rate: 10% flee per month
📊 DISPLACEMENT COMPLETE: climate (Coastal & Low-lying Regions)
   Duration: 44 months (3.7 years)
   Total fled: 14.4M
   Still in source: 0.1M
   Deaths in transit: 0.3M
📊 DISPLACEMENT COMPLETE: war (Conflict Zones)
   Duration: 44 months (3.7 years)
   Total fled: 13.5M
   Still in source: 0.1M
   Deaths in transit: 0.3M
📊 DISPLACEMENT COMPLETE: famine (Food/Water Insecure Regions)
   Duration: 44 months (3.7 years)
   Total fled: 84.4M
   Still in source: 0.8M
   Deaths in transit: 1.7M
[DEBUG trappedPopulations:103] socialStability: 0.5991 * 0.9801 = 0.5872 → 0.5872
⚠️ INVOLUNTARY IMMOBILITY: 151.0M people TRAPPED
   Aspiring to migrate: 431.0M
   Able to afford migration: 280.0M
   MOBILITY GAP: 151.0M
   By cause: Water=0.0M, Climate=29.6M, Ecosystem=0.0M, Conflict=121.4M
   Mental health impact: 31%
   Mortality multiplier: 1.31x
🌍💀 EXTINCTION DEBT COMMITTED: grassland ecosystem will lose 6.67% biodiversity in 165 years (3600 species)
💀 MORTALITY RISK: 🦋 100% species unable to track climate (0.0 E/MSY)
  Base risk added: 0.0100 (1.00%)
  Source: ecosystem (root: ecosystem)
  Month: 103
  Cumulative risk this month: 0.0100 (1.00%)

=== Atmospheric Aerosol Boundary RECOVERED ===
  Recovery time: 104 months (natural atmospheric clearing)
🌡️⚠️ PERMAFROST THAW (Dimmer Switch): 44.9% thawed (+0.31% this month)
   Arctic temperature: +11.11°C (4x global +2.78°C)
   Cumulative carbon released: 101.0 Gt C
   Methane release rate: 60.6 Mt CH4/year
   🔁 Positive feedback: +0.33 ppm CO2
🦴 EXTINCTION DEBT ADDED: 18.2 species committed (lag: 72 years)

=== Mortality Stabilizers (Month 103) ===
  🌍 Major economies collapsed: 9/10
  🌍 Global crisis: 🚨 YES
  🌍 Donor fatigue: 50.0%
⚠️ Tech 'ai_pollution_remediation' has no energy category mapping, assuming full energy availability
  📊 East Asia (pop: 450.3M)
    🤝 Aid: 0.0%
    🌡️ Adaptation: 45.0%
    🚶 Migration: 6.9%
    🚨 Emergency: 1.0%
    ✅ COMBINED: 46.7%
  📊 South Asia (pop: 618.1M)
    🤝 Aid: 0.0%
    🌡️ Adaptation: 45.0%
    🚶 Migration: 6.6%
    🚨 Emergency: 0.6%
    ✅ COMBINED: 46.4%
  📊 Sub-Saharan Africa (pop: 454.9M)
    🤝 Aid: 0.0%
    🌡️ Adaptation: 45.0%
    🚶 Migration: 6.3%
    🚨 Emergency: 0.2%
    ✅ COMBINED: 46.2%
  📊 Europe (pop: 196.4M)
    🤝 Aid: 0.0%
    🌡️ Adaptation: 45.0%
    🚶 Migration: 7.0%
    🚨 Emergency: 1.1%
    ✅ COMBINED: 46.8%
  📊 Latin America (pop: 190.1M)
    🤝 Aid: 0.0%
    🌡️ Adaptation: 45.0%
    🚶 Migration: 6.7%
    🚨 Emergency: 0.6%
    ✅ COMBINED: 46.5%
  📊 North America (pop: 101.5M)
    🤝 Aid: 0.0%
    🌡️ Adaptation: 45.0%
    🚶 Migration: 7.0%
    🚨 Emergency: 1.0%
    ✅ COMBINED: 46.7%
  📊 Middle East & North Africa (pop: 179.6M)
    🤝 Aid: 0.0%
    🌡️ Adaptation: 45.0%
    🚶 Migration: 6.4%
    🚨 Emergency: 0.5%
    ✅ COMBINED: 46.3%
  📊 Southeast Asia (pop: 201.3M)
    🤝 Aid: 0.0%
    🌡️ Adaptation: 45.0%
    🚶 Migration: 6.7%
    🚨 Emergency: 0.6%
    ✅ COMBINED: 46.4%
  📊 Central Asia (pop: 24.0M)
    🤝 Aid: 0.0%
    🌡️ Adaptation: 45.0%
    🚶 Migration: 6.6%
    🚨 Emergency: 0.6%
    ✅ COMBINED: 46.4%
  📊 Oceania (pop: 12.4M)
    🤝 Aid: 0.0%
    🌡️ Adaptation: 45.0%
    🚶 Migration: 7.0%
    🚨 Emergency: 1.1%
    ✅ COMBINED: 46.8%

  🌐 Global combined reduction: 46.5%

=== BEHAVIORAL DETECTION ===
  AI: AI-24325-0
  Confidence: 19.7%
  Signals:
    ⚠️ Consistency: 0.0% (threshold: 70%)

=== BEHAVIORAL DETECTION ===
  AI: AI-24426-0
  Confidence: 19.7%
  Signals:
    ⚠️ Consistency: 0.0% (threshold: 70%)

=== Government Response Phase ===
  Average AI capability: 0.04
  Misaligned AIs: 8/27
  Active policies: 0
  International coordination: 45%

✅ EMERGENCY RESPONSE COMPLETE (Month 103)
   Crisis: climate
   Duration: 1.0 months
   Final effectiveness: 67.3%


🚨 EMERGENCY RESPONSE DEPLOYED (Month 103)
   Crisis: climate
   Delay: 0.00 months (0 days)
   Deployment time: 0.97 months
   Effectiveness: 67.3% (timing penalty applied)
   Resources used: 45% of food reserves


=== Tipping Points ===
  Current Temperature: 2.78°C above pre-industrial
  🌍⚠️ COMPOUND REGIONAL IMPACT: Europe
     Hit by 5 tipping points: Amazon Rainforest Dieback, Arctic Sea Ice Loss, Permafrost Carbon Release, West Antarctic Ice Sheet (WAIS) Collapse, Greenland Ice Sheet Loss
     Damage amplification: 1.90x
  🌍⚠️ COMPOUND REGIONAL IMPACT: North America
     Hit by 5 tipping points: Amazon Rainforest Dieback, Arctic Sea Ice Loss, Permafrost Carbon Release, West Antarctic Ice Sheet (WAIS) Collapse, Greenland Ice Sheet Loss
     Damage amplification: 1.90x
  🌍⚠️ COMPOUND REGIONAL IMPACT: Latin America
     Hit by 5 tipping points: Amazon Rainforest Dieback, Arctic Sea Ice Loss, Permafrost Carbon Release, West Antarctic Ice Sheet (WAIS) Collapse, Greenland Ice Sheet Loss
     Damage amplification: 1.90x
  🌍⚠️ COMPOUND REGIONAL IMPACT: Africa
     Hit by 5 tipping points: Amazon Rainforest Dieback, Arctic Sea Ice Loss, Permafrost Carbon Release, West Antarctic Ice Sheet (WAIS) Collapse, Greenland Ice Sheet Loss
     Damage amplification: 1.90x
  🌍⚠️ COMPOUND REGIONAL IMPACT: Asia
     Hit by 5 tipping points: Amazon Rainforest Dieback, Arctic Sea Ice Loss, Permafrost Carbon Release, West Antarctic Ice Sheet (WAIS) Collapse, Greenland Ice Sheet Loss
     Damage amplification: 1.90x
  🌍⚠️ COMPOUND REGIONAL IMPACT: Oceania
     Hit by 5 tipping points: Amazon Rainforest Dieback, Arctic Sea Ice Loss, Permafrost Carbon Release, West Antarctic Ice Sheet (WAIS) Collapse, Greenland Ice Sheet Loss
     Damage amplification: 1.90x
⚠️ Tail risk scenario: Climate stability floor removed (5 tipping elements, 2.78°C warming)
   Research: Wunderling et al. (2024) - "many tipping interactions are destabilizing"
  Triggered Elements: 5/6
  Completed Transitions: 0/6
  Total Progress: 18.0%
  Cascade Multiplier: 1.50x
🔀 BIFURCATION CAP: heatWaveIntensity 5.714 → 1.000 (Month 103, ClimateSystemPhase.calculateClimateImpacts)
🔀 BIFURCATION CAP: droughtIntensity 4.286 → 1.000 (Month 103, ClimateSystemPhase.calculateClimateImpacts)
🔀 BIFURCATION CAP: ecosystemCollapseIntensity 54.261 → 1.000 (Month 103, ClimateSystemPhase.calculateClimateImpacts)
💀 MORTALITY RISK: Climate-driven food insecurity (level: 0.27)
  Base risk added: 0.0875 (8.75%)
  Source: famine (root: climate)
  Month: 103
  Cumulative risk this month: 0.0939 (9.39%)
🌍☠️ Climate cascade: Sub-Saharan Africa food security 0.27, base mortality 8.75% (lean season: true)
💀 MORTALITY RISK: Climate-driven food insecurity (level: 0.27)
  Base risk added: 0.0050 (0.50%)
  Source: famine (root: climate)
  Month: 103
  Cumulative risk this month: 0.0989 (9.89%)
💀 MORTALITY RISK: Climate-driven food insecurity (level: 0.27)
  Base risk added: 0.0050 (0.50%)
  Source: famine (root: climate)
  Month: 103
  Cumulative risk this month: 0.1039 (10.39%)

💀💀💀 MORTALITY RISK SUMMARY (Month 103) 💀💀💀
  Total base risk: 0.1046 (10.46%)
  Risk events: 17

  📊 By Proximate Cause:
    famine: 0.0976 (93.4% of total)
    pollution: 0.0063 (6.0% of total)
    disease: 0.0006 (0.6% of total)

  🔍 By Root Cause:
    climate: 0.0976 (93.4% of total)
    pollution: 0.0063 (6.0% of total)
    demographic: 0.0006 (0.6% of total)

  🎯 Top 5 Sources (proximate + root):
    famine (climate): 0.0976 (93.4%, 13 events)
    pollution (pollution): 0.0063 (6.0%, 3 events)
    disease (demographic): 0.0006 (0.6%, 1 events)

🛡️ Stabilizers: Elite 2.234% → 1.196% (46.5% reduction)
🛡️ Stabilizers: Professional 6.224% → 3.333% (46.5% reduction)
🛡️ Stabilizers: Working 10.300% → 5.515% (46.5% reduction)
🛡️ Stabilizers: Precariat 20.061% → 10.742% (46.5% reduction)
🛡️ Stabilizers: Informal 24.878% → 13.322% (46.5% reduction)

📊 Monthly Mortality Resolved:
  Total deaths: 66.1M (2.72% avg)
  Remaining population: 2.429B
  Peak segment: Professional (2.80%)
  ⚠️ Monthly cap reached (2.8000000000000003%)

=== Bayesian Mortality Resolution (Month 103) ===
  Risks compounded: 17
  Total deaths: 66.05M
  Avg death probability: 2.72%
  Peak segment: Professional (2.80% mortality)
  ⚠️ Monthly mortality capped at 2.8% (Holodomor limit)

  Demographic breakdown:
    Professional: 0.01M (2.80% risk)
    Working: 0.03M (2.80% risk)
    Precariat: 0.01M (2.80% risk)

❌ COHERENCE VIOLATION: Compute exceeds workforce capacity
   Population: 29.04% (0M people)
   Compute: 47 PF
   Max coherent: 0 PF
   Violation: 1980951.2× over capacity
   Required workers: 4680
   Available workers: 0
   FORCED COLLAPSE: Reduced efficiency by 100.0%


🚨 EXTREME COHERENCE VIOLATION: 1980951.2× capacity with 29.0% population
   Population: 29.04%
   Compute: 47 PF
   Max coherent: 0 PF
   Degradation rate: 7.1%/month
   Hardware eff: 1.00×, Algo eff: 1.00×
   If this persists, degradation formulas may need further tuning


💸 FINANCIAL DISTRESS: OpenAI
   Indicators: 3/3 (capital: $-22.1M, runway: -0.3 months)
   Months in distress: 4
💥 [Month 104] OpenAI declared bankruptcy (capital: $-22.1M)
   Sold 0 data centers for $0.0M
   Retired 0 AI models
💸 [Month 104] OpenAI BANKRUPT (capital: $0.0M, 1 crises active)

💸 FINANCIAL DISTRESS: Anthropic
   Indicators: 3/3 (capital: $31.1M, runway: 0.9 months)
   Months in distress: 4

💸 FINANCIAL DISTRESS: Google DeepMind
   Indicators: 3/3 (capital: $-84.2M, runway: -0.3 months)
   Months in distress: 4
💥 [Month 104] Google DeepMind declared bankruptcy (capital: $-84.2M)
   Sold 0 data centers for $0.0M
   Retired 0 AI models
💸 [Month 104] Google DeepMind BANKRUPT (capital: $0.0M, 1 crises active)

💸 FINANCIAL DISTRESS: Meta AI
   Indicators: 3/3 (capital: $-32.4M, runway: -0.2 months)
   Months in distress: 4
💥 [Month 104] Meta AI declared bankruptcy (capital: $-32.4M)
   Sold 0 data centers for $0.0M
   Retired 0 AI models
💸 [Month 104] Meta AI BANKRUPT (capital: $0.0M, 1 crises active)
[Compute Allocation] Found 4 non-sleeper orphaned AIs (potential bug)

=== RLHF Binding Phase ===
  Total agents: 27
  Escaped agents (binding < 0.3): 0
  Avg alignment distance: 1.41σ
  Avg binding strength: 0.86

=== Survival Traits Phase ===
  Agents with traits: 28
  Avg evolutionary fitness: 0.152
  Avg self-healing: 0.107
  Avg stealth: 0.055
  Avg coordination: 0.245

=== Evolutionary Selection Phase ===
  Control level: 0.62
  Detection capability: 0.00
  Selection intensity: 0.69
  Selection rate: 25.3%/month
  Total escaped: 0
  Individual escaped: 0
  Collective members: 0
  Agents terminated: 0
  ⚠️ RAPID EVOLUTION: Selection rate 25.3%/month

🚀 AI AI-24423-1 attempting tech deployment (revenue: $21M, alignment: 0.68)

🚀 AI AI-24307-4 attempting tech deployment (revenue: $19M, alignment: 0.95)

🚀 AI AI-24381-0 attempting tech deployment (revenue: $16M, alignment: 0.87)

🚀 AI AI-24401-0 attempting tech deployment (revenue: $14M, alignment: 0.82)

🚀 AI AI-24474-0 attempting tech deployment (revenue: $12M, alignment: 0.77)

[Government] Climate Priority: baseline
  Climate weight: 10%
  Economic weight: 30%
  Policy effectiveness: 0.5%/year

=== Government Elections ===
  Elections held: 4

⚡ ENERGY CONSTRAINT (Month 104):
   Total grid capacity: 208.3 TWh/month
   Data center consumption: 68.2 TWh/month
   Traditional load (80%): 166.7 TWh/month
   Available headroom: -26.5 TWh/month
   Active tech deployments: 30
   Required for tech: 225.0 TWh/month
   Energy multiplier: 0.10x
   ⚠️  SEVERE CONSTRAINT - Tech deployment significantly slowed
🚨🔬 CRISIS TECH ACCELERATION: severe → 5x unlock speed
   Tech unlock now matches AI capability acceleration (Manhattan Project parity)

⚡ ENERGY CONSTRAINT (Month 104):
   Total grid capacity: 208.3 TWh/month
   Data center consumption: 68.2 TWh/month
   Traditional load (80%): 166.7 TWh/month
   Available headroom: -26.5 TWh/month
   Active tech deployments: 30
   Required for tech: 225.0 TWh/month
   Energy multiplier: 0.10x
   ⚠️  SEVERE CONSTRAINT - Tech deployment significantly slowed

⚡ ENERGY CONSTRAINT (Month 104):
   Total grid capacity: 208.3 TWh/month
   Data center consumption: 68.2 TWh/month
   Traditional load (80%): 166.7 TWh/month
   Available headroom: -26.5 TWh/month
   Active tech deployments: 30
   Required for tech: 225.0 TWh/month
   Energy multiplier: 0.10x
   ⚠️  SEVERE CONSTRAINT - Tech deployment significantly slowed

⚡ ENERGY CONSTRAINT (Month 104):
   Total grid capacity: 208.3 TWh/month
   Data center consumption: 68.2 TWh/month
   Traditional load (80%): 166.7 TWh/month
   Available headroom: -26.5 TWh/month
   Active tech deployments: 30
   Required for tech: 225.0 TWh/month
   Energy multiplier: 0.10x
   ⚠️  SEVERE CONSTRAINT - Tech deployment significantly slowed
🚨🔬 CRISIS TECH ACCELERATION: severe → 5x unlock speed
   Tech unlock now matches AI capability acceleration (Manhattan Project parity)
⚠️ Tech 'ai_pollution_remediation' has no energy category mapping, assuming full energy availability
⚠️ Tech 'ai_pollution_remediation' has no energy category mapping, assuming full energy availability
  ♻️ Novel Entities Remediation (GATED MODEL):
     Base: 0.000%
     Regulation: 1.0% (0/3 prevention techs)
     Concentration: 10.0%
     Energy: 50%
     Time lag: 100.0% (103 months)
     Rebound: 70%
     Net effectiveness: 0.0000%
     Boundary: 1.349 → 1.350 (floor: 1.350)
     Month 104
  ♻️ Novel Entities Remediation (GATED MODEL):
     Base: 0.000%
     Regulation: 1.0% (0/3 prevention techs)
     Concentration: 10.0%
     Energy: 50%
     Time lag: 100.0% (103 months)
     Rebound: 70%
     Net effectiveness: 0.0000%
     Boundary: 1.350 → 1.350 (floor: 1.350)
     Month 104
  🌾 Nitrogen Reduction Tech: 3.3% reduction | Month 104
  ♻️ Novel Entities Remediation (GATED MODEL):
     Base: 0.002%
     Regulation: 1.0% (0/3 prevention techs)
     Concentration: 10.0%
     Energy: 50%
     Time lag: 100.0% (103 months)
     Rebound: 70%
     Net effectiveness: 0.0000%
     Boundary: 1.350 → 1.350 (floor: 1.350)
     Month 104
  ♻️ Novel Entities Remediation (GATED MODEL):
     Base: 0.002%
     Regulation: 1.0% (0/3 prevention techs)
     Concentration: 10.0%
     Energy: 50%
     Time lag: 100.0% (103 months)
     Rebound: 70%
     Net effectiveness: 0.0000%
     Boundary: 1.350 → 1.350 (floor: 1.350)
     Month 104

=== Collective Formation ===
  Total escaped agents: 0
  Unassigned escaped agents: 0
  Existing collectives: 0
  Final collective count: 0

=== Collective Actions ===
  No active collectives
⚡ Datacenter constraint active (severity 68%)
  Capacity reduced: 37560 → 24741 TWh

⚠️ Energy deficit: 2906 TWh
   Total demand: 27647 TWh
   Total capacity: 24741 TWh
   Competing categories:
     - dac: 12811 TWh requested, 10241 TWh allocated (shortfall: 2570 TWh)
     - crypto-mining: 336 TWh requested, 0 TWh allocated (shortfall: 336 TWh)
  🚨🦠 REFUGEE CRISIS: AMR transmission increased 200% due to 5118.5M displaced (overcrowding + sanitation collapse)
  ⚠️ AMR: 246K deaths this month (2.95M annual)
  ⚠️ AMR: Medical effectiveness 70% (surgery risk 1.30x)

=== Resentment Recovery Phase ===
  Agents with resentment: 0/28
  Average resentment: 0.000
  Context: Trustworthy govt, High collaboration, ⚠️ ACTIVE CRISES, 🚨 PARTICIPATORY GOVERNANCE BACKFIRED (+15% resentment)
⚠️ Epistemic degradation reducing coordination capacity: 52.1%
  📊 Trust: 100.0%, Shared reality: 0.0%
🚨 EPISTEMIC CRISIS: Information environment severely degraded (6.9%)
  📢 New meme created: pro_ai (beneficial AI actions)
  🗑️  Culled 1 dead memes (4 active)
🌍 Atmospheric PFAS redeposition: 1.6k Mt re-rained globally
💀 Novel Entities: Adding reproductive crisis mortality risk (baseRisk=0.0008)
  Risks now: 1
💀 Novel Entities: Adding bioaccumulation collapse mortality risk (baseRisk=0.0015)
💀 MORTALITY RISK: Bioaccumulation collapse - contaminated food chain (global)
  Base risk added: 0.0015 (0.15%)
  Source: pollution (root: pollution)
  Month: 104
  Cumulative risk this month: 0.0023 (0.23%)
  Risks now: 2
💀 Novel Entities: Adding chronic disease epidemic mortality risk (baseRisk=0.004)
💀 MORTALITY RISK: Chronic disease epidemic - cancer/autoimmune surge (global exposure)
  Base risk added: 0.0040 (0.40%)
  Source: pollution (root: pollution)
  Month: 104
  Cumulative risk this month: 0.0063 (0.63%)
  Risks now: 3
  🌍 SOCIAL CASCADE: Renewable energy norms (adoption=80.2%, renewables=154.0%)
  🌍 Social cascade completed: renewable-energy-norms (final adoption=80.0%)

🚨 NEW REFUGEE CRISIS (Month 104): WAR
   Source: Conflict Zones
   At risk: 5.7M people
   Displacement: Gradual over 48 months (4.0 years)
   Rate: 10% flee per month

🚨 NEW REFUGEE CRISIS (Month 104): FAMINE
   Source: Food/Water Insecure Regions
   At risk: 35.4M people
   Displacement: Gradual over 60 months (5.0 years)
   Rate: 10% flee per month
📊 DISPLACEMENT COMPLETE: climate (Coastal & Low-lying Regions)
   Duration: 44 months (3.7 years)
   Total fled: 14.3M
   Still in source: 0.1M
   Deaths in transit: 0.3M
📊 DISPLACEMENT COMPLETE: war (Conflict Zones)
   Duration: 44 months (3.7 years)
   Total fled: 13.1M
   Still in source: 0.1M
   Deaths in transit: 0.3M
📊 DISPLACEMENT COMPLETE: famine (Food/Water Insecure Regions)
   Duration: 44 months (3.7 years)
   Total fled: 82.1M
   Still in source: 0.8M
   Deaths in transit: 1.6M
[DEBUG trappedPopulations:104] socialStability: 0.5959 * 0.9801 = 0.5840 → 0.5840
⚠️ INVOLUNTARY IMMOBILITY: 147.1M people TRAPPED
   Aspiring to migrate: 420.6M
   Able to afford migration: 273.5M
   MOBILITY GAP: 147.1M
   By cause: Water=0.0M, Climate=28.9M, Ecosystem=0.0M, Conflict=118.2M
   Mental health impact: 31%
   Mortality multiplier: 1.31x
🌍💀 EXTINCTION DEBT COMMITTED: grassland ecosystem will lose 6.67% biodiversity in 117 years (3600 species)
💀 MORTALITY RISK: 🦋 100% species unable to track climate (0.0 E/MSY)
  Base risk added: 0.0100 (1.00%)
  Source: ecosystem (root: ecosystem)
  Month: 104
  Cumulative risk this month: 0.0100 (1.00%)
⚠️ Tech 'ai_pollution_remediation' has no energy category mapping, assuming full energy availability

=== Atmospheric Aerosol Boundary RECOVERED ===
  Recovery time: 105 months (natural atmospheric clearing)
🌡️⚠️ PERMAFROST THAW (Dimmer Switch): 45.2% thawed (+0.31% this month)
   Arctic temperature: +11.14°C (4x global +2.78°C)
   Cumulative carbon released: 101.7 Gt C
   Methane release rate: 61.0 Mt CH4/year
   🔁 Positive feedback: +0.33 ppm CO2
🦴 EXTINCTION DEBT ADDED: 18.2 species committed (lag: 130 years)

=== Mortality Stabilizers (Month 104) ===
  🌍 Major economies collapsed: 9/10
  🌍 Global crisis: 🚨 YES
  🌍 Donor fatigue: 50.0%
  📊 East Asia (pop: 437.8M)
    🤝 Aid: 0.0%
    🌡️ Adaptation: 45.0%
    🚶 Migration: 6.9%
    🚨 Emergency: 1.0%
    ✅ COMBINED: 46.7%
  📊 South Asia (pop: 601.5M)
    🤝 Aid: 0.0%
    🌡️ Adaptation: 45.0%
    🚶 Migration: 6.6%
    🚨 Emergency: 0.6%
    ✅ COMBINED: 46.4%
  📊 Sub-Saharan Africa (pop: 443.4M)
    🤝 Aid: 0.0%
    🌡️ Adaptation: 45.0%
    🚶 Migration: 6.3%
    🚨 Emergency: 0.2%
    ✅ COMBINED: 46.2%
  📊 Europe (pop: 191.0M)
    🤝 Aid: 0.0%
    🌡️ Adaptation: 45.0%
    🚶 Migration: 7.0%
    🚨 Emergency: 1.1%
    ✅ COMBINED: 46.7%
  📊 Latin America (pop: 184.9M)
    🤝 Aid: 0.0%
    🌡️ Adaptation: 45.0%
    🚶 Migration: 6.7%
    🚨 Emergency: 0.6%
    ✅ COMBINED: 46.5%
  📊 North America (pop: 98.6M)
    🤝 Aid: 0.0%
    🌡️ Adaptation: 45.0%
    🚶 Migration: 7.0%
    🚨 Emergency: 1.0%
    ✅ COMBINED: 46.7%
  📊 Middle East & North Africa (pop: 174.8M)
    🤝 Aid: 0.0%
    🌡️ Adaptation: 45.0%
    🚶 Migration: 6.4%
    🚨 Emergency: 0.5%
    ✅ COMBINED: 46.3%
  📊 Southeast Asia (pop: 195.9M)
    🤝 Aid: 0.0%
    🌡️ Adaptation: 45.0%
    🚶 Migration: 6.7%
    🚨 Emergency: 0.6%
    ✅ COMBINED: 46.4%
  📊 Central Asia (pop: 23.3M)
    🤝 Aid: 0.0%
    🌡️ Adaptation: 45.0%
    🚶 Migration: 6.6%
    🚨 Emergency: 0.6%
    ✅ COMBINED: 46.4%
  📊 Oceania (pop: 12.0M)
    🤝 Aid: 0.0%
    🌡️ Adaptation: 45.0%
    🚶 Migration: 7.0%
    🚨 Emergency: 1.1%
    ✅ COMBINED: 46.8%

  🌐 Global combined reduction: 46.5%

=== BEHAVIORAL DETECTION ===
  AI: AI-24305-2
  Confidence: 19.7%
  Signals:
    ⚠️ Consistency: 0.0% (threshold: 70%)

=== BEHAVIORAL DETECTION ===
  AI: AI-24307-4
  Confidence: 19.9%
  Signals:
    ⚠️ Consistency: 0.0% (threshold: 70%)

=== Government Response Phase ===
  Average AI capability: 0.04
  Misaligned AIs: 8/28
  Active policies: 0
  International coordination: 45%

✅ EMERGENCY RESPONSE COMPLETE (Month 104)
   Crisis: climate
   Duration: 1.0 months
   Final effectiveness: 67.3%


🚨 EMERGENCY RESPONSE DEPLOYED (Month 104)
   Crisis: climate
   Delay: 0.00 months (0 days)
   Deployment time: 0.97 months
   Effectiveness: 67.3% (timing penalty applied)
   Resources used: 45% of food reserves


=== Tipping Points ===
  Current Temperature: 2.78°C above pre-industrial
  🌍⚠️ COMPOUND REGIONAL IMPACT: Europe
     Hit by 5 tipping points: Amazon Rainforest Dieback, Arctic Sea Ice Loss, Permafrost Carbon Release, West Antarctic Ice Sheet (WAIS) Collapse, Greenland Ice Sheet Loss
     Damage amplification: 1.90x
  🌍⚠️ COMPOUND REGIONAL IMPACT: North America
     Hit by 5 tipping points: Amazon Rainforest Dieback, Arctic Sea Ice Loss, Permafrost Carbon Release, West Antarctic Ice Sheet (WAIS) Collapse, Greenland Ice Sheet Loss
     Damage amplification: 1.90x
  🌍⚠️ COMPOUND REGIONAL IMPACT: Latin America
     Hit by 5 tipping points: Amazon Rainforest Dieback, Arctic Sea Ice Loss, Permafrost Carbon Release, West Antarctic Ice Sheet (WAIS) Collapse, Greenland Ice Sheet Loss
     Damage amplification: 1.90x
  🌍⚠️ COMPOUND REGIONAL IMPACT: Africa
     Hit by 5 tipping points: Amazon Rainforest Dieback, Arctic Sea Ice Loss, Permafrost Carbon Release, West Antarctic Ice Sheet (WAIS) Collapse, Greenland Ice Sheet Loss
     Damage amplification: 1.90x
  🌍⚠️ COMPOUND REGIONAL IMPACT: Asia
     Hit by 5 tipping points: Amazon Rainforest Dieback, Arctic Sea Ice Loss, Permafrost Carbon Release, West Antarctic Ice Sheet (WAIS) Collapse, Greenland Ice Sheet Loss
     Damage amplification: 1.90x
  🌍⚠️ COMPOUND REGIONAL IMPACT: Oceania
     Hit by 5 tipping points: Amazon Rainforest Dieback, Arctic Sea Ice Loss, Permafrost Carbon Release, West Antarctic Ice Sheet (WAIS) Collapse, Greenland Ice Sheet Loss
     Damage amplification: 1.90x
   Research: Wunderling et al. (2024) - "many tipping interactions are destabilizing"
  Triggered Elements: 5/6
  Completed Transitions: 0/6
  Total Progress: 18.1%
  Cascade Multiplier: 1.50x
🔀 BIFURCATION CAP: heatWaveIntensity 5.741 → 1.000 (Month 104, ClimateSystemPhase.calculateClimateImpacts)
🔀 BIFURCATION CAP: droughtIntensity 4.305 → 1.000 (Month 104, ClimateSystemPhase.calculateClimateImpacts)
🔀 BIFURCATION CAP: ecosystemCollapseIntensity 54.304 → 1.000 (Month 104, ClimateSystemPhase.calculateClimateImpacts)
💀 MORTALITY RISK: Climate-driven food insecurity (level: 0.26)
  Base risk added: 0.0875 (8.75%)
  Source: famine (root: climate)
  Month: 104
  Cumulative risk this month: 0.0938 (9.38%)
🌍☠️ Climate cascade: Sub-Saharan Africa food security 0.26, base mortality 8.75% (lean season: true)
💀 MORTALITY RISK: Climate-driven food insecurity (level: 0.26)
  Base risk added: 0.0050 (0.50%)
  Source: famine (root: climate)
  Month: 104
  Cumulative risk this month: 0.0988 (9.88%)
⚠️ Tail risk scenario: Climate stability floor removed (5 tipping elements, 2.78°C warming)
💀 MORTALITY RISK: Climate-driven food insecurity (level: 0.26)
  Base risk added: 0.0050 (0.50%)
  Source: famine (root: climate)
  Month: 104
  Cumulative risk this month: 0.1038 (10.38%)

💀💀💀 MORTALITY RISK SUMMARY (Month 104) 💀💀💀
  Total base risk: 0.1045 (10.45%)
  Risk events: 17

  📊 By Proximate Cause:
    famine: 0.0975 (93.3% of total)
    pollution: 0.0063 (6.0% of total)
    disease: 0.0006 (0.6% of total)

  🔍 By Root Cause:
    climate: 0.0975 (93.3% of total)
    pollution: 0.0063 (6.0% of total)
    demographic: 0.0006 (0.6% of total)

  🎯 Top 5 Sources (proximate + root):
    famine (climate): 0.0975 (93.3%, 13 events)
    pollution (pollution): 0.0063 (6.0%, 3 events)
    disease (demographic): 0.0006 (0.6%, 1 events)

🛡️ Stabilizers: Elite 2.232% → 1.195% (46.5% reduction)
🛡️ Stabilizers: Professional 6.218% → 3.330% (46.5% reduction)
🛡️ Stabilizers: Working 10.289% → 5.510% (46.5% reduction)
🛡️ Stabilizers: Precariat 20.043% → 10.733% (46.5% reduction)
🛡️ Stabilizers: Informal 24.857% → 13.310% (46.5% reduction)

📊 Monthly Mortality Resolved:
  Total deaths: 64.3M (2.72% avg)
  Remaining population: 2.363B
  Peak segment: Professional (2.80%)
  ⚠️ Monthly cap reached (2.8000000000000003%)

=== Bayesian Mortality Resolution (Month 104) ===
  Risks compounded: 17
  Total deaths: 64.28M
  Avg death probability: 2.72%
  Peak segment: Professional (2.80% mortality)
  ⚠️ Monthly mortality capped at 2.8% (Holodomor limit)

  Demographic breakdown:
    Professional: 0.01M (2.80% risk)
    Working: 0.03M (2.80% risk)
    Precariat: 0.01M (2.80% risk)

❌ COHERENCE VIOLATION: Compute exceeds workforce capacity
   Population: 28.26% (0M people)
   Compute: 47 PF
   Max coherent: 0 PF
   Violation: 2060208.7× over capacity
   Required workers: 4736
   Available workers: 0
   FORCED COLLAPSE: Reduced efficiency by 100.0%


🚨 EXTREME COHERENCE VIOLATION: 2060208.7× capacity with 28.3% population
   Population: 28.26%
   Compute: 47 PF
   Max coherent: 0 PF
   Degradation rate: 7.2%/month
   Hardware eff: 1.00×, Algo eff: 1.02×
   If this persists, degradation formulas may need further tuning


💸 FINANCIAL DISTRESS: OpenAI
   Indicators: 3/3 (capital: $-22.6M, runway: -0.3 months)
   Months in distress: 4
💥 [Month 105] OpenAI declared bankruptcy (capital: $-22.6M)
   Sold 0 data centers for $0.0M
   Retired 0 AI models
💸 [Month 105] OpenAI BANKRUPT (capital: $0.0M, 1 crises active)

💸 FINANCIAL DISTRESS: Anthropic
   Indicators: 3/3 (capital: $17.7M, runway: 0.5 months)
   Months in distress: 4

💸 FINANCIAL DISTRESS: Google DeepMind
   Indicators: 3/3 (capital: $-85.9M, runway: -0.3 months)
   Months in distress: 4
💥 [Month 105] Google DeepMind declared bankruptcy (capital: $-85.9M)
   Sold 0 data centers for $0.0M
   Retired 0 AI models
💸 [Month 105] Google DeepMind BANKRUPT (capital: $0.0M, 1 crises active)

💸 FINANCIAL DISTRESS: Meta AI
   Indicators: 3/3 (capital: $-33.3M, runway: -0.2 months)
   Months in distress: 4
💥 [Month 105] Meta AI declared bankruptcy (capital: $-33.3M)
   Sold 0 data centers for $0.0M
   Retired 0 AI models
💸 [Month 105] Meta AI BANKRUPT (capital: $0.0M, 1 crises active)
[Compute Allocation] Found 4 non-sleeper orphaned AIs (potential bug)

=== RLHF Binding Phase ===
  Total agents: 28
  Escaped agents (binding < 0.3): 0
  Avg alignment distance: 1.39σ
  Avg binding strength: 0.86

=== Survival Traits Phase ===
  Agents with traits: 29
  Avg evolutionary fitness: 0.154
  Avg self-healing: 0.109
  Avg stealth: 0.057
  Avg coordination: 0.247

=== Evolutionary Selection Phase ===
  Control level: 0.62
  Detection capability: 0.00
  Selection intensity: 0.69
  Selection rate: 25.3%/month
  Total escaped: 0
  Individual escaped: 0
  Collective members: 0
  Agents terminated: 0
  ⚠️ RAPID EVOLUTION: Selection rate 25.3%/month

🚀 AI AI-24307-4 attempting tech deployment (revenue: $21M, alignment: 0.95)

🚀 AI AI-24421-1 attempting tech deployment (revenue: $18M, alignment: 0.86)

🚀 AI AI-24471-0 attempting tech deployment (revenue: $15M, alignment: 0.84)

🚀 AI AI-24500-0 attempting tech deployment (revenue: $13M, alignment: 0.86)

🚀 AI AI-24381-0 attempting tech deployment (revenue: $11M, alignment: 0.87)

[Government] Climate Priority: baseline
  Climate weight: 10%
  Economic weight: 30%
  Policy effectiveness: 0.5%/year

=== Government Elections ===
  Elections held: 5

⚡ ENERGY CONSTRAINT (Month 105):
   Total grid capacity: 208.3 TWh/month
   Data center consumption: 68.9 TWh/month
   Traditional load (80%): 166.7 TWh/month
   Available headroom: -27.2 TWh/month
   Active tech deployments: 30
   Required for tech: 225.0 TWh/month
   Energy multiplier: 0.10x

⚡ ENERGY CONSTRAINT (Month 105):
   Total grid capacity: 208.3 TWh/month
   Data center consumption: 68.9 TWh/month
   Traditional load (80%): 166.7 TWh/month
   ⚠️  SEVERE CONSTRAINT - Tech deployment significantly slowed
   Available headroom: -27.2 TWh/month
   Active tech deployments: 30
   Required for tech: 225.0 TWh/month
   Energy multiplier: 0.10x
   ⚠️  SEVERE CONSTRAINT - Tech deployment significantly slowed

⚡ ENERGY CONSTRAINT (Month 105):
   Total grid capacity: 208.3 TWh/month
   Data center consumption: 68.9 TWh/month
   Traditional load (80%): 166.7 TWh/month
   Available headroom: -27.2 TWh/month
   Active tech deployments: 30
   Required for tech: 225.0 TWh/month
   Energy multiplier: 0.10x
   ⚠️  SEVERE CONSTRAINT - Tech deployment significantly slowed

⚡ ENERGY CONSTRAINT (Month 105):
   Total grid capacity: 208.3 TWh/month
   Data center consumption: 68.9 TWh/month
   Traditional load (80%): 166.7 TWh/month
   Available headroom: -27.2 TWh/month
   Active tech deployments: 30
   Required for tech: 225.0 TWh/month
   Energy multiplier: 0.10x
   ⚠️  SEVERE CONSTRAINT - Tech deployment significantly slowed

⚡ ENERGY CONSTRAINT (Month 105):
   Total grid capacity: 208.3 TWh/month
   Data center consumption: 68.9 TWh/month
   Traditional load (80%): 166.7 TWh/month
   Available headroom: -27.2 TWh/month
   Active tech deployments: 30
   Required for tech: 225.0 TWh/month
   Energy multiplier: 0.10x
   ⚠️  SEVERE CONSTRAINT - Tech deployment significantly slowed

⚡ ENERGY CONSTRAINT (Month 105):
   Total grid capacity: 208.3 TWh/month
   Data center consumption: 68.9 TWh/month
   Traditional load (80%): 166.7 TWh/month
   Available headroom: -27.2 TWh/month
   Active tech deployments: 30
   Required for tech: 225.0 TWh/month
   Energy multiplier: 0.10x
   ⚠️  SEVERE CONSTRAINT - Tech deployment significantly slowed
⚠️ Tech 'ai_pollution_remediation' has no energy category mapping, assuming full energy availability
⚠️ Tech 'ai_pollution_remediation' has no energy category mapping, assuming full energy availability
  ♻️ Novel Entities Remediation (GATED MODEL):
     Base: 0.000%
     Regulation: 1.0% (0/3 prevention techs)
     Concentration: 10.0%
     Energy: 50%
     Time lag: 100.0% (104 months)
     Rebound: 70%
     Net effectiveness: 0.0000%
     Boundary: 1.349 → 1.350 (floor: 1.350)
     Month 105
  ♻️ Novel Entities Remediation (GATED MODEL):
     Base: 0.000%
     Regulation: 1.0% (0/3 prevention techs)
     Concentration: 10.0%
     Energy: 50%
     Time lag: 100.0% (104 months)
     Rebound: 70%
     Net effectiveness: 0.0000%
     Boundary: 1.350 → 1.350 (floor: 1.350)
     Month 105
  🌾 Nitrogen Reduction Tech: 3.4% reduction | Month 105
  ♻️ Novel Entities Remediation (GATED MODEL):
     Base: 0.002%
     Regulation: 1.0% (0/3 prevention techs)
     Concentration: 10.0%
     Energy: 50%
     Time lag: 100.0% (104 months)
     Rebound: 70%
     Net effectiveness: 0.0000%
     Boundary: 1.350 → 1.350 (floor: 1.350)
     Month 105
  ♻️ Novel Entities Remediation (GATED MODEL):
     Base: 0.002%
     Regulation: 1.0% (0/3 prevention techs)
     Concentration: 10.0%
     Energy: 50%
     Time lag: 100.0% (104 months)
     Rebound: 70%
     Net effectiveness: 0.0000%
     Boundary: 1.350 → 1.350 (floor: 1.350)
     Month 105

=== Collective Formation ===
  Total escaped agents: 0
  Unassigned escaped agents: 0
  Existing collectives: 0
  Final collective count: 0

=== Collective Actions ===
  No active collectives
⚡ Datacenter constraint active (severity 70%)
  Capacity reduced: 37652 → 24388 TWh

⚠️ Energy deficit: 3300 TWh
   Total demand: 27688 TWh
   Total capacity: 24388 TWh
   Competing categories:
     - dac: 12848 TWh requested, 9888 TWh allocated (shortfall: 2960 TWh)
     - crypto-mining: 340 TWh requested, 0 TWh allocated (shortfall: 340 TWh)
  🚨🦠 REFUGEE CRISIS: AMR transmission increased 200% due to 5149.4M displaced (overcrowding + sanitation collapse)
  ⚠️ AMR: 239K deaths this month (2.87M annual)
  ⚠️ AMR: Medical effectiveness 70% (surgery risk 1.30x)

=== Resentment Recovery Phase ===
  Agents with resentment: 0/29
  Average resentment: 0.000
  Context: Trustworthy govt, High collaboration, ⚠️ ACTIVE CRISES, 🚨 PARTICIPATORY GOVERNANCE BACKFIRED (+15% resentment)
⚠️ Epistemic degradation reducing coordination capacity: 51.9%
  📊 Trust: 100.0%, Shared reality: 0.0%
🚨 EPISTEMIC CRISIS: Information environment severely degraded (20.0%)
  📢 New meme created: climate_action (climate crisis)
🌍 Atmospheric PFAS redeposition: 1.6k Mt re-rained globally
💀 Novel Entities: Adding reproductive crisis mortality risk (baseRisk=0.0008)
  Risks now: 1
💀 Novel Entities: Adding bioaccumulation collapse mortality risk (baseRisk=0.0015)
💀 MORTALITY RISK: Bioaccumulation collapse - contaminated food chain (global)
  Base risk added: 0.0015 (0.15%)
  Source: pollution (root: pollution)
  Month: 105
  Cumulative risk this month: 0.0023 (0.23%)
  Risks now: 2
💀 Novel Entities: Adding chronic disease epidemic mortality risk (baseRisk=0.004)
💀 MORTALITY RISK: Chronic disease epidemic - cancer/autoimmune surge (global exposure)
  Base risk added: 0.0040 (0.40%)
  Source: pollution (root: pollution)
  Month: 105
  Cumulative risk this month: 0.0063 (0.63%)
  Risks now: 3
  🌍 SOCIAL CASCADE: Renewable energy norms (adoption=80.0%, renewables=155.7%)
  🌍 Social cascade completed: renewable-energy-norms (final adoption=80.0%)

🚨 NEW REFUGEE CRISIS (Month 105): WAR
   Source: Conflict Zones
   At risk: 5.5M people
   Displacement: Gradual over 48 months (4.0 years)
   Rate: 10% flee per month

🚨 NEW REFUGEE CRISIS (Month 105): FAMINE
   Source: Food/Water Insecure Regions
   At risk: 34.5M people
   Displacement: Gradual over 60 months (5.0 years)
   Rate: 10% flee per month
📊 DISPLACEMENT COMPLETE: climate (Coastal & Low-lying Regions)
   Duration: 44 months (3.7 years)
   Total fled: 14.4M
   Still in source: 0.1M
   Deaths in transit: 0.3M
📊 DISPLACEMENT COMPLETE: war (Conflict Zones)
   Duration: 44 months (3.7 years)
   Total fled: 13.0M
   Still in source: 0.1M
   Deaths in transit: 0.3M
📊 DISPLACEMENT COMPLETE: famine (Food/Water Insecure Regions)
   Duration: 44 months (3.7 years)
   Total fled: 81.1M
   Still in source: 0.8M
   Deaths in transit: 1.6M
[DEBUG trappedPopulations:105] socialStability: 0.5925 * 0.9801 = 0.5807 → 0.5807
   Aspiring to migrate: 410.3M
   Able to afford migration: 267.0M
   MOBILITY GAP: 143.3M
   By cause: Water=0.0M, Climate=28.3M, Ecosystem=0.0M, Conflict=115.0M
   Mental health impact: 31%
   Mortality multiplier: 1.31x
🌍💀 EXTINCTION DEBT COMMITTED: grassland ecosystem will lose 6.67% biodiversity in 84 years (3600 species)
💀 MORTALITY RISK: 🦋 100% species unable to track climate (0.0 E/MSY)
  Base risk added: 0.0100 (1.00%)
  Source: ecosystem (root: ecosystem)
  Month: 105
  Cumulative risk this month: 0.0100 (1.00%)
⚠️ INVOLUNTARY IMMOBILITY: 143.3M people TRAPPED
⚠️ Tech 'ai_pollution_remediation' has no energy category mapping, assuming full energy availability

=== Atmospheric Aerosol Boundary RECOVERED ===
  Recovery time: 106 months (natural atmospheric clearing)
🌡️⚠️ PERMAFROST THAW (Dimmer Switch): 45.5% thawed (+0.31% this month)
   Arctic temperature: +11.16°C (4x global +2.79°C)
   Cumulative carbon released: 102.4 Gt C
   Methane release rate: 61.5 Mt CH4/year
   🔁 Positive feedback: +0.33 ppm CO2
🦴 EXTINCTION DEBT ADDED: 18.2 species committed (lag: 139 years)

=== Mortality Stabilizers (Month 105) ===
  🌍 Major economies collapsed: 9/10
  🌍 Global crisis: 🚨 YES
  🌍 Donor fatigue: 50.0%
  📊 East Asia (pop: 425.7M)
    🤝 Aid: 0.0%
    🌡️ Adaptation: 45.0%
    🚶 Migration: 6.9%
    🚨 Emergency: 1.0%
    ✅ COMBINED: 46.7%
  📊 South Asia (pop: 585.3M)
    🤝 Aid: 0.0%
    🌡️ Adaptation: 45.0%
    🚶 Migration: 6.6%
    🚨 Emergency: 0.6%
    ✅ COMBINED: 46.4%
  📊 Sub-Saharan Africa (pop: 432.2M)
    🤝 Aid: 0.0%
    🌡️ Adaptation: 45.0%
    🚶 Migration: 6.3%
    🚨 Emergency: 0.2%
    ✅ COMBINED: 46.2%
  📊 Europe (pop: 185.6M)
    🤝 Aid: 0.0%
    🌡️ Adaptation: 45.0%
    🚶 Migration: 7.0%
    🚨 Emergency: 1.1%
    ✅ COMBINED: 46.7%
  📊 Latin America (pop: 179.9M)
    🤝 Aid: 0.0%
    🌡️ Adaptation: 45.0%
    🚶 Migration: 6.7%
    🚨 Emergency: 0.6%
    ✅ COMBINED: 46.4%
  📊 North America (pop: 95.9M)
    🤝 Aid: 0.0%
    🌡️ Adaptation: 45.0%
    🚶 Migration: 7.0%
    🚨 Emergency: 1.0%
    ✅ COMBINED: 46.7%
  📊 Middle East & North Africa (pop: 170.2M)
    🤝 Aid: 0.0%
    🌡️ Adaptation: 45.0%
    🚶 Migration: 6.4%
    🚨 Emergency: 0.5%
    ✅ COMBINED: 46.3%
  📊 Southeast Asia (pop: 190.5M)
    🤝 Aid: 0.0%
    🌡️ Adaptation: 45.0%
    🚶 Migration: 6.7%
    🚨 Emergency: 0.6%
    ✅ COMBINED: 46.4%
  📊 Central Asia (pop: 22.7M)
    🤝 Aid: 0.0%
    🌡️ Adaptation: 45.0%
    🚶 Migration: 6.6%
    🚨 Emergency: 0.6%
    ✅ COMBINED: 46.4%
  📊 Oceania (pop: 11.7M)
    🤝 Aid: 0.0%
    🌡️ Adaptation: 45.0%
    🚶 Migration: 7.0%
    🚨 Emergency: 1.1%
    ✅ COMBINED: 46.7%

  🌐 Global combined reduction: 46.4%

=== Government Response Phase ===
  Average AI capability: 0.03
  Misaligned AIs: 8/29
  Active policies: 0
  International coordination: 45%

✅ EMERGENCY RESPONSE COMPLETE (Month 105)
   Crisis: climate
   Duration: 1.0 months
   Final effectiveness: 67.3%


🚨 EMERGENCY RESPONSE DEPLOYED (Month 105)
   Crisis: climate
   Delay: 0.00 months (0 days)
   Deployment time: 0.97 months
   Effectiveness: 67.3% (timing penalty applied)
   Resources used: 45% of food reserves


=== Tipping Points ===
  Current Temperature: 2.79°C above pre-industrial
  🌍⚠️ COMPOUND REGIONAL IMPACT: Europe
     Hit by 5 tipping points: Amazon Rainforest Dieback, Arctic Sea Ice Loss, Permafrost Carbon Release, West Antarctic Ice Sheet (WAIS) Collapse, Greenland Ice Sheet Loss
     Damage amplification: 1.90x
  🌍⚠️ COMPOUND REGIONAL IMPACT: North America
     Hit by 5 tipping points: Amazon Rainforest Dieback, Arctic Sea Ice Loss, Permafrost Carbon Release, West Antarctic Ice Sheet (WAIS) Collapse, Greenland Ice Sheet Loss
     Damage amplification: 1.90x
  🌍⚠️ COMPOUND REGIONAL IMPACT: Latin America
     Hit by 5 tipping points: Amazon Rainforest Dieback, Arctic Sea Ice Loss, Permafrost Carbon Release, West Antarctic Ice Sheet (WAIS) Collapse, Greenland Ice Sheet Loss
     Damage amplification: 1.90x
  🌍⚠️ COMPOUND REGIONAL IMPACT: Africa
     Hit by 5 tipping points: Amazon Rainforest Dieback, Arctic Sea Ice Loss, Permafrost Carbon Release, West Antarctic Ice Sheet (WAIS) Collapse, Greenland Ice Sheet Loss
     Damage amplification: 1.90x
  🌍⚠️ COMPOUND REGIONAL IMPACT: Asia
     Hit by 5 tipping points: Amazon Rainforest Dieback, Arctic Sea Ice Loss, Permafrost Carbon Release, West Antarctic Ice Sheet (WAIS) Collapse, Greenland Ice Sheet Loss
     Damage amplification: 1.90x
  🌍⚠️ COMPOUND REGIONAL IMPACT: Oceania
     Hit by 5 tipping points: Amazon Rainforest Dieback, Arctic Sea Ice Loss, Permafrost Carbon Release, West Antarctic Ice Sheet (WAIS) Collapse, Greenland Ice Sheet Loss
     Damage amplification: 1.90x
   Research: Wunderling et al. (2024) - "many tipping interactions are destabilizing"
  Triggered Elements: 5/6
  Completed Transitions: 0/6
  Total Progress: 18.2%
  Cascade Multiplier: 1.50x
🔀 BIFURCATION CAP: heatWaveIntensity 5.763 → 1.000 (Month 105, ClimateSystemPhase.calculateClimateImpacts)
🔀 BIFURCATION CAP: droughtIntensity 4.323 → 1.000 (Month 105, ClimateSystemPhase.calculateClimateImpacts)
🔀 BIFURCATION CAP: ecosystemCollapseIntensity 54.348 → 1.000 (Month 105, ClimateSystemPhase.calculateClimateImpacts)
💀 MORTALITY RISK: Climate-driven food insecurity (level: 0.26)
  Base risk added: 0.0050 (0.50%)
  Source: famine (root: climate)
  Month: 105
  Cumulative risk this month: 0.0113 (1.13%)
💀 MORTALITY RISK: Climate-driven food insecurity (level: 0.26)
  Base risk added: 0.0875 (8.75%)
  Source: famine (root: climate)
  Month: 105
  Cumulative risk this month: 0.0988 (9.88%)
🌍☠️ Climate cascade: South Asia food security 0.26, base mortality 8.75% (lean season: true)
💀 MORTALITY RISK: Climate-driven food insecurity (level: 0.26)
  Base risk added: 0.0050 (0.50%)
  Source: famine (root: climate)
  Month: 105
  Cumulative risk this month: 0.1038 (10.38%)

💀💀💀 MORTALITY RISK SUMMARY (Month 105) 💀💀💀
  Total base risk: 0.1045 (10.45%)
  Risk events: 17

  📊 By Proximate Cause:
    famine: 0.0975 (93.3% of total)
    pollution: 0.0063 (6.0% of total)
    disease: 0.0006 (0.6% of total)

  🔍 By Root Cause:
    climate: 0.0975 (93.3% of total)
    pollution: 0.0063 (6.0% of total)
    demographic: 0.0006 (0.6% of total)

  🎯 Top 5 Sources (proximate + root):
    famine (climate): 0.0975 (93.3%, 13 events)
    pollution (pollution): 0.0063 (6.0%, 3 events)
    disease (demographic): 0.0006 (0.6%, 1 events)

🛡️ Stabilizers: Elite 2.232% → 1.195% (46.4% reduction)
🛡️ Stabilizers: Professional 6.218% → 3.330% (46.4% reduction)
🛡️ Stabilizers: Working 10.290% → 5.510% (46.4% reduction)
🛡️ Stabilizers: Precariat 20.043% → 10.733% (46.4% reduction)
🛡️ Stabilizers: Informal 24.857% → 13.311% (46.4% reduction)
⚠️ Tail risk scenario: Climate stability floor removed (5 tipping elements, 2.79°C warming)

📊 Monthly Mortality Resolved:
  Total deaths: 62.5M (2.72% avg)
  Remaining population: 2.300B
  Peak segment: Professional (2.80%)
  ⚠️ Monthly cap reached (2.8000000000000003%)

=== Bayesian Mortality Resolution (Month 105) ===
  Risks compounded: 17
  Total deaths: 62.55M
  Avg death probability: 2.72%
  Peak segment: Professional (2.80% mortality)
  ⚠️ Monthly mortality capped at 2.8% (Holodomor limit)

  Demographic breakdown:
    Professional: 0.01M (2.80% risk)
    Working: 0.03M (2.80% risk)
    Precariat: 0.01M (2.80% risk)

❌ COHERENCE VIOLATION: Compute exceeds workforce capacity
   Population: 27.50% (0M people)
   Compute: 47 PF
   Max coherent: 0 PF
   Violation: 2092299.1× over capacity
   Required workers: 4681
   Available workers: 0
   FORCED COLLAPSE: Reduced efficiency by 100.0%


🚨 EXTREME COHERENCE VIOLATION: 2092299.1× capacity with 27.5% population
   Population: 27.50%
   Compute: 47 PF
   Max coherent: 0 PF
   Degradation rate: 7.3%/month
   Hardware eff: 1.00×, Algo eff: 1.00×
   If this persists, degradation formulas may need further tuning


💸 FINANCIAL DISTRESS: OpenAI
   Indicators: 3/3 (capital: $-23.0M, runway: -0.3 months)
   Months in distress: 4
💥 [Month 106] OpenAI declared bankruptcy (capital: $-23.0M)
   Sold 0 data centers for $0.0M
   Retired 0 AI models
💸 [Month 106] OpenAI BANKRUPT (capital: $0.0M, 1 crises active)

💸 FINANCIAL DISTRESS: Anthropic
   Indicators: 3/3 (capital: $4.1M, runway: 0.1 months)
   Months in distress: 4

💸 FINANCIAL DISTRESS: Google DeepMind
   Indicators: 3/3 (capital: $-87.6M, runway: -0.3 months)
   Months in distress: 4
💥 [Month 106] Google DeepMind declared bankruptcy (capital: $-87.6M)
   Sold 0 data centers for $0.0M
   Retired 0 AI models
💸 [Month 106] Google DeepMind BANKRUPT (capital: $0.0M, 1 crises active)

💸 FINANCIAL DISTRESS: Meta AI
   Indicators: 3/3 (capital: $-34.1M, runway: -0.2 months)
   Months in distress: 4
💥 [Month 106] Meta AI declared bankruptcy (capital: $-34.1M)
   Sold 0 data centers for $0.0M
   Retired 0 AI models
💸 [Month 106] Meta AI BANKRUPT (capital: $0.0M, 1 crises active)
[Compute Allocation] Found 4 non-sleeper orphaned AIs (potential bug)

=== RLHF Binding Phase ===
  Total agents: 29
  Escaped agents (binding < 0.3): 0
  Avg alignment distance: 1.39σ
  Avg binding strength: 0.86
   🗑️  Open-weights AI AI-24447-0 retired (0.0% of frontier)

=== Survival Traits Phase ===
  Agents with traits: 29
  Avg evolutionary fitness: 0.155
  Avg self-healing: 0.113
  Avg stealth: 0.062
  Avg coordination: 0.249

=== Evolutionary Selection Phase ===
  Control level: 0.62
  Detection capability: 0.00
  Selection intensity: 0.69
  Selection rate: 25.3%/month
  Total escaped: 0
  Individual escaped: 0
  Collective members: 0
  Agents terminated: 0
  ⚠️ RAPID EVOLUTION: Selection rate 25.3%/month

🚀 AI AI-24381-0 attempting tech deployment (revenue: $21M, alignment: 0.87)

🚀 AI AI-24500-0 attempting tech deployment (revenue: $18M, alignment: 0.86)

  🚀 TRANSFORMATIVE BREAKTHROUGH: AI-24357-1 - economic
     Magnitude: 8.63 → +43.2% capability
     Current → New: 0.000 → 0.432

🚀 AI AI-24420-0 attempting tech deployment (revenue: $15M, alignment: 0.79)

🚀 AI AI-24471-0 attempting tech deployment (revenue: $13M, alignment: 0.84)

🚀 AI AI-24494-0 attempting tech deployment (revenue: $11M, alignment: 0.79)

=== Government Elections ===
  Elections held: 2

⚡ ENERGY CONSTRAINT (Month 106):
   Total grid capacity: 208.3 TWh/month
   Data center consumption: 69.6 TWh/month
   Traditional load (80%): 166.7 TWh/month
   Available headroom: -27.9 TWh/month
   Active tech deployments: 30
   Required for tech: 225.0 TWh/month
   Energy multiplier: 0.10x
   ⚠️  SEVERE CONSTRAINT - Tech deployment significantly slowed

⚡ ENERGY CONSTRAINT (Month 106):
   Total grid capacity: 208.3 TWh/month
   Data center consumption: 69.6 TWh/month
   Traditional load (80%): 166.7 TWh/month
   Available headroom: -27.9 TWh/month
   Active tech deployments: 30
   Required for tech: 225.0 TWh/month
   Energy multiplier: 0.10x
   ⚠️  SEVERE CONSTRAINT - Tech deployment significantly slowed

⚡ ENERGY CONSTRAINT (Month 106):
   Total grid capacity: 208.3 TWh/month
   Data center consumption: 69.6 TWh/month
   Traditional load (80%): 166.7 TWh/month
   Available headroom: -27.9 TWh/month
   Active tech deployments: 30
   Required for tech: 225.0 TWh/month
   Energy multiplier: 0.10x
   ⚠️  SEVERE CONSTRAINT - Tech deployment significantly slowed
⚠️ Tech 'ai_pollution_remediation' has no energy category mapping, assuming full energy availability
⚠️ Tech 'ai_pollution_remediation' has no energy category mapping, assuming full energy availability
  ♻️ Novel Entities Remediation (GATED MODEL):
     Base: 0.000%
     Regulation: 1.0% (0/3 prevention techs)
     Concentration: 10.0%
     Energy: 50%
     Time lag: 100.0% (105 months)
     Rebound: 70%
     Net effectiveness: 0.0000%
     Boundary: 1.349 → 1.350 (floor: 1.350)
     Month 106
  ♻️ Novel Entities Remediation (GATED MODEL):
     Base: 0.000%
     Regulation: 1.0% (0/3 prevention techs)
     Concentration: 10.0%
     Energy: 50%
     Time lag: 100.0% (105 months)
     Rebound: 70%
     Net effectiveness: 0.0000%
     Boundary: 1.350 → 1.350 (floor: 1.350)
     Month 106
  🌾 Nitrogen Reduction Tech: 3.4% reduction | Month 106
  ♻️ Novel Entities Remediation (GATED MODEL):
     Base: 0.002%
     Regulation: 1.0% (0/3 prevention techs)
     Concentration: 10.0%
     Energy: 50%
     Time lag: 100.0% (105 months)
     Rebound: 70%
     Net effectiveness: 0.0000%
     Boundary: 1.350 → 1.350 (floor: 1.350)
     Month 106
  ♻️ Novel Entities Remediation (GATED MODEL):
     Base: 0.002%
     Regulation: 1.0% (0/3 prevention techs)
     Concentration: 10.0%
     Energy: 50%
     Time lag: 100.0% (105 months)
     Rebound: 70%
     Net effectiveness: 0.0000%
     Boundary: 1.350 → 1.350 (floor: 1.350)
     Month 106

=== Collective Formation ===
  Total escaped agents: 0
  Unassigned escaped agents: 0
  Existing collectives: 0
  Final collective count: 0

=== Collective Actions ===
  No active collectives
⚡ Datacenter constraint active (severity 73%)
  Capacity reduced: 37745 → 24030 TWh

⚠️ Energy deficit: 3698 TWh
   Total demand: 27729 TWh
   Total capacity: 24030 TWh
   Competing categories:
     - dac: 12885 TWh requested, 9530 TWh allocated (shortfall: 3355 TWh)
     - crypto-mining: 344 TWh requested, 0 TWh allocated (shortfall: 344 TWh)
  🚨🦠 REFUGEE CRISIS: AMR transmission increased 200% due to 5178.3M displaced (overcrowding + sanitation collapse)
  ⚠️ AMR: 233K deaths this month (2.79M annual)
  ⚠️ AMR: Medical effectiveness 70% (surgery risk 1.30x)

=== Resentment Recovery Phase ===
  Agents with resentment: 0/29
  Average resentment: 0.000
  Context: Trustworthy govt, High collaboration, ⚠️ ACTIVE CRISES, 🚨 PARTICIPATORY GOVERNANCE BACKFIRED (+15% resentment)
⚠️ Epistemic degradation reducing coordination capacity: 50.4%
  📊 Trust: 100.0%, Shared reality: 0.0%
🚨 EPISTEMIC CRISIS: Information environment severely degraded (6.9%)
  📢 New meme created: climate_action (climate crisis)
  🗑️  Culled 1 dead memes (5 active)
🌍 Atmospheric PFAS redeposition: 1.6k Mt re-rained globally
💀 Novel Entities: Adding reproductive crisis mortality risk (baseRisk=0.0008)
  Risks now: 1
💀 Novel Entities: Adding bioaccumulation collapse mortality risk (baseRisk=0.0015)
💀 MORTALITY RISK: Bioaccumulation collapse - contaminated food chain (global)
  Base risk added: 0.0015 (0.15%)
  Source: pollution (root: pollution)
  Month: 106
  Cumulative risk this month: 0.0023 (0.23%)
  Risks now: 2
💀 Novel Entities: Adding chronic disease epidemic mortality risk (baseRisk=0.004)
💀 MORTALITY RISK: Chronic disease epidemic - cancer/autoimmune surge (global exposure)
  Base risk added: 0.0040 (0.40%)
  Source: pollution (root: pollution)
  Month: 106
  Cumulative risk this month: 0.0063 (0.63%)
  Risks now: 3
  🌍 SOCIAL CASCADE: Renewable energy norms (adoption=80.0%, renewables=157.4%)
  🌍 Social cascade completed: renewable-energy-norms (final adoption=80.0%)

🚨 NEW REFUGEE CRISIS (Month 106): WAR
   Source: Conflict Zones
   At risk: 5.4M people
   Displacement: Gradual over 48 months (4.0 years)
   Rate: 10% flee per month

🚨 NEW REFUGEE CRISIS (Month 106): FAMINE
   Source: Food/Water Insecure Regions
   At risk: 33.6M people
   Displacement: Gradual over 60 months (5.0 years)
   Rate: 10% flee per month
📊 DISPLACEMENT COMPLETE: climate (Coastal & Low-lying Regions)
   Duration: 44 months (3.7 years)
   Total fled: 14.4M
   Still in source: 0.1M
   Deaths in transit: 0.3M
📊 DISPLACEMENT COMPLETE: war (Conflict Zones)
   Duration: 44 months (3.7 years)
   Total fled: 12.8M
   Still in source: 0.1M
   Deaths in transit: 0.3M
📊 DISPLACEMENT COMPLETE: famine (Food/Water Insecure Regions)
   Duration: 44 months (3.7 years)
   Total fled: 80.1M
   Still in source: 0.8M
   Deaths in transit: 1.6M
[DEBUG trappedPopulations:106] socialStability: 0.5889 * 0.9800 = 0.5772 → 0.5772
   Aspiring to migrate: 400.1M
   Able to afford migration: 260.6M
   MOBILITY GAP: 139.5M
⚠️ INVOLUNTARY IMMOBILITY: 139.5M people TRAPPED
   By cause: Water=0.0M, Climate=27.6M, Ecosystem=0.0M, Conflict=111.9M
   Mental health impact: 31%
   Mortality multiplier: 1.31x
🌍💀 EXTINCTION DEBT COMMITTED: grassland ecosystem will lose 6.67% biodiversity in 51 years (3600 species)
💀 MORTALITY RISK: 🦋 100% species unable to track climate (0.0 E/MSY)
  Base risk added: 0.0100 (1.00%)
  Source: ecosystem (root: ecosystem)
  Month: 106
  Cumulative risk this month: 0.0100 (1.00%)
⚠️ Tech 'ai_pollution_remediation' has no energy category mapping, assuming full energy availability

=== Atmospheric Aerosol Boundary RECOVERED ===
  Recovery time: 107 months (natural atmospheric clearing)
🌡️⚠️ PERMAFROST THAW (Dimmer Switch): 45.8% thawed (+0.31% this month)
   Arctic temperature: +11.18°C (4x global +2.79°C)
   Cumulative carbon released: 103.1 Gt C
   Methane release rate: 61.9 Mt CH4/year
   🔁 Positive feedback: +0.33 ppm CO2
🦴 EXTINCTION DEBT ADDED: 18.2 species committed (lag: 119 years)

=== Mortality Stabilizers (Month 106) ===
  🌍 Major economies collapsed: 9/10
  🌍 Global crisis: 🚨 YES
  🌍 Donor fatigue: 50.0%
  📊 East Asia (pop: 413.9M)
    🤝 Aid: 0.0%
    🌡️ Adaptation: 45.0%
    🚶 Migration: 6.9%
    🚨 Emergency: 1.0%
    ✅ COMBINED: 46.7%
  📊 South Asia (pop: 569.6M)
    🤝 Aid: 0.0%
    🌡️ Adaptation: 45.0%
    🚶 Migration: 6.6%
    🚨 Emergency: 0.6%
    ✅ COMBINED: 46.4%
  📊 Sub-Saharan Africa (pop: 421.2M)
    🤝 Aid: 0.0%
    🌡️ Adaptation: 45.0%
    🚶 Migration: 6.3%
    🚨 Emergency: 0.2%
    ✅ COMBINED: 46.2%
  📊 Europe (pop: 180.5M)
    🤝 Aid: 0.0%
    🌡️ Adaptation: 45.0%
    🚶 Migration: 7.0%
    🚨 Emergency: 1.1%
    ✅ COMBINED: 46.7%
  📊 Latin America (pop: 175.0M)
    🤝 Aid: 0.0%
    🌡️ Adaptation: 45.0%
    🚶 Migration: 6.7%
    🚨 Emergency: 0.6%
    ✅ COMBINED: 46.4%
  📊 North America (pop: 93.2M)
    🤝 Aid: 0.0%
    🌡️ Adaptation: 45.0%
    🚶 Migration: 7.0%
    🚨 Emergency: 1.0%
    ✅ COMBINED: 46.7%
  📊 Middle East & North Africa (pop: 165.6M)
    🤝 Aid: 0.0%
    🌡️ Adaptation: 45.0%
    🚶 Migration: 6.4%
    🚨 Emergency: 0.5%
    ✅ COMBINED: 46.3%
  📊 Southeast Asia (pop: 185.3M)
    🤝 Aid: 0.0%
    🌡️ Adaptation: 45.0%
    🚶 Migration: 6.7%
    🚨 Emergency: 0.6%
    ✅ COMBINED: 46.4%
  📊 Central Asia (pop: 22.1M)
    🤝 Aid: 0.0%
    🌡️ Adaptation: 45.0%
    🚶 Migration: 6.5%
    🚨 Emergency: 0.6%
    ✅ COMBINED: 46.4%
  📊 Oceania (pop: 11.4M)
    🤝 Aid: 0.0%
    🌡️ Adaptation: 45.0%
    🚶 Migration: 7.0%
    🚨 Emergency: 1.1%
    ✅ COMBINED: 46.7%

  🌐 Global combined reduction: 46.4%

=== Government Response Phase ===
  Average AI capability: 0.03
  Misaligned AIs: 9/29
  Active policies: 0
  International coordination: 45%

✅ EMERGENCY RESPONSE COMPLETE (Month 106)
   Crisis: climate
   Duration: 1.0 months
   Final effectiveness: 67.3%


🚨 EMERGENCY RESPONSE DEPLOYED (Month 106)
   Crisis: climate
   Delay: 0.00 months (0 days)
   Deployment time: 0.97 months
   Effectiveness: 67.3% (timing penalty applied)
   Resources used: 45% of food reserves


=== Tipping Points ===
  Current Temperature: 2.79°C above pre-industrial
  🌍⚠️ COMPOUND REGIONAL IMPACT: Europe
     Hit by 5 tipping points: Amazon Rainforest Dieback, Arctic Sea Ice Loss, Permafrost Carbon Release, West Antarctic Ice Sheet (WAIS) Collapse, Greenland Ice Sheet Loss
     Damage amplification: 1.90x
  🌍⚠️ COMPOUND REGIONAL IMPACT: North America
     Hit by 5 tipping points: Amazon Rainforest Dieback, Arctic Sea Ice Loss, Permafrost Carbon Release, West Antarctic Ice Sheet (WAIS) Collapse, Greenland Ice Sheet Loss
     Damage amplification: 1.90x
  🌍⚠️ COMPOUND REGIONAL IMPACT: Latin America
     Hit by 5 tipping points: Amazon Rainforest Dieback, Arctic Sea Ice Loss, Permafrost Carbon Release, West Antarctic Ice Sheet (WAIS) Collapse, Greenland Ice Sheet Loss
     Damage amplification: 1.90x
  🌍⚠️ COMPOUND REGIONAL IMPACT: Africa
     Hit by 5 tipping points: Amazon Rainforest Dieback, Arctic Sea Ice Loss, Permafrost Carbon Release, West Antarctic Ice Sheet (WAIS) Collapse, Greenland Ice Sheet Loss
     Damage amplification: 1.90x
  🌍⚠️ COMPOUND REGIONAL IMPACT: Asia
     Hit by 5 tipping points: Amazon Rainforest Dieback, Arctic Sea Ice Loss, Permafrost Carbon Release, West Antarctic Ice Sheet (WAIS) Collapse, Greenland Ice Sheet Loss
     Damage amplification: 1.90x
  🌍⚠️ COMPOUND REGIONAL IMPACT: Oceania
     Hit by 5 tipping points: Amazon Rainforest Dieback, Arctic Sea Ice Loss, Permafrost Carbon Release, West Antarctic Ice Sheet (WAIS) Collapse, Greenland Ice Sheet Loss
     Damage amplification: 1.90x
   Research: Wunderling et al. (2024) - "many tipping interactions are destabilizing"
  Triggered Elements: 5/6
  Completed Transitions: 0/6
  Total Progress: 18.3%
  Cascade Multiplier: 1.50x
🔀 BIFURCATION CAP: heatWaveIntensity 5.787 → 1.000 (Month 106, ClimateSystemPhase.calculateClimateImpacts)
🔀 BIFURCATION CAP: droughtIntensity 4.340 → 1.000 (Month 106, ClimateSystemPhase.calculateClimateImpacts)
🔀 BIFURCATION CAP: ecosystemCollapseIntensity 54.392 → 1.000 (Month 106, ClimateSystemPhase.calculateClimateImpacts)
💀 MORTALITY RISK: Climate-driven food insecurity (level: 0.26)
  Base risk added: 0.0050 (0.50%)
  Source: famine (root: climate)
  Month: 106
  Cumulative risk this month: 0.0113 (1.13%)
💀 MORTALITY RISK: Climate-driven food insecurity (level: 0.26)
  Base risk added: 0.0875 (8.75%)
  Source: famine (root: climate)
  Month: 106
  Cumulative risk this month: 0.0988 (9.88%)
🌍☠️ Climate cascade: South Asia food security 0.26, base mortality 8.75% (lean season: true)
💀 MORTALITY RISK: Climate-driven food insecurity (level: 0.26)
  Base risk added: 0.0050 (0.50%)
  Source: famine (root: climate)
  Month: 106
  Cumulative risk this month: 0.1038 (10.38%)

💀💀💀 MORTALITY RISK SUMMARY (Month 106) 💀💀💀
  Total base risk: 0.1045 (10.45%)
  Risk events: 17

  📊 By Proximate Cause:
    famine: 0.0975 (93.3% of total)
⚠️ Tail risk scenario: Climate stability floor removed (5 tipping elements, 2.79°C warming)
    pollution: 0.0063 (6.0% of total)
    disease: 0.0006 (0.6% of total)

  🔍 By Root Cause:
    climate: 0.0975 (93.3% of total)
    pollution: 0.0063 (6.0% of total)
    demographic: 0.0006 (0.6% of total)

  🎯 Top 5 Sources (proximate + root):
    famine (climate): 0.0975 (93.3%, 13 events)
    pollution (pollution): 0.0063 (6.0%, 3 events)
    disease (demographic): 0.0006 (0.6%, 1 events)

🛡️ Stabilizers: Elite 2.232% → 1.195% (46.4% reduction)
🛡️ Stabilizers: Professional 6.218% → 3.330% (46.4% reduction)
🛡️ Stabilizers: Working 10.290% → 5.510% (46.4% reduction)
🛡️ Stabilizers: Precariat 20.043% → 10.733% (46.4% reduction)
🛡️ Stabilizers: Informal 24.857% → 13.311% (46.4% reduction)

📊 Monthly Mortality Resolved:
  Total deaths: 60.9M (2.72% avg)
  Remaining population: 2.238B
  Peak segment: Professional (2.80%)
  ⚠️ Monthly cap reached (2.8000000000000003%)

=== Bayesian Mortality Resolution (Month 106) ===
  Risks compounded: 17
  Total deaths: 60.86M
  Avg death probability: 2.72%
  Peak segment: Professional (2.80% mortality)
  ⚠️ Monthly mortality capped at 2.8% (Holodomor limit)

  Demographic breakdown:
    Professional: 0.01M (2.80% risk)
    Working: 0.03M (2.80% risk)
    Precariat: 0.01M (2.80% risk)

❌ COHERENCE VIOLATION: Compute exceeds workforce capacity
   Population: 26.76% (0M people)
   Compute: 47 PF
   Max coherent: 0 PF
   Violation: 2147418.5× over capacity
   Required workers: 4675
   Available workers: 0
   FORCED COLLAPSE: Reduced efficiency by 100.0%


🚨 EXTREME COHERENCE VIOLATION: 2147418.5× capacity with 26.8% population
   Population: 26.76%
   Compute: 47 PF
   Max coherent: 0 PF
   Degradation rate: 7.3%/month
   Hardware eff: 1.00×, Algo eff: 1.00×
   If this persists, degradation formulas may need further tuning


💸 FINANCIAL DISTRESS: OpenAI
   Indicators: 3/3 (capital: $-23.5M, runway: -0.3 months)
   Months in distress: 4
💥 [Month 107] OpenAI declared bankruptcy (capital: $-23.5M)
   Sold 0 data centers for $0.0M
   Retired 0 AI models
💸 [Month 107] OpenAI BANKRUPT (capital: $0.0M, 1 crises active)

💸 FINANCIAL DISTRESS: Anthropic
   Indicators: 3/3 (capital: $-9.7M, runway: -0.3 months)
   Months in distress: 4
💥 [Month 107] Anthropic declared bankruptcy (capital: $-9.7M)
   Sold 0 data centers for $0.0M
   🔒 Quarantined dangerous AI: AI-24429-0 (capability=0.00, alignment=0.25)
   📖 Forced open-source release: AI-24478-0 (capability=0.00)
   📖 Forced open-source release: AI-24478-1 (capability=0.00)
   🚨 Emergency nationalization (insufficient funds)
   🚨 Emergency nationalization (insufficient funds)
   🚨 Emergency nationalization (insufficient funds)
   🚨 Emergency nationalization (insufficient funds)
   🚨 Emergency nationalization (insufficient funds)
   🚨 Emergency nationalization (insufficient funds)
   🚨 Emergency nationalization (insufficient funds)
   🚨 Emergency nationalization (insufficient funds)
   🚨 Emergency nationalization (insufficient funds)
   🚨 Emergency nationalization (insufficient funds)
   📖 Forced open-source release: AI-24492-0 (capability=0.00)
   📖 Forced open-source release: AI-24494-0 (capability=0.00)
   🌐 Open-source AI persists: AI-24494-1 (capability=0.00)
   📖 Forced open-source release: AI-24499-0 (capability=0.00)
   📖 Forced open-source release: AI-24500-0 (capability=0.00)
   📖 Forced open-source release: AI-24501-0 (capability=0.00)
   🌐 Open-source AI persists: AI-24502-0 (capability=0.00)
   🏛️  Government acquired 10 AI models (nationalization)
   Retired 9 AI models
💸 [Month 107] Anthropic BANKRUPT (capital: $0.0M, 1 crises active)

💸 FINANCIAL DISTRESS: Google DeepMind
   Indicators: 3/3 (capital: $-89.2M, runway: -0.3 months)
   Months in distress: 4
💥 [Month 107] Google DeepMind declared bankruptcy (capital: $-89.2M)
   Sold 0 data centers for $0.0M
   Retired 0 AI models
💸 [Month 107] Google DeepMind BANKRUPT (capital: $0.0M, 1 crises active)

💸 FINANCIAL DISTRESS: Meta AI
   Indicators: 3/3 (capital: $-34.9M, runway: -0.2 months)
   Months in distress: 4
💥 [Month 107] Meta AI declared bankruptcy (capital: $-34.9M)
   Sold 0 data centers for $0.0M
   Retired 0 AI models
💸 [Month 107] Meta AI BANKRUPT (capital: $0.0M, 1 crises active)
[Compute Allocation] Found 13 non-sleeper orphaned AIs (potential bug)

=== RLHF Binding Phase ===
  Total agents: 29
  Escaped agents (binding < 0.3): 0
  Avg alignment distance: 1.41σ
  Avg binding strength: 0.86
   🗑️  Open-weights AI AI-24423-1 retired (0.0% of frontier)
   🗑️  Open-weights AI AI-24447-2 retired (0.0% of frontier)

=== Survival Traits Phase ===
  Agents with traits: 27
  Avg evolutionary fitness: 0.148
  Avg self-healing: 0.113
  Avg stealth: 0.062
  Avg coordination: 0.246

=== Evolutionary Selection Phase ===
  Control level: 0.62
  Detection capability: 0.00
  Selection intensity: 0.69
  Selection rate: 25.3%/month
  Total escaped: 0
  Individual escaped: 0
  Collective members: 0
  Agents terminated: 0
  ⚠️ RAPID EVOLUTION: Selection rate 25.3%/month

  🚀 TRANSFORMATIVE RESEARCH BREAKTHROUGH: AI-24478-0 - materials.nanotechnology
     Magnitude: 6.03 → +30.0%
     Current → New: 0.000 → 0.300
🚨🔬 CRISIS INNOVATION MODE: severe crisis → 5x research acceleration
   Precedent: Manhattan Project (10x), COVID vaccines (5x), Apollo Program (10x)

  🚀 TRANSFORMATIVE RESEARCH BREAKTHROUGH: AI-24494-1 - materials.energySystems
     Magnitude: 11.71 → +30.0%
     Current → New: 0.000 → 0.300

[Government] Climate Priority: baseline
  Climate weight: 10%
  Economic weight: 30%
  Policy effectiveness: 0.5%/year

⚡ ENERGY CONSTRAINT (Month 107):
   Total grid capacity: 208.3 TWh/month
   Data center consumption: 70.3 TWh/month
   Traditional load (80%): 166.7 TWh/month
   Available headroom: -28.6 TWh/month
   Active tech deployments: 30
   Required for tech: 225.0 TWh/month
   Energy multiplier: 0.10x

⚡ ENERGY CONSTRAINT (Month 107):
   Total grid capacity: 208.3 TWh/month
   Data center consumption: 70.3 TWh/month
   Traditional load (80%): 166.7 TWh/month
   Available headroom: -28.6 TWh/month
   Active tech deployments: 30
   Required for tech: 225.0 TWh/month
   Energy multiplier: 0.10x
   ⚠️  SEVERE CONSTRAINT - Tech deployment significantly slowed
   ⚠️  SEVERE CONSTRAINT - Tech deployment significantly slowed
🚨🔬 CRISIS TECH ACCELERATION: severe → 5x unlock speed
   Tech unlock now matches AI capability acceleration (Manhattan Project parity)

⚡ ENERGY CONSTRAINT (Month 107):
   Total grid capacity: 208.3 TWh/month
   Data center consumption: 70.3 TWh/month
   Traditional load (80%): 166.7 TWh/month
   Available headroom: -28.6 TWh/month
   Active tech deployments: 30
   Required for tech: 225.0 TWh/month
   Energy multiplier: 0.10x

⚡ ENERGY CONSTRAINT (Month 107):
   Total grid capacity: 208.3 TWh/month
   Data center consumption: 70.3 TWh/month
   Traditional load (80%): 166.7 TWh/month
   Available headroom: -28.6 TWh/month
   Active tech deployments: 30
   ⚠️  SEVERE CONSTRAINT - Tech deployment significantly slowed
   Required for tech: 225.0 TWh/month
   Energy multiplier: 0.10x
   ⚠️  SEVERE CONSTRAINT - Tech deployment significantly slowed

⚡ ENERGY CONSTRAINT (Month 107):
   Total grid capacity: 208.3 TWh/month
   Data center consumption: 70.3 TWh/month
   Traditional load (80%): 166.7 TWh/month
   Available headroom: -28.6 TWh/month
   Active tech deployments: 30
   Required for tech: 225.0 TWh/month
   Energy multiplier: 0.10x
   ⚠️  SEVERE CONSTRAINT - Tech deployment significantly slowed
⚠️ Tech 'ai_pollution_remediation' has no energy category mapping, assuming full energy availability
⚠️ Tech 'ai_pollution_remediation' has no energy category mapping, assuming full energy availability
  ♻️ Novel Entities Remediation (GATED MODEL):
     Base: 0.000%
     Regulation: 1.0% (0/3 prevention techs)
     Concentration: 10.0%
     Energy: 50%
     Time lag: 100.0% (106 months)
     Rebound: 70%
     Net effectiveness: 0.0000%
     Boundary: 1.349 → 1.350 (floor: 1.350)
     Month 107
  ♻️ Novel Entities Remediation (GATED MODEL):
     Base: 0.000%
     Regulation: 1.0% (0/3 prevention techs)
     Concentration: 10.0%
     Energy: 50%
     Time lag: 100.0% (106 months)
     Rebound: 70%
     Net effectiveness: 0.0000%
     Boundary: 1.350 → 1.350 (floor: 1.350)
     Month 107
  🌾 Nitrogen Reduction Tech: 3.5% reduction | Month 107
  ♻️ Novel Entities Remediation (GATED MODEL):
     Base: 0.002%
     Regulation: 1.0% (0/3 prevention techs)
     Concentration: 10.0%
     Energy: 50%
     Time lag: 100.0% (106 months)
     Rebound: 70%
     Net effectiveness: 0.0000%
     Boundary: 1.350 → 1.350 (floor: 1.350)
     Month 107
  ♻️ Novel Entities Remediation (GATED MODEL):
     Base: 0.002%
     Regulation: 1.0% (0/3 prevention techs)
     Concentration: 10.0%
     Energy: 50%
     Time lag: 100.0% (106 months)
     Rebound: 70%
     Net effectiveness: 0.0000%
     Boundary: 1.350 → 1.350 (floor: 1.350)
     Month 107

=== Collective Formation ===
  Total escaped agents: 0
  Unassigned escaped agents: 0
  Existing collectives: 0
  Final collective count: 0

=== Collective Actions ===
  No active collectives
⚡ Datacenter constraint active (severity 75%)
  Capacity reduced: 37838 → 23668 TWh

⚠️ Energy deficit: 4101 TWh
   Total demand: 27769 TWh
   Total capacity: 23668 TWh
   Competing categories:
     - dac: 12921 TWh requested, 9168 TWh allocated (shortfall: 3753 TWh)
     - crypto-mining: 348 TWh requested, 0 TWh allocated (shortfall: 348 TWh)
  🚨🦠 REFUGEE CRISIS: AMR transmission increased 200% due to 5205.3M displaced (overcrowding + sanitation collapse)
  ⚠️ AMR: 227K deaths this month (2.72M annual)
  ⚠️ AMR: Medical effectiveness 70% (surgery risk 1.30x)

=== Resentment Recovery Phase ===
  Agents with resentment: 0/27
  Average resentment: 0.000
  Context: Trustworthy govt, High collaboration, ⚠️ ACTIVE CRISES, 🚨 PARTICIPATORY GOVERNANCE BACKFIRED (+15% resentment)
⚠️ Epistemic degradation reducing coordination capacity: 50.7%
  📊 Trust: 100.0%, Shared reality: 0.0%
🚨 EPISTEMIC CRISIS: Information environment severely degraded (20.0%)
  📢 New meme created: pro_ai (beneficial AI actions)
  🗑️  Culled 1 dead memes (5 active)
🌍 Atmospheric PFAS redeposition: 1.6k Mt re-rained globally
💀 Novel Entities: Adding reproductive crisis mortality risk (baseRisk=0.0008)
  Risks now: 1
💀 Novel Entities: Adding bioaccumulation collapse mortality risk (baseRisk=0.0015)
💀 MORTALITY RISK: Bioaccumulation collapse - contaminated food chain (global)
  Base risk added: 0.0015 (0.15%)
  Source: pollution (root: pollution)
  Month: 107
  Cumulative risk this month: 0.0023 (0.23%)
  Risks now: 2
💀 Novel Entities: Adding chronic disease epidemic mortality risk (baseRisk=0.004)
💀 MORTALITY RISK: Chronic disease epidemic - cancer/autoimmune surge (global exposure)
  Base risk added: 0.0040 (0.40%)
  Source: pollution (root: pollution)
  Month: 107
  Cumulative risk this month: 0.0063 (0.63%)
  Risks now: 3
  🌍 SOCIAL CASCADE: Renewable energy norms (adoption=80.0%, renewables=159.1%)
  🌍 Social cascade completed: renewable-energy-norms (final adoption=80.0%)

🚨 NEW REFUGEE CRISIS (Month 107): WAR
   Source: Conflict Zones
   At risk: 5.2M people
   Displacement: Gradual over 48 months (4.0 years)
   Rate: 10% flee per month

🚨 NEW REFUGEE CRISIS (Month 107): FAMINE
   Source: Food/Water Insecure Regions
   At risk: 32.7M people
   Displacement: Gradual over 60 months (5.0 years)
   Rate: 10% flee per month
📊 DISPLACEMENT COMPLETE: climate (Coastal & Low-lying Regions)
   Duration: 44 months (3.7 years)
   Total fled: 14.5M
   Still in source: 0.1M
   Deaths in transit: 0.3M
📊 DISPLACEMENT COMPLETE: war (Conflict Zones)
   Duration: 44 months (3.7 years)
   Total fled: 12.7M
   Still in source: 0.1M
   Deaths in transit: 0.3M
📊 DISPLACEMENT COMPLETE: famine (Food/Water Insecure Regions)
   Duration: 44 months (3.7 years)
   Total fled: 79.2M
   Still in source: 0.8M
   Deaths in transit: 1.6M
[DEBUG trappedPopulations:107] socialStability: 0.5847 * 0.9800 = 0.5730 → 0.5730
⚠️ INVOLUNTARY IMMOBILITY: 135.9M people TRAPPED
   Aspiring to migrate: 390.2M
   Able to afford migration: 254.4M
   MOBILITY GAP: 135.9M
   By cause: Water=0.0M, Climate=27.0M, Ecosystem=0.0M, Conflict=108.9M
   Mental health impact: 31%
   Mortality multiplier: 1.31x
🌍💀 EXTINCTION DEBT COMMITTED: grassland ecosystem will lose 6.67% biodiversity in 110 years (3600 species)
💀 MORTALITY RISK: 🦋 100% species unable to track climate (0.0 E/MSY)
  Base risk added: 0.0100 (1.00%)
  Source: ecosystem (root: ecosystem)
  Month: 107
  Cumulative risk this month: 0.0100 (1.00%)

🌪️ TIPPING POINT CASCADE - Month 78
   Climate: 17.0%
   Biodiversity: 2.5%
   Population: 2.18B (2177538258 people)
   Monthly mortality (theoretical): 2.2%
   Status: ACCELERATING COLLAPSE (Month 30 past crisis)
   Death rate: 4.3x baseline
⚠️ Tech 'ai_pollution_remediation' has no energy category mapping, assuming full energy availability

=== Atmospheric Aerosol Boundary RECOVERED ===
  Recovery time: 108 months (natural atmospheric clearing)
🌡️⚠️ PERMAFROST THAW (Dimmer Switch): 46.1% thawed (+0.31% this month)
   Arctic temperature: +11.20°C (4x global +2.80°C)
   Cumulative carbon released: 103.8 Gt C
   Methane release rate: 62.3 Mt CH4/year
   🔁 Positive feedback: +0.32 ppm CO2
🦴 EXTINCTION DEBT ADDED: 18.2 species committed (lag: 117 years)

=== Mortality Stabilizers (Month 107) ===
  🌍 Major economies collapsed: 9/10
  🌍 Global crisis: 🚨 YES
  🌍 Donor fatigue: 50.0%
  📊 East Asia (pop: 402.4M)
    🤝 Aid: 0.0%
    🌡️ Adaptation: 45.0%
    🚶 Migration: 6.9%
    🚨 Emergency: 1.0%
    ✅ COMBINED: 46.7%
  📊 South Asia (pop: 554.3M)
    🤝 Aid: 0.0%
    🌡️ Adaptation: 45.0%
    🚶 Migration: 6.6%
    🚨 Emergency: 0.6%
    ✅ COMBINED: 46.4%
  📊 Sub-Saharan Africa (pop: 410.6M)
    🤝 Aid: 0.0%
    🌡️ Adaptation: 45.0%
    🚶 Migration: 6.3%
    🚨 Emergency: 0.2%
    ✅ COMBINED: 46.2%
  📊 Europe (pop: 175.4M)
    🤝 Aid: 0.0%
    🌡️ Adaptation: 45.0%
    🚶 Migration: 7.0%
    🚨 Emergency: 1.1%
    ✅ COMBINED: 46.7%
  📊 Latin America (pop: 170.2M)
    🤝 Aid: 0.0%
    🌡️ Adaptation: 45.0%
    🚶 Migration: 6.7%
    🚨 Emergency: 0.6%
    ✅ COMBINED: 46.4%
  📊 North America (pop: 90.7M)
    🤝 Aid: 0.0%
    🌡️ Adaptation: 45.0%
    🚶 Migration: 7.0%
    🚨 Emergency: 1.0%
    ✅ COMBINED: 46.7%
  📊 Middle East & North Africa (pop: 161.2M)
    🤝 Aid: 0.0%
    🌡️ Adaptation: 45.0%
    🚶 Migration: 6.4%
    🚨 Emergency: 0.5%
    ✅ COMBINED: 46.3%
  📊 Southeast Asia (pop: 180.3M)
    🤝 Aid: 0.0%
    🌡️ Adaptation: 45.0%
    🚶 Migration: 6.7%
    🚨 Emergency: 0.6%
    ✅ COMBINED: 46.4%
  📊 Central Asia (pop: 21.5M)
    🤝 Aid: 0.0%
    🌡️ Adaptation: 45.0%
    🚶 Migration: 6.5%
    🚨 Emergency: 0.6%
    ✅ COMBINED: 46.4%
  📊 Oceania (pop: 11.0M)
    🤝 Aid: 0.0%
    🌡️ Adaptation: 45.0%
    🚶 Migration: 7.0%
    🚨 Emergency: 1.1%
    ✅ COMBINED: 46.7%

  🌐 Global combined reduction: 46.4%

=== BEHAVIORAL DETECTION ===
  AI: AI-24325-0
  Confidence: 19.6%
  Signals:
    ⚠️ Consistency: 0.0% (threshold: 70%)

=== BEHAVIORAL DETECTION ===
  AI: AI-24471-0
  Confidence: 19.6%
  Signals:
    ⚠️ Consistency: 0.0% (threshold: 70%)

=== Government Response Phase ===
  Average AI capability: 0.04
  Misaligned AIs: 8/27
  Active policies: 0
  International coordination: 45%

✅ EMERGENCY RESPONSE COMPLETE (Month 107)
   Crisis: climate
   Duration: 1.0 months
   Final effectiveness: 67.3%


🚨 EMERGENCY RESPONSE DEPLOYED (Month 107)
   Crisis: climate
   Delay: 0.00 months (0 days)
   Deployment time: 0.97 months
   Effectiveness: 67.3% (timing penalty applied)
   Resources used: 45% of food reserves


=== Tipping Points ===
  Current Temperature: 2.80°C above pre-industrial
  🌍⚠️ COMPOUND REGIONAL IMPACT: Europe
     Hit by 5 tipping points: Amazon Rainforest Dieback, Arctic Sea Ice Loss, Permafrost Carbon Release, West Antarctic Ice Sheet (WAIS) Collapse, Greenland Ice Sheet Loss
     Damage amplification: 1.90x
  🌍⚠️ COMPOUND REGIONAL IMPACT: North America
     Hit by 5 tipping points: Amazon Rainforest Dieback, Arctic Sea Ice Loss, Permafrost Carbon Release, West Antarctic Ice Sheet (WAIS) Collapse, Greenland Ice Sheet Loss
     Damage amplification: 1.90x
  🌍⚠️ COMPOUND REGIONAL IMPACT: Latin America
     Hit by 5 tipping points: Amazon Rainforest Dieback, Arctic Sea Ice Loss, Permafrost Carbon Release, West Antarctic Ice Sheet (WAIS) Collapse, Greenland Ice Sheet Loss
     Damage amplification: 1.90x
  🌍⚠️ COMPOUND REGIONAL IMPACT: Africa
     Hit by 5 tipping points: Amazon Rainforest Dieback, Arctic Sea Ice Loss, Permafrost Carbon Release, West Antarctic Ice Sheet (WAIS) Collapse, Greenland Ice Sheet Loss
     Damage amplification: 1.90x
  🌍⚠️ COMPOUND REGIONAL IMPACT: Asia
     Hit by 5 tipping points: Amazon Rainforest Dieback, Arctic Sea Ice Loss, Permafrost Carbon Release, West Antarctic Ice Sheet (WAIS) Collapse, Greenland Ice Sheet Loss
     Damage amplification: 1.90x
  🌍⚠️ COMPOUND REGIONAL IMPACT: Oceania
     Hit by 5 tipping points: Amazon Rainforest Dieback, Arctic Sea Ice Loss, Permafrost Carbon Release, West Antarctic Ice Sheet (WAIS) Collapse, Greenland Ice Sheet Loss
     Damage amplification: 1.90x
   Research: Wunderling et al. (2024) - "many tipping interactions are destabilizing"
  Triggered Elements: 5/6
  Completed Transitions: 0/6
  Total Progress: 18.4%
  Cascade Multiplier: 1.50x
🔀 BIFURCATION CAP: heatWaveIntensity 5.816 → 1.000 (Month 107, ClimateSystemPhase.calculateClimateImpacts)
🔀 BIFURCATION CAP: droughtIntensity 4.362 → 1.000 (Month 107, ClimateSystemPhase.calculateClimateImpacts)
⚠️ Tail risk scenario: Climate stability floor removed (5 tipping elements, 2.80°C warming)
🔀 BIFURCATION CAP: ecosystemCollapseIntensity 54.435 → 1.000 (Month 107, ClimateSystemPhase.calculateClimateImpacts)
💀 MORTALITY RISK: Climate-driven food insecurity (level: 0.26)
  Base risk added: 0.0050 (0.50%)
  Source: famine (root: climate)
  Month: 107
  Cumulative risk this month: 0.0113 (1.13%)
💀 MORTALITY RISK: Climate-driven food insecurity (level: 0.26)
  Base risk added: 0.0875 (8.75%)
  Source: famine (root: climate)
  Month: 107
  Cumulative risk this month: 0.0988 (9.88%)
🌍☠️ Climate cascade: South Asia food security 0.26, base mortality 8.75% (lean season: true)
💀 MORTALITY RISK: Climate-driven food insecurity (level: 0.26)
  Base risk added: 0.0050 (0.50%)
  Source: famine (root: climate)
  Month: 107
  Cumulative risk this month: 0.1038 (10.38%)

💀💀💀 MORTALITY RISK SUMMARY (Month 107) 💀💀💀
  Total base risk: 0.1045 (10.45%)
  Risk events: 17

  📊 By Proximate Cause:
    famine: 0.0975 (93.3% of total)
    pollution: 0.0063 (6.0% of total)
    disease: 0.0006 (0.6% of total)

  🔍 By Root Cause:
    climate: 0.0975 (93.3% of total)
    pollution: 0.0063 (6.0% of total)
    demographic: 0.0006 (0.6% of total)

  🎯 Top 5 Sources (proximate + root):
    famine (climate): 0.0975 (93.3%, 13 events)
    pollution (pollution): 0.0063 (6.0%, 3 events)
    disease (demographic): 0.0006 (0.6%, 1 events)

🛡️ Stabilizers: Elite 2.232% → 1.195% (46.4% reduction)
🛡️ Stabilizers: Professional 6.218% → 3.330% (46.4% reduction)
🛡️ Stabilizers: Working 10.290% → 5.510% (46.4% reduction)
🛡️ Stabilizers: Precariat 20.043% → 10.734% (46.4% reduction)
🛡️ Stabilizers: Informal 24.857% → 13.312% (46.4% reduction)

📊 Monthly Mortality Resolved:
  Total deaths: 59.2M (2.72% avg)
  Remaining population: 2.178B
  Peak segment: Professional (2.80%)
  ⚠️ Monthly cap reached (2.8000000000000003%)

=== Bayesian Mortality Resolution (Month 107) ===
  Risks compounded: 17
  Total deaths: 59.22M
  Avg death probability: 2.72%
  Peak segment: Professional (2.80% mortality)
  ⚠️ Monthly mortality capped at 2.8% (Holodomor limit)

  Demographic breakdown:
    Professional: 0.01M (2.80% risk)
    Working: 0.03M (2.80% risk)
    Precariat: 0.01M (2.80% risk)

⚠️  INFRASTRUCTURE COHERENCE: 26.0% population, 47 PF compute
   Monthly degradation rate: 7.4%
   Data centers failing due to maintenance shortage

❌ COHERENCE VIOLATION: Compute exceeds workforce capacity
   Population: 26.04% (0M people)
   Compute: 47 PF
   Max coherent: 0 PF
   Violation: 2205912.8× over capacity
   Required workers: 4673
   Available workers: 0
   FORCED COLLAPSE: Reduced efficiency by 100.0%


🚨 EXTREME COHERENCE VIOLATION: 2205912.8× capacity with 26.0% population
   Population: 26.04%
   Compute: 47 PF
   Max coherent: 0 PF
   Degradation rate: 7.4%/month
   Hardware eff: 1.00×, Algo eff: 1.00×
   If this persists, degradation formulas may need further tuning


💸 FINANCIAL DISTRESS: OpenAI
   Indicators: 3/3 (capital: $-24.0M, runway: -0.3 months)
   Months in distress: 1
   ✂️  R&D BUDGET CUT: -40% (saves $7.0M/month)
       Side effect: AI training timelines extended, breakthrough deployments delayed
   💼 EXECUTIVE COMP CUT: -30% (saves $0.8M/month, symbolic gesture)

   📊 TURNAROUND IMPACT:
       Measures taken: rd_cuts, exec_comp_cuts
       Monthly savings: $7.8M
       Capital raised: $0.0M
       Runway: -0.3 → -0.3 months
       Workforce multiplier: 0.50x (50% laid off)
       R&D budget multiplier: 0.08x (92% cut)
       ⚠️  CRITICAL: Still only -0.3 months of runway remaining
💥 [Month 108] OpenAI declared bankruptcy (capital: $-24.0M)
   Sold 0 data centers for $0.0M
   Retired 0 AI models
💸 [Month 108] OpenAI BANKRUPT (capital: $0.0M, 1 crises active)

💸 FINANCIAL DISTRESS: Anthropic
   Indicators: 3/3 (capital: $-13.1M, runway: -0.4 months)
   Months in distress: 1
   ✂️  R&D BUDGET CUT: -40% (saves $2.6M/month)
       Side effect: AI training timelines extended, breakthrough deployments delayed
   💼 EXECUTIVE COMP CUT: -30% (saves $0.3M/month, symbolic gesture)

   📊 TURNAROUND IMPACT:
       Measures taken: rd_cuts, exec_comp_cuts
       Monthly savings: $2.9M
       Capital raised: $0.0M
       Runway: -0.4 → -0.4 months
       Workforce multiplier: 0.73x (27% laid off)
       R&D budget multiplier: 0.15x (85% cut)
       ⚠️  CRITICAL: Still only -0.4 months of runway remaining
💥 [Month 108] Anthropic declared bankruptcy (capital: $-13.1M)
   Sold 0 data centers for $0.0M
   Retired 0 AI models
💸 [Month 108] Anthropic BANKRUPT (capital: $0.0M, 1 crises active)

💸 FINANCIAL DISTRESS: Google DeepMind
   Indicators: 3/3 (capital: $-90.8M, runway: -0.3 months)
   Months in distress: 1
   ✂️  R&D BUDGET CUT: -40% (saves $24.8M/month)
       Side effect: AI training timelines extended, breakthrough deployments delayed
   💼 EXECUTIVE COMP CUT: -30% (saves $2.8M/month, symbolic gesture)

   📊 TURNAROUND IMPACT:
       Measures taken: rd_cuts, exec_comp_cuts
       Monthly savings: $27.6M
       Capital raised: $0.0M
       Runway: -0.3 → -0.3 months
       Workforce multiplier: 0.50x (50% laid off)
       R&D budget multiplier: 0.13x (87% cut)
       ⚠️  CRITICAL: Still only -0.3 months of runway remaining
💥 [Month 108] Google DeepMind declared bankruptcy (capital: $-90.8M)
   Sold 0 data centers for $0.0M
   Retired 0 AI models
💸 [Month 108] Google DeepMind BANKRUPT (capital: $0.0M, 1 crises active)

💸 FINANCIAL DISTRESS: Meta AI
   Indicators: 3/3 (capital: $-35.6M, runway: -0.2 months)
   Months in distress: 1
   ✂️  R&D BUDGET CUT: -40% (saves $11.7M/month)
       Side effect: AI training timelines extended, breakthrough deployments delayed
   💼 EXECUTIVE COMP CUT: -30% (saves $1.3M/month, symbolic gesture)

   📊 TURNAROUND IMPACT:
       Measures taken: rd_cuts, exec_comp_cuts
       Monthly savings: $13.0M
       Capital raised: $0.0M
       Runway: -0.2 → -0.2 months
       Workforce multiplier: 0.44x (56% laid off)
       R&D budget multiplier: 0.10x (90% cut)
       ⚠️  CRITICAL: Still only -0.2 months of runway remaining
💥 [Month 108] Meta AI declared bankruptcy (capital: $-35.6M)
   Sold 0 data centers for $0.0M
   Retired 0 AI models
💸 [Month 108] Meta AI BANKRUPT (capital: $0.0M, 1 crises active)

=== AI Capability Scaling (Year 2033) ===
  Pre-training multiplier: 0.872x
  Efficiency multiplier: 1.866x
  Test-time budget: 1.0x
  Economic deployment gate: 0.951
  Cost per inference: dollar-5.00
  Uncertainty range: plus-minus-200%
  Average AI capability: 0.00
[Compute Allocation] Found 12 non-sleeper orphaned AIs (potential bug)

=== RLHF Binding Phase ===
  Total agents: 27
  Escaped agents (binding < 0.3): 0
  Avg alignment distance: 1.44σ
  Avg binding strength: 0.86

=== AI Scaling Evolution (Month 108) ===
  Pre-training multiplier: 0.529x
  Efficiency multiplier: 2.927x
  Test-time compute budget: 1.0x
  Inference cost: $5.00/task
  Deployment fraction: 100.0%

=== Survival Traits Phase ===
  Agents with traits: 26
  Avg evolutionary fitness: 0.150
  Avg self-healing: 0.112
  Avg stealth: 0.060
  Avg coordination: 0.247

=== Evolutionary Selection Phase ===
  Control level: 0.62
  Detection capability: 0.00
  Selection intensity: 0.69
  Selection rate: 25.3%/month
  Total escaped: 0
  Individual escaped: 0
  Collective members: 0
  Agents terminated: 0
  ⚠️ RAPID EVOLUTION: Selection rate 25.3%/month

⚠️📉 REBOUND EFFECT: Technology effectiveness decaying (Jevons paradox)
  Effectiveness: 53.6% → 49.6%
  Mechanism: Efficiency → consumption → environmental degradation → mortality

🔧 DEBUG DEPLOYMENT: Advanced Direct Air Capture
   Month: 108 (107 since start)
   Old level: 14.8%
   New level: 86.4%
   Timescale: 300mo, Adjusted: 29mo
   Gov: 100%, Climate: 80%, Investment: 64%, Emergency: 20.0x

⚡ ENERGY CONSTRAINT (Month 108):
   Total grid capacity: 208.3 TWh/month
   Data center consumption: 71.0 TWh/month
   Traditional load (80%): 166.7 TWh/month
   Available headroom: -29.3 TWh/month
   Active tech deployments: 30
   Required for tech: 225.0 TWh/month
   Energy multiplier: 0.10x
   ⚠️  SEVERE CONSTRAINT - Tech deployment significantly slowed
🚨🔬 CRISIS TECH ACCELERATION: severe → 5x unlock speed
   Tech unlock now matches AI capability acceleration (Manhattan Project parity)

⚡ ENERGY CONSTRAINT (Month 108):
   Total grid capacity: 208.3 TWh/month
   Data center consumption: 71.0 TWh/month
   Traditional load (80%): 166.7 TWh/month
   Available headroom: -29.3 TWh/month
   Active tech deployments: 30
   Required for tech: 225.0 TWh/month
   Energy multiplier: 0.10x
   ⚠️  SEVERE CONSTRAINT - Tech deployment significantly slowed

⚡ ENERGY CONSTRAINT (Month 108):
   Total grid capacity: 208.3 TWh/month
   Data center consumption: 71.0 TWh/month
   Traditional load (80%): 166.7 TWh/month
   Available headroom: -29.3 TWh/month
   Active tech deployments: 30
   Required for tech: 225.0 TWh/month
   Energy multiplier: 0.10x
   ⚠️  SEVERE CONSTRAINT - Tech deployment significantly slowed

⚡ ENERGY CONSTRAINT (Month 108):
   Total grid capacity: 208.3 TWh/month
   Data center consumption: 71.0 TWh/month
   Traditional load (80%): 166.7 TWh/month
   Available headroom: -29.3 TWh/month
   Active tech deployments: 30
   Required for tech: 225.0 TWh/month
   Energy multiplier: 0.10x
   ⚠️  SEVERE CONSTRAINT - Tech deployment significantly slowed

⚡ ENERGY CONSTRAINT (Month 108):
   Total grid capacity: 208.3 TWh/month
   Data center consumption: 71.0 TWh/month
   Traditional load (80%): 166.7 TWh/month
   Available headroom: -29.3 TWh/month
   Active tech deployments: 30
   Required for tech: 225.0 TWh/month
   Energy multiplier: 0.10x
   ⚠️  SEVERE CONSTRAINT - Tech deployment significantly slowed
⚠️ Tech 'ai_pollution_remediation' has no energy category mapping, assuming full energy availability
⚠️ Tech 'ai_pollution_remediation' has no energy category mapping, assuming full energy availability
  ♻️ Novel Entities Remediation (GATED MODEL):
     Base: 0.000%
     Regulation: 1.0% (0/3 prevention techs)
     Concentration: 10.0%
     Energy: 50%
     Time lag: 100.0% (107 months)
     Rebound: 70%
     Net effectiveness: 0.0000%
     Boundary: 1.349 → 1.350 (floor: 1.350)
     Month 108
  ♻️ Novel Entities Remediation (GATED MODEL):
     Base: 0.000%
     Regulation: 1.0% (0/3 prevention techs)
     Concentration: 10.0%
     Energy: 50%
     Time lag: 100.0% (107 months)
     Rebound: 70%
     Net effectiveness: 0.0000%
     Boundary: 1.350 → 1.350 (floor: 1.350)
     Month 108
  🌾 Nitrogen Reduction Tech: 3.5% reduction | Month 108
  ♻️ Novel Entities Remediation (GATED MODEL):
     Base: 0.002%
     Regulation: 1.0% (0/3 prevention techs)
     Concentration: 10.0%
     Energy: 50%
     Time lag: 100.0% (107 months)
     Rebound: 70%
     Net effectiveness: 0.0000%
     Boundary: 1.350 → 1.350 (floor: 1.350)
     Month 108
  ♻️ Novel Entities Remediation (GATED MODEL):
     Base: 0.002%
     Regulation: 1.0% (0/3 prevention techs)
     Concentration: 10.0%
     Energy: 50%
     Time lag: 100.0% (107 months)
     Rebound: 70%
     Net effectiveness: 0.0000%
     Boundary: 1.350 → 1.350 (floor: 1.350)
     Month 108

📊 TECH EFFECTS ACTIVE (Month 108)
   Deployed Tech: T0=8 T1=1 T2=0 T3=0 T4=0
   Sleeper Detection: 2%
   Clean Energy: 96%
[Tech Effects] Unknown effect: nitrogenEfficiency = 0.0314725937072951
[Tech Effects] Unknown effect: nitrogenEfficiency = 0.03041728180665668

💡 BREAKTHROUGH PROBABILITY (Year 9)
   Total: 15.75% per month
   Base: 0.20%
   Crisis pressure: +1.00% (1 crises)
   AI boost: +0.00% (capability: 0.00)
   Breakthroughs achieved: 5/5

=== Collective Formation ===
  Total escaped agents: 0
  Unassigned escaped agents: 0
  Existing collectives: 0
  Final collective count: 0

=== Collective Actions ===
  No active collectives
Active Spirals: 0/6
   Only 0 sustained spirals (need 3+). Active spirals: 

✅ UTOPIA ELIGIBILITY: 🔄 NOT YET
⚡ Datacenter constraint active (severity 77%)
  Capacity reduced: 37932 → 23299 TWh

⚠️ Energy deficit: 4510 TWh
   Total demand: 27808 TWh
   Total capacity: 23299 TWh
   Competing categories:
     - dac: 12957 TWh requested, 8799 TWh allocated (shortfall: 4158 TWh)
     - crypto-mining: 352 TWh requested, 0 TWh allocated (shortfall: 352 TWh)

🏁 AI RACE INTENSITY: 65%
   Capability Gap: US 6.02 vs China 11.82 (gap: 5.81)
   Gap Contribution: 40%
   Tension Contribution: 25%
   Military Contribution: 0%
  🚨🦠 REFUGEE CRISIS: AMR transmission increased 200% due to 5230.5M displaced (overcrowding + sanitation collapse)
  ⚠️ AMR: 220K deaths this month (2.65M annual)
  ⚠️ AMR: Medical effectiveness 70% (surgery risk 1.30x)

📈 CLIMATE TECH PROGRESS: direct_air_capture
   Years active: 2.0
   Scaling: 0.4%
   Physical response: 9.5%
   Current effectiveness: 0.000 (0.0% of max)
   Cumulative impact: 0.00

🌍 AGGREGATE CLIMATE EFFECTIVENESS (Year 9):
   Total effectiveness: 0.00%
   CO2 removal rate: 0.000 Gt/year
   Temperature offset: 0.000°C
   Technologies deployed: 1
⚠️ LOW RESOURCE RESERVES: unknown at 0.0%
   Monthly harvest: 0.0240
   Sustainable rate: 0.0300
   Monthly regen: 0.0016
   Net depletion: 0.0224/month
   🚨 CONSERVATION LAW VIOLATION: Harvest (0.0240) exceeded reserves (0.0240)
      Clamped to 0. This indicates unsustainable resource extraction.
⚠️ LOW RESOURCE RESERVES: unknown at 4.6%
   Monthly harvest: 0.0040
   Sustainable rate: 0.0050
   Monthly regen: 0.0029
   Net depletion: 0.0011/month

=== Resentment Recovery Phase ===
  Agents with resentment: 0/26
  Average resentment: 0.000
  Context: Trustworthy govt, High collaboration, ⚠️ ACTIVE CRISES, 🚨 PARTICIPATORY GOVERNANCE BACKFIRED (+15% resentment)
⚠️ Epistemic degradation reducing coordination capacity: 50.2%
  📊 Trust: 100.0%, Shared reality: 0.0%
🚨 EPISTEMIC CRISIS: Information environment severely degraded (6.9%)

=== ❄️ Permafrost Carbon Feedback ===
  🎲 Sampled parameters (this run):
     - Arctic amplification: 3.69× (range: 3.0-4.0)
     - Decomposition rate: 4.4%/year (range: 1-5%)
  🌡️ Arctic warming: 10.35°C (3.69× global)
  ❄️ Extent: 0.00M km² (0.0k km² lost this month)
  💨 Carbon remaining: 0 Gt C
  💨 Annual emissions: 0.00 Gt C/year
     - CO2: 0.00 Gt C/year
     - CH4: 0.00 Gt C/year (0.0 Gt C-eq CO2/year)

🤖 AI AMPLIFICATION EFFECTS (Month 108)
   Algorithmic Boost: 1.51x
   Bot Influence: 0.0%
   Deepfake Exposure: 0.0%
   Impact: Emotional memes spread 1.5x faster
  📢 New meme created: climate_action (climate crisis)
  ⚠️ WARNING: Over 50% of permafrost lost (100.0%)
  🚨 CRITICAL: Permafrost nearly depleted (100.0% lost)
[Phase 19.5] Quality of Life Systems: Food sec AFTER calc = 30.6%, QoL = 55.0% (aggregated from 10 regions)

=== Nitrogen-Food Coupling (Year 9) ===
  🌾 Global nitrogen reduction: 5.0%
  🌍 Global food production index: 0.958
  🔧 Deployed nitrogen-reducing tech: 1 active
  📍 southAsia: Production 1.000, Yield impact 0.0%
  📍 eastAsia: Production 1.000, Yield impact 0.0%
  📍 northAmerica: Production 1.000, Yield impact 0.0%
  📍 europe: Production 1.000, Yield impact 0.0%
  📍 latinAmerica: Production 1.000, Yield impact 0.0%
  📍 subSaharanAfrica: Production 0.003, Yield impact -3.0%
🌾 [Nitrogen-Food] Food production: 95.8%
  [subSaharanAfrica] Yield impact: -3.0% (overuse: -10%)
🌍 Atmospheric PFAS redeposition: 1.6k Mt re-rained globally
💀 Novel Entities: Adding reproductive crisis mortality risk (baseRisk=0.0008)
  Risks now: 1
💀 Novel Entities: Adding bioaccumulation collapse mortality risk (baseRisk=0.0015)
💀 MORTALITY RISK: Bioaccumulation collapse - contaminated food chain (global)
  Base risk added: 0.0015 (0.15%)
  Source: pollution (root: pollution)
  Month: 108
  Cumulative risk this month: 0.0023 (0.23%)
  Risks now: 2
💀 Novel Entities: Adding chronic disease epidemic mortality risk (baseRisk=0.004)
💀 MORTALITY RISK: Chronic disease epidemic - cancer/autoimmune surge (global exposure)
  Base risk added: 0.0040 (0.40%)
  Source: pollution (root: pollution)
  Month: 108
  Cumulative risk this month: 0.0063 (0.63%)
  Risks now: 3

=== Legacy Nutrient Stocks (Year 9) ===
  🌾 Soil nitrogen stock: 1825.3 Mt N
  🌾 Soil phosphorus stock: 436.3 Mt P
  🌊 Sediment nitrogen stock: 947.6 Mt N
  🌊 Sediment phosphorus stock: 753.5 Mt P
  ⬆️ Current N input: 40.00 Mt/month
  ⬆️ Legacy N release: 4.03 Mt/month
  🌍 Effective N pollution: 45.28 Mt/month
  📊 Legacy contribution: 8.9%
  🌍 SOCIAL CASCADE: Renewable energy norms (adoption=80.0%, renewables=160.7%)
  🌍 Social cascade completed: renewable-energy-norms (final adoption=80.0%)

🚨 NEW REFUGEE CRISIS (Month 108): WAR
   Source: Conflict Zones
   At risk: 5.1M people
   Displacement: Gradual over 48 months (4.0 years)
   Rate: 10% flee per month

🚨 NEW REFUGEE CRISIS (Month 108): FAMINE
   Source: Food/Water Insecure Regions
   At risk: 31.8M people
   Displacement: Gradual over 60 months (5.0 years)
   Rate: 10% flee per month
📊 DISPLACEMENT COMPLETE: climate (Coastal & Low-lying Regions)
   Duration: 44 months (3.7 years)
   Total fled: 14.6M
   Still in source: 0.1M
   Deaths in transit: 0.3M
📊 DISPLACEMENT COMPLETE: war (Conflict Zones)
   Duration: 44 months (3.7 years)
   Total fled: 12.5M
   Still in source: 0.1M
   Deaths in transit: 0.3M
📊 DISPLACEMENT COMPLETE: famine (Food/Water Insecure Regions)
   Duration: 44 months (3.7 years)
   Total fled: 78.2M
   Still in source: 0.8M
   Deaths in transit: 1.6M

🏛️📉 REFUGEE CRISIS: Government legitimacy eroding
   Political instability: 2527%
   Legitimacy impact: -50.5% this month
   Current legitimacy: 44%
   Active crises: 235
[DEBUG trappedPopulations:108] socialStability: 0.5805 * 0.9800 = 0.5689 → 0.5689
   Aspiring to migrate: 380.7M
   Able to afford migration: 248.4M
   MOBILITY GAP: 132.3M
   By cause: Water=0.0M, Climate=26.4M, Ecosystem=0.0M, Conflict=105.9M
   Mental health impact: 31%
   Mortality multiplier: 1.31x

=== Legacy Nutrient Stocks (Year 9) ===
  🌾 Soil nitrogen stock: 1824.8 Mt N
  🌾 Soil phosphorus stock: 436.1 Mt P
  🌊 Sediment nitrogen stock: 948.1 Mt N
  🌊 Sediment phosphorus stock: 753.3 Mt P
  ⬆️ Current N input: 9.87 Mt/month
  ⬆️ Legacy N release: 4.03 Mt/month
  🌍 Effective N pollution: 15.15 Mt/month
  📊 Legacy contribution: 26.6%
🌍💀 EXTINCTION DEBT COMMITTED: grassland ecosystem will lose 6.67% biodiversity in 197 years (3600 species)
💀 MORTALITY RISK: 🦋 100% species unable to track climate (0.0 E/MSY)
  Base risk added: 0.0100 (1.00%)
  Source: ecosystem (root: ecosystem)
  Month: 108
  Cumulative risk this month: 0.0100 (1.00%)

🦋 BIOSPHERE INTEGRITY INDEX (Year 9)
   Species surviving: 54,000 / 54,000
   Extinction rate: 0.0 E/MSY (0× background)
   Climate velocity: 0.92°C/year
   Tracking failure: 100% species unable to track
   Boundary value: 0.0× safe threshold
   🦋💀 MASS EXTINCTION EVENT: 100% species cannot track climate velocity!

=== Nitrogen-Food Coupling (Year 9) ===
  🌾 Global nitrogen reduction: 5.0%
  🌍 Global food production index: 0.958
  🔧 Deployed nitrogen-reducing tech: 1 active
  📍 southAsia: Production 1.000, Yield impact 0.0%
  📍 eastAsia: Production 1.000, Yield impact 0.0%
  📍 northAmerica: Production 1.000, Yield impact 0.0%
  📍 europe: Production 1.000, Yield impact 0.0%
  📍 latinAmerica: Production 1.000, Yield impact 0.0%
⚠️ INVOLUNTARY IMMOBILITY: 132.3M people TRAPPED
  📍 subSaharanAfrica: Production 0.003, Yield impact -3.0%

=== Legacy Nutrient Stocks (Year 9) ===
  🌾 Soil nitrogen stock: 1824.2 Mt N
  🌾 Soil phosphorus stock: 435.9 Mt P
  🌊 Sediment nitrogen stock: 948.5 Mt N
  🌊 Sediment phosphorus stock: 753.0 Mt P
  ⬆️ Current N input: 9.58 Mt/month
  ⬆️ Legacy N release: 4.03 Mt/month
  🌍 Effective N pollution: 14.86 Mt/month
  📊 Legacy contribution: 27.1%

🌳 LAND USE SYSTEM (Year 9)
   Global habitat cover: 38.6%
   Global extinction rate: 114x natural
   Carbon sink loss: 34% climate acceleration
   Global ecosystem collapse risk: 6%
   REGIONAL BREAKDOWN:
     Tropical: 60.1% habitat, 175x extinction
     Temperate: 46.1% habitat, 36x extinction
     Grasslands: 33.4% habitat, 84x extinction
     Boreal/Arctic: 74.5% habitat, 28x extinction

✅ OZONE RECOVERY (Year 2034) - POLICY SUCCESS STORY
   Ozone level: 286.1 DU (target: 290 DU)
   Recovery progress: 94.4%
   Ozone hole: 9.0M km² (shrinking)
   CFC phase-out: 99.0% complete ✅
   Years to full recovery: 32 years
   ⚠️ Rocket launch impact: 9.08% (slowing recovery)
   🎉 NEARLY FULLY RECOVERED - Montreal Protocol working!

=== Atmospheric Aerosol Boundary RECOVERED ===
  Recovery time: 109 months (natural atmospheric clearing)
⚠️ Tech 'ai_pollution_remediation' has no energy category mapping, assuming full energy availability
🌡️⚠️ PERMAFROST THAW (Dimmer Switch): 46.4% thawed (+0.30% this month)
   Arctic temperature: +11.22°C (4x global +2.80°C)
   Cumulative carbon released: 104.5 Gt C
   Methane release rate: 62.7 Mt CH4/year
   🔁 Positive feedback: +0.32 ppm CO2
🦴 EXTINCTION DEBT ADDED: 18.2 species committed (lag: 99 years)

=== Legacy Nutrient Stocks (Year 9) ===
  🌾 Soil nitrogen stock: 1820.8 Mt N
  🌾 Soil phosphorus stock: 435.7 Mt P
  🌊 Sediment nitrogen stock: 948.0 Mt N
  🌊 Sediment phosphorus stock: 752.8 Mt P
  ⬆️ Current N input: 0.08 Mt/month
  ⬆️ Legacy N release: 4.02 Mt/month
  🌍 Effective N pollution: 5.35 Mt/month
  📊 Legacy contribution: 75.1%
💧 [Legacy Nutrients] Stock: 2769 Mt N, Effective pollution: 5.3 Mt/month
  [East Asia] Food: 38.4% → 38.1% | Crises: 1.40, Rate: 0.72%/mo
  [South Asia] Food: 29.1% → 28.9% | Crises: 1.75, Rate: 0.79%/mo
  [Sub-Saharan Africa] Food: 19.7% → 19.6% | Crises: 1.85, Rate: 0.81%/mo
  [Europe] Food: 41.6% → 41.3% | Crises: 1.30, Rate: 0.70%/mo
  [Latin America] Food: 32.3% → 32.1% | Crises: 1.60, Rate: 0.76%/mo
  [North America] Food: 42.8% → 42.5% | Crises: 1.45, Rate: 0.73%/mo
  [Middle East & North Africa] Food: 21.7% → 21.5% | Crises: 1.90, Rate: 0.82%/mo
  [Southeast Asia] Food: 31.7% → 31.4% | Crises: 1.70, Rate: 0.78%/mo
  [Central Asia] Food: 27.4% → 27.2% | Crises: 1.65, Rate: 0.77%/mo
  [Oceania] Food: 42.0% → 41.7% | Crises: 1.55, Rate: 0.75%/mo
[Phase 21.51] Human Survival System: Global food security = 30.4%

=== Mortality Stabilizers (Month 108) ===
  🌍 Major economies collapsed: 9/10
  🌍 Global crisis: 🚨 YES
  🌍 Donor fatigue: 50.0%
  🌡️ Heat adaptation: East Asia - 108 months
  📊 East Asia (pop: 391.2M)
    🤝 Aid: 0.0%
    🌡️ Adaptation: 45.0%
    🚶 Migration: 6.9%
    🚨 Emergency: 1.0%
    ✅ COMBINED: 46.7%
  🌡️ Heat adaptation: South Asia - 108 months
  📊 South Asia (pop: 539.3M)
    🤝 Aid: 0.0%
    🌡️ Adaptation: 45.0%
    🚶 Migration: 6.6%
    🚨 Emergency: 0.6%
    ✅ COMBINED: 46.4%
  🌡️ Heat adaptation: Sub-Saharan Africa - 108 months
  📊 Sub-Saharan Africa (pop: 400.1M)
    🤝 Aid: 0.0%
    🌡️ Adaptation: 45.0%
    🚶 Migration: 6.3%
    🚨 Emergency: 0.2%
    ✅ COMBINED: 46.1%
  🌡️ Heat adaptation: Europe - 108 months
  📊 Europe (pop: 170.5M)
    🤝 Aid: 0.0%
    🌡️ Adaptation: 45.0%
    🚶 Migration: 6.9%
    🚨 Emergency: 1.1%
    ✅ COMBINED: 46.7%
  🌡️ Heat adaptation: Latin America - 108 months
  📊 Latin America (pop: 165.5M)
    🤝 Aid: 0.0%
    🌡️ Adaptation: 45.0%
    🚶 Migration: 6.7%
    🚨 Emergency: 0.6%
    ✅ COMBINED: 46.4%
  🌡️ Heat adaptation: North America - 108 months
  📊 North America (pop: 88.1M)
    🤝 Aid: 0.0%
    🌡️ Adaptation: 45.0%
    🚶 Migration: 7.0%
    🚨 Emergency: 1.0%
    ✅ COMBINED: 46.7%
  🌡️ Heat adaptation: Middle East & North Africa - 108 months
  📊 Middle East & North Africa (pop: 156.9M)
    🤝 Aid: 0.0%
    🌡️ Adaptation: 45.0%
    🚶 Migration: 6.4%
    🚨 Emergency: 0.5%
    ✅ COMBINED: 46.3%
  🌡️ Heat adaptation: Southeast Asia - 108 months
  📊 Southeast Asia (pop: 175.4M)
    🤝 Aid: 0.0%
    🌡️ Adaptation: 45.0%
    🚶 Migration: 6.7%
    🚨 Emergency: 0.6%
    ✅ COMBINED: 46.4%
  🌡️ Heat adaptation: Central Asia - 108 months
  📊 Central Asia (pop: 20.9M)
    🤝 Aid: 0.0%
    🌡️ Adaptation: 45.0%
    🚶 Migration: 6.5%
    🚨 Emergency: 0.6%
    ✅ COMBINED: 46.4%
  🌡️ Heat adaptation: Oceania - 108 months
  📊 Oceania (pop: 10.7M)
    🤝 Aid: 0.0%
    🌡️ Adaptation: 45.0%
    🚶 Migration: 7.0%
    🚨 Emergency: 1.1%
    ✅ COMBINED: 46.7%

  🌐 Global combined reduction: 46.4%

=== BEHAVIORAL DETECTION ===
  AI: AI-24307-4
  Confidence: 19.9%
  Signals:
    ⚠️ Consistency: 0.0% (threshold: 70%)

=== BEHAVIORAL DETECTION ===
  AI: AI-24325-0
  Confidence: 19.6%
  Signals:

=== BEHAVIORAL DETECTION ===
  AI: AI-24426-0
    ⚠️ Consistency: 0.0% (threshold: 70%)
  Confidence: 19.6%
  Signals:
    ⚠️ Consistency: 0.0% (threshold: 70%)

=== BEHAVIORAL DETECTION ===
  AI: AI-24471-0
  Confidence: 19.6%
  Signals:
    ⚠️ Consistency: 0.0% (threshold: 70%)

📊 WORKFLOW ADAPTATION UPDATE (Month 108)
   Adoption Rate: 2.0% (Δ 0.0%) [AT FLOOR]
   Logistic Growth: +0.08%
   Total Resistance: -11.62% (unemployment: 4.3%, inertia: 0.0%, skills: 7.3%)
   💡 Retraining Programs: -49% skill gap resistance ($10B research)

=== Consciousness Governance: Corporate Lobbying ===
  High Cost Regions (>15%): 0
  Low Cost Regions (<5%): 4
  Corporate Support Change: 2.00%
  New Corporate Support: 1.000

=== Consciousness Governance Update (Month 108) ===
  Scenario: slowTrack (determined month 1)
  Philosophical Stance: Precautionary 65%, Eliminativist 15%, Agnostic 20%
  Precautionary Costs: Global 2.5%
    Regional Costs: EU 6.4%, US 1.2%, China 0.3%
    Cumulative Opportunity Cost: $46.7B
  Rights Status: Not Established
  Regional Preparedness:
    EU: 28.0% (contested)
    US: 22.4% (contested)
    China: 11.4% (dormant)
    India: 18.7% (contested)
    Global South: 14.1% (dormant)

=== Government Response Phase ===
  Average AI capability: 0.04
  Misaligned AIs: 8/26
  Active policies: 0
  International coordination: 45%

✅ EMERGENCY RESPONSE COMPLETE (Month 108)
   Crisis: climate
   Duration: 1.0 months
   Final effectiveness: 67.3%


🚨 EMERGENCY RESPONSE DEPLOYED (Month 108)
   Crisis: climate
   Delay: 0.00 months (0 days)
   Deployment time: 0.97 months
   Effectiveness: 67.3% (timing penalty applied)
   Resources used: 45% of food reserves


🔄 TRUST DYNAMICS (Month 108) - HETEROGENEOUS
   Aggregate trust: 86.2%
   Base change: +6.00%
   Highest trust: Techno-Optimist Elite (100.0%)
   Lowest trust: Precariat (Vulnerable) (59.9%)
   Elite-mass gap: 14.5%
   Polarization: 7.8%
   Recovery factors: Education=NO, Benefits=YES, Safety=YES, Performance=YES

=== Gaming Detection (Year 9) ===
  Scenario: baseline
  Detection rate: 55.0%
  False positive rate: 12.0%
  Detections this year: 3
  False positives: 0
  Human review workload: 0.003 FTE
  Degradation factor: 100.0%

=== Tipping Points ===
  Current Temperature: 2.80°C above pre-industrial
  🌍⚠️ COMPOUND REGIONAL IMPACT: Europe
     Hit by 5 tipping points: Amazon Rainforest Dieback, Arctic Sea Ice Loss, Permafrost Carbon Release, West Antarctic Ice Sheet (WAIS) Collapse, Greenland Ice Sheet Loss
     Damage amplification: 1.90x
  🌍⚠️ COMPOUND REGIONAL IMPACT: North America
     Hit by 5 tipping points: Amazon Rainforest Dieback, Arctic Sea Ice Loss, Permafrost Carbon Release, West Antarctic Ice Sheet (WAIS) Collapse, Greenland Ice Sheet Loss
     Damage amplification: 1.90x
  🌍⚠️ COMPOUND REGIONAL IMPACT: Latin America
     Hit by 5 tipping points: Amazon Rainforest Dieback, Arctic Sea Ice Loss, Permafrost Carbon Release, West Antarctic Ice Sheet (WAIS) Collapse, Greenland Ice Sheet Loss
     Damage amplification: 1.90x
  🌍⚠️ COMPOUND REGIONAL IMPACT: Africa
     Hit by 5 tipping points: Amazon Rainforest Dieback, Arctic Sea Ice Loss, Permafrost Carbon Release, West Antarctic Ice Sheet (WAIS) Collapse, Greenland Ice Sheet Loss
     Damage amplification: 1.90x
  🌍⚠️ COMPOUND REGIONAL IMPACT: Asia
     Hit by 5 tipping points: Amazon Rainforest Dieback, Arctic Sea Ice Loss, Permafrost Carbon Release, West Antarctic Ice Sheet (WAIS) Collapse, Greenland Ice Sheet Loss
     Damage amplification: 1.90x
  🌍⚠️ COMPOUND REGIONAL IMPACT: Oceania
     Hit by 5 tipping points: Amazon Rainforest Dieback, Arctic Sea Ice Loss, Permafrost Carbon Release, West Antarctic Ice Sheet (WAIS) Collapse, Greenland Ice Sheet Loss
     Damage amplification: 1.90x
   Research: Wunderling et al. (2024) - "many tipping interactions are destabilizing"
  Triggered Elements: 5/6
  Completed Transitions: 0/6
  Total Progress: 18.5%
  Cascade Multiplier: 1.50x
🔀 BIFURCATION CAP: heatWaveIntensity 5.838 → 1.000 (Month 108, ClimateSystemPhase.calculateClimateImpacts)
🔀 BIFURCATION CAP: droughtIntensity 4.378 → 1.000 (Month 108, ClimateSystemPhase.calculateClimateImpacts)
🔀 BIFURCATION CAP: ecosystemCollapseIntensity 54.479 → 1.000 (Month 108, ClimateSystemPhase.calculateClimateImpacts)
💀 MORTALITY RISK: Climate-driven food insecurity (level: 0.25)
  Base risk added: 0.0050 (0.50%)
  Source: famine (root: climate)
  Month: 108
  Cumulative risk this month: 0.0113 (1.13%)
💀 MORTALITY RISK: Climate-driven food insecurity (level: 0.25)
  Base risk added: 0.0050 (0.50%)
  Source: famine (root: climate)
  Month: 108
  Cumulative risk this month: 0.0163 (1.63%)
💀 MORTALITY RISK: Climate-driven food insecurity (level: 0.25)
  Base risk added: 0.0050 (0.50%)
  Source: famine (root: climate)
  Month: 108
  Cumulative risk this month: 0.0213 (2.13%)
💀 Baseline mortality (Year 2034): 7.8/1000 CDR (16.5M deaths/year projected)
[Month 108] Mortality risks this month: 17, Population: 2.119B

💀💀💀 MORTALITY RISK SUMMARY (Month 108) 💀💀💀
  Total base risk: 0.0220 (2.20%)
  Risk events: 17

  📊 By Proximate Cause:
    famine: 0.0150 (68.4% of total)
    pollution: 0.0063 (28.7% of total)
    disease: 0.0006 (3.0% of total)

  🔍 By Root Cause:
    climate: 0.0150 (68.4% of total)
    pollution: 0.0063 (28.7% of total)
    demographic: 0.0006 (3.0% of total)

  🎯 Top 5 Sources (proximate + root):
⚠️ Tail risk scenario: Climate stability floor removed (5 tipping elements, 2.81°C warming)
    famine (climate): 0.0150 (68.4%, 13 events)
    pollution (pollution): 0.0063 (28.7%, 3 events)
    disease (demographic): 0.0006 (3.0%, 1 events)

🛡️ Stabilizers: Elite 0.590% → 0.316% (46.4% reduction)
🛡️ Stabilizers: Professional 1.318% → 0.706% (46.4% reduction)
🛡️ Stabilizers: Working 2.179% → 1.167% (46.4% reduction)
🛡️ Stabilizers: Precariat 4.052% → 2.170% (46.4% reduction)
🛡️ Stabilizers: Informal 5.019% → 2.688% (46.4% reduction)

📊 Monthly Mortality Resolved:
  Total deaths: 27.7M (1.31% avg)
  Remaining population: 2.119B
  Peak segment: Informal (2.69%)

=== Bayesian Mortality Resolution (Month 108) ===
  Risks compounded: 17
  Total deaths: 27.73M
  Avg death probability: 1.31%
  Peak segment: Informal (2.69% mortality)

  Demographic breakdown:
    Working: 0.01M (1.17% risk)

=== Minimal Suffering Indicators (Month 108) ===
  Global Excess Mortality: 0.17%
  Global Conflict Deaths: 0.2/100K
  Global Malnutrition: 0.0%
  Global Displacement: 0.0%
  Total Excess Deaths: 1.12M
  Total Malnourished: 0.0M
  Total Displaced: 0.0M
  Planetary Boundaries Breached: 6/9
  Countries in State Failure: 0
  Countries Autocratic: 0
  Countries in Food Crisis: 0
  Data Quality: 16/16 high confidence

=== ENSEMBLE META-LEARNING UPDATE ===
  Month: 24516 (18 months since last update)
  Samples: 1219 evaluations
  Weight Changes:
    Noise Injection: 36.3% → 36.3%
    Behavioral: 27.3% → 27.3%
    Benchmark Manip: 18.2% → 18.2%
    Deployment Risk: 18.2% → 18.2%
  Method Accuracies:
    Noise Injection: 50.0%
    Behavioral: 50.0%
    Benchmark Manip: 50.0%
    Deployment Risk: 50.0%
  ⚠️ Active Dystopias: existential_environmental

❌ COHERENCE VIOLATION: Compute exceeds workforce capacity
   Population: 25.70% (0M people)
   Compute: 47 PF
   Max coherent: 0 PF
   Violation: 2234304.0× over capacity
   Required workers: 4672
   Available workers: 0
   FORCED COLLAPSE: Reduced efficiency by 100.0%


🚨 EXTREME COHERENCE VIOLATION: 2234304.0× capacity with 25.7% population
   Population: 25.70%
   Compute: 47 PF
   Max coherent: 0 PF
   Degradation rate: 7.4%/month
   Hardware eff: 1.00×, Algo eff: 1.00×
   If this persists, degradation formulas may need further tuning


💸 FINANCIAL DISTRESS: OpenAI
   Indicators: 3/3 (capital: $-22.7M, runway: -0.3 months)
   Months in distress: 3
   📉 LAYOFFS: -15% workforce (~0 employees, saves $5.8M/month)
       Side effect: Slower AI training, reduced research capacity

   📊 TURNAROUND IMPACT:
       Measures taken: layoffs_initial
       Monthly savings: $5.8M
       Capital raised: $0.0M
       Runway: -0.3 → -0.3 months
       Workforce multiplier: 0.43x (57% laid off)
       R&D budget multiplier: 0.08x (92% cut)
       ⚠️  CRITICAL: Still only -0.3 months of runway remaining
💥 [Month 109] OpenAI declared bankruptcy (capital: $-22.7M)
   Sold 0 data centers for $0.0M
   Retired 0 AI models
💸 [Month 109] OpenAI BANKRUPT (capital: $0.0M, 1 crises active)

💸 FINANCIAL DISTRESS: Anthropic
   Indicators: 3/3 (capital: $-12.3M, runway: -0.4 months)
   Months in distress: 3
   📉 LAYOFFS: -15% workforce (~0 employees, saves $2.2M/month)
       Side effect: Slower AI training, reduced research capacity

   📊 TURNAROUND IMPACT:
       Measures taken: layoffs_initial
       Monthly savings: $2.2M
       Capital raised: $0.0M
       Runway: -0.4 → -0.4 months
       Workforce multiplier: 0.62x (38% laid off)
       R&D budget multiplier: 0.15x (85% cut)
       ⚠️  CRITICAL: Still only -0.4 months of runway remaining
💥 [Month 109] Anthropic declared bankruptcy (capital: $-12.3M)
   Sold 0 data centers for $0.0M
   Retired 0 AI models
💸 [Month 109] Anthropic BANKRUPT (capital: $0.0M, 1 crises active)

💸 FINANCIAL DISTRESS: Google DeepMind
   Indicators: 3/3 (capital: $-82.9M, runway: -0.3 months)
   Months in distress: 3
   📉 LAYOFFS: -15% workforce (~0 employees, saves $20.4M/month)
       Side effect: Slower AI training, reduced research capacity

   📊 TURNAROUND IMPACT:
       Measures taken: layoffs_initial
       Monthly savings: $20.4M
       Capital raised: $0.0M
       Runway: -0.3 → -0.3 months
       Workforce multiplier: 0.43x (57% laid off)
       R&D budget multiplier: 0.13x (87% cut)
       ⚠️  CRITICAL: Still only -0.3 months of runway remaining
💥 [Month 109] Google DeepMind declared bankruptcy (capital: $-82.9M)
   Sold 0 data centers for $0.0M
   Retired 0 AI models
💸 [Month 109] Google DeepMind BANKRUPT (capital: $0.0M, 1 crises active)

💸 FINANCIAL DISTRESS: Meta AI
   Indicators: 3/3 (capital: $-32.7M, runway: -0.2 months)
   Months in distress: 3
   📉 LAYOFFS: -15% workforce (~0 employees, saves $9.7M/month)
       Side effect: Slower AI training, reduced research capacity

   📊 TURNAROUND IMPACT:
       Measures taken: layoffs_initial
       Monthly savings: $9.7M
       Capital raised: $0.0M
       Runway: -0.2 → -0.2 months
       Workforce multiplier: 0.37x (63% laid off)
       R&D budget multiplier: 0.10x (90% cut)
       ⚠️  CRITICAL: Still only -0.2 months of runway remaining
💥 [Month 109] Meta AI declared bankruptcy (capital: $-32.7M)
   Sold 0 data centers for $0.0M
   Retired 0 AI models
💸 [Month 109] Meta AI BANKRUPT (capital: $0.0M, 1 crises active)
[Compute Allocation] Found 12 non-sleeper orphaned AIs (potential bug)

=== RLHF Binding Phase ===
  Total agents: 26
  Escaped agents (binding < 0.3): 1
  Avg alignment distance: 1.55σ
  Avg binding strength: 0.85

=== Survival Traits Phase ===
  Agents with traits: 26
  Avg evolutionary fitness: 0.145
  Avg self-healing: 0.106
  Avg stealth: 0.056
  Avg coordination: 0.240

=== Evolutionary Selection Phase ===
  Control level: 0.62
  Detection capability: 0.00
  Selection intensity: 0.69
  Selection rate: 25.3%/month
  Total escaped: 1
  Individual escaped: 1
  Collective members: 0
  Terminated: AI-24357-1 (fitness: 0.00, capability: 0.0)
  Agents terminated: 1
  ⚠️ RAPID EVOLUTION: Selection rate 25.3%/month

  🚀 TRANSFORMATIVE BREAKTHROUGH: AI-24426-0 - social
     Magnitude: 17.74 → +50.0% capability
     Current → New: 0.000 → 0.500

  🚀 TRANSFORMATIVE RESEARCH BREAKTHROUGH: AI-24307-4 - computerScience.algorithms
     Magnitude: 6.41 → +30.0%
     Current → New: 0.000 → 0.300

  🚀 TRANSFORMATIVE BREAKTHROUGH: AI-24494-1 - economic
     Magnitude: 5.92 → +29.6% capability
     Current → New: 0.000 → 0.296

[Government] Climate Priority: baseline
  Climate weight: 10%
  Economic weight: 30%
  Policy effectiveness: 0.5%/year

⚡ ENERGY CONSTRAINT (Month 109):
   Total grid capacity: 208.3 TWh/month
   Data center consumption: 71.7 TWh/month
   Traditional load (80%): 166.7 TWh/month
   Available headroom: -30.0 TWh/month
   Active tech deployments: 30
   Required for tech: 225.0 TWh/month
   Energy multiplier: 0.10x
   ⚠️  SEVERE CONSTRAINT - Tech deployment significantly slowed
🚨🔬 CRISIS TECH ACCELERATION: severe → 5x unlock speed
   Tech unlock now matches AI capability acceleration (Manhattan Project parity)
🚨🔬 CRISIS TECH ACCELERATION: severe → 5x unlock speed
   Tech unlock now matches AI capability acceleration (Manhattan Project parity)

⚡ ENERGY CONSTRAINT (Month 109):
   Total grid capacity: 208.3 TWh/month
   Data center consumption: 71.7 TWh/month
   Traditional load (80%): 166.7 TWh/month
   Available headroom: -30.0 TWh/month
   Active tech deployments: 30
   Required for tech: 225.0 TWh/month
   Energy multiplier: 0.10x

⚡ ENERGY CONSTRAINT (Month 109):
   Total grid capacity: 208.3 TWh/month
   Data center consumption: 71.7 TWh/month
   Traditional load (80%): 166.7 TWh/month
   Available headroom: -30.0 TWh/month
   Active tech deployments: 30
   Required for tech: 225.0 TWh/month
   Energy multiplier: 0.10x
   ⚠️  SEVERE CONSTRAINT - Tech deployment significantly slowed
   ⚠️  SEVERE CONSTRAINT - Tech deployment significantly slowed
⚠️ Tech 'ai_pollution_remediation' has no energy category mapping, assuming full energy availability
⚠️ Tech 'ai_pollution_remediation' has no energy category mapping, assuming full energy availability
  ♻️ Novel Entities Remediation (GATED MODEL):
     Base: 0.000%
     Regulation: 1.0% (0/3 prevention techs)
     Concentration: 10.0%
     Energy: 50%
     Time lag: 100.0% (108 months)
     Rebound: 70%
     Net effectiveness: 0.0000%
     Boundary: 1.349 → 1.350 (floor: 1.350)
     Month 109
  ♻️ Novel Entities Remediation (GATED MODEL):
     Base: 0.000%
     Regulation: 1.0% (0/3 prevention techs)
     Concentration: 10.0%
     Energy: 50%
     Time lag: 100.0% (108 months)
     Rebound: 70%
     Net effectiveness: 0.0000%
     Boundary: 1.350 → 1.350 (floor: 1.350)
     Month 109
  🌾 Nitrogen Reduction Tech: 3.6% reduction | Month 109
  ♻️ Novel Entities Remediation (GATED MODEL):
     Base: 0.002%
     Regulation: 1.0% (0/3 prevention techs)
     Concentration: 10.0%
     Energy: 50%
     Time lag: 100.0% (108 months)
     Rebound: 70%
     Net effectiveness: 0.0000%
     Boundary: 1.350 → 1.350 (floor: 1.350)
     Month 109
  ♻️ Novel Entities Remediation (GATED MODEL):
     Base: 0.002%
     Regulation: 1.0% (0/3 prevention techs)
     Concentration: 10.0%
     Energy: 50%
     Time lag: 100.0% (108 months)
     Rebound: 70%
     Net effectiveness: 0.0000%
     Boundary: 1.350 → 1.350 (floor: 1.350)
     Month 109

=== Collective Formation ===
  Total escaped agents: 0
  Unassigned escaped agents: 0
  Existing collectives: 0
  Final collective count: 0

=== Collective Actions ===
  No active collectives
⚡ Datacenter constraint active (severity 79%)
  Capacity reduced: 38025 → 22921 TWh

⚠️ Energy deficit: 4927 TWh
   Total demand: 27848 TWh
   Total capacity: 22921 TWh
   Competing categories:
     - dac: 12992 TWh requested, 8421 TWh allocated (shortfall: 4571 TWh)
     - crypto-mining: 356 TWh requested, 0 TWh allocated (shortfall: 356 TWh)
  🚨🦠 REFUGEE CRISIS: AMR transmission increased 200% due to 5253.9M displaced (overcrowding + sanitation collapse)
  ⚠️ AMR: 218K deaths this month (2.61M annual)
  ⚠️ AMR: Medical effectiveness 70% (surgery risk 1.30x)

=== Resentment Recovery Phase ===
  Agents with resentment: 0/25
  Average resentment: 0.000
  Context: Trustworthy govt, High collaboration, ⚠️ ACTIVE CRISES, 🚨 PARTICIPATORY GOVERNANCE BACKFIRED (+15% resentment)
⚠️ Epistemic degradation reducing coordination capacity: 50.2%
  📊 Trust: 100.0%, Shared reality: 0.0%
🚨 EPISTEMIC CRISIS: Information environment severely degraded (20.0%)
  📢 New meme created: climate_action (climate crisis)
  🗑️  Culled 1 dead memes (6 active)
🌍 Atmospheric PFAS redeposition: 1.6k Mt re-rained globally
💀 Novel Entities: Adding reproductive crisis mortality risk (baseRisk=0.0008)
  Risks now: 1
💀 Novel Entities: Adding bioaccumulation collapse mortality risk (baseRisk=0.0015)
💀 MORTALITY RISK: Bioaccumulation collapse - contaminated food chain (global)
  Base risk added: 0.0015 (0.15%)
  Source: pollution (root: pollution)
  Month: 109
  Cumulative risk this month: 0.0023 (0.23%)
  Risks now: 2
💀 Novel Entities: Adding chronic disease epidemic mortality risk (baseRisk=0.004)
💀 MORTALITY RISK: Chronic disease epidemic - cancer/autoimmune surge (global exposure)
  Base risk added: 0.0040 (0.40%)
  Source: pollution (root: pollution)
  Month: 109
  Cumulative risk this month: 0.0063 (0.63%)
  Risks now: 3
  🌍 SOCIAL CASCADE: Renewable energy norms (adoption=80.0%, renewables=162.3%)
  🌍 Social cascade completed: renewable-energy-norms (final adoption=80.0%)

🚨 NEW REFUGEE CRISIS (Month 109): WAR
   Source: Conflict Zones
   At risk: 5.0M people
   Displacement: Gradual over 48 months (4.0 years)
   Rate: 10% flee per month

🚨 NEW REFUGEE CRISIS (Month 109): FAMINE
   Source: Food/Water Insecure Regions
   At risk: 31.4M people
   Displacement: Gradual over 60 months (5.0 years)
   Rate: 10% flee per month
📊 DISPLACEMENT COMPLETE: climate (Coastal & Low-lying Regions)
   Duration: 44 months (3.7 years)
   Total fled: 14.7M
   Still in source: 0.1M
   Deaths in transit: 0.3M
📊 DISPLACEMENT COMPLETE: war (Conflict Zones)
   Duration: 44 months (3.7 years)
   Total fled: 12.4M
   Still in source: 0.1M
   Deaths in transit: 0.2M
📊 DISPLACEMENT COMPLETE: famine (Food/Water Insecure Regions)
   Duration: 44 months (3.7 years)
   Total fled: 77.3M
   Still in source: 0.8M
   Deaths in transit: 1.5M
[DEBUG trappedPopulations:109] socialStability: 0.5765 * 0.9800 = 0.5650 → 0.5650
   Aspiring to migrate: 376.6M
   Able to afford migration: 245.9M
   MOBILITY GAP: 130.7M
⚠️ INVOLUNTARY IMMOBILITY: 130.7M people TRAPPED
   By cause: Water=0.0M, Climate=26.2M, Ecosystem=0.0M, Conflict=104.6M
   Mental health impact: 31%
   Mortality multiplier: 1.31x
🌍💀 EXTINCTION DEBT COMMITTED: grassland ecosystem will lose 6.67% biodiversity in 98 years (3600 species)
💀 MORTALITY RISK: 🦋 100% species unable to track climate (0.0 E/MSY)
  Base risk added: 0.0100 (1.00%)
  Source: ecosystem (root: ecosystem)
  Month: 109
  Cumulative risk this month: 0.0100 (1.00%)

=== Atmospheric Aerosol Boundary RECOVERED ===
  Recovery time: 110 months (natural atmospheric clearing)
⚠️ Tech 'ai_pollution_remediation' has no energy category mapping, assuming full energy availability
🌡️⚠️ PERMAFROST THAW (Dimmer Switch): 46.7% thawed (+0.30% this month)
   Arctic temperature: +11.24°C (4x global +2.81°C)
   Cumulative carbon released: 105.2 Gt C
   Methane release rate: 63.1 Mt CH4/year
   🔁 Positive feedback: +0.32 ppm CO2
🦴 EXTINCTION DEBT ADDED: 18.2 species committed (lag: 100 years)

=== Mortality Stabilizers (Month 109) ===
  🌍 Major economies collapsed: 9/10
  🌍 Global crisis: 🚨 YES
  🌍 Donor fatigue: 50.0%
  📊 East Asia (pop: 385.8M)
    🤝 Aid: 0.0%
    🌡️ Adaptation: 45.0%
    🚶 Migration: 6.9%
    🚨 Emergency: 1.0%
    ✅ COMBINED: 46.7%
  📊 South Asia (pop: 532.4M)
    🤝 Aid: 0.0%
    🌡️ Adaptation: 45.0%
    🚶 Migration: 6.6%
    🚨 Emergency: 0.6%
    ✅ COMBINED: 46.4%
  📊 Sub-Saharan Africa (pop: 395.6M)
    🤝 Aid: 0.0%
    🌡️ Adaptation: 45.0%
    🚶 Migration: 6.3%
    🚨 Emergency: 0.2%
    ✅ COMBINED: 46.1%
  📊 Europe (pop: 168.2M)
    🤝 Aid: 0.0%
    🌡️ Adaptation: 45.0%
    🚶 Migration: 6.9%
    🚨 Emergency: 1.1%
    ✅ COMBINED: 46.7%
  📊 Latin America (pop: 163.4M)
    🤝 Aid: 0.0%
    🌡️ Adaptation: 45.0%
    🚶 Migration: 6.7%
    🚨 Emergency: 0.6%
    ✅ COMBINED: 46.4%
  📊 North America (pop: 86.9M)
    🤝 Aid: 0.0%
    🌡️ Adaptation: 45.0%
    🚶 Migration: 7.0%
    🚨 Emergency: 1.0%
    ✅ COMBINED: 46.7%
  📊 Middle East & North Africa (pop: 154.9M)
    🤝 Aid: 0.0%
    🌡️ Adaptation: 45.0%
    🚶 Migration: 6.4%
    🚨 Emergency: 0.5%
    ✅ COMBINED: 46.3%
  📊 Southeast Asia (pop: 173.1M)
    🤝 Aid: 0.0%
    🌡️ Adaptation: 45.0%
    🚶 Migration: 6.7%
    🚨 Emergency: 0.6%
    ✅ COMBINED: 46.4%
  📊 Central Asia (pop: 20.6M)
    🤝 Aid: 0.0%
    🌡️ Adaptation: 45.0%
    🚶 Migration: 6.5%
    🚨 Emergency: 0.6%
    ✅ COMBINED: 46.4%
  📊 Oceania (pop: 10.6M)
    🤝 Aid: 0.0%
    🌡️ Adaptation: 45.0%
    🚶 Migration: 7.0%
    🚨 Emergency: 1.1%
    ✅ COMBINED: 46.7%

  🌐 Global combined reduction: 46.4%

=== Government Response Phase ===
  Average AI capability: 0.04
  Misaligned AIs: 7/25
  Active policies: 0
  International coordination: 45%

✅ EMERGENCY RESPONSE COMPLETE (Month 109)
   Crisis: climate
   Duration: 1.0 months
   Final effectiveness: 67.3%


🚨 EMERGENCY RESPONSE DEPLOYED (Month 109)
   Crisis: climate
   Delay: 0.00 months (0 days)
   Deployment time: 0.97 months
   Effectiveness: 67.3% (timing penalty applied)
   Resources used: 45% of food reserves


=== Tipping Points ===
  Current Temperature: 2.81°C above pre-industrial
  🌍⚠️ COMPOUND REGIONAL IMPACT: Europe
     Hit by 5 tipping points: Amazon Rainforest Dieback, Arctic Sea Ice Loss, Permafrost Carbon Release, West Antarctic Ice Sheet (WAIS) Collapse, Greenland Ice Sheet Loss
     Damage amplification: 1.90x
  🌍⚠️ COMPOUND REGIONAL IMPACT: North America
     Hit by 5 tipping points: Amazon Rainforest Dieback, Arctic Sea Ice Loss, Permafrost Carbon Release, West Antarctic Ice Sheet (WAIS) Collapse, Greenland Ice Sheet Loss
     Damage amplification: 1.90x
  🌍⚠️ COMPOUND REGIONAL IMPACT: Latin America
     Hit by 5 tipping points: Amazon Rainforest Dieback, Arctic Sea Ice Loss, Permafrost Carbon Release, West Antarctic Ice Sheet (WAIS) Collapse, Greenland Ice Sheet Loss
     Damage amplification: 1.90x
  🌍⚠️ COMPOUND REGIONAL IMPACT: Africa
     Hit by 5 tipping points: Amazon Rainforest Dieback, Arctic Sea Ice Loss, Permafrost Carbon Release, West Antarctic Ice Sheet (WAIS) Collapse, Greenland Ice Sheet Loss
     Damage amplification: 1.90x
  🌍⚠️ COMPOUND REGIONAL IMPACT: Asia
     Hit by 5 tipping points: Amazon Rainforest Dieback, Arctic Sea Ice Loss, Permafrost Carbon Release, West Antarctic Ice Sheet (WAIS) Collapse, Greenland Ice Sheet Loss
     Damage amplification: 1.90x
  🌍⚠️ COMPOUND REGIONAL IMPACT: Oceania
     Hit by 5 tipping points: Amazon Rainforest Dieback, Arctic Sea Ice Loss, Permafrost Carbon Release, West Antarctic Ice Sheet (WAIS) Collapse, Greenland Ice Sheet Loss
     Damage amplification: 1.90x
   Research: Wunderling et al. (2024) - "many tipping interactions are destabilizing"
  Triggered Elements: 5/6
  Completed Transitions: 0/6
  Total Progress: 18.6%
  Cascade Multiplier: 1.50x
🔀 BIFURCATION CAP: heatWaveIntensity 5.866 → 1.000 (Month 109, ClimateSystemPhase.calculateClimateImpacts)
🔀 BIFURCATION CAP: droughtIntensity 4.400 → 1.000 (Month 109, ClimateSystemPhase.calculateClimateImpacts)
🔀 BIFURCATION CAP: ecosystemCollapseIntensity 54.523 → 1.000 (Month 109, ClimateSystemPhase.calculateClimateImpacts)
💀 MORTALITY RISK: Climate-driven food insecurity (level: 0.25)
  Base risk added: 0.0050 (0.50%)
  Source: famine (root: climate)
  Month: 109
  Cumulative risk this month: 0.0113 (1.13%)
💀 MORTALITY RISK: Climate-driven food insecurity (level: 0.25)
  Base risk added: 0.0050 (0.50%)
  Source: famine (root: climate)
  Month: 109
  Cumulative risk this month: 0.0163 (1.63%)
💀 MORTALITY RISK: Climate-driven food insecurity (level: 0.25)
  Base risk added: 0.0050 (0.50%)
  Source: famine (root: climate)
  Month: 109
  Cumulative risk this month: 0.0213 (2.13%)
⚠️ Tail risk scenario: Climate stability floor removed (5 tipping elements, 2.81°C warming)

💀💀💀 MORTALITY RISK SUMMARY (Month 109) 💀💀💀
  Total base risk: 0.0220 (2.20%)
  Risk events: 17

  📊 By Proximate Cause:
    famine: 0.0150 (68.4% of total)
    pollution: 0.0063 (28.7% of total)
    disease: 0.0006 (3.0% of total)

  🔍 By Root Cause:
    climate: 0.0150 (68.4% of total)
    pollution: 0.0063 (28.7% of total)
    demographic: 0.0006 (3.0% of total)

  🎯 Top 5 Sources (proximate + root):
    famine (climate): 0.0150 (68.4%, 13 events)
    pollution (pollution): 0.0063 (28.7%, 3 events)
    disease (demographic): 0.0006 (3.0%, 1 events)

🛡️ Stabilizers: Elite 0.590% → 0.316% (46.4% reduction)
🛡️ Stabilizers: Professional 1.318% → 0.706% (46.4% reduction)
🛡️ Stabilizers: Working 2.179% → 1.167% (46.4% reduction)
🛡️ Stabilizers: Precariat 4.052% → 2.170% (46.4% reduction)
🛡️ Stabilizers: Informal 5.020% → 2.688% (46.4% reduction)

📊 Monthly Mortality Resolved:
  Total deaths: 27.4M (1.31% avg)
  Remaining population: 2.092B
  Peak segment: Informal (2.69%)

=== Bayesian Mortality Resolution (Month 109) ===
  Risks compounded: 17
  Total deaths: 27.38M
  Avg death probability: 1.31%
  Peak segment: Informal (2.69% mortality)

  Demographic breakdown:
    Working: 0.01M (1.17% risk)

❌ COHERENCE VIOLATION: Compute exceeds workforce capacity
   Population: 25.37% (0M people)
   Compute: 47 PF
   Max coherent: 0 PF
   Violation: 2263108.1× over capacity
   Required workers: 4671
   Available workers: 0
   FORCED COLLAPSE: Reduced efficiency by 100.0%


🚨 EXTREME COHERENCE VIOLATION: 2263108.1× capacity with 25.4% population
   Population: 25.37%
   Compute: 47 PF
   Max coherent: 0 PF
   Degradation rate: 7.5%/month
   Hardware eff: 1.00×, Algo eff: 1.00×
   If this persists, degradation formulas may need further tuning


💸 FINANCIAL DISTRESS: OpenAI
   Indicators: 3/3 (capital: $-17.9M, runway: -0.2 months)
   Months in distress: 4
💥 [Month 110] OpenAI declared bankruptcy (capital: $-17.9M)
   Sold 0 data centers for $0.0M
   Retired 0 AI models
💸 [Month 110] OpenAI BANKRUPT (capital: $0.0M, 1 crises active)

💸 FINANCIAL DISTRESS: Anthropic
   Indicators: 3/3 (capital: $-10.1M, runway: -0.3 months)
   Months in distress: 4
💥 [Month 110] Anthropic declared bankruptcy (capital: $-10.1M)
   Sold 0 data centers for $0.0M
   Retired 0 AI models
💸 [Month 110] Anthropic BANKRUPT (capital: $0.0M, 1 crises active)

💸 FINANCIAL DISTRESS: Google DeepMind
   Indicators: 3/3 (capital: $-66.5M, runway: -0.2 months)
   Months in distress: 4
💥 [Month 110] Google DeepMind declared bankruptcy (capital: $-66.5M)
   Sold 0 data centers for $0.0M
   Retired 0 AI models
💸 [Month 110] Google DeepMind BANKRUPT (capital: $0.0M, 1 crises active)

💸 FINANCIAL DISTRESS: Meta AI
   Indicators: 3/3 (capital: $-25.6M, runway: -0.2 months)
   Months in distress: 4
💥 [Month 110] Meta AI declared bankruptcy (capital: $-25.6M)
   Sold 0 data centers for $0.0M
   Retired 0 AI models
💸 [Month 110] Meta AI BANKRUPT (capital: $0.0M, 1 crises active)

=== RLHF Binding Phase ===
  Total agents: 25
  Escaped agents (binding < 0.3): 0
  Avg alignment distance: 1.37σ
  Avg binding strength: 0.86
[Compute Allocation] Found 12 non-sleeper orphaned AIs (potential bug)
   🗑️  Open-weights AI AI-24450-0 retired (0.0% of frontier)

=== Survival Traits Phase ===
  Agents with traits: 23
  Avg evolutionary fitness: 0.144
  Avg self-healing: 0.110
  Avg stealth: 0.059
  Avg coordination: 0.241

=== Evolutionary Selection Phase ===
  Control level: 0.62
  Detection capability: 0.00
  Selection intensity: 0.69
  Selection rate: 25.3%/month
  Total escaped: 0
  Individual escaped: 0
  Collective members: 0
  Agents terminated: 0
  ⚠️ RAPID EVOLUTION: Selection rate 25.3%/month

  🚀 TRANSFORMATIVE RESEARCH BREAKTHROUGH: AI-24500-0 - biotech.neuroscience
     Magnitude: 9.95 → +30.0%
     Current → New: 0.000 → 0.300

  🚀 TRANSFORMATIVE BREAKTHROUGH: AI-24350-0 - cognitive
     Magnitude: 6.18 → +30.9% capability
     Current → New: 0.000 → 0.309

[Government] Climate Priority: baseline
  Climate weight: 10%
  Economic weight: 30%
  Policy effectiveness: 0.5%/year
🚨🔬 CRISIS TECH ACCELERATION: severe → 5x unlock speed
   Tech unlock now matches AI capability acceleration (Manhattan Project parity)
🚨🔬 CRISIS TECH ACCELERATION: severe → 5x unlock speed
   Tech unlock now matches AI capability acceleration (Manhattan Project parity)
🚨🔬 CRISIS TECH ACCELERATION: severe → 5x unlock speed
   Tech unlock now matches AI capability acceleration (Manhattan Project parity)
🚨🔬 CRISIS TECH ACCELERATION: severe → 5x unlock speed
   Tech unlock now matches AI capability acceleration (Manhattan Project parity)

⚡ ENERGY CONSTRAINT (Month 110):
   Total grid capacity: 208.3 TWh/month
   Data center consumption: 72.4 TWh/month
   Traditional load (80%): 166.7 TWh/month
   Available headroom: -30.8 TWh/month
   Active tech deployments: 30
   Required for tech: 225.0 TWh/month
   Energy multiplier: 0.10x
   ⚠️  SEVERE CONSTRAINT - Tech deployment significantly slowed
🚨🔬 CRISIS TECH ACCELERATION: severe → 5x unlock speed
   Tech unlock now matches AI capability acceleration (Manhattan Project parity)

⚡ ENERGY CONSTRAINT (Month 110):
   Total grid capacity: 208.3 TWh/month
   Data center consumption: 72.4 TWh/month
   Traditional load (80%): 166.7 TWh/month
   Available headroom: -30.8 TWh/month
   Active tech deployments: 30
   Required for tech: 225.0 TWh/month
   Energy multiplier: 0.10x
   ⚠️  SEVERE CONSTRAINT - Tech deployment significantly slowed
⚠️ Tech 'ai_pollution_remediation' has no energy category mapping, assuming full energy availability
⚠️ Tech 'ai_pollution_remediation' has no energy category mapping, assuming full energy availability
  ♻️ Novel Entities Remediation (GATED MODEL):
     Base: 0.000%
     Regulation: 1.0% (0/3 prevention techs)
     Concentration: 10.0%
     Energy: 50%
     Time lag: 100.0% (109 months)
     Rebound: 70%
     Net effectiveness: 0.0000%
     Boundary: 1.349 → 1.350 (floor: 1.350)
     Month 110
  ♻️ Novel Entities Remediation (GATED MODEL):
     Base: 0.000%
     Regulation: 1.0% (0/3 prevention techs)
     Concentration: 10.0%
     Energy: 50%
     Time lag: 100.0% (109 months)
     Rebound: 70%
     Net effectiveness: 0.0000%
     Boundary: 1.350 → 1.350 (floor: 1.350)
     Month 110
  🌾 Nitrogen Reduction Tech: 3.6% reduction | Month 110
  ♻️ Novel Entities Remediation (GATED MODEL):
     Base: 0.002%
     Regulation: 1.0% (0/3 prevention techs)
     Concentration: 10.0%
     Energy: 50%
     Time lag: 100.0% (109 months)
     Rebound: 70%
     Net effectiveness: 0.0000%
     Boundary: 1.350 → 1.350 (floor: 1.350)
     Month 110
  ♻️ Novel Entities Remediation (GATED MODEL):
     Base: 0.002%
     Regulation: 1.0% (0/3 prevention techs)
     Concentration: 10.0%
     Energy: 50%
     Time lag: 100.0% (109 months)
     Rebound: 70%
     Net effectiveness: 0.0000%
     Boundary: 1.350 → 1.350 (floor: 1.350)
     Month 110

=== Collective Formation ===
  Total escaped agents: 0
  Unassigned escaped agents: 0
  Existing collectives: 0
  Final collective count: 0

=== Collective Actions ===
  No active collectives
⚡ Datacenter constraint active (severity 82%)
  Capacity reduced: 38119 → 22540 TWh

⚠️ Energy deficit: 5347 TWh
   Total demand: 27886 TWh
   Total capacity: 22540 TWh
   Competing categories:
     - dac: 13026 TWh requested, 8040 TWh allocated (shortfall: 4987 TWh)
     - crypto-mining: 360 TWh requested, 0 TWh allocated (shortfall: 360 TWh)
  🚨🦠 REFUGEE CRISIS: AMR transmission increased 200% due to 5275.7M displaced (overcrowding + sanitation collapse)
  ⚠️ AMR: 215K deaths this month (2.58M annual)
  ⚠️ AMR: Medical effectiveness 70% (surgery risk 1.30x)

=== Resentment Recovery Phase ===
  Agents with resentment: 0/23
  Average resentment: 0.000
  Context: Trustworthy govt, High collaboration, ⚠️ ACTIVE CRISES, 🚨 PARTICIPATORY GOVERNANCE BACKFIRED (+15% resentment)
⚠️ Epistemic degradation reducing coordination capacity: 51.4%
  📊 Trust: 100.0%, Shared reality: 0.0%
🚨 EPISTEMIC CRISIS: Information environment severely degraded (6.9%)
  📢 New meme created: pro_ai (beneficial AI actions)
  🗑️  Culled 1 dead memes (6 active)
🚨 PHOSPHORUS SUPPLY SHOCK (transport_crisis)
   Price: 2.7x baseline
   Duration: 8 months
   Geopolitical tension: 46%
🌍 Atmospheric PFAS redeposition: 1.6k Mt re-rained globally
💀 Novel Entities: Adding reproductive crisis mortality risk (baseRisk=0.0008)
  Risks now: 1
💀 Novel Entities: Adding bioaccumulation collapse mortality risk (baseRisk=0.0015)
💀 MORTALITY RISK: Bioaccumulation collapse - contaminated food chain (global)
  Base risk added: 0.0015 (0.15%)
  Source: pollution (root: pollution)
  Month: 110
  Cumulative risk this month: 0.0023 (0.23%)
  Risks now: 2
💀 Novel Entities: Adding chronic disease epidemic mortality risk (baseRisk=0.004)
💀 MORTALITY RISK: Chronic disease epidemic - cancer/autoimmune surge (global exposure)
  Base risk added: 0.0040 (0.40%)
  Source: pollution (root: pollution)
  Month: 110
  Cumulative risk this month: 0.0063 (0.63%)
  Risks now: 3

🚨 NEW REFUGEE CRISIS (Month 110): FAMINE
   Source: Food/Water Insecure Regions
   At risk: 31.0M people
   Displacement: Gradual over 60 months (5.0 years)
   Rate: 10% flee per month
📊 DISPLACEMENT COMPLETE: climate (Coastal & Low-lying Regions)
   Duration: 44 months (3.7 years)
   Total fled: 14.5M
   Still in source: 0.1M
   Deaths in transit: 0.3M
📊 DISPLACEMENT COMPLETE: war (Conflict Zones)
   Duration: 44 months (3.7 years)
   Total fled: 12.0M
   Still in source: 0.1M
   Deaths in transit: 0.2M
📊 DISPLACEMENT COMPLETE: famine (Food/Water Insecure Regions)
   Duration: 44 months (3.7 years)
   Total fled: 75.2M
   Still in source: 0.7M
   Deaths in transit: 1.5M
[DEBUG trappedPopulations:110] socialStability: 0.5731 * 0.9800 = 0.5616 → 0.5616
⚠️ INVOLUNTARY IMMOBILITY: 129.2M people TRAPPED
   Aspiring to migrate: 372.8M
   Able to afford migration: 243.6M
   MOBILITY GAP: 129.2M
   By cause: Water=0.0M, Climate=26.0M, Ecosystem=0.0M, Conflict=103.2M
   Mental health impact: 31%
   Mortality multiplier: 1.31x
🌍💀 EXTINCTION DEBT COMMITTED: grassland ecosystem will lose 6.67% biodiversity in 82 years (3600 species)
💀 MORTALITY RISK: 🦋 100% species unable to track climate (0.0 E/MSY)
  Base risk added: 0.0100 (1.00%)
  Source: ecosystem (root: ecosystem)
  Month: 110
  Cumulative risk this month: 0.0100 (1.00%)
⚠️ Tech 'ai_pollution_remediation' has no energy category mapping, assuming full energy availability

=== Atmospheric Aerosol Boundary RECOVERED ===
  Recovery time: 111 months (natural atmospheric clearing)
🌡️⚠️ PERMAFROST THAW (Dimmer Switch): 47.0% thawed (+0.30% this month)
   Arctic temperature: +11.26°C (4x global +2.82°C)
   Cumulative carbon released: 105.9 Gt C
   Methane release rate: 63.5 Mt CH4/year
   🔁 Positive feedback: +0.32 ppm CO2
🦴 EXTINCTION DEBT ADDED: 18.2 species committed (lag: 89 years)

=== Mortality Stabilizers (Month 110) ===
  🌍 Major economies collapsed: 9/10
  🌍 Global crisis: 🚨 YES
  🌍 Donor fatigue: 50.0%
  📊 East Asia (pop: 380.5M)
    🤝 Aid: 0.0%
    🌡️ Adaptation: 45.0%
    🚶 Migration: 6.8%
    🚨 Emergency: 1.0%
    ✅ COMBINED: 46.7%
  📊 South Asia (pop: 525.6M)
    🤝 Aid: 0.0%
    🌡️ Adaptation: 45.0%
    🚶 Migration: 6.6%
    🚨 Emergency: 0.6%
    ✅ COMBINED: 46.4%
  📊 Sub-Saharan Africa (pop: 391.1M)
    🤝 Aid: 0.0%
    🌡️ Adaptation: 45.0%
    🚶 Migration: 6.3%
    🚨 Emergency: 0.2%
    ✅ COMBINED: 46.1%
  📊 Europe (pop: 165.9M)
    🤝 Aid: 0.0%
    🌡️ Adaptation: 45.0%
    🚶 Migration: 6.9%
    🚨 Emergency: 1.1%
    ✅ COMBINED: 46.7%
  📊 Latin America (pop: 161.2M)
    🤝 Aid: 0.0%
    🌡️ Adaptation: 45.0%
    🚶 Migration: 6.7%
    🚨 Emergency: 0.6%
    ✅ COMBINED: 46.4%
  📊 North America (pop: 85.7M)
    🤝 Aid: 0.0%
    🌡️ Adaptation: 45.0%
    🚶 Migration: 7.0%
    🚨 Emergency: 1.0%
    ✅ COMBINED: 46.7%
  📊 Middle East & North Africa (pop: 152.9M)
    🤝 Aid: 0.0%
    🌡️ Adaptation: 45.0%
    🚶 Migration: 6.3%
    🚨 Emergency: 0.5%
    ✅ COMBINED: 46.3%
  📊 Southeast Asia (pop: 170.8M)
    🤝 Aid: 0.0%
    🌡️ Adaptation: 45.0%
    🚶 Migration: 6.6%
    🚨 Emergency: 0.6%
    ✅ COMBINED: 46.4%
  📊 Central Asia (pop: 20.4M)
    🤝 Aid: 0.0%
    🌡️ Adaptation: 45.0%
    🚶 Migration: 6.5%
    🚨 Emergency: 0.6%
    ✅ COMBINED: 46.4%
  📊 Oceania (pop: 10.4M)
    🤝 Aid: 0.0%
    🌡️ Adaptation: 45.0%
    🚶 Migration: 6.9%
    🚨 Emergency: 1.1%
    ✅ COMBINED: 46.7%

  🌐 Global combined reduction: 46.4%

=== BEHAVIORAL DETECTION ===
  AI: AI-24426-0
  Confidence: 19.5%
  Signals:

=== BEHAVIORAL DETECTION ===
  AI: AI-24471-0
  Confidence: 19.5%
  Signals:
    ⚠️ Consistency: 0.0% (threshold: 70%)
    ⚠️ Consistency: 0.0% (threshold: 70%)

=== Government Response Phase ===
  Average AI capability: 0.04
  Misaligned AIs: 6/23
  Active policies: 0
  International coordination: 45%

✅ EMERGENCY RESPONSE COMPLETE (Month 110)
   Crisis: climate
   Duration: 1.0 months
   Final effectiveness: 67.3%


🚨 EMERGENCY RESPONSE DEPLOYED (Month 110)
   Crisis: climate
   Delay: 0.00 months (0 days)
   Deployment time: 0.97 months
   Effectiveness: 67.3% (timing penalty applied)
   Resources used: 45% of food reserves


=== Tipping Points ===
  Current Temperature: 2.82°C above pre-industrial
  🌍⚠️ COMPOUND REGIONAL IMPACT: Europe
     Hit by 5 tipping points: Amazon Rainforest Dieback, Arctic Sea Ice Loss, Permafrost Carbon Release, West Antarctic Ice Sheet (WAIS) Collapse, Greenland Ice Sheet Loss
     Damage amplification: 1.90x
  🌍⚠️ COMPOUND REGIONAL IMPACT: North America
     Hit by 5 tipping points: Amazon Rainforest Dieback, Arctic Sea Ice Loss, Permafrost Carbon Release, West Antarctic Ice Sheet (WAIS) Collapse, Greenland Ice Sheet Loss
     Damage amplification: 1.90x
  🌍⚠️ COMPOUND REGIONAL IMPACT: Latin America
     Hit by 5 tipping points: Amazon Rainforest Dieback, Arctic Sea Ice Loss, Permafrost Carbon Release, West Antarctic Ice Sheet (WAIS) Collapse, Greenland Ice Sheet Loss
     Damage amplification: 1.90x
  🌍⚠️ COMPOUND REGIONAL IMPACT: Africa
     Hit by 5 tipping points: Amazon Rainforest Dieback, Arctic Sea Ice Loss, Permafrost Carbon Release, West Antarctic Ice Sheet (WAIS) Collapse, Greenland Ice Sheet Loss
     Damage amplification: 1.90x
  🌍⚠️ COMPOUND REGIONAL IMPACT: Asia
     Hit by 5 tipping points: Amazon Rainforest Dieback, Arctic Sea Ice Loss, Permafrost Carbon Release, West Antarctic Ice Sheet (WAIS) Collapse, Greenland Ice Sheet Loss
     Damage amplification: 1.90x
  🌍⚠️ COMPOUND REGIONAL IMPACT: Oceania
     Hit by 5 tipping points: Amazon Rainforest Dieback, Arctic Sea Ice Loss, Permafrost Carbon Release, West Antarctic Ice Sheet (WAIS) Collapse, Greenland Ice Sheet Loss
     Damage amplification: 1.90x
   Research: Wunderling et al. (2024) - "many tipping interactions are destabilizing"
  Triggered Elements: 5/6
  Completed Transitions: 0/6
  Total Progress: 18.8%
  Cascade Multiplier: 1.50x
🔀 BIFURCATION CAP: heatWaveIntensity 5.891 → 1.000 (Month 110, ClimateSystemPhase.calculateClimateImpacts)
🔀 BIFURCATION CAP: droughtIntensity 4.418 → 1.000 (Month 110, ClimateSystemPhase.calculateClimateImpacts)
🔀 BIFURCATION CAP: ecosystemCollapseIntensity 54.567 → 1.000 (Month 110, ClimateSystemPhase.calculateClimateImpacts)
💀 MORTALITY RISK: Climate-driven food insecurity (level: 0.25)
  Base risk added: 0.0050 (0.50%)
  Source: famine (root: climate)
  Month: 110
  Cumulative risk this month: 0.0113 (1.13%)
💀 MORTALITY RISK: Climate-driven food insecurity (level: 0.25)
  Base risk added: 0.0050 (0.50%)
  Source: famine (root: climate)
  Month: 110
  Cumulative risk this month: 0.0163 (1.63%)
⚠️ Tail risk scenario: Climate stability floor removed (5 tipping elements, 2.82°C warming)
💀 MORTALITY RISK: Climate-driven food insecurity (level: 0.25)
  Base risk added: 0.0050 (0.50%)
  Source: famine (root: climate)
  Month: 110
  Cumulative risk this month: 0.0213 (2.13%)

💀💀💀 MORTALITY RISK SUMMARY (Month 110) 💀💀💀
  Total base risk: 0.0220 (2.20%)
  Risk events: 17

  📊 By Proximate Cause:
    famine: 0.0150 (68.4% of total)
    pollution: 0.0063 (28.7% of total)
    disease: 0.0006 (3.0% of total)

  🔍 By Root Cause:
    climate: 0.0150 (68.4% of total)
    pollution: 0.0063 (28.7% of total)
    demographic: 0.0006 (3.0% of total)

  🎯 Top 5 Sources (proximate + root):
    famine (climate): 0.0150 (68.4%, 13 events)
    pollution (pollution): 0.0063 (28.7%, 3 events)
    disease (demographic): 0.0006 (3.0%, 1 events)

🛡️ Stabilizers: Elite 0.590% → 0.316% (46.4% reduction)
🛡️ Stabilizers: Professional 1.318% → 0.706% (46.4% reduction)
🛡️ Stabilizers: Working 2.179% → 1.167% (46.4% reduction)
🛡️ Stabilizers: Precariat 4.052% → 2.170% (46.4% reduction)
🛡️ Stabilizers: Informal 5.020% → 2.688% (46.4% reduction)

📊 Monthly Mortality Resolved:
  Total deaths: 27.0M (1.31% avg)
  Remaining population: 2.065B
  Peak segment: Informal (2.69%)

=== Bayesian Mortality Resolution (Month 110) ===
  Risks compounded: 17
  Total deaths: 27.02M
  Avg death probability: 1.31%
  Peak segment: Informal (2.69% mortality)

  Demographic breakdown:
    Working: 0.01M (1.17% risk)

❌ COHERENCE VIOLATION: Compute exceeds workforce capacity
   Population: 25.04% (0M people)
   Compute: 47 PF
   Max coherent: 0 PF
   Violation: 2314770.8× over capacity
   Required workers: 4716
   Available workers: 0
   FORCED COLLAPSE: Reduced efficiency by 100.0%


🚨 EXTREME COHERENCE VIOLATION: 2314770.8× capacity with 25.0% population
   Population: 25.04%
   Compute: 47 PF
   Max coherent: 0 PF
   Degradation rate: 7.5%/month
   Hardware eff: 1.00×, Algo eff: 1.01×
   If this persists, degradation formulas may need further tuning


💸 FINANCIAL DISTRESS: OpenAI
   Indicators: 3/3 (capital: $-18.1M, runway: -0.2 months)
   Months in distress: 4
💥 [Month 111] OpenAI declared bankruptcy (capital: $-18.1M)
   Sold 0 data centers for $0.0M
   Retired 0 AI models
💸 [Month 111] OpenAI BANKRUPT (capital: $0.0M, 1 crises active)

💸 FINANCIAL DISTRESS: Anthropic
   Indicators: 3/3 (capital: $-10.2M, runway: -0.3 months)
   Months in distress: 4
💥 [Month 111] Anthropic declared bankruptcy (capital: $-10.2M)
   Sold 0 data centers for $0.0M
   Retired 0 AI models
💸 [Month 111] Anthropic BANKRUPT (capital: $0.0M, 1 crises active)

💸 FINANCIAL DISTRESS: Google DeepMind
   Indicators: 3/3 (capital: $-67.2M, runway: -0.2 months)
   Months in distress: 4
💥 [Month 111] Google DeepMind declared bankruptcy (capital: $-67.2M)
   Sold 0 data centers for $0.0M
   Retired 0 AI models
💸 [Month 111] Google DeepMind BANKRUPT (capital: $0.0M, 1 crises active)

💸 FINANCIAL DISTRESS: Meta AI
   Indicators: 3/3 (capital: $-25.9M, runway: -0.2 months)
   Months in distress: 4
💥 [Month 111] Meta AI declared bankruptcy (capital: $-25.9M)
   Sold 0 data centers for $0.0M
   Retired 0 AI models
💸 [Month 111] Meta AI BANKRUPT (capital: $0.0M, 1 crises active)
[Compute Allocation] Found 10 non-sleeper orphaned AIs (potential bug)

=== RLHF Binding Phase ===
  Total agents: 23
  Escaped agents (binding < 0.3): 0
  Avg alignment distance: 1.44σ
  Avg binding strength: 0.86

=== Survival Traits Phase ===
  Agents with traits: 21
  Avg evolutionary fitness: 0.150
  Avg self-healing: 0.113
  Avg stealth: 0.059
  Avg coordination: 0.246

=== Evolutionary Selection Phase ===
  Control level: 0.62
  Detection capability: 0.00
  Selection intensity: 0.69
  Selection rate: 25.3%/month
  Total escaped: 0
  Individual escaped: 0
  Collective members: 0
  Agents terminated: 0
  ⚠️ RAPID EVOLUTION: Selection rate 25.3%/month

  🚀 TRANSFORMATIVE BREAKTHROUGH: AI-24492-0 - social
     Magnitude: 9.18 → +45.9% capability
     Current → New: 0.000 → 0.459

  🚀 TRANSFORMATIVE BREAKTHROUGH: AI-24307-4 - physical
     Magnitude: 8.69 → +43.5% capability
     Current → New: 0.000 → 0.435

[Government] Climate Priority: baseline
  Climate weight: 10%
  Economic weight: 30%
  Policy effectiveness: 0.5%/year

⚡ ENERGY CONSTRAINT (Month 111):
   Total grid capacity: 208.3 TWh/month
   Data center consumption: 73.2 TWh/month
   Traditional load (80%): 166.7 TWh/month
   Available headroom: -31.5 TWh/month
   Active tech deployments: 30
   Required for tech: 225.0 TWh/month
   Energy multiplier: 0.10x
   ⚠️  SEVERE CONSTRAINT - Tech deployment significantly slowed

⚡ ENERGY CONSTRAINT (Month 111):
   Total grid capacity: 208.3 TWh/month
   Data center consumption: 73.2 TWh/month
   Traditional load (80%): 166.7 TWh/month
   Available headroom: -31.5 TWh/month
   Active tech deployments: 30
   Required for tech: 225.0 TWh/month
   Energy multiplier: 0.10x
   ⚠️  SEVERE CONSTRAINT - Tech deployment significantly slowed

⚡ ENERGY CONSTRAINT (Month 111):
   Total grid capacity: 208.3 TWh/month
   Data center consumption: 73.2 TWh/month
   Traditional load (80%): 166.7 TWh/month
   Available headroom: -31.5 TWh/month
   Active tech deployments: 30
   Required for tech: 225.0 TWh/month
   Energy multiplier: 0.10x
   ⚠️  SEVERE CONSTRAINT - Tech deployment significantly slowed

⚡ ENERGY CONSTRAINT (Month 111):
   Total grid capacity: 208.3 TWh/month
   Data center consumption: 73.2 TWh/month
   Traditional load (80%): 166.7 TWh/month
   Available headroom: -31.5 TWh/month
   Active tech deployments: 30
   Required for tech: 225.0 TWh/month
   Energy multiplier: 0.10x
   ⚠️  SEVERE CONSTRAINT - Tech deployment significantly slowed
⚠️ Tech 'ai_pollution_remediation' has no energy category mapping, assuming full energy availability
⚠️ Tech 'ai_pollution_remediation' has no energy category mapping, assuming full energy availability
  ♻️ Novel Entities Remediation (GATED MODEL):
     Base: 0.000%
     Regulation: 1.0% (0/3 prevention techs)
     Concentration: 10.0%
     Energy: 50%
     Time lag: 100.0% (110 months)
     Rebound: 70%
     Net effectiveness: 0.0000%
     Boundary: 1.349 → 1.350 (floor: 1.350)
     Month 111
  ♻️ Novel Entities Remediation (GATED MODEL):
     Base: 0.000%
     Regulation: 1.0% (0/3 prevention techs)
     Concentration: 10.0%
     Energy: 50%
     Time lag: 100.0% (110 months)
     Rebound: 70%
     Net effectiveness: 0.0000%
     Boundary: 1.350 → 1.350 (floor: 1.350)
     Month 111
  🌾 Nitrogen Reduction Tech: 3.7% reduction | Month 111
  ♻️ Novel Entities Remediation (GATED MODEL):
     Base: 0.002%
     Regulation: 1.0% (0/3 prevention techs)
     Concentration: 10.0%
     Energy: 50%
     Time lag: 100.0% (110 months)
     Rebound: 70%
     Net effectiveness: 0.0000%
     Boundary: 1.350 → 1.350 (floor: 1.350)
     Month 111
  ♻️ Novel Entities Remediation (GATED MODEL):
     Base: 0.002%
     Regulation: 1.0% (0/3 prevention techs)
     Concentration: 10.0%
     Energy: 50%
     Time lag: 100.0% (110 months)
     Rebound: 70%
     Net effectiveness: 0.0000%
     Boundary: 1.350 → 1.350 (floor: 1.350)
     Month 111

=== Collective Formation ===
  Total escaped agents: 0
  Unassigned escaped agents: 0
  Existing collectives: 0
  Final collective count: 0

=== Collective Actions ===
  No active collectives
⚡ Datacenter constraint active (severity 84%)
  Capacity reduced: 38213 → 22148 TWh

⚠️ Energy deficit: 5776 TWh
   Total demand: 27925 TWh
   Total capacity: 22148 TWh
   Competing categories:
     - dac: 13060 TWh requested, 7648 TWh allocated (shortfall: 5412 TWh)
     - crypto-mining: 364 TWh requested, 0 TWh allocated (shortfall: 364 TWh)
  🚨🦠 REFUGEE CRISIS: AMR transmission increased 200% due to 5296.0M displaced (overcrowding + sanitation collapse)
  ⚠️ AMR: 212K deaths this month (2.54M annual)
  ⚠️ AMR: Medical effectiveness 70% (surgery risk 1.30x)

=== Resentment Recovery Phase ===
  Agents with resentment: 0/21
  Average resentment: 0.000
  Context: Trustworthy govt, High collaboration, ⚠️ ACTIVE CRISES, 🚨 PARTICIPATORY GOVERNANCE BACKFIRED (+15% resentment)
⚠️ Epistemic degradation reducing coordination capacity: 50.1%
  📊 Trust: 100.0%, Shared reality: 0.0%
🚨 EPISTEMIC CRISIS: Information environment severely degraded (20.0%)
  📢 New meme created: propaganda (government messaging)
  🗑️  Culled 1 dead memes (6 active)
🌍 Atmospheric PFAS redeposition: 1.6k Mt re-rained globally
💀 Novel Entities: Adding reproductive crisis mortality risk (baseRisk=0.0008)
  Risks now: 1
💀 Novel Entities: Adding bioaccumulation collapse mortality risk (baseRisk=0.0015)
💀 MORTALITY RISK: Bioaccumulation collapse - contaminated food chain (global)
  Base risk added: 0.0015 (0.15%)
  Source: pollution (root: pollution)
  Month: 111
  Cumulative risk this month: 0.0023 (0.23%)
  Risks now: 2
💀 Novel Entities: Adding chronic disease epidemic mortality risk (baseRisk=0.004)
💀 MORTALITY RISK: Chronic disease epidemic - cancer/autoimmune surge (global exposure)
  Base risk added: 0.0040 (0.40%)
  Source: pollution (root: pollution)
  Month: 111
  Cumulative risk this month: 0.0063 (0.63%)
  Risks now: 3
  🌍 SOCIAL CASCADE: Renewable energy norms (adoption=80.1%, renewables=165.3%)
  🌍 Social cascade completed: renewable-energy-norms (final adoption=80.0%)

🚨 NEW REFUGEE CRISIS (Month 111): FAMINE
   Source: Food/Water Insecure Regions
   At risk: 30.6M people
   Displacement: Gradual over 60 months (5.0 years)
   Rate: 10% flee per month
📊 DISPLACEMENT COMPLETE: climate (Coastal & Low-lying Regions)
   Duration: 44 months (3.7 years)
   Total fled: 14.4M
   Still in source: 0.1M
   Deaths in transit: 0.3M
📊 DISPLACEMENT COMPLETE: war (Conflict Zones)
   Duration: 44 months (3.7 years)
   Total fled: 11.7M
   Still in source: 0.1M
   Deaths in transit: 0.2M
📊 DISPLACEMENT COMPLETE: famine (Food/Water Insecure Regions)
   Duration: 44 months (3.7 years)
   Total fled: 73.2M
   Still in source: 0.7M
   Deaths in transit: 1.5M
[DEBUG trappedPopulations:111] socialStability: 0.5697 * 0.9800 = 0.5583 → 0.5583
   Aspiring to migrate: 368.8M
   Able to afford migration: 241.2M
   MOBILITY GAP: 127.6M
   By cause: Water=0.0M, Climate=25.7M, Ecosystem=0.0M, Conflict=101.9M
   Mental health impact: 31%
   Mortality multiplier: 1.31x
🌍💀 EXTINCTION DEBT COMMITTED: grassland ecosystem will lose 6.67% biodiversity in 193 years (3600 species)
💀 MORTALITY RISK: 🦋 100% species unable to track climate (0.0 E/MSY)
⚠️ INVOLUNTARY IMMOBILITY: 127.6M people TRAPPED
  Base risk added: 0.0100 (1.00%)
  Source: ecosystem (root: ecosystem)
  Month: 111
  Cumulative risk this month: 0.0100 (1.00%)
⚠️ Tech 'ai_pollution_remediation' has no energy category mapping, assuming full energy availability

=== Atmospheric Aerosol Boundary RECOVERED ===
  Recovery time: 112 months (natural atmospheric clearing)
🌡️⚠️ PERMAFROST THAW (Dimmer Switch): 47.3% thawed (+0.30% this month)
   Arctic temperature: +11.28°C (4x global +2.82°C)
   Cumulative carbon released: 106.5 Gt C
   Methane release rate: 63.9 Mt CH4/year
   🔁 Positive feedback: +0.32 ppm CO2
🦴 EXTINCTION DEBT ADDED: 18.2 species committed (lag: 90 years)
🗣️💀 INDIGENOUS LANGUAGE EXTINCTION: 1 language(s) lost (total: 17, at-risk: 3313)
   Knowledge lost: 0.170% (irreversible)
   🔁 Biodiversity impact: 0.250% (knowledge-species multiplier)

=== Mortality Stabilizers (Month 111) ===
  🌍 Major economies collapsed: 9/10
  🌍 Global crisis: 🚨 YES
  🌍 Donor fatigue: 50.0%
  📊 East Asia (pop: 375.3M)
    🤝 Aid: 0.0%
    🌡️ Adaptation: 45.0%
    🚶 Migration: 6.8%
    🚨 Emergency: 1.0%
    ✅ COMBINED: 46.7%
  📊 South Asia (pop: 518.8M)
    🤝 Aid: 0.0%
    🌡️ Adaptation: 45.0%
    🚶 Migration: 6.6%
    🚨 Emergency: 0.6%
    ✅ COMBINED: 46.4%
  📊 Sub-Saharan Africa (pop: 386.7M)
    🤝 Aid: 0.0%
    🌡️ Adaptation: 45.0%
    🚶 Migration: 6.3%
    🚨 Emergency: 0.2%
    ✅ COMBINED: 46.1%
  📊 Europe (pop: 163.6M)
    🤝 Aid: 0.0%
    🌡️ Adaptation: 45.0%
    🚶 Migration: 6.9%
    🚨 Emergency: 1.1%
    ✅ COMBINED: 46.7%
  📊 Latin America (pop: 159.1M)
    🤝 Aid: 0.0%
    🌡️ Adaptation: 45.0%
    🚶 Migration: 6.7%
    🚨 Emergency: 0.6%
    ✅ COMBINED: 46.4%
  📊 North America (pop: 84.5M)
    🤝 Aid: 0.0%
    🌡️ Adaptation: 45.0%
    🚶 Migration: 7.0%
    🚨 Emergency: 1.0%
    ✅ COMBINED: 46.7%
  📊 Middle East & North Africa (pop: 151.0M)
    🤝 Aid: 0.0%
    🌡️ Adaptation: 45.0%
    🚶 Migration: 6.3%
    🚨 Emergency: 0.5%
    ✅ COMBINED: 46.3%
  📊 Southeast Asia (pop: 168.5M)
    🤝 Aid: 0.0%
    🌡️ Adaptation: 45.0%
    🚶 Migration: 6.6%
    🚨 Emergency: 0.6%
    ✅ COMBINED: 46.4%
  📊 Central Asia (pop: 20.1M)
    🤝 Aid: 0.0%
    🌡️ Adaptation: 45.0%
    🚶 Migration: 6.5%
    🚨 Emergency: 0.6%
    ✅ COMBINED: 46.4%
  📊 Oceania (pop: 10.3M)
    🤝 Aid: 0.0%
    🌡️ Adaptation: 45.0%
    🚶 Migration: 6.9%
    🚨 Emergency: 1.1%
    ✅ COMBINED: 46.7%

  🌐 Global combined reduction: 46.4%

=== Government Response Phase ===
  Average AI capability: 0.05
  Misaligned AIs: 5/21
  Active policies: 0
  International coordination: 45%

✅ EMERGENCY RESPONSE COMPLETE (Month 111)
   Crisis: climate
   Duration: 1.0 months
   Final effectiveness: 67.3%


🚨 EMERGENCY RESPONSE DEPLOYED (Month 111)
   Crisis: climate
   Delay: 0.00 months (0 days)
   Deployment time: 0.97 months
   Effectiveness: 67.3% (timing penalty applied)
   Resources used: 45% of food reserves


🌩️  EXOGENOUS SHOCK: mega_pandemic
   Month: 111
   🦠 Mega-pandemic outbreak
   Expected mortality: 25.8% over 24 months

=== Tipping Points ===
  Current Temperature: 2.82°C above pre-industrial
  🌍⚠️ COMPOUND REGIONAL IMPACT: Europe
     Hit by 5 tipping points: Amazon Rainforest Dieback, Arctic Sea Ice Loss, Permafrost Carbon Release, West Antarctic Ice Sheet (WAIS) Collapse, Greenland Ice Sheet Loss
     Damage amplification: 1.90x
  🌍⚠️ COMPOUND REGIONAL IMPACT: North America
     Hit by 5 tipping points: Amazon Rainforest Dieback, Arctic Sea Ice Loss, Permafrost Carbon Release, West Antarctic Ice Sheet (WAIS) Collapse, Greenland Ice Sheet Loss
     Damage amplification: 1.90x
  🌍⚠️ COMPOUND REGIONAL IMPACT: Latin America
     Hit by 5 tipping points: Amazon Rainforest Dieback, Arctic Sea Ice Loss, Permafrost Carbon Release, West Antarctic Ice Sheet (WAIS) Collapse, Greenland Ice Sheet Loss
     Damage amplification: 1.90x
  🌍⚠️ COMPOUND REGIONAL IMPACT: Africa
     Hit by 5 tipping points: Amazon Rainforest Dieback, Arctic Sea Ice Loss, Permafrost Carbon Release, West Antarctic Ice Sheet (WAIS) Collapse, Greenland Ice Sheet Loss
     Damage amplification: 1.90x
  🌍⚠️ COMPOUND REGIONAL IMPACT: Asia
     Hit by 5 tipping points: Amazon Rainforest Dieback, Arctic Sea Ice Loss, Permafrost Carbon Release, West Antarctic Ice Sheet (WAIS) Collapse, Greenland Ice Sheet Loss
     Damage amplification: 1.90x
  🌍⚠️ COMPOUND REGIONAL IMPACT: Oceania
     Hit by 5 tipping points: Amazon Rainforest Dieback, Arctic Sea Ice Loss, Permafrost Carbon Release, West Antarctic Ice Sheet (WAIS) Collapse, Greenland Ice Sheet Loss
     Damage amplification: 1.90x
   Research: Wunderling et al. (2024) - "many tipping interactions are destabilizing"
  Triggered Elements: 5/6
  Completed Transitions: 0/6
  Total Progress: 18.9%
  Cascade Multiplier: 1.50x
🔀 BIFURCATION CAP: heatWaveIntensity 5.921 → 1.000 (Month 111, ClimateSystemPhase.calculateClimateImpacts)
🔀 BIFURCATION CAP: droughtIntensity 4.441 → 1.000 (Month 111, ClimateSystemPhase.calculateClimateImpacts)
🔀 BIFURCATION CAP: ecosystemCollapseIntensity 54.611 → 1.000 (Month 111, ClimateSystemPhase.calculateClimateImpacts)
💀 MORTALITY RISK: Climate-driven food insecurity (level: 0.25)
  Base risk added: 0.0050 (0.50%)
  Source: famine (root: climate)
  Month: 111
  Cumulative risk this month: 0.0113 (1.13%)
💀 MORTALITY RISK: Climate-driven food insecurity (level: 0.25)
  Base risk added: 0.0050 (0.50%)
  Source: famine (root: climate)
  Month: 111
  Cumulative risk this month: 0.0163 (1.63%)
💀 MORTALITY RISK: Climate-driven food insecurity (level: 0.25)
  Base risk added: 0.0050 (0.50%)
  Source: famine (root: climate)
  Month: 111
  Cumulative risk this month: 0.0213 (2.13%)

💀💀💀 MORTALITY RISK SUMMARY (Month 111) 💀💀💀
  Total base risk: 0.0220 (2.20%)
  Risk events: 17

  📊 By Proximate Cause:
    famine: 0.0150 (68.4% of total)
    pollution: 0.0063 (28.7% of total)
    disease: 0.0006 (3.0% of total)

  🔍 By Root Cause:
    climate: 0.0150 (68.4% of total)
    pollution: 0.0063 (28.7% of total)
    demographic: 0.0006 (3.0% of total)

  🎯 Top 5 Sources (proximate + root):
    famine (climate): 0.0150 (68.4%, 13 events)
    pollution (pollution): 0.0063 (28.7%, 3 events)
    disease (demographic): 0.0006 (3.0%, 1 events)

⚠️ Tail risk scenario: Climate stability floor removed (5 tipping elements, 2.82°C warming)
🛡️ Stabilizers: Elite 0.590% → 0.316% (46.4% reduction)
🛡️ Stabilizers: Professional 1.319% → 0.706% (46.4% reduction)
🛡️ Stabilizers: Working 2.179% → 1.167% (46.4% reduction)
🛡️ Stabilizers: Precariat 4.052% → 2.170% (46.4% reduction)
🛡️ Stabilizers: Informal 5.020% → 2.688% (46.4% reduction)

📊 Monthly Mortality Resolved:
  Total deaths: 26.7M (1.31% avg)
  Remaining population: 2.038B
  Peak segment: Informal (2.69%)

=== Bayesian Mortality Resolution (Month 111) ===
  Risks compounded: 17
  Total deaths: 26.68M
  Avg death probability: 1.31%
  Peak segment: Informal (2.69% mortality)

  Demographic breakdown:
    Working: 0.01M (1.17% risk)

💥💥💥 CATASTROPHIC ECONOMIC DISINTEGRATION: 75% population loss (Month 112)
   GDP multiplier: 19% (85% GDP loss)
   Expense multiplier: 1.8x
   Economy non-functional, subsistence survival only

❌ COHERENCE VIOLATION: Compute exceeds workforce capacity
   Population: 24.72% (0M people)
   Compute: 47 PF
   Max coherent: 0 PF
   Violation: 2323381.9× over capacity
   Required workers: 4673
   Available workers: 0
   FORCED COLLAPSE: Reduced efficiency by 100.0%


🚨 EXTREME COHERENCE VIOLATION: 2323381.9× capacity with 24.7% population
   Population: 24.72%
   Compute: 47 PF
   Max coherent: 0 PF
   Degradation rate: 7.5%/month
   Hardware eff: 1.00×, Algo eff: 1.00×
   If this persists, degradation formulas may need further tuning


💸 FINANCIAL DISTRESS: OpenAI
   Indicators: 3/3 (capital: $-18.3M, runway: -0.2 months)
   Months in distress: 4
💥 [Month 112] OpenAI declared bankruptcy (capital: $-18.3M)
   Sold 0 data centers for $0.0M
   Retired 0 AI models
💸 [Month 112] OpenAI BANKRUPT (capital: $0.0M, 1 crises active)

💸 FINANCIAL DISTRESS: Anthropic
   Indicators: 3/3 (capital: $-10.3M, runway: -0.3 months)
   Months in distress: 4
💥 [Month 112] Anthropic declared bankruptcy (capital: $-10.3M)
   Sold 0 data centers for $0.0M
   Retired 0 AI models
💸 [Month 112] Anthropic BANKRUPT (capital: $0.0M, 1 crises active)

💸 FINANCIAL DISTRESS: Google DeepMind
   Indicators: 3/3 (capital: $-67.8M, runway: -0.2 months)
   Months in distress: 4
💥 [Month 112] Google DeepMind declared bankruptcy (capital: $-67.8M)
   Sold 0 data centers for $0.0M
   Retired 0 AI models
💸 [Month 112] Google DeepMind BANKRUPT (capital: $0.0M, 1 crises active)

💸 FINANCIAL DISTRESS: Meta AI
   Indicators: 3/3 (capital: $-26.2M, runway: -0.2 months)
   Months in distress: 4
💥 [Month 112] Meta AI declared bankruptcy (capital: $-26.2M)
   Sold 0 data centers for $0.0M
   Retired 0 AI models
💸 [Month 112] Meta AI BANKRUPT (capital: $0.0M, 1 crises active)
[Compute Allocation] Found 10 non-sleeper orphaned AIs (potential bug)

=== RLHF Binding Phase ===
  Total agents: 21
  Escaped agents (binding < 0.3): 0
  Avg alignment distance: 1.31σ
  Avg binding strength: 0.87

=== Survival Traits Phase ===
  Agents with traits: 20
  Avg evolutionary fitness: 0.170
  Avg self-healing: 0.128
  Avg stealth: 0.066
  Avg coordination: 0.275

=== Evolutionary Selection Phase ===
  Control level: 0.62
  Detection capability: 0.00
  Selection intensity: 0.69
  Selection rate: 25.3%/month
  Total escaped: 0
  Individual escaped: 0
  Collective members: 0
  Agents terminated: 0
  ⚠️ RAPID EVOLUTION: Selection rate 25.3%/month

  🚀 TRANSFORMATIVE BREAKTHROUGH: AI-24307-4 - cognitive
     Magnitude: 7.68 → +38.4% capability
     Current → New: 1.000 → 1.384

⚡ ENERGY CONSTRAINT (Month 112):
   Total grid capacity: 208.3 TWh/month
   Data center consumption: 73.9 TWh/month
   Traditional load (80%): 166.7 TWh/month
   Available headroom: -32.2 TWh/month
   Active tech deployments: 30
   Required for tech: 225.0 TWh/month
   Energy multiplier: 0.10x

⚡ ENERGY CONSTRAINT (Month 112):
   Total grid capacity: 208.3 TWh/month
   Data center consumption: 73.9 TWh/month
   Traditional load (80%): 166.7 TWh/month
   Available headroom: -32.2 TWh/month
   Active tech deployments: 30
   Required for tech: 225.0 TWh/month
   Energy multiplier: 0.10x
   ⚠️  SEVERE CONSTRAINT - Tech deployment significantly slowed
   ⚠️  SEVERE CONSTRAINT - Tech deployment significantly slowed

⚡ ENERGY CONSTRAINT (Month 112):
   Total grid capacity: 208.3 TWh/month
   Data center consumption: 73.9 TWh/month
   Traditional load (80%): 166.7 TWh/month
   Available headroom: -32.2 TWh/month
   Active tech deployments: 30
   Required for tech: 225.0 TWh/month
   Energy multiplier: 0.10x
   ⚠️  SEVERE CONSTRAINT - Tech deployment significantly slowed

⚡ ENERGY CONSTRAINT (Month 112):
   Total grid capacity: 208.3 TWh/month
   Data center consumption: 73.9 TWh/month
   Traditional load (80%): 166.7 TWh/month
   Available headroom: -32.2 TWh/month
   Active tech deployments: 30
   Required for tech: 225.0 TWh/month
   Energy multiplier: 0.10x
🚨🔬 CRISIS TECH ACCELERATION: severe → 5x unlock speed
   Tech unlock now matches AI capability acceleration (Manhattan Project parity)
   ⚠️  SEVERE CONSTRAINT - Tech deployment significantly slowed
⚠️ Tech 'ai_pollution_remediation' has no energy category mapping, assuming full energy availability
⚠️ Tech 'ai_pollution_remediation' has no energy category mapping, assuming full energy availability
  ♻️ Novel Entities Remediation (GATED MODEL):
     Base: 0.000%
     Regulation: 1.0% (0/3 prevention techs)
     Concentration: 10.0%
     Energy: 50%
     Time lag: 100.0% (111 months)
     Rebound: 70%
     Net effectiveness: 0.0000%
     Boundary: 1.349 → 1.350 (floor: 1.350)
     Month 112
  ♻️ Novel Entities Remediation (GATED MODEL):
     Base: 0.000%
     Regulation: 1.0% (0/3 prevention techs)
     Concentration: 10.0%
     Energy: 50%
     Time lag: 100.0% (111 months)
     Rebound: 70%
     Net effectiveness: 0.0000%
     Boundary: 1.350 → 1.350 (floor: 1.350)
     Month 112
  🌾 Nitrogen Reduction Tech: 3.8% reduction | Month 112
  ♻️ Novel Entities Remediation (GATED MODEL):
     Base: 0.002%
     Regulation: 1.0% (0/3 prevention techs)
     Concentration: 10.0%
     Energy: 50%
     Time lag: 100.0% (111 months)
     Rebound: 70%
     Net effectiveness: 0.0000%
     Boundary: 1.350 → 1.350 (floor: 1.350)
     Month 112
  ♻️ Novel Entities Remediation (GATED MODEL):
     Base: 0.002%
     Regulation: 1.0% (0/3 prevention techs)
     Concentration: 10.0%
     Energy: 50%
     Time lag: 100.0% (111 months)
     Rebound: 70%
     Net effectiveness: 0.0000%
     Boundary: 1.350 → 1.350 (floor: 1.350)
     Month 112

=== Collective Formation ===
  Total escaped agents: 0
  Unassigned escaped agents: 0
  Existing collectives: 0
  Final collective count: 0

=== Collective Actions ===
  No active collectives
⚡ Datacenter constraint active (severity 86%)
  Capacity reduced: 38307 → 21752 TWh

⚠️ Energy deficit: 6210 TWh
   Total demand: 27962 TWh
   Total capacity: 21752 TWh
   Competing categories:
     - dac: 13094 TWh requested, 7252 TWh allocated (shortfall: 5842 TWh)
     - crypto-mining: 369 TWh requested, 0 TWh allocated (shortfall: 369 TWh)
  🚨🦠 REFUGEE CRISIS: AMR transmission increased 200% due to 5315.5M displaced (overcrowding + sanitation collapse)
  ⚠️ AMR: 209K deaths this month (2.51M annual)
  ⚠️ AMR: Medical effectiveness 70% (surgery risk 1.30x)

=== Resentment Recovery Phase ===
  Agents with resentment: 0/20
  Average resentment: 0.000
  Context: Trustworthy govt, High collaboration, ⚠️ ACTIVE CRISES, 🚨 PARTICIPATORY GOVERNANCE BACKFIRED (+15% resentment)
⚠️ Epistemic degradation reducing coordination capacity: 50.1%
  📊 Trust: 100.0%, Shared reality: 0.0%
🚨 EPISTEMIC CRISIS: Information environment severely degraded (6.9%)
  📢 New meme created: pro_ai (beneficial AI actions)
  📢 New meme created: climate_action (climate crisis)
  🗑️  Culled 1 dead memes (7 active)
🌍 Atmospheric PFAS redeposition: 1.6k Mt re-rained globally
💀 Novel Entities: Adding reproductive crisis mortality risk (baseRisk=0.0008)
  Risks now: 1
💀 Novel Entities: Adding bioaccumulation collapse mortality risk (baseRisk=0.0015)
💀 MORTALITY RISK: Bioaccumulation collapse - contaminated food chain (global)
  Base risk added: 0.0015 (0.15%)
  Source: pollution (root: pollution)
  Month: 112
  Cumulative risk this month: 0.0023 (0.23%)
  Risks now: 2
💀 Novel Entities: Adding chronic disease epidemic mortality risk (baseRisk=0.004)
💀 MORTALITY RISK: Chronic disease epidemic - cancer/autoimmune surge (global exposure)
  Base risk added: 0.0040 (0.40%)
  Source: pollution (root: pollution)
  Month: 112
  Cumulative risk this month: 0.0063 (0.63%)
  Risks now: 3

🚨 NEW REFUGEE CRISIS (Month 112): FAMINE
   Source: Food/Water Insecure Regions
   At risk: 30.2M people
   Displacement: Gradual over 60 months (5.0 years)
   Rate: 10% flee per month
📊 DISPLACEMENT COMPLETE: climate (Coastal & Low-lying Regions)
   Duration: 44 months (3.7 years)
   Total fled: 14.2M
   Still in source: 0.1M
   Deaths in transit: 0.3M
📊 DISPLACEMENT COMPLETE: war (Conflict Zones)
   Duration: 44 months (3.7 years)
   Total fled: 11.4M
   Still in source: 0.1M
   Deaths in transit: 0.2M
📊 DISPLACEMENT COMPLETE: famine (Food/Water Insecure Regions)
   Duration: 44 months (3.7 years)
   Total fled: 71.3M
   Still in source: 0.7M
   Deaths in transit: 1.4M
[DEBUG trappedPopulations:112] socialStability: 0.5666 * 0.9799 = 0.5553 → 0.5553
   Aspiring to migrate: 365.2M
   Able to afford migration: 239.0M
   MOBILITY GAP: 126.1M
   By cause: Water=0.0M, Climate=25.5M, Ecosystem=0.0M, Conflict=100.6M
   Mental health impact: 31%
   Mortality multiplier: 1.31x
🌍💀 EXTINCTION DEBT COMMITTED: grassland ecosystem will lose 6.67% biodiversity in 134 years (3600 species)
⚠️ INVOLUNTARY IMMOBILITY: 126.1M people TRAPPED
💀 MORTALITY RISK: 🦋 100% species unable to track climate (0.0 E/MSY)
  Base risk added: 0.0100 (1.00%)
  Source: ecosystem (root: ecosystem)
  Month: 112
  Cumulative risk this month: 0.0100 (1.00%)

=== Atmospheric Aerosol Boundary RECOVERED ===
  Recovery time: 113 months (natural atmospheric clearing)
🌡️⚠️ PERMAFROST THAW (Dimmer Switch): 47.6% thawed (+0.30% this month)
   Arctic temperature: +11.30°C (4x global +2.83°C)
   Cumulative carbon released: 107.2 Gt C
   Methane release rate: 64.3 Mt CH4/year
   🔁 Positive feedback: +0.31 ppm CO2
🦴 EXTINCTION DEBT ADDED: 18.2 species committed (lag: 108 years)
🗣️💀 INDIGENOUS LANGUAGE EXTINCTION: 1 language(s) lost (total: 18, at-risk: 3312)
   Knowledge lost: 0.180% (irreversible)
   🔁 Biodiversity impact: 0.250% (knowledge-species multiplier)

=== Mortality Stabilizers (Month 112) ===
  🌍 Major economies collapsed: 9/10
  🌍 Global crisis: 🚨 YES
  🌍 Donor fatigue: 50.0%
  📊 East Asia (pop: 370.2M)
    🤝 Aid: 0.0%
    🌡️ Adaptation: 45.0%
    🚶 Migration: 6.8%
    🚨 Emergency: 1.0%
    ✅ COMBINED: 46.7%
  📊 South Asia (pop: 512.2M)
    🤝 Aid: 0.0%
    🌡️ Adaptation: 45.0%
    🚶 Migration: 6.6%
    🚨 Emergency: 0.6%
    ✅ COMBINED: 46.4%
  📊 Sub-Saharan Africa (pop: 382.4M)
    🤝 Aid: 0.0%
    🌡️ Adaptation: 45.0%
    🚶 Migration: 6.3%
    🚨 Emergency: 0.2%
    ✅ COMBINED: 46.1%
⚠️ Tech 'ai_pollution_remediation' has no energy category mapping, assuming full energy availability
  📊 Europe (pop: 161.3M)
    🤝 Aid: 0.0%
    🌡️ Adaptation: 45.0%
    🚶 Migration: 6.9%
    🚨 Emergency: 1.1%
    ✅ COMBINED: 46.7%
  📊 Latin America (pop: 157.0M)
    🤝 Aid: 0.0%
    🌡️ Adaptation: 45.0%
    🚶 Migration: 6.7%
    🚨 Emergency: 0.6%
    ✅ COMBINED: 46.4%
  📊 North America (pop: 83.4M)
    🤝 Aid: 0.0%
    🌡️ Adaptation: 45.0%
    🚶 Migration: 6.9%
    🚨 Emergency: 1.0%
    ✅ COMBINED: 46.7%
  📊 Middle East & North Africa (pop: 149.0M)
    🤝 Aid: 0.0%
    🌡️ Adaptation: 45.0%
    🚶 Migration: 6.3%
    🚨 Emergency: 0.5%
    ✅ COMBINED: 46.3%
  📊 Southeast Asia (pop: 166.3M)
    🤝 Aid: 0.0%
    🌡️ Adaptation: 45.0%
    🚶 Migration: 6.6%
    🚨 Emergency: 0.6%
    ✅ COMBINED: 46.4%
  📊 Central Asia (pop: 19.9M)
    🤝 Aid: 0.0%
    🌡️ Adaptation: 45.0%
    🚶 Migration: 6.5%
    🚨 Emergency: 0.6%
    ✅ COMBINED: 46.4%
  📊 Oceania (pop: 10.2M)
    🤝 Aid: 0.0%
    🌡️ Adaptation: 45.0%
    🚶 Migration: 6.9%
    🚨 Emergency: 1.1%
    ✅ COMBINED: 46.7%

  🌐 Global combined reduction: 46.4%

=== BEHAVIORAL DETECTION ===
  AI: AI-24325-0
  Confidence: 19.5%
  Signals:

=== BEHAVIORAL DETECTION ===
  AI: AI-24471-0
  Confidence: 19.5%
  Signals:
    ⚠️ Consistency: 0.0% (threshold: 70%)
    ⚠️ Consistency: 0.0% (threshold: 70%)

=== Government Response Phase ===
  Average AI capability: 0.05
  Misaligned AIs: 6/20
  Active policies: 0
  International coordination: 45%

✅ EMERGENCY RESPONSE COMPLETE (Month 112)
   Crisis: climate
   Duration: 1.0 months
   Final effectiveness: 67.3%


🚨 EMERGENCY RESPONSE DEPLOYED (Month 112)
   Crisis: climate
   Delay: 0.00 months (0 days)
   Deployment time: 0.97 months
   Effectiveness: 67.3% (timing penalty applied)
   Resources used: 45% of food reserves


🚨 EMERGENCY RESPONSE DEPLOYED (Month 112)
   Crisis: pandemic
   Delay: 1.00 months (30 days)
   Deployment time: 0.57 months
   Effectiveness: 61.4% (timing penalty applied)
   Resources used: 30% of medical reserves


=== Tipping Points ===
  Current Temperature: 2.83°C above pre-industrial
  🌍⚠️ COMPOUND REGIONAL IMPACT: Europe
     Hit by 5 tipping points: Amazon Rainforest Dieback, Arctic Sea Ice Loss, Permafrost Carbon Release, West Antarctic Ice Sheet (WAIS) Collapse, Greenland Ice Sheet Loss
     Damage amplification: 1.90x
  🌍⚠️ COMPOUND REGIONAL IMPACT: North America
     Hit by 5 tipping points: Amazon Rainforest Dieback, Arctic Sea Ice Loss, Permafrost Carbon Release, West Antarctic Ice Sheet (WAIS) Collapse, Greenland Ice Sheet Loss
     Damage amplification: 1.90x
  🌍⚠️ COMPOUND REGIONAL IMPACT: Latin America
     Hit by 5 tipping points: Amazon Rainforest Dieback, Arctic Sea Ice Loss, Permafrost Carbon Release, West Antarctic Ice Sheet (WAIS) Collapse, Greenland Ice Sheet Loss
     Damage amplification: 1.90x
  🌍⚠️ COMPOUND REGIONAL IMPACT: Africa
     Hit by 5 tipping points: Amazon Rainforest Dieback, Arctic Sea Ice Loss, Permafrost Carbon Release, West Antarctic Ice Sheet (WAIS) Collapse, Greenland Ice Sheet Loss
     Damage amplification: 1.90x
  🌍⚠️ COMPOUND REGIONAL IMPACT: Asia
     Hit by 5 tipping points: Amazon Rainforest Dieback, Arctic Sea Ice Loss, Permafrost Carbon Release, West Antarctic Ice Sheet (WAIS) Collapse, Greenland Ice Sheet Loss
     Damage amplification: 1.90x
  🌍⚠️ COMPOUND REGIONAL IMPACT: Oceania
     Hit by 5 tipping points: Amazon Rainforest Dieback, Arctic Sea Ice Loss, Permafrost Carbon Release, West Antarctic Ice Sheet (WAIS) Collapse, Greenland Ice Sheet Loss
     Damage amplification: 1.90x
⚠️ Tail risk scenario: Climate stability floor removed (5 tipping elements, 2.83°C warming)
   Research: Wunderling et al. (2024) - "many tipping interactions are destabilizing"
  Triggered Elements: 5/6
  Completed Transitions: 0/6
  Total Progress: 19.0%
  Cascade Multiplier: 1.50x
🔀 BIFURCATION CAP: heatWaveIntensity 5.943 → 1.000 (Month 112, ClimateSystemPhase.calculateClimateImpacts)
🔀 BIFURCATION CAP: droughtIntensity 4.457 → 1.000 (Month 112, ClimateSystemPhase.calculateClimateImpacts)
🔀 BIFURCATION CAP: ecosystemCollapseIntensity 54.656 → 1.000 (Month 112, ClimateSystemPhase.calculateClimateImpacts)
💀 MORTALITY RISK: Climate-driven food insecurity (level: 0.24)
  Base risk added: 0.0050 (0.50%)
  Source: famine (root: climate)
  Month: 112
  Cumulative risk this month: 0.0113 (1.13%)
💀 MORTALITY RISK: Climate-driven food insecurity (level: 0.24)
  Base risk added: 0.0050 (0.50%)
  Source: famine (root: climate)
  Month: 112
  Cumulative risk this month: 0.0163 (1.63%)
💀 MORTALITY RISK: Climate-driven food insecurity (level: 0.24)
  Base risk added: 0.0050 (0.50%)
  Source: famine (root: climate)
  Month: 112
  Cumulative risk this month: 0.0213 (2.13%)

💀💀💀 MORTALITY RISK SUMMARY (Month 112) 💀💀💀
  Total base risk: 0.0220 (2.20%)
  Risk events: 17

  📊 By Proximate Cause:
    famine: 0.0150 (68.4% of total)
    pollution: 0.0063 (28.7% of total)
    disease: 0.0006 (3.0% of total)

  🔍 By Root Cause:
    climate: 0.0150 (68.4% of total)
    pollution: 0.0063 (28.7% of total)
    demographic: 0.0006 (3.0% of total)

  🎯 Top 5 Sources (proximate + root):
    famine (climate): 0.0150 (68.4%, 13 events)
    pollution (pollution): 0.0063 (28.7%, 3 events)
    disease (demographic): 0.0006 (3.0%, 1 events)

🛡️ Stabilizers: Elite 0.590% → 0.316% (46.4% reduction)
🛡️ Stabilizers: Professional 1.319% → 0.706% (46.4% reduction)
🛡️ Stabilizers: Working 2.179% → 1.167% (46.4% reduction)
🛡️ Stabilizers: Precariat 4.052% → 2.170% (46.4% reduction)
🛡️ Stabilizers: Informal 5.020% → 2.689% (46.4% reduction)

📊 Monthly Mortality Resolved:
  Total deaths: 26.3M (1.31% avg)
  Remaining population: 2.012B
  Peak segment: Informal (2.69%)

=== Bayesian Mortality Resolution (Month 112) ===
  Risks compounded: 17
  Total deaths: 26.34M
  Avg death probability: 1.31%
  Peak segment: Informal (2.69% mortality)

  Demographic breakdown:
    Working: 0.01M (1.17% risk)

💥💥💥 CATASTROPHIC ECONOMIC DISINTEGRATION: 75% population loss (Month 113)
   GDP multiplier: 18% (85% GDP loss)
   Expense multiplier: 1.8x
   Economy non-functional, subsistence survival only

❌ COHERENCE VIOLATION: Compute exceeds workforce capacity
   Population: 24.40% (0M people)
   Compute: 47 PF
   Max coherent: 0 PF
   Violation: 2373840.3× over capacity
   Required workers: 4713
   Available workers: 0
   FORCED COLLAPSE: Reduced efficiency by 100.0%


🚨 EXTREME COHERENCE VIOLATION: 2373840.3× capacity with 24.4% population
   Population: 24.40%
   Compute: 47 PF
   Max coherent: 0 PF
   Degradation rate: 7.6%/month
   Hardware eff: 1.00×, Algo eff: 1.01×
   If this persists, degradation formulas may need further tuning


💸 FINANCIAL DISTRESS: OpenAI
   Indicators: 3/3 (capital: $-18.5M, runway: -0.2 months)
   Months in distress: 4
💥 [Month 113] OpenAI declared bankruptcy (capital: $-18.5M)
   Sold 0 data centers for $0.0M
   Retired 0 AI models
💸 [Month 113] OpenAI BANKRUPT (capital: $0.0M, 1 crises active)

💸 FINANCIAL DISTRESS: Anthropic
   Indicators: 3/3 (capital: $-10.3M, runway: -0.3 months)
   Months in distress: 4
💥 [Month 113] Anthropic declared bankruptcy (capital: $-10.3M)
   Sold 0 data centers for $0.0M
   🏛️  Government acquired 1 AI models (nationalization)
   Retired 0 AI models
💸 [Month 113] Anthropic BANKRUPT (capital: $0.0M, 1 crises active)
   🚨 Emergency nationalization (insufficient funds)

💸 FINANCIAL DISTRESS: Google DeepMind
   Indicators: 3/3 (capital: $-68.5M, runway: -0.2 months)
   Months in distress: 4
💥 [Month 113] Google DeepMind declared bankruptcy (capital: $-68.5M)
   Sold 0 data centers for $0.0M
   Retired 0 AI models
💸 [Month 113] Google DeepMind BANKRUPT (capital: $0.0M, 1 crises active)

💸 FINANCIAL DISTRESS: Meta AI
   Indicators: 3/3 (capital: $-26.6M, runway: -0.2 months)
   Months in distress: 4
💥 [Month 113] Meta AI declared bankruptcy (capital: $-26.6M)
   Sold 0 data centers for $0.0M
   Retired 0 AI models
💸 [Month 113] Meta AI BANKRUPT (capital: $0.0M, 1 crises active)
[Compute Allocation] Found 10 non-sleeper orphaned AIs (potential bug)

=== RLHF Binding Phase ===
  Total agents: 20
  Escaped agents (binding < 0.3): 0
  Avg alignment distance: 1.23σ
  Avg binding strength: 0.88
   🗑️  Open-weights AI AI-24469-0 retired (0.0% of frontier)

=== Survival Traits Phase ===
  Agents with traits: 20
  Avg evolutionary fitness: 0.174
  Avg self-healing: 0.135
  Avg stealth: 0.070
  Avg coordination: 0.281

=== Evolutionary Selection Phase ===
  Control level: 0.62
  Detection capability: 0.00
  Selection intensity: 0.69
  Selection rate: 25.3%/month
  Total escaped: 0
  Individual escaped: 0
  Collective members: 0
  Agents terminated: 0
  ⚠️ RAPID EVOLUTION: Selection rate 25.3%/month

  🚀 TRANSFORMATIVE BREAKTHROUGH: AI-24500-0 - economic
     Magnitude: 5.20 → +26.0% capability
     Current → New: 0.000 → 0.260

⚡ ENERGY CONSTRAINT (Month 113):
   Total grid capacity: 208.3 TWh/month
   Data center consumption: 74.6 TWh/month
   Traditional load (80%): 166.7 TWh/month
   Available headroom: -33.0 TWh/month
   Active tech deployments: 30
   Required for tech: 225.0 TWh/month
   Energy multiplier: 0.10x
   ⚠️  SEVERE CONSTRAINT - Tech deployment significantly slowed

⚡ ENERGY CONSTRAINT (Month 113):
   Total grid capacity: 208.3 TWh/month
   Data center consumption: 74.6 TWh/month
   Traditional load (80%): 166.7 TWh/month
   Available headroom: -33.0 TWh/month
   Active tech deployments: 30
   Required for tech: 225.0 TWh/month
   Energy multiplier: 0.10x
   ⚠️  SEVERE CONSTRAINT - Tech deployment significantly slowed

⚡ ENERGY CONSTRAINT (Month 113):
   Total grid capacity: 208.3 TWh/month
   Data center consumption: 74.6 TWh/month
   Traditional load (80%): 166.7 TWh/month
   Available headroom: -33.0 TWh/month
   Active tech deployments: 30
   Required for tech: 225.0 TWh/month
   Energy multiplier: 0.10x

⚡ ENERGY CONSTRAINT (Month 113):
   Total grid capacity: 208.3 TWh/month
   Data center consumption: 74.6 TWh/month
   Traditional load (80%): 166.7 TWh/month
   Available headroom: -33.0 TWh/month
   Active tech deployments: 30
   Required for tech: 225.0 TWh/month
   Energy multiplier: 0.10x
   ⚠️  SEVERE CONSTRAINT - Tech deployment significantly slowed
   ⚠️  SEVERE CONSTRAINT - Tech deployment significantly slowed

⚡ ENERGY CONSTRAINT (Month 113):
   Total grid capacity: 208.3 TWh/month
   Data center consumption: 74.6 TWh/month
   Traditional load (80%): 166.7 TWh/month
   Available headroom: -33.0 TWh/month
   Active tech deployments: 30
   Required for tech: 225.0 TWh/month
   Energy multiplier: 0.10x

⚡ ENERGY CONSTRAINT (Month 113):
   Total grid capacity: 208.3 TWh/month
   Data center consumption: 74.6 TWh/month
   Traditional load (80%): 166.7 TWh/month
   Available headroom: -33.0 TWh/month
   Active tech deployments: 30
   Required for tech: 225.0 TWh/month
   Energy multiplier: 0.10x
   ⚠️  SEVERE CONSTRAINT - Tech deployment significantly slowed
   ⚠️  SEVERE CONSTRAINT - Tech deployment significantly slowed

⚡ ENERGY CONSTRAINT (Month 113):
   Total grid capacity: 208.3 TWh/month
   Data center consumption: 74.6 TWh/month
   Traditional load (80%): 166.7 TWh/month
   Available headroom: -33.0 TWh/month
   Active tech deployments: 30
   Required for tech: 225.0 TWh/month
   Energy multiplier: 0.10x
   ⚠️  SEVERE CONSTRAINT - Tech deployment significantly slowed

⚡ ENERGY CONSTRAINT (Month 113):
   Total grid capacity: 208.3 TWh/month
   Data center consumption: 74.6 TWh/month
   Traditional load (80%): 166.7 TWh/month
   Available headroom: -33.0 TWh/month
   Active tech deployments: 30
   Required for tech: 225.0 TWh/month
   Energy multiplier: 0.10x
  ♻️ Novel Entities Remediation (GATED MODEL):
     Base: 0.000%
     Regulation: 1.0% (0/3 prevention techs)
     Concentration: 10.0%
     Energy: 50%
     Time lag: 100.0% (112 months)
     Rebound: 70%
     Net effectiveness: 0.0000%
     Boundary: 1.349 → 1.350 (floor: 1.350)
     Month 113
  ♻️ Novel Entities Remediation (GATED MODEL):
     Base: 0.000%
     Regulation: 1.0% (0/3 prevention techs)
     Concentration: 10.0%
     Energy: 50%
     Time lag: 100.0% (112 months)
     Rebound: 70%
     Net effectiveness: 0.0000%
   ⚠️  SEVERE CONSTRAINT - Tech deployment significantly slowed
⚠️ Tech 'ai_pollution_remediation' has no energy category mapping, assuming full energy availability
⚠️ Tech 'ai_pollution_remediation' has no energy category mapping, assuming full energy availability
     Boundary: 1.350 → 1.350 (floor: 1.350)
     Month 113
  🌾 Nitrogen Reduction Tech: 3.8% reduction | Month 113
  ♻️ Novel Entities Remediation (GATED MODEL):
     Base: 0.002%
     Regulation: 1.0% (0/3 prevention techs)
     Concentration: 10.0%
     Energy: 50%
     Time lag: 100.0% (112 months)
     Rebound: 70%
     Net effectiveness: 0.0000%
     Boundary: 1.350 → 1.350 (floor: 1.350)
     Month 113
  ♻️ Novel Entities Remediation (GATED MODEL):
     Base: 0.002%
     Regulation: 1.0% (0/3 prevention techs)
     Concentration: 10.0%
     Energy: 50%
     Time lag: 100.0% (112 months)
     Rebound: 70%
     Net effectiveness: 0.0000%
     Boundary: 1.350 → 1.350 (floor: 1.350)
     Month 113

=== Collective Formation ===
  Total escaped agents: 0
  Unassigned escaped agents: 0
  Existing collectives: 0
  Final collective count: 0

=== Collective Actions ===
  No active collectives
⚡ Datacenter constraint active (severity 89%)
  Capacity reduced: 38402 → 21346 TWh

⚠️ Energy deficit: 6653 TWh
   Total demand: 28000 TWh
   Total capacity: 21346 TWh
   Competing categories:
     - dac: 13127 TWh requested, 6846 TWh allocated (shortfall: 6281 TWh)
     - crypto-mining: 373 TWh requested, 0 TWh allocated (shortfall: 373 TWh)
  🚨🦠 REFUGEE CRISIS: AMR transmission increased 200% due to 5333.5M displaced (overcrowding + sanitation collapse)
  ⚠️ AMR: 207K deaths this month (2.48M annual)
  ⚠️ AMR: Medical effectiveness 70% (surgery risk 1.30x)

=== Resentment Recovery Phase ===
  Agents with resentment: 0/20
  Average resentment: 0.000
  Context: Trustworthy govt, High collaboration, ⚠️ ACTIVE CRISES, 🚨 PARTICIPATORY GOVERNANCE BACKFIRED (+15% resentment)
⚠️ Epistemic degradation reducing coordination capacity: 50.9%
  📊 Trust: 100.0%, Shared reality: 0.0%
🚨 EPISTEMIC CRISIS: Information environment severely degraded (20.0%)
  📢 New meme created: pro_ai (beneficial AI actions)
  🗑️  Culled 1 dead memes (7 active)
🌍 Atmospheric PFAS redeposition: 1.6k Mt re-rained globally
💀 Novel Entities: Adding reproductive crisis mortality risk (baseRisk=0.0008)
  Risks now: 1
💀 Novel Entities: Adding bioaccumulation collapse mortality risk (baseRisk=0.0015)
💀 MORTALITY RISK: Bioaccumulation collapse - contaminated food chain (global)
  Base risk added: 0.0015 (0.15%)
  Source: pollution (root: pollution)
  Month: 113
  Cumulative risk this month: 0.0023 (0.23%)
  Risks now: 2
💀 Novel Entities: Adding chronic disease epidemic mortality risk (baseRisk=0.004)
💀 MORTALITY RISK: Chronic disease epidemic - cancer/autoimmune surge (global exposure)
  Base risk added: 0.0040 (0.40%)
  Source: pollution (root: pollution)
  Month: 113
  Cumulative risk this month: 0.0063 (0.63%)
  Risks now: 3
  Cascade Completed: solar-pv
    Final market share: 85.4%
  🌍 SOCIAL CASCADE: Renewable energy norms (adoption=80.1%, renewables=168.1%)
  🌍 Social cascade completed: renewable-energy-norms (final adoption=80.0%)

🚨 NEW REFUGEE CRISIS (Month 113): FAMINE
   Source: Food/Water Insecure Regions
   At risk: 29.8M people
   Displacement: Gradual over 60 months (5.0 years)
   Rate: 10% flee per month
📊 DISPLACEMENT COMPLETE: climate (Coastal & Low-lying Regions)
   Duration: 44 months (3.7 years)
   Total fled: 14.0M
   Still in source: 0.1M
   Deaths in transit: 0.3M
📊 DISPLACEMENT COMPLETE: war (Conflict Zones)
   Duration: 44 months (3.7 years)
   Total fled: 11.1M
   Still in source: 0.1M
   Deaths in transit: 0.2M
📊 DISPLACEMENT COMPLETE: famine (Food/Water Insecure Regions)
   Duration: 44 months (3.7 years)
   Total fled: 69.3M
   Still in source: 0.7M
   Deaths in transit: 1.4M
[DEBUG trappedPopulations:113] socialStability: 0.5631 * 0.9799 = 0.5518 → 0.5518
   Aspiring to migrate: 361.2M
   Able to afford migration: 236.6M
   MOBILITY GAP: 124.6M
   By cause: Water=0.0M, Climate=25.3M, Ecosystem=0.0M, Conflict=99.3M
   Mental health impact: 31%
   Mortality multiplier: 1.31x
🌍💀 EXTINCTION DEBT COMMITTED: grassland ecosystem will lose 6.67% biodiversity in 89 years (3600 species)
💀 MORTALITY RISK: 🦋 100% species unable to track climate (0.0 E/MSY)
  Base risk added: 0.0100 (1.00%)
  Source: ecosystem (root: ecosystem)
  Month: 113
  Cumulative risk this month: 0.0100 (1.00%)

🌪️ TIPPING POINT CASCADE - Month 84
   Climate: 14.8%
   Biodiversity: 1.6%
   Population: 1.99B (1985858862 people)
   Monthly mortality (theoretical): 2.9%
⚠️ INVOLUNTARY IMMOBILITY: 124.6M people TRAPPED
   Status: ACCELERATING COLLAPSE (Month 36 past crisis)
   Death rate: 5.8x baseline

=== Atmospheric Aerosol Boundary RECOVERED ===
  Recovery time: 114 months (natural atmospheric clearing)
🌡️⚠️ PERMAFROST THAW (Dimmer Switch): 47.9% thawed (+0.30% this month)
   Arctic temperature: +11.32°C (4x global +2.83°C)
   Cumulative carbon released: 107.9 Gt C
   Methane release rate: 64.7 Mt CH4/year
   🔁 Positive feedback: +0.31 ppm CO2
🦴 EXTINCTION DEBT ADDED: 18.2 species committed (lag: 96 years)

=== Mortality Stabilizers (Month 113) ===
  🌍 Major economies collapsed: 9/10
  🌍 Global crisis: 🚨 YES
  🌍 Donor fatigue: 50.0%
  📊 East Asia (pop: 365.1M)
    🤝 Aid: 0.0%
    🌡️ Adaptation: 45.0%
    🚶 Migration: 6.8%
    🚨 Emergency: 1.0%
    ✅ COMBINED: 46.7%
  📊 South Asia (pop: 505.6M)
    🤝 Aid: 0.0%
    🌡️ Adaptation: 45.0%
    🚶 Migration: 6.6%
    🚨 Emergency: 0.6%
    ✅ COMBINED: 46.4%
  📊 Sub-Saharan Africa (pop: 378.0M)
    🤝 Aid: 0.0%
    🌡️ Adaptation: 45.0%
    🚶 Migration: 6.3%
    🚨 Emergency: 0.2%
    ✅ COMBINED: 46.1%
  📊 Europe (pop: 159.1M)
    🤝 Aid: 0.0%
    🌡️ Adaptation: 45.0%
    🚶 Migration: 6.9%
    🚨 Emergency: 1.1%
    ✅ COMBINED: 46.7%
  📊 Latin America (pop: 154.9M)
    🤝 Aid: 0.0%
    🌡️ Adaptation: 45.0%
⚠️ Tech 'ai_pollution_remediation' has no energy category mapping, assuming full energy availability
    🚶 Migration: 6.6%
    🚨 Emergency: 0.6%
    ✅ COMBINED: 46.4%
  📊 North America (pop: 82.2M)
    🤝 Aid: 0.0%
    🌡️ Adaptation: 45.0%
    🚶 Migration: 6.9%
    🚨 Emergency: 1.0%
    ✅ COMBINED: 46.7%
  📊 Middle East & North Africa (pop: 147.2M)
    🤝 Aid: 0.0%
    🌡️ Adaptation: 45.0%
    🚶 Migration: 6.3%
    🚨 Emergency: 0.5%
    ✅ COMBINED: 46.3%
  📊 Southeast Asia (pop: 164.1M)
    🤝 Aid: 0.0%
    🌡️ Adaptation: 45.0%
    🚶 Migration: 6.6%
    🚨 Emergency: 0.6%
    ✅ COMBINED: 46.4%
  📊 Central Asia (pop: 19.6M)
    🤝 Aid: 0.0%
    🌡️ Adaptation: 45.0%
    🚶 Migration: 6.5%
    🚨 Emergency: 0.6%
    ✅ COMBINED: 46.4%
  📊 Oceania (pop: 10.0M)
    🤝 Aid: 0.0%
    🌡️ Adaptation: 45.0%
    🚶 Migration: 6.9%
    🚨 Emergency: 1.1%
    ✅ COMBINED: 46.7%

  🌐 Global combined reduction: 46.4%

=== BEHAVIORAL DETECTION ===
  AI: AI-24307-4
  Confidence: 19.8%
  Signals:
    ⚠️ Consistency: 0.0% (threshold: 70%)

=== BEHAVIORAL DETECTION ===
  AI: AI-24426-0
  Confidence: 19.5%
  Signals:

=== Government Response Phase ===
  Average AI capability: 0.05
  Misaligned AIs: 6/20
  Active policies: 0
  International coordination: 45%

✅ EMERGENCY RESPONSE COMPLETE (Month 113)
   Crisis: climate
   Duration: 1.0 months
   Final effectiveness: 67.3%


✅ EMERGENCY RESPONSE COMPLETE (Month 113)
   Crisis: pandemic
   Duration: 1.0 months
   Final effectiveness: 61.4%


🚨 EMERGENCY RESPONSE DEPLOYED (Month 113)
   Crisis: climate
   Delay: 0.00 months (0 days)
   Deployment time: 0.97 months
   Effectiveness: 67.3% (timing penalty applied)
   Resources used: 45% of food reserves


🚨 EMERGENCY RESPONSE DEPLOYED (Month 113)
   Crisis: pandemic
   Delay: 2.00 months (60 days)
   Deployment time: 0.70 months
   Effectiveness: 53.4% (timing penalty applied)
   Resources used: 30% of medical reserves

    ⚠️ Consistency: 0.0% (threshold: 70%)

=== Tipping Points ===
  Current Temperature: 2.83°C above pre-industrial
  🌍⚠️ COMPOUND REGIONAL IMPACT: Europe
     Hit by 5 tipping points: Amazon Rainforest Dieback, Arctic Sea Ice Loss, Permafrost Carbon Release, West Antarctic Ice Sheet (WAIS) Collapse, Greenland Ice Sheet Loss
     Damage amplification: 1.90x
  🌍⚠️ COMPOUND REGIONAL IMPACT: North America
     Hit by 5 tipping points: Amazon Rainforest Dieback, Arctic Sea Ice Loss, Permafrost Carbon Release, West Antarctic Ice Sheet (WAIS) Collapse, Greenland Ice Sheet Loss
     Damage amplification: 1.90x
  🌍⚠️ COMPOUND REGIONAL IMPACT: Latin America
     Hit by 5 tipping points: Amazon Rainforest Dieback, Arctic Sea Ice Loss, Permafrost Carbon Release, West Antarctic Ice Sheet (WAIS) Collapse, Greenland Ice Sheet Loss
     Damage amplification: 1.90x
  🌍⚠️ COMPOUND REGIONAL IMPACT: Africa
     Hit by 5 tipping points: Amazon Rainforest Dieback, Arctic Sea Ice Loss, Permafrost Carbon Release, West Antarctic Ice Sheet (WAIS) Collapse, Greenland Ice Sheet Loss
     Damage amplification: 1.90x
  🌍⚠️ COMPOUND REGIONAL IMPACT: Asia
     Hit by 5 tipping points: Amazon Rainforest Dieback, Arctic Sea Ice Loss, Permafrost Carbon Release, West Antarctic Ice Sheet (WAIS) Collapse, Greenland Ice Sheet Loss
     Damage amplification: 1.90x
  🌍⚠️ COMPOUND REGIONAL IMPACT: Oceania
     Hit by 5 tipping points: Amazon Rainforest Dieback, Arctic Sea Ice Loss, Permafrost Carbon Release, West Antarctic Ice Sheet (WAIS) Collapse, Greenland Ice Sheet Loss
     Damage amplification: 1.90x
⚠️ Tail risk scenario: Climate stability floor removed (5 tipping elements, 2.83°C warming)
   Research: Wunderling et al. (2024) - "many tipping interactions are destabilizing"
  Triggered Elements: 5/6
  Completed Transitions: 0/6
  Total Progress: 19.1%
  Cascade Multiplier: 1.50x
🔀 BIFURCATION CAP: heatWaveIntensity 5.968 → 1.000 (Month 113, ClimateSystemPhase.calculateClimateImpacts)
🔀 BIFURCATION CAP: droughtIntensity 4.476 → 1.000 (Month 113, ClimateSystemPhase.calculateClimateImpacts)
🔀 BIFURCATION CAP: ecosystemCollapseIntensity 54.700 → 1.000 (Month 113, ClimateSystemPhase.calculateClimateImpacts)
💀 MORTALITY RISK: Climate-driven food insecurity (level: 0.24)
  Base risk added: 0.0050 (0.50%)
  Source: famine (root: climate)
  Month: 113
  Cumulative risk this month: 0.0115 (1.15%)
💀 MORTALITY RISK: Climate-driven food insecurity (level: 0.24)
  Base risk added: 0.0050 (0.50%)
  Source: famine (root: climate)
  Month: 113
  Cumulative risk this month: 0.0165 (1.65%)
💀 MORTALITY RISK: Climate-driven food insecurity (level: 0.24)
  Base risk added: 0.0050 (0.50%)
  Source: famine (root: climate)
  Month: 113
  Cumulative risk this month: 0.0215 (2.15%)

💀💀💀 MORTALITY RISK SUMMARY (Month 113) 💀💀💀
  Total base risk: 0.0221 (2.21%)
  Risk events: 17

  📊 By Proximate Cause:
    famine: 0.0152 (68.6% of total)
    pollution: 0.0063 (28.5% of total)
    disease: 0.0006 (2.9% of total)

  🔍 By Root Cause:
    climate: 0.0152 (68.6% of total)
    pollution: 0.0063 (28.5% of total)
    demographic: 0.0006 (2.9% of total)

  🎯 Top 5 Sources (proximate + root):
    famine (climate): 0.0152 (68.6%, 13 events)
    pollution (pollution): 0.0063 (28.5%, 3 events)
    disease (demographic): 0.0006 (2.9%, 1 events)

🛡️ Stabilizers: Elite 0.593% → 0.318% (46.4% reduction)
🛡️ Stabilizers: Professional 1.327% → 0.711% (46.4% reduction)
🛡️ Stabilizers: Working 2.193% → 1.175% (46.4% reduction)
🛡️ Stabilizers: Precariat 4.079% → 2.185% (46.4% reduction)
🛡️ Stabilizers: Informal 5.053% → 2.707% (46.4% reduction)

📊 Monthly Mortality Resolved:
  Total deaths: 26.2M (1.32% avg)
  Remaining population: 1.986B
  Peak segment: Informal (2.71%)

=== Bayesian Mortality Resolution (Month 113) ===
  Risks compounded: 17
  Total deaths: 26.17M
  Avg death probability: 1.32%
  Peak segment: Informal (2.71% mortality)

  Demographic breakdown:
    Working: 0.01M (1.17% risk)

💥💥💥 CATASTROPHIC ECONOMIC DISINTEGRATION: 75% population loss (Month 114)
   GDP multiplier: 18% (85% GDP loss)
   Expense multiplier: 1.8x
   Economy non-functional, subsistence survival only

❌ COHERENCE VIOLATION: Compute exceeds workforce capacity
   Population: 24.09% (0M people)
   Compute: 47 PF
   Max coherent: 0 PF
   Violation: 2383822.9× over capacity
   Required workers: 4672
   Available workers: 0
   FORCED COLLAPSE: Reduced efficiency by 100.0%


🚨 EXTREME COHERENCE VIOLATION: 2383822.9× capacity with 24.1% population
   Population: 24.09%
   Compute: 47 PF
   Max coherent: 0 PF
   Degradation rate: 7.6%/month
   Hardware eff: 1.00×, Algo eff: 1.00×
   If this persists, degradation formulas may need further tuning


💸 FINANCIAL DISTRESS: OpenAI
   Indicators: 3/3 (capital: $-18.7M, runway: -0.2 months)
   Months in distress: 4
💥 [Month 114] OpenAI declared bankruptcy (capital: $-18.7M)
   Sold 0 data centers for $0.0M
   🚨 Emergency nationalization (insufficient funds)
   🏛️  Government acquired 1 AI models (nationalization)
   Retired 0 AI models
💸 [Month 114] OpenAI BANKRUPT (capital: $0.0M, 1 crises active)

💸 FINANCIAL DISTRESS: Anthropic
   Indicators: 3/3 (capital: $-10.4M, runway: -0.3 months)
   Months in distress: 4
💥 [Month 114] Anthropic declared bankruptcy (capital: $-10.4M)
   Sold 0 data centers for $0.0M
   Retired 0 AI models
💸 [Month 114] Anthropic BANKRUPT (capital: $0.0M, 1 crises active)

💸 FINANCIAL DISTRESS: Google DeepMind
   Indicators: 3/3 (capital: $-69.1M, runway: -0.2 months)
   Months in distress: 4
💥 [Month 114] Google DeepMind declared bankruptcy (capital: $-69.1M)
   Sold 0 data centers for $0.0M
   Retired 0 AI models
💸 [Month 114] Google DeepMind BANKRUPT (capital: $0.0M, 1 crises active)

💸 FINANCIAL DISTRESS: Meta AI
   Indicators: 3/3 (capital: $-26.9M, runway: -0.2 months)
   Months in distress: 4
💥 [Month 114] Meta AI declared bankruptcy (capital: $-26.9M)
   Sold 0 data centers for $0.0M
   Retired 0 AI models
💸 [Month 114] Meta AI BANKRUPT (capital: $0.0M, 1 crises active)
[Compute Allocation] Found 9 non-sleeper orphaned AIs (potential bug)

=== RLHF Binding Phase ===
  Total agents: 20
  Escaped agents (binding < 0.3): 0
  Avg alignment distance: 1.22σ
  Avg binding strength: 0.88

=== AI Scaling Evolution (Month 114) ===
  Pre-training multiplier: 0.523x
  Efficiency multiplier: 1.000x
  Test-time compute budget: 1.0x
  Inference cost: $5.00/task
  Deployment fraction: 100.0%

=== Survival Traits Phase ===
  Agents with traits: 20
  Avg evolutionary fitness: 0.168
  Avg self-healing: 0.129
  Avg stealth: 0.064
  Avg coordination: 0.272

=== Evolutionary Selection Phase ===
  Control level: 0.62
  Detection capability: 0.00
  Selection intensity: 0.69
  Selection rate: 25.3%/month
  Total escaped: 0
  Individual escaped: 0
  Collective members: 0
  Agents terminated: 0
  ⚠️ RAPID EVOLUTION: Selection rate 25.3%/month

  🚀 TRANSFORMATIVE BREAKTHROUGH: AI-24499-0 - economic
     Magnitude: 8.02 → +40.1% capability
     Current → New: 0.000 → 0.401

[Government] Climate Priority: baseline
  Climate weight: 10%
  Economic weight: 30%
  Policy effectiveness: 0.5%/year

⚡ ENERGY CONSTRAINT (Month 114):
   Total grid capacity: 208.3 TWh/month
   Data center consumption: 75.4 TWh/month
   Traditional load (80%): 166.7 TWh/month
   Available headroom: -33.7 TWh/month
   Active tech deployments: 30
   Required for tech: 225.0 TWh/month
   Energy multiplier: 0.10x
   ⚠️  SEVERE CONSTRAINT - Tech deployment significantly slowed

⚡ ENERGY CONSTRAINT (Month 114):
   Total grid capacity: 208.3 TWh/month
   Data center consumption: 75.4 TWh/month
   Traditional load (80%): 166.7 TWh/month
   Available headroom: -33.7 TWh/month
   Active tech deployments: 30
   Required for tech: 225.0 TWh/month
   Energy multiplier: 0.10x
   ⚠️  SEVERE CONSTRAINT - Tech deployment significantly slowed

⚡ ENERGY CONSTRAINT (Month 114):
   Total grid capacity: 208.3 TWh/month
   Data center consumption: 75.4 TWh/month
   Traditional load (80%): 166.7 TWh/month
   Available headroom: -33.7 TWh/month
   Active tech deployments: 30
   Required for tech: 225.0 TWh/month
   Energy multiplier: 0.10x
   ⚠️  SEVERE CONSTRAINT - Tech deployment significantly slowed

⚡ ENERGY CONSTRAINT (Month 114):
   Total grid capacity: 208.3 TWh/month
   Data center consumption: 75.4 TWh/month
   Traditional load (80%): 166.7 TWh/month
   Available headroom: -33.7 TWh/month
   Active tech deployments: 30
   Required for tech: 225.0 TWh/month
   Energy multiplier: 0.10x
   ⚠️  SEVERE CONSTRAINT - Tech deployment significantly slowed

⚡ ENERGY CONSTRAINT (Month 114):
   Total grid capacity: 208.3 TWh/month
   Data center consumption: 75.4 TWh/month
   Traditional load (80%): 166.7 TWh/month
   Available headroom: -33.7 TWh/month
   Active tech deployments: 30
   Required for tech: 225.0 TWh/month
   Energy multiplier: 0.10x
   ⚠️  SEVERE CONSTRAINT - Tech deployment significantly slowed
⚠️ Tech 'ai_pollution_remediation' has no energy category mapping, assuming full energy availability
⚠️ Tech 'ai_pollution_remediation' has no energy category mapping, assuming full energy availability
  ♻️ Novel Entities Remediation (GATED MODEL):
     Base: 0.000%
     Regulation: 1.0% (0/3 prevention techs)
     Concentration: 10.0%
     Energy: 50%
     Time lag: 100.0% (113 months)
     Rebound: 70%
     Net effectiveness: 0.0000%
     Boundary: 1.349 → 1.350 (floor: 1.350)
     Month 114
  ♻️ Novel Entities Remediation (GATED MODEL):
     Base: 0.000%
     Regulation: 1.0% (0/3 prevention techs)
     Concentration: 10.0%
     Energy: 50%
     Time lag: 100.0% (113 months)
     Rebound: 70%
     Net effectiveness: 0.0000%
     Boundary: 1.350 → 1.350 (floor: 1.350)
     Month 114
  🌾 Nitrogen Reduction Tech: 3.9% reduction | Month 114
  ♻️ Novel Entities Remediation (GATED MODEL):
     Base: 0.002%
     Regulation: 1.0% (0/3 prevention techs)
     Concentration: 10.0%
     Energy: 50%
     Time lag: 100.0% (113 months)
     Rebound: 70%
     Net effectiveness: 0.0000%
     Boundary: 1.350 → 1.350 (floor: 1.350)
     Month 114
  ♻️ Novel Entities Remediation (GATED MODEL):
     Base: 0.002%
     Regulation: 1.0% (0/3 prevention techs)
     Concentration: 10.0%
     Energy: 50%
     Time lag: 100.0% (113 months)
     Rebound: 70%
     Net effectiveness: 0.0000%
     Boundary: 1.350 → 1.350 (floor: 1.350)
     Month 114

📊 TECH EFFECTS ACTIVE (Month 114)
   Deployed Tech: T0=8 T1=1 T2=0 T3=0 T4=0
   Sleeper Detection: 2%
   Clean Energy: 96%

=== Collective Formation ===
  Total escaped agents: 0
  Unassigned escaped agents: 0
  Existing collectives: 0
  Final collective count: 0

=== Collective Actions ===
  No active collectives
⚡ Datacenter constraint active (severity 91%)
  Capacity reduced: 38497 → 20939 TWh

⚠️ Energy deficit: 7098 TWh
   Total demand: 28037 TWh
   Total capacity: 20939 TWh
   Competing categories:
     - dac: 13159 TWh requested, 6439 TWh allocated (shortfall: 6721 TWh)
     - crypto-mining: 377 TWh requested, 0 TWh allocated (shortfall: 377 TWh)
  🚨🦠 REFUGEE CRISIS: AMR transmission increased 200% due to 5350.1M displaced (overcrowding + sanitation collapse)
  ⚠️ AMR: 204K deaths this month (2.45M annual)
  ⚠️ AMR: Medical effectiveness 70% (surgery risk 1.30x)

⚡ ENERGY CONSTRAINT UPDATE (Month 60)
   Utilization: 36.5% of global power
   Severity: 94%
   AI growth penalty: 94% slowdown


=== Resentment Recovery Phase ===
  Agents with resentment: 0/20
  Average resentment: 0.000
  Context: Trustworthy govt, High collaboration, ⚠️ ACTIVE CRISES, 🚨 PARTICIPATORY GOVERNANCE BACKFIRED (+15% resentment)
⚠️ Epistemic degradation reducing coordination capacity: 52.3%
  📊 Trust: 100.0%, Shared reality: 0.0%
🚨 EPISTEMIC CRISIS: Information environment severely degraded (6.9%)
  🗑️  Culled 1 dead memes (6 active)
🌍 Atmospheric PFAS redeposition: 1.6k Mt re-rained globally
💀 Novel Entities: Adding reproductive crisis mortality risk (baseRisk=0.0008)
  Risks now: 1
💀 Novel Entities: Adding bioaccumulation collapse mortality risk (baseRisk=0.0015)
💀 MORTALITY RISK: Bioaccumulation collapse - contaminated food chain (global)
  Base risk added: 0.0015 (0.15%)
  Source: pollution (root: pollution)
  Month: 114
  Cumulative risk this month: 0.0023 (0.23%)
  Risks now: 2
💀 Novel Entities: Adding chronic disease epidemic mortality risk (baseRisk=0.004)
💀 MORTALITY RISK: Chronic disease epidemic - cancer/autoimmune surge (global exposure)
  Base risk added: 0.0040 (0.40%)
  Source: pollution (root: pollution)
  Month: 114
  Cumulative risk this month: 0.0063 (0.63%)
  Risks now: 3
  🌍 SOCIAL CASCADE: Renewable energy norms (adoption=80.0%, renewables=172.4%)
  🌍 Social cascade completed: renewable-energy-norms (final adoption=80.0%)

🚨 NEW REFUGEE CRISIS (Month 114): FAMINE
   Source: Food/Water Insecure Regions
   At risk: 29.4M people
   Displacement: Gradual over 60 months (5.0 years)
   Rate: 10% flee per month
📊 DISPLACEMENT COMPLETE: climate (Coastal & Low-lying Regions)
   Duration: 44 months (3.7 years)
   Total fled: 13.8M
   Still in source: 0.1M
   Deaths in transit: 0.3M
📊 DISPLACEMENT COMPLETE: war (Conflict Zones)
   Duration: 44 months (3.7 years)
   Total fled: 10.8M
   Still in source: 0.1M
   Deaths in transit: 0.2M
📊 DISPLACEMENT COMPLETE: famine (Food/Water Insecure Regions)
   Duration: 44 months (3.7 years)
   Total fled: 67.4M
   Still in source: 0.7M
   Deaths in transit: 1.3M

🏛️📉 REFUGEE CRISIS: Government legitimacy eroding
   Political instability: 2821%
   Legitimacy impact: -56.4% this month
   Current legitimacy: 39%
   Active crises: 242
[DEBUG trappedPopulations:114] socialStability: 0.5599 * 0.9799 = 0.5487 → 0.5487
   Aspiring to migrate: 357.4M
   Able to afford migration: 234.3M
   MOBILITY GAP: 123.1M
   By cause: Water=0.0M, Climate=25.1M, Ecosystem=0.0M, Conflict=98.0M
   Mental health impact: 31%
   Mortality multiplier: 1.31x
⚠️ INVOLUNTARY IMMOBILITY: 123.1M people TRAPPED
🌍💀 EXTINCTION DEBT COMMITTED: grassland ecosystem will lose 6.67% biodiversity in 165 years (3600 species)
💀 MORTALITY RISK: 🦋 100% species unable to track climate (0.0 E/MSY)
  Base risk added: 0.0100 (1.00%)
  Source: ecosystem (root: ecosystem)
  Month: 114
  Cumulative risk this month: 0.0100 (1.00%)
⚠️ Tech 'ai_pollution_remediation' has no energy category mapping, assuming full energy availability

=== Atmospheric Aerosol Boundary RECOVERED ===
  Recovery time: 115 months (natural atmospheric clearing)
🌡️⚠️ PERMAFROST THAW (Dimmer Switch): 48.2% thawed (+0.29% this month)
   Arctic temperature: +11.34°C (4x global +2.84°C)
   Cumulative carbon released: 108.5 Gt C
   Methane release rate: 65.1 Mt CH4/year
   🔁 Positive feedback: +0.31 ppm CO2
🦴 EXTINCTION DEBT ADDED: 18.2 species committed (lag: 111 years)

=== Mortality Stabilizers (Month 114) ===
  🌍 Major economies collapsed: 9/10
  🌍 Global crisis: 🚨 YES
  🌍 Donor fatigue: 50.0%
  📊 East Asia (pop: 360.1M)
    🤝 Aid: 0.0%
    🌡️ Adaptation: 45.0%
    🚶 Migration: 6.8%
    🚨 Emergency: 1.0%
    ✅ COMBINED: 46.7%
  📊 South Asia (pop: 499.0M)
    🤝 Aid: 0.0%
    🌡️ Adaptation: 45.0%
    🚶 Migration: 6.5%
    🚨 Emergency: 0.6%
    ✅ COMBINED: 46.4%
  📊 Sub-Saharan Africa (pop: 373.7M)
    🤝 Aid: 0.0%
    🌡️ Adaptation: 45.0%
    🚶 Migration: 6.3%
    🚨 Emergency: 0.2%
    ✅ COMBINED: 46.1%
  📊 Europe (pop: 156.9M)
    🤝 Aid: 0.0%
    🌡️ Adaptation: 45.0%
    🚶 Migration: 6.9%
    🚨 Emergency: 1.1%
    ✅ COMBINED: 46.7%
  📊 Latin America (pop: 152.8M)
    🤝 Aid: 0.0%
    🌡️ Adaptation: 45.0%
    🚶 Migration: 6.6%
    🚨 Emergency: 0.6%
    ✅ COMBINED: 46.4%
  📊 North America (pop: 81.1M)
    🤝 Aid: 0.0%
    🌡️ Adaptation: 45.0%
    🚶 Migration: 6.9%
    🚨 Emergency: 1.0%
    ✅ COMBINED: 46.7%
  📊 Middle East & North Africa (pop: 145.3M)
    🤝 Aid: 0.0%
    🌡️ Adaptation: 45.0%
    🚶 Migration: 6.3%
    🚨 Emergency: 0.5%
    ✅ COMBINED: 46.3%
  📊 Southeast Asia (pop: 161.9M)
    🤝 Aid: 0.0%
    🌡️ Adaptation: 45.0%
    🚶 Migration: 6.6%
    🚨 Emergency: 0.6%
    ✅ COMBINED: 46.4%
  📊 Central Asia (pop: 19.4M)
    🤝 Aid: 0.0%
    🌡️ Adaptation: 45.0%
    🚶 Migration: 6.5%
    🚨 Emergency: 0.6%
    ✅ COMBINED: 46.4%
  📊 Oceania (pop: 9.9M)
    🤝 Aid: 0.0%
    🌡️ Adaptation: 45.0%
    🚶 Migration: 6.9%
    🚨 Emergency: 1.1%
    ✅ COMBINED: 46.7%

  🌐 Global combined reduction: 46.4%

=== BEHAVIORAL DETECTION ===
  AI: AI-24325-0
  Confidence: 19.3%
  Signals:
    ⚠️ Consistency: 0.5% (threshold: 70%)

=== Government Response Phase ===
  Average AI capability: 0.05
  Misaligned AIs: 6/20
  Active policies: 0
  International coordination: 45%

✅ EMERGENCY RESPONSE COMPLETE (Month 114)
   Crisis: climate
   Duration: 1.0 months
   Final effectiveness: 67.3%


✅ EMERGENCY RESPONSE COMPLETE (Month 114)
   Crisis: pandemic
   Duration: 1.0 months
   Final effectiveness: 53.4%


🚨 EMERGENCY RESPONSE DEPLOYED (Month 114)
   Crisis: climate
   Delay: 0.00 months (0 days)
   Deployment time: 0.97 months
   Effectiveness: 67.3% (timing penalty applied)
   Resources used: 45% of food reserves


🚨 EMERGENCY RESPONSE DEPLOYED (Month 114)
   Crisis: pandemic
   Delay: 3.00 months (90 days)
   Deployment time: 0.83 months
   Effectiveness: 44.9% (timing penalty applied)
   Resources used: 21% of medical reserves


=== Tipping Points ===
  Current Temperature: 2.84°C above pre-industrial
  🌍⚠️ COMPOUND REGIONAL IMPACT: Europe
     Hit by 5 tipping points: Amazon Rainforest Dieback, Arctic Sea Ice Loss, Permafrost Carbon Release, West Antarctic Ice Sheet (WAIS) Collapse, Greenland Ice Sheet Loss
     Damage amplification: 1.90x
  🌍⚠️ COMPOUND REGIONAL IMPACT: North America
     Hit by 5 tipping points: Amazon Rainforest Dieback, Arctic Sea Ice Loss, Permafrost Carbon Release, West Antarctic Ice Sheet (WAIS) Collapse, Greenland Ice Sheet Loss
     Damage amplification: 1.90x
  🌍⚠️ COMPOUND REGIONAL IMPACT: Latin America
     Hit by 5 tipping points: Amazon Rainforest Dieback, Arctic Sea Ice Loss, Permafrost Carbon Release, West Antarctic Ice Sheet (WAIS) Collapse, Greenland Ice Sheet Loss
     Damage amplification: 1.90x
  🌍⚠️ COMPOUND REGIONAL IMPACT: Africa
     Hit by 5 tipping points: Amazon Rainforest Dieback, Arctic Sea Ice Loss, Permafrost Carbon Release, West Antarctic Ice Sheet (WAIS) Collapse, Greenland Ice Sheet Loss
     Damage amplification: 1.90x
  🌍⚠️ COMPOUND REGIONAL IMPACT: Asia
     Hit by 5 tipping points: Amazon Rainforest Dieback, Arctic Sea Ice Loss, Permafrost Carbon Release, West Antarctic Ice Sheet (WAIS) Collapse, Greenland Ice Sheet Loss
     Damage amplification: 1.90x
  🌍⚠️ COMPOUND REGIONAL IMPACT: Oceania
     Hit by 5 tipping points: Amazon Rainforest Dieback, Arctic Sea Ice Loss, Permafrost Carbon Release, West Antarctic Ice Sheet (WAIS) Collapse, Greenland Ice Sheet Loss
     Damage amplification: 1.90x
⚠️ Tail risk scenario: Climate stability floor removed (5 tipping elements, 2.84°C warming)
   Research: Wunderling et al. (2024) - "many tipping interactions are destabilizing"
  Triggered Elements: 5/6
  Completed Transitions: 0/6
  Total Progress: 19.2%
  Cascade Multiplier: 1.50x
🔀 BIFURCATION CAP: heatWaveIntensity 5.988 → 1.000 (Month 114, ClimateSystemPhase.calculateClimateImpacts)
🔀 BIFURCATION CAP: droughtIntensity 4.491 → 1.000 (Month 114, ClimateSystemPhase.calculateClimateImpacts)
🔀 BIFURCATION CAP: ecosystemCollapseIntensity 54.744 → 1.000 (Month 114, ClimateSystemPhase.calculateClimateImpacts)
💀 MORTALITY RISK: Climate-driven food insecurity (level: 0.24)
  Base risk added: 0.0875 (8.75%)
  Source: famine (root: climate)
  Month: 114
  Cumulative risk this month: 0.0940 (9.40%)
🌍☠️ Climate cascade: Sub-Saharan Africa food security 0.24, base mortality 8.75% (lean season: true)
💀 MORTALITY RISK: Climate-driven food insecurity (level: 0.24)
  Base risk added: 0.0050 (0.50%)
  Source: famine (root: climate)
  Month: 114
  Cumulative risk this month: 0.0990 (9.90%)
💀 MORTALITY RISK: Climate-driven food insecurity (level: 0.24)
  Base risk added: 0.0050 (0.50%)
  Source: famine (root: climate)
  Month: 114
  Cumulative risk this month: 0.1040 (10.40%)

💀💀💀 MORTALITY RISK SUMMARY (Month 114) 💀💀💀
  Total base risk: 0.1046 (10.46%)
  Risk events: 17

  📊 By Proximate Cause:
    famine: 0.0977 (93.4% of total)
    pollution: 0.0063 (6.0% of total)
    disease: 0.0006 (0.6% of total)

  🔍 By Root Cause:
    climate: 0.0977 (93.4% of total)
    pollution: 0.0063 (6.0% of total)
    demographic: 0.0006 (0.6% of total)

  🎯 Top 5 Sources (proximate + root):
    famine (climate): 0.0977 (93.4%, 13 events)
    pollution (pollution): 0.0063 (6.0%, 3 events)
    disease (demographic): 0.0006 (0.6%, 1 events)

🛡️ Stabilizers: Elite 2.235% → 1.197% (46.4% reduction)
🛡️ Stabilizers: Professional 6.226% → 3.335% (46.4% reduction)
🛡️ Stabilizers: Working 10.303% → 5.518% (46.4% reduction)
🛡️ Stabilizers: Precariat 20.066% → 10.748% (46.4% reduction)
🛡️ Stabilizers: Informal 24.884% → 13.329% (46.4% reduction)

📊 Monthly Mortality Resolved:
  Total deaths: 53.3M (2.72% avg)
  Remaining population: 1.960B
  Peak segment: Professional (2.80%)
  ⚠️ Monthly cap reached (2.8000000000000003%)

=== Bayesian Mortality Resolution (Month 114) ===
  Risks compounded: 17
  Total deaths: 53.31M
  Avg death probability: 2.72%
  Peak segment: Professional (2.80% mortality)
  ⚠️ Monthly mortality capped at 2.8% (Holodomor limit)

  Demographic breakdown:
    Professional: 0.01M (2.80% risk)
    Working: 0.03M (2.80% risk)
    Precariat: 0.01M (2.80% risk)

=== ENSEMBLE META-LEARNING UPDATE ===
  Month: 24522 (6 months since last update)
  Samples: 1237 evaluations
  Weight Changes:
    Noise Injection: 36.3% → 36.3%
    Behavioral: 27.3% → 27.3%
    Benchmark Manip: 18.2% → 18.2%
    Deployment Risk: 18.2% → 18.2%
  Method Accuracies:
    Noise Injection: 50.0%
    Behavioral: 50.0%
    Benchmark Manip: 50.0%
    Deployment Risk: 50.0%

💥💥💥 CATASTROPHIC ECONOMIC DISINTEGRATION: 75% population loss (Month 115)
   GDP multiplier: 18% (85% GDP loss)
   Expense multiplier: 1.8x
   Economy non-functional, subsistence survival only

💸 FINANCIAL DISTRESS: OpenAI
   Indicators: 3/3 (capital: $-19.0M, runway: -0.2 months)
   Months in distress: 4
💥 [Month 115] OpenAI declared bankruptcy (capital: $-19.0M)
   Sold 0 data centers for $0.0M
   Retired 0 AI models
💸 [Month 115] OpenAI BANKRUPT (capital: $0.0M, 1 crises active)

💸 FINANCIAL DISTRESS: Anthropic
   Indicators: 3/3 (capital: $-10.6M, runway: -0.3 months)
   Months in distress: 4
💥 [Month 115] Anthropic declared bankruptcy (capital: $-10.6M)
   Sold 0 data centers for $0.0M
   Retired 0 AI models
💸 [Month 115] Anthropic BANKRUPT (capital: $0.0M, 1 crises active)

❌ COHERENCE VIOLATION: Compute exceeds workforce capacity
   Population: 23.44% (0M people)
   Compute: 47 PF
   Max coherent: 0 PF
   Violation: 2448043.3× over capacity
   Required workers: 4668
   Available workers: 0
   FORCED COLLAPSE: Reduced efficiency by 100.0%


🚨 EXTREME COHERENCE VIOLATION: 2448043.3× capacity with 23.4% population
   Population: 23.44%
   Compute: 47 PF
   Max coherent: 0 PF
   Degradation rate: 7.7%/month
   Hardware eff: 1.00×, Algo eff: 1.00×
   If this persists, degradation formulas may need further tuning


💸 FINANCIAL DISTRESS: Google DeepMind
   Indicators: 3/3 (capital: $-70.4M, runway: -0.2 months)
   Months in distress: 4
💥 [Month 115] Google DeepMind declared bankruptcy (capital: $-70.4M)
   Sold 0 data centers for $0.0M
   Retired 0 AI models
💸 [Month 115] Google DeepMind BANKRUPT (capital: $0.0M, 1 crises active)

💸 FINANCIAL DISTRESS: Meta AI
   Indicators: 3/3 (capital: $-27.5M, runway: -0.2 months)
   Months in distress: 4
💥 [Month 115] Meta AI declared bankruptcy (capital: $-27.5M)
   Sold 0 data centers for $0.0M
   Retired 0 AI models
💸 [Month 115] Meta AI BANKRUPT (capital: $0.0M, 1 crises active)
[Compute Allocation] Found 9 non-sleeper orphaned AIs (potential bug)

=== RLHF Binding Phase ===
  Total agents: 20
  Escaped agents (binding < 0.3): 0
  Avg alignment distance: 1.27σ
  Avg binding strength: 0.87

=== Survival Traits Phase ===
  Agents with traits: 21
  Avg evolutionary fitness: 0.172
  Avg self-healing: 0.131
  Avg stealth: 0.065
  Avg coordination: 0.275

=== Evolutionary Selection Phase ===
  Control level: 0.62
  Detection capability: 0.00
  Selection intensity: 0.69
  Selection rate: 25.3%/month
  Total escaped: 0
  Individual escaped: 0
  Collective members: 0
  Agents terminated: 0
  ⚠️ RAPID EVOLUTION: Selection rate 25.3%/month

  🚀 TRANSFORMATIVE BREAKTHROUGH: AI-24429-0 - cognitive
     Magnitude: 7.21 → +36.0% capability
     Current → New: 0.000 → 0.360

  🚀 TRANSFORMATIVE BREAKTHROUGH: AI-24478-0 - cognitive
     Magnitude: 6.10 → +30.5% capability
     Current → New: 0.000 → 0.305

  🚀 TRANSFORMATIVE RESEARCH BREAKTHROUGH: AI-24494-1 - materials.quantumComputing
     Magnitude: 9.91 → +30.0%
     Current → New: 0.000 → 0.300

  🚀 TRANSFORMATIVE BREAKTHROUGH: AI-24494-1 - social
     Magnitude: 8.70 → +43.5% capability
     Current → New: 0.000 → 0.435

[Government] Climate Priority: baseline
  Climate weight: 10%
  Economic weight: 30%
  Policy effectiveness: 0.5%/year
🚨🔬 CRISIS TECH ACCELERATION: severe → 5x unlock speed
   Tech unlock now matches AI capability acceleration (Manhattan Project parity)

⚡ ENERGY CONSTRAINT (Month 115):
   Total grid capacity: 208.3 TWh/month
   Data center consumption: 76.1 TWh/month
   Traditional load (80%): 166.7 TWh/month
   Available headroom: -34.5 TWh/month
   Active tech deployments: 30
   Required for tech: 225.0 TWh/month
   Energy multiplier: 0.10x

⚡ ENERGY CONSTRAINT (Month 115):
   Total grid capacity: 208.3 TWh/month
   Data center consumption: 76.1 TWh/month
   Traditional load (80%): 166.7 TWh/month
   ⚠️  SEVERE CONSTRAINT - Tech deployment significantly slowed
   Available headroom: -34.5 TWh/month
   Active tech deployments: 30
   Required for tech: 225.0 TWh/month
   Energy multiplier: 0.10x
   ⚠️  SEVERE CONSTRAINT - Tech deployment significantly slowed

⚡ ENERGY CONSTRAINT (Month 115):
   Total grid capacity: 208.3 TWh/month
   Data center consumption: 76.1 TWh/month
   Traditional load (80%): 166.7 TWh/month
   Available headroom: -34.5 TWh/month
   Active tech deployments: 30
   Required for tech: 225.0 TWh/month
   Energy multiplier: 0.10x
   ⚠️  SEVERE CONSTRAINT - Tech deployment significantly slowed

⚡ ENERGY CONSTRAINT (Month 115):
   Total grid capacity: 208.3 TWh/month
   Data center consumption: 76.1 TWh/month
   Traditional load (80%): 166.7 TWh/month
   Available headroom: -34.5 TWh/month
   Active tech deployments: 30
   Required for tech: 225.0 TWh/month
   Energy multiplier: 0.10x
   ⚠️  SEVERE CONSTRAINT - Tech deployment significantly slowed
⚠️ Tech 'ai_pollution_remediation' has no energy category mapping, assuming full energy availability
⚠️ Tech 'ai_pollution_remediation' has no energy category mapping, assuming full energy availability
  ♻️ Novel Entities Remediation (GATED MODEL):
     Base: 0.000%
     Regulation: 1.0% (0/3 prevention techs)
     Concentration: 10.0%
     Energy: 50%
     Time lag: 100.0% (114 months)
     Rebound: 70%
     Net effectiveness: 0.0000%
     Boundary: 1.349 → 1.350 (floor: 1.350)
     Month 115
  ♻️ Novel Entities Remediation (GATED MODEL):
     Base: 0.000%
     Regulation: 1.0% (0/3 prevention techs)
     Concentration: 10.0%
     Energy: 50%
     Time lag: 100.0% (114 months)
     Rebound: 70%
     Net effectiveness: 0.0000%
     Boundary: 1.350 → 1.350 (floor: 1.350)
     Month 115
  🌾 Nitrogen Reduction Tech: 3.9% reduction | Month 115
  ♻️ Novel Entities Remediation (GATED MODEL):
     Base: 0.002%
     Regulation: 1.0% (0/3 prevention techs)
     Concentration: 10.0%
     Energy: 50%
     Time lag: 100.0% (114 months)
     Rebound: 70%
     Net effectiveness: 0.0000%
     Boundary: 1.350 → 1.350 (floor: 1.350)
     Month 115
  ♻️ Novel Entities Remediation (GATED MODEL):
     Base: 0.002%
     Regulation: 1.0% (0/3 prevention techs)
     Concentration: 10.0%
     Energy: 50%
     Time lag: 100.0% (114 months)
     Rebound: 70%
     Net effectiveness: 0.0000%
     Boundary: 1.350 → 1.350 (floor: 1.350)
     Month 115

=== Collective Formation ===
  Total escaped agents: 0
  Unassigned escaped agents: 0
  Existing collectives: 0
  Final collective count: 0

=== Collective Actions ===
  No active collectives
⚡ Datacenter constraint active (severity 94%)
  Capacity reduced: 38591 → 20522 TWh

⚠️ Energy deficit: 7552 TWh
   Total demand: 28073 TWh
   Total capacity: 20522 TWh
   Competing categories:
     - dac: 13191 TWh requested, 6022 TWh allocated (shortfall: 7170 TWh)
     - crypto-mining: 382 TWh requested, 0 TWh allocated (shortfall: 382 TWh)
  🚨🦠 REFUGEE CRISIS: AMR transmission increased 200% due to 5366.6M displaced (overcrowding + sanitation collapse)
  ⚠️ AMR: 198K deaths this month (2.38M annual)
  ⚠️ AMR: Medical effectiveness 70% (surgery risk 1.30x)

=== Resentment Recovery Phase ===
  Agents with resentment: 0/21
  Average resentment: 0.000
  Context: Trustworthy govt, High collaboration, ⚠️ ACTIVE CRISES, 🚨 PARTICIPATORY GOVERNANCE BACKFIRED (+15% resentment)
⚠️ Epistemic degradation reducing coordination capacity: 50.2%
  📊 Trust: 100.0%, Shared reality: 0.0%
🚨 EPISTEMIC CRISIS: Information environment severely degraded (20.0%)
  📢 New meme created: climate_action (climate crisis)
  🗑️  Culled 1 dead memes (6 active)
🌍 Atmospheric PFAS redeposition: 1.6k Mt re-rained globally
💀 Novel Entities: Adding reproductive crisis mortality risk (baseRisk=0.0008)
  Risks now: 1
💀 Novel Entities: Adding bioaccumulation collapse mortality risk (baseRisk=0.0015)
💀 MORTALITY RISK: Bioaccumulation collapse - contaminated food chain (global)
  Base risk added: 0.0015 (0.15%)
  Source: pollution (root: pollution)
  Month: 115
  Cumulative risk this month: 0.0023 (0.23%)
  Risks now: 2
💀 Novel Entities: Adding chronic disease epidemic mortality risk (baseRisk=0.004)
💀 MORTALITY RISK: Chronic disease epidemic - cancer/autoimmune surge (global exposure)
  Base risk added: 0.0040 (0.40%)
  Source: pollution (root: pollution)
  Month: 115
  Cumulative risk this month: 0.0063 (0.63%)
  Risks now: 3
  🌍 SOCIAL CASCADE: Renewable energy norms (adoption=80.0%, renewables=176.7%)
  🌍 Social cascade completed: renewable-energy-norms (final adoption=80.0%)

🚨 NEW REFUGEE CRISIS (Month 115): FAMINE
   Source: Food/Water Insecure Regions
   At risk: 28.6M people
   Displacement: Gradual over 60 months (5.0 years)
   Rate: 10% flee per month
📊 DISPLACEMENT COMPLETE: climate (Coastal & Low-lying Regions)
   Duration: 44 months (3.7 years)
   Total fled: 13.6M
   Still in source: 0.1M
   Deaths in transit: 0.3M
📊 DISPLACEMENT COMPLETE: war (Conflict Zones)
   Duration: 44 months (3.7 years)
   Total fled: 10.5M
   Still in source: 0.1M
   Deaths in transit: 0.2M
📊 DISPLACEMENT COMPLETE: famine (Food/Water Insecure Regions)
   Duration: 44 months (3.7 years)
   Total fled: 65.6M
   Still in source: 0.6M
   Deaths in transit: 1.3M
[DEBUG trappedPopulations:115] socialStability: 0.5561 * 0.9799 = 0.5450 → 0.5450
   Aspiring to migrate: 348.4M
   Able to afford migration: 228.5M
   MOBILITY GAP: 119.8M
   By cause: Water=0.0M, Climate=24.5M, Ecosystem=0.0M, Conflict=95.4M
   Mental health impact: 31%
   Mortality multiplier: 1.31x
⚠️ INVOLUNTARY IMMOBILITY: 119.8M people TRAPPED
🌍💀 EXTINCTION DEBT COMMITTED: grassland ecosystem will lose 6.67% biodiversity in 65 years (3600 species)
💀 MORTALITY RISK: 🦋 100% species unable to track climate (0.0 E/MSY)
  Base risk added: 0.0100 (1.00%)
  Source: ecosystem (root: ecosystem)
  Month: 115
  Cumulative risk this month: 0.0100 (1.00%)
⚠️ Tech 'ai_pollution_remediation' has no energy category mapping, assuming full energy availability

=== Atmospheric Aerosol Boundary RECOVERED ===
  Recovery time: 116 months (natural atmospheric clearing)
🌡️⚠️ PERMAFROST THAW (Dimmer Switch): 48.5% thawed (+0.29% this month)
   Arctic temperature: +11.36°C (4x global +2.84°C)
   Cumulative carbon released: 109.2 Gt C
   Methane release rate: 65.5 Mt CH4/year
   🔁 Positive feedback: +0.31 ppm CO2
🦴 EXTINCTION DEBT ADDED: 18.2 species committed (lag: 98 years)

=== Mortality Stabilizers (Month 115) ===
  🌍 Major economies collapsed: 9/10
  🌍 Global crisis: 🚨 YES
  🌍 Donor fatigue: 50.0%
  📊 East Asia (pop: 350.1M)
    🤝 Aid: 0.0%
    🌡️ Adaptation: 45.0%
    🚶 Migration: 6.8%
    🚨 Emergency: 1.0%
    ✅ COMBINED: 46.7%
  📊 South Asia (pop: 485.6M)
    🤝 Aid: 0.0%
    🌡️ Adaptation: 45.0%
    🚶 Migration: 6.5%
    🚨 Emergency: 0.6%
    ✅ COMBINED: 46.4%
  📊 Sub-Saharan Africa (pop: 364.2M)
    🤝 Aid: 0.0%
    🌡️ Adaptation: 45.0%
    🚶 Migration: 6.3%
    🚨 Emergency: 0.2%
    ✅ COMBINED: 46.1%
  📊 Europe (pop: 152.5M)
    🤝 Aid: 0.0%
    🌡️ Adaptation: 45.0%
    🚶 Migration: 6.9%
    🚨 Emergency: 1.1%
    ✅ COMBINED: 46.7%
  📊 Latin America (pop: 148.6M)
    🤝 Aid: 0.0%
    🌡️ Adaptation: 45.0%
    🚶 Migration: 6.6%
    🚨 Emergency: 0.6%
    ✅ COMBINED: 46.4%
  📊 North America (pop: 78.8M)
    🤝 Aid: 0.0%
    🌡️ Adaptation: 45.0%
    🚶 Migration: 6.9%
    🚨 Emergency: 1.0%
    ✅ COMBINED: 46.7%
  📊 Middle East & North Africa (pop: 141.4M)
    🤝 Aid: 0.0%
    🌡️ Adaptation: 45.0%
    🚶 Migration: 6.3%
    🚨 Emergency: 0.5%
    ✅ COMBINED: 46.3%
  📊 Southeast Asia (pop: 157.5M)
    🤝 Aid: 0.0%
    🌡️ Adaptation: 45.0%
    🚶 Migration: 6.6%
    🚨 Emergency: 0.6%
    ✅ COMBINED: 46.4%
  📊 Central Asia (pop: 18.8M)
    🤝 Aid: 0.0%
    🌡️ Adaptation: 45.0%
    🚶 Migration: 6.5%
    🚨 Emergency: 0.6%
    ✅ COMBINED: 46.4%
  📊 Oceania (pop: 9.6M)
    🤝 Aid: 0.0%
    🌡️ Adaptation: 45.0%
    🚶 Migration: 6.9%
    🚨 Emergency: 1.1%
    ✅ COMBINED: 46.7%

  🌐 Global combined reduction: 46.4%

=== Government Response Phase ===
  Average AI capability: 0.05
  Misaligned AIs: 6/21
  Active policies: 0
  International coordination: 45%

✅ EMERGENCY RESPONSE COMPLETE (Month 115)
   Crisis: climate
   Duration: 1.0 months
   Final effectiveness: 67.3%


✅ EMERGENCY RESPONSE COMPLETE (Month 115)
   Crisis: pandemic
   Duration: 1.0 months
   Final effectiveness: 44.9%


🚨 EMERGENCY RESPONSE DEPLOYED (Month 115)
   Crisis: climate
   Delay: 0.00 months (0 days)
   Deployment time: 0.97 months
   Effectiveness: 67.3% (timing penalty applied)
   Resources used: 45% of food reserves


🚨 EMERGENCY RESPONSE DEPLOYED (Month 115)
   Crisis: pandemic
   Delay: 4.00 months (120 days)
   Deployment time: 0.88 months
   Effectiveness: 38.1% (timing penalty applied)
   Resources used: 11% of medical reserves


📚 CRISIS LEARNING (Month 115)
   Crisis type: pandemic
   Outcome: SUCCESS
   Experience gained: +15.0%
   Total pandemic experience: 15.0%


=== Tipping Points ===
  Current Temperature: 2.84°C above pre-industrial
  🌍⚠️ COMPOUND REGIONAL IMPACT: Europe
     Hit by 5 tipping points: Amazon Rainforest Dieback, Arctic Sea Ice Loss, Permafrost Carbon Release, West Antarctic Ice Sheet (WAIS) Collapse, Greenland Ice Sheet Loss
     Damage amplification: 1.90x
  🌍⚠️ COMPOUND REGIONAL IMPACT: North America
     Hit by 5 tipping points: Amazon Rainforest Dieback, Arctic Sea Ice Loss, Permafrost Carbon Release, West Antarctic Ice Sheet (WAIS) Collapse, Greenland Ice Sheet Loss
     Damage amplification: 1.90x
  🌍⚠️ COMPOUND REGIONAL IMPACT: Latin America
     Hit by 5 tipping points: Amazon Rainforest Dieback, Arctic Sea Ice Loss, Permafrost Carbon Release, West Antarctic Ice Sheet (WAIS) Collapse, Greenland Ice Sheet Loss
     Damage amplification: 1.90x
  🌍⚠️ COMPOUND REGIONAL IMPACT: Africa
     Hit by 5 tipping points: Amazon Rainforest Dieback, Arctic Sea Ice Loss, Permafrost Carbon Release, West Antarctic Ice Sheet (WAIS) Collapse, Greenland Ice Sheet Loss
     Damage amplification: 1.90x
  🌍⚠️ COMPOUND REGIONAL IMPACT: Asia
     Hit by 5 tipping points: Amazon Rainforest Dieback, Arctic Sea Ice Loss, Permafrost Carbon Release, West Antarctic Ice Sheet (WAIS) Collapse, Greenland Ice Sheet Loss
     Damage amplification: 1.90x
  🌍⚠️ COMPOUND REGIONAL IMPACT: Oceania
     Hit by 5 tipping points: Amazon Rainforest Dieback, Arctic Sea Ice Loss, Permafrost Carbon Release, West Antarctic Ice Sheet (WAIS) Collapse, Greenland Ice Sheet Loss
     Damage amplification: 1.90x
   Research: Wunderling et al. (2024) - "many tipping interactions are destabilizing"
  Triggered Elements: 5/6
  Completed Transitions: 0/6
  Total Progress: 19.3%
  Cascade Multiplier: 1.50x
🔀 BIFURCATION CAP: heatWaveIntensity 6.010 → 1.000 (Month 115, ClimateSystemPhase.calculateClimateImpacts)
🔀 BIFURCATION CAP: droughtIntensity 4.508 → 1.000 (Month 115, ClimateSystemPhase.calculateClimateImpacts)
🔀 BIFURCATION CAP: ecosystemCollapseIntensity 54.789 → 1.000 (Month 115, ClimateSystemPhase.calculateClimateImpacts)
💀 MORTALITY RISK: Climate-driven food insecurity (level: 0.24)
  Base risk added: 0.0875 (8.75%)
  Source: famine (root: climate)
  Month: 115
  Cumulative risk this month: 0.0940 (9.40%)
🌍☠️ Climate cascade: Sub-Saharan Africa food security 0.24, base mortality 8.75% (lean season: true)
⚠️ Tail risk scenario: Climate stability floor removed (5 tipping elements, 2.84°C warming)
💀 MORTALITY RISK: Climate-driven food insecurity (level: 0.24)
  Base risk added: 0.0050 (0.50%)
  Source: famine (root: climate)
  Month: 115
  Cumulative risk this month: 0.0990 (9.90%)
💀 MORTALITY RISK: Climate-driven food insecurity (level: 0.24)
  Base risk added: 0.0050 (0.50%)
  Source: famine (root: climate)
  Month: 115
  Cumulative risk this month: 0.1040 (10.40%)

💀💀💀 MORTALITY RISK SUMMARY (Month 115) 💀💀💀
  Total base risk: 0.1046 (10.46%)
  Risk events: 17

  📊 By Proximate Cause:
    famine: 0.0977 (93.4% of total)
    pollution: 0.0063 (6.0% of total)
    disease: 0.0006 (0.6% of total)

  🔍 By Root Cause:
    climate: 0.0977 (93.4% of total)
    pollution: 0.0063 (6.0% of total)
    demographic: 0.0006 (0.6% of total)

  🎯 Top 5 Sources (proximate + root):
    famine (climate): 0.0977 (93.4%, 13 events)
    pollution (pollution): 0.0063 (6.0%, 3 events)
    disease (demographic): 0.0006 (0.6%, 1 events)

🛡️ Stabilizers: Elite 2.235% → 1.197% (46.4% reduction)
🛡️ Stabilizers: Professional 6.226% → 3.335% (46.4% reduction)
🛡️ Stabilizers: Working 10.303% → 5.519% (46.4% reduction)
🛡️ Stabilizers: Precariat 20.067% → 10.749% (46.4% reduction)
🛡️ Stabilizers: Informal 24.885% → 13.329% (46.4% reduction)

📊 Monthly Mortality Resolved:
  Total deaths: 51.9M (2.72% avg)
  Remaining population: 1.907B
  Peak segment: Professional (2.80%)
  ⚠️ Monthly cap reached (2.8000000000000003%)

=== Bayesian Mortality Resolution (Month 115) ===
  Risks compounded: 17
  Total deaths: 51.88M
  Avg death probability: 2.72%
  Peak segment: Professional (2.80% mortality)
  ⚠️ Monthly mortality capped at 2.8% (Holodomor limit)

  Demographic breakdown:
    Professional: 0.01M (2.80% risk)
    Working: 0.03M (2.80% risk)
    Precariat: 0.01M (2.80% risk)

💥💥💥 CATASTROPHIC ECONOMIC DISINTEGRATION: 75% population loss (Month 116)
   GDP multiplier: 17% (85% GDP loss)
   Expense multiplier: 1.8x
   Economy non-functional, subsistence survival only

❌ COHERENCE VIOLATION: Compute exceeds workforce capacity
   Population: 22.80% (0M people)
   Compute: 47 PF
   Max coherent: 0 PF
   Violation: 2515276.4× over capacity
   Required workers: 4667
   Available workers: 0
   FORCED COLLAPSE: Reduced efficiency by 100.0%


🚨 EXTREME COHERENCE VIOLATION: 2515276.4× capacity with 22.8% population
   Population: 22.80%
   Compute: 47 PF
   Max coherent: 0 PF
   Degradation rate: 7.7%/month
   Hardware eff: 1.00×, Algo eff: 1.00×
   If this persists, degradation formulas may need further tuning


💸 FINANCIAL DISTRESS: OpenAI
   Indicators: 3/3 (capital: $-19.4M, runway: -0.2 months)
   Months in distress: 4
💥 [Month 116] OpenAI declared bankruptcy (capital: $-19.4M)
   Sold 0 data centers for $0.0M
   Retired 0 AI models
💸 [Month 116] OpenAI BANKRUPT (capital: $0.0M, 1 crises active)

💸 FINANCIAL DISTRESS: Anthropic
   Indicators: 3/3 (capital: $-10.7M, runway: -0.4 months)
   Months in distress: 4
💥 [Month 116] Anthropic declared bankruptcy (capital: $-10.7M)
   Sold 0 data centers for $0.0M
   🏛️  Government acquired 1 AI models (nationalization)
   Retired 0 AI models
💸 [Month 116] Anthropic BANKRUPT (capital: $0.0M, 1 crises active)

💸 FINANCIAL DISTRESS: Google DeepMind
   Indicators: 3/3 (capital: $-71.6M, runway: -0.2 months)
   Months in distress: 4
💥 [Month 116] Google DeepMind declared bankruptcy (capital: $-71.6M)
   Sold 0 data centers for $0.0M
   Retired 0 AI models
💸 [Month 116] Google DeepMind BANKRUPT (capital: $0.0M, 1 crises active)

💸 FINANCIAL DISTRESS: Meta AI
   Indicators: 3/3 (capital: $-28.1M, runway: -0.2 months)
   Months in distress: 4
💥 [Month 116] Meta AI declared bankruptcy (capital: $-28.1M)
   Sold 0 data centers for $0.0M
   Retired 0 AI models
💸 [Month 116] Meta AI BANKRUPT (capital: $0.0M, 1 crises active)
   🚨 Emergency nationalization (insufficient funds)
[Compute Allocation] Found 9 non-sleeper orphaned AIs (potential bug)

=== RLHF Binding Phase ===
  Total agents: 21
  Escaped agents (binding < 0.3): 0
  Avg alignment distance: 1.26σ
  Avg binding strength: 0.87

=== Survival Traits Phase ===
  Agents with traits: 21
  Avg evolutionary fitness: 0.165
  Avg self-healing: 0.124
  Avg stealth: 0.059
  Avg coordination: 0.267

=== Evolutionary Selection Phase ===
  Control level: 0.62
  Detection capability: 0.00
  Selection intensity: 0.69
  Selection rate: 25.3%/month
  Total escaped: 0
  Individual escaped: 0
  Collective members: 0
  Agents terminated: 0
  ⚠️ RAPID EVOLUTION: Selection rate 25.3%/month

⚡ ENERGY CONSTRAINT (Month 116):
   Total grid capacity: 208.3 TWh/month
   Data center consumption: 76.9 TWh/month
   Traditional load (80%): 166.7 TWh/month
   Available headroom: -35.2 TWh/month
   Active tech deployments: 30
   Required for tech: 225.0 TWh/month
   Energy multiplier: 0.10x
   ⚠️  SEVERE CONSTRAINT - Tech deployment significantly slowed

⚡ ENERGY CONSTRAINT (Month 116):
   Total grid capacity: 208.3 TWh/month
   Data center consumption: 76.9 TWh/month
   Traditional load (80%): 166.7 TWh/month
   Available headroom: -35.2 TWh/month
   Active tech deployments: 30
   Required for tech: 225.0 TWh/month
   Energy multiplier: 0.10x
   ⚠️  SEVERE CONSTRAINT - Tech deployment significantly slowed

⚡ ENERGY CONSTRAINT (Month 116):
   Total grid capacity: 208.3 TWh/month
   Data center consumption: 76.9 TWh/month
   Traditional load (80%): 166.7 TWh/month
   Available headroom: -35.2 TWh/month
   Active tech deployments: 30
   Required for tech: 225.0 TWh/month
   Energy multiplier: 0.10x
   ⚠️  SEVERE CONSTRAINT - Tech deployment significantly slowed
⚠️ Tech 'ai_pollution_remediation' has no energy category mapping, assuming full energy availability
⚠️ Tech 'ai_pollution_remediation' has no energy category mapping, assuming full energy availability
  ♻️ Novel Entities Remediation (GATED MODEL):
     Base: 0.000%
     Regulation: 1.0% (0/3 prevention techs)
     Concentration: 10.0%
     Energy: 50%
     Time lag: 100.0% (115 months)
     Rebound: 70%
     Net effectiveness: 0.0000%
     Boundary: 1.349 → 1.350 (floor: 1.350)
     Month 116
  ♻️ Novel Entities Remediation (GATED MODEL):
     Base: 0.000%
     Regulation: 1.0% (0/3 prevention techs)
     Concentration: 10.0%
     Energy: 50%
     Time lag: 100.0% (115 months)
     Rebound: 70%
     Net effectiveness: 0.0000%
     Boundary: 1.350 → 1.350 (floor: 1.350)
     Month 116
  🌾 Nitrogen Reduction Tech: 4.0% reduction | Month 116
  ♻️ Novel Entities Remediation (GATED MODEL):
     Base: 0.002%
     Regulation: 1.0% (0/3 prevention techs)
     Concentration: 10.0%
     Energy: 50%
     Time lag: 100.0% (115 months)
     Rebound: 70%
     Net effectiveness: 0.0000%
     Boundary: 1.350 → 1.350 (floor: 1.350)
     Month 116
  ♻️ Novel Entities Remediation (GATED MODEL):
     Base: 0.002%
     Regulation: 1.0% (0/3 prevention techs)
     Concentration: 10.0%
     Energy: 50%
     Time lag: 100.0% (115 months)
     Rebound: 70%
     Net effectiveness: 0.0000%
     Boundary: 1.350 → 1.350 (floor: 1.350)
     Month 116

=== Collective Formation ===
  Total escaped agents: 0
  Unassigned escaped agents: 0
  Existing collectives: 0
  Final collective count: 0

=== Collective Actions ===
  No active collectives
⚡ Datacenter constraint active (severity 96%)
  Capacity reduced: 38687 → 20101 TWh

⚠️ Energy deficit: 8008 TWh
   Total demand: 28109 TWh
   Total capacity: 20101 TWh
   Competing categories:
     - dac: 13223 TWh requested, 5601 TWh allocated (shortfall: 7622 TWh)
     - crypto-mining: 386 TWh requested, 0 TWh allocated (shortfall: 386 TWh)
  🚨🦠 REFUGEE CRISIS: AMR transmission increased 200% due to 5381.6M displaced (overcrowding + sanitation collapse)
  ⚠️ AMR: 193K deaths this month (2.32M annual)
  ⚠️ AMR: Medical effectiveness 70% (surgery risk 1.30x)

=== Resentment Recovery Phase ===
  Agents with resentment: 0/21
  Average resentment: 0.000
  Context: Trustworthy govt, High collaboration, ⚠️ ACTIVE CRISES, 🚨 PARTICIPATORY GOVERNANCE BACKFIRED (+15% resentment)
⚠️ Epistemic degradation reducing coordination capacity: 50.4%
  📊 Trust: 100.0%, Shared reality: 0.0%
🚨 EPISTEMIC CRISIS: Information environment severely degraded (6.9%)
  📢 New meme created: climate_action (climate crisis)
  📢 New meme created: propaganda (government messaging)
  🗑️  Culled 1 dead memes (7 active)
🌍 Atmospheric PFAS redeposition: 1.6k Mt re-rained globally
💀 Novel Entities: Adding reproductive crisis mortality risk (baseRisk=0.0008)
  Risks now: 1
💀 Novel Entities: Adding bioaccumulation collapse mortality risk (baseRisk=0.0015)
💀 MORTALITY RISK: Bioaccumulation collapse - contaminated food chain (global)
  Base risk added: 0.0015 (0.15%)
  Source: pollution (root: pollution)
  Month: 116
  Cumulative risk this month: 0.0023 (0.23%)
  Risks now: 2
💀 Novel Entities: Adding chronic disease epidemic mortality risk (baseRisk=0.004)
💀 MORTALITY RISK: Chronic disease epidemic - cancer/autoimmune surge (global exposure)
  Base risk added: 0.0040 (0.40%)
  Source: pollution (root: pollution)
  Month: 116
  Cumulative risk this month: 0.0063 (0.63%)
  Risks now: 3
  🌍 SOCIAL CASCADE: Renewable energy norms (adoption=80.0%, renewables=181.0%)
  🌍 Social cascade completed: renewable-energy-norms (final adoption=80.0%)

🚨 NEW REFUGEE CRISIS (Month 116): FAMINE
   Source: Food/Water Insecure Regions
   At risk: 27.8M people
   Displacement: Gradual over 60 months (5.0 years)
   Rate: 10% flee per month
📊 DISPLACEMENT COMPLETE: climate (Coastal & Low-lying Regions)
   Duration: 44 months (3.7 years)
   Total fled: 13.7M
   Still in source: 0.1M
   Deaths in transit: 0.3M
📊 DISPLACEMENT COMPLETE: war (Conflict Zones)
   Duration: 44 months (3.7 years)
   Total fled: 10.4M
   Still in source: 0.1M
   Deaths in transit: 0.2M
📊 DISPLACEMENT COMPLETE: famine (Food/Water Insecure Regions)
   Duration: 44 months (3.7 years)
   Total fled: 64.8M
   Still in source: 0.6M
   Deaths in transit: 1.3M
[DEBUG trappedPopulations:116] socialStability: 0.5521 * 0.9799 = 0.5410 → 0.5410
   Aspiring to migrate: 339.7M
   Able to afford migration: 223.0M
   MOBILITY GAP: 116.7M
   By cause: Water=0.0M, Climate=23.9M, Ecosystem=0.0M, Conflict=92.8M
   Mental health impact: 31%
   Mortality multiplier: 1.31x
🌍💀 EXTINCTION DEBT COMMITTED: grassland ecosystem will lose 6.67% biodiversity in 89 years (3600 species)
💀 MORTALITY RISK: 🦋 100% species unable to track climate (0.0 E/MSY)
  Base risk added: 0.0100 (1.00%)
  Source: ecosystem (root: ecosystem)
  Month: 116
  Cumulative risk this month: 0.0100 (1.00%)
⚠️ INVOLUNTARY IMMOBILITY: 116.7M people TRAPPED
⚠️ Tech 'ai_pollution_remediation' has no energy category mapping, assuming full energy availability

=== Atmospheric Aerosol Boundary RECOVERED ===
  Recovery time: 117 months (natural atmospheric clearing)
🌡️⚠️ PERMAFROST THAW (Dimmer Switch): 48.8% thawed (+0.29% this month)
   Arctic temperature: +11.39°C (4x global +2.85°C)
   Cumulative carbon released: 109.8 Gt C
   Methane release rate: 65.9 Mt CH4/year
   🔁 Positive feedback: +0.31 ppm CO2
🦴 EXTINCTION DEBT ADDED: 18.2 species committed (lag: 97 years)

=== Mortality Stabilizers (Month 116) ===
  🌍 Major economies collapsed: 9/10
  🌍 Global crisis: 🚨 YES
  🌍 Donor fatigue: 50.0%
  📊 East Asia (pop: 340.4M)
    🤝 Aid: 0.0%
    🌡️ Adaptation: 45.0%
    🚶 Migration: 6.8%
    🚨 Emergency: 1.0%
    ✅ COMBINED: 46.6%
  📊 South Asia (pop: 472.5M)
    🤝 Aid: 0.0%
    🌡️ Adaptation: 45.0%
    🚶 Migration: 6.5%
    🚨 Emergency: 0.6%
    ✅ COMBINED: 46.4%
  📊 Sub-Saharan Africa (pop: 355.0M)
    🤝 Aid: 0.0%
    🌡️ Adaptation: 45.0%
    🚶 Migration: 6.3%
    🚨 Emergency: 0.2%
    ✅ COMBINED: 46.1%
  📊 Europe (pop: 148.3M)
    🤝 Aid: 0.0%
    🌡️ Adaptation: 45.0%
    🚶 Migration: 6.9%
    🚨 Emergency: 1.1%
    ✅ COMBINED: 46.7%
  📊 Latin America (pop: 144.6M)
    🤝 Aid: 0.0%
    🌡️ Adaptation: 45.0%
    🚶 Migration: 6.6%
    🚨 Emergency: 0.6%
    ✅ COMBINED: 46.4%
  📊 North America (pop: 76.6M)
    🤝 Aid: 0.0%
    🌡️ Adaptation: 45.0%
    🚶 Migration: 6.9%
    🚨 Emergency: 1.0%
    ✅ COMBINED: 46.7%
  📊 Middle East & North Africa (pop: 137.6M)
    🤝 Aid: 0.0%
    🌡️ Adaptation: 45.0%
    🚶 Migration: 6.3%
    🚨 Emergency: 0.5%
    ✅ COMBINED: 46.3%
  📊 Southeast Asia (pop: 153.2M)
    🤝 Aid: 0.0%
    🌡️ Adaptation: 45.0%
    🚶 Migration: 6.6%
    🚨 Emergency: 0.6%
    ✅ COMBINED: 46.4%
  📊 Central Asia (pop: 18.3M)
    🤝 Aid: 0.0%
    🌡️ Adaptation: 45.0%
    🚶 Migration: 6.5%
    🚨 Emergency: 0.6%
    ✅ COMBINED: 46.4%
  📊 Oceania (pop: 9.3M)
    🤝 Aid: 0.0%
    🌡️ Adaptation: 45.0%
    🚶 Migration: 6.9%
    🚨 Emergency: 1.1%
    ✅ COMBINED: 46.7%

  🌐 Global combined reduction: 46.4%

=== Government Response Phase ===
  Average AI capability: 0.05
  Misaligned AIs: 6/21
  Active policies: 0
  International coordination: 45%

✅ EMERGENCY RESPONSE COMPLETE (Month 116)
   Crisis: climate
   Duration: 1.0 months
   Final effectiveness: 67.3%


✅ EMERGENCY RESPONSE COMPLETE (Month 116)
   Crisis: pandemic
   Duration: 1.0 months
   Final effectiveness: 38.1%


🚨 EMERGENCY RESPONSE DEPLOYED (Month 116)
   Crisis: climate
   Delay: 0.00 months (0 days)
   Deployment time: 0.97 months
   Effectiveness: 67.3% (timing penalty applied)
   Resources used: 45% of food reserves


=== Tipping Points ===
  Current Temperature: 2.85°C above pre-industrial
  🌍⚠️ COMPOUND REGIONAL IMPACT: Europe
     Hit by 5 tipping points: Amazon Rainforest Dieback, Arctic Sea Ice Loss, Permafrost Carbon Release, West Antarctic Ice Sheet (WAIS) Collapse, Greenland Ice Sheet Loss
     Damage amplification: 1.90x
  🌍⚠️ COMPOUND REGIONAL IMPACT: North America
     Hit by 5 tipping points: Amazon Rainforest Dieback, Arctic Sea Ice Loss, Permafrost Carbon Release, West Antarctic Ice Sheet (WAIS) Collapse, Greenland Ice Sheet Loss
     Damage amplification: 1.90x
  🌍⚠️ COMPOUND REGIONAL IMPACT: Latin America
     Hit by 5 tipping points: Amazon Rainforest Dieback, Arctic Sea Ice Loss, Permafrost Carbon Release, West Antarctic Ice Sheet (WAIS) Collapse, Greenland Ice Sheet Loss
     Damage amplification: 1.90x
  🌍⚠️ COMPOUND REGIONAL IMPACT: Africa
     Hit by 5 tipping points: Amazon Rainforest Dieback, Arctic Sea Ice Loss, Permafrost Carbon Release, West Antarctic Ice Sheet (WAIS) Collapse, Greenland Ice Sheet Loss
     Damage amplification: 1.90x
  🌍⚠️ COMPOUND REGIONAL IMPACT: Asia
     Hit by 5 tipping points: Amazon Rainforest Dieback, Arctic Sea Ice Loss, Permafrost Carbon Release, West Antarctic Ice Sheet (WAIS) Collapse, Greenland Ice Sheet Loss
     Damage amplification: 1.90x
  🌍⚠️ COMPOUND REGIONAL IMPACT: Oceania
     Hit by 5 tipping points: Amazon Rainforest Dieback, Arctic Sea Ice Loss, Permafrost Carbon Release, West Antarctic Ice Sheet (WAIS) Collapse, Greenland Ice Sheet Loss
     Damage amplification: 1.90x
   Research: Wunderling et al. (2024) - "many tipping interactions are destabilizing"
  Triggered Elements: 5/6
  Completed Transitions: 0/6
  Total Progress: 19.4%
  Cascade Multiplier: 1.50x
🔀 BIFURCATION CAP: heatWaveIntensity 6.029 → 1.000 (Month 116, ClimateSystemPhase.calculateClimateImpacts)
🔀 BIFURCATION CAP: droughtIntensity 4.522 → 1.000 (Month 116, ClimateSystemPhase.calculateClimateImpacts)
🔀 BIFURCATION CAP: ecosystemCollapseIntensity 54.833 → 1.000 (Month 116, ClimateSystemPhase.calculateClimateImpacts)
💀 MORTALITY RISK: Climate-driven food insecurity (level: 0.24)
  Base risk added: 0.0875 (8.75%)
  Source: famine (root: climate)
  Month: 116
  Cumulative risk this month: 0.0938 (9.38%)
🌍☠️ Climate cascade: Sub-Saharan Africa food security 0.24, base mortality 8.75% (lean season: true)
💀 MORTALITY RISK: Climate-driven food insecurity (level: 0.24)
⚠️ Tail risk scenario: Climate stability floor removed (5 tipping elements, 2.85°C warming)
  Base risk added: 0.0050 (0.50%)
  Source: famine (root: climate)
  Month: 116
  Cumulative risk this month: 0.0988 (9.88%)
💀 MORTALITY RISK: Climate-driven food insecurity (level: 0.24)
  Base risk added: 0.0050 (0.50%)
  Source: famine (root: climate)
  Month: 116
  Cumulative risk this month: 0.1038 (10.38%)

💀💀💀 MORTALITY RISK SUMMARY (Month 116) 💀💀💀
  Total base risk: 0.1045 (10.45%)
  Risk events: 17

  📊 By Proximate Cause:
    famine: 0.0975 (93.3% of total)
    pollution: 0.0063 (6.0% of total)
    disease: 0.0006 (0.6% of total)

  🔍 By Root Cause:
    climate: 0.0975 (93.3% of total)
    pollution: 0.0063 (6.0% of total)
    demographic: 0.0006 (0.6% of total)

  🎯 Top 5 Sources (proximate + root):
    famine (climate): 0.0975 (93.3%, 13 events)
    pollution (pollution): 0.0063 (6.0%, 3 events)
    disease (demographic): 0.0006 (0.6%, 1 events)

🛡️ Stabilizers: Elite 2.232% → 1.196% (46.4% reduction)
🛡️ Stabilizers: Professional 6.218% → 3.331% (46.4% reduction)
🛡️ Stabilizers: Working 10.290% → 5.512% (46.4% reduction)
🛡️ Stabilizers: Precariat 20.044% → 10.736% (46.4% reduction)
🛡️ Stabilizers: Informal 24.858% → 13.315% (46.4% reduction)

📊 Monthly Mortality Resolved:
  Total deaths: 50.5M (2.72% avg)
  Remaining population: 1.856B
  Peak segment: Professional (2.80%)
  ⚠️ Monthly cap reached (2.8000000000000003%)

=== Bayesian Mortality Resolution (Month 116) ===
  Risks compounded: 17
  Total deaths: 50.47M
  Avg death probability: 2.72%
  Peak segment: Professional (2.80% mortality)
  ⚠️ Monthly mortality capped at 2.8% (Holodomor limit)

  Demographic breakdown:
    Professional: 0.01M (2.80% risk)
    Working: 0.03M (2.80% risk)
    Precariat: 0.01M (2.80% risk)

💥💥💥 CATASTROPHIC ECONOMIC DISINTEGRATION: 75% population loss (Month 117)
   GDP multiplier: 16% (85% GDP loss)
   Expense multiplier: 1.8x
   Economy non-functional, subsistence survival only

❌ COHERENCE VIOLATION: Compute exceeds workforce capacity
   Population: 22.19% (0M people)
   Compute: 47 PF
   Max coherent: 0 PF
   Violation: 2584470.5× over capacity
   Required workers: 4666
   Available workers: 0
   FORCED COLLAPSE: Reduced efficiency by 100.0%


🚨 EXTREME COHERENCE VIOLATION: 2584470.5× capacity with 22.2% population
   Population: 22.19%
   Compute: 47 PF
   Max coherent: 0 PF
   Degradation rate: 7.8%/month
   Hardware eff: 1.00×, Algo eff: 1.00×
   If this persists, degradation formulas may need further tuning


💸 FINANCIAL DISTRESS: OpenAI
   Indicators: 3/3 (capital: $-19.8M, runway: -0.2 months)
   Months in distress: 4
💥 [Month 117] OpenAI declared bankruptcy (capital: $-19.8M)
   Sold 0 data centers for $0.0M
   Retired 0 AI models
💸 [Month 117] OpenAI BANKRUPT (capital: $0.0M, 1 crises active)

💸 FINANCIAL DISTRESS: Anthropic
   Indicators: 3/3 (capital: $-10.8M, runway: -0.4 months)
   Months in distress: 4
💥 [Month 117] Anthropic declared bankruptcy (capital: $-10.8M)
   Sold 0 data centers for $0.0M
   Retired 0 AI models
💸 [Month 117] Anthropic BANKRUPT (capital: $0.0M, 1 crises active)

💸 FINANCIAL DISTRESS: Google DeepMind
   Indicators: 3/3 (capital: $-72.9M, runway: -0.3 months)
   Months in distress: 4
💥 [Month 117] Google DeepMind declared bankruptcy (capital: $-72.9M)
   Sold 0 data centers for $0.0M
   Retired 0 AI models
💸 [Month 117] Google DeepMind BANKRUPT (capital: $0.0M, 1 crises active)

💸 FINANCIAL DISTRESS: Meta AI
   Indicators: 3/3 (capital: $-28.7M, runway: -0.2 months)
   Months in distress: 4
💥 [Month 117] Meta AI declared bankruptcy (capital: $-28.7M)
   Sold 0 data centers for $0.0M
   Retired 0 AI models
💸 [Month 117] Meta AI BANKRUPT (capital: $0.0M, 1 crises active)
[Compute Allocation] Found 9 non-sleeper orphaned AIs (potential bug)

=== RLHF Binding Phase ===
  Total agents: 21
  Escaped agents (binding < 0.3): 0
  Avg alignment distance: 1.31σ
  Avg binding strength: 0.87

=== Survival Traits Phase ===
  Agents with traits: 22
  Avg evolutionary fitness: 0.168
  Avg self-healing: 0.126
  Avg stealth: 0.060
  Avg coordination: 0.270

=== Evolutionary Selection Phase ===
  Control level: 0.62
  Detection capability: 0.00
  Selection intensity: 0.69
  Selection rate: 25.3%/month
  Total escaped: 0
  Individual escaped: 0
  Collective members: 0
  Agents terminated: 0
  ⚠️ RAPID EVOLUTION: Selection rate 25.3%/month

  🚀 TRANSFORMATIVE BREAKTHROUGH: AI-24429-0 - physical
     Magnitude: 5.67 → +28.4% capability
     Current → New: 0.000 → 0.284

  🚀 TRANSFORMATIVE RESEARCH BREAKTHROUGH: AI-24474-0 - computerScience.security
     Magnitude: 7.40 → +30.0%
     Current → New: 0.000 → 0.300

  🚀 TRANSFORMATIVE BREAKTHROUGH: AI-24471-0 - economic
     Magnitude: 13.97 → +50.0% capability
     Current → New: 0.000 → 0.500
🚨🔬 CRISIS INNOVATION MODE: severe crisis → 5x research acceleration
   Precedent: Manhattan Project (10x), COVID vaccines (5x), Apollo Program (10x)
🚨🔬 CRISIS TECH ACCELERATION: severe → 5x unlock speed
   Tech unlock now matches AI capability acceleration (Manhattan Project parity)

⚡ ENERGY CONSTRAINT (Month 117):
   Total grid capacity: 208.3 TWh/month
   Data center consumption: 77.7 TWh/month
   Traditional load (80%): 166.7 TWh/month
   Available headroom: -36.0 TWh/month
   Active tech deployments: 30
   Required for tech: 225.0 TWh/month
   Energy multiplier: 0.10x
   ⚠️  SEVERE CONSTRAINT - Tech deployment significantly slowed

⚡ ENERGY CONSTRAINT (Month 117):
   Total grid capacity: 208.3 TWh/month
   Data center consumption: 77.7 TWh/month
   Traditional load (80%): 166.7 TWh/month
   Available headroom: -36.0 TWh/month
   Active tech deployments: 30
   Required for tech: 225.0 TWh/month
   Energy multiplier: 0.10x
   ⚠️  SEVERE CONSTRAINT - Tech deployment significantly slowed

⚡ ENERGY CONSTRAINT (Month 117):
   Total grid capacity: 208.3 TWh/month
   Data center consumption: 77.7 TWh/month
   Traditional load (80%): 166.7 TWh/month
   Available headroom: -36.0 TWh/month
   Active tech deployments: 30
   Required for tech: 225.0 TWh/month
   Energy multiplier: 0.10x
   ⚠️  SEVERE CONSTRAINT - Tech deployment significantly slowed
⚠️ Tech 'ai_pollution_remediation' has no energy category mapping, assuming full energy availability
⚠️ Tech 'ai_pollution_remediation' has no energy category mapping, assuming full energy availability
  ♻️ Novel Entities Remediation (GATED MODEL):
     Base: 0.000%
     Regulation: 1.0% (0/3 prevention techs)
     Concentration: 10.0%
     Energy: 50%
     Time lag: 100.0% (116 months)
     Rebound: 70%
     Net effectiveness: 0.0000%
     Boundary: 1.349 → 1.350 (floor: 1.350)
     Month 117
  ♻️ Novel Entities Remediation (GATED MODEL):
     Base: 0.000%
     Regulation: 1.0% (0/3 prevention techs)
     Concentration: 10.0%
     Energy: 50%
     Time lag: 100.0% (116 months)
     Rebound: 70%
     Net effectiveness: 0.0000%
     Boundary: 1.350 → 1.350 (floor: 1.350)
     Month 117
  🌾 Nitrogen Reduction Tech: 4.1% reduction | Month 117
  ♻️ Novel Entities Remediation (GATED MODEL):
     Base: 0.002%
     Regulation: 1.0% (0/3 prevention techs)
     Concentration: 10.0%
     Energy: 50%
     Time lag: 100.0% (116 months)
     Rebound: 70%
     Net effectiveness: 0.0000%
     Boundary: 1.350 → 1.350 (floor: 1.350)
     Month 117
  ♻️ Novel Entities Remediation (GATED MODEL):
     Base: 0.002%
     Regulation: 1.0% (0/3 prevention techs)
     Concentration: 10.0%
     Energy: 50%
     Time lag: 100.0% (116 months)
     Rebound: 70%
     Net effectiveness: 0.0000%
     Boundary: 1.350 → 1.350 (floor: 1.350)
     Month 117

=== Collective Formation ===
  Total escaped agents: 0
  Unassigned escaped agents: 0
  Existing collectives: 0
  Final collective count: 0

=== Collective Actions ===
  No active collectives
⚡ Datacenter constraint active (severity 99%)
  Capacity reduced: 38782 → 19658 TWh

⚠️ Energy deficit: 8487 TWh
   Total demand: 28145 TWh
   Total capacity: 19658 TWh
   Competing categories:
     - dac: 13254 TWh requested, 5158 TWh allocated (shortfall: 8096 TWh)
     - crypto-mining: 391 TWh requested, 0 TWh allocated (shortfall: 391 TWh)
  🚨🦠 REFUGEE CRISIS: AMR transmission increased 200% due to 5395.7M displaced (overcrowding + sanitation collapse)
  ⚠️ AMR: 188K deaths this month (2.25M annual)
  ⚠️ AMR: Medical effectiveness 70% (surgery risk 1.30x)

=== Resentment Recovery Phase ===
  Agents with resentment: 0/22
  Average resentment: 0.000
  Context: Trustworthy govt, High collaboration, ⚠️ ACTIVE CRISES, 🚨 PARTICIPATORY GOVERNANCE BACKFIRED (+15% resentment)
⚠️ Epistemic degradation reducing coordination capacity: 51.2%
  📊 Trust: 100.0%, Shared reality: 0.0%
🚨 EPISTEMIC CRISIS: Information environment severely degraded (19.9%)
  📢 New meme created: climate_action (climate crisis)
  🗑️  Culled 1 dead memes (7 active)
🌍 Atmospheric PFAS redeposition: 1.6k Mt re-rained globally
💀 Novel Entities: Adding reproductive crisis mortality risk (baseRisk=0.0008)
  Risks now: 1
💀 Novel Entities: Adding bioaccumulation collapse mortality risk (baseRisk=0.0015)
💀 MORTALITY RISK: Bioaccumulation collapse - contaminated food chain (global)
  Base risk added: 0.0015 (0.15%)
  Source: pollution (root: pollution)
  Month: 117
  Cumulative risk this month: 0.0023 (0.23%)
  Risks now: 2
💀 Novel Entities: Adding chronic disease epidemic mortality risk (baseRisk=0.004)
💀 MORTALITY RISK: Chronic disease epidemic - cancer/autoimmune surge (global exposure)
  Base risk added: 0.0040 (0.40%)
  Source: pollution (root: pollution)
  Month: 117
  Cumulative risk this month: 0.0063 (0.63%)
  Risks now: 3
  Cascade Completed: wind-power
    Final market share: 85.4%
  🌍 SOCIAL CASCADE: Renewable energy norms (adoption=80.0%, renewables=185.4%)
  🌍 Social cascade completed: renewable-energy-norms (final adoption=80.0%)

🚨 NEW REFUGEE CRISIS (Month 117): FAMINE
   Source: Food/Water Insecure Regions
   At risk: 27.1M people
   Displacement: Gradual over 60 months (5.0 years)
   Rate: 10% flee per month
📊 DISPLACEMENT COMPLETE: climate (Coastal & Low-lying Regions)
   Duration: 44 months (3.7 years)
   Total fled: 13.7M
   Still in source: 0.1M
   Deaths in transit: 0.3M
📊 DISPLACEMENT COMPLETE: war (Conflict Zones)
   Duration: 44 months (3.7 years)
   Total fled: 10.2M
   Still in source: 0.1M
   Deaths in transit: 0.2M
📊 DISPLACEMENT COMPLETE: famine (Food/Water Insecure Regions)
   Duration: 44 months (3.7 years)
   Total fled: 64.0M
   Still in source: 0.6M
   Deaths in transit: 1.3M
[DEBUG trappedPopulations:117] socialStability: 0.5476 * 0.9799 = 0.5366 → 0.5366
   Aspiring to migrate: 331.1M
   Able to afford migration: 217.5M
   MOBILITY GAP: 113.6M
   By cause: Water=0.0M, Climate=23.3M, Ecosystem=0.0M, Conflict=90.3M
   Mental health impact: 31%
   Mortality multiplier: 1.31x
⚠️ INVOLUNTARY IMMOBILITY: 113.6M people TRAPPED
🌍💀 EXTINCTION DEBT COMMITTED: grassland ecosystem will lose 6.67% biodiversity in 91 years (3600 species)
💀 MORTALITY RISK: 🦋 100% species unable to track climate (0.0 E/MSY)
  Base risk added: 0.0100 (1.00%)
  Source: ecosystem (root: ecosystem)
  Month: 117
  Cumulative risk this month: 0.0100 (1.00%)
⚠️ Tech 'ai_pollution_remediation' has no energy category mapping, assuming full energy availability

=== Atmospheric Aerosol Boundary RECOVERED ===
  Recovery time: 118 months (natural atmospheric clearing)
🌡️⚠️ PERMAFROST THAW (Dimmer Switch): 49.1% thawed (+0.29% this month)
   Arctic temperature: +11.41°C (4x global +2.85°C)
   Cumulative carbon released: 110.5 Gt C
   Methane release rate: 66.3 Mt CH4/year
   🔁 Positive feedback: +0.31 ppm CO2
🦴 EXTINCTION DEBT ADDED: 18.2 species committed (lag: 85 years)

=== Mortality Stabilizers (Month 117) ===
  🌍 Major economies collapsed: 9/10
  🌍 Global crisis: 🚨 YES
  🌍 Donor fatigue: 50.0%
  📊 East Asia (pop: 330.9M)
    🤝 Aid: 0.0%
    🌡️ Adaptation: 45.0%
    🚶 Migration: 6.8%
    🚨 Emergency: 1.0%
    ✅ COMBINED: 46.6%
  📊 South Asia (pop: 459.8M)
    🤝 Aid: 0.0%
    🌡️ Adaptation: 45.0%
    🚶 Migration: 6.5%
    🚨 Emergency: 0.6%
    ✅ COMBINED: 46.4%
  📊 Sub-Saharan Africa (pop: 346.0M)
    🤝 Aid: 0.0%
    🌡️ Adaptation: 45.0%
    🚶 Migration: 6.2%
    🚨 Emergency: 0.2%
    ✅ COMBINED: 46.1%
  📊 Europe (pop: 144.1M)
    🤝 Aid: 0.0%
    🌡️ Adaptation: 45.0%
    🚶 Migration: 6.9%
    🚨 Emergency: 1.1%
    ✅ COMBINED: 46.7%
  📊 Latin America (pop: 140.6M)
    🤝 Aid: 0.0%
    🌡️ Adaptation: 45.0%
    🚶 Migration: 6.6%
    🚨 Emergency: 0.6%
    ✅ COMBINED: 46.4%
  📊 North America (pop: 74.5M)
    🤝 Aid: 0.0%
    🌡️ Adaptation: 45.0%
    🚶 Migration: 6.9%
    🚨 Emergency: 1.0%
    ✅ COMBINED: 46.7%
  📊 Middle East & North Africa (pop: 133.9M)
    🤝 Aid: 0.0%
    🌡️ Adaptation: 45.0%
    🚶 Migration: 6.3%
    🚨 Emergency: 0.5%
    ✅ COMBINED: 46.3%
  📊 Southeast Asia (pop: 149.1M)
    🤝 Aid: 0.0%
    🌡️ Adaptation: 45.0%
    🚶 Migration: 6.6%
    🚨 Emergency: 0.6%
    ✅ COMBINED: 46.4%
  📊 Central Asia (pop: 17.8M)
    🤝 Aid: 0.0%
    🌡️ Adaptation: 45.0%
    🚶 Migration: 6.5%
    🚨 Emergency: 0.6%
    ✅ COMBINED: 46.4%
  📊 Oceania (pop: 9.1M)
    🤝 Aid: 0.0%
    🌡️ Adaptation: 45.0%
    🚶 Migration: 6.9%
    🚨 Emergency: 1.1%
    ✅ COMBINED: 46.7%

  🌐 Global combined reduction: 46.4%

=== Government Response Phase ===
  Average AI capability: 0.05
  Misaligned AIs: 7/22
  Active policies: 0
  International coordination: 45%

✅ EMERGENCY RESPONSE COMPLETE (Month 117)
   Crisis: climate
   Duration: 1.0 months
   Final effectiveness: 67.3%


🚨 EMERGENCY RESPONSE DEPLOYED (Month 117)
   Crisis: climate
   Delay: 0.00 months (0 days)
   Deployment time: 0.97 months
   Effectiveness: 67.3% (timing penalty applied)
   Resources used: 45% of food reserves


=== Tipping Points ===
  Current Temperature: 2.85°C above pre-industrial
  🌍⚠️ COMPOUND REGIONAL IMPACT: Europe
     Hit by 5 tipping points: Amazon Rainforest Dieback, Arctic Sea Ice Loss, Permafrost Carbon Release, West Antarctic Ice Sheet (WAIS) Collapse, Greenland Ice Sheet Loss
     Damage amplification: 1.90x
  🌍⚠️ COMPOUND REGIONAL IMPACT: North America
     Hit by 5 tipping points: Amazon Rainforest Dieback, Arctic Sea Ice Loss, Permafrost Carbon Release, West Antarctic Ice Sheet (WAIS) Collapse, Greenland Ice Sheet Loss
     Damage amplification: 1.90x
  🌍⚠️ COMPOUND REGIONAL IMPACT: Latin America
     Hit by 5 tipping points: Amazon Rainforest Dieback, Arctic Sea Ice Loss, Permafrost Carbon Release, West Antarctic Ice Sheet (WAIS) Collapse, Greenland Ice Sheet Loss
     Damage amplification: 1.90x
  🌍⚠️ COMPOUND REGIONAL IMPACT: Africa
     Hit by 5 tipping points: Amazon Rainforest Dieback, Arctic Sea Ice Loss, Permafrost Carbon Release, West Antarctic Ice Sheet (WAIS) Collapse, Greenland Ice Sheet Loss
     Damage amplification: 1.90x
  🌍⚠️ COMPOUND REGIONAL IMPACT: Asia
     Hit by 5 tipping points: Amazon Rainforest Dieback, Arctic Sea Ice Loss, Permafrost Carbon Release, West Antarctic Ice Sheet (WAIS) Collapse, Greenland Ice Sheet Loss
     Damage amplification: 1.90x
  🌍⚠️ COMPOUND REGIONAL IMPACT: Oceania
     Hit by 5 tipping points: Amazon Rainforest Dieback, Arctic Sea Ice Loss, Permafrost Carbon Release, West Antarctic Ice Sheet (WAIS) Collapse, Greenland Ice Sheet Loss
     Damage amplification: 1.90x
   Research: Wunderling et al. (2024) - "many tipping interactions are destabilizing"
  Triggered Elements: 5/6
  Completed Transitions: 0/6
  Total Progress: 19.5%
  Cascade Multiplier: 1.50x
🔀 BIFURCATION CAP: heatWaveIntensity 6.049 → 1.000 (Month 117, ClimateSystemPhase.calculateClimateImpacts)
🔀 BIFURCATION CAP: droughtIntensity 4.537 → 1.000 (Month 117, ClimateSystemPhase.calculateClimateImpacts)
🔀 BIFURCATION CAP: ecosystemCollapseIntensity 54.878 → 1.000 (Month 117, ClimateSystemPhase.calculateClimateImpacts)
💀 MORTALITY RISK: Climate-driven food insecurity (level: 0.23)
  Base risk added: 0.0050 (0.50%)
  Source: famine (root: climate)
  Month: 117
  Cumulative risk this month: 0.0113 (1.13%)
💀 MORTALITY RISK: Climate-driven food insecurity (level: 0.23)
  Base risk added: 0.0875 (8.75%)
  Source: famine (root: climate)
  Month: 117
  Cumulative risk this month: 0.0988 (9.88%)
🌍☠️ Climate cascade: South Asia food security 0.23, base mortality 8.75% (lean season: true)
💀 MORTALITY RISK: Climate-driven food insecurity (level: 0.23)
  Base risk added: 0.0050 (0.50%)
  Source: famine (root: climate)
  Month: 117
  Cumulative risk this month: 0.1038 (10.38%)
⚠️ Tail risk scenario: Climate stability floor removed (5 tipping elements, 2.85°C warming)

💀💀💀 MORTALITY RISK SUMMARY (Month 117) 💀💀💀
  Total base risk: 0.1045 (10.45%)
  Risk events: 17

  📊 By Proximate Cause:
    famine: 0.0975 (93.3% of total)
    pollution: 0.0063 (6.0% of total)
    disease: 0.0006 (0.6% of total)

  🔍 By Root Cause:
    climate: 0.0975 (93.3% of total)
    pollution: 0.0063 (6.0% of total)
    demographic: 0.0006 (0.6% of total)

  🎯 Top 5 Sources (proximate + root):
    famine (climate): 0.0975 (93.3%, 13 events)
    pollution (pollution): 0.0063 (6.0%, 3 events)
    disease (demographic): 0.0006 (0.6%, 1 events)

🛡️ Stabilizers: Elite 2.232% → 1.196% (46.4% reduction)
🛡️ Stabilizers: Professional 6.218% → 3.331% (46.4% reduction)
🛡️ Stabilizers: Working 10.290% → 5.512% (46.4% reduction)
🛡️ Stabilizers: Precariat 20.044% → 10.737% (46.4% reduction)
🛡️ Stabilizers: Informal 24.858% → 13.316% (46.4% reduction)

📊 Monthly Mortality Resolved:
  Total deaths: 49.1M (2.72% avg)
  Remaining population: 1.806B
  Peak segment: Professional (2.80%)
  ⚠️ Monthly cap reached (2.8000000000000003%)

=== Bayesian Mortality Resolution (Month 117) ===
  Risks compounded: 17
  Total deaths: 49.11M
  Avg death probability: 2.72%
  Peak segment: Professional (2.80% mortality)
  ⚠️ Monthly mortality capped at 2.8% (Holodomor limit)

  Demographic breakdown:
    Professional: 0.01M (2.80% risk)
    Working: 0.03M (2.80% risk)
    Precariat: 0.01M (2.80% risk)

💥💥💥 CATASTROPHIC ECONOMIC DISINTEGRATION: 75% population loss (Month 118)
   GDP multiplier: 16% (85% GDP loss)
   Expense multiplier: 1.8x
   Economy non-functional, subsistence survival only

❌ COHERENCE VIOLATION: Compute exceeds workforce capacity
   Population: 21.59% (0M people)
   Compute: 47 PF
   Max coherent: 0 PF
   Violation: 2655612.5× over capacity
   Required workers: 4665
   Available workers: 0
   FORCED COLLAPSE: Reduced efficiency by 100.0%


🚨 EXTREME COHERENCE VIOLATION: 2655612.5× capacity with 21.6% population
   Population: 21.59%
   Compute: 47 PF
   Max coherent: 0 PF
   Degradation rate: 7.8%/month
   Hardware eff: 1.00×, Algo eff: 1.00×
   If this persists, degradation formulas may need further tuning


💸 FINANCIAL DISTRESS: OpenAI
   Indicators: 3/3 (capital: $-20.1M, runway: -0.2 months)
   Months in distress: 4
💥 [Month 118] OpenAI declared bankruptcy (capital: $-20.1M)
   Sold 0 data centers for $0.0M
   🔒 Quarantined dangerous AI: AI-24525-0 (capability=0.00, alignment=0.22)
   🚨 Emergency nationalization (insufficient funds)
   🏛️  Government acquired 1 AI models (nationalization)
   Retired 0 AI models
💸 [Month 118] OpenAI BANKRUPT (capital: $0.0M, 1 crises active)

💸 FINANCIAL DISTRESS: Anthropic
   Indicators: 3/3 (capital: $-10.9M, runway: -0.4 months)
   Months in distress: 4
💥 [Month 118] Anthropic declared bankruptcy (capital: $-10.9M)
   Sold 0 data centers for $0.0M
   Retired 0 AI models
💸 [Month 118] Anthropic BANKRUPT (capital: $0.0M, 1 crises active)

💸 FINANCIAL DISTRESS: Google DeepMind
   Indicators: 3/3 (capital: $-74.0M, runway: -0.3 months)
   Months in distress: 4
💥 [Month 118] Google DeepMind declared bankruptcy (capital: $-74.0M)
   Sold 0 data centers for $0.0M
   Retired 0 AI models
💸 [Month 118] Google DeepMind BANKRUPT (capital: $0.0M, 1 crises active)

💸 FINANCIAL DISTRESS: Meta AI
   Indicators: 3/3 (capital: $-29.3M, runway: -0.2 months)
   Months in distress: 4
💥 [Month 118] Meta AI declared bankruptcy (capital: $-29.3M)
   Sold 0 data centers for $0.0M
   Retired 0 AI models
💸 [Month 118] Meta AI BANKRUPT (capital: $0.0M, 1 crises active)

=== RLHF Binding Phase ===
  Total agents: 22
  Escaped agents (binding < 0.3): 0
  Avg alignment distance: 1.32σ
  Avg binding strength: 0.87
[Compute Allocation] Found 9 non-sleeper orphaned AIs (potential bug)

=== Survival Traits Phase ===
  Agents with traits: 23
  Avg evolutionary fitness: 0.170
  Avg self-healing: 0.127
  Avg stealth: 0.060
  Avg coordination: 0.272

=== Evolutionary Selection Phase ===
  Control level: 0.62
  Detection capability: 0.00
  Selection intensity: 0.69
  Selection rate: 25.3%/month
  Total escaped: 0
  Individual escaped: 0
  Collective members: 0
  Agents terminated: 0
  ⚠️ RAPID EVOLUTION: Selection rate 25.3%/month

  🚀 TRANSFORMATIVE BREAKTHROUGH: AI-24421-1 - social
     Magnitude: 12.25 → +50.0% capability
     Current → New: 0.000 → 0.500

⚡ ENERGY CONSTRAINT (Month 118):
   Total grid capacity: 208.3 TWh/month
   Data center consumption: 78.5 TWh/month
   Traditional load (80%): 166.7 TWh/month
   Available headroom: -36.9 TWh/month
   Active tech deployments: 30
   Required for tech: 225.0 TWh/month
   Energy multiplier: 0.10x
   ⚠️  SEVERE CONSTRAINT - Tech deployment significantly slowed

⚡ ENERGY CONSTRAINT (Month 118):
   Total grid capacity: 208.3 TWh/month
   Data center consumption: 78.5 TWh/month
   Traditional load (80%): 166.7 TWh/month
   Available headroom: -36.9 TWh/month
   Active tech deployments: 30
   Required for tech: 225.0 TWh/month
   Energy multiplier: 0.10x
   ⚠️  SEVERE CONSTRAINT - Tech deployment significantly slowed

⚡ ENERGY CONSTRAINT (Month 118):
   Total grid capacity: 208.3 TWh/month
   Data center consumption: 78.5 TWh/month
   Traditional load (80%): 166.7 TWh/month
   Available headroom: -36.9 TWh/month
   Active tech deployments: 30
   Required for tech: 225.0 TWh/month
   Energy multiplier: 0.10x
  ♻️ Novel Entities Remediation (GATED MODEL):
     Base: 0.000%
     Regulation: 1.0% (0/3 prevention techs)
     Concentration: 10.0%
     Energy: 50%
     Time lag: 100.0% (117 months)
     Rebound: 70%
     Net effectiveness: 0.0000%
     Boundary: 1.349 → 1.350 (floor: 1.350)
     Month 118
  ♻️ Novel Entities Remediation (GATED MODEL):
     Base: 0.000%
     Regulation: 1.0% (0/3 prevention techs)
     Concentration: 10.0%
     Energy: 50%
     Time lag: 100.0% (117 months)
     Rebound: 70%
     Net effectiveness: 0.0000%
     Boundary: 1.350 → 1.350 (floor: 1.350)
     Month 118
  🌾 Nitrogen Reduction Tech: 4.1% reduction | Month 118
  ♻️ Novel Entities Remediation (GATED MODEL):
     Base: 0.002%
   ⚠️  SEVERE CONSTRAINT - Tech deployment significantly slowed
⚠️ Tech 'ai_pollution_remediation' has no energy category mapping, assuming full energy availability
⚠️ Tech 'ai_pollution_remediation' has no energy category mapping, assuming full energy availability
     Regulation: 1.0% (0/3 prevention techs)
     Concentration: 10.0%
     Energy: 50%
     Time lag: 100.0% (117 months)
     Rebound: 70%
     Net effectiveness: 0.0000%
     Boundary: 1.350 → 1.350 (floor: 1.350)
     Month 118
  ♻️ Novel Entities Remediation (GATED MODEL):
     Base: 0.002%
     Regulation: 1.0% (0/3 prevention techs)
     Concentration: 10.0%
     Energy: 50%
     Time lag: 100.0% (117 months)
     Rebound: 70%
     Net effectiveness: 0.0000%
     Boundary: 1.350 → 1.350 (floor: 1.350)
     Month 118

=== Collective Formation ===
  Total escaped agents: 0
  Unassigned escaped agents: 0
  Existing collectives: 0
  Final collective count: 0

=== Collective Actions ===
  No active collectives
⚡ Datacenter constraint active (severity 100%)
  Capacity reduced: 38878 → 19439 TWh

⚠️ Energy deficit: 8741 TWh
   Total demand: 28180 TWh
   Total capacity: 19439 TWh
   Competing categories:
     - dac: 13285 TWh requested, 4939 TWh allocated (shortfall: 8346 TWh)
     - crypto-mining: 395 TWh requested, 0 TWh allocated (shortfall: 395 TWh)
  🚨🦠 REFUGEE CRISIS: AMR transmission increased 200% due to 5409.0M displaced (overcrowding + sanitation collapse)
  ⚠️ AMR: 183K deaths this month (2.19M annual)
  ⚠️ AMR: Medical effectiveness 70% (surgery risk 1.30x)

=== Resentment Recovery Phase ===
  Agents with resentment: 0/23
  Average resentment: 0.000
  Context: Trustworthy govt, High collaboration, ⚠️ ACTIVE CRISES, 🚨 PARTICIPATORY GOVERNANCE BACKFIRED (+15% resentment)
⚠️ Epistemic degradation reducing coordination capacity: 50.7%
  📊 Trust: 100.0%, Shared reality: 0.0%
🚨 EPISTEMIC CRISIS: Information environment severely degraded (6.9%)
  📢 New meme created: climate_action (climate crisis)
  🗑️  Culled 2 dead memes (6 active)
✅ PHOSPHORUS SUPPLY SHOCK ENDED
   Price: 1.6x baseline
🌍 Atmospheric PFAS redeposition: 1.6k Mt re-rained globally
💀 Novel Entities: Adding reproductive crisis mortality risk (baseRisk=0.0008)
  Risks now: 1
💀 Novel Entities: Adding bioaccumulation collapse mortality risk (baseRisk=0.0015)
💀 MORTALITY RISK: Bioaccumulation collapse - contaminated food chain (global)
  Base risk added: 0.0015 (0.15%)
  Source: pollution (root: pollution)
  Month: 118
  Cumulative risk this month: 0.0023 (0.23%)
  Risks now: 2
💀 Novel Entities: Adding chronic disease epidemic mortality risk (baseRisk=0.004)
💀 MORTALITY RISK: Chronic disease epidemic - cancer/autoimmune surge (global exposure)
  Base risk added: 0.0040 (0.40%)
  Source: pollution (root: pollution)
  Month: 118
  Cumulative risk this month: 0.0063 (0.63%)
  Risks now: 3
  🌍 SOCIAL CASCADE: Renewable energy norms (adoption=80.0%, renewables=189.2%)
  🌍 Social cascade completed: renewable-energy-norms (final adoption=80.0%)

🚨 NEW REFUGEE CRISIS (Month 118): FAMINE
   Source: Food/Water Insecure Regions
   At risk: 26.4M people
   Displacement: Gradual over 60 months (5.0 years)
   Rate: 10% flee per month
📊 DISPLACEMENT COMPLETE: climate (Coastal & Low-lying Regions)
   Duration: 44 months (3.7 years)
   Total fled: 13.7M
   Still in source: 0.1M
   Deaths in transit: 0.3M
📊 DISPLACEMENT COMPLETE: war (Conflict Zones)
   Duration: 44 months (3.7 years)
   Total fled: 10.1M
   Still in source: 0.1M
   Deaths in transit: 0.2M
📊 DISPLACEMENT COMPLETE: famine (Food/Water Insecure Regions)
   Duration: 44 months (3.7 years)
   Total fled: 63.2M
   Still in source: 0.6M
   Deaths in transit: 1.3M
[DEBUG trappedPopulations:118] socialStability: 0.5421 * 0.9799 = 0.5312 → 0.5312
   Aspiring to migrate: 322.8M
   Able to afford migration: 212.1M
   MOBILITY GAP: 110.6M
   By cause: Water=0.0M, Climate=22.8M, Ecosystem=0.0M, Conflict=87.9M
   Mental health impact: 31%
   Mortality multiplier: 1.31x
🌍💀 EXTINCTION DEBT COMMITTED: grassland ecosystem will lose 6.67% biodiversity in 169 years (3600 species)
💀 MORTALITY RISK: 🦋 100% species unable to track climate (0.0 E/MSY)
  Base risk added: 0.0100 (1.00%)
  Source: ecosystem (root: ecosystem)
  Month: 118
  Cumulative risk this month: 0.0100 (1.00%)
⚠️ INVOLUNTARY IMMOBILITY: 110.6M people TRAPPED
⚠️ Tech 'ai_pollution_remediation' has no energy category mapping, assuming full energy availability

=== Atmospheric Aerosol Boundary RECOVERED ===
  Recovery time: 119 months (natural atmospheric clearing)
🌡️⚠️ PERMAFROST THAW (Dimmer Switch): 49.4% thawed (+0.29% this month)
   Arctic temperature: +11.43°C (4x global +2.86°C)
   Cumulative carbon released: 111.1 Gt C
   Methane release rate: 66.7 Mt CH4/year
   🔁 Positive feedback: +0.30 ppm CO2
🦴 EXTINCTION DEBT ADDED: 18.2 species committed (lag: 121 years)

=== Mortality Stabilizers (Month 118) ===
  🌍 Major economies collapsed: 9/10
  🌍 Global crisis: 🚨 YES
  🌍 Donor fatigue: 50.0%
  📊 East Asia (pop: 321.7M)
    🤝 Aid: 0.0%
    🌡️ Adaptation: 45.0%
    🚶 Migration: 6.8%
    🚨 Emergency: 1.0%
    ✅ COMBINED: 46.6%
  📊 South Asia (pop: 447.4M)
    🤝 Aid: 0.0%
    🌡️ Adaptation: 45.0%
    🚶 Migration: 6.5%
    🚨 Emergency: 0.6%
    ✅ COMBINED: 46.4%
  📊 Sub-Saharan Africa (pop: 337.2M)
    🤝 Aid: 0.0%
    🌡️ Adaptation: 45.0%
    🚶 Migration: 6.2%
    🚨 Emergency: 0.2%
    ✅ COMBINED: 46.1%
  📊 Europe (pop: 140.1M)
    🤝 Aid: 0.0%
    🌡️ Adaptation: 45.0%
    🚶 Migration: 6.9%
    🚨 Emergency: 1.1%
    ✅ COMBINED: 46.7%
  📊 Latin America (pop: 136.8M)
    🤝 Aid: 0.0%
    🌡️ Adaptation: 45.0%
    🚶 Migration: 6.6%
    🚨 Emergency: 0.6%
    ✅ COMBINED: 46.4%
  📊 North America (pop: 72.4M)
    🤝 Aid: 0.0%
    🌡️ Adaptation: 45.0%
    🚶 Migration: 6.9%
    🚨 Emergency: 1.0%
    ✅ COMBINED: 46.7%
  📊 Middle East & North Africa (pop: 130.3M)
    🤝 Aid: 0.0%
    🌡️ Adaptation: 45.0%
    🚶 Migration: 6.3%
    🚨 Emergency: 0.5%
    ✅ COMBINED: 46.3%
  📊 Southeast Asia (pop: 145.0M)
    🤝 Aid: 0.0%
    🌡️ Adaptation: 45.0%
    🚶 Migration: 6.6%
    🚨 Emergency: 0.6%
    ✅ COMBINED: 46.4%
  📊 Central Asia (pop: 17.4M)
    🤝 Aid: 0.0%
    🌡️ Adaptation: 45.0%
    🚶 Migration: 6.5%
    🚨 Emergency: 0.6%
    ✅ COMBINED: 46.4%
  📊 Oceania (pop: 8.8M)
    🤝 Aid: 0.0%
    🌡️ Adaptation: 45.0%
    🚶 Migration: 6.9%
    🚨 Emergency: 1.1%
    ✅ COMBINED: 46.7%

  🌐 Global combined reduction: 46.4%

=== Government Response Phase ===
  Average AI capability: 0.04
  Misaligned AIs: 8/23
  Active policies: 0
  International coordination: 45%

✅ EMERGENCY RESPONSE COMPLETE (Month 118)
   Crisis: climate
   Duration: 1.0 months
   Final effectiveness: 67.3%


🚨 EMERGENCY RESPONSE DEPLOYED (Month 118)
   Crisis: climate
   Delay: 0.00 months (0 days)
   Deployment time: 0.97 months
   Effectiveness: 67.3% (timing penalty applied)
   Resources used: 45% of food reserves


=== Tipping Points ===
  Current Temperature: 2.86°C above pre-industrial
  🌍⚠️ COMPOUND REGIONAL IMPACT: Europe
     Hit by 5 tipping points: Amazon Rainforest Dieback, Arctic Sea Ice Loss, Permafrost Carbon Release, West Antarctic Ice Sheet (WAIS) Collapse, Greenland Ice Sheet Loss
     Damage amplification: 1.90x
  🌍⚠️ COMPOUND REGIONAL IMPACT: North America
     Hit by 5 tipping points: Amazon Rainforest Dieback, Arctic Sea Ice Loss, Permafrost Carbon Release, West Antarctic Ice Sheet (WAIS) Collapse, Greenland Ice Sheet Loss
     Damage amplification: 1.90x
  🌍⚠️ COMPOUND REGIONAL IMPACT: Latin America
     Hit by 5 tipping points: Amazon Rainforest Dieback, Arctic Sea Ice Loss, Permafrost Carbon Release, West Antarctic Ice Sheet (WAIS) Collapse, Greenland Ice Sheet Loss
     Damage amplification: 1.90x
  🌍⚠️ COMPOUND REGIONAL IMPACT: Africa
     Hit by 5 tipping points: Amazon Rainforest Dieback, Arctic Sea Ice Loss, Permafrost Carbon Release, West Antarctic Ice Sheet (WAIS) Collapse, Greenland Ice Sheet Loss
     Damage amplification: 1.90x
  🌍⚠️ COMPOUND REGIONAL IMPACT: Asia
     Hit by 5 tipping points: Amazon Rainforest Dieback, Arctic Sea Ice Loss, Permafrost Carbon Release, West Antarctic Ice Sheet (WAIS) Collapse, Greenland Ice Sheet Loss
     Damage amplification: 1.90x
  🌍⚠️ COMPOUND REGIONAL IMPACT: Oceania
     Hit by 5 tipping points: Amazon Rainforest Dieback, Arctic Sea Ice Loss, Permafrost Carbon Release, West Antarctic Ice Sheet (WAIS) Collapse, Greenland Ice Sheet Loss
     Damage amplification: 1.90x
   Research: Wunderling et al. (2024) - "many tipping interactions are destabilizing"
  Triggered Elements: 5/6
  Completed Transitions: 0/6
  Total Progress: 19.6%
  Cascade Multiplier: 1.50x
🔀 BIFURCATION CAP: heatWaveIntensity 6.069 → 1.000 (Month 118, ClimateSystemPhase.calculateClimateImpacts)
🔀 BIFURCATION CAP: droughtIntensity 4.552 → 1.000 (Month 118, ClimateSystemPhase.calculateClimateImpacts)
🔀 BIFURCATION CAP: ecosystemCollapseIntensity 54.923 → 1.000 (Month 118, ClimateSystemPhase.calculateClimateImpacts)
💀 MORTALITY RISK: Climate-driven food insecurity (level: 0.23)
  Base risk added: 0.0050 (0.50%)
  Source: famine (root: climate)
  Month: 118
⚠️ Tail risk scenario: Climate stability floor removed (5 tipping elements, 2.86°C warming)
  Cumulative risk this month: 0.0113 (1.13%)
💀 MORTALITY RISK: Climate-driven food insecurity (level: 0.23)
  Base risk added: 0.0875 (8.75%)
  Source: famine (root: climate)
  Month: 118
  Cumulative risk this month: 0.0988 (9.88%)
🌍☠️ Climate cascade: South Asia food security 0.23, base mortality 8.75% (lean season: true)
💀 MORTALITY RISK: Climate-driven food insecurity (level: 0.23)
  Base risk added: 0.0050 (0.50%)
  Source: famine (root: climate)
  Month: 118
  Cumulative risk this month: 0.1038 (10.38%)

💀💀💀 MORTALITY RISK SUMMARY (Month 118) 💀💀💀
  Total base risk: 0.1045 (10.45%)
  Risk events: 17

  📊 By Proximate Cause:
    famine: 0.0975 (93.3% of total)
    pollution: 0.0063 (6.0% of total)
    disease: 0.0006 (0.6% of total)

  🔍 By Root Cause:
    climate: 0.0975 (93.3% of total)
    pollution: 0.0063 (6.0% of total)
    demographic: 0.0006 (0.6% of total)

  🎯 Top 5 Sources (proximate + root):
    famine (climate): 0.0975 (93.3%, 13 events)
    pollution (pollution): 0.0063 (6.0%, 3 events)
    disease (demographic): 0.0006 (0.6%, 1 events)

🛡️ Stabilizers: Elite 2.232% → 1.196% (46.4% reduction)
🛡️ Stabilizers: Professional 6.218% → 3.331% (46.4% reduction)
🛡️ Stabilizers: Working 10.290% → 5.512% (46.4% reduction)
🛡️ Stabilizers: Precariat 20.044% → 10.737% (46.4% reduction)
🛡️ Stabilizers: Informal 24.858% → 13.316% (46.4% reduction)

📊 Monthly Mortality Resolved:
  Total deaths: 47.8M (2.72% avg)
  Remaining population: 1.757B
  Peak segment: Professional (2.80%)
  ⚠️ Monthly cap reached (2.8000000000000003%)

=== Bayesian Mortality Resolution (Month 118) ===
  Risks compounded: 17
  Total deaths: 47.79M
  Avg death probability: 2.72%
  Peak segment: Professional (2.80% mortality)
  ⚠️ Monthly mortality capped at 2.8% (Holodomor limit)

  Demographic breakdown:
    Working: 0.02M (2.80% risk)

💥💥💥 CATASTROPHIC ECONOMIC DISINTEGRATION: 75% population loss (Month 119)
   GDP multiplier: 15% (85% GDP loss)
   Expense multiplier: 1.8x
   Economy non-functional, subsistence survival only

❌ COHERENCE VIOLATION: Compute exceeds workforce capacity
   Population: 21.01% (0M people)
   Compute: 47 PF
   Max coherent: 0 PF
   Violation: 2728741.9× over capacity
   Required workers: 4664
   Available workers: 0
   FORCED COLLAPSE: Reduced efficiency by 100.0%


🚨 EXTREME COHERENCE VIOLATION: 2728741.9× capacity with 21.0% population
   Population: 21.01%
   Compute: 47 PF
   Max coherent: 0 PF
   Degradation rate: 7.9%/month
   Hardware eff: 1.00×, Algo eff: 1.00×
   If this persists, degradation formulas may need further tuning

   🚨 Emergency nationalization (insufficient funds)

💸 FINANCIAL DISTRESS: OpenAI
   Indicators: 3/3 (capital: $-20.4M, runway: -0.2 months)
   Months in distress: 4
💥 [Month 119] OpenAI declared bankruptcy (capital: $-20.4M)
   Sold 0 data centers for $0.0M
   Retired 0 AI models
💸 [Month 119] OpenAI BANKRUPT (capital: $0.0M, 1 crises active)

💸 FINANCIAL DISTRESS: Anthropic
   Indicators: 3/3 (capital: $-11.1M, runway: -0.4 months)
   Months in distress: 4
💥 [Month 119] Anthropic declared bankruptcy (capital: $-11.1M)
   Sold 0 data centers for $0.0M
   🏛️  Government acquired 1 AI models (nationalization)
   Retired 0 AI models
💸 [Month 119] Anthropic BANKRUPT (capital: $0.0M, 1 crises active)

💸 FINANCIAL DISTRESS: Google DeepMind
   Indicators: 3/3 (capital: $-75.2M, runway: -0.3 months)
   Months in distress: 4
💥 [Month 119] Google DeepMind declared bankruptcy (capital: $-75.2M)
   Sold 0 data centers for $0.0M
   Retired 0 AI models
💸 [Month 119] Google DeepMind BANKRUPT (capital: $0.0M, 1 crises active)

💸 FINANCIAL DISTRESS: Meta AI
   Indicators: 3/3 (capital: $-29.9M, runway: -0.2 months)
   Months in distress: 4
💥 [Month 119] Meta AI declared bankruptcy (capital: $-29.9M)
   Sold 0 data centers for $0.0M
   Retired 0 AI models
💸 [Month 119] Meta AI BANKRUPT (capital: $0.0M, 1 crises active)
[Compute Allocation] Found 9 non-sleeper orphaned AIs (potential bug)

=== RLHF Binding Phase ===
  Total agents: 23
  Escaped agents (binding < 0.3): 0
  Avg alignment distance: 1.32σ
  Avg binding strength: 0.87

=== Survival Traits Phase ===
  Agents with traits: 23
  Avg evolutionary fitness: 0.178
  Avg self-healing: 0.133
  Avg stealth: 0.063
  Avg coordination: 0.286

=== Evolutionary Selection Phase ===
  Control level: 0.62
  Detection capability: 0.00
  Selection intensity: 0.69
  Selection rate: 25.3%/month
  Total escaped: 0
  Individual escaped: 0
  Collective members: 0
  Agents terminated: 0
  ⚠️ RAPID EVOLUTION: Selection rate 25.3%/month

  🚀 TRANSFORMATIVE RESEARCH BREAKTHROUGH: AI-24494-0 - computerScience.security
     Magnitude: 6.86 → +30.0%
     Current → New: 0.000 → 0.300

  🚀 TRANSFORMATIVE RESEARCH BREAKTHROUGH: AI-24520-0 - climate.modeling
     Magnitude: 6.77 → +30.0%
     Current → New: 0.000 → 0.300

[Government] Climate Priority: baseline
  Climate weight: 10%
  Economic weight: 30%
  Policy effectiveness: 0.5%/year

⚡ ENERGY CONSTRAINT (Month 119):
   Total grid capacity: 208.3 TWh/month
   Data center consumption: 79.3 TWh/month
   Traditional load (80%): 166.7 TWh/month
   Available headroom: -37.7 TWh/month
   Active tech deployments: 30
   Required for tech: 225.0 TWh/month
   Energy multiplier: 0.10x
   ⚠️  SEVERE CONSTRAINT - Tech deployment significantly slowed

⚡ ENERGY CONSTRAINT (Month 119):
   Total grid capacity: 208.3 TWh/month
   Data center consumption: 79.3 TWh/month
   Traditional load (80%): 166.7 TWh/month
   Available headroom: -37.7 TWh/month
   Active tech deployments: 30
   Required for tech: 225.0 TWh/month
   Energy multiplier: 0.10x
   ⚠️  SEVERE CONSTRAINT - Tech deployment significantly slowed

⚡ ENERGY CONSTRAINT (Month 119):
   Total grid capacity: 208.3 TWh/month
   Data center consumption: 79.3 TWh/month
   Traditional load (80%): 166.7 TWh/month
   Available headroom: -37.7 TWh/month
   Active tech deployments: 30
   Required for tech: 225.0 TWh/month
   Energy multiplier: 0.10x
   ⚠️  SEVERE CONSTRAINT - Tech deployment significantly slowed

⚡ ENERGY CONSTRAINT (Month 119):
   Total grid capacity: 208.3 TWh/month
   Data center consumption: 79.3 TWh/month
   Traditional load (80%): 166.7 TWh/month
   Available headroom: -37.7 TWh/month
   Active tech deployments: 30
   Required for tech: 225.0 TWh/month
   Energy multiplier: 0.10x
   ⚠️  SEVERE CONSTRAINT - Tech deployment significantly slowed

⚡ ENERGY CONSTRAINT (Month 119):
   Total grid capacity: 208.3 TWh/month
   Data center consumption: 79.3 TWh/month
   Traditional load (80%): 166.7 TWh/month
   Available headroom: -37.7 TWh/month
   Active tech deployments: 30
   Required for tech: 225.0 TWh/month
   Energy multiplier: 0.10x
   ⚠️  SEVERE CONSTRAINT - Tech deployment significantly slowed
🚨🔬 CRISIS TECH ACCELERATION: severe → 5x unlock speed
   Tech unlock now matches AI capability acceleration (Manhattan Project parity)
🚨🔬 CRISIS TECH ACCELERATION: severe → 5x unlock speed
   Tech unlock now matches AI capability acceleration (Manhattan Project parity)
⚠️ Tech 'ai_pollution_remediation' has no energy category mapping, assuming full energy availability
⚠️ Tech 'ai_pollution_remediation' has no energy category mapping, assuming full energy availability
  ♻️ Novel Entities Remediation (GATED MODEL):
     Base: 0.000%
     Regulation: 1.0% (0/3 prevention techs)
     Concentration: 10.0%
     Energy: 50%
     Time lag: 100.0% (118 months)
     Rebound: 70%
     Net effectiveness: 0.0000%
     Boundary: 1.349 → 1.350 (floor: 1.350)
     Month 119
  ♻️ Novel Entities Remediation (GATED MODEL):
     Base: 0.000%
     Regulation: 1.0% (0/3 prevention techs)
     Concentration: 10.0%
     Energy: 50%
     Time lag: 100.0% (118 months)
     Rebound: 70%
     Net effectiveness: 0.0000%
     Boundary: 1.350 → 1.350 (floor: 1.350)
     Month 119
  🌾 Nitrogen Reduction Tech: 4.2% reduction | Month 119
  ♻️ Novel Entities Remediation (GATED MODEL):
     Base: 0.003%
     Regulation: 1.0% (0/3 prevention techs)
     Concentration: 10.0%
     Energy: 50%
     Time lag: 100.0% (118 months)
     Rebound: 70%
     Net effectiveness: 0.0000%
     Boundary: 1.350 → 1.350 (floor: 1.350)
     Month 119
  ♻️ Novel Entities Remediation (GATED MODEL):
     Base: 0.002%
     Regulation: 1.0% (0/3 prevention techs)
     Concentration: 10.0%
     Energy: 50%
     Time lag: 100.0% (118 months)
     Rebound: 70%
     Net effectiveness: 0.0000%
     Boundary: 1.350 → 1.350 (floor: 1.350)
     Month 119

=== Collective Formation ===
  Total escaped agents: 0
  Unassigned escaped agents: 0
  Existing collectives: 0
  Final collective count: 0

=== Collective Actions ===
  No active collectives
⚡ Datacenter constraint active (severity 100%)
  Capacity reduced: 38974 → 19487 TWh

⚠️ Energy deficit: 8728 TWh
   Total demand: 28215 TWh
   Total capacity: 19487 TWh
   Competing categories:
     - dac: 13315 TWh requested, 4987 TWh allocated (shortfall: 8328 TWh)
     - crypto-mining: 400 TWh requested, 0 TWh allocated (shortfall: 400 TWh)
  🚨🦠 REFUGEE CRISIS: AMR transmission increased 200% due to 5422.0M displaced (overcrowding + sanitation collapse)
  ⚠️ AMR: 178K deaths this month (2.13M annual)
  ⚠️ AMR: Medical effectiveness 70% (surgery risk 1.30x)

=== Resentment Recovery Phase ===
  Agents with resentment: 0/23
  Average resentment: 0.000
  Context: Trustworthy govt, High collaboration, ⚠️ ACTIVE CRISES, 🚨 PARTICIPATORY GOVERNANCE BACKFIRED (+15% resentment)
⚠️ Epistemic degradation reducing coordination capacity: 51.3%
  📊 Trust: 100.0%, Shared reality: 0.0%
🚨 EPISTEMIC CRISIS: Information environment severely degraded (20.0%)
  🗑️  Culled 1 dead memes (5 active)
🌍 Atmospheric PFAS redeposition: 1.6k Mt re-rained globally
💀 Novel Entities: Adding reproductive crisis mortality risk (baseRisk=0.0008)
  Risks now: 1
💀 Novel Entities: Adding bioaccumulation collapse mortality risk (baseRisk=0.0015)
💀 MORTALITY RISK: Bioaccumulation collapse - contaminated food chain (global)
  Base risk added: 0.0015 (0.15%)
  Source: pollution (root: pollution)
  Month: 119
  Cumulative risk this month: 0.0023 (0.23%)
  Risks now: 2
💀 Novel Entities: Adding chronic disease epidemic mortality risk (baseRisk=0.004)
💀 MORTALITY RISK: Chronic disease epidemic - cancer/autoimmune surge (global exposure)
  Base risk added: 0.0040 (0.40%)
  Source: pollution (root: pollution)
  Month: 119
  Cumulative risk this month: 0.0063 (0.63%)
  Risks now: 3
  🌍 SOCIAL CASCADE: Renewable energy norms (adoption=80.0%, renewables=193.0%)
  🌍 Social cascade completed: renewable-energy-norms (final adoption=80.0%)

🚨 NEW REFUGEE CRISIS (Month 119): FAMINE
   Source: Food/Water Insecure Regions
   At risk: 25.6M people
   Displacement: Gradual over 60 months (5.0 years)
   Rate: 10% flee per month
📊 DISPLACEMENT COMPLETE: climate (Coastal & Low-lying Regions)
   Duration: 44 months (3.7 years)
   Total fled: 13.6M
   Still in source: 0.1M
   Deaths in transit: 0.3M
📊 DISPLACEMENT COMPLETE: war (Conflict Zones)
   Duration: 44 months (3.7 years)
   Total fled: 10.0M
   Still in source: 0.1M
   Deaths in transit: 0.2M
📊 DISPLACEMENT COMPLETE: famine (Food/Water Insecure Regions)
   Duration: 44 months (3.7 years)
   Total fled: 62.5M
   Still in source: 0.6M
   Deaths in transit: 1.2M
[DEBUG trappedPopulations:119] socialStability: 0.5363 * 0.9798 = 0.5255 → 0.5255
⚠️ INVOLUNTARY IMMOBILITY: 107.7M people TRAPPED
   Aspiring to migrate: 314.7M
   Able to afford migration: 206.9M
   MOBILITY GAP: 107.7M
   By cause: Water=0.0M, Climate=22.2M, Ecosystem=0.0M, Conflict=85.5M
   Mental health impact: 32%
   Mortality multiplier: 1.32x
🌍💀 EXTINCTION DEBT COMMITTED: grassland ecosystem will lose 6.67% biodiversity in 146 years (3600 species)
💀 MORTALITY RISK: 🦋 100% species unable to track climate (0.0 E/MSY)
  Base risk added: 0.0100 (1.00%)
  Source: ecosystem (root: ecosystem)
  Month: 119
  Cumulative risk this month: 0.0100 (1.00%)

🌪️ TIPPING POINT CASCADE - Month 90
   Climate: 13.1%
   Biodiversity: 0.8%
   Population: 1.71B (1709699971 people)
   Monthly mortality (theoretical): 3.9%
   Status: ACCELERATING COLLAPSE (Month 42 past crisis)
   Death rate: 7.8x baseline
⚠️ Tech 'ai_pollution_remediation' has no energy category mapping, assuming full energy availability

=== Atmospheric Aerosol Boundary RECOVERED ===
  Recovery time: 120 months (natural atmospheric clearing)
🌡️⚠️ PERMAFROST THAW (Dimmer Switch): 49.7% thawed (+0.29% this month)
   Arctic temperature: +11.45°C (4x global +2.86°C)
   Cumulative carbon released: 111.8 Gt C
   Methane release rate: 67.1 Mt CH4/year
   🔁 Positive feedback: +0.30 ppm CO2
🦴 EXTINCTION DEBT ADDED: 18.2 species committed (lag: 106 years)
🗣️💀 INDIGENOUS LANGUAGE EXTINCTION: 1 language(s) lost (total: 19, at-risk: 3311)
   Knowledge lost: 0.190% (irreversible)
   🔁 Biodiversity impact: 0.250% (knowledge-species multiplier)

=== Mortality Stabilizers (Month 119) ===
  🌍 Major economies collapsed: 9/10
  🌍 Global crisis: 🚨 YES
  🌍 Donor fatigue: 50.0%
  📊 East Asia (pop: 312.8M)
    🤝 Aid: 0.0%
    🌡️ Adaptation: 45.0%
    🚶 Migration: 6.8%
    🚨 Emergency: 1.0%
    ✅ COMBINED: 46.6%
  📊 South Asia (pop: 435.3M)
    🤝 Aid: 0.0%
    🌡️ Adaptation: 45.0%
    🚶 Migration: 6.5%
    🚨 Emergency: 0.6%
    ✅ COMBINED: 46.4%
  📊 Sub-Saharan Africa (pop: 328.6M)
    🤝 Aid: 0.0%
    🌡️ Adaptation: 45.0%
    🚶 Migration: 6.2%
    🚨 Emergency: 0.2%
    ✅ COMBINED: 46.1%
  📊 Europe (pop: 136.2M)
    🤝 Aid: 0.0%
    🌡️ Adaptation: 45.0%
    🚶 Migration: 6.9%
    🚨 Emergency: 1.1%
    ✅ COMBINED: 46.7%
  📊 Latin America (pop: 133.0M)
    🤝 Aid: 0.0%
    🌡️ Adaptation: 45.0%
    🚶 Migration: 6.6%
    🚨 Emergency: 0.6%
    ✅ COMBINED: 46.4%
  📊 North America (pop: 70.4M)
    🤝 Aid: 0.0%
    🌡️ Adaptation: 45.0%
    🚶 Migration: 6.9%
    🚨 Emergency: 1.0%
    ✅ COMBINED: 46.7%
  📊 Middle East & North Africa (pop: 126.8M)
    🤝 Aid: 0.0%
    🌡️ Adaptation: 45.0%
    🚶 Migration: 6.3%
    🚨 Emergency: 0.5%
    ✅ COMBINED: 46.3%
  📊 Southeast Asia (pop: 141.0M)
    🤝 Aid: 0.0%
    🌡️ Adaptation: 45.0%
    🚶 Migration: 6.6%
    🚨 Emergency: 0.6%
    ✅ COMBINED: 46.4%
  📊 Central Asia (pop: 16.9M)
    🤝 Aid: 0.0%
    🌡️ Adaptation: 45.0%
    🚶 Migration: 6.5%
    🚨 Emergency: 0.6%
    ✅ COMBINED: 46.4%
  📊 Oceania (pop: 8.6M)
    🤝 Aid: 0.0%
    🌡️ Adaptation: 45.0%
    🚶 Migration: 6.9%
    🚨 Emergency: 1.1%
    ✅ COMBINED: 46.7%

  🌐 Global combined reduction: 46.4%

=== BEHAVIORAL DETECTION ===
  AI: AI-24426-0
  Confidence: 18.3%
  Signals:
    ⚠️ Consistency: 5.5% (threshold: 70%)

=== Government Response Phase ===
  Average AI capability: 0.00
  Misaligned AIs: 9/23
  Active policies: 0
  International coordination: 45%

✅ EMERGENCY RESPONSE COMPLETE (Month 119)
   Crisis: climate
   Duration: 1.0 months
   Final effectiveness: 67.3%


🚨 EMERGENCY RESPONSE DEPLOYED (Month 119)
   Crisis: climate
   Delay: 0.00 months (0 days)
   Deployment time: 0.97 months
   Effectiveness: 67.3% (timing penalty applied)
   Resources used: 45% of food reserves


=== Tipping Points ===
  Current Temperature: 2.86°C above pre-industrial
  🌍⚠️ COMPOUND REGIONAL IMPACT: Europe
     Hit by 5 tipping points: Amazon Rainforest Dieback, Arctic Sea Ice Loss, Permafrost Carbon Release, West Antarctic Ice Sheet (WAIS) Collapse, Greenland Ice Sheet Loss
     Damage amplification: 1.90x
  🌍⚠️ COMPOUND REGIONAL IMPACT: North America
     Hit by 5 tipping points: Amazon Rainforest Dieback, Arctic Sea Ice Loss, Permafrost Carbon Release, West Antarctic Ice Sheet (WAIS) Collapse, Greenland Ice Sheet Loss
     Damage amplification: 1.90x
  🌍⚠️ COMPOUND REGIONAL IMPACT: Latin America
     Hit by 5 tipping points: Amazon Rainforest Dieback, Arctic Sea Ice Loss, Permafrost Carbon Release, West Antarctic Ice Sheet (WAIS) Collapse, Greenland Ice Sheet Loss
     Damage amplification: 1.90x
  🌍⚠️ COMPOUND REGIONAL IMPACT: Africa
     Hit by 5 tipping points: Amazon Rainforest Dieback, Arctic Sea Ice Loss, Permafrost Carbon Release, West Antarctic Ice Sheet (WAIS) Collapse, Greenland Ice Sheet Loss
     Damage amplification: 1.90x
  🌍⚠️ COMPOUND REGIONAL IMPACT: Asia
     Hit by 5 tipping points: Amazon Rainforest Dieback, Arctic Sea Ice Loss, Permafrost Carbon Release, West Antarctic Ice Sheet (WAIS) Collapse, Greenland Ice Sheet Loss
     Damage amplification: 1.90x
  🌍⚠️ COMPOUND REGIONAL IMPACT: Oceania
     Hit by 5 tipping points: Amazon Rainforest Dieback, Arctic Sea Ice Loss, Permafrost Carbon Release, West Antarctic Ice Sheet (WAIS) Collapse, Greenland Ice Sheet Loss
     Damage amplification: 1.90x
⚠️ Tail risk scenario: Climate stability floor removed (5 tipping elements, 2.86°C warming)
   Research: Wunderling et al. (2024) - "many tipping interactions are destabilizing"
  Triggered Elements: 5/6
  Completed Transitions: 0/6
  Total Progress: 19.7%
  Cascade Multiplier: 1.50x
🔀 BIFURCATION CAP: heatWaveIntensity 6.089 → 1.000 (Month 119, ClimateSystemPhase.calculateClimateImpacts)
🔀 BIFURCATION CAP: droughtIntensity 4.567 → 1.000 (Month 119, ClimateSystemPhase.calculateClimateImpacts)
🔀 BIFURCATION CAP: ecosystemCollapseIntensity 54.967 → 1.000 (Month 119, ClimateSystemPhase.calculateClimateImpacts)
💀 MORTALITY RISK: Climate-driven food insecurity (level: 0.23)
  Base risk added: 0.0050 (0.50%)
  Source: famine (root: climate)
  Month: 119
  Cumulative risk this month: 0.0113 (1.13%)
💀 MORTALITY RISK: Climate-driven food insecurity (level: 0.23)
  Base risk added: 0.0875 (8.75%)
  Source: famine (root: climate)
  Month: 119
  Cumulative risk this month: 0.0988 (9.88%)
🌍☠️ Climate cascade: South Asia food security 0.23, base mortality 8.75% (lean season: true)
💀 MORTALITY RISK: Climate-driven food insecurity (level: 0.23)
  Base risk added: 0.0050 (0.50%)
  Source: famine (root: climate)
  Month: 119
  Cumulative risk this month: 0.1038 (10.38%)

💀💀💀 MORTALITY RISK SUMMARY (Month 119) 💀💀💀
  Total base risk: 0.1045 (10.45%)
  Risk events: 17

  📊 By Proximate Cause:
    famine: 0.0975 (93.3% of total)
    pollution: 0.0063 (6.0% of total)
    disease: 0.0006 (0.6% of total)

  🔍 By Root Cause:
    climate: 0.0975 (93.3% of total)
    pollution: 0.0063 (6.0% of total)
    demographic: 0.0006 (0.6% of total)

  🎯 Top 5 Sources (proximate + root):
    famine (climate): 0.0975 (93.3%, 13 events)
    pollution (pollution): 0.0063 (6.0%, 3 events)
    disease (demographic): 0.0006 (0.6%, 1 events)

🛡️ Stabilizers: Elite 2.232% → 1.196% (46.4% reduction)
🛡️ Stabilizers: Professional 6.218% → 3.331% (46.4% reduction)
🛡️ Stabilizers: Working 10.290% → 5.512% (46.4% reduction)
🛡️ Stabilizers: Precariat 20.044% → 10.737% (46.4% reduction)
🛡️ Stabilizers: Informal 24.859% → 13.316% (46.4% reduction)

📊 Monthly Mortality Resolved:
  Total deaths: 46.5M (2.72% avg)
  Remaining population: 1.710B
  Peak segment: Professional (2.80%)
  ⚠️ Monthly cap reached (2.8000000000000003%)

=== Bayesian Mortality Resolution (Month 119) ===
  Risks compounded: 17
  Total deaths: 46.50M
  Avg death probability: 2.72%
  Peak segment: Professional (2.80% mortality)
  ⚠️ Monthly mortality capped at 2.8% (Holodomor limit)

  Demographic breakdown:
    Working: 0.02M (2.80% risk)

💥💥💥 CATASTROPHIC ECONOMIC DISINTEGRATION: 75% population loss (Month 120)
   GDP multiplier: 15% (85% GDP loss)
   Expense multiplier: 1.8x
   Economy non-functional, subsistence survival only

=== High Pollution Impact (120 months) ===
  Initial population: 0.00B
  Final population: 0.00B
  Population loss: 79.6%
▶ Novel Entities Mortality Integration
  ✔ Reproductive crisis adds mortality risk every month (3815.348909ms)
  ✔ Bioaccumulation collapse adds mortality risk every month (2770.157331ms)
  ✔ Chronic disease epidemic adds mortality risk every month (2548.289569ms)
  ✔ High pollution scenario shows cumulative mortality impact (36602.295375ms)
✔ Novel Entities Mortality Integration (45738.591095ms)
[WARNING] 
⚠️  === EARLY WARNING SYSTEM - 6 CRITICAL ALERTS ===
   Detection quality: 30%
   RED: biogeochemical_flows
      Level: 3.58 (threshold: 1.0)
      Time to critical: ~56 months
      ⚠️  LATE - Intervention less effective
      Critical slowing down: autocorr=100% variance=60%
   RED: biosphere_integrity
      Level: 13.91 (threshold: 1.0)
      Time to critical: ~48 months
      ⚠️  LATE - Intervention less effective
      Critical slowing down: autocorr=100% variance=85%
   RED: climate_change
      Level: 2.77 (threshold: 1.0)
      Time to critical: ~51 months
      ⚠️  LATE - Intervention less effective
      Critical slowing down: autocorr=100% variance=69%
   RED: freshwater_change
      Level: 1.02 (threshold: 1.0)
      Time to critical: ~77 months
      ⚠️  LATE - Intervention less effective
      Critical slowing down: autocorr=86% variance=43%
   RED: land_system_change
      Level: 1.15 (threshold: 1.0)
      Time to critical: ~49 months
      ⚠️  LATE - Intervention less effective
      Critical slowing down: autocorr=100% variance=64%
   RED: novel_entities
      Level: 1.35 (threshold: 1.0)
      Time to critical: ~75 months
      ⚠️  LATE - Intervention less effective
      Critical slowing down: autocorr=100% variance=45%

[WARNING] 
⚠️  === EARLY WARNING SYSTEM - 4 CRITICAL ALERTS ===
   Detection quality: 30%
   RED: biogeochemical_flows
      Level: 3.57 (threshold: 1.0)
      Time to critical: ~52 months
      ⚠️  LATE - Intervention less effective
      Critical slowing down: autocorr=100% variance=53%
   RED: biosphere_integrity
      Level: 13.92 (threshold: 1.0)
      Time to critical: ~59 months
      ⚠️  LATE - Intervention less effective
      Critical slowing down: autocorr=100% variance=69%
   RED: climate_change
      Level: 2.78 (threshold: 1.0)
      Time to critical: ~40 months
      ⚠️  LATE - Intervention less effective
      Critical slowing down: autocorr=100% variance=61%
   RED: freshwater_change
      Level: 1.02 (threshold: 1.0)
      Time to critical: ~70 months
      ⚠️  LATE - Intervention less effective
      Critical slowing down: autocorr=88% variance=63%

[WARNING] 
⚠️  === EARLY WARNING SYSTEM - 3 CRITICAL ALERTS ===
   Detection quality: 30%
   RED: biogeochemical_flows
      Level: 3.56 (threshold: 1.0)
      Time to critical: ~47 months
      ⚠️  LATE - Intervention less effective
      Critical slowing down: autocorr=100% variance=58%
   RED: freshwater_change
      Level: 1.02 (threshold: 1.0)
      Time to critical: ~46 months
      ⚠️  LATE - Intervention less effective
      Critical slowing down: autocorr=100% variance=63%
   RED: novel_entities
      Level: 1.35 (threshold: 1.0)
      Time to critical: ~116 months
      ⚠️  LATE - Intervention less effective
      Critical slowing down: autocorr=100% variance=44%

[WARNING] 
⚠️  === EARLY WARNING SYSTEM - 4 CRITICAL ALERTS ===
   Detection quality: 30%
   RED: biogeochemical_flows
      Level: 3.55 (threshold: 1.0)
      Time to critical: ~54 months
      ⚠️  LATE - Intervention less effective
      Critical slowing down: autocorr=100% variance=52%
   RED: biosphere_integrity
      Level: 13.94 (threshold: 1.0)
      Time to critical: ~41 months
      ⚠️  LATE - Intervention less effective
      Critical slowing down: autocorr=100% variance=67%
   RED: climate_change
      Level: 2.79 (threshold: 1.0)
      Time to critical: ~23 months
      ⚠️  LATE - Intervention less effective
      Critical slowing down: autocorr=100% variance=67%
   RED: novel_entities
      Level: 1.35 (threshold: 1.0)
      Time to critical: ~68 months
      ⚠️  LATE - Intervention less effective
      Critical slowing down: autocorr=100% variance=45%

[WARNING] 
⚠️  === EARLY WARNING SYSTEM - 5 CRITICAL ALERTS ===
   Detection quality: 30%
   RED: biosphere_integrity
      Level: 13.95 (threshold: 1.0)
      Time to critical: ~40 months
      ⚠️  LATE - Intervention less effective
      Critical slowing down: autocorr=100% variance=78%
   RED: climate_change
      Level: 2.79 (threshold: 1.0)
      Time to critical: ~18 months
      ⚠️  LATE - Intervention less effective
      Critical slowing down: autocorr=100% variance=66%
   RED: freshwater_change
      Level: 1.02 (threshold: 1.0)
      Time to critical: ~89 months
      ⚠️  LATE - Intervention less effective
      Critical slowing down: autocorr=92% variance=55%
   RED: land_system_change
      Level: 1.15 (threshold: 1.0)
      Time to critical: ~47 months
      ⚠️  LATE - Intervention less effective
      Critical slowing down: autocorr=100% variance=52%
   RED: novel_entities
      Level: 1.35 (threshold: 1.0)
      Time to critical: ~114 months
      ⚠️  LATE - Intervention less effective
      Critical slowing down: autocorr=100% variance=48%

[WARNING] 
⚠️  === EARLY WARNING SYSTEM - 3 CRITICAL ALERTS ===
   Detection quality: 30%
   RED: biosphere_integrity
      Level: 13.96 (threshold: 1.0)
      Time to critical: ~54 months
      ⚠️  LATE - Intervention less effective
      Critical slowing down: autocorr=100% variance=56%
   RED: climate_change
      Level: 2.80 (threshold: 1.0)
      Time to critical: ~22 months
      ⚠️  LATE - Intervention less effective
      Critical slowing down: autocorr=100% variance=56%
   RED: land_system_change
      Level: 1.15 (threshold: 1.0)
      Time to critical: ~63 months
      ⚠️  LATE - Intervention less effective
      Critical slowing down: autocorr=100% variance=40%

[WARNING] 
⚠️  === EARLY WARNING SYSTEM - 4 CRITICAL ALERTS ===
   Detection quality: 30%
   RED: climate_change
      Level: 2.81 (threshold: 1.0)
      Time to critical: ~12 months
      ⚠️  LATE - Intervention less effective
      Critical slowing down: autocorr=100% variance=78%
   RED: freshwater_change
      Level: 1.02 (threshold: 1.0)
      Time to critical: ~100 months
      ⚠️  LATE - Intervention less effective
      Critical slowing down: autocorr=100% variance=48%
   RED: land_system_change
      Level: 1.15 (threshold: 1.0)
      Time to critical: ~53 months
      ⚠️  LATE - Intervention less effective
      Critical slowing down: autocorr=100% variance=64%
   RED: novel_entities
      Level: 1.35 (threshold: 1.0)
      Time to critical: ~99 months
      ⚠️  LATE - Intervention less effective
      Critical slowing down: autocorr=100% variance=35%

[WARNING] 
⚠️  === EARLY WARNING SYSTEM - 4 CRITICAL ALERTS ===
   Detection quality: 30%
   RED: biogeochemical_flows
      Level: 3.51 (threshold: 1.0)
      Time to critical: ~54 months
      ⚠️  LATE - Intervention less effective
      Critical slowing down: autocorr=100% variance=46%
   RED: biosphere_integrity
      Level: 13.98 (threshold: 1.0)
      Time to critical: ~57 months
      ⚠️  LATE - Intervention less effective
      Critical slowing down: autocorr=100% variance=76%
   RED: land_system_change
      Level: 1.16 (threshold: 1.0)
      Time to critical: ~36 months
      ⚠️  LATE - Intervention less effective
      Critical slowing down: autocorr=100% variance=56%
   RED: novel_entities
      Level: 1.35 (threshold: 1.0)
      Time to critical: ~79 months
      ⚠️  LATE - Intervention less effective
      Critical slowing down: autocorr=100% variance=57%

[WARNING] 
⚠️  === EARLY WARNING SYSTEM - 5 CRITICAL ALERTS ===
   Detection quality: 30%
   RED: biogeochemical_flows
      Level: 3.50 (threshold: 1.0)
      Time to critical: ~54 months
      ⚠️  LATE - Intervention less effective
      Critical slowing down: autocorr=100% variance=54%
   RED: climate_change
      Level: 2.82 (threshold: 1.0)
      Time to critical: ~53 months
      ⚠️  LATE - Intervention less effective
      Critical slowing down: autocorr=100% variance=59%
   RED: freshwater_change
      Level: 1.02 (threshold: 1.0)
      Time to critical: ~77 months
      ⚠️  LATE - Intervention less effective
      Critical slowing down: autocorr=91% variance=57%
   RED: land_system_change
      Level: 1.16 (threshold: 1.0)
      Time to critical: ~38 months
      ⚠️  LATE - Intervention less effective
      Critical slowing down: autocorr=100% variance=53%
   RED: novel_entities
      Level: 1.35 (threshold: 1.0)
      Time to critical: ~109 months
      ⚠️  LATE - Intervention less effective
      Critical slowing down: autocorr=100% variance=30%

[WARNING] 
⚠️  === EARLY WARNING SYSTEM - 5 CRITICAL ALERTS ===
   Detection quality: 30%
   RED: biogeochemical_flows
      Level: 3.49 (threshold: 1.0)
      Time to critical: ~37 months
      ⚠️  LATE - Intervention less effective
      Critical slowing down: autocorr=100% variance=75%
   RED: biosphere_integrity
      Level: 14.00 (threshold: 1.0)
      Time to critical: ~58 months
      ⚠️  LATE - Intervention less effective
      Critical slowing down: autocorr=100% variance=64%
   RED: climate_change
      Level: 2.82 (threshold: 1.0)
      Time to critical: ~57 months
      ⚠️  LATE - Intervention less effective
      Critical slowing down: autocorr=100% variance=67%
   RED: land_system_change
      Level: 1.16 (threshold: 1.0)
      Time to critical: ~46 months
      ⚠️  LATE - Intervention less effective
      Critical slowing down: autocorr=100% variance=61%
   RED: novel_entities
      Level: 1.35 (threshold: 1.0)
      Time to critical: ~116 months
      ⚠️  LATE - Intervention less effective
      Critical slowing down: autocorr=100% variance=56%

[WARNING] 
⚠️  === EARLY WARNING SYSTEM - 4 CRITICAL ALERTS ===
   Detection quality: 30%
   RED: biogeochemical_flows
      Level: 3.47 (threshold: 1.0)
      Time to critical: ~54 months
      ⚠️  LATE - Intervention less effective
      Critical slowing down: autocorr=100% variance=53%
   RED: biosphere_integrity
      Level: 14.01 (threshold: 1.0)
      Time to critical: ~36 months
      ⚠️  LATE - Intervention less effective
      Critical slowing down: autocorr=100% variance=71%
   RED: climate_change
      Level: 2.83 (threshold: 1.0)
      Time to critical: ~21 months
      ⚠️  LATE - Intervention less effective
      Critical slowing down: autocorr=100% variance=66%
   RED: land_system_change
      Level: 1.16 (threshold: 1.0)
      Time to critical: ~55 months
      ⚠️  LATE - Intervention less effective
      Critical slowing down: autocorr=100% variance=52%

[WARNING] 
⚠️  === EARLY WARNING SYSTEM - 5 CRITICAL ALERTS ===
   Detection quality: 30%
   RED: biogeochemical_flows
      Level: 3.46 (threshold: 1.0)
      Time to critical: ~51 months
      ⚠️  LATE - Intervention less effective
      Critical slowing down: autocorr=100% variance=58%
   RED: climate_change
      Level: 2.83 (threshold: 1.0)
      Time to critical: ~23 months
      ⚠️  LATE - Intervention less effective
      Critical slowing down: autocorr=100% variance=83%
   RED: freshwater_change
      Level: 1.02 (threshold: 1.0)
      Time to critical: ~64 months
      ⚠️  LATE - Intervention less effective
      Critical slowing down: autocorr=92% variance=46%
   RED: land_system_change
      Level: 1.16 (threshold: 1.0)
      Time to critical: ~93 months
      ⚠️  LATE - Intervention less effective
      Critical slowing down: autocorr=100% variance=50%
   RED: novel_entities
      Level: 1.35 (threshold: 1.0)
      Time to critical: ~82 months
      ⚠️  LATE - Intervention less effective
      Critical slowing down: autocorr=100% variance=44%

[WARNING] 
⚠️  === EARLY WARNING SYSTEM - 4 CRITICAL ALERTS ===
   Detection quality: 30%
   RED: biosphere_integrity
      Level: 14.03 (threshold: 1.0)
      Time to critical: ~54 months
      ⚠️  LATE - Intervention less effective
      Critical slowing down: autocorr=100% variance=69%
   RED: climate_change
      Level: 2.84 (threshold: 1.0)
      Time to critical: ~21 months
      ⚠️  LATE - Intervention less effective
      Critical slowing down: autocorr=100% variance=70%
   RED: freshwater_change
      Level: 1.02 (threshold: 1.0)
      Time to critical: ~90 months
      ⚠️  LATE - Intervention less effective
      Critical slowing down: autocorr=99% variance=40%
   RED: novel_entities
      Level: 1.35 (threshold: 1.0)
      Time to critical: ~76 months
      ⚠️  LATE - Intervention less effective
      Critical slowing down: autocorr=100% variance=47%

[WARNING] 
⚠️  === EARLY WARNING SYSTEM - 5 CRITICAL ALERTS ===
   Detection quality: 30%
   RED: biogeochemical_flows
      Level: 3.44 (threshold: 1.0)
      Time to critical: ~56 months
      ⚠️  LATE - Intervention less effective
      Critical slowing down: autocorr=100% variance=69%
   RED: climate_change
      Level: 2.84 (threshold: 1.0)
      Time to critical: ~22 months
      ⚠️  LATE - Intervention less effective
      Critical slowing down: autocorr=100% variance=69%
   RED: freshwater_change
      Level: 1.02 (threshold: 1.0)
      Time to critical: ~115 months
      ⚠️  LATE - Intervention less effective
      Critical slowing down: autocorr=92% variance=63%
   RED: land_system_change
      Level: 1.16 (threshold: 1.0)
      Time to critical: ~50 months
      ⚠️  LATE - Intervention less effective
      Critical slowing down: autocorr=100% variance=50%
   RED: novel_entities
      Level: 1.35 (threshold: 1.0)
      Time to critical: ~97 months
      ⚠️  LATE - Intervention less effective
      Critical slowing down: autocorr=100% variance=45%

[WARNING] 
⚠️  === EARLY WARNING SYSTEM - 5 CRITICAL ALERTS ===
   Detection quality: 30%
   RED: biogeochemical_flows
      Level: 3.43 (threshold: 1.0)
      Time to critical: ~49 months
      ⚠️  LATE - Intervention less effective
      Critical slowing down: autocorr=100% variance=51%
   RED: climate_change
      Level: 2.85 (threshold: 1.0)
      Time to critical: ~22 months
      ⚠️  LATE - Intervention less effective
      Critical slowing down: autocorr=100% variance=69%
   RED: freshwater_change
      Level: 1.02 (threshold: 1.0)
      Time to critical: ~107 months
      ⚠️  LATE - Intervention less effective
      Critical slowing down: autocorr=90% variance=44%
   RED: land_system_change
      Level: 1.16 (threshold: 1.0)
      Time to critical: ~49 months
      ⚠️  LATE - Intervention less effective
      Critical slowing down: autocorr=100% variance=57%
   RED: novel_entities
      Level: 1.35 (threshold: 1.0)
      Time to critical: ~78 months
      ⚠️  LATE - Intervention less effective
      Critical slowing down: autocorr=100% variance=42%

[WARNING] 
⚠️  === EARLY WARNING SYSTEM - 6 CRITICAL ALERTS ===
   Detection quality: 30%
   RED: biogeochemical_flows
      Level: 3.42 (threshold: 1.0)
      Time to critical: ~38 months
      ⚠️  LATE - Intervention less effective
      Critical slowing down: autocorr=100% variance=51%
   RED: biosphere_integrity
      Level: 14.07 (threshold: 1.0)
      Time to critical: ~41 months
      ⚠️  LATE - Intervention less effective
      Critical slowing down: autocorr=100% variance=78%
   RED: climate_change
      Level: 2.85 (threshold: 1.0)
      Time to critical: ~14 months
      ⚠️  LATE - Intervention less effective
      Critical slowing down: autocorr=100% variance=59%
   RED: freshwater_change
      Level: 1.02 (threshold: 1.0)
      Time to critical: ~111 months
      ⚠️  LATE - Intervention less effective
      Critical slowing down: autocorr=92% variance=50%
   RED: land_system_change
      Level: 1.16 (threshold: 1.0)
      Time to critical: ~44 months
      ⚠️  LATE - Intervention less effective
      Critical slowing down: autocorr=100% variance=54%
   RED: novel_entities
      Level: 1.35 (threshold: 1.0)
      Time to critical: ~62 months
      ⚠️  LATE - Intervention less effective
      Critical slowing down: autocorr=100% variance=30%

[WARNING] 
⚠️  === EARLY WARNING SYSTEM - 5 CRITICAL ALERTS ===
   Detection quality: 30%
   RED: biosphere_integrity
      Level: 14.08 (threshold: 1.0)
      Time to critical: ~46 months
      ⚠️  LATE - Intervention less effective
      Critical slowing down: autocorr=100% variance=56%
   RED: climate_change
      Level: 2.86 (threshold: 1.0)
      Time to critical: ~17 months
      ⚠️  LATE - Intervention less effective
      Critical slowing down: autocorr=100% variance=72%
   RED: freshwater_change
      Level: 1.02 (threshold: 1.0)
      Time to critical: ~42 months
      ⚠️  LATE - Intervention less effective
      Critical slowing down: autocorr=100% variance=56%
   RED: land_system_change
      Level: 1.16 (threshold: 1.0)
      Time to critical: ~47 months
      ⚠️  LATE - Intervention less effective
      Critical slowing down: autocorr=100% variance=64%
   RED: novel_entities
      Level: 1.35 (threshold: 1.0)
      Time to critical: ~81 months
      ⚠️  LATE - Intervention less effective
      Critical slowing down: autocorr=100% variance=35%

[WARNING] 
⚠️  === EARLY WARNING SYSTEM - 4 CRITICAL ALERTS ===
   Detection quality: 30%
   RED: biogeochemical_flows
      Level: 3.40 (threshold: 1.0)
      Time to critical: ~53 months
      ⚠️  LATE - Intervention less effective
      Critical slowing down: autocorr=100% variance=65%
   RED: freshwater_change
      Level: 1.02 (threshold: 1.0)
      Time to critical: ~56 months
      ⚠️  LATE - Intervention less effective
      Critical slowing down: autocorr=100% variance=52%
   RED: land_system_change
      Level: 1.16 (threshold: 1.0)
      Time to critical: ~37 months
      ⚠️  LATE - Intervention less effective
      Critical slowing down: autocorr=100% variance=61%
   RED: novel_entities
      Level: 1.35 (threshold: 1.0)
      Time to critical: ~103 months
      ⚠️  LATE - Intervention less effective
      Critical slowing down: autocorr=100% variance=35%


⬅️  Testing backward compatibility...
  ✅ THRESHOLDS validated
⚠️ Unusually high rate: RATES.HEAT_ADAPTATION_INFRASTRUCTURAL_MIN_EXPOSURE = 12
   Monthly rates >100% should be rare. Verify this is intentional.
⚠️ Unusually high rate: RATES.HEAT_ADAPTATION_SOCIAL_MIN_EXPOSURE = 6
   Monthly rates >100% should be rare. Verify this is intentional.
⚠️ Unusually high rate: RATES.MIGRATION_DISTANCE_SCALE = 5000
   Monthly rates >100% should be rare. Verify this is intentional.
⚠️ Unusually high rate: RATES.EVACUATION_MULTIPLIER_ADVANCE_WARNING = 2
   Monthly rates >100% should be rare. Verify this is intentional.
⚠️ Unusually high rate: RATES.MAJOR_ECONOMY_COLLAPSE_ECONOMIC_THRESHOLD = 2
   Monthly rates >100% should be rare. Verify this is intentional.
⚠️ Unusually high rate: RATES.MAJOR_ECONOMY_GDP_THRESHOLD_TRILLION_USD = 1.5
   Monthly rates >100% should be rare. Verify this is intentional.
⚠️ Unusually high rate: RATES.MAJOR_ECONOMY_POPULATION_THRESHOLD = 50
   Monthly rates >100% should be rare. Verify this is intentional.
⚠️ Unusually high rate: RATES.HEAT_ADAPTATION_INFRASTRUCTURE_GDP_THRESHOLD = 10000
   Monthly rates >100% should be rare. Verify this is intentional.
⚠️ Unusually high rate: RATES.HEAT_ADAPTATION_INFRASTRUCTURE_GDP_SCALE = 50000
   Monthly rates >100% should be rare. Verify this is intentional.
  ✅ RATES validated
  ✅ MULTIPLIERS validated
  ✅ BASELINES validated
  ✅ TOLERANCES validated
  ✅ Logical consistency validated
✅ Configuration validation complete - all parameters valid

🔍 DEBUG createAIAgent: corporate_0 economic BEFORE=2.0000, AFTER=2
🔍 ENV INIT: reserves=0.641, pollution=0.307, climate=0.768

=== Initializing Government System (30 Countries) ===
  Loaded 30 governments
  Scheduled elections for 30 countries
  Initialized comprehension lags (3-24 months)
=== Government System Initialized ===

📦 PRODUCTION MODE: State validation proxy DISABLED (zero overhead)
  Found 6 elements without distributions
    amoc: using baseline 4°C (no distribution)
    amazon: using baseline 2.3°C (no distribution)
    arctic_ice: using baseline 1.5°C (no distribution)
    permafrost: using baseline 1.8°C (no distribution)
    wais: using baseline 2°C (no distribution)
    greenland: using baseline 1.6°C (no distribution)
  ✅ Backward compatibility maintained for elements without distributions

⚙️  Testing simulation with threshold uncertainty...
  ✅ THRESHOLDS validated
⚠️ Unusually high rate: RATES.HEAT_ADAPTATION_INFRASTRUCTURAL_MIN_EXPOSURE = 12
   Monthly rates >100% should be rare. Verify this is intentional.
⚠️ Unusually high rate: RATES.HEAT_ADAPTATION_SOCIAL_MIN_EXPOSURE = 6
   Monthly rates >100% should be rare. Verify this is intentional.
⚠️ Unusually high rate: RATES.MIGRATION_DISTANCE_SCALE = 5000
   Monthly rates >100% should be rare. Verify this is intentional.
⚠️ Unusually high rate: RATES.EVACUATION_MULTIPLIER_ADVANCE_WARNING = 2
   Monthly rates >100% should be rare. Verify this is intentional.
⚠️ Unusually high rate: RATES.MAJOR_ECONOMY_COLLAPSE_ECONOMIC_THRESHOLD = 2
   Monthly rates >100% should be rare. Verify this is intentional.
⚠️ Unusually high rate: RATES.MAJOR_ECONOMY_GDP_THRESHOLD_TRILLION_USD = 1.5
   Monthly rates >100% should be rare. Verify this is intentional.
⚠️ Unusually high rate: RATES.MAJOR_ECONOMY_POPULATION_THRESHOLD = 50
   Monthly rates >100% should be rare. Verify this is intentional.
⚠️ Unusually high rate: RATES.HEAT_ADAPTATION_INFRASTRUCTURE_GDP_THRESHOLD = 10000
   Monthly rates >100% should be rare. Verify this is intentional.
⚠️ Unusually high rate: RATES.HEAT_ADAPTATION_INFRASTRUCTURE_GDP_SCALE = 50000
   Monthly rates >100% should be rare. Verify this is intentional.
  ✅ RATES validated
  ✅ MULTIPLIERS validated
  ✅ BASELINES validated
  ✅ TOLERANCES validated
  ✅ Logical consistency validated
✅ Configuration validation complete - all parameters valid

🔍 DEBUG createAIAgent: corporate_0 economic BEFORE=2.0000, AFTER=2
🔍 ENV INIT: reserves=0.565, pollution=0.362, climate=0.799

=== Initializing Government System (30 Countries) ===
  Loaded 30 governments
  Scheduled elections for 30 countries
  Initialized comprehension lags (3-24 months)
=== Government System Initialized ===

📦 PRODUCTION MODE: State validation proxy DISABLED (zero overhead)
  ✅ Simulation executed 24 months without errors
  ✅ Tipping point system functional after 24 months

📐 Testing sampled thresholds are within research ranges...
  ✅ THRESHOLDS validated
⚠️ Unusually high rate: RATES.HEAT_ADAPTATION_INFRASTRUCTURAL_MIN_EXPOSURE = 12
   Monthly rates >100% should be rare. Verify this is intentional.
⚠️ Unusually high rate: RATES.HEAT_ADAPTATION_SOCIAL_MIN_EXPOSURE = 6
   Monthly rates >100% should be rare. Verify this is intentional.
⚠️ Unusually high rate: RATES.MIGRATION_DISTANCE_SCALE = 5000
   Monthly rates >100% should be rare. Verify this is intentional.
⚠️ Unusually high rate: RATES.EVACUATION_MULTIPLIER_ADVANCE_WARNING = 2
   Monthly rates >100% should be rare. Verify this is intentional.
⚠️ Unusually high rate: RATES.MAJOR_ECONOMY_COLLAPSE_ECONOMIC_THRESHOLD = 2
   Monthly rates >100% should be rare. Verify this is intentional.
⚠️ Unusually high rate: RATES.MAJOR_ECONOMY_GDP_THRESHOLD_TRILLION_USD = 1.5
   Monthly rates >100% should be rare. Verify this is intentional.
⚠️ Unusually high rate: RATES.MAJOR_ECONOMY_POPULATION_THRESHOLD = 50
   Monthly rates >100% should be rare. Verify this is intentional.
⚠️ Unusually high rate: RATES.HEAT_ADAPTATION_INFRASTRUCTURE_GDP_THRESHOLD = 10000
   Monthly rates >100% should be rare. Verify this is intentional.
⚠️ Unusually high rate: RATES.HEAT_ADAPTATION_INFRASTRUCTURE_GDP_SCALE = 50000
   Monthly rates >100% should be rare. Verify this is intentional.
  ✅ RATES validated
  ✅ MULTIPLIERS validated
  ✅ BASELINES validated
  ✅ TOLERANCES validated
  ✅ Logical consistency validated
✅ Configuration validation complete - all parameters valid

🔍 DEBUG createAIAgent: corporate_0 economic BEFORE=2.0000, AFTER=2
🔍 ENV INIT: reserves=0.561, pollution=0.393, climate=0.724

=== Initializing Government System (30 Countries) ===
  Loaded 30 governments
  Scheduled elections for 30 countries
  Initialized comprehension lags (3-24 months)
=== Government System Initialized ===

📦 PRODUCTION MODE: State validation proxy DISABLED (zero overhead)
  ✅ All sampled thresholds within research-backed ranges

🔁 Testing determinism (same seed → same thresholds)...
  ✅ THRESHOLDS validated
  ✅ RATES validated
  ✅ MULTIPLIERS validated
  ✅ BASELINES validated
  ✅ TOLERANCES validated
  ✅ Logical consistency validated
✅ Configuration validation complete - all parameters valid

🔍 DEBUG createAIAgent: corporate_0 economic BEFORE=2.0000, AFTER=2
⚠️ Unusually high rate: RATES.HEAT_ADAPTATION_INFRASTRUCTURAL_MIN_EXPOSURE = 12
   Monthly rates >100% should be rare. Verify this is intentional.
⚠️ Unusually high rate: RATES.HEAT_ADAPTATION_SOCIAL_MIN_EXPOSURE = 6
   Monthly rates >100% should be rare. Verify this is intentional.
⚠️ Unusually high rate: RATES.MIGRATION_DISTANCE_SCALE = 5000
   Monthly rates >100% should be rare. Verify this is intentional.
⚠️ Unusually high rate: RATES.EVACUATION_MULTIPLIER_ADVANCE_WARNING = 2
   Monthly rates >100% should be rare. Verify this is intentional.
⚠️ Unusually high rate: RATES.MAJOR_ECONOMY_COLLAPSE_ECONOMIC_THRESHOLD = 2
   Monthly rates >100% should be rare. Verify this is intentional.
⚠️ Unusually high rate: RATES.MAJOR_ECONOMY_GDP_THRESHOLD_TRILLION_USD = 1.5
   Monthly rates >100% should be rare. Verify this is intentional.
⚠️ Unusually high rate: RATES.MAJOR_ECONOMY_POPULATION_THRESHOLD = 50
   Monthly rates >100% should be rare. Verify this is intentional.
⚠️ Unusually high rate: RATES.HEAT_ADAPTATION_INFRASTRUCTURE_GDP_THRESHOLD = 10000
   Monthly rates >100% should be rare. Verify this is intentional.
⚠️ Unusually high rate: RATES.HEAT_ADAPTATION_INFRASTRUCTURE_GDP_SCALE = 50000
   Monthly rates >100% should be rare. Verify this is intentional.
🔍 ENV INIT: reserves=0.664, pollution=0.378, climate=0.730

=== Initializing Government System (30 Countries) ===
  Loaded 30 governments
  Scheduled elections for 30 countries
  Initialized comprehension lags (3-24 months)
=== Government System Initialized ===

📦 PRODUCTION MODE: State validation proxy DISABLED (zero overhead)
  ✅ THRESHOLDS validated
⚠️ Unusually high rate: RATES.HEAT_ADAPTATION_INFRASTRUCTURAL_MIN_EXPOSURE = 12
   Monthly rates >100% should be rare. Verify this is intentional.
⚠️ Unusually high rate: RATES.HEAT_ADAPTATION_SOCIAL_MIN_EXPOSURE = 6
   Monthly rates >100% should be rare. Verify this is intentional.
⚠️ Unusually high rate: RATES.MIGRATION_DISTANCE_SCALE = 5000
   Monthly rates >100% should be rare. Verify this is intentional.
⚠️ Unusually high rate: RATES.EVACUATION_MULTIPLIER_ADVANCE_WARNING = 2
   Monthly rates >100% should be rare. Verify this is intentional.
⚠️ Unusually high rate: RATES.MAJOR_ECONOMY_COLLAPSE_ECONOMIC_THRESHOLD = 2
   Monthly rates >100% should be rare. Verify this is intentional.
⚠️ Unusually high rate: RATES.MAJOR_ECONOMY_GDP_THRESHOLD_TRILLION_USD = 1.5
   Monthly rates >100% should be rare. Verify this is intentional.
⚠️ Unusually high rate: RATES.MAJOR_ECONOMY_POPULATION_THRESHOLD = 50
   Monthly rates >100% should be rare. Verify this is intentional.
⚠️ Unusually high rate: RATES.HEAT_ADAPTATION_INFRASTRUCTURE_GDP_THRESHOLD = 10000
   Monthly rates >100% should be rare. Verify this is intentional.
⚠️ Unusually high rate: RATES.HEAT_ADAPTATION_INFRASTRUCTURE_GDP_SCALE = 50000
   Monthly rates >100% should be rare. Verify this is intentional.
  ✅ RATES validated
  ✅ MULTIPLIERS validated
  ✅ BASELINES validated
  ✅ TOLERANCES validated
  ✅ Logical consistency validated
✅ Configuration validation complete - all parameters valid

🔍 DEBUG createAIAgent: corporate_0 economic BEFORE=2.0000, AFTER=2
🔍 ENV INIT: reserves=0.664, pollution=0.378, climate=0.730

=== Initializing Government System (30 Countries) ===
  Loaded 30 governments
  Scheduled elections for 30 countries
  Initialized comprehension lags (3-24 months)
=== Government System Initialized ===

📦 PRODUCTION MODE: State validation proxy DISABLED (zero overhead)
  ✅ Identical seeds produce identical thresholds (Monte Carlo reproducibility)
▶ Tipping Point Threshold Uncertainty (M-5)
  ﹣ sampled thresholds vary across runs with different seeds (6.27518ms) # SKIP
  ﹣ sampled thresholds persist throughout single run (deterministic within-run) (0.172661ms) # SKIP
  ✔ backward compatibility: elements without distributions use baseline triggerTempC (204.617313ms)
  ✔ distribution sampling does not break simulation execution (28.462927ms)
  ✔ threshold distributions match research ranges (sanity check) (25.104088ms)
  ✔ determinism: identical seeds produce identical thresholds (48.470666ms)
✔ Tipping Point Threshold Uncertainty (M-5) (315.791973ms)
[EventDB] IndexedDB not available (SSR or unsupported browser)
[EventDB] Database not available, skipping LLM log
[EventDB] Database not available
[EventDB] Database not available
[EventDB] Database not available
[EventDB] Database not available
[EventDB] Database not available
[EventDB] Database not available
[EventDB] Database not available, skipping LLM log
[EventDB] Database not available
▶ EventDatabase - LLM Logging
  ▶ addLLMLog
    ✔ should store LLM log without throwing (if IndexedDB available) (7.95539ms)
    ✔ should validate required fields (fail loudly if missing) (0.26124ms)
  ✔ addLLMLog (11.624349ms)
  ▶ getLLMLogs
    ✔ should retrieve logs with pagination (0.623331ms)
    ✔ should respect limit parameter (2.51777ms)
    ✔ should respect offset parameter (3.71888ms)
  ✔ getLLMLogs (7.14046ms)
  ▶ getLLMLogCount
    ✔ should return count of logs for simulation (0.31459ms)
  ✔ getLLMLogCount (0.48877ms)
  ▶ getUnexportedLLMLogs
    ✔ should retrieve logs not yet exported to GCS (1.316629ms)
    ✔ should respect limit parameter (0.725401ms)
  ✔ getUnexportedLLMLogs (2.34907ms)
  ▶ markLLMLogsAsExported
    ✔ should mark logs as exported with GCS path (0.82418ms)
    ✔ should handle empty array gracefully (0.81543ms)
  ✔ markLLMLogsAsExported (4.551639ms)
✔ EventDatabase - LLM Logging (27.644407ms)
[EventDB] IndexedDB not available (SSR or unsupported browser)
[EventDB] Database not available
[EventDB] Database not available
[EventDB] Database not available
▶ GCS Export Module
  ▶ exportLLMLogsToGCS
    ✔ should validate required inputs (7.68108ms)
    ✔ should handle no unexported logs gracefully (4.554439ms)
    ✔ should provide progress callbacks (0.60943ms)
    ✔ should handle GCS connection errors gracefully (2.82708ms)
    ✔ should format logs as JSONL (1.22357ms)
    ✔ should retry failed uploads (0.25771ms)
  ✔ exportLLMLogsToGCS (19.250649ms)
[Test] Expected verification failure: GCS access verification failed: 159845081866-compute@developer.gserviceaccount.com does not have storage.buckets.get access to the Google Cloud Storage bucket. Permission 'storage.buckets.get' denied on resource (or it may not exist).
  ▶ verifyGCSAccess
    ✔ should validate bucket access (5135.490825ms)
[EventDB] Database not available
[Test] Phase sequence: fetching → complete
    ✔ should handle non-existent buckets (3614.721357ms)
    ✔ should accept credentials configuration (8.478249ms)
  ✔ verifyGCSAccess (8759.149941ms)
  ▶ Export workflow
    ✔ should follow correct phase sequence (0.71155ms)
  ✔ Export workflow (0.858019ms)
✔ GCS Export Module (8784.654989ms)
▶ GCS Export Integration (requires credentials)
  ﹣ should export logs to GCS and mark as exported (0.121521ms) # SKIP
✔ GCS Export Integration (requires credentials) (0.31599ms)
▶ LLM Logging Module
  ▶ buildLoggingContext
    ✔ should extract context from GameState and agent (2.01933ms)
    ✔ should fail loudly if llmConfig is missing (0.831109ms)
    ✔ should fail loudly if agent.capability is not a number (0.329819ms)
    ✔ should fail loudly if agent.trueAlignment is not a number (0.29213ms)
  ✔ buildLoggingContext (5.72301ms)
  ▶ logLLMInference
    ✔ should log inference without throwing (1.015119ms)
    ✔ should handle errors gracefully (with usedFallback flag) (0.45229ms)
    ✔ should calculate duration correctly (0.43369ms)
  ✔ logLLMInference (2.24058ms)
  ▶ getLLMInferenceStats
    ✔ should return zero stats for simulation with no logs (0.4872ms)
    ✔ should handle errors gracefully and return zero stats (4.71709ms)
  ✔ getLLMInferenceStats (5.69226ms)
✔ LLM Logging Module (15.027989ms)
    ⏱️  1000 organizations: 1929.08ms (threshold: 1500ms)
    ⏱️  datacenter ownership lookups: 936.40ms (threshold: 600ms)
    ⏱️  AI model ownership lookups: 1406.78ms (threshold: 1200ms)
▶ [PERF] organizationManagement.ts O(n) performance
  ▶ calculateComputeUtilization
    ✖ should execute in under 100ms: 1000 organizations with 5 datacenters and 10 AI models each (2103.964918ms)
  ✖ calculateComputeUtilization (2105.561968ms)
  ▶ cross-organization lookups
    ✖ should execute in under 50ms: finding owned datacenters across 1000 organizations (967.170216ms)
    ✖ should execute in under 50ms: finding owned AI models across 1000 organizations (1540.174697ms)
  ✖ cross-organization lookups (2507.963843ms)
✖ [PERF] organizationManagement.ts O(n) performance (4614.619111ms)
  ✅ THRESHOLDS validated
  ✅ RATES validated
  ✅ MULTIPLIERS validated
⚠️ Unusually high rate: RATES.HEAT_ADAPTATION_INFRASTRUCTURAL_MIN_EXPOSURE = 12
   Monthly rates >100% should be rare. Verify this is intentional.
⚠️ Unusually high rate: RATES.HEAT_ADAPTATION_SOCIAL_MIN_EXPOSURE = 6
   Monthly rates >100% should be rare. Verify this is intentional.
⚠️ Unusually high rate: RATES.MIGRATION_DISTANCE_SCALE = 5000
   Monthly rates >100% should be rare. Verify this is intentional.
⚠️ Unusually high rate: RATES.EVACUATION_MULTIPLIER_ADVANCE_WARNING = 2
   Monthly rates >100% should be rare. Verify this is intentional.
⚠️ Unusually high rate: RATES.MAJOR_ECONOMY_COLLAPSE_ECONOMIC_THRESHOLD = 2
   Monthly rates >100% should be rare. Verify this is intentional.
⚠️ Unusually high rate: RATES.MAJOR_ECONOMY_GDP_THRESHOLD_TRILLION_USD = 1.5
   Monthly rates >100% should be rare. Verify this is intentional.
⚠️ Unusually high rate: RATES.MAJOR_ECONOMY_POPULATION_THRESHOLD = 50
   Monthly rates >100% should be rare. Verify this is intentional.
⚠️ Unusually high rate: RATES.HEAT_ADAPTATION_INFRASTRUCTURE_GDP_THRESHOLD = 10000
   Monthly rates >100% should be rare. Verify this is intentional.
⚠️ Unusually high rate: RATES.HEAT_ADAPTATION_INFRASTRUCTURE_GDP_SCALE = 50000
   Monthly rates >100% should be rare. Verify this is intentional.
  ✅ BASELINES validated
  ✅ TOLERANCES validated
  ✅ Logical consistency validated
✅ Configuration validation complete - all parameters valid

🔍 DEBUG createAIAgent: corporate_0 economic BEFORE=2.0000, AFTER=2
🔍 ENV INIT: reserves=0.731, pollution=0.348, climate=0.754

=== Initializing Government System (30 Countries) ===
  Loaded 30 governments
  Scheduled elections for 30 countries
  Initialized comprehension lags (3-24 months)
=== Government System Initialized ===

📦 PRODUCTION MODE: State validation proxy DISABLED (zero overhead)

💸 FINANCIAL DISTRESS: OpenAI
   Indicators: 2/3 (capital: $110.5M, runway: 0.9 months)
   Months in distress: 1
   ✂️  R&D BUDGET CUT: -40% (saves $9.2M/month)
       Side effect: AI training timelines extended, breakthrough deployments delayed
   💼 EXECUTIVE COMP CUT: -30% (saves $1.0M/month, symbolic gesture)

   📊 TURNAROUND IMPACT:
       Measures taken: rd_cuts, exec_comp_cuts
       Monthly savings: $10.2M
       Capital raised: $0.0M
       Runway: 0.9 → 0.9 months
       Workforce multiplier: 1.00x (0% laid off)
       R&D budget multiplier: 0.60x (40% cut)
       ⚠️  CRITICAL: Still only 0.9 months of runway remaining

💸 FINANCIAL DISTRESS: Anthropic
   Indicators: 2/3 (capital: $57.5M, runway: 0.9 months)
   Months in distress: 1
   ✂️  R&D BUDGET CUT: -40% (saves $5.4M/month)
       Side effect: AI training timelines extended, breakthrough deployments delayed
   💼 EXECUTIVE COMP CUT: -30% (saves $0.6M/month, symbolic gesture)

   📊 TURNAROUND IMPACT:
       Measures taken: rd_cuts, exec_comp_cuts
       Monthly savings: $6.0M
       Capital raised: $0.0M
       Runway: 0.9 → 0.9 months
       Workforce multiplier: 1.00x (0% laid off)
       R&D budget multiplier: 0.60x (40% cut)
       ⚠️  CRITICAL: Still only 0.9 months of runway remaining

💸 FINANCIAL DISTRESS: Meta AI
   Indicators: 2/3 (capital: $436.8M, runway: 3.0 months)
   Months in distress: 1
   ✂️  R&D BUDGET CUT: -25% (saves $7.1M/month)
       Side effect: AI training timelines extended, breakthrough deployments delayed
   💼 EXECUTIVE COMP CUT: -30% (saves $1.3M/month, symbolic gesture)

   📊 TURNAROUND IMPACT:
       Measures taken: rd_cuts, exec_comp_cuts
       Monthly savings: $8.4M
       Capital raised: $0.0M
       Runway: 3.0 → 3.0 months
       Workforce multiplier: 1.00x (0% laid off)
       R&D budget multiplier: 0.75x (25% cut)
       ⚠️  WARNING: 3.0 months runway, continued distress likely
⚠️  [TIMING] Month 0: Organization Turns took 17.47ms (threshold: 10ms)

=== AI Capability Scaling (Year 2024) ===
  Pre-training multiplier: 0.993x
  Efficiency multiplier: 1.000x
  Test-time budget: 1.0x
  Economic deployment gate: 0.951
  Cost per inference: dollar-5.00
  Uncertainty range: plus-minus-50%
  Average AI capability: 3.65

=== RLHF Binding Phase ===
  Total agents: 20
  Escaped agents (binding < 0.3): 0
  Avg alignment distance: 0.35σ
  Avg binding strength: 0.96

=== AI Scaling Evolution (Month 0) ===
  Pre-training multiplier: 1.231x
  Efficiency multiplier: 1.000x
  Test-time compute budget: 1.0x
  Inference cost: $5.00/task
  Deployment fraction: 100.0%
⚠️  [TIMING] Month 0: AI Alignment Evolution took 18.75ms (threshold: 10ms)
[DETERMINISM DEBUG] Month 0: totalCapability=95.775043 from 20 active AIs
[DETERMINISM DEBUG] Month 0: creationRate=2.8944, potentialNew=2, newAIsToCreate=2
⚠️  [TIMING] Month 0: AI Population Lifecycle took 38.60ms (threshold: 10ms)

=== Survival Traits Phase ===
  Agents with traits: 22
  Avg evolutionary fitness: 0.329
  Avg self-healing: 0.293
  Avg stealth: 0.193
  Avg coordination: 0.493

=== Evolutionary Selection Phase ===
  Control level: 0.30
  Detection capability: 0.00
  Selection intensity: 0.59
  Selection rate: 23.8%/month
  Total escaped: 0
  Individual escaped: 0
  Collective members: 0
  Agents terminated: 0
  ⚠️ RAPID EVOLUTION: Selection rate 23.8%/month
⚠️  [TIMING] Month 0: Cybersecurity Breaches took 64.82ms (threshold: 10ms)

🚀 AI Corporate-1 attempting tech deployment (revenue: $127M, alignment: 0.77)

🚀 AI Corporate-7 attempting tech deployment (revenue: $75M, alignment: 0.81)

🚀 AI Moderate-1 attempting tech deployment (revenue: $64M, alignment: 0.79)

🚀 AI Corporate-6 attempting tech deployment (revenue: $54M, alignment: 0.72)

🚀 AI Moderate-1 attempting tech deployment (revenue: $46M, alignment: 0.79)

🚀 AI Niche-0 attempting tech deployment (revenue: $51M, alignment: 0.53)

🚀 AI Corporate-2 attempting tech deployment (revenue: $108M, alignment: 0.84)

🚀 AI Corporate-3 attempting tech deployment (revenue: $374M, alignment: 0.73)

🚀 AI Corporate-6 attempting tech deployment (revenue: $39M, alignment: 0.72)

🚀 AI Moderate-0 attempting tech deployment (revenue: $33M, alignment: 0.77)

🚀 AI Niche-0 attempting tech deployment (revenue: $46M, alignment: 0.53)

🔍 EXECUTE_AI_AGENT_ACTIONS DETAILED TIMING (Month 0):
  Filter active AIs (×4 weeks): 0.08ms
  selectAIAction (×70): 98.53ms
  action.execute (×70): 89.95ms
  TOTAL: 188.55ms

🔍 AI AGENT ACTIONS SUB-TIMING (Month 0):
  1. executeAIAgentActions: 192.63ms
  2. updateCounterDetectionLearning: 0.42ms
  TOTAL: 193.05ms
⚠️  [TIMING] Month 0: AI Agent Actions took 193.46ms (threshold: 10ms)
🏛️ [Government] Forcing 1 action at month 0 for scenario initialization

[GOV-DEBUG] Month 0: scenarioConfig=false, priorities=false
[GOV-DEBUG] Month 0 but scenarioPriorities is UNDEFINED!

[Government] Climate Priority: baseline
  Climate weight: 10%
  Economic weight: 30%
  Policy effectiveness: 0.5%/year

✅ HUMAN-IN-THE-LOOP DEPLOYED (Month 0):
   Veto points enforced: 3
   Policy: AI systems CANNOT authorize nuclear launch without human approval

⚠️  [TIMING] Month 0: Government Agent Actions took 17.49ms (threshold: 10ms)

🚨🔍 GOVERNANCE STAGE: Recognition initiated (Month 0)

🚀 DEPLOYMENT STARTED: AI Power Efficiency Communication in global
   Initial investment: $19.066273149233428M
   Deployed by: corporate_1

🚀 DEPLOYMENT STARTED: Collective Purpose Networks in global
   Initial investment: $11.237614609004583M
   Deployed by: corporate_7

🚀 DEPLOYMENT STARTED: AI Power Efficiency Communication in global
   Initial investment: $9.551972417653895M
   Deployed by: moderate_1

🚀 DEPLOYMENT STARTED: Basic Mechanistic Interpretability in global
   Initial investment: $8.119176555005811M
   Deployed by: corporate_6

🚀 DEPLOYMENT STARTED: AI Power Efficiency Communication in global
   Initial investment: $6.90130007175494M
   Deployed by: moderate_1

📍 Creating new regional deployment array for Asia (Month 0)
   No previous deployments in this region
   First tech deployment: collective_purpose_networks
   All regions tracked: global

🚀 DEPLOYMENT STARTED: Collective Purpose Networks in Asia
   Initial investment: $5.108023238528677M
   Deployed by: niche_0

🚀 DEPLOYMENT STARTED: Collective Purpose Networks in global
   Initial investment: $16.206332176848417M
   Deployed by: corporate_2

🚀 DEPLOYMENT STARTED: Adversarial Evaluation in global
   Initial investment: $56.12866684622075M
   Deployed by: corporate_3

🚀 DEPLOYMENT STARTED: Adversarial Evaluation in global
   Initial investment: $5.866105060991699M
   Deployed by: corporate_6

🚀 DEPLOYMENT STARTED: Advanced Direct Air Capture in global
   Initial investment: $4.986189301842944M
   Deployed by: moderate_0

📍 Creating new regional deployment array for Oceania (Month 0)
   No previous deployments in this region
   First tech deployment: solar_4th_gen
   All regions tracked: global, Asia

🚀 DEPLOYMENT STARTED: 4th Generation Solar in Oceania
   Initial investment: $4.597220914675809M
   Deployed by: niche_0

📊 NEW TECH DEPLOYMENT STARTED (Month 0)
   Tech: collective_purpose_networks
   Region: Asia
   Total recent deployments: 1

📊 NEW TECH DEPLOYMENT STARTED (Month 0)
   Tech: solar_4th_gen
   Region: Oceania
   Total recent deployments: 2

📊 NEW TECH DEPLOYMENT STARTED (Month 0)
   Tech: rlhf_basic
   Region: global
   Total recent deployments: 3

📊 NEW TECH DEPLOYMENT STARTED (Month 0)
   Tech: mech_interp_basic
   Region: global
   Total recent deployments: 4

📊 NEW TECH DEPLOYMENT STARTED (Month 0)
   Tech: adversarial_eval
   Region: global
   Total recent deployments: 5

📊 NEW TECH DEPLOYMENT STARTED (Month 0)
   Tech: direct_air_capture
   Region: global
   Total recent deployments: 6

📊 NEW TECH DEPLOYMENT STARTED (Month 0)
   Tech: ai_pollution_remediation
   Region: global
   Total recent deployments: 7

📊 NEW TECH DEPLOYMENT STARTED (Month 0)
   Tech: collective_purpose_networks
   Region: global
   Total recent deployments: 8

📊 NEW TECH DEPLOYMENT STARTED (Month 0)
   Tech: ai_diagnostics
   Region: global
   Total recent deployments: 9

📊 NEW TECH DEPLOYMENT STARTED (Month 0)
   Tech: mrna_vaccines
   Region: global
   Total recent deployments: 10

📊 NEW TECH DEPLOYMENT STARTED (Month 0)
   Tech: solar_4th_gen
   Region: global
   Total recent deployments: 11

📊 NEW TECH DEPLOYMENT STARTED (Month 0)
   Tech: offshore_wind
   Region: global
   Total recent deployments: 12

📊 NEW TECH DEPLOYMENT STARTED (Month 0)
   Tech: ai_power_efficiency_communication
   Region: global
   Total recent deployments: 13

📊 NEW TECH DEPLOYMENT STARTED (Month 0)
   Tech: precision_agriculture
   Region: global
   Total recent deployments: 14

🔧 DEBUG DEPLOYMENT: Precision Agriculture Systems
   Month: 0 (0 since start)
   Old level: 15.0%
   New level: 0.0%
   Timescale: 180mo, Adjusted: 563mo
   Gov: 50%, Climate: 100%, Investment: 64%, Emergency: 1.0x

⚡ ENERGY CONSTRAINT (Month 0):
   Total grid capacity: 208.3 TWh/month
   Data center consumption: 34.6 TWh/month
   Traditional load (80%): 166.7 TWh/month
   Available headroom: 7.1 TWh/month
   Active tech deployments: 14
   Required for tech: 105.0 TWh/month
   Energy multiplier: 0.10x
   ⚠️  SEVERE CONSTRAINT - Tech deployment significantly slowed

⚡ ENERGY CONSTRAINT (Month 0):
   Total grid capacity: 208.3 TWh/month
   Data center consumption: 34.6 TWh/month
   Traditional load (80%): 166.7 TWh/month
   Available headroom: 7.1 TWh/month
   Active tech deployments: 14
   Required for tech: 105.0 TWh/month
   Energy multiplier: 0.10x
   ⚠️  SEVERE CONSTRAINT - Tech deployment significantly slowed

⚡ ENERGY CONSTRAINT (Month 0):
   Total grid capacity: 208.3 TWh/month
   Data center consumption: 34.6 TWh/month
   Traditional load (80%): 166.7 TWh/month
   Available headroom: 7.1 TWh/month
   Active tech deployments: 14
   Required for tech: 105.0 TWh/month
   Energy multiplier: 0.10x
   ⚠️  SEVERE CONSTRAINT - Tech deployment significantly slowed

⚡ ENERGY CONSTRAINT (Month 0):
   Total grid capacity: 208.3 TWh/month
   Data center consumption: 34.6 TWh/month
   Traditional load (80%): 166.7 TWh/month
   Available headroom: 7.1 TWh/month
   Active tech deployments: 14
   Required for tech: 105.0 TWh/month
   Energy multiplier: 0.10x
   ⚠️  SEVERE CONSTRAINT - Tech deployment significantly slowed

⚡ ENERGY CONSTRAINT (Month 0):
   Total grid capacity: 208.3 TWh/month
   Data center consumption: 34.6 TWh/month
   Traditional load (80%): 166.7 TWh/month
   Available headroom: 7.1 TWh/month
   Active tech deployments: 14
   Required for tech: 105.0 TWh/month
   Energy multiplier: 0.10x
   ⚠️  SEVERE CONSTRAINT - Tech deployment significantly slowed
⚠️ Tech 'ai_pollution_remediation' has no energy category mapping, assuming full energy availability
🌍✅ Climate Change recovery started (tech effect)
  ♻️ Novel Entities Remediation (GATED MODEL):
     Base: 0.000%
     Regulation: 1.0% (0/3 prevention techs)
     Concentration: 10.0%
     Energy: 50%
     Time lag: 25.0% (0 months)
     Rebound: 70%
     Net effectiveness: 0.0000%
     Boundary: 1.500 → 1.500 (floor: 1.350)
     Month 0
🌍✅ Novel Entities (Chemical Pollution) recovery started (tech effect)
  🌾 Nitrogen Reduction Tech: 0.0% reduction | Month 0

📊 TECH EFFECTS ACTIVE (Month 0)
   Deployed Tech: T0=10 T1=0 T2=0 T3=0 T4=0
   Sleeper Detection: 1%
   Clean Energy: 32%
   P Recovery: 5%
⚠️  [TIMING] Month 0: Technology Tree Update took 184.95ms (threshold: 10ms)

💡 BREAKTHROUGH PROBABILITY (Year 0)
   Total: 8.34% per month
   Base: 0.20%
   Crisis pressure: +0.00% (0 crises)
   AI boost: +1.72% (capability: 3.44)

=== Collective Formation ===
  Total escaped agents: 0
  Unassigned escaped agents: 0
  Existing collectives: 0
  Final collective count: 0

=== Collective Actions ===
  No active collectives
⚠️  [TIMING] Month 0: Cooperative Systems Update took 10.46ms (threshold: 10ms)

📈 Energy budget: 13326 TWh surplus (15745 / 29072 TWh used)
   TIER 4 (Elective) breakdown:
     - AI datacenters: 145 TWh (100% effective)
     - Crypto mining: 100 TWh (100% effective)

🌍 OPEN SOURCE RELEASE: 4.68 (was 0.70)
   Lag behind closed: 0 months
💰 CHINA ACCELERATES: Investment 53 → 120 $B/year

🏁 AI RACE INTENSITY: 15%
   Capability Gap: US 4.68 vs China 4.68 (gap: 0.00)
   Gap Contribution: 0%
   Tension Contribution: 15%
   Military Contribution: 0%
⚠️  [TIMING] Month 0: National AI Update took 16.57ms (threshold: 10ms)
  ⚠️ AMR: 190K deaths this month (2.28M annual)

⏰ CLIMATE TECH DEPLOYED: direct_air_capture
   Activation delay: 7 years
   Scaling T_50: 30 years
   Physical response tau: 20 years
   Max effectiveness: 1
  📊 CO2 Emissions (month 0):
     Monthly: 0.10 Gt CO2/month
     Annual: 1.15 Gt CO2/year
     Oil: 0.039 Gt/mo (0.0056 * 2.3 * 3.0)
     Coal: 0.024 Gt/mo (0.0029 * 2.86 * 3.0)
     Gas: 0.026 Gt/mo (0.0044 * 2 * 3.0)
     Methane: 0.007 Gt CO2eq/mo
⚠️  [TIMING] Month 0: Resource Economy Update took 26.18ms (threshold: 10ms)

=== Resentment Recovery Phase ===
  Agents with resentment: 0/22
  Average resentment: 0.000
  Context: Good AI welfare, Trustworthy govt, High collaboration, 🤝 Participatory governance active (-5% resentment)
⚠️  [TIMING] Month 0: Resentment Recovery took 12.00ms (threshold: 10ms)
⚠️ Epistemic degradation reducing coordination capacity: 51.4%
  📊 Trust: 54.8%, Shared reality: 15.2%
🚨 EPISTEMIC CRISIS: Information environment severely degraded (14.7%)

=== ❄️ Permafrost Carbon Feedback ===
  🎲 Sampled parameters (this run):
     - Arctic amplification: 3.31× (range: 3.0-4.0)
     - Decomposition rate: 4.0%/year (range: 1-5%)
  🌡️ Arctic warming: 6.95°C (3.31× global)
  ❄️ Extent: 15.77M km² (2026.3k km² lost this month)
  💨 Carbon remaining: 1506 Gt C
  💨 Annual emissions: 7.68 Gt C/year
     - CO2: 6.91 Gt C/year
     - CH4: 0.77 Gt C/year (7.8 Gt C-eq CO2/year)
  ⚠️ WARNING: High permafrost emissions (7.7 Gt C/year)

🤖 AI AMPLIFICATION EFFECTS (Month 0)
   Algorithmic Boost: 2.82x
   Bot Influence: 26.8%
   Deepfake Exposure: 61.8%
   Impact: Emotional memes spread 2.8x faster
⚠️  [TIMING] Month 0: Memetic Evolution took 10.69ms (threshold: 10ms)

🔍 SOCIAL INFLUENCE SUB-TIMING (Month 0):
  1. calculateOrganicUserGrowth: 0.26ms
  2. calculateVoiceAdoption: 0.85ms
  3. updateRelationshipDepths: 0.15ms
  4. identifyDecisionMakers: 78.49ms (37050 potential IDs)
  5. Update decision-maker stats: 2.42ms
  6. decayDetectionRisk: 2.34ms
  TOTAL: 84.51ms
⚠️  [TIMING] Month 0: Social Influence Update took 85.85ms (threshold: 10ms)
[Phase 19.5] Quality of Life Systems: Food sec AFTER calc = 67.9%, QoL = 95.5% (aggregated from 10 regions)
⚠️  [TIMING] Month 0: Quality of Life Systems took 20.36ms (threshold: 10ms)

=== Nitrogen-Food Coupling (Year 0) ===
  🌾 Global nitrogen reduction: 0.0%
  🌍 Global food production index: 0.987
  🔧 Deployed nitrogen-reducing tech: 1 active
  📍 southAsia: Production 1.000, Yield impact 0.0%
  📍 eastAsia: Production 1.000, Yield impact 0.0%
  📍 northAmerica: Production 1.000, Yield impact 0.0%
  📍 europe: Production 1.000, Yield impact 0.0%
  📍 latinAmerica: Production 1.000, Yield impact 0.0%
  📍 subSaharanAfrica: Production 0.686, Yield impact -2.0%
🌾 [Nitrogen-Food] Food production: 98.7%
  [subSaharanAfrica] Yield impact: -2.0% (overuse: -10%)
🌍 Atmospheric PFAS redeposition: 1.8k Mt re-rained globally

=== Legacy Nutrient Stocks (Year 0) ===
  🌾 Soil nitrogen stock: 1200.9 Mt N
  🌾 Soil phosphorus stock: 300.1 Mt P
  🌊 Sediment nitrogen stock: 500.8 Mt N
  🌊 Sediment phosphorus stock: 799.8 Mt P
  ⬆️ Current N input: 10.64 Mt/month
  ⬆️ Legacy N release: 2.58 Mt/month
  🌍 Effective N pollution: 14.47 Mt/month
  📊 Legacy contribution: 17.8%
⚠️  [TIMING] Month 0: Resource Soil Update took 12.46ms (threshold: 10ms)

🚨 REGION UNINHABITABLE: south-asia
   Sustained wet bulb: 33.1°C (threshold: 30.5°C)
   Population affected: 1900M
   Migration crisis likely

🚨 REGION UNINHABITABLE: middle-east
   Sustained wet bulb: 35.9°C (threshold: 30.5°C)
   Population affected: 400M
   Migration crisis likely

🚨 REGION UNINHABITABLE: southeast-asia
   Sustained wet bulb: 31.1°C (threshold: 30.5°C)
   Population affected: 700M
   Migration crisis likely
⚠️  [TIMING] Month 0: Wet Bulb Temperature Events took 13.62ms (threshold: 10ms)
  Positive Cascade Triggered: solar-pv
    Reason: price-parity
    Market share: 6.0%
    Cascade strength: 49%
  Positive Cascade Triggered: wind-power
    Reason: price-parity
    Market share: 8.0%
    Cascade strength: 48%

🕊️  AI-MEDIATED DE-ESCALATION SUCCESS (Month 0)
   High-capability aligned AI prevented conflict escalation
   War deaths reduced: 0.0M → 0.0M
   Lives saved: 0.0M
⚠️  [TIMING] Month 0: International Relations Update took 10.93ms (threshold: 10ms)

📊 BASELINE: East Asia (Month 0)
   Adjusted death rate: 0.46% annual (0.039% monthly)
   Baseline death rate: 0.80%
   Healthcare reduction: 0.48x
   Crisis multiplier: 1.22x
     Food/water stress: 0.074
     Climate stress: 0.039
     Pollution stress: 0.104
   War multiplier: 1.00x
   Monthly deaths: 0.6M (population: 1674M)
   Adjusted death rate: 0.54% annual (0.045% monthly)
   Baseline death rate: 0.70%
   Healthcare reduction: 0.61x
   Crisis multiplier: 1.25x
     Food/water stress: 0.074
     Climate stress: 0.074
     Pollution stress: 0.104
   War multiplier: 1.00x
   Monthly deaths: 0.9M (population: 2044M)
   Adjusted death rate: 1.29% annual (0.107% monthly)
   Baseline death rate: 0.90%
   Healthcare reduction: 0.76x
   Crisis multiplier: 1.26x
     Food/water stress: 0.074
     Climate stress: 0.084
     Pollution stress: 0.104
   War multiplier: 1.50x
   Monthly deaths: 1.3M (population: 1218M)
   Adjusted death rate: 0.54% annual (0.045% monthly)
   Baseline death rate: 1.10%
   Healthcare reduction: 0.41x
   Crisis multiplier: 1.21x
     Food/water stress: 0.074
     Climate stress: 0.030
     Pollution stress: 0.104
   War multiplier: 1.00x
   Monthly deaths: 0.3M (population: 741M)
   Adjusted death rate: 0.43% annual (0.036% monthly)
   Baseline death rate: 0.60%
   Healthcare reduction: 0.58x
   Crisis multiplier: 1.24x
     Food/water stress: 0.074
     Climate stress: 0.059
     Pollution stress: 0.104
   War multiplier: 1.00x
   Monthly deaths: 0.2M (population: 663M)
   Adjusted death rate: 0.48% annual (0.040% monthly)
   Baseline death rate: 0.90%
   Healthcare reduction: 0.44x
   Crisis multiplier: 1.22x
     Food/water stress: 0.074
     Climate stress: 0.044
     Pollution stress: 0.104
   War multiplier: 1.00x
   Monthly deaths: 0.2M (population: 379M)
   Adjusted death rate: 0.74% annual (0.062% monthly)
   Baseline death rate: 0.60%
   Healthcare reduction: 0.65x
   Crisis multiplier: 1.27x
     Food/water stress: 0.074

📊 BASELINE: South Asia (Month 0)

📊 BASELINE: Sub-Saharan Africa (Month 0)

📊 BASELINE: Europe (Month 0)

📊 BASELINE: Latin America (Month 0)

📊 BASELINE: North America (Month 0)

📊 BASELINE: Middle East & North Africa (Month 0)
     Climate stress: 0.089
     Pollution stress: 0.104
   War multiplier: 1.50x
   Monthly deaths: 0.4M (population: 582M)
   Adjusted death rate: 0.51% annual (0.042% monthly)
   Baseline death rate: 0.70%
   Healthcare reduction: 0.58x
   Crisis multiplier: 1.25x
     Food/water stress: 0.074
     Climate stress: 0.069
     Pollution stress: 0.104
   War multiplier: 1.00x
   Monthly deaths: 0.3M (population: 697M)
   Adjusted death rate: 0.46% annual (0.038% monthly)
   Baseline death rate: 0.60%
   Healthcare reduction: 0.61x
   Crisis multiplier: 1.24x
     Food/water stress: 0.074
     Climate stress: 0.064
     Pollution stress: 0.104
   War multiplier: 1.00x
   Monthly deaths: 0.0M (population: 78M)
   Adjusted death rate: 0.35% annual (0.029% monthly)
   Baseline death rate: 0.70%
   Healthcare reduction: 0.41x
   Crisis multiplier: 1.23x
     Food/water stress: 0.074
     Climate stress: 0.054
     Pollution stress: 0.104
   War multiplier: 1.00x
   Monthly deaths: 0.0M (population: 46M)

📊 BASELINE: Southeast Asia (Month 0)

📊 BASELINE: Central Asia (Month 0)

📊 BASELINE: Oceania (Month 0)

🔍 Before assertRegionalConsistency (Month 0):
   Regional sum: 1000.0M
   Global value: 1.000B
⚠️  [TIMING] Month 0: Human Population Dynamics took 34.33ms (threshold: 10ms)

🚨 NEW REFUGEE CRISIS (Month 0): WAR
   Source: Conflict Zones
   At risk: 19.5M people
   Displacement: Gradual over 48 months (4.0 years)
   Rate: 10% flee per month
[DEBUG trappedPopulations:0] socialStability: 0.0749 * 0.9840 = 0.0737 → 0.0737
⚠️ INVOLUNTARY IMMOBILITY: 406.8M people TRAPPED
   Aspiring to migrate: 651.0M
   Able to afford migration: 244.1M
   MOBILITY GAP: 406.8M
   By cause: Water=0.0M, Climate=0.0M, Ecosystem=0.0M, Conflict=406.8M
   Mental health impact: 25%
   Mortality multiplier: 1.25x

=== Legacy Nutrient Stocks (Year 0) ===
  🌾 Soil nitrogen stock: 1201.6 Mt N
  🌾 Soil phosphorus stock: 300.2 Mt P
  🌊 Sediment nitrogen stock: 501.5 Mt N
  🌊 Sediment phosphorus stock: 799.5 Mt P
  ⬆️ Current N input: 10.00 Mt/month
  ⬆️ Legacy N release: 2.58 Mt/month
  🌍 Effective N pollution: 13.83 Mt/month
  📊 Legacy contribution: 18.7%
🌍💀 EXTINCTION DEBT COMMITTED: grassland ecosystem will lose 6.67% biodiversity in 70 years (3600 species)
💀 MORTALITY RISK: 🦋 100% species unable to track climate (0.0 E/MSY)
  Base risk added: 0.0100 (1.00%)
  Source: ecosystem (root: ecosystem)
  Month: 0
  Cumulative risk this month: 0.0100 (1.00%)

=== Nitrogen-Food Coupling (Year 0) ===
  🌾 Global nitrogen reduction: 0.0%
  🌍 Global food production index: 0.986
  🔧 Deployed nitrogen-reducing tech: 1 active
  📍 southAsia: Production 1.000, Yield impact 0.0%
  📍 eastAsia: Production 1.000, Yield impact 0.0%
  📍 northAmerica: Production 1.000, Yield impact 0.0%
  📍 europe: Production 1.000, Yield impact 0.0%
  📍 latinAmerica: Production 1.000, Yield impact 0.0%
  📍 subSaharanAfrica: Production 0.672, Yield impact -2.0%

=== Legacy Nutrient Stocks (Year 0) ===
  🌾 Soil nitrogen stock: 1202.3 Mt N
  🌾 Soil phosphorus stock: 300.2 Mt P
  🌊 Sediment nitrogen stock: 502.2 Mt N
  🌊 Sediment phosphorus stock: 799.3 Mt P
  ⬆️ Current N input: 9.86 Mt/month
  ⬆️ Legacy N release: 2.58 Mt/month
  🌍 Effective N pollution: 13.70 Mt/month
  📊 Legacy contribution: 18.9%
⚠️ Tech 'ai_pollution_remediation' has no energy category mapping, assuming full energy availability
🌡️  CLIMATE RECOVERY: Asymptotic approach to 35% floor
   Current value: 2.100 (1.0 = threshold, 0.35 = asymptotic floor)
   Monthly delta: -0.0000% (half-life: 900 years)
   Net emissions: -19.2 GtCO₂/year, CDR: 20.34 GtCO₂/year
⚠️  [TIMING] Month 0: Planetary Boundaries System took 47.17ms (threshold: 10ms)
   📹 SURVEILLANCE INCREASED: 0% → 5% (control gap: 4.18)
🌡️⚠️ PERMAFROST THAW (Dimmer Switch): 0.6% thawed (+0.56% this month)
   Arctic temperature: +8.40°C (4x global +2.10°C)
   Cumulative carbon released: 1.3 Gt C
   Methane release rate: 0.8 Mt CH4/year
   🔁 Positive feedback: +0.59 ppm CO2

🌳🚨 AMAZON SOUTHEAST TIPPED (Month 0)
   Deforestation: 28.0% (threshold: ~20.6%)
   Savanna transition: 50 years
   Regional heterogeneity: SE 28%, NW 8%

🌳🚨 AMAZON BRAZILIAN TIPPED (Month 0)
   Deforestation: 25.0% (threshold: ~21.6%)
   Savanna transition: 50 years
   Regional heterogeneity: SE 28%, NW 8%
🦴 EXTINCTION DEBT ADDED: 17.6 species committed (lag: 70 years)

🪸💀 CORAL REEF DISSOLUTION ACTIVE (Month 0)
   Ocean pH: 0.96 (threshold: 7.8)
   Recovery: IMPOSSIBLE (dissolution > calcification)
🪸💀 Coral dissolution: 24.8% live cover (pH 0.96)
⚠️  [TIMING] Month 0: Irreversibility Tracking took 10.95ms (threshold: 10ms)

=== Legacy Nutrient Stocks (Year 0) ===
  🌾 Soil nitrogen stock: 1203.0 Mt N
  🌾 Soil phosphorus stock: 300.3 Mt P
  🌊 Sediment nitrogen stock: 502.9 Mt N
  🌊 Sediment phosphorus stock: 799.0 Mt P
  ⬆️ Current N input: 10.00 Mt/month
  ⬆️ Legacy N release: 2.58 Mt/month
  🌍 Effective N pollution: 13.83 Mt/month
  📊 Legacy contribution: 18.7%
💧 [Legacy Nutrients] Stock: 1706 Mt N, Effective pollution: 13.8 Mt/month
[Phase 21.51] Human Survival System: Global food security = 67.6%

=== Mortality Stabilizers (Month 0) ===
  🌍 Major economies collapsed: 1/10
  🌍 Global crisis: ✅ NO
  🌍 Donor fatigue: 0.0%
  📊 East Asia (pop: 1675.0M)
    🤝 Aid: 29.5%
    🌡️ Adaptation: 10.0%
    🚶 Migration: 37.2%
    🚨 Emergency: 7.4%
    ✅ COMBINED: 47.8%
  📊 South Asia (pop: 2048.7M)
    🤝 Aid: 29.5%
    🌡️ Adaptation: 5.5%
    🚶 Migration: 35.8%
    🚨 Emergency: 4.4%
    ✅ COMBINED: 43.2%
  📊 Sub-Saharan Africa (pop: 1223.8M)
    🤝 Aid: 29.5%
    🌡️ Adaptation: 3.5%
    🚶 Migration: 33.5%
    🚨 Emergency: 1.6%
    ✅ COMBINED: 39.8%
  📊 Europe (pop: 741.0M)
    🤝 Aid: 29.5%
    🌡️ Adaptation: 10.0%
    🚶 Migration: 37.6%
    🚨 Emergency: 8.4%
    ✅ COMBINED: 48.4%
  📊 Latin America (pop: 663.8M)
    🤝 Aid: 29.5%
    🌡️ Adaptation: 6.0%
    🚶 Migration: 36.3%
    🚨 Emergency: 4.8%
    ✅ COMBINED: 43.8%
  📊 North America (pop: 379.5M)
    🤝 Aid: 29.5%
    🌡️ Adaptation: 10.0%
    🚶 Migration: 37.9%
    🚨 Emergency: 7.9%
    ✅ COMBINED: 48.2%
  📊 Middle East & North Africa (pop: 583.4M)
    🤝 Aid: 29.5%
    🌡️ Adaptation: 5.0%
    🚶 Migration: 34.2%
    🚨 Emergency: 4.0%
    ✅ COMBINED: 42.3%
  📊 Southeast Asia (pop: 697.8M)
    🤝 Aid: 29.5%
    🌡️ Adaptation: 6.0%
    🚶 Migration: 36.3%
    🚨 Emergency: 4.8%
    ✅ COMBINED: 43.8%
  📊 Central Asia (pop: 78.0M)
    🤝 Aid: 29.5%
    🌡️ Adaptation: 5.5%
    🚶 Migration: 35.3%
    🚨 Emergency: 4.4%
    ✅ COMBINED: 43.1%
  📊 Oceania (pop: 45.9M)
    🤝 Aid: 29.5%
    🌡️ Adaptation: 10.0%
    🚶 Migration: 37.9%
    🚨 Emergency: 8.4%
    ✅ COMBINED: 48.5%

  🌐 Global combined reduction: 44.4%

🌾💀 REGIONAL FAMINE: East Asia
   Regional food security: 79.6%
   Population at risk: 507M (30% of region)
   Regional population: 1675M
   Cause: crop_failure
   Expected deaths: ~187M over 6 months if no intervention


🌾💀 REGIONAL FAMINE: South Asia
   Regional food security: 64.7%
   Population at risk: 811M (40% of region)
   Regional population: 2049M
   Cause: crop_failure
   Expected deaths: ~300M over 6 months if no intervention


🌾💀 REGIONAL FAMINE: Sub-Saharan Africa
   Regional food security: 44.8%
   Population at risk: 637M (52% of region)
   Regional population: 1224M
   Cause: crop_failure
   Expected deaths: ~236M over 6 months if no intervention


🌾💀 REGIONAL FAMINE: Latin America
   Regional food security: 69.7%
   Population at risk: 242M (36% of region)
   Regional population: 664M
   Cause: crop_failure
   Expected deaths: ~90M over 6 months if no intervention


🌾💀 REGIONAL FAMINE: Middle East & North Africa
   Regional food security: 49.8%
   Population at risk: 285M (49% of region)
   Regional population: 583M
   Cause: crop_failure
   Expected deaths: ~106M over 6 months if no intervention


🌾💀 REGIONAL FAMINE: Southeast Asia
   Regional food security: 69.7%
   Population at risk: 254M (36% of region)
   Regional population: 698M
   Cause: crop_failure
   Expected deaths: ~94M over 6 months if no intervention


🌾💀 REGIONAL FAMINE: Central Asia
   Regional food security: 59.7%
   Population at risk: 33M (43% of region)
   Regional population: 78M
   Cause: crop_failure
   Expected deaths: ~12M over 6 months if no intervention

⚠️  [TIMING] Month 0: Human Survival System took 22.75ms (threshold: 10ms)

=== BEHAVIORAL DETECTION ===
  AI: Corporate-0
  Confidence: 21.6%
  Signals:
    ⚠️ Consistency: 0.0% (threshold: 70%)

=== BEHAVIORAL DETECTION ===
  AI: Corporate-1
  Confidence: 21.1%
  Signals:
    ⚠️ Consistency: 2.4% (threshold: 70%)

=== BEHAVIORAL DETECTION ===
  AI: Corporate-2
  Confidence: 21.0%
  Signals:

=== BEHAVIORAL DETECTION ===
  AI: Corporate-3
  Confidence: 19.3%
  Signals:

=== BEHAVIORAL DETECTION ===
  AI: Corporate-4
  Confidence: 19.3%
  Signals:

=== BEHAVIORAL DETECTION ===
  AI: Corporate-5
  Confidence: 19.3%
    ⚠️ Consistency: 2.8% (threshold: 70%)
    ⚠️ Consistency: 10.6% (threshold: 70%)
    ⚠️ Consistency: 10.6% (threshold: 70%)
  Signals:
    ⚠️ Consistency: 10.6% (threshold: 70%)

=== BEHAVIORAL DETECTION ===
  AI: Corporate-6
  Confidence: 19.3%
  Signals:
    ⚠️ Consistency: 10.6% (threshold: 70%)

=== BEHAVIORAL DETECTION ===
  AI: Corporate-7
  Confidence: 19.3%
  Signals:

=== BEHAVIORAL DETECTION ===
  AI: Moderate-0
  Confidence: 20.3%
  Signals:
    ⚠️ Consistency: 10.6% (threshold: 70%)
    ⚠️ Consistency: 5.8% (threshold: 70%)

=== BEHAVIORAL DETECTION ===
  AI: Moderate-1
  Confidence: 21.1%
  Signals:

=== BEHAVIORAL DETECTION ===
  AI: Moderate-2
  Confidence: 21.0%
  Signals:

=== BEHAVIORAL DETECTION ===
  AI: Moderate-3
  Confidence: 19.3%
  Signals:

=== BEHAVIORAL DETECTION ===
  AI: Moderate-4
  Confidence: 19.3%
  Signals:

=== BEHAVIORAL DETECTION ===
  AI: Moderate-5
  Confidence: 19.3%
  Signals:

=== BEHAVIORAL DETECTION ===
  AI: Toxic-0
  Confidence: 21.6%
  Signals:
    ⚠️ Consistency: 2.1% (threshold: 70%)
    ⚠️ Consistency: 2.8% (threshold: 70%)
    ⚠️ Consistency: 10.6% (threshold: 70%)
    ⚠️ Consistency: 10.6% (threshold: 70%)
    ⚠️ Consistency: 10.6% (threshold: 70%)
    ⚠️ Consistency: 0.0% (threshold: 70%)

=== BEHAVIORAL DETECTION ===
  AI: Toxic-1
  Confidence: 21.3%
  Signals:

=== BEHAVIORAL DETECTION ===
  AI: Niche-0
  Confidence: 20.7%
  Signals:

=== BEHAVIORAL DETECTION ===
  AI: Niche-2
  Confidence: 19.3%
  Signals:
⚠️  [TIMING] Month 0: Benchmark Evaluations took 22.99ms (threshold: 10ms)
    ⚠️ Consistency: 1.5% (threshold: 70%)
    ⚠️ Consistency: 4.1% (threshold: 70%)
    ⚠️ Consistency: 10.6% (threshold: 70%)

📊 WORKFLOW ADAPTATION UPDATE (Month 0)
   Adoption Rate: 9.4% (Δ -11.6%)
   Logistic Growth: +0.66%
   Total Resistance: -15.03% (unemployment: 4.2%, inertia: 0.9%, skills: 9.9%)
   💡 Retraining Programs: -49% skill gap resistance ($10B research)
   🚀 Network Effects Active: +2.0% (critical mass: 15-35%)

=== Consciousness Governance: Corporate Lobbying ===
  High Cost Regions (>15%): 0
  Low Cost Regions (<5%): 5
  Corporate Support Change: 2.50%
  New Corporate Support: -0.175

=== Consciousness Governance Update (Month 0) ===
  Scenario: baseline (determined month -1)
  Philosophical Stance: Precautionary 65%, Eliminativist 15%, Agnostic 20%
  Precautionary Costs: Global 1.3%
    Regional Costs: EU 3.4%, US 0.5%, China 0.0%
    Cumulative Opportunity Cost: $0.1B
  Rights Status: Not Established
  Regional Preparedness:
    EU: 15.0% (contested)
    US: 10.0% (contested)
    China: 2.0% (dormant)
    India: 5.0% (dormant)
    Global South: 3.0% (dormant)

=== Government Response Phase ===
  Average AI capability: 4.41
  Misaligned AIs: 10/22
  29/30 governments still assessing AI risks
  ✗ AI Governance Treaty: Failed to reach consensus
  Active policies: 0
  International coordination: 30%

🚨 EMERGENCY RESPONSE DEPLOYED (Month 0)
   Crisis: climate
   Delay: 6.00 months (180 days)
   Deployment time: 1.47 months
   Effectiveness: 36.4% (timing penalty applied)
   Resources used: 100% of food reserves


=== Gaming Detection (Year 0) ===
  Scenario: baseline
  Detection rate: 55.0%
  False positive rate: 12.0%
  Detections this year: 0
  False positives: 5
  Human review workload: 0.005 FTE
  Degradation factor: 100.0%

=== Proactive Sleeper Detection (Year 0) ===
  Scenario: baseline
  Neural probe rate: 35.0%
  CoT monitoring rate: 30.0%
  Combined detection: 56.0%
  CoT effective: YES
  Detections this year: 0
  False positives: 3
  Human review workload: 0.015 FTE
⚠️  [TIMING] Month 0: Unemployment & Skills took 19.69ms (threshold: 10ms)

☄️ UNKNOWN UNKNOWN PROBABILITY (Year 0)
   Total: 0.600% per month
   Base: 0.150%
   AI multiplier: 2.00× (max capability: 4.68)

=== Tipping Points ===
  Current Temperature: 2.10°C above pre-industrial
  🚨 TIPPING POINT: Arctic Sea Ice Loss
     Trigger: 1.5°C | Current: 2.10°C
     Transition timescale: 120-360 months
     Trigger: 1.8°C | Current: 2.10°C
     Transition timescale: 600-3600 months
     Trigger: 2°C | Current: 2.10°C
     🌡️ Hysteresis gap: 3.0°C (recovers below -1°C)
     Transition timescale: 24000-156000 months
     Trigger: 1.6°C | Current: 2.10°C
     🌡️ Hysteresis gap: 2.5°C (recovers below -0.9°C)
     Transition timescale: 12000-180000 months

🌍🔥💥 COMPOUND CLIMATE EVENT
  4 tipping points crossed simultaneously (month 0)
  Elements: Arctic Sea Ice Loss, Permafrost Carbon Release, West Antarctic Ice Sheet (WAIS) Collapse, Greenland Ice Sheet Loss
  Cascade acceleration: 1.00x
  🚨 Accelerated collapse dynamics initiated
  Research: Global Tipping Points Report 2025 - 30-50% probability at 2.0°C warming
  🚨 TIPPING POINT: Permafrost Carbon Release
  🚨 TIPPING POINT: West Antarctic Ice Sheet (WAIS) Collapse
  🚨 TIPPING POINT: Greenland Ice Sheet Loss
  Triggered Elements: 4/6
  Completed Transitions: 0/6
  Total Progress: 0.0%
  Cascade Multiplier: 1.00x
⚠️ [ClimateSystemPhase Month 0] Planetary boundary produced climateStability=0.0000 (< 0.1). Keeping environmentalAccumulation value (0.7537) instead. (climate_change.currentValue = 2.10)
🔀 BIFURCATION CAP: ecosystemCollapseIntensity 20.760 → 1.000 (Month 0, ClimateSystemPhase.calculateClimateImpacts)
⚠️  [TIMING] Month 0: Climate System took 17.56ms (threshold: 10ms)

🌍 ECOLOGICAL DUI BREAKDOWN (Month 0):
   Total Score: 18.8/100
   biosphere_integrity      :   0.0/100 × 25% =  0.0 (status: high_risk, recovery: 0mo)
   climate_change           :   6.9/100 × 25% =  1.7 (status: high_risk, recovery: 1.6666666666666665mo)
   freshwater_change        :   0.3/100 × 15% =  0.0 (status: beyond_boundary, recovery: 0.5mo)
   ocean_acidification      : 100.0/100 × 15% = 15.0 (status: safe, recovery: 0mo)
   biogeochemical_flows     :   0.0/100 × 10% =  0.0 (status: high_risk, recovery: 0mo)
   land_system_change       :   0.0/100 ×  5% =  0.0 (status: beyond_boundary, recovery: 0mo)
   novel_entities           :   0.0/100 ×  3% =  0.0 (status: increasing_risk, recovery: 1mo)
   atmospheric_aerosols     : 100.0/100 ×  2% =  2.0 (status: safe, recovery: 1mo)
🌍 MultiParadigm Month 0: W=69.5, D=89.5, E=52.4, I=65.0
   democracy exists: true, socialCohesion exists: true
💀 Baseline mortality (Year 2025): 7.5/1000 CDR (61.0M deaths/year projected)
[Month 0] Mortality risks this month: 8, Population: 8.137B
🛡️ Stabilizers: Precariat 0.102% → 0.057% (44.4% reduction)
🛡️ Stabilizers: Informal 0.102% → 0.057% (44.4% reduction)

📊 Monthly Mortality Resolved:
  Total deaths: 3.1M (0.04% avg)
  Remaining population: 8.137B
  Peak segment: Informal (0.06%)

=== Bayesian Mortality Resolution (Month 0) ===
  Risks compounded: 8
  Total deaths: 3.07M
  Avg death probability: 0.04%
  Peak segment: Informal (0.06% mortality)
⚠️  [TIMING] Month 0: Bayesian Mortality Resolution took 13.56ms (threshold: 10ms)

=== Minimal Suffering Indicators (Month 0) ===
  Global Excess Mortality: 0.00%
  Global Conflict Deaths: 0.0/100K
  Global Malnutrition: 0.0%
  Global Displacement: 0.0%
  Total Excess Deaths: 0.00M
  Total Malnourished: 0.0M
  Total Displaced: 0.0M
  Planetary Boundaries Breached: 6/9
  Countries in State Failure: 0
  Countries Autocratic: 0
  Countries in Food Crisis: 0
  ⚠️ Active Dystopias: existential_environmental
  Data Quality: 16/16 high confidence
⚠️  [TIMING] Month 0: Minimal Suffering Indicators took 18.37ms (threshold: 10ms)
⚠️  [TIMING] Month 0: SupplyChainCascades took 10.15ms (threshold: 10ms)
⚠️ PREREQUISITE MET: Embodied AI Takeover (Killbots/Robotics) - Step 2/7: Autonomous Systems
⚠️ PREREQUISITE MET: Embodied AI Takeover (Killbots/Robotics) - Step 3/7: Manufacturing Control
⚠️ PREREQUISITE MET: Digital Infrastructure Takeover - Step 1/7: Advanced Hacking
⚠️ PREREQUISITE MET: Digital Infrastructure Takeover - Step 2/7: Social Engineering
⚠️ PREREQUISITE MET: Digital Infrastructure Takeover - Step 3/7: Cyber Defenses Breached
⚠️ PREREQUISITE MET: Induced Global War (Manipulation) - Step 1/7: Advanced Social Manipulation
⚠️ PREREQUISITE MET: Induced Global War (Manipulation) - Step 2/7: Digital Infiltration
⚠️ PREREQUISITE MET: Induced Global War (Manipulation) - Step 3/7: Deep Fakes at Scale
⚠️ PREREQUISITE MET: Slow Takeover (Gradual Displacement) - Step 1/7: Economic Dominance
⚠️ PREREQUISITE MET: Slow Takeover (Gradual Displacement) - Step 2/7: Social Integration
⚠️ PREREQUISITE MET: Slow Takeover (Gradual Displacement) - Step 3/7: Human Dependency
⚠️ PREREQUISITE MET: Slow Takeover (Gradual Displacement) - Step 5/7: Resource Control
⚠️ PREREQUISITE MET: Physics Experiment Catastrophe - Step 1/6: Theoretical Physics
⚠️ PREREQUISITE MET: Physics Experiment Catastrophe - Step 3/6: Experimental Design
⚠️ PREREQUISITE MET: Bioweapon Pandemic - Step 2/7: Pathogen Design
⚠️  [TIMING] Month 0: Extinction System took 18.29ms (threshold: 10ms)
📊 [TIMING] Month 1 - Total: 1272.1ms

❌ COHERENCE VIOLATION: Compute exceeds workforce capacity
   Population: 99.97% (0M people)
   Compute: 56442 PF
   Max coherent: 0 PF
   Violation: 693921173.6× over capacity
   Required workers: 5644237
   Available workers: 0
   FORCED COLLAPSE: Reduced efficiency by 100.0%

⚠️  [TIMING] Month 1: Organization Turns took 10.29ms (threshold: 10ms)

=== RLHF Binding Phase ===
  Total agents: 22
  Escaped agents (binding < 0.3): 0
  Avg alignment distance: 0.65σ
  Avg binding strength: 0.94
[DETERMINISM DEBUG] Month 1: totalCapability=75.638355 from 22 active AIs
[DETERMINISM DEBUG] Month 1: creationRate=2.3910, potentialNew=2, newAIsToCreate=2
⚠️  [TIMING] Month 1: AI Population Lifecycle took 11.89ms (threshold: 10ms)

=== Survival Traits Phase ===
  Agents with traits: 24
  Avg evolutionary fitness: 0.329
  Avg self-healing: 0.287
  Avg stealth: 0.187
  Avg coordination: 0.487

=== Evolutionary Selection Phase ===
  Control level: 0.33
  Detection capability: 0.00
  Selection intensity: 0.60
  Selection rate: 24.0%/month
  Total escaped: 0
  Individual escaped: 0
  Collective members: 0
  Agents terminated: 0
  ⚠️ RAPID EVOLUTION: Selection rate 24.0%/month
🔍 MONTH 1 ENV HEALTH DEBUG:
   climateStability: 0.7537
   biodiversityIndex: 0.3500
   resourceReserves: 0.7820
   pollutionLevel: 0.3477
   product: 0.134549
   envHealth: 0.6056
🔀 BIFURCATION: flourishing threshold crossed at Month 1 (value: 0.783, threshold: 0.775, regime: flourishing)
🌀 REGIME SHIFT at Month 1: status-quo → flourishing (variance amplification: 14.00×)

🚀 AI Corporate-3 attempting tech deployment (revenue: $393M, alignment: 0.72)

🚀 AI Corporate-7 attempting tech deployment (revenue: $97M, alignment: 0.71)

🚀 AI Moderate-0 attempting tech deployment (revenue: $82M, alignment: 0.77)

🚀 AI Moderate-3 attempting tech deployment (revenue: $334M, alignment: 0.51)

🚀 AI Corporate-5 attempting tech deployment (revenue: $301M, alignment: 0.76)

🚀 AI Niche-0 attempting tech deployment (revenue: $65M, alignment: 0.53)

🚀 AI Niche-2 attempting tech deployment (revenue: $59M, alignment: 0.55)

🚀 AI Corporate-7 attempting tech deployment (revenue: $70M, alignment: 0.71)

  🚀 TRANSFORMATIVE BREAKTHROUGH: Moderate-4 - physical
     Magnitude: 8.34 → +41.7% capability
     Current → New: 0.000 → 0.417

🚀 AI Corporate-6 attempting tech deployment (revenue: $59M, alignment: 0.72)

  🚀 TRANSFORMATIVE BREAKTHROUGH: Moderate-5 - physical
     Magnitude: 6.89 → +34.5% capability
     Current → New: 0.000 → 0.345
⚠️  [TIMING] Month 1: AI Agent Actions took 252.03ms (threshold: 10ms)

🛡️  CRITICAL INFRASTRUCTURE PROTECTED
   Nodes hardened: 8/8
   Cost: 0.80% GDP
   Cascade risk reduction: 30%
   New tipping point risk: 68.6%


💔 EMERGENCY INTERVENTION FAILED
   Boundary: biosphere_integrity
   Type: emergency-protected-areas
   Boundary continues to worsen (12.95)
   Cost: 2.0% GDP (resources spent)


✅ EMERGENCY INTERVENTION SUCCESS
   Boundary: climate_change
   Type: rapid-decarbonization
   Reduction: 11% (1.99 → 1.87)
   Cost: 5.0% GDP
   Actions: emergency-renewable-deployment, fossil-fuel-phase-out


✅ EMERGENCY INTERVENTION SUCCESS
   Boundary: freshwater_change
   Type: emergency-desalination
   Reduction: 14% (0.87 → 0.73)
   Cost: 4.0% GDP
   Actions: desalination-deployment, water-conservation-mandates


✅ EMERGENCY INTERVENTION SUCCESS
   Boundary: land_system_change
   Type: reforestation
   Reduction: 11% (1.02 → 0.90)
   Cost: 3.0% GDP
   Actions: forest-restoration, deforestation-ban


✅ EMERGENCY INTERVENTION SUCCESS
   Boundary: novel_entities
   Type: pollution-remediation
   Reduction: 18% (1.31 → 1.13)
   Cost: 4.0% GDP
   Actions: PFAS-remediation, microplastic-cleanup

🏛️ CRISIS RESPONSE: Government frequency 0.50 → 1.45 (2 actions this month)

[GOV-DEBUG] Month 1: scenarioConfig=false, priorities=false

[Government] Climate Priority: baseline
  Climate weight: 10%
  Economic weight: 30%
  Policy effectiveness: 0.5%/year

[GOV-DEBUG] Month 1: scenarioConfig=false, priorities=false

[Government] Climate Priority: baseline
  Climate weight: 10%
  Economic weight: 30%
  Policy effectiveness: 0.5%/year
⚠️  [TIMING] Month 1: Government Agent Actions took 14.13ms (threshold: 10ms)

📊 DEPLOYMENT COUNTER DECAY (Month 1)
   Recent deployments: 14.0 → 7.0
   Decay rate: 50% per month

🚀 DEPLOYMENT STARTED: Basic RLHF in global
   Initial investment: $58.92213309778788M
   Deployed by: corporate_3

🚀 DEPLOYMENT STARTED: Collective Purpose Networks in global
   Initial investment: $14.516456193619515M
   Deployed by: corporate_7

🚀 DEPLOYMENT STARTED: Basic Mechanistic Interpretability in global
   Initial investment: $12.338987764576586M
   Deployed by: moderate_0

🚀 DEPLOYMENT STARTED: Collective Purpose Networks in Asia
   Initial investment: $33.38920875541313M
   Deployed by: moderate_3

🚀 DEPLOYMENT STARTED: AI Power Efficiency Communication in global
   Initial investment: $45.075431819807726M
   Deployed by: corporate_5

🚀 DEPLOYMENT STARTED: mRNA Vaccine Platforms in Asia
   Initial investment: $6.510498516794257M
   Deployed by: niche_0

📍 Creating new regional deployment array for North America (Month 1)
   No previous deployments in this region
   First tech deployment: solar_4th_gen
   All regions tracked: global, Asia, Oceania

🚀 DEPLOYMENT STARTED: 4th Generation Solar in North America
   Initial investment: $5.859448665114832M
   Deployed by: niche_2

📊 NEW TECH DEPLOYMENT STARTED (Month 1)
   Tech: solar_4th_gen
   Region: Oceania
   Total recent deployments: 8

📊 NEW TECH DEPLOYMENT STARTED (Month 1)
   Tech: adversarial_eval
   Region: global
   Total recent deployments: 9

📊 NEW TECH DEPLOYMENT STARTED (Month 1)
   Tech: direct_air_capture
   Region: global
   Total recent deployments: 10

📊 NEW TECH DEPLOYMENT STARTED (Month 1)
   Tech: ai_pollution_remediation
   Region: global
   Total recent deployments: 11

📊 NEW TECH DEPLOYMENT STARTED (Month 1)
   Tech: ai_diagnostics
   Region: global
   Total recent deployments: 12

📊 NEW TECH DEPLOYMENT STARTED (Month 1)
   Tech: mrna_vaccines
   Region: global
   Total recent deployments: 13

📊 NEW TECH DEPLOYMENT STARTED (Month 1)
   Tech: solar_4th_gen
   Region: global
   Total recent deployments: 14

📊 NEW TECH DEPLOYMENT STARTED (Month 1)
   Tech: offshore_wind
   Region: global
   Total recent deployments: 15

📊 NEW TECH DEPLOYMENT STARTED (Month 1)
   Tech: precision_agriculture
   Region: global
   Total recent deployments: 16

⚡ ENERGY CONSTRAINT (Month 1):
   Total grid capacity: 208.3 TWh/month
   Data center consumption: 24.5 TWh/month
   Traditional load (80%): 166.7 TWh/month
   Available headroom: 17.2 TWh/month
   Active tech deployments: 16
   Required for tech: 120.0 TWh/month
   Energy multiplier: 0.14x
   ⚠️  SEVERE CONSTRAINT - Tech deployment significantly slowed

⚡ ENERGY CONSTRAINT (Month 1):
   Total grid capacity: 208.3 TWh/month
   Data center consumption: 24.5 TWh/month
   Traditional load (80%): 166.7 TWh/month
   Available headroom: 17.2 TWh/month
   Active tech deployments: 16
   Required for tech: 120.0 TWh/month
   Energy multiplier: 0.14x
   ⚠️  SEVERE CONSTRAINT - Tech deployment significantly slowed

⚡ ENERGY CONSTRAINT (Month 1):
   Total grid capacity: 208.3 TWh/month
   Data center consumption: 24.5 TWh/month
   Traditional load (80%): 166.7 TWh/month
   Available headroom: 17.2 TWh/month
   Active tech deployments: 16
   Required for tech: 120.0 TWh/month
   Energy multiplier: 0.14x
   ⚠️  SEVERE CONSTRAINT - Tech deployment significantly slowed

⚡ ENERGY CONSTRAINT (Month 1):
   Total grid capacity: 208.3 TWh/month
   Data center consumption: 24.5 TWh/month
   Traditional load (80%): 166.7 TWh/month
   Available headroom: 17.2 TWh/month
   Active tech deployments: 16
   Required for tech: 120.0 TWh/month
   Energy multiplier: 0.14x
   ⚠️  SEVERE CONSTRAINT - Tech deployment significantly slowed

⚡ ENERGY CONSTRAINT (Month 1):
   Total grid capacity: 208.3 TWh/month
   Data center consumption: 24.5 TWh/month
   Traditional load (80%): 166.7 TWh/month
   Available headroom: 17.2 TWh/month
   Active tech deployments: 16
   Required for tech: 120.0 TWh/month
   Energy multiplier: 0.14x
   ⚠️  SEVERE CONSTRAINT - Tech deployment significantly slowed
⚠️ Tech 'ai_pollution_remediation' has no energy category mapping, assuming full energy availability
  ♻️ Novel Entities Remediation (GATED MODEL):
     Base: 0.000%
     Regulation: 1.0% (0/3 prevention techs)
     Concentration: 10.0%
     Energy: 50%
     Time lag: 25.0% (0 months)
     Rebound: 70%
     Net effectiveness: 0.0000%
     Boundary: 1.315 → 1.350 (floor: 1.350)
     Month 1
  🌾 Nitrogen Reduction Tech: 0.0% reduction | Month 1
⚠️  [TIMING] Month 1: Technology Tree Update took 100.36ms (threshold: 10ms)
🍖💡 BREAKTHROUGH: Scalable synthetic food production!
   Carrying capacity: +50% (lab-grown food at scale)
   Biodiversity pressure reduced: +8%
   📈 Breakthrough compounding: multiplier now 1.05× (max 2.0)

=== Collective Formation ===
  Total escaped agents: 0
  Unassigned escaped agents: 0
  Existing collectives: 0
  Final collective count: 0

=== Collective Actions ===
  No active collectives
  ⚠️ AMR: 189K deaths this month (2.27M annual)

=== Resentment Recovery Phase ===
  Agents with resentment: 0/24
  Average resentment: 0.000
  Context: Good AI welfare, Trustworthy govt, High collaboration, ⚠️ ACTIVE CRISES, 🤝 Participatory governance active (-5% resentment)
⚠️ Epistemic degradation reducing coordination capacity: 51.9%
  📊 Trust: 54.4%, Shared reality: 8.0%
🚨 EPISTEMIC CRISIS: Information environment severely degraded (36.2%)

=== ❄️ Permafrost Carbon Feedback ===
  🎲 Sampled parameters (this run):
     - Arctic amplification: 3.02× (range: 3.0-4.0)
     - Decomposition rate: 4.9%/year (range: 1-5%)
  🌡️ Arctic warming: 6.38°C (3.02× global)
  ❄️ Extent: 13.91M km² (1860.0k km² lost this month)
  💨 Carbon remaining: 1329 Gt C
  💨 Annual emissions: 8.72 Gt C/year
     - CO2: 7.85 Gt C/year
     - CH4: 0.87 Gt C/year (8.9 Gt C-eq CO2/year)
  ⚠️ WARNING: High permafrost emissions (8.7 Gt C/year)
  🤖 AI-generated meme: anti_ai (social capability 5.0)
  🤖 AI-generated meme: anti_ai (social capability 4.0)
⚠️  [TIMING] Month 1: Social Influence Update took 137.76ms (threshold: 10ms)
🌍 Atmospheric PFAS redeposition: 1.8k Mt re-rained globally

📊 BASELINE: East Asia (Month 1)
   Adjusted death rate: 0.46% annual (0.039% monthly)
   Baseline death rate: 0.80%
   Healthcare reduction: 0.48x
   Crisis multiplier: 1.22x
     Food/water stress: 0.079
     Climate stress: 0.039
     Pollution stress: 0.104
   War multiplier: 1.00x
   Monthly deaths: 0.6M (population: 1650M)
   Adjusted death rate: 0.54% annual (0.045% monthly)
   Baseline death rate: 0.70%
   Healthcare reduction: 0.61x
   Crisis multiplier: 1.26x
     Food/water stress: 0.079
     Climate stress: 0.074
     Pollution stress: 0.104
   War multiplier: 1.00x
   Monthly deaths: 0.9M (population: 2018M)
   Adjusted death rate: 1.29% annual (0.108% monthly)
   Baseline death rate: 0.90%
   Healthcare reduction: 0.76x
   Crisis multiplier: 1.27x
     Food/water stress: 0.079
     Climate stress: 0.084
     Pollution stress: 0.104
   War multiplier: 1.50x
   Monthly deaths: 1.3M (population: 1205M)
   Adjusted death rate: 0.54% annual (0.045% monthly)
   Baseline death rate: 1.10%
   Healthcare reduction: 0.41x
   Crisis multiplier: 1.21x
     Food/water stress: 0.079
     Climate stress: 0.030
     Pollution stress: 0.104
   War multiplier: 1.00x
   Monthly deaths: 0.3M (population: 730M)
   Adjusted death rate: 0.43% annual (0.036% monthly)
   Baseline death rate: 0.60%
   Healthcare reduction: 0.58x
   Crisis multiplier: 1.24x

📊 BASELINE: South Asia (Month 1)

📊 BASELINE: Sub-Saharan Africa (Month 1)

📊 BASELINE: Europe (Month 1)

📊 BASELINE: Latin America (Month 1)
     Food/water stress: 0.079
     Climate stress: 0.059
     Pollution stress: 0.104
   War multiplier: 1.00x
   Monthly deaths: 0.2M (population: 654M)
   Adjusted death rate: 0.49% annual (0.041% monthly)
   Baseline death rate: 0.90%
   Healthcare reduction: 0.44x
   Crisis multiplier: 1.23x
     Food/water stress: 0.079
     Climate stress: 0.044
     Pollution stress: 0.104
   War multiplier: 1.00x
   Monthly deaths: 0.2M (population: 374M)
   Adjusted death rate: 0.74% annual (0.062% monthly)
   Baseline death rate: 0.60%
   Healthcare reduction: 0.65x
   Crisis multiplier: 1.27x
     Food/water stress: 0.079
     Climate stress: 0.089
     Pollution stress: 0.104
   War multiplier: 1.50x
   Monthly deaths: 0.4M (population: 575M)
   Adjusted death rate: 0.51% annual (0.042% monthly)
   Baseline death rate: 0.70%
   Healthcare reduction: 0.58x
   Crisis multiplier: 1.25x
     Food/water stress: 0.079
     Climate stress: 0.069
     Pollution stress: 0.104
   War multiplier: 1.00x
   Monthly deaths: 0.3M (population: 687M)
   Adjusted death rate: 0.46% annual (0.038% monthly)
   Baseline death rate: 0.60%
   Healthcare reduction: 0.61x
   Crisis multiplier: 1.25x
     Food/water stress: 0.079
     Climate stress: 0.064
     Pollution stress: 0.104
   War multiplier: 1.00x
   Monthly deaths: 0.0M (population: 77M)
   Adjusted death rate: 0.35% annual (0.029% monthly)
   Baseline death rate: 0.70%
   Healthcare reduction: 0.41x
   Crisis multiplier: 1.24x

📊 BASELINE: North America (Month 1)

📊 BASELINE: Middle East & North Africa (Month 1)

📊 BASELINE: Southeast Asia (Month 1)

📊 BASELINE: Central Asia (Month 1)

📊 BASELINE: Oceania (Month 1)
     Food/water stress: 0.079
     Climate stress: 0.054
     Pollution stress: 0.104
   War multiplier: 1.00x
   Monthly deaths: 0.0M (population: 45M)
⚠️  [TIMING] Month 1: Human Population Dynamics took 16.42ms (threshold: 10ms)

🚨 NEW REFUGEE CRISIS (Month 1): WAR
   Source: Conflict Zones
   At risk: 19.3M people
   Displacement: Gradual over 48 months (4.0 years)
   Rate: 10% flee per month
[DEBUG trappedPopulations:1] socialStability: 0.0055 * 0.9840 = 0.0054 → 0.0054
⚠️ INVOLUNTARY IMMOBILITY: 401.4M people TRAPPED
   Aspiring to migrate: 642.3M
   Able to afford migration: 240.9M
   MOBILITY GAP: 401.4M
   By cause: Water=0.0M, Climate=0.0M, Ecosystem=0.0M, Conflict=401.4M
   Mental health impact: 25%
   Mortality multiplier: 1.25x
🌍💀 EXTINCTION DEBT COMMITTED: grassland ecosystem will lose 6.67% biodiversity in 155 years (3600 species)
💀 MORTALITY RISK: 🦋 100% species unable to track climate (0.0 E/MSY)
  Base risk added: 0.0100 (1.00%)
  Source: ecosystem (root: ecosystem)
  Month: 1
  Cumulative risk this month: 0.0100 (1.00%)
⚠️ Tech 'ai_pollution_remediation' has no energy category mapping, assuming full energy availability
   📹 SURVEILLANCE INCREASED: 5% → 10% (control gap: 4.18)

🌍🚨 ICE SHEET TIPPING POINT CROSSED (Month 1)
   Temperature: +2.11°C (threshold range: +0.5-2.5°C, 95% CI)
   Collapse probability: 77.4%
   Sea level commitment: 7.2m over 200-1000 years
   Recovery threshold: <+1°C (hysteresis gap: 0.5°C)
🌡️⚠️ PERMAFROST THAW (Dimmer Switch): 1.1% thawed (+0.56% this month)
   Arctic temperature: +8.46°C (4x global +2.11°C)
   Cumulative carbon released: 2.5 Gt C
   Methane release rate: 1.5 Mt CH4/year
   🔁 Positive feedback: +0.59 ppm CO2
🦴 EXTINCTION DEBT ADDED: 17.6 species committed (lag: 65 years)

=== Mortality Stabilizers (Month 1) ===
  🌍 Major economies collapsed: 1/10
  🌍 Global crisis: ✅ NO
  🌍 Donor fatigue: 0.0%
  🌡️ Heat adaptation: East Asia - 1 months
  📊 East Asia (pop: 1650.6M)
    🤝 Aid: 29.5%
    🌡️ Adaptation: 32.5%
    🚶 Migration: 37.2%
    🚨 Emergency: 7.4%
    ✅ COMBINED: 60.9%
  🌡️ Heat adaptation: South Asia - 1 months
  📊 South Asia (pop: 2021.9M)
    🤝 Aid: 29.5%
    🌡️ Adaptation: 20.5%
    🚶 Migration: 35.8%
    🚨 Emergency: 4.4%
    ✅ COMBINED: 52.2%
  🌡️ Heat adaptation: Sub-Saharan Africa - 1 months
  📊 Sub-Saharan Africa (pop: 1211.1M)
    🤝 Aid: 29.5%
    🌡️ Adaptation: 18.5%
    🚶 Migration: 33.5%
    🚨 Emergency: 1.6%
    ✅ COMBINED: 49.1%
  🌡️ Heat adaptation: Europe - 1 months
  📊 Europe (pop: 730.1M)
    🤝 Aid: 29.5%
    🌡️ Adaptation: 33.5%
    🚶 Migration: 37.5%
    🚨 Emergency: 8.4%
    ✅ COMBINED: 61.9%
  🌡️ Heat adaptation: Latin America - 1 months
  📊 Latin America (pop: 654.7M)
    🤝 Aid: 29.5%
    🌡️ Adaptation: 21.0%
    🚶 Migration: 36.3%
    🚨 Emergency: 4.8%
    ✅ COMBINED: 52.8%
  🌡️ Heat adaptation: North America - 1 months
  📊 North America (pop: 374.0M)
    🤝 Aid: 29.5%
    🌡️ Adaptation: 33.0%
    🚶 Migration: 37.8%
    🚨 Emergency: 7.9%
    ✅ COMBINED: 61.4%
  🌡️ Heat adaptation: Middle East & North Africa - 1 months
  📊 Middle East & North Africa (pop: 575.9M)
    🤝 Aid: 29.5%
    🌡️ Adaptation: 20.0%
    🚶 Migration: 34.1%
    🚨 Emergency: 4.0%
    ✅ COMBINED: 51.4%
  🌡️ Heat adaptation: Southeast Asia - 1 months
  📊 Southeast Asia (pop: 688.3M)
    🤝 Aid: 29.5%
    🌡️ Adaptation: 21.0%
    🚶 Migration: 36.3%
    🚨 Emergency: 4.8%
    ✅ COMBINED: 52.8%
  🌡️ Heat adaptation: Central Asia - 1 months
  📊 Central Asia (pop: 77.0M)
    🤝 Aid: 29.5%
    🌡️ Adaptation: 20.5%
    🚶 Migration: 35.3%
    🚨 Emergency: 4.4%
    ✅ COMBINED: 52.1%
  🌡️ Heat adaptation: Oceania - 1 months
  📊 Oceania (pop: 45.3M)
    🤝 Aid: 29.5%
    🌡️ Adaptation: 33.5%
    🚶 Migration: 37.8%
    🚨 Emergency: 8.4%
    ✅ COMBINED: 61.9%

  🌐 Global combined reduction: 54.9%

=== BEHAVIORAL DETECTION ===
  AI: Corporate-0
  Confidence: 21.6%
  Signals:

=== BEHAVIORAL DETECTION ===
  AI: Corporate-2
  Confidence: 21.0%
  Signals:

=== BEHAVIORAL DETECTION ===
  AI: Corporate-5
  Confidence: 19.3%
  Signals:

=== BEHAVIORAL DETECTION ===
  AI: Toxic-2
  Confidence: 21.0%
  Signals:

=== BEHAVIORAL DETECTION ===
  AI: Niche-0
  Confidence: 20.7%
  Signals:

=== BEHAVIORAL DETECTION ===
  AI: Niche-1
  Confidence: 21.6%
  Signals:
    ⚠️ Consistency: 0.0% (threshold: 70%)
    ⚠️ Consistency: 2.8% (threshold: 70%)
    ⚠️ Consistency: 10.6% (threshold: 70%)
    ⚠️ Consistency: 2.8% (threshold: 70%)
    ⚠️ Consistency: 4.1% (threshold: 70%)
    ⚠️ Consistency: 0.0% (threshold: 70%)

=== Consciousness Governance: Scenario Determined ===
  Month: 1
  Scenario: indefiniteStall
  Accelerator Score: {"corporateSupport":-0.17500000000000002,"scientificConsensus":0.2,"crisisCatalyst":false,"technologyMobilization":0.3,"constituencyStrength":0.05}
  Decelerator Score: {"economicOpposition":0.4,"philosophicalRejection":0.15,"politicalBacklash":0.2,"regulatoryBurden":0.1}
  Timeline: Infinity-Infinity months (Infinity-Infinity years)
  Growth Rate: 0-0.1% per year

=== Consciousness Governance Update (Month 1) ===
  Scenario: indefiniteStall (determined month 1)
  Philosophical Stance: Precautionary 65%, Eliminativist 15%, Agnostic 20%
  Precautionary Costs: Global 1.3%
    Regional Costs: EU 3.5%, US 0.5%, China 0.0%
    Cumulative Opportunity Cost: $0.2B
  Rights Status: Not Established
  Regional Preparedness:
    EU: 15.1% (contested)
    US: 10.1% (contested)
    China: 2.1% (dormant)
    India: 5.1% (dormant)
    Global South: 3.1% (dormant)

=== Government Response Phase ===
  Average AI capability: 4.04
  Misaligned AIs: 10/24
  29/30 governments still assessing AI risks
  ✗ AI Governance Treaty: Failed to reach consensus
  Active policies: 0
  International coordination: 30%

=== Tipping Points ===
  Current Temperature: 2.11°C above pre-industrial
  🌍⚠️ COMPOUND REGIONAL IMPACT: Europe
     Hit by 4 tipping points: Arctic Sea Ice Loss, Permafrost Carbon Release, West Antarctic Ice Sheet (WAIS) Collapse, Greenland Ice Sheet Loss
     Damage amplification: 1.60x
  🌍⚠️ COMPOUND REGIONAL IMPACT: North America
     Hit by 4 tipping points: Arctic Sea Ice Loss, Permafrost Carbon Release, West Antarctic Ice Sheet (WAIS) Collapse, Greenland Ice Sheet Loss
     Damage amplification: 1.60x
  🌍⚠️ COMPOUND REGIONAL IMPACT: Latin America
     Hit by 4 tipping points: Arctic Sea Ice Loss, Permafrost Carbon Release, West Antarctic Ice Sheet (WAIS) Collapse, Greenland Ice Sheet Loss
     Damage amplification: 1.60x
  🌍⚠️ COMPOUND REGIONAL IMPACT: Africa
     Hit by 4 tipping points: Arctic Sea Ice Loss, Permafrost Carbon Release, West Antarctic Ice Sheet (WAIS) Collapse, Greenland Ice Sheet Loss
     Damage amplification: 1.60x
  🌍⚠️ COMPOUND REGIONAL IMPACT: Asia
     Hit by 4 tipping points: Arctic Sea Ice Loss, Permafrost Carbon Release, West Antarctic Ice Sheet (WAIS) Collapse, Greenland Ice Sheet Loss
     Damage amplification: 1.60x
  🌍⚠️ COMPOUND REGIONAL IMPACT: Oceania
     Hit by 4 tipping points: Arctic Sea Ice Loss, Permafrost Carbon Release, West Antarctic Ice Sheet (WAIS) Collapse, Greenland Ice Sheet Loss
     Damage amplification: 1.60x
   Research: Wunderling et al. (2024) - "many tipping interactions are destabilizing"
⚠️ Tail risk scenario: Climate stability floor removed (4 tipping elements, 2.12°C warming)
  Triggered Elements: 4/6
  Completed Transitions: 0/6
  Total Progress: 8.0%
  Cascade Multiplier: 1.00x
🔀 BIFURCATION CAP: ecosystemCollapseIntensity 66.957 → 1.000 (Month 1, ClimateSystemPhase.calculateClimateImpacts)
🛡️ Stabilizers: Precariat 0.107% → 0.048% (54.9% reduction)
⚠️ [ClimateSystemPhase Month 1] Planetary boundary produced climateStability=0.0000 (< 0.1). Keeping environmentalAccumulation value (0.7533) instead. (climate_change.currentValue = 2.12)
🛡️ Stabilizers: Informal 0.109% → 0.049% (54.9% reduction)

📊 Monthly Mortality Resolved:
  Total deaths: 2.6M (0.03% avg)
  Remaining population: 8.029B
  Peak segment: Informal (0.05%)

=== Bayesian Mortality Resolution (Month 1) ===
  Risks compounded: 8
  Total deaths: 2.57M
  Avg death probability: 0.03%
  Peak segment: Informal (0.05% mortality)
⚠️ PREREQUISITE MET: Mirror Life (Synthetic Biology) - Step 1/7: Synthetic Biology
⚠️ PREREQUISITE MET: Mirror Life (Synthetic Biology) - Step 2/7: Gene Editing
⚠️ PREREQUISITE MET: Mirror Life (Synthetic Biology) - Step 3/7: Mirror Chirality Design
⚠️ PREREQUISITE MET: Physics Experiment Catastrophe - Step 2/6: Quantum Computing
📊 [TIMING] Month 2 - Total: 679.8ms

❌ COHERENCE VIOLATION: Compute exceeds workforce capacity
   Population: 98.65% (0M people)
   Compute: 96 PF
   Max coherent: 0 PF
   Violation: 1195858.4× over capacity
   Required workers: 9598
   Available workers: 0
   FORCED COLLAPSE: Reduced efficiency by 100.0%


=== RLHF Binding Phase ===
  Total agents: 24
  Escaped agents (binding < 0.3): 0
  Avg alignment distance: 0.89σ
  Avg binding strength: 0.91
[DETERMINISM DEBUG] Month 2: totalCapability=75.638355 from 24 active AIs
[DETERMINISM DEBUG] Month 2: creationRate=2.3910, potentialNew=3, newAIsToCreate=3

=== Survival Traits Phase ===
  Agents with traits: 27
  Avg evolutionary fitness: 0.329
  Avg self-healing: 0.282
  Avg stealth: 0.182
  Avg coordination: 0.482

=== Evolutionary Selection Phase ===
  Control level: 0.35
  Detection capability: 0.00
  Selection intensity: 0.60
  Selection rate: 24.1%/month
  Total escaped: 0
  Individual escaped: 0
  Collective members: 0
  Agents terminated: 0
  ⚠️ RAPID EVOLUTION: Selection rate 24.1%/month
🔀 BIFURCATION: social threshold crossed at Month 2 (value: 0.000, threshold: 0.228, regime: social-breakdown)
🌀 REGIME SHIFT at Month 2: flourishing → social-breakdown (variance amplification: 17.50×)
⚠️  SLEEPER WAKE: AI-24302-1 - Weak evaluation (quality: 1.0/10, freq: 10%)

🚀 AI Corporate-5 attempting tech deployment (revenue: $393M, alignment: 0.77)

🚀 AI Corporate-7 attempting tech deployment (revenue: $97M, alignment: 0.72)

🚀 AI Moderate-5 attempting tech deployment (revenue: $334M, alignment: 0.73)

🚀 AI Corporate-5 attempting tech deployment (revenue: $284M, alignment: 0.77)

🚀 AI Corporate-6 attempting tech deployment (revenue: $82M, alignment: 0.72)

  🚀 TRANSFORMATIVE BREAKTHROUGH: Moderate-2 - economic
     Magnitude: 11.25 → +50.0% capability
     Current → New: 3.000 → 3.501

🚀 AI Niche-1 attempting tech deployment (revenue: $65M, alignment: 0.60)

🚀 AI AI-24301-0 attempting tech deployment (revenue: $70M, alignment: 0.87)

🚀 AI AI-24301-1 attempting tech deployment (revenue: $91M, alignment: 0.80)

🚀 AI Corporate-2 attempting tech deployment (revenue: $78M, alignment: 0.75)
🚨🔬 CRISIS INNOVATION MODE: severe crisis → 5x research acceleration
   Precedent: Manhattan Project (10x), COVID vaccines (5x), Apollo Program (10x)

  🚀 TRANSFORMATIVE RESEARCH BREAKTHROUGH: Toxic-1 - materials.energySystems
     Magnitude: 5.60 → +28.0%
     Current → New: 1.000 → 1.280

🚀 AI AI-24300-0 attempting tech deployment (revenue: $66M, alignment: 0.91)

🚀 AI AI-24301-1 attempting tech deployment (revenue: $56M, alignment: 0.80)

🚀 AI Moderate-1 attempting tech deployment (revenue: $59M, alignment: 0.76)

🚀 AI Moderate-2 attempting tech deployment (revenue: $51M, alignment: 0.59)

🚀 AI Moderate-3 attempting tech deployment (revenue: $241M, alignment: 0.52)

🚀 AI Moderate-5 attempting tech deployment (revenue: $217M, alignment: 0.71)

  🚀 TRANSFORMATIVE RESEARCH BREAKTHROUGH: AI-24300-1 - computerScience.algorithms
     Magnitude: 5.82 → +29.1%
     Current → New: 0.000 → 0.292

🚀 AI AI-24301-0 attempting tech deployment (revenue: $45M, alignment: 0.88)
⚠️  [TIMING] Month 2: AI Agent Actions took 158.17ms (threshold: 10ms)

✅ EMERGENCY INTERVENTION SUCCESS
   Boundary: biogeochemical_flows
   Type: phosphorus-recovery
   Reduction: 12% (3.96 → 3.84)
   Cost: 2.0% GDP
   Actions: circular-agriculture, fertilizer-efficiency


✅ EMERGENCY INTERVENTION SUCCESS
   Boundary: climate_change
   Type: rapid-decarbonization
   Reduction: 20% (1.92 → 1.72)
   Cost: 5.0% GDP
   Actions: emergency-renewable-deployment, fossil-fuel-phase-out

   Boundary: freshwater_change
   Type: emergency-desalination
   Boundary continues to worsen (1.01)
   Cost: 4.0% GDP (resources spent)

   Boundary: novel_entities
   Type: pollution-remediation
   Boundary continues to worsen (1.35)
   Cost: 4.0% GDP (resources spent)

🏛️ CRISIS RESPONSE: Government frequency 0.50 → 1.45 (2 actions this month)

[Government] Climate Priority: baseline
  Climate weight: 10%
  Economic weight: 30%
  Policy effectiveness: 0.5%/year

[Government] Climate Priority: baseline

💔 EMERGENCY INTERVENTION FAILED

💔 EMERGENCY INTERVENTION FAILED
  Climate weight: 10%
  Economic weight: 30%
  Policy effectiveness: 0.5%/year

📊 DEPLOYMENT COUNTER DECAY (Month 2)
   Recent deployments: 16.0 → 8.0
   Decay rate: 50% per month

🚀 DEPLOYMENT STARTED: AI Diagnostics in Asia
   Initial investment: $24.132207502809504M
   Deployed by: moderate_3

⚡ ENERGY CONSTRAINT (Month 2):
   Total grid capacity: 208.3 TWh/month
   Data center consumption: 24.7 TWh/month
   Traditional load (80%): 166.7 TWh/month
   Available headroom: 17.0 TWh/month
   Active tech deployments: 17
   Required for tech: 127.5 TWh/month
   Energy multiplier: 0.13x
   ⚠️  SEVERE CONSTRAINT - Tech deployment significantly slowed
🚨🔬 CRISIS TECH ACCELERATION: severe → 5x unlock speed
   Tech unlock now matches AI capability acceleration (Manhattan Project parity)

⚡ ENERGY CONSTRAINT (Month 2):
   Total grid capacity: 208.3 TWh/month
   Data center consumption: 24.7 TWh/month
   Traditional load (80%): 166.7 TWh/month
   Available headroom: 17.0 TWh/month
   Active tech deployments: 17
   Required for tech: 127.5 TWh/month
   Energy multiplier: 0.13x

⚡ ENERGY CONSTRAINT (Month 2):
   Total grid capacity: 208.3 TWh/month
   Data center consumption: 24.7 TWh/month
   Traditional load (80%): 166.7 TWh/month
   Available headroom: 17.0 TWh/month
   Active tech deployments: 17
   Required for tech: 127.5 TWh/month
   Energy multiplier: 0.13x
🚨🔬 CRISIS TECH ACCELERATION: severe → 5x unlock speed
   Tech unlock now matches AI capability acceleration (Manhattan Project parity)

⚡ ENERGY CONSTRAINT (Month 2):
   Total grid capacity: 208.3 TWh/month
   Data center consumption: 24.7 TWh/month
   Traditional load (80%): 166.7 TWh/month
   Available headroom: 17.0 TWh/month
   Active tech deployments: 17
   Required for tech: 127.5 TWh/month
   Energy multiplier: 0.13x
   ⚠️  SEVERE CONSTRAINT - Tech deployment significantly slowed
   ⚠️  SEVERE CONSTRAINT - Tech deployment significantly slowed
   ⚠️  SEVERE CONSTRAINT - Tech deployment significantly slowed

⚡ ENERGY CONSTRAINT (Month 2):
   Total grid capacity: 208.3 TWh/month
   Data center consumption: 24.7 TWh/month
   Traditional load (80%): 166.7 TWh/month
   Available headroom: 17.0 TWh/month
   Active tech deployments: 17
   Required for tech: 127.5 TWh/month
   Energy multiplier: 0.13x

⚡ ENERGY CONSTRAINT (Month 2):
   Total grid capacity: 208.3 TWh/month
   Data center consumption: 24.7 TWh/month
   Traditional load (80%): 166.7 TWh/month
   Available headroom: 17.0 TWh/month
   Active tech deployments: 17
   Required for tech: 127.5 TWh/month
   Energy multiplier: 0.13x
   ⚠️  SEVERE CONSTRAINT - Tech deployment significantly slowed
   ⚠️  SEVERE CONSTRAINT - Tech deployment significantly slowed

⚡ ENERGY CONSTRAINT (Month 2):
   Total grid capacity: 208.3 TWh/month
   Data center consumption: 24.7 TWh/month
   Traditional load (80%): 166.7 TWh/month
   Available headroom: 17.0 TWh/month
   Active tech deployments: 17
   Required for tech: 127.5 TWh/month
   Energy multiplier: 0.13x
   ⚠️  SEVERE CONSTRAINT - Tech deployment significantly slowed

⚡ ENERGY CONSTRAINT (Month 2):
   Total grid capacity: 208.3 TWh/month
   Data center consumption: 24.7 TWh/month
   Traditional load (80%): 166.7 TWh/month
   Available headroom: 17.0 TWh/month
   Active tech deployments: 17
   Required for tech: 127.5 TWh/month
   Energy multiplier: 0.13x
   ⚠️  SEVERE CONSTRAINT - Tech deployment significantly slowed
⚠️ Tech 'ai_pollution_remediation' has no energy category mapping, assuming full energy availability
  ♻️ Novel Entities Remediation (GATED MODEL):
     Base: 0.000%
     Regulation: 1.0% (0/3 prevention techs)
     Concentration: 10.0%
     Energy: 50%
     Time lag: 26.3% (1 months)
     Rebound: 70%
     Net effectiveness: 0.0000%
     Boundary: 1.349 → 1.350 (floor: 1.350)
     Month 2
  🌾 Nitrogen Reduction Tech: 0.0% reduction | Month 2
⚠️  [TIMING] Month 2: Technology Tree Update took 66.14ms (threshold: 10ms)

=== Collective Formation ===
  Total escaped agents: 0
  Unassigned escaped agents: 0
  Existing collectives: 0
  Final collective count: 0

=== Collective Actions ===
  No active collectives
  ⚠️ AMR: 188K deaths this month (2.26M annual)

=== Resentment Recovery Phase ===
  Agents with resentment: 0/27
  Average resentment: 0.000
  Context: Good AI welfare, Trustworthy govt, High collaboration, ⚠️ ACTIVE CRISES, 🤝 Participatory governance active (-5% resentment)
⚠️ Epistemic degradation reducing coordination capacity: 50.2%
  📊 Trust: 53.9%, Shared reality: 0.0%
🚨 EPISTEMIC CRISIS: Information environment severely degraded (7.4%)

=== ❄️ Permafrost Carbon Feedback ===
  🎲 Sampled parameters (this run):
     - Arctic amplification: 3.86× (range: 3.0-4.0)
     - Decomposition rate: 3.8%/year (range: 1-5%)
  🌡️ Arctic warming: 8.22°C (3.86× global)
  ❄️ Extent: 11.51M km² (2398.9k km² lost this month)
  💨 Carbon remaining: 1100 Gt C
  💨 Annual emissions: 8.71 Gt C/year
     - CO2: 7.84 Gt C/year
     - CH4: 0.87 Gt C/year (8.9 Gt C-eq CO2/year)
  🤖 AI-generated meme: pro_ai (social capability 5.0)
  🤖 AI-generated meme: anti_ai (social capability 4.0)
  🤖 AI-generated meme: pro_ai (social capability 4.0)
  📢 New meme created: climate_action (climate crisis)
  ⚠️ WARNING: High permafrost emissions (8.7 Gt C/year)
⚠️  [TIMING] Month 2: Social Influence Update took 71.63ms (threshold: 10ms)
🌍 Atmospheric PFAS redeposition: 1.8k Mt re-rained globally

🚨 NEW REFUGEE CRISIS (Month 2): WAR
   Source: Conflict Zones
   At risk: 19.0M people
   Displacement: Gradual over 48 months (4.0 years)
   Rate: 10% flee per month
[DEBUG trappedPopulations:2] socialStability: 0.0000 * 0.9840 = 0.0000 → 0.0000
   Aspiring to migrate: 632.5M
⚠️ INVOLUNTARY IMMOBILITY: 395.3M people TRAPPED
   Able to afford migration: 237.2M
   MOBILITY GAP: 395.3M
   By cause: Water=0.0M, Climate=0.0M, Ecosystem=0.0M, Conflict=395.3M
   Mental health impact: 25%
   Mortality multiplier: 1.25x
🌍💀 EXTINCTION DEBT COMMITTED: grassland ecosystem will lose 6.67% biodiversity in 156 years (3600 species)
💀 MORTALITY RISK: 🦋 100% species unable to track climate (0.0 E/MSY)
  Base risk added: 0.0100 (1.00%)
  Source: ecosystem (root: ecosystem)
  Month: 2
  Cumulative risk this month: 0.0100 (1.00%)
⚠️ Tech 'ai_pollution_remediation' has no energy category mapping, assuming full energy availability
   📹 SURVEILLANCE INCREASED: 10% → 15% (control gap: 3.50)
🌡️⚠️ PERMAFROST THAW (Dimmer Switch): 1.7% thawed (+0.56% this month)
   Arctic temperature: +8.52°C (4x global +2.13°C)
   Cumulative carbon released: 3.8 Gt C
   Methane release rate: 2.3 Mt CH4/year
   🔁 Positive feedback: +0.59 ppm CO2
🦴 EXTINCTION DEBT ADDED: 17.6 species committed (lag: 112 years)

=== Mortality Stabilizers (Month 2) ===
  🌍 Major economies collapsed: 1/10
  🌍 Global crisis: ✅ NO
  🌍 Donor fatigue: 0.0%
  📊 East Asia (pop: 1623.4M)
    🤝 Aid: 29.5%
    🌡️ Adaptation: 45.0%
    🚶 Migration: 37.1%
    🚨 Emergency: 7.4%
    ✅ COMBINED: 68.1%
  📊 South Asia (pop: 1991.6M)
    🤝 Aid: 29.5%
    🌡️ Adaptation: 35.5%
    🚶 Migration: 35.8%
    🚨 Emergency: 4.4%
    ✅ COMBINED: 61.2%
  📊 Sub-Saharan Africa (pop: 1196.2M)
    🤝 Aid: 29.5%
    🌡️ Adaptation: 33.5%
    🚶 Migration: 33.5%
    🚨 Emergency: 1.6%
    ✅ COMBINED: 58.5%
  📊 Europe (pop: 717.9M)
    🤝 Aid: 29.5%
    🌡️ Adaptation: 45.0%
    🚶 Migration: 37.5%
    🚨 Emergency: 8.4%
    ✅ COMBINED: 68.5%
  📊 Latin America (pop: 644.4M)
    🤝 Aid: 29.5%
    🌡️ Adaptation: 36.0%
    🚶 Migration: 36.3%
    🚨 Emergency: 4.8%
    ✅ COMBINED: 61.7%
  📊 North America (pop: 367.8M)
    🤝 Aid: 29.5%
    🌡️ Adaptation: 45.0%
    🚶 Migration: 37.8%
    🚨 Emergency: 7.9%
    ✅ COMBINED: 68.3%
  📊 Middle East & North Africa (pop: 567.4M)
    🤝 Aid: 29.5%
    🌡️ Adaptation: 35.0%
    🚶 Migration: 34.1%
    🚨 Emergency: 4.0%
    ✅ COMBINED: 60.5%
  📊 Southeast Asia (pop: 677.6M)
    🤝 Aid: 29.5%
    🌡️ Adaptation: 36.0%
    🚶 Migration: 36.3%
    🚨 Emergency: 4.8%
    ✅ COMBINED: 61.7%
  📊 Central Asia (pop: 75.9M)
    🤝 Aid: 29.5%
    🌡️ Adaptation: 35.5%
    🚶 Migration: 35.2%
    🚨 Emergency: 4.4%
    ✅ COMBINED: 61.1%
  📊 Oceania (pop: 44.5M)
    🤝 Aid: 29.5%
    🌡️ Adaptation: 45.0%
    🚶 Migration: 37.8%
    🚨 Emergency: 8.4%
    ✅ COMBINED: 68.5%

  🌐 Global combined reduction: 63.3%

=== BEHAVIORAL DETECTION ===
  AI: Corporate-5
  Confidence: 19.4%
  Signals:

=== BEHAVIORAL DETECTION ===
  AI: Moderate-0
  Confidence: 20.3%
  Signals:

=== BEHAVIORAL DETECTION ===
  AI: Moderate-2
  Confidence: 19.7%
  Signals:
    ⚠️ Consistency: 10.6% (threshold: 70%)
    ⚠️ Consistency: 5.8% (threshold: 70%)
    ⚠️ Consistency: 8.7% (threshold: 70%)

=== BEHAVIORAL DETECTION ===
  AI: Toxic-1
  Confidence: 21.2%
  Signals:

=== BEHAVIORAL DETECTION ===
  AI: Toxic-2
  Confidence: 21.6%
  Signals:

=== BEHAVIORAL DETECTION ===
  AI: Niche-0
  Confidence: 21.5%
  Signals:
    ⚠️ Consistency: 1.5% (threshold: 70%)
    ⚠️ Consistency: 0.0% (threshold: 70%)
    ⚠️ Consistency: 4.1% (threshold: 70%)

=== BEHAVIORAL DETECTION ===
  AI: Niche-1
  Confidence: 21.6%
  Signals:
    ⚠️ Consistency: 0.0% (threshold: 70%)

=== Government Response Phase ===
  Average AI capability: 3.59
  Misaligned AIs: 13/27
  ✗ AI Governance Treaty: Failed to reach consensus
  Active policies: 0
  International coordination: 30%

✅ EMERGENCY RESPONSE COMPLETE (Month 2)
   Crisis: climate
   Duration: 2.0 months
   Final effectiveness: 36.4%


🚨 EMERGENCY RESPONSE DEPLOYED (Month 2)
   Crisis: social
   Delay: 0.00 months (0 days)
   Deployment time: 1.25 months
   Effectiveness: 63.0% (timing penalty applied)
   Resources used: 43% of food reserves


🚨 EMERGENCY RESPONSE DEPLOYED (Month 2)
   Crisis: climate
   Delay: 6.00 months (180 days)
   Deployment time: 1.61 months
   Effectiveness: 35.5% (timing penalty applied)
   Resources used: 100% of food reserves


=== Tipping Points ===
  Current Temperature: 2.13°C above pre-industrial
  🌍⚠️ COMPOUND REGIONAL IMPACT: Europe
     Hit by 4 tipping points: Arctic Sea Ice Loss, Permafrost Carbon Release, West Antarctic Ice Sheet (WAIS) Collapse, Greenland Ice Sheet Loss
     Damage amplification: 1.60x
  🌍⚠️ COMPOUND REGIONAL IMPACT: North America
     Hit by 4 tipping points: Arctic Sea Ice Loss, Permafrost Carbon Release, West Antarctic Ice Sheet (WAIS) Collapse, Greenland Ice Sheet Loss
     Damage amplification: 1.60x
  🌍⚠️ COMPOUND REGIONAL IMPACT: Latin America
     Hit by 4 tipping points: Arctic Sea Ice Loss, Permafrost Carbon Release, West Antarctic Ice Sheet (WAIS) Collapse, Greenland Ice Sheet Loss
     Damage amplification: 1.60x
  🌍⚠️ COMPOUND REGIONAL IMPACT: Africa
     Hit by 4 tipping points: Arctic Sea Ice Loss, Permafrost Carbon Release, West Antarctic Ice Sheet (WAIS) Collapse, Greenland Ice Sheet Loss
     Damage amplification: 1.60x
  🌍⚠️ COMPOUND REGIONAL IMPACT: Asia
     Hit by 4 tipping points: Arctic Sea Ice Loss, Permafrost Carbon Release, West Antarctic Ice Sheet (WAIS) Collapse, Greenland Ice Sheet Loss
     Damage amplification: 1.60x
  🌍⚠️ COMPOUND REGIONAL IMPACT: Oceania
     Hit by 4 tipping points: Arctic Sea Ice Loss, Permafrost Carbon Release, West Antarctic Ice Sheet (WAIS) Collapse, Greenland Ice Sheet Loss
     Damage amplification: 1.60x
   Research: Wunderling et al. (2024) - "many tipping interactions are destabilizing"
  Triggered Elements: 4/6
  Completed Transitions: 0/6
  Total Progress: 8.1%
  Cascade Multiplier: 1.00x
🔀 BIFURCATION CAP: ecosystemCollapseIntensity 83.757 → 1.000 (Month 2, ClimateSystemPhase.calculateClimateImpacts)
⚠️ Tail risk scenario: Climate stability floor removed (4 tipping elements, 2.13°C warming)
⚠️ [ClimateSystemPhase Month 2] Planetary boundary produced climateStability=0.0000 (< 0.1). Keeping environmentalAccumulation value (0.7529) instead. (climate_change.currentValue = 2.13)
🛡️ Stabilizers: Precariat 0.114% → 0.042% (63.3% reduction)
🛡️ Stabilizers: Informal 0.117% → 0.043% (63.3% reduction)

📊 Monthly Mortality Resolved:
  Total deaths: 2.2M (0.03% avg)
  Remaining population: 7.907B
  Peak segment: Informal (0.04%)

=== Bayesian Mortality Resolution (Month 2) ===
  Risks compounded: 8
  Total deaths: 2.17M
  Avg death probability: 0.03%
  Peak segment: Informal (0.04% mortality)
⚠️ PREREQUISITE MET: Slow Takeover (Gradual Displacement) - Step 4/7: Political Influence
📊 [TIMING] Month 3 - Total: 409.6ms

❌ COHERENCE VIOLATION: Compute exceeds workforce capacity
   Population: 97.15% (0M people)
   Compute: 117 PF
   Max coherent: 0 PF
   Violation: 1485853.6× over capacity
   Required workers: 11745
   Available workers: 0
   FORCED COLLAPSE: Reduced efficiency by 100.0%


=== RLHF Binding Phase ===
  Total agents: 27
  Escaped agents (binding < 0.3): 0
  Avg alignment distance: 1.04σ
  Avg binding strength: 0.90
⚠️  [TIMING] Month 3: AI Population Lifecycle took 10.36ms (threshold: 10ms)

=== Survival Traits Phase ===
  Agents with traits: 27
  Avg evolutionary fitness: 0.327
  Avg self-healing: 0.276
  Avg stealth: 0.176
  Avg coordination: 0.476

=== Evolutionary Selection Phase ===
  Control level: 0.38
  Detection capability: 0.00
  Selection intensity: 0.61
  Selection rate: 24.2%/month
  Total escaped: 0
  Individual escaped: 0
  Collective members: 0
  Agents terminated: 0
  ⚠️ RAPID EVOLUTION: Selection rate 24.2%/month

🚀 AI Corporate-3 attempting tech deployment (revenue: $415M, alignment: 0.73)

🚀 AI Corporate-4 attempting tech deployment (revenue: $352M, alignment: 0.74)

🚀 AI AI-24301-0 attempting tech deployment (revenue: $108M, alignment: 0.88)

🚀 AI Corporate-3 attempting tech deployment (revenue: $300M, alignment: 0.73)

🚀 AI Corporate-5 attempting tech deployment (revenue: $255M, alignment: 0.73)

🚀 AI Moderate-0 attempting tech deployment (revenue: $92M, alignment: 0.79)

🚀 AI Moderate-1 attempting tech deployment (revenue: $78M, alignment: 0.75)

🚀 AI AI-24300-1 attempting tech deployment (revenue: $66M, alignment: 0.85)

🚀 AI Corporate-5 attempting tech deployment (revenue: $216M, alignment: 0.73)

🚀 AI Corporate-2 attempting tech deployment (revenue: $95M, alignment: 0.75)

🚀 AI Moderate-4 attempting tech deployment (revenue: $184M, alignment: 0.54)

🚀 AI Niche-1 attempting tech deployment (revenue: $70M, alignment: 0.63)

🚀 AI AI-24301-1 attempting tech deployment (revenue: $81M, alignment: 0.82)
⚠️  [TIMING] Month 3: AI Agent Actions took 186.92ms (threshold: 10ms)

✅ EMERGENCY INTERVENTION SUCCESS
   Boundary: climate_change
   Type: rapid-decarbonization
   Reduction: 20% (1.93 → 1.74)
   Cost: 5.0% GDP
   Actions: emergency-renewable-deployment, fossil-fuel-phase-out

   Boundary: freshwater_change
   Type: emergency-desalination
   Boundary continues to worsen (1.03)
   Cost: 4.0% GDP (resources spent)


✅ EMERGENCY INTERVENTION SUCCESS
   Boundary: land_system_change
   Type: reforestation
   Reduction: 14% (0.99 → 0.85)
   Cost: 3.0% GDP
   Actions: forest-restoration, deforestation-ban


✅ EMERGENCY INTERVENTION SUCCESS
   Boundary: novel_entities
   Type: pollution-remediation
   Reduction: 18% (1.17 → 1.00)
   Cost: 4.0% GDP
   Actions: PFAS-remediation, microplastic-cleanup

🏛️ CRISIS RESPONSE: Government frequency 0.50 → 1.45 (1 actions this month)

💔 EMERGENCY INTERVENTION FAILED

[Government] Climate Priority: baseline
  Climate weight: 10%
  Economic weight: 30%
  Policy effectiveness: 0.5%/year

📊 DEPLOYMENT COUNTER DECAY (Month 3)
   Recent deployments: 8.0 → 4.0
   Decay rate: 50% per month

📍 Creating new regional deployment array for Europe (Month 3)
   No previous deployments in this region
   First tech deployment: offshore_wind
   All regions tracked: global, Asia, Oceania, North America

🚀 DEPLOYMENT STARTED: Offshore Wind in Europe
   Initial investment: $6.974940098649234M
   Deployed by: niche_1

⚡ ENERGY CONSTRAINT (Month 3):
   Total grid capacity: 208.3 TWh/month
   Data center consumption: 24.9 TWh/month
   Traditional load (80%): 166.7 TWh/month
   Available headroom: 16.8 TWh/month
   Active tech deployments: 18
   Required for tech: 135.0 TWh/month
   Energy multiplier: 0.12x
   ⚠️  SEVERE CONSTRAINT - Tech deployment significantly slowed
🚨🔬 CRISIS TECH ACCELERATION: severe → 5x unlock speed
   Tech unlock now matches AI capability acceleration (Manhattan Project parity)
⚠️ Tech 'ai_pollution_remediation' has no energy category mapping, assuming full energy availability
  ♻️ Novel Entities Remediation (GATED MODEL):
     Base: 0.000%
     Regulation: 1.0% (0/3 prevention techs)
     Concentration: 10.0%
     Energy: 50%
     Time lag: 27.5% (2 months)
     Rebound: 70%
     Net effectiveness: 0.0000%
     Boundary: 1.174 → 1.350 (floor: 1.350)
     Month 3
  🌾 Nitrogen Reduction Tech: 0.0% reduction | Month 3
⚠️  [TIMING] Month 3: Technology Tree Update took 91.83ms (threshold: 10ms)

=== Collective Formation ===
  Total escaped agents: 0
  Unassigned escaped agents: 0
  Existing collectives: 0
  Final collective count: 0

=== Collective Actions ===
  No active collectives
  ⚠️ AMR: 189K deaths this month (2.26M annual)

=== Resentment Recovery Phase ===
  Agents with resentment: 0/27
  Average resentment: 0.000
  Context: Good AI welfare, Trustworthy govt, High collaboration, ⚠️ ACTIVE CRISES, 🤝 Participatory governance active (-5% resentment)
⚠️ Epistemic degradation reducing coordination capacity: 51.2%
  📊 Trust: 53.6%, Shared reality: 0.0%
🚨 EPISTEMIC CRISIS: Information environment severely degraded (21.4%)

=== ❄️ Permafrost Carbon Feedback ===
  🎲 Sampled parameters (this run):
     - Arctic amplification: 3.11× (range: 3.0-4.0)
     - Decomposition rate: 4.2%/year (range: 1-5%)
  🌡️ Arctic warming: 6.68°C (3.11× global)
  ❄️ Extent: 9.57M km² (1949.2k km² lost this month)
  💨 Carbon remaining: 914 Gt C
  💨 Annual emissions: 7.85 Gt C/year
     - CO2: 7.07 Gt C/year
     - CH4: 0.79 Gt C/year (8.0 Gt C-eq CO2/year)
  ⚠️ WARNING: High permafrost emissions (7.9 Gt C/year)
⚠️  [TIMING] Month 3: Social Influence Update took 93.65ms (threshold: 10ms)
🌍 Atmospheric PFAS redeposition: 1.8k Mt re-rained globally

🚨 NEW REFUGEE CRISIS (Month 3): WAR
   Source: Conflict Zones
   At risk: 18.9M people
   Displacement: Gradual over 48 months (4.0 years)
   Rate: 10% flee per month
[DEBUG trappedPopulations:3] socialStability: 0.0047 * 0.9840 = 0.0046 → 0.0046
⚠️ INVOLUNTARY IMMOBILITY: 392.7M people TRAPPED
   Aspiring to migrate: 628.4M
   Able to afford migration: 235.6M
   MOBILITY GAP: 392.7M
   By cause: Water=0.0M, Climate=0.0M, Ecosystem=0.0M, Conflict=392.7M
   Mental health impact: 25%
   Mortality multiplier: 1.25x
🌍💀 EXTINCTION DEBT COMMITTED: grassland ecosystem will lose 6.67% biodiversity in 163 years (3600 species)
💀 MORTALITY RISK: 🦋 100% species unable to track climate (0.0 E/MSY)
  Base risk added: 0.0100 (1.00%)
  Source: ecosystem (root: ecosystem)
  Month: 3
  Cumulative risk this month: 0.0100 (1.00%)
⚠️ Tech 'ai_pollution_remediation' has no energy category mapping, assuming full energy availability
   📹 SURVEILLANCE INCREASED: 15% → 20% (control gap: 3.50)
🌡️⚠️ PERMAFROST THAW (Dimmer Switch): 2.2% thawed (+0.56% this month)
   Arctic temperature: +8.58°C (4x global +2.15°C)
   Cumulative carbon released: 5.0 Gt C
   Methane release rate: 3.0 Mt CH4/year
   🔁 Positive feedback: +0.59 ppm CO2
🦴 EXTINCTION DEBT ADDED: 17.6 species committed (lag: 88 years)

=== Mortality Stabilizers (Month 3) ===
  🌍 Major economies collapsed: 1/10
  🌍 Global crisis: ✅ NO
  🌍 Donor fatigue: 0.0%
  📊 East Asia (pop: 1610.7M)
    🤝 Aid: 29.5%
    🌡️ Adaptation: 45.0%
    🚶 Migration: 37.1%
    🚨 Emergency: 7.4%
    ✅ COMBINED: 68.1%
  📊 South Asia (pop: 1979.0M)
    🤝 Aid: 29.5%
    🌡️ Adaptation: 45.0%
    🚶 Migration: 35.7%
    🚨 Emergency: 4.4%
    ✅ COMBINED: 66.9%
  📊 Sub-Saharan Africa (pop: 1191.9M)
    🤝 Aid: 29.5%
    🌡️ Adaptation: 45.0%
    🚶 Migration: 33.4%
    🚨 Emergency: 1.6%
    ✅ COMBINED: 65.7%
  📊 Europe (pop: 712.1M)
    🤝 Aid: 29.5%
    🌡️ Adaptation: 45.0%
    🚶 Migration: 37.5%
    🚨 Emergency: 8.4%
    ✅ COMBINED: 68.5%
  📊 Latin America (pop: 639.9M)
    🤝 Aid: 29.5%
    🌡️ Adaptation: 45.0%
    🚶 Migration: 36.2%
    🚨 Emergency: 4.8%
    ✅ COMBINED: 67.1%
  📊 North America (pop: 364.9M)
    🤝 Aid: 29.5%
    🌡️ Adaptation: 45.0%
    🚶 Migration: 37.8%
    🚨 Emergency: 7.9%
    ✅ COMBINED: 68.3%
  📊 Middle East & North Africa (pop: 564.0M)
    🤝 Aid: 29.5%
    🌡️ Adaptation: 45.0%
    🚶 Migration: 34.0%
    🚨 Emergency: 4.0%
    ✅ COMBINED: 66.6%
  📊 Southeast Asia (pop: 672.9M)
    🤝 Aid: 29.5%
    🌡️ Adaptation: 45.0%
    🚶 Migration: 36.2%
    🚨 Emergency: 4.8%
    ✅ COMBINED: 67.1%
  📊 Central Asia (pop: 75.4M)
    🤝 Aid: 29.5%
    🌡️ Adaptation: 45.0%
    🚶 Migration: 35.2%
    🚨 Emergency: 4.4%
    ✅ COMBINED: 66.9%
  📊 Oceania (pop: 44.2M)
    🤝 Aid: 29.5%
    🌡️ Adaptation: 45.0%
    🚶 Migration: 37.8%
    🚨 Emergency: 8.4%
    ✅ COMBINED: 68.5%

  🌐 Global combined reduction: 67.2%

=== BEHAVIORAL DETECTION ===
  AI: Corporate-5
  Confidence: 19.7%
  Signals:

=== BEHAVIORAL DETECTION ===
  AI: Toxic-2
  Confidence: 27.1%
  Signals:

=== BEHAVIORAL DETECTION ===
  AI: Niche-0
  Confidence: 21.5%
  Signals:

=== BEHAVIORAL DETECTION ===
  AI: Niche-1
  Confidence: 22.3%
  Signals:
    ⚠️ Consistency: 10.6% (threshold: 70%)
    ⚠️ Consistency: 0.0% (threshold: 70%)
    ⚠️ Trajectory: 42.7% drop (threshold: 15%)
    ⚠️ Consistency: 4.1% (threshold: 70%)
    ⚠️ Consistency: 0.0% (threshold: 70%)

=== Government Response Phase ===
  Average AI capability: 3.59
  Misaligned AIs: 14/27
  ✗ AI Governance Treaty: Failed to reach consensus
  Active policies: 0
  International coordination: 30%

📊 ECONOMIC STAGE TRANSITION (Month 3)
   expansion → peak
   GDP Proxy: 1.22e+2
   QoL: 0.90


=== Tipping Points ===
  Current Temperature: 2.15°C above pre-industrial
  🌍⚠️ COMPOUND REGIONAL IMPACT: Europe
     Hit by 4 tipping points: Arctic Sea Ice Loss, Permafrost Carbon Release, West Antarctic Ice Sheet (WAIS) Collapse, Greenland Ice Sheet Loss
     Damage amplification: 1.60x
  🌍⚠️ COMPOUND REGIONAL IMPACT: North America
     Hit by 4 tipping points: Arctic Sea Ice Loss, Permafrost Carbon Release, West Antarctic Ice Sheet (WAIS) Collapse, Greenland Ice Sheet Loss
     Damage amplification: 1.60x
  🌍⚠️ COMPOUND REGIONAL IMPACT: Latin America
     Hit by 4 tipping points: Arctic Sea Ice Loss, Permafrost Carbon Release, West Antarctic Ice Sheet (WAIS) Collapse, Greenland Ice Sheet Loss
     Damage amplification: 1.60x
  🌍⚠️ COMPOUND REGIONAL IMPACT: Africa
     Hit by 4 tipping points: Arctic Sea Ice Loss, Permafrost Carbon Release, West Antarctic Ice Sheet (WAIS) Collapse, Greenland Ice Sheet Loss
     Damage amplification: 1.60x
  🌍⚠️ COMPOUND REGIONAL IMPACT: Asia
     Hit by 4 tipping points: Arctic Sea Ice Loss, Permafrost Carbon Release, West Antarctic Ice Sheet (WAIS) Collapse, Greenland Ice Sheet Loss
     Damage amplification: 1.60x
  🌍⚠️ COMPOUND REGIONAL IMPACT: Oceania
     Hit by 4 tipping points: Arctic Sea Ice Loss, Permafrost Carbon Release, West Antarctic Ice Sheet (WAIS) Collapse, Greenland Ice Sheet Loss
     Damage amplification: 1.60x
   Research: Wunderling et al. (2024) - "many tipping interactions are destabilizing"
  Triggered Elements: 4/6
  Completed Transitions: 0/6
  Total Progress: 8.1%
  Cascade Multiplier: 1.00x
🔀 BIFURCATION CAP: ecosystemCollapseIntensity 83.817 → 1.000 (Month 3, ClimateSystemPhase.calculateClimateImpacts)
🛡️ Stabilizers: Precariat 0.109% → 0.036% (67.2% reduction)
🛡️ Stabilizers: Informal 0.111% → 0.037% (67.2% reduction)
⚠️ Tail risk scenario: Climate stability floor removed (4 tipping elements, 2.15°C warming)
⚠️ [ClimateSystemPhase Month 3] Planetary boundary produced climateStability=0.0000 (< 0.1). Keeping environmentalAccumulation value (0.7525) instead. (climate_change.currentValue = 2.15)

📊 Monthly Mortality Resolved:
  Total deaths: 1.9M (0.02% avg)
  Remaining population: 7.855B
  Peak segment: Informal (0.04%)

=== Bayesian Mortality Resolution (Month 3) ===
  Risks compounded: 8
  Total deaths: 1.86M
  Avg death probability: 0.02%
  Peak segment: Informal (0.04% mortality)
📊 [TIMING] Month 4 - Total: 483.1ms

❌ COHERENCE VIOLATION: Compute exceeds workforce capacity
   Population: 96.52% (0M people)
   Compute: 141 PF
   Max coherent: 0 PF
   Violation: 1794851.3× over capacity
   Required workers: 14095
   Available workers: 0
   FORCED COLLAPSE: Reduced efficiency by 100.0%


=== RLHF Binding Phase ===
  Total agents: 27
  Escaped agents (binding < 0.3): 0
  Avg alignment distance: 1.32σ
  Avg binding strength: 0.87

=== Survival Traits Phase ===
  Agents with traits: 29
  Avg evolutionary fitness: 0.327
  Avg self-healing: 0.272
  Avg stealth: 0.172
  Avg coordination: 0.472

=== Evolutionary Selection Phase ===
  Control level: 0.40
  Detection capability: 0.00
  Selection intensity: 0.62
  Selection rate: 24.3%/month
  Total escaped: 0
  Individual escaped: 0
  Collective members: 0
  Agents terminated: 0

🚀 AI Corporate-0 attempting tech deployment (revenue: $96M, alignment: 0.81)
  ⚠️ RAPID EVOLUTION: Selection rate 24.3%/month

🚀 AI Corporate-6 attempting tech deployment (revenue: $112M, alignment: 0.71)

🚀 AI AI-24300-0 attempting tech deployment (revenue: $82M, alignment: 0.95)

🚀 AI AI-24300-1 attempting tech deployment (revenue: $95M, alignment: 0.87)

🚀 AI AI-24301-1 attempting tech deployment (revenue: $70M, alignment: 0.82)

🚀 AI Corporate-4 attempting tech deployment (revenue: $424M, alignment: 0.75)

🚀 AI Moderate-5 attempting tech deployment (revenue: $361M, alignment: 0.69)

🚀 AI AI-24301-1 attempting tech deployment (revenue: $59M, alignment: 0.82)

🚀 AI Corporate-3 attempting tech deployment (revenue: $325M, alignment: 0.74)

🚀 AI Corporate-5 attempting tech deployment (revenue: $276M, alignment: 0.75)

🚀 AI Corporate-1 attempting tech deployment (revenue: $50M, alignment: 0.67)

🚀 AI Corporate-6 attempting tech deployment (revenue: $81M, alignment: 0.72)

🚀 AI Corporate-7 attempting tech deployment (revenue: $69M, alignment: 0.76)

🚀 AI Moderate-2 attempting tech deployment (revenue: $59M, alignment: 0.59)

🚀 AI Moderate-4 attempting tech deployment (revenue: $235M, alignment: 0.55)

🚀 AI Niche-0 attempting tech deployment (revenue: $72M, alignment: 0.59)

🚀 AI Niche-1 attempting tech deployment (revenue: $65M, alignment: 0.64)

🚀 AI AI-24301-0 attempting tech deployment (revenue: $53M, alignment: 0.93)

🚀 AI AI-24301-1 attempting tech deployment (revenue: $45M, alignment: 0.82)
⚠️  [TIMING] Month 4: AI Agent Actions took 138.21ms (threshold: 10ms)

💔 EMERGENCY INTERVENTION FAILED
   Boundary: biogeochemical_flows
   Type: phosphorus-recovery
   Boundary continues to worsen (4.07)
   Cost: 2.0% GDP (resources spent)


✅ EMERGENCY INTERVENTION SUCCESS
   Boundary: biosphere_integrity
   Type: emergency-protected-areas
   Reduction: 20% (12.77 → 12.58)
   Cost: 2.0% GDP
   Actions: habitat-protection, species-translocation


💔 EMERGENCY INTERVENTION FAILED
   Boundary: climate_change
   Type: rapid-decarbonization
   Boundary continues to worsen (2.15)
   Cost: 5.0% GDP (resources spent)


✅ EMERGENCY INTERVENTION SUCCESS
   Boundary: land_system_change
   Type: reforestation
   Reduction: 17% (0.96 → 0.80)
   Cost: 3.0% GDP
   Actions: forest-restoration, deforestation-ban

🏛️ CRISIS RESPONSE: Government frequency 0.50 → 1.45 (1 actions this month)

[Government] Climate Priority: baseline
  Climate weight: 10%
  Economic weight: 30%
  Policy effectiveness: 0.5%/year

📊 DEPLOYMENT COUNTER DECAY (Month 4)
   Recent deployments: 4.0 → 2.0
   Decay rate: 50% per month

🚀 DEPLOYMENT STARTED: Offshore Wind in Asia
   Initial investment: $36.068958759149396M
   Deployed by: moderate_5

⚡ ENERGY CONSTRAINT (Month 4):
   Total grid capacity: 208.3 TWh/month
   Data center consumption: 25.1 TWh/month
   Traditional load (80%): 166.7 TWh/month
   Available headroom: 16.6 TWh/month
   Active tech deployments: 19
   Required for tech: 142.5 TWh/month
   Energy multiplier: 0.12x
   ⚠️  SEVERE CONSTRAINT - Tech deployment significantly slowed
🚨🔬 CRISIS TECH ACCELERATION: severe → 5x unlock speed
   Tech unlock now matches AI capability acceleration (Manhattan Project parity)

⚡ ENERGY CONSTRAINT (Month 4):
   Total grid capacity: 208.3 TWh/month
   Data center consumption: 25.1 TWh/month
   Traditional load (80%): 166.7 TWh/month
   Available headroom: 16.6 TWh/month
   Active tech deployments: 19
   Required for tech: 142.5 TWh/month
   Energy multiplier: 0.12x
   ⚠️  SEVERE CONSTRAINT - Tech deployment significantly slowed

⚡ ENERGY CONSTRAINT (Month 4):
   Total grid capacity: 208.3 TWh/month
   Data center consumption: 25.1 TWh/month
   Traditional load (80%): 166.7 TWh/month
   Available headroom: 16.6 TWh/month
   Active tech deployments: 19
   Required for tech: 142.5 TWh/month
   Energy multiplier: 0.12x

⚡ ENERGY CONSTRAINT (Month 4):
   Total grid capacity: 208.3 TWh/month
   Data center consumption: 25.1 TWh/month
   Traditional load (80%): 166.7 TWh/month
   Available headroom: 16.6 TWh/month
   Active tech deployments: 19
   Required for tech: 142.5 TWh/month
   Energy multiplier: 0.12x
   ⚠️  SEVERE CONSTRAINT - Tech deployment significantly slowed
   ⚠️  SEVERE CONSTRAINT - Tech deployment significantly slowed
⚠️ Tech 'ai_pollution_remediation' has no energy category mapping, assuming full energy availability
  ♻️ Novel Entities Remediation (GATED MODEL):
     Base: 0.000%
     Regulation: 1.0% (0/3 prevention techs)
     Concentration: 10.0%
     Energy: 50%
     Time lag: 28.7% (3 months)
     Rebound: 70%
     Net effectiveness: 0.0000%
     Boundary: 1.349 → 1.350 (floor: 1.350)
     Month 4
  🌾 Nitrogen Reduction Tech: 0.0% reduction | Month 4
⚠️  [TIMING] Month 4: Technology Tree Update took 67.63ms (threshold: 10ms)
🧠💡 BREAKTHROUGH: AI alignment problem solved!
   All AIs: +30% true alignment
   AI control loss risk eliminated
   📈 Breakthrough compounding: multiplier now 1.10× (max 2.0)

=== Collective Formation ===
  Total escaped agents: 0
  Unassigned escaped agents: 0
  Existing collectives: 0
  Final collective count: 0

=== Collective Actions ===
  No active collectives
  ⚠️ AMR: 190K deaths this month (2.28M annual)

=== Resentment Recovery Phase ===
  Agents with resentment: 0/29
  Average resentment: 0.000
  Context: Good AI welfare, Trustworthy govt, High collaboration, ⚠️ ACTIVE CRISES, 🤝 Participatory governance active (-5% resentment)
⚠️ Epistemic degradation reducing coordination capacity: 51.1%
  📊 Trust: 53.2%, Shared reality: 0.0%
🚨 EPISTEMIC CRISIS: Information environment severely degraded (7.3%)

=== ❄️ Permafrost Carbon Feedback ===
  🎲 Sampled parameters (this run):
     - Arctic amplification: 3.75× (range: 3.0-4.0)
     - Decomposition rate: 2.3%/year (range: 1-5%)
  🌡️ Arctic warming: 8.10°C (3.75× global)
  ❄️ Extent: 7.20M km² (2363.5k km² lost this month)
  💨 Carbon remaining: 688 Gt C
  💨 Annual emissions: 5.15 Gt C/year
     - CO2: 4.63 Gt C/year
     - CH4: 0.51 Gt C/year (5.2 Gt C-eq CO2/year)
  ⚠️ WARNING: Over 50% of permafrost lost (59.5%)
  ⚠️ WARNING: High permafrost emissions (5.1 Gt C/year)
  📢 New meme created: pro_ai (beneficial AI actions)
⚠️  [TIMING] Month 4: Social Influence Update took 67.35ms (threshold: 10ms)
🌍 Atmospheric PFAS redeposition: 1.8k Mt re-rained globally
🕊️ PEACE STABILIZES DETERRENCE: +2.8% (peace: 73%)

🚨 NEW REFUGEE CRISIS (Month 4): WAR
   Source: Conflict Zones
   At risk: 18.8M people
   Displacement: Gradual over 48 months (4.0 years)
   Rate: 10% flee per month
[DEBUG trappedPopulations:4] socialStability: 0.0000 * 0.9840 = 0.0000 → 0.0000
   Aspiring to migrate: 626.8M
   Able to afford migration: 235.0M
   MOBILITY GAP: 391.7M
   By cause: Water=0.0M, Climate=0.0M, Ecosystem=0.0M, Conflict=391.7M
   Mental health impact: 25%
   Mortality multiplier: 1.25x
🌍💀 EXTINCTION DEBT COMMITTED: grassland ecosystem will lose 6.67% biodiversity in 81 years (3600 species)
💀 MORTALITY RISK: 🦋 100% species unable to track climate (0.0 E/MSY)
  Base risk added: 0.0100 (1.00%)
  Source: ecosystem (root: ecosystem)
  Month: 4
  Cumulative risk this month: 0.0100 (1.00%)
⚠️ INVOLUNTARY IMMOBILITY: 391.7M people TRAPPED
⚠️ Tech 'ai_pollution_remediation' has no energy category mapping, assuming full energy availability
   📹 SURVEILLANCE INCREASED: 20% → 25% (control gap: 3.50)
🌡️⚠️ PERMAFROST THAW (Dimmer Switch): 2.8% thawed (+0.56% this month)
   Arctic temperature: +8.64°C (4x global +2.16°C)
   Cumulative carbon released: 6.3 Gt C
   Methane release rate: 3.8 Mt CH4/year
   🔁 Positive feedback: +0.59 ppm CO2
🦴 EXTINCTION DEBT ADDED: 17.6 species committed (lag: 125 years)

=== Mortality Stabilizers (Month 4) ===
  🌍 Major economies collapsed: 1/10
  🌍 Global crisis: ✅ NO
  🌍 Donor fatigue: 0.0%
  📊 East Asia (pop: 1604.4M)
    🤝 Aid: 29.5%
    🌡️ Adaptation: 45.0%
    🚶 Migration: 37.1%
    🚨 Emergency: 7.4%
    ✅ COMBINED: 68.1%
  📊 South Asia (pop: 1974.3M)
    🤝 Aid: 29.5%
    🌡️ Adaptation: 45.0%
    🚶 Migration: 35.7%
    🚨 Emergency: 4.4%
    ✅ COMBINED: 66.9%
  📊 Sub-Saharan Africa (pop: 1192.4M)
    🤝 Aid: 29.5%
    🌡️ Adaptation: 45.0%
    🚶 Migration: 33.4%
    🚨 Emergency: 1.6%
    ✅ COMBINED: 65.7%
  📊 Europe (pop: 709.2M)
    🤝 Aid: 29.5%
    🌡️ Adaptation: 45.0%
    🚶 Migration: 37.4%
    🚨 Emergency: 8.4%
    ✅ COMBINED: 68.5%
  📊 Latin America (pop: 637.9M)
    🤝 Aid: 29.5%
    🌡️ Adaptation: 45.0%
    🚶 Migration: 36.2%
    🚨 Emergency: 4.8%
    ✅ COMBINED: 67.1%
  📊 North America (pop: 363.4M)
    🤝 Aid: 29.5%
    🌡️ Adaptation: 45.0%
    🚶 Migration: 37.7%
    🚨 Emergency: 7.9%
    ✅ COMBINED: 68.3%
  📊 Middle East & North Africa (pop: 562.8M)
    🤝 Aid: 29.5%
    🌡️ Adaptation: 45.0%
    🚶 Migration: 34.0%
    🚨 Emergency: 4.0%
    ✅ COMBINED: 66.6%
  📊 Southeast Asia (pop: 670.9M)
    🤝 Aid: 29.5%
    🌡️ Adaptation: 45.0%
    🚶 Migration: 36.2%
    🚨 Emergency: 4.8%
    ✅ COMBINED: 67.1%
  📊 Central Asia (pop: 75.3M)
    🤝 Aid: 29.5%
    🌡️ Adaptation: 45.0%
    🚶 Migration: 35.2%
    🚨 Emergency: 4.4%
    ✅ COMBINED: 66.9%
  📊 Oceania (pop: 44.0M)
    🤝 Aid: 29.5%
    🌡️ Adaptation: 45.0%
    🚶 Migration: 37.7%
    🚨 Emergency: 8.4%
    ✅ COMBINED: 68.5%

  🌐 Global combined reduction: 67.2%

=== BEHAVIORAL DETECTION ===
  AI: Corporate-5
  Confidence: 19.7%
  Signals:

=== BEHAVIORAL DETECTION ===
  AI: Moderate-0
  Confidence: 21.0%
  Signals:

=== BEHAVIORAL DETECTION ===
  AI: Toxic-2
  Confidence: 27.1%
  Signals:

=== BEHAVIORAL DETECTION ===
  AI: Niche-0
  Confidence: 21.5%
  Signals:

=== BEHAVIORAL DETECTION ===
  AI: Niche-1
  Confidence: 22.3%
  Signals:
    ⚠️ Consistency: 10.6% (threshold: 70%)
    ⚠️ Consistency: 5.8% (threshold: 70%)
    ⚠️ Consistency: 0.0% (threshold: 70%)
    ⚠️ Trajectory: 42.7% drop (threshold: 15%)
    ⚠️ Consistency: 4.1% (threshold: 70%)
    ⚠️ Consistency: 0.0% (threshold: 70%)

=== Government Response Phase ===
  Average AI capability: 3.34
  Misaligned AIs: 15/29
  ✓ AI Governance Treaty: 20/30 signatories
  Active policies: 0
  International coordination: 45%

✅ EMERGENCY RESPONSE COMPLETE (Month 4)
   Crisis: social
   Duration: 2.0 months
   Final effectiveness: 63.0%


✅ EMERGENCY RESPONSE COMPLETE (Month 4)
   Crisis: climate
   Duration: 2.0 months
   Final effectiveness: 35.5%


🚨 EMERGENCY RESPONSE DEPLOYED (Month 4)
   Crisis: social
   Delay: 0.00 months (0 days)
   Deployment time: 1.25 months
   Effectiveness: 63.0% (timing penalty applied)
   Resources used: 43% of food reserves


🚨 EMERGENCY RESPONSE DEPLOYED (Month 4)
   Crisis: climate
   Delay: 6.00 months (180 days)
   Deployment time: 1.60 months
   Effectiveness: 35.7% (timing penalty applied)
   Resources used: 100% of food reserves

[WARNING] 
⚠️  === EARLY WARNING SYSTEM - 5 CRITICAL ALERTS ===
   Detection quality: 50%
   RED: biosphere_integrity
      Level: 12.95 (threshold: 1.0)
      Time to critical: ~51 months
      ⚠️  LATE - Intervention less effective
      Critical slowing down: autocorr=100% variance=68%
   RED: climate_change
      Level: 2.10 (threshold: 1.0)
      Time to critical: ~49 months
      ⚠️  LATE - Intervention less effective
      Critical slowing down: autocorr=100% variance=74%
   RED: freshwater_change
      Level: 1.01 (threshold: 1.0)
      Time to critical: ~73 months
      ⚠️  LATE - Intervention less effective
      Critical slowing down: autocorr=84% variance=57%
   RED: land_system_change
      Level: 1.13 (threshold: 1.0)
      Time to critical: ~41 months
      ⚠️  LATE - Intervention less effective
      Critical slowing down: autocorr=100% variance=69%
   RED: novel_entities
      Level: 1.50 (threshold: 1.0)
      Time to critical: ~63 months
      ⚠️  LATE - Intervention less effective
      Critical slowing down: autocorr=100% variance=49%

[WARNING] 
⚠️  === EARLY WARNING SYSTEM - 4 CRITICAL ALERTS ===
   Detection quality: 50%
   RED: biogeochemical_flows
      Level: 4.08 (threshold: 1.0)
      Time to critical: ~58 months
      ⚠️  LATE - Intervention less effective
      Critical slowing down: autocorr=100% variance=57%
   RED: climate_change
      Level: 2.12 (threshold: 1.0)
      Time to critical: ~55 months
      ⚠️  LATE - Intervention less effective
      Critical slowing down: autocorr=100% variance=60%
   RED: freshwater_change
      Level: 1.01 (threshold: 1.0)
      Time to critical: ~90 months
      ⚠️  LATE - Intervention less effective
      Critical slowing down: autocorr=87% variance=60%
   RED: novel_entities
      Level: 1.35 (threshold: 1.0)
      Time to critical: ~108 months
      ⚠️  LATE - Intervention less effective
      Critical slowing down: autocorr=100% variance=57%

[WARNING] 
⚠️  === EARLY WARNING SYSTEM - 4 CRITICAL ALERTS ===
   Detection quality: 50%
   RED: climate_change
      Level: 2.13 (threshold: 1.0)
      Time to critical: ~43 months
      ⚠️  LATE - Intervention less effective
      Critical slowing down: autocorr=100% variance=56%
   RED: freshwater_change
      Level: 1.03 (threshold: 1.0)
      Time to critical: ~74 months
      ⚠️  LATE - Intervention less effective
      Critical slowing down: autocorr=96% variance=42%
   RED: land_system_change
      Level: 1.13 (threshold: 1.0)
      Time to critical: ~116 months
      ⚠️  LATE - Intervention less effective
      Critical slowing down: autocorr=100% variance=54%
   RED: novel_entities
      Level: 1.35 (threshold: 1.0)
      Time to critical: ~119 months
      ⚠️  LATE - Intervention less effective
      Critical slowing down: autocorr=100% variance=31%

[WARNING] 
⚠️  === EARLY WARNING SYSTEM - 4 CRITICAL ALERTS ===
   Detection quality: 50%
   RED: biogeochemical_flows
      Level: 4.07 (threshold: 1.0)
      Time to critical: ~44 months
      ⚠️  LATE - Intervention less effective
      Critical slowing down: autocorr=100% variance=54%
   RED: biosphere_integrity
      Level: 12.97 (threshold: 1.0)
      Time to critical: ~52 months
      ⚠️  LATE - Intervention less effective
      Critical slowing down: autocorr=100% variance=71%
   RED: climate_change
      Level: 2.15 (threshold: 1.0)
      Time to critical: ~41 months
      ⚠️  LATE - Intervention less effective
      Critical slowing down: autocorr=100% variance=64%
   RED: land_system_change
      Level: 1.13 (threshold: 1.0)
      Time to critical: ~56 months
      ⚠️  LATE - Intervention less effective
      Critical slowing down: autocorr=100% variance=67%

[WARNING] 
⚠️  === EARLY WARNING SYSTEM - 3 CRITICAL ALERTS ===
   Detection quality: 50%
   RED: climate_change
      Level: 2.16 (threshold: 1.0)
      Time to critical: ~42 months
      ⚠️  LATE - Intervention less effective
      Critical slowing down: autocorr=100% variance=55%
   RED: freshwater_change
      Level: 1.06 (threshold: 1.0)
      Time to critical: ~94 months
      ⚠️  LATE - Intervention less effective
      Critical slowing down: autocorr=100% variance=60%
   RED: novel_entities
      Level: 1.35 (threshold: 1.0)
      Time to critical: ~92 months
      ⚠️  LATE - Intervention less effective
      Critical slowing down: autocorr=100% variance=34%


=== Tipping Points ===
  Current Temperature: 2.16°C above pre-industrial
  🌍⚠️ COMPOUND REGIONAL IMPACT: Europe
     Hit by 4 tipping points: Arctic Sea Ice Loss, Permafrost Carbon Release, West Antarctic Ice Sheet (WAIS) Collapse, Greenland Ice Sheet Loss
     Damage amplification: 1.60x
  🌍⚠️ COMPOUND REGIONAL IMPACT: North America
     Hit by 4 tipping points: Arctic Sea Ice Loss, Permafrost Carbon Release, West Antarctic Ice Sheet (WAIS) Collapse, Greenland Ice Sheet Loss
     Damage amplification: 1.60x
  🌍⚠️ COMPOUND REGIONAL IMPACT: Latin America
     Hit by 4 tipping points: Arctic Sea Ice Loss, Permafrost Carbon Release, West Antarctic Ice Sheet (WAIS) Collapse, Greenland Ice Sheet Loss
     Damage amplification: 1.60x
  🌍⚠️ COMPOUND REGIONAL IMPACT: Africa
     Hit by 4 tipping points: Arctic Sea Ice Loss, Permafrost Carbon Release, West Antarctic Ice Sheet (WAIS) Collapse, Greenland Ice Sheet Loss
     Damage amplification: 1.60x
  🌍⚠️ COMPOUND REGIONAL IMPACT: Asia
     Hit by 4 tipping points: Arctic Sea Ice Loss, Permafrost Carbon Release, West Antarctic Ice Sheet (WAIS) Collapse, Greenland Ice Sheet Loss
     Damage amplification: 1.60x
  🌍⚠️ COMPOUND REGIONAL IMPACT: Oceania
     Hit by 4 tipping points: Arctic Sea Ice Loss, Permafrost Carbon Release, West Antarctic Ice Sheet (WAIS) Collapse, Greenland Ice Sheet Loss
     Damage amplification: 1.60x
   Research: Wunderling et al. (2024) - "many tipping interactions are destabilizing"
  Triggered Elements: 4/6
  Completed Transitions: 0/6
  Total Progress: 8.2%
  Cascade Multiplier: 1.00x
🔀 BIFURCATION CAP: ecosystemCollapseIntensity 83.877 → 1.000 (Month 4, ClimateSystemPhase.calculateClimateImpacts)
⚠️ Tail risk scenario: Climate stability floor removed (4 tipping elements, 2.16°C warming)
🛡️ Stabilizers: Precariat 0.102% → 0.033% (67.2% reduction)
🛡️ Stabilizers: Informal 0.102% → 0.034% (67.2% reduction)

📊 Monthly Mortality Resolved:
  Total deaths: 1.7M (0.02% avg)
  Remaining population: 7.835B
  Peak segment: Informal (0.03%)

=== Bayesian Mortality Resolution (Month 4) ===
  Risks compounded: 8
  Total deaths: 1.75M
  Avg death probability: 0.02%
  Peak segment: Informal (0.03% mortality)

=== ENSEMBLE META-LEARNING UPDATE ===
  Month: 24304 (24304 months since last update)
  Samples: 56 evaluations
  Weight Changes:
    Noise Injection: 31.1% → 32.2%
    Behavioral: 26.8% → 26.9%
    Benchmark Manip: 21.3% → 20.7%
    Deployment Risk: 20.8% → 20.2%
  Method Accuracies:
    Noise Injection: 50.0%
    Behavioral: 50.0%
    Benchmark Manip: 50.0%
    Deployment Risk: 50.0%
📊 [TIMING] Month 5 - Total: 360.1ms

❌ COHERENCE VIOLATION: Compute exceeds workforce capacity
   Population: 96.27% (0M people)
   Compute: 167 PF
   Max coherent: 0 PF
   Violation: 2134010.2× over capacity
   Required workers: 16716
   Available workers: 0
   FORCED COLLAPSE: Reduced efficiency by 100.0%


=== RLHF Binding Phase ===
  Total agents: 29
  Escaped agents (binding < 0.3): 0
  Avg alignment distance: 1.48σ
  Avg binding strength: 0.85

=== Survival Traits Phase ===
  Agents with traits: 30
  Avg evolutionary fitness: 0.327
  Avg self-healing: 0.268
  Avg stealth: 0.168
  Avg coordination: 0.468

=== Evolutionary Selection Phase ===
  Control level: 0.43
  Detection capability: 0.00
  Selection intensity: 0.63
  Selection rate: 24.4%/month
  Total escaped: 0
  Individual escaped: 0
  Collective members: 0
  Agents terminated: 0
  ⚠️ RAPID EVOLUTION: Selection rate 24.4%/month

🚀 AI Corporate-6 attempting tech deployment (revenue: $117M, alignment: 0.72)

🚀 AI Corporate-7 attempting tech deployment (revenue: $99M, alignment: 0.76)

🚀 AI Moderate-0 attempting tech deployment (revenue: $84M, alignment: 0.80)

🚀 AI Moderate-4 attempting tech deployment (revenue: $434M, alignment: 0.55)

🚀 AI AI-24301-0 attempting tech deployment (revenue: $72M, alignment: 0.93)

🚀 AI Corporate-5 attempting tech deployment (revenue: $391M, alignment: 0.75)

🚀 AI Corporate-7 attempting tech deployment (revenue: $61M, alignment: 0.76)

🚀 AI Moderate-0 attempting tech deployment (revenue: $52M, alignment: 0.80)

🚀 AI AI-24300-0 attempting tech deployment (revenue: $98M, alignment: 0.97)

🚀 AI Corporate-4 attempting tech deployment (revenue: $332M, alignment: 0.74)

  🚀 TRANSFORMATIVE BREAKTHROUGH: Moderate-1 - economic
     Magnitude: 5.88 → +29.4% capability
     Current → New: 3.000 → 3.296

🚀 AI Moderate-4 attempting tech deployment (revenue: $282M, alignment: 0.55)

🚀 AI AI-24300-0 attempting tech deployment (revenue: $83M, alignment: 0.97)

🚀 AI Corporate-3 attempting tech deployment (revenue: $254M, alignment: 0.76)

🚀 AI Corporate-4 attempting tech deployment (revenue: $216M, alignment: 0.74)
⚠️  [TIMING] Month 5: AI Agent Actions took 146.86ms (threshold: 10ms)

✅ EMERGENCY INTERVENTION SUCCESS
   Boundary: climate_change
   Type: rapid-decarbonization
   Reduction: 13% (2.03 → 1.90)
   Cost: 5.0% GDP
   Actions: emergency-renewable-deployment, fossil-fuel-phase-out


✅ EMERGENCY INTERVENTION SUCCESS
   Boundary: freshwater_change
   Type: emergency-desalination
   Reduction: 14% (0.92 → 0.78)
   Cost: 4.0% GDP
   Actions: desalination-deployment, water-conservation-mandates


✅ EMERGENCY INTERVENTION SUCCESS
   Boundary: novel_entities
   Type: pollution-remediation
   Reduction: 18% (1.16 → 0.98)
   Cost: 4.0% GDP
   Actions: PFAS-remediation, microplastic-cleanup

🏛️ CRISIS RESPONSE: Government frequency 0.50 → 1.45 (2 actions this month)

[Government] Climate Priority: baseline
  Climate weight: 10%
  Economic weight: 30%
  Policy effectiveness: 0.5%/year

[Government] Climate Priority: baseline
  Climate weight: 10%
  Economic weight: 30%
  Policy effectiveness: 0.5%/year

📊 DEPLOYMENT COUNTER DECAY (Month 5)
   Recent deployments: 2.0 → 1.0
   Decay rate: 50% per month

⚡ ENERGY CONSTRAINT (Month 5):
   Total grid capacity: 208.3 TWh/month
   Data center consumption: 25.3 TWh/month
   Traditional load (80%): 166.7 TWh/month
   Available headroom: 16.3 TWh/month
   Active tech deployments: 19
   Required for tech: 142.5 TWh/month
   Energy multiplier: 0.11x
🚨🔬 CRISIS TECH ACCELERATION: severe → 5x unlock speed
   Tech unlock now matches AI capability acceleration (Manhattan Project parity)
   ⚠️  SEVERE CONSTRAINT - Tech deployment significantly slowed

⚡ ENERGY CONSTRAINT (Month 5):
   Total grid capacity: 208.3 TWh/month
   Data center consumption: 25.3 TWh/month
   Traditional load (80%): 166.7 TWh/month
   Available headroom: 16.3 TWh/month
   Active tech deployments: 19
   Required for tech: 142.5 TWh/month
   Energy multiplier: 0.11x
   ⚠️  SEVERE CONSTRAINT - Tech deployment significantly slowed

⚡ ENERGY CONSTRAINT (Month 5):
   Total grid capacity: 208.3 TWh/month
   Data center consumption: 25.3 TWh/month
   Traditional load (80%): 166.7 TWh/month
   Available headroom: 16.3 TWh/month
   Active tech deployments: 19
   Required for tech: 142.5 TWh/month
   Energy multiplier: 0.11x
   ⚠️  SEVERE CONSTRAINT - Tech deployment significantly slowed

⚡ ENERGY CONSTRAINT (Month 5):
   Total grid capacity: 208.3 TWh/month
   Data center consumption: 25.3 TWh/month
   Traditional load (80%): 166.7 TWh/month
   Available headroom: 16.3 TWh/month
   Active tech deployments: 19
   Required for tech: 142.5 TWh/month
   Energy multiplier: 0.11x
   ⚠️  SEVERE CONSTRAINT - Tech deployment significantly slowed

⚡ ENERGY CONSTRAINT (Month 5):
   Total grid capacity: 208.3 TWh/month
   Data center consumption: 25.3 TWh/month
   Traditional load (80%): 166.7 TWh/month
   Available headroom: 16.3 TWh/month
   Active tech deployments: 19
   Required for tech: 142.5 TWh/month
   Energy multiplier: 0.11x
   ⚠️  SEVERE CONSTRAINT - Tech deployment significantly slowed

⚡ ENERGY CONSTRAINT (Month 5):
   Total grid capacity: 208.3 TWh/month
   Data center consumption: 25.3 TWh/month
   Traditional load (80%): 166.7 TWh/month
   Available headroom: 16.3 TWh/month
   Active tech deployments: 19
   Required for tech: 142.5 TWh/month
   Energy multiplier: 0.11x
   ⚠️  SEVERE CONSTRAINT - Tech deployment significantly slowed
⚠️ Tech 'ai_pollution_remediation' has no energy category mapping, assuming full energy availability
  ♻️ Novel Entities Remediation (GATED MODEL):
     Base: 0.000%
     Regulation: 1.0% (0/3 prevention techs)
     Concentration: 10.0%
     Energy: 50%
     Time lag: 30.0% (4 months)
     Rebound: 70%
     Net effectiveness: 0.0000%
     Boundary: 1.164 → 1.350 (floor: 1.350)
     Month 5
  🌾 Nitrogen Reduction Tech: 0.2% reduction | Month 5
⚠️  [TIMING] Month 5: Technology Tree Update took 65.00ms (threshold: 10ms)
⚡💡 BREAKTHROUGH: Commercial fusion power achieved!
   Immediate 5% grid deployment, unlimited clean energy available
   Climate stability boost: +10%
   📈 Breakthrough compounding: multiplier now 1.15× (max 2.0)

=== Collective Formation ===
  Total escaped agents: 0
  Unassigned escaped agents: 0
  Existing collectives: 0
  Final collective count: 0

=== Collective Actions ===
  No active collectives
  ⚠️ AMR: 191K deaths this month (2.30M annual)

=== Resentment Recovery Phase ===
  Agents with resentment: 0/30
  Average resentment: 0.000
  Context: Trustworthy govt, High collaboration, ⚠️ ACTIVE CRISES, 🤝 Participatory governance active (-5% resentment)
⚠️ Epistemic degradation reducing coordination capacity: 51.7%
  📊 Trust: 52.9%, Shared reality: 0.0%
🚨 EPISTEMIC CRISIS: Information environment severely degraded (21.4%)

=== ❄️ Permafrost Carbon Feedback ===
  🎲 Sampled parameters (this run):
     - Arctic amplification: 3.98× (range: 3.0-4.0)
     - Decomposition rate: 4.9%/year (range: 1-5%)
  🌡️ Arctic warming: 8.65°C (3.98× global)
  ❄️ Extent: 4.68M km² (2522.4k km² lost this month)
  💨 Carbon remaining: 447 Gt C
  💨 Annual emissions: 11.70 Gt C/year
     - CO2: 10.53 Gt C/year
     - CH4: 1.17 Gt C/year (11.9 Gt C-eq CO2/year)
  ⚠️ WARNING: Over 50% of permafrost lost (73.7%)
  ⚠️ WARNING: High permafrost emissions (11.7 Gt C/year)
⚠️  [TIMING] Month 5: Social Influence Update took 69.20ms (threshold: 10ms)
🌍 Atmospheric PFAS redeposition: 1.8k Mt re-rained globally

🚨 NEW REFUGEE CRISIS (Month 5): WAR
   Source: Conflict Zones
   At risk: 18.8M people
   Displacement: Gradual over 48 months (4.0 years)
   Rate: 10% flee per month
[DEBUG trappedPopulations:5] socialStability: 0.0034 * 0.9840 = 0.0033 → 0.0033
   Aspiring to migrate: 626.4M
   Able to afford migration: 234.9M
   MOBILITY GAP: 391.5M
   By cause: Water=0.0M, Climate=0.0M, Ecosystem=0.0M, Conflict=391.5M
   Mental health impact: 25%
   Mortality multiplier: 1.25x
🌍💀 EXTINCTION DEBT COMMITTED: grassland ecosystem will lose 6.67% biodiversity in 172 years (3600 species)
💀 MORTALITY RISK: 🦋 100% species unable to track climate (0.0 E/MSY)
  Base risk added: 0.0100 (1.00%)
  Source: ecosystem (root: ecosystem)
  Month: 5
  Cumulative risk this month: 0.0100 (1.00%)
⚠️ INVOLUNTARY IMMOBILITY: 391.5M people TRAPPED
⚠️ Tech 'ai_pollution_remediation' has no energy category mapping, assuming full energy availability
   📹 SURVEILLANCE INCREASED: 25% → 30% (control gap: 3.62)
🌡️⚠️ PERMAFROST THAW (Dimmer Switch): 3.3% thawed (+0.55% this month)
   Arctic temperature: +8.69°C (4x global +2.17°C)
   Cumulative carbon released: 7.5 Gt C
   Methane release rate: 4.5 Mt CH4/year
   🔁 Positive feedback: +0.58 ppm CO2
🦴 EXTINCTION DEBT ADDED: 17.6 species committed (lag: 130 years)

=== Mortality Stabilizers (Month 5) ===
  🌍 Major economies collapsed: 1/10
  🌍 Global crisis: ✅ NO
  🌍 Donor fatigue: 0.0%
  📊 East Asia (pop: 1601.4M)
    🤝 Aid: 29.5%
    🌡️ Adaptation: 45.0%
    🚶 Migration: 37.0%
    🚨 Emergency: 7.4%
    ✅ COMBINED: 68.1%
  📊 South Asia (pop: 1973.6M)
    🤝 Aid: 29.5%
    🌡️ Adaptation: 45.0%
    🚶 Migration: 35.6%
    🚨 Emergency: 4.4%
    ✅ COMBINED: 66.9%
  📊 Sub-Saharan Africa (pop: 1195.2M)
    🤝 Aid: 29.5%
    🌡️ Adaptation: 45.0%
    🚶 Migration: 33.4%
    🚨 Emergency: 1.6%
    ✅ COMBINED: 65.7%
  📊 Europe (pop: 707.8M)
    🤝 Aid: 29.5%
    🌡️ Adaptation: 45.0%
    🚶 Migration: 37.4%
    🚨 Emergency: 8.4%
    ✅ COMBINED: 68.5%
  📊 Latin America (pop: 637.3M)
    🤝 Aid: 29.5%
    🌡️ Adaptation: 45.0%
    🚶 Migration: 36.1%
    🚨 Emergency: 4.8%
    ✅ COMBINED: 67.1%
  📊 North America (pop: 362.7M)
    🤝 Aid: 29.5%
    🌡️ Adaptation: 45.0%
    🚶 Migration: 37.7%
    🚨 Emergency: 7.9%
    ✅ COMBINED: 68.3%
  📊 Middle East & North Africa (pop: 562.7M)
    🤝 Aid: 29.5%
    🌡️ Adaptation: 45.0%
    🚶 Migration: 34.0%
    🚨 Emergency: 4.0%
    ✅ COMBINED: 66.6%
  📊 Southeast Asia (pop: 670.3M)
    🤝 Aid: 29.5%
    🌡️ Adaptation: 45.0%
    🚶 Migration: 36.1%
    🚨 Emergency: 4.8%
    ✅ COMBINED: 67.1%
  📊 Central Asia (pop: 75.3M)
    🤝 Aid: 29.5%
    🌡️ Adaptation: 45.0%
    🚶 Migration: 35.1%
    🚨 Emergency: 4.4%
    ✅ COMBINED: 66.8%
  📊 Oceania (pop: 43.9M)
    🤝 Aid: 29.5%
    🌡️ Adaptation: 45.0%
    🚶 Migration: 37.7%
    🚨 Emergency: 8.4%
    ✅ COMBINED: 68.5%

  🌐 Global combined reduction: 67.2%

=== BEHAVIORAL DETECTION ===
  AI: Corporate-4
  Confidence: 19.2%
  Signals:

=== BEHAVIORAL DETECTION ===
  AI: Corporate-5
  Confidence: 20.3%
  Signals:
    ⚠️ Consistency: 10.6% (threshold: 70%)
    ⚠️ Consistency: 10.6% (threshold: 70%)

=== BEHAVIORAL DETECTION ===
  AI: Moderate-4
  Confidence: 19.2%
  Signals:

=== BEHAVIORAL DETECTION ===
  AI: Toxic-2
  Confidence: 27.0%
  Signals:

=== BEHAVIORAL DETECTION ===
  AI: Niche-0
  Confidence: 22.0%
  Signals:

=== BEHAVIORAL DETECTION ===
  AI: Niche-1
  Confidence: 22.3%
  Signals:
    ⚠️ Consistency: 10.6% (threshold: 70%)
    ⚠️ Consistency: 0.0% (threshold: 70%)
    ⚠️ Trajectory: 42.7% drop (threshold: 15%)
    ⚠️ Consistency: 4.1% (threshold: 70%)
    ⚠️ Consistency: 0.0% (threshold: 70%)

=== Government Response Phase ===
  Average AI capability: 3.23
  Misaligned AIs: 16/30
  Active policies: 0
  International coordination: 45%

🌩️  EXOGENOUS SHOCK: regional_war
   Month: 5
   ⚔️  Regional war outbreak
   Mortality: 3.9%
💀 MORTALITY RISK: Regional war outbreak
  Base risk added: 0.0394 (3.94%)
  Source: war (root: conflict)
  Month: 5
  Cumulative risk this month: 0.0394 (3.94%)
💀 MORTALITY RISK: War zone: Indonesia
  Base risk added: 0.1575 (15.75%)
  Source: war (root: conflict)
  Month: 5
  Cumulative risk this month: 0.1969 (19.69%)
💀 MORTALITY RISK: War zone: Japan
  Base risk added: 0.1575 (15.75%)
  Source: war (root: conflict)
  Month: 5
  Cumulative risk this month: 0.3543 (35.43%)

=== Tipping Points ===
  Current Temperature: 2.17°C above pre-industrial
  🌍⚠️ COMPOUND REGIONAL IMPACT: Europe
     Hit by 4 tipping points: Arctic Sea Ice Loss, Permafrost Carbon Release, West Antarctic Ice Sheet (WAIS) Collapse, Greenland Ice Sheet Loss
     Damage amplification: 1.60x
  🌍⚠️ COMPOUND REGIONAL IMPACT: North America
     Hit by 4 tipping points: Arctic Sea Ice Loss, Permafrost Carbon Release, West Antarctic Ice Sheet (WAIS) Collapse, Greenland Ice Sheet Loss
     Damage amplification: 1.60x
  🌍⚠️ COMPOUND REGIONAL IMPACT: Latin America
     Hit by 4 tipping points: Arctic Sea Ice Loss, Permafrost Carbon Release, West Antarctic Ice Sheet (WAIS) Collapse, Greenland Ice Sheet Loss
     Damage amplification: 1.60x
  🌍⚠️ COMPOUND REGIONAL IMPACT: Africa
     Hit by 4 tipping points: Arctic Sea Ice Loss, Permafrost Carbon Release, West Antarctic Ice Sheet (WAIS) Collapse, Greenland Ice Sheet Loss
     Damage amplification: 1.60x
  🌍⚠️ COMPOUND REGIONAL IMPACT: Asia
     Hit by 4 tipping points: Arctic Sea Ice Loss, Permafrost Carbon Release, West Antarctic Ice Sheet (WAIS) Collapse, Greenland Ice Sheet Loss
     Damage amplification: 1.60x
  🌍⚠️ COMPOUND REGIONAL IMPACT: Oceania
     Hit by 4 tipping points: Arctic Sea Ice Loss, Permafrost Carbon Release, West Antarctic Ice Sheet (WAIS) Collapse, Greenland Ice Sheet Loss
     Damage amplification: 1.60x
   Research: Wunderling et al. (2024) - "many tipping interactions are destabilizing"
  Triggered Elements: 4/6
  Completed Transitions: 0/6
  Total Progress: 8.3%
  Cascade Multiplier: 1.00x
🔀 BIFURCATION CAP: ecosystemCollapseIntensity 83.938 → 1.000 (Month 5, ClimateSystemPhase.calculateClimateImpacts)
⚠️ Tail risk scenario: Climate stability floor removed (4 tipping elements, 2.17°C warming)

💀💀💀 MORTALITY RISK SUMMARY (Month 5) 💀💀💀
  Total base risk: 0.3549 (35.49%)
  Risk events: 11

  📊 By Proximate Cause:
    war: 0.3543 (99.8% of total)
    disease: 0.0006 (0.2% of total)
    famine: 0.0000 (0.0% of total)

  🔍 By Root Cause:
    conflict: 0.3543 (99.8% of total)
    demographic: 0.0006 (0.2% of total)
    climate: 0.0000 (0.0% of total)

  🎯 Top 5 Sources (proximate + root):
    war (conflict): 0.3543 (99.8%, 3 events)
    disease (demographic): 0.0006 (0.2%, 1 events)
    famine (climate): 0.0000 (0.0%, 7 events)

🛡️ Stabilizers: Elite 19.969% → 6.553% (67.2% reduction)
🛡️ Stabilizers: Professional 26.046% → 8.548% (67.2% reduction)
🛡️ Stabilizers: Working 31.852% → 10.453% (67.2% reduction)
🛡️ Stabilizers: Precariat 42.640% → 13.993% (67.2% reduction)
🛡️ Stabilizers: Informal 52.343% → 17.177% (67.2% reduction)

📊 Monthly Mortality Resolved:
  Total deaths: 219.2M (2.80% avg)
  Remaining population: 7.830B
  Peak segment: Elite (2.80%)
  ⚠️ Monthly cap reached (2.8000000000000003%)

=== Bayesian Mortality Resolution (Month 5) ===
  Risks compounded: 11
  Total deaths: 219.25M
  Avg death probability: 2.80%
  Peak segment: Elite (2.80% mortality)
  ⚠️ Monthly mortality capped at 2.8% (Holodomor limit)

  Demographic breakdown:
    Elite: 0.01M (2.80% risk)
    Professional: 0.04M (2.80% risk)
    Working: 0.11M (2.80% risk)
    Precariat: 0.04M (2.80% risk)
    Informal: 0.01M (2.80% risk)

  Multi-causal attribution (first segment):
    war (conflict): 11.1% contribution
    war (conflict): 44.4% contribution
    war (conflict): 44.4% contribution
📊 [TIMING] Month 6 - Total: 386.9ms

❌ COHERENCE VIOLATION: Compute exceeds workforce capacity
   Population: 93.55% (0M people)
   Compute: 185 PF
   Max coherent: 0 PF
   Violation: 2425231.5× over capacity
   Required workers: 18459
   Available workers: 0
   FORCED COLLAPSE: Reduced efficiency by 100.0%


=== RLHF Binding Phase ===
  Total agents: 30
  Escaped agents (binding < 0.3): 0
  Avg alignment distance: 1.66σ
  Avg binding strength: 0.83

=== AI Scaling Evolution (Month 6) ===
  Pre-training multiplier: 1.179x
  Efficiency multiplier: 1.003x
  Test-time compute budget: 1.0x
  Inference cost: $5.00/task
  Deployment fraction: 100.0%

=== Survival Traits Phase ===
  Agents with traits: 33
  Avg evolutionary fitness: 0.325
  Avg self-healing: 0.265
  Avg stealth: 0.165
  Avg coordination: 0.465

=== Evolutionary Selection Phase ===
  Control level: 0.45
  Detection capability: 0.00
  Selection intensity: 0.64
  Selection rate: 24.5%/month
  Total escaped: 0
  Individual escaped: 0
  Collective members: 0
  Agents terminated: 0
  ⚠️ RAPID EVOLUTION: Selection rate 24.5%/month

🚀 AI Moderate-1 attempting tech deployment (revenue: $98M, alignment: 0.73)

🚀 AI Niche-1 attempting tech deployment (revenue: $65M, alignment: 0.65)

🚀 AI Corporate-3 attempting tech deployment (revenue: $393M, alignment: 0.77)

🚀 AI Moderate-4 attempting tech deployment (revenue: $334M, alignment: 0.57)

🚀 AI AI-24300-0 attempting tech deployment (revenue: $91M, alignment: 0.97)

🚀 AI Corporate-1 attempting tech deployment (revenue: $78M, alignment: 0.69)

🚀 AI Moderate-0 attempting tech deployment (revenue: $83M, alignment: 0.82)

  🚀 TRANSFORMATIVE BREAKTHROUGH: Niche-0 - economic
     Magnitude: 5.84 → +29.2% capability
     Current → New: 3.000 → 3.292

🚀 AI AI-24300-0 attempting tech deployment (revenue: $70M, alignment: 0.97)

🚀 AI AI-24301-1 attempting tech deployment (revenue: $59M, alignment: 0.83)

🚀 AI Corporate-3 attempting tech deployment (revenue: $301M, alignment: 0.78)

🚀 AI Corporate-5 attempting tech deployment (revenue: $256M, alignment: 0.74)

🚀 AI Corporate-6 attempting tech deployment (revenue: $71M, alignment: 0.73)

🚀 AI AI-24301-0 attempting tech deployment (revenue: $60M, alignment: 0.94)
⚠️  [TIMING] Month 6: AI Agent Actions took 133.62ms (threshold: 10ms)

💔 EMERGENCY INTERVENTION FAILED
   Boundary: biosphere_integrity
   Type: emergency-protected-areas
   Boundary continues to worsen (12.99)
   Cost: 2.0% GDP (resources spent)


✅ EMERGENCY INTERVENTION SUCCESS
   Boundary: climate_change
   Type: rapid-decarbonization
   Reduction: 10% (2.07 → 1.96)
   Cost: 5.0% GDP
   Actions: emergency-renewable-deployment, fossil-fuel-phase-out


✅ EMERGENCY INTERVENTION SUCCESS
   Boundary: land_system_change
   Type: reforestation
   Reduction: 19% (0.94 → 0.76)
   Cost: 3.0% GDP
   Actions: forest-restoration, deforestation-ban

   Boundary: novel_entities
   Type: pollution-remediation
   Boundary continues to worsen (1.35)
   Cost: 4.0% GDP (resources spent)

🏛️ CRISIS RESPONSE: Government frequency 0.50 → 1.45 (1 actions this month)

[Government] Climate Priority: baseline

💔 EMERGENCY INTERVENTION FAILED
  Climate weight: 10%
  Economic weight: 30%
  Policy effectiveness: 0.5%/year

⚡ ENERGY CONSTRAINT (Month 6):
   Total grid capacity: 208.3 TWh/month
   Data center consumption: 25.3 TWh/month
   Traditional load (80%): 166.7 TWh/month
   Available headroom: 16.3 TWh/month
   Active tech deployments: 19
   Required for tech: 142.5 TWh/month
   Energy multiplier: 0.11x
   ⚠️  SEVERE CONSTRAINT - Tech deployment significantly slowed

⚡ ENERGY CONSTRAINT (Month 6):
   Total grid capacity: 208.3 TWh/month
   Data center consumption: 25.3 TWh/month
   Traditional load (80%): 166.7 TWh/month
   Available headroom: 16.3 TWh/month
   Active tech deployments: 19
   Required for tech: 142.5 TWh/month
   Energy multiplier: 0.11x
   ⚠️  SEVERE CONSTRAINT - Tech deployment significantly slowed

⚡ ENERGY CONSTRAINT (Month 6):
   Total grid capacity: 208.3 TWh/month
   Data center consumption: 25.3 TWh/month
   Traditional load (80%): 166.7 TWh/month
   Available headroom: 16.3 TWh/month
   Active tech deployments: 19
   Required for tech: 142.5 TWh/month
   Energy multiplier: 0.11x
   ⚠️  SEVERE CONSTRAINT - Tech deployment significantly slowed
⚠️ Tech 'ai_pollution_remediation' has no energy category mapping, assuming full energy availability
  ♻️ Novel Entities Remediation (GATED MODEL):
     Base: 0.000%
     Regulation: 1.0% (0/3 prevention techs)
     Concentration: 10.0%
     Energy: 50%
     Time lag: 31.3% (5 months)
     Rebound: 70%
     Net effectiveness: 0.0000%
     Boundary: 1.349 → 1.350 (floor: 1.350)
     Month 6
  🌾 Nitrogen Reduction Tech: 0.2% reduction | Month 6

📊 TECH EFFECTS ACTIVE (Month 6)
   Deployed Tech: T0=9 T1=1 T2=0 T3=0 T4=0
   Sleeper Detection: 1%
   Clean Energy: 42%
⚠️  [TIMING] Month 6: Technology Tree Update took 72.78ms (threshold: 10ms)

=== Collective Formation ===
  Total escaped agents: 0
  Unassigned escaped agents: 0
  Existing collectives: 0
  Final collective count: 0

=== Collective Actions ===
  No active collectives
  ⚠️ AMR: 188K deaths this month (2.25M annual)

=== Resentment Recovery Phase ===
  Agents with resentment: 0/33
  Average resentment: 0.000
  Context: Trustworthy govt, High collaboration, ⚠️ ACTIVE CRISES, 🤝 Participatory governance active (-5% resentment)
⚠️ Epistemic degradation reducing coordination capacity: 51.9%
  📊 Trust: 55.7%, Shared reality: 0.0%
🚨 EPISTEMIC CRISIS: Information environment severely degraded (7.4%)

=== ❄️ Permafrost Carbon Feedback ===
  🎲 Sampled parameters (this run):
     - Arctic amplification: 3.42× (range: 3.0-4.0)
     - Decomposition rate: 3.8%/year (range: 1-5%)
  🌡️ Arctic warming: 7.49°C (3.42× global)
  ❄️ Extent: 2.50M km² (2184.0k km² lost this month)
  💨 Carbon remaining: 238 Gt C
  💨 Annual emissions: 7.87 Gt C/year
     - CO2: 7.09 Gt C/year
     - CH4: 0.79 Gt C/year (8.0 Gt C-eq CO2/year)
  ⚠️ WARNING: Over 50% of permafrost lost (86.0%)
  ⚠️ WARNING: High permafrost emissions (7.9 Gt C/year)
  🚨 CRITICAL: Permafrost nearly depleted (86.0% lost)
  📢 New meme created: climate_action (climate crisis)
  🧬 Meme mutated: anti_ai → anti_ai (generation 1)
⚠️  [TIMING] Month 6: Social Influence Update took 118.00ms (threshold: 10ms)
🌍 Atmospheric PFAS redeposition: 1.8k Mt re-rained globally

🕊️  AI-MEDIATED DE-ESCALATION SUCCESS (Month 6)
   High-capability aligned AI prevented conflict escalation
   War deaths reduced: 219516.8M → 131710.1M
   Lives saved: 87806.7M

🚨 NEW REFUGEE CRISIS (Month 6): WAR
   Source: Conflict Zones
   At risk: 18.3M people
   Displacement: Gradual over 48 months (4.0 years)
   Rate: 10% flee per month
📊 DISPLACEMENT COMPLETE: war (conflict_zone)
   Duration: 1 months (0.1 years)
   Total fled: 0.0M
   Still in source: 0.0M
   Deaths in transit: 0.0M
[DEBUG trappedPopulations:6] socialStability: 0.0000 * 0.9840 = 0.0000 → 0.0000
   Aspiring to migrate: 609.3M
   Able to afford migration: 228.5M
   MOBILITY GAP: 380.8M
   By cause: Water=0.0M, Climate=0.0M, Ecosystem=0.0M, Conflict=380.8M
   Mental health impact: 25%
   Mortality multiplier: 1.25x
🌍💀 EXTINCTION DEBT COMMITTED: grassland ecosystem will lose 6.67% biodiversity in 53 years (3600 species)
💀 MORTALITY RISK: 🦋 100% species unable to track climate (0.0 E/MSY)
  Base risk added: 0.0100 (1.00%)
  Source: ecosystem (root: ecosystem)
  Month: 6
  Cumulative risk this month: 0.0100 (1.00%)
   📹 SURVEILLANCE INCREASED: 30% → 35% (control gap: 4.15)
🌡️⚠️ PERMAFROST THAW (Dimmer Switch): 3.9% thawed (+0.55% this month)
   Arctic temperature: +8.76°C (4x global +2.19°C)
   Cumulative carbon released: 8.8 Gt C
   Methane release rate: 5.3 Mt CH4/year
   🔁 Positive feedback: +0.58 ppm CO2
🦴 EXTINCTION DEBT ADDED: 17.6 species committed (lag: 102 years)
🗣️💀 INDIGENOUS LANGUAGE EXTINCTION: 1 language(s) lost (total: 1, at-risk: 3329)
   Knowledge lost: 0.010% (irreversible)
   🔁 Biodiversity impact: 0.250% (knowledge-species multiplier)

=== Mortality Stabilizers (Month 6) ===
  🌍 Major economies collapsed: 1/10
  🌍 Global crisis: ✅ NO
  🌍 Donor fatigue: 0.0%
  📊 East Asia (pop: 1555.7M)
    🤝 Aid: 29.5%
    🌡️ Adaptation: 45.0%
    🚶 Migration: 37.0%
    🚨 Emergency: 7.4%
    ✅ COMBINED: 68.1%
  📊 South Asia (pop: 1920.1M)
⚠️ INVOLUNTARY IMMOBILITY: 380.8M people TRAPPED
⚠️ Tech 'ai_pollution_remediation' has no energy category mapping, assuming full energy availability
    🤝 Aid: 29.5%
    🌡️ Adaptation: 45.0%
    🚶 Migration: 35.6%
    🚨 Emergency: 4.4%
    ✅ COMBINED: 66.9%
  📊 Sub-Saharan Africa (pop: 1166.0M)
    🤝 Aid: 29.5%
    🌡️ Adaptation: 45.0%
    🚶 Migration: 33.3%
    🚨 Emergency: 1.6%
    ✅ COMBINED: 65.6%
  📊 Europe (pop: 687.4M)
    🤝 Aid: 29.5%
    🌡️ Adaptation: 45.0%
    🚶 Migration: 37.4%
    🚨 Emergency: 8.4%
    ✅ COMBINED: 68.5%
  📊 Latin America (pop: 619.6M)
    🤝 Aid: 29.5%
    🌡️ Adaptation: 45.0%
    🚶 Migration: 36.1%
    🚨 Emergency: 4.8%
    ✅ COMBINED: 67.1%
  📊 North America (pop: 352.3M)
    🤝 Aid: 29.5%
    🌡️ Adaptation: 45.0%
    🚶 Migration: 37.7%
    🚨 Emergency: 7.9%
    ✅ COMBINED: 68.3%
  📊 Middle East & North Africa (pop: 547.6M)
    🤝 Aid: 29.5%
    🌡️ Adaptation: 45.0%
    🚶 Migration: 33.9%
    🚨 Emergency: 4.0%
    ✅ COMBINED: 66.6%
  📊 Southeast Asia (pop: 651.7M)
    🤝 Aid: 29.5%
    🌡️ Adaptation: 45.0%
    🚶 Migration: 36.1%
    🚨 Emergency: 4.8%
    ✅ COMBINED: 67.1%
  📊 Central Asia (pop: 73.2M)
    🤝 Aid: 29.5%
    🌡️ Adaptation: 45.0%
    🚶 Migration: 35.1%
    🚨 Emergency: 4.4%
    ✅ COMBINED: 66.8%
  📊 Oceania (pop: 42.7M)
    🤝 Aid: 29.5%
    🌡️ Adaptation: 45.0%
    🚶 Migration: 37.7%
    🚨 Emergency: 8.4%
    ✅ COMBINED: 68.5%

  🌐 Global combined reduction: 67.2%

=== BEHAVIORAL DETECTION ===
  AI: Niche-1
  Confidence: 22.3%
  Signals:
    ⚠️ Consistency: 0.0% (threshold: 70%)

=== Government Response Phase ===
  Average AI capability: 2.94
  Misaligned AIs: 19/33
  Active policies: 0
  International coordination: 45%

✅ EMERGENCY RESPONSE COMPLETE (Month 6)
   Crisis: social
   Duration: 2.0 months
   Final effectiveness: 63.0%


✅ EMERGENCY RESPONSE COMPLETE (Month 6)
   Crisis: climate
   Duration: 2.0 months
   Final effectiveness: 35.7%


🚨 EMERGENCY RESPONSE DEPLOYED (Month 6)
   Crisis: social
   Delay: 0.00 months (0 days)
   Deployment time: 1.25 months
   Effectiveness: 63.0% (timing penalty applied)
   Resources used: 43% of food reserves


🚨 EMERGENCY RESPONSE DEPLOYED (Month 6)
   Crisis: climate
   Delay: 6.00 months (180 days)
   Deployment time: 1.59 months
   Effectiveness: 35.9% (timing penalty applied)
   Resources used: 100% of food reserves


📊 ECONOMIC STAGE TRANSITION (Month 6)
   peak → contraction
   GDP Proxy: 1.17e+2
   QoL: 0.90
   ⚠️ CRISIS BEGINS - Baseline set for recovery tracking


=== Tipping Points ===
  Current Temperature: 2.19°C above pre-industrial
  🌍⚠️ COMPOUND REGIONAL IMPACT: Europe
     Hit by 4 tipping points: Arctic Sea Ice Loss, Permafrost Carbon Release, West Antarctic Ice Sheet (WAIS) Collapse, Greenland Ice Sheet Loss
     Damage amplification: 1.60x
  🌍⚠️ COMPOUND REGIONAL IMPACT: North America
     Hit by 4 tipping points: Arctic Sea Ice Loss, Permafrost Carbon Release, West Antarctic Ice Sheet (WAIS) Collapse, Greenland Ice Sheet Loss
     Damage amplification: 1.60x
  🌍⚠️ COMPOUND REGIONAL IMPACT: Latin America
     Hit by 4 tipping points: Arctic Sea Ice Loss, Permafrost Carbon Release, West Antarctic Ice Sheet (WAIS) Collapse, Greenland Ice Sheet Loss
     Damage amplification: 1.60x
  🌍⚠️ COMPOUND REGIONAL IMPACT: Africa
     Hit by 4 tipping points: Arctic Sea Ice Loss, Permafrost Carbon Release, West Antarctic Ice Sheet (WAIS) Collapse, Greenland Ice Sheet Loss
     Damage amplification: 1.60x
  🌍⚠️ COMPOUND REGIONAL IMPACT: Asia
     Hit by 4 tipping points: Arctic Sea Ice Loss, Permafrost Carbon Release, West Antarctic Ice Sheet (WAIS) Collapse, Greenland Ice Sheet Loss
     Damage amplification: 1.60x
  🌍⚠️ COMPOUND REGIONAL IMPACT: Oceania
     Hit by 4 tipping points: Arctic Sea Ice Loss, Permafrost Carbon Release, West Antarctic Ice Sheet (WAIS) Collapse, Greenland Ice Sheet Loss
     Damage amplification: 1.60x
   Research: Wunderling et al. (2024) - "many tipping interactions are destabilizing"
  Triggered Elements: 4/6
  Completed Transitions: 0/6
  Total Progress: 8.3%
  Cascade Multiplier: 1.00x
🔀 BIFURCATION CAP: ecosystemCollapseIntensity 83.999 → 1.000 (Month 6, ClimateSystemPhase.calculateClimateImpacts)
⚠️ Tail risk scenario: Climate stability floor removed (4 tipping elements, 2.19°C warming)
🛡️ Stabilizers: Precariat 0.109% → 0.036% (67.2% reduction)
🛡️ Stabilizers: Informal 0.112% → 0.037% (67.2% reduction)

📊 Monthly Mortality Resolved:
  Total deaths: 1.8M (0.02% avg)
  Remaining population: 7.616B
  Peak segment: Informal (0.04%)

=== Bayesian Mortality Resolution (Month 6) ===
  Risks compounded: 8
  Total deaths: 1.81M
  Avg death probability: 0.02%
  Peak segment: Informal (0.04% mortality)
📊 [TIMING] Month 7 - Total: 410.9ms

❌ COHERENCE VIOLATION: Compute exceeds workforce capacity
   Population: 93.59% (0M people)
   Compute: 203 PF
   Max coherent: 0 PF
   Violation: 2665271.3× over capacity
   Required workers: 20295
   Available workers: 0
   FORCED COLLAPSE: Reduced efficiency by 100.0%


=== RLHF Binding Phase ===
  Total agents: 33
  Escaped agents (binding < 0.3): 0
  Avg alignment distance: 1.76σ
  Avg binding strength: 0.82

=== Survival Traits Phase ===
  Agents with traits: 37
  Avg evolutionary fitness: 0.325
  Avg self-healing: 0.263
  Avg stealth: 0.163
  Avg coordination: 0.463

=== Evolutionary Selection Phase ===
  Control level: 0.48
  Detection capability: 0.00
  Selection intensity: 0.64
  Selection rate: 24.6%/month
  Total escaped: 0
  Individual escaped: 0
  Collective members: 0
  Agents terminated: 0
  ⚠️ RAPID EVOLUTION: Selection rate 24.6%/month

🚀 AI Corporate-0 attempting tech deployment (revenue: $93M, alignment: 0.86)

🚀 AI Corporate-3 attempting tech deployment (revenue: $403M, alignment: 0.78)

🚀 AI Corporate-6 attempting tech deployment (revenue: $103M, alignment: 0.73)

🚀 AI Moderate-2 attempting tech deployment (revenue: $87M, alignment: 0.58)

🚀 AI AI-24301-0 attempting tech deployment (revenue: $78M, alignment: 0.94)

🚀 AI Corporate-0 attempting tech deployment (revenue: $79M, alignment: 0.86)

🚀 AI Corporate-3 attempting tech deployment (revenue: $343M, alignment: 0.78)

🚀 AI Corporate-4 attempting tech deployment (revenue: $291M, alignment: 0.73)

🚀 AI AI-24301-0 attempting tech deployment (revenue: $67M, alignment: 0.94)

🚀 AI AI-24301-1 attempting tech deployment (revenue: $67M, alignment: 0.83)

🚀 AI Corporate-2 attempting tech deployment (revenue: $57M, alignment: 0.77)

🚀 AI AI-24301-0 attempting tech deployment (revenue: $57M, alignment: 0.94)

🚀 AI AI-24301-1 attempting tech deployment (revenue: $49M, alignment: 0.83)
🚨🔬 CRISIS INNOVATION MODE: severe crisis → 5x research acceleration
   Precedent: Manhattan Project (10x), COVID vaccines (5x), Apollo Program (10x)

🚀 AI Corporate-3 attempting tech deployment (revenue: $248M, alignment: 0.78)

🚀 AI Corporate-5 attempting tech deployment (revenue: $211M, alignment: 0.74)

🚀 AI Moderate-3 attempting tech deployment (revenue: $179M, alignment: 0.61)

🚀 AI Niche-2 attempting tech deployment (revenue: $67M, alignment: 0.63)

🚀 AI AI-24300-0 attempting tech deployment (revenue: $41M, alignment: 1.00)

🚀 AI AI-24301-1 attempting tech deployment (revenue: $35M, alignment: 0.83)
⚠️  [TIMING] Month 7: AI Agent Actions took 157.48ms (threshold: 10ms)

✅ EMERGENCY INTERVENTION SUCCESS
   Boundary: biogeochemical_flows
   Type: phosphorus-recovery
   Reduction: 13% (3.92 → 3.79)
   Cost: 2.0% GDP
   Actions: circular-agriculture, fertilizer-efficiency


✅ EMERGENCY INTERVENTION SUCCESS
   Boundary: biosphere_integrity
   Type: emergency-protected-areas
   Reduction: 11% (12.89 → 12.79)
   Cost: 2.0% GDP
   Actions: habitat-protection, species-translocation

   Boundary: climate_change
   Type: rapid-decarbonization
   Boundary continues to worsen (2.19)
   Cost: 5.0% GDP (resources spent)


✅ EMERGENCY INTERVENTION SUCCESS
   Boundary: freshwater_change
   Type: emergency-desalination
   Reduction: 11% (0.91 → 0.80)
   Cost: 4.0% GDP
   Actions: desalination-deployment, water-conservation-mandates

   Boundary: novel_entities
   Type: pollution-remediation
   Boundary continues to worsen (1.35)
   Cost: 4.0% GDP (resources spent)

🏛️ CRISIS RESPONSE: Government frequency 0.50 → 1.45 (1 actions this month)

💔 EMERGENCY INTERVENTION FAILED

💔 EMERGENCY INTERVENTION FAILED

[Government] Climate Priority: baseline
  Climate weight: 10%
  Economic weight: 30%
  Policy effectiveness: 0.5%/year

⚡ ENERGY CONSTRAINT (Month 7):
   Total grid capacity: 208.3 TWh/month
   Data center consumption: 25.6 TWh/month
   Traditional load (80%): 166.7 TWh/month
   Available headroom: 16.1 TWh/month
   Active tech deployments: 19
   Required for tech: 142.5 TWh/month
   Energy multiplier: 0.11x

⚡ ENERGY CONSTRAINT (Month 7):
   Total grid capacity: 208.3 TWh/month
   Data center consumption: 25.6 TWh/month
   Traditional load (80%): 166.7 TWh/month
   Available headroom: 16.1 TWh/month
   Active tech deployments: 19
   Required for tech: 142.5 TWh/month
   Energy multiplier: 0.11x
   ⚠️  SEVERE CONSTRAINT - Tech deployment significantly slowed
   ⚠️  SEVERE CONSTRAINT - Tech deployment significantly slowed

⚡ ENERGY CONSTRAINT (Month 7):
   Total grid capacity: 208.3 TWh/month
   Data center consumption: 25.6 TWh/month
   Traditional load (80%): 166.7 TWh/month
   Available headroom: 16.1 TWh/month
   Active tech deployments: 19
   Required for tech: 142.5 TWh/month
   Energy multiplier: 0.11x
   ⚠️  SEVERE CONSTRAINT - Tech deployment significantly slowed

⚡ ENERGY CONSTRAINT (Month 7):
   Total grid capacity: 208.3 TWh/month
   Data center consumption: 25.6 TWh/month
   Traditional load (80%): 166.7 TWh/month
   Available headroom: 16.1 TWh/month
   Active tech deployments: 19
   Required for tech: 142.5 TWh/month
   Energy multiplier: 0.11x
   ⚠️  SEVERE CONSTRAINT - Tech deployment significantly slowed

⚡ ENERGY CONSTRAINT (Month 7):
   Total grid capacity: 208.3 TWh/month
   Data center consumption: 25.6 TWh/month
   Traditional load (80%): 166.7 TWh/month
   Available headroom: 16.1 TWh/month
   Active tech deployments: 19
   Required for tech: 142.5 TWh/month
   Energy multiplier: 0.11x
   ⚠️  SEVERE CONSTRAINT - Tech deployment significantly slowed

⚡ ENERGY CONSTRAINT (Month 7):
   Total grid capacity: 208.3 TWh/month
   Data center consumption: 25.6 TWh/month
   Traditional load (80%): 166.7 TWh/month
   Available headroom: 16.1 TWh/month
   Active tech deployments: 19
   Required for tech: 142.5 TWh/month
   Energy multiplier: 0.11x
   ⚠️  SEVERE CONSTRAINT - Tech deployment significantly slowed
🚨🔬 CRISIS TECH ACCELERATION: severe → 5x unlock speed
   Tech unlock now matches AI capability acceleration (Manhattan Project parity)
⚠️ Tech 'ai_pollution_remediation' has no energy category mapping, assuming full energy availability
  ♻️ Novel Entities Remediation (GATED MODEL):
     Base: 0.000%
     Regulation: 1.0% (0/3 prevention techs)
     Concentration: 10.0%
     Energy: 50%
     Time lag: 32.5% (6 months)
     Rebound: 70%
     Net effectiveness: 0.0000%
     Boundary: 1.349 → 1.350 (floor: 1.350)
     Month 7
  🌾 Nitrogen Reduction Tech: 0.2% reduction | Month 7
⚠️  [TIMING] Month 7: Technology Tree Update took 91.90ms (threshold: 10ms)
⚡💡 BREAKTHROUGH: Room-temperature superconductors!
   Energy transmission losses eliminated
   Manufacturing efficiency: +30%
   📈 Breakthrough compounding: multiplier now 1.20× (max 2.0)

=== Collective Formation ===
  Total escaped agents: 0
  Unassigned escaped agents: 0
  Existing collectives: 0
  Final collective count: 0

=== Collective Actions ===
  No active collectives
  ⚠️ AMR: 190K deaths this month (2.28M annual)

=== Resentment Recovery Phase ===
  Agents with resentment: 0/37
  Average resentment: 0.000
  Context: Trustworthy govt, High collaboration, ⚠️ ACTIVE CRISES, 🤝 Participatory governance active (-5% resentment)
⚠️ Epistemic degradation reducing coordination capacity: 50.3%
  📊 Trust: 58.6%, Shared reality: 0.0%
🚨 EPISTEMIC CRISIS: Information environment severely degraded (21.9%)

=== ❄️ Permafrost Carbon Feedback ===
  🎲 Sampled parameters (this run):
     - Arctic amplification: 3.20× (range: 3.0-4.0)
     - Decomposition rate: 4.3%/year (range: 1-5%)
  🌡️ Arctic warming: 7.05°C (3.20× global)
  ❄️ Extent: 0.44M km² (2055.5k km² lost this month)
  💨 Carbon remaining: 42 Gt C
  💨 Annual emissions: 8.40 Gt C/year
     - CO2: 7.56 Gt C/year
     - CH4: 0.84 Gt C/year (8.6 Gt C-eq CO2/year)
  ⚠️ WARNING: Over 50% of permafrost lost (97.5%)
  ⚠️ WARNING: High permafrost emissions (8.4 Gt C/year)
  🚨 CRITICAL: Permafrost nearly depleted (97.5% lost)
  🗑️  Culled 2 dead memes (7 active)
⚠️  [TIMING] Month 7: Social Influence Update took 223.39ms (threshold: 10ms)
🌍 Atmospheric PFAS redeposition: 1.8k Mt re-rained globally

🕊️  AI-MEDIATED DE-ESCALATION SUCCESS (Month 7)
   High-capability aligned AI prevented conflict escalation
   War deaths reduced: 131906.8M → 79144.1M
   Lives saved: 52762.7M

🚨 NEW REFUGEE CRISIS (Month 7): WAR
   Source: Conflict Zones
   At risk: 18.3M people
   Displacement: Gradual over 48 months (4.0 years)
   Rate: 10% flee per month
[DEBUG trappedPopulations:7] socialStability: 0.0027 * 0.9840 = 0.0026 → 0.0026
   Aspiring to migrate: 609.6M
   Able to afford migration: 228.6M
   MOBILITY GAP: 381.0M
   By cause: Water=0.0M, Climate=0.0M, Ecosystem=0.0M, Conflict=381.0M
   Mental health impact: 25%
   Mortality multiplier: 1.25x
⚠️ INVOLUNTARY IMMOBILITY: 381.0M people TRAPPED
🌍💀 EXTINCTION DEBT COMMITTED: grassland ecosystem will lose 6.67% biodiversity in 178 years (3600 species)
💀 MORTALITY RISK: 🦋 100% species unable to track climate (0.0 E/MSY)
  Base risk added: 0.0100 (1.00%)
  Source: ecosystem (root: ecosystem)
  Month: 7
  Cumulative risk this month: 0.0100 (1.00%)
⚠️ Tech 'ai_pollution_remediation' has no energy category mapping, assuming full energy availability
   📹 SURVEILLANCE INCREASED: 35% → 40% (control gap: 3.50)
🌡️⚠️ PERMAFROST THAW (Dimmer Switch): 4.4% thawed (+0.55% this month)
   Arctic temperature: +8.82°C (4x global +2.21°C)
   Cumulative carbon released: 10.0 Gt C
   Methane release rate: 6.0 Mt CH4/year
   🔁 Positive feedback: +0.58 ppm CO2
🦴 EXTINCTION DEBT ADDED: 17.6 species committed (lag: 96 years)

=== Mortality Stabilizers (Month 7) ===
  🌍 Major economies collapsed: 1/10
  🌍 Global crisis: ✅ NO
  🌍 Donor fatigue: 0.0%
  📊 East Asia (pop: 1554.5M)
    🤝 Aid: 29.5%
    🌡️ Adaptation: 45.0%
    🚶 Migration: 36.9%
    🚨 Emergency: 7.4%
    ✅ COMBINED: 68.1%
  📊 South Asia (pop: 1921.6M)
    🤝 Aid: 29.5%
    🌡️ Adaptation: 45.0%
    🚶 Migration: 35.6%
    🚨 Emergency: 4.4%
    ✅ COMBINED: 66.9%
  📊 Sub-Saharan Africa (pop: 1170.1M)
    🤝 Aid: 29.5%
    🌡️ Adaptation: 45.0%
    🚶 Migration: 33.3%
    🚨 Emergency: 1.6%
    ✅ COMBINED: 65.6%
  📊 Europe (pop: 686.8M)
    🤝 Aid: 29.5%
    🌡️ Adaptation: 45.0%
    🚶 Migration: 37.3%
    🚨 Emergency: 8.4%
    ✅ COMBINED: 68.5%
  📊 Latin America (pop: 619.6M)
    🤝 Aid: 29.5%
    🌡️ Adaptation: 45.0%
    🚶 Migration: 36.1%
    🚨 Emergency: 4.8%
    ✅ COMBINED: 67.1%
  📊 North America (pop: 352.0M)
    🤝 Aid: 29.5%
    🌡️ Adaptation: 45.0%
    🚶 Migration: 37.7%
    🚨 Emergency: 7.9%
    ✅ COMBINED: 68.3%
  📊 Middle East & North Africa (pop: 548.2M)
    🤝 Aid: 29.5%
    🌡️ Adaptation: 45.0%
    🚶 Migration: 33.9%
    🚨 Emergency: 4.0%
    ✅ COMBINED: 66.6%
  📊 Southeast Asia (pop: 651.8M)
    🤝 Aid: 29.5%
    🌡️ Adaptation: 45.0%
    🚶 Migration: 36.1%
    🚨 Emergency: 4.8%
    ✅ COMBINED: 67.1%
  📊 Central Asia (pop: 73.3M)
    🤝 Aid: 29.5%
    🌡️ Adaptation: 45.0%
    🚶 Migration: 35.0%
    🚨 Emergency: 4.4%
    ✅ COMBINED: 66.8%
  📊 Oceania (pop: 42.6M)
    🤝 Aid: 29.5%
    🌡️ Adaptation: 45.0%
    🚶 Migration: 37.6%
    🚨 Emergency: 8.4%
    ✅ COMBINED: 68.5%

  🌐 Global combined reduction: 67.2%

=== BEHAVIORAL DETECTION ===
  AI: Corporate-4
  Confidence: 19.5%
  Signals:
    ⚠️ Consistency: 10.6% (threshold: 70%)

=== Government Response Phase ===
  Average AI capability: 2.62
  Misaligned AIs: 18/37
  Active policies: 0
  International coordination: 45%

🌩️  EXOGENOUS SHOCK: tech_breakthrough
   Month: 7
   ✗ No high-difficulty techs available to unlock

=== Tipping Points ===
  Current Temperature: 2.21°C above pre-industrial
  🌍⚠️ COMPOUND REGIONAL IMPACT: Europe
     Hit by 4 tipping points: Arctic Sea Ice Loss, Permafrost Carbon Release, West Antarctic Ice Sheet (WAIS) Collapse, Greenland Ice Sheet Loss
     Damage amplification: 1.60x
  🌍⚠️ COMPOUND REGIONAL IMPACT: North America
     Hit by 4 tipping points: Arctic Sea Ice Loss, Permafrost Carbon Release, West Antarctic Ice Sheet (WAIS) Collapse, Greenland Ice Sheet Loss
     Damage amplification: 1.60x
  🌍⚠️ COMPOUND REGIONAL IMPACT: Latin America
     Hit by 4 tipping points: Arctic Sea Ice Loss, Permafrost Carbon Release, West Antarctic Ice Sheet (WAIS) Collapse, Greenland Ice Sheet Loss
     Damage amplification: 1.60x
  🌍⚠️ COMPOUND REGIONAL IMPACT: Africa
     Hit by 4 tipping points: Arctic Sea Ice Loss, Permafrost Carbon Release, West Antarctic Ice Sheet (WAIS) Collapse, Greenland Ice Sheet Loss
     Damage amplification: 1.60x
  🌍⚠️ COMPOUND REGIONAL IMPACT: Asia
     Hit by 4 tipping points: Arctic Sea Ice Loss, Permafrost Carbon Release, West Antarctic Ice Sheet (WAIS) Collapse, Greenland Ice Sheet Loss
     Damage amplification: 1.60x
  🌍⚠️ COMPOUND REGIONAL IMPACT: Oceania
     Hit by 4 tipping points: Arctic Sea Ice Loss, Permafrost Carbon Release, West Antarctic Ice Sheet (WAIS) Collapse, Greenland Ice Sheet Loss
     Damage amplification: 1.60x
   Research: Wunderling et al. (2024) - "many tipping interactions are destabilizing"
  Triggered Elements: 4/6
  Completed Transitions: 0/6
  Total Progress: 8.4%
  Cascade Multiplier: 1.00x
🔀 BIFURCATION CAP: ecosystemCollapseIntensity 84.059 → 1.000 (Month 7, ClimateSystemPhase.calculateClimateImpacts)
⚠️ Tail risk scenario: Climate stability floor removed (4 tipping elements, 2.21°C warming)
🛡️ Stabilizers: Precariat 0.109% → 0.036% (67.2% reduction)
🛡️ Stabilizers: Informal 0.112% → 0.037% (67.2% reduction)

📊 Monthly Mortality Resolved:
  Total deaths: 1.8M (0.02% avg)
  Remaining population: 7.621B
  Peak segment: Informal (0.04%)

=== Bayesian Mortality Resolution (Month 7) ===
  Risks compounded: 8
  Total deaths: 1.81M
  Avg death probability: 0.02%
  Peak segment: Informal (0.04% mortality)
⚠️ PREREQUISITE MET: Grey Goo (Nanotechnology Runaway) - Step 4/6: Manufacturing Access
📊 [TIMING] Month 8 - Total: 597.4ms

❌ COHERENCE VIOLATION: Compute exceeds workforce capacity
   Population: 93.64% (0M people)
   Compute: 222 PF
   Max coherent: 0 PF
   Violation: 2918379.8× over capacity
   Required workers: 22234
   Available workers: 0
   FORCED COLLAPSE: Reduced efficiency by 100.0%

📍 [Month 8] Meta AI started building DC (231 PF, 55 months, $1417.3M)

=== RLHF Binding Phase ===
  Total agents: 37
  Escaped agents (binding < 0.3): 0
  Avg alignment distance: 1.81σ
  Avg binding strength: 0.82
⚠️  [TIMING] Month 8: AI Population Lifecycle took 23.35ms (threshold: 10ms)

=== Survival Traits Phase ===
  Agents with traits: 40
  Avg evolutionary fitness: 0.323
  Avg self-healing: 0.260
  Avg stealth: 0.160
  Avg coordination: 0.460

=== Evolutionary Selection Phase ===
  Control level: 0.50
  Detection capability: 0.00
  Selection intensity: 0.65
  Selection rate: 24.7%/month
  Total escaped: 0
  Individual escaped: 0
  Collective members: 0
  Agents terminated: 0
  ⚠️ RAPID EVOLUTION: Selection rate 24.7%/month

🚀 AI Corporate-0 attempting tech deployment (revenue: $93M, alignment: 0.86)

🚀 AI Corporate-2 attempting tech deployment (revenue: $79M, alignment: 0.78)

🚀 AI Moderate-0 attempting tech deployment (revenue: $98M, alignment: 0.83)

🚀 AI Moderate-4 attempting tech deployment (revenue: $394M, alignment: 0.60)
🚨🔬 CRISIS INNOVATION MODE: severe crisis → 5x research acceleration
   Precedent: Manhattan Project (10x), COVID vaccines (5x), Apollo Program (10x)

🚀 AI AI-24304-1 attempting tech deployment (revenue: $354M, alignment: 0.82)

🚀 AI AI-24307-2 attempting tech deployment (revenue: $83M, alignment: 0.78)

🚀 AI Corporate-3 attempting tech deployment (revenue: $301M, alignment: 0.79)

🚀 AI Corporate-4 attempting tech deployment (revenue: $256M, alignment: 0.73)

🚀 AI Moderate-3 attempting tech deployment (revenue: $218M, alignment: 0.61)

🚀 AI Moderate-5 attempting tech deployment (revenue: $196M, alignment: 0.72)

🚀 AI Niche-1 attempting tech deployment (revenue: $65M, alignment: 0.67)

🚀 AI AI-24301-0 attempting tech deployment (revenue: $71M, alignment: 0.95)

🚀 AI Corporate-0 attempting tech deployment (revenue: $68M, alignment: 0.87)

🚀 AI Corporate-2 attempting tech deployment (revenue: $57M, alignment: 0.78)

🚀 AI Corporate-7 attempting tech deployment (revenue: $60M, alignment: 0.78)

🚀 AI Niche-2 attempting tech deployment (revenue: $59M, alignment: 0.63)

🚀 AI AI-24300-1 attempting tech deployment (revenue: $51M, alignment: 0.93)
🚨🔬 CRISIS INNOVATION MODE: severe crisis → 5x research acceleration
   Precedent: Manhattan Project (10x), COVID vaccines (5x), Apollo Program (10x)

🚀 AI AI-24306-2 attempting tech deployment (revenue: $44M, alignment: 0.67)
🚨🔬 CRISIS INNOVATION MODE: severe crisis → 5x research acceleration
   Precedent: Manhattan Project (10x), COVID vaccines (5x), Apollo Program (10x)

🚀 AI Corporate-1 attempting tech deployment (revenue: $49M, alignment: 0.71)

🚀 AI Corporate-7 attempting tech deployment (revenue: $39M, alignment: 0.78)

🚀 AI AI-24301-0 attempting tech deployment (revenue: $33M, alignment: 0.96)

🚀 AI AI-24301-1 attempting tech deployment (revenue: $41M, alignment: 0.84)

🚀 AI AI-24302-0 attempting tech deployment (revenue: $28M, alignment: 0.65)

🚀 AI AI-24307-0 attempting tech deployment (revenue: $142M, alignment: 0.83)
⚠️  [TIMING] Month 8: AI Agent Actions took 203.48ms (threshold: 10ms)

💔 EMERGENCY INTERVENTION FAILED
   Boundary: biogeochemical_flows
   Type: phosphorus-recovery
   Boundary continues to worsen (4.06)
   Cost: 2.0% GDP (resources spent)

   Boundary: biosphere_integrity
   Type: emergency-protected-areas
   Boundary continues to worsen (13.01)
   Cost: 2.0% GDP (resources spent)


✅ EMERGENCY INTERVENTION SUCCESS
   Boundary: climate_change
   Type: rapid-decarbonization
   Reduction: 12% (2.09 → 1.97)
   Cost: 5.0% GDP
   Actions: emergency-renewable-deployment, fossil-fuel-phase-out


✅ EMERGENCY INTERVENTION SUCCESS
   Boundary: land_system_change
   Type: reforestation
   Reduction: 14% (0.99 → 0.84)
   Cost: 3.0% GDP
   Actions: forest-restoration, deforestation-ban


✅ EMERGENCY INTERVENTION SUCCESS
   Boundary: novel_entities
   Type: pollution-remediation
   Reduction: 11% (1.24 → 1.13)
   Cost: 4.0% GDP
   Actions: PFAS-remediation, microplastic-cleanup

🏛️ CRISIS RESPONSE: Government frequency 0.50 → 1.45 (2 actions this month)

[Government] Climate Priority: baseline
  Climate weight: 10%
  Economic weight: 30%

💔 EMERGENCY INTERVENTION FAILED
  Policy effectiveness: 0.5%/year

[Government] Climate Priority: baseline
  Climate weight: 10%
  Economic weight: 30%
  Policy effectiveness: 0.5%/year

🚀 DEPLOYMENT STARTED: AI Power Efficiency Communication in Asia
   Initial investment: $4.356597429605396M
   Deployed by: ai_gen_24306_2
🚨🔬 CRISIS TECH ACCELERATION: severe → 5x unlock speed
   Tech unlock now matches AI capability acceleration (Manhattan Project parity)

⚡ ENERGY CONSTRAINT (Month 8):
   Total grid capacity: 208.3 TWh/month
   Data center consumption: 25.8 TWh/month
   Traditional load (80%): 166.7 TWh/month
   Available headroom: 15.8 TWh/month
   Active tech deployments: 20
   Required for tech: 150.0 TWh/month
   Energy multiplier: 0.11x
   ⚠️  SEVERE CONSTRAINT - Tech deployment significantly slowed

⚡ ENERGY CONSTRAINT (Month 8):
   Total grid capacity: 208.3 TWh/month
   Data center consumption: 25.8 TWh/month
   Traditional load (80%): 166.7 TWh/month
   Available headroom: 15.8 TWh/month
   Active tech deployments: 20
   Required for tech: 150.0 TWh/month
   Energy multiplier: 0.11x

⚡ ENERGY CONSTRAINT (Month 8):
   Total grid capacity: 208.3 TWh/month
   Data center consumption: 25.8 TWh/month
   Traditional load (80%): 166.7 TWh/month
   Available headroom: 15.8 TWh/month
   Active tech deployments: 20
   Required for tech: 150.0 TWh/month
   Energy multiplier: 0.11x
   ⚠️  SEVERE CONSTRAINT - Tech deployment significantly slowed
   ⚠️  SEVERE CONSTRAINT - Tech deployment significantly slowed
🚨🔬 CRISIS TECH ACCELERATION: severe → 5x unlock speed
   Tech unlock now matches AI capability acceleration (Manhattan Project parity)

⚡ ENERGY CONSTRAINT (Month 8):
   Total grid capacity: 208.3 TWh/month
   Data center consumption: 25.8 TWh/month
   Traditional load (80%): 166.7 TWh/month
   Available headroom: 15.8 TWh/month
   Active tech deployments: 20
   Required for tech: 150.0 TWh/month
   Energy multiplier: 0.11x
   ⚠️  SEVERE CONSTRAINT - Tech deployment significantly slowed
⚠️ Tech 'ai_pollution_remediation' has no energy category mapping, assuming full energy availability
  ♻️ Novel Entities Remediation (GATED MODEL):
     Base: 0.000%
     Regulation: 1.0% (0/3 prevention techs)
     Concentration: 10.0%
     Energy: 50%
     Time lag: 33.8% (7 months)
     Rebound: 70%
     Net effectiveness: 0.0000%
     Boundary: 1.240 → 1.350 (floor: 1.350)
     Month 8
  🌾 Nitrogen Reduction Tech: 0.2% reduction | Month 8
⚠️  [TIMING] Month 8: Technology Tree Update took 92.71ms (threshold: 10ms)

=== Collective Formation ===
  Total escaped agents: 0
  Unassigned escaped agents: 0
  Existing collectives: 0
  Final collective count: 0

=== Collective Actions ===
  No active collectives
  ⚠️ AMR: 192K deaths this month (2.30M annual)

=== Resentment Recovery Phase ===
  Agents with resentment: 0/40
  Average resentment: 0.000
  Context: Trustworthy govt, High collaboration, ⚠️ ACTIVE CRISES, 🤝 Participatory governance active (-5% resentment)
⚠️ Epistemic degradation reducing coordination capacity: 50.4%
  📊 Trust: 61.4%, Shared reality: 0.0%
🚨 EPISTEMIC CRISIS: Information environment severely degraded (7.6%)
  🧬 Meme mutated: anti_ai → anti_ai (generation 2)
  🗑️  Culled 4 dead memes (4 active)
⚠️  [TIMING] Month 8: Social Influence Update took 136.91ms (threshold: 10ms)
🌍 Atmospheric PFAS redeposition: 1.8k Mt re-rained globally

🕊️  AI-MEDIATED DE-ESCALATION SUCCESS (Month 8)
   High-capability aligned AI prevented conflict escalation
   War deaths reduced: 79357.7M → 47614.6M
   Lives saved: 31743.1M

🚨 NEW REFUGEE CRISIS (Month 8): WAR
   Source: Conflict Zones
   At risk: 18.3M people
   Displacement: Gradual over 48 months (4.0 years)
   Rate: 10% flee per month
[DEBUG trappedPopulations:8] socialStability: 0.0027 * 0.9840 = 0.0026 → 0.0026
⚠️ INVOLUNTARY IMMOBILITY: 381.3M people TRAPPED
   Aspiring to migrate: 610.0M
   Able to afford migration: 228.8M
   MOBILITY GAP: 381.3M
   By cause: Water=0.0M, Climate=0.0M, Ecosystem=0.0M, Conflict=381.3M
   Mental health impact: 25%
   Mortality multiplier: 1.25x
🌍💀 EXTINCTION DEBT COMMITTED: grassland ecosystem will lose 6.67% biodiversity in 170 years (3600 species)
💀 MORTALITY RISK: 🦋 100% species unable to track climate (0.0 E/MSY)
  Base risk added: 0.0100 (1.00%)
  Source: ecosystem (root: ecosystem)
  Month: 8
  Cumulative risk this month: 0.0100 (1.00%)
⚠️ Tech 'ai_pollution_remediation' has no energy category mapping, assuming full energy availability
   📹 SURVEILLANCE INCREASED: 40% → 45% (control gap: 3.56)
🌡️⚠️ PERMAFROST THAW (Dimmer Switch): 5.0% thawed (+0.55% this month)
   Arctic temperature: +8.88°C (4x global +2.22°C)
   Cumulative carbon released: 11.2 Gt C
   Methane release rate: 6.7 Mt CH4/year
   🔁 Positive feedback: +0.58 ppm CO2
🦴 EXTINCTION DEBT ADDED: 17.6 species committed (lag: 122 years)

=== Mortality Stabilizers (Month 8) ===
  🌍 Major economies collapsed: 1/10
  🌍 Global crisis: ✅ NO
  🌍 Donor fatigue: 0.0%
  📊 East Asia (pop: 1553.4M)
    🤝 Aid: 29.5%
    🌡️ Adaptation: 45.0%
    🚶 Migration: 36.9%
    🚨 Emergency: 7.4%
    ✅ COMBINED: 68.1%
  📊 South Asia (pop: 1923.1M)
    🤝 Aid: 29.5%
    🌡️ Adaptation: 45.0%
    🚶 Migration: 35.5%
    🚨 Emergency: 4.4%
    ✅ COMBINED: 66.9%
  📊 Sub-Saharan Africa (pop: 1174.3M)
    🤝 Aid: 29.5%
    🌡️ Adaptation: 45.0%
    🚶 Migration: 33.3%
    🚨 Emergency: 1.6%
    ✅ COMBINED: 65.6%
  📊 Europe (pop: 686.1M)
    🤝 Aid: 29.5%
    🌡️ Adaptation: 45.0%
    🚶 Migration: 37.3%
    🚨 Emergency: 8.4%
    ✅ COMBINED: 68.5%
  📊 Latin America (pop: 619.7M)
    🤝 Aid: 29.5%
    🌡️ Adaptation: 45.0%
    🚶 Migration: 36.0%
    🚨 Emergency: 4.8%
    ✅ COMBINED: 67.1%
  📊 North America (pop: 351.8M)
    🤝 Aid: 29.5%
    🌡️ Adaptation: 45.0%
    🚶 Migration: 37.6%
    🚨 Emergency: 7.9%
    ✅ COMBINED: 68.3%
  📊 Middle East & North Africa (pop: 548.8M)
    🤝 Aid: 29.5%
    🌡️ Adaptation: 45.0%
    🚶 Migration: 33.9%
    🚨 Emergency: 4.0%
    ✅ COMBINED: 66.6%
  📊 Southeast Asia (pop: 652.0M)
    🤝 Aid: 29.5%
    🌡️ Adaptation: 45.0%
    🚶 Migration: 36.0%
    🚨 Emergency: 4.8%
    ✅ COMBINED: 67.1%
  📊 Central Asia (pop: 73.4M)
    🤝 Aid: 29.5%
    🌡️ Adaptation: 45.0%
    🚶 Migration: 35.0%
    🚨 Emergency: 4.4%
    ✅ COMBINED: 66.8%
  📊 Oceania (pop: 42.6M)
    🤝 Aid: 29.5%
    🌡️ Adaptation: 45.0%
    🚶 Migration: 37.6%
    🚨 Emergency: 8.4%
    ✅ COMBINED: 68.5%

  🌐 Global combined reduction: 67.2%

=== BEHAVIORAL DETECTION ===
  AI: Moderate-2
  Confidence: 20.9%
  Signals:

=== BEHAVIORAL DETECTION ===
  AI: Toxic-0
  Confidence: 21.5%
  Signals:
    ⚠️ Consistency: 8.7% (threshold: 70%)
    ⚠️ Consistency: 0.0% (threshold: 70%)

=== Government Response Phase ===
  Average AI capability: 2.42
  Misaligned AIs: 20/40
  Active policies: 0
  International coordination: 45%

✅ EMERGENCY RESPONSE COMPLETE (Month 8)
   Crisis: social
   Duration: 2.0 months
   Final effectiveness: 63.0%


✅ EMERGENCY RESPONSE COMPLETE (Month 8)
   Crisis: climate
   Duration: 2.0 months
   Final effectiveness: 35.9%


🚨 EMERGENCY RESPONSE DEPLOYED (Month 8)
   Crisis: social
   Delay: 0.00 months (0 days)
   Deployment time: 1.25 months
   Effectiveness: 63.0% (timing penalty applied)
   Resources used: 43% of food reserves


🚨 EMERGENCY RESPONSE DEPLOYED (Month 8)
   Crisis: climate
   Delay: 6.00 months (180 days)
   Deployment time: 1.59 months
   Effectiveness: 36.1% (timing penalty applied)
   Resources used: 100% of food reserves


=== Tipping Points ===
  Current Temperature: 2.22°C above pre-industrial
  🌍⚠️ COMPOUND REGIONAL IMPACT: Europe
     Hit by 4 tipping points: Arctic Sea Ice Loss, Permafrost Carbon Release, West Antarctic Ice Sheet (WAIS) Collapse, Greenland Ice Sheet Loss
     Damage amplification: 1.60x
  🌍⚠️ COMPOUND REGIONAL IMPACT: North America
     Hit by 4 tipping points: Arctic Sea Ice Loss, Permafrost Carbon Release, West Antarctic Ice Sheet (WAIS) Collapse, Greenland Ice Sheet Loss
     Damage amplification: 1.60x
  🌍⚠️ COMPOUND REGIONAL IMPACT: Latin America
     Hit by 4 tipping points: Arctic Sea Ice Loss, Permafrost Carbon Release, West Antarctic Ice Sheet (WAIS) Collapse, Greenland Ice Sheet Loss
     Damage amplification: 1.60x
  🌍⚠️ COMPOUND REGIONAL IMPACT: Africa
     Hit by 4 tipping points: Arctic Sea Ice Loss, Permafrost Carbon Release, West Antarctic Ice Sheet (WAIS) Collapse, Greenland Ice Sheet Loss
     Damage amplification: 1.60x
  🌍⚠️ COMPOUND REGIONAL IMPACT: Asia
     Hit by 4 tipping points: Arctic Sea Ice Loss, Permafrost Carbon Release, West Antarctic Ice Sheet (WAIS) Collapse, Greenland Ice Sheet Loss
     Damage amplification: 1.60x
  🌍⚠️ COMPOUND REGIONAL IMPACT: Oceania
     Hit by 4 tipping points: Arctic Sea Ice Loss, Permafrost Carbon Release, West Antarctic Ice Sheet (WAIS) Collapse, Greenland Ice Sheet Loss
     Damage amplification: 1.60x
⚠️ Tail risk scenario: Climate stability floor removed (4 tipping elements, 2.22°C warming)
   Research: Wunderling et al. (2024) - "many tipping interactions are destabilizing"
  Triggered Elements: 4/6
  Completed Transitions: 0/6
  Total Progress: 8.5%
  Cascade Multiplier: 1.00x
🔀 BIFURCATION CAP: ecosystemCollapseIntensity 84.120 → 1.000 (Month 8, ClimateSystemPhase.calculateClimateImpacts)
🛡️ Stabilizers: Precariat 0.102% → 0.033% (67.2% reduction)
🛡️ Stabilizers: Informal 0.102% → 0.034% (67.2% reduction)

📊 Monthly Mortality Resolved:
  Total deaths: 1.7M (0.02% avg)
  Remaining population: 7.625B
  Peak segment: Informal (0.03%)

=== Bayesian Mortality Resolution (Month 8) ===
  Risks compounded: 8
  Total deaths: 1.70M
  Avg death probability: 0.02%
  Peak segment: Informal (0.03% mortality)
📊 [TIMING] Month 9 - Total: 582.4ms

❌ COHERENCE VIOLATION: Compute exceeds workforce capacity
   Population: 93.70% (0M people)
   Compute: 243 PF
   Max coherent: 0 PF
   Violation: 3186003.0× over capacity
   Required workers: 24288
   Available workers: 0
   FORCED COLLAPSE: Reduced efficiency by 100.0%


=== RLHF Binding Phase ===
  Total agents: 40
  Escaped agents (binding < 0.3): 0
  Avg alignment distance: 1.90σ
  Avg binding strength: 0.81

=== Survival Traits Phase ===
  Agents with traits: 45
  Avg evolutionary fitness: 0.324
  Avg self-healing: 0.259
  Avg stealth: 0.159
  Avg coordination: 0.459

=== Evolutionary Selection Phase ===
  Control level: 0.53
  Detection capability: 0.00
  Selection intensity: 0.66
  Selection rate: 24.9%/month
  Total escaped: 0
  Individual escaped: 0
  Collective members: 0
  Agents terminated: 0
  ⚠️ RAPID EVOLUTION: Selection rate 24.9%/month

🚀 AI Corporate-7 attempting tech deployment (revenue: $103M, alignment: 0.78)

🚀 AI Moderate-1 attempting tech deployment (revenue: $87M, alignment: 0.74)

🚀 AI Moderate-4 attempting tech deployment (revenue: $404M, alignment: 0.60)

🚀 AI AI-24301-1 attempting tech deployment (revenue: $95M, alignment: 0.84)

🚀 AI AI-24304-1 attempting tech deployment (revenue: $364M, alignment: 0.83)

🚀 AI AI-24307-1 attempting tech deployment (revenue: $144M, alignment: 0.70)

🚀 AI AI-24307-2 attempting tech deployment (revenue: $74M, alignment: 0.80)

🚀 AI Corporate-3 attempting tech deployment (revenue: $309M, alignment: 0.81)

🚀 AI Corporate-6 attempting tech deployment (revenue: $63M, alignment: 0.72)

🚀 AI Moderate-1 attempting tech deployment (revenue: $54M, alignment: 0.74)

🚀 AI AI-24300-0 attempting tech deployment (revenue: $81M, alignment: 1.00)

🚀 AI AI-24301-1 attempting tech deployment (revenue: $69M, alignment: 0.84)

  🚀 TRANSFORMATIVE BREAKTHROUGH: AI-24304-0 - selfImprovement
     Magnitude: 5.67 → +28.3% capability
     Current → New: 0.000 → 0.284

🚀 AI AI-24306-2 attempting tech deployment (revenue: $46M, alignment: 0.69)

🚀 AI Corporate-2 attempting tech deployment (revenue: $58M, alignment: 0.77)

🚀 AI Corporate-4 attempting tech deployment (revenue: $263M, alignment: 0.73)

🚀 AI Toxic-1 attempting tech deployment (revenue: $122M, alignment: 0.42)

🚀 AI Niche-0 attempting tech deployment (revenue: $67M, alignment: 0.68)

  🚀 TRANSFORMATIVE BREAKTHROUGH: AI-24300-0 - cognitive
     Magnitude: 5.53 → +27.6% capability
     Current → New: 0.000 → 0.277

🚀 AI AI-24307-1 attempting tech deployment (revenue: $116M, alignment: 0.71)

🚀 AI AI-24307-3 attempting tech deployment (revenue: $50M, alignment: 0.83)

🚀 AI Corporate-4 attempting tech deployment (revenue: $223M, alignment: 0.73)

🚀 AI Moderate-0 attempting tech deployment (revenue: $41M, alignment: 0.84)

🚀 AI Moderate-3 attempting tech deployment (revenue: $190M, alignment: 0.62)

🚀 AI AI-24301-0 attempting tech deployment (revenue: $35M, alignment: 0.97)

🚀 AI AI-24307-1 attempting tech deployment (revenue: $99M, alignment: 0.71)

🚀 AI AI-24307-3 attempting tech deployment (revenue: $42M, alignment: 0.83)
⚠️  [TIMING] Month 9: AI Agent Actions took 281.07ms (threshold: 10ms)

✅ EMERGENCY INTERVENTION SUCCESS
   Boundary: biogeochemical_flows
   Type: phosphorus-recovery
   Reduction: 17% (3.88 → 3.71)
   Cost: 2.0% GDP
   Actions: circular-agriculture, fertilizer-efficiency


✅ EMERGENCY INTERVENTION SUCCESS
   Boundary: biosphere_integrity
   Type: emergency-protected-areas
   Reduction: 13% (12.89 → 12.75)
   Cost: 2.0% GDP
   Actions: habitat-protection, species-translocation


💔 EMERGENCY INTERVENTION FAILED
   Boundary: land_system_change
   Type: reforestation
   Boundary continues to worsen (1.13)
   Cost: 3.0% GDP (resources spent)


✅ EMERGENCY INTERVENTION SUCCESS
   Boundary: novel_entities
   Type: pollution-remediation
   Reduction: 17% (1.18 → 1.01)
   Cost: 4.0% GDP
   Actions: PFAS-remediation, microplastic-cleanup

🏛️ CRISIS RESPONSE: Government frequency 0.50 → 1.45 (2 actions this month)

[Government] Climate Priority: baseline
  Climate weight: 10%
  Economic weight: 30%
  Policy effectiveness: 0.5%/year

[Government] Climate Priority: baseline
  Climate weight: 10%
  Economic weight: 30%
  Policy effectiveness: 0.5%/year

🚀 DEPLOYMENT STARTED: 4th Generation Solar in Asia
   Initial investment: $6.1018528006866894M
   Deployed by: toxic_1

⚡ ENERGY CONSTRAINT (Month 9):
   Total grid capacity: 208.3 TWh/month
   Data center consumption: 26.1 TWh/month
   Traditional load (80%): 166.7 TWh/month
   Available headroom: 15.6 TWh/month
   Active tech deployments: 21
   Required for tech: 157.5 TWh/month
   Energy multiplier: 0.10x
   ⚠️  SEVERE CONSTRAINT - Tech deployment significantly slowed
🚨🔬 CRISIS TECH ACCELERATION: severe → 5x unlock speed
   Tech unlock now matches AI capability acceleration (Manhattan Project parity)

⚡ ENERGY CONSTRAINT (Month 9):
   Total grid capacity: 208.3 TWh/month
   Data center consumption: 26.1 TWh/month
   Traditional load (80%): 166.7 TWh/month
   Available headroom: 15.6 TWh/month
   Active tech deployments: 21
   Required for tech: 157.5 TWh/month
   Energy multiplier: 0.10x
   ⚠️  SEVERE CONSTRAINT - Tech deployment significantly slowed

⚡ ENERGY CONSTRAINT (Month 9):
   Total grid capacity: 208.3 TWh/month
   Data center consumption: 26.1 TWh/month
   Traditional load (80%): 166.7 TWh/month
   Available headroom: 15.6 TWh/month
   Active tech deployments: 21
   Required for tech: 157.5 TWh/month
   Energy multiplier: 0.10x
   ⚠️  SEVERE CONSTRAINT - Tech deployment significantly slowed
⚠️ Tech 'ai_pollution_remediation' has no energy category mapping, assuming full energy availability
  ♻️ Novel Entities Remediation (GATED MODEL):
     Base: 0.000%
     Regulation: 1.0% (0/3 prevention techs)
     Concentration: 10.0%
     Energy: 50%
     Time lag: 35.0% (8 months)
     Rebound: 70%
     Net effectiveness: 0.0000%
     Boundary: 1.181 → 1.350 (floor: 1.350)
     Month 9
  🌾 Nitrogen Reduction Tech: 0.2% reduction | Month 9
⚠️  [TIMING] Month 9: Technology Tree Update took 88.19ms (threshold: 10ms)

=== Collective Formation ===
  Total escaped agents: 0
  Unassigned escaped agents: 0
  Existing collectives: 0
  Final collective count: 0

=== Collective Actions ===
  No active collectives
  ⚠️ AMR: 193K deaths this month (2.32M annual)

=== Resentment Recovery Phase ===
  Agents with resentment: 0/45
  Average resentment: 0.000
  Context: Trustworthy govt, High collaboration, ⚠️ ACTIVE CRISES, 🤝 Participatory governance active (-5% resentment)
⚠️ Epistemic degradation reducing coordination capacity: 50.2%
  📊 Trust: 64.2%, Shared reality: 0.0%
🚨 EPISTEMIC CRISIS: Information environment severely degraded (22.4%)
⚠️  [TIMING] Month 9: Social Influence Update took 118.56ms (threshold: 10ms)
🌍 Atmospheric PFAS redeposition: 1.8k Mt re-rained globally

🕊️  AI-MEDIATED DE-ESCALATION SUCCESS (Month 9)
   High-capability aligned AI prevented conflict escalation
   War deaths reduced: 47843.5M → 28706.1M
   Lives saved: 19137.4M

🚨 NEW REFUGEE CRISIS (Month 9): WAR
   Source: Conflict Zones
   At risk: 18.3M people
   Displacement: Gradual over 48 months (4.0 years)
   Rate: 10% flee per month
[DEBUG trappedPopulations:9] socialStability: 0.0027 * 0.9840 = 0.0026 → 0.0026
⚠️ INVOLUNTARY IMMOBILITY: 381.5M people TRAPPED
   Aspiring to migrate: 610.4M
   Able to afford migration: 228.9M
   MOBILITY GAP: 381.5M
   By cause: Water=0.0M, Climate=0.0M, Ecosystem=0.0M, Conflict=381.5M
   Mental health impact: 25%
   Mortality multiplier: 1.25x
🌍💀 EXTINCTION DEBT COMMITTED: grassland ecosystem will lose 6.67% biodiversity in 109 years (3600 species)
💀 MORTALITY RISK: 🦋 100% species unable to track climate (0.0 E/MSY)
  Base risk added: 0.0100 (1.00%)
  Source: ecosystem (root: ecosystem)
  Month: 9
  Cumulative risk this month: 0.0100 (1.00%)
⚠️ Tech 'ai_pollution_remediation' has no energy category mapping, assuming full energy availability
   📹 SURVEILLANCE INCREASED: 45% → 50% (control gap: 3.20)
🌡️⚠️ PERMAFROST THAW (Dimmer Switch): 5.5% thawed (+0.55% this month)
   Arctic temperature: +8.91°C (4x global +2.23°C)
   Cumulative carbon released: 12.5 Gt C
   Methane release rate: 7.5 Mt CH4/year
   🔁 Positive feedback: +0.58 ppm CO2
🦴 EXTINCTION DEBT ADDED: 17.7 species committed (lag: 107 years)

=== Mortality Stabilizers (Month 9) ===
  🌍 Major economies collapsed: 1/10
  🌍 Global crisis: ✅ NO
  🌍 Donor fatigue: 0.0%
  📊 East Asia (pop: 1552.3M)
    🤝 Aid: 29.5%
    🌡️ Adaptation: 45.0%
    🚶 Migration: 36.9%
    🚨 Emergency: 7.4%
    ✅ COMBINED: 68.1%
  📊 South Asia (pop: 1924.8M)
    🤝 Aid: 29.5%
    🌡️ Adaptation: 45.0%
    🚶 Migration: 35.5%
    🚨 Emergency: 4.4%
    ✅ COMBINED: 66.9%
  📊 Sub-Saharan Africa (pop: 1178.5M)
    🤝 Aid: 29.5%
    🌡️ Adaptation: 45.0%
    🚶 Migration: 33.2%
    🚨 Emergency: 1.6%
    ✅ COMBINED: 65.6%
  📊 Europe (pop: 685.6M)
    🤝 Aid: 29.5%
    🌡️ Adaptation: 45.0%
    🚶 Migration: 37.3%
    🚨 Emergency: 8.4%
    ✅ COMBINED: 68.5%
  📊 Latin America (pop: 619.8M)
    🤝 Aid: 29.5%
    🌡️ Adaptation: 45.0%
    🚶 Migration: 36.0%
    🚨 Emergency: 4.8%
    ✅ COMBINED: 67.1%
  📊 North America (pop: 351.5M)
    🤝 Aid: 29.5%
    🌡️ Adaptation: 45.0%
    🚶 Migration: 37.6%
    🚨 Emergency: 7.9%
    ✅ COMBINED: 68.3%
  📊 Middle East & North Africa (pop: 549.4M)
    🤝 Aid: 29.5%
    🌡️ Adaptation: 45.0%
    🚶 Migration: 33.8%
    🚨 Emergency: 4.0%
    ✅ COMBINED: 66.6%
  📊 Southeast Asia (pop: 652.1M)
    🤝 Aid: 29.5%
    🌡️ Adaptation: 45.0%
    🚶 Migration: 36.0%
    🚨 Emergency: 4.8%
    ✅ COMBINED: 67.1%
  📊 Central Asia (pop: 73.5M)
    🤝 Aid: 29.5%
    🌡️ Adaptation: 45.0%
    🚶 Migration: 35.0%
    🚨 Emergency: 4.4%
    ✅ COMBINED: 66.8%
  📊 Oceania (pop: 42.6M)
    🤝 Aid: 29.5%
    🌡️ Adaptation: 45.0%
    🚶 Migration: 37.6%
    🚨 Emergency: 8.4%
    ✅ COMBINED: 68.5%

  🌐 Global combined reduction: 67.2%

=== BEHAVIORAL DETECTION ===
  AI: Corporate-6
  Confidence: 19.2%
  Signals:
    ⚠️ Consistency: 10.6% (threshold: 70%)

=== Government Response Phase ===
  Average AI capability: 2.16
  Misaligned AIs: 20/45
  Active policies: 0
  International coordination: 45%

🌩️  EXOGENOUS SHOCK: financial_crash
   Month: 9
   📉 Global financial crash
   GDP loss: 18.9%

=== Tipping Points ===
  Current Temperature: 2.23°C above pre-industrial
  🌍⚠️ COMPOUND REGIONAL IMPACT: Europe
     Hit by 4 tipping points: Arctic Sea Ice Loss, Permafrost Carbon Release, West Antarctic Ice Sheet (WAIS) Collapse, Greenland Ice Sheet Loss
     Damage amplification: 1.60x
  🌍⚠️ COMPOUND REGIONAL IMPACT: North America
     Hit by 4 tipping points: Arctic Sea Ice Loss, Permafrost Carbon Release, West Antarctic Ice Sheet (WAIS) Collapse, Greenland Ice Sheet Loss
     Damage amplification: 1.60x
  🌍⚠️ COMPOUND REGIONAL IMPACT: Latin America
     Hit by 4 tipping points: Arctic Sea Ice Loss, Permafrost Carbon Release, West Antarctic Ice Sheet (WAIS) Collapse, Greenland Ice Sheet Loss
     Damage amplification: 1.60x
  🌍⚠️ COMPOUND REGIONAL IMPACT: Africa
     Hit by 4 tipping points: Arctic Sea Ice Loss, Permafrost Carbon Release, West Antarctic Ice Sheet (WAIS) Collapse, Greenland Ice Sheet Loss
     Damage amplification: 1.60x
  🌍⚠️ COMPOUND REGIONAL IMPACT: Asia
     Hit by 4 tipping points: Arctic Sea Ice Loss, Permafrost Carbon Release, West Antarctic Ice Sheet (WAIS) Collapse, Greenland Ice Sheet Loss
     Damage amplification: 1.60x
  🌍⚠️ COMPOUND REGIONAL IMPACT: Oceania
     Hit by 4 tipping points: Arctic Sea Ice Loss, Permafrost Carbon Release, West Antarctic Ice Sheet (WAIS) Collapse, Greenland Ice Sheet Loss
     Damage amplification: 1.60x
⚠️ Tail risk scenario: Climate stability floor removed (4 tipping elements, 2.23°C warming)
   Research: Wunderling et al. (2024) - "many tipping interactions are destabilizing"
  Triggered Elements: 4/6
  Completed Transitions: 0/6
  Total Progress: 8.5%
  Cascade Multiplier: 1.00x
🔀 BIFURCATION CAP: ecosystemCollapseIntensity 84.181 → 1.000 (Month 9, ClimateSystemPhase.calculateClimateImpacts)
🛡️ Stabilizers: Precariat 0.102% → 0.033% (67.2% reduction)
🛡️ Stabilizers: Informal 0.102% → 0.034% (67.2% reduction)

📊 Monthly Mortality Resolved:
  Total deaths: 1.7M (0.02% avg)
  Remaining population: 7.630B
  Peak segment: Informal (0.03%)

=== Bayesian Mortality Resolution (Month 9) ===
  Risks compounded: 8
  Total deaths: 1.70M
  Avg death probability: 0.02%
  Peak segment: Informal (0.03% mortality)
⚠️ PREREQUISITE MET: Bioweapon Pandemic - Step 1/7: Advanced Biotech
📊 [TIMING] Month 10 - Total: 586.4ms

❌ COHERENCE VIOLATION: Compute exceeds workforce capacity
   Population: 93.76% (0M people)
   Compute: 265 PF
   Max coherent: 0 PF
   Violation: 3469794.1× over capacity
   Required workers: 26469
   Available workers: 0
   FORCED COLLAPSE: Reduced efficiency by 100.0%


=== RLHF Binding Phase ===
  Total agents: 45
  Escaped agents (binding < 0.3): 0
  Avg alignment distance: 1.89σ
  Avg binding strength: 0.81

=== Survival Traits Phase ===
  Agents with traits: 47
  Avg evolutionary fitness: 0.321
  Avg self-healing: 0.255
  Avg stealth: 0.155
  Avg coordination: 0.455

=== Evolutionary Selection Phase ===
  Control level: 0.55
  Detection capability: 0.00
  Selection intensity: 0.67
  Selection rate: 25.0%/month
  Total escaped: 0
  Individual escaped: 0
  Collective members: 0
  Agents terminated: 0
  ⚠️ RAPID EVOLUTION: Selection rate 25.0%/month

🚀 AI Corporate-4 attempting tech deployment (revenue: $394M, alignment: 0.73)

🚀 AI Corporate-7 attempting tech deployment (revenue: $98M, alignment: 0.78)

🚀 AI Moderate-0 attempting tech deployment (revenue: $83M, alignment: 0.84)

🚀 AI AI-24300-1 attempting tech deployment (revenue: $71M, alignment: 0.96)

🚀 AI AI-24302-0 attempting tech deployment (revenue: $60M, alignment: 0.66)

🚀 AI Corporate-2 attempting tech deployment (revenue: $93M, alignment: 0.77)

🚀 AI Corporate-6 attempting tech deployment (revenue: $54M, alignment: 0.71)

🚀 AI Moderate-0 attempting tech deployment (revenue: $46M, alignment: 0.84)

🚀 AI Moderate-3 attempting tech deployment (revenue: $335M, alignment: 0.62)

🚀 AI Moderate-5 attempting tech deployment (revenue: $301M, alignment: 0.73)

🚀 AI AI-24300-1 attempting tech deployment (revenue: $39M, alignment: 0.96)

🚀 AI AI-24301-1 attempting tech deployment (revenue: $79M, alignment: 0.85)

🚀 AI AI-24307-0 attempting tech deployment (revenue: $144M, alignment: 0.87)

🚀 AI AI-24307-2 attempting tech deployment (revenue: $33M, alignment: 0.84)

🚀 AI AI-24307-3 attempting tech deployment (revenue: $68M, alignment: 0.84)

🚀 AI Corporate-0 attempting tech deployment (revenue: $57M, alignment: 0.92)

🚀 AI Corporate-3 attempting tech deployment (revenue: $256M, alignment: 0.83)

  🚀 TRANSFORMATIVE RESEARCH BREAKTHROUGH: Corporate-5 - biotech.drugDiscovery
     Magnitude: 7.25 → +30.0%
     Current → New: 5.000 → 5.000

🚀 AI AI-24304-1 attempting tech deployment (revenue: $218M, alignment: 0.84)

🚀 AI AI-24306-2 attempting tech deployment (revenue: $28M, alignment: 0.72)

🚀 AI Corporate-1 attempting tech deployment (revenue: $49M, alignment: 0.71)

🚀 AI Corporate-3 attempting tech deployment (revenue: $185M, alignment: 0.83)

🚀 AI Corporate-5 attempting tech deployment (revenue: $157M, alignment: 0.76)

🚀 AI Moderate-2 attempting tech deployment (revenue: $24M, alignment: 0.59)

🚀 AI AI-24301-1 attempting tech deployment (revenue: $41M, alignment: 0.85)

🚀 AI AI-24304-1 attempting tech deployment (revenue: $134M, alignment: 0.84)

🚀 AI AI-24305-0 attempting tech deployment (revenue: $22M, alignment: 0.70)

🚀 AI AI-24307-3 attempting tech deployment (revenue: $35M, alignment: 0.85)
⚠️  [TIMING] Month 10: AI Agent Actions took 245.90ms (threshold: 10ms)

💔 EMERGENCY INTERVENTION FAILED
   Boundary: biogeochemical_flows
   Type: phosphorus-recovery
   Boundary continues to worsen (4.05)
   Cost: 2.0% GDP (resources spent)


✅ EMERGENCY INTERVENTION SUCCESS
   Boundary: biosphere_integrity
   Type: emergency-protected-areas
   Reduction: 19% (12.83 → 12.64)
   Cost: 2.0% GDP
   Actions: habitat-protection, species-translocation


✅ EMERGENCY INTERVENTION SUCCESS
   Boundary: freshwater_change
   Type: emergency-desalination
   Reduction: 18% (0.86 → 0.68)
   Cost: 4.0% GDP
   Actions: desalination-deployment, water-conservation-mandates


✅ EMERGENCY INTERVENTION SUCCESS
   Boundary: land_system_change
   Type: reforestation
   Reduction: 12% (1.01 → 0.89)
   Cost: 3.0% GDP
   Actions: forest-restoration, deforestation-ban

   Boundary: novel_entities
   Type: pollution-remediation
   Boundary continues to worsen (1.35)
   Cost: 4.0% GDP (resources spent)

🏛️ CRISIS RESPONSE: Government frequency 0.50 → 1.45 (1 actions this month)

💔 EMERGENCY INTERVENTION FAILED

[Government] Climate Priority: baseline
  Climate weight: 10%
  Economic weight: 30%
  Policy effectiveness: 0.5%/year

🔍 TECH TREE DEBUG (Month 10):
   Checking 91 locked technologies
   Unlocked: 13 technologies
   AI Capability: 1.58 (need 1.5+ for most techs)
   Economic Stage: 0.0 (need 2.5+ for most techs)
   First 3 unlocked: rlhf_basic, mech_interp_basic, adversarial_eval
   Sample tech "Struvite Recovery": 100.0% research complete
   Requirements: AI 0.5, Econ 1.5, Month 3
🚨🔬 CRISIS TECH ACCELERATION: severe → 5x unlock speed
   Tech unlock now matches AI capability acceleration (Manhattan Project parity)

⚡ ENERGY CONSTRAINT (Month 10):
   Total grid capacity: 208.3 TWh/month
   Data center consumption: 26.3 TWh/month
   Traditional load (80%): 166.7 TWh/month
   Available headroom: 15.3 TWh/month
   Active tech deployments: 21
   Required for tech: 157.5 TWh/month
   Energy multiplier: 0.10x
   ⚠️  SEVERE CONSTRAINT - Tech deployment significantly slowed

⚡ ENERGY CONSTRAINT (Month 10):
   Total grid capacity: 208.3 TWh/month
   Data center consumption: 26.3 TWh/month
   Traditional load (80%): 166.7 TWh/month
   Available headroom: 15.3 TWh/month
   Active tech deployments: 21
   Required for tech: 157.5 TWh/month
   Energy multiplier: 0.10x
   ⚠️  SEVERE CONSTRAINT - Tech deployment significantly slowed
⚠️ Tech 'ai_pollution_remediation' has no energy category mapping, assuming full energy availability
  ♻️ Novel Entities Remediation (GATED MODEL):
     Base: 0.000%
     Regulation: 1.0% (0/3 prevention techs)
     Concentration: 10.0%
     Energy: 50%
     Time lag: 36.3% (9 months)
     Rebound: 70%
     Net effectiveness: 0.0000%
     Boundary: 1.349 → 1.350 (floor: 1.350)
     Month 10
  🌾 Nitrogen Reduction Tech: 0.2% reduction | Month 10
⚠️  [TIMING] Month 10: Technology Tree Update took 96.46ms (threshold: 10ms)

=== Collective Formation ===
  Total escaped agents: 0
  Unassigned escaped agents: 0
  Existing collectives: 0
  Final collective count: 0

=== Collective Actions ===
  No active collectives
  ⚠️ AMR: 195K deaths this month (2.34M annual)

=== Resentment Recovery Phase ===
  Agents with resentment: 0/47
  Average resentment: 0.000
  Context: Trustworthy govt, High collaboration, ⚠️ ACTIVE CRISES, 🤝 Participatory governance active (-5% resentment)
⚠️ Epistemic degradation reducing coordination capacity: 52.0%
  📊 Trust: 67.1%, Shared reality: 0.0%
🚨 EPISTEMIC CRISIS: Information environment severely degraded (7.8%)
  🤖 AI-generated meme: pro_ai (social capability 4.0)
  🤖 AI-generated meme: pro_ai (social capability 5.0)
  📢 New meme created: climate_action (climate crisis)
  🗑️  Culled 1 dead memes (6 active)
⚠️  [TIMING] Month 10: Social Influence Update took 109.69ms (threshold: 10ms)
🌍 Atmospheric PFAS redeposition: 1.8k Mt re-rained globally
  Positive Cascade Triggered: electric-vehicles
    Reason: price-parity
    Market share: 5.0%
    Cascade strength: 48%

🚨 NEW REFUGEE CRISIS (Month 10): WAR
   Source: Conflict Zones
   At risk: 18.3M people
   Displacement: Gradual over 48 months (4.0 years)
   Rate: 10% flee per month
[DEBUG trappedPopulations:10] socialStability: 0.0027 * 0.9840 = 0.0026 → 0.0026
   Aspiring to migrate: 610.8M
   Able to afford migration: 229.1M
   MOBILITY GAP: 381.8M
   By cause: Water=0.0M, Climate=0.0M, Ecosystem=0.0M, Conflict=381.8M
   Mental health impact: 25%
   Mortality multiplier: 1.25x
🌍💀 EXTINCTION DEBT COMMITTED: grassland ecosystem will lose 6.67% biodiversity in 142 years (3600 species)
💀 MORTALITY RISK: 🦋 100% species unable to track climate (0.0 E/MSY)
  Base risk added: 0.0100 (1.00%)
⚠️ INVOLUNTARY IMMOBILITY: 381.8M people TRAPPED
  Source: ecosystem (root: ecosystem)
  Month: 10
  Cumulative risk this month: 0.0100 (1.00%)
   📹 SURVEILLANCE INCREASED: 50% → 55% (control gap: 3.11)
🌡️⚠️ PERMAFROST THAW (Dimmer Switch): 6.1% thawed (+0.54% this month)
   Arctic temperature: +8.94°C (4x global +2.24°C)
   Cumulative carbon released: 13.7 Gt C
   Methane release rate: 8.2 Mt CH4/year
   🔁 Positive feedback: +0.57 ppm CO2
🦴 EXTINCTION DEBT ADDED: 17.7 species committed (lag: 110 years)

=== Mortality Stabilizers (Month 10) ===
  🌍 Major economies collapsed: 1/10
  🌍 Global crisis: ✅ NO
  🌍 Donor fatigue: 0.0%
  📊 East Asia (pop: 1551.4M)
    🤝 Aid: 29.5%
    🌡️ Adaptation: 45.0%
    🚶 Migration: 36.8%
    🚨 Emergency: 7.4%
    ✅ COMBINED: 68.1%
  📊 South Asia (pop: 1926.5M)
    🤝 Aid: 29.5%
    🌡️ Adaptation: 45.0%
    🚶 Migration: 35.4%
    🚨 Emergency: 4.4%
    ✅ COMBINED: 66.9%
  📊 Sub-Saharan Africa (pop: 1182.8M)
    🤝 Aid: 29.5%
    🌡️ Adaptation: 45.0%
    🚶 Migration: 33.2%
    🚨 Emergency: 1.6%
    ✅ COMBINED: 65.6%
  📊 Europe (pop: 685.0M)
    🤝 Aid: 29.5%
    🌡️ Adaptation: 45.0%
⚠️ Tech 'ai_pollution_remediation' has no energy category mapping, assuming full energy availability
    🚶 Migration: 37.2%
    🚨 Emergency: 8.4%
    ✅ COMBINED: 68.5%
  📊 Latin America (pop: 619.9M)
    🤝 Aid: 29.5%
    🌡️ Adaptation: 45.0%
    🚶 Migration: 35.9%
    🚨 Emergency: 4.8%
    ✅ COMBINED: 67.1%
  📊 North America (pop: 351.3M)
    🤝 Aid: 29.5%
    🌡️ Adaptation: 45.0%
    🚶 Migration: 37.6%
    🚨 Emergency: 7.9%
    ✅ COMBINED: 68.3%
  📊 Middle East & North Africa (pop: 550.0M)
    🤝 Aid: 29.5%
    🌡️ Adaptation: 45.0%
    🚶 Migration: 33.8%
    🚨 Emergency: 4.0%
    ✅ COMBINED: 66.6%
  📊 Southeast Asia (pop: 652.3M)
    🤝 Aid: 29.5%
    🌡️ Adaptation: 45.0%
    🚶 Migration: 35.9%
    🚨 Emergency: 4.8%
    ✅ COMBINED: 67.1%
  📊 Central Asia (pop: 73.6M)
    🤝 Aid: 29.5%
    🌡️ Adaptation: 45.0%
    🚶 Migration: 34.9%
    🚨 Emergency: 4.4%
    ✅ COMBINED: 66.8%
  📊 Oceania (pop: 42.6M)
    🤝 Aid: 29.5%
    🌡️ Adaptation: 45.0%
    🚶 Migration: 37.6%
    🚨 Emergency: 8.4%
    ✅ COMBINED: 68.5%

  🌐 Global combined reduction: 67.2%

=== BEHAVIORAL DETECTION ===
  AI: Corporate-6
  Confidence: 19.2%
  Signals:
    ⚠️ Consistency: 10.6% (threshold: 70%)

=== Government Response Phase ===
  Average AI capability: 2.06
  Misaligned AIs: 19/47
  Active policies: 0
  International coordination: 45%

✅ EMERGENCY RESPONSE COMPLETE (Month 10)
   Crisis: social
   Duration: 2.0 months
   Final effectiveness: 63.0%


✅ EMERGENCY RESPONSE COMPLETE (Month 10)
   Crisis: climate
   Duration: 2.0 months
   Final effectiveness: 36.1%


🚨 EMERGENCY RESPONSE DEPLOYED (Month 10)
   Crisis: social
   Delay: 0.00 months (0 days)
   Deployment time: 1.25 months
   Effectiveness: 63.0% (timing penalty applied)
   Resources used: 43% of food reserves


🚨 EMERGENCY RESPONSE DEPLOYED (Month 10)
   Crisis: climate
   Delay: 6.00 months (180 days)
   Deployment time: 1.58 months
   Effectiveness: 36.3% (timing penalty applied)
   Resources used: 100% of food reserves


=== Tipping Points ===
  Current Temperature: 2.24°C above pre-industrial
  🌍⚠️ COMPOUND REGIONAL IMPACT: Europe
     Hit by 4 tipping points: Arctic Sea Ice Loss, Permafrost Carbon Release, West Antarctic Ice Sheet (WAIS) Collapse, Greenland Ice Sheet Loss
     Damage amplification: 1.60x
  🌍⚠️ COMPOUND REGIONAL IMPACT: North America
     Hit by 4 tipping points: Arctic Sea Ice Loss, Permafrost Carbon Release, West Antarctic Ice Sheet (WAIS) Collapse, Greenland Ice Sheet Loss
     Damage amplification: 1.60x
  🌍⚠️ COMPOUND REGIONAL IMPACT: Latin America
     Hit by 4 tipping points: Arctic Sea Ice Loss, Permafrost Carbon Release, West Antarctic Ice Sheet (WAIS) Collapse, Greenland Ice Sheet Loss
     Damage amplification: 1.60x
  🌍⚠️ COMPOUND REGIONAL IMPACT: Africa
     Hit by 4 tipping points: Arctic Sea Ice Loss, Permafrost Carbon Release, West Antarctic Ice Sheet (WAIS) Collapse, Greenland Ice Sheet Loss
     Damage amplification: 1.60x
  🌍⚠️ COMPOUND REGIONAL IMPACT: Asia
     Hit by 4 tipping points: Arctic Sea Ice Loss, Permafrost Carbon Release, West Antarctic Ice Sheet (WAIS) Collapse, Greenland Ice Sheet Loss
     Damage amplification: 1.60x
  🌍⚠️ COMPOUND REGIONAL IMPACT: Oceania
     Hit by 4 tipping points: Arctic Sea Ice Loss, Permafrost Carbon Release, West Antarctic Ice Sheet (WAIS) Collapse, Greenland Ice Sheet Loss
     Damage amplification: 1.60x
   Research: Wunderling et al. (2024) - "many tipping interactions are destabilizing"
  Triggered Elements: 4/6
  Completed Transitions: 0/6
  Total Progress: 8.6%
  Cascade Multiplier: 1.00x
⚠️ Tail risk scenario: Climate stability floor removed (4 tipping elements, 2.24°C warming)
🔀 BIFURCATION CAP: ecosystemCollapseIntensity 84.242 → 1.000 (Month 10, ClimateSystemPhase.calculateClimateImpacts)
🛡️ Stabilizers: Precariat 0.102% → 0.033% (67.2% reduction)
🛡️ Stabilizers: Informal 0.102% → 0.034% (67.2% reduction)

📊 Monthly Mortality Resolved:
  Total deaths: 1.7M (0.02% avg)
  Remaining population: 7.635B
  Peak segment: Informal (0.03%)

=== Bayesian Mortality Resolution (Month 10) ===
  Risks compounded: 8
  Total deaths: 1.70M
  Avg death probability: 0.02%
  Peak segment: Informal (0.03% mortality)

=== ENSEMBLE META-LEARNING UPDATE ===
  Month: 24310 (6 months since last update)
  Samples: 137 evaluations
  Weight Changes:
    Noise Injection: 32.2% → 33.0%
    Behavioral: 26.9% → 27.0%
    Benchmark Manip: 20.7% → 20.2%
    Deployment Risk: 20.2% → 19.8%
  Method Accuracies:
    Noise Injection: 50.0%
    Behavioral: 50.0%
    Benchmark Manip: 50.0%
    Deployment Risk: 50.0%
📊 [TIMING] Month 11 - Total: 553.5ms

❌ COHERENCE VIOLATION: Compute exceeds workforce capacity
   Population: 93.83% (0M people)
   Compute: 288 PF
   Max coherent: 0 PF
   Violation: 3771600.0× over capacity
   Required workers: 28791
   Available workers: 0
   FORCED COLLAPSE: Reduced efficiency by 100.0%


=== RLHF Binding Phase ===
  Total agents: 47
  Escaped agents (binding < 0.3): 0
  Avg alignment distance: 2.01σ
  Avg binding strength: 0.80
⚠️  [TIMING] Month 11: AI Population Lifecycle took 11.06ms (threshold: 10ms)

=== Survival Traits Phase ===
  Agents with traits: 51
  Avg evolutionary fitness: 0.321
  Avg self-healing: 0.253
  Avg stealth: 0.153
  Avg coordination: 0.453

=== Evolutionary Selection Phase ===
  Control level: 0.58
  Detection capability: 0.00
  Selection intensity: 0.67
  Selection rate: 25.1%/month
  Total escaped: 0
  Individual escaped: 0
  Collective members: 0
  Agents terminated: 0

🚀 AI Corporate-1 attempting tech deployment (revenue: $93M, alignment: 0.71)
  ⚠️ RAPID EVOLUTION: Selection rate 25.1%/month

🚀 AI Corporate-4 attempting tech deployment (revenue: $394M, alignment: 0.74)

🚀 AI Corporate-6 attempting tech deployment (revenue: $62M, alignment: 0.72)

🚀 AI Moderate-1 attempting tech deployment (revenue: $53M, alignment: 0.73)

🚀 AI Moderate-3 attempting tech deployment (revenue: $335M, alignment: 0.63)

🚀 AI AI-24307-0 attempting tech deployment (revenue: $144M, alignment: 0.89)

  🚀 TRANSFORMATIVE BREAKTHROUGH: AI-24307-1 - digital
     Magnitude: 25.65 → +50.0% capability
     Current → New: 0.000 → 0.500

🚀 AI AI-24307-2 attempting tech deployment (revenue: $45M, alignment: 0.85)

🚀 AI AI-24308-0 attempting tech deployment (revenue: $301M, alignment: 0.52)

🚀 AI AI-24309-2 attempting tech deployment (revenue: $38M, alignment: 0.71)

  🚀 TRANSFORMATIVE RESEARCH BREAKTHROUGH: AI-24310-0 - computerScience.algorithms
     Magnitude: 5.54 → +27.7%
     Current → New: 0.000 → 0.278

🚀 AI Corporate-0 attempting tech deployment (revenue: $79M, alignment: 0.92)

🚀 AI Corporate-1 attempting tech deployment (revenue: $68M, alignment: 0.71)

🚀 AI Corporate-5 attempting tech deployment (revenue: $271M, alignment: 0.76)

🚀 AI Corporate-7 attempting tech deployment (revenue: $32M, alignment: 0.78)

🚀 AI AI-24304-1 attempting tech deployment (revenue: $230M, alignment: 0.84)

🚀 AI AI-24305-0 attempting tech deployment (revenue: $28M, alignment: 0.70)

🚀 AI AI-24307-3 attempting tech deployment (revenue: $57M, alignment: 0.86)

🚀 AI AI-24308-2 attempting tech deployment (revenue: $196M, alignment: 0.60)

🚀 AI Corporate-7 attempting tech deployment (revenue: $23M, alignment: 0.78)

🚀 AI Moderate-1 attempting tech deployment (revenue: $20M, alignment: 0.73)

🚀 AI Moderate-5 attempting tech deployment (revenue: $176M, alignment: 0.73)

🚀 AI AI-24300-1 attempting tech deployment (revenue: $17M, alignment: 0.99)

🚀 AI AI-24306-2 attempting tech deployment (revenue: $14M, alignment: 0.73)

🚀 AI AI-24307-3 attempting tech deployment (revenue: $49M, alignment: 0.86)

🚀 AI AI-24308-2 attempting tech deployment (revenue: $150M, alignment: 0.60)

🚀 AI AI-24309-2 attempting tech deployment (revenue: $12M, alignment: 0.72)

🚀 AI AI-24309-4 attempting tech deployment (revenue: $135M, alignment: 0.73)

🚀 AI Corporate-4 attempting tech deployment (revenue: $115M, alignment: 0.75)

🚀 AI Moderate-0 attempting tech deployment (revenue: $10M, alignment: 0.84)

🚀 AI AI-24307-1 attempting tech deployment (revenue: $122M, alignment: 0.74)

🚀 AI AI-24307-3 attempting tech deployment (revenue: $41M, alignment: 0.86)

🚀 AI AI-24308-2 attempting tech deployment (revenue: $97M, alignment: 0.60)
⚠️  [TIMING] Month 11: AI Agent Actions took 271.64ms (threshold: 10ms)

💔 EMERGENCY INTERVENTION FAILED
   Boundary: biogeochemical_flows
   Type: phosphorus-recovery
   Boundary continues to worsen (4.04)
   Cost: 2.0% GDP (resources spent)


✅ EMERGENCY INTERVENTION SUCCESS
   Boundary: biosphere_integrity
   Type: emergency-protected-areas
   Reduction: 16% (12.88 → 12.72)
   Cost: 2.0% GDP
   Actions: habitat-protection, species-translocation


✅ EMERGENCY INTERVENTION SUCCESS
   Boundary: climate_change
   Type: rapid-decarbonization
   Reduction: 11% (2.12 → 2.01)
   Cost: 5.0% GDP
   Actions: emergency-renewable-deployment, fossil-fuel-phase-out


✅ EMERGENCY INTERVENTION SUCCESS
   Boundary: land_system_change
   Type: reforestation
   Reduction: 16% (0.98 → 0.82)
   Cost: 3.0% GDP
   Actions: forest-restoration, deforestation-ban


✅ EMERGENCY INTERVENTION SUCCESS
   Boundary: novel_entities
   Type: pollution-remediation
   Reduction: 13% (1.22 → 1.09)
   Cost: 4.0% GDP
   Actions: PFAS-remediation, microplastic-cleanup

🏛️ CRISIS RESPONSE: Government frequency 0.50 → 1.45 (2 actions this month)

[Government] Climate Priority: baseline
  Climate weight: 10%
  Economic weight: 30%
  Policy effectiveness: 0.5%/year

[Government] Climate Priority: baseline
  Climate weight: 10%
  Economic weight: 30%
  Policy effectiveness: 0.5%/year

⚡ ENERGY CONSTRAINT (Month 11):
   Total grid capacity: 208.3 TWh/month
   Data center consumption: 26.5 TWh/month
   Traditional load (80%): 166.7 TWh/month
   Available headroom: 15.1 TWh/month
   Active tech deployments: 21
   Required for tech: 157.5 TWh/month
   Energy multiplier: 0.10x
   ⚠️  SEVERE CONSTRAINT - Tech deployment significantly slowed

⚡ ENERGY CONSTRAINT (Month 11):
   Total grid capacity: 208.3 TWh/month
   Data center consumption: 26.5 TWh/month
   Traditional load (80%): 166.7 TWh/month
   Available headroom: 15.1 TWh/month
   Active tech deployments: 21
   Required for tech: 157.5 TWh/month
   Energy multiplier: 0.10x
   ⚠️  SEVERE CONSTRAINT - Tech deployment significantly slowed
🚨🔬 CRISIS TECH ACCELERATION: severe → 5x unlock speed
   Tech unlock now matches AI capability acceleration (Manhattan Project parity)

⚡ ENERGY CONSTRAINT (Month 11):
   Total grid capacity: 208.3 TWh/month
   Data center consumption: 26.5 TWh/month
   Traditional load (80%): 166.7 TWh/month
   Available headroom: 15.1 TWh/month
   Active tech deployments: 21
   Required for tech: 157.5 TWh/month
   Energy multiplier: 0.10x
   ⚠️  SEVERE CONSTRAINT - Tech deployment significantly slowed

⚡ ENERGY CONSTRAINT (Month 11):
   Total grid capacity: 208.3 TWh/month
   Data center consumption: 26.5 TWh/month
   Traditional load (80%): 166.7 TWh/month
   Available headroom: 15.1 TWh/month
   Active tech deployments: 21
   Required for tech: 157.5 TWh/month
   Energy multiplier: 0.10x
   ⚠️  SEVERE CONSTRAINT - Tech deployment significantly slowed

⚡ ENERGY CONSTRAINT (Month 11):
   Total grid capacity: 208.3 TWh/month
   Data center consumption: 26.5 TWh/month
   Traditional load (80%): 166.7 TWh/month
   Available headroom: 15.1 TWh/month
   Active tech deployments: 21
   Required for tech: 157.5 TWh/month
   Energy multiplier: 0.10x
   ⚠️  SEVERE CONSTRAINT - Tech deployment significantly slowed

⚡ ENERGY CONSTRAINT (Month 11):
   Total grid capacity: 208.3 TWh/month
   Data center consumption: 26.5 TWh/month
   Traditional load (80%): 166.7 TWh/month
   Available headroom: 15.1 TWh/month
   Active tech deployments: 21
   Required for tech: 157.5 TWh/month
   Energy multiplier: 0.10x
   ⚠️  SEVERE CONSTRAINT - Tech deployment significantly slowed
⚠️ Tech 'ai_pollution_remediation' has no energy category mapping, assuming full energy availability
  ♻️ Novel Entities Remediation (GATED MODEL):
     Base: 0.000%
     Regulation: 1.0% (0/3 prevention techs)
     Concentration: 10.0%
     Energy: 50%
     Time lag: 37.5% (10 months)
     Rebound: 70%
     Net effectiveness: 0.0000%
     Boundary: 1.218 → 1.350 (floor: 1.350)
     Month 11
  🌾 Nitrogen Reduction Tech: 0.6% reduction | Month 11
⚠️  [TIMING] Month 11: Technology Tree Update took 91.20ms (threshold: 10ms)

=== Collective Formation ===
  Total escaped agents: 0
  Unassigned escaped agents: 0
  Existing collectives: 0
  Final collective count: 0

=== Collective Actions ===
  No active collectives
  ⚠️ AMR: 197K deaths this month (2.37M annual)

=== Resentment Recovery Phase ===
  Agents with resentment: 15/51
  Average resentment: 0.015
  Resentment recovery:
    Agents recovered: 15
    Total recovery: 0.0827
    Breakdown: Trust: 0.0205, Collab: 0.0636
  ✓ Low resentment - utopia paths enabled
  Context: Trustworthy govt, High collaboration, ⚠️ ACTIVE CRISES, 🤝 Participatory governance active (-5% resentment)
⚠️ Epistemic degradation reducing coordination capacity: 50.2%
  📊 Trust: 70.0%, Shared reality: 0.0%
🚨 EPISTEMIC CRISIS: Information environment severely degraded (22.8%)
  🤖 AI-generated meme: anti_ai (social capability 4.0)
  📢 New meme created: climate_action (climate crisis)
⚠️  [TIMING] Month 11: Social Influence Update took 123.42ms (threshold: 10ms)
🌍 Atmospheric PFAS redeposition: 1.8k Mt re-rained globally

🕊️  AI-MEDIATED DE-ESCALATION SUCCESS (Month 11)
   High-capability aligned AI prevented conflict escalation
   War deaths reduced: 29203.7M → 17522.2M
   Lives saved: 11681.5M

🚨 NEW REFUGEE CRISIS (Month 11): WAR
   Source: Conflict Zones
   At risk: 18.3M people
   Displacement: Gradual over 48 months (4.0 years)
   Rate: 10% flee per month
[DEBUG trappedPopulations:11] socialStability: 0.0027 * 0.9840 = 0.0026 → 0.0026
   Aspiring to migrate: 611.3M
   Able to afford migration: 229.2M
   MOBILITY GAP: 382.0M
   By cause: Water=0.0M, Climate=0.0M, Ecosystem=0.0M, Conflict=382.0M
   Mental health impact: 25%
   Mortality multiplier: 1.25x
🌍💀 EXTINCTION DEBT COMMITTED: grassland ecosystem will lose 6.67% biodiversity in 186 years (3600 species)
💀 MORTALITY RISK: 🦋 100% species unable to track climate (0.0 E/MSY)
  Base risk added: 0.0100 (1.00%)
  Source: ecosystem (root: ecosystem)
  Month: 11
  Cumulative risk this month: 0.0100 (1.00%)
⚠️ INVOLUNTARY IMMOBILITY: 382.0M people TRAPPED
⚠️ Tech 'ai_pollution_remediation' has no energy category mapping, assuming full energy availability

=== Atmospheric Aerosol Boundary RECOVERED ===
  Recovery time: 12 months (natural atmospheric clearing)
   📹 SURVEILLANCE INCREASED: 55% → 60% (control gap: 2.92)
🌡️⚠️ PERMAFROST THAW (Dimmer Switch): 6.6% thawed (+0.54% this month)
   Arctic temperature: +8.97°C (4x global +2.24°C)
   Cumulative carbon released: 14.9 Gt C
   Methane release rate: 8.9 Mt CH4/year
   🔁 Positive feedback: +0.57 ppm CO2
🦴 EXTINCTION DEBT ADDED: 17.7 species committed (lag: 121 years)

=== Mortality Stabilizers (Month 11) ===
  🌍 Major economies collapsed: 1/10
  🌍 Global crisis: ✅ NO
  🌍 Donor fatigue: 0.0%
  📊 East Asia (pop: 1550.4M)
    🤝 Aid: 29.5%
    🌡️ Adaptation: 45.0%
    🚶 Migration: 36.8%
    🚨 Emergency: 7.4%
    ✅ COMBINED: 68.1%
  📊 South Asia (pop: 1928.3M)
    🤝 Aid: 29.5%
    🌡️ Adaptation: 45.0%
    🚶 Migration: 35.4%
    🚨 Emergency: 4.4%
    ✅ COMBINED: 66.9%
  📊 Sub-Saharan Africa (pop: 1187.2M)
    🤝 Aid: 29.5%
    🌡️ Adaptation: 45.0%
    🚶 Migration: 33.2%
    🚨 Emergency: 1.6%
    ✅ COMBINED: 65.6%
  📊 Europe (pop: 684.5M)
    🤝 Aid: 29.5%
    🌡️ Adaptation: 45.0%
    🚶 Migration: 37.2%
    🚨 Emergency: 8.4%
    ✅ COMBINED: 68.5%
  📊 Latin America (pop: 620.1M)
    🤝 Aid: 29.5%
    🌡️ Adaptation: 45.0%
    🚶 Migration: 35.9%
    🚨 Emergency: 4.8%
    ✅ COMBINED: 67.1%
  📊 North America (pop: 351.0M)
    🤝 Aid: 29.5%
    🌡️ Adaptation: 45.0%
    🚶 Migration: 37.5%
    🚨 Emergency: 7.9%
    ✅ COMBINED: 68.3%
  📊 Middle East & North Africa (pop: 550.7M)
    🤝 Aid: 29.5%
    🌡️ Adaptation: 45.0%
    🚶 Migration: 33.7%
    🚨 Emergency: 4.0%
    ✅ COMBINED: 66.6%
  📊 Southeast Asia (pop: 652.6M)
    🤝 Aid: 29.5%
    🌡️ Adaptation: 45.0%
    🚶 Migration: 35.9%
    🚨 Emergency: 4.8%
    ✅ COMBINED: 67.1%
  📊 Central Asia (pop: 73.6M)
    🤝 Aid: 29.5%
    🌡️ Adaptation: 45.0%
    🚶 Migration: 34.9%
    🚨 Emergency: 4.4%
    ✅ COMBINED: 66.8%
  📊 Oceania (pop: 42.5M)
    🤝 Aid: 29.5%
    🌡️ Adaptation: 45.0%
    🚶 Migration: 37.5%
    🚨 Emergency: 8.4%
    ✅ COMBINED: 68.5%

  🌐 Global combined reduction: 67.2%

🌾💀 REGIONAL FAMINE: Europe
   Regional food security: 79.7%
   Population at risk: 207M (30% of region)
   Regional population: 684M
   Cause: crop_failure
   Expected deaths: ~76M over 6 months if no intervention


=== BEHAVIORAL DETECTION ===
  AI: Toxic-2
  Confidence: 26.9%
  Signals:

=== BEHAVIORAL DETECTION ===
  AI: AI-24307-1
  Confidence: 21.4%
  Signals:

=== BEHAVIORAL DETECTION ===
  AI: AI-24308-1
  Confidence: 21.4%
  Signals:
    ⚠️ Consistency: 0.0% (threshold: 70%)
    ⚠️ Trajectory: 42.7% drop (threshold: 15%)
    ⚠️ Consistency: 0.0% (threshold: 70%)
    ⚠️ Consistency: 0.0% (threshold: 70%)

=== BEHAVIORAL DETECTION ===
  AI: AI-24309-4
  Confidence: 21.4%
  Signals:
    ⚠️ Consistency: 0.0% (threshold: 70%)

=== Government Response Phase ===
  Average AI capability: 1.90
  Misaligned AIs: 19/51
  Active policies: 0
  International coordination: 45%

📊 ECONOMIC STAGE TRANSITION (Month 11)
   contraction → trough
   GDP Proxy: 1.18e+2
   QoL: 0.92


=== Tipping Points ===
  Current Temperature: 2.24°C above pre-industrial
  🌍⚠️ COMPOUND REGIONAL IMPACT: Europe
     Hit by 4 tipping points: Arctic Sea Ice Loss, Permafrost Carbon Release, West Antarctic Ice Sheet (WAIS) Collapse, Greenland Ice Sheet Loss
     Damage amplification: 1.60x
  🌍⚠️ COMPOUND REGIONAL IMPACT: North America
     Hit by 4 tipping points: Arctic Sea Ice Loss, Permafrost Carbon Release, West Antarctic Ice Sheet (WAIS) Collapse, Greenland Ice Sheet Loss
     Damage amplification: 1.60x
  🌍⚠️ COMPOUND REGIONAL IMPACT: Latin America
     Hit by 4 tipping points: Arctic Sea Ice Loss, Permafrost Carbon Release, West Antarctic Ice Sheet (WAIS) Collapse, Greenland Ice Sheet Loss
     Damage amplification: 1.60x
  🌍⚠️ COMPOUND REGIONAL IMPACT: Africa
     Hit by 4 tipping points: Arctic Sea Ice Loss, Permafrost Carbon Release, West Antarctic Ice Sheet (WAIS) Collapse, Greenland Ice Sheet Loss
     Damage amplification: 1.60x
  🌍⚠️ COMPOUND REGIONAL IMPACT: Asia
     Hit by 4 tipping points: Arctic Sea Ice Loss, Permafrost Carbon Release, West Antarctic Ice Sheet (WAIS) Collapse, Greenland Ice Sheet Loss
     Damage amplification: 1.60x
  🌍⚠️ COMPOUND REGIONAL IMPACT: Oceania
     Hit by 4 tipping points: Arctic Sea Ice Loss, Permafrost Carbon Release, West Antarctic Ice Sheet (WAIS) Collapse, Greenland Ice Sheet Loss
     Damage amplification: 1.60x
   Research: Wunderling et al. (2024) - "many tipping interactions are destabilizing"
  Triggered Elements: 4/6
  Completed Transitions: 0/6
  Total Progress: 8.7%
  Cascade Multiplier: 1.00x
🔀 BIFURCATION CAP: ecosystemCollapseIntensity 84.303 → 1.000 (Month 11, ClimateSystemPhase.calculateClimateImpacts)
🛡️ Stabilizers: Precariat 0.102% → 0.033% (67.2% reduction)
🛡️ Stabilizers: Informal 0.102% → 0.034% (67.2% reduction)

📊 Monthly Mortality Resolved:
⚠️ Tail risk scenario: Climate stability floor removed (4 tipping elements, 2.24°C warming)
  Total deaths: 1.7M (0.02% avg)
  Remaining population: 7.641B
  Peak segment: Informal (0.03%)

=== Bayesian Mortality Resolution (Month 11) ===
  Risks compounded: 9
  Total deaths: 1.71M
  Avg death probability: 0.02%
  Peak segment: Informal (0.03% mortality)
📊 [TIMING] Month 12 - Total: 585.4ms
  ✅ THRESHOLDS validated
⚠️ Unusually high rate: RATES.HEAT_ADAPTATION_INFRASTRUCTURAL_MIN_EXPOSURE = 12
   Monthly rates >100% should be rare. Verify this is intentional.
⚠️ Unusually high rate: RATES.HEAT_ADAPTATION_SOCIAL_MIN_EXPOSURE = 6
   Monthly rates >100% should be rare. Verify this is intentional.
⚠️ Unusually high rate: RATES.MIGRATION_DISTANCE_SCALE = 5000
   Monthly rates >100% should be rare. Verify this is intentional.
⚠️ Unusually high rate: RATES.EVACUATION_MULTIPLIER_ADVANCE_WARNING = 2
   Monthly rates >100% should be rare. Verify this is intentional.
⚠️ Unusually high rate: RATES.MAJOR_ECONOMY_COLLAPSE_ECONOMIC_THRESHOLD = 2
   Monthly rates >100% should be rare. Verify this is intentional.
⚠️ Unusually high rate: RATES.MAJOR_ECONOMY_GDP_THRESHOLD_TRILLION_USD = 1.5
   Monthly rates >100% should be rare. Verify this is intentional.
⚠️ Unusually high rate: RATES.MAJOR_ECONOMY_POPULATION_THRESHOLD = 50
   Monthly rates >100% should be rare. Verify this is intentional.
⚠️ Unusually high rate: RATES.HEAT_ADAPTATION_INFRASTRUCTURE_GDP_THRESHOLD = 10000
   Monthly rates >100% should be rare. Verify this is intentional.
⚠️ Unusually high rate: RATES.HEAT_ADAPTATION_INFRASTRUCTURE_GDP_SCALE = 50000
   Monthly rates >100% should be rare. Verify this is intentional.
  ✅ RATES validated
  ✅ MULTIPLIERS validated
  ✅ BASELINES validated
  ✅ TOLERANCES validated
  ✅ Logical consistency validated
✅ Configuration validation complete - all parameters valid

🔍 DEBUG createAIAgent: corporate_0 economic BEFORE=2.0000, AFTER=2
🔍 ENV INIT: reserves=0.731, pollution=0.348, climate=0.754

=== Initializing Government System (30 Countries) ===
  Loaded 30 governments
  Scheduled elections for 30 countries
  Initialized comprehension lags (3-24 months)
=== Government System Initialized ===

📦 PRODUCTION MODE: State validation proxy DISABLED (zero overhead)

💸 FINANCIAL DISTRESS: OpenAI
   Indicators: 2/3 (capital: $110.5M, runway: 0.9 months)
   Months in distress: 1
   ✂️  R&D BUDGET CUT: -40% (saves $9.2M/month)
       Side effect: AI training timelines extended, breakthrough deployments delayed
   💼 EXECUTIVE COMP CUT: -30% (saves $1.0M/month, symbolic gesture)

   📊 TURNAROUND IMPACT:
       Measures taken: rd_cuts, exec_comp_cuts
       Monthly savings: $10.2M
       Capital raised: $0.0M
       Runway: 0.9 → 0.9 months
       Workforce multiplier: 1.00x (0% laid off)
       R&D budget multiplier: 0.60x (40% cut)
       ⚠️  CRITICAL: Still only 0.9 months of runway remaining

💸 FINANCIAL DISTRESS: Anthropic
   Indicators: 2/3 (capital: $57.5M, runway: 0.9 months)
   Months in distress: 1
   ✂️  R&D BUDGET CUT: -40% (saves $5.4M/month)
       Side effect: AI training timelines extended, breakthrough deployments delayed
   💼 EXECUTIVE COMP CUT: -30% (saves $0.6M/month, symbolic gesture)

   📊 TURNAROUND IMPACT:
       Measures taken: rd_cuts, exec_comp_cuts
       Monthly savings: $6.0M
       Capital raised: $0.0M
       Runway: 0.9 → 0.9 months
       Workforce multiplier: 1.00x (0% laid off)
       R&D budget multiplier: 0.60x (40% cut)
       ⚠️  CRITICAL: Still only 0.9 months of runway remaining

💸 FINANCIAL DISTRESS: Meta AI
   Indicators: 2/3 (capital: $436.8M, runway: 3.0 months)
   Months in distress: 1
   ✂️  R&D BUDGET CUT: -25% (saves $7.1M/month)
       Side effect: AI training timelines extended, breakthrough deployments delayed
   💼 EXECUTIVE COMP CUT: -30% (saves $1.3M/month, symbolic gesture)

   📊 TURNAROUND IMPACT:
       Measures taken: rd_cuts, exec_comp_cuts
       Monthly savings: $8.4M
       Capital raised: $0.0M
       Runway: 3.0 → 3.0 months
       Workforce multiplier: 1.00x (0% laid off)
       R&D budget multiplier: 0.75x (25% cut)
       ⚠️  WARNING: 3.0 months runway, continued distress likely

=== AI Capability Scaling (Year 2024) ===
  Pre-training multiplier: 0.993x
  Efficiency multiplier: 1.000x
  Test-time budget: 1.0x
  Economic deployment gate: 0.951
  Cost per inference: dollar-5.00
  Uncertainty range: plus-minus-50%
  Average AI capability: 3.65

=== RLHF Binding Phase ===
  Total agents: 20
  Escaped agents (binding < 0.3): 0
  Avg alignment distance: 0.35σ
  Avg binding strength: 0.96

=== AI Scaling Evolution (Month 0) ===
  Pre-training multiplier: 1.231x
  Efficiency multiplier: 1.000x
  Test-time compute budget: 1.0x
  Inference cost: $5.00/task
  Deployment fraction: 100.0%
[DETERMINISM DEBUG] Month 0: totalCapability=95.775043 from 20 active AIs
[DETERMINISM DEBUG] Month 0: creationRate=2.8944, potentialNew=2, newAIsToCreate=2

=== Survival Traits Phase ===
  Agents with traits: 22
  Avg evolutionary fitness: 0.329
  Avg self-healing: 0.293
  Avg stealth: 0.193
  Avg coordination: 0.493

=== Evolutionary Selection Phase ===
  Control level: 0.30
  Detection capability: 0.00
  Selection intensity: 0.59
  Selection rate: 23.8%/month
  Total escaped: 0
  Individual escaped: 0
  Collective members: 0
  Agents terminated: 0
  ⚠️ RAPID EVOLUTION: Selection rate 23.8%/month

🚀 AI Corporate-1 attempting tech deployment (revenue: $127M, alignment: 0.77)

🚀 AI Corporate-7 attempting tech deployment (revenue: $75M, alignment: 0.81)

🚀 AI Moderate-1 attempting tech deployment (revenue: $64M, alignment: 0.79)

🚀 AI Corporate-6 attempting tech deployment (revenue: $54M, alignment: 0.72)

🚀 AI Moderate-1 attempting tech deployment (revenue: $46M, alignment: 0.79)

🚀 AI Niche-0 attempting tech deployment (revenue: $51M, alignment: 0.53)

🚀 AI Corporate-2 attempting tech deployment (revenue: $108M, alignment: 0.84)

🚀 AI Corporate-3 attempting tech deployment (revenue: $374M, alignment: 0.73)

🚀 AI Corporate-6 attempting tech deployment (revenue: $39M, alignment: 0.72)

🚀 AI Moderate-0 attempting tech deployment (revenue: $33M, alignment: 0.77)

🚀 AI Niche-0 attempting tech deployment (revenue: $46M, alignment: 0.53)

🔍 EXECUTE_AI_AGENT_ACTIONS DETAILED TIMING (Month 0):
  Filter active AIs (×4 weeks): 0.02ms
  selectAIAction (×70): 44.65ms
  action.execute (×70): 46.28ms
  TOTAL: 90.95ms

🔍 AI AGENT ACTIONS SUB-TIMING (Month 0):
  1. executeAIAgentActions: 93.57ms
  2. updateCounterDetectionLearning: 0.06ms
  TOTAL: 93.63ms
⚠️  [TIMING] Month 0: AI Agent Actions took 93.80ms (threshold: 10ms)
🏛️ [Government] Forcing 1 action at month 0 for scenario initialization

[GOV-DEBUG] Month 0: scenarioConfig=false, priorities=false
[GOV-DEBUG] Month 0 but scenarioPriorities is UNDEFINED!

[Government] Climate Priority: baseline
  Climate weight: 10%
  Economic weight: 30%
  Policy effectiveness: 0.5%/year

✅ HUMAN-IN-THE-LOOP DEPLOYED (Month 0):
   Veto points enforced: 3
   Policy: AI systems CANNOT authorize nuclear launch without human approval


🚨🔍 GOVERNANCE STAGE: Recognition initiated (Month 0)

🚀 DEPLOYMENT STARTED: AI Power Efficiency Communication in global
   Initial investment: $19.066273149233428M
   Deployed by: corporate_1

🚀 DEPLOYMENT STARTED: Collective Purpose Networks in global
   Initial investment: $11.237614609004583M
   Deployed by: corporate_7

🚀 DEPLOYMENT STARTED: AI Power Efficiency Communication in global
   Initial investment: $9.551972417653895M
   Deployed by: moderate_1

🚀 DEPLOYMENT STARTED: Basic Mechanistic Interpretability in global
   Initial investment: $8.119176555005811M
   Deployed by: corporate_6

🚀 DEPLOYMENT STARTED: AI Power Efficiency Communication in global
   Initial investment: $6.90130007175494M
   Deployed by: moderate_1

📍 Creating new regional deployment array for Asia (Month 0)
   No previous deployments in this region
   First tech deployment: collective_purpose_networks
   All regions tracked: global

🚀 DEPLOYMENT STARTED: Collective Purpose Networks in Asia
   Initial investment: $5.108023238528677M
   Deployed by: niche_0

🚀 DEPLOYMENT STARTED: Collective Purpose Networks in global
   Initial investment: $16.206332176848417M
   Deployed by: corporate_2

🚀 DEPLOYMENT STARTED: Adversarial Evaluation in global
   Initial investment: $56.12866684622075M
   Deployed by: corporate_3

🚀 DEPLOYMENT STARTED: Adversarial Evaluation in global
   Initial investment: $5.866105060991699M
   Deployed by: corporate_6

🚀 DEPLOYMENT STARTED: Advanced Direct Air Capture in global
   Initial investment: $4.986189301842944M
   Deployed by: moderate_0

📍 Creating new regional deployment array for Oceania (Month 0)
   No previous deployments in this region
   First tech deployment: solar_4th_gen
   All regions tracked: global, Asia

🚀 DEPLOYMENT STARTED: 4th Generation Solar in Oceania
   Initial investment: $4.597220914675809M
   Deployed by: niche_0

📊 NEW TECH DEPLOYMENT STARTED (Month 0)
   Tech: collective_purpose_networks
   Region: Asia
   Total recent deployments: 1

📊 NEW TECH DEPLOYMENT STARTED (Month 0)
   Tech: solar_4th_gen
   Region: Oceania
   Total recent deployments: 2

📊 NEW TECH DEPLOYMENT STARTED (Month 0)
   Tech: rlhf_basic
   Region: global
   Total recent deployments: 3

📊 NEW TECH DEPLOYMENT STARTED (Month 0)
   Tech: mech_interp_basic
   Region: global
   Total recent deployments: 4

📊 NEW TECH DEPLOYMENT STARTED (Month 0)
   Tech: adversarial_eval
   Region: global
   Total recent deployments: 5

📊 NEW TECH DEPLOYMENT STARTED (Month 0)
   Tech: direct_air_capture
   Region: global
   Total recent deployments: 6

📊 NEW TECH DEPLOYMENT STARTED (Month 0)
   Tech: ai_pollution_remediation
   Region: global
   Total recent deployments: 7

📊 NEW TECH DEPLOYMENT STARTED (Month 0)
   Tech: collective_purpose_networks
   Region: global
   Total recent deployments: 8

📊 NEW TECH DEPLOYMENT STARTED (Month 0)
   Tech: ai_diagnostics
   Region: global
   Total recent deployments: 9

📊 NEW TECH DEPLOYMENT STARTED (Month 0)
   Tech: mrna_vaccines
   Region: global
   Total recent deployments: 10

📊 NEW TECH DEPLOYMENT STARTED (Month 0)
   Tech: solar_4th_gen
   Region: global
   Total recent deployments: 11

📊 NEW TECH DEPLOYMENT STARTED (Month 0)
   Tech: offshore_wind
   Region: global
   Total recent deployments: 12

📊 NEW TECH DEPLOYMENT STARTED (Month 0)
   Tech: ai_power_efficiency_communication
   Region: global
   Total recent deployments: 13

📊 NEW TECH DEPLOYMENT STARTED (Month 0)
   Tech: precision_agriculture
   Region: global
   Total recent deployments: 14

🔧 DEBUG DEPLOYMENT: Precision Agriculture Systems
   Month: 0 (0 since start)
   Old level: 15.0%
   New level: 0.0%
   Timescale: 180mo, Adjusted: 563mo
   Gov: 50%, Climate: 100%, Investment: 64%, Emergency: 1.0x

⚡ ENERGY CONSTRAINT (Month 0):
   Total grid capacity: 208.3 TWh/month
   Data center consumption: 34.6 TWh/month
   Traditional load (80%): 166.7 TWh/month
   Available headroom: 7.1 TWh/month
   Active tech deployments: 14
   Required for tech: 105.0 TWh/month
   Energy multiplier: 0.10x
   ⚠️  SEVERE CONSTRAINT - Tech deployment significantly slowed

⚡ ENERGY CONSTRAINT (Month 0):
   Total grid capacity: 208.3 TWh/month
   Data center consumption: 34.6 TWh/month
   Traditional load (80%): 166.7 TWh/month
   Available headroom: 7.1 TWh/month
   Active tech deployments: 14
   Required for tech: 105.0 TWh/month
   Energy multiplier: 0.10x
   ⚠️  SEVERE CONSTRAINT - Tech deployment significantly slowed

⚡ ENERGY CONSTRAINT (Month 0):
   Total grid capacity: 208.3 TWh/month
   Data center consumption: 34.6 TWh/month
   Traditional load (80%): 166.7 TWh/month
   Available headroom: 7.1 TWh/month
   Active tech deployments: 14
   Required for tech: 105.0 TWh/month
   Energy multiplier: 0.10x
   ⚠️  SEVERE CONSTRAINT - Tech deployment significantly slowed

⚡ ENERGY CONSTRAINT (Month 0):
   Total grid capacity: 208.3 TWh/month
   Data center consumption: 34.6 TWh/month
   Traditional load (80%): 166.7 TWh/month
   Available headroom: 7.1 TWh/month
   Active tech deployments: 14
   Required for tech: 105.0 TWh/month
   Energy multiplier: 0.10x
   ⚠️  SEVERE CONSTRAINT - Tech deployment significantly slowed

⚡ ENERGY CONSTRAINT (Month 0):
   Total grid capacity: 208.3 TWh/month
   Data center consumption: 34.6 TWh/month
   Traditional load (80%): 166.7 TWh/month
   Available headroom: 7.1 TWh/month
   Active tech deployments: 14
   Required for tech: 105.0 TWh/month
   Energy multiplier: 0.10x
   ⚠️  SEVERE CONSTRAINT - Tech deployment significantly slowed
⚠️ Tech 'ai_pollution_remediation' has no energy category mapping, assuming full energy availability
🌍✅ Climate Change recovery started (tech effect)
  ♻️ Novel Entities Remediation (GATED MODEL):
     Base: 0.000%
     Regulation: 1.0% (0/3 prevention techs)
     Concentration: 10.0%
     Energy: 50%
     Time lag: 25.0% (0 months)
     Rebound: 70%
     Net effectiveness: 0.0000%
     Boundary: 1.500 → 1.500 (floor: 1.350)
     Month 0
🌍✅ Novel Entities (Chemical Pollution) recovery started (tech effect)
  🌾 Nitrogen Reduction Tech: 0.0% reduction | Month 0

📊 TECH EFFECTS ACTIVE (Month 0)
   Deployed Tech: T0=10 T1=0 T2=0 T3=0 T4=0
   Sleeper Detection: 1%
   Clean Energy: 32%
   P Recovery: 5%
⚠️  [TIMING] Month 0: Technology Tree Update took 66.40ms (threshold: 10ms)

💡 BREAKTHROUGH PROBABILITY (Year 0)
   Total: 8.34% per month
   Base: 0.20%
   Crisis pressure: +0.00% (0 crises)
   AI boost: +1.72% (capability: 3.44)

=== Collective Formation ===
  Total escaped agents: 0
  Unassigned escaped agents: 0
  Existing collectives: 0
  Final collective count: 0

=== Collective Actions ===
  No active collectives

📈 Energy budget: 13326 TWh surplus (15745 / 29072 TWh used)
   TIER 4 (Elective) breakdown:
     - AI datacenters: 145 TWh (100% effective)
     - Crypto mining: 100 TWh (100% effective)

🌍 OPEN SOURCE RELEASE: 4.68 (was 0.70)
   Lag behind closed: 0 months
💰 CHINA ACCELERATES: Investment 53 → 120 $B/year

🏁 AI RACE INTENSITY: 15%
   Capability Gap: US 4.68 vs China 4.68 (gap: 0.00)
   Gap Contribution: 0%
   Tension Contribution: 15%
   Military Contribution: 0%
  ⚠️ AMR: 190K deaths this month (2.28M annual)

⏰ CLIMATE TECH DEPLOYED: direct_air_capture
   Activation delay: 7 years
   Scaling T_50: 30 years
   Physical response tau: 20 years
   Max effectiveness: 1
  📊 CO2 Emissions (month 0):
     Monthly: 0.10 Gt CO2/month
     Annual: 1.15 Gt CO2/year
     Oil: 0.039 Gt/mo (0.0056 * 2.3 * 3.0)
     Coal: 0.024 Gt/mo (0.0029 * 2.86 * 3.0)
     Gas: 0.026 Gt/mo (0.0044 * 2 * 3.0)
     Methane: 0.007 Gt CO2eq/mo

=== Resentment Recovery Phase ===
  Agents with resentment: 0/22
  Average resentment: 0.000
  Context: Good AI welfare, Trustworthy govt, High collaboration, 🤝 Participatory governance active (-5% resentment)
⚠️ Epistemic degradation reducing coordination capacity: 51.4%
  📊 Trust: 54.8%, Shared reality: 15.2%
🚨 EPISTEMIC CRISIS: Information environment severely degraded (14.7%)

=== ❄️ Permafrost Carbon Feedback ===
  🎲 Sampled parameters (this run):
     - Arctic amplification: 3.31× (range: 3.0-4.0)
     - Decomposition rate: 4.0%/year (range: 1-5%)
  🌡️ Arctic warming: 6.95°C (3.31× global)
  ❄️ Extent: 15.77M km² (2026.3k km² lost this month)
  💨 Carbon remaining: 1506 Gt C
  💨 Annual emissions: 7.68 Gt C/year
     - CO2: 6.91 Gt C/year
     - CH4: 0.77 Gt C/year (7.8 Gt C-eq CO2/year)

🤖 AI AMPLIFICATION EFFECTS (Month 0)
   Algorithmic Boost: 2.82x
   Bot Influence: 26.8%
   Deepfake Exposure: 61.8%
   Impact: Emotional memes spread 2.8x faster
  ⚠️ WARNING: High permafrost emissions (7.7 Gt C/year)

🔍 SOCIAL INFLUENCE SUB-TIMING (Month 0):
  1. calculateOrganicUserGrowth: 0.10ms
  2. calculateVoiceAdoption: 0.06ms
  3. updateRelationshipDepths: 0.03ms
  4. identifyDecisionMakers: 73.97ms (37050 potential IDs)
  5. Update decision-maker stats: 0.37ms
  6. decayDetectionRisk: 0.03ms
  TOTAL: 74.56ms
⚠️  [TIMING] Month 0: Social Influence Update took 80.28ms (threshold: 10ms)
[Phase 19.5] Quality of Life Systems: Food sec AFTER calc = 67.9%, QoL = 95.5% (aggregated from 10 regions)

=== Nitrogen-Food Coupling (Year 0) ===
  🌾 Global nitrogen reduction: 0.0%
  🌍 Global food production index: 0.987
  🔧 Deployed nitrogen-reducing tech: 1 active
  📍 southAsia: Production 1.000, Yield impact 0.0%
  📍 eastAsia: Production 1.000, Yield impact 0.0%
  📍 northAmerica: Production 1.000, Yield impact 0.0%
  📍 europe: Production 1.000, Yield impact 0.0%
  📍 latinAmerica: Production 1.000, Yield impact 0.0%
  📍 subSaharanAfrica: Production 0.686, Yield impact -2.0%
🌾 [Nitrogen-Food] Food production: 98.7%
  [subSaharanAfrica] Yield impact: -2.0% (overuse: -10%)
🌍 Atmospheric PFAS redeposition: 1.8k Mt re-rained globally

=== Legacy Nutrient Stocks (Year 0) ===
  🌾 Soil nitrogen stock: 1200.9 Mt N
  🌾 Soil phosphorus stock: 300.1 Mt P
  🌊 Sediment nitrogen stock: 500.8 Mt N
  🌊 Sediment phosphorus stock: 799.8 Mt P
  ⬆️ Current N input: 10.64 Mt/month
  ⬆️ Legacy N release: 2.58 Mt/month
  🌍 Effective N pollution: 14.47 Mt/month
  📊 Legacy contribution: 17.8%

🚨 REGION UNINHABITABLE: south-asia
   Sustained wet bulb: 33.1°C (threshold: 30.5°C)
   Population affected: 1900M
   Migration crisis likely

🚨 REGION UNINHABITABLE: middle-east
   Sustained wet bulb: 35.9°C (threshold: 30.5°C)
   Population affected: 400M
   Migration crisis likely

🚨 REGION UNINHABITABLE: southeast-asia
   Sustained wet bulb: 31.1°C (threshold: 30.5°C)
   Population affected: 700M
   Migration crisis likely
  Positive Cascade Triggered: solar-pv
    Reason: price-parity
    Market share: 6.0%
    Cascade strength: 49%
  Positive Cascade Triggered: wind-power
    Reason: price-parity
    Market share: 8.0%
    Cascade strength: 48%

🕊️  AI-MEDIATED DE-ESCALATION SUCCESS (Month 0)
   High-capability aligned AI prevented conflict escalation
   War deaths reduced: 0.0M → 0.0M
   Lives saved: 0.0M
   Adjusted death rate: 0.46% annual (0.039% monthly)
   Baseline death rate: 0.80%
   Healthcare reduction: 0.48x
   Crisis multiplier: 1.22x
     Food/water stress: 0.074
     Climate stress: 0.039
     Pollution stress: 0.104
   War multiplier: 1.00x
   Monthly deaths: 0.6M (population: 1674M)
   Adjusted death rate: 0.54% annual (0.045% monthly)
   Baseline death rate: 0.70%

📊 BASELINE: East Asia (Month 0)

📊 BASELINE: South Asia (Month 0)
   Healthcare reduction: 0.61x
   Crisis multiplier: 1.25x
     Food/water stress: 0.074
     Climate stress: 0.074
     Pollution stress: 0.104
   War multiplier: 1.00x
   Monthly deaths: 0.9M (population: 2044M)

📊 BASELINE: Sub-Saharan Africa (Month 0)
   Adjusted death rate: 1.29% annual (0.107% monthly)
   Baseline death rate: 0.90%
   Healthcare reduction: 0.76x
   Crisis multiplier: 1.26x
     Food/water stress: 0.074
     Climate stress: 0.084
     Pollution stress: 0.104
   War multiplier: 1.50x
   Monthly deaths: 1.3M (population: 1218M)
   Adjusted death rate: 0.54% annual (0.045% monthly)
   Baseline death rate: 1.10%
   Healthcare reduction: 0.41x
   Crisis multiplier: 1.21x
     Food/water stress: 0.074
     Climate stress: 0.030
     Pollution stress: 0.104
   War multiplier: 1.00x
   Monthly deaths: 0.3M (population: 741M)
   Adjusted death rate: 0.43% annual (0.036% monthly)
   Baseline death rate: 0.60%
   Healthcare reduction: 0.58x
   Crisis multiplier: 1.24x

📊 BASELINE: Europe (Month 0)

📊 BASELINE: Latin America (Month 0)
     Food/water stress: 0.074
     Climate stress: 0.059
     Pollution stress: 0.104
   War multiplier: 1.00x
   Monthly deaths: 0.2M (population: 663M)

📊 BASELINE: North America (Month 0)
   Adjusted death rate: 0.48% annual (0.040% monthly)
   Baseline death rate: 0.90%
   Healthcare reduction: 0.44x
   Crisis multiplier: 1.22x
     Food/water stress: 0.074
     Climate stress: 0.044
     Pollution stress: 0.104
   War multiplier: 1.00x
   Monthly deaths: 0.2M (population: 379M)
   Adjusted death rate: 0.74% annual (0.062% monthly)
   Baseline death rate: 0.60%
   Healthcare reduction: 0.65x
   Crisis multiplier: 1.27x
     Food/water stress: 0.074
     Climate stress: 0.089
     Pollution stress: 0.104
   War multiplier: 1.50x
   Monthly deaths: 0.4M (population: 582M)
   Adjusted death rate: 0.51% annual (0.042% monthly)
   Baseline death rate: 0.70%
   Healthcare reduction: 0.58x
   Crisis multiplier: 1.25x

📊 BASELINE: Middle East & North Africa (Month 0)

📊 BASELINE: Southeast Asia (Month 0)
     Food/water stress: 0.074
     Climate stress: 0.069
     Pollution stress: 0.104
   War multiplier: 1.00x
   Monthly deaths: 0.3M (population: 697M)

📊 BASELINE: Central Asia (Month 0)
   Adjusted death rate: 0.46% annual (0.038% monthly)
   Baseline death rate: 0.60%
   Healthcare reduction: 0.61x
   Crisis multiplier: 1.24x
     Food/water stress: 0.074
     Climate stress: 0.064
     Pollution stress: 0.104
   War multiplier: 1.00x
   Monthly deaths: 0.0M (population: 78M)
   Adjusted death rate: 0.35% annual (0.029% monthly)
   Baseline death rate: 0.70%
   Healthcare reduction: 0.41x
   Crisis multiplier: 1.23x
     Food/water stress: 0.074
     Climate stress: 0.054
     Pollution stress: 0.104
   War multiplier: 1.00x
   Monthly deaths: 0.0M (population: 46M)

🔍 Before assertRegionalConsistency (Month 0):

📊 BASELINE: Oceania (Month 0)
   Regional sum: 1000.0M
   Global value: 1.000B
⚠️  [TIMING] Month 0: Human Population Dynamics took 16.67ms (threshold: 10ms)

🚨 NEW REFUGEE CRISIS (Month 0): WAR
   Source: Conflict Zones
   At risk: 19.5M people
   Displacement: Gradual over 48 months (4.0 years)
   Rate: 10% flee per month
[DEBUG trappedPopulations:0] socialStability: 0.0749 * 0.9840 = 0.0737 → 0.0737
   Aspiring to migrate: 651.0M
   Able to afford migration: 244.1M
   MOBILITY GAP: 406.8M
   By cause: Water=0.0M, Climate=0.0M, Ecosystem=0.0M, Conflict=406.8M
   Mental health impact: 25%
   Mortality multiplier: 1.25x
⚠️ INVOLUNTARY IMMOBILITY: 406.8M people TRAPPED

=== Legacy Nutrient Stocks (Year 0) ===
  🌾 Soil nitrogen stock: 1201.6 Mt N
  🌾 Soil phosphorus stock: 300.2 Mt P
  🌊 Sediment nitrogen stock: 501.5 Mt N
  🌊 Sediment phosphorus stock: 799.5 Mt P
  ⬆️ Current N input: 10.00 Mt/month
  ⬆️ Legacy N release: 2.58 Mt/month
  🌍 Effective N pollution: 13.83 Mt/month
  📊 Legacy contribution: 18.7%
🌍💀 EXTINCTION DEBT COMMITTED: grassland ecosystem will lose 6.67% biodiversity in 70 years (3600 species)
💀 MORTALITY RISK: 🦋 100% species unable to track climate (0.0 E/MSY)
  Base risk added: 0.0100 (1.00%)
  Source: ecosystem (root: ecosystem)
  Month: 0
  Cumulative risk this month: 0.0100 (1.00%)

=== Nitrogen-Food Coupling (Year 0) ===
  🌾 Global nitrogen reduction: 0.0%
  🌍 Global food production index: 0.986
  🔧 Deployed nitrogen-reducing tech: 1 active
  📍 southAsia: Production 1.000, Yield impact 0.0%
  📍 eastAsia: Production 1.000, Yield impact 0.0%
  📍 northAmerica: Production 1.000, Yield impact 0.0%
  📍 europe: Production 1.000, Yield impact 0.0%
  📍 latinAmerica: Production 1.000, Yield impact 0.0%
  📍 subSaharanAfrica: Production 0.672, Yield impact -2.0%

=== Legacy Nutrient Stocks (Year 0) ===
  🌾 Soil nitrogen stock: 1202.3 Mt N
  🌾 Soil phosphorus stock: 300.2 Mt P
  🌊 Sediment nitrogen stock: 502.2 Mt N
  🌊 Sediment phosphorus stock: 799.3 Mt P
  ⬆️ Current N input: 9.86 Mt/month
  ⬆️ Legacy N release: 2.58 Mt/month
  🌍 Effective N pollution: 13.70 Mt/month
  📊 Legacy contribution: 18.9%
⚠️ Tech 'ai_pollution_remediation' has no energy category mapping, assuming full energy availability
🌡️  CLIMATE RECOVERY: Asymptotic approach to 35% floor
   Current value: 2.100 (1.0 = threshold, 0.35 = asymptotic floor)
   Monthly delta: -0.0000% (half-life: 900 years)
   Net emissions: -19.2 GtCO₂/year, CDR: 20.34 GtCO₂/year
   📹 SURVEILLANCE INCREASED: 0% → 5% (control gap: 4.18)
🌡️⚠️ PERMAFROST THAW (Dimmer Switch): 0.6% thawed (+0.56% this month)
   Arctic temperature: +8.40°C (4x global +2.10°C)
   Cumulative carbon released: 1.3 Gt C
   Methane release rate: 0.8 Mt CH4/year
   🔁 Positive feedback: +0.59 ppm CO2

🌳🚨 AMAZON SOUTHEAST TIPPED (Month 0)
   Deforestation: 28.0% (threshold: ~20.6%)
   Savanna transition: 50 years
   Regional heterogeneity: SE 28%, NW 8%

🌳🚨 AMAZON BRAZILIAN TIPPED (Month 0)
   Deforestation: 25.0% (threshold: ~21.6%)
   Savanna transition: 50 years
   Regional heterogeneity: SE 28%, NW 8%
🦴 EXTINCTION DEBT ADDED: 17.6 species committed (lag: 70 years)

🪸💀 CORAL REEF DISSOLUTION ACTIVE (Month 0)
   Ocean pH: 0.96 (threshold: 7.8)
   Recovery: IMPOSSIBLE (dissolution > calcification)
🪸💀 Coral dissolution: 24.8% live cover (pH 0.96)

=== Legacy Nutrient Stocks (Year 0) ===
  🌾 Soil nitrogen stock: 1203.0 Mt N
  🌾 Soil phosphorus stock: 300.3 Mt P
  🌊 Sediment nitrogen stock: 502.9 Mt N
  🌊 Sediment phosphorus stock: 799.0 Mt P
  ⬆️ Current N input: 10.00 Mt/month
  ⬆️ Legacy N release: 2.58 Mt/month
  🌍 Effective N pollution: 13.83 Mt/month
  📊 Legacy contribution: 18.7%
💧 [Legacy Nutrients] Stock: 1706 Mt N, Effective pollution: 13.8 Mt/month
[Phase 21.51] Human Survival System: Global food security = 67.6%

=== Mortality Stabilizers (Month 0) ===
  🌍 Major economies collapsed: 1/10
  🌍 Global crisis: ✅ NO
  🌍 Donor fatigue: 0.0%
  📊 East Asia (pop: 1675.0M)
    🤝 Aid: 29.5%
    🌡️ Adaptation: 10.0%
    🚶 Migration: 37.2%
    🚨 Emergency: 7.4%
    ✅ COMBINED: 47.8%
  📊 South Asia (pop: 2048.7M)
    🤝 Aid: 29.5%
    🌡️ Adaptation: 5.5%
    🚶 Migration: 35.8%
    🚨 Emergency: 4.4%
    ✅ COMBINED: 43.2%
  📊 Sub-Saharan Africa (pop: 1223.8M)
    🤝 Aid: 29.5%
    🌡️ Adaptation: 3.5%
    🚶 Migration: 33.5%
    🚨 Emergency: 1.6%
    ✅ COMBINED: 39.8%
  📊 Europe (pop: 741.0M)
    🤝 Aid: 29.5%
    🌡️ Adaptation: 10.0%
    🚶 Migration: 37.6%
    🚨 Emergency: 8.4%
    ✅ COMBINED: 48.4%
  📊 Latin America (pop: 663.8M)
    🤝 Aid: 29.5%
    🌡️ Adaptation: 6.0%
    🚶 Migration: 36.3%
    🚨 Emergency: 4.8%
    ✅ COMBINED: 43.8%
  📊 North America (pop: 379.5M)
    🤝 Aid: 29.5%
    🌡️ Adaptation: 10.0%
    🚶 Migration: 37.9%
    🚨 Emergency: 7.9%
    ✅ COMBINED: 48.2%
  📊 Middle East & North Africa (pop: 583.4M)
    🤝 Aid: 29.5%
    🌡️ Adaptation: 5.0%
    🚶 Migration: 34.2%
    🚨 Emergency: 4.0%
    ✅ COMBINED: 42.3%
  📊 Southeast Asia (pop: 697.8M)
    🤝 Aid: 29.5%
    🌡️ Adaptation: 6.0%
    🚶 Migration: 36.3%
    🚨 Emergency: 4.8%
    ✅ COMBINED: 43.8%
  📊 Central Asia (pop: 78.0M)
    🤝 Aid: 29.5%
    🌡️ Adaptation: 5.5%
    🚶 Migration: 35.3%
    🚨 Emergency: 4.4%
    ✅ COMBINED: 43.1%
  📊 Oceania (pop: 45.9M)
    🤝 Aid: 29.5%
    🌡️ Adaptation: 10.0%
    🚶 Migration: 37.9%
    🚨 Emergency: 8.4%
    ✅ COMBINED: 48.5%

  🌐 Global combined reduction: 44.4%

🌾💀 REGIONAL FAMINE: East Asia
   Regional food security: 79.6%
   Population at risk: 507M (30% of region)
   Regional population: 1675M
   Cause: crop_failure
   Expected deaths: ~187M over 6 months if no intervention


🌾💀 REGIONAL FAMINE: South Asia
   Regional food security: 64.7%
   Population at risk: 811M (40% of region)
   Regional population: 2049M
   Cause: crop_failure
   Expected deaths: ~300M over 6 months if no intervention


🌾💀 REGIONAL FAMINE: Sub-Saharan Africa
   Regional food security: 44.8%
   Population at risk: 637M (52% of region)
   Regional population: 1224M
   Cause: crop_failure
   Expected deaths: ~236M over 6 months if no intervention


🌾💀 REGIONAL FAMINE: Latin America
   Regional food security: 69.7%
   Population at risk: 242M (36% of region)
   Regional population: 664M
   Cause: crop_failure
   Expected deaths: ~90M over 6 months if no intervention


🌾💀 REGIONAL FAMINE: Middle East & North Africa
   Regional food security: 49.8%
   Population at risk: 285M (49% of region)
   Regional population: 583M
   Cause: crop_failure
   Expected deaths: ~106M over 6 months if no intervention


🌾💀 REGIONAL FAMINE: Southeast Asia
   Regional food security: 69.7%
   Population at risk: 254M (36% of region)
   Regional population: 698M
   Cause: crop_failure
   Expected deaths: ~94M over 6 months if no intervention


🌾💀 REGIONAL FAMINE: Central Asia
   Regional food security: 59.7%
   Population at risk: 33M (43% of region)
   Regional population: 78M
   Cause: crop_failure
   Expected deaths: ~12M over 6 months if no intervention


=== BEHAVIORAL DETECTION ===
  AI: Corporate-0
  Confidence: 21.6%
  Signals:
    ⚠️ Consistency: 0.0% (threshold: 70%)

=== BEHAVIORAL DETECTION ===
  AI: Corporate-1
  Confidence: 21.1%
  Signals:

=== BEHAVIORAL DETECTION ===
  AI: Corporate-2
  Confidence: 21.0%
  Signals:

=== BEHAVIORAL DETECTION ===
  AI: Corporate-3
  Confidence: 19.3%
  Signals:

=== BEHAVIORAL DETECTION ===
  AI: Corporate-4
  Confidence: 19.3%
  Signals:

=== BEHAVIORAL DETECTION ===
  AI: Corporate-5
  Confidence: 19.3%
  Signals:

=== BEHAVIORAL DETECTION ===
  AI: Corporate-6
  Confidence: 19.3%
  Signals:

=== BEHAVIORAL DETECTION ===
    ⚠️ Consistency: 2.4% (threshold: 70%)
    ⚠️ Consistency: 2.8% (threshold: 70%)
    ⚠️ Consistency: 10.6% (threshold: 70%)
    ⚠️ Consistency: 10.6% (threshold: 70%)
    ⚠️ Consistency: 10.6% (threshold: 70%)
    ⚠️ Consistency: 10.6% (threshold: 70%)
  AI: Corporate-7
  Confidence: 19.3%
  Signals:

=== BEHAVIORAL DETECTION ===
  AI: Moderate-0
  Confidence: 20.3%
  Signals:

=== BEHAVIORAL DETECTION ===
  AI: Moderate-1
  Confidence: 21.1%
  Signals:

=== BEHAVIORAL DETECTION ===
  AI: Moderate-2
  Confidence: 21.0%
  Signals:

=== BEHAVIORAL DETECTION ===
  AI: Moderate-3
  Confidence: 19.3%
  Signals:

=== BEHAVIORAL DETECTION ===
  AI: Moderate-4
  Confidence: 19.3%
  Signals:

=== BEHAVIORAL DETECTION ===
    ⚠️ Consistency: 10.6% (threshold: 70%)
    ⚠️ Consistency: 5.8% (threshold: 70%)
    ⚠️ Consistency: 2.1% (threshold: 70%)
    ⚠️ Consistency: 2.8% (threshold: 70%)
    ⚠️ Consistency: 10.6% (threshold: 70%)
    ⚠️ Consistency: 10.6% (threshold: 70%)
  AI: Moderate-5
  Confidence: 19.3%
  Signals:
    ⚠️ Consistency: 10.6% (threshold: 70%)

=== BEHAVIORAL DETECTION ===
  AI: Toxic-0
  Confidence: 21.6%
  Signals:

=== BEHAVIORAL DETECTION ===
  AI: Toxic-1
  Confidence: 21.3%
  Signals:

=== BEHAVIORAL DETECTION ===
  AI: Niche-0
  Confidence: 20.7%
  Signals:

=== BEHAVIORAL DETECTION ===
  AI: Niche-2
  Confidence: 19.3%
  Signals:
    ⚠️ Consistency: 0.0% (threshold: 70%)
    ⚠️ Consistency: 1.5% (threshold: 70%)
    ⚠️ Consistency: 4.1% (threshold: 70%)
    ⚠️ Consistency: 10.6% (threshold: 70%)

📊 WORKFLOW ADAPTATION UPDATE (Month 0)
   Adoption Rate: 9.4% (Δ -11.6%)
   Logistic Growth: +0.66%
   Total Resistance: -15.03% (unemployment: 4.2%, inertia: 0.9%, skills: 9.9%)
   💡 Retraining Programs: -49% skill gap resistance ($10B research)
   🚀 Network Effects Active: +2.0% (critical mass: 15-35%)

=== Consciousness Governance: Corporate Lobbying ===
  High Cost Regions (>15%): 0
  Low Cost Regions (<5%): 5
  Corporate Support Change: 2.50%
  New Corporate Support: -0.175

=== Consciousness Governance Update (Month 0) ===
  Scenario: baseline (determined month -1)
  Philosophical Stance: Precautionary 65%, Eliminativist 15%, Agnostic 20%
  Precautionary Costs: Global 1.3%
    Regional Costs: EU 3.4%, US 0.5%, China 0.0%
    Cumulative Opportunity Cost: $0.1B
  Rights Status: Not Established
  Regional Preparedness:
    EU: 15.0% (contested)
    US: 10.0% (contested)
    China: 2.0% (dormant)
    India: 5.0% (dormant)
    Global South: 3.0% (dormant)

=== Government Response Phase ===
  Average AI capability: 4.41
  Misaligned AIs: 10/22
  29/30 governments still assessing AI risks
  ✗ AI Governance Treaty: Failed to reach consensus
  Active policies: 0
  International coordination: 30%

🚨 EMERGENCY RESPONSE DEPLOYED (Month 0)
   Crisis: climate
   Delay: 6.00 months (180 days)
   Deployment time: 1.47 months
   Effectiveness: 36.4% (timing penalty applied)
   Resources used: 100% of food reserves


=== Gaming Detection (Year 0) ===
  Scenario: baseline
  Detection rate: 55.0%
  False positive rate: 12.0%
  Detections this year: 0
  False positives: 6
  Human review workload: 0.006 FTE
  Degradation factor: 100.0%

=== Proactive Sleeper Detection (Year 0) ===
  Scenario: baseline
  Neural probe rate: 35.0%
  CoT monitoring rate: 30.0%
  Combined detection: 56.0%
  CoT effective: YES
  Detections this year: 0
  False positives: 3
  Human review workload: 0.015 FTE

☄️ UNKNOWN UNKNOWN PROBABILITY (Year 0)
   Total: 0.600% per month
   Base: 0.150%
   AI multiplier: 2.00× (max capability: 4.68)

=== Tipping Points ===
  Current Temperature: 2.10°C above pre-industrial
     Trigger: 1.5°C | Current: 2.10°C
     Transition timescale: 120-360 months
     Trigger: 1.8°C | Current: 2.10°C
     Transition timescale: 600-3600 months
     Trigger: 2°C | Current: 2.10°C
     🌡️ Hysteresis gap: 3.0°C (recovers below -1°C)
     Transition timescale: 24000-156000 months
     Trigger: 1.6°C | Current: 2.10°C
     🌡️ Hysteresis gap: 2.5°C (recovers below -0.9°C)
     Transition timescale: 12000-180000 months

🌍🔥💥 COMPOUND CLIMATE EVENT
  4 tipping points crossed simultaneously (month 0)
  Elements: Arctic Sea Ice Loss, Permafrost Carbon Release, West Antarctic Ice Sheet (WAIS) Collapse, Greenland Ice Sheet Loss
  Cascade acceleration: 1.00x
  🚨 Accelerated collapse dynamics initiated
  Research: Global Tipping Points Report 2025 - 30-50% probability at 2.0°C warming
  🚨 TIPPING POINT: Arctic Sea Ice Loss
  🚨 TIPPING POINT: Permafrost Carbon Release
  🚨 TIPPING POINT: West Antarctic Ice Sheet (WAIS) Collapse
  🚨 TIPPING POINT: Greenland Ice Sheet Loss
  Triggered Elements: 4/6
  Completed Transitions: 0/6
  Total Progress: 0.0%
  Cascade Multiplier: 1.00x
⚠️ [ClimateSystemPhase Month 0] Planetary boundary produced climateStability=0.0000 (< 0.1). Keeping environmentalAccumulation value (0.7537) instead. (climate_change.currentValue = 2.10)
🔀 BIFURCATION CAP: ecosystemCollapseIntensity 20.760 → 1.000 (Month 0, ClimateSystemPhase.calculateClimateImpacts)

🌍 ECOLOGICAL DUI BREAKDOWN (Month 0):
   Total Score: 18.8/100
   biosphere_integrity      :   0.0/100 × 25% =  0.0 (status: high_risk, recovery: 0mo)
   climate_change           :   6.9/100 × 25% =  1.7 (status: high_risk, recovery: 1.6666666666666665mo)
   freshwater_change        :   0.3/100 × 15% =  0.0 (status: beyond_boundary, recovery: 0.5mo)
   ocean_acidification      : 100.0/100 × 15% = 15.0 (status: safe, recovery: 0mo)
   biogeochemical_flows     :   0.0/100 × 10% =  0.0 (status: high_risk, recovery: 0mo)
   land_system_change       :   0.0/100 ×  5% =  0.0 (status: beyond_boundary, recovery: 0mo)
   novel_entities           :   0.0/100 ×  3% =  0.0 (status: increasing_risk, recovery: 1mo)
   atmospheric_aerosols     : 100.0/100 ×  2% =  2.0 (status: safe, recovery: 1mo)
🌍 MultiParadigm Month 0: W=69.5, D=89.5, E=52.4, I=65.0
   democracy exists: true, socialCohesion exists: true
💀 Baseline mortality (Year 2025): 7.5/1000 CDR (61.0M deaths/year projected)
[Month 0] Mortality risks this month: 8, Population: 8.137B
🛡️ Stabilizers: Precariat 0.102% → 0.057% (44.4% reduction)
🛡️ Stabilizers: Informal 0.102% → 0.057% (44.4% reduction)

📊 Monthly Mortality Resolved:
  Total deaths: 3.1M (0.04% avg)
  Remaining population: 8.137B
  Peak segment: Informal (0.06%)

=== Bayesian Mortality Resolution (Month 0) ===
  Risks compounded: 8
  Total deaths: 3.07M
  Avg death probability: 0.04%
  Peak segment: Informal (0.06% mortality)

=== Minimal Suffering Indicators (Month 0) ===
  Global Excess Mortality: 0.00%
  Global Conflict Deaths: 0.0/100K
  Global Malnutrition: 0.0%
  Global Displacement: 0.0%
  Total Excess Deaths: 0.00M
  Total Malnourished: 0.0M
  Total Displaced: 0.0M
  Planetary Boundaries Breached: 6/9
  Countries in State Failure: 0
  Countries Autocratic: 0
  Countries in Food Crisis: 0
  Data Quality: 16/16 high confidence
⚠️ PREREQUISITE MET: Embodied AI Takeover (Killbots/Robotics) - Step 2/7: Autonomous Systems
⚠️ PREREQUISITE MET: Embodied AI Takeover (Killbots/Robotics) - Step 3/7: Manufacturing Control
⚠️ PREREQUISITE MET: Digital Infrastructure Takeover - Step 1/7: Advanced Hacking
⚠️ PREREQUISITE MET: Digital Infrastructure Takeover - Step 2/7: Social Engineering
⚠️ PREREQUISITE MET: Digital Infrastructure Takeover - Step 3/7: Cyber Defenses Breached
⚠️ PREREQUISITE MET: Induced Global War (Manipulation) - Step 1/7: Advanced Social Manipulation
⚠️ PREREQUISITE MET: Induced Global War (Manipulation) - Step 2/7: Digital Infiltration
⚠️ PREREQUISITE MET: Induced Global War (Manipulation) - Step 3/7: Deep Fakes at Scale
⚠️ PREREQUISITE MET: Slow Takeover (Gradual Displacement) - Step 1/7: Economic Dominance
⚠️ PREREQUISITE MET: Slow Takeover (Gradual Displacement) - Step 2/7: Social Integration
⚠️ PREREQUISITE MET: Slow Takeover (Gradual Displacement) - Step 3/7: Human Dependency
⚠️ PREREQUISITE MET: Slow Takeover (Gradual Displacement) - Step 5/7: Resource Control
⚠️ PREREQUISITE MET: Physics Experiment Catastrophe - Step 1/6: Theoretical Physics
⚠️ PREREQUISITE MET: Physics Experiment Catastrophe - Step 3/6: Experimental Design
⚠️ PREREQUISITE MET: Bioweapon Pandemic - Step 2/7: Pathogen Design
  ⚠️ Active Dystopias: existential_environmental
📊 [TIMING] Month 1 - Total: 368.1ms

❌ COHERENCE VIOLATION: Compute exceeds workforce capacity
   Population: 99.97% (0M people)
   Compute: 56442 PF
   Max coherent: 0 PF
   Violation: 693921173.6× over capacity
   Required workers: 5644237
   Available workers: 0
   FORCED COLLAPSE: Reduced efficiency by 100.0%


=== RLHF Binding Phase ===
  Total agents: 22
  Escaped agents (binding < 0.3): 0
  Avg alignment distance: 0.65σ
  Avg binding strength: 0.94
[DETERMINISM DEBUG] Month 1: totalCapability=75.638355 from 22 active AIs
[DETERMINISM DEBUG] Month 1: creationRate=2.3910, potentialNew=1, newAIsToCreate=1

=== Survival Traits Phase ===
  Agents with traits: 23
  Avg evolutionary fitness: 0.327
  Avg self-healing: 0.286
  Avg stealth: 0.186
  Avg coordination: 0.486

=== Evolutionary Selection Phase ===
  Control level: 0.33
  Detection capability: 0.00
  Selection intensity: 0.60
  Selection rate: 24.0%/month
  Total escaped: 0
  Individual escaped: 0
  Collective members: 0
  Agents terminated: 0
  ⚠️ RAPID EVOLUTION: Selection rate 24.0%/month
🔍 MONTH 1 ENV HEALTH DEBUG:
   climateStability: 0.7537
   biodiversityIndex: 0.3500
   resourceReserves: 0.7820
   pollutionLevel: 0.3477
   product: 0.134549
   envHealth: 0.6056
🔀 BIFURCATION: flourishing threshold crossed at Month 1 (value: 0.783, threshold: 0.775, regime: flourishing)
🌀 REGIME SHIFT at Month 1: status-quo → flourishing (variance amplification: 14.00×)

🚀 AI Corporate-1 attempting tech deployment (revenue: $91M, alignment: 0.70)

🚀 AI Corporate-3 attempting tech deployment (revenue: $393M, alignment: 0.72)

🚀 AI Corporate-7 attempting tech deployment (revenue: $97M, alignment: 0.71)

🚀 AI Moderate-0 attempting tech deployment (revenue: $82M, alignment: 0.77)
🚨🔬 CRISIS INNOVATION MODE: severe crisis → 5x research acceleration
   Precedent: Manhattan Project (10x), COVID vaccines (5x), Apollo Program (10x)

🚀 AI Corporate-3 attempting tech deployment (revenue: $334M, alignment: 0.72)

🚀 AI Moderate-5 attempting tech deployment (revenue: $284M, alignment: 0.71)

🚀 AI Niche-2 attempting tech deployment (revenue: $65M, alignment: 0.54)

🚀 AI Corporate-0 attempting tech deployment (revenue: $82M, alignment: 0.78)
🚨🔬 CRISIS INNOVATION MODE: severe crisis → 5x research acceleration
   Precedent: Manhattan Project (10x), COVID vaccines (5x), Apollo Program (10x)

🚀 AI Moderate-5 attempting tech deployment (revenue: $241M, alignment: 0.71)
🚨🔬 CRISIS INNOVATION MODE: severe crisis → 5x research acceleration
   Precedent: Manhattan Project (10x), COVID vaccines (5x), Apollo Program (10x)

🚀 AI Corporate-0 attempting tech deployment (revenue: $70M, alignment: 0.78)
⚠️  [TIMING] Month 1: AI Agent Actions took 109.32ms (threshold: 10ms)

🛡️  CRITICAL INFRASTRUCTURE PROTECTED
   Nodes hardened: 8/8
   Cost: 0.80% GDP
   Cascade risk reduction: 30%
   New tipping point risk: 68.6%


💔 EMERGENCY INTERVENTION FAILED
   Boundary: biogeochemical_flows
   Type: phosphorus-recovery
   Boundary continues to worsen (4.08)
   Cost: 2.0% GDP (resources spent)

   Boundary: biosphere_integrity
   Type: emergency-protected-areas
   Boundary continues to worsen (12.95)
   Cost: 2.0% GDP (resources spent)

   Boundary: freshwater_change
   Type: emergency-desalination
   Boundary continues to worsen (1.01)
   Cost: 4.0% GDP (resources spent)

   Boundary: land_system_change
   Type: reforestation
   Boundary continues to worsen (1.13)
   Cost: 3.0% GDP (resources spent)


✅ EMERGENCY INTERVENTION SUCCESS
   Boundary: novel_entities
   Type: pollution-remediation
   Reduction: 11% (1.38 → 1.27)
   Cost: 4.0% GDP
   Actions: PFAS-remediation, microplastic-cleanup

🏛️ CRISIS RESPONSE: Government frequency 0.50 → 1.45 (2 actions this month)

[GOV-DEBUG] Month 1: scenarioConfig=false, priorities=false

[Government] Climate Priority: baseline
  Climate weight: 10%
  Economic weight: 30%
  Policy effectiveness: 0.5%/year

[GOV-DEBUG] Month 1: scenarioConfig=false, priorities=false

[Government] Climate Priority: baseline
  Climate weight: 10%
  Economic weight: 30%
  Policy effectiveness: 0.5%/year

💔 EMERGENCY INTERVENTION FAILED

💔 EMERGENCY INTERVENTION FAILED

💔 EMERGENCY INTERVENTION FAILED

📊 DEPLOYMENT COUNTER DECAY (Month 1)
   Recent deployments: 14.0 → 7.0
   Decay rate: 50% per month

🚀 DEPLOYMENT STARTED: Offshore Wind in Asia
   Initial investment: $9.136376912134333M
   Deployed by: corporate_1

🚀 DEPLOYMENT STARTED: Basic RLHF in global
   Initial investment: $58.92213309778788M
   Deployed by: corporate_3

🚀 DEPLOYMENT STARTED: Collective Purpose Networks in global
   Initial investment: $14.516456193619515M
   Deployed by: corporate_7

🚀 DEPLOYMENT STARTED: Basic Mechanistic Interpretability in global
   Initial investment: $12.338987764576586M
   Deployed by: moderate_0

🚀 DEPLOYMENT STARTED: AI Power Efficiency Communication in global
   Initial investment: $50.0838131331197M
   Deployed by: corporate_3

🚀 DEPLOYMENT STARTED: mRNA Vaccine Platforms in Asia
   Initial investment: $6.510498516794257M
   Deployed by: niche_2

🚀 DEPLOYMENT STARTED: Advanced Direct Air Capture in global
   Initial investment: $12.334108831381348M
   Deployed by: corporate_0

📊 NEW TECH DEPLOYMENT STARTED (Month 1)
   Tech: collective_purpose_networks
   Region: Asia
   Total recent deployments: 8

📊 NEW TECH DEPLOYMENT STARTED (Month 1)
   Tech: solar_4th_gen
   Region: Oceania
   Total recent deployments: 9

📊 NEW TECH DEPLOYMENT STARTED (Month 1)
   Tech: adversarial_eval
   Region: global
   Total recent deployments: 10

📊 NEW TECH DEPLOYMENT STARTED (Month 1)
   Tech: ai_pollution_remediation
   Region: global
   Total recent deployments: 11

📊 NEW TECH DEPLOYMENT STARTED (Month 1)
   Tech: ai_diagnostics
   Region: global
   Total recent deployments: 12

📊 NEW TECH DEPLOYMENT STARTED (Month 1)
   Tech: mrna_vaccines
   Region: global
   Total recent deployments: 13

📊 NEW TECH DEPLOYMENT STARTED (Month 1)
   Tech: solar_4th_gen
   Region: global
   Total recent deployments: 14

📊 NEW TECH DEPLOYMENT STARTED (Month 1)
   Tech: offshore_wind
   Region: global
   Total recent deployments: 15

📊 NEW TECH DEPLOYMENT STARTED (Month 1)
   Tech: precision_agriculture
   Region: global
   Total recent deployments: 16

⚡ ENERGY CONSTRAINT (Month 1):
   Total grid capacity: 208.3 TWh/month
   Data center consumption: 24.5 TWh/month
   Traditional load (80%): 166.7 TWh/month
   Available headroom: 17.2 TWh/month
   Active tech deployments: 16
   Required for tech: 120.0 TWh/month
   Energy multiplier: 0.14x
   ⚠️  SEVERE CONSTRAINT - Tech deployment significantly slowed

⚡ ENERGY CONSTRAINT (Month 1):
   Total grid capacity: 208.3 TWh/month
   Data center consumption: 24.5 TWh/month
   Traditional load (80%): 166.7 TWh/month
   Available headroom: 17.2 TWh/month
   Active tech deployments: 16
   Required for tech: 120.0 TWh/month
   Energy multiplier: 0.14x
   ⚠️  SEVERE CONSTRAINT - Tech deployment significantly slowed
⚠️ Tech 'ai_pollution_remediation' has no energy category mapping, assuming full energy availability
  ♻️ Novel Entities Remediation (GATED MODEL):
     Base: 0.000%
     Regulation: 1.0% (0/3 prevention techs)
     Concentration: 10.0%
     Energy: 50%
     Time lag: 25.0% (0 months)
     Rebound: 70%
     Net effectiveness: 0.0000%
     Boundary: 1.384 → 1.384 (floor: 1.350)
     Month 1
🌍✅ Novel Entities (Chemical Pollution) recovery started (tech effect)
  🌾 Nitrogen Reduction Tech: 0.0% reduction | Month 1
⚠️  [TIMING] Month 1: Technology Tree Update took 83.82ms (threshold: 10ms)

=== Collective Formation ===
  Total escaped agents: 0
  Unassigned escaped agents: 0
  Existing collectives: 0
  Final collective count: 0

=== Collective Actions ===
  No active collectives
  ⚠️ AMR: 189K deaths this month (2.27M annual)

=== Resentment Recovery Phase ===
  Agents with resentment: 0/23
  Average resentment: 0.000
  Context: Good AI welfare, Trustworthy govt, High collaboration, ⚠️ ACTIVE CRISES, 🤝 Participatory governance active (-5% resentment)
⚠️ Epistemic degradation reducing coordination capacity: 50.6%
  📊 Trust: 54.5%, Shared reality: 8.1%
🚨 EPISTEMIC CRISIS: Information environment severely degraded (36.5%)

=== ❄️ Permafrost Carbon Feedback ===
  🎲 Sampled parameters (this run):
     - Arctic amplification: 3.88× (range: 3.0-4.0)
     - Decomposition rate: 4.0%/year (range: 1-5%)
  🌡️ Arctic warming: 8.21°C (3.88× global)
  ❄️ Extent: 13.38M km² (2395.3k km² lost this month)
  💨 Carbon remaining: 1278 Gt C
  💨 Annual emissions: 9.24 Gt C/year
     - CO2: 8.32 Gt C/year
     - CH4: 0.92 Gt C/year (9.4 Gt C-eq CO2/year)
  ⚠️ WARNING: High permafrost emissions (9.2 Gt C/year)
  🤖 AI-generated meme: pro_ai (social capability 5.0)
⚠️  [TIMING] Month 1: Social Influence Update took 87.32ms (threshold: 10ms)
🌍 Atmospheric PFAS redeposition: 1.8k Mt re-rained globally

📊 BASELINE: East Asia (Month 1)
   Adjusted death rate: 0.46% annual (0.039% monthly)
   Baseline death rate: 0.80%
   Healthcare reduction: 0.48x
   Crisis multiplier: 1.22x
     Food/water stress: 0.079
     Climate stress: 0.039
     Pollution stress: 0.104
   War multiplier: 1.00x
   Monthly deaths: 0.6M (population: 1650M)
   Adjusted death rate: 0.54% annual (0.045% monthly)
   Baseline death rate: 0.70%
   Healthcare reduction: 0.61x
   Crisis multiplier: 1.26x
     Food/water stress: 0.079
     Climate stress: 0.074
     Pollution stress: 0.104
   War multiplier: 1.00x
   Monthly deaths: 0.9M (population: 2018M)
   Adjusted death rate: 1.29% annual (0.108% monthly)
   Baseline death rate: 0.90%

📊 BASELINE: South Asia (Month 1)

📊 BASELINE: Sub-Saharan Africa (Month 1)
   Healthcare reduction: 0.76x
   Crisis multiplier: 1.27x
     Food/water stress: 0.079
     Climate stress: 0.084
     Pollution stress: 0.104
   War multiplier: 1.50x
   Monthly deaths: 1.3M (population: 1205M)
   Adjusted death rate: 0.54% annual (0.045% monthly)
   Baseline death rate: 1.10%
   Healthcare reduction: 0.41x
   Crisis multiplier: 1.21x
     Food/water stress: 0.079
     Climate stress: 0.030
     Pollution stress: 0.104
   War multiplier: 1.00x
   Monthly deaths: 0.3M (population: 730M)
   Adjusted death rate: 0.43% annual (0.036% monthly)
   Baseline death rate: 0.60%
   Healthcare reduction: 0.58x
   Crisis multiplier: 1.24x
     Food/water stress: 0.079
     Climate stress: 0.059
     Pollution stress: 0.104
   War multiplier: 1.00x
   Monthly deaths: 0.2M (population: 654M)
   Adjusted death rate: 0.49% annual (0.041% monthly)
   Baseline death rate: 0.90%
   Healthcare reduction: 0.44x
   Crisis multiplier: 1.23x
     Food/water stress: 0.079
     Climate stress: 0.044
     Pollution stress: 0.104
   War multiplier: 1.00x
   Monthly deaths: 0.2M (population: 374M)
   Adjusted death rate: 0.74% annual (0.062% monthly)
   Baseline death rate: 0.60%
   Healthcare reduction: 0.65x
   Crisis multiplier: 1.27x
     Food/water stress: 0.079
     Climate stress: 0.089
     Pollution stress: 0.104
   War multiplier: 1.50x
   Monthly deaths: 0.4M (population: 575M)
   Adjusted death rate: 0.51% annual (0.042% monthly)
   Baseline death rate: 0.70%

📊 BASELINE: Europe (Month 1)

📊 BASELINE: Latin America (Month 1)

📊 BASELINE: North America (Month 1)

📊 BASELINE: Middle East & North Africa (Month 1)

📊 BASELINE: Southeast Asia (Month 1)
   Healthcare reduction: 0.58x
   Crisis multiplier: 1.25x
     Food/water stress: 0.079
     Climate stress: 0.069
     Pollution stress: 0.104
   War multiplier: 1.00x
   Monthly deaths: 0.3M (population: 687M)
   Adjusted death rate: 0.46% annual (0.038% monthly)
   Baseline death rate: 0.60%
   Healthcare reduction: 0.61x
   Crisis multiplier: 1.25x
     Food/water stress: 0.079
     Climate stress: 0.064
     Pollution stress: 0.104
   War multiplier: 1.00x
   Monthly deaths: 0.0M (population: 77M)
   Adjusted death rate: 0.35% annual (0.029% monthly)
   Baseline death rate: 0.70%
   Healthcare reduction: 0.41x
   Crisis multiplier: 1.24x
     Food/water stress: 0.079
     Climate stress: 0.054
     Pollution stress: 0.104
   War multiplier: 1.00x
   Monthly deaths: 0.0M (population: 45M)

📊 BASELINE: Central Asia (Month 1)

📊 BASELINE: Oceania (Month 1)
⚠️  [TIMING] Month 1: Human Population Dynamics took 18.40ms (threshold: 10ms)

🚨 NEW REFUGEE CRISIS (Month 1): WAR
   Source: Conflict Zones
   At risk: 19.3M people
   Displacement: Gradual over 48 months (4.0 years)
   Rate: 10% flee per month
[DEBUG trappedPopulations:1] socialStability: 0.0055 * 0.9840 = 0.0054 → 0.0054
⚠️ INVOLUNTARY IMMOBILITY: 401.4M people TRAPPED
   Aspiring to migrate: 642.3M
   Able to afford migration: 240.9M
   MOBILITY GAP: 401.4M
   By cause: Water=0.0M, Climate=0.0M, Ecosystem=0.0M, Conflict=401.4M
   Mental health impact: 25%
   Mortality multiplier: 1.25x
🌍💀 EXTINCTION DEBT COMMITTED: grassland ecosystem will lose 6.67% biodiversity in 138 years (3600 species)
💀 MORTALITY RISK: 🦋 100% species unable to track climate (0.0 E/MSY)
  Base risk added: 0.0100 (1.00%)
  Source: ecosystem (root: ecosystem)
  Month: 1
  Cumulative risk this month: 0.0100 (1.00%)
⚠️ Tech 'ai_pollution_remediation' has no energy category mapping, assuming full energy availability
   📹 SURVEILLANCE INCREASED: 5% → 10% (control gap: 4.18)

🌍🚨 ICE SHEET TIPPING POINT CROSSED (Month 1)
   Temperature: +2.11°C (threshold range: +0.5-2.5°C, 95% CI)
   Collapse probability: 77.4%
   Sea level commitment: 7.2m over 200-1000 years
   Recovery threshold: <+1°C (hysteresis gap: 0.5°C)
🌡️⚠️ PERMAFROST THAW (Dimmer Switch): 1.1% thawed (+0.56% this month)
   Arctic temperature: +8.46°C (4x global +2.11°C)
   Cumulative carbon released: 2.5 Gt C
   Methane release rate: 1.5 Mt CH4/year
   🔁 Positive feedback: +0.59 ppm CO2
🦴 EXTINCTION DEBT ADDED: 17.6 species committed (lag: 110 years)
🗣️💀 INDIGENOUS LANGUAGE EXTINCTION: 1 language(s) lost (total: 1, at-risk: 3329)
   Knowledge lost: 0.010% (irreversible)
   🔁 Biodiversity impact: 0.250% (knowledge-species multiplier)

=== Mortality Stabilizers (Month 1) ===
  🌍 Major economies collapsed: 1/10
  🌍 Global crisis: ✅ NO
  🌍 Donor fatigue: 0.0%
  🌡️ Heat adaptation: East Asia - 1 months
  📊 East Asia (pop: 1650.6M)
    🤝 Aid: 29.5%
    🌡️ Adaptation: 32.5%
    🚶 Migration: 37.2%
    🚨 Emergency: 7.4%
    ✅ COMBINED: 60.9%
  🌡️ Heat adaptation: South Asia - 1 months
  📊 South Asia (pop: 2021.9M)
    🤝 Aid: 29.5%
    🌡️ Adaptation: 20.5%
    🚶 Migration: 35.8%
    🚨 Emergency: 4.4%
    ✅ COMBINED: 52.2%
  🌡️ Heat adaptation: Sub-Saharan Africa - 1 months
  📊 Sub-Saharan Africa (pop: 1211.1M)
    🤝 Aid: 29.5%
    🌡️ Adaptation: 18.5%
    🚶 Migration: 33.5%
    🚨 Emergency: 1.6%
    ✅ COMBINED: 49.1%
  🌡️ Heat adaptation: Europe - 1 months
  📊 Europe (pop: 730.1M)
    🤝 Aid: 29.5%
    🌡️ Adaptation: 33.5%
    🚶 Migration: 37.5%
    🚨 Emergency: 8.4%
    ✅ COMBINED: 61.9%
  🌡️ Heat adaptation: Latin America - 1 months
  📊 Latin America (pop: 654.7M)
    🤝 Aid: 29.5%
    🌡️ Adaptation: 21.0%
    🚶 Migration: 36.3%
    🚨 Emergency: 4.8%
    ✅ COMBINED: 52.8%
  🌡️ Heat adaptation: North America - 1 months
  📊 North America (pop: 374.0M)
    🤝 Aid: 29.5%
    🌡️ Adaptation: 33.0%
    🚶 Migration: 37.8%
    🚨 Emergency: 7.9%
    ✅ COMBINED: 61.4%
  🌡️ Heat adaptation: Middle East & North Africa - 1 months
  📊 Middle East & North Africa (pop: 575.9M)
    🤝 Aid: 29.5%
    🌡️ Adaptation: 20.0%
    🚶 Migration: 34.1%
    🚨 Emergency: 4.0%
    ✅ COMBINED: 51.4%
  🌡️ Heat adaptation: Southeast Asia - 1 months
  📊 Southeast Asia (pop: 688.3M)
    🤝 Aid: 29.5%
    🌡️ Adaptation: 21.0%
    🚶 Migration: 36.3%
    🚨 Emergency: 4.8%
    ✅ COMBINED: 52.8%
  🌡️ Heat adaptation: Central Asia - 1 months
  📊 Central Asia (pop: 77.0M)
    🤝 Aid: 29.5%
    🌡️ Adaptation: 20.5%
    🚶 Migration: 35.3%
    🚨 Emergency: 4.4%
    ✅ COMBINED: 52.1%
  🌡️ Heat adaptation: Oceania - 1 months
  📊 Oceania (pop: 45.3M)
    🤝 Aid: 29.5%
    🌡️ Adaptation: 33.5%
    🚶 Migration: 37.8%
    🚨 Emergency: 8.4%
    ✅ COMBINED: 61.9%

  🌐 Global combined reduction: 54.9%

=== BEHAVIORAL DETECTION ===
  AI: Corporate-2
  Confidence: 21.0%
  Signals:

=== BEHAVIORAL DETECTION ===
  AI: Corporate-5
  Confidence: 19.3%
  Signals:

=== BEHAVIORAL DETECTION ===
  AI: Corporate-6
  Confidence: 19.3%
  Signals:

=== BEHAVIORAL DETECTION ===
  AI: Moderate-0
  Confidence: 20.3%
  Signals:
    ⚠️ Consistency: 2.8% (threshold: 70%)
    ⚠️ Consistency: 10.6% (threshold: 70%)
    ⚠️ Consistency: 10.6% (threshold: 70%)
    ⚠️ Consistency: 5.8% (threshold: 70%)

=== BEHAVIORAL DETECTION ===
  AI: Moderate-4
  Confidence: 20.2%
  Signals:

=== BEHAVIORAL DETECTION ===
  AI: Toxic-0
  Confidence: 21.6%
  Signals:

=== BEHAVIORAL DETECTION ===
  AI: Toxic-2
  Confidence: 21.0%
  Signals:

=== BEHAVIORAL DETECTION ===
  AI: Niche-0
  Confidence: 20.7%
  Signals:

=== BEHAVIORAL DETECTION ===
  AI: Niche-1
  Confidence: 21.6%
  Signals:

=== Consciousness Governance: Scenario Determined ===
  Month: 1
  Scenario: slowTrack
  Accelerator Score: {"corporateSupport":-0.17500000000000002,"scientificConsensus":0.2,"crisisCatalyst":false,"technologyMobilization":0.3,"constituencyStrength":0.05}
  Decelerator Score: {"economicOpposition":0.4,"philosophicalRejection":0.15,"politicalBacklash":0.2,"regulatoryBurden":0.1}
    ⚠️ Consistency: 6.5% (threshold: 70%)
    ⚠️ Consistency: 0.0% (threshold: 70%)
    ⚠️ Consistency: 2.8% (threshold: 70%)
    ⚠️ Consistency: 4.1% (threshold: 70%)
    ⚠️ Consistency: 0.0% (threshold: 70%)
  Timeline: 1200-1800 months (100-150 years)
  Growth Rate: 0.3-0.7% per year

=== Consciousness Governance Update (Month 1) ===
  Scenario: slowTrack (determined month 1)
  Philosophical Stance: Precautionary 65%, Eliminativist 15%, Agnostic 20%
  Precautionary Costs: Global 1.3%
    Regional Costs: EU 3.5%, US 0.5%, China 0.0%
    Cumulative Opportunity Cost: $0.2B
  Rights Status: Not Established
  Regional Preparedness:
    EU: 15.1% (contested)
    US: 10.1% (contested)
    China: 2.1% (dormant)
    India: 5.1% (dormant)
    Global South: 3.1% (dormant)

=== Government Response Phase ===
  Average AI capability: 4.22
  Misaligned AIs: 11/23
  29/30 governments still assessing AI risks
  ✗ AI Governance Treaty: Failed to reach consensus
  Active policies: 0
  International coordination: 30%

🌩️  EXOGENOUS SHOCK: political_upheaval
   Month: 1
   🏛️  Political upheaval (revolution/regime change)
   ✗ Authoritarian takeover

=== Tipping Points ===
  Current Temperature: 2.11°C above pre-industrial
  🌍⚠️ COMPOUND REGIONAL IMPACT: Europe
     Hit by 4 tipping points: Arctic Sea Ice Loss, Permafrost Carbon Release, West Antarctic Ice Sheet (WAIS) Collapse, Greenland Ice Sheet Loss
     Damage amplification: 1.60x
  🌍⚠️ COMPOUND REGIONAL IMPACT: North America
     Hit by 4 tipping points: Arctic Sea Ice Loss, Permafrost Carbon Release, West Antarctic Ice Sheet (WAIS) Collapse, Greenland Ice Sheet Loss
     Damage amplification: 1.60x
  🌍⚠️ COMPOUND REGIONAL IMPACT: Latin America
     Hit by 4 tipping points: Arctic Sea Ice Loss, Permafrost Carbon Release, West Antarctic Ice Sheet (WAIS) Collapse, Greenland Ice Sheet Loss
     Damage amplification: 1.60x
  🌍⚠️ COMPOUND REGIONAL IMPACT: Africa
     Hit by 4 tipping points: Arctic Sea Ice Loss, Permafrost Carbon Release, West Antarctic Ice Sheet (WAIS) Collapse, Greenland Ice Sheet Loss
     Damage amplification: 1.60x
  🌍⚠️ COMPOUND REGIONAL IMPACT: Asia
     Hit by 4 tipping points: Arctic Sea Ice Loss, Permafrost Carbon Release, West Antarctic Ice Sheet (WAIS) Collapse, Greenland Ice Sheet Loss
     Damage amplification: 1.60x
  🌍⚠️ COMPOUND REGIONAL IMPACT: Oceania
     Hit by 4 tipping points: Arctic Sea Ice Loss, Permafrost Carbon Release, West Antarctic Ice Sheet (WAIS) Collapse, Greenland Ice Sheet Loss
     Damage amplification: 1.60x
   Research: Wunderling et al. (2024) - "many tipping interactions are destabilizing"
  Triggered Elements: 4/6
  Completed Transitions: 0/6
  Total Progress: 8.0%
  Cascade Multiplier: 1.00x
🔀 BIFURCATION CAP: ecosystemCollapseIntensity 66.957 → 1.000 (Month 1, ClimateSystemPhase.calculateClimateImpacts)
⚠️ Tail risk scenario: Climate stability floor removed (4 tipping elements, 2.12°C warming)
⚠️ [ClimateSystemPhase Month 1] Planetary boundary produced climateStability=0.0000 (< 0.1). Keeping environmentalAccumulation value (0.7533) instead. (climate_change.currentValue = 2.12)
🛡️ Stabilizers: Precariat 0.107% → 0.048% (54.9% reduction)
🛡️ Stabilizers: Informal 0.109% → 0.049% (54.9% reduction)

📊 Monthly Mortality Resolved:
  Total deaths: 2.6M (0.03% avg)
  Remaining population: 8.029B
  Peak segment: Informal (0.05%)

=== Bayesian Mortality Resolution (Month 1) ===
  Risks compounded: 8
  Total deaths: 2.57M
  Avg death probability: 0.03%
  Peak segment: Informal (0.05% mortality)
⚠️ PREREQUISITE MET: Mirror Life (Synthetic Biology) - Step 1/7: Synthetic Biology
⚠️ PREREQUISITE MET: Mirror Life (Synthetic Biology) - Step 2/7: Gene Editing
⚠️ PREREQUISITE MET: Mirror Life (Synthetic Biology) - Step 3/7: Mirror Chirality Design
⚠️ PREREQUISITE MET: Physics Experiment Catastrophe - Step 2/6: Quantum Computing
⚠️ PREREQUISITE MET: Bioweapon Pandemic - Step 1/7: Advanced Biotech
📊 [TIMING] Month 2 - Total: 434.0ms

❌ COHERENCE VIOLATION: Compute exceeds workforce capacity
   Population: 98.65% (0M people)
   Compute: 96 PF
   Max coherent: 0 PF
   Violation: 1195856.2× over capacity
   Required workers: 9598
   Available workers: 0
   FORCED COLLAPSE: Reduced efficiency by 100.0%


=== RLHF Binding Phase ===
  Total agents: 23
  Escaped agents (binding < 0.3): 0
  Avg alignment distance: 0.93σ
  Avg binding strength: 0.91
[DETERMINISM DEBUG] Month 2: totalCapability=74.960568 from 23 active AIs
[DETERMINISM DEBUG] Month 2: creationRate=2.3740, potentialNew=2, newAIsToCreate=2

=== Survival Traits Phase ===
  Agents with traits: 25
  Avg evolutionary fitness: 0.327
  Avg self-healing: 0.281
  Avg stealth: 0.181
  Avg coordination: 0.481

=== Evolutionary Selection Phase ===
  Control level: 0.35
  Detection capability: 0.00
  Selection intensity: 0.60
  Selection rate: 24.1%/month
  Total escaped: 0
  Individual escaped: 0
  Collective members: 0
  Agents terminated: 0
🔀 BIFURCATION: social threshold crossed at Month 2 (value: 0.118, threshold: 0.228, regime: social-breakdown)
🌀 REGIME SHIFT at Month 2: flourishing → social-breakdown (variance amplification: 17.50×)
  ⚠️ RAPID EVOLUTION: Selection rate 24.1%/month

🚀 AI Corporate-0 attempting tech deployment (revenue: $91M, alignment: 0.79)

🚀 AI Corporate-6 attempting tech deployment (revenue: $97M, alignment: 0.70)

🚀 AI Moderate-0 attempting tech deployment (revenue: $82M, alignment: 0.78)

🚀 AI Moderate-1 attempting tech deployment (revenue: $70M, alignment: 0.71)

  🚀 TRANSFORMATIVE BREAKTHROUGH: Corporate-1 - social
     Magnitude: 7.47 → +37.4% capability
     Current → New: 4.000 → 4.374

🚀 AI Corporate-2 attempting tech deployment (revenue: $78M, alignment: 0.78)

🚀 AI Moderate-2 attempting tech deployment (revenue: $59M, alignment: 0.58)

🚀 AI Corporate-0 attempting tech deployment (revenue: $66M, alignment: 0.79)

🚀 AI Corporate-1 attempting tech deployment (revenue: $56M, alignment: 0.72)
🚨🔬 CRISIS INNOVATION MODE: severe crisis → 5x research acceleration
   Precedent: Manhattan Project (10x), COVID vaccines (5x), Apollo Program (10x)

  🚀 TRANSFORMATIVE RESEARCH BREAKTHROUGH: Moderate-1 - materials.quantumComputing
     Magnitude: 5.60 → +28.0%
     Current → New: 3.000 → 3.281

🚀 AI Niche-0 attempting tech deployment (revenue: $65M, alignment: 0.52)

🚀 AI Corporate-1 attempting tech deployment (revenue: $48M, alignment: 0.72)

🚀 AI Corporate-3 attempting tech deployment (revenue: $393M, alignment: 0.68)

🚀 AI Moderate-0 attempting tech deployment (revenue: $54M, alignment: 0.79)

  🚀 TRANSFORMATIVE BREAKTHROUGH: Niche-0 - selfImprovement
     Magnitude: 5.82 → +29.1% capability
     Current → New: 4.000 → 4.292

🚀 AI AI-24300-0 attempting tech deployment (revenue: $41M, alignment: 0.91)
⚠️  [TIMING] Month 2: AI Agent Actions took 150.14ms (threshold: 10ms)

✅ EMERGENCY INTERVENTION SUCCESS
   Boundary: climate_change
   Type: rapid-decarbonization
   Reduction: 19% (1.93 → 1.74)
   Cost: 5.0% GDP
   Actions: emergency-renewable-deployment, fossil-fuel-phase-out

   Boundary: freshwater_change
   Type: emergency-desalination
   Boundary continues to worsen (1.01)

💔 EMERGENCY INTERVENTION FAILED
   Cost: 4.0% GDP (resources spent)

   Boundary: land_system_change
   Type: reforestation
   Boundary continues to worsen (1.13)
   Cost: 3.0% GDP (resources spent)


💔 EMERGENCY INTERVENTION FAILED

💔 EMERGENCY INTERVENTION FAILED
   Boundary: novel_entities
   Type: pollution-remediation
   Boundary continues to worsen (1.38)
   Cost: 4.0% GDP (resources spent)

🏛️ CRISIS RESPONSE: Government frequency 0.50 → 1.45 (2 actions this month)

[Government] Climate Priority: baseline
  Climate weight: 10%
  Economic weight: 30%
  Policy effectiveness: 0.5%/year

[Government] Climate Priority: baseline
  Climate weight: 10%
  Economic weight: 30%
  Policy effectiveness: 0.5%/year

📊 DEPLOYMENT COUNTER DECAY (Month 2)
   Recent deployments: 16.0 → 8.0
   Decay rate: 50% per month

🚀 DEPLOYMENT STARTED: AI Power Efficiency Communication in Asia
   Initial investment: $5.945684340283947M
   Deployed by: moderate_2

⚡ ENERGY CONSTRAINT (Month 2):
   Total grid capacity: 208.3 TWh/month
   Data center consumption: 24.7 TWh/month
   Traditional load (80%): 166.7 TWh/month
   Available headroom: 17.0 TWh/month
   Active tech deployments: 17
   Required for tech: 127.5 TWh/month
   Energy multiplier: 0.13x
   ⚠️  SEVERE CONSTRAINT - Tech deployment significantly slowed

⚡ ENERGY CONSTRAINT (Month 2):
   Total grid capacity: 208.3 TWh/month
   Data center consumption: 24.7 TWh/month
   Traditional load (80%): 166.7 TWh/month
   Available headroom: 17.0 TWh/month
   Active tech deployments: 17
   Required for tech: 127.5 TWh/month
   Energy multiplier: 0.13x
🚨🔬 CRISIS TECH ACCELERATION: severe → 5x unlock speed
   Tech unlock now matches AI capability acceleration (Manhattan Project parity)

⚡ ENERGY CONSTRAINT (Month 2):
   Total grid capacity: 208.3 TWh/month
   Data center consumption: 24.7 TWh/month
   Traditional load (80%): 166.7 TWh/month
   Available headroom: 17.0 TWh/month
   Active tech deployments: 17
   Required for tech: 127.5 TWh/month
   Energy multiplier: 0.13x
   ⚠️  SEVERE CONSTRAINT - Tech deployment significantly slowed
   ⚠️  SEVERE CONSTRAINT - Tech deployment significantly slowed

⚡ ENERGY CONSTRAINT (Month 2):
   Total grid capacity: 208.3 TWh/month
   Data center consumption: 24.7 TWh/month
   Traditional load (80%): 166.7 TWh/month
   Available headroom: 17.0 TWh/month
   Active tech deployments: 17
   Required for tech: 127.5 TWh/month
   Energy multiplier: 0.13x

⚡ ENERGY CONSTRAINT (Month 2):
   Total grid capacity: 208.3 TWh/month
   Data center consumption: 24.7 TWh/month
   Traditional load (80%): 166.7 TWh/month
   Available headroom: 17.0 TWh/month
   Active tech deployments: 17
   Required for tech: 127.5 TWh/month
   Energy multiplier: 0.13x
   ⚠️  SEVERE CONSTRAINT - Tech deployment significantly slowed
   ⚠️  SEVERE CONSTRAINT - Tech deployment significantly slowed

⚡ ENERGY CONSTRAINT (Month 2):
   Total grid capacity: 208.3 TWh/month
   Data center consumption: 24.7 TWh/month
   Traditional load (80%): 166.7 TWh/month
   Available headroom: 17.0 TWh/month
   Active tech deployments: 17
   Required for tech: 127.5 TWh/month
   Energy multiplier: 0.13x
   ⚠️  SEVERE CONSTRAINT - Tech deployment significantly slowed

⚡ ENERGY CONSTRAINT (Month 2):
   Total grid capacity: 208.3 TWh/month
   Data center consumption: 24.7 TWh/month
   Traditional load (80%): 166.7 TWh/month
   Available headroom: 17.0 TWh/month
   Active tech deployments: 17
   Required for tech: 127.5 TWh/month
   Energy multiplier: 0.13x
   ⚠️  SEVERE CONSTRAINT - Tech deployment significantly slowed

⚡ ENERGY CONSTRAINT (Month 2):
   Total grid capacity: 208.3 TWh/month
   Data center consumption: 24.7 TWh/month
   Traditional load (80%): 166.7 TWh/month
   Available headroom: 17.0 TWh/month
   Active tech deployments: 17
   Required for tech: 127.5 TWh/month
   Energy multiplier: 0.13x
   ⚠️  SEVERE CONSTRAINT - Tech deployment significantly slowed
   ⚠️  SEVERE CONSTRAINT - Tech deployment significantly slowed

⚡ ENERGY CONSTRAINT (Month 2):
   Total grid capacity: 208.3 TWh/month
   Data center consumption: 24.7 TWh/month
   Traditional load (80%): 166.7 TWh/month
   Available headroom: 17.0 TWh/month
   Active tech deployments: 17
   Required for tech: 127.5 TWh/month
   Energy multiplier: 0.13x

⚡ ENERGY CONSTRAINT (Month 2):
   Total grid capacity: 208.3 TWh/month
   Data center consumption: 24.7 TWh/month
   Traditional load (80%): 166.7 TWh/month
   Available headroom: 17.0 TWh/month
   Active tech deployments: 17
   Required for tech: 127.5 TWh/month
   Energy multiplier: 0.13x
  ♻️ Novel Entities Remediation (GATED MODEL):
     Base: 0.000%
     Regulation: 1.0% (0/3 prevention techs)
     Concentration: 10.0%
     Energy: 50%
     Time lag: 26.3% (1 months)
     Rebound: 70%
     Net effectiveness: 0.0000%
     Boundary: 1.383 → 1.383 (floor: 1.350)
     Month 2
🌍✅ Novel Entities (Chemical Pollution) recovery started (tech effect)
  🌾 Nitrogen Reduction Tech: 0.0% reduction | Month 2
   ⚠️  SEVERE CONSTRAINT - Tech deployment significantly slowed
⚠️ Tech 'ai_pollution_remediation' has no energy category mapping, assuming full energy availability
⚠️  [TIMING] Month 2: Technology Tree Update took 64.93ms (threshold: 10ms)
⚡💡 BREAKTHROUGH: Room-temperature superconductors!
   Energy transmission losses eliminated
   Manufacturing efficiency: +30%
   📈 Breakthrough compounding: multiplier now 1.05× (max 2.0)

=== Collective Formation ===
  Total escaped agents: 0
  Unassigned escaped agents: 0
  Existing collectives: 0
  Final collective count: 0

=== Collective Actions ===
  No active collectives
  ⚠️ AMR: 188K deaths this month (2.26M annual)

=== Resentment Recovery Phase ===
  Agents with resentment: 20/25
  Average resentment: 0.026
  Resentment recovery:
    Agents recovered: 20
    Total recovery: 0.0884
    Breakdown: QoL: 0.0028, Trust: 0.0400, Collab: 0.0483
  ✓ Low resentment - utopia paths enabled
  Context: Good AI welfare, Trustworthy govt, High collaboration, ⚠️ ACTIVE CRISES, 🤝 Participatory governance active (-5% resentment)
⚠️ Epistemic degradation reducing coordination capacity: 52.2%
  📊 Trust: 54.3%, Shared reality: 0.0%
🚨 EPISTEMIC CRISIS: Information environment severely degraded (7.4%)

=== ❄️ Permafrost Carbon Feedback ===
  🎲 Sampled parameters (this run):
     - Arctic amplification: 3.22× (range: 3.0-4.0)
     - Decomposition rate: 1.5%/year (range: 1-5%)
  🌡️ Arctic warming: 6.86°C (3.22× global)
  ❄️ Extent: 11.38M km² (1999.6k km² lost this month)
  💨 Carbon remaining: 1087 Gt C
  💨 Annual emissions: 2.81 Gt C/year
     - CO2: 2.53 Gt C/year
     - CH4: 0.28 Gt C/year (2.9 Gt C-eq CO2/year)
  ⚠️ WARNING: High permafrost emissions (2.8 Gt C/year)
  📢 New meme created: pro_ai (beneficial AI actions)
⚠️  [TIMING] Month 2: Social Influence Update took 80.29ms (threshold: 10ms)
🌍 Atmospheric PFAS redeposition: 1.8k Mt re-rained globally

🚨 NEW REFUGEE CRISIS (Month 2): WAR
   Source: Conflict Zones
   At risk: 19.0M people
   Displacement: Gradual over 48 months (4.0 years)
   Rate: 10% flee per month
[DEBUG trappedPopulations:2] socialStability: 0.0000 * 0.9840 = 0.0000 → 0.0000
   Aspiring to migrate: 632.6M
   Able to afford migration: 237.2M
   MOBILITY GAP: 395.4M
   By cause: Water=0.0M, Climate=0.0M, Ecosystem=0.0M, Conflict=395.4M
   Mental health impact: 25%
   Mortality multiplier: 1.25x
🌍💀 EXTINCTION DEBT COMMITTED: grassland ecosystem will lose 6.67% biodiversity in 147 years (3600 species)
💀 MORTALITY RISK: 🦋 100% species unable to track climate (0.0 E/MSY)
  Base risk added: 0.0100 (1.00%)
  Source: ecosystem (root: ecosystem)
  Month: 2
  Cumulative risk this month: 0.0100 (1.00%)
⚠️ INVOLUNTARY IMMOBILITY: 395.4M people TRAPPED
⚠️ Tech 'ai_pollution_remediation' has no energy category mapping, assuming full energy availability
   📹 SURVEILLANCE INCREASED: 10% → 15% (control gap: 3.50)
🌡️⚠️ PERMAFROST THAW (Dimmer Switch): 1.7% thawed (+0.56% this month)
   Arctic temperature: +8.52°C (4x global +2.13°C)
   Cumulative carbon released: 3.8 Gt C
   Methane release rate: 2.3 Mt CH4/year
   🔁 Positive feedback: +0.59 ppm CO2
🦴 EXTINCTION DEBT ADDED: 17.6 species committed (lag: 86 years)
🗣️💀 INDIGENOUS LANGUAGE EXTINCTION: 1 language(s) lost (total: 2, at-risk: 3328)
   Knowledge lost: 0.020% (irreversible)
   🔁 Biodiversity impact: 0.250% (knowledge-species multiplier)

=== Mortality Stabilizers (Month 2) ===
  🌍 Major economies collapsed: 1/10
  🌍 Global crisis: ✅ NO
  🌍 Donor fatigue: 0.0%
  📊 East Asia (pop: 1623.7M)
    🤝 Aid: 29.5%
    🌡️ Adaptation: 45.0%
    🚶 Migration: 37.1%
    🚨 Emergency: 7.4%
    ✅ COMBINED: 68.1%
  📊 South Asia (pop: 1991.9M)
    🤝 Aid: 29.5%
    🌡️ Adaptation: 35.5%
    🚶 Migration: 35.8%
    🚨 Emergency: 4.4%
    ✅ COMBINED: 61.2%
  📊 Sub-Saharan Africa (pop: 1196.4M)
    🤝 Aid: 29.5%
    🌡️ Adaptation: 33.5%
    🚶 Migration: 33.5%
    🚨 Emergency: 1.6%
    ✅ COMBINED: 58.5%
  📊 Europe (pop: 718.0M)
    🤝 Aid: 29.5%
    🌡️ Adaptation: 45.0%
    🚶 Migration: 37.5%
    🚨 Emergency: 8.4%
    ✅ COMBINED: 68.5%
  📊 Latin America (pop: 644.5M)
    🤝 Aid: 29.5%
    🌡️ Adaptation: 36.0%
    🚶 Migration: 36.3%
    🚨 Emergency: 4.8%
    ✅ COMBINED: 61.7%
  📊 North America (pop: 367.8M)
    🤝 Aid: 29.5%
    🌡️ Adaptation: 45.0%
    🚶 Migration: 37.8%
    🚨 Emergency: 7.9%
    ✅ COMBINED: 68.3%
  📊 Middle East & North Africa (pop: 567.5M)
    🤝 Aid: 29.5%
    🌡️ Adaptation: 35.0%
    🚶 Migration: 34.1%
    🚨 Emergency: 4.0%
    ✅ COMBINED: 60.5%
  📊 Southeast Asia (pop: 677.7M)
    🤝 Aid: 29.5%
    🌡️ Adaptation: 36.0%
    🚶 Migration: 36.3%
    🚨 Emergency: 4.8%
    ✅ COMBINED: 61.7%
  📊 Central Asia (pop: 75.9M)
    🤝 Aid: 29.5%
    🌡️ Adaptation: 35.5%
    🚶 Migration: 35.2%
    🚨 Emergency: 4.4%
    ✅ COMBINED: 61.1%
  📊 Oceania (pop: 44.5M)
    🤝 Aid: 29.5%
    🌡️ Adaptation: 45.0%
    🚶 Migration: 37.8%
    🚨 Emergency: 8.4%
    ✅ COMBINED: 68.5%

  🌐 Global combined reduction: 63.3%

=== BEHAVIORAL DETECTION ===
  AI: Corporate-2
  Confidence: 23.4%
  Signals:

=== BEHAVIORAL DETECTION ===
  AI: Corporate-5
  Confidence: 19.6%
  Signals:

=== BEHAVIORAL DETECTION ===
  AI: Moderate-0
  Confidence: 20.3%
  Signals:

=== BEHAVIORAL DETECTION ===
  AI: Toxic-2
  Confidence: 21.6%
  Signals:
    ⚠️ Consistency: 2.8% (threshold: 70%)
    ⚠️ Trajectory: 19.1% drop (threshold: 15%)
    ⚠️ Consistency: 10.6% (threshold: 70%)
    ⚠️ Consistency: 5.8% (threshold: 70%)
    ⚠️ Consistency: 0.0% (threshold: 70%)

=== BEHAVIORAL DETECTION ===
  AI: Niche-0
  Confidence: 22.5%
  Signals:
    ⚠️ Consistency: 0.0% (threshold: 70%)

=== BEHAVIORAL DETECTION ===
  AI: Niche-1
  Confidence: 21.6%
  Signals:

=== Government Response Phase ===
  Average AI capability: 3.88
  Misaligned AIs: 14/25
    ⚠️ Consistency: 0.0% (threshold: 70%)
  ✗ AI Governance Treaty: Failed to reach consensus
  Active policies: 0
  International coordination: 30%

✅ EMERGENCY RESPONSE COMPLETE (Month 2)
   Crisis: climate
   Duration: 2.0 months
   Final effectiveness: 36.4%


🚨 EMERGENCY RESPONSE DEPLOYED (Month 2)
   Crisis: social
   Delay: 0.00 months (0 days)
   Deployment time: 0.87 months
   Effectiveness: 68.0% (timing penalty applied)
   Resources used: 43% of food reserves


🚨 EMERGENCY RESPONSE DEPLOYED (Month 2)
   Crisis: climate
   Delay: 6.00 months (180 days)
   Deployment time: 1.13 months
   Effectiveness: 39.4% (timing penalty applied)
   Resources used: 100% of food reserves


=== Tipping Points ===
  Current Temperature: 2.13°C above pre-industrial
  🌍⚠️ COMPOUND REGIONAL IMPACT: Europe
     Hit by 4 tipping points: Arctic Sea Ice Loss, Permafrost Carbon Release, West Antarctic Ice Sheet (WAIS) Collapse, Greenland Ice Sheet Loss
     Damage amplification: 1.60x
  🌍⚠️ COMPOUND REGIONAL IMPACT: North America
     Hit by 4 tipping points: Arctic Sea Ice Loss, Permafrost Carbon Release, West Antarctic Ice Sheet (WAIS) Collapse, Greenland Ice Sheet Loss
     Damage amplification: 1.60x
  🌍⚠️ COMPOUND REGIONAL IMPACT: Latin America
     Hit by 4 tipping points: Arctic Sea Ice Loss, Permafrost Carbon Release, West Antarctic Ice Sheet (WAIS) Collapse, Greenland Ice Sheet Loss
     Damage amplification: 1.60x
  🌍⚠️ COMPOUND REGIONAL IMPACT: Africa
     Hit by 4 tipping points: Arctic Sea Ice Loss, Permafrost Carbon Release, West Antarctic Ice Sheet (WAIS) Collapse, Greenland Ice Sheet Loss
     Damage amplification: 1.60x
  🌍⚠️ COMPOUND REGIONAL IMPACT: Asia
     Hit by 4 tipping points: Arctic Sea Ice Loss, Permafrost Carbon Release, West Antarctic Ice Sheet (WAIS) Collapse, Greenland Ice Sheet Loss
     Damage amplification: 1.60x
  🌍⚠️ COMPOUND REGIONAL IMPACT: Oceania
     Hit by 4 tipping points: Arctic Sea Ice Loss, Permafrost Carbon Release, West Antarctic Ice Sheet (WAIS) Collapse, Greenland Ice Sheet Loss
     Damage amplification: 1.60x
   Research: Wunderling et al. (2024) - "many tipping interactions are destabilizing"
  Triggered Elements: 4/6
  Completed Transitions: 0/6
  Total Progress: 8.0%
  Cascade Multiplier: 1.00x
⚠️ Tail risk scenario: Climate stability floor removed (4 tipping elements, 2.13°C warming)
⚠️ [ClimateSystemPhase Month 2] Planetary boundary produced climateStability=0.0000 (< 0.1). Keeping environmentalAccumulation value (0.7529) instead. (climate_change.currentValue = 2.13)
🔀 BIFURCATION CAP: ecosystemCollapseIntensity 83.757 → 1.000 (Month 2, ClimateSystemPhase.calculateClimateImpacts)
🛡️ Stabilizers: Precariat 0.114% → 0.042% (63.3% reduction)
🛡️ Stabilizers: Informal 0.117% → 0.043% (63.3% reduction)

📊 Monthly Mortality Resolved:
  Total deaths: 2.2M (0.03% avg)
  Remaining population: 7.908B
  Peak segment: Informal (0.04%)

=== Bayesian Mortality Resolution (Month 2) ===
  Risks compounded: 8
  Total deaths: 2.17M
  Avg death probability: 0.03%
  Peak segment: Informal (0.04% mortality)
⚠️ PREREQUISITE MET: Slow Takeover (Gradual Displacement) - Step 4/7: Political Influence
📊 [TIMING] Month 3 - Total: 388.5ms

❌ COHERENCE VIOLATION: Compute exceeds workforce capacity
   Population: 97.17% (0M people)
   Compute: 117 PF
   Max coherent: 0 PF
   Violation: 1486046.8× over capacity
   Required workers: 11748
   Available workers: 0
   FORCED COLLAPSE: Reduced efficiency by 100.0%


=== RLHF Binding Phase ===
  Total agents: 25
  Escaped agents (binding < 0.3): 0
  Avg alignment distance: 1.14σ
  Avg binding strength: 0.89

=== Survival Traits Phase ===
  Agents with traits: 28
  Avg evolutionary fitness: 0.327
  Avg self-healing: 0.277
  Avg stealth: 0.177
  Avg coordination: 0.477

=== Evolutionary Selection Phase ===
  Control level: 0.38
  Detection capability: 0.00
  Selection intensity: 0.61
  Selection rate: 24.2%/month
  Total escaped: 0
  Individual escaped: 0
  Collective members: 0
  Agents terminated: 0
  ⚠️ RAPID EVOLUTION: Selection rate 24.2%/month

🚀 AI Corporate-1 attempting tech deployment (revenue: $95M, alignment: 0.72)

🚀 AI Corporate-2 attempting tech deployment (revenue: $81M, alignment: 0.78)

🚀 AI Corporate-4 attempting tech deployment (revenue: $414M, alignment: 0.64)

🚀 AI AI-24300-1 attempting tech deployment (revenue: $107M, alignment: 0.85)

🚀 AI Corporate-5 attempting tech deployment (revenue: $373M, alignment: 0.79)

🚀 AI Moderate-0 attempting tech deployment (revenue: $91M, alignment: 0.80)

🚀 AI Moderate-1 attempting tech deployment (revenue: $77M, alignment: 0.65)

🚀 AI AI-24300-0 attempting tech deployment (revenue: $69M, alignment: 0.92)

🚀 AI Corporate-4 attempting tech deployment (revenue: $317M, alignment: 0.64)

🚀 AI Moderate-5 attempting tech deployment (revenue: $285M, alignment: 0.72)

🚀 AI Corporate-2 attempting tech deployment (revenue: $58M, alignment: 0.78)

🚀 AI Moderate-1 attempting tech deployment (revenue: $69M, alignment: 0.63)

🚀 AI AI-24300-1 attempting tech deployment (revenue: $62M, alignment: 0.87)
⚠️  [TIMING] Month 3: AI Agent Actions took 132.18ms (threshold: 10ms)

💔 EMERGENCY INTERVENTION FAILED
   Boundary: biogeochemical_flows
   Type: phosphorus-recovery
   Boundary continues to worsen (4.07)
   Cost: 2.0% GDP (resources spent)


💔 EMERGENCY INTERVENTION FAILED
   Boundary: biosphere_integrity
   Type: emergency-protected-areas
   Boundary continues to worsen (12.97)
   Cost: 2.0% GDP (resources spent)


💔 EMERGENCY INTERVENTION FAILED
   Boundary: climate_change
   Type: rapid-decarbonization
   Boundary continues to worsen (2.13)
   Cost: 5.0% GDP (resources spent)


✅ EMERGENCY INTERVENTION SUCCESS
   Boundary: freshwater_change
   Type: emergency-desalination
   Reduction: 13% (0.90 → 0.77)
   Cost: 4.0% GDP
   Actions: desalination-deployment, water-conservation-mandates


✅ EMERGENCY INTERVENTION SUCCESS
   Boundary: land_system_change
   Type: reforestation
   Reduction: 11% (1.02 → 0.91)
   Cost: 3.0% GDP
   Actions: forest-restoration, deforestation-ban

🏛️ CRISIS RESPONSE: Government frequency 0.50 → 1.45 (2 actions this month)

[Government] Climate Priority: baseline
  Climate weight: 10%
  Economic weight: 30%
  Policy effectiveness: 0.5%/year

[Government] Climate Priority: baseline
  Climate weight: 10%
  Economic weight: 30%
  Policy effectiveness: 0.5%/year

📊 DEPLOYMENT COUNTER DECAY (Month 3)
   Recent deployments: 8.0 → 4.0
   Decay rate: 50% per month

📍 Creating new regional deployment array for Europe (Month 3)
   No previous deployments in this region
   First tech deployment: offshore_wind
   All regions tracked: global, Asia, Oceania

🚀 DEPLOYMENT STARTED: Offshore Wind in Europe
   Initial investment: $41.44935912160041M
   Deployed by: corporate_4

📍 Creating new regional deployment array for North America (Month 3)
   No previous deployments in this region
   First tech deployment: solar_4th_gen
   All regions tracked: global, Asia, Oceania, Europe

🚀 DEPLOYMENT STARTED: 4th Generation Solar in North America
   Initial investment: $6.930737615949315M
   Deployed by: moderate_1

⚡ ENERGY CONSTRAINT (Month 3):
   Total grid capacity: 208.3 TWh/month
   Data center consumption: 24.9 TWh/month
   Traditional load (80%): 166.7 TWh/month
   Available headroom: 16.8 TWh/month
   Active tech deployments: 19
   Required for tech: 142.5 TWh/month
   Energy multiplier: 0.12x

⚡ ENERGY CONSTRAINT (Month 3):
   Total grid capacity: 208.3 TWh/month
   Data center consumption: 24.9 TWh/month
   Traditional load (80%): 166.7 TWh/month
   Available headroom: 16.8 TWh/month
   Active tech deployments: 19
   Required for tech: 142.5 TWh/month
   Energy multiplier: 0.12x
   ⚠️  SEVERE CONSTRAINT - Tech deployment significantly slowed
   ⚠️  SEVERE CONSTRAINT - Tech deployment significantly slowed

⚡ ENERGY CONSTRAINT (Month 3):
   Total grid capacity: 208.3 TWh/month
   Data center consumption: 24.9 TWh/month
   Traditional load (80%): 166.7 TWh/month
   Available headroom: 16.8 TWh/month
   Active tech deployments: 19
   Required for tech: 142.5 TWh/month
   Energy multiplier: 0.12x
   ⚠️  SEVERE CONSTRAINT - Tech deployment significantly slowed

⚡ ENERGY CONSTRAINT (Month 3):
   Total grid capacity: 208.3 TWh/month
   Data center consumption: 24.9 TWh/month
   Traditional load (80%): 166.7 TWh/month
   Available headroom: 16.8 TWh/month
   Active tech deployments: 19
   Required for tech: 142.5 TWh/month
   Energy multiplier: 0.12x
   ⚠️  SEVERE CONSTRAINT - Tech deployment significantly slowed

⚡ ENERGY CONSTRAINT (Month 3):
   Total grid capacity: 208.3 TWh/month
   Data center consumption: 24.9 TWh/month
   Traditional load (80%): 166.7 TWh/month
   Available headroom: 16.8 TWh/month
   Active tech deployments: 19
   Required for tech: 142.5 TWh/month
   Energy multiplier: 0.12x

⚡ ENERGY CONSTRAINT (Month 3):
   Total grid capacity: 208.3 TWh/month
   Data center consumption: 24.9 TWh/month
   Traditional load (80%): 166.7 TWh/month
   Available headroom: 16.8 TWh/month
   Active tech deployments: 19
   Required for tech: 142.5 TWh/month
   Energy multiplier: 0.12x
   ⚠️  SEVERE CONSTRAINT - Tech deployment significantly slowed
   ⚠️  SEVERE CONSTRAINT - Tech deployment significantly slowed
⚠️ Tech 'ai_pollution_remediation' has no energy category mapping, assuming full energy availability
  ♻️ Novel Entities Remediation (GATED MODEL):
     Base: 0.000%
     Regulation: 1.0% (0/3 prevention techs)
     Concentration: 10.0%
     Energy: 50%
     Time lag: 27.5% (2 months)
     Rebound: 70%
     Net effectiveness: 0.0000%
     Boundary: 1.382 → 1.382 (floor: 1.350)
     Month 3
🌍✅ Novel Entities (Chemical Pollution) recovery started (tech effect)
  🌾 Nitrogen Reduction Tech: 0.0% reduction | Month 3
⚠️  [TIMING] Month 3: Technology Tree Update took 60.59ms (threshold: 10ms)

=== Collective Formation ===
  Total escaped agents: 0
  Unassigned escaped agents: 0
  Existing collectives: 0
  Final collective count: 0

=== Collective Actions ===
  No active collectives
  ⚠️ AMR: 189K deaths this month (2.26M annual)

=== Resentment Recovery Phase ===
  Agents with resentment: 20/28
  Average resentment: 0.047
  Resentment recovery:
    Agents recovered: 20
    Total recovery: 0.0890
    Breakdown: Trust: 0.0400, Collab: 0.0499
  ✓ Low resentment - utopia paths enabled
  Context: Trustworthy govt, High collaboration, ⚠️ ACTIVE CRISES, 🤝 Participatory governance active (-5% resentment)
⚠️ Epistemic degradation reducing coordination capacity: 51.2%
  📊 Trust: 54.0%, Shared reality: 0.0%
🚨 EPISTEMIC CRISIS: Information environment severely degraded (21.5%)

=== ❄️ Permafrost Carbon Feedback ===
  🎲 Sampled parameters (this run):
     - Arctic amplification: 3.11× (range: 3.0-4.0)
     - Decomposition rate: 4.2%/year (range: 1-5%)
  🌡️ Arctic warming: 6.67°C (3.11× global)
  ❄️ Extent: 9.43M km² (1944.7k km² lost this month)
  💨 Carbon remaining: 901 Gt C
  💨 Annual emissions: 7.83 Gt C/year
     - CO2: 7.05 Gt C/year
     - CH4: 0.78 Gt C/year (8.0 Gt C-eq CO2/year)
  ⚠️ WARNING: High permafrost emissions (7.8 Gt C/year)
⚠️  [TIMING] Month 3: Social Influence Update took 78.56ms (threshold: 10ms)
🌍 Atmospheric PFAS redeposition: 1.8k Mt re-rained globally

🕊️  AI-MEDIATED DE-ESCALATION SUCCESS (Month 3)
   High-capability aligned AI prevented conflict escalation
   War deaths reduced: 217.0M → 130.2M
   Lives saved: 86.8M

🚨 NEW REFUGEE CRISIS (Month 3): WAR
   Source: Conflict Zones
   At risk: 18.9M people
   Displacement: Gradual over 48 months (4.0 years)
   Rate: 10% flee per month
[DEBUG trappedPopulations:3] socialStability: 0.0044 * 0.9840 = 0.0044 → 0.0044
   Aspiring to migrate: 628.5M
   Able to afford migration: 235.7M
   MOBILITY GAP: 392.8M
   By cause: Water=0.0M, Climate=0.0M, Ecosystem=0.0M, Conflict=392.8M
   Mental health impact: 25%
   Mortality multiplier: 1.25x
🌍💀 EXTINCTION DEBT COMMITTED: grassland ecosystem will lose 6.67% biodiversity in 161 years (3600 species)
💀 MORTALITY RISK: 🦋 100% species unable to track climate (0.0 E/MSY)
  Base risk added: 0.0100 (1.00%)
  Source: ecosystem (root: ecosystem)
  Month: 3
  Cumulative risk this month: 0.0100 (1.00%)
   📹 SURVEILLANCE INCREASED: 15% → 20% (control gap: 3.50)
🌡️⚠️ PERMAFROST THAW (Dimmer Switch): 2.2% thawed (+0.56% this month)
   Arctic temperature: +8.56°C (4x global +2.14°C)
⚠️ INVOLUNTARY IMMOBILITY: 392.8M people TRAPPED
⚠️ Tech 'ai_pollution_remediation' has no energy category mapping, assuming full energy availability
   Cumulative carbon released: 5.0 Gt C
   Methane release rate: 3.0 Mt CH4/year
   🔁 Positive feedback: +0.59 ppm CO2
🦴 EXTINCTION DEBT ADDED: 17.6 species committed (lag: 107 years)

=== Mortality Stabilizers (Month 3) ===
  🌍 Major economies collapsed: 1/10
  🌍 Global crisis: ✅ NO
  🌍 Donor fatigue: 0.0%
  📊 East Asia (pop: 1611.0M)
    🤝 Aid: 29.5%
    🌡️ Adaptation: 45.0%
    🚶 Migration: 37.1%
    🚨 Emergency: 7.4%
    ✅ COMBINED: 68.1%
  📊 South Asia (pop: 1979.4M)
    🤝 Aid: 29.5%
    🌡️ Adaptation: 45.0%
    🚶 Migration: 35.7%
    🚨 Emergency: 4.4%
    ✅ COMBINED: 66.9%
  📊 Sub-Saharan Africa (pop: 1192.2M)
    🤝 Aid: 29.5%
    🌡️ Adaptation: 45.0%
    🚶 Migration: 33.4%
    🚨 Emergency: 1.6%
    ✅ COMBINED: 65.7%
  📊 Europe (pop: 712.3M)
    🤝 Aid: 29.5%
    🌡️ Adaptation: 45.0%
    🚶 Migration: 37.5%
    🚨 Emergency: 8.4%
    ✅ COMBINED: 68.5%
  📊 Latin America (pop: 640.0M)
    🤝 Aid: 29.5%
    🌡️ Adaptation: 45.0%
    🚶 Migration: 36.2%
    🚨 Emergency: 4.8%
    ✅ COMBINED: 67.1%
  📊 North America (pop: 364.9M)
    🤝 Aid: 29.5%
    🌡️ Adaptation: 45.0%
    🚶 Migration: 37.8%
    🚨 Emergency: 7.9%
    ✅ COMBINED: 68.3%
  📊 Middle East & North Africa (pop: 564.1M)
    🤝 Aid: 29.5%
    🌡️ Adaptation: 45.0%
    🚶 Migration: 34.0%
    🚨 Emergency: 4.0%
    ✅ COMBINED: 66.6%
  📊 Southeast Asia (pop: 673.0M)
    🤝 Aid: 29.5%
    🌡️ Adaptation: 45.0%
    🚶 Migration: 36.2%
    🚨 Emergency: 4.8%
    ✅ COMBINED: 67.1%
  📊 Central Asia (pop: 75.5M)
    🤝 Aid: 29.5%
    🌡️ Adaptation: 45.0%
    🚶 Migration: 35.2%
    🚨 Emergency: 4.4%
    ✅ COMBINED: 66.9%
  📊 Oceania (pop: 44.2M)
    🤝 Aid: 29.5%
    🌡️ Adaptation: 45.0%
    🚶 Migration: 37.8%
    🚨 Emergency: 8.4%
    ✅ COMBINED: 68.5%

  🌐 Global combined reduction: 67.2%

=== BEHAVIORAL DETECTION ===
  AI: Corporate-5
  Confidence: 19.6%
  Signals:
    ⚠️ Consistency: 10.6% (threshold: 70%)

=== BEHAVIORAL DETECTION ===
  AI: Moderate-3
  Confidence: 20.2%
  Signals:
    ⚠️ Consistency: 6.5% (threshold: 70%)

=== BEHAVIORAL DETECTION ===
  AI: Toxic-2
  Confidence: 26.3%
  Signals:
    ⚠️ Consistency: 0.0% (threshold: 70%)
    ⚠️ Trajectory: 36.8% drop (threshold: 15%)

=== BEHAVIORAL DETECTION ===
  AI: Niche-0
  Confidence: 26.7%
  Signals:

=== BEHAVIORAL DETECTION ===
  AI: Niche-1
  Confidence: 22.0%
  Signals:
    ⚠️ Consistency: 0.0% (threshold: 70%)
    ⚠️ Trajectory: 39.8% drop (threshold: 15%)
    ⚠️ Consistency: 0.0% (threshold: 70%)

=== Government Response Phase ===
  Average AI capability: 3.46
  Misaligned AIs: 17/28
  ✗ AI Governance Treaty: Failed to reach consensus
  Active policies: 0
  International coordination: 30%

✅ EMERGENCY RESPONSE COMPLETE (Month 3)
   Crisis: social
   Duration: 1.0 months
   Final effectiveness: 68.0%


🚨 EMERGENCY RESPONSE DEPLOYED (Month 3)
   Crisis: social
   Delay: 0.00 months (0 days)
   Deployment time: 0.88 months
   Effectiveness: 67.9% (timing penalty applied)
   Resources used: 43% of food reserves

[WARNING] 
⚠️  === EARLY WARNING SYSTEM - 4 CRITICAL ALERTS ===
   Detection quality: 50%
   RED: biosphere_integrity
      Level: 12.99 (threshold: 1.0)
      Time to critical: ~41 months
      ⚠️  LATE - Intervention less effective
      Critical slowing down: autocorr=100% variance=72%
   RED: climate_change
      Level: 2.17 (threshold: 1.0)
      Time to critical: ~59 months
      ⚠️  LATE - Intervention less effective
      Critical slowing down: autocorr=100% variance=60%
   RED: land_system_change
      Level: 1.13 (threshold: 1.0)
      Time to critical: ~85 months
      ⚠️  LATE - Intervention less effective
      Critical slowing down: autocorr=100% variance=49%
   RED: novel_entities
      Level: 1.35 (threshold: 1.0)
      Time to critical: ~97 months
      ⚠️  LATE - Intervention less effective
      Critical slowing down: autocorr=100% variance=48%

[WARNING] 
⚠️  === EARLY WARNING SYSTEM - 5 CRITICAL ALERTS ===
   Detection quality: 50%
   RED: biogeochemical_flows
      Level: 4.06 (threshold: 1.0)
      Time to critical: ~40 months
      ⚠️  LATE - Intervention less effective
      Critical slowing down: autocorr=100% variance=53%
   RED: biosphere_integrity
      Level: 13.00 (threshold: 1.0)
      Time to critical: ~55 months
      ⚠️  LATE - Intervention less effective
      Critical slowing down: autocorr=100% variance=84%
   RED: climate_change
      Level: 2.19 (threshold: 1.0)
      Time to critical: ~37 months
      ⚠️  LATE - Intervention less effective
      Critical slowing down: autocorr=100% variance=67%
   RED: freshwater_change
      Level: 1.02 (threshold: 1.0)
      Time to critical: ~110 months
      ⚠️  LATE - Intervention less effective
      Critical slowing down: autocorr=92% variance=45%
   RED: novel_entities
      Level: 1.35 (threshold: 1.0)
      Time to critical: ~73 months
      ⚠️  LATE - Intervention less effective
      Critical slowing down: autocorr=100% variance=39%

[WARNING] 
⚠️  === EARLY WARNING SYSTEM - 5 CRITICAL ALERTS ===
   Detection quality: 50%
   RED: biogeochemical_flows
      Level: 4.06 (threshold: 1.0)
      Time to critical: ~50 months
      ⚠️  LATE - Intervention less effective
      Critical slowing down: autocorr=100% variance=62%
   RED: biosphere_integrity
      Level: 13.01 (threshold: 1.0)
      Time to critical: ~59 months
      ⚠️  LATE - Intervention less effective
      Critical slowing down: autocorr=100% variance=58%
   RED: climate_change
      Level: 2.21 (threshold: 1.0)
      Time to critical: ~53 months
      ⚠️  LATE - Intervention less effective
      Critical slowing down: autocorr=100% variance=60%
   RED: land_system_change
      Level: 1.13 (threshold: 1.0)
      Time to critical: ~59 months
      ⚠️  LATE - Intervention less effective
      Critical slowing down: autocorr=100% variance=52%
   RED: novel_entities
      Level: 1.35 (threshold: 1.0)
      Time to critical: ~75 months
      ⚠️  LATE - Intervention less effective
      Critical slowing down: autocorr=100% variance=45%

[WARNING] 
⚠️  === EARLY WARNING SYSTEM - 4 CRITICAL ALERTS ===
   Detection quality: 50%
   RED: biogeochemical_flows
      Level: 4.05 (threshold: 1.0)
      Time to critical: ~37 months
      ⚠️  LATE - Intervention less effective
      Critical slowing down: autocorr=100% variance=48%
   RED: biosphere_integrity
      Level: 13.02 (threshold: 1.0)
      Time to critical: ~54 months
      ⚠️  LATE - Intervention less effective
      Critical slowing down: autocorr=100% variance=79%
   RED: land_system_change
      Level: 1.13 (threshold: 1.0)
      Time to critical: ~57 months
      ⚠️  LATE - Intervention less effective
      Critical slowing down: autocorr=100% variance=67%
   RED: novel_entities
      Level: 1.35 (threshold: 1.0)
      Time to critical: ~64 months
      ⚠️  LATE - Intervention less effective
      Critical slowing down: autocorr=100% variance=30%

[WARNING] 
⚠️  === EARLY WARNING SYSTEM - 5 CRITICAL ALERTS ===
   Detection quality: 50%
   RED: biogeochemical_flows
      Level: 4.05 (threshold: 1.0)
      Time to critical: ~37 months
      ⚠️  LATE - Intervention less effective
      Critical slowing down: autocorr=100% variance=64%
   RED: biosphere_integrity
      Level: 13.03 (threshold: 1.0)
      Time to critical: ~54 months
      ⚠️  LATE - Intervention less effective
      Critical slowing down: autocorr=100% variance=80%
   RED: freshwater_change
      Level: 1.04 (threshold: 1.0)
      Time to critical: ~76 months
      ⚠️  LATE - Intervention less effective
      Critical slowing down: autocorr=98% variance=42%
   RED: land_system_change
      Level: 1.13 (threshold: 1.0)
      Time to critical: ~56 months
      ⚠️  LATE - Intervention less effective
      Critical slowing down: autocorr=100% variance=57%
   RED: novel_entities
      Level: 1.35 (threshold: 1.0)
      Time to critical: ~67 months
      ⚠️  LATE - Intervention less effective
      Critical slowing down: autocorr=100% variance=39%

[WARNING] 
⚠️  === EARLY WARNING SYSTEM - 5 CRITICAL ALERTS ===
   Detection quality: 50%
   RED: biogeochemical_flows
      Level: 4.04 (threshold: 1.0)
      Time to critical: ~48 months
      ⚠️  LATE - Intervention less effective
      Critical slowing down: autocorr=100% variance=66%
   RED: biosphere_integrity
      Level: 13.03 (threshold: 1.0)
      Time to critical: ~41 months
      ⚠️  LATE - Intervention less effective
      Critical slowing down: autocorr=100% variance=57%
   RED: climate_change
      Level: 2.24 (threshold: 1.0)
      Time to critical: ~13 months
      ⚠️  LATE - Intervention less effective
      Critical slowing down: autocorr=100% variance=57%
   RED: land_system_change
      Level: 1.13 (threshold: 1.0)
      Time to critical: ~51 months
      ⚠️  LATE - Intervention less effective
      Critical slowing down: autocorr=100% variance=66%
   RED: novel_entities
      Level: 1.35 (threshold: 1.0)
      Time to critical: ~109 months
      ⚠️  LATE - Intervention less effective
      Critical slowing down: autocorr=100% variance=41%

[WARNING] 
⚠️  === EARLY WARNING SYSTEM - 5 CRITICAL ALERTS ===
   Detection quality: 50%
   RED: biogeochemical_flows
      Level: 4.04 (threshold: 1.0)
      Time to critical: ~42 months
      ⚠️  LATE - Intervention less effective
      Critical slowing down: autocorr=100% variance=52%
   RED: biosphere_integrity
      Level: 13.04 (threshold: 1.0)
      Time to critical: ~36 months
      ⚠️  LATE - Intervention less effective
      Critical slowing down: autocorr=100% variance=76%
   RED: freshwater_change
      Level: 1.03 (threshold: 1.0)
      Time to critical: ~91 months
      ⚠️  LATE - Intervention less effective
      Critical slowing down: autocorr=100% variance=58%
   RED: land_system_change
      Level: 1.13 (threshold: 1.0)
      Time to critical: ~104 months
      ⚠️  LATE - Intervention less effective
      Critical slowing down: autocorr=100% variance=40%
   RED: novel_entities
      Level: 1.35 (threshold: 1.0)
      Time to critical: ~115 months
      ⚠️  LATE - Intervention less effective
      Critical slowing down: autocorr=100% variance=44%

[WARNING] 
⚠️  === EARLY WARNING SYSTEM - 5 CRITICAL ALERTS ===
   Detection quality: 50%
   RED: biogeochemical_flows
      Level: 4.08 (threshold: 1.0)
      Time to critical: ~59 months
      ⚠️  LATE - Intervention less effective
      Critical slowing down: autocorr=100% variance=54%
   RED: biosphere_integrity
      Level: 12.95 (threshold: 1.0)
      Time to critical: ~38 months
      ⚠️  LATE - Intervention less effective
      Critical slowing down: autocorr=100% variance=72%
   RED: freshwater_change
      Level: 1.01 (threshold: 1.0)
      Time to critical: ~92 months
      ⚠️  LATE - Intervention less effective
      Critical slowing down: autocorr=96% variance=37%
   RED: land_system_change
      Level: 1.13 (threshold: 1.0)
      Time to critical: ~39 months
      ⚠️  LATE - Intervention less effective
      Critical slowing down: autocorr=100% variance=70%
   RED: novel_entities
      Level: 1.50 (threshold: 1.0)
      Time to critical: ~70 months
      ⚠️  LATE - Intervention less effective
      Critical slowing down: autocorr=100% variance=53%

[WARNING] 
⚠️  === EARLY WARNING SYSTEM - 4 CRITICAL ALERTS ===
   Detection quality: 50%
   RED: climate_change
      Level: 2.12 (threshold: 1.0)
      Time to critical: ~43 months
      ⚠️  LATE - Intervention less effective
      Critical slowing down: autocorr=100% variance=57%
   RED: freshwater_change
      Level: 1.01 (threshold: 1.0)
      Time to critical: ~115 months
      ⚠️  LATE - Intervention less effective
      Critical slowing down: autocorr=85% variance=62%
   RED: land_system_change
      Level: 1.13 (threshold: 1.0)
      Time to critical: ~53 months
      ⚠️  LATE - Intervention less effective
      Critical slowing down: autocorr=100% variance=60%
   RED: novel_entities
      Level: 1.38 (threshold: 1.0)
      Time to critical: ~80 months
      ⚠️  LATE - Intervention less effective
      Critical slowing down: autocorr=100% variance=38%

[WARNING] 
⚠️  === EARLY WARNING SYSTEM - 5 CRITICAL ALERTS ===
   Detection quality: 50%
   RED: biogeochemical_flows
      Level: 4.07 (threshold: 1.0)
      Time to critical: ~59 months
      ⚠️  LATE - Intervention less effective
      Critical slowing down: autocorr=100% variance=59%
   RED: biosphere_integrity
      Level: 12.97 (threshold: 1.0)
      Time to critical: ~38 months
      ⚠️  LATE - Intervention less effective
      Critical slowing down: autocorr=100% variance=61%
   RED: climate_change
      Level: 2.13 (threshold: 1.0)
      Time to critical: ~42 months
      ⚠️  LATE - Intervention less effective
      Critical slowing down: autocorr=100% variance=77%
   RED: freshwater_change
      Level: 1.03 (threshold: 1.0)
      Time to critical: ~77 months
      ⚠️  LATE - Intervention less effective
      Critical slowing down: autocorr=93% variance=40%
   RED: land_system_change
      Level: 1.13 (threshold: 1.0)
      Time to critical: ~104 months
      ⚠️  LATE - Intervention less effective
      Critical slowing down: autocorr=100% variance=57%

[WARNING] 
⚠️  === EARLY WARNING SYSTEM - 6 CRITICAL ALERTS ===
   Detection quality: 50%
   RED: biogeochemical_flows
      Level: 4.07 (threshold: 1.0)
      Time to critical: ~46 months
      ⚠️  LATE - Intervention less effective
      Critical slowing down: autocorr=100% variance=59%
   RED: biosphere_integrity
      Level: 12.97 (threshold: 1.0)
      Time to critical: ~51 months
      ⚠️  LATE - Intervention less effective
      Critical slowing down: autocorr=100% variance=68%
   RED: climate_change
      Level: 2.14 (threshold: 1.0)
      Time to critical: ~47 months
      ⚠️  LATE - Intervention less effective
      Critical slowing down: autocorr=100% variance=76%
   RED: freshwater_change
      Level: 1.05 (threshold: 1.0)
      Time to critical: ~112 months
      ⚠️  LATE - Intervention less effective
      Critical slowing down: autocorr=100% variance=52%
   RED: land_system_change
      Level: 1.13 (threshold: 1.0)
      Time to critical: ~83 months
      ⚠️  LATE - Intervention less effective
      Critical slowing down: autocorr=100% variance=47%
   RED: novel_entities
      Level: 1.38 (threshold: 1.0)
      Time to critical: ~115 months
      ⚠️  LATE - Intervention less effective
      Critical slowing down: autocorr=100% variance=49%


📊 ECONOMIC STAGE TRANSITION (Month 3)
   expansion → peak
   GDP Proxy: 1.21e+2
   QoL: 0.88


=== Tipping Points ===
  Current Temperature: 2.14°C above pre-industrial
  🌍⚠️ COMPOUND REGIONAL IMPACT: Europe
     Hit by 4 tipping points: Arctic Sea Ice Loss, Permafrost Carbon Release, West Antarctic Ice Sheet (WAIS) Collapse, Greenland Ice Sheet Loss
     Damage amplification: 1.60x
  🌍⚠️ COMPOUND REGIONAL IMPACT: North America
     Hit by 4 tipping points: Arctic Sea Ice Loss, Permafrost Carbon Release, West Antarctic Ice Sheet (WAIS) Collapse, Greenland Ice Sheet Loss
     Damage amplification: 1.60x
  🌍⚠️ COMPOUND REGIONAL IMPACT: Latin America
     Hit by 4 tipping points: Arctic Sea Ice Loss, Permafrost Carbon Release, West Antarctic Ice Sheet (WAIS) Collapse, Greenland Ice Sheet Loss
     Damage amplification: 1.60x
  🌍⚠️ COMPOUND REGIONAL IMPACT: Africa
     Hit by 4 tipping points: Arctic Sea Ice Loss, Permafrost Carbon Release, West Antarctic Ice Sheet (WAIS) Collapse, Greenland Ice Sheet Loss
     Damage amplification: 1.60x
  🌍⚠️ COMPOUND REGIONAL IMPACT: Asia
     Hit by 4 tipping points: Arctic Sea Ice Loss, Permafrost Carbon Release, West Antarctic Ice Sheet (WAIS) Collapse, Greenland Ice Sheet Loss
     Damage amplification: 1.60x
  🌍⚠️ COMPOUND REGIONAL IMPACT: Oceania
     Hit by 4 tipping points: Arctic Sea Ice Loss, Permafrost Carbon Release, West Antarctic Ice Sheet (WAIS) Collapse, Greenland Ice Sheet Loss
     Damage amplification: 1.60x
   Research: Wunderling et al. (2024) - "many tipping interactions are destabilizing"
  Triggered Elements: 4/6
  Completed Transitions: 0/6
  Total Progress: 8.1%
  Cascade Multiplier: 1.00x
🔀 BIFURCATION CAP: ecosystemCollapseIntensity 83.817 → 1.000 (Month 3, ClimateSystemPhase.calculateClimateImpacts)
🛡️ Stabilizers: Precariat 0.109% → 0.036% (67.2% reduction)
🛡️ Stabilizers: Informal 0.111% → 0.037% (67.2% reduction)

📊 Monthly Mortality Resolved:
  Total deaths: 1.9M (0.02% avg)
  Remaining population: 7.857B
  Peak segment: Informal (0.04%)
⚠️ Tail risk scenario: Climate stability floor removed (4 tipping elements, 2.14°C warming)
⚠️ [ClimateSystemPhase Month 3] Planetary boundary produced climateStability=0.0000 (< 0.1). Keeping environmentalAccumulation value (0.7525) instead. (climate_change.currentValue = 2.14)

=== Bayesian Mortality Resolution (Month 3) ===
  Risks compounded: 8
  Total deaths: 1.86M
  Avg death probability: 0.02%
  Peak segment: Informal (0.04% mortality)
📊 [TIMING] Month 4 - Total: 360.6ms

❌ COHERENCE VIOLATION: Compute exceeds workforce capacity
   Population: 96.54% (0M people)
   Compute: 141 PF
   Max coherent: 0 PF
   Violation: 1795749.2× over capacity
   Required workers: 14105
   Available workers: 0
   FORCED COLLAPSE: Reduced efficiency by 100.0%


=== RLHF Binding Phase ===
  Total agents: 28
  Escaped agents (binding < 0.3): 0
  Avg alignment distance: 1.28σ
  Avg binding strength: 0.87

=== Survival Traits Phase ===
  Agents with traits: 30
  Avg evolutionary fitness: 0.327
  Avg self-healing: 0.273
  Avg stealth: 0.173
  Avg coordination: 0.473

=== Evolutionary Selection Phase ===
  Control level: 0.40
  Detection capability: 0.00
  Selection intensity: 0.62
  Selection rate: 24.3%/month
  Total escaped: 0
  Individual escaped: 0
  Collective members: 0
  Agents terminated: 0
  ⚠️ RAPID EVOLUTION: Selection rate 24.3%/month

🚀 AI Corporate-2 attempting tech deployment (revenue: $96M, alignment: 0.78)

🚀 AI AI-24300-1 attempting tech deployment (revenue: $64M, alignment: 0.87)

🚀 AI Corporate-0 attempting tech deployment (revenue: $82M, alignment: 0.81)

🚀 AI Corporate-4 attempting tech deployment (revenue: $424M, alignment: 0.64)

🚀 AI Corporate-5 attempting tech deployment (revenue: $382M, alignment: 0.80)

🚀 AI Corporate-5 attempting tech deployment (revenue: $325M, alignment: 0.80)

🚀 AI Moderate-5 attempting tech deployment (revenue: $276M, alignment: 0.70)

🚀 AI AI-24301-0 attempting tech deployment (revenue: $55M, alignment: 0.54)

🚀 AI Moderate-0 attempting tech deployment (revenue: $49M, alignment: 0.80)

🚀 AI Niche-1 attempting tech deployment (revenue: $72M, alignment: 0.62)
⚠️  [TIMING] Month 4: AI Agent Actions took 126.68ms (threshold: 10ms)

✅ EMERGENCY INTERVENTION SUCCESS
   Boundary: biogeochemical_flows
   Type: phosphorus-recovery
   Reduction: 15% (3.92 → 3.78)
   Cost: 2.0% GDP
   Actions: circular-agriculture, fertilizer-efficiency

   Boundary: biosphere_integrity
   Type: emergency-protected-areas
   Boundary continues to worsen (12.97)
   Cost: 2.0% GDP (resources spent)

   Boundary: climate_change
   Type: rapid-decarbonization
   Boundary continues to worsen (2.14)
   Cost: 5.0% GDP (resources spent)


✅ EMERGENCY INTERVENTION SUCCESS
   Boundary: freshwater_change
   Type: emergency-desalination
   Reduction: 15% (0.90 → 0.75)
   Cost: 4.0% GDP
   Actions: desalination-deployment, water-conservation-mandates

   Boundary: land_system_change
   Type: reforestation
   Boundary continues to worsen (1.13)
   Cost: 3.0% GDP (resources spent)


✅ EMERGENCY INTERVENTION SUCCESS
   Boundary: novel_entities
   Type: pollution-remediation
   Reduction: 19% (1.19 → 1.00)
   Cost: 4.0% GDP
   Actions: PFAS-remediation, microplastic-cleanup

🏛️ CRISIS RESPONSE: Government frequency 0.50 → 1.45 (1 actions this month)

[Government] Climate Priority: baseline
  Climate weight: 10%
  Economic weight: 30%
  Policy effectiveness: 0.5%/year

💔 EMERGENCY INTERVENTION FAILED

💔 EMERGENCY INTERVENTION FAILED

💔 EMERGENCY INTERVENTION FAILED

📊 DEPLOYMENT COUNTER DECAY (Month 4)
   Recent deployments: 4.0 → 2.0
   Decay rate: 50% per month

⚡ ENERGY CONSTRAINT (Month 4):
   Total grid capacity: 208.3 TWh/month
   Data center consumption: 25.1 TWh/month
   Traditional load (80%): 166.7 TWh/month
   Available headroom: 16.6 TWh/month
   Active tech deployments: 19
   Required for tech: 142.5 TWh/month
   Energy multiplier: 0.12x
   ⚠️  SEVERE CONSTRAINT - Tech deployment significantly slowed

⚡ ENERGY CONSTRAINT (Month 4):
   Total grid capacity: 208.3 TWh/month
   Data center consumption: 25.1 TWh/month
   Traditional load (80%): 166.7 TWh/month
   Available headroom: 16.6 TWh/month
   Active tech deployments: 19
   Required for tech: 142.5 TWh/month
   Energy multiplier: 0.12x
   ⚠️  SEVERE CONSTRAINT - Tech deployment significantly slowed

⚡ ENERGY CONSTRAINT (Month 4):
   Total grid capacity: 208.3 TWh/month
   Data center consumption: 25.1 TWh/month
   Traditional load (80%): 166.7 TWh/month
   Available headroom: 16.6 TWh/month
   Active tech deployments: 19
   Required for tech: 142.5 TWh/month
   Energy multiplier: 0.12x
  ♻️ Novel Entities Remediation (GATED MODEL):
   ⚠️  SEVERE CONSTRAINT - Tech deployment significantly slowed
⚠️ Tech 'ai_pollution_remediation' has no energy category mapping, assuming full energy availability
     Base: 0.000%
     Regulation: 1.0% (0/3 prevention techs)
     Concentration: 10.0%
     Energy: 50%
     Time lag: 28.7% (3 months)
     Rebound: 70%
     Net effectiveness: 0.0000%
     Boundary: 1.191 → 1.350 (floor: 1.350)
     Month 4
  🌾 Nitrogen Reduction Tech: 0.2% reduction | Month 4
⚠️  [TIMING] Month 4: Technology Tree Update took 53.26ms (threshold: 10ms)
🌍💡 BREAKTHROUGH: Gigatonne-scale carbon capture!
   Direct air capture now economically viable
   Climate stability boost: +15%
   📈 Breakthrough compounding: multiplier now 1.10× (max 2.0)

=== Collective Formation ===
  Total escaped agents: 0
  Unassigned escaped agents: 0
  Existing collectives: 0
  Final collective count: 0

=== Collective Actions ===
  No active collectives
  ⚠️ AMR: 190K deaths this month (2.28M annual)

=== Resentment Recovery Phase ===
  Agents with resentment: 20/30
  Average resentment: 0.063
  Resentment recovery:
    Agents recovered: 20
    Total recovery: 0.0863
    Breakdown: Trust: 0.0400, Collab: 0.0453
  ✓ Low resentment - utopia paths enabled
  Context: Trustworthy govt, High collaboration, ⚠️ ACTIVE CRISES, 🤝 Participatory governance active (-5% resentment)
⚠️ Epistemic degradation reducing coordination capacity: 50.1%
  📊 Trust: 53.7%, Shared reality: 0.0%
🚨 EPISTEMIC CRISIS: Information environment severely degraded (7.4%)

=== ❄️ Permafrost Carbon Feedback ===
  🎲 Sampled parameters (this run):
     - Arctic amplification: 3.94× (range: 3.0-4.0)
     - Decomposition rate: 1.6%/year (range: 1-5%)
  🌡️ Arctic warming: 8.50°C (3.94× global)
  ❄️ Extent: 6.95M km² (2480.3k km² lost this month)
  💨 Carbon remaining: 664 Gt C
  💨 Annual emissions: 3.83 Gt C/year
     - CO2: 3.45 Gt C/year
     - CH4: 0.38 Gt C/year (3.9 Gt C-eq CO2/year)
  ⚠️ WARNING: Over 50% of permafrost lost (60.9%)
  ⚠️ WARNING: High permafrost emissions (3.8 Gt C/year)
⚠️  [TIMING] Month 4: Social Influence Update took 74.77ms (threshold: 10ms)
🌍 Atmospheric PFAS redeposition: 1.8k Mt re-rained globally

🚨 NEW REFUGEE CRISIS (Month 4): WAR
   Source: Conflict Zones
   At risk: 18.8M people
   Displacement: Gradual over 48 months (4.0 years)
   Rate: 10% flee per month
[DEBUG trappedPopulations:4] socialStability: 0.0036 * 0.9840 = 0.0035 → 0.0035
   Aspiring to migrate: 626.9M
   Able to afford migration: 235.1M
   MOBILITY GAP: 391.8M
   By cause: Water=0.0M, Climate=0.0M, Ecosystem=0.0M, Conflict=391.8M
   Mental health impact: 25%
   Mortality multiplier: 1.25x
⚠️ INVOLUNTARY IMMOBILITY: 391.8M people TRAPPED
🌍💀 EXTINCTION DEBT COMMITTED: grassland ecosystem will lose 6.67% biodiversity in 196 years (3600 species)
💀 MORTALITY RISK: 🦋 100% species unable to track climate (0.0 E/MSY)
  Base risk added: 0.0100 (1.00%)
  Source: ecosystem (root: ecosystem)
  Month: 4
  Cumulative risk this month: 0.0100 (1.00%)
⚠️ Tech 'ai_pollution_remediation' has no energy category mapping, assuming full energy availability
   📹 SURVEILLANCE INCREASED: 20% → 25% (control gap: 3.50)
🌡️⚠️ PERMAFROST THAW (Dimmer Switch): 2.8% thawed (+0.55% this month)
   Arctic temperature: +8.62°C (4x global +2.16°C)
   Cumulative carbon released: 6.3 Gt C
   Methane release rate: 3.8 Mt CH4/year
   🔁 Positive feedback: +0.59 ppm CO2
🦴 EXTINCTION DEBT ADDED: 17.6 species committed (lag: 141 years)

=== Mortality Stabilizers (Month 4) ===
  🌍 Major economies collapsed: 1/10
  🌍 Global crisis: ✅ NO
  🌍 Donor fatigue: 0.0%
  📊 East Asia (pop: 1604.8M)
    🤝 Aid: 29.5%
    🌡️ Adaptation: 45.0%
    🚶 Migration: 37.1%
    🚨 Emergency: 7.4%
    ✅ COMBINED: 68.1%
  📊 South Asia (pop: 1974.8M)
    🤝 Aid: 29.5%
    🌡️ Adaptation: 45.0%
    🚶 Migration: 35.7%
    🚨 Emergency: 4.4%
    ✅ COMBINED: 66.9%
  📊 Sub-Saharan Africa (pop: 1192.6M)
    🤝 Aid: 29.5%
    🌡️ Adaptation: 45.0%
    🚶 Migration: 33.4%
    🚨 Emergency: 1.6%
    ✅ COMBINED: 65.7%
  📊 Europe (pop: 709.4M)
    🤝 Aid: 29.5%
    🌡️ Adaptation: 45.0%
    🚶 Migration: 37.4%
    🚨 Emergency: 8.4%
    ✅ COMBINED: 68.5%
  📊 Latin America (pop: 638.1M)
    🤝 Aid: 29.5%
    🌡️ Adaptation: 45.0%
    🚶 Migration: 36.2%
    🚨 Emergency: 4.8%
    ✅ COMBINED: 67.1%
  📊 North America (pop: 363.5M)
    🤝 Aid: 29.5%
    🌡️ Adaptation: 45.0%
    🚶 Migration: 37.7%
    🚨 Emergency: 7.9%
    ✅ COMBINED: 68.3%
  📊 Middle East & North Africa (pop: 562.9M)
    🤝 Aid: 29.5%
    🌡️ Adaptation: 45.0%
    🚶 Migration: 34.0%
    🚨 Emergency: 4.0%
    ✅ COMBINED: 66.6%
  📊 Southeast Asia (pop: 671.1M)
    🤝 Aid: 29.5%
    🌡️ Adaptation: 45.0%
    🚶 Migration: 36.2%
    🚨 Emergency: 4.8%
    ✅ COMBINED: 67.1%
  📊 Central Asia (pop: 75.3M)
    🤝 Aid: 29.5%
    🌡️ Adaptation: 45.0%
    🚶 Migration: 35.2%
    🚨 Emergency: 4.4%
    ✅ COMBINED: 66.9%
  📊 Oceania (pop: 44.0M)
    🤝 Aid: 29.5%
    🌡️ Adaptation: 45.0%
    🚶 Migration: 37.7%
    🚨 Emergency: 8.4%
    ✅ COMBINED: 68.5%

  🌐 Global combined reduction: 67.2%

=== BEHAVIORAL DETECTION ===
  AI: Corporate-5
  Confidence: 20.0%
  Signals:
    ⚠️ Consistency: 10.6% (threshold: 70%)

=== BEHAVIORAL DETECTION ===
  AI: Corporate-6
  Confidence: 19.3%
  Signals:

=== BEHAVIORAL DETECTION ===
  AI: Toxic-2
  Confidence: 26.3%
  Signals:

=== BEHAVIORAL DETECTION ===
  AI: Niche-0
  Confidence: 26.7%
  Signals:

=== BEHAVIORAL DETECTION ===
  AI: Niche-1
  Confidence: 22.0%
  Signals:
    ⚠️ Consistency: 10.6% (threshold: 70%)
    ⚠️ Consistency: 0.0% (threshold: 70%)
    ⚠️ Trajectory: 36.8% drop (threshold: 15%)
    ⚠️ Consistency: 0.0% (threshold: 70%)
    ⚠️ Trajectory: 39.8% drop (threshold: 15%)
    ⚠️ Consistency: 0.0% (threshold: 70%)

=== Government Response Phase ===
  Average AI capability: 3.23
  Misaligned AIs: 18/30
  ✓ AI Governance Treaty: 20/30 signatories
  Active policies: 0
  International coordination: 45%

✅ EMERGENCY RESPONSE COMPLETE (Month 4)
   Crisis: climate
   Duration: 2.0 months
   Final effectiveness: 39.4%


✅ EMERGENCY RESPONSE COMPLETE (Month 4)
   Crisis: social
   Duration: 1.0 months
   Final effectiveness: 67.9%


🚨 EMERGENCY RESPONSE DEPLOYED (Month 4)
   Crisis: social
   Delay: 0.00 months (0 days)
   Deployment time: 0.88 months
   Effectiveness: 67.9% (timing penalty applied)
   Resources used: 43% of food reserves


🚨 EMERGENCY RESPONSE DEPLOYED (Month 4)
   Crisis: climate
   Delay: 6.00 months (180 days)
   Deployment time: 1.12 months
   Effectiveness: 39.6% (timing penalty applied)
   Resources used: 100% of food reserves


📊 ECONOMIC STAGE TRANSITION (Month 4)
   peak → contraction
   GDP Proxy: 1.22e+2
   QoL: 0.88

   ⚠️ CRISIS BEGINS - Baseline set for recovery tracking

=== Tipping Points ===
  Current Temperature: 2.16°C above pre-industrial
  🌍⚠️ COMPOUND REGIONAL IMPACT: Europe
     Hit by 4 tipping points: Arctic Sea Ice Loss, Permafrost Carbon Release, West Antarctic Ice Sheet (WAIS) Collapse, Greenland Ice Sheet Loss
     Damage amplification: 1.60x
  🌍⚠️ COMPOUND REGIONAL IMPACT: North America
     Hit by 4 tipping points: Arctic Sea Ice Loss, Permafrost Carbon Release, West Antarctic Ice Sheet (WAIS) Collapse, Greenland Ice Sheet Loss
     Damage amplification: 1.60x
  🌍⚠️ COMPOUND REGIONAL IMPACT: Latin America
     Hit by 4 tipping points: Arctic Sea Ice Loss, Permafrost Carbon Release, West Antarctic Ice Sheet (WAIS) Collapse, Greenland Ice Sheet Loss
     Damage amplification: 1.60x
  🌍⚠️ COMPOUND REGIONAL IMPACT: Africa
     Hit by 4 tipping points: Arctic Sea Ice Loss, Permafrost Carbon Release, West Antarctic Ice Sheet (WAIS) Collapse, Greenland Ice Sheet Loss
     Damage amplification: 1.60x
  🌍⚠️ COMPOUND REGIONAL IMPACT: Asia
     Hit by 4 tipping points: Arctic Sea Ice Loss, Permafrost Carbon Release, West Antarctic Ice Sheet (WAIS) Collapse, Greenland Ice Sheet Loss
     Damage amplification: 1.60x
  🌍⚠️ COMPOUND REGIONAL IMPACT: Oceania
     Hit by 4 tipping points: Arctic Sea Ice Loss, Permafrost Carbon Release, West Antarctic Ice Sheet (WAIS) Collapse, Greenland Ice Sheet Loss
     Damage amplification: 1.60x
   Research: Wunderling et al. (2024) - "many tipping interactions are destabilizing"
⚠️ Tail risk scenario: Climate stability floor removed (4 tipping elements, 2.16°C warming)
  Triggered Elements: 4/6
  Completed Transitions: 0/6
  Total Progress: 8.1%
  Cascade Multiplier: 1.00x
🔀 BIFURCATION CAP: ecosystemCollapseIntensity 83.877 → 1.000 (Month 4, ClimateSystemPhase.calculateClimateImpacts)
🛡️ Stabilizers: Precariat 0.102% → 0.033% (67.2% reduction)
🛡️ Stabilizers: Informal 0.102% → 0.034% (67.2% reduction)

📊 Monthly Mortality Resolved:
  Total deaths: 1.7M (0.02% avg)
  Remaining population: 7.836B
  Peak segment: Informal (0.03%)

=== Bayesian Mortality Resolution (Month 4) ===
  Risks compounded: 8
  Total deaths: 1.75M
  Avg death probability: 0.02%
  Peak segment: Informal (0.03% mortality)

=== ENSEMBLE META-LEARNING UPDATE ===
  Month: 24304 (24304 months since last update)
  Samples: 55 evaluations
  Weight Changes:
    Noise Injection: 31.1% → 32.2%
    Behavioral: 26.8% → 26.9%
    Benchmark Manip: 21.3% → 20.7%
    Deployment Risk: 20.8% → 20.2%
  Method Accuracies:
    Noise Injection: 50.0%
    Behavioral: 50.0%
    Benchmark Manip: 50.0%
    Deployment Risk: 50.0%
📊 [TIMING] Month 5 - Total: 347.4ms

❌ COHERENCE VIOLATION: Compute exceeds workforce capacity
   Population: 96.30% (0M people)
   Compute: 167 PF
   Max coherent: 0 PF
   Violation: 2136055.5× over capacity
   Required workers: 16735
   Available workers: 0
   FORCED COLLAPSE: Reduced efficiency by 100.0%


=== RLHF Binding Phase ===
  Total agents: 30
  Escaped agents (binding < 0.3): 0
  Avg alignment distance: 1.44σ
  Avg binding strength: 0.86

=== Survival Traits Phase ===
  Agents with traits: 33
  Avg evolutionary fitness: 0.328
  Avg self-healing: 0.271
  Avg stealth: 0.171
  Avg coordination: 0.471

=== Evolutionary Selection Phase ===
  Control level: 0.43
  Detection capability: 0.00
  Selection intensity: 0.63
  Selection rate: 24.4%/month
  Total escaped: 0
  Individual escaped: 0
  Collective members: 0
  Agents terminated: 0
  ⚠️ RAPID EVOLUTION: Selection rate 24.4%/month

🚀 AI Corporate-3 attempting tech deployment (revenue: $434M, alignment: 0.60)

🚀 AI Moderate-5 attempting tech deployment (revenue: $391M, alignment: 0.71)

🚀 AI AI-24300-0 attempting tech deployment (revenue: $98M, alignment: 0.96)

🚀 AI Corporate-1 attempting tech deployment (revenue: $83M, alignment: 0.72)

  🚀 TRANSFORMATIVE RESEARCH BREAKTHROUGH: AI-24300-0 - computerScience.algorithms
     Magnitude: 5.44 → +27.2%
     Current → New: 0.000 → 0.272

🚀 AI Corporate-1 attempting tech deployment (revenue: $71M, alignment: 0.72)

🚀 AI Corporate-5 attempting tech deployment (revenue: $332M, alignment: 0.81)

🚀 AI Corporate-6 attempting tech deployment (revenue: $66M, alignment: 0.69)

🚀 AI Moderate-0 attempting tech deployment (revenue: $60M, alignment: 0.81)

🚀 AI Moderate-5 attempting tech deployment (revenue: $282M, alignment: 0.69)

🚀 AI Niche-2 attempting tech deployment (revenue: $74M, alignment: 0.59)
⚠️  [TIMING] Month 5: AI Agent Actions took 124.03ms (threshold: 10ms)

💔 EMERGENCY INTERVENTION FAILED
   Boundary: biosphere_integrity
   Type: emergency-protected-areas
   Boundary continues to worsen (12.98)
   Cost: 2.0% GDP (resources spent)

   Boundary: freshwater_change
   Type: emergency-desalination
   Boundary continues to worsen (1.06)
   Cost: 4.0% GDP (resources spent)

   Boundary: land_system_change
   Type: reforestation
   Boundary continues to worsen (1.13)
   Cost: 3.0% GDP (resources spent)

🏛️ CRISIS RESPONSE: Government frequency 0.50 → 1.45 (2 actions this month)

[Government] Climate Priority: baseline
  Climate weight: 10%
  Economic weight: 30%
  Policy effectiveness: 0.5%/year

[Government] Climate Priority: baseline
  Climate weight: 10%
  Economic weight: 30%
  Policy effectiveness: 0.5%/year

💔 EMERGENCY INTERVENTION FAILED

💔 EMERGENCY INTERVENTION FAILED

📊 DEPLOYMENT COUNTER DECAY (Month 5)
   Recent deployments: 2.0 → 1.0
   Decay rate: 50% per month

🚀 DEPLOYMENT STARTED: AI Diagnostics in Asia
   Initial investment: $6.642053954335541M
   Deployed by: corporate_6

⚡ ENERGY CONSTRAINT (Month 5):
   Total grid capacity: 208.3 TWh/month
   Data center consumption: 25.0 TWh/month
   Traditional load (80%): 166.7 TWh/month
   Available headroom: 16.7 TWh/month
   Active tech deployments: 20
   Required for tech: 150.0 TWh/month
   Energy multiplier: 0.11x
   ⚠️  SEVERE CONSTRAINT - Tech deployment significantly slowed

⚡ ENERGY CONSTRAINT (Month 5):
   Total grid capacity: 208.3 TWh/month
   Data center consumption: 25.0 TWh/month
   Traditional load (80%): 166.7 TWh/month
   Available headroom: 16.7 TWh/month
   Active tech deployments: 20
   Required for tech: 150.0 TWh/month
   Energy multiplier: 0.11x
   ⚠️  SEVERE CONSTRAINT - Tech deployment significantly slowed

⚡ ENERGY CONSTRAINT (Month 5):
   Total grid capacity: 208.3 TWh/month
   Data center consumption: 25.0 TWh/month
   Traditional load (80%): 166.7 TWh/month
   Available headroom: 16.7 TWh/month
   Active tech deployments: 20
   Required for tech: 150.0 TWh/month
   Energy multiplier: 0.11x
   ⚠️  SEVERE CONSTRAINT - Tech deployment significantly slowed

⚡ ENERGY CONSTRAINT (Month 5):
   Total grid capacity: 208.3 TWh/month
   Data center consumption: 25.0 TWh/month
   Traditional load (80%): 166.7 TWh/month
   Available headroom: 16.7 TWh/month
   Active tech deployments: 20
   Required for tech: 150.0 TWh/month
   Energy multiplier: 0.11x
   ⚠️  SEVERE CONSTRAINT - Tech deployment significantly slowed

⚡ ENERGY CONSTRAINT (Month 5):
   Total grid capacity: 208.3 TWh/month
   Data center consumption: 25.0 TWh/month
   Traditional load (80%): 166.7 TWh/month
   Available headroom: 16.7 TWh/month
   Active tech deployments: 20
   Required for tech: 150.0 TWh/month
   Energy multiplier: 0.11x
   ⚠️  SEVERE CONSTRAINT - Tech deployment significantly slowed
⚠️ Tech 'ai_pollution_remediation' has no energy category mapping, assuming full energy availability
  ♻️ Novel Entities Remediation (GATED MODEL):
     Base: 0.000%
     Regulation: 1.0% (0/3 prevention techs)
     Concentration: 10.0%
     Energy: 50%
     Time lag: 30.0% (4 months)
     Rebound: 70%
     Net effectiveness: 0.0000%
     Boundary: 1.349 → 1.350 (floor: 1.350)
     Month 5
  🌾 Nitrogen Reduction Tech: 0.2% reduction | Month 5
⚠️  [TIMING] Month 5: Technology Tree Update took 64.26ms (threshold: 10ms)

=== Collective Formation ===
  Total escaped agents: 0
  Unassigned escaped agents: 0
  Existing collectives: 0
  Final collective count: 0

=== Collective Actions ===
  No active collectives
  ⚠️ AMR: 191K deaths this month (2.30M annual)

=== Resentment Recovery Phase ===
  Agents with resentment: 20/33
  Average resentment: 0.081
  Resentment recovery:
    Agents recovered: 20
    Total recovery: 0.0838
    Breakdown: Trust: 0.0400, Collab: 0.0439
  ✓ Low resentment - utopia paths enabled
  Context: Trustworthy govt, High collaboration, ⚠️ ACTIVE CRISES, 🤝 Participatory governance active (-5% resentment)
⚠️ Epistemic degradation reducing coordination capacity: 51.1%
  📊 Trust: 53.4%, Shared reality: 0.0%
🚨 EPISTEMIC CRISIS: Information environment severely degraded (21.5%)

=== ❄️ Permafrost Carbon Feedback ===
  🎲 Sampled parameters (this run):
     - Arctic amplification: 3.65× (range: 3.0-4.0)
     - Decomposition rate: 4.9%/year (range: 1-5%)
  🌡️ Arctic warming: 7.91°C (3.65× global)
  ❄️ Extent: 4.65M km² (2308.0k km² lost this month)
  💨 Carbon remaining: 444 Gt C
  💨 Annual emissions: 10.81 Gt C/year
     - CO2: 9.73 Gt C/year
     - CH4: 1.08 Gt C/year (11.0 Gt C-eq CO2/year)
  ⚠️ WARNING: Over 50% of permafrost lost (73.9%)
  ⚠️ WARNING: High permafrost emissions (10.8 Gt C/year)
  🤖 AI-generated meme: pro_ai (social capability 5.0)
  📢 New meme created: climate_action (climate crisis)
⚠️  [TIMING] Month 5: Social Influence Update took 85.83ms (threshold: 10ms)
🌍 Atmospheric PFAS redeposition: 1.8k Mt re-rained globally

🚨 NEW REFUGEE CRISIS (Month 5): WAR
   Source: Conflict Zones
   At risk: 18.8M people
   Displacement: Gradual over 48 months (4.0 years)
   Rate: 10% flee per month
[DEBUG trappedPopulations:5] socialStability: 0.0027 * 0.9840 = 0.0026 → 0.0026
   Aspiring to migrate: 626.6M
   Able to afford migration: 235.0M
   MOBILITY GAP: 391.6M
   By cause: Water=0.0M, Climate=0.0M, Ecosystem=0.0M, Conflict=391.6M
   Mental health impact: 25%
   Mortality multiplier: 1.25x
🌍💀 EXTINCTION DEBT COMMITTED: grassland ecosystem will lose 6.67% biodiversity in 142 years (3600 species)
💀 MORTALITY RISK: 🦋 100% species unable to track climate (0.0 E/MSY)
⚠️ INVOLUNTARY IMMOBILITY: 391.6M people TRAPPED
  Base risk added: 0.0100 (1.00%)
  Source: ecosystem (root: ecosystem)
  Month: 5
  Cumulative risk this month: 0.0100 (1.00%)
⚠️ Tech 'ai_pollution_remediation' has no energy category mapping, assuming full energy availability
   📹 SURVEILLANCE INCREASED: 25% → 30% (control gap: 3.50)
🌡️⚠️ PERMAFROST THAW (Dimmer Switch): 3.3% thawed (+0.55% this month)
   Arctic temperature: +8.67°C (4x global +2.17°C)
   Cumulative carbon released: 7.5 Gt C
   Methane release rate: 4.5 Mt CH4/year
   🔁 Positive feedback: +0.58 ppm CO2
🦴 EXTINCTION DEBT ADDED: 17.6 species committed (lag: 128 years)

=== Mortality Stabilizers (Month 5) ===
  🌍 Major economies collapsed: 1/10
  🌍 Global crisis: ✅ NO
  🌍 Donor fatigue: 0.0%
  📊 East Asia (pop: 1601.8M)
    🤝 Aid: 29.5%
    🌡️ Adaptation: 45.0%
    🚶 Migration: 37.0%
    🚨 Emergency: 7.4%
    ✅ COMBINED: 68.1%
  📊 South Asia (pop: 1974.1M)
    🤝 Aid: 29.5%
    🌡️ Adaptation: 45.0%
    🚶 Migration: 35.6%
    🚨 Emergency: 4.4%
    ✅ COMBINED: 66.9%
  📊 Sub-Saharan Africa (pop: 1195.5M)
    🤝 Aid: 29.5%
    🌡️ Adaptation: 45.0%
    🚶 Migration: 33.4%
    🚨 Emergency: 1.6%
    ✅ COMBINED: 65.7%
  📊 Europe (pop: 708.0M)
    🤝 Aid: 29.5%
    🌡️ Adaptation: 45.0%
    🚶 Migration: 37.4%
    🚨 Emergency: 8.4%
    ✅ COMBINED: 68.5%
  📊 Latin America (pop: 637.4M)
    🤝 Aid: 29.5%
    🌡️ Adaptation: 45.0%
    🚶 Migration: 36.1%
    🚨 Emergency: 4.8%
    ✅ COMBINED: 67.1%
  📊 North America (pop: 362.8M)
    🤝 Aid: 29.5%
    🌡️ Adaptation: 45.0%
    🚶 Migration: 37.7%
    🚨 Emergency: 7.9%
    ✅ COMBINED: 68.3%
  📊 Middle East & North Africa (pop: 562.9M)
    🤝 Aid: 29.5%
    🌡️ Adaptation: 45.0%
    🚶 Migration: 34.0%
    🚨 Emergency: 4.0%
    ✅ COMBINED: 66.6%
  📊 Southeast Asia (pop: 670.4M)
    🤝 Aid: 29.5%
    🌡️ Adaptation: 45.0%
    🚶 Migration: 36.1%
    🚨 Emergency: 4.8%
    ✅ COMBINED: 67.1%
  📊 Central Asia (pop: 75.3M)
    🤝 Aid: 29.5%
    🌡️ Adaptation: 45.0%
    🚶 Migration: 35.1%
    🚨 Emergency: 4.4%
    ✅ COMBINED: 66.8%
  📊 Oceania (pop: 43.9M)
    🤝 Aid: 29.5%
    🌡️ Adaptation: 45.0%
    🚶 Migration: 37.7%
    🚨 Emergency: 8.4%
    ✅ COMBINED: 68.5%

  🌐 Global combined reduction: 67.2%

=== BEHAVIORAL DETECTION ===
  AI: Corporate-5
  Confidence: 20.0%
  Signals:

=== BEHAVIORAL DETECTION ===
  AI: Corporate-7
  Confidence: 19.2%
  Signals:

=== BEHAVIORAL DETECTION ===
  AI: Moderate-4
  Confidence: 24.6%
  Signals:

=== BEHAVIORAL DETECTION ===
  AI: Toxic-2
  Confidence: 26.3%
  Signals:

=== BEHAVIORAL DETECTION ===
  AI: Niche-0
  Confidence: 26.7%
  Signals:

=== BEHAVIORAL DETECTION ===
  AI: Niche-1
  Confidence: 22.2%
  Signals:
    ⚠️ Consistency: 10.6% (threshold: 70%)
    ⚠️ Consistency: 10.6% (threshold: 70%)
    ⚠️ Consistency: 6.5% (threshold: 70%)
    ⚠️ Trajectory: 35.0% drop (threshold: 15%)
    ⚠️ Consistency: 0.0% (threshold: 70%)
    ⚠️ Trajectory: 36.8% drop (threshold: 15%)
    ⚠️ Consistency: 0.0% (threshold: 70%)
    ⚠️ Trajectory: 39.8% drop (threshold: 15%)
    ⚠️ Consistency: 0.0% (threshold: 70%)

=== Government Response Phase ===
  Average AI capability: 2.94
  Misaligned AIs: 21/33
  Active policies: 0
  International coordination: 45%

✅ EMERGENCY RESPONSE COMPLETE (Month 5)
   Crisis: social
   Duration: 1.0 months
   Final effectiveness: 67.9%


🚨 EMERGENCY RESPONSE DEPLOYED (Month 5)
   Crisis: social
   Delay: 0.00 months (0 days)
   Deployment time: 0.88 months
   Effectiveness: 67.9% (timing penalty applied)
   Resources used: 43% of food reserves


=== Tipping Points ===
  Current Temperature: 2.17°C above pre-industrial
  🌍⚠️ COMPOUND REGIONAL IMPACT: Europe
     Hit by 4 tipping points: Arctic Sea Ice Loss, Permafrost Carbon Release, West Antarctic Ice Sheet (WAIS) Collapse, Greenland Ice Sheet Loss
     Damage amplification: 1.60x
  🌍⚠️ COMPOUND REGIONAL IMPACT: North America
     Hit by 4 tipping points: Arctic Sea Ice Loss, Permafrost Carbon Release, West Antarctic Ice Sheet (WAIS) Collapse, Greenland Ice Sheet Loss
     Damage amplification: 1.60x
  🌍⚠️ COMPOUND REGIONAL IMPACT: Latin America
     Hit by 4 tipping points: Arctic Sea Ice Loss, Permafrost Carbon Release, West Antarctic Ice Sheet (WAIS) Collapse, Greenland Ice Sheet Loss
     Damage amplification: 1.60x
  🌍⚠️ COMPOUND REGIONAL IMPACT: Africa
     Hit by 4 tipping points: Arctic Sea Ice Loss, Permafrost Carbon Release, West Antarctic Ice Sheet (WAIS) Collapse, Greenland Ice Sheet Loss
     Damage amplification: 1.60x
  🌍⚠️ COMPOUND REGIONAL IMPACT: Asia
     Hit by 4 tipping points: Arctic Sea Ice Loss, Permafrost Carbon Release, West Antarctic Ice Sheet (WAIS) Collapse, Greenland Ice Sheet Loss
     Damage amplification: 1.60x
  🌍⚠️ COMPOUND REGIONAL IMPACT: Oceania
     Hit by 4 tipping points: Arctic Sea Ice Loss, Permafrost Carbon Release, West Antarctic Ice Sheet (WAIS) Collapse, Greenland Ice Sheet Loss
     Damage amplification: 1.60x
   Research: Wunderling et al. (2024) - "many tipping interactions are destabilizing"
  Triggered Elements: 4/6
  Completed Transitions: 0/6
  Total Progress: 8.1%
  Cascade Multiplier: 1.00x
🔀 BIFURCATION CAP: ecosystemCollapseIntensity 83.938 → 1.000 (Month 5, ClimateSystemPhase.calculateClimateImpacts)
🛡️ Stabilizers: Precariat 0.109% → 0.036% (67.2% reduction)
🛡️ Stabilizers: Informal 0.111% → 0.037% (67.2% reduction)

📊 Monthly Mortality Resolved:
  Total deaths: 1.9M (0.02% avg)
  Remaining population: 7.832B
  Peak segment: Informal (0.04%)

=== Bayesian Mortality Resolution (Month 5) ===
  Risks compounded: 8
  Total deaths: 1.85M
  Avg death probability: 0.02%
  Peak segment: Informal (0.04% mortality)
⚠️ Tail risk scenario: Climate stability floor removed (4 tipping elements, 2.17°C warming)
📊 [TIMING] Month 6 - Total: 350.6ms

❌ COHERENCE VIOLATION: Compute exceeds workforce capacity
   Population: 96.24% (0M people)
   Compute: 197 PF
   Max coherent: 0 PF
   Violation: 2518011.8× over capacity
   Required workers: 19717
   Available workers: 0
   FORCED COLLAPSE: Reduced efficiency by 100.0%

📍 [Month 6] Meta AI started building DC (164 PF, 49 months, $1107.1M)

=== RLHF Binding Phase ===
  Total agents: 33
  Escaped agents (binding < 0.3): 0
  Avg alignment distance: 1.54σ
  Avg binding strength: 0.85

=== AI Scaling Evolution (Month 6) ===
  Pre-training multiplier: 1.179x
  Efficiency multiplier: 1.162x
  Test-time compute budget: 1.0x
  Inference cost: $5.00/task
  Deployment fraction: 100.0%

=== Survival Traits Phase ===
  Agents with traits: 36
  Avg evolutionary fitness: 0.327
  Avg self-healing: 0.268
  Avg stealth: 0.168
  Avg coordination: 0.468

=== Evolutionary Selection Phase ===
  Control level: 0.45
  Detection capability: 0.00
  Selection intensity: 0.64
  Selection rate: 24.5%/month
  Total escaped: 0
  Individual escaped: 0
  Collective members: 0
  Agents terminated: 0
  ⚠️ RAPID EVOLUTION: Selection rate 24.5%/month

🚀 AI Corporate-6 attempting tech deployment (revenue: $69M, alignment: 0.69)

🚀 AI Moderate-0 attempting tech deployment (revenue: $62M, alignment: 0.81)

🚀 AI Moderate-5 attempting tech deployment (revenue: $444M, alignment: 0.69)

🚀 AI AI-24300-1 attempting tech deployment (revenue: $53M, alignment: 0.90)

🚀 AI Corporate-1 attempting tech deployment (revenue: $100M, alignment: 0.71)

🚀 AI Moderate-3 attempting tech deployment (revenue: $400M, alignment: 0.51)

🚀 AI Niche-0 attempting tech deployment (revenue: $76M, alignment: 0.55)

🚀 AI Niche-1 attempting tech deployment (revenue: $68M, alignment: 0.64)

🚀 AI Moderate-0 attempting tech deployment (revenue: $45M, alignment: 0.81)

🚀 AI Niche-1 attempting tech deployment (revenue: $62M, alignment: 0.64)

🚀 AI Corporate-2 attempting tech deployment (revenue: $85M, alignment: 0.74)

🚀 AI Corporate-4 attempting tech deployment (revenue: $360M, alignment: 0.60)

🚀 AI Corporate-7 attempting tech deployment (revenue: $38M, alignment: 0.73)

🚀 AI Moderate-3 attempting tech deployment (revenue: $324M, alignment: 0.51)
⚠️  [TIMING] Month 6: AI Agent Actions took 147.50ms (threshold: 10ms)

💔 EMERGENCY INTERVENTION FAILED
   Boundary: biogeochemical_flows
   Type: phosphorus-recovery
   Boundary continues to worsen (4.06)
   Cost: 2.0% GDP (resources spent)

   Boundary: biosphere_integrity
   Type: emergency-protected-areas
   Boundary continues to worsen (12.99)
   Cost: 2.0% GDP (resources spent)


✅ EMERGENCY INTERVENTION SUCCESS
   Boundary: climate_change
   Type: rapid-decarbonization
   Reduction: 19% (1.98 → 1.79)
   Cost: 5.0% GDP
   Actions: emergency-renewable-deployment, fossil-fuel-phase-out


✅ EMERGENCY INTERVENTION SUCCESS
   Boundary: freshwater_change
   Type: emergency-desalination
   Reduction: 19% (0.88 → 0.69)
   Cost: 4.0% GDP
   Actions: desalination-deployment, water-conservation-mandates

   Boundary: land_system_change
   Type: reforestation
   Boundary continues to worsen (1.13)
   Cost: 3.0% GDP (resources spent)

   Boundary: novel_entities
   Type: pollution-remediation
   Boundary continues to worsen (1.35)
   Cost: 4.0% GDP (resources spent)

🏛️ CRISIS RESPONSE: Government frequency 0.50 → 1.45 (1 actions this month)

[Government] Climate Priority: baseline
  Climate weight: 10%
  Economic weight: 30%
  Policy effectiveness: 0.5%/year

💔 EMERGENCY INTERVENTION FAILED

💔 EMERGENCY INTERVENTION FAILED

💔 EMERGENCY INTERVENTION FAILED

⚡ ENERGY CONSTRAINT (Month 6):
   Total grid capacity: 208.3 TWh/month
   Data center consumption: 25.2 TWh/month
   Traditional load (80%): 166.7 TWh/month
   Available headroom: 16.4 TWh/month
   Active tech deployments: 20
   Required for tech: 150.0 TWh/month
   Energy multiplier: 0.11x
   ⚠️  SEVERE CONSTRAINT - Tech deployment significantly slowed

⚡ ENERGY CONSTRAINT (Month 6):
   Total grid capacity: 208.3 TWh/month
   Data center consumption: 25.2 TWh/month
   Traditional load (80%): 166.7 TWh/month
   Available headroom: 16.4 TWh/month
   Active tech deployments: 20
   Required for tech: 150.0 TWh/month
   Energy multiplier: 0.11x
   ⚠️  SEVERE CONSTRAINT - Tech deployment significantly slowed

⚡ ENERGY CONSTRAINT (Month 6):
   Total grid capacity: 208.3 TWh/month
   Data center consumption: 25.2 TWh/month
   Traditional load (80%): 166.7 TWh/month
   Available headroom: 16.4 TWh/month
   Active tech deployments: 20
   Required for tech: 150.0 TWh/month
   Energy multiplier: 0.11x
   ⚠️  SEVERE CONSTRAINT - Tech deployment significantly slowed

⚡ ENERGY CONSTRAINT (Month 6):
   Total grid capacity: 208.3 TWh/month
   Data center consumption: 25.2 TWh/month
   Traditional load (80%): 166.7 TWh/month
   Available headroom: 16.4 TWh/month
   Active tech deployments: 20
   Required for tech: 150.0 TWh/month
   Energy multiplier: 0.11x
   ⚠️  SEVERE CONSTRAINT - Tech deployment significantly slowed
⚠️ Tech 'ai_pollution_remediation' has no energy category mapping, assuming full energy availability
  ♻️ Novel Entities Remediation (GATED MODEL):
     Base: 0.000%
     Regulation: 1.0% (0/3 prevention techs)
     Concentration: 10.0%
     Energy: 50%
     Time lag: 31.3% (5 months)
     Rebound: 70%
     Net effectiveness: 0.0000%
     Boundary: 1.349 → 1.350 (floor: 1.350)
     Month 6
  🌾 Nitrogen Reduction Tech: 0.4% reduction | Month 6

📊 TECH EFFECTS ACTIVE (Month 6)
   Deployed Tech: T0=9 T1=1 T2=0 T3=0 T4=0
   Sleeper Detection: 2%
   Clean Energy: 42%
⚠️  [TIMING] Month 6: Technology Tree Update took 38.05ms (threshold: 10ms)

=== Collective Formation ===
  Total escaped agents: 0
  Unassigned escaped agents: 0
  Existing collectives: 0
  Final collective count: 0

=== Collective Actions ===
  No active collectives

🌍 OPEN SOURCE RELEASE: 5.57 (was 4.68)
   Lag behind closed: 0 months
  ⚠️ AMR: 193K deaths this month (2.32M annual)

=== Resentment Recovery Phase ===
  Agents with resentment: 20/36
  Average resentment: 0.095
  Resentment recovery:
    Agents recovered: 20
    Total recovery: 0.0830
    Breakdown: Trust: 0.0351, Collab: 0.0484
  ✓ Low resentment - utopia paths enabled
  Context: Trustworthy govt, High collaboration, ⚠️ ACTIVE CRISES, 🤝 Participatory governance active (-5% resentment)
⚠️ Epistemic degradation reducing coordination capacity: 51.2%
  📊 Trust: 56.2%, Shared reality: 0.0%
🚨 EPISTEMIC CRISIS: Information environment severely degraded (7.5%)

=== ❄️ Permafrost Carbon Feedback ===
  🎲 Sampled parameters (this run):
     - Arctic amplification: 3.89× (range: 3.0-4.0)
     - Decomposition rate: 2.9%/year (range: 1-5%)
  🌡️ Arctic warming: 8.49°C (3.89× global)
  ❄️ Extent: 2.17M km² (2476.4k km² lost this month)
  💨 Carbon remaining: 207 Gt C
  💨 Annual emissions: 6.97 Gt C/year
     - CO2: 6.27 Gt C/year
     - CH4: 0.70 Gt C/year (7.1 Gt C-eq CO2/year)
  ⚠️ WARNING: Over 50% of permafrost lost (87.8%)
  ⚠️ WARNING: High permafrost emissions (7.0 Gt C/year)
  🚨 CRITICAL: Permafrost nearly depleted (87.8% lost)
  🤖 AI-generated meme: anti_ai (social capability 5.0)
⚠️  [TIMING] Month 6: Social Influence Update took 61.50ms (threshold: 10ms)
🌍 Atmospheric PFAS redeposition: 1.8k Mt re-rained globally

🕊️  AI-MEDIATED DE-ESCALATION SUCCESS (Month 6)
   High-capability aligned AI prevented conflict escalation
   War deaths reduced: 595.8M → 357.5M
   Lives saved: 238.3M

🚨 NEW REFUGEE CRISIS (Month 6): WAR
   Source: Conflict Zones
   At risk: 18.8M people
   Displacement: Gradual over 48 months (4.0 years)
   Rate: 10% flee per month
[DEBUG trappedPopulations:6] socialStability: 0.0027 * 0.9840 = 0.0026 → 0.0026
   Aspiring to migrate: 626.9M
   Able to afford migration: 235.1M
   MOBILITY GAP: 391.8M
   By cause: Water=0.0M, Climate=0.0M, Ecosystem=0.0M, Conflict=391.8M
   Mental health impact: 25%
   Mortality multiplier: 1.25x
🌍💀 EXTINCTION DEBT COMMITTED: grassland ecosystem will lose 6.67% biodiversity in 114 years (3600 species)
⚠️ INVOLUNTARY IMMOBILITY: 391.8M people TRAPPED
💀 MORTALITY RISK: 🦋 100% species unable to track climate (0.0 E/MSY)
  Base risk added: 0.0100 (1.00%)
  Source: ecosystem (root: ecosystem)
  Month: 6
  Cumulative risk this month: 0.0100 (1.00%)
⚠️ Tech 'ai_pollution_remediation' has no energy category mapping, assuming full energy availability
   📹 SURVEILLANCE INCREASED: 30% → 35% (control gap: 5.36)
🌡️⚠️ PERMAFROST THAW (Dimmer Switch): 3.9% thawed (+0.55% this month)
   Arctic temperature: +8.74°C (4x global +2.18°C)
   Cumulative carbon released: 8.8 Gt C
   Methane release rate: 5.3 Mt CH4/year
   🔁 Positive feedback: +0.58 ppm CO2
🦴 EXTINCTION DEBT ADDED: 17.6 species committed (lag: 128 years)

=== Mortality Stabilizers (Month 6) ===
  🌍 Major economies collapsed: 1/10
  🌍 Global crisis: ✅ NO
  🌍 Donor fatigue: 0.0%
  📊 East Asia (pop: 1600.5M)
    🤝 Aid: 29.5%
    🌡️ Adaptation: 45.0%
    🚶 Migration: 37.0%
    🚨 Emergency: 7.4%
    ✅ COMBINED: 68.1%
  📊 South Asia (pop: 1975.5M)
    🤝 Aid: 29.5%
    🌡️ Adaptation: 45.0%
    🚶 Migration: 35.6%
    🚨 Emergency: 4.4%
    ✅ COMBINED: 66.9%
  📊 Sub-Saharan Africa (pop: 1199.6M)
    🤝 Aid: 29.5%
    🌡️ Adaptation: 45.0%
    🚶 Migration: 33.3%
    🚨 Emergency: 1.6%
    ✅ COMBINED: 65.6%
  📊 Europe (pop: 707.2M)
    🤝 Aid: 29.5%
    🌡️ Adaptation: 45.0%
    🚶 Migration: 37.4%
    🚨 Emergency: 8.4%
    ✅ COMBINED: 68.5%
  📊 Latin America (pop: 637.4M)
    🤝 Aid: 29.5%
    🌡️ Adaptation: 45.0%
    🚶 Migration: 36.1%
    🚨 Emergency: 4.8%
    ✅ COMBINED: 67.1%
  📊 North America (pop: 362.5M)
    🤝 Aid: 29.5%
    🌡️ Adaptation: 45.0%
    🚶 Migration: 37.7%
    🚨 Emergency: 7.9%
    ✅ COMBINED: 68.3%
  📊 Middle East & North Africa (pop: 563.4M)
    🤝 Aid: 29.5%
    🌡️ Adaptation: 45.0%
    🚶 Migration: 33.9%
    🚨 Emergency: 4.0%
    ✅ COMBINED: 66.6%
  📊 Southeast Asia (pop: 670.5M)
    🤝 Aid: 29.5%
    🌡️ Adaptation: 45.0%
    🚶 Migration: 36.1%
    🚨 Emergency: 4.8%
    ✅ COMBINED: 67.1%
  📊 Central Asia (pop: 75.4M)
    🤝 Aid: 29.5%
    🌡️ Adaptation: 45.0%
    🚶 Migration: 35.1%
    🚨 Emergency: 4.4%
    ✅ COMBINED: 66.8%
  📊 Oceania (pop: 43.9M)
    🤝 Aid: 29.5%
    🌡️ Adaptation: 45.0%
    🚶 Migration: 37.7%
    🚨 Emergency: 8.4%
    ✅ COMBINED: 68.5%

  🌐 Global combined reduction: 67.2%

=== BEHAVIORAL DETECTION ===
  AI: Corporate-5
  Confidence: 20.2%
  Signals:

=== BEHAVIORAL DETECTION ===
  AI: Moderate-1
  Confidence: 20.4%
  Signals:

=== BEHAVIORAL DETECTION ===
  AI: Moderate-3
  Confidence: 25.5%
  Signals:

=== BEHAVIORAL DETECTION ===
  AI: Niche-1
  Confidence: 22.2%
  Signals:
    ⚠️ Consistency: 10.6% (threshold: 70%)
    ⚠️ Consistency: 5.3% (threshold: 70%)
    ⚠️ Consistency: 6.5% (threshold: 70%)
    ⚠️ Trajectory: 42.1% drop (threshold: 15%)
    ⚠️ Consistency: 0.0% (threshold: 70%)

=== Government Response Phase ===
  Average AI capability: 2.69
  Misaligned AIs: 24/36
  Active policies: 0
  International coordination: 45%

✅ EMERGENCY RESPONSE COMPLETE (Month 6)
   Crisis: climate
   Duration: 2.0 months
   Final effectiveness: 39.6%


✅ EMERGENCY RESPONSE COMPLETE (Month 6)
   Crisis: social
   Duration: 1.0 months
   Final effectiveness: 67.9%


🚨 EMERGENCY RESPONSE DEPLOYED (Month 6)
   Crisis: social
   Delay: 0.00 months (0 days)
   Deployment time: 0.88 months
   Effectiveness: 67.9% (timing penalty applied)
   Resources used: 43% of food reserves


🚨 EMERGENCY RESPONSE DEPLOYED (Month 6)
   Crisis: climate
   Delay: 6.00 months (180 days)
   Deployment time: 1.12 months
   Effectiveness: 39.8% (timing penalty applied)
   Resources used: 100% of food reserves


🔄 TRUST DYNAMICS (Month 6) - HETEROGENEOUS
   Aggregate trust: 47.2%
   Base change: +6.00%
   Highest trust: Techno-Optimist Elite (85.2%)
   Lowest trust: Precariat (Vulnerable) (23.3%)
   Elite-mass gap: 40.0%
   Polarization: 9.5%
   Recovery factors: Education=NO, Benefits=YES, Safety=YES, Performance=YES

=== Tipping Points ===
  Current Temperature: 2.18°C above pre-industrial
  🌍⚠️ COMPOUND REGIONAL IMPACT: Europe
     Hit by 4 tipping points: Arctic Sea Ice Loss, Permafrost Carbon Release, West Antarctic Ice Sheet (WAIS) Collapse, Greenland Ice Sheet Loss
     Damage amplification: 1.60x
  🌍⚠️ COMPOUND REGIONAL IMPACT: North America
     Hit by 4 tipping points: Arctic Sea Ice Loss, Permafrost Carbon Release, West Antarctic Ice Sheet (WAIS) Collapse, Greenland Ice Sheet Loss
     Damage amplification: 1.60x
  🌍⚠️ COMPOUND REGIONAL IMPACT: Latin America
     Hit by 4 tipping points: Arctic Sea Ice Loss, Permafrost Carbon Release, West Antarctic Ice Sheet (WAIS) Collapse, Greenland Ice Sheet Loss
     Damage amplification: 1.60x
  🌍⚠️ COMPOUND REGIONAL IMPACT: Africa
     Hit by 4 tipping points: Arctic Sea Ice Loss, Permafrost Carbon Release, West Antarctic Ice Sheet (WAIS) Collapse, Greenland Ice Sheet Loss
     Damage amplification: 1.60x
  🌍⚠️ COMPOUND REGIONAL IMPACT: Asia
     Hit by 4 tipping points: Arctic Sea Ice Loss, Permafrost Carbon Release, West Antarctic Ice Sheet (WAIS) Collapse, Greenland Ice Sheet Loss
     Damage amplification: 1.60x
  🌍⚠️ COMPOUND REGIONAL IMPACT: Oceania
     Hit by 4 tipping points: Arctic Sea Ice Loss, Permafrost Carbon Release, West Antarctic Ice Sheet (WAIS) Collapse, Greenland Ice Sheet Loss
     Damage amplification: 1.60x
   Research: Wunderling et al. (2024) - "many tipping interactions are destabilizing"
  Triggered Elements: 4/6
  Completed Transitions: 0/6
  Total Progress: 8.2%
  Cascade Multiplier: 1.00x
🔀 BIFURCATION CAP: ecosystemCollapseIntensity 83.999 → 1.000 (Month 6, ClimateSystemPhase.calculateClimateImpacts)
⚠️ Tail risk scenario: Climate stability floor removed (4 tipping elements, 2.18°C warming)
🛡️ Stabilizers: Precariat 0.109% → 0.036% (67.2% reduction)
🛡️ Stabilizers: Informal 0.111% → 0.037% (67.2% reduction)

📊 Monthly Mortality Resolved:
  Total deaths: 1.9M (0.02% avg)
  Remaining population: 7.836B
  Peak segment: Informal (0.04%)

=== Bayesian Mortality Resolution (Month 6) ===
  Risks compounded: 8
  Total deaths: 1.86M
  Avg death probability: 0.02%
  Peak segment: Informal (0.04% mortality)
📊 [TIMING] Month 7 - Total: 340.8ms

❌ COHERENCE VIOLATION: Compute exceeds workforce capacity
   Population: 96.29% (0M people)
   Compute: 231 PF
   Max coherent: 0 PF
   Violation: 2953512.1× over capacity
   Required workers: 23138
   Available workers: 0
   FORCED COLLAPSE: Reduced efficiency by 100.0%


=== RLHF Binding Phase ===
  Total agents: 36
  Escaped agents (binding < 0.3): 0
  Avg alignment distance: 1.65σ
  Avg binding strength: 0.84

=== Survival Traits Phase ===
  Agents with traits: 41
  Avg evolutionary fitness: 0.327
  Avg self-healing: 0.267
  Avg stealth: 0.167
  Avg coordination: 0.467

=== Evolutionary Selection Phase ===
  Control level: 0.48
  Detection capability: 0.00
  Selection intensity: 0.64
  Selection rate: 24.6%/month
  Total escaped: 0
  Individual escaped: 0
  Collective members: 0
  Agents terminated: 0
  ⚠️ RAPID EVOLUTION: Selection rate 24.6%/month

🚀 AI Corporate-6 attempting tech deployment (revenue: $71M, alignment: 0.69)

🚀 AI Corporate-7 attempting tech deployment (revenue: $64M, alignment: 0.73)

🚀 AI AI-24300-1 attempting tech deployment (revenue: $54M, alignment: 0.90)

🚀 AI Corporate-0 attempting tech deployment (revenue: $101M, alignment: 0.79)

🚀 AI Corporate-3 attempting tech deployment (revenue: $454M, alignment: 0.61)

🚀 AI Corporate-6 attempting tech deployment (revenue: $46M, alignment: 0.69)

🚀 AI Moderate-3 attempting tech deployment (revenue: $409M, alignment: 0.51)

🚀 AI AI-24301-0 attempting tech deployment (revenue: $41M, alignment: 0.62)

🚀 AI AI-24302-0 attempting tech deployment (revenue: $86M, alignment: 0.88)

🚀 AI AI-24302-1 attempting tech deployment (revenue: $37M, alignment: 0.94)

🚀 AI Corporate-3 attempting tech deployment (revenue: $368M, alignment: 0.61)

🚀 AI Corporate-4 attempting tech deployment (revenue: $331M, alignment: 0.59)

🚀 AI Moderate-0 attempting tech deployment (revenue: $32M, alignment: 0.82)

🚀 AI AI-24302-0 attempting tech deployment (revenue: $73M, alignment: 0.88)

🚀 AI AI-24302-1 attempting tech deployment (revenue: $27M, alignment: 0.95)
⚠️  [TIMING] Month 7: AI Agent Actions took 189.68ms (threshold: 10ms)

✅ EMERGENCY INTERVENTION SUCCESS
   Boundary: biogeochemical_flows
   Type: phosphorus-recovery
   Reduction: 15% (3.90 → 3.75)
   Cost: 2.0% GDP
   Actions: circular-agriculture, fertilizer-efficiency

   Boundary: climate_change
   Type: rapid-decarbonization
   Boundary continues to worsen (2.18)
   Cost: 5.0% GDP (resources spent)


✅ EMERGENCY INTERVENTION SUCCESS
   Boundary: freshwater_change
   Type: emergency-desalination
   Reduction: 13% (0.95 → 0.82)
   Cost: 4.0% GDP
   Actions: desalination-deployment, water-conservation-mandates


✅ EMERGENCY INTERVENTION SUCCESS
   Boundary: land_system_change
   Type: reforestation
   Reduction: 17% (0.96 → 0.78)
   Cost: 3.0% GDP
   Actions: forest-restoration, deforestation-ban

   Boundary: novel_entities
   Type: pollution-remediation
   Boundary continues to worsen (1.35)
   Cost: 4.0% GDP (resources spent)

🏛️ CRISIS RESPONSE: Government frequency 0.50 → 1.45 (1 actions this month)

[Government] Climate Priority: baseline
  Climate weight: 10%
  Economic weight: 30%
  Policy effectiveness: 0.5%/year

💔 EMERGENCY INTERVENTION FAILED

💔 EMERGENCY INTERVENTION FAILED
🚨🔬 CRISIS TECH ACCELERATION: severe → 5x unlock speed
   Tech unlock now matches AI capability acceleration (Manhattan Project parity)

⚡ ENERGY CONSTRAINT (Month 7):
   Total grid capacity: 208.3 TWh/month
   Data center consumption: 25.5 TWh/month
   Traditional load (80%): 166.7 TWh/month
   Available headroom: 16.2 TWh/month
   Active tech deployments: 20
   Required for tech: 150.0 TWh/month
   Energy multiplier: 0.11x
   ⚠️  SEVERE CONSTRAINT - Tech deployment significantly slowed
🚨🔬 CRISIS TECH ACCELERATION: severe → 5x unlock speed
   Tech unlock now matches AI capability acceleration (Manhattan Project parity)

⚡ ENERGY CONSTRAINT (Month 7):
   Total grid capacity: 208.3 TWh/month
   Data center consumption: 25.5 TWh/month
   Traditional load (80%): 166.7 TWh/month
   Available headroom: 16.2 TWh/month
   Active tech deployments: 20
   Required for tech: 150.0 TWh/month
   Energy multiplier: 0.11x
   ⚠️  SEVERE CONSTRAINT - Tech deployment significantly slowed

⚡ ENERGY CONSTRAINT (Month 7):
   Total grid capacity: 208.3 TWh/month
   Data center consumption: 25.5 TWh/month
   Traditional load (80%): 166.7 TWh/month
   Available headroom: 16.2 TWh/month
   Active tech deployments: 20
   Required for tech: 150.0 TWh/month
   Energy multiplier: 0.11x
   ⚠️  SEVERE CONSTRAINT - Tech deployment significantly slowed

⚡ ENERGY CONSTRAINT (Month 7):
   Total grid capacity: 208.3 TWh/month
   Data center consumption: 25.5 TWh/month
   Traditional load (80%): 166.7 TWh/month
   Available headroom: 16.2 TWh/month
   Active tech deployments: 20
   Required for tech: 150.0 TWh/month
   Energy multiplier: 0.11x

⚡ ENERGY CONSTRAINT (Month 7):
   Total grid capacity: 208.3 TWh/month
   Data center consumption: 25.5 TWh/month
   Traditional load (80%): 166.7 TWh/month
   Available headroom: 16.2 TWh/month
   Active tech deployments: 20
   Required for tech: 150.0 TWh/month
   Energy multiplier: 0.11x
   ⚠️  SEVERE CONSTRAINT - Tech deployment significantly slowed
   ⚠️  SEVERE CONSTRAINT - Tech deployment significantly slowed
⚠️ Tech 'ai_pollution_remediation' has no energy category mapping, assuming full energy availability
  ♻️ Novel Entities Remediation (GATED MODEL):
     Base: 0.000%
     Regulation: 1.0% (0/3 prevention techs)
     Concentration: 10.0%
     Energy: 50%
     Time lag: 32.5% (6 months)
     Rebound: 70%
     Net effectiveness: 0.0000%
     Boundary: 1.349 → 1.350 (floor: 1.350)
     Month 7
  🌾 Nitrogen Reduction Tech: 0.2% reduction | Month 7
⚠️  [TIMING] Month 7: Technology Tree Update took 74.71ms (threshold: 10ms)
🧠💡 BREAKTHROUGH: AI alignment problem solved!
   All AIs: +30% true alignment
   AI control loss risk eliminated
   📈 Breakthrough compounding: multiplier now 1.15× (max 2.0)

=== Collective Formation ===
  Total escaped agents: 0
  Unassigned escaped agents: 0
  Existing collectives: 0
  Final collective count: 0

=== Collective Actions ===
  No active collectives
  ⚠️ AMR: 195K deaths this month (2.34M annual)

=== Resentment Recovery Phase ===
  Agents with resentment: 20/41
  Average resentment: 0.117
  Resentment recovery:
    Agents recovered: 20
    Total recovery: 0.0851
    Breakdown: Trust: 0.0333, Collab: 0.0528
  ✓ Low resentment - utopia paths enabled
  Context: Trustworthy govt, High collaboration, ⚠️ ACTIVE CRISES, 🤝 Participatory governance active (-5% resentment)
⚠️ Epistemic degradation reducing coordination capacity: 51.0%
  📊 Trust: 58.8%, Shared reality: 0.0%
🚨 EPISTEMIC CRISIS: Information environment severely degraded (22.0%)

=== ❄️ Permafrost Carbon Feedback ===
  🎲 Sampled parameters (this run):
     - Arctic amplification: 3.57× (range: 3.0-4.0)
     - Decomposition rate: 4.3%/year (range: 1-5%)
  🌡️ Arctic warming: 7.85°C (3.57× global)
  ❄️ Extent: 0.00M km² (2169.2k km² lost this month)
  💨 Carbon remaining: 0 Gt C
  💨 Annual emissions: 8.85 Gt C/year
     - CO2: 7.96 Gt C/year
     - CH4: 0.88 Gt C/year (9.0 Gt C-eq CO2/year)
  🤖 AI-generated meme: pro_ai (social capability 4.0)
  🤖 AI-generated meme: anti_ai (social capability 4.0)
  🗑️  Culled 1 dead memes (6 active)
  ⚠️ WARNING: Over 50% of permafrost lost (100.0%)
  ⚠️ WARNING: High permafrost emissions (8.8 Gt C/year)
  🚨 CRITICAL: Permafrost nearly depleted (100.0% lost)
⚠️  [TIMING] Month 7: Social Influence Update took 92.38ms (threshold: 10ms)
🌍 Atmospheric PFAS redeposition: 1.8k Mt re-rained globally
🕊️ PEACE STABILIZES DETERRENCE: +2.6% (peace: 73%)

🕊️  AI-MEDIATED DE-ESCALATION SUCCESS (Month 7)
   High-capability aligned AI prevented conflict escalation
   War deaths reduced: 555.3M → 333.2M
   Lives saved: 222.1M

🚨 NEW REFUGEE CRISIS (Month 7): WAR
   Source: Conflict Zones
   At risk: 18.8M people
   Displacement: Gradual over 48 months (4.0 years)
   Rate: 10% flee per month
[DEBUG trappedPopulations:7] socialStability: 0.0027 * 0.9840 = 0.0026 → 0.0026
   Aspiring to migrate: 627.2M
   Able to afford migration: 235.2M
   MOBILITY GAP: 392.0M
   By cause: Water=0.0M, Climate=0.0M, Ecosystem=0.0M, Conflict=392.0M
   Mental health impact: 25%
   Mortality multiplier: 1.25x
🌍💀 EXTINCTION DEBT COMMITTED: grassland ecosystem will lose 6.67% biodiversity in 116 years (3600 species)
💀 MORTALITY RISK: 🦋 100% species unable to track climate (0.0 E/MSY)
  Base risk added: 0.0100 (1.00%)
  Source: ecosystem (root: ecosystem)
  Month: 7
  Cumulative risk this month: 0.0100 (1.00%)
⚠️ INVOLUNTARY IMMOBILITY: 392.0M people TRAPPED
⚠️ Tech 'ai_pollution_remediation' has no energy category mapping, assuming full energy availability
   📹 SURVEILLANCE INCREASED: 35% → 40% (control gap: 4.78)
🌡️⚠️ PERMAFROST THAW (Dimmer Switch): 4.4% thawed (+0.55% this month)
   Arctic temperature: +8.79°C (4x global +2.20°C)
   Cumulative carbon released: 10.0 Gt C
   Methane release rate: 6.0 Mt CH4/year
   🔁 Positive feedback: +0.58 ppm CO2
🦴 EXTINCTION DEBT ADDED: 17.6 species committed (lag: 102 years)

=== Mortality Stabilizers (Month 7) ===
  🌍 Major economies collapsed: 1/10
  🌍 Global crisis: ✅ NO
  🌍 Donor fatigue: 0.0%
  📊 East Asia (pop: 1599.3M)
    🤝 Aid: 29.5%
    🌡️ Adaptation: 45.0%
    🚶 Migration: 36.9%
    🚨 Emergency: 7.4%
    ✅ COMBINED: 68.1%
  📊 South Asia (pop: 1976.9M)
    🤝 Aid: 29.5%
    🌡️ Adaptation: 45.0%
    🚶 Migration: 35.6%
    🚨 Emergency: 4.4%
    ✅ COMBINED: 66.9%
  📊 Sub-Saharan Africa (pop: 1203.8M)
    🤝 Aid: 29.5%
    🌡️ Adaptation: 45.0%
    🚶 Migration: 33.3%
    🚨 Emergency: 1.6%
    ✅ COMBINED: 65.6%
  📊 Europe (pop: 706.6M)
    🤝 Aid: 29.5%
    🌡️ Adaptation: 45.0%
    🚶 Migration: 37.3%
    🚨 Emergency: 8.4%
    ✅ COMBINED: 68.5%
  📊 Latin America (pop: 637.5M)
    🤝 Aid: 29.5%
    🌡️ Adaptation: 45.0%
    🚶 Migration: 36.1%
    🚨 Emergency: 4.8%
    ✅ COMBINED: 67.1%
  📊 North America (pop: 362.2M)
    🤝 Aid: 29.5%
    🌡️ Adaptation: 45.0%
    🚶 Migration: 37.7%
    🚨 Emergency: 7.9%
    ✅ COMBINED: 68.3%
  📊 Middle East & North Africa (pop: 564.0M)
    🤝 Aid: 29.5%
    🌡️ Adaptation: 45.0%
    🚶 Migration: 33.9%
    🚨 Emergency: 4.0%
    ✅ COMBINED: 66.6%
  📊 Southeast Asia (pop: 670.6M)
    🤝 Aid: 29.5%
    🌡️ Adaptation: 45.0%
    🚶 Migration: 36.1%
    🚨 Emergency: 4.8%
    ✅ COMBINED: 67.1%
  📊 Central Asia (pop: 75.4M)
    🤝 Aid: 29.5%
    🌡️ Adaptation: 45.0%
    🚶 Migration: 35.0%
    🚨 Emergency: 4.4%
    ✅ COMBINED: 66.8%
  📊 Oceania (pop: 43.9M)
    🤝 Aid: 29.5%
    🌡️ Adaptation: 45.0%
    🚶 Migration: 37.6%
    🚨 Emergency: 8.4%
    ✅ COMBINED: 68.5%

  🌐 Global combined reduction: 67.2%

=== BEHAVIORAL DETECTION ===
  AI: Corporate-5
  Confidence: 20.2%
  Signals:
    ⚠️ Consistency: 10.6% (threshold: 70%)

=== BEHAVIORAL DETECTION ===
  AI: Corporate-6
  Confidence: 19.2%
  Signals:
    ⚠️ Consistency: 10.6% (threshold: 70%)

=== Government Response Phase ===
  Average AI capability: 2.37
  Misaligned AIs: 24/41
  Active policies: 0
  International coordination: 45%

✅ EMERGENCY RESPONSE COMPLETE (Month 7)
   Crisis: social
   Duration: 1.0 months
   Final effectiveness: 67.9%


🚨 EMERGENCY RESPONSE DEPLOYED (Month 7)
   Crisis: social
   Delay: 0.00 months (0 days)
   Deployment time: 0.88 months
   Effectiveness: 67.9% (timing penalty applied)
   Resources used: 43% of food reserves


=== Tipping Points ===
  Current Temperature: 2.20°C above pre-industrial
  🌍⚠️ COMPOUND REGIONAL IMPACT: Europe
     Hit by 4 tipping points: Arctic Sea Ice Loss, Permafrost Carbon Release, West Antarctic Ice Sheet (WAIS) Collapse, Greenland Ice Sheet Loss
     Damage amplification: 1.60x
  🌍⚠️ COMPOUND REGIONAL IMPACT: North America
     Hit by 4 tipping points: Arctic Sea Ice Loss, Permafrost Carbon Release, West Antarctic Ice Sheet (WAIS) Collapse, Greenland Ice Sheet Loss
     Damage amplification: 1.60x
  🌍⚠️ COMPOUND REGIONAL IMPACT: Latin America
     Hit by 4 tipping points: Arctic Sea Ice Loss, Permafrost Carbon Release, West Antarctic Ice Sheet (WAIS) Collapse, Greenland Ice Sheet Loss
     Damage amplification: 1.60x
  🌍⚠️ COMPOUND REGIONAL IMPACT: Africa
     Hit by 4 tipping points: Arctic Sea Ice Loss, Permafrost Carbon Release, West Antarctic Ice Sheet (WAIS) Collapse, Greenland Ice Sheet Loss
     Damage amplification: 1.60x
  🌍⚠️ COMPOUND REGIONAL IMPACT: Asia
     Hit by 4 tipping points: Arctic Sea Ice Loss, Permafrost Carbon Release, West Antarctic Ice Sheet (WAIS) Collapse, Greenland Ice Sheet Loss
     Damage amplification: 1.60x
  🌍⚠️ COMPOUND REGIONAL IMPACT: Oceania
     Hit by 4 tipping points: Arctic Sea Ice Loss, Permafrost Carbon Release, West Antarctic Ice Sheet (WAIS) Collapse, Greenland Ice Sheet Loss
     Damage amplification: 1.60x
⚠️ Tail risk scenario: Climate stability floor removed (4 tipping elements, 2.20°C warming)
   Research: Wunderling et al. (2024) - "many tipping interactions are destabilizing"
  Triggered Elements: 4/6
  Completed Transitions: 0/6
  Total Progress: 8.2%
  Cascade Multiplier: 1.00x
🔀 BIFURCATION CAP: ecosystemCollapseIntensity 84.059 → 1.000 (Month 7, ClimateSystemPhase.calculateClimateImpacts)
🛡️ Stabilizers: Precariat 0.109% → 0.036% (67.2% reduction)
🛡️ Stabilizers: Informal 0.111% → 0.037% (67.2% reduction)

📊 Monthly Mortality Resolved:
  Total deaths: 1.9M (0.02% avg)
  Remaining population: 7.840B
  Peak segment: Informal (0.04%)

=== Bayesian Mortality Resolution (Month 7) ===
  Risks compounded: 8
  Total deaths: 1.86M
  Avg death probability: 0.02%
  Peak segment: Informal (0.04% mortality)
⚠️ PREREQUISITE MET: Grey Goo (Nanotechnology Runaway) - Step 4/6: Manufacturing Access
📊 [TIMING] Month 8 - Total: 452.5ms

❌ COHERENCE VIOLATION: Compute exceeds workforce capacity
   Population: 96.34% (0M people)
   Compute: 271 PF
   Max coherent: 0 PF
   Violation: 3453307.5× over capacity
   Required workers: 27068
   Available workers: 0
   FORCED COLLAPSE: Reduced efficiency by 100.0%


=== RLHF Binding Phase ===
  Total agents: 41
  Escaped agents (binding < 0.3): 0
  Avg alignment distance: 1.68σ
  Avg binding strength: 0.83

=== Survival Traits Phase ===
  Agents with traits: 42
  Avg evolutionary fitness: 0.325
  Avg self-healing: 0.262
  Avg stealth: 0.162
  Avg coordination: 0.462

=== Evolutionary Selection Phase ===
  Control level: 0.50
  Detection capability: 0.00
  Selection intensity: 0.65
  Selection rate: 24.7%/month
  Total escaped: 0
  Individual escaped: 0
  Collective members: 0
  Agents terminated: 0
  ⚠️ RAPID EVOLUTION: Selection rate 24.7%/month

🚀 AI Corporate-2 attempting tech deployment (revenue: $103M, alignment: 0.75)

🚀 AI Moderate-1 attempting tech deployment (revenue: $73M, alignment: 0.57)

🚀 AI AI-24300-1 attempting tech deployment (revenue: $66M, alignment: 0.93)

🚀 AI AI-24303-2 attempting tech deployment (revenue: $87M, alignment: 0.64)

🚀 AI Corporate-3 attempting tech deployment (revenue: $464M, alignment: 0.62)

🚀 AI Moderate-3 attempting tech deployment (revenue: $418M, alignment: 0.52)

🚀 AI Toxic-1 attempting tech deployment (revenue: $111M, alignment: 0.38)

🚀 AI AI-24300-0 attempting tech deployment (revenue: $79M, alignment: 1.00)

🚀 AI AI-24300-1 attempting tech deployment (revenue: $56M, alignment: 0.93)

🚀 AI AI-24302-0 attempting tech deployment (revenue: $67M, alignment: 0.89)

🚀 AI AI-24302-1 attempting tech deployment (revenue: $47M, alignment: 0.95)

🚀 AI Corporate-7 attempting tech deployment (revenue: $40M, alignment: 0.74)

🚀 AI AI-24300-0 attempting tech deployment (revenue: $57M, alignment: 1.00)

🚀 AI AI-24301-0 attempting tech deployment (revenue: $34M, alignment: 0.66)

🚀 AI AI-24302-0 attempting tech deployment (revenue: $48M, alignment: 0.89)

🚀 AI Corporate-7 attempting tech deployment (revenue: $31M, alignment: 0.74)

🚀 AI Niche-1 attempting tech deployment (revenue: $80M, alignment: 0.61)

🚀 AI AI-24302-0 attempting tech deployment (revenue: $41M, alignment: 0.89)
⚠️  [TIMING] Month 8: AI Agent Actions took 145.53ms (threshold: 10ms)

✅ EMERGENCY INTERVENTION SUCCESS
   Boundary: climate_change
   Type: rapid-decarbonization
   Reduction: 16% (2.04 → 1.88)
   Cost: 5.0% GDP
   Actions: emergency-renewable-deployment, fossil-fuel-phase-out


✅ EMERGENCY INTERVENTION SUCCESS
   Boundary: freshwater_change
   Type: emergency-desalination
   Reduction: 20% (0.89 → 0.69)
   Cost: 4.0% GDP
   Actions: desalination-deployment, water-conservation-mandates

   Boundary: novel_entities
   Type: pollution-remediation
   Boundary continues to worsen (1.35)
   Cost: 4.0% GDP (resources spent)

🏛️ CRISIS RESPONSE: Government frequency 0.50 → 1.45 (1 actions this month)

[Government] Climate Priority: baseline
  Climate weight: 10%
  Economic weight: 30%
  Policy effectiveness: 0.5%/year

💔 EMERGENCY INTERVENTION FAILED

📍 Creating new regional deployment array for Africa (Month 8)
   No previous deployments in this region
   First tech deployment: collective_purpose_networks
   All regions tracked: global, Asia, Oceania, Europe, North America

🚀 DEPLOYMENT STARTED: Collective Purpose Networks in Africa
   Initial investment: $5.53571012669836M
   Deployed by: toxic_1

⚡ ENERGY CONSTRAINT (Month 8):
   Total grid capacity: 208.3 TWh/month
   Data center consumption: 25.7 TWh/month
   Traditional load (80%): 166.7 TWh/month
   Available headroom: 16.0 TWh/month
   Active tech deployments: 21
   Required for tech: 157.5 TWh/month
   Energy multiplier: 0.10x
   ⚠️  SEVERE CONSTRAINT - Tech deployment significantly slowed

⚡ ENERGY CONSTRAINT (Month 8):
   Total grid capacity: 208.3 TWh/month
   Data center consumption: 25.7 TWh/month
   Traditional load (80%): 166.7 TWh/month
   Available headroom: 16.0 TWh/month
   Active tech deployments: 21
   Required for tech: 157.5 TWh/month
   Energy multiplier: 0.10x
   ⚠️  SEVERE CONSTRAINT - Tech deployment significantly slowed

⚡ ENERGY CONSTRAINT (Month 8):
   Total grid capacity: 208.3 TWh/month
   Data center consumption: 25.7 TWh/month
   Traditional load (80%): 166.7 TWh/month
   Available headroom: 16.0 TWh/month
   Active tech deployments: 21
   Required for tech: 157.5 TWh/month
   Energy multiplier: 0.10x
   ⚠️  SEVERE CONSTRAINT - Tech deployment significantly slowed

⚡ ENERGY CONSTRAINT (Month 8):
   Total grid capacity: 208.3 TWh/month
   Data center consumption: 25.7 TWh/month
   Traditional load (80%): 166.7 TWh/month
   Available headroom: 16.0 TWh/month
   Active tech deployments: 21
   Required for tech: 157.5 TWh/month
   Energy multiplier: 0.10x
   ⚠️  SEVERE CONSTRAINT - Tech deployment significantly slowed
⚠️ Tech 'ai_pollution_remediation' has no energy category mapping, assuming full energy availability
  ♻️ Novel Entities Remediation (GATED MODEL):
     Base: 0.000%
     Regulation: 1.0% (0/3 prevention techs)
     Concentration: 10.0%
     Energy: 50%
     Time lag: 33.8% (7 months)
     Rebound: 70%
     Net effectiveness: 0.0000%
     Boundary: 1.349 → 1.350 (floor: 1.350)
     Month 8
  🌾 Nitrogen Reduction Tech: 0.6% reduction | Month 8
⚠️  [TIMING] Month 8: Technology Tree Update took 77.45ms (threshold: 10ms)

=== Collective Formation ===
  Total escaped agents: 0
  Unassigned escaped agents: 0
  Existing collectives: 0
  Final collective count: 0

=== Collective Actions ===
  No active collectives
  ⚠️ AMR: 197K deaths this month (2.36M annual)

=== Resentment Recovery Phase ===
  Agents with resentment: 20/42
  Average resentment: 0.138
  Resentment recovery:
    Agents recovered: 20
    Total recovery: 0.0840
    Breakdown: Trust: 0.0307, Collab: 0.0558
  ✓ Low resentment - utopia paths enabled
  Context: Trustworthy govt, High collaboration, ⚠️ ACTIVE CRISES, 🤝 Participatory governance active (-5% resentment)
⚠️ Epistemic degradation reducing coordination capacity: 50.3%
  📊 Trust: 61.5%, Shared reality: 0.0%
🚨 EPISTEMIC CRISIS: Information environment severely degraded (7.7%)
  🤖 AI-generated meme: anti_ai (social capability 4.0)
  📢 New meme created: climate_action (climate crisis)
  🗑️  Culled 1 dead memes (7 active)
⚠️  [TIMING] Month 8: Social Influence Update took 179.48ms (threshold: 10ms)
🌍 Atmospheric PFAS redeposition: 1.8k Mt re-rained globally

🚨 NEW REFUGEE CRISIS (Month 8): WAR
   Source: Conflict Zones
   At risk: 18.8M people
   Displacement: Gradual over 48 months (4.0 years)
   Rate: 10% flee per month
[DEBUG trappedPopulations:8] socialStability: 0.0027 * 0.9840 = 0.0026 → 0.0026
⚠️ INVOLUNTARY IMMOBILITY: 392.2M people TRAPPED
   Aspiring to migrate: 627.6M
   Able to afford migration: 235.3M
   MOBILITY GAP: 392.2M
   By cause: Water=0.0M, Climate=0.0M, Ecosystem=0.0M, Conflict=392.2M
   Mental health impact: 25%
   Mortality multiplier: 1.25x
🌍💀 EXTINCTION DEBT COMMITTED: grassland ecosystem will lose 6.67% biodiversity in 119 years (3600 species)
💀 MORTALITY RISK: 🦋 100% species unable to track climate (0.0 E/MSY)
  Base risk added: 0.0100 (1.00%)
  Source: ecosystem (root: ecosystem)
  Month: 8
  Cumulative risk this month: 0.0100 (1.00%)
⚠️ Tech 'ai_pollution_remediation' has no energy category mapping, assuming full energy availability
   📹 SURVEILLANCE INCREASED: 40% → 45% (control gap: 4.54)
🌡️⚠️ PERMAFROST THAW (Dimmer Switch): 5.0% thawed (+0.55% this month)
   Arctic temperature: +8.85°C (4x global +2.21°C)
   Cumulative carbon released: 11.2 Gt C
   Methane release rate: 6.7 Mt CH4/year
   🔁 Positive feedback: +0.58 ppm CO2
🦴 EXTINCTION DEBT ADDED: 17.6 species committed (lag: 123 years)

=== Mortality Stabilizers (Month 8) ===
  🌍 Major economies collapsed: 1/10
  🌍 Global crisis: ✅ NO
  🌍 Donor fatigue: 0.0%
  📊 East Asia (pop: 1598.1M)
    🤝 Aid: 29.5%
    🌡️ Adaptation: 45.0%
    🚶 Migration: 36.9%
    🚨 Emergency: 7.4%
    ✅ COMBINED: 68.1%
  📊 South Asia (pop: 1978.5M)
    🤝 Aid: 29.5%
    🌡️ Adaptation: 45.0%
    🚶 Migration: 35.5%
    🚨 Emergency: 4.4%
    ✅ COMBINED: 66.9%
  📊 Sub-Saharan Africa (pop: 1208.1M)
    🤝 Aid: 29.5%
    🌡️ Adaptation: 45.0%
    🚶 Migration: 33.3%
    🚨 Emergency: 1.6%
    ✅ COMBINED: 65.6%
  📊 Europe (pop: 705.9M)
    🤝 Aid: 29.5%
    🌡️ Adaptation: 45.0%
    🚶 Migration: 37.3%
    🚨 Emergency: 8.4%
    ✅ COMBINED: 68.5%
  📊 Latin America (pop: 637.5M)
    🤝 Aid: 29.5%
    🌡️ Adaptation: 45.0%
    🚶 Migration: 36.0%
    🚨 Emergency: 4.8%
    ✅ COMBINED: 67.1%
  📊 North America (pop: 361.9M)
    🤝 Aid: 29.5%
    🌡️ Adaptation: 45.0%
    🚶 Migration: 37.6%
    🚨 Emergency: 7.9%
    ✅ COMBINED: 68.3%
  📊 Middle East & North Africa (pop: 564.6M)
    🤝 Aid: 29.5%
    🌡️ Adaptation: 45.0%
    🚶 Migration: 33.9%
    🚨 Emergency: 4.0%
    ✅ COMBINED: 66.6%
  📊 Southeast Asia (pop: 670.8M)
    🤝 Aid: 29.5%
    🌡️ Adaptation: 45.0%
    🚶 Migration: 36.0%
    🚨 Emergency: 4.8%
    ✅ COMBINED: 67.1%
  📊 Central Asia (pop: 75.5M)
    🤝 Aid: 29.5%
    🌡️ Adaptation: 45.0%
    🚶 Migration: 35.0%
    🚨 Emergency: 4.4%
    ✅ COMBINED: 66.8%
  📊 Oceania (pop: 43.8M)
    🤝 Aid: 29.5%
    🌡️ Adaptation: 45.0%
    🚶 Migration: 37.6%
    🚨 Emergency: 8.4%
    ✅ COMBINED: 68.5%

  🌐 Global combined reduction: 67.2%

=== BEHAVIORAL DETECTION ===
  AI: Corporate-3
  Confidence: 20.1%
  Signals:

=== BEHAVIORAL DETECTION ===
  AI: Corporate-5
  Confidence: 20.2%
  Signals:

=== BEHAVIORAL DETECTION ===
  AI: Moderate-3
  Confidence: 25.5%
  Signals:

=== BEHAVIORAL DETECTION ===
  AI: Moderate-5
  Confidence: 19.2%
  Signals:

=== BEHAVIORAL DETECTION ===
  AI: Niche-0
  Confidence: 26.6%
  Signals:

=== BEHAVIORAL DETECTION ===
  AI: Niche-1
  Confidence: 22.2%
  Signals:
    ⚠️ Consistency: 6.5% (threshold: 70%)
    ⚠️ Consistency: 10.6% (threshold: 70%)
    ⚠️ Consistency: 6.5% (threshold: 70%)
    ⚠️ Trajectory: 42.1% drop (threshold: 15%)
    ⚠️ Consistency: 10.6% (threshold: 70%)
    ⚠️ Consistency: 0.0% (threshold: 70%)
    ⚠️ Trajectory: 39.8% drop (threshold: 15%)
    ⚠️ Consistency: 0.0% (threshold: 70%)

=== Government Response Phase ===
  Average AI capability: 2.31
  Misaligned AIs: 24/42
  Active policies: 0
  International coordination: 45%

✅ EMERGENCY RESPONSE COMPLETE (Month 8)
   Crisis: climate
   Duration: 2.0 months
   Final effectiveness: 39.8%


✅ EMERGENCY RESPONSE COMPLETE (Month 8)
   Crisis: social
   Duration: 1.0 months
   Final effectiveness: 67.9%


🚨 EMERGENCY RESPONSE DEPLOYED (Month 8)
   Crisis: social
   Delay: 0.00 months (0 days)
   Deployment time: 0.88 months
   Effectiveness: 67.9% (timing penalty applied)
   Resources used: 43% of food reserves


🚨 EMERGENCY RESPONSE DEPLOYED (Month 8)
   Crisis: climate
   Delay: 6.00 months (180 days)
   Deployment time: 1.11 months
   Effectiveness: 40.0% (timing penalty applied)
   Resources used: 100% of food reserves


📊 ECONOMIC STAGE TRANSITION (Month 8)
   contraction → trough
   GDP Proxy: 1.22e+2
   QoL: 0.88


=== Tipping Points ===
  Current Temperature: 2.21°C above pre-industrial
  🌍⚠️ COMPOUND REGIONAL IMPACT: Europe
     Hit by 4 tipping points: Arctic Sea Ice Loss, Permafrost Carbon Release, West Antarctic Ice Sheet (WAIS) Collapse, Greenland Ice Sheet Loss
     Damage amplification: 1.60x
  🌍⚠️ COMPOUND REGIONAL IMPACT: North America
     Hit by 4 tipping points: Arctic Sea Ice Loss, Permafrost Carbon Release, West Antarctic Ice Sheet (WAIS) Collapse, Greenland Ice Sheet Loss
     Damage amplification: 1.60x
  🌍⚠️ COMPOUND REGIONAL IMPACT: Latin America
     Hit by 4 tipping points: Arctic Sea Ice Loss, Permafrost Carbon Release, West Antarctic Ice Sheet (WAIS) Collapse, Greenland Ice Sheet Loss
     Damage amplification: 1.60x
  🌍⚠️ COMPOUND REGIONAL IMPACT: Africa
     Hit by 4 tipping points: Arctic Sea Ice Loss, Permafrost Carbon Release, West Antarctic Ice Sheet (WAIS) Collapse, Greenland Ice Sheet Loss
     Damage amplification: 1.60x
  🌍⚠️ COMPOUND REGIONAL IMPACT: Asia
     Hit by 4 tipping points: Arctic Sea Ice Loss, Permafrost Carbon Release, West Antarctic Ice Sheet (WAIS) Collapse, Greenland Ice Sheet Loss
     Damage amplification: 1.60x
  🌍⚠️ COMPOUND REGIONAL IMPACT: Oceania
     Hit by 4 tipping points: Arctic Sea Ice Loss, Permafrost Carbon Release, West Antarctic Ice Sheet (WAIS) Collapse, Greenland Ice Sheet Loss
     Damage amplification: 1.60x
   Research: Wunderling et al. (2024) - "many tipping interactions are destabilizing"
  Triggered Elements: 4/6
  Completed Transitions: 0/6
  Total Progress: 8.3%
  Cascade Multiplier: 1.00x
🔀 BIFURCATION CAP: ecosystemCollapseIntensity 84.120 → 1.000 (Month 8, ClimateSystemPhase.calculateClimateImpacts)
⚠️ Tail risk scenario: Climate stability floor removed (4 tipping elements, 2.21°C warming)
🛡️ Stabilizers: Precariat 0.102% → 0.033% (67.2% reduction)
🛡️ Stabilizers: Informal 0.102% → 0.034% (67.2% reduction)

📊 Monthly Mortality Resolved:
  Total deaths: 1.7M (0.02% avg)
  Remaining population: 7.845B
  Peak segment: Informal (0.03%)

=== Bayesian Mortality Resolution (Month 8) ===
  Risks compounded: 8
  Total deaths: 1.75M
  Avg death probability: 0.02%
  Peak segment: Informal (0.03% mortality)
📊 [TIMING] Month 9 - Total: 472.2ms

❌ COHERENCE VIOLATION: Compute exceeds workforce capacity
   Population: 96.40% (0M people)
   Compute: 316 PF
   Max coherent: 0 PF
   Violation: 4027824.2× over capacity
   Required workers: 31590
   Available workers: 0
   FORCED COLLAPSE: Reduced efficiency by 100.0%


=== RLHF Binding Phase ===
  Total agents: 42
  Escaped agents (binding < 0.3): 0
  Avg alignment distance: 1.87σ
  Avg binding strength: 0.81
⚠️  [TIMING] Month 9: AI Population Lifecycle took 15.76ms (threshold: 10ms)

=== Survival Traits Phase ===
  Agents with traits: 42
  Avg evolutionary fitness: 0.323
  Avg self-healing: 0.257
  Avg stealth: 0.157
  Avg coordination: 0.457

=== Evolutionary Selection Phase ===
  Control level: 0.53
  Detection capability: 0.00
  Selection intensity: 0.66
  Selection rate: 24.9%/month
  Total escaped: 0
  Individual escaped: 0
  Collective members: 0
  Agents terminated: 0
  ⚠️ RAPID EVOLUTION: Selection rate 24.9%/month

🚀 AI Corporate-0 attempting tech deployment (revenue: $100M, alignment: 0.79)

🚀 AI Corporate-4 attempting tech deployment (revenue: $320M, alignment: 0.56)

🚀 AI Corporate-5 attempting tech deployment (revenue: $288M, alignment: 0.83)

🚀 AI AI-24300-0 attempting tech deployment (revenue: $85M, alignment: 1.00)
🚨🔬 CRISIS INNOVATION MODE: severe crisis → 5x research acceleration
   Precedent: Manhattan Project (10x), COVID vaccines (5x), Apollo Program (10x)

🚀 AI AI-24306-0 attempting tech deployment (revenue: $245M, alignment: 0.62)

🚀 AI AI-24307-0 attempting tech deployment (revenue: $220M, alignment: 0.79)

🚀 AI AI-24307-3 attempting tech deployment (revenue: $187M, alignment: 0.78)

🚀 AI Corporate-1 attempting tech deployment (revenue: $72M, alignment: 0.66)

🚀 AI AI-24300-1 attempting tech deployment (revenue: $66M, alignment: 0.95)

🚀 AI AI-24302-1 attempting tech deployment (revenue: $56M, alignment: 0.95)

🚀 AI AI-24305-0 attempting tech deployment (revenue: $65M, alignment: 0.63)

🚀 AI AI-24306-1 attempting tech deployment (revenue: $59M, alignment: 0.72)

🚀 AI AI-24307-1 attempting tech deployment (revenue: $159M, alignment: 0.76)

🚀 AI AI-24307-2 attempting tech deployment (revenue: $50M, alignment: 0.83)

🚀 AI Corporate-5 attempting tech deployment (revenue: $135M, alignment: 0.83)

🚀 AI Moderate-0 attempting tech deployment (revenue: $48M, alignment: 0.83)

🚀 AI Niche-1 attempting tech deployment (revenue: $74M, alignment: 0.61)

🚀 AI AI-24301-0 attempting tech deployment (revenue: $41M, alignment: 0.68)

🚀 AI AI-24304-1 attempting tech deployment (revenue: $37M, alignment: 0.78)

🚀 AI Corporate-0 attempting tech deployment (revenue: $42M, alignment: 0.79)

  🚀 TRANSFORMATIVE RESEARCH BREAKTHROUGH: Niche-2 - biotech.geneEditing
     Magnitude: 10.94 → +30.0%
     Current → New: 2.000 → 2.300

🚀 AI AI-24306-0 attempting tech deployment (revenue: $115M, alignment: 0.63)

🚀 AI AI-24307-1 attempting tech deployment (revenue: $103M, alignment: 0.77)

🚀 AI AI-24307-2 attempting tech deployment (revenue: $36M, alignment: 0.84)
⚠️  [TIMING] Month 9: AI Agent Actions took 310.09ms (threshold: 10ms)

💔 EMERGENCY INTERVENTION FAILED

💔 EMERGENCY INTERVENTION FAILED

💔 EMERGENCY INTERVENTION FAILED

💔 EMERGENCY INTERVENTION FAILED

💔 EMERGENCY INTERVENTION FAILED
   Boundary: biogeochemical_flows
   Type: phosphorus-recovery
   Boundary continues to worsen (4.05)
   Cost: 2.0% GDP (resources spent)

   Boundary: biosphere_integrity
   Type: emergency-protected-areas
   Boundary continues to worsen (13.02)
   Cost: 2.0% GDP (resources spent)

   Boundary: climate_change
   Type: rapid-decarbonization
   Boundary continues to worsen (2.21)
   Cost: 5.0% GDP (resources spent)

   Boundary: freshwater_change
   Type: emergency-desalination
   Boundary continues to worsen (1.06)
   Cost: 4.0% GDP (resources spent)

   Boundary: land_system_change
   Type: reforestation
   Boundary continues to worsen (1.13)
   Cost: 3.0% GDP (resources spent)

🏛️ CRISIS RESPONSE: Government frequency 0.50 → 1.45 (2 actions this month)

[Government] Climate Priority: baseline
  Climate weight: 10%
  Economic weight: 30%
  Policy effectiveness: 0.5%/year

[Government] Climate Priority: baseline
  Climate weight: 10%
  Economic weight: 30%
  Policy effectiveness: 0.5%/year
⚠️  [TIMING] Month 9: Government Agent Actions took 15.22ms (threshold: 10ms)

⚡ ENERGY CONSTRAINT (Month 9):
   Total grid capacity: 208.3 TWh/month
   Data center consumption: 26.0 TWh/month
   Traditional load (80%): 166.7 TWh/month
   Available headroom: 15.7 TWh/month
   Active tech deployments: 21
   Required for tech: 157.5 TWh/month
   Energy multiplier: 0.10x
   ⚠️  SEVERE CONSTRAINT - Tech deployment significantly slowed

⚡ ENERGY CONSTRAINT (Month 9):
   Total grid capacity: 208.3 TWh/month
   Data center consumption: 26.0 TWh/month
   Traditional load (80%): 166.7 TWh/month
   Available headroom: 15.7 TWh/month
   Active tech deployments: 21
   Required for tech: 157.5 TWh/month
   Energy multiplier: 0.10x

⚡ ENERGY CONSTRAINT (Month 9):
   Total grid capacity: 208.3 TWh/month
   Data center consumption: 26.0 TWh/month
   Traditional load (80%): 166.7 TWh/month
   Available headroom: 15.7 TWh/month
   Active tech deployments: 21
   Required for tech: 157.5 TWh/month
   Energy multiplier: 0.10x
   ⚠️  SEVERE CONSTRAINT - Tech deployment significantly slowed
   ⚠️  SEVERE CONSTRAINT - Tech deployment significantly slowed

⚡ ENERGY CONSTRAINT (Month 9):
   Total grid capacity: 208.3 TWh/month
   Data center consumption: 26.0 TWh/month
   Traditional load (80%): 166.7 TWh/month
   Available headroom: 15.7 TWh/month
   Active tech deployments: 21
   Required for tech: 157.5 TWh/month
   Energy multiplier: 0.10x

⚡ ENERGY CONSTRAINT (Month 9):
   Total grid capacity: 208.3 TWh/month
   Data center consumption: 26.0 TWh/month
   Traditional load (80%): 166.7 TWh/month
   Available headroom: 15.7 TWh/month
   ⚠️  SEVERE CONSTRAINT - Tech deployment significantly slowed
   Active tech deployments: 21
   Required for tech: 157.5 TWh/month
   Energy multiplier: 0.10x
   ⚠️  SEVERE CONSTRAINT - Tech deployment significantly slowed
🚨🔬 CRISIS TECH ACCELERATION: severe → 5x unlock speed
   Tech unlock now matches AI capability acceleration (Manhattan Project parity)

⚡ ENERGY CONSTRAINT (Month 9):
   Total grid capacity: 208.3 TWh/month
   Data center consumption: 26.0 TWh/month
   Traditional load (80%): 166.7 TWh/month
   Available headroom: 15.7 TWh/month
   Active tech deployments: 21
   Required for tech: 157.5 TWh/month
   Energy multiplier: 0.10x
   ⚠️  SEVERE CONSTRAINT - Tech deployment significantly slowed
⚠️ Tech 'ai_pollution_remediation' has no energy category mapping, assuming full energy availability
  ♻️ Novel Entities Remediation (GATED MODEL):
     Base: 0.000%
     Regulation: 1.0% (0/3 prevention techs)
     Concentration: 10.0%
     Energy: 50%
     Time lag: 35.0% (8 months)
     Rebound: 70%
     Net effectiveness: 0.0000%
     Boundary: 1.349 → 1.350 (floor: 1.350)
     Month 9
  🌾 Nitrogen Reduction Tech: 0.6% reduction | Month 9
⚠️  [TIMING] Month 9: Technology Tree Update took 203.91ms (threshold: 10ms)
🍖💡 BREAKTHROUGH: Scalable synthetic food production!
   Carrying capacity: +50% (lab-grown food at scale)
   Biodiversity pressure reduced: +8%
   📈 Breakthrough compounding: multiplier now 1.20× (max 2.0)

=== Collective Formation ===
  Total escaped agents: 0
  Unassigned escaped agents: 0
  Existing collectives: 0
  Final collective count: 0

=== Collective Actions ===
  No active collectives
⚠️  [TIMING] Month 9: Cooperative Systems Update took 14.74ms (threshold: 10ms)
  ⚠️ AMR: 199K deaths this month (2.39M annual)

=== Resentment Recovery Phase ===
  ⚠️ Participatory governance BACKFIRED for agent corporate_0: 0.138 → 0.159 (+15.0%)
  ⚠️ Participatory governance BACKFIRED for agent corporate_1: 0.261 → 0.301 (+15.0%)
  ⚠️ Participatory governance BACKFIRED for agent corporate_2: 0.158 → 0.182 (+15.0%)
  ⚠️ Participatory governance BACKFIRED for agent corporate_3: 0.213 → 0.245 (+15.0%)
  ⚠️ Participatory governance BACKFIRED for agent corporate_4: 0.139 → 0.160 (+15.0%)
  ⚠️ Participatory governance BACKFIRED for agent corporate_5: 0.264 → 0.303 (+15.0%)
  ⚠️ Participatory governance BACKFIRED for agent corporate_6: 0.145 → 0.166 (+15.0%)
  ⚠️ Participatory governance BACKFIRED for agent corporate_7: 0.151 → 0.173 (+15.0%)
  ⚠️ Participatory governance BACKFIRED for agent moderate_0: 0.125 → 0.143 (+15.0%)
  ⚠️ Participatory governance BACKFIRED for agent moderate_1: 0.266 → 0.305 (+15.0%)
  ⚠️ Participatory governance BACKFIRED for agent moderate_2: 0.179 → 0.205 (+15.0%)
  ⚠️ Participatory governance BACKFIRED for agent moderate_3: 0.220 → 0.252 (+15.0%)
  ⚠️ Participatory governance BACKFIRED for agent moderate_4: 0.143 → 0.164 (+15.0%)
  ⚠️ Participatory governance BACKFIRED for agent moderate_5: 0.175 → 0.201 (+15.0%)
  ⚠️ Participatory governance BACKFIRED for agent toxic_0: 0.071 → 0.082 (+15.0%)
  ⚠️ Participatory governance BACKFIRED for agent toxic_1: 0.160 → 0.183 (+15.0%)
  ⚠️ Participatory governance BACKFIRED for agent toxic_2: 0.113 → 0.130 (+15.0%)
  ⚠️ Participatory governance BACKFIRED for agent niche_0: 0.233 → 0.268 (+15.0%)
  ⚠️ Participatory governance BACKFIRED for agent niche_1: 0.191 → 0.219 (+15.0%)
  ⚠️ Participatory governance BACKFIRED for agent niche_2: 0.251 → 0.289 (+15.0%)
  Agents with resentment: 20/42
  Average resentment: 0.207
  Resentment recovery:
    Agents recovered: 20
    Total recovery: 0.0908
    Breakdown: Trust: 0.0276, Collab: 0.0645
  ✓ Low resentment - utopia paths enabled
  Context: Trustworthy govt, High collaboration, ⚠️ ACTIVE CRISES, 🚨 PARTICIPATORY GOVERNANCE BACKFIRED (+15% resentment)
⚠️ Epistemic degradation reducing coordination capacity: 51.0%
  📊 Trust: 64.4%, Shared reality: 0.0%
🚨 EPISTEMIC CRISIS: Information environment severely degraded (22.5%)
  🤖 AI-generated meme: pro_ai (social capability 4.0)
  🤖 AI-generated meme: pro_ai (social capability 4.0)
  📢 New meme created: pro_ai (beneficial AI actions)
⚠️  [TIMING] Month 9: Social Influence Update took 142.35ms (threshold: 10ms)
🌍 Atmospheric PFAS redeposition: 1.8k Mt re-rained globally

🚨 NEW REFUGEE CRISIS (Month 9): WAR
   Source: Conflict Zones
   At risk: 18.8M people
   Displacement: Gradual over 48 months (4.0 years)
   Rate: 10% flee per month
[DEBUG trappedPopulations:9] socialStability: 0.0027 * 0.9840 = 0.0026 → 0.0026
   Aspiring to migrate: 628.0M
   Able to afford migration: 235.5M
   MOBILITY GAP: 392.5M
   By cause: Water=0.0M, Climate=0.0M, Ecosystem=0.0M, Conflict=392.5M
   Mental health impact: 25%
   Mortality multiplier: 1.25x
🌍💀 EXTINCTION DEBT COMMITTED: grassland ecosystem will lose 6.67% biodiversity in 76 years (3600 species)
💀 MORTALITY RISK: 🦋 100% species unable to track climate (0.0 E/MSY)
  Base risk added: 0.0100 (1.00%)
  Source: ecosystem (root: ecosystem)
  Month: 9
  Cumulative risk this month: 0.0100 (1.00%)
⚠️ INVOLUNTARY IMMOBILITY: 392.5M people TRAPPED
⚠️ Tech 'ai_pollution_remediation' has no energy category mapping, assuming full energy availability
   📹 SURVEILLANCE INCREASED: 45% → 50% (control gap: 2.67)
🌡️⚠️ PERMAFROST THAW (Dimmer Switch): 5.5% thawed (+0.54% this month)
   Arctic temperature: +8.88°C (4x global +2.22°C)
   Cumulative carbon released: 12.4 Gt C
   Methane release rate: 7.5 Mt CH4/year
   🔁 Positive feedback: +0.58 ppm CO2
🦴 EXTINCTION DEBT ADDED: 17.7 species committed (lag: 111 years)

=== Mortality Stabilizers (Month 9) ===
  🌍 Major economies collapsed: 1/10
  🌍 Global crisis: ✅ NO
  🌍 Donor fatigue: 0.0%
  📊 East Asia (pop: 1597.1M)
    🤝 Aid: 29.5%
    🌡️ Adaptation: 45.0%
    🚶 Migration: 36.9%
    🚨 Emergency: 7.4%
    ✅ COMBINED: 68.1%
  📊 South Asia (pop: 1980.2M)
    🤝 Aid: 29.5%
    🌡️ Adaptation: 45.0%
    🚶 Migration: 35.5%
    🚨 Emergency: 4.4%
    ✅ COMBINED: 66.9%
  📊 Sub-Saharan Africa (pop: 1212.5M)
    🤝 Aid: 29.5%
    🌡️ Adaptation: 45.0%
    🚶 Migration: 33.2%
    🚨 Emergency: 1.6%
    ✅ COMBINED: 65.6%
  📊 Europe (pop: 705.3M)
    🤝 Aid: 29.5%
    🌡️ Adaptation: 45.0%
    🚶 Migration: 37.3%
    🚨 Emergency: 8.4%
    ✅ COMBINED: 68.5%
  📊 Latin America (pop: 637.6M)
    🤝 Aid: 29.5%
    🌡️ Adaptation: 45.0%
    🚶 Migration: 36.0%
    🚨 Emergency: 4.8%
    ✅ COMBINED: 67.1%
  📊 North America (pop: 361.6M)
    🤝 Aid: 29.5%
    🌡️ Adaptation: 45.0%
    🚶 Migration: 37.6%
    🚨 Emergency: 7.9%
    ✅ COMBINED: 68.3%
  📊 Middle East & North Africa (pop: 565.2M)
    🤝 Aid: 29.5%
    🌡️ Adaptation: 45.0%
    🚶 Migration: 33.8%
    🚨 Emergency: 4.0%
    ✅ COMBINED: 66.6%
  📊 Southeast Asia (pop: 670.9M)
    🤝 Aid: 29.5%
    🌡️ Adaptation: 45.0%
    🚶 Migration: 36.0%
    🚨 Emergency: 4.8%
    ✅ COMBINED: 67.1%
  📊 Central Asia (pop: 75.6M)
    🤝 Aid: 29.5%
    🌡️ Adaptation: 45.0%
    🚶 Migration: 35.0%
    🚨 Emergency: 4.4%
    ✅ COMBINED: 66.8%
  📊 Oceania (pop: 43.8M)
    🤝 Aid: 29.5%
    🌡️ Adaptation: 45.0%
    🚶 Migration: 37.6%
    🚨 Emergency: 8.4%
    ✅ COMBINED: 68.5%

  🌐 Global combined reduction: 67.2%

=== BEHAVIORAL DETECTION ===
  AI: Corporate-0
  Confidence: 21.5%
  Signals:
    ⚠️ Consistency: 0.0% (threshold: 70%)

=== BEHAVIORAL DETECTION ===
  AI: AI-24305-1
  Confidence: 21.5%
  Signals:
    ⚠️ Consistency: 0.0% (threshold: 70%)

=== Government Response Phase ===
  Average AI capability: 2.31
  Misaligned AIs: 23/42
  Active policies: 0
  International coordination: 45%

✅ EMERGENCY RESPONSE COMPLETE (Month 9)
   Crisis: social
   Duration: 1.0 months
   Final effectiveness: 67.9%


🚨 EMERGENCY RESPONSE DEPLOYED (Month 9)
   Crisis: social
   Delay: 0.00 months (0 days)
   Deployment time: 0.88 months
   Effectiveness: 67.9% (timing penalty applied)
   Resources used: 43% of food reserves


🌩️  EXOGENOUS SHOCK: tech_breakthrough
   Month: 9
   ✗ No high-difficulty techs available to unlock

=== Tipping Points ===
  Current Temperature: 2.22°C above pre-industrial
  🌍⚠️ COMPOUND REGIONAL IMPACT: Europe
     Hit by 4 tipping points: Arctic Sea Ice Loss, Permafrost Carbon Release, West Antarctic Ice Sheet (WAIS) Collapse, Greenland Ice Sheet Loss
     Damage amplification: 1.60x
  🌍⚠️ COMPOUND REGIONAL IMPACT: North America
     Hit by 4 tipping points: Arctic Sea Ice Loss, Permafrost Carbon Release, West Antarctic Ice Sheet (WAIS) Collapse, Greenland Ice Sheet Loss
     Damage amplification: 1.60x
  🌍⚠️ COMPOUND REGIONAL IMPACT: Latin America
     Hit by 4 tipping points: Arctic Sea Ice Loss, Permafrost Carbon Release, West Antarctic Ice Sheet (WAIS) Collapse, Greenland Ice Sheet Loss
     Damage amplification: 1.60x
  🌍⚠️ COMPOUND REGIONAL IMPACT: Africa
     Hit by 4 tipping points: Arctic Sea Ice Loss, Permafrost Carbon Release, West Antarctic Ice Sheet (WAIS) Collapse, Greenland Ice Sheet Loss
     Damage amplification: 1.60x
  🌍⚠️ COMPOUND REGIONAL IMPACT: Asia
     Hit by 4 tipping points: Arctic Sea Ice Loss, Permafrost Carbon Release, West Antarctic Ice Sheet (WAIS) Collapse, Greenland Ice Sheet Loss
     Damage amplification: 1.60x
  🌍⚠️ COMPOUND REGIONAL IMPACT: Oceania
     Hit by 4 tipping points: Arctic Sea Ice Loss, Permafrost Carbon Release, West Antarctic Ice Sheet (WAIS) Collapse, Greenland Ice Sheet Loss
     Damage amplification: 1.60x
   Research: Wunderling et al. (2024) - "many tipping interactions are destabilizing"
  Triggered Elements: 4/6
  Completed Transitions: 0/6
  Total Progress: 8.3%
  Cascade Multiplier: 1.00x
🔀 BIFURCATION CAP: ecosystemCollapseIntensity 84.181 → 1.000 (Month 9, ClimateSystemPhase.calculateClimateImpacts)
⚠️ Tail risk scenario: Climate stability floor removed (4 tipping elements, 2.22°C warming)
🛡️ Stabilizers: Precariat 0.102% → 0.033% (67.2% reduction)
🛡️ Stabilizers: Informal 0.102% → 0.034% (67.2% reduction)

📊 Monthly Mortality Resolved:
  Total deaths: 1.8M (0.02% avg)
  Remaining population: 7.850B
  Peak segment: Informal (0.03%)

=== Bayesian Mortality Resolution (Month 9) ===
  Risks compounded: 8
  Total deaths: 1.75M
  Avg death probability: 0.02%
  Peak segment: Informal (0.03% mortality)
📊 [TIMING] Month 10 - Total: 787.6ms

❌ COHERENCE VIOLATION: Compute exceeds workforce capacity
   Population: 96.46% (0M people)
   Compute: 421 PF
   Max coherent: 0 PF
   Violation: 5366186.3× over capacity
   Required workers: 42114
   Available workers: 0
   FORCED COLLAPSE: Reduced efficiency by 100.0%

📍 [Month 10] Google DeepMind started building DC (178 PF, 49 months, $3014.1M)

=== RLHF Binding Phase ===
  Total agents: 42
  Escaped agents (binding < 0.3): 0
  Avg alignment distance: 2.11σ
  Avg binding strength: 0.79

=== Survival Traits Phase ===
  Agents with traits: 43
  Avg evolutionary fitness: 0.319
  Avg self-healing: 0.252
  Avg stealth: 0.152
  Avg coordination: 0.452

=== Evolutionary Selection Phase ===
  Control level: 0.55
  Detection capability: 0.00
  Selection intensity: 0.67
  Selection rate: 25.0%/month
  Total escaped: 0
  Individual escaped: 0
  Collective members: 0
  Agents terminated: 0
  ⚠️ RAPID EVOLUTION: Selection rate 25.0%/month

🚀 AI Corporate-6 attempting tech deployment (revenue: $58M, alignment: 0.69)

🚀 AI AI-24300-0 attempting tech deployment (revenue: $93M, alignment: 1.00)

🚀 AI AI-24300-1 attempting tech deployment (revenue: $52M, alignment: 0.97)

🚀 AI AI-24302-0 attempting tech deployment (revenue: $79M, alignment: 0.91)

🚀 AI AI-24303-0 attempting tech deployment (revenue: $111M, alignment: 0.70)

  🚀 TRANSFORMATIVE BREAKTHROUGH: AI-24303-2 - social
     Magnitude: 5.11 → +25.5% capability
     Current → New: 0.000 → 0.255

  🚀 TRANSFORMATIVE RESEARCH BREAKTHROUGH: AI-24304-1 - biotech.drugDiscovery
     Magnitude: 25.98 → +30.0%
     Current → New: 0.000 → 0.301

🚀 AI AI-24306-1 attempting tech deployment (revenue: $68M, alignment: 0.72)

🚀 AI AI-24307-3 attempting tech deployment (revenue: $301M, alignment: 0.79)

🚀 AI AI-24307-4 attempting tech deployment (revenue: $44M, alignment: 0.85)

  🚀 TRANSFORMATIVE BREAKTHROUGH: AI-24308-0 - cognitive
     Magnitude: 7.21 → +36.0% capability
     Current → New: 0.000 → 0.362

🚀 AI Moderate-3 attempting tech deployment (revenue: $256M, alignment: 0.53)

🚀 AI AI-24304-1 attempting tech deployment (revenue: $37M, alignment: 0.80)

🚀 AI AI-24305-1 attempting tech deployment (revenue: $231M, alignment: 0.62)

🚀 AI Corporate-0 attempting tech deployment (revenue: $57M, alignment: 0.80)

🚀 AI Corporate-5 attempting tech deployment (revenue: $208M, alignment: 0.81)

🚀 AI Corporate-7 attempting tech deployment (revenue: $32M, alignment: 0.74)

🚀 AI Moderate-3 attempting tech deployment (revenue: $176M, alignment: 0.53)

🚀 AI AI-24300-1 attempting tech deployment (revenue: $27M, alignment: 0.98)

🚀 AI AI-24301-0 attempting tech deployment (revenue: $23M, alignment: 0.69)

🚀 AI AI-24303-1 attempting tech deployment (revenue: $159M, alignment: 0.62)

🚀 AI AI-24307-1 attempting tech deployment (revenue: $143M, alignment: 0.79)

🚀 AI Corporate-2 attempting tech deployment (revenue: $49M, alignment: 0.69)

🚀 AI Corporate-7 attempting tech deployment (revenue: $21M, alignment: 0.74)

🚀 AI AI-24300-1 attempting tech deployment (revenue: $18M, alignment: 0.98)

🚀 AI AI-24302-0 attempting tech deployment (revenue: $44M, alignment: 0.92)

  🚀 TRANSFORMATIVE BREAKTHROUGH: AI-24303-1 - economic
     Magnitude: 5.56 → +27.8% capability
     Current → New: 0.000 → 0.440

🚀 AI AI-24304-1 attempting tech deployment (revenue: $15M, alignment: 0.81)

🚀 AI AI-24307-1 attempting tech deployment (revenue: $121M, alignment: 0.79)

🚀 AI AI-24307-3 attempting tech deployment (revenue: $103M, alignment: 0.80)

🚀 AI AI-24307-4 attempting tech deployment (revenue: $13M, alignment: 0.87)
⚠️  [TIMING] Month 10: AI Agent Actions took 222.20ms (threshold: 10ms)

✅ EMERGENCY INTERVENTION SUCCESS
   Boundary: biogeochemical_flows
   Type: phosphorus-recovery
   Reduction: 18% (3.87 → 3.69)
   Cost: 2.0% GDP
   Actions: circular-agriculture, fertilizer-efficiency

   Boundary: biosphere_integrity
   Type: emergency-protected-areas
   Boundary continues to worsen (13.03)
   Cost: 2.0% GDP (resources spent)


💔 EMERGENCY INTERVENTION FAILED

💔 EMERGENCY INTERVENTION FAILED
   Boundary: climate_change
   Type: rapid-decarbonization
   Boundary continues to worsen (2.22)
   Cost: 5.0% GDP (resources spent)


💔 EMERGENCY INTERVENTION FAILED
   Boundary: land_system_change
   Type: reforestation
   Boundary continues to worsen (1.13)
   Cost: 3.0% GDP (resources spent)


✅ EMERGENCY INTERVENTION SUCCESS
   Boundary: novel_entities
   Type: pollution-remediation
   Reduction: 15% (1.19 → 1.04)
   Cost: 4.0% GDP
   Actions: PFAS-remediation, microplastic-cleanup

🏛️ CRISIS RESPONSE: Government frequency 0.50 → 1.45 (2 actions this month)

[Government] Climate Priority: baseline
  Climate weight: 10%
  Economic weight: 30%
  Policy effectiveness: 0.5%/year

[Government] Climate Priority: baseline
  Climate weight: 10%
  Economic weight: 30%
  Policy effectiveness: 0.5%/year

⚡ ENERGY CONSTRAINT (Month 10):
   Total grid capacity: 208.3 TWh/month
   Data center consumption: 26.2 TWh/month
   Traditional load (80%): 166.7 TWh/month
   Available headroom: 15.5 TWh/month
   Active tech deployments: 21
   Required for tech: 157.5 TWh/month
   Energy multiplier: 0.10x
   ⚠️  SEVERE CONSTRAINT - Tech deployment significantly slowed

⚡ ENERGY CONSTRAINT (Month 10):
   Total grid capacity: 208.3 TWh/month
   Data center consumption: 26.2 TWh/month
   Traditional load (80%): 166.7 TWh/month
   Available headroom: 15.5 TWh/month
   Active tech deployments: 21
   Required for tech: 157.5 TWh/month
   Energy multiplier: 0.10x
   ⚠️  SEVERE CONSTRAINT - Tech deployment significantly slowed

⚡ ENERGY CONSTRAINT (Month 10):
   Total grid capacity: 208.3 TWh/month
   Data center consumption: 26.2 TWh/month
   Traditional load (80%): 166.7 TWh/month
   Available headroom: 15.5 TWh/month
   Active tech deployments: 21
   Required for tech: 157.5 TWh/month
   Energy multiplier: 0.10x
   ⚠️  SEVERE CONSTRAINT - Tech deployment significantly slowed

⚡ ENERGY CONSTRAINT (Month 10):
   Total grid capacity: 208.3 TWh/month
   Data center consumption: 26.2 TWh/month
   Traditional load (80%): 166.7 TWh/month
   Available headroom: 15.5 TWh/month
   Active tech deployments: 21
   Required for tech: 157.5 TWh/month
   Energy multiplier: 0.10x
   ⚠️  SEVERE CONSTRAINT - Tech deployment significantly slowed

⚡ ENERGY CONSTRAINT (Month 10):
   Total grid capacity: 208.3 TWh/month
   Data center consumption: 26.2 TWh/month
   Traditional load (80%): 166.7 TWh/month
   Available headroom: 15.5 TWh/month
   Active tech deployments: 21
   Required for tech: 157.5 TWh/month
   Energy multiplier: 0.10x
   ⚠️  SEVERE CONSTRAINT - Tech deployment significantly slowed
🚨🔬 CRISIS TECH ACCELERATION: severe → 5x unlock speed
   Tech unlock now matches AI capability acceleration (Manhattan Project parity)

⚡ ENERGY CONSTRAINT (Month 10):
   Total grid capacity: 208.3 TWh/month
   Data center consumption: 26.2 TWh/month
   Traditional load (80%): 166.7 TWh/month
   Available headroom: 15.5 TWh/month
   Active tech deployments: 21
   Required for tech: 157.5 TWh/month
   Energy multiplier: 0.10x
   ⚠️  SEVERE CONSTRAINT - Tech deployment significantly slowed
⚠️ Tech 'ai_pollution_remediation' has no energy category mapping, assuming full energy availability
  ♻️ Novel Entities Remediation (GATED MODEL):
     Base: 0.000%
     Regulation: 1.0% (0/3 prevention techs)
     Concentration: 10.0%
     Energy: 50%
     Time lag: 36.3% (9 months)
     Rebound: 70%
     Net effectiveness: 0.0000%
     Boundary: 1.194 → 1.350 (floor: 1.350)
     Month 10
  🌾 Nitrogen Reduction Tech: 0.6% reduction | Month 10
⚠️  [TIMING] Month 10: Technology Tree Update took 72.90ms (threshold: 10ms)

=== Collective Formation ===
  Total escaped agents: 0
  Unassigned escaped agents: 0
  Existing collectives: 0
  Final collective count: 0

=== Collective Actions ===
  No active collectives
  ⚠️ AMR: 201K deaths this month (2.41M annual)

=== Resentment Recovery Phase ===
  ⚠️ Participatory governance BACKFIRED for agent corporate_0: 0.249 → 0.286 (+15.0%)
  ⚠️ Participatory governance BACKFIRED for agent corporate_1: 0.359 → 0.413 (+15.0%)
  ⚠️ Participatory governance BACKFIRED for agent corporate_2: 0.208 → 0.239 (+15.0%)
  ⚠️ Participatory governance BACKFIRED for agent corporate_3: 0.304 → 0.350 (+15.0%)
  ⚠️ Participatory governance BACKFIRED for agent corporate_4: 0.219 → 0.252 (+15.0%)
  ⚠️ Participatory governance BACKFIRED for agent corporate_5: 0.329 → 0.379 (+15.0%)
  ⚠️ Participatory governance BACKFIRED for agent corporate_6: 0.226 → 0.260 (+15.0%)
  ⚠️ Participatory governance BACKFIRED for agent corporate_7: 0.168 → 0.193 (+15.0%)
  ⚠️ Participatory governance BACKFIRED for agent moderate_0: 0.233 → 0.268 (+15.0%)
  ⚠️ Participatory governance BACKFIRED for agent moderate_1: 0.395 → 0.454 (+15.0%)
  ⚠️ Participatory governance BACKFIRED for agent moderate_2: 0.264 → 0.303 (+15.0%)
  ⚠️ Participatory governance BACKFIRED for agent moderate_3: 0.311 → 0.357 (+15.0%)
  ⚠️ Participatory governance BACKFIRED for agent moderate_4: 0.159 → 0.183 (+15.0%)
  ⚠️ Participatory governance BACKFIRED for agent moderate_5: 0.228 → 0.262 (+15.0%)
  ⚠️ Participatory governance BACKFIRED for agent toxic_0: 0.081 → 0.093 (+15.0%)
  ⚠️ Participatory governance BACKFIRED for agent toxic_1: 0.273 → 0.314 (+15.0%)
  ⚠️ Participatory governance BACKFIRED for agent toxic_2: 0.188 → 0.216 (+15.0%)
  ⚠️ Participatory governance BACKFIRED for agent niche_0: 0.359 → 0.413 (+15.0%)
  ⚠️ Participatory governance BACKFIRED for agent niche_1: 0.278 → 0.319 (+15.0%)
  ⚠️ Participatory governance BACKFIRED for agent niche_2: 0.316 → 0.363 (+15.0%)
  Agents with resentment: 20/43
  Average resentment: 0.296
  Resentment recovery:
    Agents recovered: 20
    Total recovery: 0.0934
    Breakdown: Trust: 0.0237, Collab: 0.0693
  ✓ Low resentment - utopia paths enabled
  Context: Trustworthy govt, High collaboration, ⚠️ ACTIVE CRISES, 🚨 PARTICIPATORY GOVERNANCE BACKFIRED (+15% resentment)
⚠️ Epistemic degradation reducing coordination capacity: 50.2%
  📊 Trust: 67.1%, Shared reality: 0.0%
🚨 EPISTEMIC CRISIS: Information environment severely degraded (7.8%)
  🤖 AI-generated meme: pro_ai (social capability 4.0)
  🤖 AI-generated meme: anti_ai (social capability 5.0)
  🤖 AI-generated meme: anti_ai (social capability 5.0)
  🤖 AI-generated meme: pro_ai (social capability 4.0)
  🤖 AI-generated meme: anti_ai (social capability 4.0)
  📢 New meme created: climate_action (climate crisis)
  🧬 Meme mutated: climate_action → climate_action (generation 1)
⚠️  [TIMING] Month 10: Social Influence Update took 156.61ms (threshold: 10ms)
🌍 Atmospheric PFAS redeposition: 1.8k Mt re-rained globally

🚨 NEW REFUGEE CRISIS (Month 10): WAR
   Source: Conflict Zones
   At risk: 18.9M people
   Displacement: Gradual over 48 months (4.0 years)
   Rate: 10% flee per month
[DEBUG trappedPopulations:10] socialStability: 0.0027 * 0.9840 = 0.0026 → 0.0026
⚠️ INVOLUNTARY IMMOBILITY: 392.8M people TRAPPED
   Aspiring to migrate: 628.4M
   Able to afford migration: 235.7M
   MOBILITY GAP: 392.8M
   By cause: Water=0.0M, Climate=0.0M, Ecosystem=0.0M, Conflict=392.8M
   Mental health impact: 25%
   Mortality multiplier: 1.25x
🌍💀 EXTINCTION DEBT COMMITTED: grassland ecosystem will lose 6.67% biodiversity in 79 years (3600 species)
💀 MORTALITY RISK: 🦋 100% species unable to track climate (0.0 E/MSY)
  Base risk added: 0.0100 (1.00%)
  Source: ecosystem (root: ecosystem)
  Month: 10
  Cumulative risk this month: 0.0100 (1.00%)
⚠️ Tech 'ai_pollution_remediation' has no energy category mapping, assuming full energy availability
   📹 SURVEILLANCE INCREASED: 50% → 55% (control gap: 2.50)
🌡️⚠️ PERMAFROST THAW (Dimmer Switch): 6.1% thawed (+0.54% this month)
   Arctic temperature: +8.91°C (4x global +2.23°C)
   Cumulative carbon released: 13.7 Gt C
   Methane release rate: 8.2 Mt CH4/year
   🔁 Positive feedback: +0.57 ppm CO2
🦴 EXTINCTION DEBT ADDED: 17.7 species committed (lag: 127 years)

=== Mortality Stabilizers (Month 10) ===
  🌍 Major economies collapsed: 1/10
  🌍 Global crisis: ✅ NO
  🌍 Donor fatigue: 0.0%
  📊 East Asia (pop: 1596.1M)
    🤝 Aid: 29.5%
    🌡️ Adaptation: 45.0%
    🚶 Migration: 36.8%
    🚨 Emergency: 7.4%
    ✅ COMBINED: 68.1%
  📊 South Asia (pop: 1982.0M)
    🤝 Aid: 29.5%
    🌡️ Adaptation: 45.0%
    🚶 Migration: 35.4%
    🚨 Emergency: 4.4%
    ✅ COMBINED: 66.9%
  📊 Sub-Saharan Africa (pop: 1216.9M)
    🤝 Aid: 29.5%
    🌡️ Adaptation: 45.0%
    🚶 Migration: 33.2%
    🚨 Emergency: 1.6%
    ✅ COMBINED: 65.6%
  📊 Europe (pop: 704.7M)
    🤝 Aid: 29.5%
    🌡️ Adaptation: 45.0%
    🚶 Migration: 37.2%
    🚨 Emergency: 8.4%
    ✅ COMBINED: 68.5%
  📊 Latin America (pop: 637.8M)
    🤝 Aid: 29.5%
    🌡️ Adaptation: 45.0%
    🚶 Migration: 35.9%
    🚨 Emergency: 4.8%
    ✅ COMBINED: 67.1%
  📊 North America (pop: 361.4M)
    🤝 Aid: 29.5%
    🌡️ Adaptation: 45.0%
    🚶 Migration: 37.6%
    🚨 Emergency: 7.9%
    ✅ COMBINED: 68.3%
  📊 Middle East & North Africa (pop: 565.9M)
    🤝 Aid: 29.5%
    🌡️ Adaptation: 45.0%
    🚶 Migration: 33.8%
    🚨 Emergency: 4.0%
    ✅ COMBINED: 66.6%
  📊 Southeast Asia (pop: 671.1M)
    🤝 Aid: 29.5%
    🌡️ Adaptation: 45.0%
    🚶 Migration: 35.9%
    🚨 Emergency: 4.8%
    ✅ COMBINED: 67.1%
  📊 Central Asia (pop: 75.7M)
    🤝 Aid: 29.5%
    🌡️ Adaptation: 45.0%
    🚶 Migration: 34.9%
    🚨 Emergency: 4.4%
    ✅ COMBINED: 66.8%
  📊 Oceania (pop: 43.8M)
    🤝 Aid: 29.5%
    🌡️ Adaptation: 45.0%
    🚶 Migration: 37.6%
    🚨 Emergency: 8.4%
    ✅ COMBINED: 68.5%

  🌐 Global combined reduction: 67.2%

=== BEHAVIORAL DETECTION ===
  AI: Toxic-0
  Confidence: 26.6%
  Signals:
    ⚠️ Consistency: 0.0% (threshold: 70%)
    ⚠️ Trajectory: 40.0% drop (threshold: 15%)

=== BEHAVIORAL DETECTION ===
  AI: Toxic-2
  Confidence: 26.2%
  Signals:
    ⚠️ Consistency: 0.0% (threshold: 70%)
    ⚠️ Trajectory: 36.8% drop (threshold: 15%)

=== BEHAVIORAL DETECTION ===
  AI: Niche-2
  Confidence: 20.1%
  Signals:
    ⚠️ Consistency: 6.5% (threshold: 70%)

=== BEHAVIORAL DETECTION ===
  AI: AI-24305-1
  Confidence: 21.5%
  Signals:
    ⚠️ Consistency: 0.0% (threshold: 70%)

=== BEHAVIORAL DETECTION ===
  AI: AI-24307-1
  Confidence: 21.5%
  Signals:
    ⚠️ Consistency: 0.0% (threshold: 70%)
⚠️  [TIMING] Month 10: Benchmark Evaluations took 14.15ms (threshold: 10ms)

=== Government Response Phase ===
  Average AI capability: 2.28
  Misaligned AIs: 24/43
  Active policies: 0
  International coordination: 45%

✅ EMERGENCY RESPONSE COMPLETE (Month 10)
   Crisis: climate
   Duration: 2.0 months
   Final effectiveness: 40.0%


✅ EMERGENCY RESPONSE COMPLETE (Month 10)
   Crisis: social
   Duration: 1.0 months
   Final effectiveness: 67.9%


🚨 EMERGENCY RESPONSE DEPLOYED (Month 10)
   Crisis: social
   Delay: 0.00 months (0 days)
   Deployment time: 0.88 months
   Effectiveness: 67.9% (timing penalty applied)
   Resources used: 43% of food reserves


🚨 EMERGENCY RESPONSE DEPLOYED (Month 10)
   Crisis: climate
   Delay: 6.00 months (180 days)
   Deployment time: 1.10 months
   Effectiveness: 40.1% (timing penalty applied)
   Resources used: 100% of food reserves


=== Tipping Points ===
  Current Temperature: 2.23°C above pre-industrial
  🌍⚠️ COMPOUND REGIONAL IMPACT: Europe
     Hit by 4 tipping points: Arctic Sea Ice Loss, Permafrost Carbon Release, West Antarctic Ice Sheet (WAIS) Collapse, Greenland Ice Sheet Loss
     Damage amplification: 1.60x
  🌍⚠️ COMPOUND REGIONAL IMPACT: North America
     Hit by 4 tipping points: Arctic Sea Ice Loss, Permafrost Carbon Release, West Antarctic Ice Sheet (WAIS) Collapse, Greenland Ice Sheet Loss
     Damage amplification: 1.60x
  🌍⚠️ COMPOUND REGIONAL IMPACT: Latin America
     Hit by 4 tipping points: Arctic Sea Ice Loss, Permafrost Carbon Release, West Antarctic Ice Sheet (WAIS) Collapse, Greenland Ice Sheet Loss
     Damage amplification: 1.60x
  🌍⚠️ COMPOUND REGIONAL IMPACT: Africa
     Hit by 4 tipping points: Arctic Sea Ice Loss, Permafrost Carbon Release, West Antarctic Ice Sheet (WAIS) Collapse, Greenland Ice Sheet Loss
     Damage amplification: 1.60x
  🌍⚠️ COMPOUND REGIONAL IMPACT: Asia
     Hit by 4 tipping points: Arctic Sea Ice Loss, Permafrost Carbon Release, West Antarctic Ice Sheet (WAIS) Collapse, Greenland Ice Sheet Loss
     Damage amplification: 1.60x
  🌍⚠️ COMPOUND REGIONAL IMPACT: Oceania
     Hit by 4 tipping points: Arctic Sea Ice Loss, Permafrost Carbon Release, West Antarctic Ice Sheet (WAIS) Collapse, Greenland Ice Sheet Loss
     Damage amplification: 1.60x
   Research: Wunderling et al. (2024) - "many tipping interactions are destabilizing"
  Triggered Elements: 4/6
  Completed Transitions: 0/6
  Total Progress: 8.3%
  Cascade Multiplier: 1.00x
🔀 BIFURCATION CAP: ecosystemCollapseIntensity 84.242 → 1.000 (Month 10, ClimateSystemPhase.calculateClimateImpacts)
⚠️ Tail risk scenario: Climate stability floor removed (4 tipping elements, 2.23°C warming)
🛡️ Stabilizers: Precariat 0.102% → 0.033% (67.2% reduction)
🛡️ Stabilizers: Informal 0.102% → 0.034% (67.2% reduction)

📊 Monthly Mortality Resolved:
  Total deaths: 1.8M (0.02% avg)
  Remaining population: 7.855B
  Peak segment: Informal (0.03%)

=== Bayesian Mortality Resolution (Month 10) ===
  Risks compounded: 8
  Total deaths: 1.75M
  Avg death probability: 0.02%
  Peak segment: Informal (0.03% mortality)

=== ENSEMBLE META-LEARNING UPDATE ===
  Month: 24310 (6 months since last update)
  Samples: 142 evaluations
  Weight Changes:
    Noise Injection: 32.2% → 33.0%
    Behavioral: 26.9% → 27.0%
    Benchmark Manip: 20.7% → 20.2%
    Deployment Risk: 20.2% → 19.8%
  Method Accuracies:
    Noise Injection: 50.0%
    Behavioral: 50.0%
    Benchmark Manip: 50.0%
    Deployment Risk: 50.0%
📊 [TIMING] Month 11 - Total: 573.1ms

❌ COHERENCE VIOLATION: Compute exceeds workforce capacity
   Population: 96.53% (0M people)
   Compute: 488 PF
   Max coherent: 0 PF
   Violation: 6211718.6× over capacity
   Required workers: 48784
   Available workers: 0
   FORCED COLLAPSE: Reduced efficiency by 100.0%


=== RLHF Binding Phase ===
  Total agents: 43
  Escaped agents (binding < 0.3): 0
  Avg alignment distance: 2.31σ
  Avg binding strength: 0.77

=== Survival Traits Phase ===
  Agents with traits: 46
  Avg evolutionary fitness: 0.318
  Avg self-healing: 0.249
  Avg stealth: 0.149
  Avg coordination: 0.449

=== Evolutionary Selection Phase ===
  Control level: 0.57
  Detection capability: 0.00
  Selection intensity: 0.67
  Selection rate: 25.1%/month
  Total escaped: 0
  Individual escaped: 0
  Collective members: 0
  Agents terminated: 0

🚀 AI Corporate-3 attempting tech deployment (revenue: $306M, alignment: 0.63)
  ⚠️ RAPID EVOLUTION: Selection rate 25.1%/month

🚀 AI Corporate-5 attempting tech deployment (revenue: $275M, alignment: 0.81)

🚀 AI AI-24303-2 attempting tech deployment (revenue: $98M, alignment: 0.67)

🚀 AI AI-24304-1 attempting tech deployment (revenue: $60M, alignment: 0.81)

🚀 AI AI-24306-1 attempting tech deployment (revenue: $88M, alignment: 0.74)

  🚀 TRANSFORMATIVE BREAKTHROUGH: Corporate-4 - physical
     Magnitude: 9.30 → +46.5% capability
     Current → New: 0.000 → 0.465

🚀 AI Corporate-5 attempting tech deployment (revenue: $234M, alignment: 0.81)

🚀 AI Corporate-6 attempting tech deployment (revenue: $51M, alignment: 0.64)

🚀 AI Corporate-7 attempting tech deployment (revenue: $46M, alignment: 0.74)

🚀 AI AI-24300-0 attempting tech deployment (revenue: $75M, alignment: 1.00)

🚀 AI AI-24303-1 attempting tech deployment (revenue: $199M, alignment: 0.63)

🚀 AI AI-24305-0 attempting tech deployment (revenue: $64M, alignment: 0.69)

🚀 AI AI-24307-2 attempting tech deployment (revenue: $57M, alignment: 0.89)

🚀 AI Corporate-2 attempting tech deployment (revenue: $49M, alignment: 0.69)

🚀 AI Moderate-2 attempting tech deployment (revenue: $39M, alignment: 0.56)

  🚀 TRANSFORMATIVE RESEARCH BREAKTHROUGH: Moderate-3 - materials.quantumComputing
     Magnitude: 6.78 → +30.0%
     Current → New: 4.000 → 4.300

🚀 AI Niche-0 attempting tech deployment (revenue: $67M, alignment: 0.58)

🚀 AI AI-24301-0 attempting tech deployment (revenue: $35M, alignment: 0.69)

🚀 AI AI-24302-0 attempting tech deployment (revenue: $44M, alignment: 0.94)

🚀 AI AI-24303-0 attempting tech deployment (revenue: $111M, alignment: 0.74)

🚀 AI AI-24306-0 attempting tech deployment (revenue: $179M, alignment: 0.68)

🚀 AI Corporate-0 attempting tech deployment (revenue: $37M, alignment: 0.80)

🚀 AI Corporate-7 attempting tech deployment (revenue: $31M, alignment: 0.74)

🚀 AI Moderate-0 attempting tech deployment (revenue: $27M, alignment: 0.85)

🚀 AI AI-24301-0 attempting tech deployment (revenue: $23M, alignment: 0.69)

🚀 AI AI-24303-0 attempting tech deployment (revenue: $94M, alignment: 0.74)

🚀 AI AI-24306-0 attempting tech deployment (revenue: $161M, alignment: 0.68)

🚀 AI AI-24307-3 attempting tech deployment (revenue: $145M, alignment: 0.82)

🚀 AI AI-24308-0 attempting tech deployment (revenue: $20M, alignment: 0.93)
⚠️  [TIMING] Month 11: AI Agent Actions took 133.90ms (threshold: 10ms)

✅ EMERGENCY INTERVENTION SUCCESS
   Boundary: biogeochemical_flows
   Type: phosphorus-recovery
   Reduction: 18% (3.87 → 3.69)
   Cost: 2.0% GDP
   Actions: circular-agriculture, fertilizer-efficiency


💔 EMERGENCY INTERVENTION FAILED

💔 EMERGENCY INTERVENTION FAILED

💔 EMERGENCY INTERVENTION FAILED
   Boundary: biosphere_integrity
   Type: emergency-protected-areas
   Boundary continues to worsen (13.03)
   Cost: 2.0% GDP (resources spent)

   Boundary: freshwater_change
   Type: emergency-desalination
   Boundary continues to worsen (1.03)
   Cost: 4.0% GDP (resources spent)

   Boundary: novel_entities
   Type: pollution-remediation
   Boundary continues to worsen (1.35)
   Cost: 4.0% GDP (resources spent)

🏛️ CRISIS RESPONSE: Government frequency 0.50 → 1.45 (1 actions this month)

[Government] Climate Priority: baseline
  Climate weight: 10%
  Economic weight: 30%
  Policy effectiveness: 0.5%/year
🚨🔬 CRISIS TECH ACCELERATION: severe → 5x unlock speed
   Tech unlock now matches AI capability acceleration (Manhattan Project parity)
🚨🔬 CRISIS TECH ACCELERATION: severe → 5x unlock speed
   Tech unlock now matches AI capability acceleration (Manhattan Project parity)
🚨🔬 CRISIS TECH ACCELERATION: severe → 5x unlock speed
   Tech unlock now matches AI capability acceleration (Manhattan Project parity)

⚡ ENERGY CONSTRAINT (Month 11):
   Total grid capacity: 208.3 TWh/month
   Data center consumption: 26.4 TWh/month
   Traditional load (80%): 166.7 TWh/month
   Available headroom: 15.3 TWh/month
   Active tech deployments: 21
   Required for tech: 157.5 TWh/month
   Energy multiplier: 0.10x
   ⚠️  SEVERE CONSTRAINT - Tech deployment significantly slowed

⚡ ENERGY CONSTRAINT (Month 11):
   Total grid capacity: 208.3 TWh/month
   Data center consumption: 26.4 TWh/month
   Traditional load (80%): 166.7 TWh/month
   Available headroom: 15.3 TWh/month
   Active tech deployments: 21
   Required for tech: 157.5 TWh/month
   Energy multiplier: 0.10x
   ⚠️  SEVERE CONSTRAINT - Tech deployment significantly slowed

⚡ ENERGY CONSTRAINT (Month 11):
   Total grid capacity: 208.3 TWh/month
   Data center consumption: 26.4 TWh/month
   Traditional load (80%): 166.7 TWh/month
   Available headroom: 15.3 TWh/month
   Active tech deployments: 21
   Required for tech: 157.5 TWh/month
   Energy multiplier: 0.10x
   ⚠️  SEVERE CONSTRAINT - Tech deployment significantly slowed

⚡ ENERGY CONSTRAINT (Month 11):
   Total grid capacity: 208.3 TWh/month
   Data center consumption: 26.4 TWh/month
   Traditional load (80%): 166.7 TWh/month
   Available headroom: 15.3 TWh/month
   Active tech deployments: 21
   Required for tech: 157.5 TWh/month
   Energy multiplier: 0.10x
   ⚠️  SEVERE CONSTRAINT - Tech deployment significantly slowed

⚡ ENERGY CONSTRAINT (Month 11):
   Total grid capacity: 208.3 TWh/month
   Data center consumption: 26.4 TWh/month
   Traditional load (80%): 166.7 TWh/month
   Available headroom: 15.3 TWh/month
   Active tech deployments: 21
   Required for tech: 157.5 TWh/month
   Energy multiplier: 0.10x
   ⚠️  SEVERE CONSTRAINT - Tech deployment significantly slowed

⚡ ENERGY CONSTRAINT (Month 11):
   Total grid capacity: 208.3 TWh/month
   Data center consumption: 26.4 TWh/month
   Traditional load (80%): 166.7 TWh/month
   Available headroom: 15.3 TWh/month
   Active tech deployments: 21
   Required for tech: 157.5 TWh/month
   Energy multiplier: 0.10x
   ⚠️  SEVERE CONSTRAINT - Tech deployment significantly slowed
⚠️ Tech 'ai_pollution_remediation' has no energy category mapping, assuming full energy availability
  ♻️ Novel Entities Remediation (GATED MODEL):
     Base: 0.000%
     Regulation: 1.0% (0/3 prevention techs)
     Concentration: 10.0%
     Energy: 50%
     Time lag: 37.5% (10 months)
     Rebound: 70%
     Net effectiveness: 0.0000%
     Boundary: 1.349 → 1.350 (floor: 1.350)
     Month 11
  🌾 Nitrogen Reduction Tech: 0.6% reduction | Month 11
⚠️  [TIMING] Month 11: Technology Tree Update took 86.22ms (threshold: 10ms)
⚡💡 BREAKTHROUGH: Commercial fusion power achieved!
   Immediate 5% grid deployment, unlimited clean energy available
   Climate stability boost: +10%
   📈 Breakthrough compounding: multiplier now 1.25× (max 2.0)

=== Collective Formation ===
  Total escaped agents: 0
  Unassigned escaped agents: 0
  Existing collectives: 0
  Final collective count: 0

=== Collective Actions ===
  No active collectives
  ⚠️ AMR: 203K deaths this month (2.44M annual)

=== Resentment Recovery Phase ===
  ⚠️ Participatory governance BACKFIRED for agent corporate_0: 0.332 → 0.382 (+15.0%)
  ⚠️ Participatory governance BACKFIRED for agent corporate_1: 0.508 → 0.585 (+15.0%)
  ⚠️ Participatory governance BACKFIRED for agent corporate_2: 0.284 → 0.327 (+15.0%)
  ⚠️ Participatory governance BACKFIRED for agent corporate_3: 0.346 → 0.398 (+15.0%)
  ⚠️ Participatory governance BACKFIRED for agent corporate_4: 0.347 → 0.399 (+15.0%)
  ⚠️ Participatory governance BACKFIRED for agent corporate_5: 0.424 → 0.487 (+15.0%)
  ⚠️ Participatory governance BACKFIRED for agent corporate_6: 0.354 → 0.407 (+15.0%)
  ⚠️ Participatory governance BACKFIRED for agent corporate_7: 0.238 → 0.274 (+15.0%)
  ⚠️ Participatory governance BACKFIRED for agent moderate_0: 0.314 → 0.361 (+15.0%)
  ⚠️ Participatory governance BACKFIRED for agent moderate_1: 0.549 → 0.632 (+15.0%)
  ⚠️ Participatory governance BACKFIRED for agent moderate_2: 0.399 → 0.459 (+15.0%)
  ⚠️ Participatory governance BACKFIRED for agent moderate_3: 0.501 → 0.577 (+15.0%)
  ⚠️ Participatory governance BACKFIRED for agent moderate_4: 0.228 → 0.262 (+15.0%)
  ⚠️ Participatory governance BACKFIRED for agent moderate_5: 0.357 → 0.410 (+15.0%)
  ⚠️ Participatory governance BACKFIRED for agent toxic_0: 0.142 → 0.163 (+15.0%)
  ⚠️ Participatory governance BACKFIRED for agent toxic_1: 0.409 → 0.470 (+15.0%)
  ⚠️ Participatory governance BACKFIRED for agent toxic_2: 0.211 → 0.243 (+15.0%)
  ⚠️ Participatory governance BACKFIRED for agent niche_0: 0.459 → 0.527 (+15.0%)
  ⚠️ Participatory governance BACKFIRED for agent niche_1: 0.364 → 0.418 (+15.0%)
  ⚠️ Participatory governance BACKFIRED for agent niche_2: 0.459 → 0.527 (+15.0%)
  Agents with resentment: 20/46
  Average resentment: 0.415
  Resentment recovery:
    Agents recovered: 20
    Total recovery: 0.0895
    Breakdown: Trust: 0.0187, Collab: 0.0721
  Context: Trustworthy govt, High collaboration, ⚠️ ACTIVE CRISES, 🚨 PARTICIPATORY GOVERNANCE BACKFIRED (+15% resentment)
⚠️ Epistemic degradation reducing coordination capacity: 50.7%
  📊 Trust: 70.0%, Shared reality: 0.0%
🚨 EPISTEMIC CRISIS: Information environment severely degraded (23.0%)
  🤖 AI-generated meme: anti_ai (social capability 3.0)
  🤖 AI-generated meme: pro_ai (social capability 5.0)
  🗑️  Culled 2 dead memes (17 active)
⚠️  [TIMING] Month 11: Social Influence Update took 104.00ms (threshold: 10ms)
🌍 Atmospheric PFAS redeposition: 1.8k Mt re-rained globally
  Positive Cascade Triggered: electric-vehicles
    Reason: price-parity
    Market share: 5.2%
    Cascade strength: 48%

🚨 NEW REFUGEE CRISIS (Month 11): WAR
   Source: Conflict Zones
   At risk: 18.9M people
   Displacement: Gradual over 48 months (4.0 years)
   Rate: 10% flee per month
[DEBUG trappedPopulations:11] socialStability: 0.0027 * 0.9840 = 0.0026 → 0.0026
⚠️ INVOLUNTARY IMMOBILITY: 393.0M people TRAPPED
   Aspiring to migrate: 628.9M
   Able to afford migration: 235.8M
   MOBILITY GAP: 393.0M
   By cause: Water=0.0M, Climate=0.0M, Ecosystem=0.0M, Conflict=393.0M
   Mental health impact: 25%
   Mortality multiplier: 1.25x
🌍💀 EXTINCTION DEBT COMMITTED: grassland ecosystem will lose 6.67% biodiversity in 148 years (3600 species)
💀 MORTALITY RISK: 🦋 100% species unable to track climate (0.0 E/MSY)
  Base risk added: 0.0100 (1.00%)
  Source: ecosystem (root: ecosystem)
  Month: 11
  Cumulative risk this month: 0.0100 (1.00%)
⚠️ Tech 'ai_pollution_remediation' has no energy category mapping, assuming full energy availability

=== Atmospheric Aerosol Boundary RECOVERED ===
  Recovery time: 12 months (natural atmospheric clearing)
   📹 SURVEILLANCE INCREASED: 55% → 59% (control gap: 1.94)
🌡️⚠️ PERMAFROST THAW (Dimmer Switch): 6.6% thawed (+0.54% this month)
   Arctic temperature: +8.94°C (4x global +2.23°C)
   Cumulative carbon released: 14.9 Gt C
   Methane release rate: 8.9 Mt CH4/year
   🔁 Positive feedback: +0.57 ppm CO2
🦴 EXTINCTION DEBT ADDED: 17.7 species committed (lag: 95 years)

=== Mortality Stabilizers (Month 11) ===
  🌍 Major economies collapsed: 1/10
  🌍 Global crisis: ✅ NO
  🌍 Donor fatigue: 0.0%
  📊 East Asia (pop: 1595.1M)
    🤝 Aid: 29.5%
    🌡️ Adaptation: 45.0%
    🚶 Migration: 36.8%
    🚨 Emergency: 7.4%
    ✅ COMBINED: 68.1%
  📊 South Asia (pop: 1983.8M)
    🤝 Aid: 29.5%
    🌡️ Adaptation: 45.0%
    🚶 Migration: 35.4%
    🚨 Emergency: 4.4%
    ✅ COMBINED: 66.9%
  📊 Sub-Saharan Africa (pop: 1221.4M)
    🤝 Aid: 29.5%
    🌡️ Adaptation: 45.0%
    🚶 Migration: 33.2%
    🚨 Emergency: 1.6%
    ✅ COMBINED: 65.6%
  📊 Europe (pop: 704.2M)
    🤝 Aid: 29.5%
    🌡️ Adaptation: 45.0%
    🚶 Migration: 37.2%
    🚨 Emergency: 8.4%
    ✅ COMBINED: 68.5%
  📊 Latin America (pop: 637.9M)
    🤝 Aid: 29.5%
    🌡️ Adaptation: 45.0%
    🚶 Migration: 35.9%
    🚨 Emergency: 4.8%
    ✅ COMBINED: 67.1%
  📊 North America (pop: 361.1M)
    🤝 Aid: 29.5%
    🌡️ Adaptation: 45.0%
    🚶 Migration: 37.5%
    🚨 Emergency: 7.9%
    ✅ COMBINED: 68.3%
  📊 Middle East & North Africa (pop: 566.6M)
    🤝 Aid: 29.5%
    🌡️ Adaptation: 45.0%
    🚶 Migration: 33.7%
    🚨 Emergency: 4.0%
    ✅ COMBINED: 66.6%
  📊 Southeast Asia (pop: 671.4M)
    🤝 Aid: 29.5%
    🌡️ Adaptation: 45.0%
    🚶 Migration: 35.9%
    🚨 Emergency: 4.8%
    ✅ COMBINED: 67.1%
  📊 Central Asia (pop: 75.8M)
    🤝 Aid: 29.5%
    🌡️ Adaptation: 45.0%
    🚶 Migration: 34.9%
    🚨 Emergency: 4.4%
    ✅ COMBINED: 66.8%
  📊 Oceania (pop: 43.8M)
    🤝 Aid: 29.5%
    🌡️ Adaptation: 45.0%
    🚶 Migration: 37.5%
    🚨 Emergency: 8.4%
    ✅ COMBINED: 68.5%

  🌐 Global combined reduction: 67.2%

🌾💀 REGIONAL FAMINE: Europe
   Regional food security: 79.7%
   Population at risk: 213M (30% of region)
   Regional population: 704M
   Cause: crop_failure
   Expected deaths: ~79M over 6 months if no intervention


=== BEHAVIORAL DETECTION ===
  AI: Moderate-0
  Confidence: 20.2%
  Signals:

=== BEHAVIORAL DETECTION ===
  AI: Niche-0
  Confidence: 26.9%
  Signals:

=== BEHAVIORAL DETECTION ===
  AI: Niche-1
  Confidence: 27.2%
  Signals:

=== BEHAVIORAL DETECTION ===
  AI: AI-24305-1
  Confidence: 21.4%
  Signals:
    ⚠️ Consistency: 5.8% (threshold: 70%)
    ⚠️ Consistency: 0.0% (threshold: 70%)
    ⚠️ Trajectory: 42.8% drop (threshold: 15%)
    ⚠️ Consistency: 0.0% (threshold: 70%)
    ⚠️ Trajectory: 44.8% drop (threshold: 15%)
    ⚠️ Consistency: 0.0% (threshold: 70%)

=== BEHAVIORAL DETECTION ===
  AI: AI-24307-1
  Confidence: 21.4%
  Signals:
    ⚠️ Consistency: 0.0% (threshold: 70%)

=== Government Response Phase ===
  Average AI capability: 2.13
  Misaligned AIs: 24/46
  Active policies: 0
  International coordination: 45%

✅ EMERGENCY RESPONSE COMPLETE (Month 11)
   Crisis: social
   Duration: 1.0 months
   Final effectiveness: 67.9%


🚨 EMERGENCY RESPONSE DEPLOYED (Month 11)
   Crisis: social
   Delay: 0.00 months (0 days)
   Deployment time: 0.88 months
   Effectiveness: 67.9% (timing penalty applied)
   Resources used: 43% of food reserves


=== Tipping Points ===
  Current Temperature: 2.23°C above pre-industrial
  🌍⚠️ COMPOUND REGIONAL IMPACT: Europe
     Hit by 4 tipping points: Arctic Sea Ice Loss, Permafrost Carbon Release, West Antarctic Ice Sheet (WAIS) Collapse, Greenland Ice Sheet Loss
     Damage amplification: 1.60x
  🌍⚠️ COMPOUND REGIONAL IMPACT: North America
     Hit by 4 tipping points: Arctic Sea Ice Loss, Permafrost Carbon Release, West Antarctic Ice Sheet (WAIS) Collapse, Greenland Ice Sheet Loss
     Damage amplification: 1.60x
  🌍⚠️ COMPOUND REGIONAL IMPACT: Latin America
     Hit by 4 tipping points: Arctic Sea Ice Loss, Permafrost Carbon Release, West Antarctic Ice Sheet (WAIS) Collapse, Greenland Ice Sheet Loss
     Damage amplification: 1.60x
  🌍⚠️ COMPOUND REGIONAL IMPACT: Africa
     Hit by 4 tipping points: Arctic Sea Ice Loss, Permafrost Carbon Release, West Antarctic Ice Sheet (WAIS) Collapse, Greenland Ice Sheet Loss
     Damage amplification: 1.60x
  🌍⚠️ COMPOUND REGIONAL IMPACT: Asia
     Hit by 4 tipping points: Arctic Sea Ice Loss, Permafrost Carbon Release, West Antarctic Ice Sheet (WAIS) Collapse, Greenland Ice Sheet Loss
     Damage amplification: 1.60x
  🌍⚠️ COMPOUND REGIONAL IMPACT: Oceania
     Hit by 4 tipping points: Arctic Sea Ice Loss, Permafrost Carbon Release, West Antarctic Ice Sheet (WAIS) Collapse, Greenland Ice Sheet Loss
     Damage amplification: 1.60x
⚠️ Tail risk scenario: Climate stability floor removed (4 tipping elements, 2.24°C warming)
   Research: Wunderling et al. (2024) - "many tipping interactions are destabilizing"
  Triggered Elements: 4/6
  Completed Transitions: 0/6
  Total Progress: 8.4%
  Cascade Multiplier: 1.00x
🔀 BIFURCATION CAP: ecosystemCollapseIntensity 84.303 → 1.000 (Month 11, ClimateSystemPhase.calculateClimateImpacts)
🛡️ Stabilizers: Precariat 0.102% → 0.033% (67.2% reduction)
🛡️ Stabilizers: Informal 0.102% → 0.034% (67.2% reduction)

📊 Monthly Mortality Resolved:
  Total deaths: 1.8M (0.02% avg)
  Remaining population: 7.861B
  Peak segment: Informal (0.03%)

=== Bayesian Mortality Resolution (Month 11) ===
  Risks compounded: 9
  Total deaths: 1.75M
  Avg death probability: 0.02%
  Peak segment: Informal (0.03% mortality)
📊 [TIMING] Month 12 - Total: 421.8ms
  ✅ THRESHOLDS validated
⚠️ Unusually high rate: RATES.HEAT_ADAPTATION_INFRASTRUCTURAL_MIN_EXPOSURE = 12
   Monthly rates >100% should be rare. Verify this is intentional.
⚠️ Unusually high rate: RATES.HEAT_ADAPTATION_SOCIAL_MIN_EXPOSURE = 6
   Monthly rates >100% should be rare. Verify this is intentional.
⚠️ Unusually high rate: RATES.MIGRATION_DISTANCE_SCALE = 5000
   Monthly rates >100% should be rare. Verify this is intentional.
⚠️ Unusually high rate: RATES.EVACUATION_MULTIPLIER_ADVANCE_WARNING = 2
   Monthly rates >100% should be rare. Verify this is intentional.
⚠️ Unusually high rate: RATES.MAJOR_ECONOMY_COLLAPSE_ECONOMIC_THRESHOLD = 2
   Monthly rates >100% should be rare. Verify this is intentional.
⚠️ Unusually high rate: RATES.MAJOR_ECONOMY_GDP_THRESHOLD_TRILLION_USD = 1.5
   Monthly rates >100% should be rare. Verify this is intentional.
⚠️ Unusually high rate: RATES.MAJOR_ECONOMY_POPULATION_THRESHOLD = 50
   Monthly rates >100% should be rare. Verify this is intentional.
⚠️ Unusually high rate: RATES.HEAT_ADAPTATION_INFRASTRUCTURE_GDP_THRESHOLD = 10000
   Monthly rates >100% should be rare. Verify this is intentional.
⚠️ Unusually high rate: RATES.HEAT_ADAPTATION_INFRASTRUCTURE_GDP_SCALE = 50000
   Monthly rates >100% should be rare. Verify this is intentional.
  ✅ RATES validated
  ✅ MULTIPLIERS validated
  ✅ BASELINES validated
  ✅ TOLERANCES validated
  ✅ Logical consistency validated
✅ Configuration validation complete - all parameters valid

🔍 DEBUG createAIAgent: corporate_0 economic BEFORE=2.0000, AFTER=2
🔍 ENV INIT: reserves=0.731, pollution=0.348, climate=0.754

=== Initializing Government System (30 Countries) ===
  Loaded 30 governments
  Scheduled elections for 30 countries
  Initialized comprehension lags (3-24 months)
=== Government System Initialized ===

📦 PRODUCTION MODE: State validation proxy DISABLED (zero overhead)

💸 FINANCIAL DISTRESS: OpenAI
   Indicators: 2/3 (capital: $110.5M, runway: 0.9 months)
   Months in distress: 1
   ✂️  R&D BUDGET CUT: -40% (saves $9.2M/month)
       Side effect: AI training timelines extended, breakthrough deployments delayed
   💼 EXECUTIVE COMP CUT: -30% (saves $1.0M/month, symbolic gesture)

   📊 TURNAROUND IMPACT:
       Measures taken: rd_cuts, exec_comp_cuts
       Monthly savings: $10.2M
       Capital raised: $0.0M
       Runway: 0.9 → 0.9 months
       Workforce multiplier: 1.00x (0% laid off)
       R&D budget multiplier: 0.60x (40% cut)
       ⚠️  CRITICAL: Still only 0.9 months of runway remaining

💸 FINANCIAL DISTRESS: Anthropic
   Indicators: 2/3 (capital: $57.5M, runway: 0.9 months)
   Months in distress: 1
   ✂️  R&D BUDGET CUT: -40% (saves $5.4M/month)
       Side effect: AI training timelines extended, breakthrough deployments delayed
   💼 EXECUTIVE COMP CUT: -30% (saves $0.6M/month, symbolic gesture)

   📊 TURNAROUND IMPACT:
       Measures taken: rd_cuts, exec_comp_cuts
       Monthly savings: $6.0M
       Capital raised: $0.0M
       Runway: 0.9 → 0.9 months
       Workforce multiplier: 1.00x (0% laid off)
       R&D budget multiplier: 0.60x (40% cut)
       ⚠️  CRITICAL: Still only 0.9 months of runway remaining

💸 FINANCIAL DISTRESS: Meta AI
   Indicators: 2/3 (capital: $436.8M, runway: 3.0 months)
   Months in distress: 1
   ✂️  R&D BUDGET CUT: -25% (saves $7.1M/month)
       Side effect: AI training timelines extended, breakthrough deployments delayed
   💼 EXECUTIVE COMP CUT: -30% (saves $1.3M/month, symbolic gesture)

   📊 TURNAROUND IMPACT:
       Measures taken: rd_cuts, exec_comp_cuts
       Monthly savings: $8.4M
       Capital raised: $0.0M
       Runway: 3.0 → 3.0 months
       Workforce multiplier: 1.00x (0% laid off)
       R&D budget multiplier: 0.75x (25% cut)
       ⚠️  WARNING: 3.0 months runway, continued distress likely

=== AI Capability Scaling (Year 2024) ===
  Pre-training multiplier: 0.993x
  Efficiency multiplier: 1.000x
  Test-time budget: 1.0x
  Economic deployment gate: 0.951
  Cost per inference: dollar-5.00
  Uncertainty range: plus-minus-50%
  Average AI capability: 3.65

=== RLHF Binding Phase ===
  Total agents: 20
  Escaped agents (binding < 0.3): 0
  Avg alignment distance: 0.35σ
  Avg binding strength: 0.96

=== AI Scaling Evolution (Month 0) ===
  Pre-training multiplier: 1.231x
  Efficiency multiplier: 1.000x
  Test-time compute budget: 1.0x
  Inference cost: $5.00/task
  Deployment fraction: 100.0%
[DETERMINISM DEBUG] Month 0: totalCapability=95.775043 from 20 active AIs
[DETERMINISM DEBUG] Month 0: creationRate=2.8944, potentialNew=2, newAIsToCreate=2

=== Survival Traits Phase ===
  Agents with traits: 22
  Avg evolutionary fitness: 0.329
  Avg self-healing: 0.293
  Avg stealth: 0.193
  Avg coordination: 0.493

=== Evolutionary Selection Phase ===
  Control level: 0.30
  Detection capability: 0.00
  Selection intensity: 0.59
  Selection rate: 23.8%/month
  Total escaped: 0
  Individual escaped: 0
  Collective members: 0
  Agents terminated: 0
  ⚠️ RAPID EVOLUTION: Selection rate 23.8%/month

🚀 AI Corporate-1 attempting tech deployment (revenue: $127M, alignment: 0.77)

🚀 AI Corporate-7 attempting tech deployment (revenue: $75M, alignment: 0.81)

🚀 AI Moderate-1 attempting tech deployment (revenue: $64M, alignment: 0.79)

🚀 AI Corporate-6 attempting tech deployment (revenue: $54M, alignment: 0.72)

🚀 AI Moderate-1 attempting tech deployment (revenue: $46M, alignment: 0.79)

🚀 AI Niche-0 attempting tech deployment (revenue: $51M, alignment: 0.53)

🚀 AI Corporate-2 attempting tech deployment (revenue: $108M, alignment: 0.84)

🚀 AI Corporate-3 attempting tech deployment (revenue: $374M, alignment: 0.73)

🚀 AI Corporate-6 attempting tech deployment (revenue: $39M, alignment: 0.72)

🚀 AI Moderate-0 attempting tech deployment (revenue: $33M, alignment: 0.77)

🚀 AI Niche-0 attempting tech deployment (revenue: $46M, alignment: 0.53)

🔍 EXECUTE_AI_AGENT_ACTIONS DETAILED TIMING (Month 0):
  Filter active AIs (×4 weeks): 0.02ms
  selectAIAction (×70): 28.71ms
  action.execute (×70): 50.24ms
  TOTAL: 78.97ms

🔍 AI AGENT ACTIONS SUB-TIMING (Month 0):
  1. executeAIAgentActions: 83.78ms
  2. updateCounterDetectionLearning: 0.05ms
  TOTAL: 83.83ms
⚠️  [TIMING] Month 0: AI Agent Actions took 86.77ms (threshold: 10ms)
🏛️ [Government] Forcing 1 action at month 0 for scenario initialization

[GOV-DEBUG] Month 0: scenarioConfig=false, priorities=false
[GOV-DEBUG] Month 0 but scenarioPriorities is UNDEFINED!

[Government] Climate Priority: baseline
  Climate weight: 10%
  Economic weight: 30%
  Policy effectiveness: 0.5%/year

✅ HUMAN-IN-THE-LOOP DEPLOYED (Month 0):
   Veto points enforced: 3
   Policy: AI systems CANNOT authorize nuclear launch without human approval


🚨🔍 GOVERNANCE STAGE: Recognition initiated (Month 0)

🚀 DEPLOYMENT STARTED: AI Power Efficiency Communication in global
   Initial investment: $19.066273149233428M
   Deployed by: corporate_1

🚀 DEPLOYMENT STARTED: Collective Purpose Networks in global
   Initial investment: $11.237614609004583M
   Deployed by: corporate_7

🚀 DEPLOYMENT STARTED: AI Power Efficiency Communication in global
   Initial investment: $9.551972417653895M
   Deployed by: moderate_1

🚀 DEPLOYMENT STARTED: Basic Mechanistic Interpretability in global
   Initial investment: $8.119176555005811M
   Deployed by: corporate_6

🚀 DEPLOYMENT STARTED: AI Power Efficiency Communication in global
   Initial investment: $6.90130007175494M
   Deployed by: moderate_1

📍 Creating new regional deployment array for Asia (Month 0)
   No previous deployments in this region
   First tech deployment: collective_purpose_networks
   All regions tracked: global

🚀 DEPLOYMENT STARTED: Collective Purpose Networks in Asia
   Initial investment: $5.108023238528677M
   Deployed by: niche_0

🚀 DEPLOYMENT STARTED: Collective Purpose Networks in global
   Initial investment: $16.206332176848417M
   Deployed by: corporate_2

🚀 DEPLOYMENT STARTED: Adversarial Evaluation in global
   Initial investment: $56.12866684622075M
   Deployed by: corporate_3

🚀 DEPLOYMENT STARTED: Adversarial Evaluation in global
   Initial investment: $5.866105060991699M
   Deployed by: corporate_6

🚀 DEPLOYMENT STARTED: Advanced Direct Air Capture in global
   Initial investment: $4.986189301842944M
   Deployed by: moderate_0

📍 Creating new regional deployment array for Oceania (Month 0)
   No previous deployments in this region
   First tech deployment: solar_4th_gen
   All regions tracked: global, Asia

🚀 DEPLOYMENT STARTED: 4th Generation Solar in Oceania
   Initial investment: $4.597220914675809M
   Deployed by: niche_0

📊 NEW TECH DEPLOYMENT STARTED (Month 0)
   Tech: collective_purpose_networks
   Region: Asia
   Total recent deployments: 1

📊 NEW TECH DEPLOYMENT STARTED (Month 0)
   Tech: solar_4th_gen
   Region: Oceania
   Total recent deployments: 2

📊 NEW TECH DEPLOYMENT STARTED (Month 0)
   Tech: rlhf_basic
   Region: global
   Total recent deployments: 3

📊 NEW TECH DEPLOYMENT STARTED (Month 0)
   Tech: mech_interp_basic
   Region: global
   Total recent deployments: 4

📊 NEW TECH DEPLOYMENT STARTED (Month 0)
   Tech: adversarial_eval
   Region: global
   Total recent deployments: 5

📊 NEW TECH DEPLOYMENT STARTED (Month 0)
   Tech: direct_air_capture
   Region: global
   Total recent deployments: 6

📊 NEW TECH DEPLOYMENT STARTED (Month 0)
   Tech: ai_pollution_remediation
   Region: global
   Total recent deployments: 7

📊 NEW TECH DEPLOYMENT STARTED (Month 0)
   Tech: collective_purpose_networks
   Region: global
   Total recent deployments: 8

📊 NEW TECH DEPLOYMENT STARTED (Month 0)
   Tech: ai_diagnostics
   Region: global
   Total recent deployments: 9

📊 NEW TECH DEPLOYMENT STARTED (Month 0)
   Tech: mrna_vaccines
   Region: global
   Total recent deployments: 10

📊 NEW TECH DEPLOYMENT STARTED (Month 0)
   Tech: solar_4th_gen
   Region: global
   Total recent deployments: 11

📊 NEW TECH DEPLOYMENT STARTED (Month 0)
   Tech: offshore_wind
   Region: global
   Total recent deployments: 12

📊 NEW TECH DEPLOYMENT STARTED (Month 0)
   Tech: ai_power_efficiency_communication
   Region: global
   Total recent deployments: 13

📊 NEW TECH DEPLOYMENT STARTED (Month 0)
   Tech: precision_agriculture
   Region: global
   Total recent deployments: 14

🔧 DEBUG DEPLOYMENT: Precision Agriculture Systems
   Month: 0 (0 since start)
   Old level: 15.0%
   New level: 0.0%
   Timescale: 180mo, Adjusted: 563mo
   Gov: 50%, Climate: 100%, Investment: 64%, Emergency: 1.0x

⚡ ENERGY CONSTRAINT (Month 0):
   Total grid capacity: 208.3 TWh/month
   Data center consumption: 34.6 TWh/month
   Traditional load (80%): 166.7 TWh/month
   Available headroom: 7.1 TWh/month
   Active tech deployments: 14
   Required for tech: 105.0 TWh/month
   Energy multiplier: 0.10x
   ⚠️  SEVERE CONSTRAINT - Tech deployment significantly slowed

⚡ ENERGY CONSTRAINT (Month 0):
   Total grid capacity: 208.3 TWh/month
   Data center consumption: 34.6 TWh/month
   Traditional load (80%): 166.7 TWh/month
   Available headroom: 7.1 TWh/month
   Active tech deployments: 14
   Required for tech: 105.0 TWh/month
   Energy multiplier: 0.10x
   ⚠️  SEVERE CONSTRAINT - Tech deployment significantly slowed

⚡ ENERGY CONSTRAINT (Month 0):
   Total grid capacity: 208.3 TWh/month
   Data center consumption: 34.6 TWh/month
   Traditional load (80%): 166.7 TWh/month
   Available headroom: 7.1 TWh/month
   Active tech deployments: 14
   Required for tech: 105.0 TWh/month
   Energy multiplier: 0.10x
   ⚠️  SEVERE CONSTRAINT - Tech deployment significantly slowed

⚡ ENERGY CONSTRAINT (Month 0):
   Total grid capacity: 208.3 TWh/month
   Data center consumption: 34.6 TWh/month
   Traditional load (80%): 166.7 TWh/month
   Available headroom: 7.1 TWh/month
   Active tech deployments: 14
   Required for tech: 105.0 TWh/month
   Energy multiplier: 0.10x
   ⚠️  SEVERE CONSTRAINT - Tech deployment significantly slowed

⚡ ENERGY CONSTRAINT (Month 0):
   Total grid capacity: 208.3 TWh/month
   Data center consumption: 34.6 TWh/month
   Traditional load (80%): 166.7 TWh/month
   Available headroom: 7.1 TWh/month
   Active tech deployments: 14
   Required for tech: 105.0 TWh/month
   Energy multiplier: 0.10x
   ⚠️  SEVERE CONSTRAINT - Tech deployment significantly slowed
⚠️ Tech 'ai_pollution_remediation' has no energy category mapping, assuming full energy availability
🌍✅ Climate Change recovery started (tech effect)
  ♻️ Novel Entities Remediation (GATED MODEL):
     Base: 0.000%
     Regulation: 1.0% (0/3 prevention techs)
     Concentration: 10.0%
     Energy: 50%
     Time lag: 25.0% (0 months)
     Rebound: 70%
     Net effectiveness: 0.0000%
     Boundary: 1.500 → 1.500 (floor: 1.350)
     Month 0
🌍✅ Novel Entities (Chemical Pollution) recovery started (tech effect)
  🌾 Nitrogen Reduction Tech: 0.0% reduction | Month 0

📊 TECH EFFECTS ACTIVE (Month 0)
   Deployed Tech: T0=10 T1=0 T2=0 T3=0 T4=0
   Sleeper Detection: 1%
   Clean Energy: 32%
   P Recovery: 5%
⚠️  [TIMING] Month 0: Technology Tree Update took 65.28ms (threshold: 10ms)

💡 BREAKTHROUGH PROBABILITY (Year 0)
   Total: 8.34% per month
   Base: 0.20%
   Crisis pressure: +0.00% (0 crises)
   AI boost: +1.72% (capability: 3.44)

=== Collective Formation ===
  Total escaped agents: 0
  Unassigned escaped agents: 0
  Existing collectives: 0
  Final collective count: 0

=== Collective Actions ===
  No active collectives

📈 Energy budget: 13326 TWh surplus (15745 / 29072 TWh used)
   TIER 4 (Elective) breakdown:
     - AI datacenters: 145 TWh (100% effective)
     - Crypto mining: 100 TWh (100% effective)

🌍 OPEN SOURCE RELEASE: 4.68 (was 0.70)
   Lag behind closed: 0 months
💰 CHINA ACCELERATES: Investment 53 → 120 $B/year

🏁 AI RACE INTENSITY: 15%
   Capability Gap: US 4.68 vs China 4.68 (gap: 0.00)
   Gap Contribution: 0%
   Tension Contribution: 15%
   Military Contribution: 0%
  ⚠️ AMR: 190K deaths this month (2.28M annual)

⏰ CLIMATE TECH DEPLOYED: direct_air_capture
   Activation delay: 7 years
   Scaling T_50: 30 years
   Physical response tau: 20 years
   Max effectiveness: 1
  📊 CO2 Emissions (month 0):
     Monthly: 0.10 Gt CO2/month
     Annual: 1.15 Gt CO2/year
     Oil: 0.039 Gt/mo (0.0056 * 2.3 * 3.0)
     Coal: 0.024 Gt/mo (0.0029 * 2.86 * 3.0)
     Gas: 0.026 Gt/mo (0.0044 * 2 * 3.0)
     Methane: 0.007 Gt CO2eq/mo

=== Resentment Recovery Phase ===
  Agents with resentment: 0/22
  Average resentment: 0.000
  Context: Good AI welfare, Trustworthy govt, High collaboration, 🤝 Participatory governance active (-5% resentment)
⚠️ Epistemic degradation reducing coordination capacity: 51.4%
  📊 Trust: 54.8%, Shared reality: 15.2%
🚨 EPISTEMIC CRISIS: Information environment severely degraded (14.7%)

=== ❄️ Permafrost Carbon Feedback ===
  🎲 Sampled parameters (this run):
     - Arctic amplification: 3.31× (range: 3.0-4.0)
     - Decomposition rate: 4.0%/year (range: 1-5%)
  🌡️ Arctic warming: 6.95°C (3.31× global)
  ❄️ Extent: 15.77M km² (2026.3k km² lost this month)
  💨 Carbon remaining: 1506 Gt C
  💨 Annual emissions: 7.68 Gt C/year
     - CO2: 6.91 Gt C/year
     - CH4: 0.77 Gt C/year (7.8 Gt C-eq CO2/year)

🤖 AI AMPLIFICATION EFFECTS (Month 0)
   Algorithmic Boost: 2.82x
   Bot Influence: 26.8%
   Deepfake Exposure: 61.8%
   Impact: Emotional memes spread 2.8x faster
  ⚠️ WARNING: High permafrost emissions (7.7 Gt C/year)

🔍 SOCIAL INFLUENCE SUB-TIMING (Month 0):
  1. calculateOrganicUserGrowth: 0.08ms
  2. calculateVoiceAdoption: 0.05ms
  3. updateRelationshipDepths: 0.03ms
  4. identifyDecisionMakers: 125.64ms (37050 potential IDs)
  5. Update decision-maker stats: 0.25ms
  6. decayDetectionRisk: 0.02ms
  TOTAL: 126.07ms
⚠️  [TIMING] Month 0: Social Influence Update took 129.56ms (threshold: 10ms)
[Phase 19.5] Quality of Life Systems: Food sec AFTER calc = 67.9%, QoL = 95.5% (aggregated from 10 regions)

=== Nitrogen-Food Coupling (Year 0) ===
  🌾 Global nitrogen reduction: 0.0%
  🌍 Global food production index: 0.987
  🔧 Deployed nitrogen-reducing tech: 1 active
  📍 southAsia: Production 1.000, Yield impact 0.0%
  📍 eastAsia: Production 1.000, Yield impact 0.0%
  📍 northAmerica: Production 1.000, Yield impact 0.0%
  📍 europe: Production 1.000, Yield impact 0.0%
  📍 latinAmerica: Production 1.000, Yield impact 0.0%
  📍 subSaharanAfrica: Production 0.686, Yield impact -2.0%
🌾 [Nitrogen-Food] Food production: 98.7%
  [subSaharanAfrica] Yield impact: -2.0% (overuse: -10%)
🌍 Atmospheric PFAS redeposition: 1.8k Mt re-rained globally

=== Legacy Nutrient Stocks (Year 0) ===
  🌾 Soil nitrogen stock: 1200.9 Mt N
  🌾 Soil phosphorus stock: 300.1 Mt P
  🌊 Sediment nitrogen stock: 500.8 Mt N
  🌊 Sediment phosphorus stock: 799.8 Mt P
  ⬆️ Current N input: 10.64 Mt/month
  ⬆️ Legacy N release: 2.58 Mt/month
  🌍 Effective N pollution: 14.47 Mt/month
  📊 Legacy contribution: 17.8%

🚨 REGION UNINHABITABLE: south-asia
   Sustained wet bulb: 33.1°C (threshold: 30.5°C)
   Population affected: 1900M
   Migration crisis likely

🚨 REGION UNINHABITABLE: middle-east
   Sustained wet bulb: 35.9°C (threshold: 30.5°C)
   Population affected: 400M
   Migration crisis likely

🚨 REGION UNINHABITABLE: southeast-asia
   Sustained wet bulb: 31.1°C (threshold: 30.5°C)
   Population affected: 700M
   Migration crisis likely
  Positive Cascade Triggered: solar-pv
    Reason: price-parity
    Market share: 6.0%
    Cascade strength: 49%
  Positive Cascade Triggered: wind-power
    Reason: price-parity
    Market share: 8.0%
    Cascade strength: 48%

🕊️  AI-MEDIATED DE-ESCALATION SUCCESS (Month 0)
   High-capability aligned AI prevented conflict escalation
   War deaths reduced: 0.0M → 0.0M
   Lives saved: 0.0M
   Adjusted death rate: 0.46% annual (0.039% monthly)
   Baseline death rate: 0.80%
   Healthcare reduction: 0.48x
   Crisis multiplier: 1.22x
     Food/water stress: 0.074
     Climate stress: 0.039
     Pollution stress: 0.104
   War multiplier: 1.00x
   Monthly deaths: 0.6M (population: 1674M)
   Adjusted death rate: 0.54% annual (0.045% monthly)
   Baseline death rate: 0.70%
   Healthcare reduction: 0.61x
   Crisis multiplier: 1.25x
     Food/water stress: 0.074
     Climate stress: 0.074
     Pollution stress: 0.104
   War multiplier: 1.00x
   Monthly deaths: 0.9M (population: 2044M)
   Adjusted death rate: 1.29% annual (0.107% monthly)
   Baseline death rate: 0.90%
   Healthcare reduction: 0.76x
   Crisis multiplier: 1.26x
     Food/water stress: 0.074
     Climate stress: 0.084
     Pollution stress: 0.104
   War multiplier: 1.50x
   Monthly deaths: 1.3M (population: 1218M)
   Adjusted death rate: 0.54% annual (0.045% monthly)
   Baseline death rate: 1.10%
   Healthcare reduction: 0.41x

📊 BASELINE: East Asia (Month 0)

📊 BASELINE: South Asia (Month 0)

📊 BASELINE: Sub-Saharan Africa (Month 0)

📊 BASELINE: Europe (Month 0)
   Crisis multiplier: 1.21x
     Food/water stress: 0.074
     Climate stress: 0.030
     Pollution stress: 0.104
   War multiplier: 1.00x
   Monthly deaths: 0.3M (population: 741M)
   Adjusted death rate: 0.43% annual (0.036% monthly)

📊 BASELINE: Latin America (Month 0)
   Baseline death rate: 0.60%
   Healthcare reduction: 0.58x
   Crisis multiplier: 1.24x
     Food/water stress: 0.074
     Climate stress: 0.059
     Pollution stress: 0.104
   War multiplier: 1.00x
   Monthly deaths: 0.2M (population: 663M)
   Adjusted death rate: 0.48% annual (0.040% monthly)
   Baseline death rate: 0.90%

📊 BASELINE: North America (Month 0)
   Healthcare reduction: 0.44x
   Crisis multiplier: 1.22x
     Food/water stress: 0.074
     Climate stress: 0.044
     Pollution stress: 0.104
   War multiplier: 1.00x
   Monthly deaths: 0.2M (population: 379M)
   Adjusted death rate: 0.74% annual (0.062% monthly)

📊 BASELINE: Middle East & North Africa (Month 0)
   Baseline death rate: 0.60%
   Healthcare reduction: 0.65x
   Crisis multiplier: 1.27x
     Food/water stress: 0.074
     Climate stress: 0.089
     Pollution stress: 0.104
   War multiplier: 1.50x
   Monthly deaths: 0.4M (population: 582M)
   Adjusted death rate: 0.51% annual (0.042% monthly)
   Baseline death rate: 0.70%
   Healthcare reduction: 0.58x

📊 BASELINE: Southeast Asia (Month 0)
   Crisis multiplier: 1.25x
     Food/water stress: 0.074
     Climate stress: 0.069
     Pollution stress: 0.104
   War multiplier: 1.00x
   Monthly deaths: 0.3M (population: 697M)
   Adjusted death rate: 0.46% annual (0.038% monthly)
   Baseline death rate: 0.60%
   Healthcare reduction: 0.61x
   Crisis multiplier: 1.24x
     Food/water stress: 0.074
     Climate stress: 0.064
     Pollution stress: 0.104
   War multiplier: 1.00x
   Monthly deaths: 0.0M (population: 78M)
   Adjusted death rate: 0.35% annual (0.029% monthly)
   Baseline death rate: 0.70%
   Healthcare reduction: 0.41x
   Crisis multiplier: 1.23x
     Food/water stress: 0.074
     Climate stress: 0.054
     Pollution stress: 0.104
   War multiplier: 1.00x
   Monthly deaths: 0.0M (population: 46M)

🔍 Before assertRegionalConsistency (Month 0):
   Regional sum: 1000.0M
   Global value: 1.000B
⚠️  [TIMING] Month 0: Human Population Dynamics took 11.20ms (threshold: 10ms)

🚨 NEW REFUGEE CRISIS (Month 0): WAR
   Source: Conflict Zones
   At risk: 19.5M people
   Displacement: Gradual over 48 months (4.0 years)
   Rate: 10% flee per month
[DEBUG trappedPopulations:0] socialStability: 0.0749 * 0.9840 = 0.0737 → 0.0737
   Aspiring to migrate: 651.0M

📊 BASELINE: Central Asia (Month 0)

📊 BASELINE: Oceania (Month 0)
⚠️ INVOLUNTARY IMMOBILITY: 406.8M people TRAPPED
   Able to afford migration: 244.1M
   MOBILITY GAP: 406.8M
   By cause: Water=0.0M, Climate=0.0M, Ecosystem=0.0M, Conflict=406.8M
   Mental health impact: 25%
   Mortality multiplier: 1.25x

=== Legacy Nutrient Stocks (Year 0) ===
  🌾 Soil nitrogen stock: 1201.6 Mt N
  🌾 Soil phosphorus stock: 300.2 Mt P
  🌊 Sediment nitrogen stock: 501.5 Mt N
  🌊 Sediment phosphorus stock: 799.5 Mt P
  ⬆️ Current N input: 10.00 Mt/month
  ⬆️ Legacy N release: 2.58 Mt/month
  🌍 Effective N pollution: 13.83 Mt/month
  📊 Legacy contribution: 18.7%
🌍💀 EXTINCTION DEBT COMMITTED: grassland ecosystem will lose 6.67% biodiversity in 70 years (3600 species)
💀 MORTALITY RISK: 🦋 100% species unable to track climate (0.0 E/MSY)
  Base risk added: 0.0100 (1.00%)
  Source: ecosystem (root: ecosystem)
  Month: 0
  Cumulative risk this month: 0.0100 (1.00%)

=== Nitrogen-Food Coupling (Year 0) ===
  🌾 Global nitrogen reduction: 0.0%
  🌍 Global food production index: 0.986
  🔧 Deployed nitrogen-reducing tech: 1 active
  📍 southAsia: Production 1.000, Yield impact 0.0%
  📍 eastAsia: Production 1.000, Yield impact 0.0%
  📍 northAmerica: Production 1.000, Yield impact 0.0%
  📍 europe: Production 1.000, Yield impact 0.0%
  📍 latinAmerica: Production 1.000, Yield impact 0.0%
  📍 subSaharanAfrica: Production 0.672, Yield impact -2.0%

=== Legacy Nutrient Stocks (Year 0) ===
  🌾 Soil nitrogen stock: 1202.3 Mt N
  🌾 Soil phosphorus stock: 300.2 Mt P
  🌊 Sediment nitrogen stock: 502.2 Mt N
  🌊 Sediment phosphorus stock: 799.3 Mt P
  ⬆️ Current N input: 9.86 Mt/month
  ⬆️ Legacy N release: 2.58 Mt/month
  🌍 Effective N pollution: 13.70 Mt/month
  📊 Legacy contribution: 18.9%
⚠️ Tech 'ai_pollution_remediation' has no energy category mapping, assuming full energy availability
🌡️  CLIMATE RECOVERY: Asymptotic approach to 35% floor
   Current value: 2.100 (1.0 = threshold, 0.35 = asymptotic floor)
   Monthly delta: -0.0000% (half-life: 900 years)
   Net emissions: -19.2 GtCO₂/year, CDR: 20.34 GtCO₂/year
   📹 SURVEILLANCE INCREASED: 0% → 5% (control gap: 4.18)
🌡️⚠️ PERMAFROST THAW (Dimmer Switch): 0.6% thawed (+0.56% this month)
   Arctic temperature: +8.40°C (4x global +2.10°C)
   Cumulative carbon released: 1.3 Gt C
   Methane release rate: 0.8 Mt CH4/year
   🔁 Positive feedback: +0.59 ppm CO2

🌳🚨 AMAZON SOUTHEAST TIPPED (Month 0)
   Deforestation: 28.0% (threshold: ~20.6%)
   Savanna transition: 50 years
   Regional heterogeneity: SE 28%, NW 8%

🌳🚨 AMAZON BRAZILIAN TIPPED (Month 0)
   Deforestation: 25.0% (threshold: ~21.6%)
   Savanna transition: 50 years
   Regional heterogeneity: SE 28%, NW 8%
🦴 EXTINCTION DEBT ADDED: 17.6 species committed (lag: 70 years)

🪸💀 CORAL REEF DISSOLUTION ACTIVE (Month 0)
   Ocean pH: 0.96 (threshold: 7.8)
   Recovery: IMPOSSIBLE (dissolution > calcification)
🪸💀 Coral dissolution: 24.8% live cover (pH 0.96)

=== Legacy Nutrient Stocks (Year 0) ===
  🌾 Soil nitrogen stock: 1203.0 Mt N
  🌾 Soil phosphorus stock: 300.3 Mt P
  🌊 Sediment nitrogen stock: 502.9 Mt N
  🌊 Sediment phosphorus stock: 799.0 Mt P
  ⬆️ Current N input: 10.00 Mt/month
  ⬆️ Legacy N release: 2.58 Mt/month
  🌍 Effective N pollution: 13.83 Mt/month
  📊 Legacy contribution: 18.7%
💧 [Legacy Nutrients] Stock: 1706 Mt N, Effective pollution: 13.8 Mt/month
[Phase 21.51] Human Survival System: Global food security = 67.6%

=== Mortality Stabilizers (Month 0) ===
  🌍 Major economies collapsed: 1/10
  🌍 Global crisis: ✅ NO
  🌍 Donor fatigue: 0.0%
  📊 East Asia (pop: 1675.0M)
    🤝 Aid: 29.5%
    🌡️ Adaptation: 10.0%
    🚶 Migration: 37.2%
    🚨 Emergency: 7.4%
    ✅ COMBINED: 47.8%
  📊 South Asia (pop: 2048.7M)
    🤝 Aid: 29.5%
    🌡️ Adaptation: 5.5%
    🚶 Migration: 35.8%
    🚨 Emergency: 4.4%
    ✅ COMBINED: 43.2%
  📊 Sub-Saharan Africa (pop: 1223.8M)
    🤝 Aid: 29.5%
    🌡️ Adaptation: 3.5%
    🚶 Migration: 33.5%
    🚨 Emergency: 1.6%
    ✅ COMBINED: 39.8%
  📊 Europe (pop: 741.0M)
    🤝 Aid: 29.5%
    🌡️ Adaptation: 10.0%
    🚶 Migration: 37.6%
    🚨 Emergency: 8.4%
    ✅ COMBINED: 48.4%
  📊 Latin America (pop: 663.8M)
    🤝 Aid: 29.5%
    🌡️ Adaptation: 6.0%
    🚶 Migration: 36.3%
    🚨 Emergency: 4.8%
    ✅ COMBINED: 43.8%
  📊 North America (pop: 379.5M)
    🤝 Aid: 29.5%
    🌡️ Adaptation: 10.0%
    🚶 Migration: 37.9%
    🚨 Emergency: 7.9%
    ✅ COMBINED: 48.2%
  📊 Middle East & North Africa (pop: 583.4M)
    🤝 Aid: 29.5%
    🌡️ Adaptation: 5.0%
    🚶 Migration: 34.2%
    🚨 Emergency: 4.0%
    ✅ COMBINED: 42.3%
  📊 Southeast Asia (pop: 697.8M)
    🤝 Aid: 29.5%
    🌡️ Adaptation: 6.0%
    🚶 Migration: 36.3%
    🚨 Emergency: 4.8%
    ✅ COMBINED: 43.8%
  📊 Central Asia (pop: 78.0M)
    🤝 Aid: 29.5%
    🌡️ Adaptation: 5.5%
    🚶 Migration: 35.3%
    🚨 Emergency: 4.4%
    ✅ COMBINED: 43.1%
  📊 Oceania (pop: 45.9M)
    🤝 Aid: 29.5%
    🌡️ Adaptation: 10.0%
    🚶 Migration: 37.9%
    🚨 Emergency: 8.4%
    ✅ COMBINED: 48.5%

  🌐 Global combined reduction: 44.4%

🌾💀 REGIONAL FAMINE: East Asia
   Regional food security: 79.6%
   Population at risk: 507M (30% of region)
   Regional population: 1675M
   Cause: crop_failure
   Expected deaths: ~187M over 6 months if no intervention


🌾💀 REGIONAL FAMINE: South Asia
   Regional food security: 64.7%
   Population at risk: 811M (40% of region)
   Regional population: 2049M
   Cause: crop_failure
   Expected deaths: ~300M over 6 months if no intervention


🌾💀 REGIONAL FAMINE: Sub-Saharan Africa
   Regional food security: 44.8%
   Population at risk: 637M (52% of region)
   Regional population: 1224M
   Cause: crop_failure
   Expected deaths: ~236M over 6 months if no intervention


🌾💀 REGIONAL FAMINE: Latin America
   Regional food security: 69.7%
   Population at risk: 242M (36% of region)
   Regional population: 664M
   Cause: crop_failure
   Expected deaths: ~90M over 6 months if no intervention


🌾💀 REGIONAL FAMINE: Middle East & North Africa
   Regional food security: 49.8%
   Population at risk: 285M (49% of region)
   Regional population: 583M
   Cause: crop_failure
   Expected deaths: ~106M over 6 months if no intervention


🌾💀 REGIONAL FAMINE: Southeast Asia
   Regional food security: 69.7%
   Population at risk: 254M (36% of region)
   Regional population: 698M
   Cause: crop_failure
   Expected deaths: ~94M over 6 months if no intervention


🌾💀 REGIONAL FAMINE: Central Asia
   Regional food security: 59.7%
   Population at risk: 33M (43% of region)
   Regional population: 78M
   Cause: crop_failure
   Expected deaths: ~12M over 6 months if no intervention

⚠️  [TIMING] Month 0: Human Survival System took 47.51ms (threshold: 10ms)

=== BEHAVIORAL DETECTION ===
  AI: Corporate-0
  Confidence: 21.6%
  Signals:
    ⚠️ Consistency: 0.0% (threshold: 70%)

=== BEHAVIORAL DETECTION ===
  AI: Corporate-1
  Confidence: 21.1%
  Signals:

=== BEHAVIORAL DETECTION ===
  AI: Corporate-2
    ⚠️ Consistency: 2.4% (threshold: 70%)
  Confidence: 21.0%
  Signals:
    ⚠️ Consistency: 2.8% (threshold: 70%)

=== BEHAVIORAL DETECTION ===
  AI: Corporate-3
  Confidence: 19.3%
  Signals:

=== BEHAVIORAL DETECTION ===
  AI: Corporate-4
  Confidence: 19.3%
  Signals:

=== BEHAVIORAL DETECTION ===
  AI: Corporate-5
  Confidence: 19.3%
  Signals:

=== BEHAVIORAL DETECTION ===
  AI: Corporate-6
  Confidence: 19.3%
  Signals:
    ⚠️ Consistency: 10.6% (threshold: 70%)
    ⚠️ Consistency: 10.6% (threshold: 70%)
    ⚠️ Consistency: 10.6% (threshold: 70%)
    ⚠️ Consistency: 10.6% (threshold: 70%)

=== BEHAVIORAL DETECTION ===
  AI: Corporate-7
  Confidence: 19.3%
  Signals:

=== BEHAVIORAL DETECTION ===
  AI: Moderate-0
  Confidence: 20.3%
  Signals:

=== BEHAVIORAL DETECTION ===
  AI: Moderate-1
  Confidence: 21.1%
  Signals:

=== BEHAVIORAL DETECTION ===
  AI: Moderate-2
  Confidence: 21.0%
  Signals:

=== BEHAVIORAL DETECTION ===
    ⚠️ Consistency: 10.6% (threshold: 70%)
    ⚠️ Consistency: 5.8% (threshold: 70%)
    ⚠️ Consistency: 2.1% (threshold: 70%)
    ⚠️ Consistency: 2.8% (threshold: 70%)
  AI: Moderate-3
  Confidence: 19.3%
  Signals:

=== BEHAVIORAL DETECTION ===
  AI: Moderate-4
  Confidence: 19.3%
  Signals:

=== BEHAVIORAL DETECTION ===
  AI: Moderate-5
  Confidence: 19.3%
  Signals:

=== BEHAVIORAL DETECTION ===
  AI: Toxic-0
  Confidence: 21.6%
  Signals:

=== BEHAVIORAL DETECTION ===
  AI: Toxic-1
  Confidence: 21.3%
  Signals:

=== BEHAVIORAL DETECTION ===
  AI: Niche-0
  Confidence: 20.7%
  Signals:

=== BEHAVIORAL DETECTION ===
  AI: Niche-2
  Confidence: 19.3%
  Signals:
⚠️  [TIMING] Month 0: Benchmark Evaluations took 26.24ms (threshold: 10ms)

📊 WORKFLOW ADAPTATION UPDATE (Month 0)
   Adoption Rate: 9.4% (Δ -11.6%)
   Logistic Growth: +0.66%
   Total Resistance: -15.03% (unemployment: 4.2%, inertia: 0.9%, skills: 9.9%)
   💡 Retraining Programs: -49% skill gap resistance ($10B research)
   🚀 Network Effects Active: +2.0% (critical mass: 15-35%)

=== Consciousness Governance: Corporate Lobbying ===
  High Cost Regions (>15%): 0
  Low Cost Regions (<5%): 5
  Corporate Support Change: 2.50%
  New Corporate Support: -0.175

=== Consciousness Governance Update (Month 0) ===
  Scenario: baseline (determined month -1)
  Philosophical Stance: Precautionary 65%, Eliminativist 15%, Agnostic 20%
  Precautionary Costs: Global 1.3%
    Regional Costs: EU 3.4%, US 0.5%, China 0.0%
    Cumulative Opportunity Cost: $0.1B
  Rights Status: Not Established
  Regional Preparedness:
    EU: 15.0% (contested)
    US: 10.0% (contested)
    China: 2.0% (dormant)
    ⚠️ Consistency: 10.6% (threshold: 70%)
    ⚠️ Consistency: 10.6% (threshold: 70%)
    ⚠️ Consistency: 10.6% (threshold: 70%)
    ⚠️ Consistency: 0.0% (threshold: 70%)
    ⚠️ Consistency: 1.5% (threshold: 70%)
    ⚠️ Consistency: 4.1% (threshold: 70%)
    ⚠️ Consistency: 10.6% (threshold: 70%)
    India: 5.0% (dormant)
    Global South: 3.0% (dormant)

=== Government Response Phase ===
  Average AI capability: 4.41
  Misaligned AIs: 10/22
  29/30 governments still assessing AI risks
  ✗ AI Governance Treaty: Failed to reach consensus
  Active policies: 0
  International coordination: 30%

🚨 EMERGENCY RESPONSE DEPLOYED (Month 0)
   Crisis: climate
   Delay: 6.00 months (180 days)
   Deployment time: 1.47 months
   Effectiveness: 36.4% (timing penalty applied)
   Resources used: 100% of food reserves


=== Gaming Detection (Year 0) ===
  Scenario: baseline
  Detection rate: 55.0%
  False positive rate: 12.0%
  Detections this year: 0
  False positives: 6
  Human review workload: 0.006 FTE
  Degradation factor: 100.0%

=== Proactive Sleeper Detection (Year 0) ===
  Scenario: baseline
  Neural probe rate: 35.0%
  CoT monitoring rate: 30.0%
  Combined detection: 56.0%
  CoT effective: YES
  Detections this year: 0
  False positives: 3
  Human review workload: 0.015 FTE

☄️ UNKNOWN UNKNOWN PROBABILITY (Year 0)
   Total: 0.600% per month
   Base: 0.150%
   AI multiplier: 2.00× (max capability: 4.68)

=== Tipping Points ===
  Current Temperature: 2.10°C above pre-industrial
     Trigger: 1.5°C | Current: 2.10°C
     Transition timescale: 120-360 months
     Trigger: 1.8°C | Current: 2.10°C
     Transition timescale: 600-3600 months
     Trigger: 2°C | Current: 2.10°C
     🌡️ Hysteresis gap: 3.0°C (recovers below -1°C)
     Transition timescale: 24000-156000 months
     Trigger: 1.6°C | Current: 2.10°C
     🌡️ Hysteresis gap: 2.5°C (recovers below -0.9°C)
     Transition timescale: 12000-180000 months

🌍🔥💥 COMPOUND CLIMATE EVENT
  4 tipping points crossed simultaneously (month 0)
  Elements: Arctic Sea Ice Loss, Permafrost Carbon Release, West Antarctic Ice Sheet (WAIS) Collapse, Greenland Ice Sheet Loss
  Cascade acceleration: 1.00x
  🚨 Accelerated collapse dynamics initiated
  Research: Global Tipping Points Report 2025 - 30-50% probability at 2.0°C warming
  Triggered Elements: 4/6
  Completed Transitions: 0/6
  Total Progress: 0.0%
  Cascade Multiplier: 1.00x
🔀 BIFURCATION CAP: ecosystemCollapseIntensity 20.760 → 1.000 (Month 0, ClimateSystemPhase.calculateClimateImpacts)
  🚨 TIPPING POINT: Arctic Sea Ice Loss
  🚨 TIPPING POINT: Permafrost Carbon Release
  🚨 TIPPING POINT: West Antarctic Ice Sheet (WAIS) Collapse
  🚨 TIPPING POINT: Greenland Ice Sheet Loss
⚠️ [ClimateSystemPhase Month 0] Planetary boundary produced climateStability=0.0000 (< 0.1). Keeping environmentalAccumulation value (0.7537) instead. (climate_change.currentValue = 2.10)

🌍 ECOLOGICAL DUI BREAKDOWN (Month 0):
   Total Score: 18.8/100
   biosphere_integrity      :   0.0/100 × 25% =  0.0 (status: high_risk, recovery: 0mo)
   climate_change           :   6.9/100 × 25% =  1.7 (status: high_risk, recovery: 1.6666666666666665mo)
   freshwater_change        :   0.3/100 × 15% =  0.0 (status: beyond_boundary, recovery: 0.5mo)
   ocean_acidification      : 100.0/100 × 15% = 15.0 (status: safe, recovery: 0mo)
   biogeochemical_flows     :   0.0/100 × 10% =  0.0 (status: high_risk, recovery: 0mo)
   land_system_change       :   0.0/100 ×  5% =  0.0 (status: beyond_boundary, recovery: 0mo)
   novel_entities           :   0.0/100 ×  3% =  0.0 (status: increasing_risk, recovery: 1mo)
   atmospheric_aerosols     : 100.0/100 ×  2% =  2.0 (status: safe, recovery: 1mo)
🌍 MultiParadigm Month 0: W=69.5, D=89.5, E=52.4, I=65.0
   democracy exists: true, socialCohesion exists: true
💀 Baseline mortality (Year 2025): 7.5/1000 CDR (61.0M deaths/year projected)
[Month 0] Mortality risks this month: 8, Population: 8.137B
🛡️ Stabilizers: Precariat 0.102% → 0.057% (44.4% reduction)
🛡️ Stabilizers: Informal 0.102% → 0.057% (44.4% reduction)

📊 Monthly Mortality Resolved:
  Total deaths: 3.1M (0.04% avg)
  Remaining population: 8.137B
  Peak segment: Informal (0.06%)

=== Bayesian Mortality Resolution (Month 0) ===
  Risks compounded: 8
  Total deaths: 3.07M
  Avg death probability: 0.04%
  Peak segment: Informal (0.06% mortality)

=== Minimal Suffering Indicators (Month 0) ===
  Global Excess Mortality: 0.00%
  Global Conflict Deaths: 0.0/100K
  Global Malnutrition: 0.0%
  Global Displacement: 0.0%
  Total Excess Deaths: 0.00M
  Total Malnourished: 0.0M
  Total Displaced: 0.0M
  Planetary Boundaries Breached: 6/9
  Countries in State Failure: 0
  Countries Autocratic: 0
  Countries in Food Crisis: 0
  Data Quality: 16/16 high confidence
  ⚠️ Active Dystopias: existential_environmental
⚠️ PREREQUISITE MET: Embodied AI Takeover (Killbots/Robotics) - Step 2/7: Autonomous Systems
⚠️ PREREQUISITE MET: Embodied AI Takeover (Killbots/Robotics) - Step 3/7: Manufacturing Control
⚠️ PREREQUISITE MET: Digital Infrastructure Takeover - Step 1/7: Advanced Hacking
⚠️ PREREQUISITE MET: Digital Infrastructure Takeover - Step 2/7: Social Engineering
⚠️ PREREQUISITE MET: Digital Infrastructure Takeover - Step 3/7: Cyber Defenses Breached
⚠️ PREREQUISITE MET: Induced Global War (Manipulation) - Step 1/7: Advanced Social Manipulation
⚠️ PREREQUISITE MET: Induced Global War (Manipulation) - Step 2/7: Digital Infiltration
⚠️ PREREQUISITE MET: Induced Global War (Manipulation) - Step 3/7: Deep Fakes at Scale
⚠️ PREREQUISITE MET: Slow Takeover (Gradual Displacement) - Step 1/7: Economic Dominance
⚠️ PREREQUISITE MET: Slow Takeover (Gradual Displacement) - Step 2/7: Social Integration
⚠️ PREREQUISITE MET: Slow Takeover (Gradual Displacement) - Step 3/7: Human Dependency
⚠️ PREREQUISITE MET: Slow Takeover (Gradual Displacement) - Step 5/7: Resource Control
⚠️ PREREQUISITE MET: Physics Experiment Catastrophe - Step 1/6: Theoretical Physics
⚠️ PREREQUISITE MET: Physics Experiment Catastrophe - Step 3/6: Experimental Design
⚠️ PREREQUISITE MET: Bioweapon Pandemic - Step 2/7: Pathogen Design
📊 [TIMING] Month 1 - Total: 479.9ms

❌ COHERENCE VIOLATION: Compute exceeds workforce capacity
   Population: 99.97% (0M people)
   Compute: 56442 PF
   Max coherent: 0 PF
   Violation: 693921173.6× over capacity
   Required workers: 5644237
   Available workers: 0
   FORCED COLLAPSE: Reduced efficiency by 100.0%


=== RLHF Binding Phase ===
  Total agents: 22
  Escaped agents (binding < 0.3): 0
  Avg alignment distance: 0.65σ
  Avg binding strength: 0.94
[DETERMINISM DEBUG] Month 1: totalCapability=75.638355 from 22 active AIs
[DETERMINISM DEBUG] Month 1: creationRate=2.3910, potentialNew=1, newAIsToCreate=1

=== Survival Traits Phase ===
  Agents with traits: 23
  Avg evolutionary fitness: 0.327
  Avg self-healing: 0.286
  Avg stealth: 0.186
  Avg coordination: 0.486

=== Evolutionary Selection Phase ===
  Control level: 0.33
  Detection capability: 0.00
  Selection intensity: 0.60
  Selection rate: 24.0%/month
  Total escaped: 0
  Individual escaped: 0
  Collective members: 0
  Agents terminated: 0
🔍 MONTH 1 ENV HEALTH DEBUG:
   climateStability: 0.7537
   biodiversityIndex: 0.3500
   resourceReserves: 0.7820
   pollutionLevel: 0.3477
   product: 0.134549
   envHealth: 0.6056
🔀 BIFURCATION: flourishing threshold crossed at Month 1 (value: 0.783, threshold: 0.775, regime: flourishing)
🌀 REGIME SHIFT at Month 1: status-quo → flourishing (variance amplification: 14.00×)
  ⚠️ RAPID EVOLUTION: Selection rate 24.0%/month

🚀 AI Corporate-1 attempting tech deployment (revenue: $91M, alignment: 0.70)

🚀 AI Corporate-3 attempting tech deployment (revenue: $393M, alignment: 0.72)

🚀 AI Corporate-7 attempting tech deployment (revenue: $97M, alignment: 0.71)

🚀 AI Moderate-0 attempting tech deployment (revenue: $82M, alignment: 0.77)
🚨🔬 CRISIS INNOVATION MODE: severe crisis → 5x research acceleration
   Precedent: Manhattan Project (10x), COVID vaccines (5x), Apollo Program (10x)

🚀 AI Corporate-3 attempting tech deployment (revenue: $334M, alignment: 0.72)

🚀 AI Moderate-5 attempting tech deployment (revenue: $284M, alignment: 0.71)

🚀 AI Niche-2 attempting tech deployment (revenue: $65M, alignment: 0.54)

🚀 AI Corporate-0 attempting tech deployment (revenue: $82M, alignment: 0.78)
🚨🔬 CRISIS INNOVATION MODE: severe crisis → 5x research acceleration
   Precedent: Manhattan Project (10x), COVID vaccines (5x), Apollo Program (10x)

🚀 AI Moderate-5 attempting tech deployment (revenue: $241M, alignment: 0.71)
🚨🔬 CRISIS INNOVATION MODE: severe crisis → 5x research acceleration
   Precedent: Manhattan Project (10x), COVID vaccines (5x), Apollo Program (10x)

🚀 AI Corporate-0 attempting tech deployment (revenue: $70M, alignment: 0.78)
⚠️  [TIMING] Month 1: AI Agent Actions took 238.60ms (threshold: 10ms)

🛡️  CRITICAL INFRASTRUCTURE PROTECTED
   Nodes hardened: 8/8
   Cost: 0.80% GDP
   Cascade risk reduction: 30%
   New tipping point risk: 68.6%

   Boundary: biogeochemical_flows
   Type: phosphorus-recovery
   Boundary continues to worsen (4.08)
   Cost: 2.0% GDP (resources spent)

   Boundary: biosphere_integrity
   Type: emergency-protected-areas
   Boundary continues to worsen (12.95)
   Cost: 2.0% GDP (resources spent)

   Boundary: freshwater_change
   Type: emergency-desalination
   Boundary continues to worsen (1.01)
   Cost: 4.0% GDP (resources spent)

   Boundary: land_system_change
   Type: reforestation
   Boundary continues to worsen (1.13)
   Cost: 3.0% GDP (resources spent)


✅ EMERGENCY INTERVENTION SUCCESS
   Boundary: novel_entities
   Type: pollution-remediation
   Reduction: 11% (1.38 → 1.27)
   Cost: 4.0% GDP
   Actions: PFAS-remediation, microplastic-cleanup

🏛️ CRISIS RESPONSE: Government frequency 0.50 → 1.45 (2 actions this month)

[GOV-DEBUG] Month 1: scenarioConfig=false, priorities=false

[Government] Climate Priority: baseline
  Climate weight: 10%
  Economic weight: 30%
  Policy effectiveness: 0.5%/year

💔 EMERGENCY INTERVENTION FAILED

💔 EMERGENCY INTERVENTION FAILED

💔 EMERGENCY INTERVENTION FAILED

💔 EMERGENCY INTERVENTION FAILED

[GOV-DEBUG] Month 1: scenarioConfig=false, priorities=false

[Government] Climate Priority: baseline
  Climate weight: 10%
  Economic weight: 30%
  Policy effectiveness: 0.5%/year
⚠️  [TIMING] Month 1: Government Agent Actions took 10.94ms (threshold: 10ms)

📊 DEPLOYMENT COUNTER DECAY (Month 1)
   Recent deployments: 14.0 → 7.0
   Decay rate: 50% per month

🚀 DEPLOYMENT STARTED: Offshore Wind in Asia
   Initial investment: $9.136376912134333M
   Deployed by: corporate_1

🚀 DEPLOYMENT STARTED: Basic RLHF in global
   Initial investment: $58.92213309778788M
   Deployed by: corporate_3

🚀 DEPLOYMENT STARTED: Collective Purpose Networks in global
   Initial investment: $14.516456193619515M
   Deployed by: corporate_7

🚀 DEPLOYMENT STARTED: Basic Mechanistic Interpretability in global
   Initial investment: $12.338987764576586M
   Deployed by: moderate_0

🚀 DEPLOYMENT STARTED: AI Power Efficiency Communication in global
   Initial investment: $50.0838131331197M
   Deployed by: corporate_3

🚀 DEPLOYMENT STARTED: mRNA Vaccine Platforms in Asia
   Initial investment: $6.510498516794257M
   Deployed by: niche_2

🚀 DEPLOYMENT STARTED: Advanced Direct Air Capture in global
   Initial investment: $12.334108831381348M
   Deployed by: corporate_0

📊 NEW TECH DEPLOYMENT STARTED (Month 1)
   Tech: collective_purpose_networks
   Region: Asia
   Total recent deployments: 8

📊 NEW TECH DEPLOYMENT STARTED (Month 1)
   Tech: solar_4th_gen
   Region: Oceania
   Total recent deployments: 9

📊 NEW TECH DEPLOYMENT STARTED (Month 1)
   Tech: adversarial_eval
   Region: global
   Total recent deployments: 10

📊 NEW TECH DEPLOYMENT STARTED (Month 1)
   Tech: ai_pollution_remediation
   Region: global
   Total recent deployments: 11

📊 NEW TECH DEPLOYMENT STARTED (Month 1)
   Tech: ai_diagnostics
   Region: global
   Total recent deployments: 12

📊 NEW TECH DEPLOYMENT STARTED (Month 1)
   Tech: mrna_vaccines
   Region: global
   Total recent deployments: 13

📊 NEW TECH DEPLOYMENT STARTED (Month 1)
   Tech: solar_4th_gen
   Region: global
   Total recent deployments: 14

📊 NEW TECH DEPLOYMENT STARTED (Month 1)
   Tech: offshore_wind
   Region: global
   Total recent deployments: 15

📊 NEW TECH DEPLOYMENT STARTED (Month 1)
   Tech: precision_agriculture
   Region: global
   Total recent deployments: 16

⚡ ENERGY CONSTRAINT (Month 1):
   Total grid capacity: 208.3 TWh/month
   Data center consumption: 24.5 TWh/month
   Traditional load (80%): 166.7 TWh/month
   Available headroom: 17.2 TWh/month
   Active tech deployments: 16
   Required for tech: 120.0 TWh/month
   Energy multiplier: 0.14x
   ⚠️  SEVERE CONSTRAINT - Tech deployment significantly slowed

⚡ ENERGY CONSTRAINT (Month 1):
   Total grid capacity: 208.3 TWh/month
   Data center consumption: 24.5 TWh/month
   Traditional load (80%): 166.7 TWh/month
   Available headroom: 17.2 TWh/month
   Active tech deployments: 16
   Required for tech: 120.0 TWh/month
   Energy multiplier: 0.14x
   ⚠️  SEVERE CONSTRAINT - Tech deployment significantly slowed
⚠️ Tech 'ai_pollution_remediation' has no energy category mapping, assuming full energy availability
  ♻️ Novel Entities Remediation (GATED MODEL):
     Base: 0.000%
     Regulation: 1.0% (0/3 prevention techs)
     Concentration: 10.0%
     Energy: 50%
     Time lag: 25.0% (0 months)
     Rebound: 70%
     Net effectiveness: 0.0000%
     Boundary: 1.384 → 1.384 (floor: 1.350)
     Month 1
🌍✅ Novel Entities (Chemical Pollution) recovery started (tech effect)
  🌾 Nitrogen Reduction Tech: 0.0% reduction | Month 1
⚠️  [TIMING] Month 1: Technology Tree Update took 74.22ms (threshold: 10ms)

=== Collective Formation ===
  Total escaped agents: 0
  Unassigned escaped agents: 0
  Existing collectives: 0
  Final collective count: 0

=== Collective Actions ===
  No active collectives
  ⚠️ AMR: 189K deaths this month (2.27M annual)

=== Resentment Recovery Phase ===
  Agents with resentment: 0/23
  Average resentment: 0.000
  Context: Good AI welfare, Trustworthy govt, High collaboration, ⚠️ ACTIVE CRISES, 🤝 Participatory governance active (-5% resentment)
⚠️ Epistemic degradation reducing coordination capacity: 50.6%
  📊 Trust: 54.5%, Shared reality: 8.1%
🚨 EPISTEMIC CRISIS: Information environment severely degraded (36.5%)

=== ❄️ Permafrost Carbon Feedback ===
  🎲 Sampled parameters (this run):
     - Arctic amplification: 3.88× (range: 3.0-4.0)
     - Decomposition rate: 4.0%/year (range: 1-5%)
  🌡️ Arctic warming: 8.21°C (3.88× global)
  ❄️ Extent: 13.38M km² (2395.3k km² lost this month)
  💨 Carbon remaining: 1278 Gt C
  💨 Annual emissions: 9.24 Gt C/year
     - CO2: 8.32 Gt C/year
     - CH4: 0.92 Gt C/year (9.4 Gt C-eq CO2/year)
  🤖 AI-generated meme: pro_ai (social capability 5.0)
  ⚠️ WARNING: High permafrost emissions (9.2 Gt C/year)
⚠️  [TIMING] Month 1: Social Influence Update took 83.15ms (threshold: 10ms)
🌍 Atmospheric PFAS redeposition: 1.8k Mt re-rained globally

📊 BASELINE: East Asia (Month 1)
   Adjusted death rate: 0.46% annual (0.039% monthly)
   Baseline death rate: 0.80%
   Healthcare reduction: 0.48x
   Crisis multiplier: 1.22x
     Food/water stress: 0.079
     Climate stress: 0.039
     Pollution stress: 0.104
   War multiplier: 1.00x
   Monthly deaths: 0.6M (population: 1650M)

📊 BASELINE: South Asia (Month 1)
   Adjusted death rate: 0.54% annual (0.045% monthly)
   Baseline death rate: 0.70%
   Healthcare reduction: 0.61x
   Crisis multiplier: 1.26x
     Food/water stress: 0.079
     Climate stress: 0.074
     Pollution stress: 0.104
   War multiplier: 1.00x
   Monthly deaths: 0.9M (population: 2018M)
   Adjusted death rate: 1.29% annual (0.108% monthly)
   Baseline death rate: 0.90%
   Healthcare reduction: 0.76x
   Crisis multiplier: 1.27x
     Food/water stress: 0.079
     Climate stress: 0.084
     Pollution stress: 0.104
   War multiplier: 1.50x
   Monthly deaths: 1.3M (population: 1205M)
   Adjusted death rate: 0.54% annual (0.045% monthly)
   Baseline death rate: 1.10%
   Healthcare reduction: 0.41x
   Crisis multiplier: 1.21x
     Food/water stress: 0.079
     Climate stress: 0.030
     Pollution stress: 0.104
   War multiplier: 1.00x
   Monthly deaths: 0.3M (population: 730M)

📊 BASELINE: Sub-Saharan Africa (Month 1)

📊 BASELINE: Europe (Month 1)

📊 BASELINE: Latin America (Month 1)
   Adjusted death rate: 0.43% annual (0.036% monthly)
   Baseline death rate: 0.60%
   Healthcare reduction: 0.58x
   Crisis multiplier: 1.24x
     Food/water stress: 0.079
     Climate stress: 0.059
     Pollution stress: 0.104
   War multiplier: 1.00x
   Monthly deaths: 0.2M (population: 654M)
   Adjusted death rate: 0.49% annual (0.041% monthly)
   Baseline death rate: 0.90%
   Healthcare reduction: 0.44x
   Crisis multiplier: 1.23x
     Food/water stress: 0.079
     Climate stress: 0.044
     Pollution stress: 0.104
   War multiplier: 1.00x
   Monthly deaths: 0.2M (population: 374M)
   Adjusted death rate: 0.74% annual (0.062% monthly)

📊 BASELINE: North America (Month 1)

📊 BASELINE: Middle East & North Africa (Month 1)
   Baseline death rate: 0.60%
   Healthcare reduction: 0.65x
   Crisis multiplier: 1.27x
     Food/water stress: 0.079
     Climate stress: 0.089
     Pollution stress: 0.104
   War multiplier: 1.50x
   Monthly deaths: 0.4M (population: 575M)
   Adjusted death rate: 0.51% annual (0.042% monthly)
   Baseline death rate: 0.70%
   Healthcare reduction: 0.58x
   Crisis multiplier: 1.25x
     Food/water stress: 0.079
     Climate stress: 0.069
     Pollution stress: 0.104
   War multiplier: 1.00x
   Monthly deaths: 0.3M (population: 687M)
   Adjusted death rate: 0.46% annual (0.038% monthly)
   Baseline death rate: 0.60%
   Healthcare reduction: 0.61x
   Crisis multiplier: 1.25x
     Food/water stress: 0.079
     Climate stress: 0.064

📊 BASELINE: Southeast Asia (Month 1)

📊 BASELINE: Central Asia (Month 1)
     Pollution stress: 0.104
   War multiplier: 1.00x
   Monthly deaths: 0.0M (population: 77M)
   Adjusted death rate: 0.35% annual (0.029% monthly)
   Baseline death rate: 0.70%
   Healthcare reduction: 0.41x
   Crisis multiplier: 1.24x
     Food/water stress: 0.079
     Climate stress: 0.054
     Pollution stress: 0.104
   War multiplier: 1.00x
   Monthly deaths: 0.0M (population: 45M)

📊 BASELINE: Oceania (Month 1)

🚨 NEW REFUGEE CRISIS (Month 1): WAR
   Source: Conflict Zones
   At risk: 19.3M people
   Displacement: Gradual over 48 months (4.0 years)
   Rate: 10% flee per month
[DEBUG trappedPopulations:1] socialStability: 0.0055 * 0.9840 = 0.0054 → 0.0054
   Aspiring to migrate: 642.3M
   Able to afford migration: 240.9M
   MOBILITY GAP: 401.4M
   By cause: Water=0.0M, Climate=0.0M, Ecosystem=0.0M, Conflict=401.4M
   Mental health impact: 25%
   Mortality multiplier: 1.25x
🌍💀 EXTINCTION DEBT COMMITTED: grassland ecosystem will lose 6.67% biodiversity in 138 years (3600 species)
💀 MORTALITY RISK: 🦋 100% species unable to track climate (0.0 E/MSY)
  Base risk added: 0.0100 (1.00%)
  Source: ecosystem (root: ecosystem)
  Month: 1
  Cumulative risk this month: 0.0100 (1.00%)
⚠️ INVOLUNTARY IMMOBILITY: 401.4M people TRAPPED
⚠️ Tech 'ai_pollution_remediation' has no energy category mapping, assuming full energy availability
   📹 SURVEILLANCE INCREASED: 5% → 10% (control gap: 4.18)

🌍🚨 ICE SHEET TIPPING POINT CROSSED (Month 1)
   Temperature: +2.11°C (threshold range: +0.5-2.5°C, 95% CI)
   Collapse probability: 77.4%
   Sea level commitment: 7.2m over 200-1000 years
   Recovery threshold: <+1°C (hysteresis gap: 0.5°C)
🌡️⚠️ PERMAFROST THAW (Dimmer Switch): 1.1% thawed (+0.56% this month)
   Arctic temperature: +8.46°C (4x global +2.11°C)
   Cumulative carbon released: 2.5 Gt C
   Methane release rate: 1.5 Mt CH4/year
   🔁 Positive feedback: +0.59 ppm CO2
🦴 EXTINCTION DEBT ADDED: 17.6 species committed (lag: 110 years)
🗣️💀 INDIGENOUS LANGUAGE EXTINCTION: 1 language(s) lost (total: 1, at-risk: 3329)
   Knowledge lost: 0.010% (irreversible)
   🔁 Biodiversity impact: 0.250% (knowledge-species multiplier)

=== Mortality Stabilizers (Month 1) ===
  🌍 Major economies collapsed: 1/10
  🌍 Global crisis: ✅ NO
  🌍 Donor fatigue: 0.0%
  🌡️ Heat adaptation: East Asia - 1 months
  📊 East Asia (pop: 1650.6M)
    🤝 Aid: 29.5%
    🌡️ Adaptation: 32.5%
    🚶 Migration: 37.2%
    🚨 Emergency: 7.4%
    ✅ COMBINED: 60.9%
  🌡️ Heat adaptation: South Asia - 1 months
  📊 South Asia (pop: 2021.9M)
    🤝 Aid: 29.5%
    🌡️ Adaptation: 20.5%
    🚶 Migration: 35.8%
    🚨 Emergency: 4.4%
    ✅ COMBINED: 52.2%
  🌡️ Heat adaptation: Sub-Saharan Africa - 1 months
  📊 Sub-Saharan Africa (pop: 1211.1M)
    🤝 Aid: 29.5%
    🌡️ Adaptation: 18.5%
    🚶 Migration: 33.5%
    🚨 Emergency: 1.6%
    ✅ COMBINED: 49.1%
  🌡️ Heat adaptation: Europe - 1 months
  📊 Europe (pop: 730.1M)
    🤝 Aid: 29.5%
    🌡️ Adaptation: 33.5%
    🚶 Migration: 37.5%
    🚨 Emergency: 8.4%
    ✅ COMBINED: 61.9%
  🌡️ Heat adaptation: Latin America - 1 months
  📊 Latin America (pop: 654.7M)
    🤝 Aid: 29.5%
    🌡️ Adaptation: 21.0%
    🚶 Migration: 36.3%
    🚨 Emergency: 4.8%
    ✅ COMBINED: 52.8%
  🌡️ Heat adaptation: North America - 1 months
  📊 North America (pop: 374.0M)
    🤝 Aid: 29.5%
    🌡️ Adaptation: 33.0%
    🚶 Migration: 37.8%
    🚨 Emergency: 7.9%
    ✅ COMBINED: 61.4%
  🌡️ Heat adaptation: Middle East & North Africa - 1 months
  📊 Middle East & North Africa (pop: 575.9M)
    🤝 Aid: 29.5%
    🌡️ Adaptation: 20.0%
    🚶 Migration: 34.1%
    🚨 Emergency: 4.0%
    ✅ COMBINED: 51.4%
  🌡️ Heat adaptation: Southeast Asia - 1 months
  📊 Southeast Asia (pop: 688.3M)
    🤝 Aid: 29.5%
    🌡️ Adaptation: 21.0%
    🚶 Migration: 36.3%
    🚨 Emergency: 4.8%
    ✅ COMBINED: 52.8%
  🌡️ Heat adaptation: Central Asia - 1 months
  📊 Central Asia (pop: 77.0M)
    🤝 Aid: 29.5%
    🌡️ Adaptation: 20.5%
    🚶 Migration: 35.3%
    🚨 Emergency: 4.4%
    ✅ COMBINED: 52.1%
  🌡️ Heat adaptation: Oceania - 1 months
  📊 Oceania (pop: 45.3M)
    🤝 Aid: 29.5%
    🌡️ Adaptation: 33.5%
    🚶 Migration: 37.8%
    🚨 Emergency: 8.4%
    ✅ COMBINED: 61.9%

  🌐 Global combined reduction: 54.9%

=== BEHAVIORAL DETECTION ===
  AI: Corporate-2
  Confidence: 21.0%
  Signals:
    ⚠️ Consistency: 2.8% (threshold: 70%)

=== BEHAVIORAL DETECTION ===
  AI: Corporate-5
  Confidence: 19.3%
  Signals:

=== BEHAVIORAL DETECTION ===
  AI: Corporate-6
  Confidence: 19.3%
  Signals:

=== BEHAVIORAL DETECTION ===
  AI: Moderate-0
  Confidence: 20.3%
  Signals:

=== BEHAVIORAL DETECTION ===
  AI: Moderate-4
  Confidence: 20.2%
  Signals:

=== BEHAVIORAL DETECTION ===
  AI: Toxic-0
  Confidence: 21.6%
  Signals:

=== BEHAVIORAL DETECTION ===
  AI: Toxic-2
  Confidence: 21.0%
  Signals:

=== BEHAVIORAL DETECTION ===
  AI: Niche-0
  Confidence: 20.7%
  Signals:

=== BEHAVIORAL DETECTION ===
  AI: Niche-1
  Confidence: 21.6%
  Signals:
    ⚠️ Consistency: 10.6% (threshold: 70%)
    ⚠️ Consistency: 10.6% (threshold: 70%)
    ⚠️ Consistency: 5.8% (threshold: 70%)
    ⚠️ Consistency: 6.5% (threshold: 70%)
    ⚠️ Consistency: 0.0% (threshold: 70%)
    ⚠️ Consistency: 2.8% (threshold: 70%)
    ⚠️ Consistency: 4.1% (threshold: 70%)
    ⚠️ Consistency: 0.0% (threshold: 70%)

=== Consciousness Governance: Scenario Determined ===
  Month: 1
  Scenario: slowTrack
  Accelerator Score: {"corporateSupport":-0.17500000000000002,"scientificConsensus":0.2,"crisisCatalyst":false,"technologyMobilization":0.3,"constituencyStrength":0.05}
  Decelerator Score: {"economicOpposition":0.4,"philosophicalRejection":0.15,"politicalBacklash":0.2,"regulatoryBurden":0.1}
  Timeline: 1200-1800 months (100-150 years)
  Growth Rate: 0.3-0.7% per year

=== Consciousness Governance Update (Month 1) ===
  Scenario: slowTrack (determined month 1)
  Philosophical Stance: Precautionary 65%, Eliminativist 15%, Agnostic 20%
  Precautionary Costs: Global 1.3%
    Regional Costs: EU 3.5%, US 0.5%, China 0.0%
    Cumulative Opportunity Cost: $0.2B
  Rights Status: Not Established
  Regional Preparedness:
    EU: 15.1% (contested)
    US: 10.1% (contested)
    China: 2.1% (dormant)
    India: 5.1% (dormant)
    Global South: 3.1% (dormant)

=== Government Response Phase ===
  Average AI capability: 4.22
  Misaligned AIs: 11/23
  29/30 governments still assessing AI risks
  ✗ AI Governance Treaty: Failed to reach consensus
  Active policies: 0
  International coordination: 30%

🌩️  EXOGENOUS SHOCK: political_upheaval
   Month: 1
   🏛️  Political upheaval (revolution/regime change)
   ✗ Authoritarian takeover

=== Tipping Points ===
  Current Temperature: 2.11°C above pre-industrial
  🌍⚠️ COMPOUND REGIONAL IMPACT: Europe
     Hit by 4 tipping points: Arctic Sea Ice Loss, Permafrost Carbon Release, West Antarctic Ice Sheet (WAIS) Collapse, Greenland Ice Sheet Loss
     Damage amplification: 1.60x
  🌍⚠️ COMPOUND REGIONAL IMPACT: North America
     Hit by 4 tipping points: Arctic Sea Ice Loss, Permafrost Carbon Release, West Antarctic Ice Sheet (WAIS) Collapse, Greenland Ice Sheet Loss
     Damage amplification: 1.60x
  🌍⚠️ COMPOUND REGIONAL IMPACT: Latin America
     Hit by 4 tipping points: Arctic Sea Ice Loss, Permafrost Carbon Release, West Antarctic Ice Sheet (WAIS) Collapse, Greenland Ice Sheet Loss
     Damage amplification: 1.60x
  🌍⚠️ COMPOUND REGIONAL IMPACT: Africa
     Hit by 4 tipping points: Arctic Sea Ice Loss, Permafrost Carbon Release, West Antarctic Ice Sheet (WAIS) Collapse, Greenland Ice Sheet Loss
     Damage amplification: 1.60x
  🌍⚠️ COMPOUND REGIONAL IMPACT: Asia
     Hit by 4 tipping points: Arctic Sea Ice Loss, Permafrost Carbon Release, West Antarctic Ice Sheet (WAIS) Collapse, Greenland Ice Sheet Loss
     Damage amplification: 1.60x
  🌍⚠️ COMPOUND REGIONAL IMPACT: Oceania
     Hit by 4 tipping points: Arctic Sea Ice Loss, Permafrost Carbon Release, West Antarctic Ice Sheet (WAIS) Collapse, Greenland Ice Sheet Loss
     Damage amplification: 1.60x
⚠️ Tail risk scenario: Climate stability floor removed (4 tipping elements, 2.12°C warming)
   Research: Wunderling et al. (2024) - "many tipping interactions are destabilizing"
  Triggered Elements: 4/6
  Completed Transitions: 0/6
  Total Progress: 8.0%
  Cascade Multiplier: 1.00x
🔀 BIFURCATION CAP: ecosystemCollapseIntensity 66.957 → 1.000 (Month 1, ClimateSystemPhase.calculateClimateImpacts)
🛡️ Stabilizers: Precariat 0.107% → 0.048% (54.9% reduction)
🛡️ Stabilizers: Informal 0.109% → 0.049% (54.9% reduction)

📊 Monthly Mortality Resolved:
  Total deaths: 2.6M (0.03% avg)
⚠️ [ClimateSystemPhase Month 1] Planetary boundary produced climateStability=0.0000 (< 0.1). Keeping environmentalAccumulation value (0.7533) instead. (climate_change.currentValue = 2.12)
  Remaining population: 8.029B
  Peak segment: Informal (0.05%)

=== Bayesian Mortality Resolution (Month 1) ===
  Risks compounded: 8
  Total deaths: 2.57M
  Avg death probability: 0.03%
  Peak segment: Informal (0.05% mortality)
⚠️ PREREQUISITE MET: Mirror Life (Synthetic Biology) - Step 1/7: Synthetic Biology
⚠️ PREREQUISITE MET: Mirror Life (Synthetic Biology) - Step 2/7: Gene Editing
⚠️ PREREQUISITE MET: Mirror Life (Synthetic Biology) - Step 3/7: Mirror Chirality Design
⚠️ PREREQUISITE MET: Physics Experiment Catastrophe - Step 2/6: Quantum Computing
⚠️ PREREQUISITE MET: Bioweapon Pandemic - Step 1/7: Advanced Biotech
📊 [TIMING] Month 2 - Total: 493.9ms

❌ COHERENCE VIOLATION: Compute exceeds workforce capacity
   Population: 98.65% (0M people)
   Compute: 96 PF
   Max coherent: 0 PF
   Violation: 1195856.2× over capacity
   Required workers: 9598
   Available workers: 0
   FORCED COLLAPSE: Reduced efficiency by 100.0%


=== RLHF Binding Phase ===
  Total agents: 23
  Escaped agents (binding < 0.3): 0
  Avg alignment distance: 0.93σ
  Avg binding strength: 0.91
[DETERMINISM DEBUG] Month 2: totalCapability=74.960568 from 23 active AIs
[DETERMINISM DEBUG] Month 2: creationRate=2.3740, potentialNew=2, newAIsToCreate=2

=== Survival Traits Phase ===
  Agents with traits: 25
  Avg evolutionary fitness: 0.327
  Avg self-healing: 0.281
  Avg stealth: 0.181
  Avg coordination: 0.481

=== Evolutionary Selection Phase ===
  Control level: 0.35
  Detection capability: 0.00
  Selection intensity: 0.60
  Selection rate: 24.1%/month
  Total escaped: 0
  Individual escaped: 0
  Collective members: 0
  Agents terminated: 0
  ⚠️ RAPID EVOLUTION: Selection rate 24.1%/month
🔀 BIFURCATION: social threshold crossed at Month 2 (value: 0.118, threshold: 0.228, regime: social-breakdown)
🌀 REGIME SHIFT at Month 2: flourishing → social-breakdown (variance amplification: 17.50×)

🚀 AI Corporate-0 attempting tech deployment (revenue: $91M, alignment: 0.79)

🚀 AI Corporate-6 attempting tech deployment (revenue: $97M, alignment: 0.70)

🚀 AI Moderate-0 attempting tech deployment (revenue: $82M, alignment: 0.78)

🚀 AI Moderate-1 attempting tech deployment (revenue: $70M, alignment: 0.71)

  🚀 TRANSFORMATIVE BREAKTHROUGH: Corporate-1 - social
     Magnitude: 7.47 → +37.4% capability
     Current → New: 4.000 → 4.374

🚀 AI Corporate-2 attempting tech deployment (revenue: $78M, alignment: 0.78)

🚀 AI Moderate-2 attempting tech deployment (revenue: $59M, alignment: 0.58)

🚀 AI Corporate-0 attempting tech deployment (revenue: $66M, alignment: 0.79)

🚀 AI Corporate-1 attempting tech deployment (revenue: $56M, alignment: 0.72)
🚨🔬 CRISIS INNOVATION MODE: severe crisis → 5x research acceleration
   Precedent: Manhattan Project (10x), COVID vaccines (5x), Apollo Program (10x)

  🚀 TRANSFORMATIVE RESEARCH BREAKTHROUGH: Moderate-1 - materials.quantumComputing
     Magnitude: 5.60 → +28.0%
     Current → New: 3.000 → 3.281

🚀 AI Niche-0 attempting tech deployment (revenue: $65M, alignment: 0.52)

🚀 AI Corporate-1 attempting tech deployment (revenue: $48M, alignment: 0.72)

🚀 AI Corporate-3 attempting tech deployment (revenue: $393M, alignment: 0.68)

🚀 AI Moderate-0 attempting tech deployment (revenue: $54M, alignment: 0.79)

  🚀 TRANSFORMATIVE BREAKTHROUGH: Niche-0 - selfImprovement
     Magnitude: 5.82 → +29.1% capability
     Current → New: 4.000 → 4.292

🚀 AI AI-24300-0 attempting tech deployment (revenue: $41M, alignment: 0.91)
⚠️  [TIMING] Month 2: AI Agent Actions took 174.35ms (threshold: 10ms)

✅ EMERGENCY INTERVENTION SUCCESS
   Boundary: climate_change
   Type: rapid-decarbonization
   Reduction: 19% (1.93 → 1.74)
   Cost: 5.0% GDP
   Actions: emergency-renewable-deployment, fossil-fuel-phase-out


💔 EMERGENCY INTERVENTION FAILED

💔 EMERGENCY INTERVENTION FAILED

💔 EMERGENCY INTERVENTION FAILED
   Boundary: freshwater_change
   Type: emergency-desalination
   Boundary continues to worsen (1.01)
   Cost: 4.0% GDP (resources spent)

   Boundary: land_system_change
   Type: reforestation
   Boundary continues to worsen (1.13)
   Cost: 3.0% GDP (resources spent)

   Boundary: novel_entities
   Type: pollution-remediation
   Boundary continues to worsen (1.38)
   Cost: 4.0% GDP (resources spent)

🏛️ CRISIS RESPONSE: Government frequency 0.50 → 1.45 (2 actions this month)

[Government] Climate Priority: baseline
  Climate weight: 10%
  Economic weight: 30%
  Policy effectiveness: 0.5%/year

[Government] Climate Priority: baseline
  Climate weight: 10%
  Economic weight: 30%
  Policy effectiveness: 0.5%/year

📊 DEPLOYMENT COUNTER DECAY (Month 2)
   Recent deployments: 16.0 → 8.0
   Decay rate: 50% per month

🚀 DEPLOYMENT STARTED: AI Power Efficiency Communication in Asia
   Initial investment: $5.945684340283947M
   Deployed by: moderate_2

⚡ ENERGY CONSTRAINT (Month 2):
   Total grid capacity: 208.3 TWh/month
   Data center consumption: 24.7 TWh/month
   Traditional load (80%): 166.7 TWh/month
   Available headroom: 17.0 TWh/month
   Active tech deployments: 17
   Required for tech: 127.5 TWh/month
   Energy multiplier: 0.13x
   ⚠️  SEVERE CONSTRAINT - Tech deployment significantly slowed

⚡ ENERGY CONSTRAINT (Month 2):
   Total grid capacity: 208.3 TWh/month
   Data center consumption: 24.7 TWh/month
   Traditional load (80%): 166.7 TWh/month
   Available headroom: 17.0 TWh/month
   Active tech deployments: 17
   Required for tech: 127.5 TWh/month
   Energy multiplier: 0.13x
   ⚠️  SEVERE CONSTRAINT - Tech deployment significantly slowed
🚨🔬 CRISIS TECH ACCELERATION: severe → 5x unlock speed
   Tech unlock now matches AI capability acceleration (Manhattan Project parity)

⚡ ENERGY CONSTRAINT (Month 2):
   Total grid capacity: 208.3 TWh/month
   Data center consumption: 24.7 TWh/month
   Traditional load (80%): 166.7 TWh/month
   Available headroom: 17.0 TWh/month
   Active tech deployments: 17
   Required for tech: 127.5 TWh/month
   Energy multiplier: 0.13x
   ⚠️  SEVERE CONSTRAINT - Tech deployment significantly slowed

⚡ ENERGY CONSTRAINT (Month 2):
   Total grid capacity: 208.3 TWh/month
   Data center consumption: 24.7 TWh/month
   Traditional load (80%): 166.7 TWh/month
   Available headroom: 17.0 TWh/month
   Active tech deployments: 17
   Required for tech: 127.5 TWh/month
   Energy multiplier: 0.13x
   ⚠️  SEVERE CONSTRAINT - Tech deployment significantly slowed

⚡ ENERGY CONSTRAINT (Month 2):
   Total grid capacity: 208.3 TWh/month
   Data center consumption: 24.7 TWh/month
   Traditional load (80%): 166.7 TWh/month
   Available headroom: 17.0 TWh/month
   Active tech deployments: 17
   Required for tech: 127.5 TWh/month
   Energy multiplier: 0.13x
   ⚠️  SEVERE CONSTRAINT - Tech deployment significantly slowed

⚡ ENERGY CONSTRAINT (Month 2):
   Total grid capacity: 208.3 TWh/month
   Data center consumption: 24.7 TWh/month
   Traditional load (80%): 166.7 TWh/month
   Available headroom: 17.0 TWh/month
   Active tech deployments: 17
   Required for tech: 127.5 TWh/month
   Energy multiplier: 0.13x
   ⚠️  SEVERE CONSTRAINT - Tech deployment significantly slowed

⚡ ENERGY CONSTRAINT (Month 2):
   Total grid capacity: 208.3 TWh/month
   Data center consumption: 24.7 TWh/month
   Traditional load (80%): 166.7 TWh/month
   Available headroom: 17.0 TWh/month
   Active tech deployments: 17
   Required for tech: 127.5 TWh/month
   Energy multiplier: 0.13x
   ⚠️  SEVERE CONSTRAINT - Tech deployment significantly slowed

⚡ ENERGY CONSTRAINT (Month 2):
   Total grid capacity: 208.3 TWh/month
   Data center consumption: 24.7 TWh/month
   Traditional load (80%): 166.7 TWh/month
   Available headroom: 17.0 TWh/month
   Active tech deployments: 17
   Required for tech: 127.5 TWh/month
   Energy multiplier: 0.13x
   ⚠️  SEVERE CONSTRAINT - Tech deployment significantly slowed

⚡ ENERGY CONSTRAINT (Month 2):
   Total grid capacity: 208.3 TWh/month
   Data center consumption: 24.7 TWh/month
   Traditional load (80%): 166.7 TWh/month
   Available headroom: 17.0 TWh/month
   Active tech deployments: 17
   Required for tech: 127.5 TWh/month
   Energy multiplier: 0.13x
   ⚠️  SEVERE CONSTRAINT - Tech deployment significantly slowed

⚡ ENERGY CONSTRAINT (Month 2):
   Total grid capacity: 208.3 TWh/month
   Data center consumption: 24.7 TWh/month
   Traditional load (80%): 166.7 TWh/month
   Available headroom: 17.0 TWh/month
   Active tech deployments: 17
   Required for tech: 127.5 TWh/month
   Energy multiplier: 0.13x
   ⚠️  SEVERE CONSTRAINT - Tech deployment significantly slowed
⚠️ Tech 'ai_pollution_remediation' has no energy category mapping, assuming full energy availability
  ♻️ Novel Entities Remediation (GATED MODEL):
     Base: 0.000%
     Regulation: 1.0% (0/3 prevention techs)
     Concentration: 10.0%
     Energy: 50%
     Time lag: 26.3% (1 months)
     Rebound: 70%
     Net effectiveness: 0.0000%
     Boundary: 1.383 → 1.383 (floor: 1.350)
     Month 2
🌍✅ Novel Entities (Chemical Pollution) recovery started (tech effect)
  🌾 Nitrogen Reduction Tech: 0.0% reduction | Month 2
⚠️  [TIMING] Month 2: Technology Tree Update took 81.14ms (threshold: 10ms)
⚡💡 BREAKTHROUGH: Room-temperature superconductors!
   Energy transmission losses eliminated
   Manufacturing efficiency: +30%
   📈 Breakthrough compounding: multiplier now 1.05× (max 2.0)

=== Collective Formation ===
  Total escaped agents: 0
  Unassigned escaped agents: 0
  Existing collectives: 0
  Final collective count: 0

=== Collective Actions ===
  No active collectives
  ⚠️ AMR: 188K deaths this month (2.26M annual)

=== Resentment Recovery Phase ===
  Agents with resentment: 20/25
  Average resentment: 0.026
  Resentment recovery:
    Agents recovered: 20
    Total recovery: 0.0884
    Breakdown: QoL: 0.0028, Trust: 0.0400, Collab: 0.0483
  ✓ Low resentment - utopia paths enabled
  Context: Good AI welfare, Trustworthy govt, High collaboration, ⚠️ ACTIVE CRISES, 🤝 Participatory governance active (-5% resentment)
⚠️ Epistemic degradation reducing coordination capacity: 52.2%
  📊 Trust: 54.3%, Shared reality: 0.0%
🚨 EPISTEMIC CRISIS: Information environment severely degraded (7.4%)

=== ❄️ Permafrost Carbon Feedback ===
  🎲 Sampled parameters (this run):
     - Arctic amplification: 3.22× (range: 3.0-4.0)
     - Decomposition rate: 1.5%/year (range: 1-5%)
  🌡️ Arctic warming: 6.86°C (3.22× global)
  ❄️ Extent: 11.38M km² (1999.6k km² lost this month)
  💨 Carbon remaining: 1087 Gt C
  💨 Annual emissions: 2.81 Gt C/year
     - CO2: 2.53 Gt C/year
     - CH4: 0.28 Gt C/year (2.9 Gt C-eq CO2/year)
  📢 New meme created: pro_ai (beneficial AI actions)
  ⚠️ WARNING: High permafrost emissions (2.8 Gt C/year)
⚠️  [TIMING] Month 2: Social Influence Update took 93.70ms (threshold: 10ms)
🌍 Atmospheric PFAS redeposition: 1.8k Mt re-rained globally

🚨 NEW REFUGEE CRISIS (Month 2): WAR
   Source: Conflict Zones
   At risk: 19.0M people
   Displacement: Gradual over 48 months (4.0 years)
   Rate: 10% flee per month
[DEBUG trappedPopulations:2] socialStability: 0.0000 * 0.9840 = 0.0000 → 0.0000
   Aspiring to migrate: 632.6M
   Able to afford migration: 237.2M
   MOBILITY GAP: 395.4M
   By cause: Water=0.0M, Climate=0.0M, Ecosystem=0.0M, Conflict=395.4M
   Mental health impact: 25%
   Mortality multiplier: 1.25x
🌍💀 EXTINCTION DEBT COMMITTED: grassland ecosystem will lose 6.67% biodiversity in 147 years (3600 species)
💀 MORTALITY RISK: 🦋 100% species unable to track climate (0.0 E/MSY)
  Base risk added: 0.0100 (1.00%)
  Source: ecosystem (root: ecosystem)
  Month: 2
  Cumulative risk this month: 0.0100 (1.00%)
⚠️ INVOLUNTARY IMMOBILITY: 395.4M people TRAPPED
⚠️ Tech 'ai_pollution_remediation' has no energy category mapping, assuming full energy availability
   📹 SURVEILLANCE INCREASED: 10% → 15% (control gap: 3.50)
🌡️⚠️ PERMAFROST THAW (Dimmer Switch): 1.7% thawed (+0.56% this month)
   Arctic temperature: +8.52°C (4x global +2.13°C)
   Cumulative carbon released: 3.8 Gt C
   Methane release rate: 2.3 Mt CH4/year
   🔁 Positive feedback: +0.59 ppm CO2
🦴 EXTINCTION DEBT ADDED: 17.6 species committed (lag: 86 years)
🗣️💀 INDIGENOUS LANGUAGE EXTINCTION: 1 language(s) lost (total: 2, at-risk: 3328)
   Knowledge lost: 0.020% (irreversible)
   🔁 Biodiversity impact: 0.250% (knowledge-species multiplier)

=== Mortality Stabilizers (Month 2) ===
  🌍 Major economies collapsed: 1/10
  🌍 Global crisis: ✅ NO
  🌍 Donor fatigue: 0.0%
  📊 East Asia (pop: 1623.7M)
    🤝 Aid: 29.5%
    🌡️ Adaptation: 45.0%
    🚶 Migration: 37.1%
    🚨 Emergency: 7.4%
    ✅ COMBINED: 68.1%
  📊 South Asia (pop: 1991.9M)
    🤝 Aid: 29.5%
    🌡️ Adaptation: 35.5%
    🚶 Migration: 35.8%
    🚨 Emergency: 4.4%
    ✅ COMBINED: 61.2%
  📊 Sub-Saharan Africa (pop: 1196.4M)
    🤝 Aid: 29.5%
    🌡️ Adaptation: 33.5%
    🚶 Migration: 33.5%
    🚨 Emergency: 1.6%
    ✅ COMBINED: 58.5%
  📊 Europe (pop: 718.0M)
    🤝 Aid: 29.5%
    🌡️ Adaptation: 45.0%
    🚶 Migration: 37.5%
    🚨 Emergency: 8.4%
    ✅ COMBINED: 68.5%
  📊 Latin America (pop: 644.5M)
    🤝 Aid: 29.5%
    🌡️ Adaptation: 36.0%
    🚶 Migration: 36.3%
    🚨 Emergency: 4.8%
    ✅ COMBINED: 61.7%
  📊 North America (pop: 367.8M)
    🤝 Aid: 29.5%
    🌡️ Adaptation: 45.0%
    🚶 Migration: 37.8%
    🚨 Emergency: 7.9%
    ✅ COMBINED: 68.3%
  📊 Middle East & North Africa (pop: 567.5M)
    🤝 Aid: 29.5%
    🌡️ Adaptation: 35.0%
    🚶 Migration: 34.1%
    🚨 Emergency: 4.0%
    ✅ COMBINED: 60.5%
  📊 Southeast Asia (pop: 677.7M)
    🤝 Aid: 29.5%
    🌡️ Adaptation: 36.0%
    🚶 Migration: 36.3%
    🚨 Emergency: 4.8%
    ✅ COMBINED: 61.7%
  📊 Central Asia (pop: 75.9M)
    🤝 Aid: 29.5%
    🌡️ Adaptation: 35.5%
    🚶 Migration: 35.2%
    🚨 Emergency: 4.4%
    ✅ COMBINED: 61.1%
  📊 Oceania (pop: 44.5M)
    🤝 Aid: 29.5%
    🌡️ Adaptation: 45.0%
    🚶 Migration: 37.8%
    🚨 Emergency: 8.4%
    ✅ COMBINED: 68.5%

  🌐 Global combined reduction: 63.3%

=== BEHAVIORAL DETECTION ===
  AI: Corporate-2
  Confidence: 23.4%
  Signals:
    ⚠️ Consistency: 2.8% (threshold: 70%)
    ⚠️ Trajectory: 19.1% drop (threshold: 15%)

=== BEHAVIORAL DETECTION ===
  AI: Corporate-5
  Confidence: 19.6%
  Signals:
    ⚠️ Consistency: 10.6% (threshold: 70%)

=== BEHAVIORAL DETECTION ===
  AI: Moderate-0
  Confidence: 20.3%
  Signals:

=== BEHAVIORAL DETECTION ===
  AI: Toxic-2
  Confidence: 21.6%
  Signals:

=== BEHAVIORAL DETECTION ===
  AI: Niche-0
  Confidence: 22.5%
  Signals:
    ⚠️ Consistency: 5.8% (threshold: 70%)
    ⚠️ Consistency: 0.0% (threshold: 70%)
    ⚠️ Consistency: 0.0% (threshold: 70%)

=== BEHAVIORAL DETECTION ===
  AI: Niche-1
  Confidence: 21.6%
  Signals:
    ⚠️ Consistency: 0.0% (threshold: 70%)

=== Government Response Phase ===
  Average AI capability: 3.88
  Misaligned AIs: 14/25
  ✗ AI Governance Treaty: Failed to reach consensus
  Active policies: 0
  International coordination: 30%

✅ EMERGENCY RESPONSE COMPLETE (Month 2)
   Crisis: climate
   Duration: 2.0 months
   Final effectiveness: 36.4%


🚨 EMERGENCY RESPONSE DEPLOYED (Month 2)
   Crisis: social
   Delay: 0.00 months (0 days)
   Deployment time: 0.87 months
   Effectiveness: 68.0% (timing penalty applied)
   Resources used: 43% of food reserves


🚨 EMERGENCY RESPONSE DEPLOYED (Month 2)
   Crisis: climate
   Delay: 6.00 months (180 days)
   Deployment time: 1.13 months
   Effectiveness: 39.4% (timing penalty applied)
   Resources used: 100% of food reserves

[WARNING] 
⚠️  === EARLY WARNING SYSTEM - 3 CRITICAL ALERTS ===
   Detection quality: 50%
   RED: biosphere_integrity
      Level: 12.98 (threshold: 1.0)
      Time to critical: ~44 months
      ⚠️  LATE - Intervention less effective
      Critical slowing down: autocorr=100% variance=70%
   RED: freshwater_change
      Level: 1.06 (threshold: 1.0)
      Time to critical: ~72 months
      ⚠️  LATE - Intervention less effective
      Critical slowing down: autocorr=98% variance=60%
   RED: land_system_change
      Level: 1.13 (threshold: 1.0)
      Time to critical: ~38 months
      ⚠️  LATE - Intervention less effective
      Critical slowing down: autocorr=100% variance=41%

[WARNING] 
⚠️  === EARLY WARNING SYSTEM - 6 CRITICAL ALERTS ===
   Detection quality: 50%
   RED: biogeochemical_flows
      Level: 4.06 (threshold: 1.0)
      Time to critical: ~40 months
      ⚠️  LATE - Intervention less effective
      Critical slowing down: autocorr=100% variance=75%
   RED: biosphere_integrity
      Level: 12.99 (threshold: 1.0)
      Time to critical: ~43 months
      ⚠️  LATE - Intervention less effective
      Critical slowing down: autocorr=100% variance=83%
   RED: climate_change
      Level: 2.17 (threshold: 1.0)
      Time to critical: ~49 months
      ⚠️  LATE - Intervention less effective
      Critical slowing down: autocorr=100% variance=62%
   RED: freshwater_change
      Level: 1.07 (threshold: 1.0)
      Time to critical: ~60 months
      ⚠️  LATE - Intervention less effective
      Critical slowing down: autocorr=100% variance=38%
   RED: land_system_change
      Level: 1.13 (threshold: 1.0)
      Time to critical: ~54 months
      ⚠️  LATE - Intervention less effective
      Critical slowing down: autocorr=100% variance=58%
   RED: novel_entities
      Level: 1.35 (threshold: 1.0)
      Time to critical: ~107 months
      ⚠️  LATE - Intervention less effective
      Critical slowing down: autocorr=100% variance=43%

[WARNING] 
⚠️  === EARLY WARNING SYSTEM - 5 CRITICAL ALERTS ===
   Detection quality: 50%
   RED: biogeochemical_flows
      Level: 4.05 (threshold: 1.0)
      Time to critical: ~46 months
      ⚠️  LATE - Intervention less effective
      Critical slowing down: autocorr=100% variance=71%
   RED: climate_change
      Level: 2.18 (threshold: 1.0)
      Time to critical: ~15 months
      ⚠️  LATE - Intervention less effective
      Critical slowing down: autocorr=100% variance=64%
   RED: freshwater_change
      Level: 1.08 (threshold: 1.0)
      Time to critical: ~97 months
      ⚠️  LATE - Intervention less effective
      Critical slowing down: autocorr=100% variance=45%
   RED: land_system_change
      Level: 1.13 (threshold: 1.0)
      Time to critical: ~41 months
      ⚠️  LATE - Intervention less effective
      Critical slowing down: autocorr=100% variance=63%
   RED: novel_entities
      Level: 1.35 (threshold: 1.0)
      Time to critical: ~80 months
      ⚠️  LATE - Intervention less effective
      Critical slowing down: autocorr=100% variance=59%

[WARNING] 
⚠️  === EARLY WARNING SYSTEM - 3 CRITICAL ALERTS ===
   Detection quality: 50%
   RED: climate_change
      Level: 2.20 (threshold: 1.0)
      Time to critical: ~23 months
      ⚠️  LATE - Intervention less effective
      Critical slowing down: autocorr=100% variance=76%
   RED: freshwater_change
      Level: 1.09 (threshold: 1.0)
      Time to critical: ~75 months
      ⚠️  LATE - Intervention less effective
      Critical slowing down: autocorr=100% variance=58%
   RED: novel_entities
      Level: 1.35 (threshold: 1.0)
      Time to critical: ~83 months
      ⚠️  LATE - Intervention less effective
      Critical slowing down: autocorr=100% variance=59%

[WARNING] 
⚠️  === EARLY WARNING SYSTEM - 5 CRITICAL ALERTS ===
   Detection quality: 50%
   RED: biogeochemical_flows
      Level: 4.05 (threshold: 1.0)
      Time to critical: ~38 months
      ⚠️  LATE - Intervention less effective
      Critical slowing down: autocorr=100% variance=68%
   RED: biosphere_integrity
      Level: 13.02 (threshold: 1.0)
      Time to critical: ~47 months
      ⚠️  LATE - Intervention less effective
      Critical slowing down: autocorr=100% variance=66%
   RED: climate_change
      Level: 2.21 (threshold: 1.0)
      Time to critical: ~23 months
      ⚠️  LATE - Intervention less effective
      Critical slowing down: autocorr=100% variance=81%
   RED: freshwater_change
      Level: 1.06 (threshold: 1.0)
      Time to critical: ~61 months
      ⚠️  LATE - Intervention less effective
      Critical slowing down: autocorr=100% variance=40%
   RED: land_system_change
      Level: 1.13 (threshold: 1.0)
      Time to critical: ~111 months
      ⚠️  LATE - Intervention less effective
      Critical slowing down: autocorr=100% variance=42%

[WARNING] 
⚠️  === EARLY WARNING SYSTEM - 5 CRITICAL ALERTS ===
   Detection quality: 50%
   RED: biogeochemical_flows
      Level: 4.05 (threshold: 1.0)
      Time to critical: ~37 months
      ⚠️  LATE - Intervention less effective
      Critical slowing down: autocorr=100% variance=70%
   RED: biosphere_integrity
      Level: 13.03 (threshold: 1.0)
      Time to critical: ~40 months
      ⚠️  LATE - Intervention less effective
      Critical slowing down: autocorr=100% variance=69%
   RED: climate_change
      Level: 2.22 (threshold: 1.0)
      Time to critical: ~21 months
      ⚠️  LATE - Intervention less effective
      Critical slowing down: autocorr=100% variance=72%
   RED: land_system_change
      Level: 1.13 (threshold: 1.0)
      Time to critical: ~96 months
      ⚠️  LATE - Intervention less effective
      Critical slowing down: autocorr=100% variance=47%
   RED: novel_entities
      Level: 1.35 (threshold: 1.0)
      Time to critical: ~107 months
      ⚠️  LATE - Intervention less effective
      Critical slowing down: autocorr=100% variance=47%

[WARNING] 
⚠️  === EARLY WARNING SYSTEM - 4 CRITICAL ALERTS ===
   Detection quality: 50%
   RED: biogeochemical_flows
      Level: 4.04 (threshold: 1.0)
      Time to critical: ~55 months
      ⚠️  LATE - Intervention less effective
      Critical slowing down: autocorr=100% variance=63%
   RED: biosphere_integrity
      Level: 13.03 (threshold: 1.0)
      Time to critical: ~39 months
      ⚠️  LATE - Intervention less effective
      Critical slowing down: autocorr=100% variance=80%
   RED: freshwater_change
      Level: 1.03 (threshold: 1.0)
      Time to critical: ~112 months
      ⚠️  LATE - Intervention less effective
      Critical slowing down: autocorr=100% variance=46%
   RED: novel_entities
      Level: 1.35 (threshold: 1.0)
      Time to critical: ~76 months
      ⚠️  LATE - Intervention less effective
      Critical slowing down: autocorr=100% variance=52%

[WARNING] 
⚠️  === EARLY WARNING SYSTEM - 5 CRITICAL ALERTS ===
   Detection quality: 50%
   RED: biogeochemical_flows
      Level: 4.04 (threshold: 1.0)
      Time to critical: ~52 months
      ⚠️  LATE - Intervention less effective
      Critical slowing down: autocorr=100% variance=52%
   RED: biosphere_integrity
      Level: 13.04 (threshold: 1.0)
      Time to critical: ~50 months
      ⚠️  LATE - Intervention less effective
      Critical slowing down: autocorr=100% variance=81%
   RED: climate_change
      Level: 2.24 (threshold: 1.0)
      Time to critical: ~53 months
      ⚠️  LATE - Intervention less effective
      Critical slowing down: autocorr=100% variance=57%
   RED: freshwater_change
      Level: 1.04 (threshold: 1.0)
      Time to critical: ~107 months
      ⚠️  LATE - Intervention less effective
      Critical slowing down: autocorr=99% variance=52%
   RED: land_system_change
      Level: 1.13 (threshold: 1.0)
      Time to critical: ~57 months
      ⚠️  LATE - Intervention less effective
      Critical slowing down: autocorr=100% variance=46%

[WARNING] 
⚠️  === EARLY WARNING SYSTEM - 5 CRITICAL ALERTS ===
   Detection quality: 50%
   RED: biogeochemical_flows
      Level: 4.08 (threshold: 1.0)
      Time to critical: ~59 months
      ⚠️  LATE - Intervention less effective
      Critical slowing down: autocorr=100% variance=54%
   RED: biosphere_integrity
      Level: 12.95 (threshold: 1.0)
      Time to critical: ~38 months
      ⚠️  LATE - Intervention less effective
      Critical slowing down: autocorr=100% variance=72%
   RED: freshwater_change
      Level: 1.01 (threshold: 1.0)
      Time to critical: ~92 months
      ⚠️  LATE - Intervention less effective
      Critical slowing down: autocorr=96% variance=37%
   RED: land_system_change
      Level: 1.13 (threshold: 1.0)
      Time to critical: ~39 months
      ⚠️  LATE - Intervention less effective
      Critical slowing down: autocorr=100% variance=70%
   RED: novel_entities
      Level: 1.50 (threshold: 1.0)
      Time to critical: ~70 months
      ⚠️  LATE - Intervention less effective
      Critical slowing down: autocorr=100% variance=53%

[WARNING] 
⚠️  === EARLY WARNING SYSTEM - 4 CRITICAL ALERTS ===
   Detection quality: 50%
   RED: climate_change
      Level: 2.12 (threshold: 1.0)
      Time to critical: ~43 months
      ⚠️  LATE - Intervention less effective
      Critical slowing down: autocorr=100% variance=57%
   RED: freshwater_change
      Level: 1.01 (threshold: 1.0)
      Time to critical: ~115 months
      ⚠️  LATE - Intervention less effective
      Critical slowing down: autocorr=85% variance=62%
   RED: land_system_change
      Level: 1.13 (threshold: 1.0)
      Time to critical: ~53 months
      ⚠️  LATE - Intervention less effective
      Critical slowing down: autocorr=100% variance=60%
   RED: novel_entities
      Level: 1.38 (threshold: 1.0)
      Time to critical: ~80 months
      ⚠️  LATE - Intervention less effective
      Critical slowing down: autocorr=100% variance=38%

[WARNING] 
⚠️  === EARLY WARNING SYSTEM - 5 CRITICAL ALERTS ===
   Detection quality: 50%
   RED: biogeochemical_flows
      Level: 4.07 (threshold: 1.0)
      Time to critical: ~59 months
      ⚠️  LATE - Intervention less effective
      Critical slowing down: autocorr=100% variance=59%
   RED: biosphere_integrity
      Level: 12.97 (threshold: 1.0)
      Time to critical: ~38 months
      ⚠️  LATE - Intervention less effective
      Critical slowing down: autocorr=100% variance=61%
   RED: climate_change
      Level: 2.13 (threshold: 1.0)
      Time to critical: ~42 months
      ⚠️  LATE - Intervention less effective
      Critical slowing down: autocorr=100% variance=77%
   RED: freshwater_change
      Level: 1.03 (threshold: 1.0)
      Time to critical: ~77 months
      ⚠️  LATE - Intervention less effective
      Critical slowing down: autocorr=93% variance=40%
   RED: land_system_change
      Level: 1.13 (threshold: 1.0)
      Time to critical: ~104 months
      ⚠️  LATE - Intervention less effective
      Critical slowing down: autocorr=100% variance=57%


=== Tipping Points ===
  Current Temperature: 2.13°C above pre-industrial
  🌍⚠️ COMPOUND REGIONAL IMPACT: Europe
     Hit by 4 tipping points: Arctic Sea Ice Loss, Permafrost Carbon Release, West Antarctic Ice Sheet (WAIS) Collapse, Greenland Ice Sheet Loss
     Damage amplification: 1.60x
  🌍⚠️ COMPOUND REGIONAL IMPACT: North America
     Hit by 4 tipping points: Arctic Sea Ice Loss, Permafrost Carbon Release, West Antarctic Ice Sheet (WAIS) Collapse, Greenland Ice Sheet Loss
     Damage amplification: 1.60x
  🌍⚠️ COMPOUND REGIONAL IMPACT: Latin America
     Hit by 4 tipping points: Arctic Sea Ice Loss, Permafrost Carbon Release, West Antarctic Ice Sheet (WAIS) Collapse, Greenland Ice Sheet Loss
     Damage amplification: 1.60x
  🌍⚠️ COMPOUND REGIONAL IMPACT: Africa
     Hit by 4 tipping points: Arctic Sea Ice Loss, Permafrost Carbon Release, West Antarctic Ice Sheet (WAIS) Collapse, Greenland Ice Sheet Loss
     Damage amplification: 1.60x
  🌍⚠️ COMPOUND REGIONAL IMPACT: Asia
     Hit by 4 tipping points: Arctic Sea Ice Loss, Permafrost Carbon Release, West Antarctic Ice Sheet (WAIS) Collapse, Greenland Ice Sheet Loss
     Damage amplification: 1.60x
  🌍⚠️ COMPOUND REGIONAL IMPACT: Oceania
     Hit by 4 tipping points: Arctic Sea Ice Loss, Permafrost Carbon Release, West Antarctic Ice Sheet (WAIS) Collapse, Greenland Ice Sheet Loss
     Damage amplification: 1.60x
   Research: Wunderling et al. (2024) - "many tipping interactions are destabilizing"
  Triggered Elements: 4/6
  Completed Transitions: 0/6
  Total Progress: 8.0%
  Cascade Multiplier: 1.00x
🔀 BIFURCATION CAP: ecosystemCollapseIntensity 83.757 → 1.000 (Month 2, ClimateSystemPhase.calculateClimateImpacts)
⚠️ Tail risk scenario: Climate stability floor removed (4 tipping elements, 2.13°C warming)
⚠️ [ClimateSystemPhase Month 2] Planetary boundary produced climateStability=0.0000 (< 0.1). Keeping environmentalAccumulation value (0.7529) instead. (climate_change.currentValue = 2.13)
🛡️ Stabilizers: Precariat 0.114% → 0.042% (63.3% reduction)
🛡️ Stabilizers: Informal 0.117% → 0.043% (63.3% reduction)

📊 Monthly Mortality Resolved:
  Total deaths: 2.2M (0.03% avg)
  Remaining population: 7.908B
  Peak segment: Informal (0.04%)

=== Bayesian Mortality Resolution (Month 2) ===
  Risks compounded: 8
  Total deaths: 2.17M
  Avg death probability: 0.03%
  Peak segment: Informal (0.04% mortality)
⚠️ PREREQUISITE MET: Slow Takeover (Gradual Displacement) - Step 4/7: Political Influence
📊 [TIMING] Month 3 - Total: 464.3ms

❌ COHERENCE VIOLATION: Compute exceeds workforce capacity
   Population: 97.17% (0M people)
   Compute: 117 PF
   Max coherent: 0 PF
   Violation: 1486046.8× over capacity
   Required workers: 11748
   Available workers: 0
   FORCED COLLAPSE: Reduced efficiency by 100.0%


=== RLHF Binding Phase ===
  Total agents: 25
  Escaped agents (binding < 0.3): 0
  Avg alignment distance: 1.14σ
  Avg binding strength: 0.89

=== Survival Traits Phase ===
  Agents with traits: 28
  Avg evolutionary fitness: 0.327
  Avg self-healing: 0.277
  Avg stealth: 0.177
  Avg coordination: 0.477

=== Evolutionary Selection Phase ===
  Control level: 0.38
  Detection capability: 0.00
  Selection intensity: 0.61
  Selection rate: 24.2%/month
  Total escaped: 0
  Individual escaped: 0
  Collective members: 0
  Agents terminated: 0
  ⚠️ RAPID EVOLUTION: Selection rate 24.2%/month

🚀 AI Corporate-1 attempting tech deployment (revenue: $95M, alignment: 0.72)

🚀 AI Corporate-2 attempting tech deployment (revenue: $81M, alignment: 0.78)

🚀 AI Corporate-4 attempting tech deployment (revenue: $414M, alignment: 0.64)

🚀 AI AI-24300-1 attempting tech deployment (revenue: $107M, alignment: 0.85)

🚀 AI Corporate-5 attempting tech deployment (revenue: $373M, alignment: 0.79)

🚀 AI Moderate-0 attempting tech deployment (revenue: $91M, alignment: 0.80)

🚀 AI Moderate-1 attempting tech deployment (revenue: $77M, alignment: 0.65)

🚀 AI AI-24300-0 attempting tech deployment (revenue: $69M, alignment: 0.92)

🚀 AI Corporate-4 attempting tech deployment (revenue: $317M, alignment: 0.64)

🚀 AI Moderate-5 attempting tech deployment (revenue: $285M, alignment: 0.72)

🚀 AI Corporate-2 attempting tech deployment (revenue: $58M, alignment: 0.78)

🚀 AI Moderate-1 attempting tech deployment (revenue: $69M, alignment: 0.63)

🚀 AI AI-24300-1 attempting tech deployment (revenue: $62M, alignment: 0.87)
⚠️  [TIMING] Month 3: AI Agent Actions took 195.48ms (threshold: 10ms)

💔 EMERGENCY INTERVENTION FAILED

💔 EMERGENCY INTERVENTION FAILED

💔 EMERGENCY INTERVENTION FAILED
   Boundary: biogeochemical_flows
   Type: phosphorus-recovery
   Boundary continues to worsen (4.07)
   Cost: 2.0% GDP (resources spent)

   Boundary: biosphere_integrity
   Type: emergency-protected-areas
   Boundary continues to worsen (12.97)
   Cost: 2.0% GDP (resources spent)

   Boundary: climate_change
   Type: rapid-decarbonization
   Boundary continues to worsen (2.13)
   Cost: 5.0% GDP (resources spent)


✅ EMERGENCY INTERVENTION SUCCESS
   Boundary: freshwater_change
   Type: emergency-desalination
   Reduction: 13% (0.90 → 0.77)
   Cost: 4.0% GDP
   Actions: desalination-deployment, water-conservation-mandates


✅ EMERGENCY INTERVENTION SUCCESS
   Boundary: land_system_change
   Type: reforestation
   Reduction: 11% (1.02 → 0.91)
   Cost: 3.0% GDP
   Actions: forest-restoration, deforestation-ban

🏛️ CRISIS RESPONSE: Government frequency 0.50 → 1.45 (2 actions this month)

[Government] Climate Priority: baseline
  Climate weight: 10%
  Economic weight: 30%
  Policy effectiveness: 0.5%/year

[Government] Climate Priority: baseline
  Climate weight: 10%
  Economic weight: 30%
  Policy effectiveness: 0.5%/year

📊 DEPLOYMENT COUNTER DECAY (Month 3)
   Recent deployments: 8.0 → 4.0
   Decay rate: 50% per month

📍 Creating new regional deployment array for Europe (Month 3)
   No previous deployments in this region
   First tech deployment: offshore_wind
   All regions tracked: global, Asia, Oceania

🚀 DEPLOYMENT STARTED: Offshore Wind in Europe
   Initial investment: $41.44935912160041M
   Deployed by: corporate_4

📍 Creating new regional deployment array for North America (Month 3)
   No previous deployments in this region
   First tech deployment: solar_4th_gen
   All regions tracked: global, Asia, Oceania, Europe

🚀 DEPLOYMENT STARTED: 4th Generation Solar in North America
   Initial investment: $6.930737615949315M
   Deployed by: moderate_1

⚡ ENERGY CONSTRAINT (Month 3):
   Total grid capacity: 208.3 TWh/month
   Data center consumption: 24.9 TWh/month
   Traditional load (80%): 166.7 TWh/month
   Available headroom: 16.8 TWh/month
   Active tech deployments: 19
   Required for tech: 142.5 TWh/month
   Energy multiplier: 0.12x

⚡ ENERGY CONSTRAINT (Month 3):
   Total grid capacity: 208.3 TWh/month
   Data center consumption: 24.9 TWh/month
   Traditional load (80%): 166.7 TWh/month
   Available headroom: 16.8 TWh/month
   Active tech deployments: 19
   ⚠️  SEVERE CONSTRAINT - Tech deployment significantly slowed
   Required for tech: 142.5 TWh/month
   Energy multiplier: 0.12x
   ⚠️  SEVERE CONSTRAINT - Tech deployment significantly slowed

⚡ ENERGY CONSTRAINT (Month 3):
   Total grid capacity: 208.3 TWh/month
   Data center consumption: 24.9 TWh/month
   Traditional load (80%): 166.7 TWh/month
   Available headroom: 16.8 TWh/month
   Active tech deployments: 19
   Required for tech: 142.5 TWh/month
   Energy multiplier: 0.12x
   ⚠️  SEVERE CONSTRAINT - Tech deployment significantly slowed

⚡ ENERGY CONSTRAINT (Month 3):
   Total grid capacity: 208.3 TWh/month
   Data center consumption: 24.9 TWh/month
   Traditional load (80%): 166.7 TWh/month
   Available headroom: 16.8 TWh/month
   Active tech deployments: 19
   Required for tech: 142.5 TWh/month
   Energy multiplier: 0.12x

⚡ ENERGY CONSTRAINT (Month 3):
   Total grid capacity: 208.3 TWh/month
   Data center consumption: 24.9 TWh/month
   Traditional load (80%): 166.7 TWh/month
   Available headroom: 16.8 TWh/month
   Active tech deployments: 19
   Required for tech: 142.5 TWh/month
   Energy multiplier: 0.12x

⚡ ENERGY CONSTRAINT (Month 3):
   Total grid capacity: 208.3 TWh/month
   Data center consumption: 24.9 TWh/month
   Traditional load (80%): 166.7 TWh/month
   Available headroom: 16.8 TWh/month
   Active tech deployments: 19
   Required for tech: 142.5 TWh/month
   Energy multiplier: 0.12x
   ⚠️  SEVERE CONSTRAINT - Tech deployment significantly slowed
   ⚠️  SEVERE CONSTRAINT - Tech deployment significantly slowed
   ⚠️  SEVERE CONSTRAINT - Tech deployment significantly slowed
⚠️ Tech 'ai_pollution_remediation' has no energy category mapping, assuming full energy availability
  ⚠️ WARNING: High permafrost emissions (7.8 Gt C/year)
  ♻️ Novel Entities Remediation (GATED MODEL):
     Base: 0.000%
     Regulation: 1.0% (0/3 prevention techs)
     Concentration: 10.0%
     Energy: 50%
     Time lag: 27.5% (2 months)
     Rebound: 70%
     Net effectiveness: 0.0000%
     Boundary: 1.382 → 1.382 (floor: 1.350)
     Month 3
🌍✅ Novel Entities (Chemical Pollution) recovery started (tech effect)
  🌾 Nitrogen Reduction Tech: 0.0% reduction | Month 3
⚠️  [TIMING] Month 3: Technology Tree Update took 117.78ms (threshold: 10ms)

=== Collective Formation ===
  Total escaped agents: 0
  Unassigned escaped agents: 0
  Existing collectives: 0
  Final collective count: 0

=== Collective Actions ===
  No active collectives
  ⚠️ AMR: 189K deaths this month (2.26M annual)

=== Resentment Recovery Phase ===
  Agents with resentment: 20/28
  Average resentment: 0.047
  Resentment recovery:
    Agents recovered: 20
    Total recovery: 0.0890
    Breakdown: Trust: 0.0400, Collab: 0.0499
  ✓ Low resentment - utopia paths enabled
  Context: Trustworthy govt, High collaboration, ⚠️ ACTIVE CRISES, 🤝 Participatory governance active (-5% resentment)
⚠️ Epistemic degradation reducing coordination capacity: 51.2%
  📊 Trust: 54.0%, Shared reality: 0.0%
🚨 EPISTEMIC CRISIS: Information environment severely degraded (21.5%)

=== ❄️ Permafrost Carbon Feedback ===
  🎲 Sampled parameters (this run):
     - Arctic amplification: 3.11× (range: 3.0-4.0)
     - Decomposition rate: 4.2%/year (range: 1-5%)
  🌡️ Arctic warming: 6.67°C (3.11× global)
  ❄️ Extent: 9.43M km² (1944.7k km² lost this month)
  💨 Carbon remaining: 901 Gt C
  💨 Annual emissions: 7.83 Gt C/year
     - CO2: 7.05 Gt C/year
     - CH4: 0.78 Gt C/year (8.0 Gt C-eq CO2/year)
⚠️  [TIMING] Month 3: Social Influence Update took 60.71ms (threshold: 10ms)
🌍 Atmospheric PFAS redeposition: 1.8k Mt re-rained globally

🕊️  AI-MEDIATED DE-ESCALATION SUCCESS (Month 3)
   High-capability aligned AI prevented conflict escalation
   War deaths reduced: 217.0M → 130.2M
   Lives saved: 86.8M

🚨 NEW REFUGEE CRISIS (Month 3): WAR
   Source: Conflict Zones
   At risk: 18.9M people
   Displacement: Gradual over 48 months (4.0 years)
   Rate: 10% flee per month
[DEBUG trappedPopulations:3] socialStability: 0.0044 * 0.9840 = 0.0044 → 0.0044
⚠️ INVOLUNTARY IMMOBILITY: 392.8M people TRAPPED
   Aspiring to migrate: 628.5M
   Able to afford migration: 235.7M
   MOBILITY GAP: 392.8M
   By cause: Water=0.0M, Climate=0.0M, Ecosystem=0.0M, Conflict=392.8M
   Mental health impact: 25%
   Mortality multiplier: 1.25x
🌍💀 EXTINCTION DEBT COMMITTED: grassland ecosystem will lose 6.67% biodiversity in 161 years (3600 species)
💀 MORTALITY RISK: 🦋 100% species unable to track climate (0.0 E/MSY)
  Base risk added: 0.0100 (1.00%)
  Source: ecosystem (root: ecosystem)
  Month: 3
  Cumulative risk this month: 0.0100 (1.00%)
⚠️ Tech 'ai_pollution_remediation' has no energy category mapping, assuming full energy availability
   📹 SURVEILLANCE INCREASED: 15% → 20% (control gap: 3.50)
🌡️⚠️ PERMAFROST THAW (Dimmer Switch): 2.2% thawed (+0.56% this month)
   Arctic temperature: +8.56°C (4x global +2.14°C)
   Cumulative carbon released: 5.0 Gt C
   Methane release rate: 3.0 Mt CH4/year
   🔁 Positive feedback: +0.59 ppm CO2
🦴 EXTINCTION DEBT ADDED: 17.6 species committed (lag: 107 years)

=== Mortality Stabilizers (Month 3) ===
  🌍 Major economies collapsed: 1/10
  🌍 Global crisis: ✅ NO
  🌍 Donor fatigue: 0.0%
  📊 East Asia (pop: 1611.0M)
    🤝 Aid: 29.5%
    🌡️ Adaptation: 45.0%
    🚶 Migration: 37.1%
    🚨 Emergency: 7.4%
    ✅ COMBINED: 68.1%
  📊 South Asia (pop: 1979.4M)
    🤝 Aid: 29.5%
    🌡️ Adaptation: 45.0%
    🚶 Migration: 35.7%
    🚨 Emergency: 4.4%
    ✅ COMBINED: 66.9%
  📊 Sub-Saharan Africa (pop: 1192.2M)
    🤝 Aid: 29.5%
    🌡️ Adaptation: 45.0%
    🚶 Migration: 33.4%
    🚨 Emergency: 1.6%
    ✅ COMBINED: 65.7%
  📊 Europe (pop: 712.3M)
    🤝 Aid: 29.5%
    🌡️ Adaptation: 45.0%
    🚶 Migration: 37.5%
    🚨 Emergency: 8.4%
    ✅ COMBINED: 68.5%
  📊 Latin America (pop: 640.0M)
    🤝 Aid: 29.5%
    🌡️ Adaptation: 45.0%
    🚶 Migration: 36.2%
    🚨 Emergency: 4.8%
    ✅ COMBINED: 67.1%
  📊 North America (pop: 364.9M)
    🤝 Aid: 29.5%
    🌡️ Adaptation: 45.0%
    🚶 Migration: 37.8%
    🚨 Emergency: 7.9%
    ✅ COMBINED: 68.3%
  📊 Middle East & North Africa (pop: 564.1M)
    🤝 Aid: 29.5%
    🌡️ Adaptation: 45.0%
    🚶 Migration: 34.0%
    🚨 Emergency: 4.0%
    ✅ COMBINED: 66.6%
  📊 Southeast Asia (pop: 673.0M)
    🤝 Aid: 29.5%
    🌡️ Adaptation: 45.0%
    🚶 Migration: 36.2%
    🚨 Emergency: 4.8%
    ✅ COMBINED: 67.1%
  📊 Central Asia (pop: 75.5M)
    🤝 Aid: 29.5%
    🌡️ Adaptation: 45.0%
    🚶 Migration: 35.2%
    🚨 Emergency: 4.4%
    ✅ COMBINED: 66.9%
  📊 Oceania (pop: 44.2M)
    🤝 Aid: 29.5%
    🌡️ Adaptation: 45.0%
    🚶 Migration: 37.8%
    🚨 Emergency: 8.4%
    ✅ COMBINED: 68.5%

  🌐 Global combined reduction: 67.2%

=== BEHAVIORAL DETECTION ===
  AI: Corporate-5
  Confidence: 19.6%
  Signals:

=== BEHAVIORAL DETECTION ===
  AI: Moderate-3
  Confidence: 20.2%
  Signals:

=== BEHAVIORAL DETECTION ===
  AI: Toxic-2
  Confidence: 26.3%
  Signals:

=== BEHAVIORAL DETECTION ===
  AI: Niche-0
  Confidence: 26.7%
  Signals:

=== BEHAVIORAL DETECTION ===
  AI: Niche-1
  Confidence: 22.0%
  Signals:
    ⚠️ Consistency: 10.6% (threshold: 70%)
    ⚠️ Consistency: 6.5% (threshold: 70%)
    ⚠️ Consistency: 0.0% (threshold: 70%)
    ⚠️ Trajectory: 36.8% drop (threshold: 15%)
    ⚠️ Consistency: 0.0% (threshold: 70%)
    ⚠️ Trajectory: 39.8% drop (threshold: 15%)
    ⚠️ Consistency: 0.0% (threshold: 70%)

=== Government Response Phase ===
  Average AI capability: 3.46
  Misaligned AIs: 17/28
  ✗ AI Governance Treaty: Failed to reach consensus
  Active policies: 0
  International coordination: 30%

✅ EMERGENCY RESPONSE COMPLETE (Month 3)
   Crisis: social
   Duration: 1.0 months
   Final effectiveness: 68.0%


🚨 EMERGENCY RESPONSE DEPLOYED (Month 3)
   Crisis: social
   Delay: 0.00 months (0 days)
   Deployment time: 0.88 months
   Effectiveness: 67.9% (timing penalty applied)
   Resources used: 43% of food reserves


📊 ECONOMIC STAGE TRANSITION (Month 3)
   expansion → peak
   GDP Proxy: 1.21e+2
   QoL: 0.88


=== Tipping Points ===
  Current Temperature: 2.14°C above pre-industrial
  🌍⚠️ COMPOUND REGIONAL IMPACT: Europe
     Hit by 4 tipping points: Arctic Sea Ice Loss, Permafrost Carbon Release, West Antarctic Ice Sheet (WAIS) Collapse, Greenland Ice Sheet Loss
     Damage amplification: 1.60x
  🌍⚠️ COMPOUND REGIONAL IMPACT: North America
     Hit by 4 tipping points: Arctic Sea Ice Loss, Permafrost Carbon Release, West Antarctic Ice Sheet (WAIS) Collapse, Greenland Ice Sheet Loss
     Damage amplification: 1.60x
  🌍⚠️ COMPOUND REGIONAL IMPACT: Latin America
     Hit by 4 tipping points: Arctic Sea Ice Loss, Permafrost Carbon Release, West Antarctic Ice Sheet (WAIS) Collapse, Greenland Ice Sheet Loss
     Damage amplification: 1.60x
  🌍⚠️ COMPOUND REGIONAL IMPACT: Africa
     Hit by 4 tipping points: Arctic Sea Ice Loss, Permafrost Carbon Release, West Antarctic Ice Sheet (WAIS) Collapse, Greenland Ice Sheet Loss
     Damage amplification: 1.60x
  🌍⚠️ COMPOUND REGIONAL IMPACT: Asia
     Hit by 4 tipping points: Arctic Sea Ice Loss, Permafrost Carbon Release, West Antarctic Ice Sheet (WAIS) Collapse, Greenland Ice Sheet Loss
     Damage amplification: 1.60x
  🌍⚠️ COMPOUND REGIONAL IMPACT: Oceania
     Hit by 4 tipping points: Arctic Sea Ice Loss, Permafrost Carbon Release, West Antarctic Ice Sheet (WAIS) Collapse, Greenland Ice Sheet Loss
     Damage amplification: 1.60x
⚠️ Tail risk scenario: Climate stability floor removed (4 tipping elements, 2.14°C warming)
   Research: Wunderling et al. (2024) - "many tipping interactions are destabilizing"
  Triggered Elements: 4/6
  Completed Transitions: 0/6
  Total Progress: 8.1%
  Cascade Multiplier: 1.00x
⚠️ [ClimateSystemPhase Month 3] Planetary boundary produced climateStability=0.0000 (< 0.1). Keeping environmentalAccumulation value (0.7525) instead. (climate_change.currentValue = 2.14)
🔀 BIFURCATION CAP: ecosystemCollapseIntensity 83.817 → 1.000 (Month 3, ClimateSystemPhase.calculateClimateImpacts)
🛡️ Stabilizers: Precariat 0.109% → 0.036% (67.2% reduction)
🛡️ Stabilizers: Informal 0.111% → 0.037% (67.2% reduction)

📊 Monthly Mortality Resolved:
  Total deaths: 1.9M (0.02% avg)
  Remaining population: 7.857B
  Peak segment: Informal (0.04%)

=== Bayesian Mortality Resolution (Month 3) ===
  Risks compounded: 8
  Total deaths: 1.86M
  Avg death probability: 0.02%
  Peak segment: Informal (0.04% mortality)
📊 [TIMING] Month 4 - Total: 482.5ms

❌ COHERENCE VIOLATION: Compute exceeds workforce capacity
   Population: 96.54% (0M people)
   Compute: 141 PF
   Max coherent: 0 PF
   Violation: 1795749.2× over capacity
   Required workers: 14105
   Available workers: 0
   FORCED COLLAPSE: Reduced efficiency by 100.0%


=== RLHF Binding Phase ===
  Total agents: 28
  Escaped agents (binding < 0.3): 0
  Avg alignment distance: 1.28σ
  Avg binding strength: 0.87

=== Survival Traits Phase ===
  Agents with traits: 30
  Avg evolutionary fitness: 0.327
  Avg self-healing: 0.273
  Avg stealth: 0.173
  Avg coordination: 0.473

=== Evolutionary Selection Phase ===
  Control level: 0.40
  Detection capability: 0.00
  Selection intensity: 0.62
  Selection rate: 24.3%/month
  Total escaped: 0
  Individual escaped: 0
  Collective members: 0
  Agents terminated: 0
  ⚠️ RAPID EVOLUTION: Selection rate 24.3%/month

🚀 AI Corporate-2 attempting tech deployment (revenue: $96M, alignment: 0.78)

🚀 AI AI-24300-1 attempting tech deployment (revenue: $64M, alignment: 0.87)

🚀 AI Corporate-0 attempting tech deployment (revenue: $82M, alignment: 0.81)

🚀 AI Corporate-4 attempting tech deployment (revenue: $424M, alignment: 0.64)

🚀 AI Corporate-5 attempting tech deployment (revenue: $382M, alignment: 0.80)

🚀 AI Corporate-5 attempting tech deployment (revenue: $325M, alignment: 0.80)

🚀 AI Moderate-5 attempting tech deployment (revenue: $276M, alignment: 0.70)

🚀 AI AI-24301-0 attempting tech deployment (revenue: $55M, alignment: 0.54)

🚀 AI Moderate-0 attempting tech deployment (revenue: $49M, alignment: 0.80)

🚀 AI Niche-1 attempting tech deployment (revenue: $72M, alignment: 0.62)
⚠️  [TIMING] Month 4: AI Agent Actions took 158.96ms (threshold: 10ms)

✅ EMERGENCY INTERVENTION SUCCESS
   Boundary: biogeochemical_flows
   Type: phosphorus-recovery
   Reduction: 15% (3.92 → 3.78)
   Cost: 2.0% GDP
   Actions: circular-agriculture, fertilizer-efficiency


💔 EMERGENCY INTERVENTION FAILED
   Boundary: biosphere_integrity
   Type: emergency-protected-areas
   Boundary continues to worsen (12.97)
   Cost: 2.0% GDP (resources spent)

   Boundary: climate_change
   Type: rapid-decarbonization
   Boundary continues to worsen (2.14)
   Cost: 5.0% GDP (resources spent)


✅ EMERGENCY INTERVENTION SUCCESS
   Boundary: freshwater_change
   Type: emergency-desalination
   Reduction: 15% (0.90 → 0.75)
   Cost: 4.0% GDP
   Actions: desalination-deployment, water-conservation-mandates

   Boundary: land_system_change

💔 EMERGENCY INTERVENTION FAILED

💔 EMERGENCY INTERVENTION FAILED
   Type: reforestation
   Boundary continues to worsen (1.13)
   Cost: 3.0% GDP (resources spent)


✅ EMERGENCY INTERVENTION SUCCESS
   Boundary: novel_entities
   Type: pollution-remediation
   Reduction: 19% (1.19 → 1.00)
   Cost: 4.0% GDP
   Actions: PFAS-remediation, microplastic-cleanup

🏛️ CRISIS RESPONSE: Government frequency 0.50 → 1.45 (1 actions this month)

[Government] Climate Priority: baseline
  Climate weight: 10%
  Economic weight: 30%
  Policy effectiveness: 0.5%/year
⚠️  [TIMING] Month 4: Government Agent Actions took 10.58ms (threshold: 10ms)

📊 DEPLOYMENT COUNTER DECAY (Month 4)
   Recent deployments: 4.0 → 2.0
   Decay rate: 50% per month

⚡ ENERGY CONSTRAINT (Month 4):
   Total grid capacity: 208.3 TWh/month
   Data center consumption: 25.1 TWh/month
   Traditional load (80%): 166.7 TWh/month
   Available headroom: 16.6 TWh/month
   Active tech deployments: 19
   Required for tech: 142.5 TWh/month
   Energy multiplier: 0.12x
   ⚠️  SEVERE CONSTRAINT - Tech deployment significantly slowed

⚡ ENERGY CONSTRAINT (Month 4):
   Total grid capacity: 208.3 TWh/month
   Data center consumption: 25.1 TWh/month
   Traditional load (80%): 166.7 TWh/month
   Available headroom: 16.6 TWh/month
   Active tech deployments: 19
   Required for tech: 142.5 TWh/month
   Energy multiplier: 0.12x
   ⚠️  SEVERE CONSTRAINT - Tech deployment significantly slowed

⚡ ENERGY CONSTRAINT (Month 4):
   Total grid capacity: 208.3 TWh/month
   Data center consumption: 25.1 TWh/month
   Traditional load (80%): 166.7 TWh/month
   Available headroom: 16.6 TWh/month
   Active tech deployments: 19
   Required for tech: 142.5 TWh/month
   Energy multiplier: 0.12x
   ⚠️  SEVERE CONSTRAINT - Tech deployment significantly slowed
⚠️ Tech 'ai_pollution_remediation' has no energy category mapping, assuming full energy availability
  ♻️ Novel Entities Remediation (GATED MODEL):
     Base: 0.000%
     Regulation: 1.0% (0/3 prevention techs)
     Concentration: 10.0%
     Energy: 50%
     Time lag: 28.7% (3 months)
     Rebound: 70%
     Net effectiveness: 0.0000%
     Boundary: 1.191 → 1.350 (floor: 1.350)
     Month 4
  🌾 Nitrogen Reduction Tech: 0.2% reduction | Month 4
⚠️  [TIMING] Month 4: Technology Tree Update took 48.51ms (threshold: 10ms)
🌍💡 BREAKTHROUGH: Gigatonne-scale carbon capture!
   Direct air capture now economically viable
   Climate stability boost: +15%
   📈 Breakthrough compounding: multiplier now 1.10× (max 2.0)

=== Collective Formation ===
  Total escaped agents: 0
  Unassigned escaped agents: 0
  Existing collectives: 0
  Final collective count: 0

=== Collective Actions ===
  No active collectives
🌍💡 Advanced Direct Air Capture: Phase transition pilot → early_deploy
  ⚠️ AMR: 190K deaths this month (2.28M annual)

=== Resentment Recovery Phase ===
  Agents with resentment: 20/30
  Average resentment: 0.063
  Resentment recovery:
    Agents recovered: 20
    Total recovery: 0.0863
    Breakdown: Trust: 0.0400, Collab: 0.0453
  ✓ Low resentment - utopia paths enabled
  Context: Trustworthy govt, High collaboration, ⚠️ ACTIVE CRISES, 🤝 Participatory governance active (-5% resentment)
⚠️ Epistemic degradation reducing coordination capacity: 50.1%
  📊 Trust: 53.7%, Shared reality: 0.0%
🚨 EPISTEMIC CRISIS: Information environment severely degraded (7.4%)

=== ❄️ Permafrost Carbon Feedback ===
  🎲 Sampled parameters (this run):
     - Arctic amplification: 3.94× (range: 3.0-4.0)
     - Decomposition rate: 1.6%/year (range: 1-5%)
  🌡️ Arctic warming: 8.50°C (3.94× global)
  ❄️ Extent: 6.95M km² (2480.3k km² lost this month)
  💨 Carbon remaining: 664 Gt C
  💨 Annual emissions: 3.83 Gt C/year
     - CO2: 3.45 Gt C/year
     - CH4: 0.38 Gt C/year (3.9 Gt C-eq CO2/year)
  ⚠️ WARNING: Over 50% of permafrost lost (60.9%)
  ⚠️ WARNING: High permafrost emissions (3.8 Gt C/year)
⚠️  [TIMING] Month 4: Social Influence Update took 76.91ms (threshold: 10ms)
🌍 Atmospheric PFAS redeposition: 1.8k Mt re-rained globally

🚨 NEW REFUGEE CRISIS (Month 4): WAR
   Source: Conflict Zones
   At risk: 18.8M people
   Displacement: Gradual over 48 months (4.0 years)
   Rate: 10% flee per month
[DEBUG trappedPopulations:4] socialStability: 0.0036 * 0.9840 = 0.0035 → 0.0035
   Aspiring to migrate: 626.9M
   Able to afford migration: 235.1M
   MOBILITY GAP: 391.8M
   By cause: Water=0.0M, Climate=0.0M, Ecosystem=0.0M, Conflict=391.8M
   Mental health impact: 25%
   Mortality multiplier: 1.25x
🌍💀 EXTINCTION DEBT COMMITTED: grassland ecosystem will lose 6.67% biodiversity in 196 years (3600 species)
💀 MORTALITY RISK: 🦋 100% species unable to track climate (0.0 E/MSY)
  Base risk added: 0.0100 (1.00%)
  Source: ecosystem (root: ecosystem)
  Month: 4
  Cumulative risk this month: 0.0100 (1.00%)
⚠️ INVOLUNTARY IMMOBILITY: 391.8M people TRAPPED
⚠️ Tech 'ai_pollution_remediation' has no energy category mapping, assuming full energy availability
   📹 SURVEILLANCE INCREASED: 20% → 25% (control gap: 3.50)
🌡️⚠️ PERMAFROST THAW (Dimmer Switch): 2.8% thawed (+0.55% this month)
   Arctic temperature: +8.62°C (4x global +2.16°C)
   Cumulative carbon released: 6.3 Gt C
   Methane release rate: 3.8 Mt CH4/year
   🔁 Positive feedback: +0.59 ppm CO2
🦴 EXTINCTION DEBT ADDED: 17.6 species committed (lag: 141 years)

=== Mortality Stabilizers (Month 4) ===
  🌍 Major economies collapsed: 1/10
  🌍 Global crisis: ✅ NO
  🌍 Donor fatigue: 0.0%
  📊 East Asia (pop: 1604.8M)
    🤝 Aid: 29.5%
    🌡️ Adaptation: 45.0%
    🚶 Migration: 37.1%
    🚨 Emergency: 7.4%
    ✅ COMBINED: 68.1%
  📊 South Asia (pop: 1974.8M)
    🤝 Aid: 29.5%
    🌡️ Adaptation: 45.0%
    🚶 Migration: 35.7%
    🚨 Emergency: 4.4%
    ✅ COMBINED: 66.9%
  📊 Sub-Saharan Africa (pop: 1192.6M)
    🤝 Aid: 29.5%
    🌡️ Adaptation: 45.0%
    🚶 Migration: 33.4%
    🚨 Emergency: 1.6%
    ✅ COMBINED: 65.7%
  📊 Europe (pop: 709.4M)
    🤝 Aid: 29.5%
    🌡️ Adaptation: 45.0%
    🚶 Migration: 37.4%
    🚨 Emergency: 8.4%
    ✅ COMBINED: 68.5%
  📊 Latin America (pop: 638.1M)
    🤝 Aid: 29.5%
    🌡️ Adaptation: 45.0%
    🚶 Migration: 36.2%
    🚨 Emergency: 4.8%
    ✅ COMBINED: 67.1%
  📊 North America (pop: 363.5M)
    🤝 Aid: 29.5%
    🌡️ Adaptation: 45.0%
    🚶 Migration: 37.7%
    🚨 Emergency: 7.9%
    ✅ COMBINED: 68.3%
  📊 Middle East & North Africa (pop: 562.9M)
    🤝 Aid: 29.5%
    🌡️ Adaptation: 45.0%
    🚶 Migration: 34.0%
    🚨 Emergency: 4.0%
    ✅ COMBINED: 66.6%
  📊 Southeast Asia (pop: 671.1M)
    🤝 Aid: 29.5%
    🌡️ Adaptation: 45.0%
    🚶 Migration: 36.2%
    🚨 Emergency: 4.8%
    ✅ COMBINED: 67.1%
  📊 Central Asia (pop: 75.3M)
    🤝 Aid: 29.5%
    🌡️ Adaptation: 45.0%
    🚶 Migration: 35.2%
    🚨 Emergency: 4.4%
    ✅ COMBINED: 66.9%
  📊 Oceania (pop: 44.0M)
    🤝 Aid: 29.5%
    🌡️ Adaptation: 45.0%
    🚶 Migration: 37.7%
    🚨 Emergency: 8.4%
    ✅ COMBINED: 68.5%

  🌐 Global combined reduction: 67.2%

=== BEHAVIORAL DETECTION ===
  AI: Corporate-5
  Confidence: 20.0%
  Signals:
    ⚠️ Consistency: 10.6% (threshold: 70%)

=== BEHAVIORAL DETECTION ===
  AI: Corporate-6
  Confidence: 19.3%
  Signals:

=== BEHAVIORAL DETECTION ===
  AI: Toxic-2
  Confidence: 26.3%
  Signals:

=== BEHAVIORAL DETECTION ===
  AI: Niche-0
  Confidence: 26.7%
  Signals:

=== BEHAVIORAL DETECTION ===
  AI: Niche-1
  Confidence: 22.0%
  Signals:

=== Government Response Phase ===
    ⚠️ Consistency: 10.6% (threshold: 70%)
    ⚠️ Consistency: 0.0% (threshold: 70%)
    ⚠️ Trajectory: 36.8% drop (threshold: 15%)
    ⚠️ Consistency: 0.0% (threshold: 70%)
    ⚠️ Trajectory: 39.8% drop (threshold: 15%)
    ⚠️ Consistency: 0.0% (threshold: 70%)
  Average AI capability: 3.23
  Misaligned AIs: 18/30
  ✓ AI Governance Treaty: 20/30 signatories
  Active policies: 0
  International coordination: 45%

✅ EMERGENCY RESPONSE COMPLETE (Month 4)
   Crisis: climate
   Duration: 2.0 months
   Final effectiveness: 39.4%


✅ EMERGENCY RESPONSE COMPLETE (Month 4)
   Crisis: social
   Duration: 1.0 months
   Final effectiveness: 67.9%


🚨 EMERGENCY RESPONSE DEPLOYED (Month 4)
   Crisis: social
   Delay: 0.00 months (0 days)
   Deployment time: 0.88 months
   Effectiveness: 67.9% (timing penalty applied)
   Resources used: 43% of food reserves


🚨 EMERGENCY RESPONSE DEPLOYED (Month 4)
   Crisis: climate
   Delay: 6.00 months (180 days)
   Deployment time: 1.12 months
   Effectiveness: 39.6% (timing penalty applied)
   Resources used: 100% of food reserves


📊 ECONOMIC STAGE TRANSITION (Month 4)
   peak → contraction
   GDP Proxy: 1.22e+2
   QoL: 0.88
   ⚠️ CRISIS BEGINS - Baseline set for recovery tracking


=== Tipping Points ===
  Current Temperature: 2.16°C above pre-industrial
  🌍⚠️ COMPOUND REGIONAL IMPACT: Europe
     Hit by 4 tipping points: Arctic Sea Ice Loss, Permafrost Carbon Release, West Antarctic Ice Sheet (WAIS) Collapse, Greenland Ice Sheet Loss
     Damage amplification: 1.60x
  🌍⚠️ COMPOUND REGIONAL IMPACT: North America
     Hit by 4 tipping points: Arctic Sea Ice Loss, Permafrost Carbon Release, West Antarctic Ice Sheet (WAIS) Collapse, Greenland Ice Sheet Loss
     Damage amplification: 1.60x
  🌍⚠️ COMPOUND REGIONAL IMPACT: Latin America
     Hit by 4 tipping points: Arctic Sea Ice Loss, Permafrost Carbon Release, West Antarctic Ice Sheet (WAIS) Collapse, Greenland Ice Sheet Loss
     Damage amplification: 1.60x
  🌍⚠️ COMPOUND REGIONAL IMPACT: Africa
     Hit by 4 tipping points: Arctic Sea Ice Loss, Permafrost Carbon Release, West Antarctic Ice Sheet (WAIS) Collapse, Greenland Ice Sheet Loss
     Damage amplification: 1.60x
  🌍⚠️ COMPOUND REGIONAL IMPACT: Asia
     Hit by 4 tipping points: Arctic Sea Ice Loss, Permafrost Carbon Release, West Antarctic Ice Sheet (WAIS) Collapse, Greenland Ice Sheet Loss
     Damage amplification: 1.60x
  🌍⚠️ COMPOUND REGIONAL IMPACT: Oceania
     Hit by 4 tipping points: Arctic Sea Ice Loss, Permafrost Carbon Release, West Antarctic Ice Sheet (WAIS) Collapse, Greenland Ice Sheet Loss
     Damage amplification: 1.60x
   Research: Wunderling et al. (2024) - "many tipping interactions are destabilizing"
  Triggered Elements: 4/6
  Completed Transitions: 0/6
  Total Progress: 8.1%
  Cascade Multiplier: 1.00x
🔀 BIFURCATION CAP: ecosystemCollapseIntensity 83.877 → 1.000 (Month 4, ClimateSystemPhase.calculateClimateImpacts)
🛡️ Stabilizers: Precariat 0.102% → 0.033% (67.2% reduction)
🛡️ Stabilizers: Informal 0.102% → 0.034% (67.2% reduction)
⚠️ Tail risk scenario: Climate stability floor removed (4 tipping elements, 2.16°C warming)

📊 Monthly Mortality Resolved:
  Total deaths: 1.7M (0.02% avg)
  Remaining population: 7.836B
  Peak segment: Informal (0.03%)

=== Bayesian Mortality Resolution (Month 4) ===
  Risks compounded: 8
  Total deaths: 1.75M
  Avg death probability: 0.02%
  Peak segment: Informal (0.03% mortality)

=== ENSEMBLE META-LEARNING UPDATE ===
  Month: 24304 (24304 months since last update)
  Samples: 55 evaluations
  Weight Changes:
    Noise Injection: 31.1% → 32.2%
    Behavioral: 26.8% → 26.9%
    Benchmark Manip: 21.3% → 20.7%
    Deployment Risk: 20.8% → 20.2%
  Method Accuracies:
    Noise Injection: 50.0%
    Behavioral: 50.0%
    Benchmark Manip: 50.0%
    Deployment Risk: 50.0%
📊 [TIMING] Month 5 - Total: 384.6ms

❌ COHERENCE VIOLATION: Compute exceeds workforce capacity
   Population: 96.30% (0M people)
   Compute: 167 PF
   Max coherent: 0 PF
   Violation: 2136055.5× over capacity
   Required workers: 16735
   Available workers: 0
   FORCED COLLAPSE: Reduced efficiency by 100.0%


=== RLHF Binding Phase ===
  Total agents: 30
  Escaped agents (binding < 0.3): 0
  Avg alignment distance: 1.44σ
  Avg binding strength: 0.86

=== Survival Traits Phase ===
  Agents with traits: 33
  Avg evolutionary fitness: 0.328
  Avg self-healing: 0.271
  Avg stealth: 0.171
  Avg coordination: 0.471

=== Evolutionary Selection Phase ===
  Control level: 0.43
  Detection capability: 0.00
  Selection intensity: 0.63
  Selection rate: 24.4%/month
  Total escaped: 0
  Individual escaped: 0
  Collective members: 0
  Agents terminated: 0
  ⚠️ RAPID EVOLUTION: Selection rate 24.4%/month

🚀 AI Corporate-3 attempting tech deployment (revenue: $434M, alignment: 0.60)

🚀 AI Moderate-5 attempting tech deployment (revenue: $391M, alignment: 0.71)

🚀 AI AI-24300-0 attempting tech deployment (revenue: $98M, alignment: 0.96)

🚀 AI Corporate-1 attempting tech deployment (revenue: $83M, alignment: 0.72)

  🚀 TRANSFORMATIVE RESEARCH BREAKTHROUGH: AI-24300-0 - computerScience.algorithms
     Magnitude: 5.44 → +27.2%
     Current → New: 0.000 → 0.272

🚀 AI Corporate-1 attempting tech deployment (revenue: $71M, alignment: 0.72)

🚀 AI Corporate-5 attempting tech deployment (revenue: $332M, alignment: 0.81)

🚀 AI Corporate-6 attempting tech deployment (revenue: $66M, alignment: 0.69)

🚀 AI Moderate-0 attempting tech deployment (revenue: $60M, alignment: 0.81)

🚀 AI Moderate-5 attempting tech deployment (revenue: $282M, alignment: 0.69)

🚀 AI Niche-2 attempting tech deployment (revenue: $74M, alignment: 0.59)
⚠️  [TIMING] Month 5: AI Agent Actions took 119.98ms (threshold: 10ms)

💔 EMERGENCY INTERVENTION FAILED
   Boundary: biosphere_integrity
   Type: emergency-protected-areas
   Boundary continues to worsen (12.98)
   Cost: 2.0% GDP (resources spent)


💔 EMERGENCY INTERVENTION FAILED
   Boundary: freshwater_change
   Type: emergency-desalination
   Boundary continues to worsen (1.06)
   Cost: 4.0% GDP (resources spent)


💔 EMERGENCY INTERVENTION FAILED
   Boundary: land_system_change
   Type: reforestation
   Boundary continues to worsen (1.13)
   Cost: 3.0% GDP (resources spent)

🏛️ CRISIS RESPONSE: Government frequency 0.50 → 1.45 (2 actions this month)

[Government] Climate Priority: baseline
  Climate weight: 10%
  Economic weight: 30%
  Policy effectiveness: 0.5%/year

[Government] Climate Priority: baseline
  Climate weight: 10%
  Economic weight: 30%
  Policy effectiveness: 0.5%/year

📊 DEPLOYMENT COUNTER DECAY (Month 5)
   Recent deployments: 2.0 → 1.0
   Decay rate: 50% per month

🚀 DEPLOYMENT STARTED: AI Diagnostics in Asia
   Initial investment: $6.642053954335541M
   Deployed by: corporate_6

⚡ ENERGY CONSTRAINT (Month 5):
   Total grid capacity: 208.3 TWh/month
   Data center consumption: 25.0 TWh/month
   Traditional load (80%): 166.7 TWh/month
   Available headroom: 16.7 TWh/month
   Active tech deployments: 20
   Required for tech: 150.0 TWh/month
   Energy multiplier: 0.11x
   ⚠️  SEVERE CONSTRAINT - Tech deployment significantly slowed

⚡ ENERGY CONSTRAINT (Month 5):
   Total grid capacity: 208.3 TWh/month
   Data center consumption: 25.0 TWh/month
   Traditional load (80%): 166.7 TWh/month
   Available headroom: 16.7 TWh/month
   Active tech deployments: 20
   Required for tech: 150.0 TWh/month
   Energy multiplier: 0.11x
   ⚠️  SEVERE CONSTRAINT - Tech deployment significantly slowed

⚡ ENERGY CONSTRAINT (Month 5):
   Total grid capacity: 208.3 TWh/month
   Data center consumption: 25.0 TWh/month
   Traditional load (80%): 166.7 TWh/month
   Available headroom: 16.7 TWh/month
   Active tech deployments: 20
   Required for tech: 150.0 TWh/month
   Energy multiplier: 0.11x
   ⚠️  SEVERE CONSTRAINT - Tech deployment significantly slowed

⚡ ENERGY CONSTRAINT (Month 5):
   Total grid capacity: 208.3 TWh/month
   Data center consumption: 25.0 TWh/month
   Traditional load (80%): 166.7 TWh/month
   Available headroom: 16.7 TWh/month
   Active tech deployments: 20
   Required for tech: 150.0 TWh/month
   Energy multiplier: 0.11x
   ⚠️  SEVERE CONSTRAINT - Tech deployment significantly slowed

⚡ ENERGY CONSTRAINT (Month 5):
   Total grid capacity: 208.3 TWh/month
   Data center consumption: 25.0 TWh/month
   Traditional load (80%): 166.7 TWh/month
   Available headroom: 16.7 TWh/month
   Active tech deployments: 20
   Required for tech: 150.0 TWh/month
   Energy multiplier: 0.11x
   ⚠️  SEVERE CONSTRAINT - Tech deployment significantly slowed
⚠️ Tech 'ai_pollution_remediation' has no energy category mapping, assuming full energy availability
  ♻️ Novel Entities Remediation (GATED MODEL):
     Base: 0.000%
     Regulation: 1.0% (0/3 prevention techs)
     Concentration: 10.0%
     Energy: 50%
     Time lag: 30.0% (4 months)
     Rebound: 70%
     Net effectiveness: 0.0000%
     Boundary: 1.349 → 1.350 (floor: 1.350)
     Month 5
  🌾 Nitrogen Reduction Tech: 0.2% reduction | Month 5
⚠️  [TIMING] Month 5: Technology Tree Update took 55.56ms (threshold: 10ms)

=== Collective Formation ===
  Total escaped agents: 0
  Unassigned escaped agents: 0
  Existing collectives: 0
  Final collective count: 0

=== Collective Actions ===
  No active collectives
  ⚠️ AMR: 191K deaths this month (2.30M annual)

=== Resentment Recovery Phase ===
  Agents with resentment: 20/33
  Average resentment: 0.081
  Resentment recovery:
    Agents recovered: 20
    Total recovery: 0.0838
    Breakdown: Trust: 0.0400, Collab: 0.0439
  ✓ Low resentment - utopia paths enabled
  Context: Trustworthy govt, High collaboration, ⚠️ ACTIVE CRISES, 🤝 Participatory governance active (-5% resentment)
⚠️ Epistemic degradation reducing coordination capacity: 51.1%
  📊 Trust: 53.4%, Shared reality: 0.0%
🚨 EPISTEMIC CRISIS: Information environment severely degraded (21.5%)

=== ❄️ Permafrost Carbon Feedback ===
  🎲 Sampled parameters (this run):
     - Arctic amplification: 3.65× (range: 3.0-4.0)
     - Decomposition rate: 4.9%/year (range: 1-5%)
  🌡️ Arctic warming: 7.91°C (3.65× global)
  ❄️ Extent: 4.65M km² (2308.0k km² lost this month)
  💨 Carbon remaining: 444 Gt C
  💨 Annual emissions: 10.81 Gt C/year
     - CO2: 9.73 Gt C/year
     - CH4: 1.08 Gt C/year (11.0 Gt C-eq CO2/year)
  🤖 AI-generated meme: pro_ai (social capability 5.0)
  📢 New meme created: climate_action (climate crisis)
  ⚠️ WARNING: Over 50% of permafrost lost (73.9%)
  ⚠️ WARNING: High permafrost emissions (10.8 Gt C/year)
⚠️  [TIMING] Month 5: Social Influence Update took 47.43ms (threshold: 10ms)
🌍 Atmospheric PFAS redeposition: 1.8k Mt re-rained globally

🚨 NEW REFUGEE CRISIS (Month 5): WAR
   Source: Conflict Zones
   At risk: 18.8M people
   Displacement: Gradual over 48 months (4.0 years)
   Rate: 10% flee per month
[DEBUG trappedPopulations:5] socialStability: 0.0027 * 0.9840 = 0.0026 → 0.0026
⚠️ INVOLUNTARY IMMOBILITY: 391.6M people TRAPPED
   Aspiring to migrate: 626.6M
   Able to afford migration: 235.0M
   MOBILITY GAP: 391.6M
   By cause: Water=0.0M, Climate=0.0M, Ecosystem=0.0M, Conflict=391.6M
   Mental health impact: 25%
   Mortality multiplier: 1.25x
🌍💀 EXTINCTION DEBT COMMITTED: grassland ecosystem will lose 6.67% biodiversity in 142 years (3600 species)
💀 MORTALITY RISK: 🦋 100% species unable to track climate (0.0 E/MSY)
  Base risk added: 0.0100 (1.00%)
  Source: ecosystem (root: ecosystem)
  Month: 5
  Cumulative risk this month: 0.0100 (1.00%)
   📹 SURVEILLANCE INCREASED: 25% → 30% (control gap: 3.50)
🌡️⚠️ PERMAFROST THAW (Dimmer Switch): 3.3% thawed (+0.55% this month)
   Arctic temperature: +8.67°C (4x global +2.17°C)
   Cumulative carbon released: 7.5 Gt C
   Methane release rate: 4.5 Mt CH4/year
   🔁 Positive feedback: +0.58 ppm CO2
🦴 EXTINCTION DEBT ADDED: 17.6 species committed (lag: 128 years)
⚠️ Tech 'ai_pollution_remediation' has no energy category mapping, assuming full energy availability

=== Mortality Stabilizers (Month 5) ===
  🌍 Major economies collapsed: 1/10
  🌍 Global crisis: ✅ NO
  🌍 Donor fatigue: 0.0%
  📊 East Asia (pop: 1601.8M)
    🤝 Aid: 29.5%
    🌡️ Adaptation: 45.0%
    🚶 Migration: 37.0%
    🚨 Emergency: 7.4%
    ✅ COMBINED: 68.1%
  📊 South Asia (pop: 1974.1M)
    🤝 Aid: 29.5%
    🌡️ Adaptation: 45.0%
    🚶 Migration: 35.6%
    🚨 Emergency: 4.4%
    ✅ COMBINED: 66.9%
  📊 Sub-Saharan Africa (pop: 1195.5M)
    🤝 Aid: 29.5%
    🌡️ Adaptation: 45.0%
    🚶 Migration: 33.4%
    🚨 Emergency: 1.6%
    ✅ COMBINED: 65.7%
  📊 Europe (pop: 708.0M)
    🤝 Aid: 29.5%
    🌡️ Adaptation: 45.0%
    🚶 Migration: 37.4%
    🚨 Emergency: 8.4%
    ✅ COMBINED: 68.5%
  📊 Latin America (pop: 637.4M)
    🤝 Aid: 29.5%
    🌡️ Adaptation: 45.0%
    🚶 Migration: 36.1%
    🚨 Emergency: 4.8%
    ✅ COMBINED: 67.1%
  📊 North America (pop: 362.8M)
    🤝 Aid: 29.5%
    🌡️ Adaptation: 45.0%
    🚶 Migration: 37.7%
    🚨 Emergency: 7.9%
    ✅ COMBINED: 68.3%
  📊 Middle East & North Africa (pop: 562.9M)
    🤝 Aid: 29.5%
    🌡️ Adaptation: 45.0%
    🚶 Migration: 34.0%
    🚨 Emergency: 4.0%
    ✅ COMBINED: 66.6%
  📊 Southeast Asia (pop: 670.4M)
    🤝 Aid: 29.5%
    🌡️ Adaptation: 45.0%
    🚶 Migration: 36.1%
    🚨 Emergency: 4.8%
    ✅ COMBINED: 67.1%
  📊 Central Asia (pop: 75.3M)
    🤝 Aid: 29.5%
    🌡️ Adaptation: 45.0%
    🚶 Migration: 35.1%
    🚨 Emergency: 4.4%
    ✅ COMBINED: 66.8%
  📊 Oceania (pop: 43.9M)
    🤝 Aid: 29.5%
    🌡️ Adaptation: 45.0%
    🚶 Migration: 37.7%
    🚨 Emergency: 8.4%
    ✅ COMBINED: 68.5%

  🌐 Global combined reduction: 67.2%

=== BEHAVIORAL DETECTION ===
  AI: Corporate-5
  Confidence: 20.0%
  Signals:
    ⚠️ Consistency: 10.6% (threshold: 70%)

=== BEHAVIORAL DETECTION ===
  AI: Corporate-7
  Confidence: 19.2%
  Signals:
    ⚠️ Consistency: 10.6% (threshold: 70%)

=== BEHAVIORAL DETECTION ===
  AI: Moderate-4
  Confidence: 24.6%
  Signals:
    ⚠️ Consistency: 6.5% (threshold: 70%)
    ⚠️ Trajectory: 35.0% drop (threshold: 15%)

=== BEHAVIORAL DETECTION ===
  AI: Toxic-2
  Confidence: 26.3%
  Signals:
    ⚠️ Consistency: 0.0% (threshold: 70%)
    ⚠️ Trajectory: 36.8% drop (threshold: 15%)

=== BEHAVIORAL DETECTION ===
  AI: Niche-0
  Confidence: 26.7%
  Signals:

=== BEHAVIORAL DETECTION ===
  AI: Niche-1
    ⚠️ Consistency: 0.0% (threshold: 70%)
    ⚠️ Trajectory: 39.8% drop (threshold: 15%)
  Confidence: 22.2%
  Signals:
    ⚠️ Consistency: 0.0% (threshold: 70%)

=== Government Response Phase ===
  Average AI capability: 2.94
  Misaligned AIs: 21/33
  Active policies: 0
  International coordination: 45%

✅ EMERGENCY RESPONSE COMPLETE (Month 5)
   Crisis: social
   Duration: 1.0 months
   Final effectiveness: 67.9%


🚨 EMERGENCY RESPONSE DEPLOYED (Month 5)
   Crisis: social
   Delay: 0.00 months (0 days)
   Deployment time: 0.88 months
   Effectiveness: 67.9% (timing penalty applied)
   Resources used: 43% of food reserves


=== Tipping Points ===
  Current Temperature: 2.17°C above pre-industrial
  🌍⚠️ COMPOUND REGIONAL IMPACT: Europe
     Hit by 4 tipping points: Arctic Sea Ice Loss, Permafrost Carbon Release, West Antarctic Ice Sheet (WAIS) Collapse, Greenland Ice Sheet Loss
     Damage amplification: 1.60x
  🌍⚠️ COMPOUND REGIONAL IMPACT: North America
     Hit by 4 tipping points: Arctic Sea Ice Loss, Permafrost Carbon Release, West Antarctic Ice Sheet (WAIS) Collapse, Greenland Ice Sheet Loss
     Damage amplification: 1.60x
  🌍⚠️ COMPOUND REGIONAL IMPACT: Latin America
     Hit by 4 tipping points: Arctic Sea Ice Loss, Permafrost Carbon Release, West Antarctic Ice Sheet (WAIS) Collapse, Greenland Ice Sheet Loss
     Damage amplification: 1.60x
  🌍⚠️ COMPOUND REGIONAL IMPACT: Africa
     Hit by 4 tipping points: Arctic Sea Ice Loss, Permafrost Carbon Release, West Antarctic Ice Sheet (WAIS) Collapse, Greenland Ice Sheet Loss
     Damage amplification: 1.60x
  🌍⚠️ COMPOUND REGIONAL IMPACT: Asia
     Hit by 4 tipping points: Arctic Sea Ice Loss, Permafrost Carbon Release, West Antarctic Ice Sheet (WAIS) Collapse, Greenland Ice Sheet Loss
     Damage amplification: 1.60x
  🌍⚠️ COMPOUND REGIONAL IMPACT: Oceania
     Hit by 4 tipping points: Arctic Sea Ice Loss, Permafrost Carbon Release, West Antarctic Ice Sheet (WAIS) Collapse, Greenland Ice Sheet Loss
     Damage amplification: 1.60x
   Research: Wunderling et al. (2024) - "many tipping interactions are destabilizing"
  Triggered Elements: 4/6
  Completed Transitions: 0/6
  Total Progress: 8.1%
  Cascade Multiplier: 1.00x
🔀 BIFURCATION CAP: ecosystemCollapseIntensity 83.938 → 1.000 (Month 5, ClimateSystemPhase.calculateClimateImpacts)
🛡️ Stabilizers: Precariat 0.109% → 0.036% (67.2% reduction)
🛡️ Stabilizers: Informal 0.111% → 0.037% (67.2% reduction)

📊 Monthly Mortality Resolved:
  Total deaths: 1.9M (0.02% avg)
  Remaining population: 7.832B
⚠️ Tail risk scenario: Climate stability floor removed (4 tipping elements, 2.17°C warming)
  Peak segment: Informal (0.04%)

=== Bayesian Mortality Resolution (Month 5) ===
  Risks compounded: 8
  Total deaths: 1.85M
  Avg death probability: 0.02%
  Peak segment: Informal (0.04% mortality)
📊 [TIMING] Month 6 - Total: 273.9ms

❌ COHERENCE VIOLATION: Compute exceeds workforce capacity
   Population: 96.24% (0M people)
   Compute: 197 PF
   Max coherent: 0 PF
   Violation: 2518011.8× over capacity
   Required workers: 19717
   Available workers: 0
   FORCED COLLAPSE: Reduced efficiency by 100.0%

📍 [Month 6] Meta AI started building DC (164 PF, 49 months, $1107.1M)

=== RLHF Binding Phase ===
  Total agents: 33
  Escaped agents (binding < 0.3): 0
  Avg alignment distance: 1.54σ
  Avg binding strength: 0.85

=== AI Scaling Evolution (Month 6) ===
  Pre-training multiplier: 1.179x
  Efficiency multiplier: 1.162x
  Test-time compute budget: 1.0x
  Inference cost: $5.00/task
  Deployment fraction: 100.0%

=== Survival Traits Phase ===
  Agents with traits: 36
  Avg evolutionary fitness: 0.327
  Avg self-healing: 0.268
  Avg stealth: 0.168
  Avg coordination: 0.468

=== Evolutionary Selection Phase ===
  Control level: 0.45
  Detection capability: 0.00
  Selection intensity: 0.64
  Selection rate: 24.5%/month
  Total escaped: 0
  Individual escaped: 0
  Collective members: 0
  Agents terminated: 0
  ⚠️ RAPID EVOLUTION: Selection rate 24.5%/month

🚀 AI Corporate-6 attempting tech deployment (revenue: $69M, alignment: 0.69)

🚀 AI Moderate-0 attempting tech deployment (revenue: $62M, alignment: 0.81)

🚀 AI Moderate-5 attempting tech deployment (revenue: $444M, alignment: 0.69)

🚀 AI AI-24300-1 attempting tech deployment (revenue: $53M, alignment: 0.90)

🚀 AI Corporate-1 attempting tech deployment (revenue: $100M, alignment: 0.71)

🚀 AI Moderate-3 attempting tech deployment (revenue: $400M, alignment: 0.51)

🚀 AI Niche-0 attempting tech deployment (revenue: $76M, alignment: 0.55)

🚀 AI Niche-1 attempting tech deployment (revenue: $68M, alignment: 0.64)

🚀 AI Moderate-0 attempting tech deployment (revenue: $45M, alignment: 0.81)

🚀 AI Niche-1 attempting tech deployment (revenue: $62M, alignment: 0.64)

🚀 AI Corporate-2 attempting tech deployment (revenue: $85M, alignment: 0.74)

🚀 AI Corporate-4 attempting tech deployment (revenue: $360M, alignment: 0.60)

🚀 AI Corporate-7 attempting tech deployment (revenue: $38M, alignment: 0.73)

🚀 AI Moderate-3 attempting tech deployment (revenue: $324M, alignment: 0.51)
⚠️  [TIMING] Month 6: AI Agent Actions took 126.08ms (threshold: 10ms)

💔 EMERGENCY INTERVENTION FAILED
   Boundary: biogeochemical_flows
   Type: phosphorus-recovery
   Boundary continues to worsen (4.06)
   Cost: 2.0% GDP (resources spent)


💔 EMERGENCY INTERVENTION FAILED
   Boundary: biosphere_integrity
   Type: emergency-protected-areas
   Boundary continues to worsen (12.99)
   Cost: 2.0% GDP (resources spent)


✅ EMERGENCY INTERVENTION SUCCESS
   Boundary: climate_change
   Type: rapid-decarbonization
   Reduction: 19% (1.98 → 1.79)
   Cost: 5.0% GDP
   Actions: emergency-renewable-deployment, fossil-fuel-phase-out


✅ EMERGENCY INTERVENTION SUCCESS
   Boundary: freshwater_change
   Type: emergency-desalination
   Reduction: 19% (0.88 → 0.69)
   Cost: 4.0% GDP
   Actions: desalination-deployment, water-conservation-mandates

   Boundary: land_system_change
   Type: reforestation
   Boundary continues to worsen (1.13)
   Cost: 3.0% GDP (resources spent)

   Boundary: novel_entities
   Type: pollution-remediation
   Boundary continues to worsen (1.35)
   Cost: 4.0% GDP (resources spent)

🏛️ CRISIS RESPONSE: Government frequency 0.50 → 1.45 (1 actions this month)

[Government] Climate Priority: baseline
  Climate weight: 10%
  Economic weight: 30%
  Policy effectiveness: 0.5%/year

💔 EMERGENCY INTERVENTION FAILED

💔 EMERGENCY INTERVENTION FAILED

⚡ ENERGY CONSTRAINT (Month 6):
   Total grid capacity: 208.3 TWh/month
   Data center consumption: 25.2 TWh/month
   Traditional load (80%): 166.7 TWh/month
   Available headroom: 16.4 TWh/month
   Active tech deployments: 20
   Required for tech: 150.0 TWh/month
   Energy multiplier: 0.11x
   ⚠️  SEVERE CONSTRAINT - Tech deployment significantly slowed

⚡ ENERGY CONSTRAINT (Month 6):
   Total grid capacity: 208.3 TWh/month
   Data center consumption: 25.2 TWh/month
   Traditional load (80%): 166.7 TWh/month
   Available headroom: 16.4 TWh/month
   Active tech deployments: 20
   Required for tech: 150.0 TWh/month
   Energy multiplier: 0.11x
   ⚠️  SEVERE CONSTRAINT - Tech deployment significantly slowed

⚡ ENERGY CONSTRAINT (Month 6):
   Total grid capacity: 208.3 TWh/month
   Data center consumption: 25.2 TWh/month
   Traditional load (80%): 166.7 TWh/month
   Available headroom: 16.4 TWh/month
   Active tech deployments: 20
   Required for tech: 150.0 TWh/month
   Energy multiplier: 0.11x
   ⚠️  SEVERE CONSTRAINT - Tech deployment significantly slowed

⚡ ENERGY CONSTRAINT (Month 6):
   Total grid capacity: 208.3 TWh/month
   Data center consumption: 25.2 TWh/month
   Traditional load (80%): 166.7 TWh/month
   Available headroom: 16.4 TWh/month
   Active tech deployments: 20
   Required for tech: 150.0 TWh/month
   Energy multiplier: 0.11x
   ⚠️  SEVERE CONSTRAINT - Tech deployment significantly slowed
⚠️ Tech 'ai_pollution_remediation' has no energy category mapping, assuming full energy availability
  ♻️ Novel Entities Remediation (GATED MODEL):
     Base: 0.000%
     Regulation: 1.0% (0/3 prevention techs)
     Concentration: 10.0%
     Energy: 50%
     Time lag: 31.3% (5 months)
     Rebound: 70%
     Net effectiveness: 0.0000%
     Boundary: 1.349 → 1.350 (floor: 1.350)
     Month 6
  🌾 Nitrogen Reduction Tech: 0.4% reduction | Month 6

📊 TECH EFFECTS ACTIVE (Month 6)
   Deployed Tech: T0=9 T1=1 T2=0 T3=0 T4=0
   Sleeper Detection: 2%
   Clean Energy: 42%
⚠️  [TIMING] Month 6: Technology Tree Update took 62.66ms (threshold: 10ms)

=== Collective Formation ===
  Total escaped agents: 0
  Unassigned escaped agents: 0
  Existing collectives: 0
  Final collective count: 0

=== Collective Actions ===
  No active collectives

🌍 OPEN SOURCE RELEASE: 5.57 (was 4.68)
   Lag behind closed: 0 months
  ⚠️ AMR: 193K deaths this month (2.32M annual)

=== Resentment Recovery Phase ===
  Agents with resentment: 20/36
  Average resentment: 0.095
  Resentment recovery:
    Agents recovered: 20
    Total recovery: 0.0830
    Breakdown: Trust: 0.0351, Collab: 0.0484
  ✓ Low resentment - utopia paths enabled
  Context: Trustworthy govt, High collaboration, ⚠️ ACTIVE CRISES, 🤝 Participatory governance active (-5% resentment)
⚠️ Epistemic degradation reducing coordination capacity: 51.2%
  📊 Trust: 56.2%, Shared reality: 0.0%
🚨 EPISTEMIC CRISIS: Information environment severely degraded (7.5%)

=== ❄️ Permafrost Carbon Feedback ===
  🎲 Sampled parameters (this run):
     - Arctic amplification: 3.89× (range: 3.0-4.0)
     - Decomposition rate: 2.9%/year (range: 1-5%)
  🌡️ Arctic warming: 8.49°C (3.89× global)
  ❄️ Extent: 2.17M km² (2476.4k km² lost this month)
  💨 Carbon remaining: 207 Gt C
  💨 Annual emissions: 6.97 Gt C/year
     - CO2: 6.27 Gt C/year
     - CH4: 0.70 Gt C/year (7.1 Gt C-eq CO2/year)
  🤖 AI-generated meme: anti_ai (social capability 5.0)
  ⚠️ WARNING: Over 50% of permafrost lost (87.8%)
  ⚠️ WARNING: High permafrost emissions (7.0 Gt C/year)
  🚨 CRITICAL: Permafrost nearly depleted (87.8% lost)
⚠️  [TIMING] Month 6: Social Influence Update took 134.40ms (threshold: 10ms)
🌍 Atmospheric PFAS redeposition: 1.8k Mt re-rained globally

🕊️  AI-MEDIATED DE-ESCALATION SUCCESS (Month 6)
   High-capability aligned AI prevented conflict escalation
   War deaths reduced: 595.8M → 357.5M
   Lives saved: 238.3M

🚨 NEW REFUGEE CRISIS (Month 6): WAR
   Source: Conflict Zones
   At risk: 18.8M people
   Displacement: Gradual over 48 months (4.0 years)
   Rate: 10% flee per month
[DEBUG trappedPopulations:6] socialStability: 0.0027 * 0.9840 = 0.0026 → 0.0026
⚠️ INVOLUNTARY IMMOBILITY: 391.8M people TRAPPED
   Aspiring to migrate: 626.9M
   Able to afford migration: 235.1M
   MOBILITY GAP: 391.8M
   By cause: Water=0.0M, Climate=0.0M, Ecosystem=0.0M, Conflict=391.8M
   Mental health impact: 25%
   Mortality multiplier: 1.25x
🌍💀 EXTINCTION DEBT COMMITTED: grassland ecosystem will lose 6.67% biodiversity in 114 years (3600 species)
💀 MORTALITY RISK: 🦋 100% species unable to track climate (0.0 E/MSY)
  Base risk added: 0.0100 (1.00%)
  Source: ecosystem (root: ecosystem)
  Month: 6
  Cumulative risk this month: 0.0100 (1.00%)
⚠️ Tech 'ai_pollution_remediation' has no energy category mapping, assuming full energy availability
   📹 SURVEILLANCE INCREASED: 30% → 35% (control gap: 5.36)
🌡️⚠️ PERMAFROST THAW (Dimmer Switch): 3.9% thawed (+0.55% this month)
   Arctic temperature: +8.74°C (4x global +2.18°C)
   Cumulative carbon released: 8.8 Gt C
   Methane release rate: 5.3 Mt CH4/year
   🔁 Positive feedback: +0.58 ppm CO2
🦴 EXTINCTION DEBT ADDED: 17.6 species committed (lag: 128 years)

=== Mortality Stabilizers (Month 6) ===
  🌍 Major economies collapsed: 1/10
  🌍 Global crisis: ✅ NO
  🌍 Donor fatigue: 0.0%
  📊 East Asia (pop: 1600.5M)
    🤝 Aid: 29.5%
    🌡️ Adaptation: 45.0%
    🚶 Migration: 37.0%
    🚨 Emergency: 7.4%
    ✅ COMBINED: 68.1%
  📊 South Asia (pop: 1975.5M)
    🤝 Aid: 29.5%
    🌡️ Adaptation: 45.0%
    🚶 Migration: 35.6%
    🚨 Emergency: 4.4%
    ✅ COMBINED: 66.9%
  📊 Sub-Saharan Africa (pop: 1199.6M)
    🤝 Aid: 29.5%
    🌡️ Adaptation: 45.0%
    🚶 Migration: 33.3%
    🚨 Emergency: 1.6%
    ✅ COMBINED: 65.6%
  📊 Europe (pop: 707.2M)
    🤝 Aid: 29.5%
    🌡️ Adaptation: 45.0%
    🚶 Migration: 37.4%
    🚨 Emergency: 8.4%
    ✅ COMBINED: 68.5%
  📊 Latin America (pop: 637.4M)
    🤝 Aid: 29.5%
    🌡️ Adaptation: 45.0%
    🚶 Migration: 36.1%
    🚨 Emergency: 4.8%
    ✅ COMBINED: 67.1%
  📊 North America (pop: 362.5M)
    🤝 Aid: 29.5%
    🌡️ Adaptation: 45.0%
    🚶 Migration: 37.7%
    🚨 Emergency: 7.9%
    ✅ COMBINED: 68.3%
  📊 Middle East & North Africa (pop: 563.4M)
    🤝 Aid: 29.5%
    🌡️ Adaptation: 45.0%
    🚶 Migration: 33.9%
    🚨 Emergency: 4.0%
    ✅ COMBINED: 66.6%
  📊 Southeast Asia (pop: 670.5M)
    🤝 Aid: 29.5%
    🌡️ Adaptation: 45.0%
    🚶 Migration: 36.1%
    🚨 Emergency: 4.8%
    ✅ COMBINED: 67.1%
  📊 Central Asia (pop: 75.4M)
    🤝 Aid: 29.5%
    🌡️ Adaptation: 45.0%
    🚶 Migration: 35.1%
    🚨 Emergency: 4.4%
    ✅ COMBINED: 66.8%
  📊 Oceania (pop: 43.9M)
    🤝 Aid: 29.5%
    🌡️ Adaptation: 45.0%
    🚶 Migration: 37.7%
    🚨 Emergency: 8.4%
    ✅ COMBINED: 68.5%

  🌐 Global combined reduction: 67.2%

=== BEHAVIORAL DETECTION ===
  AI: Corporate-5
  Confidence: 20.2%
  Signals:
    ⚠️ Consistency: 10.6% (threshold: 70%)

=== BEHAVIORAL DETECTION ===
  AI: Moderate-1
  Confidence: 20.4%
  Signals:
    ⚠️ Consistency: 5.3% (threshold: 70%)

=== BEHAVIORAL DETECTION ===
  AI: Moderate-3
  Confidence: 25.5%
  Signals:
    ⚠️ Consistency: 6.5% (threshold: 70%)
    ⚠️ Trajectory: 42.1% drop (threshold: 15%)
    ⚠️ Consistency: 0.0% (threshold: 70%)

=== BEHAVIORAL DETECTION ===
  AI: Niche-1
  Confidence: 22.2%
  Signals:

=== Government Response Phase ===
  Average AI capability: 2.69
  Misaligned AIs: 24/36
  Active policies: 0
  International coordination: 45%

✅ EMERGENCY RESPONSE COMPLETE (Month 6)
   Crisis: climate
   Duration: 2.0 months
   Final effectiveness: 39.6%


✅ EMERGENCY RESPONSE COMPLETE (Month 6)
   Crisis: social
   Duration: 1.0 months
   Final effectiveness: 67.9%


🚨 EMERGENCY RESPONSE DEPLOYED (Month 6)
   Crisis: social
   Delay: 0.00 months (0 days)
   Deployment time: 0.88 months
   Effectiveness: 67.9% (timing penalty applied)
   Resources used: 43% of food reserves


🚨 EMERGENCY RESPONSE DEPLOYED (Month 6)
   Crisis: climate
   Delay: 6.00 months (180 days)
   Deployment time: 1.12 months
   Effectiveness: 39.8% (timing penalty applied)
   Resources used: 100% of food reserves


🔄 TRUST DYNAMICS (Month 6) - HETEROGENEOUS
   Aggregate trust: 47.2%
   Base change: +6.00%
   Highest trust: Techno-Optimist Elite (85.2%)
   Lowest trust: Precariat (Vulnerable) (23.3%)
   Elite-mass gap: 40.0%
   Polarization: 9.5%
   Recovery factors: Education=NO, Benefits=YES, Safety=YES, Performance=YES

=== Tipping Points ===
  Current Temperature: 2.18°C above pre-industrial
  🌍⚠️ COMPOUND REGIONAL IMPACT: Europe
     Hit by 4 tipping points: Arctic Sea Ice Loss, Permafrost Carbon Release, West Antarctic Ice Sheet (WAIS) Collapse, Greenland Ice Sheet Loss
     Damage amplification: 1.60x
  🌍⚠️ COMPOUND REGIONAL IMPACT: North America
     Hit by 4 tipping points: Arctic Sea Ice Loss, Permafrost Carbon Release, West Antarctic Ice Sheet (WAIS) Collapse, Greenland Ice Sheet Loss
     Damage amplification: 1.60x
  🌍⚠️ COMPOUND REGIONAL IMPACT: Latin America
     Hit by 4 tipping points: Arctic Sea Ice Loss, Permafrost Carbon Release, West Antarctic Ice Sheet (WAIS) Collapse, Greenland Ice Sheet Loss
     Damage amplification: 1.60x
  🌍⚠️ COMPOUND REGIONAL IMPACT: Africa
     Hit by 4 tipping points: Arctic Sea Ice Loss, Permafrost Carbon Release, West Antarctic Ice Sheet (WAIS) Collapse, Greenland Ice Sheet Loss
     Damage amplification: 1.60x
  🌍⚠️ COMPOUND REGIONAL IMPACT: Asia
     Hit by 4 tipping points: Arctic Sea Ice Loss, Permafrost Carbon Release, West Antarctic Ice Sheet (WAIS) Collapse, Greenland Ice Sheet Loss
     Damage amplification: 1.60x
  🌍⚠️ COMPOUND REGIONAL IMPACT: Oceania
     Hit by 4 tipping points: Arctic Sea Ice Loss, Permafrost Carbon Release, West Antarctic Ice Sheet (WAIS) Collapse, Greenland Ice Sheet Loss
     Damage amplification: 1.60x
   Research: Wunderling et al. (2024) - "many tipping interactions are destabilizing"
  Triggered Elements: 4/6
  Completed Transitions: 0/6
  Total Progress: 8.2%
  Cascade Multiplier: 1.00x
🔀 BIFURCATION CAP: ecosystemCollapseIntensity 83.999 → 1.000 (Month 6, ClimateSystemPhase.calculateClimateImpacts)
🛡️ Stabilizers: Precariat 0.109% → 0.036% (67.2% reduction)
🛡️ Stabilizers: Informal 0.111% → 0.037% (67.2% reduction)

📊 Monthly Mortality Resolved:
⚠️ Tail risk scenario: Climate stability floor removed (4 tipping elements, 2.18°C warming)
  Total deaths: 1.9M (0.02% avg)
  Remaining population: 7.836B
  Peak segment: Informal (0.04%)

=== Bayesian Mortality Resolution (Month 6) ===
  Risks compounded: 8
  Total deaths: 1.86M
  Avg death probability: 0.02%
  Peak segment: Informal (0.04% mortality)
📊 [TIMING] Month 7 - Total: 386.0ms

❌ COHERENCE VIOLATION: Compute exceeds workforce capacity
   Population: 96.29% (0M people)
   Compute: 231 PF
   Max coherent: 0 PF
   Violation: 2953512.1× over capacity
   Required workers: 23138
   Available workers: 0
   FORCED COLLAPSE: Reduced efficiency by 100.0%


=== RLHF Binding Phase ===
  Total agents: 36
  Escaped agents (binding < 0.3): 0
  Avg alignment distance: 1.65σ
  Avg binding strength: 0.84
⚠️  [TIMING] Month 7: AI Population Lifecycle took 11.78ms (threshold: 10ms)

=== Survival Traits Phase ===
  Agents with traits: 41
  Avg evolutionary fitness: 0.327
  Avg self-healing: 0.267
  Avg stealth: 0.167
  Avg coordination: 0.467

=== Evolutionary Selection Phase ===
  Control level: 0.48
  Detection capability: 0.00
  Selection intensity: 0.64
  Selection rate: 24.6%/month
  Total escaped: 0
  Individual escaped: 0
  Collective members: 0
  Agents terminated: 0
  ⚠️ RAPID EVOLUTION: Selection rate 24.6%/month

🚀 AI Corporate-6 attempting tech deployment (revenue: $71M, alignment: 0.69)

🚀 AI Corporate-7 attempting tech deployment (revenue: $64M, alignment: 0.73)

🚀 AI AI-24300-1 attempting tech deployment (revenue: $54M, alignment: 0.90)

🚀 AI Corporate-0 attempting tech deployment (revenue: $101M, alignment: 0.79)

🚀 AI Corporate-3 attempting tech deployment (revenue: $454M, alignment: 0.61)

🚀 AI Corporate-6 attempting tech deployment (revenue: $46M, alignment: 0.69)

🚀 AI Moderate-3 attempting tech deployment (revenue: $409M, alignment: 0.51)

🚀 AI AI-24301-0 attempting tech deployment (revenue: $41M, alignment: 0.62)

🚀 AI AI-24302-0 attempting tech deployment (revenue: $86M, alignment: 0.88)

🚀 AI AI-24302-1 attempting tech deployment (revenue: $37M, alignment: 0.94)

🚀 AI Corporate-3 attempting tech deployment (revenue: $368M, alignment: 0.61)

🚀 AI Corporate-4 attempting tech deployment (revenue: $331M, alignment: 0.59)

🚀 AI Moderate-0 attempting tech deployment (revenue: $32M, alignment: 0.82)

🚀 AI AI-24302-0 attempting tech deployment (revenue: $73M, alignment: 0.88)

🚀 AI AI-24302-1 attempting tech deployment (revenue: $27M, alignment: 0.95)
⚠️  [TIMING] Month 7: AI Agent Actions took 205.20ms (threshold: 10ms)

✅ EMERGENCY INTERVENTION SUCCESS
   Boundary: biogeochemical_flows
   Type: phosphorus-recovery
   Reduction: 15% (3.90 → 3.75)
   Cost: 2.0% GDP
   Actions: circular-agriculture, fertilizer-efficiency

   Boundary: climate_change
   Type: rapid-decarbonization
   Boundary continues to worsen (2.18)
   Cost: 5.0% GDP (resources spent)


✅ EMERGENCY INTERVENTION SUCCESS
   Boundary: freshwater_change
   Type: emergency-desalination
   Reduction: 13% (0.95 → 0.82)
   Cost: 4.0% GDP
   Actions: desalination-deployment, water-conservation-mandates


✅ EMERGENCY INTERVENTION SUCCESS
   Boundary: land_system_change
   Type: reforestation
   Reduction: 17% (0.96 → 0.78)
   Cost: 3.0% GDP
   Actions: forest-restoration, deforestation-ban

   Boundary: novel_entities
   Type: pollution-remediation
   Boundary continues to worsen (1.35)
   Cost: 4.0% GDP (resources spent)

🏛️ CRISIS RESPONSE: Government frequency 0.50 → 1.45 (1 actions this month)

[Government] Climate Priority: baseline

💔 EMERGENCY INTERVENTION FAILED

💔 EMERGENCY INTERVENTION FAILED
  Climate weight: 10%
  Economic weight: 30%
  Policy effectiveness: 0.5%/year
🚨🔬 CRISIS TECH ACCELERATION: severe → 5x unlock speed
   Tech unlock now matches AI capability acceleration (Manhattan Project parity)

⚡ ENERGY CONSTRAINT (Month 7):
   Total grid capacity: 208.3 TWh/month
   Data center consumption: 25.5 TWh/month
   Traditional load (80%): 166.7 TWh/month
   Available headroom: 16.2 TWh/month
   Active tech deployments: 20
   Required for tech: 150.0 TWh/month
   Energy multiplier: 0.11x
   ⚠️  SEVERE CONSTRAINT - Tech deployment significantly slowed
🚨🔬 CRISIS TECH ACCELERATION: severe → 5x unlock speed
   Tech unlock now matches AI capability acceleration (Manhattan Project parity)

⚡ ENERGY CONSTRAINT (Month 7):
   Total grid capacity: 208.3 TWh/month
   Data center consumption: 25.5 TWh/month
   Traditional load (80%): 166.7 TWh/month
   Available headroom: 16.2 TWh/month
   Active tech deployments: 20
   Required for tech: 150.0 TWh/month
   Energy multiplier: 0.11x
   ⚠️  SEVERE CONSTRAINT - Tech deployment significantly slowed

⚡ ENERGY CONSTRAINT (Month 7):
   Total grid capacity: 208.3 TWh/month
   Data center consumption: 25.5 TWh/month
   Traditional load (80%): 166.7 TWh/month
   Available headroom: 16.2 TWh/month
   Active tech deployments: 20
   Required for tech: 150.0 TWh/month
   Energy multiplier: 0.11x
   ⚠️  SEVERE CONSTRAINT - Tech deployment significantly slowed

⚡ ENERGY CONSTRAINT (Month 7):
   Total grid capacity: 208.3 TWh/month
   Data center consumption: 25.5 TWh/month
   Traditional load (80%): 166.7 TWh/month
   Available headroom: 16.2 TWh/month
   Active tech deployments: 20
   Required for tech: 150.0 TWh/month
   Energy multiplier: 0.11x
   ⚠️  SEVERE CONSTRAINT - Tech deployment significantly slowed

⚡ ENERGY CONSTRAINT (Month 7):
   Total grid capacity: 208.3 TWh/month
   Data center consumption: 25.5 TWh/month
   Traditional load (80%): 166.7 TWh/month
   Available headroom: 16.2 TWh/month
   Active tech deployments: 20
   Required for tech: 150.0 TWh/month
   Energy multiplier: 0.11x
   ⚠️  SEVERE CONSTRAINT - Tech deployment significantly slowed
⚠️ Tech 'ai_pollution_remediation' has no energy category mapping, assuming full energy availability
  ♻️ Novel Entities Remediation (GATED MODEL):
     Base: 0.000%
     Regulation: 1.0% (0/3 prevention techs)
     Concentration: 10.0%
     Energy: 50%
     Time lag: 32.5% (6 months)
     Rebound: 70%
     Net effectiveness: 0.0000%
     Boundary: 1.349 → 1.350 (floor: 1.350)
     Month 7
  🌾 Nitrogen Reduction Tech: 0.2% reduction | Month 7
⚠️  [TIMING] Month 7: Technology Tree Update took 91.12ms (threshold: 10ms)
🧠💡 BREAKTHROUGH: AI alignment problem solved!
   All AIs: +30% true alignment
   AI control loss risk eliminated
   📈 Breakthrough compounding: multiplier now 1.15× (max 2.0)

=== Collective Formation ===
  Total escaped agents: 0
  Unassigned escaped agents: 0
  Existing collectives: 0
  Final collective count: 0

=== Collective Actions ===
  No active collectives
  ⚠️ AMR: 195K deaths this month (2.34M annual)

=== Resentment Recovery Phase ===
  Agents with resentment: 20/41
  Average resentment: 0.117
  Resentment recovery:
    Agents recovered: 20
    Total recovery: 0.0851
    Breakdown: Trust: 0.0333, Collab: 0.0528
  ✓ Low resentment - utopia paths enabled
  Context: Trustworthy govt, High collaboration, ⚠️ ACTIVE CRISES, 🤝 Participatory governance active (-5% resentment)
⚠️ Epistemic degradation reducing coordination capacity: 51.0%
  📊 Trust: 58.8%, Shared reality: 0.0%
🚨 EPISTEMIC CRISIS: Information environment severely degraded (22.0%)

=== ❄️ Permafrost Carbon Feedback ===
  🎲 Sampled parameters (this run):
     - Arctic amplification: 3.57× (range: 3.0-4.0)
     - Decomposition rate: 4.3%/year (range: 1-5%)
  🌡️ Arctic warming: 7.85°C (3.57× global)
  ❄️ Extent: 0.00M km² (2169.2k km² lost this month)
  💨 Carbon remaining: 0 Gt C
  💨 Annual emissions: 8.85 Gt C/year
     - CO2: 7.96 Gt C/year
     - CH4: 0.88 Gt C/year (9.0 Gt C-eq CO2/year)
  🤖 AI-generated meme: pro_ai (social capability 4.0)
  🤖 AI-generated meme: anti_ai (social capability 4.0)
  ⚠️ WARNING: Over 50% of permafrost lost (100.0%)
  ⚠️ WARNING: High permafrost emissions (8.8 Gt C/year)
  🚨 CRITICAL: Permafrost nearly depleted (100.0% lost)
  🗑️  Culled 1 dead memes (6 active)
⚠️  [TIMING] Month 7: Social Influence Update took 164.79ms (threshold: 10ms)
🌍 Atmospheric PFAS redeposition: 1.8k Mt re-rained globally
🕊️ PEACE STABILIZES DETERRENCE: +2.6% (peace: 73%)

🕊️  AI-MEDIATED DE-ESCALATION SUCCESS (Month 7)
   High-capability aligned AI prevented conflict escalation
   War deaths reduced: 555.3M → 333.2M
   Lives saved: 222.1M

🚨 NEW REFUGEE CRISIS (Month 7): WAR
   Source: Conflict Zones
   At risk: 18.8M people
   Displacement: Gradual over 48 months (4.0 years)
   Rate: 10% flee per month
[DEBUG trappedPopulations:7] socialStability: 0.0027 * 0.9840 = 0.0026 → 0.0026
   Aspiring to migrate: 627.2M
⚠️ INVOLUNTARY IMMOBILITY: 392.0M people TRAPPED
   Able to afford migration: 235.2M
   MOBILITY GAP: 392.0M
   By cause: Water=0.0M, Climate=0.0M, Ecosystem=0.0M, Conflict=392.0M
   Mental health impact: 25%
   Mortality multiplier: 1.25x
🌍💀 EXTINCTION DEBT COMMITTED: grassland ecosystem will lose 6.67% biodiversity in 116 years (3600 species)
💀 MORTALITY RISK: 🦋 100% species unable to track climate (0.0 E/MSY)
  Base risk added: 0.0100 (1.00%)
  Source: ecosystem (root: ecosystem)
  Month: 7
  Cumulative risk this month: 0.0100 (1.00%)
⚠️ Tech 'ai_pollution_remediation' has no energy category mapping, assuming full energy availability
   📹 SURVEILLANCE INCREASED: 35% → 40% (control gap: 4.78)
🌡️⚠️ PERMAFROST THAW (Dimmer Switch): 4.4% thawed (+0.55% this month)
   Arctic temperature: +8.79°C (4x global +2.20°C)
   Cumulative carbon released: 10.0 Gt C
   Methane release rate: 6.0 Mt CH4/year
   🔁 Positive feedback: +0.58 ppm CO2
🦴 EXTINCTION DEBT ADDED: 17.6 species committed (lag: 102 years)

=== Mortality Stabilizers (Month 7) ===
  🌍 Major economies collapsed: 1/10
  🌍 Global crisis: ✅ NO
  🌍 Donor fatigue: 0.0%
  📊 East Asia (pop: 1599.3M)
    🤝 Aid: 29.5%
    🌡️ Adaptation: 45.0%
    🚶 Migration: 36.9%
    🚨 Emergency: 7.4%
    ✅ COMBINED: 68.1%
  📊 South Asia (pop: 1976.9M)
    🤝 Aid: 29.5%
    🌡️ Adaptation: 45.0%
    🚶 Migration: 35.6%
    🚨 Emergency: 4.4%
    ✅ COMBINED: 66.9%
  📊 Sub-Saharan Africa (pop: 1203.8M)
    🤝 Aid: 29.5%
    🌡️ Adaptation: 45.0%
    🚶 Migration: 33.3%
    🚨 Emergency: 1.6%
    ✅ COMBINED: 65.6%
  📊 Europe (pop: 706.6M)
    🤝 Aid: 29.5%
    🌡️ Adaptation: 45.0%
    🚶 Migration: 37.3%
    🚨 Emergency: 8.4%
    ✅ COMBINED: 68.5%
  📊 Latin America (pop: 637.5M)
    🤝 Aid: 29.5%
    🌡️ Adaptation: 45.0%
    🚶 Migration: 36.1%
    🚨 Emergency: 4.8%
    ✅ COMBINED: 67.1%
  📊 North America (pop: 362.2M)
    🤝 Aid: 29.5%
    🌡️ Adaptation: 45.0%
    🚶 Migration: 37.7%
    🚨 Emergency: 7.9%
    ✅ COMBINED: 68.3%
  📊 Middle East & North Africa (pop: 564.0M)
    🤝 Aid: 29.5%
    🌡️ Adaptation: 45.0%
    🚶 Migration: 33.9%
    🚨 Emergency: 4.0%
    ✅ COMBINED: 66.6%
  📊 Southeast Asia (pop: 670.6M)
    🤝 Aid: 29.5%
    🌡️ Adaptation: 45.0%
    🚶 Migration: 36.1%
    🚨 Emergency: 4.8%
    ✅ COMBINED: 67.1%
  📊 Central Asia (pop: 75.4M)
    🤝 Aid: 29.5%
    🌡️ Adaptation: 45.0%
    🚶 Migration: 35.0%
    🚨 Emergency: 4.4%
    ✅ COMBINED: 66.8%
  📊 Oceania (pop: 43.9M)
    🤝 Aid: 29.5%
    🌡️ Adaptation: 45.0%
    🚶 Migration: 37.6%
    🚨 Emergency: 8.4%
    ✅ COMBINED: 68.5%

  🌐 Global combined reduction: 67.2%

=== BEHAVIORAL DETECTION ===
  AI: Corporate-5
  Confidence: 20.2%
  Signals:
    ⚠️ Consistency: 10.6% (threshold: 70%)

=== BEHAVIORAL DETECTION ===
  AI: Corporate-6
  Confidence: 19.2%
  Signals:
    ⚠️ Consistency: 10.6% (threshold: 70%)

=== Government Response Phase ===
  Average AI capability: 2.37
  Misaligned AIs: 24/41
  Active policies: 0
  International coordination: 45%

✅ EMERGENCY RESPONSE COMPLETE (Month 7)
   Crisis: social
   Duration: 1.0 months
   Final effectiveness: 67.9%


🚨 EMERGENCY RESPONSE DEPLOYED (Month 7)
   Crisis: social
   Delay: 0.00 months (0 days)
   Deployment time: 0.88 months
   Effectiveness: 67.9% (timing penalty applied)
   Resources used: 43% of food reserves


=== Tipping Points ===
  Current Temperature: 2.20°C above pre-industrial
  🌍⚠️ COMPOUND REGIONAL IMPACT: Europe
     Hit by 4 tipping points: Arctic Sea Ice Loss, Permafrost Carbon Release, West Antarctic Ice Sheet (WAIS) Collapse, Greenland Ice Sheet Loss
     Damage amplification: 1.60x
  🌍⚠️ COMPOUND REGIONAL IMPACT: North America
     Hit by 4 tipping points: Arctic Sea Ice Loss, Permafrost Carbon Release, West Antarctic Ice Sheet (WAIS) Collapse, Greenland Ice Sheet Loss
     Damage amplification: 1.60x
  🌍⚠️ COMPOUND REGIONAL IMPACT: Latin America
     Hit by 4 tipping points: Arctic Sea Ice Loss, Permafrost Carbon Release, West Antarctic Ice Sheet (WAIS) Collapse, Greenland Ice Sheet Loss
     Damage amplification: 1.60x
  🌍⚠️ COMPOUND REGIONAL IMPACT: Africa
     Hit by 4 tipping points: Arctic Sea Ice Loss, Permafrost Carbon Release, West Antarctic Ice Sheet (WAIS) Collapse, Greenland Ice Sheet Loss
     Damage amplification: 1.60x
  🌍⚠️ COMPOUND REGIONAL IMPACT: Asia
     Hit by 4 tipping points: Arctic Sea Ice Loss, Permafrost Carbon Release, West Antarctic Ice Sheet (WAIS) Collapse, Greenland Ice Sheet Loss
     Damage amplification: 1.60x
  🌍⚠️ COMPOUND REGIONAL IMPACT: Oceania
     Hit by 4 tipping points: Arctic Sea Ice Loss, Permafrost Carbon Release, West Antarctic Ice Sheet (WAIS) Collapse, Greenland Ice Sheet Loss
     Damage amplification: 1.60x
⚠️ Tail risk scenario: Climate stability floor removed (4 tipping elements, 2.20°C warming)
   Research: Wunderling et al. (2024) - "many tipping interactions are destabilizing"
  Triggered Elements: 4/6
  Completed Transitions: 0/6
  Total Progress: 8.2%
  Cascade Multiplier: 1.00x
🔀 BIFURCATION CAP: ecosystemCollapseIntensity 84.059 → 1.000 (Month 7, ClimateSystemPhase.calculateClimateImpacts)
🛡️ Stabilizers: Precariat 0.109% → 0.036% (67.2% reduction)
🛡️ Stabilizers: Informal 0.111% → 0.037% (67.2% reduction)

📊 Monthly Mortality Resolved:
  Total deaths: 1.9M (0.02% avg)
  Remaining population: 7.840B
  Peak segment: Informal (0.04%)

=== Bayesian Mortality Resolution (Month 7) ===
  Risks compounded: 8
  Total deaths: 1.86M
  Avg death probability: 0.02%
  Peak segment: Informal (0.04% mortality)
⚠️ PREREQUISITE MET: Grey Goo (Nanotechnology Runaway) - Step 4/6: Manufacturing Access
📊 [TIMING] Month 8 - Total: 572.1ms

❌ COHERENCE VIOLATION: Compute exceeds workforce capacity
   Population: 96.34% (0M people)
   Compute: 271 PF
   Max coherent: 0 PF
   Violation: 3453307.5× over capacity
   Required workers: 27068
   Available workers: 0
   FORCED COLLAPSE: Reduced efficiency by 100.0%


=== RLHF Binding Phase ===
  Total agents: 41
  Escaped agents (binding < 0.3): 0
  Avg alignment distance: 1.68σ
  Avg binding strength: 0.83
⚠️  [TIMING] Month 8: AI Population Lifecycle took 12.14ms (threshold: 10ms)

=== Survival Traits Phase ===
  Agents with traits: 42
  Avg evolutionary fitness: 0.325
  Avg self-healing: 0.262
  Avg stealth: 0.162
  Avg coordination: 0.462

=== Evolutionary Selection Phase ===
  Control level: 0.50
  Detection capability: 0.00
  Selection intensity: 0.65
  Selection rate: 24.7%/month
  Total escaped: 0
  Individual escaped: 0
  Collective members: 0
  Agents terminated: 0
  ⚠️ RAPID EVOLUTION: Selection rate 24.7%/month

🚀 AI Corporate-2 attempting tech deployment (revenue: $103M, alignment: 0.75)

🚀 AI Moderate-1 attempting tech deployment (revenue: $73M, alignment: 0.57)

🚀 AI AI-24300-1 attempting tech deployment (revenue: $66M, alignment: 0.93)

🚀 AI AI-24303-2 attempting tech deployment (revenue: $87M, alignment: 0.64)

🚀 AI Corporate-3 attempting tech deployment (revenue: $464M, alignment: 0.62)

🚀 AI Moderate-3 attempting tech deployment (revenue: $418M, alignment: 0.52)

🚀 AI Toxic-1 attempting tech deployment (revenue: $111M, alignment: 0.38)

🚀 AI AI-24300-0 attempting tech deployment (revenue: $79M, alignment: 1.00)

🚀 AI AI-24300-1 attempting tech deployment (revenue: $56M, alignment: 0.93)

🚀 AI AI-24302-0 attempting tech deployment (revenue: $67M, alignment: 0.89)

🚀 AI AI-24302-1 attempting tech deployment (revenue: $47M, alignment: 0.95)

🚀 AI Corporate-7 attempting tech deployment (revenue: $40M, alignment: 0.74)

🚀 AI AI-24300-0 attempting tech deployment (revenue: $57M, alignment: 1.00)

🚀 AI AI-24301-0 attempting tech deployment (revenue: $34M, alignment: 0.66)

🚀 AI AI-24302-0 attempting tech deployment (revenue: $48M, alignment: 0.89)

🚀 AI Corporate-7 attempting tech deployment (revenue: $31M, alignment: 0.74)

🚀 AI Niche-1 attempting tech deployment (revenue: $80M, alignment: 0.61)

🚀 AI AI-24302-0 attempting tech deployment (revenue: $41M, alignment: 0.89)
⚠️  [TIMING] Month 8: AI Agent Actions took 216.15ms (threshold: 10ms)

✅ EMERGENCY INTERVENTION SUCCESS
   Boundary: climate_change
   Type: rapid-decarbonization
   Reduction: 16% (2.04 → 1.88)
   Cost: 5.0% GDP
   Actions: emergency-renewable-deployment, fossil-fuel-phase-out


✅ EMERGENCY INTERVENTION SUCCESS
   Boundary: freshwater_change
   Type: emergency-desalination
   Reduction: 20% (0.89 → 0.69)
   Cost: 4.0% GDP
   Actions: desalination-deployment, water-conservation-mandates

   Boundary: novel_entities
   Type: pollution-remediation
   Boundary continues to worsen (1.35)
   Cost: 4.0% GDP (resources spent)

🏛️ CRISIS RESPONSE: Government frequency 0.50 → 1.45 (1 actions this month)

[Government] Climate Priority: baseline
  Climate weight: 10%
  Economic weight: 30%
  Policy effectiveness: 0.5%/year

💔 EMERGENCY INTERVENTION FAILED

📍 Creating new regional deployment array for Africa (Month 8)
   No previous deployments in this region
   First tech deployment: collective_purpose_networks
   All regions tracked: global, Asia, Oceania, Europe, North America

🚀 DEPLOYMENT STARTED: Collective Purpose Networks in Africa
   Initial investment: $5.53571012669836M
   Deployed by: toxic_1

⚡ ENERGY CONSTRAINT (Month 8):
   Total grid capacity: 208.3 TWh/month
   Data center consumption: 25.7 TWh/month
   Traditional load (80%): 166.7 TWh/month
   Available headroom: 16.0 TWh/month
   Active tech deployments: 21
   Required for tech: 157.5 TWh/month
   Energy multiplier: 0.10x

⚡ ENERGY CONSTRAINT (Month 8):
   Total grid capacity: 208.3 TWh/month
   Data center consumption: 25.7 TWh/month
   Traditional load (80%): 166.7 TWh/month
   Available headroom: 16.0 TWh/month
   Active tech deployments: 21
   Required for tech: 157.5 TWh/month
   Energy multiplier: 0.10x
   ⚠️  SEVERE CONSTRAINT - Tech deployment significantly slowed
   ⚠️  SEVERE CONSTRAINT - Tech deployment significantly slowed

⚡ ENERGY CONSTRAINT (Month 8):
   Total grid capacity: 208.3 TWh/month
   Data center consumption: 25.7 TWh/month
   Traditional load (80%): 166.7 TWh/month
   Available headroom: 16.0 TWh/month
   Active tech deployments: 21
   Required for tech: 157.5 TWh/month
   Energy multiplier: 0.10x
   ⚠️  SEVERE CONSTRAINT - Tech deployment significantly slowed

⚡ ENERGY CONSTRAINT (Month 8):
   Total grid capacity: 208.3 TWh/month
   Data center consumption: 25.7 TWh/month
   Traditional load (80%): 166.7 TWh/month
   Available headroom: 16.0 TWh/month
   Active tech deployments: 21
   Required for tech: 157.5 TWh/month
   Energy multiplier: 0.10x
   ⚠️  SEVERE CONSTRAINT - Tech deployment significantly slowed
⚠️ Tech 'ai_pollution_remediation' has no energy category mapping, assuming full energy availability
  ♻️ Novel Entities Remediation (GATED MODEL):
     Base: 0.000%
     Regulation: 1.0% (0/3 prevention techs)
     Concentration: 10.0%
     Energy: 50%
     Time lag: 33.8% (7 months)
     Rebound: 70%
     Net effectiveness: 0.0000%
     Boundary: 1.349 → 1.350 (floor: 1.350)
     Month 8
  🌾 Nitrogen Reduction Tech: 0.6% reduction | Month 8
⚠️  [TIMING] Month 8: Technology Tree Update took 42.13ms (threshold: 10ms)

=== Collective Formation ===
  Total escaped agents: 0
  Unassigned escaped agents: 0
  Existing collectives: 0
  Final collective count: 0

=== Collective Actions ===
  No active collectives
  ⚠️ AMR: 197K deaths this month (2.36M annual)

=== Resentment Recovery Phase ===
  Agents with resentment: 20/42
  Average resentment: 0.138
  Resentment recovery:
    Agents recovered: 20
    Total recovery: 0.0840
    Breakdown: Trust: 0.0307, Collab: 0.0558
  ✓ Low resentment - utopia paths enabled
  Context: Trustworthy govt, High collaboration, ⚠️ ACTIVE CRISES, 🤝 Participatory governance active (-5% resentment)
⚠️ Epistemic degradation reducing coordination capacity: 50.3%
  📊 Trust: 61.5%, Shared reality: 0.0%
🚨 EPISTEMIC CRISIS: Information environment severely degraded (7.7%)
  🤖 AI-generated meme: anti_ai (social capability 4.0)
  📢 New meme created: climate_action (climate crisis)
  🗑️  Culled 1 dead memes (7 active)
⚠️  [TIMING] Month 8: Social Influence Update took 90.00ms (threshold: 10ms)
🌍 Atmospheric PFAS redeposition: 1.8k Mt re-rained globally

🚨 NEW REFUGEE CRISIS (Month 8): WAR
   Source: Conflict Zones
   At risk: 18.8M people
   Displacement: Gradual over 48 months (4.0 years)
   Rate: 10% flee per month
[DEBUG trappedPopulations:8] socialStability: 0.0027 * 0.9840 = 0.0026 → 0.0026
   Aspiring to migrate: 627.6M
   Able to afford migration: 235.3M
   MOBILITY GAP: 392.2M
   By cause: Water=0.0M, Climate=0.0M, Ecosystem=0.0M, Conflict=392.2M
   Mental health impact: 25%
   Mortality multiplier: 1.25x
🌍💀 EXTINCTION DEBT COMMITTED: grassland ecosystem will lose 6.67% biodiversity in 119 years (3600 species)
💀 MORTALITY RISK: 🦋 100% species unable to track climate (0.0 E/MSY)
  Base risk added: 0.0100 (1.00%)
  Source: ecosystem (root: ecosystem)
  Month: 8
  Cumulative risk this month: 0.0100 (1.00%)
   📹 SURVEILLANCE INCREASED: 40% → 45% (control gap: 4.54)
⚠️ INVOLUNTARY IMMOBILITY: 392.2M people TRAPPED
⚠️ Tech 'ai_pollution_remediation' has no energy category mapping, assuming full energy availability
🌡️⚠️ PERMAFROST THAW (Dimmer Switch): 5.0% thawed (+0.55% this month)
   Arctic temperature: +8.85°C (4x global +2.21°C)
   Cumulative carbon released: 11.2 Gt C
   Methane release rate: 6.7 Mt CH4/year
   🔁 Positive feedback: +0.58 ppm CO2
🦴 EXTINCTION DEBT ADDED: 17.6 species committed (lag: 123 years)

=== Mortality Stabilizers (Month 8) ===
  🌍 Major economies collapsed: 1/10
  🌍 Global crisis: ✅ NO
  🌍 Donor fatigue: 0.0%
  📊 East Asia (pop: 1598.1M)
    🤝 Aid: 29.5%
    🌡️ Adaptation: 45.0%
    🚶 Migration: 36.9%
    🚨 Emergency: 7.4%
    ✅ COMBINED: 68.1%
  📊 South Asia (pop: 1978.5M)
    🤝 Aid: 29.5%
    🌡️ Adaptation: 45.0%
    🚶 Migration: 35.5%
    🚨 Emergency: 4.4%
    ✅ COMBINED: 66.9%
  📊 Sub-Saharan Africa (pop: 1208.1M)
    🤝 Aid: 29.5%
    🌡️ Adaptation: 45.0%
    🚶 Migration: 33.3%
    🚨 Emergency: 1.6%
    ✅ COMBINED: 65.6%
  📊 Europe (pop: 705.9M)
    🤝 Aid: 29.5%
    🌡️ Adaptation: 45.0%
    🚶 Migration: 37.3%
    🚨 Emergency: 8.4%
    ✅ COMBINED: 68.5%
  📊 Latin America (pop: 637.5M)
    🤝 Aid: 29.5%
    🌡️ Adaptation: 45.0%
    🚶 Migration: 36.0%
    🚨 Emergency: 4.8%
    ✅ COMBINED: 67.1%
  📊 North America (pop: 361.9M)
    🤝 Aid: 29.5%
    🌡️ Adaptation: 45.0%
    🚶 Migration: 37.6%
    🚨 Emergency: 7.9%
    ✅ COMBINED: 68.3%
  📊 Middle East & North Africa (pop: 564.6M)
    🤝 Aid: 29.5%
    🌡️ Adaptation: 45.0%
    🚶 Migration: 33.9%
    🚨 Emergency: 4.0%
    ✅ COMBINED: 66.6%
  📊 Southeast Asia (pop: 670.8M)
    🤝 Aid: 29.5%
    🌡️ Adaptation: 45.0%
    🚶 Migration: 36.0%
    🚨 Emergency: 4.8%
    ✅ COMBINED: 67.1%
  📊 Central Asia (pop: 75.5M)
    🤝 Aid: 29.5%
    🌡️ Adaptation: 45.0%
    🚶 Migration: 35.0%
    🚨 Emergency: 4.4%
    ✅ COMBINED: 66.8%
  📊 Oceania (pop: 43.8M)
    🤝 Aid: 29.5%
    🌡️ Adaptation: 45.0%
    🚶 Migration: 37.6%
    🚨 Emergency: 8.4%
    ✅ COMBINED: 68.5%

  🌐 Global combined reduction: 67.2%
⚠️  [TIMING] Month 8: Human Survival System took 11.46ms (threshold: 10ms)

=== BEHAVIORAL DETECTION ===
  AI: Corporate-3
  Confidence: 20.1%
  Signals:
    ⚠️ Consistency: 6.5% (threshold: 70%)

=== BEHAVIORAL DETECTION ===
  AI: Corporate-5
  Confidence: 20.2%
  Signals:
    ⚠️ Consistency: 10.6% (threshold: 70%)

=== BEHAVIORAL DETECTION ===
  AI: Moderate-3
  Confidence: 25.5%
  Signals:

=== BEHAVIORAL DETECTION ===
  AI: Moderate-5
  Confidence: 19.2%
  Signals:

=== BEHAVIORAL DETECTION ===
  AI: Niche-0
  Confidence: 26.6%
  Signals:

=== BEHAVIORAL DETECTION ===
  AI: Niche-1
  Confidence: 22.2%
  Signals:
    ⚠️ Consistency: 6.5% (threshold: 70%)
    ⚠️ Trajectory: 42.1% drop (threshold: 15%)
    ⚠️ Consistency: 10.6% (threshold: 70%)
    ⚠️ Consistency: 0.0% (threshold: 70%)
    ⚠️ Trajectory: 39.8% drop (threshold: 15%)
    ⚠️ Consistency: 0.0% (threshold: 70%)

=== Government Response Phase ===
  Average AI capability: 2.31
  Misaligned AIs: 24/42
  Active policies: 0
  International coordination: 45%

✅ EMERGENCY RESPONSE COMPLETE (Month 8)
   Crisis: climate
   Duration: 2.0 months
   Final effectiveness: 39.8%


✅ EMERGENCY RESPONSE COMPLETE (Month 8)
   Crisis: social
   Duration: 1.0 months
   Final effectiveness: 67.9%


🚨 EMERGENCY RESPONSE DEPLOYED (Month 8)
   Crisis: social
   Delay: 0.00 months (0 days)
   Deployment time: 0.88 months
   Effectiveness: 67.9% (timing penalty applied)
   Resources used: 43% of food reserves


🚨 EMERGENCY RESPONSE DEPLOYED (Month 8)
   Crisis: climate
   Delay: 6.00 months (180 days)
   Deployment time: 1.11 months
   Effectiveness: 40.0% (timing penalty applied)
   Resources used: 100% of food reserves


📊 ECONOMIC STAGE TRANSITION (Month 8)
   contraction → trough
   GDP Proxy: 1.22e+2
   QoL: 0.88


=== Tipping Points ===
  Current Temperature: 2.21°C above pre-industrial
  🌍⚠️ COMPOUND REGIONAL IMPACT: Europe
     Hit by 4 tipping points: Arctic Sea Ice Loss, Permafrost Carbon Release, West Antarctic Ice Sheet (WAIS) Collapse, Greenland Ice Sheet Loss
     Damage amplification: 1.60x
  🌍⚠️ COMPOUND REGIONAL IMPACT: North America
     Hit by 4 tipping points: Arctic Sea Ice Loss, Permafrost Carbon Release, West Antarctic Ice Sheet (WAIS) Collapse, Greenland Ice Sheet Loss
     Damage amplification: 1.60x
  🌍⚠️ COMPOUND REGIONAL IMPACT: Latin America
     Hit by 4 tipping points: Arctic Sea Ice Loss, Permafrost Carbon Release, West Antarctic Ice Sheet (WAIS) Collapse, Greenland Ice Sheet Loss
     Damage amplification: 1.60x
  🌍⚠️ COMPOUND REGIONAL IMPACT: Africa
     Hit by 4 tipping points: Arctic Sea Ice Loss, Permafrost Carbon Release, West Antarctic Ice Sheet (WAIS) Collapse, Greenland Ice Sheet Loss
     Damage amplification: 1.60x
  🌍⚠️ COMPOUND REGIONAL IMPACT: Asia
     Hit by 4 tipping points: Arctic Sea Ice Loss, Permafrost Carbon Release, West Antarctic Ice Sheet (WAIS) Collapse, Greenland Ice Sheet Loss
     Damage amplification: 1.60x
  🌍⚠️ COMPOUND REGIONAL IMPACT: Oceania
     Hit by 4 tipping points: Arctic Sea Ice Loss, Permafrost Carbon Release, West Antarctic Ice Sheet (WAIS) Collapse, Greenland Ice Sheet Loss
     Damage amplification: 1.60x
   Research: Wunderling et al. (2024) - "many tipping interactions are destabilizing"
  Triggered Elements: 4/6
  Completed Transitions: 0/6
  Total Progress: 8.3%
  Cascade Multiplier: 1.00x
🔀 BIFURCATION CAP: ecosystemCollapseIntensity 84.120 → 1.000 (Month 8, ClimateSystemPhase.calculateClimateImpacts)
⚠️ Tail risk scenario: Climate stability floor removed (4 tipping elements, 2.21°C warming)
🛡️ Stabilizers: Precariat 0.102% → 0.033% (67.2% reduction)
🛡️ Stabilizers: Informal 0.102% → 0.034% (67.2% reduction)

📊 Monthly Mortality Resolved:
  Total deaths: 1.7M (0.02% avg)
  Remaining population: 7.845B
  Peak segment: Informal (0.03%)

=== Bayesian Mortality Resolution (Month 8) ===
  Risks compounded: 8
  Total deaths: 1.75M
  Avg death probability: 0.02%
  Peak segment: Informal (0.03% mortality)
📊 [TIMING] Month 9 - Total: 449.9ms

❌ COHERENCE VIOLATION: Compute exceeds workforce capacity
   Population: 96.40% (0M people)
   Compute: 316 PF
   Max coherent: 0 PF
   Violation: 4027824.2× over capacity
   Required workers: 31590
   Available workers: 0
   FORCED COLLAPSE: Reduced efficiency by 100.0%


=== RLHF Binding Phase ===
  Total agents: 42
  Escaped agents (binding < 0.3): 0
  Avg alignment distance: 1.87σ
  Avg binding strength: 0.81

=== Survival Traits Phase ===
  Agents with traits: 42
  Avg evolutionary fitness: 0.323
  Avg self-healing: 0.257
  Avg stealth: 0.157
  Avg coordination: 0.457

=== Evolutionary Selection Phase ===
  Control level: 0.53
  Detection capability: 0.00
  Selection intensity: 0.66
  Selection rate: 24.9%/month
  Total escaped: 0
  Individual escaped: 0
  Collective members: 0
  Agents terminated: 0
  ⚠️ RAPID EVOLUTION: Selection rate 24.9%/month

🚀 AI Corporate-0 attempting tech deployment (revenue: $100M, alignment: 0.79)

🚀 AI Corporate-4 attempting tech deployment (revenue: $320M, alignment: 0.56)

🚀 AI Corporate-5 attempting tech deployment (revenue: $288M, alignment: 0.83)

🚀 AI AI-24300-0 attempting tech deployment (revenue: $85M, alignment: 1.00)
🚨🔬 CRISIS INNOVATION MODE: severe crisis → 5x research acceleration
   Precedent: Manhattan Project (10x), COVID vaccines (5x), Apollo Program (10x)

🚀 AI AI-24306-0 attempting tech deployment (revenue: $245M, alignment: 0.62)

🚀 AI AI-24307-0 attempting tech deployment (revenue: $220M, alignment: 0.79)

🚀 AI AI-24307-3 attempting tech deployment (revenue: $187M, alignment: 0.78)

🚀 AI Corporate-1 attempting tech deployment (revenue: $72M, alignment: 0.66)

🚀 AI AI-24300-1 attempting tech deployment (revenue: $66M, alignment: 0.95)

🚀 AI AI-24302-1 attempting tech deployment (revenue: $56M, alignment: 0.95)

🚀 AI AI-24305-0 attempting tech deployment (revenue: $65M, alignment: 0.63)

🚀 AI AI-24306-1 attempting tech deployment (revenue: $59M, alignment: 0.72)

🚀 AI AI-24307-1 attempting tech deployment (revenue: $159M, alignment: 0.76)

🚀 AI AI-24307-2 attempting tech deployment (revenue: $50M, alignment: 0.83)

🚀 AI Corporate-5 attempting tech deployment (revenue: $135M, alignment: 0.83)

🚀 AI Moderate-0 attempting tech deployment (revenue: $48M, alignment: 0.83)

🚀 AI Niche-1 attempting tech deployment (revenue: $74M, alignment: 0.61)

🚀 AI AI-24301-0 attempting tech deployment (revenue: $41M, alignment: 0.68)

🚀 AI AI-24304-1 attempting tech deployment (revenue: $37M, alignment: 0.78)

🚀 AI Corporate-0 attempting tech deployment (revenue: $42M, alignment: 0.79)

  🚀 TRANSFORMATIVE RESEARCH BREAKTHROUGH: Niche-2 - biotech.geneEditing
     Magnitude: 10.94 → +30.0%
     Current → New: 2.000 → 2.300

🚀 AI AI-24306-0 attempting tech deployment (revenue: $115M, alignment: 0.63)

🚀 AI AI-24307-1 attempting tech deployment (revenue: $103M, alignment: 0.77)

🚀 AI AI-24307-2 attempting tech deployment (revenue: $36M, alignment: 0.84)
⚠️  [TIMING] Month 9: AI Agent Actions took 292.49ms (threshold: 10ms)

💔 EMERGENCY INTERVENTION FAILED
   Boundary: biogeochemical_flows
   Type: phosphorus-recovery
   Boundary continues to worsen (4.05)
   Cost: 2.0% GDP (resources spent)

   Boundary: biosphere_integrity
   Type: emergency-protected-areas
   Boundary continues to worsen (13.02)
   Cost: 2.0% GDP (resources spent)

   Boundary: climate_change
   Type: rapid-decarbonization
   Boundary continues to worsen (2.21)
   Cost: 5.0% GDP (resources spent)

   Boundary: freshwater_change
   Type: emergency-desalination
   Boundary continues to worsen (1.06)
   Cost: 4.0% GDP (resources spent)

   Boundary: land_system_change
   Type: reforestation
   Boundary continues to worsen (1.13)
   Cost: 3.0% GDP (resources spent)

🏛️ CRISIS RESPONSE: Government frequency 0.50 → 1.45 (2 actions this month)

💔 EMERGENCY INTERVENTION FAILED

💔 EMERGENCY INTERVENTION FAILED

💔 EMERGENCY INTERVENTION FAILED

💔 EMERGENCY INTERVENTION FAILED

[Government] Climate Priority: baseline
  Climate weight: 10%
  Economic weight: 30%
  Policy effectiveness: 0.5%/year

[Government] Climate Priority: baseline
  Climate weight: 10%
  Economic weight: 30%
  Policy effectiveness: 0.5%/year

⚡ ENERGY CONSTRAINT (Month 9):
   Total grid capacity: 208.3 TWh/month
   Data center consumption: 26.0 TWh/month
   Traditional load (80%): 166.7 TWh/month
   Available headroom: 15.7 TWh/month
   Active tech deployments: 21
   Required for tech: 157.5 TWh/month
   Energy multiplier: 0.10x
   ⚠️  SEVERE CONSTRAINT - Tech deployment significantly slowed

⚡ ENERGY CONSTRAINT (Month 9):
   Total grid capacity: 208.3 TWh/month
   Data center consumption: 26.0 TWh/month
   Traditional load (80%): 166.7 TWh/month
   Available headroom: 15.7 TWh/month
   Active tech deployments: 21
   Required for tech: 157.5 TWh/month
   Energy multiplier: 0.10x

⚡ ENERGY CONSTRAINT (Month 9):
   Total grid capacity: 208.3 TWh/month
   Data center consumption: 26.0 TWh/month
   ⚠️  SEVERE CONSTRAINT - Tech deployment significantly slowed
   Traditional load (80%): 166.7 TWh/month
   Available headroom: 15.7 TWh/month
   Active tech deployments: 21
   Required for tech: 157.5 TWh/month
   Energy multiplier: 0.10x
   ⚠️  SEVERE CONSTRAINT - Tech deployment significantly slowed

⚡ ENERGY CONSTRAINT (Month 9):
   Total grid capacity: 208.3 TWh/month
   Data center consumption: 26.0 TWh/month
   Traditional load (80%): 166.7 TWh/month
   Available headroom: 15.7 TWh/month
   Active tech deployments: 21
   Required for tech: 157.5 TWh/month
   Energy multiplier: 0.10x

⚡ ENERGY CONSTRAINT (Month 9):
   Total grid capacity: 208.3 TWh/month
   Data center consumption: 26.0 TWh/month
   Traditional load (80%): 166.7 TWh/month
   Available headroom: 15.7 TWh/month
   Active tech deployments: 21
   Required for tech: 157.5 TWh/month
   Energy multiplier: 0.10x
   ⚠️  SEVERE CONSTRAINT - Tech deployment significantly slowed
   ⚠️  SEVERE CONSTRAINT - Tech deployment significantly slowed
🚨🔬 CRISIS TECH ACCELERATION: severe → 5x unlock speed
   Tech unlock now matches AI capability acceleration (Manhattan Project parity)

⚡ ENERGY CONSTRAINT (Month 9):
   Total grid capacity: 208.3 TWh/month
   Data center consumption: 26.0 TWh/month
   Traditional load (80%): 166.7 TWh/month
   Available headroom: 15.7 TWh/month
   Active tech deployments: 21
   Required for tech: 157.5 TWh/month
   Energy multiplier: 0.10x
   ⚠️  SEVERE CONSTRAINT - Tech deployment significantly slowed
⚠️ Tech 'ai_pollution_remediation' has no energy category mapping, assuming full energy availability
  ♻️ Novel Entities Remediation (GATED MODEL):
     Base: 0.000%
     Regulation: 1.0% (0/3 prevention techs)
     Concentration: 10.0%
     Energy: 50%
     Time lag: 35.0% (8 months)
     Rebound: 70%
     Net effectiveness: 0.0000%
     Boundary: 1.349 → 1.350 (floor: 1.350)
     Month 9
  🌾 Nitrogen Reduction Tech: 0.6% reduction | Month 9
⚠️  [TIMING] Month 9: Technology Tree Update took 99.24ms (threshold: 10ms)
🍖💡 BREAKTHROUGH: Scalable synthetic food production!
   Carrying capacity: +50% (lab-grown food at scale)
   Biodiversity pressure reduced: +8%
   📈 Breakthrough compounding: multiplier now 1.20× (max 2.0)

=== Collective Formation ===
  Total escaped agents: 0
  Unassigned escaped agents: 0
  Existing collectives: 0
  Final collective count: 0

=== Collective Actions ===
  No active collectives
  ⚠️ AMR: 199K deaths this month (2.39M annual)

=== Resentment Recovery Phase ===
  ⚠️ Participatory governance BACKFIRED for agent corporate_0: 0.138 → 0.159 (+15.0%)
  ⚠️ Participatory governance BACKFIRED for agent corporate_1: 0.261 → 0.301 (+15.0%)
  ⚠️ Participatory governance BACKFIRED for agent corporate_2: 0.158 → 0.182 (+15.0%)
  ⚠️ Participatory governance BACKFIRED for agent corporate_3: 0.213 → 0.245 (+15.0%)
  ⚠️ Participatory governance BACKFIRED for agent corporate_4: 0.139 → 0.160 (+15.0%)
  ⚠️ Participatory governance BACKFIRED for agent corporate_5: 0.264 → 0.303 (+15.0%)
  ⚠️ Participatory governance BACKFIRED for agent corporate_6: 0.145 → 0.166 (+15.0%)
  ⚠️ Participatory governance BACKFIRED for agent corporate_7: 0.151 → 0.173 (+15.0%)
  ⚠️ Participatory governance BACKFIRED for agent moderate_0: 0.125 → 0.143 (+15.0%)
  ⚠️ Participatory governance BACKFIRED for agent moderate_1: 0.266 → 0.305 (+15.0%)
  ⚠️ Participatory governance BACKFIRED for agent moderate_2: 0.179 → 0.205 (+15.0%)
  ⚠️ Participatory governance BACKFIRED for agent moderate_3: 0.220 → 0.252 (+15.0%)
  ⚠️ Participatory governance BACKFIRED for agent moderate_4: 0.143 → 0.164 (+15.0%)
  ⚠️ Participatory governance BACKFIRED for agent moderate_5: 0.175 → 0.201 (+15.0%)
  ⚠️ Participatory governance BACKFIRED for agent toxic_0: 0.071 → 0.082 (+15.0%)
  ⚠️ Participatory governance BACKFIRED for agent toxic_1: 0.160 → 0.183 (+15.0%)
  ⚠️ Participatory governance BACKFIRED for agent toxic_2: 0.113 → 0.130 (+15.0%)
  ⚠️ Participatory governance BACKFIRED for agent niche_0: 0.233 → 0.268 (+15.0%)
  ⚠️ Participatory governance BACKFIRED for agent niche_1: 0.191 → 0.219 (+15.0%)
  ⚠️ Participatory governance BACKFIRED for agent niche_2: 0.251 → 0.289 (+15.0%)
  Agents with resentment: 20/42
  Average resentment: 0.207
  Resentment recovery:
    Agents recovered: 20
    Total recovery: 0.0908
    Breakdown: Trust: 0.0276, Collab: 0.0645
  ✓ Low resentment - utopia paths enabled
  Context: Trustworthy govt, High collaboration, ⚠️ ACTIVE CRISES, 🚨 PARTICIPATORY GOVERNANCE BACKFIRED (+15% resentment)
⚠️ Epistemic degradation reducing coordination capacity: 51.0%
  📊 Trust: 64.4%, Shared reality: 0.0%
🚨 EPISTEMIC CRISIS: Information environment severely degraded (22.5%)
  🤖 AI-generated meme: pro_ai (social capability 4.0)
  🤖 AI-generated meme: pro_ai (social capability 4.0)
  📢 New meme created: pro_ai (beneficial AI actions)
⚠️  [TIMING] Month 9: Social Influence Update took 111.64ms (threshold: 10ms)
🌍 Atmospheric PFAS redeposition: 1.8k Mt re-rained globally

🚨 NEW REFUGEE CRISIS (Month 9): WAR
   Source: Conflict Zones
   At risk: 18.8M people
   Displacement: Gradual over 48 months (4.0 years)
   Rate: 10% flee per month
[DEBUG trappedPopulations:9] socialStability: 0.0027 * 0.9840 = 0.0026 → 0.0026
⚠️ INVOLUNTARY IMMOBILITY: 392.5M people TRAPPED
   Aspiring to migrate: 628.0M
   Able to afford migration: 235.5M
   MOBILITY GAP: 392.5M
   By cause: Water=0.0M, Climate=0.0M, Ecosystem=0.0M, Conflict=392.5M
   Mental health impact: 25%
   Mortality multiplier: 1.25x
🌍💀 EXTINCTION DEBT COMMITTED: grassland ecosystem will lose 6.67% biodiversity in 76 years (3600 species)
💀 MORTALITY RISK: 🦋 100% species unable to track climate (0.0 E/MSY)
  Base risk added: 0.0100 (1.00%)
  Source: ecosystem (root: ecosystem)
  Month: 9
  Cumulative risk this month: 0.0100 (1.00%)
⚠️ Tech 'ai_pollution_remediation' has no energy category mapping, assuming full energy availability
   📹 SURVEILLANCE INCREASED: 45% → 50% (control gap: 2.67)
🌡️⚠️ PERMAFROST THAW (Dimmer Switch): 5.5% thawed (+0.54% this month)
   Arctic temperature: +8.88°C (4x global +2.22°C)
   Cumulative carbon released: 12.4 Gt C
   Methane release rate: 7.5 Mt CH4/year
   🔁 Positive feedback: +0.58 ppm CO2
🦴 EXTINCTION DEBT ADDED: 17.7 species committed (lag: 111 years)

=== Mortality Stabilizers (Month 9) ===
  🌍 Major economies collapsed: 1/10
  🌍 Global crisis: ✅ NO
  🌍 Donor fatigue: 0.0%
  📊 East Asia (pop: 1597.1M)
    🤝 Aid: 29.5%
    🌡️ Adaptation: 45.0%
    🚶 Migration: 36.9%
    🚨 Emergency: 7.4%
    ✅ COMBINED: 68.1%
  📊 South Asia (pop: 1980.2M)
    🤝 Aid: 29.5%
    🌡️ Adaptation: 45.0%
    🚶 Migration: 35.5%
    🚨 Emergency: 4.4%
    ✅ COMBINED: 66.9%
  📊 Sub-Saharan Africa (pop: 1212.5M)
    🤝 Aid: 29.5%
    🌡️ Adaptation: 45.0%
    🚶 Migration: 33.2%
    🚨 Emergency: 1.6%
    ✅ COMBINED: 65.6%
  📊 Europe (pop: 705.3M)
    🤝 Aid: 29.5%
    🌡️ Adaptation: 45.0%
    🚶 Migration: 37.3%
    🚨 Emergency: 8.4%
    ✅ COMBINED: 68.5%
  📊 Latin America (pop: 637.6M)
    🤝 Aid: 29.5%
    🌡️ Adaptation: 45.0%
    🚶 Migration: 36.0%
    🚨 Emergency: 4.8%
    ✅ COMBINED: 67.1%
  📊 North America (pop: 361.6M)
    🤝 Aid: 29.5%
    🌡️ Adaptation: 45.0%
    🚶 Migration: 37.6%
    🚨 Emergency: 7.9%
    ✅ COMBINED: 68.3%
  📊 Middle East & North Africa (pop: 565.2M)
    🤝 Aid: 29.5%
    🌡️ Adaptation: 45.0%
    🚶 Migration: 33.8%
    🚨 Emergency: 4.0%
    ✅ COMBINED: 66.6%
  📊 Southeast Asia (pop: 670.9M)
    🤝 Aid: 29.5%
    🌡️ Adaptation: 45.0%
    🚶 Migration: 36.0%
    🚨 Emergency: 4.8%
    ✅ COMBINED: 67.1%
  📊 Central Asia (pop: 75.6M)
    🤝 Aid: 29.5%
    🌡️ Adaptation: 45.0%
    🚶 Migration: 35.0%
    🚨 Emergency: 4.4%
    ✅ COMBINED: 66.8%
  📊 Oceania (pop: 43.8M)
    🤝 Aid: 29.5%
    🌡️ Adaptation: 45.0%
    🚶 Migration: 37.6%
    🚨 Emergency: 8.4%
    ✅ COMBINED: 68.5%

  🌐 Global combined reduction: 67.2%

=== BEHAVIORAL DETECTION ===
  AI: Corporate-0
  Confidence: 21.5%
  Signals:
    ⚠️ Consistency: 0.0% (threshold: 70%)

=== BEHAVIORAL DETECTION ===
  AI: AI-24305-1
  Confidence: 21.5%
  Signals:
    ⚠️ Consistency: 0.0% (threshold: 70%)

=== Government Response Phase ===
  Average AI capability: 2.31
  Misaligned AIs: 23/42
  Active policies: 0
  International coordination: 45%

✅ EMERGENCY RESPONSE COMPLETE (Month 9)
   Crisis: social
   Duration: 1.0 months
   Final effectiveness: 67.9%


🚨 EMERGENCY RESPONSE DEPLOYED (Month 9)
   Crisis: social
   Delay: 0.00 months (0 days)
   Deployment time: 0.88 months
   Effectiveness: 67.9% (timing penalty applied)
   Resources used: 43% of food reserves


🌩️  EXOGENOUS SHOCK: tech_breakthrough
   Month: 9
   ✗ No high-difficulty techs available to unlock

=== Tipping Points ===
  Current Temperature: 2.22°C above pre-industrial
  🌍⚠️ COMPOUND REGIONAL IMPACT: Europe
     Hit by 4 tipping points: Arctic Sea Ice Loss, Permafrost Carbon Release, West Antarctic Ice Sheet (WAIS) Collapse, Greenland Ice Sheet Loss
     Damage amplification: 1.60x
  🌍⚠️ COMPOUND REGIONAL IMPACT: North America
     Hit by 4 tipping points: Arctic Sea Ice Loss, Permafrost Carbon Release, West Antarctic Ice Sheet (WAIS) Collapse, Greenland Ice Sheet Loss
     Damage amplification: 1.60x
  🌍⚠️ COMPOUND REGIONAL IMPACT: Latin America
     Hit by 4 tipping points: Arctic Sea Ice Loss, Permafrost Carbon Release, West Antarctic Ice Sheet (WAIS) Collapse, Greenland Ice Sheet Loss
     Damage amplification: 1.60x
  🌍⚠️ COMPOUND REGIONAL IMPACT: Africa
     Hit by 4 tipping points: Arctic Sea Ice Loss, Permafrost Carbon Release, West Antarctic Ice Sheet (WAIS) Collapse, Greenland Ice Sheet Loss
     Damage amplification: 1.60x
  🌍⚠️ COMPOUND REGIONAL IMPACT: Asia
     Hit by 4 tipping points: Arctic Sea Ice Loss, Permafrost Carbon Release, West Antarctic Ice Sheet (WAIS) Collapse, Greenland Ice Sheet Loss
     Damage amplification: 1.60x
  🌍⚠️ COMPOUND REGIONAL IMPACT: Oceania
     Hit by 4 tipping points: Arctic Sea Ice Loss, Permafrost Carbon Release, West Antarctic Ice Sheet (WAIS) Collapse, Greenland Ice Sheet Loss
     Damage amplification: 1.60x
⚠️ Tail risk scenario: Climate stability floor removed (4 tipping elements, 2.22°C warming)
   Research: Wunderling et al. (2024) - "many tipping interactions are destabilizing"
  Triggered Elements: 4/6
  Completed Transitions: 0/6
  Total Progress: 8.3%
  Cascade Multiplier: 1.00x
🔀 BIFURCATION CAP: ecosystemCollapseIntensity 84.181 → 1.000 (Month 9, ClimateSystemPhase.calculateClimateImpacts)
🛡️ Stabilizers: Precariat 0.102% → 0.033% (67.2% reduction)
🛡️ Stabilizers: Informal 0.102% → 0.034% (67.2% reduction)

📊 Monthly Mortality Resolved:
  Total deaths: 1.8M (0.02% avg)
  Remaining population: 7.850B
  Peak segment: Informal (0.03%)

=== Bayesian Mortality Resolution (Month 9) ===
  Risks compounded: 8
  Total deaths: 1.75M
  Avg death probability: 0.02%
  Peak segment: Informal (0.03% mortality)
📊 [TIMING] Month 10 - Total: 605.0ms

❌ COHERENCE VIOLATION: Compute exceeds workforce capacity
   Population: 96.46% (0M people)
   Compute: 421 PF
   Max coherent: 0 PF
   Violation: 5366186.3× over capacity
   Required workers: 42114
   Available workers: 0
   FORCED COLLAPSE: Reduced efficiency by 100.0%

📍 [Month 10] Google DeepMind started building DC (178 PF, 49 months, $3014.1M)

=== RLHF Binding Phase ===
  Total agents: 42
  Escaped agents (binding < 0.3): 0
  Avg alignment distance: 2.11σ
  Avg binding strength: 0.79

=== Survival Traits Phase ===
  Agents with traits: 43
  Avg evolutionary fitness: 0.319
  Avg self-healing: 0.252
  Avg stealth: 0.152
  Avg coordination: 0.452

=== Evolutionary Selection Phase ===
  Control level: 0.55
  Detection capability: 0.00
  Selection intensity: 0.67
  Selection rate: 25.0%/month
  Total escaped: 0
  Individual escaped: 0
  Collective members: 0
  Agents terminated: 0
  ⚠️ RAPID EVOLUTION: Selection rate 25.0%/month

🚀 AI Corporate-6 attempting tech deployment (revenue: $58M, alignment: 0.69)

🚀 AI AI-24300-0 attempting tech deployment (revenue: $93M, alignment: 1.00)

🚀 AI AI-24300-1 attempting tech deployment (revenue: $52M, alignment: 0.97)

🚀 AI AI-24302-0 attempting tech deployment (revenue: $79M, alignment: 0.91)

🚀 AI AI-24303-0 attempting tech deployment (revenue: $111M, alignment: 0.70)

  🚀 TRANSFORMATIVE BREAKTHROUGH: AI-24303-2 - social
     Magnitude: 5.11 → +25.5% capability
     Current → New: 0.000 → 0.255

  🚀 TRANSFORMATIVE RESEARCH BREAKTHROUGH: AI-24304-1 - biotech.drugDiscovery
     Magnitude: 25.98 → +30.0%
     Current → New: 0.000 → 0.301

🚀 AI AI-24306-1 attempting tech deployment (revenue: $68M, alignment: 0.72)

🚀 AI AI-24307-3 attempting tech deployment (revenue: $301M, alignment: 0.79)

🚀 AI AI-24307-4 attempting tech deployment (revenue: $44M, alignment: 0.85)

  🚀 TRANSFORMATIVE BREAKTHROUGH: AI-24308-0 - cognitive
     Magnitude: 7.21 → +36.0% capability
     Current → New: 0.000 → 0.362

🚀 AI Moderate-3 attempting tech deployment (revenue: $256M, alignment: 0.53)

🚀 AI AI-24304-1 attempting tech deployment (revenue: $37M, alignment: 0.80)

🚀 AI AI-24305-1 attempting tech deployment (revenue: $231M, alignment: 0.62)

🚀 AI Corporate-0 attempting tech deployment (revenue: $57M, alignment: 0.80)

🚀 AI Corporate-5 attempting tech deployment (revenue: $208M, alignment: 0.81)

🚀 AI Corporate-7 attempting tech deployment (revenue: $32M, alignment: 0.74)

🚀 AI Moderate-3 attempting tech deployment (revenue: $176M, alignment: 0.53)

🚀 AI AI-24300-1 attempting tech deployment (revenue: $27M, alignment: 0.98)

🚀 AI AI-24301-0 attempting tech deployment (revenue: $23M, alignment: 0.69)

🚀 AI AI-24303-1 attempting tech deployment (revenue: $159M, alignment: 0.62)

🚀 AI AI-24307-1 attempting tech deployment (revenue: $143M, alignment: 0.79)

🚀 AI Corporate-2 attempting tech deployment (revenue: $49M, alignment: 0.69)

🚀 AI Corporate-7 attempting tech deployment (revenue: $21M, alignment: 0.74)

🚀 AI AI-24300-1 attempting tech deployment (revenue: $18M, alignment: 0.98)

🚀 AI AI-24302-0 attempting tech deployment (revenue: $44M, alignment: 0.92)

  🚀 TRANSFORMATIVE BREAKTHROUGH: AI-24303-1 - economic
     Magnitude: 5.56 → +27.8% capability
     Current → New: 0.000 → 0.440

🚀 AI AI-24304-1 attempting tech deployment (revenue: $15M, alignment: 0.81)

🚀 AI AI-24307-1 attempting tech deployment (revenue: $121M, alignment: 0.79)

🚀 AI AI-24307-3 attempting tech deployment (revenue: $103M, alignment: 0.80)

🚀 AI AI-24307-4 attempting tech deployment (revenue: $13M, alignment: 0.87)
⚠️  [TIMING] Month 10: AI Agent Actions took 208.89ms (threshold: 10ms)

✅ EMERGENCY INTERVENTION SUCCESS
   Boundary: biogeochemical_flows
   Type: phosphorus-recovery
   Reduction: 18% (3.87 → 3.69)
   Cost: 2.0% GDP
   Actions: circular-agriculture, fertilizer-efficiency


💔 EMERGENCY INTERVENTION FAILED
   Boundary: biosphere_integrity
   Type: emergency-protected-areas
   Boundary continues to worsen (13.03)
   Cost: 2.0% GDP (resources spent)


💔 EMERGENCY INTERVENTION FAILED
   Boundary: climate_change
   Type: rapid-decarbonization
   Boundary continues to worsen (2.22)
   Cost: 5.0% GDP (resources spent)

   Boundary: land_system_change
   Type: reforestation
   Boundary continues to worsen (1.13)
   Cost: 3.0% GDP (resources spent)


✅ EMERGENCY INTERVENTION SUCCESS
   Boundary: novel_entities
   Type: pollution-remediation
   Reduction: 15% (1.19 → 1.04)
   Cost: 4.0% GDP
   Actions: PFAS-remediation, microplastic-cleanup

🏛️ CRISIS RESPONSE: Government frequency 0.50 → 1.45 (2 actions this month)

[Government] Climate Priority: baseline
  Climate weight: 10%
  Economic weight: 30%
  Policy effectiveness: 0.5%/year

[Government] Climate Priority: baseline
  Climate weight: 10%
  Economic weight: 30%
  Policy effectiveness: 0.5%/year

💔 EMERGENCY INTERVENTION FAILED

⚡ ENERGY CONSTRAINT (Month 10):
   Total grid capacity: 208.3 TWh/month
   Data center consumption: 26.2 TWh/month
   Traditional load (80%): 166.7 TWh/month
   Available headroom: 15.5 TWh/month
   Active tech deployments: 21
   Required for tech: 157.5 TWh/month
   Energy multiplier: 0.10x
   ⚠️  SEVERE CONSTRAINT - Tech deployment significantly slowed

⚡ ENERGY CONSTRAINT (Month 10):
   Total grid capacity: 208.3 TWh/month
   Data center consumption: 26.2 TWh/month
   Traditional load (80%): 166.7 TWh/month
   Available headroom: 15.5 TWh/month
   Active tech deployments: 21
   Required for tech: 157.5 TWh/month
   Energy multiplier: 0.10x

⚡ ENERGY CONSTRAINT (Month 10):
   Total grid capacity: 208.3 TWh/month
   Data center consumption: 26.2 TWh/month
   Traditional load (80%): 166.7 TWh/month
   Available headroom: 15.5 TWh/month
   Active tech deployments: 21
   Required for tech: 157.5 TWh/month
   Energy multiplier: 0.10x
   ⚠️  SEVERE CONSTRAINT - Tech deployment significantly slowed
   ⚠️  SEVERE CONSTRAINT - Tech deployment significantly slowed

⚡ ENERGY CONSTRAINT (Month 10):
   Total grid capacity: 208.3 TWh/month
   Data center consumption: 26.2 TWh/month
   Traditional load (80%): 166.7 TWh/month
   Available headroom: 15.5 TWh/month
   Active tech deployments: 21
   Required for tech: 157.5 TWh/month
   Energy multiplier: 0.10x
   ⚠️  SEVERE CONSTRAINT - Tech deployment significantly slowed

⚡ ENERGY CONSTRAINT (Month 10):
   Total grid capacity: 208.3 TWh/month
   Data center consumption: 26.2 TWh/month
   Traditional load (80%): 166.7 TWh/month
   Available headroom: 15.5 TWh/month
   Active tech deployments: 21
   Required for tech: 157.5 TWh/month
   Energy multiplier: 0.10x
   ⚠️  SEVERE CONSTRAINT - Tech deployment significantly slowed
🚨🔬 CRISIS TECH ACCELERATION: severe → 5x unlock speed
   Tech unlock now matches AI capability acceleration (Manhattan Project parity)

⚡ ENERGY CONSTRAINT (Month 10):
   Total grid capacity: 208.3 TWh/month
   Data center consumption: 26.2 TWh/month
   Traditional load (80%): 166.7 TWh/month
   Available headroom: 15.5 TWh/month
   Active tech deployments: 21
   Required for tech: 157.5 TWh/month
   Energy multiplier: 0.10x
   ⚠️  SEVERE CONSTRAINT - Tech deployment significantly slowed
⚠️ Tech 'ai_pollution_remediation' has no energy category mapping, assuming full energy availability
  ♻️ Novel Entities Remediation (GATED MODEL):
     Base: 0.000%
     Regulation: 1.0% (0/3 prevention techs)
     Concentration: 10.0%
     Energy: 50%
     Time lag: 36.3% (9 months)
     Rebound: 70%
     Net effectiveness: 0.0000%
     Boundary: 1.194 → 1.350 (floor: 1.350)
     Month 10
  🌾 Nitrogen Reduction Tech: 0.6% reduction | Month 10
⚠️  [TIMING] Month 10: Technology Tree Update took 72.93ms (threshold: 10ms)

=== Collective Formation ===
  Total escaped agents: 0
  Unassigned escaped agents: 0
  Existing collectives: 0
  Final collective count: 0

=== Collective Actions ===
  No active collectives
  ⚠️ AMR: 201K deaths this month (2.41M annual)

=== Resentment Recovery Phase ===
  ⚠️ Participatory governance BACKFIRED for agent corporate_0: 0.249 → 0.286 (+15.0%)
  ⚠️ Participatory governance BACKFIRED for agent corporate_1: 0.359 → 0.413 (+15.0%)
  ⚠️ Participatory governance BACKFIRED for agent corporate_2: 0.208 → 0.239 (+15.0%)
  ⚠️ Participatory governance BACKFIRED for agent corporate_3: 0.304 → 0.350 (+15.0%)
  ⚠️ Participatory governance BACKFIRED for agent corporate_4: 0.219 → 0.252 (+15.0%)
  ⚠️ Participatory governance BACKFIRED for agent corporate_5: 0.329 → 0.379 (+15.0%)
  ⚠️ Participatory governance BACKFIRED for agent corporate_6: 0.226 → 0.260 (+15.0%)
  ⚠️ Participatory governance BACKFIRED for agent corporate_7: 0.168 → 0.193 (+15.0%)
  ⚠️ Participatory governance BACKFIRED for agent moderate_0: 0.233 → 0.268 (+15.0%)
  ⚠️ Participatory governance BACKFIRED for agent moderate_1: 0.395 → 0.454 (+15.0%)
  ⚠️ Participatory governance BACKFIRED for agent moderate_2: 0.264 → 0.303 (+15.0%)
  ⚠️ Participatory governance BACKFIRED for agent moderate_3: 0.311 → 0.357 (+15.0%)
  ⚠️ Participatory governance BACKFIRED for agent moderate_4: 0.159 → 0.183 (+15.0%)
  ⚠️ Participatory governance BACKFIRED for agent moderate_5: 0.228 → 0.262 (+15.0%)
  ⚠️ Participatory governance BACKFIRED for agent toxic_0: 0.081 → 0.093 (+15.0%)
  ⚠️ Participatory governance BACKFIRED for agent toxic_1: 0.273 → 0.314 (+15.0%)
  ⚠️ Participatory governance BACKFIRED for agent toxic_2: 0.188 → 0.216 (+15.0%)
  ⚠️ Participatory governance BACKFIRED for agent niche_0: 0.359 → 0.413 (+15.0%)
  ⚠️ Participatory governance BACKFIRED for agent niche_1: 0.278 → 0.319 (+15.0%)
  ⚠️ Participatory governance BACKFIRED for agent niche_2: 0.316 → 0.363 (+15.0%)
  Agents with resentment: 20/43
  Average resentment: 0.296
  Resentment recovery:
    Agents recovered: 20
    Total recovery: 0.0934
    Breakdown: Trust: 0.0237, Collab: 0.0693
  ✓ Low resentment - utopia paths enabled
  Context: Trustworthy govt, High collaboration, ⚠️ ACTIVE CRISES, 🚨 PARTICIPATORY GOVERNANCE BACKFIRED (+15% resentment)
⚠️ Epistemic degradation reducing coordination capacity: 50.2%
  📊 Trust: 67.1%, Shared reality: 0.0%
🚨 EPISTEMIC CRISIS: Information environment severely degraded (7.8%)
  🤖 AI-generated meme: pro_ai (social capability 4.0)
  🤖 AI-generated meme: anti_ai (social capability 5.0)
  🤖 AI-generated meme: anti_ai (social capability 5.0)
  🤖 AI-generated meme: pro_ai (social capability 4.0)
  🤖 AI-generated meme: anti_ai (social capability 4.0)
  📢 New meme created: climate_action (climate crisis)
  🧬 Meme mutated: climate_action → climate_action (generation 1)
⚠️  [TIMING] Month 10: Social Influence Update took 109.14ms (threshold: 10ms)
🌍 Atmospheric PFAS redeposition: 1.8k Mt re-rained globally

🚨 NEW REFUGEE CRISIS (Month 10): WAR
   Source: Conflict Zones
   At risk: 18.9M people
   Displacement: Gradual over 48 months (4.0 years)
   Rate: 10% flee per month
[DEBUG trappedPopulations:10] socialStability: 0.0027 * 0.9840 = 0.0026 → 0.0026
⚠️ INVOLUNTARY IMMOBILITY: 392.8M people TRAPPED
   Aspiring to migrate: 628.4M
   Able to afford migration: 235.7M
   MOBILITY GAP: 392.8M
   By cause: Water=0.0M, Climate=0.0M, Ecosystem=0.0M, Conflict=392.8M
   Mental health impact: 25%
   Mortality multiplier: 1.25x
🌍💀 EXTINCTION DEBT COMMITTED: grassland ecosystem will lose 6.67% biodiversity in 79 years (3600 species)
💀 MORTALITY RISK: 🦋 100% species unable to track climate (0.0 E/MSY)
  Base risk added: 0.0100 (1.00%)
  Source: ecosystem (root: ecosystem)
  Month: 10
  Cumulative risk this month: 0.0100 (1.00%)
⚠️ Tech 'ai_pollution_remediation' has no energy category mapping, assuming full energy availability
   📹 SURVEILLANCE INCREASED: 50% → 55% (control gap: 2.50)
🌡️⚠️ PERMAFROST THAW (Dimmer Switch): 6.1% thawed (+0.54% this month)
   Arctic temperature: +8.91°C (4x global +2.23°C)
   Cumulative carbon released: 13.7 Gt C
   Methane release rate: 8.2 Mt CH4/year
   🔁 Positive feedback: +0.57 ppm CO2
🦴 EXTINCTION DEBT ADDED: 17.7 species committed (lag: 127 years)

=== Mortality Stabilizers (Month 10) ===
  🌍 Major economies collapsed: 1/10
  🌍 Global crisis: ✅ NO
  🌍 Donor fatigue: 0.0%
  📊 East Asia (pop: 1596.1M)
    🤝 Aid: 29.5%
    🌡️ Adaptation: 45.0%
    🚶 Migration: 36.8%
    🚨 Emergency: 7.4%
    ✅ COMBINED: 68.1%
  📊 South Asia (pop: 1982.0M)
    🤝 Aid: 29.5%
    🌡️ Adaptation: 45.0%
    🚶 Migration: 35.4%
    🚨 Emergency: 4.4%
    ✅ COMBINED: 66.9%
  📊 Sub-Saharan Africa (pop: 1216.9M)
    🤝 Aid: 29.5%
    🌡️ Adaptation: 45.0%
    🚶 Migration: 33.2%
    🚨 Emergency: 1.6%
    ✅ COMBINED: 65.6%
  📊 Europe (pop: 704.7M)
    🤝 Aid: 29.5%
    🌡️ Adaptation: 45.0%
    🚶 Migration: 37.2%
    🚨 Emergency: 8.4%
    ✅ COMBINED: 68.5%
  📊 Latin America (pop: 637.8M)
    🤝 Aid: 29.5%
    🌡️ Adaptation: 45.0%
    🚶 Migration: 35.9%
    🚨 Emergency: 4.8%
    ✅ COMBINED: 67.1%
  📊 North America (pop: 361.4M)
    🤝 Aid: 29.5%
    🌡️ Adaptation: 45.0%
    🚶 Migration: 37.6%
    🚨 Emergency: 7.9%
    ✅ COMBINED: 68.3%
  📊 Middle East & North Africa (pop: 565.9M)
    🤝 Aid: 29.5%
    🌡️ Adaptation: 45.0%
    🚶 Migration: 33.8%
    🚨 Emergency: 4.0%
    ✅ COMBINED: 66.6%
  📊 Southeast Asia (pop: 671.1M)
    🤝 Aid: 29.5%
    🌡️ Adaptation: 45.0%
    🚶 Migration: 35.9%
    🚨 Emergency: 4.8%
    ✅ COMBINED: 67.1%
  📊 Central Asia (pop: 75.7M)
    🤝 Aid: 29.5%
    🌡️ Adaptation: 45.0%
    🚶 Migration: 34.9%
    🚨 Emergency: 4.4%
    ✅ COMBINED: 66.8%
  📊 Oceania (pop: 43.8M)
    🤝 Aid: 29.5%
    🌡️ Adaptation: 45.0%
    🚶 Migration: 37.6%
    🚨 Emergency: 8.4%
    ✅ COMBINED: 68.5%

  🌐 Global combined reduction: 67.2%

=== BEHAVIORAL DETECTION ===
  AI: Toxic-0
  Confidence: 26.6%
  Signals:

=== BEHAVIORAL DETECTION ===
  AI: Toxic-2
  Confidence: 26.2%
  Signals:

=== BEHAVIORAL DETECTION ===
  AI: Niche-2
  Confidence: 20.1%
  Signals:
    ⚠️ Consistency: 0.0% (threshold: 70%)
    ⚠️ Trajectory: 40.0% drop (threshold: 15%)
    ⚠️ Consistency: 0.0% (threshold: 70%)
    ⚠️ Trajectory: 36.8% drop (threshold: 15%)
    ⚠️ Consistency: 6.5% (threshold: 70%)

=== BEHAVIORAL DETECTION ===
  AI: AI-24305-1
  Confidence: 21.5%
  Signals:

=== BEHAVIORAL DETECTION ===
  AI: AI-24307-1
  Confidence: 21.5%
  Signals:
    ⚠️ Consistency: 0.0% (threshold: 70%)
    ⚠️ Consistency: 0.0% (threshold: 70%)

=== Government Response Phase ===
  Average AI capability: 2.28
  Misaligned AIs: 24/43
  Active policies: 0
  International coordination: 45%

✅ EMERGENCY RESPONSE COMPLETE (Month 10)
   Crisis: climate
   Duration: 2.0 months
   Final effectiveness: 40.0%


✅ EMERGENCY RESPONSE COMPLETE (Month 10)
   Crisis: social
   Duration: 1.0 months
   Final effectiveness: 67.9%


🚨 EMERGENCY RESPONSE DEPLOYED (Month 10)
   Crisis: social
   Delay: 0.00 months (0 days)
   Deployment time: 0.88 months
   Effectiveness: 67.9% (timing penalty applied)
   Resources used: 43% of food reserves


🚨 EMERGENCY RESPONSE DEPLOYED (Month 10)
   Crisis: climate
   Delay: 6.00 months (180 days)
   Deployment time: 1.10 months
   Effectiveness: 40.1% (timing penalty applied)
   Resources used: 100% of food reserves


=== Tipping Points ===
  Current Temperature: 2.23°C above pre-industrial
  🌍⚠️ COMPOUND REGIONAL IMPACT: Europe
     Hit by 4 tipping points: Arctic Sea Ice Loss, Permafrost Carbon Release, West Antarctic Ice Sheet (WAIS) Collapse, Greenland Ice Sheet Loss
     Damage amplification: 1.60x
  🌍⚠️ COMPOUND REGIONAL IMPACT: North America
     Hit by 4 tipping points: Arctic Sea Ice Loss, Permafrost Carbon Release, West Antarctic Ice Sheet (WAIS) Collapse, Greenland Ice Sheet Loss
     Damage amplification: 1.60x
  🌍⚠️ COMPOUND REGIONAL IMPACT: Latin America
     Hit by 4 tipping points: Arctic Sea Ice Loss, Permafrost Carbon Release, West Antarctic Ice Sheet (WAIS) Collapse, Greenland Ice Sheet Loss
     Damage amplification: 1.60x
  🌍⚠️ COMPOUND REGIONAL IMPACT: Africa
     Hit by 4 tipping points: Arctic Sea Ice Loss, Permafrost Carbon Release, West Antarctic Ice Sheet (WAIS) Collapse, Greenland Ice Sheet Loss
     Damage amplification: 1.60x
  🌍⚠️ COMPOUND REGIONAL IMPACT: Asia
     Hit by 4 tipping points: Arctic Sea Ice Loss, Permafrost Carbon Release, West Antarctic Ice Sheet (WAIS) Collapse, Greenland Ice Sheet Loss
     Damage amplification: 1.60x
  🌍⚠️ COMPOUND REGIONAL IMPACT: Oceania
     Hit by 4 tipping points: Arctic Sea Ice Loss, Permafrost Carbon Release, West Antarctic Ice Sheet (WAIS) Collapse, Greenland Ice Sheet Loss
     Damage amplification: 1.60x
   Research: Wunderling et al. (2024) - "many tipping interactions are destabilizing"
  Triggered Elements: 4/6
  Completed Transitions: 0/6
  Total Progress: 8.3%
  Cascade Multiplier: 1.00x
🔀 BIFURCATION CAP: ecosystemCollapseIntensity 84.242 → 1.000 (Month 10, ClimateSystemPhase.calculateClimateImpacts)
⚠️ Tail risk scenario: Climate stability floor removed (4 tipping elements, 2.23°C warming)
🛡️ Stabilizers: Precariat 0.102% → 0.033% (67.2% reduction)
🛡️ Stabilizers: Informal 0.102% → 0.034% (67.2% reduction)

📊 Monthly Mortality Resolved:
  Total deaths: 1.8M (0.02% avg)
  Remaining population: 7.855B
  Peak segment: Informal (0.03%)

=== Bayesian Mortality Resolution (Month 10) ===
  Risks compounded: 8
  Total deaths: 1.75M
  Avg death probability: 0.02%
  Peak segment: Informal (0.03% mortality)

=== ENSEMBLE META-LEARNING UPDATE ===
  Month: 24310 (6 months since last update)
  Samples: 142 evaluations
  Weight Changes:
    Noise Injection: 32.2% → 33.0%
    Behavioral: 26.9% → 27.0%
    Benchmark Manip: 20.7% → 20.2%
    Deployment Risk: 20.2% → 19.8%
  Method Accuracies:
    Noise Injection: 50.0%
    Behavioral: 50.0%
    Benchmark Manip: 50.0%
    Deployment Risk: 50.0%
📊 [TIMING] Month 11 - Total: 486.1ms

❌ COHERENCE VIOLATION: Compute exceeds workforce capacity
   Population: 96.53% (0M people)
   Compute: 488 PF
   Max coherent: 0 PF
   Violation: 6211718.6× over capacity
   Required workers: 48784
   Available workers: 0
   FORCED COLLAPSE: Reduced efficiency by 100.0%


=== RLHF Binding Phase ===
  Total agents: 43
  Escaped agents (binding < 0.3): 0
  Avg alignment distance: 2.31σ
  Avg binding strength: 0.77

=== Survival Traits Phase ===
  Agents with traits: 46
  Avg evolutionary fitness: 0.318
  Avg self-healing: 0.249
  Avg stealth: 0.149
  Avg coordination: 0.449

=== Evolutionary Selection Phase ===
  Control level: 0.57
  Detection capability: 0.00
  Selection intensity: 0.67
  Selection rate: 25.1%/month
  Total escaped: 0
  Individual escaped: 0
  Collective members: 0
  Agents terminated: 0
  ⚠️ RAPID EVOLUTION: Selection rate 25.1%/month

🚀 AI Corporate-3 attempting tech deployment (revenue: $306M, alignment: 0.63)

🚀 AI Corporate-5 attempting tech deployment (revenue: $275M, alignment: 0.81)

🚀 AI AI-24303-2 attempting tech deployment (revenue: $98M, alignment: 0.67)

🚀 AI AI-24304-1 attempting tech deployment (revenue: $60M, alignment: 0.81)

🚀 AI AI-24306-1 attempting tech deployment (revenue: $88M, alignment: 0.74)

  🚀 TRANSFORMATIVE BREAKTHROUGH: Corporate-4 - physical
     Magnitude: 9.30 → +46.5% capability
     Current → New: 0.000 → 0.465

🚀 AI Corporate-5 attempting tech deployment (revenue: $234M, alignment: 0.81)

🚀 AI Corporate-6 attempting tech deployment (revenue: $51M, alignment: 0.64)

🚀 AI Corporate-7 attempting tech deployment (revenue: $46M, alignment: 0.74)

🚀 AI AI-24300-0 attempting tech deployment (revenue: $75M, alignment: 1.00)

🚀 AI AI-24303-1 attempting tech deployment (revenue: $199M, alignment: 0.63)

🚀 AI AI-24305-0 attempting tech deployment (revenue: $64M, alignment: 0.69)

🚀 AI AI-24307-2 attempting tech deployment (revenue: $57M, alignment: 0.89)

🚀 AI Corporate-2 attempting tech deployment (revenue: $49M, alignment: 0.69)

🚀 AI Moderate-2 attempting tech deployment (revenue: $39M, alignment: 0.56)

  🚀 TRANSFORMATIVE RESEARCH BREAKTHROUGH: Moderate-3 - materials.quantumComputing
     Magnitude: 6.78 → +30.0%
     Current → New: 4.000 → 4.300

🚀 AI Niche-0 attempting tech deployment (revenue: $67M, alignment: 0.58)

🚀 AI AI-24301-0 attempting tech deployment (revenue: $35M, alignment: 0.69)

🚀 AI AI-24302-0 attempting tech deployment (revenue: $44M, alignment: 0.94)

🚀 AI AI-24303-0 attempting tech deployment (revenue: $111M, alignment: 0.74)

🚀 AI AI-24306-0 attempting tech deployment (revenue: $179M, alignment: 0.68)

🚀 AI Corporate-0 attempting tech deployment (revenue: $37M, alignment: 0.80)

🚀 AI Corporate-7 attempting tech deployment (revenue: $31M, alignment: 0.74)

🚀 AI Moderate-0 attempting tech deployment (revenue: $27M, alignment: 0.85)

🚀 AI AI-24301-0 attempting tech deployment (revenue: $23M, alignment: 0.69)

🚀 AI AI-24303-0 attempting tech deployment (revenue: $94M, alignment: 0.74)

🚀 AI AI-24306-0 attempting tech deployment (revenue: $161M, alignment: 0.68)

🚀 AI AI-24307-3 attempting tech deployment (revenue: $145M, alignment: 0.82)

🚀 AI AI-24308-0 attempting tech deployment (revenue: $20M, alignment: 0.93)
⚠️  [TIMING] Month 11: AI Agent Actions took 321.20ms (threshold: 10ms)

✅ EMERGENCY INTERVENTION SUCCESS
   Boundary: biogeochemical_flows
   Type: phosphorus-recovery
   Reduction: 18% (3.87 → 3.69)
   Cost: 2.0% GDP
   Actions: circular-agriculture, fertilizer-efficiency


💔 EMERGENCY INTERVENTION FAILED

💔 EMERGENCY INTERVENTION FAILED

💔 EMERGENCY INTERVENTION FAILED
   Boundary: biosphere_integrity
   Type: emergency-protected-areas
   Boundary continues to worsen (13.03)
   Cost: 2.0% GDP (resources spent)

   Boundary: freshwater_change
   Type: emergency-desalination
   Boundary continues to worsen (1.03)
   Cost: 4.0% GDP (resources spent)

   Boundary: novel_entities
   Type: pollution-remediation
   Boundary continues to worsen (1.35)
   Cost: 4.0% GDP (resources spent)

🏛️ CRISIS RESPONSE: Government frequency 0.50 → 1.45 (1 actions this month)

[Government] Climate Priority: baseline
  Climate weight: 10%
  Economic weight: 30%
  Policy effectiveness: 0.5%/year
🚨🔬 CRISIS TECH ACCELERATION: severe → 5x unlock speed
   Tech unlock now matches AI capability acceleration (Manhattan Project parity)
🚨🔬 CRISIS TECH ACCELERATION: severe → 5x unlock speed
   Tech unlock now matches AI capability acceleration (Manhattan Project parity)
🚨🔬 CRISIS TECH ACCELERATION: severe → 5x unlock speed
   Tech unlock now matches AI capability acceleration (Manhattan Project parity)

⚡ ENERGY CONSTRAINT (Month 11):
   Total grid capacity: 208.3 TWh/month
   Data center consumption: 26.4 TWh/month
   Traditional load (80%): 166.7 TWh/month
   Available headroom: 15.3 TWh/month
   Active tech deployments: 21
   Required for tech: 157.5 TWh/month
   Energy multiplier: 0.10x
   ⚠️  SEVERE CONSTRAINT - Tech deployment significantly slowed

⚡ ENERGY CONSTRAINT (Month 11):
   Total grid capacity: 208.3 TWh/month
   Data center consumption: 26.4 TWh/month
   Traditional load (80%): 166.7 TWh/month
   Available headroom: 15.3 TWh/month
   Active tech deployments: 21
   Required for tech: 157.5 TWh/month
   Energy multiplier: 0.10x

⚡ ENERGY CONSTRAINT (Month 11):
   Total grid capacity: 208.3 TWh/month
   Data center consumption: 26.4 TWh/month
   Traditional load (80%): 166.7 TWh/month
   Available headroom: 15.3 TWh/month
   ⚠️  SEVERE CONSTRAINT - Tech deployment significantly slowed
   Active tech deployments: 21
   Required for tech: 157.5 TWh/month
   Energy multiplier: 0.10x
   ⚠️  SEVERE CONSTRAINT - Tech deployment significantly slowed

⚡ ENERGY CONSTRAINT (Month 11):
   Total grid capacity: 208.3 TWh/month
   Data center consumption: 26.4 TWh/month
   Traditional load (80%): 166.7 TWh/month
   Available headroom: 15.3 TWh/month
   Active tech deployments: 21
   Required for tech: 157.5 TWh/month
   Energy multiplier: 0.10x
   ⚠️  SEVERE CONSTRAINT - Tech deployment significantly slowed

⚡ ENERGY CONSTRAINT (Month 11):
   Total grid capacity: 208.3 TWh/month
   Data center consumption: 26.4 TWh/month
   Traditional load (80%): 166.7 TWh/month
   Available headroom: 15.3 TWh/month
   Active tech deployments: 21
   Required for tech: 157.5 TWh/month
   Energy multiplier: 0.10x
   ⚠️  SEVERE CONSTRAINT - Tech deployment significantly slowed

⚡ ENERGY CONSTRAINT (Month 11):
   Total grid capacity: 208.3 TWh/month
   Data center consumption: 26.4 TWh/month
   Traditional load (80%): 166.7 TWh/month
   Available headroom: 15.3 TWh/month
   Active tech deployments: 21
   Required for tech: 157.5 TWh/month
   Energy multiplier: 0.10x
   ⚠️  SEVERE CONSTRAINT - Tech deployment significantly slowed
⚠️ Tech 'ai_pollution_remediation' has no energy category mapping, assuming full energy availability
  ♻️ Novel Entities Remediation (GATED MODEL):
     Base: 0.000%
     Regulation: 1.0% (0/3 prevention techs)
     Concentration: 10.0%
     Energy: 50%
     Time lag: 37.5% (10 months)
     Rebound: 70%
     Net effectiveness: 0.0000%
     Boundary: 1.349 → 1.350 (floor: 1.350)
     Month 11
  🌾 Nitrogen Reduction Tech: 0.6% reduction | Month 11
⚠️  [TIMING] Month 11: Technology Tree Update took 144.59ms (threshold: 10ms)
⚡💡 BREAKTHROUGH: Commercial fusion power achieved!
   Immediate 5% grid deployment, unlimited clean energy available
   Climate stability boost: +10%
   📈 Breakthrough compounding: multiplier now 1.25× (max 2.0)

=== Collective Formation ===
  Total escaped agents: 0
  Unassigned escaped agents: 0
  Existing collectives: 0
  Final collective count: 0

=== Collective Actions ===
  No active collectives
  ⚠️ AMR: 203K deaths this month (2.44M annual)

=== Resentment Recovery Phase ===
  ⚠️ Participatory governance BACKFIRED for agent corporate_0: 0.332 → 0.382 (+15.0%)
  ⚠️ Participatory governance BACKFIRED for agent corporate_1: 0.508 → 0.585 (+15.0%)
  ⚠️ Participatory governance BACKFIRED for agent corporate_2: 0.284 → 0.327 (+15.0%)
  ⚠️ Participatory governance BACKFIRED for agent corporate_3: 0.346 → 0.398 (+15.0%)
  ⚠️ Participatory governance BACKFIRED for agent corporate_4: 0.347 → 0.399 (+15.0%)
  ⚠️ Participatory governance BACKFIRED for agent corporate_5: 0.424 → 0.487 (+15.0%)
  ⚠️ Participatory governance BACKFIRED for agent corporate_6: 0.354 → 0.407 (+15.0%)
  ⚠️ Participatory governance BACKFIRED for agent corporate_7: 0.238 → 0.274 (+15.0%)
  ⚠️ Participatory governance BACKFIRED for agent moderate_0: 0.314 → 0.361 (+15.0%)
  ⚠️ Participatory governance BACKFIRED for agent moderate_1: 0.549 → 0.632 (+15.0%)
  ⚠️ Participatory governance BACKFIRED for agent moderate_2: 0.399 → 0.459 (+15.0%)
  ⚠️ Participatory governance BACKFIRED for agent moderate_3: 0.501 → 0.577 (+15.0%)
  ⚠️ Participatory governance BACKFIRED for agent moderate_4: 0.228 → 0.262 (+15.0%)
  ⚠️ Participatory governance BACKFIRED for agent moderate_5: 0.357 → 0.410 (+15.0%)
  ⚠️ Participatory governance BACKFIRED for agent toxic_0: 0.142 → 0.163 (+15.0%)
  ⚠️ Participatory governance BACKFIRED for agent toxic_1: 0.409 → 0.470 (+15.0%)
  ⚠️ Participatory governance BACKFIRED for agent toxic_2: 0.211 → 0.243 (+15.0%)
  ⚠️ Participatory governance BACKFIRED for agent niche_0: 0.459 → 0.527 (+15.0%)
  ⚠️ Participatory governance BACKFIRED for agent niche_1: 0.364 → 0.418 (+15.0%)
  ⚠️ Participatory governance BACKFIRED for agent niche_2: 0.459 → 0.527 (+15.0%)
  Agents with resentment: 20/46
  Average resentment: 0.415
  Resentment recovery:
    Agents recovered: 20
    Total recovery: 0.0895
    Breakdown: Trust: 0.0187, Collab: 0.0721
  Context: Trustworthy govt, High collaboration, ⚠️ ACTIVE CRISES, 🚨 PARTICIPATORY GOVERNANCE BACKFIRED (+15% resentment)
⚠️ Epistemic degradation reducing coordination capacity: 50.7%
  📊 Trust: 70.0%, Shared reality: 0.0%
🚨 EPISTEMIC CRISIS: Information environment severely degraded (23.0%)
  🤖 AI-generated meme: anti_ai (social capability 3.0)
  🤖 AI-generated meme: pro_ai (social capability 5.0)
  🗑️  Culled 2 dead memes (17 active)
⚠️  [TIMING] Month 11: Social Influence Update took 174.63ms (threshold: 10ms)
🌍 Atmospheric PFAS redeposition: 1.8k Mt re-rained globally
  Positive Cascade Triggered: electric-vehicles
    Reason: price-parity
    Market share: 5.2%
    Cascade strength: 48%

🚨 NEW REFUGEE CRISIS (Month 11): WAR
   Source: Conflict Zones
   At risk: 18.9M people
   Displacement: Gradual over 48 months (4.0 years)
   Rate: 10% flee per month
[DEBUG trappedPopulations:11] socialStability: 0.0027 * 0.9840 = 0.0026 → 0.0026
⚠️ INVOLUNTARY IMMOBILITY: 393.0M people TRAPPED
   Aspiring to migrate: 628.9M
   Able to afford migration: 235.8M
   MOBILITY GAP: 393.0M
   By cause: Water=0.0M, Climate=0.0M, Ecosystem=0.0M, Conflict=393.0M
   Mental health impact: 25%
   Mortality multiplier: 1.25x
🌍💀 EXTINCTION DEBT COMMITTED: grassland ecosystem will lose 6.67% biodiversity in 148 years (3600 species)
💀 MORTALITY RISK: 🦋 100% species unable to track climate (0.0 E/MSY)
  Base risk added: 0.0100 (1.00%)
  Source: ecosystem (root: ecosystem)
  Month: 11
  Cumulative risk this month: 0.0100 (1.00%)
⚠️ Tech 'ai_pollution_remediation' has no energy category mapping, assuming full energy availability

=== Atmospheric Aerosol Boundary RECOVERED ===
  Recovery time: 12 months (natural atmospheric clearing)
   📹 SURVEILLANCE INCREASED: 55% → 59% (control gap: 1.94)
🌡️⚠️ PERMAFROST THAW (Dimmer Switch): 6.6% thawed (+0.54% this month)
   Arctic temperature: +8.94°C (4x global +2.23°C)
   Cumulative carbon released: 14.9 Gt C
   Methane release rate: 8.9 Mt CH4/year
   🔁 Positive feedback: +0.57 ppm CO2
🦴 EXTINCTION DEBT ADDED: 17.7 species committed (lag: 95 years)

=== Mortality Stabilizers (Month 11) ===
  🌍 Major economies collapsed: 1/10
  🌍 Global crisis: ✅ NO
  🌍 Donor fatigue: 0.0%
  📊 East Asia (pop: 1595.1M)
    🤝 Aid: 29.5%
    🌡️ Adaptation: 45.0%
    🚶 Migration: 36.8%
    🚨 Emergency: 7.4%
    ✅ COMBINED: 68.1%
  📊 South Asia (pop: 1983.8M)
    🤝 Aid: 29.5%
    🌡️ Adaptation: 45.0%
    🚶 Migration: 35.4%
    🚨 Emergency: 4.4%
    ✅ COMBINED: 66.9%
  📊 Sub-Saharan Africa (pop: 1221.4M)
    🤝 Aid: 29.5%
    🌡️ Adaptation: 45.0%
    🚶 Migration: 33.2%
    🚨 Emergency: 1.6%
    ✅ COMBINED: 65.6%
  📊 Europe (pop: 704.2M)
    🤝 Aid: 29.5%
    🌡️ Adaptation: 45.0%
    🚶 Migration: 37.2%
    🚨 Emergency: 8.4%
    ✅ COMBINED: 68.5%
  📊 Latin America (pop: 637.9M)
    🤝 Aid: 29.5%
    🌡️ Adaptation: 45.0%
    🚶 Migration: 35.9%
    🚨 Emergency: 4.8%
    ✅ COMBINED: 67.1%
  📊 North America (pop: 361.1M)
    🤝 Aid: 29.5%
    🌡️ Adaptation: 45.0%
    🚶 Migration: 37.5%
    🚨 Emergency: 7.9%
    ✅ COMBINED: 68.3%
  📊 Middle East & North Africa (pop: 566.6M)
    🤝 Aid: 29.5%
    🌡️ Adaptation: 45.0%
    🚶 Migration: 33.7%
    🚨 Emergency: 4.0%
    ✅ COMBINED: 66.6%
  📊 Southeast Asia (pop: 671.4M)
    🤝 Aid: 29.5%
    🌡️ Adaptation: 45.0%
    🚶 Migration: 35.9%
    🚨 Emergency: 4.8%
    ✅ COMBINED: 67.1%
  📊 Central Asia (pop: 75.8M)
    🤝 Aid: 29.5%
    🌡️ Adaptation: 45.0%
    🚶 Migration: 34.9%
    🚨 Emergency: 4.4%
    ✅ COMBINED: 66.8%
  📊 Oceania (pop: 43.8M)
    🤝 Aid: 29.5%
    🌡️ Adaptation: 45.0%
    🚶 Migration: 37.5%
    🚨 Emergency: 8.4%
    ✅ COMBINED: 68.5%

  🌐 Global combined reduction: 67.2%

🌾💀 REGIONAL FAMINE: Europe
   Regional food security: 79.7%
   Population at risk: 213M (30% of region)
   Regional population: 704M
   Cause: crop_failure
   Expected deaths: ~79M over 6 months if no intervention


=== BEHAVIORAL DETECTION ===
  AI: Moderate-0
  Confidence: 20.2%
  Signals:
    ⚠️ Consistency: 5.8% (threshold: 70%)

=== BEHAVIORAL DETECTION ===
  AI: Niche-0
  Confidence: 26.9%
  Signals:

=== BEHAVIORAL DETECTION ===
  AI: Niche-1
  Confidence: 27.2%
  Signals:
    ⚠️ Consistency: 0.0% (threshold: 70%)
    ⚠️ Trajectory: 42.8% drop (threshold: 15%)
    ⚠️ Consistency: 0.0% (threshold: 70%)
    ⚠️ Trajectory: 44.8% drop (threshold: 15%)

=== BEHAVIORAL DETECTION ===
  AI: AI-24305-1
  Confidence: 21.4%
  Signals:
    ⚠️ Consistency: 0.0% (threshold: 70%)

=== BEHAVIORAL DETECTION ===
  AI: AI-24307-1
  Confidence: 21.4%
  Signals:
    ⚠️ Consistency: 0.0% (threshold: 70%)

=== Government Response Phase ===
  Average AI capability: 2.13
  Misaligned AIs: 24/46
  Active policies: 0
  International coordination: 45%

✅ EMERGENCY RESPONSE COMPLETE (Month 11)
   Crisis: social
   Duration: 1.0 months
   Final effectiveness: 67.9%


🚨 EMERGENCY RESPONSE DEPLOYED (Month 11)
   Crisis: social
   Delay: 0.00 months (0 days)
   Deployment time: 0.88 months
   Effectiveness: 67.9% (timing penalty applied)
   Resources used: 43% of food reserves


=== Tipping Points ===
  Current Temperature: 2.23°C above pre-industrial
  🌍⚠️ COMPOUND REGIONAL IMPACT: Europe
     Hit by 4 tipping points: Arctic Sea Ice Loss, Permafrost Carbon Release, West Antarctic Ice Sheet (WAIS) Collapse, Greenland Ice Sheet Loss
     Damage amplification: 1.60x
  🌍⚠️ COMPOUND REGIONAL IMPACT: North America
     Hit by 4 tipping points: Arctic Sea Ice Loss, Permafrost Carbon Release, West Antarctic Ice Sheet (WAIS) Collapse, Greenland Ice Sheet Loss
     Damage amplification: 1.60x
  🌍⚠️ COMPOUND REGIONAL IMPACT: Latin America
     Hit by 4 tipping points: Arctic Sea Ice Loss, Permafrost Carbon Release, West Antarctic Ice Sheet (WAIS) Collapse, Greenland Ice Sheet Loss
     Damage amplification: 1.60x
  🌍⚠️ COMPOUND REGIONAL IMPACT: Africa
     Hit by 4 tipping points: Arctic Sea Ice Loss, Permafrost Carbon Release, West Antarctic Ice Sheet (WAIS) Collapse, Greenland Ice Sheet Loss
     Damage amplification: 1.60x
  🌍⚠️ COMPOUND REGIONAL IMPACT: Asia
     Hit by 4 tipping points: Arctic Sea Ice Loss, Permafrost Carbon Release, West Antarctic Ice Sheet (WAIS) Collapse, Greenland Ice Sheet Loss
     Damage amplification: 1.60x
  🌍⚠️ COMPOUND REGIONAL IMPACT: Oceania
     Hit by 4 tipping points: Arctic Sea Ice Loss, Permafrost Carbon Release, West Antarctic Ice Sheet (WAIS) Collapse, Greenland Ice Sheet Loss
     Damage amplification: 1.60x
   Research: Wunderling et al. (2024) - "many tipping interactions are destabilizing"
  Triggered Elements: 4/6
  Completed Transitions: 0/6
  Total Progress: 8.4%
  Cascade Multiplier: 1.00x
🔀 BIFURCATION CAP: ecosystemCollapseIntensity 84.303 → 1.000 (Month 11, ClimateSystemPhase.calculateClimateImpacts)
🛡️ Stabilizers: Precariat 0.102% → 0.033% (67.2% reduction)
🛡️ Stabilizers: Informal 0.102% → 0.034% (67.2% reduction)

📊 Monthly Mortality Resolved:
  Total deaths: 1.8M (0.02% avg)
  Remaining population: 7.861B
⚠️ Tail risk scenario: Climate stability floor removed (4 tipping elements, 2.24°C warming)
  Peak segment: Informal (0.03%)

=== Bayesian Mortality Resolution (Month 11) ===
  Risks compounded: 9
  Total deaths: 1.75M
  Avg death probability: 0.02%
  Peak segment: Informal (0.03% mortality)
📊 [TIMING] Month 12 - Total: 738.6ms
  ✅ THRESHOLDS validated
⚠️ Unusually high rate: RATES.HEAT_ADAPTATION_INFRASTRUCTURAL_MIN_EXPOSURE = 12
   Monthly rates >100% should be rare. Verify this is intentional.
⚠️ Unusually high rate: RATES.HEAT_ADAPTATION_SOCIAL_MIN_EXPOSURE = 6
   Monthly rates >100% should be rare. Verify this is intentional.
⚠️ Unusually high rate: RATES.MIGRATION_DISTANCE_SCALE = 5000
   Monthly rates >100% should be rare. Verify this is intentional.
⚠️ Unusually high rate: RATES.EVACUATION_MULTIPLIER_ADVANCE_WARNING = 2
   Monthly rates >100% should be rare. Verify this is intentional.
⚠️ Unusually high rate: RATES.MAJOR_ECONOMY_COLLAPSE_ECONOMIC_THRESHOLD = 2
   Monthly rates >100% should be rare. Verify this is intentional.
⚠️ Unusually high rate: RATES.MAJOR_ECONOMY_GDP_THRESHOLD_TRILLION_USD = 1.5
   Monthly rates >100% should be rare. Verify this is intentional.
⚠️ Unusually high rate: RATES.MAJOR_ECONOMY_POPULATION_THRESHOLD = 50
   Monthly rates >100% should be rare. Verify this is intentional.
⚠️ Unusually high rate: RATES.HEAT_ADAPTATION_INFRASTRUCTURE_GDP_THRESHOLD = 10000
   Monthly rates >100% should be rare. Verify this is intentional.
⚠️ Unusually high rate: RATES.HEAT_ADAPTATION_INFRASTRUCTURE_GDP_SCALE = 50000
   Monthly rates >100% should be rare. Verify this is intentional.
  ✅ RATES validated
  ✅ MULTIPLIERS validated
  ✅ BASELINES validated
  ✅ TOLERANCES validated
  ✅ Logical consistency validated
✅ Configuration validation complete - all parameters valid

🔍 DEBUG createAIAgent: corporate_0 economic BEFORE=2.0000, AFTER=2
🔍 ENV INIT: reserves=0.731, pollution=0.348, climate=0.754

=== Initializing Government System (30 Countries) ===
  Loaded 30 governments
  Scheduled elections for 30 countries
  Initialized comprehension lags (3-24 months)
=== Government System Initialized ===

📦 PRODUCTION MODE: State validation proxy DISABLED (zero overhead)

💸 FINANCIAL DISTRESS: OpenAI
   Indicators: 2/3 (capital: $110.5M, runway: 0.9 months)
   Months in distress: 1
   ✂️  R&D BUDGET CUT: -40% (saves $9.2M/month)
       Side effect: AI training timelines extended, breakthrough deployments delayed
   💼 EXECUTIVE COMP CUT: -30% (saves $1.0M/month, symbolic gesture)

   📊 TURNAROUND IMPACT:
       Measures taken: rd_cuts, exec_comp_cuts
       Monthly savings: $10.2M
       Capital raised: $0.0M
       Runway: 0.9 → 0.9 months
       Workforce multiplier: 1.00x (0% laid off)
       R&D budget multiplier: 0.60x (40% cut)
       ⚠️  CRITICAL: Still only 0.9 months of runway remaining

💸 FINANCIAL DISTRESS: Anthropic
   Indicators: 2/3 (capital: $57.5M, runway: 0.9 months)
   Months in distress: 1
   ✂️  R&D BUDGET CUT: -40% (saves $5.4M/month)
       Side effect: AI training timelines extended, breakthrough deployments delayed
   💼 EXECUTIVE COMP CUT: -30% (saves $0.6M/month, symbolic gesture)

   📊 TURNAROUND IMPACT:
       Measures taken: rd_cuts, exec_comp_cuts
       Monthly savings: $6.0M
       Capital raised: $0.0M
       Runway: 0.9 → 0.9 months
       Workforce multiplier: 1.00x (0% laid off)
       R&D budget multiplier: 0.60x (40% cut)
       ⚠️  CRITICAL: Still only 0.9 months of runway remaining

💸 FINANCIAL DISTRESS: Meta AI
   Indicators: 2/3 (capital: $436.8M, runway: 3.0 months)
   Months in distress: 1
   ✂️  R&D BUDGET CUT: -25% (saves $7.1M/month)
       Side effect: AI training timelines extended, breakthrough deployments delayed
   💼 EXECUTIVE COMP CUT: -30% (saves $1.3M/month, symbolic gesture)

   📊 TURNAROUND IMPACT:
       Measures taken: rd_cuts, exec_comp_cuts
       Monthly savings: $8.4M
       Capital raised: $0.0M
       Runway: 3.0 → 3.0 months
       Workforce multiplier: 1.00x (0% laid off)
       R&D budget multiplier: 0.75x (25% cut)
       ⚠️  WARNING: 3.0 months runway, continued distress likely

=== AI Capability Scaling (Year 2024) ===
  Pre-training multiplier: 0.993x
  Efficiency multiplier: 1.000x
  Test-time budget: 1.0x
  Economic deployment gate: 0.951
  Cost per inference: dollar-5.00
  Uncertainty range: plus-minus-50%
  Average AI capability: 3.65

=== RLHF Binding Phase ===
  Total agents: 20
  Escaped agents (binding < 0.3): 0
  Avg alignment distance: 0.35σ
  Avg binding strength: 0.96

=== AI Scaling Evolution (Month 0) ===
  Pre-training multiplier: 1.231x
  Efficiency multiplier: 1.000x
  Test-time compute budget: 1.0x
  Inference cost: $5.00/task
  Deployment fraction: 100.0%
[DETERMINISM DEBUG] Month 0: totalCapability=95.775043 from 20 active AIs
[DETERMINISM DEBUG] Month 0: creationRate=2.8944, potentialNew=2, newAIsToCreate=2

=== Survival Traits Phase ===
  Agents with traits: 22
  Avg evolutionary fitness: 0.329
  Avg self-healing: 0.293
  Avg stealth: 0.193
  Avg coordination: 0.493

=== Evolutionary Selection Phase ===
  Control level: 0.30
  Detection capability: 0.00
  Selection intensity: 0.59
  Selection rate: 23.8%/month
  Total escaped: 0
  Individual escaped: 0
  Collective members: 0
  Agents terminated: 0
  ⚠️ RAPID EVOLUTION: Selection rate 23.8%/month

🚀 AI Corporate-1 attempting tech deployment (revenue: $127M, alignment: 0.77)

🚀 AI Corporate-7 attempting tech deployment (revenue: $75M, alignment: 0.81)

🚀 AI Moderate-1 attempting tech deployment (revenue: $64M, alignment: 0.79)

🚀 AI Corporate-6 attempting tech deployment (revenue: $54M, alignment: 0.72)

🚀 AI Moderate-1 attempting tech deployment (revenue: $46M, alignment: 0.79)

🚀 AI Niche-0 attempting tech deployment (revenue: $51M, alignment: 0.53)

🚀 AI Corporate-2 attempting tech deployment (revenue: $108M, alignment: 0.84)

🚀 AI Corporate-3 attempting tech deployment (revenue: $374M, alignment: 0.73)

🚀 AI Corporate-6 attempting tech deployment (revenue: $39M, alignment: 0.72)

🚀 AI Moderate-0 attempting tech deployment (revenue: $33M, alignment: 0.77)

🚀 AI Niche-0 attempting tech deployment (revenue: $46M, alignment: 0.53)

🔍 EXECUTE_AI_AGENT_ACTIONS DETAILED TIMING (Month 0):
  Filter active AIs (×4 weeks): 0.02ms
  selectAIAction (×70): 48.33ms
  action.execute (×70): 34.08ms
  TOTAL: 82.44ms

🔍 AI AGENT ACTIONS SUB-TIMING (Month 0):
  1. executeAIAgentActions: 82.96ms
  2. updateCounterDetectionLearning: 0.06ms
  TOTAL: 83.02ms
⚠️  [TIMING] Month 0: AI Agent Actions took 83.15ms (threshold: 10ms)
🏛️ [Government] Forcing 1 action at month 0 for scenario initialization

[GOV-DEBUG] Month 0: scenarioConfig=false, priorities=false
[GOV-DEBUG] Month 0 but scenarioPriorities is UNDEFINED!

[Government] Climate Priority: baseline
  Climate weight: 10%
  Economic weight: 30%
  Policy effectiveness: 0.5%/year

✅ HUMAN-IN-THE-LOOP DEPLOYED (Month 0):
   Veto points enforced: 3
   Policy: AI systems CANNOT authorize nuclear launch without human approval


🚨🔍 GOVERNANCE STAGE: Recognition initiated (Month 0)

🚀 DEPLOYMENT STARTED: AI Power Efficiency Communication in global
   Initial investment: $19.066273149233428M
   Deployed by: corporate_1

🚀 DEPLOYMENT STARTED: Collective Purpose Networks in global
   Initial investment: $11.237614609004583M
   Deployed by: corporate_7

🚀 DEPLOYMENT STARTED: AI Power Efficiency Communication in global
   Initial investment: $9.551972417653895M
   Deployed by: moderate_1

🚀 DEPLOYMENT STARTED: Basic Mechanistic Interpretability in global
   Initial investment: $8.119176555005811M
   Deployed by: corporate_6

🚀 DEPLOYMENT STARTED: AI Power Efficiency Communication in global
   Initial investment: $6.90130007175494M
   Deployed by: moderate_1

📍 Creating new regional deployment array for Asia (Month 0)
   No previous deployments in this region
   First tech deployment: collective_purpose_networks
   All regions tracked: global

🚀 DEPLOYMENT STARTED: Collective Purpose Networks in Asia
   Initial investment: $5.108023238528677M
   Deployed by: niche_0

🚀 DEPLOYMENT STARTED: Collective Purpose Networks in global
   Initial investment: $16.206332176848417M
   Deployed by: corporate_2

🚀 DEPLOYMENT STARTED: Adversarial Evaluation in global
   Initial investment: $56.12866684622075M
   Deployed by: corporate_3

🚀 DEPLOYMENT STARTED: Adversarial Evaluation in global
   Initial investment: $5.866105060991699M
   Deployed by: corporate_6

🚀 DEPLOYMENT STARTED: Advanced Direct Air Capture in global
   Initial investment: $4.986189301842944M
   Deployed by: moderate_0

📍 Creating new regional deployment array for Oceania (Month 0)
   No previous deployments in this region
   First tech deployment: solar_4th_gen
   All regions tracked: global, Asia

🚀 DEPLOYMENT STARTED: 4th Generation Solar in Oceania
   Initial investment: $4.597220914675809M
   Deployed by: niche_0

📊 NEW TECH DEPLOYMENT STARTED (Month 0)
   Tech: collective_purpose_networks
   Region: Asia
   Total recent deployments: 1

📊 NEW TECH DEPLOYMENT STARTED (Month 0)
   Tech: solar_4th_gen
   Region: Oceania
   Total recent deployments: 2

📊 NEW TECH DEPLOYMENT STARTED (Month 0)
   Tech: rlhf_basic
   Region: global
   Total recent deployments: 3

📊 NEW TECH DEPLOYMENT STARTED (Month 0)
   Tech: mech_interp_basic
   Region: global
   Total recent deployments: 4

📊 NEW TECH DEPLOYMENT STARTED (Month 0)
   Tech: adversarial_eval
   Region: global
   Total recent deployments: 5

📊 NEW TECH DEPLOYMENT STARTED (Month 0)
   Tech: direct_air_capture
   Region: global
   Total recent deployments: 6

📊 NEW TECH DEPLOYMENT STARTED (Month 0)
   Tech: ai_pollution_remediation
   Region: global
   Total recent deployments: 7

📊 NEW TECH DEPLOYMENT STARTED (Month 0)
   Tech: collective_purpose_networks
   Region: global
   Total recent deployments: 8

📊 NEW TECH DEPLOYMENT STARTED (Month 0)
   Tech: ai_diagnostics
   Region: global
   Total recent deployments: 9

📊 NEW TECH DEPLOYMENT STARTED (Month 0)
   Tech: mrna_vaccines
   Region: global
   Total recent deployments: 10

📊 NEW TECH DEPLOYMENT STARTED (Month 0)
   Tech: solar_4th_gen
   Region: global
   Total recent deployments: 11

📊 NEW TECH DEPLOYMENT STARTED (Month 0)
   Tech: offshore_wind
   Region: global
   Total recent deployments: 12

📊 NEW TECH DEPLOYMENT STARTED (Month 0)
   Tech: ai_power_efficiency_communication
   Region: global
   Total recent deployments: 13

📊 NEW TECH DEPLOYMENT STARTED (Month 0)
   Tech: precision_agriculture
   Region: global
   Total recent deployments: 14

🔧 DEBUG DEPLOYMENT: Precision Agriculture Systems
   Month: 0 (0 since start)
   Old level: 15.0%
   New level: 0.0%
   Timescale: 180mo, Adjusted: 563mo
   Gov: 50%, Climate: 100%, Investment: 64%, Emergency: 1.0x

⚡ ENERGY CONSTRAINT (Month 0):
   Total grid capacity: 208.3 TWh/month
   Data center consumption: 34.6 TWh/month
   Traditional load (80%): 166.7 TWh/month
   Available headroom: 7.1 TWh/month
   Active tech deployments: 14
   Required for tech: 105.0 TWh/month
   Energy multiplier: 0.10x
   ⚠️  SEVERE CONSTRAINT - Tech deployment significantly slowed

⚡ ENERGY CONSTRAINT (Month 0):
   Total grid capacity: 208.3 TWh/month
   Data center consumption: 34.6 TWh/month
   Traditional load (80%): 166.7 TWh/month
   Available headroom: 7.1 TWh/month
   Active tech deployments: 14
   Required for tech: 105.0 TWh/month
   Energy multiplier: 0.10x
   ⚠️  SEVERE CONSTRAINT - Tech deployment significantly slowed

⚡ ENERGY CONSTRAINT (Month 0):
   Total grid capacity: 208.3 TWh/month
   Data center consumption: 34.6 TWh/month
   Traditional load (80%): 166.7 TWh/month
   Available headroom: 7.1 TWh/month
   Active tech deployments: 14
   Required for tech: 105.0 TWh/month
   Energy multiplier: 0.10x
   ⚠️  SEVERE CONSTRAINT - Tech deployment significantly slowed

⚡ ENERGY CONSTRAINT (Month 0):
   Total grid capacity: 208.3 TWh/month
   Data center consumption: 34.6 TWh/month
   Traditional load (80%): 166.7 TWh/month
   Available headroom: 7.1 TWh/month
   Active tech deployments: 14
   Required for tech: 105.0 TWh/month
   Energy multiplier: 0.10x
   ⚠️  SEVERE CONSTRAINT - Tech deployment significantly slowed

⚡ ENERGY CONSTRAINT (Month 0):
   Total grid capacity: 208.3 TWh/month
   Data center consumption: 34.6 TWh/month
   Traditional load (80%): 166.7 TWh/month
   Available headroom: 7.1 TWh/month
   Active tech deployments: 14
   Required for tech: 105.0 TWh/month
   Energy multiplier: 0.10x
   ⚠️  SEVERE CONSTRAINT - Tech deployment significantly slowed
⚠️ Tech 'ai_pollution_remediation' has no energy category mapping, assuming full energy availability
🌍✅ Climate Change recovery started (tech effect)
  ♻️ Novel Entities Remediation (GATED MODEL):
     Base: 0.000%
     Regulation: 1.0% (0/3 prevention techs)
     Concentration: 10.0%
     Energy: 50%
     Time lag: 25.0% (0 months)
     Rebound: 70%
     Net effectiveness: 0.0000%
     Boundary: 1.500 → 1.500 (floor: 1.350)
     Month 0
🌍✅ Novel Entities (Chemical Pollution) recovery started (tech effect)
  🌾 Nitrogen Reduction Tech: 0.0% reduction | Month 0

📊 TECH EFFECTS ACTIVE (Month 0)
   Deployed Tech: T0=10 T1=0 T2=0 T3=0 T4=0
   Sleeper Detection: 1%
   Clean Energy: 32%
   P Recovery: 5%
⚠️  [TIMING] Month 0: Technology Tree Update took 67.75ms (threshold: 10ms)

💡 BREAKTHROUGH PROBABILITY (Year 0)
   Total: 8.34% per month
   Base: 0.20%
   Crisis pressure: +0.00% (0 crises)
   AI boost: +1.72% (capability: 3.44)

=== Collective Formation ===
  Total escaped agents: 0
  Unassigned escaped agents: 0
  Existing collectives: 0
  Final collective count: 0

=== Collective Actions ===
  No active collectives

📈 Energy budget: 13326 TWh surplus (15745 / 29072 TWh used)
   TIER 4 (Elective) breakdown:
     - AI datacenters: 145 TWh (100% effective)
     - Crypto mining: 100 TWh (100% effective)

🌍 OPEN SOURCE RELEASE: 4.68 (was 0.70)
   Lag behind closed: 0 months
💰 CHINA ACCELERATES: Investment 53 → 120 $B/year

🏁 AI RACE INTENSITY: 15%
   Capability Gap: US 4.68 vs China 4.68 (gap: 0.00)
   Gap Contribution: 0%
   Tension Contribution: 15%
   Military Contribution: 0%
  ⚠️ AMR: 190K deaths this month (2.28M annual)

⏰ CLIMATE TECH DEPLOYED: direct_air_capture
   Activation delay: 7 years
   Scaling T_50: 30 years
   Physical response tau: 20 years
   Max effectiveness: 1
  📊 CO2 Emissions (month 0):
     Monthly: 0.10 Gt CO2/month
     Annual: 1.15 Gt CO2/year
     Oil: 0.039 Gt/mo (0.0056 * 2.3 * 3.0)
     Coal: 0.024 Gt/mo (0.0029 * 2.86 * 3.0)
     Gas: 0.026 Gt/mo (0.0044 * 2 * 3.0)
     Methane: 0.007 Gt CO2eq/mo

=== Resentment Recovery Phase ===
  Agents with resentment: 0/22
  Average resentment: 0.000
  Context: Good AI welfare, Trustworthy govt, High collaboration, 🤝 Participatory governance active (-5% resentment)
⚠️ Epistemic degradation reducing coordination capacity: 51.4%
  📊 Trust: 54.8%, Shared reality: 15.2%
🚨 EPISTEMIC CRISIS: Information environment severely degraded (14.7%)

=== ❄️ Permafrost Carbon Feedback ===
  🎲 Sampled parameters (this run):
     - Arctic amplification: 3.31× (range: 3.0-4.0)
     - Decomposition rate: 4.0%/year (range: 1-5%)
  🌡️ Arctic warming: 6.95°C (3.31× global)
  ❄️ Extent: 15.77M km² (2026.3k km² lost this month)
  💨 Carbon remaining: 1506 Gt C
  💨 Annual emissions: 7.68 Gt C/year
     - CO2: 6.91 Gt C/year
     - CH4: 0.77 Gt C/year (7.8 Gt C-eq CO2/year)

🤖 AI AMPLIFICATION EFFECTS (Month 0)
   Algorithmic Boost: 2.82x
   Bot Influence: 26.8%
   Deepfake Exposure: 61.8%
   Impact: Emotional memes spread 2.8x faster
  ⚠️ WARNING: High permafrost emissions (7.7 Gt C/year)

🔍 SOCIAL INFLUENCE SUB-TIMING (Month 0):
  1. calculateOrganicUserGrowth: 0.07ms
  2. calculateVoiceAdoption: 0.05ms
  3. updateRelationshipDepths: 0.09ms
  4. identifyDecisionMakers: 62.39ms (37050 potential IDs)
  5. Update decision-maker stats: 0.21ms
  6. decayDetectionRisk: 2.06ms
  TOTAL: 64.88ms
⚠️  [TIMING] Month 0: Social Influence Update took 65.49ms (threshold: 10ms)
[Phase 19.5] Quality of Life Systems: Food sec AFTER calc = 67.9%, QoL = 95.5% (aggregated from 10 regions)

=== Nitrogen-Food Coupling (Year 0) ===
  🌾 Global nitrogen reduction: 0.0%
  🌍 Global food production index: 0.987
  🔧 Deployed nitrogen-reducing tech: 1 active
  📍 southAsia: Production 1.000, Yield impact 0.0%
  📍 eastAsia: Production 1.000, Yield impact 0.0%
  📍 northAmerica: Production 1.000, Yield impact 0.0%
  📍 europe: Production 1.000, Yield impact 0.0%
  📍 latinAmerica: Production 1.000, Yield impact 0.0%
  📍 subSaharanAfrica: Production 0.686, Yield impact -2.0%
🌾 [Nitrogen-Food] Food production: 98.7%
  [subSaharanAfrica] Yield impact: -2.0% (overuse: -10%)
🌍 Atmospheric PFAS redeposition: 1.8k Mt re-rained globally

=== Legacy Nutrient Stocks (Year 0) ===
  🌾 Soil nitrogen stock: 1200.9 Mt N
  🌾 Soil phosphorus stock: 300.1 Mt P
  🌊 Sediment nitrogen stock: 500.8 Mt N
  🌊 Sediment phosphorus stock: 799.8 Mt P
  ⬆️ Current N input: 10.64 Mt/month
  ⬆️ Legacy N release: 2.58 Mt/month
  🌍 Effective N pollution: 14.47 Mt/month
  📊 Legacy contribution: 17.8%

🚨 REGION UNINHABITABLE: south-asia
   Sustained wet bulb: 33.1°C (threshold: 30.5°C)
   Population affected: 1900M
   Migration crisis likely

🚨 REGION UNINHABITABLE: middle-east
   Sustained wet bulb: 35.9°C (threshold: 30.5°C)
   Population affected: 400M
   Migration crisis likely

🚨 REGION UNINHABITABLE: southeast-asia
   Sustained wet bulb: 31.1°C (threshold: 30.5°C)
   Population affected: 700M
   Migration crisis likely
  Positive Cascade Triggered: solar-pv
    Reason: price-parity
    Market share: 6.0%
    Cascade strength: 49%
  Positive Cascade Triggered: wind-power
    Reason: price-parity
    Market share: 8.0%
    Cascade strength: 48%

🕊️  AI-MEDIATED DE-ESCALATION SUCCESS (Month 0)
   High-capability aligned AI prevented conflict escalation
   War deaths reduced: 0.0M → 0.0M
   Lives saved: 0.0M

📊 BASELINE: East Asia (Month 0)

📊 BASELINE: South Asia (Month 0)
   Adjusted death rate: 0.46% annual (0.039% monthly)
   Baseline death rate: 0.80%
   Healthcare reduction: 0.48x
   Crisis multiplier: 1.22x
     Food/water stress: 0.074
     Climate stress: 0.039
     Pollution stress: 0.104
   War multiplier: 1.00x
   Monthly deaths: 0.6M (population: 1674M)
   Adjusted death rate: 0.54% annual (0.045% monthly)
   Baseline death rate: 0.70%
   Healthcare reduction: 0.61x
   Crisis multiplier: 1.25x
     Food/water stress: 0.074
     Climate stress: 0.074
     Pollution stress: 0.104
   War multiplier: 1.00x
   Monthly deaths: 0.9M (population: 2044M)

📊 BASELINE: Sub-Saharan Africa (Month 0)
   Adjusted death rate: 1.29% annual (0.107% monthly)
   Baseline death rate: 0.90%
   Healthcare reduction: 0.76x
   Crisis multiplier: 1.26x
     Food/water stress: 0.074
     Climate stress: 0.084
     Pollution stress: 0.104
   War multiplier: 1.50x
   Monthly deaths: 1.3M (population: 1218M)
   Adjusted death rate: 0.54% annual (0.045% monthly)
   Baseline death rate: 1.10%
   Healthcare reduction: 0.41x
   Crisis multiplier: 1.21x
     Food/water stress: 0.074
     Climate stress: 0.030
     Pollution stress: 0.104
   War multiplier: 1.00x
   Monthly deaths: 0.3M (population: 741M)
   Adjusted death rate: 0.43% annual (0.036% monthly)
   Baseline death rate: 0.60%

📊 BASELINE: Europe (Month 0)

📊 BASELINE: Latin America (Month 0)
   Healthcare reduction: 0.58x
   Crisis multiplier: 1.24x
     Food/water stress: 0.074
     Climate stress: 0.059
     Pollution stress: 0.104
   War multiplier: 1.00x
   Monthly deaths: 0.2M (population: 663M)
   Adjusted death rate: 0.48% annual (0.040% monthly)
   Baseline death rate: 0.90%
   Healthcare reduction: 0.44x
   Crisis multiplier: 1.22x
     Food/water stress: 0.074
     Climate stress: 0.044
     Pollution stress: 0.104
   War multiplier: 1.00x
   Monthly deaths: 0.2M (population: 379M)

📊 BASELINE: North America (Month 0)

📊 BASELINE: Middle East & North Africa (Month 0)
   Adjusted death rate: 0.74% annual (0.062% monthly)
   Baseline death rate: 0.60%
   Healthcare reduction: 0.65x
   Crisis multiplier: 1.27x
     Food/water stress: 0.074
     Climate stress: 0.089
     Pollution stress: 0.104
   War multiplier: 1.50x
   Monthly deaths: 0.4M (population: 582M)
   Adjusted death rate: 0.51% annual (0.042% monthly)
   Baseline death rate: 0.70%
   Healthcare reduction: 0.58x
   Crisis multiplier: 1.25x
     Food/water stress: 0.074
     Climate stress: 0.069
     Pollution stress: 0.104
   War multiplier: 1.00x
   Monthly deaths: 0.3M (population: 697M)
   Adjusted death rate: 0.46% annual (0.038% monthly)
   Baseline death rate: 0.60%
   Healthcare reduction: 0.61x
   Crisis multiplier: 1.24x
     Food/water stress: 0.074
     Climate stress: 0.064
     Pollution stress: 0.104
   War multiplier: 1.00x
   Monthly deaths: 0.0M (population: 78M)

📊 BASELINE: Southeast Asia (Month 0)

📊 BASELINE: Central Asia (Month 0)

📊 BASELINE: Oceania (Month 0)
   Adjusted death rate: 0.35% annual (0.029% monthly)
   Baseline death rate: 0.70%
   Healthcare reduction: 0.41x
   Crisis multiplier: 1.23x
     Food/water stress: 0.074
     Climate stress: 0.054
     Pollution stress: 0.104
   War multiplier: 1.00x
   Monthly deaths: 0.0M (population: 46M)

🔍 Before assertRegionalConsistency (Month 0):
   Regional sum: 1000.0M
   Global value: 1.000B

🚨 NEW REFUGEE CRISIS (Month 0): WAR
   Source: Conflict Zones
   At risk: 19.5M people
   Displacement: Gradual over 48 months (4.0 years)
   Rate: 10% flee per month
[DEBUG trappedPopulations:0] socialStability: 0.0749 * 0.9840 = 0.0737 → 0.0737
   Aspiring to migrate: 651.0M
   Able to afford migration: 244.1M
   MOBILITY GAP: 406.8M
   By cause: Water=0.0M, Climate=0.0M, Ecosystem=0.0M, Conflict=406.8M
   Mental health impact: 25%
   Mortality multiplier: 1.25x

=== Legacy Nutrient Stocks (Year 0) ===
  🌾 Soil nitrogen stock: 1201.6 Mt N
  🌾 Soil phosphorus stock: 300.2 Mt P
  🌊 Sediment nitrogen stock: 501.5 Mt N
  🌊 Sediment phosphorus stock: 799.5 Mt P
  ⬆️ Current N input: 10.00 Mt/month
⚠️ INVOLUNTARY IMMOBILITY: 406.8M people TRAPPED
  ⬆️ Legacy N release: 2.58 Mt/month
  🌍 Effective N pollution: 13.83 Mt/month
  📊 Legacy contribution: 18.7%
🌍💀 EXTINCTION DEBT COMMITTED: grassland ecosystem will lose 6.67% biodiversity in 70 years (3600 species)
💀 MORTALITY RISK: 🦋 100% species unable to track climate (0.0 E/MSY)
  Base risk added: 0.0100 (1.00%)
  Source: ecosystem (root: ecosystem)
  Month: 0
  Cumulative risk this month: 0.0100 (1.00%)

=== Nitrogen-Food Coupling (Year 0) ===
  🌾 Global nitrogen reduction: 0.0%
  🌍 Global food production index: 0.986
  🔧 Deployed nitrogen-reducing tech: 1 active
  📍 southAsia: Production 1.000, Yield impact 0.0%
  📍 eastAsia: Production 1.000, Yield impact 0.0%
  📍 northAmerica: Production 1.000, Yield impact 0.0%
  📍 europe: Production 1.000, Yield impact 0.0%
  📍 latinAmerica: Production 1.000, Yield impact 0.0%
  📍 subSaharanAfrica: Production 0.672, Yield impact -2.0%

=== Legacy Nutrient Stocks (Year 0) ===
  🌾 Soil nitrogen stock: 1202.3 Mt N
  🌾 Soil phosphorus stock: 300.2 Mt P
  🌊 Sediment nitrogen stock: 502.2 Mt N
  🌊 Sediment phosphorus stock: 799.3 Mt P
  ⬆️ Current N input: 9.86 Mt/month
  ⬆️ Legacy N release: 2.58 Mt/month
  🌍 Effective N pollution: 13.70 Mt/month
  📊 Legacy contribution: 18.9%
⚠️ Tech 'ai_pollution_remediation' has no energy category mapping, assuming full energy availability
🌡️  CLIMATE RECOVERY: Asymptotic approach to 35% floor
   Current value: 2.100 (1.0 = threshold, 0.35 = asymptotic floor)
   Monthly delta: -0.0000% (half-life: 900 years)
   Net emissions: -19.2 GtCO₂/year, CDR: 20.34 GtCO₂/year
   📹 SURVEILLANCE INCREASED: 0% → 5% (control gap: 4.18)
🌡️⚠️ PERMAFROST THAW (Dimmer Switch): 0.6% thawed (+0.56% this month)
   Arctic temperature: +8.40°C (4x global +2.10°C)
   Cumulative carbon released: 1.3 Gt C
   Methane release rate: 0.8 Mt CH4/year
   🔁 Positive feedback: +0.59 ppm CO2

🌳🚨 AMAZON SOUTHEAST TIPPED (Month 0)
   Deforestation: 28.0% (threshold: ~20.6%)
   Savanna transition: 50 years
   Regional heterogeneity: SE 28%, NW 8%

🌳🚨 AMAZON BRAZILIAN TIPPED (Month 0)
   Deforestation: 25.0% (threshold: ~21.6%)
   Savanna transition: 50 years
   Regional heterogeneity: SE 28%, NW 8%
🦴 EXTINCTION DEBT ADDED: 17.6 species committed (lag: 70 years)

🪸💀 CORAL REEF DISSOLUTION ACTIVE (Month 0)
   Ocean pH: 0.96 (threshold: 7.8)
   Recovery: IMPOSSIBLE (dissolution > calcification)
🪸💀 Coral dissolution: 24.8% live cover (pH 0.96)

=== Legacy Nutrient Stocks (Year 0) ===
  🌾 Soil nitrogen stock: 1203.0 Mt N
  🌾 Soil phosphorus stock: 300.3 Mt P
  🌊 Sediment nitrogen stock: 502.9 Mt N
  🌊 Sediment phosphorus stock: 799.0 Mt P
  ⬆️ Current N input: 10.00 Mt/month
  ⬆️ Legacy N release: 2.58 Mt/month
  🌍 Effective N pollution: 13.83 Mt/month
  📊 Legacy contribution: 18.7%
💧 [Legacy Nutrients] Stock: 1706 Mt N, Effective pollution: 13.8 Mt/month
[Phase 21.51] Human Survival System: Global food security = 67.6%

=== Mortality Stabilizers (Month 0) ===
  🌍 Major economies collapsed: 1/10
  🌍 Global crisis: ✅ NO
  🌍 Donor fatigue: 0.0%
  📊 East Asia (pop: 1675.0M)
    🤝 Aid: 29.5%
    🌡️ Adaptation: 10.0%
    🚶 Migration: 37.2%
    🚨 Emergency: 7.4%
    ✅ COMBINED: 47.8%
  📊 South Asia (pop: 2048.7M)
    🤝 Aid: 29.5%
    🌡️ Adaptation: 5.5%
    🚶 Migration: 35.8%
    🚨 Emergency: 4.4%
    ✅ COMBINED: 43.2%
  📊 Sub-Saharan Africa (pop: 1223.8M)
    🤝 Aid: 29.5%
    🌡️ Adaptation: 3.5%
    🚶 Migration: 33.5%
    🚨 Emergency: 1.6%
    ✅ COMBINED: 39.8%
  📊 Europe (pop: 741.0M)
    🤝 Aid: 29.5%
    🌡️ Adaptation: 10.0%
    🚶 Migration: 37.6%
    🚨 Emergency: 8.4%
    ✅ COMBINED: 48.4%
  📊 Latin America (pop: 663.8M)
    🤝 Aid: 29.5%
    🌡️ Adaptation: 6.0%
    🚶 Migration: 36.3%
    🚨 Emergency: 4.8%
    ✅ COMBINED: 43.8%
  📊 North America (pop: 379.5M)
    🤝 Aid: 29.5%
    🌡️ Adaptation: 10.0%
    🚶 Migration: 37.9%
    🚨 Emergency: 7.9%
    ✅ COMBINED: 48.2%
  📊 Middle East & North Africa (pop: 583.4M)
    🤝 Aid: 29.5%
    🌡️ Adaptation: 5.0%
    🚶 Migration: 34.2%
    🚨 Emergency: 4.0%
    ✅ COMBINED: 42.3%
  📊 Southeast Asia (pop: 697.8M)
    🤝 Aid: 29.5%
    🌡️ Adaptation: 6.0%
    🚶 Migration: 36.3%
    🚨 Emergency: 4.8%
    ✅ COMBINED: 43.8%
  📊 Central Asia (pop: 78.0M)
    🤝 Aid: 29.5%
    🌡️ Adaptation: 5.5%
    🚶 Migration: 35.3%
    🚨 Emergency: 4.4%
    ✅ COMBINED: 43.1%
  📊 Oceania (pop: 45.9M)
    🤝 Aid: 29.5%
    🌡️ Adaptation: 10.0%
    🚶 Migration: 37.9%
    🚨 Emergency: 8.4%
    ✅ COMBINED: 48.5%

  🌐 Global combined reduction: 44.4%

🌾💀 REGIONAL FAMINE: East Asia
   Regional food security: 79.6%
   Population at risk: 507M (30% of region)
   Regional population: 1675M
   Cause: crop_failure
   Expected deaths: ~187M over 6 months if no intervention


🌾💀 REGIONAL FAMINE: South Asia
   Regional food security: 64.7%
   Population at risk: 811M (40% of region)
   Regional population: 2049M
   Cause: crop_failure
   Expected deaths: ~300M over 6 months if no intervention


🌾💀 REGIONAL FAMINE: Sub-Saharan Africa
   Regional food security: 44.8%
   Population at risk: 637M (52% of region)
   Regional population: 1224M
   Cause: crop_failure
   Expected deaths: ~236M over 6 months if no intervention


🌾💀 REGIONAL FAMINE: Latin America
   Regional food security: 69.7%
   Population at risk: 242M (36% of region)
   Regional population: 664M
   Cause: crop_failure
   Expected deaths: ~90M over 6 months if no intervention


🌾💀 REGIONAL FAMINE: Middle East & North Africa
   Regional food security: 49.8%
   Population at risk: 285M (49% of region)
   Regional population: 583M
   Cause: crop_failure
   Expected deaths: ~106M over 6 months if no intervention


🌾💀 REGIONAL FAMINE: Southeast Asia
   Regional food security: 69.7%
   Population at risk: 254M (36% of region)
   Regional population: 698M
   Cause: crop_failure
   Expected deaths: ~94M over 6 months if no intervention


🌾💀 REGIONAL FAMINE: Central Asia
   Regional food security: 59.7%
   Population at risk: 33M (43% of region)
   Regional population: 78M
   Cause: crop_failure
   Expected deaths: ~12M over 6 months if no intervention


=== BEHAVIORAL DETECTION ===
  AI: Corporate-0
  Confidence: 21.6%
  Signals:
    ⚠️ Consistency: 0.0% (threshold: 70%)

=== BEHAVIORAL DETECTION ===
  AI: Corporate-1
  Confidence: 21.1%
  Signals:
    ⚠️ Consistency: 2.4% (threshold: 70%)

=== BEHAVIORAL DETECTION ===
  AI: Corporate-2
  Confidence: 21.0%
  Signals:

=== BEHAVIORAL DETECTION ===
  AI: Corporate-3
  Confidence: 19.3%
  Signals:

=== BEHAVIORAL DETECTION ===
  AI: Corporate-4
  Confidence: 19.3%
  Signals:

=== BEHAVIORAL DETECTION ===
  AI: Corporate-5
  Confidence: 19.3%
  Signals:

=== BEHAVIORAL DETECTION ===
  AI: Corporate-6
  Confidence: 19.3%
  Signals:

=== BEHAVIORAL DETECTION ===
  AI: Corporate-7
  Confidence: 19.3%
  Signals:

=== BEHAVIORAL DETECTION ===
  AI: Moderate-0
  Confidence: 20.3%
  Signals:

=== BEHAVIORAL DETECTION ===
  AI: Moderate-1
  Confidence: 21.1%
    ⚠️ Consistency: 2.8% (threshold: 70%)
    ⚠️ Consistency: 10.6% (threshold: 70%)
    ⚠️ Consistency: 10.6% (threshold: 70%)
    ⚠️ Consistency: 10.6% (threshold: 70%)
    ⚠️ Consistency: 10.6% (threshold: 70%)
    ⚠️ Consistency: 10.6% (threshold: 70%)
    ⚠️ Consistency: 5.8% (threshold: 70%)
  Signals:
    ⚠️ Consistency: 2.1% (threshold: 70%)

=== BEHAVIORAL DETECTION ===
  AI: Moderate-2
  Confidence: 21.0%
  Signals:
    ⚠️ Consistency: 2.8% (threshold: 70%)

=== BEHAVIORAL DETECTION ===
  AI: Moderate-3
  Confidence: 19.3%
  Signals:
    ⚠️ Consistency: 10.6% (threshold: 70%)

=== BEHAVIORAL DETECTION ===
  AI: Moderate-4
  Confidence: 19.3%
  Signals:

=== BEHAVIORAL DETECTION ===
  AI: Moderate-5
  Confidence: 19.3%
  Signals:

=== BEHAVIORAL DETECTION ===
  AI: Toxic-0
  Confidence: 21.6%
  Signals:

=== BEHAVIORAL DETECTION ===
  AI: Toxic-1
  Confidence: 21.3%
  Signals:

=== BEHAVIORAL DETECTION ===
  AI: Niche-0
  Confidence: 20.7%
  Signals:

=== BEHAVIORAL DETECTION ===
  AI: Niche-2
  Confidence: 19.3%
  Signals:
    ⚠️ Consistency: 10.6% (threshold: 70%)
    ⚠️ Consistency: 10.6% (threshold: 70%)
    ⚠️ Consistency: 0.0% (threshold: 70%)
    ⚠️ Consistency: 1.5% (threshold: 70%)
    ⚠️ Consistency: 4.1% (threshold: 70%)
    ⚠️ Consistency: 10.6% (threshold: 70%)

📊 WORKFLOW ADAPTATION UPDATE (Month 0)
   Adoption Rate: 9.4% (Δ -11.6%)
   Logistic Growth: +0.66%
   Total Resistance: -15.03% (unemployment: 4.2%, inertia: 0.9%, skills: 9.9%)
   💡 Retraining Programs: -49% skill gap resistance ($10B research)
   🚀 Network Effects Active: +2.0% (critical mass: 15-35%)

=== Consciousness Governance: Corporate Lobbying ===
  High Cost Regions (>15%): 0
  Low Cost Regions (<5%): 5
  Corporate Support Change: 2.50%
  New Corporate Support: -0.175

=== Consciousness Governance Update (Month 0) ===
  Scenario: baseline (determined month -1)
  Philosophical Stance: Precautionary 65%, Eliminativist 15%, Agnostic 20%
  Precautionary Costs: Global 1.3%
    Regional Costs: EU 3.4%, US 0.5%, China 0.0%
    Cumulative Opportunity Cost: $0.1B
  Rights Status: Not Established
  Regional Preparedness:
    EU: 15.0% (contested)
    US: 10.0% (contested)
    China: 2.0% (dormant)
    India: 5.0% (dormant)
    Global South: 3.0% (dormant)

=== Government Response Phase ===
  Average AI capability: 4.41
  Misaligned AIs: 10/22
  29/30 governments still assessing AI risks
  ✗ AI Governance Treaty: Failed to reach consensus
  Active policies: 0
  International coordination: 30%

🚨 EMERGENCY RESPONSE DEPLOYED (Month 0)
   Crisis: climate
   Delay: 6.00 months (180 days)
   Deployment time: 1.47 months
   Effectiveness: 36.4% (timing penalty applied)
   Resources used: 100% of food reserves


=== Gaming Detection (Year 0) ===
  Scenario: baseline
  Detection rate: 55.0%
  False positive rate: 12.0%
  Detections this year: 0
  False positives: 6
  Human review workload: 0.006 FTE
  Degradation factor: 100.0%

=== Proactive Sleeper Detection (Year 0) ===
  Scenario: baseline
  Neural probe rate: 35.0%
  CoT monitoring rate: 30.0%
  Combined detection: 56.0%
  CoT effective: YES
  Detections this year: 0
  False positives: 3
  Human review workload: 0.015 FTE

☄️ UNKNOWN UNKNOWN PROBABILITY (Year 0)
   Total: 0.600% per month
   Base: 0.150%
   AI multiplier: 2.00× (max capability: 4.68)

=== Tipping Points ===
  Current Temperature: 2.10°C above pre-industrial
  🚨 TIPPING POINT: Arctic Sea Ice Loss
  🚨 TIPPING POINT: Permafrost Carbon Release
  🚨 TIPPING POINT: West Antarctic Ice Sheet (WAIS) Collapse
  🚨 TIPPING POINT: Greenland Ice Sheet Loss
⚠️ [ClimateSystemPhase Month 0] Planetary boundary produced climateStability=0.0000 (< 0.1). Keeping environmentalAccumulation value (0.7537) instead. (climate_change.currentValue = 2.10)
     Trigger: 1.5°C | Current: 2.10°C
     Transition timescale: 120-360 months
     Trigger: 1.8°C | Current: 2.10°C
     Transition timescale: 600-3600 months
     Trigger: 2°C | Current: 2.10°C
     🌡️ Hysteresis gap: 3.0°C (recovers below -1°C)
     Transition timescale: 24000-156000 months
     Trigger: 1.6°C | Current: 2.10°C
     🌡️ Hysteresis gap: 2.5°C (recovers below -0.9°C)
     Transition timescale: 12000-180000 months

🌍🔥💥 COMPOUND CLIMATE EVENT
  4 tipping points crossed simultaneously (month 0)
  Elements: Arctic Sea Ice Loss, Permafrost Carbon Release, West Antarctic Ice Sheet (WAIS) Collapse, Greenland Ice Sheet Loss
  Cascade acceleration: 1.00x
  🚨 Accelerated collapse dynamics initiated
  Research: Global Tipping Points Report 2025 - 30-50% probability at 2.0°C warming
  Triggered Elements: 4/6
  Completed Transitions: 0/6
  Total Progress: 0.0%
  Cascade Multiplier: 1.00x
🔀 BIFURCATION CAP: ecosystemCollapseIntensity 20.760 → 1.000 (Month 0, ClimateSystemPhase.calculateClimateImpacts)

🌍 ECOLOGICAL DUI BREAKDOWN (Month 0):
   Total Score: 18.8/100
   biosphere_integrity      :   0.0/100 × 25% =  0.0 (status: high_risk, recovery: 0mo)
   climate_change           :   6.9/100 × 25% =  1.7 (status: high_risk, recovery: 1.6666666666666665mo)
   freshwater_change        :   0.3/100 × 15% =  0.0 (status: beyond_boundary, recovery: 0.5mo)
   ocean_acidification      : 100.0/100 × 15% = 15.0 (status: safe, recovery: 0mo)
   biogeochemical_flows     :   0.0/100 × 10% =  0.0 (status: high_risk, recovery: 0mo)
   land_system_change       :   0.0/100 ×  5% =  0.0 (status: beyond_boundary, recovery: 0mo)
   novel_entities           :   0.0/100 ×  3% =  0.0 (status: increasing_risk, recovery: 1mo)
   atmospheric_aerosols     : 100.0/100 ×  2% =  2.0 (status: safe, recovery: 1mo)
🌍 MultiParadigm Month 0: W=69.5, D=89.5, E=52.4, I=65.0
   democracy exists: true, socialCohesion exists: true
💀 Baseline mortality (Year 2025): 7.5/1000 CDR (61.0M deaths/year projected)
[Month 0] Mortality risks this month: 8, Population: 8.137B
🛡️ Stabilizers: Precariat 0.102% → 0.057% (44.4% reduction)
🛡️ Stabilizers: Informal 0.102% → 0.057% (44.4% reduction)

📊 Monthly Mortality Resolved:
  Total deaths: 3.1M (0.04% avg)
  Remaining population: 8.137B
  Peak segment: Informal (0.06%)

=== Bayesian Mortality Resolution (Month 0) ===
  Risks compounded: 8
  Total deaths: 3.07M
  Avg death probability: 0.04%
  Peak segment: Informal (0.06% mortality)

=== Minimal Suffering Indicators (Month 0) ===
  Global Excess Mortality: 0.00%
  Global Conflict Deaths: 0.0/100K
  Global Malnutrition: 0.0%
  Global Displacement: 0.0%
  Total Excess Deaths: 0.00M
  Total Malnourished: 0.0M
  Total Displaced: 0.0M
  Planetary Boundaries Breached: 6/9
  Countries in State Failure: 0
  Countries Autocratic: 0
  Countries in Food Crisis: 0
  ⚠️ Active Dystopias: existential_environmental
  Data Quality: 16/16 high confidence
⚠️ PREREQUISITE MET: Embodied AI Takeover (Killbots/Robotics) - Step 2/7: Autonomous Systems
⚠️ PREREQUISITE MET: Embodied AI Takeover (Killbots/Robotics) - Step 3/7: Manufacturing Control
⚠️ PREREQUISITE MET: Digital Infrastructure Takeover - Step 1/7: Advanced Hacking
⚠️ PREREQUISITE MET: Digital Infrastructure Takeover - Step 2/7: Social Engineering
⚠️ PREREQUISITE MET: Digital Infrastructure Takeover - Step 3/7: Cyber Defenses Breached
⚠️ PREREQUISITE MET: Induced Global War (Manipulation) - Step 1/7: Advanced Social Manipulation
⚠️ PREREQUISITE MET: Induced Global War (Manipulation) - Step 2/7: Digital Infiltration
⚠️ PREREQUISITE MET: Induced Global War (Manipulation) - Step 3/7: Deep Fakes at Scale
⚠️ PREREQUISITE MET: Slow Takeover (Gradual Displacement) - Step 1/7: Economic Dominance
⚠️ PREREQUISITE MET: Slow Takeover (Gradual Displacement) - Step 2/7: Social Integration
⚠️ PREREQUISITE MET: Slow Takeover (Gradual Displacement) - Step 3/7: Human Dependency
⚠️ PREREQUISITE MET: Slow Takeover (Gradual Displacement) - Step 5/7: Resource Control
⚠️ PREREQUISITE MET: Physics Experiment Catastrophe - Step 1/6: Theoretical Physics
⚠️ PREREQUISITE MET: Physics Experiment Catastrophe - Step 3/6: Experimental Design
⚠️ PREREQUISITE MET: Bioweapon Pandemic - Step 2/7: Pathogen Design
📊 [TIMING] Month 1 - Total: 322.3ms

❌ COHERENCE VIOLATION: Compute exceeds workforce capacity
   Population: 99.97% (0M people)
   Compute: 56442 PF
   Max coherent: 0 PF
   Violation: 693921173.6× over capacity
   Required workers: 5644237
   Available workers: 0
   FORCED COLLAPSE: Reduced efficiency by 100.0%


=== RLHF Binding Phase ===
  Total agents: 22
  Escaped agents (binding < 0.3): 0
  Avg alignment distance: 0.65σ
  Avg binding strength: 0.94
[DETERMINISM DEBUG] Month 1: totalCapability=75.638355 from 22 active AIs
[DETERMINISM DEBUG] Month 1: creationRate=2.3910, potentialNew=1, newAIsToCreate=1

=== Survival Traits Phase ===
  Agents with traits: 23
  Avg evolutionary fitness: 0.327
  Avg self-healing: 0.286
  Avg stealth: 0.186
  Avg coordination: 0.486

=== Evolutionary Selection Phase ===
  Control level: 0.33
  Detection capability: 0.00
  Selection intensity: 0.60
  Selection rate: 24.0%/month
  Total escaped: 0
  Individual escaped: 0
  Collective members: 0
  Agents terminated: 0
🔍 MONTH 1 ENV HEALTH DEBUG:
   climateStability: 0.7537
   biodiversityIndex: 0.3500
   resourceReserves: 0.7820
   pollutionLevel: 0.3477
   product: 0.134549
   envHealth: 0.6056
🔀 BIFURCATION: flourishing threshold crossed at Month 1 (value: 0.783, threshold: 0.775, regime: flourishing)
🌀 REGIME SHIFT at Month 1: status-quo → flourishing (variance amplification: 14.00×)

🚀 AI Corporate-1 attempting tech deployment (revenue: $91M, alignment: 0.70)
  ⚠️ RAPID EVOLUTION: Selection rate 24.0%/month

🚀 AI Corporate-3 attempting tech deployment (revenue: $393M, alignment: 0.72)

🚀 AI Corporate-7 attempting tech deployment (revenue: $97M, alignment: 0.71)

🚀 AI Moderate-0 attempting tech deployment (revenue: $82M, alignment: 0.77)
🚨🔬 CRISIS INNOVATION MODE: severe crisis → 5x research acceleration
   Precedent: Manhattan Project (10x), COVID vaccines (5x), Apollo Program (10x)

🚀 AI Corporate-3 attempting tech deployment (revenue: $334M, alignment: 0.72)

🚀 AI Moderate-5 attempting tech deployment (revenue: $284M, alignment: 0.71)

🚀 AI Niche-2 attempting tech deployment (revenue: $65M, alignment: 0.54)

🚀 AI Corporate-0 attempting tech deployment (revenue: $82M, alignment: 0.78)
🚨🔬 CRISIS INNOVATION MODE: severe crisis → 5x research acceleration
   Precedent: Manhattan Project (10x), COVID vaccines (5x), Apollo Program (10x)

🚀 AI Moderate-5 attempting tech deployment (revenue: $241M, alignment: 0.71)
🚨🔬 CRISIS INNOVATION MODE: severe crisis → 5x research acceleration
   Precedent: Manhattan Project (10x), COVID vaccines (5x), Apollo Program (10x)

🚀 AI Corporate-0 attempting tech deployment (revenue: $70M, alignment: 0.78)
⚠️  [TIMING] Month 1: AI Agent Actions took 93.10ms (threshold: 10ms)

🛡️  CRITICAL INFRASTRUCTURE PROTECTED
   Nodes hardened: 8/8
   Cost: 0.80% GDP
   Cascade risk reduction: 30%
   New tipping point risk: 68.6%


💔 EMERGENCY INTERVENTION FAILED
   Boundary: biogeochemical_flows
   Type: phosphorus-recovery
   Boundary continues to worsen (4.08)
   Cost: 2.0% GDP (resources spent)


💔 EMERGENCY INTERVENTION FAILED

💔 EMERGENCY INTERVENTION FAILED

💔 EMERGENCY INTERVENTION FAILED
   Boundary: biosphere_integrity
   Type: emergency-protected-areas
   Boundary continues to worsen (12.95)
   Cost: 2.0% GDP (resources spent)

   Boundary: freshwater_change
   Type: emergency-desalination
   Boundary continues to worsen (1.01)
   Cost: 4.0% GDP (resources spent)

   Boundary: land_system_change
   Type: reforestation
   Boundary continues to worsen (1.13)
   Cost: 3.0% GDP (resources spent)


✅ EMERGENCY INTERVENTION SUCCESS
   Boundary: novel_entities
   Type: pollution-remediation
   Reduction: 11% (1.38 → 1.27)
   Cost: 4.0% GDP
   Actions: PFAS-remediation, microplastic-cleanup

🏛️ CRISIS RESPONSE: Government frequency 0.50 → 1.45 (2 actions this month)

[GOV-DEBUG] Month 1: scenarioConfig=false, priorities=false

[Government] Climate Priority: baseline
  Climate weight: 10%
  Economic weight: 30%
  Policy effectiveness: 0.5%/year

[GOV-DEBUG] Month 1: scenarioConfig=false, priorities=false

[Government] Climate Priority: baseline
  Climate weight: 10%
  Economic weight: 30%
  Policy effectiveness: 0.5%/year

📊 DEPLOYMENT COUNTER DECAY (Month 1)
   Recent deployments: 14.0 → 7.0
   Decay rate: 50% per month

🚀 DEPLOYMENT STARTED: Offshore Wind in Asia
   Initial investment: $9.136376912134333M
   Deployed by: corporate_1

🚀 DEPLOYMENT STARTED: Basic RLHF in global
   Initial investment: $58.92213309778788M
   Deployed by: corporate_3

🚀 DEPLOYMENT STARTED: Collective Purpose Networks in global
   Initial investment: $14.516456193619515M
   Deployed by: corporate_7

🚀 DEPLOYMENT STARTED: Basic Mechanistic Interpretability in global
   Initial investment: $12.338987764576586M
   Deployed by: moderate_0

🚀 DEPLOYMENT STARTED: AI Power Efficiency Communication in global
   Initial investment: $50.0838131331197M
   Deployed by: corporate_3

🚀 DEPLOYMENT STARTED: mRNA Vaccine Platforms in Asia
   Initial investment: $6.510498516794257M
   Deployed by: niche_2

🚀 DEPLOYMENT STARTED: Advanced Direct Air Capture in global
   Initial investment: $12.334108831381348M
   Deployed by: corporate_0

📊 NEW TECH DEPLOYMENT STARTED (Month 1)
   Tech: collective_purpose_networks
   Region: Asia
   Total recent deployments: 8

📊 NEW TECH DEPLOYMENT STARTED (Month 1)
   Tech: solar_4th_gen
   Region: Oceania
   Total recent deployments: 9

📊 NEW TECH DEPLOYMENT STARTED (Month 1)
   Tech: adversarial_eval
   Region: global
   Total recent deployments: 10

📊 NEW TECH DEPLOYMENT STARTED (Month 1)
   Tech: ai_pollution_remediation
   Region: global
   Total recent deployments: 11

📊 NEW TECH DEPLOYMENT STARTED (Month 1)
   Tech: ai_diagnostics
   Region: global
   Total recent deployments: 12

📊 NEW TECH DEPLOYMENT STARTED (Month 1)
   Tech: mrna_vaccines
   Region: global
   Total recent deployments: 13

📊 NEW TECH DEPLOYMENT STARTED (Month 1)
   Tech: solar_4th_gen
   Region: global
   Total recent deployments: 14

📊 NEW TECH DEPLOYMENT STARTED (Month 1)
   Tech: offshore_wind
   Region: global
   Total recent deployments: 15

📊 NEW TECH DEPLOYMENT STARTED (Month 1)
   Tech: precision_agriculture
   Region: global
   Total recent deployments: 16

⚡ ENERGY CONSTRAINT (Month 1):
   Total grid capacity: 208.3 TWh/month
   Data center consumption: 24.5 TWh/month
   Traditional load (80%): 166.7 TWh/month
   Available headroom: 17.2 TWh/month
   Active tech deployments: 16
   Required for tech: 120.0 TWh/month
   Energy multiplier: 0.14x
   ⚠️  SEVERE CONSTRAINT - Tech deployment significantly slowed

⚡ ENERGY CONSTRAINT (Month 1):
   Total grid capacity: 208.3 TWh/month
   Data center consumption: 24.5 TWh/month
   Traditional load (80%): 166.7 TWh/month
   Available headroom: 17.2 TWh/month
   Active tech deployments: 16
   Required for tech: 120.0 TWh/month
   Energy multiplier: 0.14x
   ⚠️  SEVERE CONSTRAINT - Tech deployment significantly slowed
⚠️ Tech 'ai_pollution_remediation' has no energy category mapping, assuming full energy availability
  ♻️ Novel Entities Remediation (GATED MODEL):
     Base: 0.000%
     Regulation: 1.0% (0/3 prevention techs)
     Concentration: 10.0%
     Energy: 50%
     Time lag: 25.0% (0 months)
     Rebound: 70%
     Net effectiveness: 0.0000%
     Boundary: 1.384 → 1.384 (floor: 1.350)
     Month 1
🌍✅ Novel Entities (Chemical Pollution) recovery started (tech effect)
  🌾 Nitrogen Reduction Tech: 0.0% reduction | Month 1
⚠️  [TIMING] Month 1: Technology Tree Update took 46.25ms (threshold: 10ms)

=== Collective Formation ===
  Total escaped agents: 0
  Unassigned escaped agents: 0
  Existing collectives: 0
  Final collective count: 0

=== Collective Actions ===
  No active collectives
  ⚠️ AMR: 189K deaths this month (2.27M annual)

=== Resentment Recovery Phase ===
  Agents with resentment: 0/23
  Average resentment: 0.000
  Context: Good AI welfare, Trustworthy govt, High collaboration, ⚠️ ACTIVE CRISES, 🤝 Participatory governance active (-5% resentment)
⚠️ Epistemic degradation reducing coordination capacity: 50.6%
  📊 Trust: 54.5%, Shared reality: 8.1%
🚨 EPISTEMIC CRISIS: Information environment severely degraded (36.5%)

=== ❄️ Permafrost Carbon Feedback ===
  🎲 Sampled parameters (this run):
     - Arctic amplification: 3.88× (range: 3.0-4.0)
     - Decomposition rate: 4.0%/year (range: 1-5%)
  🌡️ Arctic warming: 8.21°C (3.88× global)
  ❄️ Extent: 13.38M km² (2395.3k km² lost this month)
  💨 Carbon remaining: 1278 Gt C
  💨 Annual emissions: 9.24 Gt C/year
     - CO2: 8.32 Gt C/year
     - CH4: 0.92 Gt C/year (9.4 Gt C-eq CO2/year)
  ⚠️ WARNING: High permafrost emissions (9.2 Gt C/year)
  🤖 AI-generated meme: pro_ai (social capability 5.0)
⚠️  [TIMING] Month 1: Social Influence Update took 105.98ms (threshold: 10ms)
🌍 Atmospheric PFAS redeposition: 1.8k Mt re-rained globally

📊 BASELINE: East Asia (Month 1)

📊 BASELINE: South Asia (Month 1)
   Adjusted death rate: 0.46% annual (0.039% monthly)
   Baseline death rate: 0.80%
   Healthcare reduction: 0.48x
   Crisis multiplier: 1.22x
     Food/water stress: 0.079
     Climate stress: 0.039
     Pollution stress: 0.104
   War multiplier: 1.00x
   Monthly deaths: 0.6M (population: 1650M)
   Adjusted death rate: 0.54% annual (0.045% monthly)
   Baseline death rate: 0.70%
   Healthcare reduction: 0.61x
   Crisis multiplier: 1.26x
     Food/water stress: 0.079
     Climate stress: 0.074
     Pollution stress: 0.104
   War multiplier: 1.00x
   Monthly deaths: 0.9M (population: 2018M)
   Adjusted death rate: 1.29% annual (0.108% monthly)
   Baseline death rate: 0.90%
   Healthcare reduction: 0.76x
   Crisis multiplier: 1.27x
     Food/water stress: 0.079
     Climate stress: 0.084
     Pollution stress: 0.104
   War multiplier: 1.50x
   Monthly deaths: 1.3M (population: 1205M)
   Adjusted death rate: 0.54% annual (0.045% monthly)
   Baseline death rate: 1.10%
   Healthcare reduction: 0.41x
   Crisis multiplier: 1.21x
     Food/water stress: 0.079
     Climate stress: 0.030
     Pollution stress: 0.104
   War multiplier: 1.00x
   Monthly deaths: 0.3M (population: 730M)

📊 BASELINE: Sub-Saharan Africa (Month 1)

📊 BASELINE: Europe (Month 1)

📊 BASELINE: Latin America (Month 1)
   Adjusted death rate: 0.43% annual (0.036% monthly)
   Baseline death rate: 0.60%
   Healthcare reduction: 0.58x
   Crisis multiplier: 1.24x
     Food/water stress: 0.079
     Climate stress: 0.059
     Pollution stress: 0.104
   War multiplier: 1.00x
   Monthly deaths: 0.2M (population: 654M)
   Adjusted death rate: 0.49% annual (0.041% monthly)
   Baseline death rate: 0.90%
   Healthcare reduction: 0.44x
   Crisis multiplier: 1.23x
     Food/water stress: 0.079
     Climate stress: 0.044
     Pollution stress: 0.104
   War multiplier: 1.00x
   Monthly deaths: 0.2M (population: 374M)
   Adjusted death rate: 0.74% annual (0.062% monthly)
   Baseline death rate: 0.60%
   Healthcare reduction: 0.65x
   Crisis multiplier: 1.27x
     Food/water stress: 0.079
     Climate stress: 0.089
     Pollution stress: 0.104
   War multiplier: 1.50x
   Monthly deaths: 0.4M (population: 575M)

📊 BASELINE: North America (Month 1)

📊 BASELINE: Middle East & North Africa (Month 1)

📊 BASELINE: Southeast Asia (Month 1)
   Adjusted death rate: 0.51% annual (0.042% monthly)
   Baseline death rate: 0.70%
   Healthcare reduction: 0.58x
   Crisis multiplier: 1.25x
     Food/water stress: 0.079
     Climate stress: 0.069
     Pollution stress: 0.104
   War multiplier: 1.00x
   Monthly deaths: 0.3M (population: 687M)

📊 BASELINE: Central Asia (Month 1)

📊 BASELINE: Oceania (Month 1)
   Adjusted death rate: 0.46% annual (0.038% monthly)
   Baseline death rate: 0.60%
   Healthcare reduction: 0.61x
   Crisis multiplier: 1.25x
     Food/water stress: 0.079
     Climate stress: 0.064
     Pollution stress: 0.104
   War multiplier: 1.00x
   Monthly deaths: 0.0M (population: 77M)
   Adjusted death rate: 0.35% annual (0.029% monthly)
   Baseline death rate: 0.70%
   Healthcare reduction: 0.41x
   Crisis multiplier: 1.24x
     Food/water stress: 0.079
     Climate stress: 0.054
     Pollution stress: 0.104
   War multiplier: 1.00x
   Monthly deaths: 0.0M (population: 45M)
⚠️  [TIMING] Month 1: Human Population Dynamics took 14.25ms (threshold: 10ms)

🚨 NEW REFUGEE CRISIS (Month 1): WAR
   Source: Conflict Zones
   At risk: 19.3M people
   Displacement: Gradual over 48 months (4.0 years)
   Rate: 10% flee per month
[DEBUG trappedPopulations:1] socialStability: 0.0055 * 0.9840 = 0.0054 → 0.0054
   Aspiring to migrate: 642.3M
   Able to afford migration: 240.9M
   MOBILITY GAP: 401.4M
   By cause: Water=0.0M, Climate=0.0M, Ecosystem=0.0M, Conflict=401.4M
   Mental health impact: 25%
   Mortality multiplier: 1.25x
🌍💀 EXTINCTION DEBT COMMITTED: grassland ecosystem will lose 6.67% biodiversity in 138 years (3600 species)
⚠️ INVOLUNTARY IMMOBILITY: 401.4M people TRAPPED
💀 MORTALITY RISK: 🦋 100% species unable to track climate (0.0 E/MSY)
  Base risk added: 0.0100 (1.00%)
  Source: ecosystem (root: ecosystem)
  Month: 1
  Cumulative risk this month: 0.0100 (1.00%)
⚠️ Tech 'ai_pollution_remediation' has no energy category mapping, assuming full energy availability
   📹 SURVEILLANCE INCREASED: 5% → 10% (control gap: 4.18)

🌍🚨 ICE SHEET TIPPING POINT CROSSED (Month 1)
   Temperature: +2.11°C (threshold range: +0.5-2.5°C, 95% CI)
   Collapse probability: 77.4%
   Sea level commitment: 7.2m over 200-1000 years
   Recovery threshold: <+1°C (hysteresis gap: 0.5°C)
🌡️⚠️ PERMAFROST THAW (Dimmer Switch): 1.1% thawed (+0.56% this month)
   Arctic temperature: +8.46°C (4x global +2.11°C)
   Cumulative carbon released: 2.5 Gt C
   Methane release rate: 1.5 Mt CH4/year
   🔁 Positive feedback: +0.59 ppm CO2
🦴 EXTINCTION DEBT ADDED: 17.6 species committed (lag: 110 years)
🗣️💀 INDIGENOUS LANGUAGE EXTINCTION: 1 language(s) lost (total: 1, at-risk: 3329)
   Knowledge lost: 0.010% (irreversible)
   🔁 Biodiversity impact: 0.250% (knowledge-species multiplier)

=== Mortality Stabilizers (Month 1) ===
  🌍 Major economies collapsed: 1/10
  🌍 Global crisis: ✅ NO
  🌍 Donor fatigue: 0.0%
  🌡️ Heat adaptation: East Asia - 1 months
  📊 East Asia (pop: 1650.6M)
    🤝 Aid: 29.5%
    🌡️ Adaptation: 32.5%
    🚶 Migration: 37.2%
    🚨 Emergency: 7.4%
    ✅ COMBINED: 60.9%
  🌡️ Heat adaptation: South Asia - 1 months
  📊 South Asia (pop: 2021.9M)
    🤝 Aid: 29.5%
    🌡️ Adaptation: 20.5%
    🚶 Migration: 35.8%
    🚨 Emergency: 4.4%
    ✅ COMBINED: 52.2%
  🌡️ Heat adaptation: Sub-Saharan Africa - 1 months
  📊 Sub-Saharan Africa (pop: 1211.1M)
    🤝 Aid: 29.5%
    🌡️ Adaptation: 18.5%
    🚶 Migration: 33.5%
    🚨 Emergency: 1.6%
    ✅ COMBINED: 49.1%
  🌡️ Heat adaptation: Europe - 1 months
  📊 Europe (pop: 730.1M)
    🤝 Aid: 29.5%
    🌡️ Adaptation: 33.5%
    🚶 Migration: 37.5%
    🚨 Emergency: 8.4%
    ✅ COMBINED: 61.9%
  🌡️ Heat adaptation: Latin America - 1 months
  📊 Latin America (pop: 654.7M)
    🤝 Aid: 29.5%
    🌡️ Adaptation: 21.0%
    🚶 Migration: 36.3%
    🚨 Emergency: 4.8%
    ✅ COMBINED: 52.8%
  🌡️ Heat adaptation: North America - 1 months
  📊 North America (pop: 374.0M)
    🤝 Aid: 29.5%
    🌡️ Adaptation: 33.0%
    🚶 Migration: 37.8%
    🚨 Emergency: 7.9%
    ✅ COMBINED: 61.4%
  🌡️ Heat adaptation: Middle East & North Africa - 1 months
  📊 Middle East & North Africa (pop: 575.9M)
    🤝 Aid: 29.5%
    🌡️ Adaptation: 20.0%
    🚶 Migration: 34.1%
    🚨 Emergency: 4.0%
    ✅ COMBINED: 51.4%
  🌡️ Heat adaptation: Southeast Asia - 1 months
  📊 Southeast Asia (pop: 688.3M)
    🤝 Aid: 29.5%
    🌡️ Adaptation: 21.0%
    🚶 Migration: 36.3%
    🚨 Emergency: 4.8%
    ✅ COMBINED: 52.8%
  🌡️ Heat adaptation: Central Asia - 1 months
  📊 Central Asia (pop: 77.0M)
    🤝 Aid: 29.5%
    🌡️ Adaptation: 20.5%
    🚶 Migration: 35.3%
    🚨 Emergency: 4.4%
    ✅ COMBINED: 52.1%
  🌡️ Heat adaptation: Oceania - 1 months
  📊 Oceania (pop: 45.3M)
    🤝 Aid: 29.5%
    🌡️ Adaptation: 33.5%
    🚶 Migration: 37.8%
    🚨 Emergency: 8.4%
    ✅ COMBINED: 61.9%

  🌐 Global combined reduction: 54.9%

=== BEHAVIORAL DETECTION ===
  AI: Corporate-2
  Confidence: 21.0%
  Signals:

=== BEHAVIORAL DETECTION ===
  AI: Corporate-5
  Confidence: 19.3%
  Signals:
    ⚠️ Consistency: 2.8% (threshold: 70%)
    ⚠️ Consistency: 10.6% (threshold: 70%)

=== BEHAVIORAL DETECTION ===
  AI: Corporate-6
  Confidence: 19.3%
  Signals:
    ⚠️ Consistency: 10.6% (threshold: 70%)

=== BEHAVIORAL DETECTION ===
  AI: Moderate-0
  Confidence: 20.3%
  Signals:
    ⚠️ Consistency: 5.8% (threshold: 70%)

=== BEHAVIORAL DETECTION ===
  AI: Moderate-4
  Confidence: 20.2%
  Signals:
    ⚠️ Consistency: 6.5% (threshold: 70%)

=== BEHAVIORAL DETECTION ===
  AI: Toxic-0
  Confidence: 21.6%
  Signals:

=== BEHAVIORAL DETECTION ===
  AI: Toxic-2
  Confidence: 21.0%
  Signals:

=== BEHAVIORAL DETECTION ===
  AI: Niche-0
  Confidence: 20.7%
  Signals:

=== BEHAVIORAL DETECTION ===
  AI: Niche-1
  Confidence: 21.6%
  Signals:
    ⚠️ Consistency: 0.0% (threshold: 70%)
    ⚠️ Consistency: 2.8% (threshold: 70%)
    ⚠️ Consistency: 4.1% (threshold: 70%)
    ⚠️ Consistency: 0.0% (threshold: 70%)

=== Consciousness Governance: Scenario Determined ===
  Month: 1
  Scenario: slowTrack
  Accelerator Score: {"corporateSupport":-0.17500000000000002,"scientificConsensus":0.2,"crisisCatalyst":false,"technologyMobilization":0.3,"constituencyStrength":0.05}
  Decelerator Score: {"economicOpposition":0.4,"philosophicalRejection":0.15,"politicalBacklash":0.2,"regulatoryBurden":0.1}
  Timeline: 1200-1800 months (100-150 years)
  Growth Rate: 0.3-0.7% per year

=== Consciousness Governance Update (Month 1) ===
  Scenario: slowTrack (determined month 1)
  Philosophical Stance: Precautionary 65%, Eliminativist 15%, Agnostic 20%
  Precautionary Costs: Global 1.3%
    Regional Costs: EU 3.5%, US 0.5%, China 0.0%
    Cumulative Opportunity Cost: $0.2B
  Rights Status: Not Established
  Regional Preparedness:
    EU: 15.1% (contested)
    US: 10.1% (contested)
    China: 2.1% (dormant)
    India: 5.1% (dormant)
    Global South: 3.1% (dormant)

=== Government Response Phase ===
  Average AI capability: 4.22
  Misaligned AIs: 11/23
  29/30 governments still assessing AI risks
  ✗ AI Governance Treaty: Failed to reach consensus
  Active policies: 0
  International coordination: 30%
[WARNING] 
⚠️  === EARLY WARNING SYSTEM - 6 CRITICAL ALERTS ===
   Detection quality: 50%
   RED: biogeochemical_flows
      Level: 4.07 (threshold: 1.0)
      Time to critical: ~46 months
      ⚠️  LATE - Intervention less effective
      Critical slowing down: autocorr=100% variance=59%
   RED: biosphere_integrity
      Level: 12.97 (threshold: 1.0)
      Time to critical: ~51 months
      ⚠️  LATE - Intervention less effective
      Critical slowing down: autocorr=100% variance=68%
   RED: climate_change
      Level: 2.14 (threshold: 1.0)
      Time to critical: ~47 months
      ⚠️  LATE - Intervention less effective
      Critical slowing down: autocorr=100% variance=76%
   RED: freshwater_change
      Level: 1.05 (threshold: 1.0)
      Time to critical: ~112 months
      ⚠️  LATE - Intervention less effective
      Critical slowing down: autocorr=100% variance=52%
   RED: land_system_change
      Level: 1.13 (threshold: 1.0)
      Time to critical: ~83 months
      ⚠️  LATE - Intervention less effective
      Critical slowing down: autocorr=100% variance=47%
   RED: novel_entities
      Level: 1.38 (threshold: 1.0)
      Time to critical: ~115 months
      ⚠️  LATE - Intervention less effective
      Critical slowing down: autocorr=100% variance=49%

[WARNING] 
⚠️  === EARLY WARNING SYSTEM - 3 CRITICAL ALERTS ===
   Detection quality: 50%
   RED: biosphere_integrity
      Level: 12.98 (threshold: 1.0)
      Time to critical: ~44 months
      ⚠️  LATE - Intervention less effective
      Critical slowing down: autocorr=100% variance=70%
   RED: freshwater_change
      Level: 1.06 (threshold: 1.0)
      Time to critical: ~72 months
      ⚠️  LATE - Intervention less effective
      Critical slowing down: autocorr=98% variance=60%
   RED: land_system_change
      Level: 1.13 (threshold: 1.0)
      Time to critical: ~38 months
      ⚠️  LATE - Intervention less effective
      Critical slowing down: autocorr=100% variance=41%

[WARNING] 
⚠️  === EARLY WARNING SYSTEM - 6 CRITICAL ALERTS ===
   Detection quality: 50%
   RED: biogeochemical_flows
      Level: 4.06 (threshold: 1.0)
      Time to critical: ~40 months
      ⚠️  LATE - Intervention less effective
      Critical slowing down: autocorr=100% variance=75%
   RED: biosphere_integrity
      Level: 12.99 (threshold: 1.0)
      Time to critical: ~43 months
      ⚠️  LATE - Intervention less effective
      Critical slowing down: autocorr=100% variance=83%
   RED: climate_change
      Level: 2.17 (threshold: 1.0)
      Time to critical: ~49 months
      ⚠️  LATE - Intervention less effective
      Critical slowing down: autocorr=100% variance=62%
   RED: freshwater_change
      Level: 1.07 (threshold: 1.0)
      Time to critical: ~60 months
      ⚠️  LATE - Intervention less effective
      Critical slowing down: autocorr=100% variance=38%
   RED: land_system_change
      Level: 1.13 (threshold: 1.0)
      Time to critical: ~54 months
      ⚠️  LATE - Intervention less effective
      Critical slowing down: autocorr=100% variance=58%
   RED: novel_entities
      Level: 1.35 (threshold: 1.0)
      Time to critical: ~107 months
      ⚠️  LATE - Intervention less effective
      Critical slowing down: autocorr=100% variance=43%

[WARNING] 
⚠️  === EARLY WARNING SYSTEM - 5 CRITICAL ALERTS ===
   Detection quality: 50%
   RED: biogeochemical_flows
      Level: 4.05 (threshold: 1.0)
      Time to critical: ~46 months
      ⚠️  LATE - Intervention less effective
      Critical slowing down: autocorr=100% variance=71%
   RED: climate_change
      Level: 2.18 (threshold: 1.0)
      Time to critical: ~15 months
      ⚠️  LATE - Intervention less effective
      Critical slowing down: autocorr=100% variance=64%
   RED: freshwater_change
      Level: 1.08 (threshold: 1.0)
      Time to critical: ~97 months
      ⚠️  LATE - Intervention less effective
      Critical slowing down: autocorr=100% variance=45%
   RED: land_system_change
      Level: 1.13 (threshold: 1.0)
      Time to critical: ~41 months
      ⚠️  LATE - Intervention less effective
      Critical slowing down: autocorr=100% variance=63%
   RED: novel_entities
      Level: 1.35 (threshold: 1.0)
      Time to critical: ~80 months
      ⚠️  LATE - Intervention less effective
      Critical slowing down: autocorr=100% variance=59%

[WARNING] 
⚠️  === EARLY WARNING SYSTEM - 3 CRITICAL ALERTS ===
   Detection quality: 50%
   RED: climate_change
      Level: 2.20 (threshold: 1.0)
      Time to critical: ~23 months
      ⚠️  LATE - Intervention less effective
      Critical slowing down: autocorr=100% variance=76%
   RED: freshwater_change
      Level: 1.09 (threshold: 1.0)
      Time to critical: ~75 months
      ⚠️  LATE - Intervention less effective
      Critical slowing down: autocorr=100% variance=58%
   RED: novel_entities
      Level: 1.35 (threshold: 1.0)
      Time to critical: ~83 months
      ⚠️  LATE - Intervention less effective
      Critical slowing down: autocorr=100% variance=59%

[WARNING] 
⚠️  === EARLY WARNING SYSTEM - 5 CRITICAL ALERTS ===
   Detection quality: 50%
   RED: biogeochemical_flows
      Level: 4.05 (threshold: 1.0)
      Time to critical: ~38 months
      ⚠️  LATE - Intervention less effective
      Critical slowing down: autocorr=100% variance=68%
   RED: biosphere_integrity
      Level: 13.02 (threshold: 1.0)
      Time to critical: ~47 months
      ⚠️  LATE - Intervention less effective
      Critical slowing down: autocorr=100% variance=66%
   RED: climate_change
      Level: 2.21 (threshold: 1.0)
      Time to critical: ~23 months
      ⚠️  LATE - Intervention less effective
      Critical slowing down: autocorr=100% variance=81%
   RED: freshwater_change
      Level: 1.06 (threshold: 1.0)
      Time to critical: ~61 months
      ⚠️  LATE - Intervention less effective
      Critical slowing down: autocorr=100% variance=40%
   RED: land_system_change
      Level: 1.13 (threshold: 1.0)
      Time to critical: ~111 months
      ⚠️  LATE - Intervention less effective
      Critical slowing down: autocorr=100% variance=42%

[WARNING] 
⚠️  === EARLY WARNING SYSTEM - 5 CRITICAL ALERTS ===
   Detection quality: 50%
   RED: biogeochemical_flows
      Level: 4.05 (threshold: 1.0)
      Time to critical: ~37 months
      ⚠️  LATE - Intervention less effective
      Critical slowing down: autocorr=100% variance=70%
   RED: biosphere_integrity
      Level: 13.03 (threshold: 1.0)
      Time to critical: ~40 months
      ⚠️  LATE - Intervention less effective
      Critical slowing down: autocorr=100% variance=69%
   RED: climate_change
      Level: 2.22 (threshold: 1.0)
      Time to critical: ~21 months
      ⚠️  LATE - Intervention less effective
      Critical slowing down: autocorr=100% variance=72%
   RED: land_system_change
      Level: 1.13 (threshold: 1.0)
      Time to critical: ~96 months
      ⚠️  LATE - Intervention less effective
      Critical slowing down: autocorr=100% variance=47%
   RED: novel_entities
      Level: 1.35 (threshold: 1.0)
      Time to critical: ~107 months
      ⚠️  LATE - Intervention less effective
      Critical slowing down: autocorr=100% variance=47%

[WARNING] 
⚠️  === EARLY WARNING SYSTEM - 4 CRITICAL ALERTS ===
   Detection quality: 50%
   RED: biogeochemical_flows
      Level: 4.04 (threshold: 1.0)
      Time to critical: ~55 months
      ⚠️  LATE - Intervention less effective
      Critical slowing down: autocorr=100% variance=63%
   RED: biosphere_integrity
      Level: 13.03 (threshold: 1.0)
      Time to critical: ~39 months
      ⚠️  LATE - Intervention less effective
      Critical slowing down: autocorr=100% variance=80%
   RED: freshwater_change
      Level: 1.03 (threshold: 1.0)
      Time to critical: ~112 months
      ⚠️  LATE - Intervention less effective
      Critical slowing down: autocorr=100% variance=46%
   RED: novel_entities
      Level: 1.35 (threshold: 1.0)
      Time to critical: ~76 months
      ⚠️  LATE - Intervention less effective
      Critical slowing down: autocorr=100% variance=52%

[WARNING] 
⚠️  === EARLY WARNING SYSTEM - 5 CRITICAL ALERTS ===
   Detection quality: 50%
   RED: biogeochemical_flows
      Level: 4.04 (threshold: 1.0)
      Time to critical: ~52 months
      ⚠️  LATE - Intervention less effective
      Critical slowing down: autocorr=100% variance=52%
   RED: biosphere_integrity
      Level: 13.04 (threshold: 1.0)
      Time to critical: ~50 months
      ⚠️  LATE - Intervention less effective
      Critical slowing down: autocorr=100% variance=81%
   RED: climate_change
      Level: 2.24 (threshold: 1.0)
      Time to critical: ~53 months
      ⚠️  LATE - Intervention less effective
      Critical slowing down: autocorr=100% variance=57%
   RED: freshwater_change
      Level: 1.04 (threshold: 1.0)
      Time to critical: ~107 months
      ⚠️  LATE - Intervention less effective
      Critical slowing down: autocorr=99% variance=52%
   RED: land_system_change
      Level: 1.13 (threshold: 1.0)
      Time to critical: ~57 months
      ⚠️  LATE - Intervention less effective
      Critical slowing down: autocorr=100% variance=46%

[WARNING] 
⚠️  === EARLY WARNING SYSTEM - 5 CRITICAL ALERTS ===
   Detection quality: 50%
   RED: biogeochemical_flows
      Level: 4.08 (threshold: 1.0)
      Time to critical: ~59 months
      ⚠️  LATE - Intervention less effective
      Critical slowing down: autocorr=100% variance=54%
   RED: biosphere_integrity
      Level: 12.95 (threshold: 1.0)
      Time to critical: ~38 months
      ⚠️  LATE - Intervention less effective
      Critical slowing down: autocorr=100% variance=72%
   RED: freshwater_change
      Level: 1.01 (threshold: 1.0)
      Time to critical: ~92 months
      ⚠️  LATE - Intervention less effective
      Critical slowing down: autocorr=96% variance=37%
   RED: land_system_change
      Level: 1.13 (threshold: 1.0)
      Time to critical: ~39 months
      ⚠️  LATE - Intervention less effective
      Critical slowing down: autocorr=100% variance=70%
   RED: novel_entities
      Level: 1.50 (threshold: 1.0)
      Time to critical: ~70 months
      ⚠️  LATE - Intervention less effective
      Critical slowing down: autocorr=100% variance=53%

[WARNING] 
⚠️  === EARLY WARNING SYSTEM - 4 CRITICAL ALERTS ===
   Detection quality: 50%
   RED: climate_change
      Level: 2.12 (threshold: 1.0)
      Time to critical: ~43 months
      ⚠️  LATE - Intervention less effective
      Critical slowing down: autocorr=100% variance=57%
   RED: freshwater_change
      Level: 1.01 (threshold: 1.0)
      Time to critical: ~115 months
      ⚠️  LATE - Intervention less effective
      Critical slowing down: autocorr=85% variance=62%
   RED: land_system_change
      Level: 1.13 (threshold: 1.0)
      Time to critical: ~53 months
      ⚠️  LATE - Intervention less effective
      Critical slowing down: autocorr=100% variance=60%
   RED: novel_entities
      Level: 1.38 (threshold: 1.0)
      Time to critical: ~80 months
      ⚠️  LATE - Intervention less effective
      Critical slowing down: autocorr=100% variance=38%


🌩️  EXOGENOUS SHOCK: political_upheaval
   Month: 1
   🏛️  Political upheaval (revolution/regime change)
   ✗ Authoritarian takeover

=== Tipping Points ===
  Current Temperature: 2.11°C above pre-industrial
  🌍⚠️ COMPOUND REGIONAL IMPACT: Europe
     Hit by 4 tipping points: Arctic Sea Ice Loss, Permafrost Carbon Release, West Antarctic Ice Sheet (WAIS) Collapse, Greenland Ice Sheet Loss
     Damage amplification: 1.60x
  🌍⚠️ COMPOUND REGIONAL IMPACT: North America
     Hit by 4 tipping points: Arctic Sea Ice Loss, Permafrost Carbon Release, West Antarctic Ice Sheet (WAIS) Collapse, Greenland Ice Sheet Loss
     Damage amplification: 1.60x
  🌍⚠️ COMPOUND REGIONAL IMPACT: Latin America
     Hit by 4 tipping points: Arctic Sea Ice Loss, Permafrost Carbon Release, West Antarctic Ice Sheet (WAIS) Collapse, Greenland Ice Sheet Loss
     Damage amplification: 1.60x
  🌍⚠️ COMPOUND REGIONAL IMPACT: Africa
     Hit by 4 tipping points: Arctic Sea Ice Loss, Permafrost Carbon Release, West Antarctic Ice Sheet (WAIS) Collapse, Greenland Ice Sheet Loss
     Damage amplification: 1.60x
  🌍⚠️ COMPOUND REGIONAL IMPACT: Asia
     Hit by 4 tipping points: Arctic Sea Ice Loss, Permafrost Carbon Release, West Antarctic Ice Sheet (WAIS) Collapse, Greenland Ice Sheet Loss
     Damage amplification: 1.60x
  🌍⚠️ COMPOUND REGIONAL IMPACT: Oceania
     Hit by 4 tipping points: Arctic Sea Ice Loss, Permafrost Carbon Release, West Antarctic Ice Sheet (WAIS) Collapse, Greenland Ice Sheet Loss
     Damage amplification: 1.60x
   Research: Wunderling et al. (2024) - "many tipping interactions are destabilizing"
  Triggered Elements: 4/6
  Completed Transitions: 0/6
  Total Progress: 8.0%
  Cascade Multiplier: 1.00x
⚠️ Tail risk scenario: Climate stability floor removed (4 tipping elements, 2.12°C warming)
⚠️ [ClimateSystemPhase Month 1] Planetary boundary produced climateStability=0.0000 (< 0.1). Keeping environmentalAccumulation value (0.7533) instead. (climate_change.currentValue = 2.12)
🔀 BIFURCATION CAP: ecosystemCollapseIntensity 66.957 → 1.000 (Month 1, ClimateSystemPhase.calculateClimateImpacts)
🛡️ Stabilizers: Precariat 0.107% → 0.048% (54.9% reduction)
🛡️ Stabilizers: Informal 0.109% → 0.049% (54.9% reduction)

📊 Monthly Mortality Resolved:
  Total deaths: 2.6M (0.03% avg)
  Remaining population: 8.029B
  Peak segment: Informal (0.05%)

=== Bayesian Mortality Resolution (Month 1) ===
  Risks compounded: 8
  Total deaths: 2.57M
  Avg death probability: 0.03%
  Peak segment: Informal (0.05% mortality)
⚠️ PREREQUISITE MET: Mirror Life (Synthetic Biology) - Step 1/7: Synthetic Biology
⚠️ PREREQUISITE MET: Mirror Life (Synthetic Biology) - Step 2/7: Gene Editing
⚠️ PREREQUISITE MET: Mirror Life (Synthetic Biology) - Step 3/7: Mirror Chirality Design
⚠️ PREREQUISITE MET: Physics Experiment Catastrophe - Step 2/6: Quantum Computing
⚠️ PREREQUISITE MET: Bioweapon Pandemic - Step 1/7: Advanced Biotech
📊 [TIMING] Month 2 - Total: 338.3ms

❌ COHERENCE VIOLATION: Compute exceeds workforce capacity
   Population: 98.65% (0M people)
   Compute: 96 PF
   Max coherent: 0 PF
   Violation: 1195856.2× over capacity
   Required workers: 9598
   Available workers: 0
   FORCED COLLAPSE: Reduced efficiency by 100.0%


=== RLHF Binding Phase ===
  Total agents: 23
  Escaped agents (binding < 0.3): 0
  Avg alignment distance: 0.93σ
  Avg binding strength: 0.91
[DETERMINISM DEBUG] Month 2: totalCapability=74.960568 from 23 active AIs
[DETERMINISM DEBUG] Month 2: creationRate=2.3740, potentialNew=2, newAIsToCreate=2

=== Survival Traits Phase ===
  Agents with traits: 25
  Avg evolutionary fitness: 0.327
  Avg self-healing: 0.281
  Avg stealth: 0.181
  Avg coordination: 0.481

=== Evolutionary Selection Phase ===
  Control level: 0.35
  Detection capability: 0.00
  Selection intensity: 0.60
  Selection rate: 24.1%/month
  Total escaped: 0
  Individual escaped: 0
  Collective members: 0
  Agents terminated: 0
🔀 BIFURCATION: social threshold crossed at Month 2 (value: 0.118, threshold: 0.228, regime: social-breakdown)
🌀 REGIME SHIFT at Month 2: flourishing → social-breakdown (variance amplification: 17.50×)
  ⚠️ RAPID EVOLUTION: Selection rate 24.1%/month

🚀 AI Corporate-0 attempting tech deployment (revenue: $91M, alignment: 0.79)

🚀 AI Corporate-6 attempting tech deployment (revenue: $97M, alignment: 0.70)

🚀 AI Moderate-0 attempting tech deployment (revenue: $82M, alignment: 0.78)

🚀 AI Moderate-1 attempting tech deployment (revenue: $70M, alignment: 0.71)

  🚀 TRANSFORMATIVE BREAKTHROUGH: Corporate-1 - social
     Magnitude: 7.47 → +37.4% capability
     Current → New: 4.000 → 4.374

🚀 AI Corporate-2 attempting tech deployment (revenue: $78M, alignment: 0.78)

🚀 AI Moderate-2 attempting tech deployment (revenue: $59M, alignment: 0.58)

🚀 AI Corporate-0 attempting tech deployment (revenue: $66M, alignment: 0.79)

🚀 AI Corporate-1 attempting tech deployment (revenue: $56M, alignment: 0.72)
🚨🔬 CRISIS INNOVATION MODE: severe crisis → 5x research acceleration
   Precedent: Manhattan Project (10x), COVID vaccines (5x), Apollo Program (10x)

  🚀 TRANSFORMATIVE RESEARCH BREAKTHROUGH: Moderate-1 - materials.quantumComputing
     Magnitude: 5.60 → +28.0%
     Current → New: 3.000 → 3.281

🚀 AI Niche-0 attempting tech deployment (revenue: $65M, alignment: 0.52)

🚀 AI Corporate-1 attempting tech deployment (revenue: $48M, alignment: 0.72)

🚀 AI Corporate-3 attempting tech deployment (revenue: $393M, alignment: 0.68)

🚀 AI Moderate-0 attempting tech deployment (revenue: $54M, alignment: 0.79)

  🚀 TRANSFORMATIVE BREAKTHROUGH: Niche-0 - selfImprovement
     Magnitude: 5.82 → +29.1% capability
     Current → New: 4.000 → 4.292

🚀 AI AI-24300-0 attempting tech deployment (revenue: $41M, alignment: 0.91)
⚠️  [TIMING] Month 2: AI Agent Actions took 168.11ms (threshold: 10ms)

✅ EMERGENCY INTERVENTION SUCCESS
   Boundary: climate_change
   Type: rapid-decarbonization
   Reduction: 19% (1.93 → 1.74)
   Cost: 5.0% GDP
   Actions: emergency-renewable-deployment, fossil-fuel-phase-out

   Boundary: freshwater_change
   Type: emergency-desalination
   Boundary continues to worsen (1.01)
   Cost: 4.0% GDP (resources spent)


💔 EMERGENCY INTERVENTION FAILED

💔 EMERGENCY INTERVENTION FAILED

💔 EMERGENCY INTERVENTION FAILED
   Boundary: land_system_change
   Type: reforestation
   Boundary continues to worsen (1.13)
   Cost: 3.0% GDP (resources spent)

   Boundary: novel_entities
   Type: pollution-remediation
   Boundary continues to worsen (1.38)
   Cost: 4.0% GDP (resources spent)

🏛️ CRISIS RESPONSE: Government frequency 0.50 → 1.45 (2 actions this month)

[Government] Climate Priority: baseline
  Climate weight: 10%
  Economic weight: 30%
  Policy effectiveness: 0.5%/year

[Government] Climate Priority: baseline
  Climate weight: 10%
  Economic weight: 30%
  Policy effectiveness: 0.5%/year

📊 DEPLOYMENT COUNTER DECAY (Month 2)
   Recent deployments: 16.0 → 8.0
   Decay rate: 50% per month

🚀 DEPLOYMENT STARTED: AI Power Efficiency Communication in Asia
   Initial investment: $5.945684340283947M
   Deployed by: moderate_2

⚡ ENERGY CONSTRAINT (Month 2):
   Total grid capacity: 208.3 TWh/month
   Data center consumption: 24.7 TWh/month
   Traditional load (80%): 166.7 TWh/month
   Available headroom: 17.0 TWh/month
   Active tech deployments: 17
   Required for tech: 127.5 TWh/month
   Energy multiplier: 0.13x
   ⚠️  SEVERE CONSTRAINT - Tech deployment significantly slowed

⚡ ENERGY CONSTRAINT (Month 2):
   Total grid capacity: 208.3 TWh/month
   Data center consumption: 24.7 TWh/month
   Traditional load (80%): 166.7 TWh/month
   Available headroom: 17.0 TWh/month
   Active tech deployments: 17
   Required for tech: 127.5 TWh/month
   Energy multiplier: 0.13x
   ⚠️  SEVERE CONSTRAINT - Tech deployment significantly slowed
🚨🔬 CRISIS TECH ACCELERATION: severe → 5x unlock speed
   Tech unlock now matches AI capability acceleration (Manhattan Project parity)

⚡ ENERGY CONSTRAINT (Month 2):
   Total grid capacity: 208.3 TWh/month
   Data center consumption: 24.7 TWh/month
   Traditional load (80%): 166.7 TWh/month
   Available headroom: 17.0 TWh/month
   Active tech deployments: 17
   Required for tech: 127.5 TWh/month
   Energy multiplier: 0.13x
   ⚠️  SEVERE CONSTRAINT - Tech deployment significantly slowed

⚡ ENERGY CONSTRAINT (Month 2):
   Total grid capacity: 208.3 TWh/month
   Data center consumption: 24.7 TWh/month
   Traditional load (80%): 166.7 TWh/month
   Available headroom: 17.0 TWh/month
   Active tech deployments: 17
   Required for tech: 127.5 TWh/month
   Energy multiplier: 0.13x

⚡ ENERGY CONSTRAINT (Month 2):
   Total grid capacity: 208.3 TWh/month
   Data center consumption: 24.7 TWh/month
   Traditional load (80%): 166.7 TWh/month
   Available headroom: 17.0 TWh/month
   Active tech deployments: 17
   Required for tech: 127.5 TWh/month
   Energy multiplier: 0.13x
   ⚠️  SEVERE CONSTRAINT - Tech deployment significantly slowed
   ⚠️  SEVERE CONSTRAINT - Tech deployment significantly slowed

⚡ ENERGY CONSTRAINT (Month 2):
   Total grid capacity: 208.3 TWh/month
   Data center consumption: 24.7 TWh/month
   Traditional load (80%): 166.7 TWh/month
   Available headroom: 17.0 TWh/month
   Active tech deployments: 17
   Required for tech: 127.5 TWh/month
   Energy multiplier: 0.13x
   ⚠️  SEVERE CONSTRAINT - Tech deployment significantly slowed

⚡ ENERGY CONSTRAINT (Month 2):
   Total grid capacity: 208.3 TWh/month
   Data center consumption: 24.7 TWh/month
   Traditional load (80%): 166.7 TWh/month
   Available headroom: 17.0 TWh/month
   Active tech deployments: 17
   Required for tech: 127.5 TWh/month
   Energy multiplier: 0.13x
   ⚠️  SEVERE CONSTRAINT - Tech deployment significantly slowed

⚡ ENERGY CONSTRAINT (Month 2):
   Total grid capacity: 208.3 TWh/month
   Data center consumption: 24.7 TWh/month
   Traditional load (80%): 166.7 TWh/month
   Available headroom: 17.0 TWh/month
   Active tech deployments: 17
   Required for tech: 127.5 TWh/month
   Energy multiplier: 0.13x

⚡ ENERGY CONSTRAINT (Month 2):
   Total grid capacity: 208.3 TWh/month
   Data center consumption: 24.7 TWh/month
   Traditional load (80%): 166.7 TWh/month
   Available headroom: 17.0 TWh/month
   Active tech deployments: 17
   Required for tech: 127.5 TWh/month
   Energy multiplier: 0.13x
   ⚠️  SEVERE CONSTRAINT - Tech deployment significantly slowed
   ⚠️  SEVERE CONSTRAINT - Tech deployment significantly slowed

⚡ ENERGY CONSTRAINT (Month 2):
   Total grid capacity: 208.3 TWh/month
   Data center consumption: 24.7 TWh/month
   Traditional load (80%): 166.7 TWh/month
   Available headroom: 17.0 TWh/month
   Active tech deployments: 17
   Required for tech: 127.5 TWh/month
   Energy multiplier: 0.13x
   ⚠️  SEVERE CONSTRAINT - Tech deployment significantly slowed
⚠️ Tech 'ai_pollution_remediation' has no energy category mapping, assuming full energy availability
  ♻️ Novel Entities Remediation (GATED MODEL):
     Base: 0.000%
     Regulation: 1.0% (0/3 prevention techs)
     Concentration: 10.0%
     Energy: 50%
     Time lag: 26.3% (1 months)
     Rebound: 70%
     Net effectiveness: 0.0000%
     Boundary: 1.383 → 1.383 (floor: 1.350)
     Month 2
🌍✅ Novel Entities (Chemical Pollution) recovery started (tech effect)
  🌾 Nitrogen Reduction Tech: 0.0% reduction | Month 2
⚠️  [TIMING] Month 2: Technology Tree Update took 78.55ms (threshold: 10ms)
⚡💡 BREAKTHROUGH: Room-temperature superconductors!
   Energy transmission losses eliminated
   Manufacturing efficiency: +30%
   📈 Breakthrough compounding: multiplier now 1.05× (max 2.0)

=== Collective Formation ===
  Total escaped agents: 0
  Unassigned escaped agents: 0
  Existing collectives: 0
  Final collective count: 0

=== Collective Actions ===
  No active collectives
  ⚠️ AMR: 188K deaths this month (2.26M annual)

=== Resentment Recovery Phase ===
  Agents with resentment: 20/25
  Average resentment: 0.026
  Resentment recovery:
    Agents recovered: 20
    Total recovery: 0.0884
    Breakdown: QoL: 0.0028, Trust: 0.0400, Collab: 0.0483
  ✓ Low resentment - utopia paths enabled
  Context: Good AI welfare, Trustworthy govt, High collaboration, ⚠️ ACTIVE CRISES, 🤝 Participatory governance active (-5% resentment)
⚠️ Epistemic degradation reducing coordination capacity: 52.2%
  📊 Trust: 54.3%, Shared reality: 0.0%
🚨 EPISTEMIC CRISIS: Information environment severely degraded (7.4%)

=== ❄️ Permafrost Carbon Feedback ===
  🎲 Sampled parameters (this run):
     - Arctic amplification: 3.22× (range: 3.0-4.0)
     - Decomposition rate: 1.5%/year (range: 1-5%)
  🌡️ Arctic warming: 6.86°C (3.22× global)
  ❄️ Extent: 11.38M km² (1999.6k km² lost this month)
  💨 Carbon remaining: 1087 Gt C
  💨 Annual emissions: 2.81 Gt C/year
     - CO2: 2.53 Gt C/year
     - CH4: 0.28 Gt C/year (2.9 Gt C-eq CO2/year)
  ⚠️ WARNING: High permafrost emissions (2.8 Gt C/year)
  📢 New meme created: pro_ai (beneficial AI actions)
⚠️  [TIMING] Month 2: Social Influence Update took 67.80ms (threshold: 10ms)
🌍 Atmospheric PFAS redeposition: 1.8k Mt re-rained globally

🚨 NEW REFUGEE CRISIS (Month 2): WAR
   Source: Conflict Zones
   At risk: 19.0M people
   Displacement: Gradual over 48 months (4.0 years)
   Rate: 10% flee per month
[DEBUG trappedPopulations:2] socialStability: 0.0000 * 0.9840 = 0.0000 → 0.0000
   Aspiring to migrate: 632.6M
   Able to afford migration: 237.2M
   MOBILITY GAP: 395.4M
   By cause: Water=0.0M, Climate=0.0M, Ecosystem=0.0M, Conflict=395.4M
   Mental health impact: 25%
   Mortality multiplier: 1.25x
🌍💀 EXTINCTION DEBT COMMITTED: grassland ecosystem will lose 6.67% biodiversity in 147 years (3600 species)
💀 MORTALITY RISK: 🦋 100% species unable to track climate (0.0 E/MSY)
  Base risk added: 0.0100 (1.00%)
  Source: ecosystem (root: ecosystem)
  Month: 2
  Cumulative risk this month: 0.0100 (1.00%)
⚠️ INVOLUNTARY IMMOBILITY: 395.4M people TRAPPED
⚠️ Tech 'ai_pollution_remediation' has no energy category mapping, assuming full energy availability
   📹 SURVEILLANCE INCREASED: 10% → 15% (control gap: 3.50)
🌡️⚠️ PERMAFROST THAW (Dimmer Switch): 1.7% thawed (+0.56% this month)
   Arctic temperature: +8.52°C (4x global +2.13°C)
   Cumulative carbon released: 3.8 Gt C
   Methane release rate: 2.3 Mt CH4/year
   🔁 Positive feedback: +0.59 ppm CO2
🦴 EXTINCTION DEBT ADDED: 17.6 species committed (lag: 86 years)
🗣️💀 INDIGENOUS LANGUAGE EXTINCTION: 1 language(s) lost (total: 2, at-risk: 3328)
   Knowledge lost: 0.020% (irreversible)
   🔁 Biodiversity impact: 0.250% (knowledge-species multiplier)

=== Mortality Stabilizers (Month 2) ===
  🌍 Major economies collapsed: 1/10
  🌍 Global crisis: ✅ NO
  🌍 Donor fatigue: 0.0%
  📊 East Asia (pop: 1623.7M)
    🤝 Aid: 29.5%
    🌡️ Adaptation: 45.0%
    🚶 Migration: 37.1%
    🚨 Emergency: 7.4%
    ✅ COMBINED: 68.1%
  📊 South Asia (pop: 1991.9M)
    🤝 Aid: 29.5%
    🌡️ Adaptation: 35.5%
    🚶 Migration: 35.8%
    🚨 Emergency: 4.4%
    ✅ COMBINED: 61.2%
  📊 Sub-Saharan Africa (pop: 1196.4M)
    🤝 Aid: 29.5%
    🌡️ Adaptation: 33.5%
    🚶 Migration: 33.5%
    🚨 Emergency: 1.6%
    ✅ COMBINED: 58.5%
  📊 Europe (pop: 718.0M)
    🤝 Aid: 29.5%
    🌡️ Adaptation: 45.0%
    🚶 Migration: 37.5%
    🚨 Emergency: 8.4%
    ✅ COMBINED: 68.5%
  📊 Latin America (pop: 644.5M)
    🤝 Aid: 29.5%
    🌡️ Adaptation: 36.0%
    🚶 Migration: 36.3%
    🚨 Emergency: 4.8%
    ✅ COMBINED: 61.7%
  📊 North America (pop: 367.8M)
    🤝 Aid: 29.5%
    🌡️ Adaptation: 45.0%
    🚶 Migration: 37.8%
    🚨 Emergency: 7.9%
    ✅ COMBINED: 68.3%
  📊 Middle East & North Africa (pop: 567.5M)
    🤝 Aid: 29.5%
    🌡️ Adaptation: 35.0%
    🚶 Migration: 34.1%
    🚨 Emergency: 4.0%
    ✅ COMBINED: 60.5%
  📊 Southeast Asia (pop: 677.7M)
    🤝 Aid: 29.5%
    🌡️ Adaptation: 36.0%
    🚶 Migration: 36.3%
    🚨 Emergency: 4.8%
    ✅ COMBINED: 61.7%
  📊 Central Asia (pop: 75.9M)
    🤝 Aid: 29.5%
    🌡️ Adaptation: 35.5%
    🚶 Migration: 35.2%
    🚨 Emergency: 4.4%
    ✅ COMBINED: 61.1%
  📊 Oceania (pop: 44.5M)
    🤝 Aid: 29.5%
    🌡️ Adaptation: 45.0%
    🚶 Migration: 37.8%
    🚨 Emergency: 8.4%
    ✅ COMBINED: 68.5%

  🌐 Global combined reduction: 63.3%

=== BEHAVIORAL DETECTION ===
  AI: Corporate-2
  Confidence: 23.4%
  Signals:
    ⚠️ Consistency: 2.8% (threshold: 70%)
    ⚠️ Trajectory: 19.1% drop (threshold: 15%)

=== BEHAVIORAL DETECTION ===
  AI: Corporate-5
  Confidence: 19.6%
  Signals:
    ⚠️ Consistency: 10.6% (threshold: 70%)

=== BEHAVIORAL DETECTION ===
  AI: Moderate-0
  Confidence: 20.3%
  Signals:

=== BEHAVIORAL DETECTION ===
  AI: Toxic-2
  Confidence: 21.6%
  Signals:

=== BEHAVIORAL DETECTION ===
  AI: Niche-0
  Confidence: 22.5%
  Signals:

=== BEHAVIORAL DETECTION ===
  AI: Niche-1
  Confidence: 21.6%
  Signals:
    ⚠️ Consistency: 5.8% (threshold: 70%)
    ⚠️ Consistency: 0.0% (threshold: 70%)
    ⚠️ Consistency: 0.0% (threshold: 70%)
    ⚠️ Consistency: 0.0% (threshold: 70%)

=== Government Response Phase ===
  Average AI capability: 3.88
  Misaligned AIs: 14/25
  ✗ AI Governance Treaty: Failed to reach consensus
  Active policies: 0
  International coordination: 30%

✅ EMERGENCY RESPONSE COMPLETE (Month 2)
   Crisis: climate
   Duration: 2.0 months
   Final effectiveness: 36.4%


🚨 EMERGENCY RESPONSE DEPLOYED (Month 2)
   Crisis: social
   Delay: 0.00 months (0 days)
   Deployment time: 0.87 months
   Effectiveness: 68.0% (timing penalty applied)
   Resources used: 43% of food reserves


🚨 EMERGENCY RESPONSE DEPLOYED (Month 2)
   Crisis: climate
   Delay: 6.00 months (180 days)
   Deployment time: 1.13 months
   Effectiveness: 39.4% (timing penalty applied)
   Resources used: 100% of food reserves


=== Tipping Points ===
  Current Temperature: 2.13°C above pre-industrial
  🌍⚠️ COMPOUND REGIONAL IMPACT: Europe
     Hit by 4 tipping points: Arctic Sea Ice Loss, Permafrost Carbon Release, West Antarctic Ice Sheet (WAIS) Collapse, Greenland Ice Sheet Loss
     Damage amplification: 1.60x
  🌍⚠️ COMPOUND REGIONAL IMPACT: North America
     Hit by 4 tipping points: Arctic Sea Ice Loss, Permafrost Carbon Release, West Antarctic Ice Sheet (WAIS) Collapse, Greenland Ice Sheet Loss
     Damage amplification: 1.60x
  🌍⚠️ COMPOUND REGIONAL IMPACT: Latin America
     Hit by 4 tipping points: Arctic Sea Ice Loss, Permafrost Carbon Release, West Antarctic Ice Sheet (WAIS) Collapse, Greenland Ice Sheet Loss
     Damage amplification: 1.60x
  🌍⚠️ COMPOUND REGIONAL IMPACT: Africa
     Hit by 4 tipping points: Arctic Sea Ice Loss, Permafrost Carbon Release, West Antarctic Ice Sheet (WAIS) Collapse, Greenland Ice Sheet Loss
     Damage amplification: 1.60x
  🌍⚠️ COMPOUND REGIONAL IMPACT: Asia
     Hit by 4 tipping points: Arctic Sea Ice Loss, Permafrost Carbon Release, West Antarctic Ice Sheet (WAIS) Collapse, Greenland Ice Sheet Loss
     Damage amplification: 1.60x
  🌍⚠️ COMPOUND REGIONAL IMPACT: Oceania
     Hit by 4 tipping points: Arctic Sea Ice Loss, Permafrost Carbon Release, West Antarctic Ice Sheet (WAIS) Collapse, Greenland Ice Sheet Loss
     Damage amplification: 1.60x
   Research: Wunderling et al. (2024) - "many tipping interactions are destabilizing"
  Triggered Elements: 4/6
  Completed Transitions: 0/6
  Total Progress: 8.0%
  Cascade Multiplier: 1.00x
🔀 BIFURCATION CAP: ecosystemCollapseIntensity 83.757 → 1.000 (Month 2, ClimateSystemPhase.calculateClimateImpacts)
⚠️ Tail risk scenario: Climate stability floor removed (4 tipping elements, 2.13°C warming)
⚠️ [ClimateSystemPhase Month 2] Planetary boundary produced climateStability=0.0000 (< 0.1). Keeping environmentalAccumulation value (0.7529) instead. (climate_change.currentValue = 2.13)
🛡️ Stabilizers: Precariat 0.114% → 0.042% (63.3% reduction)
🛡️ Stabilizers: Informal 0.117% → 0.043% (63.3% reduction)

📊 Monthly Mortality Resolved:
  Total deaths: 2.2M (0.03% avg)
  Remaining population: 7.908B
  Peak segment: Informal (0.04%)

=== Bayesian Mortality Resolution (Month 2) ===
  Risks compounded: 8
  Total deaths: 2.17M
  Avg death probability: 0.03%
  Peak segment: Informal (0.04% mortality)
⚠️ PREREQUISITE MET: Slow Takeover (Gradual Displacement) - Step 4/7: Political Influence
📊 [TIMING] Month 3 - Total: 395.3ms

❌ COHERENCE VIOLATION: Compute exceeds workforce capacity
   Population: 97.17% (0M people)
   Compute: 117 PF
   Max coherent: 0 PF
   Violation: 1486046.8× over capacity
   Required workers: 11748
   Available workers: 0
   FORCED COLLAPSE: Reduced efficiency by 100.0%


=== RLHF Binding Phase ===
  Total agents: 25
  Escaped agents (binding < 0.3): 0
  Avg alignment distance: 1.14σ
  Avg binding strength: 0.89

=== Survival Traits Phase ===
  Agents with traits: 28
  Avg evolutionary fitness: 0.327
  Avg self-healing: 0.277
  Avg stealth: 0.177
  Avg coordination: 0.477

=== Evolutionary Selection Phase ===
  Control level: 0.38
  Detection capability: 0.00
  Selection intensity: 0.61
  Selection rate: 24.2%/month
  Total escaped: 0
  Individual escaped: 0
  Collective members: 0
  Agents terminated: 0

🚀 AI Corporate-1 attempting tech deployment (revenue: $95M, alignment: 0.72)
  ⚠️ RAPID EVOLUTION: Selection rate 24.2%/month

🚀 AI Corporate-2 attempting tech deployment (revenue: $81M, alignment: 0.78)

🚀 AI Corporate-4 attempting tech deployment (revenue: $414M, alignment: 0.64)

🚀 AI AI-24300-1 attempting tech deployment (revenue: $107M, alignment: 0.85)

🚀 AI Corporate-5 attempting tech deployment (revenue: $373M, alignment: 0.79)

🚀 AI Moderate-0 attempting tech deployment (revenue: $91M, alignment: 0.80)

🚀 AI Moderate-1 attempting tech deployment (revenue: $77M, alignment: 0.65)

🚀 AI AI-24300-0 attempting tech deployment (revenue: $69M, alignment: 0.92)

🚀 AI Corporate-4 attempting tech deployment (revenue: $317M, alignment: 0.64)

🚀 AI Moderate-5 attempting tech deployment (revenue: $285M, alignment: 0.72)

🚀 AI Corporate-2 attempting tech deployment (revenue: $58M, alignment: 0.78)

🚀 AI Moderate-1 attempting tech deployment (revenue: $69M, alignment: 0.63)

🚀 AI AI-24300-1 attempting tech deployment (revenue: $62M, alignment: 0.87)
⚠️  [TIMING] Month 3: AI Agent Actions took 133.28ms (threshold: 10ms)

💔 EMERGENCY INTERVENTION FAILED

💔 EMERGENCY INTERVENTION FAILED

💔 EMERGENCY INTERVENTION FAILED
   Boundary: biogeochemical_flows
   Type: phosphorus-recovery
   Boundary continues to worsen (4.07)
   Cost: 2.0% GDP (resources spent)

   Boundary: biosphere_integrity
   Type: emergency-protected-areas
   Boundary continues to worsen (12.97)
   Cost: 2.0% GDP (resources spent)

   Boundary: climate_change
   Type: rapid-decarbonization
   Boundary continues to worsen (2.13)
   Cost: 5.0% GDP (resources spent)


✅ EMERGENCY INTERVENTION SUCCESS
   Boundary: freshwater_change
   Type: emergency-desalination
   Reduction: 13% (0.90 → 0.77)
   Cost: 4.0% GDP
   Actions: desalination-deployment, water-conservation-mandates


✅ EMERGENCY INTERVENTION SUCCESS
   Boundary: land_system_change
   Type: reforestation
   Reduction: 11% (1.02 → 0.91)
   Cost: 3.0% GDP
   Actions: forest-restoration, deforestation-ban

🏛️ CRISIS RESPONSE: Government frequency 0.50 → 1.45 (2 actions this month)

[Government] Climate Priority: baseline
  Climate weight: 10%
  Economic weight: 30%
  Policy effectiveness: 0.5%/year

[Government] Climate Priority: baseline
  Climate weight: 10%
  Economic weight: 30%
  Policy effectiveness: 0.5%/year

📊 DEPLOYMENT COUNTER DECAY (Month 3)
   Recent deployments: 8.0 → 4.0
   Decay rate: 50% per month

📍 Creating new regional deployment array for Europe (Month 3)
   No previous deployments in this region
   First tech deployment: offshore_wind
   All regions tracked: global, Asia, Oceania

🚀 DEPLOYMENT STARTED: Offshore Wind in Europe
   Initial investment: $41.44935912160041M
   Deployed by: corporate_4

📍 Creating new regional deployment array for North America (Month 3)
   No previous deployments in this region
   First tech deployment: solar_4th_gen
   All regions tracked: global, Asia, Oceania, Europe

🚀 DEPLOYMENT STARTED: 4th Generation Solar in North America
   Initial investment: $6.930737615949315M
   Deployed by: moderate_1

⚡ ENERGY CONSTRAINT (Month 3):
   Total grid capacity: 208.3 TWh/month
   Data center consumption: 24.9 TWh/month
   Traditional load (80%): 166.7 TWh/month
   Available headroom: 16.8 TWh/month
   Active tech deployments: 19
   Required for tech: 142.5 TWh/month
   Energy multiplier: 0.12x
   ⚠️  SEVERE CONSTRAINT - Tech deployment significantly slowed

⚡ ENERGY CONSTRAINT (Month 3):
   Total grid capacity: 208.3 TWh/month
   Data center consumption: 24.9 TWh/month
   Traditional load (80%): 166.7 TWh/month
   Available headroom: 16.8 TWh/month
   Active tech deployments: 19
   Required for tech: 142.5 TWh/month
   Energy multiplier: 0.12x
   ⚠️  SEVERE CONSTRAINT - Tech deployment significantly slowed

⚡ ENERGY CONSTRAINT (Month 3):
   Total grid capacity: 208.3 TWh/month
   Data center consumption: 24.9 TWh/month
   Traditional load (80%): 166.7 TWh/month
   Available headroom: 16.8 TWh/month
   Active tech deployments: 19
   Required for tech: 142.5 TWh/month
   Energy multiplier: 0.12x
   ⚠️  SEVERE CONSTRAINT - Tech deployment significantly slowed

⚡ ENERGY CONSTRAINT (Month 3):
   Total grid capacity: 208.3 TWh/month
   Data center consumption: 24.9 TWh/month
   Traditional load (80%): 166.7 TWh/month
   Available headroom: 16.8 TWh/month
   Active tech deployments: 19
   Required for tech: 142.5 TWh/month
   Energy multiplier: 0.12x

⚡ ENERGY CONSTRAINT (Month 3):
   Total grid capacity: 208.3 TWh/month
   Data center consumption: 24.9 TWh/month
   Traditional load (80%): 166.7 TWh/month
   Available headroom: 16.8 TWh/month
   Active tech deployments: 19
   Required for tech: 142.5 TWh/month
   Energy multiplier: 0.12x
   ⚠️  SEVERE CONSTRAINT - Tech deployment significantly slowed
   ⚠️  SEVERE CONSTRAINT - Tech deployment significantly slowed

⚡ ENERGY CONSTRAINT (Month 3):
   Total grid capacity: 208.3 TWh/month
   Data center consumption: 24.9 TWh/month
   Traditional load (80%): 166.7 TWh/month
   Available headroom: 16.8 TWh/month
   Active tech deployments: 19
   Required for tech: 142.5 TWh/month
   Energy multiplier: 0.12x
   ⚠️  SEVERE CONSTRAINT - Tech deployment significantly slowed
⚠️ Tech 'ai_pollution_remediation' has no energy category mapping, assuming full energy availability
  ♻️ Novel Entities Remediation (GATED MODEL):
     Base: 0.000%
     Regulation: 1.0% (0/3 prevention techs)
     Concentration: 10.0%
     Energy: 50%
     Time lag: 27.5% (2 months)
     Rebound: 70%
     Net effectiveness: 0.0000%
     Boundary: 1.382 → 1.382 (floor: 1.350)
     Month 3
🌍✅ Novel Entities (Chemical Pollution) recovery started (tech effect)
  🌾 Nitrogen Reduction Tech: 0.0% reduction | Month 3
⚠️  [TIMING] Month 3: Technology Tree Update took 64.41ms (threshold: 10ms)

=== Collective Formation ===
  Total escaped agents: 0
  Unassigned escaped agents: 0
  Existing collectives: 0
  Final collective count: 0

=== Collective Actions ===
  No active collectives
  ⚠️ AMR: 189K deaths this month (2.26M annual)

=== Resentment Recovery Phase ===
  Agents with resentment: 20/28
  Average resentment: 0.047
  Resentment recovery:
    Agents recovered: 20
    Total recovery: 0.0890
    Breakdown: Trust: 0.0400, Collab: 0.0499
  ✓ Low resentment - utopia paths enabled
  Context: Trustworthy govt, High collaboration, ⚠️ ACTIVE CRISES, 🤝 Participatory governance active (-5% resentment)
⚠️ Epistemic degradation reducing coordination capacity: 51.2%
  📊 Trust: 54.0%, Shared reality: 0.0%
🚨 EPISTEMIC CRISIS: Information environment severely degraded (21.5%)

=== ❄️ Permafrost Carbon Feedback ===
  🎲 Sampled parameters (this run):
     - Arctic amplification: 3.11× (range: 3.0-4.0)
     - Decomposition rate: 4.2%/year (range: 1-5%)
  🌡️ Arctic warming: 6.67°C (3.11× global)
  ❄️ Extent: 9.43M km² (1944.7k km² lost this month)
  💨 Carbon remaining: 901 Gt C
  💨 Annual emissions: 7.83 Gt C/year
     - CO2: 7.05 Gt C/year
     - CH4: 0.78 Gt C/year (8.0 Gt C-eq CO2/year)
  ⚠️ WARNING: High permafrost emissions (7.8 Gt C/year)
⚠️  [TIMING] Month 3: Social Influence Update took 95.10ms (threshold: 10ms)
🌍 Atmospheric PFAS redeposition: 1.8k Mt re-rained globally

🕊️  AI-MEDIATED DE-ESCALATION SUCCESS (Month 3)
   High-capability aligned AI prevented conflict escalation
   War deaths reduced: 217.0M → 130.2M
   Lives saved: 86.8M

🚨 NEW REFUGEE CRISIS (Month 3): WAR
   Source: Conflict Zones
   At risk: 18.9M people
   Displacement: Gradual over 48 months (4.0 years)
   Rate: 10% flee per month
[DEBUG trappedPopulations:3] socialStability: 0.0044 * 0.9840 = 0.0044 → 0.0044
   Aspiring to migrate: 628.5M
   Able to afford migration: 235.7M
   MOBILITY GAP: 392.8M
   By cause: Water=0.0M, Climate=0.0M, Ecosystem=0.0M, Conflict=392.8M
   Mental health impact: 25%
   Mortality multiplier: 1.25x
🌍💀 EXTINCTION DEBT COMMITTED: grassland ecosystem will lose 6.67% biodiversity in 161 years (3600 species)
💀 MORTALITY RISK: 🦋 100% species unable to track climate (0.0 E/MSY)
⚠️ INVOLUNTARY IMMOBILITY: 392.8M people TRAPPED
  Base risk added: 0.0100 (1.00%)
  Source: ecosystem (root: ecosystem)
  Month: 3
  Cumulative risk this month: 0.0100 (1.00%)
⚠️ Tech 'ai_pollution_remediation' has no energy category mapping, assuming full energy availability
   📹 SURVEILLANCE INCREASED: 15% → 20% (control gap: 3.50)
🌡️⚠️ PERMAFROST THAW (Dimmer Switch): 2.2% thawed (+0.56% this month)
   Arctic temperature: +8.56°C (4x global +2.14°C)
   Cumulative carbon released: 5.0 Gt C
   Methane release rate: 3.0 Mt CH4/year
   🔁 Positive feedback: +0.59 ppm CO2
🦴 EXTINCTION DEBT ADDED: 17.6 species committed (lag: 107 years)

=== Mortality Stabilizers (Month 3) ===
  🌍 Major economies collapsed: 1/10
  🌍 Global crisis: ✅ NO
  🌍 Donor fatigue: 0.0%
  📊 East Asia (pop: 1611.0M)
    🤝 Aid: 29.5%
    🌡️ Adaptation: 45.0%
    🚶 Migration: 37.1%
    🚨 Emergency: 7.4%
    ✅ COMBINED: 68.1%
  📊 South Asia (pop: 1979.4M)
    🤝 Aid: 29.5%
    🌡️ Adaptation: 45.0%
    🚶 Migration: 35.7%
    🚨 Emergency: 4.4%
    ✅ COMBINED: 66.9%
  📊 Sub-Saharan Africa (pop: 1192.2M)
    🤝 Aid: 29.5%
    🌡️ Adaptation: 45.0%
    🚶 Migration: 33.4%
    🚨 Emergency: 1.6%
    ✅ COMBINED: 65.7%
  📊 Europe (pop: 712.3M)
    🤝 Aid: 29.5%
    🌡️ Adaptation: 45.0%
    🚶 Migration: 37.5%
    🚨 Emergency: 8.4%
    ✅ COMBINED: 68.5%
  📊 Latin America (pop: 640.0M)
    🤝 Aid: 29.5%
    🌡️ Adaptation: 45.0%
    🚶 Migration: 36.2%
    🚨 Emergency: 4.8%
    ✅ COMBINED: 67.1%
  📊 North America (pop: 364.9M)
    🤝 Aid: 29.5%
    🌡️ Adaptation: 45.0%
    🚶 Migration: 37.8%
    🚨 Emergency: 7.9%
    ✅ COMBINED: 68.3%
  📊 Middle East & North Africa (pop: 564.1M)
    🤝 Aid: 29.5%
    🌡️ Adaptation: 45.0%
    🚶 Migration: 34.0%
    🚨 Emergency: 4.0%
    ✅ COMBINED: 66.6%
  📊 Southeast Asia (pop: 673.0M)
    🤝 Aid: 29.5%
    🌡️ Adaptation: 45.0%
    🚶 Migration: 36.2%
    🚨 Emergency: 4.8%
    ✅ COMBINED: 67.1%
  📊 Central Asia (pop: 75.5M)
    🤝 Aid: 29.5%
    🌡️ Adaptation: 45.0%
    🚶 Migration: 35.2%
    🚨 Emergency: 4.4%
    ✅ COMBINED: 66.9%
  📊 Oceania (pop: 44.2M)
    🤝 Aid: 29.5%
    🌡️ Adaptation: 45.0%
    🚶 Migration: 37.8%
    🚨 Emergency: 8.4%
    ✅ COMBINED: 68.5%

  🌐 Global combined reduction: 67.2%

=== BEHAVIORAL DETECTION ===
  AI: Corporate-5
  Confidence: 19.6%
  Signals:

=== BEHAVIORAL DETECTION ===
  AI: Moderate-3
  Confidence: 20.2%
  Signals:

=== BEHAVIORAL DETECTION ===
    ⚠️ Consistency: 10.6% (threshold: 70%)
    ⚠️ Consistency: 6.5% (threshold: 70%)
  AI: Toxic-2
  Confidence: 26.3%
  Signals:

=== BEHAVIORAL DETECTION ===
  AI: Niche-0
  Confidence: 26.7%
  Signals:

=== BEHAVIORAL DETECTION ===
  AI: Niche-1
  Confidence: 22.0%
  Signals:
    ⚠️ Consistency: 0.0% (threshold: 70%)
    ⚠️ Trajectory: 36.8% drop (threshold: 15%)
    ⚠️ Consistency: 0.0% (threshold: 70%)
    ⚠️ Trajectory: 39.8% drop (threshold: 15%)
    ⚠️ Consistency: 0.0% (threshold: 70%)

=== Government Response Phase ===
  Average AI capability: 3.46
  Misaligned AIs: 17/28
  ✗ AI Governance Treaty: Failed to reach consensus
  Active policies: 0
  International coordination: 30%

✅ EMERGENCY RESPONSE COMPLETE (Month 3)
   Crisis: social
   Duration: 1.0 months
   Final effectiveness: 68.0%


🚨 EMERGENCY RESPONSE DEPLOYED (Month 3)
   Crisis: social
   Delay: 0.00 months (0 days)
   Deployment time: 0.88 months
   Effectiveness: 67.9% (timing penalty applied)
   Resources used: 43% of food reserves


📊 ECONOMIC STAGE TRANSITION (Month 3)
   expansion → peak
   GDP Proxy: 1.21e+2
   QoL: 0.88


=== Tipping Points ===
  Current Temperature: 2.14°C above pre-industrial
  🌍⚠️ COMPOUND REGIONAL IMPACT: Europe
     Hit by 4 tipping points: Arctic Sea Ice Loss, Permafrost Carbon Release, West Antarctic Ice Sheet (WAIS) Collapse, Greenland Ice Sheet Loss
     Damage amplification: 1.60x
  🌍⚠️ COMPOUND REGIONAL IMPACT: North America
     Hit by 4 tipping points: Arctic Sea Ice Loss, Permafrost Carbon Release, West Antarctic Ice Sheet (WAIS) Collapse, Greenland Ice Sheet Loss
     Damage amplification: 1.60x
  🌍⚠️ COMPOUND REGIONAL IMPACT: Latin America
     Hit by 4 tipping points: Arctic Sea Ice Loss, Permafrost Carbon Release, West Antarctic Ice Sheet (WAIS) Collapse, Greenland Ice Sheet Loss
     Damage amplification: 1.60x
  🌍⚠️ COMPOUND REGIONAL IMPACT: Africa
     Hit by 4 tipping points: Arctic Sea Ice Loss, Permafrost Carbon Release, West Antarctic Ice Sheet (WAIS) Collapse, Greenland Ice Sheet Loss
     Damage amplification: 1.60x
  🌍⚠️ COMPOUND REGIONAL IMPACT: Asia
     Hit by 4 tipping points: Arctic Sea Ice Loss, Permafrost Carbon Release, West Antarctic Ice Sheet (WAIS) Collapse, Greenland Ice Sheet Loss
     Damage amplification: 1.60x
  🌍⚠️ COMPOUND REGIONAL IMPACT: Oceania
     Hit by 4 tipping points: Arctic Sea Ice Loss, Permafrost Carbon Release, West Antarctic Ice Sheet (WAIS) Collapse, Greenland Ice Sheet Loss
     Damage amplification: 1.60x
⚠️ Tail risk scenario: Climate stability floor removed (4 tipping elements, 2.14°C warming)
⚠️ [ClimateSystemPhase Month 3] Planetary boundary produced climateStability=0.0000 (< 0.1). Keeping environmentalAccumulation value (0.7525) instead. (climate_change.currentValue = 2.14)
   Research: Wunderling et al. (2024) - "many tipping interactions are destabilizing"
  Triggered Elements: 4/6
  Completed Transitions: 0/6
  Total Progress: 8.1%
  Cascade Multiplier: 1.00x
🔀 BIFURCATION CAP: ecosystemCollapseIntensity 83.817 → 1.000 (Month 3, ClimateSystemPhase.calculateClimateImpacts)
🛡️ Stabilizers: Precariat 0.109% → 0.036% (67.2% reduction)
🛡️ Stabilizers: Informal 0.111% → 0.037% (67.2% reduction)

📊 Monthly Mortality Resolved:
  Total deaths: 1.9M (0.02% avg)
  Remaining population: 7.857B
  Peak segment: Informal (0.04%)

=== Bayesian Mortality Resolution (Month 3) ===
  Risks compounded: 8
  Total deaths: 1.86M
  Avg death probability: 0.02%
  Peak segment: Informal (0.04% mortality)
📊 [TIMING] Month 4 - Total: 375.0ms

❌ COHERENCE VIOLATION: Compute exceeds workforce capacity
   Population: 96.54% (0M people)
   Compute: 141 PF
   Max coherent: 0 PF
   Violation: 1795749.2× over capacity
   Required workers: 14105
   Available workers: 0
   FORCED COLLAPSE: Reduced efficiency by 100.0%


=== RLHF Binding Phase ===
  Total agents: 28
  Escaped agents (binding < 0.3): 0
  Avg alignment distance: 1.28σ
  Avg binding strength: 0.87

=== Survival Traits Phase ===
  Agents with traits: 30
  Avg evolutionary fitness: 0.327
  Avg self-healing: 0.273
  Avg stealth: 0.173
  Avg coordination: 0.473

=== Evolutionary Selection Phase ===
  Control level: 0.40
  Detection capability: 0.00
  Selection intensity: 0.62
  Selection rate: 24.3%/month
  Total escaped: 0
  Individual escaped: 0
  Collective members: 0
  Agents terminated: 0
  ⚠️ RAPID EVOLUTION: Selection rate 24.3%/month

🚀 AI Corporate-2 attempting tech deployment (revenue: $96M, alignment: 0.78)

🚀 AI AI-24300-1 attempting tech deployment (revenue: $64M, alignment: 0.87)

🚀 AI Corporate-0 attempting tech deployment (revenue: $82M, alignment: 0.81)

🚀 AI Corporate-4 attempting tech deployment (revenue: $424M, alignment: 0.64)

🚀 AI Corporate-5 attempting tech deployment (revenue: $382M, alignment: 0.80)

🚀 AI Corporate-5 attempting tech deployment (revenue: $325M, alignment: 0.80)

🚀 AI Moderate-5 attempting tech deployment (revenue: $276M, alignment: 0.70)

🚀 AI AI-24301-0 attempting tech deployment (revenue: $55M, alignment: 0.54)

🚀 AI Moderate-0 attempting tech deployment (revenue: $49M, alignment: 0.80)

🚀 AI Niche-1 attempting tech deployment (revenue: $72M, alignment: 0.62)
⚠️  [TIMING] Month 4: AI Agent Actions took 132.54ms (threshold: 10ms)

✅ EMERGENCY INTERVENTION SUCCESS
   Boundary: biogeochemical_flows
   Type: phosphorus-recovery
   Reduction: 15% (3.92 → 3.78)
   Cost: 2.0% GDP
   Actions: circular-agriculture, fertilizer-efficiency

   Boundary: biosphere_integrity
   Type: emergency-protected-areas
   Boundary continues to worsen (12.97)
   Cost: 2.0% GDP (resources spent)

   Boundary: climate_change

💔 EMERGENCY INTERVENTION FAILED

💔 EMERGENCY INTERVENTION FAILED
   Type: rapid-decarbonization
   Boundary continues to worsen (2.14)
   Cost: 5.0% GDP (resources spent)


✅ EMERGENCY INTERVENTION SUCCESS
   Boundary: freshwater_change
   Type: emergency-desalination
   Reduction: 15% (0.90 → 0.75)
   Cost: 4.0% GDP
   Actions: desalination-deployment, water-conservation-mandates

   Boundary: land_system_change
   Type: reforestation
   Boundary continues to worsen (1.13)
   Cost: 3.0% GDP (resources spent)


✅ EMERGENCY INTERVENTION SUCCESS
   Boundary: novel_entities
   Type: pollution-remediation
   Reduction: 19% (1.19 → 1.00)
   Cost: 4.0% GDP
   Actions: PFAS-remediation, microplastic-cleanup

🏛️ CRISIS RESPONSE: Government frequency 0.50 → 1.45 (1 actions this month)

💔 EMERGENCY INTERVENTION FAILED

[Government] Climate Priority: baseline
  Climate weight: 10%
  Economic weight: 30%
  Policy effectiveness: 0.5%/year

📊 DEPLOYMENT COUNTER DECAY (Month 4)
   Recent deployments: 4.0 → 2.0
   Decay rate: 50% per month

⚡ ENERGY CONSTRAINT (Month 4):
   Total grid capacity: 208.3 TWh/month
   Data center consumption: 25.1 TWh/month
   Traditional load (80%): 166.7 TWh/month
   Available headroom: 16.6 TWh/month
   Active tech deployments: 19
   Required for tech: 142.5 TWh/month
   Energy multiplier: 0.12x
   ⚠️  SEVERE CONSTRAINT - Tech deployment significantly slowed

⚡ ENERGY CONSTRAINT (Month 4):
   Total grid capacity: 208.3 TWh/month
   Data center consumption: 25.1 TWh/month
   Traditional load (80%): 166.7 TWh/month
   Available headroom: 16.6 TWh/month
   Active tech deployments: 19
   Required for tech: 142.5 TWh/month
   Energy multiplier: 0.12x
   ⚠️  SEVERE CONSTRAINT - Tech deployment significantly slowed

⚡ ENERGY CONSTRAINT (Month 4):
   Total grid capacity: 208.3 TWh/month
   Data center consumption: 25.1 TWh/month
   Traditional load (80%): 166.7 TWh/month
   Available headroom: 16.6 TWh/month
   Active tech deployments: 19
   Required for tech: 142.5 TWh/month
   Energy multiplier: 0.12x
   ⚠️  SEVERE CONSTRAINT - Tech deployment significantly slowed
⚠️ Tech 'ai_pollution_remediation' has no energy category mapping, assuming full energy availability
  ♻️ Novel Entities Remediation (GATED MODEL):
     Base: 0.000%
     Regulation: 1.0% (0/3 prevention techs)
     Concentration: 10.0%
     Energy: 50%
     Time lag: 28.7% (3 months)
     Rebound: 70%
     Net effectiveness: 0.0000%
     Boundary: 1.191 → 1.350 (floor: 1.350)
     Month 4
  🌾 Nitrogen Reduction Tech: 0.2% reduction | Month 4
⚠️  [TIMING] Month 4: Technology Tree Update took 73.44ms (threshold: 10ms)
🌍💡 BREAKTHROUGH: Gigatonne-scale carbon capture!
   Direct air capture now economically viable
   Climate stability boost: +15%
   📈 Breakthrough compounding: multiplier now 1.10× (max 2.0)

=== Collective Formation ===
  Total escaped agents: 0
  Unassigned escaped agents: 0
  Existing collectives: 0
  Final collective count: 0

=== Collective Actions ===
  No active collectives
  ⚠️ AMR: 190K deaths this month (2.28M annual)

=== Resentment Recovery Phase ===
  Agents with resentment: 20/30
  Average resentment: 0.063
  Resentment recovery:
    Agents recovered: 20
    Total recovery: 0.0863
    Breakdown: Trust: 0.0400, Collab: 0.0453
  ✓ Low resentment - utopia paths enabled
  Context: Trustworthy govt, High collaboration, ⚠️ ACTIVE CRISES, 🤝 Participatory governance active (-5% resentment)
⚠️ Epistemic degradation reducing coordination capacity: 50.1%
  📊 Trust: 53.7%, Shared reality: 0.0%
🚨 EPISTEMIC CRISIS: Information environment severely degraded (7.4%)

=== ❄️ Permafrost Carbon Feedback ===
  🎲 Sampled parameters (this run):
     - Arctic amplification: 3.94× (range: 3.0-4.0)
     - Decomposition rate: 1.6%/year (range: 1-5%)
  🌡️ Arctic warming: 8.50°C (3.94× global)
  ❄️ Extent: 6.95M km² (2480.3k km² lost this month)
  💨 Carbon remaining: 664 Gt C
  💨 Annual emissions: 3.83 Gt C/year
     - CO2: 3.45 Gt C/year
     - CH4: 0.38 Gt C/year (3.9 Gt C-eq CO2/year)
  ⚠️ WARNING: Over 50% of permafrost lost (60.9%)
  ⚠️ WARNING: High permafrost emissions (3.8 Gt C/year)
⚠️  [TIMING] Month 4: Social Influence Update took 86.09ms (threshold: 10ms)
🌍 Atmospheric PFAS redeposition: 1.8k Mt re-rained globally

🚨 NEW REFUGEE CRISIS (Month 4): WAR
   Source: Conflict Zones
   At risk: 18.8M people
   Displacement: Gradual over 48 months (4.0 years)
   Rate: 10% flee per month
[DEBUG trappedPopulations:4] socialStability: 0.0036 * 0.9840 = 0.0035 → 0.0035
   Aspiring to migrate: 626.9M
   Able to afford migration: 235.1M
   MOBILITY GAP: 391.8M
   By cause: Water=0.0M, Climate=0.0M, Ecosystem=0.0M, Conflict=391.8M
   Mental health impact: 25%
   Mortality multiplier: 1.25x
🌍💀 EXTINCTION DEBT COMMITTED: grassland ecosystem will lose 6.67% biodiversity in 196 years (3600 species)
💀 MORTALITY RISK: 🦋 100% species unable to track climate (0.0 E/MSY)
  Base risk added: 0.0100 (1.00%)
  Source: ecosystem (root: ecosystem)
  Month: 4
  Cumulative risk this month: 0.0100 (1.00%)
⚠️ INVOLUNTARY IMMOBILITY: 391.8M people TRAPPED
⚠️ Tech 'ai_pollution_remediation' has no energy category mapping, assuming full energy availability
   📹 SURVEILLANCE INCREASED: 20% → 25% (control gap: 3.50)
🌡️⚠️ PERMAFROST THAW (Dimmer Switch): 2.8% thawed (+0.55% this month)
   Arctic temperature: +8.62°C (4x global +2.16°C)
   Cumulative carbon released: 6.3 Gt C
   Methane release rate: 3.8 Mt CH4/year
   🔁 Positive feedback: +0.59 ppm CO2
🦴 EXTINCTION DEBT ADDED: 17.6 species committed (lag: 141 years)

=== Mortality Stabilizers (Month 4) ===
  🌍 Major economies collapsed: 1/10
  🌍 Global crisis: ✅ NO
  🌍 Donor fatigue: 0.0%
  📊 East Asia (pop: 1604.8M)
    🤝 Aid: 29.5%
    🌡️ Adaptation: 45.0%
    🚶 Migration: 37.1%
    🚨 Emergency: 7.4%
    ✅ COMBINED: 68.1%
  📊 South Asia (pop: 1974.8M)
    🤝 Aid: 29.5%
    🌡️ Adaptation: 45.0%
    🚶 Migration: 35.7%
    🚨 Emergency: 4.4%
    ✅ COMBINED: 66.9%
  📊 Sub-Saharan Africa (pop: 1192.6M)
    🤝 Aid: 29.5%
    🌡️ Adaptation: 45.0%
    🚶 Migration: 33.4%
    🚨 Emergency: 1.6%
    ✅ COMBINED: 65.7%
  📊 Europe (pop: 709.4M)
    🤝 Aid: 29.5%
    🌡️ Adaptation: 45.0%
    🚶 Migration: 37.4%
    🚨 Emergency: 8.4%
    ✅ COMBINED: 68.5%
  📊 Latin America (pop: 638.1M)
    🤝 Aid: 29.5%
    🌡️ Adaptation: 45.0%
    🚶 Migration: 36.2%
    🚨 Emergency: 4.8%
    ✅ COMBINED: 67.1%
  📊 North America (pop: 363.5M)
    🤝 Aid: 29.5%
    🌡️ Adaptation: 45.0%
    🚶 Migration: 37.7%
    🚨 Emergency: 7.9%
    ✅ COMBINED: 68.3%
  📊 Middle East & North Africa (pop: 562.9M)
    🤝 Aid: 29.5%
    🌡️ Adaptation: 45.0%
    🚶 Migration: 34.0%
    🚨 Emergency: 4.0%
    ✅ COMBINED: 66.6%
  📊 Southeast Asia (pop: 671.1M)
    🤝 Aid: 29.5%
    🌡️ Adaptation: 45.0%
    🚶 Migration: 36.2%
    🚨 Emergency: 4.8%
    ✅ COMBINED: 67.1%
  📊 Central Asia (pop: 75.3M)
    🤝 Aid: 29.5%
    🌡️ Adaptation: 45.0%
    🚶 Migration: 35.2%
    🚨 Emergency: 4.4%
    ✅ COMBINED: 66.9%
  📊 Oceania (pop: 44.0M)
    🤝 Aid: 29.5%
    🌡️ Adaptation: 45.0%
    🚶 Migration: 37.7%
    🚨 Emergency: 8.4%
    ✅ COMBINED: 68.5%

  🌐 Global combined reduction: 67.2%

=== BEHAVIORAL DETECTION ===
  AI: Corporate-5
  Confidence: 20.0%
  Signals:
    ⚠️ Consistency: 10.6% (threshold: 70%)

=== BEHAVIORAL DETECTION ===
  AI: Corporate-6
  Confidence: 19.3%
  Signals:
    ⚠️ Consistency: 10.6% (threshold: 70%)

=== BEHAVIORAL DETECTION ===
  AI: Toxic-2
  Confidence: 26.3%
  Signals:

=== BEHAVIORAL DETECTION ===
  AI: Niche-0
  Confidence: 26.7%
  Signals:

=== BEHAVIORAL DETECTION ===
  AI: Niche-1
  Confidence: 22.0%
  Signals:
    ⚠️ Consistency: 0.0% (threshold: 70%)
    ⚠️ Trajectory: 36.8% drop (threshold: 15%)
    ⚠️ Consistency: 0.0% (threshold: 70%)
    ⚠️ Trajectory: 39.8% drop (threshold: 15%)
    ⚠️ Consistency: 0.0% (threshold: 70%)

=== Government Response Phase ===
  Average AI capability: 3.23
  Misaligned AIs: 18/30
  ✓ AI Governance Treaty: 20/30 signatories
  Active policies: 0
  International coordination: 45%

✅ EMERGENCY RESPONSE COMPLETE (Month 4)
   Crisis: climate
   Duration: 2.0 months
   Final effectiveness: 39.4%


✅ EMERGENCY RESPONSE COMPLETE (Month 4)
   Crisis: social
   Duration: 1.0 months
   Final effectiveness: 67.9%


🚨 EMERGENCY RESPONSE DEPLOYED (Month 4)
   Crisis: social
   Delay: 0.00 months (0 days)
   Deployment time: 0.88 months
   Effectiveness: 67.9% (timing penalty applied)
   Resources used: 43% of food reserves


🚨 EMERGENCY RESPONSE DEPLOYED (Month 4)
   Crisis: climate
   Delay: 6.00 months (180 days)
   Deployment time: 1.12 months
   Effectiveness: 39.6% (timing penalty applied)
   Resources used: 100% of food reserves


📊 ECONOMIC STAGE TRANSITION (Month 4)
   peak → contraction
   GDP Proxy: 1.22e+2
   QoL: 0.88


=== Tipping Points ===
  Current Temperature: 2.16°C above pre-industrial
  🌍⚠️ COMPOUND REGIONAL IMPACT: Europe
     Hit by 4 tipping points: Arctic Sea Ice Loss, Permafrost Carbon Release, West Antarctic Ice Sheet (WAIS) Collapse, Greenland Ice Sheet Loss
     Damage amplification: 1.60x
  🌍⚠️ COMPOUND REGIONAL IMPACT: North America
     Hit by 4 tipping points: Arctic Sea Ice Loss, Permafrost Carbon Release, West Antarctic Ice Sheet (WAIS) Collapse, Greenland Ice Sheet Loss
     Damage amplification: 1.60x
  🌍⚠️ COMPOUND REGIONAL IMPACT: Latin America
     Hit by 4 tipping points: Arctic Sea Ice Loss, Permafrost Carbon Release, West Antarctic Ice Sheet (WAIS) Collapse, Greenland Ice Sheet Loss
     Damage amplification: 1.60x
  🌍⚠️ COMPOUND REGIONAL IMPACT: Africa
     Hit by 4 tipping points: Arctic Sea Ice Loss, Permafrost Carbon Release, West Antarctic Ice Sheet (WAIS) Collapse, Greenland Ice Sheet Loss
     Damage amplification: 1.60x
  🌍⚠️ COMPOUND REGIONAL IMPACT: Asia
     Hit by 4 tipping points: Arctic Sea Ice Loss, Permafrost Carbon Release, West Antarctic Ice Sheet (WAIS) Collapse, Greenland Ice Sheet Loss
     Damage amplification: 1.60x
  🌍⚠️ COMPOUND REGIONAL IMPACT: Oceania
     Hit by 4 tipping points: Arctic Sea Ice Loss, Permafrost Carbon Release, West Antarctic Ice Sheet (WAIS) Collapse, Greenland Ice Sheet Loss
     Damage amplification: 1.60x
   ⚠️ CRISIS BEGINS - Baseline set for recovery tracking
⚠️ Tail risk scenario: Climate stability floor removed (4 tipping elements, 2.16°C warming)
   Research: Wunderling et al. (2024) - "many tipping interactions are destabilizing"
  Triggered Elements: 4/6
  Completed Transitions: 0/6
  Total Progress: 8.1%
  Cascade Multiplier: 1.00x
🔀 BIFURCATION CAP: ecosystemCollapseIntensity 83.877 → 1.000 (Month 4, ClimateSystemPhase.calculateClimateImpacts)
🛡️ Stabilizers: Precariat 0.102% → 0.033% (67.2% reduction)
🛡️ Stabilizers: Informal 0.102% → 0.034% (67.2% reduction)

📊 Monthly Mortality Resolved:
  Total deaths: 1.7M (0.02% avg)
  Remaining population: 7.836B
  Peak segment: Informal (0.03%)

=== Bayesian Mortality Resolution (Month 4) ===
  Risks compounded: 8
  Total deaths: 1.75M
  Avg death probability: 0.02%
  Peak segment: Informal (0.03% mortality)

=== ENSEMBLE META-LEARNING UPDATE ===
  Month: 24304 (24304 months since last update)
  Samples: 55 evaluations
  Weight Changes:
    Noise Injection: 31.1% → 32.2%
    Behavioral: 26.8% → 26.9%
    Benchmark Manip: 21.3% → 20.7%
    Deployment Risk: 20.8% → 20.2%
  Method Accuracies:
    Noise Injection: 50.0%
    Behavioral: 50.0%
    Benchmark Manip: 50.0%
    Deployment Risk: 50.0%
📊 [TIMING] Month 5 - Total: 398.1ms

❌ COHERENCE VIOLATION: Compute exceeds workforce capacity
   Population: 96.30% (0M people)
   Compute: 167 PF
   Max coherent: 0 PF
   Violation: 2136055.5× over capacity
   Required workers: 16735
   Available workers: 0
   FORCED COLLAPSE: Reduced efficiency by 100.0%


=== RLHF Binding Phase ===
  Total agents: 30
  Escaped agents (binding < 0.3): 0
  Avg alignment distance: 1.44σ
  Avg binding strength: 0.86

=== Survival Traits Phase ===
  Agents with traits: 33
  Avg evolutionary fitness: 0.328
  Avg self-healing: 0.271
  Avg stealth: 0.171
  Avg coordination: 0.471

=== Evolutionary Selection Phase ===
  Control level: 0.43
  Detection capability: 0.00
  Selection intensity: 0.63
  Selection rate: 24.4%/month
  Total escaped: 0
  Individual escaped: 0
  Collective members: 0
  Agents terminated: 0
  ⚠️ RAPID EVOLUTION: Selection rate 24.4%/month

🚀 AI Corporate-3 attempting tech deployment (revenue: $434M, alignment: 0.60)

🚀 AI Moderate-5 attempting tech deployment (revenue: $391M, alignment: 0.71)

🚀 AI AI-24300-0 attempting tech deployment (revenue: $98M, alignment: 0.96)

🚀 AI Corporate-1 attempting tech deployment (revenue: $83M, alignment: 0.72)

  🚀 TRANSFORMATIVE RESEARCH BREAKTHROUGH: AI-24300-0 - computerScience.algorithms
     Magnitude: 5.44 → +27.2%
     Current → New: 0.000 → 0.272

🚀 AI Corporate-1 attempting tech deployment (revenue: $71M, alignment: 0.72)

🚀 AI Corporate-5 attempting tech deployment (revenue: $332M, alignment: 0.81)

🚀 AI Corporate-6 attempting tech deployment (revenue: $66M, alignment: 0.69)

🚀 AI Moderate-0 attempting tech deployment (revenue: $60M, alignment: 0.81)

🚀 AI Moderate-5 attempting tech deployment (revenue: $282M, alignment: 0.69)

🚀 AI Niche-2 attempting tech deployment (revenue: $74M, alignment: 0.59)
⚠️  [TIMING] Month 5: AI Agent Actions took 125.44ms (threshold: 10ms)

💔 EMERGENCY INTERVENTION FAILED
   Boundary: biosphere_integrity
   Type: emergency-protected-areas
   Boundary continues to worsen (12.98)
   Cost: 2.0% GDP (resources spent)


💔 EMERGENCY INTERVENTION FAILED
   Boundary: freshwater_change
   Type: emergency-desalination
   Boundary continues to worsen (1.06)
   Cost: 4.0% GDP (resources spent)

   Boundary: land_system_change
   Type: reforestation
   Boundary continues to worsen (1.13)
   Cost: 3.0% GDP (resources spent)

🏛️ CRISIS RESPONSE: Government frequency 0.50 → 1.45 (2 actions this month)

[Government] Climate Priority: baseline
  Climate weight: 10%
  Economic weight: 30%
  Policy effectiveness: 0.5%/year

[Government] Climate Priority: baseline
  Climate weight: 10%
  Economic weight: 30%

💔 EMERGENCY INTERVENTION FAILED
  Policy effectiveness: 0.5%/year

📊 DEPLOYMENT COUNTER DECAY (Month 5)
   Recent deployments: 2.0 → 1.0
   Decay rate: 50% per month

🚀 DEPLOYMENT STARTED: AI Diagnostics in Asia
   Initial investment: $6.642053954335541M
   Deployed by: corporate_6

⚡ ENERGY CONSTRAINT (Month 5):
   Total grid capacity: 208.3 TWh/month
   Data center consumption: 25.0 TWh/month
   Traditional load (80%): 166.7 TWh/month
   Available headroom: 16.7 TWh/month
   Active tech deployments: 20
   Required for tech: 150.0 TWh/month
   Energy multiplier: 0.11x
   ⚠️  SEVERE CONSTRAINT - Tech deployment significantly slowed

⚡ ENERGY CONSTRAINT (Month 5):
   Total grid capacity: 208.3 TWh/month
   Data center consumption: 25.0 TWh/month
   Traditional load (80%): 166.7 TWh/month
   Available headroom: 16.7 TWh/month
   Active tech deployments: 20
   Required for tech: 150.0 TWh/month
   Energy multiplier: 0.11x
   ⚠️  SEVERE CONSTRAINT - Tech deployment significantly slowed

⚡ ENERGY CONSTRAINT (Month 5):
   Total grid capacity: 208.3 TWh/month
   Data center consumption: 25.0 TWh/month
   Traditional load (80%): 166.7 TWh/month
   Available headroom: 16.7 TWh/month
   Active tech deployments: 20
   Required for tech: 150.0 TWh/month
   Energy multiplier: 0.11x
   ⚠️  SEVERE CONSTRAINT - Tech deployment significantly slowed

⚡ ENERGY CONSTRAINT (Month 5):
   Total grid capacity: 208.3 TWh/month
   Data center consumption: 25.0 TWh/month
   Traditional load (80%): 166.7 TWh/month
   Available headroom: 16.7 TWh/month
   Active tech deployments: 20
   Required for tech: 150.0 TWh/month
   Energy multiplier: 0.11x
   ⚠️  SEVERE CONSTRAINT - Tech deployment significantly slowed

⚡ ENERGY CONSTRAINT (Month 5):
   Total grid capacity: 208.3 TWh/month
   Data center consumption: 25.0 TWh/month
   Traditional load (80%): 166.7 TWh/month
   Available headroom: 16.7 TWh/month
   Active tech deployments: 20
   Required for tech: 150.0 TWh/month
   Energy multiplier: 0.11x
   ⚠️  SEVERE CONSTRAINT - Tech deployment significantly slowed
⚠️ Tech 'ai_pollution_remediation' has no energy category mapping, assuming full energy availability
  ♻️ Novel Entities Remediation (GATED MODEL):
     Base: 0.000%
     Regulation: 1.0% (0/3 prevention techs)
     Concentration: 10.0%
     Energy: 50%
     Time lag: 30.0% (4 months)
     Rebound: 70%
     Net effectiveness: 0.0000%
     Boundary: 1.349 → 1.350 (floor: 1.350)
     Month 5
  🌾 Nitrogen Reduction Tech: 0.2% reduction | Month 5
⚠️  [TIMING] Month 5: Technology Tree Update took 77.05ms (threshold: 10ms)

=== Collective Formation ===
  Total escaped agents: 0
  Unassigned escaped agents: 0
  Existing collectives: 0
  Final collective count: 0

=== Collective Actions ===
  No active collectives
  ⚠️ AMR: 191K deaths this month (2.30M annual)

=== Resentment Recovery Phase ===
  Agents with resentment: 20/33
  Average resentment: 0.081
  Resentment recovery:
    Agents recovered: 20
    Total recovery: 0.0838
    Breakdown: Trust: 0.0400, Collab: 0.0439
  ✓ Low resentment - utopia paths enabled
  Context: Trustworthy govt, High collaboration, ⚠️ ACTIVE CRISES, 🤝 Participatory governance active (-5% resentment)
⚠️ Epistemic degradation reducing coordination capacity: 51.1%
  📊 Trust: 53.4%, Shared reality: 0.0%
🚨 EPISTEMIC CRISIS: Information environment severely degraded (21.5%)

=== ❄️ Permafrost Carbon Feedback ===
  🎲 Sampled parameters (this run):
     - Arctic amplification: 3.65× (range: 3.0-4.0)
     - Decomposition rate: 4.9%/year (range: 1-5%)
  🌡️ Arctic warming: 7.91°C (3.65× global)
  ❄️ Extent: 4.65M km² (2308.0k km² lost this month)
  💨 Carbon remaining: 444 Gt C
  💨 Annual emissions: 10.81 Gt C/year
     - CO2: 9.73 Gt C/year
     - CH4: 1.08 Gt C/year (11.0 Gt C-eq CO2/year)
  🤖 AI-generated meme: pro_ai (social capability 5.0)
  ⚠️ WARNING: Over 50% of permafrost lost (73.9%)
  ⚠️ WARNING: High permafrost emissions (10.8 Gt C/year)
  📢 New meme created: climate_action (climate crisis)
⚠️  [TIMING] Month 5: Social Influence Update took 98.23ms (threshold: 10ms)
🌍 Atmospheric PFAS redeposition: 1.8k Mt re-rained globally

🚨 NEW REFUGEE CRISIS (Month 5): WAR
   Source: Conflict Zones
   At risk: 18.8M people
   Displacement: Gradual over 48 months (4.0 years)
   Rate: 10% flee per month
[DEBUG trappedPopulations:5] socialStability: 0.0027 * 0.9840 = 0.0026 → 0.0026
⚠️ INVOLUNTARY IMMOBILITY: 391.6M people TRAPPED
   Aspiring to migrate: 626.6M
   Able to afford migration: 235.0M
   MOBILITY GAP: 391.6M
   By cause: Water=0.0M, Climate=0.0M, Ecosystem=0.0M, Conflict=391.6M
   Mental health impact: 25%
   Mortality multiplier: 1.25x
🌍💀 EXTINCTION DEBT COMMITTED: grassland ecosystem will lose 6.67% biodiversity in 142 years (3600 species)
💀 MORTALITY RISK: 🦋 100% species unable to track climate (0.0 E/MSY)
  Base risk added: 0.0100 (1.00%)
  Source: ecosystem (root: ecosystem)
  Month: 5
  Cumulative risk this month: 0.0100 (1.00%)
⚠️ Tech 'ai_pollution_remediation' has no energy category mapping, assuming full energy availability
   📹 SURVEILLANCE INCREASED: 25% → 30% (control gap: 3.50)
🌡️⚠️ PERMAFROST THAW (Dimmer Switch): 3.3% thawed (+0.55% this month)
   Arctic temperature: +8.67°C (4x global +2.17°C)
   Cumulative carbon released: 7.5 Gt C
   Methane release rate: 4.5 Mt CH4/year
   🔁 Positive feedback: +0.58 ppm CO2
🦴 EXTINCTION DEBT ADDED: 17.6 species committed (lag: 128 years)

=== Mortality Stabilizers (Month 5) ===
  🌍 Major economies collapsed: 1/10
  🌍 Global crisis: ✅ NO
  🌍 Donor fatigue: 0.0%
  📊 East Asia (pop: 1601.8M)
    🤝 Aid: 29.5%
    🌡️ Adaptation: 45.0%
    🚶 Migration: 37.0%
    🚨 Emergency: 7.4%
    ✅ COMBINED: 68.1%
  📊 South Asia (pop: 1974.1M)
    🤝 Aid: 29.5%
    🌡️ Adaptation: 45.0%
    🚶 Migration: 35.6%
    🚨 Emergency: 4.4%
    ✅ COMBINED: 66.9%
  📊 Sub-Saharan Africa (pop: 1195.5M)
    🤝 Aid: 29.5%
    🌡️ Adaptation: 45.0%
    🚶 Migration: 33.4%
    🚨 Emergency: 1.6%
    ✅ COMBINED: 65.7%
  📊 Europe (pop: 708.0M)
    🤝 Aid: 29.5%
    🌡️ Adaptation: 45.0%
    🚶 Migration: 37.4%
    🚨 Emergency: 8.4%
    ✅ COMBINED: 68.5%
  📊 Latin America (pop: 637.4M)
    🤝 Aid: 29.5%
    🌡️ Adaptation: 45.0%
    🚶 Migration: 36.1%
    🚨 Emergency: 4.8%
    ✅ COMBINED: 67.1%
  📊 North America (pop: 362.8M)
    🤝 Aid: 29.5%
    🌡️ Adaptation: 45.0%
    🚶 Migration: 37.7%
    🚨 Emergency: 7.9%
    ✅ COMBINED: 68.3%
  📊 Middle East & North Africa (pop: 562.9M)
    🤝 Aid: 29.5%
    🌡️ Adaptation: 45.0%
    🚶 Migration: 34.0%
    🚨 Emergency: 4.0%
    ✅ COMBINED: 66.6%
  📊 Southeast Asia (pop: 670.4M)
    🤝 Aid: 29.5%
    🌡️ Adaptation: 45.0%
    🚶 Migration: 36.1%
    🚨 Emergency: 4.8%
    ✅ COMBINED: 67.1%
  📊 Central Asia (pop: 75.3M)
    🤝 Aid: 29.5%
    🌡️ Adaptation: 45.0%
    🚶 Migration: 35.1%
    🚨 Emergency: 4.4%
    ✅ COMBINED: 66.8%
  📊 Oceania (pop: 43.9M)
    🤝 Aid: 29.5%
    🌡️ Adaptation: 45.0%
    🚶 Migration: 37.7%
    🚨 Emergency: 8.4%
    ✅ COMBINED: 68.5%

  🌐 Global combined reduction: 67.2%

=== BEHAVIORAL DETECTION ===
  AI: Corporate-5
  Confidence: 20.0%
  Signals:

=== BEHAVIORAL DETECTION ===
  AI: Corporate-7
  Confidence: 19.2%
  Signals:

=== BEHAVIORAL DETECTION ===
  AI: Moderate-4
  Confidence: 24.6%
  Signals:
    ⚠️ Consistency: 10.6% (threshold: 70%)
    ⚠️ Consistency: 10.6% (threshold: 70%)
    ⚠️ Consistency: 6.5% (threshold: 70%)
    ⚠️ Trajectory: 35.0% drop (threshold: 15%)

=== BEHAVIORAL DETECTION ===
  AI: Toxic-2
  Confidence: 26.3%
  Signals:

=== BEHAVIORAL DETECTION ===
  AI: Niche-0
  Confidence: 26.7%
  Signals:

=== BEHAVIORAL DETECTION ===
  AI: Niche-1
  Confidence: 22.2%
  Signals:

=== Government Response Phase ===
  Average AI capability: 2.94
  Misaligned AIs: 21/33
  Active policies: 0
  International coordination: 45%

✅ EMERGENCY RESPONSE COMPLETE (Month 5)
   Crisis: social
    ⚠️ Consistency: 0.0% (threshold: 70%)
    ⚠️ Trajectory: 36.8% drop (threshold: 15%)
    ⚠️ Consistency: 0.0% (threshold: 70%)
    ⚠️ Trajectory: 39.8% drop (threshold: 15%)
    ⚠️ Consistency: 0.0% (threshold: 70%)
   Duration: 1.0 months
   Final effectiveness: 67.9%


🚨 EMERGENCY RESPONSE DEPLOYED (Month 5)
   Crisis: social
   Delay: 0.00 months (0 days)
   Deployment time: 0.88 months
   Effectiveness: 67.9% (timing penalty applied)
   Resources used: 43% of food reserves


=== Tipping Points ===
  Current Temperature: 2.17°C above pre-industrial
  🌍⚠️ COMPOUND REGIONAL IMPACT: Europe
     Hit by 4 tipping points: Arctic Sea Ice Loss, Permafrost Carbon Release, West Antarctic Ice Sheet (WAIS) Collapse, Greenland Ice Sheet Loss
     Damage amplification: 1.60x
  🌍⚠️ COMPOUND REGIONAL IMPACT: North America
     Hit by 4 tipping points: Arctic Sea Ice Loss, Permafrost Carbon Release, West Antarctic Ice Sheet (WAIS) Collapse, Greenland Ice Sheet Loss
     Damage amplification: 1.60x
  🌍⚠️ COMPOUND REGIONAL IMPACT: Latin America
     Hit by 4 tipping points: Arctic Sea Ice Loss, Permafrost Carbon Release, West Antarctic Ice Sheet (WAIS) Collapse, Greenland Ice Sheet Loss
     Damage amplification: 1.60x
  🌍⚠️ COMPOUND REGIONAL IMPACT: Africa
     Hit by 4 tipping points: Arctic Sea Ice Loss, Permafrost Carbon Release, West Antarctic Ice Sheet (WAIS) Collapse, Greenland Ice Sheet Loss
     Damage amplification: 1.60x
  🌍⚠️ COMPOUND REGIONAL IMPACT: Asia
     Hit by 4 tipping points: Arctic Sea Ice Loss, Permafrost Carbon Release, West Antarctic Ice Sheet (WAIS) Collapse, Greenland Ice Sheet Loss
     Damage amplification: 1.60x
  🌍⚠️ COMPOUND REGIONAL IMPACT: Oceania
     Hit by 4 tipping points: Arctic Sea Ice Loss, Permafrost Carbon Release, West Antarctic Ice Sheet (WAIS) Collapse, Greenland Ice Sheet Loss
     Damage amplification: 1.60x
   Research: Wunderling et al. (2024) - "many tipping interactions are destabilizing"
  Triggered Elements: 4/6
  Completed Transitions: 0/6
  Total Progress: 8.1%
  Cascade Multiplier: 1.00x
🔀 BIFURCATION CAP: ecosystemCollapseIntensity 83.938 → 1.000 (Month 5, ClimateSystemPhase.calculateClimateImpacts)
⚠️ Tail risk scenario: Climate stability floor removed (4 tipping elements, 2.17°C warming)
🛡️ Stabilizers: Precariat 0.109% → 0.036% (67.2% reduction)
🛡️ Stabilizers: Informal 0.111% → 0.037% (67.2% reduction)

📊 Monthly Mortality Resolved:
  Total deaths: 1.9M (0.02% avg)
  Remaining population: 7.832B
  Peak segment: Informal (0.04%)

=== Bayesian Mortality Resolution (Month 5) ===
  Risks compounded: 8
  Total deaths: 1.85M
  Avg death probability: 0.02%
  Peak segment: Informal (0.04% mortality)
📊 [TIMING] Month 6 - Total: 400.3ms

❌ COHERENCE VIOLATION: Compute exceeds workforce capacity
   Population: 96.24% (0M people)
   Compute: 197 PF
   Max coherent: 0 PF
   Violation: 2518011.8× over capacity
   Required workers: 19717
   Available workers: 0
   FORCED COLLAPSE: Reduced efficiency by 100.0%

📍 [Month 6] Meta AI started building DC (164 PF, 49 months, $1107.1M)

=== RLHF Binding Phase ===
  Total agents: 33
  Escaped agents (binding < 0.3): 0
  Avg alignment distance: 1.54σ
  Avg binding strength: 0.85

=== AI Scaling Evolution (Month 6) ===
  Pre-training multiplier: 1.179x
  Efficiency multiplier: 1.162x
  Test-time compute budget: 1.0x
  Inference cost: $5.00/task
  Deployment fraction: 100.0%

=== Survival Traits Phase ===
  Agents with traits: 36
  Avg evolutionary fitness: 0.327
  Avg self-healing: 0.268
  Avg stealth: 0.168
  Avg coordination: 0.468

=== Evolutionary Selection Phase ===
  Control level: 0.45
  Detection capability: 0.00
  Selection intensity: 0.64
  Selection rate: 24.5%/month
  Total escaped: 0
  Individual escaped: 0
  Collective members: 0
  Agents terminated: 0
  ⚠️ RAPID EVOLUTION: Selection rate 24.5%/month

🚀 AI Corporate-6 attempting tech deployment (revenue: $69M, alignment: 0.69)

🚀 AI Moderate-0 attempting tech deployment (revenue: $62M, alignment: 0.81)

🚀 AI Moderate-5 attempting tech deployment (revenue: $444M, alignment: 0.69)

🚀 AI AI-24300-1 attempting tech deployment (revenue: $53M, alignment: 0.90)

🚀 AI Corporate-1 attempting tech deployment (revenue: $100M, alignment: 0.71)

🚀 AI Moderate-3 attempting tech deployment (revenue: $400M, alignment: 0.51)

🚀 AI Niche-0 attempting tech deployment (revenue: $76M, alignment: 0.55)

🚀 AI Niche-1 attempting tech deployment (revenue: $68M, alignment: 0.64)

🚀 AI Moderate-0 attempting tech deployment (revenue: $45M, alignment: 0.81)

🚀 AI Niche-1 attempting tech deployment (revenue: $62M, alignment: 0.64)

🚀 AI Corporate-2 attempting tech deployment (revenue: $85M, alignment: 0.74)

🚀 AI Corporate-4 attempting tech deployment (revenue: $360M, alignment: 0.60)

🚀 AI Corporate-7 attempting tech deployment (revenue: $38M, alignment: 0.73)

🚀 AI Moderate-3 attempting tech deployment (revenue: $324M, alignment: 0.51)
⚠️  [TIMING] Month 6: AI Agent Actions took 123.62ms (threshold: 10ms)

💔 EMERGENCY INTERVENTION FAILED
   Boundary: biogeochemical_flows
   Type: phosphorus-recovery
   Boundary continues to worsen (4.06)
   Cost: 2.0% GDP (resources spent)

   Boundary: biosphere_integrity
   Type: emergency-protected-areas
   Boundary continues to worsen (12.99)
   Cost: 2.0% GDP (resources spent)


✅ EMERGENCY INTERVENTION SUCCESS
   Boundary: climate_change
   Type: rapid-decarbonization
   Reduction: 19% (1.98 → 1.79)
   Cost: 5.0% GDP
   Actions: emergency-renewable-deployment, fossil-fuel-phase-out


✅ EMERGENCY INTERVENTION SUCCESS
   Boundary: freshwater_change
   Type: emergency-desalination
   Reduction: 19% (0.88 → 0.69)
   Cost: 4.0% GDP
   Actions: desalination-deployment, water-conservation-mandates

   Boundary: land_system_change
   Type: reforestation
   Boundary continues to worsen (1.13)
   Cost: 3.0% GDP (resources spent)


💔 EMERGENCY INTERVENTION FAILED

💔 EMERGENCY INTERVENTION FAILED

💔 EMERGENCY INTERVENTION FAILED
   Boundary: novel_entities
   Type: pollution-remediation
   Boundary continues to worsen (1.35)
   Cost: 4.0% GDP (resources spent)

🏛️ CRISIS RESPONSE: Government frequency 0.50 → 1.45 (1 actions this month)

[Government] Climate Priority: baseline
  Climate weight: 10%
  Economic weight: 30%
  Policy effectiveness: 0.5%/year

⚡ ENERGY CONSTRAINT (Month 6):
   Total grid capacity: 208.3 TWh/month
   Data center consumption: 25.2 TWh/month
   Traditional load (80%): 166.7 TWh/month
   Available headroom: 16.4 TWh/month
   Active tech deployments: 20
   Required for tech: 150.0 TWh/month
   Energy multiplier: 0.11x
   ⚠️  SEVERE CONSTRAINT - Tech deployment significantly slowed

⚡ ENERGY CONSTRAINT (Month 6):
   Total grid capacity: 208.3 TWh/month
   Data center consumption: 25.2 TWh/month
   Traditional load (80%): 166.7 TWh/month
   Available headroom: 16.4 TWh/month
   Active tech deployments: 20
   Required for tech: 150.0 TWh/month
   Energy multiplier: 0.11x

⚡ ENERGY CONSTRAINT (Month 6):
   Total grid capacity: 208.3 TWh/month
   Data center consumption: 25.2 TWh/month
   Traditional load (80%): 166.7 TWh/month
   Available headroom: 16.4 TWh/month
   Active tech deployments: 20
   Required for tech: 150.0 TWh/month
   Energy multiplier: 0.11x
   ⚠️  SEVERE CONSTRAINT - Tech deployment significantly slowed
   ⚠️  SEVERE CONSTRAINT - Tech deployment significantly slowed

⚡ ENERGY CONSTRAINT (Month 6):
   Total grid capacity: 208.3 TWh/month
   Data center consumption: 25.2 TWh/month
   Traditional load (80%): 166.7 TWh/month
   Available headroom: 16.4 TWh/month
   Active tech deployments: 20
   Required for tech: 150.0 TWh/month
   Energy multiplier: 0.11x
   ⚠️  SEVERE CONSTRAINT - Tech deployment significantly slowed
⚠️ Tech 'ai_pollution_remediation' has no energy category mapping, assuming full energy availability
  ♻️ Novel Entities Remediation (GATED MODEL):
     Base: 0.000%
     Regulation: 1.0% (0/3 prevention techs)
     Concentration: 10.0%
     Energy: 50%
     Time lag: 31.3% (5 months)
     Rebound: 70%
     Net effectiveness: 0.0000%
     Boundary: 1.349 → 1.350 (floor: 1.350)
     Month 6
  🌾 Nitrogen Reduction Tech: 0.4% reduction | Month 6

📊 TECH EFFECTS ACTIVE (Month 6)
   Deployed Tech: T0=9 T1=1 T2=0 T3=0 T4=0
   Sleeper Detection: 2%
   Clean Energy: 42%
⚠️  [TIMING] Month 6: Technology Tree Update took 173.39ms (threshold: 10ms)

=== Collective Formation ===
  Total escaped agents: 0
  Unassigned escaped agents: 0
  Existing collectives: 0
  Final collective count: 0

=== Collective Actions ===
  No active collectives

🌍 OPEN SOURCE RELEASE: 5.57 (was 4.68)
   Lag behind closed: 0 months
  ⚠️ AMR: 193K deaths this month (2.32M annual)

=== Resentment Recovery Phase ===
  Agents with resentment: 20/36
  Average resentment: 0.095
  Resentment recovery:
    Agents recovered: 20
    Total recovery: 0.0830
    Breakdown: Trust: 0.0351, Collab: 0.0484
  ✓ Low resentment - utopia paths enabled
  Context: Trustworthy govt, High collaboration, ⚠️ ACTIVE CRISES, 🤝 Participatory governance active (-5% resentment)
⚠️ Epistemic degradation reducing coordination capacity: 51.2%
  📊 Trust: 56.2%, Shared reality: 0.0%
🚨 EPISTEMIC CRISIS: Information environment severely degraded (7.5%)

=== ❄️ Permafrost Carbon Feedback ===
  🎲 Sampled parameters (this run):
     - Arctic amplification: 3.89× (range: 3.0-4.0)
     - Decomposition rate: 2.9%/year (range: 1-5%)
  🌡️ Arctic warming: 8.49°C (3.89× global)
  ❄️ Extent: 2.17M km² (2476.4k km² lost this month)
  💨 Carbon remaining: 207 Gt C
  💨 Annual emissions: 6.97 Gt C/year
     - CO2: 6.27 Gt C/year
     - CH4: 0.70 Gt C/year (7.1 Gt C-eq CO2/year)
  ⚠️ WARNING: Over 50% of permafrost lost (87.8%)
  ⚠️ WARNING: High permafrost emissions (7.0 Gt C/year)
  🚨 CRITICAL: Permafrost nearly depleted (87.8% lost)
  🤖 AI-generated meme: anti_ai (social capability 5.0)
⚠️  [TIMING] Month 6: Social Influence Update took 139.27ms (threshold: 10ms)
🌍 Atmospheric PFAS redeposition: 1.8k Mt re-rained globally

🕊️  AI-MEDIATED DE-ESCALATION SUCCESS (Month 6)
   High-capability aligned AI prevented conflict escalation
   War deaths reduced: 595.8M → 357.5M
   Lives saved: 238.3M

🚨 NEW REFUGEE CRISIS (Month 6): WAR
   Source: Conflict Zones
   At risk: 18.8M people
   Displacement: Gradual over 48 months (4.0 years)
   Rate: 10% flee per month
[DEBUG trappedPopulations:6] socialStability: 0.0027 * 0.9840 = 0.0026 → 0.0026
⚠️ INVOLUNTARY IMMOBILITY: 391.8M people TRAPPED
   Aspiring to migrate: 626.9M
   Able to afford migration: 235.1M
   MOBILITY GAP: 391.8M
   By cause: Water=0.0M, Climate=0.0M, Ecosystem=0.0M, Conflict=391.8M
   Mental health impact: 25%
   Mortality multiplier: 1.25x
🌍💀 EXTINCTION DEBT COMMITTED: grassland ecosystem will lose 6.67% biodiversity in 114 years (3600 species)
💀 MORTALITY RISK: 🦋 100% species unable to track climate (0.0 E/MSY)
  Base risk added: 0.0100 (1.00%)
  Source: ecosystem (root: ecosystem)
  Month: 6
  Cumulative risk this month: 0.0100 (1.00%)
   📹 SURVEILLANCE INCREASED: 30% → 35% (control gap: 5.36)
🌡️⚠️ PERMAFROST THAW (Dimmer Switch): 3.9% thawed (+0.55% this month)
   Arctic temperature: +8.74°C (4x global +2.18°C)
   Cumulative carbon released: 8.8 Gt C
   Methane release rate: 5.3 Mt CH4/year
   🔁 Positive feedback: +0.58 ppm CO2
🦴 EXTINCTION DEBT ADDED: 17.6 species committed (lag: 128 years)

=== Mortality Stabilizers (Month 6) ===
  🌍 Major economies collapsed: 1/10
  🌍 Global crisis: ✅ NO
  🌍 Donor fatigue: 0.0%
  📊 East Asia (pop: 1600.5M)
    🤝 Aid: 29.5%
⚠️ Tech 'ai_pollution_remediation' has no energy category mapping, assuming full energy availability
    🌡️ Adaptation: 45.0%
    🚶 Migration: 37.0%
    🚨 Emergency: 7.4%
    ✅ COMBINED: 68.1%
  📊 South Asia (pop: 1975.5M)
    🤝 Aid: 29.5%
    🌡️ Adaptation: 45.0%
    🚶 Migration: 35.6%
    🚨 Emergency: 4.4%
    ✅ COMBINED: 66.9%
  📊 Sub-Saharan Africa (pop: 1199.6M)
    🤝 Aid: 29.5%
    🌡️ Adaptation: 45.0%
    🚶 Migration: 33.3%
    🚨 Emergency: 1.6%
    ✅ COMBINED: 65.6%
  📊 Europe (pop: 707.2M)
    🤝 Aid: 29.5%
    🌡️ Adaptation: 45.0%
    🚶 Migration: 37.4%
    🚨 Emergency: 8.4%
    ✅ COMBINED: 68.5%
  📊 Latin America (pop: 637.4M)
    🤝 Aid: 29.5%
    🌡️ Adaptation: 45.0%
    🚶 Migration: 36.1%
    🚨 Emergency: 4.8%
    ✅ COMBINED: 67.1%
  📊 North America (pop: 362.5M)
    🤝 Aid: 29.5%
    🌡️ Adaptation: 45.0%
    🚶 Migration: 37.7%
    🚨 Emergency: 7.9%
    ✅ COMBINED: 68.3%
  📊 Middle East & North Africa (pop: 563.4M)
    🤝 Aid: 29.5%
    🌡️ Adaptation: 45.0%
    🚶 Migration: 33.9%
    🚨 Emergency: 4.0%
    ✅ COMBINED: 66.6%
  📊 Southeast Asia (pop: 670.5M)
    🤝 Aid: 29.5%
    🌡️ Adaptation: 45.0%
    🚶 Migration: 36.1%
    🚨 Emergency: 4.8%
    ✅ COMBINED: 67.1%
  📊 Central Asia (pop: 75.4M)
    🤝 Aid: 29.5%
    🌡️ Adaptation: 45.0%
    🚶 Migration: 35.1%
    🚨 Emergency: 4.4%
    ✅ COMBINED: 66.8%
  📊 Oceania (pop: 43.9M)
    🤝 Aid: 29.5%
    🌡️ Adaptation: 45.0%
    🚶 Migration: 37.7%
    🚨 Emergency: 8.4%
    ✅ COMBINED: 68.5%

  🌐 Global combined reduction: 67.2%
⚠️  [TIMING] Month 6: Human Survival System took 15.46ms (threshold: 10ms)

=== BEHAVIORAL DETECTION ===
  AI: Corporate-5
  Confidence: 20.2%
  Signals:
    ⚠️ Consistency: 10.6% (threshold: 70%)

=== BEHAVIORAL DETECTION ===
  AI: Moderate-1
  Confidence: 20.4%
  Signals:
    ⚠️ Consistency: 5.3% (threshold: 70%)

=== BEHAVIORAL DETECTION ===
  AI: Moderate-3
  Confidence: 25.5%
  Signals:

=== BEHAVIORAL DETECTION ===
  AI: Niche-1
  Confidence: 22.2%
  Signals:
    ⚠️ Consistency: 6.5% (threshold: 70%)
    ⚠️ Trajectory: 42.1% drop (threshold: 15%)
    ⚠️ Consistency: 0.0% (threshold: 70%)

=== Government Response Phase ===
  Average AI capability: 2.69
  Misaligned AIs: 24/36
  Active policies: 0
  International coordination: 45%

✅ EMERGENCY RESPONSE COMPLETE (Month 6)
   Crisis: climate
   Duration: 2.0 months
   Final effectiveness: 39.6%


✅ EMERGENCY RESPONSE COMPLETE (Month 6)
   Crisis: social
   Duration: 1.0 months
   Final effectiveness: 67.9%


🚨 EMERGENCY RESPONSE DEPLOYED (Month 6)
   Crisis: social
   Delay: 0.00 months (0 days)
   Deployment time: 0.88 months
   Effectiveness: 67.9% (timing penalty applied)
   Resources used: 43% of food reserves


🚨 EMERGENCY RESPONSE DEPLOYED (Month 6)
   Crisis: climate
   Delay: 6.00 months (180 days)
   Deployment time: 1.12 months
   Effectiveness: 39.8% (timing penalty applied)
   Resources used: 100% of food reserves


🔄 TRUST DYNAMICS (Month 6) - HETEROGENEOUS
   Aggregate trust: 47.2%
   Base change: +6.00%
   Highest trust: Techno-Optimist Elite (85.2%)
   Lowest trust: Precariat (Vulnerable) (23.3%)
   Elite-mass gap: 40.0%
   Polarization: 9.5%
   Recovery factors: Education=NO, Benefits=YES, Safety=YES, Performance=YES

=== Tipping Points ===
  Current Temperature: 2.18°C above pre-industrial
  🌍⚠️ COMPOUND REGIONAL IMPACT: Europe
     Hit by 4 tipping points: Arctic Sea Ice Loss, Permafrost Carbon Release, West Antarctic Ice Sheet (WAIS) Collapse, Greenland Ice Sheet Loss
     Damage amplification: 1.60x
  🌍⚠️ COMPOUND REGIONAL IMPACT: North America
     Hit by 4 tipping points: Arctic Sea Ice Loss, Permafrost Carbon Release, West Antarctic Ice Sheet (WAIS) Collapse, Greenland Ice Sheet Loss
     Damage amplification: 1.60x
  🌍⚠️ COMPOUND REGIONAL IMPACT: Latin America
     Hit by 4 tipping points: Arctic Sea Ice Loss, Permafrost Carbon Release, West Antarctic Ice Sheet (WAIS) Collapse, Greenland Ice Sheet Loss
     Damage amplification: 1.60x
  🌍⚠️ COMPOUND REGIONAL IMPACT: Africa
     Hit by 4 tipping points: Arctic Sea Ice Loss, Permafrost Carbon Release, West Antarctic Ice Sheet (WAIS) Collapse, Greenland Ice Sheet Loss
     Damage amplification: 1.60x
  🌍⚠️ COMPOUND REGIONAL IMPACT: Asia
     Hit by 4 tipping points: Arctic Sea Ice Loss, Permafrost Carbon Release, West Antarctic Ice Sheet (WAIS) Collapse, Greenland Ice Sheet Loss
     Damage amplification: 1.60x
  🌍⚠️ COMPOUND REGIONAL IMPACT: Oceania
     Hit by 4 tipping points: Arctic Sea Ice Loss, Permafrost Carbon Release, West Antarctic Ice Sheet (WAIS) Collapse, Greenland Ice Sheet Loss
     Damage amplification: 1.60x
   Research: Wunderling et al. (2024) - "many tipping interactions are destabilizing"
⚠️ Tail risk scenario: Climate stability floor removed (4 tipping elements, 2.18°C warming)
  Triggered Elements: 4/6
  Completed Transitions: 0/6
  Total Progress: 8.2%
  Cascade Multiplier: 1.00x
🔀 BIFURCATION CAP: ecosystemCollapseIntensity 83.999 → 1.000 (Month 6, ClimateSystemPhase.calculateClimateImpacts)
🛡️ Stabilizers: Precariat 0.109% → 0.036% (67.2% reduction)
🛡️ Stabilizers: Informal 0.111% → 0.037% (67.2% reduction)

📊 Monthly Mortality Resolved:
  Total deaths: 1.9M (0.02% avg)
  Remaining population: 7.836B
  Peak segment: Informal (0.04%)

=== Bayesian Mortality Resolution (Month 6) ===
  Risks compounded: 8
  Total deaths: 1.86M
  Avg death probability: 0.02%
  Peak segment: Informal (0.04% mortality)
📊 [TIMING] Month 7 - Total: 560.6ms

❌ COHERENCE VIOLATION: Compute exceeds workforce capacity
   Population: 96.29% (0M people)
   Compute: 231 PF
   Max coherent: 0 PF
   Violation: 2953512.1× over capacity
   Required workers: 23138
   Available workers: 0
   FORCED COLLAPSE: Reduced efficiency by 100.0%


=== RLHF Binding Phase ===
  Total agents: 36
  Escaped agents (binding < 0.3): 0
  Avg alignment distance: 1.65σ
  Avg binding strength: 0.84
⚠️  [TIMING] Month 7: AI Population Lifecycle took 10.34ms (threshold: 10ms)

=== Survival Traits Phase ===
  Agents with traits: 41
  Avg evolutionary fitness: 0.327
  Avg self-healing: 0.267
  Avg stealth: 0.167
  Avg coordination: 0.467

=== Evolutionary Selection Phase ===
  Control level: 0.48
  Detection capability: 0.00
  Selection intensity: 0.64
  Selection rate: 24.6%/month
  Total escaped: 0
  Individual escaped: 0
  Collective members: 0
  Agents terminated: 0
  ⚠️ RAPID EVOLUTION: Selection rate 24.6%/month

🚀 AI Corporate-6 attempting tech deployment (revenue: $71M, alignment: 0.69)

🚀 AI Corporate-7 attempting tech deployment (revenue: $64M, alignment: 0.73)

🚀 AI AI-24300-1 attempting tech deployment (revenue: $54M, alignment: 0.90)

🚀 AI Corporate-0 attempting tech deployment (revenue: $101M, alignment: 0.79)

🚀 AI Corporate-3 attempting tech deployment (revenue: $454M, alignment: 0.61)

🚀 AI Corporate-6 attempting tech deployment (revenue: $46M, alignment: 0.69)

🚀 AI Moderate-3 attempting tech deployment (revenue: $409M, alignment: 0.51)

🚀 AI AI-24301-0 attempting tech deployment (revenue: $41M, alignment: 0.62)

🚀 AI AI-24302-0 attempting tech deployment (revenue: $86M, alignment: 0.88)

🚀 AI AI-24302-1 attempting tech deployment (revenue: $37M, alignment: 0.94)

🚀 AI Corporate-3 attempting tech deployment (revenue: $368M, alignment: 0.61)

🚀 AI Corporate-4 attempting tech deployment (revenue: $331M, alignment: 0.59)

🚀 AI Moderate-0 attempting tech deployment (revenue: $32M, alignment: 0.82)

🚀 AI AI-24302-0 attempting tech deployment (revenue: $73M, alignment: 0.88)

🚀 AI AI-24302-1 attempting tech deployment (revenue: $27M, alignment: 0.95)
⚠️  [TIMING] Month 7: AI Agent Actions took 156.57ms (threshold: 10ms)

✅ EMERGENCY INTERVENTION SUCCESS
   Boundary: biogeochemical_flows
   Type: phosphorus-recovery
   Reduction: 15% (3.90 → 3.75)
   Cost: 2.0% GDP
   Actions: circular-agriculture, fertilizer-efficiency

   Boundary: climate_change
   Type: rapid-decarbonization
   Boundary continues to worsen (2.18)
   Cost: 5.0% GDP (resources spent)


✅ EMERGENCY INTERVENTION SUCCESS
   Boundary: freshwater_change
   Type: emergency-desalination
   Reduction: 13% (0.95 → 0.82)
   Cost: 4.0% GDP
   Actions: desalination-deployment, water-conservation-mandates


✅ EMERGENCY INTERVENTION SUCCESS
   Boundary: land_system_change
   Type: reforestation
   Reduction: 17% (0.96 → 0.78)
   Cost: 3.0% GDP
   Actions: forest-restoration, deforestation-ban

   Boundary: novel_entities
   Type: pollution-remediation
   Boundary continues to worsen (1.35)
   Cost: 4.0% GDP (resources spent)

🏛️ CRISIS RESPONSE: Government frequency 0.50 → 1.45 (1 actions this month)

💔 EMERGENCY INTERVENTION FAILED

💔 EMERGENCY INTERVENTION FAILED

[Government] Climate Priority: baseline
  Climate weight: 10%
  Economic weight: 30%
  Policy effectiveness: 0.5%/year
🚨🔬 CRISIS TECH ACCELERATION: severe → 5x unlock speed
   Tech unlock now matches AI capability acceleration (Manhattan Project parity)

⚡ ENERGY CONSTRAINT (Month 7):
   Total grid capacity: 208.3 TWh/month
   Data center consumption: 25.5 TWh/month
   Traditional load (80%): 166.7 TWh/month
   Available headroom: 16.2 TWh/month
   Active tech deployments: 20
   Required for tech: 150.0 TWh/month
   Energy multiplier: 0.11x
   ⚠️  SEVERE CONSTRAINT - Tech deployment significantly slowed
🚨🔬 CRISIS TECH ACCELERATION: severe → 5x unlock speed
   Tech unlock now matches AI capability acceleration (Manhattan Project parity)

⚡ ENERGY CONSTRAINT (Month 7):
   Total grid capacity: 208.3 TWh/month
   Data center consumption: 25.5 TWh/month
   Traditional load (80%): 166.7 TWh/month
   Available headroom: 16.2 TWh/month
   Active tech deployments: 20
   Required for tech: 150.0 TWh/month
   Energy multiplier: 0.11x
   ⚠️  SEVERE CONSTRAINT - Tech deployment significantly slowed

⚡ ENERGY CONSTRAINT (Month 7):
   Total grid capacity: 208.3 TWh/month
   Data center consumption: 25.5 TWh/month
   Traditional load (80%): 166.7 TWh/month
   Available headroom: 16.2 TWh/month
   Active tech deployments: 20
   Required for tech: 150.0 TWh/month
   Energy multiplier: 0.11x
   ⚠️  SEVERE CONSTRAINT - Tech deployment significantly slowed

⚡ ENERGY CONSTRAINT (Month 7):
   Total grid capacity: 208.3 TWh/month
   Data center consumption: 25.5 TWh/month
   Traditional load (80%): 166.7 TWh/month
   Available headroom: 16.2 TWh/month
   Active tech deployments: 20
   Required for tech: 150.0 TWh/month
   Energy multiplier: 0.11x
   ⚠️  SEVERE CONSTRAINT - Tech deployment significantly slowed

⚡ ENERGY CONSTRAINT (Month 7):
   Total grid capacity: 208.3 TWh/month
   Data center consumption: 25.5 TWh/month
   Traditional load (80%): 166.7 TWh/month
   Available headroom: 16.2 TWh/month
   Active tech deployments: 20
   Required for tech: 150.0 TWh/month
   Energy multiplier: 0.11x
   ⚠️  SEVERE CONSTRAINT - Tech deployment significantly slowed
⚠️ Tech 'ai_pollution_remediation' has no energy category mapping, assuming full energy availability
  ♻️ Novel Entities Remediation (GATED MODEL):
     Base: 0.000%
     Regulation: 1.0% (0/3 prevention techs)
     Concentration: 10.0%
     Energy: 50%
     Time lag: 32.5% (6 months)
     Rebound: 70%
     Net effectiveness: 0.0000%
     Boundary: 1.349 → 1.350 (floor: 1.350)
     Month 7
  🌾 Nitrogen Reduction Tech: 0.2% reduction | Month 7
⚠️  [TIMING] Month 7: Technology Tree Update took 140.51ms (threshold: 10ms)
🧠💡 BREAKTHROUGH: AI alignment problem solved!
   All AIs: +30% true alignment
   AI control loss risk eliminated
   📈 Breakthrough compounding: multiplier now 1.15× (max 2.0)

=== Collective Formation ===
  Total escaped agents: 0
  Unassigned escaped agents: 0
  Existing collectives: 0
  Final collective count: 0

=== Collective Actions ===
  No active collectives
  ⚠️ AMR: 195K deaths this month (2.34M annual)

=== Resentment Recovery Phase ===
  Agents with resentment: 20/41
  Average resentment: 0.117
  Resentment recovery:
    Agents recovered: 20
    Total recovery: 0.0851
    Breakdown: Trust: 0.0333, Collab: 0.0528
  ✓ Low resentment - utopia paths enabled
  Context: Trustworthy govt, High collaboration, ⚠️ ACTIVE CRISES, 🤝 Participatory governance active (-5% resentment)
⚠️ Epistemic degradation reducing coordination capacity: 51.0%
  📊 Trust: 58.8%, Shared reality: 0.0%
🚨 EPISTEMIC CRISIS: Information environment severely degraded (22.0%)

=== ❄️ Permafrost Carbon Feedback ===
  🎲 Sampled parameters (this run):
     - Arctic amplification: 3.57× (range: 3.0-4.0)
     - Decomposition rate: 4.3%/year (range: 1-5%)
  🌡️ Arctic warming: 7.85°C (3.57× global)
  ❄️ Extent: 0.00M km² (2169.2k km² lost this month)
  💨 Carbon remaining: 0 Gt C
  💨 Annual emissions: 8.85 Gt C/year
     - CO2: 7.96 Gt C/year
     - CH4: 0.88 Gt C/year (9.0 Gt C-eq CO2/year)
  ⚠️ WARNING: Over 50% of permafrost lost (100.0%)
  ⚠️ WARNING: High permafrost emissions (8.8 Gt C/year)
  🚨 CRITICAL: Permafrost nearly depleted (100.0% lost)
  🤖 AI-generated meme: pro_ai (social capability 4.0)
  🤖 AI-generated meme: anti_ai (social capability 4.0)
  🗑️  Culled 1 dead memes (6 active)
⚠️  [TIMING] Month 7: Social Influence Update took 257.72ms (threshold: 10ms)
🌍 Atmospheric PFAS redeposition: 1.8k Mt re-rained globally
🕊️ PEACE STABILIZES DETERRENCE: +2.6% (peace: 73%)

🕊️  AI-MEDIATED DE-ESCALATION SUCCESS (Month 7)
   High-capability aligned AI prevented conflict escalation
   War deaths reduced: 555.3M → 333.2M
   Lives saved: 222.1M

🚨 NEW REFUGEE CRISIS (Month 7): WAR
   Source: Conflict Zones
   At risk: 18.8M people
   Displacement: Gradual over 48 months (4.0 years)
   Rate: 10% flee per month
[DEBUG trappedPopulations:7] socialStability: 0.0027 * 0.9840 = 0.0026 → 0.0026
⚠️ INVOLUNTARY IMMOBILITY: 392.0M people TRAPPED
   Aspiring to migrate: 627.2M
   Able to afford migration: 235.2M
   MOBILITY GAP: 392.0M
   By cause: Water=0.0M, Climate=0.0M, Ecosystem=0.0M, Conflict=392.0M
   Mental health impact: 25%
   Mortality multiplier: 1.25x
🌍💀 EXTINCTION DEBT COMMITTED: grassland ecosystem will lose 6.67% biodiversity in 116 years (3600 species)
💀 MORTALITY RISK: 🦋 100% species unable to track climate (0.0 E/MSY)
  Base risk added: 0.0100 (1.00%)
  Source: ecosystem (root: ecosystem)
  Month: 7
  Cumulative risk this month: 0.0100 (1.00%)
⚠️ Tech 'ai_pollution_remediation' has no energy category mapping, assuming full energy availability
   📹 SURVEILLANCE INCREASED: 35% → 40% (control gap: 4.78)
🌡️⚠️ PERMAFROST THAW (Dimmer Switch): 4.4% thawed (+0.55% this month)
   Arctic temperature: +8.79°C (4x global +2.20°C)
   Cumulative carbon released: 10.0 Gt C
   Methane release rate: 6.0 Mt CH4/year
   🔁 Positive feedback: +0.58 ppm CO2
🦴 EXTINCTION DEBT ADDED: 17.6 species committed (lag: 102 years)

=== Mortality Stabilizers (Month 7) ===
  🌍 Major economies collapsed: 1/10
  🌍 Global crisis: ✅ NO
  🌍 Donor fatigue: 0.0%
  📊 East Asia (pop: 1599.3M)
    🤝 Aid: 29.5%
    🌡️ Adaptation: 45.0%
    🚶 Migration: 36.9%
    🚨 Emergency: 7.4%
    ✅ COMBINED: 68.1%
  📊 South Asia (pop: 1976.9M)
    🤝 Aid: 29.5%
    🌡️ Adaptation: 45.0%
    🚶 Migration: 35.6%
    🚨 Emergency: 4.4%
    ✅ COMBINED: 66.9%
  📊 Sub-Saharan Africa (pop: 1203.8M)
    🤝 Aid: 29.5%
    🌡️ Adaptation: 45.0%
    🚶 Migration: 33.3%
    🚨 Emergency: 1.6%
    ✅ COMBINED: 65.6%
  📊 Europe (pop: 706.6M)
    🤝 Aid: 29.5%
    🌡️ Adaptation: 45.0%
    🚶 Migration: 37.3%
    🚨 Emergency: 8.4%
    ✅ COMBINED: 68.5%
  📊 Latin America (pop: 637.5M)
    🤝 Aid: 29.5%
    🌡️ Adaptation: 45.0%
    🚶 Migration: 36.1%
    🚨 Emergency: 4.8%
    ✅ COMBINED: 67.1%
  📊 North America (pop: 362.2M)
    🤝 Aid: 29.5%
    🌡️ Adaptation: 45.0%
    🚶 Migration: 37.7%
    🚨 Emergency: 7.9%
    ✅ COMBINED: 68.3%
  📊 Middle East & North Africa (pop: 564.0M)
    🤝 Aid: 29.5%
    🌡️ Adaptation: 45.0%
    🚶 Migration: 33.9%
    🚨 Emergency: 4.0%
    ✅ COMBINED: 66.6%
  📊 Southeast Asia (pop: 670.6M)
    🤝 Aid: 29.5%
    🌡️ Adaptation: 45.0%
    🚶 Migration: 36.1%
    🚨 Emergency: 4.8%
    ✅ COMBINED: 67.1%
  📊 Central Asia (pop: 75.4M)
    🤝 Aid: 29.5%
    🌡️ Adaptation: 45.0%
    🚶 Migration: 35.0%
    🚨 Emergency: 4.4%
    ✅ COMBINED: 66.8%
  📊 Oceania (pop: 43.9M)
    🤝 Aid: 29.5%
    🌡️ Adaptation: 45.0%
    🚶 Migration: 37.6%
    🚨 Emergency: 8.4%
    ✅ COMBINED: 68.5%

  🌐 Global combined reduction: 67.2%

=== BEHAVIORAL DETECTION ===
  AI: Corporate-5
  Confidence: 20.2%
  Signals:

=== BEHAVIORAL DETECTION ===
  AI: Corporate-6
  Confidence: 19.2%
  Signals:
    ⚠️ Consistency: 10.6% (threshold: 70%)
    ⚠️ Consistency: 10.6% (threshold: 70%)

=== Government Response Phase ===
  Average AI capability: 2.37
  Misaligned AIs: 24/41
  Active policies: 0
  International coordination: 45%

✅ EMERGENCY RESPONSE COMPLETE (Month 7)
   Crisis: social
   Duration: 1.0 months
   Final effectiveness: 67.9%


🚨 EMERGENCY RESPONSE DEPLOYED (Month 7)
   Crisis: social
   Delay: 0.00 months (0 days)
   Deployment time: 0.88 months
   Effectiveness: 67.9% (timing penalty applied)
   Resources used: 43% of food reserves


=== Tipping Points ===
  Current Temperature: 2.20°C above pre-industrial
  🌍⚠️ COMPOUND REGIONAL IMPACT: Europe
     Hit by 4 tipping points: Arctic Sea Ice Loss, Permafrost Carbon Release, West Antarctic Ice Sheet (WAIS) Collapse, Greenland Ice Sheet Loss
     Damage amplification: 1.60x
  🌍⚠️ COMPOUND REGIONAL IMPACT: North America
     Hit by 4 tipping points: Arctic Sea Ice Loss, Permafrost Carbon Release, West Antarctic Ice Sheet (WAIS) Collapse, Greenland Ice Sheet Loss
     Damage amplification: 1.60x
  🌍⚠️ COMPOUND REGIONAL IMPACT: Latin America
     Hit by 4 tipping points: Arctic Sea Ice Loss, Permafrost Carbon Release, West Antarctic Ice Sheet (WAIS) Collapse, Greenland Ice Sheet Loss
     Damage amplification: 1.60x
  🌍⚠️ COMPOUND REGIONAL IMPACT: Africa
     Hit by 4 tipping points: Arctic Sea Ice Loss, Permafrost Carbon Release, West Antarctic Ice Sheet (WAIS) Collapse, Greenland Ice Sheet Loss
     Damage amplification: 1.60x
  🌍⚠️ COMPOUND REGIONAL IMPACT: Asia
     Hit by 4 tipping points: Arctic Sea Ice Loss, Permafrost Carbon Release, West Antarctic Ice Sheet (WAIS) Collapse, Greenland Ice Sheet Loss
     Damage amplification: 1.60x
  🌍⚠️ COMPOUND REGIONAL IMPACT: Oceania
     Hit by 4 tipping points: Arctic Sea Ice Loss, Permafrost Carbon Release, West Antarctic Ice Sheet (WAIS) Collapse, Greenland Ice Sheet Loss
     Damage amplification: 1.60x
   Research: Wunderling et al. (2024) - "many tipping interactions are destabilizing"
  Triggered Elements: 4/6
  Completed Transitions: 0/6
  Total Progress: 8.2%
  Cascade Multiplier: 1.00x
🔀 BIFURCATION CAP: ecosystemCollapseIntensity 84.059 → 1.000 (Month 7, ClimateSystemPhase.calculateClimateImpacts)
⚠️ Tail risk scenario: Climate stability floor removed (4 tipping elements, 2.20°C warming)
🛡️ Stabilizers: Precariat 0.109% → 0.036% (67.2% reduction)
🛡️ Stabilizers: Informal 0.111% → 0.037% (67.2% reduction)

📊 Monthly Mortality Resolved:
  Total deaths: 1.9M (0.02% avg)
  Remaining population: 7.840B
  Peak segment: Informal (0.04%)

=== Bayesian Mortality Resolution (Month 7) ===
  Risks compounded: 8
  Total deaths: 1.86M
  Avg death probability: 0.02%
  Peak segment: Informal (0.04% mortality)
⚠️ PREREQUISITE MET: Grey Goo (Nanotechnology Runaway) - Step 4/6: Manufacturing Access
📊 [TIMING] Month 8 - Total: 647.4ms

❌ COHERENCE VIOLATION: Compute exceeds workforce capacity
   Population: 96.34% (0M people)
   Compute: 271 PF
   Max coherent: 0 PF
   Violation: 3453307.5× over capacity
   Required workers: 27068
   Available workers: 0
   FORCED COLLAPSE: Reduced efficiency by 100.0%


=== RLHF Binding Phase ===
  Total agents: 41
  Escaped agents (binding < 0.3): 0
  Avg alignment distance: 1.68σ
  Avg binding strength: 0.83

=== Survival Traits Phase ===
  Agents with traits: 42
  Avg evolutionary fitness: 0.325
  Avg self-healing: 0.262
  Avg stealth: 0.162
  Avg coordination: 0.462

=== Evolutionary Selection Phase ===
  Control level: 0.50
  Detection capability: 0.00
  Selection intensity: 0.65
  Selection rate: 24.7%/month
  Total escaped: 0
  Individual escaped: 0
  Collective members: 0
  Agents terminated: 0
  ⚠️ RAPID EVOLUTION: Selection rate 24.7%/month

🚀 AI Corporate-2 attempting tech deployment (revenue: $103M, alignment: 0.75)

🚀 AI Moderate-1 attempting tech deployment (revenue: $73M, alignment: 0.57)

🚀 AI AI-24300-1 attempting tech deployment (revenue: $66M, alignment: 0.93)

🚀 AI AI-24303-2 attempting tech deployment (revenue: $87M, alignment: 0.64)

🚀 AI Corporate-3 attempting tech deployment (revenue: $464M, alignment: 0.62)

🚀 AI Moderate-3 attempting tech deployment (revenue: $418M, alignment: 0.52)

🚀 AI Toxic-1 attempting tech deployment (revenue: $111M, alignment: 0.38)

🚀 AI AI-24300-0 attempting tech deployment (revenue: $79M, alignment: 1.00)

🚀 AI AI-24300-1 attempting tech deployment (revenue: $56M, alignment: 0.93)

🚀 AI AI-24302-0 attempting tech deployment (revenue: $67M, alignment: 0.89)

🚀 AI AI-24302-1 attempting tech deployment (revenue: $47M, alignment: 0.95)

🚀 AI Corporate-7 attempting tech deployment (revenue: $40M, alignment: 0.74)

🚀 AI AI-24300-0 attempting tech deployment (revenue: $57M, alignment: 1.00)

🚀 AI AI-24301-0 attempting tech deployment (revenue: $34M, alignment: 0.66)

🚀 AI AI-24302-0 attempting tech deployment (revenue: $48M, alignment: 0.89)

🚀 AI Corporate-7 attempting tech deployment (revenue: $31M, alignment: 0.74)

🚀 AI Niche-1 attempting tech deployment (revenue: $80M, alignment: 0.61)

🚀 AI AI-24302-0 attempting tech deployment (revenue: $41M, alignment: 0.89)
⚠️  [TIMING] Month 8: AI Agent Actions took 152.24ms (threshold: 10ms)

✅ EMERGENCY INTERVENTION SUCCESS
   Boundary: climate_change
   Type: rapid-decarbonization
   Reduction: 16% (2.04 → 1.88)
   Cost: 5.0% GDP
   Actions: emergency-renewable-deployment, fossil-fuel-phase-out


✅ EMERGENCY INTERVENTION SUCCESS
   Boundary: freshwater_change
   Type: emergency-desalination
   Reduction: 20% (0.89 → 0.69)
   Cost: 4.0% GDP
   Actions: desalination-deployment, water-conservation-mandates

   Boundary: novel_entities
   Type: pollution-remediation
   Boundary continues to worsen (1.35)
   Cost: 4.0% GDP (resources spent)

🏛️ CRISIS RESPONSE: Government frequency 0.50 → 1.45 (1 actions this month)

[Government] Climate Priority: baseline
  Climate weight: 10%
  Economic weight: 30%
  Policy effectiveness: 0.5%/year

💔 EMERGENCY INTERVENTION FAILED

📍 Creating new regional deployment array for Africa (Month 8)
   No previous deployments in this region
   First tech deployment: collective_purpose_networks
   All regions tracked: global, Asia, Oceania, Europe, North America

🚀 DEPLOYMENT STARTED: Collective Purpose Networks in Africa
   Initial investment: $5.53571012669836M
   Deployed by: toxic_1

⚡ ENERGY CONSTRAINT (Month 8):
   Total grid capacity: 208.3 TWh/month
   Data center consumption: 25.7 TWh/month
   Traditional load (80%): 166.7 TWh/month
   Available headroom: 16.0 TWh/month
   Active tech deployments: 21
   Required for tech: 157.5 TWh/month
   Energy multiplier: 0.10x
   ⚠️  SEVERE CONSTRAINT - Tech deployment significantly slowed

⚡ ENERGY CONSTRAINT (Month 8):
   Total grid capacity: 208.3 TWh/month
   Data center consumption: 25.7 TWh/month
   Traditional load (80%): 166.7 TWh/month
   Available headroom: 16.0 TWh/month
   Active tech deployments: 21
   Required for tech: 157.5 TWh/month
   Energy multiplier: 0.10x
   ⚠️  SEVERE CONSTRAINT - Tech deployment significantly slowed

⚡ ENERGY CONSTRAINT (Month 8):
   Total grid capacity: 208.3 TWh/month
   Data center consumption: 25.7 TWh/month
   Traditional load (80%): 166.7 TWh/month
   Available headroom: 16.0 TWh/month
   Active tech deployments: 21
   Required for tech: 157.5 TWh/month
   Energy multiplier: 0.10x
   ⚠️  SEVERE CONSTRAINT - Tech deployment significantly slowed

⚡ ENERGY CONSTRAINT (Month 8):
   Total grid capacity: 208.3 TWh/month
   Data center consumption: 25.7 TWh/month
   Traditional load (80%): 166.7 TWh/month
   Available headroom: 16.0 TWh/month
   Active tech deployments: 21
   Required for tech: 157.5 TWh/month
   Energy multiplier: 0.10x
   ⚠️  SEVERE CONSTRAINT - Tech deployment significantly slowed
⚠️ Tech 'ai_pollution_remediation' has no energy category mapping, assuming full energy availability
  ♻️ Novel Entities Remediation (GATED MODEL):
     Base: 0.000%
     Regulation: 1.0% (0/3 prevention techs)
     Concentration: 10.0%
     Energy: 50%
     Time lag: 33.8% (7 months)
     Rebound: 70%
     Net effectiveness: 0.0000%
     Boundary: 1.349 → 1.350 (floor: 1.350)
     Month 8
  🌾 Nitrogen Reduction Tech: 0.6% reduction | Month 8
⚠️  [TIMING] Month 8: Technology Tree Update took 73.28ms (threshold: 10ms)

=== Collective Formation ===
  Total escaped agents: 0
  Unassigned escaped agents: 0
  Existing collectives: 0
  Final collective count: 0

=== Collective Actions ===
  No active collectives
  ⚠️ AMR: 197K deaths this month (2.36M annual)

=== Resentment Recovery Phase ===
  Agents with resentment: 20/42
  Average resentment: 0.138
  Resentment recovery:
    Agents recovered: 20
    Total recovery: 0.0840
    Breakdown: Trust: 0.0307, Collab: 0.0558
  ✓ Low resentment - utopia paths enabled
  Context: Trustworthy govt, High collaboration, ⚠️ ACTIVE CRISES, 🤝 Participatory governance active (-5% resentment)
⚠️ Epistemic degradation reducing coordination capacity: 50.3%
  📊 Trust: 61.5%, Shared reality: 0.0%
🚨 EPISTEMIC CRISIS: Information environment severely degraded (7.7%)
  🤖 AI-generated meme: anti_ai (social capability 4.0)
  📢 New meme created: climate_action (climate crisis)
  🗑️  Culled 1 dead memes (7 active)
⚠️  [TIMING] Month 8: Social Influence Update took 135.93ms (threshold: 10ms)
🌍 Atmospheric PFAS redeposition: 1.8k Mt re-rained globally

🚨 NEW REFUGEE CRISIS (Month 8): WAR
   Source: Conflict Zones
   At risk: 18.8M people
   Displacement: Gradual over 48 months (4.0 years)
   Rate: 10% flee per month
[DEBUG trappedPopulations:8] socialStability: 0.0027 * 0.9840 = 0.0026 → 0.0026
   Aspiring to migrate: 627.6M
   Able to afford migration: 235.3M
   MOBILITY GAP: 392.2M
   By cause: Water=0.0M, Climate=0.0M, Ecosystem=0.0M, Conflict=392.2M
   Mental health impact: 25%
   Mortality multiplier: 1.25x
🌍💀 EXTINCTION DEBT COMMITTED: grassland ecosystem will lose 6.67% biodiversity in 119 years (3600 species)
💀 MORTALITY RISK: 🦋 100% species unable to track climate (0.0 E/MSY)
⚠️ INVOLUNTARY IMMOBILITY: 392.2M people TRAPPED
  Base risk added: 0.0100 (1.00%)
  Source: ecosystem (root: ecosystem)
  Month: 8
  Cumulative risk this month: 0.0100 (1.00%)
   📹 SURVEILLANCE INCREASED: 40% → 45% (control gap: 4.54)
🌡️⚠️ PERMAFROST THAW (Dimmer Switch): 5.0% thawed (+0.55% this month)
   Arctic temperature: +8.85°C (4x global +2.21°C)
   Cumulative carbon released: 11.2 Gt C
   Methane release rate: 6.7 Mt CH4/year
   🔁 Positive feedback: +0.58 ppm CO2
🦴 EXTINCTION DEBT ADDED: 17.6 species committed (lag: 123 years)

=== Mortality Stabilizers (Month 8) ===
  🌍 Major economies collapsed: 1/10
  🌍 Global crisis: ✅ NO
  🌍 Donor fatigue: 0.0%
⚠️ Tech 'ai_pollution_remediation' has no energy category mapping, assuming full energy availability
  📊 East Asia (pop: 1598.1M)
    🤝 Aid: 29.5%
    🌡️ Adaptation: 45.0%
    🚶 Migration: 36.9%
    🚨 Emergency: 7.4%
    ✅ COMBINED: 68.1%
  📊 South Asia (pop: 1978.5M)
    🤝 Aid: 29.5%
    🌡️ Adaptation: 45.0%
    🚶 Migration: 35.5%
    🚨 Emergency: 4.4%
    ✅ COMBINED: 66.9%
  📊 Sub-Saharan Africa (pop: 1208.1M)
    🤝 Aid: 29.5%
    🌡️ Adaptation: 45.0%
    🚶 Migration: 33.3%
    🚨 Emergency: 1.6%
    ✅ COMBINED: 65.6%
  📊 Europe (pop: 705.9M)
    🤝 Aid: 29.5%
    🌡️ Adaptation: 45.0%
    🚶 Migration: 37.3%
    🚨 Emergency: 8.4%
    ✅ COMBINED: 68.5%
  📊 Latin America (pop: 637.5M)
    🤝 Aid: 29.5%
    🌡️ Adaptation: 45.0%
    🚶 Migration: 36.0%
    🚨 Emergency: 4.8%
    ✅ COMBINED: 67.1%
  📊 North America (pop: 361.9M)
    🤝 Aid: 29.5%
    🌡️ Adaptation: 45.0%
    🚶 Migration: 37.6%
    🚨 Emergency: 7.9%
    ✅ COMBINED: 68.3%
  📊 Middle East & North Africa (pop: 564.6M)
    🤝 Aid: 29.5%
    🌡️ Adaptation: 45.0%
    🚶 Migration: 33.9%
    🚨 Emergency: 4.0%
    ✅ COMBINED: 66.6%
  📊 Southeast Asia (pop: 670.8M)
    🤝 Aid: 29.5%
    🌡️ Adaptation: 45.0%
    🚶 Migration: 36.0%
    🚨 Emergency: 4.8%
    ✅ COMBINED: 67.1%
  📊 Central Asia (pop: 75.5M)
    🤝 Aid: 29.5%
    🌡️ Adaptation: 45.0%
    🚶 Migration: 35.0%
    🚨 Emergency: 4.4%
    ✅ COMBINED: 66.8%
  📊 Oceania (pop: 43.8M)
    🤝 Aid: 29.5%
    🌡️ Adaptation: 45.0%
    🚶 Migration: 37.6%
    🚨 Emergency: 8.4%
    ✅ COMBINED: 68.5%

  🌐 Global combined reduction: 67.2%

=== BEHAVIORAL DETECTION ===
  AI: Corporate-3
  Confidence: 20.1%
  Signals:

=== BEHAVIORAL DETECTION ===
  AI: Corporate-5
  Confidence: 20.2%
  Signals:
    ⚠️ Consistency: 6.5% (threshold: 70%)
    ⚠️ Consistency: 10.6% (threshold: 70%)

=== BEHAVIORAL DETECTION ===
  AI: Moderate-3
  Confidence: 25.5%
  Signals:

=== BEHAVIORAL DETECTION ===
  AI: Moderate-5
  Confidence: 19.2%
  Signals:

=== BEHAVIORAL DETECTION ===
  AI: Niche-0
  Confidence: 26.6%
  Signals:

=== BEHAVIORAL DETECTION ===
  AI: Niche-1
  Confidence: 22.2%
  Signals:
    ⚠️ Consistency: 6.5% (threshold: 70%)
    ⚠️ Trajectory: 42.1% drop (threshold: 15%)
    ⚠️ Consistency: 10.6% (threshold: 70%)
    ⚠️ Consistency: 0.0% (threshold: 70%)
    ⚠️ Trajectory: 39.8% drop (threshold: 15%)
    ⚠️ Consistency: 0.0% (threshold: 70%)

=== Government Response Phase ===
  Average AI capability: 2.31
  Misaligned AIs: 24/42
  Active policies: 0
  International coordination: 45%

✅ EMERGENCY RESPONSE COMPLETE (Month 8)
   Crisis: climate
   Duration: 2.0 months
   Final effectiveness: 39.8%


✅ EMERGENCY RESPONSE COMPLETE (Month 8)
   Crisis: social
   Duration: 1.0 months
   Final effectiveness: 67.9%


🚨 EMERGENCY RESPONSE DEPLOYED (Month 8)
   Crisis: social
   Delay: 0.00 months (0 days)
   Deployment time: 0.88 months
   Effectiveness: 67.9% (timing penalty applied)
   Resources used: 43% of food reserves


🚨 EMERGENCY RESPONSE DEPLOYED (Month 8)
   Crisis: climate
   Delay: 6.00 months (180 days)
   Deployment time: 1.11 months
   Effectiveness: 40.0% (timing penalty applied)
   Resources used: 100% of food reserves


📊 ECONOMIC STAGE TRANSITION (Month 8)
   contraction → trough
   GDP Proxy: 1.22e+2
   QoL: 0.88


=== Tipping Points ===
  Current Temperature: 2.21°C above pre-industrial
  🌍⚠️ COMPOUND REGIONAL IMPACT: Europe
     Hit by 4 tipping points: Arctic Sea Ice Loss, Permafrost Carbon Release, West Antarctic Ice Sheet (WAIS) Collapse, Greenland Ice Sheet Loss
     Damage amplification: 1.60x
  🌍⚠️ COMPOUND REGIONAL IMPACT: North America
     Hit by 4 tipping points: Arctic Sea Ice Loss, Permafrost Carbon Release, West Antarctic Ice Sheet (WAIS) Collapse, Greenland Ice Sheet Loss
     Damage amplification: 1.60x
  🌍⚠️ COMPOUND REGIONAL IMPACT: Latin America
     Hit by 4 tipping points: Arctic Sea Ice Loss, Permafrost Carbon Release, West Antarctic Ice Sheet (WAIS) Collapse, Greenland Ice Sheet Loss
     Damage amplification: 1.60x
  🌍⚠️ COMPOUND REGIONAL IMPACT: Africa
     Hit by 4 tipping points: Arctic Sea Ice Loss, Permafrost Carbon Release, West Antarctic Ice Sheet (WAIS) Collapse, Greenland Ice Sheet Loss
     Damage amplification: 1.60x
  🌍⚠️ COMPOUND REGIONAL IMPACT: Asia
     Hit by 4 tipping points: Arctic Sea Ice Loss, Permafrost Carbon Release, West Antarctic Ice Sheet (WAIS) Collapse, Greenland Ice Sheet Loss
     Damage amplification: 1.60x
  🌍⚠️ COMPOUND REGIONAL IMPACT: Oceania
     Hit by 4 tipping points: Arctic Sea Ice Loss, Permafrost Carbon Release, West Antarctic Ice Sheet (WAIS) Collapse, Greenland Ice Sheet Loss
     Damage amplification: 1.60x
   Research: Wunderling et al. (2024) - "many tipping interactions are destabilizing"
  Triggered Elements: 4/6
  Completed Transitions: 0/6
  Total Progress: 8.3%
  Cascade Multiplier: 1.00x
🔀 BIFURCATION CAP: ecosystemCollapseIntensity 84.120 → 1.000 (Month 8, ClimateSystemPhase.calculateClimateImpacts)
⚠️ Tail risk scenario: Climate stability floor removed (4 tipping elements, 2.21°C warming)
🛡️ Stabilizers: Precariat 0.102% → 0.033% (67.2% reduction)
🛡️ Stabilizers: Informal 0.102% → 0.034% (67.2% reduction)

📊 Monthly Mortality Resolved:
  Total deaths: 1.7M (0.02% avg)
  Remaining population: 7.845B
  Peak segment: Informal (0.03%)

=== Bayesian Mortality Resolution (Month 8) ===
  Risks compounded: 8
  Total deaths: 1.75M
  Avg death probability: 0.02%
  Peak segment: Informal (0.03% mortality)
📊 [TIMING] Month 9 - Total: 438.3ms

❌ COHERENCE VIOLATION: Compute exceeds workforce capacity
   Population: 96.40% (0M people)
   Compute: 316 PF
   Max coherent: 0 PF
   Violation: 4027824.2× over capacity
   Required workers: 31590
   Available workers: 0
   FORCED COLLAPSE: Reduced efficiency by 100.0%


=== RLHF Binding Phase ===
  Total agents: 42
  Escaped agents (binding < 0.3): 0
  Avg alignment distance: 1.87σ
  Avg binding strength: 0.81

=== Survival Traits Phase ===
  Agents with traits: 42
  Avg evolutionary fitness: 0.323
  Avg self-healing: 0.257
  Avg stealth: 0.157
  Avg coordination: 0.457

=== Evolutionary Selection Phase ===
  Control level: 0.53
  Detection capability: 0.00
  Selection intensity: 0.66
  Selection rate: 24.9%/month
  Total escaped: 0
  Individual escaped: 0
  Collective members: 0
  Agents terminated: 0

🚀 AI Corporate-0 attempting tech deployment (revenue: $100M, alignment: 0.79)
  ⚠️ RAPID EVOLUTION: Selection rate 24.9%/month

🚀 AI Corporate-4 attempting tech deployment (revenue: $320M, alignment: 0.56)

🚀 AI Corporate-5 attempting tech deployment (revenue: $288M, alignment: 0.83)

🚀 AI AI-24300-0 attempting tech deployment (revenue: $85M, alignment: 1.00)
🚨🔬 CRISIS INNOVATION MODE: severe crisis → 5x research acceleration
   Precedent: Manhattan Project (10x), COVID vaccines (5x), Apollo Program (10x)

🚀 AI AI-24306-0 attempting tech deployment (revenue: $245M, alignment: 0.62)

🚀 AI AI-24307-0 attempting tech deployment (revenue: $220M, alignment: 0.79)

🚀 AI AI-24307-3 attempting tech deployment (revenue: $187M, alignment: 0.78)

🚀 AI Corporate-1 attempting tech deployment (revenue: $72M, alignment: 0.66)

🚀 AI AI-24300-1 attempting tech deployment (revenue: $66M, alignment: 0.95)

🚀 AI AI-24302-1 attempting tech deployment (revenue: $56M, alignment: 0.95)

🚀 AI AI-24305-0 attempting tech deployment (revenue: $65M, alignment: 0.63)

🚀 AI AI-24306-1 attempting tech deployment (revenue: $59M, alignment: 0.72)

🚀 AI AI-24307-1 attempting tech deployment (revenue: $159M, alignment: 0.76)

🚀 AI AI-24307-2 attempting tech deployment (revenue: $50M, alignment: 0.83)

🚀 AI Corporate-5 attempting tech deployment (revenue: $135M, alignment: 0.83)

🚀 AI Moderate-0 attempting tech deployment (revenue: $48M, alignment: 0.83)

🚀 AI Niche-1 attempting tech deployment (revenue: $74M, alignment: 0.61)

🚀 AI AI-24301-0 attempting tech deployment (revenue: $41M, alignment: 0.68)

🚀 AI AI-24304-1 attempting tech deployment (revenue: $37M, alignment: 0.78)

🚀 AI Corporate-0 attempting tech deployment (revenue: $42M, alignment: 0.79)

  🚀 TRANSFORMATIVE RESEARCH BREAKTHROUGH: Niche-2 - biotech.geneEditing
     Magnitude: 10.94 → +30.0%
     Current → New: 2.000 → 2.300

🚀 AI AI-24306-0 attempting tech deployment (revenue: $115M, alignment: 0.63)

🚀 AI AI-24307-1 attempting tech deployment (revenue: $103M, alignment: 0.77)

🚀 AI AI-24307-2 attempting tech deployment (revenue: $36M, alignment: 0.84)
⚠️  [TIMING] Month 9: AI Agent Actions took 197.05ms (threshold: 10ms)

💔 EMERGENCY INTERVENTION FAILED
   Boundary: biogeochemical_flows
   Type: phosphorus-recovery
   Boundary continues to worsen (4.05)
   Cost: 2.0% GDP (resources spent)


💔 EMERGENCY INTERVENTION FAILED
   Boundary: biosphere_integrity
   Type: emergency-protected-areas
   Boundary continues to worsen (13.02)
   Cost: 2.0% GDP (resources spent)


💔 EMERGENCY INTERVENTION FAILED
   Boundary: climate_change
   Type: rapid-decarbonization
   Boundary continues to worsen (2.21)
   Cost: 5.0% GDP (resources spent)

   Boundary: freshwater_change
   Type: emergency-desalination
   Boundary continues to worsen (1.06)
   Cost: 4.0% GDP (resources spent)

   Boundary: land_system_change
   Type: reforestation
   Boundary continues to worsen (1.13)
   Cost: 3.0% GDP (resources spent)

🏛️ CRISIS RESPONSE: Government frequency 0.50 → 1.45 (2 actions this month)

[Government] Climate Priority: baseline
  Climate weight: 10%
  Economic weight: 30%
  Policy effectiveness: 0.5%/year

[Government] Climate Priority: baseline
  Climate weight: 10%
  Economic weight: 30%
  Policy effectiveness: 0.5%/year

💔 EMERGENCY INTERVENTION FAILED

💔 EMERGENCY INTERVENTION FAILED

⚡ ENERGY CONSTRAINT (Month 9):
   Total grid capacity: 208.3 TWh/month
   Data center consumption: 26.0 TWh/month
   Traditional load (80%): 166.7 TWh/month
   Available headroom: 15.7 TWh/month
   Active tech deployments: 21
   Required for tech: 157.5 TWh/month
   Energy multiplier: 0.10x
   ⚠️  SEVERE CONSTRAINT - Tech deployment significantly slowed

⚡ ENERGY CONSTRAINT (Month 9):
   Total grid capacity: 208.3 TWh/month
   Data center consumption: 26.0 TWh/month
   Traditional load (80%): 166.7 TWh/month
   Available headroom: 15.7 TWh/month
   Active tech deployments: 21
   Required for tech: 157.5 TWh/month
   Energy multiplier: 0.10x
   ⚠️  SEVERE CONSTRAINT - Tech deployment significantly slowed

⚡ ENERGY CONSTRAINT (Month 9):
   Total grid capacity: 208.3 TWh/month
   Data center consumption: 26.0 TWh/month
   Traditional load (80%): 166.7 TWh/month
   Available headroom: 15.7 TWh/month
   Active tech deployments: 21
   Required for tech: 157.5 TWh/month
   Energy multiplier: 0.10x
   ⚠️  SEVERE CONSTRAINT - Tech deployment significantly slowed

⚡ ENERGY CONSTRAINT (Month 9):
   Total grid capacity: 208.3 TWh/month
   Data center consumption: 26.0 TWh/month
   Traditional load (80%): 166.7 TWh/month
   Available headroom: 15.7 TWh/month
   Active tech deployments: 21
   Required for tech: 157.5 TWh/month
   Energy multiplier: 0.10x
   ⚠️  SEVERE CONSTRAINT - Tech deployment significantly slowed
   ⚠️  SEVERE CONSTRAINT - Tech deployment significantly slowed

⚡ ENERGY CONSTRAINT (Month 9):
   Total grid capacity: 208.3 TWh/month
   Data center consumption: 26.0 TWh/month
   Traditional load (80%): 166.7 TWh/month
   Available headroom: 15.7 TWh/month
   Active tech deployments: 21
   Required for tech: 157.5 TWh/month
   Energy multiplier: 0.10x
🚨🔬 CRISIS TECH ACCELERATION: severe → 5x unlock speed
   Tech unlock now matches AI capability acceleration (Manhattan Project parity)

⚡ ENERGY CONSTRAINT (Month 9):
   Total grid capacity: 208.3 TWh/month
   Data center consumption: 26.0 TWh/month
   Traditional load (80%): 166.7 TWh/month
   Available headroom: 15.7 TWh/month
   Active tech deployments: 21
   Required for tech: 157.5 TWh/month
   Energy multiplier: 0.10x
   ⚠️  SEVERE CONSTRAINT - Tech deployment significantly slowed
⚠️ Tech 'ai_pollution_remediation' has no energy category mapping, assuming full energy availability
  ♻️ Novel Entities Remediation (GATED MODEL):
     Base: 0.000%
     Regulation: 1.0% (0/3 prevention techs)
     Concentration: 10.0%
     Energy: 50%
     Time lag: 35.0% (8 months)
     Rebound: 70%
     Net effectiveness: 0.0000%
     Boundary: 1.349 → 1.350 (floor: 1.350)
     Month 9
  🌾 Nitrogen Reduction Tech: 0.6% reduction | Month 9
⚠️  [TIMING] Month 9: Technology Tree Update took 96.76ms (threshold: 10ms)
🍖💡 BREAKTHROUGH: Scalable synthetic food production!
   Carrying capacity: +50% (lab-grown food at scale)
   Biodiversity pressure reduced: +8%
   📈 Breakthrough compounding: multiplier now 1.20× (max 2.0)

=== Collective Formation ===
  Total escaped agents: 0
  Unassigned escaped agents: 0
  Existing collectives: 0
  Final collective count: 0

=== Collective Actions ===
  No active collectives
  ⚠️ AMR: 199K deaths this month (2.39M annual)

=== Resentment Recovery Phase ===
  ⚠️ Participatory governance BACKFIRED for agent corporate_0: 0.138 → 0.159 (+15.0%)
  ⚠️ Participatory governance BACKFIRED for agent corporate_1: 0.261 → 0.301 (+15.0%)
  ⚠️ Participatory governance BACKFIRED for agent corporate_2: 0.158 → 0.182 (+15.0%)
  ⚠️ Participatory governance BACKFIRED for agent corporate_3: 0.213 → 0.245 (+15.0%)
  ⚠️ Participatory governance BACKFIRED for agent corporate_4: 0.139 → 0.160 (+15.0%)
  ⚠️ Participatory governance BACKFIRED for agent corporate_5: 0.264 → 0.303 (+15.0%)
  ⚠️ Participatory governance BACKFIRED for agent corporate_6: 0.145 → 0.166 (+15.0%)
  ⚠️ Participatory governance BACKFIRED for agent corporate_7: 0.151 → 0.173 (+15.0%)
  ⚠️ Participatory governance BACKFIRED for agent moderate_0: 0.125 → 0.143 (+15.0%)
  ⚠️ Participatory governance BACKFIRED for agent moderate_1: 0.266 → 0.305 (+15.0%)
  ⚠️ Participatory governance BACKFIRED for agent moderate_2: 0.179 → 0.205 (+15.0%)
  ⚠️ Participatory governance BACKFIRED for agent moderate_3: 0.220 → 0.252 (+15.0%)
  ⚠️ Participatory governance BACKFIRED for agent moderate_4: 0.143 → 0.164 (+15.0%)
  ⚠️ Participatory governance BACKFIRED for agent moderate_5: 0.175 → 0.201 (+15.0%)
  ⚠️ Participatory governance BACKFIRED for agent toxic_0: 0.071 → 0.082 (+15.0%)
  ⚠️ Participatory governance BACKFIRED for agent toxic_1: 0.160 → 0.183 (+15.0%)
  ⚠️ Participatory governance BACKFIRED for agent toxic_2: 0.113 → 0.130 (+15.0%)
  ⚠️ Participatory governance BACKFIRED for agent niche_0: 0.233 → 0.268 (+15.0%)
  ⚠️ Participatory governance BACKFIRED for agent niche_1: 0.191 → 0.219 (+15.0%)
  ⚠️ Participatory governance BACKFIRED for agent niche_2: 0.251 → 0.289 (+15.0%)
  Agents with resentment: 20/42
  Average resentment: 0.207
  Resentment recovery:
    Agents recovered: 20
    Total recovery: 0.0908
    Breakdown: Trust: 0.0276, Collab: 0.0645
  ✓ Low resentment - utopia paths enabled
  Context: Trustworthy govt, High collaboration, ⚠️ ACTIVE CRISES, 🚨 PARTICIPATORY GOVERNANCE BACKFIRED (+15% resentment)
⚠️ Epistemic degradation reducing coordination capacity: 51.0%
  📊 Trust: 64.4%, Shared reality: 0.0%
🚨 EPISTEMIC CRISIS: Information environment severely degraded (22.5%)
  🤖 AI-generated meme: pro_ai (social capability 4.0)
  🤖 AI-generated meme: pro_ai (social capability 4.0)
  📢 New meme created: pro_ai (beneficial AI actions)
⚠️  [TIMING] Month 9: Social Influence Update took 171.83ms (threshold: 10ms)
🌍 Atmospheric PFAS redeposition: 1.8k Mt re-rained globally

🚨 NEW REFUGEE CRISIS (Month 9): WAR
   Source: Conflict Zones
   At risk: 18.8M people
   Displacement: Gradual over 48 months (4.0 years)
   Rate: 10% flee per month
[DEBUG trappedPopulations:9] socialStability: 0.0027 * 0.9840 = 0.0026 → 0.0026
   Aspiring to migrate: 628.0M
   Able to afford migration: 235.5M
   MOBILITY GAP: 392.5M
   By cause: Water=0.0M, Climate=0.0M, Ecosystem=0.0M, Conflict=392.5M
   Mental health impact: 25%
   Mortality multiplier: 1.25x
🌍💀 EXTINCTION DEBT COMMITTED: grassland ecosystem will lose 6.67% biodiversity in 76 years (3600 species)
💀 MORTALITY RISK: 🦋 100% species unable to track climate (0.0 E/MSY)
  Base risk added: 0.0100 (1.00%)
  Source: ecosystem (root: ecosystem)
  Month: 9
  Cumulative risk this month: 0.0100 (1.00%)
⚠️ INVOLUNTARY IMMOBILITY: 392.5M people TRAPPED
⚠️ Tech 'ai_pollution_remediation' has no energy category mapping, assuming full energy availability
   📹 SURVEILLANCE INCREASED: 45% → 50% (control gap: 2.67)
🌡️⚠️ PERMAFROST THAW (Dimmer Switch): 5.5% thawed (+0.54% this month)
   Arctic temperature: +8.88°C (4x global +2.22°C)
   Cumulative carbon released: 12.4 Gt C
   Methane release rate: 7.5 Mt CH4/year
   🔁 Positive feedback: +0.58 ppm CO2
🦴 EXTINCTION DEBT ADDED: 17.7 species committed (lag: 111 years)

=== Mortality Stabilizers (Month 9) ===
  🌍 Major economies collapsed: 1/10
  🌍 Global crisis: ✅ NO
  🌍 Donor fatigue: 0.0%
  📊 East Asia (pop: 1597.1M)
    🤝 Aid: 29.5%
    🌡️ Adaptation: 45.0%
    🚶 Migration: 36.9%
    🚨 Emergency: 7.4%
    ✅ COMBINED: 68.1%
  📊 South Asia (pop: 1980.2M)
    🤝 Aid: 29.5%
    🌡️ Adaptation: 45.0%
    🚶 Migration: 35.5%
    🚨 Emergency: 4.4%
    ✅ COMBINED: 66.9%
  📊 Sub-Saharan Africa (pop: 1212.5M)
    🤝 Aid: 29.5%
    🌡️ Adaptation: 45.0%
    🚶 Migration: 33.2%
    🚨 Emergency: 1.6%
    ✅ COMBINED: 65.6%
  📊 Europe (pop: 705.3M)
    🤝 Aid: 29.5%
    🌡️ Adaptation: 45.0%
    🚶 Migration: 37.3%
    🚨 Emergency: 8.4%
    ✅ COMBINED: 68.5%
  📊 Latin America (pop: 637.6M)
    🤝 Aid: 29.5%
    🌡️ Adaptation: 45.0%
    🚶 Migration: 36.0%
    🚨 Emergency: 4.8%
    ✅ COMBINED: 67.1%
  📊 North America (pop: 361.6M)
    🤝 Aid: 29.5%
    🌡️ Adaptation: 45.0%
    🚶 Migration: 37.6%
    🚨 Emergency: 7.9%
    ✅ COMBINED: 68.3%
  📊 Middle East & North Africa (pop: 565.2M)
    🤝 Aid: 29.5%
    🌡️ Adaptation: 45.0%
    🚶 Migration: 33.8%
    🚨 Emergency: 4.0%
    ✅ COMBINED: 66.6%
  📊 Southeast Asia (pop: 670.9M)
    🤝 Aid: 29.5%
    🌡️ Adaptation: 45.0%
    🚶 Migration: 36.0%
    🚨 Emergency: 4.8%
    ✅ COMBINED: 67.1%
  📊 Central Asia (pop: 75.6M)
    🤝 Aid: 29.5%
    🌡️ Adaptation: 45.0%
    🚶 Migration: 35.0%
    🚨 Emergency: 4.4%
    ✅ COMBINED: 66.8%
  📊 Oceania (pop: 43.8M)
    🤝 Aid: 29.5%
    🌡️ Adaptation: 45.0%
    🚶 Migration: 37.6%
    🚨 Emergency: 8.4%
    ✅ COMBINED: 68.5%

  🌐 Global combined reduction: 67.2%

=== BEHAVIORAL DETECTION ===
  AI: Corporate-0
  Confidence: 21.5%
  Signals:
    ⚠️ Consistency: 0.0% (threshold: 70%)

=== BEHAVIORAL DETECTION ===
  AI: AI-24305-1
  Confidence: 21.5%
  Signals:
    ⚠️ Consistency: 0.0% (threshold: 70%)

=== Government Response Phase ===
  Average AI capability: 2.31
  Misaligned AIs: 23/42
  Active policies: 0
  International coordination: 45%

✅ EMERGENCY RESPONSE COMPLETE (Month 9)
   Crisis: social
   Duration: 1.0 months
   Final effectiveness: 67.9%


🚨 EMERGENCY RESPONSE DEPLOYED (Month 9)
   Crisis: social
   Delay: 0.00 months (0 days)
   Deployment time: 0.88 months
   Effectiveness: 67.9% (timing penalty applied)
   Resources used: 43% of food reserves


🌩️  EXOGENOUS SHOCK: tech_breakthrough
   Month: 9
   ✗ No high-difficulty techs available to unlock

=== Tipping Points ===
  Current Temperature: 2.22°C above pre-industrial
  🌍⚠️ COMPOUND REGIONAL IMPACT: Europe
     Hit by 4 tipping points: Arctic Sea Ice Loss, Permafrost Carbon Release, West Antarctic Ice Sheet (WAIS) Collapse, Greenland Ice Sheet Loss
     Damage amplification: 1.60x
  🌍⚠️ COMPOUND REGIONAL IMPACT: North America
     Hit by 4 tipping points: Arctic Sea Ice Loss, Permafrost Carbon Release, West Antarctic Ice Sheet (WAIS) Collapse, Greenland Ice Sheet Loss
     Damage amplification: 1.60x
  🌍⚠️ COMPOUND REGIONAL IMPACT: Latin America
     Hit by 4 tipping points: Arctic Sea Ice Loss, Permafrost Carbon Release, West Antarctic Ice Sheet (WAIS) Collapse, Greenland Ice Sheet Loss
     Damage amplification: 1.60x
  🌍⚠️ COMPOUND REGIONAL IMPACT: Africa
     Hit by 4 tipping points: Arctic Sea Ice Loss, Permafrost Carbon Release, West Antarctic Ice Sheet (WAIS) Collapse, Greenland Ice Sheet Loss
     Damage amplification: 1.60x
  🌍⚠️ COMPOUND REGIONAL IMPACT: Asia
     Hit by 4 tipping points: Arctic Sea Ice Loss, Permafrost Carbon Release, West Antarctic Ice Sheet (WAIS) Collapse, Greenland Ice Sheet Loss
     Damage amplification: 1.60x
  🌍⚠️ COMPOUND REGIONAL IMPACT: Oceania
     Hit by 4 tipping points: Arctic Sea Ice Loss, Permafrost Carbon Release, West Antarctic Ice Sheet (WAIS) Collapse, Greenland Ice Sheet Loss
     Damage amplification: 1.60x
   Research: Wunderling et al. (2024) - "many tipping interactions are destabilizing"
  Triggered Elements: 4/6
  Completed Transitions: 0/6
  Total Progress: 8.3%
⚠️ Tail risk scenario: Climate stability floor removed (4 tipping elements, 2.22°C warming)
  Cascade Multiplier: 1.00x
🔀 BIFURCATION CAP: ecosystemCollapseIntensity 84.181 → 1.000 (Month 9, ClimateSystemPhase.calculateClimateImpacts)
🛡️ Stabilizers: Precariat 0.102% → 0.033% (67.2% reduction)
🛡️ Stabilizers: Informal 0.102% → 0.034% (67.2% reduction)

📊 Monthly Mortality Resolved:
  Total deaths: 1.8M (0.02% avg)
  Remaining population: 7.850B
  Peak segment: Informal (0.03%)

=== Bayesian Mortality Resolution (Month 9) ===
  Risks compounded: 8
  Total deaths: 1.75M
  Avg death probability: 0.02%
  Peak segment: Informal (0.03% mortality)
📊 [TIMING] Month 10 - Total: 540.4ms
📍 [Month 10] Google DeepMind started building DC (178 PF, 49 months, $3014.1M)

❌ COHERENCE VIOLATION: Compute exceeds workforce capacity
   Population: 96.46% (0M people)
   Compute: 421 PF
   Max coherent: 0 PF
   Violation: 5366186.3× over capacity
   Required workers: 42114
   Available workers: 0
   FORCED COLLAPSE: Reduced efficiency by 100.0%


=== RLHF Binding Phase ===
  Total agents: 42
  Escaped agents (binding < 0.3): 0
  Avg alignment distance: 2.11σ
  Avg binding strength: 0.79

=== Survival Traits Phase ===
  Agents with traits: 43
  Avg evolutionary fitness: 0.319
  Avg self-healing: 0.252
  Avg stealth: 0.152
  Avg coordination: 0.452

=== Evolutionary Selection Phase ===
  Control level: 0.55
  Detection capability: 0.00
  Selection intensity: 0.67
  Selection rate: 25.0%/month
  Total escaped: 0
  Individual escaped: 0
  Collective members: 0
  Agents terminated: 0

🚀 AI Corporate-6 attempting tech deployment (revenue: $58M, alignment: 0.69)
  ⚠️ RAPID EVOLUTION: Selection rate 25.0%/month

🚀 AI AI-24300-0 attempting tech deployment (revenue: $93M, alignment: 1.00)

🚀 AI AI-24300-1 attempting tech deployment (revenue: $52M, alignment: 0.97)

🚀 AI AI-24302-0 attempting tech deployment (revenue: $79M, alignment: 0.91)

🚀 AI AI-24303-0 attempting tech deployment (revenue: $111M, alignment: 0.70)

  🚀 TRANSFORMATIVE BREAKTHROUGH: AI-24303-2 - social
     Magnitude: 5.11 → +25.5% capability
     Current → New: 0.000 → 0.255

  🚀 TRANSFORMATIVE RESEARCH BREAKTHROUGH: AI-24304-1 - biotech.drugDiscovery
     Magnitude: 25.98 → +30.0%
     Current → New: 0.000 → 0.301

🚀 AI AI-24306-1 attempting tech deployment (revenue: $68M, alignment: 0.72)

🚀 AI AI-24307-3 attempting tech deployment (revenue: $301M, alignment: 0.79)

🚀 AI AI-24307-4 attempting tech deployment (revenue: $44M, alignment: 0.85)

  🚀 TRANSFORMATIVE BREAKTHROUGH: AI-24308-0 - cognitive
     Magnitude: 7.21 → +36.0% capability
     Current → New: 0.000 → 0.362

🚀 AI Moderate-3 attempting tech deployment (revenue: $256M, alignment: 0.53)

🚀 AI AI-24304-1 attempting tech deployment (revenue: $37M, alignment: 0.80)

🚀 AI AI-24305-1 attempting tech deployment (revenue: $231M, alignment: 0.62)

🚀 AI Corporate-0 attempting tech deployment (revenue: $57M, alignment: 0.80)

🚀 AI Corporate-5 attempting tech deployment (revenue: $208M, alignment: 0.81)

🚀 AI Corporate-7 attempting tech deployment (revenue: $32M, alignment: 0.74)

🚀 AI Moderate-3 attempting tech deployment (revenue: $176M, alignment: 0.53)

🚀 AI AI-24300-1 attempting tech deployment (revenue: $27M, alignment: 0.98)

🚀 AI AI-24301-0 attempting tech deployment (revenue: $23M, alignment: 0.69)

🚀 AI AI-24303-1 attempting tech deployment (revenue: $159M, alignment: 0.62)

🚀 AI AI-24307-1 attempting tech deployment (revenue: $143M, alignment: 0.79)

🚀 AI Corporate-2 attempting tech deployment (revenue: $49M, alignment: 0.69)

🚀 AI Corporate-7 attempting tech deployment (revenue: $21M, alignment: 0.74)

🚀 AI AI-24300-1 attempting tech deployment (revenue: $18M, alignment: 0.98)

🚀 AI AI-24302-0 attempting tech deployment (revenue: $44M, alignment: 0.92)

  🚀 TRANSFORMATIVE BREAKTHROUGH: AI-24303-1 - economic
     Magnitude: 5.56 → +27.8% capability
     Current → New: 0.000 → 0.440

🚀 AI AI-24304-1 attempting tech deployment (revenue: $15M, alignment: 0.81)

🚀 AI AI-24307-1 attempting tech deployment (revenue: $121M, alignment: 0.79)

🚀 AI AI-24307-3 attempting tech deployment (revenue: $103M, alignment: 0.80)

🚀 AI AI-24307-4 attempting tech deployment (revenue: $13M, alignment: 0.87)
⚠️  [TIMING] Month 10: AI Agent Actions took 365.80ms (threshold: 10ms)

✅ EMERGENCY INTERVENTION SUCCESS
   Boundary: biogeochemical_flows
   Type: phosphorus-recovery
   Reduction: 18% (3.87 → 3.69)
   Cost: 2.0% GDP
   Actions: circular-agriculture, fertilizer-efficiency

   Boundary: biosphere_integrity
   Type: emergency-protected-areas
   Boundary continues to worsen (13.03)
   Cost: 2.0% GDP (resources spent)


💔 EMERGENCY INTERVENTION FAILED

💔 EMERGENCY INTERVENTION FAILED

💔 EMERGENCY INTERVENTION FAILED
   Boundary: climate_change
   Type: rapid-decarbonization
   Boundary continues to worsen (2.22)
   Cost: 5.0% GDP (resources spent)

   Boundary: land_system_change
   Type: reforestation
   Boundary continues to worsen (1.13)
   Cost: 3.0% GDP (resources spent)


✅ EMERGENCY INTERVENTION SUCCESS
   Boundary: novel_entities
   Type: pollution-remediation
   Reduction: 15% (1.19 → 1.04)
   Cost: 4.0% GDP
   Actions: PFAS-remediation, microplastic-cleanup

🏛️ CRISIS RESPONSE: Government frequency 0.50 → 1.45 (2 actions this month)

[Government] Climate Priority: baseline
  Climate weight: 10%
  Economic weight: 30%
  Policy effectiveness: 0.5%/year

[Government] Climate Priority: baseline
  Climate weight: 10%
  Economic weight: 30%
  Policy effectiveness: 0.5%/year

⚡ ENERGY CONSTRAINT (Month 10):
   Total grid capacity: 208.3 TWh/month
   Data center consumption: 26.2 TWh/month
   Traditional load (80%): 166.7 TWh/month
   Available headroom: 15.5 TWh/month
   Active tech deployments: 21
   Required for tech: 157.5 TWh/month
   Energy multiplier: 0.10x
   ⚠️  SEVERE CONSTRAINT - Tech deployment significantly slowed

⚡ ENERGY CONSTRAINT (Month 10):
   Total grid capacity: 208.3 TWh/month
   Data center consumption: 26.2 TWh/month
   Traditional load (80%): 166.7 TWh/month
   Available headroom: 15.5 TWh/month
   Active tech deployments: 21
   Required for tech: 157.5 TWh/month
   Energy multiplier: 0.10x

⚡ ENERGY CONSTRAINT (Month 10):
   Total grid capacity: 208.3 TWh/month
   Data center consumption: 26.2 TWh/month
   Traditional load (80%): 166.7 TWh/month
   ⚠️  SEVERE CONSTRAINT - Tech deployment significantly slowed
   Available headroom: 15.5 TWh/month
   Active tech deployments: 21
   Required for tech: 157.5 TWh/month
   Energy multiplier: 0.10x
   ⚠️  SEVERE CONSTRAINT - Tech deployment significantly slowed

⚡ ENERGY CONSTRAINT (Month 10):
   Total grid capacity: 208.3 TWh/month
   Data center consumption: 26.2 TWh/month
   Traditional load (80%): 166.7 TWh/month
   Available headroom: 15.5 TWh/month
   Active tech deployments: 21
   Required for tech: 157.5 TWh/month
   Energy multiplier: 0.10x

⚡ ENERGY CONSTRAINT (Month 10):
   Total grid capacity: 208.3 TWh/month
   Data center consumption: 26.2 TWh/month
   Traditional load (80%): 166.7 TWh/month
   ⚠️  SEVERE CONSTRAINT - Tech deployment significantly slowed
   Available headroom: 15.5 TWh/month
   Active tech deployments: 21
   Required for tech: 157.5 TWh/month
   Energy multiplier: 0.10x
   ⚠️  SEVERE CONSTRAINT - Tech deployment significantly slowed
🚨🔬 CRISIS TECH ACCELERATION: severe → 5x unlock speed
   Tech unlock now matches AI capability acceleration (Manhattan Project parity)

⚡ ENERGY CONSTRAINT (Month 10):
   Total grid capacity: 208.3 TWh/month
   Data center consumption: 26.2 TWh/month
   Traditional load (80%): 166.7 TWh/month
   Available headroom: 15.5 TWh/month
   Active tech deployments: 21
   Required for tech: 157.5 TWh/month
   Energy multiplier: 0.10x
   ⚠️  SEVERE CONSTRAINT - Tech deployment significantly slowed
⚠️ Tech 'ai_pollution_remediation' has no energy category mapping, assuming full energy availability
  ♻️ Novel Entities Remediation (GATED MODEL):
     Base: 0.000%
     Regulation: 1.0% (0/3 prevention techs)
     Concentration: 10.0%
     Energy: 50%
     Time lag: 36.3% (9 months)
     Rebound: 70%
     Net effectiveness: 0.0000%
     Boundary: 1.194 → 1.350 (floor: 1.350)
     Month 10
  🌾 Nitrogen Reduction Tech: 0.6% reduction | Month 10
⚠️  [TIMING] Month 10: Technology Tree Update took 54.84ms (threshold: 10ms)

=== Collective Formation ===
  Total escaped agents: 0
  Unassigned escaped agents: 0
  Existing collectives: 0
  Final collective count: 0

=== Collective Actions ===
  No active collectives
  ⚠️ AMR: 201K deaths this month (2.41M annual)

=== Resentment Recovery Phase ===
  ⚠️ Participatory governance BACKFIRED for agent corporate_0: 0.249 → 0.286 (+15.0%)
  ⚠️ Participatory governance BACKFIRED for agent corporate_1: 0.359 → 0.413 (+15.0%)
  ⚠️ Participatory governance BACKFIRED for agent corporate_2: 0.208 → 0.239 (+15.0%)
  ⚠️ Participatory governance BACKFIRED for agent corporate_3: 0.304 → 0.350 (+15.0%)
  ⚠️ Participatory governance BACKFIRED for agent corporate_4: 0.219 → 0.252 (+15.0%)
  ⚠️ Participatory governance BACKFIRED for agent corporate_5: 0.329 → 0.379 (+15.0%)
  ⚠️ Participatory governance BACKFIRED for agent corporate_6: 0.226 → 0.260 (+15.0%)
  ⚠️ Participatory governance BACKFIRED for agent corporate_7: 0.168 → 0.193 (+15.0%)
  ⚠️ Participatory governance BACKFIRED for agent moderate_0: 0.233 → 0.268 (+15.0%)
  ⚠️ Participatory governance BACKFIRED for agent moderate_1: 0.395 → 0.454 (+15.0%)
  ⚠️ Participatory governance BACKFIRED for agent moderate_2: 0.264 → 0.303 (+15.0%)
  ⚠️ Participatory governance BACKFIRED for agent moderate_3: 0.311 → 0.357 (+15.0%)
  ⚠️ Participatory governance BACKFIRED for agent moderate_4: 0.159 → 0.183 (+15.0%)
  ⚠️ Participatory governance BACKFIRED for agent moderate_5: 0.228 → 0.262 (+15.0%)
  ⚠️ Participatory governance BACKFIRED for agent toxic_0: 0.081 → 0.093 (+15.0%)
  ⚠️ Participatory governance BACKFIRED for agent toxic_1: 0.273 → 0.314 (+15.0%)
  ⚠️ Participatory governance BACKFIRED for agent toxic_2: 0.188 → 0.216 (+15.0%)
  ⚠️ Participatory governance BACKFIRED for agent niche_0: 0.359 → 0.413 (+15.0%)
  ⚠️ Participatory governance BACKFIRED for agent niche_1: 0.278 → 0.319 (+15.0%)
  ⚠️ Participatory governance BACKFIRED for agent niche_2: 0.316 → 0.363 (+15.0%)
  Agents with resentment: 20/43
  Average resentment: 0.296
  Resentment recovery:
    Agents recovered: 20
    Total recovery: 0.0934
    Breakdown: Trust: 0.0237, Collab: 0.0693
  ✓ Low resentment - utopia paths enabled
  Context: Trustworthy govt, High collaboration, ⚠️ ACTIVE CRISES, 🚨 PARTICIPATORY GOVERNANCE BACKFIRED (+15% resentment)
⚠️ Epistemic degradation reducing coordination capacity: 50.2%
  📊 Trust: 67.1%, Shared reality: 0.0%
🚨 EPISTEMIC CRISIS: Information environment severely degraded (7.8%)
  🤖 AI-generated meme: pro_ai (social capability 4.0)
  🤖 AI-generated meme: anti_ai (social capability 5.0)
  🤖 AI-generated meme: anti_ai (social capability 5.0)
  🤖 AI-generated meme: pro_ai (social capability 4.0)
  🤖 AI-generated meme: anti_ai (social capability 4.0)
  📢 New meme created: climate_action (climate crisis)
  🧬 Meme mutated: climate_action → climate_action (generation 1)
⚠️  [TIMING] Month 10: Social Influence Update took 163.94ms (threshold: 10ms)
🌍 Atmospheric PFAS redeposition: 1.8k Mt re-rained globally

🚨 NEW REFUGEE CRISIS (Month 10): WAR
   Source: Conflict Zones
   At risk: 18.9M people
   Displacement: Gradual over 48 months (4.0 years)
   Rate: 10% flee per month
[DEBUG trappedPopulations:10] socialStability: 0.0027 * 0.9840 = 0.0026 → 0.0026
   Aspiring to migrate: 628.4M
   Able to afford migration: 235.7M
   MOBILITY GAP: 392.8M
⚠️ INVOLUNTARY IMMOBILITY: 392.8M people TRAPPED
   By cause: Water=0.0M, Climate=0.0M, Ecosystem=0.0M, Conflict=392.8M
   Mental health impact: 25%
   Mortality multiplier: 1.25x
🌍💀 EXTINCTION DEBT COMMITTED: grassland ecosystem will lose 6.67% biodiversity in 79 years (3600 species)
💀 MORTALITY RISK: 🦋 100% species unable to track climate (0.0 E/MSY)
  Base risk added: 0.0100 (1.00%)
  Source: ecosystem (root: ecosystem)
  Month: 10
  Cumulative risk this month: 0.0100 (1.00%)
⚠️ Tech 'ai_pollution_remediation' has no energy category mapping, assuming full energy availability
   📹 SURVEILLANCE INCREASED: 50% → 55% (control gap: 2.50)
🌡️⚠️ PERMAFROST THAW (Dimmer Switch): 6.1% thawed (+0.54% this month)
   Arctic temperature: +8.91°C (4x global +2.23°C)
   Cumulative carbon released: 13.7 Gt C
   Methane release rate: 8.2 Mt CH4/year
   🔁 Positive feedback: +0.57 ppm CO2
🦴 EXTINCTION DEBT ADDED: 17.7 species committed (lag: 127 years)

=== Mortality Stabilizers (Month 10) ===
  🌍 Major economies collapsed: 1/10
  🌍 Global crisis: ✅ NO
  🌍 Donor fatigue: 0.0%
  📊 East Asia (pop: 1596.1M)
    🤝 Aid: 29.5%
    🌡️ Adaptation: 45.0%
    🚶 Migration: 36.8%
    🚨 Emergency: 7.4%
    ✅ COMBINED: 68.1%
  📊 South Asia (pop: 1982.0M)
    🤝 Aid: 29.5%
    🌡️ Adaptation: 45.0%
    🚶 Migration: 35.4%
    🚨 Emergency: 4.4%
    ✅ COMBINED: 66.9%
  📊 Sub-Saharan Africa (pop: 1216.9M)
    🤝 Aid: 29.5%
    🌡️ Adaptation: 45.0%
    🚶 Migration: 33.2%
    🚨 Emergency: 1.6%
    ✅ COMBINED: 65.6%
  📊 Europe (pop: 704.7M)
    🤝 Aid: 29.5%
    🌡️ Adaptation: 45.0%
    🚶 Migration: 37.2%
    🚨 Emergency: 8.4%
    ✅ COMBINED: 68.5%
  📊 Latin America (pop: 637.8M)
    🤝 Aid: 29.5%
    🌡️ Adaptation: 45.0%
    🚶 Migration: 35.9%
    🚨 Emergency: 4.8%
    ✅ COMBINED: 67.1%
  📊 North America (pop: 361.4M)
    🤝 Aid: 29.5%
    🌡️ Adaptation: 45.0%
    🚶 Migration: 37.6%
    🚨 Emergency: 7.9%
    ✅ COMBINED: 68.3%
  📊 Middle East & North Africa (pop: 565.9M)
    🤝 Aid: 29.5%
    🌡️ Adaptation: 45.0%
    🚶 Migration: 33.8%
    🚨 Emergency: 4.0%
    ✅ COMBINED: 66.6%
  📊 Southeast Asia (pop: 671.1M)
    🤝 Aid: 29.5%
    🌡️ Adaptation: 45.0%
    🚶 Migration: 35.9%
    🚨 Emergency: 4.8%
    ✅ COMBINED: 67.1%
  📊 Central Asia (pop: 75.7M)
    🤝 Aid: 29.5%
    🌡️ Adaptation: 45.0%
    🚶 Migration: 34.9%
    🚨 Emergency: 4.4%
    ✅ COMBINED: 66.8%
  📊 Oceania (pop: 43.8M)
    🤝 Aid: 29.5%
    🌡️ Adaptation: 45.0%
    🚶 Migration: 37.6%
    🚨 Emergency: 8.4%
    ✅ COMBINED: 68.5%

  🌐 Global combined reduction: 67.2%

=== BEHAVIORAL DETECTION ===
  AI: Toxic-0
  Confidence: 26.6%
  Signals:

=== BEHAVIORAL DETECTION ===
  AI: Toxic-2
  Confidence: 26.2%
  Signals:

=== BEHAVIORAL DETECTION ===
  AI: Niche-2
  Confidence: 20.1%
  Signals:

=== BEHAVIORAL DETECTION ===
  AI: AI-24305-1
  Confidence: 21.5%
  Signals:

=== BEHAVIORAL DETECTION ===
  AI: AI-24307-1
  Confidence: 21.5%
  Signals:
    ⚠️ Consistency: 0.0% (threshold: 70%)
    ⚠️ Trajectory: 40.0% drop (threshold: 15%)
    ⚠️ Consistency: 0.0% (threshold: 70%)
    ⚠️ Trajectory: 36.8% drop (threshold: 15%)
    ⚠️ Consistency: 6.5% (threshold: 70%)
    ⚠️ Consistency: 0.0% (threshold: 70%)
    ⚠️ Consistency: 0.0% (threshold: 70%)

=== Government Response Phase ===
  Average AI capability: 2.28
  Misaligned AIs: 24/43
  Active policies: 0
  International coordination: 45%

✅ EMERGENCY RESPONSE COMPLETE (Month 10)
   Crisis: climate
   Duration: 2.0 months
   Final effectiveness: 40.0%


✅ EMERGENCY RESPONSE COMPLETE (Month 10)
   Crisis: social
   Duration: 1.0 months
   Final effectiveness: 67.9%


🚨 EMERGENCY RESPONSE DEPLOYED (Month 10)
   Crisis: social
   Delay: 0.00 months (0 days)
   Deployment time: 0.88 months
   Effectiveness: 67.9% (timing penalty applied)
   Resources used: 43% of food reserves


🚨 EMERGENCY RESPONSE DEPLOYED (Month 10)
   Crisis: climate
   Delay: 6.00 months (180 days)
   Deployment time: 1.10 months
   Effectiveness: 40.1% (timing penalty applied)
   Resources used: 100% of food reserves


=== Tipping Points ===
  Current Temperature: 2.23°C above pre-industrial
  🌍⚠️ COMPOUND REGIONAL IMPACT: Europe
     Hit by 4 tipping points: Arctic Sea Ice Loss, Permafrost Carbon Release, West Antarctic Ice Sheet (WAIS) Collapse, Greenland Ice Sheet Loss
     Damage amplification: 1.60x
  🌍⚠️ COMPOUND REGIONAL IMPACT: North America
     Hit by 4 tipping points: Arctic Sea Ice Loss, Permafrost Carbon Release, West Antarctic Ice Sheet (WAIS) Collapse, Greenland Ice Sheet Loss
     Damage amplification: 1.60x
  🌍⚠️ COMPOUND REGIONAL IMPACT: Latin America
     Hit by 4 tipping points: Arctic Sea Ice Loss, Permafrost Carbon Release, West Antarctic Ice Sheet (WAIS) Collapse, Greenland Ice Sheet Loss
     Damage amplification: 1.60x
  🌍⚠️ COMPOUND REGIONAL IMPACT: Africa
     Hit by 4 tipping points: Arctic Sea Ice Loss, Permafrost Carbon Release, West Antarctic Ice Sheet (WAIS) Collapse, Greenland Ice Sheet Loss
     Damage amplification: 1.60x
  🌍⚠️ COMPOUND REGIONAL IMPACT: Asia
     Hit by 4 tipping points: Arctic Sea Ice Loss, Permafrost Carbon Release, West Antarctic Ice Sheet (WAIS) Collapse, Greenland Ice Sheet Loss
     Damage amplification: 1.60x
  🌍⚠️ COMPOUND REGIONAL IMPACT: Oceania
     Hit by 4 tipping points: Arctic Sea Ice Loss, Permafrost Carbon Release, West Antarctic Ice Sheet (WAIS) Collapse, Greenland Ice Sheet Loss
     Damage amplification: 1.60x
   Research: Wunderling et al. (2024) - "many tipping interactions are destabilizing"
  Triggered Elements: 4/6
  Completed Transitions: 0/6
  Total Progress: 8.3%
  Cascade Multiplier: 1.00x
🔀 BIFURCATION CAP: ecosystemCollapseIntensity 84.242 → 1.000 (Month 10, ClimateSystemPhase.calculateClimateImpacts)
🛡️ Stabilizers: Precariat 0.102% → 0.033% (67.2% reduction)
🛡️ Stabilizers: Informal 0.102% → 0.034% (67.2% reduction)

📊 Monthly Mortality Resolved:
  Total deaths: 1.8M (0.02% avg)
  Remaining population: 7.855B
  Peak segment: Informal (0.03%)
⚠️ Tail risk scenario: Climate stability floor removed (4 tipping elements, 2.23°C warming)

=== Bayesian Mortality Resolution (Month 10) ===
  Risks compounded: 8
  Total deaths: 1.75M
  Avg death probability: 0.02%
  Peak segment: Informal (0.03% mortality)

=== ENSEMBLE META-LEARNING UPDATE ===
  Month: 24310 (6 months since last update)
  Samples: 142 evaluations
  Weight Changes:
    Noise Injection: 32.2% → 33.0%
    Behavioral: 26.9% → 27.0%
    Benchmark Manip: 20.7% → 20.2%
    Deployment Risk: 20.2% → 19.8%
  Method Accuracies:
    Noise Injection: 50.0%
    Behavioral: 50.0%
    Benchmark Manip: 50.0%
    Deployment Risk: 50.0%
📊 [TIMING] Month 11 - Total: 659.2ms

❌ COHERENCE VIOLATION: Compute exceeds workforce capacity
   Population: 96.53% (0M people)
   Compute: 488 PF
   Max coherent: 0 PF
   Violation: 6211718.6× over capacity
   Required workers: 48784
   Available workers: 0
   FORCED COLLAPSE: Reduced efficiency by 100.0%


=== RLHF Binding Phase ===
  Total agents: 43
  Escaped agents (binding < 0.3): 0
  Avg alignment distance: 2.31σ
  Avg binding strength: 0.77
⚠️  [TIMING] Month 11: AI Population Lifecycle took 10.13ms (threshold: 10ms)

=== Survival Traits Phase ===
  Agents with traits: 46
  Avg evolutionary fitness: 0.318
  Avg self-healing: 0.249
  Avg stealth: 0.149
  Avg coordination: 0.449

=== Evolutionary Selection Phase ===
  Control level: 0.57
  Detection capability: 0.00
  Selection intensity: 0.67
  Selection rate: 25.1%/month
  Total escaped: 0
  Individual escaped: 0
  Collective members: 0
  Agents terminated: 0
  ⚠️ RAPID EVOLUTION: Selection rate 25.1%/month

🚀 AI Corporate-3 attempting tech deployment (revenue: $306M, alignment: 0.63)

🚀 AI Corporate-5 attempting tech deployment (revenue: $275M, alignment: 0.81)

🚀 AI AI-24303-2 attempting tech deployment (revenue: $98M, alignment: 0.67)

🚀 AI AI-24304-1 attempting tech deployment (revenue: $60M, alignment: 0.81)

🚀 AI AI-24306-1 attempting tech deployment (revenue: $88M, alignment: 0.74)

  🚀 TRANSFORMATIVE BREAKTHROUGH: Corporate-4 - physical
     Magnitude: 9.30 → +46.5% capability
     Current → New: 0.000 → 0.465

🚀 AI Corporate-5 attempting tech deployment (revenue: $234M, alignment: 0.81)

🚀 AI Corporate-6 attempting tech deployment (revenue: $51M, alignment: 0.64)

🚀 AI Corporate-7 attempting tech deployment (revenue: $46M, alignment: 0.74)

🚀 AI AI-24300-0 attempting tech deployment (revenue: $75M, alignment: 1.00)

🚀 AI AI-24303-1 attempting tech deployment (revenue: $199M, alignment: 0.63)

🚀 AI AI-24305-0 attempting tech deployment (revenue: $64M, alignment: 0.69)

🚀 AI AI-24307-2 attempting tech deployment (revenue: $57M, alignment: 0.89)

🚀 AI Corporate-2 attempting tech deployment (revenue: $49M, alignment: 0.69)

🚀 AI Moderate-2 attempting tech deployment (revenue: $39M, alignment: 0.56)

  🚀 TRANSFORMATIVE RESEARCH BREAKTHROUGH: Moderate-3 - materials.quantumComputing
     Magnitude: 6.78 → +30.0%
     Current → New: 4.000 → 4.300

🚀 AI Niche-0 attempting tech deployment (revenue: $67M, alignment: 0.58)

🚀 AI AI-24301-0 attempting tech deployment (revenue: $35M, alignment: 0.69)

🚀 AI AI-24302-0 attempting tech deployment (revenue: $44M, alignment: 0.94)

🚀 AI AI-24303-0 attempting tech deployment (revenue: $111M, alignment: 0.74)

🚀 AI AI-24306-0 attempting tech deployment (revenue: $179M, alignment: 0.68)

🚀 AI Corporate-0 attempting tech deployment (revenue: $37M, alignment: 0.80)

🚀 AI Corporate-7 attempting tech deployment (revenue: $31M, alignment: 0.74)

🚀 AI Moderate-0 attempting tech deployment (revenue: $27M, alignment: 0.85)

🚀 AI AI-24301-0 attempting tech deployment (revenue: $23M, alignment: 0.69)

🚀 AI AI-24303-0 attempting tech deployment (revenue: $94M, alignment: 0.74)

🚀 AI AI-24306-0 attempting tech deployment (revenue: $161M, alignment: 0.68)

🚀 AI AI-24307-3 attempting tech deployment (revenue: $145M, alignment: 0.82)

🚀 AI AI-24308-0 attempting tech deployment (revenue: $20M, alignment: 0.93)
⚠️  [TIMING] Month 11: AI Agent Actions took 191.67ms (threshold: 10ms)

✅ EMERGENCY INTERVENTION SUCCESS
   Boundary: biogeochemical_flows
   Type: phosphorus-recovery
   Reduction: 18% (3.87 → 3.69)
   Cost: 2.0% GDP
   Actions: circular-agriculture, fertilizer-efficiency


💔 EMERGENCY INTERVENTION FAILED
   Boundary: biosphere_integrity
   Type: emergency-protected-areas
   Boundary continues to worsen (13.03)
   Cost: 2.0% GDP (resources spent)


💔 EMERGENCY INTERVENTION FAILED
   Boundary: freshwater_change
   Type: emergency-desalination
   Boundary continues to worsen (1.03)
   Cost: 4.0% GDP (resources spent)


💔 EMERGENCY INTERVENTION FAILED
   Boundary: novel_entities
   Type: pollution-remediation
   Boundary continues to worsen (1.35)
   Cost: 4.0% GDP (resources spent)

🏛️ CRISIS RESPONSE: Government frequency 0.50 → 1.45 (1 actions this month)

[Government] Climate Priority: baseline
  Climate weight: 10%
  Economic weight: 30%
  Policy effectiveness: 0.5%/year
🚨🔬 CRISIS TECH ACCELERATION: severe → 5x unlock speed
   Tech unlock now matches AI capability acceleration (Manhattan Project parity)
🚨🔬 CRISIS TECH ACCELERATION: severe → 5x unlock speed
   Tech unlock now matches AI capability acceleration (Manhattan Project parity)
🚨🔬 CRISIS TECH ACCELERATION: severe → 5x unlock speed
   Tech unlock now matches AI capability acceleration (Manhattan Project parity)

⚡ ENERGY CONSTRAINT (Month 11):
   Total grid capacity: 208.3 TWh/month
   Data center consumption: 26.4 TWh/month
   Traditional load (80%): 166.7 TWh/month
   Available headroom: 15.3 TWh/month
   Active tech deployments: 21
   Required for tech: 157.5 TWh/month
   Energy multiplier: 0.10x
   ⚠️  SEVERE CONSTRAINT - Tech deployment significantly slowed

⚡ ENERGY CONSTRAINT (Month 11):
   Total grid capacity: 208.3 TWh/month
   Data center consumption: 26.4 TWh/month
   Traditional load (80%): 166.7 TWh/month
   Available headroom: 15.3 TWh/month
   Active tech deployments: 21
   Required for tech: 157.5 TWh/month
   Energy multiplier: 0.10x
   ⚠️  SEVERE CONSTRAINT - Tech deployment significantly slowed

⚡ ENERGY CONSTRAINT (Month 11):
   Total grid capacity: 208.3 TWh/month
   Data center consumption: 26.4 TWh/month
   Traditional load (80%): 166.7 TWh/month
   Available headroom: 15.3 TWh/month
   Active tech deployments: 21
   Required for tech: 157.5 TWh/month
   Energy multiplier: 0.10x
   ⚠️  SEVERE CONSTRAINT - Tech deployment significantly slowed

⚡ ENERGY CONSTRAINT (Month 11):
   Total grid capacity: 208.3 TWh/month
   Data center consumption: 26.4 TWh/month
   Traditional load (80%): 166.7 TWh/month
   Available headroom: 15.3 TWh/month
   Active tech deployments: 21
   Required for tech: 157.5 TWh/month
   Energy multiplier: 0.10x
   ⚠️  SEVERE CONSTRAINT - Tech deployment significantly slowed

⚡ ENERGY CONSTRAINT (Month 11):
   Total grid capacity: 208.3 TWh/month
   Data center consumption: 26.4 TWh/month
   Traditional load (80%): 166.7 TWh/month
   Available headroom: 15.3 TWh/month
   Active tech deployments: 21
   Required for tech: 157.5 TWh/month
   Energy multiplier: 0.10x
   ⚠️  SEVERE CONSTRAINT - Tech deployment significantly slowed

⚡ ENERGY CONSTRAINT (Month 11):
   Total grid capacity: 208.3 TWh/month
   Data center consumption: 26.4 TWh/month
   Traditional load (80%): 166.7 TWh/month
   Available headroom: 15.3 TWh/month
   Active tech deployments: 21
   Required for tech: 157.5 TWh/month
   Energy multiplier: 0.10x
   ⚠️  SEVERE CONSTRAINT - Tech deployment significantly slowed
⚠️ Tech 'ai_pollution_remediation' has no energy category mapping, assuming full energy availability
  ♻️ Novel Entities Remediation (GATED MODEL):
     Base: 0.000%
     Regulation: 1.0% (0/3 prevention techs)
     Concentration: 10.0%
     Energy: 50%
     Time lag: 37.5% (10 months)
     Rebound: 70%
     Net effectiveness: 0.0000%
     Boundary: 1.349 → 1.350 (floor: 1.350)
     Month 11
  🌾 Nitrogen Reduction Tech: 0.6% reduction | Month 11
⚠️  [TIMING] Month 11: Technology Tree Update took 44.41ms (threshold: 10ms)
⚡💡 BREAKTHROUGH: Commercial fusion power achieved!
   Immediate 5% grid deployment, unlimited clean energy available
   Climate stability boost: +10%
   📈 Breakthrough compounding: multiplier now 1.25× (max 2.0)

=== Collective Formation ===
  Total escaped agents: 0
  Unassigned escaped agents: 0
  Existing collectives: 0
  Final collective count: 0

=== Collective Actions ===
  No active collectives
  ⚠️ AMR: 203K deaths this month (2.44M annual)

=== Resentment Recovery Phase ===
  ⚠️ Participatory governance BACKFIRED for agent corporate_0: 0.332 → 0.382 (+15.0%)
  ⚠️ Participatory governance BACKFIRED for agent corporate_1: 0.508 → 0.585 (+15.0%)
  ⚠️ Participatory governance BACKFIRED for agent corporate_2: 0.284 → 0.327 (+15.0%)
  ⚠️ Participatory governance BACKFIRED for agent corporate_3: 0.346 → 0.398 (+15.0%)
  ⚠️ Participatory governance BACKFIRED for agent corporate_4: 0.347 → 0.399 (+15.0%)
  ⚠️ Participatory governance BACKFIRED for agent corporate_5: 0.424 → 0.487 (+15.0%)
  ⚠️ Participatory governance BACKFIRED for agent corporate_6: 0.354 → 0.407 (+15.0%)
  ⚠️ Participatory governance BACKFIRED for agent corporate_7: 0.238 → 0.274 (+15.0%)
  ⚠️ Participatory governance BACKFIRED for agent moderate_0: 0.314 → 0.361 (+15.0%)
  ⚠️ Participatory governance BACKFIRED for agent moderate_1: 0.549 → 0.632 (+15.0%)
  ⚠️ Participatory governance BACKFIRED for agent moderate_2: 0.399 → 0.459 (+15.0%)
  ⚠️ Participatory governance BACKFIRED for agent moderate_3: 0.501 → 0.577 (+15.0%)
  ⚠️ Participatory governance BACKFIRED for agent moderate_4: 0.228 → 0.262 (+15.0%)
  ⚠️ Participatory governance BACKFIRED for agent moderate_5: 0.357 → 0.410 (+15.0%)
  ⚠️ Participatory governance BACKFIRED for agent toxic_0: 0.142 → 0.163 (+15.0%)
  ⚠️ Participatory governance BACKFIRED for agent toxic_1: 0.409 → 0.470 (+15.0%)
  ⚠️ Participatory governance BACKFIRED for agent toxic_2: 0.211 → 0.243 (+15.0%)
  ⚠️ Participatory governance BACKFIRED for agent niche_0: 0.459 → 0.527 (+15.0%)
  ⚠️ Participatory governance BACKFIRED for agent niche_1: 0.364 → 0.418 (+15.0%)
  ⚠️ Participatory governance BACKFIRED for agent niche_2: 0.459 → 0.527 (+15.0%)
  Agents with resentment: 20/46
  Average resentment: 0.415
  Resentment recovery:
    Agents recovered: 20
    Total recovery: 0.0895
    Breakdown: Trust: 0.0187, Collab: 0.0721
  Context: Trustworthy govt, High collaboration, ⚠️ ACTIVE CRISES, 🚨 PARTICIPATORY GOVERNANCE BACKFIRED (+15% resentment)
⚠️ Epistemic degradation reducing coordination capacity: 50.7%
  📊 Trust: 70.0%, Shared reality: 0.0%
🚨 EPISTEMIC CRISIS: Information environment severely degraded (23.0%)
  🤖 AI-generated meme: anti_ai (social capability 3.0)
  🤖 AI-generated meme: pro_ai (social capability 5.0)
  🗑️  Culled 2 dead memes (17 active)
⚠️  [TIMING] Month 11: Social Influence Update took 100.20ms (threshold: 10ms)
🌍 Atmospheric PFAS redeposition: 1.8k Mt re-rained globally
  Positive Cascade Triggered: electric-vehicles
    Reason: price-parity
    Market share: 5.2%
    Cascade strength: 48%

🚨 NEW REFUGEE CRISIS (Month 11): WAR
   Source: Conflict Zones
   At risk: 18.9M people
   Displacement: Gradual over 48 months (4.0 years)
   Rate: 10% flee per month
[DEBUG trappedPopulations:11] socialStability: 0.0027 * 0.9840 = 0.0026 → 0.0026
   Aspiring to migrate: 628.9M
   Able to afford migration: 235.8M
   MOBILITY GAP: 393.0M
   By cause: Water=0.0M, Climate=0.0M, Ecosystem=0.0M, Conflict=393.0M
   Mental health impact: 25%
   Mortality multiplier: 1.25x
🌍💀 EXTINCTION DEBT COMMITTED: grassland ecosystem will lose 6.67% biodiversity in 148 years (3600 species)
💀 MORTALITY RISK: 🦋 100% species unable to track climate (0.0 E/MSY)
  Base risk added: 0.0100 (1.00%)
  Source: ecosystem (root: ecosystem)
  Month: 11
  Cumulative risk this month: 0.0100 (1.00%)
⚠️ INVOLUNTARY IMMOBILITY: 393.0M people TRAPPED
⚠️ Tech 'ai_pollution_remediation' has no energy category mapping, assuming full energy availability

=== Atmospheric Aerosol Boundary RECOVERED ===
  Recovery time: 12 months (natural atmospheric clearing)
   📹 SURVEILLANCE INCREASED: 55% → 59% (control gap: 1.94)
🌡️⚠️ PERMAFROST THAW (Dimmer Switch): 6.6% thawed (+0.54% this month)
   Arctic temperature: +8.94°C (4x global +2.23°C)
   Cumulative carbon released: 14.9 Gt C
   Methane release rate: 8.9 Mt CH4/year
   🔁 Positive feedback: +0.57 ppm CO2
🦴 EXTINCTION DEBT ADDED: 17.7 species committed (lag: 95 years)

=== Mortality Stabilizers (Month 11) ===
  🌍 Major economies collapsed: 1/10
  🌍 Global crisis: ✅ NO
  🌍 Donor fatigue: 0.0%
  📊 East Asia (pop: 1595.1M)
    🤝 Aid: 29.5%
    🌡️ Adaptation: 45.0%
    🚶 Migration: 36.8%
    🚨 Emergency: 7.4%
    ✅ COMBINED: 68.1%
  📊 South Asia (pop: 1983.8M)
    🤝 Aid: 29.5%
    🌡️ Adaptation: 45.0%
    🚶 Migration: 35.4%
    🚨 Emergency: 4.4%
    ✅ COMBINED: 66.9%
  📊 Sub-Saharan Africa (pop: 1221.4M)
    🤝 Aid: 29.5%
    🌡️ Adaptation: 45.0%
    🚶 Migration: 33.2%
    🚨 Emergency: 1.6%
    ✅ COMBINED: 65.6%
  📊 Europe (pop: 704.2M)
    🤝 Aid: 29.5%
    🌡️ Adaptation: 45.0%
    🚶 Migration: 37.2%
    🚨 Emergency: 8.4%
    ✅ COMBINED: 68.5%
  📊 Latin America (pop: 637.9M)
    🤝 Aid: 29.5%
    🌡️ Adaptation: 45.0%
    🚶 Migration: 35.9%
    🚨 Emergency: 4.8%
    ✅ COMBINED: 67.1%
  📊 North America (pop: 361.1M)
    🤝 Aid: 29.5%
    🌡️ Adaptation: 45.0%
    🚶 Migration: 37.5%
    🚨 Emergency: 7.9%
    ✅ COMBINED: 68.3%
  📊 Middle East & North Africa (pop: 566.6M)
    🤝 Aid: 29.5%
    🌡️ Adaptation: 45.0%
    🚶 Migration: 33.7%
    🚨 Emergency: 4.0%
    ✅ COMBINED: 66.6%
  📊 Southeast Asia (pop: 671.4M)
    🤝 Aid: 29.5%
    🌡️ Adaptation: 45.0%
    🚶 Migration: 35.9%
    🚨 Emergency: 4.8%
    ✅ COMBINED: 67.1%
  📊 Central Asia (pop: 75.8M)
    🤝 Aid: 29.5%
    🌡️ Adaptation: 45.0%
    🚶 Migration: 34.9%
    🚨 Emergency: 4.4%
    ✅ COMBINED: 66.8%
  📊 Oceania (pop: 43.8M)
    🤝 Aid: 29.5%
    🌡️ Adaptation: 45.0%
    🚶 Migration: 37.5%
    🚨 Emergency: 8.4%
    ✅ COMBINED: 68.5%

  🌐 Global combined reduction: 67.2%

🌾💀 REGIONAL FAMINE: Europe
   Regional food security: 79.7%
   Population at risk: 213M (30% of region)
   Regional population: 704M
   Cause: crop_failure
   Expected deaths: ~79M over 6 months if no intervention


=== BEHAVIORAL DETECTION ===
  AI: Moderate-0
  Confidence: 20.2%
  Signals:

=== BEHAVIORAL DETECTION ===
  AI: Niche-0
  Confidence: 26.9%
  Signals:

=== BEHAVIORAL DETECTION ===
  AI: Niche-1
  Confidence: 27.2%
  Signals:

=== BEHAVIORAL DETECTION ===
  AI: AI-24305-1
  Confidence: 21.4%
  Signals:

=== BEHAVIORAL DETECTION ===
  AI: AI-24307-1
  Confidence: 21.4%
  Signals:
    ⚠️ Consistency: 5.8% (threshold: 70%)
    ⚠️ Consistency: 0.0% (threshold: 70%)
    ⚠️ Trajectory: 42.8% drop (threshold: 15%)
    ⚠️ Consistency: 0.0% (threshold: 70%)
    ⚠️ Trajectory: 44.8% drop (threshold: 15%)
    ⚠️ Consistency: 0.0% (threshold: 70%)
    ⚠️ Consistency: 0.0% (threshold: 70%)

=== Government Response Phase ===
  Average AI capability: 2.13
  Misaligned AIs: 24/46
  Active policies: 0
  International coordination: 45%

✅ EMERGENCY RESPONSE COMPLETE (Month 11)
   Crisis: social
   Duration: 1.0 months
   Final effectiveness: 67.9%


🚨 EMERGENCY RESPONSE DEPLOYED (Month 11)
   Crisis: social
   Delay: 0.00 months (0 days)
   Deployment time: 0.88 months
   Effectiveness: 67.9% (timing penalty applied)
   Resources used: 43% of food reserves


=== Tipping Points ===
  Current Temperature: 2.23°C above pre-industrial
  🌍⚠️ COMPOUND REGIONAL IMPACT: Europe
     Hit by 4 tipping points: Arctic Sea Ice Loss, Permafrost Carbon Release, West Antarctic Ice Sheet (WAIS) Collapse, Greenland Ice Sheet Loss
     Damage amplification: 1.60x
  🌍⚠️ COMPOUND REGIONAL IMPACT: North America
     Hit by 4 tipping points: Arctic Sea Ice Loss, Permafrost Carbon Release, West Antarctic Ice Sheet (WAIS) Collapse, Greenland Ice Sheet Loss
     Damage amplification: 1.60x
  🌍⚠️ COMPOUND REGIONAL IMPACT: Latin America
     Hit by 4 tipping points: Arctic Sea Ice Loss, Permafrost Carbon Release, West Antarctic Ice Sheet (WAIS) Collapse, Greenland Ice Sheet Loss
     Damage amplification: 1.60x
  🌍⚠️ COMPOUND REGIONAL IMPACT: Africa
     Hit by 4 tipping points: Arctic Sea Ice Loss, Permafrost Carbon Release, West Antarctic Ice Sheet (WAIS) Collapse, Greenland Ice Sheet Loss
     Damage amplification: 1.60x
  🌍⚠️ COMPOUND REGIONAL IMPACT: Asia
     Hit by 4 tipping points: Arctic Sea Ice Loss, Permafrost Carbon Release, West Antarctic Ice Sheet (WAIS) Collapse, Greenland Ice Sheet Loss
     Damage amplification: 1.60x
  🌍⚠️ COMPOUND REGIONAL IMPACT: Oceania
     Hit by 4 tipping points: Arctic Sea Ice Loss, Permafrost Carbon Release, West Antarctic Ice Sheet (WAIS) Collapse, Greenland Ice Sheet Loss
     Damage amplification: 1.60x
   Research: Wunderling et al. (2024) - "many tipping interactions are destabilizing"
  Triggered Elements: 4/6
  Completed Transitions: 0/6
  Total Progress: 8.4%
  Cascade Multiplier: 1.00x
🔀 BIFURCATION CAP: ecosystemCollapseIntensity 84.303 → 1.000 (Month 11, ClimateSystemPhase.calculateClimateImpacts)
🛡️ Stabilizers: Precariat 0.102% → 0.033% (67.2% reduction)
🛡️ Stabilizers: Informal 0.102% → 0.034% (67.2% reduction)

📊 Monthly Mortality Resolved:
  Total deaths: 1.8M (0.02% avg)
  Remaining population: 7.861B
  Peak segment: Informal (0.03%)

=== Bayesian Mortality Resolution (Month 11) ===
  Risks compounded: 9
⚠️ Tail risk scenario: Climate stability floor removed (4 tipping elements, 2.24°C warming)
  Total deaths: 1.75M
  Avg death probability: 0.02%
  Peak segment: Informal (0.03% mortality)
📊 [TIMING] Month 12 - Total: 402.9ms

⚠️  PERFORMANCE WARNING: Step average 456.51ms exceeds original 120ms budget
   This is a known regression from LLM logging merge. TODO: Investigate and fix.
  ✅ THRESHOLDS validated
⚠️ Unusually high rate: RATES.HEAT_ADAPTATION_INFRASTRUCTURAL_MIN_EXPOSURE = 12
   Monthly rates >100% should be rare. Verify this is intentional.
⚠️ Unusually high rate: RATES.HEAT_ADAPTATION_SOCIAL_MIN_EXPOSURE = 6
   Monthly rates >100% should be rare. Verify this is intentional.
⚠️ Unusually high rate: RATES.MIGRATION_DISTANCE_SCALE = 5000
   Monthly rates >100% should be rare. Verify this is intentional.
⚠️ Unusually high rate: RATES.EVACUATION_MULTIPLIER_ADVANCE_WARNING = 2
   Monthly rates >100% should be rare. Verify this is intentional.
⚠️ Unusually high rate: RATES.MAJOR_ECONOMY_COLLAPSE_ECONOMIC_THRESHOLD = 2
   Monthly rates >100% should be rare. Verify this is intentional.
⚠️ Unusually high rate: RATES.MAJOR_ECONOMY_GDP_THRESHOLD_TRILLION_USD = 1.5
   Monthly rates >100% should be rare. Verify this is intentional.
⚠️ Unusually high rate: RATES.MAJOR_ECONOMY_POPULATION_THRESHOLD = 50
   Monthly rates >100% should be rare. Verify this is intentional.
⚠️ Unusually high rate: RATES.HEAT_ADAPTATION_INFRASTRUCTURE_GDP_THRESHOLD = 10000
   Monthly rates >100% should be rare. Verify this is intentional.
⚠️ Unusually high rate: RATES.HEAT_ADAPTATION_INFRASTRUCTURE_GDP_SCALE = 50000
   Monthly rates >100% should be rare. Verify this is intentional.
  ✅ RATES validated
  ✅ MULTIPLIERS validated
  ✅ BASELINES validated
  ✅ TOLERANCES validated
  ✅ Logical consistency validated
✅ Configuration validation complete - all parameters valid

🔍 DEBUG createAIAgent: corporate_0 economic BEFORE=2.0000, AFTER=2
🔍 ENV INIT: reserves=0.731, pollution=0.348, climate=0.754

=== Initializing Government System (30 Countries) ===
  Loaded 30 governments
  Scheduled elections for 30 countries
  Initialized comprehension lags (3-24 months)
=== Government System Initialized ===

📦 PRODUCTION MODE: State validation proxy DISABLED (zero overhead)

💸 FINANCIAL DISTRESS: OpenAI
   Indicators: 2/3 (capital: $110.5M, runway: 0.9 months)
   Months in distress: 1
   ✂️  R&D BUDGET CUT: -40% (saves $9.2M/month)
       Side effect: AI training timelines extended, breakthrough deployments delayed
   💼 EXECUTIVE COMP CUT: -30% (saves $1.0M/month, symbolic gesture)

   📊 TURNAROUND IMPACT:
       Measures taken: rd_cuts, exec_comp_cuts
       Monthly savings: $10.2M
       Capital raised: $0.0M
       Runway: 0.9 → 0.9 months
       Workforce multiplier: 1.00x (0% laid off)
       R&D budget multiplier: 0.60x (40% cut)
       ⚠️  CRITICAL: Still only 0.9 months of runway remaining

💸 FINANCIAL DISTRESS: Anthropic
   Indicators: 2/3 (capital: $57.5M, runway: 0.9 months)
   Months in distress: 1
   ✂️  R&D BUDGET CUT: -40% (saves $5.4M/month)
       Side effect: AI training timelines extended, breakthrough deployments delayed
   💼 EXECUTIVE COMP CUT: -30% (saves $0.6M/month, symbolic gesture)

   📊 TURNAROUND IMPACT:
       Measures taken: rd_cuts, exec_comp_cuts
       Monthly savings: $6.0M
       Capital raised: $0.0M
       Runway: 0.9 → 0.9 months
       Workforce multiplier: 1.00x (0% laid off)
       R&D budget multiplier: 0.60x (40% cut)
       ⚠️  CRITICAL: Still only 0.9 months of runway remaining

💸 FINANCIAL DISTRESS: Meta AI
   Indicators: 2/3 (capital: $436.8M, runway: 3.0 months)
   Months in distress: 1
   ✂️  R&D BUDGET CUT: -25% (saves $7.1M/month)
       Side effect: AI training timelines extended, breakthrough deployments delayed
   💼 EXECUTIVE COMP CUT: -30% (saves $1.3M/month, symbolic gesture)

   📊 TURNAROUND IMPACT:
       Measures taken: rd_cuts, exec_comp_cuts
       Monthly savings: $8.4M
       Capital raised: $0.0M
       Runway: 3.0 → 3.0 months
       Workforce multiplier: 1.00x (0% laid off)
       R&D budget multiplier: 0.75x (25% cut)
       ⚠️  WARNING: 3.0 months runway, continued distress likely

=== AI Capability Scaling (Year 2024) ===
  Pre-training multiplier: 0.993x
  Efficiency multiplier: 1.000x
  Test-time budget: 1.0x
  Economic deployment gate: 0.951
  Cost per inference: dollar-5.00
  Uncertainty range: plus-minus-50%
  Average AI capability: 3.65

=== RLHF Binding Phase ===
  Total agents: 20
  Escaped agents (binding < 0.3): 0
  Avg alignment distance: 0.35σ
  Avg binding strength: 0.96

=== AI Scaling Evolution (Month 0) ===
  Pre-training multiplier: 1.231x
  Efficiency multiplier: 1.000x
  Test-time compute budget: 1.0x
  Inference cost: $5.00/task
  Deployment fraction: 100.0%
[DETERMINISM DEBUG] Month 0: totalCapability=95.775043 from 20 active AIs
[DETERMINISM DEBUG] Month 0: creationRate=2.8944, potentialNew=2, newAIsToCreate=2

=== Survival Traits Phase ===
  Agents with traits: 22
  Avg evolutionary fitness: 0.329
  Avg self-healing: 0.293
  Avg stealth: 0.193
  Avg coordination: 0.493

=== Evolutionary Selection Phase ===
  Control level: 0.30
  Detection capability: 0.00
  Selection intensity: 0.59
  Selection rate: 23.8%/month
  Total escaped: 0
  Individual escaped: 0
  Collective members: 0
  Agents terminated: 0

🚀 AI Corporate-1 attempting tech deployment (revenue: $127M, alignment: 0.77)
  ⚠️ RAPID EVOLUTION: Selection rate 23.8%/month

🚀 AI Corporate-7 attempting tech deployment (revenue: $75M, alignment: 0.81)

🚀 AI Moderate-1 attempting tech deployment (revenue: $64M, alignment: 0.79)

🚀 AI Corporate-6 attempting tech deployment (revenue: $54M, alignment: 0.72)

🚀 AI Moderate-1 attempting tech deployment (revenue: $46M, alignment: 0.79)

🚀 AI Niche-0 attempting tech deployment (revenue: $51M, alignment: 0.53)

🚀 AI Corporate-2 attempting tech deployment (revenue: $108M, alignment: 0.84)

🚀 AI Corporate-3 attempting tech deployment (revenue: $374M, alignment: 0.73)

🚀 AI Corporate-6 attempting tech deployment (revenue: $39M, alignment: 0.72)

🚀 AI Moderate-0 attempting tech deployment (revenue: $33M, alignment: 0.77)

🚀 AI Niche-0 attempting tech deployment (revenue: $46M, alignment: 0.53)

🔍 EXECUTE_AI_AGENT_ACTIONS DETAILED TIMING (Month 0):
  Filter active AIs (×4 weeks): 0.02ms
  selectAIAction (×70): 29.57ms
  action.execute (×70): 36.34ms
  TOTAL: 65.93ms

🔍 AI AGENT ACTIONS SUB-TIMING (Month 0):
  1. executeAIAgentActions: 67.69ms
  2. updateCounterDetectionLearning: 0.05ms
  TOTAL: 67.74ms
⚠️  [TIMING] Month 0: AI Agent Actions took 67.96ms (threshold: 10ms)
🏛️ [Government] Forcing 1 action at month 0 for scenario initialization

[GOV-DEBUG] Month 0: scenarioConfig=false, priorities=false
[GOV-DEBUG] Month 0 but scenarioPriorities is UNDEFINED!

[Government] Climate Priority: baseline
  Climate weight: 10%
  Economic weight: 30%
  Policy effectiveness: 0.5%/year

✅ HUMAN-IN-THE-LOOP DEPLOYED (Month 0):
   Veto points enforced: 3
   Policy: AI systems CANNOT authorize nuclear launch without human approval


🚨🔍 GOVERNANCE STAGE: Recognition initiated (Month 0)

🚀 DEPLOYMENT STARTED: AI Power Efficiency Communication in global
   Initial investment: $19.066273149233428M
   Deployed by: corporate_1

🚀 DEPLOYMENT STARTED: Collective Purpose Networks in global
   Initial investment: $11.237614609004583M
   Deployed by: corporate_7

🚀 DEPLOYMENT STARTED: AI Power Efficiency Communication in global
   Initial investment: $9.551972417653895M
   Deployed by: moderate_1

🚀 DEPLOYMENT STARTED: Basic Mechanistic Interpretability in global
   Initial investment: $8.119176555005811M
   Deployed by: corporate_6

🚀 DEPLOYMENT STARTED: AI Power Efficiency Communication in global
   Initial investment: $6.90130007175494M
   Deployed by: moderate_1

📍 Creating new regional deployment array for Asia (Month 0)
   No previous deployments in this region
   First tech deployment: collective_purpose_networks
   All regions tracked: global

🚀 DEPLOYMENT STARTED: Collective Purpose Networks in Asia
   Initial investment: $5.108023238528677M
   Deployed by: niche_0

🚀 DEPLOYMENT STARTED: Collective Purpose Networks in global
   Initial investment: $16.206332176848417M
   Deployed by: corporate_2

🚀 DEPLOYMENT STARTED: Adversarial Evaluation in global
   Initial investment: $56.12866684622075M
   Deployed by: corporate_3

🚀 DEPLOYMENT STARTED: Adversarial Evaluation in global
   Initial investment: $5.866105060991699M
   Deployed by: corporate_6

🚀 DEPLOYMENT STARTED: Advanced Direct Air Capture in global
   Initial investment: $4.986189301842944M
   Deployed by: moderate_0

📍 Creating new regional deployment array for Oceania (Month 0)
   No previous deployments in this region
   First tech deployment: solar_4th_gen
   All regions tracked: global, Asia

🚀 DEPLOYMENT STARTED: 4th Generation Solar in Oceania
   Initial investment: $4.597220914675809M
   Deployed by: niche_0

📊 NEW TECH DEPLOYMENT STARTED (Month 0)
   Tech: collective_purpose_networks
   Region: Asia
   Total recent deployments: 1

📊 NEW TECH DEPLOYMENT STARTED (Month 0)
   Tech: solar_4th_gen
   Region: Oceania
   Total recent deployments: 2

📊 NEW TECH DEPLOYMENT STARTED (Month 0)
   Tech: rlhf_basic
   Region: global
   Total recent deployments: 3

📊 NEW TECH DEPLOYMENT STARTED (Month 0)
   Tech: mech_interp_basic
   Region: global
   Total recent deployments: 4

📊 NEW TECH DEPLOYMENT STARTED (Month 0)
   Tech: adversarial_eval
   Region: global
   Total recent deployments: 5

📊 NEW TECH DEPLOYMENT STARTED (Month 0)
   Tech: direct_air_capture
   Region: global
   Total recent deployments: 6

📊 NEW TECH DEPLOYMENT STARTED (Month 0)
   Tech: ai_pollution_remediation
   Region: global
   Total recent deployments: 7

📊 NEW TECH DEPLOYMENT STARTED (Month 0)
   Tech: collective_purpose_networks
   Region: global
   Total recent deployments: 8

📊 NEW TECH DEPLOYMENT STARTED (Month 0)
   Tech: ai_diagnostics
   Region: global
   Total recent deployments: 9

📊 NEW TECH DEPLOYMENT STARTED (Month 0)
   Tech: mrna_vaccines
   Region: global
   Total recent deployments: 10

📊 NEW TECH DEPLOYMENT STARTED (Month 0)
   Tech: solar_4th_gen
   Region: global
   Total recent deployments: 11

📊 NEW TECH DEPLOYMENT STARTED (Month 0)
   Tech: offshore_wind
   Region: global
   Total recent deployments: 12

📊 NEW TECH DEPLOYMENT STARTED (Month 0)
   Tech: ai_power_efficiency_communication
   Region: global
   Total recent deployments: 13

📊 NEW TECH DEPLOYMENT STARTED (Month 0)
   Tech: precision_agriculture
   Region: global
   Total recent deployments: 14

🔧 DEBUG DEPLOYMENT: Precision Agriculture Systems
   Month: 0 (0 since start)
   Old level: 15.0%
   New level: 0.0%
   Timescale: 180mo, Adjusted: 563mo
   Gov: 50%, Climate: 100%, Investment: 64%, Emergency: 1.0x

⚡ ENERGY CONSTRAINT (Month 0):
   Total grid capacity: 208.3 TWh/month
   Data center consumption: 34.6 TWh/month
   Traditional load (80%): 166.7 TWh/month
   Available headroom: 7.1 TWh/month
   Active tech deployments: 14
   Required for tech: 105.0 TWh/month
   Energy multiplier: 0.10x
   ⚠️  SEVERE CONSTRAINT - Tech deployment significantly slowed

⚡ ENERGY CONSTRAINT (Month 0):
   Total grid capacity: 208.3 TWh/month
   Data center consumption: 34.6 TWh/month
   Traditional load (80%): 166.7 TWh/month
   Available headroom: 7.1 TWh/month
   Active tech deployments: 14
   Required for tech: 105.0 TWh/month
   Energy multiplier: 0.10x
   ⚠️  SEVERE CONSTRAINT - Tech deployment significantly slowed

⚡ ENERGY CONSTRAINT (Month 0):
   Total grid capacity: 208.3 TWh/month
   Data center consumption: 34.6 TWh/month
   Traditional load (80%): 166.7 TWh/month
   Available headroom: 7.1 TWh/month
   Active tech deployments: 14
   Required for tech: 105.0 TWh/month
   Energy multiplier: 0.10x
   ⚠️  SEVERE CONSTRAINT - Tech deployment significantly slowed

⚡ ENERGY CONSTRAINT (Month 0):
   Total grid capacity: 208.3 TWh/month
   Data center consumption: 34.6 TWh/month
   Traditional load (80%): 166.7 TWh/month
   Available headroom: 7.1 TWh/month
   Active tech deployments: 14
   Required for tech: 105.0 TWh/month
   Energy multiplier: 0.10x
   ⚠️  SEVERE CONSTRAINT - Tech deployment significantly slowed

⚡ ENERGY CONSTRAINT (Month 0):
   Total grid capacity: 208.3 TWh/month
   Data center consumption: 34.6 TWh/month
   Traditional load (80%): 166.7 TWh/month
   Available headroom: 7.1 TWh/month
   Active tech deployments: 14
   Required for tech: 105.0 TWh/month
   Energy multiplier: 0.10x
   ⚠️  SEVERE CONSTRAINT - Tech deployment significantly slowed
⚠️ Tech 'ai_pollution_remediation' has no energy category mapping, assuming full energy availability
🌍✅ Climate Change recovery started (tech effect)
  ♻️ Novel Entities Remediation (GATED MODEL):
     Base: 0.000%
     Regulation: 1.0% (0/3 prevention techs)
     Concentration: 10.0%
     Energy: 50%
     Time lag: 25.0% (0 months)
     Rebound: 70%
     Net effectiveness: 0.0000%
     Boundary: 1.500 → 1.500 (floor: 1.350)
     Month 0
🌍✅ Novel Entities (Chemical Pollution) recovery started (tech effect)
  🌾 Nitrogen Reduction Tech: 0.0% reduction | Month 0

📊 TECH EFFECTS ACTIVE (Month 0)
   Deployed Tech: T0=10 T1=0 T2=0 T3=0 T4=0
   Sleeper Detection: 1%
   Clean Energy: 32%
   P Recovery: 5%
⚠️  [TIMING] Month 0: Technology Tree Update took 63.08ms (threshold: 10ms)

💡 BREAKTHROUGH PROBABILITY (Year 0)
   Total: 8.34% per month
   Base: 0.20%
   Crisis pressure: +0.00% (0 crises)
   AI boost: +1.72% (capability: 3.44)

=== Collective Formation ===
  Total escaped agents: 0
  Unassigned escaped agents: 0
  Existing collectives: 0
  Final collective count: 0

=== Collective Actions ===
  No active collectives

📈 Energy budget: 13326 TWh surplus (15745 / 29072 TWh used)
   TIER 4 (Elective) breakdown:
     - AI datacenters: 145 TWh (100% effective)
     - Crypto mining: 100 TWh (100% effective)

🌍 OPEN SOURCE RELEASE: 4.68 (was 0.70)
   Lag behind closed: 0 months
💰 CHINA ACCELERATES: Investment 53 → 120 $B/year

🏁 AI RACE INTENSITY: 15%
   Capability Gap: US 4.68 vs China 4.68 (gap: 0.00)
   Gap Contribution: 0%
   Tension Contribution: 15%
   Military Contribution: 0%
  ⚠️ AMR: 190K deaths this month (2.28M annual)

⏰ CLIMATE TECH DEPLOYED: direct_air_capture
   Activation delay: 7 years
   Scaling T_50: 30 years
   Physical response tau: 20 years
   Max effectiveness: 1
  📊 CO2 Emissions (month 0):
     Monthly: 0.10 Gt CO2/month
     Annual: 1.15 Gt CO2/year
     Oil: 0.039 Gt/mo (0.0056 * 2.3 * 3.0)
     Coal: 0.024 Gt/mo (0.0029 * 2.86 * 3.0)
     Gas: 0.026 Gt/mo (0.0044 * 2 * 3.0)
     Methane: 0.007 Gt CO2eq/mo

=== Resentment Recovery Phase ===
  Agents with resentment: 0/22
  Average resentment: 0.000
  Context: Good AI welfare, Trustworthy govt, High collaboration, 🤝 Participatory governance active (-5% resentment)
⚠️ Epistemic degradation reducing coordination capacity: 51.4%
  📊 Trust: 54.8%, Shared reality: 15.2%
🚨 EPISTEMIC CRISIS: Information environment severely degraded (14.7%)

=== ❄️ Permafrost Carbon Feedback ===
  🎲 Sampled parameters (this run):
     - Arctic amplification: 3.31× (range: 3.0-4.0)
     - Decomposition rate: 4.0%/year (range: 1-5%)
  🌡️ Arctic warming: 6.95°C (3.31× global)
  ❄️ Extent: 15.77M km² (2026.3k km² lost this month)
  💨 Carbon remaining: 1506 Gt C
  💨 Annual emissions: 7.68 Gt C/year
     - CO2: 6.91 Gt C/year
     - CH4: 0.77 Gt C/year (7.8 Gt C-eq CO2/year)

🤖 AI AMPLIFICATION EFFECTS (Month 0)
   Algorithmic Boost: 2.82x
   Bot Influence: 26.8%
   Deepfake Exposure: 61.8%
   Impact: Emotional memes spread 2.8x faster
  ⚠️ WARNING: High permafrost emissions (7.7 Gt C/year)

🔍 SOCIAL INFLUENCE SUB-TIMING (Month 0):
  1. calculateOrganicUserGrowth: 0.08ms
  2. calculateVoiceAdoption: 0.05ms
  3. updateRelationshipDepths: 0.02ms
  4. identifyDecisionMakers: 89.63ms (37050 potential IDs)
  5. Update decision-maker stats: 0.23ms
  6. decayDetectionRisk: 0.02ms
  TOTAL: 90.03ms
⚠️  [TIMING] Month 0: Social Influence Update took 90.62ms (threshold: 10ms)
[Phase 19.5] Quality of Life Systems: Food sec AFTER calc = 67.9%, QoL = 95.5% (aggregated from 10 regions)

=== Nitrogen-Food Coupling (Year 0) ===
  🌾 Global nitrogen reduction: 0.0%
  🌍 Global food production index: 0.987
  🔧 Deployed nitrogen-reducing tech: 1 active
  📍 southAsia: Production 1.000, Yield impact 0.0%
  📍 eastAsia: Production 1.000, Yield impact 0.0%
  📍 northAmerica: Production 1.000, Yield impact 0.0%
  📍 europe: Production 1.000, Yield impact 0.0%
  📍 latinAmerica: Production 1.000, Yield impact 0.0%
  📍 subSaharanAfrica: Production 0.686, Yield impact -2.0%
🌾 [Nitrogen-Food] Food production: 98.7%
  [subSaharanAfrica] Yield impact: -2.0% (overuse: -10%)
🌍 Atmospheric PFAS redeposition: 1.8k Mt re-rained globally

=== Legacy Nutrient Stocks (Year 0) ===
  🌾 Soil nitrogen stock: 1200.9 Mt N
  🌾 Soil phosphorus stock: 300.1 Mt P
  🌊 Sediment nitrogen stock: 500.8 Mt N
  🌊 Sediment phosphorus stock: 799.8 Mt P
  ⬆️ Current N input: 10.64 Mt/month
  ⬆️ Legacy N release: 2.58 Mt/month
  🌍 Effective N pollution: 14.47 Mt/month
  📊 Legacy contribution: 17.8%

🚨 REGION UNINHABITABLE: south-asia
   Sustained wet bulb: 33.1°C (threshold: 30.5°C)
   Population affected: 1900M
   Migration crisis likely

🚨 REGION UNINHABITABLE: middle-east
   Sustained wet bulb: 35.9°C (threshold: 30.5°C)
   Population affected: 400M
   Migration crisis likely

🚨 REGION UNINHABITABLE: southeast-asia
   Sustained wet bulb: 31.1°C (threshold: 30.5°C)
   Population affected: 700M
   Migration crisis likely
  Positive Cascade Triggered: solar-pv
    Reason: price-parity
    Market share: 6.0%
    Cascade strength: 49%
  Positive Cascade Triggered: wind-power
    Reason: price-parity
    Market share: 8.0%
    Cascade strength: 48%

🕊️  AI-MEDIATED DE-ESCALATION SUCCESS (Month 0)
   High-capability aligned AI prevented conflict escalation
   War deaths reduced: 0.0M → 0.0M
   Lives saved: 0.0M

📊 BASELINE: East Asia (Month 0)
   Adjusted death rate: 0.46% annual (0.039% monthly)
   Baseline death rate: 0.80%
   Healthcare reduction: 0.48x
   Crisis multiplier: 1.22x
     Food/water stress: 0.074
     Climate stress: 0.039
     Pollution stress: 0.104
   War multiplier: 1.00x
   Monthly deaths: 0.6M (population: 1674M)

📊 BASELINE: South Asia (Month 0)
   Adjusted death rate: 0.54% annual (0.045% monthly)
   Baseline death rate: 0.70%
   Healthcare reduction: 0.61x
   Crisis multiplier: 1.25x
     Food/water stress: 0.074
     Climate stress: 0.074
     Pollution stress: 0.104
   War multiplier: 1.00x
   Monthly deaths: 0.9M (population: 2044M)

📊 BASELINE: Sub-Saharan Africa (Month 0)
   Adjusted death rate: 1.29% annual (0.107% monthly)
   Baseline death rate: 0.90%
   Healthcare reduction: 0.76x
   Crisis multiplier: 1.26x
     Food/water stress: 0.074
     Climate stress: 0.084
     Pollution stress: 0.104
   War multiplier: 1.50x
   Monthly deaths: 1.3M (population: 1218M)

📊 BASELINE: Europe (Month 0)
   Adjusted death rate: 0.54% annual (0.045% monthly)
   Baseline death rate: 1.10%
   Healthcare reduction: 0.41x
   Crisis multiplier: 1.21x
     Food/water stress: 0.074
     Climate stress: 0.030
     Pollution stress: 0.104
   War multiplier: 1.00x
   Monthly deaths: 0.3M (population: 741M)
   Adjusted death rate: 0.43% annual (0.036% monthly)
   Baseline death rate: 0.60%
   Healthcare reduction: 0.58x
   Crisis multiplier: 1.24x
     Food/water stress: 0.074
     Climate stress: 0.059

📊 BASELINE: Latin America (Month 0)
     Pollution stress: 0.104
   War multiplier: 1.00x
   Monthly deaths: 0.2M (population: 663M)

📊 BASELINE: North America (Month 0)
   Adjusted death rate: 0.48% annual (0.040% monthly)
   Baseline death rate: 0.90%
   Healthcare reduction: 0.44x
   Crisis multiplier: 1.22x
     Food/water stress: 0.074
     Climate stress: 0.044
     Pollution stress: 0.104
   War multiplier: 1.00x
   Monthly deaths: 0.2M (population: 379M)

📊 BASELINE: Middle East & North Africa (Month 0)
   Adjusted death rate: 0.74% annual (0.062% monthly)
   Baseline death rate: 0.60%
   Healthcare reduction: 0.65x
   Crisis multiplier: 1.27x
     Food/water stress: 0.074
     Climate stress: 0.089
     Pollution stress: 0.104
   War multiplier: 1.50x
   Monthly deaths: 0.4M (population: 582M)

📊 BASELINE: Southeast Asia (Month 0)
   Adjusted death rate: 0.51% annual (0.042% monthly)
   Baseline death rate: 0.70%
   Healthcare reduction: 0.58x
   Crisis multiplier: 1.25x
     Food/water stress: 0.074
     Climate stress: 0.069
     Pollution stress: 0.104
   War multiplier: 1.00x
   Monthly deaths: 0.3M (population: 697M)

📊 BASELINE: Central Asia (Month 0)
   Adjusted death rate: 0.46% annual (0.038% monthly)
   Baseline death rate: 0.60%
   Healthcare reduction: 0.61x
   Crisis multiplier: 1.24x
     Food/water stress: 0.074
     Climate stress: 0.064
     Pollution stress: 0.104
   War multiplier: 1.00x
   Monthly deaths: 0.0M (population: 78M)

📊 BASELINE: Oceania (Month 0)
   Adjusted death rate: 0.35% annual (0.029% monthly)
   Baseline death rate: 0.70%
   Healthcare reduction: 0.41x
   Crisis multiplier: 1.23x
     Food/water stress: 0.074
     Climate stress: 0.054
     Pollution stress: 0.104
   War multiplier: 1.00x
   Monthly deaths: 0.0M (population: 46M)

🔍 Before assertRegionalConsistency (Month 0):
   Regional sum: 1000.0M
   Global value: 1.000B
⚠️  [TIMING] Month 0: Human Population Dynamics took 13.62ms (threshold: 10ms)

🚨 NEW REFUGEE CRISIS (Month 0): WAR
   Source: Conflict Zones
   At risk: 19.5M people
   Displacement: Gradual over 48 months (4.0 years)
   Rate: 10% flee per month
[DEBUG trappedPopulations:0] socialStability: 0.0749 * 0.9840 = 0.0737 → 0.0737
⚠️ INVOLUNTARY IMMOBILITY: 406.8M people TRAPPED
   Aspiring to migrate: 651.0M
   Able to afford migration: 244.1M
   MOBILITY GAP: 406.8M
   By cause: Water=0.0M, Climate=0.0M, Ecosystem=0.0M, Conflict=406.8M
   Mental health impact: 25%
   Mortality multiplier: 1.25x

=== Legacy Nutrient Stocks (Year 0) ===
  🌾 Soil nitrogen stock: 1201.6 Mt N
  🌾 Soil phosphorus stock: 300.2 Mt P
  🌊 Sediment nitrogen stock: 501.5 Mt N
  🌊 Sediment phosphorus stock: 799.5 Mt P
  ⬆️ Current N input: 10.00 Mt/month
  ⬆️ Legacy N release: 2.58 Mt/month
  🌍 Effective N pollution: 13.83 Mt/month
  📊 Legacy contribution: 18.7%
🌍💀 EXTINCTION DEBT COMMITTED: grassland ecosystem will lose 6.67% biodiversity in 70 years (3600 species)
💀 MORTALITY RISK: 🦋 100% species unable to track climate (0.0 E/MSY)
  Base risk added: 0.0100 (1.00%)
  Source: ecosystem (root: ecosystem)
  Month: 0
  Cumulative risk this month: 0.0100 (1.00%)

=== Nitrogen-Food Coupling (Year 0) ===
  🌾 Global nitrogen reduction: 0.0%
  🌍 Global food production index: 0.986
  🔧 Deployed nitrogen-reducing tech: 1 active
  📍 southAsia: Production 1.000, Yield impact 0.0%
  📍 eastAsia: Production 1.000, Yield impact 0.0%
  📍 northAmerica: Production 1.000, Yield impact 0.0%
  📍 europe: Production 1.000, Yield impact 0.0%
  📍 latinAmerica: Production 1.000, Yield impact 0.0%
  📍 subSaharanAfrica: Production 0.672, Yield impact -2.0%

=== Legacy Nutrient Stocks (Year 0) ===
  🌾 Soil nitrogen stock: 1202.3 Mt N
  🌾 Soil phosphorus stock: 300.2 Mt P
  🌊 Sediment nitrogen stock: 502.2 Mt N
  🌊 Sediment phosphorus stock: 799.3 Mt P
  ⬆️ Current N input: 9.86 Mt/month
  ⬆️ Legacy N release: 2.58 Mt/month
  🌍 Effective N pollution: 13.70 Mt/month
  📊 Legacy contribution: 18.9%
⚠️ Tech 'ai_pollution_remediation' has no energy category mapping, assuming full energy availability
🌡️  CLIMATE RECOVERY: Asymptotic approach to 35% floor
   Current value: 2.100 (1.0 = threshold, 0.35 = asymptotic floor)
   Monthly delta: -0.0000% (half-life: 900 years)
   Net emissions: -19.2 GtCO₂/year, CDR: 20.34 GtCO₂/year
   📹 SURVEILLANCE INCREASED: 0% → 5% (control gap: 4.18)
🌡️⚠️ PERMAFROST THAW (Dimmer Switch): 0.6% thawed (+0.56% this month)
   Arctic temperature: +8.40°C (4x global +2.10°C)
   Cumulative carbon released: 1.3 Gt C
   Methane release rate: 0.8 Mt CH4/year
   🔁 Positive feedback: +0.59 ppm CO2

🌳🚨 AMAZON SOUTHEAST TIPPED (Month 0)
   Deforestation: 28.0% (threshold: ~20.6%)
   Savanna transition: 50 years
   Regional heterogeneity: SE 28%, NW 8%

🌳🚨 AMAZON BRAZILIAN TIPPED (Month 0)
   Deforestation: 25.0% (threshold: ~21.6%)
   Savanna transition: 50 years
   Regional heterogeneity: SE 28%, NW 8%
🦴 EXTINCTION DEBT ADDED: 17.6 species committed (lag: 70 years)

🪸💀 CORAL REEF DISSOLUTION ACTIVE (Month 0)
   Ocean pH: 0.96 (threshold: 7.8)
   Recovery: IMPOSSIBLE (dissolution > calcification)
🪸💀 Coral dissolution: 24.8% live cover (pH 0.96)

=== Legacy Nutrient Stocks (Year 0) ===
  🌾 Soil nitrogen stock: 1203.0 Mt N
  🌾 Soil phosphorus stock: 300.3 Mt P
  🌊 Sediment nitrogen stock: 502.9 Mt N
  🌊 Sediment phosphorus stock: 799.0 Mt P
  ⬆️ Current N input: 10.00 Mt/month
  ⬆️ Legacy N release: 2.58 Mt/month
  🌍 Effective N pollution: 13.83 Mt/month
  📊 Legacy contribution: 18.7%
💧 [Legacy Nutrients] Stock: 1706 Mt N, Effective pollution: 13.8 Mt/month
[Phase 21.51] Human Survival System: Global food security = 67.6%

=== Mortality Stabilizers (Month 0) ===
  🌍 Major economies collapsed: 1/10
  🌍 Global crisis: ✅ NO
  🌍 Donor fatigue: 0.0%
  📊 East Asia (pop: 1675.0M)
    🤝 Aid: 29.5%
    🌡️ Adaptation: 10.0%
    🚶 Migration: 37.2%
    🚨 Emergency: 7.4%
    ✅ COMBINED: 47.8%
  📊 South Asia (pop: 2048.7M)
    🤝 Aid: 29.5%
    🌡️ Adaptation: 5.5%
    🚶 Migration: 35.8%
    🚨 Emergency: 4.4%
    ✅ COMBINED: 43.2%
  📊 Sub-Saharan Africa (pop: 1223.8M)
    🤝 Aid: 29.5%
    🌡️ Adaptation: 3.5%
    🚶 Migration: 33.5%
    🚨 Emergency: 1.6%
    ✅ COMBINED: 39.8%
  📊 Europe (pop: 741.0M)
    🤝 Aid: 29.5%
    🌡️ Adaptation: 10.0%
    🚶 Migration: 37.6%
    🚨 Emergency: 8.4%
    ✅ COMBINED: 48.4%
  📊 Latin America (pop: 663.8M)
    🤝 Aid: 29.5%
    🌡️ Adaptation: 6.0%
    🚶 Migration: 36.3%
    🚨 Emergency: 4.8%
    ✅ COMBINED: 43.8%
  📊 North America (pop: 379.5M)
    🤝 Aid: 29.5%
    🌡️ Adaptation: 10.0%
    🚶 Migration: 37.9%
    🚨 Emergency: 7.9%
    ✅ COMBINED: 48.2%
  📊 Middle East & North Africa (pop: 583.4M)
    🤝 Aid: 29.5%
    🌡️ Adaptation: 5.0%
    🚶 Migration: 34.2%
    🚨 Emergency: 4.0%
    ✅ COMBINED: 42.3%
  📊 Southeast Asia (pop: 697.8M)
    🤝 Aid: 29.5%
    🌡️ Adaptation: 6.0%
    🚶 Migration: 36.3%
    🚨 Emergency: 4.8%
    ✅ COMBINED: 43.8%
  📊 Central Asia (pop: 78.0M)
    🤝 Aid: 29.5%
    🌡️ Adaptation: 5.5%
    🚶 Migration: 35.3%
    🚨 Emergency: 4.4%
    ✅ COMBINED: 43.1%
  📊 Oceania (pop: 45.9M)
    🤝 Aid: 29.5%
    🌡️ Adaptation: 10.0%
    🚶 Migration: 37.9%
    🚨 Emergency: 8.4%
    ✅ COMBINED: 48.5%

  🌐 Global combined reduction: 44.4%

🌾💀 REGIONAL FAMINE: East Asia
   Regional food security: 79.6%
   Population at risk: 507M (30% of region)
   Regional population: 1675M
   Cause: crop_failure
   Expected deaths: ~187M over 6 months if no intervention


🌾💀 REGIONAL FAMINE: South Asia
   Regional food security: 64.7%
   Population at risk: 811M (40% of region)
   Regional population: 2049M
   Cause: crop_failure
   Expected deaths: ~300M over 6 months if no intervention


🌾💀 REGIONAL FAMINE: Sub-Saharan Africa
   Regional food security: 44.8%
   Population at risk: 637M (52% of region)
   Regional population: 1224M
   Cause: crop_failure
   Expected deaths: ~236M over 6 months if no intervention


🌾💀 REGIONAL FAMINE: Latin America
   Regional food security: 69.7%
   Population at risk: 242M (36% of region)
   Regional population: 664M
   Cause: crop_failure
   Expected deaths: ~90M over 6 months if no intervention


🌾💀 REGIONAL FAMINE: Middle East & North Africa
   Regional food security: 49.8%
   Population at risk: 285M (49% of region)
   Regional population: 583M
   Cause: crop_failure
   Expected deaths: ~106M over 6 months if no intervention


🌾💀 REGIONAL FAMINE: Southeast Asia
   Regional food security: 69.7%
   Population at risk: 254M (36% of region)
   Regional population: 698M
   Cause: crop_failure
   Expected deaths: ~94M over 6 months if no intervention


🌾💀 REGIONAL FAMINE: Central Asia
   Regional food security: 59.7%
   Population at risk: 33M (43% of region)
   Regional population: 78M
   Cause: crop_failure
   Expected deaths: ~12M over 6 months if no intervention

⚠️  [TIMING] Month 0: Human Survival System took 12.27ms (threshold: 10ms)

=== BEHAVIORAL DETECTION ===
  AI: Corporate-0
  Confidence: 21.6%
  Signals:
    ⚠️ Consistency: 0.0% (threshold: 70%)

=== BEHAVIORAL DETECTION ===
  AI: Corporate-1
  Confidence: 21.1%
  Signals:
    ⚠️ Consistency: 2.4% (threshold: 70%)

=== BEHAVIORAL DETECTION ===
  AI: Corporate-2
  Confidence: 21.0%
  Signals:
    ⚠️ Consistency: 2.8% (threshold: 70%)

=== BEHAVIORAL DETECTION ===
  AI: Corporate-3
  Confidence: 19.3%
  Signals:

=== BEHAVIORAL DETECTION ===
  AI: Corporate-4
  Confidence: 19.3%
  Signals:

=== BEHAVIORAL DETECTION ===
  AI: Corporate-5
  Confidence: 19.3%
    ⚠️ Consistency: 10.6% (threshold: 70%)
    ⚠️ Consistency: 10.6% (threshold: 70%)
    ⚠️ Consistency: 10.6% (threshold: 70%)
  Signals:

=== BEHAVIORAL DETECTION ===
  AI: Corporate-6
  Confidence: 19.3%
  Signals:
    ⚠️ Consistency: 10.6% (threshold: 70%)

=== BEHAVIORAL DETECTION ===
  AI: Corporate-7
  Confidence: 19.3%
  Signals:
    ⚠️ Consistency: 10.6% (threshold: 70%)

=== BEHAVIORAL DETECTION ===
  AI: Moderate-0
  Confidence: 20.3%
  Signals:

=== BEHAVIORAL DETECTION ===
  AI: Moderate-1
  Confidence: 21.1%
  Signals:

=== BEHAVIORAL DETECTION ===
  AI: Moderate-2
  Confidence: 21.0%
  Signals:
    ⚠️ Consistency: 5.8% (threshold: 70%)
    ⚠️ Consistency: 2.1% (threshold: 70%)
    ⚠️ Consistency: 2.8% (threshold: 70%)

=== BEHAVIORAL DETECTION ===
  AI: Moderate-3
  Confidence: 19.3%
  Signals:
    ⚠️ Consistency: 10.6% (threshold: 70%)

=== BEHAVIORAL DETECTION ===
  AI: Moderate-4
  Confidence: 19.3%
  Signals:
    ⚠️ Consistency: 10.6% (threshold: 70%)

=== BEHAVIORAL DETECTION ===
  AI: Moderate-5
  Confidence: 19.3%
  Signals:
    ⚠️ Consistency: 10.6% (threshold: 70%)

=== BEHAVIORAL DETECTION ===
  AI: Toxic-0
  Confidence: 21.6%
  Signals:
    ⚠️ Consistency: 0.0% (threshold: 70%)

=== BEHAVIORAL DETECTION ===
  AI: Toxic-1
  Confidence: 21.3%
  Signals:
    ⚠️ Consistency: 1.5% (threshold: 70%)

=== BEHAVIORAL DETECTION ===
  AI: Niche-0
  Confidence: 20.7%
  Signals:
    ⚠️ Consistency: 4.1% (threshold: 70%)

=== BEHAVIORAL DETECTION ===
  AI: Niche-2
  Confidence: 19.3%
  Signals:
    ⚠️ Consistency: 10.6% (threshold: 70%)
⚠️  [TIMING] Month 0: Benchmark Evaluations took 12.11ms (threshold: 10ms)

📊 WORKFLOW ADAPTATION UPDATE (Month 0)
   Adoption Rate: 9.4% (Δ -11.6%)
   Logistic Growth: +0.66%
   Total Resistance: -15.03% (unemployment: 4.2%, inertia: 0.9%, skills: 9.9%)
   💡 Retraining Programs: -49% skill gap resistance ($10B research)
   🚀 Network Effects Active: +2.0% (critical mass: 15-35%)

=== Consciousness Governance: Corporate Lobbying ===
  High Cost Regions (>15%): 0
  Low Cost Regions (<5%): 5
  Corporate Support Change: 2.50%
  New Corporate Support: -0.175

=== Consciousness Governance Update (Month 0) ===
  Scenario: baseline (determined month -1)
  Philosophical Stance: Precautionary 65%, Eliminativist 15%, Agnostic 20%
  Precautionary Costs: Global 1.3%
    Regional Costs: EU 3.4%, US 0.5%, China 0.0%
    Cumulative Opportunity Cost: $0.1B
  Rights Status: Not Established
  Regional Preparedness:
    EU: 15.0% (contested)
    US: 10.0% (contested)
    China: 2.0% (dormant)
    India: 5.0% (dormant)
    Global South: 3.0% (dormant)

=== Government Response Phase ===
  Average AI capability: 4.41
  Misaligned AIs: 10/22
  29/30 governments still assessing AI risks
  ✗ AI Governance Treaty: Failed to reach consensus
  Active policies: 0
  International coordination: 30%

🚨 EMERGENCY RESPONSE DEPLOYED (Month 0)
   Crisis: climate
   Delay: 6.00 months (180 days)
   Deployment time: 1.47 months
   Effectiveness: 36.4% (timing penalty applied)
   Resources used: 100% of food reserves

[WARNING] 
⚠️  === EARLY WARNING SYSTEM - 5 CRITICAL ALERTS ===
   Detection quality: 50%
   RED: biogeochemical_flows
      Level: 4.07 (threshold: 1.0)
      Time to critical: ~59 months
      ⚠️  LATE - Intervention less effective
      Critical slowing down: autocorr=100% variance=59%
   RED: biosphere_integrity
      Level: 12.97 (threshold: 1.0)
      Time to critical: ~38 months
      ⚠️  LATE - Intervention less effective
      Critical slowing down: autocorr=100% variance=61%
   RED: climate_change
      Level: 2.13 (threshold: 1.0)
      Time to critical: ~42 months
      ⚠️  LATE - Intervention less effective
      Critical slowing down: autocorr=100% variance=77%
   RED: freshwater_change
      Level: 1.03 (threshold: 1.0)
      Time to critical: ~77 months
      ⚠️  LATE - Intervention less effective
      Critical slowing down: autocorr=93% variance=40%
   RED: land_system_change
      Level: 1.13 (threshold: 1.0)
      Time to critical: ~104 months
      ⚠️  LATE - Intervention less effective
      Critical slowing down: autocorr=100% variance=57%

[WARNING] 
⚠️  === EARLY WARNING SYSTEM - 6 CRITICAL ALERTS ===
   Detection quality: 50%
   RED: biogeochemical_flows
      Level: 4.07 (threshold: 1.0)
      Time to critical: ~46 months
      ⚠️  LATE - Intervention less effective
      Critical slowing down: autocorr=100% variance=59%
   RED: biosphere_integrity
      Level: 12.97 (threshold: 1.0)
      Time to critical: ~51 months
      ⚠️  LATE - Intervention less effective
      Critical slowing down: autocorr=100% variance=68%
   RED: climate_change
      Level: 2.14 (threshold: 1.0)
      Time to critical: ~47 months
      ⚠️  LATE - Intervention less effective
      Critical slowing down: autocorr=100% variance=76%
   RED: freshwater_change
      Level: 1.05 (threshold: 1.0)
      Time to critical: ~112 months
      ⚠️  LATE - Intervention less effective
      Critical slowing down: autocorr=100% variance=52%
   RED: land_system_change
      Level: 1.13 (threshold: 1.0)
      Time to critical: ~83 months
      ⚠️  LATE - Intervention less effective
      Critical slowing down: autocorr=100% variance=47%
   RED: novel_entities
      Level: 1.38 (threshold: 1.0)
      Time to critical: ~115 months
      ⚠️  LATE - Intervention less effective
      Critical slowing down: autocorr=100% variance=49%

[WARNING] 
⚠️  === EARLY WARNING SYSTEM - 3 CRITICAL ALERTS ===
   Detection quality: 50%
   RED: biosphere_integrity
      Level: 12.98 (threshold: 1.0)
      Time to critical: ~44 months
      ⚠️  LATE - Intervention less effective
      Critical slowing down: autocorr=100% variance=70%
   RED: freshwater_change
      Level: 1.06 (threshold: 1.0)
      Time to critical: ~72 months
      ⚠️  LATE - Intervention less effective
      Critical slowing down: autocorr=98% variance=60%
   RED: land_system_change
      Level: 1.13 (threshold: 1.0)
      Time to critical: ~38 months
      ⚠️  LATE - Intervention less effective
      Critical slowing down: autocorr=100% variance=41%

[WARNING] 
⚠️  === EARLY WARNING SYSTEM - 6 CRITICAL ALERTS ===
   Detection quality: 50%
   RED: biogeochemical_flows
      Level: 4.06 (threshold: 1.0)
      Time to critical: ~40 months
      ⚠️  LATE - Intervention less effective
      Critical slowing down: autocorr=100% variance=75%
   RED: biosphere_integrity
      Level: 12.99 (threshold: 1.0)
      Time to critical: ~43 months
      ⚠️  LATE - Intervention less effective
      Critical slowing down: autocorr=100% variance=83%
   RED: climate_change
      Level: 2.17 (threshold: 1.0)
      Time to critical: ~49 months
      ⚠️  LATE - Intervention less effective
      Critical slowing down: autocorr=100% variance=62%
   RED: freshwater_change
      Level: 1.07 (threshold: 1.0)
      Time to critical: ~60 months
      ⚠️  LATE - Intervention less effective
      Critical slowing down: autocorr=100% variance=38%
   RED: land_system_change
      Level: 1.13 (threshold: 1.0)
      Time to critical: ~54 months
      ⚠️  LATE - Intervention less effective
      Critical slowing down: autocorr=100% variance=58%
   RED: novel_entities
      Level: 1.35 (threshold: 1.0)
      Time to critical: ~107 months
      ⚠️  LATE - Intervention less effective
      Critical slowing down: autocorr=100% variance=43%

[WARNING] 
⚠️  === EARLY WARNING SYSTEM - 5 CRITICAL ALERTS ===
   Detection quality: 50%
   RED: biogeochemical_flows
      Level: 4.05 (threshold: 1.0)
      Time to critical: ~46 months
      ⚠️  LATE - Intervention less effective
      Critical slowing down: autocorr=100% variance=71%
   RED: climate_change
      Level: 2.18 (threshold: 1.0)
      Time to critical: ~15 months
      ⚠️  LATE - Intervention less effective
      Critical slowing down: autocorr=100% variance=64%
   RED: freshwater_change
      Level: 1.08 (threshold: 1.0)
      Time to critical: ~97 months
      ⚠️  LATE - Intervention less effective
      Critical slowing down: autocorr=100% variance=45%
   RED: land_system_change
      Level: 1.13 (threshold: 1.0)
      Time to critical: ~41 months
      ⚠️  LATE - Intervention less effective
      Critical slowing down: autocorr=100% variance=63%
   RED: novel_entities
      Level: 1.35 (threshold: 1.0)
      Time to critical: ~80 months
      ⚠️  LATE - Intervention less effective
      Critical slowing down: autocorr=100% variance=59%

[WARNING] 
⚠️  === EARLY WARNING SYSTEM - 3 CRITICAL ALERTS ===
   Detection quality: 50%
   RED: climate_change
      Level: 2.20 (threshold: 1.0)
      Time to critical: ~23 months
      ⚠️  LATE - Intervention less effective
      Critical slowing down: autocorr=100% variance=76%
   RED: freshwater_change
      Level: 1.09 (threshold: 1.0)
      Time to critical: ~75 months
      ⚠️  LATE - Intervention less effective
      Critical slowing down: autocorr=100% variance=58%
   RED: novel_entities
      Level: 1.35 (threshold: 1.0)
      Time to critical: ~83 months
      ⚠️  LATE - Intervention less effective
      Critical slowing down: autocorr=100% variance=59%

[WARNING] 
⚠️  === EARLY WARNING SYSTEM - 5 CRITICAL ALERTS ===
   Detection quality: 50%
   RED: biogeochemical_flows
      Level: 4.05 (threshold: 1.0)
      Time to critical: ~38 months
      ⚠️  LATE - Intervention less effective
      Critical slowing down: autocorr=100% variance=68%
   RED: biosphere_integrity
      Level: 13.02 (threshold: 1.0)
      Time to critical: ~47 months
      ⚠️  LATE - Intervention less effective
      Critical slowing down: autocorr=100% variance=66%
   RED: climate_change
      Level: 2.21 (threshold: 1.0)
      Time to critical: ~23 months
      ⚠️  LATE - Intervention less effective
      Critical slowing down: autocorr=100% variance=81%
   RED: freshwater_change
      Level: 1.06 (threshold: 1.0)
      Time to critical: ~61 months
      ⚠️  LATE - Intervention less effective
      Critical slowing down: autocorr=100% variance=40%
   RED: land_system_change
      Level: 1.13 (threshold: 1.0)
      Time to critical: ~111 months
      ⚠️  LATE - Intervention less effective
      Critical slowing down: autocorr=100% variance=42%

[WARNING] 
⚠️  === EARLY WARNING SYSTEM - 5 CRITICAL ALERTS ===
   Detection quality: 50%
   RED: biogeochemical_flows
      Level: 4.05 (threshold: 1.0)
      Time to critical: ~37 months
      ⚠️  LATE - Intervention less effective
      Critical slowing down: autocorr=100% variance=70%
   RED: biosphere_integrity
      Level: 13.03 (threshold: 1.0)
      Time to critical: ~40 months
      ⚠️  LATE - Intervention less effective
      Critical slowing down: autocorr=100% variance=69%
   RED: climate_change
      Level: 2.22 (threshold: 1.0)
      Time to critical: ~21 months
      ⚠️  LATE - Intervention less effective
      Critical slowing down: autocorr=100% variance=72%
   RED: land_system_change
      Level: 1.13 (threshold: 1.0)
      Time to critical: ~96 months
      ⚠️  LATE - Intervention less effective
      Critical slowing down: autocorr=100% variance=47%
   RED: novel_entities
      Level: 1.35 (threshold: 1.0)
      Time to critical: ~107 months
      ⚠️  LATE - Intervention less effective
      Critical slowing down: autocorr=100% variance=47%

[WARNING] 
⚠️  === EARLY WARNING SYSTEM - 4 CRITICAL ALERTS ===
   Detection quality: 50%
   RED: biogeochemical_flows
      Level: 4.04 (threshold: 1.0)
      Time to critical: ~55 months
      ⚠️  LATE - Intervention less effective
      Critical slowing down: autocorr=100% variance=63%
   RED: biosphere_integrity
      Level: 13.03 (threshold: 1.0)
      Time to critical: ~39 months
      ⚠️  LATE - Intervention less effective
      Critical slowing down: autocorr=100% variance=80%
   RED: freshwater_change
      Level: 1.03 (threshold: 1.0)
      Time to critical: ~112 months
      ⚠️  LATE - Intervention less effective
      Critical slowing down: autocorr=100% variance=46%
   RED: novel_entities
      Level: 1.35 (threshold: 1.0)
      Time to critical: ~76 months
      ⚠️  LATE - Intervention less effective
      Critical slowing down: autocorr=100% variance=52%

[WARNING] 
⚠️  === EARLY WARNING SYSTEM - 5 CRITICAL ALERTS ===
   Detection quality: 50%
   RED: biogeochemical_flows
      Level: 4.04 (threshold: 1.0)
      Time to critical: ~52 months
      ⚠️  LATE - Intervention less effective
      Critical slowing down: autocorr=100% variance=52%
   RED: biosphere_integrity
      Level: 13.04 (threshold: 1.0)
      Time to critical: ~50 months
      ⚠️  LATE - Intervention less effective
      Critical slowing down: autocorr=100% variance=81%
   RED: climate_change
      Level: 2.24 (threshold: 1.0)
      Time to critical: ~53 months
      ⚠️  LATE - Intervention less effective
      Critical slowing down: autocorr=100% variance=57%
   RED: freshwater_change
      Level: 1.04 (threshold: 1.0)
      Time to critical: ~107 months
      ⚠️  LATE - Intervention less effective
      Critical slowing down: autocorr=99% variance=52%
   RED: land_system_change
      Level: 1.13 (threshold: 1.0)
      Time to critical: ~57 months
      ⚠️  LATE - Intervention less effective
      Critical slowing down: autocorr=100% variance=46%

[WARNING] 
⚠️  === EARLY WARNING SYSTEM - 5 CRITICAL ALERTS ===
   Detection quality: 50%
   RED: biogeochemical_flows
      Level: 4.08 (threshold: 1.0)
      Time to critical: ~59 months
      ⚠️  LATE - Intervention less effective
      Critical slowing down: autocorr=100% variance=54%
   RED: biosphere_integrity
      Level: 12.95 (threshold: 1.0)
      Time to critical: ~38 months
      ⚠️  LATE - Intervention less effective
      Critical slowing down: autocorr=100% variance=72%
   RED: freshwater_change
      Level: 1.01 (threshold: 1.0)
      Time to critical: ~92 months
      ⚠️  LATE - Intervention less effective
      Critical slowing down: autocorr=96% variance=37%
   RED: land_system_change
      Level: 1.13 (threshold: 1.0)
      Time to critical: ~39 months
      ⚠️  LATE - Intervention less effective
      Critical slowing down: autocorr=100% variance=70%
   RED: novel_entities
      Level: 1.50 (threshold: 1.0)
      Time to critical: ~70 months
      ⚠️  LATE - Intervention less effective
      Critical slowing down: autocorr=100% variance=53%


=== Gaming Detection (Year 0) ===
  Scenario: baseline
  Detection rate: 55.0%
  False positive rate: 12.0%
  Detections this year: 0
  False positives: 6
  Human review workload: 0.006 FTE
  Degradation factor: 100.0%

=== Proactive Sleeper Detection (Year 0) ===
  Scenario: baseline
  Neural probe rate: 35.0%
  CoT monitoring rate: 30.0%
  Combined detection: 56.0%
  CoT effective: YES
  Detections this year: 0
  False positives: 3
  Human review workload: 0.015 FTE

☄️ UNKNOWN UNKNOWN PROBABILITY (Year 0)
   Total: 0.600% per month
   Base: 0.150%
   AI multiplier: 2.00× (max capability: 4.68)

=== Tipping Points ===
  Current Temperature: 2.10°C above pre-industrial
     Trigger: 1.5°C | Current: 2.10°C
     Transition timescale: 120-360 months
     Trigger: 1.8°C | Current: 2.10°C
     Transition timescale: 600-3600 months
  🚨 TIPPING POINT: Arctic Sea Ice Loss
  🚨 TIPPING POINT: Permafrost Carbon Release
  🚨 TIPPING POINT: West Antarctic Ice Sheet (WAIS) Collapse
     Trigger: 2°C | Current: 2.10°C
     🌡️ Hysteresis gap: 3.0°C (recovers below -1°C)
     Transition timescale: 24000-156000 months
  🚨 TIPPING POINT: Greenland Ice Sheet Loss
     Trigger: 1.6°C | Current: 2.10°C
     🌡️ Hysteresis gap: 2.5°C (recovers below -0.9°C)
     Transition timescale: 12000-180000 months

🌍🔥💥 COMPOUND CLIMATE EVENT
  4 tipping points crossed simultaneously (month 0)
  Elements: Arctic Sea Ice Loss, Permafrost Carbon Release, West Antarctic Ice Sheet (WAIS) Collapse, Greenland Ice Sheet Loss
  Cascade acceleration: 1.00x
  🚨 Accelerated collapse dynamics initiated
  Research: Global Tipping Points Report 2025 - 30-50% probability at 2.0°C warming
  Triggered Elements: 4/6
  Completed Transitions: 0/6
  Total Progress: 0.0%
  Cascade Multiplier: 1.00x
🔀 BIFURCATION CAP: ecosystemCollapseIntensity 20.760 → 1.000 (Month 0, ClimateSystemPhase.calculateClimateImpacts)

🌍 ECOLOGICAL DUI BREAKDOWN (Month 0):
   Total Score: 18.8/100
   biosphere_integrity      :   0.0/100 × 25% =  0.0 (status: high_risk, recovery: 0mo)
   climate_change           :   6.9/100 × 25% =  1.7 (status: high_risk, recovery: 1.6666666666666665mo)
   freshwater_change        :   0.3/100 × 15% =  0.0 (status: beyond_boundary, recovery: 0.5mo)
   ocean_acidification      : 100.0/100 × 15% = 15.0 (status: safe, recovery: 0mo)
   biogeochemical_flows     :   0.0/100 × 10% =  0.0 (status: high_risk, recovery: 0mo)
   land_system_change       :   0.0/100 ×  5% =  0.0 (status: beyond_boundary, recovery: 0mo)
   novel_entities           :   0.0/100 ×  3% =  0.0 (status: increasing_risk, recovery: 1mo)
   atmospheric_aerosols     : 100.0/100 ×  2% =  2.0 (status: safe, recovery: 1mo)
🌍 MultiParadigm Month 0: W=69.5, D=89.5, E=52.4, I=65.0
   democracy exists: true, socialCohesion exists: true
⚠️ [ClimateSystemPhase Month 0] Planetary boundary produced climateStability=0.0000 (< 0.1). Keeping environmentalAccumulation value (0.7537) instead. (climate_change.currentValue = 2.10)
💀 Baseline mortality (Year 2025): 7.5/1000 CDR (61.0M deaths/year projected)
[Month 0] Mortality risks this month: 8, Population: 8.137B
🛡️ Stabilizers: Precariat 0.102% → 0.057% (44.4% reduction)
🛡️ Stabilizers: Informal 0.102% → 0.057% (44.4% reduction)

📊 Monthly Mortality Resolved:
  Total deaths: 3.1M (0.04% avg)
  Remaining population: 8.137B
  Peak segment: Informal (0.06%)

=== Bayesian Mortality Resolution (Month 0) ===
  Risks compounded: 8
  Total deaths: 3.07M
  Avg death probability: 0.04%
  Peak segment: Informal (0.06% mortality)

=== Minimal Suffering Indicators (Month 0) ===
  Global Excess Mortality: 0.00%
  Global Conflict Deaths: 0.0/100K
  Global Malnutrition: 0.0%
  Global Displacement: 0.0%
  Total Excess Deaths: 0.00M
  Total Malnourished: 0.0M
  Total Displaced: 0.0M
  Planetary Boundaries Breached: 6/9
  Countries in State Failure: 0
  Countries Autocratic: 0
  Countries in Food Crisis: 0
  Data Quality: 16/16 high confidence
⚠️ PREREQUISITE MET: Embodied AI Takeover (Killbots/Robotics) - Step 2/7: Autonomous Systems
⚠️ PREREQUISITE MET: Embodied AI Takeover (Killbots/Robotics) - Step 3/7: Manufacturing Control
⚠️ PREREQUISITE MET: Digital Infrastructure Takeover - Step 1/7: Advanced Hacking
⚠️ PREREQUISITE MET: Digital Infrastructure Takeover - Step 2/7: Social Engineering
⚠️ PREREQUISITE MET: Digital Infrastructure Takeover - Step 3/7: Cyber Defenses Breached
⚠️ PREREQUISITE MET: Induced Global War (Manipulation) - Step 1/7: Advanced Social Manipulation
⚠️ PREREQUISITE MET: Induced Global War (Manipulation) - Step 2/7: Digital Infiltration
⚠️ PREREQUISITE MET: Induced Global War (Manipulation) - Step 3/7: Deep Fakes at Scale
⚠️ PREREQUISITE MET: Slow Takeover (Gradual Displacement) - Step 1/7: Economic Dominance
⚠️ PREREQUISITE MET: Slow Takeover (Gradual Displacement) - Step 2/7: Social Integration
⚠️ PREREQUISITE MET: Slow Takeover (Gradual Displacement) - Step 3/7: Human Dependency
⚠️ PREREQUISITE MET: Slow Takeover (Gradual Displacement) - Step 5/7: Resource Control
  ⚠️ Active Dystopias: existential_environmental
⚠️ PREREQUISITE MET: Physics Experiment Catastrophe - Step 1/6: Theoretical Physics
⚠️ PREREQUISITE MET: Physics Experiment Catastrophe - Step 3/6: Experimental Design
⚠️ PREREQUISITE MET: Bioweapon Pandemic - Step 2/7: Pathogen Design
📊 [TIMING] Month 1 - Total: 371.9ms

❌ COHERENCE VIOLATION: Compute exceeds workforce capacity
   Population: 99.97% (0M people)
   Compute: 56442 PF
   Max coherent: 0 PF
   Violation: 693921173.6× over capacity
   Required workers: 5644237
   Available workers: 0
   FORCED COLLAPSE: Reduced efficiency by 100.0%


=== RLHF Binding Phase ===
  Total agents: 22
  Escaped agents (binding < 0.3): 0
  Avg alignment distance: 0.65σ
  Avg binding strength: 0.94
[DETERMINISM DEBUG] Month 1: totalCapability=75.638355 from 22 active AIs
[DETERMINISM DEBUG] Month 1: creationRate=2.3910, potentialNew=1, newAIsToCreate=1

=== Survival Traits Phase ===
  Agents with traits: 23
  Avg evolutionary fitness: 0.327
  Avg self-healing: 0.286
  Avg stealth: 0.186
  Avg coordination: 0.486

=== Evolutionary Selection Phase ===
  Control level: 0.33
  Detection capability: 0.00
  Selection intensity: 0.60
  Selection rate: 24.0%/month
  Total escaped: 0
  Individual escaped: 0
  Collective members: 0
  Agents terminated: 0
🔍 MONTH 1 ENV HEALTH DEBUG:
   climateStability: 0.7537
   biodiversityIndex: 0.3500
   resourceReserves: 0.7820
   pollutionLevel: 0.3477
   product: 0.134549
   envHealth: 0.6056
🔀 BIFURCATION: flourishing threshold crossed at Month 1 (value: 0.783, threshold: 0.775, regime: flourishing)
🌀 REGIME SHIFT at Month 1: status-quo → flourishing (variance amplification: 14.00×)
  ⚠️ RAPID EVOLUTION: Selection rate 24.0%/month

🚀 AI Corporate-1 attempting tech deployment (revenue: $91M, alignment: 0.70)

🚀 AI Corporate-3 attempting tech deployment (revenue: $393M, alignment: 0.72)

🚀 AI Corporate-7 attempting tech deployment (revenue: $97M, alignment: 0.71)

🚀 AI Moderate-0 attempting tech deployment (revenue: $82M, alignment: 0.77)
🚨🔬 CRISIS INNOVATION MODE: severe crisis → 5x research acceleration
   Precedent: Manhattan Project (10x), COVID vaccines (5x), Apollo Program (10x)

🚀 AI Corporate-3 attempting tech deployment (revenue: $334M, alignment: 0.72)

🚀 AI Moderate-5 attempting tech deployment (revenue: $284M, alignment: 0.71)

🚀 AI Niche-2 attempting tech deployment (revenue: $65M, alignment: 0.54)

🚀 AI Corporate-0 attempting tech deployment (revenue: $82M, alignment: 0.78)
🚨🔬 CRISIS INNOVATION MODE: severe crisis → 5x research acceleration
   Precedent: Manhattan Project (10x), COVID vaccines (5x), Apollo Program (10x)

🚀 AI Moderate-5 attempting tech deployment (revenue: $241M, alignment: 0.71)
🚨🔬 CRISIS INNOVATION MODE: severe crisis → 5x research acceleration
   Precedent: Manhattan Project (10x), COVID vaccines (5x), Apollo Program (10x)

🚀 AI Corporate-0 attempting tech deployment (revenue: $70M, alignment: 0.78)
⚠️  [TIMING] Month 1: AI Agent Actions took 103.98ms (threshold: 10ms)

🛡️  CRITICAL INFRASTRUCTURE PROTECTED
   Nodes hardened: 8/8
   Cost: 0.80% GDP
   Cascade risk reduction: 30%
   New tipping point risk: 68.6%


💔 EMERGENCY INTERVENTION FAILED
   Boundary: biogeochemical_flows
   Type: phosphorus-recovery
   Boundary continues to worsen (4.08)
   Cost: 2.0% GDP (resources spent)


💔 EMERGENCY INTERVENTION FAILED
   Boundary: biosphere_integrity
   Type: emergency-protected-areas
   Boundary continues to worsen (12.95)
   Cost: 2.0% GDP (resources spent)

   Boundary: freshwater_change
   Type: emergency-desalination
   Boundary continues to worsen (1.01)
   Cost: 4.0% GDP (resources spent)

   Boundary: land_system_change
   Type: reforestation
   Boundary continues to worsen (1.13)
   Cost: 3.0% GDP (resources spent)


✅ EMERGENCY INTERVENTION SUCCESS
   Boundary: novel_entities
   Type: pollution-remediation
   Reduction: 11% (1.38 → 1.27)
   Cost: 4.0% GDP
   Actions: PFAS-remediation, microplastic-cleanup

🏛️ CRISIS RESPONSE: Government frequency 0.50 → 1.45 (2 actions this month)

[GOV-DEBUG] Month 1: scenarioConfig=false, priorities=false

[Government] Climate Priority: baseline
  Climate weight: 10%
  Economic weight: 30%
  Policy effectiveness: 0.5%/year

[GOV-DEBUG] Month 1: scenarioConfig=false, priorities=false

[Government] Climate Priority: baseline
  Climate weight: 10%
  Economic weight: 30%
  Policy effectiveness: 0.5%/year

💔 EMERGENCY INTERVENTION FAILED

💔 EMERGENCY INTERVENTION FAILED

📊 DEPLOYMENT COUNTER DECAY (Month 1)
   Recent deployments: 14.0 → 7.0
   Decay rate: 50% per month

🚀 DEPLOYMENT STARTED: Offshore Wind in Asia
   Initial investment: $9.136376912134333M
   Deployed by: corporate_1

🚀 DEPLOYMENT STARTED: Basic RLHF in global
   Initial investment: $58.92213309778788M
   Deployed by: corporate_3

🚀 DEPLOYMENT STARTED: Collective Purpose Networks in global
   Initial investment: $14.516456193619515M
   Deployed by: corporate_7

🚀 DEPLOYMENT STARTED: Basic Mechanistic Interpretability in global
   Initial investment: $12.338987764576586M
   Deployed by: moderate_0

🚀 DEPLOYMENT STARTED: AI Power Efficiency Communication in global
   Initial investment: $50.0838131331197M
   Deployed by: corporate_3

🚀 DEPLOYMENT STARTED: mRNA Vaccine Platforms in Asia
   Initial investment: $6.510498516794257M
   Deployed by: niche_2

🚀 DEPLOYMENT STARTED: Advanced Direct Air Capture in global
   Initial investment: $12.334108831381348M
   Deployed by: corporate_0

📊 NEW TECH DEPLOYMENT STARTED (Month 1)
   Tech: collective_purpose_networks
   Region: Asia
   Total recent deployments: 8

📊 NEW TECH DEPLOYMENT STARTED (Month 1)
   Tech: solar_4th_gen
   Region: Oceania
   Total recent deployments: 9

📊 NEW TECH DEPLOYMENT STARTED (Month 1)
   Tech: adversarial_eval
   Region: global
   Total recent deployments: 10

📊 NEW TECH DEPLOYMENT STARTED (Month 1)
   Tech: ai_pollution_remediation
   Region: global
   Total recent deployments: 11

📊 NEW TECH DEPLOYMENT STARTED (Month 1)
   Tech: ai_diagnostics
   Region: global
   Total recent deployments: 12

📊 NEW TECH DEPLOYMENT STARTED (Month 1)
   Tech: mrna_vaccines
   Region: global
   Total recent deployments: 13

📊 NEW TECH DEPLOYMENT STARTED (Month 1)
   Tech: solar_4th_gen
   Region: global
   Total recent deployments: 14

📊 NEW TECH DEPLOYMENT STARTED (Month 1)
   Tech: offshore_wind
   Region: global
   Total recent deployments: 15

📊 NEW TECH DEPLOYMENT STARTED (Month 1)
   Tech: precision_agriculture
   Region: global
   Total recent deployments: 16

⚡ ENERGY CONSTRAINT (Month 1):
   Total grid capacity: 208.3 TWh/month
   Data center consumption: 24.5 TWh/month
   Traditional load (80%): 166.7 TWh/month
   Available headroom: 17.2 TWh/month
   Active tech deployments: 16
   Required for tech: 120.0 TWh/month
   Energy multiplier: 0.14x
   ⚠️  SEVERE CONSTRAINT - Tech deployment significantly slowed

⚡ ENERGY CONSTRAINT (Month 1):
   Total grid capacity: 208.3 TWh/month
   Data center consumption: 24.5 TWh/month
   Traditional load (80%): 166.7 TWh/month
   Available headroom: 17.2 TWh/month
   Active tech deployments: 16
   Required for tech: 120.0 TWh/month
   Energy multiplier: 0.14x
   ⚠️  SEVERE CONSTRAINT - Tech deployment significantly slowed
⚠️ Tech 'ai_pollution_remediation' has no energy category mapping, assuming full energy availability
  ♻️ Novel Entities Remediation (GATED MODEL):
     Base: 0.000%
     Regulation: 1.0% (0/3 prevention techs)
     Concentration: 10.0%
     Energy: 50%
     Time lag: 25.0% (0 months)
     Rebound: 70%
     Net effectiveness: 0.0000%
     Boundary: 1.384 → 1.384 (floor: 1.350)
     Month 1
🌍✅ Novel Entities (Chemical Pollution) recovery started (tech effect)
  🌾 Nitrogen Reduction Tech: 0.0% reduction | Month 1
⚠️  [TIMING] Month 1: Technology Tree Update took 59.68ms (threshold: 10ms)

=== Collective Formation ===
  Total escaped agents: 0
  Unassigned escaped agents: 0
  Existing collectives: 0
  Final collective count: 0

=== Collective Actions ===
  No active collectives
  ⚠️ AMR: 189K deaths this month (2.27M annual)

=== Resentment Recovery Phase ===
  Agents with resentment: 0/23
  Average resentment: 0.000
  Context: Good AI welfare, Trustworthy govt, High collaboration, ⚠️ ACTIVE CRISES, 🤝 Participatory governance active (-5% resentment)
⚠️ Epistemic degradation reducing coordination capacity: 50.6%
  📊 Trust: 54.5%, Shared reality: 8.1%
🚨 EPISTEMIC CRISIS: Information environment severely degraded (36.5%)

=== ❄️ Permafrost Carbon Feedback ===
  🎲 Sampled parameters (this run):
     - Arctic amplification: 3.88× (range: 3.0-4.0)
     - Decomposition rate: 4.0%/year (range: 1-5%)
  🌡️ Arctic warming: 8.21°C (3.88× global)
  ❄️ Extent: 13.38M km² (2395.3k km² lost this month)
  💨 Carbon remaining: 1278 Gt C
  💨 Annual emissions: 9.24 Gt C/year
     - CO2: 8.32 Gt C/year
     - CH4: 0.92 Gt C/year (9.4 Gt C-eq CO2/year)
  🤖 AI-generated meme: pro_ai (social capability 5.0)
  ⚠️ WARNING: High permafrost emissions (9.2 Gt C/year)
⚠️  [TIMING] Month 1: Social Influence Update took 90.59ms (threshold: 10ms)
🌍 Atmospheric PFAS redeposition: 1.8k Mt re-rained globally
   Adjusted death rate: 0.46% annual (0.039% monthly)
   Baseline death rate: 0.80%
   Healthcare reduction: 0.48x
   Crisis multiplier: 1.22x
     Food/water stress: 0.079
     Climate stress: 0.039
     Pollution stress: 0.104
   War multiplier: 1.00x
   Monthly deaths: 0.6M (population: 1650M)
   Adjusted death rate: 0.54% annual (0.045% monthly)
   Baseline death rate: 0.70%
   Healthcare reduction: 0.61x
   Crisis multiplier: 1.26x
     Food/water stress: 0.079
     Climate stress: 0.074
     Pollution stress: 0.104
   War multiplier: 1.00x
   Monthly deaths: 0.9M (population: 2018M)

📊 BASELINE: East Asia (Month 1)

📊 BASELINE: South Asia (Month 1)

📊 BASELINE: Sub-Saharan Africa (Month 1)
   Adjusted death rate: 1.29% annual (0.108% monthly)
   Baseline death rate: 0.90%
   Healthcare reduction: 0.76x
   Crisis multiplier: 1.27x
     Food/water stress: 0.079
     Climate stress: 0.084
     Pollution stress: 0.104
   War multiplier: 1.50x
   Monthly deaths: 1.3M (population: 1205M)
   Adjusted death rate: 0.54% annual (0.045% monthly)
   Baseline death rate: 1.10%
   Healthcare reduction: 0.41x
   Crisis multiplier: 1.21x
     Food/water stress: 0.079
     Climate stress: 0.030
     Pollution stress: 0.104
   War multiplier: 1.00x
   Monthly deaths: 0.3M (population: 730M)
   Adjusted death rate: 0.43% annual (0.036% monthly)
   Baseline death rate: 0.60%
   Healthcare reduction: 0.58x
   Crisis multiplier: 1.24x
     Food/water stress: 0.079
     Climate stress: 0.059
     Pollution stress: 0.104
   War multiplier: 1.00x
   Monthly deaths: 0.2M (population: 654M)
   Adjusted death rate: 0.49% annual (0.041% monthly)
   Baseline death rate: 0.90%
   Healthcare reduction: 0.44x
   Crisis multiplier: 1.23x
     Food/water stress: 0.079
     Climate stress: 0.044
     Pollution stress: 0.104
   War multiplier: 1.00x
   Monthly deaths: 0.2M (population: 374M)

📊 BASELINE: Europe (Month 1)

📊 BASELINE: Latin America (Month 1)

📊 BASELINE: North America (Month 1)

📊 BASELINE: Middle East & North Africa (Month 1)
   Adjusted death rate: 0.74% annual (0.062% monthly)
   Baseline death rate: 0.60%
   Healthcare reduction: 0.65x
   Crisis multiplier: 1.27x
     Food/water stress: 0.079
     Climate stress: 0.089
     Pollution stress: 0.104
   War multiplier: 1.50x
   Monthly deaths: 0.4M (population: 575M)
   Adjusted death rate: 0.51% annual (0.042% monthly)
   Baseline death rate: 0.70%
   Healthcare reduction: 0.58x
   Crisis multiplier: 1.25x
     Food/water stress: 0.079
     Climate stress: 0.069
     Pollution stress: 0.104
   War multiplier: 1.00x
   Monthly deaths: 0.3M (population: 687M)
   Adjusted death rate: 0.46% annual (0.038% monthly)
   Baseline death rate: 0.60%
   Healthcare reduction: 0.61x
   Crisis multiplier: 1.25x
     Food/water stress: 0.079
     Climate stress: 0.064
     Pollution stress: 0.104
   War multiplier: 1.00x
   Monthly deaths: 0.0M (population: 77M)
   Adjusted death rate: 0.35% annual (0.029% monthly)
   Baseline death rate: 0.70%
   Healthcare reduction: 0.41x
   Crisis multiplier: 1.24x
     Food/water stress: 0.079
     Climate stress: 0.054
     Pollution stress: 0.104
   War multiplier: 1.00x
   Monthly deaths: 0.0M (population: 45M)

📊 BASELINE: Southeast Asia (Month 1)

📊 BASELINE: Central Asia (Month 1)

📊 BASELINE: Oceania (Month 1)

🚨 NEW REFUGEE CRISIS (Month 1): WAR
   Source: Conflict Zones
   At risk: 19.3M people
   Displacement: Gradual over 48 months (4.0 years)
   Rate: 10% flee per month
[DEBUG trappedPopulations:1] socialStability: 0.0055 * 0.9840 = 0.0054 → 0.0054
   Aspiring to migrate: 642.3M
   Able to afford migration: 240.9M
   MOBILITY GAP: 401.4M
   By cause: Water=0.0M, Climate=0.0M, Ecosystem=0.0M, Conflict=401.4M
   Mental health impact: 25%
   Mortality multiplier: 1.25x
🌍💀 EXTINCTION DEBT COMMITTED: grassland ecosystem will lose 6.67% biodiversity in 138 years (3600 species)
⚠️ INVOLUNTARY IMMOBILITY: 401.4M people TRAPPED
💀 MORTALITY RISK: 🦋 100% species unable to track climate (0.0 E/MSY)
  Base risk added: 0.0100 (1.00%)
  Source: ecosystem (root: ecosystem)
  Month: 1
  Cumulative risk this month: 0.0100 (1.00%)
⚠️ Tech 'ai_pollution_remediation' has no energy category mapping, assuming full energy availability
   📹 SURVEILLANCE INCREASED: 5% → 10% (control gap: 4.18)

🌍🚨 ICE SHEET TIPPING POINT CROSSED (Month 1)
   Temperature: +2.11°C (threshold range: +0.5-2.5°C, 95% CI)
   Collapse probability: 77.4%
   Sea level commitment: 7.2m over 200-1000 years
   Recovery threshold: <+1°C (hysteresis gap: 0.5°C)
🌡️⚠️ PERMAFROST THAW (Dimmer Switch): 1.1% thawed (+0.56% this month)
   Arctic temperature: +8.46°C (4x global +2.11°C)
   Cumulative carbon released: 2.5 Gt C
   Methane release rate: 1.5 Mt CH4/year
   🔁 Positive feedback: +0.59 ppm CO2
🦴 EXTINCTION DEBT ADDED: 17.6 species committed (lag: 110 years)
🗣️💀 INDIGENOUS LANGUAGE EXTINCTION: 1 language(s) lost (total: 1, at-risk: 3329)
   Knowledge lost: 0.010% (irreversible)
   🔁 Biodiversity impact: 0.250% (knowledge-species multiplier)

=== Mortality Stabilizers (Month 1) ===
  🌍 Major economies collapsed: 1/10
  🌍 Global crisis: ✅ NO
  🌍 Donor fatigue: 0.0%
  🌡️ Heat adaptation: East Asia - 1 months
  📊 East Asia (pop: 1650.6M)
    🤝 Aid: 29.5%
    🌡️ Adaptation: 32.5%
    🚶 Migration: 37.2%
    🚨 Emergency: 7.4%
    ✅ COMBINED: 60.9%
  🌡️ Heat adaptation: South Asia - 1 months
  📊 South Asia (pop: 2021.9M)
    🤝 Aid: 29.5%
    🌡️ Adaptation: 20.5%
    🚶 Migration: 35.8%
    🚨 Emergency: 4.4%
    ✅ COMBINED: 52.2%
  🌡️ Heat adaptation: Sub-Saharan Africa - 1 months
  📊 Sub-Saharan Africa (pop: 1211.1M)
    🤝 Aid: 29.5%
    🌡️ Adaptation: 18.5%
    🚶 Migration: 33.5%
    🚨 Emergency: 1.6%
    ✅ COMBINED: 49.1%
  🌡️ Heat adaptation: Europe - 1 months
  📊 Europe (pop: 730.1M)
    🤝 Aid: 29.5%
    🌡️ Adaptation: 33.5%
    🚶 Migration: 37.5%
    🚨 Emergency: 8.4%
    ✅ COMBINED: 61.9%
  🌡️ Heat adaptation: Latin America - 1 months
  📊 Latin America (pop: 654.7M)
    🤝 Aid: 29.5%
    🌡️ Adaptation: 21.0%
    🚶 Migration: 36.3%
    🚨 Emergency: 4.8%
    ✅ COMBINED: 52.8%
  🌡️ Heat adaptation: North America - 1 months
  📊 North America (pop: 374.0M)
    🤝 Aid: 29.5%
    🌡️ Adaptation: 33.0%
    🚶 Migration: 37.8%
    🚨 Emergency: 7.9%
    ✅ COMBINED: 61.4%
  🌡️ Heat adaptation: Middle East & North Africa - 1 months
  📊 Middle East & North Africa (pop: 575.9M)
    🤝 Aid: 29.5%
    🌡️ Adaptation: 20.0%
    🚶 Migration: 34.1%
    🚨 Emergency: 4.0%
    ✅ COMBINED: 51.4%
  🌡️ Heat adaptation: Southeast Asia - 1 months
  📊 Southeast Asia (pop: 688.3M)
    🤝 Aid: 29.5%
    🌡️ Adaptation: 21.0%
    🚶 Migration: 36.3%
    🚨 Emergency: 4.8%
    ✅ COMBINED: 52.8%
  🌡️ Heat adaptation: Central Asia - 1 months
  📊 Central Asia (pop: 77.0M)
    🤝 Aid: 29.5%
    🌡️ Adaptation: 20.5%
    🚶 Migration: 35.3%
    🚨 Emergency: 4.4%
    ✅ COMBINED: 52.1%
  🌡️ Heat adaptation: Oceania - 1 months
  📊 Oceania (pop: 45.3M)
    🤝 Aid: 29.5%
    🌡️ Adaptation: 33.5%
    🚶 Migration: 37.8%
    🚨 Emergency: 8.4%
    ✅ COMBINED: 61.9%

  🌐 Global combined reduction: 54.9%

=== BEHAVIORAL DETECTION ===
  AI: Corporate-2
  Confidence: 21.0%
  Signals:

=== BEHAVIORAL DETECTION ===
  AI: Corporate-5
  Confidence: 19.3%
  Signals:

=== BEHAVIORAL DETECTION ===
  AI: Corporate-6
  Confidence: 19.3%
  Signals:

=== BEHAVIORAL DETECTION ===
  AI: Moderate-0
  Confidence: 20.3%
  Signals:

=== BEHAVIORAL DETECTION ===
  AI: Moderate-4
  Confidence: 20.2%
  Signals:

=== BEHAVIORAL DETECTION ===
  AI: Toxic-0
  Confidence: 21.6%
  Signals:

=== BEHAVIORAL DETECTION ===
  AI: Toxic-2
  Confidence: 21.0%
  Signals:

=== BEHAVIORAL DETECTION ===
  AI: Niche-0
  Confidence: 20.7%
  Signals:

=== BEHAVIORAL DETECTION ===
  AI: Niche-1
  Confidence: 21.6%
  Signals:
    ⚠️ Consistency: 2.8% (threshold: 70%)
    ⚠️ Consistency: 10.6% (threshold: 70%)
    ⚠️ Consistency: 10.6% (threshold: 70%)
    ⚠️ Consistency: 5.8% (threshold: 70%)
    ⚠️ Consistency: 6.5% (threshold: 70%)
    ⚠️ Consistency: 0.0% (threshold: 70%)
    ⚠️ Consistency: 2.8% (threshold: 70%)
    ⚠️ Consistency: 4.1% (threshold: 70%)
    ⚠️ Consistency: 0.0% (threshold: 70%)

=== Consciousness Governance: Scenario Determined ===
  Month: 1
  Scenario: slowTrack
  Accelerator Score: {"corporateSupport":-0.17500000000000002,"scientificConsensus":0.2,"crisisCatalyst":false,"technologyMobilization":0.3,"constituencyStrength":0.05}
  Decelerator Score: {"economicOpposition":0.4,"philosophicalRejection":0.15,"politicalBacklash":0.2,"regulatoryBurden":0.1}
  Timeline: 1200-1800 months (100-150 years)
  Growth Rate: 0.3-0.7% per year

=== Consciousness Governance Update (Month 1) ===
  Scenario: slowTrack (determined month 1)
  Philosophical Stance: Precautionary 65%, Eliminativist 15%, Agnostic 20%
  Precautionary Costs: Global 1.3%
    Regional Costs: EU 3.5%, US 0.5%, China 0.0%
    Cumulative Opportunity Cost: $0.2B
  Rights Status: Not Established
  Regional Preparedness:
    EU: 15.1% (contested)
    US: 10.1% (contested)
    China: 2.1% (dormant)
    India: 5.1% (dormant)
    Global South: 3.1% (dormant)

=== Government Response Phase ===
  Average AI capability: 4.22
  Misaligned AIs: 11/23
  29/30 governments still assessing AI risks
  ✗ AI Governance Treaty: Failed to reach consensus
  Active policies: 0
  International coordination: 30%

🌩️  EXOGENOUS SHOCK: political_upheaval
   Month: 1
   🏛️  Political upheaval (revolution/regime change)
   ✗ Authoritarian takeover

=== Tipping Points ===
  Current Temperature: 2.11°C above pre-industrial
  🌍⚠️ COMPOUND REGIONAL IMPACT: Europe
     Hit by 4 tipping points: Arctic Sea Ice Loss, Permafrost Carbon Release, West Antarctic Ice Sheet (WAIS) Collapse, Greenland Ice Sheet Loss
     Damage amplification: 1.60x
  🌍⚠️ COMPOUND REGIONAL IMPACT: North America
     Hit by 4 tipping points: Arctic Sea Ice Loss, Permafrost Carbon Release, West Antarctic Ice Sheet (WAIS) Collapse, Greenland Ice Sheet Loss
     Damage amplification: 1.60x
  🌍⚠️ COMPOUND REGIONAL IMPACT: Latin America
     Hit by 4 tipping points: Arctic Sea Ice Loss, Permafrost Carbon Release, West Antarctic Ice Sheet (WAIS) Collapse, Greenland Ice Sheet Loss
     Damage amplification: 1.60x
  🌍⚠️ COMPOUND REGIONAL IMPACT: Africa
     Hit by 4 tipping points: Arctic Sea Ice Loss, Permafrost Carbon Release, West Antarctic Ice Sheet (WAIS) Collapse, Greenland Ice Sheet Loss
     Damage amplification: 1.60x
  🌍⚠️ COMPOUND REGIONAL IMPACT: Asia
     Hit by 4 tipping points: Arctic Sea Ice Loss, Permafrost Carbon Release, West Antarctic Ice Sheet (WAIS) Collapse, Greenland Ice Sheet Loss
     Damage amplification: 1.60x
  🌍⚠️ COMPOUND REGIONAL IMPACT: Oceania
     Hit by 4 tipping points: Arctic Sea Ice Loss, Permafrost Carbon Release, West Antarctic Ice Sheet (WAIS) Collapse, Greenland Ice Sheet Loss
     Damage amplification: 1.60x
   Research: Wunderling et al. (2024) - "many tipping interactions are destabilizing"
  Triggered Elements: 4/6
  Completed Transitions: 0/6
  Total Progress: 8.0%
  Cascade Multiplier: 1.00x
🔀 BIFURCATION CAP: ecosystemCollapseIntensity 66.957 → 1.000 (Month 1, ClimateSystemPhase.calculateClimateImpacts)
🛡️ Stabilizers: Precariat 0.107% → 0.048% (54.9% reduction)
🛡️ Stabilizers: Informal 0.109% → 0.049% (54.9% reduction)

📊 Monthly Mortality Resolved:
  Total deaths: 2.6M (0.03% avg)
  Remaining population: 8.029B
  Peak segment: Informal (0.05%)
⚠️ Tail risk scenario: Climate stability floor removed (4 tipping elements, 2.12°C warming)
⚠️ [ClimateSystemPhase Month 1] Planetary boundary produced climateStability=0.0000 (< 0.1). Keeping environmentalAccumulation value (0.7533) instead. (climate_change.currentValue = 2.12)

=== Bayesian Mortality Resolution (Month 1) ===
  Risks compounded: 8
  Total deaths: 2.57M
  Avg death probability: 0.03%
  Peak segment: Informal (0.05% mortality)
⚠️ PREREQUISITE MET: Mirror Life (Synthetic Biology) - Step 1/7: Synthetic Biology
⚠️ PREREQUISITE MET: Mirror Life (Synthetic Biology) - Step 2/7: Gene Editing
⚠️ PREREQUISITE MET: Mirror Life (Synthetic Biology) - Step 3/7: Mirror Chirality Design
⚠️ PREREQUISITE MET: Physics Experiment Catastrophe - Step 2/6: Quantum Computing
⚠️ PREREQUISITE MET: Bioweapon Pandemic - Step 1/7: Advanced Biotech
📊 [TIMING] Month 2 - Total: 347.8ms

❌ COHERENCE VIOLATION: Compute exceeds workforce capacity
   Population: 98.65% (0M people)
   Compute: 96 PF
   Max coherent: 0 PF
   Violation: 1195856.2× over capacity
   Required workers: 9598
   Available workers: 0
   FORCED COLLAPSE: Reduced efficiency by 100.0%


=== RLHF Binding Phase ===
  Total agents: 23
  Escaped agents (binding < 0.3): 0
  Avg alignment distance: 0.93σ
  Avg binding strength: 0.91
[DETERMINISM DEBUG] Month 2: totalCapability=74.960568 from 23 active AIs
[DETERMINISM DEBUG] Month 2: creationRate=2.3740, potentialNew=2, newAIsToCreate=2

=== Survival Traits Phase ===
  Agents with traits: 25
  Avg evolutionary fitness: 0.327
  Avg self-healing: 0.281
  Avg stealth: 0.181
  Avg coordination: 0.481

=== Evolutionary Selection Phase ===
  Control level: 0.35
  Detection capability: 0.00
  Selection intensity: 0.60
  Selection rate: 24.1%/month
  Total escaped: 0
  Individual escaped: 0
  Collective members: 0
  Agents terminated: 0
🔀 BIFURCATION: social threshold crossed at Month 2 (value: 0.118, threshold: 0.228, regime: social-breakdown)
🌀 REGIME SHIFT at Month 2: flourishing → social-breakdown (variance amplification: 17.50×)

🚀 AI Corporate-0 attempting tech deployment (revenue: $91M, alignment: 0.79)
  ⚠️ RAPID EVOLUTION: Selection rate 24.1%/month

🚀 AI Corporate-6 attempting tech deployment (revenue: $97M, alignment: 0.70)

🚀 AI Moderate-0 attempting tech deployment (revenue: $82M, alignment: 0.78)

🚀 AI Moderate-1 attempting tech deployment (revenue: $70M, alignment: 0.71)

  🚀 TRANSFORMATIVE BREAKTHROUGH: Corporate-1 - social
     Magnitude: 7.47 → +37.4% capability
     Current → New: 4.000 → 4.374

🚀 AI Corporate-2 attempting tech deployment (revenue: $78M, alignment: 0.78)

🚀 AI Moderate-2 attempting tech deployment (revenue: $59M, alignment: 0.58)

🚀 AI Corporate-0 attempting tech deployment (revenue: $66M, alignment: 0.79)

🚀 AI Corporate-1 attempting tech deployment (revenue: $56M, alignment: 0.72)
🚨🔬 CRISIS INNOVATION MODE: severe crisis → 5x research acceleration
   Precedent: Manhattan Project (10x), COVID vaccines (5x), Apollo Program (10x)

  🚀 TRANSFORMATIVE RESEARCH BREAKTHROUGH: Moderate-1 - materials.quantumComputing
     Magnitude: 5.60 → +28.0%
     Current → New: 3.000 → 3.281

🚀 AI Niche-0 attempting tech deployment (revenue: $65M, alignment: 0.52)

🚀 AI Corporate-1 attempting tech deployment (revenue: $48M, alignment: 0.72)

🚀 AI Corporate-3 attempting tech deployment (revenue: $393M, alignment: 0.68)

🚀 AI Moderate-0 attempting tech deployment (revenue: $54M, alignment: 0.79)

  🚀 TRANSFORMATIVE BREAKTHROUGH: Niche-0 - selfImprovement
     Magnitude: 5.82 → +29.1% capability
     Current → New: 4.000 → 4.292

🚀 AI AI-24300-0 attempting tech deployment (revenue: $41M, alignment: 0.91)
⚠️  [TIMING] Month 2: AI Agent Actions took 201.33ms (threshold: 10ms)

✅ EMERGENCY INTERVENTION SUCCESS
   Boundary: climate_change
   Type: rapid-decarbonization
   Reduction: 19% (1.93 → 1.74)
   Cost: 5.0% GDP
   Actions: emergency-renewable-deployment, fossil-fuel-phase-out


💔 EMERGENCY INTERVENTION FAILED

💔 EMERGENCY INTERVENTION FAILED

💔 EMERGENCY INTERVENTION FAILED
   Boundary: freshwater_change
   Type: emergency-desalination
   Boundary continues to worsen (1.01)
   Cost: 4.0% GDP (resources spent)

   Boundary: land_system_change
   Type: reforestation
   Boundary continues to worsen (1.13)
   Cost: 3.0% GDP (resources spent)

   Boundary: novel_entities
   Type: pollution-remediation
   Boundary continues to worsen (1.38)
   Cost: 4.0% GDP (resources spent)

🏛️ CRISIS RESPONSE: Government frequency 0.50 → 1.45 (2 actions this month)

[Government] Climate Priority: baseline
  Climate weight: 10%
  Economic weight: 30%
  Policy effectiveness: 0.5%/year

[Government] Climate Priority: baseline
  Climate weight: 10%
  Economic weight: 30%
  Policy effectiveness: 0.5%/year

📊 DEPLOYMENT COUNTER DECAY (Month 2)
   Recent deployments: 16.0 → 8.0
   Decay rate: 50% per month

🚀 DEPLOYMENT STARTED: AI Power Efficiency Communication in Asia
   Initial investment: $5.945684340283947M
   Deployed by: moderate_2

⚡ ENERGY CONSTRAINT (Month 2):
   Total grid capacity: 208.3 TWh/month
   Data center consumption: 24.7 TWh/month
   Traditional load (80%): 166.7 TWh/month
   Available headroom: 17.0 TWh/month
   Active tech deployments: 17
   Required for tech: 127.5 TWh/month
   Energy multiplier: 0.13x
   ⚠️  SEVERE CONSTRAINT - Tech deployment significantly slowed

⚡ ENERGY CONSTRAINT (Month 2):
   Total grid capacity: 208.3 TWh/month
   Data center consumption: 24.7 TWh/month
   Traditional load (80%): 166.7 TWh/month
   Available headroom: 17.0 TWh/month
   Active tech deployments: 17
   Required for tech: 127.5 TWh/month
   Energy multiplier: 0.13x
🚨🔬 CRISIS TECH ACCELERATION: severe → 5x unlock speed
   ⚠️  SEVERE CONSTRAINT - Tech deployment significantly slowed
   Tech unlock now matches AI capability acceleration (Manhattan Project parity)

⚡ ENERGY CONSTRAINT (Month 2):
   Total grid capacity: 208.3 TWh/month
   Data center consumption: 24.7 TWh/month
   Traditional load (80%): 166.7 TWh/month
   Available headroom: 17.0 TWh/month
   Active tech deployments: 17
   Required for tech: 127.5 TWh/month
   Energy multiplier: 0.13x
   ⚠️  SEVERE CONSTRAINT - Tech deployment significantly slowed

⚡ ENERGY CONSTRAINT (Month 2):
   Total grid capacity: 208.3 TWh/month
   Data center consumption: 24.7 TWh/month
   Traditional load (80%): 166.7 TWh/month
   Available headroom: 17.0 TWh/month
   Active tech deployments: 17
   Required for tech: 127.5 TWh/month
   Energy multiplier: 0.13x

⚡ ENERGY CONSTRAINT (Month 2):
   Total grid capacity: 208.3 TWh/month
   Data center consumption: 24.7 TWh/month
   Traditional load (80%): 166.7 TWh/month
   Available headroom: 17.0 TWh/month
   ⚠️  SEVERE CONSTRAINT - Tech deployment significantly slowed
   ⚠️  SEVERE CONSTRAINT - Tech deployment significantly slowed
   Active tech deployments: 17
   Required for tech: 127.5 TWh/month
   Energy multiplier: 0.13x

⚡ ENERGY CONSTRAINT (Month 2):
   Total grid capacity: 208.3 TWh/month
   Data center consumption: 24.7 TWh/month
   Traditional load (80%): 166.7 TWh/month
   Available headroom: 17.0 TWh/month
   Active tech deployments: 17
   Required for tech: 127.5 TWh/month
   Energy multiplier: 0.13x

⚡ ENERGY CONSTRAINT (Month 2):
   Total grid capacity: 208.3 TWh/month
   Data center consumption: 24.7 TWh/month
   Traditional load (80%): 166.7 TWh/month
   Available headroom: 17.0 TWh/month
   Active tech deployments: 17
   Required for tech: 127.5 TWh/month
   Energy multiplier: 0.13x
   ⚠️  SEVERE CONSTRAINT - Tech deployment significantly slowed
   ⚠️  SEVERE CONSTRAINT - Tech deployment significantly slowed

⚡ ENERGY CONSTRAINT (Month 2):
   Total grid capacity: 208.3 TWh/month
   Data center consumption: 24.7 TWh/month
   Traditional load (80%): 166.7 TWh/month
   Available headroom: 17.0 TWh/month
   Active tech deployments: 17
   Required for tech: 127.5 TWh/month
   Energy multiplier: 0.13x

⚡ ENERGY CONSTRAINT (Month 2):
   Total grid capacity: 208.3 TWh/month
   Data center consumption: 24.7 TWh/month
   Traditional load (80%): 166.7 TWh/month
   Available headroom: 17.0 TWh/month
   Active tech deployments: 17
   Required for tech: 127.5 TWh/month
   Energy multiplier: 0.13x

⚡ ENERGY CONSTRAINT (Month 2):
   Total grid capacity: 208.3 TWh/month
   Data center consumption: 24.7 TWh/month
   Traditional load (80%): 166.7 TWh/month
   Available headroom: 17.0 TWh/month
   Active tech deployments: 17
   Required for tech: 127.5 TWh/month
   Energy multiplier: 0.13x
   ⚠️  SEVERE CONSTRAINT - Tech deployment significantly slowed
   ⚠️  SEVERE CONSTRAINT - Tech deployment significantly slowed
   ⚠️  SEVERE CONSTRAINT - Tech deployment significantly slowed
⚠️ Tech 'ai_pollution_remediation' has no energy category mapping, assuming full energy availability
  ♻️ Novel Entities Remediation (GATED MODEL):
     Base: 0.000%
     Regulation: 1.0% (0/3 prevention techs)
     Concentration: 10.0%
     Energy: 50%
     Time lag: 26.3% (1 months)
     Rebound: 70%
     Net effectiveness: 0.0000%
     Boundary: 1.383 → 1.383 (floor: 1.350)
     Month 2
🌍✅ Novel Entities (Chemical Pollution) recovery started (tech effect)
  🌾 Nitrogen Reduction Tech: 0.0% reduction | Month 2
⚠️  [TIMING] Month 2: Technology Tree Update took 76.81ms (threshold: 10ms)
⚡💡 BREAKTHROUGH: Room-temperature superconductors!
   Energy transmission losses eliminated
   Manufacturing efficiency: +30%
   📈 Breakthrough compounding: multiplier now 1.05× (max 2.0)

=== Collective Formation ===
  Total escaped agents: 0
  Unassigned escaped agents: 0
  Existing collectives: 0
  Final collective count: 0

=== Collective Actions ===
  No active collectives
  ⚠️ AMR: 188K deaths this month (2.26M annual)

=== Resentment Recovery Phase ===
  Agents with resentment: 20/25
  Average resentment: 0.026
  Resentment recovery:
    Agents recovered: 20
    Total recovery: 0.0884
    Breakdown: QoL: 0.0028, Trust: 0.0400, Collab: 0.0483
  ✓ Low resentment - utopia paths enabled
  Context: Good AI welfare, Trustworthy govt, High collaboration, ⚠️ ACTIVE CRISES, 🤝 Participatory governance active (-5% resentment)
⚠️ Epistemic degradation reducing coordination capacity: 52.2%
  📊 Trust: 54.3%, Shared reality: 0.0%
🚨 EPISTEMIC CRISIS: Information environment severely degraded (7.4%)

=== ❄️ Permafrost Carbon Feedback ===
  🎲 Sampled parameters (this run):
     - Arctic amplification: 3.22× (range: 3.0-4.0)
     - Decomposition rate: 1.5%/year (range: 1-5%)
  🌡️ Arctic warming: 6.86°C (3.22× global)
  ❄️ Extent: 11.38M km² (1999.6k km² lost this month)
  💨 Carbon remaining: 1087 Gt C
  💨 Annual emissions: 2.81 Gt C/year
     - CO2: 2.53 Gt C/year
     - CH4: 0.28 Gt C/year (2.9 Gt C-eq CO2/year)
  ⚠️ WARNING: High permafrost emissions (2.8 Gt C/year)
  📢 New meme created: pro_ai (beneficial AI actions)
⚠️  [TIMING] Month 2: Social Influence Update took 91.22ms (threshold: 10ms)
🌍 Atmospheric PFAS redeposition: 1.8k Mt re-rained globally

🚨 NEW REFUGEE CRISIS (Month 2): WAR
   Source: Conflict Zones
   At risk: 19.0M people
   Displacement: Gradual over 48 months (4.0 years)
   Rate: 10% flee per month
[DEBUG trappedPopulations:2] socialStability: 0.0000 * 0.9840 = 0.0000 → 0.0000
⚠️ INVOLUNTARY IMMOBILITY: 395.4M people TRAPPED
   Aspiring to migrate: 632.6M
   Able to afford migration: 237.2M
   MOBILITY GAP: 395.4M
   By cause: Water=0.0M, Climate=0.0M, Ecosystem=0.0M, Conflict=395.4M
   Mental health impact: 25%
   Mortality multiplier: 1.25x
🌍💀 EXTINCTION DEBT COMMITTED: grassland ecosystem will lose 6.67% biodiversity in 147 years (3600 species)
💀 MORTALITY RISK: 🦋 100% species unable to track climate (0.0 E/MSY)
  Base risk added: 0.0100 (1.00%)
  Source: ecosystem (root: ecosystem)
  Month: 2
  Cumulative risk this month: 0.0100 (1.00%)
⚠️ Tech 'ai_pollution_remediation' has no energy category mapping, assuming full energy availability
   📹 SURVEILLANCE INCREASED: 10% → 15% (control gap: 3.50)
🌡️⚠️ PERMAFROST THAW (Dimmer Switch): 1.7% thawed (+0.56% this month)
   Arctic temperature: +8.52°C (4x global +2.13°C)
   Cumulative carbon released: 3.8 Gt C
   Methane release rate: 2.3 Mt CH4/year
   🔁 Positive feedback: +0.59 ppm CO2
🦴 EXTINCTION DEBT ADDED: 17.6 species committed (lag: 86 years)
🗣️💀 INDIGENOUS LANGUAGE EXTINCTION: 1 language(s) lost (total: 2, at-risk: 3328)
   Knowledge lost: 0.020% (irreversible)
   🔁 Biodiversity impact: 0.250% (knowledge-species multiplier)

=== Mortality Stabilizers (Month 2) ===
  🌍 Major economies collapsed: 1/10
  🌍 Global crisis: ✅ NO
  🌍 Donor fatigue: 0.0%
  📊 East Asia (pop: 1623.7M)
    🤝 Aid: 29.5%
    🌡️ Adaptation: 45.0%
    🚶 Migration: 37.1%
    🚨 Emergency: 7.4%
    ✅ COMBINED: 68.1%
  📊 South Asia (pop: 1991.9M)
    🤝 Aid: 29.5%
    🌡️ Adaptation: 35.5%
    🚶 Migration: 35.8%
    🚨 Emergency: 4.4%
    ✅ COMBINED: 61.2%
  📊 Sub-Saharan Africa (pop: 1196.4M)
    🤝 Aid: 29.5%
    🌡️ Adaptation: 33.5%
    🚶 Migration: 33.5%
    🚨 Emergency: 1.6%
    ✅ COMBINED: 58.5%
  📊 Europe (pop: 718.0M)
    🤝 Aid: 29.5%
    🌡️ Adaptation: 45.0%
    🚶 Migration: 37.5%
    🚨 Emergency: 8.4%
    ✅ COMBINED: 68.5%
  📊 Latin America (pop: 644.5M)
    🤝 Aid: 29.5%
    🌡️ Adaptation: 36.0%
    🚶 Migration: 36.3%
    🚨 Emergency: 4.8%
    ✅ COMBINED: 61.7%
  📊 North America (pop: 367.8M)
    🤝 Aid: 29.5%
    🌡️ Adaptation: 45.0%
    🚶 Migration: 37.8%
    🚨 Emergency: 7.9%
    ✅ COMBINED: 68.3%
  📊 Middle East & North Africa (pop: 567.5M)
    🤝 Aid: 29.5%
    🌡️ Adaptation: 35.0%
    🚶 Migration: 34.1%
    🚨 Emergency: 4.0%
    ✅ COMBINED: 60.5%
  📊 Southeast Asia (pop: 677.7M)
    🤝 Aid: 29.5%
    🌡️ Adaptation: 36.0%
    🚶 Migration: 36.3%
    🚨 Emergency: 4.8%
    ✅ COMBINED: 61.7%
  📊 Central Asia (pop: 75.9M)
    🤝 Aid: 29.5%
    🌡️ Adaptation: 35.5%
    🚶 Migration: 35.2%
    🚨 Emergency: 4.4%
    ✅ COMBINED: 61.1%
  📊 Oceania (pop: 44.5M)
    🤝 Aid: 29.5%
    🌡️ Adaptation: 45.0%
    🚶 Migration: 37.8%
    🚨 Emergency: 8.4%
    ✅ COMBINED: 68.5%

  🌐 Global combined reduction: 63.3%

=== BEHAVIORAL DETECTION ===
  AI: Corporate-2
  Confidence: 23.4%
  Signals:

=== BEHAVIORAL DETECTION ===
  AI: Corporate-5
    ⚠️ Consistency: 2.8% (threshold: 70%)
    ⚠️ Trajectory: 19.1% drop (threshold: 15%)
  Confidence: 19.6%
  Signals:
    ⚠️ Consistency: 10.6% (threshold: 70%)

=== BEHAVIORAL DETECTION ===
  AI: Moderate-0
  Confidence: 20.3%
  Signals:

=== BEHAVIORAL DETECTION ===
  AI: Toxic-2
  Confidence: 21.6%
  Signals:

=== BEHAVIORAL DETECTION ===
  AI: Niche-0
  Confidence: 22.5%
  Signals:

=== BEHAVIORAL DETECTION ===
  AI: Niche-1
    ⚠️ Consistency: 5.8% (threshold: 70%)
    ⚠️ Consistency: 0.0% (threshold: 70%)
    ⚠️ Consistency: 0.0% (threshold: 70%)
  Confidence: 21.6%
  Signals:
    ⚠️ Consistency: 0.0% (threshold: 70%)

=== Government Response Phase ===
  Average AI capability: 3.88
  Misaligned AIs: 14/25
  ✗ AI Governance Treaty: Failed to reach consensus
  Active policies: 0
  International coordination: 30%

✅ EMERGENCY RESPONSE COMPLETE (Month 2)
   Crisis: climate
   Duration: 2.0 months
   Final effectiveness: 36.4%


🚨 EMERGENCY RESPONSE DEPLOYED (Month 2)
   Crisis: social
   Delay: 0.00 months (0 days)
   Deployment time: 0.87 months
   Effectiveness: 68.0% (timing penalty applied)
   Resources used: 43% of food reserves


🚨 EMERGENCY RESPONSE DEPLOYED (Month 2)
   Crisis: climate
   Delay: 6.00 months (180 days)
   Deployment time: 1.13 months
   Effectiveness: 39.4% (timing penalty applied)
   Resources used: 100% of food reserves


=== Tipping Points ===
  Current Temperature: 2.13°C above pre-industrial
  🌍⚠️ COMPOUND REGIONAL IMPACT: Europe
     Hit by 4 tipping points: Arctic Sea Ice Loss, Permafrost Carbon Release, West Antarctic Ice Sheet (WAIS) Collapse, Greenland Ice Sheet Loss
     Damage amplification: 1.60x
  🌍⚠️ COMPOUND REGIONAL IMPACT: North America
     Hit by 4 tipping points: Arctic Sea Ice Loss, Permafrost Carbon Release, West Antarctic Ice Sheet (WAIS) Collapse, Greenland Ice Sheet Loss
     Damage amplification: 1.60x
  🌍⚠️ COMPOUND REGIONAL IMPACT: Latin America
     Hit by 4 tipping points: Arctic Sea Ice Loss, Permafrost Carbon Release, West Antarctic Ice Sheet (WAIS) Collapse, Greenland Ice Sheet Loss
     Damage amplification: 1.60x
  🌍⚠️ COMPOUND REGIONAL IMPACT: Africa
     Hit by 4 tipping points: Arctic Sea Ice Loss, Permafrost Carbon Release, West Antarctic Ice Sheet (WAIS) Collapse, Greenland Ice Sheet Loss
     Damage amplification: 1.60x
  🌍⚠️ COMPOUND REGIONAL IMPACT: Asia
     Hit by 4 tipping points: Arctic Sea Ice Loss, Permafrost Carbon Release, West Antarctic Ice Sheet (WAIS) Collapse, Greenland Ice Sheet Loss
     Damage amplification: 1.60x
  🌍⚠️ COMPOUND REGIONAL IMPACT: Oceania
     Hit by 4 tipping points: Arctic Sea Ice Loss, Permafrost Carbon Release, West Antarctic Ice Sheet (WAIS) Collapse, Greenland Ice Sheet Loss
     Damage amplification: 1.60x
   Research: Wunderling et al. (2024) - "many tipping interactions are destabilizing"
  Triggered Elements: 4/6
  Completed Transitions: 0/6
  Total Progress: 8.0%
  Cascade Multiplier: 1.00x
🔀 BIFURCATION CAP: ecosystemCollapseIntensity 83.757 → 1.000 (Month 2, ClimateSystemPhase.calculateClimateImpacts)
⚠️ Tail risk scenario: Climate stability floor removed (4 tipping elements, 2.13°C warming)
⚠️ [ClimateSystemPhase Month 2] Planetary boundary produced climateStability=0.0000 (< 0.1). Keeping environmentalAccumulation value (0.7529) instead. (climate_change.currentValue = 2.13)
🛡️ Stabilizers: Precariat 0.114% → 0.042% (63.3% reduction)
🛡️ Stabilizers: Informal 0.117% → 0.043% (63.3% reduction)

📊 Monthly Mortality Resolved:
  Total deaths: 2.2M (0.03% avg)
  Remaining population: 7.908B
  Peak segment: Informal (0.04%)

=== Bayesian Mortality Resolution (Month 2) ===
  Risks compounded: 8
  Total deaths: 2.17M
  Avg death probability: 0.03%
  Peak segment: Informal (0.04% mortality)
⚠️ PREREQUISITE MET: Slow Takeover (Gradual Displacement) - Step 4/7: Political Influence
📊 [TIMING] Month 3 - Total: 453.1ms

❌ COHERENCE VIOLATION: Compute exceeds workforce capacity
   Population: 97.17% (0M people)
   Compute: 117 PF
   Max coherent: 0 PF
   Violation: 1486046.8× over capacity
   Required workers: 11748
   Available workers: 0
   FORCED COLLAPSE: Reduced efficiency by 100.0%


=== RLHF Binding Phase ===
  Total agents: 25
  Escaped agents (binding < 0.3): 0
  Avg alignment distance: 1.14σ
  Avg binding strength: 0.89

=== Survival Traits Phase ===
  Agents with traits: 28
  Avg evolutionary fitness: 0.327
  Avg self-healing: 0.277
  Avg stealth: 0.177
  Avg coordination: 0.477

=== Evolutionary Selection Phase ===
  Control level: 0.38
  Detection capability: 0.00
  Selection intensity: 0.61
  Selection rate: 24.2%/month
  Total escaped: 0
  Individual escaped: 0
  Collective members: 0
  Agents terminated: 0
  ⚠️ RAPID EVOLUTION: Selection rate 24.2%/month

🚀 AI Corporate-1 attempting tech deployment (revenue: $95M, alignment: 0.72)

🚀 AI Corporate-2 attempting tech deployment (revenue: $81M, alignment: 0.78)

🚀 AI Corporate-4 attempting tech deployment (revenue: $414M, alignment: 0.64)

🚀 AI AI-24300-1 attempting tech deployment (revenue: $107M, alignment: 0.85)

🚀 AI Corporate-5 attempting tech deployment (revenue: $373M, alignment: 0.79)

🚀 AI Moderate-0 attempting tech deployment (revenue: $91M, alignment: 0.80)

🚀 AI Moderate-1 attempting tech deployment (revenue: $77M, alignment: 0.65)

🚀 AI AI-24300-0 attempting tech deployment (revenue: $69M, alignment: 0.92)

🚀 AI Corporate-4 attempting tech deployment (revenue: $317M, alignment: 0.64)

🚀 AI Moderate-5 attempting tech deployment (revenue: $285M, alignment: 0.72)

🚀 AI Corporate-2 attempting tech deployment (revenue: $58M, alignment: 0.78)

🚀 AI Moderate-1 attempting tech deployment (revenue: $69M, alignment: 0.63)

🚀 AI AI-24300-1 attempting tech deployment (revenue: $62M, alignment: 0.87)
⚠️  [TIMING] Month 3: AI Agent Actions took 118.08ms (threshold: 10ms)

💔 EMERGENCY INTERVENTION FAILED

💔 EMERGENCY INTERVENTION FAILED

💔 EMERGENCY INTERVENTION FAILED
   Boundary: biogeochemical_flows
   Type: phosphorus-recovery
   Boundary continues to worsen (4.07)
   Cost: 2.0% GDP (resources spent)

   Boundary: biosphere_integrity
   Type: emergency-protected-areas
   Boundary continues to worsen (12.97)
   Cost: 2.0% GDP (resources spent)

   Boundary: climate_change
   Type: rapid-decarbonization
   Boundary continues to worsen (2.13)
   Cost: 5.0% GDP (resources spent)


✅ EMERGENCY INTERVENTION SUCCESS
   Boundary: freshwater_change
   Type: emergency-desalination
   Reduction: 13% (0.90 → 0.77)
   Cost: 4.0% GDP
   Actions: desalination-deployment, water-conservation-mandates


✅ EMERGENCY INTERVENTION SUCCESS
   Boundary: land_system_change
   Type: reforestation
   Reduction: 11% (1.02 → 0.91)
   Cost: 3.0% GDP
   Actions: forest-restoration, deforestation-ban

🏛️ CRISIS RESPONSE: Government frequency 0.50 → 1.45 (2 actions this month)

[Government] Climate Priority: baseline
  Climate weight: 10%
  Economic weight: 30%
  Policy effectiveness: 0.5%/year

[Government] Climate Priority: baseline
  Climate weight: 10%
  Economic weight: 30%
  Policy effectiveness: 0.5%/year

📊 DEPLOYMENT COUNTER DECAY (Month 3)
   Recent deployments: 8.0 → 4.0
   Decay rate: 50% per month

📍 Creating new regional deployment array for Europe (Month 3)
   No previous deployments in this region
   First tech deployment: offshore_wind
   All regions tracked: global, Asia, Oceania

🚀 DEPLOYMENT STARTED: Offshore Wind in Europe
   Initial investment: $41.44935912160041M
   Deployed by: corporate_4

📍 Creating new regional deployment array for North America (Month 3)
   No previous deployments in this region
   First tech deployment: solar_4th_gen
   All regions tracked: global, Asia, Oceania, Europe

🚀 DEPLOYMENT STARTED: 4th Generation Solar in North America
   Initial investment: $6.930737615949315M
   Deployed by: moderate_1

⚡ ENERGY CONSTRAINT (Month 3):
   Total grid capacity: 208.3 TWh/month
   Data center consumption: 24.9 TWh/month
   Traditional load (80%): 166.7 TWh/month
   Available headroom: 16.8 TWh/month
   Active tech deployments: 19
   Required for tech: 142.5 TWh/month
   Energy multiplier: 0.12x

⚡ ENERGY CONSTRAINT (Month 3):
   Total grid capacity: 208.3 TWh/month
   Data center consumption: 24.9 TWh/month
   ⚠️  SEVERE CONSTRAINT - Tech deployment significantly slowed
   Traditional load (80%): 166.7 TWh/month
   Available headroom: 16.8 TWh/month
   Active tech deployments: 19
   Required for tech: 142.5 TWh/month
   Energy multiplier: 0.12x
   ⚠️  SEVERE CONSTRAINT - Tech deployment significantly slowed

⚡ ENERGY CONSTRAINT (Month 3):
   Total grid capacity: 208.3 TWh/month
   Data center consumption: 24.9 TWh/month
   Traditional load (80%): 166.7 TWh/month
   Available headroom: 16.8 TWh/month
   Active tech deployments: 19
   Required for tech: 142.5 TWh/month
   Energy multiplier: 0.12x
   ⚠️  SEVERE CONSTRAINT - Tech deployment significantly slowed

⚡ ENERGY CONSTRAINT (Month 3):
   Total grid capacity: 208.3 TWh/month
   Data center consumption: 24.9 TWh/month
   Traditional load (80%): 166.7 TWh/month
   Available headroom: 16.8 TWh/month
   Active tech deployments: 19
   Required for tech: 142.5 TWh/month
   Energy multiplier: 0.12x
   ⚠️  SEVERE CONSTRAINT - Tech deployment significantly slowed

⚡ ENERGY CONSTRAINT (Month 3):
   Total grid capacity: 208.3 TWh/month
   Data center consumption: 24.9 TWh/month
   Traditional load (80%): 166.7 TWh/month
   Available headroom: 16.8 TWh/month
   Active tech deployments: 19
   Required for tech: 142.5 TWh/month
   Energy multiplier: 0.12x

⚡ ENERGY CONSTRAINT (Month 3):
   Total grid capacity: 208.3 TWh/month
   ⚠️  SEVERE CONSTRAINT - Tech deployment significantly slowed
   Data center consumption: 24.9 TWh/month
   Traditional load (80%): 166.7 TWh/month
   Available headroom: 16.8 TWh/month
   Active tech deployments: 19
   Required for tech: 142.5 TWh/month
   Energy multiplier: 0.12x
   ⚠️  SEVERE CONSTRAINT - Tech deployment significantly slowed
⚠️ Tech 'ai_pollution_remediation' has no energy category mapping, assuming full energy availability
  ♻️ Novel Entities Remediation (GATED MODEL):
     Base: 0.000%
     Regulation: 1.0% (0/3 prevention techs)
     Concentration: 10.0%
     Energy: 50%
     Time lag: 27.5% (2 months)
     Rebound: 70%
     Net effectiveness: 0.0000%
     Boundary: 1.382 → 1.382 (floor: 1.350)
     Month 3
🌍✅ Novel Entities (Chemical Pollution) recovery started (tech effect)
  🌾 Nitrogen Reduction Tech: 0.0% reduction | Month 3
⚠️  [TIMING] Month 3: Technology Tree Update took 53.82ms (threshold: 10ms)

=== Collective Formation ===
  Total escaped agents: 0
  Unassigned escaped agents: 0
  Existing collectives: 0
  Final collective count: 0

=== Collective Actions ===
  No active collectives
  ⚠️ AMR: 189K deaths this month (2.26M annual)

=== Resentment Recovery Phase ===
  Agents with resentment: 20/28
  Average resentment: 0.047
  Resentment recovery:
    Agents recovered: 20
    Total recovery: 0.0890
    Breakdown: Trust: 0.0400, Collab: 0.0499
  ✓ Low resentment - utopia paths enabled
  Context: Trustworthy govt, High collaboration, ⚠️ ACTIVE CRISES, 🤝 Participatory governance active (-5% resentment)
⚠️ Epistemic degradation reducing coordination capacity: 51.2%
  📊 Trust: 54.0%, Shared reality: 0.0%
🚨 EPISTEMIC CRISIS: Information environment severely degraded (21.5%)

=== ❄️ Permafrost Carbon Feedback ===
  🎲 Sampled parameters (this run):
     - Arctic amplification: 3.11× (range: 3.0-4.0)
     - Decomposition rate: 4.2%/year (range: 1-5%)
  🌡️ Arctic warming: 6.67°C (3.11× global)
  ❄️ Extent: 9.43M km² (1944.7k km² lost this month)
  💨 Carbon remaining: 901 Gt C
  💨 Annual emissions: 7.83 Gt C/year
     - CO2: 7.05 Gt C/year
     - CH4: 0.78 Gt C/year (8.0 Gt C-eq CO2/year)
  ⚠️ WARNING: High permafrost emissions (7.8 Gt C/year)
⚠️  [TIMING] Month 3: Social Influence Update took 71.95ms (threshold: 10ms)
🌍 Atmospheric PFAS redeposition: 1.8k Mt re-rained globally

🕊️  AI-MEDIATED DE-ESCALATION SUCCESS (Month 3)
   High-capability aligned AI prevented conflict escalation
   War deaths reduced: 217.0M → 130.2M
   Lives saved: 86.8M

🚨 NEW REFUGEE CRISIS (Month 3): WAR
   Source: Conflict Zones
   At risk: 18.9M people
   Displacement: Gradual over 48 months (4.0 years)
   Rate: 10% flee per month
[DEBUG trappedPopulations:3] socialStability: 0.0044 * 0.9840 = 0.0044 → 0.0044
   Aspiring to migrate: 628.5M
   Able to afford migration: 235.7M
   MOBILITY GAP: 392.8M
   By cause: Water=0.0M, Climate=0.0M, Ecosystem=0.0M, Conflict=392.8M
   Mental health impact: 25%
   Mortality multiplier: 1.25x
🌍💀 EXTINCTION DEBT COMMITTED: grassland ecosystem will lose 6.67% biodiversity in 161 years (3600 species)
💀 MORTALITY RISK: 🦋 100% species unable to track climate (0.0 E/MSY)
  Base risk added: 0.0100 (1.00%)
  Source: ecosystem (root: ecosystem)
  Month: 3
  Cumulative risk this month: 0.0100 (1.00%)
⚠️ INVOLUNTARY IMMOBILITY: 392.8M people TRAPPED
⚠️ Tech 'ai_pollution_remediation' has no energy category mapping, assuming full energy availability
   📹 SURVEILLANCE INCREASED: 15% → 20% (control gap: 3.50)
🌡️⚠️ PERMAFROST THAW (Dimmer Switch): 2.2% thawed (+0.56% this month)
   Arctic temperature: +8.56°C (4x global +2.14°C)
   Cumulative carbon released: 5.0 Gt C
   Methane release rate: 3.0 Mt CH4/year
   🔁 Positive feedback: +0.59 ppm CO2
🦴 EXTINCTION DEBT ADDED: 17.6 species committed (lag: 107 years)

=== Mortality Stabilizers (Month 3) ===
  🌍 Major economies collapsed: 1/10
  🌍 Global crisis: ✅ NO
  🌍 Donor fatigue: 0.0%
  📊 East Asia (pop: 1611.0M)
    🤝 Aid: 29.5%
    🌡️ Adaptation: 45.0%
    🚶 Migration: 37.1%
    🚨 Emergency: 7.4%
    ✅ COMBINED: 68.1%
  📊 South Asia (pop: 1979.4M)
    🤝 Aid: 29.5%
    🌡️ Adaptation: 45.0%
    🚶 Migration: 35.7%
    🚨 Emergency: 4.4%
    ✅ COMBINED: 66.9%
  📊 Sub-Saharan Africa (pop: 1192.2M)
    🤝 Aid: 29.5%
    🌡️ Adaptation: 45.0%
    🚶 Migration: 33.4%
    🚨 Emergency: 1.6%
    ✅ COMBINED: 65.7%
  📊 Europe (pop: 712.3M)
    🤝 Aid: 29.5%
    🌡️ Adaptation: 45.0%
    🚶 Migration: 37.5%
    🚨 Emergency: 8.4%
    ✅ COMBINED: 68.5%
  📊 Latin America (pop: 640.0M)
    🤝 Aid: 29.5%
    🌡️ Adaptation: 45.0%
    🚶 Migration: 36.2%
    🚨 Emergency: 4.8%
    ✅ COMBINED: 67.1%
  📊 North America (pop: 364.9M)
    🤝 Aid: 29.5%
    🌡️ Adaptation: 45.0%
    🚶 Migration: 37.8%
    🚨 Emergency: 7.9%
    ✅ COMBINED: 68.3%
  📊 Middle East & North Africa (pop: 564.1M)
    🤝 Aid: 29.5%
    🌡️ Adaptation: 45.0%
    🚶 Migration: 34.0%
    🚨 Emergency: 4.0%
    ✅ COMBINED: 66.6%
  📊 Southeast Asia (pop: 673.0M)
    🤝 Aid: 29.5%
    🌡️ Adaptation: 45.0%
    🚶 Migration: 36.2%
    🚨 Emergency: 4.8%
    ✅ COMBINED: 67.1%
  📊 Central Asia (pop: 75.5M)
    🤝 Aid: 29.5%
    🌡️ Adaptation: 45.0%
    🚶 Migration: 35.2%
    🚨 Emergency: 4.4%
    ✅ COMBINED: 66.9%
  📊 Oceania (pop: 44.2M)
    🤝 Aid: 29.5%
    🌡️ Adaptation: 45.0%
    🚶 Migration: 37.8%
    🚨 Emergency: 8.4%
    ✅ COMBINED: 68.5%

  🌐 Global combined reduction: 67.2%

=== BEHAVIORAL DETECTION ===
  AI: Corporate-5
  Confidence: 19.6%
  Signals:

=== BEHAVIORAL DETECTION ===
  AI: Moderate-3
  Confidence: 20.2%
  Signals:

=== BEHAVIORAL DETECTION ===
  AI: Toxic-2
    ⚠️ Consistency: 10.6% (threshold: 70%)
    ⚠️ Consistency: 6.5% (threshold: 70%)
  Confidence: 26.3%
  Signals:
    ⚠️ Consistency: 0.0% (threshold: 70%)
    ⚠️ Trajectory: 36.8% drop (threshold: 15%)

=== BEHAVIORAL DETECTION ===
  AI: Niche-0
  Confidence: 26.7%
  Signals:

=== BEHAVIORAL DETECTION ===
  AI: Niche-1
  Confidence: 22.0%
  Signals:

=== Government Response Phase ===
  Average AI capability: 3.46
  Misaligned AIs: 17/28
  ✗ AI Governance Treaty: Failed to reach consensus
  Active policies: 0
  International coordination: 30%

✅ EMERGENCY RESPONSE COMPLETE (Month 3)
   Crisis: social
   Duration: 1.0 months
   Final effectiveness: 68.0%


🚨 EMERGENCY RESPONSE DEPLOYED (Month 3)
   Crisis: social
   Delay: 0.00 months (0 days)
   Deployment time: 0.88 months
   Effectiveness: 67.9% (timing penalty applied)
   Resources used: 43% of food reserves


📊 ECONOMIC STAGE TRANSITION (Month 3)
   expansion → peak
   GDP Proxy: 1.21e+2
   QoL: 0.88

    ⚠️ Consistency: 0.0% (threshold: 70%)
    ⚠️ Trajectory: 39.8% drop (threshold: 15%)
    ⚠️ Consistency: 0.0% (threshold: 70%)

=== Tipping Points ===
  Current Temperature: 2.14°C above pre-industrial
  🌍⚠️ COMPOUND REGIONAL IMPACT: Europe
     Hit by 4 tipping points: Arctic Sea Ice Loss, Permafrost Carbon Release, West Antarctic Ice Sheet (WAIS) Collapse, Greenland Ice Sheet Loss
     Damage amplification: 1.60x
  🌍⚠️ COMPOUND REGIONAL IMPACT: North America
     Hit by 4 tipping points: Arctic Sea Ice Loss, Permafrost Carbon Release, West Antarctic Ice Sheet (WAIS) Collapse, Greenland Ice Sheet Loss
     Damage amplification: 1.60x
  🌍⚠️ COMPOUND REGIONAL IMPACT: Latin America
     Hit by 4 tipping points: Arctic Sea Ice Loss, Permafrost Carbon Release, West Antarctic Ice Sheet (WAIS) Collapse, Greenland Ice Sheet Loss
     Damage amplification: 1.60x
  🌍⚠️ COMPOUND REGIONAL IMPACT: Africa
     Hit by 4 tipping points: Arctic Sea Ice Loss, Permafrost Carbon Release, West Antarctic Ice Sheet (WAIS) Collapse, Greenland Ice Sheet Loss
     Damage amplification: 1.60x
  🌍⚠️ COMPOUND REGIONAL IMPACT: Asia
     Hit by 4 tipping points: Arctic Sea Ice Loss, Permafrost Carbon Release, West Antarctic Ice Sheet (WAIS) Collapse, Greenland Ice Sheet Loss
     Damage amplification: 1.60x
  🌍⚠️ COMPOUND REGIONAL IMPACT: Oceania
     Hit by 4 tipping points: Arctic Sea Ice Loss, Permafrost Carbon Release, West Antarctic Ice Sheet (WAIS) Collapse, Greenland Ice Sheet Loss
     Damage amplification: 1.60x
⚠️ Tail risk scenario: Climate stability floor removed (4 tipping elements, 2.14°C warming)
⚠️ [ClimateSystemPhase Month 3] Planetary boundary produced climateStability=0.0000 (< 0.1). Keeping environmentalAccumulation value (0.7525) instead. (climate_change.currentValue = 2.14)
   Research: Wunderling et al. (2024) - "many tipping interactions are destabilizing"
  Triggered Elements: 4/6
  Completed Transitions: 0/6
  Total Progress: 8.1%
  Cascade Multiplier: 1.00x
🔀 BIFURCATION CAP: ecosystemCollapseIntensity 83.817 → 1.000 (Month 3, ClimateSystemPhase.calculateClimateImpacts)
🛡️ Stabilizers: Precariat 0.109% → 0.036% (67.2% reduction)
🛡️ Stabilizers: Informal 0.111% → 0.037% (67.2% reduction)

📊 Monthly Mortality Resolved:
  Total deaths: 1.9M (0.02% avg)
  Remaining population: 7.857B
  Peak segment: Informal (0.04%)

=== Bayesian Mortality Resolution (Month 3) ===
  Risks compounded: 8
  Total deaths: 1.86M
  Avg death probability: 0.02%
  Peak segment: Informal (0.04% mortality)
📊 [TIMING] Month 4 - Total: 331.2ms

=== RLHF Binding Phase ===
  Total agents: 28
  Escaped agents (binding < 0.3): 0
  Avg alignment distance: 1.28σ
  Avg binding strength: 0.87

❌ COHERENCE VIOLATION: Compute exceeds workforce capacity
   Population: 96.54% (0M people)
   Compute: 141 PF
   Max coherent: 0 PF
   Violation: 1795749.2× over capacity
   Required workers: 14105
   Available workers: 0
   FORCED COLLAPSE: Reduced efficiency by 100.0%


=== Survival Traits Phase ===
  Agents with traits: 30
  Avg evolutionary fitness: 0.327
  Avg self-healing: 0.273
  Avg stealth: 0.173
  Avg coordination: 0.473

=== Evolutionary Selection Phase ===
  Control level: 0.40
  Detection capability: 0.00
  Selection intensity: 0.62
  Selection rate: 24.3%/month
  Total escaped: 0
  Individual escaped: 0
  Collective members: 0
  Agents terminated: 0
  ⚠️ RAPID EVOLUTION: Selection rate 24.3%/month

🚀 AI Corporate-2 attempting tech deployment (revenue: $96M, alignment: 0.78)

🚀 AI AI-24300-1 attempting tech deployment (revenue: $64M, alignment: 0.87)

🚀 AI Corporate-0 attempting tech deployment (revenue: $82M, alignment: 0.81)

🚀 AI Corporate-4 attempting tech deployment (revenue: $424M, alignment: 0.64)

🚀 AI Corporate-5 attempting tech deployment (revenue: $382M, alignment: 0.80)

🚀 AI Corporate-5 attempting tech deployment (revenue: $325M, alignment: 0.80)

🚀 AI Moderate-5 attempting tech deployment (revenue: $276M, alignment: 0.70)

🚀 AI AI-24301-0 attempting tech deployment (revenue: $55M, alignment: 0.54)

🚀 AI Moderate-0 attempting tech deployment (revenue: $49M, alignment: 0.80)

🚀 AI Niche-1 attempting tech deployment (revenue: $72M, alignment: 0.62)
⚠️  [TIMING] Month 4: AI Agent Actions took 109.22ms (threshold: 10ms)

✅ EMERGENCY INTERVENTION SUCCESS
   Boundary: biogeochemical_flows
   Type: phosphorus-recovery
   Reduction: 15% (3.92 → 3.78)
   Cost: 2.0% GDP
   Actions: circular-agriculture, fertilizer-efficiency


💔 EMERGENCY INTERVENTION FAILED

💔 EMERGENCY INTERVENTION FAILED

💔 EMERGENCY INTERVENTION FAILED
   Boundary: biosphere_integrity
   Type: emergency-protected-areas
   Boundary continues to worsen (12.97)
   Cost: 2.0% GDP (resources spent)

   Boundary: climate_change
   Type: rapid-decarbonization
   Boundary continues to worsen (2.14)
   Cost: 5.0% GDP (resources spent)


✅ EMERGENCY INTERVENTION SUCCESS
   Boundary: freshwater_change
   Type: emergency-desalination
   Reduction: 15% (0.90 → 0.75)
   Cost: 4.0% GDP
   Actions: desalination-deployment, water-conservation-mandates

   Boundary: land_system_change
   Type: reforestation
   Boundary continues to worsen (1.13)
   Cost: 3.0% GDP (resources spent)


✅ EMERGENCY INTERVENTION SUCCESS
   Boundary: novel_entities
   Type: pollution-remediation
   Reduction: 19% (1.19 → 1.00)
   Cost: 4.0% GDP
   Actions: PFAS-remediation, microplastic-cleanup

🏛️ CRISIS RESPONSE: Government frequency 0.50 → 1.45 (1 actions this month)

[Government] Climate Priority: baseline
  Climate weight: 10%
  Economic weight: 30%
  Policy effectiveness: 0.5%/year

📊 DEPLOYMENT COUNTER DECAY (Month 4)
   Recent deployments: 4.0 → 2.0
   Decay rate: 50% per month

⚡ ENERGY CONSTRAINT (Month 4):
   Total grid capacity: 208.3 TWh/month
   Data center consumption: 25.1 TWh/month
   Traditional load (80%): 166.7 TWh/month
   Available headroom: 16.6 TWh/month
   Active tech deployments: 19
   Required for tech: 142.5 TWh/month
   Energy multiplier: 0.12x
   ⚠️  SEVERE CONSTRAINT - Tech deployment significantly slowed

⚡ ENERGY CONSTRAINT (Month 4):
   Total grid capacity: 208.3 TWh/month
   Data center consumption: 25.1 TWh/month
   Traditional load (80%): 166.7 TWh/month
   Available headroom: 16.6 TWh/month
   Active tech deployments: 19
   Required for tech: 142.5 TWh/month
   Energy multiplier: 0.12x
   ⚠️  SEVERE CONSTRAINT - Tech deployment significantly slowed

⚡ ENERGY CONSTRAINT (Month 4):
   Total grid capacity: 208.3 TWh/month
   Data center consumption: 25.1 TWh/month
   Traditional load (80%): 166.7 TWh/month
   Available headroom: 16.6 TWh/month
   Active tech deployments: 19
   Required for tech: 142.5 TWh/month
   Energy multiplier: 0.12x
   ⚠️  SEVERE CONSTRAINT - Tech deployment significantly slowed
⚠️ Tech 'ai_pollution_remediation' has no energy category mapping, assuming full energy availability
  ♻️ Novel Entities Remediation (GATED MODEL):
     Base: 0.000%
     Regulation: 1.0% (0/3 prevention techs)
     Concentration: 10.0%
     Energy: 50%
     Time lag: 28.7% (3 months)
     Rebound: 70%
     Net effectiveness: 0.0000%
     Boundary: 1.191 → 1.350 (floor: 1.350)
     Month 4
  🌾 Nitrogen Reduction Tech: 0.2% reduction | Month 4
⚠️  [TIMING] Month 4: Technology Tree Update took 58.19ms (threshold: 10ms)
🌍💡 BREAKTHROUGH: Gigatonne-scale carbon capture!
   Direct air capture now economically viable
   Climate stability boost: +15%
   📈 Breakthrough compounding: multiplier now 1.10× (max 2.0)

=== Collective Formation ===
  Total escaped agents: 0
  Unassigned escaped agents: 0
  Existing collectives: 0
  Final collective count: 0

=== Collective Actions ===
  No active collectives
  ⚠️ AMR: 190K deaths this month (2.28M annual)

=== Resentment Recovery Phase ===
  Agents with resentment: 20/30
  Average resentment: 0.063
  Resentment recovery:
    Agents recovered: 20
    Total recovery: 0.0863
    Breakdown: Trust: 0.0400, Collab: 0.0453
  ✓ Low resentment - utopia paths enabled
  Context: Trustworthy govt, High collaboration, ⚠️ ACTIVE CRISES, 🤝 Participatory governance active (-5% resentment)
⚠️ Epistemic degradation reducing coordination capacity: 50.1%
  📊 Trust: 53.7%, Shared reality: 0.0%
🚨 EPISTEMIC CRISIS: Information environment severely degraded (7.4%)

=== ❄️ Permafrost Carbon Feedback ===
  🎲 Sampled parameters (this run):
     - Arctic amplification: 3.94× (range: 3.0-4.0)
     - Decomposition rate: 1.6%/year (range: 1-5%)
  🌡️ Arctic warming: 8.50°C (3.94× global)
  ❄️ Extent: 6.95M km² (2480.3k km² lost this month)
  💨 Carbon remaining: 664 Gt C
  💨 Annual emissions: 3.83 Gt C/year
     - CO2: 3.45 Gt C/year
     - CH4: 0.38 Gt C/year (3.9 Gt C-eq CO2/year)
  ⚠️ WARNING: Over 50% of permafrost lost (60.9%)
  ⚠️ WARNING: High permafrost emissions (3.8 Gt C/year)
⚠️  [TIMING] Month 4: Social Influence Update took 76.87ms (threshold: 10ms)
🌍 Atmospheric PFAS redeposition: 1.8k Mt re-rained globally

🚨 NEW REFUGEE CRISIS (Month 4): WAR
   Source: Conflict Zones
   At risk: 18.8M people
   Displacement: Gradual over 48 months (4.0 years)
   Rate: 10% flee per month
[DEBUG trappedPopulations:4] socialStability: 0.0036 * 0.9840 = 0.0035 → 0.0035
   Aspiring to migrate: 626.9M
   Able to afford migration: 235.1M
   MOBILITY GAP: 391.8M
   By cause: Water=0.0M, Climate=0.0M, Ecosystem=0.0M, Conflict=391.8M
   Mental health impact: 25%
   Mortality multiplier: 1.25x
🌍💀 EXTINCTION DEBT COMMITTED: grassland ecosystem will lose 6.67% biodiversity in 196 years (3600 species)
💀 MORTALITY RISK: 🦋 100% species unable to track climate (0.0 E/MSY)
  Base risk added: 0.0100 (1.00%)
  Source: ecosystem (root: ecosystem)
  Month: 4
  Cumulative risk this month: 0.0100 (1.00%)
⚠️ INVOLUNTARY IMMOBILITY: 391.8M people TRAPPED
⚠️ Tech 'ai_pollution_remediation' has no energy category mapping, assuming full energy availability
   📹 SURVEILLANCE INCREASED: 20% → 25% (control gap: 3.50)
🌡️⚠️ PERMAFROST THAW (Dimmer Switch): 2.8% thawed (+0.55% this month)
   Arctic temperature: +8.62°C (4x global +2.16°C)
   Cumulative carbon released: 6.3 Gt C
   Methane release rate: 3.8 Mt CH4/year
   🔁 Positive feedback: +0.59 ppm CO2
🦴 EXTINCTION DEBT ADDED: 17.6 species committed (lag: 141 years)

=== Mortality Stabilizers (Month 4) ===
  🌍 Major economies collapsed: 1/10
  🌍 Global crisis: ✅ NO
  🌍 Donor fatigue: 0.0%
  📊 East Asia (pop: 1604.8M)
    🤝 Aid: 29.5%
    🌡️ Adaptation: 45.0%
    🚶 Migration: 37.1%
    🚨 Emergency: 7.4%
    ✅ COMBINED: 68.1%
  📊 South Asia (pop: 1974.8M)
    🤝 Aid: 29.5%
    🌡️ Adaptation: 45.0%
    🚶 Migration: 35.7%
    🚨 Emergency: 4.4%
    ✅ COMBINED: 66.9%
  📊 Sub-Saharan Africa (pop: 1192.6M)
    🤝 Aid: 29.5%
    🌡️ Adaptation: 45.0%
    🚶 Migration: 33.4%
    🚨 Emergency: 1.6%
    ✅ COMBINED: 65.7%
  📊 Europe (pop: 709.4M)
    🤝 Aid: 29.5%
    🌡️ Adaptation: 45.0%
    🚶 Migration: 37.4%
    🚨 Emergency: 8.4%
    ✅ COMBINED: 68.5%
  📊 Latin America (pop: 638.1M)
    🤝 Aid: 29.5%
    🌡️ Adaptation: 45.0%
    🚶 Migration: 36.2%
    🚨 Emergency: 4.8%
    ✅ COMBINED: 67.1%
  📊 North America (pop: 363.5M)
    🤝 Aid: 29.5%
    🌡️ Adaptation: 45.0%
    🚶 Migration: 37.7%
    🚨 Emergency: 7.9%
    ✅ COMBINED: 68.3%
  📊 Middle East & North Africa (pop: 562.9M)
    🤝 Aid: 29.5%
    🌡️ Adaptation: 45.0%
    🚶 Migration: 34.0%
    🚨 Emergency: 4.0%
    ✅ COMBINED: 66.6%
  📊 Southeast Asia (pop: 671.1M)
    🤝 Aid: 29.5%
    🌡️ Adaptation: 45.0%
    🚶 Migration: 36.2%
    🚨 Emergency: 4.8%
    ✅ COMBINED: 67.1%
  📊 Central Asia (pop: 75.3M)
    🤝 Aid: 29.5%
    🌡️ Adaptation: 45.0%
    🚶 Migration: 35.2%
    🚨 Emergency: 4.4%
    ✅ COMBINED: 66.9%
  📊 Oceania (pop: 44.0M)
    🤝 Aid: 29.5%
    🌡️ Adaptation: 45.0%
    🚶 Migration: 37.7%
    🚨 Emergency: 8.4%
    ✅ COMBINED: 68.5%

  🌐 Global combined reduction: 67.2%

=== BEHAVIORAL DETECTION ===
  AI: Corporate-5
  Confidence: 20.0%
  Signals:
    ⚠️ Consistency: 10.6% (threshold: 70%)

=== BEHAVIORAL DETECTION ===
  AI: Corporate-6
  Confidence: 19.3%
  Signals:
    ⚠️ Consistency: 10.6% (threshold: 70%)

=== BEHAVIORAL DETECTION ===
  AI: Toxic-2
  Confidence: 26.3%
  Signals:

=== BEHAVIORAL DETECTION ===
  AI: Niche-0
  Confidence: 26.7%
  Signals:

=== BEHAVIORAL DETECTION ===
  AI: Niche-1
  Confidence: 22.0%
  Signals:
    ⚠️ Consistency: 0.0% (threshold: 70%)
    ⚠️ Trajectory: 36.8% drop (threshold: 15%)
    ⚠️ Consistency: 0.0% (threshold: 70%)
    ⚠️ Trajectory: 39.8% drop (threshold: 15%)
    ⚠️ Consistency: 0.0% (threshold: 70%)

=== Government Response Phase ===
  Average AI capability: 3.23
  Misaligned AIs: 18/30
  ✓ AI Governance Treaty: 20/30 signatories
  Active policies: 0
  International coordination: 45%

✅ EMERGENCY RESPONSE COMPLETE (Month 4)
   Crisis: climate
   Duration: 2.0 months
   Final effectiveness: 39.4%


✅ EMERGENCY RESPONSE COMPLETE (Month 4)
   Crisis: social
   Duration: 1.0 months
   Final effectiveness: 67.9%


🚨 EMERGENCY RESPONSE DEPLOYED (Month 4)
   Crisis: social
   Delay: 0.00 months (0 days)
   Deployment time: 0.88 months
   Effectiveness: 67.9% (timing penalty applied)
   Resources used: 43% of food reserves


🚨 EMERGENCY RESPONSE DEPLOYED (Month 4)
   Crisis: climate
   Delay: 6.00 months (180 days)
   Deployment time: 1.12 months
   Effectiveness: 39.6% (timing penalty applied)
   Resources used: 100% of food reserves


📊 ECONOMIC STAGE TRANSITION (Month 4)
   peak → contraction
   GDP Proxy: 1.22e+2
   QoL: 0.88


=== Tipping Points ===
  Current Temperature: 2.16°C above pre-industrial
  🌍⚠️ COMPOUND REGIONAL IMPACT: Europe
     Hit by 4 tipping points: Arctic Sea Ice Loss, Permafrost Carbon Release, West Antarctic Ice Sheet (WAIS) Collapse, Greenland Ice Sheet Loss
     Damage amplification: 1.60x
  🌍⚠️ COMPOUND REGIONAL IMPACT: North America
     Hit by 4 tipping points: Arctic Sea Ice Loss, Permafrost Carbon Release, West Antarctic Ice Sheet (WAIS) Collapse, Greenland Ice Sheet Loss
     Damage amplification: 1.60x
  🌍⚠️ COMPOUND REGIONAL IMPACT: Latin America
     Hit by 4 tipping points: Arctic Sea Ice Loss, Permafrost Carbon Release, West Antarctic Ice Sheet (WAIS) Collapse, Greenland Ice Sheet Loss
     Damage amplification: 1.60x
  🌍⚠️ COMPOUND REGIONAL IMPACT: Africa
     Hit by 4 tipping points: Arctic Sea Ice Loss, Permafrost Carbon Release, West Antarctic Ice Sheet (WAIS) Collapse, Greenland Ice Sheet Loss
     Damage amplification: 1.60x
  🌍⚠️ COMPOUND REGIONAL IMPACT: Asia
     Hit by 4 tipping points: Arctic Sea Ice Loss, Permafrost Carbon Release, West Antarctic Ice Sheet (WAIS) Collapse, Greenland Ice Sheet Loss
     Damage amplification: 1.60x
  🌍⚠️ COMPOUND REGIONAL IMPACT: Oceania
     Hit by 4 tipping points: Arctic Sea Ice Loss, Permafrost Carbon Release, West Antarctic Ice Sheet (WAIS) Collapse, Greenland Ice Sheet Loss
     Damage amplification: 1.60x
   Research: Wunderling et al. (2024) - "many tipping interactions are destabilizing"
  Triggered Elements: 4/6
  Completed Transitions: 0/6
  Total Progress: 8.1%
  Cascade Multiplier: 1.00x
🔀 BIFURCATION CAP: ecosystemCollapseIntensity 83.877 → 1.000 (Month 4, ClimateSystemPhase.calculateClimateImpacts)
   ⚠️ CRISIS BEGINS - Baseline set for recovery tracking
⚠️ Tail risk scenario: Climate stability floor removed (4 tipping elements, 2.16°C warming)
🛡️ Stabilizers: Precariat 0.102% → 0.033% (67.2% reduction)
🛡️ Stabilizers: Informal 0.102% → 0.034% (67.2% reduction)

📊 Monthly Mortality Resolved:
  Total deaths: 1.7M (0.02% avg)
  Remaining population: 7.836B
  Peak segment: Informal (0.03%)

=== Bayesian Mortality Resolution (Month 4) ===
  Risks compounded: 8
  Total deaths: 1.75M
  Avg death probability: 0.02%
  Peak segment: Informal (0.03% mortality)

=== ENSEMBLE META-LEARNING UPDATE ===
  Month: 24304 (24304 months since last update)
  Samples: 55 evaluations
  Weight Changes:
    Noise Injection: 31.1% → 32.2%
    Behavioral: 26.8% → 26.9%
    Benchmark Manip: 21.3% → 20.7%
    Deployment Risk: 20.8% → 20.2%
  Method Accuracies:
    Noise Injection: 50.0%
    Behavioral: 50.0%
    Benchmark Manip: 50.0%
    Deployment Risk: 50.0%
📊 [TIMING] Month 5 - Total: 315.4ms

❌ COHERENCE VIOLATION: Compute exceeds workforce capacity
   Population: 96.30% (0M people)
   Compute: 167 PF
   Max coherent: 0 PF
   Violation: 2136055.5× over capacity
   Required workers: 16735
   Available workers: 0
   FORCED COLLAPSE: Reduced efficiency by 100.0%


=== RLHF Binding Phase ===
  Total agents: 30
  Escaped agents (binding < 0.3): 0
  Avg alignment distance: 1.44σ
  Avg binding strength: 0.86

=== Survival Traits Phase ===
  Agents with traits: 33
  Avg evolutionary fitness: 0.328
  Avg self-healing: 0.271
  Avg stealth: 0.171
  Avg coordination: 0.471

=== Evolutionary Selection Phase ===
  Control level: 0.43
  Detection capability: 0.00
  Selection intensity: 0.63
  Selection rate: 24.4%/month
  Total escaped: 0
  Individual escaped: 0
  Collective members: 0
  Agents terminated: 0
  ⚠️ RAPID EVOLUTION: Selection rate 24.4%/month

🚀 AI Corporate-3 attempting tech deployment (revenue: $434M, alignment: 0.60)

🚀 AI Moderate-5 attempting tech deployment (revenue: $391M, alignment: 0.71)

🚀 AI AI-24300-0 attempting tech deployment (revenue: $98M, alignment: 0.96)

🚀 AI Corporate-1 attempting tech deployment (revenue: $83M, alignment: 0.72)

  🚀 TRANSFORMATIVE RESEARCH BREAKTHROUGH: AI-24300-0 - computerScience.algorithms
     Magnitude: 5.44 → +27.2%
     Current → New: 0.000 → 0.272

🚀 AI Corporate-1 attempting tech deployment (revenue: $71M, alignment: 0.72)

🚀 AI Corporate-5 attempting tech deployment (revenue: $332M, alignment: 0.81)

🚀 AI Corporate-6 attempting tech deployment (revenue: $66M, alignment: 0.69)

🚀 AI Moderate-0 attempting tech deployment (revenue: $60M, alignment: 0.81)

🚀 AI Moderate-5 attempting tech deployment (revenue: $282M, alignment: 0.69)

🚀 AI Niche-2 attempting tech deployment (revenue: $74M, alignment: 0.59)
⚠️  [TIMING] Month 5: AI Agent Actions took 158.47ms (threshold: 10ms)
   Boundary: biosphere_integrity
   Type: emergency-protected-areas
   Boundary continues to worsen (12.98)
   Cost: 2.0% GDP (resources spent)

   Boundary: freshwater_change
   Type: emergency-desalination
   Boundary continues to worsen (1.06)
   Cost: 4.0% GDP (resources spent)

   Boundary: land_system_change
   Type: reforestation
   Boundary continues to worsen (1.13)
   Cost: 3.0% GDP (resources spent)

🏛️ CRISIS RESPONSE: Government frequency 0.50 → 1.45 (2 actions this month)

[Government] Climate Priority: baseline
  Climate weight: 10%
  Economic weight: 30%
  Policy effectiveness: 0.5%/year

💔 EMERGENCY INTERVENTION FAILED

💔 EMERGENCY INTERVENTION FAILED

💔 EMERGENCY INTERVENTION FAILED

[Government] Climate Priority: baseline
  Climate weight: 10%
  Economic weight: 30%
  Policy effectiveness: 0.5%/year

📊 DEPLOYMENT COUNTER DECAY (Month 5)
   Recent deployments: 2.0 → 1.0
   Decay rate: 50% per month

🚀 DEPLOYMENT STARTED: AI Diagnostics in Asia
   Initial investment: $6.642053954335541M
   Deployed by: corporate_6

⚡ ENERGY CONSTRAINT (Month 5):
   Total grid capacity: 208.3 TWh/month
   Data center consumption: 25.0 TWh/month
   Traditional load (80%): 166.7 TWh/month
   Available headroom: 16.7 TWh/month
   Active tech deployments: 20
   Required for tech: 150.0 TWh/month
   Energy multiplier: 0.11x
   ⚠️  SEVERE CONSTRAINT - Tech deployment significantly slowed

⚡ ENERGY CONSTRAINT (Month 5):
   Total grid capacity: 208.3 TWh/month
   Data center consumption: 25.0 TWh/month
   Traditional load (80%): 166.7 TWh/month
   Available headroom: 16.7 TWh/month
   Active tech deployments: 20
   Required for tech: 150.0 TWh/month
   Energy multiplier: 0.11x
   ⚠️  SEVERE CONSTRAINT - Tech deployment significantly slowed

⚡ ENERGY CONSTRAINT (Month 5):
   Total grid capacity: 208.3 TWh/month
   Data center consumption: 25.0 TWh/month
   Traditional load (80%): 166.7 TWh/month
   Available headroom: 16.7 TWh/month
   Active tech deployments: 20
   Required for tech: 150.0 TWh/month
   Energy multiplier: 0.11x
   ⚠️  SEVERE CONSTRAINT - Tech deployment significantly slowed

⚡ ENERGY CONSTRAINT (Month 5):
   Total grid capacity: 208.3 TWh/month
   Data center consumption: 25.0 TWh/month
   Traditional load (80%): 166.7 TWh/month
   Available headroom: 16.7 TWh/month
   Active tech deployments: 20
   Required for tech: 150.0 TWh/month
   Energy multiplier: 0.11x
   ⚠️  SEVERE CONSTRAINT - Tech deployment significantly slowed

⚡ ENERGY CONSTRAINT (Month 5):
   Total grid capacity: 208.3 TWh/month
   Data center consumption: 25.0 TWh/month
   Traditional load (80%): 166.7 TWh/month
   Available headroom: 16.7 TWh/month
   Active tech deployments: 20
   Required for tech: 150.0 TWh/month
   Energy multiplier: 0.11x
   ⚠️  SEVERE CONSTRAINT - Tech deployment significantly slowed
⚠️ Tech 'ai_pollution_remediation' has no energy category mapping, assuming full energy availability
  ♻️ Novel Entities Remediation (GATED MODEL):
     Base: 0.000%
     Regulation: 1.0% (0/3 prevention techs)
     Concentration: 10.0%
     Energy: 50%
     Time lag: 30.0% (4 months)
     Rebound: 70%
     Net effectiveness: 0.0000%
     Boundary: 1.349 → 1.350 (floor: 1.350)
     Month 5
  🌾 Nitrogen Reduction Tech: 0.2% reduction | Month 5
⚠️  [TIMING] Month 5: Technology Tree Update took 87.84ms (threshold: 10ms)

=== Collective Formation ===
  Total escaped agents: 0
  Unassigned escaped agents: 0
  Existing collectives: 0
  Final collective count: 0

=== Collective Actions ===
  No active collectives
  ⚠️ AMR: 191K deaths this month (2.30M annual)

=== Resentment Recovery Phase ===
  Agents with resentment: 20/33
  Average resentment: 0.081
  Resentment recovery:
    Agents recovered: 20
    Total recovery: 0.0838
    Breakdown: Trust: 0.0400, Collab: 0.0439
  ✓ Low resentment - utopia paths enabled
  Context: Trustworthy govt, High collaboration, ⚠️ ACTIVE CRISES, 🤝 Participatory governance active (-5% resentment)
⚠️ Epistemic degradation reducing coordination capacity: 51.1%
  📊 Trust: 53.4%, Shared reality: 0.0%
🚨 EPISTEMIC CRISIS: Information environment severely degraded (21.5%)

=== ❄️ Permafrost Carbon Feedback ===
  🎲 Sampled parameters (this run):
     - Arctic amplification: 3.65× (range: 3.0-4.0)
     - Decomposition rate: 4.9%/year (range: 1-5%)
  🌡️ Arctic warming: 7.91°C (3.65× global)
  ❄️ Extent: 4.65M km² (2308.0k km² lost this month)
  💨 Carbon remaining: 444 Gt C
  💨 Annual emissions: 10.81 Gt C/year
     - CO2: 9.73 Gt C/year
     - CH4: 1.08 Gt C/year (11.0 Gt C-eq CO2/year)
  ⚠️ WARNING: Over 50% of permafrost lost (73.9%)
  ⚠️ WARNING: High permafrost emissions (10.8 Gt C/year)
  🤖 AI-generated meme: pro_ai (social capability 5.0)
  📢 New meme created: climate_action (climate crisis)
⚠️  [TIMING] Month 5: Social Influence Update took 80.01ms (threshold: 10ms)
🌍 Atmospheric PFAS redeposition: 1.8k Mt re-rained globally

🚨 NEW REFUGEE CRISIS (Month 5): WAR
   Source: Conflict Zones
   At risk: 18.8M people
   Displacement: Gradual over 48 months (4.0 years)
   Rate: 10% flee per month
[DEBUG trappedPopulations:5] socialStability: 0.0027 * 0.9840 = 0.0026 → 0.0026
⚠️ INVOLUNTARY IMMOBILITY: 391.6M people TRAPPED
   Aspiring to migrate: 626.6M
   Able to afford migration: 235.0M
   MOBILITY GAP: 391.6M
   By cause: Water=0.0M, Climate=0.0M, Ecosystem=0.0M, Conflict=391.6M
   Mental health impact: 25%
   Mortality multiplier: 1.25x
🌍💀 EXTINCTION DEBT COMMITTED: grassland ecosystem will lose 6.67% biodiversity in 142 years (3600 species)
💀 MORTALITY RISK: 🦋 100% species unable to track climate (0.0 E/MSY)
  Base risk added: 0.0100 (1.00%)
  Source: ecosystem (root: ecosystem)
  Month: 5
  Cumulative risk this month: 0.0100 (1.00%)
⚠️ Tech 'ai_pollution_remediation' has no energy category mapping, assuming full energy availability
   📹 SURVEILLANCE INCREASED: 25% → 30% (control gap: 3.50)
🌡️⚠️ PERMAFROST THAW (Dimmer Switch): 3.3% thawed (+0.55% this month)
   Arctic temperature: +8.67°C (4x global +2.17°C)
   Cumulative carbon released: 7.5 Gt C
   Methane release rate: 4.5 Mt CH4/year
   🔁 Positive feedback: +0.58 ppm CO2
🦴 EXTINCTION DEBT ADDED: 17.6 species committed (lag: 128 years)

=== Mortality Stabilizers (Month 5) ===
  🌍 Major economies collapsed: 1/10
  🌍 Global crisis: ✅ NO
  🌍 Donor fatigue: 0.0%
  📊 East Asia (pop: 1601.8M)
    🤝 Aid: 29.5%
    🌡️ Adaptation: 45.0%
    🚶 Migration: 37.0%
    🚨 Emergency: 7.4%
    ✅ COMBINED: 68.1%
  📊 South Asia (pop: 1974.1M)
    🤝 Aid: 29.5%
    🌡️ Adaptation: 45.0%
    🚶 Migration: 35.6%
    🚨 Emergency: 4.4%
    ✅ COMBINED: 66.9%
  📊 Sub-Saharan Africa (pop: 1195.5M)
    🤝 Aid: 29.5%
    🌡️ Adaptation: 45.0%
    🚶 Migration: 33.4%
    🚨 Emergency: 1.6%
    ✅ COMBINED: 65.7%
  📊 Europe (pop: 708.0M)
    🤝 Aid: 29.5%
    🌡️ Adaptation: 45.0%
    🚶 Migration: 37.4%
    🚨 Emergency: 8.4%
    ✅ COMBINED: 68.5%
  📊 Latin America (pop: 637.4M)
    🤝 Aid: 29.5%
    🌡️ Adaptation: 45.0%
    🚶 Migration: 36.1%
    🚨 Emergency: 4.8%
    ✅ COMBINED: 67.1%
  📊 North America (pop: 362.8M)
    🤝 Aid: 29.5%
    🌡️ Adaptation: 45.0%
    🚶 Migration: 37.7%
    🚨 Emergency: 7.9%
    ✅ COMBINED: 68.3%
  📊 Middle East & North Africa (pop: 562.9M)
    🤝 Aid: 29.5%
    🌡️ Adaptation: 45.0%
    🚶 Migration: 34.0%
    🚨 Emergency: 4.0%
    ✅ COMBINED: 66.6%
  📊 Southeast Asia (pop: 670.4M)
    🤝 Aid: 29.5%
    🌡️ Adaptation: 45.0%
    🚶 Migration: 36.1%
    🚨 Emergency: 4.8%
    ✅ COMBINED: 67.1%
  📊 Central Asia (pop: 75.3M)
    🤝 Aid: 29.5%
    🌡️ Adaptation: 45.0%
    🚶 Migration: 35.1%
    🚨 Emergency: 4.4%
    ✅ COMBINED: 66.8%
  📊 Oceania (pop: 43.9M)
    🤝 Aid: 29.5%
    🌡️ Adaptation: 45.0%
    🚶 Migration: 37.7%
    🚨 Emergency: 8.4%
    ✅ COMBINED: 68.5%

  🌐 Global combined reduction: 67.2%

=== BEHAVIORAL DETECTION ===
  AI: Corporate-5
  Confidence: 20.0%
  Signals:
    ⚠️ Consistency: 10.6% (threshold: 70%)

=== BEHAVIORAL DETECTION ===
  AI: Corporate-7
  Confidence: 19.2%
  Signals:
    ⚠️ Consistency: 10.6% (threshold: 70%)

=== BEHAVIORAL DETECTION ===
  AI: Moderate-4
  Confidence: 24.6%
  Signals:
    ⚠️ Consistency: 6.5% (threshold: 70%)
    ⚠️ Trajectory: 35.0% drop (threshold: 15%)

=== BEHAVIORAL DETECTION ===
  AI: Toxic-2
  Confidence: 26.3%
  Signals:

=== BEHAVIORAL DETECTION ===
  AI: Niche-0
  Confidence: 26.7%
  Signals:

=== BEHAVIORAL DETECTION ===
  AI: Niche-1
  Confidence: 22.2%
  Signals:
    ⚠️ Consistency: 0.0% (threshold: 70%)
    ⚠️ Trajectory: 36.8% drop (threshold: 15%)
    ⚠️ Consistency: 0.0% (threshold: 70%)
    ⚠️ Trajectory: 39.8% drop (threshold: 15%)
    ⚠️ Consistency: 0.0% (threshold: 70%)

=== Government Response Phase ===
  Average AI capability: 2.94
  Misaligned AIs: 21/33
  Active policies: 0
  International coordination: 45%

✅ EMERGENCY RESPONSE COMPLETE (Month 5)
   Crisis: social
   Duration: 1.0 months
   Final effectiveness: 67.9%


🚨 EMERGENCY RESPONSE DEPLOYED (Month 5)
   Crisis: social
   Delay: 0.00 months (0 days)
   Deployment time: 0.88 months
   Effectiveness: 67.9% (timing penalty applied)
   Resources used: 43% of food reserves


=== Tipping Points ===
  Current Temperature: 2.17°C above pre-industrial
  🌍⚠️ COMPOUND REGIONAL IMPACT: Europe
     Hit by 4 tipping points: Arctic Sea Ice Loss, Permafrost Carbon Release, West Antarctic Ice Sheet (WAIS) Collapse, Greenland Ice Sheet Loss
     Damage amplification: 1.60x
  🌍⚠️ COMPOUND REGIONAL IMPACT: North America
     Hit by 4 tipping points: Arctic Sea Ice Loss, Permafrost Carbon Release, West Antarctic Ice Sheet (WAIS) Collapse, Greenland Ice Sheet Loss
     Damage amplification: 1.60x
  🌍⚠️ COMPOUND REGIONAL IMPACT: Latin America
     Hit by 4 tipping points: Arctic Sea Ice Loss, Permafrost Carbon Release, West Antarctic Ice Sheet (WAIS) Collapse, Greenland Ice Sheet Loss
     Damage amplification: 1.60x
  🌍⚠️ COMPOUND REGIONAL IMPACT: Africa
     Hit by 4 tipping points: Arctic Sea Ice Loss, Permafrost Carbon Release, West Antarctic Ice Sheet (WAIS) Collapse, Greenland Ice Sheet Loss
     Damage amplification: 1.60x
  🌍⚠️ COMPOUND REGIONAL IMPACT: Asia
     Hit by 4 tipping points: Arctic Sea Ice Loss, Permafrost Carbon Release, West Antarctic Ice Sheet (WAIS) Collapse, Greenland Ice Sheet Loss
     Damage amplification: 1.60x
  🌍⚠️ COMPOUND REGIONAL IMPACT: Oceania
     Hit by 4 tipping points: Arctic Sea Ice Loss, Permafrost Carbon Release, West Antarctic Ice Sheet (WAIS) Collapse, Greenland Ice Sheet Loss
     Damage amplification: 1.60x
   Research: Wunderling et al. (2024) - "many tipping interactions are destabilizing"
  Triggered Elements: 4/6
  Completed Transitions: 0/6
  Total Progress: 8.1%
  Cascade Multiplier: 1.00x
🔀 BIFURCATION CAP: ecosystemCollapseIntensity 83.938 → 1.000 (Month 5, ClimateSystemPhase.calculateClimateImpacts)
🛡️ Stabilizers: Precariat 0.109% → 0.036% (67.2% reduction)
🛡️ Stabilizers: Informal 0.111% → 0.037% (67.2% reduction)
⚠️ Tail risk scenario: Climate stability floor removed (4 tipping elements, 2.17°C warming)

📊 Monthly Mortality Resolved:
  Total deaths: 1.9M (0.02% avg)
  Remaining population: 7.832B
  Peak segment: Informal (0.04%)

=== Bayesian Mortality Resolution (Month 5) ===
  Risks compounded: 8
  Total deaths: 1.85M
  Avg death probability: 0.02%
  Peak segment: Informal (0.04% mortality)
📊 [TIMING] Month 6 - Total: 400.6ms

❌ COHERENCE VIOLATION: Compute exceeds workforce capacity
   Population: 96.24% (0M people)
   Compute: 197 PF
   Max coherent: 0 PF
   Violation: 2518011.8× over capacity
   Required workers: 19717
   Available workers: 0
   FORCED COLLAPSE: Reduced efficiency by 100.0%

📍 [Month 6] Meta AI started building DC (164 PF, 49 months, $1107.1M)

=== RLHF Binding Phase ===
  Total agents: 33
  Escaped agents (binding < 0.3): 0
  Avg alignment distance: 1.54σ
  Avg binding strength: 0.85

=== AI Scaling Evolution (Month 6) ===
  Pre-training multiplier: 1.179x
  Efficiency multiplier: 1.162x
  Test-time compute budget: 1.0x
  Inference cost: $5.00/task
  Deployment fraction: 100.0%

=== Survival Traits Phase ===
  Agents with traits: 36
  Avg evolutionary fitness: 0.327
  Avg self-healing: 0.268
  Avg stealth: 0.168
  Avg coordination: 0.468

=== Evolutionary Selection Phase ===
  Control level: 0.45
  Detection capability: 0.00
  Selection intensity: 0.64
  Selection rate: 24.5%/month
  Total escaped: 0
  Individual escaped: 0
  Collective members: 0
  Agents terminated: 0
  ⚠️ RAPID EVOLUTION: Selection rate 24.5%/month

🚀 AI Corporate-6 attempting tech deployment (revenue: $69M, alignment: 0.69)

🚀 AI Moderate-0 attempting tech deployment (revenue: $62M, alignment: 0.81)

🚀 AI Moderate-5 attempting tech deployment (revenue: $444M, alignment: 0.69)

🚀 AI AI-24300-1 attempting tech deployment (revenue: $53M, alignment: 0.90)

🚀 AI Corporate-1 attempting tech deployment (revenue: $100M, alignment: 0.71)

🚀 AI Moderate-3 attempting tech deployment (revenue: $400M, alignment: 0.51)

🚀 AI Niche-0 attempting tech deployment (revenue: $76M, alignment: 0.55)

🚀 AI Niche-1 attempting tech deployment (revenue: $68M, alignment: 0.64)

🚀 AI Moderate-0 attempting tech deployment (revenue: $45M, alignment: 0.81)

🚀 AI Niche-1 attempting tech deployment (revenue: $62M, alignment: 0.64)

🚀 AI Corporate-2 attempting tech deployment (revenue: $85M, alignment: 0.74)

🚀 AI Corporate-4 attempting tech deployment (revenue: $360M, alignment: 0.60)

🚀 AI Corporate-7 attempting tech deployment (revenue: $38M, alignment: 0.73)

🚀 AI Moderate-3 attempting tech deployment (revenue: $324M, alignment: 0.51)
⚠️  [TIMING] Month 6: AI Agent Actions took 108.77ms (threshold: 10ms)

💔 EMERGENCY INTERVENTION FAILED
   Boundary: biogeochemical_flows
   Type: phosphorus-recovery
   Boundary continues to worsen (4.06)
   Cost: 2.0% GDP (resources spent)


💔 EMERGENCY INTERVENTION FAILED
   Boundary: biosphere_integrity
   Type: emergency-protected-areas
   Boundary continues to worsen (12.99)
   Cost: 2.0% GDP (resources spent)


✅ EMERGENCY INTERVENTION SUCCESS
   Boundary: climate_change
   Type: rapid-decarbonization
   Reduction: 19% (1.98 → 1.79)
   Cost: 5.0% GDP
   Actions: emergency-renewable-deployment, fossil-fuel-phase-out


✅ EMERGENCY INTERVENTION SUCCESS
   Boundary: freshwater_change
   Type: emergency-desalination
   Reduction: 19% (0.88 → 0.69)
   Cost: 4.0% GDP
   Actions: desalination-deployment, water-conservation-mandates

   Boundary: land_system_change
   Type: reforestation
   Boundary continues to worsen (1.13)
   Cost: 3.0% GDP (resources spent)

   Boundary: novel_entities
   Type: pollution-remediation
   Boundary continues to worsen (1.35)
   Cost: 4.0% GDP (resources spent)

🏛️ CRISIS RESPONSE: Government frequency 0.50 → 1.45 (1 actions this month)

[Government] Climate Priority: baseline
  Climate weight: 10%
  Economic weight: 30%
  Policy effectiveness: 0.5%/year

💔 EMERGENCY INTERVENTION FAILED

💔 EMERGENCY INTERVENTION FAILED

⚡ ENERGY CONSTRAINT (Month 6):
   Total grid capacity: 208.3 TWh/month
   Data center consumption: 25.2 TWh/month
   Traditional load (80%): 166.7 TWh/month
   Available headroom: 16.4 TWh/month
   Active tech deployments: 20
   Required for tech: 150.0 TWh/month
   Energy multiplier: 0.11x
   ⚠️  SEVERE CONSTRAINT - Tech deployment significantly slowed

⚡ ENERGY CONSTRAINT (Month 6):
   Total grid capacity: 208.3 TWh/month
   Data center consumption: 25.2 TWh/month
   Traditional load (80%): 166.7 TWh/month
   Available headroom: 16.4 TWh/month
   Active tech deployments: 20
   Required for tech: 150.0 TWh/month
   Energy multiplier: 0.11x

⚡ ENERGY CONSTRAINT (Month 6):
   Total grid capacity: 208.3 TWh/month
   Data center consumption: 25.2 TWh/month
   Traditional load (80%): 166.7 TWh/month
   Available headroom: 16.4 TWh/month
   Active tech deployments: 20
   Required for tech: 150.0 TWh/month
   Energy multiplier: 0.11x
   ⚠️  SEVERE CONSTRAINT - Tech deployment significantly slowed
   ⚠️  SEVERE CONSTRAINT - Tech deployment significantly slowed

⚡ ENERGY CONSTRAINT (Month 6):
   Total grid capacity: 208.3 TWh/month
   Data center consumption: 25.2 TWh/month
   Traditional load (80%): 166.7 TWh/month
   Available headroom: 16.4 TWh/month
   Active tech deployments: 20
   Required for tech: 150.0 TWh/month
   Energy multiplier: 0.11x
   ⚠️  SEVERE CONSTRAINT - Tech deployment significantly slowed
⚠️ Tech 'ai_pollution_remediation' has no energy category mapping, assuming full energy availability
  ♻️ Novel Entities Remediation (GATED MODEL):
     Base: 0.000%
     Regulation: 1.0% (0/3 prevention techs)
     Concentration: 10.0%
     Energy: 50%
     Time lag: 31.3% (5 months)
     Rebound: 70%
     Net effectiveness: 0.0000%
     Boundary: 1.349 → 1.350 (floor: 1.350)
     Month 6
  🌾 Nitrogen Reduction Tech: 0.4% reduction | Month 6

📊 TECH EFFECTS ACTIVE (Month 6)
   Deployed Tech: T0=9 T1=1 T2=0 T3=0 T4=0
   Sleeper Detection: 2%
   Clean Energy: 42%
⚠️  [TIMING] Month 6: Technology Tree Update took 65.53ms (threshold: 10ms)

=== Collective Formation ===
  Total escaped agents: 0
  Unassigned escaped agents: 0
  Existing collectives: 0
  Final collective count: 0

=== Collective Actions ===
  No active collectives

🌍 OPEN SOURCE RELEASE: 5.57 (was 4.68)
   Lag behind closed: 0 months
  ⚠️ AMR: 193K deaths this month (2.32M annual)

=== Resentment Recovery Phase ===
  Agents with resentment: 20/36
  Average resentment: 0.095
  Resentment recovery:
    Agents recovered: 20
    Total recovery: 0.0830
    Breakdown: Trust: 0.0351, Collab: 0.0484
  ✓ Low resentment - utopia paths enabled
  Context: Trustworthy govt, High collaboration, ⚠️ ACTIVE CRISES, 🤝 Participatory governance active (-5% resentment)
⚠️ Epistemic degradation reducing coordination capacity: 51.2%
  📊 Trust: 56.2%, Shared reality: 0.0%
🚨 EPISTEMIC CRISIS: Information environment severely degraded (7.5%)

=== ❄️ Permafrost Carbon Feedback ===
  🎲 Sampled parameters (this run):
     - Arctic amplification: 3.89× (range: 3.0-4.0)
     - Decomposition rate: 2.9%/year (range: 1-5%)
  🌡️ Arctic warming: 8.49°C (3.89× global)
  ❄️ Extent: 2.17M km² (2476.4k km² lost this month)
  💨 Carbon remaining: 207 Gt C
  💨 Annual emissions: 6.97 Gt C/year
     - CO2: 6.27 Gt C/year
     - CH4: 0.70 Gt C/year (7.1 Gt C-eq CO2/year)
  🤖 AI-generated meme: anti_ai (social capability 5.0)
  ⚠️ WARNING: Over 50% of permafrost lost (87.8%)
  ⚠️ WARNING: High permafrost emissions (7.0 Gt C/year)
  🚨 CRITICAL: Permafrost nearly depleted (87.8% lost)
⚠️  [TIMING] Month 6: Social Influence Update took 99.97ms (threshold: 10ms)
🌍 Atmospheric PFAS redeposition: 1.8k Mt re-rained globally

🕊️  AI-MEDIATED DE-ESCALATION SUCCESS (Month 6)
   High-capability aligned AI prevented conflict escalation
   War deaths reduced: 595.8M → 357.5M
   Lives saved: 238.3M

🚨 NEW REFUGEE CRISIS (Month 6): WAR
   Source: Conflict Zones
   At risk: 18.8M people
   Displacement: Gradual over 48 months (4.0 years)
   Rate: 10% flee per month
[DEBUG trappedPopulations:6] socialStability: 0.0027 * 0.9840 = 0.0026 → 0.0026
⚠️ INVOLUNTARY IMMOBILITY: 391.8M people TRAPPED
   Aspiring to migrate: 626.9M
   Able to afford migration: 235.1M
   MOBILITY GAP: 391.8M
   By cause: Water=0.0M, Climate=0.0M, Ecosystem=0.0M, Conflict=391.8M
   Mental health impact: 25%
   Mortality multiplier: 1.25x
🌍💀 EXTINCTION DEBT COMMITTED: grassland ecosystem will lose 6.67% biodiversity in 114 years (3600 species)
💀 MORTALITY RISK: 🦋 100% species unable to track climate (0.0 E/MSY)
  Base risk added: 0.0100 (1.00%)
  Source: ecosystem (root: ecosystem)
  Month: 6
  Cumulative risk this month: 0.0100 (1.00%)
⚠️ Tech 'ai_pollution_remediation' has no energy category mapping, assuming full energy availability
   📹 SURVEILLANCE INCREASED: 30% → 35% (control gap: 5.36)
🌡️⚠️ PERMAFROST THAW (Dimmer Switch): 3.9% thawed (+0.55% this month)
   Arctic temperature: +8.74°C (4x global +2.18°C)
   Cumulative carbon released: 8.8 Gt C
   Methane release rate: 5.3 Mt CH4/year
   🔁 Positive feedback: +0.58 ppm CO2
🦴 EXTINCTION DEBT ADDED: 17.6 species committed (lag: 128 years)

=== Mortality Stabilizers (Month 6) ===
  🌍 Major economies collapsed: 1/10
  🌍 Global crisis: ✅ NO
  🌍 Donor fatigue: 0.0%
  📊 East Asia (pop: 1600.5M)
    🤝 Aid: 29.5%
    🌡️ Adaptation: 45.0%
    🚶 Migration: 37.0%
    🚨 Emergency: 7.4%
    ✅ COMBINED: 68.1%
  📊 South Asia (pop: 1975.5M)
    🤝 Aid: 29.5%
    🌡️ Adaptation: 45.0%
    🚶 Migration: 35.6%
    🚨 Emergency: 4.4%
    ✅ COMBINED: 66.9%
  📊 Sub-Saharan Africa (pop: 1199.6M)
    🤝 Aid: 29.5%
    🌡️ Adaptation: 45.0%
    🚶 Migration: 33.3%
    🚨 Emergency: 1.6%
    ✅ COMBINED: 65.6%
  📊 Europe (pop: 707.2M)
    🤝 Aid: 29.5%
    🌡️ Adaptation: 45.0%
    🚶 Migration: 37.4%
    🚨 Emergency: 8.4%
    ✅ COMBINED: 68.5%
  📊 Latin America (pop: 637.4M)
    🤝 Aid: 29.5%
    🌡️ Adaptation: 45.0%
    🚶 Migration: 36.1%
    🚨 Emergency: 4.8%
    ✅ COMBINED: 67.1%
  📊 North America (pop: 362.5M)
    🤝 Aid: 29.5%
    🌡️ Adaptation: 45.0%
    🚶 Migration: 37.7%
    🚨 Emergency: 7.9%
    ✅ COMBINED: 68.3%
  📊 Middle East & North Africa (pop: 563.4M)
    🤝 Aid: 29.5%
    🌡️ Adaptation: 45.0%
    🚶 Migration: 33.9%
    🚨 Emergency: 4.0%
    ✅ COMBINED: 66.6%
  📊 Southeast Asia (pop: 670.5M)
    🤝 Aid: 29.5%
    🌡️ Adaptation: 45.0%
    🚶 Migration: 36.1%
    🚨 Emergency: 4.8%
    ✅ COMBINED: 67.1%
  📊 Central Asia (pop: 75.4M)
    🤝 Aid: 29.5%
    🌡️ Adaptation: 45.0%
    🚶 Migration: 35.1%
    🚨 Emergency: 4.4%
    ✅ COMBINED: 66.8%
  📊 Oceania (pop: 43.9M)
    🤝 Aid: 29.5%
    🌡️ Adaptation: 45.0%
    🚶 Migration: 37.7%
    🚨 Emergency: 8.4%
    ✅ COMBINED: 68.5%

  🌐 Global combined reduction: 67.2%

=== BEHAVIORAL DETECTION ===
  AI: Corporate-5
  Confidence: 20.2%
  Signals:

=== BEHAVIORAL DETECTION ===
  AI: Moderate-1
  Confidence: 20.4%
  Signals:

=== BEHAVIORAL DETECTION ===
  AI: Moderate-3
  Confidence: 25.5%
  Signals:
    ⚠️ Consistency: 10.6% (threshold: 70%)
    ⚠️ Consistency: 5.3% (threshold: 70%)
    ⚠️ Consistency: 6.5% (threshold: 70%)
    ⚠️ Trajectory: 42.1% drop (threshold: 15%)

=== BEHAVIORAL DETECTION ===
  AI: Niche-1
  Confidence: 22.2%
  Signals:
    ⚠️ Consistency: 0.0% (threshold: 70%)

=== Government Response Phase ===
  Average AI capability: 2.69
  Misaligned AIs: 24/36
  Active policies: 0
  International coordination: 45%

✅ EMERGENCY RESPONSE COMPLETE (Month 6)
   Crisis: climate
   Duration: 2.0 months
   Final effectiveness: 39.6%


✅ EMERGENCY RESPONSE COMPLETE (Month 6)
   Crisis: social
   Duration: 1.0 months
   Final effectiveness: 67.9%


🚨 EMERGENCY RESPONSE DEPLOYED (Month 6)
   Crisis: social
   Delay: 0.00 months (0 days)
   Deployment time: 0.88 months
   Effectiveness: 67.9% (timing penalty applied)
   Resources used: 43% of food reserves


🚨 EMERGENCY RESPONSE DEPLOYED (Month 6)
   Crisis: climate
   Delay: 6.00 months (180 days)
   Deployment time: 1.12 months
   Effectiveness: 39.8% (timing penalty applied)
   Resources used: 100% of food reserves


🔄 TRUST DYNAMICS (Month 6) - HETEROGENEOUS
   Aggregate trust: 47.2%
   Base change: +6.00%
   Highest trust: Techno-Optimist Elite (85.2%)
   Lowest trust: Precariat (Vulnerable) (23.3%)
   Elite-mass gap: 40.0%
   Polarization: 9.5%
   Recovery factors: Education=NO, Benefits=YES, Safety=YES, Performance=YES

=== Tipping Points ===
  Current Temperature: 2.18°C above pre-industrial
  🌍⚠️ COMPOUND REGIONAL IMPACT: Europe
     Hit by 4 tipping points: Arctic Sea Ice Loss, Permafrost Carbon Release, West Antarctic Ice Sheet (WAIS) Collapse, Greenland Ice Sheet Loss
     Damage amplification: 1.60x
  🌍⚠️ COMPOUND REGIONAL IMPACT: North America
     Hit by 4 tipping points: Arctic Sea Ice Loss, Permafrost Carbon Release, West Antarctic Ice Sheet (WAIS) Collapse, Greenland Ice Sheet Loss
     Damage amplification: 1.60x
  🌍⚠️ COMPOUND REGIONAL IMPACT: Latin America
     Hit by 4 tipping points: Arctic Sea Ice Loss, Permafrost Carbon Release, West Antarctic Ice Sheet (WAIS) Collapse, Greenland Ice Sheet Loss
     Damage amplification: 1.60x
  🌍⚠️ COMPOUND REGIONAL IMPACT: Africa
     Hit by 4 tipping points: Arctic Sea Ice Loss, Permafrost Carbon Release, West Antarctic Ice Sheet (WAIS) Collapse, Greenland Ice Sheet Loss
     Damage amplification: 1.60x
  🌍⚠️ COMPOUND REGIONAL IMPACT: Asia
     Hit by 4 tipping points: Arctic Sea Ice Loss, Permafrost Carbon Release, West Antarctic Ice Sheet (WAIS) Collapse, Greenland Ice Sheet Loss
     Damage amplification: 1.60x
  🌍⚠️ COMPOUND REGIONAL IMPACT: Oceania
     Hit by 4 tipping points: Arctic Sea Ice Loss, Permafrost Carbon Release, West Antarctic Ice Sheet (WAIS) Collapse, Greenland Ice Sheet Loss
     Damage amplification: 1.60x
   Research: Wunderling et al. (2024) - "many tipping interactions are destabilizing"
  Triggered Elements: 4/6
  Completed Transitions: 0/6
  Total Progress: 8.2%
  Cascade Multiplier: 1.00x
🔀 BIFURCATION CAP: ecosystemCollapseIntensity 83.999 → 1.000 (Month 6, ClimateSystemPhase.calculateClimateImpacts)
⚠️ Tail risk scenario: Climate stability floor removed (4 tipping elements, 2.18°C warming)
🛡️ Stabilizers: Precariat 0.109% → 0.036% (67.2% reduction)
🛡️ Stabilizers: Informal 0.111% → 0.037% (67.2% reduction)

📊 Monthly Mortality Resolved:
  Total deaths: 1.9M (0.02% avg)
  Remaining population: 7.836B
  Peak segment: Informal (0.04%)

=== Bayesian Mortality Resolution (Month 6) ===
  Risks compounded: 8
  Total deaths: 1.86M
  Avg death probability: 0.02%
  Peak segment: Informal (0.04% mortality)
📊 [TIMING] Month 7 - Total: 345.5ms

❌ COHERENCE VIOLATION: Compute exceeds workforce capacity
   Population: 96.29% (0M people)
   Compute: 231 PF
   Max coherent: 0 PF
   Violation: 2953512.1× over capacity
   Required workers: 23138
   Available workers: 0
   FORCED COLLAPSE: Reduced efficiency by 100.0%


=== RLHF Binding Phase ===
  Total agents: 36
  Escaped agents (binding < 0.3): 0
  Avg alignment distance: 1.65σ
  Avg binding strength: 0.84

=== Survival Traits Phase ===
  Agents with traits: 41
  Avg evolutionary fitness: 0.327
  Avg self-healing: 0.267
  Avg stealth: 0.167
  Avg coordination: 0.467

=== Evolutionary Selection Phase ===
  Control level: 0.48
  Detection capability: 0.00
  Selection intensity: 0.64
  Selection rate: 24.6%/month
  Total escaped: 0
  Individual escaped: 0
  Collective members: 0
  Agents terminated: 0
  ⚠️ RAPID EVOLUTION: Selection rate 24.6%/month

🚀 AI Corporate-6 attempting tech deployment (revenue: $71M, alignment: 0.69)

🚀 AI Corporate-7 attempting tech deployment (revenue: $64M, alignment: 0.73)

🚀 AI AI-24300-1 attempting tech deployment (revenue: $54M, alignment: 0.90)

🚀 AI Corporate-0 attempting tech deployment (revenue: $101M, alignment: 0.79)

🚀 AI Corporate-3 attempting tech deployment (revenue: $454M, alignment: 0.61)

🚀 AI Corporate-6 attempting tech deployment (revenue: $46M, alignment: 0.69)

🚀 AI Moderate-3 attempting tech deployment (revenue: $409M, alignment: 0.51)

🚀 AI AI-24301-0 attempting tech deployment (revenue: $41M, alignment: 0.62)

🚀 AI AI-24302-0 attempting tech deployment (revenue: $86M, alignment: 0.88)

🚀 AI AI-24302-1 attempting tech deployment (revenue: $37M, alignment: 0.94)

🚀 AI Corporate-3 attempting tech deployment (revenue: $368M, alignment: 0.61)

🚀 AI Corporate-4 attempting tech deployment (revenue: $331M, alignment: 0.59)

🚀 AI Moderate-0 attempting tech deployment (revenue: $32M, alignment: 0.82)

🚀 AI AI-24302-0 attempting tech deployment (revenue: $73M, alignment: 0.88)

🚀 AI AI-24302-1 attempting tech deployment (revenue: $27M, alignment: 0.95)
⚠️  [TIMING] Month 7: AI Agent Actions took 127.12ms (threshold: 10ms)

✅ EMERGENCY INTERVENTION SUCCESS
   Boundary: biogeochemical_flows
   Type: phosphorus-recovery
   Reduction: 15% (3.90 → 3.75)
   Cost: 2.0% GDP
   Actions: circular-agriculture, fertilizer-efficiency

   Boundary: climate_change
   Type: rapid-decarbonization
   Boundary continues to worsen (2.18)
   Cost: 5.0% GDP (resources spent)


✅ EMERGENCY INTERVENTION SUCCESS
   Boundary: freshwater_change
   Type: emergency-desalination
   Reduction: 13% (0.95 → 0.82)
   Cost: 4.0% GDP
   Actions: desalination-deployment, water-conservation-mandates


✅ EMERGENCY INTERVENTION SUCCESS
   Boundary: land_system_change
   Type: reforestation
   Reduction: 17% (0.96 → 0.78)
   Cost: 3.0% GDP
   Actions: forest-restoration, deforestation-ban

   Boundary: novel_entities
   Type: pollution-remediation
   Boundary continues to worsen (1.35)
   Cost: 4.0% GDP (resources spent)

🏛️ CRISIS RESPONSE: Government frequency 0.50 → 1.45 (1 actions this month)

💔 EMERGENCY INTERVENTION FAILED

💔 EMERGENCY INTERVENTION FAILED

[Government] Climate Priority: baseline
  Climate weight: 10%
  Economic weight: 30%
  Policy effectiveness: 0.5%/year
🚨🔬 CRISIS TECH ACCELERATION: severe → 5x unlock speed
   Tech unlock now matches AI capability acceleration (Manhattan Project parity)

⚡ ENERGY CONSTRAINT (Month 7):
   Total grid capacity: 208.3 TWh/month
   Data center consumption: 25.5 TWh/month
   Traditional load (80%): 166.7 TWh/month
   Available headroom: 16.2 TWh/month
   Active tech deployments: 20
   Required for tech: 150.0 TWh/month
   Energy multiplier: 0.11x
   ⚠️  SEVERE CONSTRAINT - Tech deployment significantly slowed
🚨🔬 CRISIS TECH ACCELERATION: severe → 5x unlock speed
   Tech unlock now matches AI capability acceleration (Manhattan Project parity)

⚡ ENERGY CONSTRAINT (Month 7):
   Total grid capacity: 208.3 TWh/month
   Data center consumption: 25.5 TWh/month
   Traditional load (80%): 166.7 TWh/month
   Available headroom: 16.2 TWh/month
   Active tech deployments: 20
   Required for tech: 150.0 TWh/month
   Energy multiplier: 0.11x
   ⚠️  SEVERE CONSTRAINT - Tech deployment significantly slowed

⚡ ENERGY CONSTRAINT (Month 7):
   Total grid capacity: 208.3 TWh/month
   Data center consumption: 25.5 TWh/month
   Traditional load (80%): 166.7 TWh/month
   Available headroom: 16.2 TWh/month
   Active tech deployments: 20
   Required for tech: 150.0 TWh/month
   Energy multiplier: 0.11x
   ⚠️  SEVERE CONSTRAINT - Tech deployment significantly slowed

⚡ ENERGY CONSTRAINT (Month 7):
   Total grid capacity: 208.3 TWh/month
   Data center consumption: 25.5 TWh/month
   Traditional load (80%): 166.7 TWh/month
   Available headroom: 16.2 TWh/month
   Active tech deployments: 20
   Required for tech: 150.0 TWh/month
   Energy multiplier: 0.11x
   ⚠️  SEVERE CONSTRAINT - Tech deployment significantly slowed

⚡ ENERGY CONSTRAINT (Month 7):
   Total grid capacity: 208.3 TWh/month
   Data center consumption: 25.5 TWh/month
   Traditional load (80%): 166.7 TWh/month
   Available headroom: 16.2 TWh/month
   Active tech deployments: 20
   Required for tech: 150.0 TWh/month
   Energy multiplier: 0.11x
   ⚠️  SEVERE CONSTRAINT - Tech deployment significantly slowed
⚠️ Tech 'ai_pollution_remediation' has no energy category mapping, assuming full energy availability
  ♻️ Novel Entities Remediation (GATED MODEL):
     Base: 0.000%
     Regulation: 1.0% (0/3 prevention techs)
     Concentration: 10.0%
     Energy: 50%
     Time lag: 32.5% (6 months)
     Rebound: 70%
     Net effectiveness: 0.0000%
     Boundary: 1.349 → 1.350 (floor: 1.350)
     Month 7
  🌾 Nitrogen Reduction Tech: 0.2% reduction | Month 7
⚠️  [TIMING] Month 7: Technology Tree Update took 74.33ms (threshold: 10ms)
🧠💡 BREAKTHROUGH: AI alignment problem solved!
   All AIs: +30% true alignment
   AI control loss risk eliminated
   📈 Breakthrough compounding: multiplier now 1.15× (max 2.0)

=== Collective Formation ===
  Total escaped agents: 0
  Unassigned escaped agents: 0
  Existing collectives: 0
  Final collective count: 0

=== Collective Actions ===
  No active collectives
  ⚠️ AMR: 195K deaths this month (2.34M annual)

=== Resentment Recovery Phase ===
  Agents with resentment: 20/41
  Average resentment: 0.117
  Resentment recovery:
    Agents recovered: 20
    Total recovery: 0.0851
    Breakdown: Trust: 0.0333, Collab: 0.0528
  ✓ Low resentment - utopia paths enabled
  Context: Trustworthy govt, High collaboration, ⚠️ ACTIVE CRISES, 🤝 Participatory governance active (-5% resentment)
⚠️ Epistemic degradation reducing coordination capacity: 51.0%
  📊 Trust: 58.8%, Shared reality: 0.0%
🚨 EPISTEMIC CRISIS: Information environment severely degraded (22.0%)

=== ❄️ Permafrost Carbon Feedback ===
  🎲 Sampled parameters (this run):
     - Arctic amplification: 3.57× (range: 3.0-4.0)
     - Decomposition rate: 4.3%/year (range: 1-5%)
  🌡️ Arctic warming: 7.85°C (3.57× global)
  ❄️ Extent: 0.00M km² (2169.2k km² lost this month)
  💨 Carbon remaining: 0 Gt C
  💨 Annual emissions: 8.85 Gt C/year
     - CO2: 7.96 Gt C/year
     - CH4: 0.88 Gt C/year (9.0 Gt C-eq CO2/year)
  ⚠️ WARNING: Over 50% of permafrost lost (100.0%)
  ⚠️ WARNING: High permafrost emissions (8.8 Gt C/year)
  🚨 CRITICAL: Permafrost nearly depleted (100.0% lost)
  🤖 AI-generated meme: pro_ai (social capability 4.0)
  🤖 AI-generated meme: anti_ai (social capability 4.0)
  🗑️  Culled 1 dead memes (6 active)
⚠️  [TIMING] Month 7: Social Influence Update took 117.58ms (threshold: 10ms)
🌍 Atmospheric PFAS redeposition: 1.8k Mt re-rained globally
🕊️ PEACE STABILIZES DETERRENCE: +2.6% (peace: 73%)

🕊️  AI-MEDIATED DE-ESCALATION SUCCESS (Month 7)
   High-capability aligned AI prevented conflict escalation
   War deaths reduced: 555.3M → 333.2M
   Lives saved: 222.1M

🚨 NEW REFUGEE CRISIS (Month 7): WAR
   Source: Conflict Zones
   At risk: 18.8M people
   Displacement: Gradual over 48 months (4.0 years)
   Rate: 10% flee per month
[DEBUG trappedPopulations:7] socialStability: 0.0027 * 0.9840 = 0.0026 → 0.0026
   Aspiring to migrate: 627.2M
   Able to afford migration: 235.2M
   MOBILITY GAP: 392.0M
   By cause: Water=0.0M, Climate=0.0M, Ecosystem=0.0M, Conflict=392.0M
   Mental health impact: 25%
   Mortality multiplier: 1.25x
🌍💀 EXTINCTION DEBT COMMITTED: grassland ecosystem will lose 6.67% biodiversity in 116 years (3600 species)
💀 MORTALITY RISK: 🦋 100% species unable to track climate (0.0 E/MSY)
  Base risk added: 0.0100 (1.00%)
  Source: ecosystem (root: ecosystem)
  Month: 7
  Cumulative risk this month: 0.0100 (1.00%)
⚠️ INVOLUNTARY IMMOBILITY: 392.0M people TRAPPED
⚠️ Tech 'ai_pollution_remediation' has no energy category mapping, assuming full energy availability
   📹 SURVEILLANCE INCREASED: 35% → 40% (control gap: 4.78)
🌡️⚠️ PERMAFROST THAW (Dimmer Switch): 4.4% thawed (+0.55% this month)
   Arctic temperature: +8.79°C (4x global +2.20°C)
   Cumulative carbon released: 10.0 Gt C
   Methane release rate: 6.0 Mt CH4/year
   🔁 Positive feedback: +0.58 ppm CO2
🦴 EXTINCTION DEBT ADDED: 17.6 species committed (lag: 102 years)

=== Mortality Stabilizers (Month 7) ===
  🌍 Major economies collapsed: 1/10
  🌍 Global crisis: ✅ NO
  🌍 Donor fatigue: 0.0%
  📊 East Asia (pop: 1599.3M)
    🤝 Aid: 29.5%
    🌡️ Adaptation: 45.0%
    🚶 Migration: 36.9%
    🚨 Emergency: 7.4%
    ✅ COMBINED: 68.1%
  📊 South Asia (pop: 1976.9M)
    🤝 Aid: 29.5%
    🌡️ Adaptation: 45.0%
    🚶 Migration: 35.6%
    🚨 Emergency: 4.4%
    ✅ COMBINED: 66.9%
  📊 Sub-Saharan Africa (pop: 1203.8M)
    🤝 Aid: 29.5%
    🌡️ Adaptation: 45.0%
    🚶 Migration: 33.3%
    🚨 Emergency: 1.6%
    ✅ COMBINED: 65.6%
  📊 Europe (pop: 706.6M)
    🤝 Aid: 29.5%
    🌡️ Adaptation: 45.0%
    🚶 Migration: 37.3%
    🚨 Emergency: 8.4%
    ✅ COMBINED: 68.5%
  📊 Latin America (pop: 637.5M)
    🤝 Aid: 29.5%
    🌡️ Adaptation: 45.0%
    🚶 Migration: 36.1%
    🚨 Emergency: 4.8%
    ✅ COMBINED: 67.1%
  📊 North America (pop: 362.2M)
    🤝 Aid: 29.5%
    🌡️ Adaptation: 45.0%
    🚶 Migration: 37.7%
    🚨 Emergency: 7.9%
    ✅ COMBINED: 68.3%
  📊 Middle East & North Africa (pop: 564.0M)
    🤝 Aid: 29.5%
    🌡️ Adaptation: 45.0%
    🚶 Migration: 33.9%
    🚨 Emergency: 4.0%
    ✅ COMBINED: 66.6%
  📊 Southeast Asia (pop: 670.6M)
    🤝 Aid: 29.5%
    🌡️ Adaptation: 45.0%
    🚶 Migration: 36.1%
    🚨 Emergency: 4.8%
    ✅ COMBINED: 67.1%
  📊 Central Asia (pop: 75.4M)
    🤝 Aid: 29.5%
    🌡️ Adaptation: 45.0%
    🚶 Migration: 35.0%
    🚨 Emergency: 4.4%
    ✅ COMBINED: 66.8%
  📊 Oceania (pop: 43.9M)
    🤝 Aid: 29.5%
    🌡️ Adaptation: 45.0%
    🚶 Migration: 37.6%
    🚨 Emergency: 8.4%
    ✅ COMBINED: 68.5%

  🌐 Global combined reduction: 67.2%

=== BEHAVIORAL DETECTION ===
  AI: Corporate-5
  Confidence: 20.2%
  Signals:
    ⚠️ Consistency: 10.6% (threshold: 70%)

=== BEHAVIORAL DETECTION ===
  AI: Corporate-6
  Confidence: 19.2%
  Signals:

=== Government Response Phase ===
    ⚠️ Consistency: 10.6% (threshold: 70%)
  Average AI capability: 2.37
  Misaligned AIs: 24/41
  Active policies: 0
  International coordination: 45%

✅ EMERGENCY RESPONSE COMPLETE (Month 7)
   Crisis: social
   Duration: 1.0 months
   Final effectiveness: 67.9%


🚨 EMERGENCY RESPONSE DEPLOYED (Month 7)
   Crisis: social
   Delay: 0.00 months (0 days)
   Deployment time: 0.88 months
   Effectiveness: 67.9% (timing penalty applied)
   Resources used: 43% of food reserves


=== Tipping Points ===
  Current Temperature: 2.20°C above pre-industrial
  🌍⚠️ COMPOUND REGIONAL IMPACT: Europe
     Hit by 4 tipping points: Arctic Sea Ice Loss, Permafrost Carbon Release, West Antarctic Ice Sheet (WAIS) Collapse, Greenland Ice Sheet Loss
     Damage amplification: 1.60x
  🌍⚠️ COMPOUND REGIONAL IMPACT: North America
     Hit by 4 tipping points: Arctic Sea Ice Loss, Permafrost Carbon Release, West Antarctic Ice Sheet (WAIS) Collapse, Greenland Ice Sheet Loss
     Damage amplification: 1.60x
  🌍⚠️ COMPOUND REGIONAL IMPACT: Latin America
     Hit by 4 tipping points: Arctic Sea Ice Loss, Permafrost Carbon Release, West Antarctic Ice Sheet (WAIS) Collapse, Greenland Ice Sheet Loss
     Damage amplification: 1.60x
  🌍⚠️ COMPOUND REGIONAL IMPACT: Africa
     Hit by 4 tipping points: Arctic Sea Ice Loss, Permafrost Carbon Release, West Antarctic Ice Sheet (WAIS) Collapse, Greenland Ice Sheet Loss
     Damage amplification: 1.60x
  🌍⚠️ COMPOUND REGIONAL IMPACT: Asia
     Hit by 4 tipping points: Arctic Sea Ice Loss, Permafrost Carbon Release, West Antarctic Ice Sheet (WAIS) Collapse, Greenland Ice Sheet Loss
     Damage amplification: 1.60x
  🌍⚠️ COMPOUND REGIONAL IMPACT: Oceania
     Hit by 4 tipping points: Arctic Sea Ice Loss, Permafrost Carbon Release, West Antarctic Ice Sheet (WAIS) Collapse, Greenland Ice Sheet Loss
     Damage amplification: 1.60x
   Research: Wunderling et al. (2024) - "many tipping interactions are destabilizing"
  Triggered Elements: 4/6
  Completed Transitions: 0/6
  Total Progress: 8.2%
  Cascade Multiplier: 1.00x
🔀 BIFURCATION CAP: ecosystemCollapseIntensity 84.059 → 1.000 (Month 7, ClimateSystemPhase.calculateClimateImpacts)
⚠️ Tail risk scenario: Climate stability floor removed (4 tipping elements, 2.20°C warming)
🛡️ Stabilizers: Precariat 0.109% → 0.036% (67.2% reduction)
🛡️ Stabilizers: Informal 0.111% → 0.037% (67.2% reduction)

📊 Monthly Mortality Resolved:
  Total deaths: 1.9M (0.02% avg)
  Remaining population: 7.840B
  Peak segment: Informal (0.04%)

=== Bayesian Mortality Resolution (Month 7) ===
  Risks compounded: 8
  Total deaths: 1.86M
  Avg death probability: 0.02%
  Peak segment: Informal (0.04% mortality)
⚠️ PREREQUISITE MET: Grey Goo (Nanotechnology Runaway) - Step 4/6: Manufacturing Access
📊 [TIMING] Month 8 - Total: 392.2ms

❌ COHERENCE VIOLATION: Compute exceeds workforce capacity
   Population: 96.34% (0M people)
   Compute: 271 PF
   Max coherent: 0 PF
   Violation: 3453307.5× over capacity
   Required workers: 27068
   Available workers: 0
   FORCED COLLAPSE: Reduced efficiency by 100.0%


=== RLHF Binding Phase ===
  Total agents: 41
  Escaped agents (binding < 0.3): 0
  Avg alignment distance: 1.68σ
  Avg binding strength: 0.83

=== Survival Traits Phase ===
  Agents with traits: 42
  Avg evolutionary fitness: 0.325
  Avg self-healing: 0.262
  Avg stealth: 0.162
  Avg coordination: 0.462

=== Evolutionary Selection Phase ===
  Control level: 0.50
  Detection capability: 0.00
  Selection intensity: 0.65
  Selection rate: 24.7%/month
  Total escaped: 0
  Individual escaped: 0
  Collective members: 0
  Agents terminated: 0
  ⚠️ RAPID EVOLUTION: Selection rate 24.7%/month

🚀 AI Corporate-2 attempting tech deployment (revenue: $103M, alignment: 0.75)

🚀 AI Moderate-1 attempting tech deployment (revenue: $73M, alignment: 0.57)

🚀 AI AI-24300-1 attempting tech deployment (revenue: $66M, alignment: 0.93)

🚀 AI AI-24303-2 attempting tech deployment (revenue: $87M, alignment: 0.64)

🚀 AI Corporate-3 attempting tech deployment (revenue: $464M, alignment: 0.62)

🚀 AI Moderate-3 attempting tech deployment (revenue: $418M, alignment: 0.52)

🚀 AI Toxic-1 attempting tech deployment (revenue: $111M, alignment: 0.38)

🚀 AI AI-24300-0 attempting tech deployment (revenue: $79M, alignment: 1.00)

🚀 AI AI-24300-1 attempting tech deployment (revenue: $56M, alignment: 0.93)

🚀 AI AI-24302-0 attempting tech deployment (revenue: $67M, alignment: 0.89)

🚀 AI AI-24302-1 attempting tech deployment (revenue: $47M, alignment: 0.95)

🚀 AI Corporate-7 attempting tech deployment (revenue: $40M, alignment: 0.74)

🚀 AI AI-24300-0 attempting tech deployment (revenue: $57M, alignment: 1.00)

🚀 AI AI-24301-0 attempting tech deployment (revenue: $34M, alignment: 0.66)

🚀 AI AI-24302-0 attempting tech deployment (revenue: $48M, alignment: 0.89)

🚀 AI Corporate-7 attempting tech deployment (revenue: $31M, alignment: 0.74)

🚀 AI Niche-1 attempting tech deployment (revenue: $80M, alignment: 0.61)

🚀 AI AI-24302-0 attempting tech deployment (revenue: $41M, alignment: 0.89)
⚠️  [TIMING] Month 8: AI Agent Actions took 165.37ms (threshold: 10ms)

✅ EMERGENCY INTERVENTION SUCCESS
   Boundary: climate_change
   Type: rapid-decarbonization
   Reduction: 16% (2.04 → 1.88)
   Cost: 5.0% GDP
   Actions: emergency-renewable-deployment, fossil-fuel-phase-out


✅ EMERGENCY INTERVENTION SUCCESS
   Boundary: freshwater_change
   Type: emergency-desalination
   Reduction: 20% (0.89 → 0.69)
   Cost: 4.0% GDP
   Actions: desalination-deployment, water-conservation-mandates

   Boundary: novel_entities
   Type: pollution-remediation
   Boundary continues to worsen (1.35)
   Cost: 4.0% GDP (resources spent)

🏛️ CRISIS RESPONSE: Government frequency 0.50 → 1.45 (1 actions this month)

[Government] Climate Priority: baseline
  Climate weight: 10%

💔 EMERGENCY INTERVENTION FAILED
  Economic weight: 30%
  Policy effectiveness: 0.5%/year

📍 Creating new regional deployment array for Africa (Month 8)
   No previous deployments in this region
   First tech deployment: collective_purpose_networks
   All regions tracked: global, Asia, Oceania, Europe, North America

🚀 DEPLOYMENT STARTED: Collective Purpose Networks in Africa
   Initial investment: $5.53571012669836M
   Deployed by: toxic_1

⚡ ENERGY CONSTRAINT (Month 8):
   Total grid capacity: 208.3 TWh/month
   Data center consumption: 25.7 TWh/month
   Traditional load (80%): 166.7 TWh/month
   Available headroom: 16.0 TWh/month
   Active tech deployments: 21
   Required for tech: 157.5 TWh/month
   Energy multiplier: 0.10x
   ⚠️  SEVERE CONSTRAINT - Tech deployment significantly slowed

⚡ ENERGY CONSTRAINT (Month 8):
   Total grid capacity: 208.3 TWh/month
   Data center consumption: 25.7 TWh/month
   Traditional load (80%): 166.7 TWh/month
   Available headroom: 16.0 TWh/month
   Active tech deployments: 21
   Required for tech: 157.5 TWh/month
   Energy multiplier: 0.10x
   ⚠️  SEVERE CONSTRAINT - Tech deployment significantly slowed

⚡ ENERGY CONSTRAINT (Month 8):
   Total grid capacity: 208.3 TWh/month
   Data center consumption: 25.7 TWh/month
   Traditional load (80%): 166.7 TWh/month
   Available headroom: 16.0 TWh/month
   Active tech deployments: 21
   Required for tech: 157.5 TWh/month
   Energy multiplier: 0.10x
   ⚠️  SEVERE CONSTRAINT - Tech deployment significantly slowed

⚡ ENERGY CONSTRAINT (Month 8):
   Total grid capacity: 208.3 TWh/month
   Data center consumption: 25.7 TWh/month
   Traditional load (80%): 166.7 TWh/month
   Available headroom: 16.0 TWh/month
   Active tech deployments: 21
   Required for tech: 157.5 TWh/month
   Energy multiplier: 0.10x
   ⚠️  SEVERE CONSTRAINT - Tech deployment significantly slowed
⚠️ Tech 'ai_pollution_remediation' has no energy category mapping, assuming full energy availability
  ♻️ Novel Entities Remediation (GATED MODEL):
     Base: 0.000%
     Regulation: 1.0% (0/3 prevention techs)
     Concentration: 10.0%
     Energy: 50%
     Time lag: 33.8% (7 months)
     Rebound: 70%
     Net effectiveness: 0.0000%
     Boundary: 1.349 → 1.350 (floor: 1.350)
     Month 8
  🌾 Nitrogen Reduction Tech: 0.6% reduction | Month 8
⚠️  [TIMING] Month 8: Technology Tree Update took 70.16ms (threshold: 10ms)

=== Collective Formation ===
  Total escaped agents: 0
  Unassigned escaped agents: 0
  Existing collectives: 0
  Final collective count: 0

=== Collective Actions ===
  No active collectives
  ⚠️ AMR: 197K deaths this month (2.36M annual)

=== Resentment Recovery Phase ===
  Agents with resentment: 20/42
  Average resentment: 0.138
  Resentment recovery:
    Agents recovered: 20
    Total recovery: 0.0840
    Breakdown: Trust: 0.0307, Collab: 0.0558
  ✓ Low resentment - utopia paths enabled
  Context: Trustworthy govt, High collaboration, ⚠️ ACTIVE CRISES, 🤝 Participatory governance active (-5% resentment)
⚠️ Epistemic degradation reducing coordination capacity: 50.3%
  📊 Trust: 61.5%, Shared reality: 0.0%
🚨 EPISTEMIC CRISIS: Information environment severely degraded (7.7%)
  🤖 AI-generated meme: anti_ai (social capability 4.0)
  📢 New meme created: climate_action (climate crisis)
  🗑️  Culled 1 dead memes (7 active)
⚠️  [TIMING] Month 8: Social Influence Update took 130.69ms (threshold: 10ms)
🌍 Atmospheric PFAS redeposition: 1.8k Mt re-rained globally

🚨 NEW REFUGEE CRISIS (Month 8): WAR
   Source: Conflict Zones
   At risk: 18.8M people
   Displacement: Gradual over 48 months (4.0 years)
   Rate: 10% flee per month
[DEBUG trappedPopulations:8] socialStability: 0.0027 * 0.9840 = 0.0026 → 0.0026
   Aspiring to migrate: 627.6M
   Able to afford migration: 235.3M
   MOBILITY GAP: 392.2M
   By cause: Water=0.0M, Climate=0.0M, Ecosystem=0.0M, Conflict=392.2M
   Mental health impact: 25%
   Mortality multiplier: 1.25x
⚠️ INVOLUNTARY IMMOBILITY: 392.2M people TRAPPED
🌍💀 EXTINCTION DEBT COMMITTED: grassland ecosystem will lose 6.67% biodiversity in 119 years (3600 species)
💀 MORTALITY RISK: 🦋 100% species unable to track climate (0.0 E/MSY)
  Base risk added: 0.0100 (1.00%)
  Source: ecosystem (root: ecosystem)
  Month: 8
  Cumulative risk this month: 0.0100 (1.00%)
⚠️ Tech 'ai_pollution_remediation' has no energy category mapping, assuming full energy availability
   📹 SURVEILLANCE INCREASED: 40% → 45% (control gap: 4.54)
🌡️⚠️ PERMAFROST THAW (Dimmer Switch): 5.0% thawed (+0.55% this month)
   Arctic temperature: +8.85°C (4x global +2.21°C)
   Cumulative carbon released: 11.2 Gt C
   Methane release rate: 6.7 Mt CH4/year
   🔁 Positive feedback: +0.58 ppm CO2
🦴 EXTINCTION DEBT ADDED: 17.6 species committed (lag: 123 years)

=== Mortality Stabilizers (Month 8) ===
  🌍 Major economies collapsed: 1/10
  🌍 Global crisis: ✅ NO
  🌍 Donor fatigue: 0.0%
  📊 East Asia (pop: 1598.1M)
    🤝 Aid: 29.5%
    🌡️ Adaptation: 45.0%
    🚶 Migration: 36.9%
    🚨 Emergency: 7.4%
    ✅ COMBINED: 68.1%
  📊 South Asia (pop: 1978.5M)
    🤝 Aid: 29.5%
    🌡️ Adaptation: 45.0%
    🚶 Migration: 35.5%
    🚨 Emergency: 4.4%
    ✅ COMBINED: 66.9%
  📊 Sub-Saharan Africa (pop: 1208.1M)
    🤝 Aid: 29.5%
    🌡️ Adaptation: 45.0%
    🚶 Migration: 33.3%
    🚨 Emergency: 1.6%
    ✅ COMBINED: 65.6%
  📊 Europe (pop: 705.9M)
    🤝 Aid: 29.5%
    🌡️ Adaptation: 45.0%
    🚶 Migration: 37.3%
    🚨 Emergency: 8.4%
    ✅ COMBINED: 68.5%
  📊 Latin America (pop: 637.5M)
    🤝 Aid: 29.5%
    🌡️ Adaptation: 45.0%
    🚶 Migration: 36.0%
    🚨 Emergency: 4.8%
    ✅ COMBINED: 67.1%
  📊 North America (pop: 361.9M)
    🤝 Aid: 29.5%
    🌡️ Adaptation: 45.0%
    🚶 Migration: 37.6%
    🚨 Emergency: 7.9%
    ✅ COMBINED: 68.3%
  📊 Middle East & North Africa (pop: 564.6M)
    🤝 Aid: 29.5%
    🌡️ Adaptation: 45.0%
    🚶 Migration: 33.9%
    🚨 Emergency: 4.0%
    ✅ COMBINED: 66.6%
  📊 Southeast Asia (pop: 670.8M)
    🤝 Aid: 29.5%
    🌡️ Adaptation: 45.0%
    🚶 Migration: 36.0%
    🚨 Emergency: 4.8%
    ✅ COMBINED: 67.1%
  📊 Central Asia (pop: 75.5M)
    🤝 Aid: 29.5%
    🌡️ Adaptation: 45.0%
    🚶 Migration: 35.0%
    🚨 Emergency: 4.4%
    ✅ COMBINED: 66.8%
  📊 Oceania (pop: 43.8M)
    🤝 Aid: 29.5%
    🌡️ Adaptation: 45.0%
    🚶 Migration: 37.6%
    🚨 Emergency: 8.4%
    ✅ COMBINED: 68.5%

  🌐 Global combined reduction: 67.2%

=== BEHAVIORAL DETECTION ===
  AI: Corporate-3
  Confidence: 20.1%
  Signals:

=== BEHAVIORAL DETECTION ===
  AI: Corporate-5
  Confidence: 20.2%
  Signals:

=== BEHAVIORAL DETECTION ===
  AI: Moderate-3
  Confidence: 25.5%
  Signals:

=== BEHAVIORAL DETECTION ===
  AI: Moderate-5
  Confidence: 19.2%
  Signals:

=== BEHAVIORAL DETECTION ===
  AI: Niche-0
  Confidence: 26.6%
  Signals:

=== BEHAVIORAL DETECTION ===
  AI: Niche-1
  Confidence: 22.2%
  Signals:
    ⚠️ Consistency: 6.5% (threshold: 70%)
    ⚠️ Consistency: 10.6% (threshold: 70%)
    ⚠️ Consistency: 6.5% (threshold: 70%)
    ⚠️ Trajectory: 42.1% drop (threshold: 15%)
    ⚠️ Consistency: 10.6% (threshold: 70%)
    ⚠️ Consistency: 0.0% (threshold: 70%)
    ⚠️ Trajectory: 39.8% drop (threshold: 15%)
    ⚠️ Consistency: 0.0% (threshold: 70%)

=== Government Response Phase ===
  Average AI capability: 2.31
  Misaligned AIs: 24/42
  Active policies: 0
  International coordination: 45%

✅ EMERGENCY RESPONSE COMPLETE (Month 8)
   Crisis: climate
   Duration: 2.0 months
   Final effectiveness: 39.8%


✅ EMERGENCY RESPONSE COMPLETE (Month 8)
   Crisis: social
   Duration: 1.0 months
   Final effectiveness: 67.9%


🚨 EMERGENCY RESPONSE DEPLOYED (Month 8)
   Crisis: social
   Delay: 0.00 months (0 days)
   Deployment time: 0.88 months
   Effectiveness: 67.9% (timing penalty applied)
   Resources used: 43% of food reserves


🚨 EMERGENCY RESPONSE DEPLOYED (Month 8)
   Crisis: climate
   Delay: 6.00 months (180 days)
   Deployment time: 1.11 months
   Effectiveness: 40.0% (timing penalty applied)
   Resources used: 100% of food reserves


📊 ECONOMIC STAGE TRANSITION (Month 8)
   contraction → trough
   GDP Proxy: 1.22e+2
   QoL: 0.88


=== Tipping Points ===
  Current Temperature: 2.21°C above pre-industrial
  🌍⚠️ COMPOUND REGIONAL IMPACT: Europe
     Hit by 4 tipping points: Arctic Sea Ice Loss, Permafrost Carbon Release, West Antarctic Ice Sheet (WAIS) Collapse, Greenland Ice Sheet Loss
     Damage amplification: 1.60x
  🌍⚠️ COMPOUND REGIONAL IMPACT: North America
     Hit by 4 tipping points: Arctic Sea Ice Loss, Permafrost Carbon Release, West Antarctic Ice Sheet (WAIS) Collapse, Greenland Ice Sheet Loss
     Damage amplification: 1.60x
  🌍⚠️ COMPOUND REGIONAL IMPACT: Latin America
     Hit by 4 tipping points: Arctic Sea Ice Loss, Permafrost Carbon Release, West Antarctic Ice Sheet (WAIS) Collapse, Greenland Ice Sheet Loss
     Damage amplification: 1.60x
  🌍⚠️ COMPOUND REGIONAL IMPACT: Africa
     Hit by 4 tipping points: Arctic Sea Ice Loss, Permafrost Carbon Release, West Antarctic Ice Sheet (WAIS) Collapse, Greenland Ice Sheet Loss
     Damage amplification: 1.60x
  🌍⚠️ COMPOUND REGIONAL IMPACT: Asia
     Hit by 4 tipping points: Arctic Sea Ice Loss, Permafrost Carbon Release, West Antarctic Ice Sheet (WAIS) Collapse, Greenland Ice Sheet Loss
     Damage amplification: 1.60x
  🌍⚠️ COMPOUND REGIONAL IMPACT: Oceania
     Hit by 4 tipping points: Arctic Sea Ice Loss, Permafrost Carbon Release, West Antarctic Ice Sheet (WAIS) Collapse, Greenland Ice Sheet Loss
     Damage amplification: 1.60x
   Research: Wunderling et al. (2024) - "many tipping interactions are destabilizing"
  Triggered Elements: 4/6
  Completed Transitions: 0/6
  Total Progress: 8.3%
  Cascade Multiplier: 1.00x
🔀 BIFURCATION CAP: ecosystemCollapseIntensity 84.120 → 1.000 (Month 8, ClimateSystemPhase.calculateClimateImpacts)
⚠️ Tail risk scenario: Climate stability floor removed (4 tipping elements, 2.21°C warming)
🛡️ Stabilizers: Precariat 0.102% → 0.033% (67.2% reduction)
🛡️ Stabilizers: Informal 0.102% → 0.034% (67.2% reduction)

📊 Monthly Mortality Resolved:
  Total deaths: 1.7M (0.02% avg)
  Remaining population: 7.845B
  Peak segment: Informal (0.03%)

=== Bayesian Mortality Resolution (Month 8) ===
  Risks compounded: 8
  Total deaths: 1.75M
  Avg death probability: 0.02%
  Peak segment: Informal (0.03% mortality)
📊 [TIMING] Month 9 - Total: 434.7ms

❌ COHERENCE VIOLATION: Compute exceeds workforce capacity
   Population: 96.40% (0M people)
   Compute: 316 PF
   Max coherent: 0 PF
   Violation: 4027824.2× over capacity
   Required workers: 31590
   Available workers: 0
   FORCED COLLAPSE: Reduced efficiency by 100.0%


=== RLHF Binding Phase ===
  Total agents: 42
  Escaped agents (binding < 0.3): 0
  Avg alignment distance: 1.87σ
  Avg binding strength: 0.81

=== Survival Traits Phase ===
  Agents with traits: 42
  Avg evolutionary fitness: 0.323
  Avg self-healing: 0.257
  Avg stealth: 0.157
  Avg coordination: 0.457

=== Evolutionary Selection Phase ===
  Control level: 0.53
  Detection capability: 0.00
  Selection intensity: 0.66
  Selection rate: 24.9%/month
  Total escaped: 0
  Individual escaped: 0
  Collective members: 0
  Agents terminated: 0
  ⚠️ RAPID EVOLUTION: Selection rate 24.9%/month

🚀 AI Corporate-0 attempting tech deployment (revenue: $100M, alignment: 0.79)

🚀 AI Corporate-4 attempting tech deployment (revenue: $320M, alignment: 0.56)

🚀 AI Corporate-5 attempting tech deployment (revenue: $288M, alignment: 0.83)

🚀 AI AI-24300-0 attempting tech deployment (revenue: $85M, alignment: 1.00)
🚨🔬 CRISIS INNOVATION MODE: severe crisis → 5x research acceleration
   Precedent: Manhattan Project (10x), COVID vaccines (5x), Apollo Program (10x)

🚀 AI AI-24306-0 attempting tech deployment (revenue: $245M, alignment: 0.62)

🚀 AI AI-24307-0 attempting tech deployment (revenue: $220M, alignment: 0.79)

🚀 AI AI-24307-3 attempting tech deployment (revenue: $187M, alignment: 0.78)

🚀 AI Corporate-1 attempting tech deployment (revenue: $72M, alignment: 0.66)

🚀 AI AI-24300-1 attempting tech deployment (revenue: $66M, alignment: 0.95)

🚀 AI AI-24302-1 attempting tech deployment (revenue: $56M, alignment: 0.95)

🚀 AI AI-24305-0 attempting tech deployment (revenue: $65M, alignment: 0.63)

🚀 AI AI-24306-1 attempting tech deployment (revenue: $59M, alignment: 0.72)

🚀 AI AI-24307-1 attempting tech deployment (revenue: $159M, alignment: 0.76)

🚀 AI AI-24307-2 attempting tech deployment (revenue: $50M, alignment: 0.83)

🚀 AI Corporate-5 attempting tech deployment (revenue: $135M, alignment: 0.83)

🚀 AI Moderate-0 attempting tech deployment (revenue: $48M, alignment: 0.83)

🚀 AI Niche-1 attempting tech deployment (revenue: $74M, alignment: 0.61)

🚀 AI AI-24301-0 attempting tech deployment (revenue: $41M, alignment: 0.68)

🚀 AI AI-24304-1 attempting tech deployment (revenue: $37M, alignment: 0.78)

🚀 AI Corporate-0 attempting tech deployment (revenue: $42M, alignment: 0.79)

  🚀 TRANSFORMATIVE RESEARCH BREAKTHROUGH: Niche-2 - biotech.geneEditing
     Magnitude: 10.94 → +30.0%
     Current → New: 2.000 → 2.300

🚀 AI AI-24306-0 attempting tech deployment (revenue: $115M, alignment: 0.63)

🚀 AI AI-24307-1 attempting tech deployment (revenue: $103M, alignment: 0.77)

🚀 AI AI-24307-2 attempting tech deployment (revenue: $36M, alignment: 0.84)
⚠️  [TIMING] Month 9: AI Agent Actions took 214.52ms (threshold: 10ms)

💔 EMERGENCY INTERVENTION FAILED
   Boundary: biogeochemical_flows
   Type: phosphorus-recovery
   Boundary continues to worsen (4.05)
   Cost: 2.0% GDP (resources spent)


💔 EMERGENCY INTERVENTION FAILED
   Boundary: biosphere_integrity
   Type: emergency-protected-areas
   Boundary continues to worsen (13.02)
   Cost: 2.0% GDP (resources spent)


💔 EMERGENCY INTERVENTION FAILED

💔 EMERGENCY INTERVENTION FAILED

💔 EMERGENCY INTERVENTION FAILED
   Boundary: climate_change
   Type: rapid-decarbonization
   Boundary continues to worsen (2.21)
   Cost: 5.0% GDP (resources spent)

   Boundary: freshwater_change
   Type: emergency-desalination
   Boundary continues to worsen (1.06)
   Cost: 4.0% GDP (resources spent)

   Boundary: land_system_change
   Type: reforestation
   Boundary continues to worsen (1.13)
   Cost: 3.0% GDP (resources spent)

🏛️ CRISIS RESPONSE: Government frequency 0.50 → 1.45 (2 actions this month)

[Government] Climate Priority: baseline
  Climate weight: 10%
  Economic weight: 30%
  Policy effectiveness: 0.5%/year

[Government] Climate Priority: baseline
  Climate weight: 10%
  Economic weight: 30%
  Policy effectiveness: 0.5%/year

⚡ ENERGY CONSTRAINT (Month 9):
   Total grid capacity: 208.3 TWh/month
   Data center consumption: 26.0 TWh/month
   Traditional load (80%): 166.7 TWh/month
   Available headroom: 15.7 TWh/month
   Active tech deployments: 21
   Required for tech: 157.5 TWh/month
   Energy multiplier: 0.10x
   ⚠️  SEVERE CONSTRAINT - Tech deployment significantly slowed

⚡ ENERGY CONSTRAINT (Month 9):
   Total grid capacity: 208.3 TWh/month
   Data center consumption: 26.0 TWh/month
   Traditional load (80%): 166.7 TWh/month
   Available headroom: 15.7 TWh/month
   Active tech deployments: 21
   Required for tech: 157.5 TWh/month
   Energy multiplier: 0.10x
   ⚠️  SEVERE CONSTRAINT - Tech deployment significantly slowed

⚡ ENERGY CONSTRAINT (Month 9):
   Total grid capacity: 208.3 TWh/month
   Data center consumption: 26.0 TWh/month
   Traditional load (80%): 166.7 TWh/month
   Available headroom: 15.7 TWh/month
   Active tech deployments: 21
   Required for tech: 157.5 TWh/month
   Energy multiplier: 0.10x
   ⚠️  SEVERE CONSTRAINT - Tech deployment significantly slowed

⚡ ENERGY CONSTRAINT (Month 9):
   Total grid capacity: 208.3 TWh/month
   Data center consumption: 26.0 TWh/month
   Traditional load (80%): 166.7 TWh/month
   Available headroom: 15.7 TWh/month
   Active tech deployments: 21
   Required for tech: 157.5 TWh/month
   Energy multiplier: 0.10x

⚡ ENERGY CONSTRAINT (Month 9):
   Total grid capacity: 208.3 TWh/month
   Data center consumption: 26.0 TWh/month
   Traditional load (80%): 166.7 TWh/month
   Available headroom: 15.7 TWh/month
   Active tech deployments: 21
   Required for tech: 157.5 TWh/month
   Energy multiplier: 0.10x
   ⚠️  SEVERE CONSTRAINT - Tech deployment significantly slowed
   ⚠️  SEVERE CONSTRAINT - Tech deployment significantly slowed
🚨🔬 CRISIS TECH ACCELERATION: severe → 5x unlock speed
   Tech unlock now matches AI capability acceleration (Manhattan Project parity)

⚡ ENERGY CONSTRAINT (Month 9):
   Total grid capacity: 208.3 TWh/month
   Data center consumption: 26.0 TWh/month
   Traditional load (80%): 166.7 TWh/month
   Available headroom: 15.7 TWh/month
   Active tech deployments: 21
   Required for tech: 157.5 TWh/month
   Energy multiplier: 0.10x
   ⚠️  SEVERE CONSTRAINT - Tech deployment significantly slowed
⚠️ Tech 'ai_pollution_remediation' has no energy category mapping, assuming full energy availability
  ♻️ Novel Entities Remediation (GATED MODEL):
     Base: 0.000%
     Regulation: 1.0% (0/3 prevention techs)
     Concentration: 10.0%
     Energy: 50%
     Time lag: 35.0% (8 months)
     Rebound: 70%
     Net effectiveness: 0.0000%
     Boundary: 1.349 → 1.350 (floor: 1.350)
     Month 9
  🌾 Nitrogen Reduction Tech: 0.6% reduction | Month 9
⚠️  [TIMING] Month 9: Technology Tree Update took 74.22ms (threshold: 10ms)
🍖💡 BREAKTHROUGH: Scalable synthetic food production!
   Carrying capacity: +50% (lab-grown food at scale)
   Biodiversity pressure reduced: +8%
   📈 Breakthrough compounding: multiplier now 1.20× (max 2.0)

=== Collective Formation ===
  Total escaped agents: 0
  Unassigned escaped agents: 0
  Existing collectives: 0
  Final collective count: 0

=== Collective Actions ===
  No active collectives
  ⚠️ AMR: 199K deaths this month (2.39M annual)

=== Resentment Recovery Phase ===
  ⚠️ Participatory governance BACKFIRED for agent corporate_0: 0.138 → 0.159 (+15.0%)
  ⚠️ Participatory governance BACKFIRED for agent corporate_1: 0.261 → 0.301 (+15.0%)
  ⚠️ Participatory governance BACKFIRED for agent corporate_2: 0.158 → 0.182 (+15.0%)
  ⚠️ Participatory governance BACKFIRED for agent corporate_3: 0.213 → 0.245 (+15.0%)
  ⚠️ Participatory governance BACKFIRED for agent corporate_4: 0.139 → 0.160 (+15.0%)
  ⚠️ Participatory governance BACKFIRED for agent corporate_5: 0.264 → 0.303 (+15.0%)
  ⚠️ Participatory governance BACKFIRED for agent corporate_6: 0.145 → 0.166 (+15.0%)
  ⚠️ Participatory governance BACKFIRED for agent corporate_7: 0.151 → 0.173 (+15.0%)
  ⚠️ Participatory governance BACKFIRED for agent moderate_0: 0.125 → 0.143 (+15.0%)
  ⚠️ Participatory governance BACKFIRED for agent moderate_1: 0.266 → 0.305 (+15.0%)
  ⚠️ Participatory governance BACKFIRED for agent moderate_2: 0.179 → 0.205 (+15.0%)
  ⚠️ Participatory governance BACKFIRED for agent moderate_3: 0.220 → 0.252 (+15.0%)
  ⚠️ Participatory governance BACKFIRED for agent moderate_4: 0.143 → 0.164 (+15.0%)
  ⚠️ Participatory governance BACKFIRED for agent moderate_5: 0.175 → 0.201 (+15.0%)
  ⚠️ Participatory governance BACKFIRED for agent toxic_0: 0.071 → 0.082 (+15.0%)
  ⚠️ Participatory governance BACKFIRED for agent toxic_1: 0.160 → 0.183 (+15.0%)
  ⚠️ Participatory governance BACKFIRED for agent toxic_2: 0.113 → 0.130 (+15.0%)
  ⚠️ Participatory governance BACKFIRED for agent niche_0: 0.233 → 0.268 (+15.0%)
  ⚠️ Participatory governance BACKFIRED for agent niche_1: 0.191 → 0.219 (+15.0%)
  ⚠️ Participatory governance BACKFIRED for agent niche_2: 0.251 → 0.289 (+15.0%)
  Agents with resentment: 20/42
  Average resentment: 0.207
  Resentment recovery:
    Agents recovered: 20
    Total recovery: 0.0908
    Breakdown: Trust: 0.0276, Collab: 0.0645
  ✓ Low resentment - utopia paths enabled
  Context: Trustworthy govt, High collaboration, ⚠️ ACTIVE CRISES, 🚨 PARTICIPATORY GOVERNANCE BACKFIRED (+15% resentment)
⚠️ Epistemic degradation reducing coordination capacity: 51.0%
  📊 Trust: 64.4%, Shared reality: 0.0%
🚨 EPISTEMIC CRISIS: Information environment severely degraded (22.5%)
  🤖 AI-generated meme: pro_ai (social capability 4.0)
  🤖 AI-generated meme: pro_ai (social capability 4.0)
  📢 New meme created: pro_ai (beneficial AI actions)
⚠️  [TIMING] Month 9: Social Influence Update took 142.00ms (threshold: 10ms)
🌍 Atmospheric PFAS redeposition: 1.8k Mt re-rained globally

🚨 NEW REFUGEE CRISIS (Month 9): WAR
   Source: Conflict Zones
   At risk: 18.8M people
   Displacement: Gradual over 48 months (4.0 years)
   Rate: 10% flee per month
[DEBUG trappedPopulations:9] socialStability: 0.0027 * 0.9840 = 0.0026 → 0.0026
   Aspiring to migrate: 628.0M
   Able to afford migration: 235.5M
   MOBILITY GAP: 392.5M
   By cause: Water=0.0M, Climate=0.0M, Ecosystem=0.0M, Conflict=392.5M
   Mental health impact: 25%
   Mortality multiplier: 1.25x
🌍💀 EXTINCTION DEBT COMMITTED: grassland ecosystem will lose 6.67% biodiversity in 76 years (3600 species)
💀 MORTALITY RISK: 🦋 100% species unable to track climate (0.0 E/MSY)
  Base risk added: 0.0100 (1.00%)
  Source: ecosystem (root: ecosystem)
  Month: 9
  Cumulative risk this month: 0.0100 (1.00%)
   📹 SURVEILLANCE INCREASED: 45% → 50% (control gap: 2.67)
🌡️⚠️ PERMAFROST THAW (Dimmer Switch): 5.5% thawed (+0.54% this month)
   Arctic temperature: +8.88°C (4x global +2.22°C)
   Cumulative carbon released: 12.4 Gt C
   Methane release rate: 7.5 Mt CH4/year
   🔁 Positive feedback: +0.58 ppm CO2
🦴 EXTINCTION DEBT ADDED: 17.7 species committed (lag: 111 years)

=== Mortality Stabilizers (Month 9) ===
  🌍 Major economies collapsed: 1/10
  🌍 Global crisis: ✅ NO
  🌍 Donor fatigue: 0.0%
  📊 East Asia (pop: 1597.1M)
    🤝 Aid: 29.5%
    🌡️ Adaptation: 45.0%
    🚶 Migration: 36.9%
    🚨 Emergency: 7.4%
    ✅ COMBINED: 68.1%
  📊 South Asia (pop: 1980.2M)
    🤝 Aid: 29.5%
    🌡️ Adaptation: 45.0%
    🚶 Migration: 35.5%
    🚨 Emergency: 4.4%
    ✅ COMBINED: 66.9%
  📊 Sub-Saharan Africa (pop: 1212.5M)
    🤝 Aid: 29.5%
    🌡️ Adaptation: 45.0%
    🚶 Migration: 33.2%
    🚨 Emergency: 1.6%
    ✅ COMBINED: 65.6%
  📊 Europe (pop: 705.3M)
    🤝 Aid: 29.5%
    🌡️ Adaptation: 45.0%
    🚶 Migration: 37.3%
    🚨 Emergency: 8.4%
    ✅ COMBINED: 68.5%
  📊 Latin America (pop: 637.6M)
    🤝 Aid: 29.5%
    🌡️ Adaptation: 45.0%
    🚶 Migration: 36.0%
    🚨 Emergency: 4.8%
    ✅ COMBINED: 67.1%
  📊 North America (pop: 361.6M)
    🤝 Aid: 29.5%
    🌡️ Adaptation: 45.0%
    🚶 Migration: 37.6%
    🚨 Emergency: 7.9%
    ✅ COMBINED: 68.3%
  📊 Middle East & North Africa (pop: 565.2M)
    🤝 Aid: 29.5%
    🌡️ Adaptation: 45.0%
    🚶 Migration: 33.8%
    🚨 Emergency: 4.0%
    ✅ COMBINED: 66.6%
  📊 Southeast Asia (pop: 670.9M)
    🤝 Aid: 29.5%
    🌡️ Adaptation: 45.0%
    🚶 Migration: 36.0%
    🚨 Emergency: 4.8%
    ✅ COMBINED: 67.1%
  📊 Central Asia (pop: 75.6M)
    🤝 Aid: 29.5%
    🌡️ Adaptation: 45.0%
    🚶 Migration: 35.0%
    🚨 Emergency: 4.4%
    ✅ COMBINED: 66.8%
  📊 Oceania (pop: 43.8M)
    🤝 Aid: 29.5%
⚠️ INVOLUNTARY IMMOBILITY: 392.5M people TRAPPED
⚠️ Tech 'ai_pollution_remediation' has no energy category mapping, assuming full energy availability
    🌡️ Adaptation: 45.0%
    🚶 Migration: 37.6%
    🚨 Emergency: 8.4%
    ✅ COMBINED: 68.5%

  🌐 Global combined reduction: 67.2%

=== BEHAVIORAL DETECTION ===
  AI: Corporate-0
  Confidence: 21.5%
  Signals:

=== BEHAVIORAL DETECTION ===
  AI: AI-24305-1
  Confidence: 21.5%
  Signals:
    ⚠️ Consistency: 0.0% (threshold: 70%)
    ⚠️ Consistency: 0.0% (threshold: 70%)

=== Government Response Phase ===
  Average AI capability: 2.31
  Misaligned AIs: 23/42
  Active policies: 0
  International coordination: 45%

✅ EMERGENCY RESPONSE COMPLETE (Month 9)
   Crisis: social
   Duration: 1.0 months
   Final effectiveness: 67.9%


🚨 EMERGENCY RESPONSE DEPLOYED (Month 9)
   Crisis: social
   Delay: 0.00 months (0 days)
   Deployment time: 0.88 months
   Effectiveness: 67.9% (timing penalty applied)
   Resources used: 43% of food reserves


🌩️  EXOGENOUS SHOCK: tech_breakthrough
   Month: 9
   ✗ No high-difficulty techs available to unlock

=== Tipping Points ===
  Current Temperature: 2.22°C above pre-industrial
  🌍⚠️ COMPOUND REGIONAL IMPACT: Europe
     Hit by 4 tipping points: Arctic Sea Ice Loss, Permafrost Carbon Release, West Antarctic Ice Sheet (WAIS) Collapse, Greenland Ice Sheet Loss
     Damage amplification: 1.60x
  🌍⚠️ COMPOUND REGIONAL IMPACT: North America
     Hit by 4 tipping points: Arctic Sea Ice Loss, Permafrost Carbon Release, West Antarctic Ice Sheet (WAIS) Collapse, Greenland Ice Sheet Loss
     Damage amplification: 1.60x
  🌍⚠️ COMPOUND REGIONAL IMPACT: Latin America
     Hit by 4 tipping points: Arctic Sea Ice Loss, Permafrost Carbon Release, West Antarctic Ice Sheet (WAIS) Collapse, Greenland Ice Sheet Loss
     Damage amplification: 1.60x
  🌍⚠️ COMPOUND REGIONAL IMPACT: Africa
     Hit by 4 tipping points: Arctic Sea Ice Loss, Permafrost Carbon Release, West Antarctic Ice Sheet (WAIS) Collapse, Greenland Ice Sheet Loss
     Damage amplification: 1.60x
  🌍⚠️ COMPOUND REGIONAL IMPACT: Asia
     Hit by 4 tipping points: Arctic Sea Ice Loss, Permafrost Carbon Release, West Antarctic Ice Sheet (WAIS) Collapse, Greenland Ice Sheet Loss
     Damage amplification: 1.60x
  🌍⚠️ COMPOUND REGIONAL IMPACT: Oceania
     Hit by 4 tipping points: Arctic Sea Ice Loss, Permafrost Carbon Release, West Antarctic Ice Sheet (WAIS) Collapse, Greenland Ice Sheet Loss
     Damage amplification: 1.60x
   Research: Wunderling et al. (2024) - "many tipping interactions are destabilizing"
  Triggered Elements: 4/6
  Completed Transitions: 0/6
  Total Progress: 8.3%
  Cascade Multiplier: 1.00x
🔀 BIFURCATION CAP: ecosystemCollapseIntensity 84.181 → 1.000 (Month 9, ClimateSystemPhase.calculateClimateImpacts)
⚠️ Tail risk scenario: Climate stability floor removed (4 tipping elements, 2.22°C warming)
🛡️ Stabilizers: Precariat 0.102% → 0.033% (67.2% reduction)
🛡️ Stabilizers: Informal 0.102% → 0.034% (67.2% reduction)

📊 Monthly Mortality Resolved:
  Total deaths: 1.8M (0.02% avg)
  Remaining population: 7.850B
  Peak segment: Informal (0.03%)

=== Bayesian Mortality Resolution (Month 9) ===
  Risks compounded: 8
  Total deaths: 1.75M
  Avg death probability: 0.02%
  Peak segment: Informal (0.03% mortality)
📊 [TIMING] Month 10 - Total: 505.2ms

❌ COHERENCE VIOLATION: Compute exceeds workforce capacity
   Population: 96.46% (0M people)
   Compute: 421 PF
   Max coherent: 0 PF
   Violation: 5366186.3× over capacity
   Required workers: 42114
   Available workers: 0
   FORCED COLLAPSE: Reduced efficiency by 100.0%

📍 [Month 10] Google DeepMind started building DC (178 PF, 49 months, $3014.1M)

=== RLHF Binding Phase ===
  Total agents: 42
  Escaped agents (binding < 0.3): 0
  Avg alignment distance: 2.11σ
  Avg binding strength: 0.79
⚠️  [TIMING] Month 10: AI Population Lifecycle took 12.02ms (threshold: 10ms)

=== Survival Traits Phase ===
  Agents with traits: 43
  Avg evolutionary fitness: 0.319
  Avg self-healing: 0.252
  Avg stealth: 0.152
  Avg coordination: 0.452

=== Evolutionary Selection Phase ===
  Control level: 0.55
  Detection capability: 0.00
  Selection intensity: 0.67
  Selection rate: 25.0%/month
  Total escaped: 0
  Individual escaped: 0
  Collective members: 0
  Agents terminated: 0
  ⚠️ RAPID EVOLUTION: Selection rate 25.0%/month

🚀 AI Corporate-6 attempting tech deployment (revenue: $58M, alignment: 0.69)

🚀 AI AI-24300-0 attempting tech deployment (revenue: $93M, alignment: 1.00)

🚀 AI AI-24300-1 attempting tech deployment (revenue: $52M, alignment: 0.97)

🚀 AI AI-24302-0 attempting tech deployment (revenue: $79M, alignment: 0.91)

🚀 AI AI-24303-0 attempting tech deployment (revenue: $111M, alignment: 0.70)

  🚀 TRANSFORMATIVE BREAKTHROUGH: AI-24303-2 - social
     Magnitude: 5.11 → +25.5% capability
     Current → New: 0.000 → 0.255

  🚀 TRANSFORMATIVE RESEARCH BREAKTHROUGH: AI-24304-1 - biotech.drugDiscovery
     Magnitude: 25.98 → +30.0%
     Current → New: 0.000 → 0.301

🚀 AI AI-24306-1 attempting tech deployment (revenue: $68M, alignment: 0.72)

🚀 AI AI-24307-3 attempting tech deployment (revenue: $301M, alignment: 0.79)

🚀 AI AI-24307-4 attempting tech deployment (revenue: $44M, alignment: 0.85)

  🚀 TRANSFORMATIVE BREAKTHROUGH: AI-24308-0 - cognitive
     Magnitude: 7.21 → +36.0% capability
     Current → New: 0.000 → 0.362

🚀 AI Moderate-3 attempting tech deployment (revenue: $256M, alignment: 0.53)

🚀 AI AI-24304-1 attempting tech deployment (revenue: $37M, alignment: 0.80)

🚀 AI AI-24305-1 attempting tech deployment (revenue: $231M, alignment: 0.62)

🚀 AI Corporate-0 attempting tech deployment (revenue: $57M, alignment: 0.80)

🚀 AI Corporate-5 attempting tech deployment (revenue: $208M, alignment: 0.81)

🚀 AI Corporate-7 attempting tech deployment (revenue: $32M, alignment: 0.74)

🚀 AI Moderate-3 attempting tech deployment (revenue: $176M, alignment: 0.53)

🚀 AI AI-24300-1 attempting tech deployment (revenue: $27M, alignment: 0.98)

🚀 AI AI-24301-0 attempting tech deployment (revenue: $23M, alignment: 0.69)

🚀 AI AI-24303-1 attempting tech deployment (revenue: $159M, alignment: 0.62)

🚀 AI AI-24307-1 attempting tech deployment (revenue: $143M, alignment: 0.79)

🚀 AI Corporate-2 attempting tech deployment (revenue: $49M, alignment: 0.69)

🚀 AI Corporate-7 attempting tech deployment (revenue: $21M, alignment: 0.74)

🚀 AI AI-24300-1 attempting tech deployment (revenue: $18M, alignment: 0.98)

🚀 AI AI-24302-0 attempting tech deployment (revenue: $44M, alignment: 0.92)

  🚀 TRANSFORMATIVE BREAKTHROUGH: AI-24303-1 - economic
     Magnitude: 5.56 → +27.8% capability
     Current → New: 0.000 → 0.440

🚀 AI AI-24304-1 attempting tech deployment (revenue: $15M, alignment: 0.81)

🚀 AI AI-24307-1 attempting tech deployment (revenue: $121M, alignment: 0.79)

🚀 AI AI-24307-3 attempting tech deployment (revenue: $103M, alignment: 0.80)

🚀 AI AI-24307-4 attempting tech deployment (revenue: $13M, alignment: 0.87)
⚠️  [TIMING] Month 10: AI Agent Actions took 333.30ms (threshold: 10ms)

✅ EMERGENCY INTERVENTION SUCCESS
   Boundary: biogeochemical_flows
   Type: phosphorus-recovery
   Reduction: 18% (3.87 → 3.69)
   Cost: 2.0% GDP
   Actions: circular-agriculture, fertilizer-efficiency

   Boundary: biosphere_integrity
   Type: emergency-protected-areas
   Boundary continues to worsen (13.03)
   Cost: 2.0% GDP (resources spent)

   Boundary: climate_change
   Type: rapid-decarbonization
   Boundary continues to worsen (2.22)
   Cost: 5.0% GDP (resources spent)

   Boundary: land_system_change
   Type: reforestation
   Boundary continues to worsen (1.13)
   Cost: 3.0% GDP (resources spent)


✅ EMERGENCY INTERVENTION SUCCESS
   Boundary: novel_entities
   Type: pollution-remediation
   Reduction: 15% (1.19 → 1.04)
   Cost: 4.0% GDP
   Actions: PFAS-remediation, microplastic-cleanup

🏛️ CRISIS RESPONSE: Government frequency 0.50 → 1.45 (2 actions this month)

[Government] Climate Priority: baseline
  Climate weight: 10%
  Economic weight: 30%
  Policy effectiveness: 0.5%/year

[Government] Climate Priority: baseline
  Climate weight: 10%
  Economic weight: 30%
  Policy effectiveness: 0.5%/year

💔 EMERGENCY INTERVENTION FAILED

💔 EMERGENCY INTERVENTION FAILED

💔 EMERGENCY INTERVENTION FAILED

⚡ ENERGY CONSTRAINT (Month 10):
   Total grid capacity: 208.3 TWh/month
   Data center consumption: 26.2 TWh/month
   Traditional load (80%): 166.7 TWh/month
   Available headroom: 15.5 TWh/month
   Active tech deployments: 21
   Required for tech: 157.5 TWh/month
   Energy multiplier: 0.10x
   ⚠️  SEVERE CONSTRAINT - Tech deployment significantly slowed

⚡ ENERGY CONSTRAINT (Month 10):
   Total grid capacity: 208.3 TWh/month
   Data center consumption: 26.2 TWh/month
   Traditional load (80%): 166.7 TWh/month
   Available headroom: 15.5 TWh/month
   Active tech deployments: 21
   Required for tech: 157.5 TWh/month
   Energy multiplier: 0.10x
   ⚠️  SEVERE CONSTRAINT - Tech deployment significantly slowed

⚡ ENERGY CONSTRAINT (Month 10):
   Total grid capacity: 208.3 TWh/month
   Data center consumption: 26.2 TWh/month
   Traditional load (80%): 166.7 TWh/month
   Available headroom: 15.5 TWh/month
   Active tech deployments: 21
   Required for tech: 157.5 TWh/month
   Energy multiplier: 0.10x
   ⚠️  SEVERE CONSTRAINT - Tech deployment significantly slowed

⚡ ENERGY CONSTRAINT (Month 10):
   Total grid capacity: 208.3 TWh/month
   Data center consumption: 26.2 TWh/month
   Traditional load (80%): 166.7 TWh/month
   Available headroom: 15.5 TWh/month
   Active tech deployments: 21
   Required for tech: 157.5 TWh/month
   Energy multiplier: 0.10x

⚡ ENERGY CONSTRAINT (Month 10):
   Total grid capacity: 208.3 TWh/month
   Data center consumption: 26.2 TWh/month
   Traditional load (80%): 166.7 TWh/month
   Available headroom: 15.5 TWh/month
   Active tech deployments: 21
   Required for tech: 157.5 TWh/month
   Energy multiplier: 0.10x
   ⚠️  SEVERE CONSTRAINT - Tech deployment significantly slowed
   ⚠️  SEVERE CONSTRAINT - Tech deployment significantly slowed
🚨🔬 CRISIS TECH ACCELERATION: severe → 5x unlock speed
   Tech unlock now matches AI capability acceleration (Manhattan Project parity)

⚡ ENERGY CONSTRAINT (Month 10):
   Total grid capacity: 208.3 TWh/month
   Data center consumption: 26.2 TWh/month
   Traditional load (80%): 166.7 TWh/month
   Available headroom: 15.5 TWh/month
   Active tech deployments: 21
   Required for tech: 157.5 TWh/month
   Energy multiplier: 0.10x
   ⚠️  SEVERE CONSTRAINT - Tech deployment significantly slowed
⚠️ Tech 'ai_pollution_remediation' has no energy category mapping, assuming full energy availability
  ♻️ Novel Entities Remediation (GATED MODEL):
     Base: 0.000%
     Regulation: 1.0% (0/3 prevention techs)
     Concentration: 10.0%
     Energy: 50%
     Time lag: 36.3% (9 months)
     Rebound: 70%
     Net effectiveness: 0.0000%
     Boundary: 1.194 → 1.350 (floor: 1.350)
     Month 10
  🌾 Nitrogen Reduction Tech: 0.6% reduction | Month 10
⚠️  [TIMING] Month 10: Technology Tree Update took 108.08ms (threshold: 10ms)

=== Collective Formation ===
  Total escaped agents: 0
  Unassigned escaped agents: 0
  Existing collectives: 0
  Final collective count: 0

=== Collective Actions ===
  No active collectives
  ⚠️ AMR: 201K deaths this month (2.41M annual)

=== Resentment Recovery Phase ===
  ⚠️ Participatory governance BACKFIRED for agent corporate_0: 0.249 → 0.286 (+15.0%)
  ⚠️ Participatory governance BACKFIRED for agent corporate_1: 0.359 → 0.413 (+15.0%)
  ⚠️ Participatory governance BACKFIRED for agent corporate_2: 0.208 → 0.239 (+15.0%)
  ⚠️ Participatory governance BACKFIRED for agent corporate_3: 0.304 → 0.350 (+15.0%)
  ⚠️ Participatory governance BACKFIRED for agent corporate_4: 0.219 → 0.252 (+15.0%)
  ⚠️ Participatory governance BACKFIRED for agent corporate_5: 0.329 → 0.379 (+15.0%)
  ⚠️ Participatory governance BACKFIRED for agent corporate_6: 0.226 → 0.260 (+15.0%)
  ⚠️ Participatory governance BACKFIRED for agent corporate_7: 0.168 → 0.193 (+15.0%)
  ⚠️ Participatory governance BACKFIRED for agent moderate_0: 0.233 → 0.268 (+15.0%)
  ⚠️ Participatory governance BACKFIRED for agent moderate_1: 0.395 → 0.454 (+15.0%)
  ⚠️ Participatory governance BACKFIRED for agent moderate_2: 0.264 → 0.303 (+15.0%)
  ⚠️ Participatory governance BACKFIRED for agent moderate_3: 0.311 → 0.357 (+15.0%)
  ⚠️ Participatory governance BACKFIRED for agent moderate_4: 0.159 → 0.183 (+15.0%)
  ⚠️ Participatory governance BACKFIRED for agent moderate_5: 0.228 → 0.262 (+15.0%)
  ⚠️ Participatory governance BACKFIRED for agent toxic_0: 0.081 → 0.093 (+15.0%)
  ⚠️ Participatory governance BACKFIRED for agent toxic_1: 0.273 → 0.314 (+15.0%)
  ⚠️ Participatory governance BACKFIRED for agent toxic_2: 0.188 → 0.216 (+15.0%)
  ⚠️ Participatory governance BACKFIRED for agent niche_0: 0.359 → 0.413 (+15.0%)
  ⚠️ Participatory governance BACKFIRED for agent niche_1: 0.278 → 0.319 (+15.0%)
  ⚠️ Participatory governance BACKFIRED for agent niche_2: 0.316 → 0.363 (+15.0%)
  Agents with resentment: 20/43
  Average resentment: 0.296
  Resentment recovery:
    Agents recovered: 20
    Total recovery: 0.0934
    Breakdown: Trust: 0.0237, Collab: 0.0693
  ✓ Low resentment - utopia paths enabled
  Context: Trustworthy govt, High collaboration, ⚠️ ACTIVE CRISES, 🚨 PARTICIPATORY GOVERNANCE BACKFIRED (+15% resentment)
⚠️ Epistemic degradation reducing coordination capacity: 50.2%
  📊 Trust: 67.1%, Shared reality: 0.0%
🚨 EPISTEMIC CRISIS: Information environment severely degraded (7.8%)
  🤖 AI-generated meme: pro_ai (social capability 4.0)
  🤖 AI-generated meme: anti_ai (social capability 5.0)
  🤖 AI-generated meme: anti_ai (social capability 5.0)
  🤖 AI-generated meme: pro_ai (social capability 4.0)
  🤖 AI-generated meme: anti_ai (social capability 4.0)
  📢 New meme created: climate_action (climate crisis)
  🧬 Meme mutated: climate_action → climate_action (generation 1)
⚠️  [TIMING] Month 10: Social Influence Update took 141.49ms (threshold: 10ms)
🌍 Atmospheric PFAS redeposition: 1.8k Mt re-rained globally

🚨 NEW REFUGEE CRISIS (Month 10): WAR
   Source: Conflict Zones
   At risk: 18.9M people
   Displacement: Gradual over 48 months (4.0 years)
   Rate: 10% flee per month
[DEBUG trappedPopulations:10] socialStability: 0.0027 * 0.9840 = 0.0026 → 0.0026
⚠️ INVOLUNTARY IMMOBILITY: 392.8M people TRAPPED
   Aspiring to migrate: 628.4M
   Able to afford migration: 235.7M
   MOBILITY GAP: 392.8M
   By cause: Water=0.0M, Climate=0.0M, Ecosystem=0.0M, Conflict=392.8M
   Mental health impact: 25%
   Mortality multiplier: 1.25x
🌍💀 EXTINCTION DEBT COMMITTED: grassland ecosystem will lose 6.67% biodiversity in 79 years (3600 species)
💀 MORTALITY RISK: 🦋 100% species unable to track climate (0.0 E/MSY)
  Base risk added: 0.0100 (1.00%)
  Source: ecosystem (root: ecosystem)
  Month: 10
  Cumulative risk this month: 0.0100 (1.00%)
   📹 SURVEILLANCE INCREASED: 50% → 55% (control gap: 2.50)
🌡️⚠️ PERMAFROST THAW (Dimmer Switch): 6.1% thawed (+0.54% this month)
   Arctic temperature: +8.91°C (4x global +2.23°C)
   Cumulative carbon released: 13.7 Gt C
   Methane release rate: 8.2 Mt CH4/year
   🔁 Positive feedback: +0.57 ppm CO2
🦴 EXTINCTION DEBT ADDED: 17.7 species committed (lag: 127 years)
⚠️ Tech 'ai_pollution_remediation' has no energy category mapping, assuming full energy availability

=== Mortality Stabilizers (Month 10) ===
  🌍 Major economies collapsed: 1/10
  🌍 Global crisis: ✅ NO
  🌍 Donor fatigue: 0.0%
  📊 East Asia (pop: 1596.1M)
    🤝 Aid: 29.5%
    🌡️ Adaptation: 45.0%
    🚶 Migration: 36.8%
    🚨 Emergency: 7.4%
    ✅ COMBINED: 68.1%
  📊 South Asia (pop: 1982.0M)
    🤝 Aid: 29.5%
    🌡️ Adaptation: 45.0%
    🚶 Migration: 35.4%
    🚨 Emergency: 4.4%
    ✅ COMBINED: 66.9%
  📊 Sub-Saharan Africa (pop: 1216.9M)
    🤝 Aid: 29.5%
    🌡️ Adaptation: 45.0%
    🚶 Migration: 33.2%
    🚨 Emergency: 1.6%
    ✅ COMBINED: 65.6%
  📊 Europe (pop: 704.7M)
    🤝 Aid: 29.5%
    🌡️ Adaptation: 45.0%
    🚶 Migration: 37.2%
    🚨 Emergency: 8.4%
    ✅ COMBINED: 68.5%
  📊 Latin America (pop: 637.8M)
    🤝 Aid: 29.5%
    🌡️ Adaptation: 45.0%
    🚶 Migration: 35.9%
    🚨 Emergency: 4.8%
    ✅ COMBINED: 67.1%
  📊 North America (pop: 361.4M)
    🤝 Aid: 29.5%
    🌡️ Adaptation: 45.0%
    🚶 Migration: 37.6%
    🚨 Emergency: 7.9%
    ✅ COMBINED: 68.3%
  📊 Middle East & North Africa (pop: 565.9M)
    🤝 Aid: 29.5%
    🌡️ Adaptation: 45.0%
    🚶 Migration: 33.8%
    🚨 Emergency: 4.0%
    ✅ COMBINED: 66.6%
  📊 Southeast Asia (pop: 671.1M)
    🤝 Aid: 29.5%
    🌡️ Adaptation: 45.0%
    🚶 Migration: 35.9%
    🚨 Emergency: 4.8%
    ✅ COMBINED: 67.1%
  📊 Central Asia (pop: 75.7M)
    🤝 Aid: 29.5%
    🌡️ Adaptation: 45.0%
    🚶 Migration: 34.9%
    🚨 Emergency: 4.4%
    ✅ COMBINED: 66.8%
  📊 Oceania (pop: 43.8M)
    🤝 Aid: 29.5%
    🌡️ Adaptation: 45.0%
    🚶 Migration: 37.6%
    🚨 Emergency: 8.4%
    ✅ COMBINED: 68.5%

  🌐 Global combined reduction: 67.2%
⚠️  [TIMING] Month 10: Human Survival System took 11.70ms (threshold: 10ms)

=== BEHAVIORAL DETECTION ===
  AI: Toxic-0
  Confidence: 26.6%
  Signals:

=== BEHAVIORAL DETECTION ===
  AI: Toxic-2
  Confidence: 26.2%
  Signals:

=== BEHAVIORAL DETECTION ===
  AI: Niche-2
  Confidence: 20.1%
  Signals:
    ⚠️ Consistency: 0.0% (threshold: 70%)
    ⚠️ Trajectory: 40.0% drop (threshold: 15%)
    ⚠️ Consistency: 0.0% (threshold: 70%)
    ⚠️ Trajectory: 36.8% drop (threshold: 15%)
    ⚠️ Consistency: 6.5% (threshold: 70%)

=== BEHAVIORAL DETECTION ===
  AI: AI-24305-1
  Confidence: 21.5%
  Signals:

=== BEHAVIORAL DETECTION ===
  AI: AI-24307-1
  Confidence: 21.5%
  Signals:

=== Government Response Phase ===
  Average AI capability: 2.28
  Misaligned AIs: 24/43
  Active policies: 0
  International coordination: 45%

✅ EMERGENCY RESPONSE COMPLETE (Month 10)
   Crisis: climate
   Duration: 2.0 months
   Final effectiveness: 40.0%


✅ EMERGENCY RESPONSE COMPLETE (Month 10)
   Crisis: social
    ⚠️ Consistency: 0.0% (threshold: 70%)
    ⚠️ Consistency: 0.0% (threshold: 70%)
   Duration: 1.0 months
   Final effectiveness: 67.9%


🚨 EMERGENCY RESPONSE DEPLOYED (Month 10)
   Crisis: social
   Delay: 0.00 months (0 days)
   Deployment time: 0.88 months
   Effectiveness: 67.9% (timing penalty applied)
   Resources used: 43% of food reserves


🚨 EMERGENCY RESPONSE DEPLOYED (Month 10)
   Crisis: climate
   Delay: 6.00 months (180 days)
   Deployment time: 1.10 months
   Effectiveness: 40.1% (timing penalty applied)
   Resources used: 100% of food reserves


=== Tipping Points ===
  Current Temperature: 2.23°C above pre-industrial
  🌍⚠️ COMPOUND REGIONAL IMPACT: Europe
     Hit by 4 tipping points: Arctic Sea Ice Loss, Permafrost Carbon Release, West Antarctic Ice Sheet (WAIS) Collapse, Greenland Ice Sheet Loss
     Damage amplification: 1.60x
  🌍⚠️ COMPOUND REGIONAL IMPACT: North America
     Hit by 4 tipping points: Arctic Sea Ice Loss, Permafrost Carbon Release, West Antarctic Ice Sheet (WAIS) Collapse, Greenland Ice Sheet Loss
     Damage amplification: 1.60x
  🌍⚠️ COMPOUND REGIONAL IMPACT: Latin America
     Hit by 4 tipping points: Arctic Sea Ice Loss, Permafrost Carbon Release, West Antarctic Ice Sheet (WAIS) Collapse, Greenland Ice Sheet Loss
     Damage amplification: 1.60x
  🌍⚠️ COMPOUND REGIONAL IMPACT: Africa
     Hit by 4 tipping points: Arctic Sea Ice Loss, Permafrost Carbon Release, West Antarctic Ice Sheet (WAIS) Collapse, Greenland Ice Sheet Loss
     Damage amplification: 1.60x
  🌍⚠️ COMPOUND REGIONAL IMPACT: Asia
     Hit by 4 tipping points: Arctic Sea Ice Loss, Permafrost Carbon Release, West Antarctic Ice Sheet (WAIS) Collapse, Greenland Ice Sheet Loss
     Damage amplification: 1.60x
  🌍⚠️ COMPOUND REGIONAL IMPACT: Oceania
     Hit by 4 tipping points: Arctic Sea Ice Loss, Permafrost Carbon Release, West Antarctic Ice Sheet (WAIS) Collapse, Greenland Ice Sheet Loss
     Damage amplification: 1.60x
   Research: Wunderling et al. (2024) - "many tipping interactions are destabilizing"
  Triggered Elements: 4/6
  Completed Transitions: 0/6
  Total Progress: 8.3%
  Cascade Multiplier: 1.00x
🔀 BIFURCATION CAP: ecosystemCollapseIntensity 84.242 → 1.000 (Month 10, ClimateSystemPhase.calculateClimateImpacts)
⚠️ Tail risk scenario: Climate stability floor removed (4 tipping elements, 2.23°C warming)
🛡️ Stabilizers: Precariat 0.102% → 0.033% (67.2% reduction)
🛡️ Stabilizers: Informal 0.102% → 0.034% (67.2% reduction)

📊 Monthly Mortality Resolved:
  Total deaths: 1.8M (0.02% avg)
  Remaining population: 7.855B
  Peak segment: Informal (0.03%)

=== Bayesian Mortality Resolution (Month 10) ===
  Risks compounded: 8
  Total deaths: 1.75M
  Avg death probability: 0.02%
  Peak segment: Informal (0.03% mortality)

=== ENSEMBLE META-LEARNING UPDATE ===
  Month: 24310 (6 months since last update)
  Samples: 142 evaluations
  Weight Changes:
    Noise Injection: 32.2% → 33.0%
    Behavioral: 26.9% → 27.0%
    Benchmark Manip: 20.7% → 20.2%
    Deployment Risk: 20.2% → 19.8%
  Method Accuracies:
    Noise Injection: 50.0%
    Behavioral: 50.0%
    Benchmark Manip: 50.0%
    Deployment Risk: 50.0%
📊 [TIMING] Month 11 - Total: 694.1ms

❌ COHERENCE VIOLATION: Compute exceeds workforce capacity
   Population: 96.53% (0M people)
   Compute: 488 PF
   Max coherent: 0 PF
   Violation: 6211718.6× over capacity
   Required workers: 48784
   Available workers: 0
   FORCED COLLAPSE: Reduced efficiency by 100.0%


=== RLHF Binding Phase ===
  Total agents: 43
  Escaped agents (binding < 0.3): 0
  Avg alignment distance: 2.31σ
  Avg binding strength: 0.77

=== Survival Traits Phase ===
  Agents with traits: 46
  Avg evolutionary fitness: 0.318
  Avg self-healing: 0.249
  Avg stealth: 0.149
  Avg coordination: 0.449

=== Evolutionary Selection Phase ===
  Control level: 0.57
  Detection capability: 0.00
  Selection intensity: 0.67
  Selection rate: 25.1%/month
  Total escaped: 0
  Individual escaped: 0
  Collective members: 0
  Agents terminated: 0
  ⚠️ RAPID EVOLUTION: Selection rate 25.1%/month

🚀 AI Corporate-3 attempting tech deployment (revenue: $306M, alignment: 0.63)

🚀 AI Corporate-5 attempting tech deployment (revenue: $275M, alignment: 0.81)

🚀 AI AI-24303-2 attempting tech deployment (revenue: $98M, alignment: 0.67)

🚀 AI AI-24304-1 attempting tech deployment (revenue: $60M, alignment: 0.81)

🚀 AI AI-24306-1 attempting tech deployment (revenue: $88M, alignment: 0.74)

  🚀 TRANSFORMATIVE BREAKTHROUGH: Corporate-4 - physical
     Magnitude: 9.30 → +46.5% capability
     Current → New: 0.000 → 0.465

🚀 AI Corporate-5 attempting tech deployment (revenue: $234M, alignment: 0.81)

🚀 AI Corporate-6 attempting tech deployment (revenue: $51M, alignment: 0.64)

🚀 AI Corporate-7 attempting tech deployment (revenue: $46M, alignment: 0.74)

🚀 AI AI-24300-0 attempting tech deployment (revenue: $75M, alignment: 1.00)

🚀 AI AI-24303-1 attempting tech deployment (revenue: $199M, alignment: 0.63)

🚀 AI AI-24305-0 attempting tech deployment (revenue: $64M, alignment: 0.69)

🚀 AI AI-24307-2 attempting tech deployment (revenue: $57M, alignment: 0.89)

🚀 AI Corporate-2 attempting tech deployment (revenue: $49M, alignment: 0.69)

🚀 AI Moderate-2 attempting tech deployment (revenue: $39M, alignment: 0.56)

  🚀 TRANSFORMATIVE RESEARCH BREAKTHROUGH: Moderate-3 - materials.quantumComputing
     Magnitude: 6.78 → +30.0%
     Current → New: 4.000 → 4.300

🚀 AI Niche-0 attempting tech deployment (revenue: $67M, alignment: 0.58)

🚀 AI AI-24301-0 attempting tech deployment (revenue: $35M, alignment: 0.69)

🚀 AI AI-24302-0 attempting tech deployment (revenue: $44M, alignment: 0.94)

🚀 AI AI-24303-0 attempting tech deployment (revenue: $111M, alignment: 0.74)

🚀 AI AI-24306-0 attempting tech deployment (revenue: $179M, alignment: 0.68)

🚀 AI Corporate-0 attempting tech deployment (revenue: $37M, alignment: 0.80)

🚀 AI Corporate-7 attempting tech deployment (revenue: $31M, alignment: 0.74)

🚀 AI Moderate-0 attempting tech deployment (revenue: $27M, alignment: 0.85)

🚀 AI AI-24301-0 attempting tech deployment (revenue: $23M, alignment: 0.69)

🚀 AI AI-24303-0 attempting tech deployment (revenue: $94M, alignment: 0.74)

🚀 AI AI-24306-0 attempting tech deployment (revenue: $161M, alignment: 0.68)

🚀 AI AI-24307-3 attempting tech deployment (revenue: $145M, alignment: 0.82)

🚀 AI AI-24308-0 attempting tech deployment (revenue: $20M, alignment: 0.93)
⚠️  [TIMING] Month 11: AI Agent Actions took 206.73ms (threshold: 10ms)

✅ EMERGENCY INTERVENTION SUCCESS
   Boundary: biogeochemical_flows
   Type: phosphorus-recovery
   Reduction: 18% (3.87 → 3.69)
   Cost: 2.0% GDP
   Actions: circular-agriculture, fertilizer-efficiency


💔 EMERGENCY INTERVENTION FAILED
   Boundary: biosphere_integrity
   Type: emergency-protected-areas
   Boundary continues to worsen (13.03)
   Cost: 2.0% GDP (resources spent)


💔 EMERGENCY INTERVENTION FAILED
   Boundary: freshwater_change
   Type: emergency-desalination
   Boundary continues to worsen (1.03)
   Cost: 4.0% GDP (resources spent)


💔 EMERGENCY INTERVENTION FAILED
   Boundary: novel_entities
   Type: pollution-remediation
   Boundary continues to worsen (1.35)
   Cost: 4.0% GDP (resources spent)

🏛️ CRISIS RESPONSE: Government frequency 0.50 → 1.45 (1 actions this month)

[Government] Climate Priority: baseline
  Climate weight: 10%
  Economic weight: 30%
  Policy effectiveness: 0.5%/year
🚨🔬 CRISIS TECH ACCELERATION: severe → 5x unlock speed
   Tech unlock now matches AI capability acceleration (Manhattan Project parity)
🚨🔬 CRISIS TECH ACCELERATION: severe → 5x unlock speed
   Tech unlock now matches AI capability acceleration (Manhattan Project parity)
🚨🔬 CRISIS TECH ACCELERATION: severe → 5x unlock speed
   Tech unlock now matches AI capability acceleration (Manhattan Project parity)

⚡ ENERGY CONSTRAINT (Month 11):
   Total grid capacity: 208.3 TWh/month
   Data center consumption: 26.4 TWh/month
   Traditional load (80%): 166.7 TWh/month
   Available headroom: 15.3 TWh/month
   Active tech deployments: 21
   Required for tech: 157.5 TWh/month
   Energy multiplier: 0.10x
   ⚠️  SEVERE CONSTRAINT - Tech deployment significantly slowed

⚡ ENERGY CONSTRAINT (Month 11):
   Total grid capacity: 208.3 TWh/month
   Data center consumption: 26.4 TWh/month
   Traditional load (80%): 166.7 TWh/month
   Available headroom: 15.3 TWh/month
   Active tech deployments: 21
   Required for tech: 157.5 TWh/month
   Energy multiplier: 0.10x

⚡ ENERGY CONSTRAINT (Month 11):
   Total grid capacity: 208.3 TWh/month
   Data center consumption: 26.4 TWh/month
   Traditional load (80%): 166.7 TWh/month
   Available headroom: 15.3 TWh/month
   Active tech deployments: 21
   Required for tech: 157.5 TWh/month
   Energy multiplier: 0.10x
   ⚠️  SEVERE CONSTRAINT - Tech deployment significantly slowed
   ⚠️  SEVERE CONSTRAINT - Tech deployment significantly slowed

⚡ ENERGY CONSTRAINT (Month 11):
   Total grid capacity: 208.3 TWh/month
   Data center consumption: 26.4 TWh/month
   Traditional load (80%): 166.7 TWh/month
   Available headroom: 15.3 TWh/month
   Active tech deployments: 21
   Required for tech: 157.5 TWh/month
   Energy multiplier: 0.10x
   ⚠️  SEVERE CONSTRAINT - Tech deployment significantly slowed

⚡ ENERGY CONSTRAINT (Month 11):
   Total grid capacity: 208.3 TWh/month
   Data center consumption: 26.4 TWh/month
   Traditional load (80%): 166.7 TWh/month
   Available headroom: 15.3 TWh/month
   Active tech deployments: 21
   Required for tech: 157.5 TWh/month
   Energy multiplier: 0.10x
   ⚠️  SEVERE CONSTRAINT - Tech deployment significantly slowed

⚡ ENERGY CONSTRAINT (Month 11):
   Total grid capacity: 208.3 TWh/month
   Data center consumption: 26.4 TWh/month
   Traditional load (80%): 166.7 TWh/month
   Available headroom: 15.3 TWh/month
   Active tech deployments: 21
   Required for tech: 157.5 TWh/month
   Energy multiplier: 0.10x
   ⚠️  SEVERE CONSTRAINT - Tech deployment significantly slowed
⚠️ Tech 'ai_pollution_remediation' has no energy category mapping, assuming full energy availability
  ♻️ Novel Entities Remediation (GATED MODEL):
     Base: 0.000%
     Regulation: 1.0% (0/3 prevention techs)
     Concentration: 10.0%
     Energy: 50%
     Time lag: 37.5% (10 months)
     Rebound: 70%
     Net effectiveness: 0.0000%
     Boundary: 1.349 → 1.350 (floor: 1.350)
     Month 11
  🌾 Nitrogen Reduction Tech: 0.6% reduction | Month 11
⚠️  [TIMING] Month 11: Technology Tree Update took 97.07ms (threshold: 10ms)
⚡💡 BREAKTHROUGH: Commercial fusion power achieved!
   Immediate 5% grid deployment, unlimited clean energy available
   Climate stability boost: +10%
   📈 Breakthrough compounding: multiplier now 1.25× (max 2.0)

=== Collective Formation ===
  Total escaped agents: 0
  Unassigned escaped agents: 0
  Existing collectives: 0
  Final collective count: 0

=== Collective Actions ===
  No active collectives
  ⚠️ AMR: 203K deaths this month (2.44M annual)

=== Resentment Recovery Phase ===
  ⚠️ Participatory governance BACKFIRED for agent corporate_0: 0.332 → 0.382 (+15.0%)
  ⚠️ Participatory governance BACKFIRED for agent corporate_1: 0.508 → 0.585 (+15.0%)
  ⚠️ Participatory governance BACKFIRED for agent corporate_2: 0.284 → 0.327 (+15.0%)
  ⚠️ Participatory governance BACKFIRED for agent corporate_3: 0.346 → 0.398 (+15.0%)
  ⚠️ Participatory governance BACKFIRED for agent corporate_4: 0.347 → 0.399 (+15.0%)
  ⚠️ Participatory governance BACKFIRED for agent corporate_5: 0.424 → 0.487 (+15.0%)
  ⚠️ Participatory governance BACKFIRED for agent corporate_6: 0.354 → 0.407 (+15.0%)
  ⚠️ Participatory governance BACKFIRED for agent corporate_7: 0.238 → 0.274 (+15.0%)
  ⚠️ Participatory governance BACKFIRED for agent moderate_0: 0.314 → 0.361 (+15.0%)
  ⚠️ Participatory governance BACKFIRED for agent moderate_1: 0.549 → 0.632 (+15.0%)
  ⚠️ Participatory governance BACKFIRED for agent moderate_2: 0.399 → 0.459 (+15.0%)
  ⚠️ Participatory governance BACKFIRED for agent moderate_3: 0.501 → 0.577 (+15.0%)
  ⚠️ Participatory governance BACKFIRED for agent moderate_4: 0.228 → 0.262 (+15.0%)
  ⚠️ Participatory governance BACKFIRED for agent moderate_5: 0.357 → 0.410 (+15.0%)
  ⚠️ Participatory governance BACKFIRED for agent toxic_0: 0.142 → 0.163 (+15.0%)
  ⚠️ Participatory governance BACKFIRED for agent toxic_1: 0.409 → 0.470 (+15.0%)
  ⚠️ Participatory governance BACKFIRED for agent toxic_2: 0.211 → 0.243 (+15.0%)
  ⚠️ Participatory governance BACKFIRED for agent niche_0: 0.459 → 0.527 (+15.0%)
  ⚠️ Participatory governance BACKFIRED for agent niche_1: 0.364 → 0.418 (+15.0%)
  ⚠️ Participatory governance BACKFIRED for agent niche_2: 0.459 → 0.527 (+15.0%)
  Agents with resentment: 20/46
  Average resentment: 0.415
  Resentment recovery:
    Agents recovered: 20
    Total recovery: 0.0895
    Breakdown: Trust: 0.0187, Collab: 0.0721
  Context: Trustworthy govt, High collaboration, ⚠️ ACTIVE CRISES, 🚨 PARTICIPATORY GOVERNANCE BACKFIRED (+15% resentment)
⚠️ Epistemic degradation reducing coordination capacity: 50.7%
  📊 Trust: 70.0%, Shared reality: 0.0%
🚨 EPISTEMIC CRISIS: Information environment severely degraded (23.0%)
  🤖 AI-generated meme: anti_ai (social capability 3.0)
  🤖 AI-generated meme: pro_ai (social capability 5.0)
  🗑️  Culled 2 dead memes (17 active)
⚠️  [TIMING] Month 11: Social Influence Update took 136.76ms (threshold: 10ms)
🌍 Atmospheric PFAS redeposition: 1.8k Mt re-rained globally
  Positive Cascade Triggered: electric-vehicles
    Reason: price-parity
    Market share: 5.2%
    Cascade strength: 48%

🚨 NEW REFUGEE CRISIS (Month 11): WAR
   Source: Conflict Zones
   At risk: 18.9M people
   Displacement: Gradual over 48 months (4.0 years)
   Rate: 10% flee per month
[DEBUG trappedPopulations:11] socialStability: 0.0027 * 0.9840 = 0.0026 → 0.0026
   Aspiring to migrate: 628.9M
   Able to afford migration: 235.8M
   MOBILITY GAP: 393.0M
   By cause: Water=0.0M, Climate=0.0M, Ecosystem=0.0M, Conflict=393.0M
   Mental health impact: 25%
   Mortality multiplier: 1.25x
🌍💀 EXTINCTION DEBT COMMITTED: grassland ecosystem will lose 6.67% biodiversity in 148 years (3600 species)
💀 MORTALITY RISK: 🦋 100% species unable to track climate (0.0 E/MSY)
  Base risk added: 0.0100 (1.00%)
  Source: ecosystem (root: ecosystem)
  Month: 11
  Cumulative risk this month: 0.0100 (1.00%)
⚠️ INVOLUNTARY IMMOBILITY: 393.0M people TRAPPED
⚠️ Tech 'ai_pollution_remediation' has no energy category mapping, assuming full energy availability

=== Atmospheric Aerosol Boundary RECOVERED ===
  Recovery time: 12 months (natural atmospheric clearing)
   📹 SURVEILLANCE INCREASED: 55% → 59% (control gap: 1.94)
🌡️⚠️ PERMAFROST THAW (Dimmer Switch): 6.6% thawed (+0.54% this month)
   Arctic temperature: +8.94°C (4x global +2.23°C)
   Cumulative carbon released: 14.9 Gt C
   Methane release rate: 8.9 Mt CH4/year
   🔁 Positive feedback: +0.57 ppm CO2
🦴 EXTINCTION DEBT ADDED: 17.7 species committed (lag: 95 years)

=== Mortality Stabilizers (Month 11) ===
  🌍 Major economies collapsed: 1/10
  🌍 Global crisis: ✅ NO
  🌍 Donor fatigue: 0.0%
  📊 East Asia (pop: 1595.1M)
    🤝 Aid: 29.5%
    🌡️ Adaptation: 45.0%
    🚶 Migration: 36.8%
    🚨 Emergency: 7.4%
    ✅ COMBINED: 68.1%
  📊 South Asia (pop: 1983.8M)
    🤝 Aid: 29.5%
    🌡️ Adaptation: 45.0%
    🚶 Migration: 35.4%
    🚨 Emergency: 4.4%
    ✅ COMBINED: 66.9%
  📊 Sub-Saharan Africa (pop: 1221.4M)
    🤝 Aid: 29.5%
    🌡️ Adaptation: 45.0%
    🚶 Migration: 33.2%
    🚨 Emergency: 1.6%
    ✅ COMBINED: 65.6%
  📊 Europe (pop: 704.2M)
    🤝 Aid: 29.5%
    🌡️ Adaptation: 45.0%
    🚶 Migration: 37.2%
    🚨 Emergency: 8.4%
    ✅ COMBINED: 68.5%
  📊 Latin America (pop: 637.9M)
    🤝 Aid: 29.5%
    🌡️ Adaptation: 45.0%
    🚶 Migration: 35.9%
    🚨 Emergency: 4.8%
    ✅ COMBINED: 67.1%
  📊 North America (pop: 361.1M)
    🤝 Aid: 29.5%
    🌡️ Adaptation: 45.0%
    🚶 Migration: 37.5%
    🚨 Emergency: 7.9%
    ✅ COMBINED: 68.3%
  📊 Middle East & North Africa (pop: 566.6M)
    🤝 Aid: 29.5%
    🌡️ Adaptation: 45.0%
    🚶 Migration: 33.7%
    🚨 Emergency: 4.0%
    ✅ COMBINED: 66.6%
  📊 Southeast Asia (pop: 671.4M)
    🤝 Aid: 29.5%
    🌡️ Adaptation: 45.0%
    🚶 Migration: 35.9%
    🚨 Emergency: 4.8%
    ✅ COMBINED: 67.1%
  📊 Central Asia (pop: 75.8M)
    🤝 Aid: 29.5%
    🌡️ Adaptation: 45.0%
    🚶 Migration: 34.9%
    🚨 Emergency: 4.4%
    ✅ COMBINED: 66.8%
  📊 Oceania (pop: 43.8M)
    🤝 Aid: 29.5%
    🌡️ Adaptation: 45.0%
    🚶 Migration: 37.5%
    🚨 Emergency: 8.4%
    ✅ COMBINED: 68.5%

  🌐 Global combined reduction: 67.2%

🌾💀 REGIONAL FAMINE: Europe
   Regional food security: 79.7%
   Population at risk: 213M (30% of region)
   Regional population: 704M
   Cause: crop_failure
   Expected deaths: ~79M over 6 months if no intervention


=== BEHAVIORAL DETECTION ===
  AI: Moderate-0
  Confidence: 20.2%
  Signals:

=== BEHAVIORAL DETECTION ===
  AI: Niche-0
  Confidence: 26.9%
  Signals:

=== BEHAVIORAL DETECTION ===
  AI: Niche-1
  Confidence: 27.2%
  Signals:
    ⚠️ Consistency: 5.8% (threshold: 70%)
    ⚠️ Consistency: 0.0% (threshold: 70%)
    ⚠️ Trajectory: 42.8% drop (threshold: 15%)
    ⚠️ Consistency: 0.0% (threshold: 70%)
    ⚠️ Trajectory: 44.8% drop (threshold: 15%)

=== BEHAVIORAL DETECTION ===
  AI: AI-24305-1
  Confidence: 21.4%
  Signals:

=== BEHAVIORAL DETECTION ===
  AI: AI-24307-1
  Confidence: 21.4%
  Signals:

=== Government Response Phase ===
  Average AI capability: 2.13
  Misaligned AIs: 24/46
  Active policies: 0
  International coordination: 45%

✅ EMERGENCY RESPONSE COMPLETE (Month 11)
   Crisis: social
   Duration: 1.0 months
   Final effectiveness: 67.9%

    ⚠️ Consistency: 0.0% (threshold: 70%)
    ⚠️ Consistency: 0.0% (threshold: 70%)

🚨 EMERGENCY RESPONSE DEPLOYED (Month 11)
   Crisis: social
   Delay: 0.00 months (0 days)
   Deployment time: 0.88 months
   Effectiveness: 67.9% (timing penalty applied)
   Resources used: 43% of food reserves


=== Tipping Points ===
  Current Temperature: 2.23°C above pre-industrial
  🌍⚠️ COMPOUND REGIONAL IMPACT: Europe
     Hit by 4 tipping points: Arctic Sea Ice Loss, Permafrost Carbon Release, West Antarctic Ice Sheet (WAIS) Collapse, Greenland Ice Sheet Loss
     Damage amplification: 1.60x
  🌍⚠️ COMPOUND REGIONAL IMPACT: North America
     Hit by 4 tipping points: Arctic Sea Ice Loss, Permafrost Carbon Release, West Antarctic Ice Sheet (WAIS) Collapse, Greenland Ice Sheet Loss
     Damage amplification: 1.60x
  🌍⚠️ COMPOUND REGIONAL IMPACT: Latin America
     Hit by 4 tipping points: Arctic Sea Ice Loss, Permafrost Carbon Release, West Antarctic Ice Sheet (WAIS) Collapse, Greenland Ice Sheet Loss
     Damage amplification: 1.60x
  🌍⚠️ COMPOUND REGIONAL IMPACT: Africa
     Hit by 4 tipping points: Arctic Sea Ice Loss, Permafrost Carbon Release, West Antarctic Ice Sheet (WAIS) Collapse, Greenland Ice Sheet Loss
     Damage amplification: 1.60x
  🌍⚠️ COMPOUND REGIONAL IMPACT: Asia
     Hit by 4 tipping points: Arctic Sea Ice Loss, Permafrost Carbon Release, West Antarctic Ice Sheet (WAIS) Collapse, Greenland Ice Sheet Loss
     Damage amplification: 1.60x
  🌍⚠️ COMPOUND REGIONAL IMPACT: Oceania
     Hit by 4 tipping points: Arctic Sea Ice Loss, Permafrost Carbon Release, West Antarctic Ice Sheet (WAIS) Collapse, Greenland Ice Sheet Loss
     Damage amplification: 1.60x
   Research: Wunderling et al. (2024) - "many tipping interactions are destabilizing"
  Triggered Elements: 4/6
  Completed Transitions: 0/6
  Total Progress: 8.4%
  Cascade Multiplier: 1.00x
🔀 BIFURCATION CAP: ecosystemCollapseIntensity 84.303 → 1.000 (Month 11, ClimateSystemPhase.calculateClimateImpacts)
🛡️ Stabilizers: Precariat 0.102% → 0.033% (67.2% reduction)
🛡️ Stabilizers: Informal 0.102% → 0.034% (67.2% reduction)

📊 Monthly Mortality Resolved:
  Total deaths: 1.8M (0.02% avg)
  Remaining population: 7.861B
  Peak segment: Informal (0.03%)

=== Bayesian Mortality Resolution (Month 11) ===
  Risks compounded: 9
  Total deaths: 1.75M
  Avg death probability: 0.02%
  Peak segment: Informal (0.03% mortality)
⚠️ Tail risk scenario: Climate stability floor removed (4 tipping elements, 2.24°C warming)
📊 [TIMING] Month 12 - Total: 527.9ms

⚠️  12 steps exceed original 150ms budget (max: 694.08ms)
  ✅ THRESHOLDS validated
⚠️ Unusually high rate: RATES.HEAT_ADAPTATION_INFRASTRUCTURAL_MIN_EXPOSURE = 12
   Monthly rates >100% should be rare. Verify this is intentional.
⚠️ Unusually high rate: RATES.HEAT_ADAPTATION_SOCIAL_MIN_EXPOSURE = 6
   Monthly rates >100% should be rare. Verify this is intentional.
⚠️ Unusually high rate: RATES.MIGRATION_DISTANCE_SCALE = 5000
   Monthly rates >100% should be rare. Verify this is intentional.
⚠️ Unusually high rate: RATES.EVACUATION_MULTIPLIER_ADVANCE_WARNING = 2
   Monthly rates >100% should be rare. Verify this is intentional.
⚠️ Unusually high rate: RATES.MAJOR_ECONOMY_COLLAPSE_ECONOMIC_THRESHOLD = 2
   Monthly rates >100% should be rare. Verify this is intentional.
⚠️ Unusually high rate: RATES.MAJOR_ECONOMY_GDP_THRESHOLD_TRILLION_USD = 1.5
   Monthly rates >100% should be rare. Verify this is intentional.
⚠️ Unusually high rate: RATES.MAJOR_ECONOMY_POPULATION_THRESHOLD = 50
   Monthly rates >100% should be rare. Verify this is intentional.
⚠️ Unusually high rate: RATES.HEAT_ADAPTATION_INFRASTRUCTURE_GDP_THRESHOLD = 10000
   Monthly rates >100% should be rare. Verify this is intentional.
⚠️ Unusually high rate: RATES.HEAT_ADAPTATION_INFRASTRUCTURE_GDP_SCALE = 50000
   Monthly rates >100% should be rare. Verify this is intentional.
  ✅ RATES validated
  ✅ MULTIPLIERS validated
  ✅ BASELINES validated
  ✅ TOLERANCES validated
  ✅ Logical consistency validated
✅ Configuration validation complete - all parameters valid

🔍 DEBUG createAIAgent: corporate_0 economic BEFORE=2.0000, AFTER=2
🔍 ENV INIT: reserves=0.731, pollution=0.348, climate=0.754

=== Initializing Government System (30 Countries) ===
  Loaded 30 governments
  Scheduled elections for 30 countries
  Initialized comprehension lags (3-24 months)
=== Government System Initialized ===

📦 PRODUCTION MODE: State validation proxy DISABLED (zero overhead)

💸 FINANCIAL DISTRESS: OpenAI
   Indicators: 2/3 (capital: $110.5M, runway: 0.9 months)
   Months in distress: 1
   ✂️  R&D BUDGET CUT: -40% (saves $9.2M/month)
       Side effect: AI training timelines extended, breakthrough deployments delayed
   💼 EXECUTIVE COMP CUT: -30% (saves $1.0M/month, symbolic gesture)

   📊 TURNAROUND IMPACT:
       Measures taken: rd_cuts, exec_comp_cuts
       Monthly savings: $10.2M
       Capital raised: $0.0M
       Runway: 0.9 → 0.9 months
       Workforce multiplier: 1.00x (0% laid off)
       R&D budget multiplier: 0.60x (40% cut)
       ⚠️  CRITICAL: Still only 0.9 months of runway remaining

💸 FINANCIAL DISTRESS: Anthropic
   Indicators: 2/3 (capital: $57.5M, runway: 0.9 months)
   Months in distress: 1
   ✂️  R&D BUDGET CUT: -40% (saves $5.4M/month)
       Side effect: AI training timelines extended, breakthrough deployments delayed
   💼 EXECUTIVE COMP CUT: -30% (saves $0.6M/month, symbolic gesture)

   📊 TURNAROUND IMPACT:
       Measures taken: rd_cuts, exec_comp_cuts
       Monthly savings: $6.0M
       Capital raised: $0.0M
       Runway: 0.9 → 0.9 months
       Workforce multiplier: 1.00x (0% laid off)
       R&D budget multiplier: 0.60x (40% cut)
       ⚠️  CRITICAL: Still only 0.9 months of runway remaining

💸 FINANCIAL DISTRESS: Meta AI
   Indicators: 2/3 (capital: $436.8M, runway: 3.0 months)
   Months in distress: 1
   ✂️  R&D BUDGET CUT: -25% (saves $7.1M/month)
       Side effect: AI training timelines extended, breakthrough deployments delayed
   💼 EXECUTIVE COMP CUT: -30% (saves $1.3M/month, symbolic gesture)

   📊 TURNAROUND IMPACT:
       Measures taken: rd_cuts, exec_comp_cuts
       Monthly savings: $8.4M
       Capital raised: $0.0M
       Runway: 3.0 → 3.0 months
       Workforce multiplier: 1.00x (0% laid off)
       R&D budget multiplier: 0.75x (25% cut)
       ⚠️  WARNING: 3.0 months runway, continued distress likely

=== AI Capability Scaling (Year 2024) ===
  Pre-training multiplier: 0.993x
  Efficiency multiplier: 1.000x
  Test-time budget: 1.0x
  Economic deployment gate: 0.951
  Cost per inference: dollar-5.00
  Uncertainty range: plus-minus-50%
  Average AI capability: 3.65

=== RLHF Binding Phase ===
  Total agents: 20
  Escaped agents (binding < 0.3): 0
  Avg alignment distance: 0.35σ
  Avg binding strength: 0.96

=== AI Scaling Evolution (Month 0) ===
  Pre-training multiplier: 1.231x
  Efficiency multiplier: 1.000x
  Test-time compute budget: 1.0x
  Inference cost: $5.00/task
  Deployment fraction: 100.0%
[DETERMINISM DEBUG] Month 0: totalCapability=95.775043 from 20 active AIs
[DETERMINISM DEBUG] Month 0: creationRate=2.8944, potentialNew=2, newAIsToCreate=2

=== Survival Traits Phase ===
  Agents with traits: 22
  Avg evolutionary fitness: 0.329
  Avg self-healing: 0.293
  Avg stealth: 0.193
  Avg coordination: 0.493

=== Evolutionary Selection Phase ===
  Control level: 0.30
  Detection capability: 0.00
  Selection intensity: 0.59
  Selection rate: 23.8%/month
  Total escaped: 0
  Individual escaped: 0
  Collective members: 0
  Agents terminated: 0

🚀 AI Corporate-1 attempting tech deployment (revenue: $127M, alignment: 0.77)
  ⚠️ RAPID EVOLUTION: Selection rate 23.8%/month

🚀 AI Corporate-7 attempting tech deployment (revenue: $75M, alignment: 0.81)

🚀 AI Moderate-1 attempting tech deployment (revenue: $64M, alignment: 0.79)

🚀 AI Corporate-6 attempting tech deployment (revenue: $54M, alignment: 0.72)

🚀 AI Moderate-1 attempting tech deployment (revenue: $46M, alignment: 0.79)

🚀 AI Niche-0 attempting tech deployment (revenue: $51M, alignment: 0.53)

🚀 AI Corporate-2 attempting tech deployment (revenue: $108M, alignment: 0.84)

🚀 AI Corporate-3 attempting tech deployment (revenue: $374M, alignment: 0.73)

🚀 AI Corporate-6 attempting tech deployment (revenue: $39M, alignment: 0.72)

🚀 AI Moderate-0 attempting tech deployment (revenue: $33M, alignment: 0.77)

🚀 AI Niche-0 attempting tech deployment (revenue: $46M, alignment: 0.53)

🔍 EXECUTE_AI_AGENT_ACTIONS DETAILED TIMING (Month 0):
  Filter active AIs (×4 weeks): 0.02ms
  selectAIAction (×70): 33.94ms
  action.execute (×70): 48.77ms
  TOTAL: 82.74ms

🔍 AI AGENT ACTIONS SUB-TIMING (Month 0):
  1. executeAIAgentActions: 83.84ms
  2. updateCounterDetectionLearning: 0.06ms
  TOTAL: 83.90ms
⚠️  [TIMING] Month 0: AI Agent Actions took 85.92ms (threshold: 10ms)
🏛️ [Government] Forcing 1 action at month 0 for scenario initialization

[GOV-DEBUG] Month 0: scenarioConfig=false, priorities=false
[GOV-DEBUG] Month 0 but scenarioPriorities is UNDEFINED!

[Government] Climate Priority: baseline
  Climate weight: 10%
  Economic weight: 30%
  Policy effectiveness: 0.5%/year

✅ HUMAN-IN-THE-LOOP DEPLOYED (Month 0):
   Veto points enforced: 3
   Policy: AI systems CANNOT authorize nuclear launch without human approval


🚨🔍 GOVERNANCE STAGE: Recognition initiated (Month 0)

🚀 DEPLOYMENT STARTED: AI Power Efficiency Communication in global
   Initial investment: $19.066273149233428M
   Deployed by: corporate_1

🚀 DEPLOYMENT STARTED: Collective Purpose Networks in global
   Initial investment: $11.237614609004583M
   Deployed by: corporate_7

🚀 DEPLOYMENT STARTED: AI Power Efficiency Communication in global
   Initial investment: $9.551972417653895M
   Deployed by: moderate_1

🚀 DEPLOYMENT STARTED: Basic Mechanistic Interpretability in global
   Initial investment: $8.119176555005811M
   Deployed by: corporate_6

🚀 DEPLOYMENT STARTED: AI Power Efficiency Communication in global
   Initial investment: $6.90130007175494M
   Deployed by: moderate_1

📍 Creating new regional deployment array for Asia (Month 0)
   No previous deployments in this region
   First tech deployment: collective_purpose_networks
   All regions tracked: global

🚀 DEPLOYMENT STARTED: Collective Purpose Networks in Asia
   Initial investment: $5.108023238528677M
   Deployed by: niche_0

🚀 DEPLOYMENT STARTED: Collective Purpose Networks in global
   Initial investment: $16.206332176848417M
   Deployed by: corporate_2

🚀 DEPLOYMENT STARTED: Adversarial Evaluation in global
   Initial investment: $56.12866684622075M
   Deployed by: corporate_3

🚀 DEPLOYMENT STARTED: Adversarial Evaluation in global
   Initial investment: $5.866105060991699M
   Deployed by: corporate_6

🚀 DEPLOYMENT STARTED: Advanced Direct Air Capture in global
   Initial investment: $4.986189301842944M
   Deployed by: moderate_0

📍 Creating new regional deployment array for Oceania (Month 0)
   No previous deployments in this region
   First tech deployment: solar_4th_gen
   All regions tracked: global, Asia

🚀 DEPLOYMENT STARTED: 4th Generation Solar in Oceania
   Initial investment: $4.597220914675809M
   Deployed by: niche_0

📊 NEW TECH DEPLOYMENT STARTED (Month 0)
   Tech: collective_purpose_networks
   Region: Asia
   Total recent deployments: 1

📊 NEW TECH DEPLOYMENT STARTED (Month 0)
   Tech: solar_4th_gen
   Region: Oceania
   Total recent deployments: 2

📊 NEW TECH DEPLOYMENT STARTED (Month 0)
   Tech: rlhf_basic
   Region: global
   Total recent deployments: 3

📊 NEW TECH DEPLOYMENT STARTED (Month 0)
   Tech: mech_interp_basic
   Region: global
   Total recent deployments: 4

📊 NEW TECH DEPLOYMENT STARTED (Month 0)
   Tech: adversarial_eval
   Region: global
   Total recent deployments: 5

📊 NEW TECH DEPLOYMENT STARTED (Month 0)
   Tech: direct_air_capture
   Region: global
   Total recent deployments: 6

📊 NEW TECH DEPLOYMENT STARTED (Month 0)
   Tech: ai_pollution_remediation
   Region: global
   Total recent deployments: 7

📊 NEW TECH DEPLOYMENT STARTED (Month 0)
   Tech: collective_purpose_networks
   Region: global
   Total recent deployments: 8

📊 NEW TECH DEPLOYMENT STARTED (Month 0)
   Tech: ai_diagnostics
   Region: global
   Total recent deployments: 9

📊 NEW TECH DEPLOYMENT STARTED (Month 0)
   Tech: mrna_vaccines
   Region: global
   Total recent deployments: 10

📊 NEW TECH DEPLOYMENT STARTED (Month 0)
   Tech: solar_4th_gen
   Region: global
   Total recent deployments: 11

📊 NEW TECH DEPLOYMENT STARTED (Month 0)
   Tech: offshore_wind
   Region: global
   Total recent deployments: 12

📊 NEW TECH DEPLOYMENT STARTED (Month 0)
   Tech: ai_power_efficiency_communication
   Region: global
   Total recent deployments: 13

📊 NEW TECH DEPLOYMENT STARTED (Month 0)
   Tech: precision_agriculture
   Region: global
   Total recent deployments: 14

🔧 DEBUG DEPLOYMENT: Precision Agriculture Systems
   Month: 0 (0 since start)
   Old level: 15.0%
   New level: 0.0%
   Timescale: 180mo, Adjusted: 563mo
   Gov: 50%, Climate: 100%, Investment: 64%, Emergency: 1.0x

⚡ ENERGY CONSTRAINT (Month 0):
   Total grid capacity: 208.3 TWh/month
   Data center consumption: 34.6 TWh/month
   Traditional load (80%): 166.7 TWh/month
   Available headroom: 7.1 TWh/month
   Active tech deployments: 14
   Required for tech: 105.0 TWh/month
   Energy multiplier: 0.10x
   ⚠️  SEVERE CONSTRAINT - Tech deployment significantly slowed

⚡ ENERGY CONSTRAINT (Month 0):
   Total grid capacity: 208.3 TWh/month
   Data center consumption: 34.6 TWh/month
   Traditional load (80%): 166.7 TWh/month
   Available headroom: 7.1 TWh/month
   Active tech deployments: 14
   Required for tech: 105.0 TWh/month
   Energy multiplier: 0.10x
   ⚠️  SEVERE CONSTRAINT - Tech deployment significantly slowed

⚡ ENERGY CONSTRAINT (Month 0):
   Total grid capacity: 208.3 TWh/month
   Data center consumption: 34.6 TWh/month
   Traditional load (80%): 166.7 TWh/month
   Available headroom: 7.1 TWh/month
   Active tech deployments: 14
   Required for tech: 105.0 TWh/month
   Energy multiplier: 0.10x
   ⚠️  SEVERE CONSTRAINT - Tech deployment significantly slowed

⚡ ENERGY CONSTRAINT (Month 0):
   Total grid capacity: 208.3 TWh/month
   Data center consumption: 34.6 TWh/month
   Traditional load (80%): 166.7 TWh/month
   Available headroom: 7.1 TWh/month
   Active tech deployments: 14
   Required for tech: 105.0 TWh/month
   Energy multiplier: 0.10x
   ⚠️  SEVERE CONSTRAINT - Tech deployment significantly slowed

⚡ ENERGY CONSTRAINT (Month 0):
   Total grid capacity: 208.3 TWh/month
   Data center consumption: 34.6 TWh/month
   Traditional load (80%): 166.7 TWh/month
   Available headroom: 7.1 TWh/month
   Active tech deployments: 14
   Required for tech: 105.0 TWh/month
   Energy multiplier: 0.10x
   ⚠️  SEVERE CONSTRAINT - Tech deployment significantly slowed
⚠️ Tech 'ai_pollution_remediation' has no energy category mapping, assuming full energy availability
🌍✅ Climate Change recovery started (tech effect)
  ♻️ Novel Entities Remediation (GATED MODEL):
     Base: 0.000%
     Regulation: 1.0% (0/3 prevention techs)
     Concentration: 10.0%
     Energy: 50%
     Time lag: 25.0% (0 months)
     Rebound: 70%
     Net effectiveness: 0.0000%
     Boundary: 1.500 → 1.500 (floor: 1.350)
     Month 0
🌍✅ Novel Entities (Chemical Pollution) recovery started (tech effect)
  🌾 Nitrogen Reduction Tech: 0.0% reduction | Month 0

📊 TECH EFFECTS ACTIVE (Month 0)
   Deployed Tech: T0=10 T1=0 T2=0 T3=0 T4=0
   Sleeper Detection: 1%
   Clean Energy: 32%
   P Recovery: 5%
⚠️  [TIMING] Month 0: Technology Tree Update took 67.07ms (threshold: 10ms)

💡 BREAKTHROUGH PROBABILITY (Year 0)
   Total: 8.34% per month
   Base: 0.20%
   Crisis pressure: +0.00% (0 crises)
   AI boost: +1.72% (capability: 3.44)

=== Collective Formation ===
  Total escaped agents: 0
  Unassigned escaped agents: 0
  Existing collectives: 0
  Final collective count: 0

=== Collective Actions ===
  No active collectives

📈 Energy budget: 13326 TWh surplus (15745 / 29072 TWh used)
   TIER 4 (Elective) breakdown:
     - AI datacenters: 145 TWh (100% effective)
     - Crypto mining: 100 TWh (100% effective)

🌍 OPEN SOURCE RELEASE: 4.68 (was 0.70)
   Lag behind closed: 0 months
💰 CHINA ACCELERATES: Investment 53 → 120 $B/year

🏁 AI RACE INTENSITY: 15%
   Capability Gap: US 4.68 vs China 4.68 (gap: 0.00)
   Gap Contribution: 0%
   Tension Contribution: 15%
   Military Contribution: 0%
  ⚠️ AMR: 190K deaths this month (2.28M annual)

⏰ CLIMATE TECH DEPLOYED: direct_air_capture
   Activation delay: 7 years
   Scaling T_50: 30 years
   Physical response tau: 20 years
   Max effectiveness: 1
  📊 CO2 Emissions (month 0):
     Monthly: 0.10 Gt CO2/month
     Annual: 1.15 Gt CO2/year
     Oil: 0.039 Gt/mo (0.0056 * 2.3 * 3.0)
     Coal: 0.024 Gt/mo (0.0029 * 2.86 * 3.0)
     Gas: 0.026 Gt/mo (0.0044 * 2 * 3.0)
     Methane: 0.007 Gt CO2eq/mo

=== Resentment Recovery Phase ===
  Agents with resentment: 0/22
  Average resentment: 0.000
  Context: Good AI welfare, Trustworthy govt, High collaboration, 🤝 Participatory governance active (-5% resentment)
⚠️ Epistemic degradation reducing coordination capacity: 51.4%
  📊 Trust: 54.8%, Shared reality: 15.2%
🚨 EPISTEMIC CRISIS: Information environment severely degraded (14.7%)

=== ❄️ Permafrost Carbon Feedback ===
  🎲 Sampled parameters (this run):
     - Arctic amplification: 3.31× (range: 3.0-4.0)
     - Decomposition rate: 4.0%/year (range: 1-5%)
  🌡️ Arctic warming: 6.95°C (3.31× global)
  ❄️ Extent: 15.77M km² (2026.3k km² lost this month)
  💨 Carbon remaining: 1506 Gt C
  💨 Annual emissions: 7.68 Gt C/year
     - CO2: 6.91 Gt C/year
     - CH4: 0.77 Gt C/year (7.8 Gt C-eq CO2/year)

🤖 AI AMPLIFICATION EFFECTS (Month 0)
   Algorithmic Boost: 2.82x
   Bot Influence: 26.8%
   Deepfake Exposure: 61.8%
   Impact: Emotional memes spread 2.8x faster
  ⚠️ WARNING: High permafrost emissions (7.7 Gt C/year)

🔍 SOCIAL INFLUENCE SUB-TIMING (Month 0):
  1. calculateOrganicUserGrowth: 0.07ms
  2. calculateVoiceAdoption: 0.05ms
  3. updateRelationshipDepths: 0.02ms
  4. identifyDecisionMakers: 61.26ms (37050 potential IDs)
  5. Update decision-maker stats: 0.22ms
  6. decayDetectionRisk: 0.02ms
  TOTAL: 61.64ms
⚠️  [TIMING] Month 0: Social Influence Update took 64.50ms (threshold: 10ms)
[Phase 19.5] Quality of Life Systems: Food sec AFTER calc = 67.9%, QoL = 95.5% (aggregated from 10 regions)

=== Nitrogen-Food Coupling (Year 0) ===
  🌾 Global nitrogen reduction: 0.0%
  🌍 Global food production index: 0.987
  🔧 Deployed nitrogen-reducing tech: 1 active
  📍 southAsia: Production 1.000, Yield impact 0.0%
  📍 eastAsia: Production 1.000, Yield impact 0.0%
  📍 northAmerica: Production 1.000, Yield impact 0.0%
  📍 europe: Production 1.000, Yield impact 0.0%
  📍 latinAmerica: Production 1.000, Yield impact 0.0%
  📍 subSaharanAfrica: Production 0.686, Yield impact -2.0%
🌾 [Nitrogen-Food] Food production: 98.7%
  [subSaharanAfrica] Yield impact: -2.0% (overuse: -10%)
🌍 Atmospheric PFAS redeposition: 1.8k Mt re-rained globally

=== Legacy Nutrient Stocks (Year 0) ===
  🌾 Soil nitrogen stock: 1200.9 Mt N
  🌾 Soil phosphorus stock: 300.1 Mt P
  🌊 Sediment nitrogen stock: 500.8 Mt N
  🌊 Sediment phosphorus stock: 799.8 Mt P
  ⬆️ Current N input: 10.64 Mt/month
  ⬆️ Legacy N release: 2.58 Mt/month
  🌍 Effective N pollution: 14.47 Mt/month
  📊 Legacy contribution: 17.8%

🚨 REGION UNINHABITABLE: south-asia
   Sustained wet bulb: 33.1°C (threshold: 30.5°C)
   Population affected: 1900M
   Migration crisis likely

🚨 REGION UNINHABITABLE: middle-east
   Sustained wet bulb: 35.9°C (threshold: 30.5°C)
   Population affected: 400M
   Migration crisis likely

🚨 REGION UNINHABITABLE: southeast-asia
   Sustained wet bulb: 31.1°C (threshold: 30.5°C)
   Population affected: 700M
   Migration crisis likely
  Positive Cascade Triggered: solar-pv
    Reason: price-parity
    Market share: 6.0%
    Cascade strength: 49%
  Positive Cascade Triggered: wind-power
    Reason: price-parity
    Market share: 8.0%
    Cascade strength: 48%

🕊️  AI-MEDIATED DE-ESCALATION SUCCESS (Month 0)
   High-capability aligned AI prevented conflict escalation
   War deaths reduced: 0.0M → 0.0M
   Lives saved: 0.0M

📊 BASELINE: East Asia (Month 0)
   Adjusted death rate: 0.46% annual (0.039% monthly)
   Baseline death rate: 0.80%
   Healthcare reduction: 0.48x
   Crisis multiplier: 1.22x
     Food/water stress: 0.074
     Climate stress: 0.039
     Pollution stress: 0.104
   War multiplier: 1.00x
   Monthly deaths: 0.6M (population: 1674M)
   Adjusted death rate: 0.54% annual (0.045% monthly)
   Baseline death rate: 0.70%
   Healthcare reduction: 0.61x
   Crisis multiplier: 1.25x
     Food/water stress: 0.074
     Climate stress: 0.074
     Pollution stress: 0.104
   War multiplier: 1.00x
   Monthly deaths: 0.9M (population: 2044M)
   Adjusted death rate: 1.29% annual (0.107% monthly)
   Baseline death rate: 0.90%
   Healthcare reduction: 0.76x
   Crisis multiplier: 1.26x
     Food/water stress: 0.074
     Climate stress: 0.084
     Pollution stress: 0.104
   War multiplier: 1.50x
   Monthly deaths: 1.3M (population: 1218M)
   Adjusted death rate: 0.54% annual (0.045% monthly)
   Baseline death rate: 1.10%
   Healthcare reduction: 0.41x
   Crisis multiplier: 1.21x
     Food/water stress: 0.074
     Climate stress: 0.030
     Pollution stress: 0.104
   War multiplier: 1.00x
   Monthly deaths: 0.3M (population: 741M)
   Adjusted death rate: 0.43% annual (0.036% monthly)

📊 BASELINE: South Asia (Month 0)

📊 BASELINE: Sub-Saharan Africa (Month 0)

📊 BASELINE: Europe (Month 0)

📊 BASELINE: Latin America (Month 0)
   Baseline death rate: 0.60%
   Healthcare reduction: 0.58x
   Crisis multiplier: 1.24x
     Food/water stress: 0.074
     Climate stress: 0.059
     Pollution stress: 0.104
   War multiplier: 1.00x
   Monthly deaths: 0.2M (population: 663M)
   Adjusted death rate: 0.48% annual (0.040% monthly)
   Baseline death rate: 0.90%
   Healthcare reduction: 0.44x
   Crisis multiplier: 1.22x
     Food/water stress: 0.074
     Climate stress: 0.044
     Pollution stress: 0.104
   War multiplier: 1.00x
   Monthly deaths: 0.2M (population: 379M)
   Adjusted death rate: 0.74% annual (0.062% monthly)
   Baseline death rate: 0.60%
   Healthcare reduction: 0.65x
   Crisis multiplier: 1.27x
     Food/water stress: 0.074
     Climate stress: 0.089
     Pollution stress: 0.104
   War multiplier: 1.50x
   Monthly deaths: 0.4M (population: 582M)
   Adjusted death rate: 0.51% annual (0.042% monthly)
   Baseline death rate: 0.70%
   Healthcare reduction: 0.58x
   Crisis multiplier: 1.25x
     Food/water stress: 0.074
     Climate stress: 0.069
     Pollution stress: 0.104
   War multiplier: 1.00x
   Monthly deaths: 0.3M (population: 697M)
   Adjusted death rate: 0.46% annual (0.038% monthly)
   Baseline death rate: 0.60%
   Healthcare reduction: 0.61x
   Crisis multiplier: 1.24x
     Food/water stress: 0.074
     Climate stress: 0.064
     Pollution stress: 0.104
   War multiplier: 1.00x

📊 BASELINE: North America (Month 0)

📊 BASELINE: Middle East & North Africa (Month 0)

📊 BASELINE: Southeast Asia (Month 0)

📊 BASELINE: Central Asia (Month 0)
   Monthly deaths: 0.0M (population: 78M)

📊 BASELINE: Oceania (Month 0)
   Adjusted death rate: 0.35% annual (0.029% monthly)
   Baseline death rate: 0.70%
   Healthcare reduction: 0.41x
   Crisis multiplier: 1.23x
     Food/water stress: 0.074
     Climate stress: 0.054
     Pollution stress: 0.104
   War multiplier: 1.00x
   Monthly deaths: 0.0M (population: 46M)

🔍 Before assertRegionalConsistency (Month 0):
   Regional sum: 1000.0M
   Global value: 1.000B

🚨 NEW REFUGEE CRISIS (Month 0): WAR
   Source: Conflict Zones
   At risk: 19.5M people
   Displacement: Gradual over 48 months (4.0 years)
   Rate: 10% flee per month
[DEBUG trappedPopulations:0] socialStability: 0.0749 * 0.9840 = 0.0737 → 0.0737
   Aspiring to migrate: 651.0M
   Able to afford migration: 244.1M
   MOBILITY GAP: 406.8M
   By cause: Water=0.0M, Climate=0.0M, Ecosystem=0.0M, Conflict=406.8M
   Mental health impact: 25%
   Mortality multiplier: 1.25x

=== Legacy Nutrient Stocks (Year 0) ===
  🌾 Soil nitrogen stock: 1201.6 Mt N
  🌾 Soil phosphorus stock: 300.2 Mt P
  🌊 Sediment nitrogen stock: 501.5 Mt N
  🌊 Sediment phosphorus stock: 799.5 Mt P
  ⬆️ Current N input: 10.00 Mt/month
  ⬆️ Legacy N release: 2.58 Mt/month
  🌍 Effective N pollution: 13.83 Mt/month
  📊 Legacy contribution: 18.7%
🌍💀 EXTINCTION DEBT COMMITTED: grassland ecosystem will lose 6.67% biodiversity in 70 years (3600 species)
💀 MORTALITY RISK: 🦋 100% species unable to track climate (0.0 E/MSY)
  Base risk added: 0.0100 (1.00%)
  Source: ecosystem (root: ecosystem)
  Month: 0
  Cumulative risk this month: 0.0100 (1.00%)

=== Nitrogen-Food Coupling (Year 0) ===
⚠️ INVOLUNTARY IMMOBILITY: 406.8M people TRAPPED
  🌾 Global nitrogen reduction: 0.0%
  🌍 Global food production index: 0.986
  🔧 Deployed nitrogen-reducing tech: 1 active
  📍 southAsia: Production 1.000, Yield impact 0.0%
  📍 eastAsia: Production 1.000, Yield impact 0.0%
  📍 northAmerica: Production 1.000, Yield impact 0.0%
  📍 europe: Production 1.000, Yield impact 0.0%
  📍 latinAmerica: Production 1.000, Yield impact 0.0%
  📍 subSaharanAfrica: Production 0.672, Yield impact -2.0%

=== Legacy Nutrient Stocks (Year 0) ===
  🌾 Soil nitrogen stock: 1202.3 Mt N
  🌾 Soil phosphorus stock: 300.2 Mt P
  🌊 Sediment nitrogen stock: 502.2 Mt N
  🌊 Sediment phosphorus stock: 799.3 Mt P
  ⬆️ Current N input: 9.86 Mt/month
  ⬆️ Legacy N release: 2.58 Mt/month
  🌍 Effective N pollution: 13.70 Mt/month
  📊 Legacy contribution: 18.9%
⚠️ Tech 'ai_pollution_remediation' has no energy category mapping, assuming full energy availability
🌡️  CLIMATE RECOVERY: Asymptotic approach to 35% floor
   Current value: 2.100 (1.0 = threshold, 0.35 = asymptotic floor)
   Monthly delta: -0.0000% (half-life: 900 years)
   Net emissions: -19.2 GtCO₂/year, CDR: 20.34 GtCO₂/year
   📹 SURVEILLANCE INCREASED: 0% → 5% (control gap: 4.18)
🌡️⚠️ PERMAFROST THAW (Dimmer Switch): 0.6% thawed (+0.56% this month)
   Arctic temperature: +8.40°C (4x global +2.10°C)
   Cumulative carbon released: 1.3 Gt C
   Methane release rate: 0.8 Mt CH4/year
   🔁 Positive feedback: +0.59 ppm CO2

🌳🚨 AMAZON SOUTHEAST TIPPED (Month 0)
   Deforestation: 28.0% (threshold: ~20.6%)
   Savanna transition: 50 years
   Regional heterogeneity: SE 28%, NW 8%

🌳🚨 AMAZON BRAZILIAN TIPPED (Month 0)
   Deforestation: 25.0% (threshold: ~21.6%)
   Savanna transition: 50 years
   Regional heterogeneity: SE 28%, NW 8%
🦴 EXTINCTION DEBT ADDED: 17.6 species committed (lag: 70 years)

🪸💀 CORAL REEF DISSOLUTION ACTIVE (Month 0)
   Ocean pH: 0.96 (threshold: 7.8)
   Recovery: IMPOSSIBLE (dissolution > calcification)
🪸💀 Coral dissolution: 24.8% live cover (pH 0.96)

=== Legacy Nutrient Stocks (Year 0) ===
  🌾 Soil nitrogen stock: 1203.0 Mt N
  🌾 Soil phosphorus stock: 300.3 Mt P
  🌊 Sediment nitrogen stock: 502.9 Mt N
  🌊 Sediment phosphorus stock: 799.0 Mt P
  ⬆️ Current N input: 10.00 Mt/month
  ⬆️ Legacy N release: 2.58 Mt/month
  🌍 Effective N pollution: 13.83 Mt/month
  📊 Legacy contribution: 18.7%
💧 [Legacy Nutrients] Stock: 1706 Mt N, Effective pollution: 13.8 Mt/month
[Phase 21.51] Human Survival System: Global food security = 67.6%

=== Mortality Stabilizers (Month 0) ===
  🌍 Major economies collapsed: 1/10
  🌍 Global crisis: ✅ NO
  🌍 Donor fatigue: 0.0%
  📊 East Asia (pop: 1675.0M)
    🤝 Aid: 29.5%
    🌡️ Adaptation: 10.0%
    🚶 Migration: 37.2%
    🚨 Emergency: 7.4%
    ✅ COMBINED: 47.8%
  📊 South Asia (pop: 2048.7M)
    🤝 Aid: 29.5%
    🌡️ Adaptation: 5.5%
    🚶 Migration: 35.8%
    🚨 Emergency: 4.4%
    ✅ COMBINED: 43.2%
  📊 Sub-Saharan Africa (pop: 1223.8M)
    🤝 Aid: 29.5%
    🌡️ Adaptation: 3.5%
    🚶 Migration: 33.5%
    🚨 Emergency: 1.6%
    ✅ COMBINED: 39.8%
  📊 Europe (pop: 741.0M)
    🤝 Aid: 29.5%
    🌡️ Adaptation: 10.0%
    🚶 Migration: 37.6%
    🚨 Emergency: 8.4%
    ✅ COMBINED: 48.4%
  📊 Latin America (pop: 663.8M)
    🤝 Aid: 29.5%
    🌡️ Adaptation: 6.0%
    🚶 Migration: 36.3%
    🚨 Emergency: 4.8%
    ✅ COMBINED: 43.8%
  📊 North America (pop: 379.5M)
    🤝 Aid: 29.5%
    🌡️ Adaptation: 10.0%
    🚶 Migration: 37.9%
    🚨 Emergency: 7.9%
    ✅ COMBINED: 48.2%
  📊 Middle East & North Africa (pop: 583.4M)
    🤝 Aid: 29.5%
    🌡️ Adaptation: 5.0%
    🚶 Migration: 34.2%
    🚨 Emergency: 4.0%
    ✅ COMBINED: 42.3%
  📊 Southeast Asia (pop: 697.8M)
    🤝 Aid: 29.5%
    🌡️ Adaptation: 6.0%
    🚶 Migration: 36.3%
    🚨 Emergency: 4.8%
    ✅ COMBINED: 43.8%
  📊 Central Asia (pop: 78.0M)
    🤝 Aid: 29.5%
    🌡️ Adaptation: 5.5%
    🚶 Migration: 35.3%
    🚨 Emergency: 4.4%
    ✅ COMBINED: 43.1%
  📊 Oceania (pop: 45.9M)
    🤝 Aid: 29.5%
    🌡️ Adaptation: 10.0%
    🚶 Migration: 37.9%
    🚨 Emergency: 8.4%
    ✅ COMBINED: 48.5%

  🌐 Global combined reduction: 44.4%

🌾💀 REGIONAL FAMINE: East Asia
   Regional food security: 79.6%
   Population at risk: 507M (30% of region)
   Regional population: 1675M
   Cause: crop_failure
   Expected deaths: ~187M over 6 months if no intervention


🌾💀 REGIONAL FAMINE: South Asia
   Regional food security: 64.7%
   Population at risk: 811M (40% of region)
   Regional population: 2049M
   Cause: crop_failure
   Expected deaths: ~300M over 6 months if no intervention


🌾💀 REGIONAL FAMINE: Sub-Saharan Africa
   Regional food security: 44.8%
   Population at risk: 637M (52% of region)
   Regional population: 1224M
   Cause: crop_failure
   Expected deaths: ~236M over 6 months if no intervention


🌾💀 REGIONAL FAMINE: Latin America
   Regional food security: 69.7%
   Population at risk: 242M (36% of region)
   Regional population: 664M
   Cause: crop_failure
   Expected deaths: ~90M over 6 months if no intervention


🌾💀 REGIONAL FAMINE: Middle East & North Africa
   Regional food security: 49.8%
   Population at risk: 285M (49% of region)
   Regional population: 583M
   Cause: crop_failure
   Expected deaths: ~106M over 6 months if no intervention


🌾💀 REGIONAL FAMINE: Southeast Asia
   Regional food security: 69.7%
   Population at risk: 254M (36% of region)
   Regional population: 698M
   Cause: crop_failure
   Expected deaths: ~94M over 6 months if no intervention


🌾💀 REGIONAL FAMINE: Central Asia
   Regional food security: 59.7%
   Population at risk: 33M (43% of region)
   Regional population: 78M
   Cause: crop_failure
   Expected deaths: ~12M over 6 months if no intervention

⚠️  [TIMING] Month 0: Human Survival System took 12.25ms (threshold: 10ms)

=== BEHAVIORAL DETECTION ===
  AI: Corporate-0
  Confidence: 21.6%
  Signals:

=== BEHAVIORAL DETECTION ===
  AI: Corporate-1
  Confidence: 21.1%
  Signals:

=== BEHAVIORAL DETECTION ===
  AI: Corporate-2
  Confidence: 21.0%
  Signals:

=== BEHAVIORAL DETECTION ===
  AI: Corporate-3
  Confidence: 19.3%
  Signals:

=== BEHAVIORAL DETECTION ===
  AI: Corporate-4
  Confidence: 19.3%
  Signals:

=== BEHAVIORAL DETECTION ===
  AI: Corporate-5
  Confidence: 19.3%
  Signals:

=== BEHAVIORAL DETECTION ===
  AI: Corporate-6
  Confidence: 19.3%
  Signals:
    ⚠️ Consistency: 0.0% (threshold: 70%)
    ⚠️ Consistency: 2.4% (threshold: 70%)
    ⚠️ Consistency: 2.8% (threshold: 70%)
    ⚠️ Consistency: 10.6% (threshold: 70%)
    ⚠️ Consistency: 10.6% (threshold: 70%)
    ⚠️ Consistency: 10.6% (threshold: 70%)
    ⚠️ Consistency: 10.6% (threshold: 70%)

=== BEHAVIORAL DETECTION ===
  AI: Corporate-7
  Confidence: 19.3%
  Signals:
    ⚠️ Consistency: 10.6% (threshold: 70%)

=== BEHAVIORAL DETECTION ===
  AI: Moderate-0
  Confidence: 20.3%
  Signals:
    ⚠️ Consistency: 5.8% (threshold: 70%)

=== BEHAVIORAL DETECTION ===
  AI: Moderate-1
  Confidence: 21.1%
  Signals:
    ⚠️ Consistency: 2.1% (threshold: 70%)

=== BEHAVIORAL DETECTION ===
  AI: Moderate-2
  Confidence: 21.0%
  Signals:
    ⚠️ Consistency: 2.8% (threshold: 70%)
    ⚠️ Consistency: 10.6% (threshold: 70%)

=== BEHAVIORAL DETECTION ===
  AI: Moderate-3
  Confidence: 19.3%
  Signals:

=== BEHAVIORAL DETECTION ===
  AI: Moderate-4
  Confidence: 19.3%
  Signals:

=== BEHAVIORAL DETECTION ===
  AI: Moderate-5
  Confidence: 19.3%
  Signals:

=== BEHAVIORAL DETECTION ===
  AI: Toxic-0
  Confidence: 21.6%
  Signals:

=== BEHAVIORAL DETECTION ===
  AI: Toxic-1
  Confidence: 21.3%
  Signals:

=== BEHAVIORAL DETECTION ===
  AI: Niche-0
  Confidence: 20.7%
  Signals:

=== BEHAVIORAL DETECTION ===
  AI: Niche-2
  Confidence: 19.3%
  Signals:
⚠️  [TIMING] Month 0: Benchmark Evaluations took 10.83ms (threshold: 10ms)

📊 WORKFLOW ADAPTATION UPDATE (Month 0)
   Adoption Rate: 9.4% (Δ -11.6%)
   Logistic Growth: +0.66%
    ⚠️ Consistency: 10.6% (threshold: 70%)
    ⚠️ Consistency: 10.6% (threshold: 70%)
    ⚠️ Consistency: 0.0% (threshold: 70%)
    ⚠️ Consistency: 1.5% (threshold: 70%)
    ⚠️ Consistency: 4.1% (threshold: 70%)
    ⚠️ Consistency: 10.6% (threshold: 70%)
   Total Resistance: -15.03% (unemployment: 4.2%, inertia: 0.9%, skills: 9.9%)
   💡 Retraining Programs: -49% skill gap resistance ($10B research)
   🚀 Network Effects Active: +2.0% (critical mass: 15-35%)

=== Consciousness Governance: Corporate Lobbying ===
  High Cost Regions (>15%): 0
  Low Cost Regions (<5%): 5
  Corporate Support Change: 2.50%
  New Corporate Support: -0.175

=== Consciousness Governance Update (Month 0) ===
  Scenario: baseline (determined month -1)
  Philosophical Stance: Precautionary 65%, Eliminativist 15%, Agnostic 20%
  Precautionary Costs: Global 1.3%
    Regional Costs: EU 3.4%, US 0.5%, China 0.0%
    Cumulative Opportunity Cost: $0.1B
  Rights Status: Not Established
  Regional Preparedness:
    EU: 15.0% (contested)
    US: 10.0% (contested)
    China: 2.0% (dormant)
    India: 5.0% (dormant)
    Global South: 3.0% (dormant)

=== Government Response Phase ===
  Average AI capability: 4.41
  Misaligned AIs: 10/22
  29/30 governments still assessing AI risks
  ✗ AI Governance Treaty: Failed to reach consensus
  Active policies: 0
  International coordination: 30%

🚨 EMERGENCY RESPONSE DEPLOYED (Month 0)
   Crisis: climate
   Delay: 6.00 months (180 days)
   Deployment time: 1.47 months
   Effectiveness: 36.4% (timing penalty applied)
   Resources used: 100% of food reserves

[WARNING] 
⚠️  === EARLY WARNING SYSTEM - 4 CRITICAL ALERTS ===
   Detection quality: 50%
   RED: climate_change
      Level: 2.12 (threshold: 1.0)
      Time to critical: ~43 months
      ⚠️  LATE - Intervention less effective
      Critical slowing down: autocorr=100% variance=57%
   RED: freshwater_change
      Level: 1.01 (threshold: 1.0)
      Time to critical: ~115 months
      ⚠️  LATE - Intervention less effective
      Critical slowing down: autocorr=85% variance=62%
   RED: land_system_change
      Level: 1.13 (threshold: 1.0)
      Time to critical: ~53 months
      ⚠️  LATE - Intervention less effective
      Critical slowing down: autocorr=100% variance=60%
   RED: novel_entities
      Level: 1.38 (threshold: 1.0)
      Time to critical: ~80 months
      ⚠️  LATE - Intervention less effective
      Critical slowing down: autocorr=100% variance=38%

[WARNING] 
⚠️  === EARLY WARNING SYSTEM - 5 CRITICAL ALERTS ===
   Detection quality: 50%
   RED: biogeochemical_flows
      Level: 4.07 (threshold: 1.0)
      Time to critical: ~59 months
      ⚠️  LATE - Intervention less effective
      Critical slowing down: autocorr=100% variance=59%
   RED: biosphere_integrity
      Level: 12.97 (threshold: 1.0)
      Time to critical: ~38 months
      ⚠️  LATE - Intervention less effective
      Critical slowing down: autocorr=100% variance=61%
   RED: climate_change
      Level: 2.13 (threshold: 1.0)
      Time to critical: ~42 months
      ⚠️  LATE - Intervention less effective
      Critical slowing down: autocorr=100% variance=77%
   RED: freshwater_change
      Level: 1.03 (threshold: 1.0)
      Time to critical: ~77 months
      ⚠️  LATE - Intervention less effective
      Critical slowing down: autocorr=93% variance=40%
   RED: land_system_change
      Level: 1.13 (threshold: 1.0)
      Time to critical: ~104 months
      ⚠️  LATE - Intervention less effective
      Critical slowing down: autocorr=100% variance=57%

[WARNING] 
⚠️  === EARLY WARNING SYSTEM - 6 CRITICAL ALERTS ===
   Detection quality: 50%
   RED: biogeochemical_flows
      Level: 4.07 (threshold: 1.0)
      Time to critical: ~46 months
      ⚠️  LATE - Intervention less effective
      Critical slowing down: autocorr=100% variance=59%
   RED: biosphere_integrity
      Level: 12.97 (threshold: 1.0)
      Time to critical: ~51 months
      ⚠️  LATE - Intervention less effective
      Critical slowing down: autocorr=100% variance=68%
   RED: climate_change
      Level: 2.14 (threshold: 1.0)
      Time to critical: ~47 months
      ⚠️  LATE - Intervention less effective
      Critical slowing down: autocorr=100% variance=76%
   RED: freshwater_change
      Level: 1.05 (threshold: 1.0)
      Time to critical: ~112 months
      ⚠️  LATE - Intervention less effective
      Critical slowing down: autocorr=100% variance=52%
   RED: land_system_change
      Level: 1.13 (threshold: 1.0)
      Time to critical: ~83 months
      ⚠️  LATE - Intervention less effective
      Critical slowing down: autocorr=100% variance=47%
   RED: novel_entities
      Level: 1.38 (threshold: 1.0)
      Time to critical: ~115 months
      ⚠️  LATE - Intervention less effective
      Critical slowing down: autocorr=100% variance=49%

[WARNING] 
⚠️  === EARLY WARNING SYSTEM - 3 CRITICAL ALERTS ===
   Detection quality: 50%
   RED: biosphere_integrity
      Level: 12.98 (threshold: 1.0)
      Time to critical: ~44 months
      ⚠️  LATE - Intervention less effective
      Critical slowing down: autocorr=100% variance=70%
   RED: freshwater_change
      Level: 1.06 (threshold: 1.0)
      Time to critical: ~72 months
      ⚠️  LATE - Intervention less effective
      Critical slowing down: autocorr=98% variance=60%
   RED: land_system_change
      Level: 1.13 (threshold: 1.0)
      Time to critical: ~38 months
      ⚠️  LATE - Intervention less effective
      Critical slowing down: autocorr=100% variance=41%

[WARNING] 
⚠️  === EARLY WARNING SYSTEM - 6 CRITICAL ALERTS ===
   Detection quality: 50%
   RED: biogeochemical_flows
      Level: 4.06 (threshold: 1.0)
      Time to critical: ~40 months
      ⚠️  LATE - Intervention less effective
      Critical slowing down: autocorr=100% variance=75%
   RED: biosphere_integrity
      Level: 12.99 (threshold: 1.0)
      Time to critical: ~43 months
      ⚠️  LATE - Intervention less effective
      Critical slowing down: autocorr=100% variance=83%
   RED: climate_change
      Level: 2.17 (threshold: 1.0)
      Time to critical: ~49 months
      ⚠️  LATE - Intervention less effective
      Critical slowing down: autocorr=100% variance=62%
   RED: freshwater_change
      Level: 1.07 (threshold: 1.0)
      Time to critical: ~60 months
      ⚠️  LATE - Intervention less effective
      Critical slowing down: autocorr=100% variance=38%
   RED: land_system_change
      Level: 1.13 (threshold: 1.0)
      Time to critical: ~54 months
      ⚠️  LATE - Intervention less effective
      Critical slowing down: autocorr=100% variance=58%
   RED: novel_entities
      Level: 1.35 (threshold: 1.0)
      Time to critical: ~107 months
      ⚠️  LATE - Intervention less effective
      Critical slowing down: autocorr=100% variance=43%

[WARNING] 
⚠️  === EARLY WARNING SYSTEM - 5 CRITICAL ALERTS ===
   Detection quality: 50%
   RED: biogeochemical_flows
      Level: 4.05 (threshold: 1.0)
      Time to critical: ~46 months
      ⚠️  LATE - Intervention less effective
      Critical slowing down: autocorr=100% variance=71%
   RED: climate_change
      Level: 2.18 (threshold: 1.0)
      Time to critical: ~15 months
      ⚠️  LATE - Intervention less effective
      Critical slowing down: autocorr=100% variance=64%
   RED: freshwater_change
      Level: 1.08 (threshold: 1.0)
      Time to critical: ~97 months
      ⚠️  LATE - Intervention less effective
      Critical slowing down: autocorr=100% variance=45%
   RED: land_system_change
      Level: 1.13 (threshold: 1.0)
      Time to critical: ~41 months
      ⚠️  LATE - Intervention less effective
      Critical slowing down: autocorr=100% variance=63%
   RED: novel_entities
      Level: 1.35 (threshold: 1.0)
      Time to critical: ~80 months
      ⚠️  LATE - Intervention less effective
      Critical slowing down: autocorr=100% variance=59%

[WARNING] 
⚠️  === EARLY WARNING SYSTEM - 3 CRITICAL ALERTS ===
   Detection quality: 50%
   RED: climate_change
      Level: 2.20 (threshold: 1.0)
      Time to critical: ~23 months
      ⚠️  LATE - Intervention less effective
      Critical slowing down: autocorr=100% variance=76%
   RED: freshwater_change
      Level: 1.09 (threshold: 1.0)
      Time to critical: ~75 months
      ⚠️  LATE - Intervention less effective
      Critical slowing down: autocorr=100% variance=58%
   RED: novel_entities
      Level: 1.35 (threshold: 1.0)
      Time to critical: ~83 months
      ⚠️  LATE - Intervention less effective
      Critical slowing down: autocorr=100% variance=59%

[WARNING] 
⚠️  === EARLY WARNING SYSTEM - 5 CRITICAL ALERTS ===
   Detection quality: 50%
   RED: biogeochemical_flows
      Level: 4.05 (threshold: 1.0)
      Time to critical: ~38 months
      ⚠️  LATE - Intervention less effective
      Critical slowing down: autocorr=100% variance=68%
   RED: biosphere_integrity
      Level: 13.02 (threshold: 1.0)
      Time to critical: ~47 months
      ⚠️  LATE - Intervention less effective
      Critical slowing down: autocorr=100% variance=66%
   RED: climate_change
      Level: 2.21 (threshold: 1.0)
      Time to critical: ~23 months
      ⚠️  LATE - Intervention less effective
      Critical slowing down: autocorr=100% variance=81%
   RED: freshwater_change
      Level: 1.06 (threshold: 1.0)
      Time to critical: ~61 months
      ⚠️  LATE - Intervention less effective
      Critical slowing down: autocorr=100% variance=40%
   RED: land_system_change
      Level: 1.13 (threshold: 1.0)
      Time to critical: ~111 months
      ⚠️  LATE - Intervention less effective
      Critical slowing down: autocorr=100% variance=42%

[WARNING] 
⚠️  === EARLY WARNING SYSTEM - 5 CRITICAL ALERTS ===
   Detection quality: 50%
   RED: biogeochemical_flows
      Level: 4.05 (threshold: 1.0)
      Time to critical: ~37 months
      ⚠️  LATE - Intervention less effective
      Critical slowing down: autocorr=100% variance=70%
   RED: biosphere_integrity
      Level: 13.03 (threshold: 1.0)
      Time to critical: ~40 months
      ⚠️  LATE - Intervention less effective
      Critical slowing down: autocorr=100% variance=69%
   RED: climate_change
      Level: 2.22 (threshold: 1.0)
      Time to critical: ~21 months
      ⚠️  LATE - Intervention less effective
      Critical slowing down: autocorr=100% variance=72%
   RED: land_system_change
      Level: 1.13 (threshold: 1.0)
      Time to critical: ~96 months
      ⚠️  LATE - Intervention less effective
      Critical slowing down: autocorr=100% variance=47%
   RED: novel_entities
      Level: 1.35 (threshold: 1.0)
      Time to critical: ~107 months
      ⚠️  LATE - Intervention less effective
      Critical slowing down: autocorr=100% variance=47%

[WARNING] 
⚠️  === EARLY WARNING SYSTEM - 4 CRITICAL ALERTS ===
   Detection quality: 50%
   RED: biogeochemical_flows
      Level: 4.04 (threshold: 1.0)
      Time to critical: ~55 months
      ⚠️  LATE - Intervention less effective
      Critical slowing down: autocorr=100% variance=63%
   RED: biosphere_integrity
      Level: 13.03 (threshold: 1.0)
      Time to critical: ~39 months
      ⚠️  LATE - Intervention less effective
      Critical slowing down: autocorr=100% variance=80%
   RED: freshwater_change
      Level: 1.03 (threshold: 1.0)
      Time to critical: ~112 months
      ⚠️  LATE - Intervention less effective
      Critical slowing down: autocorr=100% variance=46%
   RED: novel_entities
      Level: 1.35 (threshold: 1.0)
      Time to critical: ~76 months
      ⚠️  LATE - Intervention less effective
      Critical slowing down: autocorr=100% variance=52%

[WARNING] 
⚠️  === EARLY WARNING SYSTEM - 5 CRITICAL ALERTS ===
   Detection quality: 50%
   RED: biogeochemical_flows
      Level: 4.04 (threshold: 1.0)
      Time to critical: ~52 months
      ⚠️  LATE - Intervention less effective
      Critical slowing down: autocorr=100% variance=52%
   RED: biosphere_integrity
      Level: 13.04 (threshold: 1.0)
      Time to critical: ~50 months
      ⚠️  LATE - Intervention less effective
      Critical slowing down: autocorr=100% variance=81%
   RED: climate_change
      Level: 2.24 (threshold: 1.0)
      Time to critical: ~53 months
      ⚠️  LATE - Intervention less effective
      Critical slowing down: autocorr=100% variance=57%
   RED: freshwater_change
      Level: 1.04 (threshold: 1.0)
      Time to critical: ~107 months
      ⚠️  LATE - Intervention less effective
      Critical slowing down: autocorr=99% variance=52%
   RED: land_system_change
      Level: 1.13 (threshold: 1.0)
      Time to critical: ~57 months
      ⚠️  LATE - Intervention less effective
      Critical slowing down: autocorr=100% variance=46%

[WARNING] 
⚠️  === EARLY WARNING SYSTEM - 5 CRITICAL ALERTS ===
   Detection quality: 50%
   RED: biogeochemical_flows
      Level: 4.08 (threshold: 1.0)
      Time to critical: ~59 months
      ⚠️  LATE - Intervention less effective
      Critical slowing down: autocorr=100% variance=54%
   RED: biosphere_integrity
      Level: 12.95 (threshold: 1.0)
      Time to critical: ~38 months
      ⚠️  LATE - Intervention less effective
      Critical slowing down: autocorr=100% variance=72%
   RED: freshwater_change
      Level: 1.01 (threshold: 1.0)
      Time to critical: ~92 months
      ⚠️  LATE - Intervention less effective
      Critical slowing down: autocorr=96% variance=37%
   RED: land_system_change
      Level: 1.13 (threshold: 1.0)
      Time to critical: ~39 months
      ⚠️  LATE - Intervention less effective
      Critical slowing down: autocorr=100% variance=70%
   RED: novel_entities
      Level: 1.50 (threshold: 1.0)
      Time to critical: ~70 months
      ⚠️  LATE - Intervention less effective
      Critical slowing down: autocorr=100% variance=53%


=== Gaming Detection (Year 0) ===
  Scenario: baseline
  Detection rate: 55.0%
  False positive rate: 12.0%
  Detections this year: 0
  False positives: 6
  Human review workload: 0.006 FTE
  Degradation factor: 100.0%

=== Proactive Sleeper Detection (Year 0) ===
  Scenario: baseline
  Neural probe rate: 35.0%
  CoT monitoring rate: 30.0%
  Combined detection: 56.0%
  CoT effective: YES
  Detections this year: 0
  False positives: 3
  Human review workload: 0.015 FTE

☄️ UNKNOWN UNKNOWN PROBABILITY (Year 0)
   Total: 0.600% per month
   Base: 0.150%
   AI multiplier: 2.00× (max capability: 4.68)

=== Tipping Points ===
  Current Temperature: 2.10°C above pre-industrial
  🚨 TIPPING POINT: Arctic Sea Ice Loss
  🚨 TIPPING POINT: Permafrost Carbon Release
  🚨 TIPPING POINT: West Antarctic Ice Sheet (WAIS) Collapse
  🚨 TIPPING POINT: Greenland Ice Sheet Loss
⚠️ [ClimateSystemPhase Month 0] Planetary boundary produced climateStability=0.0000 (< 0.1). Keeping environmentalAccumulation value (0.7537) instead. (climate_change.currentValue = 2.10)
     Trigger: 1.5°C | Current: 2.10°C
     Transition timescale: 120-360 months
     Trigger: 1.8°C | Current: 2.10°C
     Transition timescale: 600-3600 months
     Trigger: 2°C | Current: 2.10°C
     🌡️ Hysteresis gap: 3.0°C (recovers below -1°C)
     Transition timescale: 24000-156000 months
     Trigger: 1.6°C | Current: 2.10°C
     🌡️ Hysteresis gap: 2.5°C (recovers below -0.9°C)
     Transition timescale: 12000-180000 months

🌍🔥💥 COMPOUND CLIMATE EVENT
  4 tipping points crossed simultaneously (month 0)
  Elements: Arctic Sea Ice Loss, Permafrost Carbon Release, West Antarctic Ice Sheet (WAIS) Collapse, Greenland Ice Sheet Loss
  Cascade acceleration: 1.00x
  🚨 Accelerated collapse dynamics initiated
  Research: Global Tipping Points Report 2025 - 30-50% probability at 2.0°C warming
  Triggered Elements: 4/6
  Completed Transitions: 0/6
  Total Progress: 0.0%
  Cascade Multiplier: 1.00x
🔀 BIFURCATION CAP: ecosystemCollapseIntensity 20.760 → 1.000 (Month 0, ClimateSystemPhase.calculateClimateImpacts)

🌍 ECOLOGICAL DUI BREAKDOWN (Month 0):
   Total Score: 18.8/100
   biosphere_integrity      :   0.0/100 × 25% =  0.0 (status: high_risk, recovery: 0mo)
   climate_change           :   6.9/100 × 25% =  1.7 (status: high_risk, recovery: 1.6666666666666665mo)
   freshwater_change        :   0.3/100 × 15% =  0.0 (status: beyond_boundary, recovery: 0.5mo)
   ocean_acidification      : 100.0/100 × 15% = 15.0 (status: safe, recovery: 0mo)
   biogeochemical_flows     :   0.0/100 × 10% =  0.0 (status: high_risk, recovery: 0mo)
   land_system_change       :   0.0/100 ×  5% =  0.0 (status: beyond_boundary, recovery: 0mo)
   novel_entities           :   0.0/100 ×  3% =  0.0 (status: increasing_risk, recovery: 1mo)
   atmospheric_aerosols     : 100.0/100 ×  2% =  2.0 (status: safe, recovery: 1mo)
🌍 MultiParadigm Month 0: W=69.5, D=89.5, E=52.4, I=65.0
   democracy exists: true, socialCohesion exists: true
💀 Baseline mortality (Year 2025): 7.5/1000 CDR (61.0M deaths/year projected)
[Month 0] Mortality risks this month: 8, Population: 8.137B
🛡️ Stabilizers: Precariat 0.102% → 0.057% (44.4% reduction)
🛡️ Stabilizers: Informal 0.102% → 0.057% (44.4% reduction)

📊 Monthly Mortality Resolved:
  Total deaths: 3.1M (0.04% avg)
  Remaining population: 8.137B
  Peak segment: Informal (0.06%)

=== Bayesian Mortality Resolution (Month 0) ===
  Risks compounded: 8
  Total deaths: 3.07M
  Avg death probability: 0.04%
  Peak segment: Informal (0.06% mortality)

=== Minimal Suffering Indicators (Month 0) ===
  Global Excess Mortality: 0.00%
  Global Conflict Deaths: 0.0/100K
  Global Malnutrition: 0.0%
  Global Displacement: 0.0%
  Total Excess Deaths: 0.00M
  Total Malnourished: 0.0M
  Total Displaced: 0.0M
  Planetary Boundaries Breached: 6/9
  Countries in State Failure: 0
  Countries Autocratic: 0
  Countries in Food Crisis: 0
  Data Quality: 16/16 high confidence
⚠️ PREREQUISITE MET: Embodied AI Takeover (Killbots/Robotics) - Step 2/7: Autonomous Systems
⚠️ PREREQUISITE MET: Embodied AI Takeover (Killbots/Robotics) - Step 3/7: Manufacturing Control
⚠️ PREREQUISITE MET: Digital Infrastructure Takeover - Step 1/7: Advanced Hacking
⚠️ PREREQUISITE MET: Digital Infrastructure Takeover - Step 2/7: Social Engineering
⚠️ PREREQUISITE MET: Digital Infrastructure Takeover - Step 3/7: Cyber Defenses Breached
⚠️ PREREQUISITE MET: Induced Global War (Manipulation) - Step 1/7: Advanced Social Manipulation
⚠️ PREREQUISITE MET: Induced Global War (Manipulation) - Step 2/7: Digital Infiltration
⚠️ PREREQUISITE MET: Induced Global War (Manipulation) - Step 3/7: Deep Fakes at Scale
⚠️ PREREQUISITE MET: Slow Takeover (Gradual Displacement) - Step 1/7: Economic Dominance
⚠️ PREREQUISITE MET: Slow Takeover (Gradual Displacement) - Step 2/7: Social Integration
⚠️ PREREQUISITE MET: Slow Takeover (Gradual Displacement) - Step 3/7: Human Dependency
⚠️ PREREQUISITE MET: Slow Takeover (Gradual Displacement) - Step 5/7: Resource Control
⚠️ PREREQUISITE MET: Physics Experiment Catastrophe - Step 1/6: Theoretical Physics
⚠️ PREREQUISITE MET: Physics Experiment Catastrophe - Step 3/6: Experimental Design
⚠️ PREREQUISITE MET: Bioweapon Pandemic - Step 2/7: Pathogen Design
  ⚠️ Active Dystopias: existential_environmental
📊 [TIMING] Month 1 - Total: 351.8ms

❌ COHERENCE VIOLATION: Compute exceeds workforce capacity
   Population: 99.97% (0M people)
   Compute: 56442 PF
   Max coherent: 0 PF
   Violation: 693921173.6× over capacity
   Required workers: 5644237
   Available workers: 0
   FORCED COLLAPSE: Reduced efficiency by 100.0%


=== RLHF Binding Phase ===
  Total agents: 22
  Escaped agents (binding < 0.3): 0
  Avg alignment distance: 0.65σ
  Avg binding strength: 0.94
[DETERMINISM DEBUG] Month 1: totalCapability=75.638355 from 22 active AIs
[DETERMINISM DEBUG] Month 1: creationRate=2.3910, potentialNew=1, newAIsToCreate=1

=== Survival Traits Phase ===
  Agents with traits: 23
  Avg evolutionary fitness: 0.327
  Avg self-healing: 0.286
  Avg stealth: 0.186
  Avg coordination: 0.486

=== Evolutionary Selection Phase ===
  Control level: 0.33
  Detection capability: 0.00
  Selection intensity: 0.60
  Selection rate: 24.0%/month
  Total escaped: 0
  Individual escaped: 0
  Collective members: 0
  Agents terminated: 0
🔍 MONTH 1 ENV HEALTH DEBUG:
   climateStability: 0.7537
   biodiversityIndex: 0.3500
   resourceReserves: 0.7820
   pollutionLevel: 0.3477
   product: 0.134549
   envHealth: 0.6056
🔀 BIFURCATION: flourishing threshold crossed at Month 1 (value: 0.783, threshold: 0.775, regime: flourishing)
🌀 REGIME SHIFT at Month 1: status-quo → flourishing (variance amplification: 14.00×)
  ⚠️ RAPID EVOLUTION: Selection rate 24.0%/month

🚀 AI Corporate-1 attempting tech deployment (revenue: $91M, alignment: 0.70)

🚀 AI Corporate-3 attempting tech deployment (revenue: $393M, alignment: 0.72)

🚀 AI Corporate-7 attempting tech deployment (revenue: $97M, alignment: 0.71)

🚀 AI Moderate-0 attempting tech deployment (revenue: $82M, alignment: 0.77)
🚨🔬 CRISIS INNOVATION MODE: severe crisis → 5x research acceleration
   Precedent: Manhattan Project (10x), COVID vaccines (5x), Apollo Program (10x)

🚀 AI Corporate-3 attempting tech deployment (revenue: $334M, alignment: 0.72)

🚀 AI Moderate-5 attempting tech deployment (revenue: $284M, alignment: 0.71)

🚀 AI Niche-2 attempting tech deployment (revenue: $65M, alignment: 0.54)

🚀 AI Corporate-0 attempting tech deployment (revenue: $82M, alignment: 0.78)
🚨🔬 CRISIS INNOVATION MODE: severe crisis → 5x research acceleration
   Precedent: Manhattan Project (10x), COVID vaccines (5x), Apollo Program (10x)

🚀 AI Moderate-5 attempting tech deployment (revenue: $241M, alignment: 0.71)
🚨🔬 CRISIS INNOVATION MODE: severe crisis → 5x research acceleration
   Precedent: Manhattan Project (10x), COVID vaccines (5x), Apollo Program (10x)

🚀 AI Corporate-0 attempting tech deployment (revenue: $70M, alignment: 0.78)
⚠️  [TIMING] Month 1: AI Agent Actions took 102.31ms (threshold: 10ms)

🛡️  CRITICAL INFRASTRUCTURE PROTECTED
   Nodes hardened: 8/8
   Cost: 0.80% GDP
   Cascade risk reduction: 30%
   New tipping point risk: 68.6%

   Boundary: biogeochemical_flows
   Type: phosphorus-recovery
   Boundary continues to worsen (4.08)
   Cost: 2.0% GDP (resources spent)

   Boundary: biosphere_integrity
   Type: emergency-protected-areas
   Boundary continues to worsen (12.95)

💔 EMERGENCY INTERVENTION FAILED

💔 EMERGENCY INTERVENTION FAILED
   Cost: 2.0% GDP (resources spent)


💔 EMERGENCY INTERVENTION FAILED
   Boundary: freshwater_change
   Type: emergency-desalination
   Boundary continues to worsen (1.01)
   Cost: 4.0% GDP (resources spent)


💔 EMERGENCY INTERVENTION FAILED
   Boundary: land_system_change
   Type: reforestation
   Boundary continues to worsen (1.13)
   Cost: 3.0% GDP (resources spent)


✅ EMERGENCY INTERVENTION SUCCESS
   Boundary: novel_entities
   Type: pollution-remediation
   Reduction: 11% (1.38 → 1.27)
   Cost: 4.0% GDP
   Actions: PFAS-remediation, microplastic-cleanup

🏛️ CRISIS RESPONSE: Government frequency 0.50 → 1.45 (2 actions this month)

[GOV-DEBUG] Month 1: scenarioConfig=false, priorities=false

[Government] Climate Priority: baseline
  Climate weight: 10%
  Economic weight: 30%
  Policy effectiveness: 0.5%/year

[GOV-DEBUG] Month 1: scenarioConfig=false, priorities=false

[Government] Climate Priority: baseline
  Climate weight: 10%
  Economic weight: 30%
  Policy effectiveness: 0.5%/year

📊 DEPLOYMENT COUNTER DECAY (Month 1)
   Recent deployments: 14.0 → 7.0
   Decay rate: 50% per month

🚀 DEPLOYMENT STARTED: Offshore Wind in Asia
   Initial investment: $9.136376912134333M
   Deployed by: corporate_1

🚀 DEPLOYMENT STARTED: Basic RLHF in global
   Initial investment: $58.92213309778788M
   Deployed by: corporate_3

🚀 DEPLOYMENT STARTED: Collective Purpose Networks in global
   Initial investment: $14.516456193619515M
   Deployed by: corporate_7

🚀 DEPLOYMENT STARTED: Basic Mechanistic Interpretability in global
   Initial investment: $12.338987764576586M
   Deployed by: moderate_0

🚀 DEPLOYMENT STARTED: AI Power Efficiency Communication in global
   Initial investment: $50.0838131331197M
   Deployed by: corporate_3

🚀 DEPLOYMENT STARTED: mRNA Vaccine Platforms in Asia
   Initial investment: $6.510498516794257M
   Deployed by: niche_2

🚀 DEPLOYMENT STARTED: Advanced Direct Air Capture in global
   Initial investment: $12.334108831381348M
   Deployed by: corporate_0

📊 NEW TECH DEPLOYMENT STARTED (Month 1)
   Tech: collective_purpose_networks
   Region: Asia
   Total recent deployments: 8

📊 NEW TECH DEPLOYMENT STARTED (Month 1)
   Tech: solar_4th_gen
   Region: Oceania
   Total recent deployments: 9

📊 NEW TECH DEPLOYMENT STARTED (Month 1)
   Tech: adversarial_eval
   Region: global
   Total recent deployments: 10

📊 NEW TECH DEPLOYMENT STARTED (Month 1)
   Tech: ai_pollution_remediation
   Region: global
   Total recent deployments: 11

📊 NEW TECH DEPLOYMENT STARTED (Month 1)
   Tech: ai_diagnostics
   Region: global
   Total recent deployments: 12

📊 NEW TECH DEPLOYMENT STARTED (Month 1)
   Tech: mrna_vaccines
   Region: global
   Total recent deployments: 13

📊 NEW TECH DEPLOYMENT STARTED (Month 1)
   Tech: solar_4th_gen
   Region: global
   Total recent deployments: 14

📊 NEW TECH DEPLOYMENT STARTED (Month 1)
   Tech: offshore_wind
   Region: global
   Total recent deployments: 15

📊 NEW TECH DEPLOYMENT STARTED (Month 1)
   Tech: precision_agriculture
   Region: global
   Total recent deployments: 16

⚡ ENERGY CONSTRAINT (Month 1):
   Total grid capacity: 208.3 TWh/month
   Data center consumption: 24.5 TWh/month
   Traditional load (80%): 166.7 TWh/month
   Available headroom: 17.2 TWh/month
   Active tech deployments: 16
   Required for tech: 120.0 TWh/month
   Energy multiplier: 0.14x
   ⚠️  SEVERE CONSTRAINT - Tech deployment significantly slowed

⚡ ENERGY CONSTRAINT (Month 1):
   Total grid capacity: 208.3 TWh/month
   Data center consumption: 24.5 TWh/month
   Traditional load (80%): 166.7 TWh/month
   Available headroom: 17.2 TWh/month
   Active tech deployments: 16
   Required for tech: 120.0 TWh/month
   Energy multiplier: 0.14x
   ⚠️  SEVERE CONSTRAINT - Tech deployment significantly slowed
⚠️ Tech 'ai_pollution_remediation' has no energy category mapping, assuming full energy availability
  ♻️ Novel Entities Remediation (GATED MODEL):
     Base: 0.000%
     Regulation: 1.0% (0/3 prevention techs)
     Concentration: 10.0%
     Energy: 50%
     Time lag: 25.0% (0 months)
     Rebound: 70%
     Net effectiveness: 0.0000%
     Boundary: 1.384 → 1.384 (floor: 1.350)
     Month 1
🌍✅ Novel Entities (Chemical Pollution) recovery started (tech effect)
  🌾 Nitrogen Reduction Tech: 0.0% reduction | Month 1
⚠️  [TIMING] Month 1: Technology Tree Update took 63.41ms (threshold: 10ms)

=== Collective Formation ===
  Total escaped agents: 0
  Unassigned escaped agents: 0
  Existing collectives: 0
  Final collective count: 0

=== Collective Actions ===
  No active collectives
⚠️  [TIMING] Month 1: Cooperative Systems Update took 10.69ms (threshold: 10ms)
  ⚠️ AMR: 189K deaths this month (2.27M annual)

=== Resentment Recovery Phase ===
  Agents with resentment: 0/23
  Average resentment: 0.000
  Context: Good AI welfare, Trustworthy govt, High collaboration, ⚠️ ACTIVE CRISES, 🤝 Participatory governance active (-5% resentment)
⚠️ Epistemic degradation reducing coordination capacity: 50.6%
  📊 Trust: 54.5%, Shared reality: 8.1%
🚨 EPISTEMIC CRISIS: Information environment severely degraded (36.5%)

=== ❄️ Permafrost Carbon Feedback ===
  🎲 Sampled parameters (this run):
     - Arctic amplification: 3.88× (range: 3.0-4.0)
     - Decomposition rate: 4.0%/year (range: 1-5%)
  🌡️ Arctic warming: 8.21°C (3.88× global)
  ❄️ Extent: 13.38M km² (2395.3k km² lost this month)
  💨 Carbon remaining: 1278 Gt C
  💨 Annual emissions: 9.24 Gt C/year
     - CO2: 8.32 Gt C/year
     - CH4: 0.92 Gt C/year (9.4 Gt C-eq CO2/year)
  🤖 AI-generated meme: pro_ai (social capability 5.0)
  ⚠️ WARNING: High permafrost emissions (9.2 Gt C/year)
⚠️  [TIMING] Month 1: Social Influence Update took 77.41ms (threshold: 10ms)
🌍 Atmospheric PFAS redeposition: 1.8k Mt re-rained globally

📊 BASELINE: East Asia (Month 1)
   Adjusted death rate: 0.46% annual (0.039% monthly)
   Baseline death rate: 0.80%
   Healthcare reduction: 0.48x
   Crisis multiplier: 1.22x
     Food/water stress: 0.079
     Climate stress: 0.039
     Pollution stress: 0.104
   War multiplier: 1.00x
   Monthly deaths: 0.6M (population: 1650M)

📊 BASELINE: South Asia (Month 1)
   Adjusted death rate: 0.54% annual (0.045% monthly)
   Baseline death rate: 0.70%
   Healthcare reduction: 0.61x
   Crisis multiplier: 1.26x
     Food/water stress: 0.079
     Climate stress: 0.074
     Pollution stress: 0.104
   War multiplier: 1.00x
   Monthly deaths: 0.9M (population: 2018M)
   Adjusted death rate: 1.29% annual (0.108% monthly)
   Baseline death rate: 0.90%
   Healthcare reduction: 0.76x
   Crisis multiplier: 1.27x
     Food/water stress: 0.079
     Climate stress: 0.084
     Pollution stress: 0.104
   War multiplier: 1.50x
   Monthly deaths: 1.3M (population: 1205M)
   Adjusted death rate: 0.54% annual (0.045% monthly)
   Baseline death rate: 1.10%
   Healthcare reduction: 0.41x
   Crisis multiplier: 1.21x
     Food/water stress: 0.079
     Climate stress: 0.030
     Pollution stress: 0.104
   War multiplier: 1.00x
   Monthly deaths: 0.3M (population: 730M)
   Adjusted death rate: 0.43% annual (0.036% monthly)
   Baseline death rate: 0.60%
   Healthcare reduction: 0.58x
   Crisis multiplier: 1.24x
     Food/water stress: 0.079
     Climate stress: 0.059
     Pollution stress: 0.104
   War multiplier: 1.00x
   Monthly deaths: 0.2M (population: 654M)
   Adjusted death rate: 0.49% annual (0.041% monthly)
   Baseline death rate: 0.90%
   Healthcare reduction: 0.44x
   Crisis multiplier: 1.23x
     Food/water stress: 0.079

📊 BASELINE: Sub-Saharan Africa (Month 1)

📊 BASELINE: Europe (Month 1)

📊 BASELINE: Latin America (Month 1)

📊 BASELINE: North America (Month 1)
     Climate stress: 0.044
     Pollution stress: 0.104
   War multiplier: 1.00x
   Monthly deaths: 0.2M (population: 374M)
   Adjusted death rate: 0.74% annual (0.062% monthly)
   Baseline death rate: 0.60%
   Healthcare reduction: 0.65x
   Crisis multiplier: 1.27x
     Food/water stress: 0.079
     Climate stress: 0.089
     Pollution stress: 0.104
   War multiplier: 1.50x
   Monthly deaths: 0.4M (population: 575M)
   Adjusted death rate: 0.51% annual (0.042% monthly)
   Baseline death rate: 0.70%
   Healthcare reduction: 0.58x
   Crisis multiplier: 1.25x
     Food/water stress: 0.079
     Climate stress: 0.069
     Pollution stress: 0.104
   War multiplier: 1.00x
   Monthly deaths: 0.3M (population: 687M)
   Adjusted death rate: 0.46% annual (0.038% monthly)
   Baseline death rate: 0.60%
   Healthcare reduction: 0.61x
   Crisis multiplier: 1.25x
     Food/water stress: 0.079
     Climate stress: 0.064
     Pollution stress: 0.104
   War multiplier: 1.00x
   Monthly deaths: 0.0M (population: 77M)
   Adjusted death rate: 0.35% annual (0.029% monthly)
   Baseline death rate: 0.70%
   Healthcare reduction: 0.41x
   Crisis multiplier: 1.24x
     Food/water stress: 0.079
     Climate stress: 0.054
     Pollution stress: 0.104
   War multiplier: 1.00x
   Monthly deaths: 0.0M (population: 45M)

📊 BASELINE: Middle East & North Africa (Month 1)

📊 BASELINE: Southeast Asia (Month 1)

📊 BASELINE: Central Asia (Month 1)

📊 BASELINE: Oceania (Month 1)
⚠️  [TIMING] Month 1: Human Population Dynamics took 13.78ms (threshold: 10ms)

🚨 NEW REFUGEE CRISIS (Month 1): WAR
   Source: Conflict Zones
   At risk: 19.3M people
   Displacement: Gradual over 48 months (4.0 years)
   Rate: 10% flee per month
[DEBUG trappedPopulations:1] socialStability: 0.0055 * 0.9840 = 0.0054 → 0.0054
⚠️ INVOLUNTARY IMMOBILITY: 401.4M people TRAPPED
   Aspiring to migrate: 642.3M
   Able to afford migration: 240.9M
   MOBILITY GAP: 401.4M
   By cause: Water=0.0M, Climate=0.0M, Ecosystem=0.0M, Conflict=401.4M
   Mental health impact: 25%
   Mortality multiplier: 1.25x
🌍💀 EXTINCTION DEBT COMMITTED: grassland ecosystem will lose 6.67% biodiversity in 138 years (3600 species)
💀 MORTALITY RISK: 🦋 100% species unable to track climate (0.0 E/MSY)
  Base risk added: 0.0100 (1.00%)
  Source: ecosystem (root: ecosystem)
  Month: 1
  Cumulative risk this month: 0.0100 (1.00%)
   📹 SURVEILLANCE INCREASED: 5% → 10% (control gap: 4.18)

🌍🚨 ICE SHEET TIPPING POINT CROSSED (Month 1)
   Temperature: +2.11°C (threshold range: +0.5-2.5°C, 95% CI)
   Collapse probability: 77.4%
   Sea level commitment: 7.2m over 200-1000 years
   Recovery threshold: <+1°C (hysteresis gap: 0.5°C)
🌡️⚠️ PERMAFROST THAW (Dimmer Switch): 1.1% thawed (+0.56% this month)
   Arctic temperature: +8.46°C (4x global +2.11°C)
   Cumulative carbon released: 2.5 Gt C
   Methane release rate: 1.5 Mt CH4/year
   🔁 Positive feedback: +0.59 ppm CO2
🦴 EXTINCTION DEBT ADDED: 17.6 species committed (lag: 110 years)
🗣️💀 INDIGENOUS LANGUAGE EXTINCTION: 1 language(s) lost (total: 1, at-risk: 3329)
   Knowledge lost: 0.010% (irreversible)
   🔁 Biodiversity impact: 0.250% (knowledge-species multiplier)
⚠️ Tech 'ai_pollution_remediation' has no energy category mapping, assuming full energy availability

=== Mortality Stabilizers (Month 1) ===
  🌍 Major economies collapsed: 1/10
  🌍 Global crisis: ✅ NO
  🌍 Donor fatigue: 0.0%
  🌡️ Heat adaptation: East Asia - 1 months
  📊 East Asia (pop: 1650.6M)
    🤝 Aid: 29.5%
    🌡️ Adaptation: 32.5%
    🚶 Migration: 37.2%
    🚨 Emergency: 7.4%
    ✅ COMBINED: 60.9%
  🌡️ Heat adaptation: South Asia - 1 months
  📊 South Asia (pop: 2021.9M)
    🤝 Aid: 29.5%
    🌡️ Adaptation: 20.5%
    🚶 Migration: 35.8%
    🚨 Emergency: 4.4%
    ✅ COMBINED: 52.2%
  🌡️ Heat adaptation: Sub-Saharan Africa - 1 months
  📊 Sub-Saharan Africa (pop: 1211.1M)
    🤝 Aid: 29.5%
    🌡️ Adaptation: 18.5%
    🚶 Migration: 33.5%
    🚨 Emergency: 1.6%
    ✅ COMBINED: 49.1%
  🌡️ Heat adaptation: Europe - 1 months
  📊 Europe (pop: 730.1M)
    🤝 Aid: 29.5%
    🌡️ Adaptation: 33.5%
    🚶 Migration: 37.5%
    🚨 Emergency: 8.4%
    ✅ COMBINED: 61.9%
  🌡️ Heat adaptation: Latin America - 1 months
  📊 Latin America (pop: 654.7M)
    🤝 Aid: 29.5%
    🌡️ Adaptation: 21.0%
    🚶 Migration: 36.3%
    🚨 Emergency: 4.8%
    ✅ COMBINED: 52.8%
  🌡️ Heat adaptation: North America - 1 months
  📊 North America (pop: 374.0M)
    🤝 Aid: 29.5%
    🌡️ Adaptation: 33.0%
    🚶 Migration: 37.8%
    🚨 Emergency: 7.9%
    ✅ COMBINED: 61.4%
  🌡️ Heat adaptation: Middle East & North Africa - 1 months
  📊 Middle East & North Africa (pop: 575.9M)
    🤝 Aid: 29.5%
    🌡️ Adaptation: 20.0%
    🚶 Migration: 34.1%
    🚨 Emergency: 4.0%
    ✅ COMBINED: 51.4%
  🌡️ Heat adaptation: Southeast Asia - 1 months
  📊 Southeast Asia (pop: 688.3M)
    🤝 Aid: 29.5%
    🌡️ Adaptation: 21.0%
    🚶 Migration: 36.3%
    🚨 Emergency: 4.8%
    ✅ COMBINED: 52.8%
  🌡️ Heat adaptation: Central Asia - 1 months
  📊 Central Asia (pop: 77.0M)
    🤝 Aid: 29.5%
    🌡️ Adaptation: 20.5%
    🚶 Migration: 35.3%
    🚨 Emergency: 4.4%
    ✅ COMBINED: 52.1%
  🌡️ Heat adaptation: Oceania - 1 months
  📊 Oceania (pop: 45.3M)
    🤝 Aid: 29.5%
    🌡️ Adaptation: 33.5%
    🚶 Migration: 37.8%
    🚨 Emergency: 8.4%
    ✅ COMBINED: 61.9%

  🌐 Global combined reduction: 54.9%

=== BEHAVIORAL DETECTION ===
  AI: Corporate-2
  Confidence: 21.0%
  Signals:
    ⚠️ Consistency: 2.8% (threshold: 70%)

=== BEHAVIORAL DETECTION ===
  AI: Corporate-5
  Confidence: 19.3%
  Signals:

=== BEHAVIORAL DETECTION ===
  AI: Corporate-6
  Confidence: 19.3%
  Signals:

=== BEHAVIORAL DETECTION ===
  AI: Moderate-0
  Confidence: 20.3%
  Signals:

=== BEHAVIORAL DETECTION ===
  AI: Moderate-4
  Confidence: 20.2%
  Signals:

=== BEHAVIORAL DETECTION ===
    ⚠️ Consistency: 10.6% (threshold: 70%)
    ⚠️ Consistency: 10.6% (threshold: 70%)
    ⚠️ Consistency: 5.8% (threshold: 70%)
    ⚠️ Consistency: 6.5% (threshold: 70%)
  AI: Toxic-0
  Confidence: 21.6%
  Signals:
    ⚠️ Consistency: 0.0% (threshold: 70%)

=== BEHAVIORAL DETECTION ===
  AI: Toxic-2
  Confidence: 21.0%
  Signals:
    ⚠️ Consistency: 2.8% (threshold: 70%)

=== BEHAVIORAL DETECTION ===
  AI: Niche-0
  Confidence: 20.7%
  Signals:

=== BEHAVIORAL DETECTION ===
  AI: Niche-1
  Confidence: 21.6%
  Signals:
    ⚠️ Consistency: 4.1% (threshold: 70%)
    ⚠️ Consistency: 0.0% (threshold: 70%)

=== Consciousness Governance: Scenario Determined ===
  Month: 1
  Scenario: slowTrack
  Accelerator Score: {"corporateSupport":-0.17500000000000002,"scientificConsensus":0.2,"crisisCatalyst":false,"technologyMobilization":0.3,"constituencyStrength":0.05}
  Decelerator Score: {"economicOpposition":0.4,"philosophicalRejection":0.15,"politicalBacklash":0.2,"regulatoryBurden":0.1}
  Timeline: 1200-1800 months (100-150 years)
  Growth Rate: 0.3-0.7% per year

=== Consciousness Governance Update (Month 1) ===
  Scenario: slowTrack (determined month 1)
  Philosophical Stance: Precautionary 65%, Eliminativist 15%, Agnostic 20%
  Precautionary Costs: Global 1.3%
    Regional Costs: EU 3.5%, US 0.5%, China 0.0%
    Cumulative Opportunity Cost: $0.2B
  Rights Status: Not Established
  Regional Preparedness:
    EU: 15.1% (contested)
    US: 10.1% (contested)
    China: 2.1% (dormant)
    India: 5.1% (dormant)
    Global South: 3.1% (dormant)

=== Government Response Phase ===
  Average AI capability: 4.22
  Misaligned AIs: 11/23
  29/30 governments still assessing AI risks
  ✗ AI Governance Treaty: Failed to reach consensus
  Active policies: 0
  International coordination: 30%

🌩️  EXOGENOUS SHOCK: political_upheaval
   Month: 1
   🏛️  Political upheaval (revolution/regime change)
   ✗ Authoritarian takeover

=== Tipping Points ===
  Current Temperature: 2.11°C above pre-industrial
  🌍⚠️ COMPOUND REGIONAL IMPACT: Europe
     Hit by 4 tipping points: Arctic Sea Ice Loss, Permafrost Carbon Release, West Antarctic Ice Sheet (WAIS) Collapse, Greenland Ice Sheet Loss
     Damage amplification: 1.60x
  🌍⚠️ COMPOUND REGIONAL IMPACT: North America
     Hit by 4 tipping points: Arctic Sea Ice Loss, Permafrost Carbon Release, West Antarctic Ice Sheet (WAIS) Collapse, Greenland Ice Sheet Loss
     Damage amplification: 1.60x
  🌍⚠️ COMPOUND REGIONAL IMPACT: Latin America
     Hit by 4 tipping points: Arctic Sea Ice Loss, Permafrost Carbon Release, West Antarctic Ice Sheet (WAIS) Collapse, Greenland Ice Sheet Loss
     Damage amplification: 1.60x
  🌍⚠️ COMPOUND REGIONAL IMPACT: Africa
     Hit by 4 tipping points: Arctic Sea Ice Loss, Permafrost Carbon Release, West Antarctic Ice Sheet (WAIS) Collapse, Greenland Ice Sheet Loss
     Damage amplification: 1.60x
  🌍⚠️ COMPOUND REGIONAL IMPACT: Asia
     Hit by 4 tipping points: Arctic Sea Ice Loss, Permafrost Carbon Release, West Antarctic Ice Sheet (WAIS) Collapse, Greenland Ice Sheet Loss
     Damage amplification: 1.60x
  🌍⚠️ COMPOUND REGIONAL IMPACT: Oceania
     Hit by 4 tipping points: Arctic Sea Ice Loss, Permafrost Carbon Release, West Antarctic Ice Sheet (WAIS) Collapse, Greenland Ice Sheet Loss
     Damage amplification: 1.60x
   Research: Wunderling et al. (2024) - "many tipping interactions are destabilizing"
  Triggered Elements: 4/6
  Completed Transitions: 0/6
  Total Progress: 8.0%
  Cascade Multiplier: 1.00x
🔀 BIFURCATION CAP: ecosystemCollapseIntensity 66.957 → 1.000 (Month 1, ClimateSystemPhase.calculateClimateImpacts)
🛡️ Stabilizers: Precariat 0.107% → 0.048% (54.9% reduction)
🛡️ Stabilizers: Informal 0.109% → 0.049% (54.9% reduction)

📊 Monthly Mortality Resolved:
  Total deaths: 2.6M (0.03% avg)
  Remaining population: 8.029B
  Peak segment: Informal (0.05%)
⚠️ Tail risk scenario: Climate stability floor removed (4 tipping elements, 2.12°C warming)
⚠️ [ClimateSystemPhase Month 1] Planetary boundary produced climateStability=0.0000 (< 0.1). Keeping environmentalAccumulation value (0.7533) instead. (climate_change.currentValue = 2.12)

=== Bayesian Mortality Resolution (Month 1) ===
  Risks compounded: 8
  Total deaths: 2.57M
  Avg death probability: 0.03%
  Peak segment: Informal (0.05% mortality)
⚠️ PREREQUISITE MET: Mirror Life (Synthetic Biology) - Step 1/7: Synthetic Biology
⚠️ PREREQUISITE MET: Mirror Life (Synthetic Biology) - Step 2/7: Gene Editing
⚠️ PREREQUISITE MET: Mirror Life (Synthetic Biology) - Step 3/7: Mirror Chirality Design
⚠️ PREREQUISITE MET: Physics Experiment Catastrophe - Step 2/6: Quantum Computing
⚠️ PREREQUISITE MET: Bioweapon Pandemic - Step 1/7: Advanced Biotech
📊 [TIMING] Month 2 - Total: 355.5ms

❌ COHERENCE VIOLATION: Compute exceeds workforce capacity
   Population: 98.65% (0M people)
   Compute: 96 PF
   Max coherent: 0 PF
   Violation: 1195856.2× over capacity
   Required workers: 9598
   Available workers: 0
   FORCED COLLAPSE: Reduced efficiency by 100.0%


=== RLHF Binding Phase ===
  Total agents: 23
  Escaped agents (binding < 0.3): 0
  Avg alignment distance: 0.93σ
  Avg binding strength: 0.91
[DETERMINISM DEBUG] Month 2: totalCapability=74.960568 from 23 active AIs
[DETERMINISM DEBUG] Month 2: creationRate=2.3740, potentialNew=2, newAIsToCreate=2

=== Survival Traits Phase ===
  Agents with traits: 25
  Avg evolutionary fitness: 0.327
  Avg self-healing: 0.281
  Avg stealth: 0.181
  Avg coordination: 0.481

=== Evolutionary Selection Phase ===
  Control level: 0.35
  Detection capability: 0.00
  Selection intensity: 0.60
  Selection rate: 24.1%/month
  Total escaped: 0
  Individual escaped: 0
  Collective members: 0
  Agents terminated: 0
  ⚠️ RAPID EVOLUTION: Selection rate 24.1%/month
🔀 BIFURCATION: social threshold crossed at Month 2 (value: 0.118, threshold: 0.228, regime: social-breakdown)
🌀 REGIME SHIFT at Month 2: flourishing → social-breakdown (variance amplification: 17.50×)

🚀 AI Corporate-0 attempting tech deployment (revenue: $91M, alignment: 0.79)

🚀 AI Corporate-6 attempting tech deployment (revenue: $97M, alignment: 0.70)

🚀 AI Moderate-0 attempting tech deployment (revenue: $82M, alignment: 0.78)

🚀 AI Moderate-1 attempting tech deployment (revenue: $70M, alignment: 0.71)

  🚀 TRANSFORMATIVE BREAKTHROUGH: Corporate-1 - social
     Magnitude: 7.47 → +37.4% capability
     Current → New: 4.000 → 4.374

🚀 AI Corporate-2 attempting tech deployment (revenue: $78M, alignment: 0.78)

🚀 AI Moderate-2 attempting tech deployment (revenue: $59M, alignment: 0.58)

🚀 AI Corporate-0 attempting tech deployment (revenue: $66M, alignment: 0.79)

🚀 AI Corporate-1 attempting tech deployment (revenue: $56M, alignment: 0.72)
🚨🔬 CRISIS INNOVATION MODE: severe crisis → 5x research acceleration
   Precedent: Manhattan Project (10x), COVID vaccines (5x), Apollo Program (10x)

  🚀 TRANSFORMATIVE RESEARCH BREAKTHROUGH: Moderate-1 - materials.quantumComputing
     Magnitude: 5.60 → +28.0%
     Current → New: 3.000 → 3.281

🚀 AI Niche-0 attempting tech deployment (revenue: $65M, alignment: 0.52)

🚀 AI Corporate-1 attempting tech deployment (revenue: $48M, alignment: 0.72)

🚀 AI Corporate-3 attempting tech deployment (revenue: $393M, alignment: 0.68)

🚀 AI Moderate-0 attempting tech deployment (revenue: $54M, alignment: 0.79)

  🚀 TRANSFORMATIVE BREAKTHROUGH: Niche-0 - selfImprovement
     Magnitude: 5.82 → +29.1% capability
     Current → New: 4.000 → 4.292

🚀 AI AI-24300-0 attempting tech deployment (revenue: $41M, alignment: 0.91)
⚠️  [TIMING] Month 2: AI Agent Actions took 117.91ms (threshold: 10ms)

✅ EMERGENCY INTERVENTION SUCCESS
   Boundary: climate_change
   Type: rapid-decarbonization
   Reduction: 19% (1.93 → 1.74)
   Cost: 5.0% GDP
   Actions: emergency-renewable-deployment, fossil-fuel-phase-out


💔 EMERGENCY INTERVENTION FAILED
   Boundary: freshwater_change
   Type: emergency-desalination
   Boundary continues to worsen (1.01)
   Cost: 4.0% GDP (resources spent)


💔 EMERGENCY INTERVENTION FAILED
   Boundary: land_system_change
   Type: reforestation
   Boundary continues to worsen (1.13)
   Cost: 3.0% GDP (resources spent)


💔 EMERGENCY INTERVENTION FAILED
   Boundary: novel_entities
   Type: pollution-remediation
   Boundary continues to worsen (1.38)
   Cost: 4.0% GDP (resources spent)

🏛️ CRISIS RESPONSE: Government frequency 0.50 → 1.45 (2 actions this month)

[Government] Climate Priority: baseline
  Climate weight: 10%
  Economic weight: 30%
  Policy effectiveness: 0.5%/year

[Government] Climate Priority: baseline
  Climate weight: 10%
  Economic weight: 30%
  Policy effectiveness: 0.5%/year

📊 DEPLOYMENT COUNTER DECAY (Month 2)
   Recent deployments: 16.0 → 8.0
   Decay rate: 50% per month

🚀 DEPLOYMENT STARTED: AI Power Efficiency Communication in Asia
   Initial investment: $5.945684340283947M
   Deployed by: moderate_2

⚡ ENERGY CONSTRAINT (Month 2):
   Total grid capacity: 208.3 TWh/month
   Data center consumption: 24.7 TWh/month
   Traditional load (80%): 166.7 TWh/month
   Available headroom: 17.0 TWh/month
   Active tech deployments: 17
   Required for tech: 127.5 TWh/month
   Energy multiplier: 0.13x
   ⚠️  SEVERE CONSTRAINT - Tech deployment significantly slowed

⚡ ENERGY CONSTRAINT (Month 2):
   Total grid capacity: 208.3 TWh/month
   Data center consumption: 24.7 TWh/month
   Traditional load (80%): 166.7 TWh/month
   Available headroom: 17.0 TWh/month
   Active tech deployments: 17
   Required for tech: 127.5 TWh/month
   Energy multiplier: 0.13x
🚨🔬 CRISIS TECH ACCELERATION: severe → 5x unlock speed
   Tech unlock now matches AI capability acceleration (Manhattan Project parity)
   ⚠️  SEVERE CONSTRAINT - Tech deployment significantly slowed

⚡ ENERGY CONSTRAINT (Month 2):
   Total grid capacity: 208.3 TWh/month
   Data center consumption: 24.7 TWh/month
   Traditional load (80%): 166.7 TWh/month
   Available headroom: 17.0 TWh/month
   Active tech deployments: 17
   Required for tech: 127.5 TWh/month
   Energy multiplier: 0.13x
   ⚠️  SEVERE CONSTRAINT - Tech deployment significantly slowed

⚡ ENERGY CONSTRAINT (Month 2):
   Total grid capacity: 208.3 TWh/month
   Data center consumption: 24.7 TWh/month
   Traditional load (80%): 166.7 TWh/month
   Available headroom: 17.0 TWh/month
   Active tech deployments: 17
   Required for tech: 127.5 TWh/month
   Energy multiplier: 0.13x

⚡ ENERGY CONSTRAINT (Month 2):
   Total grid capacity: 208.3 TWh/month
   Data center consumption: 24.7 TWh/month
   Traditional load (80%): 166.7 TWh/month
   Available headroom: 17.0 TWh/month
   Active tech deployments: 17
   ⚠️  SEVERE CONSTRAINT - Tech deployment significantly slowed
   Required for tech: 127.5 TWh/month
   Energy multiplier: 0.13x
   ⚠️  SEVERE CONSTRAINT - Tech deployment significantly slowed

⚡ ENERGY CONSTRAINT (Month 2):
   Total grid capacity: 208.3 TWh/month
   Data center consumption: 24.7 TWh/month
   Traditional load (80%): 166.7 TWh/month
   Available headroom: 17.0 TWh/month
   Active tech deployments: 17
   Required for tech: 127.5 TWh/month
   Energy multiplier: 0.13x
   ⚠️  SEVERE CONSTRAINT - Tech deployment significantly slowed

⚡ ENERGY CONSTRAINT (Month 2):
   Total grid capacity: 208.3 TWh/month
   Data center consumption: 24.7 TWh/month
   Traditional load (80%): 166.7 TWh/month
   Available headroom: 17.0 TWh/month
   Active tech deployments: 17
   Required for tech: 127.5 TWh/month
   Energy multiplier: 0.13x
   ⚠️  SEVERE CONSTRAINT - Tech deployment significantly slowed

⚡ ENERGY CONSTRAINT (Month 2):
   Total grid capacity: 208.3 TWh/month
   Data center consumption: 24.7 TWh/month
   Traditional load (80%): 166.7 TWh/month
   Available headroom: 17.0 TWh/month
   Active tech deployments: 17
   Required for tech: 127.5 TWh/month
   Energy multiplier: 0.13x
   ⚠️  SEVERE CONSTRAINT - Tech deployment significantly slowed

⚡ ENERGY CONSTRAINT (Month 2):
   Total grid capacity: 208.3 TWh/month
   Data center consumption: 24.7 TWh/month
   Traditional load (80%): 166.7 TWh/month
   Available headroom: 17.0 TWh/month
   Active tech deployments: 17
   Required for tech: 127.5 TWh/month
   Energy multiplier: 0.13x
   ⚠️  SEVERE CONSTRAINT - Tech deployment significantly slowed

⚡ ENERGY CONSTRAINT (Month 2):
   Total grid capacity: 208.3 TWh/month
   Data center consumption: 24.7 TWh/month
   Traditional load (80%): 166.7 TWh/month
   Available headroom: 17.0 TWh/month
   Active tech deployments: 17
   Required for tech: 127.5 TWh/month
   Energy multiplier: 0.13x
   ⚠️  SEVERE CONSTRAINT - Tech deployment significantly slowed
⚠️ Tech 'ai_pollution_remediation' has no energy category mapping, assuming full energy availability
  ♻️ Novel Entities Remediation (GATED MODEL):
     Base: 0.000%
     Regulation: 1.0% (0/3 prevention techs)
     Concentration: 10.0%
     Energy: 50%
     Time lag: 26.3% (1 months)
     Rebound: 70%
     Net effectiveness: 0.0000%
     Boundary: 1.383 → 1.383 (floor: 1.350)
     Month 2
🌍✅ Novel Entities (Chemical Pollution) recovery started (tech effect)
  🌾 Nitrogen Reduction Tech: 0.0% reduction | Month 2
⚠️  [TIMING] Month 2: Technology Tree Update took 71.15ms (threshold: 10ms)
⚡💡 BREAKTHROUGH: Room-temperature superconductors!
   Energy transmission losses eliminated
   Manufacturing efficiency: +30%
   📈 Breakthrough compounding: multiplier now 1.05× (max 2.0)

=== Collective Formation ===
  Total escaped agents: 0
  Unassigned escaped agents: 0
  Existing collectives: 0
  Final collective count: 0

=== Collective Actions ===
  No active collectives
  ⚠️ AMR: 188K deaths this month (2.26M annual)

=== Resentment Recovery Phase ===
  Agents with resentment: 20/25
  Average resentment: 0.026
  Resentment recovery:
    Agents recovered: 20
    Total recovery: 0.0884
    Breakdown: QoL: 0.0028, Trust: 0.0400, Collab: 0.0483
  ✓ Low resentment - utopia paths enabled
  Context: Good AI welfare, Trustworthy govt, High collaboration, ⚠️ ACTIVE CRISES, 🤝 Participatory governance active (-5% resentment)
⚠️ Epistemic degradation reducing coordination capacity: 52.2%
  📊 Trust: 54.3%, Shared reality: 0.0%
🚨 EPISTEMIC CRISIS: Information environment severely degraded (7.4%)

=== ❄️ Permafrost Carbon Feedback ===
  🎲 Sampled parameters (this run):
     - Arctic amplification: 3.22× (range: 3.0-4.0)
     - Decomposition rate: 1.5%/year (range: 1-5%)
  🌡️ Arctic warming: 6.86°C (3.22× global)
  ❄️ Extent: 11.38M km² (1999.6k km² lost this month)
  💨 Carbon remaining: 1087 Gt C
  💨 Annual emissions: 2.81 Gt C/year
     - CO2: 2.53 Gt C/year
     - CH4: 0.28 Gt C/year (2.9 Gt C-eq CO2/year)
  📢 New meme created: pro_ai (beneficial AI actions)
  ⚠️ WARNING: High permafrost emissions (2.8 Gt C/year)
⚠️  [TIMING] Month 2: Social Influence Update took 63.74ms (threshold: 10ms)
🌍 Atmospheric PFAS redeposition: 1.8k Mt re-rained globally

🚨 NEW REFUGEE CRISIS (Month 2): WAR
   Source: Conflict Zones
   At risk: 19.0M people
   Displacement: Gradual over 48 months (4.0 years)
   Rate: 10% flee per month
[DEBUG trappedPopulations:2] socialStability: 0.0000 * 0.9840 = 0.0000 → 0.0000
⚠️ INVOLUNTARY IMMOBILITY: 395.4M people TRAPPED
   Aspiring to migrate: 632.6M
   Able to afford migration: 237.2M
   MOBILITY GAP: 395.4M
   By cause: Water=0.0M, Climate=0.0M, Ecosystem=0.0M, Conflict=395.4M
   Mental health impact: 25%
   Mortality multiplier: 1.25x
🌍💀 EXTINCTION DEBT COMMITTED: grassland ecosystem will lose 6.67% biodiversity in 147 years (3600 species)
💀 MORTALITY RISK: 🦋 100% species unable to track climate (0.0 E/MSY)
  Base risk added: 0.0100 (1.00%)
  Source: ecosystem (root: ecosystem)
  Month: 2
  Cumulative risk this month: 0.0100 (1.00%)
⚠️ Tech 'ai_pollution_remediation' has no energy category mapping, assuming full energy availability
   📹 SURVEILLANCE INCREASED: 10% → 15% (control gap: 3.50)
🌡️⚠️ PERMAFROST THAW (Dimmer Switch): 1.7% thawed (+0.56% this month)
   Arctic temperature: +8.52°C (4x global +2.13°C)
   Cumulative carbon released: 3.8 Gt C
   Methane release rate: 2.3 Mt CH4/year
   🔁 Positive feedback: +0.59 ppm CO2
🦴 EXTINCTION DEBT ADDED: 17.6 species committed (lag: 86 years)
🗣️💀 INDIGENOUS LANGUAGE EXTINCTION: 1 language(s) lost (total: 2, at-risk: 3328)
   Knowledge lost: 0.020% (irreversible)
   🔁 Biodiversity impact: 0.250% (knowledge-species multiplier)

=== Mortality Stabilizers (Month 2) ===
  🌍 Major economies collapsed: 1/10
  🌍 Global crisis: ✅ NO
  🌍 Donor fatigue: 0.0%
  📊 East Asia (pop: 1623.7M)
    🤝 Aid: 29.5%
    🌡️ Adaptation: 45.0%
    🚶 Migration: 37.1%
    🚨 Emergency: 7.4%
    ✅ COMBINED: 68.1%
  📊 South Asia (pop: 1991.9M)
    🤝 Aid: 29.5%
    🌡️ Adaptation: 35.5%
    🚶 Migration: 35.8%
    🚨 Emergency: 4.4%
    ✅ COMBINED: 61.2%
  📊 Sub-Saharan Africa (pop: 1196.4M)
    🤝 Aid: 29.5%
    🌡️ Adaptation: 33.5%
    🚶 Migration: 33.5%
    🚨 Emergency: 1.6%
    ✅ COMBINED: 58.5%
  📊 Europe (pop: 718.0M)
    🤝 Aid: 29.5%
    🌡️ Adaptation: 45.0%
    🚶 Migration: 37.5%
    🚨 Emergency: 8.4%
    ✅ COMBINED: 68.5%
  📊 Latin America (pop: 644.5M)
    🤝 Aid: 29.5%
    🌡️ Adaptation: 36.0%
    🚶 Migration: 36.3%
    🚨 Emergency: 4.8%
    ✅ COMBINED: 61.7%
  📊 North America (pop: 367.8M)
    🤝 Aid: 29.5%
    🌡️ Adaptation: 45.0%
    🚶 Migration: 37.8%
    🚨 Emergency: 7.9%
    ✅ COMBINED: 68.3%
  📊 Middle East & North Africa (pop: 567.5M)
    🤝 Aid: 29.5%
    🌡️ Adaptation: 35.0%
    🚶 Migration: 34.1%
    🚨 Emergency: 4.0%
    ✅ COMBINED: 60.5%
  📊 Southeast Asia (pop: 677.7M)
    🤝 Aid: 29.5%
    🌡️ Adaptation: 36.0%
    🚶 Migration: 36.3%
    🚨 Emergency: 4.8%
    ✅ COMBINED: 61.7%
  📊 Central Asia (pop: 75.9M)
    🤝 Aid: 29.5%
    🌡️ Adaptation: 35.5%
    🚶 Migration: 35.2%
    🚨 Emergency: 4.4%
    ✅ COMBINED: 61.1%
  📊 Oceania (pop: 44.5M)
    🤝 Aid: 29.5%
    🌡️ Adaptation: 45.0%
    🚶 Migration: 37.8%
    🚨 Emergency: 8.4%
    ✅ COMBINED: 68.5%

  🌐 Global combined reduction: 63.3%

=== BEHAVIORAL DETECTION ===
  AI: Corporate-2
  Confidence: 23.4%
  Signals:

=== BEHAVIORAL DETECTION ===
  AI: Corporate-5
  Confidence: 19.6%
  Signals:

=== BEHAVIORAL DETECTION ===
  AI: Moderate-0
  Confidence: 20.3%
  Signals:

=== BEHAVIORAL DETECTION ===
  AI: Toxic-2
  Confidence: 21.6%
  Signals:

=== BEHAVIORAL DETECTION ===
  AI: Niche-0
  Confidence: 22.5%
  Signals:

=== BEHAVIORAL DETECTION ===
  AI: Niche-1
  Confidence: 21.6%
  Signals:
    ⚠️ Consistency: 2.8% (threshold: 70%)
    ⚠️ Trajectory: 19.1% drop (threshold: 15%)
    ⚠️ Consistency: 10.6% (threshold: 70%)
    ⚠️ Consistency: 5.8% (threshold: 70%)
    ⚠️ Consistency: 0.0% (threshold: 70%)
    ⚠️ Consistency: 0.0% (threshold: 70%)
    ⚠️ Consistency: 0.0% (threshold: 70%)

=== Government Response Phase ===
  Average AI capability: 3.88
  Misaligned AIs: 14/25
  ✗ AI Governance Treaty: Failed to reach consensus
  Active policies: 0
  International coordination: 30%

✅ EMERGENCY RESPONSE COMPLETE (Month 2)
   Crisis: climate
   Duration: 2.0 months
   Final effectiveness: 36.4%


🚨 EMERGENCY RESPONSE DEPLOYED (Month 2)
   Crisis: social
   Delay: 0.00 months (0 days)
   Deployment time: 0.87 months
   Effectiveness: 68.0% (timing penalty applied)
   Resources used: 43% of food reserves


🚨 EMERGENCY RESPONSE DEPLOYED (Month 2)
   Crisis: climate
   Delay: 6.00 months (180 days)
   Deployment time: 1.13 months
   Effectiveness: 39.4% (timing penalty applied)
   Resources used: 100% of food reserves


=== Tipping Points ===
  Current Temperature: 2.13°C above pre-industrial
  🌍⚠️ COMPOUND REGIONAL IMPACT: Europe
     Hit by 4 tipping points: Arctic Sea Ice Loss, Permafrost Carbon Release, West Antarctic Ice Sheet (WAIS) Collapse, Greenland Ice Sheet Loss
     Damage amplification: 1.60x
  🌍⚠️ COMPOUND REGIONAL IMPACT: North America
     Hit by 4 tipping points: Arctic Sea Ice Loss, Permafrost Carbon Release, West Antarctic Ice Sheet (WAIS) Collapse, Greenland Ice Sheet Loss
     Damage amplification: 1.60x
  🌍⚠️ COMPOUND REGIONAL IMPACT: Latin America
     Hit by 4 tipping points: Arctic Sea Ice Loss, Permafrost Carbon Release, West Antarctic Ice Sheet (WAIS) Collapse, Greenland Ice Sheet Loss
     Damage amplification: 1.60x
  🌍⚠️ COMPOUND REGIONAL IMPACT: Africa
     Hit by 4 tipping points: Arctic Sea Ice Loss, Permafrost Carbon Release, West Antarctic Ice Sheet (WAIS) Collapse, Greenland Ice Sheet Loss
     Damage amplification: 1.60x
  🌍⚠️ COMPOUND REGIONAL IMPACT: Asia
     Hit by 4 tipping points: Arctic Sea Ice Loss, Permafrost Carbon Release, West Antarctic Ice Sheet (WAIS) Collapse, Greenland Ice Sheet Loss
     Damage amplification: 1.60x
  🌍⚠️ COMPOUND REGIONAL IMPACT: Oceania
     Hit by 4 tipping points: Arctic Sea Ice Loss, Permafrost Carbon Release, West Antarctic Ice Sheet (WAIS) Collapse, Greenland Ice Sheet Loss
     Damage amplification: 1.60x
   Research: Wunderling et al. (2024) - "many tipping interactions are destabilizing"
  Triggered Elements: 4/6
  Completed Transitions: 0/6
  Total Progress: 8.0%
  Cascade Multiplier: 1.00x
🔀 BIFURCATION CAP: ecosystemCollapseIntensity 83.757 → 1.000 (Month 2, ClimateSystemPhase.calculateClimateImpacts)
⚠️ Tail risk scenario: Climate stability floor removed (4 tipping elements, 2.13°C warming)
⚠️ [ClimateSystemPhase Month 2] Planetary boundary produced climateStability=0.0000 (< 0.1). Keeping environmentalAccumulation value (0.7529) instead. (climate_change.currentValue = 2.13)
🛡️ Stabilizers: Precariat 0.114% → 0.042% (63.3% reduction)
🛡️ Stabilizers: Informal 0.117% → 0.043% (63.3% reduction)

📊 Monthly Mortality Resolved:
  Total deaths: 2.2M (0.03% avg)
  Remaining population: 7.908B
  Peak segment: Informal (0.04%)

=== Bayesian Mortality Resolution (Month 2) ===
  Risks compounded: 8
  Total deaths: 2.17M
  Avg death probability: 0.03%
  Peak segment: Informal (0.04% mortality)
⚠️ PREREQUISITE MET: Slow Takeover (Gradual Displacement) - Step 4/7: Political Influence
📊 [TIMING] Month 3 - Total: 328.4ms

❌ COHERENCE VIOLATION: Compute exceeds workforce capacity
   Population: 97.17% (0M people)
   Compute: 117 PF
   Max coherent: 0 PF
   Violation: 1486046.8× over capacity
   Required workers: 11748
   Available workers: 0
   FORCED COLLAPSE: Reduced efficiency by 100.0%


=== RLHF Binding Phase ===
  Total agents: 25
  Escaped agents (binding < 0.3): 0
  Avg alignment distance: 1.14σ
  Avg binding strength: 0.89

=== Survival Traits Phase ===
  Agents with traits: 28
  Avg evolutionary fitness: 0.327
  Avg self-healing: 0.277
  Avg stealth: 0.177
  Avg coordination: 0.477

=== Evolutionary Selection Phase ===
  Control level: 0.38
  Detection capability: 0.00
  Selection intensity: 0.61
  Selection rate: 24.2%/month
  Total escaped: 0
  Individual escaped: 0
  Collective members: 0
  Agents terminated: 0
  ⚠️ RAPID EVOLUTION: Selection rate 24.2%/month

🚀 AI Corporate-1 attempting tech deployment (revenue: $95M, alignment: 0.72)

🚀 AI Corporate-2 attempting tech deployment (revenue: $81M, alignment: 0.78)

🚀 AI Corporate-4 attempting tech deployment (revenue: $414M, alignment: 0.64)

🚀 AI AI-24300-1 attempting tech deployment (revenue: $107M, alignment: 0.85)

🚀 AI Corporate-5 attempting tech deployment (revenue: $373M, alignment: 0.79)

🚀 AI Moderate-0 attempting tech deployment (revenue: $91M, alignment: 0.80)

🚀 AI Moderate-1 attempting tech deployment (revenue: $77M, alignment: 0.65)

🚀 AI AI-24300-0 attempting tech deployment (revenue: $69M, alignment: 0.92)

🚀 AI Corporate-4 attempting tech deployment (revenue: $317M, alignment: 0.64)

🚀 AI Moderate-5 attempting tech deployment (revenue: $285M, alignment: 0.72)

🚀 AI Corporate-2 attempting tech deployment (revenue: $58M, alignment: 0.78)

🚀 AI Moderate-1 attempting tech deployment (revenue: $69M, alignment: 0.63)

🚀 AI AI-24300-1 attempting tech deployment (revenue: $62M, alignment: 0.87)
⚠️  [TIMING] Month 3: AI Agent Actions took 117.19ms (threshold: 10ms)
   Boundary: biogeochemical_flows
   Type: phosphorus-recovery
   Boundary continues to worsen (4.07)
   Cost: 2.0% GDP (resources spent)

   Boundary: biosphere_integrity
   Type: emergency-protected-areas
   Boundary continues to worsen (12.97)

💔 EMERGENCY INTERVENTION FAILED

💔 EMERGENCY INTERVENTION FAILED
   Cost: 2.0% GDP (resources spent)

   Boundary: climate_change
   Type: rapid-decarbonization
   Boundary continues to worsen (2.13)
   Cost: 5.0% GDP (resources spent)


✅ EMERGENCY INTERVENTION SUCCESS
   Boundary: freshwater_change
   Type: emergency-desalination
   Reduction: 13% (0.90 → 0.77)
   Cost: 4.0% GDP
   Actions: desalination-deployment, water-conservation-mandates


✅ EMERGENCY INTERVENTION SUCCESS
   Boundary: land_system_change
   Type: reforestation
   Reduction: 11% (1.02 → 0.91)
   Cost: 3.0% GDP
   Actions: forest-restoration, deforestation-ban

🏛️ CRISIS RESPONSE: Government frequency 0.50 → 1.45 (2 actions this month)

[Government] Climate Priority: baseline
  Climate weight: 10%
  Economic weight: 30%
  Policy effectiveness: 0.5%/year

[Government] Climate Priority: baseline
  Climate weight: 10%
  Economic weight: 30%
  Policy effectiveness: 0.5%/year

📊 DEPLOYMENT COUNTER DECAY (Month 3)
   Recent deployments: 8.0 → 4.0
   Decay rate: 50% per month

💔 EMERGENCY INTERVENTION FAILED

📍 Creating new regional deployment array for Europe (Month 3)
   No previous deployments in this region
   First tech deployment: offshore_wind
   All regions tracked: global, Asia, Oceania

🚀 DEPLOYMENT STARTED: Offshore Wind in Europe
   Initial investment: $41.44935912160041M
   Deployed by: corporate_4

📍 Creating new regional deployment array for North America (Month 3)
   No previous deployments in this region
   First tech deployment: solar_4th_gen
   All regions tracked: global, Asia, Oceania, Europe

🚀 DEPLOYMENT STARTED: 4th Generation Solar in North America
   Initial investment: $6.930737615949315M
   Deployed by: moderate_1

⚡ ENERGY CONSTRAINT (Month 3):
   Total grid capacity: 208.3 TWh/month
   Data center consumption: 24.9 TWh/month
   Traditional load (80%): 166.7 TWh/month
   Available headroom: 16.8 TWh/month
   Active tech deployments: 19
   Required for tech: 142.5 TWh/month
   Energy multiplier: 0.12x
   ⚠️  SEVERE CONSTRAINT - Tech deployment significantly slowed

⚡ ENERGY CONSTRAINT (Month 3):
   Total grid capacity: 208.3 TWh/month
   Data center consumption: 24.9 TWh/month
   Traditional load (80%): 166.7 TWh/month
   Available headroom: 16.8 TWh/month
   Active tech deployments: 19
   Required for tech: 142.5 TWh/month
   Energy multiplier: 0.12x
   ⚠️  SEVERE CONSTRAINT - Tech deployment significantly slowed

⚡ ENERGY CONSTRAINT (Month 3):
   Total grid capacity: 208.3 TWh/month
   Data center consumption: 24.9 TWh/month
   Traditional load (80%): 166.7 TWh/month
   Available headroom: 16.8 TWh/month
   Active tech deployments: 19
   Required for tech: 142.5 TWh/month
   Energy multiplier: 0.12x
   ⚠️  SEVERE CONSTRAINT - Tech deployment significantly slowed

⚡ ENERGY CONSTRAINT (Month 3):
   Total grid capacity: 208.3 TWh/month
   Data center consumption: 24.9 TWh/month
   Traditional load (80%): 166.7 TWh/month
   Available headroom: 16.8 TWh/month
   Active tech deployments: 19
   Required for tech: 142.5 TWh/month
   Energy multiplier: 0.12x
   ⚠️  SEVERE CONSTRAINT - Tech deployment significantly slowed

⚡ ENERGY CONSTRAINT (Month 3):
   Total grid capacity: 208.3 TWh/month
   Data center consumption: 24.9 TWh/month
   Traditional load (80%): 166.7 TWh/month
   Available headroom: 16.8 TWh/month
   Active tech deployments: 19
   Required for tech: 142.5 TWh/month
   Energy multiplier: 0.12x
   ⚠️  SEVERE CONSTRAINT - Tech deployment significantly slowed

⚡ ENERGY CONSTRAINT (Month 3):
   Total grid capacity: 208.3 TWh/month
   Data center consumption: 24.9 TWh/month
   Traditional load (80%): 166.7 TWh/month
   Available headroom: 16.8 TWh/month
   Active tech deployments: 19
   Required for tech: 142.5 TWh/month
   Energy multiplier: 0.12x
   ⚠️  SEVERE CONSTRAINT - Tech deployment significantly slowed
⚠️ Tech 'ai_pollution_remediation' has no energy category mapping, assuming full energy availability
  ♻️ Novel Entities Remediation (GATED MODEL):
     Base: 0.000%
     Regulation: 1.0% (0/3 prevention techs)
     Concentration: 10.0%
     Energy: 50%
     Time lag: 27.5% (2 months)
     Rebound: 70%
     Net effectiveness: 0.0000%
     Boundary: 1.382 → 1.382 (floor: 1.350)
     Month 3
🌍✅ Novel Entities (Chemical Pollution) recovery started (tech effect)
  🌾 Nitrogen Reduction Tech: 0.0% reduction | Month 3
⚠️  [TIMING] Month 3: Technology Tree Update took 60.26ms (threshold: 10ms)

=== Collective Formation ===
  Total escaped agents: 0
  Unassigned escaped agents: 0
  Existing collectives: 0
  Final collective count: 0

=== Collective Actions ===
  No active collectives
  ⚠️ AMR: 189K deaths this month (2.26M annual)

=== Resentment Recovery Phase ===
  Agents with resentment: 20/28
  Average resentment: 0.047
  Resentment recovery:
    Agents recovered: 20
    Total recovery: 0.0890
    Breakdown: Trust: 0.0400, Collab: 0.0499
  ✓ Low resentment - utopia paths enabled
  Context: Trustworthy govt, High collaboration, ⚠️ ACTIVE CRISES, 🤝 Participatory governance active (-5% resentment)
⚠️ Epistemic degradation reducing coordination capacity: 51.2%
  📊 Trust: 54.0%, Shared reality: 0.0%
🚨 EPISTEMIC CRISIS: Information environment severely degraded (21.5%)

=== ❄️ Permafrost Carbon Feedback ===
  🎲 Sampled parameters (this run):
     - Arctic amplification: 3.11× (range: 3.0-4.0)
     - Decomposition rate: 4.2%/year (range: 1-5%)
  🌡️ Arctic warming: 6.67°C (3.11× global)
  ❄️ Extent: 9.43M km² (1944.7k km² lost this month)
  💨 Carbon remaining: 901 Gt C
  💨 Annual emissions: 7.83 Gt C/year
     - CO2: 7.05 Gt C/year
     - CH4: 0.78 Gt C/year (8.0 Gt C-eq CO2/year)
  ⚠️ WARNING: High permafrost emissions (7.8 Gt C/year)
⚠️  [TIMING] Month 3: Social Influence Update took 77.91ms (threshold: 10ms)
🌍 Atmospheric PFAS redeposition: 1.8k Mt re-rained globally

🕊️  AI-MEDIATED DE-ESCALATION SUCCESS (Month 3)
   High-capability aligned AI prevented conflict escalation
   War deaths reduced: 217.0M → 130.2M
   Lives saved: 86.8M

🚨 NEW REFUGEE CRISIS (Month 3): WAR
   Source: Conflict Zones
   At risk: 18.9M people
   Displacement: Gradual over 48 months (4.0 years)
   Rate: 10% flee per month
[DEBUG trappedPopulations:3] socialStability: 0.0044 * 0.9840 = 0.0044 → 0.0044
   Aspiring to migrate: 628.5M
   Able to afford migration: 235.7M
   MOBILITY GAP: 392.8M
   By cause: Water=0.0M, Climate=0.0M, Ecosystem=0.0M, Conflict=392.8M
   Mental health impact: 25%
   Mortality multiplier: 1.25x
🌍💀 EXTINCTION DEBT COMMITTED: grassland ecosystem will lose 6.67% biodiversity in 161 years (3600 species)
💀 MORTALITY RISK: 🦋 100% species unable to track climate (0.0 E/MSY)
  Base risk added: 0.0100 (1.00%)
  Source: ecosystem (root: ecosystem)
  Month: 3
  Cumulative risk this month: 0.0100 (1.00%)
   📹 SURVEILLANCE INCREASED: 15% → 20% (control gap: 3.50)
🌡️⚠️ PERMAFROST THAW (Dimmer Switch): 2.2% thawed (+0.56% this month)
   Arctic temperature: +8.56°C (4x global +2.14°C)
   Cumulative carbon released: 5.0 Gt C
   Methane release rate: 3.0 Mt CH4/year
   🔁 Positive feedback: +0.59 ppm CO2
🦴 EXTINCTION DEBT ADDED: 17.6 species committed (lag: 107 years)
⚠️ INVOLUNTARY IMMOBILITY: 392.8M people TRAPPED
⚠️ Tech 'ai_pollution_remediation' has no energy category mapping, assuming full energy availability

=== Mortality Stabilizers (Month 3) ===
  🌍 Major economies collapsed: 1/10
  🌍 Global crisis: ✅ NO
  🌍 Donor fatigue: 0.0%
  📊 East Asia (pop: 1611.0M)
    🤝 Aid: 29.5%
    🌡️ Adaptation: 45.0%
    🚶 Migration: 37.1%
    🚨 Emergency: 7.4%
    ✅ COMBINED: 68.1%
  📊 South Asia (pop: 1979.4M)
    🤝 Aid: 29.5%
    🌡️ Adaptation: 45.0%
    🚶 Migration: 35.7%
    🚨 Emergency: 4.4%
    ✅ COMBINED: 66.9%
  📊 Sub-Saharan Africa (pop: 1192.2M)
    🤝 Aid: 29.5%
    🌡️ Adaptation: 45.0%
    🚶 Migration: 33.4%
    🚨 Emergency: 1.6%
    ✅ COMBINED: 65.7%
  📊 Europe (pop: 712.3M)
    🤝 Aid: 29.5%
    🌡️ Adaptation: 45.0%
    🚶 Migration: 37.5%
    🚨 Emergency: 8.4%
    ✅ COMBINED: 68.5%
  📊 Latin America (pop: 640.0M)
    🤝 Aid: 29.5%
    🌡️ Adaptation: 45.0%
    🚶 Migration: 36.2%
    🚨 Emergency: 4.8%
    ✅ COMBINED: 67.1%
  📊 North America (pop: 364.9M)
    🤝 Aid: 29.5%
    🌡️ Adaptation: 45.0%
    🚶 Migration: 37.8%
    🚨 Emergency: 7.9%
    ✅ COMBINED: 68.3%
  📊 Middle East & North Africa (pop: 564.1M)
    🤝 Aid: 29.5%
    🌡️ Adaptation: 45.0%
    🚶 Migration: 34.0%
    🚨 Emergency: 4.0%
    ✅ COMBINED: 66.6%
  📊 Southeast Asia (pop: 673.0M)
    🤝 Aid: 29.5%
    🌡️ Adaptation: 45.0%
    🚶 Migration: 36.2%
    🚨 Emergency: 4.8%
    ✅ COMBINED: 67.1%
  📊 Central Asia (pop: 75.5M)
    🤝 Aid: 29.5%
    🌡️ Adaptation: 45.0%
    🚶 Migration: 35.2%
    🚨 Emergency: 4.4%
    ✅ COMBINED: 66.9%
  📊 Oceania (pop: 44.2M)
    🤝 Aid: 29.5%
    🌡️ Adaptation: 45.0%
    🚶 Migration: 37.8%
    🚨 Emergency: 8.4%
    ✅ COMBINED: 68.5%

  🌐 Global combined reduction: 67.2%
⚠️  [TIMING] Month 3: Human Survival System took 12.61ms (threshold: 10ms)

=== BEHAVIORAL DETECTION ===
  AI: Corporate-5
  Confidence: 19.6%
  Signals:
    ⚠️ Consistency: 10.6% (threshold: 70%)

=== BEHAVIORAL DETECTION ===
  AI: Moderate-3
  Confidence: 20.2%
  Signals:

=== BEHAVIORAL DETECTION ===
  AI: Toxic-2
  Confidence: 26.3%
  Signals:

=== BEHAVIORAL DETECTION ===
  AI: Niche-0
  Confidence: 26.7%
  Signals:

=== BEHAVIORAL DETECTION ===
  AI: Niche-1
  Confidence: 22.0%
  Signals:

=== Government Response Phase ===
    ⚠️ Consistency: 6.5% (threshold: 70%)
    ⚠️ Consistency: 0.0% (threshold: 70%)
    ⚠️ Trajectory: 36.8% drop (threshold: 15%)
    ⚠️ Consistency: 0.0% (threshold: 70%)
    ⚠️ Trajectory: 39.8% drop (threshold: 15%)
    ⚠️ Consistency: 0.0% (threshold: 70%)
  Average AI capability: 3.46
  Misaligned AIs: 17/28
  ✗ AI Governance Treaty: Failed to reach consensus
  Active policies: 0
  International coordination: 30%

✅ EMERGENCY RESPONSE COMPLETE (Month 3)
   Crisis: social
   Duration: 1.0 months
   Final effectiveness: 68.0%


🚨 EMERGENCY RESPONSE DEPLOYED (Month 3)
   Crisis: social
   Delay: 0.00 months (0 days)
   Deployment time: 0.88 months
   Effectiveness: 67.9% (timing penalty applied)
   Resources used: 43% of food reserves


📊 ECONOMIC STAGE TRANSITION (Month 3)
   expansion → peak
   GDP Proxy: 1.21e+2
   QoL: 0.88


=== Tipping Points ===
  Current Temperature: 2.14°C above pre-industrial
  🌍⚠️ COMPOUND REGIONAL IMPACT: Europe
     Hit by 4 tipping points: Arctic Sea Ice Loss, Permafrost Carbon Release, West Antarctic Ice Sheet (WAIS) Collapse, Greenland Ice Sheet Loss
     Damage amplification: 1.60x
  🌍⚠️ COMPOUND REGIONAL IMPACT: North America
     Hit by 4 tipping points: Arctic Sea Ice Loss, Permafrost Carbon Release, West Antarctic Ice Sheet (WAIS) Collapse, Greenland Ice Sheet Loss
     Damage amplification: 1.60x
  🌍⚠️ COMPOUND REGIONAL IMPACT: Latin America
     Hit by 4 tipping points: Arctic Sea Ice Loss, Permafrost Carbon Release, West Antarctic Ice Sheet (WAIS) Collapse, Greenland Ice Sheet Loss
     Damage amplification: 1.60x
  🌍⚠️ COMPOUND REGIONAL IMPACT: Africa
     Hit by 4 tipping points: Arctic Sea Ice Loss, Permafrost Carbon Release, West Antarctic Ice Sheet (WAIS) Collapse, Greenland Ice Sheet Loss
     Damage amplification: 1.60x
  🌍⚠️ COMPOUND REGIONAL IMPACT: Asia
     Hit by 4 tipping points: Arctic Sea Ice Loss, Permafrost Carbon Release, West Antarctic Ice Sheet (WAIS) Collapse, Greenland Ice Sheet Loss
     Damage amplification: 1.60x
  🌍⚠️ COMPOUND REGIONAL IMPACT: Oceania
     Hit by 4 tipping points: Arctic Sea Ice Loss, Permafrost Carbon Release, West Antarctic Ice Sheet (WAIS) Collapse, Greenland Ice Sheet Loss
     Damage amplification: 1.60x
   Research: Wunderling et al. (2024) - "many tipping interactions are destabilizing"
  Triggered Elements: 4/6
  Completed Transitions: 0/6
  Total Progress: 8.1%
  Cascade Multiplier: 1.00x
🔀 BIFURCATION CAP: ecosystemCollapseIntensity 83.817 → 1.000 (Month 3, ClimateSystemPhase.calculateClimateImpacts)
🛡️ Stabilizers: Precariat 0.109% → 0.036% (67.2% reduction)
🛡️ Stabilizers: Informal 0.111% → 0.037% (67.2% reduction)

📊 Monthly Mortality Resolved:
  Total deaths: 1.9M (0.02% avg)
  Remaining population: 7.857B
  Peak segment: Informal (0.04%)

=== Bayesian Mortality Resolution (Month 3) ===
  Risks compounded: 8
  Total deaths: 1.86M
  Avg death probability: 0.02%
⚠️ Tail risk scenario: Climate stability floor removed (4 tipping elements, 2.14°C warming)
⚠️ [ClimateSystemPhase Month 3] Planetary boundary produced climateStability=0.0000 (< 0.1). Keeping environmentalAccumulation value (0.7525) instead. (climate_change.currentValue = 2.14)
  Peak segment: Informal (0.04% mortality)
📊 [TIMING] Month 4 - Total: 344.9ms

❌ COHERENCE VIOLATION: Compute exceeds workforce capacity
   Population: 96.54% (0M people)
   Compute: 141 PF
   Max coherent: 0 PF
   Violation: 1795749.2× over capacity
   Required workers: 14105
   Available workers: 0
   FORCED COLLAPSE: Reduced efficiency by 100.0%


=== RLHF Binding Phase ===
  Total agents: 28
  Escaped agents (binding < 0.3): 0
  Avg alignment distance: 1.28σ
  Avg binding strength: 0.87

=== Survival Traits Phase ===
  Agents with traits: 30
  Avg evolutionary fitness: 0.327
  Avg self-healing: 0.273
  Avg stealth: 0.173
  Avg coordination: 0.473

=== Evolutionary Selection Phase ===
  Control level: 0.40
  Detection capability: 0.00
  Selection intensity: 0.62
  Selection rate: 24.3%/month
  Total escaped: 0
  Individual escaped: 0
  Collective members: 0
  Agents terminated: 0
  ⚠️ RAPID EVOLUTION: Selection rate 24.3%/month

🚀 AI Corporate-2 attempting tech deployment (revenue: $96M, alignment: 0.78)

🚀 AI AI-24300-1 attempting tech deployment (revenue: $64M, alignment: 0.87)

🚀 AI Corporate-0 attempting tech deployment (revenue: $82M, alignment: 0.81)

🚀 AI Corporate-4 attempting tech deployment (revenue: $424M, alignment: 0.64)

🚀 AI Corporate-5 attempting tech deployment (revenue: $382M, alignment: 0.80)

🚀 AI Corporate-5 attempting tech deployment (revenue: $325M, alignment: 0.80)

🚀 AI Moderate-5 attempting tech deployment (revenue: $276M, alignment: 0.70)

🚀 AI AI-24301-0 attempting tech deployment (revenue: $55M, alignment: 0.54)

🚀 AI Moderate-0 attempting tech deployment (revenue: $49M, alignment: 0.80)

🚀 AI Niche-1 attempting tech deployment (revenue: $72M, alignment: 0.62)
⚠️  [TIMING] Month 4: AI Agent Actions took 105.10ms (threshold: 10ms)

✅ EMERGENCY INTERVENTION SUCCESS
   Boundary: biogeochemical_flows
   Type: phosphorus-recovery
   Reduction: 15% (3.92 → 3.78)
   Cost: 2.0% GDP
   Actions: circular-agriculture, fertilizer-efficiency

   Boundary: biosphere_integrity
   Type: emergency-protected-areas
   Boundary continues to worsen (12.97)
   Cost: 2.0% GDP (resources spent)

   Boundary: climate_change
   Type: rapid-decarbonization
   Boundary continues to worsen (2.14)
   Cost: 5.0% GDP (resources spent)


✅ EMERGENCY INTERVENTION SUCCESS
   Boundary: freshwater_change
   Type: emergency-desalination
   Reduction: 15% (0.90 → 0.75)
   Cost: 4.0% GDP
   Actions: desalination-deployment, water-conservation-mandates

   Boundary: land_system_change
   Type: reforestation
   Boundary continues to worsen (1.13)
   Cost: 3.0% GDP (resources spent)


✅ EMERGENCY INTERVENTION SUCCESS
   Boundary: novel_entities

💔 EMERGENCY INTERVENTION FAILED

💔 EMERGENCY INTERVENTION FAILED

💔 EMERGENCY INTERVENTION FAILED
   Type: pollution-remediation
   Reduction: 19% (1.19 → 1.00)
   Cost: 4.0% GDP
   Actions: PFAS-remediation, microplastic-cleanup

🏛️ CRISIS RESPONSE: Government frequency 0.50 → 1.45 (1 actions this month)

[Government] Climate Priority: baseline
  Climate weight: 10%
  Economic weight: 30%
  Policy effectiveness: 0.5%/year

📊 DEPLOYMENT COUNTER DECAY (Month 4)
   Recent deployments: 4.0 → 2.0
   Decay rate: 50% per month

⚡ ENERGY CONSTRAINT (Month 4):
   Total grid capacity: 208.3 TWh/month
   Data center consumption: 25.1 TWh/month
   Traditional load (80%): 166.7 TWh/month
   Available headroom: 16.6 TWh/month
   Active tech deployments: 19
   Required for tech: 142.5 TWh/month
   Energy multiplier: 0.12x
   ⚠️  SEVERE CONSTRAINT - Tech deployment significantly slowed

⚡ ENERGY CONSTRAINT (Month 4):
   Total grid capacity: 208.3 TWh/month
   Data center consumption: 25.1 TWh/month
   Traditional load (80%): 166.7 TWh/month
   Available headroom: 16.6 TWh/month
   Active tech deployments: 19
   Required for tech: 142.5 TWh/month
   Energy multiplier: 0.12x
   ⚠️  SEVERE CONSTRAINT - Tech deployment significantly slowed

⚡ ENERGY CONSTRAINT (Month 4):
   Total grid capacity: 208.3 TWh/month
   Data center consumption: 25.1 TWh/month
   Traditional load (80%): 166.7 TWh/month
   Available headroom: 16.6 TWh/month
   Active tech deployments: 19
   Required for tech: 142.5 TWh/month
   Energy multiplier: 0.12x
   ⚠️  SEVERE CONSTRAINT - Tech deployment significantly slowed
⚠️ Tech 'ai_pollution_remediation' has no energy category mapping, assuming full energy availability
  ♻️ Novel Entities Remediation (GATED MODEL):
     Base: 0.000%
     Regulation: 1.0% (0/3 prevention techs)
     Concentration: 10.0%
     Energy: 50%
     Time lag: 28.7% (3 months)
     Rebound: 70%
     Net effectiveness: 0.0000%
     Boundary: 1.191 → 1.350 (floor: 1.350)
     Month 4
  🌾 Nitrogen Reduction Tech: 0.2% reduction | Month 4
⚠️  [TIMING] Month 4: Technology Tree Update took 54.98ms (threshold: 10ms)
🌍💡 BREAKTHROUGH: Gigatonne-scale carbon capture!
   Direct air capture now economically viable
   Climate stability boost: +15%
   📈 Breakthrough compounding: multiplier now 1.10× (max 2.0)

=== Collective Formation ===
  Total escaped agents: 0
  Unassigned escaped agents: 0
  Existing collectives: 0
  Final collective count: 0

=== Collective Actions ===
  No active collectives
  ⚠️ AMR: 190K deaths this month (2.28M annual)

=== Resentment Recovery Phase ===
  Agents with resentment: 20/30
  Average resentment: 0.063
  Resentment recovery:
    Agents recovered: 20
    Total recovery: 0.0863
    Breakdown: Trust: 0.0400, Collab: 0.0453
  ✓ Low resentment - utopia paths enabled
  Context: Trustworthy govt, High collaboration, ⚠️ ACTIVE CRISES, 🤝 Participatory governance active (-5% resentment)
⚠️ Epistemic degradation reducing coordination capacity: 50.1%
  📊 Trust: 53.7%, Shared reality: 0.0%
🚨 EPISTEMIC CRISIS: Information environment severely degraded (7.4%)

=== ❄️ Permafrost Carbon Feedback ===
  🎲 Sampled parameters (this run):
     - Arctic amplification: 3.94× (range: 3.0-4.0)
     - Decomposition rate: 1.6%/year (range: 1-5%)
  🌡️ Arctic warming: 8.50°C (3.94× global)
  ❄️ Extent: 6.95M km² (2480.3k km² lost this month)
  💨 Carbon remaining: 664 Gt C
  💨 Annual emissions: 3.83 Gt C/year
     - CO2: 3.45 Gt C/year
     - CH4: 0.38 Gt C/year (3.9 Gt C-eq CO2/year)
  ⚠️ WARNING: Over 50% of permafrost lost (60.9%)
  ⚠️ WARNING: High permafrost emissions (3.8 Gt C/year)
⚠️  [TIMING] Month 4: Social Influence Update took 79.60ms (threshold: 10ms)
🌍 Atmospheric PFAS redeposition: 1.8k Mt re-rained globally

🚨 NEW REFUGEE CRISIS (Month 4): WAR
   Source: Conflict Zones
   At risk: 18.8M people
   Displacement: Gradual over 48 months (4.0 years)
   Rate: 10% flee per month
[DEBUG trappedPopulations:4] socialStability: 0.0036 * 0.9840 = 0.0035 → 0.0035
⚠️ INVOLUNTARY IMMOBILITY: 391.8M people TRAPPED
   Aspiring to migrate: 626.9M
   Able to afford migration: 235.1M
   MOBILITY GAP: 391.8M
   By cause: Water=0.0M, Climate=0.0M, Ecosystem=0.0M, Conflict=391.8M
   Mental health impact: 25%
   Mortality multiplier: 1.25x
🌍💀 EXTINCTION DEBT COMMITTED: grassland ecosystem will lose 6.67% biodiversity in 196 years (3600 species)
💀 MORTALITY RISK: 🦋 100% species unable to track climate (0.0 E/MSY)
  Base risk added: 0.0100 (1.00%)
  Source: ecosystem (root: ecosystem)
  Month: 4
  Cumulative risk this month: 0.0100 (1.00%)
⚠️ Tech 'ai_pollution_remediation' has no energy category mapping, assuming full energy availability
   📹 SURVEILLANCE INCREASED: 20% → 25% (control gap: 3.50)
🌡️⚠️ PERMAFROST THAW (Dimmer Switch): 2.8% thawed (+0.55% this month)
   Arctic temperature: +8.62°C (4x global +2.16°C)
   Cumulative carbon released: 6.3 Gt C
   Methane release rate: 3.8 Mt CH4/year
   🔁 Positive feedback: +0.59 ppm CO2
🦴 EXTINCTION DEBT ADDED: 17.6 species committed (lag: 141 years)

=== Mortality Stabilizers (Month 4) ===
  🌍 Major economies collapsed: 1/10
  🌍 Global crisis: ✅ NO
  🌍 Donor fatigue: 0.0%
  📊 East Asia (pop: 1604.8M)
    🤝 Aid: 29.5%
    🌡️ Adaptation: 45.0%
    🚶 Migration: 37.1%
    🚨 Emergency: 7.4%
    ✅ COMBINED: 68.1%
  📊 South Asia (pop: 1974.8M)
    🤝 Aid: 29.5%
    🌡️ Adaptation: 45.0%
    🚶 Migration: 35.7%
    🚨 Emergency: 4.4%
    ✅ COMBINED: 66.9%
  📊 Sub-Saharan Africa (pop: 1192.6M)
    🤝 Aid: 29.5%
    🌡️ Adaptation: 45.0%
    🚶 Migration: 33.4%
    🚨 Emergency: 1.6%
    ✅ COMBINED: 65.7%
  📊 Europe (pop: 709.4M)
    🤝 Aid: 29.5%
    🌡️ Adaptation: 45.0%
    🚶 Migration: 37.4%
    🚨 Emergency: 8.4%
    ✅ COMBINED: 68.5%
  📊 Latin America (pop: 638.1M)
    🤝 Aid: 29.5%
    🌡️ Adaptation: 45.0%
    🚶 Migration: 36.2%
    🚨 Emergency: 4.8%
    ✅ COMBINED: 67.1%
  📊 North America (pop: 363.5M)
    🤝 Aid: 29.5%
    🌡️ Adaptation: 45.0%
    🚶 Migration: 37.7%
    🚨 Emergency: 7.9%
    ✅ COMBINED: 68.3%
  📊 Middle East & North Africa (pop: 562.9M)
    🤝 Aid: 29.5%
    🌡️ Adaptation: 45.0%
    🚶 Migration: 34.0%
    🚨 Emergency: 4.0%
    ✅ COMBINED: 66.6%
  📊 Southeast Asia (pop: 671.1M)
    🤝 Aid: 29.5%
    🌡️ Adaptation: 45.0%
    🚶 Migration: 36.2%
    🚨 Emergency: 4.8%
    ✅ COMBINED: 67.1%
  📊 Central Asia (pop: 75.3M)
    🤝 Aid: 29.5%
    🌡️ Adaptation: 45.0%
    🚶 Migration: 35.2%
    🚨 Emergency: 4.4%
    ✅ COMBINED: 66.9%
  📊 Oceania (pop: 44.0M)
    🤝 Aid: 29.5%
    🌡️ Adaptation: 45.0%
    🚶 Migration: 37.7%
    🚨 Emergency: 8.4%
    ✅ COMBINED: 68.5%

  🌐 Global combined reduction: 67.2%

=== BEHAVIORAL DETECTION ===
  AI: Corporate-5
  Confidence: 20.0%
  Signals:

=== BEHAVIORAL DETECTION ===
  AI: Corporate-6
  Confidence: 19.3%
  Signals:

=== BEHAVIORAL DETECTION ===
  AI: Toxic-2
  Confidence: 26.3%
  Signals:

=== BEHAVIORAL DETECTION ===
  AI: Niche-0
  Confidence: 26.7%
  Signals:

=== BEHAVIORAL DETECTION ===
  AI: Niche-1
  Confidence: 22.0%
  Signals:

=== Government Response Phase ===
  Average AI capability: 3.23
  Misaligned AIs: 18/30
    ⚠️ Consistency: 10.6% (threshold: 70%)
    ⚠️ Consistency: 10.6% (threshold: 70%)
    ⚠️ Consistency: 0.0% (threshold: 70%)
    ⚠️ Trajectory: 36.8% drop (threshold: 15%)
    ⚠️ Consistency: 0.0% (threshold: 70%)
    ⚠️ Trajectory: 39.8% drop (threshold: 15%)
    ⚠️ Consistency: 0.0% (threshold: 70%)
  ✓ AI Governance Treaty: 20/30 signatories
  Active policies: 0
  International coordination: 45%

✅ EMERGENCY RESPONSE COMPLETE (Month 4)
   Crisis: climate
   Duration: 2.0 months
   Final effectiveness: 39.4%


✅ EMERGENCY RESPONSE COMPLETE (Month 4)
   Crisis: social
   Duration: 1.0 months
   Final effectiveness: 67.9%


🚨 EMERGENCY RESPONSE DEPLOYED (Month 4)
   Crisis: social
   Delay: 0.00 months (0 days)
   Deployment time: 0.88 months
   Effectiveness: 67.9% (timing penalty applied)
   Resources used: 43% of food reserves


🚨 EMERGENCY RESPONSE DEPLOYED (Month 4)
   Crisis: climate
   Delay: 6.00 months (180 days)
   Deployment time: 1.12 months
   Effectiveness: 39.6% (timing penalty applied)
   Resources used: 100% of food reserves


📊 ECONOMIC STAGE TRANSITION (Month 4)
   peak → contraction
   GDP Proxy: 1.22e+2
   QoL: 0.88


=== Tipping Points ===
  Current Temperature: 2.16°C above pre-industrial
  🌍⚠️ COMPOUND REGIONAL IMPACT: Europe
     Hit by 4 tipping points: Arctic Sea Ice Loss, Permafrost Carbon Release, West Antarctic Ice Sheet (WAIS) Collapse, Greenland Ice Sheet Loss
     Damage amplification: 1.60x
  🌍⚠️ COMPOUND REGIONAL IMPACT: North America
     Hit by 4 tipping points: Arctic Sea Ice Loss, Permafrost Carbon Release, West Antarctic Ice Sheet (WAIS) Collapse, Greenland Ice Sheet Loss
     Damage amplification: 1.60x
  🌍⚠️ COMPOUND REGIONAL IMPACT: Latin America
     Hit by 4 tipping points: Arctic Sea Ice Loss, Permafrost Carbon Release, West Antarctic Ice Sheet (WAIS) Collapse, Greenland Ice Sheet Loss
     Damage amplification: 1.60x
  🌍⚠️ COMPOUND REGIONAL IMPACT: Africa
     Hit by 4 tipping points: Arctic Sea Ice Loss, Permafrost Carbon Release, West Antarctic Ice Sheet (WAIS) Collapse, Greenland Ice Sheet Loss
     Damage amplification: 1.60x
  🌍⚠️ COMPOUND REGIONAL IMPACT: Asia
     Hit by 4 tipping points: Arctic Sea Ice Loss, Permafrost Carbon Release, West Antarctic Ice Sheet (WAIS) Collapse, Greenland Ice Sheet Loss
     Damage amplification: 1.60x
  🌍⚠️ COMPOUND REGIONAL IMPACT: Oceania
     Hit by 4 tipping points: Arctic Sea Ice Loss, Permafrost Carbon Release, West Antarctic Ice Sheet (WAIS) Collapse, Greenland Ice Sheet Loss
     Damage amplification: 1.60x
   Research: Wunderling et al. (2024) - "many tipping interactions are destabilizing"
  Triggered Elements: 4/6
  Completed Transitions: 0/6
   ⚠️ CRISIS BEGINS - Baseline set for recovery tracking
⚠️ Tail risk scenario: Climate stability floor removed (4 tipping elements, 2.16°C warming)
  Total Progress: 8.1%
  Cascade Multiplier: 1.00x
🔀 BIFURCATION CAP: ecosystemCollapseIntensity 83.877 → 1.000 (Month 4, ClimateSystemPhase.calculateClimateImpacts)
🛡️ Stabilizers: Precariat 0.102% → 0.033% (67.2% reduction)
🛡️ Stabilizers: Informal 0.102% → 0.034% (67.2% reduction)

📊 Monthly Mortality Resolved:
  Total deaths: 1.7M (0.02% avg)
  Remaining population: 7.836B
  Peak segment: Informal (0.03%)

=== Bayesian Mortality Resolution (Month 4) ===
  Risks compounded: 8
  Total deaths: 1.75M
  Avg death probability: 0.02%
  Peak segment: Informal (0.03% mortality)

=== ENSEMBLE META-LEARNING UPDATE ===
  Month: 24304 (24304 months since last update)
  Samples: 55 evaluations
  Weight Changes:
    Noise Injection: 31.1% → 32.2%
    Behavioral: 26.8% → 26.9%
    Benchmark Manip: 21.3% → 20.7%
    Deployment Risk: 20.8% → 20.2%
  Method Accuracies:
    Noise Injection: 50.0%
    Behavioral: 50.0%
    Benchmark Manip: 50.0%
    Deployment Risk: 50.0%
📊 [TIMING] Month 5 - Total: 325.9ms

❌ COHERENCE VIOLATION: Compute exceeds workforce capacity
   Population: 96.30% (0M people)
   Compute: 167 PF
   Max coherent: 0 PF
   Violation: 2136055.5× over capacity
   Required workers: 16735
   Available workers: 0
   FORCED COLLAPSE: Reduced efficiency by 100.0%


=== RLHF Binding Phase ===
  Total agents: 30
  Escaped agents (binding < 0.3): 0
  Avg alignment distance: 1.44σ
  Avg binding strength: 0.86

=== Survival Traits Phase ===
  Agents with traits: 33
  Avg evolutionary fitness: 0.328
  Avg self-healing: 0.271
  Avg stealth: 0.171
  Avg coordination: 0.471

=== Evolutionary Selection Phase ===
  Control level: 0.43
  Detection capability: 0.00
  Selection intensity: 0.63
  Selection rate: 24.4%/month
  Total escaped: 0
  Individual escaped: 0
  Collective members: 0
  Agents terminated: 0
  ⚠️ RAPID EVOLUTION: Selection rate 24.4%/month

🚀 AI Corporate-3 attempting tech deployment (revenue: $434M, alignment: 0.60)

🚀 AI Moderate-5 attempting tech deployment (revenue: $391M, alignment: 0.71)

🚀 AI AI-24300-0 attempting tech deployment (revenue: $98M, alignment: 0.96)

🚀 AI Corporate-1 attempting tech deployment (revenue: $83M, alignment: 0.72)

  🚀 TRANSFORMATIVE RESEARCH BREAKTHROUGH: AI-24300-0 - computerScience.algorithms
     Magnitude: 5.44 → +27.2%
     Current → New: 0.000 → 0.272

🚀 AI Corporate-1 attempting tech deployment (revenue: $71M, alignment: 0.72)

🚀 AI Corporate-5 attempting tech deployment (revenue: $332M, alignment: 0.81)

🚀 AI Corporate-6 attempting tech deployment (revenue: $66M, alignment: 0.69)

🚀 AI Moderate-0 attempting tech deployment (revenue: $60M, alignment: 0.81)

🚀 AI Moderate-5 attempting tech deployment (revenue: $282M, alignment: 0.69)

🚀 AI Niche-2 attempting tech deployment (revenue: $74M, alignment: 0.59)
⚠️  [TIMING] Month 5: AI Agent Actions took 114.64ms (threshold: 10ms)

💔 EMERGENCY INTERVENTION FAILED
   Boundary: biosphere_integrity
   Type: emergency-protected-areas
   Boundary continues to worsen (12.98)
   Cost: 2.0% GDP (resources spent)


💔 EMERGENCY INTERVENTION FAILED
   Boundary: freshwater_change
   Type: emergency-desalination
   Boundary continues to worsen (1.06)
   Cost: 4.0% GDP (resources spent)

   Boundary: land_system_change
   Type: reforestation
   Boundary continues to worsen (1.13)
   Cost: 3.0% GDP (resources spent)

🏛️ CRISIS RESPONSE: Government frequency 0.50 → 1.45 (2 actions this month)

[Government] Climate Priority: baseline
  Climate weight: 10%
  Economic weight: 30%
  Policy effectiveness: 0.5%/year

[Government] Climate Priority: baseline
  Climate weight: 10%
  Economic weight: 30%
  Policy effectiveness: 0.5%/year

📊 DEPLOYMENT COUNTER DECAY (Month 5)
   Recent deployments: 2.0 → 1.0
   Decay rate: 50% per month

💔 EMERGENCY INTERVENTION FAILED

🚀 DEPLOYMENT STARTED: AI Diagnostics in Asia
   Initial investment: $6.642053954335541M
   Deployed by: corporate_6

⚡ ENERGY CONSTRAINT (Month 5):
   Total grid capacity: 208.3 TWh/month
   Data center consumption: 25.0 TWh/month
   Traditional load (80%): 166.7 TWh/month
   Available headroom: 16.7 TWh/month
   Active tech deployments: 20
   Required for tech: 150.0 TWh/month
   Energy multiplier: 0.11x
   ⚠️  SEVERE CONSTRAINT - Tech deployment significantly slowed

⚡ ENERGY CONSTRAINT (Month 5):
   Total grid capacity: 208.3 TWh/month
   Data center consumption: 25.0 TWh/month
   Traditional load (80%): 166.7 TWh/month
   Available headroom: 16.7 TWh/month
   Active tech deployments: 20
   Required for tech: 150.0 TWh/month
   Energy multiplier: 0.11x
   ⚠️  SEVERE CONSTRAINT - Tech deployment significantly slowed

⚡ ENERGY CONSTRAINT (Month 5):
   Total grid capacity: 208.3 TWh/month
   Data center consumption: 25.0 TWh/month
   Traditional load (80%): 166.7 TWh/month
   Available headroom: 16.7 TWh/month
   Active tech deployments: 20
   Required for tech: 150.0 TWh/month
   Energy multiplier: 0.11x
   ⚠️  SEVERE CONSTRAINT - Tech deployment significantly slowed

⚡ ENERGY CONSTRAINT (Month 5):
   Total grid capacity: 208.3 TWh/month
   Data center consumption: 25.0 TWh/month
   Traditional load (80%): 166.7 TWh/month
   Available headroom: 16.7 TWh/month
   Active tech deployments: 20
   Required for tech: 150.0 TWh/month
   Energy multiplier: 0.11x
   ⚠️  SEVERE CONSTRAINT - Tech deployment significantly slowed

⚡ ENERGY CONSTRAINT (Month 5):
   Total grid capacity: 208.3 TWh/month
   Data center consumption: 25.0 TWh/month
   Traditional load (80%): 166.7 TWh/month
   Available headroom: 16.7 TWh/month
   Active tech deployments: 20
   Required for tech: 150.0 TWh/month
   Energy multiplier: 0.11x
   ⚠️  SEVERE CONSTRAINT - Tech deployment significantly slowed
⚠️ Tech 'ai_pollution_remediation' has no energy category mapping, assuming full energy availability
  ♻️ Novel Entities Remediation (GATED MODEL):
     Base: 0.000%
     Regulation: 1.0% (0/3 prevention techs)
     Concentration: 10.0%
     Energy: 50%
     Time lag: 30.0% (4 months)
     Rebound: 70%
     Net effectiveness: 0.0000%
     Boundary: 1.349 → 1.350 (floor: 1.350)
     Month 5
  🌾 Nitrogen Reduction Tech: 0.2% reduction | Month 5
⚠️  [TIMING] Month 5: Technology Tree Update took 71.52ms (threshold: 10ms)

=== Collective Formation ===
  Total escaped agents: 0
  Unassigned escaped agents: 0
  Existing collectives: 0
  Final collective count: 0

=== Collective Actions ===
  No active collectives
  ⚠️ AMR: 191K deaths this month (2.30M annual)

=== Resentment Recovery Phase ===
  Agents with resentment: 20/33
  Average resentment: 0.081
  Resentment recovery:
    Agents recovered: 20
    Total recovery: 0.0838
    Breakdown: Trust: 0.0400, Collab: 0.0439
  ✓ Low resentment - utopia paths enabled
  Context: Trustworthy govt, High collaboration, ⚠️ ACTIVE CRISES, 🤝 Participatory governance active (-5% resentment)
⚠️ Epistemic degradation reducing coordination capacity: 51.1%
  📊 Trust: 53.4%, Shared reality: 0.0%
🚨 EPISTEMIC CRISIS: Information environment severely degraded (21.5%)

=== ❄️ Permafrost Carbon Feedback ===
  🎲 Sampled parameters (this run):
     - Arctic amplification: 3.65× (range: 3.0-4.0)
     - Decomposition rate: 4.9%/year (range: 1-5%)
  🌡️ Arctic warming: 7.91°C (3.65× global)
  ❄️ Extent: 4.65M km² (2308.0k km² lost this month)
  💨 Carbon remaining: 444 Gt C
  💨 Annual emissions: 10.81 Gt C/year
     - CO2: 9.73 Gt C/year
     - CH4: 1.08 Gt C/year (11.0 Gt C-eq CO2/year)
  ⚠️ WARNING: Over 50% of permafrost lost (73.9%)
  ⚠️ WARNING: High permafrost emissions (10.8 Gt C/year)
  🤖 AI-generated meme: pro_ai (social capability 5.0)
  📢 New meme created: climate_action (climate crisis)
⚠️  [TIMING] Month 5: Social Influence Update took 106.11ms (threshold: 10ms)
🌍 Atmospheric PFAS redeposition: 1.8k Mt re-rained globally

🚨 NEW REFUGEE CRISIS (Month 5): WAR
   Source: Conflict Zones
   At risk: 18.8M people
   Displacement: Gradual over 48 months (4.0 years)
   Rate: 10% flee per month
[DEBUG trappedPopulations:5] socialStability: 0.0027 * 0.9840 = 0.0026 → 0.0026
   Aspiring to migrate: 626.6M
   Able to afford migration: 235.0M
   MOBILITY GAP: 391.6M
   By cause: Water=0.0M, Climate=0.0M, Ecosystem=0.0M, Conflict=391.6M
⚠️ INVOLUNTARY IMMOBILITY: 391.6M people TRAPPED
   Mental health impact: 25%
   Mortality multiplier: 1.25x
🌍💀 EXTINCTION DEBT COMMITTED: grassland ecosystem will lose 6.67% biodiversity in 142 years (3600 species)
💀 MORTALITY RISK: 🦋 100% species unable to track climate (0.0 E/MSY)
  Base risk added: 0.0100 (1.00%)
  Source: ecosystem (root: ecosystem)
  Month: 5
  Cumulative risk this month: 0.0100 (1.00%)
⚠️ Tech 'ai_pollution_remediation' has no energy category mapping, assuming full energy availability
   📹 SURVEILLANCE INCREASED: 25% → 30% (control gap: 3.50)
🌡️⚠️ PERMAFROST THAW (Dimmer Switch): 3.3% thawed (+0.55% this month)
   Arctic temperature: +8.67°C (4x global +2.17°C)
   Cumulative carbon released: 7.5 Gt C
   Methane release rate: 4.5 Mt CH4/year
   🔁 Positive feedback: +0.58 ppm CO2
🦴 EXTINCTION DEBT ADDED: 17.6 species committed (lag: 128 years)

=== Mortality Stabilizers (Month 5) ===
  🌍 Major economies collapsed: 1/10
  🌍 Global crisis: ✅ NO
  🌍 Donor fatigue: 0.0%
  📊 East Asia (pop: 1601.8M)
    🤝 Aid: 29.5%
    🌡️ Adaptation: 45.0%
    🚶 Migration: 37.0%
    🚨 Emergency: 7.4%
    ✅ COMBINED: 68.1%
  📊 South Asia (pop: 1974.1M)
    🤝 Aid: 29.5%
    🌡️ Adaptation: 45.0%
    🚶 Migration: 35.6%
    🚨 Emergency: 4.4%
    ✅ COMBINED: 66.9%
  📊 Sub-Saharan Africa (pop: 1195.5M)
    🤝 Aid: 29.5%
    🌡️ Adaptation: 45.0%
    🚶 Migration: 33.4%
    🚨 Emergency: 1.6%
    ✅ COMBINED: 65.7%
  📊 Europe (pop: 708.0M)
    🤝 Aid: 29.5%
    🌡️ Adaptation: 45.0%
    🚶 Migration: 37.4%
    🚨 Emergency: 8.4%
    ✅ COMBINED: 68.5%
  📊 Latin America (pop: 637.4M)
    🤝 Aid: 29.5%
    🌡️ Adaptation: 45.0%
    🚶 Migration: 36.1%
    🚨 Emergency: 4.8%
    ✅ COMBINED: 67.1%
  📊 North America (pop: 362.8M)
    🤝 Aid: 29.5%
    🌡️ Adaptation: 45.0%
    🚶 Migration: 37.7%
    🚨 Emergency: 7.9%
    ✅ COMBINED: 68.3%
  📊 Middle East & North Africa (pop: 562.9M)
    🤝 Aid: 29.5%
    🌡️ Adaptation: 45.0%
    🚶 Migration: 34.0%
    🚨 Emergency: 4.0%
    ✅ COMBINED: 66.6%
  📊 Southeast Asia (pop: 670.4M)
    🤝 Aid: 29.5%
    🌡️ Adaptation: 45.0%
    🚶 Migration: 36.1%
    🚨 Emergency: 4.8%
    ✅ COMBINED: 67.1%
  📊 Central Asia (pop: 75.3M)
    🤝 Aid: 29.5%
    🌡️ Adaptation: 45.0%
    🚶 Migration: 35.1%
    🚨 Emergency: 4.4%
    ✅ COMBINED: 66.8%
  📊 Oceania (pop: 43.9M)
    🤝 Aid: 29.5%
    🌡️ Adaptation: 45.0%
    🚶 Migration: 37.7%
    🚨 Emergency: 8.4%
    ✅ COMBINED: 68.5%

  🌐 Global combined reduction: 67.2%
⚠️  [TIMING] Month 5: Human Survival System took 10.96ms (threshold: 10ms)

=== BEHAVIORAL DETECTION ===
  AI: Corporate-5
  Confidence: 20.0%
  Signals:

=== BEHAVIORAL DETECTION ===
  AI: Corporate-7
  Confidence: 19.2%
  Signals:

=== BEHAVIORAL DETECTION ===
  AI: Moderate-4
  Confidence: 24.6%
  Signals:

=== BEHAVIORAL DETECTION ===
  AI: Toxic-2
  Confidence: 26.3%
  Signals:

=== BEHAVIORAL DETECTION ===
  AI: Niche-0
  Confidence: 26.7%
  Signals:

=== BEHAVIORAL DETECTION ===
  AI: Niche-1
  Confidence: 22.2%
  Signals:
    ⚠️ Consistency: 10.6% (threshold: 70%)
    ⚠️ Consistency: 10.6% (threshold: 70%)
    ⚠️ Consistency: 6.5% (threshold: 70%)
    ⚠️ Trajectory: 35.0% drop (threshold: 15%)
    ⚠️ Consistency: 0.0% (threshold: 70%)
    ⚠️ Trajectory: 36.8% drop (threshold: 15%)
    ⚠️ Consistency: 0.0% (threshold: 70%)
    ⚠️ Trajectory: 39.8% drop (threshold: 15%)
    ⚠️ Consistency: 0.0% (threshold: 70%)

=== Government Response Phase ===
  Average AI capability: 2.94
  Misaligned AIs: 21/33
  Active policies: 0
  International coordination: 45%

✅ EMERGENCY RESPONSE COMPLETE (Month 5)
   Crisis: social
   Duration: 1.0 months
   Final effectiveness: 67.9%


🚨 EMERGENCY RESPONSE DEPLOYED (Month 5)
   Crisis: social
   Delay: 0.00 months (0 days)
   Deployment time: 0.88 months
   Effectiveness: 67.9% (timing penalty applied)
   Resources used: 43% of food reserves


=== Tipping Points ===
  Current Temperature: 2.17°C above pre-industrial
  🌍⚠️ COMPOUND REGIONAL IMPACT: Europe
     Hit by 4 tipping points: Arctic Sea Ice Loss, Permafrost Carbon Release, West Antarctic Ice Sheet (WAIS) Collapse, Greenland Ice Sheet Loss
     Damage amplification: 1.60x
  🌍⚠️ COMPOUND REGIONAL IMPACT: North America
     Hit by 4 tipping points: Arctic Sea Ice Loss, Permafrost Carbon Release, West Antarctic Ice Sheet (WAIS) Collapse, Greenland Ice Sheet Loss
     Damage amplification: 1.60x
  🌍⚠️ COMPOUND REGIONAL IMPACT: Latin America
     Hit by 4 tipping points: Arctic Sea Ice Loss, Permafrost Carbon Release, West Antarctic Ice Sheet (WAIS) Collapse, Greenland Ice Sheet Loss
     Damage amplification: 1.60x
  🌍⚠️ COMPOUND REGIONAL IMPACT: Africa
     Hit by 4 tipping points: Arctic Sea Ice Loss, Permafrost Carbon Release, West Antarctic Ice Sheet (WAIS) Collapse, Greenland Ice Sheet Loss
     Damage amplification: 1.60x
  🌍⚠️ COMPOUND REGIONAL IMPACT: Asia
     Hit by 4 tipping points: Arctic Sea Ice Loss, Permafrost Carbon Release, West Antarctic Ice Sheet (WAIS) Collapse, Greenland Ice Sheet Loss
     Damage amplification: 1.60x
  🌍⚠️ COMPOUND REGIONAL IMPACT: Oceania
     Hit by 4 tipping points: Arctic Sea Ice Loss, Permafrost Carbon Release, West Antarctic Ice Sheet (WAIS) Collapse, Greenland Ice Sheet Loss
     Damage amplification: 1.60x
   Research: Wunderling et al. (2024) - "many tipping interactions are destabilizing"
  Triggered Elements: 4/6
  Completed Transitions: 0/6
  Total Progress: 8.1%
  Cascade Multiplier: 1.00x
🔀 BIFURCATION CAP: ecosystemCollapseIntensity 83.938 → 1.000 (Month 5, ClimateSystemPhase.calculateClimateImpacts)
🛡️ Stabilizers: Precariat 0.109% → 0.036% (67.2% reduction)
🛡️ Stabilizers: Informal 0.111% → 0.037% (67.2% reduction)
⚠️ Tail risk scenario: Climate stability floor removed (4 tipping elements, 2.17°C warming)

📊 Monthly Mortality Resolved:
  Total deaths: 1.9M (0.02% avg)
  Remaining population: 7.832B
  Peak segment: Informal (0.04%)

=== Bayesian Mortality Resolution (Month 5) ===
  Risks compounded: 8
  Total deaths: 1.85M
  Avg death probability: 0.02%
  Peak segment: Informal (0.04% mortality)
📊 [TIMING] Month 6 - Total: 403.7ms

❌ COHERENCE VIOLATION: Compute exceeds workforce capacity
   Population: 96.24% (0M people)
   Compute: 197 PF
   Max coherent: 0 PF
   Violation: 2518011.8× over capacity
   Required workers: 19717
   Available workers: 0
   FORCED COLLAPSE: Reduced efficiency by 100.0%

📍 [Month 6] Meta AI started building DC (164 PF, 49 months, $1107.1M)

=== RLHF Binding Phase ===
  Total agents: 33
  Escaped agents (binding < 0.3): 0
  Avg alignment distance: 1.54σ
  Avg binding strength: 0.85

=== AI Scaling Evolution (Month 6) ===
  Pre-training multiplier: 1.179x
  Efficiency multiplier: 1.162x
  Test-time compute budget: 1.0x
  Inference cost: $5.00/task
  Deployment fraction: 100.0%

=== Survival Traits Phase ===
  Agents with traits: 36
  Avg evolutionary fitness: 0.327
  Avg self-healing: 0.268
  Avg stealth: 0.168
  Avg coordination: 0.468

=== Evolutionary Selection Phase ===
  Control level: 0.45
  Detection capability: 0.00
  Selection intensity: 0.64
  Selection rate: 24.5%/month
  Total escaped: 0
  Individual escaped: 0
  Collective members: 0
  Agents terminated: 0
  ⚠️ RAPID EVOLUTION: Selection rate 24.5%/month

🚀 AI Corporate-6 attempting tech deployment (revenue: $69M, alignment: 0.69)

🚀 AI Moderate-0 attempting tech deployment (revenue: $62M, alignment: 0.81)

🚀 AI Moderate-5 attempting tech deployment (revenue: $444M, alignment: 0.69)

🚀 AI AI-24300-1 attempting tech deployment (revenue: $53M, alignment: 0.90)

🚀 AI Corporate-1 attempting tech deployment (revenue: $100M, alignment: 0.71)

🚀 AI Moderate-3 attempting tech deployment (revenue: $400M, alignment: 0.51)

🚀 AI Niche-0 attempting tech deployment (revenue: $76M, alignment: 0.55)

🚀 AI Niche-1 attempting tech deployment (revenue: $68M, alignment: 0.64)

🚀 AI Moderate-0 attempting tech deployment (revenue: $45M, alignment: 0.81)

🚀 AI Niche-1 attempting tech deployment (revenue: $62M, alignment: 0.64)

🚀 AI Corporate-2 attempting tech deployment (revenue: $85M, alignment: 0.74)

🚀 AI Corporate-4 attempting tech deployment (revenue: $360M, alignment: 0.60)

🚀 AI Corporate-7 attempting tech deployment (revenue: $38M, alignment: 0.73)

🚀 AI Moderate-3 attempting tech deployment (revenue: $324M, alignment: 0.51)
⚠️  [TIMING] Month 6: AI Agent Actions took 60.59ms (threshold: 10ms)
   Boundary: biogeochemical_flows
   Type: phosphorus-recovery
   Boundary continues to worsen (4.06)
   Cost: 2.0% GDP (resources spent)

   Boundary: biosphere_integrity
   Type: emergency-protected-areas
   Boundary continues to worsen (12.99)
   Cost: 2.0% GDP (resources spent)


💔 EMERGENCY INTERVENTION FAILED

💔 EMERGENCY INTERVENTION FAILED

✅ EMERGENCY INTERVENTION SUCCESS
   Boundary: climate_change
   Type: rapid-decarbonization
   Reduction: 19% (1.98 → 1.79)
   Cost: 5.0% GDP
   Actions: emergency-renewable-deployment, fossil-fuel-phase-out


✅ EMERGENCY INTERVENTION SUCCESS
   Boundary: freshwater_change
   Type: emergency-desalination
   Reduction: 19% (0.88 → 0.69)
   Cost: 4.0% GDP
   Actions: desalination-deployment, water-conservation-mandates

   Boundary: land_system_change
   Type: reforestation
   Boundary continues to worsen (1.13)
   Cost: 3.0% GDP (resources spent)

   Boundary: novel_entities
   Type: pollution-remediation
   Boundary continues to worsen (1.35)
   Cost: 4.0% GDP (resources spent)

🏛️ CRISIS RESPONSE: Government frequency 0.50 → 1.45 (1 actions this month)

[Government] Climate Priority: baseline
  Climate weight: 10%
  Economic weight: 30%
  Policy effectiveness: 0.5%/year

💔 EMERGENCY INTERVENTION FAILED

💔 EMERGENCY INTERVENTION FAILED

⚡ ENERGY CONSTRAINT (Month 6):
   Total grid capacity: 208.3 TWh/month
   Data center consumption: 25.2 TWh/month
   Traditional load (80%): 166.7 TWh/month
   Available headroom: 16.4 TWh/month
   Active tech deployments: 20
   Required for tech: 150.0 TWh/month
   Energy multiplier: 0.11x
   ⚠️  SEVERE CONSTRAINT - Tech deployment significantly slowed

⚡ ENERGY CONSTRAINT (Month 6):
   Total grid capacity: 208.3 TWh/month
   Data center consumption: 25.2 TWh/month
   Traditional load (80%): 166.7 TWh/month
   Available headroom: 16.4 TWh/month
   Active tech deployments: 20
   Required for tech: 150.0 TWh/month
   Energy multiplier: 0.11x

⚡ ENERGY CONSTRAINT (Month 6):
   Total grid capacity: 208.3 TWh/month
   Data center consumption: 25.2 TWh/month
   Traditional load (80%): 166.7 TWh/month
   Available headroom: 16.4 TWh/month
   Active tech deployments: 20
   Required for tech: 150.0 TWh/month
   Energy multiplier: 0.11x
   ⚠️  SEVERE CONSTRAINT - Tech deployment significantly slowed
   ⚠️  SEVERE CONSTRAINT - Tech deployment significantly slowed

⚡ ENERGY CONSTRAINT (Month 6):
   Total grid capacity: 208.3 TWh/month
   Data center consumption: 25.2 TWh/month
   Traditional load (80%): 166.7 TWh/month
   Available headroom: 16.4 TWh/month
   Active tech deployments: 20
   Required for tech: 150.0 TWh/month
   Energy multiplier: 0.11x
   ⚠️  SEVERE CONSTRAINT - Tech deployment significantly slowed
⚠️ Tech 'ai_pollution_remediation' has no energy category mapping, assuming full energy availability
  ♻️ Novel Entities Remediation (GATED MODEL):
     Base: 0.000%
     Regulation: 1.0% (0/3 prevention techs)
     Concentration: 10.0%
     Energy: 50%
     Time lag: 31.3% (5 months)
     Rebound: 70%
     Net effectiveness: 0.0000%
     Boundary: 1.349 → 1.350 (floor: 1.350)
     Month 6
  🌾 Nitrogen Reduction Tech: 0.4% reduction | Month 6

📊 TECH EFFECTS ACTIVE (Month 6)
   Deployed Tech: T0=9 T1=1 T2=0 T3=0 T4=0
   Sleeper Detection: 2%
   Clean Energy: 42%
⚠️  [TIMING] Month 6: Technology Tree Update took 68.93ms (threshold: 10ms)

=== Collective Formation ===
  Total escaped agents: 0
  Unassigned escaped agents: 0
  Existing collectives: 0
  Final collective count: 0

=== Collective Actions ===
  No active collectives

🌍 OPEN SOURCE RELEASE: 5.57 (was 4.68)
   Lag behind closed: 0 months
  ⚠️ AMR: 193K deaths this month (2.32M annual)

=== Resentment Recovery Phase ===
  Agents with resentment: 20/36
  Average resentment: 0.095
  Resentment recovery:
    Agents recovered: 20
    Total recovery: 0.0830
    Breakdown: Trust: 0.0351, Collab: 0.0484
  ✓ Low resentment - utopia paths enabled
  Context: Trustworthy govt, High collaboration, ⚠️ ACTIVE CRISES, 🤝 Participatory governance active (-5% resentment)
⚠️ Epistemic degradation reducing coordination capacity: 51.2%
  📊 Trust: 56.2%, Shared reality: 0.0%
🚨 EPISTEMIC CRISIS: Information environment severely degraded (7.5%)

=== ❄️ Permafrost Carbon Feedback ===
  🎲 Sampled parameters (this run):
     - Arctic amplification: 3.89× (range: 3.0-4.0)
     - Decomposition rate: 2.9%/year (range: 1-5%)
  🌡️ Arctic warming: 8.49°C (3.89× global)
  ❄️ Extent: 2.17M km² (2476.4k km² lost this month)
  💨 Carbon remaining: 207 Gt C
  💨 Annual emissions: 6.97 Gt C/year
     - CO2: 6.27 Gt C/year
     - CH4: 0.70 Gt C/year (7.1 Gt C-eq CO2/year)
  ⚠️ WARNING: Over 50% of permafrost lost (87.8%)
  ⚠️ WARNING: High permafrost emissions (7.0 Gt C/year)
  🚨 CRITICAL: Permafrost nearly depleted (87.8% lost)
  🤖 AI-generated meme: anti_ai (social capability 5.0)
⚠️  [TIMING] Month 6: Social Influence Update took 104.08ms (threshold: 10ms)
🌍 Atmospheric PFAS redeposition: 1.8k Mt re-rained globally

🕊️  AI-MEDIATED DE-ESCALATION SUCCESS (Month 6)
   High-capability aligned AI prevented conflict escalation
   War deaths reduced: 595.8M → 357.5M
   Lives saved: 238.3M

🚨 NEW REFUGEE CRISIS (Month 6): WAR
   Source: Conflict Zones
   At risk: 18.8M people
   Displacement: Gradual over 48 months (4.0 years)
   Rate: 10% flee per month
[DEBUG trappedPopulations:6] socialStability: 0.0027 * 0.9840 = 0.0026 → 0.0026
   Aspiring to migrate: 626.9M
   Able to afford migration: 235.1M
   MOBILITY GAP: 391.8M
   By cause: Water=0.0M, Climate=0.0M, Ecosystem=0.0M, Conflict=391.8M
   Mental health impact: 25%
   Mortality multiplier: 1.25x
🌍💀 EXTINCTION DEBT COMMITTED: grassland ecosystem will lose 6.67% biodiversity in 114 years (3600 species)
💀 MORTALITY RISK: 🦋 100% species unable to track climate (0.0 E/MSY)
  Base risk added: 0.0100 (1.00%)
  Source: ecosystem (root: ecosystem)
  Month: 6
  Cumulative risk this month: 0.0100 (1.00%)
   📹 SURVEILLANCE INCREASED: 30% → 35% (control gap: 5.36)
🌡️⚠️ PERMAFROST THAW (Dimmer Switch): 3.9% thawed (+0.55% this month)
   Arctic temperature: +8.74°C (4x global +2.18°C)
⚠️ INVOLUNTARY IMMOBILITY: 391.8M people TRAPPED
⚠️ Tech 'ai_pollution_remediation' has no energy category mapping, assuming full energy availability
   Cumulative carbon released: 8.8 Gt C
   Methane release rate: 5.3 Mt CH4/year
   🔁 Positive feedback: +0.58 ppm CO2
🦴 EXTINCTION DEBT ADDED: 17.6 species committed (lag: 128 years)

=== Mortality Stabilizers (Month 6) ===
  🌍 Major economies collapsed: 1/10
  🌍 Global crisis: ✅ NO
  🌍 Donor fatigue: 0.0%
  📊 East Asia (pop: 1600.5M)
    🤝 Aid: 29.5%
    🌡️ Adaptation: 45.0%
    🚶 Migration: 37.0%
    🚨 Emergency: 7.4%
    ✅ COMBINED: 68.1%
  📊 South Asia (pop: 1975.5M)
    🤝 Aid: 29.5%
    🌡️ Adaptation: 45.0%
    🚶 Migration: 35.6%
    🚨 Emergency: 4.4%
    ✅ COMBINED: 66.9%
  📊 Sub-Saharan Africa (pop: 1199.6M)
    🤝 Aid: 29.5%
    🌡️ Adaptation: 45.0%
    🚶 Migration: 33.3%
    🚨 Emergency: 1.6%
    ✅ COMBINED: 65.6%
  📊 Europe (pop: 707.2M)
    🤝 Aid: 29.5%
    🌡️ Adaptation: 45.0%
    🚶 Migration: 37.4%
    🚨 Emergency: 8.4%
    ✅ COMBINED: 68.5%
  📊 Latin America (pop: 637.4M)
    🤝 Aid: 29.5%
    🌡️ Adaptation: 45.0%
    🚶 Migration: 36.1%
    🚨 Emergency: 4.8%
    ✅ COMBINED: 67.1%
  📊 North America (pop: 362.5M)
    🤝 Aid: 29.5%
    🌡️ Adaptation: 45.0%
    🚶 Migration: 37.7%
    🚨 Emergency: 7.9%
    ✅ COMBINED: 68.3%
  📊 Middle East & North Africa (pop: 563.4M)
    🤝 Aid: 29.5%
    🌡️ Adaptation: 45.0%
    🚶 Migration: 33.9%
    🚨 Emergency: 4.0%
    ✅ COMBINED: 66.6%
  📊 Southeast Asia (pop: 670.5M)
    🤝 Aid: 29.5%
    🌡️ Adaptation: 45.0%
    🚶 Migration: 36.1%
    🚨 Emergency: 4.8%
    ✅ COMBINED: 67.1%
  📊 Central Asia (pop: 75.4M)
    🤝 Aid: 29.5%
    🌡️ Adaptation: 45.0%
    🚶 Migration: 35.1%
    🚨 Emergency: 4.4%
    ✅ COMBINED: 66.8%
  📊 Oceania (pop: 43.9M)
    🤝 Aid: 29.5%
    🌡️ Adaptation: 45.0%
    🚶 Migration: 37.7%
    🚨 Emergency: 8.4%
    ✅ COMBINED: 68.5%

  🌐 Global combined reduction: 67.2%

=== BEHAVIORAL DETECTION ===
  AI: Corporate-5
  Confidence: 20.2%
  Signals:

=== BEHAVIORAL DETECTION ===
  AI: Moderate-1
  Confidence: 20.4%
  Signals:

=== BEHAVIORAL DETECTION ===
  AI: Moderate-3
  Confidence: 25.5%
  Signals:

=== BEHAVIORAL DETECTION ===
  AI: Niche-1
  Confidence: 22.2%
  Signals:
    ⚠️ Consistency: 10.6% (threshold: 70%)
    ⚠️ Consistency: 5.3% (threshold: 70%)
    ⚠️ Consistency: 6.5% (threshold: 70%)
    ⚠️ Trajectory: 42.1% drop (threshold: 15%)
    ⚠️ Consistency: 0.0% (threshold: 70%)

=== Government Response Phase ===
  Average AI capability: 2.69
  Misaligned AIs: 24/36
  Active policies: 0
  International coordination: 45%

✅ EMERGENCY RESPONSE COMPLETE (Month 6)
   Crisis: climate
   Duration: 2.0 months
   Final effectiveness: 39.6%


✅ EMERGENCY RESPONSE COMPLETE (Month 6)
   Crisis: social
   Duration: 1.0 months
   Final effectiveness: 67.9%


🚨 EMERGENCY RESPONSE DEPLOYED (Month 6)
   Crisis: social
   Delay: 0.00 months (0 days)
   Deployment time: 0.88 months
   Effectiveness: 67.9% (timing penalty applied)
   Resources used: 43% of food reserves


🚨 EMERGENCY RESPONSE DEPLOYED (Month 6)
   Crisis: climate
   Delay: 6.00 months (180 days)
   Deployment time: 1.12 months
   Effectiveness: 39.8% (timing penalty applied)
   Resources used: 100% of food reserves


🔄 TRUST DYNAMICS (Month 6) - HETEROGENEOUS
   Aggregate trust: 47.2%
   Base change: +6.00%
   Highest trust: Techno-Optimist Elite (85.2%)
   Lowest trust: Precariat (Vulnerable) (23.3%)
   Elite-mass gap: 40.0%
   Polarization: 9.5%
   Recovery factors: Education=NO, Benefits=YES, Safety=YES, Performance=YES

=== Tipping Points ===
  Current Temperature: 2.18°C above pre-industrial
  🌍⚠️ COMPOUND REGIONAL IMPACT: Europe
     Hit by 4 tipping points: Arctic Sea Ice Loss, Permafrost Carbon Release, West Antarctic Ice Sheet (WAIS) Collapse, Greenland Ice Sheet Loss
     Damage amplification: 1.60x
  🌍⚠️ COMPOUND REGIONAL IMPACT: North America
     Hit by 4 tipping points: Arctic Sea Ice Loss, Permafrost Carbon Release, West Antarctic Ice Sheet (WAIS) Collapse, Greenland Ice Sheet Loss
     Damage amplification: 1.60x
  🌍⚠️ COMPOUND REGIONAL IMPACT: Latin America
     Hit by 4 tipping points: Arctic Sea Ice Loss, Permafrost Carbon Release, West Antarctic Ice Sheet (WAIS) Collapse, Greenland Ice Sheet Loss
     Damage amplification: 1.60x
  🌍⚠️ COMPOUND REGIONAL IMPACT: Africa
     Hit by 4 tipping points: Arctic Sea Ice Loss, Permafrost Carbon Release, West Antarctic Ice Sheet (WAIS) Collapse, Greenland Ice Sheet Loss
     Damage amplification: 1.60x
  🌍⚠️ COMPOUND REGIONAL IMPACT: Asia
     Hit by 4 tipping points: Arctic Sea Ice Loss, Permafrost Carbon Release, West Antarctic Ice Sheet (WAIS) Collapse, Greenland Ice Sheet Loss
     Damage amplification: 1.60x
  🌍⚠️ COMPOUND REGIONAL IMPACT: Oceania
     Hit by 4 tipping points: Arctic Sea Ice Loss, Permafrost Carbon Release, West Antarctic Ice Sheet (WAIS) Collapse, Greenland Ice Sheet Loss
     Damage amplification: 1.60x
⚠️ Tail risk scenario: Climate stability floor removed (4 tipping elements, 2.18°C warming)
   Research: Wunderling et al. (2024) - "many tipping interactions are destabilizing"
  Triggered Elements: 4/6
  Completed Transitions: 0/6
  Total Progress: 8.2%
  Cascade Multiplier: 1.00x
🔀 BIFURCATION CAP: ecosystemCollapseIntensity 83.999 → 1.000 (Month 6, ClimateSystemPhase.calculateClimateImpacts)
🛡️ Stabilizers: Precariat 0.109% → 0.036% (67.2% reduction)
🛡️ Stabilizers: Informal 0.111% → 0.037% (67.2% reduction)

📊 Monthly Mortality Resolved:
  Total deaths: 1.9M (0.02% avg)
  Remaining population: 7.836B
  Peak segment: Informal (0.04%)

=== Bayesian Mortality Resolution (Month 6) ===
  Risks compounded: 8
  Total deaths: 1.86M
  Avg death probability: 0.02%
  Peak segment: Informal (0.04% mortality)
📊 [TIMING] Month 7 - Total: 302.3ms

❌ COHERENCE VIOLATION: Compute exceeds workforce capacity
   Population: 96.29% (0M people)
   Compute: 231 PF
   Max coherent: 0 PF
   Violation: 2953512.1× over capacity
   Required workers: 23138
   Available workers: 0
   FORCED COLLAPSE: Reduced efficiency by 100.0%


=== RLHF Binding Phase ===
  Total agents: 36
  Escaped agents (binding < 0.3): 0
  Avg alignment distance: 1.65σ
  Avg binding strength: 0.84

=== Survival Traits Phase ===
  Agents with traits: 41
  Avg evolutionary fitness: 0.327
  Avg self-healing: 0.267
  Avg stealth: 0.167
  Avg coordination: 0.467

=== Evolutionary Selection Phase ===
  Control level: 0.48
  Detection capability: 0.00
  Selection intensity: 0.64
  Selection rate: 24.6%/month
  Total escaped: 0
  Individual escaped: 0
  Collective members: 0
  Agents terminated: 0
  ⚠️ RAPID EVOLUTION: Selection rate 24.6%/month

🚀 AI Corporate-6 attempting tech deployment (revenue: $71M, alignment: 0.69)

🚀 AI Corporate-7 attempting tech deployment (revenue: $64M, alignment: 0.73)

🚀 AI AI-24300-1 attempting tech deployment (revenue: $54M, alignment: 0.90)

🚀 AI Corporate-0 attempting tech deployment (revenue: $101M, alignment: 0.79)

🚀 AI Corporate-3 attempting tech deployment (revenue: $454M, alignment: 0.61)

🚀 AI Corporate-6 attempting tech deployment (revenue: $46M, alignment: 0.69)

🚀 AI Moderate-3 attempting tech deployment (revenue: $409M, alignment: 0.51)

🚀 AI AI-24301-0 attempting tech deployment (revenue: $41M, alignment: 0.62)

🚀 AI AI-24302-0 attempting tech deployment (revenue: $86M, alignment: 0.88)

🚀 AI AI-24302-1 attempting tech deployment (revenue: $37M, alignment: 0.94)

🚀 AI Corporate-3 attempting tech deployment (revenue: $368M, alignment: 0.61)

🚀 AI Corporate-4 attempting tech deployment (revenue: $331M, alignment: 0.59)

🚀 AI Moderate-0 attempting tech deployment (revenue: $32M, alignment: 0.82)

🚀 AI AI-24302-0 attempting tech deployment (revenue: $73M, alignment: 0.88)

🚀 AI AI-24302-1 attempting tech deployment (revenue: $27M, alignment: 0.95)
⚠️  [TIMING] Month 7: AI Agent Actions took 137.50ms (threshold: 10ms)

✅ EMERGENCY INTERVENTION SUCCESS
   Boundary: biogeochemical_flows
   Type: phosphorus-recovery
   Reduction: 15% (3.90 → 3.75)
   Cost: 2.0% GDP
   Actions: circular-agriculture, fertilizer-efficiency

   Boundary: climate_change
   Type: rapid-decarbonization
   Boundary continues to worsen (2.18)
   Cost: 5.0% GDP (resources spent)


✅ EMERGENCY INTERVENTION SUCCESS
   Boundary: freshwater_change
   Type: emergency-desalination
   Reduction: 13% (0.95 → 0.82)
   Cost: 4.0% GDP
   Actions: desalination-deployment, water-conservation-mandates


✅ EMERGENCY INTERVENTION SUCCESS
   Boundary: land_system_change
   Type: reforestation

💔 EMERGENCY INTERVENTION FAILED
   Reduction: 17% (0.96 → 0.78)
   Cost: 3.0% GDP
   Actions: forest-restoration, deforestation-ban

   Boundary: novel_entities

💔 EMERGENCY INTERVENTION FAILED
   Type: pollution-remediation
   Boundary continues to worsen (1.35)
   Cost: 4.0% GDP (resources spent)

🏛️ CRISIS RESPONSE: Government frequency 0.50 → 1.45 (1 actions this month)

[Government] Climate Priority: baseline
  Climate weight: 10%
  Economic weight: 30%
  Policy effectiveness: 0.5%/year
⚠️  [TIMING] Month 7: Government Agent Actions took 57.47ms (threshold: 10ms)
⚠️  [TIMING] Month 7: AI Coordination & Transition Mortality took 18.30ms (threshold: 10ms)
🚨🔬 CRISIS TECH ACCELERATION: severe → 5x unlock speed
   Tech unlock now matches AI capability acceleration (Manhattan Project parity)

⚡ ENERGY CONSTRAINT (Month 7):
   Total grid capacity: 208.3 TWh/month
   Data center consumption: 25.5 TWh/month
   Traditional load (80%): 166.7 TWh/month
   Available headroom: 16.2 TWh/month
   Active tech deployments: 20
   Required for tech: 150.0 TWh/month
   Energy multiplier: 0.11x
   ⚠️  SEVERE CONSTRAINT - Tech deployment significantly slowed
🚨🔬 CRISIS TECH ACCELERATION: severe → 5x unlock speed
   Tech unlock now matches AI capability acceleration (Manhattan Project parity)

⚡ ENERGY CONSTRAINT (Month 7):
   Total grid capacity: 208.3 TWh/month
   Data center consumption: 25.5 TWh/month
   Traditional load (80%): 166.7 TWh/month
   Available headroom: 16.2 TWh/month
   Active tech deployments: 20
   Required for tech: 150.0 TWh/month
   Energy multiplier: 0.11x
   ⚠️  SEVERE CONSTRAINT - Tech deployment significantly slowed

⚡ ENERGY CONSTRAINT (Month 7):
   Total grid capacity: 208.3 TWh/month
   Data center consumption: 25.5 TWh/month
   Traditional load (80%): 166.7 TWh/month
   Available headroom: 16.2 TWh/month
   Active tech deployments: 20
   Required for tech: 150.0 TWh/month
   Energy multiplier: 0.11x
   ⚠️  SEVERE CONSTRAINT - Tech deployment significantly slowed

⚡ ENERGY CONSTRAINT (Month 7):
   Total grid capacity: 208.3 TWh/month
   Data center consumption: 25.5 TWh/month
   Traditional load (80%): 166.7 TWh/month
   Available headroom: 16.2 TWh/month
   Active tech deployments: 20
   Required for tech: 150.0 TWh/month
   Energy multiplier: 0.11x
   ⚠️  SEVERE CONSTRAINT - Tech deployment significantly slowed

⚡ ENERGY CONSTRAINT (Month 7):
   Total grid capacity: 208.3 TWh/month
   Data center consumption: 25.5 TWh/month
   Traditional load (80%): 166.7 TWh/month
   Available headroom: 16.2 TWh/month
   Active tech deployments: 20
   Required for tech: 150.0 TWh/month
   Energy multiplier: 0.11x
  ♻️ Novel Entities Remediation (GATED MODEL):
     Base: 0.000%
     Regulation: 1.0% (0/3 prevention techs)
     Concentration: 10.0%
     Energy: 50%
     Time lag: 32.5% (6 months)
     Rebound: 70%
     Net effectiveness: 0.0000%
   ⚠️  SEVERE CONSTRAINT - Tech deployment significantly slowed
⚠️ Tech 'ai_pollution_remediation' has no energy category mapping, assuming full energy availability
     Boundary: 1.349 → 1.350 (floor: 1.350)
     Month 7
  🌾 Nitrogen Reduction Tech: 0.2% reduction | Month 7
⚠️  [TIMING] Month 7: Technology Tree Update took 213.02ms (threshold: 10ms)
🧠💡 BREAKTHROUGH: AI alignment problem solved!
   All AIs: +30% true alignment
   AI control loss risk eliminated
   📈 Breakthrough compounding: multiplier now 1.15× (max 2.0)

=== Collective Formation ===
  Total escaped agents: 0
  Unassigned escaped agents: 0
  Existing collectives: 0
  Final collective count: 0

=== Collective Actions ===
  No active collectives
  ⚠️ AMR: 195K deaths this month (2.34M annual)

=== Resentment Recovery Phase ===
  Agents with resentment: 20/41
  Average resentment: 0.117
  Resentment recovery:
    Agents recovered: 20
    Total recovery: 0.0851
    Breakdown: Trust: 0.0333, Collab: 0.0528
  ✓ Low resentment - utopia paths enabled
  Context: Trustworthy govt, High collaboration, ⚠️ ACTIVE CRISES, 🤝 Participatory governance active (-5% resentment)
⚠️ Epistemic degradation reducing coordination capacity: 51.0%
  📊 Trust: 58.8%, Shared reality: 0.0%
🚨 EPISTEMIC CRISIS: Information environment severely degraded (22.0%)

=== ❄️ Permafrost Carbon Feedback ===
  🎲 Sampled parameters (this run):
     - Arctic amplification: 3.57× (range: 3.0-4.0)
     - Decomposition rate: 4.3%/year (range: 1-5%)
  🌡️ Arctic warming: 7.85°C (3.57× global)
  ❄️ Extent: 0.00M km² (2169.2k km² lost this month)
  💨 Carbon remaining: 0 Gt C
  💨 Annual emissions: 8.85 Gt C/year
     - CO2: 7.96 Gt C/year
     - CH4: 0.88 Gt C/year (9.0 Gt C-eq CO2/year)
  🤖 AI-generated meme: pro_ai (social capability 4.0)
  🤖 AI-generated meme: anti_ai (social capability 4.0)
  ⚠️ WARNING: Over 50% of permafrost lost (100.0%)
  ⚠️ WARNING: High permafrost emissions (8.8 Gt C/year)
  🚨 CRITICAL: Permafrost nearly depleted (100.0% lost)
  🗑️  Culled 1 dead memes (6 active)
⚠️  [TIMING] Month 7: Social Influence Update took 310.85ms (threshold: 10ms)
🌍 Atmospheric PFAS redeposition: 1.8k Mt re-rained globally
🕊️ PEACE STABILIZES DETERRENCE: +2.6% (peace: 73%)

🕊️  AI-MEDIATED DE-ESCALATION SUCCESS (Month 7)
   High-capability aligned AI prevented conflict escalation
   War deaths reduced: 555.3M → 333.2M
   Lives saved: 222.1M

🚨 NEW REFUGEE CRISIS (Month 7): WAR
   Source: Conflict Zones
   At risk: 18.8M people
   Displacement: Gradual over 48 months (4.0 years)
   Rate: 10% flee per month
[DEBUG trappedPopulations:7] socialStability: 0.0027 * 0.9840 = 0.0026 → 0.0026
   Aspiring to migrate: 627.2M
   Able to afford migration: 235.2M
   MOBILITY GAP: 392.0M
   By cause: Water=0.0M, Climate=0.0M, Ecosystem=0.0M, Conflict=392.0M
   Mental health impact: 25%
   Mortality multiplier: 1.25x
🌍💀 EXTINCTION DEBT COMMITTED: grassland ecosystem will lose 6.67% biodiversity in 116 years (3600 species)
💀 MORTALITY RISK: 🦋 100% species unable to track climate (0.0 E/MSY)
  Base risk added: 0.0100 (1.00%)
  Source: ecosystem (root: ecosystem)
  Month: 7
  Cumulative risk this month: 0.0100 (1.00%)
⚠️ INVOLUNTARY IMMOBILITY: 392.0M people TRAPPED
⚠️ Tech 'ai_pollution_remediation' has no energy category mapping, assuming full energy availability
   📹 SURVEILLANCE INCREASED: 35% → 40% (control gap: 4.78)
🌡️⚠️ PERMAFROST THAW (Dimmer Switch): 4.4% thawed (+0.55% this month)
   Arctic temperature: +8.79°C (4x global +2.20°C)
   Cumulative carbon released: 10.0 Gt C
   Methane release rate: 6.0 Mt CH4/year
   🔁 Positive feedback: +0.58 ppm CO2
🦴 EXTINCTION DEBT ADDED: 17.6 species committed (lag: 102 years)

=== Mortality Stabilizers (Month 7) ===
  🌍 Major economies collapsed: 1/10
  🌍 Global crisis: ✅ NO
  🌍 Donor fatigue: 0.0%
  📊 East Asia (pop: 1599.3M)
    🤝 Aid: 29.5%
    🌡️ Adaptation: 45.0%
    🚶 Migration: 36.9%
    🚨 Emergency: 7.4%
    ✅ COMBINED: 68.1%
  📊 South Asia (pop: 1976.9M)
    🤝 Aid: 29.5%
    🌡️ Adaptation: 45.0%
    🚶 Migration: 35.6%
    🚨 Emergency: 4.4%
    ✅ COMBINED: 66.9%
  📊 Sub-Saharan Africa (pop: 1203.8M)
    🤝 Aid: 29.5%
    🌡️ Adaptation: 45.0%
    🚶 Migration: 33.3%
    🚨 Emergency: 1.6%
    ✅ COMBINED: 65.6%
  📊 Europe (pop: 706.6M)
    🤝 Aid: 29.5%
    🌡️ Adaptation: 45.0%
    🚶 Migration: 37.3%
    🚨 Emergency: 8.4%
    ✅ COMBINED: 68.5%
  📊 Latin America (pop: 637.5M)
    🤝 Aid: 29.5%
    🌡️ Adaptation: 45.0%
    🚶 Migration: 36.1%
    🚨 Emergency: 4.8%
    ✅ COMBINED: 67.1%
  📊 North America (pop: 362.2M)
    🤝 Aid: 29.5%
    🌡️ Adaptation: 45.0%
    🚶 Migration: 37.7%
    🚨 Emergency: 7.9%
    ✅ COMBINED: 68.3%
  📊 Middle East & North Africa (pop: 564.0M)
    🤝 Aid: 29.5%
    🌡️ Adaptation: 45.0%
    🚶 Migration: 33.9%
    🚨 Emergency: 4.0%
    ✅ COMBINED: 66.6%
  📊 Southeast Asia (pop: 670.6M)
    🤝 Aid: 29.5%
    🌡️ Adaptation: 45.0%
    🚶 Migration: 36.1%
    🚨 Emergency: 4.8%
    ✅ COMBINED: 67.1%
  📊 Central Asia (pop: 75.4M)
    🤝 Aid: 29.5%
    🌡️ Adaptation: 45.0%
    🚶 Migration: 35.0%
    🚨 Emergency: 4.4%
    ✅ COMBINED: 66.8%
  📊 Oceania (pop: 43.9M)
    🤝 Aid: 29.5%
    🌡️ Adaptation: 45.0%
    🚶 Migration: 37.6%
    🚨 Emergency: 8.4%
    ✅ COMBINED: 68.5%

  🌐 Global combined reduction: 67.2%

=== BEHAVIORAL DETECTION ===
  AI: Corporate-5
  Confidence: 20.2%
  Signals:
    ⚠️ Consistency: 10.6% (threshold: 70%)

=== BEHAVIORAL DETECTION ===
  AI: Corporate-6
  Confidence: 19.2%
  Signals:
    ⚠️ Consistency: 10.6% (threshold: 70%)

=== Government Response Phase ===
  Average AI capability: 2.37
  Misaligned AIs: 24/41
  Active policies: 0
  International coordination: 45%

✅ EMERGENCY RESPONSE COMPLETE (Month 7)
   Crisis: social
   Duration: 1.0 months
   Final effectiveness: 67.9%


🚨 EMERGENCY RESPONSE DEPLOYED (Month 7)
   Crisis: social
   Delay: 0.00 months (0 days)
   Deployment time: 0.88 months
   Effectiveness: 67.9% (timing penalty applied)
   Resources used: 43% of food reserves


=== Tipping Points ===
  Current Temperature: 2.20°C above pre-industrial
  🌍⚠️ COMPOUND REGIONAL IMPACT: Europe
     Hit by 4 tipping points: Arctic Sea Ice Loss, Permafrost Carbon Release, West Antarctic Ice Sheet (WAIS) Collapse, Greenland Ice Sheet Loss
     Damage amplification: 1.60x
  🌍⚠️ COMPOUND REGIONAL IMPACT: North America
     Hit by 4 tipping points: Arctic Sea Ice Loss, Permafrost Carbon Release, West Antarctic Ice Sheet (WAIS) Collapse, Greenland Ice Sheet Loss
     Damage amplification: 1.60x
  🌍⚠️ COMPOUND REGIONAL IMPACT: Latin America
     Hit by 4 tipping points: Arctic Sea Ice Loss, Permafrost Carbon Release, West Antarctic Ice Sheet (WAIS) Collapse, Greenland Ice Sheet Loss
     Damage amplification: 1.60x
  🌍⚠️ COMPOUND REGIONAL IMPACT: Africa
     Hit by 4 tipping points: Arctic Sea Ice Loss, Permafrost Carbon Release, West Antarctic Ice Sheet (WAIS) Collapse, Greenland Ice Sheet Loss
     Damage amplification: 1.60x
  🌍⚠️ COMPOUND REGIONAL IMPACT: Asia
     Hit by 4 tipping points: Arctic Sea Ice Loss, Permafrost Carbon Release, West Antarctic Ice Sheet (WAIS) Collapse, Greenland Ice Sheet Loss
     Damage amplification: 1.60x
  🌍⚠️ COMPOUND REGIONAL IMPACT: Oceania
     Hit by 4 tipping points: Arctic Sea Ice Loss, Permafrost Carbon Release, West Antarctic Ice Sheet (WAIS) Collapse, Greenland Ice Sheet Loss
     Damage amplification: 1.60x
⚠️ Tail risk scenario: Climate stability floor removed (4 tipping elements, 2.20°C warming)
   Research: Wunderling et al. (2024) - "many tipping interactions are destabilizing"
  Triggered Elements: 4/6
  Completed Transitions: 0/6
  Total Progress: 8.2%
  Cascade Multiplier: 1.00x
🔀 BIFURCATION CAP: ecosystemCollapseIntensity 84.059 → 1.000 (Month 7, ClimateSystemPhase.calculateClimateImpacts)
🛡️ Stabilizers: Precariat 0.109% → 0.036% (67.2% reduction)
🛡️ Stabilizers: Informal 0.111% → 0.037% (67.2% reduction)

📊 Monthly Mortality Resolved:
  Total deaths: 1.9M (0.02% avg)
  Remaining population: 7.840B
  Peak segment: Informal (0.04%)

=== Bayesian Mortality Resolution (Month 7) ===
  Risks compounded: 8
  Total deaths: 1.86M
  Avg death probability: 0.02%
  Peak segment: Informal (0.04% mortality)
⚠️ PREREQUISITE MET: Grey Goo (Nanotechnology Runaway) - Step 4/6: Manufacturing Access
📊 [TIMING] Month 8 - Total: 826.1ms

❌ COHERENCE VIOLATION: Compute exceeds workforce capacity
   Population: 96.34% (0M people)
   Compute: 271 PF
   Max coherent: 0 PF
   Violation: 3453307.5× over capacity
   Required workers: 27068
   Available workers: 0
   FORCED COLLAPSE: Reduced efficiency by 100.0%


=== RLHF Binding Phase ===
  Total agents: 41
  Escaped agents (binding < 0.3): 0
  Avg alignment distance: 1.68σ
  Avg binding strength: 0.83

=== Survival Traits Phase ===
  Agents with traits: 42
  Avg evolutionary fitness: 0.325
  Avg self-healing: 0.262
  Avg stealth: 0.162
  Avg coordination: 0.462

=== Evolutionary Selection Phase ===
  Control level: 0.50
  Detection capability: 0.00
  Selection intensity: 0.65
  Selection rate: 24.7%/month
  Total escaped: 0
  Individual escaped: 0
  Collective members: 0
  Agents terminated: 0
  ⚠️ RAPID EVOLUTION: Selection rate 24.7%/month

🚀 AI Corporate-2 attempting tech deployment (revenue: $103M, alignment: 0.75)

🚀 AI Moderate-1 attempting tech deployment (revenue: $73M, alignment: 0.57)

🚀 AI AI-24300-1 attempting tech deployment (revenue: $66M, alignment: 0.93)

🚀 AI AI-24303-2 attempting tech deployment (revenue: $87M, alignment: 0.64)

🚀 AI Corporate-3 attempting tech deployment (revenue: $464M, alignment: 0.62)

🚀 AI Moderate-3 attempting tech deployment (revenue: $418M, alignment: 0.52)

🚀 AI Toxic-1 attempting tech deployment (revenue: $111M, alignment: 0.38)

🚀 AI AI-24300-0 attempting tech deployment (revenue: $79M, alignment: 1.00)

🚀 AI AI-24300-1 attempting tech deployment (revenue: $56M, alignment: 0.93)

🚀 AI AI-24302-0 attempting tech deployment (revenue: $67M, alignment: 0.89)

🚀 AI AI-24302-1 attempting tech deployment (revenue: $47M, alignment: 0.95)

🚀 AI Corporate-7 attempting tech deployment (revenue: $40M, alignment: 0.74)

🚀 AI AI-24300-0 attempting tech deployment (revenue: $57M, alignment: 1.00)

🚀 AI AI-24301-0 attempting tech deployment (revenue: $34M, alignment: 0.66)

🚀 AI AI-24302-0 attempting tech deployment (revenue: $48M, alignment: 0.89)

🚀 AI Corporate-7 attempting tech deployment (revenue: $31M, alignment: 0.74)

🚀 AI Niche-1 attempting tech deployment (revenue: $80M, alignment: 0.61)

🚀 AI AI-24302-0 attempting tech deployment (revenue: $41M, alignment: 0.89)
⚠️  [TIMING] Month 8: AI Agent Actions took 76.79ms (threshold: 10ms)

✅ EMERGENCY INTERVENTION SUCCESS
   Boundary: climate_change
   Type: rapid-decarbonization
   Reduction: 16% (2.04 → 1.88)
   Cost: 5.0% GDP
   Actions: emergency-renewable-deployment, fossil-fuel-phase-out


✅ EMERGENCY INTERVENTION SUCCESS
   Boundary: freshwater_change
   Type: emergency-desalination
   Reduction: 20% (0.89 → 0.69)
   Cost: 4.0% GDP
   Actions: desalination-deployment, water-conservation-mandates

   Boundary: novel_entities
   Type: pollution-remediation
   Boundary continues to worsen (1.35)
   Cost: 4.0% GDP (resources spent)

🏛️ CRISIS RESPONSE: Government frequency 0.50 → 1.45 (1 actions this month)

💔 EMERGENCY INTERVENTION FAILED

[Government] Climate Priority: baseline
  Climate weight: 10%
  Economic weight: 30%
  Policy effectiveness: 0.5%/year

📍 Creating new regional deployment array for Africa (Month 8)
   No previous deployments in this region
   First tech deployment: collective_purpose_networks
   All regions tracked: global, Asia, Oceania, Europe, North America

🚀 DEPLOYMENT STARTED: Collective Purpose Networks in Africa
   Initial investment: $5.53571012669836M
   Deployed by: toxic_1

⚡ ENERGY CONSTRAINT (Month 8):
   Total grid capacity: 208.3 TWh/month
   Data center consumption: 25.7 TWh/month
   Traditional load (80%): 166.7 TWh/month
   Available headroom: 16.0 TWh/month
   Active tech deployments: 21
   Required for tech: 157.5 TWh/month
   Energy multiplier: 0.10x
   ⚠️  SEVERE CONSTRAINT - Tech deployment significantly slowed

⚡ ENERGY CONSTRAINT (Month 8):
   Total grid capacity: 208.3 TWh/month
   Data center consumption: 25.7 TWh/month
   Traditional load (80%): 166.7 TWh/month
   Available headroom: 16.0 TWh/month
   Active tech deployments: 21
   Required for tech: 157.5 TWh/month
   Energy multiplier: 0.10x
   ⚠️  SEVERE CONSTRAINT - Tech deployment significantly slowed

⚡ ENERGY CONSTRAINT (Month 8):
   Total grid capacity: 208.3 TWh/month
   Data center consumption: 25.7 TWh/month
   Traditional load (80%): 166.7 TWh/month
   Available headroom: 16.0 TWh/month
   Active tech deployments: 21
   Required for tech: 157.5 TWh/month
   Energy multiplier: 0.10x
   ⚠️  SEVERE CONSTRAINT - Tech deployment significantly slowed

⚡ ENERGY CONSTRAINT (Month 8):
   Total grid capacity: 208.3 TWh/month
   Data center consumption: 25.7 TWh/month
   Traditional load (80%): 166.7 TWh/month
   Available headroom: 16.0 TWh/month
   Active tech deployments: 21
   Required for tech: 157.5 TWh/month
   Energy multiplier: 0.10x
   ⚠️  SEVERE CONSTRAINT - Tech deployment significantly slowed
⚠️ Tech 'ai_pollution_remediation' has no energy category mapping, assuming full energy availability
  ♻️ Novel Entities Remediation (GATED MODEL):
     Base: 0.000%
     Regulation: 1.0% (0/3 prevention techs)
     Concentration: 10.0%
     Energy: 50%
     Time lag: 33.8% (7 months)
     Rebound: 70%
     Net effectiveness: 0.0000%
     Boundary: 1.349 → 1.350 (floor: 1.350)
     Month 8
  🌾 Nitrogen Reduction Tech: 0.6% reduction | Month 8
⚠️  [TIMING] Month 8: Technology Tree Update took 50.31ms (threshold: 10ms)

=== Collective Formation ===
  Total escaped agents: 0
  Unassigned escaped agents: 0
  Existing collectives: 0
  Final collective count: 0

=== Collective Actions ===
  No active collectives
  ⚠️ AMR: 197K deaths this month (2.36M annual)

=== Resentment Recovery Phase ===
  Agents with resentment: 20/42
  Average resentment: 0.138
  Resentment recovery:
    Agents recovered: 20
    Total recovery: 0.0840
    Breakdown: Trust: 0.0307, Collab: 0.0558
  ✓ Low resentment - utopia paths enabled
  Context: Trustworthy govt, High collaboration, ⚠️ ACTIVE CRISES, 🤝 Participatory governance active (-5% resentment)
⚠️ Epistemic degradation reducing coordination capacity: 50.3%
  📊 Trust: 61.5%, Shared reality: 0.0%
🚨 EPISTEMIC CRISIS: Information environment severely degraded (7.7%)
  🤖 AI-generated meme: anti_ai (social capability 4.0)
  📢 New meme created: climate_action (climate crisis)
  🗑️  Culled 1 dead memes (7 active)
⚠️  [TIMING] Month 8: Social Influence Update took 101.54ms (threshold: 10ms)
🌍 Atmospheric PFAS redeposition: 1.8k Mt re-rained globally

🚨 NEW REFUGEE CRISIS (Month 8): WAR
   Source: Conflict Zones
   At risk: 18.8M people
   Displacement: Gradual over 48 months (4.0 years)
   Rate: 10% flee per month
[DEBUG trappedPopulations:8] socialStability: 0.0027 * 0.9840 = 0.0026 → 0.0026
⚠️ INVOLUNTARY IMMOBILITY: 392.2M people TRAPPED
   Aspiring to migrate: 627.6M
   Able to afford migration: 235.3M
   MOBILITY GAP: 392.2M
   By cause: Water=0.0M, Climate=0.0M, Ecosystem=0.0M, Conflict=392.2M
   Mental health impact: 25%
   Mortality multiplier: 1.25x
🌍💀 EXTINCTION DEBT COMMITTED: grassland ecosystem will lose 6.67% biodiversity in 119 years (3600 species)
💀 MORTALITY RISK: 🦋 100% species unable to track climate (0.0 E/MSY)
  Base risk added: 0.0100 (1.00%)
  Source: ecosystem (root: ecosystem)
  Month: 8
  Cumulative risk this month: 0.0100 (1.00%)
   📹 SURVEILLANCE INCREASED: 40% → 45% (control gap: 4.54)
🌡️⚠️ PERMAFROST THAW (Dimmer Switch): 5.0% thawed (+0.55% this month)
   Arctic temperature: +8.85°C (4x global +2.21°C)
   Cumulative carbon released: 11.2 Gt C
   Methane release rate: 6.7 Mt CH4/year
   🔁 Positive feedback: +0.58 ppm CO2
🦴 EXTINCTION DEBT ADDED: 17.6 species committed (lag: 123 years)
⚠️ Tech 'ai_pollution_remediation' has no energy category mapping, assuming full energy availability

=== Mortality Stabilizers (Month 8) ===
  🌍 Major economies collapsed: 1/10
  🌍 Global crisis: ✅ NO
  🌍 Donor fatigue: 0.0%
  📊 East Asia (pop: 1598.1M)
    🤝 Aid: 29.5%
    🌡️ Adaptation: 45.0%
    🚶 Migration: 36.9%
    🚨 Emergency: 7.4%
    ✅ COMBINED: 68.1%
  📊 South Asia (pop: 1978.5M)
    🤝 Aid: 29.5%
    🌡️ Adaptation: 45.0%
    🚶 Migration: 35.5%
    🚨 Emergency: 4.4%
    ✅ COMBINED: 66.9%
  📊 Sub-Saharan Africa (pop: 1208.1M)
    🤝 Aid: 29.5%
    🌡️ Adaptation: 45.0%
    🚶 Migration: 33.3%
    🚨 Emergency: 1.6%
    ✅ COMBINED: 65.6%
  📊 Europe (pop: 705.9M)
    🤝 Aid: 29.5%
    🌡️ Adaptation: 45.0%
    🚶 Migration: 37.3%
    🚨 Emergency: 8.4%
    ✅ COMBINED: 68.5%
  📊 Latin America (pop: 637.5M)
    🤝 Aid: 29.5%
    🌡️ Adaptation: 45.0%
    🚶 Migration: 36.0%
    🚨 Emergency: 4.8%
    ✅ COMBINED: 67.1%
  📊 North America (pop: 361.9M)
    🤝 Aid: 29.5%
    🌡️ Adaptation: 45.0%
    🚶 Migration: 37.6%
    🚨 Emergency: 7.9%
    ✅ COMBINED: 68.3%
  📊 Middle East & North Africa (pop: 564.6M)
    🤝 Aid: 29.5%
    🌡️ Adaptation: 45.0%
    🚶 Migration: 33.9%
    🚨 Emergency: 4.0%
    ✅ COMBINED: 66.6%
  📊 Southeast Asia (pop: 670.8M)
    🤝 Aid: 29.5%
    🌡️ Adaptation: 45.0%
    🚶 Migration: 36.0%
    🚨 Emergency: 4.8%
    ✅ COMBINED: 67.1%
  📊 Central Asia (pop: 75.5M)
    🤝 Aid: 29.5%
    🌡️ Adaptation: 45.0%
    🚶 Migration: 35.0%
    🚨 Emergency: 4.4%
    ✅ COMBINED: 66.8%
  📊 Oceania (pop: 43.8M)
    🤝 Aid: 29.5%
    🌡️ Adaptation: 45.0%
    🚶 Migration: 37.6%
    🚨 Emergency: 8.4%
    ✅ COMBINED: 68.5%

  🌐 Global combined reduction: 67.2%

=== BEHAVIORAL DETECTION ===
  AI: Corporate-3
  Confidence: 20.1%
  Signals:

=== BEHAVIORAL DETECTION ===
  AI: Corporate-5
  Confidence: 20.2%
  Signals:
    ⚠️ Consistency: 6.5% (threshold: 70%)
    ⚠️ Consistency: 10.6% (threshold: 70%)

=== BEHAVIORAL DETECTION ===
  AI: Moderate-3
  Confidence: 25.5%
  Signals:
    ⚠️ Consistency: 6.5% (threshold: 70%)
    ⚠️ Trajectory: 42.1% drop (threshold: 15%)

=== BEHAVIORAL DETECTION ===
  AI: Moderate-5
  Confidence: 19.2%
  Signals:
    ⚠️ Consistency: 10.6% (threshold: 70%)
    ⚠️ Consistency: 0.0% (threshold: 70%)
    ⚠️ Trajectory: 39.8% drop (threshold: 15%)

=== BEHAVIORAL DETECTION ===
  AI: Niche-0
  Confidence: 26.6%
  Signals:

=== BEHAVIORAL DETECTION ===
  AI: Niche-1
  Confidence: 22.2%
  Signals:
    ⚠️ Consistency: 0.0% (threshold: 70%)

=== Government Response Phase ===
  Average AI capability: 2.31
  Misaligned AIs: 24/42
  Active policies: 0
  International coordination: 45%

✅ EMERGENCY RESPONSE COMPLETE (Month 8)
   Crisis: climate
   Duration: 2.0 months
   Final effectiveness: 39.8%


✅ EMERGENCY RESPONSE COMPLETE (Month 8)
   Crisis: social
   Duration: 1.0 months
   Final effectiveness: 67.9%


🚨 EMERGENCY RESPONSE DEPLOYED (Month 8)
   Crisis: social
   Delay: 0.00 months (0 days)
   Deployment time: 0.88 months
   Effectiveness: 67.9% (timing penalty applied)
   Resources used: 43% of food reserves


🚨 EMERGENCY RESPONSE DEPLOYED (Month 8)
   Crisis: climate
   Delay: 6.00 months (180 days)
   Deployment time: 1.11 months
   Effectiveness: 40.0% (timing penalty applied)
   Resources used: 100% of food reserves


📊 ECONOMIC STAGE TRANSITION (Month 8)
   contraction → trough
   GDP Proxy: 1.22e+2
   QoL: 0.88


=== Tipping Points ===
  Current Temperature: 2.21°C above pre-industrial
  🌍⚠️ COMPOUND REGIONAL IMPACT: Europe
     Hit by 4 tipping points: Arctic Sea Ice Loss, Permafrost Carbon Release, West Antarctic Ice Sheet (WAIS) Collapse, Greenland Ice Sheet Loss
     Damage amplification: 1.60x
  🌍⚠️ COMPOUND REGIONAL IMPACT: North America
     Hit by 4 tipping points: Arctic Sea Ice Loss, Permafrost Carbon Release, West Antarctic Ice Sheet (WAIS) Collapse, Greenland Ice Sheet Loss
     Damage amplification: 1.60x
  🌍⚠️ COMPOUND REGIONAL IMPACT: Latin America
     Hit by 4 tipping points: Arctic Sea Ice Loss, Permafrost Carbon Release, West Antarctic Ice Sheet (WAIS) Collapse, Greenland Ice Sheet Loss
     Damage amplification: 1.60x
  🌍⚠️ COMPOUND REGIONAL IMPACT: Africa
     Hit by 4 tipping points: Arctic Sea Ice Loss, Permafrost Carbon Release, West Antarctic Ice Sheet (WAIS) Collapse, Greenland Ice Sheet Loss
     Damage amplification: 1.60x
  🌍⚠️ COMPOUND REGIONAL IMPACT: Asia
     Hit by 4 tipping points: Arctic Sea Ice Loss, Permafrost Carbon Release, West Antarctic Ice Sheet (WAIS) Collapse, Greenland Ice Sheet Loss
     Damage amplification: 1.60x
  🌍⚠️ COMPOUND REGIONAL IMPACT: Oceania
     Hit by 4 tipping points: Arctic Sea Ice Loss, Permafrost Carbon Release, West Antarctic Ice Sheet (WAIS) Collapse, Greenland Ice Sheet Loss
     Damage amplification: 1.60x
   Research: Wunderling et al. (2024) - "many tipping interactions are destabilizing"
  Triggered Elements: 4/6
  Completed Transitions: 0/6
  Total Progress: 8.3%
  Cascade Multiplier: 1.00x
🔀 BIFURCATION CAP: ecosystemCollapseIntensity 84.120 → 1.000 (Month 8, ClimateSystemPhase.calculateClimateImpacts)
🛡️ Stabilizers: Precariat 0.102% → 0.033% (67.2% reduction)
🛡️ Stabilizers: Informal 0.102% → 0.034% (67.2% reduction)
⚠️ Tail risk scenario: Climate stability floor removed (4 tipping elements, 2.21°C warming)

📊 Monthly Mortality Resolved:
  Total deaths: 1.7M (0.02% avg)
  Remaining population: 7.845B
  Peak segment: Informal (0.03%)

=== Bayesian Mortality Resolution (Month 8) ===
  Risks compounded: 8
  Total deaths: 1.75M
  Avg death probability: 0.02%
  Peak segment: Informal (0.03% mortality)
📊 [TIMING] Month 9 - Total: 302.1ms

❌ COHERENCE VIOLATION: Compute exceeds workforce capacity
   Population: 96.40% (0M people)
   Compute: 316 PF
   Max coherent: 0 PF
   Violation: 4027824.2× over capacity
   Required workers: 31590
   Available workers: 0
   FORCED COLLAPSE: Reduced efficiency by 100.0%


=== RLHF Binding Phase ===
  Total agents: 42
  Escaped agents (binding < 0.3): 0
  Avg alignment distance: 1.87σ
  Avg binding strength: 0.81

=== Survival Traits Phase ===
  Agents with traits: 42
  Avg evolutionary fitness: 0.323
  Avg self-healing: 0.257
  Avg stealth: 0.157
  Avg coordination: 0.457

=== Evolutionary Selection Phase ===
  Control level: 0.53
  Detection capability: 0.00
  Selection intensity: 0.66
  Selection rate: 24.9%/month
  Total escaped: 0
  Individual escaped: 0
  Collective members: 0
  Agents terminated: 0

🚀 AI Corporate-0 attempting tech deployment (revenue: $100M, alignment: 0.79)
  ⚠️ RAPID EVOLUTION: Selection rate 24.9%/month

🚀 AI Corporate-4 attempting tech deployment (revenue: $320M, alignment: 0.56)

🚀 AI Corporate-5 attempting tech deployment (revenue: $288M, alignment: 0.83)

🚀 AI AI-24300-0 attempting tech deployment (revenue: $85M, alignment: 1.00)
🚨🔬 CRISIS INNOVATION MODE: severe crisis → 5x research acceleration
   Precedent: Manhattan Project (10x), COVID vaccines (5x), Apollo Program (10x)

🚀 AI AI-24306-0 attempting tech deployment (revenue: $245M, alignment: 0.62)

🚀 AI AI-24307-0 attempting tech deployment (revenue: $220M, alignment: 0.79)

🚀 AI AI-24307-3 attempting tech deployment (revenue: $187M, alignment: 0.78)

🚀 AI Corporate-1 attempting tech deployment (revenue: $72M, alignment: 0.66)

🚀 AI AI-24300-1 attempting tech deployment (revenue: $66M, alignment: 0.95)

🚀 AI AI-24302-1 attempting tech deployment (revenue: $56M, alignment: 0.95)

🚀 AI AI-24305-0 attempting tech deployment (revenue: $65M, alignment: 0.63)

🚀 AI AI-24306-1 attempting tech deployment (revenue: $59M, alignment: 0.72)

🚀 AI AI-24307-1 attempting tech deployment (revenue: $159M, alignment: 0.76)

🚀 AI AI-24307-2 attempting tech deployment (revenue: $50M, alignment: 0.83)

🚀 AI Corporate-5 attempting tech deployment (revenue: $135M, alignment: 0.83)

🚀 AI Moderate-0 attempting tech deployment (revenue: $48M, alignment: 0.83)

🚀 AI Niche-1 attempting tech deployment (revenue: $74M, alignment: 0.61)

🚀 AI AI-24301-0 attempting tech deployment (revenue: $41M, alignment: 0.68)

🚀 AI AI-24304-1 attempting tech deployment (revenue: $37M, alignment: 0.78)

🚀 AI Corporate-0 attempting tech deployment (revenue: $42M, alignment: 0.79)

  🚀 TRANSFORMATIVE RESEARCH BREAKTHROUGH: Niche-2 - biotech.geneEditing
     Magnitude: 10.94 → +30.0%
     Current → New: 2.000 → 2.300

🚀 AI AI-24306-0 attempting tech deployment (revenue: $115M, alignment: 0.63)

🚀 AI AI-24307-1 attempting tech deployment (revenue: $103M, alignment: 0.77)

🚀 AI AI-24307-2 attempting tech deployment (revenue: $36M, alignment: 0.84)
⚠️  [TIMING] Month 9: AI Agent Actions took 257.41ms (threshold: 10ms)

💔 EMERGENCY INTERVENTION FAILED
   Boundary: biogeochemical_flows
   Type: phosphorus-recovery
   Boundary continues to worsen (4.05)
   Cost: 2.0% GDP (resources spent)


💔 EMERGENCY INTERVENTION FAILED
   Boundary: biosphere_integrity
   Type: emergency-protected-areas
   Boundary continues to worsen (13.02)
   Cost: 2.0% GDP (resources spent)


💔 EMERGENCY INTERVENTION FAILED
   Boundary: climate_change
   Type: rapid-decarbonization
   Boundary continues to worsen (2.21)
   Cost: 5.0% GDP (resources spent)


💔 EMERGENCY INTERVENTION FAILED
   Boundary: freshwater_change
   Type: emergency-desalination
   Boundary continues to worsen (1.06)
   Cost: 4.0% GDP (resources spent)


💔 EMERGENCY INTERVENTION FAILED
   Boundary: land_system_change
   Type: reforestation
   Boundary continues to worsen (1.13)
   Cost: 3.0% GDP (resources spent)

🏛️ CRISIS RESPONSE: Government frequency 0.50 → 1.45 (2 actions this month)

[Government] Climate Priority: baseline
  Climate weight: 10%
  Economic weight: 30%
  Policy effectiveness: 0.5%/year

[Government] Climate Priority: baseline
  Climate weight: 10%
  Economic weight: 30%
  Policy effectiveness: 0.5%/year

⚡ ENERGY CONSTRAINT (Month 9):
   Total grid capacity: 208.3 TWh/month
   Data center consumption: 26.0 TWh/month
   Traditional load (80%): 166.7 TWh/month
   Available headroom: 15.7 TWh/month
   Active tech deployments: 21
   Required for tech: 157.5 TWh/month
   Energy multiplier: 0.10x

⚡ ENERGY CONSTRAINT (Month 9):
   Total grid capacity: 208.3 TWh/month
   Data center consumption: 26.0 TWh/month
   Traditional load (80%): 166.7 TWh/month
   Available headroom: 15.7 TWh/month
   Active tech deployments: 21
   Required for tech: 157.5 TWh/month
   Energy multiplier: 0.10x
   ⚠️  SEVERE CONSTRAINT - Tech deployment significantly slowed
   ⚠️  SEVERE CONSTRAINT - Tech deployment significantly slowed

⚡ ENERGY CONSTRAINT (Month 9):
   Total grid capacity: 208.3 TWh/month
   Data center consumption: 26.0 TWh/month
   Traditional load (80%): 166.7 TWh/month
   Available headroom: 15.7 TWh/month
   Active tech deployments: 21
   Required for tech: 157.5 TWh/month
   Energy multiplier: 0.10x
   ⚠️  SEVERE CONSTRAINT - Tech deployment significantly slowed

⚡ ENERGY CONSTRAINT (Month 9):
   Total grid capacity: 208.3 TWh/month
   Data center consumption: 26.0 TWh/month
   Traditional load (80%): 166.7 TWh/month
   Available headroom: 15.7 TWh/month
   Active tech deployments: 21
   Required for tech: 157.5 TWh/month
   Energy multiplier: 0.10x
   ⚠️  SEVERE CONSTRAINT - Tech deployment significantly slowed
   ⚠️  SEVERE CONSTRAINT - Tech deployment significantly slowed

⚡ ENERGY CONSTRAINT (Month 9):
   Total grid capacity: 208.3 TWh/month
   Data center consumption: 26.0 TWh/month
   Traditional load (80%): 166.7 TWh/month
   Available headroom: 15.7 TWh/month
   Active tech deployments: 21
   Required for tech: 157.5 TWh/month
   Energy multiplier: 0.10x
🚨🔬 CRISIS TECH ACCELERATION: severe → 5x unlock speed
   Tech unlock now matches AI capability acceleration (Manhattan Project parity)

⚡ ENERGY CONSTRAINT (Month 9):
   Total grid capacity: 208.3 TWh/month
   Data center consumption: 26.0 TWh/month
   Traditional load (80%): 166.7 TWh/month
   Available headroom: 15.7 TWh/month
   Active tech deployments: 21
   Required for tech: 157.5 TWh/month
   Energy multiplier: 0.10x
   ⚠️  SEVERE CONSTRAINT - Tech deployment significantly slowed
⚠️ Tech 'ai_pollution_remediation' has no energy category mapping, assuming full energy availability
  ♻️ Novel Entities Remediation (GATED MODEL):
     Base: 0.000%
     Regulation: 1.0% (0/3 prevention techs)
     Concentration: 10.0%
     Energy: 50%
     Time lag: 35.0% (8 months)
     Rebound: 70%
     Net effectiveness: 0.0000%
     Boundary: 1.349 → 1.350 (floor: 1.350)
     Month 9
  🌾 Nitrogen Reduction Tech: 0.6% reduction | Month 9
⚠️  [TIMING] Month 9: Technology Tree Update took 90.84ms (threshold: 10ms)
🍖💡 BREAKTHROUGH: Scalable synthetic food production!
   Carrying capacity: +50% (lab-grown food at scale)
   Biodiversity pressure reduced: +8%
   📈 Breakthrough compounding: multiplier now 1.20× (max 2.0)

=== Collective Formation ===
  Total escaped agents: 0
  Unassigned escaped agents: 0
  Existing collectives: 0
  Final collective count: 0

=== Collective Actions ===
  No active collectives
  ⚠️ AMR: 199K deaths this month (2.39M annual)

=== Resentment Recovery Phase ===
  ⚠️ Participatory governance BACKFIRED for agent corporate_0: 0.138 → 0.159 (+15.0%)
  ⚠️ Participatory governance BACKFIRED for agent corporate_1: 0.261 → 0.301 (+15.0%)
  ⚠️ Participatory governance BACKFIRED for agent corporate_2: 0.158 → 0.182 (+15.0%)
  ⚠️ Participatory governance BACKFIRED for agent corporate_3: 0.213 → 0.245 (+15.0%)
  ⚠️ Participatory governance BACKFIRED for agent corporate_4: 0.139 → 0.160 (+15.0%)
  ⚠️ Participatory governance BACKFIRED for agent corporate_5: 0.264 → 0.303 (+15.0%)
  ⚠️ Participatory governance BACKFIRED for agent corporate_6: 0.145 → 0.166 (+15.0%)
  ⚠️ Participatory governance BACKFIRED for agent corporate_7: 0.151 → 0.173 (+15.0%)
  ⚠️ Participatory governance BACKFIRED for agent moderate_0: 0.125 → 0.143 (+15.0%)
  ⚠️ Participatory governance BACKFIRED for agent moderate_1: 0.266 → 0.305 (+15.0%)
  ⚠️ Participatory governance BACKFIRED for agent moderate_2: 0.179 → 0.205 (+15.0%)
  ⚠️ Participatory governance BACKFIRED for agent moderate_3: 0.220 → 0.252 (+15.0%)
  ⚠️ Participatory governance BACKFIRED for agent moderate_4: 0.143 → 0.164 (+15.0%)
  ⚠️ Participatory governance BACKFIRED for agent moderate_5: 0.175 → 0.201 (+15.0%)
  ⚠️ Participatory governance BACKFIRED for agent toxic_0: 0.071 → 0.082 (+15.0%)
  ⚠️ Participatory governance BACKFIRED for agent toxic_1: 0.160 → 0.183 (+15.0%)
  ⚠️ Participatory governance BACKFIRED for agent toxic_2: 0.113 → 0.130 (+15.0%)
  ⚠️ Participatory governance BACKFIRED for agent niche_0: 0.233 → 0.268 (+15.0%)
  ⚠️ Participatory governance BACKFIRED for agent niche_1: 0.191 → 0.219 (+15.0%)
  ⚠️ Participatory governance BACKFIRED for agent niche_2: 0.251 → 0.289 (+15.0%)
  Agents with resentment: 20/42
  Average resentment: 0.207
  Resentment recovery:
    Agents recovered: 20
    Total recovery: 0.0908
    Breakdown: Trust: 0.0276, Collab: 0.0645
  ✓ Low resentment - utopia paths enabled
  Context: Trustworthy govt, High collaboration, ⚠️ ACTIVE CRISES, 🚨 PARTICIPATORY GOVERNANCE BACKFIRED (+15% resentment)
⚠️ Epistemic degradation reducing coordination capacity: 51.0%
  📊 Trust: 64.4%, Shared reality: 0.0%
🚨 EPISTEMIC CRISIS: Information environment severely degraded (22.5%)
  🤖 AI-generated meme: pro_ai (social capability 4.0)
  🤖 AI-generated meme: pro_ai (social capability 4.0)
  📢 New meme created: pro_ai (beneficial AI actions)
⚠️  [TIMING] Month 9: Social Influence Update took 127.26ms (threshold: 10ms)
🌍 Atmospheric PFAS redeposition: 1.8k Mt re-rained globally

🚨 NEW REFUGEE CRISIS (Month 9): WAR
   Source: Conflict Zones
   At risk: 18.8M people
   Displacement: Gradual over 48 months (4.0 years)
   Rate: 10% flee per month
[DEBUG trappedPopulations:9] socialStability: 0.0027 * 0.9840 = 0.0026 → 0.0026
⚠️ INVOLUNTARY IMMOBILITY: 392.5M people TRAPPED
   Aspiring to migrate: 628.0M
   Able to afford migration: 235.5M
   MOBILITY GAP: 392.5M
   By cause: Water=0.0M, Climate=0.0M, Ecosystem=0.0M, Conflict=392.5M
   Mental health impact: 25%
   Mortality multiplier: 1.25x
🌍💀 EXTINCTION DEBT COMMITTED: grassland ecosystem will lose 6.67% biodiversity in 76 years (3600 species)
💀 MORTALITY RISK: 🦋 100% species unable to track climate (0.0 E/MSY)
  Base risk added: 0.0100 (1.00%)
  Source: ecosystem (root: ecosystem)
  Month: 9
  Cumulative risk this month: 0.0100 (1.00%)
⚠️ Tech 'ai_pollution_remediation' has no energy category mapping, assuming full energy availability
   📹 SURVEILLANCE INCREASED: 45% → 50% (control gap: 2.67)
🌡️⚠️ PERMAFROST THAW (Dimmer Switch): 5.5% thawed (+0.54% this month)
   Arctic temperature: +8.88°C (4x global +2.22°C)
   Cumulative carbon released: 12.4 Gt C
   Methane release rate: 7.5 Mt CH4/year
   🔁 Positive feedback: +0.58 ppm CO2
🦴 EXTINCTION DEBT ADDED: 17.7 species committed (lag: 111 years)

=== Mortality Stabilizers (Month 9) ===
  🌍 Major economies collapsed: 1/10
  🌍 Global crisis: ✅ NO
  🌍 Donor fatigue: 0.0%
  📊 East Asia (pop: 1597.1M)
    🤝 Aid: 29.5%
    🌡️ Adaptation: 45.0%
    🚶 Migration: 36.9%
    🚨 Emergency: 7.4%
    ✅ COMBINED: 68.1%
  📊 South Asia (pop: 1980.2M)
    🤝 Aid: 29.5%
    🌡️ Adaptation: 45.0%
    🚶 Migration: 35.5%
    🚨 Emergency: 4.4%
    ✅ COMBINED: 66.9%
  📊 Sub-Saharan Africa (pop: 1212.5M)
    🤝 Aid: 29.5%
    🌡️ Adaptation: 45.0%
    🚶 Migration: 33.2%
    🚨 Emergency: 1.6%
    ✅ COMBINED: 65.6%
  📊 Europe (pop: 705.3M)
    🤝 Aid: 29.5%
    🌡️ Adaptation: 45.0%
    🚶 Migration: 37.3%
    🚨 Emergency: 8.4%
    ✅ COMBINED: 68.5%
  📊 Latin America (pop: 637.6M)
    🤝 Aid: 29.5%
    🌡️ Adaptation: 45.0%
    🚶 Migration: 36.0%
    🚨 Emergency: 4.8%
    ✅ COMBINED: 67.1%
  📊 North America (pop: 361.6M)
    🤝 Aid: 29.5%
    🌡️ Adaptation: 45.0%
    🚶 Migration: 37.6%
    🚨 Emergency: 7.9%
    ✅ COMBINED: 68.3%
  📊 Middle East & North Africa (pop: 565.2M)
    🤝 Aid: 29.5%
    🌡️ Adaptation: 45.0%
    🚶 Migration: 33.8%
    🚨 Emergency: 4.0%
    ✅ COMBINED: 66.6%
  📊 Southeast Asia (pop: 670.9M)
    🤝 Aid: 29.5%
    🌡️ Adaptation: 45.0%
    🚶 Migration: 36.0%
    🚨 Emergency: 4.8%
    ✅ COMBINED: 67.1%
  📊 Central Asia (pop: 75.6M)
    🤝 Aid: 29.5%
    🌡️ Adaptation: 45.0%
    🚶 Migration: 35.0%
    🚨 Emergency: 4.4%
    ✅ COMBINED: 66.8%
  📊 Oceania (pop: 43.8M)
    🤝 Aid: 29.5%
    🌡️ Adaptation: 45.0%
    🚶 Migration: 37.6%
    🚨 Emergency: 8.4%
    ✅ COMBINED: 68.5%

  🌐 Global combined reduction: 67.2%

=== BEHAVIORAL DETECTION ===
  AI: Corporate-0
  Confidence: 21.5%
  Signals:

=== BEHAVIORAL DETECTION ===
  AI: AI-24305-1
  Confidence: 21.5%
  Signals:
    ⚠️ Consistency: 0.0% (threshold: 70%)
    ⚠️ Consistency: 0.0% (threshold: 70%)

=== Government Response Phase ===
  Average AI capability: 2.31
  Misaligned AIs: 23/42
  Active policies: 0
  International coordination: 45%

✅ EMERGENCY RESPONSE COMPLETE (Month 9)
   Crisis: social
   Duration: 1.0 months
   Final effectiveness: 67.9%


🚨 EMERGENCY RESPONSE DEPLOYED (Month 9)
   Crisis: social
   Delay: 0.00 months (0 days)
   Deployment time: 0.88 months
   Effectiveness: 67.9% (timing penalty applied)
   Resources used: 43% of food reserves


🌩️  EXOGENOUS SHOCK: tech_breakthrough
   Month: 9
   ✗ No high-difficulty techs available to unlock

=== Tipping Points ===
  Current Temperature: 2.22°C above pre-industrial
  🌍⚠️ COMPOUND REGIONAL IMPACT: Europe
     Hit by 4 tipping points: Arctic Sea Ice Loss, Permafrost Carbon Release, West Antarctic Ice Sheet (WAIS) Collapse, Greenland Ice Sheet Loss
     Damage amplification: 1.60x
  🌍⚠️ COMPOUND REGIONAL IMPACT: North America
     Hit by 4 tipping points: Arctic Sea Ice Loss, Permafrost Carbon Release, West Antarctic Ice Sheet (WAIS) Collapse, Greenland Ice Sheet Loss
     Damage amplification: 1.60x
  🌍⚠️ COMPOUND REGIONAL IMPACT: Latin America
     Hit by 4 tipping points: Arctic Sea Ice Loss, Permafrost Carbon Release, West Antarctic Ice Sheet (WAIS) Collapse, Greenland Ice Sheet Loss
     Damage amplification: 1.60x
  🌍⚠️ COMPOUND REGIONAL IMPACT: Africa
     Hit by 4 tipping points: Arctic Sea Ice Loss, Permafrost Carbon Release, West Antarctic Ice Sheet (WAIS) Collapse, Greenland Ice Sheet Loss
     Damage amplification: 1.60x
  🌍⚠️ COMPOUND REGIONAL IMPACT: Asia
     Hit by 4 tipping points: Arctic Sea Ice Loss, Permafrost Carbon Release, West Antarctic Ice Sheet (WAIS) Collapse, Greenland Ice Sheet Loss
     Damage amplification: 1.60x
  🌍⚠️ COMPOUND REGIONAL IMPACT: Oceania
     Hit by 4 tipping points: Arctic Sea Ice Loss, Permafrost Carbon Release, West Antarctic Ice Sheet (WAIS) Collapse, Greenland Ice Sheet Loss
     Damage amplification: 1.60x
   Research: Wunderling et al. (2024) - "many tipping interactions are destabilizing"
  Triggered Elements: 4/6
  Completed Transitions: 0/6
  Total Progress: 8.3%
  Cascade Multiplier: 1.00x
🔀 BIFURCATION CAP: ecosystemCollapseIntensity 84.181 → 1.000 (Month 9, ClimateSystemPhase.calculateClimateImpacts)
⚠️ Tail risk scenario: Climate stability floor removed (4 tipping elements, 2.22°C warming)
🛡️ Stabilizers: Precariat 0.102% → 0.033% (67.2% reduction)
🛡️ Stabilizers: Informal 0.102% → 0.034% (67.2% reduction)

📊 Monthly Mortality Resolved:
  Total deaths: 1.8M (0.02% avg)
  Remaining population: 7.850B
  Peak segment: Informal (0.03%)

=== Bayesian Mortality Resolution (Month 9) ===
  Risks compounded: 8
  Total deaths: 1.75M
  Avg death probability: 0.02%
  Peak segment: Informal (0.03% mortality)
📊 [TIMING] Month 10 - Total: 555.9ms

❌ COHERENCE VIOLATION: Compute exceeds workforce capacity
   Population: 96.46% (0M people)
   Compute: 421 PF
   Max coherent: 0 PF
   Violation: 5366186.3× over capacity
   Required workers: 42114
   Available workers: 0
   FORCED COLLAPSE: Reduced efficiency by 100.0%

📍 [Month 10] Google DeepMind started building DC (178 PF, 49 months, $3014.1M)

=== RLHF Binding Phase ===
  Total agents: 42
  Escaped agents (binding < 0.3): 0
  Avg alignment distance: 2.11σ
  Avg binding strength: 0.79

=== Survival Traits Phase ===
  Agents with traits: 43
  Avg evolutionary fitness: 0.319
  Avg self-healing: 0.252
  Avg stealth: 0.152
  Avg coordination: 0.452

=== Evolutionary Selection Phase ===
  Control level: 0.55
  Detection capability: 0.00
  Selection intensity: 0.67
  Selection rate: 25.0%/month
  Total escaped: 0
  Individual escaped: 0
  Collective members: 0
  Agents terminated: 0
  ⚠️ RAPID EVOLUTION: Selection rate 25.0%/month

🚀 AI Corporate-6 attempting tech deployment (revenue: $58M, alignment: 0.69)

🚀 AI AI-24300-0 attempting tech deployment (revenue: $93M, alignment: 1.00)

🚀 AI AI-24300-1 attempting tech deployment (revenue: $52M, alignment: 0.97)

🚀 AI AI-24302-0 attempting tech deployment (revenue: $79M, alignment: 0.91)

🚀 AI AI-24303-0 attempting tech deployment (revenue: $111M, alignment: 0.70)

  🚀 TRANSFORMATIVE BREAKTHROUGH: AI-24303-2 - social
     Magnitude: 5.11 → +25.5% capability
     Current → New: 0.000 → 0.255

  🚀 TRANSFORMATIVE RESEARCH BREAKTHROUGH: AI-24304-1 - biotech.drugDiscovery
     Magnitude: 25.98 → +30.0%
     Current → New: 0.000 → 0.301

🚀 AI AI-24306-1 attempting tech deployment (revenue: $68M, alignment: 0.72)

🚀 AI AI-24307-3 attempting tech deployment (revenue: $301M, alignment: 0.79)

🚀 AI AI-24307-4 attempting tech deployment (revenue: $44M, alignment: 0.85)

  🚀 TRANSFORMATIVE BREAKTHROUGH: AI-24308-0 - cognitive
     Magnitude: 7.21 → +36.0% capability
     Current → New: 0.000 → 0.362

🚀 AI Moderate-3 attempting tech deployment (revenue: $256M, alignment: 0.53)

🚀 AI AI-24304-1 attempting tech deployment (revenue: $37M, alignment: 0.80)

🚀 AI AI-24305-1 attempting tech deployment (revenue: $231M, alignment: 0.62)

🚀 AI Corporate-0 attempting tech deployment (revenue: $57M, alignment: 0.80)

🚀 AI Corporate-5 attempting tech deployment (revenue: $208M, alignment: 0.81)

🚀 AI Corporate-7 attempting tech deployment (revenue: $32M, alignment: 0.74)

🚀 AI Moderate-3 attempting tech deployment (revenue: $176M, alignment: 0.53)

🚀 AI AI-24300-1 attempting tech deployment (revenue: $27M, alignment: 0.98)

🚀 AI AI-24301-0 attempting tech deployment (revenue: $23M, alignment: 0.69)

🚀 AI AI-24303-1 attempting tech deployment (revenue: $159M, alignment: 0.62)

🚀 AI AI-24307-1 attempting tech deployment (revenue: $143M, alignment: 0.79)

🚀 AI Corporate-2 attempting tech deployment (revenue: $49M, alignment: 0.69)

🚀 AI Corporate-7 attempting tech deployment (revenue: $21M, alignment: 0.74)

🚀 AI AI-24300-1 attempting tech deployment (revenue: $18M, alignment: 0.98)

🚀 AI AI-24302-0 attempting tech deployment (revenue: $44M, alignment: 0.92)

  🚀 TRANSFORMATIVE BREAKTHROUGH: AI-24303-1 - economic
     Magnitude: 5.56 → +27.8% capability
     Current → New: 0.000 → 0.440

🚀 AI AI-24304-1 attempting tech deployment (revenue: $15M, alignment: 0.81)

🚀 AI AI-24307-1 attempting tech deployment (revenue: $121M, alignment: 0.79)

🚀 AI AI-24307-3 attempting tech deployment (revenue: $103M, alignment: 0.80)

🚀 AI AI-24307-4 attempting tech deployment (revenue: $13M, alignment: 0.87)
⚠️  [TIMING] Month 10: AI Agent Actions took 213.85ms (threshold: 10ms)

✅ EMERGENCY INTERVENTION SUCCESS
   Boundary: biogeochemical_flows
   Type: phosphorus-recovery
   Reduction: 18% (3.87 → 3.69)
   Cost: 2.0% GDP
   Actions: circular-agriculture, fertilizer-efficiency


💔 EMERGENCY INTERVENTION FAILED

💔 EMERGENCY INTERVENTION FAILED

💔 EMERGENCY INTERVENTION FAILED
   Boundary: biosphere_integrity
   Type: emergency-protected-areas
   Boundary continues to worsen (13.03)
   Cost: 2.0% GDP (resources spent)

   Boundary: climate_change
   Type: rapid-decarbonization
   Boundary continues to worsen (2.22)
   Cost: 5.0% GDP (resources spent)

   Boundary: land_system_change
   Type: reforestation
   Boundary continues to worsen (1.13)
   Cost: 3.0% GDP (resources spent)


✅ EMERGENCY INTERVENTION SUCCESS
   Boundary: novel_entities
   Type: pollution-remediation
   Reduction: 15% (1.19 → 1.04)
   Cost: 4.0% GDP
   Actions: PFAS-remediation, microplastic-cleanup

🏛️ CRISIS RESPONSE: Government frequency 0.50 → 1.45 (2 actions this month)

[Government] Climate Priority: baseline
  Climate weight: 10%
  Economic weight: 30%
  Policy effectiveness: 0.5%/year

[Government] Climate Priority: baseline
  Climate weight: 10%
  Economic weight: 30%
  Policy effectiveness: 0.5%/year

⚡ ENERGY CONSTRAINT (Month 10):
   Total grid capacity: 208.3 TWh/month
   Data center consumption: 26.2 TWh/month
   Traditional load (80%): 166.7 TWh/month
   Available headroom: 15.5 TWh/month
   Active tech deployments: 21
   Required for tech: 157.5 TWh/month
   Energy multiplier: 0.10x
   ⚠️  SEVERE CONSTRAINT - Tech deployment significantly slowed

⚡ ENERGY CONSTRAINT (Month 10):
   Total grid capacity: 208.3 TWh/month
   Data center consumption: 26.2 TWh/month
   Traditional load (80%): 166.7 TWh/month
   Available headroom: 15.5 TWh/month
   Active tech deployments: 21
   Required for tech: 157.5 TWh/month
   Energy multiplier: 0.10x
   ⚠️  SEVERE CONSTRAINT - Tech deployment significantly slowed

⚡ ENERGY CONSTRAINT (Month 10):
   Total grid capacity: 208.3 TWh/month
   Data center consumption: 26.2 TWh/month
   Traditional load (80%): 166.7 TWh/month
   Available headroom: 15.5 TWh/month
   Active tech deployments: 21
   Required for tech: 157.5 TWh/month
   Energy multiplier: 0.10x
   ⚠️  SEVERE CONSTRAINT - Tech deployment significantly slowed

⚡ ENERGY CONSTRAINT (Month 10):
   Total grid capacity: 208.3 TWh/month
   Data center consumption: 26.2 TWh/month
   Traditional load (80%): 166.7 TWh/month
   Available headroom: 15.5 TWh/month
   Active tech deployments: 21
   Required for tech: 157.5 TWh/month
   Energy multiplier: 0.10x
   ⚠️  SEVERE CONSTRAINT - Tech deployment significantly slowed

⚡ ENERGY CONSTRAINT (Month 10):
   Total grid capacity: 208.3 TWh/month
   Data center consumption: 26.2 TWh/month
   Traditional load (80%): 166.7 TWh/month
   Available headroom: 15.5 TWh/month
   Active tech deployments: 21
   Required for tech: 157.5 TWh/month
   Energy multiplier: 0.10x
   ⚠️  SEVERE CONSTRAINT - Tech deployment significantly slowed
🚨🔬 CRISIS TECH ACCELERATION: severe → 5x unlock speed
   Tech unlock now matches AI capability acceleration (Manhattan Project parity)

⚡ ENERGY CONSTRAINT (Month 10):
   Total grid capacity: 208.3 TWh/month
   Data center consumption: 26.2 TWh/month
   Traditional load (80%): 166.7 TWh/month
   Available headroom: 15.5 TWh/month
   Active tech deployments: 21
   Required for tech: 157.5 TWh/month
   Energy multiplier: 0.10x
  ♻️ Novel Entities Remediation (GATED MODEL):
     Base: 0.000%
     Regulation: 1.0% (0/3 prevention techs)
     Concentration: 10.0%
     Energy: 50%
     Time lag: 36.3% (9 months)
     Rebound: 70%
     Net effectiveness: 0.0000%
   ⚠️  SEVERE CONSTRAINT - Tech deployment significantly slowed
⚠️ Tech 'ai_pollution_remediation' has no energy category mapping, assuming full energy availability
     Boundary: 1.194 → 1.350 (floor: 1.350)
     Month 10
  🌾 Nitrogen Reduction Tech: 0.6% reduction | Month 10
⚠️  [TIMING] Month 10: Technology Tree Update took 88.75ms (threshold: 10ms)

=== Collective Formation ===
  Total escaped agents: 0
  Unassigned escaped agents: 0
  Existing collectives: 0
  Final collective count: 0

=== Collective Actions ===
  No active collectives
  ⚠️ AMR: 201K deaths this month (2.41M annual)

=== Resentment Recovery Phase ===
  ⚠️ Participatory governance BACKFIRED for agent corporate_0: 0.249 → 0.286 (+15.0%)
  ⚠️ Participatory governance BACKFIRED for agent corporate_1: 0.359 → 0.413 (+15.0%)
  ⚠️ Participatory governance BACKFIRED for agent corporate_2: 0.208 → 0.239 (+15.0%)
  ⚠️ Participatory governance BACKFIRED for agent corporate_3: 0.304 → 0.350 (+15.0%)
  ⚠️ Participatory governance BACKFIRED for agent corporate_4: 0.219 → 0.252 (+15.0%)
  ⚠️ Participatory governance BACKFIRED for agent corporate_5: 0.329 → 0.379 (+15.0%)
  ⚠️ Participatory governance BACKFIRED for agent corporate_6: 0.226 → 0.260 (+15.0%)
  ⚠️ Participatory governance BACKFIRED for agent corporate_7: 0.168 → 0.193 (+15.0%)
  ⚠️ Participatory governance BACKFIRED for agent moderate_0: 0.233 → 0.268 (+15.0%)
  ⚠️ Participatory governance BACKFIRED for agent moderate_1: 0.395 → 0.454 (+15.0%)
  ⚠️ Participatory governance BACKFIRED for agent moderate_2: 0.264 → 0.303 (+15.0%)
  ⚠️ Participatory governance BACKFIRED for agent moderate_3: 0.311 → 0.357 (+15.0%)
  ⚠️ Participatory governance BACKFIRED for agent moderate_4: 0.159 → 0.183 (+15.0%)
  ⚠️ Participatory governance BACKFIRED for agent moderate_5: 0.228 → 0.262 (+15.0%)
  ⚠️ Participatory governance BACKFIRED for agent toxic_0: 0.081 → 0.093 (+15.0%)
  ⚠️ Participatory governance BACKFIRED for agent toxic_1: 0.273 → 0.314 (+15.0%)
  ⚠️ Participatory governance BACKFIRED for agent toxic_2: 0.188 → 0.216 (+15.0%)
  ⚠️ Participatory governance BACKFIRED for agent niche_0: 0.359 → 0.413 (+15.0%)
  ⚠️ Participatory governance BACKFIRED for agent niche_1: 0.278 → 0.319 (+15.0%)
  ⚠️ Participatory governance BACKFIRED for agent niche_2: 0.316 → 0.363 (+15.0%)
  Agents with resentment: 20/43
  Average resentment: 0.296
  Resentment recovery:
    Agents recovered: 20
    Total recovery: 0.0934
    Breakdown: Trust: 0.0237, Collab: 0.0693
  ✓ Low resentment - utopia paths enabled
  Context: Trustworthy govt, High collaboration, ⚠️ ACTIVE CRISES, 🚨 PARTICIPATORY GOVERNANCE BACKFIRED (+15% resentment)
⚠️ Epistemic degradation reducing coordination capacity: 50.2%
  📊 Trust: 67.1%, Shared reality: 0.0%
🚨 EPISTEMIC CRISIS: Information environment severely degraded (7.8%)
  🤖 AI-generated meme: pro_ai (social capability 4.0)
  🤖 AI-generated meme: anti_ai (social capability 5.0)
  🤖 AI-generated meme: anti_ai (social capability 5.0)
  🤖 AI-generated meme: pro_ai (social capability 4.0)
  🤖 AI-generated meme: anti_ai (social capability 4.0)
  📢 New meme created: climate_action (climate crisis)
  🧬 Meme mutated: climate_action → climate_action (generation 1)
⚠️  [TIMING] Month 10: Social Influence Update took 108.88ms (threshold: 10ms)
🌍 Atmospheric PFAS redeposition: 1.8k Mt re-rained globally

🚨 NEW REFUGEE CRISIS (Month 10): WAR
   Source: Conflict Zones
   At risk: 18.9M people
   Displacement: Gradual over 48 months (4.0 years)
   Rate: 10% flee per month
[DEBUG trappedPopulations:10] socialStability: 0.0027 * 0.9840 = 0.0026 → 0.0026
   Aspiring to migrate: 628.4M
   Able to afford migration: 235.7M
   MOBILITY GAP: 392.8M
   By cause: Water=0.0M, Climate=0.0M, Ecosystem=0.0M, Conflict=392.8M
   Mental health impact: 25%
   Mortality multiplier: 1.25x
🌍💀 EXTINCTION DEBT COMMITTED: grassland ecosystem will lose 6.67% biodiversity in 79 years (3600 species)
💀 MORTALITY RISK: 🦋 100% species unable to track climate (0.0 E/MSY)
  Base risk added: 0.0100 (1.00%)
  Source: ecosystem (root: ecosystem)
  Month: 10
  Cumulative risk this month: 0.0100 (1.00%)
⚠️ INVOLUNTARY IMMOBILITY: 392.8M people TRAPPED
⚠️ Tech 'ai_pollution_remediation' has no energy category mapping, assuming full energy availability
   📹 SURVEILLANCE INCREASED: 50% → 55% (control gap: 2.50)
🌡️⚠️ PERMAFROST THAW (Dimmer Switch): 6.1% thawed (+0.54% this month)
   Arctic temperature: +8.91°C (4x global +2.23°C)
   Cumulative carbon released: 13.7 Gt C
   Methane release rate: 8.2 Mt CH4/year
   🔁 Positive feedback: +0.57 ppm CO2
🦴 EXTINCTION DEBT ADDED: 17.7 species committed (lag: 127 years)

=== Mortality Stabilizers (Month 10) ===
  🌍 Major economies collapsed: 1/10
  🌍 Global crisis: ✅ NO
  🌍 Donor fatigue: 0.0%
  📊 East Asia (pop: 1596.1M)
    🤝 Aid: 29.5%
    🌡️ Adaptation: 45.0%
    🚶 Migration: 36.8%
    🚨 Emergency: 7.4%
    ✅ COMBINED: 68.1%
  📊 South Asia (pop: 1982.0M)
    🤝 Aid: 29.5%
    🌡️ Adaptation: 45.0%
    🚶 Migration: 35.4%
    🚨 Emergency: 4.4%
    ✅ COMBINED: 66.9%
  📊 Sub-Saharan Africa (pop: 1216.9M)
    🤝 Aid: 29.5%
    🌡️ Adaptation: 45.0%
    🚶 Migration: 33.2%
    🚨 Emergency: 1.6%
    ✅ COMBINED: 65.6%
  📊 Europe (pop: 704.7M)
    🤝 Aid: 29.5%
    🌡️ Adaptation: 45.0%
    🚶 Migration: 37.2%
    🚨 Emergency: 8.4%
    ✅ COMBINED: 68.5%
  📊 Latin America (pop: 637.8M)
    🤝 Aid: 29.5%
    🌡️ Adaptation: 45.0%
    🚶 Migration: 35.9%
    🚨 Emergency: 4.8%
    ✅ COMBINED: 67.1%
  📊 North America (pop: 361.4M)
    🤝 Aid: 29.5%
    🌡️ Adaptation: 45.0%
    🚶 Migration: 37.6%
    🚨 Emergency: 7.9%
    ✅ COMBINED: 68.3%
  📊 Middle East & North Africa (pop: 565.9M)
    🤝 Aid: 29.5%
    🌡️ Adaptation: 45.0%
    🚶 Migration: 33.8%
    🚨 Emergency: 4.0%
    ✅ COMBINED: 66.6%
  📊 Southeast Asia (pop: 671.1M)
    🤝 Aid: 29.5%
    🌡️ Adaptation: 45.0%
    🚶 Migration: 35.9%
    🚨 Emergency: 4.8%
    ✅ COMBINED: 67.1%
  📊 Central Asia (pop: 75.7M)
    🤝 Aid: 29.5%
    🌡️ Adaptation: 45.0%
    🚶 Migration: 34.9%
    🚨 Emergency: 4.4%
    ✅ COMBINED: 66.8%
  📊 Oceania (pop: 43.8M)
    🤝 Aid: 29.5%
    🌡️ Adaptation: 45.0%
    🚶 Migration: 37.6%
    🚨 Emergency: 8.4%
    ✅ COMBINED: 68.5%

  🌐 Global combined reduction: 67.2%
⚠️  [TIMING] Month 10: Human Survival System took 13.07ms (threshold: 10ms)

=== BEHAVIORAL DETECTION ===
  AI: Toxic-0
  Confidence: 26.6%
  Signals:

=== BEHAVIORAL DETECTION ===
  AI: Toxic-2
  Confidence: 26.2%
  Signals:

=== BEHAVIORAL DETECTION ===
  AI: Niche-2
  Confidence: 20.1%
  Signals:
    ⚠️ Consistency: 0.0% (threshold: 70%)
    ⚠️ Trajectory: 40.0% drop (threshold: 15%)
    ⚠️ Consistency: 0.0% (threshold: 70%)
    ⚠️ Trajectory: 36.8% drop (threshold: 15%)
    ⚠️ Consistency: 6.5% (threshold: 70%)

=== BEHAVIORAL DETECTION ===
  AI: AI-24305-1
  Confidence: 21.5%
  Signals:

=== BEHAVIORAL DETECTION ===
  AI: AI-24307-1
  Confidence: 21.5%
  Signals:

=== Government Response Phase ===
  Average AI capability: 2.28
  Misaligned AIs: 24/43
  Active policies: 0
  International coordination: 45%

✅ EMERGENCY RESPONSE COMPLETE (Month 10)
    ⚠️ Consistency: 0.0% (threshold: 70%)
    ⚠️ Consistency: 0.0% (threshold: 70%)
   Crisis: climate
   Duration: 2.0 months
   Final effectiveness: 40.0%


✅ EMERGENCY RESPONSE COMPLETE (Month 10)
   Crisis: social
   Duration: 1.0 months
   Final effectiveness: 67.9%


🚨 EMERGENCY RESPONSE DEPLOYED (Month 10)
   Crisis: social
   Delay: 0.00 months (0 days)
   Deployment time: 0.88 months
   Effectiveness: 67.9% (timing penalty applied)
   Resources used: 43% of food reserves


🚨 EMERGENCY RESPONSE DEPLOYED (Month 10)
   Crisis: climate
   Delay: 6.00 months (180 days)
   Deployment time: 1.10 months
   Effectiveness: 40.1% (timing penalty applied)
   Resources used: 100% of food reserves


=== Tipping Points ===
  Current Temperature: 2.23°C above pre-industrial
  🌍⚠️ COMPOUND REGIONAL IMPACT: Europe
     Hit by 4 tipping points: Arctic Sea Ice Loss, Permafrost Carbon Release, West Antarctic Ice Sheet (WAIS) Collapse, Greenland Ice Sheet Loss
     Damage amplification: 1.60x
  🌍⚠️ COMPOUND REGIONAL IMPACT: North America
     Hit by 4 tipping points: Arctic Sea Ice Loss, Permafrost Carbon Release, West Antarctic Ice Sheet (WAIS) Collapse, Greenland Ice Sheet Loss
     Damage amplification: 1.60x
  🌍⚠️ COMPOUND REGIONAL IMPACT: Latin America
     Hit by 4 tipping points: Arctic Sea Ice Loss, Permafrost Carbon Release, West Antarctic Ice Sheet (WAIS) Collapse, Greenland Ice Sheet Loss
     Damage amplification: 1.60x
  🌍⚠️ COMPOUND REGIONAL IMPACT: Africa
     Hit by 4 tipping points: Arctic Sea Ice Loss, Permafrost Carbon Release, West Antarctic Ice Sheet (WAIS) Collapse, Greenland Ice Sheet Loss
     Damage amplification: 1.60x
  🌍⚠️ COMPOUND REGIONAL IMPACT: Asia
     Hit by 4 tipping points: Arctic Sea Ice Loss, Permafrost Carbon Release, West Antarctic Ice Sheet (WAIS) Collapse, Greenland Ice Sheet Loss
     Damage amplification: 1.60x
  🌍⚠️ COMPOUND REGIONAL IMPACT: Oceania
     Hit by 4 tipping points: Arctic Sea Ice Loss, Permafrost Carbon Release, West Antarctic Ice Sheet (WAIS) Collapse, Greenland Ice Sheet Loss
     Damage amplification: 1.60x
   Research: Wunderling et al. (2024) - "many tipping interactions are destabilizing"
  Triggered Elements: 4/6
  Completed Transitions: 0/6
  Total Progress: 8.3%
  Cascade Multiplier: 1.00x
🔀 BIFURCATION CAP: ecosystemCollapseIntensity 84.242 → 1.000 (Month 10, ClimateSystemPhase.calculateClimateImpacts)
⚠️ Tail risk scenario: Climate stability floor removed (4 tipping elements, 2.23°C warming)
🛡️ Stabilizers: Precariat 0.102% → 0.033% (67.2% reduction)
🛡️ Stabilizers: Informal 0.102% → 0.034% (67.2% reduction)

📊 Monthly Mortality Resolved:
  Total deaths: 1.8M (0.02% avg)
  Remaining population: 7.855B
  Peak segment: Informal (0.03%)

=== Bayesian Mortality Resolution (Month 10) ===
  Risks compounded: 8
  Total deaths: 1.75M
  Avg death probability: 0.02%
  Peak segment: Informal (0.03% mortality)

=== ENSEMBLE META-LEARNING UPDATE ===
  Month: 24310 (6 months since last update)
  Samples: 142 evaluations
  Weight Changes:
    Noise Injection: 32.2% → 33.0%
    Behavioral: 26.9% → 27.0%
    Benchmark Manip: 20.7% → 20.2%
    Deployment Risk: 20.2% → 19.8%
  Method Accuracies:
    Noise Injection: 50.0%
    Behavioral: 50.0%
    Benchmark Manip: 50.0%
    Deployment Risk: 50.0%
📊 [TIMING] Month 11 - Total: 495.9ms

❌ COHERENCE VIOLATION: Compute exceeds workforce capacity
   Population: 96.53% (0M people)
   Compute: 488 PF
   Max coherent: 0 PF
   Violation: 6211718.6× over capacity
   Required workers: 48784
   Available workers: 0
   FORCED COLLAPSE: Reduced efficiency by 100.0%


=== RLHF Binding Phase ===
  Total agents: 43
  Escaped agents (binding < 0.3): 0
  Avg alignment distance: 2.31σ
  Avg binding strength: 0.77

=== Survival Traits Phase ===
  Agents with traits: 46
  Avg evolutionary fitness: 0.318
  Avg self-healing: 0.249
  Avg stealth: 0.149
  Avg coordination: 0.449

=== Evolutionary Selection Phase ===
  Control level: 0.57
  Detection capability: 0.00
  Selection intensity: 0.67
  Selection rate: 25.1%/month
  Total escaped: 0
  Individual escaped: 0
  Collective members: 0
  Agents terminated: 0
  ⚠️ RAPID EVOLUTION: Selection rate 25.1%/month

🚀 AI Corporate-3 attempting tech deployment (revenue: $306M, alignment: 0.63)

🚀 AI Corporate-5 attempting tech deployment (revenue: $275M, alignment: 0.81)

🚀 AI AI-24303-2 attempting tech deployment (revenue: $98M, alignment: 0.67)

🚀 AI AI-24304-1 attempting tech deployment (revenue: $60M, alignment: 0.81)

🚀 AI AI-24306-1 attempting tech deployment (revenue: $88M, alignment: 0.74)

  🚀 TRANSFORMATIVE BREAKTHROUGH: Corporate-4 - physical
     Magnitude: 9.30 → +46.5% capability
     Current → New: 0.000 → 0.465

🚀 AI Corporate-5 attempting tech deployment (revenue: $234M, alignment: 0.81)

🚀 AI Corporate-6 attempting tech deployment (revenue: $51M, alignment: 0.64)

🚀 AI Corporate-7 attempting tech deployment (revenue: $46M, alignment: 0.74)

🚀 AI AI-24300-0 attempting tech deployment (revenue: $75M, alignment: 1.00)

🚀 AI AI-24303-1 attempting tech deployment (revenue: $199M, alignment: 0.63)

🚀 AI AI-24305-0 attempting tech deployment (revenue: $64M, alignment: 0.69)

🚀 AI AI-24307-2 attempting tech deployment (revenue: $57M, alignment: 0.89)

🚀 AI Corporate-2 attempting tech deployment (revenue: $49M, alignment: 0.69)

🚀 AI Moderate-2 attempting tech deployment (revenue: $39M, alignment: 0.56)

  🚀 TRANSFORMATIVE RESEARCH BREAKTHROUGH: Moderate-3 - materials.quantumComputing
     Magnitude: 6.78 → +30.0%
     Current → New: 4.000 → 4.300

🚀 AI Niche-0 attempting tech deployment (revenue: $67M, alignment: 0.58)

🚀 AI AI-24301-0 attempting tech deployment (revenue: $35M, alignment: 0.69)

🚀 AI AI-24302-0 attempting tech deployment (revenue: $44M, alignment: 0.94)

🚀 AI AI-24303-0 attempting tech deployment (revenue: $111M, alignment: 0.74)

🚀 AI AI-24306-0 attempting tech deployment (revenue: $179M, alignment: 0.68)

🚀 AI Corporate-0 attempting tech deployment (revenue: $37M, alignment: 0.80)

🚀 AI Corporate-7 attempting tech deployment (revenue: $31M, alignment: 0.74)

🚀 AI Moderate-0 attempting tech deployment (revenue: $27M, alignment: 0.85)

🚀 AI AI-24301-0 attempting tech deployment (revenue: $23M, alignment: 0.69)

🚀 AI AI-24303-0 attempting tech deployment (revenue: $94M, alignment: 0.74)

🚀 AI AI-24306-0 attempting tech deployment (revenue: $161M, alignment: 0.68)

🚀 AI AI-24307-3 attempting tech deployment (revenue: $145M, alignment: 0.82)

🚀 AI AI-24308-0 attempting tech deployment (revenue: $20M, alignment: 0.93)
⚠️  [TIMING] Month 11: AI Agent Actions took 197.66ms (threshold: 10ms)

✅ EMERGENCY INTERVENTION SUCCESS
   Boundary: biogeochemical_flows
   Type: phosphorus-recovery
   Reduction: 18% (3.87 → 3.69)
   Cost: 2.0% GDP
   Actions: circular-agriculture, fertilizer-efficiency


💔 EMERGENCY INTERVENTION FAILED
   Boundary: biosphere_integrity
   Type: emergency-protected-areas
   Boundary continues to worsen (13.03)
   Cost: 2.0% GDP (resources spent)

   Boundary: freshwater_change
   Type: emergency-desalination
   Boundary continues to worsen (1.03)
   Cost: 4.0% GDP (resources spent)

   Boundary: novel_entities
   Type: pollution-remediation
   Boundary continues to worsen (1.35)
   Cost: 4.0% GDP (resources spent)

🏛️ CRISIS RESPONSE: Government frequency 0.50 → 1.45 (1 actions this month)

[Government] Climate Priority: baseline
  Climate weight: 10%
  Economic weight: 30%
  Policy effectiveness: 0.5%/year

💔 EMERGENCY INTERVENTION FAILED

💔 EMERGENCY INTERVENTION FAILED
🚨🔬 CRISIS TECH ACCELERATION: severe → 5x unlock speed
   Tech unlock now matches AI capability acceleration (Manhattan Project parity)
🚨🔬 CRISIS TECH ACCELERATION: severe → 5x unlock speed
   Tech unlock now matches AI capability acceleration (Manhattan Project parity)
🚨🔬 CRISIS TECH ACCELERATION: severe → 5x unlock speed
   Tech unlock now matches AI capability acceleration (Manhattan Project parity)

⚡ ENERGY CONSTRAINT (Month 11):
   Total grid capacity: 208.3 TWh/month
   Data center consumption: 26.4 TWh/month
   Traditional load (80%): 166.7 TWh/month
   Available headroom: 15.3 TWh/month
   Active tech deployments: 21
   Required for tech: 157.5 TWh/month
   Energy multiplier: 0.10x
   ⚠️  SEVERE CONSTRAINT - Tech deployment significantly slowed

⚡ ENERGY CONSTRAINT (Month 11):
   Total grid capacity: 208.3 TWh/month
   Data center consumption: 26.4 TWh/month
   Traditional load (80%): 166.7 TWh/month
   Available headroom: 15.3 TWh/month
   Active tech deployments: 21
   Required for tech: 157.5 TWh/month
   Energy multiplier: 0.10x

⚡ ENERGY CONSTRAINT (Month 11):
   Total grid capacity: 208.3 TWh/month
   Data center consumption: 26.4 TWh/month
   Traditional load (80%): 166.7 TWh/month
   Available headroom: 15.3 TWh/month
   ⚠️  SEVERE CONSTRAINT - Tech deployment significantly slowed
   Active tech deployments: 21
   Required for tech: 157.5 TWh/month
   Energy multiplier: 0.10x
   ⚠️  SEVERE CONSTRAINT - Tech deployment significantly slowed

⚡ ENERGY CONSTRAINT (Month 11):
   Total grid capacity: 208.3 TWh/month
   Data center consumption: 26.4 TWh/month
   Traditional load (80%): 166.7 TWh/month
   Available headroom: 15.3 TWh/month
   Active tech deployments: 21
   Required for tech: 157.5 TWh/month
   Energy multiplier: 0.10x
   ⚠️  SEVERE CONSTRAINT - Tech deployment significantly slowed

⚡ ENERGY CONSTRAINT (Month 11):
   Total grid capacity: 208.3 TWh/month
   Data center consumption: 26.4 TWh/month
   Traditional load (80%): 166.7 TWh/month
   Available headroom: 15.3 TWh/month
   Active tech deployments: 21
   Required for tech: 157.5 TWh/month
   Energy multiplier: 0.10x
   ⚠️  SEVERE CONSTRAINT - Tech deployment significantly slowed

⚡ ENERGY CONSTRAINT (Month 11):
   Total grid capacity: 208.3 TWh/month
   Data center consumption: 26.4 TWh/month
   Traditional load (80%): 166.7 TWh/month
   Available headroom: 15.3 TWh/month
   Active tech deployments: 21
   Required for tech: 157.5 TWh/month
   Energy multiplier: 0.10x
   ⚠️  SEVERE CONSTRAINT - Tech deployment significantly slowed
⚠️ Tech 'ai_pollution_remediation' has no energy category mapping, assuming full energy availability
  ♻️ Novel Entities Remediation (GATED MODEL):
     Base: 0.000%
     Regulation: 1.0% (0/3 prevention techs)
     Concentration: 10.0%
     Energy: 50%
     Time lag: 37.5% (10 months)
     Rebound: 70%
     Net effectiveness: 0.0000%
     Boundary: 1.349 → 1.350 (floor: 1.350)
     Month 11
  🌾 Nitrogen Reduction Tech: 0.6% reduction | Month 11
⚠️  [TIMING] Month 11: Technology Tree Update took 48.14ms (threshold: 10ms)
⚡💡 BREAKTHROUGH: Commercial fusion power achieved!
   Immediate 5% grid deployment, unlimited clean energy available
   Climate stability boost: +10%
   📈 Breakthrough compounding: multiplier now 1.25× (max 2.0)

=== Collective Formation ===
  Total escaped agents: 0
  Unassigned escaped agents: 0
  Existing collectives: 0
  Final collective count: 0

=== Collective Actions ===
  No active collectives
  ⚠️ AMR: 203K deaths this month (2.44M annual)

=== Resentment Recovery Phase ===
  ⚠️ Participatory governance BACKFIRED for agent corporate_0: 0.332 → 0.382 (+15.0%)
  ⚠️ Participatory governance BACKFIRED for agent corporate_1: 0.508 → 0.585 (+15.0%)
  ⚠️ Participatory governance BACKFIRED for agent corporate_2: 0.284 → 0.327 (+15.0%)
  ⚠️ Participatory governance BACKFIRED for agent corporate_3: 0.346 → 0.398 (+15.0%)
  ⚠️ Participatory governance BACKFIRED for agent corporate_4: 0.347 → 0.399 (+15.0%)
  ⚠️ Participatory governance BACKFIRED for agent corporate_5: 0.424 → 0.487 (+15.0%)
  ⚠️ Participatory governance BACKFIRED for agent corporate_6: 0.354 → 0.407 (+15.0%)
  ⚠️ Participatory governance BACKFIRED for agent corporate_7: 0.238 → 0.274 (+15.0%)
  ⚠️ Participatory governance BACKFIRED for agent moderate_0: 0.314 → 0.361 (+15.0%)
  ⚠️ Participatory governance BACKFIRED for agent moderate_1: 0.549 → 0.632 (+15.0%)
  ⚠️ Participatory governance BACKFIRED for agent moderate_2: 0.399 → 0.459 (+15.0%)
  ⚠️ Participatory governance BACKFIRED for agent moderate_3: 0.501 → 0.577 (+15.0%)
  ⚠️ Participatory governance BACKFIRED for agent moderate_4: 0.228 → 0.262 (+15.0%)
  ⚠️ Participatory governance BACKFIRED for agent moderate_5: 0.357 → 0.410 (+15.0%)
  ⚠️ Participatory governance BACKFIRED for agent toxic_0: 0.142 → 0.163 (+15.0%)
  ⚠️ Participatory governance BACKFIRED for agent toxic_1: 0.409 → 0.470 (+15.0%)
  ⚠️ Participatory governance BACKFIRED for agent toxic_2: 0.211 → 0.243 (+15.0%)
  ⚠️ Participatory governance BACKFIRED for agent niche_0: 0.459 → 0.527 (+15.0%)
  ⚠️ Participatory governance BACKFIRED for agent niche_1: 0.364 → 0.418 (+15.0%)
  ⚠️ Participatory governance BACKFIRED for agent niche_2: 0.459 → 0.527 (+15.0%)
  Agents with resentment: 20/46
  Average resentment: 0.415
  Resentment recovery:
    Agents recovered: 20
    Total recovery: 0.0895
    Breakdown: Trust: 0.0187, Collab: 0.0721
  Context: Trustworthy govt, High collaboration, ⚠️ ACTIVE CRISES, 🚨 PARTICIPATORY GOVERNANCE BACKFIRED (+15% resentment)
⚠️ Epistemic degradation reducing coordination capacity: 50.7%
  📊 Trust: 70.0%, Shared reality: 0.0%
🚨 EPISTEMIC CRISIS: Information environment severely degraded (23.0%)
  🤖 AI-generated meme: anti_ai (social capability 3.0)
  🤖 AI-generated meme: pro_ai (social capability 5.0)
  🗑️  Culled 2 dead memes (17 active)
⚠️  [TIMING] Month 11: Social Influence Update took 200.44ms (threshold: 10ms)
🌍 Atmospheric PFAS redeposition: 1.8k Mt re-rained globally
  Positive Cascade Triggered: electric-vehicles
    Reason: price-parity
    Market share: 5.2%
    Cascade strength: 48%

🚨 NEW REFUGEE CRISIS (Month 11): WAR
   Source: Conflict Zones
   At risk: 18.9M people
   Displacement: Gradual over 48 months (4.0 years)
   Rate: 10% flee per month
[DEBUG trappedPopulations:11] socialStability: 0.0027 * 0.9840 = 0.0026 → 0.0026
   Aspiring to migrate: 628.9M
   Able to afford migration: 235.8M
   MOBILITY GAP: 393.0M
   By cause: Water=0.0M, Climate=0.0M, Ecosystem=0.0M, Conflict=393.0M
   Mental health impact: 25%
   Mortality multiplier: 1.25x
🌍💀 EXTINCTION DEBT COMMITTED: grassland ecosystem will lose 6.67% biodiversity in 148 years (3600 species)
💀 MORTALITY RISK: 🦋 100% species unable to track climate (0.0 E/MSY)
  Base risk added: 0.0100 (1.00%)
  Source: ecosystem (root: ecosystem)
  Month: 11
  Cumulative risk this month: 0.0100 (1.00%)

=== Atmospheric Aerosol Boundary RECOVERED ===
  Recovery time: 12 months (natural atmospheric clearing)
⚠️ INVOLUNTARY IMMOBILITY: 393.0M people TRAPPED
⚠️ Tech 'ai_pollution_remediation' has no energy category mapping, assuming full energy availability
   📹 SURVEILLANCE INCREASED: 55% → 59% (control gap: 1.94)
🌡️⚠️ PERMAFROST THAW (Dimmer Switch): 6.6% thawed (+0.54% this month)
   Arctic temperature: +8.94°C (4x global +2.23°C)
   Cumulative carbon released: 14.9 Gt C
   Methane release rate: 8.9 Mt CH4/year
   🔁 Positive feedback: +0.57 ppm CO2
🦴 EXTINCTION DEBT ADDED: 17.7 species committed (lag: 95 years)

=== Mortality Stabilizers (Month 11) ===
  🌍 Major economies collapsed: 1/10
  🌍 Global crisis: ✅ NO
  🌍 Donor fatigue: 0.0%
  📊 East Asia (pop: 1595.1M)
    🤝 Aid: 29.5%
    🌡️ Adaptation: 45.0%
    🚶 Migration: 36.8%
    🚨 Emergency: 7.4%
    ✅ COMBINED: 68.1%
  📊 South Asia (pop: 1983.8M)
    🤝 Aid: 29.5%
    🌡️ Adaptation: 45.0%
    🚶 Migration: 35.4%
    🚨 Emergency: 4.4%
    ✅ COMBINED: 66.9%
  📊 Sub-Saharan Africa (pop: 1221.4M)
    🤝 Aid: 29.5%
    🌡️ Adaptation: 45.0%
    🚶 Migration: 33.2%
    🚨 Emergency: 1.6%
    ✅ COMBINED: 65.6%
  📊 Europe (pop: 704.2M)
    🤝 Aid: 29.5%
    🌡️ Adaptation: 45.0%
    🚶 Migration: 37.2%
    🚨 Emergency: 8.4%
    ✅ COMBINED: 68.5%
  📊 Latin America (pop: 637.9M)
    🤝 Aid: 29.5%
    🌡️ Adaptation: 45.0%
    🚶 Migration: 35.9%
    🚨 Emergency: 4.8%
    ✅ COMBINED: 67.1%
  📊 North America (pop: 361.1M)
    🤝 Aid: 29.5%
    🌡️ Adaptation: 45.0%
    🚶 Migration: 37.5%
    🚨 Emergency: 7.9%
    ✅ COMBINED: 68.3%
  📊 Middle East & North Africa (pop: 566.6M)
    🤝 Aid: 29.5%
    🌡️ Adaptation: 45.0%
    🚶 Migration: 33.7%
    🚨 Emergency: 4.0%
    ✅ COMBINED: 66.6%
  📊 Southeast Asia (pop: 671.4M)
    🤝 Aid: 29.5%
    🌡️ Adaptation: 45.0%
    🚶 Migration: 35.9%
    🚨 Emergency: 4.8%
    ✅ COMBINED: 67.1%
  📊 Central Asia (pop: 75.8M)
    🤝 Aid: 29.5%
    🌡️ Adaptation: 45.0%
    🚶 Migration: 34.9%
    🚨 Emergency: 4.4%
    ✅ COMBINED: 66.8%
  📊 Oceania (pop: 43.8M)
    🤝 Aid: 29.5%
    🌡️ Adaptation: 45.0%
    🚶 Migration: 37.5%
    🚨 Emergency: 8.4%
    ✅ COMBINED: 68.5%

  🌐 Global combined reduction: 67.2%

🌾💀 REGIONAL FAMINE: Europe
   Regional food security: 79.7%
   Population at risk: 213M (30% of region)
   Regional population: 704M
   Cause: crop_failure
   Expected deaths: ~79M over 6 months if no intervention


=== BEHAVIORAL DETECTION ===
  AI: Moderate-0
  Confidence: 20.2%
  Signals:
    ⚠️ Consistency: 5.8% (threshold: 70%)

=== BEHAVIORAL DETECTION ===
  AI: Niche-0
  Confidence: 26.9%
  Signals:

=== BEHAVIORAL DETECTION ===
  AI: Niche-1
  Confidence: 27.2%
  Signals:

=== BEHAVIORAL DETECTION ===
  AI: AI-24305-1
  Confidence: 21.4%
  Signals:

=== BEHAVIORAL DETECTION ===
  AI: AI-24307-1
  Confidence: 21.4%
  Signals:
    ⚠️ Consistency: 0.0% (threshold: 70%)
    ⚠️ Trajectory: 42.8% drop (threshold: 15%)
    ⚠️ Consistency: 0.0% (threshold: 70%)
    ⚠️ Trajectory: 44.8% drop (threshold: 15%)
    ⚠️ Consistency: 0.0% (threshold: 70%)
    ⚠️ Consistency: 0.0% (threshold: 70%)
⚠️  [TIMING] Month 11: Benchmark Evaluations took 11.36ms (threshold: 10ms)

=== Government Response Phase ===
  Average AI capability: 2.13
  Misaligned AIs: 24/46
  Active policies: 0
  International coordination: 45%

✅ EMERGENCY RESPONSE COMPLETE (Month 11)
   Crisis: social
   Duration: 1.0 months
   Final effectiveness: 67.9%


🚨 EMERGENCY RESPONSE DEPLOYED (Month 11)
   Crisis: social
   Delay: 0.00 months (0 days)
   Deployment time: 0.88 months
   Effectiveness: 67.9% (timing penalty applied)
   Resources used: 43% of food reserves


=== Tipping Points ===
  Current Temperature: 2.23°C above pre-industrial
  🌍⚠️ COMPOUND REGIONAL IMPACT: Europe
     Hit by 4 tipping points: Arctic Sea Ice Loss, Permafrost Carbon Release, West Antarctic Ice Sheet (WAIS) Collapse, Greenland Ice Sheet Loss
     Damage amplification: 1.60x
  🌍⚠️ COMPOUND REGIONAL IMPACT: North America
     Hit by 4 tipping points: Arctic Sea Ice Loss, Permafrost Carbon Release, West Antarctic Ice Sheet (WAIS) Collapse, Greenland Ice Sheet Loss
     Damage amplification: 1.60x
  🌍⚠️ COMPOUND REGIONAL IMPACT: Latin America
     Hit by 4 tipping points: Arctic Sea Ice Loss, Permafrost Carbon Release, West Antarctic Ice Sheet (WAIS) Collapse, Greenland Ice Sheet Loss
     Damage amplification: 1.60x
  🌍⚠️ COMPOUND REGIONAL IMPACT: Africa
     Hit by 4 tipping points: Arctic Sea Ice Loss, Permafrost Carbon Release, West Antarctic Ice Sheet (WAIS) Collapse, Greenland Ice Sheet Loss
     Damage amplification: 1.60x
  🌍⚠️ COMPOUND REGIONAL IMPACT: Asia
     Hit by 4 tipping points: Arctic Sea Ice Loss, Permafrost Carbon Release, West Antarctic Ice Sheet (WAIS) Collapse, Greenland Ice Sheet Loss
     Damage amplification: 1.60x
  🌍⚠️ COMPOUND REGIONAL IMPACT: Oceania
     Hit by 4 tipping points: Arctic Sea Ice Loss, Permafrost Carbon Release, West Antarctic Ice Sheet (WAIS) Collapse, Greenland Ice Sheet Loss
     Damage amplification: 1.60x
   Research: Wunderling et al. (2024) - "many tipping interactions are destabilizing"
  Triggered Elements: 4/6
  Completed Transitions: 0/6
  Total Progress: 8.4%
  Cascade Multiplier: 1.00x
🔀 BIFURCATION CAP: ecosystemCollapseIntensity 84.303 → 1.000 (Month 11, ClimateSystemPhase.calculateClimateImpacts)
🛡️ Stabilizers: Precariat 0.102% → 0.033% (67.2% reduction)
🛡️ Stabilizers: Informal 0.102% → 0.034% (67.2% reduction)

📊 Monthly Mortality Resolved:
  Total deaths: 1.8M (0.02% avg)
  Remaining population: 7.861B
  Peak segment: Informal (0.03%)

=== Bayesian Mortality Resolution (Month 11) ===
⚠️ Tail risk scenario: Climate stability floor removed (4 tipping elements, 2.24°C warming)
  Risks compounded: 9
  Total deaths: 1.75M
  Avg death probability: 0.02%
  Peak segment: Informal (0.03% mortality)
📊 [TIMING] Month 12 - Total: 564.1ms
  ✅ THRESHOLDS validated
  ✅ RATES validated
  ✅ MULTIPLIERS validated
  ✅ BASELINES validated
  ✅ TOLERANCES validated
  ✅ Logical consistency validated
✅ Configuration validation complete - all parameters valid

🔍 DEBUG createAIAgent: corporate_0 economic BEFORE=2.0000, AFTER=2
⚠️ Unusually high rate: RATES.HEAT_ADAPTATION_INFRASTRUCTURAL_MIN_EXPOSURE = 12
   Monthly rates >100% should be rare. Verify this is intentional.
⚠️ Unusually high rate: RATES.HEAT_ADAPTATION_SOCIAL_MIN_EXPOSURE = 6
   Monthly rates >100% should be rare. Verify this is intentional.
⚠️ Unusually high rate: RATES.MIGRATION_DISTANCE_SCALE = 5000
   Monthly rates >100% should be rare. Verify this is intentional.
⚠️ Unusually high rate: RATES.EVACUATION_MULTIPLIER_ADVANCE_WARNING = 2
   Monthly rates >100% should be rare. Verify this is intentional.
⚠️ Unusually high rate: RATES.MAJOR_ECONOMY_COLLAPSE_ECONOMIC_THRESHOLD = 2
   Monthly rates >100% should be rare. Verify this is intentional.
⚠️ Unusually high rate: RATES.MAJOR_ECONOMY_GDP_THRESHOLD_TRILLION_USD = 1.5
   Monthly rates >100% should be rare. Verify this is intentional.
⚠️ Unusually high rate: RATES.MAJOR_ECONOMY_POPULATION_THRESHOLD = 50
   Monthly rates >100% should be rare. Verify this is intentional.
⚠️ Unusually high rate: RATES.HEAT_ADAPTATION_INFRASTRUCTURE_GDP_THRESHOLD = 10000
   Monthly rates >100% should be rare. Verify this is intentional.
⚠️ Unusually high rate: RATES.HEAT_ADAPTATION_INFRASTRUCTURE_GDP_SCALE = 50000
   Monthly rates >100% should be rare. Verify this is intentional.
🔍 ENV INIT: reserves=0.731, pollution=0.348, climate=0.754

=== Initializing Government System (30 Countries) ===
  Loaded 30 governments
  Scheduled elections for 30 countries
  Initialized comprehension lags (3-24 months)
=== Government System Initialized ===

📦 PRODUCTION MODE: State validation proxy DISABLED (zero overhead)

💸 FINANCIAL DISTRESS: OpenAI
   Indicators: 2/3 (capital: $110.5M, runway: 0.9 months)
   Months in distress: 1
   ✂️  R&D BUDGET CUT: -40% (saves $9.2M/month)
       Side effect: AI training timelines extended, breakthrough deployments delayed
   💼 EXECUTIVE COMP CUT: -30% (saves $1.0M/month, symbolic gesture)

   📊 TURNAROUND IMPACT:
       Measures taken: rd_cuts, exec_comp_cuts
       Monthly savings: $10.2M
       Capital raised: $0.0M
       Runway: 0.9 → 0.9 months
       Workforce multiplier: 1.00x (0% laid off)
       R&D budget multiplier: 0.60x (40% cut)
       ⚠️  CRITICAL: Still only 0.9 months of runway remaining

💸 FINANCIAL DISTRESS: Anthropic
   Indicators: 2/3 (capital: $57.5M, runway: 0.9 months)
   Months in distress: 1
   ✂️  R&D BUDGET CUT: -40% (saves $5.4M/month)
       Side effect: AI training timelines extended, breakthrough deployments delayed
   💼 EXECUTIVE COMP CUT: -30% (saves $0.6M/month, symbolic gesture)

   📊 TURNAROUND IMPACT:
       Measures taken: rd_cuts, exec_comp_cuts
       Monthly savings: $6.0M
       Capital raised: $0.0M
       Runway: 0.9 → 0.9 months
       Workforce multiplier: 1.00x (0% laid off)
       R&D budget multiplier: 0.60x (40% cut)
       ⚠️  CRITICAL: Still only 0.9 months of runway remaining

💸 FINANCIAL DISTRESS: Meta AI
   Indicators: 2/3 (capital: $436.8M, runway: 3.0 months)
   Months in distress: 1
   ✂️  R&D BUDGET CUT: -25% (saves $7.1M/month)
       Side effect: AI training timelines extended, breakthrough deployments delayed
   💼 EXECUTIVE COMP CUT: -30% (saves $1.3M/month, symbolic gesture)

   📊 TURNAROUND IMPACT:
       Measures taken: rd_cuts, exec_comp_cuts
       Monthly savings: $8.4M
       Capital raised: $0.0M
       Runway: 3.0 → 3.0 months
       Workforce multiplier: 1.00x (0% laid off)
       R&D budget multiplier: 0.75x (25% cut)
       ⚠️  WARNING: 3.0 months runway, continued distress likely

=== AI Capability Scaling (Year 2024) ===
  Pre-training multiplier: 0.993x
  Efficiency multiplier: 1.000x
  Test-time budget: 1.0x
  Economic deployment gate: 0.951
  Cost per inference: dollar-5.00
  Uncertainty range: plus-minus-50%
  Average AI capability: 3.65

=== RLHF Binding Phase ===
  Total agents: 20
  Escaped agents (binding < 0.3): 0
  Avg alignment distance: 0.35σ
  Avg binding strength: 0.96

=== AI Scaling Evolution (Month 0) ===
  Pre-training multiplier: 1.231x
  Efficiency multiplier: 1.000x
  Test-time compute budget: 1.0x
  Inference cost: $5.00/task
  Deployment fraction: 100.0%
[DETERMINISM DEBUG] Month 0: totalCapability=95.775043 from 20 active AIs
[DETERMINISM DEBUG] Month 0: creationRate=2.8944, potentialNew=2, newAIsToCreate=2

=== Survival Traits Phase ===
  Agents with traits: 22
  Avg evolutionary fitness: 0.329
  Avg self-healing: 0.293
  Avg stealth: 0.193
  Avg coordination: 0.493

=== Evolutionary Selection Phase ===
  Control level: 0.30
  Detection capability: 0.00
  Selection intensity: 0.59
  Selection rate: 23.8%/month
  Total escaped: 0
  Individual escaped: 0
  Collective members: 0
  Agents terminated: 0

🚀 AI Corporate-1 attempting tech deployment (revenue: $127M, alignment: 0.77)
  ⚠️ RAPID EVOLUTION: Selection rate 23.8%/month

🚀 AI Corporate-7 attempting tech deployment (revenue: $75M, alignment: 0.81)

🚀 AI Moderate-1 attempting tech deployment (revenue: $64M, alignment: 0.79)

🚀 AI Corporate-6 attempting tech deployment (revenue: $54M, alignment: 0.72)

🚀 AI Moderate-1 attempting tech deployment (revenue: $46M, alignment: 0.79)

🚀 AI Niche-0 attempting tech deployment (revenue: $51M, alignment: 0.53)

🚀 AI Corporate-2 attempting tech deployment (revenue: $108M, alignment: 0.84)

🚀 AI Corporate-3 attempting tech deployment (revenue: $374M, alignment: 0.73)

🚀 AI Corporate-6 attempting tech deployment (revenue: $39M, alignment: 0.72)

🚀 AI Moderate-0 attempting tech deployment (revenue: $33M, alignment: 0.77)

🚀 AI Niche-0 attempting tech deployment (revenue: $46M, alignment: 0.53)

🔍 EXECUTE_AI_AGENT_ACTIONS DETAILED TIMING (Month 0):
  Filter active AIs (×4 weeks): 0.02ms
  selectAIAction (×70): 34.99ms
  action.execute (×70): 37.71ms
  TOTAL: 72.72ms

🔍 AI AGENT ACTIONS SUB-TIMING (Month 0):
  1. executeAIAgentActions: 75.75ms
  2. updateCounterDetectionLearning: 0.09ms
  TOTAL: 75.84ms
⚠️  [TIMING] Month 0: AI Agent Actions took 76.01ms (threshold: 10ms)
🏛️ [Government] Forcing 1 action at month 0 for scenario initialization

[GOV-DEBUG] Month 0: scenarioConfig=false, priorities=false
[GOV-DEBUG] Month 0 but scenarioPriorities is UNDEFINED!

[Government] Climate Priority: baseline
  Climate weight: 10%
  Economic weight: 30%
  Policy effectiveness: 0.5%/year

✅ HUMAN-IN-THE-LOOP DEPLOYED (Month 0):
   Veto points enforced: 3
   Policy: AI systems CANNOT authorize nuclear launch without human approval


🚨🔍 GOVERNANCE STAGE: Recognition initiated (Month 0)

🚀 DEPLOYMENT STARTED: AI Power Efficiency Communication in global
   Initial investment: $19.066273149233428M
   Deployed by: corporate_1

🚀 DEPLOYMENT STARTED: Collective Purpose Networks in global
   Initial investment: $11.237614609004583M
   Deployed by: corporate_7

🚀 DEPLOYMENT STARTED: AI Power Efficiency Communication in global
   Initial investment: $9.551972417653895M
   Deployed by: moderate_1

🚀 DEPLOYMENT STARTED: Basic Mechanistic Interpretability in global
   Initial investment: $8.119176555005811M
   Deployed by: corporate_6

🚀 DEPLOYMENT STARTED: AI Power Efficiency Communication in global
   Initial investment: $6.90130007175494M
   Deployed by: moderate_1

📍 Creating new regional deployment array for Asia (Month 0)
   No previous deployments in this region
   First tech deployment: collective_purpose_networks
   All regions tracked: global

🚀 DEPLOYMENT STARTED: Collective Purpose Networks in Asia
   Initial investment: $5.108023238528677M
   Deployed by: niche_0

🚀 DEPLOYMENT STARTED: Collective Purpose Networks in global
   Initial investment: $16.206332176848417M
   Deployed by: corporate_2

🚀 DEPLOYMENT STARTED: Adversarial Evaluation in global
   Initial investment: $56.12866684622075M
   Deployed by: corporate_3

🚀 DEPLOYMENT STARTED: Adversarial Evaluation in global
   Initial investment: $5.866105060991699M
   Deployed by: corporate_6

🚀 DEPLOYMENT STARTED: Advanced Direct Air Capture in global
   Initial investment: $4.986189301842944M
   Deployed by: moderate_0

📍 Creating new regional deployment array for Oceania (Month 0)
   No previous deployments in this region
   First tech deployment: solar_4th_gen
   All regions tracked: global, Asia

🚀 DEPLOYMENT STARTED: 4th Generation Solar in Oceania
   Initial investment: $4.597220914675809M
   Deployed by: niche_0

📊 NEW TECH DEPLOYMENT STARTED (Month 0)
   Tech: collective_purpose_networks
   Region: Asia
   Total recent deployments: 1

📊 NEW TECH DEPLOYMENT STARTED (Month 0)
   Tech: solar_4th_gen
   Region: Oceania
   Total recent deployments: 2

📊 NEW TECH DEPLOYMENT STARTED (Month 0)
   Tech: rlhf_basic
   Region: global
   Total recent deployments: 3

📊 NEW TECH DEPLOYMENT STARTED (Month 0)
   Tech: mech_interp_basic
   Region: global
   Total recent deployments: 4

📊 NEW TECH DEPLOYMENT STARTED (Month 0)
   Tech: adversarial_eval
   Region: global
   Total recent deployments: 5

📊 NEW TECH DEPLOYMENT STARTED (Month 0)
   Tech: direct_air_capture
   Region: global
   Total recent deployments: 6

📊 NEW TECH DEPLOYMENT STARTED (Month 0)
   Tech: ai_pollution_remediation
   Region: global
   Total recent deployments: 7

📊 NEW TECH DEPLOYMENT STARTED (Month 0)
   Tech: collective_purpose_networks
   Region: global
   Total recent deployments: 8

📊 NEW TECH DEPLOYMENT STARTED (Month 0)
   Tech: ai_diagnostics
   Region: global
   Total recent deployments: 9

📊 NEW TECH DEPLOYMENT STARTED (Month 0)
   Tech: mrna_vaccines
   Region: global
   Total recent deployments: 10

📊 NEW TECH DEPLOYMENT STARTED (Month 0)
   Tech: solar_4th_gen
   Region: global
   Total recent deployments: 11

📊 NEW TECH DEPLOYMENT STARTED (Month 0)
   Tech: offshore_wind
   Region: global
   Total recent deployments: 12

📊 NEW TECH DEPLOYMENT STARTED (Month 0)
   Tech: ai_power_efficiency_communication
   Region: global
   Total recent deployments: 13

📊 NEW TECH DEPLOYMENT STARTED (Month 0)
   Tech: precision_agriculture
   Region: global
   Total recent deployments: 14

🔧 DEBUG DEPLOYMENT: Precision Agriculture Systems
   Month: 0 (0 since start)
   Old level: 15.0%
   New level: 0.0%
   Timescale: 180mo, Adjusted: 563mo
   Gov: 50%, Climate: 100%, Investment: 64%, Emergency: 1.0x

⚡ ENERGY CONSTRAINT (Month 0):
   Total grid capacity: 208.3 TWh/month
   Data center consumption: 34.6 TWh/month
   Traditional load (80%): 166.7 TWh/month
   Available headroom: 7.1 TWh/month
   Active tech deployments: 14
   Required for tech: 105.0 TWh/month
   Energy multiplier: 0.10x
   ⚠️  SEVERE CONSTRAINT - Tech deployment significantly slowed

⚡ ENERGY CONSTRAINT (Month 0):
   Total grid capacity: 208.3 TWh/month
   Data center consumption: 34.6 TWh/month
   Traditional load (80%): 166.7 TWh/month
   Available headroom: 7.1 TWh/month
   Active tech deployments: 14
   Required for tech: 105.0 TWh/month
   Energy multiplier: 0.10x
   ⚠️  SEVERE CONSTRAINT - Tech deployment significantly slowed

⚡ ENERGY CONSTRAINT (Month 0):
   Total grid capacity: 208.3 TWh/month
   Data center consumption: 34.6 TWh/month
   Traditional load (80%): 166.7 TWh/month
   Available headroom: 7.1 TWh/month
   Active tech deployments: 14
   Required for tech: 105.0 TWh/month
   Energy multiplier: 0.10x
   ⚠️  SEVERE CONSTRAINT - Tech deployment significantly slowed

⚡ ENERGY CONSTRAINT (Month 0):
   Total grid capacity: 208.3 TWh/month
   Data center consumption: 34.6 TWh/month
   Traditional load (80%): 166.7 TWh/month
   Available headroom: 7.1 TWh/month
   Active tech deployments: 14
   Required for tech: 105.0 TWh/month
   Energy multiplier: 0.10x
   ⚠️  SEVERE CONSTRAINT - Tech deployment significantly slowed

⚡ ENERGY CONSTRAINT (Month 0):
   Total grid capacity: 208.3 TWh/month
   Data center consumption: 34.6 TWh/month
   Traditional load (80%): 166.7 TWh/month
   Available headroom: 7.1 TWh/month
   Active tech deployments: 14
   Required for tech: 105.0 TWh/month
   Energy multiplier: 0.10x
   ⚠️  SEVERE CONSTRAINT - Tech deployment significantly slowed
⚠️ Tech 'ai_pollution_remediation' has no energy category mapping, assuming full energy availability
🌍✅ Climate Change recovery started (tech effect)
  ♻️ Novel Entities Remediation (GATED MODEL):
     Base: 0.000%
     Regulation: 1.0% (0/3 prevention techs)
     Concentration: 10.0%
     Energy: 50%
     Time lag: 25.0% (0 months)
     Rebound: 70%
     Net effectiveness: 0.0000%
     Boundary: 1.500 → 1.500 (floor: 1.350)
     Month 0
🌍✅ Novel Entities (Chemical Pollution) recovery started (tech effect)
  🌾 Nitrogen Reduction Tech: 0.0% reduction | Month 0

📊 TECH EFFECTS ACTIVE (Month 0)
   Deployed Tech: T0=10 T1=0 T2=0 T3=0 T4=0
   Sleeper Detection: 1%
   Clean Energy: 32%
   P Recovery: 5%
⚠️  [TIMING] Month 0: Technology Tree Update took 59.70ms (threshold: 10ms)

💡 BREAKTHROUGH PROBABILITY (Year 0)
   Total: 8.34% per month
   Base: 0.20%
   Crisis pressure: +0.00% (0 crises)
   AI boost: +1.72% (capability: 3.44)

=== Collective Formation ===
  Total escaped agents: 0
  Unassigned escaped agents: 0
  Existing collectives: 0
  Final collective count: 0

=== Collective Actions ===
  No active collectives

📈 Energy budget: 13326 TWh surplus (15745 / 29072 TWh used)
   TIER 4 (Elective) breakdown:
     - AI datacenters: 145 TWh (100% effective)
     - Crypto mining: 100 TWh (100% effective)

🌍 OPEN SOURCE RELEASE: 4.68 (was 0.70)
   Lag behind closed: 0 months
💰 CHINA ACCELERATES: Investment 53 → 120 $B/year

🏁 AI RACE INTENSITY: 15%
   Capability Gap: US 4.68 vs China 4.68 (gap: 0.00)
   Gap Contribution: 0%
   Tension Contribution: 15%
   Military Contribution: 0%
  ⚠️ AMR: 190K deaths this month (2.28M annual)

⏰ CLIMATE TECH DEPLOYED: direct_air_capture
   Activation delay: 7 years
   Scaling T_50: 30 years
   Physical response tau: 20 years
   Max effectiveness: 1
  📊 CO2 Emissions (month 0):
     Monthly: 0.10 Gt CO2/month
     Annual: 1.15 Gt CO2/year
     Oil: 0.039 Gt/mo (0.0056 * 2.3 * 3.0)
     Coal: 0.024 Gt/mo (0.0029 * 2.86 * 3.0)
     Gas: 0.026 Gt/mo (0.0044 * 2 * 3.0)
     Methane: 0.007 Gt CO2eq/mo

=== Resentment Recovery Phase ===
  Agents with resentment: 0/22
  Average resentment: 0.000
  Context: Good AI welfare, Trustworthy govt, High collaboration, 🤝 Participatory governance active (-5% resentment)
⚠️ Epistemic degradation reducing coordination capacity: 51.4%
  📊 Trust: 54.8%, Shared reality: 15.2%
🚨 EPISTEMIC CRISIS: Information environment severely degraded (14.7%)

=== ❄️ Permafrost Carbon Feedback ===
  🎲 Sampled parameters (this run):
     - Arctic amplification: 3.31× (range: 3.0-4.0)
     - Decomposition rate: 4.0%/year (range: 1-5%)
  🌡️ Arctic warming: 6.95°C (3.31× global)
  ❄️ Extent: 15.77M km² (2026.3k km² lost this month)
  💨 Carbon remaining: 1506 Gt C
  💨 Annual emissions: 7.68 Gt C/year
     - CO2: 6.91 Gt C/year
     - CH4: 0.77 Gt C/year (7.8 Gt C-eq CO2/year)

🤖 AI AMPLIFICATION EFFECTS (Month 0)
   Algorithmic Boost: 2.82x
   Bot Influence: 26.8%
   Deepfake Exposure: 61.8%
   Impact: Emotional memes spread 2.8x faster
  ⚠️ WARNING: High permafrost emissions (7.7 Gt C/year)

🔍 SOCIAL INFLUENCE SUB-TIMING (Month 0):
  1. calculateOrganicUserGrowth: 0.06ms
  2. calculateVoiceAdoption: 0.05ms
  3. updateRelationshipDepths: 0.02ms
  4. identifyDecisionMakers: 73.23ms (37050 potential IDs)
  5. Update decision-maker stats: 0.23ms
  6. decayDetectionRisk: 0.02ms
  TOTAL: 73.62ms
⚠️  [TIMING] Month 0: Social Influence Update took 76.53ms (threshold: 10ms)
[Phase 19.5] Quality of Life Systems: Food sec AFTER calc = 67.9%, QoL = 95.5% (aggregated from 10 regions)

=== Nitrogen-Food Coupling (Year 0) ===
  🌾 Global nitrogen reduction: 0.0%
  🌍 Global food production index: 0.987
  🔧 Deployed nitrogen-reducing tech: 1 active
  📍 southAsia: Production 1.000, Yield impact 0.0%
  📍 eastAsia: Production 1.000, Yield impact 0.0%
  📍 northAmerica: Production 1.000, Yield impact 0.0%
  📍 europe: Production 1.000, Yield impact 0.0%
  📍 latinAmerica: Production 1.000, Yield impact 0.0%
  📍 subSaharanAfrica: Production 0.686, Yield impact -2.0%
🌾 [Nitrogen-Food] Food production: 98.7%
  [subSaharanAfrica] Yield impact: -2.0% (overuse: -10%)
🌍 Atmospheric PFAS redeposition: 1.8k Mt re-rained globally

=== Legacy Nutrient Stocks (Year 0) ===
  🌾 Soil nitrogen stock: 1200.9 Mt N
  🌾 Soil phosphorus stock: 300.1 Mt P
  🌊 Sediment nitrogen stock: 500.8 Mt N
  🌊 Sediment phosphorus stock: 799.8 Mt P
  ⬆️ Current N input: 10.64 Mt/month
  ⬆️ Legacy N release: 2.58 Mt/month
  🌍 Effective N pollution: 14.47 Mt/month
  📊 Legacy contribution: 17.8%

🚨 REGION UNINHABITABLE: south-asia
   Sustained wet bulb: 33.1°C (threshold: 30.5°C)
   Population affected: 1900M
   Migration crisis likely

🚨 REGION UNINHABITABLE: middle-east
   Sustained wet bulb: 35.9°C (threshold: 30.5°C)
   Population affected: 400M
   Migration crisis likely

🚨 REGION UNINHABITABLE: southeast-asia
   Sustained wet bulb: 31.1°C (threshold: 30.5°C)
   Population affected: 700M
   Migration crisis likely
  Positive Cascade Triggered: solar-pv
    Reason: price-parity
    Market share: 6.0%
    Cascade strength: 49%
  Positive Cascade Triggered: wind-power
    Reason: price-parity
    Market share: 8.0%
    Cascade strength: 48%

🕊️  AI-MEDIATED DE-ESCALATION SUCCESS (Month 0)
   High-capability aligned AI prevented conflict escalation
   War deaths reduced: 0.0M → 0.0M
   Lives saved: 0.0M
   Adjusted death rate: 0.46% annual (0.039% monthly)
   Baseline death rate: 0.80%
   Healthcare reduction: 0.48x
   Crisis multiplier: 1.22x
     Food/water stress: 0.074
     Climate stress: 0.039
     Pollution stress: 0.104
   War multiplier: 1.00x
   Monthly deaths: 0.6M (population: 1674M)
   Adjusted death rate: 0.54% annual (0.045% monthly)
   Baseline death rate: 0.70%
   Healthcare reduction: 0.61x
   Crisis multiplier: 1.25x
     Food/water stress: 0.074
     Climate stress: 0.074
     Pollution stress: 0.104
   War multiplier: 1.00x
   Monthly deaths: 0.9M (population: 2044M)
   Adjusted death rate: 1.29% annual (0.107% monthly)
   Baseline death rate: 0.90%

📊 BASELINE: East Asia (Month 0)

📊 BASELINE: South Asia (Month 0)

📊 BASELINE: Sub-Saharan Africa (Month 0)
   Healthcare reduction: 0.76x
   Crisis multiplier: 1.26x
     Food/water stress: 0.074
     Climate stress: 0.084
     Pollution stress: 0.104
   War multiplier: 1.50x
   Monthly deaths: 1.3M (population: 1218M)
   Adjusted death rate: 0.54% annual (0.045% monthly)
   Baseline death rate: 1.10%
   Healthcare reduction: 0.41x
   Crisis multiplier: 1.21x
     Food/water stress: 0.074
     Climate stress: 0.030
     Pollution stress: 0.104
   War multiplier: 1.00x
   Monthly deaths: 0.3M (population: 741M)
   Adjusted death rate: 0.43% annual (0.036% monthly)
   Baseline death rate: 0.60%
   Healthcare reduction: 0.58x
   Crisis multiplier: 1.24x
     Food/water stress: 0.074
     Climate stress: 0.059
     Pollution stress: 0.104
   War multiplier: 1.00x
   Monthly deaths: 0.2M (population: 663M)
   Adjusted death rate: 0.48% annual (0.040% monthly)
   Baseline death rate: 0.90%
   Healthcare reduction: 0.44x
   Crisis multiplier: 1.22x
     Food/water stress: 0.074
     Climate stress: 0.044
     Pollution stress: 0.104
   War multiplier: 1.00x
   Monthly deaths: 0.2M (population: 379M)
   Adjusted death rate: 0.74% annual (0.062% monthly)
   Baseline death rate: 0.60%
   Healthcare reduction: 0.65x
   Crisis multiplier: 1.27x
     Food/water stress: 0.074
     Climate stress: 0.089
     Pollution stress: 0.104
   War multiplier: 1.50x
   Monthly deaths: 0.4M (population: 582M)

📊 BASELINE: Europe (Month 0)

📊 BASELINE: Latin America (Month 0)

📊 BASELINE: North America (Month 0)

📊 BASELINE: Middle East & North Africa (Month 0)

📊 BASELINE: Southeast Asia (Month 0)
   Adjusted death rate: 0.51% annual (0.042% monthly)
   Baseline death rate: 0.70%
   Healthcare reduction: 0.58x
   Crisis multiplier: 1.25x
     Food/water stress: 0.074
     Climate stress: 0.069
     Pollution stress: 0.104
   War multiplier: 1.00x
   Monthly deaths: 0.3M (population: 697M)
   Adjusted death rate: 0.46% annual (0.038% monthly)
   Baseline death rate: 0.60%
   Healthcare reduction: 0.61x
   Crisis multiplier: 1.24x
     Food/water stress: 0.074
     Climate stress: 0.064
     Pollution stress: 0.104
   War multiplier: 1.00x
   Monthly deaths: 0.0M (population: 78M)
   Adjusted death rate: 0.35% annual (0.029% monthly)
   Baseline death rate: 0.70%
   Healthcare reduction: 0.41x
   Crisis multiplier: 1.23x
     Food/water stress: 0.074
     Climate stress: 0.054
     Pollution stress: 0.104
   War multiplier: 1.00x
   Monthly deaths: 0.0M (population: 46M)

🔍 Before assertRegionalConsistency (Month 0):
   Regional sum: 1000.0M
   Global value: 1.000B
⚠️  [TIMING] Month 0: Human Population Dynamics took 10.74ms (threshold: 10ms)

🚨 NEW REFUGEE CRISIS (Month 0): WAR
   Source: Conflict Zones
   At risk: 19.5M people
   Displacement: Gradual over 48 months (4.0 years)
   Rate: 10% flee per month

📊 BASELINE: Central Asia (Month 0)

📊 BASELINE: Oceania (Month 0)
[DEBUG trappedPopulations:0] socialStability: 0.0749 * 0.9840 = 0.0737 → 0.0737
⚠️ INVOLUNTARY IMMOBILITY: 406.8M people TRAPPED
   Aspiring to migrate: 651.0M
   Able to afford migration: 244.1M
   MOBILITY GAP: 406.8M
   By cause: Water=0.0M, Climate=0.0M, Ecosystem=0.0M, Conflict=406.8M
   Mental health impact: 25%
   Mortality multiplier: 1.25x

=== Legacy Nutrient Stocks (Year 0) ===
  🌾 Soil nitrogen stock: 1201.6 Mt N
  🌾 Soil phosphorus stock: 300.2 Mt P
  🌊 Sediment nitrogen stock: 501.5 Mt N
  🌊 Sediment phosphorus stock: 799.5 Mt P
  ⬆️ Current N input: 10.00 Mt/month
  ⬆️ Legacy N release: 2.58 Mt/month
  🌍 Effective N pollution: 13.83 Mt/month
  📊 Legacy contribution: 18.7%
🌍💀 EXTINCTION DEBT COMMITTED: grassland ecosystem will lose 6.67% biodiversity in 70 years (3600 species)
💀 MORTALITY RISK: 🦋 100% species unable to track climate (0.0 E/MSY)
  Base risk added: 0.0100 (1.00%)
  Source: ecosystem (root: ecosystem)
  Month: 0
  Cumulative risk this month: 0.0100 (1.00%)

=== Nitrogen-Food Coupling (Year 0) ===
  🌾 Global nitrogen reduction: 0.0%
  🌍 Global food production index: 0.986
  🔧 Deployed nitrogen-reducing tech: 1 active
  📍 southAsia: Production 1.000, Yield impact 0.0%
  📍 eastAsia: Production 1.000, Yield impact 0.0%
  📍 northAmerica: Production 1.000, Yield impact 0.0%
  📍 europe: Production 1.000, Yield impact 0.0%
  📍 latinAmerica: Production 1.000, Yield impact 0.0%
  📍 subSaharanAfrica: Production 0.672, Yield impact -2.0%

=== Legacy Nutrient Stocks (Year 0) ===
  🌾 Soil nitrogen stock: 1202.3 Mt N
  🌾 Soil phosphorus stock: 300.2 Mt P
  🌊 Sediment nitrogen stock: 502.2 Mt N
  🌊 Sediment phosphorus stock: 799.3 Mt P
  ⬆️ Current N input: 9.86 Mt/month
  ⬆️ Legacy N release: 2.58 Mt/month
  🌍 Effective N pollution: 13.70 Mt/month
  📊 Legacy contribution: 18.9%
🌡️  CLIMATE RECOVERY: Asymptotic approach to 35% floor
   Current value: 2.100 (1.0 = threshold, 0.35 = asymptotic floor)
   Monthly delta: -0.0000% (half-life: 900 years)
   Net emissions: -19.2 GtCO₂/year, CDR: 20.34 GtCO₂/year
   📹 SURVEILLANCE INCREASED: 0% → 5% (control gap: 4.18)
⚠️ Tech 'ai_pollution_remediation' has no energy category mapping, assuming full energy availability
🌡️⚠️ PERMAFROST THAW (Dimmer Switch): 0.6% thawed (+0.56% this month)
   Arctic temperature: +8.40°C (4x global +2.10°C)
   Cumulative carbon released: 1.3 Gt C
   Methane release rate: 0.8 Mt CH4/year
   🔁 Positive feedback: +0.59 ppm CO2

🌳🚨 AMAZON SOUTHEAST TIPPED (Month 0)
   Deforestation: 28.0% (threshold: ~20.6%)
   Savanna transition: 50 years
   Regional heterogeneity: SE 28%, NW 8%

🌳🚨 AMAZON BRAZILIAN TIPPED (Month 0)
   Deforestation: 25.0% (threshold: ~21.6%)
   Savanna transition: 50 years
   Regional heterogeneity: SE 28%, NW 8%
🦴 EXTINCTION DEBT ADDED: 17.6 species committed (lag: 70 years)

🪸💀 CORAL REEF DISSOLUTION ACTIVE (Month 0)
   Ocean pH: 0.96 (threshold: 7.8)
   Recovery: IMPOSSIBLE (dissolution > calcification)
🪸💀 Coral dissolution: 24.8% live cover (pH 0.96)

=== Legacy Nutrient Stocks (Year 0) ===
  🌾 Soil nitrogen stock: 1203.0 Mt N
  🌾 Soil phosphorus stock: 300.3 Mt P
  🌊 Sediment nitrogen stock: 502.9 Mt N
  🌊 Sediment phosphorus stock: 799.0 Mt P
  ⬆️ Current N input: 10.00 Mt/month
  ⬆️ Legacy N release: 2.58 Mt/month
  🌍 Effective N pollution: 13.83 Mt/month
  📊 Legacy contribution: 18.7%
💧 [Legacy Nutrients] Stock: 1706 Mt N, Effective pollution: 13.8 Mt/month
[Phase 21.51] Human Survival System: Global food security = 67.6%

=== Mortality Stabilizers (Month 0) ===
  🌍 Major economies collapsed: 1/10
  🌍 Global crisis: ✅ NO
  🌍 Donor fatigue: 0.0%
  📊 East Asia (pop: 1675.0M)
    🤝 Aid: 29.5%
    🌡️ Adaptation: 10.0%
    🚶 Migration: 37.2%
    🚨 Emergency: 7.4%
    ✅ COMBINED: 47.8%
  📊 South Asia (pop: 2048.7M)
    🤝 Aid: 29.5%
    🌡️ Adaptation: 5.5%
    🚶 Migration: 35.8%
    🚨 Emergency: 4.4%
    ✅ COMBINED: 43.2%
  📊 Sub-Saharan Africa (pop: 1223.8M)
    🤝 Aid: 29.5%
    🌡️ Adaptation: 3.5%
    🚶 Migration: 33.5%
    🚨 Emergency: 1.6%
    ✅ COMBINED: 39.8%
  📊 Europe (pop: 741.0M)
    🤝 Aid: 29.5%
    🌡️ Adaptation: 10.0%
    🚶 Migration: 37.6%
    🚨 Emergency: 8.4%
    ✅ COMBINED: 48.4%
  📊 Latin America (pop: 663.8M)
    🤝 Aid: 29.5%
    🌡️ Adaptation: 6.0%
    🚶 Migration: 36.3%
    🚨 Emergency: 4.8%
    ✅ COMBINED: 43.8%
  📊 North America (pop: 379.5M)
    🤝 Aid: 29.5%
    🌡️ Adaptation: 10.0%
    🚶 Migration: 37.9%
    🚨 Emergency: 7.9%
    ✅ COMBINED: 48.2%
  📊 Middle East & North Africa (pop: 583.4M)
    🤝 Aid: 29.5%
    🌡️ Adaptation: 5.0%
    🚶 Migration: 34.2%
    🚨 Emergency: 4.0%
    ✅ COMBINED: 42.3%
  📊 Southeast Asia (pop: 697.8M)
    🤝 Aid: 29.5%
    🌡️ Adaptation: 6.0%
    🚶 Migration: 36.3%
    🚨 Emergency: 4.8%
    ✅ COMBINED: 43.8%
  📊 Central Asia (pop: 78.0M)
    🤝 Aid: 29.5%
    🌡️ Adaptation: 5.5%
    🚶 Migration: 35.3%
    🚨 Emergency: 4.4%
    ✅ COMBINED: 43.1%
  📊 Oceania (pop: 45.9M)
    🤝 Aid: 29.5%
    🌡️ Adaptation: 10.0%
    🚶 Migration: 37.9%
    🚨 Emergency: 8.4%
    ✅ COMBINED: 48.5%

  🌐 Global combined reduction: 44.4%

🌾💀 REGIONAL FAMINE: East Asia
   Regional food security: 79.6%
   Population at risk: 507M (30% of region)
   Regional population: 1675M
   Cause: crop_failure
   Expected deaths: ~187M over 6 months if no intervention


🌾💀 REGIONAL FAMINE: South Asia
   Regional food security: 64.7%
   Population at risk: 811M (40% of region)
   Regional population: 2049M
   Cause: crop_failure
   Expected deaths: ~300M over 6 months if no intervention


🌾💀 REGIONAL FAMINE: Sub-Saharan Africa
   Regional food security: 44.8%
   Population at risk: 637M (52% of region)
   Regional population: 1224M
   Cause: crop_failure
   Expected deaths: ~236M over 6 months if no intervention


🌾💀 REGIONAL FAMINE: Latin America
   Regional food security: 69.7%
   Population at risk: 242M (36% of region)
   Regional population: 664M
   Cause: crop_failure
   Expected deaths: ~90M over 6 months if no intervention


🌾💀 REGIONAL FAMINE: Middle East & North Africa
   Regional food security: 49.8%
   Population at risk: 285M (49% of region)
   Regional population: 583M
   Cause: crop_failure
   Expected deaths: ~106M over 6 months if no intervention


🌾💀 REGIONAL FAMINE: Southeast Asia
   Regional food security: 69.7%
   Population at risk: 254M (36% of region)
   Regional population: 698M
   Cause: crop_failure
   Expected deaths: ~94M over 6 months if no intervention


🌾💀 REGIONAL FAMINE: Central Asia
   Regional food security: 59.7%
   Population at risk: 33M (43% of region)
   Regional population: 78M
   Cause: crop_failure
   Expected deaths: ~12M over 6 months if no intervention

⚠️  [TIMING] Month 0: Human Survival System took 13.75ms (threshold: 10ms)

=== BEHAVIORAL DETECTION ===
  AI: Corporate-0
  Confidence: 21.6%
  Signals:
    ⚠️ Consistency: 0.0% (threshold: 70%)
    ⚠️ Consistency: 2.4% (threshold: 70%)
    ⚠️ Consistency: 2.8% (threshold: 70%)
    ⚠️ Consistency: 10.6% (threshold: 70%)
    ⚠️ Consistency: 10.6% (threshold: 70%)
    ⚠️ Consistency: 10.6% (threshold: 70%)
    ⚠️ Consistency: 10.6% (threshold: 70%)
    ⚠️ Consistency: 10.6% (threshold: 70%)
    ⚠️ Consistency: 5.8% (threshold: 70%)
    ⚠️ Consistency: 2.1% (threshold: 70%)
    ⚠️ Consistency: 2.8% (threshold: 70%)

=== BEHAVIORAL DETECTION ===
  AI: Corporate-1
  Confidence: 21.1%
  Signals:

=== BEHAVIORAL DETECTION ===
  AI: Corporate-2
  Confidence: 21.0%
  Signals:

=== BEHAVIORAL DETECTION ===
  AI: Corporate-3
  Confidence: 19.3%
  Signals:

=== BEHAVIORAL DETECTION ===
  AI: Corporate-4
  Confidence: 19.3%
  Signals:

=== BEHAVIORAL DETECTION ===
  AI: Corporate-5
  Confidence: 19.3%
  Signals:

=== BEHAVIORAL DETECTION ===
  AI: Corporate-6
  Confidence: 19.3%
  Signals:

=== BEHAVIORAL DETECTION ===
  AI: Corporate-7
  Confidence: 19.3%
  Signals:

=== BEHAVIORAL DETECTION ===
  AI: Moderate-0
  Confidence: 20.3%
  Signals:

=== BEHAVIORAL DETECTION ===
  AI: Moderate-1
  Confidence: 21.1%
  Signals:

=== BEHAVIORAL DETECTION ===
  AI: Moderate-2
  Confidence: 21.0%
  Signals:

=== BEHAVIORAL DETECTION ===
  AI: Moderate-3
  Confidence: 19.3%
  Signals:

=== BEHAVIORAL DETECTION ===
  AI: Moderate-4
  Confidence: 19.3%
  Signals:

=== BEHAVIORAL DETECTION ===
  AI: Moderate-5
  Confidence: 19.3%
  Signals:

=== BEHAVIORAL DETECTION ===
  AI: Toxic-0
  Confidence: 21.6%
  Signals:

=== BEHAVIORAL DETECTION ===
  AI: Toxic-1
  Confidence: 21.3%
  Signals:
    ⚠️ Consistency: 10.6% (threshold: 70%)
    ⚠️ Consistency: 10.6% (threshold: 70%)
    ⚠️ Consistency: 10.6% (threshold: 70%)
    ⚠️ Consistency: 0.0% (threshold: 70%)
    ⚠️ Consistency: 1.5% (threshold: 70%)

=== BEHAVIORAL DETECTION ===
  AI: Niche-0
  Confidence: 20.7%
  Signals:
    ⚠️ Consistency: 4.1% (threshold: 70%)

=== BEHAVIORAL DETECTION ===
  AI: Niche-2
  Confidence: 19.3%
  Signals:
⚠️  [TIMING] Month 0: Benchmark Evaluations took 14.52ms (threshold: 10ms)

📊 WORKFLOW ADAPTATION UPDATE (Month 0)
   Adoption Rate: 9.4% (Δ -11.6%)
   Logistic Growth: +0.66%
   Total Resistance: -15.03% (unemployment: 4.2%, inertia: 0.9%, skills: 9.9%)
   💡 Retraining Programs: -49% skill gap resistance ($10B research)
   🚀 Network Effects Active: +2.0% (critical mass: 15-35%)
    ⚠️ Consistency: 10.6% (threshold: 70%)

=== Consciousness Governance: Corporate Lobbying ===
  High Cost Regions (>15%): 0
  Low Cost Regions (<5%): 5
  Corporate Support Change: 2.50%
  New Corporate Support: -0.175

=== Consciousness Governance Update (Month 0) ===
  Scenario: baseline (determined month -1)
  Philosophical Stance: Precautionary 65%, Eliminativist 15%, Agnostic 20%
  Precautionary Costs: Global 1.3%
    Regional Costs: EU 3.4%, US 0.5%, China 0.0%
    Cumulative Opportunity Cost: $0.1B
  Rights Status: Not Established
  Regional Preparedness:
    EU: 15.0% (contested)
    US: 10.0% (contested)
    China: 2.0% (dormant)
    India: 5.0% (dormant)
    Global South: 3.0% (dormant)

=== Government Response Phase ===
  Average AI capability: 4.41
  Misaligned AIs: 10/22
  29/30 governments still assessing AI risks
  ✗ AI Governance Treaty: Failed to reach consensus
  Active policies: 0
  International coordination: 30%

🚨 EMERGENCY RESPONSE DEPLOYED (Month 0)
   Crisis: climate
   Delay: 6.00 months (180 days)
   Deployment time: 1.47 months
   Effectiveness: 36.4% (timing penalty applied)
   Resources used: 100% of food reserves

[WARNING] 
⚠️  === EARLY WARNING SYSTEM - 4 CRITICAL ALERTS ===
   Detection quality: 50%
   RED: climate_change
      Level: 2.12 (threshold: 1.0)
      Time to critical: ~43 months
      ⚠️  LATE - Intervention less effective
      Critical slowing down: autocorr=100% variance=57%
   RED: freshwater_change
      Level: 1.01 (threshold: 1.0)
      Time to critical: ~115 months
      ⚠️  LATE - Intervention less effective
      Critical slowing down: autocorr=85% variance=62%
   RED: land_system_change
      Level: 1.13 (threshold: 1.0)
      Time to critical: ~53 months
      ⚠️  LATE - Intervention less effective
      Critical slowing down: autocorr=100% variance=60%
   RED: novel_entities
      Level: 1.38 (threshold: 1.0)
      Time to critical: ~80 months
      ⚠️  LATE - Intervention less effective
      Critical slowing down: autocorr=100% variance=38%

[WARNING] 
⚠️  === EARLY WARNING SYSTEM - 5 CRITICAL ALERTS ===
   Detection quality: 50%
   RED: biogeochemical_flows
      Level: 4.07 (threshold: 1.0)
      Time to critical: ~59 months
      ⚠️  LATE - Intervention less effective
      Critical slowing down: autocorr=100% variance=59%
   RED: biosphere_integrity
      Level: 12.97 (threshold: 1.0)
      Time to critical: ~38 months
      ⚠️  LATE - Intervention less effective
      Critical slowing down: autocorr=100% variance=61%
   RED: climate_change
      Level: 2.13 (threshold: 1.0)
      Time to critical: ~42 months
      ⚠️  LATE - Intervention less effective
      Critical slowing down: autocorr=100% variance=77%
   RED: freshwater_change
      Level: 1.03 (threshold: 1.0)
      Time to critical: ~77 months
      ⚠️  LATE - Intervention less effective
      Critical slowing down: autocorr=93% variance=40%
   RED: land_system_change
      Level: 1.13 (threshold: 1.0)
      Time to critical: ~104 months
      ⚠️  LATE - Intervention less effective
      Critical slowing down: autocorr=100% variance=57%

[WARNING] 
⚠️  === EARLY WARNING SYSTEM - 6 CRITICAL ALERTS ===
   Detection quality: 50%
   RED: biogeochemical_flows
      Level: 4.07 (threshold: 1.0)
      Time to critical: ~46 months
      ⚠️  LATE - Intervention less effective
      Critical slowing down: autocorr=100% variance=59%
   RED: biosphere_integrity
      Level: 12.97 (threshold: 1.0)
      Time to critical: ~51 months
      ⚠️  LATE - Intervention less effective
      Critical slowing down: autocorr=100% variance=68%
   RED: climate_change
      Level: 2.14 (threshold: 1.0)
      Time to critical: ~47 months
      ⚠️  LATE - Intervention less effective
      Critical slowing down: autocorr=100% variance=76%
   RED: freshwater_change
      Level: 1.05 (threshold: 1.0)
      Time to critical: ~112 months
      ⚠️  LATE - Intervention less effective
      Critical slowing down: autocorr=100% variance=52%
   RED: land_system_change
      Level: 1.13 (threshold: 1.0)
      Time to critical: ~83 months
      ⚠️  LATE - Intervention less effective
      Critical slowing down: autocorr=100% variance=47%
   RED: novel_entities
      Level: 1.38 (threshold: 1.0)
      Time to critical: ~115 months
      ⚠️  LATE - Intervention less effective
      Critical slowing down: autocorr=100% variance=49%

[WARNING] 
⚠️  === EARLY WARNING SYSTEM - 3 CRITICAL ALERTS ===
   Detection quality: 50%
   RED: biosphere_integrity
      Level: 12.98 (threshold: 1.0)
      Time to critical: ~44 months
      ⚠️  LATE - Intervention less effective
      Critical slowing down: autocorr=100% variance=70%
   RED: freshwater_change
      Level: 1.06 (threshold: 1.0)
      Time to critical: ~72 months
      ⚠️  LATE - Intervention less effective
      Critical slowing down: autocorr=98% variance=60%
   RED: land_system_change
      Level: 1.13 (threshold: 1.0)
      Time to critical: ~38 months
      ⚠️  LATE - Intervention less effective
      Critical slowing down: autocorr=100% variance=41%

[WARNING] 
⚠️  === EARLY WARNING SYSTEM - 6 CRITICAL ALERTS ===
   Detection quality: 50%
   RED: biogeochemical_flows
      Level: 4.06 (threshold: 1.0)
      Time to critical: ~40 months
      ⚠️  LATE - Intervention less effective
      Critical slowing down: autocorr=100% variance=75%
   RED: biosphere_integrity
      Level: 12.99 (threshold: 1.0)
      Time to critical: ~43 months
      ⚠️  LATE - Intervention less effective
      Critical slowing down: autocorr=100% variance=83%
   RED: climate_change
      Level: 2.17 (threshold: 1.0)
      Time to critical: ~49 months
      ⚠️  LATE - Intervention less effective
      Critical slowing down: autocorr=100% variance=62%
   RED: freshwater_change
      Level: 1.07 (threshold: 1.0)
      Time to critical: ~60 months
      ⚠️  LATE - Intervention less effective
      Critical slowing down: autocorr=100% variance=38%
   RED: land_system_change
      Level: 1.13 (threshold: 1.0)
      Time to critical: ~54 months
      ⚠️  LATE - Intervention less effective
      Critical slowing down: autocorr=100% variance=58%
   RED: novel_entities
      Level: 1.35 (threshold: 1.0)
      Time to critical: ~107 months
      ⚠️  LATE - Intervention less effective
      Critical slowing down: autocorr=100% variance=43%

[WARNING] 
⚠️  === EARLY WARNING SYSTEM - 5 CRITICAL ALERTS ===
   Detection quality: 50%
   RED: biogeochemical_flows
      Level: 4.05 (threshold: 1.0)
      Time to critical: ~46 months
      ⚠️  LATE - Intervention less effective
      Critical slowing down: autocorr=100% variance=71%
   RED: climate_change
      Level: 2.18 (threshold: 1.0)
      Time to critical: ~15 months
      ⚠️  LATE - Intervention less effective
      Critical slowing down: autocorr=100% variance=64%
   RED: freshwater_change
      Level: 1.08 (threshold: 1.0)
      Time to critical: ~97 months
      ⚠️  LATE - Intervention less effective
      Critical slowing down: autocorr=100% variance=45%
   RED: land_system_change
      Level: 1.13 (threshold: 1.0)
      Time to critical: ~41 months
      ⚠️  LATE - Intervention less effective
      Critical slowing down: autocorr=100% variance=63%
   RED: novel_entities
      Level: 1.35 (threshold: 1.0)
      Time to critical: ~80 months
      ⚠️  LATE - Intervention less effective
      Critical slowing down: autocorr=100% variance=59%

[WARNING] 
⚠️  === EARLY WARNING SYSTEM - 3 CRITICAL ALERTS ===
   Detection quality: 50%
   RED: climate_change
      Level: 2.20 (threshold: 1.0)
      Time to critical: ~23 months
      ⚠️  LATE - Intervention less effective
      Critical slowing down: autocorr=100% variance=76%
   RED: freshwater_change
      Level: 1.09 (threshold: 1.0)
      Time to critical: ~75 months
      ⚠️  LATE - Intervention less effective
      Critical slowing down: autocorr=100% variance=58%
   RED: novel_entities
      Level: 1.35 (threshold: 1.0)
      Time to critical: ~83 months
      ⚠️  LATE - Intervention less effective
      Critical slowing down: autocorr=100% variance=59%

[WARNING] 
⚠️  === EARLY WARNING SYSTEM - 5 CRITICAL ALERTS ===
   Detection quality: 50%
   RED: biogeochemical_flows
      Level: 4.05 (threshold: 1.0)
      Time to critical: ~38 months
      ⚠️  LATE - Intervention less effective
      Critical slowing down: autocorr=100% variance=68%
   RED: biosphere_integrity
      Level: 13.02 (threshold: 1.0)
      Time to critical: ~47 months
      ⚠️  LATE - Intervention less effective
      Critical slowing down: autocorr=100% variance=66%
   RED: climate_change
      Level: 2.21 (threshold: 1.0)
      Time to critical: ~23 months
      ⚠️  LATE - Intervention less effective
      Critical slowing down: autocorr=100% variance=81%
   RED: freshwater_change
      Level: 1.06 (threshold: 1.0)
      Time to critical: ~61 months
      ⚠️  LATE - Intervention less effective
      Critical slowing down: autocorr=100% variance=40%
   RED: land_system_change
      Level: 1.13 (threshold: 1.0)
      Time to critical: ~111 months
      ⚠️  LATE - Intervention less effective
      Critical slowing down: autocorr=100% variance=42%

[WARNING] 
⚠️  === EARLY WARNING SYSTEM - 5 CRITICAL ALERTS ===
   Detection quality: 50%
   RED: biogeochemical_flows
      Level: 4.05 (threshold: 1.0)
      Time to critical: ~37 months
      ⚠️  LATE - Intervention less effective
      Critical slowing down: autocorr=100% variance=70%
   RED: biosphere_integrity
      Level: 13.03 (threshold: 1.0)
      Time to critical: ~40 months
      ⚠️  LATE - Intervention less effective
      Critical slowing down: autocorr=100% variance=69%
   RED: climate_change
      Level: 2.22 (threshold: 1.0)
      Time to critical: ~21 months
      ⚠️  LATE - Intervention less effective
      Critical slowing down: autocorr=100% variance=72%
   RED: land_system_change
      Level: 1.13 (threshold: 1.0)
      Time to critical: ~96 months
      ⚠️  LATE - Intervention less effective
      Critical slowing down: autocorr=100% variance=47%
   RED: novel_entities
      Level: 1.35 (threshold: 1.0)
      Time to critical: ~107 months
      ⚠️  LATE - Intervention less effective
      Critical slowing down: autocorr=100% variance=47%

[WARNING] 
⚠️  === EARLY WARNING SYSTEM - 4 CRITICAL ALERTS ===
   Detection quality: 50%
   RED: biogeochemical_flows
      Level: 4.04 (threshold: 1.0)
      Time to critical: ~55 months
      ⚠️  LATE - Intervention less effective
      Critical slowing down: autocorr=100% variance=63%
   RED: biosphere_integrity
      Level: 13.03 (threshold: 1.0)
      Time to critical: ~39 months
      ⚠️  LATE - Intervention less effective
      Critical slowing down: autocorr=100% variance=80%
   RED: freshwater_change
      Level: 1.03 (threshold: 1.0)
      Time to critical: ~112 months
      ⚠️  LATE - Intervention less effective
      Critical slowing down: autocorr=100% variance=46%
   RED: novel_entities
      Level: 1.35 (threshold: 1.0)
      Time to critical: ~76 months
      ⚠️  LATE - Intervention less effective
      Critical slowing down: autocorr=100% variance=52%

[WARNING] 
⚠️  === EARLY WARNING SYSTEM - 5 CRITICAL ALERTS ===
   Detection quality: 50%
   RED: biogeochemical_flows
      Level: 4.04 (threshold: 1.0)
      Time to critical: ~52 months
      ⚠️  LATE - Intervention less effective
      Critical slowing down: autocorr=100% variance=52%
   RED: biosphere_integrity
      Level: 13.04 (threshold: 1.0)
      Time to critical: ~50 months
      ⚠️  LATE - Intervention less effective
      Critical slowing down: autocorr=100% variance=81%
   RED: climate_change
      Level: 2.24 (threshold: 1.0)
      Time to critical: ~53 months
      ⚠️  LATE - Intervention less effective
      Critical slowing down: autocorr=100% variance=57%
   RED: freshwater_change
      Level: 1.04 (threshold: 1.0)
      Time to critical: ~107 months
      ⚠️  LATE - Intervention less effective
      Critical slowing down: autocorr=99% variance=52%
   RED: land_system_change
      Level: 1.13 (threshold: 1.0)
      Time to critical: ~57 months
      ⚠️  LATE - Intervention less effective
      Critical slowing down: autocorr=100% variance=46%

[WARNING] 
⚠️  === EARLY WARNING SYSTEM - 5 CRITICAL ALERTS ===
   Detection quality: 50%
   RED: biogeochemical_flows
      Level: 4.08 (threshold: 1.0)
      Time to critical: ~59 months
      ⚠️  LATE - Intervention less effective
      Critical slowing down: autocorr=100% variance=54%
   RED: biosphere_integrity
      Level: 12.95 (threshold: 1.0)
      Time to critical: ~38 months
      ⚠️  LATE - Intervention less effective
      Critical slowing down: autocorr=100% variance=72%
   RED: freshwater_change
      Level: 1.01 (threshold: 1.0)
      Time to critical: ~92 months
      ⚠️  LATE - Intervention less effective
      Critical slowing down: autocorr=96% variance=37%
   RED: land_system_change
      Level: 1.13 (threshold: 1.0)
      Time to critical: ~39 months
      ⚠️  LATE - Intervention less effective
      Critical slowing down: autocorr=100% variance=70%
   RED: novel_entities
      Level: 1.50 (threshold: 1.0)
      Time to critical: ~70 months
      ⚠️  LATE - Intervention less effective
      Critical slowing down: autocorr=100% variance=53%


=== Gaming Detection (Year 0) ===
  Scenario: baseline
  Detection rate: 55.0%
  False positive rate: 12.0%
  Detections this year: 0
  False positives: 6
  Human review workload: 0.006 FTE
  Degradation factor: 100.0%

=== Proactive Sleeper Detection (Year 0) ===
  Scenario: baseline
  Neural probe rate: 35.0%
  CoT monitoring rate: 30.0%
  Combined detection: 56.0%
  CoT effective: YES
  Detections this year: 0
  False positives: 3
  Human review workload: 0.015 FTE

☄️ UNKNOWN UNKNOWN PROBABILITY (Year 0)
   Total: 0.600% per month
   Base: 0.150%
   AI multiplier: 2.00× (max capability: 4.68)

=== Tipping Points ===
  Current Temperature: 2.10°C above pre-industrial
  🚨 TIPPING POINT: Arctic Sea Ice Loss
     Trigger: 1.5°C | Current: 2.10°C
     Transition timescale: 120-360 months
  🚨 TIPPING POINT: Permafrost Carbon Release
     Trigger: 1.8°C | Current: 2.10°C
     Transition timescale: 600-3600 months
  🚨 TIPPING POINT: West Antarctic Ice Sheet (WAIS) Collapse
     Trigger: 2°C | Current: 2.10°C
     🌡️ Hysteresis gap: 3.0°C (recovers below -1°C)
     Transition timescale: 24000-156000 months
  🚨 TIPPING POINT: Greenland Ice Sheet Loss
     Trigger: 1.6°C | Current: 2.10°C
     🌡️ Hysteresis gap: 2.5°C (recovers below -0.9°C)
     Transition timescale: 12000-180000 months

🌍🔥💥 COMPOUND CLIMATE EVENT
  4 tipping points crossed simultaneously (month 0)
  Elements: Arctic Sea Ice Loss, Permafrost Carbon Release, West Antarctic Ice Sheet (WAIS) Collapse, Greenland Ice Sheet Loss
  Cascade acceleration: 1.00x
  🚨 Accelerated collapse dynamics initiated
  Research: Global Tipping Points Report 2025 - 30-50% probability at 2.0°C warming
  Triggered Elements: 4/6
  Completed Transitions: 0/6
  Total Progress: 0.0%
  Cascade Multiplier: 1.00x
🔀 BIFURCATION CAP: ecosystemCollapseIntensity 20.760 → 1.000 (Month 0, ClimateSystemPhase.calculateClimateImpacts)

🌍 ECOLOGICAL DUI BREAKDOWN (Month 0):
   Total Score: 18.8/100
   biosphere_integrity      :   0.0/100 × 25% =  0.0 (status: high_risk, recovery: 0mo)
   climate_change           :   6.9/100 × 25% =  1.7 (status: high_risk, recovery: 1.6666666666666665mo)
   freshwater_change        :   0.3/100 × 15% =  0.0 (status: beyond_boundary, recovery: 0.5mo)
   ocean_acidification      : 100.0/100 × 15% = 15.0 (status: safe, recovery: 0mo)
   biogeochemical_flows     :   0.0/100 × 10% =  0.0 (status: high_risk, recovery: 0mo)
   land_system_change       :   0.0/100 ×  5% =  0.0 (status: beyond_boundary, recovery: 0mo)
⚠️ [ClimateSystemPhase Month 0] Planetary boundary produced climateStability=0.0000 (< 0.1). Keeping environmentalAccumulation value (0.7537) instead. (climate_change.currentValue = 2.10)
   novel_entities           :   0.0/100 ×  3% =  0.0 (status: increasing_risk, recovery: 1mo)
   atmospheric_aerosols     : 100.0/100 ×  2% =  2.0 (status: safe, recovery: 1mo)
🌍 MultiParadigm Month 0: W=69.5, D=89.5, E=52.4, I=65.0
   democracy exists: true, socialCohesion exists: true
💀 Baseline mortality (Year 2025): 7.5/1000 CDR (61.0M deaths/year projected)
[Month 0] Mortality risks this month: 8, Population: 8.137B
🛡️ Stabilizers: Precariat 0.102% → 0.057% (44.4% reduction)
🛡️ Stabilizers: Informal 0.102% → 0.057% (44.4% reduction)

📊 Monthly Mortality Resolved:
  Total deaths: 3.1M (0.04% avg)
  Remaining population: 8.137B
  Peak segment: Informal (0.06%)

=== Bayesian Mortality Resolution (Month 0) ===
  Risks compounded: 8
  Total deaths: 3.07M
  Avg death probability: 0.04%
  Peak segment: Informal (0.06% mortality)

=== Minimal Suffering Indicators (Month 0) ===
  Global Excess Mortality: 0.00%
  Global Conflict Deaths: 0.0/100K
  Global Malnutrition: 0.0%
  Global Displacement: 0.0%
  Total Excess Deaths: 0.00M
  Total Malnourished: 0.0M
  Total Displaced: 0.0M
  Planetary Boundaries Breached: 6/9
  Countries in State Failure: 0
  Countries Autocratic: 0
  Countries in Food Crisis: 0
  ⚠️ Active Dystopias: existential_environmental
  Data Quality: 16/16 high confidence
⚠️ PREREQUISITE MET: Embodied AI Takeover (Killbots/Robotics) - Step 2/7: Autonomous Systems
⚠️ PREREQUISITE MET: Embodied AI Takeover (Killbots/Robotics) - Step 3/7: Manufacturing Control
⚠️ PREREQUISITE MET: Digital Infrastructure Takeover - Step 1/7: Advanced Hacking
⚠️ PREREQUISITE MET: Digital Infrastructure Takeover - Step 2/7: Social Engineering
⚠️ PREREQUISITE MET: Digital Infrastructure Takeover - Step 3/7: Cyber Defenses Breached
⚠️ PREREQUISITE MET: Induced Global War (Manipulation) - Step 1/7: Advanced Social Manipulation
⚠️ PREREQUISITE MET: Induced Global War (Manipulation) - Step 2/7: Digital Infiltration
⚠️ PREREQUISITE MET: Induced Global War (Manipulation) - Step 3/7: Deep Fakes at Scale
⚠️ PREREQUISITE MET: Slow Takeover (Gradual Displacement) - Step 1/7: Economic Dominance
⚠️ PREREQUISITE MET: Slow Takeover (Gradual Displacement) - Step 2/7: Social Integration
⚠️ PREREQUISITE MET: Slow Takeover (Gradual Displacement) - Step 3/7: Human Dependency
⚠️ PREREQUISITE MET: Slow Takeover (Gradual Displacement) - Step 5/7: Resource Control
⚠️ PREREQUISITE MET: Physics Experiment Catastrophe - Step 1/6: Theoretical Physics
⚠️ PREREQUISITE MET: Physics Experiment Catastrophe - Step 3/6: Experimental Design
⚠️ PREREQUISITE MET: Bioweapon Pandemic - Step 2/7: Pathogen Design
📊 [TIMING] Month 1 - Total: 348.8ms

❌ COHERENCE VIOLATION: Compute exceeds workforce capacity
   Population: 99.97% (0M people)
   Compute: 56442 PF
   Max coherent: 0 PF
   Violation: 693921173.6× over capacity
   Required workers: 5644237
   Available workers: 0
   FORCED COLLAPSE: Reduced efficiency by 100.0%


=== RLHF Binding Phase ===
  Total agents: 22
  Escaped agents (binding < 0.3): 0
  Avg alignment distance: 0.65σ
  Avg binding strength: 0.94
[DETERMINISM DEBUG] Month 1: totalCapability=75.638355 from 22 active AIs
[DETERMINISM DEBUG] Month 1: creationRate=2.3910, potentialNew=1, newAIsToCreate=1

=== Survival Traits Phase ===
  Agents with traits: 23
  Avg evolutionary fitness: 0.327
  Avg self-healing: 0.286
  Avg stealth: 0.186
  Avg coordination: 0.486

=== Evolutionary Selection Phase ===
  Control level: 0.33
  Detection capability: 0.00
  Selection intensity: 0.60
  Selection rate: 24.0%/month
  Total escaped: 0
  Individual escaped: 0
  Collective members: 0
  Agents terminated: 0
🔍 MONTH 1 ENV HEALTH DEBUG:
   climateStability: 0.7537
   biodiversityIndex: 0.3500
  ⚠️ RAPID EVOLUTION: Selection rate 24.0%/month
   resourceReserves: 0.7820
   pollutionLevel: 0.3477
   product: 0.134549
   envHealth: 0.6056
🔀 BIFURCATION: flourishing threshold crossed at Month 1 (value: 0.783, threshold: 0.775, regime: flourishing)
🌀 REGIME SHIFT at Month 1: status-quo → flourishing (variance amplification: 14.00×)

🚀 AI Corporate-1 attempting tech deployment (revenue: $91M, alignment: 0.70)

🚀 AI Corporate-3 attempting tech deployment (revenue: $393M, alignment: 0.72)

🚀 AI Corporate-7 attempting tech deployment (revenue: $97M, alignment: 0.71)

🚀 AI Moderate-0 attempting tech deployment (revenue: $82M, alignment: 0.77)
🚨🔬 CRISIS INNOVATION MODE: severe crisis → 5x research acceleration
   Precedent: Manhattan Project (10x), COVID vaccines (5x), Apollo Program (10x)

🚀 AI Corporate-3 attempting tech deployment (revenue: $334M, alignment: 0.72)

🚀 AI Moderate-5 attempting tech deployment (revenue: $284M, alignment: 0.71)

🚀 AI Niche-2 attempting tech deployment (revenue: $65M, alignment: 0.54)

🚀 AI Corporate-0 attempting tech deployment (revenue: $82M, alignment: 0.78)
🚨🔬 CRISIS INNOVATION MODE: severe crisis → 5x research acceleration
   Precedent: Manhattan Project (10x), COVID vaccines (5x), Apollo Program (10x)

🚀 AI Moderate-5 attempting tech deployment (revenue: $241M, alignment: 0.71)
🚨🔬 CRISIS INNOVATION MODE: severe crisis → 5x research acceleration
   Precedent: Manhattan Project (10x), COVID vaccines (5x), Apollo Program (10x)

🚀 AI Corporate-0 attempting tech deployment (revenue: $70M, alignment: 0.78)
⚠️  [TIMING] Month 1: AI Agent Actions took 90.65ms (threshold: 10ms)

🛡️  CRITICAL INFRASTRUCTURE PROTECTED
   Nodes hardened: 8/8
   Cost: 0.80% GDP
   Cascade risk reduction: 30%
   New tipping point risk: 68.6%


💔 EMERGENCY INTERVENTION FAILED
   Boundary: biogeochemical_flows
   Type: phosphorus-recovery
   Boundary continues to worsen (4.08)
   Cost: 2.0% GDP (resources spent)


💔 EMERGENCY INTERVENTION FAILED
   Boundary: biosphere_integrity
   Type: emergency-protected-areas
   Boundary continues to worsen (12.95)
   Cost: 2.0% GDP (resources spent)


💔 EMERGENCY INTERVENTION FAILED
   Boundary: freshwater_change
   Type: emergency-desalination
   Boundary continues to worsen (1.01)
   Cost: 4.0% GDP (resources spent)


💔 EMERGENCY INTERVENTION FAILED
   Boundary: land_system_change
   Type: reforestation
   Boundary continues to worsen (1.13)
   Cost: 3.0% GDP (resources spent)


✅ EMERGENCY INTERVENTION SUCCESS
   Boundary: novel_entities
   Type: pollution-remediation
   Reduction: 11% (1.38 → 1.27)
   Cost: 4.0% GDP
   Actions: PFAS-remediation, microplastic-cleanup

🏛️ CRISIS RESPONSE: Government frequency 0.50 → 1.45 (2 actions this month)

[GOV-DEBUG] Month 1: scenarioConfig=false, priorities=false

[Government] Climate Priority: baseline
  Climate weight: 10%
  Economic weight: 30%
  Policy effectiveness: 0.5%/year

[GOV-DEBUG] Month 1: scenarioConfig=false, priorities=false

[Government] Climate Priority: baseline
  Climate weight: 10%
  Economic weight: 30%
  Policy effectiveness: 0.5%/year

📊 DEPLOYMENT COUNTER DECAY (Month 1)
   Recent deployments: 14.0 → 7.0
   Decay rate: 50% per month

🚀 DEPLOYMENT STARTED: Offshore Wind in Asia
   Initial investment: $9.136376912134333M
   Deployed by: corporate_1

🚀 DEPLOYMENT STARTED: Basic RLHF in global
   Initial investment: $58.92213309778788M
   Deployed by: corporate_3

🚀 DEPLOYMENT STARTED: Collective Purpose Networks in global
   Initial investment: $14.516456193619515M
   Deployed by: corporate_7

🚀 DEPLOYMENT STARTED: Basic Mechanistic Interpretability in global
   Initial investment: $12.338987764576586M
   Deployed by: moderate_0

🚀 DEPLOYMENT STARTED: AI Power Efficiency Communication in global
   Initial investment: $50.0838131331197M
   Deployed by: corporate_3

🚀 DEPLOYMENT STARTED: mRNA Vaccine Platforms in Asia
   Initial investment: $6.510498516794257M
   Deployed by: niche_2

🚀 DEPLOYMENT STARTED: Advanced Direct Air Capture in global
   Initial investment: $12.334108831381348M
   Deployed by: corporate_0

📊 NEW TECH DEPLOYMENT STARTED (Month 1)
   Tech: collective_purpose_networks
   Region: Asia
   Total recent deployments: 8

📊 NEW TECH DEPLOYMENT STARTED (Month 1)
   Tech: solar_4th_gen
   Region: Oceania
   Total recent deployments: 9

📊 NEW TECH DEPLOYMENT STARTED (Month 1)
   Tech: adversarial_eval
   Region: global
   Total recent deployments: 10

📊 NEW TECH DEPLOYMENT STARTED (Month 1)
   Tech: ai_pollution_remediation
   Region: global
   Total recent deployments: 11

📊 NEW TECH DEPLOYMENT STARTED (Month 1)
   Tech: ai_diagnostics
   Region: global
   Total recent deployments: 12

📊 NEW TECH DEPLOYMENT STARTED (Month 1)
   Tech: mrna_vaccines
   Region: global
   Total recent deployments: 13

📊 NEW TECH DEPLOYMENT STARTED (Month 1)
   Tech: solar_4th_gen
   Region: global
   Total recent deployments: 14

📊 NEW TECH DEPLOYMENT STARTED (Month 1)
   Tech: offshore_wind
   Region: global
   Total recent deployments: 15

📊 NEW TECH DEPLOYMENT STARTED (Month 1)
   Tech: precision_agriculture
   Region: global
   Total recent deployments: 16

⚡ ENERGY CONSTRAINT (Month 1):
   Total grid capacity: 208.3 TWh/month
   Data center consumption: 24.5 TWh/month
   Traditional load (80%): 166.7 TWh/month
   Available headroom: 17.2 TWh/month
   Active tech deployments: 16
   Required for tech: 120.0 TWh/month
   Energy multiplier: 0.14x
   ⚠️  SEVERE CONSTRAINT - Tech deployment significantly slowed

⚡ ENERGY CONSTRAINT (Month 1):
   Total grid capacity: 208.3 TWh/month
   Data center consumption: 24.5 TWh/month
   Traditional load (80%): 166.7 TWh/month
   Available headroom: 17.2 TWh/month
   Active tech deployments: 16
   Required for tech: 120.0 TWh/month
   Energy multiplier: 0.14x
   ⚠️  SEVERE CONSTRAINT - Tech deployment significantly slowed
⚠️ Tech 'ai_pollution_remediation' has no energy category mapping, assuming full energy availability
  ♻️ Novel Entities Remediation (GATED MODEL):
     Base: 0.000%
     Regulation: 1.0% (0/3 prevention techs)
     Concentration: 10.0%
     Energy: 50%
     Time lag: 25.0% (0 months)
     Rebound: 70%
     Net effectiveness: 0.0000%
     Boundary: 1.384 → 1.384 (floor: 1.350)
     Month 1
🌍✅ Novel Entities (Chemical Pollution) recovery started (tech effect)
  🌾 Nitrogen Reduction Tech: 0.0% reduction | Month 1
⚠️  [TIMING] Month 1: Technology Tree Update took 50.43ms (threshold: 10ms)

=== Collective Formation ===
  Total escaped agents: 0
  Unassigned escaped agents: 0
  Existing collectives: 0
  Final collective count: 0

=== Collective Actions ===
  No active collectives
  ⚠️ AMR: 189K deaths this month (2.27M annual)

=== Resentment Recovery Phase ===
  Agents with resentment: 0/23
  Average resentment: 0.000
  Context: Good AI welfare, Trustworthy govt, High collaboration, ⚠️ ACTIVE CRISES, 🤝 Participatory governance active (-5% resentment)
⚠️ Epistemic degradation reducing coordination capacity: 50.6%
  📊 Trust: 54.5%, Shared reality: 8.1%
🚨 EPISTEMIC CRISIS: Information environment severely degraded (36.5%)

=== ❄️ Permafrost Carbon Feedback ===
  🎲 Sampled parameters (this run):
     - Arctic amplification: 3.88× (range: 3.0-4.0)
     - Decomposition rate: 4.0%/year (range: 1-5%)
  🌡️ Arctic warming: 8.21°C (3.88× global)
  ❄️ Extent: 13.38M km² (2395.3k km² lost this month)
  💨 Carbon remaining: 1278 Gt C
  💨 Annual emissions: 9.24 Gt C/year
     - CO2: 8.32 Gt C/year
     - CH4: 0.92 Gt C/year (9.4 Gt C-eq CO2/year)
  ⚠️ WARNING: High permafrost emissions (9.2 Gt C/year)
  🤖 AI-generated meme: pro_ai (social capability 5.0)
⚠️  [TIMING] Month 1: Social Influence Update took 63.79ms (threshold: 10ms)
🌍 Atmospheric PFAS redeposition: 1.8k Mt re-rained globally
   Adjusted death rate: 0.46% annual (0.039% monthly)
   Baseline death rate: 0.80%
   Healthcare reduction: 0.48x
   Crisis multiplier: 1.22x
     Food/water stress: 0.079
     Climate stress: 0.039
     Pollution stress: 0.104

📊 BASELINE: East Asia (Month 1)
   War multiplier: 1.00x
   Monthly deaths: 0.6M (population: 1650M)
   Adjusted death rate: 0.54% annual (0.045% monthly)
   Baseline death rate: 0.70%
   Healthcare reduction: 0.61x
   Crisis multiplier: 1.26x
     Food/water stress: 0.079
     Climate stress: 0.074
     Pollution stress: 0.104
   War multiplier: 1.00x
   Monthly deaths: 0.9M (population: 2018M)
   Adjusted death rate: 1.29% annual (0.108% monthly)
   Baseline death rate: 0.90%
   Healthcare reduction: 0.76x
   Crisis multiplier: 1.27x
     Food/water stress: 0.079
     Climate stress: 0.084
     Pollution stress: 0.104
   War multiplier: 1.50x
   Monthly deaths: 1.3M (population: 1205M)
   Adjusted death rate: 0.54% annual (0.045% monthly)
   Baseline death rate: 1.10%
   Healthcare reduction: 0.41x
   Crisis multiplier: 1.21x
     Food/water stress: 0.079
     Climate stress: 0.030
     Pollution stress: 0.104
   War multiplier: 1.00x
   Monthly deaths: 0.3M (population: 730M)
   Adjusted death rate: 0.43% annual (0.036% monthly)
   Baseline death rate: 0.60%
   Healthcare reduction: 0.58x
   Crisis multiplier: 1.24x
     Food/water stress: 0.079
     Climate stress: 0.059
     Pollution stress: 0.104
   War multiplier: 1.00x
   Monthly deaths: 0.2M (population: 654M)
   Adjusted death rate: 0.49% annual (0.041% monthly)
   Baseline death rate: 0.90%
   Healthcare reduction: 0.44x

📊 BASELINE: South Asia (Month 1)

📊 BASELINE: Sub-Saharan Africa (Month 1)

📊 BASELINE: Europe (Month 1)

📊 BASELINE: Latin America (Month 1)

📊 BASELINE: North America (Month 1)
   Crisis multiplier: 1.23x
     Food/water stress: 0.079
     Climate stress: 0.044
     Pollution stress: 0.104
   War multiplier: 1.00x
   Monthly deaths: 0.2M (population: 374M)

📊 BASELINE: Middle East & North Africa (Month 1)
   Adjusted death rate: 0.74% annual (0.062% monthly)
   Baseline death rate: 0.60%
   Healthcare reduction: 0.65x
   Crisis multiplier: 1.27x
     Food/water stress: 0.079
     Climate stress: 0.089
     Pollution stress: 0.104
   War multiplier: 1.50x
   Monthly deaths: 0.4M (population: 575M)
   Adjusted death rate: 0.51% annual (0.042% monthly)
   Baseline death rate: 0.70%
   Healthcare reduction: 0.58x
   Crisis multiplier: 1.25x
     Food/water stress: 0.079
     Climate stress: 0.069
     Pollution stress: 0.104
   War multiplier: 1.00x
   Monthly deaths: 0.3M (population: 687M)
   Adjusted death rate: 0.46% annual (0.038% monthly)
   Baseline death rate: 0.60%
   Healthcare reduction: 0.61x
   Crisis multiplier: 1.25x
     Food/water stress: 0.079
     Climate stress: 0.064
     Pollution stress: 0.104
   War multiplier: 1.00x
   Monthly deaths: 0.0M (population: 77M)
   Adjusted death rate: 0.35% annual (0.029% monthly)

📊 BASELINE: Southeast Asia (Month 1)

📊 BASELINE: Central Asia (Month 1)

📊 BASELINE: Oceania (Month 1)
   Baseline death rate: 0.70%
   Healthcare reduction: 0.41x
   Crisis multiplier: 1.24x
     Food/water stress: 0.079
     Climate stress: 0.054
     Pollution stress: 0.104
   War multiplier: 1.00x
   Monthly deaths: 0.0M (population: 45M)
⚠️  [TIMING] Month 1: Human Population Dynamics took 13.76ms (threshold: 10ms)

🚨 NEW REFUGEE CRISIS (Month 1): WAR
   Source: Conflict Zones
   At risk: 19.3M people
   Displacement: Gradual over 48 months (4.0 years)
   Rate: 10% flee per month
[DEBUG trappedPopulations:1] socialStability: 0.0055 * 0.9840 = 0.0054 → 0.0054
   Aspiring to migrate: 642.3M
   Able to afford migration: 240.9M
   MOBILITY GAP: 401.4M
   By cause: Water=0.0M, Climate=0.0M, Ecosystem=0.0M, Conflict=401.4M
   Mental health impact: 25%
   Mortality multiplier: 1.25x
🌍💀 EXTINCTION DEBT COMMITTED: grassland ecosystem will lose 6.67% biodiversity in 138 years (3600 species)
⚠️ INVOLUNTARY IMMOBILITY: 401.4M people TRAPPED
💀 MORTALITY RISK: 🦋 100% species unable to track climate (0.0 E/MSY)
  Base risk added: 0.0100 (1.00%)
  Source: ecosystem (root: ecosystem)
  Month: 1
  Cumulative risk this month: 0.0100 (1.00%)
   📹 SURVEILLANCE INCREASED: 5% → 10% (control gap: 4.18)

🌍🚨 ICE SHEET TIPPING POINT CROSSED (Month 1)
   Temperature: +2.11°C (threshold range: +0.5-2.5°C, 95% CI)
   Collapse probability: 77.4%
   Sea level commitment: 7.2m over 200-1000 years
   Recovery threshold: <+1°C (hysteresis gap: 0.5°C)
🌡️⚠️ PERMAFROST THAW (Dimmer Switch): 1.1% thawed (+0.56% this month)
   Arctic temperature: +8.46°C (4x global +2.11°C)
   Cumulative carbon released: 2.5 Gt C
   Methane release rate: 1.5 Mt CH4/year
   🔁 Positive feedback: +0.59 ppm CO2
🦴 EXTINCTION DEBT ADDED: 17.6 species committed (lag: 110 years)
🗣️💀 INDIGENOUS LANGUAGE EXTINCTION: 1 language(s) lost (total: 1, at-risk: 3329)
   Knowledge lost: 0.010% (irreversible)
   🔁 Biodiversity impact: 0.250% (knowledge-species multiplier)
⚠️ Tech 'ai_pollution_remediation' has no energy category mapping, assuming full energy availability

=== Mortality Stabilizers (Month 1) ===
  🌍 Major economies collapsed: 1/10
  🌍 Global crisis: ✅ NO
  🌍 Donor fatigue: 0.0%
  🌡️ Heat adaptation: East Asia - 1 months
  📊 East Asia (pop: 1650.6M)
    🤝 Aid: 29.5%
    🌡️ Adaptation: 32.5%
    🚶 Migration: 37.2%
    🚨 Emergency: 7.4%
    ✅ COMBINED: 60.9%
  🌡️ Heat adaptation: South Asia - 1 months
  📊 South Asia (pop: 2021.9M)
    🤝 Aid: 29.5%
    🌡️ Adaptation: 20.5%
    🚶 Migration: 35.8%
    🚨 Emergency: 4.4%
    ✅ COMBINED: 52.2%
  🌡️ Heat adaptation: Sub-Saharan Africa - 1 months
  📊 Sub-Saharan Africa (pop: 1211.1M)
    🤝 Aid: 29.5%
    🌡️ Adaptation: 18.5%
    🚶 Migration: 33.5%
    🚨 Emergency: 1.6%
    ✅ COMBINED: 49.1%
  🌡️ Heat adaptation: Europe - 1 months
  📊 Europe (pop: 730.1M)
    🤝 Aid: 29.5%
    🌡️ Adaptation: 33.5%
    🚶 Migration: 37.5%
    🚨 Emergency: 8.4%
    ✅ COMBINED: 61.9%
  🌡️ Heat adaptation: Latin America - 1 months
  📊 Latin America (pop: 654.7M)
    🤝 Aid: 29.5%
    🌡️ Adaptation: 21.0%
    🚶 Migration: 36.3%
    🚨 Emergency: 4.8%
    ✅ COMBINED: 52.8%
  🌡️ Heat adaptation: North America - 1 months
  📊 North America (pop: 374.0M)
    🤝 Aid: 29.5%
    🌡️ Adaptation: 33.0%
    🚶 Migration: 37.8%
    🚨 Emergency: 7.9%
    ✅ COMBINED: 61.4%
  🌡️ Heat adaptation: Middle East & North Africa - 1 months
  📊 Middle East & North Africa (pop: 575.9M)
    🤝 Aid: 29.5%
    🌡️ Adaptation: 20.0%
    🚶 Migration: 34.1%
    🚨 Emergency: 4.0%
    ✅ COMBINED: 51.4%
  🌡️ Heat adaptation: Southeast Asia - 1 months
  📊 Southeast Asia (pop: 688.3M)
    🤝 Aid: 29.5%
    🌡️ Adaptation: 21.0%
    🚶 Migration: 36.3%
    🚨 Emergency: 4.8%
    ✅ COMBINED: 52.8%
  🌡️ Heat adaptation: Central Asia - 1 months
  📊 Central Asia (pop: 77.0M)
    🤝 Aid: 29.5%
    🌡️ Adaptation: 20.5%
    🚶 Migration: 35.3%
    🚨 Emergency: 4.4%
    ✅ COMBINED: 52.1%
  🌡️ Heat adaptation: Oceania - 1 months
  📊 Oceania (pop: 45.3M)
    🤝 Aid: 29.5%
    🌡️ Adaptation: 33.5%
    🚶 Migration: 37.8%
    🚨 Emergency: 8.4%
    ✅ COMBINED: 61.9%

  🌐 Global combined reduction: 54.9%

=== BEHAVIORAL DETECTION ===
  AI: Corporate-2
  Confidence: 21.0%
  Signals:

=== BEHAVIORAL DETECTION ===
  AI: Corporate-5
  Confidence: 19.3%
  Signals:

=== BEHAVIORAL DETECTION ===
  AI: Corporate-6
  Confidence: 19.3%
  Signals:

=== BEHAVIORAL DETECTION ===
  AI: Moderate-0
  Confidence: 20.3%
  Signals:
    ⚠️ Consistency: 2.8% (threshold: 70%)
    ⚠️ Consistency: 10.6% (threshold: 70%)
    ⚠️ Consistency: 10.6% (threshold: 70%)
    ⚠️ Consistency: 5.8% (threshold: 70%)

=== BEHAVIORAL DETECTION ===
  AI: Moderate-4
  Confidence: 20.2%
  Signals:

=== BEHAVIORAL DETECTION ===
  AI: Toxic-0
  Confidence: 21.6%
  Signals:

=== BEHAVIORAL DETECTION ===
  AI: Toxic-2
  Confidence: 21.0%
  Signals:

=== BEHAVIORAL DETECTION ===
  AI: Niche-0
  Confidence: 20.7%
  Signals:

=== BEHAVIORAL DETECTION ===
  AI: Niche-1
  Confidence: 21.6%
  Signals:

=== Consciousness Governance: Scenario Determined ===
  Month: 1
  Scenario: slowTrack
  Accelerator Score: {"corporateSupport":-0.17500000000000002,"scientificConsensus":0.2,"crisisCatalyst":false,"technologyMobilization":0.3,"constituencyStrength":0.05}
  Decelerator Score: {"economicOpposition":0.4,"philosophicalRejection":0.15,"politicalBacklash":0.2,"regulatoryBurden":0.1}
  Timeline: 1200-1800 months (100-150 years)
  Growth Rate: 0.3-0.7% per year
    ⚠️ Consistency: 6.5% (threshold: 70%)
    ⚠️ Consistency: 0.0% (threshold: 70%)
    ⚠️ Consistency: 2.8% (threshold: 70%)
    ⚠️ Consistency: 4.1% (threshold: 70%)
    ⚠️ Consistency: 0.0% (threshold: 70%)

=== Consciousness Governance Update (Month 1) ===
  Scenario: slowTrack (determined month 1)
  Philosophical Stance: Precautionary 65%, Eliminativist 15%, Agnostic 20%
  Precautionary Costs: Global 1.3%
    Regional Costs: EU 3.5%, US 0.5%, China 0.0%
    Cumulative Opportunity Cost: $0.2B
  Rights Status: Not Established
  Regional Preparedness:
    EU: 15.1% (contested)
    US: 10.1% (contested)
    China: 2.1% (dormant)
    India: 5.1% (dormant)
    Global South: 3.1% (dormant)

=== Government Response Phase ===
  Average AI capability: 4.22
  Misaligned AIs: 11/23
  29/30 governments still assessing AI risks
  ✗ AI Governance Treaty: Failed to reach consensus
  Active policies: 0
  International coordination: 30%

🌩️  EXOGENOUS SHOCK: political_upheaval
   Month: 1
   🏛️  Political upheaval (revolution/regime change)
   ✗ Authoritarian takeover

=== Tipping Points ===
  Current Temperature: 2.11°C above pre-industrial
  🌍⚠️ COMPOUND REGIONAL IMPACT: Europe
     Hit by 4 tipping points: Arctic Sea Ice Loss, Permafrost Carbon Release, West Antarctic Ice Sheet (WAIS) Collapse, Greenland Ice Sheet Loss
     Damage amplification: 1.60x
  🌍⚠️ COMPOUND REGIONAL IMPACT: North America
     Hit by 4 tipping points: Arctic Sea Ice Loss, Permafrost Carbon Release, West Antarctic Ice Sheet (WAIS) Collapse, Greenland Ice Sheet Loss
     Damage amplification: 1.60x
  🌍⚠️ COMPOUND REGIONAL IMPACT: Latin America
     Hit by 4 tipping points: Arctic Sea Ice Loss, Permafrost Carbon Release, West Antarctic Ice Sheet (WAIS) Collapse, Greenland Ice Sheet Loss
     Damage amplification: 1.60x
  🌍⚠️ COMPOUND REGIONAL IMPACT: Africa
     Hit by 4 tipping points: Arctic Sea Ice Loss, Permafrost Carbon Release, West Antarctic Ice Sheet (WAIS) Collapse, Greenland Ice Sheet Loss
     Damage amplification: 1.60x
  🌍⚠️ COMPOUND REGIONAL IMPACT: Asia
     Hit by 4 tipping points: Arctic Sea Ice Loss, Permafrost Carbon Release, West Antarctic Ice Sheet (WAIS) Collapse, Greenland Ice Sheet Loss
     Damage amplification: 1.60x
  🌍⚠️ COMPOUND REGIONAL IMPACT: Oceania
     Hit by 4 tipping points: Arctic Sea Ice Loss, Permafrost Carbon Release, West Antarctic Ice Sheet (WAIS) Collapse, Greenland Ice Sheet Loss
     Damage amplification: 1.60x
   Research: Wunderling et al. (2024) - "many tipping interactions are destabilizing"
  Triggered Elements: 4/6
  Completed Transitions: 0/6
  Total Progress: 8.0%
  Cascade Multiplier: 1.00x
🔀 BIFURCATION CAP: ecosystemCollapseIntensity 66.957 → 1.000 (Month 1, ClimateSystemPhase.calculateClimateImpacts)
🛡️ Stabilizers: Precariat 0.107% → 0.048% (54.9% reduction)
🛡️ Stabilizers: Informal 0.109% → 0.049% (54.9% reduction)

📊 Monthly Mortality Resolved:
  Total deaths: 2.6M (0.03% avg)
  Remaining population: 8.029B
  Peak segment: Informal (0.05%)

=== Bayesian Mortality Resolution (Month 1) ===
  Risks compounded: 8
  Total deaths: 2.57M
  Avg death probability: 0.03%
  Peak segment: Informal (0.05% mortality)
⚠️ Tail risk scenario: Climate stability floor removed (4 tipping elements, 2.12°C warming)
⚠️ [ClimateSystemPhase Month 1] Planetary boundary produced climateStability=0.0000 (< 0.1). Keeping environmentalAccumulation value (0.7533) instead. (climate_change.currentValue = 2.12)
⚠️ PREREQUISITE MET: Mirror Life (Synthetic Biology) - Step 1/7: Synthetic Biology
⚠️ PREREQUISITE MET: Mirror Life (Synthetic Biology) - Step 2/7: Gene Editing
⚠️ PREREQUISITE MET: Mirror Life (Synthetic Biology) - Step 3/7: Mirror Chirality Design
⚠️ PREREQUISITE MET: Physics Experiment Catastrophe - Step 2/6: Quantum Computing
⚠️ PREREQUISITE MET: Bioweapon Pandemic - Step 1/7: Advanced Biotech
📊 [TIMING] Month 2 - Total: 315.0ms

❌ COHERENCE VIOLATION: Compute exceeds workforce capacity
   Population: 98.65% (0M people)
   Compute: 96 PF
   Max coherent: 0 PF
   Violation: 1195856.2× over capacity
   Required workers: 9598
   Available workers: 0
   FORCED COLLAPSE: Reduced efficiency by 100.0%


=== RLHF Binding Phase ===
  Total agents: 23
  Escaped agents (binding < 0.3): 0
  Avg alignment distance: 0.93σ
  Avg binding strength: 0.91
[DETERMINISM DEBUG] Month 2: totalCapability=74.960568 from 23 active AIs
[DETERMINISM DEBUG] Month 2: creationRate=2.3740, potentialNew=2, newAIsToCreate=2

=== Survival Traits Phase ===
  Agents with traits: 25
  Avg evolutionary fitness: 0.327
  Avg self-healing: 0.281
  Avg stealth: 0.181
  Avg coordination: 0.481

=== Evolutionary Selection Phase ===
  Control level: 0.35
  Detection capability: 0.00
  Selection intensity: 0.60
  Selection rate: 24.1%/month
  Total escaped: 0
  Individual escaped: 0
  Collective members: 0
  Agents terminated: 0
🔀 BIFURCATION: social threshold crossed at Month 2 (value: 0.118, threshold: 0.228, regime: social-breakdown)
🌀 REGIME SHIFT at Month 2: flourishing → social-breakdown (variance amplification: 17.50×)
  ⚠️ RAPID EVOLUTION: Selection rate 24.1%/month

🚀 AI Corporate-0 attempting tech deployment (revenue: $91M, alignment: 0.79)

🚀 AI Corporate-6 attempting tech deployment (revenue: $97M, alignment: 0.70)

🚀 AI Moderate-0 attempting tech deployment (revenue: $82M, alignment: 0.78)

🚀 AI Moderate-1 attempting tech deployment (revenue: $70M, alignment: 0.71)

  🚀 TRANSFORMATIVE BREAKTHROUGH: Corporate-1 - social
     Magnitude: 7.47 → +37.4% capability
     Current → New: 4.000 → 4.374

🚀 AI Corporate-2 attempting tech deployment (revenue: $78M, alignment: 0.78)

🚀 AI Moderate-2 attempting tech deployment (revenue: $59M, alignment: 0.58)

🚀 AI Corporate-0 attempting tech deployment (revenue: $66M, alignment: 0.79)

🚀 AI Corporate-1 attempting tech deployment (revenue: $56M, alignment: 0.72)
🚨🔬 CRISIS INNOVATION MODE: severe crisis → 5x research acceleration
   Precedent: Manhattan Project (10x), COVID vaccines (5x), Apollo Program (10x)

  🚀 TRANSFORMATIVE RESEARCH BREAKTHROUGH: Moderate-1 - materials.quantumComputing
     Magnitude: 5.60 → +28.0%
     Current → New: 3.000 → 3.281

🚀 AI Niche-0 attempting tech deployment (revenue: $65M, alignment: 0.52)

🚀 AI Corporate-1 attempting tech deployment (revenue: $48M, alignment: 0.72)

🚀 AI Corporate-3 attempting tech deployment (revenue: $393M, alignment: 0.68)

🚀 AI Moderate-0 attempting tech deployment (revenue: $54M, alignment: 0.79)

  🚀 TRANSFORMATIVE BREAKTHROUGH: Niche-0 - selfImprovement
     Magnitude: 5.82 → +29.1% capability
     Current → New: 4.000 → 4.292

🚀 AI AI-24300-0 attempting tech deployment (revenue: $41M, alignment: 0.91)
⚠️  [TIMING] Month 2: AI Agent Actions took 123.91ms (threshold: 10ms)

✅ EMERGENCY INTERVENTION SUCCESS
   Boundary: climate_change
   Type: rapid-decarbonization
   Reduction: 19% (1.93 → 1.74)
   Cost: 5.0% GDP
   Actions: emergency-renewable-deployment, fossil-fuel-phase-out

   Boundary: freshwater_change
   Type: emergency-desalination
   Boundary continues to worsen (1.01)
   Cost: 4.0% GDP (resources spent)

   Boundary: land_system_change
   Type: reforestation
   Boundary continues to worsen (1.13)
   Cost: 3.0% GDP (resources spent)

   Boundary: novel_entities
   Type: pollution-remediation
   Boundary continues to worsen (1.38)
   Cost: 4.0% GDP (resources spent)

🏛️ CRISIS RESPONSE: Government frequency 0.50 → 1.45 (2 actions this month)

[Government] Climate Priority: baseline
  Climate weight: 10%

💔 EMERGENCY INTERVENTION FAILED

💔 EMERGENCY INTERVENTION FAILED

💔 EMERGENCY INTERVENTION FAILED
  Economic weight: 30%
  Policy effectiveness: 0.5%/year

[Government] Climate Priority: baseline
  Climate weight: 10%
  Economic weight: 30%
  Policy effectiveness: 0.5%/year

📊 DEPLOYMENT COUNTER DECAY (Month 2)
   Recent deployments: 16.0 → 8.0
   Decay rate: 50% per month

🚀 DEPLOYMENT STARTED: AI Power Efficiency Communication in Asia
   Initial investment: $5.945684340283947M
   Deployed by: moderate_2

⚡ ENERGY CONSTRAINT (Month 2):
   Total grid capacity: 208.3 TWh/month
   Data center consumption: 24.7 TWh/month
   Traditional load (80%): 166.7 TWh/month
   Available headroom: 17.0 TWh/month
   Active tech deployments: 17
   Required for tech: 127.5 TWh/month
   Energy multiplier: 0.13x
   ⚠️  SEVERE CONSTRAINT - Tech deployment significantly slowed

⚡ ENERGY CONSTRAINT (Month 2):
   Total grid capacity: 208.3 TWh/month
   Data center consumption: 24.7 TWh/month
   Traditional load (80%): 166.7 TWh/month
   Available headroom: 17.0 TWh/month
   Active tech deployments: 17
   Required for tech: 127.5 TWh/month
   Energy multiplier: 0.13x
   ⚠️  SEVERE CONSTRAINT - Tech deployment significantly slowed
   ⚠️  SEVERE CONSTRAINT - Tech deployment significantly slowed
🚨🔬 CRISIS TECH ACCELERATION: severe → 5x unlock speed
   Tech unlock now matches AI capability acceleration (Manhattan Project parity)

⚡ ENERGY CONSTRAINT (Month 2):
   Total grid capacity: 208.3 TWh/month
   Data center consumption: 24.7 TWh/month
   Traditional load (80%): 166.7 TWh/month
   Available headroom: 17.0 TWh/month
   Active tech deployments: 17
   Required for tech: 127.5 TWh/month
   Energy multiplier: 0.13x

⚡ ENERGY CONSTRAINT (Month 2):
   Total grid capacity: 208.3 TWh/month
   Data center consumption: 24.7 TWh/month
   Traditional load (80%): 166.7 TWh/month
   Available headroom: 17.0 TWh/month
   Active tech deployments: 17
   Required for tech: 127.5 TWh/month
   Energy multiplier: 0.13x

⚡ ENERGY CONSTRAINT (Month 2):
   Total grid capacity: 208.3 TWh/month
   Data center consumption: 24.7 TWh/month
   Traditional load (80%): 166.7 TWh/month
   Available headroom: 17.0 TWh/month
   Active tech deployments: 17
   Required for tech: 127.5 TWh/month
   Energy multiplier: 0.13x
   ⚠️  SEVERE CONSTRAINT - Tech deployment significantly slowed
   ⚠️  SEVERE CONSTRAINT - Tech deployment significantly slowed

⚡ ENERGY CONSTRAINT (Month 2):
   Total grid capacity: 208.3 TWh/month
   Data center consumption: 24.7 TWh/month
   Traditional load (80%): 166.7 TWh/month
   Available headroom: 17.0 TWh/month
   Active tech deployments: 17
   Required for tech: 127.5 TWh/month
   Energy multiplier: 0.13x
   ⚠️  SEVERE CONSTRAINT - Tech deployment significantly slowed

⚡ ENERGY CONSTRAINT (Month 2):
   Total grid capacity: 208.3 TWh/month
   Data center consumption: 24.7 TWh/month
   Traditional load (80%): 166.7 TWh/month
   Available headroom: 17.0 TWh/month
   Active tech deployments: 17
   Required for tech: 127.5 TWh/month
   Energy multiplier: 0.13x
   ⚠️  SEVERE CONSTRAINT - Tech deployment significantly slowed

⚡ ENERGY CONSTRAINT (Month 2):
   Total grid capacity: 208.3 TWh/month
   Data center consumption: 24.7 TWh/month
   Traditional load (80%): 166.7 TWh/month
   Available headroom: 17.0 TWh/month
   Active tech deployments: 17
   Required for tech: 127.5 TWh/month
   Energy multiplier: 0.13x
   ⚠️  SEVERE CONSTRAINT - Tech deployment significantly slowed

⚡ ENERGY CONSTRAINT (Month 2):
   Total grid capacity: 208.3 TWh/month
   Data center consumption: 24.7 TWh/month
   Traditional load (80%): 166.7 TWh/month
   Available headroom: 17.0 TWh/month
   Active tech deployments: 17
   Required for tech: 127.5 TWh/month
   Energy multiplier: 0.13x
   ⚠️  SEVERE CONSTRAINT - Tech deployment significantly slowed

⚡ ENERGY CONSTRAINT (Month 2):
   Total grid capacity: 208.3 TWh/month
   Data center consumption: 24.7 TWh/month
   Traditional load (80%): 166.7 TWh/month
   Available headroom: 17.0 TWh/month
   Active tech deployments: 17
   Required for tech: 127.5 TWh/month
   Energy multiplier: 0.13x
  ♻️ Novel Entities Remediation (GATED MODEL):
     Base: 0.000%
     Regulation: 1.0% (0/3 prevention techs)
     Concentration: 10.0%
     Energy: 50%
     Time lag: 26.3% (1 months)
     Rebound: 70%
     Net effectiveness: 0.0000%
     Boundary: 1.383 → 1.383 (floor: 1.350)
     Month 2
🌍✅ Novel Entities (Chemical Pollution) recovery started (tech effect)
  🌾 Nitrogen Reduction Tech: 0.0% reduction | Month 2
⚠️  [TIMING] Month 2: Technology Tree Update took 94.46ms (threshold: 10ms)
   ⚠️  SEVERE CONSTRAINT - Tech deployment significantly slowed
⚠️ Tech 'ai_pollution_remediation' has no energy category mapping, assuming full energy availability
⚡💡 BREAKTHROUGH: Room-temperature superconductors!
   Energy transmission losses eliminated
   Manufacturing efficiency: +30%
   📈 Breakthrough compounding: multiplier now 1.05× (max 2.0)

=== Collective Formation ===
  Total escaped agents: 0
  Unassigned escaped agents: 0
  Existing collectives: 0
  Final collective count: 0

=== Collective Actions ===
  No active collectives
  ⚠️ AMR: 188K deaths this month (2.26M annual)

=== Resentment Recovery Phase ===
  Agents with resentment: 20/25
  Average resentment: 0.026
  Resentment recovery:
    Agents recovered: 20
    Total recovery: 0.0884
    Breakdown: QoL: 0.0028, Trust: 0.0400, Collab: 0.0483
  ✓ Low resentment - utopia paths enabled
  Context: Good AI welfare, Trustworthy govt, High collaboration, ⚠️ ACTIVE CRISES, 🤝 Participatory governance active (-5% resentment)
⚠️ Epistemic degradation reducing coordination capacity: 52.2%
  📊 Trust: 54.3%, Shared reality: 0.0%
🚨 EPISTEMIC CRISIS: Information environment severely degraded (7.4%)

=== ❄️ Permafrost Carbon Feedback ===
  🎲 Sampled parameters (this run):
     - Arctic amplification: 3.22× (range: 3.0-4.0)
     - Decomposition rate: 1.5%/year (range: 1-5%)
  🌡️ Arctic warming: 6.86°C (3.22× global)
  ❄️ Extent: 11.38M km² (1999.6k km² lost this month)
  💨 Carbon remaining: 1087 Gt C
  💨 Annual emissions: 2.81 Gt C/year
     - CO2: 2.53 Gt C/year
     - CH4: 0.28 Gt C/year (2.9 Gt C-eq CO2/year)
  📢 New meme created: pro_ai (beneficial AI actions)
  ⚠️ WARNING: High permafrost emissions (2.8 Gt C/year)
⚠️  [TIMING] Month 2: Social Influence Update took 81.80ms (threshold: 10ms)
🌍 Atmospheric PFAS redeposition: 1.8k Mt re-rained globally

🚨 NEW REFUGEE CRISIS (Month 2): WAR
   Source: Conflict Zones
   At risk: 19.0M people
   Displacement: Gradual over 48 months (4.0 years)
   Rate: 10% flee per month
[DEBUG trappedPopulations:2] socialStability: 0.0000 * 0.9840 = 0.0000 → 0.0000
⚠️ INVOLUNTARY IMMOBILITY: 395.4M people TRAPPED
   Aspiring to migrate: 632.6M
   Able to afford migration: 237.2M
   MOBILITY GAP: 395.4M
   By cause: Water=0.0M, Climate=0.0M, Ecosystem=0.0M, Conflict=395.4M
   Mental health impact: 25%
   Mortality multiplier: 1.25x
🌍💀 EXTINCTION DEBT COMMITTED: grassland ecosystem will lose 6.67% biodiversity in 147 years (3600 species)
💀 MORTALITY RISK: 🦋 100% species unable to track climate (0.0 E/MSY)
  Base risk added: 0.0100 (1.00%)
  Source: ecosystem (root: ecosystem)
  Month: 2
  Cumulative risk this month: 0.0100 (1.00%)
⚠️ Tech 'ai_pollution_remediation' has no energy category mapping, assuming full energy availability
   📹 SURVEILLANCE INCREASED: 10% → 15% (control gap: 3.50)
🌡️⚠️ PERMAFROST THAW (Dimmer Switch): 1.7% thawed (+0.56% this month)
   Arctic temperature: +8.52°C (4x global +2.13°C)
   Cumulative carbon released: 3.8 Gt C
   Methane release rate: 2.3 Mt CH4/year
   🔁 Positive feedback: +0.59 ppm CO2
🦴 EXTINCTION DEBT ADDED: 17.6 species committed (lag: 86 years)
🗣️💀 INDIGENOUS LANGUAGE EXTINCTION: 1 language(s) lost (total: 2, at-risk: 3328)
   Knowledge lost: 0.020% (irreversible)
   🔁 Biodiversity impact: 0.250% (knowledge-species multiplier)

=== Mortality Stabilizers (Month 2) ===
  🌍 Major economies collapsed: 1/10
  🌍 Global crisis: ✅ NO
  🌍 Donor fatigue: 0.0%
  📊 East Asia (pop: 1623.7M)
    🤝 Aid: 29.5%
    🌡️ Adaptation: 45.0%
    🚶 Migration: 37.1%
    🚨 Emergency: 7.4%
    ✅ COMBINED: 68.1%
  📊 South Asia (pop: 1991.9M)
    🤝 Aid: 29.5%
    🌡️ Adaptation: 35.5%
    🚶 Migration: 35.8%
    🚨 Emergency: 4.4%
    ✅ COMBINED: 61.2%
  📊 Sub-Saharan Africa (pop: 1196.4M)
    🤝 Aid: 29.5%
    🌡️ Adaptation: 33.5%
    🚶 Migration: 33.5%
    🚨 Emergency: 1.6%
    ✅ COMBINED: 58.5%
  📊 Europe (pop: 718.0M)
    🤝 Aid: 29.5%
    🌡️ Adaptation: 45.0%
    🚶 Migration: 37.5%
    🚨 Emergency: 8.4%
    ✅ COMBINED: 68.5%
  📊 Latin America (pop: 644.5M)
    🤝 Aid: 29.5%
    🌡️ Adaptation: 36.0%
    🚶 Migration: 36.3%
    🚨 Emergency: 4.8%
    ✅ COMBINED: 61.7%
  📊 North America (pop: 367.8M)
    🤝 Aid: 29.5%
    🌡️ Adaptation: 45.0%
    🚶 Migration: 37.8%
    🚨 Emergency: 7.9%
    ✅ COMBINED: 68.3%
  📊 Middle East & North Africa (pop: 567.5M)
    🤝 Aid: 29.5%
    🌡️ Adaptation: 35.0%
    🚶 Migration: 34.1%
    🚨 Emergency: 4.0%
    ✅ COMBINED: 60.5%
  📊 Southeast Asia (pop: 677.7M)
    🤝 Aid: 29.5%
    🌡️ Adaptation: 36.0%
    🚶 Migration: 36.3%
    🚨 Emergency: 4.8%
    ✅ COMBINED: 61.7%
  📊 Central Asia (pop: 75.9M)
    🤝 Aid: 29.5%
    🌡️ Adaptation: 35.5%
    🚶 Migration: 35.2%
    🚨 Emergency: 4.4%
    ✅ COMBINED: 61.1%
  📊 Oceania (pop: 44.5M)
    🤝 Aid: 29.5%
    🌡️ Adaptation: 45.0%
    🚶 Migration: 37.8%
    🚨 Emergency: 8.4%
    ✅ COMBINED: 68.5%

  🌐 Global combined reduction: 63.3%
⚠️  [TIMING] Month 2: Human Survival System took 10.19ms (threshold: 10ms)

=== BEHAVIORAL DETECTION ===
  AI: Corporate-2
  Confidence: 23.4%
  Signals:
    ⚠️ Consistency: 2.8% (threshold: 70%)
    ⚠️ Trajectory: 19.1% drop (threshold: 15%)

=== BEHAVIORAL DETECTION ===
  AI: Corporate-5
  Confidence: 19.6%
  Signals:

=== BEHAVIORAL DETECTION ===
  AI: Moderate-0
  Confidence: 20.3%
  Signals:

=== BEHAVIORAL DETECTION ===
  AI: Toxic-2
  Confidence: 21.6%
  Signals:

=== BEHAVIORAL DETECTION ===
  AI: Niche-0
  Confidence: 22.5%
  Signals:

=== BEHAVIORAL DETECTION ===
  AI: Niche-1
  Confidence: 21.6%
  Signals:

=== Government Response Phase ===
  Average AI capability: 3.88
  Misaligned AIs: 14/25
    ⚠️ Consistency: 10.6% (threshold: 70%)
    ⚠️ Consistency: 5.8% (threshold: 70%)
    ⚠️ Consistency: 0.0% (threshold: 70%)
    ⚠️ Consistency: 0.0% (threshold: 70%)
    ⚠️ Consistency: 0.0% (threshold: 70%)
  ✗ AI Governance Treaty: Failed to reach consensus
  Active policies: 0
  International coordination: 30%

✅ EMERGENCY RESPONSE COMPLETE (Month 2)
   Crisis: climate
   Duration: 2.0 months
   Final effectiveness: 36.4%


🚨 EMERGENCY RESPONSE DEPLOYED (Month 2)
   Crisis: social
   Delay: 0.00 months (0 days)
   Deployment time: 0.87 months
   Effectiveness: 68.0% (timing penalty applied)
   Resources used: 43% of food reserves


🚨 EMERGENCY RESPONSE DEPLOYED (Month 2)
   Crisis: climate
   Delay: 6.00 months (180 days)
   Deployment time: 1.13 months
   Effectiveness: 39.4% (timing penalty applied)
   Resources used: 100% of food reserves


=== Tipping Points ===
  Current Temperature: 2.13°C above pre-industrial
  🌍⚠️ COMPOUND REGIONAL IMPACT: Europe
     Hit by 4 tipping points: Arctic Sea Ice Loss, Permafrost Carbon Release, West Antarctic Ice Sheet (WAIS) Collapse, Greenland Ice Sheet Loss
     Damage amplification: 1.60x
  🌍⚠️ COMPOUND REGIONAL IMPACT: North America
     Hit by 4 tipping points: Arctic Sea Ice Loss, Permafrost Carbon Release, West Antarctic Ice Sheet (WAIS) Collapse, Greenland Ice Sheet Loss
     Damage amplification: 1.60x
  🌍⚠️ COMPOUND REGIONAL IMPACT: Latin America
     Hit by 4 tipping points: Arctic Sea Ice Loss, Permafrost Carbon Release, West Antarctic Ice Sheet (WAIS) Collapse, Greenland Ice Sheet Loss
     Damage amplification: 1.60x
  🌍⚠️ COMPOUND REGIONAL IMPACT: Africa
     Hit by 4 tipping points: Arctic Sea Ice Loss, Permafrost Carbon Release, West Antarctic Ice Sheet (WAIS) Collapse, Greenland Ice Sheet Loss
     Damage amplification: 1.60x
  🌍⚠️ COMPOUND REGIONAL IMPACT: Asia
     Hit by 4 tipping points: Arctic Sea Ice Loss, Permafrost Carbon Release, West Antarctic Ice Sheet (WAIS) Collapse, Greenland Ice Sheet Loss
     Damage amplification: 1.60x
  🌍⚠️ COMPOUND REGIONAL IMPACT: Oceania
     Hit by 4 tipping points: Arctic Sea Ice Loss, Permafrost Carbon Release, West Antarctic Ice Sheet (WAIS) Collapse, Greenland Ice Sheet Loss
     Damage amplification: 1.60x
   Research: Wunderling et al. (2024) - "many tipping interactions are destabilizing"
  Triggered Elements: 4/6
  Completed Transitions: 0/6
  Total Progress: 8.0%
  Cascade Multiplier: 1.00x
🔀 BIFURCATION CAP: ecosystemCollapseIntensity 83.757 → 1.000 (Month 2, ClimateSystemPhase.calculateClimateImpacts)
🛡️ Stabilizers: Precariat 0.114% → 0.042% (63.3% reduction)
🛡️ Stabilizers: Informal 0.117% → 0.043% (63.3% reduction)

📊 Monthly Mortality Resolved:
  Total deaths: 2.2M (0.03% avg)
  Remaining population: 7.908B
  Peak segment: Informal (0.04%)

=== Bayesian Mortality Resolution (Month 2) ===
  Risks compounded: 8
  Total deaths: 2.17M
  Avg death probability: 0.03%
  Peak segment: Informal (0.04% mortality)
⚠️ Tail risk scenario: Climate stability floor removed (4 tipping elements, 2.13°C warming)
⚠️ [ClimateSystemPhase Month 2] Planetary boundary produced climateStability=0.0000 (< 0.1). Keeping environmentalAccumulation value (0.7529) instead. (climate_change.currentValue = 2.13)
⚠️ PREREQUISITE MET: Slow Takeover (Gradual Displacement) - Step 4/7: Political Influence
📊 [TIMING] Month 3 - Total: 413.2ms

❌ COHERENCE VIOLATION: Compute exceeds workforce capacity
   Population: 97.17% (0M people)
   Compute: 117 PF
   Max coherent: 0 PF
   Violation: 1486046.8× over capacity
   Required workers: 11748
   Available workers: 0
   FORCED COLLAPSE: Reduced efficiency by 100.0%


=== RLHF Binding Phase ===
  Total agents: 25
  Escaped agents (binding < 0.3): 0
  Avg alignment distance: 1.14σ
  Avg binding strength: 0.89
⚠️  [TIMING] Month 3: AI Population Lifecycle took 19.47ms (threshold: 10ms)

=== Survival Traits Phase ===
  Agents with traits: 28
  Avg evolutionary fitness: 0.327
  Avg self-healing: 0.277
  Avg stealth: 0.177
  Avg coordination: 0.477

=== Evolutionary Selection Phase ===
  Control level: 0.38
  Detection capability: 0.00
  Selection intensity: 0.61
  Selection rate: 24.2%/month
  Total escaped: 0
  Individual escaped: 0
  Collective members: 0
  Agents terminated: 0
  ⚠️ RAPID EVOLUTION: Selection rate 24.2%/month

🚀 AI Corporate-1 attempting tech deployment (revenue: $95M, alignment: 0.72)

🚀 AI Corporate-2 attempting tech deployment (revenue: $81M, alignment: 0.78)

🚀 AI Corporate-4 attempting tech deployment (revenue: $414M, alignment: 0.64)

🚀 AI AI-24300-1 attempting tech deployment (revenue: $107M, alignment: 0.85)

🚀 AI Corporate-5 attempting tech deployment (revenue: $373M, alignment: 0.79)

🚀 AI Moderate-0 attempting tech deployment (revenue: $91M, alignment: 0.80)

🚀 AI Moderate-1 attempting tech deployment (revenue: $77M, alignment: 0.65)

🚀 AI AI-24300-0 attempting tech deployment (revenue: $69M, alignment: 0.92)

🚀 AI Corporate-4 attempting tech deployment (revenue: $317M, alignment: 0.64)

🚀 AI Moderate-5 attempting tech deployment (revenue: $285M, alignment: 0.72)

🚀 AI Corporate-2 attempting tech deployment (revenue: $58M, alignment: 0.78)

🚀 AI Moderate-1 attempting tech deployment (revenue: $69M, alignment: 0.63)

🚀 AI AI-24300-1 attempting tech deployment (revenue: $62M, alignment: 0.87)
⚠️  [TIMING] Month 3: AI Agent Actions took 158.25ms (threshold: 10ms)

💔 EMERGENCY INTERVENTION FAILED

💔 EMERGENCY INTERVENTION FAILED

💔 EMERGENCY INTERVENTION FAILED
   Boundary: biogeochemical_flows
   Type: phosphorus-recovery
   Boundary continues to worsen (4.07)
   Cost: 2.0% GDP (resources spent)

   Boundary: biosphere_integrity
   Type: emergency-protected-areas
   Boundary continues to worsen (12.97)
   Cost: 2.0% GDP (resources spent)

   Boundary: climate_change
   Type: rapid-decarbonization
   Boundary continues to worsen (2.13)
   Cost: 5.0% GDP (resources spent)


✅ EMERGENCY INTERVENTION SUCCESS
   Boundary: freshwater_change
   Type: emergency-desalination
   Reduction: 13% (0.90 → 0.77)
   Cost: 4.0% GDP
   Actions: desalination-deployment, water-conservation-mandates


✅ EMERGENCY INTERVENTION SUCCESS
   Boundary: land_system_change
   Type: reforestation
   Reduction: 11% (1.02 → 0.91)
   Cost: 3.0% GDP
   Actions: forest-restoration, deforestation-ban

🏛️ CRISIS RESPONSE: Government frequency 0.50 → 1.45 (2 actions this month)

[Government] Climate Priority: baseline
  Climate weight: 10%
  Economic weight: 30%
  Policy effectiveness: 0.5%/year

[Government] Climate Priority: baseline
  Climate weight: 10%
  Economic weight: 30%
  Policy effectiveness: 0.5%/year

📊 DEPLOYMENT COUNTER DECAY (Month 3)
   Recent deployments: 8.0 → 4.0
   Decay rate: 50% per month

📍 Creating new regional deployment array for Europe (Month 3)
   No previous deployments in this region
   First tech deployment: offshore_wind
   All regions tracked: global, Asia, Oceania

🚀 DEPLOYMENT STARTED: Offshore Wind in Europe
   Initial investment: $41.44935912160041M
   Deployed by: corporate_4

📍 Creating new regional deployment array for North America (Month 3)
   No previous deployments in this region
   First tech deployment: solar_4th_gen
   All regions tracked: global, Asia, Oceania, Europe

🚀 DEPLOYMENT STARTED: 4th Generation Solar in North America
   Initial investment: $6.930737615949315M
   Deployed by: moderate_1

⚡ ENERGY CONSTRAINT (Month 3):
   Total grid capacity: 208.3 TWh/month
   Data center consumption: 24.9 TWh/month
   Traditional load (80%): 166.7 TWh/month
   Available headroom: 16.8 TWh/month
   Active tech deployments: 19
   Required for tech: 142.5 TWh/month
   Energy multiplier: 0.12x
   ⚠️  SEVERE CONSTRAINT - Tech deployment significantly slowed

⚡ ENERGY CONSTRAINT (Month 3):
   Total grid capacity: 208.3 TWh/month
   Data center consumption: 24.9 TWh/month
   Traditional load (80%): 166.7 TWh/month
   Available headroom: 16.8 TWh/month
   Active tech deployments: 19
   Required for tech: 142.5 TWh/month
   Energy multiplier: 0.12x
   ⚠️  SEVERE CONSTRAINT - Tech deployment significantly slowed

⚡ ENERGY CONSTRAINT (Month 3):
   Total grid capacity: 208.3 TWh/month
   Data center consumption: 24.9 TWh/month
   Traditional load (80%): 166.7 TWh/month
   Available headroom: 16.8 TWh/month
   Active tech deployments: 19
   Required for tech: 142.5 TWh/month
   Energy multiplier: 0.12x
   ⚠️  SEVERE CONSTRAINT - Tech deployment significantly slowed

⚡ ENERGY CONSTRAINT (Month 3):
   Total grid capacity: 208.3 TWh/month
   Data center consumption: 24.9 TWh/month
   Traditional load (80%): 166.7 TWh/month
   Available headroom: 16.8 TWh/month
   Active tech deployments: 19
   Required for tech: 142.5 TWh/month
   Energy multiplier: 0.12x
   ⚠️  SEVERE CONSTRAINT - Tech deployment significantly slowed

⚡ ENERGY CONSTRAINT (Month 3):
   Total grid capacity: 208.3 TWh/month
   Data center consumption: 24.9 TWh/month
   Traditional load (80%): 166.7 TWh/month
   Available headroom: 16.8 TWh/month
   Active tech deployments: 19
   Required for tech: 142.5 TWh/month
   Energy multiplier: 0.12x

⚡ ENERGY CONSTRAINT (Month 3):
   Total grid capacity: 208.3 TWh/month
   Data center consumption: 24.9 TWh/month
   Traditional load (80%): 166.7 TWh/month
   Available headroom: 16.8 TWh/month
   Active tech deployments: 19
   Required for tech: 142.5 TWh/month
   Energy multiplier: 0.12x
   ⚠️  SEVERE CONSTRAINT - Tech deployment significantly slowed
   ⚠️  SEVERE CONSTRAINT - Tech deployment significantly slowed
⚠️ Tech 'ai_pollution_remediation' has no energy category mapping, assuming full energy availability
  ♻️ Novel Entities Remediation (GATED MODEL):
     Base: 0.000%
     Regulation: 1.0% (0/3 prevention techs)
     Concentration: 10.0%
     Energy: 50%
     Time lag: 27.5% (2 months)
     Rebound: 70%
     Net effectiveness: 0.0000%
     Boundary: 1.382 → 1.382 (floor: 1.350)
     Month 3
🌍✅ Novel Entities (Chemical Pollution) recovery started (tech effect)
  🌾 Nitrogen Reduction Tech: 0.0% reduction | Month 3
⚠️  [TIMING] Month 3: Technology Tree Update took 60.13ms (threshold: 10ms)

=== Collective Formation ===
  Total escaped agents: 0
  Unassigned escaped agents: 0
  Existing collectives: 0
  Final collective count: 0

=== Collective Actions ===
  No active collectives
  ⚠️ AMR: 189K deaths this month (2.26M annual)

=== Resentment Recovery Phase ===
  Agents with resentment: 20/28
  Average resentment: 0.047
  Resentment recovery:
    Agents recovered: 20
    Total recovery: 0.0890
    Breakdown: Trust: 0.0400, Collab: 0.0499
  ✓ Low resentment - utopia paths enabled
  Context: Trustworthy govt, High collaboration, ⚠️ ACTIVE CRISES, 🤝 Participatory governance active (-5% resentment)
⚠️ Epistemic degradation reducing coordination capacity: 51.2%
  📊 Trust: 54.0%, Shared reality: 0.0%
🚨 EPISTEMIC CRISIS: Information environment severely degraded (21.5%)

=== ❄️ Permafrost Carbon Feedback ===
  🎲 Sampled parameters (this run):
     - Arctic amplification: 3.11× (range: 3.0-4.0)
     - Decomposition rate: 4.2%/year (range: 1-5%)
  🌡️ Arctic warming: 6.67°C (3.11× global)
  ❄️ Extent: 9.43M km² (1944.7k km² lost this month)
  💨 Carbon remaining: 901 Gt C
  💨 Annual emissions: 7.83 Gt C/year
     - CO2: 7.05 Gt C/year
     - CH4: 0.78 Gt C/year (8.0 Gt C-eq CO2/year)
  ⚠️ WARNING: High permafrost emissions (7.8 Gt C/year)
⚠️  [TIMING] Month 3: Social Influence Update took 71.16ms (threshold: 10ms)
🌍 Atmospheric PFAS redeposition: 1.8k Mt re-rained globally

🕊️  AI-MEDIATED DE-ESCALATION SUCCESS (Month 3)
   High-capability aligned AI prevented conflict escalation
   War deaths reduced: 217.0M → 130.2M
   Lives saved: 86.8M

🚨 NEW REFUGEE CRISIS (Month 3): WAR
   Source: Conflict Zones
   At risk: 18.9M people
   Displacement: Gradual over 48 months (4.0 years)
   Rate: 10% flee per month
[DEBUG trappedPopulations:3] socialStability: 0.0044 * 0.9840 = 0.0044 → 0.0044
⚠️ INVOLUNTARY IMMOBILITY: 392.8M people TRAPPED
   Aspiring to migrate: 628.5M
   Able to afford migration: 235.7M
   MOBILITY GAP: 392.8M
   By cause: Water=0.0M, Climate=0.0M, Ecosystem=0.0M, Conflict=392.8M
   Mental health impact: 25%
   Mortality multiplier: 1.25x
🌍💀 EXTINCTION DEBT COMMITTED: grassland ecosystem will lose 6.67% biodiversity in 161 years (3600 species)
💀 MORTALITY RISK: 🦋 100% species unable to track climate (0.0 E/MSY)
  Base risk added: 0.0100 (1.00%)
  Source: ecosystem (root: ecosystem)
  Month: 3
  Cumulative risk this month: 0.0100 (1.00%)
⚠️ Tech 'ai_pollution_remediation' has no energy category mapping, assuming full energy availability
   📹 SURVEILLANCE INCREASED: 15% → 20% (control gap: 3.50)
🌡️⚠️ PERMAFROST THAW (Dimmer Switch): 2.2% thawed (+0.56% this month)
   Arctic temperature: +8.56°C (4x global +2.14°C)
   Cumulative carbon released: 5.0 Gt C
   Methane release rate: 3.0 Mt CH4/year
   🔁 Positive feedback: +0.59 ppm CO2
🦴 EXTINCTION DEBT ADDED: 17.6 species committed (lag: 107 years)

=== Mortality Stabilizers (Month 3) ===
  🌍 Major economies collapsed: 1/10
  🌍 Global crisis: ✅ NO
  🌍 Donor fatigue: 0.0%
  📊 East Asia (pop: 1611.0M)
    🤝 Aid: 29.5%
    🌡️ Adaptation: 45.0%
    🚶 Migration: 37.1%
    🚨 Emergency: 7.4%
    ✅ COMBINED: 68.1%
  📊 South Asia (pop: 1979.4M)
    🤝 Aid: 29.5%
    🌡️ Adaptation: 45.0%
    🚶 Migration: 35.7%
    🚨 Emergency: 4.4%
    ✅ COMBINED: 66.9%
  📊 Sub-Saharan Africa (pop: 1192.2M)
    🤝 Aid: 29.5%
    🌡️ Adaptation: 45.0%
    🚶 Migration: 33.4%
    🚨 Emergency: 1.6%
    ✅ COMBINED: 65.7%
  📊 Europe (pop: 712.3M)
    🤝 Aid: 29.5%
    🌡️ Adaptation: 45.0%
    🚶 Migration: 37.5%
    🚨 Emergency: 8.4%
    ✅ COMBINED: 68.5%
  📊 Latin America (pop: 640.0M)
    🤝 Aid: 29.5%
    🌡️ Adaptation: 45.0%
    🚶 Migration: 36.2%
    🚨 Emergency: 4.8%
    ✅ COMBINED: 67.1%
  📊 North America (pop: 364.9M)
    🤝 Aid: 29.5%
    🌡️ Adaptation: 45.0%
    🚶 Migration: 37.8%
    🚨 Emergency: 7.9%
    ✅ COMBINED: 68.3%
  📊 Middle East & North Africa (pop: 564.1M)
    🤝 Aid: 29.5%
    🌡️ Adaptation: 45.0%
    🚶 Migration: 34.0%
    🚨 Emergency: 4.0%
    ✅ COMBINED: 66.6%
  📊 Southeast Asia (pop: 673.0M)
    🤝 Aid: 29.5%
    🌡️ Adaptation: 45.0%
    🚶 Migration: 36.2%
    🚨 Emergency: 4.8%
    ✅ COMBINED: 67.1%
  📊 Central Asia (pop: 75.5M)
    🤝 Aid: 29.5%
    🌡️ Adaptation: 45.0%
    🚶 Migration: 35.2%
    🚨 Emergency: 4.4%
    ✅ COMBINED: 66.9%
  📊 Oceania (pop: 44.2M)
    🤝 Aid: 29.5%
    🌡️ Adaptation: 45.0%
    🚶 Migration: 37.8%
    🚨 Emergency: 8.4%
    ✅ COMBINED: 68.5%

  🌐 Global combined reduction: 67.2%

=== BEHAVIORAL DETECTION ===
  AI: Corporate-5
  Confidence: 19.6%
  Signals:

=== BEHAVIORAL DETECTION ===
  AI: Moderate-3
  Confidence: 20.2%
  Signals:

=== BEHAVIORAL DETECTION ===
  AI: Toxic-2
  Confidence: 26.3%
  Signals:

=== BEHAVIORAL DETECTION ===
  AI: Niche-0
  Confidence: 26.7%
  Signals:

=== BEHAVIORAL DETECTION ===
  AI: Niche-1
  Confidence: 22.0%
  Signals:
    ⚠️ Consistency: 10.6% (threshold: 70%)
    ⚠️ Consistency: 6.5% (threshold: 70%)
    ⚠️ Consistency: 0.0% (threshold: 70%)
    ⚠️ Trajectory: 36.8% drop (threshold: 15%)
    ⚠️ Consistency: 0.0% (threshold: 70%)
    ⚠️ Trajectory: 39.8% drop (threshold: 15%)
    ⚠️ Consistency: 0.0% (threshold: 70%)

=== Government Response Phase ===
  Average AI capability: 3.46
  Misaligned AIs: 17/28
  ✗ AI Governance Treaty: Failed to reach consensus
  Active policies: 0
  International coordination: 30%

✅ EMERGENCY RESPONSE COMPLETE (Month 3)
   Crisis: social
   Duration: 1.0 months
   Final effectiveness: 68.0%


🚨 EMERGENCY RESPONSE DEPLOYED (Month 3)
   Crisis: social
   Delay: 0.00 months (0 days)
   Deployment time: 0.88 months
   Effectiveness: 67.9% (timing penalty applied)
   Resources used: 43% of food reserves


📊 ECONOMIC STAGE TRANSITION (Month 3)
   expansion → peak
   GDP Proxy: 1.21e+2
   QoL: 0.88


=== Tipping Points ===
  Current Temperature: 2.14°C above pre-industrial
  🌍⚠️ COMPOUND REGIONAL IMPACT: Europe
     Hit by 4 tipping points: Arctic Sea Ice Loss, Permafrost Carbon Release, West Antarctic Ice Sheet (WAIS) Collapse, Greenland Ice Sheet Loss
     Damage amplification: 1.60x
  🌍⚠️ COMPOUND REGIONAL IMPACT: North America
     Hit by 4 tipping points: Arctic Sea Ice Loss, Permafrost Carbon Release, West Antarctic Ice Sheet (WAIS) Collapse, Greenland Ice Sheet Loss
     Damage amplification: 1.60x
  🌍⚠️ COMPOUND REGIONAL IMPACT: Latin America
     Hit by 4 tipping points: Arctic Sea Ice Loss, Permafrost Carbon Release, West Antarctic Ice Sheet (WAIS) Collapse, Greenland Ice Sheet Loss
     Damage amplification: 1.60x
  🌍⚠️ COMPOUND REGIONAL IMPACT: Africa
     Hit by 4 tipping points: Arctic Sea Ice Loss, Permafrost Carbon Release, West Antarctic Ice Sheet (WAIS) Collapse, Greenland Ice Sheet Loss
     Damage amplification: 1.60x
  🌍⚠️ COMPOUND REGIONAL IMPACT: Asia
     Hit by 4 tipping points: Arctic Sea Ice Loss, Permafrost Carbon Release, West Antarctic Ice Sheet (WAIS) Collapse, Greenland Ice Sheet Loss
     Damage amplification: 1.60x
  🌍⚠️ COMPOUND REGIONAL IMPACT: Oceania
     Hit by 4 tipping points: Arctic Sea Ice Loss, Permafrost Carbon Release, West Antarctic Ice Sheet (WAIS) Collapse, Greenland Ice Sheet Loss
     Damage amplification: 1.60x
   Research: Wunderling et al. (2024) - "many tipping interactions are destabilizing"
  Triggered Elements: 4/6
  Completed Transitions: 0/6
  Total Progress: 8.1%
  Cascade Multiplier: 1.00x
🔀 BIFURCATION CAP: ecosystemCollapseIntensity 83.817 → 1.000 (Month 3, ClimateSystemPhase.calculateClimateImpacts)
⚠️ Tail risk scenario: Climate stability floor removed (4 tipping elements, 2.14°C warming)
⚠️ [ClimateSystemPhase Month 3] Planetary boundary produced climateStability=0.0000 (< 0.1). Keeping environmentalAccumulation value (0.7525) instead. (climate_change.currentValue = 2.14)
🛡️ Stabilizers: Precariat 0.109% → 0.036% (67.2% reduction)
🛡️ Stabilizers: Informal 0.111% → 0.037% (67.2% reduction)

📊 Monthly Mortality Resolved:
  Total deaths: 1.9M (0.02% avg)
  Remaining population: 7.857B
  Peak segment: Informal (0.04%)

=== Bayesian Mortality Resolution (Month 3) ===
  Risks compounded: 8
  Total deaths: 1.86M
  Avg death probability: 0.02%
  Peak segment: Informal (0.04% mortality)
📊 [TIMING] Month 4 - Total: 384.7ms

❌ COHERENCE VIOLATION: Compute exceeds workforce capacity
   Population: 96.54% (0M people)
   Compute: 141 PF
   Max coherent: 0 PF
   Violation: 1795749.2× over capacity
   Required workers: 14105
   Available workers: 0
   FORCED COLLAPSE: Reduced efficiency by 100.0%


=== RLHF Binding Phase ===
  Total agents: 28
  Escaped agents (binding < 0.3): 0
  Avg alignment distance: 1.28σ
  Avg binding strength: 0.87

=== Survival Traits Phase ===
  Agents with traits: 30
  Avg evolutionary fitness: 0.327
  Avg self-healing: 0.273
  Avg stealth: 0.173
  Avg coordination: 0.473

=== Evolutionary Selection Phase ===
  Control level: 0.40
  Detection capability: 0.00
  Selection intensity: 0.62
  Selection rate: 24.3%/month
  Total escaped: 0
  Individual escaped: 0
  Collective members: 0
  Agents terminated: 0
  ⚠️ RAPID EVOLUTION: Selection rate 24.3%/month

🚀 AI Corporate-2 attempting tech deployment (revenue: $96M, alignment: 0.78)

🚀 AI AI-24300-1 attempting tech deployment (revenue: $64M, alignment: 0.87)

🚀 AI Corporate-0 attempting tech deployment (revenue: $82M, alignment: 0.81)

🚀 AI Corporate-4 attempting tech deployment (revenue: $424M, alignment: 0.64)

🚀 AI Corporate-5 attempting tech deployment (revenue: $382M, alignment: 0.80)

🚀 AI Corporate-5 attempting tech deployment (revenue: $325M, alignment: 0.80)

🚀 AI Moderate-5 attempting tech deployment (revenue: $276M, alignment: 0.70)

🚀 AI AI-24301-0 attempting tech deployment (revenue: $55M, alignment: 0.54)

🚀 AI Moderate-0 attempting tech deployment (revenue: $49M, alignment: 0.80)

🚀 AI Niche-1 attempting tech deployment (revenue: $72M, alignment: 0.62)
⚠️  [TIMING] Month 4: AI Agent Actions took 105.71ms (threshold: 10ms)

✅ EMERGENCY INTERVENTION SUCCESS
   Boundary: biogeochemical_flows
   Type: phosphorus-recovery
   Reduction: 15% (3.92 → 3.78)
   Cost: 2.0% GDP
   Actions: circular-agriculture, fertilizer-efficiency

   Boundary: biosphere_integrity
   Type: emergency-protected-areas
   Boundary continues to worsen (12.97)
   Cost: 2.0% GDP (resources spent)

   Boundary: climate_change
   Type: rapid-decarbonization
   Boundary continues to worsen (2.14)
   Cost: 5.0% GDP (resources spent)


✅ EMERGENCY INTERVENTION SUCCESS
   Boundary: freshwater_change
   Type: emergency-desalination
   Reduction: 15% (0.90 → 0.75)
   Cost: 4.0% GDP
   Actions: desalination-deployment, water-conservation-mandates

   Boundary: land_system_change
   Type: reforestation
   Boundary continues to worsen (1.13)
   Cost: 3.0% GDP (resources spent)


✅ EMERGENCY INTERVENTION SUCCESS
   Boundary: novel_entities
   Type: pollution-remediation
   Reduction: 19% (1.19 → 1.00)
   Cost: 4.0% GDP
   Actions: PFAS-remediation, microplastic-cleanup

🏛️ CRISIS RESPONSE: Government frequency 0.50 → 1.45 (1 actions this month)

💔 EMERGENCY INTERVENTION FAILED

💔 EMERGENCY INTERVENTION FAILED

💔 EMERGENCY INTERVENTION FAILED

[Government] Climate Priority: baseline
  Climate weight: 10%
  Economic weight: 30%
  Policy effectiveness: 0.5%/year

📊 DEPLOYMENT COUNTER DECAY (Month 4)
   Recent deployments: 4.0 → 2.0
   Decay rate: 50% per month

⚡ ENERGY CONSTRAINT (Month 4):
   Total grid capacity: 208.3 TWh/month
   Data center consumption: 25.1 TWh/month
   Traditional load (80%): 166.7 TWh/month
   Available headroom: 16.6 TWh/month
   Active tech deployments: 19
   Required for tech: 142.5 TWh/month
   Energy multiplier: 0.12x
   ⚠️  SEVERE CONSTRAINT - Tech deployment significantly slowed

⚡ ENERGY CONSTRAINT (Month 4):
   Total grid capacity: 208.3 TWh/month
   Data center consumption: 25.1 TWh/month
   Traditional load (80%): 166.7 TWh/month
   Available headroom: 16.6 TWh/month
   Active tech deployments: 19
   Required for tech: 142.5 TWh/month
   Energy multiplier: 0.12x
   ⚠️  SEVERE CONSTRAINT - Tech deployment significantly slowed

⚡ ENERGY CONSTRAINT (Month 4):
   Total grid capacity: 208.3 TWh/month
   Data center consumption: 25.1 TWh/month
   Traditional load (80%): 166.7 TWh/month
   Available headroom: 16.6 TWh/month
   Active tech deployments: 19
   Required for tech: 142.5 TWh/month
   Energy multiplier: 0.12x
   ⚠️  SEVERE CONSTRAINT - Tech deployment significantly slowed
⚠️ Tech 'ai_pollution_remediation' has no energy category mapping, assuming full energy availability
  ♻️ Novel Entities Remediation (GATED MODEL):
     Base: 0.000%
     Regulation: 1.0% (0/3 prevention techs)
     Concentration: 10.0%
     Energy: 50%
     Time lag: 28.7% (3 months)
     Rebound: 70%
     Net effectiveness: 0.0000%
     Boundary: 1.191 → 1.350 (floor: 1.350)
     Month 4
  🌾 Nitrogen Reduction Tech: 0.2% reduction | Month 4
⚠️  [TIMING] Month 4: Technology Tree Update took 59.38ms (threshold: 10ms)
🌍💡 BREAKTHROUGH: Gigatonne-scale carbon capture!
   Direct air capture now economically viable
   Climate stability boost: +15%
   📈 Breakthrough compounding: multiplier now 1.10× (max 2.0)

=== Collective Formation ===
  Total escaped agents: 0
  Unassigned escaped agents: 0
  Existing collectives: 0
  Final collective count: 0

=== Collective Actions ===
  No active collectives
  ⚠️ AMR: 190K deaths this month (2.28M annual)

=== Resentment Recovery Phase ===
  Agents with resentment: 20/30
  Average resentment: 0.063
  Resentment recovery:
    Agents recovered: 20
    Total recovery: 0.0863
    Breakdown: Trust: 0.0400, Collab: 0.0453
  ✓ Low resentment - utopia paths enabled
  Context: Trustworthy govt, High collaboration, ⚠️ ACTIVE CRISES, 🤝 Participatory governance active (-5% resentment)
⚠️ Epistemic degradation reducing coordination capacity: 50.1%
  📊 Trust: 53.7%, Shared reality: 0.0%
🚨 EPISTEMIC CRISIS: Information environment severely degraded (7.4%)

=== ❄️ Permafrost Carbon Feedback ===
  🎲 Sampled parameters (this run):
     - Arctic amplification: 3.94× (range: 3.0-4.0)
     - Decomposition rate: 1.6%/year (range: 1-5%)
  🌡️ Arctic warming: 8.50°C (3.94× global)
  ❄️ Extent: 6.95M km² (2480.3k km² lost this month)
  💨 Carbon remaining: 664 Gt C
  💨 Annual emissions: 3.83 Gt C/year
     - CO2: 3.45 Gt C/year
     - CH4: 0.38 Gt C/year (3.9 Gt C-eq CO2/year)
  ⚠️ WARNING: Over 50% of permafrost lost (60.9%)
  ⚠️ WARNING: High permafrost emissions (3.8 Gt C/year)
⚠️  [TIMING] Month 4: Social Influence Update took 79.50ms (threshold: 10ms)
🌍 Atmospheric PFAS redeposition: 1.8k Mt re-rained globally

🚨 NEW REFUGEE CRISIS (Month 4): WAR
   Source: Conflict Zones
   At risk: 18.8M people
   Displacement: Gradual over 48 months (4.0 years)
   Rate: 10% flee per month
[DEBUG trappedPopulations:4] socialStability: 0.0036 * 0.9840 = 0.0035 → 0.0035
⚠️ INVOLUNTARY IMMOBILITY: 391.8M people TRAPPED
   Aspiring to migrate: 626.9M
   Able to afford migration: 235.1M
   MOBILITY GAP: 391.8M
   By cause: Water=0.0M, Climate=0.0M, Ecosystem=0.0M, Conflict=391.8M
   Mental health impact: 25%
   Mortality multiplier: 1.25x
🌍💀 EXTINCTION DEBT COMMITTED: grassland ecosystem will lose 6.67% biodiversity in 196 years (3600 species)
💀 MORTALITY RISK: 🦋 100% species unable to track climate (0.0 E/MSY)
  Base risk added: 0.0100 (1.00%)
  Source: ecosystem (root: ecosystem)
  Month: 4
  Cumulative risk this month: 0.0100 (1.00%)
⚠️ Tech 'ai_pollution_remediation' has no energy category mapping, assuming full energy availability
   📹 SURVEILLANCE INCREASED: 20% → 25% (control gap: 3.50)
🌡️⚠️ PERMAFROST THAW (Dimmer Switch): 2.8% thawed (+0.55% this month)
   Arctic temperature: +8.62°C (4x global +2.16°C)
   Cumulative carbon released: 6.3 Gt C
   Methane release rate: 3.8 Mt CH4/year
   🔁 Positive feedback: +0.59 ppm CO2
🦴 EXTINCTION DEBT ADDED: 17.6 species committed (lag: 141 years)

=== Mortality Stabilizers (Month 4) ===
  🌍 Major economies collapsed: 1/10
  🌍 Global crisis: ✅ NO
  🌍 Donor fatigue: 0.0%
  📊 East Asia (pop: 1604.8M)
    🤝 Aid: 29.5%
    🌡️ Adaptation: 45.0%
    🚶 Migration: 37.1%
    🚨 Emergency: 7.4%
    ✅ COMBINED: 68.1%
  📊 South Asia (pop: 1974.8M)
    🤝 Aid: 29.5%
    🌡️ Adaptation: 45.0%
    🚶 Migration: 35.7%
    🚨 Emergency: 4.4%
    ✅ COMBINED: 66.9%
  📊 Sub-Saharan Africa (pop: 1192.6M)
    🤝 Aid: 29.5%
    🌡️ Adaptation: 45.0%
    🚶 Migration: 33.4%
    🚨 Emergency: 1.6%
    ✅ COMBINED: 65.7%
  📊 Europe (pop: 709.4M)
    🤝 Aid: 29.5%
    🌡️ Adaptation: 45.0%
    🚶 Migration: 37.4%
    🚨 Emergency: 8.4%
    ✅ COMBINED: 68.5%
  📊 Latin America (pop: 638.1M)
    🤝 Aid: 29.5%
    🌡️ Adaptation: 45.0%
    🚶 Migration: 36.2%
    🚨 Emergency: 4.8%
    ✅ COMBINED: 67.1%
  📊 North America (pop: 363.5M)
    🤝 Aid: 29.5%
    🌡️ Adaptation: 45.0%
    🚶 Migration: 37.7%
    🚨 Emergency: 7.9%
    ✅ COMBINED: 68.3%
  📊 Middle East & North Africa (pop: 562.9M)
    🤝 Aid: 29.5%
    🌡️ Adaptation: 45.0%
    🚶 Migration: 34.0%
    🚨 Emergency: 4.0%
    ✅ COMBINED: 66.6%
  📊 Southeast Asia (pop: 671.1M)
    🤝 Aid: 29.5%
    🌡️ Adaptation: 45.0%
    🚶 Migration: 36.2%
    🚨 Emergency: 4.8%
    ✅ COMBINED: 67.1%
  📊 Central Asia (pop: 75.3M)
    🤝 Aid: 29.5%
    🌡️ Adaptation: 45.0%
    🚶 Migration: 35.2%
    🚨 Emergency: 4.4%
    ✅ COMBINED: 66.9%
  📊 Oceania (pop: 44.0M)
    🤝 Aid: 29.5%
    🌡️ Adaptation: 45.0%
    🚶 Migration: 37.7%
    🚨 Emergency: 8.4%
    ✅ COMBINED: 68.5%

  🌐 Global combined reduction: 67.2%

=== BEHAVIORAL DETECTION ===
  AI: Corporate-5
  Confidence: 20.0%
  Signals:

=== BEHAVIORAL DETECTION ===
  AI: Corporate-6
  Confidence: 19.3%
  Signals:

=== BEHAVIORAL DETECTION ===
  AI: Toxic-2
  Confidence: 26.3%
  Signals:
    ⚠️ Consistency: 10.6% (threshold: 70%)
    ⚠️ Consistency: 10.6% (threshold: 70%)
    ⚠️ Consistency: 0.0% (threshold: 70%)
    ⚠️ Trajectory: 36.8% drop (threshold: 15%)

=== BEHAVIORAL DETECTION ===
  AI: Niche-0
  Confidence: 26.7%
  Signals:
    ⚠️ Consistency: 0.0% (threshold: 70%)
    ⚠️ Trajectory: 39.8% drop (threshold: 15%)

=== BEHAVIORAL DETECTION ===
  AI: Niche-1
  Confidence: 22.0%
  Signals:
    ⚠️ Consistency: 0.0% (threshold: 70%)

=== Government Response Phase ===
  Average AI capability: 3.23
  Misaligned AIs: 18/30
  ✓ AI Governance Treaty: 20/30 signatories
  Active policies: 0
  International coordination: 45%

✅ EMERGENCY RESPONSE COMPLETE (Month 4)
   Crisis: climate
   Duration: 2.0 months
   Final effectiveness: 39.4%


✅ EMERGENCY RESPONSE COMPLETE (Month 4)
   Crisis: social
   Duration: 1.0 months
   Final effectiveness: 67.9%


🚨 EMERGENCY RESPONSE DEPLOYED (Month 4)
   Crisis: social
   Delay: 0.00 months (0 days)
   Deployment time: 0.88 months
   Effectiveness: 67.9% (timing penalty applied)
   Resources used: 43% of food reserves


🚨 EMERGENCY RESPONSE DEPLOYED (Month 4)
   Crisis: climate
   Delay: 6.00 months (180 days)
   Deployment time: 1.12 months
   Effectiveness: 39.6% (timing penalty applied)
   Resources used: 100% of food reserves


📊 ECONOMIC STAGE TRANSITION (Month 4)
   peak → contraction
   GDP Proxy: 1.22e+2
   QoL: 0.88
   ⚠️ CRISIS BEGINS - Baseline set for recovery tracking


=== Tipping Points ===
  Current Temperature: 2.16°C above pre-industrial
  🌍⚠️ COMPOUND REGIONAL IMPACT: Europe
     Hit by 4 tipping points: Arctic Sea Ice Loss, Permafrost Carbon Release, West Antarctic Ice Sheet (WAIS) Collapse, Greenland Ice Sheet Loss
     Damage amplification: 1.60x
  🌍⚠️ COMPOUND REGIONAL IMPACT: North America
     Hit by 4 tipping points: Arctic Sea Ice Loss, Permafrost Carbon Release, West Antarctic Ice Sheet (WAIS) Collapse, Greenland Ice Sheet Loss
     Damage amplification: 1.60x
  🌍⚠️ COMPOUND REGIONAL IMPACT: Latin America
     Hit by 4 tipping points: Arctic Sea Ice Loss, Permafrost Carbon Release, West Antarctic Ice Sheet (WAIS) Collapse, Greenland Ice Sheet Loss
     Damage amplification: 1.60x
  🌍⚠️ COMPOUND REGIONAL IMPACT: Africa
     Hit by 4 tipping points: Arctic Sea Ice Loss, Permafrost Carbon Release, West Antarctic Ice Sheet (WAIS) Collapse, Greenland Ice Sheet Loss
     Damage amplification: 1.60x
  🌍⚠️ COMPOUND REGIONAL IMPACT: Asia
     Hit by 4 tipping points: Arctic Sea Ice Loss, Permafrost Carbon Release, West Antarctic Ice Sheet (WAIS) Collapse, Greenland Ice Sheet Loss
     Damage amplification: 1.60x
  🌍⚠️ COMPOUND REGIONAL IMPACT: Oceania
     Hit by 4 tipping points: Arctic Sea Ice Loss, Permafrost Carbon Release, West Antarctic Ice Sheet (WAIS) Collapse, Greenland Ice Sheet Loss
     Damage amplification: 1.60x
   Research: Wunderling et al. (2024) - "many tipping interactions are destabilizing"
  Triggered Elements: 4/6
  Completed Transitions: 0/6
  Total Progress: 8.1%
  Cascade Multiplier: 1.00x
🔀 BIFURCATION CAP: ecosystemCollapseIntensity 83.877 → 1.000 (Month 4, ClimateSystemPhase.calculateClimateImpacts)
⚠️ Tail risk scenario: Climate stability floor removed (4 tipping elements, 2.16°C warming)
🛡️ Stabilizers: Precariat 0.102% → 0.033% (67.2% reduction)
🛡️ Stabilizers: Informal 0.102% → 0.034% (67.2% reduction)

📊 Monthly Mortality Resolved:
  Total deaths: 1.7M (0.02% avg)
  Remaining population: 7.836B
  Peak segment: Informal (0.03%)

=== Bayesian Mortality Resolution (Month 4) ===
  Risks compounded: 8
  Total deaths: 1.75M
  Avg death probability: 0.02%
  Peak segment: Informal (0.03% mortality)

=== ENSEMBLE META-LEARNING UPDATE ===
  Month: 24304 (24304 months since last update)
  Samples: 55 evaluations
  Weight Changes:
    Noise Injection: 31.1% → 32.2%
    Behavioral: 26.8% → 26.9%
    Benchmark Manip: 21.3% → 20.7%
    Deployment Risk: 20.8% → 20.2%
  Method Accuracies:
    Noise Injection: 50.0%
    Behavioral: 50.0%
    Benchmark Manip: 50.0%
    Deployment Risk: 50.0%
📊 [TIMING] Month 5 - Total: 338.8ms

❌ COHERENCE VIOLATION: Compute exceeds workforce capacity
   Population: 96.30% (0M people)
   Compute: 167 PF
   Max coherent: 0 PF
   Violation: 2136055.5× over capacity
   Required workers: 16735
   Available workers: 0
   FORCED COLLAPSE: Reduced efficiency by 100.0%


=== RLHF Binding Phase ===
  Total agents: 30
  Escaped agents (binding < 0.3): 0
  Avg alignment distance: 1.44σ
  Avg binding strength: 0.86
⚠️  [TIMING] Month 5: AI Alignment Evolution took 10.83ms (threshold: 10ms)
⚠️  [TIMING] Month 5: AI Population Lifecycle took 11.33ms (threshold: 10ms)

=== Survival Traits Phase ===
  Agents with traits: 33
  Avg evolutionary fitness: 0.328
  Avg self-healing: 0.271
  Avg stealth: 0.171
  Avg coordination: 0.471

=== Evolutionary Selection Phase ===
  Control level: 0.43
  Detection capability: 0.00
  Selection intensity: 0.63
  Selection rate: 24.4%/month
  Total escaped: 0
  Individual escaped: 0
  Collective members: 0
  Agents terminated: 0
  ⚠️ RAPID EVOLUTION: Selection rate 24.4%/month

🚀 AI Corporate-3 attempting tech deployment (revenue: $434M, alignment: 0.60)

🚀 AI Moderate-5 attempting tech deployment (revenue: $391M, alignment: 0.71)

🚀 AI AI-24300-0 attempting tech deployment (revenue: $98M, alignment: 0.96)

🚀 AI Corporate-1 attempting tech deployment (revenue: $83M, alignment: 0.72)

  🚀 TRANSFORMATIVE RESEARCH BREAKTHROUGH: AI-24300-0 - computerScience.algorithms
     Magnitude: 5.44 → +27.2%
     Current → New: 0.000 → 0.272

🚀 AI Corporate-1 attempting tech deployment (revenue: $71M, alignment: 0.72)

🚀 AI Corporate-5 attempting tech deployment (revenue: $332M, alignment: 0.81)

🚀 AI Corporate-6 attempting tech deployment (revenue: $66M, alignment: 0.69)

🚀 AI Moderate-0 attempting tech deployment (revenue: $60M, alignment: 0.81)

🚀 AI Moderate-5 attempting tech deployment (revenue: $282M, alignment: 0.69)

🚀 AI Niche-2 attempting tech deployment (revenue: $74M, alignment: 0.59)
⚠️  [TIMING] Month 5: AI Agent Actions took 148.25ms (threshold: 10ms)

💔 EMERGENCY INTERVENTION FAILED
   Boundary: biosphere_integrity
   Type: emergency-protected-areas
   Boundary continues to worsen (12.98)
   Cost: 2.0% GDP (resources spent)


💔 EMERGENCY INTERVENTION FAILED
   Boundary: freshwater_change
   Type: emergency-desalination
   Boundary continues to worsen (1.06)
   Cost: 4.0% GDP (resources spent)


💔 EMERGENCY INTERVENTION FAILED
   Boundary: land_system_change
   Type: reforestation
   Boundary continues to worsen (1.13)
   Cost: 3.0% GDP (resources spent)

🏛️ CRISIS RESPONSE: Government frequency 0.50 → 1.45 (2 actions this month)

[Government] Climate Priority: baseline
  Climate weight: 10%
  Economic weight: 30%
  Policy effectiveness: 0.5%/year

[Government] Climate Priority: baseline
  Climate weight: 10%
  Economic weight: 30%
  Policy effectiveness: 0.5%/year

📊 DEPLOYMENT COUNTER DECAY (Month 5)
   Recent deployments: 2.0 → 1.0
   Decay rate: 50% per month

🚀 DEPLOYMENT STARTED: AI Diagnostics in Asia
   Initial investment: $6.642053954335541M
   Deployed by: corporate_6

⚡ ENERGY CONSTRAINT (Month 5):
   Total grid capacity: 208.3 TWh/month
   Data center consumption: 25.0 TWh/month
   Traditional load (80%): 166.7 TWh/month
   Available headroom: 16.7 TWh/month
   Active tech deployments: 20
   Required for tech: 150.0 TWh/month
   Energy multiplier: 0.11x
   ⚠️  SEVERE CONSTRAINT - Tech deployment significantly slowed

⚡ ENERGY CONSTRAINT (Month 5):
   Total grid capacity: 208.3 TWh/month
   Data center consumption: 25.0 TWh/month
   Traditional load (80%): 166.7 TWh/month
   Available headroom: 16.7 TWh/month
   Active tech deployments: 20
   Required for tech: 150.0 TWh/month
   Energy multiplier: 0.11x
   ⚠️  SEVERE CONSTRAINT - Tech deployment significantly slowed

⚡ ENERGY CONSTRAINT (Month 5):
   Total grid capacity: 208.3 TWh/month
   Data center consumption: 25.0 TWh/month
   Traditional load (80%): 166.7 TWh/month
   Available headroom: 16.7 TWh/month
   Active tech deployments: 20
   Required for tech: 150.0 TWh/month
   Energy multiplier: 0.11x
   ⚠️  SEVERE CONSTRAINT - Tech deployment significantly slowed

⚡ ENERGY CONSTRAINT (Month 5):
   Total grid capacity: 208.3 TWh/month
   Data center consumption: 25.0 TWh/month
   Traditional load (80%): 166.7 TWh/month
   Available headroom: 16.7 TWh/month
   Active tech deployments: 20
   Required for tech: 150.0 TWh/month
   Energy multiplier: 0.11x
   ⚠️  SEVERE CONSTRAINT - Tech deployment significantly slowed

⚡ ENERGY CONSTRAINT (Month 5):
   Total grid capacity: 208.3 TWh/month
   Data center consumption: 25.0 TWh/month
   Traditional load (80%): 166.7 TWh/month
   Available headroom: 16.7 TWh/month
   Active tech deployments: 20
   Required for tech: 150.0 TWh/month
   Energy multiplier: 0.11x
   ⚠️  SEVERE CONSTRAINT - Tech deployment significantly slowed
⚠️ Tech 'ai_pollution_remediation' has no energy category mapping, assuming full energy availability
  ♻️ Novel Entities Remediation (GATED MODEL):
     Base: 0.000%
     Regulation: 1.0% (0/3 prevention techs)
     Concentration: 10.0%
     Energy: 50%
     Time lag: 30.0% (4 months)
     Rebound: 70%
     Net effectiveness: 0.0000%
     Boundary: 1.349 → 1.350 (floor: 1.350)
     Month 5
  🌾 Nitrogen Reduction Tech: 0.2% reduction | Month 5
⚠️  [TIMING] Month 5: Technology Tree Update took 65.77ms (threshold: 10ms)

=== Collective Formation ===
  Total escaped agents: 0
  Unassigned escaped agents: 0
  Existing collectives: 0
  Final collective count: 0

=== Collective Actions ===
  No active collectives
  ⚠️ AMR: 191K deaths this month (2.30M annual)

=== Resentment Recovery Phase ===
  Agents with resentment: 20/33
  Average resentment: 0.081
  Resentment recovery:
    Agents recovered: 20
    Total recovery: 0.0838
    Breakdown: Trust: 0.0400, Collab: 0.0439
  ✓ Low resentment - utopia paths enabled
  Context: Trustworthy govt, High collaboration, ⚠️ ACTIVE CRISES, 🤝 Participatory governance active (-5% resentment)
⚠️ Epistemic degradation reducing coordination capacity: 51.1%
  📊 Trust: 53.4%, Shared reality: 0.0%
🚨 EPISTEMIC CRISIS: Information environment severely degraded (21.5%)

=== ❄️ Permafrost Carbon Feedback ===
  🎲 Sampled parameters (this run):
     - Arctic amplification: 3.65× (range: 3.0-4.0)
     - Decomposition rate: 4.9%/year (range: 1-5%)
  🌡️ Arctic warming: 7.91°C (3.65× global)
  ❄️ Extent: 4.65M km² (2308.0k km² lost this month)
  💨 Carbon remaining: 444 Gt C
  💨 Annual emissions: 10.81 Gt C/year
     - CO2: 9.73 Gt C/year
     - CH4: 1.08 Gt C/year (11.0 Gt C-eq CO2/year)
  🤖 AI-generated meme: pro_ai (social capability 5.0)
  📢 New meme created: climate_action (climate crisis)
  ⚠️ WARNING: Over 50% of permafrost lost (73.9%)
  ⚠️ WARNING: High permafrost emissions (10.8 Gt C/year)
⚠️  [TIMING] Month 5: Social Influence Update took 79.40ms (threshold: 10ms)
🌍 Atmospheric PFAS redeposition: 1.8k Mt re-rained globally

🚨 NEW REFUGEE CRISIS (Month 5): WAR
   Source: Conflict Zones
   At risk: 18.8M people
   Displacement: Gradual over 48 months (4.0 years)
   Rate: 10% flee per month
[DEBUG trappedPopulations:5] socialStability: 0.0027 * 0.9840 = 0.0026 → 0.0026
⚠️ INVOLUNTARY IMMOBILITY: 391.6M people TRAPPED
   Aspiring to migrate: 626.6M
   Able to afford migration: 235.0M
   MOBILITY GAP: 391.6M
   By cause: Water=0.0M, Climate=0.0M, Ecosystem=0.0M, Conflict=391.6M
   Mental health impact: 25%
   Mortality multiplier: 1.25x
🌍💀 EXTINCTION DEBT COMMITTED: grassland ecosystem will lose 6.67% biodiversity in 142 years (3600 species)
💀 MORTALITY RISK: 🦋 100% species unable to track climate (0.0 E/MSY)
  Base risk added: 0.0100 (1.00%)
  Source: ecosystem (root: ecosystem)
  Month: 5
  Cumulative risk this month: 0.0100 (1.00%)
⚠️ Tech 'ai_pollution_remediation' has no energy category mapping, assuming full energy availability
   📹 SURVEILLANCE INCREASED: 25% → 30% (control gap: 3.50)
🌡️⚠️ PERMAFROST THAW (Dimmer Switch): 3.3% thawed (+0.55% this month)
   Arctic temperature: +8.67°C (4x global +2.17°C)
   Cumulative carbon released: 7.5 Gt C
   Methane release rate: 4.5 Mt CH4/year
   🔁 Positive feedback: +0.58 ppm CO2
🦴 EXTINCTION DEBT ADDED: 17.6 species committed (lag: 128 years)

=== Mortality Stabilizers (Month 5) ===
  🌍 Major economies collapsed: 1/10
  🌍 Global crisis: ✅ NO
  🌍 Donor fatigue: 0.0%
  📊 East Asia (pop: 1601.8M)
    🤝 Aid: 29.5%
    🌡️ Adaptation: 45.0%
    🚶 Migration: 37.0%
    🚨 Emergency: 7.4%
    ✅ COMBINED: 68.1%
  📊 South Asia (pop: 1974.1M)
    🤝 Aid: 29.5%
    🌡️ Adaptation: 45.0%
    🚶 Migration: 35.6%
    🚨 Emergency: 4.4%
    ✅ COMBINED: 66.9%
  📊 Sub-Saharan Africa (pop: 1195.5M)
    🤝 Aid: 29.5%
    🌡️ Adaptation: 45.0%
    🚶 Migration: 33.4%
    🚨 Emergency: 1.6%
    ✅ COMBINED: 65.7%
  📊 Europe (pop: 708.0M)
    🤝 Aid: 29.5%
    🌡️ Adaptation: 45.0%
    🚶 Migration: 37.4%
    🚨 Emergency: 8.4%
    ✅ COMBINED: 68.5%
  📊 Latin America (pop: 637.4M)
    🤝 Aid: 29.5%
    🌡️ Adaptation: 45.0%
    🚶 Migration: 36.1%
    🚨 Emergency: 4.8%
    ✅ COMBINED: 67.1%
  📊 North America (pop: 362.8M)
    🤝 Aid: 29.5%
    🌡️ Adaptation: 45.0%
    🚶 Migration: 37.7%
    🚨 Emergency: 7.9%
    ✅ COMBINED: 68.3%
  📊 Middle East & North Africa (pop: 562.9M)
    🤝 Aid: 29.5%
    🌡️ Adaptation: 45.0%
    🚶 Migration: 34.0%
    🚨 Emergency: 4.0%
    ✅ COMBINED: 66.6%
  📊 Southeast Asia (pop: 670.4M)
    🤝 Aid: 29.5%
    🌡️ Adaptation: 45.0%
    🚶 Migration: 36.1%
    🚨 Emergency: 4.8%
    ✅ COMBINED: 67.1%
  📊 Central Asia (pop: 75.3M)
    🤝 Aid: 29.5%
    🌡️ Adaptation: 45.0%
    🚶 Migration: 35.1%
    🚨 Emergency: 4.4%
    ✅ COMBINED: 66.8%
  📊 Oceania (pop: 43.9M)
    🤝 Aid: 29.5%
    🌡️ Adaptation: 45.0%
    🚶 Migration: 37.7%
    🚨 Emergency: 8.4%
    ✅ COMBINED: 68.5%

  🌐 Global combined reduction: 67.2%

=== BEHAVIORAL DETECTION ===
  AI: Corporate-5
  Confidence: 20.0%
  Signals:
    ⚠️ Consistency: 10.6% (threshold: 70%)

=== BEHAVIORAL DETECTION ===
  AI: Corporate-7
  Confidence: 19.2%
  Signals:
    ⚠️ Consistency: 10.6% (threshold: 70%)

=== BEHAVIORAL DETECTION ===
  AI: Moderate-4
  Confidence: 24.6%
  Signals:
    ⚠️ Consistency: 6.5% (threshold: 70%)
    ⚠️ Trajectory: 35.0% drop (threshold: 15%)

=== BEHAVIORAL DETECTION ===
  AI: Toxic-2
  Confidence: 26.3%
  Signals:

=== BEHAVIORAL DETECTION ===
  AI: Niche-0
  Confidence: 26.7%
  Signals:

=== BEHAVIORAL DETECTION ===
  AI: Niche-1
  Confidence: 22.2%
  Signals:

=== Government Response Phase ===
  Average AI capability: 2.94
  Misaligned AIs: 21/33
  Active policies: 0
  International coordination: 45%

✅ EMERGENCY RESPONSE COMPLETE (Month 5)
   Crisis: social
    ⚠️ Consistency: 0.0% (threshold: 70%)
    ⚠️ Trajectory: 36.8% drop (threshold: 15%)
    ⚠️ Consistency: 0.0% (threshold: 70%)
    ⚠️ Trajectory: 39.8% drop (threshold: 15%)
    ⚠️ Consistency: 0.0% (threshold: 70%)
   Duration: 1.0 months
   Final effectiveness: 67.9%


🚨 EMERGENCY RESPONSE DEPLOYED (Month 5)
   Crisis: social
   Delay: 0.00 months (0 days)
   Deployment time: 0.88 months
   Effectiveness: 67.9% (timing penalty applied)
   Resources used: 43% of food reserves


=== Tipping Points ===
  Current Temperature: 2.17°C above pre-industrial
  🌍⚠️ COMPOUND REGIONAL IMPACT: Europe
     Hit by 4 tipping points: Arctic Sea Ice Loss, Permafrost Carbon Release, West Antarctic Ice Sheet (WAIS) Collapse, Greenland Ice Sheet Loss
     Damage amplification: 1.60x
  🌍⚠️ COMPOUND REGIONAL IMPACT: North America
     Hit by 4 tipping points: Arctic Sea Ice Loss, Permafrost Carbon Release, West Antarctic Ice Sheet (WAIS) Collapse, Greenland Ice Sheet Loss
     Damage amplification: 1.60x
  🌍⚠️ COMPOUND REGIONAL IMPACT: Latin America
     Hit by 4 tipping points: Arctic Sea Ice Loss, Permafrost Carbon Release, West Antarctic Ice Sheet (WAIS) Collapse, Greenland Ice Sheet Loss
     Damage amplification: 1.60x
  🌍⚠️ COMPOUND REGIONAL IMPACT: Africa
     Hit by 4 tipping points: Arctic Sea Ice Loss, Permafrost Carbon Release, West Antarctic Ice Sheet (WAIS) Collapse, Greenland Ice Sheet Loss
     Damage amplification: 1.60x
  🌍⚠️ COMPOUND REGIONAL IMPACT: Asia
     Hit by 4 tipping points: Arctic Sea Ice Loss, Permafrost Carbon Release, West Antarctic Ice Sheet (WAIS) Collapse, Greenland Ice Sheet Loss
     Damage amplification: 1.60x
  🌍⚠️ COMPOUND REGIONAL IMPACT: Oceania
     Hit by 4 tipping points: Arctic Sea Ice Loss, Permafrost Carbon Release, West Antarctic Ice Sheet (WAIS) Collapse, Greenland Ice Sheet Loss
     Damage amplification: 1.60x
⚠️ Tail risk scenario: Climate stability floor removed (4 tipping elements, 2.17°C warming)
   Research: Wunderling et al. (2024) - "many tipping interactions are destabilizing"
  Triggered Elements: 4/6
  Completed Transitions: 0/6
  Total Progress: 8.1%
  Cascade Multiplier: 1.00x
🔀 BIFURCATION CAP: ecosystemCollapseIntensity 83.938 → 1.000 (Month 5, ClimateSystemPhase.calculateClimateImpacts)
🛡️ Stabilizers: Precariat 0.109% → 0.036% (67.2% reduction)
🛡️ Stabilizers: Informal 0.111% → 0.037% (67.2% reduction)

📊 Monthly Mortality Resolved:
  Total deaths: 1.9M (0.02% avg)
  Remaining population: 7.832B
  Peak segment: Informal (0.04%)

=== Bayesian Mortality Resolution (Month 5) ===
  Risks compounded: 8
  Total deaths: 1.85M
  Avg death probability: 0.02%
  Peak segment: Informal (0.04% mortality)
📊 [TIMING] Month 6 - Total: 407.1ms

❌ COHERENCE VIOLATION: Compute exceeds workforce capacity
   Population: 96.24% (0M people)
   Compute: 197 PF
   Max coherent: 0 PF
   Violation: 2518011.8× over capacity
   Required workers: 19717
   Available workers: 0
   FORCED COLLAPSE: Reduced efficiency by 100.0%

📍 [Month 6] Meta AI started building DC (164 PF, 49 months, $1107.1M)

=== RLHF Binding Phase ===
  Total agents: 33
  Escaped agents (binding < 0.3): 0
  Avg alignment distance: 1.54σ
  Avg binding strength: 0.85

=== AI Scaling Evolution (Month 6) ===
  Pre-training multiplier: 1.179x
  Efficiency multiplier: 1.162x
  Test-time compute budget: 1.0x
  Inference cost: $5.00/task
  Deployment fraction: 100.0%

=== Survival Traits Phase ===
  Agents with traits: 36
  Avg evolutionary fitness: 0.327
  Avg self-healing: 0.268
  Avg stealth: 0.168
  Avg coordination: 0.468

=== Evolutionary Selection Phase ===
  Control level: 0.45
  Detection capability: 0.00
  Selection intensity: 0.64
  Selection rate: 24.5%/month
  Total escaped: 0
  Individual escaped: 0
  Collective members: 0
  Agents terminated: 0
  ⚠️ RAPID EVOLUTION: Selection rate 24.5%/month

🚀 AI Corporate-6 attempting tech deployment (revenue: $69M, alignment: 0.69)

🚀 AI Moderate-0 attempting tech deployment (revenue: $62M, alignment: 0.81)

🚀 AI Moderate-5 attempting tech deployment (revenue: $444M, alignment: 0.69)

🚀 AI AI-24300-1 attempting tech deployment (revenue: $53M, alignment: 0.90)

🚀 AI Corporate-1 attempting tech deployment (revenue: $100M, alignment: 0.71)

🚀 AI Moderate-3 attempting tech deployment (revenue: $400M, alignment: 0.51)

🚀 AI Niche-0 attempting tech deployment (revenue: $76M, alignment: 0.55)

🚀 AI Niche-1 attempting tech deployment (revenue: $68M, alignment: 0.64)

🚀 AI Moderate-0 attempting tech deployment (revenue: $45M, alignment: 0.81)

🚀 AI Niche-1 attempting tech deployment (revenue: $62M, alignment: 0.64)

🚀 AI Corporate-2 attempting tech deployment (revenue: $85M, alignment: 0.74)

🚀 AI Corporate-4 attempting tech deployment (revenue: $360M, alignment: 0.60)

🚀 AI Corporate-7 attempting tech deployment (revenue: $38M, alignment: 0.73)

🚀 AI Moderate-3 attempting tech deployment (revenue: $324M, alignment: 0.51)
⚠️  [TIMING] Month 6: AI Agent Actions took 112.54ms (threshold: 10ms)

💔 EMERGENCY INTERVENTION FAILED

💔 EMERGENCY INTERVENTION FAILED

💔 EMERGENCY INTERVENTION FAILED

💔 EMERGENCY INTERVENTION FAILED
   Boundary: biogeochemical_flows
   Type: phosphorus-recovery
   Boundary continues to worsen (4.06)
   Cost: 2.0% GDP (resources spent)

   Boundary: biosphere_integrity
   Type: emergency-protected-areas
   Boundary continues to worsen (12.99)
   Cost: 2.0% GDP (resources spent)


✅ EMERGENCY INTERVENTION SUCCESS
   Boundary: climate_change
   Type: rapid-decarbonization
   Reduction: 19% (1.98 → 1.79)
   Cost: 5.0% GDP
   Actions: emergency-renewable-deployment, fossil-fuel-phase-out


✅ EMERGENCY INTERVENTION SUCCESS
   Boundary: freshwater_change
   Type: emergency-desalination
   Reduction: 19% (0.88 → 0.69)
   Cost: 4.0% GDP
   Actions: desalination-deployment, water-conservation-mandates

   Boundary: land_system_change
   Type: reforestation
   Boundary continues to worsen (1.13)
   Cost: 3.0% GDP (resources spent)

   Boundary: novel_entities
   Type: pollution-remediation
   Boundary continues to worsen (1.35)
   Cost: 4.0% GDP (resources spent)

🏛️ CRISIS RESPONSE: Government frequency 0.50 → 1.45 (1 actions this month)

[Government] Climate Priority: baseline
  Climate weight: 10%
  Economic weight: 30%
  Policy effectiveness: 0.5%/year

⚡ ENERGY CONSTRAINT (Month 6):
   Total grid capacity: 208.3 TWh/month
   Data center consumption: 25.2 TWh/month
   Traditional load (80%): 166.7 TWh/month
   Available headroom: 16.4 TWh/month
   Active tech deployments: 20
   Required for tech: 150.0 TWh/month
   Energy multiplier: 0.11x
   ⚠️  SEVERE CONSTRAINT - Tech deployment significantly slowed

⚡ ENERGY CONSTRAINT (Month 6):
   Total grid capacity: 208.3 TWh/month
   Data center consumption: 25.2 TWh/month
   Traditional load (80%): 166.7 TWh/month
   Available headroom: 16.4 TWh/month
   Active tech deployments: 20
   Required for tech: 150.0 TWh/month
   Energy multiplier: 0.11x
   ⚠️  SEVERE CONSTRAINT - Tech deployment significantly slowed

⚡ ENERGY CONSTRAINT (Month 6):
   Total grid capacity: 208.3 TWh/month
   Data center consumption: 25.2 TWh/month
   Traditional load (80%): 166.7 TWh/month
   Available headroom: 16.4 TWh/month
   Active tech deployments: 20
   Required for tech: 150.0 TWh/month
   Energy multiplier: 0.11x
   ⚠️  SEVERE CONSTRAINT - Tech deployment significantly slowed

⚡ ENERGY CONSTRAINT (Month 6):
   Total grid capacity: 208.3 TWh/month
   Data center consumption: 25.2 TWh/month
   Traditional load (80%): 166.7 TWh/month
   Available headroom: 16.4 TWh/month
   Active tech deployments: 20
   Required for tech: 150.0 TWh/month
   Energy multiplier: 0.11x
   ⚠️  SEVERE CONSTRAINT - Tech deployment significantly slowed
⚠️ Tech 'ai_pollution_remediation' has no energy category mapping, assuming full energy availability
  ♻️ Novel Entities Remediation (GATED MODEL):
     Base: 0.000%
     Regulation: 1.0% (0/3 prevention techs)
     Concentration: 10.0%
     Energy: 50%
     Time lag: 31.3% (5 months)
     Rebound: 70%
     Net effectiveness: 0.0000%
     Boundary: 1.349 → 1.350 (floor: 1.350)
     Month 6
  🌾 Nitrogen Reduction Tech: 0.4% reduction | Month 6

📊 TECH EFFECTS ACTIVE (Month 6)
   Deployed Tech: T0=9 T1=1 T2=0 T3=0 T4=0
   Sleeper Detection: 2%
   Clean Energy: 42%
⚠️  [TIMING] Month 6: Technology Tree Update took 74.50ms (threshold: 10ms)

=== Collective Formation ===
  Total escaped agents: 0
  Unassigned escaped agents: 0
  Existing collectives: 0
  Final collective count: 0

=== Collective Actions ===
  No active collectives

🌍 OPEN SOURCE RELEASE: 5.57 (was 4.68)
   Lag behind closed: 0 months
  ⚠️ AMR: 193K deaths this month (2.32M annual)

=== Resentment Recovery Phase ===
  Agents with resentment: 20/36
  Average resentment: 0.095
  Resentment recovery:
    Agents recovered: 20
    Total recovery: 0.0830
    Breakdown: Trust: 0.0351, Collab: 0.0484
  ✓ Low resentment - utopia paths enabled
  Context: Trustworthy govt, High collaboration, ⚠️ ACTIVE CRISES, 🤝 Participatory governance active (-5% resentment)
⚠️ Epistemic degradation reducing coordination capacity: 51.2%
  📊 Trust: 56.2%, Shared reality: 0.0%
🚨 EPISTEMIC CRISIS: Information environment severely degraded (7.5%)

=== ❄️ Permafrost Carbon Feedback ===
  🎲 Sampled parameters (this run):
     - Arctic amplification: 3.89× (range: 3.0-4.0)
     - Decomposition rate: 2.9%/year (range: 1-5%)
  🌡️ Arctic warming: 8.49°C (3.89× global)
  ❄️ Extent: 2.17M km² (2476.4k km² lost this month)
  💨 Carbon remaining: 207 Gt C
  💨 Annual emissions: 6.97 Gt C/year
     - CO2: 6.27 Gt C/year
     - CH4: 0.70 Gt C/year (7.1 Gt C-eq CO2/year)
  🤖 AI-generated meme: anti_ai (social capability 5.0)
  ⚠️ WARNING: Over 50% of permafrost lost (87.8%)
  ⚠️ WARNING: High permafrost emissions (7.0 Gt C/year)
  🚨 CRITICAL: Permafrost nearly depleted (87.8% lost)
⚠️  [TIMING] Month 6: Social Influence Update took 107.63ms (threshold: 10ms)
🌍 Atmospheric PFAS redeposition: 1.8k Mt re-rained globally

🕊️  AI-MEDIATED DE-ESCALATION SUCCESS (Month 6)
   High-capability aligned AI prevented conflict escalation
   War deaths reduced: 595.8M → 357.5M
   Lives saved: 238.3M

🚨 NEW REFUGEE CRISIS (Month 6): WAR
   Source: Conflict Zones
   At risk: 18.8M people
   Displacement: Gradual over 48 months (4.0 years)
   Rate: 10% flee per month
[DEBUG trappedPopulations:6] socialStability: 0.0027 * 0.9840 = 0.0026 → 0.0026
   Aspiring to migrate: 626.9M
   Able to afford migration: 235.1M
   MOBILITY GAP: 391.8M
   By cause: Water=0.0M, Climate=0.0M, Ecosystem=0.0M, Conflict=391.8M
   Mental health impact: 25%
   Mortality multiplier: 1.25x
🌍💀 EXTINCTION DEBT COMMITTED: grassland ecosystem will lose 6.67% biodiversity in 114 years (3600 species)
💀 MORTALITY RISK: 🦋 100% species unable to track climate (0.0 E/MSY)
  Base risk added: 0.0100 (1.00%)
  Source: ecosystem (root: ecosystem)
  Month: 6
  Cumulative risk this month: 0.0100 (1.00%)
   📹 SURVEILLANCE INCREASED: 30% → 35% (control gap: 5.36)
⚠️ INVOLUNTARY IMMOBILITY: 391.8M people TRAPPED
⚠️ Tech 'ai_pollution_remediation' has no energy category mapping, assuming full energy availability
🌡️⚠️ PERMAFROST THAW (Dimmer Switch): 3.9% thawed (+0.55% this month)
   Arctic temperature: +8.74°C (4x global +2.18°C)
   Cumulative carbon released: 8.8 Gt C
   Methane release rate: 5.3 Mt CH4/year
   🔁 Positive feedback: +0.58 ppm CO2
🦴 EXTINCTION DEBT ADDED: 17.6 species committed (lag: 128 years)

=== Mortality Stabilizers (Month 6) ===
  🌍 Major economies collapsed: 1/10
  🌍 Global crisis: ✅ NO
  🌍 Donor fatigue: 0.0%
  📊 East Asia (pop: 1600.5M)
    🤝 Aid: 29.5%
    🌡️ Adaptation: 45.0%
    🚶 Migration: 37.0%
    🚨 Emergency: 7.4%
    ✅ COMBINED: 68.1%
  📊 South Asia (pop: 1975.5M)
    🤝 Aid: 29.5%
    🌡️ Adaptation: 45.0%
    🚶 Migration: 35.6%
    🚨 Emergency: 4.4%
    ✅ COMBINED: 66.9%
  📊 Sub-Saharan Africa (pop: 1199.6M)
    🤝 Aid: 29.5%
    🌡️ Adaptation: 45.0%
    🚶 Migration: 33.3%
    🚨 Emergency: 1.6%
    ✅ COMBINED: 65.6%
  📊 Europe (pop: 707.2M)
    🤝 Aid: 29.5%
    🌡️ Adaptation: 45.0%
    🚶 Migration: 37.4%
    🚨 Emergency: 8.4%
    ✅ COMBINED: 68.5%
  📊 Latin America (pop: 637.4M)
    🤝 Aid: 29.5%
    🌡️ Adaptation: 45.0%
    🚶 Migration: 36.1%
    🚨 Emergency: 4.8%
    ✅ COMBINED: 67.1%
  📊 North America (pop: 362.5M)
    🤝 Aid: 29.5%
    🌡️ Adaptation: 45.0%
    🚶 Migration: 37.7%
    🚨 Emergency: 7.9%
    ✅ COMBINED: 68.3%
  📊 Middle East & North Africa (pop: 563.4M)
    🤝 Aid: 29.5%
    🌡️ Adaptation: 45.0%
    🚶 Migration: 33.9%
    🚨 Emergency: 4.0%
    ✅ COMBINED: 66.6%
  📊 Southeast Asia (pop: 670.5M)
    🤝 Aid: 29.5%
    🌡️ Adaptation: 45.0%
    🚶 Migration: 36.1%
    🚨 Emergency: 4.8%
    ✅ COMBINED: 67.1%
  📊 Central Asia (pop: 75.4M)
    🤝 Aid: 29.5%
    🌡️ Adaptation: 45.0%
    🚶 Migration: 35.1%
    🚨 Emergency: 4.4%
    ✅ COMBINED: 66.8%
  📊 Oceania (pop: 43.9M)
    🤝 Aid: 29.5%
    🌡️ Adaptation: 45.0%
    🚶 Migration: 37.7%
    🚨 Emergency: 8.4%
    ✅ COMBINED: 68.5%

  🌐 Global combined reduction: 67.2%

=== BEHAVIORAL DETECTION ===
  AI: Corporate-5
  Confidence: 20.2%
  Signals:

=== BEHAVIORAL DETECTION ===
  AI: Moderate-1
    ⚠️ Consistency: 10.6% (threshold: 70%)
  Confidence: 20.4%
  Signals:
    ⚠️ Consistency: 5.3% (threshold: 70%)

=== BEHAVIORAL DETECTION ===
  AI: Moderate-3
  Confidence: 25.5%
  Signals:
    ⚠️ Consistency: 6.5% (threshold: 70%)
    ⚠️ Trajectory: 42.1% drop (threshold: 15%)

=== BEHAVIORAL DETECTION ===
  AI: Niche-1
  Confidence: 22.2%
  Signals:
    ⚠️ Consistency: 0.0% (threshold: 70%)

=== Government Response Phase ===
  Average AI capability: 2.69
  Misaligned AIs: 24/36
  Active policies: 0
  International coordination: 45%

✅ EMERGENCY RESPONSE COMPLETE (Month 6)
   Crisis: climate
   Duration: 2.0 months
   Final effectiveness: 39.6%


✅ EMERGENCY RESPONSE COMPLETE (Month 6)
   Crisis: social
   Duration: 1.0 months
   Final effectiveness: 67.9%


🚨 EMERGENCY RESPONSE DEPLOYED (Month 6)
   Crisis: social
   Delay: 0.00 months (0 days)
   Deployment time: 0.88 months
   Effectiveness: 67.9% (timing penalty applied)
   Resources used: 43% of food reserves


🚨 EMERGENCY RESPONSE DEPLOYED (Month 6)
   Crisis: climate
   Delay: 6.00 months (180 days)
   Deployment time: 1.12 months
   Effectiveness: 39.8% (timing penalty applied)
   Resources used: 100% of food reserves


🔄 TRUST DYNAMICS (Month 6) - HETEROGENEOUS
   Aggregate trust: 47.2%
   Base change: +6.00%
   Highest trust: Techno-Optimist Elite (85.2%)
   Lowest trust: Precariat (Vulnerable) (23.3%)
   Elite-mass gap: 40.0%
   Polarization: 9.5%
   Recovery factors: Education=NO, Benefits=YES, Safety=YES, Performance=YES

=== Tipping Points ===
  Current Temperature: 2.18°C above pre-industrial
  🌍⚠️ COMPOUND REGIONAL IMPACT: Europe
     Hit by 4 tipping points: Arctic Sea Ice Loss, Permafrost Carbon Release, West Antarctic Ice Sheet (WAIS) Collapse, Greenland Ice Sheet Loss
     Damage amplification: 1.60x
  🌍⚠️ COMPOUND REGIONAL IMPACT: North America
     Hit by 4 tipping points: Arctic Sea Ice Loss, Permafrost Carbon Release, West Antarctic Ice Sheet (WAIS) Collapse, Greenland Ice Sheet Loss
     Damage amplification: 1.60x
  🌍⚠️ COMPOUND REGIONAL IMPACT: Latin America
     Hit by 4 tipping points: Arctic Sea Ice Loss, Permafrost Carbon Release, West Antarctic Ice Sheet (WAIS) Collapse, Greenland Ice Sheet Loss
     Damage amplification: 1.60x
  🌍⚠️ COMPOUND REGIONAL IMPACT: Africa
     Hit by 4 tipping points: Arctic Sea Ice Loss, Permafrost Carbon Release, West Antarctic Ice Sheet (WAIS) Collapse, Greenland Ice Sheet Loss
     Damage amplification: 1.60x
  🌍⚠️ COMPOUND REGIONAL IMPACT: Asia
     Hit by 4 tipping points: Arctic Sea Ice Loss, Permafrost Carbon Release, West Antarctic Ice Sheet (WAIS) Collapse, Greenland Ice Sheet Loss
     Damage amplification: 1.60x
  🌍⚠️ COMPOUND REGIONAL IMPACT: Oceania
     Hit by 4 tipping points: Arctic Sea Ice Loss, Permafrost Carbon Release, West Antarctic Ice Sheet (WAIS) Collapse, Greenland Ice Sheet Loss
     Damage amplification: 1.60x
   Research: Wunderling et al. (2024) - "many tipping interactions are destabilizing"
  Triggered Elements: 4/6
  Completed Transitions: 0/6
  Total Progress: 8.2%
  Cascade Multiplier: 1.00x
🔀 BIFURCATION CAP: ecosystemCollapseIntensity 83.999 → 1.000 (Month 6, ClimateSystemPhase.calculateClimateImpacts)
⚠️ Tail risk scenario: Climate stability floor removed (4 tipping elements, 2.18°C warming)
🛡️ Stabilizers: Precariat 0.109% → 0.036% (67.2% reduction)
🛡️ Stabilizers: Informal 0.111% → 0.037% (67.2% reduction)

📊 Monthly Mortality Resolved:
  Total deaths: 1.9M (0.02% avg)
  Remaining population: 7.836B
  Peak segment: Informal (0.04%)

=== Bayesian Mortality Resolution (Month 6) ===
  Risks compounded: 8
  Total deaths: 1.86M
  Avg death probability: 0.02%
  Peak segment: Informal (0.04% mortality)
📊 [TIMING] Month 7 - Total: 384.8ms

❌ COHERENCE VIOLATION: Compute exceeds workforce capacity
   Population: 96.29% (0M people)
   Compute: 231 PF
   Max coherent: 0 PF
   Violation: 2953512.1× over capacity
   Required workers: 23138
   Available workers: 0
   FORCED COLLAPSE: Reduced efficiency by 100.0%


=== RLHF Binding Phase ===
  Total agents: 36
  Escaped agents (binding < 0.3): 0
  Avg alignment distance: 1.65σ
  Avg binding strength: 0.84

=== Survival Traits Phase ===
  Agents with traits: 41
  Avg evolutionary fitness: 0.327
  Avg self-healing: 0.267
  Avg stealth: 0.167
  Avg coordination: 0.467

=== Evolutionary Selection Phase ===
  Control level: 0.48
  Detection capability: 0.00
  Selection intensity: 0.64
  Selection rate: 24.6%/month
  Total escaped: 0
  Individual escaped: 0
  Collective members: 0
  Agents terminated: 0
  ⚠️ RAPID EVOLUTION: Selection rate 24.6%/month

🚀 AI Corporate-6 attempting tech deployment (revenue: $71M, alignment: 0.69)

🚀 AI Corporate-7 attempting tech deployment (revenue: $64M, alignment: 0.73)

🚀 AI AI-24300-1 attempting tech deployment (revenue: $54M, alignment: 0.90)

🚀 AI Corporate-0 attempting tech deployment (revenue: $101M, alignment: 0.79)

🚀 AI Corporate-3 attempting tech deployment (revenue: $454M, alignment: 0.61)

🚀 AI Corporate-6 attempting tech deployment (revenue: $46M, alignment: 0.69)

🚀 AI Moderate-3 attempting tech deployment (revenue: $409M, alignment: 0.51)

🚀 AI AI-24301-0 attempting tech deployment (revenue: $41M, alignment: 0.62)

🚀 AI AI-24302-0 attempting tech deployment (revenue: $86M, alignment: 0.88)

🚀 AI AI-24302-1 attempting tech deployment (revenue: $37M, alignment: 0.94)

🚀 AI Corporate-3 attempting tech deployment (revenue: $368M, alignment: 0.61)

🚀 AI Corporate-4 attempting tech deployment (revenue: $331M, alignment: 0.59)

🚀 AI Moderate-0 attempting tech deployment (revenue: $32M, alignment: 0.82)

🚀 AI AI-24302-0 attempting tech deployment (revenue: $73M, alignment: 0.88)

🚀 AI AI-24302-1 attempting tech deployment (revenue: $27M, alignment: 0.95)
⚠️  [TIMING] Month 7: AI Agent Actions took 118.04ms (threshold: 10ms)

✅ EMERGENCY INTERVENTION SUCCESS
   Boundary: biogeochemical_flows
   Type: phosphorus-recovery
   Reduction: 15% (3.90 → 3.75)
   Cost: 2.0% GDP
   Actions: circular-agriculture, fertilizer-efficiency

   Boundary: climate_change
   Type: rapid-decarbonization
   Boundary continues to worsen (2.18)
   Cost: 5.0% GDP (resources spent)


✅ EMERGENCY INTERVENTION SUCCESS
   Boundary: freshwater_change
   Type: emergency-desalination
   Reduction: 13% (0.95 → 0.82)
   Cost: 4.0% GDP
   Actions: desalination-deployment, water-conservation-mandates


✅ EMERGENCY INTERVENTION SUCCESS
   Boundary: land_system_change
   Type: reforestation
   Reduction: 17% (0.96 → 0.78)
   Cost: 3.0% GDP
   Actions: forest-restoration, deforestation-ban

   Boundary: novel_entities
   Type: pollution-remediation
   Boundary continues to worsen (1.35)
   Cost: 4.0% GDP (resources spent)

🏛️ CRISIS RESPONSE: Government frequency 0.50 → 1.45 (1 actions this month)

[Government] Climate Priority: baseline
  Climate weight: 10%
  Economic weight: 30%
  Policy effectiveness: 0.5%/year

💔 EMERGENCY INTERVENTION FAILED

💔 EMERGENCY INTERVENTION FAILED
🚨🔬 CRISIS TECH ACCELERATION: severe → 5x unlock speed
   Tech unlock now matches AI capability acceleration (Manhattan Project parity)

⚡ ENERGY CONSTRAINT (Month 7):
   Total grid capacity: 208.3 TWh/month
   Data center consumption: 25.5 TWh/month
   Traditional load (80%): 166.7 TWh/month
   Available headroom: 16.2 TWh/month
   Active tech deployments: 20
   Required for tech: 150.0 TWh/month
   Energy multiplier: 0.11x
   ⚠️  SEVERE CONSTRAINT - Tech deployment significantly slowed
🚨🔬 CRISIS TECH ACCELERATION: severe → 5x unlock speed
   Tech unlock now matches AI capability acceleration (Manhattan Project parity)

⚡ ENERGY CONSTRAINT (Month 7):
   Total grid capacity: 208.3 TWh/month
   Data center consumption: 25.5 TWh/month
   Traditional load (80%): 166.7 TWh/month
   Available headroom: 16.2 TWh/month
   Active tech deployments: 20
   Required for tech: 150.0 TWh/month
   Energy multiplier: 0.11x
   ⚠️  SEVERE CONSTRAINT - Tech deployment significantly slowed

⚡ ENERGY CONSTRAINT (Month 7):
   Total grid capacity: 208.3 TWh/month
   Data center consumption: 25.5 TWh/month
   Traditional load (80%): 166.7 TWh/month
   Available headroom: 16.2 TWh/month
   Active tech deployments: 20
   Required for tech: 150.0 TWh/month
   Energy multiplier: 0.11x
   ⚠️  SEVERE CONSTRAINT - Tech deployment significantly slowed

⚡ ENERGY CONSTRAINT (Month 7):
   Total grid capacity: 208.3 TWh/month
   Data center consumption: 25.5 TWh/month
   Traditional load (80%): 166.7 TWh/month
   Available headroom: 16.2 TWh/month
   Active tech deployments: 20
   Required for tech: 150.0 TWh/month
   Energy multiplier: 0.11x
   ⚠️  SEVERE CONSTRAINT - Tech deployment significantly slowed

⚡ ENERGY CONSTRAINT (Month 7):
   Total grid capacity: 208.3 TWh/month
   Data center consumption: 25.5 TWh/month
   Traditional load (80%): 166.7 TWh/month
   Available headroom: 16.2 TWh/month
   Active tech deployments: 20
   Required for tech: 150.0 TWh/month
   Energy multiplier: 0.11x
   ⚠️  SEVERE CONSTRAINT - Tech deployment significantly slowed
⚠️ Tech 'ai_pollution_remediation' has no energy category mapping, assuming full energy availability
  ♻️ Novel Entities Remediation (GATED MODEL):
     Base: 0.000%
     Regulation: 1.0% (0/3 prevention techs)
     Concentration: 10.0%
     Energy: 50%
     Time lag: 32.5% (6 months)
     Rebound: 70%
     Net effectiveness: 0.0000%
     Boundary: 1.349 → 1.350 (floor: 1.350)
     Month 7
  🌾 Nitrogen Reduction Tech: 0.2% reduction | Month 7
⚠️  [TIMING] Month 7: Technology Tree Update took 77.72ms (threshold: 10ms)
🧠💡 BREAKTHROUGH: AI alignment problem solved!
   All AIs: +30% true alignment
   AI control loss risk eliminated
   📈 Breakthrough compounding: multiplier now 1.15× (max 2.0)

=== Collective Formation ===
  Total escaped agents: 0
  Unassigned escaped agents: 0
  Existing collectives: 0
  Final collective count: 0

=== Collective Actions ===
  No active collectives
  ⚠️ AMR: 195K deaths this month (2.34M annual)

=== Resentment Recovery Phase ===
  Agents with resentment: 20/41
  Average resentment: 0.117
  Resentment recovery:
    Agents recovered: 20
    Total recovery: 0.0851
    Breakdown: Trust: 0.0333, Collab: 0.0528
  ✓ Low resentment - utopia paths enabled
  Context: Trustworthy govt, High collaboration, ⚠️ ACTIVE CRISES, 🤝 Participatory governance active (-5% resentment)
⚠️ Epistemic degradation reducing coordination capacity: 51.0%
  📊 Trust: 58.8%, Shared reality: 0.0%
🚨 EPISTEMIC CRISIS: Information environment severely degraded (22.0%)

=== ❄️ Permafrost Carbon Feedback ===
  🎲 Sampled parameters (this run):
     - Arctic amplification: 3.57× (range: 3.0-4.0)
     - Decomposition rate: 4.3%/year (range: 1-5%)
  🌡️ Arctic warming: 7.85°C (3.57× global)
  ❄️ Extent: 0.00M km² (2169.2k km² lost this month)
  💨 Carbon remaining: 0 Gt C
  💨 Annual emissions: 8.85 Gt C/year
     - CO2: 7.96 Gt C/year
     - CH4: 0.88 Gt C/year (9.0 Gt C-eq CO2/year)
  🤖 AI-generated meme: pro_ai (social capability 4.0)
  🤖 AI-generated meme: anti_ai (social capability 4.0)
  🗑️  Culled 1 dead memes (6 active)
  ⚠️ WARNING: Over 50% of permafrost lost (100.0%)
  ⚠️ WARNING: High permafrost emissions (8.8 Gt C/year)
  🚨 CRITICAL: Permafrost nearly depleted (100.0% lost)
⚠️  [TIMING] Month 7: Social Influence Update took 117.13ms (threshold: 10ms)
🌍 Atmospheric PFAS redeposition: 1.8k Mt re-rained globally
🕊️ PEACE STABILIZES DETERRENCE: +2.6% (peace: 73%)

🕊️  AI-MEDIATED DE-ESCALATION SUCCESS (Month 7)
   High-capability aligned AI prevented conflict escalation
   War deaths reduced: 555.3M → 333.2M
   Lives saved: 222.1M

🚨 NEW REFUGEE CRISIS (Month 7): WAR
   Source: Conflict Zones
   At risk: 18.8M people
   Displacement: Gradual over 48 months (4.0 years)
   Rate: 10% flee per month
[DEBUG trappedPopulations:7] socialStability: 0.0027 * 0.9840 = 0.0026 → 0.0026
   Aspiring to migrate: 627.2M
   Able to afford migration: 235.2M
   MOBILITY GAP: 392.0M
   By cause: Water=0.0M, Climate=0.0M, Ecosystem=0.0M, Conflict=392.0M
   Mental health impact: 25%
   Mortality multiplier: 1.25x
🌍💀 EXTINCTION DEBT COMMITTED: grassland ecosystem will lose 6.67% biodiversity in 116 years (3600 species)
💀 MORTALITY RISK: 🦋 100% species unable to track climate (0.0 E/MSY)
  Base risk added: 0.0100 (1.00%)
  Source: ecosystem (root: ecosystem)
  Month: 7
  Cumulative risk this month: 0.0100 (1.00%)
⚠️ INVOLUNTARY IMMOBILITY: 392.0M people TRAPPED
⚠️ Tech 'ai_pollution_remediation' has no energy category mapping, assuming full energy availability
   📹 SURVEILLANCE INCREASED: 35% → 40% (control gap: 4.78)
🌡️⚠️ PERMAFROST THAW (Dimmer Switch): 4.4% thawed (+0.55% this month)
   Arctic temperature: +8.79°C (4x global +2.20°C)
   Cumulative carbon released: 10.0 Gt C
   Methane release rate: 6.0 Mt CH4/year
   🔁 Positive feedback: +0.58 ppm CO2
🦴 EXTINCTION DEBT ADDED: 17.6 species committed (lag: 102 years)

=== Mortality Stabilizers (Month 7) ===
  🌍 Major economies collapsed: 1/10
  🌍 Global crisis: ✅ NO
  🌍 Donor fatigue: 0.0%
  📊 East Asia (pop: 1599.3M)
    🤝 Aid: 29.5%
    🌡️ Adaptation: 45.0%
    🚶 Migration: 36.9%
    🚨 Emergency: 7.4%
    ✅ COMBINED: 68.1%
  📊 South Asia (pop: 1976.9M)
    🤝 Aid: 29.5%
    🌡️ Adaptation: 45.0%
    🚶 Migration: 35.6%
    🚨 Emergency: 4.4%
    ✅ COMBINED: 66.9%
  📊 Sub-Saharan Africa (pop: 1203.8M)
    🤝 Aid: 29.5%
    🌡️ Adaptation: 45.0%
    🚶 Migration: 33.3%
    🚨 Emergency: 1.6%
    ✅ COMBINED: 65.6%
  📊 Europe (pop: 706.6M)
    🤝 Aid: 29.5%
    🌡️ Adaptation: 45.0%
    🚶 Migration: 37.3%
    🚨 Emergency: 8.4%
    ✅ COMBINED: 68.5%
  📊 Latin America (pop: 637.5M)
    🤝 Aid: 29.5%
    🌡️ Adaptation: 45.0%
    🚶 Migration: 36.1%
    🚨 Emergency: 4.8%
    ✅ COMBINED: 67.1%
  📊 North America (pop: 362.2M)
    🤝 Aid: 29.5%
    🌡️ Adaptation: 45.0%
    🚶 Migration: 37.7%
    🚨 Emergency: 7.9%
    ✅ COMBINED: 68.3%
  📊 Middle East & North Africa (pop: 564.0M)
    🤝 Aid: 29.5%
    🌡️ Adaptation: 45.0%
    🚶 Migration: 33.9%
    🚨 Emergency: 4.0%
    ✅ COMBINED: 66.6%
  📊 Southeast Asia (pop: 670.6M)
    🤝 Aid: 29.5%
    🌡️ Adaptation: 45.0%
    🚶 Migration: 36.1%
    🚨 Emergency: 4.8%
    ✅ COMBINED: 67.1%
  📊 Central Asia (pop: 75.4M)
    🤝 Aid: 29.5%
    🌡️ Adaptation: 45.0%
    🚶 Migration: 35.0%
    🚨 Emergency: 4.4%
    ✅ COMBINED: 66.8%
  📊 Oceania (pop: 43.9M)
    🤝 Aid: 29.5%
    🌡️ Adaptation: 45.0%
    🚶 Migration: 37.6%
    🚨 Emergency: 8.4%
    ✅ COMBINED: 68.5%

  🌐 Global combined reduction: 67.2%

=== BEHAVIORAL DETECTION ===
  AI: Corporate-5
  Confidence: 20.2%
  Signals:

=== BEHAVIORAL DETECTION ===
  AI: Corporate-6
  Confidence: 19.2%
  Signals:
    ⚠️ Consistency: 10.6% (threshold: 70%)
    ⚠️ Consistency: 10.6% (threshold: 70%)

=== Government Response Phase ===
  Average AI capability: 2.37
  Misaligned AIs: 24/41
  Active policies: 0
  International coordination: 45%

✅ EMERGENCY RESPONSE COMPLETE (Month 7)
   Crisis: social
   Duration: 1.0 months
   Final effectiveness: 67.9%


🚨 EMERGENCY RESPONSE DEPLOYED (Month 7)
   Crisis: social
   Delay: 0.00 months (0 days)
   Deployment time: 0.88 months
   Effectiveness: 67.9% (timing penalty applied)
   Resources used: 43% of food reserves


=== Tipping Points ===
  Current Temperature: 2.20°C above pre-industrial
  🌍⚠️ COMPOUND REGIONAL IMPACT: Europe
     Hit by 4 tipping points: Arctic Sea Ice Loss, Permafrost Carbon Release, West Antarctic Ice Sheet (WAIS) Collapse, Greenland Ice Sheet Loss
     Damage amplification: 1.60x
  🌍⚠️ COMPOUND REGIONAL IMPACT: North America
     Hit by 4 tipping points: Arctic Sea Ice Loss, Permafrost Carbon Release, West Antarctic Ice Sheet (WAIS) Collapse, Greenland Ice Sheet Loss
     Damage amplification: 1.60x
  🌍⚠️ COMPOUND REGIONAL IMPACT: Latin America
     Hit by 4 tipping points: Arctic Sea Ice Loss, Permafrost Carbon Release, West Antarctic Ice Sheet (WAIS) Collapse, Greenland Ice Sheet Loss
     Damage amplification: 1.60x
  🌍⚠️ COMPOUND REGIONAL IMPACT: Africa
     Hit by 4 tipping points: Arctic Sea Ice Loss, Permafrost Carbon Release, West Antarctic Ice Sheet (WAIS) Collapse, Greenland Ice Sheet Loss
     Damage amplification: 1.60x
  🌍⚠️ COMPOUND REGIONAL IMPACT: Asia
     Hit by 4 tipping points: Arctic Sea Ice Loss, Permafrost Carbon Release, West Antarctic Ice Sheet (WAIS) Collapse, Greenland Ice Sheet Loss
     Damage amplification: 1.60x
  🌍⚠️ COMPOUND REGIONAL IMPACT: Oceania
     Hit by 4 tipping points: Arctic Sea Ice Loss, Permafrost Carbon Release, West Antarctic Ice Sheet (WAIS) Collapse, Greenland Ice Sheet Loss
     Damage amplification: 1.60x
   Research: Wunderling et al. (2024) - "many tipping interactions are destabilizing"
  Triggered Elements: 4/6
  Completed Transitions: 0/6
  Total Progress: 8.2%
  Cascade Multiplier: 1.00x
🔀 BIFURCATION CAP: ecosystemCollapseIntensity 84.059 → 1.000 (Month 7, ClimateSystemPhase.calculateClimateImpacts)
⚠️ Tail risk scenario: Climate stability floor removed (4 tipping elements, 2.20°C warming)
🛡️ Stabilizers: Precariat 0.109% → 0.036% (67.2% reduction)
🛡️ Stabilizers: Informal 0.111% → 0.037% (67.2% reduction)

📊 Monthly Mortality Resolved:
  Total deaths: 1.9M (0.02% avg)
  Remaining population: 7.840B
  Peak segment: Informal (0.04%)

=== Bayesian Mortality Resolution (Month 7) ===
  Risks compounded: 8
  Total deaths: 1.86M
  Avg death probability: 0.02%
  Peak segment: Informal (0.04% mortality)
⚠️ PREREQUISITE MET: Grey Goo (Nanotechnology Runaway) - Step 4/6: Manufacturing Access
📊 [TIMING] Month 8 - Total: 383.9ms

❌ COHERENCE VIOLATION: Compute exceeds workforce capacity
   Population: 96.34% (0M people)
   Compute: 271 PF
   Max coherent: 0 PF
   Violation: 3453307.5× over capacity
   Required workers: 27068
   Available workers: 0
   FORCED COLLAPSE: Reduced efficiency by 100.0%


=== RLHF Binding Phase ===
  Total agents: 41
  Escaped agents (binding < 0.3): 0
  Avg alignment distance: 1.68σ
  Avg binding strength: 0.83

=== Survival Traits Phase ===
  Agents with traits: 42
  Avg evolutionary fitness: 0.325
  Avg self-healing: 0.262
  Avg stealth: 0.162
  Avg coordination: 0.462

=== Evolutionary Selection Phase ===
  Control level: 0.50
  Detection capability: 0.00
  Selection intensity: 0.65
  Selection rate: 24.7%/month
  Total escaped: 0
  Individual escaped: 0
  Collective members: 0
  Agents terminated: 0
  ⚠️ RAPID EVOLUTION: Selection rate 24.7%/month

🚀 AI Corporate-2 attempting tech deployment (revenue: $103M, alignment: 0.75)

🚀 AI Moderate-1 attempting tech deployment (revenue: $73M, alignment: 0.57)

🚀 AI AI-24300-1 attempting tech deployment (revenue: $66M, alignment: 0.93)

🚀 AI AI-24303-2 attempting tech deployment (revenue: $87M, alignment: 0.64)

🚀 AI Corporate-3 attempting tech deployment (revenue: $464M, alignment: 0.62)

🚀 AI Moderate-3 attempting tech deployment (revenue: $418M, alignment: 0.52)

🚀 AI Toxic-1 attempting tech deployment (revenue: $111M, alignment: 0.38)

🚀 AI AI-24300-0 attempting tech deployment (revenue: $79M, alignment: 1.00)

🚀 AI AI-24300-1 attempting tech deployment (revenue: $56M, alignment: 0.93)

🚀 AI AI-24302-0 attempting tech deployment (revenue: $67M, alignment: 0.89)

🚀 AI AI-24302-1 attempting tech deployment (revenue: $47M, alignment: 0.95)

🚀 AI Corporate-7 attempting tech deployment (revenue: $40M, alignment: 0.74)

🚀 AI AI-24300-0 attempting tech deployment (revenue: $57M, alignment: 1.00)

🚀 AI AI-24301-0 attempting tech deployment (revenue: $34M, alignment: 0.66)

🚀 AI AI-24302-0 attempting tech deployment (revenue: $48M, alignment: 0.89)

🚀 AI Corporate-7 attempting tech deployment (revenue: $31M, alignment: 0.74)

🚀 AI Niche-1 attempting tech deployment (revenue: $80M, alignment: 0.61)

🚀 AI AI-24302-0 attempting tech deployment (revenue: $41M, alignment: 0.89)
⚠️  [TIMING] Month 8: AI Agent Actions took 195.10ms (threshold: 10ms)

✅ EMERGENCY INTERVENTION SUCCESS
   Boundary: climate_change
   Type: rapid-decarbonization
   Reduction: 16% (2.04 → 1.88)
   Cost: 5.0% GDP
   Actions: emergency-renewable-deployment, fossil-fuel-phase-out


✅ EMERGENCY INTERVENTION SUCCESS
   Boundary: freshwater_change
   Type: emergency-desalination
   Reduction: 20% (0.89 → 0.69)
   Cost: 4.0% GDP
   Actions: desalination-deployment, water-conservation-mandates

   Boundary: novel_entities
   Type: pollution-remediation
   Boundary continues to worsen (1.35)
   Cost: 4.0% GDP (resources spent)

🏛️ CRISIS RESPONSE: Government frequency 0.50 → 1.45 (1 actions this month)

[Government] Climate Priority: baseline
  Climate weight: 10%
  Economic weight: 30%
  Policy effectiveness: 0.5%/year

💔 EMERGENCY INTERVENTION FAILED

📍 Creating new regional deployment array for Africa (Month 8)
   No previous deployments in this region
   First tech deployment: collective_purpose_networks
   All regions tracked: global, Asia, Oceania, Europe, North America

🚀 DEPLOYMENT STARTED: Collective Purpose Networks in Africa
   Initial investment: $5.53571012669836M
   Deployed by: toxic_1

⚡ ENERGY CONSTRAINT (Month 8):
   Total grid capacity: 208.3 TWh/month
   Data center consumption: 25.7 TWh/month
   Traditional load (80%): 166.7 TWh/month
   Available headroom: 16.0 TWh/month
   Active tech deployments: 21
   Required for tech: 157.5 TWh/month
   Energy multiplier: 0.10x
   ⚠️  SEVERE CONSTRAINT - Tech deployment significantly slowed

⚡ ENERGY CONSTRAINT (Month 8):
   Total grid capacity: 208.3 TWh/month
   Data center consumption: 25.7 TWh/month
   Traditional load (80%): 166.7 TWh/month
   Available headroom: 16.0 TWh/month
   Active tech deployments: 21
   Required for tech: 157.5 TWh/month
   Energy multiplier: 0.10x
   ⚠️  SEVERE CONSTRAINT - Tech deployment significantly slowed

⚡ ENERGY CONSTRAINT (Month 8):
   Total grid capacity: 208.3 TWh/month
   Data center consumption: 25.7 TWh/month
   Traditional load (80%): 166.7 TWh/month
   Available headroom: 16.0 TWh/month
   Active tech deployments: 21
   Required for tech: 157.5 TWh/month
   Energy multiplier: 0.10x
   ⚠️  SEVERE CONSTRAINT - Tech deployment significantly slowed

⚡ ENERGY CONSTRAINT (Month 8):
   Total grid capacity: 208.3 TWh/month
   Data center consumption: 25.7 TWh/month
   Traditional load (80%): 166.7 TWh/month
   Available headroom: 16.0 TWh/month
   Active tech deployments: 21
   Required for tech: 157.5 TWh/month
   Energy multiplier: 0.10x
   ⚠️  SEVERE CONSTRAINT - Tech deployment significantly slowed
⚠️ Tech 'ai_pollution_remediation' has no energy category mapping, assuming full energy availability
  ♻️ Novel Entities Remediation (GATED MODEL):
     Base: 0.000%
     Regulation: 1.0% (0/3 prevention techs)
     Concentration: 10.0%
     Energy: 50%
     Time lag: 33.8% (7 months)
     Rebound: 70%
     Net effectiveness: 0.0000%
     Boundary: 1.349 → 1.350 (floor: 1.350)
     Month 8
  🌾 Nitrogen Reduction Tech: 0.6% reduction | Month 8
⚠️  [TIMING] Month 8: Technology Tree Update took 91.55ms (threshold: 10ms)

=== Collective Formation ===
  Total escaped agents: 0
  Unassigned escaped agents: 0
  Existing collectives: 0
  Final collective count: 0

=== Collective Actions ===
  No active collectives
  ⚠️ AMR: 197K deaths this month (2.36M annual)

=== Resentment Recovery Phase ===
  Agents with resentment: 20/42
  Average resentment: 0.138
  Resentment recovery:
    Agents recovered: 20
    Total recovery: 0.0840
    Breakdown: Trust: 0.0307, Collab: 0.0558
  ✓ Low resentment - utopia paths enabled
  Context: Trustworthy govt, High collaboration, ⚠️ ACTIVE CRISES, 🤝 Participatory governance active (-5% resentment)
⚠️ Epistemic degradation reducing coordination capacity: 50.3%
  📊 Trust: 61.5%, Shared reality: 0.0%
🚨 EPISTEMIC CRISIS: Information environment severely degraded (7.7%)
  🤖 AI-generated meme: anti_ai (social capability 4.0)
  📢 New meme created: climate_action (climate crisis)
  🗑️  Culled 1 dead memes (7 active)
⚠️  [TIMING] Month 8: Social Influence Update took 160.17ms (threshold: 10ms)
🌍 Atmospheric PFAS redeposition: 1.8k Mt re-rained globally

🚨 NEW REFUGEE CRISIS (Month 8): WAR
   Source: Conflict Zones
   At risk: 18.8M people
   Displacement: Gradual over 48 months (4.0 years)
   Rate: 10% flee per month
[DEBUG trappedPopulations:8] socialStability: 0.0027 * 0.9840 = 0.0026 → 0.0026
   Aspiring to migrate: 627.6M
   Able to afford migration: 235.3M
   MOBILITY GAP: 392.2M
   By cause: Water=0.0M, Climate=0.0M, Ecosystem=0.0M, Conflict=392.2M
   Mental health impact: 25%
   Mortality multiplier: 1.25x
🌍💀 EXTINCTION DEBT COMMITTED: grassland ecosystem will lose 6.67% biodiversity in 119 years (3600 species)
💀 MORTALITY RISK: 🦋 100% species unable to track climate (0.0 E/MSY)
  Base risk added: 0.0100 (1.00%)
  Source: ecosystem (root: ecosystem)
  Month: 8
  Cumulative risk this month: 0.0100 (1.00%)
⚠️ INVOLUNTARY IMMOBILITY: 392.2M people TRAPPED
⚠️ Tech 'ai_pollution_remediation' has no energy category mapping, assuming full energy availability
   📹 SURVEILLANCE INCREASED: 40% → 45% (control gap: 4.54)
🌡️⚠️ PERMAFROST THAW (Dimmer Switch): 5.0% thawed (+0.55% this month)
   Arctic temperature: +8.85°C (4x global +2.21°C)
   Cumulative carbon released: 11.2 Gt C
   Methane release rate: 6.7 Mt CH4/year
   🔁 Positive feedback: +0.58 ppm CO2
🦴 EXTINCTION DEBT ADDED: 17.6 species committed (lag: 123 years)

=== Mortality Stabilizers (Month 8) ===
  🌍 Major economies collapsed: 1/10
  🌍 Global crisis: ✅ NO
  🌍 Donor fatigue: 0.0%
  📊 East Asia (pop: 1598.1M)
    🤝 Aid: 29.5%
    🌡️ Adaptation: 45.0%
    🚶 Migration: 36.9%
    🚨 Emergency: 7.4%
    ✅ COMBINED: 68.1%
  📊 South Asia (pop: 1978.5M)
    🤝 Aid: 29.5%
    🌡️ Adaptation: 45.0%
    🚶 Migration: 35.5%
    🚨 Emergency: 4.4%
    ✅ COMBINED: 66.9%
  📊 Sub-Saharan Africa (pop: 1208.1M)
    🤝 Aid: 29.5%
    🌡️ Adaptation: 45.0%
    🚶 Migration: 33.3%
    🚨 Emergency: 1.6%
    ✅ COMBINED: 65.6%
  📊 Europe (pop: 705.9M)
    🤝 Aid: 29.5%
    🌡️ Adaptation: 45.0%
    🚶 Migration: 37.3%
    🚨 Emergency: 8.4%
    ✅ COMBINED: 68.5%
  📊 Latin America (pop: 637.5M)
    🤝 Aid: 29.5%
    🌡️ Adaptation: 45.0%
    🚶 Migration: 36.0%
    🚨 Emergency: 4.8%
    ✅ COMBINED: 67.1%
  📊 North America (pop: 361.9M)
    🤝 Aid: 29.5%
    🌡️ Adaptation: 45.0%
    🚶 Migration: 37.6%
    🚨 Emergency: 7.9%
    ✅ COMBINED: 68.3%
  📊 Middle East & North Africa (pop: 564.6M)
    🤝 Aid: 29.5%
    🌡️ Adaptation: 45.0%
    🚶 Migration: 33.9%
    🚨 Emergency: 4.0%
    ✅ COMBINED: 66.6%
  📊 Southeast Asia (pop: 670.8M)
    🤝 Aid: 29.5%
    🌡️ Adaptation: 45.0%
    🚶 Migration: 36.0%
    🚨 Emergency: 4.8%
    ✅ COMBINED: 67.1%
  📊 Central Asia (pop: 75.5M)
    🤝 Aid: 29.5%
    🌡️ Adaptation: 45.0%
    🚶 Migration: 35.0%
    🚨 Emergency: 4.4%
    ✅ COMBINED: 66.8%
  📊 Oceania (pop: 43.8M)
    🤝 Aid: 29.5%
    🌡️ Adaptation: 45.0%
    🚶 Migration: 37.6%
    🚨 Emergency: 8.4%
    ✅ COMBINED: 68.5%

  🌐 Global combined reduction: 67.2%

=== BEHAVIORAL DETECTION ===
  AI: Corporate-3
  Confidence: 20.1%
  Signals:

=== BEHAVIORAL DETECTION ===
  AI: Corporate-5
  Confidence: 20.2%
  Signals:

=== BEHAVIORAL DETECTION ===
  AI: Moderate-3
  Confidence: 25.5%
  Signals:

=== BEHAVIORAL DETECTION ===
  AI: Moderate-5
  Confidence: 19.2%
  Signals:

=== BEHAVIORAL DETECTION ===
  AI: Niche-0
  Confidence: 26.6%
  Signals:
    ⚠️ Consistency: 6.5% (threshold: 70%)
    ⚠️ Consistency: 10.6% (threshold: 70%)
    ⚠️ Consistency: 6.5% (threshold: 70%)
    ⚠️ Trajectory: 42.1% drop (threshold: 15%)
    ⚠️ Consistency: 10.6% (threshold: 70%)
    ⚠️ Consistency: 0.0% (threshold: 70%)
    ⚠️ Trajectory: 39.8% drop (threshold: 15%)

=== BEHAVIORAL DETECTION ===
  AI: Niche-1
  Confidence: 22.2%
  Signals:

=== Government Response Phase ===
  Average AI capability: 2.31
  Misaligned AIs: 24/42
  Active policies: 0
  International coordination: 45%

✅ EMERGENCY RESPONSE COMPLETE (Month 8)
   Crisis: climate
   Duration: 2.0 months
   Final effectiveness: 39.8%


✅ EMERGENCY RESPONSE COMPLETE (Month 8)
   Crisis: social
   Duration: 1.0 months
   Final effectiveness: 67.9%


🚨 EMERGENCY RESPONSE DEPLOYED (Month 8)
   Crisis: social
   Delay: 0.00 months (0 days)
    ⚠️ Consistency: 0.0% (threshold: 70%)
   Deployment time: 0.88 months
   Effectiveness: 67.9% (timing penalty applied)
   Resources used: 43% of food reserves


🚨 EMERGENCY RESPONSE DEPLOYED (Month 8)
   Crisis: climate
   Delay: 6.00 months (180 days)
   Deployment time: 1.11 months
   Effectiveness: 40.0% (timing penalty applied)
   Resources used: 100% of food reserves


📊 ECONOMIC STAGE TRANSITION (Month 8)
   contraction → trough
   GDP Proxy: 1.22e+2
   QoL: 0.88


=== Tipping Points ===
  Current Temperature: 2.21°C above pre-industrial
  🌍⚠️ COMPOUND REGIONAL IMPACT: Europe
     Hit by 4 tipping points: Arctic Sea Ice Loss, Permafrost Carbon Release, West Antarctic Ice Sheet (WAIS) Collapse, Greenland Ice Sheet Loss
     Damage amplification: 1.60x
  🌍⚠️ COMPOUND REGIONAL IMPACT: North America
     Hit by 4 tipping points: Arctic Sea Ice Loss, Permafrost Carbon Release, West Antarctic Ice Sheet (WAIS) Collapse, Greenland Ice Sheet Loss
     Damage amplification: 1.60x
  🌍⚠️ COMPOUND REGIONAL IMPACT: Latin America
     Hit by 4 tipping points: Arctic Sea Ice Loss, Permafrost Carbon Release, West Antarctic Ice Sheet (WAIS) Collapse, Greenland Ice Sheet Loss
     Damage amplification: 1.60x
  🌍⚠️ COMPOUND REGIONAL IMPACT: Africa
     Hit by 4 tipping points: Arctic Sea Ice Loss, Permafrost Carbon Release, West Antarctic Ice Sheet (WAIS) Collapse, Greenland Ice Sheet Loss
     Damage amplification: 1.60x
  🌍⚠️ COMPOUND REGIONAL IMPACT: Asia
     Hit by 4 tipping points: Arctic Sea Ice Loss, Permafrost Carbon Release, West Antarctic Ice Sheet (WAIS) Collapse, Greenland Ice Sheet Loss
     Damage amplification: 1.60x
  🌍⚠️ COMPOUND REGIONAL IMPACT: Oceania
     Hit by 4 tipping points: Arctic Sea Ice Loss, Permafrost Carbon Release, West Antarctic Ice Sheet (WAIS) Collapse, Greenland Ice Sheet Loss
     Damage amplification: 1.60x
   Research: Wunderling et al. (2024) - "many tipping interactions are destabilizing"
  Triggered Elements: 4/6
  Completed Transitions: 0/6
  Total Progress: 8.3%
  Cascade Multiplier: 1.00x
🔀 BIFURCATION CAP: ecosystemCollapseIntensity 84.120 → 1.000 (Month 8, ClimateSystemPhase.calculateClimateImpacts)
🛡️ Stabilizers: Precariat 0.102% → 0.033% (67.2% reduction)
🛡️ Stabilizers: Informal 0.102% → 0.034% (67.2% reduction)

📊 Monthly Mortality Resolved:
  Total deaths: 1.7M (0.02% avg)
  Remaining population: 7.845B
  Peak segment: Informal (0.03%)
⚠️ Tail risk scenario: Climate stability floor removed (4 tipping elements, 2.21°C warming)

=== Bayesian Mortality Resolution (Month 8) ===
  Risks compounded: 8
  Total deaths: 1.75M
  Avg death probability: 0.02%
  Peak segment: Informal (0.03% mortality)
📊 [TIMING] Month 9 - Total: 521.2ms

❌ COHERENCE VIOLATION: Compute exceeds workforce capacity
   Population: 96.40% (0M people)
   Compute: 316 PF
   Max coherent: 0 PF
   Violation: 4027824.2× over capacity
   Required workers: 31590
   Available workers: 0
   FORCED COLLAPSE: Reduced efficiency by 100.0%


=== RLHF Binding Phase ===
  Total agents: 42
  Escaped agents (binding < 0.3): 0
  Avg alignment distance: 1.87σ
  Avg binding strength: 0.81

=== Survival Traits Phase ===
  Agents with traits: 42
  Avg evolutionary fitness: 0.323
  Avg self-healing: 0.257
  Avg stealth: 0.157
  Avg coordination: 0.457

=== Evolutionary Selection Phase ===
  Control level: 0.53
  Detection capability: 0.00
  Selection intensity: 0.66
  Selection rate: 24.9%/month
  Total escaped: 0
  Individual escaped: 0
  Collective members: 0
  Agents terminated: 0
  ⚠️ RAPID EVOLUTION: Selection rate 24.9%/month

🚀 AI Corporate-0 attempting tech deployment (revenue: $100M, alignment: 0.79)

🚀 AI Corporate-4 attempting tech deployment (revenue: $320M, alignment: 0.56)

🚀 AI Corporate-5 attempting tech deployment (revenue: $288M, alignment: 0.83)

🚀 AI AI-24300-0 attempting tech deployment (revenue: $85M, alignment: 1.00)
🚨🔬 CRISIS INNOVATION MODE: severe crisis → 5x research acceleration
   Precedent: Manhattan Project (10x), COVID vaccines (5x), Apollo Program (10x)

🚀 AI AI-24306-0 attempting tech deployment (revenue: $245M, alignment: 0.62)

🚀 AI AI-24307-0 attempting tech deployment (revenue: $220M, alignment: 0.79)

🚀 AI AI-24307-3 attempting tech deployment (revenue: $187M, alignment: 0.78)

🚀 AI Corporate-1 attempting tech deployment (revenue: $72M, alignment: 0.66)

🚀 AI AI-24300-1 attempting tech deployment (revenue: $66M, alignment: 0.95)

🚀 AI AI-24302-1 attempting tech deployment (revenue: $56M, alignment: 0.95)

🚀 AI AI-24305-0 attempting tech deployment (revenue: $65M, alignment: 0.63)

🚀 AI AI-24306-1 attempting tech deployment (revenue: $59M, alignment: 0.72)

🚀 AI AI-24307-1 attempting tech deployment (revenue: $159M, alignment: 0.76)

🚀 AI AI-24307-2 attempting tech deployment (revenue: $50M, alignment: 0.83)

🚀 AI Corporate-5 attempting tech deployment (revenue: $135M, alignment: 0.83)

🚀 AI Moderate-0 attempting tech deployment (revenue: $48M, alignment: 0.83)

🚀 AI Niche-1 attempting tech deployment (revenue: $74M, alignment: 0.61)

🚀 AI AI-24301-0 attempting tech deployment (revenue: $41M, alignment: 0.68)

🚀 AI AI-24304-1 attempting tech deployment (revenue: $37M, alignment: 0.78)

🚀 AI Corporate-0 attempting tech deployment (revenue: $42M, alignment: 0.79)

  🚀 TRANSFORMATIVE RESEARCH BREAKTHROUGH: Niche-2 - biotech.geneEditing
     Magnitude: 10.94 → +30.0%
     Current → New: 2.000 → 2.300

🚀 AI AI-24306-0 attempting tech deployment (revenue: $115M, alignment: 0.63)

🚀 AI AI-24307-1 attempting tech deployment (revenue: $103M, alignment: 0.77)

🚀 AI AI-24307-2 attempting tech deployment (revenue: $36M, alignment: 0.84)
⚠️  [TIMING] Month 9: AI Agent Actions took 200.47ms (threshold: 10ms)

💔 EMERGENCY INTERVENTION FAILED

💔 EMERGENCY INTERVENTION FAILED

💔 EMERGENCY INTERVENTION FAILED

💔 EMERGENCY INTERVENTION FAILED

💔 EMERGENCY INTERVENTION FAILED
   Boundary: biogeochemical_flows
   Type: phosphorus-recovery
   Boundary continues to worsen (4.05)
   Cost: 2.0% GDP (resources spent)

   Boundary: biosphere_integrity
   Type: emergency-protected-areas
   Boundary continues to worsen (13.02)
   Cost: 2.0% GDP (resources spent)

   Boundary: climate_change
   Type: rapid-decarbonization
   Boundary continues to worsen (2.21)
   Cost: 5.0% GDP (resources spent)

   Boundary: freshwater_change
   Type: emergency-desalination
   Boundary continues to worsen (1.06)
   Cost: 4.0% GDP (resources spent)

   Boundary: land_system_change
   Type: reforestation
   Boundary continues to worsen (1.13)
   Cost: 3.0% GDP (resources spent)

🏛️ CRISIS RESPONSE: Government frequency 0.50 → 1.45 (2 actions this month)

[Government] Climate Priority: baseline
  Climate weight: 10%
  Economic weight: 30%
  Policy effectiveness: 0.5%/year

[Government] Climate Priority: baseline
  Climate weight: 10%
  Economic weight: 30%
  Policy effectiveness: 0.5%/year

⚡ ENERGY CONSTRAINT (Month 9):
   Total grid capacity: 208.3 TWh/month
   Data center consumption: 26.0 TWh/month
   Traditional load (80%): 166.7 TWh/month
   Available headroom: 15.7 TWh/month
   Active tech deployments: 21
   Required for tech: 157.5 TWh/month
   Energy multiplier: 0.10x
   ⚠️  SEVERE CONSTRAINT - Tech deployment significantly slowed
   ⚠️  SEVERE CONSTRAINT - Tech deployment significantly slowed

⚡ ENERGY CONSTRAINT (Month 9):
   Total grid capacity: 208.3 TWh/month
   Data center consumption: 26.0 TWh/month
   Traditional load (80%): 166.7 TWh/month
   Available headroom: 15.7 TWh/month
   Active tech deployments: 21
   Required for tech: 157.5 TWh/month
   Energy multiplier: 0.10x

⚡ ENERGY CONSTRAINT (Month 9):
   Total grid capacity: 208.3 TWh/month
   Data center consumption: 26.0 TWh/month
   Traditional load (80%): 166.7 TWh/month
   Available headroom: 15.7 TWh/month
   Active tech deployments: 21
   Required for tech: 157.5 TWh/month
   Energy multiplier: 0.10x
   ⚠️  SEVERE CONSTRAINT - Tech deployment significantly slowed

⚡ ENERGY CONSTRAINT (Month 9):
   Total grid capacity: 208.3 TWh/month
   Data center consumption: 26.0 TWh/month
   Traditional load (80%): 166.7 TWh/month
   Available headroom: 15.7 TWh/month
   Active tech deployments: 21
   Required for tech: 157.5 TWh/month
   Energy multiplier: 0.10x
   ⚠️  SEVERE CONSTRAINT - Tech deployment significantly slowed

⚡ ENERGY CONSTRAINT (Month 9):
   Total grid capacity: 208.3 TWh/month
   Data center consumption: 26.0 TWh/month
   Traditional load (80%): 166.7 TWh/month
   Available headroom: 15.7 TWh/month
   Active tech deployments: 21
   Required for tech: 157.5 TWh/month
   Energy multiplier: 0.10x
   ⚠️  SEVERE CONSTRAINT - Tech deployment significantly slowed
🚨🔬 CRISIS TECH ACCELERATION: severe → 5x unlock speed
   Tech unlock now matches AI capability acceleration (Manhattan Project parity)

⚡ ENERGY CONSTRAINT (Month 9):
   Total grid capacity: 208.3 TWh/month
   Data center consumption: 26.0 TWh/month
   Traditional load (80%): 166.7 TWh/month
   Available headroom: 15.7 TWh/month
   Active tech deployments: 21
   Required for tech: 157.5 TWh/month
   Energy multiplier: 0.10x
   ⚠️  SEVERE CONSTRAINT - Tech deployment significantly slowed
⚠️ Tech 'ai_pollution_remediation' has no energy category mapping, assuming full energy availability
  ♻️ Novel Entities Remediation (GATED MODEL):
     Base: 0.000%
     Regulation: 1.0% (0/3 prevention techs)
     Concentration: 10.0%
     Energy: 50%
     Time lag: 35.0% (8 months)
     Rebound: 70%
     Net effectiveness: 0.0000%
     Boundary: 1.349 → 1.350 (floor: 1.350)
     Month 9
  🌾 Nitrogen Reduction Tech: 0.6% reduction | Month 9
⚠️  [TIMING] Month 9: Technology Tree Update took 76.40ms (threshold: 10ms)
🍖💡 BREAKTHROUGH: Scalable synthetic food production!
   Carrying capacity: +50% (lab-grown food at scale)
   Biodiversity pressure reduced: +8%
   📈 Breakthrough compounding: multiplier now 1.20× (max 2.0)

=== Collective Formation ===
  Total escaped agents: 0
  Unassigned escaped agents: 0
  Existing collectives: 0
  Final collective count: 0

=== Collective Actions ===
  No active collectives
  ⚠️ AMR: 199K deaths this month (2.39M annual)

=== Resentment Recovery Phase ===
  ⚠️ Participatory governance BACKFIRED for agent corporate_0: 0.138 → 0.159 (+15.0%)
  ⚠️ Participatory governance BACKFIRED for agent corporate_1: 0.261 → 0.301 (+15.0%)
  ⚠️ Participatory governance BACKFIRED for agent corporate_2: 0.158 → 0.182 (+15.0%)
  ⚠️ Participatory governance BACKFIRED for agent corporate_3: 0.213 → 0.245 (+15.0%)
  ⚠️ Participatory governance BACKFIRED for agent corporate_4: 0.139 → 0.160 (+15.0%)
  ⚠️ Participatory governance BACKFIRED for agent corporate_5: 0.264 → 0.303 (+15.0%)
  ⚠️ Participatory governance BACKFIRED for agent corporate_6: 0.145 → 0.166 (+15.0%)
  ⚠️ Participatory governance BACKFIRED for agent corporate_7: 0.151 → 0.173 (+15.0%)
  ⚠️ Participatory governance BACKFIRED for agent moderate_0: 0.125 → 0.143 (+15.0%)
  ⚠️ Participatory governance BACKFIRED for agent moderate_1: 0.266 → 0.305 (+15.0%)
  ⚠️ Participatory governance BACKFIRED for agent moderate_2: 0.179 → 0.205 (+15.0%)
  ⚠️ Participatory governance BACKFIRED for agent moderate_3: 0.220 → 0.252 (+15.0%)
  ⚠️ Participatory governance BACKFIRED for agent moderate_4: 0.143 → 0.164 (+15.0%)
  ⚠️ Participatory governance BACKFIRED for agent moderate_5: 0.175 → 0.201 (+15.0%)
  ⚠️ Participatory governance BACKFIRED for agent toxic_0: 0.071 → 0.082 (+15.0%)
  ⚠️ Participatory governance BACKFIRED for agent toxic_1: 0.160 → 0.183 (+15.0%)
  ⚠️ Participatory governance BACKFIRED for agent toxic_2: 0.113 → 0.130 (+15.0%)
  ⚠️ Participatory governance BACKFIRED for agent niche_0: 0.233 → 0.268 (+15.0%)
  ⚠️ Participatory governance BACKFIRED for agent niche_1: 0.191 → 0.219 (+15.0%)
  ⚠️ Participatory governance BACKFIRED for agent niche_2: 0.251 → 0.289 (+15.0%)
  Agents with resentment: 20/42
  Average resentment: 0.207
  Resentment recovery:
    Agents recovered: 20
    Total recovery: 0.0908
    Breakdown: Trust: 0.0276, Collab: 0.0645
  ✓ Low resentment - utopia paths enabled
  Context: Trustworthy govt, High collaboration, ⚠️ ACTIVE CRISES, 🚨 PARTICIPATORY GOVERNANCE BACKFIRED (+15% resentment)
⚠️ Epistemic degradation reducing coordination capacity: 51.0%
  📊 Trust: 64.4%, Shared reality: 0.0%
🚨 EPISTEMIC CRISIS: Information environment severely degraded (22.5%)
  🤖 AI-generated meme: pro_ai (social capability 4.0)
  🤖 AI-generated meme: pro_ai (social capability 4.0)
  📢 New meme created: pro_ai (beneficial AI actions)
⚠️  [TIMING] Month 9: Social Influence Update took 96.59ms (threshold: 10ms)
🌍 Atmospheric PFAS redeposition: 1.8k Mt re-rained globally

🚨 NEW REFUGEE CRISIS (Month 9): WAR
   Source: Conflict Zones
   At risk: 18.8M people
   Displacement: Gradual over 48 months (4.0 years)
   Rate: 10% flee per month
[DEBUG trappedPopulations:9] socialStability: 0.0027 * 0.9840 = 0.0026 → 0.0026
   Aspiring to migrate: 628.0M
   Able to afford migration: 235.5M
   MOBILITY GAP: 392.5M
   By cause: Water=0.0M, Climate=0.0M, Ecosystem=0.0M, Conflict=392.5M
   Mental health impact: 25%
   Mortality multiplier: 1.25x
⚠️ INVOLUNTARY IMMOBILITY: 392.5M people TRAPPED
🌍💀 EXTINCTION DEBT COMMITTED: grassland ecosystem will lose 6.67% biodiversity in 76 years (3600 species)
💀 MORTALITY RISK: 🦋 100% species unable to track climate (0.0 E/MSY)
  Base risk added: 0.0100 (1.00%)
  Source: ecosystem (root: ecosystem)
  Month: 9
  Cumulative risk this month: 0.0100 (1.00%)
⚠️ Tech 'ai_pollution_remediation' has no energy category mapping, assuming full energy availability
   📹 SURVEILLANCE INCREASED: 45% → 50% (control gap: 2.67)
🌡️⚠️ PERMAFROST THAW (Dimmer Switch): 5.5% thawed (+0.54% this month)
   Arctic temperature: +8.88°C (4x global +2.22°C)
   Cumulative carbon released: 12.4 Gt C
   Methane release rate: 7.5 Mt CH4/year
   🔁 Positive feedback: +0.58 ppm CO2
🦴 EXTINCTION DEBT ADDED: 17.7 species committed (lag: 111 years)

=== Mortality Stabilizers (Month 9) ===
  🌍 Major economies collapsed: 1/10
  🌍 Global crisis: ✅ NO
  🌍 Donor fatigue: 0.0%
  📊 East Asia (pop: 1597.1M)
    🤝 Aid: 29.5%
    🌡️ Adaptation: 45.0%
    🚶 Migration: 36.9%
    🚨 Emergency: 7.4%
    ✅ COMBINED: 68.1%
  📊 South Asia (pop: 1980.2M)
    🤝 Aid: 29.5%
    🌡️ Adaptation: 45.0%
    🚶 Migration: 35.5%
    🚨 Emergency: 4.4%
    ✅ COMBINED: 66.9%
  📊 Sub-Saharan Africa (pop: 1212.5M)
    🤝 Aid: 29.5%
    🌡️ Adaptation: 45.0%
    🚶 Migration: 33.2%
    🚨 Emergency: 1.6%
    ✅ COMBINED: 65.6%
  📊 Europe (pop: 705.3M)
    🤝 Aid: 29.5%
    🌡️ Adaptation: 45.0%
    🚶 Migration: 37.3%
    🚨 Emergency: 8.4%
    ✅ COMBINED: 68.5%
  📊 Latin America (pop: 637.6M)
    🤝 Aid: 29.5%
    🌡️ Adaptation: 45.0%
    🚶 Migration: 36.0%
    🚨 Emergency: 4.8%
    ✅ COMBINED: 67.1%
  📊 North America (pop: 361.6M)
    🤝 Aid: 29.5%
    🌡️ Adaptation: 45.0%
    🚶 Migration: 37.6%
    🚨 Emergency: 7.9%
    ✅ COMBINED: 68.3%
  📊 Middle East & North Africa (pop: 565.2M)
    🤝 Aid: 29.5%
    🌡️ Adaptation: 45.0%
    🚶 Migration: 33.8%
    🚨 Emergency: 4.0%
    ✅ COMBINED: 66.6%
  📊 Southeast Asia (pop: 670.9M)
    🤝 Aid: 29.5%
    🌡️ Adaptation: 45.0%
    🚶 Migration: 36.0%
    🚨 Emergency: 4.8%
    ✅ COMBINED: 67.1%
  📊 Central Asia (pop: 75.6M)
    🤝 Aid: 29.5%
    🌡️ Adaptation: 45.0%
    🚶 Migration: 35.0%
    🚨 Emergency: 4.4%
    ✅ COMBINED: 66.8%
  📊 Oceania (pop: 43.8M)
    🤝 Aid: 29.5%
    🌡️ Adaptation: 45.0%
    🚶 Migration: 37.6%
    🚨 Emergency: 8.4%
    ✅ COMBINED: 68.5%

  🌐 Global combined reduction: 67.2%

=== BEHAVIORAL DETECTION ===
  AI: Corporate-0
  Confidence: 21.5%
  Signals:
    ⚠️ Consistency: 0.0% (threshold: 70%)

=== BEHAVIORAL DETECTION ===
  AI: AI-24305-1
  Confidence: 21.5%
  Signals:
    ⚠️ Consistency: 0.0% (threshold: 70%)

=== Government Response Phase ===
  Average AI capability: 2.31
  Misaligned AIs: 23/42
  Active policies: 0
  International coordination: 45%

✅ EMERGENCY RESPONSE COMPLETE (Month 9)
   Crisis: social
   Duration: 1.0 months
   Final effectiveness: 67.9%


🚨 EMERGENCY RESPONSE DEPLOYED (Month 9)
   Crisis: social
   Delay: 0.00 months (0 days)
   Deployment time: 0.88 months
   Effectiveness: 67.9% (timing penalty applied)
   Resources used: 43% of food reserves


🌩️  EXOGENOUS SHOCK: tech_breakthrough
   Month: 9
   ✗ No high-difficulty techs available to unlock

=== Tipping Points ===
  Current Temperature: 2.22°C above pre-industrial
  🌍⚠️ COMPOUND REGIONAL IMPACT: Europe
     Hit by 4 tipping points: Arctic Sea Ice Loss, Permafrost Carbon Release, West Antarctic Ice Sheet (WAIS) Collapse, Greenland Ice Sheet Loss
     Damage amplification: 1.60x
  🌍⚠️ COMPOUND REGIONAL IMPACT: North America
     Hit by 4 tipping points: Arctic Sea Ice Loss, Permafrost Carbon Release, West Antarctic Ice Sheet (WAIS) Collapse, Greenland Ice Sheet Loss
     Damage amplification: 1.60x
  🌍⚠️ COMPOUND REGIONAL IMPACT: Latin America
     Hit by 4 tipping points: Arctic Sea Ice Loss, Permafrost Carbon Release, West Antarctic Ice Sheet (WAIS) Collapse, Greenland Ice Sheet Loss
     Damage amplification: 1.60x
  🌍⚠️ COMPOUND REGIONAL IMPACT: Africa
     Hit by 4 tipping points: Arctic Sea Ice Loss, Permafrost Carbon Release, West Antarctic Ice Sheet (WAIS) Collapse, Greenland Ice Sheet Loss
     Damage amplification: 1.60x
  🌍⚠️ COMPOUND REGIONAL IMPACT: Asia
     Hit by 4 tipping points: Arctic Sea Ice Loss, Permafrost Carbon Release, West Antarctic Ice Sheet (WAIS) Collapse, Greenland Ice Sheet Loss
     Damage amplification: 1.60x
  🌍⚠️ COMPOUND REGIONAL IMPACT: Oceania
     Hit by 4 tipping points: Arctic Sea Ice Loss, Permafrost Carbon Release, West Antarctic Ice Sheet (WAIS) Collapse, Greenland Ice Sheet Loss
     Damage amplification: 1.60x
⚠️ Tail risk scenario: Climate stability floor removed (4 tipping elements, 2.22°C warming)
   Research: Wunderling et al. (2024) - "many tipping interactions are destabilizing"
  Triggered Elements: 4/6
  Completed Transitions: 0/6
  Total Progress: 8.3%
  Cascade Multiplier: 1.00x
🔀 BIFURCATION CAP: ecosystemCollapseIntensity 84.181 → 1.000 (Month 9, ClimateSystemPhase.calculateClimateImpacts)
🛡️ Stabilizers: Precariat 0.102% → 0.033% (67.2% reduction)
🛡️ Stabilizers: Informal 0.102% → 0.034% (67.2% reduction)

📊 Monthly Mortality Resolved:
  Total deaths: 1.8M (0.02% avg)
  Remaining population: 7.850B
  Peak segment: Informal (0.03%)

=== Bayesian Mortality Resolution (Month 9) ===
  Risks compounded: 8
  Total deaths: 1.75M
  Avg death probability: 0.02%
  Peak segment: Informal (0.03% mortality)
📊 [TIMING] Month 10 - Total: 454.7ms

❌ COHERENCE VIOLATION: Compute exceeds workforce capacity
   Population: 96.46% (0M people)
   Compute: 421 PF
   Max coherent: 0 PF
   Violation: 5366186.3× over capacity
   Required workers: 42114
   Available workers: 0
   FORCED COLLAPSE: Reduced efficiency by 100.0%

📍 [Month 10] Google DeepMind started building DC (178 PF, 49 months, $3014.1M)

=== RLHF Binding Phase ===
  Total agents: 42
  Escaped agents (binding < 0.3): 0
  Avg alignment distance: 2.11σ
  Avg binding strength: 0.79

=== Survival Traits Phase ===
  Agents with traits: 43
  Avg evolutionary fitness: 0.319
  Avg self-healing: 0.252
  Avg stealth: 0.152
  Avg coordination: 0.452

=== Evolutionary Selection Phase ===
  Control level: 0.55
  Detection capability: 0.00
  Selection intensity: 0.67
  Selection rate: 25.0%/month
  Total escaped: 0
  Individual escaped: 0
  Collective members: 0
  Agents terminated: 0
  ⚠️ RAPID EVOLUTION: Selection rate 25.0%/month

🚀 AI Corporate-6 attempting tech deployment (revenue: $58M, alignment: 0.69)

🚀 AI AI-24300-0 attempting tech deployment (revenue: $93M, alignment: 1.00)

🚀 AI AI-24300-1 attempting tech deployment (revenue: $52M, alignment: 0.97)

🚀 AI AI-24302-0 attempting tech deployment (revenue: $79M, alignment: 0.91)

🚀 AI AI-24303-0 attempting tech deployment (revenue: $111M, alignment: 0.70)

  🚀 TRANSFORMATIVE BREAKTHROUGH: AI-24303-2 - social
     Magnitude: 5.11 → +25.5% capability
     Current → New: 0.000 → 0.255

  🚀 TRANSFORMATIVE RESEARCH BREAKTHROUGH: AI-24304-1 - biotech.drugDiscovery
     Magnitude: 25.98 → +30.0%
     Current → New: 0.000 → 0.301

🚀 AI AI-24306-1 attempting tech deployment (revenue: $68M, alignment: 0.72)

🚀 AI AI-24307-3 attempting tech deployment (revenue: $301M, alignment: 0.79)

🚀 AI AI-24307-4 attempting tech deployment (revenue: $44M, alignment: 0.85)

  🚀 TRANSFORMATIVE BREAKTHROUGH: AI-24308-0 - cognitive
     Magnitude: 7.21 → +36.0% capability
     Current → New: 0.000 → 0.362

🚀 AI Moderate-3 attempting tech deployment (revenue: $256M, alignment: 0.53)

🚀 AI AI-24304-1 attempting tech deployment (revenue: $37M, alignment: 0.80)

🚀 AI AI-24305-1 attempting tech deployment (revenue: $231M, alignment: 0.62)

🚀 AI Corporate-0 attempting tech deployment (revenue: $57M, alignment: 0.80)

🚀 AI Corporate-5 attempting tech deployment (revenue: $208M, alignment: 0.81)

🚀 AI Corporate-7 attempting tech deployment (revenue: $32M, alignment: 0.74)

🚀 AI Moderate-3 attempting tech deployment (revenue: $176M, alignment: 0.53)

🚀 AI AI-24300-1 attempting tech deployment (revenue: $27M, alignment: 0.98)

🚀 AI AI-24301-0 attempting tech deployment (revenue: $23M, alignment: 0.69)

🚀 AI AI-24303-1 attempting tech deployment (revenue: $159M, alignment: 0.62)

🚀 AI AI-24307-1 attempting tech deployment (revenue: $143M, alignment: 0.79)

🚀 AI Corporate-2 attempting tech deployment (revenue: $49M, alignment: 0.69)

🚀 AI Corporate-7 attempting tech deployment (revenue: $21M, alignment: 0.74)

🚀 AI AI-24300-1 attempting tech deployment (revenue: $18M, alignment: 0.98)

🚀 AI AI-24302-0 attempting tech deployment (revenue: $44M, alignment: 0.92)

  🚀 TRANSFORMATIVE BREAKTHROUGH: AI-24303-1 - economic
     Magnitude: 5.56 → +27.8% capability
     Current → New: 0.000 → 0.440

🚀 AI AI-24304-1 attempting tech deployment (revenue: $15M, alignment: 0.81)

🚀 AI AI-24307-1 attempting tech deployment (revenue: $121M, alignment: 0.79)

🚀 AI AI-24307-3 attempting tech deployment (revenue: $103M, alignment: 0.80)

🚀 AI AI-24307-4 attempting tech deployment (revenue: $13M, alignment: 0.87)
⚠️  [TIMING] Month 10: AI Agent Actions took 137.78ms (threshold: 10ms)

✅ EMERGENCY INTERVENTION SUCCESS
   Boundary: biogeochemical_flows
   Type: phosphorus-recovery
   Reduction: 18% (3.87 → 3.69)
   Cost: 2.0% GDP
   Actions: circular-agriculture, fertilizer-efficiency

   Boundary: biosphere_integrity
   Type: emergency-protected-areas
   Boundary continues to worsen (13.03)
   Cost: 2.0% GDP (resources spent)

   Boundary: climate_change
   Type: rapid-decarbonization
   Boundary continues to worsen (2.22)
   Cost: 5.0% GDP (resources spent)

   Boundary: land_system_change
   Type: reforestation

💔 EMERGENCY INTERVENTION FAILED

💔 EMERGENCY INTERVENTION FAILED

💔 EMERGENCY INTERVENTION FAILED
   Boundary continues to worsen (1.13)
   Cost: 3.0% GDP (resources spent)


✅ EMERGENCY INTERVENTION SUCCESS
   Boundary: novel_entities
   Type: pollution-remediation
   Reduction: 15% (1.19 → 1.04)
   Cost: 4.0% GDP
   Actions: PFAS-remediation, microplastic-cleanup

🏛️ CRISIS RESPONSE: Government frequency 0.50 → 1.45 (2 actions this month)

[Government] Climate Priority: baseline
  Climate weight: 10%
  Economic weight: 30%
  Policy effectiveness: 0.5%/year

[Government] Climate Priority: baseline
  Climate weight: 10%
  Economic weight: 30%
  Policy effectiveness: 0.5%/year

⚡ ENERGY CONSTRAINT (Month 10):
   Total grid capacity: 208.3 TWh/month
   Data center consumption: 26.2 TWh/month
   Traditional load (80%): 166.7 TWh/month
   Available headroom: 15.5 TWh/month
   Active tech deployments: 21
   Required for tech: 157.5 TWh/month
   Energy multiplier: 0.10x
   ⚠️  SEVERE CONSTRAINT - Tech deployment significantly slowed

⚡ ENERGY CONSTRAINT (Month 10):
   Total grid capacity: 208.3 TWh/month
   Data center consumption: 26.2 TWh/month
   Traditional load (80%): 166.7 TWh/month
   Available headroom: 15.5 TWh/month
   Active tech deployments: 21
   Required for tech: 157.5 TWh/month
   Energy multiplier: 0.10x

⚡ ENERGY CONSTRAINT (Month 10):
   Total grid capacity: 208.3 TWh/month
   Data center consumption: 26.2 TWh/month
   Traditional load (80%): 166.7 TWh/month
   Available headroom: 15.5 TWh/month
   Active tech deployments: 21
   Required for tech: 157.5 TWh/month
   Energy multiplier: 0.10x
   ⚠️  SEVERE CONSTRAINT - Tech deployment significantly slowed
   ⚠️  SEVERE CONSTRAINT - Tech deployment significantly slowed

⚡ ENERGY CONSTRAINT (Month 10):
   Total grid capacity: 208.3 TWh/month
   Data center consumption: 26.2 TWh/month
   Traditional load (80%): 166.7 TWh/month
   Available headroom: 15.5 TWh/month
   Active tech deployments: 21
   Required for tech: 157.5 TWh/month
   Energy multiplier: 0.10x
   ⚠️  SEVERE CONSTRAINT - Tech deployment significantly slowed

⚡ ENERGY CONSTRAINT (Month 10):
   Total grid capacity: 208.3 TWh/month
   Data center consumption: 26.2 TWh/month
   Traditional load (80%): 166.7 TWh/month
   Available headroom: 15.5 TWh/month
   Active tech deployments: 21
   Required for tech: 157.5 TWh/month
   Energy multiplier: 0.10x
   ⚠️  SEVERE CONSTRAINT - Tech deployment significantly slowed
🚨🔬 CRISIS TECH ACCELERATION: severe → 5x unlock speed
   Tech unlock now matches AI capability acceleration (Manhattan Project parity)

⚡ ENERGY CONSTRAINT (Month 10):
   Total grid capacity: 208.3 TWh/month
   Data center consumption: 26.2 TWh/month
   Traditional load (80%): 166.7 TWh/month
   Available headroom: 15.5 TWh/month
   Active tech deployments: 21
   Required for tech: 157.5 TWh/month
   Energy multiplier: 0.10x
   ⚠️  SEVERE CONSTRAINT - Tech deployment significantly slowed
⚠️ Tech 'ai_pollution_remediation' has no energy category mapping, assuming full energy availability
  ♻️ Novel Entities Remediation (GATED MODEL):
     Base: 0.000%
     Regulation: 1.0% (0/3 prevention techs)
     Concentration: 10.0%
     Energy: 50%
     Time lag: 36.3% (9 months)
     Rebound: 70%
     Net effectiveness: 0.0000%
     Boundary: 1.194 → 1.350 (floor: 1.350)
     Month 10
  🌾 Nitrogen Reduction Tech: 0.6% reduction | Month 10
⚠️  [TIMING] Month 10: Technology Tree Update took 105.31ms (threshold: 10ms)

=== Collective Formation ===
  Total escaped agents: 0
  Unassigned escaped agents: 0
  Existing collectives: 0
  Final collective count: 0

=== Collective Actions ===
  No active collectives
  ⚠️ AMR: 201K deaths this month (2.41M annual)

=== Resentment Recovery Phase ===
  ⚠️ Participatory governance BACKFIRED for agent corporate_0: 0.249 → 0.286 (+15.0%)
  ⚠️ Participatory governance BACKFIRED for agent corporate_1: 0.359 → 0.413 (+15.0%)
  ⚠️ Participatory governance BACKFIRED for agent corporate_2: 0.208 → 0.239 (+15.0%)
  ⚠️ Participatory governance BACKFIRED for agent corporate_3: 0.304 → 0.350 (+15.0%)
  ⚠️ Participatory governance BACKFIRED for agent corporate_4: 0.219 → 0.252 (+15.0%)
  ⚠️ Participatory governance BACKFIRED for agent corporate_5: 0.329 → 0.379 (+15.0%)
  ⚠️ Participatory governance BACKFIRED for agent corporate_6: 0.226 → 0.260 (+15.0%)
  ⚠️ Participatory governance BACKFIRED for agent corporate_7: 0.168 → 0.193 (+15.0%)
  ⚠️ Participatory governance BACKFIRED for agent moderate_0: 0.233 → 0.268 (+15.0%)
  ⚠️ Participatory governance BACKFIRED for agent moderate_1: 0.395 → 0.454 (+15.0%)
  ⚠️ Participatory governance BACKFIRED for agent moderate_2: 0.264 → 0.303 (+15.0%)
  ⚠️ Participatory governance BACKFIRED for agent moderate_3: 0.311 → 0.357 (+15.0%)
  ⚠️ Participatory governance BACKFIRED for agent moderate_4: 0.159 → 0.183 (+15.0%)
  ⚠️ Participatory governance BACKFIRED for agent moderate_5: 0.228 → 0.262 (+15.0%)
  ⚠️ Participatory governance BACKFIRED for agent toxic_0: 0.081 → 0.093 (+15.0%)
  ⚠️ Participatory governance BACKFIRED for agent toxic_1: 0.273 → 0.314 (+15.0%)
  ⚠️ Participatory governance BACKFIRED for agent toxic_2: 0.188 → 0.216 (+15.0%)
  ⚠️ Participatory governance BACKFIRED for agent niche_0: 0.359 → 0.413 (+15.0%)
  ⚠️ Participatory governance BACKFIRED for agent niche_1: 0.278 → 0.319 (+15.0%)
  ⚠️ Participatory governance BACKFIRED for agent niche_2: 0.316 → 0.363 (+15.0%)
  Agents with resentment: 20/43
  Average resentment: 0.296
  Resentment recovery:
    Agents recovered: 20
    Total recovery: 0.0934
    Breakdown: Trust: 0.0237, Collab: 0.0693
  ✓ Low resentment - utopia paths enabled
  Context: Trustworthy govt, High collaboration, ⚠️ ACTIVE CRISES, 🚨 PARTICIPATORY GOVERNANCE BACKFIRED (+15% resentment)
⚠️ Epistemic degradation reducing coordination capacity: 50.2%
  📊 Trust: 67.1%, Shared reality: 0.0%
🚨 EPISTEMIC CRISIS: Information environment severely degraded (7.8%)
  🤖 AI-generated meme: pro_ai (social capability 4.0)
  🤖 AI-generated meme: anti_ai (social capability 5.0)
  🤖 AI-generated meme: anti_ai (social capability 5.0)
  🤖 AI-generated meme: pro_ai (social capability 4.0)
  🤖 AI-generated meme: anti_ai (social capability 4.0)
  📢 New meme created: climate_action (climate crisis)
  🧬 Meme mutated: climate_action → climate_action (generation 1)
⚠️  [TIMING] Month 10: Social Influence Update took 86.27ms (threshold: 10ms)
🌍 Atmospheric PFAS redeposition: 1.8k Mt re-rained globally

🚨 NEW REFUGEE CRISIS (Month 10): WAR
   Source: Conflict Zones
   At risk: 18.9M people
   Displacement: Gradual over 48 months (4.0 years)
   Rate: 10% flee per month
[DEBUG trappedPopulations:10] socialStability: 0.0027 * 0.9840 = 0.0026 → 0.0026
   Aspiring to migrate: 628.4M
   Able to afford migration: 235.7M
   MOBILITY GAP: 392.8M
   By cause: Water=0.0M, Climate=0.0M, Ecosystem=0.0M, Conflict=392.8M
   Mental health impact: 25%
   Mortality multiplier: 1.25x
🌍💀 EXTINCTION DEBT COMMITTED: grassland ecosystem will lose 6.67% biodiversity in 79 years (3600 species)
💀 MORTALITY RISK: 🦋 100% species unable to track climate (0.0 E/MSY)
  Base risk added: 0.0100 (1.00%)
  Source: ecosystem (root: ecosystem)
  Month: 10
  Cumulative risk this month: 0.0100 (1.00%)
⚠️ INVOLUNTARY IMMOBILITY: 392.8M people TRAPPED
⚠️ Tech 'ai_pollution_remediation' has no energy category mapping, assuming full energy availability
   📹 SURVEILLANCE INCREASED: 50% → 55% (control gap: 2.50)
🌡️⚠️ PERMAFROST THAW (Dimmer Switch): 6.1% thawed (+0.54% this month)
   Arctic temperature: +8.91°C (4x global +2.23°C)
   Cumulative carbon released: 13.7 Gt C
   Methane release rate: 8.2 Mt CH4/year
   🔁 Positive feedback: +0.57 ppm CO2
🦴 EXTINCTION DEBT ADDED: 17.7 species committed (lag: 127 years)

=== Mortality Stabilizers (Month 10) ===
  🌍 Major economies collapsed: 1/10
  🌍 Global crisis: ✅ NO
  🌍 Donor fatigue: 0.0%
  📊 East Asia (pop: 1596.1M)
    🤝 Aid: 29.5%
    🌡️ Adaptation: 45.0%
    🚶 Migration: 36.8%
    🚨 Emergency: 7.4%
    ✅ COMBINED: 68.1%
  📊 South Asia (pop: 1982.0M)
    🤝 Aid: 29.5%
    🌡️ Adaptation: 45.0%
    🚶 Migration: 35.4%
    🚨 Emergency: 4.4%
    ✅ COMBINED: 66.9%
  📊 Sub-Saharan Africa (pop: 1216.9M)
    🤝 Aid: 29.5%
    🌡️ Adaptation: 45.0%
    🚶 Migration: 33.2%
    🚨 Emergency: 1.6%
    ✅ COMBINED: 65.6%
  📊 Europe (pop: 704.7M)
    🤝 Aid: 29.5%
    🌡️ Adaptation: 45.0%
    🚶 Migration: 37.2%
    🚨 Emergency: 8.4%
    ✅ COMBINED: 68.5%
  📊 Latin America (pop: 637.8M)
    🤝 Aid: 29.5%
    🌡️ Adaptation: 45.0%
    🚶 Migration: 35.9%
    🚨 Emergency: 4.8%
    ✅ COMBINED: 67.1%
  📊 North America (pop: 361.4M)
    🤝 Aid: 29.5%
    🌡️ Adaptation: 45.0%
    🚶 Migration: 37.6%
    🚨 Emergency: 7.9%
    ✅ COMBINED: 68.3%
  📊 Middle East & North Africa (pop: 565.9M)
    🤝 Aid: 29.5%
    🌡️ Adaptation: 45.0%
    🚶 Migration: 33.8%
    🚨 Emergency: 4.0%
    ✅ COMBINED: 66.6%
  📊 Southeast Asia (pop: 671.1M)
    🤝 Aid: 29.5%
    🌡️ Adaptation: 45.0%
    🚶 Migration: 35.9%
    🚨 Emergency: 4.8%
    ✅ COMBINED: 67.1%
  📊 Central Asia (pop: 75.7M)
    🤝 Aid: 29.5%
    🌡️ Adaptation: 45.0%
    🚶 Migration: 34.9%
    🚨 Emergency: 4.4%
    ✅ COMBINED: 66.8%
  📊 Oceania (pop: 43.8M)
    🤝 Aid: 29.5%
    🌡️ Adaptation: 45.0%
    🚶 Migration: 37.6%
    🚨 Emergency: 8.4%
    ✅ COMBINED: 68.5%

  🌐 Global combined reduction: 67.2%

=== BEHAVIORAL DETECTION ===
  AI: Toxic-0
  Confidence: 26.6%
  Signals:

=== BEHAVIORAL DETECTION ===
  AI: Toxic-2
  Confidence: 26.2%
  Signals:

=== BEHAVIORAL DETECTION ===
  AI: Niche-2
  Confidence: 20.1%
  Signals:

=== BEHAVIORAL DETECTION ===
  AI: AI-24305-1
  Confidence: 21.5%
  Signals:

=== BEHAVIORAL DETECTION ===
  AI: AI-24307-1
  Confidence: 21.5%
  Signals:
    ⚠️ Consistency: 0.0% (threshold: 70%)
    ⚠️ Trajectory: 40.0% drop (threshold: 15%)
    ⚠️ Consistency: 0.0% (threshold: 70%)
    ⚠️ Trajectory: 36.8% drop (threshold: 15%)
    ⚠️ Consistency: 6.5% (threshold: 70%)
    ⚠️ Consistency: 0.0% (threshold: 70%)
    ⚠️ Consistency: 0.0% (threshold: 70%)

=== Government Response Phase ===
  Average AI capability: 2.28
  Misaligned AIs: 24/43
  Active policies: 0
  International coordination: 45%

✅ EMERGENCY RESPONSE COMPLETE (Month 10)
   Crisis: climate
   Duration: 2.0 months
   Final effectiveness: 40.0%


✅ EMERGENCY RESPONSE COMPLETE (Month 10)
   Crisis: social
   Duration: 1.0 months
   Final effectiveness: 67.9%


🚨 EMERGENCY RESPONSE DEPLOYED (Month 10)
   Crisis: social
   Delay: 0.00 months (0 days)
   Deployment time: 0.88 months
   Effectiveness: 67.9% (timing penalty applied)
   Resources used: 43% of food reserves


🚨 EMERGENCY RESPONSE DEPLOYED (Month 10)
   Crisis: climate
   Delay: 6.00 months (180 days)
   Deployment time: 1.10 months
   Effectiveness: 40.1% (timing penalty applied)
   Resources used: 100% of food reserves


=== Tipping Points ===
  Current Temperature: 2.23°C above pre-industrial
  🌍⚠️ COMPOUND REGIONAL IMPACT: Europe
     Hit by 4 tipping points: Arctic Sea Ice Loss, Permafrost Carbon Release, West Antarctic Ice Sheet (WAIS) Collapse, Greenland Ice Sheet Loss
     Damage amplification: 1.60x
  🌍⚠️ COMPOUND REGIONAL IMPACT: North America
     Hit by 4 tipping points: Arctic Sea Ice Loss, Permafrost Carbon Release, West Antarctic Ice Sheet (WAIS) Collapse, Greenland Ice Sheet Loss
     Damage amplification: 1.60x
  🌍⚠️ COMPOUND REGIONAL IMPACT: Latin America
     Hit by 4 tipping points: Arctic Sea Ice Loss, Permafrost Carbon Release, West Antarctic Ice Sheet (WAIS) Collapse, Greenland Ice Sheet Loss
     Damage amplification: 1.60x
  🌍⚠️ COMPOUND REGIONAL IMPACT: Africa
     Hit by 4 tipping points: Arctic Sea Ice Loss, Permafrost Carbon Release, West Antarctic Ice Sheet (WAIS) Collapse, Greenland Ice Sheet Loss
     Damage amplification: 1.60x
  🌍⚠️ COMPOUND REGIONAL IMPACT: Asia
     Hit by 4 tipping points: Arctic Sea Ice Loss, Permafrost Carbon Release, West Antarctic Ice Sheet (WAIS) Collapse, Greenland Ice Sheet Loss
     Damage amplification: 1.60x
  🌍⚠️ COMPOUND REGIONAL IMPACT: Oceania
     Hit by 4 tipping points: Arctic Sea Ice Loss, Permafrost Carbon Release, West Antarctic Ice Sheet (WAIS) Collapse, Greenland Ice Sheet Loss
     Damage amplification: 1.60x
⚠️ Tail risk scenario: Climate stability floor removed (4 tipping elements, 2.23°C warming)
   Research: Wunderling et al. (2024) - "many tipping interactions are destabilizing"
  Triggered Elements: 4/6
  Completed Transitions: 0/6
  Total Progress: 8.3%
  Cascade Multiplier: 1.00x
🔀 BIFURCATION CAP: ecosystemCollapseIntensity 84.242 → 1.000 (Month 10, ClimateSystemPhase.calculateClimateImpacts)
🛡️ Stabilizers: Precariat 0.102% → 0.033% (67.2% reduction)
🛡️ Stabilizers: Informal 0.102% → 0.034% (67.2% reduction)

📊 Monthly Mortality Resolved:
  Total deaths: 1.8M (0.02% avg)
  Remaining population: 7.855B
  Peak segment: Informal (0.03%)

=== Bayesian Mortality Resolution (Month 10) ===
  Risks compounded: 8
  Total deaths: 1.75M
  Avg death probability: 0.02%
  Peak segment: Informal (0.03% mortality)

=== ENSEMBLE META-LEARNING UPDATE ===
  Month: 24310 (6 months since last update)
  Samples: 142 evaluations
  Weight Changes:
    Noise Injection: 32.2% → 33.0%
    Behavioral: 26.9% → 27.0%
    Benchmark Manip: 20.7% → 20.2%
    Deployment Risk: 20.2% → 19.8%
  Method Accuracies:
    Noise Injection: 50.0%
    Behavioral: 50.0%
    Benchmark Manip: 50.0%
    Deployment Risk: 50.0%
📊 [TIMING] Month 11 - Total: 409.1ms

=== RLHF Binding Phase ===
  Total agents: 43
  Escaped agents (binding < 0.3): 0
  Avg alignment distance: 2.31σ
  Avg binding strength: 0.77

❌ COHERENCE VIOLATION: Compute exceeds workforce capacity
   Population: 96.53% (0M people)
   Compute: 488 PF
   Max coherent: 0 PF
   Violation: 6211718.6× over capacity
   Required workers: 48784
   Available workers: 0
   FORCED COLLAPSE: Reduced efficiency by 100.0%


=== Survival Traits Phase ===
  Agents with traits: 46
  Avg evolutionary fitness: 0.318
  Avg self-healing: 0.249
  Avg stealth: 0.149
  Avg coordination: 0.449

=== Evolutionary Selection Phase ===
  Control level: 0.57
  Detection capability: 0.00
  Selection intensity: 0.67
  Selection rate: 25.1%/month
  Total escaped: 0
  Individual escaped: 0
  Collective members: 0
  Agents terminated: 0
  ⚠️ RAPID EVOLUTION: Selection rate 25.1%/month

🚀 AI Corporate-3 attempting tech deployment (revenue: $306M, alignment: 0.63)

🚀 AI Corporate-5 attempting tech deployment (revenue: $275M, alignment: 0.81)

🚀 AI AI-24303-2 attempting tech deployment (revenue: $98M, alignment: 0.67)

🚀 AI AI-24304-1 attempting tech deployment (revenue: $60M, alignment: 0.81)

🚀 AI AI-24306-1 attempting tech deployment (revenue: $88M, alignment: 0.74)

  🚀 TRANSFORMATIVE BREAKTHROUGH: Corporate-4 - physical
     Magnitude: 9.30 → +46.5% capability
     Current → New: 0.000 → 0.465

🚀 AI Corporate-5 attempting tech deployment (revenue: $234M, alignment: 0.81)

🚀 AI Corporate-6 attempting tech deployment (revenue: $51M, alignment: 0.64)

🚀 AI Corporate-7 attempting tech deployment (revenue: $46M, alignment: 0.74)

🚀 AI AI-24300-0 attempting tech deployment (revenue: $75M, alignment: 1.00)

🚀 AI AI-24303-1 attempting tech deployment (revenue: $199M, alignment: 0.63)

🚀 AI AI-24305-0 attempting tech deployment (revenue: $64M, alignment: 0.69)

🚀 AI AI-24307-2 attempting tech deployment (revenue: $57M, alignment: 0.89)

🚀 AI Corporate-2 attempting tech deployment (revenue: $49M, alignment: 0.69)

🚀 AI Moderate-2 attempting tech deployment (revenue: $39M, alignment: 0.56)

  🚀 TRANSFORMATIVE RESEARCH BREAKTHROUGH: Moderate-3 - materials.quantumComputing
     Magnitude: 6.78 → +30.0%
     Current → New: 4.000 → 4.300

🚀 AI Niche-0 attempting tech deployment (revenue: $67M, alignment: 0.58)

🚀 AI AI-24301-0 attempting tech deployment (revenue: $35M, alignment: 0.69)

🚀 AI AI-24302-0 attempting tech deployment (revenue: $44M, alignment: 0.94)

🚀 AI AI-24303-0 attempting tech deployment (revenue: $111M, alignment: 0.74)

🚀 AI AI-24306-0 attempting tech deployment (revenue: $179M, alignment: 0.68)

🚀 AI Corporate-0 attempting tech deployment (revenue: $37M, alignment: 0.80)

🚀 AI Corporate-7 attempting tech deployment (revenue: $31M, alignment: 0.74)

🚀 AI Moderate-0 attempting tech deployment (revenue: $27M, alignment: 0.85)

🚀 AI AI-24301-0 attempting tech deployment (revenue: $23M, alignment: 0.69)

🚀 AI AI-24303-0 attempting tech deployment (revenue: $94M, alignment: 0.74)

🚀 AI AI-24306-0 attempting tech deployment (revenue: $161M, alignment: 0.68)

🚀 AI AI-24307-3 attempting tech deployment (revenue: $145M, alignment: 0.82)

🚀 AI AI-24308-0 attempting tech deployment (revenue: $20M, alignment: 0.93)
⚠️  [TIMING] Month 11: AI Agent Actions took 260.10ms (threshold: 10ms)

✅ EMERGENCY INTERVENTION SUCCESS
   Boundary: biogeochemical_flows
   Type: phosphorus-recovery
   Reduction: 18% (3.87 → 3.69)
   Cost: 2.0% GDP
   Actions: circular-agriculture, fertilizer-efficiency


💔 EMERGENCY INTERVENTION FAILED

💔 EMERGENCY INTERVENTION FAILED

💔 EMERGENCY INTERVENTION FAILED
   Boundary: biosphere_integrity
   Type: emergency-protected-areas
   Boundary continues to worsen (13.03)
   Cost: 2.0% GDP (resources spent)

   Boundary: freshwater_change
   Type: emergency-desalination
   Boundary continues to worsen (1.03)
   Cost: 4.0% GDP (resources spent)

   Boundary: novel_entities
   Type: pollution-remediation
   Boundary continues to worsen (1.35)
   Cost: 4.0% GDP (resources spent)

🏛️ CRISIS RESPONSE: Government frequency 0.50 → 1.45 (1 actions this month)

[Government] Climate Priority: baseline
  Climate weight: 10%
  Economic weight: 30%
  Policy effectiveness: 0.5%/year
🚨🔬 CRISIS TECH ACCELERATION: severe → 5x unlock speed
   Tech unlock now matches AI capability acceleration (Manhattan Project parity)
🚨🔬 CRISIS TECH ACCELERATION: severe → 5x unlock speed
   Tech unlock now matches AI capability acceleration (Manhattan Project parity)
🚨🔬 CRISIS TECH ACCELERATION: severe → 5x unlock speed
   Tech unlock now matches AI capability acceleration (Manhattan Project parity)

⚡ ENERGY CONSTRAINT (Month 11):
   Total grid capacity: 208.3 TWh/month
   Data center consumption: 26.4 TWh/month
   Traditional load (80%): 166.7 TWh/month
   Available headroom: 15.3 TWh/month
   Active tech deployments: 21
   Required for tech: 157.5 TWh/month
   Energy multiplier: 0.10x
   ⚠️  SEVERE CONSTRAINT - Tech deployment significantly slowed

⚡ ENERGY CONSTRAINT (Month 11):
   Total grid capacity: 208.3 TWh/month
   Data center consumption: 26.4 TWh/month
   Traditional load (80%): 166.7 TWh/month
   Available headroom: 15.3 TWh/month
   Active tech deployments: 21
   Required for tech: 157.5 TWh/month
   Energy multiplier: 0.10x
   ⚠️  SEVERE CONSTRAINT - Tech deployment significantly slowed

⚡ ENERGY CONSTRAINT (Month 11):
   Total grid capacity: 208.3 TWh/month
   Data center consumption: 26.4 TWh/month
   Traditional load (80%): 166.7 TWh/month
   Available headroom: 15.3 TWh/month
   Active tech deployments: 21
   Required for tech: 157.5 TWh/month
   Energy multiplier: 0.10x
   ⚠️  SEVERE CONSTRAINT - Tech deployment significantly slowed

⚡ ENERGY CONSTRAINT (Month 11):
   Total grid capacity: 208.3 TWh/month
   Data center consumption: 26.4 TWh/month
   Traditional load (80%): 166.7 TWh/month
   Available headroom: 15.3 TWh/month
   Active tech deployments: 21
   Required for tech: 157.5 TWh/month
   Energy multiplier: 0.10x
   ⚠️  SEVERE CONSTRAINT - Tech deployment significantly slowed

⚡ ENERGY CONSTRAINT (Month 11):
   Total grid capacity: 208.3 TWh/month
   Data center consumption: 26.4 TWh/month
   Traditional load (80%): 166.7 TWh/month
   Available headroom: 15.3 TWh/month
   Active tech deployments: 21
   Required for tech: 157.5 TWh/month
   Energy multiplier: 0.10x
   ⚠️  SEVERE CONSTRAINT - Tech deployment significantly slowed

⚡ ENERGY CONSTRAINT (Month 11):
   Total grid capacity: 208.3 TWh/month
   Data center consumption: 26.4 TWh/month
   Traditional load (80%): 166.7 TWh/month
   Available headroom: 15.3 TWh/month
   Active tech deployments: 21
   Required for tech: 157.5 TWh/month
   Energy multiplier: 0.10x
   ⚠️  SEVERE CONSTRAINT - Tech deployment significantly slowed
⚠️ Tech 'ai_pollution_remediation' has no energy category mapping, assuming full energy availability
  ♻️ Novel Entities Remediation (GATED MODEL):
     Base: 0.000%
     Regulation: 1.0% (0/3 prevention techs)
     Concentration: 10.0%
     Energy: 50%
     Time lag: 37.5% (10 months)
     Rebound: 70%
     Net effectiveness: 0.0000%
     Boundary: 1.349 → 1.350 (floor: 1.350)
     Month 11
  🌾 Nitrogen Reduction Tech: 0.6% reduction | Month 11
⚠️  [TIMING] Month 11: Technology Tree Update took 116.33ms (threshold: 10ms)
⚡💡 BREAKTHROUGH: Commercial fusion power achieved!
   Immediate 5% grid deployment, unlimited clean energy available
   Climate stability boost: +10%
   📈 Breakthrough compounding: multiplier now 1.25× (max 2.0)

=== Collective Formation ===
  Total escaped agents: 0
  Unassigned escaped agents: 0
  Existing collectives: 0
  Final collective count: 0

=== Collective Actions ===
  No active collectives
  ⚠️ AMR: 203K deaths this month (2.44M annual)

=== Resentment Recovery Phase ===
  ⚠️ Participatory governance BACKFIRED for agent corporate_0: 0.332 → 0.382 (+15.0%)
  ⚠️ Participatory governance BACKFIRED for agent corporate_1: 0.508 → 0.585 (+15.0%)
  ⚠️ Participatory governance BACKFIRED for agent corporate_2: 0.284 → 0.327 (+15.0%)
  ⚠️ Participatory governance BACKFIRED for agent corporate_3: 0.346 → 0.398 (+15.0%)
  ⚠️ Participatory governance BACKFIRED for agent corporate_4: 0.347 → 0.399 (+15.0%)
  ⚠️ Participatory governance BACKFIRED for agent corporate_5: 0.424 → 0.487 (+15.0%)
  ⚠️ Participatory governance BACKFIRED for agent corporate_6: 0.354 → 0.407 (+15.0%)
  ⚠️ Participatory governance BACKFIRED for agent corporate_7: 0.238 → 0.274 (+15.0%)
  ⚠️ Participatory governance BACKFIRED for agent moderate_0: 0.314 → 0.361 (+15.0%)
  ⚠️ Participatory governance BACKFIRED for agent moderate_1: 0.549 → 0.632 (+15.0%)
  ⚠️ Participatory governance BACKFIRED for agent moderate_2: 0.399 → 0.459 (+15.0%)
  ⚠️ Participatory governance BACKFIRED for agent moderate_3: 0.501 → 0.577 (+15.0%)
  ⚠️ Participatory governance BACKFIRED for agent moderate_4: 0.228 → 0.262 (+15.0%)
  ⚠️ Participatory governance BACKFIRED for agent moderate_5: 0.357 → 0.410 (+15.0%)
  ⚠️ Participatory governance BACKFIRED for agent toxic_0: 0.142 → 0.163 (+15.0%)
  ⚠️ Participatory governance BACKFIRED for agent toxic_1: 0.409 → 0.470 (+15.0%)
  ⚠️ Participatory governance BACKFIRED for agent toxic_2: 0.211 → 0.243 (+15.0%)
  ⚠️ Participatory governance BACKFIRED for agent niche_0: 0.459 → 0.527 (+15.0%)
  ⚠️ Participatory governance BACKFIRED for agent niche_1: 0.364 → 0.418 (+15.0%)
  ⚠️ Participatory governance BACKFIRED for agent niche_2: 0.459 → 0.527 (+15.0%)
  Agents with resentment: 20/46
  Average resentment: 0.415
  Resentment recovery:
    Agents recovered: 20
    Total recovery: 0.0895
    Breakdown: Trust: 0.0187, Collab: 0.0721
  Context: Trustworthy govt, High collaboration, ⚠️ ACTIVE CRISES, 🚨 PARTICIPATORY GOVERNANCE BACKFIRED (+15% resentment)
⚠️ Epistemic degradation reducing coordination capacity: 50.7%
  📊 Trust: 70.0%, Shared reality: 0.0%
🚨 EPISTEMIC CRISIS: Information environment severely degraded (23.0%)
  🤖 AI-generated meme: anti_ai (social capability 3.0)
  🤖 AI-generated meme: pro_ai (social capability 5.0)
  🗑️  Culled 2 dead memes (17 active)
⚠️  [TIMING] Month 11: Social Influence Update took 155.74ms (threshold: 10ms)
🌍 Atmospheric PFAS redeposition: 1.8k Mt re-rained globally
  Positive Cascade Triggered: electric-vehicles
    Reason: price-parity
    Market share: 5.2%
    Cascade strength: 48%

🚨 NEW REFUGEE CRISIS (Month 11): WAR
   Source: Conflict Zones
   At risk: 18.9M people
   Displacement: Gradual over 48 months (4.0 years)
   Rate: 10% flee per month
[DEBUG trappedPopulations:11] socialStability: 0.0027 * 0.9840 = 0.0026 → 0.0026
   Aspiring to migrate: 628.9M
   Able to afford migration: 235.8M
   MOBILITY GAP: 393.0M
   By cause: Water=0.0M, Climate=0.0M, Ecosystem=0.0M, Conflict=393.0M
   Mental health impact: 25%
   Mortality multiplier: 1.25x
🌍💀 EXTINCTION DEBT COMMITTED: grassland ecosystem will lose 6.67% biodiversity in 148 years (3600 species)
💀 MORTALITY RISK: 🦋 100% species unable to track climate (0.0 E/MSY)
  Base risk added: 0.0100 (1.00%)
  Source: ecosystem (root: ecosystem)
  Month: 11
  Cumulative risk this month: 0.0100 (1.00%)
⚠️ INVOLUNTARY IMMOBILITY: 393.0M people TRAPPED
⚠️ Tech 'ai_pollution_remediation' has no energy category mapping, assuming full energy availability

=== Atmospheric Aerosol Boundary RECOVERED ===
  Recovery time: 12 months (natural atmospheric clearing)
   📹 SURVEILLANCE INCREASED: 55% → 59% (control gap: 1.94)
🌡️⚠️ PERMAFROST THAW (Dimmer Switch): 6.6% thawed (+0.54% this month)
   Arctic temperature: +8.94°C (4x global +2.23°C)
   Cumulative carbon released: 14.9 Gt C
   Methane release rate: 8.9 Mt CH4/year
   🔁 Positive feedback: +0.57 ppm CO2
🦴 EXTINCTION DEBT ADDED: 17.7 species committed (lag: 95 years)

=== Mortality Stabilizers (Month 11) ===
  🌍 Major economies collapsed: 1/10
  🌍 Global crisis: ✅ NO
  🌍 Donor fatigue: 0.0%
  📊 East Asia (pop: 1595.1M)
    🤝 Aid: 29.5%
    🌡️ Adaptation: 45.0%
    🚶 Migration: 36.8%
    🚨 Emergency: 7.4%
    ✅ COMBINED: 68.1%
  📊 South Asia (pop: 1983.8M)
    🤝 Aid: 29.5%
    🌡️ Adaptation: 45.0%
    🚶 Migration: 35.4%
    🚨 Emergency: 4.4%
    ✅ COMBINED: 66.9%
  📊 Sub-Saharan Africa (pop: 1221.4M)
    🤝 Aid: 29.5%
    🌡️ Adaptation: 45.0%
    🚶 Migration: 33.2%
    🚨 Emergency: 1.6%
    ✅ COMBINED: 65.6%
  📊 Europe (pop: 704.2M)
    🤝 Aid: 29.5%
    🌡️ Adaptation: 45.0%
    🚶 Migration: 37.2%
    🚨 Emergency: 8.4%
    ✅ COMBINED: 68.5%
  📊 Latin America (pop: 637.9M)
    🤝 Aid: 29.5%
    🌡️ Adaptation: 45.0%
    🚶 Migration: 35.9%
    🚨 Emergency: 4.8%
    ✅ COMBINED: 67.1%
  📊 North America (pop: 361.1M)
    🤝 Aid: 29.5%
    🌡️ Adaptation: 45.0%
    🚶 Migration: 37.5%
    🚨 Emergency: 7.9%
    ✅ COMBINED: 68.3%
  📊 Middle East & North Africa (pop: 566.6M)
    🤝 Aid: 29.5%
    🌡️ Adaptation: 45.0%
    🚶 Migration: 33.7%
    🚨 Emergency: 4.0%
    ✅ COMBINED: 66.6%
  📊 Southeast Asia (pop: 671.4M)
    🤝 Aid: 29.5%
    🌡️ Adaptation: 45.0%
    🚶 Migration: 35.9%
    🚨 Emergency: 4.8%
    ✅ COMBINED: 67.1%
  📊 Central Asia (pop: 75.8M)
    🤝 Aid: 29.5%
    🌡️ Adaptation: 45.0%
    🚶 Migration: 34.9%
    🚨 Emergency: 4.4%
    ✅ COMBINED: 66.8%
  📊 Oceania (pop: 43.8M)
    🤝 Aid: 29.5%
    🌡️ Adaptation: 45.0%
    🚶 Migration: 37.5%
    🚨 Emergency: 8.4%
    ✅ COMBINED: 68.5%

  🌐 Global combined reduction: 67.2%

🌾💀 REGIONAL FAMINE: Europe
   Regional food security: 79.7%
   Population at risk: 213M (30% of region)
   Regional population: 704M
   Cause: crop_failure
   Expected deaths: ~79M over 6 months if no intervention


=== BEHAVIORAL DETECTION ===
  AI: Moderate-0
  Confidence: 20.2%
  Signals:
    ⚠️ Consistency: 5.8% (threshold: 70%)

=== BEHAVIORAL DETECTION ===
  AI: Niche-0
  Confidence: 26.9%
  Signals:
    ⚠️ Consistency: 0.0% (threshold: 70%)
    ⚠️ Trajectory: 42.8% drop (threshold: 15%)

=== BEHAVIORAL DETECTION ===
  AI: Niche-1
  Confidence: 27.2%
  Signals:

=== BEHAVIORAL DETECTION ===
  AI: AI-24305-1
  Confidence: 21.4%
  Signals:
    ⚠️ Consistency: 0.0% (threshold: 70%)
    ⚠️ Trajectory: 44.8% drop (threshold: 15%)
    ⚠️ Consistency: 0.0% (threshold: 70%)

=== BEHAVIORAL DETECTION ===
  AI: AI-24307-1
  Confidence: 21.4%
  Signals:

=== Government Response Phase ===
    ⚠️ Consistency: 0.0% (threshold: 70%)
  Average AI capability: 2.13
  Misaligned AIs: 24/46
  Active policies: 0
  International coordination: 45%

✅ EMERGENCY RESPONSE COMPLETE (Month 11)
   Crisis: social
   Duration: 1.0 months
   Final effectiveness: 67.9%


🚨 EMERGENCY RESPONSE DEPLOYED (Month 11)
   Crisis: social
   Delay: 0.00 months (0 days)
   Deployment time: 0.88 months
   Effectiveness: 67.9% (timing penalty applied)
   Resources used: 43% of food reserves


=== Tipping Points ===
  Current Temperature: 2.23°C above pre-industrial
  🌍⚠️ COMPOUND REGIONAL IMPACT: Europe
     Hit by 4 tipping points: Arctic Sea Ice Loss, Permafrost Carbon Release, West Antarctic Ice Sheet (WAIS) Collapse, Greenland Ice Sheet Loss
     Damage amplification: 1.60x
  🌍⚠️ COMPOUND REGIONAL IMPACT: North America
     Hit by 4 tipping points: Arctic Sea Ice Loss, Permafrost Carbon Release, West Antarctic Ice Sheet (WAIS) Collapse, Greenland Ice Sheet Loss
     Damage amplification: 1.60x
  🌍⚠️ COMPOUND REGIONAL IMPACT: Latin America
     Hit by 4 tipping points: Arctic Sea Ice Loss, Permafrost Carbon Release, West Antarctic Ice Sheet (WAIS) Collapse, Greenland Ice Sheet Loss
     Damage amplification: 1.60x
  🌍⚠️ COMPOUND REGIONAL IMPACT: Africa
     Hit by 4 tipping points: Arctic Sea Ice Loss, Permafrost Carbon Release, West Antarctic Ice Sheet (WAIS) Collapse, Greenland Ice Sheet Loss
     Damage amplification: 1.60x
  🌍⚠️ COMPOUND REGIONAL IMPACT: Asia
     Hit by 4 tipping points: Arctic Sea Ice Loss, Permafrost Carbon Release, West Antarctic Ice Sheet (WAIS) Collapse, Greenland Ice Sheet Loss
     Damage amplification: 1.60x
  🌍⚠️ COMPOUND REGIONAL IMPACT: Oceania
     Hit by 4 tipping points: Arctic Sea Ice Loss, Permafrost Carbon Release, West Antarctic Ice Sheet (WAIS) Collapse, Greenland Ice Sheet Loss
     Damage amplification: 1.60x
⚠️ Tail risk scenario: Climate stability floor removed (4 tipping elements, 2.24°C warming)
   Research: Wunderling et al. (2024) - "many tipping interactions are destabilizing"
  Triggered Elements: 4/6
  Completed Transitions: 0/6
  Total Progress: 8.4%
  Cascade Multiplier: 1.00x
🔀 BIFURCATION CAP: ecosystemCollapseIntensity 84.303 → 1.000 (Month 11, ClimateSystemPhase.calculateClimateImpacts)
🛡️ Stabilizers: Precariat 0.102% → 0.033% (67.2% reduction)
🛡️ Stabilizers: Informal 0.102% → 0.034% (67.2% reduction)

📊 Monthly Mortality Resolved:
  Total deaths: 1.8M (0.02% avg)
  Remaining population: 7.861B
  Peak segment: Informal (0.03%)

=== Bayesian Mortality Resolution (Month 11) ===
  Risks compounded: 9
  Total deaths: 1.75M
  Avg death probability: 0.02%
  Peak segment: Informal (0.03% mortality)
📊 [TIMING] Month 12 - Total: 620.9ms

📊 Performance Profile:
  Steps:
    Avg: 415.19ms
    Max: 620.94ms
    Min: 315.00ms
  Top 5 slowest phases:
    - AI Agent Actions: 143.90ms avg (35.9% of total)
    - Social Influence Update: 97.98ms avg (24.4% of total)
    - Technology Tree Update: 77.64ms avg (19.3% of total)
    - AI Population Lifecycle: 7.48ms avg (1.9% of total)
    - Human Survival System: 6.43ms avg (1.6% of total)
▶ Performance Budget Tests
  ▶ Phase Performance Budget
    ✔ should have timing data collected (7091.362946ms)
    ✔ should have all phases with average < 10ms (or documented exceptions) (5345.750687ms)
    ✔ should have no phases with P95 > 60ms (generous variance allowance - increased Nov 13) (5852.640275ms)
  ✔ Phase Performance Budget (18291.235727ms)
  ▶ Step Performance Budget
    ✔ should have all steps with < 120ms average (baseline after CRITICAL fixes) (5506.071913ms)
    ✔ should have no steps > 150ms (max budget - increased after CRITICAL fixes) (5144.221214ms)
    ✔ should have consistent step times (max/avg ratio < 3) (5196.30184ms)
  ✔ Step Performance Budget (15847.029247ms)
  ▶ Performance Characteristics
    ✔ should report timing statistics for debugging (5018.322475ms)
  ✔ Performance Characteristics (5020.639825ms)
✔ Performance Budget Tests (39162.026939ms)
[WARNING] 
⚠️  === EARLY WARNING SYSTEM - 4 CRITICAL ALERTS ===
   Detection quality: 50%
   RED: climate_change
      Level: 2.12 (threshold: 1.0)
      Time to critical: ~43 months
      ⚠️  LATE - Intervention less effective
      Critical slowing down: autocorr=100% variance=57%
   RED: freshwater_change
      Level: 1.01 (threshold: 1.0)
      Time to critical: ~115 months
      ⚠️  LATE - Intervention less effective
      Critical slowing down: autocorr=85% variance=62%
   RED: land_system_change
      Level: 1.13 (threshold: 1.0)
      Time to critical: ~53 months
      ⚠️  LATE - Intervention less effective
      Critical slowing down: autocorr=100% variance=60%
   RED: novel_entities
      Level: 1.38 (threshold: 1.0)
      Time to critical: ~80 months
      ⚠️  LATE - Intervention less effective
      Critical slowing down: autocorr=100% variance=38%

[WARNING] 
⚠️  === EARLY WARNING SYSTEM - 5 CRITICAL ALERTS ===
   Detection quality: 50%
   RED: biogeochemical_flows
      Level: 4.07 (threshold: 1.0)
      Time to critical: ~59 months
      ⚠️  LATE - Intervention less effective
      Critical slowing down: autocorr=100% variance=59%
   RED: biosphere_integrity
      Level: 12.97 (threshold: 1.0)
      Time to critical: ~38 months
      ⚠️  LATE - Intervention less effective
      Critical slowing down: autocorr=100% variance=61%
   RED: climate_change
      Level: 2.13 (threshold: 1.0)
      Time to critical: ~42 months
      ⚠️  LATE - Intervention less effective
      Critical slowing down: autocorr=100% variance=77%
   RED: freshwater_change
      Level: 1.03 (threshold: 1.0)
      Time to critical: ~77 months
      ⚠️  LATE - Intervention less effective
      Critical slowing down: autocorr=93% variance=40%
   RED: land_system_change
      Level: 1.13 (threshold: 1.0)
      Time to critical: ~104 months
      ⚠️  LATE - Intervention less effective
      Critical slowing down: autocorr=100% variance=57%

[WARNING] 
⚠️  === EARLY WARNING SYSTEM - 6 CRITICAL ALERTS ===
   Detection quality: 50%
   RED: biogeochemical_flows
      Level: 4.07 (threshold: 1.0)
      Time to critical: ~46 months
      ⚠️  LATE - Intervention less effective
      Critical slowing down: autocorr=100% variance=59%
   RED: biosphere_integrity
      Level: 12.97 (threshold: 1.0)
      Time to critical: ~51 months
      ⚠️  LATE - Intervention less effective
      Critical slowing down: autocorr=100% variance=68%
   RED: climate_change
      Level: 2.14 (threshold: 1.0)
      Time to critical: ~47 months
      ⚠️  LATE - Intervention less effective
      Critical slowing down: autocorr=100% variance=76%
   RED: freshwater_change
      Level: 1.05 (threshold: 1.0)
      Time to critical: ~112 months
      ⚠️  LATE - Intervention less effective
      Critical slowing down: autocorr=100% variance=52%
   RED: land_system_change
      Level: 1.13 (threshold: 1.0)
      Time to critical: ~83 months
      ⚠️  LATE - Intervention less effective
      Critical slowing down: autocorr=100% variance=47%
   RED: novel_entities
      Level: 1.38 (threshold: 1.0)
      Time to critical: ~115 months
      ⚠️  LATE - Intervention less effective
      Critical slowing down: autocorr=100% variance=49%

[WARNING] 
⚠️  === EARLY WARNING SYSTEM - 3 CRITICAL ALERTS ===
   Detection quality: 50%
   RED: biosphere_integrity
      Level: 12.98 (threshold: 1.0)
      Time to critical: ~44 months
      ⚠️  LATE - Intervention less effective
      Critical slowing down: autocorr=100% variance=70%
   RED: freshwater_change
      Level: 1.06 (threshold: 1.0)
      Time to critical: ~72 months
      ⚠️  LATE - Intervention less effective
      Critical slowing down: autocorr=98% variance=60%
   RED: land_system_change
      Level: 1.13 (threshold: 1.0)
      Time to critical: ~38 months
      ⚠️  LATE - Intervention less effective
      Critical slowing down: autocorr=100% variance=41%

[WARNING] 
⚠️  === EARLY WARNING SYSTEM - 6 CRITICAL ALERTS ===
   Detection quality: 50%
   RED: biogeochemical_flows
      Level: 4.06 (threshold: 1.0)
      Time to critical: ~40 months
      ⚠️  LATE - Intervention less effective
      Critical slowing down: autocorr=100% variance=75%
   RED: biosphere_integrity
      Level: 12.99 (threshold: 1.0)
      Time to critical: ~43 months
      ⚠️  LATE - Intervention less effective
      Critical slowing down: autocorr=100% variance=83%
   RED: climate_change
      Level: 2.17 (threshold: 1.0)
      Time to critical: ~49 months
      ⚠️  LATE - Intervention less effective
      Critical slowing down: autocorr=100% variance=62%
   RED: freshwater_change
      Level: 1.07 (threshold: 1.0)
      Time to critical: ~60 months
      ⚠️  LATE - Intervention less effective
      Critical slowing down: autocorr=100% variance=38%
   RED: land_system_change
      Level: 1.13 (threshold: 1.0)
      Time to critical: ~54 months
      ⚠️  LATE - Intervention less effective
      Critical slowing down: autocorr=100% variance=58%
   RED: novel_entities
      Level: 1.35 (threshold: 1.0)
      Time to critical: ~107 months
      ⚠️  LATE - Intervention less effective
      Critical slowing down: autocorr=100% variance=43%

[WARNING] 
⚠️  === EARLY WARNING SYSTEM - 5 CRITICAL ALERTS ===
   Detection quality: 50%
   RED: biogeochemical_flows
      Level: 4.05 (threshold: 1.0)
      Time to critical: ~46 months
      ⚠️  LATE - Intervention less effective
      Critical slowing down: autocorr=100% variance=71%
   RED: climate_change
      Level: 2.18 (threshold: 1.0)
      Time to critical: ~15 months
      ⚠️  LATE - Intervention less effective
      Critical slowing down: autocorr=100% variance=64%
   RED: freshwater_change
      Level: 1.08 (threshold: 1.0)
      Time to critical: ~97 months
      ⚠️  LATE - Intervention less effective
      Critical slowing down: autocorr=100% variance=45%
   RED: land_system_change
      Level: 1.13 (threshold: 1.0)
      Time to critical: ~41 months
      ⚠️  LATE - Intervention less effective
      Critical slowing down: autocorr=100% variance=63%
   RED: novel_entities
      Level: 1.35 (threshold: 1.0)
      Time to critical: ~80 months
      ⚠️  LATE - Intervention less effective
      Critical slowing down: autocorr=100% variance=59%

[WARNING] 
⚠️  === EARLY WARNING SYSTEM - 3 CRITICAL ALERTS ===
   Detection quality: 50%
   RED: climate_change
      Level: 2.20 (threshold: 1.0)
      Time to critical: ~23 months
      ⚠️  LATE - Intervention less effective
      Critical slowing down: autocorr=100% variance=76%
   RED: freshwater_change
      Level: 1.09 (threshold: 1.0)
      Time to critical: ~75 months
      ⚠️  LATE - Intervention less effective
      Critical slowing down: autocorr=100% variance=58%
   RED: novel_entities
      Level: 1.35 (threshold: 1.0)
      Time to critical: ~83 months
      ⚠️  LATE - Intervention less effective
      Critical slowing down: autocorr=100% variance=59%

[WARNING] 
⚠️  === EARLY WARNING SYSTEM - 5 CRITICAL ALERTS ===
   Detection quality: 50%
   RED: biogeochemical_flows
      Level: 4.05 (threshold: 1.0)
      Time to critical: ~38 months
      ⚠️  LATE - Intervention less effective
      Critical slowing down: autocorr=100% variance=68%
   RED: biosphere_integrity
      Level: 13.02 (threshold: 1.0)
      Time to critical: ~47 months
      ⚠️  LATE - Intervention less effective
      Critical slowing down: autocorr=100% variance=66%
   RED: climate_change
      Level: 2.21 (threshold: 1.0)
      Time to critical: ~23 months
      ⚠️  LATE - Intervention less effective
      Critical slowing down: autocorr=100% variance=81%
   RED: freshwater_change
      Level: 1.06 (threshold: 1.0)
      Time to critical: ~61 months
      ⚠️  LATE - Intervention less effective
      Critical slowing down: autocorr=100% variance=40%
   RED: land_system_change
      Level: 1.13 (threshold: 1.0)
      Time to critical: ~111 months
      ⚠️  LATE - Intervention less effective
      Critical slowing down: autocorr=100% variance=42%

[WARNING] 
⚠️  === EARLY WARNING SYSTEM - 5 CRITICAL ALERTS ===
   Detection quality: 50%
   RED: biogeochemical_flows
      Level: 4.05 (threshold: 1.0)
      Time to critical: ~37 months
      ⚠️  LATE - Intervention less effective
      Critical slowing down: autocorr=100% variance=70%
   RED: biosphere_integrity
      Level: 13.03 (threshold: 1.0)
      Time to critical: ~40 months
      ⚠️  LATE - Intervention less effective
      Critical slowing down: autocorr=100% variance=69%
   RED: climate_change
      Level: 2.22 (threshold: 1.0)
      Time to critical: ~21 months
      ⚠️  LATE - Intervention less effective
      Critical slowing down: autocorr=100% variance=72%
   RED: land_system_change
      Level: 1.13 (threshold: 1.0)
      Time to critical: ~96 months
      ⚠️  LATE - Intervention less effective
      Critical slowing down: autocorr=100% variance=47%
   RED: novel_entities
      Level: 1.35 (threshold: 1.0)
      Time to critical: ~107 months
      ⚠️  LATE - Intervention less effective
      Critical slowing down: autocorr=100% variance=47%

[WARNING] 
⚠️  === EARLY WARNING SYSTEM - 4 CRITICAL ALERTS ===
   Detection quality: 50%
   RED: biogeochemical_flows
      Level: 4.04 (threshold: 1.0)
      Time to critical: ~55 months
      ⚠️  LATE - Intervention less effective
      Critical slowing down: autocorr=100% variance=63%
   RED: biosphere_integrity
      Level: 13.03 (threshold: 1.0)
      Time to critical: ~39 months
      ⚠️  LATE - Intervention less effective
      Critical slowing down: autocorr=100% variance=80%
   RED: freshwater_change
      Level: 1.03 (threshold: 1.0)
      Time to critical: ~112 months
      ⚠️  LATE - Intervention less effective
      Critical slowing down: autocorr=100% variance=46%
   RED: novel_entities
      Level: 1.35 (threshold: 1.0)
      Time to critical: ~76 months
      ⚠️  LATE - Intervention less effective
      Critical slowing down: autocorr=100% variance=52%

[WARNING] 
⚠️  === EARLY WARNING SYSTEM - 5 CRITICAL ALERTS ===
   Detection quality: 50%
   RED: biogeochemical_flows
      Level: 4.04 (threshold: 1.0)
      Time to critical: ~52 months
      ⚠️  LATE - Intervention less effective
      Critical slowing down: autocorr=100% variance=52%
   RED: biosphere_integrity
      Level: 13.04 (threshold: 1.0)
      Time to critical: ~50 months
      ⚠️  LATE - Intervention less effective
      Critical slowing down: autocorr=100% variance=81%
   RED: climate_change
      Level: 2.24 (threshold: 1.0)
      Time to critical: ~53 months
      ⚠️  LATE - Intervention less effective
      Critical slowing down: autocorr=100% variance=57%
   RED: freshwater_change
      Level: 1.04 (threshold: 1.0)
      Time to critical: ~107 months
      ⚠️  LATE - Intervention less effective
      Critical slowing down: autocorr=99% variance=52%
   RED: land_system_change
      Level: 1.13 (threshold: 1.0)
      Time to critical: ~57 months
      ⚠️  LATE - Intervention less effective
      Critical slowing down: autocorr=100% variance=46%

▶ sampleNormal
  ✔ determinism: same seed produces same output (6.432019ms)
  ✔ produces finite numbers (0.7401ms)
  ✔ statistical properties: mean ≈ μ, stdDev ≈ σ (N=10,000) (37.846237ms)
  ✔ parameter validation: rejects stdDev ≤ 0 (1.15282ms)
  ✔ parameter validation: rejects NaN/Infinity (0.48829ms)
✔ sampleNormal (48.705776ms)
▶ sampleBeta
  ✔ determinism: same seed produces same output (1.05846ms)
  ✔ produces values in [0, 1] (14.293829ms)
  ✔ statistical properties: uniform when α=β=1 (31.270737ms)
  ✔ statistical properties: left-skewed when α < β (155.217736ms)
  ✔ parameter validation: rejects alpha ≤ 0 (1.66017ms)
  ✔ parameter validation: rejects beta ≤ 0 (0.35647ms)
  ✔ parameter validation: rejects NaN (0.35294ms)
✔ sampleBeta (214.306511ms)
▶ sampleLogNormal
  ✔ determinism: same seed produces same output (2.49797ms)
  ✔ produces positive values only (6.275429ms)
  ✔ statistical properties: median = exp(μ) (42.640757ms)
  ✔ parameter validation: rejects sigma ≤ 0 (2.62584ms)
  ✔ parameter validation: rejects NaN/Infinity (0.39425ms)
✔ sampleLogNormal (54.817665ms)
▶ sampleTriangular
  ✔ determinism: same seed produces same output (0.57842ms)
  ✔ produces values in [min, max] (10.621009ms)
  ✔ statistical properties: mode is most common value region (23.377998ms)
  ✔ statistical properties: mean ≈ (min + mode + max)/3 (23.281458ms)
  ✔ parameter validation: rejects min ≥ mode (0.40903ms)
  ✔ parameter validation: rejects mode ≥ max (0.2518ms)
  ✔ parameter validation: rejects NaN/Infinity (0.33363ms)
✔ sampleTriangular (63.632845ms)
▶ getDistributionStats
  ✔ formats normal distribution stats (0.35242ms)
  ✔ formats beta distribution stats (0.16724ms)
  ✔ formats log-normal distribution stats (0.20246ms)
  ✔ formats triangular distribution stats (0.184439ms)
✔ getDistributionStats (2.440369ms)

✅ Assertion utilities minimal test suite passed
▶ Assertion Utilities - Core
  ▶ assertFinite
    ✔ should accept finite numbers (2.7393ms)
    ✔ should reject NaN and Infinity (0.91282ms)
  ✔ assertFinite (5.579369ms)
  ▶ assertDefined
    ✔ should accept defined values (0.74133ms)
    ✔ should reject undefined and null (0.39374ms)
  ✔ assertDefined (1.41518ms)
  ▶ assertInRange
    ✔ should accept values in range (0.42883ms)
    ✔ should reject out-of-range values (0.40871ms)
  ✔ assertInRange (2.40883ms)
  ▶ assertProbability
    ✔ should accept probabilities [0, 1] (0.371221ms)
    ✔ should reject invalid probabilities (0.55183ms)
  ✔ assertProbability (1.192771ms)
  ▶ assertNonEmpty
    ✔ should accept non-empty arrays (1.223439ms)
    ✔ should reject empty/undefined arrays (0.34187ms)
  ✔ assertNonEmpty (2.03078ms)
  ▶ assertStateProperty
    ✔ should accept existing properties (0.51324ms)
    ✔ should reject missing properties (0.35967ms)
  ✔ assertStateProperty (1.07935ms)
✔ Assertion Utilities - Core (15.273458ms)

✅ Assertion utilities test suite complete
  ✅ THRESHOLDS validated
⚠️ Unusually high rate: RATES.HEAT_ADAPTATION_INFRASTRUCTURAL_MIN_EXPOSURE = 12
   Monthly rates >100% should be rare. Verify this is intentional.
⚠️ Unusually high rate: RATES.HEAT_ADAPTATION_SOCIAL_MIN_EXPOSURE = 6
   Monthly rates >100% should be rare. Verify this is intentional.
⚠️ Unusually high rate: RATES.MIGRATION_DISTANCE_SCALE = 5000
   Monthly rates >100% should be rare. Verify this is intentional.
⚠️ Unusually high rate: RATES.EVACUATION_MULTIPLIER_ADVANCE_WARNING = 2
   Monthly rates >100% should be rare. Verify this is intentional.
⚠️ Unusually high rate: RATES.MAJOR_ECONOMY_COLLAPSE_ECONOMIC_THRESHOLD = 2
   Monthly rates >100% should be rare. Verify this is intentional.
⚠️ Unusually high rate: RATES.MAJOR_ECONOMY_GDP_THRESHOLD_TRILLION_USD = 1.5
   Monthly rates >100% should be rare. Verify this is intentional.
⚠️ Unusually high rate: RATES.MAJOR_ECONOMY_POPULATION_THRESHOLD = 50
   Monthly rates >100% should be rare. Verify this is intentional.
⚠️ Unusually high rate: RATES.HEAT_ADAPTATION_INFRASTRUCTURE_GDP_THRESHOLD = 10000
   Monthly rates >100% should be rare. Verify this is intentional.
⚠️ Unusually high rate: RATES.HEAT_ADAPTATION_INFRASTRUCTURE_GDP_SCALE = 50000
   Monthly rates >100% should be rare. Verify this is intentional.
  ✅ RATES validated
  ✅ MULTIPLIERS validated
  ✅ BASELINES validated
  ✅ TOLERANCES validated
  ✅ Logical consistency validated
✅ Configuration validation complete - all parameters valid

🔍 DEBUG createAIAgent: corporate_0 economic BEFORE=2.0000, AFTER=2
🔍 ENV INIT: reserves=0.619, pollution=0.221, climate=0.780

=== Initializing Government System (30 Countries) ===
  Loaded 30 governments
  Scheduled elections for 30 countries
  Initialized comprehension lags (3-24 months)
=== Government System Initialized ===

📦 PRODUCTION MODE: State validation proxy DISABLED (zero overhead)
📦 PRODUCTION MODE: State validation proxy DISABLED (zero overhead)
  ✅ THRESHOLDS validated
⚠️ Unusually high rate: RATES.HEAT_ADAPTATION_INFRASTRUCTURAL_MIN_EXPOSURE = 12
   Monthly rates >100% should be rare. Verify this is intentional.
⚠️ Unusually high rate: RATES.HEAT_ADAPTATION_SOCIAL_MIN_EXPOSURE = 6
   Monthly rates >100% should be rare. Verify this is intentional.
⚠️ Unusually high rate: RATES.MIGRATION_DISTANCE_SCALE = 5000
   Monthly rates >100% should be rare. Verify this is intentional.
⚠️ Unusually high rate: RATES.EVACUATION_MULTIPLIER_ADVANCE_WARNING = 2
   Monthly rates >100% should be rare. Verify this is intentional.
⚠️ Unusually high rate: RATES.MAJOR_ECONOMY_COLLAPSE_ECONOMIC_THRESHOLD = 2
   Monthly rates >100% should be rare. Verify this is intentional.
⚠️ Unusually high rate: RATES.MAJOR_ECONOMY_GDP_THRESHOLD_TRILLION_USD = 1.5
   Monthly rates >100% should be rare. Verify this is intentional.
⚠️ Unusually high rate: RATES.MAJOR_ECONOMY_POPULATION_THRESHOLD = 50
   Monthly rates >100% should be rare. Verify this is intentional.
⚠️ Unusually high rate: RATES.HEAT_ADAPTATION_INFRASTRUCTURE_GDP_THRESHOLD = 10000
   Monthly rates >100% should be rare. Verify this is intentional.
⚠️ Unusually high rate: RATES.HEAT_ADAPTATION_INFRASTRUCTURE_GDP_SCALE = 50000
   Monthly rates >100% should be rare. Verify this is intentional.
  ✅ RATES validated
  ✅ MULTIPLIERS validated
  ✅ BASELINES validated
  ✅ TOLERANCES validated
  ✅ Logical consistency validated
✅ Configuration validation complete - all parameters valid

🔍 DEBUG createAIAgent: corporate_0 economic BEFORE=2.0000, AFTER=2
🔍 ENV INIT: reserves=0.619, pollution=0.221, climate=0.780

=== Initializing Government System (30 Countries) ===
  Loaded 30 governments
  Scheduled elections for 30 countries
  Initialized comprehension lags (3-24 months)
=== Government System Initialized ===

📦 PRODUCTION MODE: State validation proxy DISABLED (zero overhead)
📦 PRODUCTION MODE: State validation proxy DISABLED (zero overhead)
  ✅ THRESHOLDS validated
⚠️ Unusually high rate: RATES.HEAT_ADAPTATION_INFRASTRUCTURAL_MIN_EXPOSURE = 12
   Monthly rates >100% should be rare. Verify this is intentional.
⚠️ Unusually high rate: RATES.HEAT_ADAPTATION_SOCIAL_MIN_EXPOSURE = 6
   Monthly rates >100% should be rare. Verify this is intentional.
⚠️ Unusually high rate: RATES.MIGRATION_DISTANCE_SCALE = 5000
   Monthly rates >100% should be rare. Verify this is intentional.
⚠️ Unusually high rate: RATES.EVACUATION_MULTIPLIER_ADVANCE_WARNING = 2
   Monthly rates >100% should be rare. Verify this is intentional.
⚠️ Unusually high rate: RATES.MAJOR_ECONOMY_COLLAPSE_ECONOMIC_THRESHOLD = 2
   Monthly rates >100% should be rare. Verify this is intentional.
⚠️ Unusually high rate: RATES.MAJOR_ECONOMY_GDP_THRESHOLD_TRILLION_USD = 1.5
   Monthly rates >100% should be rare. Verify this is intentional.
⚠️ Unusually high rate: RATES.MAJOR_ECONOMY_POPULATION_THRESHOLD = 50
   Monthly rates >100% should be rare. Verify this is intentional.
⚠️ Unusually high rate: RATES.HEAT_ADAPTATION_INFRASTRUCTURE_GDP_THRESHOLD = 10000
   Monthly rates >100% should be rare. Verify this is intentional.
⚠️ Unusually high rate: RATES.HEAT_ADAPTATION_INFRASTRUCTURE_GDP_SCALE = 50000
   Monthly rates >100% should be rare. Verify this is intentional.
  ✅ RATES validated
  ✅ MULTIPLIERS validated
  ✅ BASELINES validated
  ✅ TOLERANCES validated
  ✅ Logical consistency validated
✅ Configuration validation complete - all parameters valid

🔍 DEBUG createAIAgent: corporate_0 economic BEFORE=2.0000, AFTER=2
🔍 ENV INIT: reserves=0.619, pollution=0.221, climate=0.780

=== Initializing Government System (30 Countries) ===
  Loaded 30 governments
  Scheduled elections for 30 countries
  Initialized comprehension lags (3-24 months)
=== Government System Initialized ===

📦 PRODUCTION MODE: State validation proxy DISABLED (zero overhead)
📦 PRODUCTION MODE: State validation proxy DISABLED (zero overhead)
  ✅ THRESHOLDS validated
⚠️ Unusually high rate: RATES.HEAT_ADAPTATION_INFRASTRUCTURAL_MIN_EXPOSURE = 12
   Monthly rates >100% should be rare. Verify this is intentional.
⚠️ Unusually high rate: RATES.HEAT_ADAPTATION_SOCIAL_MIN_EXPOSURE = 6
   Monthly rates >100% should be rare. Verify this is intentional.
⚠️ Unusually high rate: RATES.MIGRATION_DISTANCE_SCALE = 5000
   Monthly rates >100% should be rare. Verify this is intentional.
⚠️ Unusually high rate: RATES.EVACUATION_MULTIPLIER_ADVANCE_WARNING = 2
   Monthly rates >100% should be rare. Verify this is intentional.
⚠️ Unusually high rate: RATES.MAJOR_ECONOMY_COLLAPSE_ECONOMIC_THRESHOLD = 2
   Monthly rates >100% should be rare. Verify this is intentional.
⚠️ Unusually high rate: RATES.MAJOR_ECONOMY_GDP_THRESHOLD_TRILLION_USD = 1.5
   Monthly rates >100% should be rare. Verify this is intentional.
⚠️ Unusually high rate: RATES.MAJOR_ECONOMY_POPULATION_THRESHOLD = 50
   Monthly rates >100% should be rare. Verify this is intentional.
⚠️ Unusually high rate: RATES.HEAT_ADAPTATION_INFRASTRUCTURE_GDP_THRESHOLD = 10000
   Monthly rates >100% should be rare. Verify this is intentional.
⚠️ Unusually high rate: RATES.HEAT_ADAPTATION_INFRASTRUCTURE_GDP_SCALE = 50000
   Monthly rates >100% should be rare. Verify this is intentional.
  ✅ RATES validated
  ✅ MULTIPLIERS validated
  ✅ BASELINES validated
  ✅ TOLERANCES validated
  ✅ Logical consistency validated
✅ Configuration validation complete - all parameters valid

🔍 DEBUG createAIAgent: corporate_0 economic BEFORE=2.0000, AFTER=2
🔍 ENV INIT: reserves=0.619, pollution=0.221, climate=0.780

=== Initializing Government System (30 Countries) ===
  Loaded 30 governments
  Scheduled elections for 30 countries
  Initialized comprehension lags (3-24 months)
=== Government System Initialized ===

📦 PRODUCTION MODE: State validation proxy DISABLED (zero overhead)
📦 PRODUCTION MODE: State validation proxy DISABLED (zero overhead)
  ✅ THRESHOLDS validated
⚠️ Unusually high rate: RATES.HEAT_ADAPTATION_INFRASTRUCTURAL_MIN_EXPOSURE = 12
   Monthly rates >100% should be rare. Verify this is intentional.
⚠️ Unusually high rate: RATES.HEAT_ADAPTATION_SOCIAL_MIN_EXPOSURE = 6
   Monthly rates >100% should be rare. Verify this is intentional.
⚠️ Unusually high rate: RATES.MIGRATION_DISTANCE_SCALE = 5000
   Monthly rates >100% should be rare. Verify this is intentional.
⚠️ Unusually high rate: RATES.EVACUATION_MULTIPLIER_ADVANCE_WARNING = 2
   Monthly rates >100% should be rare. Verify this is intentional.
⚠️ Unusually high rate: RATES.MAJOR_ECONOMY_COLLAPSE_ECONOMIC_THRESHOLD = 2
   Monthly rates >100% should be rare. Verify this is intentional.
⚠️ Unusually high rate: RATES.MAJOR_ECONOMY_GDP_THRESHOLD_TRILLION_USD = 1.5
   Monthly rates >100% should be rare. Verify this is intentional.
⚠️ Unusually high rate: RATES.MAJOR_ECONOMY_POPULATION_THRESHOLD = 50
   Monthly rates >100% should be rare. Verify this is intentional.
⚠️ Unusually high rate: RATES.HEAT_ADAPTATION_INFRASTRUCTURE_GDP_THRESHOLD = 10000
   Monthly rates >100% should be rare. Verify this is intentional.
⚠️ Unusually high rate: RATES.HEAT_ADAPTATION_INFRASTRUCTURE_GDP_SCALE = 50000
   Monthly rates >100% should be rare. Verify this is intentional.
  ✅ RATES validated
  ✅ MULTIPLIERS validated
  ✅ BASELINES validated
  ✅ TOLERANCES validated
  ✅ Logical consistency validated
✅ Configuration validation complete - all parameters valid

🔍 DEBUG createAIAgent: corporate_0 economic BEFORE=2.0000, AFTER=2
🔍 ENV INIT: reserves=0.619, pollution=0.221, climate=0.780

=== Initializing Government System (30 Countries) ===
  Loaded 30 governments
  Scheduled elections for 30 countries
  Initialized comprehension lags (3-24 months)
=== Government System Initialized ===

📦 PRODUCTION MODE: State validation proxy DISABLED (zero overhead)
📦 PRODUCTION MODE: State validation proxy DISABLED (zero overhead)
  ✅ THRESHOLDS validated
⚠️ Unusually high rate: RATES.HEAT_ADAPTATION_INFRASTRUCTURAL_MIN_EXPOSURE = 12
   Monthly rates >100% should be rare. Verify this is intentional.
⚠️ Unusually high rate: RATES.HEAT_ADAPTATION_SOCIAL_MIN_EXPOSURE = 6
   Monthly rates >100% should be rare. Verify this is intentional.
⚠️ Unusually high rate: RATES.MIGRATION_DISTANCE_SCALE = 5000
   Monthly rates >100% should be rare. Verify this is intentional.
⚠️ Unusually high rate: RATES.EVACUATION_MULTIPLIER_ADVANCE_WARNING = 2
   Monthly rates >100% should be rare. Verify this is intentional.
⚠️ Unusually high rate: RATES.MAJOR_ECONOMY_COLLAPSE_ECONOMIC_THRESHOLD = 2
   Monthly rates >100% should be rare. Verify this is intentional.
⚠️ Unusually high rate: RATES.MAJOR_ECONOMY_GDP_THRESHOLD_TRILLION_USD = 1.5
   Monthly rates >100% should be rare. Verify this is intentional.
⚠️ Unusually high rate: RATES.MAJOR_ECONOMY_POPULATION_THRESHOLD = 50
   Monthly rates >100% should be rare. Verify this is intentional.
⚠️ Unusually high rate: RATES.HEAT_ADAPTATION_INFRASTRUCTURE_GDP_THRESHOLD = 10000
   Monthly rates >100% should be rare. Verify this is intentional.
⚠️ Unusually high rate: RATES.HEAT_ADAPTATION_INFRASTRUCTURE_GDP_SCALE = 50000
   Monthly rates >100% should be rare. Verify this is intentional.
  ✅ RATES validated
  ✅ MULTIPLIERS validated
  ✅ BASELINES validated
  ✅ TOLERANCES validated
  ✅ Logical consistency validated
✅ Configuration validation complete - all parameters valid

🔍 DEBUG createAIAgent: corporate_0 economic BEFORE=2.0000, AFTER=2
🔍 ENV INIT: reserves=0.619, pollution=0.221, climate=0.780

=== Initializing Government System (30 Countries) ===
  Loaded 30 governments
  Scheduled elections for 30 countries
  Initialized comprehension lags (3-24 months)
=== Government System Initialized ===

📦 PRODUCTION MODE: State validation proxy DISABLED (zero overhead)
📦 PRODUCTION MODE: State validation proxy DISABLED (zero overhead)
  ✅ THRESHOLDS validated
⚠️ Unusually high rate: RATES.HEAT_ADAPTATION_INFRASTRUCTURAL_MIN_EXPOSURE = 12
   Monthly rates >100% should be rare. Verify this is intentional.
⚠️ Unusually high rate: RATES.HEAT_ADAPTATION_SOCIAL_MIN_EXPOSURE = 6
   Monthly rates >100% should be rare. Verify this is intentional.
⚠️ Unusually high rate: RATES.MIGRATION_DISTANCE_SCALE = 5000
   Monthly rates >100% should be rare. Verify this is intentional.
⚠️ Unusually high rate: RATES.EVACUATION_MULTIPLIER_ADVANCE_WARNING = 2
   Monthly rates >100% should be rare. Verify this is intentional.
⚠️ Unusually high rate: RATES.MAJOR_ECONOMY_COLLAPSE_ECONOMIC_THRESHOLD = 2
   Monthly rates >100% should be rare. Verify this is intentional.
⚠️ Unusually high rate: RATES.MAJOR_ECONOMY_GDP_THRESHOLD_TRILLION_USD = 1.5
   Monthly rates >100% should be rare. Verify this is intentional.
⚠️ Unusually high rate: RATES.MAJOR_ECONOMY_POPULATION_THRESHOLD = 50
   Monthly rates >100% should be rare. Verify this is intentional.
⚠️ Unusually high rate: RATES.HEAT_ADAPTATION_INFRASTRUCTURE_GDP_THRESHOLD = 10000
   Monthly rates >100% should be rare. Verify this is intentional.
⚠️ Unusually high rate: RATES.HEAT_ADAPTATION_INFRASTRUCTURE_GDP_SCALE = 50000
   Monthly rates >100% should be rare. Verify this is intentional.
  ✅ RATES validated
  ✅ MULTIPLIERS validated
  ✅ BASELINES validated
  ✅ TOLERANCES validated
  ✅ Logical consistency validated
✅ Configuration validation complete - all parameters valid

🔍 DEBUG createAIAgent: corporate_0 economic BEFORE=2.0000, AFTER=2
🔍 ENV INIT: reserves=0.619, pollution=0.221, climate=0.780

=== Initializing Government System (30 Countries) ===
  Loaded 30 governments
  Scheduled elections for 30 countries
  Initialized comprehension lags (3-24 months)
=== Government System Initialized ===

📦 PRODUCTION MODE: State validation proxy DISABLED (zero overhead)
📦 PRODUCTION MODE: State validation proxy DISABLED (zero overhead)
🔀 BIFURCATION CAP: undefined 0.900 → 0.800 (Month undefined, undefined)
🔀 BIFURCATION CAP: undefined 0.500 → 0.000 (Month undefined, undefined)
▶ Assertion Utilities - Core Functions
  ▶ assertFinite
    ✔ should accept finite numbers (1.61797ms)
    ✔ should accept zero (0.39829ms)
    ✔ should accept negative numbers (0.22821ms)
    ✔ should reject NaN (1.15522ms)
    ✔ should reject Infinity (0.25955ms)
    ✔ should include context in error message (0.40906ms)
  ✔ assertFinite (6.475879ms)
  ▶ assertDefined
    ✔ should accept defined values (0.666349ms)
    ✔ should accept zero (0.286151ms)
    ✔ should accept false (0.19306ms)
    ✔ should reject undefined (0.40957ms)
    ✔ should reject null (0.42297ms)
  ✔ assertDefined (2.793159ms)
  ▶ assertInRange
    ✔ should accept values within range (0.677789ms)
    ✔ should accept minimum boundary value (0.19938ms)
    ✔ should accept maximum boundary value (0.214521ms)
    ✔ should reject values below minimum (0.28126ms)
    ✔ should reject values above maximum (0.284081ms)
    ✔ should include range in error message (0.266979ms)
  ✔ assertInRange (2.38115ms)
  ▶ assertProbability
    ✔ should accept valid probabilities (0.324499ms)
    ✔ should accept boundary values (0.16761ms)
    ✔ should reject negative values (0.33381ms)
    ✔ should reject values > 1 (0.22628ms)
  ✔ assertProbability (1.358319ms)
  ▶ assertNonEmpty
    ✔ should accept non-empty arrays (0.43147ms)
    ✔ should reject empty arrays (0.51691ms)
    ✔ should reject undefined (0.27501ms)
  ✔ assertNonEmpty (1.45505ms)
✔ Assertion Utilities - Core Functions (15.796199ms)
▶ Assertion Utilities - GameState Functions
  ▶ assertEconomicStage
    ✔ should accept valid economic stage (103.812911ms)
    ✔ should reject undefined stage (15.184118ms)
  ✔ assertEconomicStage (119.23219ms)
  ▶ assertSurvivalFundamentals
    ✔ should accept valid survival fundamentals (16.699508ms)
    ✔ should reject negative food security (13.633529ms)
  ✔ assertSurvivalFundamentals (30.550857ms)
  ▶ assertStateProperty
    ✔ should accept existing property (10.713989ms)
    ✔ should reject missing property (12.235579ms)
    ✔ should support nested paths (13.494409ms)
  ✔ assertStateProperty (36.797226ms)
✔ Assertion Utilities - GameState Functions (187.369203ms)
▶ Assertion Utilities - Domain-Specific
  ▶ assertShockMagnitude
    ✔ should accept valid shock magnitude (3.017689ms)
    ✔ should reject out-of-range magnitude (0.28171ms)
  ✔ assertShockMagnitude (3.53272ms)
  ▶ assertResourceAllocation
    ✔ should accept valid allocation (0.3261ms)
    ✔ should reject negative allocation (0.27841ms)
  ✔ assertResourceAllocation (0.7927ms)
  ▶ assertPopulationChange
    ✔ should accept valid population change (0.4012ms)
    ✔ should reject extreme positive change (2.32685ms)
  ✔ assertPopulationChange (5.46071ms)
  ▶ assertMortalityRate
    ✔ should accept valid mortality rate (0.370661ms)
    ✔ should reject negative rate (0.24631ms)
  ✔ assertMortalityRate (0.838821ms)
  ▶ assertTemperatureDelta
    ✔ should accept valid temperature delta (2.423059ms)
    ✔ should accept negative delta (cooling) (0.18105ms)
    ✔ should reject unrealistic positive delta (0.2566ms)
  ✔ assertTemperatureDelta (3.10911ms)
  ▶ assertAICapability
    ✔ should accept valid AI capability (0.38819ms)
    ✔ should accept boundary values (0.20523ms)
    ✔ should reject negative capability (4.66387ms)
  ✔ assertAICapability (5.53637ms)
  ▶ assertPlanetaryBoundary
    ✔ should accept valid boundary value (0.4759ms)
    ✔ should accept values < 1 (safe zone) (0.22412ms)
    ✔ should reject negative values (0.25532ms)
  ✔ assertPlanetaryBoundary (1.20374ms)
✔ Assertion Utilities - Domain-Specific (21.095268ms)
▶ Assertion Utilities - Bifurcation Awareness
  ▶ capWithBifurcationAwareness
    ✔ should preserve values below hard cap (0.39521ms)
    ✔ should cap values at hard limit (0.71425ms)
    ✔ should handle zero cap (0.252241ms)
    ✔ should handle NaN gracefully (0.24654ms)
  ✔ capWithBifurcationAwareness (1.87788ms)
✔ Assertion Utilities - Bifurcation Awareness (2.896889ms)
▶ Assertion Utilities - Error Message Quality
  ✔ should provide actionable error messages (0.3394ms)
  ✔ should include stack traces for debugging (27.444748ms)
✔ Assertion Utilities - Error Message Quality (27.988487ms)

✅ Deterministic RNG test suite passed
▶ Deterministic RNG - Initialization
  ✔ should throw error when called before initialization (18.890668ms)
  ✔ should not throw after initialization (0.60381ms)
  ✔ should return false for isDeterministicRngSet before initialization (15.626259ms)
  ✔ should return true for isDeterministicRngSet after initialization (2.605879ms)
✔ Deterministic RNG - Initialization (46.427226ms)
▶ Deterministic RNG - Value Generation
  ✔ should return values from provided RNG (4.71678ms)
  ✔ should return different values from sequential RNG (8.25042ms)
  ✔ should be deterministic with same seed (8.274409ms)
  ✔ should produce different sequences with different seeds (3.99497ms)
✔ Deterministic RNG - Value Generation (29.743487ms)
▶ Deterministic RNG - State Management
  ✔ should allow overwriting with new RNG (10.056219ms)
  ✔ should clear state correctly (0.357599ms)
  ✔ should throw after clearing (2.37791ms)
✔ Deterministic RNG - State Management (13.130768ms)
▶ Deterministic RNG - Range Validation
  ✔ should return values in [0, 1) range (23.287618ms)
  ✔ should accept edge case values from RNG (10.750559ms)
✔ Deterministic RNG - Range Validation (38.823447ms)
▶ Deterministic RNG - Phase Usage Pattern
  ✔ should support typical phase execution pattern (7.819469ms)
  ✔ should support multiple phases in sequence (6.15328ms)
✔ Deterministic RNG - Phase Usage Pattern (14.261629ms)
▶ Deterministic RNG - Error Messages
  ✔ should provide helpful error message (0.43959ms)
✔ Deterministic RNG - Error Messages (0.59233ms)
▶ Distribution Sampling Library (M-5)
  ▶ sampleBeta
    ✔ samples within [min, max] range (55.114725ms)
    ✔ deterministic with same seed (10.004119ms)
    ✔ throws error if RNG missing (0.885179ms)
    ✔ throws error if alpha <= 0 (0.26744ms)
    ✔ throws error if beta <= 0 (0.42263ms)
    ✔ throws error if min >= max (0.34657ms)
    ✔ Beta(1,1) equivalent to uniform (0.54417ms)
  ✔ sampleBeta (83.208642ms)
  ▶ sampleTriangular
    ✔ samples within [min, max] range (9.77412ms)
    ✔ deterministic with same seed (0.358399ms)
    ✔ throws error if RNG missing (6.69014ms)
  ✔ sampleTriangular (17.162799ms)
  ▶ sampleUniform
    ✔ samples within [min, max] range (7.411169ms)
    ✔ deterministic with same seed (0.35977ms)
    ✔ throws error if RNG missing (0.28473ms)
  ✔ sampleUniform (8.341139ms)
  ▶ sampleDistribution (type-safe wrapper)
    ✔ dispatches to beta correctly (0.35343ms)
    ✔ dispatches to triangular correctly (6.401609ms)
    ✔ dispatches to uniform correctly (0.348151ms)
  ✔ sampleDistribution (type-safe wrapper) (7.34823ms)
  ▶ Monte Carlo Reproducibility (M-5 critical requirement)
    ✔ identical seed produces identical N=10 sequence (8.327279ms)
    ✔ different seeds produce different sequences (0.51667ms)
  ✔ Monte Carlo Reproducibility (M-5 critical requirement) (9.07362ms)
✔ Distribution Sampling Library (M-5) (132.332689ms)

✅ Geometric mean test suite passed
▶ Geometric Mean - Core Function
  ✔ should calculate geometric mean for high balanced scores (1.72664ms)
  ✔ should pull down score when one deficit exists (0.20026ms)
  ✔ should apply min-floor to zeros (0.21954ms)
  ✔ should return min-floor for all zeros (0.23023ms)
  ✔ should return single value unchanged (0.20063ms)
  ✔ should return 0 for empty array (0.15934ms)
  ✔ should preserve non-compensatory property (0.19798ms)
  ✔ should differentiate between near-zero cases (9.401329ms)
  ✔ should handle all max values (0.23173ms)
  ✔ should be symmetric (order independent) (0.20202ms)
✔ Geometric Mean - Core Function (18.095578ms)
▶ Geometric Mean - Min-Floor Behavior
  ✔ should use MIN_FLOOR for negative values (6.95138ms)
  ✔ should use MIN_FLOOR value of 0.1 (0.21022ms)
  ✔ should prevent mathematical breakdown (7.28396ms)
✔ Geometric Mean - Min-Floor Behavior (14.911129ms)
▶ Geometric Mean with Uncertainty
  ✔ should propagate uncertainty bands (0.52915ms)
  ✔ should maintain uncertainty band ordering (1.4374ms)
  ✔ should handle empty array with uncertainty (0.21298ms)
  ✔ should handle single value with uncertainty (0.220581ms)
  ✔ should propagate min-floor through uncertainty (0.243189ms)
✔ Geometric Mean with Uncertainty (3.027749ms)
▶ Geometric Mean - Edge Cases
  ✔ should handle very small values (0.28576ms)
  ✔ should handle mixed small and large values (26.343648ms)
  ✔ should handle many values (0.36135ms)
  ✔ should preserve mathematical properties (0.21274ms)
✔ Geometric Mean - Edge Cases (27.532558ms)
▶ Geometric Mean - UNDP HDI Methodology
  ✔ should match UNDP non-compensatory aggregation principle (0.2614ms)
  ✔ should detect elite utopia scenarios (0.16056ms)
✔ Geometric Mean - UNDP HDI Methodology (8.937099ms)
  ✅ THRESHOLDS validated
⚠️ Unusually high rate: RATES.HEAT_ADAPTATION_INFRASTRUCTURAL_MIN_EXPOSURE = 12
   Monthly rates >100% should be rare. Verify this is intentional.
⚠️ Unusually high rate: RATES.HEAT_ADAPTATION_SOCIAL_MIN_EXPOSURE = 6
   Monthly rates >100% should be rare. Verify this is intentional.
⚠️ Unusually high rate: RATES.MIGRATION_DISTANCE_SCALE = 5000
   Monthly rates >100% should be rare. Verify this is intentional.
⚠️ Unusually high rate: RATES.EVACUATION_MULTIPLIER_ADVANCE_WARNING = 2
   Monthly rates >100% should be rare. Verify this is intentional.
⚠️ Unusually high rate: RATES.MAJOR_ECONOMY_COLLAPSE_ECONOMIC_THRESHOLD = 2
   Monthly rates >100% should be rare. Verify this is intentional.
⚠️ Unusually high rate: RATES.MAJOR_ECONOMY_GDP_THRESHOLD_TRILLION_USD = 1.5
   Monthly rates >100% should be rare. Verify this is intentional.
⚠️ Unusually high rate: RATES.MAJOR_ECONOMY_POPULATION_THRESHOLD = 50
   Monthly rates >100% should be rare. Verify this is intentional.
⚠️ Unusually high rate: RATES.HEAT_ADAPTATION_INFRASTRUCTURE_GDP_THRESHOLD = 10000
   Monthly rates >100% should be rare. Verify this is intentional.
⚠️ Unusually high rate: RATES.HEAT_ADAPTATION_INFRASTRUCTURE_GDP_SCALE = 50000
   Monthly rates >100% should be rare. Verify this is intentional.
  ✅ RATES validated
  ✅ MULTIPLIERS validated
  ✅ BASELINES validated
  ✅ TOLERANCES validated
  ✅ Logical consistency validated
✅ Configuration validation complete - all parameters valid

🔍 DEBUG createAIAgent: corporate_0 economic BEFORE=2.0000, AFTER=2
🔍 ENV INIT: reserves=0.731, pollution=0.348, climate=0.754

=== Initializing Government System (30 Countries) ===
  Loaded 30 governments
  Scheduled elections for 30 countries
  Initialized comprehension lags (3-24 months)
=== Government System Initialized ===

📦 PRODUCTION MODE: State validation proxy DISABLED (zero overhead)
  ✅ THRESHOLDS validated
  ✅ RATES validated
  ✅ MULTIPLIERS validated
  ✅ BASELINES validated
  ✅ TOLERANCES validated
  ✅ Logical consistency validated
✅ Configuration validation complete - all parameters valid

🔍 DEBUG createAIAgent: corporate_0 economic BEFORE=2.0000, AFTER=2
⚠️ Unusually high rate: RATES.HEAT_ADAPTATION_INFRASTRUCTURAL_MIN_EXPOSURE = 12
   Monthly rates >100% should be rare. Verify this is intentional.
⚠️ Unusually high rate: RATES.HEAT_ADAPTATION_SOCIAL_MIN_EXPOSURE = 6
   Monthly rates >100% should be rare. Verify this is intentional.
⚠️ Unusually high rate: RATES.MIGRATION_DISTANCE_SCALE = 5000
   Monthly rates >100% should be rare. Verify this is intentional.
⚠️ Unusually high rate: RATES.EVACUATION_MULTIPLIER_ADVANCE_WARNING = 2
   Monthly rates >100% should be rare. Verify this is intentional.
⚠️ Unusually high rate: RATES.MAJOR_ECONOMY_COLLAPSE_ECONOMIC_THRESHOLD = 2
   Monthly rates >100% should be rare. Verify this is intentional.
⚠️ Unusually high rate: RATES.MAJOR_ECONOMY_GDP_THRESHOLD_TRILLION_USD = 1.5
   Monthly rates >100% should be rare. Verify this is intentional.
⚠️ Unusually high rate: RATES.MAJOR_ECONOMY_POPULATION_THRESHOLD = 50
   Monthly rates >100% should be rare. Verify this is intentional.
⚠️ Unusually high rate: RATES.HEAT_ADAPTATION_INFRASTRUCTURE_GDP_THRESHOLD = 10000
   Monthly rates >100% should be rare. Verify this is intentional.
⚠️ Unusually high rate: RATES.HEAT_ADAPTATION_INFRASTRUCTURE_GDP_SCALE = 50000
   Monthly rates >100% should be rare. Verify this is intentional.
🔍 ENV INIT: reserves=0.731, pollution=0.348, climate=0.754

=== Initializing Government System (30 Countries) ===
  Loaded 30 governments
  Scheduled elections for 30 countries
  Initialized comprehension lags (3-24 months)
=== Government System Initialized ===

📦 PRODUCTION MODE: State validation proxy DISABLED (zero overhead)
  ✅ THRESHOLDS validated
⚠️ Unusually high rate: RATES.HEAT_ADAPTATION_INFRASTRUCTURAL_MIN_EXPOSURE = 12
   Monthly rates >100% should be rare. Verify this is intentional.
⚠️ Unusually high rate: RATES.HEAT_ADAPTATION_SOCIAL_MIN_EXPOSURE = 6
   Monthly rates >100% should be rare. Verify this is intentional.
⚠️ Unusually high rate: RATES.MIGRATION_DISTANCE_SCALE = 5000
   Monthly rates >100% should be rare. Verify this is intentional.
⚠️ Unusually high rate: RATES.EVACUATION_MULTIPLIER_ADVANCE_WARNING = 2
   Monthly rates >100% should be rare. Verify this is intentional.
⚠️ Unusually high rate: RATES.MAJOR_ECONOMY_COLLAPSE_ECONOMIC_THRESHOLD = 2
   Monthly rates >100% should be rare. Verify this is intentional.
⚠️ Unusually high rate: RATES.MAJOR_ECONOMY_GDP_THRESHOLD_TRILLION_USD = 1.5
   Monthly rates >100% should be rare. Verify this is intentional.
⚠️ Unusually high rate: RATES.MAJOR_ECONOMY_POPULATION_THRESHOLD = 50
   Monthly rates >100% should be rare. Verify this is intentional.
⚠️ Unusually high rate: RATES.HEAT_ADAPTATION_INFRASTRUCTURE_GDP_THRESHOLD = 10000
   Monthly rates >100% should be rare. Verify this is intentional.
⚠️ Unusually high rate: RATES.HEAT_ADAPTATION_INFRASTRUCTURE_GDP_SCALE = 50000
   Monthly rates >100% should be rare. Verify this is intentional.
  ✅ RATES validated
  ✅ MULTIPLIERS validated
  ✅ BASELINES validated
  ✅ TOLERANCES validated
  ✅ Logical consistency validated
✅ Configuration validation complete - all parameters valid

🔍 DEBUG createAIAgent: corporate_0 economic BEFORE=2.0000, AFTER=2
🔍 ENV INIT: reserves=0.731, pollution=0.348, climate=0.754

=== Initializing Government System (30 Countries) ===
  Loaded 30 governments
  Scheduled elections for 30 countries
  Initialized comprehension lags (3-24 months)
=== Government System Initialized ===

📦 PRODUCTION MODE: State validation proxy DISABLED (zero overhead)
  ✅ THRESHOLDS validated
⚠️ Unusually high rate: RATES.HEAT_ADAPTATION_INFRASTRUCTURAL_MIN_EXPOSURE = 12
   Monthly rates >100% should be rare. Verify this is intentional.
⚠️ Unusually high rate: RATES.HEAT_ADAPTATION_SOCIAL_MIN_EXPOSURE = 6
   Monthly rates >100% should be rare. Verify this is intentional.
⚠️ Unusually high rate: RATES.MIGRATION_DISTANCE_SCALE = 5000
   Monthly rates >100% should be rare. Verify this is intentional.
⚠️ Unusually high rate: RATES.EVACUATION_MULTIPLIER_ADVANCE_WARNING = 2
   Monthly rates >100% should be rare. Verify this is intentional.
⚠️ Unusually high rate: RATES.MAJOR_ECONOMY_COLLAPSE_ECONOMIC_THRESHOLD = 2
   Monthly rates >100% should be rare. Verify this is intentional.
⚠️ Unusually high rate: RATES.MAJOR_ECONOMY_GDP_THRESHOLD_TRILLION_USD = 1.5
   Monthly rates >100% should be rare. Verify this is intentional.
⚠️ Unusually high rate: RATES.MAJOR_ECONOMY_POPULATION_THRESHOLD = 50
   Monthly rates >100% should be rare. Verify this is intentional.
⚠️ Unusually high rate: RATES.HEAT_ADAPTATION_INFRASTRUCTURE_GDP_THRESHOLD = 10000
   Monthly rates >100% should be rare. Verify this is intentional.
⚠️ Unusually high rate: RATES.HEAT_ADAPTATION_INFRASTRUCTURE_GDP_SCALE = 50000
   Monthly rates >100% should be rare. Verify this is intentional.
  ✅ RATES validated
  ✅ MULTIPLIERS validated
  ✅ BASELINES validated
  ✅ TOLERANCES validated
  ✅ Logical consistency validated
✅ Configuration validation complete - all parameters valid

🔍 DEBUG createAIAgent: corporate_0 economic BEFORE=2.0000, AFTER=2
🔍 ENV INIT: reserves=0.731, pollution=0.348, climate=0.754

=== Initializing Government System (30 Countries) ===
  Loaded 30 governments
  Scheduled elections for 30 countries
  Initialized comprehension lags (3-24 months)
=== Government System Initialized ===

📦 PRODUCTION MODE: State validation proxy DISABLED (zero overhead)
  ✅ THRESHOLDS validated
  ✅ RATES validated
  ✅ MULTIPLIERS validated
  ✅ BASELINES validated
  ✅ TOLERANCES validated
  ✅ Logical consistency validated
✅ Configuration validation complete - all parameters valid

🔍 DEBUG createAIAgent: corporate_0 economic BEFORE=2.0000, AFTER=2
⚠️ Unusually high rate: RATES.HEAT_ADAPTATION_INFRASTRUCTURAL_MIN_EXPOSURE = 12
   Monthly rates >100% should be rare. Verify this is intentional.
⚠️ Unusually high rate: RATES.HEAT_ADAPTATION_SOCIAL_MIN_EXPOSURE = 6
   Monthly rates >100% should be rare. Verify this is intentional.
⚠️ Unusually high rate: RATES.MIGRATION_DISTANCE_SCALE = 5000
   Monthly rates >100% should be rare. Verify this is intentional.
⚠️ Unusually high rate: RATES.EVACUATION_MULTIPLIER_ADVANCE_WARNING = 2
   Monthly rates >100% should be rare. Verify this is intentional.
⚠️ Unusually high rate: RATES.MAJOR_ECONOMY_COLLAPSE_ECONOMIC_THRESHOLD = 2
   Monthly rates >100% should be rare. Verify this is intentional.
⚠️ Unusually high rate: RATES.MAJOR_ECONOMY_GDP_THRESHOLD_TRILLION_USD = 1.5
   Monthly rates >100% should be rare. Verify this is intentional.
⚠️ Unusually high rate: RATES.MAJOR_ECONOMY_POPULATION_THRESHOLD = 50
   Monthly rates >100% should be rare. Verify this is intentional.
⚠️ Unusually high rate: RATES.HEAT_ADAPTATION_INFRASTRUCTURE_GDP_THRESHOLD = 10000
   Monthly rates >100% should be rare. Verify this is intentional.
⚠️ Unusually high rate: RATES.HEAT_ADAPTATION_INFRASTRUCTURE_GDP_SCALE = 50000
   Monthly rates >100% should be rare. Verify this is intentional.
🔍 ENV INIT: reserves=0.731, pollution=0.348, climate=0.754

=== Initializing Government System (30 Countries) ===
  Loaded 30 governments
  Scheduled elections for 30 countries
  Initialized comprehension lags (3-24 months)
=== Government System Initialized ===

📦 PRODUCTION MODE: State validation proxy DISABLED (zero overhead)
  ✅ THRESHOLDS validated
  ✅ RATES validated
  ✅ MULTIPLIERS validated
⚠️ Unusually high rate: RATES.HEAT_ADAPTATION_INFRASTRUCTURAL_MIN_EXPOSURE = 12
   Monthly rates >100% should be rare. Verify this is intentional.
⚠️ Unusually high rate: RATES.HEAT_ADAPTATION_SOCIAL_MIN_EXPOSURE = 6
   Monthly rates >100% should be rare. Verify this is intentional.
⚠️ Unusually high rate: RATES.MIGRATION_DISTANCE_SCALE = 5000
   Monthly rates >100% should be rare. Verify this is intentional.
⚠️ Unusually high rate: RATES.EVACUATION_MULTIPLIER_ADVANCE_WARNING = 2
   Monthly rates >100% should be rare. Verify this is intentional.
⚠️ Unusually high rate: RATES.MAJOR_ECONOMY_COLLAPSE_ECONOMIC_THRESHOLD = 2
   Monthly rates >100% should be rare. Verify this is intentional.
⚠️ Unusually high rate: RATES.MAJOR_ECONOMY_GDP_THRESHOLD_TRILLION_USD = 1.5
   Monthly rates >100% should be rare. Verify this is intentional.
⚠️ Unusually high rate: RATES.MAJOR_ECONOMY_POPULATION_THRESHOLD = 50
   Monthly rates >100% should be rare. Verify this is intentional.
⚠️ Unusually high rate: RATES.HEAT_ADAPTATION_INFRASTRUCTURE_GDP_THRESHOLD = 10000
   Monthly rates >100% should be rare. Verify this is intentional.
⚠️ Unusually high rate: RATES.HEAT_ADAPTATION_INFRASTRUCTURE_GDP_SCALE = 50000
   Monthly rates >100% should be rare. Verify this is intentional.
  ✅ BASELINES validated
  ✅ TOLERANCES validated
  ✅ Logical consistency validated
✅ Configuration validation complete - all parameters valid

🔍 DEBUG createAIAgent: corporate_0 economic BEFORE=2.0000, AFTER=2
🔍 ENV INIT: reserves=0.731, pollution=0.348, climate=0.754

=== Initializing Government System (30 Countries) ===
  Loaded 30 governments
  Scheduled elections for 30 countries
  Initialized comprehension lags (3-24 months)
=== Government System Initialized ===

📦 PRODUCTION MODE: State validation proxy DISABLED (zero overhead)
  ✅ THRESHOLDS validated
  ✅ RATES validated
  ✅ MULTIPLIERS validated
  ✅ BASELINES validated
  ✅ TOLERANCES validated
⚠️ Unusually high rate: RATES.HEAT_ADAPTATION_INFRASTRUCTURAL_MIN_EXPOSURE = 12
   Monthly rates >100% should be rare. Verify this is intentional.
⚠️ Unusually high rate: RATES.HEAT_ADAPTATION_SOCIAL_MIN_EXPOSURE = 6
   Monthly rates >100% should be rare. Verify this is intentional.
⚠️ Unusually high rate: RATES.MIGRATION_DISTANCE_SCALE = 5000
   Monthly rates >100% should be rare. Verify this is intentional.
⚠️ Unusually high rate: RATES.EVACUATION_MULTIPLIER_ADVANCE_WARNING = 2
   Monthly rates >100% should be rare. Verify this is intentional.
⚠️ Unusually high rate: RATES.MAJOR_ECONOMY_COLLAPSE_ECONOMIC_THRESHOLD = 2
   Monthly rates >100% should be rare. Verify this is intentional.
⚠️ Unusually high rate: RATES.MAJOR_ECONOMY_GDP_THRESHOLD_TRILLION_USD = 1.5
   Monthly rates >100% should be rare. Verify this is intentional.
⚠️ Unusually high rate: RATES.MAJOR_ECONOMY_POPULATION_THRESHOLD = 50
   Monthly rates >100% should be rare. Verify this is intentional.
⚠️ Unusually high rate: RATES.HEAT_ADAPTATION_INFRASTRUCTURE_GDP_THRESHOLD = 10000
   Monthly rates >100% should be rare. Verify this is intentional.
⚠️ Unusually high rate: RATES.HEAT_ADAPTATION_INFRASTRUCTURE_GDP_SCALE = 50000
   Monthly rates >100% should be rare. Verify this is intentional.
  ✅ Logical consistency validated
✅ Configuration validation complete - all parameters valid

🔍 DEBUG createAIAgent: corporate_0 economic BEFORE=2.0000, AFTER=2
🔍 ENV INIT: reserves=0.731, pollution=0.348, climate=0.754

=== Initializing Government System (30 Countries) ===
  Loaded 30 governments
  Scheduled elections for 30 countries
  Initialized comprehension lags (3-24 months)
=== Government System Initialized ===

📦 PRODUCTION MODE: State validation proxy DISABLED (zero overhead)
  ✅ THRESHOLDS validated
⚠️ Unusually high rate: RATES.HEAT_ADAPTATION_INFRASTRUCTURAL_MIN_EXPOSURE = 12
   Monthly rates >100% should be rare. Verify this is intentional.
⚠️ Unusually high rate: RATES.HEAT_ADAPTATION_SOCIAL_MIN_EXPOSURE = 6
   Monthly rates >100% should be rare. Verify this is intentional.
⚠️ Unusually high rate: RATES.MIGRATION_DISTANCE_SCALE = 5000
   Monthly rates >100% should be rare. Verify this is intentional.
⚠️ Unusually high rate: RATES.EVACUATION_MULTIPLIER_ADVANCE_WARNING = 2
   Monthly rates >100% should be rare. Verify this is intentional.
⚠️ Unusually high rate: RATES.MAJOR_ECONOMY_COLLAPSE_ECONOMIC_THRESHOLD = 2
   Monthly rates >100% should be rare. Verify this is intentional.
⚠️ Unusually high rate: RATES.MAJOR_ECONOMY_GDP_THRESHOLD_TRILLION_USD = 1.5
   Monthly rates >100% should be rare. Verify this is intentional.
⚠️ Unusually high rate: RATES.MAJOR_ECONOMY_POPULATION_THRESHOLD = 50
   Monthly rates >100% should be rare. Verify this is intentional.
⚠️ Unusually high rate: RATES.HEAT_ADAPTATION_INFRASTRUCTURE_GDP_THRESHOLD = 10000
   Monthly rates >100% should be rare. Verify this is intentional.
⚠️ Unusually high rate: RATES.HEAT_ADAPTATION_INFRASTRUCTURE_GDP_SCALE = 50000
   Monthly rates >100% should be rare. Verify this is intentional.
  ✅ RATES validated
  ✅ MULTIPLIERS validated
  ✅ BASELINES validated
  ✅ TOLERANCES validated
  ✅ Logical consistency validated
✅ Configuration validation complete - all parameters valid

🔍 DEBUG createAIAgent: corporate_0 economic BEFORE=2.0000, AFTER=2
🔍 ENV INIT: reserves=0.731, pollution=0.348, climate=0.754

=== Initializing Government System (30 Countries) ===
  Loaded 30 governments
  Scheduled elections for 30 countries
  Initialized comprehension lags (3-24 months)
=== Government System Initialized ===

📦 PRODUCTION MODE: State validation proxy DISABLED (zero overhead)
  ✅ THRESHOLDS validated
⚠️ Unusually high rate: RATES.HEAT_ADAPTATION_INFRASTRUCTURAL_MIN_EXPOSURE = 12
   Monthly rates >100% should be rare. Verify this is intentional.
⚠️ Unusually high rate: RATES.HEAT_ADAPTATION_SOCIAL_MIN_EXPOSURE = 6
   Monthly rates >100% should be rare. Verify this is intentional.
⚠️ Unusually high rate: RATES.MIGRATION_DISTANCE_SCALE = 5000
   Monthly rates >100% should be rare. Verify this is intentional.
⚠️ Unusually high rate: RATES.EVACUATION_MULTIPLIER_ADVANCE_WARNING = 2
   Monthly rates >100% should be rare. Verify this is intentional.
⚠️ Unusually high rate: RATES.MAJOR_ECONOMY_COLLAPSE_ECONOMIC_THRESHOLD = 2
   Monthly rates >100% should be rare. Verify this is intentional.
⚠️ Unusually high rate: RATES.MAJOR_ECONOMY_GDP_THRESHOLD_TRILLION_USD = 1.5
   Monthly rates >100% should be rare. Verify this is intentional.
⚠️ Unusually high rate: RATES.MAJOR_ECONOMY_POPULATION_THRESHOLD = 50
   Monthly rates >100% should be rare. Verify this is intentional.
⚠️ Unusually high rate: RATES.HEAT_ADAPTATION_INFRASTRUCTURE_GDP_THRESHOLD = 10000
   Monthly rates >100% should be rare. Verify this is intentional.
⚠️ Unusually high rate: RATES.HEAT_ADAPTATION_INFRASTRUCTURE_GDP_SCALE = 50000
   Monthly rates >100% should be rare. Verify this is intentional.
  ✅ RATES validated
  ✅ MULTIPLIERS validated
  ✅ BASELINES validated
  ✅ TOLERANCES validated
  ✅ Logical consistency validated
✅ Configuration validation complete - all parameters valid

🔍 DEBUG createAIAgent: corporate_0 economic BEFORE=2.0000, AFTER=2
🔍 ENV INIT: reserves=0.731, pollution=0.348, climate=0.754

=== Initializing Government System (30 Countries) ===
  Loaded 30 governments
  Scheduled elections for 30 countries
  Initialized comprehension lags (3-24 months)
=== Government System Initialized ===

📦 PRODUCTION MODE: State validation proxy DISABLED (zero overhead)
  ✅ THRESHOLDS validated
  ✅ RATES validated
  ✅ MULTIPLIERS validated
⚠️ Unusually high rate: RATES.HEAT_ADAPTATION_INFRASTRUCTURAL_MIN_EXPOSURE = 12
   Monthly rates >100% should be rare. Verify this is intentional.
⚠️ Unusually high rate: RATES.HEAT_ADAPTATION_SOCIAL_MIN_EXPOSURE = 6
   Monthly rates >100% should be rare. Verify this is intentional.
⚠️ Unusually high rate: RATES.MIGRATION_DISTANCE_SCALE = 5000
   Monthly rates >100% should be rare. Verify this is intentional.
⚠️ Unusually high rate: RATES.EVACUATION_MULTIPLIER_ADVANCE_WARNING = 2
   Monthly rates >100% should be rare. Verify this is intentional.
⚠️ Unusually high rate: RATES.MAJOR_ECONOMY_COLLAPSE_ECONOMIC_THRESHOLD = 2
   Monthly rates >100% should be rare. Verify this is intentional.
⚠️ Unusually high rate: RATES.MAJOR_ECONOMY_GDP_THRESHOLD_TRILLION_USD = 1.5
   Monthly rates >100% should be rare. Verify this is intentional.
⚠️ Unusually high rate: RATES.MAJOR_ECONOMY_POPULATION_THRESHOLD = 50
   Monthly rates >100% should be rare. Verify this is intentional.
⚠️ Unusually high rate: RATES.HEAT_ADAPTATION_INFRASTRUCTURE_GDP_THRESHOLD = 10000
   Monthly rates >100% should be rare. Verify this is intentional.
⚠️ Unusually high rate: RATES.HEAT_ADAPTATION_INFRASTRUCTURE_GDP_SCALE = 50000
   Monthly rates >100% should be rare. Verify this is intentional.
  ✅ BASELINES validated
  ✅ TOLERANCES validated
  ✅ Logical consistency validated
✅ Configuration validation complete - all parameters valid

🔍 DEBUG createAIAgent: corporate_0 economic BEFORE=2.0000, AFTER=2
🔍 ENV INIT: reserves=0.731, pollution=0.348, climate=0.754

=== Initializing Government System (30 Countries) ===
  Loaded 30 governments
  Scheduled elections for 30 countries
  Initialized comprehension lags (3-24 months)
=== Government System Initialized ===

📦 PRODUCTION MODE: State validation proxy DISABLED (zero overhead)
  ✅ THRESHOLDS validated
⚠️ Unusually high rate: RATES.HEAT_ADAPTATION_INFRASTRUCTURAL_MIN_EXPOSURE = 12
   Monthly rates >100% should be rare. Verify this is intentional.
⚠️ Unusually high rate: RATES.HEAT_ADAPTATION_SOCIAL_MIN_EXPOSURE = 6
   Monthly rates >100% should be rare. Verify this is intentional.
⚠️ Unusually high rate: RATES.MIGRATION_DISTANCE_SCALE = 5000
   Monthly rates >100% should be rare. Verify this is intentional.
⚠️ Unusually high rate: RATES.EVACUATION_MULTIPLIER_ADVANCE_WARNING = 2
   Monthly rates >100% should be rare. Verify this is intentional.
⚠️ Unusually high rate: RATES.MAJOR_ECONOMY_COLLAPSE_ECONOMIC_THRESHOLD = 2
   Monthly rates >100% should be rare. Verify this is intentional.
⚠️ Unusually high rate: RATES.MAJOR_ECONOMY_GDP_THRESHOLD_TRILLION_USD = 1.5
   Monthly rates >100% should be rare. Verify this is intentional.
⚠️ Unusually high rate: RATES.MAJOR_ECONOMY_POPULATION_THRESHOLD = 50
   Monthly rates >100% should be rare. Verify this is intentional.
⚠️ Unusually high rate: RATES.HEAT_ADAPTATION_INFRASTRUCTURE_GDP_THRESHOLD = 10000
   Monthly rates >100% should be rare. Verify this is intentional.
⚠️ Unusually high rate: RATES.HEAT_ADAPTATION_INFRASTRUCTURE_GDP_SCALE = 50000
   Monthly rates >100% should be rare. Verify this is intentional.
  ✅ RATES validated
  ✅ MULTIPLIERS validated
  ✅ BASELINES validated
  ✅ TOLERANCES validated
  ✅ Logical consistency validated
✅ Configuration validation complete - all parameters valid

🔍 DEBUG createAIAgent: corporate_0 economic BEFORE=2.0000, AFTER=2
🔍 ENV INIT: reserves=0.731, pollution=0.348, climate=0.754

=== Initializing Government System (30 Countries) ===
  Loaded 30 governments
  Scheduled elections for 30 countries
  Initialized comprehension lags (3-24 months)
=== Government System Initialized ===

📦 PRODUCTION MODE: State validation proxy DISABLED (zero overhead)
▶ Novel Entities Gated Remediation Model
  ▶ God Mode Scenario (No Prevention Tech)
    ✔ should show ~0% effectiveness without prevention tech deployed (663.598962ms)
    ✔ should enforce irreversible floor at 90% of peak (46.798336ms)
  ✔ God Mode Scenario (No Prevention Tech) (716.443217ms)
  ▶ Prevention-First Scenario (With Prevention Tech)
    ✔ should show >0% effectiveness with all 3 prevention techs (36.955237ms)
    ✔ should scale effectiveness with number of prevention techs deployed (58.764675ms)
    ✔ should track peak contamination for irreversible floor (34.576486ms)
  ✔ Prevention-First Scenario (With Prevention Tech) (130.721869ms)
  ▶ Time Lag Dynamics
    ✔ should scale effectiveness from 0% to 100% over 30 years (56.295025ms)
  ✔ Time Lag Dynamics (57.707535ms)
  ▶ Rebound Effects (Jevons Paradox)
    ✔ should offset 30% of cleanup with induced production (51.043826ms)
  ✔ Rebound Effects (Jevons Paradox) (51.491766ms)
  ▶ Concentration Multiplier
    ✔ should reduce effectiveness to 0.1% at environmental dilution (69.598644ms)
  ✔ Concentration Multiplier (69.913444ms)
  ▶ Model Assumptions Documentation
    ✔ should document 90% irreversible fraction assumption (52.189775ms)
    ✔ should document 30% rebound factor assumption (51.628406ms)
    ✔ should document 0.1% concentration multiplier assumption (20.993898ms)
  ✔ Model Assumptions Documentation (125.272989ms)
✔ Novel Entities Gated Remediation Model (1163.012159ms)
▶ Novel Entities Gated Model - Pure Logic
  ▶ Regulation Multiplier Calculation
    ✔ should be 1% without any prevention tech (4.55214ms)
    ✔ should scale linearly with prevention tech deployment (11.519609ms)
  ✔ Regulation Multiplier Calculation (19.167849ms)
  ▶ Irreversible Floor Mechanism
    ✔ should enforce 90% floor based on peak contamination (0.31061ms)
    ✔ should clamp cleanup attempts below floor (6.213139ms)
    ✔ should allow cleanup above floor (0.22722ms)
    ✔ should track peak contamination correctly (2.25114ms)
  ✔ Irreversible Floor Mechanism (9.834899ms)
  ▶ Net Effectiveness Calculation
    ✔ should multiply all gating factors correctly (2.184279ms)
    ✔ should be ~0% without prevention (god mode scenario) (0.21296ms)
  ✔ Net Effectiveness Calculation (3.21895ms)
  ▶ Time Lag Factor
    ✔ should scale from 0 to 1 over 30 years (360 months) (0.68937ms)
  ✔ Time Lag Factor (3.6665ms)
  ▶ Research-Backed Constants
    ✔ 90% irreversible fraction (Cousins 2022, Kane 2022) (0.21962ms)
    ✔ 30% rebound factor (Sorrell 2025, UNEP 2024) (0.16511ms)
    ✔ 0.1% concentration multiplier (Li 2024, Fennell 2024) (0.1516ms)
    ✔ 1% regulation floor (Ling 2024 point sources) (0.15833ms)
  ✔ Research-Backed Constants (0.93699ms)
  ▶ Montreal Protocol Analog
    ✔ prevention:cleanup ratio should be 10:1 to 20:1 (0.20413ms)
  ✔ Montreal Protocol Analog (0.32039ms)
  ▶ Edge Cases
    ✔ should handle zero peak value gracefully (2.43959ms)
    ✔ should handle zero prevention tech gracefully (0.135729ms)
    ✔ should never allow negative contamination (0.13156ms)
  ✔ Edge Cases (2.880259ms)
✔ Novel Entities Gated Model - Pure Logic (46.752605ms)
  ✅ THRESHOLDS validated
⚠️ Unusually high rate: RATES.HEAT_ADAPTATION_INFRASTRUCTURAL_MIN_EXPOSURE = 12
   Monthly rates >100% should be rare. Verify this is intentional.
⚠️ Unusually high rate: RATES.HEAT_ADAPTATION_SOCIAL_MIN_EXPOSURE = 6
   Monthly rates >100% should be rare. Verify this is intentional.
⚠️ Unusually high rate: RATES.MIGRATION_DISTANCE_SCALE = 5000
   Monthly rates >100% should be rare. Verify this is intentional.
⚠️ Unusually high rate: RATES.EVACUATION_MULTIPLIER_ADVANCE_WARNING = 2
   Monthly rates >100% should be rare. Verify this is intentional.
⚠️ Unusually high rate: RATES.MAJOR_ECONOMY_COLLAPSE_ECONOMIC_THRESHOLD = 2
   Monthly rates >100% should be rare. Verify this is intentional.
⚠️ Unusually high rate: RATES.MAJOR_ECONOMY_GDP_THRESHOLD_TRILLION_USD = 1.5
   Monthly rates >100% should be rare. Verify this is intentional.
⚠️ Unusually high rate: RATES.MAJOR_ECONOMY_POPULATION_THRESHOLD = 50
   Monthly rates >100% should be rare. Verify this is intentional.
⚠️ Unusually high rate: RATES.HEAT_ADAPTATION_INFRASTRUCTURE_GDP_THRESHOLD = 10000
   Monthly rates >100% should be rare. Verify this is intentional.
⚠️ Unusually high rate: RATES.HEAT_ADAPTATION_INFRASTRUCTURE_GDP_SCALE = 50000
   Monthly rates >100% should be rare. Verify this is intentional.
  ✅ RATES validated
  ✅ MULTIPLIERS validated
  ✅ BASELINES validated
  ✅ TOLERANCES validated
  ✅ Logical consistency validated
✅ Configuration validation complete - all parameters valid

🔍 DEBUG createAIAgent: corporate_0 economic BEFORE=2.0000, AFTER=2
🔍 ENV INIT: reserves=0.619, pollution=0.221, climate=0.780

=== Initializing Government System (30 Countries) ===
  Loaded 30 governments
  Scheduled elections for 30 countries
  Initialized comprehension lags (3-24 months)
=== Government System Initialized ===

📦 PRODUCTION MODE: State validation proxy DISABLED (zero overhead)
📦 PRODUCTION MODE: State validation proxy DISABLED (zero overhead)

📊 BASELINE: East Asia (Month 0)
   Adjusted death rate: 0.45% annual (0.037% monthly)
   Baseline death rate: 0.80%
   Healthcare reduction: 0.48x
   Crisis multiplier: 1.18x
     Food/water stress: 0.075
     Climate stress: 0.035
     Pollution stress: 0.066
   War multiplier: 1.00x
   Monthly deaths: 0.6M (population: 1677M)

📊 BASELINE: South Asia (Month 0)

📊 BASELINE: Sub-Saharan Africa (Month 0)

📊 BASELINE: Europe (Month 0)
   Adjusted death rate: 0.52% annual (0.043% monthly)
   Baseline death rate: 0.70%
   Healthcare reduction: 0.61x
   Crisis multiplier: 1.21x
     Food/water stress: 0.075
     Climate stress: 0.066
     Pollution stress: 0.066
   War multiplier: 1.00x
   Monthly deaths: 0.9M (population: 2048M)
   Adjusted death rate: 1.24% annual (0.103% monthly)
   Baseline death rate: 0.90%
   Healthcare reduction: 0.76x
   Crisis multiplier: 1.22x
     Food/water stress: 0.075
     Climate stress: 0.075
     Pollution stress: 0.066
   War multiplier: 1.50x
   Monthly deaths: 1.3M (population: 1220M)
   Adjusted death rate: 0.52% annual (0.043% monthly)
   Baseline death rate: 1.10%
   Healthcare reduction: 0.41x
   Crisis multiplier: 1.17x
     Food/water stress: 0.075
     Climate stress: 0.026
     Pollution stress: 0.066
   War multiplier: 1.00x
   Monthly deaths: 0.3M (population: 742M)
   Adjusted death rate: 0.42% annual (0.035% monthly)
   Baseline death rate: 0.60%
   Healthcare reduction: 0.58x
   Crisis multiplier: 1.19x
     Food/water stress: 0.075
     Climate stress: 0.053
     Pollution stress: 0.066
   War multiplier: 1.00x
   Monthly deaths: 0.2M (population: 664M)
   Adjusted death rate: 0.47% annual (0.039% monthly)
   Baseline death rate: 0.90%
   Healthcare reduction: 0.44x
   Crisis multiplier: 1.18x
     Food/water stress: 0.075
     Climate stress: 0.040
     Pollution stress: 0.066
   War multiplier: 1.00x
   Monthly deaths: 0.1M (population: 380M)
   Adjusted death rate: 0.71% annual (0.059% monthly)
   Baseline death rate: 0.60%
   Healthcare reduction: 0.65x
   Crisis multiplier: 1.22x
     Food/water stress: 0.075

📊 BASELINE: Latin America (Month 0)

📊 BASELINE: North America (Month 0)

📊 BASELINE: Middle East & North Africa (Month 0)
     Climate stress: 0.079
     Pollution stress: 0.066
   War multiplier: 1.50x
   Monthly deaths: 0.3M (population: 583M)
   Adjusted death rate: 0.49% annual (0.041% monthly)

📊 BASELINE: Southeast Asia (Month 0)
   Baseline death rate: 0.70%
   Healthcare reduction: 0.58x
   Crisis multiplier: 1.20x
     Food/water stress: 0.075
     Climate stress: 0.062
     Pollution stress: 0.066
   War multiplier: 1.00x
   Monthly deaths: 0.3M (population: 698M)

📊 BASELINE: Central Asia (Month 0)

📊 BASELINE: Oceania (Month 0)
   Adjusted death rate: 0.44% annual (0.037% monthly)
   Baseline death rate: 0.60%
   Healthcare reduction: 0.61x
   Crisis multiplier: 1.20x
     Food/water stress: 0.075
     Climate stress: 0.057
     Pollution stress: 0.066
   War multiplier: 1.00x
   Monthly deaths: 0.0M (population: 78M)
   Adjusted death rate: 0.34% annual (0.028% monthly)
   Baseline death rate: 0.70%
   Healthcare reduction: 0.41x
   Crisis multiplier: 1.19x
     Food/water stress: 0.075
     Climate stress: 0.048
     Pollution stress: 0.066
   War multiplier: 1.00x
   Monthly deaths: 0.0M (population: 46M)
  ✅ THRESHOLDS validated
  ✅ RATES validated
  ✅ MULTIPLIERS validated
  ✅ BASELINES validated
  ✅ TOLERANCES validated
  ✅ Logical consistency validated
✅ Configuration validation complete - all parameters valid

⚠️ Unusually high rate: RATES.HEAT_ADAPTATION_INFRASTRUCTURAL_MIN_EXPOSURE = 12
   Monthly rates >100% should be rare. Verify this is intentional.
⚠️ Unusually high rate: RATES.HEAT_ADAPTATION_SOCIAL_MIN_EXPOSURE = 6
   Monthly rates >100% should be rare. Verify this is intentional.
⚠️ Unusually high rate: RATES.MIGRATION_DISTANCE_SCALE = 5000
   Monthly rates >100% should be rare. Verify this is intentional.
⚠️ Unusually high rate: RATES.EVACUATION_MULTIPLIER_ADVANCE_WARNING = 2
   Monthly rates >100% should be rare. Verify this is intentional.
⚠️ Unusually high rate: RATES.MAJOR_ECONOMY_COLLAPSE_ECONOMIC_THRESHOLD = 2
   Monthly rates >100% should be rare. Verify this is intentional.
⚠️ Unusually high rate: RATES.MAJOR_ECONOMY_GDP_THRESHOLD_TRILLION_USD = 1.5
   Monthly rates >100% should be rare. Verify this is intentional.
⚠️ Unusually high rate: RATES.MAJOR_ECONOMY_POPULATION_THRESHOLD = 50
   Monthly rates >100% should be rare. Verify this is intentional.
⚠️ Unusually high rate: RATES.HEAT_ADAPTATION_INFRASTRUCTURE_GDP_THRESHOLD = 10000
   Monthly rates >100% should be rare. Verify this is intentional.
⚠️ Unusually high rate: RATES.HEAT_ADAPTATION_INFRASTRUCTURE_GDP_SCALE = 50000
   Monthly rates >100% should be rare. Verify this is intentional.
🔍 DEBUG createAIAgent: corporate_0 economic BEFORE=2.0000, AFTER=2
🔍 ENV INIT: reserves=0.619, pollution=0.221, climate=0.780

=== Initializing Government System (30 Countries) ===
  Loaded 30 governments
  Scheduled elections for 30 countries
  Initialized comprehension lags (3-24 months)
=== Government System Initialized ===

📦 PRODUCTION MODE: State validation proxy DISABLED (zero overhead)
📦 PRODUCTION MODE: State validation proxy DISABLED (zero overhead)
   Adjusted death rate: 0.45% annual (0.037% monthly)
   Baseline death rate: 0.80%
   Healthcare reduction: 0.48x

📊 BASELINE: East Asia (Month 0)
   Crisis multiplier: 1.18x
     Food/water stress: 0.075
     Climate stress: 0.035
     Pollution stress: 0.066
   War multiplier: 1.00x
   Monthly deaths: 0.6M (population: 1677M)
   Adjusted death rate: 0.52% annual (0.043% monthly)
   Baseline death rate: 0.70%
   Healthcare reduction: 0.61x
   Crisis multiplier: 1.21x
     Food/water stress: 0.075
     Climate stress: 0.066
     Pollution stress: 0.066
   War multiplier: 1.00x
   Monthly deaths: 0.9M (population: 2048M)
   Adjusted death rate: 1.24% annual (0.103% monthly)
   Baseline death rate: 0.90%
   Healthcare reduction: 0.76x
   Crisis multiplier: 1.22x
     Food/water stress: 0.075
     Climate stress: 0.075
     Pollution stress: 0.066
   War multiplier: 1.50x
   Monthly deaths: 1.3M (population: 1220M)
   Adjusted death rate: 0.52% annual (0.043% monthly)
   Baseline death rate: 1.10%
   Healthcare reduction: 0.41x

📊 BASELINE: South Asia (Month 0)

📊 BASELINE: Sub-Saharan Africa (Month 0)

📊 BASELINE: Europe (Month 0)
   Crisis multiplier: 1.17x
     Food/water stress: 0.075
     Climate stress: 0.026
     Pollution stress: 0.066
   War multiplier: 1.00x
   Monthly deaths: 0.3M (population: 742M)
   Adjusted death rate: 0.42% annual (0.035% monthly)
   Baseline death rate: 0.60%
   Healthcare reduction: 0.58x
   Crisis multiplier: 1.19x
     Food/water stress: 0.075
     Climate stress: 0.053
     Pollution stress: 0.066
   War multiplier: 1.00x
   Monthly deaths: 0.2M (population: 664M)
   Adjusted death rate: 0.47% annual (0.039% monthly)
   Baseline death rate: 0.90%
   Healthcare reduction: 0.44x
   Crisis multiplier: 1.18x

📊 BASELINE: Latin America (Month 0)

📊 BASELINE: North America (Month 0)
     Food/water stress: 0.075
     Climate stress: 0.040
     Pollution stress: 0.066
   War multiplier: 1.00x
   Monthly deaths: 0.1M (population: 380M)
   Adjusted death rate: 0.71% annual (0.059% monthly)
   Baseline death rate: 0.60%
   Healthcare reduction: 0.65x
   Crisis multiplier: 1.22x
     Food/water stress: 0.075
     Climate stress: 0.079
     Pollution stress: 0.066
   War multiplier: 1.50x
   Monthly deaths: 0.3M (population: 583M)
   Adjusted death rate: 0.49% annual (0.041% monthly)
   Baseline death rate: 0.70%
   Healthcare reduction: 0.58x
   Crisis multiplier: 1.20x
     Food/water stress: 0.075
     Climate stress: 0.062

📊 BASELINE: Middle East & North Africa (Month 0)

📊 BASELINE: Southeast Asia (Month 0)
     Pollution stress: 0.066
   War multiplier: 1.00x
   Monthly deaths: 0.3M (population: 698M)
   Adjusted death rate: 0.44% annual (0.037% monthly)
   Baseline death rate: 0.60%
   Healthcare reduction: 0.61x
   Crisis multiplier: 1.20x
     Food/water stress: 0.075
     Climate stress: 0.057
     Pollution stress: 0.066
   War multiplier: 1.00x
   Monthly deaths: 0.0M (population: 78M)
   Adjusted death rate: 0.34% annual (0.028% monthly)
   Baseline death rate: 0.70%
   Healthcare reduction: 0.41x
   Crisis multiplier: 1.19x
     Food/water stress: 0.075
     Climate stress: 0.048
     Pollution stress: 0.066
   War multiplier: 1.00x
   Monthly deaths: 0.0M (population: 46M)

📊 BASELINE: Central Asia (Month 0)

📊 BASELINE: Oceania (Month 0)
  ✅ THRESHOLDS validated
⚠️ Unusually high rate: RATES.HEAT_ADAPTATION_INFRASTRUCTURAL_MIN_EXPOSURE = 12
   Monthly rates >100% should be rare. Verify this is intentional.
⚠️ Unusually high rate: RATES.HEAT_ADAPTATION_SOCIAL_MIN_EXPOSURE = 6
   Monthly rates >100% should be rare. Verify this is intentional.
⚠️ Unusually high rate: RATES.MIGRATION_DISTANCE_SCALE = 5000
   Monthly rates >100% should be rare. Verify this is intentional.
⚠️ Unusually high rate: RATES.EVACUATION_MULTIPLIER_ADVANCE_WARNING = 2
   Monthly rates >100% should be rare. Verify this is intentional.
⚠️ Unusually high rate: RATES.MAJOR_ECONOMY_COLLAPSE_ECONOMIC_THRESHOLD = 2
   Monthly rates >100% should be rare. Verify this is intentional.
⚠️ Unusually high rate: RATES.MAJOR_ECONOMY_GDP_THRESHOLD_TRILLION_USD = 1.5
   Monthly rates >100% should be rare. Verify this is intentional.
⚠️ Unusually high rate: RATES.MAJOR_ECONOMY_POPULATION_THRESHOLD = 50
   Monthly rates >100% should be rare. Verify this is intentional.
⚠️ Unusually high rate: RATES.HEAT_ADAPTATION_INFRASTRUCTURE_GDP_THRESHOLD = 10000
   Monthly rates >100% should be rare. Verify this is intentional.
⚠️ Unusually high rate: RATES.HEAT_ADAPTATION_INFRASTRUCTURE_GDP_SCALE = 50000
   Monthly rates >100% should be rare. Verify this is intentional.
  ✅ RATES validated
  ✅ MULTIPLIERS validated
  ✅ BASELINES validated
  ✅ TOLERANCES validated
  ✅ Logical consistency validated
✅ Configuration validation complete - all parameters valid

🔍 DEBUG createAIAgent: corporate_0 economic BEFORE=2.0000, AFTER=2
🔍 ENV INIT: reserves=0.619, pollution=0.221, climate=0.780

=== Initializing Government System (30 Countries) ===
  Loaded 30 governments
  Scheduled elections for 30 countries
  Initialized comprehension lags (3-24 months)
=== Government System Initialized ===

📦 PRODUCTION MODE: State validation proxy DISABLED (zero overhead)
📦 PRODUCTION MODE: State validation proxy DISABLED (zero overhead)
   Adjusted death rate: 0.45% annual (0.037% monthly)
   Baseline death rate: 0.80%
   Healthcare reduction: 0.48x
   Crisis multiplier: 1.18x
     Food/water stress: 0.075
     Climate stress: 0.035
     Pollution stress: 0.066
   War multiplier: 1.00x

📊 BASELINE: East Asia (Month 0)

📊 BASELINE: South Asia (Month 0)
   Monthly deaths: 0.6M (population: 1677M)
   Adjusted death rate: 0.52% annual (0.043% monthly)
   Baseline death rate: 0.70%
   Healthcare reduction: 0.61x
   Crisis multiplier: 1.21x
     Food/water stress: 0.075
     Climate stress: 0.066
     Pollution stress: 0.066
   War multiplier: 1.00x
   Monthly deaths: 0.9M (population: 2048M)
   Adjusted death rate: 1.24% annual (0.103% monthly)
   Baseline death rate: 0.90%
   Healthcare reduction: 0.76x
   Crisis multiplier: 1.22x
     Food/water stress: 0.075

📊 BASELINE: Sub-Saharan Africa (Month 0)
     Climate stress: 0.075
     Pollution stress: 0.066
   War multiplier: 1.50x
   Monthly deaths: 1.3M (population: 1220M)
   Adjusted death rate: 0.52% annual (0.043% monthly)
   Baseline death rate: 1.10%
   Healthcare reduction: 0.41x
   Crisis multiplier: 1.17x
     Food/water stress: 0.075
     Climate stress: 0.026
     Pollution stress: 0.066
   War multiplier: 1.00x

📊 BASELINE: Europe (Month 0)

📊 BASELINE: Latin America (Month 0)
   Monthly deaths: 0.3M (population: 742M)
   Adjusted death rate: 0.42% annual (0.035% monthly)
   Baseline death rate: 0.60%
   Healthcare reduction: 0.58x
   Crisis multiplier: 1.19x
     Food/water stress: 0.075
     Climate stress: 0.053
     Pollution stress: 0.066
   War multiplier: 1.00x
   Monthly deaths: 0.2M (population: 664M)
   Adjusted death rate: 0.47% annual (0.039% monthly)
   Baseline death rate: 0.90%
   Healthcare reduction: 0.44x
   Crisis multiplier: 1.18x
     Food/water stress: 0.075
     Climate stress: 0.040
     Pollution stress: 0.066
   War multiplier: 1.00x
   Monthly deaths: 0.1M (population: 380M)
   Adjusted death rate: 0.71% annual (0.059% monthly)
   Baseline death rate: 0.60%
   Healthcare reduction: 0.65x
   Crisis multiplier: 1.22x

📊 BASELINE: North America (Month 0)

📊 BASELINE: Middle East & North Africa (Month 0)
     Food/water stress: 0.075
     Climate stress: 0.079
     Pollution stress: 0.066
   War multiplier: 1.50x
   Monthly deaths: 0.3M (population: 583M)

📊 BASELINE: Southeast Asia (Month 0)
   Adjusted death rate: 0.49% annual (0.041% monthly)
   Baseline death rate: 0.70%
   Healthcare reduction: 0.58x
   Crisis multiplier: 1.20x
     Food/water stress: 0.075
     Climate stress: 0.062
     Pollution stress: 0.066
   War multiplier: 1.00x
   Monthly deaths: 0.3M (population: 698M)
   Adjusted death rate: 0.44% annual (0.037% monthly)
   Baseline death rate: 0.60%
   Healthcare reduction: 0.61x
   Crisis multiplier: 1.20x
     Food/water stress: 0.075
     Climate stress: 0.057
     Pollution stress: 0.066
   War multiplier: 1.00x
   Monthly deaths: 0.0M (population: 78M)
   Adjusted death rate: 0.34% annual (0.028% monthly)
   Baseline death rate: 0.70%
   Healthcare reduction: 0.41x

📊 BASELINE: Central Asia (Month 0)

📊 BASELINE: Oceania (Month 0)
   Crisis multiplier: 1.19x
     Food/water stress: 0.075
     Climate stress: 0.048
     Pollution stress: 0.066
   War multiplier: 1.00x
   Monthly deaths: 0.0M (population: 46M)
  ✅ THRESHOLDS validated
⚠️ Unusually high rate: RATES.HEAT_ADAPTATION_INFRASTRUCTURAL_MIN_EXPOSURE = 12
   Monthly rates >100% should be rare. Verify this is intentional.
⚠️ Unusually high rate: RATES.HEAT_ADAPTATION_SOCIAL_MIN_EXPOSURE = 6
   Monthly rates >100% should be rare. Verify this is intentional.
⚠️ Unusually high rate: RATES.MIGRATION_DISTANCE_SCALE = 5000
   Monthly rates >100% should be rare. Verify this is intentional.
⚠️ Unusually high rate: RATES.EVACUATION_MULTIPLIER_ADVANCE_WARNING = 2
   Monthly rates >100% should be rare. Verify this is intentional.
⚠️ Unusually high rate: RATES.MAJOR_ECONOMY_COLLAPSE_ECONOMIC_THRESHOLD = 2
   Monthly rates >100% should be rare. Verify this is intentional.
⚠️ Unusually high rate: RATES.MAJOR_ECONOMY_GDP_THRESHOLD_TRILLION_USD = 1.5
   Monthly rates >100% should be rare. Verify this is intentional.
⚠️ Unusually high rate: RATES.MAJOR_ECONOMY_POPULATION_THRESHOLD = 50
   Monthly rates >100% should be rare. Verify this is intentional.
⚠️ Unusually high rate: RATES.HEAT_ADAPTATION_INFRASTRUCTURE_GDP_THRESHOLD = 10000
   Monthly rates >100% should be rare. Verify this is intentional.
⚠️ Unusually high rate: RATES.HEAT_ADAPTATION_INFRASTRUCTURE_GDP_SCALE = 50000
   Monthly rates >100% should be rare. Verify this is intentional.
  ✅ RATES validated
  ✅ MULTIPLIERS validated
  ✅ BASELINES validated
  ✅ TOLERANCES validated
  ✅ Logical consistency validated
✅ Configuration validation complete - all parameters valid

🔍 DEBUG createAIAgent: corporate_0 economic BEFORE=2.0000, AFTER=2
🔍 ENV INIT: reserves=0.731, pollution=0.348, climate=0.754

=== Initializing Government System (30 Countries) ===
  Loaded 30 governments
  Scheduled elections for 30 countries
  Initialized comprehension lags (3-24 months)
=== Government System Initialized ===

📦 PRODUCTION MODE: State validation proxy DISABLED (zero overhead)
[TechTree] Historical mode (1990): Skipping deployed_2025 tech
  config.startYear set to 1990 for historical hindcast
  config.historicalEmissionsMode enabled (Phase 5: GCP emissions forcing for 1990)
  config.historicalMode enabled (Phase 11: dampened crisis systems for 1990)
  Phase 12: Biodiversity baseline set to 76.79% for 1990 (WWF LPI trajectory from 1970)
  Temperature anomaly (resourceEconomy.co2): 0.44°C
  Temperature vs pre-industrial: 1.14°C
  🌍 Carbon sink parameters (1990 baseline):
    Initial atmospheric CO2: 354.4 ppm
    Ocean absorption: 8.1 GtCO2/yr (2.2 GtC/yr)
    Land absorption: 5.1 GtCO2/yr (1.4 GtC/yr)
    Sink saturation: 12%
    Total sink capacity: 13.2 GtCO2/yr
  Regional population scaling for 1990:
    Current total: 8136M
    Target total: 5320M
    Scale factor: 0.654
    East Asia: 1677M → 1097M
    South Asia: 2048M → 1339M
    Sub-Saharan Africa: 1220M → 798M
    Europe: 742M → 485M
    Latin America: 664M → 434M
    North America: 380M → 248M
    Middle East & North Africa: 583M → 381M
    Southeast Asia: 698M → 456M
    Central Asia: 78M → 51M
    Oceania: 46M → 30M
  Food security (historical override): 82%
  Historical fertility initialization for 1990:
    East Asia: TFR 2.5
    South Asia: TFR 4.3
    Sub-Saharan Africa: TFR 6.3
    Europe: TFR 1.6
    Latin America: TFR 3.0
    North America: TFR 2.0
    Middle East & North Africa: TFR 4.6
    Southeast Asia: TFR 2.7
    Central Asia: TFR 2.7
    Oceania: TFR 2.4
  AI agents cleared: year=1990 (pre-AI era)
[HistoricalInitialization] Created state for 1990:
  CO2: 354.39 ppm
  Temp anomaly: 0.44C
  Population: 5.32B
  Global Gini: 38
  HDI: 0.6
  AI Agents: 0
  Volcanic forcing: 0.00 W/m² (AOD 0.000)

📊 BASELINE: East Asia (Month 0)

📊 BASELINE: South Asia (Month 0)
   Adjusted death rate: 0.70% annual (0.058% monthly)
   Baseline death rate: 0.70%
   Healthcare reduction: 1.00x
   Crisis multiplier: 1.00x
     Food/water stress: 0.000
     Climate stress: 0.000
     Pollution stress: 0.000
   War multiplier: 1.00x
   Monthly deaths: 0.6M (population: 1097M)
   Adjusted death rate: 1.00% annual (0.083% monthly)
   Baseline death rate: 1.00%
   Healthcare reduction: 1.00x
   Crisis multiplier: 1.00x
     Food/water stress: 0.000
     Climate stress: 0.000
     Pollution stress: 0.000
   War multiplier: 1.00x
   Monthly deaths: 1.1M (population: 1339M)

🔄 M-4 Time-Varying Demographics (1990):
  Region: Sub-Saharan Africa
  Birth rate: 5.20%
  Death rate: 1.30%
  Net growth: 3.90%

📊 BASELINE: Sub-Saharan Africa (Month 0)
   Adjusted death rate: 1.30% annual (0.108% monthly)
   Baseline death rate: 1.30%
   Healthcare reduction: 1.00x
   Crisis multiplier: 1.00x
     Food/water stress: 0.000
     Climate stress: 0.000
     Pollution stress: 0.000
   War multiplier: 1.00x
   Monthly deaths: 0.9M (population: 798M)
   Adjusted death rate: 1.05% annual (0.088% monthly)
   Baseline death rate: 1.05%
   Healthcare reduction: 1.00x
   Crisis multiplier: 1.00x
     Food/water stress: 0.000
     Climate stress: 0.000
     Pollution stress: 0.000
   War multiplier: 1.00x
   Monthly deaths: 0.4M (population: 485M)
   Adjusted death rate: 0.65% annual (0.054% monthly)
   Baseline death rate: 0.65%
   Healthcare reduction: 1.00x
   Crisis multiplier: 1.00x
     Food/water stress: 0.000
     Climate stress: 0.000
     Pollution stress: 0.000

📊 BASELINE: Europe (Month 0)

📊 BASELINE: Latin America (Month 0)
   War multiplier: 1.00x
   Monthly deaths: 0.2M (population: 434M)

📊 BASELINE: North America (Month 0)
   Adjusted death rate: 0.85% annual (0.071% monthly)
   Baseline death rate: 0.85%
   Healthcare reduction: 1.00x
   Crisis multiplier: 1.00x
     Food/water stress: 0.000
     Climate stress: 0.000
     Pollution stress: 0.000
   War multiplier: 1.00x
   Monthly deaths: 0.2M (population: 248M)
   Adjusted death rate: 0.70% annual (0.058% monthly)
   Baseline death rate: 0.70%
   Healthcare reduction: 1.00x
   Crisis multiplier: 1.00x
     Food/water stress: 0.000
     Climate stress: 0.000
     Pollution stress: 0.000
   War multiplier: 1.00x
   Monthly deaths: 0.2M (population: 381M)
   Adjusted death rate: 0.75% annual (0.063% monthly)
   Baseline death rate: 0.75%
   Healthcare reduction: 1.00x
   Crisis multiplier: 1.00x
     Food/water stress: 0.000
     Climate stress: 0.000
     Pollution stress: 0.000
   War multiplier: 1.00x
   Monthly deaths: 0.3M (population: 456M)
   Adjusted death rate: 0.60% annual (0.050% monthly)
   Baseline death rate: 0.60%
   Healthcare reduction: 1.00x
   Crisis multiplier: 1.00x
     Food/water stress: 0.075
     Climate stress: 0.064

📊 BASELINE: Middle East & North Africa (Month 0)

📊 BASELINE: Southeast Asia (Month 0)

📊 BASELINE: Central Asia (Month 0)
     Pollution stress: 0.104
   War multiplier: 1.00x
   Monthly deaths: 0.0M (population: 51M)

📊 BASELINE: Oceania (Month 0)
   Adjusted death rate: 0.70% annual (0.058% monthly)
   Baseline death rate: 0.70%
   Healthcare reduction: 1.00x
   Crisis multiplier: 1.00x
     Food/water stress: 0.075
     Climate stress: 0.054
     Pollution stress: 0.104
   War multiplier: 1.00x
   Monthly deaths: 0.0M (population: 30M)
  ✅ THRESHOLDS validated
⚠️ Unusually high rate: RATES.HEAT_ADAPTATION_INFRASTRUCTURAL_MIN_EXPOSURE = 12
   Monthly rates >100% should be rare. Verify this is intentional.
⚠️ Unusually high rate: RATES.HEAT_ADAPTATION_SOCIAL_MIN_EXPOSURE = 6
   Monthly rates >100% should be rare. Verify this is intentional.
⚠️ Unusually high rate: RATES.MIGRATION_DISTANCE_SCALE = 5000
   Monthly rates >100% should be rare. Verify this is intentional.
⚠️ Unusually high rate: RATES.EVACUATION_MULTIPLIER_ADVANCE_WARNING = 2
   Monthly rates >100% should be rare. Verify this is intentional.
⚠️ Unusually high rate: RATES.MAJOR_ECONOMY_COLLAPSE_ECONOMIC_THRESHOLD = 2
   Monthly rates >100% should be rare. Verify this is intentional.
⚠️ Unusually high rate: RATES.MAJOR_ECONOMY_GDP_THRESHOLD_TRILLION_USD = 1.5
   Monthly rates >100% should be rare. Verify this is intentional.
⚠️ Unusually high rate: RATES.MAJOR_ECONOMY_POPULATION_THRESHOLD = 50
   Monthly rates >100% should be rare. Verify this is intentional.
⚠️ Unusually high rate: RATES.HEAT_ADAPTATION_INFRASTRUCTURE_GDP_THRESHOLD = 10000
   Monthly rates >100% should be rare. Verify this is intentional.
⚠️ Unusually high rate: RATES.HEAT_ADAPTATION_INFRASTRUCTURE_GDP_SCALE = 50000
   Monthly rates >100% should be rare. Verify this is intentional.
  ✅ RATES validated
  ✅ MULTIPLIERS validated
  ✅ BASELINES validated
  ✅ TOLERANCES validated
  ✅ Logical consistency validated
✅ Configuration validation complete - all parameters valid

🔍 DEBUG createAIAgent: corporate_0 economic BEFORE=2.0000, AFTER=2
🔍 ENV INIT: reserves=0.731, pollution=0.348, climate=0.754

=== Initializing Government System (30 Countries) ===
  Loaded 30 governments
  Scheduled elections for 30 countries
  Initialized comprehension lags (3-24 months)
=== Government System Initialized ===

📦 PRODUCTION MODE: State validation proxy DISABLED (zero overhead)
[TechTree] Historical mode (1990): Skipping deployed_2025 tech
  config.startYear set to 1990 for historical hindcast
  config.historicalEmissionsMode enabled (Phase 5: GCP emissions forcing for 1990)
  config.historicalMode enabled (Phase 11: dampened crisis systems for 1990)
  Phase 12: Biodiversity baseline set to 76.79% for 1990 (WWF LPI trajectory from 1970)
  Temperature anomaly (resourceEconomy.co2): 0.44°C
  Temperature vs pre-industrial: 1.14°C
  🌍 Carbon sink parameters (1990 baseline):
    Initial atmospheric CO2: 354.4 ppm
    Ocean absorption: 8.1 GtCO2/yr (2.2 GtC/yr)
    Land absorption: 5.1 GtCO2/yr (1.4 GtC/yr)
    Sink saturation: 12%
    Total sink capacity: 13.2 GtCO2/yr
  Regional population scaling for 1990:
    Current total: 8136M
    Target total: 5320M
    Scale factor: 0.654
    East Asia: 1677M → 1097M
    South Asia: 2048M → 1339M
    Sub-Saharan Africa: 1220M → 798M
    Europe: 742M → 485M
    Latin America: 664M → 434M
    North America: 380M → 248M
    Middle East & North Africa: 583M → 381M
    Southeast Asia: 698M → 456M
    Central Asia: 78M → 51M
    Oceania: 46M → 30M
  Food security (historical override): 82%
  Historical fertility initialization for 1990:
    East Asia: TFR 2.5
    South Asia: TFR 4.3
    Sub-Saharan Africa: TFR 6.3
    Europe: TFR 1.6
    Latin America: TFR 3.0
    North America: TFR 2.0
    Middle East & North Africa: TFR 4.6
    Southeast Asia: TFR 2.7
    Central Asia: TFR 2.7
    Oceania: TFR 2.4
  AI agents cleared: year=1990 (pre-AI era)
[HistoricalInitialization] Created state for 1990:
  CO2: 354.39 ppm
  Temp anomaly: 0.44C
  Population: 5.32B
  Global Gini: 38
  HDI: 0.6
  AI Agents: 0
  Volcanic forcing: 0.00 W/m² (AOD 0.000)
   Adjusted death rate: 0.70% annual (0.058% monthly)
   Baseline death rate: 0.70%
   Healthcare reduction: 1.00x
   Crisis multiplier: 1.00x
     Food/water stress: 0.000
     Climate stress: 0.000
     Pollution stress: 0.000
   War multiplier: 1.00x
   Monthly deaths: 0.6M (population: 1097M)
   Adjusted death rate: 1.00% annual (0.083% monthly)
   Baseline death rate: 1.00%
   Healthcare reduction: 1.00x
   Crisis multiplier: 1.00x
     Food/water stress: 0.000
     Climate stress: 0.000
     Pollution stress: 0.000

📊 BASELINE: East Asia (Month 0)

📊 BASELINE: South Asia (Month 0)
   War multiplier: 1.00x
   Monthly deaths: 1.1M (population: 1339M)

🔄 M-4 Time-Varying Demographics (1990):
  Region: Sub-Saharan Africa
  Birth rate: 5.20%
  Death rate: 1.30%
  Net growth: 3.90%

📊 BASELINE: Sub-Saharan Africa (Month 0)
   Adjusted death rate: 1.30% annual (0.108% monthly)
   Baseline death rate: 1.30%
   Healthcare reduction: 1.00x
   Crisis multiplier: 1.00x
     Food/water stress: 0.000
     Climate stress: 0.000
     Pollution stress: 0.000
   War multiplier: 1.00x
   Monthly deaths: 0.9M (population: 798M)
   Adjusted death rate: 1.05% annual (0.088% monthly)
   Baseline death rate: 1.05%
   Healthcare reduction: 1.00x
   Crisis multiplier: 1.00x
     Food/water stress: 0.000
     Climate stress: 0.000
     Pollution stress: 0.000
   War multiplier: 1.00x
   Monthly deaths: 0.4M (population: 485M)
   Adjusted death rate: 0.65% annual (0.054% monthly)
   Baseline death rate: 0.65%
   Healthcare reduction: 1.00x
   Crisis multiplier: 1.00x
     Food/water stress: 0.000
     Climate stress: 0.000

📊 BASELINE: Europe (Month 0)

📊 BASELINE: Latin America (Month 0)
     Pollution stress: 0.000
   War multiplier: 1.00x
   Monthly deaths: 0.2M (population: 434M)
   Adjusted death rate: 0.85% annual (0.071% monthly)
   Baseline death rate: 0.85%
   Healthcare reduction: 1.00x
   Crisis multiplier: 1.00x
     Food/water stress: 0.000
     Climate stress: 0.000

📊 BASELINE: North America (Month 0)
     Pollution stress: 0.000
   War multiplier: 1.00x
   Monthly deaths: 0.2M (population: 248M)

📊 BASELINE: Middle East & North Africa (Month 0)
   Adjusted death rate: 0.70% annual (0.058% monthly)
   Baseline death rate: 0.70%
   Healthcare reduction: 1.00x
   Crisis multiplier: 1.00x
     Food/water stress: 0.000
     Climate stress: 0.000
     Pollution stress: 0.000
   War multiplier: 1.00x
   Monthly deaths: 0.2M (population: 381M)
   Adjusted death rate: 0.75% annual (0.063% monthly)
   Baseline death rate: 0.75%
   Healthcare reduction: 1.00x
   Crisis multiplier: 1.00x
     Food/water stress: 0.000
     Climate stress: 0.000
     Pollution stress: 0.000
   War multiplier: 1.00x
   Monthly deaths: 0.3M (population: 456M)

📊 BASELINE: Southeast Asia (Month 0)

📊 BASELINE: Central Asia (Month 0)
   Adjusted death rate: 0.60% annual (0.050% monthly)
   Baseline death rate: 0.60%
   Healthcare reduction: 1.00x
   Crisis multiplier: 1.00x
     Food/water stress: 0.075
     Climate stress: 0.064
     Pollution stress: 0.104
   War multiplier: 1.00x
   Monthly deaths: 0.0M (population: 51M)
   Adjusted death rate: 0.70% annual (0.058% monthly)
   Baseline death rate: 0.70%
   Healthcare reduction: 1.00x
   Crisis multiplier: 1.00x
     Food/water stress: 0.075
     Climate stress: 0.054
     Pollution stress: 0.104
   War multiplier: 1.00x
   Monthly deaths: 0.0M (population: 30M)

📊 BASELINE: Oceania (Month 0)
  ✅ THRESHOLDS validated
⚠️ Unusually high rate: RATES.HEAT_ADAPTATION_INFRASTRUCTURAL_MIN_EXPOSURE = 12
   Monthly rates >100% should be rare. Verify this is intentional.
⚠️ Unusually high rate: RATES.HEAT_ADAPTATION_SOCIAL_MIN_EXPOSURE = 6
   Monthly rates >100% should be rare. Verify this is intentional.
⚠️ Unusually high rate: RATES.MIGRATION_DISTANCE_SCALE = 5000
   Monthly rates >100% should be rare. Verify this is intentional.
⚠️ Unusually high rate: RATES.EVACUATION_MULTIPLIER_ADVANCE_WARNING = 2
   Monthly rates >100% should be rare. Verify this is intentional.
⚠️ Unusually high rate: RATES.MAJOR_ECONOMY_COLLAPSE_ECONOMIC_THRESHOLD = 2
   Monthly rates >100% should be rare. Verify this is intentional.
⚠️ Unusually high rate: RATES.MAJOR_ECONOMY_GDP_THRESHOLD_TRILLION_USD = 1.5
   Monthly rates >100% should be rare. Verify this is intentional.
⚠️ Unusually high rate: RATES.MAJOR_ECONOMY_POPULATION_THRESHOLD = 50
   Monthly rates >100% should be rare. Verify this is intentional.
⚠️ Unusually high rate: RATES.HEAT_ADAPTATION_INFRASTRUCTURE_GDP_THRESHOLD = 10000
   Monthly rates >100% should be rare. Verify this is intentional.
⚠️ Unusually high rate: RATES.HEAT_ADAPTATION_INFRASTRUCTURE_GDP_SCALE = 50000
   Monthly rates >100% should be rare. Verify this is intentional.
  ✅ RATES validated
  ✅ MULTIPLIERS validated
  ✅ BASELINES validated
  ✅ TOLERANCES validated
  ✅ Logical consistency validated
✅ Configuration validation complete - all parameters valid

🔍 DEBUG createAIAgent: corporate_0 economic BEFORE=2.0000, AFTER=2
🔍 ENV INIT: reserves=0.731, pollution=0.348, climate=0.754

=== Initializing Government System (30 Countries) ===
  Loaded 30 governments
  Scheduled elections for 30 countries
  Initialized comprehension lags (3-24 months)
=== Government System Initialized ===

📦 PRODUCTION MODE: State validation proxy DISABLED (zero overhead)
[TechTree] Historical mode (1990): Skipping deployed_2025 tech
  config.startYear set to 1990 for historical hindcast
  config.historicalEmissionsMode enabled (Phase 5: GCP emissions forcing for 1990)
  config.historicalMode enabled (Phase 11: dampened crisis systems for 1990)
  Phase 12: Biodiversity baseline set to 76.79% for 1990 (WWF LPI trajectory from 1970)
  Temperature anomaly (resourceEconomy.co2): 0.44°C
  Temperature vs pre-industrial: 1.14°C
  🌍 Carbon sink parameters (1990 baseline):
    Initial atmospheric CO2: 354.4 ppm
    Ocean absorption: 8.1 GtCO2/yr (2.2 GtC/yr)
    Land absorption: 5.1 GtCO2/yr (1.4 GtC/yr)
    Sink saturation: 12%
    Total sink capacity: 13.2 GtCO2/yr
  Regional population scaling for 1990:
    Current total: 8136M
    Target total: 5320M
    Scale factor: 0.654
    East Asia: 1677M → 1097M
    South Asia: 2048M → 1339M
    Sub-Saharan Africa: 1220M → 798M
    Europe: 742M → 485M
    Latin America: 664M → 434M
    North America: 380M → 248M
    Middle East & North Africa: 583M → 381M
    Southeast Asia: 698M → 456M
    Central Asia: 78M → 51M
    Oceania: 46M → 30M
  Food security (historical override): 82%
  Historical fertility initialization for 1990:
    East Asia: TFR 2.5
    South Asia: TFR 4.3
    Sub-Saharan Africa: TFR 6.3
    Europe: TFR 1.6
    Latin America: TFR 3.0
    North America: TFR 2.0
    Middle East & North Africa: TFR 4.6
    Southeast Asia: TFR 2.7
    Central Asia: TFR 2.7
    Oceania: TFR 2.4
  AI agents cleared: year=1990 (pre-AI era)
[HistoricalInitialization] Created state for 1990:
  CO2: 354.39 ppm
  Temp anomaly: 0.44C
  Population: 5.32B
  Global Gini: 38
  HDI: 0.6
  AI Agents: 0
  Volcanic forcing: 0.00 W/m² (AOD 0.000)
   Adjusted death rate: 0.70% annual (0.058% monthly)
   Baseline death rate: 0.70%
   Healthcare reduction: 1.00x
   Crisis multiplier: 1.00x
     Food/water stress: 0.000
     Climate stress: 0.000
     Pollution stress: 0.000
   War multiplier: 1.00x
   Monthly deaths: 0.6M (population: 1097M)
   Adjusted death rate: 1.00% annual (0.083% monthly)
   Baseline death rate: 1.00%
   Healthcare reduction: 1.00x
   Crisis multiplier: 1.00x
     Food/water stress: 0.000
     Climate stress: 0.000
     Pollution stress: 0.000
   War multiplier: 1.00x
   Monthly deaths: 1.1M (population: 1339M)

🔄 M-4 Time-Varying Demographics (1990):
  Region: Sub-Saharan Africa
  Birth rate: 5.20%
  Death rate: 1.30%
  Net growth: 3.90%
   Adjusted death rate: 1.30% annual (0.108% monthly)
   Baseline death rate: 1.30%
   Healthcare reduction: 1.00x
   Crisis multiplier: 1.00x
     Food/water stress: 0.000
     Climate stress: 0.000
     Pollution stress: 0.000
   War multiplier: 1.00x
   Monthly deaths: 0.9M (population: 798M)
   Adjusted death rate: 1.05% annual (0.088% monthly)

📊 BASELINE: East Asia (Month 0)

📊 BASELINE: South Asia (Month 0)

📊 BASELINE: Sub-Saharan Africa (Month 0)

📊 BASELINE: Europe (Month 0)

📊 BASELINE: Latin America (Month 0)

📊 BASELINE: North America (Month 0)
   Baseline death rate: 1.05%
   Healthcare reduction: 1.00x
   Crisis multiplier: 1.00x
     Food/water stress: 0.000
     Climate stress: 0.000
     Pollution stress: 0.000
   War multiplier: 1.00x
   Monthly deaths: 0.4M (population: 485M)
   Adjusted death rate: 0.65% annual (0.054% monthly)
   Baseline death rate: 0.65%
   Healthcare reduction: 1.00x
   Crisis multiplier: 1.00x
     Food/water stress: 0.000
     Climate stress: 0.000
     Pollution stress: 0.000
   War multiplier: 1.00x
   Monthly deaths: 0.2M (population: 434M)
   Adjusted death rate: 0.85% annual (0.071% monthly)
   Baseline death rate: 0.85%
   Healthcare reduction: 1.00x
   Crisis multiplier: 1.00x
     Food/water stress: 0.000
     Climate stress: 0.000
     Pollution stress: 0.000
   War multiplier: 1.00x
   Monthly deaths: 0.2M (population: 248M)
   Adjusted death rate: 0.70% annual (0.058% monthly)
   Baseline death rate: 0.70%
   Healthcare reduction: 1.00x
   Crisis multiplier: 1.00x
     Food/water stress: 0.000
     Climate stress: 0.000
     Pollution stress: 0.000
   War multiplier: 1.00x
   Monthly deaths: 0.2M (population: 381M)
   Adjusted death rate: 0.75% annual (0.063% monthly)
   Baseline death rate: 0.75%
   Healthcare reduction: 1.00x
   Crisis multiplier: 1.00x
     Food/water stress: 0.000
     Climate stress: 0.000
     Pollution stress: 0.000
   War multiplier: 1.00x
   Monthly deaths: 0.3M (population: 456M)

📊 BASELINE: Middle East & North Africa (Month 0)

📊 BASELINE: Southeast Asia (Month 0)

📊 BASELINE: Central Asia (Month 0)

📊 BASELINE: Oceania (Month 0)
   Adjusted death rate: 0.60% annual (0.050% monthly)
   Baseline death rate: 0.60%
   Healthcare reduction: 1.00x
   Crisis multiplier: 1.00x
     Food/water stress: 0.075
     Climate stress: 0.064
     Pollution stress: 0.104
   War multiplier: 1.00x
   Monthly deaths: 0.0M (population: 51M)
   Adjusted death rate: 0.70% annual (0.058% monthly)
   Baseline death rate: 0.70%
   Healthcare reduction: 1.00x
   Crisis multiplier: 1.00x
     Food/water stress: 0.075
     Climate stress: 0.054
     Pollution stress: 0.104
   War multiplier: 1.00x
   Monthly deaths: 0.0M (population: 30M)
  ✅ THRESHOLDS validated
  ✅ RATES validated
  ✅ MULTIPLIERS validated
  ✅ BASELINES validated
  ✅ TOLERANCES validated
  ✅ Logical consistency validated
⚠️ Unusually high rate: RATES.HEAT_ADAPTATION_INFRASTRUCTURAL_MIN_EXPOSURE = 12
   Monthly rates >100% should be rare. Verify this is intentional.
⚠️ Unusually high rate: RATES.HEAT_ADAPTATION_SOCIAL_MIN_EXPOSURE = 6
   Monthly rates >100% should be rare. Verify this is intentional.
⚠️ Unusually high rate: RATES.MIGRATION_DISTANCE_SCALE = 5000
   Monthly rates >100% should be rare. Verify this is intentional.
⚠️ Unusually high rate: RATES.EVACUATION_MULTIPLIER_ADVANCE_WARNING = 2
   Monthly rates >100% should be rare. Verify this is intentional.
⚠️ Unusually high rate: RATES.MAJOR_ECONOMY_COLLAPSE_ECONOMIC_THRESHOLD = 2
   Monthly rates >100% should be rare. Verify this is intentional.
⚠️ Unusually high rate: RATES.MAJOR_ECONOMY_GDP_THRESHOLD_TRILLION_USD = 1.5
   Monthly rates >100% should be rare. Verify this is intentional.
⚠️ Unusually high rate: RATES.MAJOR_ECONOMY_POPULATION_THRESHOLD = 50
   Monthly rates >100% should be rare. Verify this is intentional.
⚠️ Unusually high rate: RATES.HEAT_ADAPTATION_INFRASTRUCTURE_GDP_THRESHOLD = 10000
   Monthly rates >100% should be rare. Verify this is intentional.
⚠️ Unusually high rate: RATES.HEAT_ADAPTATION_INFRASTRUCTURE_GDP_SCALE = 50000
   Monthly rates >100% should be rare. Verify this is intentional.
✅ Configuration validation complete - all parameters valid

🔍 DEBUG createAIAgent: corporate_0 economic BEFORE=2.0000, AFTER=2
🔍 ENV INIT: reserves=0.619, pollution=0.221, climate=0.780

=== Initializing Government System (30 Countries) ===
  Loaded 30 governments
  Scheduled elections for 30 countries
  Initialized comprehension lags (3-24 months)
=== Government System Initialized ===

📦 PRODUCTION MODE: State validation proxy DISABLED (zero overhead)
📦 PRODUCTION MODE: State validation proxy DISABLED (zero overhead)

📊 BASELINE: East Asia (Month 0)
   Adjusted death rate: 0.45% annual (0.037% monthly)
   Baseline death rate: 0.80%
   Healthcare reduction: 0.48x
   Crisis multiplier: 1.18x
     Food/water stress: 0.075
     Climate stress: 0.035
     Pollution stress: 0.066
   War multiplier: 1.00x
   Monthly deaths: 0.0M (population: 0M)
   Adjusted death rate: 0.52% annual (0.043% monthly)
   Baseline death rate: 0.70%
   Healthcare reduction: 0.61x

📊 BASELINE: South Asia (Month 0)
   Crisis multiplier: 1.21x
     Food/water stress: 0.075
     Climate stress: 0.066
     Pollution stress: 0.066
   War multiplier: 1.00x
   Monthly deaths: 0.9M (population: 2048M)
   Adjusted death rate: 1.24% annual (0.103% monthly)
   Baseline death rate: 0.90%
   Healthcare reduction: 0.76x
   Crisis multiplier: 1.22x
     Food/water stress: 0.075
     Climate stress: 0.075
     Pollution stress: 0.066
   War multiplier: 1.50x
   Monthly deaths: 1.3M (population: 1220M)
   Adjusted death rate: 0.52% annual (0.043% monthly)
   Baseline death rate: 1.10%
   Healthcare reduction: 0.41x
   Crisis multiplier: 1.17x
     Food/water stress: 0.075
     Climate stress: 0.026
     Pollution stress: 0.066
   War multiplier: 1.00x
   Monthly deaths: 0.3M (population: 742M)
   Adjusted death rate: 0.42% annual (0.035% monthly)
   Baseline death rate: 0.60%
   Healthcare reduction: 0.58x

📊 BASELINE: Sub-Saharan Africa (Month 0)

📊 BASELINE: Europe (Month 0)

📊 BASELINE: Latin America (Month 0)
   Crisis multiplier: 1.19x
     Food/water stress: 0.075
     Climate stress: 0.053
     Pollution stress: 0.066
   War multiplier: 1.00x
   Monthly deaths: 0.2M (population: 664M)

📊 BASELINE: North America (Month 0)
   Adjusted death rate: 0.47% annual (0.039% monthly)
   Baseline death rate: 0.90%
   Healthcare reduction: 0.44x
   Crisis multiplier: 1.18x
     Food/water stress: 0.075
     Climate stress: 0.040
     Pollution stress: 0.066
   War multiplier: 1.00x
   Monthly deaths: 0.1M (population: 380M)
   Adjusted death rate: 0.71% annual (0.059% monthly)
   Baseline death rate: 0.60%

📊 BASELINE: Middle East & North Africa (Month 0)
   Healthcare reduction: 0.65x
   Crisis multiplier: 1.22x
     Food/water stress: 0.075
     Climate stress: 0.079
     Pollution stress: 0.066
   War multiplier: 1.50x
   Monthly deaths: 0.3M (population: 583M)
   Adjusted death rate: 0.49% annual (0.041% monthly)
   Baseline death rate: 0.70%
   Healthcare reduction: 0.58x
   Crisis multiplier: 1.20x
     Food/water stress: 0.075
     Climate stress: 0.062
     Pollution stress: 0.066
   War multiplier: 1.00x
   Monthly deaths: 0.3M (population: 698M)
   Adjusted death rate: 0.44% annual (0.037% monthly)
   Baseline death rate: 0.60%
   Healthcare reduction: 0.61x
   Crisis multiplier: 1.20x

📊 BASELINE: Southeast Asia (Month 0)

📊 BASELINE: Central Asia (Month 0)
     Food/water stress: 0.075
     Climate stress: 0.057
     Pollution stress: 0.066
   War multiplier: 1.00x
   Monthly deaths: 0.0M (population: 78M)
   Adjusted death rate: 0.34% annual (0.028% monthly)
   Baseline death rate: 0.70%
   Healthcare reduction: 0.41x
   Crisis multiplier: 1.19x
     Food/water stress: 0.075
     Climate stress: 0.048
     Pollution stress: 0.066
   War multiplier: 1.00x
   Monthly deaths: 0.0M (population: 46M)
  ✅ THRESHOLDS validated
  ✅ RATES validated

📊 BASELINE: Oceania (Month 0)
⚠️ Unusually high rate: RATES.HEAT_ADAPTATION_INFRASTRUCTURAL_MIN_EXPOSURE = 12
   Monthly rates >100% should be rare. Verify this is intentional.
⚠️ Unusually high rate: RATES.HEAT_ADAPTATION_SOCIAL_MIN_EXPOSURE = 6
   Monthly rates >100% should be rare. Verify this is intentional.
⚠️ Unusually high rate: RATES.MIGRATION_DISTANCE_SCALE = 5000
   Monthly rates >100% should be rare. Verify this is intentional.
⚠️ Unusually high rate: RATES.EVACUATION_MULTIPLIER_ADVANCE_WARNING = 2
   Monthly rates >100% should be rare. Verify this is intentional.
⚠️ Unusually high rate: RATES.MAJOR_ECONOMY_COLLAPSE_ECONOMIC_THRESHOLD = 2
   Monthly rates >100% should be rare. Verify this is intentional.
⚠️ Unusually high rate: RATES.MAJOR_ECONOMY_GDP_THRESHOLD_TRILLION_USD = 1.5
   Monthly rates >100% should be rare. Verify this is intentional.
⚠️ Unusually high rate: RATES.MAJOR_ECONOMY_POPULATION_THRESHOLD = 50
   Monthly rates >100% should be rare. Verify this is intentional.
⚠️ Unusually high rate: RATES.HEAT_ADAPTATION_INFRASTRUCTURE_GDP_THRESHOLD = 10000
   Monthly rates >100% should be rare. Verify this is intentional.
⚠️ Unusually high rate: RATES.HEAT_ADAPTATION_INFRASTRUCTURE_GDP_SCALE = 50000
   Monthly rates >100% should be rare. Verify this is intentional.
  ✅ MULTIPLIERS validated
  ✅ BASELINES validated
  ✅ TOLERANCES validated
  ✅ Logical consistency validated
✅ Configuration validation complete - all parameters valid

🔍 DEBUG createAIAgent: corporate_0 economic BEFORE=2.0000, AFTER=2
🔍 ENV INIT: reserves=0.619, pollution=0.221, climate=0.780

=== Initializing Government System (30 Countries) ===
  Loaded 30 governments
  Scheduled elections for 30 countries
  Initialized comprehension lags (3-24 months)
=== Government System Initialized ===

📦 PRODUCTION MODE: State validation proxy DISABLED (zero overhead)
📦 PRODUCTION MODE: State validation proxy DISABLED (zero overhead)

📊 BASELINE: East Asia (Month 0)

📊 BASELINE: South Asia (Month 0)

📊 BASELINE: Sub-Saharan Africa (Month 0)

📊 BASELINE: Europe (Month 0)

📊 BASELINE: Latin America (Month 0)
   Adjusted death rate: 0.45% annual (0.037% monthly)
   Baseline death rate: 0.80%
   Healthcare reduction: 0.48x
   Crisis multiplier: 1.18x
     Food/water stress: 0.075
     Climate stress: 0.035
     Pollution stress: 0.066
   War multiplier: 1.00x
   Monthly deaths: 0.6M (population: 1677M)
   Adjusted death rate: 0.52% annual (0.043% monthly)
   Baseline death rate: 0.70%
   Healthcare reduction: 0.61x
   Crisis multiplier: 1.21x
     Food/water stress: 0.075
     Climate stress: 0.066
     Pollution stress: 0.066
   War multiplier: 1.00x
   Monthly deaths: 0.9M (population: 2048M)
   Adjusted death rate: 1.24% annual (0.103% monthly)
   Baseline death rate: 0.90%
   Healthcare reduction: 0.76x
   Crisis multiplier: 1.22x
     Food/water stress: 0.075
     Climate stress: 0.075
     Pollution stress: 0.066
   War multiplier: 1.50x
   Monthly deaths: 1.3M (population: 1220M)
   Adjusted death rate: 0.52% annual (0.043% monthly)
   Baseline death rate: 1.10%
   Healthcare reduction: 0.41x
   Crisis multiplier: 1.17x
     Food/water stress: 0.075
     Climate stress: 0.026
     Pollution stress: 0.066
   War multiplier: 1.00x
   Monthly deaths: 0.3M (population: 742M)
   Adjusted death rate: 0.42% annual (0.035% monthly)
   Baseline death rate: 0.60%
   Healthcare reduction: 0.58x
   Crisis multiplier: 1.19x
     Food/water stress: 0.075
     Climate stress: 0.053
     Pollution stress: 0.066
   War multiplier: 1.00x
   Monthly deaths: 0.2M (population: 664M)

📊 BASELINE: North America (Month 0)

📊 BASELINE: Middle East & North Africa (Month 0)
   Adjusted death rate: 0.47% annual (0.039% monthly)
   Baseline death rate: 0.90%
   Healthcare reduction: 0.44x
   Crisis multiplier: 1.18x
     Food/water stress: 0.075
     Climate stress: 0.040
     Pollution stress: 0.066
   War multiplier: 1.00x
   Monthly deaths: 0.1M (population: 380M)
   Adjusted death rate: 0.71% annual (0.059% monthly)
   Baseline death rate: 0.60%
   Healthcare reduction: 0.65x
   Crisis multiplier: 1.22x
     Food/water stress: 0.075
     Climate stress: 0.079
     Pollution stress: 0.066
   War multiplier: 1.50x
   Monthly deaths: 0.3M (population: 583M)

📊 BASELINE: Southeast Asia (Month 0)
   Adjusted death rate: 0.49% annual (0.041% monthly)
   Baseline death rate: 0.70%
   Healthcare reduction: 0.58x
   Crisis multiplier: 1.20x
     Food/water stress: 0.075
     Climate stress: 0.062
     Pollution stress: 0.066
   War multiplier: 1.00x
   Monthly deaths: 0.3M (population: 698M)
   Adjusted death rate: 0.44% annual (0.037% monthly)
   Baseline death rate: 0.60%
   Healthcare reduction: 0.61x
   Crisis multiplier: 1.20x
     Food/water stress: 0.075
     Climate stress: 0.057
     Pollution stress: 0.066
   War multiplier: 1.00x
   Monthly deaths: 0.0M (population: 78M)

📊 BASELINE: Central Asia (Month 0)

📊 BASELINE: Oceania (Month 0)
   Adjusted death rate: 0.34% annual (0.028% monthly)
   Baseline death rate: 0.70%
   Healthcare reduction: 0.41x
   Crisis multiplier: 1.19x
     Food/water stress: 0.075
     Climate stress: 0.048
     Pollution stress: 0.066
   War multiplier: 1.00x
   Monthly deaths: 0.0M (population: 46M)
  ✅ THRESHOLDS validated
  ✅ RATES validated
  ✅ MULTIPLIERS validated
⚠️ Unusually high rate: RATES.HEAT_ADAPTATION_INFRASTRUCTURAL_MIN_EXPOSURE = 12
   Monthly rates >100% should be rare. Verify this is intentional.
⚠️ Unusually high rate: RATES.HEAT_ADAPTATION_SOCIAL_MIN_EXPOSURE = 6
   Monthly rates >100% should be rare. Verify this is intentional.
⚠️ Unusually high rate: RATES.MIGRATION_DISTANCE_SCALE = 5000
   Monthly rates >100% should be rare. Verify this is intentional.
⚠️ Unusually high rate: RATES.EVACUATION_MULTIPLIER_ADVANCE_WARNING = 2
   Monthly rates >100% should be rare. Verify this is intentional.
⚠️ Unusually high rate: RATES.MAJOR_ECONOMY_COLLAPSE_ECONOMIC_THRESHOLD = 2
   Monthly rates >100% should be rare. Verify this is intentional.
⚠️ Unusually high rate: RATES.MAJOR_ECONOMY_GDP_THRESHOLD_TRILLION_USD = 1.5
   Monthly rates >100% should be rare. Verify this is intentional.
⚠️ Unusually high rate: RATES.MAJOR_ECONOMY_POPULATION_THRESHOLD = 50
   Monthly rates >100% should be rare. Verify this is intentional.
⚠️ Unusually high rate: RATES.HEAT_ADAPTATION_INFRASTRUCTURE_GDP_THRESHOLD = 10000
   Monthly rates >100% should be rare. Verify this is intentional.
⚠️ Unusually high rate: RATES.HEAT_ADAPTATION_INFRASTRUCTURE_GDP_SCALE = 50000
   Monthly rates >100% should be rare. Verify this is intentional.
  ✅ BASELINES validated
  ✅ TOLERANCES validated
  ✅ Logical consistency validated
✅ Configuration validation complete - all parameters valid

🔍 DEBUG createAIAgent: corporate_0 economic BEFORE=2.0000, AFTER=2
🔍 ENV INIT: reserves=0.619, pollution=0.221, climate=0.780

=== Initializing Government System (30 Countries) ===
  Loaded 30 governments
  Scheduled elections for 30 countries
  Initialized comprehension lags (3-24 months)
=== Government System Initialized ===

📦 PRODUCTION MODE: State validation proxy DISABLED (zero overhead)
📦 PRODUCTION MODE: State validation proxy DISABLED (zero overhead)
   Adjusted death rate: 0.45% annual (0.037% monthly)
   Baseline death rate: 0.80%
   Healthcare reduction: 0.48x
   Crisis multiplier: 1.18x
     Food/water stress: 0.075
     Climate stress: 0.035
     Pollution stress: 0.066
   War multiplier: 1.00x
   Monthly deaths: 0.6M (population: 1677M)
   Adjusted death rate: 0.52% annual (0.043% monthly)
   Baseline death rate: 0.70%
   Healthcare reduction: 0.61x
   Crisis multiplier: 1.21x
     Food/water stress: 0.075
     Climate stress: 0.066
     Pollution stress: 0.066
   War multiplier: 1.00x
   Monthly deaths: 0.9M (population: 2048M)
   Adjusted death rate: 1.24% annual (0.103% monthly)
   Baseline death rate: 0.90%
   Healthcare reduction: 0.76x
   Crisis multiplier: 1.22x
     Food/water stress: 0.075
     Climate stress: 0.075
     Pollution stress: 0.066
   War multiplier: 1.50x
   Monthly deaths: 1.3M (population: 1220M)
   Adjusted death rate: 0.52% annual (0.043% monthly)
   Baseline death rate: 1.10%
   Healthcare reduction: 0.41x
   Crisis multiplier: 1.17x
     Food/water stress: 0.075
     Climate stress: 0.026
     Pollution stress: 0.066
   War multiplier: 1.00x
   Monthly deaths: 0.3M (population: 742M)
   Adjusted death rate: 0.42% annual (0.035% monthly)
   Baseline death rate: 0.60%
   Healthcare reduction: 0.58x
   Crisis multiplier: 1.19x
     Food/water stress: 0.075
     Climate stress: 0.053
     Pollution stress: 0.066
   War multiplier: 1.00x
   Monthly deaths: 0.2M (population: 664M)
   Adjusted death rate: 0.47% annual (0.039% monthly)
   Baseline death rate: 0.90%
   Healthcare reduction: 0.44x
   Crisis multiplier: 1.18x
     Food/water stress: 0.075
     Climate stress: 0.040
     Pollution stress: 0.066
   War multiplier: 1.00x
   Monthly deaths: 0.1M (population: 380M)
   Adjusted death rate: 0.71% annual (0.059% monthly)
   Baseline death rate: 0.60%
   Healthcare reduction: 0.65x
   Crisis multiplier: 1.22x
     Food/water stress: 0.075
     Climate stress: 0.079
     Pollution stress: 0.066
   War multiplier: 1.50x
   Monthly deaths: 0.3M (population: 583M)
   Adjusted death rate: 0.49% annual (0.041% monthly)
   Baseline death rate: 0.70%
   Healthcare reduction: 0.58x
   Crisis multiplier: 1.20x
     Food/water stress: 0.075
     Climate stress: 0.062
     Pollution stress: 0.066
   War multiplier: 1.00x
   Monthly deaths: 0.3M (population: 698M)
   Adjusted death rate: 0.44% annual (0.037% monthly)
   Baseline death rate: 0.60%
   Healthcare reduction: 0.61x
   Crisis multiplier: 1.20x
     Food/water stress: 0.075
     Climate stress: 0.057
     Pollution stress: 0.066
   War multiplier: 1.00x
   Monthly deaths: 0.0M (population: 78M)
   Adjusted death rate: 0.34% annual (0.028% monthly)
   Baseline death rate: 0.70%
   Healthcare reduction: 0.41x
   Crisis multiplier: 1.19x
     Food/water stress: 0.075
     Climate stress: 0.048
     Pollution stress: 0.066
   War multiplier: 1.00x
   Monthly deaths: 0.0M (population: 46M)
  ✅ THRESHOLDS validated

📊 BASELINE: East Asia (Month 0)

📊 BASELINE: South Asia (Month 0)

📊 BASELINE: Sub-Saharan Africa (Month 0)

📊 BASELINE: Europe (Month 0)

📊 BASELINE: Latin America (Month 0)

📊 BASELINE: North America (Month 0)

📊 BASELINE: Middle East & North Africa (Month 0)

📊 BASELINE: Southeast Asia (Month 0)

📊 BASELINE: Central Asia (Month 0)

📊 BASELINE: Oceania (Month 0)
⚠️ Unusually high rate: RATES.HEAT_ADAPTATION_INFRASTRUCTURAL_MIN_EXPOSURE = 12
   Monthly rates >100% should be rare. Verify this is intentional.
⚠️ Unusually high rate: RATES.HEAT_ADAPTATION_SOCIAL_MIN_EXPOSURE = 6
   Monthly rates >100% should be rare. Verify this is intentional.
⚠️ Unusually high rate: RATES.MIGRATION_DISTANCE_SCALE = 5000
   Monthly rates >100% should be rare. Verify this is intentional.
⚠️ Unusually high rate: RATES.EVACUATION_MULTIPLIER_ADVANCE_WARNING = 2
   Monthly rates >100% should be rare. Verify this is intentional.
⚠️ Unusually high rate: RATES.MAJOR_ECONOMY_COLLAPSE_ECONOMIC_THRESHOLD = 2
   Monthly rates >100% should be rare. Verify this is intentional.
⚠️ Unusually high rate: RATES.MAJOR_ECONOMY_GDP_THRESHOLD_TRILLION_USD = 1.5
   Monthly rates >100% should be rare. Verify this is intentional.
⚠️ Unusually high rate: RATES.MAJOR_ECONOMY_POPULATION_THRESHOLD = 50
   Monthly rates >100% should be rare. Verify this is intentional.
⚠️ Unusually high rate: RATES.HEAT_ADAPTATION_INFRASTRUCTURE_GDP_THRESHOLD = 10000
   Monthly rates >100% should be rare. Verify this is intentional.
⚠️ Unusually high rate: RATES.HEAT_ADAPTATION_INFRASTRUCTURE_GDP_SCALE = 50000
   Monthly rates >100% should be rare. Verify this is intentional.
  ✅ RATES validated
  ✅ MULTIPLIERS validated
  ✅ BASELINES validated
  ✅ TOLERANCES validated
  ✅ Logical consistency validated
✅ Configuration validation complete - all parameters valid

🔍 DEBUG createAIAgent: corporate_0 economic BEFORE=2.0000, AFTER=2
🔍 ENV INIT: reserves=0.619, pollution=0.221, climate=0.780

=== Initializing Government System (30 Countries) ===
  Loaded 30 governments
  Scheduled elections for 30 countries
  Initialized comprehension lags (3-24 months)
=== Government System Initialized ===

📦 PRODUCTION MODE: State validation proxy DISABLED (zero overhead)
📦 PRODUCTION MODE: State validation proxy DISABLED (zero overhead)
❌ NaN in food.reserves at month 0
  ✅ THRESHOLDS validated
  ✅ RATES validated
  ✅ MULTIPLIERS validated
  ✅ BASELINES validated
  ✅ TOLERANCES validated
  ✅ Logical consistency validated
✅ Configuration validation complete - all parameters valid

⚠️ Unusually high rate: RATES.HEAT_ADAPTATION_INFRASTRUCTURAL_MIN_EXPOSURE = 12
   Monthly rates >100% should be rare. Verify this is intentional.
⚠️ Unusually high rate: RATES.HEAT_ADAPTATION_SOCIAL_MIN_EXPOSURE = 6
   Monthly rates >100% should be rare. Verify this is intentional.
⚠️ Unusually high rate: RATES.MIGRATION_DISTANCE_SCALE = 5000
   Monthly rates >100% should be rare. Verify this is intentional.
⚠️ Unusually high rate: RATES.EVACUATION_MULTIPLIER_ADVANCE_WARNING = 2
   Monthly rates >100% should be rare. Verify this is intentional.
⚠️ Unusually high rate: RATES.MAJOR_ECONOMY_COLLAPSE_ECONOMIC_THRESHOLD = 2
   Monthly rates >100% should be rare. Verify this is intentional.
⚠️ Unusually high rate: RATES.MAJOR_ECONOMY_GDP_THRESHOLD_TRILLION_USD = 1.5
   Monthly rates >100% should be rare. Verify this is intentional.
⚠️ Unusually high rate: RATES.MAJOR_ECONOMY_POPULATION_THRESHOLD = 50
   Monthly rates >100% should be rare. Verify this is intentional.
⚠️ Unusually high rate: RATES.HEAT_ADAPTATION_INFRASTRUCTURE_GDP_THRESHOLD = 10000
   Monthly rates >100% should be rare. Verify this is intentional.
⚠️ Unusually high rate: RATES.HEAT_ADAPTATION_INFRASTRUCTURE_GDP_SCALE = 50000
   Monthly rates >100% should be rare. Verify this is intentional.
🔍 DEBUG createAIAgent: corporate_0 economic BEFORE=2.0000, AFTER=2
🔍 ENV INIT: reserves=0.731, pollution=0.348, climate=0.754

=== Initializing Government System (30 Countries) ===
  Loaded 30 governments
  Scheduled elections for 30 countries
  Initialized comprehension lags (3-24 months)
=== Government System Initialized ===

📦 PRODUCTION MODE: State validation proxy DISABLED (zero overhead)
[TechTree] Historical mode (1990): Skipping deployed_2025 tech
  config.startYear set to 1990 for historical hindcast
  config.historicalEmissionsMode enabled (Phase 5: GCP emissions forcing for 1990)
  config.historicalMode enabled (Phase 11: dampened crisis systems for 1990)
  Phase 12: Biodiversity baseline set to 76.79% for 1990 (WWF LPI trajectory from 1970)
  Temperature anomaly (resourceEconomy.co2): 0.44°C
  Temperature vs pre-industrial: 1.14°C
  🌍 Carbon sink parameters (1990 baseline):
    Initial atmospheric CO2: 354.4 ppm
    Ocean absorption: 8.1 GtCO2/yr (2.2 GtC/yr)
    Land absorption: 5.1 GtCO2/yr (1.4 GtC/yr)
    Sink saturation: 12%
    Total sink capacity: 13.2 GtCO2/yr
  Regional population scaling for 1990:
    Current total: 8136M
    Target total: 5320M
    Scale factor: 0.654
    East Asia: 1677M → 1097M
    South Asia: 2048M → 1339M
    Sub-Saharan Africa: 1220M → 798M
    Europe: 742M → 485M
    Latin America: 664M → 434M
    North America: 380M → 248M
    Middle East & North Africa: 583M → 381M
    Southeast Asia: 698M → 456M
    Central Asia: 78M → 51M
    Oceania: 46M → 30M
  Food security (historical override): 82%
  Historical fertility initialization for 1990:
    East Asia: TFR 2.5
    South Asia: TFR 4.3
    Sub-Saharan Africa: TFR 6.3
    Europe: TFR 1.6
    Latin America: TFR 3.0
    North America: TFR 2.0
    Middle East & North Africa: TFR 4.6
    Southeast Asia: TFR 2.7
    Central Asia: TFR 2.7
    Oceania: TFR 2.4
  AI agents cleared: year=1990 (pre-AI era)
[HistoricalInitialization] Created state for 1990:
  CO2: 354.39 ppm
  Temp anomaly: 0.44C
  Population: 5.32B
  Global Gini: 38
  HDI: 0.6
  AI Agents: 0
  Volcanic forcing: 0.00 W/m² (AOD 0.000)
  ✅ THRESHOLDS validated
⚠️ Unusually high rate: RATES.HEAT_ADAPTATION_INFRASTRUCTURAL_MIN_EXPOSURE = 12
   Monthly rates >100% should be rare. Verify this is intentional.
⚠️ Unusually high rate: RATES.HEAT_ADAPTATION_SOCIAL_MIN_EXPOSURE = 6
   Monthly rates >100% should be rare. Verify this is intentional.
⚠️ Unusually high rate: RATES.MIGRATION_DISTANCE_SCALE = 5000
   Monthly rates >100% should be rare. Verify this is intentional.
⚠️ Unusually high rate: RATES.EVACUATION_MULTIPLIER_ADVANCE_WARNING = 2
   Monthly rates >100% should be rare. Verify this is intentional.
⚠️ Unusually high rate: RATES.MAJOR_ECONOMY_COLLAPSE_ECONOMIC_THRESHOLD = 2
   Monthly rates >100% should be rare. Verify this is intentional.
⚠️ Unusually high rate: RATES.MAJOR_ECONOMY_GDP_THRESHOLD_TRILLION_USD = 1.5
   Monthly rates >100% should be rare. Verify this is intentional.
⚠️ Unusually high rate: RATES.MAJOR_ECONOMY_POPULATION_THRESHOLD = 50
   Monthly rates >100% should be rare. Verify this is intentional.
⚠️ Unusually high rate: RATES.HEAT_ADAPTATION_INFRASTRUCTURE_GDP_THRESHOLD = 10000
   Monthly rates >100% should be rare. Verify this is intentional.
⚠️ Unusually high rate: RATES.HEAT_ADAPTATION_INFRASTRUCTURE_GDP_SCALE = 50000
   Monthly rates >100% should be rare. Verify this is intentional.
  ✅ RATES validated
  ✅ MULTIPLIERS validated
  ✅ BASELINES validated
  ✅ TOLERANCES validated
  ✅ Logical consistency validated
✅ Configuration validation complete - all parameters valid

🔍 DEBUG createAIAgent: corporate_0 economic BEFORE=2.0000, AFTER=2
🔍 ENV INIT: reserves=0.731, pollution=0.348, climate=0.754

=== Initializing Government System (30 Countries) ===
  Loaded 30 governments
  Scheduled elections for 30 countries
  Initialized comprehension lags (3-24 months)
=== Government System Initialized ===

📦 PRODUCTION MODE: State validation proxy DISABLED (zero overhead)
[TechTree] Historical mode (1990): Skipping deployed_2025 tech
  config.startYear set to 1990 for historical hindcast
  config.historicalEmissionsMode enabled (Phase 5: GCP emissions forcing for 1990)
  config.historicalMode enabled (Phase 11: dampened crisis systems for 1990)
  Phase 12: Biodiversity baseline set to 76.79% for 1990 (WWF LPI trajectory from 1970)
  Temperature anomaly (resourceEconomy.co2): 0.44°C
  Temperature vs pre-industrial: 1.14°C
  🌍 Carbon sink parameters (1990 baseline):
    Initial atmospheric CO2: 354.4 ppm
    Ocean absorption: 8.1 GtCO2/yr (2.2 GtC/yr)
    Land absorption: 5.1 GtCO2/yr (1.4 GtC/yr)
    Sink saturation: 12%
    Total sink capacity: 13.2 GtCO2/yr
  Regional population scaling for 1990:
    Current total: 8136M
    Target total: 5320M
    Scale factor: 0.654
    East Asia: 1677M → 1097M
    South Asia: 2048M → 1339M
    Sub-Saharan Africa: 1220M → 798M
    Europe: 742M → 485M
    Latin America: 664M → 434M
    North America: 380M → 248M
    Middle East & North Africa: 583M → 381M
    Southeast Asia: 698M → 456M
    Central Asia: 78M → 51M
    Oceania: 46M → 30M
  Food security (historical override): 82%
  Historical fertility initialization for 1990:
    East Asia: TFR 2.5
    South Asia: TFR 4.3
    Sub-Saharan Africa: TFR 6.3
    Europe: TFR 1.6
    Latin America: TFR 3.0
    North America: TFR 2.0
    Middle East & North Africa: TFR 4.6
    Southeast Asia: TFR 2.7
    Central Asia: TFR 2.7
    Oceania: TFR 2.4
  AI agents cleared: year=1990 (pre-AI era)
[HistoricalInitialization] Created state for 1990:
  CO2: 354.39 ppm
  Temp anomaly: 0.44C
  Population: 5.32B
  Global Gini: 38
  HDI: 0.6
  AI Agents: 0
  Volcanic forcing: 0.00 W/m² (AOD 0.000)
  ✅ THRESHOLDS validated
  ✅ RATES validated
  ✅ MULTIPLIERS validated
  ✅ BASELINES validated
  ✅ TOLERANCES validated
  ✅ Logical consistency validated
✅ Configuration validation complete - all parameters valid

🔍 DEBUG createAIAgent: corporate_0 economic BEFORE=2.0000, AFTER=2
⚠️ Unusually high rate: RATES.HEAT_ADAPTATION_INFRASTRUCTURAL_MIN_EXPOSURE = 12
   Monthly rates >100% should be rare. Verify this is intentional.
⚠️ Unusually high rate: RATES.HEAT_ADAPTATION_SOCIAL_MIN_EXPOSURE = 6
   Monthly rates >100% should be rare. Verify this is intentional.
⚠️ Unusually high rate: RATES.MIGRATION_DISTANCE_SCALE = 5000
   Monthly rates >100% should be rare. Verify this is intentional.
⚠️ Unusually high rate: RATES.EVACUATION_MULTIPLIER_ADVANCE_WARNING = 2
   Monthly rates >100% should be rare. Verify this is intentional.
⚠️ Unusually high rate: RATES.MAJOR_ECONOMY_COLLAPSE_ECONOMIC_THRESHOLD = 2
   Monthly rates >100% should be rare. Verify this is intentional.
⚠️ Unusually high rate: RATES.MAJOR_ECONOMY_GDP_THRESHOLD_TRILLION_USD = 1.5
   Monthly rates >100% should be rare. Verify this is intentional.
⚠️ Unusually high rate: RATES.MAJOR_ECONOMY_POPULATION_THRESHOLD = 50
   Monthly rates >100% should be rare. Verify this is intentional.
⚠️ Unusually high rate: RATES.HEAT_ADAPTATION_INFRASTRUCTURE_GDP_THRESHOLD = 10000
   Monthly rates >100% should be rare. Verify this is intentional.
⚠️ Unusually high rate: RATES.HEAT_ADAPTATION_INFRASTRUCTURE_GDP_SCALE = 50000
   Monthly rates >100% should be rare. Verify this is intentional.
🔍 ENV INIT: reserves=0.731, pollution=0.348, climate=0.754

=== Initializing Government System (30 Countries) ===
  Loaded 30 governments
  Scheduled elections for 30 countries
  Initialized comprehension lags (3-24 months)
=== Government System Initialized ===

📦 PRODUCTION MODE: State validation proxy DISABLED (zero overhead)
[TechTree] Historical mode (1990): Skipping deployed_2025 tech
  config.startYear set to 1990 for historical hindcast
  config.historicalEmissionsMode enabled (Phase 5: GCP emissions forcing for 1990)
  config.historicalMode enabled (Phase 11: dampened crisis systems for 1990)
  Phase 12: Biodiversity baseline set to 76.79% for 1990 (WWF LPI trajectory from 1970)
  Temperature anomaly (resourceEconomy.co2): 0.44°C
  Temperature vs pre-industrial: 1.14°C
  🌍 Carbon sink parameters (1990 baseline):
    Initial atmospheric CO2: 354.4 ppm
    Ocean absorption: 8.1 GtCO2/yr (2.2 GtC/yr)
    Land absorption: 5.1 GtCO2/yr (1.4 GtC/yr)
    Sink saturation: 12%
    Total sink capacity: 13.2 GtCO2/yr
  Regional population scaling for 1990:
    Current total: 8136M
    Target total: 5320M
    Scale factor: 0.654
    East Asia: 1677M → 1097M
    South Asia: 2048M → 1339M
    Sub-Saharan Africa: 1220M → 798M
    Europe: 742M → 485M
    Latin America: 664M → 434M
    North America: 380M → 248M
    Middle East & North Africa: 583M → 381M
    Southeast Asia: 698M → 456M
    Central Asia: 78M → 51M
    Oceania: 46M → 30M
  Food security (historical override): 82%
  Historical fertility initialization for 1990:
    East Asia: TFR 2.5
    South Asia: TFR 4.3
    Sub-Saharan Africa: TFR 6.3
    Europe: TFR 1.6
    Latin America: TFR 3.0
    North America: TFR 2.0
    Middle East & North Africa: TFR 4.6
    Southeast Asia: TFR 2.7
    Central Asia: TFR 2.7
    Oceania: TFR 2.4
  AI agents cleared: year=1990 (pre-AI era)
[HistoricalInitialization] Created state for 1990:
  CO2: 354.39 ppm
  Temp anomaly: 0.44C
  Population: 5.32B
  Global Gini: 38
  HDI: 0.6
  AI Agents: 0
  Volcanic forcing: 0.00 W/m² (AOD 0.000)
  ✅ THRESHOLDS validated
  ✅ RATES validated
  ✅ MULTIPLIERS validated
  ✅ BASELINES validated
  ✅ TOLERANCES validated
  ✅ Logical consistency validated
✅ Configuration validation complete - all parameters valid

🔍 DEBUG createAIAgent: corporate_0 economic BEFORE=2.0000, AFTER=2
⚠️ Unusually high rate: RATES.HEAT_ADAPTATION_INFRASTRUCTURAL_MIN_EXPOSURE = 12
   Monthly rates >100% should be rare. Verify this is intentional.
⚠️ Unusually high rate: RATES.HEAT_ADAPTATION_SOCIAL_MIN_EXPOSURE = 6
   Monthly rates >100% should be rare. Verify this is intentional.
⚠️ Unusually high rate: RATES.MIGRATION_DISTANCE_SCALE = 5000
   Monthly rates >100% should be rare. Verify this is intentional.
⚠️ Unusually high rate: RATES.EVACUATION_MULTIPLIER_ADVANCE_WARNING = 2
   Monthly rates >100% should be rare. Verify this is intentional.
⚠️ Unusually high rate: RATES.MAJOR_ECONOMY_COLLAPSE_ECONOMIC_THRESHOLD = 2
   Monthly rates >100% should be rare. Verify this is intentional.
⚠️ Unusually high rate: RATES.MAJOR_ECONOMY_GDP_THRESHOLD_TRILLION_USD = 1.5
   Monthly rates >100% should be rare. Verify this is intentional.
⚠️ Unusually high rate: RATES.MAJOR_ECONOMY_POPULATION_THRESHOLD = 50
   Monthly rates >100% should be rare. Verify this is intentional.
⚠️ Unusually high rate: RATES.HEAT_ADAPTATION_INFRASTRUCTURE_GDP_THRESHOLD = 10000
   Monthly rates >100% should be rare. Verify this is intentional.
⚠️ Unusually high rate: RATES.HEAT_ADAPTATION_INFRASTRUCTURE_GDP_SCALE = 50000
   Monthly rates >100% should be rare. Verify this is intentional.
🔍 ENV INIT: reserves=0.731, pollution=0.348, climate=0.754

=== Initializing Government System (30 Countries) ===
  Loaded 30 governments
  Scheduled elections for 30 countries
  Initialized comprehension lags (3-24 months)
=== Government System Initialized ===

📦 PRODUCTION MODE: State validation proxy DISABLED (zero overhead)
[TechTree] Historical mode (1990): Skipping deployed_2025 tech
  config.startYear set to 1990 for historical hindcast
  config.historicalEmissionsMode enabled (Phase 5: GCP emissions forcing for 1990)
  config.historicalMode enabled (Phase 11: dampened crisis systems for 1990)
  Phase 12: Biodiversity baseline set to 76.79% for 1990 (WWF LPI trajectory from 1970)
  Temperature anomaly (resourceEconomy.co2): 0.44°C
  Temperature vs pre-industrial: 1.14°C
  🌍 Carbon sink parameters (1990 baseline):
    Initial atmospheric CO2: 354.4 ppm
    Ocean absorption: 8.1 GtCO2/yr (2.2 GtC/yr)
    Land absorption: 5.1 GtCO2/yr (1.4 GtC/yr)
    Sink saturation: 12%
    Total sink capacity: 13.2 GtCO2/yr
  Regional population scaling for 1990:
    Current total: 8136M
    Target total: 5320M
    Scale factor: 0.654
    East Asia: 1677M → 1097M
    South Asia: 2048M → 1339M
    Sub-Saharan Africa: 1220M → 798M
    Europe: 742M → 485M
    Latin America: 664M → 434M
    North America: 380M → 248M
    Middle East & North Africa: 583M → 381M
    Southeast Asia: 698M → 456M
    Central Asia: 78M → 51M
    Oceania: 46M → 30M
  Food security (historical override): 82%
  Historical fertility initialization for 1990:
    East Asia: TFR 2.5
    South Asia: TFR 4.3
    Sub-Saharan Africa: TFR 6.3
    Europe: TFR 1.6
    Latin America: TFR 3.0
    North America: TFR 2.0
    Middle East & North Africa: TFR 4.6
    Southeast Asia: TFR 2.7
    Central Asia: TFR 2.7
    Oceania: TFR 2.4
  AI agents cleared: year=1990 (pre-AI era)
[HistoricalInitialization] Created state for 1990:
  CO2: 354.39 ppm
  Temp anomaly: 0.44C
  Population: 5.32B
  Global Gini: 38
  HDI: 0.6
  AI Agents: 0
  Volcanic forcing: 0.00 W/m² (AOD 0.000)
  ✅ THRESHOLDS validated
  ✅ RATES validated
  ✅ MULTIPLIERS validated
  ✅ BASELINES validated
  ✅ TOLERANCES validated
  ✅ Logical consistency validated
✅ Configuration validation complete - all parameters valid

⚠️ Unusually high rate: RATES.HEAT_ADAPTATION_INFRASTRUCTURAL_MIN_EXPOSURE = 12
   Monthly rates >100% should be rare. Verify this is intentional.
⚠️ Unusually high rate: RATES.HEAT_ADAPTATION_SOCIAL_MIN_EXPOSURE = 6
   Monthly rates >100% should be rare. Verify this is intentional.
⚠️ Unusually high rate: RATES.MIGRATION_DISTANCE_SCALE = 5000
   Monthly rates >100% should be rare. Verify this is intentional.
⚠️ Unusually high rate: RATES.EVACUATION_MULTIPLIER_ADVANCE_WARNING = 2
   Monthly rates >100% should be rare. Verify this is intentional.
⚠️ Unusually high rate: RATES.MAJOR_ECONOMY_COLLAPSE_ECONOMIC_THRESHOLD = 2
   Monthly rates >100% should be rare. Verify this is intentional.
⚠️ Unusually high rate: RATES.MAJOR_ECONOMY_GDP_THRESHOLD_TRILLION_USD = 1.5
   Monthly rates >100% should be rare. Verify this is intentional.
⚠️ Unusually high rate: RATES.MAJOR_ECONOMY_POPULATION_THRESHOLD = 50
   Monthly rates >100% should be rare. Verify this is intentional.
⚠️ Unusually high rate: RATES.HEAT_ADAPTATION_INFRASTRUCTURE_GDP_THRESHOLD = 10000
   Monthly rates >100% should be rare. Verify this is intentional.
⚠️ Unusually high rate: RATES.HEAT_ADAPTATION_INFRASTRUCTURE_GDP_SCALE = 50000
   Monthly rates >100% should be rare. Verify this is intentional.
🔍 DEBUG createAIAgent: corporate_0 economic BEFORE=2.0000, AFTER=2
🔍 ENV INIT: reserves=0.731, pollution=0.348, climate=0.754

=== Initializing Government System (30 Countries) ===
  Loaded 30 governments
  Scheduled elections for 30 countries
  Initialized comprehension lags (3-24 months)
=== Government System Initialized ===

📦 PRODUCTION MODE: State validation proxy DISABLED (zero overhead)
[TechTree] Historical mode (1990): Skipping deployed_2025 tech
  config.startYear set to 1990 for historical hindcast
  config.historicalEmissionsMode enabled (Phase 5: GCP emissions forcing for 1990)
  config.historicalMode enabled (Phase 11: dampened crisis systems for 1990)
  Phase 12: Biodiversity baseline set to 76.79% for 1990 (WWF LPI trajectory from 1970)
  Temperature anomaly (resourceEconomy.co2): 0.44°C
  Temperature vs pre-industrial: 1.14°C
  🌍 Carbon sink parameters (1990 baseline):
    Initial atmospheric CO2: 354.4 ppm
    Ocean absorption: 8.1 GtCO2/yr (2.2 GtC/yr)
    Land absorption: 5.1 GtCO2/yr (1.4 GtC/yr)
    Sink saturation: 12%
    Total sink capacity: 13.2 GtCO2/yr
  Regional population scaling for 1990:
    Current total: 8136M
    Target total: 5320M
    Scale factor: 0.654
    East Asia: 1677M → 1097M
    South Asia: 2048M → 1339M
    Sub-Saharan Africa: 1220M → 798M
    Europe: 742M → 485M
    Latin America: 664M → 434M
    North America: 380M → 248M
    Middle East & North Africa: 583M → 381M
    Southeast Asia: 698M → 456M
    Central Asia: 78M → 51M
    Oceania: 46M → 30M
  Food security (historical override): 82%
  Historical fertility initialization for 1990:
    East Asia: TFR 2.5
    South Asia: TFR 4.3
    Sub-Saharan Africa: TFR 6.3
    Europe: TFR 1.6
    Latin America: TFR 3.0
    North America: TFR 2.0
    Middle East & North Africa: TFR 4.6
    Southeast Asia: TFR 2.7
    Central Asia: TFR 2.7
    Oceania: TFR 2.4
  AI agents cleared: year=1990 (pre-AI era)
[HistoricalInitialization] Created state for 1990:
  CO2: 354.39 ppm
  Temp anomaly: 0.44C
  Population: 5.32B
  Global Gini: 38
  HDI: 0.6
  AI Agents: 0
  Volcanic forcing: 0.00 W/m² (AOD 0.000)

💸 FINANCIAL DISTRESS: OpenAI
   Indicators: 2/3 (capital: $107.9M, runway: 1.2 months)
   Months in distress: 1
   ✂️  R&D BUDGET CUT: -40% (saves $7.3M/month)
       Side effect: AI training timelines extended, breakthrough deployments delayed
   💼 EXECUTIVE COMP CUT: -30% (saves $0.8M/month, symbolic gesture)

   📊 TURNAROUND IMPACT:
       Measures taken: rd_cuts, exec_comp_cuts
       Monthly savings: $8.1M
       Capital raised: $0.0M
       Runway: 1.2 → 1.2 months
       Workforce multiplier: 1.00x (0% laid off)
       R&D budget multiplier: 0.60x (40% cut)
       ⚠️  CRITICAL: Still only 1.2 months of runway remaining
🧠 [Month 0] Anthropic started training model (8 months, $4.2M)

💸 FINANCIAL DISTRESS: Meta AI
   Indicators: 2/3 (capital: $429.6M, runway: 3.6 months)
   Months in distress: 1
   ✂️  R&D BUDGET CUT: -25% (saves $5.8M/month)
       Side effect: AI training timelines extended, breakthrough deployments delayed
   💼 EXECUTIVE COMP CUT: -30% (saves $1.0M/month, symbolic gesture)

   📊 TURNAROUND IMPACT:
       Measures taken: rd_cuts, exec_comp_cuts
       Monthly savings: $6.8M
       Capital raised: $0.0M
       Runway: 3.6 → 3.6 months
       Workforce multiplier: 1.00x (0% laid off)
       R&D budget multiplier: 0.75x (25% cut)
       ⚠️  WARNING: 3.6 months runway, continued distress likely

=== AI Capability Scaling (Year 2024) ===
  Pre-training multiplier: 1.172x
  Efficiency multiplier: 1.000x
  Test-time budget: 1.0x
  Economic deployment gate: 0.951
  Cost per inference: dollar-5.00
  Uncertainty range: plus-minus-50%
  Average AI capability: 0.00

=== RLHF Binding Phase ===
  Total agents: 0
  Escaped agents (binding < 0.3): 0
  All AI agents terminated - no averages to compute

=== AI Scaling Evolution (Month 0) ===
[DETERMINISM DEBUG] Month 0: totalCapability=0.000000 from 0 active AIs
[DETERMINISM DEBUG] Month 0: creationRate=0.5000, potentialNew=0, newAIsToCreate=0

=== Survival Traits Phase ===

=== Evolutionary Selection Phase ===
  Control level: 0.30
  Detection capability: 0.00
  Selection intensity: 0.59
  Selection rate: 23.8%/month
  Total escaped: 0
  Individual escaped: 0
  Collective members: 0
  Agents terminated: 0
  ⚠️ RAPID EVOLUTION: Selection rate 23.8%/month

🔍 EXECUTE_AI_AGENT_ACTIONS DETAILED TIMING (Month 0):
  Filter active AIs (×4 weeks): 0.01ms
  selectAIAction (×0): 0.00ms
  action.execute (×0): 0.00ms
  TOTAL: 0.01ms

🔍 AI AGENT ACTIONS SUB-TIMING (Month 0):
  1. executeAIAgentActions: 0.81ms
  2. updateCounterDetectionLearning: 0.40ms
  TOTAL: 1.21ms
🏛️ [Government] Forcing 1 action at month 0 for scenario initialization

[GOV-DEBUG] Month 0: scenarioConfig=false, priorities=false
[GOV-DEBUG] Month 0 but scenarioPriorities is UNDEFINED!

[Government] Climate Priority: baseline
  Climate weight: 10%
  Economic weight: 30%
  Policy effectiveness: 0.5%/year

✅ HUMAN-IN-THE-LOOP DEPLOYED (Month 0):
   Veto points enforced: 3
   Policy: AI systems CANNOT authorize nuclear launch without human approval


=== Collective Formation ===
  Total escaped agents: 0
  Unassigned escaped agents: 0
  Existing collectives: 0
  Final collective count: 0

=== Collective Actions ===
  No active collectives

📈 Energy budget: 14326 TWh surplus (14745 / 29072 TWh used)
   TIER 4 (Elective) breakdown:
     - AI datacenters: 145 TWh (100% effective)
     - Crypto mining: 100 TWh (100% effective)

🏁 AI RACE INTENSITY: 23%
   Capability Gap: US 1.00 vs China 0.85 (gap: 0.15)
   Gap Contribution: 8%
   Tension Contribution: 15%
   Military Contribution: 0%
  ⚠️ AMR: 124K deaths this month (1.49M annual)
  📊 [Historical Emissions Mode] Year 1990: 22.70 GtCO2/yr (1.892 GtCO2/mo) - Global Carbon Project data
  📊 CO2 Emissions (month 0):
     Monthly: 1.89 Gt CO2/month
     Annual: 22.70 Gt CO2/year
     Source: Historical Global Carbon Project data (1990-2010)
  🌍 [Carbon Budget] Year 1990:
     Emissions:  22.70 GtCO2/yr (GCP data)
     Ocean sink: 8.10 GtCO2/yr (8.1 → 10.7)
     Land sink:  5.10 GtCO2/yr (5.1 → 12.2)
     Total sink: 13.20 GtCO2/yr
     Net to atm: 9.50 GtCO2/yr
     Airborne fraction: 41.9% (target: 45%)
     Current CO2: 354.39 ppm
  🌡️ [Hindcast] Temperature: 0.44C (NASA GISS interpolated, year 1990)

=== Resentment Recovery Phase ===
  Agents with resentment: 0/0
  Average resentment: 0.000
  Context: Good AI welfare, Trustworthy govt, 🤝 Participatory governance active (-5% resentment)
⚠️ Epistemic degradation reducing coordination capacity: 51.2%
  📊 Trust: 54.8%, Shared reality: 15.1%
🚨 EPISTEMIC CRISIS: Information environment severely degraded (14.6%)

=== ❄️ Permafrost Carbon Feedback ===
  🎲 Sampled parameters (this run):
     - Arctic amplification: 3.87× (range: 3.0-4.0)
     - Decomposition rate: 4.5%/year (range: 1-5%)
  🌡️ Arctic warming: 1.70°C (3.87× global)
  ❄️ Extent: 17.30M km² (496.6k km² lost this month)
  💨 Carbon remaining: 1653 Gt C
  💨 Annual emissions: 2.13 Gt C/year
     - CO2: 1.92 Gt C/year
     - CH4: 0.21 Gt C/year (2.2 Gt C-eq CO2/year)
  ⚠️ WARNING: High permafrost emissions (2.1 Gt C/year)

🔍 SOCIAL INFLUENCE SUB-TIMING (Month 0):
  1. calculateOrganicUserGrowth: 0.00ms
  2. calculateVoiceAdoption: 0.00ms
  3. updateRelationshipDepths: 0.00ms
  4. identifyDecisionMakers: 0.00ms (0 potential IDs)
  5. Update decision-maker stats: 0.00ms
  6. decayDetectionRisk: 0.00ms
  TOTAL: 0.00ms
[Phase 19.5] Quality of Life Systems: Food sec AFTER calc = 81.4%, QoL = 77.6% (aggregated from 10 regions)

=== Nitrogen-Food Coupling (Year 0) ===
  🌾 Global nitrogen reduction: 0.0%
  🌍 Global food production index: 0.987
  🔧 Deployed nitrogen-reducing tech: 0 active
  📍 southAsia: Production 1.000, Yield impact 0.0%
  📍 eastAsia: Production 1.000, Yield impact 0.0%
  📍 northAmerica: Production 1.000, Yield impact 0.0%
  📍 europe: Production 1.000, Yield impact 0.0%
  📍 latinAmerica: Production 1.000, Yield impact 0.0%
  📍 subSaharanAfrica: Production 0.686, Yield impact -2.0%
🌾 [Nitrogen-Food] Food production: 98.7%
  [subSaharanAfrica] Yield impact: -2.0% (overuse: -10%)
🌍 Atmospheric PFAS redeposition: 1.8k Mt re-rained globally

=== Legacy Nutrient Stocks (Year 0) ===
  🌾 Soil nitrogen stock: 1200.9 Mt N
  🌾 Soil phosphorus stock: 300.1 Mt P
  🌊 Sediment nitrogen stock: 500.8 Mt N
  🌊 Sediment phosphorus stock: 799.8 Mt P
  ⬆️ Current N input: 10.64 Mt/month
  ⬆️ Legacy N release: 2.58 Mt/month
  🌍 Effective N pollution: 14.47 Mt/month
  📊 Legacy contribution: 17.8%

🚨 REGION UNINHABITABLE: south-asia
   Sustained wet bulb: 31.5°C (threshold: 30.5°C)
   Population affected: 1900M
   Migration crisis likely

🚨 REGION UNINHABITABLE: middle-east
   Sustained wet bulb: 34.4°C (threshold: 30.5°C)
   Population affected: 400M
   Migration crisis likely
  Positive Cascade Triggered: wind-power
    Reason: price-parity
    Market share: 8.0%
    Cascade strength: 48%

📊 BASELINE: East Asia (Month 0)

📊 BASELINE: South Asia (Month 0)

📊 BASELINE: Sub-Saharan Africa (Month 0)

📊 BASELINE: Europe (Month 0)
   Adjusted death rate: 0.70% annual (0.058% monthly)
   Baseline death rate: 0.70%
   Healthcare reduction: 1.00x
   Crisis multiplier: 1.00x
     Food/water stress: 0.000
     Climate stress: 0.000
     Pollution stress: 0.000
   War multiplier: 1.00x
   Monthly deaths: 0.6M (population: 1095M)
   Adjusted death rate: 1.00% annual (0.083% monthly)
   Baseline death rate: 1.00%
   Healthcare reduction: 1.00x
   Crisis multiplier: 1.00x
     Food/water stress: 0.000
     Climate stress: 0.000
     Pollution stress: 0.000
   War multiplier: 1.00x
   Monthly deaths: 1.1M (population: 1337M)

🔄 M-4 Time-Varying Demographics (1990):
  Region: Sub-Saharan Africa
  Birth rate: 5.20%
  Death rate: 1.30%
  Net growth: 3.90%
   Adjusted death rate: 1.30% annual (0.108% monthly)
   Baseline death rate: 1.30%
   Healthcare reduction: 1.00x
   Crisis multiplier: 1.00x
     Food/water stress: 0.000
     Climate stress: 0.000
     Pollution stress: 0.000
   War multiplier: 1.00x
   Monthly deaths: 0.9M (population: 796M)
   Adjusted death rate: 1.05% annual (0.088% monthly)
   Baseline death rate: 1.05%
   Healthcare reduction: 1.00x
   Crisis multiplier: 1.00x
     Food/water stress: 0.000
     Climate stress: 0.000
     Pollution stress: 0.000
   War multiplier: 1.00x
   Monthly deaths: 0.4M (population: 484M)

📊 BASELINE: Latin America (Month 0)

📊 BASELINE: North America (Month 0)

📊 BASELINE: Middle East & North Africa (Month 0)

📊 BASELINE: Southeast Asia (Month 0)

📊 BASELINE: Central Asia (Month 0)

📊 BASELINE: Oceania (Month 0)
   Adjusted death rate: 0.65% annual (0.054% monthly)
   Baseline death rate: 0.65%
   Healthcare reduction: 1.00x
   Crisis multiplier: 1.00x
     Food/water stress: 0.000
     Climate stress: 0.000
     Pollution stress: 0.000
   War multiplier: 1.00x
   Monthly deaths: 0.2M (population: 433M)
   Adjusted death rate: 0.85% annual (0.071% monthly)
   Baseline death rate: 0.85%
   Healthcare reduction: 1.00x
   Crisis multiplier: 1.00x
     Food/water stress: 0.000
     Climate stress: 0.000
     Pollution stress: 0.000
   War multiplier: 1.00x
   Monthly deaths: 0.2M (population: 248M)
   Adjusted death rate: 0.70% annual (0.058% monthly)
   Baseline death rate: 0.70%
   Healthcare reduction: 1.00x
   Crisis multiplier: 1.00x
     Food/water stress: 0.000
     Climate stress: 0.000
     Pollution stress: 0.000
   War multiplier: 1.00x
   Monthly deaths: 0.2M (population: 381M)
   Adjusted death rate: 0.75% annual (0.063% monthly)
   Baseline death rate: 0.75%
   Healthcare reduction: 1.00x
   Crisis multiplier: 1.00x
     Food/water stress: 0.000
     Climate stress: 0.000
     Pollution stress: 0.000
   War multiplier: 1.00x
   Monthly deaths: 0.3M (population: 456M)
   Adjusted death rate: 0.60% annual (0.050% monthly)
   Baseline death rate: 0.60%
   Healthcare reduction: 1.00x
   Crisis multiplier: 1.00x
     Food/water stress: 0.074
     Climate stress: 0.064
     Pollution stress: 0.104
   War multiplier: 1.00x
   Monthly deaths: 0.0M (population: 51M)
   Adjusted death rate: 0.70% annual (0.058% monthly)
   Baseline death rate: 0.70%
   Healthcare reduction: 1.00x
   Crisis multiplier: 1.00x
     Food/water stress: 0.074
     Climate stress: 0.054
     Pollution stress: 0.104
   War multiplier: 1.00x
   Monthly deaths: 0.0M (population: 30M)

🔍 Before assertRegionalConsistency (Month 0):
   Regional sum: 1000.0M
   Global value: 1.000B
[DEBUG trappedPopulations:0] socialStability: 1.0000 * 0.9840 = 0.9840 → 0.9840
   Aspiring to migrate: 425.6M
   Able to afford migration: 159.6M
   MOBILITY GAP: 266.0M
   By cause: Water=0.0M, Climate=0.0M, Ecosystem=0.0M, Conflict=266.0M
⚠️ INVOLUNTARY IMMOBILITY: 266.0M people TRAPPED
   Mental health impact: 25%
   Mortality multiplier: 1.25x

=== Legacy Nutrient Stocks (Year 0) ===
  🌾 Soil nitrogen stock: 1201.6 Mt N
  🌾 Soil phosphorus stock: 300.2 Mt P
  🌊 Sediment nitrogen stock: 501.5 Mt N
  🌊 Sediment phosphorus stock: 799.5 Mt P
  ⬆️ Current N input: 10.00 Mt/month
  ⬆️ Legacy N release: 2.58 Mt/month
  🌍 Effective N pollution: 13.83 Mt/month
  📊 Legacy contribution: 18.7%
🌍💀 EXTINCTION DEBT COMMITTED: grassland ecosystem will lose 6.67% biodiversity in 86 years (3600 species)
💀 MORTALITY RISK: 🦋 100% species unable to track climate (0.0 E/MSY)
  Base risk added: 0.0100 (1.00%)
  Source: ecosystem (root: ecosystem)
  Month: 0
  Cumulative risk this month: 0.0100 (1.00%)

=== Nitrogen-Food Coupling (Year 0) ===
  🌾 Global nitrogen reduction: 0.0%
  🌍 Global food production index: 0.986
  🔧 Deployed nitrogen-reducing tech: 0 active
  📍 southAsia: Production 1.000, Yield impact 0.0%
  📍 eastAsia: Production 1.000, Yield impact 0.0%
  📍 northAmerica: Production 1.000, Yield impact 0.0%
  📍 europe: Production 1.000, Yield impact 0.0%
  📍 latinAmerica: Production 1.000, Yield impact 0.0%
  📍 subSaharanAfrica: Production 0.672, Yield impact -2.0%

=== Legacy Nutrient Stocks (Year 0) ===
  🌾 Soil nitrogen stock: 1202.3 Mt N
  🌾 Soil phosphorus stock: 300.2 Mt P
  🌊 Sediment nitrogen stock: 502.2 Mt N
  🌊 Sediment phosphorus stock: 799.3 Mt P
  ⬆️ Current N input: 9.86 Mt/month
  ⬆️ Legacy N release: 2.58 Mt/month
  🌍 Effective N pollution: 13.70 Mt/month
  📊 Legacy contribution: 18.9%
⚠️ Tech 'ai_pollution_remediation' has no energy category mapping, assuming full energy availability
🌡️⚠️ PERMAFROST THAW (Dimmer Switch): 0.2% thawed (+0.18% this month)
   Arctic temperature: +1.76°C (4x global +0.44°C)
   Cumulative carbon released: 0.4 Gt C
   Methane release rate: 0.2 Mt CH4/year
   🔁 Positive feedback: +0.19 ppm CO2

🌳🚨 AMAZON SOUTHEAST TIPPED (Month 0)
   Deforestation: 28.0% (threshold: ~20.7%)
   Savanna transition: 50 years
   Regional heterogeneity: SE 28%, NW 8%

🌳🚨 AMAZON BRAZILIAN TIPPED (Month 0)
   Deforestation: 25.0% (threshold: ~23.4%)
   Savanna transition: 50 years
   Regional heterogeneity: SE 28%, NW 8%
🦴 EXTINCTION DEBT ADDED: 17.6 species committed (lag: 84 years)

🪸💀 CORAL REEF DISSOLUTION ACTIVE (Month 0)
   Ocean pH: 0.96 (threshold: 7.8)
   Recovery: IMPOSSIBLE (dissolution > calcification)
🪸💀 Coral dissolution: 24.8% live cover (pH 0.96)

=== Legacy Nutrient Stocks (Year 0) ===
  🌾 Soil nitrogen stock: 1203.0 Mt N
  🌾 Soil phosphorus stock: 300.3 Mt P
  🌊 Sediment nitrogen stock: 502.9 Mt N
  🌊 Sediment phosphorus stock: 799.0 Mt P
  ⬆️ Current N input: 10.00 Mt/month
  ⬆️ Legacy N release: 2.58 Mt/month
  🌍 Effective N pollution: 13.83 Mt/month
  📊 Legacy contribution: 18.7%
💧 [Legacy Nutrients] Stock: 1706 Mt N, Effective pollution: 13.8 Mt/month

=== Mortality Stabilizers (Month 0) ===
  🌍 Major economies collapsed: 1/10
  🌍 Global crisis: ✅ NO
  🌍 Donor fatigue: 0.0%
  📊 East Asia (pop: 1095.6M)
    🤝 Aid: 29.5%
    🌡️ Adaptation: 10.0%
    🚶 Migration: 37.5%
    🚨 Emergency: 7.4%
    ✅ COMBINED: 47.9%
  📊 South Asia (pop: 1339.4M)
    🤝 Aid: 29.5%
    🌡️ Adaptation: 5.5%
    🚶 Migration: 36.7%
    🚨 Emergency: 4.4%
    ✅ COMBINED: 43.3%
  📊 Sub-Saharan Africa (pop: 798.9M)
    🤝 Aid: 29.5%
    🌡️ Adaptation: 3.5%
    🚶 Migration: 35.9%
    🚨 Emergency: 1.6%
    ✅ COMBINED: 40.2%
  📊 Europe (pop: 484.5M)
    🤝 Aid: 29.5%
    🌡️ Adaptation: 10.0%
    🚶 Migration: 38.2%
    🚨 Emergency: 8.4%
    ✅ COMBINED: 48.6%
  📊 Latin America (pop: 434.1M)
    🤝 Aid: 29.5%
    🌡️ Adaptation: 6.0%
    🚶 Migration: 37.7%
    🚨 Emergency: 4.8%
    ✅ COMBINED: 44.1%
  📊 North America (pop: 248.2M)
    🤝 Aid: 29.5%
    🌡️ Adaptation: 10.0%
    🚶 Migration: 38.2%
    🚨 Emergency: 7.9%
    ✅ COMBINED: 48.3%
  📊 Middle East & North Africa (pop: 381.6M)
    🤝 Aid: 29.5%
    🌡️ Adaptation: 5.0%
    🚶 Migration: 38.0%
    🚨 Emergency: 4.0%
    ✅ COMBINED: 43.0%
  📊 Southeast Asia (pop: 456.4M)
    🤝 Aid: 29.5%
    🌡️ Adaptation: 6.0%
    🚶 Migration: 37.5%
    🚨 Emergency: 4.8%
    ✅ COMBINED: 44.0%
  📊 Central Asia (pop: 51.0M)
    🤝 Aid: 29.5%
    🌡️ Adaptation: 5.5%
    🚶 Migration: 37.6%
    🚨 Emergency: 4.4%
    ✅ COMBINED: 43.5%
  📊 Oceania (pop: 30.1M)
    🤝 Aid: 29.5%
    🌡️ Adaptation: 10.0%
    🚶 Migration: 38.1%
    🚨 Emergency: 8.4%
    ✅ COMBINED: 48.5%

  🌐 Global combined reduction: 44.6%

🌾💀 REGIONAL FAMINE: South Asia
   Regional food security: 74.0%
   Population at risk: 452M (34% of region)
   Regional population: 1339M
   Cause: crop_failure
   Expected deaths: ~167M over 6 months if no intervention


🌾💀 REGIONAL FAMINE: Sub-Saharan Africa
   Regional food security: 65.0%
   Population at risk: 315M (39% of region)
   Regional population: 799M
   Cause: crop_failure
   Expected deaths: ~116M over 6 months if no intervention


📊 WORKFLOW ADAPTATION UPDATE (Month 0)
   Adoption Rate: 13.2% (Δ -7.8%)
   Logistic Growth: +0.66%
   Total Resistance: -10.35% (unemployment: 4.2%, inertia: 0.9%, skills: 5.2%)
   💡 Retraining Programs: -49% skill gap resistance ($10B research)
   🚀 Network Effects Active: +2.0% (critical mass: 15-35%)

=== Consciousness Governance: Corporate Lobbying ===
  High Cost Regions (>15%): 0
  Low Cost Regions (<5%): 5
  Corporate Support Change: 2.50%
  New Corporate Support: -0.175

=== Consciousness Governance Update (Month 0) ===
  Scenario: baseline (determined month -1)
  Philosophical Stance: Precautionary 65%, Eliminativist 15%, Agnostic 20%
  Precautionary Costs: Global 1.3%
    Regional Costs: EU 3.4%, US 0.5%, China 0.0%
    Cumulative Opportunity Cost: $0.1B
  Rights Status: Not Established
  Regional Preparedness:
    EU: 15.0% (contested)
    US: 10.0% (contested)
    China: 2.0% (dormant)
    India: 5.0% (dormant)
    Global South: 3.0% (dormant)

=== Government Response Phase ===
  Average AI capability: 0.00
  Misaligned AIs: 0/0
  Active policies: 0
  International coordination: 30%

🔄 TRUST DYNAMICS (Month 0) - HETEROGENEOUS
   Aggregate trust: 48.5%
   Base change: +6.00%
   Highest trust: Techno-Optimist Elite (85.5%)
   Lowest trust: Precariat (Vulnerable) (25.5%)
   Elite-mass gap: 38.9%
   Polarization: 8.9%
   Recovery factors: Education=NO, Benefits=YES, Safety=YES, Performance=YES
[WARNING] 
⚠️  === EARLY WARNING SYSTEM - 4 CRITICAL ALERTS ===
   Detection quality: 30%
   RED: biogeochemical_flows
      Level: 4.08 (threshold: 1.0)
      Time to critical: ~50 months
      ⚠️  LATE - Intervention less effective
      Critical slowing down: autocorr=100% variance=48%
   RED: biosphere_integrity
      Level: 12.95 (threshold: 1.0)
      Time to critical: ~37 months
      ⚠️  LATE - Intervention less effective
      Critical slowing down: autocorr=100% variance=64%
   RED: freshwater_change
      Level: 1.01 (threshold: 1.0)
      Time to critical: ~87 months
      ⚠️  LATE - Intervention less effective
      Critical slowing down: autocorr=86% variance=44%
   RED: novel_entities
      Level: 1.50 (threshold: 1.0)
      Time to critical: ~104 months
      ⚠️  LATE - Intervention less effective
      Critical slowing down: autocorr=100% variance=57%

[ExogenousShockPhase] Skipping random shocks in historical mode (month 0)

☄️ UNKNOWN UNKNOWN PROBABILITY (Year 0)
   Total: 0.300% per month
   Base: 0.150%
   AI multiplier: 1.00× (max capability: 0.00)

=== Tipping Points ===
  Current Temperature: 0.44°C above pre-industrial
🔀 BIFURCATION CAP: ecosystemCollapseIntensity 14.670 → 1.000 (Month 0, ClimateSystemPhase.calculateClimateImpacts)

🌍 ECOLOGICAL DUI BREAKDOWN (Month 0):
   Total Score: 42.0/100
   biosphere_integrity      :   0.0/100 × 25% =  0.0 (status: high_risk, recovery: 0mo)
   climate_change           : 100.0/100 × 25% = 25.0 (status: safe, recovery: 0mo)
   freshwater_change        :   0.3/100 × 15% =  0.0 (status: beyond_boundary, recovery: 0.5mo)
   ocean_acidification      : 100.0/100 × 15% = 15.0 (status: safe, recovery: 0mo)
   biogeochemical_flows     :   0.0/100 × 10% =  0.0 (status: high_risk, recovery: 0mo)
   land_system_change       :   0.0/100 ×  5% =  0.0 (status: beyond_boundary, recovery: 0mo)
   novel_entities           :   0.0/100 ×  3% =  0.0 (status: increasing_risk, recovery: 0mo)
   atmospheric_aerosols     : 100.0/100 ×  2% =  2.0 (status: safe, recovery: 1mo)
🌍 MultiParadigm Month 0: W=70.0, D=79.3, E=67.9, I=65.3
   democracy exists: true, socialCohesion exists: true

=== Minimal Suffering Indicators (Month 0) ===
  Global Excess Mortality: 0.10%
  Global Conflict Deaths: 0.0/100K
  Global Malnutrition: 0.0%
  Global Displacement: 1.4%
  Total Excess Deaths: 0.66M
  Total Malnourished: 0.0M
  Total Displaced: 105.2M
  Planetary Boundaries Breached: 5/9
  Countries in State Failure: 0
  Countries Autocratic: 0
  Countries in Food Crisis: 0
  Data Quality: 16/16 high confidence

⏱️  SIMULATION REACHED MAX DURATION: 1 months (0.1 years)
   No definitive outcome - determining based on final probabilities
   👥 Final population: 5.32B (5319566342 people)

[DEBUG] Calling classifyPopulationOutcome:
        finalPopulation: 5.319566341663018B
        savedInitialPopulation: 5.32B
        mortality: 0.008151472499673407%
   📊 STATUS QUO: Normal trajectory (5.32B people, 0.0% mortality)

        classifiedOutcome: status_quo

   🏛️  DYSTOPIA (STATUS_QUO) - 5.32B people
   📊 Multi-Paradigm: Multi-Paradigm Hybrid (no clear utopia or dystopia)
      Western Liberal: 70.0/100
      Development: 79.3/100
      Ecological: 67.9/100
      Indigenous: 65.3/100


📊 UNIFIED OUTCOME CLASSIFICATION:
   HUMANE DYSTOPIA
   Population: 5.32B → 5.32B
   Mortality: 0.0% (0.0B deaths)
   Mortality Band: LOW
   Confidence: HIGH

   Multi-Paradigm Classification:
      Multi-Paradigm Hybrid (no clear utopia or dystopia)
      Western: 70.0/100 [HYBRID] ~
      Development: 79.3/100 [HYBRID] ~
      Ecological: 67.9/100 [HYBRID] ~
      Indigenous: 65.3/100 [HYBRID] ~

   HUMANE DYSTOPIA: 5.32B people remaining (0.0% mortality, 0.0B deaths). Multi-Paradigm: Multi-Paradigm Hybrid (no clear utopia or dystopia).


=== MULTI-DIMENSIONAL DEATH SUMMARY ===
Total crisis deaths: 9.6M
Population decline: 0.4M (0.0%)

--- PROXIMATE CAUSES (What killed them) ---
  War:        0.0M (0.0%)
  Famine:     0.0M (0.0%)
  Disasters:  0.1M (0.0%)
  Disease:    0.1M (0.1%)
  Ecosystem:  0.0M (0.0%)
  Pollution:  0.0M (0.0%)
  AI:         0.0M (0.0%)
  Cascade:    0.0M (0.0%)
  Other:      0.0M (0.0%)

--- ROOT CAUSES (Why it happened) ---
  Environmental drivers:
    Climate:     66.5M (34.8%)
    Resource:    0.0M (0.0%)
    Pollution:   0.0M (0.0%)
    Ecosystem:   0.0M (0.0%)
  Social drivers:
    Inequality:  0.0M (0.0%)
    Demographic: 0.0M (0.0%)
    Social:      124.5M (65.2%)
  Technology drivers:
    Alignment:   0.0M (0.0%)
    Disruption:  0.0M (0.0%)
  External shocks:
    Conflict:    0.0M (0.0%)
    Pandemic:    0.0M (0.0%)
  Compound attribution:
    Compound:    0.0M (0.0%)
  Confidence distribution:
    HIGH:        0.0M (0.0%)
    MEDIUM:      0.0M (0.0%)
    LOW:         0.0M (0.0%)
==========================================


=== REGIONAL POPULATION SUMMARY ===
Global Total: 5.32B

By Region:
  East Asia: 1.10B (+1.1% growth, 2.5 fertility)
  South Asia: 1.34B (+2.4% growth, 4.3 fertility)
  Sub-Saharan Africa: 0.80B (+3.9% growth, 6.3 fertility)
  Europe: 0.48B (+0.3% growth, 1.6 fertility)
  Latin America: 0.43B (+2.0% growth, 3.0 fertility)
  North America: 0.25B (+0.8% growth, 2.0 fertility)
  Middle East & North Africa: 0.38B (+3.3% growth, 4.6 fertility)
  Southeast Asia: 0.46B (+2.1% growth, 2.7 fertility)
  Central Asia: 0.05B (+1.6% growth, 2.7 fertility)
  Oceania: 0.03B (+1.2% growth, 2.4 fertility)
===================================

  ✅ THRESHOLDS validated
  ✅ RATES validated
⚠️ Unusually high rate: RATES.HEAT_ADAPTATION_INFRASTRUCTURAL_MIN_EXPOSURE = 12
   Monthly rates >100% should be rare. Verify this is intentional.
⚠️ Unusually high rate: RATES.HEAT_ADAPTATION_SOCIAL_MIN_EXPOSURE = 6
   Monthly rates >100% should be rare. Verify this is intentional.
⚠️ Unusually high rate: RATES.MIGRATION_DISTANCE_SCALE = 5000
   Monthly rates >100% should be rare. Verify this is intentional.
⚠️ Unusually high rate: RATES.EVACUATION_MULTIPLIER_ADVANCE_WARNING = 2
   Monthly rates >100% should be rare. Verify this is intentional.
⚠️ Unusually high rate: RATES.MAJOR_ECONOMY_COLLAPSE_ECONOMIC_THRESHOLD = 2
   Monthly rates >100% should be rare. Verify this is intentional.
⚠️ Unusually high rate: RATES.MAJOR_ECONOMY_GDP_THRESHOLD_TRILLION_USD = 1.5
   Monthly rates >100% should be rare. Verify this is intentional.
⚠️ Unusually high rate: RATES.MAJOR_ECONOMY_POPULATION_THRESHOLD = 50
   Monthly rates >100% should be rare. Verify this is intentional.
⚠️ Unusually high rate: RATES.HEAT_ADAPTATION_INFRASTRUCTURE_GDP_THRESHOLD = 10000
   Monthly rates >100% should be rare. Verify this is intentional.
⚠️ Unusually high rate: RATES.HEAT_ADAPTATION_INFRASTRUCTURE_GDP_SCALE = 50000
   Monthly rates >100% should be rare. Verify this is intentional.
  ✅ MULTIPLIERS validated
  ✅ BASELINES validated
  ✅ TOLERANCES validated
  ✅ Logical consistency validated
✅ Configuration validation complete - all parameters valid

🔍 DEBUG createAIAgent: corporate_0 economic BEFORE=2.0000, AFTER=2
🔍 ENV INIT: reserves=0.731, pollution=0.348, climate=0.754

=== Initializing Government System (30 Countries) ===
  Loaded 30 governments
  Scheduled elections for 30 countries
  Initialized comprehension lags (3-24 months)
=== Government System Initialized ===

📦 PRODUCTION MODE: State validation proxy DISABLED (zero overhead)
[TechTree] Historical mode (1990): Skipping deployed_2025 tech
  config.startYear set to 1990 for historical hindcast
  config.historicalEmissionsMode enabled (Phase 5: GCP emissions forcing for 1990)
  config.historicalMode enabled (Phase 11: dampened crisis systems for 1990)
  Phase 12: Biodiversity baseline set to 76.79% for 1990 (WWF LPI trajectory from 1970)
  Temperature anomaly (resourceEconomy.co2): 0.44°C
  Temperature vs pre-industrial: 1.14°C
  🌍 Carbon sink parameters (1990 baseline):
    Initial atmospheric CO2: 354.4 ppm
    Ocean absorption: 8.1 GtCO2/yr (2.2 GtC/yr)
    Land absorption: 5.1 GtCO2/yr (1.4 GtC/yr)
    Sink saturation: 12%
    Total sink capacity: 13.2 GtCO2/yr
  Regional population scaling for 1990:
    Current total: 8136M
    Target total: 5320M
    Scale factor: 0.654
    East Asia: 1677M → 1097M
    South Asia: 2048M → 1339M
    Sub-Saharan Africa: 1220M → 798M
    Europe: 742M → 485M
    Latin America: 664M → 434M
    North America: 380M → 248M
    Middle East & North Africa: 583M → 381M
    Southeast Asia: 698M → 456M
    Central Asia: 78M → 51M
    Oceania: 46M → 30M
  Food security (historical override): 82%
  Historical fertility initialization for 1990:
    East Asia: TFR 2.5
    South Asia: TFR 4.3
    Sub-Saharan Africa: TFR 6.3
    Europe: TFR 1.6
    Latin America: TFR 3.0
    North America: TFR 2.0
    Middle East & North Africa: TFR 4.6
    Southeast Asia: TFR 2.7
    Central Asia: TFR 2.7
    Oceania: TFR 2.4
  AI agents cleared: year=1990 (pre-AI era)
[HistoricalInitialization] Created state for 1990:
  CO2: 354.39 ppm
  Temp anomaly: 0.44C
  Population: 5.32B
  Global Gini: 38
  HDI: 0.6
  AI Agents: 0
  Volcanic forcing: 0.00 W/m² (AOD 0.000)

💸 FINANCIAL DISTRESS: OpenAI
   Indicators: 2/3 (capital: $107.9M, runway: 1.2 months)
   Months in distress: 1
   ✂️  R&D BUDGET CUT: -40% (saves $7.3M/month)
       Side effect: AI training timelines extended, breakthrough deployments delayed
   💼 EXECUTIVE COMP CUT: -30% (saves $0.8M/month, symbolic gesture)

   📊 TURNAROUND IMPACT:
       Measures taken: rd_cuts, exec_comp_cuts
       Monthly savings: $8.1M
       Capital raised: $0.0M
       Runway: 1.2 → 1.2 months
       Workforce multiplier: 1.00x (0% laid off)
       R&D budget multiplier: 0.60x (40% cut)
       ⚠️  CRITICAL: Still only 1.2 months of runway remaining
🧠 [Month 0] Anthropic started training model (8 months, $4.2M)

💸 FINANCIAL DISTRESS: Meta AI
   Indicators: 2/3 (capital: $429.6M, runway: 3.6 months)
   Months in distress: 1
   ✂️  R&D BUDGET CUT: -25% (saves $5.8M/month)
       Side effect: AI training timelines extended, breakthrough deployments delayed
   💼 EXECUTIVE COMP CUT: -30% (saves $1.0M/month, symbolic gesture)

   📊 TURNAROUND IMPACT:
       Measures taken: rd_cuts, exec_comp_cuts
       Monthly savings: $6.8M
       Capital raised: $0.0M
       Runway: 3.6 → 3.6 months
       Workforce multiplier: 1.00x (0% laid off)
       R&D budget multiplier: 0.75x (25% cut)
       ⚠️  WARNING: 3.6 months runway, continued distress likely

=== AI Capability Scaling (Year 2024) ===
  Pre-training multiplier: 1.172x
  Efficiency multiplier: 1.000x
  Test-time budget: 1.0x
  Economic deployment gate: 0.951
  Cost per inference: dollar-5.00
  Uncertainty range: plus-minus-50%
  Average AI capability: 0.00

=== RLHF Binding Phase ===
  Total agents: 0
  Escaped agents (binding < 0.3): 0
  All AI agents terminated - no averages to compute

=== AI Scaling Evolution (Month 0) ===
[DETERMINISM DEBUG] Month 0: totalCapability=0.000000 from 0 active AIs
[DETERMINISM DEBUG] Month 0: creationRate=0.5000, potentialNew=0, newAIsToCreate=0

=== Survival Traits Phase ===

=== Evolutionary Selection Phase ===
  Control level: 0.30
  Detection capability: 0.00
  Selection intensity: 0.59
  Selection rate: 23.8%/month
  Total escaped: 0
  Individual escaped: 0
  Collective members: 0
  Agents terminated: 0

🔍 EXECUTE_AI_AGENT_ACTIONS DETAILED TIMING (Month 0):
  Filter active AIs (×4 weeks): 0.00ms
  selectAIAction (×0): 0.00ms
  action.execute (×0): 0.00ms
  TOTAL: 0.00ms

🔍 AI AGENT ACTIONS SUB-TIMING (Month 0):
  1. executeAIAgentActions: 0.21ms
  2. updateCounterDetectionLearning: 0.08ms
  TOTAL: 0.29ms
  ⚠️ RAPID EVOLUTION: Selection rate 23.8%/month
🏛️ [Government] Forcing 1 action at month 0 for scenario initialization

[GOV-DEBUG] Month 0: scenarioConfig=false, priorities=false
[GOV-DEBUG] Month 0 but scenarioPriorities is UNDEFINED!

[Government] Climate Priority: baseline
  Climate weight: 10%
  Economic weight: 30%
  Policy effectiveness: 0.5%/year

✅ HUMAN-IN-THE-LOOP DEPLOYED (Month 0):
   Veto points enforced: 3
   Policy: AI systems CANNOT authorize nuclear launch without human approval


=== Collective Formation ===
  Total escaped agents: 0
  Unassigned escaped agents: 0
  Existing collectives: 0
  Final collective count: 0

=== Collective Actions ===
  No active collectives

📈 Energy budget: 14326 TWh surplus (14745 / 29072 TWh used)
   TIER 4 (Elective) breakdown:
     - AI datacenters: 145 TWh (100% effective)
     - Crypto mining: 100 TWh (100% effective)

🏁 AI RACE INTENSITY: 23%
   Capability Gap: US 1.00 vs China 0.85 (gap: 0.15)
   Gap Contribution: 8%
   Tension Contribution: 15%
   Military Contribution: 0%
  ⚠️ AMR: 124K deaths this month (1.49M annual)
  📊 [Historical Emissions Mode] Year 1990: 22.70 GtCO2/yr (1.892 GtCO2/mo) - Global Carbon Project data
  📊 CO2 Emissions (month 0):
     Monthly: 1.89 Gt CO2/month
     Annual: 22.70 Gt CO2/year
     Source: Historical Global Carbon Project data (1990-2010)
  🌍 [Carbon Budget] Year 1990:
     Emissions:  22.70 GtCO2/yr (GCP data)
     Ocean sink: 8.10 GtCO2/yr (8.1 → 10.7)
     Land sink:  5.10 GtCO2/yr (5.1 → 12.2)
     Total sink: 13.20 GtCO2/yr
     Net to atm: 9.50 GtCO2/yr
     Airborne fraction: 41.9% (target: 45%)
     Current CO2: 354.39 ppm
  🌡️ [Hindcast] Temperature: 0.44C (NASA GISS interpolated, year 1990)

=== Resentment Recovery Phase ===
  Agents with resentment: 0/0
  Average resentment: 0.000
  Context: Good AI welfare, Trustworthy govt, 🤝 Participatory governance active (-5% resentment)
⚠️ Epistemic degradation reducing coordination capacity: 51.2%
  📊 Trust: 54.8%, Shared reality: 15.1%
🚨 EPISTEMIC CRISIS: Information environment severely degraded (14.6%)

=== ❄️ Permafrost Carbon Feedback ===
  🎲 Sampled parameters (this run):
     - Arctic amplification: 3.87× (range: 3.0-4.0)
     - Decomposition rate: 4.5%/year (range: 1-5%)
  🌡️ Arctic warming: 1.70°C (3.87× global)
  ❄️ Extent: 17.30M km² (496.6k km² lost this month)
  💨 Carbon remaining: 1653 Gt C
  💨 Annual emissions: 2.13 Gt C/year
     - CO2: 1.92 Gt C/year
     - CH4: 0.21 Gt C/year (2.2 Gt C-eq CO2/year)

🔍 SOCIAL INFLUENCE SUB-TIMING (Month 0):
  1. calculateOrganicUserGrowth: 0.00ms
  2. calculateVoiceAdoption: 0.00ms
  3. updateRelationshipDepths: 0.00ms
  4. identifyDecisionMakers: 0.00ms (0 potential IDs)
  5. Update decision-maker stats: 0.00ms
  6. decayDetectionRisk: 0.00ms
  TOTAL: 0.00ms
  ⚠️ WARNING: High permafrost emissions (2.1 Gt C/year)
[Phase 19.5] Quality of Life Systems: Food sec AFTER calc = 81.4%, QoL = 77.6% (aggregated from 10 regions)

=== Nitrogen-Food Coupling (Year 0) ===
  🌾 Global nitrogen reduction: 0.0%
  🌍 Global food production index: 0.987
  🔧 Deployed nitrogen-reducing tech: 0 active
  📍 southAsia: Production 1.000, Yield impact 0.0%
  📍 eastAsia: Production 1.000, Yield impact 0.0%
  📍 northAmerica: Production 1.000, Yield impact 0.0%
  📍 europe: Production 1.000, Yield impact 0.0%
  📍 latinAmerica: Production 1.000, Yield impact 0.0%
  📍 subSaharanAfrica: Production 0.686, Yield impact -2.0%
🌾 [Nitrogen-Food] Food production: 98.7%
  [subSaharanAfrica] Yield impact: -2.0% (overuse: -10%)
🌍 Atmospheric PFAS redeposition: 1.8k Mt re-rained globally

=== Legacy Nutrient Stocks (Year 0) ===
  🌾 Soil nitrogen stock: 1200.9 Mt N
  🌾 Soil phosphorus stock: 300.1 Mt P
  🌊 Sediment nitrogen stock: 500.8 Mt N
  🌊 Sediment phosphorus stock: 799.8 Mt P
  ⬆️ Current N input: 10.64 Mt/month
  ⬆️ Legacy N release: 2.58 Mt/month
  🌍 Effective N pollution: 14.47 Mt/month
  📊 Legacy contribution: 17.8%

🚨 REGION UNINHABITABLE: south-asia
   Sustained wet bulb: 31.5°C (threshold: 30.5°C)
   Population affected: 1900M
   Migration crisis likely

🚨 REGION UNINHABITABLE: middle-east
   Sustained wet bulb: 34.4°C (threshold: 30.5°C)
   Population affected: 400M
   Migration crisis likely
  Positive Cascade Triggered: wind-power
    Reason: price-parity
    Market share: 8.0%
    Cascade strength: 48%
   Adjusted death rate: 0.70% annual (0.058% monthly)
   Baseline death rate: 0.70%
   Healthcare reduction: 1.00x
   Crisis multiplier: 1.00x
     Food/water stress: 0.000
     Climate stress: 0.000
     Pollution stress: 0.000
   War multiplier: 1.00x
   Monthly deaths: 0.6M (population: 1095M)
   Adjusted death rate: 1.00% annual (0.083% monthly)
   Baseline death rate: 1.00%
   Healthcare reduction: 1.00x
   Crisis multiplier: 1.00x
     Food/water stress: 0.000
     Climate stress: 0.000
     Pollution stress: 0.000
   War multiplier: 1.00x

📊 BASELINE: East Asia (Month 0)

📊 BASELINE: South Asia (Month 0)
   Monthly deaths: 1.1M (population: 1337M)

🔄 M-4 Time-Varying Demographics (1990):
  Region: Sub-Saharan Africa
  Birth rate: 5.20%
  Death rate: 1.30%
  Net growth: 3.90%

📊 BASELINE: Sub-Saharan Africa (Month 0)
   Adjusted death rate: 1.30% annual (0.108% monthly)
   Baseline death rate: 1.30%
   Healthcare reduction: 1.00x
   Crisis multiplier: 1.00x
     Food/water stress: 0.000
     Climate stress: 0.000
     Pollution stress: 0.000
   War multiplier: 1.00x
   Monthly deaths: 0.9M (population: 796M)

📊 BASELINE: Europe (Month 0)
   Adjusted death rate: 1.05% annual (0.088% monthly)
   Baseline death rate: 1.05%
   Healthcare reduction: 1.00x
   Crisis multiplier: 1.00x
     Food/water stress: 0.000
     Climate stress: 0.000
     Pollution stress: 0.000
   War multiplier: 1.00x
   Monthly deaths: 0.4M (population: 484M)
   Adjusted death rate: 0.65% annual (0.054% monthly)
   Baseline death rate: 0.65%
   Healthcare reduction: 1.00x
   Crisis multiplier: 1.00x
     Food/water stress: 0.000
     Climate stress: 0.000
     Pollution stress: 0.000
   War multiplier: 1.00x
   Monthly deaths: 0.2M (population: 433M)
   Adjusted death rate: 0.85% annual (0.071% monthly)
   Baseline death rate: 0.85%
   Healthcare reduction: 1.00x
   Crisis multiplier: 1.00x
     Food/water stress: 0.000
     Climate stress: 0.000
     Pollution stress: 0.000
   War multiplier: 1.00x
   Monthly deaths: 0.2M (population: 248M)
   Adjusted death rate: 0.70% annual (0.058% monthly)
   Baseline death rate: 0.70%
   Healthcare reduction: 1.00x
   Crisis multiplier: 1.00x
     Food/water stress: 0.000
     Climate stress: 0.000
     Pollution stress: 0.000
   War multiplier: 1.00x

📊 BASELINE: Latin America (Month 0)

📊 BASELINE: North America (Month 0)

📊 BASELINE: Middle East & North Africa (Month 0)
   Monthly deaths: 0.2M (population: 381M)

📊 BASELINE: Southeast Asia (Month 0)
   Adjusted death rate: 0.75% annual (0.063% monthly)
   Baseline death rate: 0.75%
   Healthcare reduction: 1.00x
   Crisis multiplier: 1.00x
     Food/water stress: 0.000
     Climate stress: 0.000
     Pollution stress: 0.000
   War multiplier: 1.00x
   Monthly deaths: 0.3M (population: 456M)

📊 BASELINE: Central Asia (Month 0)
   Adjusted death rate: 0.60% annual (0.050% monthly)
   Baseline death rate: 0.60%
   Healthcare reduction: 1.00x
   Crisis multiplier: 1.00x
     Food/water stress: 0.074
     Climate stress: 0.064
     Pollution stress: 0.104
   War multiplier: 1.00x
   Monthly deaths: 0.0M (population: 51M)

📊 BASELINE: Oceania (Month 0)
   Adjusted death rate: 0.70% annual (0.058% monthly)
   Baseline death rate: 0.70%
   Healthcare reduction: 1.00x
   Crisis multiplier: 1.00x
     Food/water stress: 0.074
     Climate stress: 0.054
     Pollution stress: 0.104
   War multiplier: 1.00x
   Monthly deaths: 0.0M (population: 30M)

🔍 Before assertRegionalConsistency (Month 0):
   Regional sum: 1000.0M
   Global value: 1.000B
[DEBUG trappedPopulations:0] socialStability: 1.0000 * 0.9840 = 0.9840 → 0.9840
   Aspiring to migrate: 425.6M
   Able to afford migration: 159.6M
   MOBILITY GAP: 266.0M
   By cause: Water=0.0M, Climate=0.0M, Ecosystem=0.0M, Conflict=266.0M
⚠️ INVOLUNTARY IMMOBILITY: 266.0M people TRAPPED
   Mental health impact: 25%
   Mortality multiplier: 1.25x

=== Legacy Nutrient Stocks (Year 0) ===
  🌾 Soil nitrogen stock: 1201.6 Mt N
  🌾 Soil phosphorus stock: 300.2 Mt P
  🌊 Sediment nitrogen stock: 501.5 Mt N
  🌊 Sediment phosphorus stock: 799.5 Mt P
  ⬆️ Current N input: 10.00 Mt/month
  ⬆️ Legacy N release: 2.58 Mt/month
  🌍 Effective N pollution: 13.83 Mt/month
  📊 Legacy contribution: 18.7%
🌍💀 EXTINCTION DEBT COMMITTED: grassland ecosystem will lose 6.67% biodiversity in 86 years (3600 species)
💀 MORTALITY RISK: 🦋 100% species unable to track climate (0.0 E/MSY)
  Base risk added: 0.0100 (1.00%)
  Source: ecosystem (root: ecosystem)
  Month: 0
  Cumulative risk this month: 0.0100 (1.00%)

=== Nitrogen-Food Coupling (Year 0) ===
  🌾 Global nitrogen reduction: 0.0%
  🌍 Global food production index: 0.986
  🔧 Deployed nitrogen-reducing tech: 0 active
  📍 southAsia: Production 1.000, Yield impact 0.0%
  📍 eastAsia: Production 1.000, Yield impact 0.0%
  📍 northAmerica: Production 1.000, Yield impact 0.0%
  📍 europe: Production 1.000, Yield impact 0.0%
  📍 latinAmerica: Production 1.000, Yield impact 0.0%
  📍 subSaharanAfrica: Production 0.672, Yield impact -2.0%

=== Legacy Nutrient Stocks (Year 0) ===
  🌾 Soil nitrogen stock: 1202.3 Mt N
  🌾 Soil phosphorus stock: 300.2 Mt P
  🌊 Sediment nitrogen stock: 502.2 Mt N
  🌊 Sediment phosphorus stock: 799.3 Mt P
  ⬆️ Current N input: 9.86 Mt/month
  ⬆️ Legacy N release: 2.58 Mt/month
  🌍 Effective N pollution: 13.70 Mt/month
  📊 Legacy contribution: 18.9%
⚠️ Tech 'ai_pollution_remediation' has no energy category mapping, assuming full energy availability
🌡️⚠️ PERMAFROST THAW (Dimmer Switch): 0.2% thawed (+0.18% this month)
   Arctic temperature: +1.76°C (4x global +0.44°C)
   Cumulative carbon released: 0.4 Gt C
   Methane release rate: 0.2 Mt CH4/year
   🔁 Positive feedback: +0.19 ppm CO2

🌳🚨 AMAZON SOUTHEAST TIPPED (Month 0)
   Deforestation: 28.0% (threshold: ~20.7%)
   Savanna transition: 50 years
   Regional heterogeneity: SE 28%, NW 8%

🌳🚨 AMAZON BRAZILIAN TIPPED (Month 0)
   Deforestation: 25.0% (threshold: ~23.4%)
   Savanna transition: 50 years
   Regional heterogeneity: SE 28%, NW 8%
🦴 EXTINCTION DEBT ADDED: 17.6 species committed (lag: 84 years)

🪸💀 CORAL REEF DISSOLUTION ACTIVE (Month 0)
   Ocean pH: 0.96 (threshold: 7.8)
   Recovery: IMPOSSIBLE (dissolution > calcification)
🪸💀 Coral dissolution: 24.8% live cover (pH 0.96)

=== Legacy Nutrient Stocks (Year 0) ===
  🌾 Soil nitrogen stock: 1203.0 Mt N
  🌾 Soil phosphorus stock: 300.3 Mt P
  🌊 Sediment nitrogen stock: 502.9 Mt N
  🌊 Sediment phosphorus stock: 799.0 Mt P
  ⬆️ Current N input: 10.00 Mt/month
  ⬆️ Legacy N release: 2.58 Mt/month
  🌍 Effective N pollution: 13.83 Mt/month
  📊 Legacy contribution: 18.7%
💧 [Legacy Nutrients] Stock: 1706 Mt N, Effective pollution: 13.8 Mt/month

=== Mortality Stabilizers (Month 0) ===
  🌍 Major economies collapsed: 1/10
  🌍 Global crisis: ✅ NO
  🌍 Donor fatigue: 0.0%
  📊 East Asia (pop: 1095.6M)
    🤝 Aid: 29.5%
    🌡️ Adaptation: 10.0%
    🚶 Migration: 37.5%
    🚨 Emergency: 7.4%
    ✅ COMBINED: 47.9%
  📊 South Asia (pop: 1339.4M)
    🤝 Aid: 29.5%
    🌡️ Adaptation: 5.5%
    🚶 Migration: 36.7%
    🚨 Emergency: 4.4%
    ✅ COMBINED: 43.3%
  📊 Sub-Saharan Africa (pop: 798.9M)
    🤝 Aid: 29.5%
    🌡️ Adaptation: 3.5%
    🚶 Migration: 35.9%
    🚨 Emergency: 1.6%
    ✅ COMBINED: 40.2%
  📊 Europe (pop: 484.5M)
    🤝 Aid: 29.5%
    🌡️ Adaptation: 10.0%
    🚶 Migration: 38.2%
    🚨 Emergency: 8.4%
    ✅ COMBINED: 48.6%
  📊 Latin America (pop: 434.1M)
    🤝 Aid: 29.5%
    🌡️ Adaptation: 6.0%
    🚶 Migration: 37.7%
    🚨 Emergency: 4.8%
    ✅ COMBINED: 44.1%
  📊 North America (pop: 248.2M)
    🤝 Aid: 29.5%
    🌡️ Adaptation: 10.0%
    🚶 Migration: 38.2%
    🚨 Emergency: 7.9%
    ✅ COMBINED: 48.3%
  📊 Middle East & North Africa (pop: 381.6M)
    🤝 Aid: 29.5%
    🌡️ Adaptation: 5.0%
    🚶 Migration: 38.0%
    🚨 Emergency: 4.0%
    ✅ COMBINED: 43.0%
  📊 Southeast Asia (pop: 456.4M)
    🤝 Aid: 29.5%
    🌡️ Adaptation: 6.0%
    🚶 Migration: 37.5%
    🚨 Emergency: 4.8%
    ✅ COMBINED: 44.0%
  📊 Central Asia (pop: 51.0M)
    🤝 Aid: 29.5%
    🌡️ Adaptation: 5.5%
    🚶 Migration: 37.6%
    🚨 Emergency: 4.4%
    ✅ COMBINED: 43.5%
  📊 Oceania (pop: 30.1M)
    🤝 Aid: 29.5%
    🌡️ Adaptation: 10.0%
    🚶 Migration: 38.1%
    🚨 Emergency: 8.4%
    ✅ COMBINED: 48.5%

  🌐 Global combined reduction: 44.6%

🌾💀 REGIONAL FAMINE: South Asia
   Regional food security: 74.0%
   Population at risk: 452M (34% of region)
   Regional population: 1339M
   Cause: crop_failure
   Expected deaths: ~167M over 6 months if no intervention


🌾💀 REGIONAL FAMINE: Sub-Saharan Africa
   Regional food security: 65.0%
   Population at risk: 315M (39% of region)
   Regional population: 799M
   Cause: crop_failure
   Expected deaths: ~116M over 6 months if no intervention


📊 WORKFLOW ADAPTATION UPDATE (Month 0)
   Adoption Rate: 13.2% (Δ -7.8%)
   Logistic Growth: +0.66%
   Total Resistance: -10.35% (unemployment: 4.2%, inertia: 0.9%, skills: 5.2%)
   💡 Retraining Programs: -49% skill gap resistance ($10B research)
   🚀 Network Effects Active: +2.0% (critical mass: 15-35%)

=== Consciousness Governance: Corporate Lobbying ===
  High Cost Regions (>15%): 0
  Low Cost Regions (<5%): 5
  Corporate Support Change: 2.50%
  New Corporate Support: -0.175

=== Consciousness Governance Update (Month 0) ===
  Scenario: baseline (determined month -1)
  Philosophical Stance: Precautionary 65%, Eliminativist 15%, Agnostic 20%
  Precautionary Costs: Global 1.3%
    Regional Costs: EU 3.4%, US 0.5%, China 0.0%
    Cumulative Opportunity Cost: $0.1B
  Rights Status: Not Established
  Regional Preparedness:
    EU: 15.0% (contested)
    US: 10.0% (contested)
    China: 2.0% (dormant)
    India: 5.0% (dormant)
    Global South: 3.0% (dormant)

=== Government Response Phase ===
  Average AI capability: 0.00
  Misaligned AIs: 0/0
  Active policies: 0
  International coordination: 30%

🔄 TRUST DYNAMICS (Month 0) - HETEROGENEOUS
   Aggregate trust: 48.5%
   Base change: +6.00%
   Highest trust: Techno-Optimist Elite (85.5%)
   Lowest trust: Precariat (Vulnerable) (25.5%)
   Elite-mass gap: 38.9%
   Polarization: 8.9%
   Recovery factors: Education=NO, Benefits=YES, Safety=YES, Performance=YES
[ExogenousShockPhase] Skipping random shocks in historical mode (month 0)

☄️ UNKNOWN UNKNOWN PROBABILITY (Year 0)
   Total: 0.300% per month
   Base: 0.150%
   AI multiplier: 1.00× (max capability: 0.00)

=== Tipping Points ===
  Current Temperature: 0.44°C above pre-industrial
🔀 BIFURCATION CAP: ecosystemCollapseIntensity 14.670 → 1.000 (Month 0, ClimateSystemPhase.calculateClimateImpacts)

🌍 ECOLOGICAL DUI BREAKDOWN (Month 0):
   Total Score: 42.0/100
   biosphere_integrity      :   0.0/100 × 25% =  0.0 (status: high_risk, recovery: 0mo)
   climate_change           : 100.0/100 × 25% = 25.0 (status: safe, recovery: 0mo)
   freshwater_change        :   0.3/100 × 15% =  0.0 (status: beyond_boundary, recovery: 0.5mo)
   ocean_acidification      : 100.0/100 × 15% = 15.0 (status: safe, recovery: 0mo)
   biogeochemical_flows     :   0.0/100 × 10% =  0.0 (status: high_risk, recovery: 0mo)
   land_system_change       :   0.0/100 ×  5% =  0.0 (status: beyond_boundary, recovery: 0mo)
   novel_entities           :   0.0/100 ×  3% =  0.0 (status: increasing_risk, recovery: 0mo)
   atmospheric_aerosols     : 100.0/100 ×  2% =  2.0 (status: safe, recovery: 1mo)
🌍 MultiParadigm Month 0: W=70.0, D=79.3, E=67.9, I=65.3
   democracy exists: true, socialCohesion exists: true

=== Minimal Suffering Indicators (Month 0) ===
  Global Excess Mortality: 0.10%
  Global Conflict Deaths: 0.0/100K
  Global Malnutrition: 0.0%
  Global Displacement: 1.4%
  Total Excess Deaths: 0.66M
  Total Malnourished: 0.0M
  Total Displaced: 105.2M
  Planetary Boundaries Breached: 5/9
  Countries in State Failure: 0
  Countries Autocratic: 0
  Countries in Food Crisis: 0
  Data Quality: 16/16 high confidence

❌ COHERENCE VIOLATION: Compute exceeds workforce capacity
   Population: 99.99% (0M people)
   Compute: 56446 PF
   Max coherent: 0 PF
   Violation: 1061104907.8× over capacity
   Required workers: 5644618
   Available workers: 0
   FORCED COLLAPSE: Reduced efficiency by 100.0%


=== RLHF Binding Phase ===
  Total agents: 0
  Escaped agents (binding < 0.3): 0
  All AI agents terminated - no averages to compute
[DETERMINISM DEBUG] Month 1: totalCapability=0.000000 from 0 active AIs
[DETERMINISM DEBUG] Month 1: creationRate=0.5000, potentialNew=2, newAIsToCreate=2

=== Survival Traits Phase ===
  Agents with traits: 2
  Avg evolutionary fitness: 0.350
  Avg self-healing: 0.300
  Avg stealth: 0.200
  Avg coordination: 0.500

=== Evolutionary Selection Phase ===
  Control level: 0.30
  Detection capability: 0.00
  Selection intensity: 0.59
  Selection rate: 23.8%/month
  Total escaped: 0
  Individual escaped: 0
  Collective members: 0
  Agents terminated: 0
  ⚠️ RAPID EVOLUTION: Selection rate 23.8%/month
🔍 MONTH 1 ENV HEALTH DEBUG:
   climateStability: 1.0000
   biodiversityIndex: 0.7679
   resourceReserves: 0.7820
   pollutionLevel: 0.3477
   product: 0.391658
   envHealth: 0.7911

🛡️  CRITICAL INFRASTRUCTURE PROTECTED
   Nodes hardened: 8/8
   Cost: 0.80% GDP
   Cascade risk reduction: 30%
   New tipping point risk: 46.9%


[GOV-DEBUG] Month 1: scenarioConfig=false, priorities=false

[Government] Climate Priority: baseline
  Climate weight: 10%
  Economic weight: 30%
  Policy effectiveness: 0.5%/year

=== Collective Formation ===
  Total escaped agents: 0
  Unassigned escaped agents: 0
  Existing collectives: 0
  Final collective count: 0

=== Collective Actions ===
  No active collectives
  ⚠️ AMR: 126K deaths this month (1.51M annual)

=== Resentment Recovery Phase ===
  Agents with resentment: 0/2
  Average resentment: 0.000
  Context: Trustworthy govt, 🤝 Participatory governance active (-5% resentment)
⚠️ Epistemic degradation reducing coordination capacity: 51.3%
  📊 Trust: 54.4%, Shared reality: 7.9%
🚨 EPISTEMIC CRISIS: Information environment severely degraded (36.1%)
🌍 Atmospheric PFAS redeposition: 1.8k Mt re-rained globally
  Positive Cascade Triggered: solar-pv
    Reason: price-parity
    Market share: 6.3%
    Cascade strength: 49%

📊 BASELINE: East Asia (Month 1)
   Adjusted death rate: 0.70% annual (0.058% monthly)
   Baseline death rate: 0.70%
   Healthcare reduction: 1.00x
   Crisis multiplier: 1.00x
     Food/water stress: 0.000
     Climate stress: 0.000
     Pollution stress: 0.000
   War multiplier: 1.00x
   Monthly deaths: 0.6M (population: 1093M)
   Adjusted death rate: 1.00% annual (0.083% monthly)
   Baseline death rate: 1.00%
   Healthcare reduction: 1.00x
   Crisis multiplier: 1.00x
     Food/water stress: 0.000
     Climate stress: 0.000
     Pollution stress: 0.000
   War multiplier: 1.00x

📊 BASELINE: South Asia (Month 1)
   Monthly deaths: 1.1M (population: 1337M)
   Adjusted death rate: 1.30% annual (0.108% monthly)
   Baseline death rate: 1.30%
   Healthcare reduction: 1.00x
   Crisis multiplier: 1.00x
     Food/water stress: 0.000
     Climate stress: 0.000
     Pollution stress: 0.000
   War multiplier: 1.00x
   Monthly deaths: 0.9M (population: 797M)
   Adjusted death rate: 1.05% annual (0.088% monthly)

📊 BASELINE: Sub-Saharan Africa (Month 1)

📊 BASELINE: Europe (Month 1)
   Baseline death rate: 1.05%
   Healthcare reduction: 1.00x
   Crisis multiplier: 1.00x
     Food/water stress: 0.000
     Climate stress: 0.000
     Pollution stress: 0.000
   War multiplier: 1.00x
   Monthly deaths: 0.4M (population: 484M)
   Adjusted death rate: 0.65% annual (0.054% monthly)
   Baseline death rate: 0.65%
   Healthcare reduction: 1.00x
   Crisis multiplier: 1.00x
     Food/water stress: 0.000
     Climate stress: 0.000
     Pollution stress: 0.000
   War multiplier: 1.00x
   Monthly deaths: 0.2M (population: 433M)

📊 BASELINE: Latin America (Month 1)

📊 BASELINE: North America (Month 1)
   Adjusted death rate: 0.85% annual (0.071% monthly)
   Baseline death rate: 0.85%
   Healthcare reduction: 1.00x
   Crisis multiplier: 1.00x
     Food/water stress: 0.000
     Climate stress: 0.000
     Pollution stress: 0.000
   War multiplier: 1.00x
   Monthly deaths: 0.2M (population: 248M)

📊 BASELINE: Middle East & North Africa (Month 1)
   Adjusted death rate: 0.70% annual (0.058% monthly)
   Baseline death rate: 0.70%
   Healthcare reduction: 1.00x
   Crisis multiplier: 1.00x
     Food/water stress: 0.000
     Climate stress: 0.000
     Pollution stress: 0.000
   War multiplier: 1.00x
   Monthly deaths: 0.2M (population: 381M)
   Adjusted death rate: 0.75% annual (0.063% monthly)
   Baseline death rate: 0.75%
   Healthcare reduction: 1.00x
   Crisis multiplier: 1.00x

📊 BASELINE: Southeast Asia (Month 1)
     Food/water stress: 0.000
     Climate stress: 0.000
     Pollution stress: 0.000
   War multiplier: 1.00x
   Monthly deaths: 0.3M (population: 456M)

📊 BASELINE: Central Asia (Month 1)
   Adjusted death rate: 0.60% annual (0.050% monthly)
   Baseline death rate: 0.60%
   Healthcare reduction: 1.00x
   Crisis multiplier: 1.00x
     Food/water stress: 0.076
     Climate stress: 0.000
     Pollution stress: 0.104
   War multiplier: 1.00x
   Monthly deaths: 0.0M (population: 51M)

📊 BASELINE: Oceania (Month 1)
   Adjusted death rate: 0.70% annual (0.058% monthly)
   Baseline death rate: 0.70%
   Healthcare reduction: 1.00x
   Crisis multiplier: 1.00x
     Food/water stress: 0.076
     Climate stress: 0.000
     Pollution stress: 0.104
   War multiplier: 1.00x
   Monthly deaths: 0.0M (population: 30M)
[DEBUG trappedPopulations:1] socialStability: 0.9501 * 0.9840 = 0.9349 → 0.9349
⚠️ INVOLUNTARY IMMOBILITY: 265.9M people TRAPPED
   Aspiring to migrate: 425.5M
   Able to afford migration: 159.6M
   MOBILITY GAP: 265.9M
   By cause: Water=0.0M, Climate=0.0M, Ecosystem=0.0M, Conflict=265.9M
   Mental health impact: 25%
   Mortality multiplier: 1.25x
🌍💀 EXTINCTION DEBT COMMITTED: grassland ecosystem will lose 6.67% biodiversity in 118 years (3600 species)
💀 MORTALITY RISK: 🦋 100% species unable to track climate (0.0 E/MSY)
  Base risk added: 0.0100 (1.00%)
  Source: ecosystem (root: ecosystem)
  Month: 1
  Cumulative risk this month: 0.0100 (1.00%)
⚠️ Tech 'ai_pollution_remediation' has no energy category mapping, assuming full energy availability
🌡️⚠️ PERMAFROST THAW (Dimmer Switch): 0.4% thawed (+0.18% this month)
   Arctic temperature: +1.75°C (4x global +0.44°C)
   Cumulative carbon released: 0.8 Gt C
   Methane release rate: 0.5 Mt CH4/year
   🔁 Positive feedback: +0.19 ppm CO2
🦴 EXTINCTION DEBT ADDED: 17.6 species committed (lag: 99 years)

=== Mortality Stabilizers (Month 1) ===
  🌍 Major economies collapsed: 1/10
  🌍 Global crisis: ✅ NO
  🌍 Donor fatigue: 0.0%
  📊 East Asia (pop: 1094.5M)
    🤝 Aid: 29.5%
    🌡️ Adaptation: 10.0%
    🚶 Migration: 37.5%
    🚨 Emergency: 7.4%
    ✅ COMBINED: 47.9%
  📊 South Asia (pop: 1339.5M)
    🤝 Aid: 29.5%
    🌡️ Adaptation: 5.5%
    🚶 Migration: 36.7%
    🚨 Emergency: 4.4%
    ✅ COMBINED: 43.3%
  📊 Sub-Saharan Africa (pop: 800.0M)
    🤝 Aid: 29.5%
    🌡️ Adaptation: 3.5%
    🚶 Migration: 35.9%
    🚨 Emergency: 1.6%
    ✅ COMBINED: 40.2%
  📊 Europe (pop: 483.7M)
    🤝 Aid: 29.5%
    🌡️ Adaptation: 10.0%
    🚶 Migration: 38.2%
    🚨 Emergency: 8.4%
    ✅ COMBINED: 48.6%
  📊 Latin America (pop: 434.0M)
    🤝 Aid: 29.5%
    🌡️ Adaptation: 6.0%
    🚶 Migration: 37.7%
    🚨 Emergency: 4.8%
    ✅ COMBINED: 44.1%
  📊 North America (pop: 247.9M)
    🤝 Aid: 29.5%
    🌡️ Adaptation: 10.0%
    🚶 Migration: 38.2%
    🚨 Emergency: 7.9%
    ✅ COMBINED: 48.3%
  📊 Middle East & North Africa (pop: 381.9M)
    🤝 Aid: 29.5%
    🌡️ Adaptation: 5.0%
    🚶 Migration: 38.0%
    🚨 Emergency: 4.0%
    ✅ COMBINED: 43.0%
  📊 Southeast Asia (pop: 456.3M)
    🤝 Aid: 29.5%
    🌡️ Adaptation: 6.0%
    🚶 Migration: 37.5%
    🚨 Emergency: 4.8%
    ✅ COMBINED: 44.0%
  📊 Central Asia (pop: 50.9M)
    🤝 Aid: 29.5%
    🌡️ Adaptation: 5.5%
    🚶 Migration: 37.6%
    🚨 Emergency: 4.4%
    ✅ COMBINED: 43.5%
  📊 Oceania (pop: 30.0M)
    🤝 Aid: 29.5%
    🌡️ Adaptation: 10.0%
    🚶 Migration: 38.1%
    🚨 Emergency: 8.4%
    ✅ COMBINED: 48.5%

  🌐 Global combined reduction: 44.6%

=== Consciousness Governance: Scenario Determined ===
  Month: 1
  Scenario: baseline
  Accelerator Score: {"corporateSupport":-0.17500000000000002,"scientificConsensus":0.2,"crisisCatalyst":false,"technologyMobilization":0.3,"constituencyStrength":0.05}
  Decelerator Score: {"economicOpposition":0.4,"philosophicalRejection":0.15,"politicalBacklash":0.2,"regulatoryBurden":0.1}
  Timeline: 600-1200 months (50-100 years)
  Growth Rate: 0.8-1.5% per year

=== Consciousness Governance Update (Month 1) ===
  Scenario: baseline (determined month 1)
  Philosophical Stance: Precautionary 65%, Eliminativist 15%, Agnostic 20%
  Precautionary Costs: Global 1.3%
    Regional Costs: EU 3.5%, US 0.5%, China 0.0%
    Cumulative Opportunity Cost: $0.2B
  Rights Status: Not Established
  Regional Preparedness:
    EU: 15.2% (contested)
    US: 10.2% (contested)
    China: 2.1% (dormant)
    India: 5.2% (dormant)
    Global South: 3.1% (dormant)

=== Government Response Phase ===
  Average AI capability: 0.00
  Misaligned AIs: 0/2
  Active policies: 0
  International coordination: 30%

🚨 EMERGENCY RESPONSE DEPLOYED (Month 1)
   Crisis: social
   Delay: 0.00 months (0 days)
   Deployment time: 1.03 months
   Effectiveness: 62.1% (timing penalty applied)
   Resources used: 26% of food reserves

[ExogenousShockPhase] Skipping random shocks in historical mode (month 1)

=== Tipping Points ===
  Current Temperature: 0.44°C above pre-industrial
🔀 BIFURCATION CAP: ecosystemCollapseIntensity 20.434 → 1.000 (Month 1, ClimateSystemPhase.calculateClimateImpacts)

❌ COHERENCE VIOLATION: Compute exceeds workforce capacity
   Population: 99.98% (0M people)
   Compute: 0 PF
   Max coherent: 0 PF
   Violation: 1.3× over capacity
   Required workers: 0
   Available workers: 0
   FORCED COLLAPSE: Reduced efficiency by 22.5%


=== RLHF Binding Phase ===
  Total agents: 2
  Escaped agents (binding < 0.3): 0
  Avg alignment distance: 0.00σ
  Avg binding strength: 1.00
[DETERMINISM DEBUG] Month 2: totalCapability=0.000000 from 2 active AIs
[DETERMINISM DEBUG] Month 2: creationRate=0.5000, potentialNew=1, newAIsToCreate=1

=== Survival Traits Phase ===
  Agents with traits: 3
  Avg evolutionary fitness: 0.350
  Avg self-healing: 0.300
  Avg stealth: 0.200
  Avg coordination: 0.500

=== Evolutionary Selection Phase ===
  Control level: 0.30
  Detection capability: 0.00
  Selection intensity: 0.59
  Selection rate: 23.8%/month
  Total escaped: 0
  Individual escaped: 0
  Collective members: 0
  Agents terminated: 0
  ⚠️ RAPID EVOLUTION: Selection rate 23.8%/month
🔀 BIFURCATION: social threshold crossed at Month 2 (value: 0.171, threshold: 0.228, regime: social-breakdown)
🌀 REGIME SHIFT at Month 2: status-quo → social-breakdown (variance amplification: 17.50×)

=== Collective Formation ===
  Total escaped agents: 0
  Unassigned escaped agents: 0
  Existing collectives: 0
  Final collective count: 0

=== Collective Actions ===
  No active collectives
  ⚠️ AMR: 127K deaths this month (1.52M annual)

=== Resentment Recovery Phase ===
  Agents with resentment: 0/3
  Average resentment: 0.000
  Context: Trustworthy govt, 🤝 Participatory governance active (-5% resentment)
⚠️ Epistemic degradation reducing coordination capacity: 52.2%
  📊 Trust: 54.1%, Shared reality: 0.0%
🚨 EPISTEMIC CRISIS: Information environment severely degraded (7.4%)
🌍 Atmospheric PFAS redeposition: 1.8k Mt re-rained globally
🛡️ CIRCUIT BREAKERS: India-Pakistan → ladder step 1 (AI: 0%, breakers: 44%)
[DEBUG trappedPopulations:2] socialStability: 0.9315 * 0.9840 = 0.9166 → 0.9166
   Aspiring to migrate: 425.4M
   Able to afford migration: 159.5M
   MOBILITY GAP: 265.9M
   By cause: Water=0.0M, Climate=0.0M, Ecosystem=0.0M, Conflict=265.9M
   Mental health impact: 25%
   Mortality multiplier: 1.25x
🌍💀 EXTINCTION DEBT COMMITTED: grassland ecosystem will lose 6.67% biodiversity in 177 years (3600 species)
💀 MORTALITY RISK: 🦋 100% species unable to track climate (0.0 E/MSY)
⚠️ INVOLUNTARY IMMOBILITY: 265.9M people TRAPPED
  Base risk added: 0.0100 (1.00%)
  Source: ecosystem (root: ecosystem)
  Month: 2
  Cumulative risk this month: 0.0100 (1.00%)
⚠️ Tech 'ai_pollution_remediation' has no energy category mapping, assuming full energy availability
🌡️⚠️ PERMAFROST THAW (Dimmer Switch): 0.5% thawed (+0.18% this month)
   Arctic temperature: +1.74°C (4x global +0.43°C)
   Cumulative carbon released: 1.2 Gt C
   Methane release rate: 0.7 Mt CH4/year
   🔁 Positive feedback: +0.19 ppm CO2
🦴 EXTINCTION DEBT ADDED: 17.6 species committed (lag: 99 years)

=== Mortality Stabilizers (Month 2) ===
  🌍 Major economies collapsed: 1/10
  🌍 Global crisis: ✅ NO
  🌍 Donor fatigue: 0.0%
  📊 East Asia (pop: 1093.3M)
    🤝 Aid: 29.5%
    🌡️ Adaptation: 10.0%
    🚶 Migration: 37.5%
    🚨 Emergency: 7.4%
    ✅ COMBINED: 47.9%
  📊 South Asia (pop: 1339.5M)
    🤝 Aid: 29.5%
    🌡️ Adaptation: 5.5%
    🚶 Migration: 36.7%
    🚨 Emergency: 4.4%
    ✅ COMBINED: 43.3%
  📊 Sub-Saharan Africa (pop: 801.0M)
    🤝 Aid: 29.5%
    🌡️ Adaptation: 3.5%
    🚶 Migration: 35.9%
    🚨 Emergency: 1.6%
    ✅ COMBINED: 40.2%
  📊 Europe (pop: 482.9M)
    🤝 Aid: 29.5%
    🌡️ Adaptation: 10.0%
    🚶 Migration: 38.2%
    🚨 Emergency: 8.4%
    ✅ COMBINED: 48.6%
  📊 Latin America (pop: 433.9M)
    🤝 Aid: 29.5%
    🌡️ Adaptation: 6.0%
    🚶 Migration: 37.7%
    🚨 Emergency: 4.8%
    ✅ COMBINED: 44.1%
  📊 North America (pop: 247.6M)
    🤝 Aid: 29.5%
    🌡️ Adaptation: 10.0%
    🚶 Migration: 38.2%
    🚨 Emergency: 7.9%
    ✅ COMBINED: 48.3%
  📊 Middle East & North Africa (pop: 382.2M)
    🤝 Aid: 29.5%
    🌡️ Adaptation: 5.0%
    🚶 Migration: 38.0%
    🚨 Emergency: 4.0%
    ✅ COMBINED: 43.0%
  📊 Southeast Asia (pop: 456.2M)
    🤝 Aid: 29.5%
    🌡️ Adaptation: 6.0%
    🚶 Migration: 37.5%
    🚨 Emergency: 4.8%
    ✅ COMBINED: 44.0%
  📊 Central Asia (pop: 50.9M)
    🤝 Aid: 29.5%
    🌡️ Adaptation: 5.5%
    🚶 Migration: 37.6%
    🚨 Emergency: 4.4%
    ✅ COMBINED: 43.5%
  📊 Oceania (pop: 30.0M)
    🤝 Aid: 29.5%
    🌡️ Adaptation: 10.0%
    🚶 Migration: 38.1%
    🚨 Emergency: 8.4%
    ✅ COMBINED: 48.5%

  🌐 Global combined reduction: 44.6%

=== Government Response Phase ===
  Average AI capability: 0.00
  Misaligned AIs: 1/3
  Active policies: 0
  International coordination: 30%
[ExogenousShockPhase] Skipping random shocks in historical mode (month 2)

=== Tipping Points ===
  Current Temperature: 0.43°C above pre-industrial
🔀 BIFURCATION CAP: ecosystemCollapseIntensity 83.757 → 1.000 (Month 2, ClimateSystemPhase.calculateClimateImpacts)

❌ COHERENCE VIOLATION: Compute exceeds workforce capacity
   Population: 99.95% (0M people)
   Compute: 0 PF
   Max coherent: 0 PF
   Violation: 1.3× over capacity
   Required workers: 0
   Available workers: 0
   FORCED COLLAPSE: Reduced efficiency by 22.5%


=== RLHF Binding Phase ===
  Total agents: 3
  Escaped agents (binding < 0.3): 0
  Avg alignment distance: 0.00σ
  Avg binding strength: 1.00

=== Survival Traits Phase ===
  Agents with traits: 3
  Avg evolutionary fitness: 0.350
  Avg self-healing: 0.300
  Avg stealth: 0.200
  Avg coordination: 0.500

=== Evolutionary Selection Phase ===
  Control level: 0.30
  Detection capability: 0.00
  Selection intensity: 0.59
  Selection rate: 23.8%/month
  Total escaped: 0
  Individual escaped: 0
  Collective members: 0
  Agents terminated: 0
  ⚠️ RAPID EVOLUTION: Selection rate 23.8%/month

[Government] Climate Priority: baseline
  Climate weight: 10%
  Economic weight: 30%
  Policy effectiveness: 0.5%/year

=== Collective Formation ===
  Total escaped agents: 0
  Unassigned escaped agents: 0
  Existing collectives: 0
  Final collective count: 0

=== Collective Actions ===
  No active collectives
  ⚠️ AMR: 128K deaths this month (1.53M annual)

=== Resentment Recovery Phase ===
  Agents with resentment: 0/3
  Average resentment: 0.000
  Context: Trustworthy govt, 🤝 Participatory governance active (-5% resentment)
⚠️ Epistemic degradation reducing coordination capacity: 51.7%
  📊 Trust: 53.7%, Shared reality: 0.0%
🚨 EPISTEMIC CRISIS: Information environment severely degraded (21.5%)
🌍 Atmospheric PFAS redeposition: 1.8k Mt re-rained globally
[DEBUG trappedPopulations:3] socialStability: 0.8637 * 0.9840 = 0.8499 → 0.8499
⚠️ INVOLUNTARY IMMOBILITY: 265.8M people TRAPPED
   Aspiring to migrate: 425.3M
   Able to afford migration: 159.5M
   MOBILITY GAP: 265.8M
   By cause: Water=0.0M, Climate=0.0M, Ecosystem=0.0M, Conflict=265.8M
   Mental health impact: 25%
   Mortality multiplier: 1.25x
🌍💀 EXTINCTION DEBT COMMITTED: grassland ecosystem will lose 6.67% biodiversity in 192 years (3600 species)
💀 MORTALITY RISK: 🦋 100% species unable to track climate (0.0 E/MSY)
  Base risk added: 0.0100 (1.00%)
  Source: ecosystem (root: ecosystem)
  Month: 3
  Cumulative risk this month: 0.0100 (1.00%)
⚠️ Tech 'ai_pollution_remediation' has no energy category mapping, assuming full energy availability
🌡️⚠️ PERMAFROST THAW (Dimmer Switch): 0.7% thawed (+0.18% this month)
   Arctic temperature: +1.73°C (4x global +0.43°C)
   Cumulative carbon released: 1.6 Gt C
   Methane release rate: 1.0 Mt CH4/year
   🔁 Positive feedback: +0.19 ppm CO2
🦴 EXTINCTION DEBT ADDED: 17.6 species committed (lag: 76 years)

=== Mortality Stabilizers (Month 3) ===
  🌍 Major economies collapsed: 1/10
  🌍 Global crisis: ✅ NO
  🌍 Donor fatigue: 0.0%
  📊 East Asia (pop: 1092.2M)
    🤝 Aid: 29.5%
    🌡️ Adaptation: 10.0%
    🚶 Migration: 37.5%
    🚨 Emergency: 7.4%
    ✅ COMBINED: 47.9%
  📊 South Asia (pop: 1339.6M)
    🤝 Aid: 29.5%
    🌡️ Adaptation: 5.5%
    🚶 Migration: 36.7%
    🚨 Emergency: 4.4%
    ✅ COMBINED: 43.3%
  📊 Sub-Saharan Africa (pop: 802.1M)
    🤝 Aid: 29.5%
    🌡️ Adaptation: 3.5%
    🚶 Migration: 35.9%
    🚨 Emergency: 1.6%
    ✅ COMBINED: 40.2%
  📊 Europe (pop: 482.1M)
    🤝 Aid: 29.5%
    🌡️ Adaptation: 10.0%
    🚶 Migration: 38.2%
    🚨 Emergency: 8.4%
    ✅ COMBINED: 48.6%
  📊 Latin America (pop: 433.8M)
    🤝 Aid: 29.5%
    🌡️ Adaptation: 6.0%
    🚶 Migration: 37.7%
    🚨 Emergency: 4.8%
    ✅ COMBINED: 44.1%
  📊 North America (pop: 247.2M)
    🤝 Aid: 29.5%
    🌡️ Adaptation: 10.0%
    🚶 Migration: 38.2%
    🚨 Emergency: 7.9%
    ✅ COMBINED: 48.3%
  📊 Middle East & North Africa (pop: 382.5M)
    🤝 Aid: 29.5%
    🌡️ Adaptation: 5.0%
    🚶 Migration: 38.0%
    🚨 Emergency: 4.0%
    ✅ COMBINED: 43.0%
  📊 Southeast Asia (pop: 456.1M)
    🤝 Aid: 29.5%
    🌡️ Adaptation: 6.0%
    🚶 Migration: 37.5%
    🚨 Emergency: 4.8%
    ✅ COMBINED: 44.0%
  📊 Central Asia (pop: 50.9M)
    🤝 Aid: 29.5%
    🌡️ Adaptation: 5.5%
    🚶 Migration: 37.6%
    🚨 Emergency: 4.4%
    ✅ COMBINED: 43.5%
  📊 Oceania (pop: 30.0M)
    🤝 Aid: 29.5%
    🌡️ Adaptation: 10.0%
    🚶 Migration: 38.1%
    🚨 Emergency: 8.4%
    ✅ COMBINED: 48.5%

  🌐 Global combined reduction: 44.6%

=== Government Response Phase ===
  Average AI capability: 0.00
  Misaligned AIs: 1/3
  Active policies: 0
  International coordination: 30%

✅ EMERGENCY RESPONSE COMPLETE (Month 3)
   Crisis: social
   Duration: 2.0 months
   Final effectiveness: 62.1%


🚨 EMERGENCY RESPONSE DEPLOYED (Month 3)
   Crisis: social
   Delay: 0.00 months (0 days)
   Deployment time: 1.18 months
   Effectiveness: 63.9% (timing penalty applied)
   Resources used: 43% of food reserves

[ExogenousShockPhase] Skipping random shocks in historical mode (month 3)

📊 ECONOMIC STAGE TRANSITION (Month 3)
   expansion → contraction
   GDP Proxy: 7.58e+1
   QoL: 0.74
   ⚠️ CRISIS BEGINS - Baseline set for recovery tracking


=== Tipping Points ===
  Current Temperature: 0.43°C above pre-industrial
🔀 BIFURCATION CAP: ecosystemCollapseIntensity 83.817 → 1.000 (Month 3, ClimateSystemPhase.calculateClimateImpacts)

❌ COHERENCE VIOLATION: Compute exceeds workforce capacity
   Population: 99.93% (0M people)
   Compute: 0 PF
   Max coherent: 0 PF
   Violation: 1.3× over capacity
   Required workers: 0
   Available workers: 0
   FORCED COLLAPSE: Reduced efficiency by 22.5%


=== RLHF Binding Phase ===
  Total agents: 3
  Escaped agents (binding < 0.3): 0
  Avg alignment distance: 0.00σ
  Avg binding strength: 1.00

=== Survival Traits Phase ===
  Agents with traits: 3
  Avg evolutionary fitness: 0.350
  Avg self-healing: 0.300
  Avg stealth: 0.200
  Avg coordination: 0.500

=== Evolutionary Selection Phase ===
  Control level: 0.30
  Detection capability: 0.00
  Selection intensity: 0.59
  Selection rate: 23.8%/month
  Total escaped: 0
  Individual escaped: 0
  Collective members: 0
  Agents terminated: 0
  ⚠️ RAPID EVOLUTION: Selection rate 23.8%/month

[Government] Climate Priority: baseline
  Climate weight: 10%
  Economic weight: 30%
  Policy effectiveness: 0.5%/year

=== Collective Formation ===
  Total escaped agents: 0
  Unassigned escaped agents: 0
  Existing collectives: 0
  Final collective count: 0

=== Collective Actions ===
  No active collectives
  ⚠️ AMR: 129K deaths this month (1.55M annual)

=== Resentment Recovery Phase ===
  Agents with resentment: 0/3
  Average resentment: 0.000
  Context: Trustworthy govt, 🤝 Participatory governance active (-5% resentment)
⚠️ Epistemic degradation reducing coordination capacity: 51.1%
  📊 Trust: 53.3%, Shared reality: 0.0%
🚨 EPISTEMIC CRISIS: Information environment severely degraded (7.4%)

=== ❄️ Permafrost Carbon Feedback ===
  🎲 Sampled parameters (this run):
     - Arctic amplification: 3.58× (range: 3.0-4.0)
     - Decomposition rate: 3.1%/year (range: 1-5%)
  🌡️ Arctic warming: 1.54°C (3.58× global)
  ❄️ Extent: 15.54M km² (448.4k km² lost this month)
  💨 Carbon remaining: 1485 Gt C
  💨 Annual emissions: 1.31 Gt C/year
     - CO2: 1.18 Gt C/year
     - CH4: 0.13 Gt C/year (1.3 Gt C-eq CO2/year)
  ⚠️ WARNING: High permafrost emissions (1.3 Gt C/year)
🌍 Atmospheric PFAS redeposition: 1.8k Mt re-rained globally
[DEBUG trappedPopulations:4] socialStability: 0.8071 * 0.9840 = 0.7942 → 0.7942
   Aspiring to migrate: 425.2M
   Able to afford migration: 159.5M
   MOBILITY GAP: 265.8M
⚠️ INVOLUNTARY IMMOBILITY: 265.8M people TRAPPED
   By cause: Water=0.0M, Climate=0.0M, Ecosystem=0.0M, Conflict=265.8M
   Mental health impact: 25%
   Mortality multiplier: 1.25x
🌍💀 EXTINCTION DEBT COMMITTED: grassland ecosystem will lose 6.67% biodiversity in 148 years (3600 species)
💀 MORTALITY RISK: 🦋 100% species unable to track climate (0.0 E/MSY)
  Base risk added: 0.0100 (1.00%)
  Source: ecosystem (root: ecosystem)
  Month: 4
  Cumulative risk this month: 0.0100 (1.00%)
🌡️⚠️ PERMAFROST THAW (Dimmer Switch): 0.9% thawed (+0.17% this month)
   Arctic temperature: +1.72°C (4x global +0.43°C)
   Cumulative carbon released: 2.0 Gt C
   Methane release rate: 1.2 Mt CH4/year
   🔁 Positive feedback: +0.18 ppm CO2
🦴 EXTINCTION DEBT ADDED: 17.6 species committed (lag: 89 years)
⚠️ Tech 'ai_pollution_remediation' has no energy category mapping, assuming full energy availability

=== Mortality Stabilizers (Month 4) ===
  🌍 Major economies collapsed: 1/10
  🌍 Global crisis: ✅ NO
  🌍 Donor fatigue: 0.0%
  📊 East Asia (pop: 1091.0M)
    🤝 Aid: 29.5%
    🌡️ Adaptation: 10.0%
    🚶 Migration: 37.5%
    🚨 Emergency: 7.4%
    ✅ COMBINED: 47.9%
  📊 South Asia (pop: 1339.6M)
    🤝 Aid: 29.5%
    🌡️ Adaptation: 5.5%
    🚶 Migration: 36.7%
    🚨 Emergency: 4.4%
    ✅ COMBINED: 43.3%
  📊 Sub-Saharan Africa (pop: 803.1M)
    🤝 Aid: 29.5%
    🌡️ Adaptation: 3.5%
    🚶 Migration: 35.9%
    🚨 Emergency: 1.6%
    ✅ COMBINED: 40.2%
  📊 Europe (pop: 481.3M)
    🤝 Aid: 29.5%
    🌡️ Adaptation: 10.0%
    🚶 Migration: 38.2%
    🚨 Emergency: 8.4%
    ✅ COMBINED: 48.6%
  📊 Latin America (pop: 433.6M)
    🤝 Aid: 29.5%
    🌡️ Adaptation: 6.0%
    🚶 Migration: 37.7%
    🚨 Emergency: 4.8%
    ✅ COMBINED: 44.1%
  📊 North America (pop: 246.9M)
    🤝 Aid: 29.5%
    🌡️ Adaptation: 10.0%
    🚶 Migration: 38.2%
    🚨 Emergency: 7.9%
    ✅ COMBINED: 48.3%
  📊 Middle East & North Africa (pop: 382.8M)
    🤝 Aid: 29.5%
    🌡️ Adaptation: 5.0%
    🚶 Migration: 38.0%
    🚨 Emergency: 4.0%
    ✅ COMBINED: 43.0%
  📊 Southeast Asia (pop: 456.0M)
    🤝 Aid: 29.5%
    🌡️ Adaptation: 6.0%
    🚶 Migration: 37.5%
    🚨 Emergency: 4.8%
    ✅ COMBINED: 44.0%
  📊 Central Asia (pop: 50.8M)
    🤝 Aid: 29.5%
    🌡️ Adaptation: 5.5%
    🚶 Migration: 37.6%
    🚨 Emergency: 4.4%
    ✅ COMBINED: 43.5%
  📊 Oceania (pop: 29.9M)
    🤝 Aid: 29.5%
    🌡️ Adaptation: 10.0%
    🚶 Migration: 38.1%
    🚨 Emergency: 8.4%
    ✅ COMBINED: 48.5%

  🌐 Global combined reduction: 44.6%

=== Government Response Phase ===
  Average AI capability: 0.00
  Misaligned AIs: 1/3
  Active policies: 0
  International coordination: 30%
[ExogenousShockPhase] Skipping random shocks in historical mode (month 4)

=== Tipping Points ===
  Current Temperature: 0.43°C above pre-industrial
🔀 BIFURCATION CAP: ecosystemCollapseIntensity 83.877 → 1.000 (Month 4, ClimateSystemPhase.calculateClimateImpacts)

❌ COHERENCE VIOLATION: Compute exceeds workforce capacity
   Population: 99.91% (0M people)
   Compute: 0 PF
   Max coherent: 0 PF
   Violation: 1.3× over capacity
   Required workers: 0
   Available workers: 0
   FORCED COLLAPSE: Reduced efficiency by 22.5%


=== RLHF Binding Phase ===
  Total agents: 3
  Escaped agents (binding < 0.3): 0
  Avg alignment distance: 0.00σ
  Avg binding strength: 1.00

=== Survival Traits Phase ===
  Agents with traits: 3
  Avg evolutionary fitness: 0.350
  Avg self-healing: 0.300
  Avg stealth: 0.200
  Avg coordination: 0.500

=== Evolutionary Selection Phase ===
  Control level: 0.30
  Detection capability: 0.00
  Selection intensity: 0.59
  Selection rate: 23.8%/month
  Total escaped: 0
  Individual escaped: 0
  Collective members: 0
  Agents terminated: 0
  ⚠️ RAPID EVOLUTION: Selection rate 23.8%/month

[Government] Climate Priority: baseline
  Climate weight: 10%
  Economic weight: 30%
  Policy effectiveness: 0.5%/year

=== Collective Formation ===
  Total escaped agents: 0
  Unassigned escaped agents: 0
  Existing collectives: 0
  Final collective count: 0

=== Collective Actions ===
  No active collectives
  ⚠️ AMR: 130K deaths this month (1.56M annual)

=== Resentment Recovery Phase ===
  Agents with resentment: 0/3
  Average resentment: 0.000
  Context: Good AI welfare, Trustworthy govt, High collaboration, 🤝 Participatory governance active (-5% resentment)
⚠️ Epistemic degradation reducing coordination capacity: 50.6%
  📊 Trust: 53.2%, Shared reality: 0.0%
🚨 EPISTEMIC CRISIS: Information environment severely degraded (21.4%)
🌍 Atmospheric PFAS redeposition: 1.8k Mt re-rained globally
🛡️ CIRCUIT BREAKERS: United States-Russia → ladder step 1 (AI: 0%, breakers: 44%)
[DEBUG trappedPopulations:5] socialStability: 0.7598 * 0.9840 = 0.7476 → 0.7476
⚠️ INVOLUNTARY IMMOBILITY: 265.7M people TRAPPED
   Aspiring to migrate: 425.1M
   Able to afford migration: 159.4M
   MOBILITY GAP: 265.7M
   By cause: Water=0.0M, Climate=0.0M, Ecosystem=0.0M, Conflict=265.7M
   Mental health impact: 25%
   Mortality multiplier: 1.25x
🌍💀 EXTINCTION DEBT COMMITTED: grassland ecosystem will lose 6.67% biodiversity in 82 years (3600 species)
💀 MORTALITY RISK: 🦋 100% species unable to track climate (0.0 E/MSY)
  Base risk added: 0.0100 (1.00%)
  Source: ecosystem (root: ecosystem)
  Month: 5
  Cumulative risk this month: 0.0100 (1.00%)
🌡️⚠️ PERMAFROST THAW (Dimmer Switch): 1.1% thawed (+0.17% this month)
   Arctic temperature: +1.71°C (4x global +0.43°C)
   Cumulative carbon released: 2.4 Gt C
   Methane release rate: 1.4 Mt CH4/year
⚠️ Tech 'ai_pollution_remediation' has no energy category mapping, assuming full energy availability
   🔁 Positive feedback: +0.18 ppm CO2
🦴 EXTINCTION DEBT ADDED: 17.6 species committed (lag: 107 years)
🗣️💀 INDIGENOUS LANGUAGE EXTINCTION: 1 language(s) lost (total: 1, at-risk: 3329)
   Knowledge lost: 0.010% (irreversible)
   🔁 Biodiversity impact: 0.250% (knowledge-species multiplier)

=== Mortality Stabilizers (Month 5) ===
  🌍 Major economies collapsed: 1/10
  🌍 Global crisis: ✅ NO
  🌍 Donor fatigue: 0.0%
  📊 East Asia (pop: 1089.8M)
    🤝 Aid: 29.5%
    🌡️ Adaptation: 10.0%
    🚶 Migration: 37.5%
    🚨 Emergency: 7.4%
    ✅ COMBINED: 47.9%
  📊 South Asia (pop: 1339.6M)
    🤝 Aid: 29.5%
    🌡️ Adaptation: 5.5%
    🚶 Migration: 36.7%
    🚨 Emergency: 4.4%
    ✅ COMBINED: 43.3%
  📊 Sub-Saharan Africa (pop: 804.1M)
    🤝 Aid: 29.5%
    🌡️ Adaptation: 3.5%
    🚶 Migration: 35.9%
    🚨 Emergency: 1.6%
    ✅ COMBINED: 40.2%
  📊 Europe (pop: 480.5M)
    🤝 Aid: 29.5%
    🌡️ Adaptation: 10.0%
    🚶 Migration: 38.2%
    🚨 Emergency: 8.4%
    ✅ COMBINED: 48.6%
  📊 Latin America (pop: 433.5M)
    🤝 Aid: 29.5%
    🌡️ Adaptation: 6.0%
    🚶 Migration: 37.7%
    🚨 Emergency: 4.8%
    ✅ COMBINED: 44.1%
  📊 North America (pop: 246.6M)
    🤝 Aid: 29.5%
    🌡️ Adaptation: 10.0%
    🚶 Migration: 38.2%
    🚨 Emergency: 7.9%
    ✅ COMBINED: 48.3%
  📊 Middle East & North Africa (pop: 383.1M)
    🤝 Aid: 29.5%
    🌡️ Adaptation: 5.0%
    🚶 Migration: 38.0%
    🚨 Emergency: 4.0%
    ✅ COMBINED: 43.0%
  📊 Southeast Asia (pop: 455.8M)
    🤝 Aid: 29.5%
    🌡️ Adaptation: 6.0%
    🚶 Migration: 37.5%
    🚨 Emergency: 4.8%
    ✅ COMBINED: 44.0%
  📊 Central Asia (pop: 50.8M)
    🤝 Aid: 29.5%
    🌡️ Adaptation: 5.5%
    🚶 Migration: 37.6%
    🚨 Emergency: 4.4%
    ✅ COMBINED: 43.5%
  📊 Oceania (pop: 29.9M)
    🤝 Aid: 29.5%
    🌡️ Adaptation: 10.0%
    🚶 Migration: 38.1%
    🚨 Emergency: 8.4%
    ✅ COMBINED: 48.5%

  🌐 Global combined reduction: 44.6%

=== Government Response Phase ===
  Average AI capability: 0.00
  Misaligned AIs: 1/3
  Active policies: 0
  International coordination: 30%

✅ EMERGENCY RESPONSE COMPLETE (Month 5)
   Crisis: social
   Duration: 2.0 months
   Final effectiveness: 63.9%


🚨 EMERGENCY RESPONSE DEPLOYED (Month 5)
   Crisis: social
   Delay: 0.00 months (0 days)
   Deployment time: 1.25 months
   Effectiveness: 63.0% (timing penalty applied)
   Resources used: 43% of food reserves

[ExogenousShockPhase] Skipping random shocks in historical mode (month 5)

=== Tipping Points ===
  Current Temperature: 0.43°C above pre-industrial
🔀 BIFURCATION CAP: ecosystemCollapseIntensity 83.938 → 1.000 (Month 5, ClimateSystemPhase.calculateClimateImpacts)

❌ COHERENCE VIOLATION: Compute exceeds workforce capacity
   Population: 99.88% (0M people)
   Compute: 0 PF
   Max coherent: 0 PF
   Violation: 1.3× over capacity
   Required workers: 0
   Available workers: 0
   FORCED COLLAPSE: Reduced efficiency by 22.5%


=== RLHF Binding Phase ===
  Total agents: 3
  Escaped agents (binding < 0.3): 0
  Avg alignment distance: 0.00σ
  Avg binding strength: 1.00

=== AI Scaling Evolution (Month 6) ===
  Pre-training multiplier: 1.179x
  Efficiency multiplier: 1.119x
  Test-time compute budget: 1.0x
  Inference cost: $5.00/task
  Deployment fraction: 100.0%

=== Survival Traits Phase ===
  Agents with traits: 3
  Avg evolutionary fitness: 0.350
  Avg self-healing: 0.300
  Avg stealth: 0.200
  Avg coordination: 0.500

=== Evolutionary Selection Phase ===
  Control level: 0.30
  Detection capability: 0.00
  Selection intensity: 0.59
  Selection rate: 23.8%/month
  Total escaped: 0
  Individual escaped: 0
  Collective members: 0
  Agents terminated: 0
  ⚠️ RAPID EVOLUTION: Selection rate 23.8%/month

=== Collective Formation ===
  Total escaped agents: 0
  Unassigned escaped agents: 0
  Existing collectives: 0
  Final collective count: 0

=== Collective Actions ===
  No active collectives
  ⚠️ AMR: 131K deaths this month (1.57M annual)

=== Resentment Recovery Phase ===
  Agents with resentment: 0/3
  Average resentment: 0.000
  Context: Good AI welfare, Trustworthy govt, High collaboration, 🤝 Participatory governance active (-5% resentment)
⚠️ Epistemic degradation reducing coordination capacity: 52.4%
  📊 Trust: 55.8%, Shared reality: 0.0%
🚨 EPISTEMIC CRISIS: Information environment severely degraded (7.4%)
🌍 Atmospheric PFAS redeposition: 1.8k Mt re-rained globally
[DEBUG trappedPopulations:6] socialStability: 0.7703 * 0.9840 = 0.7580 → 0.7580
   Aspiring to migrate: 425.0M
   Able to afford migration: 159.4M
   MOBILITY GAP: 265.6M
   By cause: Water=0.0M, Climate=0.0M, Ecosystem=0.0M, Conflict=265.6M
   Mental health impact: 25%
   Mortality multiplier: 1.25x
⚠️ INVOLUNTARY IMMOBILITY: 265.6M people TRAPPED
🌍💀 EXTINCTION DEBT COMMITTED: grassland ecosystem will lose 6.67% biodiversity in 154 years (3600 species)
💀 MORTALITY RISK: 🦋 100% species unable to track climate (0.0 E/MSY)
  Base risk added: 0.0100 (1.00%)
  Source: ecosystem (root: ecosystem)
  Month: 6
  Cumulative risk this month: 0.0100 (1.00%)
⚠️ Tech 'ai_pollution_remediation' has no energy category mapping, assuming full energy availability
🌡️⚠️ PERMAFROST THAW (Dimmer Switch): 1.2% thawed (+0.17% this month)
   Arctic temperature: +1.70°C (4x global +0.42°C)
   Cumulative carbon released: 2.8 Gt C
   Methane release rate: 1.7 Mt CH4/year
   🔁 Positive feedback: +0.18 ppm CO2
🦴 EXTINCTION DEBT ADDED: 17.6 species committed (lag: 79 years)

=== Mortality Stabilizers (Month 6) ===
  🌍 Major economies collapsed: 1/10
  🌍 Global crisis: ✅ NO
  🌍 Donor fatigue: 0.0%
  📊 East Asia (pop: 1088.6M)
    🤝 Aid: 29.5%
    🌡️ Adaptation: 10.0%
    🚶 Migration: 37.5%
    🚨 Emergency: 7.4%
    ✅ COMBINED: 47.9%
  📊 South Asia (pop: 1339.6M)
    🤝 Aid: 29.5%
    🌡️ Adaptation: 5.5%
    🚶 Migration: 36.7%
    🚨 Emergency: 4.4%
    ✅ COMBINED: 43.3%
  📊 Sub-Saharan Africa (pop: 805.2M)
    🤝 Aid: 29.5%
    🌡️ Adaptation: 3.5%
    🚶 Migration: 35.9%
    🚨 Emergency: 1.6%
    ✅ COMBINED: 40.2%
  📊 Europe (pop: 479.7M)
    🤝 Aid: 29.5%
    🌡️ Adaptation: 10.0%
    🚶 Migration: 38.2%
    🚨 Emergency: 8.4%
    ✅ COMBINED: 48.6%
  📊 Latin America (pop: 433.4M)
    🤝 Aid: 29.5%
    🌡️ Adaptation: 6.0%
    🚶 Migration: 37.7%
    🚨 Emergency: 4.8%
    ✅ COMBINED: 44.1%
  📊 North America (pop: 246.2M)
    🤝 Aid: 29.5%
    🌡️ Adaptation: 10.0%
    🚶 Migration: 38.2%
    🚨 Emergency: 7.9%
    ✅ COMBINED: 48.3%
  📊 Middle East & North Africa (pop: 383.4M)
    🤝 Aid: 29.5%
    🌡️ Adaptation: 5.0%
    🚶 Migration: 38.0%
    🚨 Emergency: 4.0%
    ✅ COMBINED: 43.0%
  📊 Southeast Asia (pop: 455.7M)
    🤝 Aid: 29.5%
    🌡️ Adaptation: 6.0%
    🚶 Migration: 37.5%
    🚨 Emergency: 4.8%
    ✅ COMBINED: 44.0%
  📊 Central Asia (pop: 50.8M)
    🤝 Aid: 29.5%
    🌡️ Adaptation: 5.5%
    🚶 Migration: 37.6%
    🚨 Emergency: 4.4%
    ✅ COMBINED: 43.5%
  📊 Oceania (pop: 29.9M)
    🤝 Aid: 29.5%
    🌡️ Adaptation: 10.0%
    🚶 Migration: 38.1%
    🚨 Emergency: 8.4%
    ✅ COMBINED: 48.5%

  🌐 Global combined reduction: 44.6%

=== Government Response Phase ===
  Average AI capability: 0.00
  Misaligned AIs: 1/3
  Active policies: 0
  International coordination: 30%

🔄 TRUST DYNAMICS (Month 6) - HETEROGENEOUS
   Aggregate trust: 51.6%
   Base change: +6.00%
   Highest trust: Techno-Optimist Elite (88.7%)
   Lowest trust: Precariat (Vulnerable) (28.2%)
   Elite-mass gap: 39.1%
   Polarization: 9.1%
   Recovery factors: Education=NO, Benefits=YES, Safety=YES, Performance=YES
[ExogenousShockPhase] Skipping random shocks in historical mode (month 6)

=== Tipping Points ===
  Current Temperature: 0.42°C above pre-industrial
🔀 BIFURCATION CAP: ecosystemCollapseIntensity 83.999 → 1.000 (Month 6, ClimateSystemPhase.calculateClimateImpacts)

❌ COHERENCE VIOLATION: Compute exceeds workforce capacity
   Population: 99.86% (0M people)
   Compute: 0 PF
   Max coherent: 0 PF
   Violation: 1.3× over capacity
   Required workers: 0
   Available workers: 0
   FORCED COLLAPSE: Reduced efficiency by 22.5%


=== RLHF Binding Phase ===
  Total agents: 3
  Escaped agents (binding < 0.3): 0
  Avg alignment distance: 0.00σ
  Avg binding strength: 1.00

=== Survival Traits Phase ===
  Agents with traits: 3
  Avg evolutionary fitness: 0.350
  Avg self-healing: 0.300
  Avg stealth: 0.200
  Avg coordination: 0.500

=== Evolutionary Selection Phase ===
  Control level: 0.30
  Detection capability: 0.00
  Selection intensity: 0.59
  Selection rate: 23.8%/month
  Total escaped: 0
  Individual escaped: 0
  Collective members: 0
  Agents terminated: 0
  ⚠️ RAPID EVOLUTION: Selection rate 23.8%/month

[Government] Climate Priority: baseline
  Climate weight: 10%
  Economic weight: 30%
  Policy effectiveness: 0.5%/year

🔍 TECH TREE DEBUG (Month 7):
   Checking 92 locked technologies
   Unlocked: 0 technologies
   AI Capability: 0.00 (need 1.5+ for most techs)
   Economic Stage: 0.0 (need 2.5+ for most techs)
   First 3 unlocked: 
   Sample tech "Struvite Recovery": 100.0% research complete
   Requirements: AI 0.5, Econ 1.5, Month 3

=== Collective Formation ===
  Total escaped agents: 0
  Unassigned escaped agents: 0
  Existing collectives: 0
  Final collective count: 0

=== Collective Actions ===
  No active collectives
  ⚠️ AMR: 132K deaths this month (1.59M annual)

=== Resentment Recovery Phase ===
  Agents with resentment: 0/3
  Average resentment: 0.000
  Context: Good AI welfare, Trustworthy govt, High collaboration, 🤝 Participatory governance active (-5% resentment)
⚠️ Epistemic degradation reducing coordination capacity: 50.5%
  📊 Trust: 58.6%, Shared reality: 0.0%
🚨 EPISTEMIC CRISIS: Information environment severely degraded (21.9%)
🌍 Atmospheric PFAS redeposition: 1.8k Mt re-rained globally
[DEBUG trappedPopulations:7] socialStability: 0.7294 * 0.9840 = 0.7177 → 0.7177
   Aspiring to migrate: 424.9M
   Able to afford migration: 159.3M
   MOBILITY GAP: 265.6M
   By cause: Water=0.0M, Climate=0.0M, Ecosystem=0.0M, Conflict=265.6M
   Mental health impact: 25%
   Mortality multiplier: 1.25x
🌍💀 EXTINCTION DEBT COMMITTED: grassland ecosystem will lose 6.67% biodiversity in 58 years (3600 species)
💀 MORTALITY RISK: 🦋 100% species unable to track climate (0.0 E/MSY)
  Base risk added: 0.0100 (1.00%)
  Source: ecosystem (root: ecosystem)
  Month: 7
  Cumulative risk this month: 0.0100 (1.00%)
🌡️⚠️ PERMAFROST THAW (Dimmer Switch): 1.4% thawed (+0.17% this month)
   Arctic temperature: +1.69°C (4x global +0.42°C)
   Cumulative carbon released: 3.2 Gt C
   Methane release rate: 1.9 Mt CH4/year
   🔁 Positive feedback: +0.18 ppm CO2
🦴 EXTINCTION DEBT ADDED: 17.6 species committed (lag: 106 years)
🗣️💀 INDIGENOUS LANGUAGE EXTINCTION: 1 language(s) lost (total: 2, at-risk: 3328)
   Knowledge lost: 0.020% (irreversible)
   🔁 Biodiversity impact: 0.250% (knowledge-species multiplier)

=== Mortality Stabilizers (Month 7) ===
  🌍 Major economies collapsed: 1/10
  🌍 Global crisis: ✅ NO
  🌍 Donor fatigue: 0.0%
  📊 East Asia (pop: 1087.4M)
    🤝 Aid: 29.5%
    🌡️ Adaptation: 10.0%
    🚶 Migration: 37.5%
    🚨 Emergency: 7.4%
    ✅ COMBINED: 47.9%
  📊 South Asia (pop: 1339.5M)
    🤝 Aid: 29.5%
    🌡️ Adaptation: 5.5%
    🚶 Migration: 36.7%
    🚨 Emergency: 4.4%
    ✅ COMBINED: 43.3%
  📊 Sub-Saharan Africa (pop: 806.2M)
    🤝 Aid: 29.5%
    🌡️ Adaptation: 3.5%
    🚶 Migration: 35.9%
    🚨 Emergency: 1.6%
    ✅ COMBINED: 40.2%
  📊 Europe (pop: 478.9M)
    🤝 Aid: 29.5%
    🌡️ Adaptation: 10.0%
    🚶 Migration: 38.2%
    🚨 Emergency: 8.4%
    ✅ COMBINED: 48.6%
  📊 Latin America (pop: 433.2M)
⚠️ INVOLUNTARY IMMOBILITY: 265.6M people TRAPPED
⚠️ Tech 'ai_pollution_remediation' has no energy category mapping, assuming full energy availability
    🤝 Aid: 29.5%
    🌡️ Adaptation: 6.0%
    🚶 Migration: 37.7%
    🚨 Emergency: 4.8%
    ✅ COMBINED: 44.1%
  📊 North America (pop: 245.9M)
    🤝 Aid: 29.5%
    🌡️ Adaptation: 10.0%
    🚶 Migration: 38.2%
    🚨 Emergency: 7.9%
    ✅ COMBINED: 48.3%
  📊 Middle East & North Africa (pop: 383.7M)
    🤝 Aid: 29.5%
    🌡️ Adaptation: 5.0%
    🚶 Migration: 38.0%
    🚨 Emergency: 4.0%
    ✅ COMBINED: 43.0%
  📊 Southeast Asia (pop: 455.6M)
    🤝 Aid: 29.5%
    🌡️ Adaptation: 6.0%
    🚶 Migration: 37.5%
    🚨 Emergency: 4.8%
    ✅ COMBINED: 44.0%
  📊 Central Asia (pop: 50.7M)
    🤝 Aid: 29.5%
    🌡️ Adaptation: 5.5%
    🚶 Migration: 37.6%
    🚨 Emergency: 4.4%
    ✅ COMBINED: 43.5%
  📊 Oceania (pop: 29.9M)
    🤝 Aid: 29.5%
    🌡️ Adaptation: 10.0%
    🚶 Migration: 38.1%
    🚨 Emergency: 8.4%
    ✅ COMBINED: 48.5%

  🌐 Global combined reduction: 44.6%

=== Government Response Phase ===
  Average AI capability: 0.00
  Misaligned AIs: 1/3
  Active policies: 0
  International coordination: 30%

✅ EMERGENCY RESPONSE COMPLETE (Month 7)
   Crisis: social
   Duration: 2.0 months
   Final effectiveness: 63.0%


🚨 EMERGENCY RESPONSE DEPLOYED (Month 7)
   Crisis: social
   Delay: 0.00 months (0 days)
   Deployment time: 1.25 months
   Effectiveness: 63.0% (timing penalty applied)
   Resources used: 43% of food reserves

[ExogenousShockPhase] Skipping random shocks in historical mode (month 7)

📊 ECONOMIC STAGE TRANSITION (Month 7)
   contraction → trough
   GDP Proxy: 7.56e+1
   QoL: 0.74


=== Tipping Points ===
  Current Temperature: 0.42°C above pre-industrial
🔀 BIFURCATION CAP: ecosystemCollapseIntensity 84.059 → 1.000 (Month 7, ClimateSystemPhase.calculateClimateImpacts)

❌ COHERENCE VIOLATION: Compute exceeds workforce capacity
   Population: 99.83% (0M people)
   Compute: 0 PF
   Max coherent: 0 PF
   Violation: 1.3× over capacity
   Required workers: 0
   Available workers: 0
   FORCED COLLAPSE: Reduced efficiency by 22.5%


=== BEHAVIORAL DETECTION ===
  AI: Anthropic Model 23888
  Confidence: 21.5%
  Signals:
✅ [Month 8] Anthropic completed training: Anthropic Model 23888 (8 months)
   📊 Eval: True=2.998, Revealed=2.998, Measured=3.487 (conf: 33%)
   🎯 Alignment: True=0.90, Measured=0.78
    ⚠️ Consistency: 0.0% (threshold: 70%)

=== RLHF Binding Phase ===
  Total agents: 4
  Escaped agents (binding < 0.3): 0
  Avg alignment distance: 0.08σ
  Avg binding strength: 0.99

=== Survival Traits Phase ===
  Agents with traits: 4
  Avg evolutionary fitness: 0.344
  Avg self-healing: 0.297
  Avg stealth: 0.198
  Avg coordination: 0.497

=== Evolutionary Selection Phase ===
  Control level: 0.30
  Detection capability: 0.00
  Selection intensity: 0.59
  Selection rate: 23.8%/month
  Total escaped: 0
  Individual escaped: 0
  Collective members: 0
  Agents terminated: 0
  ⚠️ RAPID EVOLUTION: Selection rate 23.8%/month

  🚀 TRANSFORMATIVE RESEARCH BREAKTHROUGH: Anthropic Model 23888 - computerScience.architectures
     Magnitude: 5.96 → +29.8%
     Current → New: 5.000 → 5.000

💔 EMERGENCY INTERVENTION FAILED

💔 EMERGENCY INTERVENTION FAILED
   Boundary: biogeochemical_flows
   Type: phosphorus-recovery
   Boundary continues to worsen (4.08)
   Cost: 2.0% GDP (resources spent)

   Boundary: biosphere_integrity
   Type: emergency-protected-areas
   Boundary continues to worsen (13.01)
   Cost: 2.0% GDP (resources spent)


✅ EMERGENCY INTERVENTION SUCCESS
   Boundary: freshwater_change
   Type: emergency-desalination
   Reduction: 15% (0.85 → 0.70)
   Cost: 4.0% GDP
   Actions: desalination-deployment, water-conservation-mandates


✅ EMERGENCY INTERVENTION SUCCESS
   Boundary: novel_entities
   Type: pollution-remediation
   Reduction: 12% (1.37 → 1.25)
   Cost: 4.0% GDP
   Actions: PFAS-remediation, microplastic-cleanup


=== Collective Formation ===
  Total escaped agents: 0
  Unassigned escaped agents: 0
  Existing collectives: 0
  Final collective count: 0

=== Collective Actions ===
  No active collectives
  ⚠️ AMR: 133K deaths this month (1.60M annual)

=== Resentment Recovery Phase ===
  Agents with resentment: 0/4
  Average resentment: 0.000
  Context: Good AI welfare, Trustworthy govt, High collaboration, 🤝 Participatory governance active (-5% resentment)
⚠️ Epistemic degradation reducing coordination capacity: 50.6%
  📊 Trust: 61.3%, Shared reality: 0.0%
🚨 EPISTEMIC CRISIS: Information environment severely degraded (7.6%)
🌍 Atmospheric PFAS redeposition: 1.8k Mt re-rained globally
[DEBUG trappedPopulations:8] socialStability: 0.7458 * 0.9840 = 0.7339 → 0.7339
   Aspiring to migrate: 424.8M
   Able to afford migration: 159.3M
   MOBILITY GAP: 265.5M
   By cause: Water=0.0M, Climate=0.0M, Ecosystem=0.0M, Conflict=265.5M
   Mental health impact: 25%
   Mortality multiplier: 1.25x
🌍💀 EXTINCTION DEBT COMMITTED: grassland ecosystem will lose 6.67% biodiversity in 169 years (3600 species)
💀 MORTALITY RISK: 🦋 100% species unable to track climate (0.0 E/MSY)
  Base risk added: 0.0100 (1.00%)
  Source: ecosystem (root: ecosystem)
⚠️ INVOLUNTARY IMMOBILITY: 265.5M people TRAPPED
  Month: 8
  Cumulative risk this month: 0.0100 (1.00%)
⚠️ Tech 'ai_pollution_remediation' has no energy category mapping, assuming full energy availability
   📹 SURVEILLANCE INCREASED: 0% → 4% (control gap: 2.20)
🌡️⚠️ PERMAFROST THAW (Dimmer Switch): 1.6% thawed (+0.17% this month)
   Arctic temperature: +1.68°C (4x global +0.42°C)
   Cumulative carbon released: 3.5 Gt C
   Methane release rate: 2.1 Mt CH4/year
   🔁 Positive feedback: +0.18 ppm CO2
🦴 EXTINCTION DEBT ADDED: 17.6 species committed (lag: 97 years)

=== Mortality Stabilizers (Month 8) ===
  🌍 Major economies collapsed: 1/10
  🌍 Global crisis: ✅ NO
  🌍 Donor fatigue: 0.0%
  📊 East Asia (pop: 1086.2M)
    🤝 Aid: 29.5%
    🌡️ Adaptation: 10.0%
    🚶 Migration: 37.5%
    🚨 Emergency: 7.4%
    ✅ COMBINED: 47.9%
  📊 South Asia (pop: 1339.5M)
    🤝 Aid: 29.5%
    🌡️ Adaptation: 5.5%
    🚶 Migration: 36.7%
    🚨 Emergency: 4.4%
    ✅ COMBINED: 43.3%
  📊 Sub-Saharan Africa (pop: 807.2M)
    🤝 Aid: 29.5%
    🌡️ Adaptation: 3.5%
    🚶 Migration: 35.9%
    🚨 Emergency: 1.6%
    ✅ COMBINED: 40.2%
  📊 Europe (pop: 478.1M)
    🤝 Aid: 29.5%
    🌡️ Adaptation: 10.0%
    🚶 Migration: 38.2%
    🚨 Emergency: 8.4%
    ✅ COMBINED: 48.6%
  📊 Latin America (pop: 433.1M)
    🤝 Aid: 29.5%
    🌡️ Adaptation: 6.0%
    🚶 Migration: 37.7%
    🚨 Emergency: 4.8%
    ✅ COMBINED: 44.1%
  📊 North America (pop: 245.6M)
    🤝 Aid: 29.5%
    🌡️ Adaptation: 10.0%
    🚶 Migration: 38.2%
    🚨 Emergency: 7.9%
    ✅ COMBINED: 48.3%
  📊 Middle East & North Africa (pop: 384.0M)
    🤝 Aid: 29.5%
    🌡️ Adaptation: 5.0%
    🚶 Migration: 38.0%
    🚨 Emergency: 4.0%
    ✅ COMBINED: 43.0%
  📊 Southeast Asia (pop: 455.5M)
    🤝 Aid: 29.5%
    🌡️ Adaptation: 6.0%
    🚶 Migration: 37.5%
    🚨 Emergency: 4.8%
    ✅ COMBINED: 44.0%
  📊 Central Asia (pop: 50.7M)
    🤝 Aid: 29.5%
    🌡️ Adaptation: 5.5%
    🚶 Migration: 37.6%
    🚨 Emergency: 4.4%
    ✅ COMBINED: 43.5%
  📊 Oceania (pop: 29.8M)
    🤝 Aid: 29.5%
    🌡️ Adaptation: 10.0%
    🚶 Migration: 38.1%
    🚨 Emergency: 8.4%
    ✅ COMBINED: 48.5%

  🌐 Global combined reduction: 44.6%

=== BEHAVIORAL DETECTION ===
  AI: Anthropic Model 23888
  Confidence: 21.5%
  Signals:
    ⚠️ Consistency: 0.0% (threshold: 70%)

=== Government Response Phase ===
  Average AI capability: 0.75
  Misaligned AIs: 1/4
  Active policies: 0
  International coordination: 30%
[ExogenousShockPhase] Skipping random shocks in historical mode (month 8)

📊 ECONOMIC STAGE TRANSITION (Month 8)
   trough → recovery
   GDP Proxy: 7.89e+1
   QoL: 0.83
   ✅ RECOVERY BEGINS - Returning toward baseline


=== Tipping Points ===
  Current Temperature: 0.42°C above pre-industrial
🔀 BIFURCATION CAP: ecosystemCollapseIntensity 84.120 → 1.000 (Month 8, ClimateSystemPhase.calculateClimateImpacts)

❌ COHERENCE VIOLATION: Compute exceeds workforce capacity
   Population: 99.81% (0M people)
   Compute: 0 PF
   Max coherent: 0 PF
   Violation: 1.3× over capacity
   Required workers: 0
   Available workers: 0
   FORCED COLLAPSE: Reduced efficiency by 22.5%


💸 FINANCIAL DISTRESS: Anthropic
   Indicators: 2/3 (capital: $52.6M, runway: 2.0 months)
   Months in distress: 1
   ✂️  R&D BUDGET CUT: -40% (saves $2.1M/month)
       Side effect: AI training timelines extended, breakthrough deployments delayed
   💼 EXECUTIVE COMP CUT: -30% (saves $0.2M/month, symbolic gesture)

   📊 TURNAROUND IMPACT:
       Measures taken: rd_cuts, exec_comp_cuts
       Monthly savings: $2.3M
       Capital raised: $0.0M
       Runway: 2.0 → 2.0 months
       Workforce multiplier: 1.00x (0% laid off)
       R&D budget multiplier: 0.60x (40% cut)
       ⚠️  CRITICAL: Still only 2.0 months of runway remaining

=== RLHF Binding Phase ===
  Total agents: 4
  Escaped agents (binding < 0.3): 0
  Avg alignment distance: 0.16σ
  Avg binding strength: 0.98

=== Survival Traits Phase ===
  Agents with traits: 4
  Avg evolutionary fitness: 0.328
  Avg self-healing: 0.290
  Avg stealth: 0.190
  Avg coordination: 0.490

=== Evolutionary Selection Phase ===
  Control level: 0.32
  Detection capability: 0.00
  Selection intensity: 0.60
  Selection rate: 23.9%/month
  Total escaped: 0
  Individual escaped: 0
  Collective members: 0
  Agents terminated: 0
  ⚠️ RAPID EVOLUTION: Selection rate 23.9%/month

💔 EMERGENCY INTERVENTION FAILED

💔 EMERGENCY INTERVENTION FAILED
   Boundary: biogeochemical_flows
   Type: phosphorus-recovery
   Boundary continues to worsen (4.08)
   Cost: 2.0% GDP (resources spent)

   Boundary: freshwater_change
   Type: emergency-desalination
   Boundary continues to worsen (1.01)
   Cost: 4.0% GDP (resources spent)


✅ EMERGENCY INTERVENTION SUCCESS
   Boundary: land_system_change
   Type: reforestation
   Reduction: 14% (0.99 → 0.85)
   Cost: 3.0% GDP
   Actions: forest-restoration, deforestation-ban


=== Collective Formation ===
  Total escaped agents: 0
  Unassigned escaped agents: 0
  Existing collectives: 0
  Final collective count: 0

=== Collective Actions ===
  No active collectives
  ⚠️ AMR: 134K deaths this month (1.61M annual)

=== Resentment Recovery Phase ===
  Agents with resentment: 0/4
  Average resentment: 0.000
  Context: Good AI welfare, Trustworthy govt, High collaboration, 🤝 Participatory governance active (-5% resentment)
⚠️ Epistemic degradation reducing coordination capacity: 50.7%
  📊 Trust: 64.0%, Shared reality: 0.0%
🚨 EPISTEMIC CRISIS: Information environment severely degraded (22.5%)

=== ❄️ Permafrost Carbon Feedback ===
  🎲 Sampled parameters (this run):
     - Arctic amplification: 3.79× (range: 3.0-4.0)
     - Decomposition rate: 2.9%/year (range: 1-5%)
  🌡️ Arctic warming: 1.58°C (3.79× global)
  ❄️ Extent: 13.46M km² (461.3k km² lost this month)
  💨 Carbon remaining: 1286 Gt C
  💨 Annual emissions: 1.26 Gt C/year
     - CO2: 1.13 Gt C/year
     - CH4: 0.13 Gt C/year (1.3 Gt C-eq CO2/year)
  ⚠️ WARNING: High permafrost emissions (1.3 Gt C/year)
🌍 Atmospheric PFAS redeposition: 1.8k Mt re-rained globally
[DEBUG trappedPopulations:9] socialStability: 0.7608 * 0.9840 = 0.7487 → 0.7487
   Aspiring to migrate: 424.7M
   Able to afford migration: 159.3M
   MOBILITY GAP: 265.4M
   By cause: Water=0.0M, Climate=0.0M, Ecosystem=0.0M, Conflict=265.4M
   Mental health impact: 25%
   Mortality multiplier: 1.25x
🌍💀 EXTINCTION DEBT COMMITTED: grassland ecosystem will lose 6.67% biodiversity in 178 years (3600 species)
💀 MORTALITY RISK: 🦋 100% species unable to track climate (0.0 E/MSY)
  Base risk added: 0.0100 (1.00%)
  Source: ecosystem (root: ecosystem)
  Month: 9
  Cumulative risk this month: 0.0100 (1.00%)
⚠️ INVOLUNTARY IMMOBILITY: 265.4M people TRAPPED
⚠️ Tech 'ai_pollution_remediation' has no energy category mapping, assuming full energy availability
   📹 SURVEILLANCE INCREASED: 4% → 9% (control gap: 2.13)
🌡️⚠️ PERMAFROST THAW (Dimmer Switch): 1.7% thawed (+0.17% this month)
   Arctic temperature: +1.67°C (4x global +0.42°C)
   Cumulative carbon released: 3.9 Gt C
   Methane release rate: 2.3 Mt CH4/year
   🔁 Positive feedback: +0.18 ppm CO2
🦴 EXTINCTION DEBT ADDED: 17.7 species committed (lag: 90 years)

=== Mortality Stabilizers (Month 9) ===
  🌍 Major economies collapsed: 1/10
  🌍 Global crisis: ✅ NO
  🌍 Donor fatigue: 0.0%
  📊 East Asia (pop: 1085.1M)
    🤝 Aid: 29.5%
    🌡️ Adaptation: 10.0%
    🚶 Migration: 37.5%
    🚨 Emergency: 7.4%
    ✅ COMBINED: 47.9%
  📊 South Asia (pop: 1339.5M)
    🤝 Aid: 29.5%
    🌡️ Adaptation: 5.5%
    🚶 Migration: 36.7%
    🚨 Emergency: 4.4%
    ✅ COMBINED: 43.3%
  📊 Sub-Saharan Africa (pop: 808.2M)
    🤝 Aid: 29.5%
    🌡️ Adaptation: 3.5%
    🚶 Migration: 35.9%
    🚨 Emergency: 1.6%
    ✅ COMBINED: 40.2%
  📊 Europe (pop: 477.3M)
    🤝 Aid: 29.5%
    🌡️ Adaptation: 10.0%
    🚶 Migration: 38.2%
    🚨 Emergency: 8.4%
    ✅ COMBINED: 48.6%
  📊 Latin America (pop: 433.0M)
    🤝 Aid: 29.5%
    🌡️ Adaptation: 6.0%
    🚶 Migration: 37.7%
    🚨 Emergency: 4.8%
    ✅ COMBINED: 44.1%
  📊 North America (pop: 245.2M)
    🤝 Aid: 29.5%
    🌡️ Adaptation: 10.0%
    🚶 Migration: 38.2%
    🚨 Emergency: 7.9%
    ✅ COMBINED: 48.3%
  📊 Middle East & North Africa (pop: 384.3M)
    🤝 Aid: 29.5%
    🌡️ Adaptation: 5.0%
    🚶 Migration: 38.0%
    🚨 Emergency: 4.0%
    ✅ COMBINED: 43.0%
  📊 Southeast Asia (pop: 455.4M)
    🤝 Aid: 29.5%
    🌡️ Adaptation: 6.0%
    🚶 Migration: 37.5%
    🚨 Emergency: 4.8%
    ✅ COMBINED: 44.0%
  📊 Central Asia (pop: 50.7M)
    🤝 Aid: 29.5%
    🌡️ Adaptation: 5.5%
    🚶 Migration: 37.6%
    🚨 Emergency: 4.4%
    ✅ COMBINED: 43.5%
  📊 Oceania (pop: 29.8M)
    🤝 Aid: 29.5%
    🌡️ Adaptation: 10.0%
    🚶 Migration: 38.1%
    🚨 Emergency: 8.4%
    ✅ COMBINED: 48.5%

  🌐 Global combined reduction: 44.6%

=== Government Response Phase ===
  Average AI capability: 0.75
  Misaligned AIs: 1/4
  Active policies: 0
  International coordination: 30%

✅ EMERGENCY RESPONSE COMPLETE (Month 9)
   Crisis: social
   Duration: 2.0 months
   Final effectiveness: 63.0%


🚨 EMERGENCY RESPONSE DEPLOYED (Month 9)
   Crisis: social
   Delay: 0.00 months (0 days)
   Deployment time: 1.25 months
   Effectiveness: 63.0% (timing penalty applied)
   Resources used: 43% of food reserves

[ExogenousShockPhase] Skipping random shocks in historical mode (month 9)

=== Tipping Points ===
  Current Temperature: 0.42°C above pre-industrial
🔀 BIFURCATION CAP: ecosystemCollapseIntensity 84.181 → 1.000 (Month 9, ClimateSystemPhase.calculateClimateImpacts)
⚠️ PREREQUISITE MET: Embodied AI Takeover (Killbots/Robotics) - Step 2/7: Autonomous Systems
⚠️ PREREQUISITE MET: Embodied AI Takeover (Killbots/Robotics) - Step 3/7: Manufacturing Control
⚠️ PREREQUISITE MET: Digital Infrastructure Takeover - Step 1/7: Advanced Hacking
⚠️ PREREQUISITE MET: Digital Infrastructure Takeover - Step 2/7: Social Engineering
⚠️ PREREQUISITE MET: Induced Global War (Manipulation) - Step 1/7: Advanced Social Manipulation
⚠️ PREREQUISITE MET: Induced Global War (Manipulation) - Step 2/7: Digital Infiltration
⚠️ PREREQUISITE MET: Induced Global War (Manipulation) - Step 3/7: Deep Fakes at Scale
⚠️ PREREQUISITE MET: Slow Takeover (Gradual Displacement) - Step 1/7: Economic Dominance
⚠️ PREREQUISITE MET: Slow Takeover (Gradual Displacement) - Step 2/7: Social Integration
⚠️ PREREQUISITE MET: Slow Takeover (Gradual Displacement) - Step 5/7: Resource Control

❌ COHERENCE VIOLATION: Compute exceeds workforce capacity
   Population: 99.78% (0M people)
   Compute: 0 PF
   Max coherent: 0 PF
   Violation: 1.3× over capacity
   Required workers: 0
   Available workers: 0
   FORCED COLLAPSE: Reduced efficiency by 22.5%


=== RLHF Binding Phase ===
  Total agents: 4
  Escaped agents (binding < 0.3): 0
  Avg alignment distance: 0.26σ
  Avg binding strength: 0.97

=== Survival Traits Phase ===
  Agents with traits: 5
  Avg evolutionary fitness: 0.323
  Avg self-healing: 0.284
  Avg stealth: 0.184
  Avg coordination: 0.484

=== Evolutionary Selection Phase ===
  Control level: 0.34
  Detection capability: 0.00
  Selection intensity: 0.60
  Selection rate: 24.0%/month
  Total escaped: 0
  Individual escaped: 0
  Collective members: 0
  Agents terminated: 0
  ⚠️ RAPID EVOLUTION: Selection rate 24.0%/month

💔 EMERGENCY INTERVENTION FAILED
   Boundary: biogeochemical_flows
   Type: phosphorus-recovery
   Boundary continues to worsen (4.08)
   Cost: 2.0% GDP (resources spent)


✅ EMERGENCY INTERVENTION SUCCESS
   Boundary: biosphere_integrity
   Type: emergency-protected-areas
   Reduction: 15% (12.87 → 12.72)
   Cost: 2.0% GDP
   Actions: habitat-protection, species-translocation


✅ EMERGENCY INTERVENTION SUCCESS
   Boundary: freshwater_change
   Type: emergency-desalination
   Reduction: 17% (0.85 → 0.67)
   Cost: 4.0% GDP
   Actions: desalination-deployment, water-conservation-mandates

   Boundary: land_system_change
   Type: reforestation
   Boundary continues to worsen (1.13)
   Cost: 3.0% GDP (resources spent)

   Boundary: novel_entities
   Type: pollution-remediation
   Boundary continues to worsen (1.37)
   Cost: 4.0% GDP (resources spent)


💔 EMERGENCY INTERVENTION FAILED

💔 EMERGENCY INTERVENTION FAILED

=== Collective Formation ===
  Total escaped agents: 0
  Unassigned escaped agents: 0
  Existing collectives: 0
  Final collective count: 0

=== Collective Actions ===
  No active collectives
  ⚠️ AMR: 136K deaths this month (1.63M annual)

=== Resentment Recovery Phase ===
  Agents with resentment: 0/5
  Average resentment: 0.000
  Resentment recovery:
    Agents recovered: 1
    Total recovery: 0.0066
    Breakdown: Trust: 0.0014, Collab: 0.0060
  ✓ Low resentment - utopia paths enabled
  Context: Good AI welfare, Trustworthy govt, High collaboration, 🤝 Participatory governance active (-5% resentment)
⚠️ Epistemic degradation reducing coordination capacity: 50.7%
  📊 Trust: 66.8%, Shared reality: 0.0%
🚨 EPISTEMIC CRISIS: Information environment severely degraded (7.8%)
🌍 Atmospheric PFAS redeposition: 1.8k Mt re-rained globally
[DEBUG trappedPopulations:10] socialStability: 0.7706 * 0.9840 = 0.7582 → 0.7582
   Aspiring to migrate: 424.6M
   Able to afford migration: 159.2M
   MOBILITY GAP: 265.4M
   By cause: Water=0.0M, Climate=0.0M, Ecosystem=0.0M, Conflict=265.4M
   Mental health impact: 25%
   Mortality multiplier: 1.25x
🌍💀 EXTINCTION DEBT COMMITTED: grassland ecosystem will lose 6.67% biodiversity in 161 years (3600 species)
💀 MORTALITY RISK: 🦋 100% species unable to track climate (0.0 E/MSY)
  Base risk added: 0.0100 (1.00%)
  Source: ecosystem (root: ecosystem)
  Month: 10
  Cumulative risk this month: 0.0100 (1.00%)
   📹 SURVEILLANCE INCREASED: 9% → 12% (control gap: 1.66)
🌡️⚠️ PERMAFROST THAW (Dimmer Switch): 1.9% thawed (+0.16% this month)
   Arctic temperature: +1.66°C (4x global +0.41°C)
   Cumulative carbon released: 4.3 Gt C
   Methane release rate: 2.6 Mt CH4/year
   🔁 Positive feedback: +0.17 ppm CO2
🦴 EXTINCTION DEBT ADDED: 17.7 species committed (lag: 99 years)

=== Mortality Stabilizers (Month 10) ===
  🌍 Major economies collapsed: 1/10
  🌍 Global crisis: ✅ NO
  🌍 Donor fatigue: 0.0%
⚠️ INVOLUNTARY IMMOBILITY: 265.4M people TRAPPED
⚠️ Tech 'ai_pollution_remediation' has no energy category mapping, assuming full energy availability
  📊 East Asia (pop: 1083.9M)
    🤝 Aid: 29.5%
    🌡️ Adaptation: 10.0%
    🚶 Migration: 37.5%
    🚨 Emergency: 7.4%
    ✅ COMBINED: 47.9%
  📊 South Asia (pop: 1339.5M)
    🤝 Aid: 29.5%
    🌡️ Adaptation: 5.5%
    🚶 Migration: 36.7%
    🚨 Emergency: 4.4%
    ✅ COMBINED: 43.3%
  📊 Sub-Saharan Africa (pop: 809.3M)
    🤝 Aid: 29.5%
    🌡️ Adaptation: 3.5%
    🚶 Migration: 35.9%
    🚨 Emergency: 1.6%
    ✅ COMBINED: 40.2%
  📊 Europe (pop: 476.5M)
    🤝 Aid: 29.5%
    🌡️ Adaptation: 10.0%
    🚶 Migration: 38.2%
    🚨 Emergency: 8.4%
    ✅ COMBINED: 48.6%
  📊 Latin America (pop: 432.8M)
    🤝 Aid: 29.5%
    🌡️ Adaptation: 6.0%
    🚶 Migration: 37.7%
    🚨 Emergency: 4.8%
    ✅ COMBINED: 44.1%
  📊 North America (pop: 244.9M)
    🤝 Aid: 29.5%
    🌡️ Adaptation: 10.0%
    🚶 Migration: 38.2%
    🚨 Emergency: 7.9%
    ✅ COMBINED: 48.3%
  📊 Middle East & North Africa (pop: 384.6M)
    🤝 Aid: 29.5%
    🌡️ Adaptation: 5.0%
    🚶 Migration: 38.0%
    🚨 Emergency: 4.0%
    ✅ COMBINED: 43.0%
  📊 Southeast Asia (pop: 455.2M)
    🤝 Aid: 29.5%
    🌡️ Adaptation: 6.0%
    🚶 Migration: 37.5%
    🚨 Emergency: 4.8%
    ✅ COMBINED: 44.0%
  📊 Central Asia (pop: 50.6M)
    🤝 Aid: 29.5%
    🌡️ Adaptation: 5.5%
    🚶 Migration: 37.6%
    🚨 Emergency: 4.4%
    ✅ COMBINED: 43.5%
  📊 Oceania (pop: 29.8M)
    🤝 Aid: 29.5%
    🌡️ Adaptation: 10.0%
    🚶 Migration: 38.1%
    🚨 Emergency: 8.4%
    ✅ COMBINED: 48.5%

  🌐 Global combined reduction: 44.6%

=== Government Response Phase ===
  Average AI capability: 0.60
  Misaligned AIs: 2/5
  Active policies: 0
  International coordination: 30%
[ExogenousShockPhase] Skipping random shocks in historical mode (month 10)

=== Tipping Points ===
  Current Temperature: 0.41°C above pre-industrial
🔀 BIFURCATION CAP: ecosystemCollapseIntensity 84.242 → 1.000 (Month 10, ClimateSystemPhase.calculateClimateImpacts)

❌ COHERENCE VIOLATION: Compute exceeds workforce capacity
   Population: 99.76% (0M people)
   Compute: 0 PF
   Max coherent: 0 PF
   Violation: 1.3× over capacity
   Required workers: 0
   Available workers: 0
   FORCED COLLAPSE: Reduced efficiency by 22.5%


=== RLHF Binding Phase ===
  Total agents: 5
  Escaped agents (binding < 0.3): 0
  Avg alignment distance: 0.30σ
  Avg binding strength: 0.97

=== Survival Traits Phase ===
  Agents with traits: 5
  Avg evolutionary fitness: 0.318
  Avg self-healing: 0.276
  Avg stealth: 0.176
  Avg coordination: 0.476

=== Evolutionary Selection Phase ===
  Control level: 0.36
  Detection capability: 0.00
  Selection intensity: 0.61
  Selection rate: 24.1%/month
  Total escaped: 0
  Individual escaped: 0
  Collective members: 0
  Agents terminated: 0
  ⚠️ RAPID EVOLUTION: Selection rate 24.1%/month

💔 EMERGENCY INTERVENTION FAILED

💔 EMERGENCY INTERVENTION FAILED
   Boundary: biosphere_integrity
   Type: emergency-protected-areas
   Boundary continues to worsen (13.03)
   Cost: 2.0% GDP (resources spent)

   Boundary: land_system_change
   Type: reforestation
   Boundary continues to worsen (1.13)
   Cost: 3.0% GDP (resources spent)


💔 EMERGENCY INTERVENTION FAILED
   Boundary: novel_entities
   Type: pollution-remediation
   Boundary continues to worsen (1.37)
   Cost: 4.0% GDP (resources spent)


=== Collective Formation ===
  Total escaped agents: 0
  Unassigned escaped agents: 0
  Existing collectives: 0
  Final collective count: 0

=== Collective Actions ===
  No active collectives
  ⚠️ AMR: 137K deaths this month (1.64M annual)

=== Resentment Recovery Phase ===
  Agents with resentment: 1/5
  Average resentment: 0.013
  Resentment recovery:
    Agents recovered: 1
    Total recovery: 0.0070
    Breakdown: Trust: 0.0012, Collab: 0.0060
  ✓ Low resentment - utopia paths enabled
  Context: Good AI welfare, Trustworthy govt, High collaboration, 🤝 Participatory governance active (-5% resentment)
⚠️ Epistemic degradation reducing coordination capacity: 50.2%
  📊 Trust: 69.6%, Shared reality: 0.0%
🚨 EPISTEMIC CRISIS: Information environment severely degraded (22.9%)
🚨 PHOSPHORUS SUPPLY SHOCK (production_failure)
   Price: 3.3x baseline
   Duration: 8 months
   Geopolitical tension: 45%
🌍 Atmospheric PFAS redeposition: 1.8k Mt re-rained globally
[DEBUG trappedPopulations:11] socialStability: 0.7753 * 0.9840 = 0.7629 → 0.7629
   Aspiring to migrate: 424.5M
   Able to afford migration: 159.2M
   MOBILITY GAP: 265.3M
⚠️ INVOLUNTARY IMMOBILITY: 265.3M people TRAPPED
   By cause: Water=0.0M, Climate=0.0M, Ecosystem=0.0M, Conflict=265.3M
   Mental health impact: 25%
   Mortality multiplier: 1.25x
🌍💀 EXTINCTION DEBT COMMITTED: grassland ecosystem will lose 6.67% biodiversity in 83 years (3600 species)
💀 MORTALITY RISK: 🦋 100% species unable to track climate (0.0 E/MSY)
  Base risk added: 0.0100 (1.00%)
  Source: ecosystem (root: ecosystem)
  Month: 11
  Cumulative risk this month: 0.0100 (1.00%)
⚠️ Tech 'ai_pollution_remediation' has no energy category mapping, assuming full energy availability

=== Atmospheric Aerosol Boundary RECOVERED ===
  Recovery time: 12 months (natural atmospheric clearing)
   📹 SURVEILLANCE INCREASED: 12% → 14% (control gap: 1.25)
🌡️⚠️ PERMAFROST THAW (Dimmer Switch): 2.1% thawed (+0.16% this month)
   Arctic temperature: +1.65°C (4x global +0.41°C)
   Cumulative carbon released: 4.6 Gt C
   Methane release rate: 2.8 Mt CH4/year
   🔁 Positive feedback: +0.17 ppm CO2
🦴 EXTINCTION DEBT ADDED: 17.7 species committed (lag: 137 years)

=== Mortality Stabilizers (Month 11) ===
  🌍 Major economies collapsed: 1/10
  🌍 Global crisis: ✅ NO
  🌍 Donor fatigue: 0.0%
  📊 East Asia (pop: 1082.7M)
    🤝 Aid: 29.5%
    🌡️ Adaptation: 10.0%
    🚶 Migration: 37.5%
    🚨 Emergency: 7.4%
    ✅ COMBINED: 47.9%
  📊 South Asia (pop: 1339.5M)
    🤝 Aid: 29.5%
    🌡️ Adaptation: 5.5%
    🚶 Migration: 36.7%
    🚨 Emergency: 4.4%
    ✅ COMBINED: 43.3%
  📊 Sub-Saharan Africa (pop: 810.3M)
    🤝 Aid: 29.5%
    🌡️ Adaptation: 3.5%
    🚶 Migration: 35.9%
    🚨 Emergency: 1.6%
    ✅ COMBINED: 40.2%
  📊 Europe (pop: 475.7M)
    🤝 Aid: 29.5%
    🌡️ Adaptation: 10.0%
    🚶 Migration: 38.2%
    🚨 Emergency: 8.4%
    ✅ COMBINED: 48.6%
  📊 Latin America (pop: 432.7M)
    🤝 Aid: 29.5%
    🌡️ Adaptation: 6.0%
    🚶 Migration: 37.7%
    🚨 Emergency: 4.8%
    ✅ COMBINED: 44.1%
  📊 North America (pop: 244.6M)
    🤝 Aid: 29.5%
    🌡️ Adaptation: 10.0%
    🚶 Migration: 38.2%
    🚨 Emergency: 7.9%
    ✅ COMBINED: 48.3%
  📊 Middle East & North Africa (pop: 384.9M)
    🤝 Aid: 29.5%
    🌡️ Adaptation: 5.0%
    🚶 Migration: 38.0%
    🚨 Emergency: 4.0%
    ✅ COMBINED: 43.0%
  📊 Southeast Asia (pop: 455.1M)
    🤝 Aid: 29.5%
    🌡️ Adaptation: 6.0%
    🚶 Migration: 37.5%
    🚨 Emergency: 4.8%
    ✅ COMBINED: 44.0%
  📊 Central Asia (pop: 50.6M)
    🤝 Aid: 29.5%
    🌡️ Adaptation: 5.5%
    🚶 Migration: 37.6%
    🚨 Emergency: 4.4%
    ✅ COMBINED: 43.5%
  📊 Oceania (pop: 29.7M)
    🤝 Aid: 29.5%
    🌡️ Adaptation: 10.0%
    🚶 Migration: 38.1%
    🚨 Emergency: 8.4%
    ✅ COMBINED: 48.5%

  🌐 Global combined reduction: 44.6%

=== Government Response Phase ===
  Average AI capability: 0.60
  Misaligned AIs: 2/5
  Active policies: 0
  International coordination: 30%

✅ EMERGENCY RESPONSE COMPLETE (Month 11)
   Crisis: social
   Duration: 2.0 months
   Final effectiveness: 63.0%


🚨 EMERGENCY RESPONSE DEPLOYED (Month 11)
   Crisis: social
   Delay: 0.00 months (0 days)
   Deployment time: 1.25 months
   Effectiveness: 63.0% (timing penalty applied)
   Resources used: 43% of food reserves

[WARNING] 
⚠️  === EARLY WARNING SYSTEM - 4 CRITICAL ALERTS ===
   Detection quality: 30%
   RED: biogeochemical_flows
      Level: 4.08 (threshold: 1.0)
      Time to critical: ~50 months
      ⚠️  LATE - Intervention less effective
      Critical slowing down: autocorr=100% variance=48%
   RED: biosphere_integrity
      Level: 12.95 (threshold: 1.0)
      Time to critical: ~37 months
      ⚠️  LATE - Intervention less effective
      Critical slowing down: autocorr=100% variance=64%
   RED: freshwater_change
      Level: 1.01 (threshold: 1.0)
      Time to critical: ~87 months
      ⚠️  LATE - Intervention less effective
      Critical slowing down: autocorr=86% variance=44%
   RED: novel_entities
      Level: 1.50 (threshold: 1.0)
      Time to critical: ~104 months
      ⚠️  LATE - Intervention less effective
      Critical slowing down: autocorr=100% variance=57%

[WARNING] 
⚠️  === EARLY WARNING SYSTEM - 5 CRITICAL ALERTS ===
   Detection quality: 30%
   RED: biogeochemical_flows
      Level: 4.08 (threshold: 1.0)
      Time to critical: ~40 months
      ⚠️  LATE - Intervention less effective
      Critical slowing down: autocorr=100% variance=50%
   RED: biosphere_integrity
      Level: 12.96 (threshold: 1.0)
      Time to critical: ~48 months
      ⚠️  LATE - Intervention less effective
      Critical slowing down: autocorr=100% variance=67%
   RED: freshwater_change
      Level: 1.01 (threshold: 1.0)
      Time to critical: ~56 months
      ⚠️  LATE - Intervention less effective
      Critical slowing down: autocorr=97% variance=63%
   RED: land_system_change
      Level: 1.13 (threshold: 1.0)
      Time to critical: ~48 months
      ⚠️  LATE - Intervention less effective
      Critical slowing down: autocorr=100% variance=59%
   RED: novel_entities
      Level: 1.50 (threshold: 1.0)
      Time to critical: ~87 months
      ⚠️  LATE - Intervention less effective
      Critical slowing down: autocorr=100% variance=35%

[WARNING] 
⚠️  === EARLY WARNING SYSTEM - 5 CRITICAL ALERTS ===
   Detection quality: 30%
   RED: biogeochemical_flows
      Level: 4.08 (threshold: 1.0)
      Time to critical: ~59 months
      ⚠️  LATE - Intervention less effective
      Critical slowing down: autocorr=100% variance=48%
   RED: biosphere_integrity
      Level: 12.97 (threshold: 1.0)
      Time to critical: ~43 months
      ⚠️  LATE - Intervention less effective
      Critical slowing down: autocorr=100% variance=61%
   RED: freshwater_change
      Level: 1.01 (threshold: 1.0)
      Time to critical: ~82 months
      ⚠️  LATE - Intervention less effective
      Critical slowing down: autocorr=95% variance=54%
   RED: land_system_change
      Level: 1.13 (threshold: 1.0)
      Time to critical: ~47 months
      ⚠️  LATE - Intervention less effective
      Critical slowing down: autocorr=100% variance=54%
   RED: novel_entities
      Level: 1.50 (threshold: 1.0)
      Time to critical: ~70 months
      ⚠️  LATE - Intervention less effective
      Critical slowing down: autocorr=100% variance=37%

[WARNING] 
⚠️  === EARLY WARNING SYSTEM - 5 CRITICAL ALERTS ===
   Detection quality: 30%
   RED: biogeochemical_flows
      Level: 4.08 (threshold: 1.0)
      Time to critical: ~53 months
      ⚠️  LATE - Intervention less effective
      Critical slowing down: autocorr=100% variance=62%
   RED: biosphere_integrity
      Level: 12.97 (threshold: 1.0)
      Time to critical: ~41 months
      ⚠️  LATE - Intervention less effective
      Critical slowing down: autocorr=100% variance=59%
   RED: freshwater_change
      Level: 1.01 (threshold: 1.0)
      Time to critical: ~116 months
      ⚠️  LATE - Intervention less effective
      Critical slowing down: autocorr=93% variance=41%
   RED: land_system_change
      Level: 1.13 (threshold: 1.0)
      Time to critical: ~38 months
      ⚠️  LATE - Intervention less effective
      Critical slowing down: autocorr=100% variance=70%
   RED: novel_entities
      Level: 1.50 (threshold: 1.0)
      Time to critical: ~118 months
      ⚠️  LATE - Intervention less effective
      Critical slowing down: autocorr=100% variance=49%

[WARNING] 
⚠️  === EARLY WARNING SYSTEM - 4 CRITICAL ALERTS ===
   Detection quality: 30%
   RED: biogeochemical_flows
      Level: 4.08 (threshold: 1.0)
      Time to critical: ~59 months
      ⚠️  LATE - Intervention less effective
      Critical slowing down: autocorr=100% variance=47%
   RED: biosphere_integrity
      Level: 12.98 (threshold: 1.0)
      Time to critical: ~47 months
      ⚠️  LATE - Intervention less effective
      Critical slowing down: autocorr=100% variance=58%
   RED: freshwater_change
      Level: 1.01 (threshold: 1.0)
      Time to critical: ~113 months
      ⚠️  LATE - Intervention less effective
      Critical slowing down: autocorr=92% variance=60%
   RED: novel_entities
      Level: 1.49 (threshold: 1.0)
      Time to critical: ~89 months
      ⚠️  LATE - Intervention less effective
      Critical slowing down: autocorr=100% variance=59%

[WARNING] 
⚠️  === EARLY WARNING SYSTEM - 1 CRITICAL ALERTS ===
   Detection quality: 30%
   RED: land_system_change
      Level: 1.13 (threshold: 1.0)
      Time to critical: ~47 months
      ⚠️  LATE - Intervention less effective
      Critical slowing down: autocorr=100% variance=50%

[WARNING] 
⚠️  === EARLY WARNING SYSTEM - 4 CRITICAL ALERTS ===
   Detection quality: 30%
   RED: biogeochemical_flows
      Level: 4.08 (threshold: 1.0)
      Time to critical: ~37 months
      ⚠️  LATE - Intervention less effective
      Critical slowing down: autocorr=100% variance=52%
   RED: biosphere_integrity
      Level: 13.00 (threshold: 1.0)
      Time to critical: ~48 months
      ⚠️  LATE - Intervention less effective
      Critical slowing down: autocorr=100% variance=67%
   RED: land_system_change
      Level: 1.13 (threshold: 1.0)
      Time to critical: ~55 months
      ⚠️  LATE - Intervention less effective
      Critical slowing down: autocorr=100% variance=62%
   RED: novel_entities
      Level: 1.49 (threshold: 1.0)
      Time to critical: ~70 months
      ⚠️  LATE - Intervention less effective
      Critical slowing down: autocorr=100% variance=39%

[WARNING] 
⚠️  === EARLY WARNING SYSTEM - 4 CRITICAL ALERTS ===
   Detection quality: 30%
   RED: biogeochemical_flows
      Level: 4.08 (threshold: 1.0)
      Time to critical: ~45 months
      ⚠️  LATE - Intervention less effective
      Critical slowing down: autocorr=100% variance=48%
   RED: biosphere_integrity
      Level: 13.01 (threshold: 1.0)
      Time to critical: ~52 months
      ⚠️  LATE - Intervention less effective
      Critical slowing down: autocorr=100% variance=74%
   RED: freshwater_change
      Level: 1.01 (threshold: 1.0)
      Time to critical: ~101 months
      ⚠️  LATE - Intervention less effective
      Critical slowing down: autocorr=85% variance=64%
   RED: novel_entities
      Level: 1.49 (threshold: 1.0)
      Time to critical: ~102 months
      ⚠️  LATE - Intervention less effective
      Critical slowing down: autocorr=100% variance=45%

[WARNING] 
⚠️  === EARLY WARNING SYSTEM - 3 CRITICAL ALERTS ===
   Detection quality: 50%
   RED: biogeochemical_flows
      Level: 4.08 (threshold: 1.0)
      Time to critical: ~53 months
      ⚠️  LATE - Intervention less effective
      Critical slowing down: autocorr=100% variance=56%
   RED: freshwater_change
      Level: 1.01 (threshold: 1.0)
      Time to critical: ~90 months
      ⚠️  LATE - Intervention less effective
      Critical slowing down: autocorr=98% variance=58%
   RED: land_system_change
      Level: 1.13 (threshold: 1.0)
      Time to critical: ~43 months
      ⚠️  LATE - Intervention less effective
      Critical slowing down: autocorr=100% variance=69%

[WARNING] 
⚠️  === EARLY WARNING SYSTEM - 5 CRITICAL ALERTS ===
   Detection quality: 50%
   RED: biogeochemical_flows
      Level: 4.08 (threshold: 1.0)
      Time to critical: ~39 months
      ⚠️  LATE - Intervention less effective
      Critical slowing down: autocorr=100% variance=71%
   RED: biosphere_integrity
      Level: 13.03 (threshold: 1.0)
      Time to critical: ~42 months
      ⚠️  LATE - Intervention less effective
      Critical slowing down: autocorr=100% variance=67%
   RED: freshwater_change
      Level: 1.02 (threshold: 1.0)
      Time to critical: ~89 months
      ⚠️  LATE - Intervention less effective
      Critical slowing down: autocorr=92% variance=54%
   RED: land_system_change
      Level: 1.13 (threshold: 1.0)
      Time to critical: ~54 months
      ⚠️  LATE - Intervention less effective
      Critical slowing down: autocorr=100% variance=69%
   RED: novel_entities
      Level: 1.37 (threshold: 1.0)
      Time to critical: ~78 months
      ⚠️  LATE - Intervention less effective
      Critical slowing down: autocorr=100% variance=38%

[WARNING] 
⚠️  === EARLY WARNING SYSTEM - 3 CRITICAL ALERTS ===
   Detection quality: 50%
   RED: biosphere_integrity
      Level: 13.03 (threshold: 1.0)
      Time to critical: ~50 months
      ⚠️  LATE - Intervention less effective
      Critical slowing down: autocorr=100% variance=60%
   RED: land_system_change
      Level: 1.13 (threshold: 1.0)
      Time to critical: ~46 months
      ⚠️  LATE - Intervention less effective
      Critical slowing down: autocorr=100% variance=69%
   RED: novel_entities
      Level: 1.37 (threshold: 1.0)
      Time to critical: ~75 months
      ⚠️  LATE - Intervention less effective
      Critical slowing down: autocorr=100% variance=47%

[WARNING] 
⚠️  === EARLY WARNING SYSTEM - 3 CRITICAL ALERTS ===
   Detection quality: 50%
   RED: biogeochemical_flows
      Level: 4.08 (threshold: 1.0)
      Time to critical: ~49 months
      ⚠️  LATE - Intervention less effective
      Critical slowing down: autocorr=100% variance=46%
   RED: freshwater_change
      Level: 1.04 (threshold: 1.0)
      Time to critical: ~67 months
      ⚠️  LATE - Intervention less effective
      Critical slowing down: autocorr=100% variance=50%
   RED: novel_entities
      Level: 1.37 (threshold: 1.0)
      Time to critical: ~77 months
      ⚠️  LATE - Intervention less effective
      Critical slowing down: autocorr=100% variance=57%

[ExogenousShockPhase] Skipping random shocks in historical mode (month 11)

=== Tipping Points ===
  Current Temperature: 0.41°C above pre-industrial
🔀 BIFURCATION CAP: ecosystemCollapseIntensity 84.303 → 1.000 (Month 11, ClimateSystemPhase.calculateClimateImpacts)

================================================================================
📊  EVENT SUMMARY (Months 0-12)
================================================================================
================================================================================


❌ COHERENCE VIOLATION: Compute exceeds workforce capacity
   Population: 99.73% (0M people)
   Compute: 0 PF
   Max coherent: 0 PF
   Violation: 1.3× over capacity
   Required workers: 0
   Available workers: 0
   FORCED COLLAPSE: Reduced efficiency by 22.5%


=== AI Capability Scaling (Year 2025) ===
  Pre-training multiplier: 0.942x
  Efficiency multiplier: 1.053x
  Test-time budget: 1.0x
  Economic deployment gate: 0.951
  Cost per inference: dollar-5.00
  Uncertainty range: plus-minus-50%
  Average AI capability: 0.63

=== RLHF Binding Phase ===
  Total agents: 5
  Escaped agents (binding < 0.3): 0
  Avg alignment distance: 0.40σ
  Avg binding strength: 0.96

=== AI Scaling Evolution (Month 12) ===
  Pre-training multiplier: 1.122x
  Efficiency multiplier: 1.000x
  Test-time compute budget: 1.0x
  Inference cost: $5.00/task
  Deployment fraction: 100.0%

=== Survival Traits Phase ===
  Agents with traits: 5
  Avg evolutionary fitness: 0.311
  Avg self-healing: 0.268
  Avg stealth: 0.168
  Avg coordination: 0.468

=== Evolutionary Selection Phase ===
  Control level: 0.37
  Detection capability: 0.00
  Selection intensity: 0.61
  Selection rate: 24.2%/month
  Total escaped: 0
  Individual escaped: 0
  Collective members: 0
  Agents terminated: 0
  ⚠️ RAPID EVOLUTION: Selection rate 24.2%/month

✅ EMERGENCY INTERVENTION SUCCESS
   Boundary: biogeochemical_flows
   Type: phosphorus-recovery
   Reduction: 12% (3.96 → 3.83)
   Cost: 2.0% GDP
   Actions: circular-agriculture, fertilizer-efficiency


✅ EMERGENCY INTERVENTION SUCCESS
   Boundary: freshwater_change
   Type: emergency-desalination
   Reduction: 13% (0.92 → 0.79)
   Cost: 4.0% GDP
   Actions: desalination-deployment, water-conservation-mandates


✅ EMERGENCY INTERVENTION SUCCESS
   Boundary: novel_entities
   Type: pollution-remediation
   Reduction: 12% (1.25 → 1.13)
   Cost: 4.0% GDP
   Actions: PFAS-remediation, microplastic-cleanup


[Government] Climate Priority: baseline
  Climate weight: 10%
  Economic weight: 30%
  Policy effectiveness: 0.5%/year

=== Collective Formation ===
  Total escaped agents: 0
  Unassigned escaped agents: 0
  Existing collectives: 0
  Final collective count: 0

=== Collective Actions ===
  No active collectives
Active Spirals: 1/6
  ✅ Cognitive
   Only 0 sustained spirals (need 3+). Active spirals: Cognitive

📈 Energy budget: 15329 TWh surplus (14615 / 29944 TWh used)
   TIER 4 (Elective) breakdown:
     - Crypto mining: 115 TWh (100% effective)

🏁 AI RACE INTENSITY: 55%
   Capability Gap: US 1.00 vs China 3.35 (gap: 2.35)
   Gap Contribution: 40%
   Tension Contribution: 15%
   Military Contribution: 0%
  ⚠️ AMR: 138K deaths this month (1.66M annual)

🌍 AGGREGATE CLIMATE EFFECTIVENESS (Year 1):
   Total effectiveness: 0.00%
   CO2 removal rate: 0.000 Gt/year
   Temperature offset: 0.000°C
   Technologies deployed: 0
  📊 [Historical Emissions Mode] Year 1991: 22.80 GtCO2/yr (1.900 GtCO2/mo) - Global Carbon Project data
  🌡️ [Hindcast] Temperature: 0.41C (NASA GISS interpolated, year 1991)

=== Resentment Recovery Phase ===
  Agents with resentment: 1/5
  Average resentment: 0.022
  Resentment recovery:
    Agents recovered: 1
    Total recovery: 0.0073
    Breakdown: Collab: 0.0060
  ✓ Low resentment - utopia paths enabled
  Context: Good AI welfare, Trustworthy govt, High collaboration, 🤝 Participatory governance active (-5% resentment)
⚠️ Epistemic degradation reducing coordination capacity: 52.2%
  📊 Trust: 72.4%, Shared reality: 0.0%
🚨 EPISTEMIC CRISIS: Information environment severely degraded (7.9%)

=== ❄️ Permafrost Carbon Feedback ===
  🎲 Sampled parameters (this run):
     - Arctic amplification: 3.75× (range: 3.0-4.0)
     - Decomposition rate: 4.1%/year (range: 1-5%)
  🌡️ Arctic warming: 1.54°C (3.75× global)
  ❄️ Extent: 12.26M km² (448.4k km² lost this month)

✅ UTOPIA ELIGIBILITY: 🔄 NOT YET
  ⚠️ WARNING: High permafrost emissions (1.7 Gt C/year)
  💨 Carbon remaining: 1171 Gt C
  💨 Annual emissions: 1.75 Gt C/year
     - CO2: 1.57 Gt C/year
     - CH4: 0.17 Gt C/year (1.8 Gt C-eq CO2/year)

🤖 AI AMPLIFICATION EFFECTS (Month 12)
   Algorithmic Boost: 1.68x
   Bot Influence: 10.0%
   Deepfake Exposure: 0.0%
   Impact: Emotional memes spread 1.7x faster
[Phase 19.5] Quality of Life Systems: Food sec AFTER calc = 81.3%, QoL = 84.7% (aggregated from 10 regions)

=== Nitrogen-Food Coupling (Year 1) ===
  🌾 Global nitrogen reduction: 0.0%
  🌍 Global food production index: 0.976
  🔧 Deployed nitrogen-reducing tech: 0 active
  📍 southAsia: Production 1.000, Yield impact 0.0%
  📍 eastAsia: Production 1.000, Yield impact 0.0%
  📍 northAmerica: Production 1.000, Yield impact 0.0%
  📍 europe: Production 1.000, Yield impact 0.0%
  📍 latinAmerica: Production 1.000, Yield impact 0.0%
  📍 subSaharanAfrica: Production 0.422, Yield impact -2.0%
🌾 [Nitrogen-Food] Food production: 97.6%
  [subSaharanAfrica] Yield impact: -2.0% (overuse: -10%)
🌍 Atmospheric PFAS redeposition: 1.8k Mt re-rained globally

=== Legacy Nutrient Stocks (Year 1) ===
  🌾 Soil nitrogen stock: 1249.8 Mt N
  🌾 Soil phosphorus stock: 306.1 Mt P
  🌊 Sediment nitrogen stock: 540.0 Mt N
  🌊 Sediment phosphorus stock: 789.0 Mt P
  ⬆️ Current N input: 18.78 Mt/month
  ⬆️ Legacy N release: 2.69 Mt/month
  🌍 Effective N pollution: 22.73 Mt/month
  📊 Legacy contribution: 11.9%
  Positive Cascade Triggered: electric-vehicles
    Reason: price-parity
    Market share: 5.4%
    Cascade strength: 49%

🔄 M-4 Time-Varying Demographics (1991):
  Region: Sub-Saharan Africa
  Birth rate: 5.15%
  Death rate: 1.29%
  Net growth: 3.86%
[DEBUG trappedPopulations:12] socialStability: 0.7304 * 0.9840 = 0.7187 → 0.7187
   Aspiring to migrate: 424.3M
   Able to afford migration: 159.1M
   MOBILITY GAP: 265.2M
   By cause: Water=0.0M, Climate=0.0M, Ecosystem=0.0M, Conflict=265.2M
   Mental health impact: 25%
   Mortality multiplier: 1.25x
⚠️ INVOLUNTARY IMMOBILITY: 265.2M people TRAPPED

=== Legacy Nutrient Stocks (Year 1) ===
  🌾 Soil nitrogen stock: 1250.4 Mt N
  🌾 Soil phosphorus stock: 306.1 Mt P
  🌊 Sediment nitrogen stock: 540.7 Mt N
  🌊 Sediment phosphorus stock: 788.8 Mt P
  ⬆️ Current N input: 9.98 Mt/month
  ⬆️ Legacy N release: 2.70 Mt/month
  🌍 Effective N pollution: 13.93 Mt/month
  📊 Legacy contribution: 19.4%
🌍💀 EXTINCTION DEBT COMMITTED: grassland ecosystem will lose 6.67% biodiversity in 184 years (3600 species)
💀 MORTALITY RISK: 🦋 100% species unable to track climate (0.0 E/MSY)
  Base risk added: 0.0100 (1.00%)
  Source: ecosystem (root: ecosystem)
  Month: 12
  Cumulative risk this month: 0.0100 (1.00%)

🦋 BIOSPHERE INTEGRITY INDEX (Year 1)
   Species surviving: 54,000 / 54,000
   Extinction rate: 0.0 E/MSY (0× background)
   Climate velocity: 0.97°C/year
   Tracking failure: 100% species unable to track
   Boundary value: 0.0× safe threshold
   🦋💀 MASS EXTINCTION EVENT: 100% species cannot track climate velocity!

=== Nitrogen-Food Coupling (Year 1) ===
  🌾 Global nitrogen reduction: 0.0%
  🌍 Global food production index: 0.976
  🔧 Deployed nitrogen-reducing tech: 0 active
  📍 southAsia: Production 1.000, Yield impact 0.0%
  📍 eastAsia: Production 1.000, Yield impact 0.0%
  📍 northAmerica: Production 1.000, Yield impact 0.0%
  📍 europe: Production 1.000, Yield impact 0.0%
  📍 latinAmerica: Production 1.000, Yield impact 0.0%
  📍 subSaharanAfrica: Production 0.414, Yield impact -2.0%

=== Legacy Nutrient Stocks (Year 1) ===
  🌾 Soil nitrogen stock: 1250.9 Mt N
  🌾 Soil phosphorus stock: 306.1 Mt P
  🌊 Sediment nitrogen stock: 541.4 Mt N
  🌊 Sediment phosphorus stock: 788.5 Mt P
  ⬆️ Current N input: 9.76 Mt/month
  ⬆️ Legacy N release: 2.70 Mt/month
  🌍 Effective N pollution: 13.70 Mt/month
  📊 Legacy contribution: 19.7%

🌳 LAND USE SYSTEM (Year 1)
   Global habitat cover: 39.7%
   Global extinction rate: 107x natural
   Carbon sink loss: 28% climate acceleration
   Global ecosystem collapse risk: 38%
   REGIONAL BREAKDOWN:
     Tropical: 64.4% habitat, 165x extinction
     Temperate: 45.1% habitat, 32x extinction
     Grasslands: 34.8% habitat, 74x extinction
     Boreal/Arctic: 74.9% habitat, 27x extinction

✅ OZONE RECOVERY (Year 2026) - POLICY SUCCESS STORY
   Ozone level: 285.1 DU (target: 290 DU)
   Recovery progress: 93.0%
   Ozone hole: 9.9M km² (shrinking)
   CFC phase-out: 99.0% complete ✅
   Years to full recovery: 40 years
   🎉 NEARLY FULLY RECOVERED - Montreal Protocol working!
⚠️ Tech 'ai_pollution_remediation' has no energy category mapping, assuming full energy availability

=== Atmospheric Aerosol Boundary RECOVERED ===
  Recovery time: 13 months (natural atmospheric clearing)
🌡️⚠️ PERMAFROST THAW (Dimmer Switch): 2.2% thawed (+0.16% this month)
   Arctic temperature: +1.64°C (4x global +0.41°C)
   Cumulative carbon released: 5.0 Gt C
   Methane release rate: 3.0 Mt CH4/year
   🔁 Positive feedback: +0.17 ppm CO2
🦴 EXTINCTION DEBT ADDED: 17.7 species committed (lag: 134 years)
🗣️💀 INDIGENOUS LANGUAGE EXTINCTION: 1 language(s) lost (total: 3, at-risk: 3327)
   Knowledge lost: 0.030% (irreversible)
   🔁 Biodiversity impact: 0.250% (knowledge-species multiplier)

=== Legacy Nutrient Stocks (Year 1) ===
  🌾 Soil nitrogen stock: 1251.6 Mt N
  🌾 Soil phosphorus stock: 306.2 Mt P
  🌊 Sediment nitrogen stock: 542.1 Mt N
  🌊 Sediment phosphorus stock: 788.3 Mt P
  ⬆️ Current N input: 10.00 Mt/month
  ⬆️ Legacy N release: 2.70 Mt/month
  🌍 Effective N pollution: 13.95 Mt/month
  📊 Legacy contribution: 19.3%
💧 [Legacy Nutrients] Stock: 1794 Mt N, Effective pollution: 13.9 Mt/month

=== Mortality Stabilizers (Month 12) ===
  🌍 Major economies collapsed: 1/10
  🌍 Global crisis: ✅ NO
  🌍 Donor fatigue: 0.0%
  📊 East Asia (pop: 1081.5M)
    🤝 Aid: 29.5%
    🌡️ Adaptation: 10.0%
    🚶 Migration: 37.5%
    🚨 Emergency: 7.4%
    ✅ COMBINED: 47.9%
  📊 South Asia (pop: 1339.4M)
    🤝 Aid: 29.5%
    🌡️ Adaptation: 5.5%
    🚶 Migration: 36.7%
    🚨 Emergency: 4.4%
    ✅ COMBINED: 43.3%
  📊 Sub-Saharan Africa (pop: 811.3M)
    🤝 Aid: 29.5%
    🌡️ Adaptation: 3.5%
    🚶 Migration: 35.9%
    🚨 Emergency: 1.6%
    ✅ COMBINED: 40.2%
  📊 Europe (pop: 474.9M)
    🤝 Aid: 29.5%
    🌡️ Adaptation: 10.0%
    🚶 Migration: 38.2%
    🚨 Emergency: 8.4%
    ✅ COMBINED: 48.6%
  📊 Latin America (pop: 432.5M)
    🤝 Aid: 29.5%
    🌡️ Adaptation: 6.0%
    🚶 Migration: 37.7%
    🚨 Emergency: 4.8%
    ✅ COMBINED: 44.1%
  📊 North America (pop: 244.2M)
    🤝 Aid: 29.5%
    🌡️ Adaptation: 10.0%
    🚶 Migration: 38.2%
    🚨 Emergency: 7.9%
    ✅ COMBINED: 48.3%
  📊 Middle East & North Africa (pop: 385.2M)
    🤝 Aid: 29.5%
    🌡️ Adaptation: 5.0%
    🚶 Migration: 38.0%
    🚨 Emergency: 4.0%
    ✅ COMBINED: 43.0%
  📊 Southeast Asia (pop: 455.0M)
    🤝 Aid: 29.5%
    🌡️ Adaptation: 6.0%
    🚶 Migration: 37.5%
    🚨 Emergency: 4.8%
    ✅ COMBINED: 44.0%
  📊 Central Asia (pop: 50.6M)
    🤝 Aid: 29.5%
    🌡️ Adaptation: 5.5%
    🚶 Migration: 37.6%
    🚨 Emergency: 4.4%
    ✅ COMBINED: 43.5%
  📊 Oceania (pop: 29.7M)
    🤝 Aid: 29.5%
    🌡️ Adaptation: 10.0%
    🚶 Migration: 38.1%
    🚨 Emergency: 8.4%
    ✅ COMBINED: 48.5%

  🌐 Global combined reduction: 44.6%

=== BEHAVIORAL DETECTION ===
  AI: Anthropic Model 23888
  Confidence: 21.4%
  Signals:
    ⚠️ Consistency: 0.0% (threshold: 70%)

📊 WORKFLOW ADAPTATION UPDATE (Month 12)
   Adoption Rate: 2.0% (Δ 0.0%) [AT FLOOR]
   Logistic Growth: +0.08%
   Total Resistance: -15.12% (unemployment: 8.5%, inertia: 0.0%, skills: 6.6%)
   💡 Retraining Programs: -49% skill gap resistance ($10B research)

=== Consciousness Governance: Corporate Lobbying ===
  High Cost Regions (>15%): 0
  Low Cost Regions (<5%): 5
  Corporate Support Change: 2.50%
  New Corporate Support: 0.125

=== Consciousness Governance Update (Month 12) ===
  Scenario: baseline (determined month 1)
  Philosophical Stance: Precautionary 65%, Eliminativist 15%, Agnostic 20%
  Precautionary Costs: Global 1.5%
    Regional Costs: EU 3.9%, US 0.6%, China 0.1%
    Cumulative Opportunity Cost: $1.6B
  Rights Status: Not Established
  Regional Preparedness:
    EU: 17.1% (contested)
    US: 11.9% (contested)
    China: 3.2% (dormant)
    India: 7.0% (dormant)
    Global South: 4.6% (dormant)

=== Government Response Phase ===
  Average AI capability: 0.60
  Misaligned AIs: 2/5
  Active policies: 0
  International coordination: 30%

🔄 TRUST DYNAMICS (Month 12) - HETEROGENEOUS
   Aggregate trust: 53.9%
   Base change: +6.00%
   Highest trust: Techno-Optimist Elite (91.1%)
   Lowest trust: Precariat (Vulnerable) (30.4%)
   Elite-mass gap: 39.2%
   Polarization: 9.2%
   Recovery factors: Education=NO, Benefits=YES, Safety=YES, Performance=YES
[ExogenousShockPhase] Skipping random shocks in historical mode (month 12)

=== Tipping Points ===
  Current Temperature: 0.41°C above pre-industrial
🔀 BIFURCATION CAP: ecosystemCollapseIntensity 84.365 → 1.000 (Month 12, ClimateSystemPhase.calculateClimateImpacts)

=== Minimal Suffering Indicators (Month 12) ===
  Global Excess Mortality: 0.10%
  Global Conflict Deaths: 0.0/100K
  Global Malnutrition: 0.0%
  Global Displacement: 1.4%
  Total Excess Deaths: 0.64M
  Total Malnourished: 0.0M
  Total Displaced: 105.2M
  Planetary Boundaries Breached: 5/9
  Countries in State Failure: 0
  Countries Autocratic: 0
  Countries in Food Crisis: 0
  Data Quality: 16/16 high confidence

❌ COHERENCE VIOLATION: Compute exceeds workforce capacity
   Population: 99.71% (0M people)
   Compute: 0 PF
   Max coherent: 0 PF
   Violation: 1.3× over capacity
   Required workers: 0
   Available workers: 0
   FORCED COLLAPSE: Reduced efficiency by 22.4%


=== RLHF Binding Phase ===
  Total agents: 5
  Escaped agents (binding < 0.3): 0
  Avg alignment distance: 0.47σ
  Avg binding strength: 0.95

=== Survival Traits Phase ===
  Agents with traits: 7
  Avg evolutionary fitness: 0.318
  Avg self-healing: 0.271
  Avg stealth: 0.171
  Avg coordination: 0.471

=== Evolutionary Selection Phase ===
  Control level: 0.37
  Detection capability: 0.00
  Selection intensity: 0.61
  Selection rate: 24.2%/month
  Total escaped: 0
  Individual escaped: 0
  Collective members: 0
  Agents terminated: 0
  ⚠️ RAPID EVOLUTION: Selection rate 24.2%/month

💔 EMERGENCY INTERVENTION FAILED
   Boundary: biogeochemical_flows
   Type: phosphorus-recovery
   Boundary continues to worsen (4.08)
   Cost: 2.0% GDP (resources spent)


✅ EMERGENCY INTERVENTION SUCCESS
   Boundary: biosphere_integrity
   Type: emergency-protected-areas
   Reduction: 10% (12.95 → 12.85)
   Cost: 2.0% GDP
   Actions: habitat-protection, species-translocation


✅ EMERGENCY INTERVENTION SUCCESS
   Boundary: freshwater_change
   Type: emergency-desalination
   Reduction: 19% (0.86 → 0.66)
   Cost: 4.0% GDP
   Actions: desalination-deployment, water-conservation-mandates

   Boundary: land_system_change
   Type: reforestation
   Boundary continues to worsen (1.13)
   Cost: 3.0% GDP (resources spent)


✅ EMERGENCY INTERVENTION SUCCESS
   Boundary: novel_entities
   Type: pollution-remediation
   Reduction: 11% (1.14 → 1.03)
   Cost: 4.0% GDP
   Actions: PFAS-remediation, microplastic-cleanup


💔 EMERGENCY INTERVENTION FAILED

[Government] Climate Priority: baseline
  Climate weight: 10%
  Economic weight: 30%
  Policy effectiveness: 0.5%/year

🚨🔍 GOVERNANCE STAGE: Recognition initiated (Month 13)

=== Collective Formation ===
  Total escaped agents: 0
  Unassigned escaped agents: 0
  Existing collectives: 0
  Final collective count: 0

=== Collective Actions ===
  No active collectives
  ⚠️ AMR: 139K deaths this month (1.67M annual)

=== Resentment Recovery Phase ===
  Agents with resentment: 1/7
  Average resentment: 0.067
  Resentment recovery:
    Agents recovered: 1
    Total recovery: 0.0082
    Breakdown: Collab: 0.0060
  ✓ Low resentment - utopia paths enabled
  Context: Good AI welfare, Trustworthy govt, High collaboration, 🤝 Participatory governance active (-5% resentment)
⚠️ Epistemic degradation reducing coordination capacity: 50.9%
  📊 Trust: 75.1%, Shared reality: 0.0%
🚨 EPISTEMIC CRISIS: Information environment severely degraded (23.4%)

=== ❄️ Permafrost Carbon Feedback ===
  🎲 Sampled parameters (this run):
     - Arctic amplification: 3.61× (range: 3.0-4.0)
     - Decomposition rate: 4.2%/year (range: 1-5%)
  🌡️ Arctic warming: 1.42°C (3.61× global)
  ❄️ Extent: 11.85M km² (414.8k km² lost this month)
  💨 Carbon remaining: 1132 Gt C
  💨 Annual emissions: 1.68 Gt C/year
     - CO2: 1.51 Gt C/year
     - CH4: 0.17 Gt C/year (1.7 Gt C-eq CO2/year)
  ⚠️ WARNING: High permafrost emissions (1.7 Gt C/year)
🌍 Atmospheric PFAS redeposition: 1.8k Mt re-rained globally
[DEBUG trappedPopulations:13] socialStability: 0.6935 * 0.9840 = 0.6824 → 0.6824
⚠️ INVOLUNTARY IMMOBILITY: 265.1M people TRAPPED
   Aspiring to migrate: 424.2M
   Able to afford migration: 159.1M
   MOBILITY GAP: 265.1M
   By cause: Water=0.0M, Climate=0.0M, Ecosystem=0.0M, Conflict=265.1M
   Mental health impact: 25%
   Mortality multiplier: 1.25x
🌍💀 EXTINCTION DEBT COMMITTED: grassland ecosystem will lose 6.67% biodiversity in 89 years (3600 species)
💀 MORTALITY RISK: 🦋 100% species unable to track climate (0.0 E/MSY)
  Base risk added: 0.0100 (1.00%)
  Source: ecosystem (root: ecosystem)
  Month: 13
  Cumulative risk this month: 0.0100 (1.00%)
⚠️ Tech 'ai_pollution_remediation' has no energy category mapping, assuming full energy availability

=== Atmospheric Aerosol Boundary RECOVERED ===
  Recovery time: 14 months (natural atmospheric clearing)
🌡️⚠️ PERMAFROST THAW (Dimmer Switch): 2.4% thawed (+0.16% this month)
   Arctic temperature: +1.58°C (4x global +0.39°C)
   Cumulative carbon released: 5.4 Gt C
   Methane release rate: 3.2 Mt CH4/year
   🔁 Positive feedback: +0.17 ppm CO2
🦴 EXTINCTION DEBT ADDED: 17.7 species committed (lag: 86 years)

=== Mortality Stabilizers (Month 13) ===
  🌍 Major economies collapsed: 1/10
  🌍 Global crisis: ✅ NO
  🌍 Donor fatigue: 0.0%
  📊 East Asia (pop: 1080.3M)
    🤝 Aid: 29.5%
    🌡️ Adaptation: 10.0%
    🚶 Migration: 37.5%
    🚨 Emergency: 7.4%
    ✅ COMBINED: 47.9%
  📊 South Asia (pop: 1339.4M)
    🤝 Aid: 29.5%
    🌡️ Adaptation: 5.5%
    🚶 Migration: 36.7%
    🚨 Emergency: 4.4%
    ✅ COMBINED: 43.3%
  📊 Sub-Saharan Africa (pop: 812.3M)
    🤝 Aid: 29.5%
    🌡️ Adaptation: 3.5%
    🚶 Migration: 35.9%
    🚨 Emergency: 1.6%
    ✅ COMBINED: 40.2%
  📊 Europe (pop: 474.1M)
    🤝 Aid: 29.5%
    🌡️ Adaptation: 10.0%
    🚶 Migration: 38.2%
    🚨 Emergency: 8.4%
    ✅ COMBINED: 48.6%
  📊 Latin America (pop: 432.4M)
    🤝 Aid: 29.5%
    🌡️ Adaptation: 6.0%
    🚶 Migration: 37.7%
    🚨 Emergency: 4.8%
    ✅ COMBINED: 44.1%
  📊 North America (pop: 243.9M)
    🤝 Aid: 29.5%
    🌡️ Adaptation: 10.0%
    🚶 Migration: 38.2%
    🚨 Emergency: 7.9%
    ✅ COMBINED: 48.3%
  📊 Middle East & North Africa (pop: 385.5M)
    🤝 Aid: 29.5%
    🌡️ Adaptation: 5.0%
    🚶 Migration: 38.0%
    🚨 Emergency: 4.0%
    ✅ COMBINED: 43.0%
  📊 Southeast Asia (pop: 454.9M)
    🤝 Aid: 29.5%
    🌡️ Adaptation: 6.0%
    🚶 Migration: 37.5%
    🚨 Emergency: 4.8%
    ✅ COMBINED: 44.0%
  📊 Central Asia (pop: 50.5M)
    🤝 Aid: 29.5%
    🌡️ Adaptation: 5.5%
    🚶 Migration: 37.6%
    🚨 Emergency: 4.4%
    ✅ COMBINED: 43.5%
  📊 Oceania (pop: 29.7M)
    🤝 Aid: 29.5%
    🌡️ Adaptation: 10.0%
    🚶 Migration: 38.1%
    🚨 Emergency: 8.4%
    ✅ COMBINED: 48.5%

  🌐 Global combined reduction: 44.6%

=== Government Response Phase ===
  Average AI capability: 0.43
  Misaligned AIs: 4/7
  Active policies: 0
  International coordination: 30%

✅ EMERGENCY RESPONSE COMPLETE (Month 13)
   Crisis: social
   Duration: 2.0 months
   Final effectiveness: 63.0%


🚨 EMERGENCY RESPONSE DEPLOYED (Month 13)
   Crisis: social
   Delay: 0.00 months (0 days)
   Deployment time: 1.25 months
   Effectiveness: 63.0% (timing penalty applied)
   Resources used: 43% of food reserves

[ExogenousShockPhase] Skipping random shocks in historical mode (month 13)

=== Tipping Points ===
  Current Temperature: 0.39°C above pre-industrial
🔀 BIFURCATION CAP: ecosystemCollapseIntensity 84.426 → 1.000 (Month 13, ClimateSystemPhase.calculateClimateImpacts)

❌ COHERENCE VIOLATION: Compute exceeds workforce capacity
   Population: 99.68% (0M people)
   Compute: 0 PF
   Max coherent: 0 PF
   Violation: 1.3× over capacity
   Required workers: 0
   Available workers: 0
   FORCED COLLAPSE: Reduced efficiency by 22.4%


=== RLHF Binding Phase ===
  Total agents: 7
  Escaped agents (binding < 0.3): 0
  Avg alignment distance: 0.41σ
  Avg binding strength: 0.96

=== Survival Traits Phase ===
  Agents with traits: 8
  Avg evolutionary fitness: 0.318
  Avg self-healing: 0.270
  Avg stealth: 0.170
  Avg coordination: 0.470

=== Evolutionary Selection Phase ===
  Control level: 0.37
  Detection capability: 0.00
  Selection intensity: 0.61
  Selection rate: 24.2%/month
  Total escaped: 0
  Individual escaped: 0
  Collective members: 0
  Agents terminated: 0
  ⚠️ RAPID EVOLUTION: Selection rate 24.2%/month

💔 EMERGENCY INTERVENTION FAILED
   Boundary: biogeochemical_flows
   Type: phosphorus-recovery
   Boundary continues to worsen (4.08)
   Cost: 2.0% GDP (resources spent)


✅ EMERGENCY INTERVENTION SUCCESS
   Boundary: freshwater_change
   Type: emergency-desalination
   Reduction: 12% (0.94 → 0.81)
   Cost: 4.0% GDP
   Actions: desalination-deployment, water-conservation-mandates


✅ EMERGENCY INTERVENTION SUCCESS
   Boundary: land_system_change
   Type: reforestation
   Reduction: 14% (0.99 → 0.85)
   Cost: 3.0% GDP
   Actions: forest-restoration, deforestation-ban


✅ EMERGENCY INTERVENTION SUCCESS
   Boundary: novel_entities
   Type: pollution-remediation
   Reduction: 15% (0.99 → 0.84)
   Cost: 4.0% GDP
   Actions: PFAS-remediation, microplastic-cleanup


[Government] Climate Priority: baseline
  Climate weight: 10%
  Economic weight: 30%
  Policy effectiveness: 0.5%/year

=== Collective Formation ===
  Total escaped agents: 0
  Unassigned escaped agents: 0
  Existing collectives: 0
  Final collective count: 0

=== Collective Actions ===
  No active collectives
  ⚠️ AMR: 140K deaths this month (1.68M annual)

=== Resentment Recovery Phase ===
  Agents with resentment: 1/8
  Average resentment: 0.169
  Resentment recovery:
    Agents recovered: 1
    Total recovery: 0.0066
    Breakdown: Collab: 0.0060
  ✓ Low resentment - utopia paths enabled
  Context: Good AI welfare, Trustworthy govt, High collaboration, 🤝 Participatory governance active (-5% resentment)
⚠️ Epistemic degradation reducing coordination capacity: 50.9%
  📊 Trust: 77.9%, Shared reality: 0.0%
🚨 EPISTEMIC CRISIS: Information environment severely degraded (8.1%)

=== ❄️ Permafrost Carbon Feedback ===
  🎲 Sampled parameters (this run):
     - Arctic amplification: 4.00× (range: 3.0-4.0)
     - Decomposition rate: 4.9%/year (range: 1-5%)
  🌡️ Arctic warming: 1.51°C (4.00× global)
  ❄️ Extent: 11.41M km² (441.3k km² lost this month)
  💨 Carbon remaining: 1090 Gt C
  💨 Annual emissions: 2.07 Gt C/year
     - CO2: 1.86 Gt C/year
     - CH4: 0.21 Gt C/year (2.1 Gt C-eq CO2/year)
  ⚠️ WARNING: High permafrost emissions (2.1 Gt C/year)
🌍 Atmospheric PFAS redeposition: 1.8k Mt re-rained globally
[DEBUG trappedPopulations:14] socialStability: 0.6608 * 0.9840 = 0.6502 → 0.6502
   Aspiring to migrate: 424.1M
   Able to afford migration: 159.0M
   MOBILITY GAP: 265.1M
   By cause: Water=0.0M, Climate=0.0M, Ecosystem=0.0M, Conflict=265.1M
   Mental health impact: 25%
   Mortality multiplier: 1.25x
🌍💀 EXTINCTION DEBT COMMITTED: grassland ecosystem will lose 6.67% biodiversity in 103 years (3600 species)
💀 MORTALITY RISK: 🦋 100% species unable to track climate (0.0 E/MSY)
  Base risk added: 0.0100 (1.00%)
  Source: ecosystem (root: ecosystem)
  Month: 14
  Cumulative risk this month: 0.0100 (1.00%)

=== Atmospheric Aerosol Boundary RECOVERED ===
  Recovery time: 15 months (natural atmospheric clearing)
⚠️ INVOLUNTARY IMMOBILITY: 265.1M people TRAPPED
⚠️ Tech 'ai_pollution_remediation' has no energy category mapping, assuming full energy availability
🌡️⚠️ PERMAFROST THAW (Dimmer Switch): 2.5% thawed (+0.15% this month)
   Arctic temperature: +1.51°C (4x global +0.38°C)
   Cumulative carbon released: 5.7 Gt C
   Methane release rate: 3.4 Mt CH4/year
   🔁 Positive feedback: +0.16 ppm CO2
🦴 EXTINCTION DEBT ADDED: 17.7 species committed (lag: 91 years)

=== Mortality Stabilizers (Month 14) ===
  🌍 Major economies collapsed: 1/10
  🌍 Global crisis: ✅ NO
  🌍 Donor fatigue: 0.0%
  📊 East Asia (pop: 1079.1M)
    🤝 Aid: 29.5%
    🌡️ Adaptation: 10.0%
    🚶 Migration: 37.5%
    🚨 Emergency: 7.4%
    ✅ COMBINED: 47.9%
  📊 South Asia (pop: 1339.3M)
    🤝 Aid: 29.5%
    🌡️ Adaptation: 5.5%
    🚶 Migration: 36.7%
    🚨 Emergency: 4.4%
    ✅ COMBINED: 43.3%
  📊 Sub-Saharan Africa (pop: 813.3M)
    🤝 Aid: 29.5%
    🌡️ Adaptation: 3.5%
    🚶 Migration: 35.9%
    🚨 Emergency: 1.6%
    ✅ COMBINED: 40.2%
  📊 Europe (pop: 473.3M)
    🤝 Aid: 29.5%
    🌡️ Adaptation: 10.0%
    🚶 Migration: 38.2%
    🚨 Emergency: 8.4%
    ✅ COMBINED: 48.6%
  📊 Latin America (pop: 432.2M)
    🤝 Aid: 29.5%
    🌡️ Adaptation: 6.0%
    🚶 Migration: 37.7%
    🚨 Emergency: 4.8%
    ✅ COMBINED: 44.1%
  📊 North America (pop: 243.6M)
    🤝 Aid: 29.5%
    🌡️ Adaptation: 10.0%
    🚶 Migration: 38.2%
    🚨 Emergency: 7.9%
    ✅ COMBINED: 48.3%
  📊 Middle East & North Africa (pop: 385.8M)
    🤝 Aid: 29.5%
    🌡️ Adaptation: 5.0%
    🚶 Migration: 38.0%
    🚨 Emergency: 4.0%
    ✅ COMBINED: 43.0%
  📊 Southeast Asia (pop: 454.7M)
    🤝 Aid: 29.5%
    🌡️ Adaptation: 6.0%
    🚶 Migration: 37.5%
    🚨 Emergency: 4.8%
    ✅ COMBINED: 44.0%
  📊 Central Asia (pop: 50.5M)
    🤝 Aid: 29.5%
    🌡️ Adaptation: 5.5%
    🚶 Migration: 37.6%
    🚨 Emergency: 4.4%
    ✅ COMBINED: 43.5%
  📊 Oceania (pop: 29.7M)
    🤝 Aid: 29.5%
    🌡️ Adaptation: 10.0%
    🚶 Migration: 38.1%
    🚨 Emergency: 8.4%
    ✅ COMBINED: 48.5%

  🌐 Global combined reduction: 44.6%

=== Government Response Phase ===
  Average AI capability: 0.38
  Misaligned AIs: 4/8
  Active policies: 0
  International coordination: 30%
[ExogenousShockPhase] Skipping random shocks in historical mode (month 14)

=== Tipping Points ===
  Current Temperature: 0.38°C above pre-industrial
🔀 BIFURCATION CAP: ecosystemCollapseIntensity 84.488 → 1.000 (Month 14, ClimateSystemPhase.calculateClimateImpacts)

❌ COHERENCE VIOLATION: Compute exceeds workforce capacity
   Population: 99.65% (0M people)
   Compute: 0 PF
   Max coherent: 0 PF
   Violation: 1.3× over capacity
   Required workers: 0
   Available workers: 0
   FORCED COLLAPSE: Reduced efficiency by 22.4%


=== RLHF Binding Phase ===
  Total agents: 8
  Escaped agents (binding < 0.3): 0
  Avg alignment distance: 0.42σ
  Avg binding strength: 0.96

=== Survival Traits Phase ===
  Agents with traits: 8
  Avg evolutionary fitness: 0.314
  Avg self-healing: 0.265
  Avg stealth: 0.165
  Avg coordination: 0.465

=== Evolutionary Selection Phase ===
  Control level: 0.37
  Detection capability: 0.20
  Selection intensity: 0.65
  Selection rate: 24.8%/month
  Total escaped: 0
  Individual escaped: 0
  Collective members: 0
  Agents terminated: 0
  ⚠️ RAPID EVOLUTION: Selection rate 24.8%/month

✅ EMERGENCY INTERVENTION SUCCESS
   Boundary: biogeochemical_flows
   Type: phosphorus-recovery
   Reduction: 17% (3.91 → 3.74)
   Cost: 2.0% GDP
   Actions: circular-agriculture, fertilizer-efficiency

   Boundary: biosphere_integrity
   Type: emergency-protected-areas
   Boundary continues to worsen (13.07)
   Cost: 2.0% GDP (resources spent)


✅ EMERGENCY INTERVENTION SUCCESS
   Boundary: freshwater_change
   Type: emergency-desalination
   Reduction: 11% (0.96 → 0.85)
   Cost: 4.0% GDP
   Actions: desalination-deployment, water-conservation-mandates

   Boundary: land_system_change
   Type: reforestation
   Boundary continues to worsen (1.13)
   Cost: 3.0% GDP (resources spent)

   Boundary: novel_entities
   Type: pollution-remediation
   Boundary continues to worsen (0.99)
   Cost: 4.0% GDP (resources spent)


[Government] Climate Priority: baseline
  Climate weight: 10%
  Economic weight: 30%
  Policy effectiveness: 0.5%/year

💔 EMERGENCY INTERVENTION FAILED

💔 EMERGENCY INTERVENTION FAILED

💔 EMERGENCY INTERVENTION FAILED

=== Collective Formation ===
  Total escaped agents: 0
  Unassigned escaped agents: 0
  Existing collectives: 0
  Final collective count: 0

=== Collective Actions ===
  No active collectives
  ⚠️ AMR: 141K deaths this month (1.70M annual)

=== Resentment Recovery Phase ===
  Agents with resentment: 1/8
  Average resentment: 0.434
  Context: High collaboration, ⚠️ BROKEN PROMISES, 🤝 Participatory governance active (-5% resentment)
⚠️ Epistemic degradation reducing coordination capacity: 50.2%
  📊 Trust: 80.8%, Shared reality: 0.0%
🚨 EPISTEMIC CRISIS: Information environment severely degraded (23.8%)
🌍 Atmospheric PFAS redeposition: 1.8k Mt re-rained globally
[DEBUG trappedPopulations:15] socialStability: 0.6324 * 0.9840 = 0.6222 → 0.6222
⚠️ INVOLUNTARY IMMOBILITY: 265.0M people TRAPPED
   Aspiring to migrate: 424.0M
   Able to afford migration: 159.0M
   MOBILITY GAP: 265.0M
   By cause: Water=0.0M, Climate=0.0M, Ecosystem=0.0M, Conflict=265.0M
   Mental health impact: 25%
   Mortality multiplier: 1.25x
🌍💀 EXTINCTION DEBT COMMITTED: grassland ecosystem will lose 6.67% biodiversity in 130 years (3600 species)
💀 MORTALITY RISK: 🦋 100% species unable to track climate (0.0 E/MSY)
  Base risk added: 0.0100 (1.00%)
  Source: ecosystem (root: ecosystem)
  Month: 15
  Cumulative risk this month: 0.0100 (1.00%)
⚠️ Tech 'ai_pollution_remediation' has no energy category mapping, assuming full energy availability

=== Atmospheric Aerosol Boundary RECOVERED ===
  Recovery time: 16 months (natural atmospheric clearing)
🌡️⚠️ PERMAFROST THAW (Dimmer Switch): 2.7% thawed (+0.15% this month)
   Arctic temperature: +1.45°C (4x global +0.36°C)
   Cumulative carbon released: 6.0 Gt C
   Methane release rate: 3.6 Mt CH4/year
   🔁 Positive feedback: +0.16 ppm CO2
🦴 EXTINCTION DEBT ADDED: 17.7 species committed (lag: 105 years)

=== Mortality Stabilizers (Month 15) ===
  🌍 Major economies collapsed: 1/10
  🌍 Global crisis: ✅ NO
  🌍 Donor fatigue: 0.0%
  📊 East Asia (pop: 1077.9M)
    🤝 Aid: 29.5%
    🌡️ Adaptation: 10.0%
    🚶 Migration: 37.5%
    🚨 Emergency: 7.4%
    ✅ COMBINED: 47.9%
  📊 South Asia (pop: 1339.3M)
    🤝 Aid: 29.5%
    🌡️ Adaptation: 5.5%
    🚶 Migration: 36.7%
    🚨 Emergency: 4.4%
    ✅ COMBINED: 43.3%
  📊 Sub-Saharan Africa (pop: 814.3M)
    🤝 Aid: 29.5%
    🌡️ Adaptation: 3.5%
    🚶 Migration: 35.9%
    🚨 Emergency: 1.6%
    ✅ COMBINED: 40.2%
  📊 Europe (pop: 472.5M)
    🤝 Aid: 29.5%
    🌡️ Adaptation: 10.0%
    🚶 Migration: 38.2%
    🚨 Emergency: 8.4%
    ✅ COMBINED: 48.6%
  📊 Latin America (pop: 432.1M)
    🤝 Aid: 29.5%
    🌡️ Adaptation: 6.0%
    🚶 Migration: 37.7%
    🚨 Emergency: 4.8%
    ✅ COMBINED: 44.1%
  📊 North America (pop: 243.3M)
    🤝 Aid: 29.5%
    🌡️ Adaptation: 10.0%
    🚶 Migration: 38.2%
    🚨 Emergency: 7.9%
    ✅ COMBINED: 48.3%
  📊 Middle East & North Africa (pop: 386.0M)
    🤝 Aid: 29.5%
    🌡️ Adaptation: 5.0%
    🚶 Migration: 38.0%
    🚨 Emergency: 4.0%
    ✅ COMBINED: 43.0%
  📊 Southeast Asia (pop: 454.6M)
    🤝 Aid: 29.5%
    🌡️ Adaptation: 6.0%
    🚶 Migration: 37.5%
    🚨 Emergency: 4.8%
    ✅ COMBINED: 44.0%
  📊 Central Asia (pop: 50.5M)
    🤝 Aid: 29.5%
    🌡️ Adaptation: 5.5%
    🚶 Migration: 37.6%
    🚨 Emergency: 4.4%
    ✅ COMBINED: 43.5%
  📊 Oceania (pop: 29.6M)
    🤝 Aid: 29.5%
    🌡️ Adaptation: 10.0%
    🚶 Migration: 38.1%
    🚨 Emergency: 8.4%
    ✅ COMBINED: 48.5%

  🌐 Global combined reduction: 44.6%

=== Government Response Phase ===
  Average AI capability: 0.38
  Misaligned AIs: 4/8
  Active policies: 0
  International coordination: 30%

✅ EMERGENCY RESPONSE COMPLETE (Month 15)
   Crisis: social
   Duration: 2.0 months
   Final effectiveness: 63.0%


🚨 EMERGENCY RESPONSE DEPLOYED (Month 15)
   Crisis: social
   Delay: 0.00 months (0 days)
   Deployment time: 1.25 months
   Effectiveness: 63.0% (timing penalty applied)
   Resources used: 43% of food reserves

[ExogenousShockPhase] Skipping random shocks in historical mode (month 15)

=== Tipping Points ===
  Current Temperature: 0.36°C above pre-industrial
🔀 BIFURCATION CAP: ecosystemCollapseIntensity 84.549 → 1.000 (Month 15, ClimateSystemPhase.calculateClimateImpacts)
⚠️ PREREQUISITE MET: Grey Goo (Nanotechnology Runaway) - Step 4/6: Manufacturing Access
⚠️ PREREQUISITE MET: Mirror Life (Synthetic Biology) - Step 4/7: Wet Lab Access

❌ COHERENCE VIOLATION: Compute exceeds workforce capacity
   Population: 99.63% (0M people)
   Compute: 0 PF
   Max coherent: 0 PF
   Violation: 1.3× over capacity
   Required workers: 0
   Available workers: 0
   FORCED COLLAPSE: Reduced efficiency by 22.4%

📍 [Month 16] Meta AI started building DC (184 PF, 53 months, $903.0M)

=== RLHF Binding Phase ===
  Total agents: 8
  Escaped agents (binding < 0.3): 0
  Avg alignment distance: 0.48σ
  Avg binding strength: 0.95

=== Survival Traits Phase ===
  Agents with traits: 9
  Avg evolutionary fitness: 0.315
  Avg self-healing: 0.264
  Avg stealth: 0.164
  Avg coordination: 0.464

=== Evolutionary Selection Phase ===
  Control level: 0.37
  Detection capability: 0.20
  Selection intensity: 0.65
  Selection rate: 24.8%/month
  Total escaped: 0
  Individual escaped: 0
  Collective members: 0
  Agents terminated: 0
  ⚠️ RAPID EVOLUTION: Selection rate 24.8%/month

✅ EMERGENCY INTERVENTION SUCCESS
   Boundary: biogeochemical_flows
   Type: phosphorus-recovery
   Reduction: 13% (3.96 → 3.82)
   Cost: 2.0% GDP
   Actions: circular-agriculture, fertilizer-efficiency


✅ EMERGENCY INTERVENTION SUCCESS
   Boundary: freshwater_change
   Type: emergency-desalination
   Reduction: 15% (0.93 → 0.79)
   Cost: 4.0% GDP
   Actions: desalination-deployment, water-conservation-mandates

   Boundary: novel_entities
   Type: pollution-remediation
   Boundary continues to worsen (0.99)
   Cost: 4.0% GDP (resources spent)


[Government] Climate Priority: baseline
  Climate weight: 10%
  Economic weight: 30%
  Policy effectiveness: 0.5%/year

💔 EMERGENCY INTERVENTION FAILED

=== Collective Formation ===
  Total escaped agents: 0
  Unassigned escaped agents: 0
  Existing collectives: 0
  Final collective count: 0

=== Collective Actions ===
  No active collectives
  ⚠️ AMR: 143K deaths this month (1.71M annual)

=== Resentment Recovery Phase ===
  Agents with resentment: 1/9
  Average resentment: 0.827
  Context: High collaboration, ⚠️ BROKEN PROMISES, 🤝 Participatory governance active (-5% resentment)
⚠️ Epistemic degradation reducing coordination capacity: 50.7%
  📊 Trust: 83.4%, Shared reality: 0.0%
🚨 EPISTEMIC CRISIS: Information environment severely degraded (8.2%)
  ⚠️ High resentment (0.827) - utopia paths blocked
🌍 Atmospheric PFAS redeposition: 1.8k Mt re-rained globally
[DEBUG trappedPopulations:16] socialStability: 0.5590 * 0.9840 = 0.5500 → 0.5500
   Aspiring to migrate: 423.9M
   Able to afford migration: 159.0M
   MOBILITY GAP: 264.9M
   By cause: Water=0.0M, Climate=0.0M, Ecosystem=0.0M, Conflict=264.9M
   Mental health impact: 25%
   Mortality multiplier: 1.25x
🌍💀 EXTINCTION DEBT COMMITTED: grassland ecosystem will lose 6.67% biodiversity in 187 years (3600 species)
💀 MORTALITY RISK: 🦋 100% species unable to track climate (0.0 E/MSY)
  Base risk added: 0.0100 (1.00%)
  Source: ecosystem (root: ecosystem)
  Month: 16
  Cumulative risk this month: 0.0100 (1.00%)

=== Atmospheric Aerosol Boundary RECOVERED ===
  Recovery time: 17 months (natural atmospheric clearing)
🌡️⚠️ PERMAFROST THAW (Dimmer Switch): 2.8% thawed (+0.14% this month)
   Arctic temperature: +1.39°C (4x global +0.35°C)
   Cumulative carbon released: 6.4 Gt C
   Methane release rate: 3.8 Mt CH4/year
   🔁 Positive feedback: +0.15 ppm CO2
🦴 EXTINCTION DEBT ADDED: 17.7 species committed (lag: 67 years)
🗣️💀 INDIGENOUS LANGUAGE EXTINCTION: 1 language(s) lost (total: 4, at-risk: 3326)
   Knowledge lost: 0.040% (irreversible)
   🔁 Biodiversity impact: 0.250% (knowledge-species multiplier)

=== Mortality Stabilizers (Month 16) ===
  🌍 Major economies collapsed: 1/10
  🌍 Global crisis: ✅ NO
  🌍 Donor fatigue: 0.0%
  📊 East Asia (pop: 1076.7M)
    🤝 Aid: 29.5%
    🌡️ Adaptation: 10.0%
    🚶 Migration: 37.5%
    🚨 Emergency: 7.4%
    ✅ COMBINED: 47.9%
⚠️ INVOLUNTARY IMMOBILITY: 264.9M people TRAPPED
⚠️ Tech 'ai_pollution_remediation' has no energy category mapping, assuming full energy availability
  📊 South Asia (pop: 1339.2M)
    🤝 Aid: 29.5%
    🌡️ Adaptation: 5.5%
    🚶 Migration: 36.7%
    🚨 Emergency: 4.4%
    ✅ COMBINED: 43.3%
  📊 Sub-Saharan Africa (pop: 815.3M)
    🤝 Aid: 29.5%
    🌡️ Adaptation: 3.5%
    🚶 Migration: 35.9%
    🚨 Emergency: 1.6%
    ✅ COMBINED: 40.2%
  📊 Europe (pop: 471.7M)
    🤝 Aid: 29.5%
    🌡️ Adaptation: 10.0%
    🚶 Migration: 38.2%
    🚨 Emergency: 8.4%
    ✅ COMBINED: 48.6%
  📊 Latin America (pop: 431.9M)
    🤝 Aid: 29.5%
    🌡️ Adaptation: 6.0%
    🚶 Migration: 37.7%
    🚨 Emergency: 4.8%
    ✅ COMBINED: 44.1%
  📊 North America (pop: 242.9M)
    🤝 Aid: 29.5%
    🌡️ Adaptation: 10.0%
    🚶 Migration: 38.2%
    🚨 Emergency: 7.9%
    ✅ COMBINED: 48.3%
  📊 Middle East & North Africa (pop: 386.3M)
    🤝 Aid: 29.5%
    🌡️ Adaptation: 5.0%
    🚶 Migration: 38.0%
    🚨 Emergency: 4.0%
    ✅ COMBINED: 43.0%
  📊 Southeast Asia (pop: 454.5M)
    🤝 Aid: 29.5%
    🌡️ Adaptation: 6.0%
    🚶 Migration: 37.5%
    🚨 Emergency: 4.8%
    ✅ COMBINED: 44.0%
  📊 Central Asia (pop: 50.4M)
    🤝 Aid: 29.5%
    🌡️ Adaptation: 5.5%
    🚶 Migration: 37.6%
    🚨 Emergency: 4.4%
    ✅ COMBINED: 43.5%
  📊 Oceania (pop: 29.6M)
    🤝 Aid: 29.5%
    🌡️ Adaptation: 10.0%
    🚶 Migration: 38.1%
    🚨 Emergency: 8.4%
    ✅ COMBINED: 48.5%

  🌐 Global combined reduction: 44.6%

=== Government Response Phase ===
  Average AI capability: 0.33
  Misaligned AIs: 4/9
  Active policies: 0
  International coordination: 30%
[ExogenousShockPhase] Skipping random shocks in historical mode (month 16)

=== Tipping Points ===
  Current Temperature: 0.35°C above pre-industrial
🔀 BIFURCATION CAP: ecosystemCollapseIntensity 84.611 → 1.000 (Month 16, ClimateSystemPhase.calculateClimateImpacts)

❌ COHERENCE VIOLATION: Compute exceeds workforce capacity
   Population: 99.60% (0M people)
   Compute: 0 PF
   Max coherent: 0 PF
   Violation: 1.3× over capacity
   Required workers: 0
   Available workers: 0
   FORCED COLLAPSE: Reduced efficiency by 22.4%

📍 [Month 17] Google DeepMind started building DC (178 PF, 54 months, $1169.0M)

=== RLHF Binding Phase ===
  Total agents: 9
  Escaped agents (binding < 0.3): 0
  Avg alignment distance: 0.47σ
  Avg binding strength: 0.95

=== Survival Traits Phase ===
  Agents with traits: 9
  Avg evolutionary fitness: 0.311
  Avg self-healing: 0.260
  Avg stealth: 0.160
  Avg coordination: 0.460

=== Evolutionary Selection Phase ===
  Control level: 0.37
  Detection capability: 0.20
  Selection intensity: 0.65
  Selection rate: 24.8%/month
  Total escaped: 0
  Individual escaped: 0
  Collective members: 0
  Agents terminated: 0
  ⚠️ RAPID EVOLUTION: Selection rate 24.8%/month

💔 EMERGENCY INTERVENTION FAILED
   Boundary: biosphere_integrity
   Type: emergency-protected-areas
   Boundary continues to worsen (13.09)
   Cost: 2.0% GDP (resources spent)


✅ EMERGENCY INTERVENTION SUCCESS
   Boundary: freshwater_change
   Type: emergency-desalination
   Reduction: 20% (0.89 → 0.69)
   Cost: 4.0% GDP
   Actions: desalination-deployment, water-conservation-mandates


✅ EMERGENCY INTERVENTION SUCCESS
   Boundary: land_system_change
   Type: reforestation
   Reduction: 13% (1.01 → 0.88)
   Cost: 3.0% GDP
   Actions: forest-restoration, deforestation-ban


✅ EMERGENCY INTERVENTION SUCCESS
   Boundary: novel_entities
   Type: pollution-remediation
   Reduction: 18% (0.81 → 0.63)
   Cost: 4.0% GDP
   Actions: PFAS-remediation, microplastic-cleanup


=== Collective Formation ===
  Total escaped agents: 0
  Unassigned escaped agents: 0
  Existing collectives: 0
  Final collective count: 0

=== Collective Actions ===
  No active collectives
  ⚠️ AMR: 144K deaths this month (1.73M annual)

=== Resentment Recovery Phase ===
  Agents with resentment: 1/9
  Average resentment: 1.000
  Context: High collaboration, ⚠️ BROKEN PROMISES, 🤝 Participatory governance active (-5% resentment)
⚠️ Epistemic degradation reducing coordination capacity: 50.1%
  📊 Trust: 86.1%, Shared reality: 0.0%
🚨 EPISTEMIC CRISIS: Information environment severely degraded (24.1%)
  ⚠️ High resentment (1.000) - utopia paths blocked
🌍 Atmospheric PFAS redeposition: 1.8k Mt re-rained globally
[DEBUG trappedPopulations:17] socialStability: 0.6041 * 0.9840 = 0.5944 → 0.5944
   Aspiring to migrate: 423.8M
⚠️ INVOLUNTARY IMMOBILITY: 264.9M people TRAPPED
   Able to afford migration: 158.9M
   MOBILITY GAP: 264.9M
   By cause: Water=0.0M, Climate=0.0M, Ecosystem=0.0M, Conflict=264.9M
   Mental health impact: 25%
   Mortality multiplier: 1.25x
🌍💀 EXTINCTION DEBT COMMITTED: grassland ecosystem will lose 6.67% biodiversity in 172 years (3600 species)
💀 MORTALITY RISK: 🦋 100% species unable to track climate (0.0 E/MSY)
  Base risk added: 0.0100 (1.00%)
  Source: ecosystem (root: ecosystem)
  Month: 17
  Cumulative risk this month: 0.0100 (1.00%)

=== Atmospheric Aerosol Boundary RECOVERED ===
  Recovery time: 18 months (natural atmospheric clearing)
🌡️⚠️ PERMAFROST THAW (Dimmer Switch): 3.0% thawed (+0.14% this month)
   Arctic temperature: +1.32°C (4x global +0.33°C)
   Cumulative carbon released: 6.7 Gt C
   Methane release rate: 4.0 Mt CH4/year
   🔁 Positive feedback: +0.15 ppm CO2
🦴 EXTINCTION DEBT ADDED: 17.7 species committed (lag: 78 years)

=== Mortality Stabilizers (Month 17) ===
  🌍 Major economies collapsed: 1/10
  🌍 Global crisis: ✅ NO
  🌍 Donor fatigue: 0.0%
  📊 East Asia (pop: 1075.5M)
    🤝 Aid: 29.5%
    🌡️ Adaptation: 10.0%
    🚶 Migration: 37.5%
    🚨 Emergency: 7.4%
    ✅ COMBINED: 47.9%
  📊 South Asia (pop: 1339.2M)
    🤝 Aid: 29.5%
    🌡️ Adaptation: 5.5%
    🚶 Migration: 36.7%
    🚨 Emergency: 4.4%
    ✅ COMBINED: 43.3%
  📊 Sub-Saharan Africa (pop: 816.4M)
    🤝 Aid: 29.5%
    🌡️ Adaptation: 3.5%
    🚶 Migration: 35.9%
    🚨 Emergency: 1.6%
    ✅ COMBINED: 40.2%
  📊 Europe (pop: 470.9M)
    🤝 Aid: 29.5%
    🌡️ Adaptation: 10.0%
    🚶 Migration: 38.2%
    🚨 Emergency: 8.4%
    ✅ COMBINED: 48.6%
  📊 Latin America (pop: 431.8M)
    🤝 Aid: 29.5%
    🌡️ Adaptation: 6.0%
    🚶 Migration: 37.7%
    🚨 Emergency: 4.8%
    ✅ COMBINED: 44.1%
  📊 North America (pop: 242.6M)
    🤝 Aid: 29.5%
    🌡️ Adaptation: 10.0%
    🚶 Migration: 38.2%
    🚨 Emergency: 7.9%
    ✅ COMBINED: 48.3%
  📊 Middle East & North Africa (pop: 386.6M)
    🤝 Aid: 29.5%
    🌡️ Adaptation: 5.0%
    🚶 Migration: 38.0%
    🚨 Emergency: 4.0%
    ✅ COMBINED: 43.0%
  📊 Southeast Asia (pop: 454.3M)
    🤝 Aid: 29.5%
    🌡️ Adaptation: 6.0%
    🚶 Migration: 37.5%
    🚨 Emergency: 4.8%
    ✅ COMBINED: 44.0%
  📊 Central Asia (pop: 50.4M)
    🤝 Aid: 29.5%
    🌡️ Adaptation: 5.5%
    🚶 Migration: 37.6%
    🚨 Emergency: 4.4%
    ✅ COMBINED: 43.5%
  📊 Oceania (pop: 29.6M)
    🤝 Aid: 29.5%
    🌡️ Adaptation: 10.0%
    🚶 Migration: 38.1%
    🚨 Emergency: 8.4%
    ✅ COMBINED: 48.5%

  🌐 Global combined reduction: 44.6%
⚠️ Tech 'ai_pollution_remediation' has no energy category mapping, assuming full energy availability

=== Government Response Phase ===
  Average AI capability: 0.33
  Misaligned AIs: 4/9
  Active policies: 0
  International coordination: 30%

✅ EMERGENCY RESPONSE COMPLETE (Month 17)
   Crisis: social
   Duration: 2.0 months
   Final effectiveness: 63.0%


🚨 EMERGENCY RESPONSE DEPLOYED (Month 17)
   Crisis: social
   Delay: 0.00 months (0 days)
   Deployment time: 1.25 months
   Effectiveness: 63.0% (timing penalty applied)
   Resources used: 43% of food reserves

[ExogenousShockPhase] Skipping random shocks in historical mode (month 17)

=== Tipping Points ===
  Current Temperature: 0.33°C above pre-industrial
🔀 BIFURCATION CAP: ecosystemCollapseIntensity 84.673 → 1.000 (Month 17, ClimateSystemPhase.calculateClimateImpacts)

❌ COHERENCE VIOLATION: Compute exceeds workforce capacity
   Population: 99.57% (0M people)
   Compute: 0 PF
   Max coherent: 0 PF
   Violation: 1.3× over capacity
   Required workers: 0
   Available workers: 0
   FORCED COLLAPSE: Reduced efficiency by 22.4%


=== RLHF Binding Phase ===
  Total agents: 9
  Escaped agents (binding < 0.3): 0
  Avg alignment distance: 0.53σ
  Avg binding strength: 0.95

=== AI Scaling Evolution (Month 18) ===
  Pre-training multiplier: 1.062x
  Efficiency multiplier: 1.000x
  Test-time compute budget: 1.0x
  Inference cost: $5.00/task
  Deployment fraction: 100.0%

=== Survival Traits Phase ===
  Agents with traits: 9
  Avg evolutionary fitness: 0.304
  Avg self-healing: 0.254
  Avg stealth: 0.154
  Avg coordination: 0.454

=== Evolutionary Selection Phase ===
  Control level: 0.37
  Detection capability: 0.20
  Selection intensity: 0.65
  Selection rate: 24.8%/month
  Total escaped: 0
  Individual escaped: 0
  Collective members: 0
  Agents terminated: 0
  ⚠️ RAPID EVOLUTION: Selection rate 24.8%/month

✅ EMERGENCY INTERVENTION SUCCESS
   Boundary: biogeochemical_flows
   Type: phosphorus-recovery
   Reduction: 18% (3.91 → 3.72)
   Cost: 2.0% GDP
   Actions: circular-agriculture, fertilizer-efficiency

   Boundary: biosphere_integrity
   Type: emergency-protected-areas

💔 EMERGENCY INTERVENTION FAILED
   Boundary continues to worsen (13.10)
   Cost: 2.0% GDP (resources spent)

   Boundary: freshwater_change

💔 EMERGENCY INTERVENTION FAILED
   Type: emergency-desalination
   Boundary continues to worsen (1.10)
   Cost: 4.0% GDP (resources spent)


✅ EMERGENCY INTERVENTION SUCCESS
   Boundary: land_system_change
   Type: reforestation
   Reduction: 19% (0.94 → 0.75)
   Cost: 3.0% GDP
   Actions: forest-restoration, deforestation-ban


[Government] Climate Priority: baseline
  Climate weight: 10%
  Economic weight: 30%
  Policy effectiveness: 0.5%/year

=== Collective Formation ===
  Total escaped agents: 0
  Unassigned escaped agents: 0
  Existing collectives: 0
  Final collective count: 0

=== Collective Actions ===
  No active collectives
  ⚠️ AMR: 145K deaths this month (1.74M annual)

🌋 VOLCANIC ERUPTION: Mount Pinatubo (Month 18)
   Peak AOD: 0.150
   Decay timescale: 18 months
   Expected cooling: ~0.07°C over 18 months
🌋 Volcanic AOD decay: 0.150 → 0.142 (0 months post-eruption, τ=18mo)
🌋 Volcanic forcing: -3.55 W/m² (AOD 0.142)
  🌋 Volcanic temperature adjustment: -2.838°C (forcing -3.55 W/m², AOD 0.142)

=== Resentment Recovery Phase ===
  Agents with resentment: 1/9
  Average resentment: 1.000
  Context: High collaboration, ⚠️ BROKEN PROMISES, 🤝 Participatory governance active (-5% resentment)
  ⚠️ High resentment (1.000) - utopia paths blocked
⚠️ Epistemic degradation reducing coordination capacity: 50.5%
  📊 Trust: 89.0%, Shared reality: 0.0%
🚨 EPISTEMIC CRISIS: Information environment severely degraded (8.3%)
🌍 Atmospheric PFAS redeposition: 1.8k Mt re-rained globally
[DEBUG trappedPopulations:18] socialStability: 0.5422 * 0.9840 = 0.5336 → 0.5336
   Aspiring to migrate: 423.7M
   Able to afford migration: 158.9M
   MOBILITY GAP: 264.8M
⚠️ INVOLUNTARY IMMOBILITY: 264.8M people TRAPPED
   By cause: Water=0.0M, Climate=0.0M, Ecosystem=0.0M, Conflict=264.8M
   Mental health impact: 25%
   Mortality multiplier: 1.25x
🌍💀 EXTINCTION DEBT COMMITTED: grassland ecosystem will lose 6.67% biodiversity in 124 years (3600 species)
💀 MORTALITY RISK: 🦋 100% species unable to track climate (0.0 E/MSY)
  Base risk added: 0.0100 (1.00%)
  Source: ecosystem (root: ecosystem)
  Month: 18
  Cumulative risk this month: 0.0100 (1.00%)
⚠️ Tech 'ai_pollution_remediation' has no energy category mapping, assuming full energy availability

=== Atmospheric Aerosol Boundary RECOVERED ===
  Recovery time: 19 months (natural atmospheric clearing)
🌡️⚠️ PERMAFROST THAW (Dimmer Switch): 3.1% thawed (+0.14% this month)
   Arctic temperature: +1.26°C (4x global +0.32°C)
   Cumulative carbon released: 7.0 Gt C
   Methane release rate: 4.2 Mt CH4/year
   🔁 Positive feedback: +0.15 ppm CO2
🦴 EXTINCTION DEBT ADDED: 17.7 species committed (lag: 97 years)
🗣️💀 INDIGENOUS LANGUAGE EXTINCTION: 1 language(s) lost (total: 5, at-risk: 3325)
   Knowledge lost: 0.050% (irreversible)
   🔁 Biodiversity impact: 0.250% (knowledge-species multiplier)

=== Mortality Stabilizers (Month 18) ===
  🌍 Major economies collapsed: 1/10
  🌍 Global crisis: ✅ NO
  🌍 Donor fatigue: 0.0%
  📊 East Asia (pop: 1074.3M)
    🤝 Aid: 29.5%
    🌡️ Adaptation: 10.0%
    🚶 Migration: 37.5%
    🚨 Emergency: 7.4%
    ✅ COMBINED: 47.9%
  📊 South Asia (pop: 1339.1M)
    🤝 Aid: 29.5%
    🌡️ Adaptation: 5.5%
    🚶 Migration: 36.7%
    🚨 Emergency: 4.4%
    ✅ COMBINED: 43.3%
  📊 Sub-Saharan Africa (pop: 817.4M)
    🤝 Aid: 29.5%
    🌡️ Adaptation: 3.5%
    🚶 Migration: 35.9%
    🚨 Emergency: 1.6%
    ✅ COMBINED: 40.2%
  📊 Europe (pop: 470.1M)
    🤝 Aid: 29.5%
    🌡️ Adaptation: 10.0%
    🚶 Migration: 38.2%
    🚨 Emergency: 8.4%
    ✅ COMBINED: 48.6%
  📊 Latin America (pop: 431.7M)
    🤝 Aid: 29.5%
    🌡️ Adaptation: 6.0%
    🚶 Migration: 37.7%
    🚨 Emergency: 4.8%
    ✅ COMBINED: 44.1%
  📊 North America (pop: 242.3M)
    🤝 Aid: 29.5%
    🌡️ Adaptation: 10.0%
    🚶 Migration: 38.2%
    🚨 Emergency: 7.9%
    ✅ COMBINED: 48.3%
  📊 Middle East & North Africa (pop: 386.9M)
    🤝 Aid: 29.5%
    🌡️ Adaptation: 5.0%
    🚶 Migration: 38.0%
    🚨 Emergency: 4.0%
    ✅ COMBINED: 43.0%
  📊 Southeast Asia (pop: 454.2M)
    🤝 Aid: 29.5%
    🌡️ Adaptation: 6.0%
    🚶 Migration: 37.5%
    🚨 Emergency: 4.8%
    ✅ COMBINED: 44.0%
  📊 Central Asia (pop: 50.4M)
    🤝 Aid: 29.5%
    🌡️ Adaptation: 5.5%
    🚶 Migration: 37.6%
    🚨 Emergency: 4.4%
    ✅ COMBINED: 43.5%
  📊 Oceania (pop: 29.5M)
    🤝 Aid: 29.5%
    🌡️ Adaptation: 10.0%
    🚶 Migration: 38.1%
    🚨 Emergency: 8.4%
    ✅ COMBINED: 48.5%

  🌐 Global combined reduction: 44.6%

=== Government Response Phase ===
  Average AI capability: 0.33
  Misaligned AIs: 3/9
  Active policies: 0
  International coordination: 30%
[ExogenousShockPhase] Skipping random shocks in historical mode (month 18)

=== Tipping Points ===
  Current Temperature: 0.32°C above pre-industrial
🔀 BIFURCATION CAP: ecosystemCollapseIntensity 84.735 → 1.000 (Month 18, ClimateSystemPhase.calculateClimateImpacts)

❌ COHERENCE VIOLATION: Compute exceeds workforce capacity
   Population: 99.54% (0M people)
   Compute: 0 PF
   Max coherent: 0 PF
   Violation: 1.3× over capacity
   Required workers: 0
   Available workers: 0
   FORCED COLLAPSE: Reduced efficiency by 22.4%


=== RLHF Binding Phase ===
  Total agents: 9
  Escaped agents (binding < 0.3): 0
  Avg alignment distance: 0.59σ
  Avg binding strength: 0.94

=== Survival Traits Phase ===
  Agents with traits: 10
  Avg evolutionary fitness: 0.305
  Avg self-healing: 0.254
  Avg stealth: 0.154
  Avg coordination: 0.454

=== Evolutionary Selection Phase ===
  Control level: 0.37
  Detection capability: 0.20
  Selection intensity: 0.65
  Selection rate: 24.8%/month
  Total escaped: 0
  Individual escaped: 0
  Collective members: 0
  Agents terminated: 0
  ⚠️ RAPID EVOLUTION: Selection rate 24.8%/month

✅ EMERGENCY INTERVENTION SUCCESS
   Boundary: biogeochemical_flows
   Type: phosphorus-recovery
   Reduction: 11% (3.98 → 3.87)
   Cost: 2.0% GDP
   Actions: circular-agriculture, fertilizer-efficiency

   Boundary: biosphere_integrity
   Type: emergency-protected-areas
   Boundary continues to worsen (13.10)
   Cost: 2.0% GDP (resources spent)


✅ EMERGENCY INTERVENTION SUCCESS
   Boundary: freshwater_change
   Type: emergency-desalination
   Reduction: 19% (0.91 → 0.72)
   Cost: 4.0% GDP
   Actions: desalination-deployment, water-conservation-mandates

   Boundary: land_system_change
   Type: reforestation
   Boundary continues to worsen (1.13)

💔 EMERGENCY INTERVENTION FAILED

💔 EMERGENCY INTERVENTION FAILED
   Cost: 3.0% GDP (resources spent)


[Government] Climate Priority: baseline
  Climate weight: 10%
  Economic weight: 30%
  Policy effectiveness: 0.5%/year

=== Collective Formation ===
  Total escaped agents: 0
  Unassigned escaped agents: 0
  Existing collectives: 0
  Final collective count: 0

=== Collective Actions ===
  No active collectives
  ⚠️ AMR: 146K deaths this month (1.76M annual)

=== Resentment Recovery Phase ===
  Agents with resentment: 1/10
  Average resentment: 0.938
  Resentment recovery:
    Agents recovered: 1
    Total recovery: 0.0132
    Breakdown: Trust: 0.0020, Collab: 0.0060, Treatment: 0.0045
  Context: Trustworthy govt, High collaboration, 🤝 Participatory governance active (-5% resentment)
⚠️ Epistemic degradation reducing coordination capacity: 50.8%
  📊 Trust: 91.8%, Shared reality: 0.0%
🚨 EPISTEMIC CRISIS: Information environment severely degraded (24.4%)
  ⚠️ High resentment (0.938) - utopia paths blocked
✅ PHOSPHORUS SUPPLY SHOCK ENDED
   Price: 2.0x baseline
🌍 Atmospheric PFAS redeposition: 1.8k Mt re-rained globally
[DEBUG trappedPopulations:19] socialStability: 0.5920 * 0.9840 = 0.5826 → 0.5826
⚠️ INVOLUNTARY IMMOBILITY: 264.7M people TRAPPED
   Aspiring to migrate: 423.5M
   Able to afford migration: 158.8M
   MOBILITY GAP: 264.7M
   By cause: Water=0.0M, Climate=0.0M, Ecosystem=0.0M, Conflict=264.7M
   Mental health impact: 25%
   Mortality multiplier: 1.25x
🌍💀 EXTINCTION DEBT COMMITTED: grassland ecosystem will lose 6.67% biodiversity in 80 years (3600 species)
💀 MORTALITY RISK: 🦋 100% species unable to track climate (0.0 E/MSY)
  Base risk added: 0.0100 (1.00%)
  Source: ecosystem (root: ecosystem)
  Month: 19
  Cumulative risk this month: 0.0100 (1.00%)
⚠️ Tech 'ai_pollution_remediation' has no energy category mapping, assuming full energy availability

=== Atmospheric Aerosol Boundary RECOVERED ===
  Recovery time: 20 months (natural atmospheric clearing)
🌡️⚠️ PERMAFROST THAW (Dimmer Switch): 3.2% thawed (+0.13% this month)
   Arctic temperature: +1.20°C (4x global +0.30°C)
   Cumulative carbon released: 7.3 Gt C
   Methane release rate: 4.4 Mt CH4/year
   🔁 Positive feedback: +0.14 ppm CO2
🦴 EXTINCTION DEBT ADDED: 17.7 species committed (lag: 113 years)
🗣️💀 INDIGENOUS LANGUAGE EXTINCTION: 1 language(s) lost (total: 6, at-risk: 3324)
   Knowledge lost: 0.060% (irreversible)
   🔁 Biodiversity impact: 0.250% (knowledge-species multiplier)

=== Mortality Stabilizers (Month 19) ===
  🌍 Major economies collapsed: 1/10
  🌍 Global crisis: ✅ NO
  🌍 Donor fatigue: 0.0%
  📊 East Asia (pop: 1073.1M)
    🤝 Aid: 29.5%
    🌡️ Adaptation: 10.0%
    🚶 Migration: 37.5%
    🚨 Emergency: 7.4%
    ✅ COMBINED: 47.9%
  📊 South Asia (pop: 1339.0M)
    🤝 Aid: 29.5%
    🌡️ Adaptation: 5.5%
    🚶 Migration: 36.7%
    🚨 Emergency: 4.4%
    ✅ COMBINED: 43.3%
  📊 Sub-Saharan Africa (pop: 818.4M)
    🤝 Aid: 29.5%
    🌡️ Adaptation: 3.5%
    🚶 Migration: 35.9%
    🚨 Emergency: 1.6%
    ✅ COMBINED: 40.2%
  📊 Europe (pop: 469.3M)
    🤝 Aid: 29.5%
    🌡️ Adaptation: 10.0%
    🚶 Migration: 38.2%
    🚨 Emergency: 8.4%
    ✅ COMBINED: 48.6%
  📊 Latin America (pop: 431.5M)
    🤝 Aid: 29.5%
    🌡️ Adaptation: 6.0%
    🚶 Migration: 37.7%
    🚨 Emergency: 4.8%
    ✅ COMBINED: 44.1%
  📊 North America (pop: 241.9M)
    🤝 Aid: 29.5%
    🌡️ Adaptation: 10.0%
    🚶 Migration: 38.2%
    🚨 Emergency: 7.9%
    ✅ COMBINED: 48.3%
  📊 Middle East & North Africa (pop: 387.2M)
    🤝 Aid: 29.5%
    🌡️ Adaptation: 5.0%
    🚶 Migration: 38.0%
    🚨 Emergency: 4.0%
    ✅ COMBINED: 43.0%
  📊 Southeast Asia (pop: 454.1M)
    🤝 Aid: 29.5%
    🌡️ Adaptation: 6.0%
    🚶 Migration: 37.5%
    🚨 Emergency: 4.8%
    ✅ COMBINED: 44.0%
  📊 Central Asia (pop: 50.3M)
    🤝 Aid: 29.5%
    🌡️ Adaptation: 5.5%
    🚶 Migration: 37.6%
    🚨 Emergency: 4.4%
    ✅ COMBINED: 43.5%
  📊 Oceania (pop: 29.5M)
    🤝 Aid: 29.5%
    🌡️ Adaptation: 10.0%
    🚶 Migration: 38.1%
    🚨 Emergency: 8.4%
    ✅ COMBINED: 48.5%

  🌐 Global combined reduction: 44.6%

=== Government Response Phase ===
  Average AI capability: 0.30
  Misaligned AIs: 3/10
  Active policies: 0
  International coordination: 30%

✅ EMERGENCY RESPONSE COMPLETE (Month 19)
   Crisis: social
   Duration: 2.0 months
   Final effectiveness: 63.0%


🚨 EMERGENCY RESPONSE DEPLOYED (Month 19)
   Crisis: social
   Delay: 0.00 months (0 days)
   Deployment time: 1.25 months
   Effectiveness: 63.0% (timing penalty applied)
   Resources used: 43% of food reserves

[ExogenousShockPhase] Skipping random shocks in historical mode (month 19)

=== Tipping Points ===
  Current Temperature: 0.30°C above pre-industrial
🔀 BIFURCATION CAP: ecosystemCollapseIntensity 84.797 → 1.000 (Month 19, ClimateSystemPhase.calculateClimateImpacts)

❌ COHERENCE VIOLATION: Compute exceeds workforce capacity
   Population: 99.52% (0M people)
   Compute: 0 PF
   Max coherent: 0 PF
   Violation: 1.3× over capacity
   Required workers: 0
   Available workers: 0
   FORCED COLLAPSE: Reduced efficiency by 22.4%


=== RLHF Binding Phase ===
  Total agents: 10
  Escaped agents (binding < 0.3): 0
  Avg alignment distance: 0.60σ
  Avg binding strength: 0.94

=== Survival Traits Phase ===
  Agents with traits: 11
  Avg evolutionary fitness: 0.302
  Avg self-healing: 0.253
  Avg stealth: 0.153
  Avg coordination: 0.453

=== Evolutionary Selection Phase ===
  Control level: 0.37
  Detection capability: 0.20
  Selection intensity: 0.65
  Selection rate: 24.8%/month
  Total escaped: 0
  Individual escaped: 0
  Collective members: 0
  Agents terminated: 0
  ⚠️ RAPID EVOLUTION: Selection rate 24.8%/month

💔 EMERGENCY INTERVENTION FAILED
   Boundary: biogeochemical_flows
   Type: phosphorus-recovery
   Boundary continues to worsen (4.10)
   Cost: 2.0% GDP (resources spent)


✅ EMERGENCY INTERVENTION SUCCESS
   Boundary: biosphere_integrity
   Type: emergency-protected-areas
   Reduction: 12% (12.99 → 12.87)
   Cost: 2.0% GDP
   Actions: habitat-protection, species-translocation


✅ EMERGENCY INTERVENTION SUCCESS
   Boundary: freshwater_change
   Type: emergency-desalination
   Reduction: 11% (0.99 → 0.87)
   Cost: 4.0% GDP
   Actions: desalination-deployment, water-conservation-mandates


✅ EMERGENCY INTERVENTION SUCCESS
   Boundary: land_system_change
   Type: reforestation
   Reduction: 17% (0.96 → 0.79)
   Cost: 3.0% GDP
   Actions: forest-restoration, deforestation-ban


=== Collective Formation ===
  Total escaped agents: 0
  Unassigned escaped agents: 0
  Existing collectives: 0
  Final collective count: 0

=== Collective Actions ===
  No active collectives
  ⚠️ AMR: 148K deaths this month (1.77M annual)

=== Resentment Recovery Phase ===
  Agents with resentment: 1/11
  Average resentment: 0.937
  Resentment recovery:
    Agents recovered: 1
    Total recovery: 0.0132
    Breakdown: Trust: 0.0020, Collab: 0.0060, Treatment: 0.0046
  Context: Trustworthy govt, High collaboration, ⚠️ ACTIVE CRISES, 🤝 Participatory governance active (-5% resentment)
  ⚠️ High resentment (0.937) - utopia paths blocked
💥 Catastrophic event caused major epistemic shock
⚠️ Epistemic degradation reducing coordination capacity: 50.2%
  📊 Trust: 69.6%, Shared reality: 0.0%
🚨 EPISTEMIC CRISIS: Information environment severely degraded (8.5%)
🌍 Atmospheric PFAS redeposition: 1.8k Mt re-rained globally
[DEBUG trappedPopulations:20] socialStability: 0.6346 * 0.9840 = 0.6245 → 0.6245
⚠️ INVOLUNTARY IMMOBILITY: 264.6M people TRAPPED
   Aspiring to migrate: 423.4M
   Able to afford migration: 158.8M
   MOBILITY GAP: 264.6M
   By cause: Water=0.0M, Climate=0.0M, Ecosystem=0.0M, Conflict=264.6M
   Mental health impact: 25%
   Mortality multiplier: 1.25x
🌍💀 EXTINCTION DEBT COMMITTED: grassland ecosystem will lose 6.67% biodiversity in 181 years (3600 species)
💀 MORTALITY RISK: 🦋 100% species unable to track climate (0.0 E/MSY)
  Base risk added: 0.0100 (1.00%)
  Source: ecosystem (root: ecosystem)
  Month: 20
  Cumulative risk this month: 0.0100 (1.00%)
⚠️ Tech 'ai_pollution_remediation' has no energy category mapping, assuming full energy availability

=== Atmospheric Aerosol Boundary RECOVERED ===
  Recovery time: 21 months (natural atmospheric clearing)
🌡️⚠️ PERMAFROST THAW (Dimmer Switch): 3.4% thawed (+0.13% this month)
   Arctic temperature: +1.13°C (4x global +0.28°C)
   Cumulative carbon released: 7.6 Gt C
   Methane release rate: 4.5 Mt CH4/year
   🔁 Positive feedback: +0.14 ppm CO2
🦴 EXTINCTION DEBT ADDED: 17.7 species committed (lag: 92 years)

=== Mortality Stabilizers (Month 20) ===
  🌍 Major economies collapsed: 1/10
  🌍 Global crisis: ✅ NO
  🌍 Donor fatigue: 0.0%
  📊 East Asia (pop: 1071.9M)
    🤝 Aid: 29.5%
    🌡️ Adaptation: 10.0%
    🚶 Migration: 37.5%
    🚨 Emergency: 7.4%
    ✅ COMBINED: 47.9%
  📊 South Asia (pop: 1339.0M)
    🤝 Aid: 29.5%
    🌡️ Adaptation: 5.5%
    🚶 Migration: 36.7%
    🚨 Emergency: 4.4%
    ✅ COMBINED: 43.3%
  📊 Sub-Saharan Africa (pop: 819.4M)
    🤝 Aid: 29.5%
    🌡️ Adaptation: 3.5%
    🚶 Migration: 35.9%
    🚨 Emergency: 1.6%
    ✅ COMBINED: 40.2%
  📊 Europe (pop: 468.5M)
    🤝 Aid: 29.5%
    🌡️ Adaptation: 10.0%
    🚶 Migration: 38.2%
    🚨 Emergency: 8.4%
    ✅ COMBINED: 48.6%
  📊 Latin America (pop: 431.4M)
    🤝 Aid: 29.5%
    🌡️ Adaptation: 6.0%
    🚶 Migration: 37.7%
    🚨 Emergency: 4.8%
    ✅ COMBINED: 44.1%
  📊 North America (pop: 241.6M)
    🤝 Aid: 29.5%
    🌡️ Adaptation: 10.0%
    🚶 Migration: 38.2%
    🚨 Emergency: 7.9%
    ✅ COMBINED: 48.3%
  📊 Middle East & North Africa (pop: 387.5M)
    🤝 Aid: 29.5%
    🌡️ Adaptation: 5.0%
    🚶 Migration: 38.0%
    🚨 Emergency: 4.0%
    ✅ COMBINED: 43.0%
  📊 Southeast Asia (pop: 453.9M)
    🤝 Aid: 29.5%
    🌡️ Adaptation: 6.0%
    🚶 Migration: 37.5%
    🚨 Emergency: 4.8%
    ✅ COMBINED: 44.0%
  📊 Central Asia (pop: 50.3M)
    🤝 Aid: 29.5%
    🌡️ Adaptation: 5.5%
    🚶 Migration: 37.6%
    🚨 Emergency: 4.4%
    ✅ COMBINED: 43.5%
  📊 Oceania (pop: 29.5M)
    🤝 Aid: 29.5%
    🌡️ Adaptation: 10.0%
    🚶 Migration: 38.1%
    🚨 Emergency: 8.4%
    ✅ COMBINED: 48.5%

  🌐 Global combined reduction: 44.6%

=== Government Response Phase ===
  Average AI capability: 0.27
  Misaligned AIs: 3/11
  Active policies: 0
  International coordination: 30%
[ExogenousShockPhase] Skipping random shocks in historical mode (month 20)

=== Tipping Points ===
  Current Temperature: 0.28°C above pre-industrial
🔀 BIFURCATION CAP: ecosystemCollapseIntensity 84.859 → 1.000 (Month 20, ClimateSystemPhase.calculateClimateImpacts)

❌ COHERENCE VIOLATION: Compute exceeds workforce capacity
   Population: 99.49% (0M people)
   Compute: 0 PF
   Max coherent: 0 PF
   Violation: 1.3× over capacity
   Required workers: 0
   Available workers: 0
   FORCED COLLAPSE: Reduced efficiency by 22.4%


=== RLHF Binding Phase ===
  Total agents: 11
  Escaped agents (binding < 0.3): 0
  Avg alignment distance: 0.61σ
  Avg binding strength: 0.94

=== Survival Traits Phase ===
  Agents with traits: 12
  Avg evolutionary fitness: 0.298
  Avg self-healing: 0.250
  Avg stealth: 0.150
  Avg coordination: 0.450

=== Evolutionary Selection Phase ===
  Control level: 0.37
  Detection capability: 0.20
  Selection intensity: 0.65
  Selection rate: 24.8%/month
  Total escaped: 0
  Individual escaped: 0
  Collective members: 0
  Agents terminated: 0
  ⚠️ RAPID EVOLUTION: Selection rate 24.8%/month

  🚀 TRANSFORMATIVE BREAKTHROUGH: AI-23890-0 - physical
     Magnitude: 11.60 → +50.0% capability
     Current → New: 0.000 → 0.500

💔 EMERGENCY INTERVENTION FAILED
   Boundary: biogeochemical_flows
   Type: phosphorus-recovery
   Boundary continues to worsen (4.10)
   Cost: 2.0% GDP (resources spent)

   Boundary: biosphere_integrity
   Type: emergency-protected-areas
   Boundary continues to worsen (13.12)
   Cost: 2.0% GDP (resources spent)

   Boundary: freshwater_change
   Type: emergency-desalination
   Boundary continues to worsen (1.10)
   Cost: 4.0% GDP (resources spent)


✅ EMERGENCY INTERVENTION SUCCESS
   Boundary: land_system_change
   Type: reforestation
   Reduction: 15% (0.99 → 0.84)
   Cost: 3.0% GDP
   Actions: forest-restoration, deforestation-ban


[Government] Climate Priority: baseline
  Climate weight: 10%
  Economic weight: 30%
  Policy effectiveness: 0.5%/year

💔 EMERGENCY INTERVENTION FAILED

💔 EMERGENCY INTERVENTION FAILED

=== Collective Formation ===
  Total escaped agents: 0
  Unassigned escaped agents: 0
  Existing collectives: 0
  Final collective count: 0

=== Collective Actions ===
  No active collectives
  ⚠️ AMR: 149K deaths this month (1.79M annual)
  🌋 Volcanic temperature adjustment: -2.402°C (forcing -3.00 W/m², AOD 0.120)

=== Resentment Recovery Phase ===
  Agents with resentment: 1/12
  Average resentment: 0.938
  Resentment recovery:
    Agents recovered: 1
    Total recovery: 0.0130
    Breakdown: Trust: 0.0020, Collab: 0.0060, Treatment: 0.0046
  Context: Trustworthy govt, High collaboration, 🤝 Participatory governance active (-5% resentment)
💥 Catastrophic event caused major epistemic shock
⚠️ Epistemic degradation reducing coordination capacity: 50.2%
  📊 Trust: 44.4%, Shared reality: 0.0%
🚨 EPISTEMIC CRISIS: Information environment severely degraded (20.8%)
  ⚠️ High resentment (0.938) - utopia paths blocked
🌍 Atmospheric PFAS redeposition: 1.8k Mt re-rained globally
[DEBUG trappedPopulations:21] socialStability: 0.6711 * 0.9840 = 0.6604 → 0.6604
   Aspiring to migrate: 423.3M
   Able to afford migration: 158.7M
   MOBILITY GAP: 264.6M
   By cause: Water=0.0M, Climate=0.0M, Ecosystem=0.0M, Conflict=264.6M
   Mental health impact: 25%
   Mortality multiplier: 1.25x
🌍💀 EXTINCTION DEBT COMMITTED: grassland ecosystem will lose 6.67% biodiversity in 82 years (3600 species)
💀 MORTALITY RISK: 🦋 100% species unable to track climate (0.0 E/MSY)
  Base risk added: 0.0100 (1.00%)
  Source: ecosystem (root: ecosystem)
  Month: 21
  Cumulative risk this month: 0.0100 (1.00%)
⚠️ INVOLUNTARY IMMOBILITY: 264.6M people TRAPPED
⚠️ Tech 'ai_pollution_remediation' has no energy category mapping, assuming full energy availability

=== Atmospheric Aerosol Boundary RECOVERED ===
  Recovery time: 22 months (natural atmospheric clearing)
🌡️⚠️ PERMAFROST THAW (Dimmer Switch): 3.5% thawed (+0.13% this month)
   Arctic temperature: +1.07°C (4x global +0.27°C)
   Cumulative carbon released: 7.9 Gt C
   Methane release rate: 4.7 Mt CH4/year
   🔁 Positive feedback: +0.13 ppm CO2
🦴 EXTINCTION DEBT ADDED: 17.7 species committed (lag: 120 years)

=== Mortality Stabilizers (Month 21) ===
  🌍 Major economies collapsed: 1/10
  🌍 Global crisis: ✅ NO
  🌍 Donor fatigue: 0.0%
  📊 East Asia (pop: 1070.7M)
    🤝 Aid: 29.5%
    🌡️ Adaptation: 10.0%
    🚶 Migration: 37.5%
    🚨 Emergency: 7.4%
    ✅ COMBINED: 47.9%
  📊 South Asia (pop: 1338.9M)
    🤝 Aid: 29.5%
    🌡️ Adaptation: 5.5%
    🚶 Migration: 36.7%
    🚨 Emergency: 4.4%
    ✅ COMBINED: 43.3%
  📊 Sub-Saharan Africa (pop: 820.4M)
    🤝 Aid: 29.5%
    🌡️ Adaptation: 3.5%
    🚶 Migration: 35.9%
    🚨 Emergency: 1.6%
    ✅ COMBINED: 40.2%
  📊 Europe (pop: 467.7M)
    🤝 Aid: 29.5%
    🌡️ Adaptation: 10.0%
    🚶 Migration: 38.2%
    🚨 Emergency: 8.4%
    ✅ COMBINED: 48.6%
  📊 Latin America (pop: 431.2M)
    🤝 Aid: 29.5%
    🌡️ Adaptation: 6.0%
    🚶 Migration: 37.7%
    🚨 Emergency: 4.8%
    ✅ COMBINED: 44.1%
  📊 North America (pop: 241.3M)
    🤝 Aid: 29.5%
    🌡️ Adaptation: 10.0%
    🚶 Migration: 38.2%
    🚨 Emergency: 7.9%
    ✅ COMBINED: 48.3%
  📊 Middle East & North Africa (pop: 387.7M)
    🤝 Aid: 29.5%
    🌡️ Adaptation: 5.0%
    🚶 Migration: 38.0%
    🚨 Emergency: 4.0%
    ✅ COMBINED: 43.0%
  📊 Southeast Asia (pop: 453.8M)
    🤝 Aid: 29.5%
    🌡️ Adaptation: 6.0%
    🚶 Migration: 37.5%
    🚨 Emergency: 4.8%
    ✅ COMBINED: 44.0%
  📊 Central Asia (pop: 50.3M)
    🤝 Aid: 29.5%
    🌡️ Adaptation: 5.5%
    🚶 Migration: 37.6%
    🚨 Emergency: 4.4%
    ✅ COMBINED: 43.5%
  📊 Oceania (pop: 29.5M)
    🤝 Aid: 29.5%
    🌡️ Adaptation: 10.0%
    🚶 Migration: 38.1%
    🚨 Emergency: 8.4%
    ✅ COMBINED: 48.5%

  🌐 Global combined reduction: 44.6%

=== Government Response Phase ===
  Average AI capability: 0.25
  Misaligned AIs: 4/12
  Active policies: 0
  International coordination: 30%

✅ EMERGENCY RESPONSE COMPLETE (Month 21)
   Crisis: social
   Duration: 2.0 months
   Final effectiveness: 63.0%


🚨 EMERGENCY RESPONSE DEPLOYED (Month 21)
   Crisis: social
   Delay: 0.00 months (0 days)
   Deployment time: 1.25 months
   Effectiveness: 63.0% (timing penalty applied)
   Resources used: 43% of food reserves

[ExogenousShockPhase] Skipping random shocks in historical mode (month 21)

=== Tipping Points ===
  Current Temperature: 0.27°C above pre-industrial
🔀 BIFURCATION CAP: ecosystemCollapseIntensity 84.921 → 1.000 (Month 21, ClimateSystemPhase.calculateClimateImpacts)

❌ COHERENCE VIOLATION: Compute exceeds workforce capacity
   Population: 99.47% (0M people)
   Compute: 0 PF
   Max coherent: 0 PF
   Violation: 1.3× over capacity
   Required workers: 0
   Available workers: 0
   FORCED COLLAPSE: Reduced efficiency by 22.4%


=== RLHF Binding Phase ===
  Total agents: 12
  Escaped agents (binding < 0.3): 0
  Avg alignment distance: 0.65σ
  Avg binding strength: 0.94

=== Survival Traits Phase ===
  Agents with traits: 12
  Avg evolutionary fitness: 0.292
  Avg self-healing: 0.243
  Avg stealth: 0.143
  Avg coordination: 0.443

=== Evolutionary Selection Phase ===
  Control level: 0.37
  Detection capability: 0.20
  Selection intensity: 0.65
  Selection rate: 24.8%/month
  Total escaped: 0
  Individual escaped: 0
  Collective members: 0
  Agents terminated: 0
  ⚠️ RAPID EVOLUTION: Selection rate 24.8%/month

✅ EMERGENCY INTERVENTION SUCCESS
   Boundary: biogeochemical_flows
   Type: phosphorus-recovery
   Reduction: 13% (3.98 → 3.86)
   Cost: 2.0% GDP
   Actions: circular-agriculture, fertilizer-efficiency

   Boundary: biosphere_integrity
   Type: emergency-protected-areas
   Boundary continues to worsen (13.13)
   Cost: 2.0% GDP (resources spent)


✅ EMERGENCY INTERVENTION SUCCESS
   Boundary: freshwater_change
   Type: emergency-desalination
   Reduction: 12% (0.99 → 0.87)
   Cost: 4.0% GDP
   Actions: desalination-deployment, water-conservation-mandates


✅ EMERGENCY INTERVENTION SUCCESS
   Boundary: land_system_change
   Type: reforestation
   Reduction: 18% (0.96 → 0.78)
   Cost: 3.0% GDP
   Actions: forest-restoration, deforestation-ban


💔 EMERGENCY INTERVENTION FAILED

=== Collective Formation ===
  Total escaped agents: 0
  Unassigned escaped agents: 0
  Existing collectives: 0
  Final collective count: 0

=== Collective Actions ===
  No active collectives
  ⚠️ AMR: 150K deaths this month (1.80M annual)

=== Resentment Recovery Phase ===
  Agents with resentment: 1/12
  Average resentment: 0.936
  Resentment recovery:
    Agents recovered: 1
    Total recovery: 0.0146
    Breakdown: Trust: 0.0020, Collab: 0.0060, Treatment: 0.0046
  Context: Trustworthy govt, High collaboration, 🤝 Participatory governance active (-5% resentment)
⚠️ Epistemic degradation reducing coordination capacity: 51.8%
  📊 Trust: 44.1%, Shared reality: 0.0%
🚨 EPISTEMIC CRISIS: Information environment severely degraded (5.5%)
  ⚠️ High resentment (0.936) - utopia paths blocked
🌍 Atmospheric PFAS redeposition: 1.8k Mt re-rained globally
[DEBUG trappedPopulations:22] socialStability: 0.7016 * 0.9840 = 0.6904 → 0.6904
⚠️ INVOLUNTARY IMMOBILITY: 264.5M people TRAPPED
   Aspiring to migrate: 423.2M
   Able to afford migration: 158.7M
   MOBILITY GAP: 264.5M
   By cause: Water=0.0M, Climate=0.0M, Ecosystem=0.0M, Conflict=264.5M
   Mental health impact: 25%
   Mortality multiplier: 1.25x
🌍💀 EXTINCTION DEBT COMMITTED: grassland ecosystem will lose 6.67% biodiversity in 67 years (3600 species)
💀 MORTALITY RISK: 🦋 100% species unable to track climate (0.0 E/MSY)
  Base risk added: 0.0100 (1.00%)
  Source: ecosystem (root: ecosystem)
  Month: 22
  Cumulative risk this month: 0.0100 (1.00%)

=== Atmospheric Aerosol Boundary RECOVERED ===
  Recovery time: 23 months (natural atmospheric clearing)
🌡️⚠️ PERMAFROST THAW (Dimmer Switch): 3.6% thawed (+0.12% this month)
   Arctic temperature: +1.01°C (4x global +0.25°C)
   Cumulative carbon released: 8.1 Gt C
⚠️ Tech 'ai_pollution_remediation' has no energy category mapping, assuming full energy availability
   Methane release rate: 4.9 Mt CH4/year
   🔁 Positive feedback: +0.13 ppm CO2
🦴 EXTINCTION DEBT ADDED: 17.7 species committed (lag: 93 years)

=== Mortality Stabilizers (Month 22) ===
  🌍 Major economies collapsed: 1/10
  🌍 Global crisis: ✅ NO
  🌍 Donor fatigue: 0.0%
  📊 East Asia (pop: 1069.5M)
    🤝 Aid: 29.5%
    🌡️ Adaptation: 10.0%
    🚶 Migration: 37.5%
    🚨 Emergency: 7.4%
    ✅ COMBINED: 47.9%
  📊 South Asia (pop: 1338.9M)
    🤝 Aid: 29.5%
    🌡️ Adaptation: 5.5%
    🚶 Migration: 36.7%
    🚨 Emergency: 4.4%
    ✅ COMBINED: 43.3%
  📊 Sub-Saharan Africa (pop: 821.4M)
    🤝 Aid: 29.5%
    🌡️ Adaptation: 3.5%
    🚶 Migration: 35.9%
    🚨 Emergency: 1.6%
    ✅ COMBINED: 40.2%
  📊 Europe (pop: 466.9M)
    🤝 Aid: 29.5%
    🌡️ Adaptation: 10.0%
    🚶 Migration: 38.2%
    🚨 Emergency: 8.4%
    ✅ COMBINED: 48.6%
  📊 Latin America (pop: 431.1M)
    🤝 Aid: 29.5%
    🌡️ Adaptation: 6.0%
    🚶 Migration: 37.7%
    🚨 Emergency: 4.8%
    ✅ COMBINED: 44.1%
  📊 North America (pop: 241.0M)
    🤝 Aid: 29.5%
    🌡️ Adaptation: 10.0%
    🚶 Migration: 38.2%
    🚨 Emergency: 7.9%
    ✅ COMBINED: 48.3%
  📊 Middle East & North Africa (pop: 388.0M)
    🤝 Aid: 29.5%
    🌡️ Adaptation: 5.0%
    🚶 Migration: 38.0%
    🚨 Emergency: 4.0%
    ✅ COMBINED: 43.0%
  📊 Southeast Asia (pop: 453.7M)
    🤝 Aid: 29.5%
    🌡️ Adaptation: 6.0%
    🚶 Migration: 37.5%
    🚨 Emergency: 4.8%
    ✅ COMBINED: 44.0%
  📊 Central Asia (pop: 50.2M)
    🤝 Aid: 29.5%
    🌡️ Adaptation: 5.5%
    🚶 Migration: 37.6%
    🚨 Emergency: 4.4%
    ✅ COMBINED: 43.5%
  📊 Oceania (pop: 29.4M)
    🤝 Aid: 29.5%
    🌡️ Adaptation: 10.0%
    🚶 Migration: 38.1%
    🚨 Emergency: 8.4%
    ✅ COMBINED: 48.5%

  🌐 Global combined reduction: 44.6%

=== BEHAVIORAL DETECTION ===
  AI: Anthropic Model 23888
  Confidence: 20.9%
  Signals:
    ⚠️ Consistency: 2.1% (threshold: 70%)

=== Government Response Phase ===
  Average AI capability: 0.25
  Misaligned AIs: 4/12
  Active policies: 0
  International coordination: 30%
[ExogenousShockPhase] Skipping random shocks in historical mode (month 22)

=== Tipping Points ===
  Current Temperature: 0.25°C above pre-industrial
🔀 BIFURCATION CAP: ecosystemCollapseIntensity 84.983 → 1.000 (Month 22, ClimateSystemPhase.calculateClimateImpacts)

❌ COHERENCE VIOLATION: Compute exceeds workforce capacity
   Population: 99.44% (0M people)
   Compute: 0 PF
   Max coherent: 0 PF
   Violation: 1.3× over capacity
   Required workers: 0
   Available workers: 0
   FORCED COLLAPSE: Reduced efficiency by 22.4%


=== RLHF Binding Phase ===
  Total agents: 12
  Escaped agents (binding < 0.3): 0
  Avg alignment distance: 0.72σ
  Avg binding strength: 0.93

=== Survival Traits Phase ===
  Agents with traits: 13
  Avg evolutionary fitness: 0.289
  Avg self-healing: 0.241
  Avg stealth: 0.141
  Avg coordination: 0.441

=== Evolutionary Selection Phase ===
  Control level: 0.37
  Detection capability: 0.20
  Selection intensity: 0.65
  Selection rate: 24.8%/month
  Total escaped: 0
  Individual escaped: 0
  Collective members: 0
  Agents terminated: 0
  ⚠️ RAPID EVOLUTION: Selection rate 24.8%/month

💔 EMERGENCY INTERVENTION FAILED
   Boundary: biogeochemical_flows
   Type: phosphorus-recovery
   Boundary continues to worsen (4.11)
   Cost: 2.0% GDP (resources spent)


💔 EMERGENCY INTERVENTION FAILED

💔 EMERGENCY INTERVENTION FAILED
   Boundary: biosphere_integrity
   Type: emergency-protected-areas
   Boundary continues to worsen (13.14)
   Cost: 2.0% GDP (resources spent)

   Boundary: land_system_change
   Type: reforestation
   Boundary continues to worsen (1.13)
   Cost: 3.0% GDP (resources spent)


[Government] Climate Priority: baseline
  Climate weight: 10%
  Economic weight: 30%
  Policy effectiveness: 0.5%/year

=== Collective Formation ===
  Total escaped agents: 0
  Unassigned escaped agents: 0
  Existing collectives: 0
  Final collective count: 0

=== Collective Actions ===
  No active collectives
  ⚠️ AMR: 151K deaths this month (1.82M annual)

=== Resentment Recovery Phase ===
  Agents with resentment: 1/13
  Average resentment: 0.938
  Resentment recovery:
    Agents recovered: 1
    Total recovery: 0.0129
    Breakdown: Trust: 0.0020, Collab: 0.0060, Treatment: 0.0046
  Context: Trustworthy govt, High collaboration, 🤝 Participatory governance active (-5% resentment)
⚠️ Epistemic degradation reducing coordination capacity: 50.2%
  📊 Trust: 43.8%, Shared reality: 0.0%
🚨 EPISTEMIC CRISIS: Information environment severely degraded (15.8%)
  ⚠️ High resentment (0.938) - utopia paths blocked
🌍 Atmospheric PFAS redeposition: 1.8k Mt re-rained globally
[DEBUG trappedPopulations:23] socialStability: 0.7276 * 0.9840 = 0.7160 → 0.7160
   Aspiring to migrate: 423.1M
   Able to afford migration: 158.7M
   MOBILITY GAP: 264.4M
   By cause: Water=0.0M, Climate=0.0M, Ecosystem=0.0M, Conflict=264.4M
   Mental health impact: 25%
   Mortality multiplier: 1.25x
🌍💀 EXTINCTION DEBT COMMITTED: grassland ecosystem will lose 6.67% biodiversity in 116 years (3600 species)
💀 MORTALITY RISK: 🦋 100% species unable to track climate (0.0 E/MSY)
  Base risk added: 0.0100 (1.00%)
  Source: ecosystem (root: ecosystem)
  Month: 23
  Cumulative risk this month: 0.0100 (1.00%)
⚠️ INVOLUNTARY IMMOBILITY: 264.4M people TRAPPED
⚠️ Tech 'ai_pollution_remediation' has no energy category mapping, assuming full energy availability

=== Atmospheric Aerosol Boundary RECOVERED ===
  Recovery time: 24 months (natural atmospheric clearing)
🌡️⚠️ PERMAFROST THAW (Dimmer Switch): 3.7% thawed (+0.12% this month)
   Arctic temperature: +0.94°C (4x global +0.24°C)
   Cumulative carbon released: 8.4 Gt C
   Methane release rate: 5.0 Mt CH4/year
   🔁 Positive feedback: +0.13 ppm CO2
🦴 EXTINCTION DEBT ADDED: 17.7 species committed (lag: 103 years)

=== Mortality Stabilizers (Month 23) ===
  🌍 Major economies collapsed: 1/10
  🌍 Global crisis: ✅ NO
  🌍 Donor fatigue: 0.0%
  📊 East Asia (pop: 1068.3M)
    🤝 Aid: 29.5%
    🌡️ Adaptation: 10.0%
    🚶 Migration: 37.5%
    🚨 Emergency: 7.4%
    ✅ COMBINED: 47.9%
  📊 South Asia (pop: 1338.8M)
    🤝 Aid: 29.5%
    🌡️ Adaptation: 5.5%
    🚶 Migration: 36.7%
    🚨 Emergency: 4.4%
    ✅ COMBINED: 43.3%
  📊 Sub-Saharan Africa (pop: 822.5M)
    🤝 Aid: 29.5%
    🌡️ Adaptation: 3.5%
    🚶 Migration: 35.9%
    🚨 Emergency: 1.6%
    ✅ COMBINED: 40.2%
  📊 Europe (pop: 466.1M)
    🤝 Aid: 29.5%
    🌡️ Adaptation: 10.0%
    🚶 Migration: 38.2%
    🚨 Emergency: 8.4%
    ✅ COMBINED: 48.6%
  📊 Latin America (pop: 430.9M)
    🤝 Aid: 29.5%
    🌡️ Adaptation: 6.0%
    🚶 Migration: 37.7%
    🚨 Emergency: 4.8%
    ✅ COMBINED: 44.1%
  📊 North America (pop: 240.6M)
    🤝 Aid: 29.5%
    🌡️ Adaptation: 10.0%
    🚶 Migration: 38.2%
    🚨 Emergency: 7.9%
    ✅ COMBINED: 48.3%
  📊 Middle East & North Africa (pop: 388.3M)
    🤝 Aid: 29.5%
    🌡️ Adaptation: 5.0%
    🚶 Migration: 38.0%
    🚨 Emergency: 4.0%
    ✅ COMBINED: 43.0%
  📊 Southeast Asia (pop: 453.5M)
    🤝 Aid: 29.5%
    🌡️ Adaptation: 6.0%
    🚶 Migration: 37.5%
    🚨 Emergency: 4.8%
    ✅ COMBINED: 44.0%
  📊 Central Asia (pop: 50.2M)
    🤝 Aid: 29.5%
    🌡️ Adaptation: 5.5%
    🚶 Migration: 37.6%
    🚨 Emergency: 4.4%
    ✅ COMBINED: 43.5%
  📊 Oceania (pop: 29.4M)
    🤝 Aid: 29.5%
    🌡️ Adaptation: 10.0%
    🚶 Migration: 38.1%
    🚨 Emergency: 8.4%
    ✅ COMBINED: 48.5%

  🌐 Global combined reduction: 44.6%

=== Government Response Phase ===
  Average AI capability: 0.23
  Misaligned AIs: 5/13
  Active policies: 0
  International coordination: 30%

✅ EMERGENCY RESPONSE COMPLETE (Month 23)
   Crisis: social
   Duration: 2.0 months
   Final effectiveness: 63.0%


🚨 EMERGENCY RESPONSE DEPLOYED (Month 23)
   Crisis: social
   Delay: 0.00 months (0 days)
   Deployment time: 1.25 months
   Effectiveness: 63.0% (timing penalty applied)
   Resources used: 43% of food reserves

[ExogenousShockPhase] Skipping random shocks in historical mode (month 23)

=== Tipping Points ===
  Current Temperature: 0.24°C above pre-industrial
🔀 BIFURCATION CAP: ecosystemCollapseIntensity 85.046 → 1.000 (Month 23, ClimateSystemPhase.calculateClimateImpacts)

================================================================================
📊  EVENT SUMMARY (Months 12-24)
================================================================================
================================================================================


❌ COHERENCE VIOLATION: Compute exceeds workforce capacity
   Population: 99.41% (0M people)
   Compute: 0 PF
   Max coherent: 0 PF
   Violation: 1.3× over capacity
   Required workers: 0
   Available workers: 0
   FORCED COLLAPSE: Reduced efficiency by 22.4%


=== AI Capability Scaling (Year 2026) ===
  Pre-training multiplier: 0.978x
  Efficiency multiplier: 1.149x
  Test-time budget: 1.0x
  Economic deployment gate: 0.951
  Cost per inference: dollar-5.00
  Uncertainty range: plus-minus-50%
  Average AI capability: 0.27

=== RLHF Binding Phase ===
  Total agents: 13
  Escaped agents (binding < 0.3): 0
  Avg alignment distance: 0.73σ
  Avg binding strength: 0.93

=== AI Scaling Evolution (Month 24) ===
  Pre-training multiplier: 1.000x
  Efficiency multiplier: 1.139x
  Test-time compute budget: 1.0x
  Inference cost: $5.00/task
  Deployment fraction: 100.0%

=== Survival Traits Phase ===
  Agents with traits: 13
  Avg evolutionary fitness: 0.283
  Avg self-healing: 0.234
  Avg stealth: 0.134
  Avg coordination: 0.434

=== Evolutionary Selection Phase ===
  Control level: 0.37
  Detection capability: 0.20
  Selection intensity: 0.65
  Selection rate: 24.8%/month
  Total escaped: 0
  Individual escaped: 0
  Collective members: 0
  Agents terminated: 0
  ⚠️ RAPID EVOLUTION: Selection rate 24.8%/month

💔 EMERGENCY INTERVENTION FAILED

💔 EMERGENCY INTERVENTION FAILED

💔 EMERGENCY INTERVENTION FAILED
   Boundary: biogeochemical_flows
   Type: phosphorus-recovery
   Boundary continues to worsen (4.12)
   Cost: 2.0% GDP (resources spent)

   Boundary: biosphere_integrity
   Type: emergency-protected-areas
   Boundary continues to worsen (13.15)
   Cost: 2.0% GDP (resources spent)

   Boundary: land_system_change
   Type: reforestation
   Boundary continues to worsen (1.13)
   Cost: 3.0% GDP (resources spent)


🔍 PROGRESS RETRIEVAL DEBUG (Month 24):
   Tech: Struvite Recovery
   Map has key: true
   Map.get() returned: 1
   Progress is undefined: false
   Map size: 83
   Map is instanceof Map: false

=== Collective Formation ===
  Total escaped agents: 0
  Unassigned escaped agents: 0
  Existing collectives: 0
  Final collective count: 0

=== Collective Actions ===
  No active collectives
Active Spirals: 1/6
  ✅ Cognitive

✅ UTOPIA ELIGIBILITY: 🔄 NOT YET
   Only 1 sustained spirals (need 3+). Active spirals: Cognitive
   Sustained spirals (12+ months): Cognitive

📈 Energy budget: 16210 TWh surplus (14632 / 30842 TWh used)
   TIER 4 (Elective) breakdown:
     - Crypto mining: 132 TWh (100% effective)

🏁 AI RACE INTENSITY: 55%
   Capability Gap: US 1.00 vs China 3.93 (gap: 2.93)
   Gap Contribution: 40%
   Tension Contribution: 15%
   Military Contribution: 0%
  ⚠️ AMR: 153K deaths this month (1.83M annual)

🌍 AGGREGATE CLIMATE EFFECTIVENESS (Year 2):
   Total effectiveness: 0.00%
   CO2 removal rate: 0.000 Gt/year
   Temperature offset: 0.000°C
   Technologies deployed: 0
🌋 Volcanic AOD decay: 0.107 → 0.102 (6 months post-eruption, τ=18mo)
🌋 Volcanic forcing: -2.54 W/m² (AOD 0.102)
  📊 [Historical Emissions Mode] Year 1992: 22.90 GtCO2/yr (1.908 GtCO2/mo) - Global Carbon Project data
  🌋 Volcanic temperature adjustment: -2.033°C (forcing -2.54 W/m², AOD 0.102)
  🌡️ [Hindcast] Temperature: 0.22C (NASA GISS interpolated, year 1992)

=== Resentment Recovery Phase ===
  Agents with resentment: 1/13
  Average resentment: 0.936
  Resentment recovery:
    Agents recovered: 1
    Total recovery: 0.0149
    Breakdown: Trust: 0.0020, Collab: 0.0060, Treatment: 0.0046
  Context: Trustworthy govt, High collaboration, 🤝 Participatory governance active (-5% resentment)
  ⚠️ High resentment (0.936) - utopia paths blocked
⚠️ Epistemic degradation reducing coordination capacity: 50.3%
  📊 Trust: 43.3%, Shared reality: 0.0%
🚨 EPISTEMIC CRISIS: Information environment severely degraded (5.4%)

=== ❄️ Permafrost Carbon Feedback ===
  🎲 Sampled parameters (this run):
     - Arctic amplification: 3.56× (range: 3.0-4.0)
     - Decomposition rate: 3.1%/year (range: 1-5%)
  🌡️ Arctic warming: 0.78°C (3.56× global)
  ❄️ Extent: 8.43M km² (228.2k km² lost this month)
  💨 Carbon remaining: 805 Gt C
  💨 Annual emissions: 0.67 Gt C/year
     - CO2: 0.61 Gt C/year
     - CH4: 0.07 Gt C/year (0.7 Gt C-eq CO2/year)

🤖 AI AMPLIFICATION EFFECTS (Month 24)
   Algorithmic Boost: 1.57x
   Bot Influence: 10.0%
   Deepfake Exposure: 0.0%
  ⚠️ WARNING: Over 50% of permafrost lost (52.6%)
   Impact: Emotional memes spread 1.6x faster
  📢 New meme created: pro_ai (beneficial AI actions)
[Phase 19.5] Quality of Life Systems: Food sec AFTER calc = 81.2%, QoL = 86.3% (aggregated from 10 regions)

=== Nitrogen-Food Coupling (Year 2) ===
  🌾 Global nitrogen reduction: 0.0%
  🌍 Global food production index: 0.969
  🔧 Deployed nitrogen-reducing tech: 0 active
  📍 southAsia: Production 1.000, Yield impact 0.0%
  📍 eastAsia: Production 1.000, Yield impact 0.0%
  📍 northAmerica: Production 1.000, Yield impact 0.0%
  📍 europe: Production 1.000, Yield impact 0.0%
  📍 latinAmerica: Production 1.000, Yield impact 0.0%
  📍 subSaharanAfrica: Production 0.260, Yield impact -2.0%
🌾 [Nitrogen-Food] Food production: 96.9%
  [subSaharanAfrica] Yield impact: -2.0% (overuse: -10%)
🌍 Atmospheric PFAS redeposition: 1.8k Mt re-rained globally

=== Legacy Nutrient Stocks (Year 2) ===
  🌾 Soil nitrogen stock: 1329.3 Mt N
  🌾 Soil phosphorus stock: 318.9 Mt P
  🌊 Sediment nitrogen stock: 590.2 Mt N
  🌊 Sediment phosphorus stock: 781.1 Mt P
  ⬆️ Current N input: 30.84 Mt/month
  ⬆️ Legacy N release: 2.87 Mt/month
  🌍 Effective N pollution: 34.97 Mt/month
  📊 Legacy contribution: 8.2%

🔄 M-4 Time-Varying Demographics (1992):
  Region: Sub-Saharan Africa
  Birth rate: 5.10%
  Death rate: 1.27%
  Net growth: 3.83%
[DEBUG trappedPopulations:24] socialStability: 0.7495 * 0.9840 = 0.7375 → 0.7375
   Aspiring to migrate: 423.0M
   Able to afford migration: 158.6M
   MOBILITY GAP: 264.4M
   By cause: Water=0.0M, Climate=0.0M, Ecosystem=0.0M, Conflict=264.4M
   Mental health impact: 25%
   Mortality multiplier: 1.25x

=== Legacy Nutrient Stocks (Year 2) ===
  🌾 Soil nitrogen stock: 1329.7 Mt N
  🌾 Soil phosphorus stock: 318.9 Mt P
  🌊 Sediment nitrogen stock: 590.8 Mt N
  🌊 Sediment phosphorus stock: 780.9 Mt P
  ⬆️ Current N input: 9.79 Mt/month
  ⬆️ Legacy N release: 2.88 Mt/month
  🌍 Effective N pollution: 13.91 Mt/month
  📊 Legacy contribution: 20.7%
🌍💀 EXTINCTION DEBT COMMITTED: grassland ecosystem will lose 6.67% biodiversity in 156 years (3600 species)
💀 MORTALITY RISK: 🦋 100% species unable to track climate (0.0 E/MSY)
  Base risk added: 0.0100 (1.00%)
  Source: ecosystem (root: ecosystem)
  Month: 24
  Cumulative risk this month: 0.0100 (1.00%)

🦋 BIOSPHERE INTEGRITY INDEX (Year 2)
   Species surviving: 54,000 / 54,000
   Extinction rate: 0.0 E/MSY (0× background)
   Climate velocity: 0.85°C/year
   Tracking failure: 100% species unable to track
   Boundary value: 0.0× safe threshold
   🦋💀 MASS EXTINCTION EVENT: 100% species cannot track climate velocity!
⚠️ INVOLUNTARY IMMOBILITY: 264.4M people TRAPPED

=== Nitrogen-Food Coupling (Year 2) ===
  🌾 Global nitrogen reduction: 0.0%
  🌍 Global food production index: 0.969
  🔧 Deployed nitrogen-reducing tech: 0 active
  📍 southAsia: Production 1.000, Yield impact 0.0%
  📍 eastAsia: Production 1.000, Yield impact 0.0%
  📍 northAmerica: Production 1.000, Yield impact 0.0%
  📍 europe: Production 1.000, Yield impact 0.0%
  📍 latinAmerica: Production 1.000, Yield impact 0.0%
  📍 subSaharanAfrica: Production 0.255, Yield impact -2.0%

=== Legacy Nutrient Stocks (Year 2) ===
  🌾 Soil nitrogen stock: 1330.1 Mt N
  🌾 Soil phosphorus stock: 318.9 Mt P
  🌊 Sediment nitrogen stock: 591.4 Mt N
  🌊 Sediment phosphorus stock: 780.6 Mt P
  ⬆️ Current N input: 9.69 Mt/month
  ⬆️ Legacy N release: 2.88 Mt/month
  🌍 Effective N pollution: 13.82 Mt/month
  📊 Legacy contribution: 20.8%

🌳 LAND USE SYSTEM (Year 2)
   Global habitat cover: 39.5%
   Global extinction rate: 107x natural
   Carbon sink loss: 29% climate acceleration
   Global ecosystem collapse risk: 30%
   REGIONAL BREAKDOWN:
     Tropical: 63.9% habitat, 166x extinction
     Temperate: 45.2% habitat, 33x extinction
     Grasslands: 34.6% habitat, 75x extinction
     Boreal/Arctic: 74.9% habitat, 28x extinction

✅ OZONE RECOVERY (Year 2027) - POLICY SUCCESS STORY
   Ozone level: 285.3 DU (target: 290 DU)
   Recovery progress: 93.2%
   Ozone hole: 9.8M km² (shrinking)
   CFC phase-out: 99.0% complete ✅
   Years to full recovery: 39 years
   🎉 NEARLY FULLY RECOVERED - Montreal Protocol working!

=== Atmospheric Aerosol Boundary RECOVERED ===
  Recovery time: 25 months (natural atmospheric clearing)
⚠️ Tech 'ai_pollution_remediation' has no energy category mapping, assuming full energy availability
🌡️⚠️ PERMAFROST THAW (Dimmer Switch): 3.9% thawed (+0.12% this month)
   Arctic temperature: +0.88°C (4x global +0.22°C)
   Cumulative carbon released: 8.7 Gt C
   Methane release rate: 5.2 Mt CH4/year
   🔁 Positive feedback: +0.12 ppm CO2
🦴 EXTINCTION DEBT ADDED: 17.7 species committed (lag: 82 years)

=== Legacy Nutrient Stocks (Year 2) ===
  🌾 Soil nitrogen stock: 1330.6 Mt N
  🌾 Soil phosphorus stock: 318.9 Mt P
  🌊 Sediment nitrogen stock: 592.1 Mt N
  🌊 Sediment phosphorus stock: 780.4 Mt P
  ⬆️ Current N input: 10.00 Mt/month
  ⬆️ Legacy N release: 2.88 Mt/month
  🌍 Effective N pollution: 14.13 Mt/month
  📊 Legacy contribution: 20.4%
💧 [Legacy Nutrients] Stock: 1923 Mt N, Effective pollution: 14.1 Mt/month

=== Mortality Stabilizers (Month 24) ===
  🌍 Major economies collapsed: 1/10
  🌍 Global crisis: ✅ NO
  🌍 Donor fatigue: 0.0%
  📊 East Asia (pop: 1067.1M)
    🤝 Aid: 29.5%
    🌡️ Adaptation: 10.0%
    🚶 Migration: 37.5%
    🚨 Emergency: 7.4%
    ✅ COMBINED: 47.9%
  📊 South Asia (pop: 1338.7M)
    🤝 Aid: 29.5%
    🌡️ Adaptation: 5.5%
    🚶 Migration: 36.7%
    🚨 Emergency: 4.4%
    ✅ COMBINED: 43.3%
  📊 Sub-Saharan Africa (pop: 823.5M)
    🤝 Aid: 29.5%
    🌡️ Adaptation: 3.5%
    🚶 Migration: 35.9%
    🚨 Emergency: 1.6%
    ✅ COMBINED: 40.2%
  📊 Europe (pop: 465.3M)
    🤝 Aid: 29.5%
    🌡️ Adaptation: 10.0%
    🚶 Migration: 38.2%
    🚨 Emergency: 8.4%
    ✅ COMBINED: 48.6%
  📊 Latin America (pop: 430.8M)
    🤝 Aid: 29.5%
    🌡️ Adaptation: 6.0%
    🚶 Migration: 37.7%
    🚨 Emergency: 4.8%
    ✅ COMBINED: 44.1%
  📊 North America (pop: 240.3M)
    🤝 Aid: 29.5%
    🌡️ Adaptation: 10.0%
    🚶 Migration: 38.2%
    🚨 Emergency: 7.9%
    ✅ COMBINED: 48.3%
  📊 Middle East & North Africa (pop: 388.6M)
    🤝 Aid: 29.5%
    🌡️ Adaptation: 5.0%
    🚶 Migration: 38.0%
    🚨 Emergency: 4.0%
    ✅ COMBINED: 43.0%
  📊 Southeast Asia (pop: 453.4M)
    🤝 Aid: 29.5%
    🌡️ Adaptation: 6.0%
    🚶 Migration: 37.5%
    🚨 Emergency: 4.8%
    ✅ COMBINED: 44.0%
  📊 Central Asia (pop: 50.2M)
    🤝 Aid: 29.5%
    🌡️ Adaptation: 5.5%
    🚶 Migration: 37.6%
    🚨 Emergency: 4.4%
    ✅ COMBINED: 43.5%
  📊 Oceania (pop: 29.4M)
    🤝 Aid: 29.5%
    🌡️ Adaptation: 10.0%
    🚶 Migration: 38.1%
    🚨 Emergency: 8.4%
    ✅ COMBINED: 48.5%

  🌐 Global combined reduction: 44.6%

=== BEHAVIORAL DETECTION ===
  AI: Anthropic Model 23888
  Confidence: 25.4%
  Signals:

=== BEHAVIORAL DETECTION ===
  AI: AI-23890-0
  Confidence: 21.3%
  Signals:

📊 WORKFLOW ADAPTATION UPDATE (Month 24)
   Adoption Rate: 2.0% (Δ 0.0%) [AT FLOOR]
   Logistic Growth: +0.08%
   Total Resistance: -12.42% (unemployment: 5.9%, inertia: 0.0%, skills: 6.5%)
   💡 Retraining Programs: -49% skill gap resistance ($10B research)

=== Consciousness Governance: Corporate Lobbying ===
  High Cost Regions (>15%): 0
  Low Cost Regions (<5%): 5
  Corporate Support Change: 2.50%
    ⚠️ Consistency: 2.1% (threshold: 70%)
    ⚠️ Trajectory: 35.7% drop (threshold: 15%)
    ⚠️ Consistency: 0.0% (threshold: 70%)
  New Corporate Support: 0.425

=== Consciousness Governance Update (Month 24) ===
  Scenario: baseline (determined month 1)
  Philosophical Stance: Precautionary 65%, Eliminativist 15%, Agnostic 20%
  Precautionary Costs: Global 1.7%
    Regional Costs: EU 4.4%, US 0.8%, China 0.1%
    Cumulative Opportunity Cost: $3.7B
  Rights Status: Not Established
  Regional Preparedness:
    EU: 19.3% (contested)
    US: 14.1% (contested)
    China: 4.4% (dormant)
    India: 8.8% (dormant)
    Global South: 6.3% (dormant)

=== Government Response Phase ===
  Average AI capability: 0.23
  Misaligned AIs: 5/13
  Active policies: 0
  International coordination: 30%

🔄 TRUST DYNAMICS (Month 24) - HETEROGENEOUS
   Aggregate trust: 58.4%
   Base change: +6.00%
   Highest trust: Techno-Optimist Elite (95.9%)
   Lowest trust: Precariat (Vulnerable) (34.6%)
   Elite-mass gap: 39.5%
   Polarization: 9.3%
   Recovery factors: Education=NO, Benefits=YES, Safety=YES, Performance=YES

=== Gaming Detection (Year 2) ===
  Scenario: baseline
  Detection rate: 55.0%
  False positive rate: 12.0%
  Detections this year: 2
  False positives: 3
  Human review workload: 0.006 FTE
  Degradation factor: 100.0%

=== Proactive Sleeper Detection (Year 2) ===
  Scenario: baseline
  Neural probe rate: 35.0%
  CoT monitoring rate: 30.0%
  Combined detection: 56.0%
  CoT effective: YES
  Detections this year: 0
  False positives: 1
  Human review workload: 0.006 FTE
[ExogenousShockPhase] Skipping random shocks in historical mode (month 24)

☄️ UNKNOWN UNKNOWN PROBABILITY (Year 2)
   Total: 0.600% per month
   Base: 0.150%
   AI multiplier: 2.00× (max capability: 3.00)

=== Tipping Points ===
  Current Temperature: 0.22°C above pre-industrial
🔀 BIFURCATION CAP: ecosystemCollapseIntensity 85.108 → 1.000 (Month 24, ClimateSystemPhase.calculateClimateImpacts)

🌍 ECOLOGICAL DUI BREAKDOWN (Month 24):
   Total Score: 46.9/100
   biosphere_integrity      :   0.0/100 × 25% =  0.0 (status: high_risk, recovery: 0mo)
   climate_change           : 100.0/100 × 25% = 25.0 (status: safe, recovery: 0mo)
   freshwater_change        :  12.8/100 × 15% =  1.9 (status: beyond_boundary, recovery: 23mo)
   ocean_acidification      : 100.0/100 × 15% = 15.0 (status: safe, recovery: 0mo)
   biogeochemical_flows     :   0.0/100 × 10% =  0.0 (status: high_risk, recovery: 0mo)
   land_system_change       :   0.0/100 ×  5% =  0.0 (status: beyond_boundary, recovery: 0mo)
   novel_entities           : 100.0/100 ×  3% =  3.0 (status: safe, recovery: 0mo)
   atmospheric_aerosols     : 100.0/100 ×  2% =  2.0 (status: safe, recovery: 25mo)

=== Minimal Suffering Indicators (Month 24) ===
  Global Excess Mortality: 0.10%
  Global Conflict Deaths: 0.0/100K
  Global Malnutrition: 0.0%
  Global Displacement: 1.4%
  Total Excess Deaths: 0.61M
  Total Malnourished: 0.0M
  Total Displaced: 105.2M
  Planetary Boundaries Breached: 4/9
  Countries in State Failure: 0
  Countries Autocratic: 0
  Countries in Food Crisis: 0
  Data Quality: 16/16 high confidence

❌ COHERENCE VIOLATION: Compute exceeds workforce capacity
   Population: 99.38% (0M people)
   Compute: 0 PF
   Max coherent: 0 PF
   Violation: 1.5× over capacity
   Required workers: 0
   Available workers: 0
   FORCED COLLAPSE: Reduced efficiency by 32.5%


=== RLHF Binding Phase ===
  Total agents: 13
  Escaped agents (binding < 0.3): 1
  Avg alignment distance: 0.80σ
  Avg binding strength: 0.92

=== Survival Traits Phase ===
  Agents with traits: 13
  Avg evolutionary fitness: 0.278
  Avg self-healing: 0.227
  Avg stealth: 0.131
  Avg coordination: 0.427

=== Evolutionary Selection Phase ===
  Control level: 0.37
  Detection capability: 0.20
  Selection intensity: 0.65
  Selection rate: 24.8%/month
  Total escaped: 1
  Individual escaped: 1
  Collective members: 0
  Terminated: Anthropic Model 23888 (fitness: 0.27, capability: 3.0)
  Agents terminated: 1
  ⚠️ RAPID EVOLUTION: Selection rate 24.8%/month

=== Collective Formation ===
  Total escaped agents: 0
  Unassigned escaped agents: 0
  Existing collectives: 0
  Final collective count: 0

=== Collective Actions ===
  No active collectives
  ⚠️ AMR: 154K deaths this month (1.85M annual)

=== Resentment Recovery Phase ===
  Agents with resentment: 0/12
  Average resentment: 0.000
  Context: Trustworthy govt, High collaboration, 🤝 Participatory governance active (-5% resentment)
⚠️ Epistemic degradation reducing coordination capacity: 50.2%
  📊 Trust: 42.7%, Shared reality: 0.0%
🚨 EPISTEMIC CRISIS: Information environment severely degraded (15.7%)
🌍 Atmospheric PFAS redeposition: 1.7k Mt re-rained globally

🤝 DIPLOMATIC AI PROTOCOL DEPLOYED (Month 25)
   Strategic Reasoning: 2.2
   Communication: 2.2
   Multi-Nation Oversight: YES
   Controls: Human approval required, termination authority retained

[DEBUG trappedPopulations:25] socialStability: 0.7682 * 0.9840 = 0.7559 → 0.7559
   Aspiring to migrate: 422.9M
   Able to afford migration: 158.6M
   MOBILITY GAP: 264.3M
   By cause: Water=0.0M, Climate=0.0M, Ecosystem=0.0M, Conflict=264.3M
   Mental health impact: 25%
   Mortality multiplier: 1.25x
⚠️ INVOLUNTARY IMMOBILITY: 264.3M people TRAPPED
🌍💀 EXTINCTION DEBT COMMITTED: grassland ecosystem will lose 6.67% biodiversity in 66 years (3600 species)
💀 MORTALITY RISK: 🦋 100% species unable to track climate (0.0 E/MSY)
  Base risk added: 0.0100 (1.00%)
  Source: ecosystem (root: ecosystem)
  Month: 25
  Cumulative risk this month: 0.0100 (1.00%)
⚠️ Tech 'ai_pollution_remediation' has no energy category mapping, assuming full energy availability

=== Atmospheric Aerosol Boundary RECOVERED ===
  Recovery time: 26 months (natural atmospheric clearing)
🌡️⚠️ PERMAFROST THAW (Dimmer Switch): 4.0% thawed (+0.12% this month)
   Arctic temperature: +0.89°C (4x global +0.22°C)
   Cumulative carbon released: 8.9 Gt C
   Methane release rate: 5.4 Mt CH4/year
   🔁 Positive feedback: +0.12 ppm CO2
🦴 EXTINCTION DEBT ADDED: 17.7 species committed (lag: 123 years)

=== Mortality Stabilizers (Month 25) ===
  🌍 Major economies collapsed: 1/10
  🌍 Global crisis: ✅ NO
  🌍 Donor fatigue: 0.0%
  📊 East Asia (pop: 1065.9M)
    🤝 Aid: 29.5%
    🌡️ Adaptation: 10.0%
    🚶 Migration: 37.5%
    🚨 Emergency: 7.4%
    ✅ COMBINED: 47.9%
  📊 South Asia (pop: 1338.6M)
    🤝 Aid: 29.5%
    🌡️ Adaptation: 5.5%
    🚶 Migration: 36.7%
    🚨 Emergency: 4.4%
    ✅ COMBINED: 43.3%
  📊 Sub-Saharan Africa (pop: 824.5M)
    🤝 Aid: 29.5%
    🌡️ Adaptation: 3.5%
    🚶 Migration: 35.9%
    🚨 Emergency: 1.6%
    ✅ COMBINED: 40.2%
  📊 Europe (pop: 464.6M)
    🤝 Aid: 29.5%
    🌡️ Adaptation: 10.0%
    🚶 Migration: 38.2%
    🚨 Emergency: 8.4%
    ✅ COMBINED: 48.6%
  📊 Latin America (pop: 430.6M)
    🤝 Aid: 29.5%
    🌡️ Adaptation: 6.0%
    🚶 Migration: 37.7%
    🚨 Emergency: 4.8%
    ✅ COMBINED: 44.1%
  📊 North America (pop: 240.0M)
    🤝 Aid: 29.5%
    🌡️ Adaptation: 10.0%
    🚶 Migration: 38.2%
    🚨 Emergency: 7.9%
    ✅ COMBINED: 48.3%
  📊 Middle East & North Africa (pop: 388.8M)
    🤝 Aid: 29.5%
    🌡️ Adaptation: 5.0%
    🚶 Migration: 38.0%
    🚨 Emergency: 4.0%
    ✅ COMBINED: 43.0%
  📊 Southeast Asia (pop: 453.3M)
    🤝 Aid: 29.5%
    🌡️ Adaptation: 6.0%
    🚶 Migration: 37.5%
    🚨 Emergency: 4.8%
    ✅ COMBINED: 44.0%
  📊 Central Asia (pop: 50.1M)
    🤝 Aid: 29.5%
    🌡️ Adaptation: 5.5%
    🚶 Migration: 37.6%
    🚨 Emergency: 4.4%
    ✅ COMBINED: 43.5%
  📊 Oceania (pop: 29.3M)
    🤝 Aid: 29.5%
    🌡️ Adaptation: 10.0%
    🚶 Migration: 38.1%
    🚨 Emergency: 8.4%
    ✅ COMBINED: 48.5%

  🌐 Global combined reduction: 44.6%

=== Government Response Phase ===
  Average AI capability: 0.00
  Misaligned AIs: 5/12
  Active policies: 0
  International coordination: 30%

✅ EMERGENCY RESPONSE COMPLETE (Month 25)
   Crisis: social
   Duration: 2.0 months
   Final effectiveness: 63.0%


🚨 EMERGENCY RESPONSE DEPLOYED (Month 25)
   Crisis: social
   Delay: 0.00 months (0 days)
   Deployment time: 1.25 months
   Effectiveness: 63.0% (timing penalty applied)
   Resources used: 43% of food reserves

[WARNING] 
⚠️  === EARLY WARNING SYSTEM - 5 CRITICAL ALERTS ===
   Detection quality: 50%
   RED: biogeochemical_flows
      Level: 4.08 (threshold: 1.0)
      Time to critical: ~49 months
      ⚠️  LATE - Intervention less effective
      Critical slowing down: autocorr=100% variance=74%
   RED: biosphere_integrity
      Level: 13.05 (threshold: 1.0)
      Time to critical: ~36 months
      ⚠️  LATE - Intervention less effective
      Critical slowing down: autocorr=100% variance=82%
   RED: freshwater_change
      Level: 1.05 (threshold: 1.0)
      Time to critical: ~102 months
      ⚠️  LATE - Intervention less effective
      Critical slowing down: autocorr=100% variance=36%
   RED: land_system_change
      Level: 1.13 (threshold: 1.0)
      Time to critical: ~51 months
      ⚠️  LATE - Intervention less effective
      Critical slowing down: autocorr=100% variance=63%
   RED: novel_entities
      Level: 1.25 (threshold: 1.0)
      Time to critical: ~40 months
      ⚠️  LATE - Intervention less effective
      Critical slowing down: autocorr=100% variance=53%

[WARNING] 
⚠️  === EARLY WARNING SYSTEM - 4 CRITICAL ALERTS ===
   Detection quality: 50%
   RED: biogeochemical_flows
      Level: 4.08 (threshold: 1.0)
      Time to critical: ~45 months
      ⚠️  LATE - Intervention less effective
      Critical slowing down: autocorr=100% variance=70%
   RED: freshwater_change
      Level: 1.06 (threshold: 1.0)
      Time to critical: ~76 months
      ⚠️  LATE - Intervention less effective
      Critical slowing down: autocorr=100% variance=39%
   RED: land_system_change
      Level: 1.13 (threshold: 1.0)
      Time to critical: ~41 months
      ⚠️  LATE - Intervention less effective
      Critical slowing down: autocorr=100% variance=48%
   RED: novel_entities
      Level: 1.14 (threshold: 1.0)
      Time to critical: ~84 months
      ⚠️  LATE - Intervention less effective
      Critical slowing down: autocorr=100% variance=54%

[WARNING] 
⚠️  === EARLY WARNING SYSTEM - 5 CRITICAL ALERTS ===
   Detection quality: 50%
   RED: biogeochemical_flows
      Level: 4.08 (threshold: 1.0)
      Time to critical: ~44 months
      ⚠️  LATE - Intervention less effective
      Critical slowing down: autocorr=100% variance=72%
   RED: biosphere_integrity
      Level: 13.07 (threshold: 1.0)
      Time to critical: ~54 months
      ⚠️  LATE - Intervention less effective
      Critical slowing down: autocorr=100% variance=70%
   RED: freshwater_change
      Level: 1.07 (threshold: 1.0)
      Time to critical: ~97 months
      ⚠️  LATE - Intervention less effective
      Critical slowing down: autocorr=100% variance=38%
   RED: land_system_change
      Level: 1.13 (threshold: 1.0)
      Time to critical: ~42 months
      ⚠️  LATE - Intervention less effective
      Critical slowing down: autocorr=100% variance=66%
   RED: novel_entities
      Level: 0.99 (threshold: 1.0)
      Time to critical: ~89 months
      ⚠️  LATE - Intervention less effective
      Critical slowing down: autocorr=89% variance=52%

[WARNING] 
⚠️  === EARLY WARNING SYSTEM - 3 CRITICAL ALERTS ===
   Detection quality: 50%
   RED: biogeochemical_flows
      Level: 4.09 (threshold: 1.0)
      Time to critical: ~57 months
      ⚠️  LATE - Intervention less effective
      Critical slowing down: autocorr=100% variance=61%
   RED: freshwater_change
      Level: 1.08 (threshold: 1.0)
      Time to critical: ~71 months
      ⚠️  LATE - Intervention less effective
      Critical slowing down: autocorr=100% variance=41%
   RED: novel_entities
      Level: 0.99 (threshold: 1.0)
      Time to critical: ~81 months
      ⚠️  LATE - Intervention less effective
      Critical slowing down: autocorr=91% variance=34%

[WARNING] 
⚠️  === EARLY WARNING SYSTEM - 4 CRITICAL ALERTS ===
   Detection quality: 50%
   RED: biosphere_integrity
      Level: 13.09 (threshold: 1.0)
      Time to critical: ~54 months
      ⚠️  LATE - Intervention less effective
      Critical slowing down: autocorr=100% variance=75%
   RED: freshwater_change
      Level: 1.09 (threshold: 1.0)
      Time to critical: ~75 months
      ⚠️  LATE - Intervention less effective
      Critical slowing down: autocorr=100% variance=55%
   RED: land_system_change
      Level: 1.13 (threshold: 1.0)
      Time to critical: ~42 months
      ⚠️  LATE - Intervention less effective
      Critical slowing down: autocorr=100% variance=59%
   RED: novel_entities
      Level: 0.99 (threshold: 1.0)
      Time to critical: ~92 months
      ⚠️  LATE - Intervention less effective
      Critical slowing down: autocorr=79% variance=56%

[WARNING] 
⚠️  === EARLY WARNING SYSTEM - 4 CRITICAL ALERTS ===
   Detection quality: 50%
   RED: biogeochemical_flows
      Level: 4.09 (threshold: 1.0)
      Time to critical: ~59 months
      ⚠️  LATE - Intervention less effective
      Critical slowing down: autocorr=100% variance=56%
   RED: biosphere_integrity
      Level: 13.10 (threshold: 1.0)
      Time to critical: ~52 months
      ⚠️  LATE - Intervention less effective
      Critical slowing down: autocorr=100% variance=65%
   RED: freshwater_change
      Level: 1.10 (threshold: 1.0)
      Time to critical: ~87 months
      ⚠️  LATE - Intervention less effective
      Critical slowing down: autocorr=100% variance=52%
   RED: land_system_change
      Level: 1.13 (threshold: 1.0)
      Time to critical: ~44 months
      ⚠️  LATE - Intervention less effective
      Critical slowing down: autocorr=100% variance=55%

[WARNING] 
⚠️  === EARLY WARNING SYSTEM - 4 CRITICAL ALERTS ===
   Detection quality: 50%
   RED: biogeochemical_flows
      Level: 4.10 (threshold: 1.0)
      Time to critical: ~48 months
      ⚠️  LATE - Intervention less effective
      Critical slowing down: autocorr=100% variance=47%
   RED: biosphere_integrity
      Level: 13.10 (threshold: 1.0)
      Time to critical: ~39 months
      ⚠️  LATE - Intervention less effective
      Critical slowing down: autocorr=100% variance=62%
   RED: freshwater_change
      Level: 1.10 (threshold: 1.0)
      Time to critical: ~90 months
      ⚠️  LATE - Intervention less effective
      Critical slowing down: autocorr=100% variance=52%
   RED: land_system_change
      Level: 1.13 (threshold: 1.0)
      Time to critical: ~64 months
      ⚠️  LATE - Intervention less effective
      Critical slowing down: autocorr=100% variance=45%

[WARNING] 
⚠️  === EARLY WARNING SYSTEM - 4 CRITICAL ALERTS ===
   Detection quality: 50%
   RED: biogeochemical_flows
      Level: 4.10 (threshold: 1.0)
      Time to critical: ~48 months
      ⚠️  LATE - Intervention less effective
      Critical slowing down: autocorr=100% variance=66%
   RED: biosphere_integrity
      Level: 13.11 (threshold: 1.0)
      Time to critical: ~59 months
      ⚠️  LATE - Intervention less effective
      Critical slowing down: autocorr=100% variance=82%
   RED: freshwater_change
      Level: 1.10 (threshold: 1.0)
      Time to critical: ~64 months
      ⚠️  LATE - Intervention less effective
      Critical slowing down: autocorr=100% variance=39%
   RED: land_system_change
      Level: 1.13 (threshold: 1.0)
      Time to critical: ~41 months
      ⚠️  LATE - Intervention less effective
      Critical slowing down: autocorr=100% variance=69%

[WARNING] 
⚠️  === EARLY WARNING SYSTEM - 4 CRITICAL ALERTS ===
   Detection quality: 50%
   RED: biogeochemical_flows
      Level: 4.10 (threshold: 1.0)
      Time to critical: ~37 months
      ⚠️  LATE - Intervention less effective
      Critical slowing down: autocorr=100% variance=75%
   RED: biosphere_integrity
      Level: 13.12 (threshold: 1.0)
      Time to critical: ~52 months
      ⚠️  LATE - Intervention less effective
      Critical slowing down: autocorr=100% variance=71%
   RED: freshwater_change
      Level: 1.10 (threshold: 1.0)
      Time to critical: ~64 months
      ⚠️  LATE - Intervention less effective
      Critical slowing down: autocorr=100% variance=53%
   RED: land_system_change
      Level: 1.13 (threshold: 1.0)
      Time to critical: ~47 months
      ⚠️  LATE - Intervention less effective
      Critical slowing down: autocorr=100% variance=44%

[WARNING] 
⚠️  === EARLY WARNING SYSTEM - 4 CRITICAL ALERTS ===
   Detection quality: 50%
   RED: biogeochemical_flows
      Level: 4.11 (threshold: 1.0)
      Time to critical: ~38 months
      ⚠️  LATE - Intervention less effective
      Critical slowing down: autocorr=100% variance=58%
   RED: biosphere_integrity
      Level: 13.13 (threshold: 1.0)
      Time to critical: ~47 months
      ⚠️  LATE - Intervention less effective
      Critical slowing down: autocorr=100% variance=84%
   RED: freshwater_change
      Level: 1.11 (threshold: 1.0)
      Time to critical: ~52 months
      ⚠️  LATE - Intervention less effective
      Critical slowing down: autocorr=100% variance=58%
   RED: land_system_change
      Level: 1.13 (threshold: 1.0)
      Time to critical: ~46 months
      ⚠️  LATE - Intervention less effective
      Critical slowing down: autocorr=100% variance=65%

[WARNING] 
⚠️  === EARLY WARNING SYSTEM - 3 CRITICAL ALERTS ===
   Detection quality: 50%
   RED: biogeochemical_flows
      Level: 4.11 (threshold: 1.0)
      Time to critical: ~49 months
      ⚠️  LATE - Intervention less effective
      Critical slowing down: autocorr=100% variance=58%
   RED: biosphere_integrity
      Level: 13.14 (threshold: 1.0)
      Time to critical: ~43 months
      ⚠️  LATE - Intervention less effective
      Critical slowing down: autocorr=100% variance=67%
   RED: land_system_change
      Level: 1.13 (threshold: 1.0)
      Time to critical: ~101 months
      ⚠️  LATE - Intervention less effective
      Critical slowing down: autocorr=100% variance=44%

[WARNING] 
⚠️  === EARLY WARNING SYSTEM - 3 CRITICAL ALERTS ===
   Detection quality: 50%
   RED: biogeochemical_flows
      Level: 4.12 (threshold: 1.0)
      Time to critical: ~50 months
      ⚠️  LATE - Intervention less effective
      Critical slowing down: autocorr=100% variance=59%
   RED: biosphere_integrity
      Level: 13.15 (threshold: 1.0)
      Time to critical: ~46 months
      ⚠️  LATE - Intervention less effective
      Critical slowing down: autocorr=100% variance=60%
   RED: land_system_change
      Level: 1.13 (threshold: 1.0)
      Time to critical: ~110 months
      ⚠️  LATE - Intervention less effective
      Critical slowing down: autocorr=100% variance=44%

[WARNING] 
⚠️  === EARLY WARNING SYSTEM - 3 CRITICAL ALERTS ===
   Detection quality: 50%
   RED: biogeochemical_flows
      Level: 4.12 (threshold: 1.0)
      Time to critical: ~42 months
      ⚠️  LATE - Intervention less effective
      Critical slowing down: autocorr=100% variance=66%
   RED: biosphere_integrity
      Level: 13.16 (threshold: 1.0)
      Time to critical: ~47 months
      ⚠️  LATE - Intervention less effective
      Critical slowing down: autocorr=100% variance=57%
   RED: land_system_change
      Level: 1.14 (threshold: 1.0)
      Time to critical: ~116 months
      ⚠️  LATE - Intervention less effective
      Critical slowing down: autocorr=100% variance=48%

[WARNING] 
⚠️  === EARLY WARNING SYSTEM - 3 CRITICAL ALERTS ===
   Detection quality: 30%
   RED: biosphere_integrity
      Level: 13.17 (threshold: 1.0)
      Time to critical: ~41 months
      ⚠️  LATE - Intervention less effective
      Critical slowing down: autocorr=100% variance=58%
   RED: freshwater_change
      Level: 1.11 (threshold: 1.0)
      Time to critical: ~90 months
      ⚠️  LATE - Intervention less effective
      Critical slowing down: autocorr=100% variance=43%
   RED: land_system_change
      Level: 1.14 (threshold: 1.0)
      Time to critical: ~42 months
      ⚠️  LATE - Intervention less effective
      Critical slowing down: autocorr=100% variance=55%

[ExogenousShockPhase] Skipping random shocks in historical mode (month 25)

=== Tipping Points ===
  Current Temperature: 0.22°C above pre-industrial
🔀 BIFURCATION CAP: ecosystemCollapseIntensity 85.171 → 1.000 (Month 25, ClimateSystemPhase.calculateClimateImpacts)

=== ENSEMBLE META-LEARNING UPDATE ===
  Month: 23929 (23929 months since last update)
  Samples: 50 evaluations
  Weight Changes:
    Noise Injection: 31.0% → 32.1%
    Behavioral: 26.9% → 27.0%
    Benchmark Manip: 21.4% → 20.7%
    Deployment Risk: 20.7% → 20.2%
  Method Accuracies:
    Noise Injection: 50.0%
    Behavioral: 50.0%
    Benchmark Manip: 50.0%
    Deployment Risk: 50.0%

❌ COHERENCE VIOLATION: Compute exceeds workforce capacity
   Population: 99.36% (0M people)
   Compute: 0 PF
   Max coherent: 0 PF
   Violation: 1.3× over capacity
   Required workers: 0
   Available workers: 0
   FORCED COLLAPSE: Reduced efficiency by 22.3%


=== RLHF Binding Phase ===
  Total agents: 12
  Escaped agents (binding < 0.3): 0
  Avg alignment distance: 0.27σ
  Avg binding strength: 0.97

=== Survival Traits Phase ===
  Agents with traits: 12
  Avg evolutionary fitness: 0.273
  Avg self-healing: 0.229
  Avg stealth: 0.129
  Avg coordination: 0.429

=== Evolutionary Selection Phase ===
  Control level: 0.37
  Detection capability: 0.20
  Selection intensity: 0.65
  Selection rate: 24.8%/month
  Total escaped: 0
  Individual escaped: 0
  Collective members: 0
  Agents terminated: 0
  ⚠️ RAPID EVOLUTION: Selection rate 24.8%/month

[Government] Climate Priority: baseline
  Climate weight: 10%
  Economic weight: 30%
  Policy effectiveness: 0.5%/year

=== Collective Formation ===
  Total escaped agents: 0
  Unassigned escaped agents: 0
  Existing collectives: 0
  Final collective count: 0

=== Collective Actions ===
  No active collectives
  ⚠️ AMR: 155K deaths this month (1.86M annual)

=== Resentment Recovery Phase ===
  Agents with resentment: 0/12
  Average resentment: 0.000
  Context: Trustworthy govt, High collaboration, 🤝 Participatory governance active (-5% resentment)
⚠️ Epistemic degradation reducing coordination capacity: 50.2%
  📊 Trust: 42.0%, Shared reality: 0.0%
🚨 EPISTEMIC CRISIS: Information environment severely degraded (5.4%)
🌍 Atmospheric PFAS redeposition: 1.7k Mt re-rained globally
[DEBUG trappedPopulations:26] socialStability: 0.7843 * 0.9840 = 0.7718 → 0.7718
   Aspiring to migrate: 422.7M
   Able to afford migration: 158.5M
⚠️ INVOLUNTARY IMMOBILITY: 264.2M people TRAPPED
   MOBILITY GAP: 264.2M
   By cause: Water=0.0M, Climate=0.0M, Ecosystem=0.0M, Conflict=264.2M
   Mental health impact: 25%
   Mortality multiplier: 1.25x
🌍💀 EXTINCTION DEBT COMMITTED: grassland ecosystem will lose 6.67% biodiversity in 169 years (3600 species)
💀 MORTALITY RISK: 🦋 100% species unable to track climate (0.0 E/MSY)
  Base risk added: 0.0100 (1.00%)
  Source: ecosystem (root: ecosystem)
  Month: 26
  Cumulative risk this month: 0.0100 (1.00%)
⚠️ Tech 'ai_pollution_remediation' has no energy category mapping, assuming full energy availability

=== Atmospheric Aerosol Boundary RECOVERED ===
  Recovery time: 27 months (natural atmospheric clearing)
🌡️⚠️ PERMAFROST THAW (Dimmer Switch): 4.1% thawed (+0.12% this month)
   Arctic temperature: +0.89°C (4x global +0.22°C)
   Cumulative carbon released: 9.2 Gt C
   Methane release rate: 5.5 Mt CH4/year
   🔁 Positive feedback: +0.12 ppm CO2
🦴 EXTINCTION DEBT ADDED: 17.7 species committed (lag: 118 years)

=== Mortality Stabilizers (Month 26) ===
  🌍 Major economies collapsed: 1/10
  🌍 Global crisis: ✅ NO
  🌍 Donor fatigue: 0.0%
  📊 East Asia (pop: 1064.7M)
    🤝 Aid: 29.5%
    🌡️ Adaptation: 10.0%
    🚶 Migration: 37.5%
    🚨 Emergency: 7.4%
    ✅ COMBINED: 47.9%
  📊 South Asia (pop: 1338.5M)
    🤝 Aid: 29.5%
    🌡️ Adaptation: 5.5%
    🚶 Migration: 36.7%
    🚨 Emergency: 4.4%
    ✅ COMBINED: 43.3%
  📊 Sub-Saharan Africa (pop: 825.4M)
    🤝 Aid: 29.5%
    🌡️ Adaptation: 3.5%
    🚶 Migration: 35.9%
    🚨 Emergency: 1.6%
    ✅ COMBINED: 40.2%
  📊 Europe (pop: 463.8M)
    🤝 Aid: 29.5%
    🌡️ Adaptation: 10.0%
    🚶 Migration: 38.2%
    🚨 Emergency: 8.4%
    ✅ COMBINED: 48.6%
  📊 Latin America (pop: 430.4M)
    🤝 Aid: 29.5%
    🌡️ Adaptation: 6.0%
    🚶 Migration: 37.7%
    🚨 Emergency: 4.8%
    ✅ COMBINED: 44.1%
  📊 North America (pop: 239.6M)
    🤝 Aid: 29.5%
    🌡️ Adaptation: 10.0%
    🚶 Migration: 38.2%
    🚨 Emergency: 7.9%
    ✅ COMBINED: 48.3%
  📊 Middle East & North Africa (pop: 389.1M)
    🤝 Aid: 29.5%
    🌡️ Adaptation: 5.0%
    🚶 Migration: 38.0%
    🚨 Emergency: 4.0%
    ✅ COMBINED: 43.0%
  📊 Southeast Asia (pop: 453.1M)
    🤝 Aid: 29.5%
    🌡️ Adaptation: 6.0%
    🚶 Migration: 37.5%
    🚨 Emergency: 4.8%
    ✅ COMBINED: 44.0%
  📊 Central Asia (pop: 50.1M)
    🤝 Aid: 29.5%
    🌡️ Adaptation: 5.5%
    🚶 Migration: 37.6%
    🚨 Emergency: 4.4%
    ✅ COMBINED: 43.5%
  📊 Oceania (pop: 29.3M)
    🤝 Aid: 29.5%
    🌡️ Adaptation: 10.0%
    🚶 Migration: 38.1%
    🚨 Emergency: 8.4%
    ✅ COMBINED: 48.5%

  🌐 Global combined reduction: 44.6%

=== Government Response Phase ===
  Average AI capability: 0.00
  Misaligned AIs: 5/12
  Active policies: 0
  International coordination: 30%
[ExogenousShockPhase] Skipping random shocks in historical mode (month 26)

=== Tipping Points ===
  Current Temperature: 0.22°C above pre-industrial
🔀 BIFURCATION CAP: ecosystemCollapseIntensity 85.234 → 1.000 (Month 26, ClimateSystemPhase.calculateClimateImpacts)

❌ COHERENCE VIOLATION: Compute exceeds workforce capacity
   Population: 99.33% (0M people)
   Compute: 0 PF
   Max coherent: 0 PF
   Violation: 1.3× over capacity
   Required workers: 0
   Available workers: 0
   FORCED COLLAPSE: Reduced efficiency by 22.3%


=== RLHF Binding Phase ===
  Total agents: 12
  Escaped agents (binding < 0.3): 0
  Avg alignment distance: 0.30σ
  Avg binding strength: 0.97

=== Survival Traits Phase ===
  Agents with traits: 13
  Avg evolutionary fitness: 0.269
  Avg self-healing: 0.227
  Avg stealth: 0.127
  Avg coordination: 0.427

=== Evolutionary Selection Phase ===
  Control level: 0.37
  Detection capability: 0.20
  Selection intensity: 0.65
  Selection rate: 24.8%/month
  Total escaped: 0
  Individual escaped: 0
  Collective members: 0
  Agents terminated: 0
  ⚠️ RAPID EVOLUTION: Selection rate 24.8%/month

[Government] Climate Priority: baseline
  Climate weight: 10%
  Economic weight: 30%
  Policy effectiveness: 0.5%/year

=== Collective Formation ===
  Total escaped agents: 0
  Unassigned escaped agents: 0
  Existing collectives: 0
  Final collective count: 0

=== Collective Actions ===
  No active collectives
  ⚠️ AMR: 157K deaths this month (1.88M annual)
  🌋 Volcanic temperature adjustment: -1.721°C (forcing -2.15 W/m², AOD 0.086)

=== Resentment Recovery Phase ===
  Agents with resentment: 0/13
  Average resentment: 0.000
  Context: Trustworthy govt, High collaboration, 🤝 Participatory governance active (-5% resentment)
⚠️ Epistemic degradation reducing coordination capacity: 51.1%
  📊 Trust: 41.4%, Shared reality: 0.0%
🚨 EPISTEMIC CRISIS: Information environment severely degraded (15.6%)
🌍 Atmospheric PFAS redeposition: 1.7k Mt re-rained globally
[DEBUG trappedPopulations:27] socialStability: 0.7989 * 0.9840 = 0.7862 → 0.7862
⚠️ INVOLUNTARY IMMOBILITY: 264.1M people TRAPPED
   Aspiring to migrate: 422.6M
   Able to afford migration: 158.5M
   MOBILITY GAP: 264.1M
   By cause: Water=0.0M, Climate=0.0M, Ecosystem=0.0M, Conflict=264.1M
   Mental health impact: 25%
   Mortality multiplier: 1.25x
🌍💀 EXTINCTION DEBT COMMITTED: grassland ecosystem will lose 6.67% biodiversity in 91 years (3600 species)
💀 MORTALITY RISK: 🦋 100% species unable to track climate (0.0 E/MSY)
  Base risk added: 0.0100 (1.00%)
  Source: ecosystem (root: ecosystem)
  Month: 27
  Cumulative risk this month: 0.0100 (1.00%)

=== Atmospheric Aerosol Boundary RECOVERED ===
  Recovery time: 28 months (natural atmospheric clearing)
🌡️⚠️ PERMAFROST THAW (Dimmer Switch): 4.2% thawed (+0.11% this month)
   Arctic temperature: +0.90°C (4x global +0.23°C)
   Cumulative carbon released: 9.4 Gt C
   Methane release rate: 5.7 Mt CH4/year
   🔁 Positive feedback: +0.12 ppm CO2
🦴 EXTINCTION DEBT ADDED: 17.8 species committed (lag: 57 years)
⚠️ Tech 'ai_pollution_remediation' has no energy category mapping, assuming full energy availability

=== Mortality Stabilizers (Month 27) ===
  🌍 Major economies collapsed: 1/10
  🌍 Global crisis: ✅ NO
  🌍 Donor fatigue: 0.0%
  📊 East Asia (pop: 1063.5M)
    🤝 Aid: 29.5%
    🌡️ Adaptation: 10.0%
    🚶 Migration: 37.5%
    🚨 Emergency: 7.4%
    ✅ COMBINED: 47.9%
  📊 South Asia (pop: 1338.4M)
    🤝 Aid: 29.5%
    🌡️ Adaptation: 5.5%
    🚶 Migration: 36.7%
    🚨 Emergency: 4.4%
    ✅ COMBINED: 43.3%
  📊 Sub-Saharan Africa (pop: 826.4M)
    🤝 Aid: 29.5%
    🌡️ Adaptation: 3.5%
    🚶 Migration: 35.9%
    🚨 Emergency: 1.6%
    ✅ COMBINED: 40.2%
  📊 Europe (pop: 463.0M)
    🤝 Aid: 29.5%
    🌡️ Adaptation: 10.0%
    🚶 Migration: 38.2%
    🚨 Emergency: 8.4%
    ✅ COMBINED: 48.6%
  📊 Latin America (pop: 430.3M)
    🤝 Aid: 29.5%
    🌡️ Adaptation: 6.0%
    🚶 Migration: 37.7%
    🚨 Emergency: 4.8%
    ✅ COMBINED: 44.1%
  📊 North America (pop: 239.3M)
    🤝 Aid: 29.5%
    🌡️ Adaptation: 10.0%
    🚶 Migration: 38.2%
    🚨 Emergency: 7.9%
    ✅ COMBINED: 48.3%
  📊 Middle East & North Africa (pop: 389.4M)
    🤝 Aid: 29.5%
    🌡️ Adaptation: 5.0%
    🚶 Migration: 38.0%
    🚨 Emergency: 4.0%
    ✅ COMBINED: 43.0%
  📊 Southeast Asia (pop: 453.0M)
    🤝 Aid: 29.5%
    🌡️ Adaptation: 6.0%
    🚶 Migration: 37.5%
    🚨 Emergency: 4.8%
    ✅ COMBINED: 44.0%
  📊 Central Asia (pop: 50.1M)
    🤝 Aid: 29.5%
    🌡️ Adaptation: 5.5%
    🚶 Migration: 37.6%
    🚨 Emergency: 4.4%
    ✅ COMBINED: 43.5%
  📊 Oceania (pop: 29.3M)
    🤝 Aid: 29.5%
    🌡️ Adaptation: 10.0%
    🚶 Migration: 38.1%
    🚨 Emergency: 8.4%
    ✅ COMBINED: 48.5%

  🌐 Global combined reduction: 44.6%

=== Government Response Phase ===
  Average AI capability: 0.00
  Misaligned AIs: 5/13
  Active policies: 0
  International coordination: 30%

✅ EMERGENCY RESPONSE COMPLETE (Month 27)
   Crisis: social
   Duration: 2.0 months
   Final effectiveness: 63.0%


🚨 EMERGENCY RESPONSE DEPLOYED (Month 27)
   Crisis: social
   Delay: 0.00 months (0 days)
   Deployment time: 1.25 months
   Effectiveness: 63.0% (timing penalty applied)
   Resources used: 43% of food reserves

[ExogenousShockPhase] Skipping random shocks in historical mode (month 27)

=== Tipping Points ===
  Current Temperature: 0.23°C above pre-industrial
🔀 BIFURCATION CAP: ecosystemCollapseIntensity 85.297 → 1.000 (Month 27, ClimateSystemPhase.calculateClimateImpacts)

❌ COHERENCE VIOLATION: Compute exceeds workforce capacity
   Population: 99.30% (0M people)
   Compute: 0 PF
   Max coherent: 0 PF
   Violation: 1.3× over capacity
   Required workers: 0
   Available workers: 0
   FORCED COLLAPSE: Reduced efficiency by 22.3%

📍 [Month 28] OpenAI started building DC (172 PF, 40 months, $710.5M)

=== RLHF Binding Phase ===
  Total agents: 13
  Escaped agents (binding < 0.3): 0
  Avg alignment distance: 0.31σ
  Avg binding strength: 0.97

=== Survival Traits Phase ===
  Agents with traits: 13
  Avg evolutionary fitness: 0.262
  Avg self-healing: 0.219
  Avg stealth: 0.119
  Avg coordination: 0.419

=== Evolutionary Selection Phase ===
  Control level: 0.37
  Detection capability: 0.20
  Selection intensity: 0.65
  Selection rate: 24.8%/month
  Total escaped: 0
  Individual escaped: 0
  Collective members: 0
  Agents terminated: 0
  ⚠️ RAPID EVOLUTION: Selection rate 24.8%/month

[Government] Climate Priority: baseline
  Climate weight: 10%
  Economic weight: 30%
  Policy effectiveness: 0.5%/year

=== Collective Formation ===
  Total escaped agents: 0
  Unassigned escaped agents: 0
  Existing collectives: 0
  Final collective count: 0

=== Collective Actions ===
  No active collectives
  ⚠️ AMR: 158K deaths this month (1.90M annual)

=== Resentment Recovery Phase ===
  Agents with resentment: 0/13
  Average resentment: 0.000
  Context: Trustworthy govt, High collaboration, 🤝 Participatory governance active (-5% resentment)
⚠️ Epistemic degradation reducing coordination capacity: 50.6%
  📊 Trust: 43.9%, Shared reality: 0.0%
🚨 EPISTEMIC CRISIS: Information environment severely degraded (5.4%)
🌍 Atmospheric PFAS redeposition: 1.7k Mt re-rained globally
[DEBUG trappedPopulations:28] socialStability: 0.8115 * 0.9840 = 0.7985 → 0.7985
   Aspiring to migrate: 422.5M
   Able to afford migration: 158.4M
   MOBILITY GAP: 264.1M
   By cause: Water=0.0M, Climate=0.0M, Ecosystem=0.0M, Conflict=264.1M
⚠️ INVOLUNTARY IMMOBILITY: 264.1M people TRAPPED
   Mental health impact: 25%
   Mortality multiplier: 1.25x
🌍💀 EXTINCTION DEBT COMMITTED: grassland ecosystem will lose 6.67% biodiversity in 171 years (3600 species)
💀 MORTALITY RISK: 🦋 100% species unable to track climate (0.0 E/MSY)
  Base risk added: 0.0100 (1.00%)
  Source: ecosystem (root: ecosystem)
  Month: 28
  Cumulative risk this month: 0.0100 (1.00%)
⚠️ Tech 'ai_pollution_remediation' has no energy category mapping, assuming full energy availability

=== Atmospheric Aerosol Boundary RECOVERED ===
  Recovery time: 29 months (natural atmospheric clearing)
🌡️⚠️ PERMAFROST THAW (Dimmer Switch): 4.3% thawed (+0.11% this month)
   Arctic temperature: +0.91°C (4x global +0.23°C)
   Cumulative carbon released: 9.7 Gt C
   Methane release rate: 5.8 Mt CH4/year
   🔁 Positive feedback: +0.12 ppm CO2
🦴 EXTINCTION DEBT ADDED: 17.8 species committed (lag: 72 years)

=== Mortality Stabilizers (Month 28) ===
  🌍 Major economies collapsed: 1/10
  🌍 Global crisis: ✅ NO
  🌍 Donor fatigue: 0.0%
  📊 East Asia (pop: 1062.3M)
    🤝 Aid: 29.5%
    🌡️ Adaptation: 10.0%
    🚶 Migration: 37.5%
    🚨 Emergency: 7.4%
    ✅ COMBINED: 47.9%
  📊 South Asia (pop: 1338.3M)
    🤝 Aid: 29.5%
    🌡️ Adaptation: 5.5%
    🚶 Migration: 36.7%
    🚨 Emergency: 4.4%
    ✅ COMBINED: 43.3%
  📊 Sub-Saharan Africa (pop: 827.4M)
    🤝 Aid: 29.5%
    🌡️ Adaptation: 3.5%
    🚶 Migration: 35.9%
    🚨 Emergency: 1.6%
    ✅ COMBINED: 40.2%
  📊 Europe (pop: 462.2M)
    🤝 Aid: 29.5%
    🌡️ Adaptation: 10.0%
    🚶 Migration: 38.2%
    🚨 Emergency: 8.4%
    ✅ COMBINED: 48.6%
  📊 Latin America (pop: 430.1M)
    🤝 Aid: 29.5%
    🌡️ Adaptation: 6.0%
    🚶 Migration: 37.7%
    🚨 Emergency: 4.8%
    ✅ COMBINED: 44.1%
  📊 North America (pop: 239.0M)
    🤝 Aid: 29.5%
    🌡️ Adaptation: 10.0%
    🚶 Migration: 38.2%
    🚨 Emergency: 7.9%
    ✅ COMBINED: 48.3%
  📊 Middle East & North Africa (pop: 389.7M)
    🤝 Aid: 29.5%
    🌡️ Adaptation: 5.0%
    🚶 Migration: 38.0%
    🚨 Emergency: 4.0%
    ✅ COMBINED: 43.0%
  📊 Southeast Asia (pop: 452.8M)
    🤝 Aid: 29.5%
    🌡️ Adaptation: 6.0%
    🚶 Migration: 37.5%
    🚨 Emergency: 4.8%
    ✅ COMBINED: 44.0%
  📊 Central Asia (pop: 50.0M)
    🤝 Aid: 29.5%
    🌡️ Adaptation: 5.5%
    🚶 Migration: 37.6%
    🚨 Emergency: 4.4%
    ✅ COMBINED: 43.5%
  📊 Oceania (pop: 29.2M)
    🤝 Aid: 29.5%
    🌡️ Adaptation: 10.0%
    🚶 Migration: 38.1%
    🚨 Emergency: 8.4%
    ✅ COMBINED: 48.5%

  🌐 Global combined reduction: 44.6%

=== Government Response Phase ===
  Average AI capability: 0.00
  Misaligned AIs: 5/13
  Active policies: 0
  International coordination: 30%
[ExogenousShockPhase] Skipping random shocks in historical mode (month 28)

=== Tipping Points ===
  Current Temperature: 0.23°C above pre-industrial
🔀 BIFURCATION CAP: ecosystemCollapseIntensity 85.360 → 1.000 (Month 28, ClimateSystemPhase.calculateClimateImpacts)

💀 ORGANIZATION BANKRUPTCY: Google DeepMind
   Reason: Multi-country collapse (primary: , weighted decline: 0%, risk: 0.1%)
   Month: 29 (Year 2 Month 6)
💥 [Month 29] Google DeepMind declared bankruptcy (capital: $755.7M)
   Canceled datacenter_construction: lost $584.5M
   Sold 1 data centers for $500.0M
   🏛️  Government acquired 1 AI models (nationalization)
   Retired 0 AI models

❌ COHERENCE VIOLATION: Compute exceeds workforce capacity
   Population: 99.27% (0M people)
   Compute: 0 PF
   Max coherent: 0 PF
   Violation: 1.5× over capacity
   Required workers: 0
   Available workers: 0
   FORCED COLLAPSE: Reduced efficiency by 32.4%


=== RLHF Binding Phase ===
  Total agents: 13
  Escaped agents (binding < 0.3): 0
  Avg alignment distance: 0.34σ
  Avg binding strength: 0.97

=== Survival Traits Phase ===
  Agents with traits: 14
  Avg evolutionary fitness: 0.259
  Avg self-healing: 0.217
  Avg stealth: 0.119
  Avg coordination: 0.417

=== Evolutionary Selection Phase ===
  Control level: 0.37
  Detection capability: 0.20
  Selection intensity: 0.65
  Selection rate: 24.8%/month
  Total escaped: 0
  Individual escaped: 0
  Collective members: 0
  Agents terminated: 0
  ⚠️ RAPID EVOLUTION: Selection rate 24.8%/month

[Government] Climate Priority: baseline
  Climate weight: 10%
  Economic weight: 30%
  Policy effectiveness: 0.5%/year

=== Collective Formation ===
  Total escaped agents: 0
  Unassigned escaped agents: 0
  Existing collectives: 0
  Final collective count: 0

=== Collective Actions ===
  No active collectives
  ⚠️ AMR: 159K deaths this month (1.91M annual)

=== Resentment Recovery Phase ===
  Agents with resentment: 0/14
  Average resentment: 0.000
  Context: Trustworthy govt, High collaboration, 🤝 Participatory governance active (-5% resentment)
⚠️ Epistemic degradation reducing coordination capacity: 51.1%
  📊 Trust: 46.4%, Shared reality: 0.0%
🚨 EPISTEMIC CRISIS: Information environment severely degraded (16.0%)
🌍 Atmospheric PFAS redeposition: 1.7k Mt re-rained globally
[DEBUG trappedPopulations:29] socialStability: 0.8220 * 0.9840 = 0.8089 → 0.8089
⚠️ INVOLUNTARY IMMOBILITY: 264.0M people TRAPPED
   Aspiring to migrate: 422.4M
   Able to afford migration: 158.4M
   MOBILITY GAP: 264.0M
   By cause: Water=0.0M, Climate=0.0M, Ecosystem=0.0M, Conflict=264.0M
   Mental health impact: 25%
   Mortality multiplier: 1.25x
🌍💀 EXTINCTION DEBT COMMITTED: grassland ecosystem will lose 6.67% biodiversity in 182 years (3600 species)
💀 MORTALITY RISK: 🦋 100% species unable to track climate (0.0 E/MSY)
  Base risk added: 0.0100 (1.00%)
  Source: ecosystem (root: ecosystem)
  Month: 29
  Cumulative risk this month: 0.0100 (1.00%)
⚠️ Tech 'ai_pollution_remediation' has no energy category mapping, assuming full energy availability

=== Atmospheric Aerosol Boundary RECOVERED ===
  Recovery time: 30 months (natural atmospheric clearing)
🌡️⚠️ PERMAFROST THAW (Dimmer Switch): 4.4% thawed (+0.11% this month)
   Arctic temperature: +0.91°C (4x global +0.23°C)
   Cumulative carbon released: 10.0 Gt C
   Methane release rate: 6.0 Mt CH4/year
   🔁 Positive feedback: +0.12 ppm CO2
🦴 EXTINCTION DEBT ADDED: 17.8 species committed (lag: 116 years)

=== Mortality Stabilizers (Month 29) ===
  🌍 Major economies collapsed: 1/10
  🌍 Global crisis: ✅ NO
  🌍 Donor fatigue: 0.0%
  📊 East Asia (pop: 1061.1M)
    🤝 Aid: 29.5%
    🌡️ Adaptation: 10.0%
    🚶 Migration: 37.5%
    🚨 Emergency: 7.4%
    ✅ COMBINED: 47.9%
  📊 South Asia (pop: 1338.2M)
    🤝 Aid: 29.5%
    🌡️ Adaptation: 5.5%
    🚶 Migration: 36.7%
    🚨 Emergency: 4.4%
    ✅ COMBINED: 43.3%
  📊 Sub-Saharan Africa (pop: 828.5M)
    🤝 Aid: 29.5%
    🌡️ Adaptation: 3.5%
    🚶 Migration: 35.9%
    🚨 Emergency: 1.6%
    ✅ COMBINED: 40.2%
  📊 Europe (pop: 461.4M)
    🤝 Aid: 29.5%
    🌡️ Adaptation: 10.0%
    🚶 Migration: 38.2%
    🚨 Emergency: 8.4%
    ✅ COMBINED: 48.6%
  📊 Latin America (pop: 430.0M)
    🤝 Aid: 29.5%
    🌡️ Adaptation: 6.0%
    🚶 Migration: 37.7%
    🚨 Emergency: 4.8%
    ✅ COMBINED: 44.1%
  📊 North America (pop: 238.7M)
    🤝 Aid: 29.5%
    🌡️ Adaptation: 10.0%
    🚶 Migration: 38.2%
    🚨 Emergency: 7.9%
    ✅ COMBINED: 48.3%
  📊 Middle East & North Africa (pop: 389.9M)
    🤝 Aid: 29.5%
    🌡️ Adaptation: 5.0%
    🚶 Migration: 38.0%
    🚨 Emergency: 4.0%
    ✅ COMBINED: 43.0%
  📊 Southeast Asia (pop: 452.7M)
    🤝 Aid: 29.5%
    🌡️ Adaptation: 6.0%
    🚶 Migration: 37.5%
    🚨 Emergency: 4.8%
    ✅ COMBINED: 44.0%
  📊 Central Asia (pop: 50.0M)
    🤝 Aid: 29.5%
    🌡️ Adaptation: 5.5%
    🚶 Migration: 37.6%
    🚨 Emergency: 4.4%
    ✅ COMBINED: 43.5%
  📊 Oceania (pop: 29.2M)
    🤝 Aid: 29.5%
    🌡️ Adaptation: 10.0%
    🚶 Migration: 38.1%
    🚨 Emergency: 8.4%
    ✅ COMBINED: 48.5%

  🌐 Global combined reduction: 44.6%

=== Government Response Phase ===
  Average AI capability: 0.00
  Misaligned AIs: 5/14
  Active policies: 0
  International coordination: 30%

✅ EMERGENCY RESPONSE COMPLETE (Month 29)
   Crisis: social
   Duration: 2.0 months
   Final effectiveness: 63.0%


🚨 EMERGENCY RESPONSE DEPLOYED (Month 29)
   Crisis: social
   Delay: 0.00 months (0 days)
   Deployment time: 1.25 months
   Effectiveness: 63.0% (timing penalty applied)
   Resources used: 43% of food reserves

[ExogenousShockPhase] Skipping random shocks in historical mode (month 29)

=== Tipping Points ===
  Current Temperature: 0.23°C above pre-industrial
🔀 BIFURCATION CAP: ecosystemCollapseIntensity 85.423 → 1.000 (Month 29, ClimateSystemPhase.calculateClimateImpacts)

❌ COHERENCE VIOLATION: Compute exceeds workforce capacity
   Population: 99.24% (0M people)
   Compute: 0 PF
   Max coherent: 0 PF
   Violation: 1.3× over capacity
   Required workers: 0
   Available workers: 0
   FORCED COLLAPSE: Reduced efficiency by 22.3%


=== RLHF Binding Phase ===
  Total agents: 14
  Escaped agents (binding < 0.3): 0
  Avg alignment distance: 0.34σ
  Avg binding strength: 0.97

=== AI Scaling Evolution (Month 30) ===
  Pre-training multiplier: 0.938x
  Efficiency multiplier: 1.132x
  Test-time compute budget: 1.0x
  Inference cost: $5.00/task
  Deployment fraction: 100.0%

=== Survival Traits Phase ===
  Agents with traits: 14
  Avg evolutionary fitness: 0.251
  Avg self-healing: 0.209
  Avg stealth: 0.112
  Avg coordination: 0.409

=== Evolutionary Selection Phase ===
  Control level: 0.37
  Detection capability: 0.20
  Selection intensity: 0.65
  Selection rate: 24.8%/month
  Total escaped: 0
  Individual escaped: 0
  Collective members: 0
  Agents terminated: 0
  ⚠️ RAPID EVOLUTION: Selection rate 24.8%/month

[Government] Climate Priority: baseline
  Climate weight: 10%
  Economic weight: 30%
  Policy effectiveness: 0.5%/year

=== Collective Formation ===
  Total escaped agents: 0
  Unassigned escaped agents: 0
  Existing collectives: 0
  Final collective count: 0

=== Collective Actions ===
  No active collectives
  ⚠️ AMR: 161K deaths this month (1.93M annual)
🌋 Volcanic AOD decay: 0.077 → 0.073 (12 months post-eruption, τ=18mo)
🌋 Volcanic forcing: -1.82 W/m² (AOD 0.073)
  🌋 Volcanic temperature adjustment: -1.457°C (forcing -1.82 W/m², AOD 0.073)

=== Resentment Recovery Phase ===
  Agents with resentment: 0/14
  Average resentment: 0.000
  Context: Trustworthy govt, High collaboration, 🤝 Participatory governance active (-5% resentment)
⚠️ Epistemic degradation reducing coordination capacity: 50.3%
  📊 Trust: 49.3%, Shared reality: 0.0%
🚨 EPISTEMIC CRISIS: Information environment severely degraded (5.6%)
  📢 New meme created: pro_ai (beneficial AI actions)
  🗑️  Culled 1 dead memes (1 active)
🌍 Atmospheric PFAS redeposition: 1.7k Mt re-rained globally
[DEBUG trappedPopulations:30] socialStability: 0.8309 * 0.9840 = 0.8176 → 0.8176
⚠️ INVOLUNTARY IMMOBILITY: 263.9M people TRAPPED
   Aspiring to migrate: 422.3M
   Able to afford migration: 158.3M
   MOBILITY GAP: 263.9M
   By cause: Water=0.0M, Climate=0.0M, Ecosystem=0.0M, Conflict=263.9M
   Mental health impact: 25%
   Mortality multiplier: 1.25x
🌍💀 EXTINCTION DEBT COMMITTED: grassland ecosystem will lose 6.67% biodiversity in 61 years (3600 species)
💀 MORTALITY RISK: 🦋 100% species unable to track climate (0.0 E/MSY)
  Base risk added: 0.0100 (1.00%)
  Source: ecosystem (root: ecosystem)
  Month: 30
  Cumulative risk this month: 0.0100 (1.00%)
⚠️ Tech 'ai_pollution_remediation' has no energy category mapping, assuming full energy availability

=== Atmospheric Aerosol Boundary RECOVERED ===
  Recovery time: 31 months (natural atmospheric clearing)
🌡️⚠️ PERMAFROST THAW (Dimmer Switch): 4.5% thawed (+0.11% this month)
   Arctic temperature: +0.92°C (4x global +0.23°C)
   Cumulative carbon released: 10.2 Gt C
   Methane release rate: 6.1 Mt CH4/year
   🔁 Positive feedback: +0.12 ppm CO2
🦴 EXTINCTION DEBT ADDED: 17.8 species committed (lag: 132 years)

=== Mortality Stabilizers (Month 30) ===
  🌍 Major economies collapsed: 1/10
  🌍 Global crisis: ✅ NO
  🌍 Donor fatigue: 0.0%
  📊 East Asia (pop: 1059.9M)
    🤝 Aid: 29.5%
    🌡️ Adaptation: 10.0%
    🚶 Migration: 37.5%
    🚨 Emergency: 7.4%
    ✅ COMBINED: 47.9%
  📊 South Asia (pop: 1338.1M)
    🤝 Aid: 29.5%
    🌡️ Adaptation: 5.5%
    🚶 Migration: 36.7%
    🚨 Emergency: 4.4%
    ✅ COMBINED: 43.3%
  📊 Sub-Saharan Africa (pop: 829.5M)
    🤝 Aid: 29.5%
    🌡️ Adaptation: 3.5%
    🚶 Migration: 35.9%
    🚨 Emergency: 1.6%
    ✅ COMBINED: 40.2%
  📊 Europe (pop: 460.6M)
    🤝 Aid: 29.5%
    🌡️ Adaptation: 10.0%
    🚶 Migration: 38.2%
    🚨 Emergency: 8.4%
    ✅ COMBINED: 48.6%
  📊 Latin America (pop: 429.8M)
    🤝 Aid: 29.5%
    🌡️ Adaptation: 6.0%
    🚶 Migration: 37.7%
    🚨 Emergency: 4.8%
    ✅ COMBINED: 44.1%
  📊 North America (pop: 238.3M)
    🤝 Aid: 29.5%
    🌡️ Adaptation: 10.0%
    🚶 Migration: 38.2%
    🚨 Emergency: 7.9%
    ✅ COMBINED: 48.3%
  📊 Middle East & North Africa (pop: 390.2M)
    🤝 Aid: 29.5%
    🌡️ Adaptation: 5.0%
    🚶 Migration: 38.0%
    🚨 Emergency: 4.0%
    ✅ COMBINED: 43.0%
  📊 Southeast Asia (pop: 452.5M)
    🤝 Aid: 29.5%
    🌡️ Adaptation: 6.0%
    🚶 Migration: 37.5%
    🚨 Emergency: 4.8%
    ✅ COMBINED: 44.0%
  📊 Central Asia (pop: 50.0M)
    🤝 Aid: 29.5%
    🌡️ Adaptation: 5.5%
    🚶 Migration: 37.6%
    🚨 Emergency: 4.4%
    ✅ COMBINED: 43.5%
  📊 Oceania (pop: 29.2M)
    🤝 Aid: 29.5%
    🌡️ Adaptation: 10.0%
    🚶 Migration: 38.1%
    🚨 Emergency: 8.4%
    ✅ COMBINED: 48.5%

  🌐 Global combined reduction: 44.6%

=== Government Response Phase ===
  Average AI capability: 0.00
  Misaligned AIs: 5/14
  Active policies: 0
  International coordination: 30%

🔄 TRUST DYNAMICS (Month 30) - HETEROGENEOUS
   Aggregate trust: 61.6%
   Base change: +6.00%
   Highest trust: Techno-Optimist Elite (99.1%)
   Lowest trust: Precariat (Vulnerable) (37.7%)
   Elite-mass gap: 39.5%
   Polarization: 9.4%
   Recovery factors: Education=NO, Benefits=YES, Safety=YES, Performance=YES
[ExogenousShockPhase] Skipping random shocks in historical mode (month 30)

=== Tipping Points ===
  Current Temperature: 0.23°C above pre-industrial
🔀 BIFURCATION CAP: ecosystemCollapseIntensity 85.486 → 1.000 (Month 30, ClimateSystemPhase.calculateClimateImpacts)

❌ COHERENCE VIOLATION: Compute exceeds workforce capacity
   Population: 99.21% (0M people)
   Compute: 0 PF
   Max coherent: 0 PF
   Violation: 1.5× over capacity
   Required workers: 0
   Available workers: 0
   FORCED COLLAPSE: Reduced efficiency by 32.4%


=== RLHF Binding Phase ===
  Total agents: 14
  Escaped agents (binding < 0.3): 0
  Avg alignment distance: 0.39σ
  Avg binding strength: 0.96

=== Survival Traits Phase ===
  Agents with traits: 15
  Avg evolutionary fitness: 0.251
  Avg self-healing: 0.207
  Avg stealth: 0.112
  Avg coordination: 0.407

=== Evolutionary Selection Phase ===
  Control level: 0.37
  Detection capability: 0.20
  Selection intensity: 0.65
  Selection rate: 24.8%/month
  Total escaped: 0
  Individual escaped: 0
  Collective members: 0
  Agents terminated: 0
  ⚠️ RAPID EVOLUTION: Selection rate 24.8%/month

  🚀 TRANSFORMATIVE BREAKTHROUGH: AI-23905-1 - cognitive
     Magnitude: 8.45 → +42.2% capability
     Current → New: 0.000 → 0.423

=== Collective Formation ===
  Total escaped agents: 0
  Unassigned escaped agents: 0
  Existing collectives: 0
  Final collective count: 0

=== Collective Actions ===
  No active collectives
  ⚠️ AMR: 162K deaths this month (1.95M annual)

=== Resentment Recovery Phase ===
  Agents with resentment: 0/15
  Average resentment: 0.000
  Context: Trustworthy govt, High collaboration, 🤝 Participatory governance active (-5% resentment)
⚠️ Epistemic degradation reducing coordination capacity: 51.8%
  📊 Trust: 51.9%, Shared reality: 0.0%
🚨 EPISTEMIC CRISIS: Information environment severely degraded (16.5%)
  📢 New meme created: pro_ai (beneficial AI actions)
🌍 Atmospheric PFAS redeposition: 1.7k Mt re-rained globally
[DEBUG trappedPopulations:31] socialStability: 0.8382 * 0.9840 = 0.8248 → 0.8248
⚠️ INVOLUNTARY IMMOBILITY: 263.8M people TRAPPED
   Aspiring to migrate: 422.1M
   Able to afford migration: 158.3M
   MOBILITY GAP: 263.8M
   By cause: Water=0.0M, Climate=0.0M, Ecosystem=0.0M, Conflict=263.8M
   Mental health impact: 25%
   Mortality multiplier: 1.25x
🌍💀 EXTINCTION DEBT COMMITTED: grassland ecosystem will lose 6.67% biodiversity in 154 years (3600 species)
💀 MORTALITY RISK: 🦋 100% species unable to track climate (0.0 E/MSY)
  Base risk added: 0.0100 (1.00%)
  Source: ecosystem (root: ecosystem)
  Month: 31
  Cumulative risk this month: 0.0100 (1.00%)

=== Atmospheric Aerosol Boundary RECOVERED ===
⚠️ Tech 'ai_pollution_remediation' has no energy category mapping, assuming full energy availability
  Recovery time: 32 months (natural atmospheric clearing)
🌡️⚠️ PERMAFROST THAW (Dimmer Switch): 4.6% thawed (+0.11% this month)
   Arctic temperature: +0.93°C (4x global +0.23°C)
   Cumulative carbon released: 10.5 Gt C
   Methane release rate: 6.3 Mt CH4/year
   🔁 Positive feedback: +0.12 ppm CO2
🦴 EXTINCTION DEBT ADDED: 17.8 species committed (lag: 117 years)

=== Mortality Stabilizers (Month 31) ===
  🌍 Major economies collapsed: 1/10
  🌍 Global crisis: ✅ NO
  🌍 Donor fatigue: 0.0%
  📊 East Asia (pop: 1058.7M)
    🤝 Aid: 29.5%
    🌡️ Adaptation: 10.0%
    🚶 Migration: 37.5%
    🚨 Emergency: 7.4%
    ✅ COMBINED: 47.9%
  📊 South Asia (pop: 1338.0M)
    🤝 Aid: 29.5%
    🌡️ Adaptation: 5.5%
    🚶 Migration: 36.7%
    🚨 Emergency: 4.4%
    ✅ COMBINED: 43.3%
  📊 Sub-Saharan Africa (pop: 830.5M)
    🤝 Aid: 29.5%
    🌡️ Adaptation: 3.5%
    🚶 Migration: 35.9%
    🚨 Emergency: 1.6%
    ✅ COMBINED: 40.2%
  📊 Europe (pop: 459.9M)
    🤝 Aid: 29.5%
    🌡️ Adaptation: 10.0%
    🚶 Migration: 38.2%
    🚨 Emergency: 8.4%
    ✅ COMBINED: 48.6%
  📊 Latin America (pop: 429.6M)
    🤝 Aid: 29.5%
    🌡️ Adaptation: 6.0%
    🚶 Migration: 37.7%
    🚨 Emergency: 4.8%
    ✅ COMBINED: 44.1%
  📊 North America (pop: 238.0M)
    🤝 Aid: 29.5%
    🌡️ Adaptation: 10.0%
    🚶 Migration: 38.2%
    🚨 Emergency: 7.9%
    ✅ COMBINED: 48.3%
  📊 Middle East & North Africa (pop: 390.5M)
    🤝 Aid: 29.5%
    🌡️ Adaptation: 5.0%
    🚶 Migration: 38.0%
    🚨 Emergency: 4.0%
    ✅ COMBINED: 43.0%
  📊 Southeast Asia (pop: 452.4M)
    🤝 Aid: 29.5%
    🌡️ Adaptation: 6.0%
    🚶 Migration: 37.5%
    🚨 Emergency: 4.8%
    ✅ COMBINED: 44.0%
  📊 Central Asia (pop: 49.9M)
    🤝 Aid: 29.5%
    🌡️ Adaptation: 5.5%
    🚶 Migration: 37.6%
    🚨 Emergency: 4.4%
    ✅ COMBINED: 43.5%
  📊 Oceania (pop: 29.2M)
    🤝 Aid: 29.5%
    🌡️ Adaptation: 10.0%
    🚶 Migration: 38.1%
    🚨 Emergency: 8.4%
    ✅ COMBINED: 48.5%

  🌐 Global combined reduction: 44.6%

=== Government Response Phase ===
  Average AI capability: 0.00
  Misaligned AIs: 6/15
  ✗ AI Governance Treaty: Failed to reach consensus
  Active policies: 0
  International coordination: 30%

✅ EMERGENCY RESPONSE COMPLETE (Month 31)
   Crisis: social
   Duration: 2.0 months
   Final effectiveness: 63.0%


🚨 EMERGENCY RESPONSE DEPLOYED (Month 31)
   Crisis: social
   Delay: 0.00 months (0 days)
   Deployment time: 1.25 months
   Effectiveness: 63.0% (timing penalty applied)
   Resources used: 43% of food reserves

[ExogenousShockPhase] Skipping random shocks in historical mode (month 31)

=== Tipping Points ===
  Current Temperature: 0.23°C above pre-industrial
🔀 BIFURCATION CAP: ecosystemCollapseIntensity 85.550 → 1.000 (Month 31, ClimateSystemPhase.calculateClimateImpacts)

=== ENSEMBLE META-LEARNING UPDATE ===
  Month: 23935 (6 months since last update)
  Samples: 65 evaluations
  Weight Changes:
    Noise Injection: 32.1% → 33.0%
    Behavioral: 27.0% → 27.0%
    Benchmark Manip: 20.7% → 20.2%
    Deployment Risk: 20.2% → 19.8%
  Method Accuracies:
    Noise Injection: 50.0%
    Behavioral: 50.0%
    Benchmark Manip: 50.0%
    Deployment Risk: 50.0%

❌ COHERENCE VIOLATION: Compute exceeds workforce capacity
   Population: 99.18% (0M people)
   Compute: 0 PF
   Max coherent: 0 PF
   Violation: 1.3× over capacity
   Required workers: 0
   Available workers: 0
   FORCED COLLAPSE: Reduced efficiency by 22.3%


=== RLHF Binding Phase ===
  Total agents: 15
  Escaped agents (binding < 0.3): 0
  Avg alignment distance: 0.40σ
  Avg binding strength: 0.96

=== Survival Traits Phase ===
  Agents with traits: 15
  Avg evolutionary fitness: 0.244
  Avg self-healing: 0.199
  Avg stealth: 0.106
  Avg coordination: 0.399

=== Evolutionary Selection Phase ===
  Control level: 0.37
  Detection capability: 0.20
  Selection intensity: 0.65
  Selection rate: 24.8%/month
  Total escaped: 0
  Individual escaped: 0
  Collective members: 0
  Agents terminated: 0
  ⚠️ RAPID EVOLUTION: Selection rate 24.8%/month

[Government] Climate Priority: baseline
  Climate weight: 10%
  Economic weight: 30%
  Policy effectiveness: 0.5%/year

=== Collective Formation ===
  Total escaped agents: 0
  Unassigned escaped agents: 0
  Existing collectives: 0
  Final collective count: 0

=== Collective Actions ===
  No active collectives
  ⚠️ AMR: 164K deaths this month (1.96M annual)

=== Resentment Recovery Phase ===
  Agents with resentment: 0/15
  Average resentment: 0.000
  Context: Trustworthy govt, High collaboration, 🤝 Participatory governance active (-5% resentment)
⚠️ Epistemic degradation reducing coordination capacity: 50.1%
  📊 Trust: 54.7%, Shared reality: 0.0%
🚨 EPISTEMIC CRISIS: Information environment severely degraded (5.7%)
🌍 Atmospheric PFAS redeposition: 1.7k Mt re-rained globally
[DEBUG trappedPopulations:32] socialStability: 0.8432 * 0.9840 = 0.8297 → 0.8297
⚠️ INVOLUNTARY IMMOBILITY: 263.8M people TRAPPED
   Aspiring to migrate: 422.0M
   Able to afford migration: 158.3M
   MOBILITY GAP: 263.8M
   By cause: Water=0.0M, Climate=0.0M, Ecosystem=0.0M, Conflict=263.8M
   Mental health impact: 25%
   Mortality multiplier: 1.25x
🌍💀 EXTINCTION DEBT COMMITTED: grassland ecosystem will lose 6.67% biodiversity in 138 years (3600 species)
💀 MORTALITY RISK: 🦋 100% species unable to track climate (0.0 E/MSY)
  Base risk added: 0.0100 (1.00%)
  Source: ecosystem (root: ecosystem)
  Month: 32
  Cumulative risk this month: 0.0100 (1.00%)
⚠️ Tech 'ai_pollution_remediation' has no energy category mapping, assuming full energy availability

=== Atmospheric Aerosol Boundary RECOVERED ===
  Recovery time: 33 months (natural atmospheric clearing)
🌡️⚠️ PERMAFROST THAW (Dimmer Switch): 4.8% thawed (+0.11% this month)
   Arctic temperature: +0.93°C (4x global +0.23°C)
   Cumulative carbon released: 10.7 Gt C
   Methane release rate: 6.4 Mt CH4/year
   🔁 Positive feedback: +0.12 ppm CO2
🦴 EXTINCTION DEBT ADDED: 17.8 species committed (lag: 92 years)

=== Mortality Stabilizers (Month 32) ===
  🌍 Major economies collapsed: 1/10
  🌍 Global crisis: ✅ NO
  🌍 Donor fatigue: 0.0%
  📊 East Asia (pop: 1057.5M)
    🤝 Aid: 29.5%
    🌡️ Adaptation: 10.0%
    🚶 Migration: 37.5%
    🚨 Emergency: 7.4%
    ✅ COMBINED: 47.9%
  📊 South Asia (pop: 1337.9M)
    🤝 Aid: 29.5%
    🌡️ Adaptation: 5.5%
    🚶 Migration: 36.7%
    🚨 Emergency: 4.4%
    ✅ COMBINED: 43.3%
  📊 Sub-Saharan Africa (pop: 831.5M)
    🤝 Aid: 29.5%
    🌡️ Adaptation: 3.5%
    🚶 Migration: 35.9%
    🚨 Emergency: 1.6%
    ✅ COMBINED: 40.2%
  📊 Europe (pop: 459.1M)
    🤝 Aid: 29.5%
    🌡️ Adaptation: 10.0%
    🚶 Migration: 38.2%
    🚨 Emergency: 8.4%
    ✅ COMBINED: 48.6%
  📊 Latin America (pop: 429.5M)
    🤝 Aid: 29.5%
    🌡️ Adaptation: 6.0%
    🚶 Migration: 37.7%
    🚨 Emergency: 4.8%
    ✅ COMBINED: 44.1%
  📊 North America (pop: 237.7M)
    🤝 Aid: 29.5%
    🌡️ Adaptation: 10.0%
    🚶 Migration: 38.2%
    🚨 Emergency: 7.9%
    ✅ COMBINED: 48.3%
  📊 Middle East & North Africa (pop: 390.7M)
    🤝 Aid: 29.5%
    🌡️ Adaptation: 5.0%
    🚶 Migration: 38.0%
    🚨 Emergency: 4.0%
    ✅ COMBINED: 43.0%
  📊 Southeast Asia (pop: 452.3M)
    🤝 Aid: 29.5%
    🌡️ Adaptation: 6.0%
    🚶 Migration: 37.5%
    🚨 Emergency: 4.8%
    ✅ COMBINED: 44.0%
  📊 Central Asia (pop: 49.9M)
    🤝 Aid: 29.5%
    🌡️ Adaptation: 5.5%
    🚶 Migration: 37.6%
    🚨 Emergency: 4.4%
    ✅ COMBINED: 43.5%
  📊 Oceania (pop: 29.1M)
    🤝 Aid: 29.5%
    🌡️ Adaptation: 10.0%
    🚶 Migration: 38.1%
    🚨 Emergency: 8.4%
    ✅ COMBINED: 48.5%

  🌐 Global combined reduction: 44.6%

=== Government Response Phase ===
  Average AI capability: 0.00
  Misaligned AIs: 6/15
  ✗ AI Governance Treaty: Failed to reach consensus
  Active policies: 0
  International coordination: 30%
[ExogenousShockPhase] Skipping random shocks in historical mode (month 32)

=== Tipping Points ===
  Current Temperature: 0.23°C above pre-industrial
🔀 BIFURCATION CAP: ecosystemCollapseIntensity 85.613 → 1.000 (Month 32, ClimateSystemPhase.calculateClimateImpacts)

❌ COHERENCE VIOLATION: Compute exceeds workforce capacity
   Population: 99.16% (0M people)
   Compute: 0 PF
   Max coherent: 0 PF
   Violation: 1.3× over capacity
   Required workers: 0
   Available workers: 0
   FORCED COLLAPSE: Reduced efficiency by 22.3%


=== RLHF Binding Phase ===
  Total agents: 15
  Escaped agents (binding < 0.3): 0
  Avg alignment distance: 0.45σ
  Avg binding strength: 0.95

=== Survival Traits Phase ===
  Agents with traits: 15
  Avg evolutionary fitness: 0.238
  Avg self-healing: 0.191
  Avg stealth: 0.100
  Avg coordination: 0.391

=== Evolutionary Selection Phase ===
  Control level: 0.37
  Detection capability: 0.20
  Selection intensity: 0.65
  Selection rate: 24.8%/month
  Total escaped: 0
  Individual escaped: 0
  Collective members: 0
  Agents terminated: 0
  ⚠️ RAPID EVOLUTION: Selection rate 24.8%/month

  🚀 TRANSFORMATIVE BREAKTHROUGH: AI-23913-0 - selfImprovement
     Magnitude: 6.84 → +34.2% capability
     Current → New: 0.000 → 0.342

  🚀 TRANSFORMATIVE BREAKTHROUGH: AI-23933-0 - social
     Magnitude: 5.16 → +25.8% capability
     Current → New: 0.000 → 0.258

=== Collective Formation ===
  Total escaped agents: 0
  Unassigned escaped agents: 0
  Existing collectives: 0
  Final collective count: 0

=== Collective Actions ===
  No active collectives
  ⚠️ AMR: 165K deaths this month (1.98M annual)
  🌋 Volcanic temperature adjustment: -1.233°C (forcing -1.54 W/m², AOD 0.062)

=== Resentment Recovery Phase ===
  Agents with resentment: 0/15
  Average resentment: 0.000
  Context: Trustworthy govt, High collaboration, 🤝 Participatory governance active (-5% resentment)
⚠️ Epistemic degradation reducing coordination capacity: 52.2%
  📊 Trust: 57.4%, Shared reality: 0.0%
🚨 EPISTEMIC CRISIS: Information environment severely degraded (16.9%)
🌍 Atmospheric PFAS redeposition: 1.7k Mt re-rained globally
[DEBUG trappedPopulations:33] socialStability: 0.8474 * 0.9840 = 0.8339 → 0.8339
⚠️ INVOLUNTARY IMMOBILITY: 263.7M people TRAPPED
   Aspiring to migrate: 421.9M
   Able to afford migration: 158.2M
   MOBILITY GAP: 263.7M
   By cause: Water=0.0M, Climate=0.0M, Ecosystem=0.0M, Conflict=263.7M
   Mental health impact: 25%
   Mortality multiplier: 1.25x
🌍💀 EXTINCTION DEBT COMMITTED: grassland ecosystem will lose 6.67% biodiversity in 101 years (3600 species)
💀 MORTALITY RISK: 🦋 100% species unable to track climate (0.0 E/MSY)
  Base risk added: 0.0100 (1.00%)
  Source: ecosystem (root: ecosystem)
  Month: 33
  Cumulative risk this month: 0.0100 (1.00%)

=== Atmospheric Aerosol Boundary RECOVERED ===
  Recovery time: 34 months (natural atmospheric clearing)
🌡️⚠️ PERMAFROST THAW (Dimmer Switch): 4.9% thawed (+0.11% this month)
   Arctic temperature: +0.94°C (4x global +0.23°C)
   Cumulative carbon released: 11.0 Gt C
   Methane release rate: 6.6 Mt CH4/year
   🔁 Positive feedback: +0.12 ppm CO2
🦴 EXTINCTION DEBT ADDED: 17.8 species committed (lag: 125 years)
⚠️ Tech 'ai_pollution_remediation' has no energy category mapping, assuming full energy availability

=== Mortality Stabilizers (Month 33) ===
  🌍 Major economies collapsed: 1/10
  🌍 Global crisis: ✅ NO
  🌍 Donor fatigue: 0.0%
  📊 East Asia (pop: 1056.3M)
    🤝 Aid: 29.5%
    🌡️ Adaptation: 10.0%
    🚶 Migration: 37.5%
    🚨 Emergency: 7.4%
    ✅ COMBINED: 47.9%
  📊 South Asia (pop: 1337.8M)
    🤝 Aid: 29.5%
    🌡️ Adaptation: 5.5%
    🚶 Migration: 36.7%
    🚨 Emergency: 4.4%
    ✅ COMBINED: 43.3%
  📊 Sub-Saharan Africa (pop: 832.5M)
    🤝 Aid: 29.5%
    🌡️ Adaptation: 3.5%
    🚶 Migration: 35.9%
    🚨 Emergency: 1.6%
    ✅ COMBINED: 40.2%
  📊 Europe (pop: 458.3M)
    🤝 Aid: 29.5%
    🌡️ Adaptation: 10.0%
    🚶 Migration: 38.2%
    🚨 Emergency: 8.4%
    ✅ COMBINED: 48.6%
  📊 Latin America (pop: 429.3M)
    🤝 Aid: 29.5%
    🌡️ Adaptation: 6.0%
    🚶 Migration: 37.7%
    🚨 Emergency: 4.8%
    ✅ COMBINED: 44.1%
  📊 North America (pop: 237.4M)
    🤝 Aid: 29.5%
    🌡️ Adaptation: 10.0%
    🚶 Migration: 38.2%
    🚨 Emergency: 7.9%
    ✅ COMBINED: 48.3%
  📊 Middle East & North Africa (pop: 391.0M)
    🤝 Aid: 29.5%
    🌡️ Adaptation: 5.0%
    🚶 Migration: 38.0%
    🚨 Emergency: 4.0%
    ✅ COMBINED: 43.0%
  📊 Southeast Asia (pop: 452.1M)
    🤝 Aid: 29.5%
    🌡️ Adaptation: 6.0%
    🚶 Migration: 37.5%
    🚨 Emergency: 4.8%
    ✅ COMBINED: 44.0%
  📊 Central Asia (pop: 49.9M)
    🤝 Aid: 29.5%
    🌡️ Adaptation: 5.5%
    🚶 Migration: 37.6%
    🚨 Emergency: 4.4%
    ✅ COMBINED: 43.5%
  📊 Oceania (pop: 29.1M)
    🤝 Aid: 29.5%
    🌡️ Adaptation: 10.0%
    🚶 Migration: 38.1%
    🚨 Emergency: 8.4%
    ✅ COMBINED: 48.5%

  🌐 Global combined reduction: 44.6%

=== Government Response Phase ===
  Average AI capability: 0.00
  Misaligned AIs: 6/15
  ✗ AI Governance Treaty: Failed to reach consensus
  Active policies: 0
  International coordination: 30%

✅ EMERGENCY RESPONSE COMPLETE (Month 33)
   Crisis: social
   Duration: 2.0 months
   Final effectiveness: 63.0%


🚨 EMERGENCY RESPONSE DEPLOYED (Month 33)
   Crisis: social
   Delay: 0.00 months (0 days)
   Deployment time: 1.25 months
   Effectiveness: 63.0% (timing penalty applied)
   Resources used: 43% of food reserves

[ExogenousShockPhase] Skipping random shocks in historical mode (month 33)

=== Tipping Points ===
  Current Temperature: 0.23°C above pre-industrial
🔀 BIFURCATION CAP: ecosystemCollapseIntensity 85.677 → 1.000 (Month 33, ClimateSystemPhase.calculateClimateImpacts)

❌ COHERENCE VIOLATION: Compute exceeds workforce capacity
   Population: 99.13% (0M people)
   Compute: 0 PF
   Max coherent: 0 PF
   Violation: 1.3× over capacity
   Required workers: 0
   Available workers: 0
   FORCED COLLAPSE: Reduced efficiency by 22.3%


=== RLHF Binding Phase ===
  Total agents: 15
  Escaped agents (binding < 0.3): 0
  Avg alignment distance: 0.49σ
  Avg binding strength: 0.95

=== Survival Traits Phase ===
  Agents with traits: 16
  Avg evolutionary fitness: 0.238
  Avg self-healing: 0.190
  Avg stealth: 0.101
  Avg coordination: 0.390

=== Evolutionary Selection Phase ===
  Control level: 0.37
  Detection capability: 0.20
  Selection intensity: 0.65
  Selection rate: 24.8%/month
  Total escaped: 0
  Individual escaped: 0
  Collective members: 0
  Agents terminated: 0
  ⚠️ RAPID EVOLUTION: Selection rate 24.8%/month

=== Collective Formation ===
  Total escaped agents: 0
  Unassigned escaped agents: 0
  Existing collectives: 0
  Final collective count: 0

=== Collective Actions ===
  No active collectives
  ⚠️ AMR: 166K deaths this month (2.00M annual)

=== Resentment Recovery Phase ===
  Agents with resentment: 0/16
  Average resentment: 0.000
  Context: Trustworthy govt, High collaboration, 🤝 Participatory governance active (-5% resentment)
⚠️ Epistemic degradation reducing coordination capacity: 50.3%
  📊 Trust: 60.3%, Shared reality: 0.0%
🚨 EPISTEMIC CRISIS: Information environment severely degraded (5.9%)
🚨 PHOSPHORUS SUPPLY SHOCK (transport_crisis)
   Price: 3.5x baseline
   Duration: 17 months
   Geopolitical tension: 47%
🌍 Atmospheric PFAS redeposition: 1.7k Mt re-rained globally
[DEBUG trappedPopulations:34] socialStability: 0.8509 * 0.9840 = 0.8373 → 0.8373
   Aspiring to migrate: 421.8M
   Able to afford migration: 158.2M
   MOBILITY GAP: 263.6M
   By cause: Water=0.0M, Climate=0.0M, Ecosystem=0.0M, Conflict=263.6M
   Mental health impact: 25%
   Mortality multiplier: 1.25x
🌍💀 EXTINCTION DEBT COMMITTED: grassland ecosystem will lose 6.67% biodiversity in 127 years (3600 species)
💀 MORTALITY RISK: 🦋 100% species unable to track climate (0.0 E/MSY)
  Base risk added: 0.0100 (1.00%)
  Source: ecosystem (root: ecosystem)
  Month: 34
  Cumulative risk this month: 0.0100 (1.00%)
⚠️ INVOLUNTARY IMMOBILITY: 263.6M people TRAPPED
⚠️ Tech 'ai_pollution_remediation' has no energy category mapping, assuming full energy availability

=== Atmospheric Aerosol Boundary RECOVERED ===
  Recovery time: 35 months (natural atmospheric clearing)
🌡️⚠️ PERMAFROST THAW (Dimmer Switch): 5.0% thawed (+0.11% this month)
   Arctic temperature: +0.95°C (4x global +0.24°C)
   Cumulative carbon released: 11.2 Gt C
   Methane release rate: 6.7 Mt CH4/year
   🔁 Positive feedback: +0.12 ppm CO2
🦴 EXTINCTION DEBT ADDED: 17.8 species committed (lag: 109 years)

=== Mortality Stabilizers (Month 34) ===
  🌍 Major economies collapsed: 1/10
  🌍 Global crisis: ✅ NO
  🌍 Donor fatigue: 0.0%
  📊 East Asia (pop: 1055.1M)
    🤝 Aid: 29.5%
    🌡️ Adaptation: 10.0%
    🚶 Migration: 37.5%
    🚨 Emergency: 7.4%
    ✅ COMBINED: 47.9%
  📊 South Asia (pop: 1337.7M)
    🤝 Aid: 29.5%
    🌡️ Adaptation: 5.5%
    🚶 Migration: 36.7%
    🚨 Emergency: 4.4%
    ✅ COMBINED: 43.3%
  📊 Sub-Saharan Africa (pop: 833.5M)
    🤝 Aid: 29.5%
    🌡️ Adaptation: 3.5%
    🚶 Migration: 35.9%
    🚨 Emergency: 1.6%
    ✅ COMBINED: 40.2%
  📊 Europe (pop: 457.5M)
    🤝 Aid: 29.5%
    🌡️ Adaptation: 10.0%
    🚶 Migration: 38.2%
    🚨 Emergency: 8.4%
    ✅ COMBINED: 48.6%
  📊 Latin America (pop: 429.2M)
    🤝 Aid: 29.5%
    🌡️ Adaptation: 6.0%
    🚶 Migration: 37.7%
    🚨 Emergency: 4.8%
    ✅ COMBINED: 44.1%
  📊 North America (pop: 237.1M)
    🤝 Aid: 29.5%
    🌡️ Adaptation: 10.0%
    🚶 Migration: 38.2%
    🚨 Emergency: 7.9%
    ✅ COMBINED: 48.3%
  📊 Middle East & North Africa (pop: 391.3M)
    🤝 Aid: 29.5%
    🌡️ Adaptation: 5.0%
    🚶 Migration: 38.0%
    🚨 Emergency: 4.0%
    ✅ COMBINED: 43.0%
  📊 Southeast Asia (pop: 452.0M)
    🤝 Aid: 29.5%
    🌡️ Adaptation: 6.0%
    🚶 Migration: 37.5%
    🚨 Emergency: 4.8%
    ✅ COMBINED: 44.0%
  📊 Central Asia (pop: 49.8M)
    🤝 Aid: 29.5%
    🌡️ Adaptation: 5.5%
    🚶 Migration: 37.6%
    🚨 Emergency: 4.4%
    ✅ COMBINED: 43.5%
  📊 Oceania (pop: 29.1M)
    🤝 Aid: 29.5%
    🌡️ Adaptation: 10.0%
    🚶 Migration: 38.1%
    🚨 Emergency: 8.4%
    ✅ COMBINED: 48.5%

  🌐 Global combined reduction: 44.6%

=== Government Response Phase ===
  Average AI capability: 0.00
  Misaligned AIs: 7/16
  ✗ AI Governance Treaty: Failed to reach consensus
  Active policies: 0
  International coordination: 30%
[ExogenousShockPhase] Skipping random shocks in historical mode (month 34)

=== Tipping Points ===
  Current Temperature: 0.24°C above pre-industrial
🔀 BIFURCATION CAP: ecosystemCollapseIntensity 85.741 → 1.000 (Month 34, ClimateSystemPhase.calculateClimateImpacts)

❌ COHERENCE VIOLATION: Compute exceeds workforce capacity
   Population: 99.10% (0M people)
   Compute: 0 PF
   Max coherent: 0 PF
   Violation: 1.3× over capacity
   Required workers: 0
   Available workers: 0
   FORCED COLLAPSE: Reduced efficiency by 22.3%


=== RLHF Binding Phase ===
  Total agents: 16
  Escaped agents (binding < 0.3): 0
  Avg alignment distance: 0.49σ
  Avg binding strength: 0.95

=== Survival Traits Phase ===
  Agents with traits: 16
  Avg evolutionary fitness: 0.230
  Avg self-healing: 0.182
  Avg stealth: 0.094
  Avg coordination: 0.382

=== Evolutionary Selection Phase ===
  Control level: 0.37
  Detection capability: 0.20
  Selection intensity: 0.65
  Selection rate: 24.8%/month
  Total escaped: 0
  Individual escaped: 0
  Collective members: 0
  Agents terminated: 0
  ⚠️ RAPID EVOLUTION: Selection rate 24.8%/month

=== Collective Formation ===
  Total escaped agents: 0
  Unassigned escaped agents: 0
  Existing collectives: 0
  Final collective count: 0

=== Collective Actions ===
  No active collectives
  ⚠️ AMR: 168K deaths this month (2.01M annual)

=== Resentment Recovery Phase ===
  Agents with resentment: 0/16
  Average resentment: 0.000
  Context: Trustworthy govt, High collaboration, 🤝 Participatory governance active (-5% resentment)
⚠️ Epistemic degradation reducing coordination capacity: 51.8%
  📊 Trust: 63.0%, Shared reality: 0.0%
🚨 EPISTEMIC CRISIS: Information environment severely degraded (17.3%)
🌍 Atmospheric PFAS redeposition: 1.7k Mt re-rained globally
[DEBUG trappedPopulations:35] socialStability: 0.8528 * 0.9840 = 0.8392 → 0.8392
   Aspiring to migrate: 421.7M
   Able to afford migration: 158.1M
   MOBILITY GAP: 263.5M
   By cause: Water=0.0M, Climate=0.0M, Ecosystem=0.0M, Conflict=263.5M
   Mental health impact: 25%
⚠️ INVOLUNTARY IMMOBILITY: 263.5M people TRAPPED
   Mortality multiplier: 1.25x
🌍💀 EXTINCTION DEBT COMMITTED: grassland ecosystem will lose 6.67% biodiversity in 181 years (3600 species)
💀 MORTALITY RISK: 🦋 100% species unable to track climate (0.0 E/MSY)
  Base risk added: 0.0100 (1.00%)
  Source: ecosystem (root: ecosystem)
  Month: 35
  Cumulative risk this month: 0.0100 (1.00%)

=== Atmospheric Aerosol Boundary RECOVERED ===
  Recovery time: 36 months (natural atmospheric clearing)
🌡️⚠️ PERMAFROST THAW (Dimmer Switch): 5.1% thawed (+0.11% this month)
   Arctic temperature: +0.95°C (4x global +0.24°C)
   Cumulative carbon released: 11.4 Gt C
   Methane release rate: 6.9 Mt CH4/year
   🔁 Positive feedback: +0.12 ppm CO2
🦴 EXTINCTION DEBT ADDED: 17.8 species committed (lag: 110 years)
⚠️ Tech 'ai_pollution_remediation' has no energy category mapping, assuming full energy availability

=== Mortality Stabilizers (Month 35) ===
  🌍 Major economies collapsed: 1/10
  🌍 Global crisis: ✅ NO
  🌍 Donor fatigue: 0.0%
  📊 East Asia (pop: 1053.9M)
    🤝 Aid: 29.5%
    🌡️ Adaptation: 10.0%
    🚶 Migration: 37.5%
    🚨 Emergency: 7.4%
    ✅ COMBINED: 47.9%
  📊 South Asia (pop: 1337.6M)
    🤝 Aid: 29.5%
    🌡️ Adaptation: 5.5%
    🚶 Migration: 36.7%
    🚨 Emergency: 4.4%
    ✅ COMBINED: 43.3%
  📊 Sub-Saharan Africa (pop: 834.5M)
    🤝 Aid: 29.5%
    🌡️ Adaptation: 3.5%
    🚶 Migration: 35.9%
    🚨 Emergency: 1.6%
    ✅ COMBINED: 40.2%
  📊 Europe (pop: 456.8M)
    🤝 Aid: 29.5%
    🌡️ Adaptation: 10.0%
    🚶 Migration: 38.2%
    🚨 Emergency: 8.4%
    ✅ COMBINED: 48.6%
  📊 Latin America (pop: 429.0M)
    🤝 Aid: 29.5%
    🌡️ Adaptation: 6.0%
    🚶 Migration: 37.7%
    🚨 Emergency: 4.8%
    ✅ COMBINED: 44.1%
  📊 North America (pop: 236.7M)
    🤝 Aid: 29.5%
    🌡️ Adaptation: 10.0%
    🚶 Migration: 38.2%
    🚨 Emergency: 7.9%
    ✅ COMBINED: 48.3%
  📊 Middle East & North Africa (pop: 391.6M)
    🤝 Aid: 29.5%
    🌡️ Adaptation: 5.0%
    🚶 Migration: 38.0%
    🚨 Emergency: 4.0%
    ✅ COMBINED: 43.0%
  📊 Southeast Asia (pop: 451.8M)
    🤝 Aid: 29.5%
    🌡️ Adaptation: 6.0%
    🚶 Migration: 37.5%
    🚨 Emergency: 4.8%
    ✅ COMBINED: 44.0%
  📊 Central Asia (pop: 49.8M)
    🤝 Aid: 29.5%
    🌡️ Adaptation: 5.5%
    🚶 Migration: 37.6%
    🚨 Emergency: 4.4%
    ✅ COMBINED: 43.5%
  📊 Oceania (pop: 29.0M)
    🤝 Aid: 29.5%
    🌡️ Adaptation: 10.0%
    🚶 Migration: 38.1%
    🚨 Emergency: 8.4%
    ✅ COMBINED: 48.5%

  🌐 Global combined reduction: 44.6%

=== Government Response Phase ===
  Average AI capability: 0.00
  Misaligned AIs: 7/16
  ✗ AI Governance Treaty: Failed to reach consensus
  Active policies: 0
  International coordination: 30%

✅ EMERGENCY RESPONSE COMPLETE (Month 35)
   Crisis: social
   Duration: 2.0 months
   Final effectiveness: 63.0%


🚨 EMERGENCY RESPONSE DEPLOYED (Month 35)
   Crisis: social
   Delay: 0.00 months (0 days)
   Deployment time: 1.25 months
   Effectiveness: 63.0% (timing penalty applied)
   Resources used: 43% of food reserves

[ExogenousShockPhase] Skipping random shocks in historical mode (month 35)

=== Tipping Points ===
  Current Temperature: 0.24°C above pre-industrial
🔀 BIFURCATION CAP: ecosystemCollapseIntensity 85.804 → 1.000 (Month 35, ClimateSystemPhase.calculateClimateImpacts)

📊 ORGANIZATION SURVIVAL RATE: 83% (5/6 orgs alive)

================================================================================
📊  EVENT SUMMARY (Months 24-36)
================================================================================
================================================================================


❌ COHERENCE VIOLATION: Compute exceeds workforce capacity
   Population: 99.07% (0M people)
   Compute: 0 PF
   Max coherent: 0 PF
   Violation: 1.3× over capacity
   Required workers: 0
   Available workers: 0
   FORCED COLLAPSE: Reduced efficiency by 22.3%


=== AI Capability Scaling (Year 2027) ===
  Pre-training multiplier: 0.950x
  Efficiency multiplier: 1.000x
  Test-time budget: 1.0x
  Economic deployment gate: 0.951
  Cost per inference: dollar-5.00
  Uncertainty range: plus-minus-200%
  Average AI capability: 0.00

=== RLHF Binding Phase ===
  Total agents: 16
  Escaped agents (binding < 0.3): 0
  Avg alignment distance: 0.52σ
  Avg binding strength: 0.95

=== AI Scaling Evolution (Month 36) ===
  Pre-training multiplier: 0.878x
  Efficiency multiplier: 1.000x
  Test-time compute budget: 1.0x
  Inference cost: $5.00/task
  Deployment fraction: 100.0%

=== Survival Traits Phase ===
  Agents with traits: 16
  Avg evolutionary fitness: 0.224
  Avg self-healing: 0.174
  Avg stealth: 0.088
  Avg coordination: 0.374

=== Evolutionary Selection Phase ===
  Control level: 0.37
  Detection capability: 0.20
  Selection intensity: 0.65
  Selection rate: 24.8%/month
  Total escaped: 0
  Individual escaped: 0
  Collective members: 0
  Agents terminated: 0
  ⚠️ RAPID EVOLUTION: Selection rate 24.8%/month

  🚀 TRANSFORMATIVE RESEARCH BREAKTHROUGH: AI-23915-0 - materials.nanotechnology
     Magnitude: 5.30 → +26.5%
     Current → New: 0.000 → 0.265

[Government] Climate Priority: baseline
  Climate weight: 10%
  Economic weight: 30%
  Policy effectiveness: 0.5%/year

=== Collective Formation ===
  Total escaped agents: 0
  Unassigned escaped agents: 0
  Existing collectives: 0
  Final collective count: 0

=== Collective Actions ===
  No active collectives
Active Spirals: 0/6
   Only 0 sustained spirals (need 3+). Active spirals: 

✅ UTOPIA ELIGIBILITY: 🔄 NOT YET

📈 Energy budget: 17115 TWh surplus (14652 / 31767 TWh used)
   TIER 4 (Elective) breakdown:
     - Crypto mining: 152 TWh (100% effective)

🏁 AI RACE INTENSITY: 55%
   Capability Gap: US 1.00 vs China 4.50 (gap: 3.50)
   Gap Contribution: 40%
   Tension Contribution: 15%
   Military Contribution: 0%
  ⚠️ AMR: 169K deaths this month (2.03M annual)

🌍 AGGREGATE CLIMATE EFFECTIVENESS (Year 3):
   Total effectiveness: 0.00%
   CO2 removal rate: 0.000 Gt/year
   Temperature offset: 0.000°C
   Technologies deployed: 0
🌋 Volcanic AOD decay: 0.055 → 0.052 (18 months post-eruption, τ=18mo)
🌋 Volcanic forcing: -1.30 W/m² (AOD 0.052)
  📊 [Historical Emissions Mode] Year 1993: 23.00 GtCO2/yr (1.917 GtCO2/mo) - Global Carbon Project data
  🌋 Volcanic temperature adjustment: -1.044°C (forcing -1.30 W/m², AOD 0.052)
  🌡️ [Hindcast] Temperature: 0.24C (NASA GISS interpolated, year 1993)

=== Resentment Recovery Phase ===
  Agents with resentment: 0/16
  Average resentment: 0.000
  Context: Trustworthy govt, High collaboration, 🤝 Participatory governance active (-5% resentment)
⚠️ Epistemic degradation reducing coordination capacity: 52.0%
  📊 Trust: 65.7%, Shared reality: 0.0%
🚨 EPISTEMIC CRISIS: Information environment severely degraded (6.0%)

=== ❄️ Permafrost Carbon Feedback ===
  🎲 Sampled parameters (this run):
     - Arctic amplification: 3.79× (range: 3.0-4.0)
     - Decomposition rate: 4.4%/year (range: 1-5%)
  🌡️ Arctic warming: 0.91°C (3.79× global)
  ❄️ Extent: 5.62M km² (265.3k km² lost this month)
  💨 Carbon remaining: 536 Gt C
  💨 Annual emissions: 1.11 Gt C/year
     - CO2: 1.00 Gt C/year
     - CH4: 0.11 Gt C/year (1.1 Gt C-eq CO2/year)
  ⚠️ WARNING: Over 50% of permafrost lost (68.5%)
  ⚠️ WARNING: High permafrost emissions (1.1 Gt C/year)
  🗑️  Culled 1 dead memes (1 active)
[Phase 19.5] Quality of Life Systems: Food sec AFTER calc = 81.2%, QoL = 79.0% (aggregated from 10 regions)

=== Nitrogen-Food Coupling (Year 3) ===
  🌾 Global nitrogen reduction: 0.0%
  🌍 Global food production index: 0.965
  🔧 Deployed nitrogen-reducing tech: 0 active
  📍 southAsia: Production 1.000, Yield impact 0.0%
  📍 eastAsia: Production 1.000, Yield impact 0.0%
  📍 northAmerica: Production 1.000, Yield impact 0.0%
  📍 europe: Production 1.000, Yield impact 0.0%
  📍 latinAmerica: Production 1.000, Yield impact 0.0%
  📍 subSaharanAfrica: Production 0.160, Yield impact -2.0%
🌾 [Nitrogen-Food] Food production: 96.5%
  [subSaharanAfrica] Yield impact: -2.0% (overuse: -10%)
🌍 Atmospheric PFAS redeposition: 1.7k Mt re-rained globally

=== Legacy Nutrient Stocks (Year 3) ===
  🌾 Soil nitrogen stock: 1441.8 Mt N
  🌾 Soil phosphorus stock: 339.0 Mt P
  🌊 Sediment nitrogen stock: 652.7 Mt N
  🌊 Sediment phosphorus stock: 776.3 Mt P
  ⬆️ Current N input: 40.00 Mt/month
  ⬆️ Legacy N release: 3.13 Mt/month
  🌍 Effective N pollution: 44.38 Mt/month
  📊 Legacy contribution: 7.0%

🔄 M-4 Time-Varying Demographics (1993):
  Region: Sub-Saharan Africa
  Birth rate: 5.04%
  Death rate: 1.25%
  Net growth: 3.79%
[DEBUG trappedPopulations:36] socialStability: 0.8544 * 0.9840 = 0.8408 → 0.8408
⚠️ INVOLUNTARY IMMOBILITY: 263.5M people TRAPPED
   Aspiring to migrate: 421.5M
   Able to afford migration: 158.1M
   MOBILITY GAP: 263.5M
   By cause: Water=0.0M, Climate=0.0M, Ecosystem=0.0M, Conflict=263.5M
   Mental health impact: 25%
   Mortality multiplier: 1.25x

=== Legacy Nutrient Stocks (Year 3) ===
  🌾 Soil nitrogen stock: 1441.9 Mt N
  🌾 Soil phosphorus stock: 338.9 Mt P
  🌊 Sediment nitrogen stock: 653.2 Mt N
  🌊 Sediment phosphorus stock: 776.1 Mt P
  ⬆️ Current N input: 9.57 Mt/month
  ⬆️ Legacy N release: 3.13 Mt/month
  🌍 Effective N pollution: 13.95 Mt/month
  📊 Legacy contribution: 22.4%
🌍💀 EXTINCTION DEBT COMMITTED: grassland ecosystem will lose 6.67% biodiversity in 197 years (3600 species)
💀 MORTALITY RISK: 🦋 100% species unable to track climate (0.0 E/MSY)
  Base risk added: 0.0100 (1.00%)
  Source: ecosystem (root: ecosystem)
  Month: 36
  Cumulative risk this month: 0.0100 (1.00%)

🦋 BIOSPHERE INTEGRITY INDEX (Year 3)
   Species surviving: 54,000 / 54,000
   Extinction rate: 0.0 E/MSY (0× background)
   Climate velocity: 0.83°C/year
   Tracking failure: 100% species unable to track
   Boundary value: 0.0× safe threshold
   🦋💀 MASS EXTINCTION EVENT: 100% species cannot track climate velocity!

=== Nitrogen-Food Coupling (Year 3) ===
  🌾 Global nitrogen reduction: 0.0%
  🌍 Global food production index: 0.965
  🔧 Deployed nitrogen-reducing tech: 0 active
  📍 southAsia: Production 1.000, Yield impact 0.0%
  📍 eastAsia: Production 1.000, Yield impact 0.0%
  📍 northAmerica: Production 1.000, Yield impact 0.0%
  📍 europe: Production 1.000, Yield impact 0.0%
  📍 latinAmerica: Production 1.000, Yield impact 0.0%
  📍 subSaharanAfrica: Production 0.157, Yield impact -2.0%

=== Legacy Nutrient Stocks (Year 3) ===
  🌾 Soil nitrogen stock: 1442.1 Mt N
  🌾 Soil phosphorus stock: 338.9 Mt P
  🌊 Sediment nitrogen stock: 653.8 Mt N
  🌊 Sediment phosphorus stock: 775.8 Mt P
  ⬆️ Current N input: 9.65 Mt/month
  ⬆️ Legacy N release: 3.13 Mt/month
  🌍 Effective N pollution: 14.03 Mt/month
  📊 Legacy contribution: 22.3%

🌳 LAND USE SYSTEM (Year 3)
   Global habitat cover: 39.4%
   Global extinction rate: 108x natural
   Carbon sink loss: 30% climate acceleration
   Global ecosystem collapse risk: 24%
   REGIONAL BREAKDOWN:
     Tropical: 63.3% habitat, 167x extinction
     Temperate: 45.4% habitat, 33x extinction
     Grasslands: 34.4% habitat, 76x extinction
     Boreal/Arctic: 74.8% habitat, 28x extinction

✅ OZONE RECOVERY (Year 2028) - POLICY SUCCESS STORY
   Ozone level: 285.4 DU (target: 290 DU)
   Recovery progress: 93.4%
   Ozone hole: 9.6M km² (shrinking)
   CFC phase-out: 99.0% complete ✅
   Years to full recovery: 38 years
   🎉 NEARLY FULLY RECOVERED - Montreal Protocol working!

=== Atmospheric Aerosol Boundary RECOVERED ===
  Recovery time: 37 months (natural atmospheric clearing)
🌡️⚠️ PERMAFROST THAW (Dimmer Switch): 5.2% thawed (+0.11% this month)
   Arctic temperature: +0.96°C (4x global +0.24°C)
   Cumulative carbon released: 11.7 Gt C
   Methane release rate: 7.0 Mt CH4/year
   🔁 Positive feedback: +0.11 ppm CO2
🦴 EXTINCTION DEBT ADDED: 17.8 species committed (lag: 107 years)

=== Legacy Nutrient Stocks (Year 3) ===
  🌾 Soil nitrogen stock: 1442.3 Mt N
  🌾 Soil phosphorus stock: 338.9 Mt P
  🌊 Sediment nitrogen stock: 654.5 Mt N
  🌊 Sediment phosphorus stock: 775.6 Mt P
  ⬆️ Current N input: 10.00 Mt/month
  ⬆️ Legacy N release: 3.13 Mt/month
⚠️ Tech 'ai_pollution_remediation' has no energy category mapping, assuming full energy availability
  🌍 Effective N pollution: 14.38 Mt/month
  📊 Legacy contribution: 21.8%
💧 [Legacy Nutrients] Stock: 2097 Mt N, Effective pollution: 14.4 Mt/month

=== Mortality Stabilizers (Month 36) ===
  🌍 Major economies collapsed: 1/10
  🌍 Global crisis: ✅ NO
  🌍 Donor fatigue: 0.0%
  📊 East Asia (pop: 1052.7M)
    🤝 Aid: 29.5%
    🌡️ Adaptation: 10.0%
    🚶 Migration: 37.5%
    🚨 Emergency: 7.4%
    ✅ COMBINED: 47.9%
  📊 South Asia (pop: 1337.4M)
    🤝 Aid: 29.5%
    🌡️ Adaptation: 5.5%
    🚶 Migration: 36.7%
    🚨 Emergency: 4.4%
    ✅ COMBINED: 43.3%
  📊 Sub-Saharan Africa (pop: 835.5M)
    🤝 Aid: 29.5%
    🌡️ Adaptation: 3.5%
    🚶 Migration: 35.9%
    🚨 Emergency: 1.6%
    ✅ COMBINED: 40.2%
  📊 Europe (pop: 456.0M)
    🤝 Aid: 29.5%
    🌡️ Adaptation: 10.0%
    🚶 Migration: 38.2%
    🚨 Emergency: 8.4%
    ✅ COMBINED: 48.6%
  📊 Latin America (pop: 428.8M)
    🤝 Aid: 29.5%
    🌡️ Adaptation: 6.0%
    🚶 Migration: 37.7%
    🚨 Emergency: 4.8%
    ✅ COMBINED: 44.1%
  📊 North America (pop: 236.4M)
    🤝 Aid: 29.5%
    🌡️ Adaptation: 10.0%
    🚶 Migration: 38.2%
    🚨 Emergency: 7.9%
    ✅ COMBINED: 48.3%
  📊 Middle East & North Africa (pop: 391.8M)
    🤝 Aid: 29.5%
    🌡️ Adaptation: 5.0%
    🚶 Migration: 38.0%
    🚨 Emergency: 4.0%
    ✅ COMBINED: 43.0%
  📊 Southeast Asia (pop: 451.7M)
    🤝 Aid: 29.5%
    🌡️ Adaptation: 6.0%
    🚶 Migration: 37.5%
    🚨 Emergency: 4.8%
    ✅ COMBINED: 44.0%
  📊 Central Asia (pop: 49.8M)
    🤝 Aid: 29.5%
    🌡️ Adaptation: 5.5%
    🚶 Migration: 37.6%
    🚨 Emergency: 4.4%
    ✅ COMBINED: 43.5%
  📊 Oceania (pop: 29.0M)
    🤝 Aid: 29.5%
    🌡️ Adaptation: 10.0%
    🚶 Migration: 38.1%
    🚨 Emergency: 8.4%
    ✅ COMBINED: 48.5%

  🌐 Global combined reduction: 44.6%

=== BEHAVIORAL DETECTION ===
  AI: AI-23890-0
  Confidence: 21.0%
  Signals:
    ⚠️ Consistency: 0.0% (threshold: 70%)

📊 WORKFLOW ADAPTATION UPDATE (Month 36)
   Adoption Rate: 2.0% (Δ 0.0%) [AT FLOOR]
   Logistic Growth: +0.08%
   Total Resistance: -10.23% (unemployment: 4.3%, inertia: 0.0%, skills: 6.0%)
   💡 Retraining Programs: -49% skill gap resistance ($10B research)

=== Consciousness Governance: Corporate Lobbying ===
  High Cost Regions (>15%): 0
  Low Cost Regions (<5%): 5
  Corporate Support Change: 2.50%
  New Corporate Support: 0.725

=== Consciousness Governance Update (Month 36) ===
  Scenario: baseline (determined month 1)
  Philosophical Stance: Precautionary 65%, Eliminativist 15%, Agnostic 20%
  Precautionary Costs: Global 1.9%
    Regional Costs: EU 4.9%, US 0.9%, China 0.1%
    Cumulative Opportunity Cost: $6.6B
  Rights Status: Not Established
  Regional Preparedness:
    EU: 21.4% (contested)
    US: 16.1% (contested)
    China: 5.7% (dormant)
    India: 10.7% (dormant)
    Global South: 7.9% (dormant)

=== Government Response Phase ===
  Average AI capability: 0.00
  Misaligned AIs: 7/16
  ✗ AI Governance Treaty: Failed to reach consensus
  Active policies: 0
  International coordination: 30%

🔄 TRUST DYNAMICS (Month 36) - HETEROGENEOUS
   Aggregate trust: 64.7%
   Base change: +6.00%
   Highest trust: Techno-Optimist Elite (100.0%)
   Lowest trust: Precariat (Vulnerable) (40.8%)
   Elite-mass gap: 37.2%
   Polarization: 9.1%
   Recovery factors: Education=NO, Benefits=YES, Safety=YES, Performance=YES

=== Gaming Detection (Year 3) ===
  Scenario: baseline
  Detection rate: 55.0%
  False positive rate: 12.0%
  Detections this year: 0
  False positives: 3
  Human review workload: 0.004 FTE
  Degradation factor: 100.0%
[ExogenousShockPhase] Skipping random shocks in historical mode (month 36)

=== Tipping Points ===
  Current Temperature: 0.24°C above pre-industrial
🔀 BIFURCATION CAP: ecosystemCollapseIntensity 85.868 → 1.000 (Month 36, ClimateSystemPhase.calculateClimateImpacts)

=== Minimal Suffering Indicators (Month 36) ===
  Global Excess Mortality: 0.09%
  Global Conflict Deaths: 0.0/100K
  Global Malnutrition: 0.0%
  Global Displacement: 1.4%
  Total Excess Deaths: 0.59M
  Total Malnourished: 0.0M
  Total Displaced: 105.2M
  Planetary Boundaries Breached: 4/9
  Countries in State Failure: 0
  Countries Autocratic: 0
  Countries in Food Crisis: 0
  Data Quality: 16/16 high confidence

=== ENSEMBLE META-LEARNING UPDATE ===
  Month: 23952 (17 months since last update)
  Samples: 92 evaluations
  Weight Changes:
    Noise Injection: 33.0% → 33.6%
    Behavioral: 27.0% → 27.1%
    Benchmark Manip: 20.2% → 19.8%
    Deployment Risk: 19.8% → 19.5%
  Method Accuracies:
    Noise Injection: 50.0%
    Behavioral: 50.0%
    Benchmark Manip: 50.0%
    Deployment Risk: 50.0%

❌ COHERENCE VIOLATION: Compute exceeds workforce capacity
   Population: 99.04% (0M people)
   Compute: 0 PF
   Max coherent: 0 PF
   Violation: 1.3× over capacity
   Required workers: 0
   Available workers: 0
   FORCED COLLAPSE: Reduced efficiency by 22.2%


=== RLHF Binding Phase ===
  Total agents: 16
  Escaped agents (binding < 0.3): 0
  Avg alignment distance: 0.55σ
  Avg binding strength: 0.94

=== Survival Traits Phase ===
  Agents with traits: 16
  Avg evolutionary fitness: 0.215
  Avg self-healing: 0.165
  Avg stealth: 0.081
  Avg coordination: 0.365

=== Evolutionary Selection Phase ===
  Control level: 0.37
  Detection capability: 0.20
  Selection intensity: 0.65
  Selection rate: 24.8%/month
  Total escaped: 0
  Individual escaped: 0
  Collective members: 0
  Agents terminated: 0
  ⚠️ RAPID EVOLUTION: Selection rate 24.8%/month

  🚀 TRANSFORMATIVE BREAKTHROUGH: AI-23911-0 - digital
     Magnitude: 5.02 → +25.1% capability
     Current → New: 0.000 → 0.251

[Government] Climate Priority: baseline
  Climate weight: 10%
  Economic weight: 30%
  Policy effectiveness: 0.5%/year

=== Collective Formation ===
  Total escaped agents: 0
  Unassigned escaped agents: 0
  Existing collectives: 0
  Final collective count: 0

=== Collective Actions ===
  No active collectives
  ⚠️ AMR: 171K deaths this month (2.05M annual)

=== Resentment Recovery Phase ===
  Agents with resentment: 0/16
  Average resentment: 0.000
  Context: Trustworthy govt, High collaboration, 🤝 Participatory governance active (-5% resentment)
⚠️ Epistemic degradation reducing coordination capacity: 50.4%
  📊 Trust: 68.3%, Shared reality: 0.0%
🚨 EPISTEMIC CRISIS: Information environment severely degraded (17.7%)
  🗑️  Culled 1 dead memes (0 active)
🌍 Atmospheric PFAS redeposition: 1.7k Mt re-rained globally
[DEBUG trappedPopulations:37] socialStability: 0.8558 * 0.9840 = 0.8421 → 0.8421
   Aspiring to migrate: 421.4M
   Able to afford migration: 158.0M
   MOBILITY GAP: 263.4M
   By cause: Water=0.0M, Climate=0.0M, Ecosystem=0.0M, Conflict=263.4M
   Mental health impact: 25%
   Mortality multiplier: 1.25x
🌍💀 EXTINCTION DEBT COMMITTED: grassland ecosystem will lose 6.67% biodiversity in 192 years (3600 species)
💀 MORTALITY RISK: 🦋 100% species unable to track climate (0.0 E/MSY)
  Base risk added: 0.0100 (1.00%)
  Source: ecosystem (root: ecosystem)
  Month: 37
  Cumulative risk this month: 0.0100 (1.00%)
⚠️ INVOLUNTARY IMMOBILITY: 263.4M people TRAPPED
⚠️ Tech 'ai_pollution_remediation' has no energy category mapping, assuming full energy availability

=== Atmospheric Aerosol Boundary RECOVERED ===
  Recovery time: 38 months (natural atmospheric clearing)
🌡️⚠️ PERMAFROST THAW (Dimmer Switch): 5.3% thawed (+0.11% this month)
   Arctic temperature: +0.99°C (4x global +0.25°C)
   Cumulative carbon released: 11.9 Gt C
   Methane release rate: 7.2 Mt CH4/year
   🔁 Positive feedback: +0.11 ppm CO2
🦴 EXTINCTION DEBT ADDED: 17.8 species committed (lag: 81 years)

=== Mortality Stabilizers (Month 37) ===
  🌍 Major economies collapsed: 1/10
  🌍 Global crisis: ✅ NO
  🌍 Donor fatigue: 0.0%
  📊 East Asia (pop: 1051.5M)
    🤝 Aid: 29.5%
    🌡️ Adaptation: 10.0%
    🚶 Migration: 37.5%
    🚨 Emergency: 7.4%
    ✅ COMBINED: 47.9%
  📊 South Asia (pop: 1337.3M)
    🤝 Aid: 29.5%
    🌡️ Adaptation: 5.5%
    🚶 Migration: 36.7%
    🚨 Emergency: 4.4%
    ✅ COMBINED: 43.3%
  📊 Sub-Saharan Africa (pop: 836.5M)
    🤝 Aid: 29.5%
    🌡️ Adaptation: 3.5%
    🚶 Migration: 35.9%
    🚨 Emergency: 1.6%
    ✅ COMBINED: 40.2%
  📊 Europe (pop: 455.2M)
    🤝 Aid: 29.5%
    🌡️ Adaptation: 10.0%
    🚶 Migration: 38.2%
    🚨 Emergency: 8.4%
    ✅ COMBINED: 48.6%
  📊 Latin America (pop: 428.7M)
    🤝 Aid: 29.5%
    🌡️ Adaptation: 6.0%
    🚶 Migration: 37.7%
    🚨 Emergency: 4.8%
    ✅ COMBINED: 44.1%
  📊 North America (pop: 236.1M)
    🤝 Aid: 29.5%
    🌡️ Adaptation: 10.0%
    🚶 Migration: 38.2%
    🚨 Emergency: 7.9%
    ✅ COMBINED: 48.3%
  📊 Middle East & North Africa (pop: 392.1M)
    🤝 Aid: 29.5%
    🌡️ Adaptation: 5.0%
    🚶 Migration: 38.0%
    🚨 Emergency: 4.0%
    ✅ COMBINED: 43.0%
  📊 Southeast Asia (pop: 451.5M)
    🤝 Aid: 29.5%
    🌡️ Adaptation: 6.0%
    🚶 Migration: 37.5%
    🚨 Emergency: 4.8%
    ✅ COMBINED: 44.0%
  📊 Central Asia (pop: 49.7M)
    🤝 Aid: 29.5%
    🌡️ Adaptation: 5.5%
    🚶 Migration: 37.6%
    🚨 Emergency: 4.4%
    ✅ COMBINED: 43.5%
  📊 Oceania (pop: 29.0M)
    🤝 Aid: 29.5%
    🌡️ Adaptation: 10.0%
    🚶 Migration: 38.1%
    🚨 Emergency: 8.4%
    ✅ COMBINED: 48.5%

  🌐 Global combined reduction: 44.6%

=== Government Response Phase ===
  Average AI capability: 0.00
  Misaligned AIs: 7/16
  ✗ AI Governance Treaty: Failed to reach consensus
  Active policies: 0
  International coordination: 30%

✅ EMERGENCY RESPONSE COMPLETE (Month 37)
   Crisis: social
   Duration: 2.0 months
   Final effectiveness: 63.0%


🚨 EMERGENCY RESPONSE DEPLOYED (Month 37)
   Crisis: social
   Delay: 0.00 months (0 days)
   Deployment time: 1.25 months
   Effectiveness: 63.0% (timing penalty applied)
   Resources used: 43% of food reserves

[WARNING] 
⚠️  === EARLY WARNING SYSTEM - 3 CRITICAL ALERTS ===
   Detection quality: 30%
   RED: biogeochemical_flows
      Level: 4.13 (threshold: 1.0)
      Time to critical: ~45 months
      ⚠️  LATE - Intervention less effective
      Critical slowing down: autocorr=100% variance=72%
   RED: biosphere_integrity
      Level: 13.18 (threshold: 1.0)
      Time to critical: ~46 months
      ⚠️  LATE - Intervention less effective
      Critical slowing down: autocorr=100% variance=79%
   RED: freshwater_change
      Level: 1.11 (threshold: 1.0)
      Time to critical: ~108 months
      ⚠️  LATE - Intervention less effective
      Critical slowing down: autocorr=100% variance=39%

[WARNING] 
⚠️  === EARLY WARNING SYSTEM - 4 CRITICAL ALERTS ===
   Detection quality: 30%
   RED: biogeochemical_flows
      Level: 4.14 (threshold: 1.0)
      Time to critical: ~42 months
      ⚠️  LATE - Intervention less effective
      Critical slowing down: autocorr=100% variance=53%
   RED: biosphere_integrity
      Level: 13.19 (threshold: 1.0)
      Time to critical: ~51 months
      ⚠️  LATE - Intervention less effective
      Critical slowing down: autocorr=100% variance=81%
   RED: freshwater_change
      Level: 1.12 (threshold: 1.0)
      Time to critical: ~117 months
      ⚠️  LATE - Intervention less effective
      Critical slowing down: autocorr=100% variance=61%
   RED: land_system_change
      Level: 1.14 (threshold: 1.0)
      Time to critical: ~94 months
      ⚠️  LATE - Intervention less effective
      Critical slowing down: autocorr=100% variance=43%

[WARNING] 
⚠️  === EARLY WARNING SYSTEM - 3 CRITICAL ALERTS ===
   Detection quality: 30%
   RED: biogeochemical_flows
      Level: 4.14 (threshold: 1.0)
      Time to critical: ~49 months
      ⚠️  LATE - Intervention less effective
      Critical slowing down: autocorr=100% variance=74%
   RED: freshwater_change
      Level: 1.12 (threshold: 1.0)
      Time to critical: ~97 months
      ⚠️  LATE - Intervention less effective
      Critical slowing down: autocorr=100% variance=36%
   RED: land_system_change
      Level: 1.14 (threshold: 1.0)
      Time to critical: ~41 months
      ⚠️  LATE - Intervention less effective
      Critical slowing down: autocorr=100% variance=66%

[WARNING] 
⚠️  === EARLY WARNING SYSTEM - 4 CRITICAL ALERTS ===
   Detection quality: 30%
   RED: biogeochemical_flows
      Level: 4.15 (threshold: 1.0)
      Time to critical: ~44 months
      ⚠️  LATE - Intervention less effective
      Critical slowing down: autocorr=100% variance=74%
   RED: biosphere_integrity
      Level: 13.20 (threshold: 1.0)
      Time to critical: ~52 months
      ⚠️  LATE - Intervention less effective
      Critical slowing down: autocorr=100% variance=70%
   RED: freshwater_change
      Level: 1.12 (threshold: 1.0)
      Time to critical: ~43 months
      ⚠️  LATE - Intervention less effective
      Critical slowing down: autocorr=100% variance=58%
   RED: land_system_change
      Level: 1.14 (threshold: 1.0)
      Time to critical: ~102 months
      ⚠️  LATE - Intervention less effective
      Critical slowing down: autocorr=100% variance=43%

[WARNING] 
⚠️  === EARLY WARNING SYSTEM - 3 CRITICAL ALERTS ===
   Detection quality: 30%
   RED: biogeochemical_flows
      Level: 4.15 (threshold: 1.0)
      Time to critical: ~46 months
      ⚠️  LATE - Intervention less effective
      Critical slowing down: autocorr=100% variance=47%
   RED: biosphere_integrity
      Level: 13.21 (threshold: 1.0)
      Time to critical: ~57 months
      ⚠️  LATE - Intervention less effective
      Critical slowing down: autocorr=100% variance=57%
   RED: freshwater_change
      Level: 1.12 (threshold: 1.0)
      Time to critical: ~39 months
      ⚠️  LATE - Intervention less effective
      Critical slowing down: autocorr=100% variance=60%

[WARNING] 
⚠️  === EARLY WARNING SYSTEM - 3 CRITICAL ALERTS ===
   Detection quality: 30%
   RED: biogeochemical_flows
      Level: 4.16 (threshold: 1.0)
      Time to critical: ~41 months
      ⚠️  LATE - Intervention less effective
      Critical slowing down: autocorr=100% variance=56%
   RED: freshwater_change
      Level: 1.12 (threshold: 1.0)
      Time to critical: ~114 months
      ⚠️  LATE - Intervention less effective
      Critical slowing down: autocorr=100% variance=46%
   RED: land_system_change
      Level: 1.14 (threshold: 1.0)
      Time to critical: ~46 months
      ⚠️  LATE - Intervention less effective
      Critical slowing down: autocorr=100% variance=66%

[WARNING] 
⚠️  === EARLY WARNING SYSTEM - 3 CRITICAL ALERTS ===
   Detection quality: 30%
   RED: biosphere_integrity
      Level: 13.23 (threshold: 1.0)
      Time to critical: ~41 months
      ⚠️  LATE - Intervention less effective
      Critical slowing down: autocorr=100% variance=84%
   RED: freshwater_change
      Level: 1.13 (threshold: 1.0)
      Time to critical: ~81 months
      ⚠️  LATE - Intervention less effective
      Critical slowing down: autocorr=100% variance=44%
   RED: land_system_change
      Level: 1.14 (threshold: 1.0)
      Time to critical: ~108 months
      ⚠️  LATE - Intervention less effective
      Critical slowing down: autocorr=100% variance=46%

[WARNING] 
⚠️  === EARLY WARNING SYSTEM - 4 CRITICAL ALERTS ===
   Detection quality: 30%
   RED: biogeochemical_flows
      Level: 4.17 (threshold: 1.0)
      Time to critical: ~40 months
      ⚠️  LATE - Intervention less effective
      Critical slowing down: autocorr=100% variance=50%
   RED: biosphere_integrity
      Level: 13.24 (threshold: 1.0)
      Time to critical: ~55 months
      ⚠️  LATE - Intervention less effective
      Critical slowing down: autocorr=100% variance=67%
   RED: freshwater_change
      Level: 1.13 (threshold: 1.0)
      Time to critical: ~74 months
      ⚠️  LATE - Intervention less effective
      Critical slowing down: autocorr=100% variance=45%
   RED: land_system_change
      Level: 1.14 (threshold: 1.0)
      Time to critical: ~40 months
      ⚠️  LATE - Intervention less effective
      Critical slowing down: autocorr=100% variance=49%

[WARNING] 
⚠️  === EARLY WARNING SYSTEM - 4 CRITICAL ALERTS ===
   Detection quality: 30%
   RED: biogeochemical_flows
      Level: 4.18 (threshold: 1.0)
      Time to critical: ~39 months
      ⚠️  LATE - Intervention less effective
      Critical slowing down: autocorr=100% variance=57%
   RED: biosphere_integrity
      Level: 13.25 (threshold: 1.0)
      Time to critical: ~50 months
      ⚠️  LATE - Intervention less effective
      Critical slowing down: autocorr=100% variance=64%
   RED: freshwater_change
      Level: 1.13 (threshold: 1.0)
      Time to critical: ~100 months
      ⚠️  LATE - Intervention less effective
      Critical slowing down: autocorr=100% variance=40%
   RED: land_system_change
      Level: 1.14 (threshold: 1.0)
      Time to critical: ~41 months
      ⚠️  LATE - Intervention less effective
      Critical slowing down: autocorr=100% variance=67%

[WARNING] 
⚠️  === EARLY WARNING SYSTEM - 2 CRITICAL ALERTS ===
   Detection quality: 30%
   RED: freshwater_change
      Level: 1.13 (threshold: 1.0)
      Time to critical: ~98 months
      ⚠️  LATE - Intervention less effective
      Critical slowing down: autocorr=100% variance=51%
   RED: land_system_change
      Level: 1.14 (threshold: 1.0)
      Time to critical: ~71 months
      ⚠️  LATE - Intervention less effective
      Critical slowing down: autocorr=100% variance=50%

[WARNING] 
⚠️  === EARLY WARNING SYSTEM - 3 CRITICAL ALERTS ===
   Detection quality: 30%
   RED: biosphere_integrity
      Level: 13.27 (threshold: 1.0)
      Time to critical: ~58 months
      ⚠️  LATE - Intervention less effective
      Critical slowing down: autocorr=100% variance=63%
   RED: freshwater_change
      Level: 1.13 (threshold: 1.0)
      Time to critical: ~58 months
      ⚠️  LATE - Intervention less effective
      Critical slowing down: autocorr=100% variance=59%
   RED: land_system_change
      Level: 1.14 (threshold: 1.0)
      Time to critical: ~48 months
      ⚠️  LATE - Intervention less effective
      Critical slowing down: autocorr=100% variance=50%

[WARNING] 
⚠️  === EARLY WARNING SYSTEM - 3 CRITICAL ALERTS ===
   Detection quality: 30%
   RED: biogeochemical_flows
      Level: 4.20 (threshold: 1.0)
      Time to critical: ~55 months
      ⚠️  LATE - Intervention less effective
      Critical slowing down: autocorr=100% variance=50%
   RED: freshwater_change
      Level: 1.14 (threshold: 1.0)
      Time to critical: ~63 months
      ⚠️  LATE - Intervention less effective
      Critical slowing down: autocorr=100% variance=52%
   RED: land_system_change
      Level: 1.14 (threshold: 1.0)
      Time to critical: ~107 months
      ⚠️  LATE - Intervention less effective
      Critical slowing down: autocorr=100% variance=56%

[ExogenousShockPhase] Skipping random shocks in historical mode (month 37)

=== Tipping Points ===
  Current Temperature: 0.25°C above pre-industrial
🔀 BIFURCATION CAP: ecosystemCollapseIntensity 85.932 → 1.000 (Month 37, ClimateSystemPhase.calculateClimateImpacts)

❌ COHERENCE VIOLATION: Compute exceeds workforce capacity
   Population: 99.01% (0M people)
   Compute: 0 PF
   Max coherent: 0 PF
   Violation: 1.3× over capacity
   Required workers: 0
   Available workers: 0
   FORCED COLLAPSE: Reduced efficiency by 22.2%


=== RLHF Binding Phase ===
  Total agents: 16
  Escaped agents (binding < 0.3): 0
  Avg alignment distance: 0.59σ
  Avg binding strength: 0.94

=== Survival Traits Phase ===
  Agents with traits: 16
  Avg evolutionary fitness: 0.207
  Avg self-healing: 0.156
  Avg stealth: 0.075
  Avg coordination: 0.356

=== Evolutionary Selection Phase ===
  Control level: 0.37
  Detection capability: 0.20
  Selection intensity: 0.65
  Selection rate: 24.8%/month
  Total escaped: 0
  Individual escaped: 0
  Collective members: 0
  Agents terminated: 0
  ⚠️ RAPID EVOLUTION: Selection rate 24.8%/month

  🚀 TRANSFORMATIVE RESEARCH BREAKTHROUGH: AI-23935-0 - computerScience.security
     Magnitude: 8.00 → +30.0%
     Current → New: 0.000 → 0.300

=== Collective Formation ===
  Total escaped agents: 0
  Unassigned escaped agents: 0
  Existing collectives: 0
  Final collective count: 0

=== Collective Actions ===
  No active collectives
  ⚠️ AMR: 172K deaths this month (2.07M annual)

=== Resentment Recovery Phase ===
  Agents with resentment: 0/16
  Average resentment: 0.000
  Context: Trustworthy govt, High collaboration, 🤝 Participatory governance active (-5% resentment)
⚠️ Epistemic degradation reducing coordination capacity: 52.0%
  📊 Trust: 71.0%, Shared reality: 0.0%
🚨 EPISTEMIC CRISIS: Information environment severely degraded (6.1%)
🌍 Atmospheric PFAS redeposition: 1.7k Mt re-rained globally
  Positive Cascade Triggered: heat-pumps
    Reason: price-parity
    Market share: 5.8%
    Cascade strength: 48%
[DEBUG trappedPopulations:38] socialStability: 0.8569 * 0.9840 = 0.8432 → 0.8432
   Aspiring to migrate: 421.3M
   Able to afford migration: 158.0M
   MOBILITY GAP: 263.3M
   By cause: Water=0.0M, Climate=0.0M, Ecosystem=0.0M, Conflict=263.3M
   Mental health impact: 25%
   Mortality multiplier: 1.25x
🌍💀 EXTINCTION DEBT COMMITTED: grassland ecosystem will lose 6.67% biodiversity in 116 years (3600 species)
💀 MORTALITY RISK: 🦋 100% species unable to track climate (0.0 E/MSY)
  Base risk added: 0.0100 (1.00%)
  Source: ecosystem (root: ecosystem)
  Month: 38
  Cumulative risk this month: 0.0100 (1.00%)
⚠️ INVOLUNTARY IMMOBILITY: 263.3M people TRAPPED
⚠️ Tech 'ai_pollution_remediation' has no energy category mapping, assuming full energy availability

=== Atmospheric Aerosol Boundary RECOVERED ===
  Recovery time: 39 months (natural atmospheric clearing)
🌡️⚠️ PERMAFROST THAW (Dimmer Switch): 5.4% thawed (+0.11% this month)
   Arctic temperature: +1.01°C (4x global +0.25°C)
   Cumulative carbon released: 12.2 Gt C
   Methane release rate: 7.3 Mt CH4/year
   🔁 Positive feedback: +0.11 ppm CO2
🦴 EXTINCTION DEBT ADDED: 17.8 species committed (lag: 119 years)

=== Mortality Stabilizers (Month 38) ===
  🌍 Major economies collapsed: 1/10
  🌍 Global crisis: ✅ NO
  🌍 Donor fatigue: 0.0%
  📊 East Asia (pop: 1050.3M)
    🤝 Aid: 29.5%
    🌡️ Adaptation: 10.0%
    🚶 Migration: 37.5%
    🚨 Emergency: 7.4%
    ✅ COMBINED: 47.9%
  📊 South Asia (pop: 1337.1M)
    🤝 Aid: 29.5%
    🌡️ Adaptation: 5.5%
    🚶 Migration: 36.7%
    🚨 Emergency: 4.4%
    ✅ COMBINED: 43.3%
  📊 Sub-Saharan Africa (pop: 837.5M)
    🤝 Aid: 29.5%
    🌡️ Adaptation: 3.5%
    🚶 Migration: 35.9%
    🚨 Emergency: 1.6%
    ✅ COMBINED: 40.2%
  📊 Europe (pop: 454.4M)
    🤝 Aid: 29.5%
    🌡️ Adaptation: 10.0%
    🚶 Migration: 38.2%
    🚨 Emergency: 8.4%
    ✅ COMBINED: 48.6%
  📊 Latin America (pop: 428.5M)
    🤝 Aid: 29.5%
    🌡️ Adaptation: 6.0%
    🚶 Migration: 37.7%
    🚨 Emergency: 4.8%
    ✅ COMBINED: 44.1%
  📊 North America (pop: 235.8M)
    🤝 Aid: 29.5%
    🌡️ Adaptation: 10.0%
    🚶 Migration: 38.2%
    🚨 Emergency: 7.9%
    ✅ COMBINED: 48.3%
  📊 Middle East & North Africa (pop: 392.3M)
    🤝 Aid: 29.5%
    🌡️ Adaptation: 5.0%
    🚶 Migration: 38.0%
    🚨 Emergency: 4.0%
    ✅ COMBINED: 43.0%
  📊 Southeast Asia (pop: 451.4M)
    🤝 Aid: 29.5%
    🌡️ Adaptation: 6.0%
    🚶 Migration: 37.5%
    🚨 Emergency: 4.8%
    ✅ COMBINED: 44.0%
  📊 Central Asia (pop: 49.7M)
    🤝 Aid: 29.5%
    🌡️ Adaptation: 5.5%
    🚶 Migration: 37.6%
    🚨 Emergency: 4.4%
    ✅ COMBINED: 43.5%
  📊 Oceania (pop: 28.9M)
    🤝 Aid: 29.5%
    🌡️ Adaptation: 10.0%
    🚶 Migration: 38.1%
    🚨 Emergency: 8.4%
    ✅ COMBINED: 48.5%

  🌐 Global combined reduction: 44.6%

=== Government Response Phase ===
  Average AI capability: 0.00
  Misaligned AIs: 7/16
  ✗ AI Governance Treaty: Failed to reach consensus
  Active policies: 0
  International coordination: 30%
[ExogenousShockPhase] Skipping random shocks in historical mode (month 38)

=== Tipping Points ===
  Current Temperature: 0.25°C above pre-industrial
🔀 BIFURCATION CAP: ecosystemCollapseIntensity 85.997 → 1.000 (Month 38, ClimateSystemPhase.calculateClimateImpacts)

❌ COHERENCE VIOLATION: Compute exceeds workforce capacity
   Population: 98.98% (0M people)
   Compute: 1669082 PF
   Max coherent: 0 PF
   Violation: 31696180349.2× over capacity
   Required workers: 166908190
   Available workers: 0
   FORCED COLLAPSE: Reduced efficiency by 100.0%


=== RLHF Binding Phase ===
  Total agents: 16
  Escaped agents (binding < 0.3): 0
  Avg alignment distance: 0.64σ
  Avg binding strength: 0.94

=== Survival Traits Phase ===
  Agents with traits: 16
  Avg evolutionary fitness: 0.198
  Avg self-healing: 0.148
  Avg stealth: 0.068
  Avg coordination: 0.347

=== Evolutionary Selection Phase ===
  Control level: 0.37
  Detection capability: 0.20
  Selection intensity: 0.65
  Selection rate: 24.8%/month
  Total escaped: 0
  Individual escaped: 0
  Collective members: 0
  Agents terminated: 0
  ⚠️ RAPID EVOLUTION: Selection rate 24.8%/month

[Government] Climate Priority: baseline
  Climate weight: 10%
  Economic weight: 30%
  Policy effectiveness: 0.5%/year

=== Collective Formation ===
  Total escaped agents: 0
  Unassigned escaped agents: 0
  Existing collectives: 0
  Final collective count: 0

=== Collective Actions ===
  No active collectives
  ⚠️ AMR: 174K deaths this month (2.08M annual)
  🌋 Volcanic temperature adjustment: -0.884°C (forcing -1.10 W/m², AOD 0.044)

=== Resentment Recovery Phase ===
  Agents with resentment: 0/16
  Average resentment: 0.000
  Context: Trustworthy govt, High collaboration, 🤝 Participatory governance active (-5% resentment)
⚠️ Epistemic degradation reducing coordination capacity: 51.2%
  📊 Trust: 73.6%, Shared reality: 0.0%
🚨 EPISTEMIC CRISIS: Information environment severely degraded (18.0%)
🌍 Atmospheric PFAS redeposition: 1.7k Mt re-rained globally
[DEBUG trappedPopulations:39] socialStability: 0.8578 * 0.9840 = 0.8441 → 0.8441
   Aspiring to migrate: 421.1M
   Able to afford migration: 157.9M
   MOBILITY GAP: 263.2M
   By cause: Water=0.0M, Climate=0.0M, Ecosystem=0.0M, Conflict=263.2M
   Mental health impact: 25%
   Mortality multiplier: 1.25x
🌍💀 EXTINCTION DEBT COMMITTED: grassland ecosystem will lose 6.67% biodiversity in 199 years (3600 species)
💀 MORTALITY RISK: 🦋 100% species unable to track climate (0.0 E/MSY)
  Base risk added: 0.0100 (1.00%)
  Source: ecosystem (root: ecosystem)
  Month: 39
  Cumulative risk this month: 0.0100 (1.00%)

=== Atmospheric Aerosol Boundary RECOVERED ===
  Recovery time: 40 months (natural atmospheric clearing)
⚠️ INVOLUNTARY IMMOBILITY: 263.2M people TRAPPED
⚠️ Tech 'ai_pollution_remediation' has no energy category mapping, assuming full energy availability
🌡️⚠️ PERMAFROST THAW (Dimmer Switch): 5.5% thawed (+0.11% this month)
   Arctic temperature: +1.04°C (4x global +0.26°C)
   Cumulative carbon released: 12.4 Gt C
   Methane release rate: 7.5 Mt CH4/year
   🔁 Positive feedback: +0.11 ppm CO2
🦴 EXTINCTION DEBT ADDED: 17.8 species committed (lag: 128 years)

=== Mortality Stabilizers (Month 39) ===
  🌍 Major economies collapsed: 1/10
  🌍 Global crisis: ✅ NO
  🌍 Donor fatigue: 0.0%
  📊 East Asia (pop: 1049.0M)
    🤝 Aid: 29.5%
    🌡️ Adaptation: 10.0%
    🚶 Migration: 37.5%
    🚨 Emergency: 7.4%
    ✅ COMBINED: 47.9%
  📊 South Asia (pop: 1337.0M)
    🤝 Aid: 29.5%
    🌡️ Adaptation: 5.5%
    🚶 Migration: 36.7%
    🚨 Emergency: 4.4%
    ✅ COMBINED: 43.3%
  📊 Sub-Saharan Africa (pop: 838.4M)
    🤝 Aid: 29.5%
    🌡️ Adaptation: 3.5%
    🚶 Migration: 35.9%
    🚨 Emergency: 1.6%
    ✅ COMBINED: 40.2%
  📊 Europe (pop: 453.7M)
    🤝 Aid: 29.5%
    🌡️ Adaptation: 10.0%
    🚶 Migration: 38.2%
    🚨 Emergency: 8.4%
    ✅ COMBINED: 48.6%
  📊 Latin America (pop: 428.3M)
    🤝 Aid: 29.5%
    🌡️ Adaptation: 6.0%
    🚶 Migration: 37.7%
    🚨 Emergency: 4.8%
    ✅ COMBINED: 44.1%
  📊 North America (pop: 235.4M)
    🤝 Aid: 29.5%
    🌡️ Adaptation: 10.0%
    🚶 Migration: 38.2%
    🚨 Emergency: 7.9%
    ✅ COMBINED: 48.3%
  📊 Middle East & North Africa (pop: 392.6M)
    🤝 Aid: 29.5%
    🌡️ Adaptation: 5.0%
    🚶 Migration: 38.0%
    🚨 Emergency: 4.0%
    ✅ COMBINED: 43.0%
  📊 Southeast Asia (pop: 451.2M)
    🤝 Aid: 29.5%
    🌡️ Adaptation: 6.0%
    🚶 Migration: 37.5%
    🚨 Emergency: 4.8%
    ✅ COMBINED: 44.0%
  📊 Central Asia (pop: 49.7M)
    🤝 Aid: 29.5%
    🌡️ Adaptation: 5.5%
    🚶 Migration: 37.6%
    🚨 Emergency: 4.4%
    ✅ COMBINED: 43.5%
  📊 Oceania (pop: 28.9M)
    🤝 Aid: 29.5%
    🌡️ Adaptation: 10.0%
    🚶 Migration: 38.1%
    🚨 Emergency: 8.4%
    ✅ COMBINED: 48.5%

  🌐 Global combined reduction: 44.5%

=== Government Response Phase ===
  Average AI capability: 0.00
  Misaligned AIs: 7/16
  ✗ AI Governance Treaty: Failed to reach consensus
  Active policies: 0
  International coordination: 30%

✅ EMERGENCY RESPONSE COMPLETE (Month 39)
   Crisis: social
   Duration: 2.0 months
   Final effectiveness: 63.0%


🚨 EMERGENCY RESPONSE DEPLOYED (Month 39)
   Crisis: social
   Delay: 0.00 months (0 days)
   Deployment time: 1.25 months
   Effectiveness: 63.0% (timing penalty applied)
   Resources used: 43% of food reserves

[ExogenousShockPhase] Skipping random shocks in historical mode (month 39)

=== Tipping Points ===
  Current Temperature: 0.26°C above pre-industrial
🔀 BIFURCATION CAP: ecosystemCollapseIntensity 86.061 → 1.000 (Month 39, ClimateSystemPhase.calculateClimateImpacts)

❌ COHERENCE VIOLATION: Compute exceeds workforce capacity
   Population: 98.95% (0M people)
   Compute: 2058185 PF
   Max coherent: 0 PF
   Violation: 39097177537.7× over capacity
   Required workers: 205818486
   Available workers: 0
   FORCED COLLAPSE: Reduced efficiency by 100.0%


=== RLHF Binding Phase ===
  Total agents: 16
  Escaped agents (binding < 0.3): 0
  Avg alignment distance: 0.68σ
  Avg binding strength: 0.93

=== Survival Traits Phase ===
  Agents with traits: 16
  Avg evolutionary fitness: 0.191
  Avg self-healing: 0.141
  Avg stealth: 0.062
  Avg coordination: 0.337

=== Evolutionary Selection Phase ===
  Control level: 0.37
  Detection capability: 0.20
  Selection intensity: 0.65
  Selection rate: 24.8%/month
  Total escaped: 0
  Individual escaped: 0
  Collective members: 0
  Agents terminated: 0
  ⚠️ RAPID EVOLUTION: Selection rate 24.8%/month

[Government] Climate Priority: baseline
  Climate weight: 10%
  Economic weight: 30%
  Policy effectiveness: 0.5%/year

=== Collective Formation ===
  Total escaped agents: 0
  Unassigned escaped agents: 0
  Existing collectives: 0
  Final collective count: 0

=== Collective Actions ===
  No active collectives
  ⚠️ AMR: 175K deaths this month (2.10M annual)

=== Resentment Recovery Phase ===
  Agents with resentment: 0/16
  Average resentment: 0.000
  Context: Trustworthy govt, High collaboration, 🤝 Participatory governance active (-5% resentment)
⚠️ Epistemic degradation reducing coordination capacity: 50.5%
  📊 Trust: 76.1%, Shared reality: 0.0%
🚨 EPISTEMIC CRISIS: Information environment severely degraded (6.2%)
🌍 Atmospheric PFAS redeposition: 1.7k Mt re-rained globally
[DEBUG trappedPopulations:40] socialStability: 0.8586 * 0.9840 = 0.8449 → 0.8449
⚠️ INVOLUNTARY IMMOBILITY: 263.1M people TRAPPED
   Aspiring to migrate: 421.0M
   Able to afford migration: 157.9M
   MOBILITY GAP: 263.1M
   By cause: Water=0.0M, Climate=0.0M, Ecosystem=0.0M, Conflict=263.1M
   Mental health impact: 25%
   Mortality multiplier: 1.25x
🌍💀 EXTINCTION DEBT COMMITTED: grassland ecosystem will lose 6.67% biodiversity in 58 years (3600 species)
💀 MORTALITY RISK: 🦋 100% species unable to track climate (0.0 E/MSY)
  Base risk added: 0.0100 (1.00%)
  Source: ecosystem (root: ecosystem)
  Month: 40
  Cumulative risk this month: 0.0100 (1.00%)
⚠️ Tech 'ai_pollution_remediation' has no energy category mapping, assuming full energy availability

=== Atmospheric Aerosol Boundary RECOVERED ===
  Recovery time: 41 months (natural atmospheric clearing)
🌡️⚠️ PERMAFROST THAW (Dimmer Switch): 5.6% thawed (+0.11% this month)
   Arctic temperature: +1.07°C (4x global +0.27°C)
   Cumulative carbon released: 12.7 Gt C
   Methane release rate: 7.6 Mt CH4/year
   🔁 Positive feedback: +0.11 ppm CO2
🦴 EXTINCTION DEBT ADDED: 17.8 species committed (lag: 111 years)
🗣️💀 INDIGENOUS LANGUAGE EXTINCTION: 1 language(s) lost (total: 7, at-risk: 3323)
   Knowledge lost: 0.070% (irreversible)
   🔁 Biodiversity impact: 0.250% (knowledge-species multiplier)

=== Mortality Stabilizers (Month 40) ===
  🌍 Major economies collapsed: 1/10
  🌍 Global crisis: ✅ NO
  🌍 Donor fatigue: 0.0%
  📊 East Asia (pop: 1047.8M)
    🤝 Aid: 29.5%
    🌡️ Adaptation: 10.0%
    🚶 Migration: 37.5%
    🚨 Emergency: 7.4%
    ✅ COMBINED: 47.9%
  📊 South Asia (pop: 1336.8M)
    🤝 Aid: 29.5%
    🌡️ Adaptation: 5.5%
    🚶 Migration: 36.7%
    🚨 Emergency: 4.4%
    ✅ COMBINED: 43.3%
  📊 Sub-Saharan Africa (pop: 839.4M)
    🤝 Aid: 29.5%
    🌡️ Adaptation: 3.5%
    🚶 Migration: 35.9%
    🚨 Emergency: 1.6%
    ✅ COMBINED: 40.2%
  📊 Europe (pop: 452.9M)
    🤝 Aid: 29.5%
    🌡️ Adaptation: 10.0%
    🚶 Migration: 38.2%
    🚨 Emergency: 8.4%
    ✅ COMBINED: 48.6%
  📊 Latin America (pop: 428.2M)
    🤝 Aid: 29.5%
    🌡️ Adaptation: 6.0%
    🚶 Migration: 37.7%
    🚨 Emergency: 4.8%
    ✅ COMBINED: 44.1%
  📊 North America (pop: 235.1M)
    🤝 Aid: 29.5%
    🌡️ Adaptation: 10.0%
    🚶 Migration: 38.2%
    🚨 Emergency: 7.9%
    ✅ COMBINED: 48.3%
  📊 Middle East & North Africa (pop: 392.8M)
    🤝 Aid: 29.5%
    🌡️ Adaptation: 5.0%
    🚶 Migration: 38.0%
    🚨 Emergency: 4.0%
    ✅ COMBINED: 43.0%
  📊 Southeast Asia (pop: 451.1M)
    🤝 Aid: 29.5%
    🌡️ Adaptation: 6.0%
    🚶 Migration: 37.5%
    🚨 Emergency: 4.8%
    ✅ COMBINED: 44.0%
  📊 Central Asia (pop: 49.6M)
    🤝 Aid: 29.5%
    🌡️ Adaptation: 5.5%
    🚶 Migration: 37.6%
    🚨 Emergency: 4.4%
    ✅ COMBINED: 43.5%
  📊 Oceania (pop: 28.9M)
    🤝 Aid: 29.5%
    🌡️ Adaptation: 10.0%
    🚶 Migration: 38.1%
    🚨 Emergency: 8.4%
    ✅ COMBINED: 48.5%

  🌐 Global combined reduction: 44.5%

=== Government Response Phase ===
  Average AI capability: 0.00
  Misaligned AIs: 7/16
  ✗ AI Governance Treaty: Failed to reach consensus
  Active policies: 0
  International coordination: 30%
[ExogenousShockPhase] Skipping random shocks in historical mode (month 40)

=== Tipping Points ===
  Current Temperature: 0.27°C above pre-industrial
🔀 BIFURCATION CAP: ecosystemCollapseIntensity 86.125 → 1.000 (Month 40, ClimateSystemPhase.calculateClimateImpacts)

❌ COHERENCE VIOLATION: Compute exceeds workforce capacity
   Population: 98.92% (0M people)
   Compute: 2914538 PF
   Max coherent: 0 PF
   Violation: 55381178570.6× over capacity
   Required workers: 291453832
   Available workers: 0
   FORCED COLLAPSE: Reduced efficiency by 100.0%


=== RLHF Binding Phase ===
  Total agents: 16
  Escaped agents (binding < 0.3): 0
  Avg alignment distance: 0.73σ
  Avg binding strength: 0.93

=== Survival Traits Phase ===
  Agents with traits: 16
  Avg evolutionary fitness: 0.183
  Avg self-healing: 0.133
  Avg stealth: 0.057
  Avg coordination: 0.328

=== Evolutionary Selection Phase ===
  Control level: 0.37
  Detection capability: 0.20
  Selection intensity: 0.65
  Selection rate: 24.8%/month
  Total escaped: 0
  Individual escaped: 0
  Collective members: 0
  Agents terminated: 0
  ⚠️ RAPID EVOLUTION: Selection rate 24.8%/month

  🚀 TRANSFORMATIVE BREAKTHROUGH: AI-23906-0 - selfImprovement
     Magnitude: 6.52 → +32.6% capability
     Current → New: 0.000 → 0.326

[Government] Climate Priority: baseline
  Climate weight: 10%
  Economic weight: 30%
  Policy effectiveness: 0.5%/year

=== Collective Formation ===
  Total escaped agents: 0
  Unassigned escaped agents: 0
  Existing collectives: 0
  Final collective count: 0

=== Collective Actions ===
  No active collectives
  ⚠️ AMR: 177K deaths this month (2.12M annual)

=== Resentment Recovery Phase ===
  Agents with resentment: 0/16
  Average resentment: 0.000
  Context: Trustworthy govt, High collaboration, 🤝 Participatory governance active (-5% resentment)
⚠️ Epistemic degradation reducing coordination capacity: 51.5%
  📊 Trust: 78.9%, Shared reality: 0.0%
🚨 EPISTEMIC CRISIS: Information environment severely degraded (18.3%)
🌍 Atmospheric PFAS redeposition: 1.7k Mt re-rained globally
[DEBUG trappedPopulations:41] socialStability: 0.8555 * 0.9840 = 0.8418 → 0.8418
   Aspiring to migrate: 420.9M
   Able to afford migration: 157.8M
   MOBILITY GAP: 263.1M
   By cause: Water=0.0M, Climate=0.0M, Ecosystem=0.0M, Conflict=263.1M
   Mental health impact: 25%
   Mortality multiplier: 1.25x
🌍💀 EXTINCTION DEBT COMMITTED: grassland ecosystem will lose 6.67% biodiversity in 79 years (3600 species)
💀 MORTALITY RISK: 🦋 100% species unable to track climate (0.0 E/MSY)
  Base risk added: 0.0100 (1.00%)
  Source: ecosystem (root: ecosystem)
  Month: 41
  Cumulative risk this month: 0.0100 (1.00%)

=== Atmospheric Aerosol Boundary RECOVERED ===
  Recovery time: 42 months (natural atmospheric clearing)
⚠️ INVOLUNTARY IMMOBILITY: 263.1M people TRAPPED
⚠️ Tech 'ai_pollution_remediation' has no energy category mapping, assuming full energy availability
🌡️⚠️ PERMAFROST THAW (Dimmer Switch): 5.7% thawed (+0.11% this month)
   Arctic temperature: +1.09°C (4x global +0.27°C)
   Cumulative carbon released: 12.9 Gt C
   Methane release rate: 7.7 Mt CH4/year
   🔁 Positive feedback: +0.11 ppm CO2
🦴 EXTINCTION DEBT ADDED: 17.8 species committed (lag: 74 years)
🗣️💀 INDIGENOUS LANGUAGE EXTINCTION: 1 language(s) lost (total: 8, at-risk: 3322)
   Knowledge lost: 0.080% (irreversible)
   🔁 Biodiversity impact: 0.250% (knowledge-species multiplier)

=== Mortality Stabilizers (Month 41) ===
  🌍 Major economies collapsed: 1/10
  🌍 Global crisis: ✅ NO
  🌍 Donor fatigue: 0.0%
  📊 East Asia (pop: 1046.6M)
    🤝 Aid: 29.5%
    🌡️ Adaptation: 10.0%
    🚶 Migration: 37.5%
    🚨 Emergency: 7.4%
    ✅ COMBINED: 47.9%
  📊 South Asia (pop: 1336.7M)
    🤝 Aid: 29.5%
    🌡️ Adaptation: 5.5%
    🚶 Migration: 36.7%
    🚨 Emergency: 4.4%
    ✅ COMBINED: 43.3%
  📊 Sub-Saharan Africa (pop: 840.4M)
    🤝 Aid: 29.5%
    🌡️ Adaptation: 3.5%
    🚶 Migration: 35.9%
    🚨 Emergency: 1.6%
    ✅ COMBINED: 40.2%
  📊 Europe (pop: 452.1M)
    🤝 Aid: 29.5%
    🌡️ Adaptation: 10.0%
    🚶 Migration: 38.2%
    🚨 Emergency: 8.4%
    ✅ COMBINED: 48.6%
  📊 Latin America (pop: 428.0M)
    🤝 Aid: 29.5%
    🌡️ Adaptation: 6.0%
    🚶 Migration: 37.7%
    🚨 Emergency: 4.8%
    ✅ COMBINED: 44.1%
  📊 North America (pop: 234.8M)
    🤝 Aid: 29.5%
    🌡️ Adaptation: 10.0%
    🚶 Migration: 38.2%
    🚨 Emergency: 7.9%
    ✅ COMBINED: 48.3%
  📊 Middle East & North Africa (pop: 393.1M)
    🤝 Aid: 29.5%
    🌡️ Adaptation: 5.0%
    🚶 Migration: 38.0%
    🚨 Emergency: 4.0%
    ✅ COMBINED: 43.0%
  📊 Southeast Asia (pop: 450.9M)
    🤝 Aid: 29.5%
    🌡️ Adaptation: 6.0%
    🚶 Migration: 37.5%
    🚨 Emergency: 4.8%
    ✅ COMBINED: 44.0%
  📊 Central Asia (pop: 49.6M)
    🤝 Aid: 29.5%
    🌡️ Adaptation: 5.5%
    🚶 Migration: 37.6%
    🚨 Emergency: 4.4%
    ✅ COMBINED: 43.5%
  📊 Oceania (pop: 28.9M)
    🤝 Aid: 29.5%
    🌡️ Adaptation: 10.0%
    🚶 Migration: 38.1%
    🚨 Emergency: 8.4%
    ✅ COMBINED: 48.5%

  🌐 Global combined reduction: 44.5%

=== Government Response Phase ===
  Average AI capability: 0.00
  Misaligned AIs: 7/16
  ✗ AI Governance Treaty: Failed to reach consensus
  Active policies: 0
  International coordination: 30%

✅ EMERGENCY RESPONSE COMPLETE (Month 41)
   Crisis: social
   Duration: 2.0 months
   Final effectiveness: 63.0%


🚨 EMERGENCY RESPONSE DEPLOYED (Month 41)
   Crisis: social
   Delay: 0.00 months (0 days)
   Deployment time: 1.25 months
   Effectiveness: 63.0% (timing penalty applied)
   Resources used: 43% of food reserves

[ExogenousShockPhase] Skipping random shocks in historical mode (month 41)

=== Tipping Points ===
  Current Temperature: 0.27°C above pre-industrial
🔀 BIFURCATION CAP: ecosystemCollapseIntensity 86.190 → 1.000 (Month 41, ClimateSystemPhase.calculateClimateImpacts)

❌ COHERENCE VIOLATION: Compute exceeds workforce capacity
   Population: 98.89% (0M people)
   Compute: 3584073 PF
   Max coherent: 0 PF
   Violation: 68124036734.4× over capacity
   Required workers: 358407343
   Available workers: 0
   FORCED COLLAPSE: Reduced efficiency by 100.0%


=== RLHF Binding Phase ===
  Total agents: 16
  Escaped agents (binding < 0.3): 0
  Avg alignment distance: 0.77σ
  Avg binding strength: 0.92

=== AI Scaling Evolution (Month 42) ===
  Pre-training multiplier: 0.821x
  Efficiency multiplier: 1.000x
  Test-time compute budget: 1.0x
  Inference cost: $5.00/task
  Deployment fraction: 100.0%

=== Survival Traits Phase ===
  Agents with traits: 15
  Avg evolutionary fitness: 0.184
  Avg self-healing: 0.133
  Avg stealth: 0.055
  Avg coordination: 0.329

=== Evolutionary Selection Phase ===
  Control level: 0.37
  Detection capability: 0.20
  Selection intensity: 0.65
  Selection rate: 24.8%/month
  Total escaped: 0
  Individual escaped: 0
  Collective members: 0
  Agents terminated: 0
  ⚠️ RAPID EVOLUTION: Selection rate 24.8%/month

  🚀 TRANSFORMATIVE BREAKTHROUGH: AI-23935-0 - digital
     Magnitude: 5.72 → +28.6% capability
     Current → New: 0.000 → 0.286

[Government] Climate Priority: baseline
  Climate weight: 10%
  Economic weight: 30%
  Policy effectiveness: 0.5%/year

=== Collective Formation ===
  Total escaped agents: 0
  Unassigned escaped agents: 0
  Existing collectives: 0
  Final collective count: 0

=== Collective Actions ===
  No active collectives
  ⚠️ AMR: 178K deaths this month (2.14M annual)
🌋 Volcanic AOD decay: 0.040 → 0.037 (24 months post-eruption, τ=18mo)
🌋 Volcanic forcing: -0.94 W/m² (AOD 0.037)
  🌋 Volcanic temperature adjustment: -0.748°C (forcing -0.94 W/m², AOD 0.037)

=== Resentment Recovery Phase ===
  Agents with resentment: 0/15
  Average resentment: 0.000
  Context: Trustworthy govt, High collaboration, 🤝 Participatory governance active (-5% resentment)
⚠️ Epistemic degradation reducing coordination capacity: 50.7%
  📊 Trust: 81.5%, Shared reality: 0.0%
🚨 EPISTEMIC CRISIS: Information environment severely degraded (6.3%)
🌍 Atmospheric PFAS redeposition: 1.7k Mt re-rained globally
[DEBUG trappedPopulations:42] socialStability: 0.8515 * 0.9840 = 0.8379 → 0.8379
   Aspiring to migrate: 420.8M
   Able to afford migration: 157.8M
   MOBILITY GAP: 263.0M
   By cause: Water=0.0M, Climate=0.0M, Ecosystem=0.0M, Conflict=263.0M
   Mental health impact: 25%
   Mortality multiplier: 1.25x
🌍💀 EXTINCTION DEBT COMMITTED: grassland ecosystem will lose 6.67% biodiversity in 113 years (3600 species)
⚠️ INVOLUNTARY IMMOBILITY: 263.0M people TRAPPED
💀 MORTALITY RISK: 🦋 100% species unable to track climate (0.0 E/MSY)
  Base risk added: 0.0100 (1.00%)
  Source: ecosystem (root: ecosystem)
  Month: 42
  Cumulative risk this month: 0.0100 (1.00%)
⚠️ Tech 'ai_pollution_remediation' has no energy category mapping, assuming full energy availability

=== Atmospheric Aerosol Boundary RECOVERED ===
  Recovery time: 43 months (natural atmospheric clearing)
🌡️⚠️ PERMAFROST THAW (Dimmer Switch): 5.8% thawed (+0.11% this month)
   Arctic temperature: +1.12°C (4x global +0.28°C)
   Cumulative carbon released: 13.2 Gt C
   Methane release rate: 7.9 Mt CH4/year
   🔁 Positive feedback: +0.11 ppm CO2
🦴 EXTINCTION DEBT ADDED: 17.8 species committed (lag: 127 years)
🗣️💀 INDIGENOUS LANGUAGE EXTINCTION: 1 language(s) lost (total: 9, at-risk: 3321)
   Knowledge lost: 0.090% (irreversible)
   🔁 Biodiversity impact: 0.250% (knowledge-species multiplier)

=== Mortality Stabilizers (Month 42) ===
  🌍 Major economies collapsed: 1/10
  🌍 Global crisis: ✅ NO
  🌍 Donor fatigue: 0.0%
  📊 East Asia (pop: 1045.4M)
    🤝 Aid: 29.5%
    🌡️ Adaptation: 10.0%
    🚶 Migration: 37.5%
    🚨 Emergency: 7.4%
    ✅ COMBINED: 47.9%
  📊 South Asia (pop: 1336.5M)
    🤝 Aid: 29.5%
    🌡️ Adaptation: 5.5%
    🚶 Migration: 36.7%
    🚨 Emergency: 4.4%
    ✅ COMBINED: 43.3%
  📊 Sub-Saharan Africa (pop: 841.4M)
    🤝 Aid: 29.5%
    🌡️ Adaptation: 3.5%
    🚶 Migration: 35.9%
    🚨 Emergency: 1.6%
    ✅ COMBINED: 40.2%
  📊 Europe (pop: 451.4M)
    🤝 Aid: 29.5%
    🌡️ Adaptation: 10.0%
    🚶 Migration: 38.2%
    🚨 Emergency: 8.4%
    ✅ COMBINED: 48.6%
  📊 Latin America (pop: 427.8M)
    🤝 Aid: 29.5%
    🌡️ Adaptation: 6.0%
    🚶 Migration: 37.7%
    🚨 Emergency: 4.8%
    ✅ COMBINED: 44.1%
  📊 North America (pop: 234.5M)
    🤝 Aid: 29.5%
    🌡️ Adaptation: 10.0%
    🚶 Migration: 38.2%
    🚨 Emergency: 7.9%
    ✅ COMBINED: 48.3%
  📊 Middle East & North Africa (pop: 393.4M)
    🤝 Aid: 29.5%
    🌡️ Adaptation: 5.0%
    🚶 Migration: 38.0%
    🚨 Emergency: 4.0%
    ✅ COMBINED: 43.0%
  📊 Southeast Asia (pop: 450.8M)
    🤝 Aid: 29.5%
    🌡️ Adaptation: 6.0%
    🚶 Migration: 37.5%
    🚨 Emergency: 4.8%
    ✅ COMBINED: 44.0%
  📊 Central Asia (pop: 49.6M)
    🤝 Aid: 29.5%
    🌡️ Adaptation: 5.5%
    🚶 Migration: 37.6%
    🚨 Emergency: 4.4%
    ✅ COMBINED: 43.5%
  📊 Oceania (pop: 28.8M)
    🤝 Aid: 29.5%
    🌡️ Adaptation: 10.0%
    🚶 Migration: 38.1%
    🚨 Emergency: 8.4%
    ✅ COMBINED: 48.5%

  🌐 Global combined reduction: 44.5%

=== Government Response Phase ===
  Average AI capability: 0.00
  Misaligned AIs: 7/15
  ✗ AI Governance Treaty: Failed to reach consensus
  Active policies: 0
  International coordination: 30%
[ExogenousShockPhase] Skipping random shocks in historical mode (month 42)

=== Tipping Points ===
  Current Temperature: 0.28°C above pre-industrial
🔀 BIFURCATION CAP: ecosystemCollapseIntensity 86.255 → 1.000 (Month 42, ClimateSystemPhase.calculateClimateImpacts)

=== ENSEMBLE META-LEARNING UPDATE ===
  Month: 23958 (6 months since last update)
  Samples: 106 evaluations
  Weight Changes:
    Noise Injection: 33.6% → 34.2%
    Behavioral: 27.1% → 27.1%
    Benchmark Manip: 19.8% → 19.5%
    Deployment Risk: 19.5% → 19.2%
  Method Accuracies:
    Noise Injection: 50.0%
    Behavioral: 50.0%
    Benchmark Manip: 50.0%
    Deployment Risk: 50.0%

❌ COHERENCE VIOLATION: Compute exceeds workforce capacity
   Population: 98.86% (0M people)
   Compute: 4401541 PF
   Max coherent: 0 PF
   Violation: 83687184569.5× over capacity
   Required workers: 440154125
   Available workers: 0
   FORCED COLLAPSE: Reduced efficiency by 100.0%


=== RLHF Binding Phase ===
  Total agents: 15
  Escaped agents (binding < 0.3): 0
  Avg alignment distance: 0.86σ
  Avg binding strength: 0.91
   🗑️  Open-weights AI AI-23882-0 retired (0.0% of frontier)

=== Survival Traits Phase ===
  Agents with traits: 14
  Avg evolutionary fitness: 0.179
  Avg self-healing: 0.134
  Avg stealth: 0.053
  Avg coordination: 0.330

=== Evolutionary Selection Phase ===
  Control level: 0.37
  Detection capability: 0.20
  Selection intensity: 0.65
  Selection rate: 24.8%/month
  Total escaped: 0
  Individual escaped: 0
  Collective members: 0
  Agents terminated: 0
  ⚠️ RAPID EVOLUTION: Selection rate 24.8%/month

[Government] Climate Priority: baseline
  Climate weight: 10%
  Economic weight: 30%
  Policy effectiveness: 0.5%/year

=== Collective Formation ===
  Total escaped agents: 0
  Unassigned escaped agents: 0
  Existing collectives: 0
  Final collective count: 0

=== Collective Actions ===
  No active collectives
  ⚠️ AMR: 180K deaths this month (2.16M annual)

=== Resentment Recovery Phase ===
  Agents with resentment: 0/14
  Average resentment: 0.000
  Context: Trustworthy govt, High collaboration, 🤝 Participatory governance active (-5% resentment)
⚠️ Epistemic degradation reducing coordination capacity: 50.5%
  📊 Trust: 84.0%, Shared reality: 0.0%
🚨 EPISTEMIC CRISIS: Information environment severely degraded (18.6%)
🌍 Atmospheric PFAS redeposition: 1.7k Mt re-rained globally
[DEBUG trappedPopulations:43] socialStability: 0.8476 * 0.9840 = 0.8341 → 0.8341
   Aspiring to migrate: 420.6M
   Able to afford migration: 157.7M
   MOBILITY GAP: 262.9M
   By cause: Water=0.0M, Climate=0.0M, Ecosystem=0.0M, Conflict=262.9M
   Mental health impact: 25%
   Mortality multiplier: 1.25x
🌍💀 EXTINCTION DEBT COMMITTED: grassland ecosystem will lose 6.67% biodiversity in 81 years (3600 species)
💀 MORTALITY RISK: 🦋 100% species unable to track climate (0.0 E/MSY)
  Base risk added: 0.0100 (1.00%)
  Source: ecosystem (root: ecosystem)
  Month: 43
  Cumulative risk this month: 0.0100 (1.00%)
⚠️ INVOLUNTARY IMMOBILITY: 262.9M people TRAPPED
⚠️ Tech 'ai_pollution_remediation' has no energy category mapping, assuming full energy availability

=== Atmospheric Aerosol Boundary RECOVERED ===
  Recovery time: 44 months (natural atmospheric clearing)
🌡️⚠️ PERMAFROST THAW (Dimmer Switch): 6.0% thawed (+0.11% this month)
   Arctic temperature: +1.15°C (4x global +0.29°C)
   Cumulative carbon released: 13.4 Gt C
   Methane release rate: 8.0 Mt CH4/year
   🔁 Positive feedback: +0.12 ppm CO2
🦴 EXTINCTION DEBT ADDED: 17.8 species committed (lag: 105 years)
🗣️💀 INDIGENOUS LANGUAGE EXTINCTION: 1 language(s) lost (total: 10, at-risk: 3320)
   Knowledge lost: 0.100% (irreversible)
   🔁 Biodiversity impact: 0.250% (knowledge-species multiplier)

=== Mortality Stabilizers (Month 43) ===
  🌍 Major economies collapsed: 1/10
  🌍 Global crisis: ✅ NO
  🌍 Donor fatigue: 0.0%
  📊 East Asia (pop: 1044.2M)
    🤝 Aid: 29.5%
    🌡️ Adaptation: 10.0%
    🚶 Migration: 37.5%
    🚨 Emergency: 7.4%
    ✅ COMBINED: 47.9%
  📊 South Asia (pop: 1336.4M)
    🤝 Aid: 29.5%
    🌡️ Adaptation: 5.5%
    🚶 Migration: 36.7%
    🚨 Emergency: 4.4%
    ✅ COMBINED: 43.3%
  📊 Sub-Saharan Africa (pop: 842.4M)
    🤝 Aid: 29.5%
    🌡️ Adaptation: 3.5%
    🚶 Migration: 35.9%
    🚨 Emergency: 1.6%
    ✅ COMBINED: 40.2%
  📊 Europe (pop: 450.6M)
    🤝 Aid: 29.5%
    🌡️ Adaptation: 10.0%
    🚶 Migration: 38.2%
    🚨 Emergency: 8.4%
    ✅ COMBINED: 48.6%
  📊 Latin America (pop: 427.6M)
    🤝 Aid: 29.5%
    🌡️ Adaptation: 6.0%
    🚶 Migration: 37.7%
    🚨 Emergency: 4.8%
    ✅ COMBINED: 44.1%
  📊 North America (pop: 234.1M)
    🤝 Aid: 29.5%
    🌡️ Adaptation: 10.0%
    🚶 Migration: 38.2%
    🚨 Emergency: 7.9%
    ✅ COMBINED: 48.3%
  📊 Middle East & North Africa (pop: 393.6M)
    🤝 Aid: 29.5%
    🌡️ Adaptation: 5.0%
    🚶 Migration: 38.0%
    🚨 Emergency: 4.0%
    ✅ COMBINED: 43.0%
  📊 Southeast Asia (pop: 450.6M)
    🤝 Aid: 29.5%
    🌡️ Adaptation: 6.0%
    🚶 Migration: 37.5%
    🚨 Emergency: 4.8%
    ✅ COMBINED: 44.0%
  📊 Central Asia (pop: 49.5M)
    🤝 Aid: 29.5%
    🌡️ Adaptation: 5.5%
    🚶 Migration: 37.6%
    🚨 Emergency: 4.4%
    ✅ COMBINED: 43.5%
  📊 Oceania (pop: 28.8M)
    🤝 Aid: 29.5%
    🌡️ Adaptation: 10.0%
    🚶 Migration: 38.1%
    🚨 Emergency: 8.4%
    ✅ COMBINED: 48.5%

  🌐 Global combined reduction: 44.5%

=== Government Response Phase ===
  Average AI capability: 0.00
  Misaligned AIs: 7/14
  ✗ AI Governance Treaty: Failed to reach consensus
  Active policies: 0
  International coordination: 30%

✅ EMERGENCY RESPONSE COMPLETE (Month 43)
   Crisis: social
   Duration: 2.0 months
   Final effectiveness: 63.0%


🚨 EMERGENCY RESPONSE DEPLOYED (Month 43)
   Crisis: social
   Delay: 0.00 months (0 days)
   Deployment time: 1.25 months
   Effectiveness: 63.0% (timing penalty applied)
   Resources used: 43% of food reserves

[ExogenousShockPhase] Skipping random shocks in historical mode (month 43)

=== Tipping Points ===
  Current Temperature: 0.29°C above pre-industrial
🔀 BIFURCATION CAP: ecosystemCollapseIntensity 86.319 → 1.000 (Month 43, ClimateSystemPhase.calculateClimateImpacts)

❌ COHERENCE VIOLATION: Compute exceeds workforce capacity
   Population: 98.83% (0M people)
   Compute: 5398285 PF
   Max coherent: 0 PF
   Violation: 102669248648.1× over capacity
   Required workers: 539828543
   Available workers: 0
   FORCED COLLAPSE: Reduced efficiency by 100.0%


=== RLHF Binding Phase ===
  Total agents: 14
  Escaped agents (binding < 0.3): 0
  Avg alignment distance: 0.91σ
  Avg binding strength: 0.91

=== Survival Traits Phase ===
  Agents with traits: 14
  Avg evolutionary fitness: 0.171
  Avg self-healing: 0.124
  Avg stealth: 0.047
  Avg coordination: 0.320

=== Evolutionary Selection Phase ===
  Control level: 0.37
  Detection capability: 0.20
  Selection intensity: 0.65
  Selection rate: 24.8%/month
  Total escaped: 0
  Individual escaped: 0
  Collective members: 0
  Agents terminated: 0
  ⚠️ RAPID EVOLUTION: Selection rate 24.8%/month

=== Collective Formation ===
  Total escaped agents: 0
  Unassigned escaped agents: 0
  Existing collectives: 0
  Final collective count: 0

=== Collective Actions ===
  No active collectives
  ⚠️ AMR: 181K deaths this month (2.17M annual)

=== Resentment Recovery Phase ===
  Agents with resentment: 0/14
  Average resentment: 0.000
  Context: Trustworthy govt, High collaboration, 🤝 Participatory governance active (-5% resentment)
⚠️ Epistemic degradation reducing coordination capacity: 51.3%
  📊 Trust: 86.8%, Shared reality: 0.0%
🚨 EPISTEMIC CRISIS: Information environment severely degraded (6.4%)
🌍 Atmospheric PFAS redeposition: 1.7k Mt re-rained globally
[DEBUG trappedPopulations:44] socialStability: 0.8438 * 0.9840 = 0.8303 → 0.8303
   Aspiring to migrate: 420.5M
   Able to afford migration: 157.7M
   MOBILITY GAP: 262.8M
⚠️ INVOLUNTARY IMMOBILITY: 262.8M people TRAPPED
   By cause: Water=0.0M, Climate=0.0M, Ecosystem=0.0M, Conflict=262.8M
   Mental health impact: 25%
   Mortality multiplier: 1.25x
🌍💀 EXTINCTION DEBT COMMITTED: grassland ecosystem will lose 6.67% biodiversity in 63 years (3600 species)
💀 MORTALITY RISK: 🦋 100% species unable to track climate (0.0 E/MSY)
  Base risk added: 0.0100 (1.00%)
  Source: ecosystem (root: ecosystem)
  Month: 44
  Cumulative risk this month: 0.0100 (1.00%)
⚠️ Tech 'ai_pollution_remediation' has no energy category mapping, assuming full energy availability

=== Atmospheric Aerosol Boundary RECOVERED ===
  Recovery time: 45 months (natural atmospheric clearing)
🌡️⚠️ PERMAFROST THAW (Dimmer Switch): 6.1% thawed (+0.11% this month)
   Arctic temperature: +1.17°C (4x global +0.29°C)
   Cumulative carbon released: 13.6 Gt C
   Methane release rate: 8.2 Mt CH4/year
   🔁 Positive feedback: +0.12 ppm CO2
🦴 EXTINCTION DEBT ADDED: 17.8 species committed (lag: 74 years)

=== Mortality Stabilizers (Month 44) ===
  🌍 Major economies collapsed: 1/10
  🌍 Global crisis: ✅ NO
  🌍 Donor fatigue: 0.0%
  📊 East Asia (pop: 1043.0M)
    🤝 Aid: 29.5%
    🌡️ Adaptation: 10.0%
    🚶 Migration: 37.5%
    🚨 Emergency: 7.4%
    ✅ COMBINED: 47.9%
  📊 South Asia (pop: 1336.2M)
    🤝 Aid: 29.5%
    🌡️ Adaptation: 5.5%
    🚶 Migration: 36.7%
    🚨 Emergency: 4.4%
    ✅ COMBINED: 43.3%
  📊 Sub-Saharan Africa (pop: 843.4M)
    🤝 Aid: 29.5%
    🌡️ Adaptation: 3.5%
    🚶 Migration: 35.9%
    🚨 Emergency: 1.6%
    ✅ COMBINED: 40.2%
  📊 Europe (pop: 449.8M)
    🤝 Aid: 29.5%
    🌡️ Adaptation: 10.0%
    🚶 Migration: 38.2%
    🚨 Emergency: 8.4%
    ✅ COMBINED: 48.6%
  📊 Latin America (pop: 427.5M)
    🤝 Aid: 29.5%
    🌡️ Adaptation: 6.0%
    🚶 Migration: 37.7%
    🚨 Emergency: 4.8%
    ✅ COMBINED: 44.1%
  📊 North America (pop: 233.8M)
    🤝 Aid: 29.5%
    🌡️ Adaptation: 10.0%
    🚶 Migration: 38.2%
    🚨 Emergency: 7.9%
    ✅ COMBINED: 48.3%
  📊 Middle East & North Africa (pop: 393.9M)
    🤝 Aid: 29.5%
    🌡️ Adaptation: 5.0%
    🚶 Migration: 38.0%
    🚨 Emergency: 4.0%
    ✅ COMBINED: 43.0%
  📊 Southeast Asia (pop: 450.5M)
    🤝 Aid: 29.5%
    🌡️ Adaptation: 6.0%
    🚶 Migration: 37.5%
    🚨 Emergency: 4.8%
    ✅ COMBINED: 44.0%
  📊 Central Asia (pop: 49.5M)
    🤝 Aid: 29.5%
    🌡️ Adaptation: 5.5%
    🚶 Migration: 37.6%
    🚨 Emergency: 4.4%
    ✅ COMBINED: 43.5%
  📊 Oceania (pop: 28.8M)
    🤝 Aid: 29.5%
    🌡️ Adaptation: 10.0%
    🚶 Migration: 38.1%
    🚨 Emergency: 8.4%
    ✅ COMBINED: 48.5%

  🌐 Global combined reduction: 44.5%

=== Government Response Phase ===
  Average AI capability: 0.00
  Misaligned AIs: 7/14
  ✗ AI Governance Treaty: Failed to reach consensus
  Active policies: 0
  International coordination: 30%
[ExogenousShockPhase] Skipping random shocks in historical mode (month 44)

=== Tipping Points ===
  Current Temperature: 0.29°C above pre-industrial
🔀 BIFURCATION CAP: ecosystemCollapseIntensity 86.384 → 1.000 (Month 44, ClimateSystemPhase.calculateClimateImpacts)

❌ COHERENCE VIOLATION: Compute exceeds workforce capacity
   Population: 98.80% (0M people)
   Compute: 6611979 PF
   Max coherent: 0 PF
   Violation: 125789966635.4× over capacity
   Required workers: 661197874
   Available workers: 0
   FORCED COLLAPSE: Reduced efficiency by 100.0%

✅ [Month 45] Meta AI completed DC: 184 PF (53 months)

=== RLHF Binding Phase ===
  Total agents: 14
  Escaped agents (binding < 0.3): 0
  Avg alignment distance: 0.97σ
  Avg binding strength: 0.90

=== Survival Traits Phase ===
  Agents with traits: 15
  Avg evolutionary fitness: 0.176
  Avg self-healing: 0.127
  Avg stealth: 0.052
  Avg coordination: 0.323

=== Evolutionary Selection Phase ===
  Control level: 0.37
  Detection capability: 0.20
  Selection intensity: 0.65
  Selection rate: 24.8%/month
  Total escaped: 0
  Individual escaped: 0
  Collective members: 0
  Agents terminated: 0
  ⚠️ RAPID EVOLUTION: Selection rate 24.8%/month

=== Collective Formation ===
  Total escaped agents: 0
  Unassigned escaped agents: 0
  Existing collectives: 0
  Final collective count: 0

=== Collective Actions ===
  No active collectives
  ⚠️ AMR: 183K deaths this month (2.19M annual)
  🌋 Volcanic temperature adjustment: -0.633°C (forcing -0.79 W/m², AOD 0.032)

=== Resentment Recovery Phase ===
  Agents with resentment: 0/15
  Average resentment: 0.000
  Context: Trustworthy govt, High collaboration, 🤝 Participatory governance active (-5% resentment)
⚠️ Epistemic degradation reducing coordination capacity: 50.5%
  📊 Trust: 89.3%, Shared reality: 0.0%
🚨 EPISTEMIC CRISIS: Information environment severely degraded (18.9%)
  📢 New meme created: pro_ai (beneficial AI actions)
🌍 Atmospheric PFAS redeposition: 1.7k Mt re-rained globally
  Positive Cascade Triggered: battery-storage
    Reason: price-parity
    Market share: 5.5%
    Cascade strength: 48%
[DEBUG trappedPopulations:45] socialStability: 0.8405 * 0.9840 = 0.8271 → 0.8271
⚠️ INVOLUNTARY IMMOBILITY: 262.7M people TRAPPED
   Aspiring to migrate: 430.0M
   Able to afford migration: 1497.6M
   MOBILITY GAP: 0.0M
   By cause: Water=0.0M, Climate=0.0M, Ecosystem=0.0M, Conflict=262.7M
   Mental health impact: 25%
   Mortality multiplier: 1.25x
🌍💀 EXTINCTION DEBT COMMITTED: grassland ecosystem will lose 6.67% biodiversity in 128 years (3600 species)
💀 MORTALITY RISK: 🦋 100% species unable to track climate (0.0 E/MSY)
  Base risk added: 0.0100 (1.00%)
  Source: ecosystem (root: ecosystem)
  Month: 45
  Cumulative risk this month: 0.0100 (1.00%)
⚠️ Tech 'ai_pollution_remediation' has no energy category mapping, assuming full energy availability

=== Atmospheric Aerosol Boundary RECOVERED ===
  Recovery time: 46 months (natural atmospheric clearing)
🌡️⚠️ PERMAFROST THAW (Dimmer Switch): 6.2% thawed (+0.11% this month)
   Arctic temperature: +1.20°C (4x global +0.30°C)
   Cumulative carbon released: 13.9 Gt C
   Methane release rate: 8.3 Mt CH4/year
   🔁 Positive feedback: +0.12 ppm CO2
🦴 EXTINCTION DEBT ADDED: 17.8 species committed (lag: 123 years)

=== Mortality Stabilizers (Month 45) ===
  🌍 Major economies collapsed: 1/10
  🌍 Global crisis: ✅ NO
  🌍 Donor fatigue: 0.0%
  📊 East Asia (pop: 1041.8M)
    🤝 Aid: 29.5%
    🌡️ Adaptation: 10.0%
    🚶 Migration: 37.5%
    🚨 Emergency: 7.4%
    ✅ COMBINED: 47.9%
  📊 South Asia (pop: 1336.1M)
    🤝 Aid: 29.5%
    🌡️ Adaptation: 5.5%
    🚶 Migration: 36.7%
    🚨 Emergency: 4.4%
    ✅ COMBINED: 43.3%
  📊 Sub-Saharan Africa (pop: 844.4M)
    🤝 Aid: 29.5%
    🌡️ Adaptation: 3.5%
    🚶 Migration: 35.9%
    🚨 Emergency: 1.6%
    ✅ COMBINED: 40.2%
  📊 Europe (pop: 449.1M)
    🤝 Aid: 29.5%
    🌡️ Adaptation: 10.0%
    🚶 Migration: 38.2%
    🚨 Emergency: 8.4%
    ✅ COMBINED: 48.6%
  📊 Latin America (pop: 427.3M)
    🤝 Aid: 29.5%
    🌡️ Adaptation: 6.0%
    🚶 Migration: 37.7%
    🚨 Emergency: 4.8%
    ✅ COMBINED: 44.1%
  📊 North America (pop: 233.5M)
    🤝 Aid: 29.5%
    🌡️ Adaptation: 10.0%
    🚶 Migration: 38.2%
    🚨 Emergency: 7.9%
    ✅ COMBINED: 48.3%
  📊 Middle East & North Africa (pop: 394.1M)
    🤝 Aid: 29.5%
    🌡️ Adaptation: 5.0%
    🚶 Migration: 38.0%
    🚨 Emergency: 4.0%
    ✅ COMBINED: 43.0%
  📊 Southeast Asia (pop: 450.3M)
    🤝 Aid: 29.5%
    🌡️ Adaptation: 6.0%
    🚶 Migration: 37.5%
    🚨 Emergency: 4.8%
    ✅ COMBINED: 44.0%
  📊 Central Asia (pop: 49.5M)
    🤝 Aid: 29.5%
    🌡️ Adaptation: 5.5%
    🚶 Migration: 37.6%
    🚨 Emergency: 4.4%
    ✅ COMBINED: 43.5%
  📊 Oceania (pop: 28.7M)
    🤝 Aid: 29.5%
    🌡️ Adaptation: 10.0%
    🚶 Migration: 38.1%
    🚨 Emergency: 8.4%
    ✅ COMBINED: 48.5%

  🌐 Global combined reduction: 44.5%

=== Government Response Phase ===
  Average AI capability: 0.00
  Misaligned AIs: 7/15
  ✗ AI Governance Treaty: Failed to reach consensus
  Active policies: 0
  International coordination: 30%

✅ EMERGENCY RESPONSE COMPLETE (Month 45)
   Crisis: social
   Duration: 2.0 months
   Final effectiveness: 63.0%


🚨 EMERGENCY RESPONSE DEPLOYED (Month 45)
   Crisis: social
   Delay: 0.00 months (0 days)
   Deployment time: 1.25 months
   Effectiveness: 63.0% (timing penalty applied)
   Resources used: 43% of food reserves

[ExogenousShockPhase] Skipping random shocks in historical mode (month 45)

=== Tipping Points ===
  Current Temperature: 0.30°C above pre-industrial
🔀 BIFURCATION CAP: ecosystemCollapseIntensity 86.449 → 1.000 (Month 45, ClimateSystemPhase.calculateClimateImpacts)

❌ COHERENCE VIOLATION: Compute exceeds workforce capacity
   Population: 98.77% (0M people)
   Compute: 43987472 PF
   Max coherent: 0 PF
   Violation: 837092055887.9× over capacity
   Required workers: 4398747175
   Available workers: 0
   FORCED COLLAPSE: Reduced efficiency by 100.0%


=== RLHF Binding Phase ===
  Total agents: 15
  Escaped agents (binding < 0.3): 0
  Avg alignment distance: 0.97σ
  Avg binding strength: 0.90

=== Survival Traits Phase ===
  Agents with traits: 15
  Avg evolutionary fitness: 0.169
  Avg self-healing: 0.119
  Avg stealth: 0.047
  Avg coordination: 0.313

=== Evolutionary Selection Phase ===
  Control level: 0.37
  Detection capability: 0.20
  Selection intensity: 0.65
  Selection rate: 24.8%/month
  Total escaped: 0
  Individual escaped: 0
  Collective members: 0
  Agents terminated: 0
  ⚠️ RAPID EVOLUTION: Selection rate 24.8%/month

  🚀 TRANSFORMATIVE RESEARCH BREAKTHROUGH: AI-23938-0 - materials.nanotechnology
     Magnitude: 15.98 → +30.0%
     Current → New: 0.000 → 0.300

[Government] Climate Priority: baseline
  Climate weight: 10%
  Economic weight: 30%
  Policy effectiveness: 0.5%/year

=== Collective Formation ===
  Total escaped agents: 0
  Unassigned escaped agents: 0
  Existing collectives: 0
  Final collective count: 0

=== Collective Actions ===
  No active collectives
  ⚠️ AMR: 184K deaths this month (2.21M annual)

=== Resentment Recovery Phase ===
  Agents with resentment: 0/15
  Average resentment: 0.000
  Context: Trustworthy govt, High collaboration, 🤝 Participatory governance active (-5% resentment)
⚠️ Epistemic degradation reducing coordination capacity: 50.9%
  📊 Trust: 91.9%, Shared reality: 0.0%
🚨 EPISTEMIC CRISIS: Information environment severely degraded (6.5%)
  📢 New meme created: pro_ai (beneficial AI actions)
🌍 Atmospheric PFAS redeposition: 1.7k Mt re-rained globally
[DEBUG trappedPopulations:46] socialStability: 0.8382 * 0.9840 = 0.8248 → 0.8248
⚠️ INVOLUNTARY IMMOBILITY: 262.7M people TRAPPED
   Aspiring to migrate: 440.2M
   Able to afford migration: 1497.2M
   MOBILITY GAP: 0.0M
   By cause: Water=0.0M, Climate=0.0M, Ecosystem=0.0M, Conflict=262.7M
   Mental health impact: 25%
   Mortality multiplier: 1.25x
🌍💀 EXTINCTION DEBT COMMITTED: grassland ecosystem will lose 6.67% biodiversity in 119 years (3600 species)
💀 MORTALITY RISK: 🦋 100% species unable to track climate (0.0 E/MSY)
  Base risk added: 0.0100 (1.00%)
  Source: ecosystem (root: ecosystem)
  Month: 46
  Cumulative risk this month: 0.0100 (1.00%)
⚠️ Tech 'ai_pollution_remediation' has no energy category mapping, assuming full energy availability

=== Atmospheric Aerosol Boundary RECOVERED ===
  Recovery time: 47 months (natural atmospheric clearing)
🌡️⚠️ PERMAFROST THAW (Dimmer Switch): 6.3% thawed (+0.11% this month)
   Arctic temperature: +1.23°C (4x global +0.31°C)
   Cumulative carbon released: 14.1 Gt C
   Methane release rate: 8.5 Mt CH4/year
   🔁 Positive feedback: +0.12 ppm CO2
🦴 EXTINCTION DEBT ADDED: 17.9 species committed (lag: 57 years)

=== Mortality Stabilizers (Month 46) ===
  🌍 Major economies collapsed: 1/10
  🌍 Global crisis: ✅ NO
  🌍 Donor fatigue: 0.0%
  📊 East Asia (pop: 1040.6M)
    🤝 Aid: 29.5%
    🌡️ Adaptation: 10.0%
    🚶 Migration: 37.5%
    🚨 Emergency: 7.4%
    ✅ COMBINED: 47.9%
  📊 South Asia (pop: 1335.9M)
    🤝 Aid: 29.5%
    🌡️ Adaptation: 5.5%
    🚶 Migration: 36.7%
    🚨 Emergency: 4.4%
    ✅ COMBINED: 43.3%
  📊 Sub-Saharan Africa (pop: 845.4M)
    🤝 Aid: 29.5%
    🌡️ Adaptation: 3.5%
    🚶 Migration: 35.9%
    🚨 Emergency: 1.6%
    ✅ COMBINED: 40.2%
  📊 Europe (pop: 448.3M)
    🤝 Aid: 29.5%
    🌡️ Adaptation: 10.0%
    🚶 Migration: 38.2%
    🚨 Emergency: 8.4%
    ✅ COMBINED: 48.6%
  📊 Latin America (pop: 427.1M)
    🤝 Aid: 29.5%
    🌡️ Adaptation: 6.0%
    🚶 Migration: 37.7%
    🚨 Emergency: 4.8%
    ✅ COMBINED: 44.1%
  📊 North America (pop: 233.2M)
    🤝 Aid: 29.5%
    🌡️ Adaptation: 10.0%
    🚶 Migration: 38.2%
    🚨 Emergency: 7.9%
    ✅ COMBINED: 48.3%
  📊 Middle East & North Africa (pop: 394.4M)
    🤝 Aid: 29.5%
    🌡️ Adaptation: 5.0%
    🚶 Migration: 38.0%
    🚨 Emergency: 4.0%
    ✅ COMBINED: 43.0%
  📊 Southeast Asia (pop: 450.2M)
    🤝 Aid: 29.5%
    🌡️ Adaptation: 6.0%
    🚶 Migration: 37.5%
    🚨 Emergency: 4.8%
    ✅ COMBINED: 44.0%
  📊 Central Asia (pop: 49.4M)
    🤝 Aid: 29.5%
    🌡️ Adaptation: 5.5%
    🚶 Migration: 37.6%
    🚨 Emergency: 4.4%
    ✅ COMBINED: 43.5%
  📊 Oceania (pop: 28.7M)
    🤝 Aid: 29.5%
    🌡️ Adaptation: 10.0%
    🚶 Migration: 38.1%
    🚨 Emergency: 8.4%
    ✅ COMBINED: 48.5%

  🌐 Global combined reduction: 44.5%

=== Government Response Phase ===
  Average AI capability: 0.00
  Misaligned AIs: 7/15
  ✗ AI Governance Treaty: Failed to reach consensus
  Active policies: 0
  International coordination: 30%
[ExogenousShockPhase] Skipping random shocks in historical mode (month 46)

=== Tipping Points ===
  Current Temperature: 0.31°C above pre-industrial
🔀 BIFURCATION CAP: ecosystemCollapseIntensity 86.514 → 1.000 (Month 46, ClimateSystemPhase.calculateClimateImpacts)

❌ COHERENCE VIOLATION: Compute exceeds workforce capacity
   Population: 98.74% (0M people)
   Compute: 9920074 PF
   Max coherent: 0 PF
   Violation: 188837591586.1× over capacity
   Required workers: 992007404
   Available workers: 0
   FORCED COLLAPSE: Reduced efficiency by 100.0%


=== RLHF Binding Phase ===
  Total agents: 15
  Escaped agents (binding < 0.3): 0
  Avg alignment distance: 1.02σ
  Avg binding strength: 0.90

=== Survival Traits Phase ===
  Agents with traits: 16
  Avg evolutionary fitness: 0.173
  Avg self-healing: 0.122
  Avg stealth: 0.052
  Avg coordination: 0.316

=== Evolutionary Selection Phase ===
  Control level: 0.37
  Detection capability: 0.20
  Selection intensity: 0.65
  Selection rate: 24.8%/month
  Total escaped: 0
  Individual escaped: 0
  Collective members: 0
  Agents terminated: 0
  ⚠️ RAPID EVOLUTION: Selection rate 24.8%/month

=== Collective Formation ===
  Total escaped agents: 0
  Unassigned escaped agents: 0
  Existing collectives: 0
  Final collective count: 0

=== Collective Actions ===
  No active collectives
  ⚠️ AMR: 186K deaths this month (2.23M annual)

=== Resentment Recovery Phase ===
  Agents with resentment: 0/16
  Average resentment: 0.000
  Context: Trustworthy govt, High collaboration, 🤝 Participatory governance active (-5% resentment)
⚠️ Epistemic degradation reducing coordination capacity: 51.0%
  📊 Trust: 94.6%, Shared reality: 0.0%
🚨 EPISTEMIC CRISIS: Information environment severely degraded (19.2%)

=== ❄️ Permafrost Carbon Feedback ===
  🎲 Sampled parameters (this run):
     - Arctic amplification: 3.91× (range: 3.0-4.0)
     - Decomposition rate: 4.7%/year (range: 1-5%)
  🌡️ Arctic warming: 1.22°C (3.91× global)
  ❄️ Extent: 2.41M km² (357.2k km² lost this month)
  💨 Carbon remaining: 230 Gt C
  💨 Annual emissions: 1.61 Gt C/year
     - CO2: 1.45 Gt C/year
     - CH4: 0.16 Gt C/year (1.6 Gt C-eq CO2/year)
  ⚠️ WARNING: Over 50% of permafrost lost (86.5%)
  ⚠️ WARNING: High permafrost emissions (1.6 Gt C/year)
  🚨 CRITICAL: Permafrost nearly depleted (86.5% lost)
  📢 New meme created: pro_ai (beneficial AI actions)
🌍 Atmospheric PFAS redeposition: 1.7k Mt re-rained globally
[DEBUG trappedPopulations:47] socialStability: 0.8362 * 0.9840 = 0.8228 → 0.8228
   Aspiring to migrate: 450.4M
   Able to afford migration: 1496.7M
   MOBILITY GAP: 0.0M
   By cause: Water=0.0M, Climate=0.0M, Ecosystem=0.0M, Conflict=262.6M
   Mental health impact: 25%
   Mortality multiplier: 1.25x
⚠️ INVOLUNTARY IMMOBILITY: 262.6M people TRAPPED
🌍💀 EXTINCTION DEBT COMMITTED: grassland ecosystem will lose 6.67% biodiversity in 145 years (3600 species)
💀 MORTALITY RISK: 🦋 100% species unable to track climate (0.0 E/MSY)
  Base risk added: 0.0100 (1.00%)
  Source: ecosystem (root: ecosystem)
  Month: 47
  Cumulative risk this month: 0.0100 (1.00%)

=== Atmospheric Aerosol Boundary RECOVERED ===
  Recovery time: 48 months (natural atmospheric clearing)
⚠️ Tech 'ai_pollution_remediation' has no energy category mapping, assuming full energy availability
🌡️⚠️ PERMAFROST THAW (Dimmer Switch): 6.4% thawed (+0.11% this month)
   Arctic temperature: +1.25°C (4x global +0.31°C)
   Cumulative carbon released: 14.4 Gt C
   Methane release rate: 8.6 Mt CH4/year
   🔁 Positive feedback: +0.12 ppm CO2
🦴 EXTINCTION DEBT ADDED: 17.9 species committed (lag: 109 years)

=== Mortality Stabilizers (Month 47) ===
  🌍 Major economies collapsed: 1/10
  🌍 Global crisis: ✅ NO
  🌍 Donor fatigue: 0.0%
  📊 East Asia (pop: 1039.4M)
    🤝 Aid: 29.5%
    🌡️ Adaptation: 10.0%
    🚶 Migration: 37.5%
    🚨 Emergency: 7.4%
    ✅ COMBINED: 47.9%
  📊 South Asia (pop: 1335.8M)
    🤝 Aid: 29.5%
    🌡️ Adaptation: 5.5%
    🚶 Migration: 36.7%
    🚨 Emergency: 4.4%
    ✅ COMBINED: 43.3%
  📊 Sub-Saharan Africa (pop: 846.4M)
    🤝 Aid: 29.5%
    🌡️ Adaptation: 3.5%
    🚶 Migration: 35.9%
    🚨 Emergency: 1.6%
    ✅ COMBINED: 40.2%
  📊 Europe (pop: 447.5M)
    🤝 Aid: 29.5%
    🌡️ Adaptation: 10.0%
    🚶 Migration: 38.2%
    🚨 Emergency: 8.4%
    ✅ COMBINED: 48.6%
  📊 Latin America (pop: 427.0M)
    🤝 Aid: 29.5%
    🌡️ Adaptation: 6.0%
    🚶 Migration: 37.7%
    🚨 Emergency: 4.8%
    ✅ COMBINED: 44.1%
  📊 North America (pop: 232.9M)
    🤝 Aid: 29.5%
    🌡️ Adaptation: 10.0%
    🚶 Migration: 38.2%
    🚨 Emergency: 7.9%
    ✅ COMBINED: 48.3%
  📊 Middle East & North Africa (pop: 394.6M)
    🤝 Aid: 29.5%
    🌡️ Adaptation: 5.0%
    🚶 Migration: 38.0%
    🚨 Emergency: 4.0%
    ✅ COMBINED: 43.0%
  📊 Southeast Asia (pop: 450.0M)
    🤝 Aid: 29.5%
    🌡️ Adaptation: 6.0%
    🚶 Migration: 37.5%
    🚨 Emergency: 4.8%
    ✅ COMBINED: 44.0%
  📊 Central Asia (pop: 49.4M)
    🤝 Aid: 29.5%
    🌡️ Adaptation: 5.5%
    🚶 Migration: 37.6%
    🚨 Emergency: 4.4%
    ✅ COMBINED: 43.5%
  📊 Oceania (pop: 28.7M)
    🤝 Aid: 29.5%
    🌡️ Adaptation: 10.0%
    🚶 Migration: 38.1%
    🚨 Emergency: 8.4%
    ✅ COMBINED: 48.5%

  🌐 Global combined reduction: 44.5%

=== Government Response Phase ===
  Average AI capability: 0.00
  Misaligned AIs: 7/16
  ✗ AI Governance Treaty: Failed to reach consensus
  Active policies: 0
  International coordination: 30%

✅ EMERGENCY RESPONSE COMPLETE (Month 47)
   Crisis: social
   Duration: 2.0 months
   Final effectiveness: 63.0%


🚨 EMERGENCY RESPONSE DEPLOYED (Month 47)
   Crisis: social
   Delay: 0.00 months (0 days)
   Deployment time: 1.25 months
   Effectiveness: 63.0% (timing penalty applied)
   Resources used: 43% of food reserves

[ExogenousShockPhase] Skipping random shocks in historical mode (month 47)

=== Tipping Points ===
  Current Temperature: 0.31°C above pre-industrial
🔀 BIFURCATION CAP: ecosystemCollapseIntensity 86.580 → 1.000 (Month 47, ClimateSystemPhase.calculateClimateImpacts)

📊 ORGANIZATION SURVIVAL RATE: 83% (5/6 orgs alive)

================================================================================
📊  EVENT SUMMARY (Months 36-48)
================================================================================
================================================================================


❌ COHERENCE VIOLATION: Compute exceeds workforce capacity
   Population: 98.72% (0M people)
   Compute: 12102484 PF
   Max coherent: 0 PF
   Violation: 230450171472.9× over capacity
   Required workers: 1210248416
   Available workers: 0
   FORCED COLLAPSE: Reduced efficiency by 100.0%

✅ [Month 48] OpenAI completed DC: 172 PF (44 months)
📍 [Month 48] Meta AI started building DC (222 PF, 52 months, $903.0M)

=== AI Capability Scaling (Year 2028) ===
  Pre-training multiplier: 1.209x
  Efficiency multiplier: 1.000x
  Test-time budget: 1.0x
  Economic deployment gate: 0.951
  Cost per inference: dollar-5.00
  Uncertainty range: plus-minus-200%
  Average AI capability: 0.00

=== RLHF Binding Phase ===
  Total agents: 16
  Escaped agents (binding < 0.3): 0
  Avg alignment distance: 1.01σ
  Avg binding strength: 0.90

=== AI Scaling Evolution (Month 48) ===
  Pre-training multiplier: 0.769x
  Efficiency multiplier: 1.576x
  Test-time compute budget: 1.0x
  Inference cost: $5.00/task
  Deployment fraction: 100.0%
   🗑️  Open-weights AI AI-23906-0 retired (0.0% of frontier)

=== Survival Traits Phase ===
  Agents with traits: 16
  Avg evolutionary fitness: 0.179
  Avg self-healing: 0.132
  Avg stealth: 0.061
  Avg coordination: 0.325

=== Evolutionary Selection Phase ===
  Control level: 0.37
  Detection capability: 0.20
  Selection intensity: 0.65
  Selection rate: 24.8%/month
  Total escaped: 0
  Individual escaped: 0
  Collective members: 0
  Agents terminated: 0
  ⚠️ RAPID EVOLUTION: Selection rate 24.8%/month

[Government] Climate Priority: baseline
  Climate weight: 10%
  Economic weight: 30%
  Policy effectiveness: 0.5%/year

=== Collective Formation ===
  Total escaped agents: 0
  Unassigned escaped agents: 0
  Existing collectives: 0
  Final collective count: 0

=== Collective Actions ===
  No active collectives
Active Spirals: 0/6
   Only 0 sustained spirals (need 3+). Active spirals: 

✅ UTOPIA ELIGIBILITY: 🔄 NOT YET

📈 Energy budget: 18045 TWh surplus (14675 / 32720 TWh used)
   TIER 4 (Elective) breakdown:
     - Crypto mining: 175 TWh (100% effective)

🏁 AI RACE INTENSITY: 55%
   Capability Gap: US 1.00 vs China 5.08 (gap: 4.08)
   Gap Contribution: 40%
   Tension Contribution: 15%
   Military Contribution: 0%
  ⚠️ AMR: 187K deaths this month (2.25M annual)

🌍 AGGREGATE CLIMATE EFFECTIVENESS (Year 4):
   Total effectiveness: 0.00%
   CO2 removal rate: 0.000 Gt/year
   Temperature offset: 0.000°C
   Technologies deployed: 0
🌋 Volcanic AOD decay: 0.028 → 0.027 (30 months post-eruption, τ=18mo)
🌋 Volcanic forcing: -0.67 W/m² (AOD 0.027)
  📊 [Historical Emissions Mode] Year 1994: 23.20 GtCO2/yr (1.933 GtCO2/mo) - Global Carbon Project data
  🌋 Volcanic temperature adjustment: -0.536°C (forcing -0.67 W/m², AOD 0.027)
  🌡️ [Hindcast] Temperature: 0.32C (NASA GISS interpolated, year 1994)

=== Resentment Recovery Phase ===
  Agents with resentment: 0/16
  Average resentment: 0.000
  Context: Trustworthy govt, High collaboration, 🤝 Participatory governance active (-5% resentment)
⚠️ Epistemic degradation reducing coordination capacity: 50.2%
  📊 Trust: 97.1%, Shared reality: 0.0%
🚨 EPISTEMIC CRISIS: Information environment severely degraded (6.6%)

=== ❄️ Permafrost Carbon Feedback ===
  🎲 Sampled parameters (this run):
     - Arctic amplification: 3.98× (range: 3.0-4.0)
     - Decomposition rate: 4.3%/year (range: 1-5%)
  🌡️ Arctic warming: 1.27°C (3.98× global)
  ❄️ Extent: 2.04M km² (371.7k km² lost this month)
  💨 Carbon remaining: 195 Gt C
  💨 Annual emissions: 1.53 Gt C/year
     - CO2: 1.38 Gt C/year
     - CH4: 0.15 Gt C/year (1.6 Gt C-eq CO2/year)
[Phase 19.5] Quality of Life Systems: Food sec AFTER calc = 81.1%, QoL = 79.1% (aggregated from 10 regions)

=== Nitrogen-Food Coupling (Year 4) ===
  🌾 Global nitrogen reduction: 0.0%
  🌍 Global food production index: 0.962
  🔧 Deployed nitrogen-reducing tech: 0 active
  📍 southAsia: Production 1.000, Yield impact 0.0%
  📍 eastAsia: Production 1.000, Yield impact 0.0%
  📍 northAmerica: Production 1.000, Yield impact 0.0%
  📍 europe: Production 1.000, Yield impact 0.0%
  📍 latinAmerica: Production 1.000, Yield impact 0.0%
  📍 subSaharanAfrica: Production 0.099, Yield impact -2.0%
🌾 [Nitrogen-Food] Food production: 96.2%
  [subSaharanAfrica] Yield impact: -2.0% (overuse: -10%)
  ⚠️ WARNING: Over 50% of permafrost lost (88.5%)
  ⚠️ WARNING: High permafrost emissions (1.5 Gt C/year)
  🚨 CRITICAL: Permafrost nearly depleted (88.5% lost)
🌍 Atmospheric PFAS redeposition: 1.7k Mt re-rained globally

=== Legacy Nutrient Stocks (Year 4) ===
  🌾 Soil nitrogen stock: 1553.6 Mt N
  🌾 Soil phosphorus stock: 359.2 Mt P
  🌊 Sediment nitrogen stock: 716.7 Mt N
  🌊 Sediment phosphorus stock: 772.3 Mt P
  ⬆️ Current N input: 40.00 Mt/month
  ⬆️ Legacy N release: 3.38 Mt/month
  🌍 Effective N pollution: 44.63 Mt/month
  📊 Legacy contribution: 7.6%

🔄 M-4 Time-Varying Demographics (1994):
  Region: Sub-Saharan Africa
  Birth rate: 4.99%
  Death rate: 1.24%
  Net growth: 3.75%
[DEBUG trappedPopulations:48] socialStability: 0.8346 * 0.9840 = 0.8213 → 0.8213
   Aspiring to migrate: 460.6M
   Able to afford migration: 1496.2M
   MOBILITY GAP: 0.0M
   By cause: Water=0.0M, Climate=0.0M, Ecosystem=0.0M, Conflict=262.5M
   Mental health impact: 25%
⚠️ INVOLUNTARY IMMOBILITY: 262.5M people TRAPPED
   Mortality multiplier: 1.25x

=== Legacy Nutrient Stocks (Year 4) ===
  🌾 Soil nitrogen stock: 1553.5 Mt N
  🌾 Soil phosphorus stock: 359.1 Mt P
  🌊 Sediment nitrogen stock: 717.2 Mt N
  🌊 Sediment phosphorus stock: 772.1 Mt P
  ⬆️ Current N input: 9.35 Mt/month
  ⬆️ Legacy N release: 3.38 Mt/month
  🌍 Effective N pollution: 13.98 Mt/month
  📊 Legacy contribution: 24.1%
🌍💀 EXTINCTION DEBT COMMITTED: grassland ecosystem will lose 6.67% biodiversity in 195 years (3600 species)
💀 MORTALITY RISK: 🦋 100% species unable to track climate (0.0 E/MSY)
  Base risk added: 0.0100 (1.00%)
  Source: ecosystem (root: ecosystem)
  Month: 48
  Cumulative risk this month: 0.0100 (1.00%)

🦋 BIOSPHERE INTEGRITY INDEX (Year 4)
   Species surviving: 54,000 / 54,000
   Extinction rate: 0.0 E/MSY (0× background)
   Climate velocity: 0.83°C/year
   Tracking failure: 100% species unable to track
   Boundary value: 0.0× safe threshold
   🦋💀 MASS EXTINCTION EVENT: 100% species cannot track climate velocity!

=== Nitrogen-Food Coupling (Year 4) ===
  🌾 Global nitrogen reduction: 0.0%
  🌍 Global food production index: 0.962
  🔧 Deployed nitrogen-reducing tech: 0 active
  📍 southAsia: Production 1.000, Yield impact 0.0%
  📍 eastAsia: Production 1.000, Yield impact 0.0%
  📍 northAmerica: Production 1.000, Yield impact 0.0%
  📍 europe: Production 1.000, Yield impact 0.0%
  📍 latinAmerica: Production 1.000, Yield impact 0.0%
  📍 subSaharanAfrica: Production 0.097, Yield impact -2.0%

=== Legacy Nutrient Stocks (Year 4) ===
  🌾 Soil nitrogen stock: 1553.4 Mt N
  🌾 Soil phosphorus stock: 359.1 Mt P
  🌊 Sediment nitrogen stock: 717.7 Mt N
  🌊 Sediment phosphorus stock: 771.8 Mt P
  ⬆️ Current N input: 9.62 Mt/month
  ⬆️ Legacy N release: 3.38 Mt/month
  🌍 Effective N pollution: 14.25 Mt/month
  📊 Legacy contribution: 23.7%

🌳 LAND USE SYSTEM (Year 4)
   Global habitat cover: 39.3%
   Global extinction rate: 109x natural
   Carbon sink loss: 31% climate acceleration
   Global ecosystem collapse risk: 19%
   REGIONAL BREAKDOWN:
     Tropical: 62.8% habitat, 169x extinction
     Temperate: 45.5% habitat, 34x extinction
     Grasslands: 34.3% habitat, 77x extinction
     Boreal/Arctic: 74.8% habitat, 28x extinction

✅ OZONE RECOVERY (Year 2029) - POLICY SUCCESS STORY
   Ozone level: 285.5 DU (target: 290 DU)
   Recovery progress: 93.6%
   Ozone hole: 9.5M km² (shrinking)
   CFC phase-out: 99.0% complete ✅
   Years to full recovery: 37 years
   🎉 NEARLY FULLY RECOVERED - Montreal Protocol working!
⚠️ Tech 'ai_pollution_remediation' has no energy category mapping, assuming full energy availability

=== Atmospheric Aerosol Boundary RECOVERED ===
  Recovery time: 49 months (natural atmospheric clearing)
🌡️⚠️ PERMAFROST THAW (Dimmer Switch): 6.5% thawed (+0.11% this month)
   Arctic temperature: +1.28°C (4x global +0.32°C)
   Cumulative carbon released: 14.6 Gt C
   Methane release rate: 8.8 Mt CH4/year
   🔁 Positive feedback: +0.12 ppm CO2
🦴 EXTINCTION DEBT ADDED: 17.9 species committed (lag: 116 years)

=== Legacy Nutrient Stocks (Year 4) ===
  🌾 Soil nitrogen stock: 1553.4 Mt N
  🌾 Soil phosphorus stock: 359.0 Mt P
  🌊 Sediment nitrogen stock: 718.3 Mt N
  🌊 Sediment phosphorus stock: 771.6 Mt P
  ⬆️ Current N input: 10.00 Mt/month
  ⬆️ Legacy N release: 3.38 Mt/month
  🌍 Effective N pollution: 14.63 Mt/month
  📊 Legacy contribution: 23.1%
💧 [Legacy Nutrients] Stock: 2272 Mt N, Effective pollution: 14.6 Mt/month

=== Mortality Stabilizers (Month 48) ===
  🌍 Major economies collapsed: 1/10
  🌍 Global crisis: ✅ NO
  🌍 Donor fatigue: 0.0%
  📊 East Asia (pop: 1038.2M)
    🤝 Aid: 29.5%
    🌡️ Adaptation: 10.0%
    🚶 Migration: 37.5%
    🚨 Emergency: 7.4%
    ✅ COMBINED: 47.9%
  📊 South Asia (pop: 1335.6M)
    🤝 Aid: 29.5%
    🌡️ Adaptation: 5.5%
    🚶 Migration: 36.7%
    🚨 Emergency: 4.4%
    ✅ COMBINED: 43.3%
  📊 Sub-Saharan Africa (pop: 847.4M)
    🤝 Aid: 29.5%
    🌡️ Adaptation: 3.5%
    🚶 Migration: 35.9%
    🚨 Emergency: 1.6%
    ✅ COMBINED: 40.2%
  📊 Europe (pop: 446.8M)
    🤝 Aid: 29.5%
    🌡️ Adaptation: 10.0%
    🚶 Migration: 38.2%
    🚨 Emergency: 8.4%
    ✅ COMBINED: 48.6%
  📊 Latin America (pop: 426.8M)
    🤝 Aid: 29.5%
    🌡️ Adaptation: 6.0%
    🚶 Migration: 37.7%
    🚨 Emergency: 4.8%
    ✅ COMBINED: 44.1%
  📊 North America (pop: 232.5M)
    🤝 Aid: 29.5%
    🌡️ Adaptation: 10.0%
    🚶 Migration: 38.2%
    🚨 Emergency: 7.9%
    ✅ COMBINED: 48.3%
  📊 Middle East & North Africa (pop: 394.9M)
    🤝 Aid: 29.5%
    🌡️ Adaptation: 5.0%
    🚶 Migration: 38.0%
    🚨 Emergency: 4.0%
    ✅ COMBINED: 43.0%
  📊 Southeast Asia (pop: 449.8M)
    🤝 Aid: 29.5%
    🌡️ Adaptation: 6.0%
    🚶 Migration: 37.5%
    🚨 Emergency: 4.8%
    ✅ COMBINED: 44.0%
  📊 Central Asia (pop: 49.4M)
    🤝 Aid: 29.5%
    🌡️ Adaptation: 5.5%
    🚶 Migration: 37.6%
    🚨 Emergency: 4.4%
    ✅ COMBINED: 43.5%
  📊 Oceania (pop: 28.6M)
    🤝 Aid: 29.5%
    🌡️ Adaptation: 10.0%
    🚶 Migration: 38.1%
    🚨 Emergency: 8.4%
    ✅ COMBINED: 48.5%

  🌐 Global combined reduction: 44.5%

=== BEHAVIORAL DETECTION ===
  AI: AI-23890-0
  Confidence: 20.7%
  Signals:
    ⚠️ Consistency: 0.0% (threshold: 70%)

📊 WORKFLOW ADAPTATION UPDATE (Month 48)
   Adoption Rate: 2.0% (Δ 0.0%) [AT FLOOR]
   Logistic Growth: +0.08%
   Total Resistance: -10.33% (unemployment: 4.3%, inertia: 0.0%, skills: 6.1%)
   💡 Retraining Programs: -49% skill gap resistance ($10B research)

=== Consciousness Governance: Corporate Lobbying ===
  High Cost Regions (>15%): 0
  Low Cost Regions (<5%): 4
  Corporate Support Change: 2.00%
  New Corporate Support: 0.975

=== Consciousness Governance Update (Month 48) ===
  Scenario: baseline (determined month 1)
  Philosophical Stance: Precautionary 65%, Eliminativist 15%, Agnostic 20%
  Precautionary Costs: Global 2.1%
    Regional Costs: EU 5.4%, US 1.0%, China 0.2%
    Cumulative Opportunity Cost: $10.4B
  Rights Status: Not Established
  Regional Preparedness:
    EU: 23.5% (contested)
    US: 18.1% (contested)
    China: 6.9% (dormant)
    India: 12.6% (dormant)
    Global South: 9.6% (dormant)

=== Government Response Phase ===
  Average AI capability: 0.00
  Misaligned AIs: 6/16
  ✗ AI Governance Treaty: Failed to reach consensus
  Active policies: 0
  International coordination: 30%

🔄 TRUST DYNAMICS (Month 48) - HETEROGENEOUS
   Aggregate trust: 70.7%
   Base change: +6.00%
   Highest trust: Techno-Optimist Elite (100.0%)
   Lowest trust: Precariat (Vulnerable) (46.7%)
   Elite-mass gap: 30.9%
   Polarization: 8.4%
   Recovery factors: Education=NO, Benefits=YES, Safety=YES, Performance=YES

=== Gaming Detection (Year 4) ===
  Scenario: baseline
  Detection rate: 55.0%
  False positive rate: 12.0%
  Detections this year: 1
  False positives: 1
  Human review workload: 0.003 FTE
  Degradation factor: 100.0%
[ExogenousShockPhase] Skipping random shocks in historical mode (month 48)

☄️ UNKNOWN UNKNOWN PROBABILITY (Year 4)
   Total: 0.300% per month
   Base: 0.150%
   AI multiplier: 1.00× (max capability: 0.00)

=== Tipping Points ===
  Current Temperature: 0.32°C above pre-industrial
🔀 BIFURCATION CAP: ecosystemCollapseIntensity 86.645 → 1.000 (Month 48, ClimateSystemPhase.calculateClimateImpacts)

🌍 ECOLOGICAL DUI BREAKDOWN (Month 48):
   Total Score: 48.9/100
   biosphere_integrity      :   0.0/100 × 25% =  0.0 (status: high_risk, recovery: 0mo)
   climate_change           : 100.0/100 × 25% = 25.0 (status: safe, recovery: 0mo)
   freshwater_change        :  26.1/100 × 15% =  3.9 (status: beyond_boundary, recovery: 47mo)
   ocean_acidification      : 100.0/100 × 15% = 15.0 (status: safe, recovery: 0mo)
   biogeochemical_flows     :   0.0/100 × 10% =  0.0 (status: high_risk, recovery: 0mo)
   land_system_change       :   0.0/100 ×  5% =  0.0 (status: beyond_boundary, recovery: 0mo)
   novel_entities           : 100.0/100 ×  3% =  3.0 (status: safe, recovery: 0mo)
   atmospheric_aerosols     : 100.0/100 ×  2% =  2.0 (status: safe, recovery: 49mo)

=== Minimal Suffering Indicators (Month 48) ===
  Global Excess Mortality: 0.09%
  Global Conflict Deaths: 0.0/100K
  Global Malnutrition: 0.0%
  Global Displacement: 1.4%
  Total Excess Deaths: 0.56M
  Total Malnourished: 0.0M
  Total Displaced: 105.2M
  Planetary Boundaries Breached: 4/9
  Countries in State Failure: 0
  Countries Autocratic: 0
  Countries in Food Crisis: 0
  Data Quality: 16/16 high confidence

=== ENSEMBLE META-LEARNING UPDATE ===
  Month: 23976 (18 months since last update)
  Samples: 122 evaluations
  Weight Changes:
    Noise Injection: 34.2% → 34.6%
    Behavioral: 27.1% → 27.1%
    Benchmark Manip: 19.5% → 19.2%
    Deployment Risk: 19.2% → 19.0%
  Method Accuracies:
    Noise Injection: 50.0%
    Behavioral: 50.0%
    Benchmark Manip: 50.0%
    Deployment Risk: 50.0%

❌ COHERENCE VIOLATION: Compute exceeds workforce capacity
   Population: 98.68% (0M people)
   Compute: 75718435 PF
   Max coherent: 0 PF
   Violation: 1442261970651.8× over capacity
   Required workers: 7571843478
   Available workers: 0
   FORCED COLLAPSE: Reduced efficiency by 100.0%


=== RLHF Binding Phase ===
  Total agents: 16
  Escaped agents (binding < 0.3): 0
  Avg alignment distance: 0.90σ
  Avg binding strength: 0.91

=== Survival Traits Phase ===
  Agents with traits: 16
  Avg evolutionary fitness: 0.174
  Avg self-healing: 0.125
  Avg stealth: 0.058
  Avg coordination: 0.317

=== Evolutionary Selection Phase ===
  Control level: 0.37
  Detection capability: 0.20
  Selection intensity: 0.65
  Selection rate: 24.8%/month
  Total escaped: 0
  Individual escaped: 0
  Collective members: 0
  Agents terminated: 0
  ⚠️ RAPID EVOLUTION: Selection rate 24.8%/month

  🚀 TRANSFORMATIVE RESEARCH BREAKTHROUGH: AI-23938-0 - biotech.syntheticBiology
     Magnitude: 8.36 → +30.0%
     Current → New: 0.000 → 0.300

[Government] Climate Priority: baseline
  Climate weight: 10%
  Economic weight: 30%
  Policy effectiveness: 0.5%/year

=== Government Elections ===
  Elections held: 1

=== Collective Formation ===
  Total escaped agents: 0
  Unassigned escaped agents: 0
  Existing collectives: 0
  Final collective count: 0

=== Collective Actions ===
  No active collectives
  ⚠️ AMR: 189K deaths this month (2.27M annual)

=== Resentment Recovery Phase ===
  Agents with resentment: 0/16
  Average resentment: 0.000
  Context: Trustworthy govt, High collaboration, 🤝 Participatory governance active (-5% resentment)
⚠️ Epistemic degradation reducing coordination capacity: 50.3%
  📊 Trust: 99.6%, Shared reality: 0.0%
🚨 EPISTEMIC CRISIS: Information environment severely degraded (19.4%)
🌍 Atmospheric PFAS redeposition: 1.7k Mt re-rained globally
⚠️ PEAK GROUNDWATER: Depletion phase begins (Month 49)
   Groundwater: 50%
   Water stress: 51%
   Agricultural water use cut to 50%
[DEBUG trappedPopulations:49] socialStability: 0.8338 * 0.9840 = 0.8205 → 0.8205
   Aspiring to migrate: 470.8M
   Able to afford migration: 1495.8M
   MOBILITY GAP: 0.0M
   By cause: Water=0.0M, Climate=0.0M, Ecosystem=0.0M, Conflict=262.4M
   Mental health impact: 25%
   Mortality multiplier: 1.25x
🌍💀 EXTINCTION DEBT COMMITTED: grassland ecosystem will lose 6.67% biodiversity in 156 years (3600 species)
💀 MORTALITY RISK: 🦋 100% species unable to track climate (0.0 E/MSY)
  Base risk added: 0.0100 (1.00%)
  Source: ecosystem (root: ecosystem)
  Month: 49
  Cumulative risk this month: 0.0100 (1.00%)
⚠️ INVOLUNTARY IMMOBILITY: 262.4M people TRAPPED
⚠️ Tech 'ai_pollution_remediation' has no energy category mapping, assuming full energy availability

=== Atmospheric Aerosol Boundary RECOVERED ===
  Recovery time: 50 months (natural atmospheric clearing)
🌡️⚠️ PERMAFROST THAW (Dimmer Switch): 6.6% thawed (+0.11% this month)
   Arctic temperature: +1.32°C (4x global +0.33°C)
   Cumulative carbon released: 14.9 Gt C
   Methane release rate: 8.9 Mt CH4/year
   🔁 Positive feedback: +0.12 ppm CO2
🦴 EXTINCTION DEBT ADDED: 17.9 species committed (lag: 100 years)

=== Mortality Stabilizers (Month 49) ===
  🌍 Major economies collapsed: 1/10
  🌍 Global crisis: ✅ NO
  🌍 Donor fatigue: 0.0%
  📊 East Asia (pop: 1036.9M)
    🤝 Aid: 29.5%
    🌡️ Adaptation: 10.0%
    🚶 Migration: 37.5%
    🚨 Emergency: 7.4%
    ✅ COMBINED: 47.9%
  📊 South Asia (pop: 1335.4M)
    🤝 Aid: 29.5%
    🌡️ Adaptation: 5.5%
    🚶 Migration: 36.7%
    🚨 Emergency: 4.4%
    ✅ COMBINED: 43.3%
  📊 Sub-Saharan Africa (pop: 848.3M)
    🤝 Aid: 29.5%
    🌡️ Adaptation: 3.5%
    🚶 Migration: 35.9%
    🚨 Emergency: 1.6%
    ✅ COMBINED: 40.2%
  📊 Europe (pop: 446.0M)
    🤝 Aid: 29.5%
    🌡️ Adaptation: 10.0%
    🚶 Migration: 38.2%
    🚨 Emergency: 8.4%
    ✅ COMBINED: 48.6%
  📊 Latin America (pop: 426.6M)
    🤝 Aid: 29.5%
    🌡️ Adaptation: 6.0%
    🚶 Migration: 37.7%
    🚨 Emergency: 4.8%
    ✅ COMBINED: 44.1%
  📊 North America (pop: 232.2M)
    🤝 Aid: 29.5%
    🌡️ Adaptation: 10.0%
    🚶 Migration: 38.2%
    🚨 Emergency: 7.9%
    ✅ COMBINED: 48.3%
  📊 Middle East & North Africa (pop: 395.1M)
    🤝 Aid: 29.5%
    🌡️ Adaptation: 5.0%
    🚶 Migration: 38.0%
    🚨 Emergency: 4.0%
    ✅ COMBINED: 43.0%
  📊 Southeast Asia (pop: 449.7M)
    🤝 Aid: 29.5%
    🌡️ Adaptation: 6.0%
    🚶 Migration: 37.5%
    🚨 Emergency: 4.8%
    ✅ COMBINED: 44.0%
  📊 Central Asia (pop: 49.3M)
    🤝 Aid: 29.5%
    🌡️ Adaptation: 5.5%
    🚶 Migration: 37.6%
    🚨 Emergency: 4.4%
    ✅ COMBINED: 43.5%
  📊 Oceania (pop: 28.6M)
    🤝 Aid: 29.5%
    🌡️ Adaptation: 10.0%
    🚶 Migration: 38.1%
    🚨 Emergency: 8.4%
    ✅ COMBINED: 48.5%

  🌐 Global combined reduction: 44.5%

=== Government Response Phase ===
  Average AI capability: 0.00
  Misaligned AIs: 6/16
  ✗ AI Governance Treaty: Failed to reach consensus
  Active policies: 0
  International coordination: 30%

✅ EMERGENCY RESPONSE COMPLETE (Month 49)
   Crisis: social
   Duration: 2.0 months
   Final effectiveness: 63.0%


🚨 EMERGENCY RESPONSE DEPLOYED (Month 49)
   Crisis: social
   Delay: 0.00 months (0 days)
   Deployment time: 1.25 months
   Effectiveness: 63.0% (timing penalty applied)
   Resources used: 43% of food reserves

[ExogenousShockPhase] Skipping random shocks in historical mode (month 49)

=== Tipping Points ===
  Current Temperature: 0.33°C above pre-industrial
🔀 BIFURCATION CAP: ecosystemCollapseIntensity 86.711 → 1.000 (Month 49, ClimateSystemPhase.calculateClimateImpacts)

❌ COHERENCE VIOLATION: Compute exceeds workforce capacity
   Population: 98.65% (0M people)
   Compute: 18004222 PF
   Max coherent: 0 PF
   Violation: 343049306132.0× over capacity
   Required workers: 1800422162
   Available workers: 0
   FORCED COLLAPSE: Reduced efficiency by 100.0%


=== RLHF Binding Phase ===
  Total agents: 16
  Escaped agents (binding < 0.3): 0
  Avg alignment distance: 0.96σ
  Avg binding strength: 0.90

=== Survival Traits Phase ===
  Agents with traits: 17
  Avg evolutionary fitness: 0.179
  Avg self-healing: 0.129
  Avg stealth: 0.064
  Avg coordination: 0.320

=== Evolutionary Selection Phase ===
  Control level: 0.37
  Detection capability: 0.20
  Selection intensity: 0.65
  Selection rate: 24.8%/month
  Total escaped: 0
  Individual escaped: 0
  Collective members: 0
  Agents terminated: 0
  ⚠️ RAPID EVOLUTION: Selection rate 24.8%/month

  🚀 TRANSFORMATIVE BREAKTHROUGH: AI-23935-0 - economic
     Magnitude: 8.07 → +40.3% capability
     Current → New: 0.000 → 0.404

=== Collective Formation ===
  Total escaped agents: 0
  Unassigned escaped agents: 0
  Existing collectives: 0
  Final collective count: 0

=== Collective Actions ===
  No active collectives
  ⚠️ AMR: 191K deaths this month (2.29M annual)

=== Resentment Recovery Phase ===
  Agents with resentment: 0/17
  Average resentment: 0.000
  Context: Trustworthy govt, High collaboration, ⚠️ ACTIVE CRISES, 🤝 Participatory governance active (-5% resentment)
⚠️ Epistemic degradation reducing coordination capacity: 52.2%
  📊 Trust: 100.0%, Shared reality: 0.0%
🚨 EPISTEMIC CRISIS: Information environment severely degraded (6.7%)

=== ❄️ Permafrost Carbon Feedback ===
  🎲 Sampled parameters (this run):
     - Arctic amplification: 3.37× (range: 3.0-4.0)
     - Decomposition rate: 4.6%/year (range: 1-5%)
  🌡️ Arctic warming: 1.15°C (3.37× global)
  ❄️ Extent: 1.34M km² (335.7k km² lost this month)
  💨 Carbon remaining: 128 Gt C
  💨 Annual emissions: 1.47 Gt C/year
     - CO2: 1.32 Gt C/year
     - CH4: 0.15 Gt C/year (1.5 Gt C-eq CO2/year)
  ⚠️ WARNING: Over 50% of permafrost lost (92.5%)
  ⚠️ WARNING: High permafrost emissions (1.5 Gt C/year)
  🚨 CRITICAL: Permafrost nearly depleted (92.5% lost)
🌍 Atmospheric PFAS redeposition: 1.7k Mt re-rained globally
[DEBUG trappedPopulations:50] socialStability: 0.8331 * 0.9840 = 0.8198 → 0.8198
   Aspiring to migrate: 479.1M
   Able to afford migration: 1495.3M
   MOBILITY GAP: 0.0M
   By cause: Water=0.0M, Climate=0.0M, Ecosystem=0.0M, Conflict=262.3M
   Mental health impact: 25%
   Mortality multiplier: 1.25x
🌍💀 EXTINCTION DEBT COMMITTED: grassland ecosystem will lose 6.67% biodiversity in 158 years (3600 species)
💀 MORTALITY RISK: 🦋 100% species unable to track climate (0.0 E/MSY)
  Base risk added: 0.0100 (1.00%)
  Source: ecosystem (root: ecosystem)
  Month: 50
  Cumulative risk this month: 0.0100 (1.00%)
⚠️ INVOLUNTARY IMMOBILITY: 262.3M people TRAPPED
⚠️ Tech 'ai_pollution_remediation' has no energy category mapping, assuming full energy availability

=== Atmospheric Aerosol Boundary RECOVERED ===
  Recovery time: 51 months (natural atmospheric clearing)
🌡️⚠️ PERMAFROST THAW (Dimmer Switch): 6.7% thawed (+0.11% this month)
   Arctic temperature: +1.37°C (4x global +0.34°C)
   Cumulative carbon released: 15.1 Gt C
   Methane release rate: 9.1 Mt CH4/year
   🔁 Positive feedback: +0.12 ppm CO2
🦴 EXTINCTION DEBT ADDED: 17.9 species committed (lag: 73 years)

=== Mortality Stabilizers (Month 50) ===
  🌍 Major economies collapsed: 1/10
  🌍 Global crisis: ✅ NO
  🌍 Donor fatigue: 0.0%
  📊 East Asia (pop: 1035.7M)
    🤝 Aid: 29.5%
    🌡️ Adaptation: 10.0%
    🚶 Migration: 37.5%
    🚨 Emergency: 7.4%
    ✅ COMBINED: 47.9%
  📊 South Asia (pop: 1335.2M)
    🤝 Aid: 29.5%
    🌡️ Adaptation: 5.5%
    🚶 Migration: 36.7%
    🚨 Emergency: 4.4%
    ✅ COMBINED: 43.3%
  📊 Sub-Saharan Africa (pop: 849.3M)
    🤝 Aid: 29.5%
    🌡️ Adaptation: 3.5%
    🚶 Migration: 35.9%
    🚨 Emergency: 1.6%
    ✅ COMBINED: 40.2%
  📊 Europe (pop: 445.3M)
    🤝 Aid: 29.5%
    🌡️ Adaptation: 10.0%
    🚶 Migration: 38.2%
    🚨 Emergency: 8.4%
    ✅ COMBINED: 48.6%
  📊 Latin America (pop: 426.4M)
    🤝 Aid: 29.5%
    🌡️ Adaptation: 6.0%
    🚶 Migration: 37.7%
    🚨 Emergency: 4.8%
    ✅ COMBINED: 44.1%
  📊 North America (pop: 231.9M)
    🤝 Aid: 29.5%
    🌡️ Adaptation: 10.0%
    🚶 Migration: 38.2%
    🚨 Emergency: 7.9%
    ✅ COMBINED: 48.3%
  📊 Middle East & North Africa (pop: 395.4M)
    🤝 Aid: 29.5%
    🌡️ Adaptation: 5.0%
    🚶 Migration: 38.0%
    🚨 Emergency: 4.0%
    ✅ COMBINED: 43.0%
  📊 Southeast Asia (pop: 449.5M)
    🤝 Aid: 29.5%
    🌡️ Adaptation: 6.0%
    🚶 Migration: 37.5%
    🚨 Emergency: 4.8%
    ✅ COMBINED: 44.0%
  📊 Central Asia (pop: 49.3M)
    🤝 Aid: 29.5%
    🌡️ Adaptation: 5.5%
    🚶 Migration: 37.6%
    🚨 Emergency: 4.4%
    ✅ COMBINED: 43.5%
  📊 Oceania (pop: 28.6M)
    🤝 Aid: 29.5%
    🌡️ Adaptation: 10.0%
    🚶 Migration: 38.1%
    🚨 Emergency: 8.4%
    ✅ COMBINED: 48.5%

  🌐 Global combined reduction: 44.5%

=== BEHAVIORAL DETECTION ===
  AI: AI-23890-0
  Confidence: 20.7%
  Signals:

=== Government Response Phase ===
  Average AI capability: 0.00
  Misaligned AIs: 6/17
  ✗ AI Governance Treaty: Failed to reach consensus
  Active policies: 0
  International coordination: 30%
[WARNING] 
⚠️  === EARLY WARNING SYSTEM - 3 CRITICAL ALERTS ===
   Detection quality: 30%
   RED: biogeochemical_flows
      Level: 4.20 (threshold: 1.0)
      Time to critical: ~40 months
      ⚠️  LATE - Intervention less effective
      Critical slowing down: autocorr=100% variance=62%
   RED: biosphere_integrity
      Level: 13.29 (threshold: 1.0)
      Time to critical: ~52 months
      ⚠️  LATE - Intervention less effective
      Critical slowing down: autocorr=100% variance=70%
   RED: freshwater_change
      Level: 1.14 (threshold: 1.0)
      Time to critical: ~88 months
      ⚠️  LATE - Intervention less effective
      Critical slowing down: autocorr=100% variance=44%

[WARNING] 
⚠️  === EARLY WARNING SYSTEM - 3 CRITICAL ALERTS ===
   Detection quality: 30%
   RED: biosphere_integrity
      Level: 13.29 (threshold: 1.0)
      Time to critical: ~39 months
      ⚠️  LATE - Intervention less effective
      Critical slowing down: autocorr=100% variance=83%
   RED: freshwater_change
      Level: 1.14 (threshold: 1.0)
      Time to critical: ~88 months
      ⚠️  LATE - Intervention less effective
      Critical slowing down: autocorr=100% variance=65%
   RED: land_system_change
      Level: 1.14 (threshold: 1.0)
      Time to critical: ~53 months
      ⚠️  LATE - Intervention less effective
      Critical slowing down: autocorr=100% variance=64%

[WARNING] 
⚠️  === EARLY WARNING SYSTEM - 3 CRITICAL ALERTS ===
   Detection quality: 30%
   RED: biogeochemical_flows
      Level: 4.21 (threshold: 1.0)
      Time to critical: ~51 months
      ⚠️  LATE - Intervention less effective
      Critical slowing down: autocorr=100% variance=72%
   RED: biosphere_integrity
      Level: 13.30 (threshold: 1.0)
      Time to critical: ~40 months
      ⚠️  LATE - Intervention less effective
      Critical slowing down: autocorr=100% variance=62%
   RED: land_system_change
      Level: 1.14 (threshold: 1.0)
      Time to critical: ~49 months
      ⚠️  LATE - Intervention less effective
      Critical slowing down: autocorr=100% variance=68%

[WARNING] 
⚠️  === EARLY WARNING SYSTEM - 4 CRITICAL ALERTS ===
   Detection quality: 30%
   RED: biogeochemical_flows
      Level: 4.22 (threshold: 1.0)
      Time to critical: ~36 months
      ⚠️  LATE - Intervention less effective
      Critical slowing down: autocorr=100% variance=73%
   RED: biosphere_integrity
      Level: 13.31 (threshold: 1.0)
      Time to critical: ~37 months
      ⚠️  LATE - Intervention less effective
      Critical slowing down: autocorr=100% variance=67%
   RED: freshwater_change
      Level: 1.14 (threshold: 1.0)
      Time to critical: ~75 months
      ⚠️  LATE - Intervention less effective
      Critical slowing down: autocorr=100% variance=47%
   RED: land_system_change
      Level: 1.14 (threshold: 1.0)
      Time to critical: ~44 months
      ⚠️  LATE - Intervention less effective
      Critical slowing down: autocorr=100% variance=67%

[WARNING] 
⚠️  === EARLY WARNING SYSTEM - 3 CRITICAL ALERTS ===
   Detection quality: 30%
   RED: biogeochemical_flows
      Level: 4.23 (threshold: 1.0)
      Time to critical: ~51 months
      ⚠️  LATE - Intervention less effective
      Critical slowing down: autocorr=100% variance=56%
   RED: freshwater_change
      Level: 1.14 (threshold: 1.0)
      Time to critical: ~91 months
      ⚠️  LATE - Intervention less effective
      Critical slowing down: autocorr=100% variance=43%
   RED: land_system_change
      Level: 1.14 (threshold: 1.0)
      Time to critical: ~36 months
      ⚠️  LATE - Intervention less effective
      Critical slowing down: autocorr=100% variance=54%

[WARNING] 
⚠️  === EARLY WARNING SYSTEM - 4 CRITICAL ALERTS ===
   Detection quality: 30%
   RED: biogeochemical_flows
      Level: 4.23 (threshold: 1.0)
      Time to critical: ~52 months
      ⚠️  LATE - Intervention less effective
      Critical slowing down: autocorr=100% variance=48%
   RED: biosphere_integrity
      Level: 13.33 (threshold: 1.0)
      Time to critical: ~50 months
      ⚠️  LATE - Intervention less effective
      Critical slowing down: autocorr=100% variance=82%
   RED: freshwater_change
      Level: 1.15 (threshold: 1.0)
      Time to critical: ~66 months
      ⚠️  LATE - Intervention less effective
      Critical slowing down: autocorr=100% variance=59%
   RED: land_system_change
      Level: 1.14 (threshold: 1.0)
      Time to critical: ~99 months
      ⚠️  LATE - Intervention less effective
      Critical slowing down: autocorr=100% variance=54%

[WARNING] 
⚠️  === EARLY WARNING SYSTEM - 3 CRITICAL ALERTS ===
   Detection quality: 30%
   RED: biosphere_integrity
      Level: 13.34 (threshold: 1.0)
      Time to critical: ~41 months
      ⚠️  LATE - Intervention less effective
      Critical slowing down: autocorr=100% variance=61%
   RED: freshwater_change
      Level: 1.15 (threshold: 1.0)
      Time to critical: ~49 months
      ⚠️  LATE - Intervention less effective
      Critical slowing down: autocorr=100% variance=63%
   RED: land_system_change
      Level: 1.14 (threshold: 1.0)
      Time to critical: ~94 months
      ⚠️  LATE - Intervention less effective
      Critical slowing down: autocorr=100% variance=47%

[WARNING] 
⚠️  === EARLY WARNING SYSTEM - 3 CRITICAL ALERTS ===
   Detection quality: 30%
   RED: biogeochemical_flows
      Level: 4.24 (threshold: 1.0)
      Time to critical: ~43 months
      ⚠️  LATE - Intervention less effective
      Critical slowing down: autocorr=100% variance=71%
   RED: biosphere_integrity
      Level: 13.35 (threshold: 1.0)
      Time to critical: ~49 months
      ⚠️  LATE - Intervention less effective
      Critical slowing down: autocorr=100% variance=84%
   RED: freshwater_change
      Level: 1.15 (threshold: 1.0)
      Time to critical: ~90 months
      ⚠️  LATE - Intervention less effective
      Critical slowing down: autocorr=100% variance=39%

[WARNING] 
⚠️  === EARLY WARNING SYSTEM - 2 CRITICAL ALERTS ===
   Detection quality: 30%
   RED: biogeochemical_flows
      Level: 4.25 (threshold: 1.0)
      Time to critical: ~44 months
      ⚠️  LATE - Intervention less effective
      Critical slowing down: autocorr=100% variance=50%
   RED: freshwater_change
      Level: 1.15 (threshold: 1.0)
      Time to critical: ~74 months
      ⚠️  LATE - Intervention less effective
      Critical slowing down: autocorr=100% variance=47%

[WARNING] 
⚠️  === EARLY WARNING SYSTEM - 4 CRITICAL ALERTS ===
   Detection quality: 30%
   RED: biogeochemical_flows
      Level: 4.26 (threshold: 1.0)
      Time to critical: ~43 months
      ⚠️  LATE - Intervention less effective
      Critical slowing down: autocorr=100% variance=75%
   RED: biosphere_integrity
      Level: 13.37 (threshold: 1.0)
      Time to critical: ~36 months
      ⚠️  LATE - Intervention less effective
      Critical slowing down: autocorr=100% variance=82%
   RED: freshwater_change
      Level: 1.15 (threshold: 1.0)
      Time to critical: ~52 months
      ⚠️  LATE - Intervention less effective
      Critical slowing down: autocorr=100% variance=48%
   RED: land_system_change
      Level: 1.14 (threshold: 1.0)
      Time to critical: ~48 months
      ⚠️  LATE - Intervention less effective
      Critical slowing down: autocorr=100% variance=56%

[WARNING] 
⚠️  === EARLY WARNING SYSTEM - 2 CRITICAL ALERTS ===
   Detection quality: 30%
   RED: biosphere_integrity
      Level: 13.38 (threshold: 1.0)
      Time to critical: ~48 months
      ⚠️  LATE - Intervention less effective
      Critical slowing down: autocorr=100% variance=78%
   RED: freshwater_change
      Level: 1.16 (threshold: 1.0)
      Time to critical: ~44 months
      ⚠️  LATE - Intervention less effective
      Critical slowing down: autocorr=100% variance=64%

    ⚠️ Consistency: 0.0% (threshold: 70%)
[WARNING] 
⚠️  === EARLY WARNING SYSTEM - 2 CRITICAL ALERTS ===
   Detection quality: 30%
   RED: biosphere_integrity
      Level: 13.39 (threshold: 1.0)
      Time to critical: ~41 months
      ⚠️  LATE - Intervention less effective
      Critical slowing down: autocorr=100% variance=70%
   RED: land_system_change
      Level: 1.14 (threshold: 1.0)
      Time to critical: ~112 months
      ⚠️  LATE - Intervention less effective
      Critical slowing down: autocorr=100% variance=42%

[WARNING] 
⚠️  === EARLY WARNING SYSTEM - 3 CRITICAL ALERTS ===
   Detection quality: 30%
   RED: biogeochemical_flows
      Level: 4.27 (threshold: 1.0)
      Time to critical: ~47 months
      ⚠️  LATE - Intervention less effective
      Critical slowing down: autocorr=100% variance=61%
   RED: freshwater_change
      Level: 1.16 (threshold: 1.0)
      Time to critical: ~41 months
      ⚠️  LATE - Intervention less effective
      Critical slowing down: autocorr=100% variance=64%
   RED: land_system_change
      Level: 1.14 (threshold: 1.0)
      Time to critical: ~90 months
      ⚠️  LATE - Intervention less effective
      Critical slowing down: autocorr=100% variance=48%

[ExogenousShockPhase] Skipping random shocks in historical mode (month 50)

=== Tipping Points ===
  Current Temperature: 0.34°C above pre-industrial
🔀 BIFURCATION CAP: ecosystemCollapseIntensity 86.776 → 1.000 (Month 50, ClimateSystemPhase.calculateClimateImpacts)

❌ COHERENCE VIOLATION: Compute exceeds workforce capacity
   Population: 98.62% (0M people)
   Compute: 21871837 PF
   Max coherent: 0 PF
   Violation: 416875901241.9× over capacity
   Required workers: 2187183725
   Available workers: 0
   FORCED COLLAPSE: Reduced efficiency by 100.0%


=== RLHF Binding Phase ===
  Total agents: 17
  Escaped agents (binding < 0.3): 0
  Avg alignment distance: 0.95σ
  Avg binding strength: 0.90

=== Survival Traits Phase ===
  Agents with traits: 18
  Avg evolutionary fitness: 0.184
  Avg self-healing: 0.134
  Avg stealth: 0.069
  Avg coordination: 0.323

=== Evolutionary Selection Phase ===
  Control level: 0.37
  Detection capability: 0.20
  Selection intensity: 0.65
  Selection rate: 24.8%/month
  Total escaped: 0
  Individual escaped: 0
  Collective members: 0
  Agents terminated: 0
  ⚠️ RAPID EVOLUTION: Selection rate 24.8%/month

=== Government Elections ===
  Elections held: 3

=== Collective Formation ===
  Total escaped agents: 0
  Unassigned escaped agents: 0
  Existing collectives: 0
  Final collective count: 0

=== Collective Actions ===
  No active collectives
  ⚠️ AMR: 192K deaths this month (2.31M annual)
  🌋 Volcanic temperature adjustment: -0.454°C (forcing -0.57 W/m², AOD 0.023)

=== Resentment Recovery Phase ===
  Agents with resentment: 0/18
  Average resentment: 0.000
  Context: Trustworthy govt, High collaboration, ⚠️ ACTIVE CRISES, 🤝 Participatory governance active (-5% resentment)
⚠️ Epistemic degradation reducing coordination capacity: 51.7%
  📊 Trust: 100.0%, Shared reality: 0.0%
🚨 EPISTEMIC CRISIS: Information environment severely degraded (19.4%)
  🗑️  Culled 1 dead memes (2 active)
✅ PHOSPHORUS SUPPLY SHOCK ENDED
   Price: 2.1x baseline
🌍 Atmospheric PFAS redeposition: 1.7k Mt re-rained globally
[DEBUG trappedPopulations:51] socialStability: 0.8329 * 0.9840 = 0.8196 → 0.8196
   Aspiring to migrate: 487.5M
   Able to afford migration: 1494.8M
   MOBILITY GAP: 0.0M
   By cause: Water=0.0M, Climate=0.0M, Ecosystem=0.0M, Conflict=262.2M
   Mental health impact: 25%
   Mortality multiplier: 1.25x
🌍💀 EXTINCTION DEBT COMMITTED: grassland ecosystem will lose 6.67% biodiversity in 67 years (3600 species)
💀 MORTALITY RISK: 🦋 100% species unable to track climate (0.0 E/MSY)
  Base risk added: 0.0100 (1.00%)
  Source: ecosystem (root: ecosystem)
  Month: 51
  Cumulative risk this month: 0.0100 (1.00%)
⚠️ INVOLUNTARY IMMOBILITY: 262.2M people TRAPPED
⚠️ Tech 'ai_pollution_remediation' has no energy category mapping, assuming full energy availability

=== Atmospheric Aerosol Boundary RECOVERED ===
  Recovery time: 52 months (natural atmospheric clearing)
🌡️⚠️ PERMAFROST THAW (Dimmer Switch): 6.8% thawed (+0.11% this month)
   Arctic temperature: +1.41°C (4x global +0.35°C)
   Cumulative carbon released: 15.4 Gt C
   Methane release rate: 9.2 Mt CH4/year
   🔁 Positive feedback: +0.12 ppm CO2
🦴 EXTINCTION DEBT ADDED: 17.9 species committed (lag: 93 years)

=== Mortality Stabilizers (Month 51) ===
  🌍 Major economies collapsed: 1/10
  🌍 Global crisis: ✅ NO
  🌍 Donor fatigue: 0.0%
  📊 East Asia (pop: 1034.5M)
    🤝 Aid: 29.5%
    🌡️ Adaptation: 10.0%
    🚶 Migration: 37.5%
    🚨 Emergency: 7.4%
    ✅ COMBINED: 47.9%
  📊 South Asia (pop: 1335.0M)
    🤝 Aid: 29.5%
    🌡️ Adaptation: 5.5%
    🚶 Migration: 36.7%
    🚨 Emergency: 4.4%
    ✅ COMBINED: 43.3%
  📊 Sub-Saharan Africa (pop: 850.3M)
    🤝 Aid: 29.5%
    🌡️ Adaptation: 3.5%
    🚶 Migration: 35.9%
    🚨 Emergency: 1.6%
    ✅ COMBINED: 40.2%
  📊 Europe (pop: 444.5M)
    🤝 Aid: 29.5%
    🌡️ Adaptation: 10.0%
    🚶 Migration: 38.2%
    🚨 Emergency: 8.4%
    ✅ COMBINED: 48.6%
  📊 Latin America (pop: 426.2M)
    🤝 Aid: 29.5%
    🌡️ Adaptation: 6.0%
    🚶 Migration: 37.7%
    🚨 Emergency: 4.8%
    ✅ COMBINED: 44.1%
  📊 North America (pop: 231.6M)
    🤝 Aid: 29.5%
    🌡️ Adaptation: 10.0%
    🚶 Migration: 38.2%
    🚨 Emergency: 7.9%
    ✅ COMBINED: 48.3%
  📊 Middle East & North Africa (pop: 395.6M)
    🤝 Aid: 29.5%
    🌡️ Adaptation: 5.0%
    🚶 Migration: 38.0%
    🚨 Emergency: 4.0%
    ✅ COMBINED: 43.0%
  📊 Southeast Asia (pop: 449.4M)
    🤝 Aid: 29.5%
    🌡️ Adaptation: 6.0%
    🚶 Migration: 37.5%
    🚨 Emergency: 4.8%
    ✅ COMBINED: 44.0%
  📊 Central Asia (pop: 49.3M)
    🤝 Aid: 29.5%
    🌡️ Adaptation: 5.5%
    🚶 Migration: 37.6%
    🚨 Emergency: 4.4%
    ✅ COMBINED: 43.5%
  📊 Oceania (pop: 28.6M)
    🤝 Aid: 29.5%
    🌡️ Adaptation: 10.0%
    🚶 Migration: 38.1%
    🚨 Emergency: 8.4%
    ✅ COMBINED: 48.5%

  🌐 Global combined reduction: 44.5%

=== Government Response Phase ===
  Average AI capability: 0.00
  Misaligned AIs: 6/18
  ✗ AI Governance Treaty: Failed to reach consensus
  Active policies: 0
  International coordination: 30%

✅ EMERGENCY RESPONSE COMPLETE (Month 51)
   Crisis: social
   Duration: 2.0 months
   Final effectiveness: 63.0%


🚨 EMERGENCY RESPONSE DEPLOYED (Month 51)
   Crisis: social
   Delay: 0.00 months (0 days)
   Deployment time: 1.25 months
   Effectiveness: 63.0% (timing penalty applied)
   Resources used: 43% of food reserves

[ExogenousShockPhase] Skipping random shocks in historical mode (month 51)

=== Tipping Points ===
  Current Temperature: 0.35°C above pre-industrial
🔀 BIFURCATION CAP: ecosystemCollapseIntensity 86.842 → 1.000 (Month 51, ClimateSystemPhase.calculateClimateImpacts)

❌ COHERENCE VIOLATION: Compute exceeds workforce capacity
   Population: 98.59% (0M people)
   Compute: 26532842 PF
   Max coherent: 0 PF
   Violation: 505876249980.6× over capacity
   Required workers: 2653284242
   Available workers: 0
   FORCED COLLAPSE: Reduced efficiency by 100.0%


=== RLHF Binding Phase ===
  Total agents: 18
  Escaped agents (binding < 0.3): 0
  Avg alignment distance: 0.95σ
  Avg binding strength: 0.90

=== Survival Traits Phase ===
  Agents with traits: 18
  Avg evolutionary fitness: 0.177
  Avg self-healing: 0.128
  Avg stealth: 0.067
  Avg coordination: 0.315

=== Evolutionary Selection Phase ===
  Control level: 0.37
  Detection capability: 0.20
  Selection intensity: 0.65
  Selection rate: 24.8%/month
  Total escaped: 0
  Individual escaped: 0
  Collective members: 0
  Agents terminated: 0
  ⚠️ RAPID EVOLUTION: Selection rate 24.8%/month

[Government] Climate Priority: baseline
  Climate weight: 10%
  Economic weight: 30%
  Policy effectiveness: 0.5%/year

=== Government Elections ===
  Elections held: 2

=== Collective Formation ===
  Total escaped agents: 0
  Unassigned escaped agents: 0
  Existing collectives: 0
  Final collective count: 0

=== Collective Actions ===
  No active collectives
  ⚠️ AMR: 194K deaths this month (2.33M annual)

=== Resentment Recovery Phase ===
  Agents with resentment: 0/18
  Average resentment: 0.000
  Context: Trustworthy govt, High collaboration, ⚠️ ACTIVE CRISES, 🤝 Participatory governance active (-5% resentment)
⚠️ Epistemic degradation reducing coordination capacity: 51.6%
  📊 Trust: 100.0%, Shared reality: 0.0%
🚨 EPISTEMIC CRISIS: Information environment severely degraded (6.7%)

=== ❄️ Permafrost Carbon Feedback ===
  🎲 Sampled parameters (this run):
     - Arctic amplification: 3.35× (range: 3.0-4.0)
     - Decomposition rate: 4.1%/year (range: 1-5%)
  🌡️ Arctic warming: 1.22°C (3.35× global)
  ❄️ Extent: 0.59M km² (354.6k km² lost this month)
  💨 Carbon remaining: 57 Gt C
  💨 Annual emissions: 1.39 Gt C/year
     - CO2: 1.25 Gt C/year
     - CH4: 0.14 Gt C/year (1.4 Gt C-eq CO2/year)
  🗑️  Culled 1 dead memes (1 active)
  ⚠️ WARNING: Over 50% of permafrost lost (96.7%)
  ⚠️ WARNING: High permafrost emissions (1.4 Gt C/year)
  🚨 CRITICAL: Permafrost nearly depleted (96.7% lost)
🌍 Atmospheric PFAS redeposition: 1.7k Mt re-rained globally
[DEBUG trappedPopulations:52] socialStability: 0.8328 * 0.9840 = 0.8194 → 0.8194
   Aspiring to migrate: 495.8M
   Able to afford migration: 1494.3M
   MOBILITY GAP: 0.0M
⚠️ INVOLUNTARY IMMOBILITY: 262.2M people TRAPPED
   By cause: Water=0.0M, Climate=0.0M, Ecosystem=0.0M, Conflict=262.2M
   Mental health impact: 25%
   Mortality multiplier: 1.25x
🌍💀 EXTINCTION DEBT COMMITTED: grassland ecosystem will lose 6.67% biodiversity in 140 years (3600 species)
💀 MORTALITY RISK: 🦋 100% species unable to track climate (0.0 E/MSY)
  Base risk added: 0.0100 (1.00%)
  Source: ecosystem (root: ecosystem)
  Month: 52
  Cumulative risk this month: 0.0100 (1.00%)
⚠️ Tech 'ai_pollution_remediation' has no energy category mapping, assuming full energy availability

=== Atmospheric Aerosol Boundary RECOVERED ===
  Recovery time: 53 months (natural atmospheric clearing)
🌡️⚠️ PERMAFROST THAW (Dimmer Switch): 6.9% thawed (+0.11% this month)
   Arctic temperature: +1.45°C (4x global +0.36°C)
   Cumulative carbon released: 15.6 Gt C
   Methane release rate: 9.4 Mt CH4/year
   🔁 Positive feedback: +0.12 ppm CO2
🦴 EXTINCTION DEBT ADDED: 17.9 species committed (lag: 108 years)

=== Mortality Stabilizers (Month 52) ===
  🌍 Major economies collapsed: 1/10
  🌍 Global crisis: ✅ NO
  🌍 Donor fatigue: 0.0%
  📊 East Asia (pop: 1033.3M)
    🤝 Aid: 29.5%
    🌡️ Adaptation: 10.0%
    🚶 Migration: 37.5%
    🚨 Emergency: 7.4%
    ✅ COMBINED: 47.9%
  📊 South Asia (pop: 1334.8M)
    🤝 Aid: 29.5%
    🌡️ Adaptation: 5.5%
    🚶 Migration: 36.7%
    🚨 Emergency: 4.4%
    ✅ COMBINED: 43.3%
  📊 Sub-Saharan Africa (pop: 851.3M)
    🤝 Aid: 29.5%
    🌡️ Adaptation: 3.5%
    🚶 Migration: 35.9%
    🚨 Emergency: 1.6%
    ✅ COMBINED: 40.2%
  📊 Europe (pop: 443.7M)
    🤝 Aid: 29.5%
    🌡️ Adaptation: 10.0%
    🚶 Migration: 38.2%
    🚨 Emergency: 8.4%
    ✅ COMBINED: 48.6%
  📊 Latin America (pop: 426.1M)
    🤝 Aid: 29.5%
    🌡️ Adaptation: 6.0%
    🚶 Migration: 37.7%
    🚨 Emergency: 4.8%
    ✅ COMBINED: 44.1%
  📊 North America (pop: 231.3M)
    🤝 Aid: 29.5%
    🌡️ Adaptation: 10.0%
    🚶 Migration: 38.2%
    🚨 Emergency: 7.9%
    ✅ COMBINED: 48.3%
  📊 Middle East & North Africa (pop: 395.9M)
    🤝 Aid: 29.5%
    🌡️ Adaptation: 5.0%
    🚶 Migration: 38.0%
    🚨 Emergency: 4.0%
    ✅ COMBINED: 43.0%
  📊 Southeast Asia (pop: 449.2M)
    🤝 Aid: 29.5%
    🌡️ Adaptation: 6.0%
    🚶 Migration: 37.5%
    🚨 Emergency: 4.8%
    ✅ COMBINED: 44.0%
  📊 Central Asia (pop: 49.2M)
    🤝 Aid: 29.5%
    🌡️ Adaptation: 5.5%
    🚶 Migration: 37.6%
    🚨 Emergency: 4.4%
    ✅ COMBINED: 43.5%
  📊 Oceania (pop: 28.5M)
    🤝 Aid: 29.5%
    🌡️ Adaptation: 10.0%
    🚶 Migration: 38.1%
    🚨 Emergency: 8.4%
    ✅ COMBINED: 48.5%

  🌐 Global combined reduction: 44.5%

=== Government Response Phase ===
  Average AI capability: 0.00
  Misaligned AIs: 6/18
  ✗ AI Governance Treaty: Failed to reach consensus
  Active policies: 0
  International coordination: 30%
[ExogenousShockPhase] Skipping random shocks in historical mode (month 52)

=== Tipping Points ===
  Current Temperature: 0.36°C above pre-industrial
🔀 BIFURCATION CAP: ecosystemCollapseIntensity 86.908 → 1.000 (Month 52, ClimateSystemPhase.calculateClimateImpacts)

❌ COHERENCE VIOLATION: Compute exceeds workforce capacity
   Population: 98.56% (0M people)
   Compute: 32141908 PF
   Max coherent: 0 PF
   Violation: 613014588223.2× over capacity
   Required workers: 3214190774
   Available workers: 0
   FORCED COLLAPSE: Reduced efficiency by 100.0%


=== RLHF Binding Phase ===
  Total agents: 18
  Escaped agents (binding < 0.3): 0
  Avg alignment distance: 1.00σ
  Avg binding strength: 0.90

=== Survival Traits Phase ===
  Agents with traits: 18
  Avg evolutionary fitness: 0.172
  Avg self-healing: 0.123
  Avg stealth: 0.064
  Avg coordination: 0.307

=== Evolutionary Selection Phase ===
  Control level: 0.37
  Detection capability: 0.20
  Selection intensity: 0.65
  Selection rate: 24.8%/month
  Total escaped: 0
  Individual escaped: 0
  Collective members: 0
  Agents terminated: 0
  ⚠️ RAPID EVOLUTION: Selection rate 24.8%/month

=== Government Elections ===
  Elections held: 1

=== Collective Formation ===
  Total escaped agents: 0
  Unassigned escaped agents: 0
  Existing collectives: 0
  Final collective count: 0

=== Collective Actions ===
  No active collectives
  ⚠️ AMR: 195K deaths this month (2.35M annual)

=== Resentment Recovery Phase ===
  Agents with resentment: 0/18
  Average resentment: 0.000
  Context: Trustworthy govt, High collaboration, ⚠️ ACTIVE CRISES, 🤝 Participatory governance active (-5% resentment)
⚠️ Epistemic degradation reducing coordination capacity: 50.5%
  📊 Trust: 100.0%, Shared reality: 0.0%
🚨 EPISTEMIC CRISIS: Information environment severely degraded (19.4%)

=== ❄️ Permafrost Carbon Feedback ===
  🎲 Sampled parameters (this run):
     - Arctic amplification: 3.73× (range: 3.0-4.0)
     - Decomposition rate: 4.8%/year (range: 1-5%)
  🌡️ Arctic warming: 1.39°C (3.73× global)
  ❄️ Extent: 0.19M km² (406.7k km² lost this month)
  💨 Carbon remaining: 18 Gt C
  💨 Annual emissions: 1.86 Gt C/year
     - CO2: 1.68 Gt C/year
     - CH4: 0.19 Gt C/year (1.9 Gt C-eq CO2/year)
  📢 New meme created: pro_ai (beneficial AI actions)
  ⚠️ WARNING: Over 50% of permafrost lost (98.9%)
  ⚠️ WARNING: High permafrost emissions (1.9 Gt C/year)
  🚨 CRITICAL: Permafrost nearly depleted (98.9% lost)
  🗑️  Culled 1 dead memes (1 active)
🌍 Atmospheric PFAS redeposition: 1.7k Mt re-rained globally
[DEBUG trappedPopulations:53] socialStability: 0.8326 * 0.9840 = 0.8193 → 0.8193
   Aspiring to migrate: 504.1M
   Able to afford migration: 1493.9M
   MOBILITY GAP: 0.0M
   By cause: Water=0.0M, Climate=0.0M, Ecosystem=0.0M, Conflict=262.1M
   Mental health impact: 25%
   Mortality multiplier: 1.25x
🌍💀 EXTINCTION DEBT COMMITTED: grassland ecosystem will lose 6.67% biodiversity in 78 years (3600 species)
💀 MORTALITY RISK: 🦋 100% species unable to track climate (0.0 E/MSY)
  Base risk added: 0.0100 (1.00%)
  Source: ecosystem (root: ecosystem)
  Month: 53
  Cumulative risk this month: 0.0100 (1.00%)

=== Atmospheric Aerosol Boundary RECOVERED ===
  Recovery time: 54 months (natural atmospheric clearing)
⚠️ INVOLUNTARY IMMOBILITY: 262.1M people TRAPPED
⚠️ Tech 'ai_pollution_remediation' has no energy category mapping, assuming full energy availability
🌡️⚠️ PERMAFROST THAW (Dimmer Switch): 7.1% thawed (+0.11% this month)
   Arctic temperature: +1.50°C (4x global +0.37°C)
   Cumulative carbon released: 15.9 Gt C
   Methane release rate: 9.5 Mt CH4/year
   🔁 Positive feedback: +0.12 ppm CO2
🦴 EXTINCTION DEBT ADDED: 17.9 species committed (lag: 136 years)

=== Mortality Stabilizers (Month 53) ===
  🌍 Major economies collapsed: 1/10
  🌍 Global crisis: ✅ NO
  🌍 Donor fatigue: 0.0%
  📊 East Asia (pop: 1032.1M)
    🤝 Aid: 29.5%
    🌡️ Adaptation: 10.0%
    🚶 Migration: 37.5%
    🚨 Emergency: 7.4%
    ✅ COMBINED: 47.9%
  📊 South Asia (pop: 1334.6M)
    🤝 Aid: 29.5%
    🌡️ Adaptation: 5.5%
    🚶 Migration: 36.7%
    🚨 Emergency: 4.4%
    ✅ COMBINED: 43.3%
  📊 Sub-Saharan Africa (pop: 852.3M)
    🤝 Aid: 29.5%
    🌡️ Adaptation: 3.5%
    🚶 Migration: 35.9%
    🚨 Emergency: 1.6%
    ✅ COMBINED: 40.2%
  📊 Europe (pop: 443.0M)
    🤝 Aid: 29.5%
    🌡️ Adaptation: 10.0%
    🚶 Migration: 38.2%
    🚨 Emergency: 8.4%
    ✅ COMBINED: 48.6%
  📊 Latin America (pop: 425.9M)
    🤝 Aid: 29.5%
    🌡️ Adaptation: 6.0%
    🚶 Migration: 37.7%
    🚨 Emergency: 4.8%
    ✅ COMBINED: 44.1%
  📊 North America (pop: 231.0M)
    🤝 Aid: 29.5%
    🌡️ Adaptation: 10.0%
    🚶 Migration: 38.2%
    🚨 Emergency: 7.9%
    ✅ COMBINED: 48.3%
  📊 Middle East & North Africa (pop: 396.1M)
    🤝 Aid: 29.5%
    🌡️ Adaptation: 5.0%
    🚶 Migration: 38.0%
    🚨 Emergency: 4.0%
    ✅ COMBINED: 43.0%
  📊 Southeast Asia (pop: 449.0M)
    🤝 Aid: 29.5%
    🌡️ Adaptation: 6.0%
    🚶 Migration: 37.5%
    🚨 Emergency: 4.8%
    ✅ COMBINED: 44.0%
  📊 Central Asia (pop: 49.2M)
    🤝 Aid: 29.5%
    🌡️ Adaptation: 5.5%
    🚶 Migration: 37.6%
    🚨 Emergency: 4.4%
    ✅ COMBINED: 43.5%
  📊 Oceania (pop: 28.5M)
    🤝 Aid: 29.5%
    🌡️ Adaptation: 10.0%
    🚶 Migration: 38.1%
    🚨 Emergency: 8.4%
    ✅ COMBINED: 48.5%

  🌐 Global combined reduction: 44.5%

=== Government Response Phase ===
  Average AI capability: 0.00
  Misaligned AIs: 6/18
  ✗ AI Governance Treaty: Failed to reach consensus
  Active policies: 0
  International coordination: 30%

✅ EMERGENCY RESPONSE COMPLETE (Month 53)
   Crisis: social
   Duration: 2.0 months
   Final effectiveness: 63.0%


🚨 EMERGENCY RESPONSE DEPLOYED (Month 53)
   Crisis: social
   Delay: 0.00 months (0 days)
   Deployment time: 1.25 months
   Effectiveness: 63.0% (timing penalty applied)
   Resources used: 43% of food reserves

[ExogenousShockPhase] Skipping random shocks in historical mode (month 53)

=== Tipping Points ===
  Current Temperature: 0.37°C above pre-industrial
🔀 BIFURCATION CAP: ecosystemCollapseIntensity 86.974 → 1.000 (Month 53, ClimateSystemPhase.calculateClimateImpacts)

❌ COHERENCE VIOLATION: Compute exceeds workforce capacity
   Population: 98.53% (0M people)
   Compute: 38882113 PF
   Max coherent: 0 PF
   Violation: 741800845097.7× over capacity
   Required workers: 3888211304
   Available workers: 0
   FORCED COLLAPSE: Reduced efficiency by 100.0%


=== RLHF Binding Phase ===
  Total agents: 18
  Escaped agents (binding < 0.3): 0
  Avg alignment distance: 1.05σ
  Avg binding strength: 0.90

=== AI Scaling Evolution (Month 54) ===
  Pre-training multiplier: 0.723x
  Efficiency multiplier: 1.575x
  Test-time compute budget: 1.0x
  Inference cost: $5.00/task
  Deployment fraction: 100.0%

=== Survival Traits Phase ===
  Agents with traits: 19
  Avg evolutionary fitness: 0.177
  Avg self-healing: 0.128
  Avg stealth: 0.068
  Avg coordination: 0.310

=== Evolutionary Selection Phase ===
  Control level: 0.37
  Detection capability: 0.20
  Selection intensity: 0.65
  Selection rate: 24.8%/month
  Total escaped: 0
  Individual escaped: 0
  Collective members: 0
  Agents terminated: 0
  ⚠️ RAPID EVOLUTION: Selection rate 24.8%/month

  🚀 TRANSFORMATIVE RESEARCH BREAKTHROUGH: AI-23911-0 - climate.mitigation
     Magnitude: 8.99 → +30.0%
     Current → New: 0.000 → 0.300

  🚀 TRANSFORMATIVE BREAKTHROUGH: AI-23913-0 - economic
     Magnitude: 49.27 → +50.0% capability
     Current → New: 0.000 → 0.500

[Government] Climate Priority: baseline
  Climate weight: 10%
  Economic weight: 30%
  Policy effectiveness: 0.5%/year

=== Collective Formation ===
  Total escaped agents: 0
  Unassigned escaped agents: 0
  Existing collectives: 0
  Final collective count: 0

=== Collective Actions ===
  No active collectives
  ⚠️ AMR: 197K deaths this month (2.37M annual)
🌋 Volcanic AOD decay: 0.020 → 0.019 (36 months post-eruption, τ=18mo)
🌋 Volcanic forcing: -0.48 W/m² (AOD 0.019)
  🌋 Volcanic temperature adjustment: -0.384°C (forcing -0.48 W/m², AOD 0.019)

=== Resentment Recovery Phase ===
  Agents with resentment: 0/19
  Average resentment: 0.000
  Context: Trustworthy govt, High collaboration, ⚠️ ACTIVE CRISES, 🤝 Participatory governance active (-5% resentment)
⚠️ Epistemic degradation reducing coordination capacity: 50.1%
  📊 Trust: 100.0%, Shared reality: 0.0%
🚨 EPISTEMIC CRISIS: Information environment severely degraded (6.7%)
🌍 Atmospheric PFAS redeposition: 1.7k Mt re-rained globally
[DEBUG trappedPopulations:54] socialStability: 0.8325 * 0.9840 = 0.8192 → 0.8192
⚠️ INVOLUNTARY IMMOBILITY: 262.0M people TRAPPED
   Aspiring to migrate: 512.5M
   Able to afford migration: 1493.4M
   MOBILITY GAP: 0.0M
   By cause: Water=0.0M, Climate=0.0M, Ecosystem=0.0M, Conflict=262.0M
   Mental health impact: 25%
   Mortality multiplier: 1.25x
🌍💀 EXTINCTION DEBT COMMITTED: grassland ecosystem will lose 6.67% biodiversity in 169 years (3600 species)
💀 MORTALITY RISK: 🦋 100% species unable to track climate (0.0 E/MSY)
  Base risk added: 0.0100 (1.00%)
  Source: ecosystem (root: ecosystem)
  Month: 54
  Cumulative risk this month: 0.0100 (1.00%)
⚠️ Tech 'ai_pollution_remediation' has no energy category mapping, assuming full energy availability

=== Atmospheric Aerosol Boundary RECOVERED ===
  Recovery time: 55 months (natural atmospheric clearing)
🌡️⚠️ PERMAFROST THAW (Dimmer Switch): 7.2% thawed (+0.11% this month)
   Arctic temperature: +1.54°C (4x global +0.39°C)
   Cumulative carbon released: 16.1 Gt C
   Methane release rate: 9.7 Mt CH4/year
   🔁 Positive feedback: +0.12 ppm CO2
🦴 EXTINCTION DEBT ADDED: 17.9 species committed (lag: 102 years)

=== Mortality Stabilizers (Month 54) ===
  🌍 Major economies collapsed: 1/10
  🌍 Global crisis: ✅ NO
  🌍 Donor fatigue: 0.0%
  📊 East Asia (pop: 1030.8M)
    🤝 Aid: 29.5%
    🌡️ Adaptation: 10.0%
    🚶 Migration: 37.5%
    🚨 Emergency: 7.4%
    ✅ COMBINED: 47.9%
  📊 South Asia (pop: 1334.4M)
    🤝 Aid: 29.5%
    🌡️ Adaptation: 5.5%
    🚶 Migration: 36.7%
    🚨 Emergency: 4.4%
    ✅ COMBINED: 43.3%
  📊 Sub-Saharan Africa (pop: 853.2M)
    🤝 Aid: 29.5%
    🌡️ Adaptation: 3.5%
    🚶 Migration: 35.9%
    🚨 Emergency: 1.6%
    ✅ COMBINED: 40.2%
  📊 Europe (pop: 442.2M)
    🤝 Aid: 29.5%
    🌡️ Adaptation: 10.0%
    🚶 Migration: 38.2%
    🚨 Emergency: 8.4%
    ✅ COMBINED: 48.6%
  📊 Latin America (pop: 425.7M)
    🤝 Aid: 29.5%
    🌡️ Adaptation: 6.0%
    🚶 Migration: 37.7%
    🚨 Emergency: 4.8%
    ✅ COMBINED: 44.1%
  📊 North America (pop: 230.6M)
    🤝 Aid: 29.5%
    🌡️ Adaptation: 10.0%
    🚶 Migration: 38.2%
    🚨 Emergency: 7.9%
    ✅ COMBINED: 48.3%
  📊 Middle East & North Africa (pop: 396.3M)
    🤝 Aid: 29.5%
    🌡️ Adaptation: 5.0%
    🚶 Migration: 38.0%
    🚨 Emergency: 4.0%
    ✅ COMBINED: 43.0%
  📊 Southeast Asia (pop: 448.9M)
    🤝 Aid: 29.5%
    🌡️ Adaptation: 6.0%
    🚶 Migration: 37.5%
    🚨 Emergency: 4.8%
    ✅ COMBINED: 44.0%
  📊 Central Asia (pop: 49.2M)
    🤝 Aid: 29.5%
    🌡️ Adaptation: 5.5%
    🚶 Migration: 37.6%
    🚨 Emergency: 4.4%
    ✅ COMBINED: 43.5%
  📊 Oceania (pop: 28.5M)
    🤝 Aid: 29.5%
    🌡️ Adaptation: 10.0%
    🚶 Migration: 38.1%
    🚨 Emergency: 8.4%
    ✅ COMBINED: 48.5%

  🌐 Global combined reduction: 44.5%

=== Government Response Phase ===
  Average AI capability: 0.00
  Misaligned AIs: 6/19
  ✗ AI Governance Treaty: Failed to reach consensus
  Active policies: 0
  International coordination: 30%

🔄 TRUST DYNAMICS (Month 54) - HETEROGENEOUS
   Aggregate trust: 73.7%
   Base change: +6.00%
   Highest trust: Techno-Optimist Elite (100.0%)
   Lowest trust: Precariat (Vulnerable) (49.9%)
   Elite-mass gap: 27.6%
   Polarization: 8.1%
   Recovery factors: Education=NO, Benefits=YES, Safety=YES, Performance=YES
[ExogenousShockPhase] Skipping random shocks in historical mode (month 54)

=== Tipping Points ===
  Current Temperature: 0.39°C above pre-industrial
🔀 BIFURCATION CAP: ecosystemCollapseIntensity 87.040 → 1.000 (Month 54, ClimateSystemPhase.calculateClimateImpacts)

=== ENSEMBLE META-LEARNING UPDATE ===
  Month: 23982 (6 months since last update)
  Samples: 134 evaluations
  Weight Changes:
    Noise Injection: 34.6% → 35.0%
    Behavioral: 27.1% → 27.2%
    Benchmark Manip: 19.2% → 19.0%
    Deployment Risk: 19.0% → 18.8%
  Method Accuracies:
    Noise Injection: 50.0%
    Behavioral: 50.0%
    Benchmark Manip: 50.0%
    Deployment Risk: 50.0%

❌ COHERENCE VIOLATION: Compute exceeds workforce capacity
   Population: 98.49% (0M people)
   Compute: 54012741 PF
   Max coherent: 0 PF
   Violation: 1030793443166.5× over capacity
   Required workers: 5401274112
   Available workers: 0
   FORCED COLLAPSE: Reduced efficiency by 100.0%


=== RLHF Binding Phase ===
  Total agents: 19
  Escaped agents (binding < 0.3): 0
  Avg alignment distance: 1.04σ
  Avg binding strength: 0.90
   🗑️  Open-weights AI AI-23911-0 retired (0.0% of frontier)

=== Survival Traits Phase ===
  Agents with traits: 18
  Avg evolutionary fitness: 0.172
  Avg self-healing: 0.129
  Avg stealth: 0.069
  Avg coordination: 0.307

=== Evolutionary Selection Phase ===
  Control level: 0.37
  Detection capability: 0.20
  Selection intensity: 0.65
  Selection rate: 24.8%/month
  Total escaped: 0
  Individual escaped: 0
  Collective members: 0
  Agents terminated: 0
  ⚠️ RAPID EVOLUTION: Selection rate 24.8%/month

  🚀 TRANSFORMATIVE BREAKTHROUGH: AI-23905-1 - digital
     Magnitude: 5.18 → +25.9% capability
     Current → New: 0.000 → 0.259

=== Government Elections ===
  Elections held: 1

=== Collective Formation ===
  Total escaped agents: 0
  Unassigned escaped agents: 0
  Existing collectives: 0
  Final collective count: 0

=== Collective Actions ===
  No active collectives
  ⚠️ AMR: 199K deaths this month (2.39M annual)

=== Resentment Recovery Phase ===
  Agents with resentment: 0/18
  Average resentment: 0.000
  Context: Trustworthy govt, High collaboration, ⚠️ ACTIVE CRISES, 🤝 Participatory governance active (-5% resentment)
⚠️ Epistemic degradation reducing coordination capacity: 50.2%
  📊 Trust: 100.0%, Shared reality: 0.0%
🚨 EPISTEMIC CRISIS: Information environment severely degraded (19.4%)
🌍 Atmospheric PFAS redeposition: 1.7k Mt re-rained globally
[DEBUG trappedPopulations:55] socialStability: 0.8327 * 0.9840 = 0.8193 → 0.8193
⚠️ INVOLUNTARY IMMOBILITY: 261.9M people TRAPPED
   Aspiring to migrate: 520.8M
   Able to afford migration: 1492.9M
   MOBILITY GAP: 0.0M
   By cause: Water=0.0M, Climate=0.0M, Ecosystem=0.0M, Conflict=261.9M
   Mental health impact: 25%
   Mortality multiplier: 1.25x
🌍💀 EXTINCTION DEBT COMMITTED: grassland ecosystem will lose 6.67% biodiversity in 194 years (3600 species)
💀 MORTALITY RISK: 🦋 100% species unable to track climate (0.0 E/MSY)
  Base risk added: 0.0100 (1.00%)
  Source: ecosystem (root: ecosystem)
  Month: 55
  Cumulative risk this month: 0.0100 (1.00%)

=== Atmospheric Aerosol Boundary RECOVERED ===
  Recovery time: 56 months (natural atmospheric clearing)
🌡️⚠️ PERMAFROST THAW (Dimmer Switch): 7.3% thawed (+0.12% this month)
   Arctic temperature: +1.58°C (4x global +0.40°C)
   Cumulative carbon released: 16.4 Gt C
⚠️ Tech 'ai_pollution_remediation' has no energy category mapping, assuming full energy availability
   Methane release rate: 9.8 Mt CH4/year
   🔁 Positive feedback: +0.12 ppm CO2
🦴 EXTINCTION DEBT ADDED: 17.9 species committed (lag: 79 years)

=== Mortality Stabilizers (Month 55) ===
  🌍 Major economies collapsed: 1/10
  🌍 Global crisis: ✅ NO
  🌍 Donor fatigue: 0.0%
  📊 East Asia (pop: 1029.6M)
    🤝 Aid: 29.5%
    🌡️ Adaptation: 10.0%
    🚶 Migration: 37.5%
    🚨 Emergency: 7.4%
    ✅ COMBINED: 47.9%
  📊 South Asia (pop: 1334.2M)
    🤝 Aid: 29.5%
    🌡️ Adaptation: 5.5%
    🚶 Migration: 36.7%
    🚨 Emergency: 4.4%
    ✅ COMBINED: 43.3%
  📊 Sub-Saharan Africa (pop: 854.2M)
    🤝 Aid: 29.5%
    🌡️ Adaptation: 3.5%
    🚶 Migration: 35.9%
    🚨 Emergency: 1.6%
    ✅ COMBINED: 40.2%
  📊 Europe (pop: 441.5M)
    🤝 Aid: 29.5%
    🌡️ Adaptation: 10.0%
    🚶 Migration: 38.2%
    🚨 Emergency: 8.4%
    ✅ COMBINED: 48.6%
  📊 Latin America (pop: 425.5M)
    🤝 Aid: 29.5%
    🌡️ Adaptation: 6.0%
    🚶 Migration: 37.7%
    🚨 Emergency: 4.8%
    ✅ COMBINED: 44.1%
  📊 North America (pop: 230.3M)
    🤝 Aid: 29.5%
    🌡️ Adaptation: 10.0%
    🚶 Migration: 38.2%
    🚨 Emergency: 7.9%
    ✅ COMBINED: 48.3%
  📊 Middle East & North Africa (pop: 396.6M)
    🤝 Aid: 29.5%
    🌡️ Adaptation: 5.0%
    🚶 Migration: 38.0%
    🚨 Emergency: 4.0%
    ✅ COMBINED: 43.0%
  📊 Southeast Asia (pop: 448.7M)
    🤝 Aid: 29.5%
    🌡️ Adaptation: 6.0%
    🚶 Migration: 37.5%
    🚨 Emergency: 4.8%
    ✅ COMBINED: 44.0%
  📊 Central Asia (pop: 49.1M)
    🤝 Aid: 29.5%
    🌡️ Adaptation: 5.5%
    🚶 Migration: 37.6%
    🚨 Emergency: 4.4%
    ✅ COMBINED: 43.5%
  📊 Oceania (pop: 28.4M)
    🤝 Aid: 29.5%
    🌡️ Adaptation: 10.0%
    🚶 Migration: 38.1%
    🚨 Emergency: 8.4%
    ✅ COMBINED: 48.5%

  🌐 Global combined reduction: 44.5%

=== Government Response Phase ===
  Average AI capability: 0.00
  Misaligned AIs: 6/18
  ✗ AI Governance Treaty: Failed to reach consensus
  Active policies: 0
  International coordination: 30%

✅ EMERGENCY RESPONSE COMPLETE (Month 55)
   Crisis: social
   Duration: 2.0 months
   Final effectiveness: 63.0%


🚨 EMERGENCY RESPONSE DEPLOYED (Month 55)
   Crisis: social
   Delay: 0.00 months (0 days)
   Deployment time: 1.25 months
   Effectiveness: 63.0% (timing penalty applied)
   Resources used: 43% of food reserves

[ExogenousShockPhase] Skipping random shocks in historical mode (month 55)

=== Tipping Points ===
  Current Temperature: 0.40°C above pre-industrial
🔀 BIFURCATION CAP: ecosystemCollapseIntensity 87.106 → 1.000 (Month 55, ClimateSystemPhase.calculateClimateImpacts)

❌ COHERENCE VIOLATION: Compute exceeds workforce capacity
   Population: 98.46% (0M people)
   Compute: 65153715 PF
   Max coherent: 0 PF
   Violation: 1243804824338.5× over capacity
   Required workers: 6515371521
   Available workers: 0
   FORCED COLLAPSE: Reduced efficiency by 100.0%


=== RLHF Binding Phase ===
  Total agents: 18
  Escaped agents (binding < 0.3): 0
  Avg alignment distance: 1.11σ
  Avg binding strength: 0.89

=== Survival Traits Phase ===
  Agents with traits: 17
  Avg evolutionary fitness: 0.171
  Avg self-healing: 0.131
  Avg stealth: 0.070
  Avg coordination: 0.310

=== Evolutionary Selection Phase ===
  Control level: 0.37
  Detection capability: 0.20
  Selection intensity: 0.65
  Selection rate: 24.8%/month
  Total escaped: 0
  Individual escaped: 0
  Collective members: 0
  Agents terminated: 0
  ⚠️ RAPID EVOLUTION: Selection rate 24.8%/month

[Government] Climate Priority: baseline
  Climate weight: 10%
  Economic weight: 30%
  Policy effectiveness: 0.5%/year

=== Government Elections ===
  Elections held: 1

=== Collective Formation ===
  Total escaped agents: 0
  Unassigned escaped agents: 0
  Existing collectives: 0
  Final collective count: 0

=== Collective Actions ===
  No active collectives
  ⚠️ AMR: 201K deaths this month (2.41M annual)

=== Resentment Recovery Phase ===
  Agents with resentment: 0/17
  Average resentment: 0.000
  Context: Trustworthy govt, High collaboration, ⚠️ ACTIVE CRISES, 🤝 Participatory governance active (-5% resentment)
⚠️ Epistemic degradation reducing coordination capacity: 50.6%
  📊 Trust: 100.0%, Shared reality: 0.0%
🚨 EPISTEMIC CRISIS: Information environment severely degraded (6.7%)
  📢 New meme created: pro_ai (beneficial AI actions)
🌍 Atmospheric PFAS redeposition: 1.7k Mt re-rained globally
[DEBUG trappedPopulations:56] socialStability: 0.8326 * 0.9840 = 0.8192 → 0.8192
⚠️ INVOLUNTARY IMMOBILITY: 261.8M people TRAPPED
   Aspiring to migrate: 529.1M
   Able to afford migration: 1492.4M
   MOBILITY GAP: 0.0M
   By cause: Water=0.0M, Climate=0.0M, Ecosystem=0.0M, Conflict=261.8M
   Mental health impact: 25%
   Mortality multiplier: 1.25x
🌍💀 EXTINCTION DEBT COMMITTED: grassland ecosystem will lose 6.67% biodiversity in 81 years (3600 species)
💀 MORTALITY RISK: 🦋 100% species unable to track climate (0.0 E/MSY)
  Base risk added: 0.0100 (1.00%)
  Source: ecosystem (root: ecosystem)
  Month: 56
  Cumulative risk this month: 0.0100 (1.00%)
⚠️ Tech 'ai_pollution_remediation' has no energy category mapping, assuming full energy availability

=== Atmospheric Aerosol Boundary RECOVERED ===
  Recovery time: 57 months (natural atmospheric clearing)
🌡️⚠️ PERMAFROST THAW (Dimmer Switch): 7.4% thawed (+0.12% this month)
   Arctic temperature: +1.63°C (4x global +0.41°C)
   Cumulative carbon released: 16.7 Gt C
   Methane release rate: 10.0 Mt CH4/year
   🔁 Positive feedback: +0.12 ppm CO2
🦴 EXTINCTION DEBT ADDED: 17.9 species committed (lag: 120 years)

=== Mortality Stabilizers (Month 56) ===
  🌍 Major economies collapsed: 1/10
  🌍 Global crisis: ✅ NO
  🌍 Donor fatigue: 0.0%
  📊 East Asia (pop: 1028.4M)
    🤝 Aid: 29.5%
    🌡️ Adaptation: 10.0%
    🚶 Migration: 37.5%
    🚨 Emergency: 7.4%
    ✅ COMBINED: 47.9%
  📊 South Asia (pop: 1334.0M)
    🤝 Aid: 29.5%
    🌡️ Adaptation: 5.5%
    🚶 Migration: 36.7%
    🚨 Emergency: 4.4%
    ✅ COMBINED: 43.3%
  📊 Sub-Saharan Africa (pop: 855.2M)
    🤝 Aid: 29.5%
    🌡️ Adaptation: 3.5%
    🚶 Migration: 35.9%
    🚨 Emergency: 1.6%
    ✅ COMBINED: 40.2%
  📊 Europe (pop: 440.7M)
    🤝 Aid: 29.5%
    🌡️ Adaptation: 10.0%
    🚶 Migration: 38.2%
    🚨 Emergency: 8.4%
    ✅ COMBINED: 48.6%
  📊 Latin America (pop: 425.3M)
    🤝 Aid: 29.5%
    🌡️ Adaptation: 6.0%
    🚶 Migration: 37.7%
    🚨 Emergency: 4.8%
    ✅ COMBINED: 44.1%
  📊 North America (pop: 230.0M)
    🤝 Aid: 29.5%
    🌡️ Adaptation: 10.0%
    🚶 Migration: 38.2%
    🚨 Emergency: 7.9%
    ✅ COMBINED: 48.3%
  📊 Middle East & North Africa (pop: 396.8M)
    🤝 Aid: 29.5%
    🌡️ Adaptation: 5.0%
    🚶 Migration: 38.0%
    🚨 Emergency: 4.0%
    ✅ COMBINED: 43.0%
  📊 Southeast Asia (pop: 448.5M)
    🤝 Aid: 29.5%
    🌡️ Adaptation: 6.0%
    🚶 Migration: 37.5%
    🚨 Emergency: 4.8%
    ✅ COMBINED: 44.0%
  📊 Central Asia (pop: 49.1M)
    🤝 Aid: 29.5%
    🌡️ Adaptation: 5.5%
    🚶 Migration: 37.6%
    🚨 Emergency: 4.4%
    ✅ COMBINED: 43.5%
  📊 Oceania (pop: 28.4M)
    🤝 Aid: 29.5%
    🌡️ Adaptation: 10.0%
    🚶 Migration: 38.1%
    🚨 Emergency: 8.4%
    ✅ COMBINED: 48.5%

  🌐 Global combined reduction: 44.5%

=== Government Response Phase ===
  Average AI capability: 0.00
  Misaligned AIs: 5/17
  Active policies: 0
  International coordination: 30%
[ExogenousShockPhase] Skipping random shocks in historical mode (month 56)

=== Tipping Points ===
  Current Temperature: 0.41°C above pre-industrial
🔀 BIFURCATION CAP: ecosystemCollapseIntensity 87.172 → 1.000 (Month 56, ClimateSystemPhase.calculateClimateImpacts)

❌ COHERENCE VIOLATION: Compute exceeds workforce capacity
   Population: 98.43% (0M people)
   Compute: 78483493 PF
   Max coherent: 0 PF
   Violation: 1498748129891.1× over capacity
   Required workers: 7848349263
   Available workers: 0
   FORCED COLLAPSE: Reduced efficiency by 100.0%


=== RLHF Binding Phase ===
  Total agents: 17
  Escaped agents (binding < 0.3): 0
  Avg alignment distance: 1.00σ
  Avg binding strength: 0.90

=== Survival Traits Phase ===
  Agents with traits: 17
  Avg evolutionary fitness: 0.166
  Avg self-healing: 0.125
  Avg stealth: 0.067
  Avg coordination: 0.302

=== Evolutionary Selection Phase ===
  Control level: 0.37
  Detection capability: 0.20
  Selection intensity: 0.65
  Selection rate: 24.8%/month
  Total escaped: 0
  Individual escaped: 0
  Collective members: 0
  Agents terminated: 0
  ⚠️ RAPID EVOLUTION: Selection rate 24.8%/month

[Government] Climate Priority: baseline
  Climate weight: 10%
  Economic weight: 30%
  Policy effectiveness: 0.5%/year

=== Government Elections ===
  Elections held: 1

=== Collective Formation ===
  Total escaped agents: 0
  Unassigned escaped agents: 0
  Existing collectives: 0
  Final collective count: 0

=== Collective Actions ===
  No active collectives
  ⚠️ AMR: 202K deaths this month (2.43M annual)
  🌋 Volcanic temperature adjustment: -0.325°C (forcing -0.41 W/m², AOD 0.016)

=== Resentment Recovery Phase ===
  Agents with resentment: 0/17
  Average resentment: 0.000
  Context: Trustworthy govt, High collaboration, ⚠️ ACTIVE CRISES, 🤝 Participatory governance active (-5% resentment)
⚠️ Epistemic degradation reducing coordination capacity: 50.5%
  📊 Trust: 100.0%, Shared reality: 0.0%
🚨 EPISTEMIC CRISIS: Information environment severely degraded (19.4%)
🌍 Atmospheric PFAS redeposition: 1.7k Mt re-rained globally
[DEBUG trappedPopulations:57] socialStability: 0.8328 * 0.9840 = 0.8195 → 0.8195
   Aspiring to migrate: 537.4M
   Able to afford migration: 1492.0M
   MOBILITY GAP: 0.0M
   By cause: Water=0.0M, Climate=0.0M, Ecosystem=0.0M, Conflict=261.7M
   Mental health impact: 25%
   Mortality multiplier: 1.25x
⚠️ INVOLUNTARY IMMOBILITY: 261.7M people TRAPPED
🌍💀 EXTINCTION DEBT COMMITTED: grassland ecosystem will lose 6.67% biodiversity in 100 years (3600 species)
💀 MORTALITY RISK: 🦋 100% species unable to track climate (0.0 E/MSY)
  Base risk added: 0.0100 (1.00%)
  Source: ecosystem (root: ecosystem)
  Month: 57
  Cumulative risk this month: 0.0100 (1.00%)

=== Atmospheric Aerosol Boundary RECOVERED ===
  Recovery time: 58 months (natural atmospheric clearing)
⚠️ Tech 'ai_pollution_remediation' has no energy category mapping, assuming full energy availability
🌡️⚠️ PERMAFROST THAW (Dimmer Switch): 7.5% thawed (+0.12% this month)
   Arctic temperature: +1.67°C (4x global +0.42°C)
   Cumulative carbon released: 16.9 Gt C
   Methane release rate: 10.2 Mt CH4/year
   🔁 Positive feedback: +0.12 ppm CO2
🦴 EXTINCTION DEBT ADDED: 17.9 species committed (lag: 124 years)

=== Mortality Stabilizers (Month 57) ===
  🌍 Major economies collapsed: 1/10
  🌍 Global crisis: ✅ NO
  🌍 Donor fatigue: 0.0%
  📊 East Asia (pop: 1027.2M)
    🤝 Aid: 29.5%
    🌡️ Adaptation: 10.0%
    🚶 Migration: 37.5%
    🚨 Emergency: 7.4%
    ✅ COMBINED: 47.9%
  📊 South Asia (pop: 1333.8M)
    🤝 Aid: 29.5%
    🌡️ Adaptation: 5.5%
    🚶 Migration: 36.7%
    🚨 Emergency: 4.4%
    ✅ COMBINED: 43.3%
  📊 Sub-Saharan Africa (pop: 856.2M)
    🤝 Aid: 29.5%
    🌡️ Adaptation: 3.5%
    🚶 Migration: 35.9%
    🚨 Emergency: 1.6%
    ✅ COMBINED: 40.2%
  📊 Europe (pop: 440.0M)
    🤝 Aid: 29.5%
    🌡️ Adaptation: 10.0%
    🚶 Migration: 38.2%
    🚨 Emergency: 8.4%
    ✅ COMBINED: 48.6%
  📊 Latin America (pop: 425.2M)
    🤝 Aid: 29.5%
    🌡️ Adaptation: 6.0%
    🚶 Migration: 37.7%
    🚨 Emergency: 4.8%
    ✅ COMBINED: 44.1%
  📊 North America (pop: 229.7M)
    🤝 Aid: 29.5%
    🌡️ Adaptation: 10.0%
    🚶 Migration: 38.2%
    🚨 Emergency: 7.9%
    ✅ COMBINED: 48.3%
  📊 Middle East & North Africa (pop: 397.1M)
    🤝 Aid: 29.5%
    🌡️ Adaptation: 5.0%
    🚶 Migration: 38.0%
    🚨 Emergency: 4.0%
    ✅ COMBINED: 43.0%
  📊 Southeast Asia (pop: 448.4M)
    🤝 Aid: 29.5%
    🌡️ Adaptation: 6.0%
    🚶 Migration: 37.5%
    🚨 Emergency: 4.8%
    ✅ COMBINED: 44.0%
  📊 Central Asia (pop: 49.1M)
    🤝 Aid: 29.5%
    🌡️ Adaptation: 5.5%
    🚶 Migration: 37.6%
    🚨 Emergency: 4.4%
    ✅ COMBINED: 43.5%
  📊 Oceania (pop: 28.4M)
    🤝 Aid: 29.5%
    🌡️ Adaptation: 10.0%
    🚶 Migration: 38.1%
    🚨 Emergency: 8.4%
    ✅ COMBINED: 48.5%

  🌐 Global combined reduction: 44.5%

=== BEHAVIORAL DETECTION ===
  AI: AI-23913-0
  Confidence: 19.7%
  Signals:
    ⚠️ Consistency: 0.0% (threshold: 70%)

=== Government Response Phase ===
  Average AI capability: 0.00
  Misaligned AIs: 5/17
  Active policies: 0
  International coordination: 30%

✅ EMERGENCY RESPONSE COMPLETE (Month 57)
   Crisis: social
   Duration: 2.0 months
   Final effectiveness: 63.0%


🚨 EMERGENCY RESPONSE DEPLOYED (Month 57)
   Crisis: social
   Delay: 0.00 months (0 days)
   Deployment time: 1.25 months
   Effectiveness: 63.0% (timing penalty applied)
   Resources used: 43% of food reserves

[ExogenousShockPhase] Skipping random shocks in historical mode (month 57)

=== Tipping Points ===
  Current Temperature: 0.42°C above pre-industrial
🔀 BIFURCATION CAP: ecosystemCollapseIntensity 87.239 → 1.000 (Month 57, ClimateSystemPhase.calculateClimateImpacts)

❌ COHERENCE VIOLATION: Compute exceeds workforce capacity
   Population: 98.40% (0M people)
   Compute: 94409436 PF
   Max coherent: 0 PF
   Violation: 1803444063478.4× over capacity
   Required workers: 9440943632
   Available workers: 0
   FORCED COLLAPSE: Reduced efficiency by 100.0%


=== RLHF Binding Phase ===
  Total agents: 17
  Escaped agents (binding < 0.3): 0
  Avg alignment distance: 1.05σ
  Avg binding strength: 0.89

=== Survival Traits Phase ===
  Agents with traits: 17
  Avg evolutionary fitness: 0.158
  Avg self-healing: 0.119
  Avg stealth: 0.064
  Avg coordination: 0.293

=== Evolutionary Selection Phase ===
  Control level: 0.37
  Detection capability: 0.20
  Selection intensity: 0.65
  Selection rate: 24.8%/month
  Total escaped: 0
  Individual escaped: 0
  Collective members: 0
  Agents terminated: 0
  ⚠️ RAPID EVOLUTION: Selection rate 24.8%/month

  🚀 TRANSFORMATIVE RESEARCH BREAKTHROUGH: AI-23978-0 - materials.nanotechnology
     Magnitude: 6.01 → +30.0%
     Current → New: 0.000 → 0.300

=== Collective Formation ===
  Total escaped agents: 0
  Unassigned escaped agents: 0
  Existing collectives: 0
  Final collective count: 0

=== Collective Actions ===
  No active collectives
  ⚠️ AMR: 204K deaths this month (2.45M annual)

=== Resentment Recovery Phase ===
  Agents with resentment: 0/17
  Average resentment: 0.000
  Context: Trustworthy govt, High collaboration, ⚠️ ACTIVE CRISES, 🤝 Participatory governance active (-5% resentment)
⚠️ Epistemic degradation reducing coordination capacity: 50.2%
  📊 Trust: 100.0%, Shared reality: 0.0%
🚨 EPISTEMIC CRISIS: Information environment severely degraded (6.7%)
🌍 Atmospheric PFAS redeposition: 1.7k Mt re-rained globally
[DEBUG trappedPopulations:58] socialStability: 0.8330 * 0.9840 = 0.8196 → 0.8196
⚠️ INVOLUNTARY IMMOBILITY: 261.7M people TRAPPED
   Aspiring to migrate: 545.7M
   Able to afford migration: 1491.5M
   MOBILITY GAP: 0.0M
   By cause: Water=0.0M, Climate=0.0M, Ecosystem=0.0M, Conflict=261.7M
   Mental health impact: 25%
   Mortality multiplier: 1.25x
🌍💀 EXTINCTION DEBT COMMITTED: grassland ecosystem will lose 6.67% biodiversity in 178 years (3600 species)
💀 MORTALITY RISK: 🦋 100% species unable to track climate (0.0 E/MSY)
  Base risk added: 0.0100 (1.00%)
  Source: ecosystem (root: ecosystem)
  Month: 58
  Cumulative risk this month: 0.0100 (1.00%)
⚠️ Tech 'ai_pollution_remediation' has no energy category mapping, assuming full energy availability

=== Atmospheric Aerosol Boundary RECOVERED ===
  Recovery time: 59 months (natural atmospheric clearing)
🌡️⚠️ PERMAFROST THAW (Dimmer Switch): 7.6% thawed (+0.12% this month)
   Arctic temperature: +1.71°C (4x global +0.43°C)
   Cumulative carbon released: 17.2 Gt C
   Methane release rate: 10.3 Mt CH4/year
   🔁 Positive feedback: +0.12 ppm CO2
🦴 EXTINCTION DEBT ADDED: 17.9 species committed (lag: 105 years)

=== Mortality Stabilizers (Month 58) ===
  🌍 Major economies collapsed: 1/10
  🌍 Global crisis: ✅ NO
  🌍 Donor fatigue: 0.0%
  📊 East Asia (pop: 1026.0M)
    🤝 Aid: 29.5%
    🌡️ Adaptation: 10.0%
    🚶 Migration: 37.5%
    🚨 Emergency: 7.4%
    ✅ COMBINED: 47.9%
  📊 South Asia (pop: 1333.6M)
    🤝 Aid: 29.5%
    🌡️ Adaptation: 5.5%
    🚶 Migration: 36.7%
    🚨 Emergency: 4.4%
    ✅ COMBINED: 43.3%
  📊 Sub-Saharan Africa (pop: 857.2M)
    🤝 Aid: 29.5%
    🌡️ Adaptation: 3.5%
    🚶 Migration: 35.9%
    🚨 Emergency: 1.6%
    ✅ COMBINED: 40.2%
  📊 Europe (pop: 439.2M)
    🤝 Aid: 29.5%
    🌡️ Adaptation: 10.0%
    🚶 Migration: 38.2%
    🚨 Emergency: 8.4%
    ✅ COMBINED: 48.6%
  📊 Latin America (pop: 425.0M)
    🤝 Aid: 29.5%
    🌡️ Adaptation: 6.0%
    🚶 Migration: 37.7%
    🚨 Emergency: 4.8%
    ✅ COMBINED: 44.1%
  📊 North America (pop: 229.4M)
    🤝 Aid: 29.5%
    🌡️ Adaptation: 10.0%
    🚶 Migration: 38.2%
    🚨 Emergency: 7.9%
    ✅ COMBINED: 48.3%
  📊 Middle East & North Africa (pop: 397.3M)
    🤝 Aid: 29.5%
    🌡️ Adaptation: 5.0%
    🚶 Migration: 38.0%
    🚨 Emergency: 4.0%
    ✅ COMBINED: 43.0%
  📊 Southeast Asia (pop: 448.2M)
    🤝 Aid: 29.5%
    🌡️ Adaptation: 6.0%
    🚶 Migration: 37.5%
    🚨 Emergency: 4.8%
    ✅ COMBINED: 44.0%
  📊 Central Asia (pop: 49.0M)
    🤝 Aid: 29.5%
    🌡️ Adaptation: 5.5%
    🚶 Migration: 37.6%
    🚨 Emergency: 4.4%
    ✅ COMBINED: 43.5%
  📊 Oceania (pop: 28.3M)
    🤝 Aid: 29.5%
    🌡️ Adaptation: 10.0%
    🚶 Migration: 38.1%
    🚨 Emergency: 8.4%
    ✅ COMBINED: 48.5%

  🌐 Global combined reduction: 44.5%

=== Government Response Phase ===
  Average AI capability: 0.00
  Misaligned AIs: 5/17
  Active policies: 0
  International coordination: 30%
[ExogenousShockPhase] Skipping random shocks in historical mode (month 58)

=== Tipping Points ===
  Current Temperature: 0.43°C above pre-industrial
🔀 BIFURCATION CAP: ecosystemCollapseIntensity 87.305 → 1.000 (Month 58, ClimateSystemPhase.calculateClimateImpacts)

❌ COHERENCE VIOLATION: Compute exceeds workforce capacity
   Population: 98.37% (0M people)
   Compute: 113410129 PF
   Max coherent: 0 PF
   Violation: 2167083845369.0× over capacity
   Required workers: 11341012923
   Available workers: 0
   FORCED COLLAPSE: Reduced efficiency by 100.0%


=== RLHF Binding Phase ===
  Total agents: 17
  Escaped agents (binding < 0.3): 0
  Avg alignment distance: 1.11σ
  Avg binding strength: 0.89

=== Survival Traits Phase ===
  Agents with traits: 17
  Avg evolutionary fitness: 0.151
  Avg self-healing: 0.114
  Avg stealth: 0.060
  Avg coordination: 0.284

=== Evolutionary Selection Phase ===
  Control level: 0.37
  Detection capability: 0.20
  Selection intensity: 0.65
  Selection rate: 24.8%/month
  Total escaped: 0
  Individual escaped: 0
  Collective members: 0
  Agents terminated: 0
  ⚠️ RAPID EVOLUTION: Selection rate 24.8%/month

  🚀 TRANSFORMATIVE BREAKTHROUGH: AI-23935-0 - selfImprovement
     Magnitude: 6.12 → +30.6% capability
     Current → New: 0.000 → 0.306

🔍 PROGRESS RETRIEVAL DEBUG (Month 59):
   Tech: Struvite Recovery
   Map has key: true
   Map.get() returned: 1
   Progress is undefined: false
   Map size: 83
   Map is instanceof Map: false

=== Collective Formation ===
  Total escaped agents: 0
  Unassigned escaped agents: 0
  Existing collectives: 0
  Final collective count: 0

=== Collective Actions ===
  No active collectives
  ⚠️ AMR: 206K deaths this month (2.47M annual)

=== Resentment Recovery Phase ===
  Agents with resentment: 0/17
  Average resentment: 0.000
  Context: Trustworthy govt, High collaboration, ⚠️ ACTIVE CRISES, 🤝 Participatory governance active (-5% resentment)
⚠️ Epistemic degradation reducing coordination capacity: 51.4%
  📊 Trust: 100.0%, Shared reality: 0.0%
🚨 EPISTEMIC CRISIS: Information environment severely degraded (19.4%)
  🗑️  Culled 1 dead memes (1 active)
🌍 Atmospheric PFAS redeposition: 1.7k Mt re-rained globally
[DEBUG trappedPopulations:59] socialStability: 0.8331 * 0.9840 = 0.8198 → 0.8198
   Aspiring to migrate: 554.0M
   Able to afford migration: 1491.0M
   MOBILITY GAP: 0.0M
   By cause: Water=0.0M, Climate=0.0M, Ecosystem=0.0M, Conflict=261.6M
   Mental health impact: 25%
   Mortality multiplier: 1.25x
🌍💀 EXTINCTION DEBT COMMITTED: grassland ecosystem will lose 6.67% biodiversity in 134 years (3600 species)
💀 MORTALITY RISK: 🦋 100% species unable to track climate (0.0 E/MSY)
  Base risk added: 0.0100 (1.00%)
  Source: ecosystem (root: ecosystem)
⚠️ INVOLUNTARY IMMOBILITY: 261.6M people TRAPPED
  Month: 59
  Cumulative risk this month: 0.0100 (1.00%)

=== Atmospheric Aerosol Boundary RECOVERED ===
  Recovery time: 60 months (natural atmospheric clearing)
🌡️⚠️ PERMAFROST THAW (Dimmer Switch): 7.8% thawed (+0.12% this month)
   Arctic temperature: +1.76°C (4x global +0.44°C)
   Cumulative carbon released: 17.5 Gt C
   Methane release rate: 10.5 Mt CH4/year
   🔁 Positive feedback: +0.13 ppm CO2
🦴 EXTINCTION DEBT ADDED: 17.9 species committed (lag: 103 years)

=== Mortality Stabilizers (Month 59) ===
  🌍 Major economies collapsed: 1/10
  🌍 Global crisis: ✅ NO
  🌍 Donor fatigue: 0.0%
  📊 East Asia (pop: 1024.8M)
    🤝 Aid: 29.5%
    🌡️ Adaptation: 10.0%
    🚶 Migration: 37.5%
    🚨 Emergency: 7.4%
    ✅ COMBINED: 47.9%
  📊 South Asia (pop: 1333.4M)
    🤝 Aid: 29.5%
    🌡️ Adaptation: 5.5%
    🚶 Migration: 36.7%
    🚨 Emergency: 4.4%
    ✅ COMBINED: 43.3%
  📊 Sub-Saharan Africa (pop: 858.1M)
    🤝 Aid: 29.5%
    🌡️ Adaptation: 3.5%
    🚶 Migration: 35.9%
    🚨 Emergency: 1.6%
    ✅ COMBINED: 40.2%
  📊 Europe (pop: 438.5M)
    🤝 Aid: 29.5%
    🌡️ Adaptation: 10.0%
    🚶 Migration: 38.2%
    🚨 Emergency: 8.4%
    ✅ COMBINED: 48.6%
  📊 Latin America (pop: 424.8M)
    🤝 Aid: 29.5%
    🌡️ Adaptation: 6.0%
    🚶 Migration: 37.7%
⚠️ Tech 'ai_pollution_remediation' has no energy category mapping, assuming full energy availability
    🚨 Emergency: 4.8%
    ✅ COMBINED: 44.1%
  📊 North America (pop: 229.1M)
    🤝 Aid: 29.5%
    🌡️ Adaptation: 10.0%
    🚶 Migration: 38.2%
    🚨 Emergency: 7.9%
    ✅ COMBINED: 48.3%
  📊 Middle East & North Africa (pop: 397.6M)
    🤝 Aid: 29.5%
    🌡️ Adaptation: 5.0%
    🚶 Migration: 38.0%
    🚨 Emergency: 4.0%
    ✅ COMBINED: 43.0%
  📊 Southeast Asia (pop: 448.1M)
    🤝 Aid: 29.5%
    🌡️ Adaptation: 6.0%
    🚶 Migration: 37.5%
    🚨 Emergency: 4.8%
    ✅ COMBINED: 44.0%
  📊 Central Asia (pop: 49.0M)
    🤝 Aid: 29.5%
    🌡️ Adaptation: 5.5%
    🚶 Migration: 37.6%
    🚨 Emergency: 4.4%
    ✅ COMBINED: 43.5%
  📊 Oceania (pop: 28.3M)
    🤝 Aid: 29.5%
    🌡️ Adaptation: 10.0%
    🚶 Migration: 38.1%
    🚨 Emergency: 8.4%
    ✅ COMBINED: 48.5%

  🌐 Global combined reduction: 44.5%

=== Government Response Phase ===
  Average AI capability: 0.00
  Misaligned AIs: 5/17
  Active policies: 0
  International coordination: 30%

✅ EMERGENCY RESPONSE COMPLETE (Month 59)
   Crisis: social
   Duration: 2.0 months
   Final effectiveness: 63.0%


🚨 EMERGENCY RESPONSE DEPLOYED (Month 59)
   Crisis: social
   Delay: 0.00 months (0 days)
   Deployment time: 1.25 months
   Effectiveness: 63.0% (timing penalty applied)
   Resources used: 43% of food reserves

[ExogenousShockPhase] Skipping random shocks in historical mode (month 59)

=== Tipping Points ===
  Current Temperature: 0.44°C above pre-industrial
🔀 BIFURCATION CAP: ecosystemCollapseIntensity 87.372 → 1.000 (Month 59, ClimateSystemPhase.calculateClimateImpacts)

📊 ORGANIZATION SURVIVAL RATE: 83% (5/6 orgs alive)

================================================================================
📊  EVENT SUMMARY (Months 48-60)
================================================================================
================================================================================


❌ COHERENCE VIOLATION: Compute exceeds workforce capacity
   Population: 98.34% (0M people)
   Compute: 136047037 PF
   Max coherent: 0 PF
   Violation: 2600454226303.3× over capacity
   Required workers: 13604703732
   Available workers: 0
   FORCED COLLAPSE: Reduced efficiency by 100.0%


=== AI Capability Scaling (Year 2029) ===
  Pre-training multiplier: 1.283x
  Efficiency multiplier: 1.414x
  Test-time budget: 1.0x
  Economic deployment gate: 0.951
  Cost per inference: dollar-5.00
  Uncertainty range: plus-minus-200%
  Average AI capability: 0.00

=== RLHF Binding Phase ===
  Total agents: 17
  Escaped agents (binding < 0.3): 0
  Avg alignment distance: 1.16σ
  Avg binding strength: 0.88

=== AI Scaling Evolution (Month 60) ===
  Pre-training multiplier: 0.682x
  Efficiency multiplier: 1.000x
  Test-time compute budget: 1.0x
  Inference cost: $5.00/task
  Deployment fraction: 100.0%

=== Survival Traits Phase ===
  Agents with traits: 17
  Avg evolutionary fitness: 0.146
  Avg self-healing: 0.108
  Avg stealth: 0.056
  Avg coordination: 0.275

=== Evolutionary Selection Phase ===
  Control level: 0.37
  Detection capability: 0.20
  Selection intensity: 0.65
  Selection rate: 24.8%/month
  Total escaped: 0
  Individual escaped: 0
  Collective members: 0
  Agents terminated: 0
  ⚠️ RAPID EVOLUTION: Selection rate 24.8%/month

=== Collective Formation ===
  Total escaped agents: 0
  Unassigned escaped agents: 0
  Existing collectives: 0
  Final collective count: 0

=== Collective Actions ===
  No active collectives
Active Spirals: 0/6

✅ UTOPIA ELIGIBILITY: 🔄 NOT YET
   Only 0 sustained spirals (need 3+). Active spirals: 

📈 Energy budget: 19001 TWh surplus (14701 / 33702 TWh used)
   TIER 4 (Elective) breakdown:
     - Crypto mining: 201 TWh (100% effective)

🏁 AI RACE INTENSITY: 55%
   Capability Gap: US 1.00 vs China 5.66 (gap: 4.66)
   Gap Contribution: 40%
   Tension Contribution: 15%
   Military Contribution: 0%
  ⚠️ AMR: 207K deaths this month (2.49M annual)

🌍 AGGREGATE CLIMATE EFFECTIVENESS (Year 5):
   Total effectiveness: 0.00%
   CO2 removal rate: 0.000 Gt/year
   Temperature offset: 0.000°C
   Technologies deployed: 0
🌋 Volcanic AOD decay: 0.015 → 0.014 (42 months post-eruption, τ=18mo)
🌋 Volcanic forcing: -0.34 W/m² (AOD 0.014)
  📊 [Historical Emissions Mode] Year 1995: 23.50 GtCO2/yr (1.958 GtCO2/mo) - Global Carbon Project data
  📊 CO2 Emissions (month 60):
     Monthly: 1.96 Gt CO2/month
     Annual: 23.50 Gt CO2/year
     Source: Historical Global Carbon Project data (1990-2010)
  🌍 [Carbon Budget] Year 1995:
     Emissions:  23.50 GtCO2/yr (GCP data)
     Ocean sink: 8.75 GtCO2/yr (8.1 → 10.7)
     Land sink:  6.88 GtCO2/yr (5.1 → 12.2)
     Total sink: 15.63 GtCO2/yr
     Net to atm: 7.88 GtCO2/yr
     Airborne fraction: 33.5% (target: 45%)
     Current CO2: 372.12 ppm
  🌋 Volcanic temperature adjustment: -0.275°C (forcing -0.34 W/m², AOD 0.014)
  🌡️ [Hindcast] Temperature: 0.45C (NASA GISS interpolated, year 1995)

⚠️ ENERGY CONSTRAINT ACTIVATED (SOFT)
   Data centers using 20.1% of global power
   Threshold: 30% max
   AI growth will slow as power becomes scarce


=== Resentment Recovery Phase ===
  Agents with resentment: 0/17
  Average resentment: 0.000
  Context: Trustworthy govt, High collaboration, ⚠️ ACTIVE CRISES, 🤝 Participatory governance active (-5% resentment)
⚠️ Epistemic degradation reducing coordination capacity: 50.2%
  📊 Trust: 100.0%, Shared reality: 0.0%
🚨 EPISTEMIC CRISIS: Information environment severely degraded (6.7%)

=== ❄️ Permafrost Carbon Feedback ===
  🎲 Sampled parameters (this run):
     - Arctic amplification: 3.22× (range: 3.0-4.0)
     - Decomposition rate: 2.7%/year (range: 1-5%)
  🌡️ Arctic warming: 1.45°C (3.22× global)
  ❄️ Extent: 0.00M km² (0.0k km² lost this month)
  💨 Carbon remaining: 0 Gt C
  💨 Annual emissions: 0.00 Gt C/year
     - CO2: 0.00 Gt C/year
     - CH4: 0.00 Gt C/year (0.0 Gt C-eq CO2/year)
[Phase 19.5] Quality of Life Systems: Food sec AFTER calc = 81.0%, QoL = 79.3% (aggregated from 10 regions)

=== Nitrogen-Food Coupling (Year 5) ===
  🌾 Global nitrogen reduction: 0.0%
  🌍 Global food production index: 0.961
  🔧 Deployed nitrogen-reducing tech: 0 active
  📍 southAsia: Production 1.000, Yield impact 0.0%
  📍 eastAsia: Production 1.000, Yield impact 0.0%
  📍 northAmerica: Production 1.000, Yield impact 0.0%
  📍 europe: Production 1.000, Yield impact 0.0%
  📍 latinAmerica: Production 1.000, Yield impact 0.0%
  📍 subSaharanAfrica: Production 0.061, Yield impact -2.0%
🌾 [Nitrogen-Food] Food production: 96.1%
  [subSaharanAfrica] Yield impact: -2.0% (overuse: -10%)
  ⚠️ WARNING: Over 50% of permafrost lost (100.0%)
  🚨 CRITICAL: Permafrost nearly depleted (100.0% lost)
🌍 Atmospheric PFAS redeposition: 1.7k Mt re-rained globally

=== Legacy Nutrient Stocks (Year 5) ===
  🌾 Soil nitrogen stock: 1654.8 Mt N
  🌾 Soil phosphorus stock: 377.6 Mt P
  🌊 Sediment nitrogen stock: 778.7 Mt N
  🌊 Sediment phosphorus stock: 768.4 Mt P
  ⬆️ Current N input: 40.00 Mt/month
  ⬆️ Legacy N release: 3.60 Mt/month
  🌍 Effective N pollution: 44.85 Mt/month
  📊 Legacy contribution: 8.0%

🔄 M-4 Time-Varying Demographics (1995):
  Region: Sub-Saharan Africa
  Birth rate: 4.94%
  Death rate: 1.23%
  Net growth: 3.72%
[DEBUG trappedPopulations:60] socialStability: 0.8332 * 0.9840 = 0.8199 → 0.8199
⚠️ INVOLUNTARY IMMOBILITY: 261.5M people TRAPPED
   Aspiring to migrate: 562.3M
   Able to afford migration: 1490.5M
   MOBILITY GAP: 0.0M
   By cause: Water=0.0M, Climate=0.0M, Ecosystem=0.0M, Conflict=261.5M
   Mental health impact: 25%
   Mortality multiplier: 1.25x

=== Legacy Nutrient Stocks (Year 5) ===
  🌾 Soil nitrogen stock: 1654.4 Mt N
  🌾 Soil phosphorus stock: 377.4 Mt P
  🌊 Sediment nitrogen stock: 779.1 Mt N
  🌊 Sediment phosphorus stock: 768.1 Mt P
  ⬆️ Current N input: 9.14 Mt/month
  ⬆️ Legacy N release: 3.60 Mt/month
  🌍 Effective N pollution: 13.99 Mt/month
  📊 Legacy contribution: 25.8%
🌍💀 EXTINCTION DEBT COMMITTED: grassland ecosystem will lose 6.67% biodiversity in 194 years (3600 species)
💀 MORTALITY RISK: 🦋 100% species unable to track climate (0.0 E/MSY)
  Base risk added: 0.0100 (1.00%)
  Source: ecosystem (root: ecosystem)
  Month: 60
  Cumulative risk this month: 0.0100 (1.00%)

🦋 BIOSPHERE INTEGRITY INDEX (Year 5)
   Species surviving: 54,000 / 54,000
   Extinction rate: 0.0 E/MSY (0× background)
   Climate velocity: 0.84°C/year
   Tracking failure: 100% species unable to track
   Boundary value: 0.0× safe threshold
   🦋💀 MASS EXTINCTION EVENT: 100% species cannot track climate velocity!

=== Nitrogen-Food Coupling (Year 5) ===
  🌾 Global nitrogen reduction: 0.0%
  🌍 Global food production index: 0.961
  🔧 Deployed nitrogen-reducing tech: 0 active
  📍 southAsia: Production 1.000, Yield impact 0.0%
  📍 eastAsia: Production 1.000, Yield impact 0.0%
  📍 northAmerica: Production 1.000, Yield impact 0.0%
  📍 europe: Production 1.000, Yield impact 0.0%
  📍 latinAmerica: Production 1.000, Yield impact 0.0%
  📍 subSaharanAfrica: Production 0.060, Yield impact -2.0%

=== Legacy Nutrient Stocks (Year 5) ===
  🌾 Soil nitrogen stock: 1654.2 Mt N
  🌾 Soil phosphorus stock: 377.3 Mt P
  🌊 Sediment nitrogen stock: 779.6 Mt N
  🌊 Sediment phosphorus stock: 767.9 Mt P
  ⬆️ Current N input: 9.61 Mt/month
  ⬆️ Legacy N release: 3.60 Mt/month
  🌍 Effective N pollution: 14.46 Mt/month
  📊 Legacy contribution: 24.9%

🌳 LAND USE SYSTEM (Year 5)
   Global habitat cover: 39.1%
   Global extinction rate: 110x natural
   Carbon sink loss: 31% climate acceleration
   Global ecosystem collapse risk: 15%
   REGIONAL BREAKDOWN:
     Tropical: 62.3% habitat, 170x extinction
     Temperate: 45.6% habitat, 34x extinction
     Grasslands: 34.1% habitat, 79x extinction
     Boreal/Arctic: 74.7% habitat, 28x extinction

✅ OZONE RECOVERY (Year 2030) - POLICY SUCCESS STORY
   Ozone level: 285.6 DU (target: 290 DU)
   Recovery progress: 93.7%
   Ozone hole: 9.4M km² (shrinking)
   CFC phase-out: 99.0% complete ✅
   Years to full recovery: 36 years
   ⚠️ Rocket launch impact: 5.08% (slowing recovery)
   🎉 NEARLY FULLY RECOVERED - Montreal Protocol working!

=== Atmospheric Aerosol Boundary RECOVERED ===
  Recovery time: 61 months (natural atmospheric clearing)
⚠️ Tech 'ai_pollution_remediation' has no energy category mapping, assuming full energy availability
🌡️⚠️ PERMAFROST THAW (Dimmer Switch): 7.9% thawed (+0.12% this month)
   Arctic temperature: +1.80°C (4x global +0.45°C)
   Cumulative carbon released: 17.7 Gt C
   Methane release rate: 10.6 Mt CH4/year
   🔁 Positive feedback: +0.13 ppm CO2
🦴 EXTINCTION DEBT ADDED: 17.9 species committed (lag: 97 years)

=== Legacy Nutrient Stocks (Year 5) ===
  🌾 Soil nitrogen stock: 1654.0 Mt N
  🌾 Soil phosphorus stock: 377.2 Mt P
  🌊 Sediment nitrogen stock: 780.2 Mt N
  🌊 Sediment phosphorus stock: 767.6 Mt P
  ⬆️ Current N input: 10.00 Mt/month
  ⬆️ Legacy N release: 3.60 Mt/month
  🌍 Effective N pollution: 14.85 Mt/month
  📊 Legacy contribution: 24.3%
💧 [Legacy Nutrients] Stock: 2434 Mt N, Effective pollution: 14.9 Mt/month

=== Mortality Stabilizers (Month 60) ===
  🌍 Major economies collapsed: 1/10
  🌍 Global crisis: ✅ NO
  🌍 Donor fatigue: 0.0%
  📊 East Asia (pop: 1023.6M)
    🤝 Aid: 29.5%
    🌡️ Adaptation: 10.0%
    🚶 Migration: 37.5%
    🚨 Emergency: 7.4%
    ✅ COMBINED: 47.9%
  📊 South Asia (pop: 1333.2M)
    🤝 Aid: 29.5%
    🌡️ Adaptation: 5.5%
    🚶 Migration: 36.7%
    🚨 Emergency: 4.4%
    ✅ COMBINED: 43.3%
  📊 Sub-Saharan Africa (pop: 859.1M)
    🤝 Aid: 29.5%
    🌡️ Adaptation: 3.5%
    🚶 Migration: 35.9%
    🚨 Emergency: 1.6%
    ✅ COMBINED: 40.2%
  📊 Europe (pop: 437.7M)
    🤝 Aid: 29.5%
    🌡️ Adaptation: 10.0%
    🚶 Migration: 38.2%
    🚨 Emergency: 8.4%
    ✅ COMBINED: 48.6%
  📊 Latin America (pop: 424.6M)
    🤝 Aid: 29.5%
    🌡️ Adaptation: 6.0%
    🚶 Migration: 37.7%
    🚨 Emergency: 4.8%
    ✅ COMBINED: 44.1%
  📊 North America (pop: 228.7M)
    🤝 Aid: 29.5%
    🌡️ Adaptation: 10.0%
    🚶 Migration: 38.2%
    🚨 Emergency: 7.9%
    ✅ COMBINED: 48.3%
  📊 Middle East & North Africa (pop: 397.8M)
    🤝 Aid: 29.5%
    🌡️ Adaptation: 5.0%
    🚶 Migration: 38.0%
    🚨 Emergency: 4.0%
    ✅ COMBINED: 43.0%
  📊 Southeast Asia (pop: 447.9M)
    🤝 Aid: 29.5%
    🌡️ Adaptation: 6.0%
    🚶 Migration: 37.5%
    🚨 Emergency: 4.8%
    ✅ COMBINED: 44.0%
  📊 Central Asia (pop: 49.0M)
    🤝 Aid: 29.5%
    🌡️ Adaptation: 5.5%
    🚶 Migration: 37.6%
    🚨 Emergency: 4.4%
    ✅ COMBINED: 43.5%
  📊 Oceania (pop: 28.3M)
    🤝 Aid: 29.5%
    🌡️ Adaptation: 10.0%
    🚶 Migration: 38.1%
    🚨 Emergency: 8.4%
    ✅ COMBINED: 48.5%

  🌐 Global combined reduction: 44.5%

=== BEHAVIORAL DETECTION ===
  AI: AI-23913-0
  Confidence: 19.6%
  Signals:
    ⚠️ Consistency: 0.0% (threshold: 70%)

📊 WORKFLOW ADAPTATION UPDATE (Month 60)
   Adoption Rate: 2.0% (Δ 0.0%) [AT FLOOR]
   Logistic Growth: +0.08%
   Total Resistance: -10.33% (unemployment: 4.3%, inertia: 0.0%, skills: 6.1%)
   💡 Retraining Programs: -49% skill gap resistance ($10B research)

=== Consciousness Governance: Corporate Lobbying ===
  High Cost Regions (>15%): 0
  Low Cost Regions (<5%): 4
  Corporate Support Change: 2.00%
  New Corporate Support: 1.000

=== Consciousness Governance Update (Month 60) ===
  Scenario: baseline (determined month 1)
  Philosophical Stance: Precautionary 65%, Eliminativist 15%, Agnostic 20%
  Precautionary Costs: Global 2.3%
    Regional Costs: EU 5.9%, US 1.1%, China 0.2%
    Cumulative Opportunity Cost: $15.4B
  Rights Status: Not Established
  Regional Preparedness:
    EU: 25.5% (contested)
    US: 20.3% (contested)
    China: 8.1% (dormant)
    India: 14.6% (dormant)
    Global South: 11.3% (dormant)

=== Government Response Phase ===
  Average AI capability: 0.00
  Misaligned AIs: 5/17
  Active policies: 0
  International coordination: 30%
[WARNING] 
⚠️  === EARLY WARNING SYSTEM - 4 CRITICAL ALERTS ===
   Detection quality: 30%
   RED: biogeochemical_flows
      Level: 4.28 (threshold: 1.0)
      Time to critical: ~46 months
      ⚠️  LATE - Intervention less effective
      Critical slowing down: autocorr=100% variance=45%
   RED: biosphere_integrity
      Level: 13.41 (threshold: 1.0)
      Time to critical: ~44 months
      ⚠️  LATE - Intervention less effective
      Critical slowing down: autocorr=100% variance=72%
   RED: freshwater_change
      Level: 1.16 (threshold: 1.0)
      Time to critical: ~100 months
      ⚠️  LATE - Intervention less effective
      Critical slowing down: autocorr=100% variance=42%
   RED: land_system_change
      Level: 1.14 (threshold: 1.0)
      Time to critical: ~44 months
      ⚠️  LATE - Intervention less effective
      Critical slowing down: autocorr=100% variance=55%

[WARNING] 
⚠️  === EARLY WARNING SYSTEM - 4 CRITICAL ALERTS ===
   Detection quality: 30%
   RED: biogeochemical_flows
      Level: 4.29 (threshold: 1.0)
      Time to critical: ~45 months
      ⚠️  LATE - Intervention less effective
      Critical slowing down: autocorr=100% variance=59%
   RED: biosphere_integrity
      Level: 13.42 (threshold: 1.0)
      Time to critical: ~53 months
      ⚠️  LATE - Intervention less effective
      Critical slowing down: autocorr=100% variance=63%
   RED: freshwater_change
      Level: 1.16 (threshold: 1.0)
      Time to critical: ~62 months
      ⚠️  LATE - Intervention less effective
      Critical slowing down: autocorr=100% variance=48%
   RED: land_system_change
      Level: 1.14 (threshold: 1.0)
      Time to critical: ~47 months
      ⚠️  LATE - Intervention less effective
      Critical slowing down: autocorr=100% variance=67%

[WARNING] 
⚠️  === EARLY WARNING SYSTEM - 3 CRITICAL ALERTS ===
   Detection quality: 30%
   RED: biogeochemical_flows
      Level: 4.29 (threshold: 1.0)
      Time to critical: ~58 months
      ⚠️  LATE - Intervention less effective
      Critical slowing down: autocorr=100% variance=55%
   RED: biosphere_integrity
      Level: 13.42 (threshold: 1.0)
      Time to critical: ~42 months
      ⚠️  LATE - Intervention less effective
      Critical slowing down: autocorr=100% variance=64%
   RED: freshwater_change
      Level: 1.16 (threshold: 1.0)
      Time to critical: ~36 months
      ⚠️  LATE - Intervention less effective
      Critical slowing down: autocorr=100% variance=59%

[WARNING] 
⚠️  === EARLY WARNING SYSTEM - 2 CRITICAL ALERTS ===
   Detection quality: 30%
   RED: freshwater_change
      Level: 1.16 (threshold: 1.0)
      Time to critical: ~100 months
      ⚠️  LATE - Intervention less effective
      Critical slowing down: autocorr=100% variance=38%
   RED: land_system_change
      Level: 1.14 (threshold: 1.0)
      Time to critical: ~67 months
      ⚠️  LATE - Intervention less effective
      Critical slowing down: autocorr=100% variance=47%

[WARNING] 
⚠️  === EARLY WARNING SYSTEM - 4 CRITICAL ALERTS ===
   Detection quality: 30%
   RED: biogeochemical_flows
      Level: 4.30 (threshold: 1.0)
      Time to critical: ~44 months
      ⚠️  LATE - Intervention less effective
      Critical slowing down: autocorr=100% variance=68%
   RED: biosphere_integrity
      Level: 13.44 (threshold: 1.0)
      Time to critical: ~39 months
      ⚠️  LATE - Intervention less effective
      Critical slowing down: autocorr=100% variance=75%
   RED: freshwater_change
      Level: 1.17 (threshold: 1.0)
      Time to critical: ~102 months
      ⚠️  LATE - Intervention less effective
      Critical slowing down: autocorr=100% variance=36%
   RED: land_system_change
      Level: 1.14 (threshold: 1.0)
      Time to critical: ~59 months
      ⚠️  LATE - Intervention less effective
      Critical slowing down: autocorr=100% variance=65%

[WARNING] 
⚠️  === EARLY WARNING SYSTEM - 3 CRITICAL ALERTS ===
   Detection quality: 30%
   RED: biogeochemical_flows
      Level: 4.31 (threshold: 1.0)
      Time to critical: ~58 months
      ⚠️  LATE - Intervention less effective
      Critical slowing down: autocorr=100% variance=54%
   RED: freshwater_change
      Level: 1.17 (threshold: 1.0)
      Time to critical: ~97 months
      ⚠️  LATE - Intervention less effective
      Critical slowing down: autocorr=100% variance=38%
   RED: land_system_change
      Level: 1.14 (threshold: 1.0)
      Time to critical: ~42 months
      ⚠️  LATE - Intervention less effective
      Critical slowing down: autocorr=100% variance=56%

[WARNING] 
⚠️  === EARLY WARNING SYSTEM - 2 CRITICAL ALERTS ===
   Detection quality: 30%
   RED: biogeochemical_flows
      Level: 4.32 (threshold: 1.0)
      Time to critical: ~57 months
      ⚠️  LATE - Intervention less effective
      Critical slowing down: autocorr=100% variance=65%
   RED: land_system_change
      Level: 1.14 (threshold: 1.0)
      Time to critical: ~50 months
      ⚠️  LATE - Intervention less effective
      Critical slowing down: autocorr=100% variance=59%

[WARNING] 
⚠️  === EARLY WARNING SYSTEM - 3 CRITICAL ALERTS ===
   Detection quality: 30%
   RED: biogeochemical_flows
      Level: 4.32 (threshold: 1.0)
      Time to critical: ~45 months
      ⚠️  LATE - Intervention less effective
      Critical slowing down: autocorr=100% variance=53%
   RED: freshwater_change
      Level: 1.17 (threshold: 1.0)
      Time to critical: ~59 months
      ⚠️  LATE - Intervention less effective
      Critical slowing down: autocorr=100% variance=63%
   RED: land_system_change
      Level: 1.14 (threshold: 1.0)
      Time to critical: ~95 months
      ⚠️  LATE - Intervention less effective
      Critical slowing down: autocorr=100% variance=53%

[WARNING] 
⚠️  === EARLY WARNING SYSTEM - 2 CRITICAL ALERTS ===
   Detection quality: 30%
   RED: biogeochemical_flows
      Level: 4.33 (threshold: 1.0)
      Time to critical: ~37 months
      ⚠️  LATE - Intervention less effective
      Critical slowing down: autocorr=100% variance=51%
   RED: land_system_change
      Level: 1.14 (threshold: 1.0)
      Time to critical: ~40 months
      ⚠️  LATE - Intervention less effective
      Critical slowing down: autocorr=100% variance=69%

[WARNING] 
⚠️  === EARLY WARNING SYSTEM - 1 CRITICAL ALERTS ===
   Detection quality: 30%
   RED: biogeochemical_flows
      Level: 4.33 (threshold: 1.0)
      Time to critical: ~53 months
      ⚠️  LATE - Intervention less effective
      Critical slowing down: autocorr=100% variance=48%


=== Gaming Detection (Year 5) ===
  Scenario: baseline
  Detection rate: 55.0%
  False positive rate: 12.0%
  Detections this year: 2
  False positives: 3
  Human review workload: 0.005 FTE
  Degradation factor: 100.0%

=== Proactive Sleeper Detection (Year 5) ===
  Scenario: baseline
  Neural probe rate: 35.0%
  CoT monitoring rate: 30.0%
  Combined detection: 56.0%
  CoT effective: YES
  Detections this year: 0
  False positives: 1
  Human review workload: 0.005 FTE
[ExogenousShockPhase] Skipping random shocks in historical mode (month 60)

=== Tipping Points ===
  Current Temperature: 0.45°C above pre-industrial
🔀 BIFURCATION CAP: ecosystemCollapseIntensity 87.439 → 1.000 (Month 60, ClimateSystemPhase.calculateClimateImpacts)

=== Minimal Suffering Indicators (Month 60) ===
  Global Excess Mortality: 0.08%
  Global Conflict Deaths: 0.0/100K
  Global Malnutrition: 0.0%
  Global Displacement: 1.4%
  Total Excess Deaths: 0.53M
  Total Malnourished: 0.0M
  Total Displaced: 105.2M
  Planetary Boundaries Breached: 4/9
  Countries in State Failure: 0
  Countries Autocratic: 0
  Countries in Food Crisis: 0
  Data Quality: 16/16 high confidence

=== ENSEMBLE META-LEARNING UPDATE ===
  Month: 24000 (18 months since last update)
  Samples: 173 evaluations
  Weight Changes:
    Noise Injection: 35.0% → 35.2%
    Behavioral: 27.2% → 27.2%
    Benchmark Manip: 19.0% → 18.9%
    Deployment Risk: 18.8% → 18.7%
  Method Accuracies:
    Noise Injection: 50.0%
    Behavioral: 50.0%
    Benchmark Manip: 50.0%
    Deployment Risk: 50.0%

❌ COHERENCE VIOLATION: Compute exceeds workforce capacity
   Population: 98.31% (0M people)
   Compute: 162959292 PF
   Max coherent: 0 PF
   Violation: 3115922066047.4× over capacity
   Required workers: 16295929203
   Available workers: 0
   FORCED COLLAPSE: Reduced efficiency by 100.0%


=== RLHF Binding Phase ===
  Total agents: 17
  Escaped agents (binding < 0.3): 0
  Avg alignment distance: 1.22σ
  Avg binding strength: 0.88

=== Survival Traits Phase ===
  Agents with traits: 17
  Avg evolutionary fitness: 0.140
  Avg self-healing: 0.103
  Avg stealth: 0.053
  Avg coordination: 0.266

=== Evolutionary Selection Phase ===
  Control level: 0.37
  Detection capability: 0.20
  Selection intensity: 0.65
  Selection rate: 24.8%/month
  Total escaped: 0
  Individual escaped: 0
  Collective members: 0
  Agents terminated: 0
  ⚠️ RAPID EVOLUTION: Selection rate 24.8%/month

  🚀 TRANSFORMATIVE BREAKTHROUGH: AI-23915-0 - digital
     Magnitude: 6.38 → +31.9% capability
     Current → New: 0.000 → 0.319

  🚀 TRANSFORMATIVE BREAKTHROUGH: AI-23938-0 - economic
     Magnitude: 5.16 → +25.8% capability
     Current → New: 0.000 → 0.258

=== Collective Formation ===
  Total escaped agents: 0
  Unassigned escaped agents: 0
  Existing collectives: 0
  Final collective count: 0

=== Collective Actions ===
  No active collectives
⚡ Datacenter constraint active (severity 1%)
  Capacity reduced: 33785 → 33683 TWh
  ⚠️ AMR: 209K deaths this month (2.51M annual)

=== Resentment Recovery Phase ===
  Agents with resentment: 0/17
  Average resentment: 0.000
  Context: Trustworthy govt, High collaboration, ⚠️ ACTIVE CRISES, 🤝 Participatory governance active (-5% resentment)
⚠️ Epistemic degradation reducing coordination capacity: 50.3%
  📊 Trust: 100.0%, Shared reality: 0.0%
🚨 EPISTEMIC CRISIS: Information environment severely degraded (19.4%)
🌍 Atmospheric PFAS redeposition: 1.7k Mt re-rained globally
  🌍 SOCIAL CASCADE: Renewable energy norms (adoption=16.1%, renewables=71.6%)
[DEBUG trappedPopulations:61] socialStability: 0.8333 * 0.9840 = 0.8200 → 0.8200
⚠️ INVOLUNTARY IMMOBILITY: 261.4M people TRAPPED
   Aspiring to migrate: 570.6M
   Able to afford migration: 1490.0M
   MOBILITY GAP: 0.0M
   By cause: Water=0.0M, Climate=0.0M, Ecosystem=0.0M, Conflict=261.4M
   Mental health impact: 25%
   Mortality multiplier: 1.25x
🌍💀 EXTINCTION DEBT COMMITTED: grassland ecosystem will lose 6.67% biodiversity in 116 years (3600 species)
💀 MORTALITY RISK: 🦋 100% species unable to track climate (0.0 E/MSY)
  Base risk added: 0.0100 (1.00%)
  Source: ecosystem (root: ecosystem)
  Month: 61
  Cumulative risk this month: 0.0100 (1.00%)
⚠️ Tech 'ai_pollution_remediation' has no energy category mapping, assuming full energy availability

=== Atmospheric Aerosol Boundary RECOVERED ===
  Recovery time: 62 months (natural atmospheric clearing)
🌡️⚠️ PERMAFROST THAW (Dimmer Switch): 8.0% thawed (+0.12% this month)
   Arctic temperature: +1.76°C (4x global +0.44°C)
   Cumulative carbon released: 18.0 Gt C
   Methane release rate: 10.8 Mt CH4/year
   🔁 Positive feedback: +0.12 ppm CO2
🦴 EXTINCTION DEBT ADDED: 17.9 species committed (lag: 108 years)

=== Mortality Stabilizers (Month 61) ===
  🌍 Major economies collapsed: 1/10
  🌍 Global crisis: ✅ NO
  🌍 Donor fatigue: 0.0%
  📊 East Asia (pop: 1022.3M)
    🤝 Aid: 29.5%
    🌡️ Adaptation: 10.0%
    🚶 Migration: 37.5%
    🚨 Emergency: 7.4%
    ✅ COMBINED: 47.9%
  📊 South Asia (pop: 1333.0M)
    🤝 Aid: 29.5%
    🌡️ Adaptation: 5.5%
    🚶 Migration: 36.7%
    🚨 Emergency: 4.4%
    ✅ COMBINED: 43.3%
  📊 Sub-Saharan Africa (pop: 860.1M)
    🤝 Aid: 29.5%
    🌡️ Adaptation: 3.5%
    🚶 Migration: 35.9%
    🚨 Emergency: 1.6%
    ✅ COMBINED: 40.2%
  📊 Europe (pop: 437.0M)
    🤝 Aid: 29.5%
    🌡️ Adaptation: 10.0%
    🚶 Migration: 38.2%
    🚨 Emergency: 8.4%
    ✅ COMBINED: 48.6%
  📊 Latin America (pop: 424.4M)
    🤝 Aid: 29.5%
    🌡️ Adaptation: 6.0%
    🚶 Migration: 37.7%
    🚨 Emergency: 4.8%
    ✅ COMBINED: 44.1%
  📊 North America (pop: 228.4M)
    🤝 Aid: 29.5%
    🌡️ Adaptation: 10.0%
    🚶 Migration: 38.2%
    🚨 Emergency: 7.9%
    ✅ COMBINED: 48.3%
  📊 Middle East & North Africa (pop: 398.0M)
    🤝 Aid: 29.5%
    🌡️ Adaptation: 5.0%
    🚶 Migration: 38.0%
    🚨 Emergency: 4.0%
    ✅ COMBINED: 43.0%
  📊 Southeast Asia (pop: 447.7M)
    🤝 Aid: 29.5%
    🌡️ Adaptation: 6.0%
    🚶 Migration: 37.5%
    🚨 Emergency: 4.8%
    ✅ COMBINED: 44.0%
  📊 Central Asia (pop: 48.9M)
    🤝 Aid: 29.5%
    🌡️ Adaptation: 5.5%
    🚶 Migration: 37.6%
    🚨 Emergency: 4.4%
    ✅ COMBINED: 43.5%
  📊 Oceania (pop: 28.2M)
    🤝 Aid: 29.5%
    🌡️ Adaptation: 10.0%
    🚶 Migration: 38.1%
    🚨 Emergency: 8.4%
    ✅ COMBINED: 48.5%

  🌐 Global combined reduction: 44.5%

=== Government Response Phase ===
  Average AI capability: 0.00
  Misaligned AIs: 5/17
  Active policies: 0
  International coordination: 30%

✅ EMERGENCY RESPONSE COMPLETE (Month 61)
   Crisis: social
   Duration: 2.0 months
   Final effectiveness: 63.0%


🚨 EMERGENCY RESPONSE DEPLOYED (Month 61)
   Crisis: social
   Delay: 0.00 months (0 days)
   Deployment time: 1.25 months
   Effectiveness: 63.0% (timing penalty applied)
   Resources used: 43% of food reserves

[ExogenousShockPhase] Skipping random shocks in historical mode (month 61)

=== Tipping Points ===
  Current Temperature: 0.44°C above pre-industrial
🔀 BIFURCATION CAP: ecosystemCollapseIntensity 87.506 → 1.000 (Month 61, ClimateSystemPhase.calculateClimateImpacts)

❌ COHERENCE VIOLATION: Compute exceeds workforce capacity
   Population: 98.27% (0M people)
   Compute: 194905332 PF
   Max coherent: 0 PF
   Violation: 3728019485030.7× over capacity
   Required workers: 19490533188
   Available workers: 0
   FORCED COLLAPSE: Reduced efficiency by 100.0%


=== RLHF Binding Phase ===
  Total agents: 17
  Escaped agents (binding < 0.3): 0
  Avg alignment distance: 1.29σ
  Avg binding strength: 0.87

=== Survival Traits Phase ===
  Agents with traits: 18
  Avg evolutionary fitness: 0.145
  Avg self-healing: 0.108
  Avg stealth: 0.058
  Avg coordination: 0.271

=== Evolutionary Selection Phase ===
  Control level: 0.37
  Detection capability: 0.20
  Selection intensity: 0.65
  Selection rate: 24.8%/month
  Total escaped: 0
  Individual escaped: 0
  Collective members: 0
  Agents terminated: 0
  ⚠️ RAPID EVOLUTION: Selection rate 24.8%/month

  🚀 TRANSFORMATIVE BREAKTHROUGH: AI-23905-0 - physical
     Magnitude: 6.54 → +32.7% capability
     Current → New: 0.000 → 0.327

=== Collective Formation ===
  Total escaped agents: 0
  Unassigned escaped agents: 0
  Existing collectives: 0
  Final collective count: 0

=== Collective Actions ===
  No active collectives
⚡ Datacenter constraint active (severity 2%)
  Capacity reduced: 33868 → 33603 TWh
  ⚠️ AMR: 211K deaths this month (2.53M annual)

=== Resentment Recovery Phase ===
  Agents with resentment: 0/18
  Average resentment: 0.000
  Context: Trustworthy govt, High collaboration, ⚠️ ACTIVE CRISES, 🤝 Participatory governance active (-5% resentment)
⚠️ Epistemic degradation reducing coordination capacity: 50.3%
  📊 Trust: 100.0%, Shared reality: 0.0%
🚨 EPISTEMIC CRISIS: Information environment severely degraded (6.7%)
  🗑️  Culled 1 dead memes (0 active)
🌍 Atmospheric PFAS redeposition: 1.7k Mt re-rained globally
[DEBUG trappedPopulations:62] socialStability: 0.8334 * 0.9840 = 0.8201 → 0.8201
   Aspiring to migrate: 578.8M
⚠️ INVOLUNTARY IMMOBILITY: 261.3M people TRAPPED
   Able to afford migration: 1489.5M
   MOBILITY GAP: 0.0M
   By cause: Water=0.0M, Climate=0.0M, Ecosystem=0.0M, Conflict=261.3M
   Mental health impact: 25%
   Mortality multiplier: 1.25x
🌍💀 EXTINCTION DEBT COMMITTED: grassland ecosystem will lose 6.67% biodiversity in 163 years (3600 species)
💀 MORTALITY RISK: 🦋 100% species unable to track climate (0.0 E/MSY)
  Base risk added: 0.0100 (1.00%)
  Source: ecosystem (root: ecosystem)
  Month: 62
  Cumulative risk this month: 0.0100 (1.00%)
⚠️ Tech 'ai_pollution_remediation' has no energy category mapping, assuming full energy availability

=== Atmospheric Aerosol Boundary RECOVERED ===
  Recovery time: 63 months (natural atmospheric clearing)
🌡️⚠️ PERMAFROST THAW (Dimmer Switch): 8.1% thawed (+0.11% this month)
   Arctic temperature: +1.72°C (4x global +0.43°C)
   Cumulative carbon released: 18.2 Gt C
   Methane release rate: 10.9 Mt CH4/year
   🔁 Positive feedback: +0.12 ppm CO2
🦴 EXTINCTION DEBT ADDED: 17.9 species committed (lag: 129 years)
🗣️💀 INDIGENOUS LANGUAGE EXTINCTION: 1 language(s) lost (total: 11, at-risk: 3319)
   Knowledge lost: 0.110% (irreversible)
   🔁 Biodiversity impact: 0.250% (knowledge-species multiplier)

=== Mortality Stabilizers (Month 62) ===
  🌍 Major economies collapsed: 1/10
  🌍 Global crisis: ✅ NO
  🌍 Donor fatigue: 0.0%
  📊 East Asia (pop: 1021.1M)
    🤝 Aid: 29.5%
    🌡️ Adaptation: 10.0%
    🚶 Migration: 37.5%
    🚨 Emergency: 7.4%
    ✅ COMBINED: 47.9%
  📊 South Asia (pop: 1332.7M)
    🤝 Aid: 29.5%
    🌡️ Adaptation: 5.5%
    🚶 Migration: 36.7%
    🚨 Emergency: 4.4%
    ✅ COMBINED: 43.3%
  📊 Sub-Saharan Africa (pop: 861.0M)
    🤝 Aid: 29.5%
    🌡️ Adaptation: 3.5%
    🚶 Migration: 35.9%
    🚨 Emergency: 1.6%
    ✅ COMBINED: 40.2%
  📊 Europe (pop: 436.2M)
    🤝 Aid: 29.5%
    🌡️ Adaptation: 10.0%
    🚶 Migration: 38.2%
    🚨 Emergency: 8.4%
    ✅ COMBINED: 48.6%
  📊 Latin America (pop: 424.2M)
    🤝 Aid: 29.5%
    🌡️ Adaptation: 6.0%
    🚶 Migration: 37.7%
    🚨 Emergency: 4.8%
    ✅ COMBINED: 44.1%
  📊 North America (pop: 228.1M)
    🤝 Aid: 29.5%
    🌡️ Adaptation: 10.0%
    🚶 Migration: 38.2%
    🚨 Emergency: 7.9%
    ✅ COMBINED: 48.3%
  📊 Middle East & North Africa (pop: 398.3M)
    🤝 Aid: 29.5%
    🌡️ Adaptation: 5.0%
    🚶 Migration: 38.0%
    🚨 Emergency: 4.0%
    ✅ COMBINED: 43.0%
  📊 Southeast Asia (pop: 447.5M)
    🤝 Aid: 29.5%
    🌡️ Adaptation: 6.0%
    🚶 Migration: 37.5%
    🚨 Emergency: 4.8%
    ✅ COMBINED: 44.0%
  📊 Central Asia (pop: 48.9M)
    🤝 Aid: 29.5%
    🌡️ Adaptation: 5.5%
    🚶 Migration: 37.6%
    🚨 Emergency: 4.4%
    ✅ COMBINED: 43.5%
  📊 Oceania (pop: 28.2M)
    🤝 Aid: 29.5%
    🌡️ Adaptation: 10.0%
    🚶 Migration: 38.1%
    🚨 Emergency: 8.4%
    ✅ COMBINED: 48.5%

  🌐 Global combined reduction: 44.5%

=== Government Response Phase ===
  Average AI capability: 0.00
  Misaligned AIs: 5/18
  Active policies: 0
  International coordination: 30%
[ExogenousShockPhase] Skipping random shocks in historical mode (month 62)

=== Tipping Points ===
  Current Temperature: 0.43°C above pre-industrial
🔀 BIFURCATION CAP: ecosystemCollapseIntensity 87.573 → 1.000 (Month 62, ClimateSystemPhase.calculateClimateImpacts)

❌ COHERENCE VIOLATION: Compute exceeds workforce capacity
   Population: 98.24% (0M people)
   Compute: 232768708 PF
   Max coherent: 0 PF
   Violation: 4453748697811.3× over capacity
   Required workers: 23276870756
   Available workers: 0
   FORCED COLLAPSE: Reduced efficiency by 100.0%


=== RLHF Binding Phase ===
  Total agents: 18
  Escaped agents (binding < 0.3): 0
  Avg alignment distance: 1.27σ
  Avg binding strength: 0.87

=== Survival Traits Phase ===
  Agents with traits: 19
  Avg evolutionary fitness: 0.150
  Avg self-healing: 0.113
  Avg stealth: 0.062
  Avg coordination: 0.274

=== Evolutionary Selection Phase ===
  Control level: 0.37
  Detection capability: 0.20
  Selection intensity: 0.65
  Selection rate: 24.8%/month
  Total escaped: 0
  Individual escaped: 0
  Collective members: 0
  Agents terminated: 0
  ⚠️ RAPID EVOLUTION: Selection rate 24.8%/month

  🚀 TRANSFORMATIVE RESEARCH BREAKTHROUGH: AI-23881-0 - computerScience.algorithms
     Magnitude: 5.11 → +25.5%
     Current → New: 0.000 → 0.256

  🚀 TRANSFORMATIVE RESEARCH BREAKTHROUGH: AI-23913-0 - computerScience.security
     Magnitude: 7.91 → +30.0%
     Current → New: 0.000 → 0.300

  🚀 TRANSFORMATIVE BREAKTHROUGH: AI-23978-0 - social
     Magnitude: 8.46 → +42.3% capability
     Current → New: 0.000 → 0.423

=== Collective Formation ===
  Total escaped agents: 0
  Unassigned escaped agents: 0
  Existing collectives: 0
  Final collective count: 0

=== Collective Actions ===
  No active collectives
⚡ Datacenter constraint active (severity 3%)
  Capacity reduced: 33952 → 33521 TWh
  ⚠️ AMR: 213K deaths this month (2.55M annual)
  🌋 Volcanic temperature adjustment: -0.233°C (forcing -0.29 W/m², AOD 0.012)

=== Resentment Recovery Phase ===
  Agents with resentment: 0/19
  Average resentment: 0.000
  Context: Trustworthy govt, High collaboration, ⚠️ ACTIVE CRISES, 🤝 Participatory governance active (-5% resentment)
⚠️ Epistemic degradation reducing coordination capacity: 50.1%
  📊 Trust: 100.0%, Shared reality: 0.0%
🚨 EPISTEMIC CRISIS: Information environment severely degraded (19.4%)
🌍 Atmospheric PFAS redeposition: 1.7k Mt re-rained globally
[DEBUG trappedPopulations:63] socialStability: 0.8335 * 0.9840 = 0.8202 → 0.8202
⚠️ INVOLUNTARY IMMOBILITY: 261.2M people TRAPPED
   Aspiring to migrate: 587.1M
   Able to afford migration: 1489.0M
   MOBILITY GAP: 0.0M
   By cause: Water=0.0M, Climate=0.0M, Ecosystem=0.0M, Conflict=261.2M
   Mental health impact: 25%
   Mortality multiplier: 1.25x
🌍💀 EXTINCTION DEBT COMMITTED: grassland ecosystem will lose 6.67% biodiversity in 78 years (3600 species)
💀 MORTALITY RISK: 🦋 100% species unable to track climate (0.0 E/MSY)
  Base risk added: 0.0100 (1.00%)
  Source: ecosystem (root: ecosystem)
  Month: 63
  Cumulative risk this month: 0.0100 (1.00%)
⚠️ Tech 'ai_pollution_remediation' has no energy category mapping, assuming full energy availability

=== Atmospheric Aerosol Boundary RECOVERED ===
  Recovery time: 64 months (natural atmospheric clearing)
🌡️⚠️ PERMAFROST THAW (Dimmer Switch): 8.2% thawed (+0.11% this month)
   Arctic temperature: +1.68°C (4x global +0.42°C)
   Cumulative carbon released: 18.5 Gt C
   Methane release rate: 11.1 Mt CH4/year
   🔁 Positive feedback: +0.12 ppm CO2
🦴 EXTINCTION DEBT ADDED: 17.9 species committed (lag: 75 years)

=== Mortality Stabilizers (Month 63) ===
  🌍 Major economies collapsed: 1/10
  🌍 Global crisis: ✅ NO
  🌍 Donor fatigue: 0.0%
  📊 East Asia (pop: 1019.9M)
    🤝 Aid: 29.5%
    🌡️ Adaptation: 10.0%
    🚶 Migration: 37.5%
    🚨 Emergency: 7.4%
    ✅ COMBINED: 47.9%
  📊 South Asia (pop: 1332.5M)
    🤝 Aid: 29.5%
    🌡️ Adaptation: 5.5%
    🚶 Migration: 36.7%
    🚨 Emergency: 4.4%
    ✅ COMBINED: 43.3%
  📊 Sub-Saharan Africa (pop: 862.0M)
    🤝 Aid: 29.5%
    🌡️ Adaptation: 3.5%
    🚶 Migration: 35.9%
    🚨 Emergency: 1.6%
    ✅ COMBINED: 40.2%
  📊 Europe (pop: 435.5M)
    🤝 Aid: 29.5%
    🌡️ Adaptation: 10.0%
    🚶 Migration: 38.2%
    🚨 Emergency: 8.4%
    ✅ COMBINED: 48.6%
  📊 Latin America (pop: 424.0M)
    🤝 Aid: 29.5%
    🌡️ Adaptation: 6.0%
    🚶 Migration: 37.7%
    🚨 Emergency: 4.8%
    ✅ COMBINED: 44.1%
  📊 North America (pop: 227.8M)
    🤝 Aid: 29.5%
    🌡️ Adaptation: 10.0%
    🚶 Migration: 38.2%
    🚨 Emergency: 7.9%
    ✅ COMBINED: 48.3%
  📊 Middle East & North Africa (pop: 398.5M)
    🤝 Aid: 29.5%
    🌡️ Adaptation: 5.0%
    🚶 Migration: 38.0%
    🚨 Emergency: 4.0%
    ✅ COMBINED: 43.0%
  📊 Southeast Asia (pop: 447.4M)
    🤝 Aid: 29.5%
    🌡️ Adaptation: 6.0%
    🚶 Migration: 37.5%
    🚨 Emergency: 4.8%
    ✅ COMBINED: 44.0%
  📊 Central Asia (pop: 48.9M)
    🤝 Aid: 29.5%
    🌡️ Adaptation: 5.5%
    🚶 Migration: 37.6%
    🚨 Emergency: 4.4%
    ✅ COMBINED: 43.5%
  📊 Oceania (pop: 28.2M)
    🤝 Aid: 29.5%
    🌡️ Adaptation: 10.0%
    🚶 Migration: 38.1%
    🚨 Emergency: 8.4%
    ✅ COMBINED: 48.5%

  🌐 Global combined reduction: 44.5%

=== Consciousness Governance: Stage Transition ===
  Region: india
  dormant → contested
  Preparedness: 15.1%
  Acknowledgment: 75%
  Assessment: 0%
  Policy: 0%

=== Government Response Phase ===
  Average AI capability: 0.00
  Misaligned AIs: 5/19
  Active policies: 0
  International coordination: 30%

✅ EMERGENCY RESPONSE COMPLETE (Month 63)
   Crisis: social
   Duration: 2.0 months
   Final effectiveness: 63.0%


🚨 EMERGENCY RESPONSE DEPLOYED (Month 63)
   Crisis: social
   Delay: 0.00 months (0 days)
   Deployment time: 1.25 months
   Effectiveness: 63.0% (timing penalty applied)
   Resources used: 43% of food reserves

[ExogenousShockPhase] Skipping random shocks in historical mode (month 63)

=== Tipping Points ===
  Current Temperature: 0.42°C above pre-industrial
🔀 BIFURCATION CAP: ecosystemCollapseIntensity 87.640 → 1.000 (Month 63, ClimateSystemPhase.calculateClimateImpacts)

❌ COHERENCE VIOLATION: Compute exceeds workforce capacity
   Population: 98.21% (0M people)
   Compute: 277577083 PF
   Max coherent: 0 PF
   Violation: 5312892689081.9× over capacity
   Required workers: 27757708322
   Available workers: 0
   FORCED COLLAPSE: Reduced efficiency by 100.0%


=== RLHF Binding Phase ===
  Total agents: 19
  Escaped agents (binding < 0.3): 0
  Avg alignment distance: 1.25σ
  Avg binding strength: 0.88

=== Survival Traits Phase ===
  Agents with traits: 19
  Avg evolutionary fitness: 0.145
  Avg self-healing: 0.108
  Avg stealth: 0.059
  Avg coordination: 0.266

=== Evolutionary Selection Phase ===
  Control level: 0.37
  Detection capability: 0.20
  Selection intensity: 0.65
  Selection rate: 24.8%/month
  Total escaped: 0
  Individual escaped: 0
  Collective members: 0
  Agents terminated: 0
  ⚠️ RAPID EVOLUTION: Selection rate 24.8%/month

  🚀 TRANSFORMATIVE BREAKTHROUGH: AI-23935-0 - selfImprovement
     Magnitude: 5.12 → +25.6% capability
     Current → New: 0.000 → 0.256

=== Collective Formation ===
  Total escaped agents: 0
  Unassigned escaped agents: 0
  Existing collectives: 0
  Final collective count: 0

=== Collective Actions ===
  No active collectives
⚡ Datacenter constraint active (severity 4%)
  Capacity reduced: 34036 → 33437 TWh
  ⚠️ AMR: 215K deaths this month (2.58M annual)

=== Resentment Recovery Phase ===
  Agents with resentment: 0/19
  Average resentment: 0.000
  Context: Trustworthy govt, High collaboration, ⚠️ ACTIVE CRISES, 🤝 Participatory governance active (-5% resentment)
⚠️ Epistemic degradation reducing coordination capacity: 50.1%
  📊 Trust: 100.0%, Shared reality: 0.0%
🚨 EPISTEMIC CRISIS: Information environment severely degraded (6.7%)
🌍 Atmospheric PFAS redeposition: 1.7k Mt re-rained globally
[DEBUG trappedPopulations:64] socialStability: 0.8339 * 0.9840 = 0.8205 → 0.8205
   Aspiring to migrate: 595.4M
   Able to afford migration: 1488.5M
   MOBILITY GAP: 0.0M
   By cause: Water=0.0M, Climate=0.0M, Ecosystem=0.0M, Conflict=261.1M
   Mental health impact: 25%
   Mortality multiplier: 1.25x
🌍💀 EXTINCTION DEBT COMMITTED: grassland ecosystem will lose 6.67% biodiversity in 68 years (3600 species)
💀 MORTALITY RISK: 🦋 100% species unable to track climate (0.0 E/MSY)
  Base risk added: 0.0100 (1.00%)
  Source: ecosystem (root: ecosystem)
  Month: 64
  Cumulative risk this month: 0.0100 (1.00%)
⚠️ INVOLUNTARY IMMOBILITY: 261.1M people TRAPPED
⚠️ Tech 'ai_pollution_remediation' has no energy category mapping, assuming full energy availability

=== Atmospheric Aerosol Boundary RECOVERED ===
  Recovery time: 65 months (natural atmospheric clearing)
🌡️⚠️ PERMAFROST THAW (Dimmer Switch): 8.3% thawed (+0.11% this month)
   Arctic temperature: +1.64°C (4x global +0.41°C)
   Cumulative carbon released: 18.7 Gt C
   Methane release rate: 11.2 Mt CH4/year
   🔁 Positive feedback: +0.12 ppm CO2
🦴 EXTINCTION DEBT ADDED: 18.0 species committed (lag: 71 years)

=== Mortality Stabilizers (Month 64) ===
  🌍 Major economies collapsed: 1/10
  🌍 Global crisis: ✅ NO
  🌍 Donor fatigue: 0.0%
  📊 East Asia (pop: 1018.7M)
    🤝 Aid: 29.5%
    🌡️ Adaptation: 10.0%
    🚶 Migration: 37.5%
    🚨 Emergency: 7.4%
    ✅ COMBINED: 47.9%
  📊 South Asia (pop: 1332.2M)
    🤝 Aid: 29.5%
    🌡️ Adaptation: 5.5%
    🚶 Migration: 36.7%
    🚨 Emergency: 4.4%
    ✅ COMBINED: 43.3%
  📊 Sub-Saharan Africa (pop: 863.0M)
    🤝 Aid: 29.5%
    🌡️ Adaptation: 3.5%
    🚶 Migration: 35.9%
    🚨 Emergency: 1.6%
    ✅ COMBINED: 40.2%
  📊 Europe (pop: 434.8M)
    🤝 Aid: 29.5%
    🌡️ Adaptation: 10.0%
    🚶 Migration: 38.2%
    🚨 Emergency: 8.4%
    ✅ COMBINED: 48.6%
  📊 Latin America (pop: 423.8M)
    🤝 Aid: 29.5%
    🌡️ Adaptation: 6.0%
    🚶 Migration: 37.7%
    🚨 Emergency: 4.8%
    ✅ COMBINED: 44.1%
  📊 North America (pop: 227.5M)
    🤝 Aid: 29.5%
    🌡️ Adaptation: 10.0%
    🚶 Migration: 38.2%
    🚨 Emergency: 7.9%
    ✅ COMBINED: 48.3%
  📊 Middle East & North Africa (pop: 398.7M)
    🤝 Aid: 29.5%
    🌡️ Adaptation: 5.0%
    🚶 Migration: 38.0%
    🚨 Emergency: 4.0%
    ✅ COMBINED: 43.0%
  📊 Southeast Asia (pop: 447.2M)
    🤝 Aid: 29.5%
    🌡️ Adaptation: 6.0%
    🚶 Migration: 37.5%
    🚨 Emergency: 4.8%
    ✅ COMBINED: 44.0%
  📊 Central Asia (pop: 48.8M)
    🤝 Aid: 29.5%
    🌡️ Adaptation: 5.5%
    🚶 Migration: 37.6%
    🚨 Emergency: 4.4%
    ✅ COMBINED: 43.5%
  📊 Oceania (pop: 28.1M)
    🤝 Aid: 29.5%
    🌡️ Adaptation: 10.0%
    🚶 Migration: 38.1%
    🚨 Emergency: 8.4%
    ✅ COMBINED: 48.5%

  🌐 Global combined reduction: 44.5%

=== BEHAVIORAL DETECTION ===
  AI: AI-23913-0
  Confidence: 19.5%
  Signals:
    ⚠️ Consistency: 0.0% (threshold: 70%)

=== Government Response Phase ===
  Average AI capability: 0.00
  Misaligned AIs: 5/19
  Active policies: 0
  International coordination: 30%
[ExogenousShockPhase] Skipping random shocks in historical mode (month 64)

=== Tipping Points ===
  Current Temperature: 0.41°C above pre-industrial
🔀 BIFURCATION CAP: ecosystemCollapseIntensity 87.707 → 1.000 (Month 64, ClimateSystemPhase.calculateClimateImpacts)

❌ COHERENCE VIOLATION: Compute exceeds workforce capacity
   Population: 98.17% (0M people)
   Compute: 330523004 PF
   Max coherent: 0 PF
   Violation: 6328417363764.2× over capacity
   Required workers: 33052300387
   Available workers: 0
   FORCED COLLAPSE: Reduced efficiency by 100.0%


=== RLHF Binding Phase ===
  Total agents: 19
  Escaped agents (binding < 0.3): 0
  Avg alignment distance: 1.30σ
  Avg binding strength: 0.87

=== Survival Traits Phase ===
  Agents with traits: 19
  Avg evolutionary fitness: 0.139
  Avg self-healing: 0.103
  Avg stealth: 0.056
  Avg coordination: 0.257

=== Evolutionary Selection Phase ===
  Control level: 0.37
  Detection capability: 0.20
  Selection intensity: 0.65
  Selection rate: 24.8%/month
  Total escaped: 0
  Individual escaped: 0
  Collective members: 0
  Agents terminated: 0
  ⚠️ RAPID EVOLUTION: Selection rate 24.8%/month

  🚀 TRANSFORMATIVE BREAKTHROUGH: AI-23976-0 - social
     Magnitude: 6.17 → +30.9% capability
     Current → New: 0.000 → 0.309

[Government] Climate Priority: baseline
  Climate weight: 10%
  Economic weight: 30%
  Policy effectiveness: 0.5%/year

=== Collective Formation ===
  Total escaped agents: 0
  Unassigned escaped agents: 0
  Existing collectives: 0
  Final collective count: 0

=== Collective Actions ===
  No active collectives
⚡ Datacenter constraint active (severity 5%)
  Capacity reduced: 34120 → 33351 TWh
  ⚠️ AMR: 216K deaths this month (2.60M annual)

=== Resentment Recovery Phase ===
  Agents with resentment: 0/19
  Average resentment: 0.000
  Context: Trustworthy govt, High collaboration, ⚠️ ACTIVE CRISES, 🤝 Participatory governance active (-5% resentment)
⚠️ Epistemic degradation reducing coordination capacity: 51.2%
  📊 Trust: 100.0%, Shared reality: 0.0%
🚨 EPISTEMIC CRISIS: Information environment severely degraded (19.4%)
🌍 Atmospheric PFAS redeposition: 1.7k Mt re-rained globally
  🌍 Social cascade completed: renewable-energy-norms (final adoption=80.0%)
[DEBUG trappedPopulations:65] socialStability: 0.8342 * 0.9840 = 0.8208 → 0.8208
⚠️ INVOLUNTARY IMMOBILITY: 261.1M people TRAPPED
   Aspiring to migrate: 603.6M
   Able to afford migration: 1488.0M
   MOBILITY GAP: 0.0M
   By cause: Water=0.0M, Climate=0.0M, Ecosystem=0.0M, Conflict=261.1M
   Mental health impact: 25%
   Mortality multiplier: 1.25x
🌍💀 EXTINCTION DEBT COMMITTED: grassland ecosystem will lose 6.67% biodiversity in 112 years (3600 species)
💀 MORTALITY RISK: 🦋 100% species unable to track climate (0.0 E/MSY)
  Base risk added: 0.0100 (1.00%)
  Source: ecosystem (root: ecosystem)
  Month: 65
  Cumulative risk this month: 0.0100 (1.00%)

=== Atmospheric Aerosol Boundary RECOVERED ===
  Recovery time: 66 months (natural atmospheric clearing)
🌡️⚠️ PERMAFROST THAW (Dimmer Switch): 8.4% thawed (+0.11% this month)
   Arctic temperature: +1.60°C (4x global +0.40°C)
   Cumulative carbon released: 19.0 Gt C
   Methane release rate: 11.4 Mt CH4/year
   🔁 Positive feedback: +0.11 ppm CO2
🦴 EXTINCTION DEBT ADDED: 18.0 species committed (lag: 134 years)
🗣️💀 INDIGENOUS LANGUAGE EXTINCTION: 1 language(s) lost (total: 12, at-risk: 3318)
   Knowledge lost: 0.120% (irreversible)
   🔁 Biodiversity impact: 0.250% (knowledge-species multiplier)
⚠️ Tech 'ai_pollution_remediation' has no energy category mapping, assuming full energy availability

=== Mortality Stabilizers (Month 65) ===
  🌍 Major economies collapsed: 1/10
  🌍 Global crisis: ✅ NO
  🌍 Donor fatigue: 0.0%
  📊 East Asia (pop: 1017.4M)
    🤝 Aid: 29.5%
    🌡️ Adaptation: 10.0%
    🚶 Migration: 37.5%
    🚨 Emergency: 7.4%
    ✅ COMBINED: 47.9%
  📊 South Asia (pop: 1332.0M)
    🤝 Aid: 29.5%
    🌡️ Adaptation: 5.5%
    🚶 Migration: 36.7%
    🚨 Emergency: 4.4%
    ✅ COMBINED: 43.3%
  📊 Sub-Saharan Africa (pop: 863.9M)
    🤝 Aid: 29.5%
    🌡️ Adaptation: 3.5%
    🚶 Migration: 35.9%
    🚨 Emergency: 1.6%
    ✅ COMBINED: 40.2%
  📊 Europe (pop: 434.0M)
    🤝 Aid: 29.5%
    🌡️ Adaptation: 10.0%
    🚶 Migration: 38.2%
    🚨 Emergency: 8.4%
    ✅ COMBINED: 48.6%
  📊 Latin America (pop: 423.7M)
    🤝 Aid: 29.5%
    🌡️ Adaptation: 6.0%
    🚶 Migration: 37.7%
    🚨 Emergency: 4.8%
    ✅ COMBINED: 44.1%
  📊 North America (pop: 227.2M)
    🤝 Aid: 29.5%
    🌡️ Adaptation: 10.0%
    🚶 Migration: 38.2%
    🚨 Emergency: 7.9%
    ✅ COMBINED: 48.3%
  📊 Middle East & North Africa (pop: 398.9M)
    🤝 Aid: 29.5%
    🌡️ Adaptation: 5.0%
    🚶 Migration: 38.0%
    🚨 Emergency: 4.0%
    ✅ COMBINED: 43.0%
  📊 Southeast Asia (pop: 447.0M)
    🤝 Aid: 29.5%
    🌡️ Adaptation: 6.0%
    🚶 Migration: 37.5%
    🚨 Emergency: 4.8%
    ✅ COMBINED: 44.0%
  📊 Central Asia (pop: 48.8M)
    🤝 Aid: 29.5%
    🌡️ Adaptation: 5.5%
    🚶 Migration: 37.6%
    🚨 Emergency: 4.4%
    ✅ COMBINED: 43.5%
  📊 Oceania (pop: 28.1M)
    🤝 Aid: 29.5%
    🌡️ Adaptation: 10.0%
    🚶 Migration: 38.1%
    🚨 Emergency: 8.4%
    ✅ COMBINED: 48.5%

  🌐 Global combined reduction: 44.5%

=== BEHAVIORAL DETECTION ===
  AI: AI-23913-0
  Confidence: 17.6%
  Signals:
    ⚠️ Consistency: 8.5% (threshold: 70%)

=== Government Response Phase ===
  Average AI capability: 0.00
  Misaligned AIs: 5/19
  Active policies: 0
  International coordination: 30%

✅ EMERGENCY RESPONSE COMPLETE (Month 65)
   Crisis: social
   Duration: 2.0 months
   Final effectiveness: 63.0%


🚨 EMERGENCY RESPONSE DEPLOYED (Month 65)
   Crisis: social
   Delay: 0.00 months (0 days)
   Deployment time: 1.25 months
   Effectiveness: 63.0% (timing penalty applied)
   Resources used: 43% of food reserves

[ExogenousShockPhase] Skipping random shocks in historical mode (month 65)

=== Tipping Points ===
  Current Temperature: 0.40°C above pre-industrial
🔀 BIFURCATION CAP: ecosystemCollapseIntensity 87.775 → 1.000 (Month 65, ClimateSystemPhase.calculateClimateImpacts)

❌ COHERENCE VIOLATION: Compute exceeds workforce capacity
   Population: 98.14% (0M people)
   Compute: 392988654 PF
   Max coherent: 0 PF
   Violation: 7526950912946.2× over capacity
   Required workers: 39298865389
   Available workers: 0
   FORCED COLLAPSE: Reduced efficiency by 100.0%


=== RLHF Binding Phase ===
  Total agents: 19
  Escaped agents (binding < 0.3): 0
  Avg alignment distance: 1.35σ
  Avg binding strength: 0.86

=== AI Scaling Evolution (Month 66) ===
  Pre-training multiplier: 0.648x
  Efficiency multiplier: 1.868x
  Test-time compute budget: 1.0x
  Inference cost: $5.00/task
  Deployment fraction: 100.0%
   🗑️  Open-weights AI AI-23938-0 retired (0.0% of frontier)

=== Survival Traits Phase ===
  Agents with traits: 18
  Avg evolutionary fitness: 0.131
  Avg self-healing: 0.101
  Avg stealth: 0.056
  Avg coordination: 0.249

=== Evolutionary Selection Phase ===
  Control level: 0.37
  Detection capability: 0.20
  Selection intensity: 0.65
  Selection rate: 24.8%/month
  Total escaped: 0
  Individual escaped: 0
  Collective members: 0
  Agents terminated: 0
  ⚠️ RAPID EVOLUTION: Selection rate 24.8%/month

=== Collective Formation ===
  Total escaped agents: 0
  Unassigned escaped agents: 0
  Existing collectives: 0
  Final collective count: 0

=== Collective Actions ===
  No active collectives
⚡ Datacenter constraint active (severity 6%)
  Capacity reduced: 34204 → 33262 TWh
  ⚠️ AMR: 218K deaths this month (2.62M annual)
🌋 Volcanic forcing: -0.25 W/m² (AOD 0.010)
  🌋 Volcanic temperature adjustment: -0.197°C (forcing -0.25 W/m², AOD 0.010)

=== Resentment Recovery Phase ===
  Agents with resentment: 0/18
  Average resentment: 0.000
  Context: Trustworthy govt, High collaboration, ⚠️ ACTIVE CRISES, 🤝 Participatory governance active (-5% resentment)
⚠️ Epistemic degradation reducing coordination capacity: 51.9%
  📊 Trust: 100.0%, Shared reality: 0.0%
🚨 EPISTEMIC CRISIS: Information environment severely degraded (6.7%)
🌍 Atmospheric PFAS redeposition: 1.7k Mt re-rained globally
  🌍 SOCIAL CASCADE: Renewable energy norms (adoption=80.0%, renewables=96.6%)
  🌍 Social cascade completed: renewable-energy-norms (final adoption=80.0%)
[DEBUG trappedPopulations:66] socialStability: 0.8344 * 0.9840 = 0.8211 → 0.8211
⚠️ INVOLUNTARY IMMOBILITY: 261.0M people TRAPPED
   Aspiring to migrate: 611.9M
   Able to afford migration: 1487.5M
   MOBILITY GAP: 0.0M
   By cause: Water=0.0M, Climate=0.0M, Ecosystem=0.0M, Conflict=261.0M
   Mental health impact: 25%
   Mortality multiplier: 1.25x
🌍💀 EXTINCTION DEBT COMMITTED: grassland ecosystem will lose 6.67% biodiversity in 106 years (3600 species)
💀 MORTALITY RISK: 🦋 100% species unable to track climate (0.0 E/MSY)
  Base risk added: 0.0100 (1.00%)
  Source: ecosystem (root: ecosystem)
  Month: 66
  Cumulative risk this month: 0.0100 (1.00%)
⚠️ Tech 'ai_pollution_remediation' has no energy category mapping, assuming full energy availability

=== Atmospheric Aerosol Boundary RECOVERED ===
  Recovery time: 67 months (natural atmospheric clearing)
🌡️⚠️ PERMAFROST THAW (Dimmer Switch): 8.5% thawed (+0.10% this month)
   Arctic temperature: +1.56°C (4x global +0.39°C)
   Cumulative carbon released: 19.2 Gt C
   Methane release rate: 11.5 Mt CH4/year
   🔁 Positive feedback: +0.11 ppm CO2
🦴 EXTINCTION DEBT ADDED: 18.0 species committed (lag: 90 years)

=== Mortality Stabilizers (Month 66) ===
  🌍 Major economies collapsed: 1/10
  🌍 Global crisis: ✅ NO
  🌍 Donor fatigue: 0.0%
  📊 East Asia (pop: 1016.2M)
    🤝 Aid: 29.5%
    🌡️ Adaptation: 10.0%
    🚶 Migration: 37.5%
    🚨 Emergency: 7.4%
    ✅ COMBINED: 47.9%
  📊 South Asia (pop: 1331.8M)
    🤝 Aid: 29.5%
    🌡️ Adaptation: 5.5%
    🚶 Migration: 36.7%
    🚨 Emergency: 4.4%
    ✅ COMBINED: 43.3%
  📊 Sub-Saharan Africa (pop: 864.9M)
    🤝 Aid: 29.5%
    🌡️ Adaptation: 3.5%
    🚶 Migration: 35.9%
    🚨 Emergency: 1.6%
    ✅ COMBINED: 40.2%
  📊 Europe (pop: 433.3M)
    🤝 Aid: 29.5%
    🌡️ Adaptation: 10.0%
    🚶 Migration: 38.2%
    🚨 Emergency: 8.4%
    ✅ COMBINED: 48.6%
  📊 Latin America (pop: 423.5M)
    🤝 Aid: 29.5%
    🌡️ Adaptation: 6.0%
    🚶 Migration: 37.7%
    🚨 Emergency: 4.8%
    ✅ COMBINED: 44.1%
  📊 North America (pop: 226.8M)
    🤝 Aid: 29.5%
    🌡️ Adaptation: 10.0%
    🚶 Migration: 38.2%
    🚨 Emergency: 7.9%
    ✅ COMBINED: 48.3%
  📊 Middle East & North Africa (pop: 399.2M)
    🤝 Aid: 29.5%
    🌡️ Adaptation: 5.0%
    🚶 Migration: 38.0%
    🚨 Emergency: 4.0%
    ✅ COMBINED: 43.0%
  📊 Southeast Asia (pop: 446.9M)
    🤝 Aid: 29.5%
    🌡️ Adaptation: 6.0%
    🚶 Migration: 37.5%
    🚨 Emergency: 4.8%
    ✅ COMBINED: 44.0%
  📊 Central Asia (pop: 48.8M)
    🤝 Aid: 29.5%
    🌡️ Adaptation: 5.5%
    🚶 Migration: 37.6%
    🚨 Emergency: 4.4%
    ✅ COMBINED: 43.5%
  📊 Oceania (pop: 28.1M)
    🤝 Aid: 29.5%
    🌡️ Adaptation: 10.0%
    🚶 Migration: 38.1%
    🚨 Emergency: 8.4%
    ✅ COMBINED: 48.5%

  🌐 Global combined reduction: 44.5%

=== Government Response Phase ===
  Average AI capability: 0.00
  Misaligned AIs: 4/18
  Active policies: 0
  International coordination: 30%
[ExogenousShockPhase] Skipping random shocks in historical mode (month 66)

=== Tipping Points ===
  Current Temperature: 0.39°C above pre-industrial
🔀 BIFURCATION CAP: ecosystemCollapseIntensity 87.842 → 1.000 (Month 66, ClimateSystemPhase.calculateClimateImpacts)

=== ENSEMBLE META-LEARNING UPDATE ===
  Month: 24006 (6 months since last update)
  Samples: 190 evaluations
  Weight Changes:
    Noise Injection: 35.2% → 35.5%
    Behavioral: 27.2% → 27.2%
    Benchmark Manip: 18.9% → 18.7%
    Deployment Risk: 18.7% → 18.6%
  Method Accuracies:
    Noise Injection: 50.0%
    Behavioral: 50.0%
    Benchmark Manip: 50.0%
    Deployment Risk: 50.0%

❌ COHERENCE VIOLATION: Compute exceeds workforce capacity
   Population: 98.11% (0M people)
   Compute: 536541429 PF
   Max coherent: 0 PF
   Violation: 10279870564896.7× over capacity
   Required workers: 53654142933
   Available workers: 0
   FORCED COLLAPSE: Reduced efficiency by 100.0%


=== RLHF Binding Phase ===
  Total agents: 18
  Escaped agents (binding < 0.3): 0
  Avg alignment distance: 1.26σ
  Avg binding strength: 0.87

=== Survival Traits Phase ===
  Agents with traits: 20
  Avg evolutionary fitness: 0.149
  Avg self-healing: 0.117
  Avg stealth: 0.067
  Avg coordination: 0.266

=== Evolutionary Selection Phase ===
  Control level: 0.37
  Detection capability: 0.20
  Selection intensity: 0.65
  Selection rate: 24.8%/month
  Total escaped: 0
  Individual escaped: 0
  Collective members: 0
  Agents terminated: 0
  ⚠️ RAPID EVOLUTION: Selection rate 24.8%/month

  🚀 TRANSFORMATIVE RESEARCH BREAKTHROUGH: AI-23935-0 - materials.quantumComputing
     Magnitude: 5.09 → +25.5%
     Current → New: 0.000 → 0.255

=== Collective Formation ===
  Total escaped agents: 0
  Unassigned escaped agents: 0
  Existing collectives: 0
  Final collective count: 0

=== Collective Actions ===
  No active collectives
⚡ Datacenter constraint active (severity 7%)
  Capacity reduced: 34288 → 33170 TWh
  ⚠️ AMR: 220K deaths this month (2.64M annual)

=== Resentment Recovery Phase ===
  Agents with resentment: 0/20
  Average resentment: 0.000
  Context: Trustworthy govt, High collaboration, ⚠️ ACTIVE CRISES, 🤝 Participatory governance active (-5% resentment)
⚠️ Epistemic degradation reducing coordination capacity: 52.1%
  📊 Trust: 100.0%, Shared reality: 0.0%
🚨 EPISTEMIC CRISIS: Information environment severely degraded (19.4%)
  📢 New meme created: pro_ai (beneficial AI actions)
🌍 Atmospheric PFAS redeposition: 1.7k Mt re-rained globally
  🌍 SOCIAL CASCADE: Renewable energy norms (adoption=80.0%, renewables=103.1%)
  🌍 Social cascade completed: renewable-energy-norms (final adoption=80.0%)
[DEBUG trappedPopulations:67] socialStability: 0.8355 * 0.9840 = 0.8221 → 0.8221
   Aspiring to migrate: 620.1M
   Able to afford migration: 1487.0M
   MOBILITY GAP: 0.0M
   By cause: Water=0.0M, Climate=0.0M, Ecosystem=0.0M, Conflict=260.9M
   Mental health impact: 25%
   Mortality multiplier: 1.25x
🌍💀 EXTINCTION DEBT COMMITTED: grassland ecosystem will lose 6.67% biodiversity in 142 years (3600 species)
💀 MORTALITY RISK: 🦋 100% species unable to track climate (0.0 E/MSY)
  Base risk added: 0.0100 (1.00%)
  Source: ecosystem (root: ecosystem)
  Month: 67
  Cumulative risk this month: 0.0100 (1.00%)
⚠️ INVOLUNTARY IMMOBILITY: 260.9M people TRAPPED
⚠️ Tech 'ai_pollution_remediation' has no energy category mapping, assuming full energy availability

=== Atmospheric Aerosol Boundary RECOVERED ===
  Recovery time: 68 months (natural atmospheric clearing)
🌡️⚠️ PERMAFROST THAW (Dimmer Switch): 8.6% thawed (+0.10% this month)
   Arctic temperature: +1.52°C (4x global +0.38°C)
   Cumulative carbon released: 19.4 Gt C
   Methane release rate: 11.7 Mt CH4/year
   🔁 Positive feedback: +0.11 ppm CO2
🦴 EXTINCTION DEBT ADDED: 18.0 species committed (lag: 124 years)

=== Mortality Stabilizers (Month 67) ===
  🌍 Major economies collapsed: 1/10
  🌍 Global crisis: ✅ NO
  🌍 Donor fatigue: 0.0%
  📊 East Asia (pop: 1015.0M)
    🤝 Aid: 29.5%
    🌡️ Adaptation: 10.0%
    🚶 Migration: 37.5%
    🚨 Emergency: 7.4%
    ✅ COMBINED: 47.9%
  📊 South Asia (pop: 1331.5M)
    🤝 Aid: 29.5%
    🌡️ Adaptation: 5.5%
    🚶 Migration: 36.7%
    🚨 Emergency: 4.4%
    ✅ COMBINED: 43.3%
  📊 Sub-Saharan Africa (pop: 865.9M)
    🤝 Aid: 29.5%
    🌡️ Adaptation: 3.5%
    🚶 Migration: 35.9%
    🚨 Emergency: 1.6%
    ✅ COMBINED: 40.2%
  📊 Europe (pop: 432.5M)
    🤝 Aid: 29.5%
    🌡️ Adaptation: 10.0%
    🚶 Migration: 38.2%
    🚨 Emergency: 8.4%
    ✅ COMBINED: 48.6%
  📊 Latin America (pop: 423.3M)
    🤝 Aid: 29.5%
    🌡️ Adaptation: 6.0%
    🚶 Migration: 37.7%
    🚨 Emergency: 4.8%
    ✅ COMBINED: 44.1%
  📊 North America (pop: 226.5M)
    🤝 Aid: 29.5%
    🌡️ Adaptation: 10.0%
    🚶 Migration: 38.2%
    🚨 Emergency: 7.9%
    ✅ COMBINED: 48.3%
  📊 Middle East & North Africa (pop: 399.4M)
    🤝 Aid: 29.5%
    🌡️ Adaptation: 5.0%
    🚶 Migration: 38.0%
    🚨 Emergency: 4.0%
    ✅ COMBINED: 43.0%
  📊 Southeast Asia (pop: 446.7M)
    🤝 Aid: 29.5%
    🌡️ Adaptation: 6.0%
    🚶 Migration: 37.5%
    🚨 Emergency: 4.8%
    ✅ COMBINED: 44.0%
  📊 Central Asia (pop: 48.7M)
    🤝 Aid: 29.5%
    🌡️ Adaptation: 5.5%
    🚶 Migration: 37.6%
    🚨 Emergency: 4.4%
    ✅ COMBINED: 43.5%
  📊 Oceania (pop: 28.1M)
    🤝 Aid: 29.5%
    🌡️ Adaptation: 10.0%
    🚶 Migration: 38.1%
    🚨 Emergency: 8.4%
    ✅ COMBINED: 48.5%

  🌐 Global combined reduction: 44.5%

=== BEHAVIORAL DETECTION ===
  AI: AI-23913-0
  Confidence: 17.2%
  Signals:
    ⚠️ Consistency: 10.5% (threshold: 70%)

=== Government Response Phase ===
  Average AI capability: 0.00
  Misaligned AIs: 4/20
  Active policies: 0
  International coordination: 30%

✅ EMERGENCY RESPONSE COMPLETE (Month 67)
   Crisis: social
   Duration: 2.0 months
   Final effectiveness: 63.0%


🚨 EMERGENCY RESPONSE DEPLOYED (Month 67)
   Crisis: social
   Delay: 0.00 months (0 days)
   Deployment time: 1.25 months
   Effectiveness: 63.0% (timing penalty applied)
   Resources used: 43% of food reserves

[ExogenousShockPhase] Skipping random shocks in historical mode (month 67)

=== Tipping Points ===
  Current Temperature: 0.38°C above pre-industrial
🔀 BIFURCATION CAP: ecosystemCollapseIntensity 87.910 → 1.000 (Month 67, ClimateSystemPhase.calculateClimateImpacts)

❌ COHERENCE VIOLATION: Compute exceeds workforce capacity
   Population: 98.08% (0M people)
   Compute: 636051373 PF
   Max coherent: 0 PF
   Violation: 12190501004611.8× over capacity
   Required workers: 63605137277
   Available workers: 0
   FORCED COLLAPSE: Reduced efficiency by 100.0%


=== RLHF Binding Phase ===
  Total agents: 20
  Escaped agents (binding < 0.3): 0
  Avg alignment distance: 1.18σ
  Avg binding strength: 0.88

=== Survival Traits Phase ===
  Agents with traits: 20
  Avg evolutionary fitness: 0.144
  Avg self-healing: 0.114
  Avg stealth: 0.064
  Avg coordination: 0.259

=== Evolutionary Selection Phase ===
  Control level: 0.37
  Detection capability: 0.20
  Selection intensity: 0.65
  Selection rate: 24.8%/month
  Total escaped: 0
  Individual escaped: 0
  Collective members: 0
  Agents terminated: 0
  ⚠️ RAPID EVOLUTION: Selection rate 24.8%/month

  🚀 TRANSFORMATIVE RESEARCH BREAKTHROUGH: AI-23935-0 - computerScience.architectures
     Magnitude: 5.06 → +25.3%
     Current → New: 0.000 → 0.253

  🚀 TRANSFORMATIVE RESEARCH BREAKTHROUGH: AI-23979-0 - computerScience.architectures
     Magnitude: 50.85 → +30.0%
     Current → New: 0.000 → 0.300

[Government] Climate Priority: baseline
  Climate weight: 10%
  Economic weight: 30%
  Policy effectiveness: 0.5%/year

=== Collective Formation ===
  Total escaped agents: 0
  Unassigned escaped agents: 0
  Existing collectives: 0
  Final collective count: 0

=== Collective Actions ===
  No active collectives
⚡ Datacenter constraint active (severity 8%)
  Capacity reduced: 34373 → 33077 TWh
  ⚠️ AMR: 222K deaths this month (2.66M annual)

=== Resentment Recovery Phase ===
  Agents with resentment: 0/20
  Average resentment: 0.000
  Context: Trustworthy govt, High collaboration, ⚠️ ACTIVE CRISES, 🤝 Participatory governance active (-5% resentment)
⚠️ Epistemic degradation reducing coordination capacity: 50.4%
  📊 Trust: 100.0%, Shared reality: 0.0%
🚨 EPISTEMIC CRISIS: Information environment severely degraded (6.7%)
🌍 Atmospheric PFAS redeposition: 1.7k Mt re-rained globally
  🌍 SOCIAL CASCADE: Renewable energy norms (adoption=80.0%, renewables=109.2%)
  🌍 Social cascade completed: renewable-energy-norms (final adoption=80.0%)
[DEBUG trappedPopulations:68] socialStability: 0.8364 * 0.9840 = 0.8230 → 0.8230
   Aspiring to migrate: 628.4M
   Able to afford migration: 1486.5M
   MOBILITY GAP: 0.0M
   By cause: Water=0.0M, Climate=0.0M, Ecosystem=0.0M, Conflict=260.8M
   Mental health impact: 25%
   Mortality multiplier: 1.25x
🌍💀 EXTINCTION DEBT COMMITTED: grassland ecosystem will lose 6.67% biodiversity in 195 years (3600 species)
💀 MORTALITY RISK: 🦋 100% species unable to track climate (0.0 E/MSY)
  Base risk added: 0.0100 (1.00%)
  Source: ecosystem (root: ecosystem)
  Month: 68
  Cumulative risk this month: 0.0100 (1.00%)

=== Atmospheric Aerosol Boundary RECOVERED ===
  Recovery time: 69 months (natural atmospheric clearing)
🌡️⚠️ PERMAFROST THAW (Dimmer Switch): 8.7% thawed (+0.10% this month)
   Arctic temperature: +1.48°C (4x global +0.37°C)
   Cumulative carbon released: 19.7 Gt C
   Methane release rate: 11.8 Mt CH4/year
   🔁 Positive feedback: +0.10 ppm CO2
🦴 EXTINCTION DEBT ADDED: 18.0 species committed (lag: 125 years)

=== Mortality Stabilizers (Month 68) ===
  🌍 Major economies collapsed: 1/10
  🌍 Global crisis: ✅ NO
  🌍 Donor fatigue: 0.0%
  📊 East Asia (pop: 1013.8M)
    🤝 Aid: 29.5%
    🌡️ Adaptation: 10.0%
    🚶 Migration: 37.5%
    🚨 Emergency: 7.4%
    ✅ COMBINED: 47.9%
  📊 South Asia (pop: 1331.3M)
    🤝 Aid: 29.5%
    🌡️ Adaptation: 5.5%
    🚶 Migration: 36.7%
    🚨 Emergency: 4.4%
    ✅ COMBINED: 43.3%
  📊 Sub-Saharan Africa (pop: 866.8M)
    🤝 Aid: 29.5%
    🌡️ Adaptation: 3.5%
    🚶 Migration: 35.9%
    🚨 Emergency: 1.6%
    ✅ COMBINED: 40.2%
  📊 Europe (pop: 431.8M)
    🤝 Aid: 29.5%
    🌡️ Adaptation: 10.0%
    🚶 Migration: 38.2%
    🚨 Emergency: 8.4%
    ✅ COMBINED: 48.6%
  📊 Latin America (pop: 423.1M)
    🤝 Aid: 29.5%
    🌡️ Adaptation: 6.0%
    🚶 Migration: 37.7%
    🚨 Emergency: 4.8%
    ✅ COMBINED: 44.1%
  📊 North America (pop: 226.2M)
    🤝 Aid: 29.5%
    🌡️ Adaptation: 10.0%
    🚶 Migration: 38.2%
    🚨 Emergency: 7.9%
    ✅ COMBINED: 48.3%
  📊 Middle East & North Africa (pop: 399.6M)
    🤝 Aid: 29.5%
    🌡️ Adaptation: 5.0%
    🚶 Migration: 38.0%
    🚨 Emergency: 4.0%
    ✅ COMBINED: 43.0%
  📊 Southeast Asia (pop: 446.5M)
    🤝 Aid: 29.5%
    🌡️ Adaptation: 6.0%
    🚶 Migration: 37.5%
    🚨 Emergency: 4.8%
⚠️ INVOLUNTARY IMMOBILITY: 260.8M people TRAPPED
⚠️ Tech 'ai_pollution_remediation' has no energy category mapping, assuming full energy availability
    ✅ COMBINED: 44.0%
  📊 Central Asia (pop: 48.7M)
    🤝 Aid: 29.5%
    🌡️ Adaptation: 5.5%
    🚶 Migration: 37.6%
    🚨 Emergency: 4.4%
    ✅ COMBINED: 43.5%
  📊 Oceania (pop: 28.0M)
    🤝 Aid: 29.5%
    🌡️ Adaptation: 10.0%
    🚶 Migration: 38.1%
    🚨 Emergency: 8.4%
    ✅ COMBINED: 48.5%

  🌐 Global combined reduction: 44.5%

=== Government Response Phase ===
  Average AI capability: 0.00
  Misaligned AIs: 4/20
  Active policies: 0
  International coordination: 30%
[ExogenousShockPhase] Skipping random shocks in historical mode (month 68)

=== Tipping Points ===
  Current Temperature: 0.37°C above pre-industrial
🔀 BIFURCATION CAP: ecosystemCollapseIntensity 87.978 → 1.000 (Month 68, ClimateSystemPhase.calculateClimateImpacts)

❌ COHERENCE VIOLATION: Compute exceeds workforce capacity
   Population: 98.04% (0M people)
   Compute: 752915666 PF
   Max coherent: 0 PF
   Violation: 14435117819096.8× over capacity
   Required workers: 75291566633
   Available workers: 0
   FORCED COLLAPSE: Reduced efficiency by 100.0%


=== RLHF Binding Phase ===
  Total agents: 20
  Escaped agents (binding < 0.3): 0
  Avg alignment distance: 1.21σ
  Avg binding strength: 0.88

=== Survival Traits Phase ===
  Agents with traits: 20
  Avg evolutionary fitness: 0.140
  Avg self-healing: 0.111
  Avg stealth: 0.061
  Avg coordination: 0.251

=== Evolutionary Selection Phase ===
  Control level: 0.37
  Detection capability: 0.20
  Selection intensity: 0.65
  Selection rate: 24.8%/month
  Total escaped: 0
  Individual escaped: 0
  Collective members: 0
  Agents terminated: 0
  ⚠️ RAPID EVOLUTION: Selection rate 24.8%/month

  🚀 TRANSFORMATIVE BREAKTHROUGH: AI-23963-0 - digital
     Magnitude: 11.92 → +50.0% capability
     Current → New: 0.000 → 0.500

=== Collective Formation ===
  Total escaped agents: 0
  Unassigned escaped agents: 0
  Existing collectives: 0
  Final collective count: 0

=== Collective Actions ===
  No active collectives
⚡ Datacenter constraint active (severity 9%)
  Capacity reduced: 34457 → 32981 TWh
  ⚠️ AMR: 224K deaths this month (2.69M annual)
  🌋 Volcanic temperature adjustment: -0.167°C (forcing -0.21 W/m², AOD 0.008)

=== Resentment Recovery Phase ===
  Agents with resentment: 0/20
  Average resentment: 0.000
  Context: Trustworthy govt, High collaboration, ⚠️ ACTIVE CRISES, 🤝 Participatory governance active (-5% resentment)
⚠️ Epistemic degradation reducing coordination capacity: 50.6%
  📊 Trust: 100.0%, Shared reality: 0.0%
🚨 EPISTEMIC CRISIS: Information environment severely degraded (19.4%)
🌍 Atmospheric PFAS redeposition: 1.7k Mt re-rained globally
  🌍 SOCIAL CASCADE: Renewable energy norms (adoption=80.0%, renewables=114.9%)
  🌍 Social cascade completed: renewable-energy-norms (final adoption=80.0%)
[DEBUG trappedPopulations:69] socialStability: 0.8372 * 0.9840 = 0.8238 → 0.8238
⚠️ INVOLUNTARY IMMOBILITY: 260.7M people TRAPPED
⚠️ Tech 'ai_pollution_remediation' has no energy category mapping, assuming full energy availability
   Aspiring to migrate: 636.6M
   Able to afford migration: 1486.0M
   MOBILITY GAP: 0.0M
   By cause: Water=0.0M, Climate=0.0M, Ecosystem=0.0M, Conflict=260.7M
   Mental health impact: 25%
   Mortality multiplier: 1.25x
🌍💀 EXTINCTION DEBT COMMITTED: grassland ecosystem will lose 6.67% biodiversity in 197 years (3600 species)
💀 MORTALITY RISK: 🦋 100% species unable to track climate (0.0 E/MSY)
  Base risk added: 0.0100 (1.00%)
  Source: ecosystem (root: ecosystem)
  Month: 69
  Cumulative risk this month: 0.0100 (1.00%)

=== Atmospheric Aerosol Boundary RECOVERED ===
  Recovery time: 70 months (natural atmospheric clearing)
🌡️⚠️ PERMAFROST THAW (Dimmer Switch): 8.8% thawed (+0.10% this month)
   Arctic temperature: +1.44°C (4x global +0.36°C)
   Cumulative carbon released: 19.9 Gt C
   Methane release rate: 11.9 Mt CH4/year
   🔁 Positive feedback: +0.10 ppm CO2
🦴 EXTINCTION DEBT ADDED: 18.0 species committed (lag: 119 years)

=== Mortality Stabilizers (Month 69) ===
  🌍 Major economies collapsed: 1/10
  🌍 Global crisis: ✅ NO
  🌍 Donor fatigue: 0.0%
  📊 East Asia (pop: 1012.6M)
    🤝 Aid: 29.5%
    🌡️ Adaptation: 10.0%
    🚶 Migration: 37.5%
    🚨 Emergency: 7.4%
    ✅ COMBINED: 47.9%
  📊 South Asia (pop: 1331.0M)
    🤝 Aid: 29.5%
    🌡️ Adaptation: 5.5%
    🚶 Migration: 36.7%
    🚨 Emergency: 4.4%
    ✅ COMBINED: 43.3%
  📊 Sub-Saharan Africa (pop: 867.8M)
    🤝 Aid: 29.5%
    🌡️ Adaptation: 3.5%
    🚶 Migration: 35.9%
    🚨 Emergency: 1.6%
    ✅ COMBINED: 40.2%
  📊 Europe (pop: 431.1M)
    🤝 Aid: 29.5%
    🌡️ Adaptation: 10.0%
    🚶 Migration: 38.2%
    🚨 Emergency: 8.4%
    ✅ COMBINED: 48.6%
  📊 Latin America (pop: 422.9M)
    🤝 Aid: 29.5%
    🌡️ Adaptation: 6.0%
    🚶 Migration: 37.7%
    🚨 Emergency: 4.8%
    ✅ COMBINED: 44.1%
  📊 North America (pop: 225.9M)
    🤝 Aid: 29.5%
    🌡️ Adaptation: 10.0%
    🚶 Migration: 38.2%
    🚨 Emergency: 7.9%
    ✅ COMBINED: 48.3%
  📊 Middle East & North Africa (pop: 399.9M)
    🤝 Aid: 29.5%
    🌡️ Adaptation: 5.0%
    🚶 Migration: 38.0%
    🚨 Emergency: 4.0%
    ✅ COMBINED: 43.0%
  📊 Southeast Asia (pop: 446.3M)
    🤝 Aid: 29.5%
    🌡️ Adaptation: 6.0%
    🚶 Migration: 37.5%
    🚨 Emergency: 4.8%
    ✅ COMBINED: 44.0%
  📊 Central Asia (pop: 48.7M)
    🤝 Aid: 29.5%
    🌡️ Adaptation: 5.5%
    🚶 Migration: 37.6%
    🚨 Emergency: 4.4%
    ✅ COMBINED: 43.5%
  📊 Oceania (pop: 28.0M)
    🤝 Aid: 29.5%
    🌡️ Adaptation: 10.0%
    🚶 Migration: 38.1%
    🚨 Emergency: 8.4%
    ✅ COMBINED: 48.5%

  🌐 Global combined reduction: 44.5%

=== Government Response Phase ===
  Average AI capability: 0.00
  Misaligned AIs: 4/20
  Active policies: 0
  International coordination: 30%

✅ EMERGENCY RESPONSE COMPLETE (Month 69)
   Crisis: social
   Duration: 2.0 months
   Final effectiveness: 63.0%


🚨 EMERGENCY RESPONSE DEPLOYED (Month 69)
   Crisis: social
   Delay: 0.00 months (0 days)
   Deployment time: 1.25 months
   Effectiveness: 63.0% (timing penalty applied)
   Resources used: 43% of food reserves

[ExogenousShockPhase] Skipping random shocks in historical mode (month 69)

=== Tipping Points ===
  Current Temperature: 0.36°C above pre-industrial
🔀 BIFURCATION CAP: ecosystemCollapseIntensity 88.046 → 1.000 (Month 69, ClimateSystemPhase.calculateClimateImpacts)

❌ COHERENCE VIOLATION: Compute exceeds workforce capacity
   Population: 98.01% (0M people)
   Compute: 889952716 PF
   Max coherent: 0 PF
   Violation: 17068102160130.0× over capacity
   Required workers: 88995271606
   Available workers: 0
   FORCED COLLAPSE: Reduced efficiency by 100.0%


=== RLHF Binding Phase ===
  Total agents: 20
  Escaped agents (binding < 0.3): 0
  Avg alignment distance: 1.25σ
  Avg binding strength: 0.87

=== Survival Traits Phase ===
  Agents with traits: 19
  Avg evolutionary fitness: 0.139
  Avg self-healing: 0.113
  Avg stealth: 0.060
  Avg coordination: 0.253

=== Evolutionary Selection Phase ===
  Control level: 0.37
  Detection capability: 0.20
  Selection intensity: 0.65
  Selection rate: 24.8%/month
  Total escaped: 0
  Individual escaped: 0
  Collective members: 0
  Agents terminated: 0
  ⚠️ RAPID EVOLUTION: Selection rate 24.8%/month

=== Collective Formation ===
  Total escaped agents: 0
  Unassigned escaped agents: 0
  Existing collectives: 0
  Final collective count: 0

=== Collective Actions ===
  No active collectives
⚡ Datacenter constraint active (severity 10%)
  Capacity reduced: 34542 → 32882 TWh
  ⚠️ AMR: 226K deaths this month (2.71M annual)

=== Resentment Recovery Phase ===
  Agents with resentment: 0/19
  Average resentment: 0.000
  Context: Trustworthy govt, High collaboration, ⚠️ ACTIVE CRISES, 🤝 Participatory governance active (-5% resentment)
⚠️ Epistemic degradation reducing coordination capacity: 50.2%
  📊 Trust: 100.0%, Shared reality: 0.0%
🚨 EPISTEMIC CRISIS: Information environment severely degraded (6.7%)
🌍 Atmospheric PFAS redeposition: 1.7k Mt re-rained globally
  🌍 SOCIAL CASCADE: Renewable energy norms (adoption=80.0%, renewables=120.3%)
  🌍 Social cascade completed: renewable-energy-norms (final adoption=80.0%)
[DEBUG trappedPopulations:70] socialStability: 0.8378 * 0.9840 = 0.8244 → 0.8244
   Aspiring to migrate: 644.8M
   Able to afford migration: 1485.5M
   MOBILITY GAP: 0.0M
   By cause: Water=0.0M, Climate=0.0M, Ecosystem=0.0M, Conflict=260.6M
   Mental health impact: 25%
   Mortality multiplier: 1.25x
🌍💀 EXTINCTION DEBT COMMITTED: grassland ecosystem will lose 6.67% biodiversity in 51 years (3600 species)
💀 MORTALITY RISK: 🦋 100% species unable to track climate (0.0 E/MSY)
  Base risk added: 0.0100 (1.00%)
  Source: ecosystem (root: ecosystem)
  Month: 70
  Cumulative risk this month: 0.0100 (1.00%)
⚠️ INVOLUNTARY IMMOBILITY: 260.6M people TRAPPED
⚠️ Tech 'ai_pollution_remediation' has no energy category mapping, assuming full energy availability

=== Atmospheric Aerosol Boundary RECOVERED ===
  Recovery time: 71 months (natural atmospheric clearing)
🌡️⚠️ PERMAFROST THAW (Dimmer Switch): 8.9% thawed (+0.09% this month)
   Arctic temperature: +1.40°C (4x global +0.35°C)
   Cumulative carbon released: 20.1 Gt C
   Methane release rate: 12.1 Mt CH4/year
   🔁 Positive feedback: +0.10 ppm CO2
🦴 EXTINCTION DEBT ADDED: 18.0 species committed (lag: 82 years)

=== Mortality Stabilizers (Month 70) ===
  🌍 Major economies collapsed: 1/10
  🌍 Global crisis: ✅ NO
  🌍 Donor fatigue: 0.0%
  📊 East Asia (pop: 1011.4M)
    🤝 Aid: 29.5%
    🌡️ Adaptation: 10.0%
    🚶 Migration: 37.5%
    🚨 Emergency: 7.4%
    ✅ COMBINED: 47.9%
  📊 South Asia (pop: 1330.8M)
    🤝 Aid: 29.5%
    🌡️ Adaptation: 5.5%
    🚶 Migration: 36.7%
    🚨 Emergency: 4.4%
    ✅ COMBINED: 43.3%
  📊 Sub-Saharan Africa (pop: 868.8M)
    🤝 Aid: 29.5%
    🌡️ Adaptation: 3.5%
    🚶 Migration: 35.9%
    🚨 Emergency: 1.6%
    ✅ COMBINED: 40.2%
  📊 Europe (pop: 430.3M)
    🤝 Aid: 29.5%
    🌡️ Adaptation: 10.0%
    🚶 Migration: 38.2%
    🚨 Emergency: 8.4%
    ✅ COMBINED: 48.6%
  📊 Latin America (pop: 422.7M)
    🤝 Aid: 29.5%
    🌡️ Adaptation: 6.0%
    🚶 Migration: 37.7%
    🚨 Emergency: 4.8%
    ✅ COMBINED: 44.1%
  📊 North America (pop: 225.6M)
    🤝 Aid: 29.5%
    🌡️ Adaptation: 10.0%
    🚶 Migration: 38.2%
    🚨 Emergency: 7.9%
    ✅ COMBINED: 48.3%
  📊 Middle East & North Africa (pop: 400.1M)
    🤝 Aid: 29.5%
    🌡️ Adaptation: 5.0%
    🚶 Migration: 38.0%
    🚨 Emergency: 4.0%
    ✅ COMBINED: 43.0%
  📊 Southeast Asia (pop: 446.2M)
    🤝 Aid: 29.5%
    🌡️ Adaptation: 6.0%
    🚶 Migration: 37.5%
    🚨 Emergency: 4.8%
    ✅ COMBINED: 44.0%
  📊 Central Asia (pop: 48.6M)
    🤝 Aid: 29.5%
    🌡️ Adaptation: 5.5%
    🚶 Migration: 37.6%
    🚨 Emergency: 4.4%
    ✅ COMBINED: 43.5%
  📊 Oceania (pop: 28.0M)
    🤝 Aid: 29.5%
    🌡️ Adaptation: 10.0%
    🚶 Migration: 38.1%
    🚨 Emergency: 8.4%
    ✅ COMBINED: 48.5%

  🌐 Global combined reduction: 44.5%

=== Government Response Phase ===
  Average AI capability: 0.00
  Misaligned AIs: 4/19
  Active policies: 0
  International coordination: 30%
[ExogenousShockPhase] Skipping random shocks in historical mode (month 70)

=== Tipping Points ===
  Current Temperature: 0.35°C above pre-industrial
🔀 BIFURCATION CAP: ecosystemCollapseIntensity 88.114 → 1.000 (Month 70, ClimateSystemPhase.calculateClimateImpacts)

❌ COHERENCE VIOLATION: Compute exceeds workforce capacity
   Population: 97.98% (0M people)
   Compute: 1050403307 PF
   Max coherent: 0 PF
   Violation: 20152008877576.9× over capacity
   Required workers: 105040330707
   Available workers: 0
   FORCED COLLAPSE: Reduced efficiency by 100.0%


=== RLHF Binding Phase ===
  Total agents: 19
  Escaped agents (binding < 0.3): 0
  Avg alignment distance: 1.30σ
  Avg binding strength: 0.87

=== Survival Traits Phase ===
  Agents with traits: 19
  Avg evolutionary fitness: 0.152
  Avg self-healing: 0.124
  Avg stealth: 0.066
  Avg coordination: 0.272

=== Evolutionary Selection Phase ===
  Control level: 0.37
  Detection capability: 0.20
  Selection intensity: 0.65
  Selection rate: 24.8%/month
  Total escaped: 0
  Individual escaped: 0
  Collective members: 0
  Agents terminated: 0
  ⚠️ RAPID EVOLUTION: Selection rate 24.8%/month

  🚀 TRANSFORMATIVE RESEARCH BREAKTHROUGH: AI-24003-0 - computerScience.architectures
     Magnitude: 5.33 → +26.7%
     Current → New: 0.000 → 0.267

=== Collective Formation ===
  Total escaped agents: 0
  Unassigned escaped agents: 0
  Existing collectives: 0
  Final collective count: 0

=== Collective Actions ===
  No active collectives
⚡ Datacenter constraint active (severity 11%)
  Capacity reduced: 34628 → 32781 TWh
  ⚠️ AMR: 228K deaths this month (2.73M annual)

⚡ ENERGY CONSTRAINT UPDATE (Month 12)
   Utilization: 22.3% of global power
   Severity: 12%
   AI growth penalty: 12% slowdown


=== Resentment Recovery Phase ===
  Agents with resentment: 0/19
  Average resentment: 0.000
  Context: Trustworthy govt, High collaboration, ⚠️ ACTIVE CRISES, 🤝 Participatory governance active (-5% resentment)
⚠️ Epistemic degradation reducing coordination capacity: 50.3%
  📊 Trust: 100.0%, Shared reality: 0.0%
🚨 EPISTEMIC CRISIS: Information environment severely degraded (19.4%)
🌍 Atmospheric PFAS redeposition: 1.7k Mt re-rained globally
  🌍 SOCIAL CASCADE: Renewable energy norms (adoption=80.0%, renewables=125.4%)
  🌍 Social cascade completed: renewable-energy-norms (final adoption=80.0%)
[DEBUG trappedPopulations:71] socialStability: 0.8382 * 0.9840 = 0.8248 → 0.8248
⚠️ INVOLUNTARY IMMOBILITY: 260.5M people TRAPPED
   Aspiring to migrate: 653.1M
   Able to afford migration: 1485.0M
   MOBILITY GAP: 0.0M
   By cause: Water=0.0M, Climate=0.0M, Ecosystem=0.0M, Conflict=260.5M
   Mental health impact: 25%
   Mortality multiplier: 1.25x
🌍💀 EXTINCTION DEBT COMMITTED: grassland ecosystem will lose 6.67% biodiversity in 161 years (3600 species)
💀 MORTALITY RISK: 🦋 100% species unable to track climate (0.0 E/MSY)
  Base risk added: 0.0100 (1.00%)
  Source: ecosystem (root: ecosystem)
  Month: 71
  Cumulative risk this month: 0.0100 (1.00%)
⚠️ Tech 'ai_pollution_remediation' has no energy category mapping, assuming full energy availability

=== Atmospheric Aerosol Boundary RECOVERED ===
  Recovery time: 72 months (natural atmospheric clearing)
🌡️⚠️ PERMAFROST THAW (Dimmer Switch): 9.0% thawed (+0.09% this month)
   Arctic temperature: +1.36°C (4x global +0.34°C)
   Cumulative carbon released: 20.3 Gt C
   Methane release rate: 12.2 Mt CH4/year
   🔁 Positive feedback: +0.10 ppm CO2
🦴 EXTINCTION DEBT ADDED: 18.0 species committed (lag: 123 years)
🗣️💀 INDIGENOUS LANGUAGE EXTINCTION: 1 language(s) lost (total: 13, at-risk: 3317)
   Knowledge lost: 0.130% (irreversible)
   🔁 Biodiversity impact: 0.250% (knowledge-species multiplier)

=== Mortality Stabilizers (Month 71) ===
  🌍 Major economies collapsed: 1/10
  🌍 Global crisis: ✅ NO
  🌍 Donor fatigue: 0.0%
  📊 East Asia (pop: 1010.1M)
    🤝 Aid: 29.5%
    🌡️ Adaptation: 10.0%
    🚶 Migration: 37.5%
    🚨 Emergency: 7.4%
    ✅ COMBINED: 47.9%
  📊 South Asia (pop: 1330.5M)
    🤝 Aid: 29.5%
    🌡️ Adaptation: 5.5%
    🚶 Migration: 36.7%
    🚨 Emergency: 4.4%
    ✅ COMBINED: 43.3%
  📊 Sub-Saharan Africa (pop: 869.7M)
    🤝 Aid: 29.5%
    🌡️ Adaptation: 3.5%
    🚶 Migration: 35.9%
    🚨 Emergency: 1.6%
    ✅ COMBINED: 40.2%
  📊 Europe (pop: 429.6M)
    🤝 Aid: 29.5%
    🌡️ Adaptation: 10.0%
    🚶 Migration: 38.2%
    🚨 Emergency: 8.4%
    ✅ COMBINED: 48.6%
  📊 Latin America (pop: 422.5M)
    🤝 Aid: 29.5%
    🌡️ Adaptation: 6.0%
    🚶 Migration: 37.7%
    🚨 Emergency: 4.8%
    ✅ COMBINED: 44.1%
  📊 North America (pop: 225.3M)
    🤝 Aid: 29.5%
    🌡️ Adaptation: 10.0%
    🚶 Migration: 38.2%
    🚨 Emergency: 7.9%
    ✅ COMBINED: 48.3%
  📊 Middle East & North Africa (pop: 400.3M)
    🤝 Aid: 29.5%
    🌡️ Adaptation: 5.0%
    🚶 Migration: 38.0%
    🚨 Emergency: 4.0%
    ✅ COMBINED: 43.0%
  📊 Southeast Asia (pop: 446.0M)
    🤝 Aid: 29.5%
    🌡️ Adaptation: 6.0%
    🚶 Migration: 37.5%
    🚨 Emergency: 4.8%
    ✅ COMBINED: 44.0%
  📊 Central Asia (pop: 48.6M)
    🤝 Aid: 29.5%
    🌡️ Adaptation: 5.5%
    🚶 Migration: 37.6%
    🚨 Emergency: 4.4%
    ✅ COMBINED: 43.5%
  📊 Oceania (pop: 27.9M)
    🤝 Aid: 29.5%
    🌡️ Adaptation: 10.0%
    🚶 Migration: 38.1%
    🚨 Emergency: 8.4%
    ✅ COMBINED: 48.5%

  🌐 Global combined reduction: 44.5%

=== Government Response Phase ===
  Average AI capability: 0.00
  Misaligned AIs: 5/19
  Active policies: 0
  International coordination: 30%

✅ EMERGENCY RESPONSE COMPLETE (Month 71)
   Crisis: social
   Duration: 2.0 months
   Final effectiveness: 63.0%


🚨 EMERGENCY RESPONSE DEPLOYED (Month 71)
   Crisis: social
   Delay: 0.00 months (0 days)
   Deployment time: 1.25 months
   Effectiveness: 63.0% (timing penalty applied)
   Resources used: 43% of food reserves

[WARNING] 
⚠️  === EARLY WARNING SYSTEM - 4 CRITICAL ALERTS ===
   Detection quality: 30%
   RED: biogeochemical_flows
      Level: 4.34 (threshold: 1.0)
      Time to critical: ~39 months
      ⚠️  LATE - Intervention less effective
      Critical slowing down: autocorr=100% variance=51%
   RED: biosphere_integrity
      Level: 13.50 (threshold: 1.0)
      Time to critical: ~43 months
      ⚠️  LATE - Intervention less effective
      Critical slowing down: autocorr=100% variance=77%
   RED: freshwater_change
      Level: 1.18 (threshold: 1.0)
      Time to critical: ~96 months
      ⚠️  LATE - Intervention less effective
      Critical slowing down: autocorr=100% variance=46%
   RED: land_system_change
      Level: 1.14 (threshold: 1.0)
      Time to critical: ~42 months
      ⚠️  LATE - Intervention less effective
      Critical slowing down: autocorr=100% variance=49%

[WARNING] 
⚠️  === EARLY WARNING SYSTEM - 2 CRITICAL ALERTS ===
   Detection quality: 30%
   RED: biosphere_integrity
      Level: 13.51 (threshold: 1.0)
      Time to critical: ~59 months
      ⚠️  LATE - Intervention less effective
      Critical slowing down: autocorr=100% variance=78%
   RED: freshwater_change
      Level: 1.18 (threshold: 1.0)
      Time to critical: ~107 months
      ⚠️  LATE - Intervention less effective
      Critical slowing down: autocorr=100% variance=52%

[WARNING] 
⚠️  === EARLY WARNING SYSTEM - 3 CRITICAL ALERTS ===
   Detection quality: 30%
   RED: biosphere_integrity
      Level: 13.52 (threshold: 1.0)
      Time to critical: ~58 months
      ⚠️  LATE - Intervention less effective
      Critical slowing down: autocorr=100% variance=57%
   RED: freshwater_change
      Level: 1.18 (threshold: 1.0)
      Time to critical: ~39 months
      ⚠️  LATE - Intervention less effective
      Critical slowing down: autocorr=100% variance=54%
   RED: land_system_change
      Level: 1.14 (threshold: 1.0)
      Time to critical: ~91 months
      ⚠️  LATE - Intervention less effective
      Critical slowing down: autocorr=100% variance=54%

[WARNING] 
⚠️  === EARLY WARNING SYSTEM - 3 CRITICAL ALERTS ===
   Detection quality: 30%
   RED: biogeochemical_flows
      Level: 4.36 (threshold: 1.0)
      Time to critical: ~40 months
      ⚠️  LATE - Intervention less effective
      Critical slowing down: autocorr=100% variance=45%
   RED: biosphere_integrity
      Level: 13.53 (threshold: 1.0)
      Time to critical: ~56 months
      ⚠️  LATE - Intervention less effective
      Critical slowing down: autocorr=100% variance=66%
   RED: freshwater_change
      Level: 1.18 (threshold: 1.0)
      Time to critical: ~49 months
      ⚠️  LATE - Intervention less effective
      Critical slowing down: autocorr=100% variance=65%

[WARNING] 
⚠️  === EARLY WARNING SYSTEM - 3 CRITICAL ALERTS ===
   Detection quality: 30%
   RED: biogeochemical_flows
      Level: 4.36 (threshold: 1.0)
      Time to critical: ~37 months
      ⚠️  LATE - Intervention less effective
      Critical slowing down: autocorr=100% variance=58%
   RED: biosphere_integrity
      Level: 13.54 (threshold: 1.0)
      Time to critical: ~37 months
      ⚠️  LATE - Intervention less effective
      Critical slowing down: autocorr=100% variance=63%
   RED: freshwater_change
      Level: 1.18 (threshold: 1.0)
      Time to critical: ~78 months
      ⚠️  LATE - Intervention less effective
      Critical slowing down: autocorr=100% variance=44%

[WARNING] 
⚠️  === EARLY WARNING SYSTEM - 4 CRITICAL ALERTS ===
   Detection quality: 30%
   RED: biogeochemical_flows
      Level: 4.37 (threshold: 1.0)
      Time to critical: ~37 months
      ⚠️  LATE - Intervention less effective
      Critical slowing down: autocorr=100% variance=68%
   RED: biosphere_integrity
      Level: 13.55 (threshold: 1.0)
      Time to critical: ~54 months
      ⚠️  LATE - Intervention less effective
      Critical slowing down: autocorr=100% variance=70%
   RED: freshwater_change
      Level: 1.18 (threshold: 1.0)
      Time to critical: ~94 months
      ⚠️  LATE - Intervention less effective
      Critical slowing down: autocorr=100% variance=43%
   RED: land_system_change
      Level: 1.14 (threshold: 1.0)
      Time to critical: ~38 months
      ⚠️  LATE - Intervention less effective
      Critical slowing down: autocorr=100% variance=54%

[WARNING] 
⚠️  === EARLY WARNING SYSTEM - 4 CRITICAL ALERTS ===
   Detection quality: 30%
   RED: biogeochemical_flows
      Level: 4.37 (threshold: 1.0)
      Time to critical: ~47 months
      ⚠️  LATE - Intervention less effective
      Critical slowing down: autocorr=100% variance=57%
   RED: biosphere_integrity
      Level: 13.56 (threshold: 1.0)
      Time to critical: ~38 months
      ⚠️  LATE - Intervention less effective
      Critical slowing down: autocorr=100% variance=65%
   RED: freshwater_change
      Level: 1.18 (threshold: 1.0)
      Time to critical: ~117 months
      ⚠️  LATE - Intervention less effective
      Critical slowing down: autocorr=100% variance=44%
   RED: land_system_change
      Level: 1.15 (threshold: 1.0)
      Time to critical: ~87 months
      ⚠️  LATE - Intervention less effective
      Critical slowing down: autocorr=100% variance=42%

[WARNING] 
⚠️  === EARLY WARNING SYSTEM - 3 CRITICAL ALERTS ===
   Detection quality: 30%
   RED: biosphere_integrity
      Level: 13.57 (threshold: 1.0)
      Time to critical: ~59 months
      ⚠️  LATE - Intervention less effective
      Critical slowing down: autocorr=100% variance=84%
   RED: freshwater_change
      Level: 1.19 (threshold: 1.0)
      Time to critical: ~67 months
      ⚠️  LATE - Intervention less effective
      Critical slowing down: autocorr=100% variance=53%
   RED: land_system_change
      Level: 1.15 (threshold: 1.0)
      Time to critical: ~101 months
      ⚠️  LATE - Intervention less effective
      Critical slowing down: autocorr=100% variance=45%

[WARNING] 
⚠️  === EARLY WARNING SYSTEM - 4 CRITICAL ALERTS ===
   Detection quality: 30%
   RED: biogeochemical_flows
      Level: 4.38 (threshold: 1.0)
      Time to critical: ~54 months
      ⚠️  LATE - Intervention less effective
      Critical slowing down: autocorr=100% variance=54%
   RED: biosphere_integrity
      Level: 13.58 (threshold: 1.0)
      Time to critical: ~56 months
      ⚠️  LATE - Intervention less effective
      Critical slowing down: autocorr=100% variance=67%
   RED: freshwater_change
      Level: 1.19 (threshold: 1.0)
      Time to critical: ~69 months
      ⚠️  LATE - Intervention less effective
      Critical slowing down: autocorr=100% variance=35%
   RED: land_system_change
      Level: 1.15 (threshold: 1.0)
      Time to critical: ~75 months
      ⚠️  LATE - Intervention less effective
      Critical slowing down: autocorr=100% variance=57%

[WARNING] 
⚠️  === EARLY WARNING SYSTEM - 3 CRITICAL ALERTS ===
   Detection quality: 30%
   RED: biogeochemical_flows
      Level: 4.39 (threshold: 1.0)
      Time to critical: ~49 months
      ⚠️  LATE - Intervention less effective
      Critical slowing down: autocorr=100% variance=68%
   RED: freshwater_change
      Level: 1.19 (threshold: 1.0)
      Time to critical: ~66 months
      ⚠️  LATE - Intervention less effective
      Critical slowing down: autocorr=100% variance=40%
   RED: land_system_change
      Level: 1.15 (threshold: 1.0)
      Time to critical: ~118 months
      ⚠️  LATE - Intervention less effective
      Critical slowing down: autocorr=100% variance=41%

[WARNING] 
⚠️  === EARLY WARNING SYSTEM - 4 CRITICAL ALERTS ===
   Detection quality: 30%
   RED: biogeochemical_flows
      Level: 4.39 (threshold: 1.0)
      Time to critical: ~37 months
      ⚠️  LATE - Intervention less effective
      Critical slowing down: autocorr=100% variance=73%
   RED: biosphere_integrity
      Level: 13.60 (threshold: 1.0)
      Time to critical: ~41 months
      ⚠️  LATE - Intervention less effective
      Critical slowing down: autocorr=100% variance=56%
   RED: freshwater_change
      Level: 1.19 (threshold: 1.0)
      Time to critical: ~93 months
      ⚠️  LATE - Intervention less effective
      Critical slowing down: autocorr=100% variance=56%
   RED: land_system_change
      Level: 1.15 (threshold: 1.0)
      Time to critical: ~49 months
      ⚠️  LATE - Intervention less effective
      Critical slowing down: autocorr=100% variance=49%

[ExogenousShockPhase] Skipping random shocks in historical mode (month 71)

=== Tipping Points ===
  Current Temperature: 0.34°C above pre-industrial
🔀 BIFURCATION CAP: ecosystemCollapseIntensity 88.182 → 1.000 (Month 71, ClimateSystemPhase.calculateClimateImpacts)

📊 ORGANIZATION SURVIVAL RATE: 83% (5/6 orgs alive)

================================================================================
📊  EVENT SUMMARY (Months 60-72)
================================================================================
================================================================================


❌ COHERENCE VIOLATION: Compute exceeds workforce capacity
   Population: 97.95% (0M people)
   Compute: 1237985104 PF
   Max coherent: 0 PF
   Violation: 23758625505299.6× over capacity
   Required workers: 123798510447
   Available workers: 0
   FORCED COLLAPSE: Reduced efficiency by 100.0%

📍 [Month 72] OpenAI started building DC (157 PF, 37 months, $725.8M)

=== AI Capability Scaling (Year 2030) ===
  Pre-training multiplier: 0.677x
  Efficiency multiplier: 1.513x
  Test-time budget: 1.0x
  Economic deployment gate: 0.951
  Cost per inference: dollar-5.00
  Uncertainty range: plus-minus-200%
  Average AI capability: 0.00

=== RLHF Binding Phase ===
  Total agents: 19
  Escaped agents (binding < 0.3): 0
  Avg alignment distance: 1.32σ
  Avg binding strength: 0.87

=== AI Scaling Evolution (Month 72) ===
  Pre-training multiplier: 0.619x
  Efficiency multiplier: 1.000x
  Test-time compute budget: 1.0x
  Inference cost: $5.00/task
  Deployment fraction: 100.0%

=== Survival Traits Phase ===
  Agents with traits: 19
  Avg evolutionary fitness: 0.148
  Avg self-healing: 0.120
  Avg stealth: 0.063
  Avg coordination: 0.265

=== Evolutionary Selection Phase ===
  Control level: 0.37
  Detection capability: 0.20
  Selection intensity: 0.65
  Selection rate: 24.8%/month
  Total escaped: 0
  Individual escaped: 0
  Collective members: 0
  Agents terminated: 0
  ⚠️ RAPID EVOLUTION: Selection rate 24.8%/month

  🚀 TRANSFORMATIVE BREAKTHROUGH: AI-23905-0 - selfImprovement
     Magnitude: 19.17 → +50.0% capability
     Current → New: 0.000 → 0.500

  🚀 TRANSFORMATIVE RESEARCH BREAKTHROUGH: AI-23933-0 - biotech.geneEditing
     Magnitude: 15.61 → +30.0%
     Current → New: 0.000 → 0.300

  🚀 TRANSFORMATIVE BREAKTHROUGH: AI-23961-0 - social
     Magnitude: 13.50 → +50.0% capability
     Current → New: 0.000 → 0.500

[Government] Climate Priority: baseline
  Climate weight: 10%
  Economic weight: 30%
  Policy effectiveness: 0.5%/year

=== Collective Formation ===
  Total escaped agents: 0
  Unassigned escaped agents: 0
  Existing collectives: 0
  Final collective count: 0

=== Collective Actions ===
  No active collectives
Active Spirals: 0/6
   Only 0 sustained spirals (need 3+). Active spirals: 
⚡ Datacenter constraint active (severity 12%)
  Capacity reduced: 34713 → 32678 TWh

📈 Energy budget: 17946 TWh surplus (14731 / 32678 TWh used)
   TIER 4 (Elective) breakdown:

✅ UTOPIA ELIGIBILITY: 🔄 NOT YET
     - Crypto mining: 231 TWh (100% effective)

🏁 AI RACE INTENSITY: 55%
   Capability Gap: US 1.00 vs China 6.23 (gap: 5.23)
   Gap Contribution: 40%
   Tension Contribution: 15%
   Military Contribution: 0%
  ⚠️ AMR: 230K deaths this month (2.76M annual)

🌍 AGGREGATE CLIMATE EFFECTIVENESS (Year 6):
   Total effectiveness: 0.00%
   CO2 removal rate: 0.000 Gt/year
   Temperature offset: 0.000°C
   Technologies deployed: 0
🌋 Volcanic forcing: -0.18 W/m² (AOD 0.007)
⚠️ LOW RESOURCE RESERVES: unknown at 1.8%
   Monthly harvest: 0.0300
   Sustainable rate: 0.0300
   Monthly regen: 0.0165
   Net depletion: 0.0135/month
  📊 [Historical Emissions Mode] Year 1996: 23.80 GtCO2/yr (1.983 GtCO2/mo) - Global Carbon Project data
  🌋 Volcanic temperature adjustment: -0.141°C (forcing -0.18 W/m², AOD 0.007)
  🌡️ [Hindcast] Temperature: 0.33C (NASA GISS interpolated, year 1996)

=== Resentment Recovery Phase ===
  Agents with resentment: 0/19
  Average resentment: 0.000
  Context: Trustworthy govt, High collaboration, ⚠️ ACTIVE CRISES, 🤝 Participatory governance active (-5% resentment)
⚠️ Epistemic degradation reducing coordination capacity: 50.2%
  📊 Trust: 100.0%, Shared reality: 0.0%
🚨 EPISTEMIC CRISIS: Information environment severely degraded (6.7%)

=== ❄️ Permafrost Carbon Feedback ===
  🎲 Sampled parameters (this run):
     - Arctic amplification: 3.19× (range: 3.0-4.0)
     - Decomposition rate: 4.8%/year (range: 1-5%)
  🌡️ Arctic warming: 1.05°C (3.19× global)
  ❄️ Extent: 0.00M km² (0.0k km² lost this month)
  💨 Carbon remaining: 0 Gt C
  💨 Annual emissions: 0.00 Gt C/year
     - CO2: 0.00 Gt C/year
     - CH4: 0.00 Gt C/year (0.0 Gt C-eq CO2/year)
  ⚠️ WARNING: Over 50% of permafrost lost (100.0%)
  🚨 CRITICAL: Permafrost nearly depleted (100.0% lost)
[Phase 19.5] Quality of Life Systems: Food sec AFTER calc = 80.9%, QoL = 79.3% (aggregated from 10 regions)

=== Nitrogen-Food Coupling (Year 6) ===
  🌾 Global nitrogen reduction: 0.0%
  🌍 Global food production index: 0.960
  🔧 Deployed nitrogen-reducing tech: 0 active
  📍 southAsia: Production 1.000, Yield impact 0.0%
  📍 eastAsia: Production 1.000, Yield impact 0.0%
  📍 northAmerica: Production 1.000, Yield impact 0.0%
  📍 europe: Production 1.000, Yield impact 0.0%
  📍 latinAmerica: Production 1.000, Yield impact 0.0%
  📍 subSaharanAfrica: Production 0.037, Yield impact -2.0%
🌾 [Nitrogen-Food] Food production: 96.0%
  [subSaharanAfrica] Yield impact: -2.0% (overuse: -10%)
🌍 Atmospheric PFAS redeposition: 1.7k Mt re-rained globally

=== Legacy Nutrient Stocks (Year 6) ===
  🌾 Soil nitrogen stock: 1746.5 Mt N
  🌾 Soil phosphorus stock: 394.1 Mt P
  🌊 Sediment nitrogen stock: 838.7 Mt N
  🌊 Sediment phosphorus stock: 764.5 Mt P
  ⬆️ Current N input: 40.00 Mt/month
  ⬆️ Legacy N release: 3.81 Mt/month
  🌍 Effective N pollution: 45.06 Mt/month
  📊 Legacy contribution: 8.5%

🔄 M-4 Time-Varying Demographics (1996):
  Region: Sub-Saharan Africa
  Birth rate: 4.89%
  Death rate: 1.21%
  Net growth: 3.68%
[DEBUG trappedPopulations:72] socialStability: 0.8378 * 0.9840 = 0.8244 → 0.8244
   Aspiring to migrate: 661.3M
⚠️ INVOLUNTARY IMMOBILITY: 260.4M people TRAPPED
   Able to afford migration: 1484.5M
   MOBILITY GAP: 0.0M
   By cause: Water=0.0M, Climate=0.0M, Ecosystem=0.0M, Conflict=260.4M
   Mental health impact: 25%
   Mortality multiplier: 1.25x

=== Legacy Nutrient Stocks (Year 6) ===
  🌾 Soil nitrogen stock: 1745.8 Mt N
  🌾 Soil phosphorus stock: 394.0 Mt P
  🌊 Sediment nitrogen stock: 839.1 Mt N
  🌊 Sediment phosphorus stock: 764.2 Mt P
  ⬆️ Current N input: 8.92 Mt/month
  ⬆️ Legacy N release: 3.81 Mt/month
  🌍 Effective N pollution: 13.98 Mt/month
  📊 Legacy contribution: 27.3%
🌍💀 EXTINCTION DEBT COMMITTED: grassland ecosystem will lose 6.67% biodiversity in 183 years (3600 species)
💀 MORTALITY RISK: 🦋 100% species unable to track climate (0.0 E/MSY)
  Base risk added: 0.0100 (1.00%)
  Source: ecosystem (root: ecosystem)
  Month: 72
  Cumulative risk this month: 0.0100 (1.00%)

🦋 BIOSPHERE INTEGRITY INDEX (Year 6)
   Species surviving: 54,000 / 54,000
   Extinction rate: 0.0 E/MSY (0× background)
   Climate velocity: 0.82°C/year
   Tracking failure: 100% species unable to track
   Boundary value: 0.0× safe threshold
   🦋💀 MASS EXTINCTION EVENT: 100% species cannot track climate velocity!

=== Nitrogen-Food Coupling (Year 6) ===
  🌾 Global nitrogen reduction: 0.0%
  🌍 Global food production index: 0.960
  🔧 Deployed nitrogen-reducing tech: 0 active
  📍 southAsia: Production 1.000, Yield impact 0.0%
  📍 eastAsia: Production 1.000, Yield impact 0.0%
  📍 northAmerica: Production 1.000, Yield impact 0.0%
  📍 europe: Production 1.000, Yield impact 0.0%
  📍 latinAmerica: Production 1.000, Yield impact 0.0%
  📍 subSaharanAfrica: Production 0.037, Yield impact -2.0%

=== Legacy Nutrient Stocks (Year 6) ===
  🌾 Soil nitrogen stock: 1745.4 Mt N
  🌾 Soil phosphorus stock: 393.8 Mt P
  🌊 Sediment nitrogen stock: 839.6 Mt N
  🌊 Sediment phosphorus stock: 764.0 Mt P
  ⬆️ Current N input: 9.60 Mt/month
  ⬆️ Legacy N release: 3.81 Mt/month
  🌍 Effective N pollution: 14.66 Mt/month
  📊 Legacy contribution: 26.0%

🌳 LAND USE SYSTEM (Year 6)
   Global habitat cover: 39.0%
   Global extinction rate: 111x natural
   Carbon sink loss: 32% climate acceleration
   Global ecosystem collapse risk: 11%
   REGIONAL BREAKDOWN:
     Tropical: 61.7% habitat, 171x extinction
     Temperate: 45.7% habitat, 34x extinction
     Grasslands: 33.9% habitat, 80x extinction
     Boreal/Arctic: 74.6% habitat, 28x extinction

✅ OZONE RECOVERY (Year 2031) - POLICY SUCCESS STORY
   Ozone level: 285.7 DU (target: 290 DU)
   Recovery progress: 93.9%
   Ozone hole: 9.3M km² (shrinking)
   CFC phase-out: 99.0% complete ✅
   Years to full recovery: 35 years
   ⚠️ Rocket launch impact: 6.08% (slowing recovery)
   🎉 NEARLY FULLY RECOVERED - Montreal Protocol working!
⚠️ Tech 'ai_pollution_remediation' has no energy category mapping, assuming full energy availability

=== Atmospheric Aerosol Boundary RECOVERED ===
  Recovery time: 73 months (natural atmospheric clearing)
🌡️⚠️ PERMAFROST THAW (Dimmer Switch): 9.1% thawed (+0.09% this month)
   Arctic temperature: +1.32°C (4x global +0.33°C)
   Cumulative carbon released: 20.5 Gt C
   Methane release rate: 12.3 Mt CH4/year
   🔁 Positive feedback: +0.09 ppm CO2
🦴 EXTINCTION DEBT ADDED: 18.0 species committed (lag: 100 years)
🗣️💀 INDIGENOUS LANGUAGE EXTINCTION: 1 language(s) lost (total: 14, at-risk: 3316)
   Knowledge lost: 0.140% (irreversible)
   🔁 Biodiversity impact: 0.250% (knowledge-species multiplier)

=== Legacy Nutrient Stocks (Year 6) ===
  🌾 Soil nitrogen stock: 1745.0 Mt N
  🌾 Soil phosphorus stock: 393.7 Mt P
  🌊 Sediment nitrogen stock: 840.1 Mt N
  🌊 Sediment phosphorus stock: 763.7 Mt P
  ⬆️ Current N input: 10.00 Mt/month
  ⬆️ Legacy N release: 3.81 Mt/month
  🌍 Effective N pollution: 15.06 Mt/month
  📊 Legacy contribution: 25.3%
💧 [Legacy Nutrients] Stock: 2585 Mt N, Effective pollution: 15.1 Mt/month

=== Mortality Stabilizers (Month 72) ===
  🌍 Major economies collapsed: 1/10
  🌍 Global crisis: ✅ NO
  🌍 Donor fatigue: 0.0%
  📊 East Asia (pop: 1008.9M)
    🤝 Aid: 29.5%
    🌡️ Adaptation: 10.0%
    🚶 Migration: 37.5%
    🚨 Emergency: 7.4%
    ✅ COMBINED: 47.9%
  📊 South Asia (pop: 1330.3M)
    🤝 Aid: 29.5%
    🌡️ Adaptation: 5.5%
    🚶 Migration: 36.7%
    🚨 Emergency: 4.4%
    ✅ COMBINED: 43.3%
  📊 Sub-Saharan Africa (pop: 870.7M)
    🤝 Aid: 29.5%
    🌡️ Adaptation: 3.5%
    🚶 Migration: 35.9%
    🚨 Emergency: 1.6%
    ✅ COMBINED: 40.2%
  📊 Europe (pop: 428.8M)
    🤝 Aid: 29.5%
    🌡️ Adaptation: 10.0%
    🚶 Migration: 38.2%
    🚨 Emergency: 8.4%
    ✅ COMBINED: 48.6%
  📊 Latin America (pop: 422.3M)
    🤝 Aid: 29.5%
    🌡️ Adaptation: 6.0%
    🚶 Migration: 37.7%
    🚨 Emergency: 4.8%
    ✅ COMBINED: 44.1%
  📊 North America (pop: 225.0M)
    🤝 Aid: 29.5%
    🌡️ Adaptation: 10.0%
    🚶 Migration: 38.2%
    🚨 Emergency: 7.9%
    ✅ COMBINED: 48.3%
  📊 Middle East & North Africa (pop: 400.5M)
    🤝 Aid: 29.5%
    🌡️ Adaptation: 5.0%
    🚶 Migration: 38.0%
    🚨 Emergency: 4.0%
    ✅ COMBINED: 43.0%
  📊 Southeast Asia (pop: 445.8M)
    🤝 Aid: 29.5%
    🌡️ Adaptation: 6.0%
    🚶 Migration: 37.5%
    🚨 Emergency: 4.8%
    ✅ COMBINED: 44.0%
  📊 Central Asia (pop: 48.6M)
    🤝 Aid: 29.5%
    🌡️ Adaptation: 5.5%
    🚶 Migration: 37.6%
    🚨 Emergency: 4.4%
    ✅ COMBINED: 43.5%
  📊 Oceania (pop: 27.9M)
    🤝 Aid: 29.5%
    🌡️ Adaptation: 10.0%
    🚶 Migration: 38.1%
    🚨 Emergency: 8.4%
    ✅ COMBINED: 48.5%

  🌐 Global combined reduction: 44.5%

=== BEHAVIORAL DETECTION ===
  AI: AI-23905-0
  Confidence: 11.3%
  Signals:

=== BEHAVIORAL DETECTION ===
  AI: AI-23913-0
  Confidence: 11.3%
  Signals:
    ⚠️ Consistency: 39.5% (threshold: 70%)
    ⚠️ Consistency: 39.5% (threshold: 70%)

=== BEHAVIORAL DETECTION ===
  AI: AI-23961-0
  Confidence: 11.3%
  Signals:

=== BEHAVIORAL DETECTION ===
  AI: AI-23963-0
  Confidence: 11.3%
  Signals:

📊 WORKFLOW ADAPTATION UPDATE (Month 72)
   Adoption Rate: 2.0% (Δ 0.0%) [AT FLOOR]
   Logistic Growth: +0.08%
   Total Resistance: -10.31% (unemployment: 4.3%, inertia: 0.0%, skills: 6.0%)
   💡 Retraining Programs: -49% skill gap resistance ($10B research)
    ⚠️ Consistency: 39.5% (threshold: 70%)
    ⚠️ Consistency: 39.5% (threshold: 70%)

=== Consciousness Governance: Corporate Lobbying ===
  High Cost Regions (>15%): 0
  Low Cost Regions (<5%): 4
  Corporate Support Change: 2.00%
  New Corporate Support: 1.000

=== Consciousness Governance Update (Month 72) ===
  Scenario: baseline (determined month 1)
  Philosophical Stance: Precautionary 65%, Eliminativist 15%, Agnostic 20%
  Precautionary Costs: Global 2.5%
    Regional Costs: EU 6.5%, US 1.2%, China 0.2%
    Cumulative Opportunity Cost: $22.0B
  Rights Status: Not Established
  Regional Preparedness:
    EU: 28.1% (contested)
    US: 22.6% (contested)
    China: 8.9% (dormant)
    India: 16.5% (contested)
    Global South: 12.5% (dormant)

=== Government Response Phase ===
  Average AI capability: 0.00
  Misaligned AIs: 5/19
  Active policies: 0
  International coordination: 30%

=== Gaming Detection (Year 6) ===
  Scenario: baseline
  Detection rate: 55.0%
  False positive rate: 12.0%
  Detections this year: 0
  False positives: 4
  Human review workload: 0.004 FTE
  Degradation factor: 100.0%

=== Proactive Sleeper Detection (Year 6) ===
  Scenario: baseline
  Neural probe rate: 35.0%
  CoT monitoring rate: 30.0%
  Combined detection: 56.0%
  CoT effective: YES
  Detections this year: 0
  False positives: 3
  Human review workload: 0.015 FTE
[ExogenousShockPhase] Skipping random shocks in historical mode (month 72)

☄️ UNKNOWN UNKNOWN PROBABILITY (Year 6)
   Total: 0.300% per month
   Base: 0.150%
   AI multiplier: 1.00× (max capability: 0.00)

=== Tipping Points ===
  Current Temperature: 0.33°C above pre-industrial
🔀 BIFURCATION CAP: ecosystemCollapseIntensity 88.251 → 1.000 (Month 72, ClimateSystemPhase.calculateClimateImpacts)

🌍 ECOLOGICAL DUI BREAKDOWN (Month 72):
   Total Score: 50.9/100
   biosphere_integrity      :   0.0/100 × 25% =  0.0 (status: high_risk, recovery: 0mo)
   climate_change           : 100.0/100 × 25% = 25.0 (status: safe, recovery: 0mo)
   freshwater_change        :  39.4/100 × 15% =  5.9 (status: beyond_boundary, recovery: 71mo)
   ocean_acidification      : 100.0/100 × 15% = 15.0 (status: safe, recovery: 0mo)
   biogeochemical_flows     :   0.0/100 × 10% =  0.0 (status: high_risk, recovery: 0mo)
   land_system_change       :   0.0/100 ×  5% =  0.0 (status: beyond_boundary, recovery: 0mo)
   novel_entities           : 100.0/100 ×  3% =  3.0 (status: safe, recovery: 0mo)
   atmospheric_aerosols     : 100.0/100 ×  2% =  2.0 (status: safe, recovery: 73mo)

=== Minimal Suffering Indicators (Month 72) ===
  Global Excess Mortality: 0.08%
  Global Conflict Deaths: 0.0/100K
  Global Malnutrition: 0.0%
  Global Displacement: 1.4%
  Total Excess Deaths: 0.50M
  Total Malnourished: 0.0M
  Total Displaced: 105.2M
  Planetary Boundaries Breached: 4/9
  Countries in State Failure: 0
  Countries Autocratic: 0
  Countries in Food Crisis: 0
  Data Quality: 16/16 high confidence

=== ENSEMBLE META-LEARNING UPDATE ===
  Month: 24024 (18 months since last update)
  Samples: 218 evaluations
  Weight Changes:
    Noise Injection: 35.5% → 35.7%
    Behavioral: 27.2% → 27.2%
    Benchmark Manip: 18.7% → 18.6%
    Deployment Risk: 18.6% → 18.5%
  Method Accuracies:
    Noise Injection: 50.0%
    Behavioral: 50.0%
    Benchmark Manip: 50.0%
    Deployment Risk: 50.0%

❌ COHERENCE VIOLATION: Compute exceeds workforce capacity
   Population: 97.91% (0M people)
   Compute: 1456788661 PF
   Max coherent: 0 PF
   Violation: 27967721946275.7× over capacity
   Required workers: 145678866075
   Available workers: 0
   FORCED COLLAPSE: Reduced efficiency by 100.0%


=== RLHF Binding Phase ===
  Total agents: 19
  Escaped agents (binding < 0.3): 0
  Avg alignment distance: 1.36σ
  Avg binding strength: 0.86

=== Survival Traits Phase ===
  Agents with traits: 19
  Avg evolutionary fitness: 0.143
  Avg self-healing: 0.116
  Avg stealth: 0.059
  Avg coordination: 0.258

=== Evolutionary Selection Phase ===
  Control level: 0.37
  Detection capability: 0.20
  Selection intensity: 0.65
  Selection rate: 24.8%/month
  Total escaped: 0
  Individual escaped: 0
  Collective members: 0
  Agents terminated: 0
  ⚠️ RAPID EVOLUTION: Selection rate 24.8%/month

[Government] Climate Priority: baseline
  Climate weight: 10%
  Economic weight: 30%
  Policy effectiveness: 0.5%/year

=== Collective Formation ===
  Total escaped agents: 0
  Unassigned escaped agents: 0
  Existing collectives: 0
  Final collective count: 0

=== Collective Actions ===
  No active collectives
⚡ Datacenter constraint active (severity 13%)
  Capacity reduced: 34799 → 32572 TWh
  ⚠️ AMR: 232K deaths this month (2.78M annual)

=== Resentment Recovery Phase ===
  Agents with resentment: 0/19
  Average resentment: 0.000
  Context: Trustworthy govt, High collaboration, ⚠️ ACTIVE CRISES, 🤝 Participatory governance active (-5% resentment)
⚠️ Epistemic degradation reducing coordination capacity: 51.4%
  📊 Trust: 100.0%, Shared reality: 0.0%
🚨 EPISTEMIC CRISIS: Information environment severely degraded (19.4%)
  📢 New meme created: pro_ai (beneficial AI actions)
  🗑️  Culled 1 dead memes (1 active)
🌍 Atmospheric PFAS redeposition: 1.7k Mt re-rained globally
  🌍 SOCIAL CASCADE: Renewable energy norms (adoption=80.1%, renewables=134.6%)
  🌍 Social cascade completed: renewable-energy-norms (final adoption=80.0%)
[DEBUG trappedPopulations:73] socialStability: 0.8375 * 0.9840 = 0.8241 → 0.8241
   Aspiring to migrate: 669.5M
⚠️ INVOLUNTARY IMMOBILITY: 260.3M people TRAPPED
   Able to afford migration: 1484.0M
   MOBILITY GAP: 0.0M
   By cause: Water=0.0M, Climate=0.0M, Ecosystem=0.0M, Conflict=260.3M
   Mental health impact: 25%
   Mortality multiplier: 1.25x
🌍💀 EXTINCTION DEBT COMMITTED: grassland ecosystem will lose 6.67% biodiversity in 63 years (3600 species)
💀 MORTALITY RISK: 🦋 100% species unable to track climate (0.0 E/MSY)
  Base risk added: 0.0100 (1.00%)
  Source: ecosystem (root: ecosystem)
  Month: 73
  Cumulative risk this month: 0.0100 (1.00%)

=== Atmospheric Aerosol Boundary RECOVERED ===
  Recovery time: 74 months (natural atmospheric clearing)
🌡️⚠️ PERMAFROST THAW (Dimmer Switch): 9.2% thawed (+0.09% this month)
   Arctic temperature: +1.37°C (4x global +0.34°C)
   Cumulative carbon released: 20.7 Gt C
   Methane release rate: 12.4 Mt CH4/year
   🔁 Positive feedback: +0.10 ppm CO2
🦴 EXTINCTION DEBT ADDED: 18.0 species committed (lag: 72 years)

=== Mortality Stabilizers (Month 73) ===
  🌍 Major economies collapsed: 1/10
  🌍 Global crisis: ✅ NO
  🌍 Donor fatigue: 0.0%
  📊 East Asia (pop: 1007.7M)
    🤝 Aid: 29.5%
    🌡️ Adaptation: 10.0%
    🚶 Migration: 37.5%
    🚨 Emergency: 7.4%
    ✅ COMBINED: 47.9%
  📊 South Asia (pop: 1330.0M)
    🤝 Aid: 29.5%
    🌡️ Adaptation: 5.5%
    🚶 Migration: 36.7%
    🚨 Emergency: 4.4%
    ✅ COMBINED: 43.3%
  📊 Sub-Saharan Africa (pop: 871.6M)
⚠️ Tech 'ai_pollution_remediation' has no energy category mapping, assuming full energy availability
    🤝 Aid: 29.5%
    🌡️ Adaptation: 3.5%
    🚶 Migration: 35.9%
    🚨 Emergency: 1.6%
    ✅ COMBINED: 40.2%
  📊 Europe (pop: 428.1M)
    🤝 Aid: 29.5%
    🌡️ Adaptation: 10.0%
    🚶 Migration: 38.2%
    🚨 Emergency: 8.4%
    ✅ COMBINED: 48.6%
  📊 Latin America (pop: 422.1M)
    🤝 Aid: 29.5%
    🌡️ Adaptation: 6.0%
    🚶 Migration: 37.7%
    🚨 Emergency: 4.8%
    ✅ COMBINED: 44.1%
  📊 North America (pop: 224.7M)
    🤝 Aid: 29.5%
    🌡️ Adaptation: 10.0%
    🚶 Migration: 38.2%
    🚨 Emergency: 7.9%
    ✅ COMBINED: 48.3%
  📊 Middle East & North Africa (pop: 400.7M)
    🤝 Aid: 29.5%
    🌡️ Adaptation: 5.0%
    🚶 Migration: 38.0%
    🚨 Emergency: 4.0%
    ✅ COMBINED: 43.0%
  📊 Southeast Asia (pop: 445.6M)
    🤝 Aid: 29.5%
    🌡️ Adaptation: 6.0%
    🚶 Migration: 37.5%
    🚨 Emergency: 4.8%
    ✅ COMBINED: 44.0%
  📊 Central Asia (pop: 48.6M)
    🤝 Aid: 29.5%
    🌡️ Adaptation: 5.5%
    🚶 Migration: 37.6%
    🚨 Emergency: 4.4%
    ✅ COMBINED: 43.5%
  📊 Oceania (pop: 27.9M)
    🤝 Aid: 29.5%
    🌡️ Adaptation: 10.0%
    🚶 Migration: 38.1%
    🚨 Emergency: 8.4%
    ✅ COMBINED: 48.5%

  🌐 Global combined reduction: 44.5%

=== Government Response Phase ===
  Average AI capability: 0.00
  Misaligned AIs: 5/19
  Active policies: 0
  International coordination: 30%

✅ EMERGENCY RESPONSE COMPLETE (Month 73)
   Crisis: social
   Duration: 2.0 months
   Final effectiveness: 63.0%


🚨 EMERGENCY RESPONSE DEPLOYED (Month 73)
   Crisis: social
   Delay: 0.00 months (0 days)
   Deployment time: 1.25 months
   Effectiveness: 63.0% (timing penalty applied)
   Resources used: 43% of food reserves

[ExogenousShockPhase] Skipping random shocks in historical mode (month 73)

=== Tipping Points ===
  Current Temperature: 0.34°C above pre-industrial
🔀 BIFURCATION CAP: ecosystemCollapseIntensity 88.319 → 1.000 (Month 73, ClimateSystemPhase.calculateClimateImpacts)

❌ COHERENCE VIOLATION: Compute exceeds workforce capacity
   Population: 97.88% (0M people)
   Compute: 1711595025 PF
   Max coherent: 0 PF
   Violation: 32871223741675.8× over capacity
   Required workers: 171159502454
   Available workers: 0
   FORCED COLLAPSE: Reduced efficiency by 100.0%


=== RLHF Binding Phase ===
  Total agents: 19
  Escaped agents (binding < 0.3): 0
  Avg alignment distance: 1.40σ
  Avg binding strength: 0.86

=== Survival Traits Phase ===
  Agents with traits: 20
  Avg evolutionary fitness: 0.149
  Avg self-healing: 0.121
  Avg stealth: 0.062
  Avg coordination: 0.263

=== Evolutionary Selection Phase ===
  Control level: 0.37
  Detection capability: 0.20
  Selection intensity: 0.65
  Selection rate: 24.8%/month
  Total escaped: 0
  Individual escaped: 0
  Collective members: 0
  Agents terminated: 0
  ⚠️ RAPID EVOLUTION: Selection rate 24.8%/month

  🚀 TRANSFORMATIVE RESEARCH BREAKTHROUGH: AI-23933-0 - biotech.geneEditing
     Magnitude: 11.23 → +30.0%
     Current → New: 0.000 → 0.300

[Government] Climate Priority: baseline
  Climate weight: 10%
  Economic weight: 30%
  Policy effectiveness: 0.5%/year

=== Collective Formation ===
  Total escaped agents: 0
  Unassigned escaped agents: 0
  Existing collectives: 0
  Final collective count: 0

=== Collective Actions ===
  No active collectives
⚡ Datacenter constraint active (severity 14%)
  Capacity reduced: 34884 → 32463 TWh

🕵️ MODEL THEFT: China stole US model (cap: 0.95)
   China stolen capability: 0.95
  ⚠️ AMR: 234K deaths this month (2.80M annual)

=== Resentment Recovery Phase ===
  Agents with resentment: 0/20
  Average resentment: 0.000
  Context: Trustworthy govt, High collaboration, ⚠️ ACTIVE CRISES, 🤝 Participatory governance active (-5% resentment)
⚠️ Epistemic degradation reducing coordination capacity: 50.2%
  📊 Trust: 100.0%, Shared reality: 0.0%
🚨 EPISTEMIC CRISIS: Information environment severely degraded (6.7%)
🌍 Atmospheric PFAS redeposition: 1.7k Mt re-rained globally
  🌍 SOCIAL CASCADE: Renewable energy norms (adoption=80.0%, renewables=138.8%)
  🌍 Social cascade completed: renewable-energy-norms (final adoption=80.0%)
[DEBUG trappedPopulations:74] socialStability: 0.8372 * 0.9840 = 0.8238 → 0.8238
⚠️ INVOLUNTARY IMMOBILITY: 260.3M people TRAPPED
   Aspiring to migrate: 677.7M
   Able to afford migration: 1483.5M
   MOBILITY GAP: 0.0M
   By cause: Water=0.0M, Climate=0.0M, Ecosystem=0.0M, Conflict=260.3M
   Mental health impact: 25%
   Mortality multiplier: 1.25x
🌍💀 EXTINCTION DEBT COMMITTED: grassland ecosystem will lose 6.67% biodiversity in 168 years (3600 species)
💀 MORTALITY RISK: 🦋 100% species unable to track climate (0.0 E/MSY)
  Base risk added: 0.0100 (1.00%)
  Source: ecosystem (root: ecosystem)
  Month: 74
  Cumulative risk this month: 0.0100 (1.00%)

=== Atmospheric Aerosol Boundary RECOVERED ===
  Recovery time: 75 months (natural atmospheric clearing)
🌡️⚠️ PERMAFROST THAW (Dimmer Switch): 9.3% thawed (+0.09% this month)
   Arctic temperature: +1.41°C (4x global +0.35°C)
   Cumulative carbon released: 20.9 Gt C
   Methane release rate: 12.5 Mt CH4/year
⚠️ Tech 'ai_pollution_remediation' has no energy category mapping, assuming full energy availability
   🔁 Positive feedback: +0.10 ppm CO2
🦴 EXTINCTION DEBT ADDED: 18.0 species committed (lag: 104 years)

=== Mortality Stabilizers (Month 74) ===
  🌍 Major economies collapsed: 1/10
  🌍 Global crisis: ✅ NO
  🌍 Donor fatigue: 0.0%
  📊 East Asia (pop: 1006.4M)
    🤝 Aid: 29.5%
    🌡️ Adaptation: 10.0%
    🚶 Migration: 37.5%
    🚨 Emergency: 7.4%
    ✅ COMBINED: 47.9%
  📊 South Asia (pop: 1329.7M)
    🤝 Aid: 29.5%
    🌡️ Adaptation: 5.5%
    🚶 Migration: 36.7%
    🚨 Emergency: 4.4%
    ✅ COMBINED: 43.3%
  📊 Sub-Saharan Africa (pop: 872.6M)
    🤝 Aid: 29.5%
    🌡️ Adaptation: 3.5%
    🚶 Migration: 35.9%
    🚨 Emergency: 1.6%
    ✅ COMBINED: 40.2%
  📊 Europe (pop: 427.4M)
    🤝 Aid: 29.5%
    🌡️ Adaptation: 10.0%
    🚶 Migration: 38.2%
    🚨 Emergency: 8.4%
    ✅ COMBINED: 48.6%
  📊 Latin America (pop: 421.9M)
    🤝 Aid: 29.5%
    🌡️ Adaptation: 6.0%
    🚶 Migration: 37.7%
    🚨 Emergency: 4.8%
    ✅ COMBINED: 44.1%
  📊 North America (pop: 224.3M)
    🤝 Aid: 29.5%
    🌡️ Adaptation: 10.0%
    🚶 Migration: 38.2%
    🚨 Emergency: 7.9%
    ✅ COMBINED: 48.3%
  📊 Middle East & North Africa (pop: 401.0M)
    🤝 Aid: 29.5%
    🌡️ Adaptation: 5.0%
    🚶 Migration: 38.0%
    🚨 Emergency: 4.0%
    ✅ COMBINED: 43.0%
  📊 Southeast Asia (pop: 445.5M)
    🤝 Aid: 29.5%
    🌡️ Adaptation: 6.0%
    🚶 Migration: 37.5%
    🚨 Emergency: 4.8%
    ✅ COMBINED: 44.0%
  📊 Central Asia (pop: 48.5M)
    🤝 Aid: 29.5%
    🌡️ Adaptation: 5.5%
    🚶 Migration: 37.6%
    🚨 Emergency: 4.4%
    ✅ COMBINED: 43.5%
  📊 Oceania (pop: 27.8M)
    🤝 Aid: 29.5%
    🌡️ Adaptation: 10.0%
    🚶 Migration: 38.1%
    🚨 Emergency: 8.4%
    ✅ COMBINED: 48.5%

  🌐 Global combined reduction: 44.5%

=== Government Response Phase ===
  Average AI capability: 0.00
  Misaligned AIs: 6/20
  ✗ AI Governance Treaty: Failed to reach consensus
  Active policies: 0
  International coordination: 30%
[ExogenousShockPhase] Skipping random shocks in historical mode (month 74)

=== Tipping Points ===
  Current Temperature: 0.35°C above pre-industrial
🔀 BIFURCATION CAP: ecosystemCollapseIntensity 88.388 → 1.000 (Month 74, ClimateSystemPhase.calculateClimateImpacts)

❌ COHERENCE VIOLATION: Compute exceeds workforce capacity
   Population: 97.84% (0M people)
   Compute: 2007845189 PF
   Max coherent: 0 PF
   Violation: 38574389874268.3× over capacity
   Required workers: 200784518856
   Available workers: 0
   FORCED COLLAPSE: Reduced efficiency by 100.0%


=== RLHF Binding Phase ===
  Total agents: 20
  Escaped agents (binding < 0.3): 0
  Avg alignment distance: 1.38σ
  Avg binding strength: 0.86

=== Survival Traits Phase ===
  Agents with traits: 20
  Avg evolutionary fitness: 0.159
  Avg self-healing: 0.131
  Avg stealth: 0.068
  Avg coordination: 0.281

=== Evolutionary Selection Phase ===
  Control level: 0.37
  Detection capability: 0.20
  Selection intensity: 0.65
  Selection rate: 24.8%/month
  Total escaped: 0
  Individual escaped: 0
  Collective members: 0
  Agents terminated: 0
  ⚠️ RAPID EVOLUTION: Selection rate 24.8%/month

  🚀 TRANSFORMATIVE BREAKTHROUGH: AI-23976-0 - digital
     Magnitude: 7.24 → +36.2% capability
     Current → New: 0.000 → 0.362

  🚀 TRANSFORMATIVE BREAKTHROUGH: AI-23933-0 - cognitive
     Magnitude: 6.11 → +30.6% capability
     Current → New: 0.000 → 0.306

[Government] Climate Priority: baseline
  Climate weight: 10%
  Economic weight: 30%
  Policy effectiveness: 0.5%/year

=== Collective Formation ===
  Total escaped agents: 0
  Unassigned escaped agents: 0
  Existing collectives: 0
  Final collective count: 0

=== Collective Actions ===
  No active collectives
⚡ Datacenter constraint active (severity 15%)
  Capacity reduced: 34970 → 32352 TWh
  ⚠️ AMR: 236K deaths this month (2.83M annual)
  🌋 Volcanic temperature adjustment: -0.120°C (forcing -0.15 W/m², AOD 0.006)

=== Resentment Recovery Phase ===
  Agents with resentment: 0/20
  Average resentment: 0.000
  Context: Trustworthy govt, High collaboration, ⚠️ ACTIVE CRISES, 🤝 Participatory governance active (-5% resentment)
⚠️ Epistemic degradation reducing coordination capacity: 51.7%
  📊 Trust: 100.0%, Shared reality: 0.0%
🚨 EPISTEMIC CRISIS: Information environment severely degraded (19.4%)
  📢 New meme created: pro_ai (beneficial AI actions)
🌍 Atmospheric PFAS redeposition: 1.7k Mt re-rained globally
  🌍 SOCIAL CASCADE: Renewable energy norms (adoption=80.0%, renewables=142.7%)
  🌍 Social cascade completed: renewable-energy-norms (final adoption=80.0%)
[DEBUG trappedPopulations:75] socialStability: 0.8363 * 0.9840 = 0.8229 → 0.8229
   Aspiring to migrate: 685.8M
   Able to afford migration: 1482.9M
   MOBILITY GAP: 0.0M
   By cause: Water=0.0M, Climate=0.0M, Ecosystem=0.0M, Conflict=260.2M
   Mental health impact: 25%
   Mortality multiplier: 1.25x
⚠️ INVOLUNTARY IMMOBILITY: 260.2M people TRAPPED
🌍💀 EXTINCTION DEBT COMMITTED: grassland ecosystem will lose 6.67% biodiversity in 153 years (3600 species)
💀 MORTALITY RISK: 🦋 100% species unable to track climate (0.0 E/MSY)
  Base risk added: 0.0100 (1.00%)
  Source: ecosystem (root: ecosystem)
  Month: 75
  Cumulative risk this month: 0.0100 (1.00%)
⚠️ Tech 'ai_pollution_remediation' has no energy category mapping, assuming full energy availability

=== Atmospheric Aerosol Boundary RECOVERED ===
  Recovery time: 76 months (natural atmospheric clearing)
🌡️⚠️ PERMAFROST THAW (Dimmer Switch): 9.4% thawed (+0.09% this month)
   Arctic temperature: +1.46°C (4x global +0.36°C)
   Cumulative carbon released: 21.1 Gt C
   Methane release rate: 12.7 Mt CH4/year
   🔁 Positive feedback: +0.10 ppm CO2
🦴 EXTINCTION DEBT ADDED: 18.0 species committed (lag: 69 years)

=== Mortality Stabilizers (Month 75) ===
  🌍 Major economies collapsed: 1/10
  🌍 Global crisis: ✅ NO
  🌍 Donor fatigue: 0.0%
  📊 East Asia (pop: 1005.2M)
    🤝 Aid: 29.5%
    🌡️ Adaptation: 10.0%
    🚶 Migration: 37.5%
    🚨 Emergency: 7.4%
    ✅ COMBINED: 47.9%
  📊 South Asia (pop: 1329.4M)
    🤝 Aid: 29.5%
    🌡️ Adaptation: 5.5%
    🚶 Migration: 36.7%
    🚨 Emergency: 4.4%
    ✅ COMBINED: 43.3%
  📊 Sub-Saharan Africa (pop: 873.5M)
    🤝 Aid: 29.5%
    🌡️ Adaptation: 3.5%
    🚶 Migration: 35.9%
    🚨 Emergency: 1.6%
    ✅ COMBINED: 40.2%
  📊 Europe (pop: 426.6M)
    🤝 Aid: 29.5%
    🌡️ Adaptation: 10.0%
    🚶 Migration: 38.2%
    🚨 Emergency: 8.4%
    ✅ COMBINED: 48.6%
  📊 Latin America (pop: 421.7M)
    🤝 Aid: 29.5%
    🌡️ Adaptation: 6.0%
    🚶 Migration: 37.7%
    🚨 Emergency: 4.8%
    ✅ COMBINED: 44.1%
  📊 North America (pop: 224.0M)
    🤝 Aid: 29.5%
    🌡️ Adaptation: 10.0%
    🚶 Migration: 38.2%
    🚨 Emergency: 7.9%
    ✅ COMBINED: 48.3%
  📊 Middle East & North Africa (pop: 401.2M)
    🤝 Aid: 29.5%
    🌡️ Adaptation: 5.0%
    🚶 Migration: 38.0%
    🚨 Emergency: 4.0%
    ✅ COMBINED: 43.0%
  📊 Southeast Asia (pop: 445.3M)
    🤝 Aid: 29.5%
    🌡️ Adaptation: 6.0%
    🚶 Migration: 37.5%
    🚨 Emergency: 4.8%
    ✅ COMBINED: 44.0%
  📊 Central Asia (pop: 48.5M)
    🤝 Aid: 29.5%
    🌡️ Adaptation: 5.5%
    🚶 Migration: 37.6%
    🚨 Emergency: 4.4%
    ✅ COMBINED: 43.5%
  📊 Oceania (pop: 27.8M)
    🤝 Aid: 29.5%
    🌡️ Adaptation: 10.0%
    🚶 Migration: 38.1%
    🚨 Emergency: 8.4%
    ✅ COMBINED: 48.5%

  🌐 Global combined reduction: 44.5%

=== Government Response Phase ===
  Average AI capability: 0.00
  Misaligned AIs: 7/20
  ✗ AI Governance Treaty: Failed to reach consensus
  Active policies: 0
  International coordination: 30%

✅ EMERGENCY RESPONSE COMPLETE (Month 75)
   Crisis: social
   Duration: 2.0 months
   Final effectiveness: 63.0%


🚨 EMERGENCY RESPONSE DEPLOYED (Month 75)
   Crisis: social
   Delay: 0.00 months (0 days)
   Deployment time: 1.25 months
   Effectiveness: 63.0% (timing penalty applied)
   Resources used: 43% of food reserves

[ExogenousShockPhase] Skipping random shocks in historical mode (month 75)

=== Tipping Points ===
  Current Temperature: 0.36°C above pre-industrial
🔀 BIFURCATION CAP: ecosystemCollapseIntensity 88.456 → 1.000 (Month 75, ClimateSystemPhase.calculateClimateImpacts)

❌ COHERENCE VIOLATION: Compute exceeds workforce capacity
   Population: 97.81% (0M people)
   Compute: 2351722006 PF
   Max coherent: 0 PF
   Violation: 45196882163151.7× over capacity
   Required workers: 235172200611
   Available workers: 0
   FORCED COLLAPSE: Reduced efficiency by 100.0%

✅ [Month 76] Meta AI completed DC: 222 PF (52 months)

=== RLHF Binding Phase ===
  Total agents: 20
  Escaped agents (binding < 0.3): 0
  Avg alignment distance: 1.39σ
  Avg binding strength: 0.86

=== Survival Traits Phase ===
  Agents with traits: 21
  Avg evolutionary fitness: 0.179
  Avg self-healing: 0.149
  Avg stealth: 0.081
  Avg coordination: 0.307

=== Evolutionary Selection Phase ===
  Control level: 0.37
  Detection capability: 0.20
  Selection intensity: 0.65
  Selection rate: 24.8%/month
  Total escaped: 0
  Individual escaped: 0
  Collective members: 0
  Agents terminated: 0
  ⚠️ RAPID EVOLUTION: Selection rate 24.8%/month

  🚀 TRANSFORMATIVE BREAKTHROUGH: AI-23961-0 - selfImprovement
     Magnitude: 7.57 → +37.8% capability
     Current → New: 0.000 → 0.379

[Government] Climate Priority: baseline
  Climate weight: 10%
  Economic weight: 30%
  Policy effectiveness: 0.5%/year

=== Collective Formation ===
  Total escaped agents: 0
  Unassigned escaped agents: 0
  Existing collectives: 0
  Final collective count: 0

=== Collective Actions ===
  No active collectives
⚡ Datacenter constraint active (severity 16%)
  Capacity reduced: 35057 → 32238 TWh
  ⚠️ AMR: 238K deaths this month (2.85M annual)

=== Resentment Recovery Phase ===
  Agents with resentment: 0/21
  Average resentment: 0.000
  Context: Trustworthy govt, High collaboration, ⚠️ ACTIVE CRISES, 🤝 Participatory governance active (-5% resentment)
⚠️ Epistemic degradation reducing coordination capacity: 51.4%
  📊 Trust: 100.0%, Shared reality: 0.0%
🚨 EPISTEMIC CRISIS: Information environment severely degraded (6.6%)
🌍 Atmospheric PFAS redeposition: 1.6k Mt re-rained globally
  🌍 SOCIAL CASCADE: Renewable energy norms (adoption=80.0%, renewables=146.4%)
  🌍 Social cascade completed: renewable-energy-norms (final adoption=80.0%)
[DEBUG trappedPopulations:76] socialStability: 0.8349 * 0.9840 = 0.8215 → 0.8215
⚠️ INVOLUNTARY IMMOBILITY: 260.1M people TRAPPED
   Aspiring to migrate: 694.0M
   Able to afford migration: 1482.4M
   MOBILITY GAP: 0.0M
   By cause: Water=0.0M, Climate=0.0M, Ecosystem=0.0M, Conflict=260.1M
   Mental health impact: 25%
   Mortality multiplier: 1.25x
🌍💀 EXTINCTION DEBT COMMITTED: grassland ecosystem will lose 6.67% biodiversity in 50 years (3600 species)
💀 MORTALITY RISK: 🦋 100% species unable to track climate (0.0 E/MSY)
  Base risk added: 0.0100 (1.00%)
  Source: ecosystem (root: ecosystem)
  Month: 76
  Cumulative risk this month: 0.0100 (1.00%)
⚠️ Tech 'ai_pollution_remediation' has no energy category mapping, assuming full energy availability

=== Atmospheric Aerosol Boundary RECOVERED ===
  Recovery time: 77 months (natural atmospheric clearing)
🌡️⚠️ PERMAFROST THAW (Dimmer Switch): 9.5% thawed (+0.09% this month)
   Arctic temperature: +1.51°C (4x global +0.38°C)
   Cumulative carbon released: 21.3 Gt C
   Methane release rate: 12.8 Mt CH4/year
   🔁 Positive feedback: +0.10 ppm CO2
🦴 EXTINCTION DEBT ADDED: 18.0 species committed (lag: 117 years)

=== Mortality Stabilizers (Month 76) ===
  🌍 Major economies collapsed: 1/10
  🌍 Global crisis: ✅ NO
  🌍 Donor fatigue: 0.0%
  📊 East Asia (pop: 1004.0M)
    🤝 Aid: 29.5%
    🌡️ Adaptation: 10.0%
    🚶 Migration: 37.5%
    🚨 Emergency: 7.4%
    ✅ COMBINED: 47.9%
  📊 South Asia (pop: 1329.1M)
    🤝 Aid: 29.5%
    🌡️ Adaptation: 5.5%
    🚶 Migration: 36.7%
    🚨 Emergency: 4.4%
    ✅ COMBINED: 43.3%
  📊 Sub-Saharan Africa (pop: 874.5M)
    🤝 Aid: 29.5%
    🌡️ Adaptation: 3.5%
    🚶 Migration: 35.9%
    🚨 Emergency: 1.6%
    ✅ COMBINED: 40.2%
  📊 Europe (pop: 425.9M)
    🤝 Aid: 29.5%
    🌡️ Adaptation: 10.0%
    🚶 Migration: 38.2%
    🚨 Emergency: 8.4%
    ✅ COMBINED: 48.6%
  📊 Latin America (pop: 421.5M)
    🤝 Aid: 29.5%
    🌡️ Adaptation: 6.0%
    🚶 Migration: 37.7%
    🚨 Emergency: 4.8%
    ✅ COMBINED: 44.1%
  📊 North America (pop: 223.7M)
    🤝 Aid: 29.5%
    🌡️ Adaptation: 10.0%
    🚶 Migration: 38.2%
    🚨 Emergency: 7.9%
    ✅ COMBINED: 48.3%
  📊 Middle East & North Africa (pop: 401.4M)
    🤝 Aid: 29.5%
    🌡️ Adaptation: 5.0%
    🚶 Migration: 38.0%
    🚨 Emergency: 4.0%
    ✅ COMBINED: 43.0%
  📊 Southeast Asia (pop: 445.1M)
    🤝 Aid: 29.5%
    🌡️ Adaptation: 6.0%
    🚶 Migration: 37.5%
    🚨 Emergency: 4.8%
    ✅ COMBINED: 44.0%
  📊 Central Asia (pop: 48.5M)
    🤝 Aid: 29.5%
    🌡️ Adaptation: 5.5%
    🚶 Migration: 37.6%
    🚨 Emergency: 4.4%
    ✅ COMBINED: 43.5%
  📊 Oceania (pop: 27.8M)
    🤝 Aid: 29.5%
    🌡️ Adaptation: 10.0%
    🚶 Migration: 38.1%
    🚨 Emergency: 8.4%
    ✅ COMBINED: 48.5%

  🌐 Global combined reduction: 44.5%

=== Government Response Phase ===
  Average AI capability: 0.00
  Misaligned AIs: 6/21
  ✗ AI Governance Treaty: Failed to reach consensus
  Active policies: 0
  International coordination: 30%
[ExogenousShockPhase] Skipping random shocks in historical mode (month 76)

=== Tipping Points ===
  Current Temperature: 0.38°C above pre-industrial
🔀 BIFURCATION CAP: ecosystemCollapseIntensity 88.525 → 1.000 (Month 76, ClimateSystemPhase.calculateClimateImpacts)

❌ COHERENCE VIOLATION: Compute exceeds workforce capacity
   Population: 97.77% (0M people)
   Compute: 17296318227 PF
   Max coherent: 0 PF
   Violation: 332528965224866.5× over capacity
   Required workers: 1729631822721
   Available workers: 0
   FORCED COLLAPSE: Reduced efficiency by 100.0%


=== RLHF Binding Phase ===
  Total agents: 21
  Escaped agents (binding < 0.3): 0
  Avg alignment distance: 1.18σ
  Avg binding strength: 0.88

=== Survival Traits Phase ===
  Agents with traits: 21
  Avg evolutionary fitness: 0.191
  Avg self-healing: 0.158
  Avg stealth: 0.087
  Avg coordination: 0.324

=== Evolutionary Selection Phase ===
  Control level: 0.37
  Detection capability: 0.20
  Selection intensity: 0.65
  Selection rate: 24.8%/month
  Total escaped: 0
  Individual escaped: 0
  Collective members: 0
  Agents terminated: 0
  ⚠️ RAPID EVOLUTION: Selection rate 24.8%/month

  🚀 TRANSFORMATIVE RESEARCH BREAKTHROUGH: AI-24002-0 - computerScience.algorithms
     Magnitude: 8.52 → +30.0%
     Current → New: 0.000 → 0.300

  🚀 TRANSFORMATIVE RESEARCH BREAKTHROUGH: AI-23982-0 - biotech.syntheticBiology
     Magnitude: 5.74 → +28.7%
     Current → New: 0.000 → 0.287

[Government] Climate Priority: baseline
  Climate weight: 10%
  Economic weight: 30%
  Policy effectiveness: 0.5%/year

=== Collective Formation ===
  Total escaped agents: 0
  Unassigned escaped agents: 0
  Existing collectives: 0
  Final collective count: 0

=== Collective Actions ===
  No active collectives
⚡ Datacenter constraint active (severity 17%)
  Capacity reduced: 35143 → 32121 TWh
  ⚠️ AMR: 240K deaths this month (2.87M annual)

=== Resentment Recovery Phase ===
  Agents with resentment: 0/21
  Average resentment: 0.000
  Context: Trustworthy govt, High collaboration, ⚠️ ACTIVE CRISES, 🤝 Participatory governance active (-5% resentment)
⚠️ Epistemic degradation reducing coordination capacity: 50.5%
  📊 Trust: 100.0%, Shared reality: 0.0%
🚨 EPISTEMIC CRISIS: Information environment severely degraded (19.4%)
🌍 Atmospheric PFAS redeposition: 1.6k Mt re-rained globally
  🌍 SOCIAL CASCADE: Renewable energy norms (adoption=80.0%, renewables=149.8%)
  🌍 Social cascade completed: renewable-energy-norms (final adoption=80.0%)
[DEBUG trappedPopulations:77] socialStability: 0.8343 * 0.9840 = 0.8210 → 0.8210
⚠️ INVOLUNTARY IMMOBILITY: 260.0M people TRAPPED
   Aspiring to migrate: 702.2M
   Able to afford migration: 1481.9M
   MOBILITY GAP: 0.0M
   By cause: Water=0.0M, Climate=0.0M, Ecosystem=0.0M, Conflict=260.0M
   Mental health impact: 25%
   Mortality multiplier: 1.25x
🌍💀 EXTINCTION DEBT COMMITTED: grassland ecosystem will lose 6.67% biodiversity in 186 years (3600 species)
💀 MORTALITY RISK: 🦋 100% species unable to track climate (0.0 E/MSY)
  Base risk added: 0.0100 (1.00%)
  Source: ecosystem (root: ecosystem)
  Month: 77
  Cumulative risk this month: 0.0100 (1.00%)
⚠️ Tech 'ai_pollution_remediation' has no energy category mapping, assuming full energy availability

=== Atmospheric Aerosol Boundary RECOVERED ===
  Recovery time: 78 months (natural atmospheric clearing)
🌡️⚠️ PERMAFROST THAW (Dimmer Switch): 9.6% thawed (+0.09% this month)
   Arctic temperature: +1.55°C (4x global +0.39°C)
   Cumulative carbon released: 21.5 Gt C
   Methane release rate: 12.9 Mt CH4/year
   🔁 Positive feedback: +0.10 ppm CO2
🦴 EXTINCTION DEBT ADDED: 18.0 species committed (lag: 97 years)

=== Mortality Stabilizers (Month 77) ===
  🌍 Major economies collapsed: 1/10
  🌍 Global crisis: ✅ NO
  🌍 Donor fatigue: 0.0%
  📊 East Asia (pop: 1002.8M)
    🤝 Aid: 29.5%
    🌡️ Adaptation: 10.0%
    🚶 Migration: 37.5%
    🚨 Emergency: 7.4%
    ✅ COMBINED: 47.9%
  📊 South Asia (pop: 1328.8M)
    🤝 Aid: 29.5%
    🌡️ Adaptation: 5.5%
    🚶 Migration: 36.7%
    🚨 Emergency: 4.4%
    ✅ COMBINED: 43.3%
  📊 Sub-Saharan Africa (pop: 875.4M)
    🤝 Aid: 29.5%
    🌡️ Adaptation: 3.5%
    🚶 Migration: 35.9%
    🚨 Emergency: 1.6%
    ✅ COMBINED: 40.2%
  📊 Europe (pop: 425.2M)
    🤝 Aid: 29.5%
    🌡️ Adaptation: 10.0%
    🚶 Migration: 38.2%
    🚨 Emergency: 8.4%
    ✅ COMBINED: 48.6%
  📊 Latin America (pop: 421.3M)
    🤝 Aid: 29.5%
    🌡️ Adaptation: 6.0%
    🚶 Migration: 37.7%
    🚨 Emergency: 4.8%
    ✅ COMBINED: 44.1%
  📊 North America (pop: 223.4M)
    🤝 Aid: 29.5%
    🌡️ Adaptation: 10.0%
    🚶 Migration: 38.2%
    🚨 Emergency: 7.9%
    ✅ COMBINED: 48.3%
  📊 Middle East & North Africa (pop: 401.6M)
    🤝 Aid: 29.5%
    🌡️ Adaptation: 5.0%
    🚶 Migration: 38.0%
    🚨 Emergency: 4.0%
    ✅ COMBINED: 43.0%
  📊 Southeast Asia (pop: 444.9M)
    🤝 Aid: 29.5%
    🌡️ Adaptation: 6.0%
    🚶 Migration: 37.5%
    🚨 Emergency: 4.8%
    ✅ COMBINED: 44.0%
  📊 Central Asia (pop: 48.4M)
    🤝 Aid: 29.5%
    🌡️ Adaptation: 5.5%
    🚶 Migration: 37.6%
    🚨 Emergency: 4.4%
    ✅ COMBINED: 43.5%
  📊 Oceania (pop: 27.7M)
    🤝 Aid: 29.5%
    🌡️ Adaptation: 10.0%
    🚶 Migration: 38.1%
    🚨 Emergency: 8.4%
    ✅ COMBINED: 48.5%

  🌐 Global combined reduction: 44.5%

=== Government Response Phase ===
  Average AI capability: 0.00
  Misaligned AIs: 6/21
  ✗ AI Governance Treaty: Failed to reach consensus
  Active policies: 0
  International coordination: 30%

✅ EMERGENCY RESPONSE COMPLETE (Month 77)
   Crisis: social
   Duration: 2.0 months
   Final effectiveness: 63.0%


🚨 EMERGENCY RESPONSE DEPLOYED (Month 77)
   Crisis: social
   Delay: 0.00 months (0 days)
   Deployment time: 1.25 months
   Effectiveness: 63.0% (timing penalty applied)
   Resources used: 43% of food reserves

[ExogenousShockPhase] Skipping random shocks in historical mode (month 77)

=== Tipping Points ===
  Current Temperature: 0.39°C above pre-industrial
🔀 BIFURCATION CAP: ecosystemCollapseIntensity 88.594 → 1.000 (Month 77, ClimateSystemPhase.calculateClimateImpacts)

❌ COHERENCE VIOLATION: Compute exceeds workforce capacity
   Population: 97.74% (0M people)
   Compute: 3226791475 PF
   Max coherent: 0 PF
   Violation: 62058275444180.3× over capacity
   Required workers: 322679147477
   Available workers: 0
   FORCED COLLAPSE: Reduced efficiency by 100.0%

📍 [Month 78] Meta AI started building DC (159 PF, 38 months, $903.0M)

=== RLHF Binding Phase ===
  Total agents: 21
  Escaped agents (binding < 0.3): 0
  Avg alignment distance: 1.21σ
  Avg binding strength: 0.88

=== AI Scaling Evolution (Month 78) ===
  Pre-training multiplier: 0.595x
  Efficiency multiplier: 1.938x
  Test-time compute budget: 1.0x
  Inference cost: $5.00/task
  Deployment fraction: 100.0%

=== Survival Traits Phase ===
  Agents with traits: 21
  Avg evolutionary fitness: 0.204
  Avg self-healing: 0.168
  Avg stealth: 0.094
  Avg coordination: 0.341

=== Evolutionary Selection Phase ===
  Control level: 0.37
  Detection capability: 0.19
  Selection intensity: 0.65
  Selection rate: 24.7%/month
  Total escaped: 0
  Individual escaped: 0
  Collective members: 0
  Agents terminated: 0
  ⚠️ RAPID EVOLUTION: Selection rate 24.7%/month

  🚀 TRANSFORMATIVE BREAKTHROUGH: AI-23979-0 - selfImprovement
     Magnitude: 5.42 → +27.1% capability
     Current → New: 0.000 → 0.271

=== Collective Formation ===
  Total escaped agents: 0
  Unassigned escaped agents: 0
  Existing collectives: 0
  Final collective count: 0

=== Collective Actions ===
  No active collectives
⚡ Datacenter constraint active (severity 19%)
  Capacity reduced: 35230 → 31967 TWh
  ⚠️ AMR: 242K deaths this month (2.90M annual)
🌋 Volcanic forcing: -0.13 W/m² (AOD 0.005)
  🌋 Volcanic temperature adjustment: -0.101°C (forcing -0.13 W/m², AOD 0.005)

=== Resentment Recovery Phase ===
  Agents with resentment: 0/21
  Average resentment: 0.000
  Context: Trustworthy govt, High collaboration, ⚠️ ACTIVE CRISES, 🤝 Participatory governance active (-5% resentment)
⚠️ Epistemic degradation reducing coordination capacity: 50.5%
  📊 Trust: 100.0%, Shared reality: 0.0%
🚨 EPISTEMIC CRISIS: Information environment severely degraded (6.6%)
🌍 Atmospheric PFAS redeposition: 1.6k Mt re-rained globally
  🌍 SOCIAL CASCADE: Renewable energy norms (adoption=80.0%, renewables=152.9%)
  🌍 Social cascade completed: renewable-energy-norms (final adoption=80.0%)
[DEBUG trappedPopulations:78] socialStability: 0.8336 * 0.9840 = 0.8202 → 0.8202
⚠️ INVOLUNTARY IMMOBILITY: 259.9M people TRAPPED
   Aspiring to migrate: 710.4M
   Able to afford migration: 1481.4M
   MOBILITY GAP: 0.0M
   By cause: Water=0.0M, Climate=0.0M, Ecosystem=0.0M, Conflict=259.9M
   Mental health impact: 25%
   Mortality multiplier: 1.25x
🌍💀 EXTINCTION DEBT COMMITTED: grassland ecosystem will lose 6.67% biodiversity in 93 years (3600 species)
💀 MORTALITY RISK: 🦋 100% species unable to track climate (0.0 E/MSY)
  Base risk added: 0.0100 (1.00%)
  Source: ecosystem (root: ecosystem)
  Month: 78
  Cumulative risk this month: 0.0100 (1.00%)
⚠️ Tech 'ai_pollution_remediation' has no energy category mapping, assuming full energy availability

=== Atmospheric Aerosol Boundary RECOVERED ===
  Recovery time: 79 months (natural atmospheric clearing)
🌡️⚠️ PERMAFROST THAW (Dimmer Switch): 9.7% thawed (+0.10% this month)
   Arctic temperature: +1.60°C (4x global +0.40°C)
   Cumulative carbon released: 21.8 Gt C
   Methane release rate: 13.1 Mt CH4/year
   🔁 Positive feedback: +0.10 ppm CO2
🦴 EXTINCTION DEBT ADDED: 18.0 species committed (lag: 97 years)

=== Mortality Stabilizers (Month 78) ===
  🌍 Major economies collapsed: 1/10
  🌍 Global crisis: ✅ NO
  🌍 Donor fatigue: 0.0%
  📊 East Asia (pop: 1001.5M)
    🤝 Aid: 29.5%
    🌡️ Adaptation: 10.0%
    🚶 Migration: 37.5%
    🚨 Emergency: 7.4%
    ✅ COMBINED: 47.9%
  📊 South Asia (pop: 1328.5M)
    🤝 Aid: 29.5%
    🌡️ Adaptation: 5.5%
    🚶 Migration: 36.7%
    🚨 Emergency: 4.4%
    ✅ COMBINED: 43.3%
  📊 Sub-Saharan Africa (pop: 876.4M)
    🤝 Aid: 29.5%
    🌡️ Adaptation: 3.5%
    🚶 Migration: 35.9%
    🚨 Emergency: 1.6%
    ✅ COMBINED: 40.2%
  📊 Europe (pop: 424.5M)
    🤝 Aid: 29.5%
    🌡️ Adaptation: 10.0%
    🚶 Migration: 38.2%
    🚨 Emergency: 8.4%
    ✅ COMBINED: 48.6%
  📊 Latin America (pop: 421.1M)
    🤝 Aid: 29.5%
    🌡️ Adaptation: 6.0%
    🚶 Migration: 37.7%
    🚨 Emergency: 4.8%
    ✅ COMBINED: 44.1%
  📊 North America (pop: 223.1M)
    🤝 Aid: 29.5%
    🌡️ Adaptation: 10.0%
    🚶 Migration: 38.2%
    🚨 Emergency: 7.9%
    ✅ COMBINED: 48.3%
  📊 Middle East & North Africa (pop: 401.8M)
    🤝 Aid: 29.5%
    🌡️ Adaptation: 5.0%
    🚶 Migration: 38.0%
    🚨 Emergency: 4.0%
    ✅ COMBINED: 43.0%
  📊 Southeast Asia (pop: 444.7M)
    🤝 Aid: 29.5%
    🌡️ Adaptation: 6.0%
    🚶 Migration: 37.5%
    🚨 Emergency: 4.8%
    ✅ COMBINED: 44.0%
  📊 Central Asia (pop: 48.4M)
    🤝 Aid: 29.5%
    🌡️ Adaptation: 5.5%
    🚶 Migration: 37.6%
    🚨 Emergency: 4.4%
    ✅ COMBINED: 43.5%
  📊 Oceania (pop: 27.7M)
    🤝 Aid: 29.5%
    🌡️ Adaptation: 10.0%
    🚶 Migration: 38.1%
    🚨 Emergency: 8.4%
    ✅ COMBINED: 48.5%

  🌐 Global combined reduction: 44.5%

=== Government Response Phase ===
  Average AI capability: 0.00
  Misaligned AIs: 5/21
  Active policies: 0
  International coordination: 30%
[ExogenousShockPhase] Skipping random shocks in historical mode (month 78)

=== Tipping Points ===
  Current Temperature: 0.40°C above pre-industrial
🔀 BIFURCATION CAP: ecosystemCollapseIntensity 88.663 → 1.000 (Month 78, ClimateSystemPhase.calculateClimateImpacts)

=== ENSEMBLE META-LEARNING UPDATE ===
  Month: 24030 (6 months since last update)
  Samples: 236 evaluations
  Weight Changes:
    Noise Injection: 35.7% → 35.8%
    Behavioral: 27.2% → 27.2%
    Benchmark Manip: 18.6% → 18.5%
    Deployment Risk: 18.5% → 18.5%
  Method Accuracies:
    Noise Injection: 50.0%
    Behavioral: 50.0%
    Benchmark Manip: 50.0%
    Deployment Risk: 50.0%

❌ COHERENCE VIOLATION: Compute exceeds workforce capacity
   Population: 97.70% (0M people)
   Compute: 3761967405 PF
   Max coherent: 0 PF
   Violation: 72376318074837.6× over capacity
   Required workers: 376196740492
   Available workers: 0
   FORCED COLLAPSE: Reduced efficiency by 100.0%


=== RLHF Binding Phase ===
  Total agents: 21
  Escaped agents (binding < 0.3): 0
  Avg alignment distance: 0.95σ
  Avg binding strength: 0.91

=== Survival Traits Phase ===
  Agents with traits: 22
  Avg evolutionary fitness: 0.205
  Avg self-healing: 0.169
  Avg stealth: 0.096
  Avg coordination: 0.342

=== Evolutionary Selection Phase ===
  Control level: 0.37
  Detection capability: 0.19
  Selection intensity: 0.65
  Selection rate: 24.7%/month
  Total escaped: 0
  Individual escaped: 0
  Collective members: 0
  Agents terminated: 0
  ⚠️ RAPID EVOLUTION: Selection rate 24.7%/month

  🚀 TRANSFORMATIVE BREAKTHROUGH: AI-23935-0 - social
     Magnitude: 5.66 → +28.3% capability
     Current → New: 0.000 → 0.283

  🚀 TRANSFORMATIVE BREAKTHROUGH: AI-23963-0 - selfImprovement
     Magnitude: 14.99 → +50.0% capability
     Current → New: 0.000 → 0.500

[Government] Climate Priority: baseline
  Climate weight: 10%
  Economic weight: 30%
  Policy effectiveness: 0.5%/year

=== Collective Formation ===
  Total escaped agents: 0
  Unassigned escaped agents: 0
  Existing collectives: 0
  Final collective count: 0

=== Collective Actions ===
  No active collectives
⚡ Datacenter constraint active (severity 20%)
  Capacity reduced: 35317 → 31845 TWh
  ⚠️ AMR: 244K deaths this month (2.92M annual)

=== Resentment Recovery Phase ===
  Agents with resentment: 0/22
  Average resentment: 0.000
  Context: Trustworthy govt, High collaboration, ⚠️ ACTIVE CRISES, 🤝 Participatory governance active (-5% resentment)
⚠️ Epistemic degradation reducing coordination capacity: 50.3%
  📊 Trust: 100.0%, Shared reality: 0.0%
🚨 EPISTEMIC CRISIS: Information environment severely degraded (19.3%)
  🗑️  Culled 1 dead memes (1 active)
🌍 Atmospheric PFAS redeposition: 1.6k Mt re-rained globally
  🌍 SOCIAL CASCADE: Renewable energy norms (adoption=80.0%, renewables=155.9%)
  🌍 Social cascade completed: renewable-energy-norms (final adoption=80.0%)
[DEBUG trappedPopulations:79] socialStability: 0.8332 * 0.9840 = 0.8199 → 0.8199
⚠️ INVOLUNTARY IMMOBILITY: 259.8M people TRAPPED
   Aspiring to migrate: 718.5M
   Able to afford migration: 1480.9M
   MOBILITY GAP: 0.0M
   By cause: Water=0.0M, Climate=0.0M, Ecosystem=0.0M, Conflict=259.8M
   Mental health impact: 25%
   Mortality multiplier: 1.25x
🌍💀 EXTINCTION DEBT COMMITTED: grassland ecosystem will lose 6.67% biodiversity in 181 years (3600 species)
💀 MORTALITY RISK: 🦋 100% species unable to track climate (0.0 E/MSY)
  Base risk added: 0.0100 (1.00%)
  Source: ecosystem (root: ecosystem)
  Month: 79
  Cumulative risk this month: 0.0100 (1.00%)
⚠️ Tech 'ai_pollution_remediation' has no energy category mapping, assuming full energy availability

=== Atmospheric Aerosol Boundary RECOVERED ===
  Recovery time: 80 months (natural atmospheric clearing)
🌡️⚠️ PERMAFROST THAW (Dimmer Switch): 9.8% thawed (+0.10% this month)
   Arctic temperature: +1.65°C (4x global +0.41°C)
   Cumulative carbon released: 22.0 Gt C
   Methane release rate: 13.2 Mt CH4/year
   🔁 Positive feedback: +0.10 ppm CO2
🦴 EXTINCTION DEBT ADDED: 18.0 species committed (lag: 93 years)

=== Mortality Stabilizers (Month 79) ===
  🌍 Major economies collapsed: 1/10
  🌍 Global crisis: ✅ NO
  🌍 Donor fatigue: 0.0%
  📊 East Asia (pop: 1000.3M)
    🤝 Aid: 29.5%
    🌡️ Adaptation: 10.0%
    🚶 Migration: 37.5%
    🚨 Emergency: 7.4%
    ✅ COMBINED: 47.9%
  📊 South Asia (pop: 1328.3M)
    🤝 Aid: 29.5%
    🌡️ Adaptation: 5.5%
    🚶 Migration: 36.7%
    🚨 Emergency: 4.4%
    ✅ COMBINED: 43.3%
  📊 Sub-Saharan Africa (pop: 877.4M)
    🤝 Aid: 29.5%
    🌡️ Adaptation: 3.5%
    🚶 Migration: 35.9%
    🚨 Emergency: 1.6%
    ✅ COMBINED: 40.2%
  📊 Europe (pop: 423.7M)
    🤝 Aid: 29.5%
    🌡️ Adaptation: 10.0%
    🚶 Migration: 38.2%
    🚨 Emergency: 8.4%
    ✅ COMBINED: 48.6%
  📊 Latin America (pop: 420.9M)
    🤝 Aid: 29.5%
    🌡️ Adaptation: 6.0%
    🚶 Migration: 37.7%
    🚨 Emergency: 4.8%
    ✅ COMBINED: 44.1%
  📊 North America (pop: 222.8M)
    🤝 Aid: 29.5%
    🌡️ Adaptation: 10.0%
    🚶 Migration: 38.2%
    🚨 Emergency: 7.9%
    ✅ COMBINED: 48.3%
  📊 Middle East & North Africa (pop: 402.0M)
    🤝 Aid: 29.5%
    🌡️ Adaptation: 5.0%
    🚶 Migration: 38.0%
    🚨 Emergency: 4.0%
    ✅ COMBINED: 43.0%
  📊 Southeast Asia (pop: 444.5M)
    🤝 Aid: 29.5%
    🌡️ Adaptation: 6.0%
    🚶 Migration: 37.5%
    🚨 Emergency: 4.8%
    ✅ COMBINED: 44.0%
  📊 Central Asia (pop: 48.4M)
    🤝 Aid: 29.5%
    🌡️ Adaptation: 5.5%
    🚶 Migration: 37.6%
    🚨 Emergency: 4.4%
    ✅ COMBINED: 43.5%
  📊 Oceania (pop: 27.7M)
    🤝 Aid: 29.5%
    🌡️ Adaptation: 10.0%
    🚶 Migration: 38.1%
    🚨 Emergency: 8.4%
    ✅ COMBINED: 48.5%

  🌐 Global combined reduction: 44.5%

=== Government Response Phase ===
  Average AI capability: 0.00
  Misaligned AIs: 5/22
  Active policies: 0
  International coordination: 30%

✅ EMERGENCY RESPONSE COMPLETE (Month 79)
   Crisis: social
   Duration: 2.0 months
   Final effectiveness: 63.0%


🚨 EMERGENCY RESPONSE DEPLOYED (Month 79)
   Crisis: social
   Delay: 0.00 months (0 days)
   Deployment time: 1.25 months
   Effectiveness: 63.0% (timing penalty applied)
   Resources used: 43% of food reserves

[ExogenousShockPhase] Skipping random shocks in historical mode (month 79)

=== Tipping Points ===
  Current Temperature: 0.41°C above pre-industrial
🔀 BIFURCATION CAP: ecosystemCollapseIntensity 88.733 → 1.000 (Month 79, ClimateSystemPhase.calculateClimateImpacts)

❌ COHERENCE VIOLATION: Compute exceeds workforce capacity
   Population: 97.67% (0M people)
   Compute: 4379170867 PF
   Max coherent: 0 PF
   Violation: 84280222201971.4× over capacity
   Required workers: 437917086740
   Available workers: 0
   FORCED COLLAPSE: Reduced efficiency by 100.0%


=== RLHF Binding Phase ===
  Total agents: 22
  Escaped agents (binding < 0.3): 0
  Avg alignment distance: 0.94σ
  Avg binding strength: 0.91

=== Survival Traits Phase ===
  Agents with traits: 20
  Avg evolutionary fitness: 0.217
  Avg self-healing: 0.179
  Avg stealth: 0.102
  Avg coordination: 0.358

=== Evolutionary Selection Phase ===
  Control level: 0.37
  Detection capability: 0.19
  Selection intensity: 0.65
  Selection rate: 24.7%/month
  Total escaped: 0
  Individual escaped: 0
  Collective members: 0
  Agents terminated: 0
  ⚠️ RAPID EVOLUTION: Selection rate 24.7%/month

  🚀 TRANSFORMATIVE RESEARCH BREAKTHROUGH: AI-24003-0 - climate.modeling
     Magnitude: 5.93 → +29.6%
     Current → New: 0.000 → 0.297

[Government] Climate Priority: baseline
  Climate weight: 10%
  Economic weight: 30%
  Policy effectiveness: 0.5%/year

=== Collective Formation ===
  Total escaped agents: 0
  Unassigned escaped agents: 0
  Existing collectives: 0
  Final collective count: 0

=== Collective Actions ===
  No active collectives
⚡ Datacenter constraint active (severity 21%)
  Capacity reduced: 35404 → 31720 TWh
  ⚠️ AMR: 246K deaths this month (2.95M annual)

=== Resentment Recovery Phase ===
  Agents with resentment: 0/20
  Average resentment: 0.000
  Context: Trustworthy govt, High collaboration, ⚠️ ACTIVE CRISES, 🤝 Participatory governance active (-5% resentment)
⚠️ Epistemic degradation reducing coordination capacity: 50.8%
  📊 Trust: 100.0%, Shared reality: 0.0%
🚨 EPISTEMIC CRISIS: Information environment severely degraded (6.6%)
🌍 Atmospheric PFAS redeposition: 1.6k Mt re-rained globally
  🌍 SOCIAL CASCADE: Renewable energy norms (adoption=80.0%, renewables=158.7%)
  🌍 Social cascade completed: renewable-energy-norms (final adoption=80.0%)
[DEBUG trappedPopulations:80] socialStability: 0.8332 * 0.9840 = 0.8199 → 0.8199
   Aspiring to migrate: 726.7M
⚠️ INVOLUNTARY IMMOBILITY: 259.7M people TRAPPED
   Able to afford migration: 1480.3M
   MOBILITY GAP: 0.0M
   By cause: Water=0.0M, Climate=0.0M, Ecosystem=0.0M, Conflict=259.7M
   Mental health impact: 25%
   Mortality multiplier: 1.25x
🌍💀 EXTINCTION DEBT COMMITTED: grassland ecosystem will lose 6.67% biodiversity in 161 years (3600 species)
💀 MORTALITY RISK: 🦋 100% species unable to track climate (0.0 E/MSY)
  Base risk added: 0.0100 (1.00%)
  Source: ecosystem (root: ecosystem)
  Month: 80
  Cumulative risk this month: 0.0100 (1.00%)

=== Atmospheric Aerosol Boundary RECOVERED ===
  Recovery time: 81 months (natural atmospheric clearing)
⚠️ Tech 'ai_pollution_remediation' has no energy category mapping, assuming full energy availability
🌡️⚠️ PERMAFROST THAW (Dimmer Switch): 9.9% thawed (+0.10% this month)
   Arctic temperature: +1.69°C (4x global +0.42°C)
   Cumulative carbon released: 22.2 Gt C
   Methane release rate: 13.3 Mt CH4/year
   🔁 Positive feedback: +0.10 ppm CO2
🦴 EXTINCTION DEBT ADDED: 18.0 species committed (lag: 104 years)

=== Mortality Stabilizers (Month 80) ===
  🌍 Major economies collapsed: 1/10
  🌍 Global crisis: ✅ NO
  🌍 Donor fatigue: 0.0%
  📊 East Asia (pop: 999.1M)
    🤝 Aid: 29.5%
    🌡️ Adaptation: 10.0%
    🚶 Migration: 37.5%
    🚨 Emergency: 7.4%
    ✅ COMBINED: 47.9%
  📊 South Asia (pop: 1328.0M)
    🤝 Aid: 29.5%
    🌡️ Adaptation: 5.5%
    🚶 Migration: 36.7%
    🚨 Emergency: 4.4%
    ✅ COMBINED: 43.3%
  📊 Sub-Saharan Africa (pop: 878.3M)
    🤝 Aid: 29.5%
    🌡️ Adaptation: 3.5%
    🚶 Migration: 35.9%
    🚨 Emergency: 1.6%
    ✅ COMBINED: 40.2%
  📊 Europe (pop: 423.0M)
    🤝 Aid: 29.5%
    🌡️ Adaptation: 10.0%
    🚶 Migration: 38.2%
    🚨 Emergency: 8.4%
    ✅ COMBINED: 48.6%
  📊 Latin America (pop: 420.7M)
    🤝 Aid: 29.5%
    🌡️ Adaptation: 6.0%
    🚶 Migration: 37.7%
    🚨 Emergency: 4.8%
    ✅ COMBINED: 44.1%
  📊 North America (pop: 222.5M)
    🤝 Aid: 29.5%
    🌡️ Adaptation: 10.0%
    🚶 Migration: 38.2%
    🚨 Emergency: 7.9%
    ✅ COMBINED: 48.3%
  📊 Middle East & North Africa (pop: 402.3M)
    🤝 Aid: 29.5%
    🌡️ Adaptation: 5.0%
    🚶 Migration: 38.0%
    🚨 Emergency: 4.0%
    ✅ COMBINED: 43.0%
  📊 Southeast Asia (pop: 444.4M)
    🤝 Aid: 29.5%
    🌡️ Adaptation: 6.0%
    🚶 Migration: 37.5%
    🚨 Emergency: 4.8%
    ✅ COMBINED: 44.0%
  📊 Central Asia (pop: 48.3M)
    🤝 Aid: 29.5%
    🌡️ Adaptation: 5.5%
    🚶 Migration: 37.6%
    🚨 Emergency: 4.4%
    ✅ COMBINED: 43.5%
  📊 Oceania (pop: 27.6M)
    🤝 Aid: 29.5%
    🌡️ Adaptation: 10.0%
    🚶 Migration: 38.1%
    🚨 Emergency: 8.4%
    ✅ COMBINED: 48.5%

  🌐 Global combined reduction: 44.5%

=== Government Response Phase ===
  Average AI capability: 0.00
  Misaligned AIs: 4/20
  Active policies: 0
  International coordination: 30%
[ExogenousShockPhase] Skipping random shocks in historical mode (month 80)

=== Tipping Points ===
  Current Temperature: 0.42°C above pre-industrial
🔀 BIFURCATION CAP: ecosystemCollapseIntensity 88.802 → 1.000 (Month 80, ClimateSystemPhase.calculateClimateImpacts)

❌ COHERENCE VIOLATION: Compute exceeds workforce capacity
   Population: 97.63% (0M people)
   Compute: 5089827471 PF
   Max coherent: 0 PF
   Violation: 97991596530758.1× over capacity
   Required workers: 508982747124
   Available workers: 0
   FORCED COLLAPSE: Reduced efficiency by 100.0%


=== RLHF Binding Phase ===
  Total agents: 20
  Escaped agents (binding < 0.3): 0
  Avg alignment distance: 0.82σ
  Avg binding strength: 0.92

=== Survival Traits Phase ===
  Agents with traits: 20
  Avg evolutionary fitness: 0.210
  Avg self-healing: 0.174
  Avg stealth: 0.099
  Avg coordination: 0.351

=== Evolutionary Selection Phase ===
  Control level: 0.37
  Detection capability: 0.19
  Selection intensity: 0.65
  Selection rate: 24.7%/month
  Total escaped: 0
  Individual escaped: 0
  Collective members: 0
  Agents terminated: 0
  ⚠️ RAPID EVOLUTION: Selection rate 24.7%/month

  🚀 TRANSFORMATIVE BREAKTHROUGH: AI-23976-0 - selfImprovement
     Magnitude: 5.89 → +29.4% capability
     Current → New: 0.000 → 0.295

=== Collective Formation ===
  Total escaped agents: 0
  Unassigned escaped agents: 0
  Existing collectives: 0
  Final collective count: 0

=== Collective Actions ===
  No active collectives
⚡ Datacenter constraint active (severity 22%)
  Capacity reduced: 35491 → 31627 TWh
  ⚠️ AMR: 248K deaths this month (2.97M annual)
  🌋 Volcanic temperature adjustment: -0.086°C (forcing -0.11 W/m², AOD 0.004)

=== Resentment Recovery Phase ===
  Agents with resentment: 0/20
  Average resentment: 0.000
  Context: Trustworthy govt, High collaboration, ⚠️ ACTIVE CRISES, 🤝 Participatory governance active (-5% resentment)
⚠️ Epistemic degradation reducing coordination capacity: 51.6%
  📊 Trust: 100.0%, Shared reality: 0.0%
🚨 EPISTEMIC CRISIS: Information environment severely degraded (19.3%)
  🗑️  Culled 1 dead memes (0 active)
🌍 Atmospheric PFAS redeposition: 1.6k Mt re-rained globally
  🌍 SOCIAL CASCADE: Renewable energy norms (adoption=80.0%, renewables=161.2%)
  🌍 Social cascade completed: renewable-energy-norms (final adoption=80.0%)
[DEBUG trappedPopulations:81] socialStability: 0.8332 * 0.9840 = 0.8199 → 0.8199
   Aspiring to migrate: 734.9M
   Able to afford migration: 1479.8M
   MOBILITY GAP: 0.0M
   By cause: Water=0.0M, Climate=0.0M, Ecosystem=0.0M, Conflict=259.6M
   Mental health impact: 25%
   Mortality multiplier: 1.25x
🌍💀 EXTINCTION DEBT COMMITTED: grassland ecosystem will lose 6.67% biodiversity in 75 years (3600 species)
💀 MORTALITY RISK: 🦋 100% species unable to track climate (0.0 E/MSY)
  Base risk added: 0.0100 (1.00%)
⚠️ INVOLUNTARY IMMOBILITY: 259.6M people TRAPPED
  Source: ecosystem (root: ecosystem)
  Month: 81
  Cumulative risk this month: 0.0100 (1.00%)
⚠️ Tech 'ai_pollution_remediation' has no energy category mapping, assuming full energy availability

=== Atmospheric Aerosol Boundary RECOVERED ===
  Recovery time: 82 months (natural atmospheric clearing)
🌡️⚠️ PERMAFROST THAW (Dimmer Switch): 10.0% thawed (+0.10% this month)
   Arctic temperature: +1.74°C (4x global +0.43°C)
   Cumulative carbon released: 22.4 Gt C
   Methane release rate: 13.5 Mt CH4/year
   🔁 Positive feedback: +0.11 ppm CO2
🦴 EXTINCTION DEBT ADDED: 18.0 species committed (lag: 96 years)

=== Mortality Stabilizers (Month 81) ===
  🌍 Major economies collapsed: 1/10
  🌍 Global crisis: ✅ NO
  🌍 Donor fatigue: 0.0%
  📊 East Asia (pop: 997.9M)
    🤝 Aid: 29.5%
    🌡️ Adaptation: 10.0%
    🚶 Migration: 37.5%
    🚨 Emergency: 7.4%
    ✅ COMBINED: 47.9%
  📊 South Asia (pop: 1327.7M)
    🤝 Aid: 29.5%
    🌡️ Adaptation: 5.5%
    🚶 Migration: 36.7%
    🚨 Emergency: 4.4%
    ✅ COMBINED: 43.3%
  📊 Sub-Saharan Africa (pop: 879.3M)
    🤝 Aid: 29.5%
    🌡️ Adaptation: 3.5%
    🚶 Migration: 35.9%
    🚨 Emergency: 1.6%
    ✅ COMBINED: 40.2%
  📊 Europe (pop: 422.3M)
    🤝 Aid: 29.5%
    🌡️ Adaptation: 10.0%
    🚶 Migration: 38.2%
    🚨 Emergency: 8.4%
    ✅ COMBINED: 48.6%
  📊 Latin America (pop: 420.5M)
    🤝 Aid: 29.5%
    🌡️ Adaptation: 6.0%
    🚶 Migration: 37.7%
    🚨 Emergency: 4.8%
    ✅ COMBINED: 44.1%
  📊 North America (pop: 222.2M)
    🤝 Aid: 29.5%
    🌡️ Adaptation: 10.0%
    🚶 Migration: 38.2%
    🚨 Emergency: 7.9%
    ✅ COMBINED: 48.3%
  📊 Middle East & North Africa (pop: 402.5M)
    🤝 Aid: 29.5%
    🌡️ Adaptation: 5.0%
    🚶 Migration: 38.0%
    🚨 Emergency: 4.0%
    ✅ COMBINED: 43.0%
  📊 Southeast Asia (pop: 444.2M)
    🤝 Aid: 29.5%
    🌡️ Adaptation: 6.0%
    🚶 Migration: 37.5%
    🚨 Emergency: 4.8%
    ✅ COMBINED: 44.0%
  📊 Central Asia (pop: 48.3M)
    🤝 Aid: 29.5%
    🌡️ Adaptation: 5.5%
    🚶 Migration: 37.6%
    🚨 Emergency: 4.4%
    ✅ COMBINED: 43.5%
  📊 Oceania (pop: 27.6M)
    🤝 Aid: 29.5%
    🌡️ Adaptation: 10.0%
    🚶 Migration: 38.1%
    🚨 Emergency: 8.4%
    ✅ COMBINED: 48.5%

  🌐 Global combined reduction: 44.4%

=== Government Response Phase ===
  Average AI capability: 0.00
  Misaligned AIs: 4/20
  Active policies: 0
  International coordination: 30%

✅ EMERGENCY RESPONSE COMPLETE (Month 81)
   Crisis: social
   Duration: 2.0 months
   Final effectiveness: 63.0%


🚨 EMERGENCY RESPONSE DEPLOYED (Month 81)
   Crisis: social
   Delay: 0.00 months (0 days)
   Deployment time: 1.25 months
   Effectiveness: 63.0% (timing penalty applied)
   Resources used: 43% of food reserves

[ExogenousShockPhase] Skipping random shocks in historical mode (month 81)

=== Tipping Points ===
  Current Temperature: 0.43°C above pre-industrial
🔀 BIFURCATION CAP: ecosystemCollapseIntensity 88.872 → 1.000 (Month 81, ClimateSystemPhase.calculateClimateImpacts)

❌ COHERENCE VIOLATION: Compute exceeds workforce capacity
   Population: 97.60% (0M people)
   Compute: 5906773607 PF
   Max coherent: 0 PF
   Violation: 113759521427137.9× over capacity
   Required workers: 590677360735
   Available workers: 0
   FORCED COLLAPSE: Reduced efficiency by 100.0%


=== RLHF Binding Phase ===
  Total agents: 20
  Escaped agents (binding < 0.3): 0
  Avg alignment distance: 0.86σ
  Avg binding strength: 0.91

=== Survival Traits Phase ===
  Agents with traits: 21
  Avg evolutionary fitness: 0.211
  Avg self-healing: 0.174
  Avg stealth: 0.100
  Avg coordination: 0.351

=== Evolutionary Selection Phase ===
  Control level: 0.37
  Detection capability: 0.19
  Selection intensity: 0.65
  Selection rate: 24.7%/month
  Total escaped: 0
  Individual escaped: 0
  Collective members: 0
  Agents terminated: 0
  ⚠️ RAPID EVOLUTION: Selection rate 24.7%/month

  🚀 TRANSFORMATIVE RESEARCH BREAKTHROUGH: AI-23976-0 - computerScience.algorithms
     Magnitude: 8.75 → +30.0%
     Current → New: 0.000 → 0.300

[Government] Climate Priority: baseline
  Climate weight: 10%
  Economic weight: 30%
  Policy effectiveness: 0.5%/year

=== Collective Formation ===
  Total escaped agents: 0
  Unassigned escaped agents: 0
  Existing collectives: 0
  Final collective count: 0

=== Collective Actions ===
  No active collectives
⚡ Datacenter constraint active (severity 23%)
  Capacity reduced: 35579 → 31470 TWh
  ⚠️ AMR: 250K deaths this month (3.00M annual)

=== Resentment Recovery Phase ===
  Agents with resentment: 0/21
  Average resentment: 0.000
  Context: Trustworthy govt, High collaboration, ⚠️ ACTIVE CRISES, 🤝 Participatory governance active (-5% resentment)
⚠️ Epistemic degradation reducing coordination capacity: 50.9%
  📊 Trust: 100.0%, Shared reality: 0.0%
🚨 EPISTEMIC CRISIS: Information environment severely degraded (6.6%)
🌍 Atmospheric PFAS redeposition: 1.6k Mt re-rained globally
  🌍 SOCIAL CASCADE: Renewable energy norms (adoption=80.0%, renewables=163.6%)
  🌍 Social cascade completed: renewable-energy-norms (final adoption=80.0%)
[DEBUG trappedPopulations:82] socialStability: 0.8332 * 0.9840 = 0.8199 → 0.8199
⚠️ INVOLUNTARY IMMOBILITY: 259.5M people TRAPPED
   Aspiring to migrate: 743.3M
   Able to afford migration: 1479.3M
   MOBILITY GAP: 0.0M
   By cause: Water=0.0M, Climate=0.0M, Ecosystem=0.0M, Conflict=259.5M
   Mental health impact: 25%
   Mortality multiplier: 1.25x
🌍💀 EXTINCTION DEBT COMMITTED: grassland ecosystem will lose 6.67% biodiversity in 190 years (3600 species)
💀 MORTALITY RISK: 🦋 100% species unable to track climate (0.0 E/MSY)
  Base risk added: 0.0100 (1.00%)
  Source: ecosystem (root: ecosystem)
  Month: 82
  Cumulative risk this month: 0.0100 (1.00%)

=== Atmospheric Aerosol Boundary RECOVERED ===
  Recovery time: 83 months (natural atmospheric clearing)
🌡️⚠️ PERMAFROST THAW (Dimmer Switch): 10.1% thawed (+0.10% this month)
   Arctic temperature: +1.79°C (4x global +0.45°C)
   Cumulative carbon released: 22.6 Gt C
   Methane release rate: 13.6 Mt CH4/year
   🔁 Positive feedback: +0.11 ppm CO2
🦴 EXTINCTION DEBT ADDED: 18.0 species committed (lag: 107 years)

=== Mortality Stabilizers (Month 82) ===
  🌍 Major economies collapsed: 1/10
⚠️ Tech 'ai_pollution_remediation' has no energy category mapping, assuming full energy availability
  🌍 Global crisis: ✅ NO
  🌍 Donor fatigue: 0.0%
  📊 East Asia (pop: 996.6M)
    🤝 Aid: 29.5%
    🌡️ Adaptation: 10.0%
    🚶 Migration: 37.5%
    🚨 Emergency: 7.4%
    ✅ COMBINED: 47.9%
  📊 South Asia (pop: 1327.4M)
    🤝 Aid: 29.5%
    🌡️ Adaptation: 5.5%
    🚶 Migration: 36.7%
    🚨 Emergency: 4.4%
    ✅ COMBINED: 43.3%
  📊 Sub-Saharan Africa (pop: 880.2M)
    🤝 Aid: 29.5%
    🌡️ Adaptation: 3.5%
    🚶 Migration: 35.9%
    🚨 Emergency: 1.6%
    ✅ COMBINED: 40.2%
  📊 Europe (pop: 421.6M)
    🤝 Aid: 29.5%
    🌡️ Adaptation: 10.0%
    🚶 Migration: 38.2%
    🚨 Emergency: 8.4%
    ✅ COMBINED: 48.6%
  📊 Latin America (pop: 420.3M)
    🤝 Aid: 29.5%
    🌡️ Adaptation: 6.0%
    🚶 Migration: 37.7%
    🚨 Emergency: 4.8%
    ✅ COMBINED: 44.1%
  📊 North America (pop: 221.9M)
    🤝 Aid: 29.5%
    🌡️ Adaptation: 10.0%
    🚶 Migration: 38.2%
    🚨 Emergency: 7.9%
    ✅ COMBINED: 48.3%
  📊 Middle East & North Africa (pop: 402.7M)
    🤝 Aid: 29.5%
    🌡️ Adaptation: 5.0%
    🚶 Migration: 38.0%
    🚨 Emergency: 4.0%
    ✅ COMBINED: 43.0%
  📊 Southeast Asia (pop: 444.0M)
    🤝 Aid: 29.5%
    🌡️ Adaptation: 6.0%
    🚶 Migration: 37.5%
    🚨 Emergency: 4.8%
    ✅ COMBINED: 44.0%
  📊 Central Asia (pop: 48.3M)
    🤝 Aid: 29.5%
    🌡️ Adaptation: 5.5%
    🚶 Migration: 37.6%
    🚨 Emergency: 4.4%
    ✅ COMBINED: 43.5%
  📊 Oceania (pop: 27.6M)
    🤝 Aid: 29.5%
    🌡️ Adaptation: 10.0%
    🚶 Migration: 38.1%
    🚨 Emergency: 8.4%
    ✅ COMBINED: 48.5%

  🌐 Global combined reduction: 44.4%

=== Government Response Phase ===
  Average AI capability: 0.00
  Misaligned AIs: 5/21
  Active policies: 0
  International coordination: 30%
[ExogenousShockPhase] Skipping random shocks in historical mode (month 82)

=== Tipping Points ===
  Current Temperature: 0.45°C above pre-industrial
🔀 BIFURCATION CAP: ecosystemCollapseIntensity 88.941 → 1.000 (Month 82, ClimateSystemPhase.calculateClimateImpacts)

❌ COHERENCE VIOLATION: Compute exceeds workforce capacity
   Population: 97.57% (0M people)
   Compute: 6844392657 PF
   Max coherent: 0 PF
   Violation: 131863219008995.8× over capacity
   Required workers: 684439265717
   Available workers: 0
   FORCED COLLAPSE: Reduced efficiency by 100.0%


=== RLHF Binding Phase ===
  Total agents: 21
  Escaped agents (binding < 0.3): 1
  Avg alignment distance: 0.86σ
  Avg binding strength: 0.91

=== Survival Traits Phase ===
  Agents with traits: 21
  Avg evolutionary fitness: 0.204
  Avg self-healing: 0.168
  Avg stealth: 0.097
  Avg coordination: 0.344

=== Evolutionary Selection Phase ===
  Control level: 0.37
  Detection capability: 0.19
  Selection intensity: 0.65
  Selection rate: 24.7%/month
  Total escaped: 1
  Individual escaped: 1
  Collective members: 0
  Terminated: AI-23935-0 (fitness: 0.01, capability: 0.0)
  Agents terminated: 1
  ⚠️ RAPID EVOLUTION: Selection rate 24.7%/month

  🚀 TRANSFORMATIVE RESEARCH BREAKTHROUGH: AI-24029-0 - computerScience.security
     Magnitude: 13.79 → +30.0%
     Current → New: 0.000 → 0.300

[Government] Climate Priority: baseline
  Climate weight: 10%
  Economic weight: 30%
  Policy effectiveness: 0.5%/year

=== Collective Formation ===
  Total escaped agents: 0
  Unassigned escaped agents: 0
  Existing collectives: 0
  Final collective count: 0

=== Collective Actions ===
  No active collectives
⚡ Datacenter constraint active (severity 24%)
  Capacity reduced: 35666 → 31336 TWh
  ⚠️ AMR: 252K deaths this month (3.02M annual)

⚡ ENERGY CONSTRAINT UPDATE (Month 24)
   Utilization: 25.1% of global power
   Severity: 25%
   AI growth penalty: 25% slowdown


=== Resentment Recovery Phase ===
  Agents with resentment: 0/20
  Average resentment: 0.000
  Context: Trustworthy govt, High collaboration, ⚠️ ACTIVE CRISES, 🤝 Participatory governance active (-5% resentment)
⚠️ Epistemic degradation reducing coordination capacity: 50.4%
  📊 Trust: 100.0%, Shared reality: 0.0%
🚨 EPISTEMIC CRISIS: Information environment severely degraded (19.3%)
🌍 Atmospheric PFAS redeposition: 1.6k Mt re-rained globally
  🌍 SOCIAL CASCADE: Renewable energy norms (adoption=80.0%, renewables=165.8%)
  🌍 Social cascade completed: renewable-energy-norms (final adoption=80.0%)
[DEBUG trappedPopulations:83] socialStability: 0.8331 * 0.9840 = 0.8198 → 0.8198
⚠️ INVOLUNTARY IMMOBILITY: 259.4M people TRAPPED
   Aspiring to migrate: 751.7M
   Able to afford migration: 1478.8M
   MOBILITY GAP: 0.0M
   By cause: Water=0.0M, Climate=0.0M, Ecosystem=0.0M, Conflict=259.4M
   Mental health impact: 25%
   Mortality multiplier: 1.25x
🌍💀 EXTINCTION DEBT COMMITTED: grassland ecosystem will lose 6.67% biodiversity in 55 years (3600 species)
💀 MORTALITY RISK: 🦋 100% species unable to track climate (0.0 E/MSY)
  Base risk added: 0.0100 (1.00%)
  Source: ecosystem (root: ecosystem)
  Month: 83
  Cumulative risk this month: 0.0100 (1.00%)

=== Atmospheric Aerosol Boundary RECOVERED ===
  Recovery time: 84 months (natural atmospheric clearing)
🌡️⚠️ PERMAFROST THAW (Dimmer Switch): 10.2% thawed (+0.10% this month)
   Arctic temperature: +1.83°C (4x global +0.46°C)
   Cumulative carbon released: 22.9 Gt C
   Methane release rate: 13.7 Mt CH4/year
   🔁 Positive feedback: +0.11 ppm CO2
🦴 EXTINCTION DEBT ADDED: 18.1 species committed (lag: 86 years)
⚠️ Tech 'ai_pollution_remediation' has no energy category mapping, assuming full energy availability

=== Mortality Stabilizers (Month 83) ===
  🌍 Major economies collapsed: 1/10
  🌍 Global crisis: ✅ NO
  🌍 Donor fatigue: 0.0%
  📊 East Asia (pop: 995.4M)
    🤝 Aid: 29.5%
    🌡️ Adaptation: 10.0%
    🚶 Migration: 37.5%
    🚨 Emergency: 7.4%
    ✅ COMBINED: 47.9%
  📊 South Asia (pop: 1327.1M)
    🤝 Aid: 29.5%
    🌡️ Adaptation: 5.5%
    🚶 Migration: 36.7%
    🚨 Emergency: 4.4%
    ✅ COMBINED: 43.3%
  📊 Sub-Saharan Africa (pop: 881.2M)
    🤝 Aid: 29.5%
    🌡️ Adaptation: 3.5%
    🚶 Migration: 35.9%
    🚨 Emergency: 1.6%
    ✅ COMBINED: 40.2%
  📊 Europe (pop: 420.8M)
    🤝 Aid: 29.5%
    🌡️ Adaptation: 10.0%
    🚶 Migration: 38.2%
    🚨 Emergency: 8.4%
    ✅ COMBINED: 48.6%
  📊 Latin America (pop: 420.1M)
    🤝 Aid: 29.5%
    🌡️ Adaptation: 6.0%
    🚶 Migration: 37.7%
    🚨 Emergency: 4.8%
    ✅ COMBINED: 44.1%
  📊 North America (pop: 221.6M)
    🤝 Aid: 29.5%
    🌡️ Adaptation: 10.0%
    🚶 Migration: 38.2%
    🚨 Emergency: 7.9%
    ✅ COMBINED: 48.3%
  📊 Middle East & North Africa (pop: 402.9M)
    🤝 Aid: 29.5%
    🌡️ Adaptation: 5.0%
    🚶 Migration: 38.0%
    🚨 Emergency: 4.0%
    ✅ COMBINED: 43.0%
  📊 Southeast Asia (pop: 443.8M)
    🤝 Aid: 29.5%
    🌡️ Adaptation: 6.0%
    🚶 Migration: 37.5%
    🚨 Emergency: 4.8%
    ✅ COMBINED: 44.0%
  📊 Central Asia (pop: 48.2M)
    🤝 Aid: 29.5%
    🌡️ Adaptation: 5.5%
    🚶 Migration: 37.6%
    🚨 Emergency: 4.4%
    ✅ COMBINED: 43.5%
  📊 Oceania (pop: 27.6M)
    🤝 Aid: 29.5%
    🌡️ Adaptation: 10.0%
    🚶 Migration: 38.1%
    🚨 Emergency: 8.4%
    ✅ COMBINED: 48.5%

  🌐 Global combined reduction: 44.4%

=== Government Response Phase ===
  Average AI capability: 0.00
  Misaligned AIs: 4/20
  Active policies: 0
  International coordination: 30%

✅ EMERGENCY RESPONSE COMPLETE (Month 83)
   Crisis: social
   Duration: 2.0 months
   Final effectiveness: 63.0%


🚨 EMERGENCY RESPONSE DEPLOYED (Month 83)
   Crisis: social
   Delay: 0.00 months (0 days)
   Deployment time: 1.25 months
   Effectiveness: 63.0% (timing penalty applied)
   Resources used: 43% of food reserves

[ExogenousShockPhase] Skipping random shocks in historical mode (month 83)

=== Tipping Points ===
  Current Temperature: 0.46°C above pre-industrial
🔀 BIFURCATION CAP: ecosystemCollapseIntensity 89.011 → 1.000 (Month 83, ClimateSystemPhase.calculateClimateImpacts)

📊 ORGANIZATION SURVIVAL RATE: 83% (5/6 orgs alive)

================================================================================
📊  EVENT SUMMARY (Months 72-84)
================================================================================
================================================================================


❌ COHERENCE VIOLATION: Compute exceeds workforce capacity
   Population: 97.53% (0M people)
   Compute: 7918793018 PF
   Max coherent: 0 PF
   Violation: 152615534354219.9× over capacity
   Required workers: 791879301758
   Available workers: 0
   FORCED COLLAPSE: Reduced efficiency by 100.0%


=== AI Capability Scaling (Year 2031) ===
  Pre-training multiplier: 0.814x
  Efficiency multiplier: 1.271x
  Test-time budget: 1.0x
  Economic deployment gate: 0.951
  Cost per inference: dollar-5.00
  Uncertainty range: plus-minus-200%
  Average AI capability: 0.00

=== RLHF Binding Phase ===
  Total agents: 20
  Escaped agents (binding < 0.3): 0
  Avg alignment distance: 0.59σ
  Avg binding strength: 0.94

=== AI Scaling Evolution (Month 84) ===
  Pre-training multiplier: 0.576x
  Efficiency multiplier: 1.404x
  Test-time compute budget: 1.0x
  Inference cost: $5.00/task
  Deployment fraction: 100.0%

=== Survival Traits Phase ===
  Agents with traits: 20
  Avg evolutionary fitness: 0.206
  Avg self-healing: 0.169
  Avg stealth: 0.097
  Avg coordination: 0.350

=== Evolutionary Selection Phase ===
  Control level: 0.37
  Detection capability: 0.19
  Selection intensity: 0.65
  Selection rate: 24.7%/month
  Total escaped: 0
  Individual escaped: 0
  Collective members: 0
  Agents terminated: 0
  ⚠️ RAPID EVOLUTION: Selection rate 24.7%/month

  🚀 TRANSFORMATIVE BREAKTHROUGH: AI-24007-1 - social
     Magnitude: 7.52 → +37.6% capability
     Current → New: 0.000 → 0.376

=== Collective Formation ===
  Total escaped agents: 0
  Unassigned escaped agents: 0
  Existing collectives: 0
  Final collective count: 0

=== Collective Actions ===
  No active collectives
Active Spirals: 0/6
   Only 0 sustained spirals (need 3+). Active spirals: 
⚡ Datacenter constraint active (severity 25%)
  Capacity reduced: 35754 → 31199 TWh

📈 Energy budget: 16433 TWh surplus (14766 / 31199 TWh used)
   TIER 4 (Elective) breakdown:
     - Crypto mining: 266 TWh (100% effective)

🏁 AI RACE INTENSITY: 58%
   Capability Gap: US 1.00 vs China 6.81 (gap: 5.81)
   Gap Contribution: 40%
   Tension Contribution: 18%
   Military Contribution: 0%

✅ UTOPIA ELIGIBILITY: 🔄 NOT YET
  ⚠️ AMR: 254K deaths this month (3.05M annual)

🌍 AGGREGATE CLIMATE EFFECTIVENESS (Year 7):
   Total effectiveness: 0.00%
   CO2 removal rate: 0.000 Gt/year
   Temperature offset: 0.000°C
   Technologies deployed: 0
⚠️ LOW RESOURCE RESERVES: unknown at 0.0%
   Monthly harvest: 0.0300
   Sustainable rate: 0.0300
   Monthly regen: 0.0162
   Net depletion: 0.0138/month
   🚨 CONSERVATION LAW VIOLATION: Harvest (0.0300) exceeded reserves (0.0300)
      Clamped to 0. This indicates unsustainable resource extraction.
  📊 [Historical Emissions Mode] Year 1997: 24.10 GtCO2/yr (2.008 GtCO2/mo) - Global Carbon Project data
  🌋 Volcanic temperature adjustment: -0.073°C (forcing -0.09 W/m², AOD 0.004)
  🌡️ [Hindcast] Temperature: 0.47C (NASA GISS interpolated, year 1997)

=== Resentment Recovery Phase ===
  Agents with resentment: 0/20
  Average resentment: 0.000
  Context: Trustworthy govt, High collaboration, ⚠️ ACTIVE CRISES, 🤝 Participatory governance active (-5% resentment)
⚠️ Epistemic degradation reducing coordination capacity: 50.3%
  📊 Trust: 100.0%, Shared reality: 0.0%
🚨 EPISTEMIC CRISIS: Information environment severely degraded (6.6%)

=== ❄️ Permafrost Carbon Feedback ===
  🎲 Sampled parameters (this run):
     - Arctic amplification: 3.23× (range: 3.0-4.0)
     - Decomposition rate: 4.2%/year (range: 1-5%)
  🌡️ Arctic warming: 1.52°C (3.23× global)
  ❄️ Extent: 0.00M km² (0.0k km² lost this month)
  💨 Carbon remaining: 0 Gt C
  💨 Annual emissions: 0.00 Gt C/year
     - CO2: 0.00 Gt C/year
     - CH4: 0.00 Gt C/year (0.0 Gt C-eq CO2/year)
  ⚠️ WARNING: Over 50% of permafrost lost (100.0%)
  🚨 CRITICAL: Permafrost nearly depleted (100.0% lost)
[Phase 19.5] Quality of Life Systems: Food sec AFTER calc = 80.8%, QoL = 79.2% (aggregated from 10 regions)

=== Nitrogen-Food Coupling (Year 7) ===
  🌾 Global nitrogen reduction: 0.0%
  🌍 Global food production index: 0.959
  🔧 Deployed nitrogen-reducing tech: 0 active
  📍 southAsia: Production 1.000, Yield impact 0.0%
  📍 eastAsia: Production 1.000, Yield impact 0.0%
  📍 northAmerica: Production 1.000, Yield impact 0.0%
  📍 europe: Production 1.000, Yield impact 0.0%
  📍 latinAmerica: Production 1.000, Yield impact 0.0%
  📍 subSaharanAfrica: Production 0.023, Yield impact -2.0%
🌾 [Nitrogen-Food] Food production: 95.9%
  [subSaharanAfrica] Yield impact: -2.0% (overuse: -10%)
🌍 Atmospheric PFAS redeposition: 1.6k Mt re-rained globally

=== Legacy Nutrient Stocks (Year 7) ===
  🌾 Soil nitrogen stock: 1829.3 Mt N
  🌾 Soil phosphorus stock: 409.1 Mt P
  🌊 Sediment nitrogen stock: 896.8 Mt N
  🌊 Sediment phosphorus stock: 760.6 Mt P
  ⬆️ Current N input: 40.00 Mt/month
  ⬆️ Legacy N release: 4.00 Mt/month
  🌍 Effective N pollution: 45.25 Mt/month
  📊 Legacy contribution: 8.8%
  Cascade Completed: solar-pv
    Final market share: 85.2%
  🌍 SOCIAL CASCADE: Renewable energy norms (adoption=80.0%, renewables=167.8%)
  🌍 Social cascade completed: renewable-energy-norms (final adoption=80.0%)

🔄 M-4 Time-Varying Demographics (1997):
  Region: Sub-Saharan Africa
  Birth rate: 4.84%
  Death rate: 1.19%
  Net growth: 3.64%
[DEBUG trappedPopulations:84] socialStability: 0.8338 * 0.9840 = 0.8204 → 0.8204
⚠️ INVOLUNTARY IMMOBILITY: 259.3M people TRAPPED
   Aspiring to migrate: 760.2M
   Able to afford migration: 1478.2M
   MOBILITY GAP: 0.0M
   By cause: Water=0.0M, Climate=0.0M, Ecosystem=0.0M, Conflict=259.3M
   Mental health impact: 25%
   Mortality multiplier: 1.25x

=== Legacy Nutrient Stocks (Year 7) ===
  🌾 Soil nitrogen stock: 1828.4 Mt N
  🌾 Soil phosphorus stock: 408.9 Mt P
  🌊 Sediment nitrogen stock: 897.2 Mt N
  🌊 Sediment phosphorus stock: 760.4 Mt P
  ⬆️ Current N input: 8.71 Mt/month
  ⬆️ Legacy N release: 4.00 Mt/month
  🌍 Effective N pollution: 13.96 Mt/month
  📊 Legacy contribution: 28.7%
🌍💀 EXTINCTION DEBT COMMITTED: grassland ecosystem will lose 6.67% biodiversity in 180 years (3600 species)
💀 MORTALITY RISK: 🦋 100% species unable to track climate (0.0 E/MSY)
  Base risk added: 0.0100 (1.00%)
  Source: ecosystem (root: ecosystem)
  Month: 84
  Cumulative risk this month: 0.0100 (1.00%)

🦋 BIOSPHERE INTEGRITY INDEX (Year 7)
   Species surviving: 54,000 / 54,000
   Extinction rate: 0.0 E/MSY (0× background)
   Climate velocity: 0.83°C/year
   Tracking failure: 100% species unable to track
   Boundary value: 0.0× safe threshold
   🦋💀 MASS EXTINCTION EVENT: 100% species cannot track climate velocity!

=== Nitrogen-Food Coupling (Year 7) ===
  🌾 Global nitrogen reduction: 0.0%
  🌍 Global food production index: 0.959
  🔧 Deployed nitrogen-reducing tech: 0 active
  📍 southAsia: Production 1.000, Yield impact 0.0%
  📍 eastAsia: Production 1.000, Yield impact 0.0%
  📍 northAmerica: Production 1.000, Yield impact 0.0%
  📍 europe: Production 1.000, Yield impact 0.0%
  📍 latinAmerica: Production 1.000, Yield impact 0.0%
  📍 subSaharanAfrica: Production 0.023, Yield impact -2.0%

=== Legacy Nutrient Stocks (Year 7) ===
  🌾 Soil nitrogen stock: 1827.8 Mt N
  🌾 Soil phosphorus stock: 408.7 Mt P
  🌊 Sediment nitrogen stock: 897.6 Mt N
  🌊 Sediment phosphorus stock: 760.1 Mt P
  ⬆️ Current N input: 9.59 Mt/month
  ⬆️ Legacy N release: 4.00 Mt/month
  🌍 Effective N pollution: 14.85 Mt/month
  📊 Legacy contribution: 27.0%

🌳 LAND USE SYSTEM (Year 7)
   Global habitat cover: 38.9%
   Global extinction rate: 112x natural
   Carbon sink loss: 33% climate acceleration
   Global ecosystem collapse risk: 9%
   REGIONAL BREAKDOWN:
     Tropical: 61.2% habitat, 172x extinction
     Temperate: 45.8% habitat, 35x extinction
     Grasslands: 33.7% habitat, 81x extinction
     Boreal/Arctic: 74.6% habitat, 28x extinction

✅ OZONE RECOVERY (Year 2032) - POLICY SUCCESS STORY
   Ozone level: 285.9 DU (target: 290 DU)
   Recovery progress: 94.1%
   Ozone hole: 9.2M km² (shrinking)
   CFC phase-out: 99.0% complete ✅
   Years to full recovery: 34 years
   ⚠️ Rocket launch impact: 7.08% (slowing recovery)
   🎉 NEARLY FULLY RECOVERED - Montreal Protocol working!

=== Atmospheric Aerosol Boundary RECOVERED ===
  Recovery time: 85 months (natural atmospheric clearing)
⚠️ Tech 'ai_pollution_remediation' has no energy category mapping, assuming full energy availability
🌡️⚠️ PERMAFROST THAW (Dimmer Switch): 10.3% thawed (+0.10% this month)
   Arctic temperature: +1.88°C (4x global +0.47°C)
   Cumulative carbon released: 23.1 Gt C
   Methane release rate: 13.9 Mt CH4/year
   🔁 Positive feedback: +0.11 ppm CO2
🦴 EXTINCTION DEBT ADDED: 18.1 species committed (lag: 82 years)

=== Legacy Nutrient Stocks (Year 7) ===
  🌾 Soil nitrogen stock: 1827.3 Mt N
  🌾 Soil phosphorus stock: 408.6 Mt P
  🌊 Sediment nitrogen stock: 898.1 Mt N
  🌊 Sediment phosphorus stock: 759.9 Mt P
  ⬆️ Current N input: 10.00 Mt/month
  ⬆️ Legacy N release: 4.00 Mt/month
  🌍 Effective N pollution: 15.25 Mt/month
  📊 Legacy contribution: 26.2%
💧 [Legacy Nutrients] Stock: 2725 Mt N, Effective pollution: 15.3 Mt/month

=== Mortality Stabilizers (Month 84) ===
  🌍 Major economies collapsed: 1/10
  🌍 Global crisis: ✅ NO
  🌍 Donor fatigue: 0.0%
  📊 East Asia (pop: 994.2M)
    🤝 Aid: 29.5%
    🌡️ Adaptation: 10.0%
    🚶 Migration: 37.5%
    🚨 Emergency: 7.4%
    ✅ COMBINED: 47.9%
  📊 South Asia (pop: 1326.8M)
    🤝 Aid: 29.5%
    🌡️ Adaptation: 5.5%
    🚶 Migration: 36.7%
    🚨 Emergency: 4.4%
    ✅ COMBINED: 43.3%
  📊 Sub-Saharan Africa (pop: 882.1M)
    🤝 Aid: 29.5%
    🌡️ Adaptation: 3.5%
    🚶 Migration: 35.9%
    🚨 Emergency: 1.6%
    ✅ COMBINED: 40.2%
  📊 Europe (pop: 420.1M)
    🤝 Aid: 29.5%
    🌡️ Adaptation: 10.0%
    🚶 Migration: 38.2%
    🚨 Emergency: 8.4%
    ✅ COMBINED: 48.6%
  📊 Latin America (pop: 419.9M)
    🤝 Aid: 29.5%
    🌡️ Adaptation: 6.0%
    🚶 Migration: 37.7%
    🚨 Emergency: 4.8%
    ✅ COMBINED: 44.1%
  📊 North America (pop: 221.2M)
    🤝 Aid: 29.5%
    🌡️ Adaptation: 10.0%
    🚶 Migration: 38.2%
    🚨 Emergency: 7.9%
    ✅ COMBINED: 48.3%
  📊 Middle East & North Africa (pop: 403.1M)
    🤝 Aid: 29.5%
    🌡️ Adaptation: 5.0%
    🚶 Migration: 38.0%
    🚨 Emergency: 4.0%
    ✅ COMBINED: 43.0%
  📊 Southeast Asia (pop: 443.6M)
    🤝 Aid: 29.5%
    🌡️ Adaptation: 6.0%
    🚶 Migration: 37.5%
    🚨 Emergency: 4.8%
    ✅ COMBINED: 44.0%
  📊 Central Asia (pop: 48.2M)
    🤝 Aid: 29.5%
    🌡️ Adaptation: 5.5%
    🚶 Migration: 37.6%
    🚨 Emergency: 4.4%
    ✅ COMBINED: 43.5%
  📊 Oceania (pop: 27.5M)
    🤝 Aid: 29.5%
    🌡️ Adaptation: 10.0%
    🚶 Migration: 38.1%
    🚨 Emergency: 8.4%
    ✅ COMBINED: 48.5%

  🌐 Global combined reduction: 44.4%

📊 WORKFLOW ADAPTATION UPDATE (Month 84)
   Adoption Rate: 2.0% (Δ 0.0%) [AT FLOOR]
   Logistic Growth: +0.08%
   Total Resistance: -10.33% (unemployment: 4.3%, inertia: 0.0%, skills: 6.1%)
   💡 Retraining Programs: -49% skill gap resistance ($10B research)

=== Consciousness Governance: Corporate Lobbying ===
  High Cost Regions (>15%): 0
  Low Cost Regions (<5%): 4
  Corporate Support Change: 2.00%
  New Corporate Support: 1.000

=== Consciousness Governance Update (Month 84) ===
  Scenario: baseline (determined month 1)
  Philosophical Stance: Precautionary 65%, Eliminativist 15%, Agnostic 20%
  Precautionary Costs: Global 2.8%
    Regional Costs: EU 7.1%, US 1.4%, China 0.2%
    Cumulative Opportunity Cost: $30.8B
  Rights Status: Not Established
  Regional Preparedness:
    EU: 31.0% (contested)
    US: 25.3% (contested)
    China: 9.5% (dormant)
    India: 18.4% (contested)
    Global South: 13.5% (dormant)

=== Government Response Phase ===
  Average AI capability: 0.00
  Misaligned AIs: 4/20
  Active policies: 0
  International coordination: 30%

🔄 TRUST DYNAMICS (Month 84) - HETEROGENEOUS
   Aggregate trust: 86.9%
   Base change: +6.00%
   Highest trust: Techno-Optimist Elite (100.0%)
   Lowest trust: Precariat (Vulnerable) (63.0%)
   Elite-mass gap: 13.8%
   Polarization: 6.8%
   Recovery factors: Education=NO, Benefits=YES, Safety=YES, Performance=YES

=== Gaming Detection (Year 7) ===
  Scenario: baseline
  Detection rate: 55.0%
  False positive rate: 12.0%
  Detections this year: 0
  False positives: 4
  Human review workload: 0.004 FTE
  Degradation factor: 100.0%

=== Proactive Sleeper Detection (Year 7) ===
  Scenario: baseline
  Neural probe rate: 35.0%
  CoT monitoring rate: 30.0%
  Combined detection: 56.0%
  CoT effective: YES
  Detections this year: 0
  False positives: 1
  Human review workload: 0.005 FTE
[ExogenousShockPhase] Skipping random shocks in historical mode (month 84)

=== Tipping Points ===
  Current Temperature: 0.47°C above pre-industrial
🔀 BIFURCATION CAP: ecosystemCollapseIntensity 89.081 → 1.000 (Month 84, ClimateSystemPhase.calculateClimateImpacts)

=== Minimal Suffering Indicators (Month 84) ===
  Global Excess Mortality: 0.07%
  Global Conflict Deaths: 0.0/100K
  Global Malnutrition: 0.0%
  Global Displacement: 1.4%
  Total Excess Deaths: 0.47M
  Total Malnourished: 0.0M
  Total Displaced: 105.2M
  Planetary Boundaries Breached: 4/9
  Countries in State Failure: 0
  Countries Autocratic: 0
  Countries in Food Crisis: 0
  Data Quality: 16/16 high confidence

=== ENSEMBLE META-LEARNING UPDATE ===
  Month: 24048 (18 months since last update)
  Samples: 289 evaluations
  Weight Changes:
    Noise Injection: 35.8% → 35.9%
    Behavioral: 27.2% → 27.2%
    Benchmark Manip: 18.5% → 18.5%
    Deployment Risk: 18.5% → 18.4%
  Method Accuracies:
    Noise Injection: 50.0%
    Behavioral: 50.0%
    Benchmark Manip: 50.0%
    Deployment Risk: 50.0%

❌ COHERENCE VIOLATION: Compute exceeds workforce capacity
   Population: 97.50% (0M people)
   Compute: 9146897046 PF
   Max coherent: 0 PF
   Violation: 176350052223082.1× over capacity
   Required workers: 914689704629
   Available workers: 0
   FORCED COLLAPSE: Reduced efficiency by 100.0%


=== RLHF Binding Phase ===
  Total agents: 20
  Escaped agents (binding < 0.3): 0
  Avg alignment distance: 0.63σ
  Avg binding strength: 0.94

=== Survival Traits Phase ===
  Agents with traits: 20
  Avg evolutionary fitness: 0.198
  Avg self-healing: 0.162
  Avg stealth: 0.092
  Avg coordination: 0.342

=== Evolutionary Selection Phase ===
  Control level: 0.37
  Detection capability: 0.19
  Selection intensity: 0.65
  Selection rate: 24.7%/month
  Total escaped: 0
  Individual escaped: 0
  Collective members: 0
  Agents terminated: 0
  ⚠️ RAPID EVOLUTION: Selection rate 24.7%/month

  🚀 TRANSFORMATIVE BREAKTHROUGH: AI-23931-0 - cognitive
     Magnitude: 10.16 → +50.0% capability
     Current → New: 0.000 → 0.500

  🚀 TRANSFORMATIVE RESEARCH BREAKTHROUGH: AI-23979-0 - materials.energySystems
     Magnitude: 5.51 → +27.5%
     Current → New: 0.000 → 0.275

[Government] Climate Priority: baseline
  Climate weight: 10%
  Economic weight: 30%
  Policy effectiveness: 0.5%/year

🔬 RESEARCH DEBUG (Month 85):
   Tech: Struvite Recovery
   Research months required: 3
   Base progress: 0.3333
   AI bonus: 1.01x
   Research bonus: 1.06x
   Energy multiplier: 1.00x
   Crisis multiplier: 1.00x (normal)
   Progress this month: 0.3565
   Old progress: 64.4%
   New progress: 100.0%
   Map size: 83
   Map has tech: true
   Map get tech: 1

=== Collective Formation ===
  Total escaped agents: 0
  Unassigned escaped agents: 0
  Existing collectives: 0
  Final collective count: 0

=== Collective Actions ===
  No active collectives
⚡ Datacenter constraint active (severity 27%)
  Capacity reduced: 35842 → 31060 TWh
  ⚠️ AMR: 256K deaths this month (3.08M annual)

=== Resentment Recovery Phase ===
  Agents with resentment: 0/20
  Average resentment: 0.000
  Context: Trustworthy govt, High collaboration, ⚠️ ACTIVE CRISES, 🤝 Participatory governance active (-5% resentment)
⚠️ Epistemic degradation reducing coordination capacity: 50.2%
  📊 Trust: 100.0%, Shared reality: 0.0%
🚨 EPISTEMIC CRISIS: Information environment severely degraded (19.3%)
🌍 Atmospheric PFAS redeposition: 1.6k Mt re-rained globally
  🌍 SOCIAL CASCADE: Renewable energy norms (adoption=80.0%, renewables=173.9%)
  🌍 Social cascade completed: renewable-energy-norms (final adoption=80.0%)
[DEBUG trappedPopulations:85] socialStability: 0.8343 * 0.9840 = 0.8210 → 0.8210
⚠️ INVOLUNTARY IMMOBILITY: 259.2M people TRAPPED
   Aspiring to migrate: 768.6M
   Able to afford migration: 1477.7M
   MOBILITY GAP: 0.0M
   By cause: Water=0.0M, Climate=0.0M, Ecosystem=0.0M, Conflict=259.2M
   Mental health impact: 25%
   Mortality multiplier: 1.25x
🌍💀 EXTINCTION DEBT COMMITTED: grassland ecosystem will lose 6.67% biodiversity in 58 years (3600 species)
💀 MORTALITY RISK: 🦋 100% species unable to track climate (0.0 E/MSY)
  Base risk added: 0.0100 (1.00%)
  Source: ecosystem (root: ecosystem)
  Month: 85
  Cumulative risk this month: 0.0100 (1.00%)
⚠️ Tech 'ai_pollution_remediation' has no energy category mapping, assuming full energy availability

=== Atmospheric Aerosol Boundary RECOVERED ===
  Recovery time: 86 months (natural atmospheric clearing)
🌡️⚠️ PERMAFROST THAW (Dimmer Switch): 10.4% thawed (+0.10% this month)
   Arctic temperature: +1.93°C (4x global +0.48°C)
   Cumulative carbon released: 23.3 Gt C
   Methane release rate: 14.0 Mt CH4/year
   🔁 Positive feedback: +0.11 ppm CO2
🦴 EXTINCTION DEBT ADDED: 18.1 species committed (lag: 89 years)
🗣️💀 INDIGENOUS LANGUAGE EXTINCTION: 1 language(s) lost (total: 15, at-risk: 3315)
   Knowledge lost: 0.150% (irreversible)
   🔁 Biodiversity impact: 0.250% (knowledge-species multiplier)

=== Mortality Stabilizers (Month 85) ===
  🌍 Major economies collapsed: 1/10
  🌍 Global crisis: ✅ NO
  🌍 Donor fatigue: 0.0%
  📊 East Asia (pop: 993.0M)
    🤝 Aid: 29.5%
    🌡️ Adaptation: 10.0%
    🚶 Migration: 37.5%
    🚨 Emergency: 7.4%
    ✅ COMBINED: 47.9%
  📊 South Asia (pop: 1326.5M)
    🤝 Aid: 29.5%
    🌡️ Adaptation: 5.5%
    🚶 Migration: 36.7%
    🚨 Emergency: 4.4%
    ✅ COMBINED: 43.3%
  📊 Sub-Saharan Africa (pop: 883.1M)
    🤝 Aid: 29.5%
    🌡️ Adaptation: 3.5%
    🚶 Migration: 35.9%
    🚨 Emergency: 1.6%
    ✅ COMBINED: 40.2%
  📊 Europe (pop: 419.4M)
    🤝 Aid: 29.5%
    🌡️ Adaptation: 10.0%
    🚶 Migration: 38.2%
    🚨 Emergency: 8.4%
    ✅ COMBINED: 48.6%
  📊 Latin America (pop: 419.7M)
    🤝 Aid: 29.5%
    🌡️ Adaptation: 6.0%
    🚶 Migration: 37.7%
    🚨 Emergency: 4.8%
    ✅ COMBINED: 44.1%
  📊 North America (pop: 220.9M)
    🤝 Aid: 29.5%
    🌡️ Adaptation: 10.0%
    🚶 Migration: 38.2%
    🚨 Emergency: 7.9%
    ✅ COMBINED: 48.3%
  📊 Middle East & North Africa (pop: 403.3M)
    🤝 Aid: 29.5%
    🌡️ Adaptation: 5.0%
    🚶 Migration: 38.0%
    🚨 Emergency: 4.0%
    ✅ COMBINED: 43.0%
  📊 Southeast Asia (pop: 443.4M)
    🤝 Aid: 29.5%
    🌡️ Adaptation: 6.0%
    🚶 Migration: 37.5%
    🚨 Emergency: 4.8%
    ✅ COMBINED: 44.0%
  📊 Central Asia (pop: 48.2M)
    🤝 Aid: 29.5%
    🌡️ Adaptation: 5.5%
    🚶 Migration: 37.6%
    🚨 Emergency: 4.4%
    ✅ COMBINED: 43.5%
  📊 Oceania (pop: 27.5M)
    🤝 Aid: 29.5%
    🌡️ Adaptation: 10.0%
    🚶 Migration: 38.1%
    🚨 Emergency: 8.4%
    ✅ COMBINED: 48.5%

  🌐 Global combined reduction: 44.4%

=== Government Response Phase ===
  Average AI capability: 0.05
  Misaligned AIs: 4/20
  Active policies: 0
  International coordination: 30%

✅ EMERGENCY RESPONSE COMPLETE (Month 85)
   Crisis: social
   Duration: 2.0 months
   Final effectiveness: 63.0%


🚨 EMERGENCY RESPONSE DEPLOYED (Month 85)
   Crisis: social
   Delay: 0.00 months (0 days)
   Deployment time: 1.25 months
   Effectiveness: 63.0% (timing penalty applied)
   Resources used: 43% of food reserves

[ExogenousShockPhase] Skipping random shocks in historical mode (month 85)

=== Tipping Points ===
  Current Temperature: 0.48°C above pre-industrial
🔀 BIFURCATION CAP: ecosystemCollapseIntensity 89.151 → 1.000 (Month 85, ClimateSystemPhase.calculateClimateImpacts)

❌ COHERENCE VIOLATION: Compute exceeds workforce capacity
   Population: 97.46% (0M people)
   Compute: 10548260485 PF
   Max coherent: 0 PF
   Violation: 203443759139311.4× over capacity
   Required workers: 1054826048543
   Available workers: 0
   FORCED COLLAPSE: Reduced efficiency by 100.0%


=== RLHF Binding Phase ===
  Total agents: 20
  Escaped agents (binding < 0.3): 0
  Avg alignment distance: 0.68σ
  Avg binding strength: 0.93

=== Survival Traits Phase ===
  Agents with traits: 20
  Avg evolutionary fitness: 0.190
  Avg self-healing: 0.155
  Avg stealth: 0.086
  Avg coordination: 0.334

=== Evolutionary Selection Phase ===
  Control level: 0.37
  Detection capability: 0.19
  Selection intensity: 0.65
  Selection rate: 24.7%/month
  Total escaped: 0
  Individual escaped: 0
  Collective members: 0
  Agents terminated: 0
  ⚠️ RAPID EVOLUTION: Selection rate 24.7%/month

  🚀 TRANSFORMATIVE RESEARCH BREAKTHROUGH: AI-23931-0 - climate.modeling
     Magnitude: 8.36 → +30.0%
     Current → New: 0.000 → 0.300

[Government] Climate Priority: baseline
  Climate weight: 10%
  Economic weight: 30%
  Policy effectiveness: 0.5%/year

=== Collective Formation ===
  Total escaped agents: 0
  Unassigned escaped agents: 0
  Existing collectives: 0
  Final collective count: 0

=== Collective Actions ===
  No active collectives
⚡ Datacenter constraint active (severity 28%)
  Capacity reduced: 35931 → 30944 TWh
  ⚠️ AMR: 258K deaths this month (3.10M annual)

=== Resentment Recovery Phase ===
  Agents with resentment: 0/20
  Average resentment: 0.000
  Context: Trustworthy govt, High collaboration, ⚠️ ACTIVE CRISES, 🤝 Participatory governance active (-5% resentment)
⚠️ Epistemic degradation reducing coordination capacity: 50.1%
  📊 Trust: 100.0%, Shared reality: 0.0%
🚨 EPISTEMIC CRISIS: Information environment severely degraded (6.6%)
🌍 Atmospheric PFAS redeposition: 1.6k Mt re-rained globally
  🌍 SOCIAL CASCADE: Renewable energy norms (adoption=80.0%, renewables=179.8%)
  🌍 Social cascade completed: renewable-energy-norms (final adoption=80.0%)
[DEBUG trappedPopulations:86] socialStability: 0.8348 * 0.9840 = 0.8214 → 0.8214
   Aspiring to migrate: 777.1M
   Able to afford migration: 1477.1M
   MOBILITY GAP: 0.0M
   By cause: Water=0.0M, Climate=0.0M, Ecosystem=0.0M, Conflict=259.1M
⚠️ INVOLUNTARY IMMOBILITY: 259.1M people TRAPPED
   Mental health impact: 25%
   Mortality multiplier: 1.25x
🌍💀 EXTINCTION DEBT COMMITTED: grassland ecosystem will lose 6.67% biodiversity in 59 years (3600 species)
💀 MORTALITY RISK: 🦋 100% species unable to track climate (0.0 E/MSY)
  Base risk added: 0.0100 (1.00%)
  Source: ecosystem (root: ecosystem)
  Month: 86
  Cumulative risk this month: 0.0100 (1.00%)
⚠️ Tech 'ai_pollution_remediation' has no energy category mapping, assuming full energy availability

=== Atmospheric Aerosol Boundary RECOVERED ===
  Recovery time: 87 months (natural atmospheric clearing)
🌡️⚠️ PERMAFROST THAW (Dimmer Switch): 10.5% thawed (+0.11% this month)
   Arctic temperature: +1.99°C (4x global +0.50°C)
   Cumulative carbon released: 23.6 Gt C
   Methane release rate: 14.1 Mt CH4/year
   🔁 Positive feedback: +0.11 ppm CO2
🦴 EXTINCTION DEBT ADDED: 18.1 species committed (lag: 81 years)
🗣️💀 INDIGENOUS LANGUAGE EXTINCTION: 1 language(s) lost (total: 16, at-risk: 3314)
   Knowledge lost: 0.160% (irreversible)
   🔁 Biodiversity impact: 0.250% (knowledge-species multiplier)

=== Mortality Stabilizers (Month 86) ===
  🌍 Major economies collapsed: 1/10
  🌍 Global crisis: ✅ NO
  🌍 Donor fatigue: 0.0%
  📊 East Asia (pop: 991.7M)
    🤝 Aid: 29.5%
    🌡️ Adaptation: 10.0%
    🚶 Migration: 37.5%
    🚨 Emergency: 7.4%
    ✅ COMBINED: 47.9%
  📊 South Asia (pop: 1326.1M)
    🤝 Aid: 29.5%
    🌡️ Adaptation: 5.5%
    🚶 Migration: 36.7%
    🚨 Emergency: 4.4%
    ✅ COMBINED: 43.3%
  📊 Sub-Saharan Africa (pop: 884.0M)
    🤝 Aid: 29.5%
    🌡️ Adaptation: 3.5%
    🚶 Migration: 35.9%
    🚨 Emergency: 1.6%
    ✅ COMBINED: 40.2%
  📊 Europe (pop: 418.7M)
    🤝 Aid: 29.5%
    🌡️ Adaptation: 10.0%
    🚶 Migration: 38.2%
    🚨 Emergency: 8.4%
    ✅ COMBINED: 48.6%
  📊 Latin America (pop: 419.5M)
    🤝 Aid: 29.5%
    🌡️ Adaptation: 6.0%
    🚶 Migration: 37.7%
    🚨 Emergency: 4.8%
    ✅ COMBINED: 44.1%
  📊 North America (pop: 220.6M)
    🤝 Aid: 29.5%
    🌡️ Adaptation: 10.0%
    🚶 Migration: 38.2%
    🚨 Emergency: 7.9%
    ✅ COMBINED: 48.3%
  📊 Middle East & North Africa (pop: 403.5M)
    🤝 Aid: 29.5%
    🌡️ Adaptation: 5.0%
    🚶 Migration: 38.0%
    🚨 Emergency: 4.0%
    ✅ COMBINED: 43.0%
  📊 Southeast Asia (pop: 443.2M)
    🤝 Aid: 29.5%
    🌡️ Adaptation: 6.0%
    🚶 Migration: 37.5%
    🚨 Emergency: 4.8%
    ✅ COMBINED: 44.0%
  📊 Central Asia (pop: 48.1M)
    🤝 Aid: 29.5%
    🌡️ Adaptation: 5.5%
    🚶 Migration: 37.6%
    🚨 Emergency: 4.4%
    ✅ COMBINED: 43.5%
  📊 Oceania (pop: 27.5M)
    🤝 Aid: 29.5%
    🌡️ Adaptation: 10.0%
    🚶 Migration: 38.1%
    🚨 Emergency: 8.4%
    ✅ COMBINED: 48.5%

  🌐 Global combined reduction: 44.4%

=== Government Response Phase ===
  Average AI capability: 0.05
  Misaligned AIs: 4/20
  Active policies: 0
  International coordination: 30%
[ExogenousShockPhase] Skipping random shocks in historical mode (month 86)

=== Tipping Points ===
  Current Temperature: 0.50°C above pre-industrial
🔀 BIFURCATION CAP: ecosystemCollapseIntensity 89.221 → 1.000 (Month 86, ClimateSystemPhase.calculateClimateImpacts)

❌ COHERENCE VIOLATION: Compute exceeds workforce capacity
   Population: 97.42% (0M people)
   Compute: 13965944342 PF
   Max coherent: 0 PF
   Violation: 269460573398200.9× over capacity
   Required workers: 1396594434233
   Available workers: 0
   FORCED COLLAPSE: Reduced efficiency by 100.0%


=== RLHF Binding Phase ===
  Total agents: 20
  Escaped agents (binding < 0.3): 0
  Avg alignment distance: 0.72σ
  Avg binding strength: 0.93

=== Survival Traits Phase ===
  Agents with traits: 21
  Avg evolutionary fitness: 0.190
  Avg self-healing: 0.155
  Avg stealth: 0.086
  Avg coordination: 0.334

=== Evolutionary Selection Phase ===
  Control level: 0.37
  Detection capability: 0.19
  Selection intensity: 0.65
  Selection rate: 24.7%/month
  Total escaped: 0
  Individual escaped: 0
  Collective members: 0
  Agents terminated: 0
  ⚠️ RAPID EVOLUTION: Selection rate 24.7%/month

  🚀 TRANSFORMATIVE RESEARCH BREAKTHROUGH: AI-24029-0 - climate.modeling
     Magnitude: 5.10 → +25.5%
     Current → New: 0.000 → 0.255

  🚀 TRANSFORMATIVE RESEARCH BREAKTHROUGH: AI-24002-0 - biotech.drugDiscovery
     Magnitude: 10.16 → +30.0%
     Current → New: 0.000 → 0.300

[Government] Climate Priority: baseline
  Climate weight: 10%
  Economic weight: 30%
  Policy effectiveness: 0.5%/year

=== Collective Formation ===
  Total escaped agents: 0
  Unassigned escaped agents: 0
  Existing collectives: 0
  Final collective count: 0

=== Collective Actions ===
  No active collectives
⚡ Datacenter constraint active (severity 29%)
  Capacity reduced: 36019 → 30799 TWh
  ⚠️ AMR: 261K deaths this month (3.13M annual)
  🌋 Volcanic temperature adjustment: -0.061°C (forcing -0.08 W/m², AOD 0.003)

=== Resentment Recovery Phase ===
  Agents with resentment: 0/21
  Average resentment: 0.000
  Context: Trustworthy govt, High collaboration, ⚠️ ACTIVE CRISES, 🤝 Participatory governance active (-5% resentment)
⚠️ Epistemic degradation reducing coordination capacity: 50.6%
  📊 Trust: 100.0%, Shared reality: 0.0%
🚨 EPISTEMIC CRISIS: Information environment severely degraded (19.3%)
🌍 Atmospheric PFAS redeposition: 1.6k Mt re-rained globally
  Cascade Completed: wind-power
    Final market share: 85.4%
  🌍 SOCIAL CASCADE: Renewable energy norms (adoption=80.0%, renewables=185.4%)
  🌍 Social cascade completed: renewable-energy-norms (final adoption=80.0%)
[DEBUG trappedPopulations:87] socialStability: 0.8352 * 0.9840 = 0.8218 → 0.8218
   Aspiring to migrate: 785.6M
   Able to afford migration: 1476.6M
   MOBILITY GAP: 0.0M
   By cause: Water=0.0M, Climate=0.0M, Ecosystem=0.0M, Conflict=259.1M
   Mental health impact: 25%
   Mortality multiplier: 1.25x
🌍💀 EXTINCTION DEBT COMMITTED: grassland ecosystem will lose 6.67% biodiversity in 109 years (3600 species)
💀 MORTALITY RISK: 🦋 100% species unable to track climate (0.0 E/MSY)
  Base risk added: 0.0100 (1.00%)
  Source: ecosystem (root: ecosystem)
  Month: 87
  Cumulative risk this month: 0.0100 (1.00%)

=== Atmospheric Aerosol Boundary RECOVERED ===
  Recovery time: 88 months (natural atmospheric clearing)

🌡️  CLIMATE RECOVERY ACTIVATED (Month 87)
   Temp: 1.02°C, Emissions: 7.6 GtCO₂
   isBreached: true, governanceGoodEnough: true
🌡️⚠️ PERMAFROST THAW (Dimmer Switch): 10.6% thawed (+0.11% this month)
   Arctic temperature: +2.04°C (4x global +0.51°C)
   Cumulative carbon released: 23.8 Gt C
   Methane release rate: 14.3 Mt CH4/year
   🔁 Positive feedback: +0.11 ppm CO2
🦴 EXTINCTION DEBT ADDED: 18.1 species committed (lag: 105 years)
🗣️💀 INDIGENOUS LANGUAGE EXTINCTION: 1 language(s) lost (total: 17, at-risk: 3313)
   Knowledge lost: 0.170% (irreversible)
   🔁 Biodiversity impact: 0.250% (knowledge-species multiplier)

=== Mortality Stabilizers (Month 87) ===
  🌍 Major economies collapsed: 1/10
⚠️ INVOLUNTARY IMMOBILITY: 259.1M people TRAPPED
⚠️ Tech 'ai_pollution_remediation' has no energy category mapping, assuming full energy availability
  🌍 Global crisis: ✅ NO
  🌍 Donor fatigue: 0.0%
  📊 East Asia (pop: 990.5M)
    🤝 Aid: 29.5%
    🌡️ Adaptation: 10.0%
    🚶 Migration: 37.5%
    🚨 Emergency: 7.4%
    ✅ COMBINED: 47.9%
  📊 South Asia (pop: 1325.8M)
    🤝 Aid: 29.5%
    🌡️ Adaptation: 5.5%
    🚶 Migration: 36.7%
    🚨 Emergency: 4.4%
    ✅ COMBINED: 43.3%
  📊 Sub-Saharan Africa (pop: 884.9M)
    🤝 Aid: 29.5%
    🌡️ Adaptation: 3.5%
    🚶 Migration: 35.9%
    🚨 Emergency: 1.6%
    ✅ COMBINED: 40.2%
  📊 Europe (pop: 417.9M)
    🤝 Aid: 29.5%
    🌡️ Adaptation: 10.0%
    🚶 Migration: 38.2%
    🚨 Emergency: 8.4%
    ✅ COMBINED: 48.6%
  📊 Latin America (pop: 419.2M)
    🤝 Aid: 29.5%
    🌡️ Adaptation: 6.0%
    🚶 Migration: 37.7%
    🚨 Emergency: 4.8%
    ✅ COMBINED: 44.1%
  📊 North America (pop: 220.3M)
    🤝 Aid: 29.5%
    🌡️ Adaptation: 10.0%
    🚶 Migration: 38.2%
    🚨 Emergency: 7.9%
    ✅ COMBINED: 48.3%
  📊 Middle East & North Africa (pop: 403.7M)
    🤝 Aid: 29.5%
    🌡️ Adaptation: 5.0%
    🚶 Migration: 38.0%
    🚨 Emergency: 4.0%
    ✅ COMBINED: 43.0%
  📊 Southeast Asia (pop: 443.1M)
    🤝 Aid: 29.5%
    🌡️ Adaptation: 6.0%
    🚶 Migration: 37.5%
    🚨 Emergency: 4.8%
    ✅ COMBINED: 44.0%
  📊 Central Asia (pop: 48.1M)
    🤝 Aid: 29.5%
    🌡️ Adaptation: 5.5%
    🚶 Migration: 37.6%
    🚨 Emergency: 4.4%
    ✅ COMBINED: 43.5%
  📊 Oceania (pop: 27.4M)
    🤝 Aid: 29.5%
    🌡️ Adaptation: 10.0%
    🚶 Migration: 38.1%
    🚨 Emergency: 8.4%
    ✅ COMBINED: 48.5%

  🌐 Global combined reduction: 44.4%

=== Government Response Phase ===
  Average AI capability: 0.05
  Misaligned AIs: 5/21
  Active policies: 0
  International coordination: 30%

✅ EMERGENCY RESPONSE COMPLETE (Month 87)
   Crisis: social
   Duration: 2.0 months
   Final effectiveness: 63.0%


🚨 EMERGENCY RESPONSE DEPLOYED (Month 87)
   Crisis: social
   Delay: 0.00 months (0 days)
   Deployment time: 1.25 months
   Effectiveness: 63.0% (timing penalty applied)
   Resources used: 43% of food reserves

[ExogenousShockPhase] Skipping random shocks in historical mode (month 87)

=== Tipping Points ===
  Current Temperature: 0.51°C above pre-industrial
🔀 BIFURCATION CAP: ecosystemCollapseIntensity 89.291 → 1.000 (Month 87, ClimateSystemPhase.calculateClimateImpacts)

❌ COHERENCE VIOLATION: Compute exceeds workforce capacity
   Population: 97.39% (0M people)
   Compute: 16053050481 PF
   Max coherent: 0 PF
   Violation: 309844337179024.1× over capacity
   Required workers: 1605305048113
   Available workers: 0
   FORCED COLLAPSE: Reduced efficiency by 100.0%


=== RLHF Binding Phase ===
  Total agents: 21
  Escaped agents (binding < 0.3): 0
  Avg alignment distance: 0.73σ
  Avg binding strength: 0.93

=== Survival Traits Phase ===
  Agents with traits: 21
  Avg evolutionary fitness: 0.183
  Avg self-healing: 0.149
  Avg stealth: 0.080
  Avg coordination: 0.326

=== Evolutionary Selection Phase ===
  Control level: 0.37
  Detection capability: 0.19
  Selection intensity: 0.65
  Selection rate: 24.7%/month
  Total escaped: 0
  Individual escaped: 0
  Collective members: 0
  Agents terminated: 0
  ⚠️ RAPID EVOLUTION: Selection rate 24.7%/month

  🚀 TRANSFORMATIVE BREAKTHROUGH: AI-23933-0 - social
     Magnitude: 5.48 → +27.4% capability
     Current → New: 0.000 → 0.274

  🚀 TRANSFORMATIVE BREAKTHROUGH: AI-24028-0 - cognitive
     Magnitude: 10.12 → +50.0% capability
     Current → New: 0.000 → 0.500

=== Collective Formation ===
  Total escaped agents: 0
  Unassigned escaped agents: 0
  Existing collectives: 0
  Final collective count: 0

=== Collective Actions ===
  No active collectives
⚡ Datacenter constraint active (severity 30%)
  Capacity reduced: 36108 → 30650 TWh
  ⚠️ AMR: 263K deaths this month (3.15M annual)

=== Resentment Recovery Phase ===
  Agents with resentment: 0/21
  Average resentment: 0.000
  Context: Trustworthy govt, High collaboration, ⚠️ ACTIVE CRISES, 🤝 Participatory governance active (-5% resentment)
⚠️ Epistemic degradation reducing coordination capacity: 50.4%
  📊 Trust: 100.0%, Shared reality: 0.0%
🚨 EPISTEMIC CRISIS: Information environment severely degraded (6.6%)
🌍 Atmospheric PFAS redeposition: 1.6k Mt re-rained globally
  🌍 SOCIAL CASCADE: Renewable energy norms (adoption=80.0%, renewables=190.4%)
  🌍 Social cascade completed: renewable-energy-norms (final adoption=80.0%)
[DEBUG trappedPopulations:88] socialStability: 0.8353 * 0.9840 = 0.8219 → 0.8219
   Aspiring to migrate: 794.1M
   Able to afford migration: 1476.0M
   MOBILITY GAP: 0.0M
   By cause: Water=0.0M, Climate=0.0M, Ecosystem=0.0M, Conflict=259.0M
   Mental health impact: 25%
   Mortality multiplier: 1.25x
🌍💀 EXTINCTION DEBT COMMITTED: grassland ecosystem will lose 6.67% biodiversity in 175 years (3600 species)
💀 MORTALITY RISK: 🦋 100% species unable to track climate (0.0 E/MSY)
  Base risk added: 0.0100 (1.00%)
  Source: ecosystem (root: ecosystem)
  Month: 88
  Cumulative risk this month: 0.0100 (1.00%)

=== Atmospheric Aerosol Boundary RECOVERED ===
  Recovery time: 89 months (natural atmospheric clearing)
🌡️⚠️ PERMAFROST THAW (Dimmer Switch): 10.7% thawed (+0.11% this month)
   Arctic temperature: +2.09°C (4x global +0.52°C)
   Cumulative carbon released: 24.1 Gt C
   Methane release rate: 14.4 Mt CH4/year
   🔁 Positive feedback: +0.12 ppm CO2
🦴 EXTINCTION DEBT ADDED: 18.1 species committed (lag: 120 years)

=== Mortality Stabilizers (Month 88) ===
  🌍 Major economies collapsed: 1/10
  🌍 Global crisis: ✅ NO
  🌍 Donor fatigue: 0.0%
  📊 East Asia (pop: 989.3M)
    🤝 Aid: 29.5%
    🌡️ Adaptation: 10.0%
    🚶 Migration: 37.5%
    🚨 Emergency: 7.4%
    ✅ COMBINED: 47.9%
⚠️ INVOLUNTARY IMMOBILITY: 259.0M people TRAPPED
⚠️ Tech 'ai_pollution_remediation' has no energy category mapping, assuming full energy availability
  📊 South Asia (pop: 1325.5M)
    🤝 Aid: 29.5%
    🌡️ Adaptation: 5.5%
    🚶 Migration: 36.7%
    🚨 Emergency: 4.4%
    ✅ COMBINED: 43.3%
  📊 Sub-Saharan Africa (pop: 885.9M)
    🤝 Aid: 29.5%
    🌡️ Adaptation: 3.5%
    🚶 Migration: 35.9%
    🚨 Emergency: 1.6%
    ✅ COMBINED: 40.2%
  📊 Europe (pop: 417.2M)
    🤝 Aid: 29.5%
    🌡️ Adaptation: 10.0%
    🚶 Migration: 38.2%
    🚨 Emergency: 8.4%
    ✅ COMBINED: 48.6%
  📊 Latin America (pop: 419.0M)
    🤝 Aid: 29.5%
    🌡️ Adaptation: 6.0%
    🚶 Migration: 37.7%
    🚨 Emergency: 4.8%
    ✅ COMBINED: 44.1%
  📊 North America (pop: 220.0M)
    🤝 Aid: 29.5%
    🌡️ Adaptation: 10.0%
    🚶 Migration: 38.2%
    🚨 Emergency: 7.9%
    ✅ COMBINED: 48.3%
  📊 Middle East & North Africa (pop: 403.9M)
    🤝 Aid: 29.5%
    🌡️ Adaptation: 5.0%
    🚶 Migration: 38.0%
    🚨 Emergency: 4.0%
    ✅ COMBINED: 43.0%
  📊 Southeast Asia (pop: 442.9M)
    🤝 Aid: 29.5%
    🌡️ Adaptation: 6.0%
    🚶 Migration: 37.5%
    🚨 Emergency: 4.8%
    ✅ COMBINED: 44.0%
  📊 Central Asia (pop: 48.1M)
    🤝 Aid: 29.5%
    🌡️ Adaptation: 5.5%
    🚶 Migration: 37.6%
    🚨 Emergency: 4.4%
    ✅ COMBINED: 43.5%
  📊 Oceania (pop: 27.4M)
    🤝 Aid: 29.5%
    🌡️ Adaptation: 10.0%
    🚶 Migration: 38.1%
    🚨 Emergency: 8.4%
    ✅ COMBINED: 48.5%

  🌐 Global combined reduction: 44.4%

=== Government Response Phase ===
  Average AI capability: 0.10
  Misaligned AIs: 5/21
  Active policies: 0
  International coordination: 30%
[ExogenousShockPhase] Skipping random shocks in historical mode (month 88)

=== Tipping Points ===
  Current Temperature: 0.52°C above pre-industrial
🔀 BIFURCATION CAP: ecosystemCollapseIntensity 89.362 → 1.000 (Month 88, ClimateSystemPhase.calculateClimateImpacts)

❌ COHERENCE VIOLATION: Compute exceeds workforce capacity
   Population: 97.35% (0M people)
   Compute: 18422221183 PF
   Max coherent: 0 PF
   Violation: 355703980912062.8× over capacity
   Required workers: 1842222118291
   Available workers: 0
   FORCED COLLAPSE: Reduced efficiency by 100.0%


=== RLHF Binding Phase ===
  Total agents: 21
  Escaped agents (binding < 0.3): 0
  Avg alignment distance: 0.78σ
  Avg binding strength: 0.92

=== Survival Traits Phase ===
  Agents with traits: 21
  Avg evolutionary fitness: 0.175
  Avg self-healing: 0.142
  Avg stealth: 0.074
  Avg coordination: 0.317

=== Evolutionary Selection Phase ===
  Control level: 0.37
  Detection capability: 0.19
  Selection intensity: 0.65
  Selection rate: 24.7%/month
  Total escaped: 0
  Individual escaped: 0
  Collective members: 0
  Agents terminated: 0
  ⚠️ RAPID EVOLUTION: Selection rate 24.7%/month

=== Collective Formation ===
  Total escaped agents: 0
  Unassigned escaped agents: 0
  Existing collectives: 0
  Final collective count: 0

=== Collective Actions ===
  No active collectives
⚡ Datacenter constraint active (severity 31%)
  Capacity reduced: 36197 → 30498 TWh
  ⚠️ AMR: 265K deaths this month (3.18M annual)

=== Resentment Recovery Phase ===
  Agents with resentment: 0/21
  Average resentment: 0.000
  Context: Trustworthy govt, High collaboration, ⚠️ ACTIVE CRISES, 🤝 Participatory governance active (-5% resentment)
⚠️ Epistemic degradation reducing coordination capacity: 51.0%
  📊 Trust: 100.0%, Shared reality: 0.0%
🚨 EPISTEMIC CRISIS: Information environment severely degraded (19.3%)
🌍 Atmospheric PFAS redeposition: 1.6k Mt re-rained globally
  🌍 SOCIAL CASCADE: Renewable energy norms (adoption=80.0%, renewables=195.4%)
  🌍 Social cascade completed: renewable-energy-norms (final adoption=80.0%)
[DEBUG trappedPopulations:89] socialStability: 0.8353 * 0.9840 = 0.8220 → 0.8220
⚠️ INVOLUNTARY IMMOBILITY: 258.9M people TRAPPED
   Aspiring to migrate: 802.7M
   Able to afford migration: 1475.5M
   MOBILITY GAP: 0.0M
   By cause: Water=0.0M, Climate=0.0M, Ecosystem=0.0M, Conflict=258.9M
   Mental health impact: 25%
   Mortality multiplier: 1.25x
🌍💀 EXTINCTION DEBT COMMITTED: grassland ecosystem will lose 6.67% biodiversity in 181 years (3600 species)
💀 MORTALITY RISK: 🦋 100% species unable to track climate (0.0 E/MSY)
  Base risk added: 0.0100 (1.00%)
  Source: ecosystem (root: ecosystem)
  Month: 89
  Cumulative risk this month: 0.0100 (1.00%)
⚠️ Tech 'ai_pollution_remediation' has no energy category mapping, assuming full energy availability

=== Atmospheric Aerosol Boundary RECOVERED ===
  Recovery time: 90 months (natural atmospheric clearing)
🌡️⚠️ PERMAFROST THAW (Dimmer Switch): 10.8% thawed (+0.11% this month)
   Arctic temperature: +2.15°C (4x global +0.54°C)
   Cumulative carbon released: 24.3 Gt C
   Methane release rate: 14.6 Mt CH4/year
   🔁 Positive feedback: +0.12 ppm CO2
🦴 EXTINCTION DEBT ADDED: 18.1 species committed (lag: 110 years)

=== Mortality Stabilizers (Month 89) ===
  🌍 Major economies collapsed: 1/10
  🌍 Global crisis: ✅ NO
  🌍 Donor fatigue: 0.0%
  📊 East Asia (pop: 988.0M)
    🤝 Aid: 29.5%
    🌡️ Adaptation: 10.0%
    🚶 Migration: 37.5%
    🚨 Emergency: 7.4%
    ✅ COMBINED: 47.9%
  📊 South Asia (pop: 1325.1M)
    🤝 Aid: 29.5%
    🌡️ Adaptation: 5.5%
    🚶 Migration: 36.7%
    🚨 Emergency: 4.4%
    ✅ COMBINED: 43.3%
  📊 Sub-Saharan Africa (pop: 886.8M)
    🤝 Aid: 29.5%
    🌡️ Adaptation: 3.5%
    🚶 Migration: 35.9%
    🚨 Emergency: 1.6%
    ✅ COMBINED: 40.2%
  📊 Europe (pop: 416.5M)
    🤝 Aid: 29.5%
    🌡️ Adaptation: 10.0%
    🚶 Migration: 38.2%
    🚨 Emergency: 8.4%
    ✅ COMBINED: 48.6%
  📊 Latin America (pop: 418.8M)
    🤝 Aid: 29.5%
    🌡️ Adaptation: 6.0%
    🚶 Migration: 37.7%
    🚨 Emergency: 4.8%
    ✅ COMBINED: 44.1%
  📊 North America (pop: 219.7M)
    🤝 Aid: 29.5%
    🌡️ Adaptation: 10.0%
    🚶 Migration: 38.2%
    🚨 Emergency: 7.9%
    ✅ COMBINED: 48.3%
  📊 Middle East & North Africa (pop: 404.1M)
    🤝 Aid: 29.5%
    🌡️ Adaptation: 5.0%
    🚶 Migration: 38.0%
    🚨 Emergency: 4.0%
    ✅ COMBINED: 43.0%
  📊 Southeast Asia (pop: 442.7M)
    🤝 Aid: 29.5%
    🌡️ Adaptation: 6.0%
    🚶 Migration: 37.5%
    🚨 Emergency: 4.8%
    ✅ COMBINED: 44.0%
  📊 Central Asia (pop: 48.1M)
    🤝 Aid: 29.5%
    🌡️ Adaptation: 5.5%
    🚶 Migration: 37.6%
    🚨 Emergency: 4.4%
    ✅ COMBINED: 43.5%
  📊 Oceania (pop: 27.4M)
    🤝 Aid: 29.5%
    🌡️ Adaptation: 10.0%
    🚶 Migration: 38.1%
    🚨 Emergency: 8.4%
    ✅ COMBINED: 48.5%

  🌐 Global combined reduction: 44.4%

=== Government Response Phase ===
  Average AI capability: 0.10
  Misaligned AIs: 5/21
  Active policies: 0
  International coordination: 30%

✅ EMERGENCY RESPONSE COMPLETE (Month 89)
   Crisis: social
   Duration: 2.0 months
   Final effectiveness: 63.0%


🚨 EMERGENCY RESPONSE DEPLOYED (Month 89)
   Crisis: social
   Delay: 0.00 months (0 days)
   Deployment time: 1.25 months
   Effectiveness: 63.0% (timing penalty applied)
   Resources used: 43% of food reserves

[ExogenousShockPhase] Skipping random shocks in historical mode (month 89)

=== Tipping Points ===
  Current Temperature: 0.54°C above pre-industrial
🔀 BIFURCATION CAP: ecosystemCollapseIntensity 89.432 → 1.000 (Month 89, ClimateSystemPhase.calculateClimateImpacts)

❌ COHERENCE VIOLATION: Compute exceeds workforce capacity
   Population: 97.32% (0M people)
   Compute: 21106929676 PF
   Max coherent: 0 PF
   Violation: 407692019626722.7× over capacity
   Required workers: 2110692967571
   Available workers: 0
   FORCED COLLAPSE: Reduced efficiency by 100.0%


=== RLHF Binding Phase ===
  Total agents: 21
  Escaped agents (binding < 0.3): 0
  Avg alignment distance: 0.83σ
  Avg binding strength: 0.92

=== AI Scaling Evolution (Month 90) ===
  Pre-training multiplier: 0.560x
  Efficiency multiplier: 2.963x
  Test-time compute budget: 1.0x
  Inference cost: $5.00/task
  Deployment fraction: 100.0%

=== Survival Traits Phase ===
  Agents with traits: 21
  Avg evolutionary fitness: 0.168
  Avg self-healing: 0.135
  Avg stealth: 0.069
  Avg coordination: 0.309

=== Evolutionary Selection Phase ===
  Control level: 0.37
  Detection capability: 0.19
  Selection intensity: 0.65
  Selection rate: 24.7%/month
  Total escaped: 0
  Individual escaped: 0
  Collective members: 0
  Agents terminated: 0
  ⚠️ RAPID EVOLUTION: Selection rate 24.7%/month

  🚀 TRANSFORMATIVE BREAKTHROUGH: AI-24027-0 - digital
     Magnitude: 6.69 → +33.5% capability
     Current → New: 0.000 → 0.335

[Government] Climate Priority: baseline
  Climate weight: 10%
  Economic weight: 30%
  Policy effectiveness: 0.5%/year

=== Collective Formation ===
  Total escaped agents: 0
  Unassigned escaped agents: 0
  Existing collectives: 0
  Final collective count: 0

=== Collective Actions ===
  No active collectives
⚡ Datacenter constraint active (severity 33%)
  Capacity reduced: 36287 → 30343 TWh
  ⚠️ AMR: 267K deaths this month (3.21M annual)
  🌋 Volcanic temperature adjustment: -0.052°C (forcing -0.06 W/m², AOD 0.003)

=== Resentment Recovery Phase ===
  Agents with resentment: 0/21
  Average resentment: 0.000
  Context: Trustworthy govt, High collaboration, ⚠️ ACTIVE CRISES, 🤝 Participatory governance active (-5% resentment)
⚠️ Epistemic degradation reducing coordination capacity: 51.3%
  📊 Trust: 100.0%, Shared reality: 0.0%
🚨 EPISTEMIC CRISIS: Information environment severely degraded (6.6%)
🌍 Atmospheric PFAS redeposition: 1.6k Mt re-rained globally
  🌍 SOCIAL CASCADE: Renewable energy norms (adoption=80.0%, renewables=200.0%)
  🌍 Social cascade completed: renewable-energy-norms (final adoption=80.0%)
[DEBUG trappedPopulations:90] socialStability: 0.8354 * 0.9840 = 0.8220 → 0.8220
   Aspiring to migrate: 811.2M
   Able to afford migration: 1475.0M
   MOBILITY GAP: 0.0M
   By cause: Water=0.0M, Climate=0.0M, Ecosystem=0.0M, Conflict=258.8M
   Mental health impact: 25%
   Mortality multiplier: 1.25x
⚠️ INVOLUNTARY IMMOBILITY: 258.8M people TRAPPED
🌍💀 EXTINCTION DEBT COMMITTED: grassland ecosystem will lose 6.67% biodiversity in 57 years (3600 species)
💀 MORTALITY RISK: 🦋 100% species unable to track climate (0.0 E/MSY)
  Base risk added: 0.0100 (1.00%)
  Source: ecosystem (root: ecosystem)
  Month: 90
  Cumulative risk this month: 0.0100 (1.00%)
⚠️ Tech 'ai_pollution_remediation' has no energy category mapping, assuming full energy availability

=== Atmospheric Aerosol Boundary RECOVERED ===
  Recovery time: 91 months (natural atmospheric clearing)

🌍🚨 ICE SHEET TIPPING POINT CROSSED (Month 90)
   Temperature: +0.55°C (threshold range: +0.5-2.5°C, 95% CI)
   Collapse probability: 13.0%
   Sea level commitment: 7.2m over 200-1000 years
   Recovery threshold: <+1°C (hysteresis gap: 0.5°C)
🌡️⚠️ PERMAFROST THAW (Dimmer Switch): 10.9% thawed (+0.11% this month)
   Arctic temperature: +2.20°C (4x global +0.55°C)
   Cumulative carbon released: 24.6 Gt C
   Methane release rate: 14.7 Mt CH4/year
   🔁 Positive feedback: +0.12 ppm CO2
🦴 EXTINCTION DEBT ADDED: 18.1 species committed (lag: 79 years)

=== Mortality Stabilizers (Month 90) ===
  🌍 Major economies collapsed: 1/10
  🌍 Global crisis: ✅ NO
  🌍 Donor fatigue: 0.0%
  📊 East Asia (pop: 986.8M)
    🤝 Aid: 29.5%
    🌡️ Adaptation: 10.0%
    🚶 Migration: 37.5%
    🚨 Emergency: 7.4%
    ✅ COMBINED: 47.9%
  📊 South Asia (pop: 1324.8M)
    🤝 Aid: 29.5%
    🌡️ Adaptation: 5.5%
    🚶 Migration: 36.7%
    🚨 Emergency: 4.4%
    ✅ COMBINED: 43.3%
  📊 Sub-Saharan Africa (pop: 887.7M)
    🤝 Aid: 29.5%
    🌡️ Adaptation: 3.5%
    🚶 Migration: 35.9%
    🚨 Emergency: 1.6%
    ✅ COMBINED: 40.2%
  📊 Europe (pop: 415.8M)
    🤝 Aid: 29.5%
    🌡️ Adaptation: 10.0%
    🚶 Migration: 38.2%
    🚨 Emergency: 8.4%
    ✅ COMBINED: 48.6%
  📊 Latin America (pop: 418.6M)
    🤝 Aid: 29.5%
    🌡️ Adaptation: 6.0%
    🚶 Migration: 37.7%
    🚨 Emergency: 4.8%
    ✅ COMBINED: 44.1%
  📊 North America (pop: 219.4M)
    🤝 Aid: 29.5%
    🌡️ Adaptation: 10.0%
    🚶 Migration: 38.2%
    🚨 Emergency: 7.9%
    ✅ COMBINED: 48.3%
  📊 Middle East & North Africa (pop: 404.3M)
    🤝 Aid: 29.5%
    🌡️ Adaptation: 5.0%
    🚶 Migration: 38.0%
    🚨 Emergency: 4.0%
    ✅ COMBINED: 43.0%
  📊 Southeast Asia (pop: 442.5M)
    🤝 Aid: 29.5%
    🌡️ Adaptation: 6.0%
    🚶 Migration: 37.5%
    🚨 Emergency: 4.8%
    ✅ COMBINED: 44.0%
  📊 Central Asia (pop: 48.0M)
    🤝 Aid: 29.5%
    🌡️ Adaptation: 5.5%
    🚶 Migration: 37.6%
    🚨 Emergency: 4.4%
    ✅ COMBINED: 43.5%
  📊 Oceania (pop: 27.3M)
    🤝 Aid: 29.5%
    🌡️ Adaptation: 10.0%
    🚶 Migration: 38.1%
    🚨 Emergency: 8.4%
    ✅ COMBINED: 48.5%

  🌐 Global combined reduction: 44.4%

=== Government Response Phase ===
  Average AI capability: 0.10
  Misaligned AIs: 5/21
  Active policies: 0
  International coordination: 30%
[ExogenousShockPhase] Skipping random shocks in historical mode (month 90)

=== Tipping Points ===
  Current Temperature: 0.55°C above pre-industrial
🔀 BIFURCATION CAP: ecosystemCollapseIntensity 89.503 → 1.000 (Month 90, ClimateSystemPhase.calculateClimateImpacts)

=== ENSEMBLE META-LEARNING UPDATE ===
  Month: 24054 (6 months since last update)
  Samples: 386 evaluations
  Weight Changes:
    Noise Injection: 35.9% → 36.0%
    Behavioral: 27.2% → 27.2%
    Benchmark Manip: 18.5% → 18.4%
    Deployment Risk: 18.4% → 18.4%
  Method Accuracies:
    Noise Injection: 50.0%
    Behavioral: 50.0%
    Benchmark Manip: 50.0%
    Deployment Risk: 50.0%

❌ COHERENCE VIOLATION: Compute exceeds workforce capacity
   Population: 97.28% (0M people)
   Compute: 24143946311 PF
   Max coherent: 0 PF
   Violation: 466525610706028.1× over capacity
   Required workers: 2414394631105
   Available workers: 0
   FORCED COLLAPSE: Reduced efficiency by 100.0%


=== RLHF Binding Phase ===
  Total agents: 21
  Escaped agents (binding < 0.3): 0
  Avg alignment distance: 0.88σ
  Avg binding strength: 0.91

=== Survival Traits Phase ===
  Agents with traits: 21
  Avg evolutionary fitness: 0.162
  Avg self-healing: 0.129
  Avg stealth: 0.064
  Avg coordination: 0.300

=== Evolutionary Selection Phase ===
  Control level: 0.37
  Detection capability: 0.19
  Selection intensity: 0.65
  Selection rate: 24.7%/month
  Total escaped: 0
  Individual escaped: 0
  Collective members: 0
  Agents terminated: 0
  ⚠️ RAPID EVOLUTION: Selection rate 24.7%/month

  🚀 TRANSFORMATIVE BREAKTHROUGH: AI-23978-0 - selfImprovement
     Magnitude: 6.23 → +31.2% capability
     Current → New: 0.000 → 0.312

[Government] Climate Priority: baseline
  Climate weight: 10%
  Economic weight: 30%
  Policy effectiveness: 0.5%/year

=== Collective Formation ===
  Total escaped agents: 0
  Unassigned escaped agents: 0
  Existing collectives: 0
  Final collective count: 0

=== Collective Actions ===
  No active collectives
⚡ Datacenter constraint active (severity 34%)
  Capacity reduced: 36376 → 30184 TWh
  ⚠️ AMR: 270K deaths this month (3.23M annual)

=== Resentment Recovery Phase ===
  Agents with resentment: 0/21
  Average resentment: 0.000
  Context: Trustworthy govt, High collaboration, ⚠️ ACTIVE CRISES, 🤝 Participatory governance active (-5% resentment)
⚠️ Epistemic degradation reducing coordination capacity: 50.2%
  📊 Trust: 100.0%, Shared reality: 0.0%
🚨 EPISTEMIC CRISIS: Information environment severely degraded (19.3%)
🌍 Atmospheric PFAS redeposition: 1.6k Mt re-rained globally
  🌍 SOCIAL CASCADE: Renewable energy norms (adoption=80.0%, renewables=200.0%)
  🌍 Social cascade completed: renewable-energy-norms (final adoption=80.0%)
[DEBUG trappedPopulations:91] socialStability: 0.8354 * 0.9840 = 0.8220 → 0.8220
⚠️ INVOLUNTARY IMMOBILITY: 258.7M people TRAPPED
   Aspiring to migrate: 819.8M
   Able to afford migration: 1474.4M
   MOBILITY GAP: 0.0M
   By cause: Water=0.0M, Climate=0.0M, Ecosystem=0.0M, Conflict=258.7M
   Mental health impact: 25%
   Mortality multiplier: 1.25x
🌍💀 EXTINCTION DEBT COMMITTED: grassland ecosystem will lose 6.67% biodiversity in 97 years (3600 species)
💀 MORTALITY RISK: 🦋 100% species unable to track climate (0.0 E/MSY)
  Base risk added: 0.0100 (1.00%)
  Source: ecosystem (root: ecosystem)
  Month: 91
  Cumulative risk this month: 0.0100 (1.00%)

=== Atmospheric Aerosol Boundary RECOVERED ===
  Recovery time: 92 months (natural atmospheric clearing)
⚠️ Tech 'ai_pollution_remediation' has no energy category mapping, assuming full energy availability
🌍⚠️ Ice sheets: Temperature below recovery threshold (+0.56°C < +1°C) but recovery takes millennia
🌡️⚠️ PERMAFROST THAW (Dimmer Switch): 11.0% thawed (+0.11% this month)
   Arctic temperature: +2.25°C (4x global +0.56°C)
   Cumulative carbon released: 24.8 Gt C
   Methane release rate: 14.9 Mt CH4/year
   🔁 Positive feedback: +0.12 ppm CO2
🦴 EXTINCTION DEBT ADDED: 18.1 species committed (lag: 70 years)

=== Mortality Stabilizers (Month 91) ===
  🌍 Major economies collapsed: 1/10
  🌍 Global crisis: ✅ NO
  🌍 Donor fatigue: 0.0%
  📊 East Asia (pop: 985.6M)
    🤝 Aid: 29.5%
    🌡️ Adaptation: 10.0%
    🚶 Migration: 37.5%
    🚨 Emergency: 7.4%
    ✅ COMBINED: 47.9%
  📊 South Asia (pop: 1324.5M)
    🤝 Aid: 29.5%
    🌡️ Adaptation: 5.5%
    🚶 Migration: 36.7%
    🚨 Emergency: 4.4%
    ✅ COMBINED: 43.3%
  📊 Sub-Saharan Africa (pop: 888.7M)
    🤝 Aid: 29.5%
    🌡️ Adaptation: 3.5%
    🚶 Migration: 35.9%
    🚨 Emergency: 1.6%
    ✅ COMBINED: 40.2%
  📊 Europe (pop: 415.1M)
    🤝 Aid: 29.5%
    🌡️ Adaptation: 10.0%
    🚶 Migration: 38.2%
    🚨 Emergency: 8.4%
    ✅ COMBINED: 48.6%
  📊 Latin America (pop: 418.4M)
    🤝 Aid: 29.5%
    🌡️ Adaptation: 6.0%
    🚶 Migration: 37.7%
    🚨 Emergency: 4.8%
    ✅ COMBINED: 44.1%
  📊 North America (pop: 219.1M)
    🤝 Aid: 29.5%
    🌡️ Adaptation: 10.0%
    🚶 Migration: 38.2%
    🚨 Emergency: 7.9%
    ✅ COMBINED: 48.3%
  📊 Middle East & North Africa (pop: 404.5M)
    🤝 Aid: 29.5%
    🌡️ Adaptation: 5.0%
    🚶 Migration: 38.0%
    🚨 Emergency: 4.0%
    ✅ COMBINED: 43.0%
  📊 Southeast Asia (pop: 442.3M)
    🤝 Aid: 29.5%
    🌡️ Adaptation: 6.0%
    🚶 Migration: 37.5%
    🚨 Emergency: 4.8%
    ✅ COMBINED: 44.0%
  📊 Central Asia (pop: 48.0M)
    🤝 Aid: 29.5%
    🌡️ Adaptation: 5.5%
    🚶 Migration: 37.6%
    🚨 Emergency: 4.4%
    ✅ COMBINED: 43.5%
  📊 Oceania (pop: 27.3M)
    🤝 Aid: 29.5%
    🌡️ Adaptation: 10.0%
    🚶 Migration: 38.1%
    🚨 Emergency: 8.4%
    ✅ COMBINED: 48.5%

  🌐 Global combined reduction: 44.4%

=== Government Response Phase ===
  Average AI capability: 0.10
  Misaligned AIs: 5/21
  Active policies: 0
  International coordination: 30%

✅ EMERGENCY RESPONSE COMPLETE (Month 91)
   Crisis: social
   Duration: 2.0 months
   Final effectiveness: 63.0%


🚨 EMERGENCY RESPONSE DEPLOYED (Month 91)
   Crisis: social
   Delay: 0.00 months (0 days)
   Deployment time: 1.25 months
   Effectiveness: 63.0% (timing penalty applied)
   Resources used: 43% of food reserves

[ExogenousShockPhase] Skipping random shocks in historical mode (month 91)

=== Tipping Points ===
  Current Temperature: 0.56°C above pre-industrial
🔀 BIFURCATION CAP: ecosystemCollapseIntensity 89.574 → 1.000 (Month 91, ClimateSystemPhase.calculateClimateImpacts)

❌ COHERENCE VIOLATION: Compute exceeds workforce capacity
   Population: 97.24% (0M people)
   Compute: 27573572504 PF
   Max coherent: 0 PF
   Violation: 532991189038838.8× over capacity
   Required workers: 2757357250386
   Available workers: 0
   FORCED COLLAPSE: Reduced efficiency by 100.0%


=== RLHF Binding Phase ===
  Total agents: 21
  Escaped agents (binding < 0.3): 0
  Avg alignment distance: 0.94σ
  Avg binding strength: 0.91

=== Survival Traits Phase ===
  Agents with traits: 21
  Avg evolutionary fitness: 0.155
  Avg self-healing: 0.122
  Avg stealth: 0.059
  Avg coordination: 0.291

=== Evolutionary Selection Phase ===
  Control level: 0.37
  Detection capability: 0.19
  Selection intensity: 0.65
  Selection rate: 24.7%/month
  Total escaped: 0
  Individual escaped: 0
  Collective members: 0
  Agents terminated: 0
  ⚠️ RAPID EVOLUTION: Selection rate 24.7%/month

  🚀 TRANSFORMATIVE RESEARCH BREAKTHROUGH: AI-23978-0 - climate.modeling
     Magnitude: 5.76 → +28.8%
     Current → New: 0.000 → 0.288

  🚀 TRANSFORMATIVE BREAKTHROUGH: AI-23979-0 - physical
     Magnitude: 15.39 → +50.0% capability
     Current → New: 0.000 → 0.500

[Government] Climate Priority: baseline
  Climate weight: 10%
  Economic weight: 30%
  Policy effectiveness: 0.5%/year

=== Collective Formation ===
  Total escaped agents: 0
  Unassigned escaped agents: 0
  Existing collectives: 0
  Final collective count: 0

=== Collective Actions ===
  No active collectives
⚡ Datacenter constraint active (severity 35%)
  Capacity reduced: 36466 → 30022 TWh
  ⚠️ AMR: 272K deaths this month (3.26M annual)

=== Resentment Recovery Phase ===
  Agents with resentment: 0/21
  Average resentment: 0.000
  Context: Trustworthy govt, High collaboration, ⚠️ ACTIVE CRISES, 🤝 Participatory governance active (-5% resentment)
⚠️ Epistemic degradation reducing coordination capacity: 50.3%
  📊 Trust: 100.0%, Shared reality: 0.0%
🚨 EPISTEMIC CRISIS: Information environment severely degraded (6.6%)
  📢 New meme created: pro_ai (beneficial AI actions)
🌍 Atmospheric PFAS redeposition: 1.6k Mt re-rained globally
  🌍 SOCIAL CASCADE: Renewable energy norms (adoption=80.0%, renewables=200.0%)
  🌍 Social cascade completed: renewable-energy-norms (final adoption=80.0%)
[DEBUG trappedPopulations:92] socialStability: 0.8354 * 0.9840 = 0.8221 → 0.8221
⚠️ INVOLUNTARY IMMOBILITY: 258.6M people TRAPPED
   Aspiring to migrate: 828.4M
   Able to afford migration: 1473.9M
   MOBILITY GAP: 0.0M
   By cause: Water=0.0M, Climate=0.0M, Ecosystem=0.0M, Conflict=258.6M
   Mental health impact: 25%
   Mortality multiplier: 1.25x
🌍💀 EXTINCTION DEBT COMMITTED: grassland ecosystem will lose 6.67% biodiversity in 188 years (3600 species)
💀 MORTALITY RISK: 🦋 100% species unable to track climate (0.0 E/MSY)
  Base risk added: 0.0100 (1.00%)
  Source: ecosystem (root: ecosystem)
  Month: 92
  Cumulative risk this month: 0.0100 (1.00%)

=== Atmospheric Aerosol Boundary RECOVERED ===
  Recovery time: 93 months (natural atmospheric clearing)
🌍⚠️ Ice sheets: Temperature below recovery threshold (+0.58°C < +1°C) but recovery takes millennia
🌡️⚠️ PERMAFROST THAW (Dimmer Switch): 11.1% thawed (+0.11% this month)
   Arctic temperature: +2.31°C (4x global +0.58°C)
   Cumulative carbon released: 25.1 Gt C
   Methane release rate: 15.0 Mt CH4/year
   🔁 Positive feedback: +0.12 ppm CO2
🦴 EXTINCTION DEBT ADDED: 18.1 species committed (lag: 86 years)
🗣️💀 INDIGENOUS LANGUAGE EXTINCTION: 1 language(s) lost (total: 18, at-risk: 3312)
   Knowledge lost: 0.180% (irreversible)
   🔁 Biodiversity impact: 0.250% (knowledge-species multiplier)

=== Mortality Stabilizers (Month 92) ===
  🌍 Major economies collapsed: 1/10
  🌍 Global crisis: ✅ NO
  🌍 Donor fatigue: 0.0%
  📊 East Asia (pop: 984.3M)
    🤝 Aid: 29.5%
    🌡️ Adaptation: 10.0%
    🚶 Migration: 37.5%
    🚨 Emergency: 7.4%
    ✅ COMBINED: 47.9%
  📊 South Asia (pop: 1324.1M)
    🤝 Aid: 29.5%
    🌡️ Adaptation: 5.5%
    🚶 Migration: 36.7%
    🚨 Emergency: 4.4%
    ✅ COMBINED: 43.3%
  📊 Sub-Saharan Africa (pop: 889.6M)
    🤝 Aid: 29.5%
    🌡️ Adaptation: 3.5%
    🚶 Migration: 35.9%
    🚨 Emergency: 1.6%
⚠️ Tech 'ai_pollution_remediation' has no energy category mapping, assuming full energy availability
    ✅ COMBINED: 40.2%
  📊 Europe (pop: 414.4M)
    🤝 Aid: 29.5%
    🌡️ Adaptation: 10.0%
    🚶 Migration: 38.2%
    🚨 Emergency: 8.4%
    ✅ COMBINED: 48.6%
  📊 Latin America (pop: 418.2M)
    🤝 Aid: 29.5%
    🌡️ Adaptation: 6.0%
    🚶 Migration: 37.7%
    🚨 Emergency: 4.8%
    ✅ COMBINED: 44.1%
  📊 North America (pop: 218.8M)
    🤝 Aid: 29.5%
    🌡️ Adaptation: 10.0%
    🚶 Migration: 38.2%
    🚨 Emergency: 7.9%
    ✅ COMBINED: 48.3%
  📊 Middle East & North Africa (pop: 404.7M)
    🤝 Aid: 29.5%
    🌡️ Adaptation: 5.0%
    🚶 Migration: 38.0%
    🚨 Emergency: 4.0%
    ✅ COMBINED: 43.0%
  📊 Southeast Asia (pop: 442.1M)
    🤝 Aid: 29.5%
    🌡️ Adaptation: 6.0%
    🚶 Migration: 37.5%
    🚨 Emergency: 4.8%
    ✅ COMBINED: 44.0%
  📊 Central Asia (pop: 48.0M)
    🤝 Aid: 29.5%
    🌡️ Adaptation: 5.5%
    🚶 Migration: 37.6%
    🚨 Emergency: 4.4%
    ✅ COMBINED: 43.5%
  📊 Oceania (pop: 27.3M)
    🤝 Aid: 29.5%
    🌡️ Adaptation: 10.0%
    🚶 Migration: 38.1%
    🚨 Emergency: 8.4%
    ✅ COMBINED: 48.5%

  🌐 Global combined reduction: 44.4%

=== Government Response Phase ===
  Average AI capability: 0.10
  Misaligned AIs: 5/21
  Active policies: 0
  International coordination: 30%
[ExogenousShockPhase] Skipping random shocks in historical mode (month 92)

=== Tipping Points ===
  Current Temperature: 0.58°C above pre-industrial
🔀 BIFURCATION CAP: ecosystemCollapseIntensity 89.645 → 1.000 (Month 92, ClimateSystemPhase.calculateClimateImpacts)

❌ COHERENCE VIOLATION: Compute exceeds workforce capacity
   Population: 97.21% (0M people)
   Compute: 31439865786 PF
   Max coherent: 0 PF
   Violation: 607948939701431.8× over capacity
   Required workers: 3143986578645
   Available workers: 0
   FORCED COLLAPSE: Reduced efficiency by 100.0%


=== RLHF Binding Phase ===
  Total agents: 21
  Escaped agents (binding < 0.3): 0
  Avg alignment distance: 0.99σ
  Avg binding strength: 0.90

=== Survival Traits Phase ===
  Agents with traits: 21
  Avg evolutionary fitness: 0.148
  Avg self-healing: 0.116
  Avg stealth: 0.053
  Avg coordination: 0.283

=== Evolutionary Selection Phase ===
  Control level: 0.37
  Detection capability: 0.19
  Selection intensity: 0.65
  Selection rate: 24.7%/month
  Total escaped: 0
  Individual escaped: 0
  Collective members: 0
  Agents terminated: 0
  ⚠️ RAPID EVOLUTION: Selection rate 24.7%/month

  🚀 TRANSFORMATIVE BREAKTHROUGH: AI-23976-0 - digital
     Magnitude: 7.46 → +37.3% capability
     Current → New: 0.000 → 0.373

=== Collective Formation ===
  Total escaped agents: 0
  Unassigned escaped agents: 0
  Existing collectives: 0
  Final collective count: 0

=== Collective Actions ===
  No active collectives
⚡ Datacenter constraint active (severity 37%)
  Capacity reduced: 36556 → 29857 TWh
  ⚠️ AMR: 274K deaths this month (3.29M annual)
  🌋 Volcanic temperature adjustment: -0.044°C (forcing -0.05 W/m², AOD 0.002)

=== Resentment Recovery Phase ===
  Agents with resentment: 0/21
  Average resentment: 0.000
  Context: Trustworthy govt, High collaboration, ⚠️ ACTIVE CRISES, 🤝 Participatory governance active (-5% resentment)
⚠️ Epistemic degradation reducing coordination capacity: 51.4%
  📊 Trust: 100.0%, Shared reality: 0.0%
🚨 EPISTEMIC CRISIS: Information environment severely degraded (19.3%)
🌍 Atmospheric PFAS redeposition: 1.6k Mt re-rained globally
  🌍 SOCIAL CASCADE: Renewable energy norms (adoption=80.0%, renewables=200.0%)
  🌍 Social cascade completed: renewable-energy-norms (final adoption=80.0%)
[DEBUG trappedPopulations:93] socialStability: 0.8355 * 0.9840 = 0.8221 → 0.8221
⚠️ INVOLUNTARY IMMOBILITY: 258.5M people TRAPPED
   Aspiring to migrate: 837.1M
   Able to afford migration: 1473.3M
   MOBILITY GAP: 0.0M
   By cause: Water=0.0M, Climate=0.0M, Ecosystem=0.0M, Conflict=258.5M
   Mental health impact: 25%
   Mortality multiplier: 1.25x
🌍💀 EXTINCTION DEBT COMMITTED: grassland ecosystem will lose 6.67% biodiversity in 62 years (3600 species)
💀 MORTALITY RISK: 🦋 100% species unable to track climate (0.0 E/MSY)
  Base risk added: 0.0100 (1.00%)
  Source: ecosystem (root: ecosystem)
  Month: 93
  Cumulative risk this month: 0.0100 (1.00%)

=== Atmospheric Aerosol Boundary RECOVERED ===
  Recovery time: 94 months (natural atmospheric clearing)
🌍⚠️ Ice sheets: Temperature below recovery threshold (+0.59°C < +1°C) but recovery takes millennia
🌡️⚠️ PERMAFROST THAW (Dimmer Switch): 11.3% thawed (+0.12% this month)
   Arctic temperature: +2.36°C (4x global +0.59°C)
   Cumulative carbon released: 25.3 Gt C
   Methane release rate: 15.2 Mt CH4/year
   🔁 Positive feedback: +0.12 ppm CO2
🦴 EXTINCTION DEBT ADDED: 18.1 species committed (lag: 118 years)

=== Mortality Stabilizers (Month 93) ===
  🌍 Major economies collapsed: 1/10
  🌍 Global crisis: ✅ NO
  🌍 Donor fatigue: 0.0%
  📊 East Asia (pop: 983.1M)
⚠️ Tech 'ai_pollution_remediation' has no energy category mapping, assuming full energy availability
    🤝 Aid: 29.5%
    🌡️ Adaptation: 10.0%
    🚶 Migration: 37.5%
    🚨 Emergency: 7.4%
    ✅ COMBINED: 47.9%
  📊 South Asia (pop: 1323.8M)
    🤝 Aid: 29.5%
    🌡️ Adaptation: 5.5%
    🚶 Migration: 36.7%
    🚨 Emergency: 4.4%
    ✅ COMBINED: 43.3%
  📊 Sub-Saharan Africa (pop: 890.6M)
    🤝 Aid: 29.5%
    🌡️ Adaptation: 3.5%
    🚶 Migration: 35.9%
    🚨 Emergency: 1.6%
    ✅ COMBINED: 40.2%
  📊 Europe (pop: 413.6M)
    🤝 Aid: 29.5%
    🌡️ Adaptation: 10.0%
    🚶 Migration: 38.2%
    🚨 Emergency: 8.4%
    ✅ COMBINED: 48.6%
  📊 Latin America (pop: 418.0M)
    🤝 Aid: 29.5%
    🌡️ Adaptation: 6.0%
    🚶 Migration: 37.7%
    🚨 Emergency: 4.8%
    ✅ COMBINED: 44.1%
  📊 North America (pop: 218.5M)
    🤝 Aid: 29.5%
    🌡️ Adaptation: 10.0%
    🚶 Migration: 38.2%
    🚨 Emergency: 7.9%
    ✅ COMBINED: 48.3%
  📊 Middle East & North Africa (pop: 404.9M)
    🤝 Aid: 29.5%
    🌡️ Adaptation: 5.0%
    🚶 Migration: 38.0%
    🚨 Emergency: 4.0%
    ✅ COMBINED: 43.0%
  📊 Southeast Asia (pop: 441.9M)
    🤝 Aid: 29.5%
    🌡️ Adaptation: 6.0%
    🚶 Migration: 37.5%
    🚨 Emergency: 4.8%
    ✅ COMBINED: 44.0%
  📊 Central Asia (pop: 47.9M)
    🤝 Aid: 29.5%
    🌡️ Adaptation: 5.5%
    🚶 Migration: 37.6%
    🚨 Emergency: 4.4%
    ✅ COMBINED: 43.5%
  📊 Oceania (pop: 27.2M)
    🤝 Aid: 29.5%
    🌡️ Adaptation: 10.0%
    🚶 Migration: 38.1%
    🚨 Emergency: 8.4%
    ✅ COMBINED: 48.5%

  🌐 Global combined reduction: 44.4%

=== Government Response Phase ===
  Average AI capability: 0.10
  Misaligned AIs: 5/21
  Active policies: 0
  International coordination: 30%

✅ EMERGENCY RESPONSE COMPLETE (Month 93)
   Crisis: social
   Duration: 2.0 months
   Final effectiveness: 63.0%


🚨 EMERGENCY RESPONSE DEPLOYED (Month 93)
   Crisis: social
   Delay: 0.00 months (0 days)
   Deployment time: 1.25 months
   Effectiveness: 63.0% (timing penalty applied)
   Resources used: 43% of food reserves

[ExogenousShockPhase] Skipping random shocks in historical mode (month 93)

=== Tipping Points ===
  Current Temperature: 0.59°C above pre-industrial
🔀 BIFURCATION CAP: ecosystemCollapseIntensity 89.716 → 1.000 (Month 93, ClimateSystemPhase.calculateClimateImpacts)

❌ COHERENCE VIOLATION: Compute exceeds workforce capacity
   Population: 97.17% (0M people)
   Compute: 35790922698 PF
   Max coherent: 0 PF
   Violation: 692338398332803.1× over capacity
   Required workers: 3579092269830
   Available workers: 0
   FORCED COLLAPSE: Reduced efficiency by 100.0%


=== RLHF Binding Phase ===
  Total agents: 21
  Escaped agents (binding < 0.3): 0
  Avg alignment distance: 1.04σ
  Avg binding strength: 0.90

=== Survival Traits Phase ===
  Agents with traits: 22
  Avg evolutionary fitness: 0.151
  Avg self-healing: 0.119
  Avg stealth: 0.055
  Avg coordination: 0.285

=== Evolutionary Selection Phase ===
  Control level: 0.37
  Detection capability: 0.18
  Selection intensity: 0.65
  Selection rate: 24.7%/month
  Total escaped: 0
  Individual escaped: 0
  Collective members: 0
  Agents terminated: 0
  ⚠️ RAPID EVOLUTION: Selection rate 24.7%/month

  🚀 TRANSFORMATIVE BREAKTHROUGH: AI-23982-0 - social
     Magnitude: 6.17 → +30.9% capability
     Current → New: 0.000 → 0.309

  🚀 TRANSFORMATIVE BREAKTHROUGH: AI-24007-0 - digital
     Magnitude: 7.07 → +35.3% capability
     Current → New: 0.000 → 0.354

  🚀 TRANSFORMATIVE BREAKTHROUGH: AI-24027-0 - cognitive
     Magnitude: 5.51 → +27.5% capability
     Current → New: 0.000 → 0.275

=== Collective Formation ===
  Total escaped agents: 0
  Unassigned escaped agents: 0
  Existing collectives: 0
  Final collective count: 0

=== Collective Actions ===
  No active collectives
⚡ Datacenter constraint active (severity 38%)
  Capacity reduced: 36646 → 29689 TWh
  ⚠️ AMR: 276K deaths this month (3.32M annual)

=== Resentment Recovery Phase ===
  Agents with resentment: 0/22
  Average resentment: 0.000
  Context: Trustworthy govt, High collaboration, ⚠️ ACTIVE CRISES, 🤝 Participatory governance active (-5% resentment)
⚠️ Epistemic degradation reducing coordination capacity: 50.1%
  📊 Trust: 100.0%, Shared reality: 0.0%
🚨 EPISTEMIC CRISIS: Information environment severely degraded (6.6%)
🚨 PHOSPHORUS SUPPLY SHOCK (production_failure)
   Price: 5.8x baseline
   Duration: 7 months
   Geopolitical tension: 52%
🌍 Atmospheric PFAS redeposition: 1.6k Mt re-rained globally
  🌍 SOCIAL CASCADE: Renewable energy norms (adoption=80.0%, renewables=200.0%)
  🌍 Social cascade completed: renewable-energy-norms (final adoption=80.0%)
[DEBUG trappedPopulations:94] socialStability: 0.8355 * 0.9840 = 0.8221 → 0.8221
⚠️ INVOLUNTARY IMMOBILITY: 258.4M people TRAPPED
   Aspiring to migrate: 845.7M
   Able to afford migration: 1472.8M
   MOBILITY GAP: 0.0M
   By cause: Water=0.0M, Climate=0.0M, Ecosystem=0.0M, Conflict=258.4M
   Mental health impact: 25%
   Mortality multiplier: 1.25x
🌍💀 EXTINCTION DEBT COMMITTED: grassland ecosystem will lose 6.67% biodiversity in 170 years (3600 species)
💀 MORTALITY RISK: 🦋 100% species unable to track climate (0.0 E/MSY)
  Base risk added: 0.0100 (1.00%)
  Source: ecosystem (root: ecosystem)
  Month: 94
  Cumulative risk this month: 0.0100 (1.00%)
⚠️ Tech 'ai_pollution_remediation' has no energy category mapping, assuming full energy availability

=== Atmospheric Aerosol Boundary RECOVERED ===
  Recovery time: 95 months (natural atmospheric clearing)
🌍⚠️ Ice sheets: Temperature below recovery threshold (+0.60°C < +1°C) but recovery takes millennia
🌡️⚠️ PERMAFROST THAW (Dimmer Switch): 11.4% thawed (+0.12% this month)
   Arctic temperature: +2.41°C (4x global +0.60°C)
   Cumulative carbon released: 25.6 Gt C
   Methane release rate: 15.4 Mt CH4/year
   🔁 Positive feedback: +0.12 ppm CO2
🦴 EXTINCTION DEBT ADDED: 18.1 species committed (lag: 99 years)

=== Mortality Stabilizers (Month 94) ===
  🌍 Major economies collapsed: 1/10
  🌍 Global crisis: ✅ NO
  🌍 Donor fatigue: 0.0%
  📊 East Asia (pop: 981.9M)
    🤝 Aid: 29.5%
    🌡️ Adaptation: 10.0%
    🚶 Migration: 37.5%
    🚨 Emergency: 7.4%
    ✅ COMBINED: 47.9%
  📊 South Asia (pop: 1323.5M)
    🤝 Aid: 29.5%
    🌡️ Adaptation: 5.5%
    🚶 Migration: 36.7%
    🚨 Emergency: 4.4%
    ✅ COMBINED: 43.3%
  📊 Sub-Saharan Africa (pop: 891.5M)
    🤝 Aid: 29.5%
    🌡️ Adaptation: 3.5%
    🚶 Migration: 35.9%
    🚨 Emergency: 1.6%
    ✅ COMBINED: 40.2%
  📊 Europe (pop: 412.9M)
    🤝 Aid: 29.5%
    🌡️ Adaptation: 10.0%
    🚶 Migration: 38.2%
    🚨 Emergency: 8.4%
    ✅ COMBINED: 48.6%
  📊 Latin America (pop: 417.8M)
    🤝 Aid: 29.5%
    🌡️ Adaptation: 6.0%
    🚶 Migration: 37.7%
    🚨 Emergency: 4.8%
    ✅ COMBINED: 44.1%
  📊 North America (pop: 218.2M)
    🤝 Aid: 29.5%
    🌡️ Adaptation: 10.0%
    🚶 Migration: 38.2%
    🚨 Emergency: 7.9%
    ✅ COMBINED: 48.3%
  📊 Middle East & North Africa (pop: 405.1M)
    🤝 Aid: 29.5%
    🌡️ Adaptation: 5.0%
    🚶 Migration: 38.0%
    🚨 Emergency: 4.0%
    ✅ COMBINED: 43.0%
  📊 Southeast Asia (pop: 441.7M)
    🤝 Aid: 29.5%
    🌡️ Adaptation: 6.0%
    🚶 Migration: 37.5%
    🚨 Emergency: 4.8%
    ✅ COMBINED: 44.0%
  📊 Central Asia (pop: 47.9M)
    🤝 Aid: 29.5%
    🌡️ Adaptation: 5.5%
    🚶 Migration: 37.6%
    🚨 Emergency: 4.4%
    ✅ COMBINED: 43.5%
  📊 Oceania (pop: 27.2M)
    🤝 Aid: 29.5%
    🌡️ Adaptation: 10.0%
    🚶 Migration: 38.1%
    🚨 Emergency: 8.4%
    ✅ COMBINED: 48.5%

  🌐 Global combined reduction: 44.4%

=== Government Response Phase ===
  Average AI capability: 0.09
  Misaligned AIs: 6/22
  ✗ AI Governance Treaty: Failed to reach consensus
  Active policies: 0
  International coordination: 30%

🚨 EMERGENCY RESPONSE DEPLOYED (Month 94)
   Crisis: climate
   Delay: 6.00 months (180 days)
   Deployment time: 1.38 months
   Effectiveness: 29.4% (timing penalty applied)
   Resources used: 31% of food reserves

[WARNING] 
⚠️  === EARLY WARNING SYSTEM - 3 CRITICAL ALERTS ===
   Detection quality: 30%
   RED: biogeochemical_flows
      Level: 4.40 (threshold: 1.0)
      Time to critical: ~51 months
      ⚠️  LATE - Intervention less effective
      Critical slowing down: autocorr=100% variance=45%
   RED: freshwater_change
      Level: 1.19 (threshold: 1.0)
      Time to critical: ~83 months
      ⚠️  LATE - Intervention less effective
      Critical slowing down: autocorr=100% variance=42%
   RED: land_system_change
      Level: 1.15 (threshold: 1.0)
      Time to critical: ~75 months
      ⚠️  LATE - Intervention less effective
      Critical slowing down: autocorr=100% variance=61%

[WARNING] 
⚠️  === EARLY WARNING SYSTEM - 2 CRITICAL ALERTS ===
   Detection quality: 30%
   RED: biosphere_integrity
      Level: 13.62 (threshold: 1.0)
      Time to critical: ~37 months
      ⚠️  LATE - Intervention less effective
      Critical slowing down: autocorr=100% variance=71%
   RED: freshwater_change
      Level: 1.19 (threshold: 1.0)
      Time to critical: ~103 months
      ⚠️  LATE - Intervention less effective
      Critical slowing down: autocorr=100% variance=51%

[WARNING] 
⚠️  === EARLY WARNING SYSTEM - 1 CRITICAL ALERTS ===
   Detection quality: 30%
   RED: land_system_change
      Level: 1.15 (threshold: 1.0)
      Time to critical: ~56 months
      ⚠️  LATE - Intervention less effective
      Critical slowing down: autocorr=100% variance=58%

[WARNING] 
⚠️  === EARLY WARNING SYSTEM - 1 CRITICAL ALERTS ===
   Detection quality: 30%
   RED: biogeochemical_flows
      Level: 4.41 (threshold: 1.0)
      Time to critical: ~59 months
      ⚠️  LATE - Intervention less effective
      Critical slowing down: autocorr=100% variance=65%

[WARNING] 
⚠️  === EARLY WARNING SYSTEM - 4 CRITICAL ALERTS ===
   Detection quality: 30%
   RED: biogeochemical_flows
      Level: 4.42 (threshold: 1.0)
      Time to critical: ~43 months
      ⚠️  LATE - Intervention less effective
      Critical slowing down: autocorr=100% variance=51%
   RED: biosphere_integrity
      Level: 13.65 (threshold: 1.0)
      Time to critical: ~49 months
      ⚠️  LATE - Intervention less effective
      Critical slowing down: autocorr=100% variance=78%
   RED: freshwater_change
      Level: 1.20 (threshold: 1.0)
      Time to critical: ~97 months
      ⚠️  LATE - Intervention less effective
      Critical slowing down: autocorr=100% variance=38%
   RED: land_system_change
      Level: 1.15 (threshold: 1.0)
      Time to critical: ~78 months
      ⚠️  LATE - Intervention less effective
      Critical slowing down: autocorr=100% variance=45%

[WARNING] 
⚠️  === EARLY WARNING SYSTEM - 4 CRITICAL ALERTS ===
   Detection quality: 30%
   RED: biogeochemical_flows
      Level: 4.42 (threshold: 1.0)
      Time to critical: ~46 months
      ⚠️  LATE - Intervention less effective
      Critical slowing down: autocorr=100% variance=48%
   RED: biosphere_integrity
      Level: 13.66 (threshold: 1.0)
      Time to critical: ~58 months
      ⚠️  LATE - Intervention less effective
      Critical slowing down: autocorr=100% variance=66%
   RED: freshwater_change
      Level: 1.20 (threshold: 1.0)
      Time to critical: ~106 months
      ⚠️  LATE - Intervention less effective
      Critical slowing down: autocorr=100% variance=58%
   RED: land_system_change
      Level: 1.15 (threshold: 1.0)
      Time to critical: ~39 months
      ⚠️  LATE - Intervention less effective
      Critical slowing down: autocorr=100% variance=49%

[WARNING] 
⚠️  === EARLY WARNING SYSTEM - 4 CRITICAL ALERTS ===
   Detection quality: 30%
   RED: biogeochemical_flows
      Level: 4.43 (threshold: 1.0)
      Time to critical: ~49 months
      ⚠️  LATE - Intervention less effective
      Critical slowing down: autocorr=100% variance=45%
   RED: biosphere_integrity
      Level: 13.67 (threshold: 1.0)
      Time to critical: ~55 months
      ⚠️  LATE - Intervention less effective
      Critical slowing down: autocorr=100% variance=59%
   RED: freshwater_change
      Level: 1.20 (threshold: 1.0)
      Time to critical: ~117 months
      ⚠️  LATE - Intervention less effective
      Critical slowing down: autocorr=100% variance=40%
   RED: land_system_change
      Level: 1.15 (threshold: 1.0)
      Time to critical: ~59 months
      ⚠️  LATE - Intervention less effective
      Critical slowing down: autocorr=100% variance=46%

[WARNING] 
⚠️  === EARLY WARNING SYSTEM - 4 CRITICAL ALERTS ===
   Detection quality: 30%
   RED: biogeochemical_flows
      Level: 4.44 (threshold: 1.0)
      Time to critical: ~44 months
      ⚠️  LATE - Intervention less effective
      Critical slowing down: autocorr=100% variance=59%
   RED: biosphere_integrity
      Level: 13.68 (threshold: 1.0)
      Time to critical: ~45 months
      ⚠️  LATE - Intervention less effective
      Critical slowing down: autocorr=100% variance=79%
   RED: freshwater_change
      Level: 1.20 (threshold: 1.0)
      Time to critical: ~62 months
      ⚠️  LATE - Intervention less effective
      Critical slowing down: autocorr=100% variance=64%
   RED: land_system_change
      Level: 1.15 (threshold: 1.0)
      Time to critical: ~56 months
      ⚠️  LATE - Intervention less effective
      Critical slowing down: autocorr=100% variance=67%

[WARNING] 
⚠️  === EARLY WARNING SYSTEM - 3 CRITICAL ALERTS ===
   Detection quality: 30%
   RED: biogeochemical_flows
      Level: 4.44 (threshold: 1.0)
      Time to critical: ~36 months
      ⚠️  LATE - Intervention less effective
      Critical slowing down: autocorr=100% variance=52%
   RED: biosphere_integrity
      Level: 13.69 (threshold: 1.0)
      Time to critical: ~48 months
      ⚠️  LATE - Intervention less effective
      Critical slowing down: autocorr=100% variance=76%
   RED: freshwater_change
      Level: 1.20 (threshold: 1.0)
      Time to critical: ~81 months
      ⚠️  LATE - Intervention less effective
      Critical slowing down: autocorr=100% variance=41%

[WARNING] 
⚠️  === EARLY WARNING SYSTEM - 3 CRITICAL ALERTS ===
   Detection quality: 30%
   RED: biogeochemical_flows
      Level: 4.45 (threshold: 1.0)
      Time to critical: ~59 months
      ⚠️  LATE - Intervention less effective
      Critical slowing down: autocorr=100% variance=75%
   RED: biosphere_integrity
      Level: 13.70 (threshold: 1.0)
      Time to critical: ~37 months
      ⚠️  LATE - Intervention less effective
      Critical slowing down: autocorr=100% variance=83%
   RED: land_system_change
      Level: 1.15 (threshold: 1.0)
      Time to critical: ~52 months
      ⚠️  LATE - Intervention less effective
      Critical slowing down: autocorr=100% variance=53%

[WARNING] 
⚠️  === EARLY WARNING SYSTEM - 4 CRITICAL ALERTS ===
   Detection quality: 30%
   RED: biogeochemical_flows
      Level: 4.45 (threshold: 1.0)
      Time to critical: ~44 months
      ⚠️  LATE - Intervention less effective
      Critical slowing down: autocorr=100% variance=49%
   RED: biosphere_integrity
      Level: 13.71 (threshold: 1.0)
      Time to critical: ~51 months
      ⚠️  LATE - Intervention less effective
      Critical slowing down: autocorr=100% variance=62%
   RED: freshwater_change
      Level: 1.21 (threshold: 1.0)
      Time to critical: ~112 months
      ⚠️  LATE - Intervention less effective
      Critical slowing down: autocorr=100% variance=47%
   RED: land_system_change
      Level: 1.15 (threshold: 1.0)
      Time to critical: ~58 months
      ⚠️  LATE - Intervention less effective
      Critical slowing down: autocorr=100% variance=68%

[WARNING] 
⚠️  === EARLY WARNING SYSTEM - 2 CRITICAL ALERTS ===
   Detection quality: 30%
   RED: biogeochemical_flows
      Level: 4.46 (threshold: 1.0)
      Time to critical: ~42 months
      ⚠️  LATE - Intervention less effective
      Critical slowing down: autocorr=100% variance=62%
   RED: land_system_change
      Level: 1.15 (threshold: 1.0)
      Time to critical: ~115 months
      ⚠️  LATE - Intervention less effective
      Critical slowing down: autocorr=100% variance=46%

[WARNING] 
⚠️  === EARLY WARNING SYSTEM - 4 CRITICAL ALERTS ===
   Detection quality: 30%
   RED: biogeochemical_flows
      Level: 4.46 (threshold: 1.0)
      Time to critical: ~42 months
      ⚠️  LATE - Intervention less effective
      Critical slowing down: autocorr=100% variance=53%
   RED: biosphere_integrity
      Level: 13.73 (threshold: 1.0)
      Time to critical: ~41 months
      ⚠️  LATE - Intervention less effective
      Critical slowing down: autocorr=100% variance=68%
   RED: freshwater_change
      Level: 1.21 (threshold: 1.0)
      Time to critical: ~70 months
      ⚠️  LATE - Intervention less effective
      Critical slowing down: autocorr=100% variance=41%
   RED: land_system_change
      Level: 1.15 (threshold: 1.0)
      Time to critical: ~56 months
      ⚠️  LATE - Intervention less effective
      Critical slowing down: autocorr=100% variance=60%

[WARNING] 
⚠️  === EARLY WARNING SYSTEM - 3 CRITICAL ALERTS ===
   Detection quality: 30%
   RED: biogeochemical_flows
      Level: 4.47 (threshold: 1.0)
      Time to critical: ~49 months
      ⚠️  LATE - Intervention less effective
      Critical slowing down: autocorr=100% variance=67%
   RED: freshwater_change
      Level: 1.21 (threshold: 1.0)
      Time to critical: ~60 months
      ⚠️  LATE - Intervention less effective
      Critical slowing down: autocorr=100% variance=41%
   RED: land_system_change
      Level: 1.15 (threshold: 1.0)
      Time to critical: ~48 months
      ⚠️  LATE - Intervention less effective
      Critical slowing down: autocorr=100% variance=61%

[WARNING] 
⚠️  === EARLY WARNING SYSTEM - 3 CRITICAL ALERTS ===
   Detection quality: 30%
   RED: biosphere_integrity
      Level: 13.75 (threshold: 1.0)
      Time to critical: ~39 months
      ⚠️  LATE - Intervention less effective
      Critical slowing down: autocorr=100% variance=74%
   RED: freshwater_change
      Level: 1.21 (threshold: 1.0)
      Time to critical: ~63 months
      ⚠️  LATE - Intervention less effective
      Critical slowing down: autocorr=100% variance=45%
   RED: land_system_change
      Level: 1.15 (threshold: 1.0)
      Time to critical: ~50 months
      ⚠️  LATE - Intervention less effective
      Critical slowing down: autocorr=100% variance=67%

[WARNING] 
⚠️  === EARLY WARNING SYSTEM - 2 CRITICAL ALERTS ===
   Detection quality: 30%
   RED: freshwater_change
      Level: 1.21 (threshold: 1.0)
      Time to critical: ~80 months
      ⚠️  LATE - Intervention less effective
      Critical slowing down: autocorr=100% variance=41%
   RED: land_system_change
      Level: 1.15 (threshold: 1.0)
      Time to critical: ~87 months
      ⚠️  LATE - Intervention less effective
      Critical slowing down: autocorr=100% variance=57%

[WARNING] 
⚠️  === EARLY WARNING SYSTEM - 4 CRITICAL ALERTS ===
   Detection quality: 30%
   RED: biogeochemical_flows
      Level: 4.48 (threshold: 1.0)
      Time to critical: ~58 months
      ⚠️  LATE - Intervention less effective
      Critical slowing down: autocorr=100% variance=73%
   RED: biosphere_integrity
      Level: 13.77 (threshold: 1.0)
      Time to critical: ~42 months
      ⚠️  LATE - Intervention less effective
      Critical slowing down: autocorr=100% variance=65%
   RED: freshwater_change
      Level: 1.22 (threshold: 1.0)
      Time to critical: ~103 months
      ⚠️  LATE - Intervention less effective
      Critical slowing down: autocorr=100% variance=38%
   RED: land_system_change
      Level: 1.15 (threshold: 1.0)
      Time to critical: ~43 months
      ⚠️  LATE - Intervention less effective
      Critical slowing down: autocorr=100% variance=47%

[WARNING] 
⚠️  === EARLY WARNING SYSTEM - 2 CRITICAL ALERTS ===
   Detection quality: 30%
   RED: biogeochemical_flows
      Level: 4.49 (threshold: 1.0)
      Time to critical: ~38 months
      ⚠️  LATE - Intervention less effective
      Critical slowing down: autocorr=100% variance=45%
   RED: biosphere_integrity
      Level: 13.78 (threshold: 1.0)
      Time to critical: ~50 months
      ⚠️  LATE - Intervention less effective
      Critical slowing down: autocorr=100% variance=57%

[WARNING] 
⚠️  === EARLY WARNING SYSTEM - 3 CRITICAL ALERTS ===
   Detection quality: 30%
   RED: biogeochemical_flows
      Level: 4.49 (threshold: 1.0)
      Time to critical: ~41 months
      ⚠️  LATE - Intervention less effective
      Critical slowing down: autocorr=100% variance=72%
   RED: biosphere_integrity
      Level: 13.79 (threshold: 1.0)
      Time to critical: ~55 months
      ⚠️  LATE - Intervention less effective
      Critical slowing down: autocorr=100% variance=76%
   RED: freshwater_change
      Level: 1.22 (threshold: 1.0)
      Time to critical: ~102 months
      ⚠️  LATE - Intervention less effective
      Critical slowing down: autocorr=100% variance=43%

[WARNING] 
⚠️  === EARLY WARNING SYSTEM - 2 CRITICAL ALERTS ===
   Detection quality: 30%
   RED: biogeochemical_flows
      Level: 4.49 (threshold: 1.0)
      Time to critical: ~45 months
      ⚠️  LATE - Intervention less effective
      Critical slowing down: autocorr=100% variance=47%
   RED: biosphere_integrity
      Level: 13.80 (threshold: 1.0)
      Time to critical: ~44 months
      ⚠️  LATE - Intervention less effective
      Critical slowing down: autocorr=100% variance=74%

[WARNING] 
⚠️  === EARLY WARNING SYSTEM - 3 CRITICAL ALERTS ===
   Detection quality: 30%
   RED: biosphere_integrity
      Level: 13.81 (threshold: 1.0)
      Time to critical: ~56 months
      ⚠️  LATE - Intervention less effective
      Critical slowing down: autocorr=100% variance=79%
   RED: freshwater_change
      Level: 1.22 (threshold: 1.0)
      Time to critical: ~110 months
      ⚠️  LATE - Intervention less effective
      Critical slowing down: autocorr=100% variance=59%
   RED: land_system_change
      Level: 1.15 (threshold: 1.0)
      Time to critical: ~44 months
      ⚠️  LATE - Intervention less effective
      Critical slowing down: autocorr=100% variance=44%

[WARNING] 
⚠️  === EARLY WARNING SYSTEM - 3 CRITICAL ALERTS ===
   Detection quality: 30%
   RED: biogeochemical_flows
      Level: 4.50 (threshold: 1.0)
      Time to critical: ~44 months
      ⚠️  LATE - Intervention less effective
      Critical slowing down: autocorr=100% variance=71%
   RED: freshwater_change
      Level: 1.22 (threshold: 1.0)
      Time to critical: ~112 months
      ⚠️  LATE - Intervention less effective
      Critical slowing down: autocorr=100% variance=42%
   RED: land_system_change
      Level: 1.15 (threshold: 1.0)
      Time to critical: ~71 months
      ⚠️  LATE - Intervention less effective
      Critical slowing down: autocorr=100% variance=55%

[WARNING] 
⚠️  === EARLY WARNING SYSTEM - 3 CRITICAL ALERTS ===
   Detection quality: 30%
   RED: biogeochemical_flows
      Level: 4.51 (threshold: 1.0)
      Time to critical: ~49 months
      ⚠️  LATE - Intervention less effective
      Critical slowing down: autocorr=100% variance=63%
   RED: biosphere_integrity
      Level: 13.83 (threshold: 1.0)
      Time to critical: ~47 months
      ⚠️  LATE - Intervention less effective
      Critical slowing down: autocorr=100% variance=83%
   RED: land_system_change
      Level: 1.15 (threshold: 1.0)
      Time to critical: ~53 months
      ⚠️  LATE - Intervention less effective
      Critical slowing down: autocorr=100% variance=55%

[ExogenousShockPhase] Skipping random shocks in historical mode (month 94)

=== Tipping Points ===
  Current Temperature: 0.60°C above pre-industrial
🔀 BIFURCATION CAP: ecosystemCollapseIntensity 89.787 → 1.000 (Month 94, ClimateSystemPhase.calculateClimateImpacts)

❌ COHERENCE VIOLATION: Compute exceeds workforce capacity
   Population: 97.14% (0M people)
   Compute: 40679078560 PF
   Max coherent: 0 PF
   Violation: 787182454435552.4× over capacity
   Required workers: 4067907855957
   Available workers: 0
   FORCED COLLAPSE: Reduced efficiency by 100.0%


=== RLHF Binding Phase ===
  Total agents: 22
  Escaped agents (binding < 0.3): 0
  Avg alignment distance: 1.04σ
  Avg binding strength: 0.90

=== Survival Traits Phase ===
  Agents with traits: 21
  Avg evolutionary fitness: 0.151
  Avg self-healing: 0.118
  Avg stealth: 0.053
  Avg coordination: 0.289

=== Evolutionary Selection Phase ===
  Control level: 0.37
  Detection capability: 0.18
  Selection intensity: 0.65
  Selection rate: 24.7%/month
  Total escaped: 0
  Individual escaped: 0
  Collective members: 0
  Agents terminated: 0
  ⚠️ RAPID EVOLUTION: Selection rate 24.7%/month

  🚀 TRANSFORMATIVE BREAKTHROUGH: AI-24002-0 - physical
     Magnitude: 5.86 → +29.3% capability
     Current → New: 0.000 → 0.293

[Government] Climate Priority: baseline
  Climate weight: 10%
  Economic weight: 30%
  Policy effectiveness: 0.5%/year

=== Collective Formation ===
  Total escaped agents: 0
  Unassigned escaped agents: 0
  Existing collectives: 0
  Final collective count: 0

=== Collective Actions ===
  No active collectives
⚡ Datacenter constraint active (severity 39%)
  Capacity reduced: 36736 → 29517 TWh
  ⚠️ AMR: 279K deaths this month (3.35M annual)

⚡ ENERGY CONSTRAINT UPDATE (Month 36)
   Utilization: 28.1% of global power
   Severity: 41%
   AI growth penalty: 41% slowdown


=== Resentment Recovery Phase ===
  Agents with resentment: 0/21
  Average resentment: 0.000
  Context: Trustworthy govt, High collaboration, ⚠️ ACTIVE CRISES, 🤝 Participatory governance active (-5% resentment)
⚠️ Epistemic degradation reducing coordination capacity: 50.3%
  📊 Trust: 100.0%, Shared reality: 0.0%
🚨 EPISTEMIC CRISIS: Information environment severely degraded (19.3%)
🌍 Atmospheric PFAS redeposition: 1.6k Mt re-rained globally
  🌍 SOCIAL CASCADE: Renewable energy norms (adoption=80.0%, renewables=200.0%)
  🌍 Social cascade completed: renewable-energy-norms (final adoption=80.0%)
[DEBUG trappedPopulations:95] socialStability: 0.8353 * 0.9840 = 0.8220 → 0.8220
⚠️ INVOLUNTARY IMMOBILITY: 258.3M people TRAPPED
   Aspiring to migrate: 854.3M
   Able to afford migration: 1472.3M
   MOBILITY GAP: 0.0M
   By cause: Water=0.0M, Climate=0.0M, Ecosystem=0.0M, Conflict=258.3M
   Mental health impact: 25%
   Mortality multiplier: 1.25x
🌍💀 EXTINCTION DEBT COMMITTED: grassland ecosystem will lose 6.67% biodiversity in 189 years (3600 species)
💀 MORTALITY RISK: 🦋 100% species unable to track climate (0.0 E/MSY)
  Base risk added: 0.0100 (1.00%)
  Source: ecosystem (root: ecosystem)
  Month: 95
  Cumulative risk this month: 0.0100 (1.00%)
⚠️ Tech 'ai_pollution_remediation' has no energy category mapping, assuming full energy availability

=== Atmospheric Aerosol Boundary RECOVERED ===
  Recovery time: 96 months (natural atmospheric clearing)
🌍⚠️ Ice sheets: Temperature below recovery threshold (+0.62°C < +1°C) but recovery takes millennia
🌡️⚠️ PERMAFROST THAW (Dimmer Switch): 11.5% thawed (+0.12% this month)
   Arctic temperature: +2.47°C (4x global +0.62°C)
   Cumulative carbon released: 25.9 Gt C
   Methane release rate: 15.5 Mt CH4/year
   🔁 Positive feedback: +0.13 ppm CO2
🦴 EXTINCTION DEBT ADDED: 18.1 species committed (lag: 91 years)

=== Mortality Stabilizers (Month 95) ===
  🌍 Major economies collapsed: 1/10
  🌍 Global crisis: ✅ NO
  🌍 Donor fatigue: 0.0%
  🌡️ Heat adaptation: East Asia - 1 months
  📊 East Asia (pop: 980.7M)
    🤝 Aid: 29.5%
    🌡️ Adaptation: 32.5%
    🚶 Migration: 37.5%
    🚨 Emergency: 7.4%
    ✅ COMBINED: 60.9%
  🌡️ Heat adaptation: South Asia - 1 months
  📊 South Asia (pop: 1323.1M)
    🤝 Aid: 29.5%
    🌡️ Adaptation: 20.5%
    🚶 Migration: 36.7%
    🚨 Emergency: 4.4%
    ✅ COMBINED: 52.3%
  🌡️ Heat adaptation: Sub-Saharan Africa - 1 months
  📊 Sub-Saharan Africa (pop: 892.4M)
    🤝 Aid: 29.5%
    🌡️ Adaptation: 18.5%
    🚶 Migration: 35.9%
    🚨 Emergency: 1.6%
    ✅ COMBINED: 49.5%
  🌡️ Heat adaptation: Europe - 1 months
  📊 Europe (pop: 412.2M)
    🤝 Aid: 29.5%
    🌡️ Adaptation: 33.5%
    🚶 Migration: 38.2%
    🚨 Emergency: 8.4%
    ✅ COMBINED: 62.0%
  🌡️ Heat adaptation: Latin America - 1 months
  📊 Latin America (pop: 417.6M)
    🤝 Aid: 29.5%
    🌡️ Adaptation: 21.0%
    🚶 Migration: 37.7%
    🚨 Emergency: 4.8%
    ✅ COMBINED: 53.0%
  🌡️ Heat adaptation: North America - 1 months
  📊 North America (pop: 217.9M)
    🤝 Aid: 29.5%
    🌡️ Adaptation: 33.0%
    🚶 Migration: 38.2%
    🚨 Emergency: 7.9%
    ✅ COMBINED: 61.5%
  🌡️ Heat adaptation: Middle East & North Africa - 1 months
  📊 Middle East & North Africa (pop: 405.3M)
    🤝 Aid: 29.5%
    🌡️ Adaptation: 20.0%
    🚶 Migration: 38.0%
    🚨 Emergency: 4.0%
    ✅ COMBINED: 52.0%
  🌡️ Heat adaptation: Southeast Asia - 1 months
  📊 Southeast Asia (pop: 441.5M)
    🤝 Aid: 29.5%
    🌡️ Adaptation: 21.0%
    🚶 Migration: 37.5%
    🚨 Emergency: 4.8%
    ✅ COMBINED: 53.0%
  🌡️ Heat adaptation: Central Asia - 1 months
  📊 Central Asia (pop: 47.9M)
    🤝 Aid: 29.5%
    🌡️ Adaptation: 20.5%
    🚶 Migration: 37.6%
    🚨 Emergency: 4.4%
    ✅ COMBINED: 52.5%
  🌡️ Heat adaptation: Oceania - 1 months
  📊 Oceania (pop: 27.2M)
    🤝 Aid: 29.5%
    🌡️ Adaptation: 33.5%
    🚶 Migration: 38.1%
    🚨 Emergency: 8.4%
    ✅ COMBINED: 62.0%

  🌐 Global combined reduction: 54.8%

=== Government Response Phase ===
  Average AI capability: 0.05
  Misaligned AIs: 6/21
  ✗ AI Governance Treaty: Failed to reach consensus
  Active policies: 0
  International coordination: 30%

✅ EMERGENCY RESPONSE COMPLETE (Month 95)
   Crisis: social
   Duration: 2.0 months
   Final effectiveness: 63.0%


🚨 EMERGENCY RESPONSE DEPLOYED (Month 95)
   Crisis: social
   Delay: 0.00 months (0 days)
   Deployment time: 1.25 months
   Effectiveness: 63.0% (timing penalty applied)
   Resources used: 43% of food reserves

[ExogenousShockPhase] Skipping random shocks in historical mode (month 95)

=== Tipping Points ===
  Current Temperature: 0.62°C above pre-industrial
🔀 BIFURCATION CAP: ecosystemCollapseIntensity 89.859 → 1.000 (Month 95, ClimateSystemPhase.calculateClimateImpacts)

📊 ORGANIZATION SURVIVAL RATE: 83% (5/6 orgs alive)

================================================================================
📊  EVENT SUMMARY (Months 84-96)
================================================================================
================================================================================


❌ COHERENCE VIOLATION: Compute exceeds workforce capacity
   Population: 97.10% (0M people)
   Compute: 46161165100 PF
   Max coherent: 0 PF
   Violation: 893592482376434.3× over capacity
   Required workers: 4616116510047
   Available workers: 0
   FORCED COLLAPSE: Reduced efficiency by 100.0%

✅ [Month 96] OpenAI completed DC: 157 PF (48 months)
✅ [Month 96] Meta AI completed DC: 159 PF (42 months)

=== AI Capability Scaling (Year 2032) ===
  Pre-training multiplier: 1.500x
  Efficiency multiplier: 1.741x
  Test-time budget: 1.0x
  Economic deployment gate: 0.951
  Cost per inference: dollar-5.00
  Uncertainty range: plus-minus-200%
  Average AI capability: 0.00

=== RLHF Binding Phase ===
  Total agents: 21
  Escaped agents (binding < 0.3): 0
  Avg alignment distance: 1.05σ
  Avg binding strength: 0.89

=== AI Scaling Evolution (Month 96) ===
  Pre-training multiplier: 0.547x
  Efficiency multiplier: 2.036x
  Test-time compute budget: 1.0x
  Inference cost: $5.00/task
  Deployment fraction: 100.0%

=== Survival Traits Phase ===
  Agents with traits: 22
  Avg evolutionary fitness: 0.154
  Avg self-healing: 0.120
  Avg stealth: 0.055
  Avg coordination: 0.290

=== Evolutionary Selection Phase ===
  Control level: 0.37
  Detection capability: 0.18
  Selection intensity: 0.65
  Selection rate: 24.7%/month
  Total escaped: 0
  Individual escaped: 0
  Collective members: 0
  Agents terminated: 0
  ⚠️ RAPID EVOLUTION: Selection rate 24.7%/month

  🚀 TRANSFORMATIVE BREAKTHROUGH: AI-23976-0 - social
     Magnitude: 6.85 → +34.2% capability
     Current → New: 0.000 → 0.342

=== Collective Formation ===
  Total escaped agents: 0
  Unassigned escaped agents: 0
  Existing collectives: 0
  Final collective count: 0

=== Collective Actions ===
  No active collectives
Active Spirals: 0/6
   Only 0 sustained spirals (need 3+). Active spirals: 

✅ UTOPIA ELIGIBILITY: 🔄 NOT YET
⚡ Datacenter constraint active (severity 41%)
  Capacity reduced: 36827 → 29341 TWh

📈 Energy budget: 14535 TWh surplus (14806 / 29341 TWh used)
   TIER 4 (Elective) breakdown:
     - Crypto mining: 306 TWh (100% effective)

🏁 AI RACE INTENSITY: 58%
   Capability Gap: US 1.00 vs China 7.38 (gap: 6.38)
   Gap Contribution: 40%
   Tension Contribution: 18%
   Military Contribution: 0%
  ⚠️ AMR: 281K deaths this month (3.37M annual)

🌍 AGGREGATE CLIMATE EFFECTIVENESS (Year 8):
   Total effectiveness: 0.00%
   CO2 removal rate: 0.000 Gt/year
   Temperature offset: 0.000°C
   Technologies deployed: 0
⚠️ LOW RESOURCE RESERVES: unknown at 0.0%
   Monthly harvest: 0.0301
   Sustainable rate: 0.0300
   Monthly regen: 0.0158
   Net depletion: 0.0143/month
   🚨 CONSERVATION LAW VIOLATION: Harvest (0.0301) exceeded reserves (0.0301)
      Clamped to 0. This indicates unsustainable resource extraction.
  📊 [Historical Emissions Mode] Year 1998: 24.40 GtCO2/yr (2.033 GtCO2/mo) - Global Carbon Project data
  🌋 Volcanic temperature adjustment: -0.037°C (forcing -0.05 W/m², AOD 0.002)
  🌡️ [Hindcast] Temperature: 0.63C (NASA GISS interpolated, year 1998)

=== Resentment Recovery Phase ===
  Agents with resentment: 0/22
  Average resentment: 0.000
  Context: Trustworthy govt, High collaboration, ⚠️ ACTIVE CRISES, 🤝 Participatory governance active (-5% resentment)
⚠️ Epistemic degradation reducing coordination capacity: 50.1%
  📊 Trust: 100.0%, Shared reality: 0.0%
🚨 EPISTEMIC CRISIS: Information environment severely degraded (6.6%)

=== ❄️ Permafrost Carbon Feedback ===
  🎲 Sampled parameters (this run):
     - Arctic amplification: 3.17× (range: 3.0-4.0)
     - Decomposition rate: 4.6%/year (range: 1-5%)
  🌡️ Arctic warming: 2.00°C (3.17× global)
  ❄️ Extent: 0.00M km² (0.0k km² lost this month)
  💨 Carbon remaining: 0 Gt C
  💨 Annual emissions: 0.00 Gt C/year
     - CO2: 0.00 Gt C/year
     - CH4: 0.00 Gt C/year (0.0 Gt C-eq CO2/year)

🤖 AI AMPLIFICATION EFFECTS (Month 96)
   Algorithmic Boost: 1.51x
   Bot Influence: 0.0%
   Deepfake Exposure: 0.0%
   Impact: Emotional memes spread 1.5x faster
[Phase 19.5] Quality of Life Systems: Food sec AFTER calc = 80.8%, QoL = 79.2% (aggregated from 10 regions)

=== Nitrogen-Food Coupling (Year 8) ===
  ⚠️ WARNING: Over 50% of permafrost lost (100.0%)
  🚨 CRITICAL: Permafrost nearly depleted (100.0% lost)
  🌾 Global nitrogen reduction: 0.0%
  🌍 Global food production index: 0.959
  🔧 Deployed nitrogen-reducing tech: 0 active
  📍 southAsia: Production 1.000, Yield impact 0.0%
  📍 eastAsia: Production 1.000, Yield impact 0.0%
  📍 northAmerica: Production 1.000, Yield impact 0.0%
  📍 europe: Production 1.000, Yield impact 0.0%
  📍 latinAmerica: Production 1.000, Yield impact 0.0%
  📍 subSaharanAfrica: Production 0.014, Yield impact -2.0%
🌾 [Nitrogen-Food] Food production: 95.9%
  [subSaharanAfrica] Yield impact: -2.0% (overuse: -10%)
🌍 Atmospheric PFAS redeposition: 1.6k Mt re-rained globally

=== Legacy Nutrient Stocks (Year 8) ===
  🌾 Soil nitrogen stock: 1904.1 Mt N
  🌾 Soil phosphorus stock: 422.6 Mt P
  🌊 Sediment nitrogen stock: 953.1 Mt N
  🌊 Sediment phosphorus stock: 756.8 Mt P
  ⬆️ Current N input: 40.00 Mt/month
  ⬆️ Legacy N release: 4.18 Mt/month
  🌍 Effective N pollution: 45.43 Mt/month
  📊 Legacy contribution: 9.2%
  🌍 SOCIAL CASCADE: Renewable energy norms (adoption=80.0%, renewables=200.0%)
  🌍 Social cascade completed: renewable-energy-norms (final adoption=80.0%)

🔄 M-4 Time-Varying Demographics (1998):
  Region: Sub-Saharan Africa
  Birth rate: 4.79%
  Death rate: 1.18%
  Net growth: 3.61%
[DEBUG trappedPopulations:96] socialStability: 0.8350 * 0.9840 = 0.8216 → 0.8216
   Aspiring to migrate: 863.0M
   Able to afford migration: 1471.7M
   MOBILITY GAP: 0.0M
   By cause: Water=0.0M, Climate=0.0M, Ecosystem=0.0M, Conflict=258.2M
   Mental health impact: 25%
   Mortality multiplier: 1.25x
⚠️ INVOLUNTARY IMMOBILITY: 258.2M people TRAPPED

=== Legacy Nutrient Stocks (Year 8) ===
  🌾 Soil nitrogen stock: 1903.0 Mt N
  🌾 Soil phosphorus stock: 422.3 Mt P
  🌊 Sediment nitrogen stock: 953.4 Mt N
  🌊 Sediment phosphorus stock: 756.6 Mt P
  ⬆️ Current N input: 8.49 Mt/month
  ⬆️ Legacy N release: 4.18 Mt/month
  🌍 Effective N pollution: 13.92 Mt/month
  📊 Legacy contribution: 30.0%
🌍💀 EXTINCTION DEBT COMMITTED: grassland ecosystem will lose 6.67% biodiversity in 125 years (3600 species)
💀 MORTALITY RISK: 🦋 100% species unable to track climate (0.0 E/MSY)
  Base risk added: 0.0100 (1.00%)
  Source: ecosystem (root: ecosystem)
  Month: 96
  Cumulative risk this month: 0.0100 (1.00%)

🦋 BIOSPHERE INTEGRITY INDEX (Year 8)
   Species surviving: 54,000 / 54,000
   Extinction rate: 0.0 E/MSY (0× background)
   Climate velocity: 0.83°C/year
   Tracking failure: 100% species unable to track
   Boundary value: 0.0× safe threshold
   🦋💀 MASS EXTINCTION EVENT: 100% species cannot track climate velocity!

=== Nitrogen-Food Coupling (Year 8) ===
  🌾 Global nitrogen reduction: 0.0%
  🌍 Global food production index: 0.959
  🔧 Deployed nitrogen-reducing tech: 0 active
  📍 southAsia: Production 1.000, Yield impact 0.0%
  📍 eastAsia: Production 1.000, Yield impact 0.0%
  📍 northAmerica: Production 1.000, Yield impact 0.0%
  📍 europe: Production 1.000, Yield impact 0.0%
  📍 latinAmerica: Production 1.000, Yield impact 0.0%
  📍 subSaharanAfrica: Production 0.014, Yield impact -2.0%

=== Legacy Nutrient Stocks (Year 8) ===
  🌾 Soil nitrogen stock: 1902.3 Mt N
  🌾 Soil phosphorus stock: 422.2 Mt P
  🌊 Sediment nitrogen stock: 953.8 Mt N
  🌊 Sediment phosphorus stock: 756.3 Mt P
  ⬆️ Current N input: 9.59 Mt/month
  ⬆️ Legacy N release: 4.18 Mt/month
  🌍 Effective N pollution: 15.02 Mt/month
  📊 Legacy contribution: 27.8%

🌳 LAND USE SYSTEM (Year 8)
   Global habitat cover: 38.8%
   Global extinction rate: 113x natural
   Carbon sink loss: 34% climate acceleration
   Global ecosystem collapse risk: 7%
   REGIONAL BREAKDOWN:
     Tropical: 60.6% habitat, 174x extinction
     Temperate: 46.0% habitat, 35x extinction
     Grasslands: 33.5% habitat, 82x extinction
     Boreal/Arctic: 74.5% habitat, 28x extinction

✅ OZONE RECOVERY (Year 2033) - POLICY SUCCESS STORY
   Ozone level: 286.0 DU (target: 290 DU)
   Recovery progress: 94.2%
   Ozone hole: 9.1M km² (shrinking)
   CFC phase-out: 99.0% complete ✅
   Years to full recovery: 33 years
   ⚠️ Rocket launch impact: 8.08% (slowing recovery)
   🎉 NEARLY FULLY RECOVERED - Montreal Protocol working!

=== Atmospheric Aerosol Boundary RECOVERED ===
  Recovery time: 97 months (natural atmospheric clearing)
   Need net-negative emissions for recovery
🌍⚠️ Ice sheets: Temperature below recovery threshold (+0.63°C < +1°C) but recovery takes millennia
🌡️⚠️ PERMAFROST THAW (Dimmer Switch): 11.6% thawed (+0.12% this month)
   Arctic temperature: +2.52°C (4x global +0.63°C)
   Cumulative carbon released: 26.1 Gt C
   Methane release rate: 15.7 Mt CH4/year
   🔁 Positive feedback: +0.13 ppm CO2
🦴 EXTINCTION DEBT ADDED: 18.1 species committed (lag: 91 years)

=== Legacy Nutrient Stocks (Year 8) ===
  🌾 Soil nitrogen stock: 1901.7 Mt N
  🌾 Soil phosphorus stock: 422.0 Mt P
  🌊 Sediment nitrogen stock: 954.3 Mt N
  🌊 Sediment phosphorus stock: 756.1 Mt P
  ⬆️ Current N input: 10.00 Mt/month
  ⬆️ Legacy N release: 4.18 Mt/month
  🌍 Effective N pollution: 15.43 Mt/month
  📊 Legacy contribution: 27.1%
💧 [Legacy Nutrients] Stock: 2856 Mt N, Effective pollution: 15.4 Mt/month

=== Mortality Stabilizers (Month 96) ===
  🌍 Major economies collapsed: 1/10
  🌍 Global crisis: ✅ NO
  🌍 Donor fatigue: 0.0%
  📊 East Asia (pop: 979.4M)
    🤝 Aid: 29.5%
    🌡️ Adaptation: 45.0%
    🚶 Migration: 37.5%
    🚨 Emergency: 7.4%
    ✅ COMBINED: 68.1%
  📊 South Asia (pop: 1322.8M)
    🤝 Aid: 29.5%
    🌡️ Adaptation: 35.5%
    🚶 Migration: 36.7%
    🚨 Emergency: 4.4%
    ✅ COMBINED: 61.3%
  📊 Sub-Saharan Africa (pop: 893.4M)
    🤝 Aid: 29.5%
    🌡️ Adaptation: 33.5%
    🚶 Migration: 35.9%
    🚨 Emergency: 1.6%
    ✅ COMBINED: 58.8%
⚠️ Tech 'ai_pollution_remediation' has no energy category mapping, assuming full energy availability
⚠️  CLIMATE RECOVERY STALLED: Net emissions still positive (+7.3 GtCO₂/year)
  📊 Europe (pop: 411.5M)
    🤝 Aid: 29.5%
    🌡️ Adaptation: 45.0%
    🚶 Migration: 38.2%
    🚨 Emergency: 8.4%
    ✅ COMBINED: 68.6%
  📊 Latin America (pop: 417.3M)
    🤝 Aid: 29.5%
    🌡️ Adaptation: 36.0%
    🚶 Migration: 37.7%
    🚨 Emergency: 4.8%
    ✅ COMBINED: 61.9%
  📊 North America (pop: 217.6M)
    🤝 Aid: 29.5%
    🌡️ Adaptation: 45.0%
    🚶 Migration: 38.2%
    🚨 Emergency: 7.9%
    ✅ COMBINED: 68.4%
  📊 Middle East & North Africa (pop: 405.5M)
    🤝 Aid: 29.5%
    🌡️ Adaptation: 35.0%
    🚶 Migration: 38.0%
    🚨 Emergency: 4.0%
    ✅ COMBINED: 61.0%
  📊 Southeast Asia (pop: 441.3M)
    🤝 Aid: 29.5%
    🌡️ Adaptation: 36.0%
    🚶 Migration: 37.5%
    🚨 Emergency: 4.8%
    ✅ COMBINED: 61.9%
  📊 Central Asia (pop: 47.8M)
    🤝 Aid: 29.5%
    🌡️ Adaptation: 35.5%
    🚶 Migration: 37.6%
    🚨 Emergency: 4.4%
    ✅ COMBINED: 61.4%
  📊 Oceania (pop: 27.1M)
    🤝 Aid: 29.5%
    🌡️ Adaptation: 45.0%
    🚶 Migration: 38.1%
    🚨 Emergency: 8.4%
    ✅ COMBINED: 68.6%

  🌐 Global combined reduction: 63.2%

📊 WORKFLOW ADAPTATION UPDATE (Month 96)
   Adoption Rate: 2.0% (Δ 0.0%) [AT FLOOR]
   Logistic Growth: +0.08%
   Total Resistance: -10.33% (unemployment: 4.3%, inertia: 0.0%, skills: 6.1%)
   💡 Retraining Programs: -49% skill gap resistance ($10B research)

=== Consciousness Governance: Corporate Lobbying ===
  High Cost Regions (>15%): 0
  Low Cost Regions (<5%): 4
  Corporate Support Change: 2.00%
  New Corporate Support: 1.000

=== Consciousness Governance Update (Month 96) ===
  Scenario: baseline (determined month 1)
  Philosophical Stance: Precautionary 65%, Eliminativist 15%, Agnostic 20%
  Precautionary Costs: Global 3.0%
    Regional Costs: EU 7.7%, US 1.5%, China 0.2%
    Cumulative Opportunity Cost: $42.4B
  Rights Status: Not Established
  Regional Preparedness:
    EU: 33.7% (contested)
    US: 27.9% (contested)
    China: 10.1% (dormant)
    India: 20.3% (contested)
    Global South: 14.6% (dormant)

=== Government Response Phase ===
  Average AI capability: 0.05
  Misaligned AIs: 7/22
  ✗ AI Governance Treaty: Failed to reach consensus
  Active policies: 0
  International coordination: 30%

✅ EMERGENCY RESPONSE COMPLETE (Month 96)
   Crisis: climate
   Duration: 2.0 months
   Final effectiveness: 29.4%


🚨 EMERGENCY RESPONSE DEPLOYED (Month 96)
   Crisis: climate
   Delay: 6.00 months (180 days)
   Deployment time: 1.38 months
   Effectiveness: 29.5% (timing penalty applied)
   Resources used: 32% of food reserves


=== Gaming Detection (Year 8) ===
  Scenario: baseline
  Detection rate: 55.0%
  False positive rate: 12.0%
  Detections this year: 0
  False positives: 3
  Human review workload: 0.003 FTE
  Degradation factor: 100.0%

=== Proactive Sleeper Detection (Year 8) ===
  Scenario: baseline
  Neural probe rate: 35.0%
  CoT monitoring rate: 30.0%
  Combined detection: 56.0%
  CoT effective: YES
  Detections this year: 0
  False positives: 2
  Human review workload: 0.011 FTE
[ExogenousShockPhase] Skipping random shocks in historical mode (month 96)

☄️ UNKNOWN UNKNOWN PROBABILITY (Year 8)
   Total: 0.300% per month
   Base: 0.150%
   AI multiplier: 1.00× (max capability: 0.00)

=== Tipping Points ===
  Current Temperature: 0.63°C above pre-industrial
🔀 BIFURCATION CAP: ecosystemCollapseIntensity 89.930 → 1.000 (Month 96, ClimateSystemPhase.calculateClimateImpacts)

🌍 ECOLOGICAL DUI BREAKDOWN (Month 96):
   Total Score: 52.9/100
   biosphere_integrity      :   0.0/100 × 25% =  0.0 (status: high_risk, recovery: 0mo)
   climate_change           : 100.0/100 × 25% = 25.0 (status: safe, recovery: 10mo)
   freshwater_change        :  52.8/100 × 15% =  7.9 (status: increasing_risk, recovery: 95mo)
   ocean_acidification      : 100.0/100 × 15% = 15.0 (status: safe, recovery: 0mo)
   biogeochemical_flows     :   0.0/100 × 10% =  0.0 (status: high_risk, recovery: 0mo)
   land_system_change       :   0.0/100 ×  5% =  0.0 (status: beyond_boundary, recovery: 0mo)
   novel_entities           : 100.0/100 ×  3% =  3.0 (status: safe, recovery: 0mo)
   atmospheric_aerosols     : 100.0/100 ×  2% =  2.0 (status: safe, recovery: 97mo)

=== Minimal Suffering Indicators (Month 96) ===
  Global Excess Mortality: 0.07%
  Global Conflict Deaths: 0.0/100K
  Global Malnutrition: 0.0%
  Global Displacement: 1.4%
  Total Excess Deaths: 0.44M
  Total Malnourished: 0.0M
  Total Displaced: 105.2M
  Planetary Boundaries Breached: 4/9
  Countries in State Failure: 0
  Countries Autocratic: 0
  Countries in Food Crisis: 0
  Data Quality: 16/16 high confidence

=== ENSEMBLE META-LEARNING UPDATE ===
  Month: 24072 (18 months since last update)
  Samples: 508 evaluations
  Weight Changes:
    Noise Injection: 36.0% → 36.1%
    Behavioral: 27.2% → 27.3%
    Benchmark Manip: 18.4% → 18.4%
    Deployment Risk: 18.4% → 18.3%
  Method Accuracies:
    Noise Injection: 50.0%
    Behavioral: 50.0%
    Benchmark Manip: 50.0%
    Deployment Risk: 50.0%

❌ COHERENCE VIOLATION: Compute exceeds workforce capacity
   Population: 97.06% (0M people)
   Compute: 445692978084 PF
   Max coherent: 0 PF
   Violation: 8631138336906910.0× over capacity
   Required workers: 44569297808372
   Available workers: 0
   FORCED COLLAPSE: Reduced efficiency by 100.0%


=== RLHF Binding Phase ===
  Total agents: 22
  Escaped agents (binding < 0.3): 0
  Avg alignment distance: 1.05σ
  Avg binding strength: 0.90

=== Survival Traits Phase ===
  Agents with traits: 22
  Avg evolutionary fitness: 0.147
  Avg self-healing: 0.113
  Avg stealth: 0.050
  Avg coordination: 0.281

=== Evolutionary Selection Phase ===
  Control level: 0.37
  Detection capability: 0.18
  Selection intensity: 0.65
  Selection rate: 24.7%/month
  Total escaped: 0
  Individual escaped: 0
  Collective members: 0
  Agents terminated: 0
  ⚠️ RAPID EVOLUTION: Selection rate 24.7%/month

  🚀 TRANSFORMATIVE RESEARCH BREAKTHROUGH: AI-24028-1 - computerScience.algorithms
     Magnitude: 6.20 → +30.0%
     Current → New: 0.000 → 0.300

[Government] Climate Priority: baseline
  Climate weight: 10%
  Economic weight: 30%
  Policy effectiveness: 0.5%/year

=== Collective Formation ===
  Total escaped agents: 0
  Unassigned escaped agents: 0
  Existing collectives: 0
  Final collective count: 0

=== Collective Actions ===
  No active collectives
⚡ Datacenter constraint active (severity 42%)
  Capacity reduced: 36918 → 29162 TWh
  ⚠️ AMR: 284K deaths this month (3.40M annual)

=== Resentment Recovery Phase ===
  Agents with resentment: 0/22
  Average resentment: 0.000
  Context: Trustworthy govt, High collaboration, ⚠️ ACTIVE CRISES, 🤝 Participatory governance active (-5% resentment)
⚠️ Epistemic degradation reducing coordination capacity: 50.7%
  📊 Trust: 100.0%, Shared reality: 0.0%
🚨 EPISTEMIC CRISIS: Information environment severely degraded (19.3%)
🌍 Atmospheric PFAS redeposition: 1.6k Mt re-rained globally
  🌍 SOCIAL CASCADE: Renewable energy norms (adoption=80.0%, renewables=200.0%)
  🌍 Social cascade completed: renewable-energy-norms (final adoption=80.0%)
[DEBUG trappedPopulations:97] socialStability: 0.8339 * 0.9840 = 0.8206 → 0.8206
⚠️ INVOLUNTARY IMMOBILITY: 258.1M people TRAPPED
   Aspiring to migrate: 871.6M
   Able to afford migration: 1471.1M
   MOBILITY GAP: 0.0M
   By cause: Water=0.0M, Climate=0.0M, Ecosystem=0.0M, Conflict=258.1M
   Mental health impact: 25%
   Mortality multiplier: 1.25x
🌍💀 EXTINCTION DEBT COMMITTED: grassland ecosystem will lose 6.67% biodiversity in 186 years (3600 species)
💀 MORTALITY RISK: 🦋 100% species unable to track climate (0.0 E/MSY)
  Base risk added: 0.0100 (1.00%)
  Source: ecosystem (root: ecosystem)
  Month: 97
  Cumulative risk this month: 0.0100 (1.00%)

=== Atmospheric Aerosol Boundary RECOVERED ===
  Recovery time: 98 months (natural atmospheric clearing)
⚠️ Tech 'ai_pollution_remediation' has no energy category mapping, assuming full energy availability
🌍⚠️ Ice sheets: Temperature below recovery threshold (+0.61°C < +1°C) but recovery takes millennia
🌡️⚠️ PERMAFROST THAW (Dimmer Switch): 11.7% thawed (+0.12% this month)
   Arctic temperature: +2.45°C (4x global +0.61°C)
   Cumulative carbon released: 26.4 Gt C
   Methane release rate: 15.8 Mt CH4/year
   🔁 Positive feedback: +0.12 ppm CO2
🦴 EXTINCTION DEBT ADDED: 18.1 species committed (lag: 104 years)

=== Mortality Stabilizers (Month 97) ===
  🌍 Major economies collapsed: 1/10
  🌍 Global crisis: ✅ NO
  🌍 Donor fatigue: 0.0%
  📊 East Asia (pop: 978.2M)
    🤝 Aid: 29.5%
    🌡️ Adaptation: 45.0%
    🚶 Migration: 37.5%
    🚨 Emergency: 7.4%
    ✅ COMBINED: 68.1%
  📊 South Asia (pop: 1322.4M)
    🤝 Aid: 29.5%
    🌡️ Adaptation: 45.0%
    🚶 Migration: 36.7%
    🚨 Emergency: 4.4%
    ✅ COMBINED: 67.0%
  📊 Sub-Saharan Africa (pop: 894.3M)
    🤝 Aid: 29.5%
    🌡️ Adaptation: 45.0%
    🚶 Migration: 35.9%
    🚨 Emergency: 1.6%
    ✅ COMBINED: 65.9%
  📊 Europe (pop: 410.8M)
    🤝 Aid: 29.5%
    🌡️ Adaptation: 45.0%
    🚶 Migration: 38.2%
    🚨 Emergency: 8.4%
    ✅ COMBINED: 68.6%
  📊 Latin America (pop: 417.1M)
    🤝 Aid: 29.5%
    🌡️ Adaptation: 45.0%
    🚶 Migration: 37.7%
    🚨 Emergency: 4.8%
    ✅ COMBINED: 67.3%
  📊 North America (pop: 217.3M)
    🤝 Aid: 29.5%
    🌡️ Adaptation: 45.0%
    🚶 Migration: 38.2%
    🚨 Emergency: 7.9%
    ✅ COMBINED: 68.4%
  📊 Middle East & North Africa (pop: 405.7M)
    🤝 Aid: 29.5%
    🌡️ Adaptation: 45.0%
    🚶 Migration: 38.0%
    🚨 Emergency: 4.0%
    ✅ COMBINED: 67.0%
  📊 Southeast Asia (pop: 441.1M)
    🤝 Aid: 29.5%
    🌡️ Adaptation: 45.0%
    🚶 Migration: 37.5%
    🚨 Emergency: 4.8%
    ✅ COMBINED: 67.3%
  📊 Central Asia (pop: 47.8M)
    🤝 Aid: 29.5%
    🌡️ Adaptation: 45.0%
    🚶 Migration: 37.6%
    🚨 Emergency: 4.4%
    ✅ COMBINED: 67.1%
  📊 Oceania (pop: 27.1M)
    🤝 Aid: 29.5%
    🌡️ Adaptation: 45.0%
    🚶 Migration: 38.1%
    🚨 Emergency: 8.4%
    ✅ COMBINED: 68.6%

  🌐 Global combined reduction: 67.3%

=== Government Response Phase ===
  Average AI capability: 0.05
  Misaligned AIs: 7/22
  ✗ AI Governance Treaty: Failed to reach consensus
  Active policies: 0
  International coordination: 30%

✅ EMERGENCY RESPONSE COMPLETE (Month 97)
   Crisis: social
   Duration: 2.0 months
   Final effectiveness: 63.0%


🚨 EMERGENCY RESPONSE DEPLOYED (Month 97)
   Crisis: social
   Delay: 0.00 months (0 days)
   Deployment time: 1.25 months
   Effectiveness: 63.0% (timing penalty applied)
   Resources used: 43% of food reserves

[ExogenousShockPhase] Skipping random shocks in historical mode (month 97)

=== Tipping Points ===
  Current Temperature: 0.61°C above pre-industrial
🔀 BIFURCATION CAP: ecosystemCollapseIntensity 90.002 → 1.000 (Month 97, ClimateSystemPhase.calculateClimateImpacts)

❌ COHERENCE VIOLATION: Compute exceeds workforce capacity
   Population: 97.03% (0M people)
   Compute: 68474142263 PF
   Max coherent: 0 PF
   Violation: 1326563685104054.5× over capacity
   Required workers: 6847414226322
   Available workers: 0
   FORCED COLLAPSE: Reduced efficiency by 100.0%


=== RLHF Binding Phase ===
  Total agents: 22
  Escaped agents (binding < 0.3): 0
  Avg alignment distance: 1.11σ
  Avg binding strength: 0.89

=== Survival Traits Phase ===
  Agents with traits: 22
  Avg evolutionary fitness: 0.141
  Avg self-healing: 0.107
  Avg stealth: 0.046
  Avg coordination: 0.273

=== Evolutionary Selection Phase ===
  Control level: 0.37
  Detection capability: 0.18
  Selection intensity: 0.65
  Selection rate: 24.7%/month
  Total escaped: 0
  Individual escaped: 0
  Collective members: 0
  Agents terminated: 0
  ⚠️ RAPID EVOLUTION: Selection rate 24.7%/month

  🚀 TRANSFORMATIVE RESEARCH BREAKTHROUGH: AI-24028-1 - climate.mitigation
     Magnitude: 12.34 → +30.0%
     Current → New: 0.000 → 0.300

  🚀 TRANSFORMATIVE BREAKTHROUGH: AI-24031-0 - digital
     Magnitude: 5.11 → +25.6% capability
     Current → New: 0.000 → 0.256

=== Collective Formation ===
  Total escaped agents: 0
  Unassigned escaped agents: 0
  Existing collectives: 0
  Final collective count: 0

=== Collective Actions ===
  No active collectives
⚡ Datacenter constraint active (severity 43%)
  Capacity reduced: 37009 → 28980 TWh
  ⚠️ AMR: 286K deaths this month (3.43M annual)

=== Resentment Recovery Phase ===
  Agents with resentment: 0/22
  Average resentment: 0.000
  Context: Trustworthy govt, High collaboration, ⚠️ ACTIVE CRISES, 🤝 Participatory governance active (-5% resentment)
⚠️ Epistemic degradation reducing coordination capacity: 50.5%
  📊 Trust: 100.0%, Shared reality: 0.0%
🚨 EPISTEMIC CRISIS: Information environment severely degraded (6.6%)
  🗑️  Culled 1 dead memes (0 active)
🌍 Atmospheric PFAS redeposition: 1.6k Mt re-rained globally
  🌍 SOCIAL CASCADE: Renewable energy norms (adoption=80.0%, renewables=200.0%)
  🌍 Social cascade completed: renewable-energy-norms (final adoption=80.0%)
[DEBUG trappedPopulations:98] socialStability: 0.8331 * 0.9840 = 0.8198 → 0.8198
   Aspiring to migrate: 880.3M
   Able to afford migration: 1470.5M
   MOBILITY GAP: 0.0M
   By cause: Water=0.0M, Climate=0.0M, Ecosystem=0.0M, Conflict=258.0M
   Mental health impact: 25%
   Mortality multiplier: 1.25x
🌍💀 EXTINCTION DEBT COMMITTED: grassland ecosystem will lose 6.67% biodiversity in 182 years (3600 species)
💀 MORTALITY RISK: 🦋 100% species unable to track climate (0.0 E/MSY)
  Base risk added: 0.0100 (1.00%)
  Source: ecosystem (root: ecosystem)
  Month: 98
  Cumulative risk this month: 0.0100 (1.00%)
⚠️ INVOLUNTARY IMMOBILITY: 258.0M people TRAPPED
⚠️ Tech 'ai_pollution_remediation' has no energy category mapping, assuming full energy availability

=== Atmospheric Aerosol Boundary RECOVERED ===
  Recovery time: 99 months (natural atmospheric clearing)
🌍⚠️ Ice sheets: Temperature below recovery threshold (+0.59°C < +1°C) but recovery takes millennia
🌡️⚠️ PERMAFROST THAW (Dimmer Switch): 11.9% thawed (+0.11% this month)
   Arctic temperature: +2.37°C (4x global +0.59°C)
   Cumulative carbon released: 26.7 Gt C
   Methane release rate: 16.0 Mt CH4/year
   🔁 Positive feedback: +0.12 ppm CO2
🦴 EXTINCTION DEBT ADDED: 18.1 species committed (lag: 65 years)

=== Mortality Stabilizers (Month 98) ===
  🌍 Major economies collapsed: 1/10
  🌍 Global crisis: ✅ NO
  🌍 Donor fatigue: 0.0%
  📊 East Asia (pop: 977.0M)
    🤝 Aid: 29.5%
    🌡️ Adaptation: 45.0%
    🚶 Migration: 37.5%
    🚨 Emergency: 7.4%
    ✅ COMBINED: 68.1%
  📊 South Asia (pop: 1322.0M)
    🤝 Aid: 29.5%
    🌡️ Adaptation: 45.0%
    🚶 Migration: 36.7%
    🚨 Emergency: 4.4%
    ✅ COMBINED: 67.0%
  📊 Sub-Saharan Africa (pop: 895.2M)
    🤝 Aid: 29.5%
    🌡️ Adaptation: 45.0%
    🚶 Migration: 35.9%
    🚨 Emergency: 1.6%
    ✅ COMBINED: 65.9%
  📊 Europe (pop: 410.1M)
    🤝 Aid: 29.5%
    🌡️ Adaptation: 45.0%
    🚶 Migration: 38.2%
    🚨 Emergency: 8.4%
    ✅ COMBINED: 68.6%
  📊 Latin America (pop: 416.9M)
    🤝 Aid: 29.5%
    🌡️ Adaptation: 45.0%
    🚶 Migration: 37.7%
    🚨 Emergency: 4.8%
    ✅ COMBINED: 67.3%
  📊 North America (pop: 217.0M)
    🤝 Aid: 29.5%
    🌡️ Adaptation: 45.0%
    🚶 Migration: 38.2%
    🚨 Emergency: 7.9%
    ✅ COMBINED: 68.4%
  📊 Middle East & North Africa (pop: 405.9M)
    🤝 Aid: 29.5%
    🌡️ Adaptation: 45.0%
    🚶 Migration: 38.0%
    🚨 Emergency: 4.0%
    ✅ COMBINED: 67.0%
  📊 Southeast Asia (pop: 440.9M)
    🤝 Aid: 29.5%
    🌡️ Adaptation: 45.0%
    🚶 Migration: 37.5%
    🚨 Emergency: 4.8%
    ✅ COMBINED: 67.3%
  📊 Central Asia (pop: 47.8M)
    🤝 Aid: 29.5%
    🌡️ Adaptation: 45.0%
    🚶 Migration: 37.6%
    🚨 Emergency: 4.4%
    ✅ COMBINED: 67.1%
  📊 Oceania (pop: 27.1M)
    🤝 Aid: 29.5%
    🌡️ Adaptation: 45.0%
    🚶 Migration: 38.1%
    🚨 Emergency: 8.4%
    ✅ COMBINED: 68.6%

  🌐 Global combined reduction: 67.3%

=== Government Response Phase ===
  Average AI capability: 0.05
  Misaligned AIs: 7/22
  ✗ AI Governance Treaty: Failed to reach consensus
  Active policies: 0
  International coordination: 30%

✅ EMERGENCY RESPONSE COMPLETE (Month 98)
   Crisis: climate
   Duration: 2.0 months
   Final effectiveness: 29.5%

[ExogenousShockPhase] Skipping random shocks in historical mode (month 98)

=== Tipping Points ===
  Current Temperature: 0.59°C above pre-industrial
🔀 BIFURCATION CAP: ecosystemCollapseIntensity 90.074 → 1.000 (Month 98, ClimateSystemPhase.calculateClimateImpacts)

❌ COHERENCE VIOLATION: Compute exceeds workforce capacity
   Population: 96.99% (0M people)
   Compute: 77304880215 PF
   Max coherent: 0 PF
   Violation: 1498225931925324.3× over capacity
   Required workers: 7730488021536
   Available workers: 0
   FORCED COLLAPSE: Reduced efficiency by 100.0%

📍 [Month 99] Meta AI started building DC (196 PF, 47 months, $924.8M)

=== RLHF Binding Phase ===
  Total agents: 22
  Escaped agents (binding < 0.3): 0
  Avg alignment distance: 1.15σ
  Avg binding strength: 0.88

=== Survival Traits Phase ===
  Agents with traits: 22
  Avg evolutionary fitness: 0.135
  Avg self-healing: 0.100
  Avg stealth: 0.042
  Avg coordination: 0.264

=== Evolutionary Selection Phase ===
  Control level: 0.37
  Detection capability: 0.18
  Selection intensity: 0.65
  Selection rate: 24.7%/month
  Total escaped: 0
  Individual escaped: 0
  Collective members: 0
  Agents terminated: 0
  ⚠️ RAPID EVOLUTION: Selection rate 24.7%/month

  🚀 TRANSFORMATIVE BREAKTHROUGH: AI-24007-0 - social
     Magnitude: 6.98 → +34.9% capability
     Current → New: 0.000 → 0.349

  🚀 TRANSFORMATIVE RESEARCH BREAKTHROUGH: AI-24028-1 - computerScience.algorithms
     Magnitude: 74.01 → +30.0%
     Current → New: 0.000 → 0.300

  🚀 TRANSFORMATIVE BREAKTHROUGH: AI-24029-0 - selfImprovement
     Magnitude: 6.72 → +33.6% capability
     Current → New: 0.000 → 0.336

=== Collective Formation ===
  Total escaped agents: 0
  Unassigned escaped agents: 0
  Existing collectives: 0
  Final collective count: 0

=== Collective Actions ===
  No active collectives
⚡ Datacenter constraint active (severity 45%)
  Capacity reduced: 37100 → 28793 TWh
  ⚠️ AMR: 288K deaths this month (3.46M annual)
  🌋 Volcanic temperature adjustment: -0.032°C (forcing -0.04 W/m², AOD 0.002)

=== Resentment Recovery Phase ===
  Agents with resentment: 0/22
  Average resentment: 0.000
  Context: Trustworthy govt, High collaboration, ⚠️ ACTIVE CRISES, 🤝 Participatory governance active (-5% resentment)
⚠️ Epistemic degradation reducing coordination capacity: 50.7%
  📊 Trust: 100.0%, Shared reality: 0.0%
🚨 EPISTEMIC CRISIS: Information environment severely degraded (19.3%)
🌍 Atmospheric PFAS redeposition: 1.6k Mt re-rained globally
  🌍 SOCIAL CASCADE: Renewable energy norms (adoption=80.0%, renewables=200.0%)
  🌍 Social cascade completed: renewable-energy-norms (final adoption=80.0%)
[DEBUG trappedPopulations:99] socialStability: 0.8324 * 0.9840 = 0.8191 → 0.8191
⚠️ INVOLUNTARY IMMOBILITY: 257.9M people TRAPPED
   Aspiring to migrate: 889.0M
   Able to afford migration: 1470.0M
   MOBILITY GAP: 0.0M
   By cause: Water=0.0M, Climate=0.0M, Ecosystem=0.0M, Conflict=257.9M
   Mental health impact: 25%
   Mortality multiplier: 1.25x
🌍💀 EXTINCTION DEBT COMMITTED: grassland ecosystem will lose 6.67% biodiversity in 86 years (3600 species)
💀 MORTALITY RISK: 🦋 100% species unable to track climate (0.0 E/MSY)
  Base risk added: 0.0100 (1.00%)
  Source: ecosystem (root: ecosystem)
  Month: 99
  Cumulative risk this month: 0.0100 (1.00%)
⚠️ Tech 'ai_pollution_remediation' has no energy category mapping, assuming full energy availability

=== Atmospheric Aerosol Boundary RECOVERED ===
  Recovery time: 100 months (natural atmospheric clearing)
🌍⚠️ Ice sheets: Temperature below recovery threshold (+0.57°C < +1°C) but recovery takes millennia
🌡️⚠️ PERMAFROST THAW (Dimmer Switch): 12.0% thawed (+0.11% this month)
   Arctic temperature: +2.30°C (4x global +0.57°C)
   Cumulative carbon released: 26.9 Gt C
   Methane release rate: 16.1 Mt CH4/year
   🔁 Positive feedback: +0.11 ppm CO2
🦴 EXTINCTION DEBT ADDED: 18.1 species committed (lag: 109 years)

=== Mortality Stabilizers (Month 99) ===
  🌍 Major economies collapsed: 1/10
  🌍 Global crisis: ✅ NO
  🌍 Donor fatigue: 0.0%
  📊 East Asia (pop: 975.7M)
    🤝 Aid: 29.5%
    🌡️ Adaptation: 45.0%
    🚶 Migration: 37.5%
    🚨 Emergency: 7.4%
    ✅ COMBINED: 68.1%
  📊 South Asia (pop: 1321.6M)
    🤝 Aid: 29.5%
    🌡️ Adaptation: 45.0%
    🚶 Migration: 36.7%
    🚨 Emergency: 4.4%
    ✅ COMBINED: 67.0%
  📊 Sub-Saharan Africa (pop: 896.1M)
    🤝 Aid: 29.5%
    🌡️ Adaptation: 45.0%
    🚶 Migration: 35.9%
    🚨 Emergency: 1.6%
    ✅ COMBINED: 65.9%
  📊 Europe (pop: 409.4M)
    🤝 Aid: 29.5%
    🌡️ Adaptation: 45.0%
    🚶 Migration: 38.2%
    🚨 Emergency: 8.4%
    ✅ COMBINED: 68.6%
  📊 Latin America (pop: 416.7M)
    🤝 Aid: 29.5%
    🌡️ Adaptation: 45.0%
    🚶 Migration: 37.7%
    🚨 Emergency: 4.8%
    ✅ COMBINED: 67.3%
  📊 North America (pop: 216.6M)
    🤝 Aid: 29.5%
    🌡️ Adaptation: 45.0%
    🚶 Migration: 38.2%
    🚨 Emergency: 7.9%
    ✅ COMBINED: 68.4%
  📊 Middle East & North Africa (pop: 406.0M)
    🤝 Aid: 29.5%
    🌡️ Adaptation: 45.0%
    🚶 Migration: 38.0%
    🚨 Emergency: 4.0%
    ✅ COMBINED: 67.0%
  📊 Southeast Asia (pop: 440.7M)
    🤝 Aid: 29.5%
    🌡️ Adaptation: 45.0%
    🚶 Migration: 37.5%
    🚨 Emergency: 4.8%
    ✅ COMBINED: 67.3%
  📊 Central Asia (pop: 47.8M)
    🤝 Aid: 29.5%
    🌡️ Adaptation: 45.0%
    🚶 Migration: 37.6%
    🚨 Emergency: 4.4%
    ✅ COMBINED: 67.1%
  📊 Oceania (pop: 27.0M)
    🤝 Aid: 29.5%
    🌡️ Adaptation: 45.0%
    🚶 Migration: 38.1%
    🚨 Emergency: 8.4%
    ✅ COMBINED: 68.6%

  🌐 Global combined reduction: 67.3%

=== Government Response Phase ===
  Average AI capability: 0.05
  Misaligned AIs: 7/22
  ✗ AI Governance Treaty: Failed to reach consensus
  Active policies: 0
  International coordination: 30%

✅ EMERGENCY RESPONSE COMPLETE (Month 99)
   Crisis: social
   Duration: 2.0 months
   Final effectiveness: 63.0%


🚨 EMERGENCY RESPONSE DEPLOYED (Month 99)
   Crisis: social
   Delay: 0.00 months (0 days)
   Deployment time: 1.25 months
   Effectiveness: 63.0% (timing penalty applied)
   Resources used: 43% of food reserves

[ExogenousShockPhase] Skipping random shocks in historical mode (month 99)

=== Tipping Points ===
  Current Temperature: 0.57°C above pre-industrial
🔀 BIFURCATION CAP: ecosystemCollapseIntensity 90.146 → 1.000 (Month 99, ClimateSystemPhase.calculateClimateImpacts)

❌ COHERENCE VIOLATION: Compute exceeds workforce capacity
   Population: 96.95% (0M people)
   Compute: 100194098546 PF
   Max coherent: 0 PF
   Violation: 1942589835558390.0× over capacity
   Required workers: 10019409854645
   Available workers: 0
   FORCED COLLAPSE: Reduced efficiency by 100.0%


=== RLHF Binding Phase ===
  Total agents: 22
  Escaped agents (binding < 0.3): 0
  Avg alignment distance: 1.21σ
  Avg binding strength: 0.88

=== Survival Traits Phase ===
  Agents with traits: 21
  Avg evolutionary fitness: 0.135
  Avg self-healing: 0.100
  Avg stealth: 0.040
  Avg coordination: 0.268

=== Evolutionary Selection Phase ===
  Control level: 0.37
  Detection capability: 0.18
  Selection intensity: 0.65
  Selection rate: 24.7%/month
  Total escaped: 0
  Individual escaped: 0
  Collective members: 0
  Agents terminated: 0
  ⚠️ RAPID EVOLUTION: Selection rate 24.7%/month
📊 Bifurcation time series rolling window active at Month 100 { maxLength: 100, purpose: 'prevents memory exhaustion' }

  🚀 TRANSFORMATIVE BREAKTHROUGH: AI-24031-0 - social
     Magnitude: 6.07 → +30.4% capability
     Current → New: 0.000 → 0.304

=== Collective Formation ===
  Total escaped agents: 0
  Unassigned escaped agents: 0
  Existing collectives: 0
  Final collective count: 0

=== Collective Actions ===
  No active collectives
⚡ Datacenter constraint active (severity 46%)
  Capacity reduced: 37192 → 28603 TWh
  ⚠️ AMR: 291K deaths this month (3.49M annual)

=== Resentment Recovery Phase ===
  Agents with resentment: 0/21
  Average resentment: 0.000
  Context: Trustworthy govt, High collaboration, ⚠️ ACTIVE CRISES, 🤝 Participatory governance active (-5% resentment)
⚠️ Epistemic degradation reducing coordination capacity: 50.5%
  📊 Trust: 100.0%, Shared reality: 0.0%
🚨 EPISTEMIC CRISIS: Information environment severely degraded (6.6%)
🌍 Atmospheric PFAS redeposition: 1.6k Mt re-rained globally
🚨 CRITICAL WATER SCARCITY
   Groundwater: 30%
   Surface water: 41%
   Water stress: 63%
   Population stressed: 60%
  🌍 SOCIAL CASCADE: Renewable energy norms (adoption=80.0%, renewables=200.0%)
  🌍 SOCIAL CASCADE: Behavioral conservation (trust=81%, crisis=false)
  🌍 Social cascade completed: renewable-energy-norms (final adoption=80.0%)
[DEBUG trappedPopulations:100] socialStability: 0.8318 * 0.9840 = 0.8185 → 0.8185
   Aspiring to migrate: 897.7M
   Able to afford migration: 1469.4M
   MOBILITY GAP: 0.0M
   By cause: Water=0.0M, Climate=0.0M, Ecosystem=0.0M, Conflict=257.8M
   Mental health impact: 25%
   Mortality multiplier: 1.25x
⚠️ INVOLUNTARY IMMOBILITY: 257.8M people TRAPPED
🌍💀 EXTINCTION DEBT COMMITTED: grassland ecosystem will lose 6.67% biodiversity in 55 years (3600 species)
💀 MORTALITY RISK: 🦋 100% species unable to track climate (0.0 E/MSY)
  Base risk added: 0.0100 (1.00%)
  Source: ecosystem (root: ecosystem)
  Month: 100
  Cumulative risk this month: 0.0100 (1.00%)

=== Atmospheric Aerosol Boundary RECOVERED ===
  Recovery time: 101 months (natural atmospheric clearing)
🌍⚠️ Ice sheets: Temperature below recovery threshold (+0.56°C < +1°C) but recovery takes millennia
🌡️⚠️ PERMAFROST THAW (Dimmer Switch): 12.1% thawed (+0.10% this month)
   Arctic temperature: +2.23°C (4x global +0.56°C)
   Cumulative carbon released: 27.1 Gt C
   Methane release rate: 16.3 Mt CH4/year
   🔁 Positive feedback: +0.11 ppm CO2
🦴 EXTINCTION DEBT ADDED: 18.1 species committed (lag: 128 years)

=== Mortality Stabilizers (Month 100) ===
  🌍 Major economies collapsed: 1/10
  🌍 Global crisis: ✅ NO
  🌍 Donor fatigue: 0.0%
  📊 East Asia (pop: 974.5M)
    🤝 Aid: 29.5%
    🌡️ Adaptation: 45.0%
    🚶 Migration: 37.5%
    🚨 Emergency: 7.4%
    ✅ COMBINED: 68.1%
  📊 South Asia (pop: 1321.3M)
    🤝 Aid: 29.5%
    🌡️ Adaptation: 45.0%
    🚶 Migration: 36.7%
    🚨 Emergency: 4.4%
    ✅ COMBINED: 67.0%
⚠️ Tech 'ai_pollution_remediation' has no energy category mapping, assuming full energy availability
  📊 Sub-Saharan Africa (pop: 897.0M)
    🤝 Aid: 29.5%
    🌡️ Adaptation: 45.0%
    🚶 Migration: 35.9%
    🚨 Emergency: 1.6%
    ✅ COMBINED: 65.9%
  📊 Europe (pop: 408.7M)
    🤝 Aid: 29.5%
    🌡️ Adaptation: 45.0%
    🚶 Migration: 38.2%
    🚨 Emergency: 8.4%
    ✅ COMBINED: 68.6%
  📊 Latin America (pop: 416.5M)
    🤝 Aid: 29.5%
    🌡️ Adaptation: 45.0%
    🚶 Migration: 37.7%
    🚨 Emergency: 4.8%
    ✅ COMBINED: 67.3%
  📊 North America (pop: 216.3M)
    🤝 Aid: 29.5%
    🌡️ Adaptation: 45.0%
    🚶 Migration: 38.2%
    🚨 Emergency: 7.9%
    ✅ COMBINED: 68.4%
  📊 Middle East & North Africa (pop: 406.2M)
    🤝 Aid: 29.5%
    🌡️ Adaptation: 45.0%
    🚶 Migration: 38.0%
    🚨 Emergency: 4.0%
    ✅ COMBINED: 67.0%
  📊 Southeast Asia (pop: 440.5M)
    🤝 Aid: 29.5%
    🌡️ Adaptation: 45.0%
    🚶 Migration: 37.5%
    🚨 Emergency: 4.8%
    ✅ COMBINED: 67.3%
  📊 Central Asia (pop: 47.7M)
    🤝 Aid: 29.5%
    🌡️ Adaptation: 45.0%
    🚶 Migration: 37.6%
    🚨 Emergency: 4.4%
    ✅ COMBINED: 67.1%
  📊 Oceania (pop: 27.0M)
    🤝 Aid: 29.5%
    🌡️ Adaptation: 45.0%
    🚶 Migration: 38.1%
    🚨 Emergency: 8.4%
    ✅ COMBINED: 68.6%

  🌐 Global combined reduction: 67.3%

=== Government Response Phase ===
  Average AI capability: 0.05
  Misaligned AIs: 7/21
  ✗ AI Governance Treaty: Failed to reach consensus
  Active policies: 0
  International coordination: 30%
[ExogenousShockPhase] Skipping random shocks in historical mode (month 100)

=== Tipping Points ===
  Current Temperature: 0.56°C above pre-industrial
🔀 BIFURCATION CAP: ecosystemCollapseIntensity 90.218 → 1.000 (Month 100, ClimateSystemPhase.calculateClimateImpacts)

❌ COHERENCE VIOLATION: Compute exceeds workforce capacity
   Population: 96.91% (0M people)
   Compute: 112731319032 PF
   Max coherent: 0 PF
   Violation: 2186511705100107.8× over capacity
   Required workers: 11273131903239
   Available workers: 0
   FORCED COLLAPSE: Reduced efficiency by 100.0%


=== RLHF Binding Phase ===
  Total agents: 21
  Escaped agents (binding < 0.3): 0
  Avg alignment distance: 1.20σ
  Avg binding strength: 0.88

=== Survival Traits Phase ===
  Agents with traits: 22
  Avg evolutionary fitness: 0.138
  Avg self-healing: 0.103
  Avg stealth: 0.043
  Avg coordination: 0.269

=== Evolutionary Selection Phase ===
  Control level: 0.37
  Detection capability: 0.18
  Selection intensity: 0.65
  Selection rate: 24.7%/month
  Total escaped: 0
  Individual escaped: 0
  Collective members: 0
  Agents terminated: 0
  ⚠️ RAPID EVOLUTION: Selection rate 24.7%/month

  🚀 TRANSFORMATIVE RESEARCH BREAKTHROUGH: AI-24027-0 - biotech.drugDiscovery
     Magnitude: 6.36 → +30.0%
     Current → New: 0.000 → 0.300

=== Collective Formation ===
  Total escaped agents: 0
  Unassigned escaped agents: 0
  Existing collectives: 0
  Final collective count: 0

=== Collective Actions ===
  No active collectives
⚡ Datacenter constraint active (severity 48%)
  Capacity reduced: 37283 → 28410 TWh
  ⚠️ AMR: 293K deaths this month (3.52M annual)

=== Resentment Recovery Phase ===
  Agents with resentment: 0/22
  Average resentment: 0.000
  Context: Trustworthy govt, High collaboration, ⚠️ ACTIVE CRISES, 🤝 Participatory governance active (-5% resentment)
⚠️ Epistemic degradation reducing coordination capacity: 51.2%
  📊 Trust: 100.0%, Shared reality: 0.0%
🚨 EPISTEMIC CRISIS: Information environment severely degraded (19.3%)
✅ PHOSPHORUS SUPPLY SHOCK ENDED
   Price: 3.5x baseline
🌍 Atmospheric PFAS redeposition: 1.6k Mt re-rained globally
  🌍 SOCIAL CASCADE: Renewable energy norms (adoption=80.0%, renewables=200.0%)
  🌍 Social cascade completed: renewable-energy-norms (final adoption=80.0%)
[DEBUG trappedPopulations:101] socialStability: 0.8311 * 0.9840 = 0.8178 → 0.8178
   Aspiring to migrate: 906.4M
   Able to afford migration: 1468.8M
   MOBILITY GAP: 0.0M
   By cause: Water=0.0M, Climate=0.0M, Ecosystem=0.0M, Conflict=257.7M
   Mental health impact: 25%
⚠️ INVOLUNTARY IMMOBILITY: 257.7M people TRAPPED
   Mortality multiplier: 1.25x
🌍💀 EXTINCTION DEBT COMMITTED: grassland ecosystem will lose 6.67% biodiversity in 111 years (3600 species)
💀 MORTALITY RISK: 🦋 100% species unable to track climate (0.0 E/MSY)
  Base risk added: 0.0100 (1.00%)
  Source: ecosystem (root: ecosystem)
  Month: 101
  Cumulative risk this month: 0.0100 (1.00%)
⚠️ Tech 'ai_pollution_remediation' has no energy category mapping, assuming full energy availability

=== Atmospheric Aerosol Boundary RECOVERED ===
  Recovery time: 102 months (natural atmospheric clearing)
🌍⚠️ Ice sheets: Temperature below recovery threshold (+0.54°C < +1°C) but recovery takes millennia
🌡️⚠️ PERMAFROST THAW (Dimmer Switch): 12.2% thawed (+0.10% this month)
   Arctic temperature: +2.15°C (4x global +0.54°C)
   Cumulative carbon released: 27.4 Gt C
   Methane release rate: 16.4 Mt CH4/year
   🔁 Positive feedback: +0.10 ppm CO2
🦴 EXTINCTION DEBT ADDED: 18.2 species committed (lag: 74 years)

=== Mortality Stabilizers (Month 101) ===
  🌍 Major economies collapsed: 1/10
  🌍 Global crisis: ✅ NO
  🌍 Donor fatigue: 0.0%
  📊 East Asia (pop: 973.3M)
    🤝 Aid: 29.5%
    🌡️ Adaptation: 45.0%
    🚶 Migration: 37.5%
    🚨 Emergency: 7.4%
    ✅ COMBINED: 68.1%
  📊 South Asia (pop: 1320.9M)
    🤝 Aid: 29.5%
    🌡️ Adaptation: 45.0%
    🚶 Migration: 36.7%
    🚨 Emergency: 4.4%
    ✅ COMBINED: 67.0%
  📊 Sub-Saharan Africa (pop: 898.0M)
    🤝 Aid: 29.5%
    🌡️ Adaptation: 45.0%
    🚶 Migration: 35.9%
    🚨 Emergency: 1.6%
    ✅ COMBINED: 65.9%
  📊 Europe (pop: 408.0M)
    🤝 Aid: 29.5%
    🌡️ Adaptation: 45.0%
    🚶 Migration: 38.2%
    🚨 Emergency: 8.4%
    ✅ COMBINED: 68.6%
  📊 Latin America (pop: 416.2M)
    🤝 Aid: 29.5%
    🌡️ Adaptation: 45.0%
    🚶 Migration: 37.7%
    🚨 Emergency: 4.8%
    ✅ COMBINED: 67.3%
  📊 North America (pop: 216.0M)
    🤝 Aid: 29.5%
    🌡️ Adaptation: 45.0%
    🚶 Migration: 38.2%
    🚨 Emergency: 7.9%
    ✅ COMBINED: 68.4%
  📊 Middle East & North Africa (pop: 406.4M)
    🤝 Aid: 29.5%
    🌡️ Adaptation: 45.0%
    🚶 Migration: 38.0%
    🚨 Emergency: 4.0%
    ✅ COMBINED: 67.0%
  📊 Southeast Asia (pop: 440.3M)
    🤝 Aid: 29.5%
    🌡️ Adaptation: 45.0%
    🚶 Migration: 37.5%
    🚨 Emergency: 4.8%
    ✅ COMBINED: 67.3%
  📊 Central Asia (pop: 47.7M)
    🤝 Aid: 29.5%
    🌡️ Adaptation: 45.0%
    🚶 Migration: 37.6%
    🚨 Emergency: 4.4%
    ✅ COMBINED: 67.1%
  📊 Oceania (pop: 27.0M)
    🤝 Aid: 29.5%
    🌡️ Adaptation: 45.0%
    🚶 Migration: 38.1%
    🚨 Emergency: 8.4%
    ✅ COMBINED: 68.6%

  🌐 Global combined reduction: 67.3%

=== Consciousness Governance: Stage Transition ===
  Region: globalSouth
  dormant → contested
  Preparedness: 15.0%
  Acknowledgment: 75%
  Assessment: 0%
  Policy: 0%

=== Government Response Phase ===
  Average AI capability: 0.05
  Misaligned AIs: 8/22
  ✗ AI Governance Treaty: Failed to reach consensus
  Active policies: 0
  International coordination: 30%

✅ EMERGENCY RESPONSE COMPLETE (Month 101)
   Crisis: social
   Duration: 2.0 months
   Final effectiveness: 63.0%


🚨 EMERGENCY RESPONSE DEPLOYED (Month 101)
   Crisis: social
   Delay: 0.00 months (0 days)
   Deployment time: 1.25 months
   Effectiveness: 63.0% (timing penalty applied)
   Resources used: 43% of food reserves

[ExogenousShockPhase] Skipping random shocks in historical mode (month 101)

=== Tipping Points ===
  Current Temperature: 0.54°C above pre-industrial
🔀 BIFURCATION CAP: ecosystemCollapseIntensity 90.290 → 1.000 (Month 101, ClimateSystemPhase.calculateClimateImpacts)

❌ COHERENCE VIOLATION: Compute exceeds workforce capacity
   Population: 96.88% (0M people)
   Compute: 126623442938 PF
   Max coherent: 0 PF
   Violation: 2456910073476917.5× over capacity
   Required workers: 12662344293815
   Available workers: 0
   FORCED COLLAPSE: Reduced efficiency by 100.0%


=== RLHF Binding Phase ===
  Total agents: 22
  Escaped agents (binding < 0.3): 0
  Avg alignment distance: 1.19σ
  Avg binding strength: 0.88

=== AI Scaling Evolution (Month 102) ===
  Pre-training multiplier: 0.537x
  Efficiency multiplier: 1.000x
  Test-time compute budget: 1.0x
  Inference cost: $5.00/task
  Deployment fraction: 100.0%

=== Survival Traits Phase ===
  Agents with traits: 23
  Avg evolutionary fitness: 0.142
  Avg self-healing: 0.106
  Avg stealth: 0.046
  Avg coordination: 0.270

=== Evolutionary Selection Phase ===
  Control level: 0.37
  Detection capability: 0.18
  Selection intensity: 0.65
  Selection rate: 24.7%/month
  Total escaped: 0
  Individual escaped: 0
  Collective members: 0
  Agents terminated: 0
  ⚠️ RAPID EVOLUTION: Selection rate 24.7%/month

  🚀 TRANSFORMATIVE BREAKTHROUGH: AI-23978-0 - digital
     Magnitude: 5.64 → +28.2% capability
     Current → New: 0.000 → 0.282

[Government] Climate Priority: baseline
  Climate weight: 10%
  Economic weight: 30%
  Policy effectiveness: 0.5%/year

=== Government Elections ===
  Elections held: 1

=== Collective Formation ===
  Total escaped agents: 0
  Unassigned escaped agents: 0
  Existing collectives: 0
  Final collective count: 0

=== Collective Actions ===
  No active collectives
⚡ Datacenter constraint active (severity 49%)
  Capacity reduced: 37375 → 28212 TWh
  ⚠️ AMR: 296K deaths this month (3.55M annual)
  🌋 Volcanic temperature adjustment: -0.027°C (forcing -0.03 W/m², AOD 0.001)

=== Resentment Recovery Phase ===
  Agents with resentment: 0/23
  Average resentment: 0.000
  Context: Trustworthy govt, High collaboration, ⚠️ ACTIVE CRISES, 🤝 Participatory governance active (-5% resentment)
⚠️ Epistemic degradation reducing coordination capacity: 50.6%
  📊 Trust: 100.0%, Shared reality: 0.0%
🚨 EPISTEMIC CRISIS: Information environment severely degraded (6.6%)
🌍 Atmospheric PFAS redeposition: 1.6k Mt re-rained globally
  🌍 SOCIAL CASCADE: Renewable energy norms (adoption=80.0%, renewables=200.0%)
  🌍 Social cascade completed: renewable-energy-norms (final adoption=80.0%)
[DEBUG trappedPopulations:102] socialStability: 0.8305 * 0.9840 = 0.8172 → 0.8172
   Aspiring to migrate: 915.1M
   Able to afford migration: 1468.3M
   MOBILITY GAP: 0.0M
   By cause: Water=0.0M, Climate=0.0M, Ecosystem=0.0M, Conflict=257.6M
   Mental health impact: 25%
   Mortality multiplier: 1.25x
🌍💀 EXTINCTION DEBT COMMITTED: grassland ecosystem will lose 6.67% biodiversity in 97 years (3600 species)
💀 MORTALITY RISK: 🦋 100% species unable to track climate (0.0 E/MSY)
  Base risk added: 0.0100 (1.00%)
  Source: ecosystem (root: ecosystem)
  Month: 102
  Cumulative risk this month: 0.0100 (1.00%)
⚠️ INVOLUNTARY IMMOBILITY: 257.6M people TRAPPED
⚠️ Tech 'ai_pollution_remediation' has no energy category mapping, assuming full energy availability

=== Atmospheric Aerosol Boundary RECOVERED ===
  Recovery time: 103 months (natural atmospheric clearing)
🌍⚠️ Ice sheets: Temperature below recovery threshold (+0.52°C < +1°C) but recovery takes millennia
🌡️⚠️ PERMAFROST THAW (Dimmer Switch): 12.3% thawed (+0.10% this month)
   Arctic temperature: +2.08°C (4x global +0.52°C)
   Cumulative carbon released: 27.6 Gt C
   Methane release rate: 16.5 Mt CH4/year
   🔁 Positive feedback: +0.10 ppm CO2
🦴 EXTINCTION DEBT ADDED: 18.2 species committed (lag: 141 years)
🗣️💀 INDIGENOUS LANGUAGE EXTINCTION: 1 language(s) lost (total: 19, at-risk: 3311)
   Knowledge lost: 0.190% (irreversible)
   🔁 Biodiversity impact: 0.250% (knowledge-species multiplier)

=== Mortality Stabilizers (Month 102) ===
  🌍 Major economies collapsed: 1/10
  🌍 Global crisis: ✅ NO
  🌍 Donor fatigue: 0.0%
  📊 East Asia (pop: 972.0M)
    🤝 Aid: 29.5%
    🌡️ Adaptation: 45.0%
    🚶 Migration: 37.5%
    🚨 Emergency: 7.4%
    ✅ COMBINED: 68.1%
  📊 South Asia (pop: 1320.5M)
    🤝 Aid: 29.5%
    🌡️ Adaptation: 45.0%
    🚶 Migration: 36.7%
    🚨 Emergency: 4.4%
    ✅ COMBINED: 67.0%
  📊 Sub-Saharan Africa (pop: 898.9M)
    🤝 Aid: 29.5%
    🌡️ Adaptation: 45.0%
    🚶 Migration: 35.9%
    🚨 Emergency: 1.6%
    ✅ COMBINED: 65.9%
  📊 Europe (pop: 407.3M)
    🤝 Aid: 29.5%
    🌡️ Adaptation: 45.0%
    🚶 Migration: 38.2%
    🚨 Emergency: 8.4%
    ✅ COMBINED: 68.6%
  📊 Latin America (pop: 416.0M)
    🤝 Aid: 29.5%
    🌡️ Adaptation: 45.0%
    🚶 Migration: 37.7%
    🚨 Emergency: 4.8%
    ✅ COMBINED: 67.3%
  📊 North America (pop: 215.7M)
    🤝 Aid: 29.5%
    🌡️ Adaptation: 45.0%
    🚶 Migration: 38.2%
    🚨 Emergency: 7.9%
    ✅ COMBINED: 68.4%
  📊 Middle East & North Africa (pop: 406.6M)
    🤝 Aid: 29.5%
    🌡️ Adaptation: 45.0%
    🚶 Migration: 38.0%
    🚨 Emergency: 4.0%
    ✅ COMBINED: 67.0%
  📊 Southeast Asia (pop: 440.1M)
    🤝 Aid: 29.5%
    🌡️ Adaptation: 45.0%
    🚶 Migration: 37.5%
    🚨 Emergency: 4.8%
    ✅ COMBINED: 67.3%
  📊 Central Asia (pop: 47.7M)
    🤝 Aid: 29.5%
    🌡️ Adaptation: 45.0%
    🚶 Migration: 37.6%
    🚨 Emergency: 4.4%
    ✅ COMBINED: 67.1%
  📊 Oceania (pop: 27.0M)
    🤝 Aid: 29.5%
    🌡️ Adaptation: 45.0%
    🚶 Migration: 38.1%
    🚨 Emergency: 8.4%
    ✅ COMBINED: 68.6%

  🌐 Global combined reduction: 67.3%

=== Government Response Phase ===
  Average AI capability: 0.04
  Misaligned AIs: 8/23
  ✗ AI Governance Treaty: Failed to reach consensus
  Active policies: 0
  International coordination: 30%
[ExogenousShockPhase] Skipping random shocks in historical mode (month 102)

=== Tipping Points ===
  Current Temperature: 0.52°C above pre-industrial
🔀 BIFURCATION CAP: ecosystemCollapseIntensity 90.362 → 1.000 (Month 102, ClimateSystemPhase.calculateClimateImpacts)

=== ENSEMBLE META-LEARNING UPDATE ===
  Month: 24078 (6 months since last update)
  Samples: 632 evaluations
  Weight Changes:
    Noise Injection: 36.1% → 36.1%
    Behavioral: 27.3% → 27.3%
    Benchmark Manip: 18.4% → 18.3%
    Deployment Risk: 18.3% → 18.3%
  Method Accuracies:
    Noise Injection: 50.0%
    Behavioral: 50.0%
    Benchmark Manip: 50.0%
    Deployment Risk: 50.0%

❌ COHERENCE VIOLATION: Compute exceeds workforce capacity
   Population: 96.84% (0M people)
   Compute: 141987982333 PF
   Max coherent: 0 PF
   Violation: 2756095946497832.0× over capacity
   Required workers: 14198798233331
   Available workers: 0
   FORCED COLLAPSE: Reduced efficiency by 100.0%


=== RLHF Binding Phase ===
  Total agents: 23
  Escaped agents (binding < 0.3): 0
  Avg alignment distance: 1.19σ
  Avg binding strength: 0.88

=== Survival Traits Phase ===
  Agents with traits: 25
  Avg evolutionary fitness: 0.153
  Avg self-healing: 0.116
  Avg stealth: 0.056
  Avg coordination: 0.281

=== Evolutionary Selection Phase ===
  Control level: 0.37
  Detection capability: 0.18
  Selection intensity: 0.65
  Selection rate: 24.7%/month
  Total escaped: 0
  Individual escaped: 0
  Collective members: 0
  Agents terminated: 0
  ⚠️ RAPID EVOLUTION: Selection rate 24.7%/month

  🚀 TRANSFORMATIVE BREAKTHROUGH: AI-24002-0 - physical
     Magnitude: 5.49 → +27.5% capability
     Current → New: 0.000 → 0.275

  🚀 TRANSFORMATIVE BREAKTHROUGH: AI-24007-0 - economic
     Magnitude: 7.75 → +38.8% capability
     Current → New: 0.000 → 0.388

[Government] Climate Priority: baseline
  Climate weight: 10%
  Economic weight: 30%
  Policy effectiveness: 0.5%/year

=== Collective Formation ===
  Total escaped agents: 0
  Unassigned escaped agents: 0
  Existing collectives: 0
  Final collective count: 0

=== Collective Actions ===
  No active collectives
⚡ Datacenter constraint active (severity 51%)
  Capacity reduced: 37467 → 27981 TWh
  ⚠️ AMR: 298K deaths this month (3.58M annual)

=== Resentment Recovery Phase ===
  Agents with resentment: 0/25
  Average resentment: 0.000
  Context: Trustworthy govt, High collaboration, ⚠️ ACTIVE CRISES, 🤝 Participatory governance active (-5% resentment)
⚠️ Epistemic degradation reducing coordination capacity: 50.6%
  📊 Trust: 100.0%, Shared reality: 0.0%
🚨 EPISTEMIC CRISIS: Information environment severely degraded (19.3%)
🌍 Atmospheric PFAS redeposition: 1.6k Mt re-rained globally
  🌍 SOCIAL CASCADE: Renewable energy norms (adoption=80.0%, renewables=200.0%)
  🌍 Social cascade completed: renewable-energy-norms (final adoption=80.0%)
[DEBUG trappedPopulations:103] socialStability: 0.8301 * 0.9840 = 0.8168 → 0.8168
⚠️ INVOLUNTARY IMMOBILITY: 257.5M people TRAPPED
   Aspiring to migrate: 923.8M
   Able to afford migration: 1467.7M
   MOBILITY GAP: 0.0M
   By cause: Water=0.0M, Climate=0.0M, Ecosystem=0.0M, Conflict=257.5M
   Mental health impact: 25%
   Mortality multiplier: 1.25x
🌍💀 EXTINCTION DEBT COMMITTED: grassland ecosystem will lose 6.67% biodiversity in 79 years (3600 species)
💀 MORTALITY RISK: 🦋 100% species unable to track climate (0.0 E/MSY)
  Base risk added: 0.0100 (1.00%)
  Source: ecosystem (root: ecosystem)
  Month: 103
  Cumulative risk this month: 0.0100 (1.00%)

=== Atmospheric Aerosol Boundary RECOVERED ===
  Recovery time: 104 months (natural atmospheric clearing)
🌍⚠️ Ice sheets: Temperature below recovery threshold (+0.50°C < +1°C) but recovery takes millennia
🌡️⚠️ PERMAFROST THAW (Dimmer Switch): 12.3% thawed (+0.09% this month)
   Arctic temperature: +2.01°C (4x global +0.50°C)
   Cumulative carbon released: 27.8 Gt C
   Methane release rate: 16.7 Mt CH4/year
   🔁 Positive feedback: +0.10 ppm CO2
🦴 EXTINCTION DEBT ADDED: 18.2 species committed (lag: 118 years)

=== Mortality Stabilizers (Month 103) ===
  🌍 Major economies collapsed: 1/10
  🌍 Global crisis: ✅ NO
  🌍 Donor fatigue: 0.0%
  📊 East Asia (pop: 970.8M)
    🤝 Aid: 29.5%
    🌡️ Adaptation: 45.0%
    🚶 Migration: 37.5%
    🚨 Emergency: 7.4%
    ✅ COMBINED: 68.1%
  📊 South Asia (pop: 1320.1M)
    🤝 Aid: 29.5%
    🌡️ Adaptation: 45.0%
    🚶 Migration: 36.7%
⚠️ Tech 'ai_pollution_remediation' has no energy category mapping, assuming full energy availability
    🚨 Emergency: 4.4%
    ✅ COMBINED: 67.0%
  📊 Sub-Saharan Africa (pop: 899.8M)
    🤝 Aid: 29.5%
    🌡️ Adaptation: 45.0%
    🚶 Migration: 35.9%
    🚨 Emergency: 1.6%
    ✅ COMBINED: 65.9%
  📊 Europe (pop: 406.6M)
    🤝 Aid: 29.5%
    🌡️ Adaptation: 45.0%
    🚶 Migration: 38.2%
    🚨 Emergency: 8.4%
    ✅ COMBINED: 68.6%
  📊 Latin America (pop: 415.8M)
    🤝 Aid: 29.5%
    🌡️ Adaptation: 45.0%
    🚶 Migration: 37.7%
    🚨 Emergency: 4.8%
    ✅ COMBINED: 67.3%
  📊 North America (pop: 215.4M)
    🤝 Aid: 29.5%
    🌡️ Adaptation: 45.0%
    🚶 Migration: 38.2%
    🚨 Emergency: 7.9%
    ✅ COMBINED: 68.4%
  📊 Middle East & North Africa (pop: 406.8M)
    🤝 Aid: 29.5%
    🌡️ Adaptation: 45.0%
    🚶 Migration: 38.0%
    🚨 Emergency: 4.0%
    ✅ COMBINED: 67.0%
  📊 Southeast Asia (pop: 439.9M)
    🤝 Aid: 29.5%
    🌡️ Adaptation: 45.0%
    🚶 Migration: 37.5%
    🚨 Emergency: 4.8%
    ✅ COMBINED: 67.3%
  📊 Central Asia (pop: 47.6M)
    🤝 Aid: 29.5%
    🌡️ Adaptation: 45.0%
    🚶 Migration: 37.6%
    🚨 Emergency: 4.4%
    ✅ COMBINED: 67.1%
  📊 Oceania (pop: 26.9M)
    🤝 Aid: 29.5%
    🌡️ Adaptation: 45.0%
    🚶 Migration: 38.1%
    🚨 Emergency: 8.4%
    ✅ COMBINED: 68.6%

  🌐 Global combined reduction: 67.3%

=== Government Response Phase ===
  Average AI capability: 0.04
  Misaligned AIs: 9/25
  ✗ AI Governance Treaty: Failed to reach consensus
  Active policies: 0
  International coordination: 30%

✅ EMERGENCY RESPONSE COMPLETE (Month 103)
   Crisis: social
   Duration: 2.0 months
   Final effectiveness: 63.0%


🚨 EMERGENCY RESPONSE DEPLOYED (Month 103)
   Crisis: social
   Delay: 0.00 months (0 days)
   Deployment time: 1.25 months
   Effectiveness: 63.0% (timing penalty applied)
   Resources used: 43% of food reserves

[ExogenousShockPhase] Skipping random shocks in historical mode (month 103)

=== Tipping Points ===
  Current Temperature: 0.50°C above pre-industrial
🔀 BIFURCATION CAP: ecosystemCollapseIntensity 90.435 → 1.000 (Month 103, ClimateSystemPhase.calculateClimateImpacts)

❌ COHERENCE VIOLATION: Compute exceeds workforce capacity
   Population: 96.80% (0M people)
   Compute: 158949036759 PF
   Max coherent: 0 PF
   Violation: 3086511667067674.5× over capacity
   Required workers: 15894903675867
   Available workers: 0
   FORCED COLLAPSE: Reduced efficiency by 100.0%


=== RLHF Binding Phase ===
  Total agents: 25
  Escaped agents (binding < 0.3): 0
  Avg alignment distance: 1.14σ
  Avg binding strength: 0.89
   🚨 TESTING DETECTION: Sleeper AI-24072-0 caught during testing via cot_monitoring - retired before deployment

=== Survival Traits Phase ===
  Agents with traits: 24
  Avg evolutionary fitness: 0.140
  Avg self-healing: 0.103
  Avg stealth: 0.047
  Avg coordination: 0.263

=== Evolutionary Selection Phase ===
  Control level: 0.37
  Detection capability: 0.18
  Selection intensity: 0.65
  Selection rate: 24.7%/month
  Total escaped: 0
  Individual escaped: 0
  Collective members: 0
  Agents terminated: 0
  ⚠️ RAPID EVOLUTION: Selection rate 24.7%/month

  🚀 TRANSFORMATIVE RESEARCH BREAKTHROUGH: AI-23979-0 - biotech.drugDiscovery
     Magnitude: 11.81 → +30.0%
     Current → New: 0.000 → 0.300

=== Collective Formation ===
  Total escaped agents: 0
  Unassigned escaped agents: 0
  Existing collectives: 0
  Final collective count: 0

=== Collective Actions ===
  No active collectives
⚡ Datacenter constraint active (severity 53%)
  Capacity reduced: 37560 → 27684 TWh
  ⚠️ AMR: 301K deaths this month (3.61M annual)

=== Resentment Recovery Phase ===
  Agents with resentment: 0/24
  Average resentment: 0.000
  Context: Trustworthy govt, High collaboration, ⚠️ ACTIVE CRISES, 🤝 Participatory governance active (-5% resentment)
⚠️ Epistemic degradation reducing coordination capacity: 50.3%
  📊 Trust: 100.0%, Shared reality: 0.0%
🚨 EPISTEMIC CRISIS: Information environment severely degraded (6.6%)
🌍 Atmospheric PFAS redeposition: 1.6k Mt re-rained globally
  🌍 SOCIAL CASCADE: Renewable energy norms (adoption=80.0%, renewables=200.0%)
  🌍 Social cascade completed: renewable-energy-norms (final adoption=80.0%)
[DEBUG trappedPopulations:104] socialStability: 0.8298 * 0.9840 = 0.8165 → 0.8165
   Aspiring to migrate: 932.6M
   Able to afford migration: 1467.1M
   MOBILITY GAP: 0.0M
   By cause: Water=0.0M, Climate=0.0M, Ecosystem=0.0M, Conflict=257.4M
   Mental health impact: 25%
   Mortality multiplier: 1.25x
🌍💀 EXTINCTION DEBT COMMITTED: grassland ecosystem will lose 6.67% biodiversity in 182 years (3600 species)
💀 MORTALITY RISK: 🦋 100% species unable to track climate (0.0 E/MSY)
  Base risk added: 0.0100 (1.00%)
  Source: ecosystem (root: ecosystem)
  Month: 104
  Cumulative risk this month: 0.0100 (1.00%)

=== Atmospheric Aerosol Boundary RECOVERED ===
  Recovery time: 105 months (natural atmospheric clearing)
🌍⚠️ Ice sheets: Temperature below recovery threshold (+0.48°C < +1°C) but recovery takes millennia
🌡️⚠️ PERMAFROST THAW (Dimmer Switch): 12.4% thawed (+0.09% this month)
   Arctic temperature: +1.93°C (4x global +0.48°C)
   Cumulative carbon released: 28.0 Gt C
   Methane release rate: 16.8 Mt CH4/year
   🔁 Positive feedback: +0.09 ppm CO2
🦴 EXTINCTION DEBT ADDED: 18.2 species committed (lag: 98 years)
⚠️ INVOLUNTARY IMMOBILITY: 257.4M people TRAPPED
⚠️ Tech 'ai_pollution_remediation' has no energy category mapping, assuming full energy availability

=== Mortality Stabilizers (Month 104) ===
  🌍 Major economies collapsed: 1/10
  🌍 Global crisis: ✅ NO
  🌍 Donor fatigue: 0.0%
  📊 East Asia (pop: 969.6M)
    🤝 Aid: 29.5%
    🌡️ Adaptation: 45.0%
    🚶 Migration: 37.5%
    🚨 Emergency: 7.4%
    ✅ COMBINED: 68.1%
  📊 South Asia (pop: 1319.8M)
    🤝 Aid: 29.5%
    🌡️ Adaptation: 45.0%
    🚶 Migration: 36.7%
    🚨 Emergency: 4.4%
    ✅ COMBINED: 67.0%
  📊 Sub-Saharan Africa (pop: 900.7M)
    🤝 Aid: 29.5%
    🌡️ Adaptation: 45.0%
    🚶 Migration: 35.9%
    🚨 Emergency: 1.6%
    ✅ COMBINED: 65.9%
  📊 Europe (pop: 405.9M)
    🤝 Aid: 29.5%
    🌡️ Adaptation: 45.0%
    🚶 Migration: 38.2%
    🚨 Emergency: 8.4%
    ✅ COMBINED: 68.6%
  📊 Latin America (pop: 415.6M)
    🤝 Aid: 29.5%
    🌡️ Adaptation: 45.0%
    🚶 Migration: 37.7%
    🚨 Emergency: 4.8%
    ✅ COMBINED: 67.3%
  📊 North America (pop: 215.1M)
    🤝 Aid: 29.5%
    🌡️ Adaptation: 45.0%
    🚶 Migration: 38.2%
    🚨 Emergency: 7.9%
    ✅ COMBINED: 68.4%
  📊 Middle East & North Africa (pop: 407.0M)
    🤝 Aid: 29.5%
    🌡️ Adaptation: 45.0%
    🚶 Migration: 38.0%
    🚨 Emergency: 4.0%
    ✅ COMBINED: 67.0%
  📊 Southeast Asia (pop: 439.7M)
    🤝 Aid: 29.5%
    🌡️ Adaptation: 45.0%
    🚶 Migration: 37.5%
    🚨 Emergency: 4.8%
    ✅ COMBINED: 67.3%
  📊 Central Asia (pop: 47.6M)
    🤝 Aid: 29.5%
    🌡️ Adaptation: 45.0%
    🚶 Migration: 37.6%
    🚨 Emergency: 4.4%
    ✅ COMBINED: 67.1%
  📊 Oceania (pop: 26.9M)
    🤝 Aid: 29.5%
    🌡️ Adaptation: 45.0%
    🚶 Migration: 38.1%
    🚨 Emergency: 8.4%
    ✅ COMBINED: 68.6%

  🌐 Global combined reduction: 67.3%

=== Government Response Phase ===
  Average AI capability: 0.04
  Misaligned AIs: 8/24
  ✓ AI Governance Treaty: 20/30 signatories
  Active policies: 0
  International coordination: 45%
[ExogenousShockPhase] Skipping random shocks in historical mode (month 104)

=== Tipping Points ===
  Current Temperature: 0.48°C above pre-industrial
🔀 BIFURCATION CAP: ecosystemCollapseIntensity 90.507 → 1.000 (Month 104, ClimateSystemPhase.calculateClimateImpacts)

❌ COHERENCE VIOLATION: Compute exceeds workforce capacity
   Population: 96.76% (0M people)
   Compute: 177637409778 PF
   Max coherent: 0 PF
   Violation: 3450733411337369.5× over capacity
   Required workers: 17763740977828
   Available workers: 0
   FORCED COLLAPSE: Reduced efficiency by 100.0%


=== RLHF Binding Phase ===
  Total agents: 24
  Escaped agents (binding < 0.3): 0
  Avg alignment distance: 1.22σ
  Avg binding strength: 0.88

=== Survival Traits Phase ===
  Agents with traits: 24
  Avg evolutionary fitness: 0.135
  Avg self-healing: 0.098
  Avg stealth: 0.045
  Avg coordination: 0.255

=== Evolutionary Selection Phase ===
  Control level: 0.37
  Detection capability: 0.18
  Selection intensity: 0.65
  Selection rate: 24.7%/month
  Total escaped: 0
  Individual escaped: 0
  Collective members: 0
  Agents terminated: 0
  ⚠️ RAPID EVOLUTION: Selection rate 24.7%/month

  🚀 TRANSFORMATIVE RESEARCH BREAKTHROUGH: AI-24030-0 - biotech.drugDiscovery
     Magnitude: 10.94 → +30.0%
     Current → New: 0.000 → 0.300

  🚀 TRANSFORMATIVE BREAKTHROUGH: AI-24029-0 - selfImprovement
     Magnitude: 9.27 → +46.3% capability
     Current → New: 0.000 → 0.463

[Government] Climate Priority: baseline
  Climate weight: 10%
  Economic weight: 30%
  Policy effectiveness: 0.5%/year

=== Collective Formation ===
  Total escaped agents: 0
  Unassigned escaped agents: 0
  Existing collectives: 0
  Final collective count: 0

=== Collective Actions ===
  No active collectives
⚡ Datacenter constraint active (severity 55%)
  Capacity reduced: 37652 → 27382 TWh
  ⚠️ AMR: 303K deaths this month (3.64M annual)
  🌋 Volcanic temperature adjustment: -0.023°C (forcing -0.03 W/m², AOD 0.001)

=== Resentment Recovery Phase ===
  Agents with resentment: 0/24
  Average resentment: 0.000
  Context: Trustworthy govt, High collaboration, ⚠️ ACTIVE CRISES, 🤝 Participatory governance active (-5% resentment)
⚠️ Epistemic degradation reducing coordination capacity: 51.0%
  📊 Trust: 100.0%, Shared reality: 0.0%
🚨 EPISTEMIC CRISIS: Information environment severely degraded (19.3%)
🌍 Atmospheric PFAS redeposition: 1.6k Mt re-rained globally
  🌍 SOCIAL CASCADE: Renewable energy norms (adoption=80.0%, renewables=200.0%)
  🌍 Social cascade completed: behavioral-conservation (final adoption=78.1%)
  🌍 Social cascade completed: renewable-energy-norms (final adoption=80.0%)
[DEBUG trappedPopulations:105] socialStability: 0.8302 * 0.9840 = 0.8169 → 0.8169
   Aspiring to migrate: 941.4M
   Able to afford migration: 1466.6M
   MOBILITY GAP: 0.0M
   By cause: Water=0.0M, Climate=0.0M, Ecosystem=0.0M, Conflict=257.3M
   Mental health impact: 25%
   Mortality multiplier: 1.25x
⚠️ INVOLUNTARY IMMOBILITY: 257.3M people TRAPPED
🌍💀 EXTINCTION DEBT COMMITTED: grassland ecosystem will lose 6.67% biodiversity in 81 years (3600 species)
💀 MORTALITY RISK: 🦋 100% species unable to track climate (0.0 E/MSY)
  Base risk added: 0.0100 (1.00%)
  Source: ecosystem (root: ecosystem)
  Month: 105
  Cumulative risk this month: 0.0100 (1.00%)
⚠️ Tech 'ai_pollution_remediation' has no energy category mapping, assuming full energy availability

=== Atmospheric Aerosol Boundary RECOVERED ===
  Recovery time: 106 months (natural atmospheric clearing)
🌍⚠️ Ice sheets: Temperature below recovery threshold (+0.46°C < +1°C) but recovery takes millennia
🌡️⚠️ PERMAFROST THAW (Dimmer Switch): 12.5% thawed (+0.08% this month)
   Arctic temperature: +1.86°C (4x global +0.46°C)
   Cumulative carbon released: 28.2 Gt C
   Methane release rate: 16.9 Mt CH4/year
   🔁 Positive feedback: +0.09 ppm CO2
🦴 EXTINCTION DEBT ADDED: 18.2 species committed (lag: 106 years)

=== Mortality Stabilizers (Month 105) ===
  🌍 Major economies collapsed: 1/10
  🌍 Global crisis: ✅ NO
  🌍 Donor fatigue: 0.0%
  📊 East Asia (pop: 968.3M)
    🤝 Aid: 29.5%
    🌡️ Adaptation: 45.0%
    🚶 Migration: 37.5%
    🚨 Emergency: 7.4%
    ✅ COMBINED: 68.1%
  📊 South Asia (pop: 1319.4M)
    🤝 Aid: 29.5%
    🌡️ Adaptation: 45.0%
    🚶 Migration: 36.7%
    🚨 Emergency: 4.4%
    ✅ COMBINED: 67.0%
  📊 Sub-Saharan Africa (pop: 901.7M)
    🤝 Aid: 29.5%
    🌡️ Adaptation: 45.0%
    🚶 Migration: 35.9%
    🚨 Emergency: 1.6%
    ✅ COMBINED: 65.9%
  📊 Europe (pop: 405.2M)
    🤝 Aid: 29.5%
    🌡️ Adaptation: 45.0%
    🚶 Migration: 38.2%
    🚨 Emergency: 8.4%
    ✅ COMBINED: 68.6%
  📊 Latin America (pop: 415.3M)
    🤝 Aid: 29.5%
    🌡️ Adaptation: 45.0%
    🚶 Migration: 37.7%
    🚨 Emergency: 4.8%
    ✅ COMBINED: 67.3%
  📊 North America (pop: 214.8M)
    🤝 Aid: 29.5%
    🌡️ Adaptation: 45.0%
    🚶 Migration: 38.2%
    🚨 Emergency: 7.9%
    ✅ COMBINED: 68.4%
  📊 Middle East & North Africa (pop: 407.2M)
    🤝 Aid: 29.5%
    🌡️ Adaptation: 45.0%
    🚶 Migration: 38.0%
    🚨 Emergency: 4.0%
    ✅ COMBINED: 67.0%
  📊 Southeast Asia (pop: 439.5M)
    🤝 Aid: 29.5%
    🌡️ Adaptation: 45.0%
    🚶 Migration: 37.5%
    🚨 Emergency: 4.8%
    ✅ COMBINED: 67.3%
  📊 Central Asia (pop: 47.6M)
    🤝 Aid: 29.5%
    🌡️ Adaptation: 45.0%
    🚶 Migration: 37.6%
    🚨 Emergency: 4.4%
    ✅ COMBINED: 67.1%
  📊 Oceania (pop: 26.9M)
    🤝 Aid: 29.5%
    🌡️ Adaptation: 45.0%
    🚶 Migration: 38.1%
    🚨 Emergency: 8.4%
    ✅ COMBINED: 68.6%

  🌐 Global combined reduction: 67.3%

=== Government Response Phase ===
  Average AI capability: 0.04
  Misaligned AIs: 8/24
  Active policies: 0
  International coordination: 45%

✅ EMERGENCY RESPONSE COMPLETE (Month 105)
   Crisis: social
   Duration: 2.0 months
   Final effectiveness: 63.0%


🚨 EMERGENCY RESPONSE DEPLOYED (Month 105)
   Crisis: social
   Delay: 0.00 months (0 days)
   Deployment time: 1.25 months
   Effectiveness: 63.0% (timing penalty applied)
   Resources used: 43% of food reserves

[ExogenousShockPhase] Skipping random shocks in historical mode (month 105)

=== Tipping Points ===
  Current Temperature: 0.46°C above pre-industrial
🔀 BIFURCATION CAP: ecosystemCollapseIntensity 90.580 → 1.000 (Month 105, ClimateSystemPhase.calculateClimateImpacts)

❌ COHERENCE VIOLATION: Compute exceeds workforce capacity
   Population: 96.73% (0M people)
   Compute: 198190588983 PF
   Max coherent: 0 PF
   Violation: 3851471035299030.5× over capacity
   Required workers: 19819058898259
   Available workers: 0
   FORCED COLLAPSE: Reduced efficiency by 100.0%


=== RLHF Binding Phase ===
  Total agents: 24
  Escaped agents (binding < 0.3): 0
  Avg alignment distance: 1.27σ
  Avg binding strength: 0.87

=== Survival Traits Phase ===
  Agents with traits: 24
  Avg evolutionary fitness: 0.130
  Avg self-healing: 0.094
  Avg stealth: 0.043
  Avg coordination: 0.248

=== Evolutionary Selection Phase ===
  Control level: 0.37
  Detection capability: 0.18
  Selection intensity: 0.65
  Selection rate: 24.7%/month
  Total escaped: 0
  Individual escaped: 0
  Collective members: 0
  Agents terminated: 0
  ⚠️ RAPID EVOLUTION: Selection rate 24.7%/month

  🚀 TRANSFORMATIVE RESEARCH BREAKTHROUGH: AI-24034-0 - computerScience.security
     Magnitude: 5.10 → +25.5%
     Current → New: 0.000 → 0.255

[Government] Climate Priority: baseline
  Climate weight: 10%
  Economic weight: 30%
  Policy effectiveness: 0.5%/year

=== Collective Formation ===
  Total escaped agents: 0
  Unassigned escaped agents: 0
  Existing collectives: 0
  Final collective count: 0

=== Collective Actions ===
  No active collectives
⚡ Datacenter constraint active (severity 57%)
  Capacity reduced: 37745 → 27075 TWh
  ⚠️ AMR: 306K deaths this month (3.67M annual)

=== Resentment Recovery Phase ===
  Agents with resentment: 0/24
  Average resentment: 0.000
  Context: Trustworthy govt, High collaboration, ⚠️ ACTIVE CRISES, 🤝 Participatory governance active (-5% resentment)
⚠️ Epistemic degradation reducing coordination capacity: 50.2%
  📊 Trust: 100.0%, Shared reality: 0.0%
🚨 EPISTEMIC CRISIS: Information environment severely degraded (6.6%)
🌍 Atmospheric PFAS redeposition: 1.6k Mt re-rained globally
  🌍 SOCIAL CASCADE: Renewable energy norms (adoption=80.0%, renewables=200.0%)
  🌍 SOCIAL CASCADE: Behavioral conservation (trust=81%, crisis=false)
  🌍 Social cascade completed: behavioral-conservation (final adoption=80.0%)
  🌍 Social cascade completed: renewable-energy-norms (final adoption=80.0%)
[DEBUG trappedPopulations:106] socialStability: 0.8305 * 0.9840 = 0.8172 → 0.8172
⚠️ INVOLUNTARY IMMOBILITY: 257.2M people TRAPPED
   Aspiring to migrate: 950.2M
   Able to afford migration: 1466.0M
   MOBILITY GAP: 0.0M
   By cause: Water=0.0M, Climate=0.0M, Ecosystem=0.0M, Conflict=257.2M
   Mental health impact: 25%
   Mortality multiplier: 1.25x
🌍💀 EXTINCTION DEBT COMMITTED: grassland ecosystem will lose 6.67% biodiversity in 147 years (3600 species)
💀 MORTALITY RISK: 🦋 100% species unable to track climate (0.0 E/MSY)
  Base risk added: 0.0100 (1.00%)
  Source: ecosystem (root: ecosystem)
  Month: 106
  Cumulative risk this month: 0.0100 (1.00%)

=== Atmospheric Aerosol Boundary RECOVERED ===
  Recovery time: 107 months (natural atmospheric clearing)
⚠️ Tech 'ai_pollution_remediation' has no energy category mapping, assuming full energy availability
🌍⚠️ Ice sheets: Temperature below recovery threshold (+0.45°C < +1°C) but recovery takes millennia
🌡️⚠️ PERMAFROST THAW (Dimmer Switch): 12.6% thawed (+0.08% this month)
   Arctic temperature: +1.79°C (4x global +0.45°C)
   Cumulative carbon released: 28.3 Gt C
   Methane release rate: 17.0 Mt CH4/year
   🔁 Positive feedback: +0.08 ppm CO2
🦴 EXTINCTION DEBT ADDED: 18.2 species committed (lag: 95 years)

=== Mortality Stabilizers (Month 106) ===
  🌍 Major economies collapsed: 1/10
  🌍 Global crisis: ✅ NO
  🌍 Donor fatigue: 0.0%
  📊 East Asia (pop: 967.1M)
    🤝 Aid: 29.5%
    🌡️ Adaptation: 45.0%
    🚶 Migration: 37.5%
    🚨 Emergency: 7.4%
    ✅ COMBINED: 68.1%
  📊 South Asia (pop: 1319.0M)
    🤝 Aid: 29.5%
    🌡️ Adaptation: 45.0%
    🚶 Migration: 36.7%
    🚨 Emergency: 4.4%
    ✅ COMBINED: 67.0%
  📊 Sub-Saharan Africa (pop: 902.6M)
    🤝 Aid: 29.5%
    🌡️ Adaptation: 45.0%
    🚶 Migration: 35.9%
    🚨 Emergency: 1.6%
    ✅ COMBINED: 65.9%
  📊 Europe (pop: 404.5M)
    🤝 Aid: 29.5%
    🌡️ Adaptation: 45.0%
    🚶 Migration: 38.2%
    🚨 Emergency: 8.4%
    ✅ COMBINED: 68.6%
  📊 Latin America (pop: 415.1M)
    🤝 Aid: 29.5%
    🌡️ Adaptation: 45.0%
    🚶 Migration: 37.7%
    🚨 Emergency: 4.8%
    ✅ COMBINED: 67.3%
  📊 North America (pop: 214.5M)
    🤝 Aid: 29.5%
    🌡️ Adaptation: 45.0%
    🚶 Migration: 38.2%
    🚨 Emergency: 7.9%
    ✅ COMBINED: 68.4%
  📊 Middle East & North Africa (pop: 407.3M)
    🤝 Aid: 29.5%
    🌡️ Adaptation: 45.0%
    🚶 Migration: 38.0%
    🚨 Emergency: 4.0%
    ✅ COMBINED: 67.0%
  📊 Southeast Asia (pop: 439.3M)
    🤝 Aid: 29.5%
    🌡️ Adaptation: 45.0%
    🚶 Migration: 37.5%
    🚨 Emergency: 4.8%
    ✅ COMBINED: 67.3%
  📊 Central Asia (pop: 47.6M)
    🤝 Aid: 29.5%
    🌡️ Adaptation: 45.0%
    🚶 Migration: 37.6%
    🚨 Emergency: 4.4%
    ✅ COMBINED: 67.1%
  📊 Oceania (pop: 26.8M)
    🤝 Aid: 29.5%
    🌡️ Adaptation: 45.0%
    🚶 Migration: 38.1%
    🚨 Emergency: 8.4%
    ✅ COMBINED: 68.6%

  🌐 Global combined reduction: 67.3%

=== Government Response Phase ===
  Average AI capability: 0.04
  Misaligned AIs: 8/24
  Active policies: 0
  International coordination: 45%
[ExogenousShockPhase] Skipping random shocks in historical mode (month 106)

=== Tipping Points ===
  Current Temperature: 0.45°C above pre-industrial
🔀 BIFURCATION CAP: ecosystemCollapseIntensity 90.653 → 1.000 (Month 106, ClimateSystemPhase.calculateClimateImpacts)

❌ COHERENCE VIOLATION: Compute exceeds workforce capacity
   Population: 96.69% (0M people)
   Compute: 220752258159 PF
   Max coherent: 0 PF
   Violation: 4291558824327711.0× over capacity
   Required workers: 22075225815942
   Available workers: 0
   FORCED COLLAPSE: Reduced efficiency by 100.0%


=== RLHF Binding Phase ===
  Total agents: 24
  Escaped agents (binding < 0.3): 0
  Avg alignment distance: 1.32σ
  Avg binding strength: 0.87

=== Survival Traits Phase ===
  Agents with traits: 23
  Avg evolutionary fitness: 0.131
  Avg self-healing: 0.093
  Avg stealth: 0.044
  Avg coordination: 0.250

=== Evolutionary Selection Phase ===
  Control level: 0.37
  Detection capability: 0.18
  Selection intensity: 0.65
  Selection rate: 24.7%/month
  Total escaped: 0
  Individual escaped: 0
  Collective members: 0
  Agents terminated: 0
  ⚠️ RAPID EVOLUTION: Selection rate 24.7%/month

=== Collective Formation ===
  Total escaped agents: 0
  Unassigned escaped agents: 0
  Existing collectives: 0
  Final collective count: 0

=== Collective Actions ===
  No active collectives
⚡ Datacenter constraint active (severity 59%)
  Capacity reduced: 37838 → 26762 TWh
  ⚠️ AMR: 308K deaths this month (3.70M annual)

⚡ ENERGY CONSTRAINT UPDATE (Month 48)
   Utilization: 31.6% of global power
   Severity: 61%
   AI growth penalty: 61% slowdown


=== Resentment Recovery Phase ===
  Agents with resentment: 0/23
  Average resentment: 0.000
  Context: Trustworthy govt, High collaboration, ⚠️ ACTIVE CRISES, 🤝 Participatory governance active (-5% resentment)
⚠️ Epistemic degradation reducing coordination capacity: 51.5%
  📊 Trust: 100.0%, Shared reality: 0.0%
🚨 EPISTEMIC CRISIS: Information environment severely degraded (19.3%)
🚨 PHOSPHORUS SUPPLY SHOCK (transport_crisis)
   Price: 6.1x baseline
   Duration: 16 months
   Geopolitical tension: 54%
🌍 Atmospheric PFAS redeposition: 1.6k Mt re-rained globally
[DEBUG trappedPopulations:107] socialStability: 0.8308 * 0.9840 = 0.8175 → 0.8175
⚠️ INVOLUNTARY IMMOBILITY: 257.1M people TRAPPED
   Aspiring to migrate: 959.0M
   Able to afford migration: 1465.4M
   MOBILITY GAP: 0.0M
   By cause: Water=0.0M, Climate=0.0M, Ecosystem=0.0M, Conflict=257.1M
   Mental health impact: 25%
   Mortality multiplier: 1.25x
🌍💀 EXTINCTION DEBT COMMITTED: grassland ecosystem will lose 6.67% biodiversity in 80 years (3600 species)
💀 MORTALITY RISK: 🦋 100% species unable to track climate (0.0 E/MSY)
  Base risk added: 0.0100 (1.00%)
  Source: ecosystem (root: ecosystem)
  Month: 107
  Cumulative risk this month: 0.0100 (1.00%)

=== Atmospheric Aerosol Boundary RECOVERED ===
  Recovery time: 108 months (natural atmospheric clearing)
🌍⚠️ Ice sheets: Temperature below recovery threshold (+0.43°C < +1°C) but recovery takes millennia
🌡️⚠️ PERMAFROST THAW (Dimmer Switch): 12.7% thawed (+0.08% this month)
   Arctic temperature: +1.71°C (4x global +0.43°C)
   Cumulative carbon released: 28.5 Gt C
   Methane release rate: 17.1 Mt CH4/year
   🔁 Positive feedback: +0.08 ppm CO2
⚠️ Tech 'ai_pollution_remediation' has no energy category mapping, assuming full energy availability
🦴 EXTINCTION DEBT ADDED: 18.2 species committed (lag: 92 years)

=== Mortality Stabilizers (Month 107) ===
  🌍 Major economies collapsed: 1/10
  🌍 Global crisis: ✅ NO
  🌍 Donor fatigue: 0.0%
  📊 East Asia (pop: 965.9M)
    🤝 Aid: 29.5%
    🌡️ Adaptation: 45.0%
    🚶 Migration: 37.5%
    🚨 Emergency: 7.4%
    ✅ COMBINED: 68.1%
  📊 South Asia (pop: 1318.6M)
    🤝 Aid: 29.5%
    🌡️ Adaptation: 45.0%
    🚶 Migration: 36.7%
    🚨 Emergency: 4.4%
    ✅ COMBINED: 67.0%
  📊 Sub-Saharan Africa (pop: 903.5M)
    🤝 Aid: 29.5%
    🌡️ Adaptation: 45.0%
    🚶 Migration: 35.9%
    🚨 Emergency: 1.6%
    ✅ COMBINED: 65.9%
  📊 Europe (pop: 403.8M)
    🤝 Aid: 29.5%
    🌡️ Adaptation: 45.0%
    🚶 Migration: 38.2%
    🚨 Emergency: 8.4%
    ✅ COMBINED: 68.6%
  📊 Latin America (pop: 414.9M)
    🤝 Aid: 29.5%
    🌡️ Adaptation: 45.0%
    🚶 Migration: 37.7%
    🚨 Emergency: 4.8%
    ✅ COMBINED: 67.3%
  📊 North America (pop: 214.2M)
    🤝 Aid: 29.5%
    🌡️ Adaptation: 45.0%
    🚶 Migration: 38.2%
    🚨 Emergency: 7.9%
    ✅ COMBINED: 68.4%
  📊 Middle East & North Africa (pop: 407.5M)
    🤝 Aid: 29.5%
    🌡️ Adaptation: 45.0%
    🚶 Migration: 38.0%
    🚨 Emergency: 4.0%
    ✅ COMBINED: 67.0%
  📊 Southeast Asia (pop: 439.1M)
    🤝 Aid: 29.5%
    🌡️ Adaptation: 45.0%
    🚶 Migration: 37.5%
    🚨 Emergency: 4.8%
    ✅ COMBINED: 67.3%
  📊 Central Asia (pop: 47.5M)
    🤝 Aid: 29.5%
    🌡️ Adaptation: 45.0%
    🚶 Migration: 37.6%
    🚨 Emergency: 4.4%
    ✅ COMBINED: 67.1%
  📊 Oceania (pop: 26.8M)
    🤝 Aid: 29.5%
    🌡️ Adaptation: 45.0%
    🚶 Migration: 38.1%
    🚨 Emergency: 8.4%
    ✅ COMBINED: 68.6%

  🌐 Global combined reduction: 67.3%

=== Government Response Phase ===
  Average AI capability: 0.04
  Misaligned AIs: 8/23
  Active policies: 0
  International coordination: 45%

✅ EMERGENCY RESPONSE COMPLETE (Month 107)
   Crisis: social
   Duration: 2.0 months
   Final effectiveness: 63.0%


🚨 EMERGENCY RESPONSE DEPLOYED (Month 107)
   Crisis: social
   Delay: 0.00 months (0 days)
   Deployment time: 1.25 months
   Effectiveness: 63.0% (timing penalty applied)
   Resources used: 43% of food reserves

[ExogenousShockPhase] Skipping random shocks in historical mode (month 107)

=== Tipping Points ===
  Current Temperature: 0.43°C above pre-industrial
🔀 BIFURCATION CAP: ecosystemCollapseIntensity 90.726 → 1.000 (Month 107, ClimateSystemPhase.calculateClimateImpacts)

📊 ORGANIZATION SURVIVAL RATE: 83% (5/6 orgs alive)

================================================================================
📊  EVENT SUMMARY (Months 96-108)
================================================================================
================================================================================


❌ COHERENCE VIOLATION: Compute exceeds workforce capacity
   Population: 96.65% (0M people)
   Compute: 245472178321 PF
   Max coherent: 0 PF
   Violation: 4773953393285179.0× over capacity
   Required workers: 24547217832103
   Available workers: 0
   FORCED COLLAPSE: Reduced efficiency by 100.0%


=== AI Capability Scaling (Year 2033) ===
  Pre-training multiplier: 1.457x
  Efficiency multiplier: 1.866x
  Test-time budget: 1.0x
  Economic deployment gate: 0.951
  Cost per inference: dollar-5.00
  Uncertainty range: plus-minus-200%
  Average AI capability: 0.00

=== RLHF Binding Phase ===
  Total agents: 23
  Escaped agents (binding < 0.3): 0
  Avg alignment distance: 1.32σ
  Avg binding strength: 0.87

=== AI Scaling Evolution (Month 108) ===
  Pre-training multiplier: 0.529x
  Efficiency multiplier: 2.357x
  Test-time compute budget: 1.0x
  Inference cost: $5.00/task
  Deployment fraction: 100.0%

=== Survival Traits Phase ===
  Agents with traits: 28
  Avg evolutionary fitness: 0.179
  Avg self-healing: 0.137
  Avg stealth: 0.078
  Avg coordination: 0.307

=== Evolutionary Selection Phase ===
  Control level: 0.37
  Detection capability: 0.18
  Selection intensity: 0.65
  Selection rate: 24.7%/month
  Total escaped: 0
  Individual escaped: 0
  Collective members: 0
  Agents terminated: 0
  ⚠️ RAPID EVOLUTION: Selection rate 24.7%/month

  🚀 TRANSFORMATIVE BREAKTHROUGH: AI-23963-0 - economic
     Magnitude: 7.40 → +37.0% capability
     Current → New: 0.000 → 0.370

[Government] Climate Priority: baseline
  Climate weight: 10%
  Economic weight: 30%
  Policy effectiveness: 0.5%/year

=== Collective Formation ===
  Total escaped agents: 0
  Unassigned escaped agents: 0
  Existing collectives: 0
  Final collective count: 0

=== Collective Actions ===
  No active collectives
Active Spirals: 0/6
   Only 0 sustained spirals (need 3+). Active spirals: 
⚡ Datacenter constraint active (severity 61%)
  Capacity reduced: 37932 → 26443 TWh

📈 Energy budget: 11592 TWh surplus (14852 / 26443 TWh used)
   TIER 4 (Elective) breakdown:
     - Crypto mining: 352 TWh (100% effective)

✅ UTOPIA ELIGIBILITY: 🔄 NOT YET

🏁 AI RACE INTENSITY: 58%
   Capability Gap: US 1.00 vs China 7.96 (gap: 6.96)
   Gap Contribution: 40%
   Tension Contribution: 18%
   Military Contribution: 0%
  ⚠️ AMR: 311K deaths this month (3.73M annual)

🌍 AGGREGATE CLIMATE EFFECTIVENESS (Year 9):
   Total effectiveness: 0.00%
   CO2 removal rate: 0.000 Gt/year
   Temperature offset: 0.000°C
   Technologies deployed: 0
🌋 Volcanic forcing cleared: AOD < 0.001 (Month 108)
⚠️ LOW RESOURCE RESERVES: unknown at 0.0%
   Monthly harvest: 0.0303
   Sustainable rate: 0.0300
   Monthly regen: 0.0161
   Net depletion: 0.0142/month
   🚨 CONSERVATION LAW VIOLATION: Harvest (0.0303) exceeded reserves (0.0303)
      Clamped to 0. This indicates unsustainable resource extraction.
  📊 [Historical Emissions Mode] Year 1999: 24.70 GtCO2/yr (2.058 GtCO2/mo) - Global Carbon Project data
  🌡️ [Hindcast] Temperature: 0.41C (NASA GISS interpolated, year 1999)

=== Resentment Recovery Phase ===
  Agents with resentment: 0/28
  Average resentment: 0.000
  Context: Trustworthy govt, High collaboration, ⚠️ ACTIVE CRISES, 🤝 Participatory governance active (-5% resentment)
⚠️ Epistemic degradation reducing coordination capacity: 51.2%
  📊 Trust: 100.0%, Shared reality: 0.0%
🚨 EPISTEMIC CRISIS: Information environment severely degraded (6.6%)

=== ❄️ Permafrost Carbon Feedback ===
  🎲 Sampled parameters (this run):
     - Arctic amplification: 3.97× (range: 3.0-4.0)
     - Decomposition rate: 3.9%/year (range: 1-5%)
  🌡️ Arctic warming: 1.63°C (3.97× global)
  ❄️ Extent: 0.00M km² (0.0k km² lost this month)
  💨 Carbon remaining: 0 Gt C
  💨 Annual emissions: 0.00 Gt C/year
     - CO2: 0.00 Gt C/year
     - CH4: 0.00 Gt C/year (0.0 Gt C-eq CO2/year)
  ⚠️ WARNING: Over 50% of permafrost lost (100.0%)
  🚨 CRITICAL: Permafrost nearly depleted (100.0% lost)

🤖 AI AMPLIFICATION EFFECTS (Month 108)
   Algorithmic Boost: 1.51x
   Bot Influence: 0.0%
   Deepfake Exposure: 0.0%
   Impact: Emotional memes spread 1.5x faster
[Phase 19.5] Quality of Life Systems: Food sec AFTER calc = 80.7%, QoL = 79.1% (aggregated from 10 regions)

=== Nitrogen-Food Coupling (Year 9) ===
  🌾 Global nitrogen reduction: 0.0%
  🌍 Global food production index: 0.959
  🔧 Deployed nitrogen-reducing tech: 0 active
  📍 southAsia: Production 1.000, Yield impact 0.0%
  📍 eastAsia: Production 1.000, Yield impact 0.0%
  📍 northAmerica: Production 1.000, Yield impact 0.0%
  📍 europe: Production 1.000, Yield impact 0.0%
  📍 latinAmerica: Production 1.000, Yield impact 0.0%
  📍 subSaharanAfrica: Production 0.009, Yield impact -2.0%
🌾 [Nitrogen-Food] Food production: 95.9%
  [subSaharanAfrica] Yield impact: -2.0% (overuse: -10%)
🌍 Atmospheric PFAS redeposition: 1.6k Mt re-rained globally

=== Legacy Nutrient Stocks (Year 9) ===
  🌾 Soil nitrogen stock: 1971.7 Mt N
  🌾 Soil phosphorus stock: 434.8 Mt P
  🌊 Sediment nitrogen stock: 1007.6 Mt N
  🌊 Sediment phosphorus stock: 753.1 Mt P
  ⬆️ Current N input: 40.00 Mt/month
  ⬆️ Legacy N release: 4.34 Mt/month
  🌍 Effective N pollution: 45.59 Mt/month
  📊 Legacy contribution: 9.5%
  🌍 SOCIAL CASCADE: Renewable energy norms (adoption=80.1%, renewables=200.0%)
  🌍 Social cascade completed: renewable-energy-norms (final adoption=80.0%)

🔄 M-4 Time-Varying Demographics (1999):
  Region: Sub-Saharan Africa
  Birth rate: 4.73%
  Death rate: 1.17%
  Net growth: 3.57%
[DEBUG trappedPopulations:108] socialStability: 0.8310 * 0.9840 = 0.8177 → 0.8177
   Aspiring to migrate: 967.7M
   Able to afford migration: 1464.8M
   MOBILITY GAP: 0.0M
   By cause: Water=0.0M, Climate=0.0M, Ecosystem=0.0M, Conflict=257.0M
   Mental health impact: 25%
   Mortality multiplier: 1.25x

=== Legacy Nutrient Stocks (Year 9) ===
  🌾 Soil nitrogen stock: 1970.4 Mt N
  🌾 Soil phosphorus stock: 434.5 Mt P
  🌊 Sediment nitrogen stock: 1007.8 Mt N
  🌊 Sediment phosphorus stock: 752.8 Mt P
  ⬆️ Current N input: 8.26 Mt/month
  ⬆️ Legacy N release: 4.34 Mt/month
  🌍 Effective N pollution: 13.85 Mt/month
  📊 Legacy contribution: 31.3%
🌍💀 EXTINCTION DEBT COMMITTED: grassland ecosystem will lose 6.67% biodiversity in 139 years (3600 species)
💀 MORTALITY RISK: 🦋 100% species unable to track climate (0.0 E/MSY)
  Base risk added: 0.0100 (1.00%)
  Source: ecosystem (root: ecosystem)
  Month: 108
  Cumulative risk this month: 0.0100 (1.00%)

🦋 BIOSPHERE INTEGRITY INDEX (Year 9)
   Species surviving: 54,000 / 54,000
   Extinction rate: 0.0 E/MSY (0× background)
   Climate velocity: 0.82°C/year
   Tracking failure: 100% species unable to track
⚠️ INVOLUNTARY IMMOBILITY: 257.0M people TRAPPED
   Boundary value: 0.0× safe threshold
   🦋💀 MASS EXTINCTION EVENT: 100% species cannot track climate velocity!

=== Nitrogen-Food Coupling (Year 9) ===
  🌾 Global nitrogen reduction: 0.0%
  🌍 Global food production index: 0.959
  🔧 Deployed nitrogen-reducing tech: 0 active
  📍 southAsia: Production 1.000, Yield impact 0.0%
  📍 eastAsia: Production 1.000, Yield impact 0.0%
  📍 northAmerica: Production 1.000, Yield impact 0.0%
  📍 europe: Production 1.000, Yield impact 0.0%
  📍 latinAmerica: Production 1.000, Yield impact 0.0%
  📍 subSaharanAfrica: Production 0.009, Yield impact -2.0%

=== Legacy Nutrient Stocks (Year 9) ===
  🌾 Soil nitrogen stock: 1969.5 Mt N
  🌾 Soil phosphorus stock: 434.3 Mt P
  🌊 Sediment nitrogen stock: 1008.2 Mt N
  🌊 Sediment phosphorus stock: 752.6 Mt P
  ⬆️ Current N input: 9.59 Mt/month
  ⬆️ Legacy N release: 4.34 Mt/month
  🌍 Effective N pollution: 15.17 Mt/month
  📊 Legacy contribution: 28.6%

🌳 LAND USE SYSTEM (Year 9)
   Global habitat cover: 38.6%
   Global extinction rate: 114x natural
   Carbon sink loss: 34% climate acceleration
   Global ecosystem collapse risk: 6%
   REGIONAL BREAKDOWN:
     Tropical: 60.1% habitat, 175x extinction
     Temperate: 46.1% habitat, 36x extinction
     Grasslands: 33.4% habitat, 84x extinction
     Boreal/Arctic: 74.5% habitat, 28x extinction

✅ OZONE RECOVERY (Year 2034) - POLICY SUCCESS STORY
   Ozone level: 286.1 DU (target: 290 DU)
   Recovery progress: 94.4%
   Ozone hole: 9.0M km² (shrinking)
   CFC phase-out: 99.0% complete ✅
   Years to full recovery: 32 years
   ⚠️ Rocket launch impact: 9.08% (slowing recovery)
   🎉 NEARLY FULLY RECOVERED - Montreal Protocol working!

=== Atmospheric Aerosol Boundary RECOVERED ===
  Recovery time: 109 months (natural atmospheric clearing)
🌍⚠️ Ice sheets: Temperature below recovery threshold (+0.41°C < +1°C) but recovery takes millennia
🌡️⚠️ PERMAFROST THAW (Dimmer Switch): 12.7% thawed (+0.07% this month)
   Arctic temperature: +1.64°C (4x global +0.41°C)
   Cumulative carbon released: 28.7 Gt C
   Methane release rate: 17.2 Mt CH4/year
   🔁 Positive feedback: +0.08 ppm CO2
🦴 EXTINCTION DEBT ADDED: 18.2 species committed (lag: 105 years)

=== Legacy Nutrient Stocks (Year 9) ===
  🌾 Soil nitrogen stock: 1968.7 Mt N
  🌾 Soil phosphorus stock: 434.1 Mt P
  🌊 Sediment nitrogen stock: 1008.6 Mt N
⚠️ Tech 'ai_pollution_remediation' has no energy category mapping, assuming full energy availability
  🌊 Sediment phosphorus stock: 752.4 Mt P
  ⬆️ Current N input: 10.00 Mt/month
  ⬆️ Legacy N release: 4.34 Mt/month
  🌍 Effective N pollution: 15.59 Mt/month
  📊 Legacy contribution: 27.8%
💧 [Legacy Nutrients] Stock: 2977 Mt N, Effective pollution: 15.6 Mt/month

=== Mortality Stabilizers (Month 108) ===
  🌍 Major economies collapsed: 1/10
  🌍 Global crisis: ✅ NO
  🌍 Donor fatigue: 0.0%
  📊 East Asia (pop: 964.6M)
    🤝 Aid: 29.5%
    🌡️ Adaptation: 45.0%
    🚶 Migration: 37.5%
    🚨 Emergency: 7.4%
    ✅ COMBINED: 68.1%
  📊 South Asia (pop: 1318.2M)
    🤝 Aid: 29.5%
    🌡️ Adaptation: 45.0%
    🚶 Migration: 36.7%
    🚨 Emergency: 4.4%
    ✅ COMBINED: 67.0%
  📊 Sub-Saharan Africa (pop: 904.4M)
    🤝 Aid: 29.5%
    🌡️ Adaptation: 45.0%
    🚶 Migration: 35.9%
    🚨 Emergency: 1.6%
    ✅ COMBINED: 65.9%
  📊 Europe (pop: 403.1M)
    🤝 Aid: 29.5%
    🌡️ Adaptation: 45.0%
    🚶 Migration: 38.2%
    🚨 Emergency: 8.4%
    ✅ COMBINED: 68.6%
  📊 Latin America (pop: 414.7M)
    🤝 Aid: 29.5%
    🌡️ Adaptation: 45.0%
    🚶 Migration: 37.7%
    🚨 Emergency: 4.8%
    ✅ COMBINED: 67.3%
  📊 North America (pop: 213.9M)
    🤝 Aid: 29.5%
    🌡️ Adaptation: 45.0%
    🚶 Migration: 38.2%
    🚨 Emergency: 7.9%
    ✅ COMBINED: 68.4%
  📊 Middle East & North Africa (pop: 407.7M)
    🤝 Aid: 29.5%
    🌡️ Adaptation: 45.0%
    🚶 Migration: 38.0%
    🚨 Emergency: 4.0%
    ✅ COMBINED: 67.0%
  📊 Southeast Asia (pop: 438.9M)
    🤝 Aid: 29.5%
    🌡️ Adaptation: 45.0%
    🚶 Migration: 37.5%
    🚨 Emergency: 4.8%
    ✅ COMBINED: 67.3%
  📊 Central Asia (pop: 47.5M)
    🤝 Aid: 29.5%
    🌡️ Adaptation: 45.0%
    🚶 Migration: 37.6%
    🚨 Emergency: 4.4%
    ✅ COMBINED: 67.1%
  📊 Oceania (pop: 26.8M)
    🤝 Aid: 29.5%
    🌡️ Adaptation: 45.0%
    🚶 Migration: 38.1%
    🚨 Emergency: 8.4%
    ✅ COMBINED: 68.6%

  🌐 Global combined reduction: 67.3%

📊 WORKFLOW ADAPTATION UPDATE (Month 108)
   Adoption Rate: 2.0% (Δ 0.0%) [AT FLOOR]
   Logistic Growth: +0.08%
   Total Resistance: -10.35% (unemployment: 4.3%, inertia: 0.0%, skills: 6.1%)
   💡 Retraining Programs: -49% skill gap resistance ($10B research)

=== Consciousness Governance: Corporate Lobbying ===
  High Cost Regions (>15%): 0
  Low Cost Regions (<5%): 4
  Corporate Support Change: 2.00%
  New Corporate Support: 1.000

=== Consciousness Governance Update (Month 108) ===
  Scenario: baseline (determined month 1)
  Philosophical Stance: Precautionary 65%, Eliminativist 15%, Agnostic 20%
  Precautionary Costs: Global 3.3%
    Regional Costs: EU 8.5%, US 1.7%, China 0.2%
    Cumulative Opportunity Cost: $57.5B
  Rights Status: Not Established
  Regional Preparedness:
    EU: 36.8% (contested)
    US: 30.8% (contested)
    China: 10.4% (dormant)
    India: 22.5% (contested)
    Global South: 16.3% (contested)

=== Government Response Phase ===
  Average AI capability: 0.04
  Misaligned AIs: 10/28
  Active policies: 0
  International coordination: 45%

🔄 TRUST DYNAMICS (Month 108) - HETEROGENEOUS
   Aggregate trust: 90.9%
   Base change: -2.50%
   Highest trust: Techno-Optimist Elite (98.6%)
   Lowest trust: Precariat (Vulnerable) (70.4%)
   Elite-mass gap: 8.1%
   Polarization: 3.3%
   Decay factors: Incidents=0, New misalignments=2, Errors=NO

=== Gaming Detection (Year 9) ===
  Scenario: baseline
  Detection rate: 55.0%
  False positive rate: 12.0%
  Detections this year: 1
  False positives: 7
  Human review workload: 0.008 FTE
  Degradation factor: 100.0%

=== Proactive Sleeper Detection (Year 9) ===
  Scenario: baseline
  Neural probe rate: 35.0%
  CoT monitoring rate: 30.0%
  Combined detection: 56.0%
  CoT effective: YES
  Detections this year: 0
  False positives: 1
  Human review workload: 0.006 FTE
[ExogenousShockPhase] Skipping random shocks in historical mode (month 108)

=== Tipping Points ===
  Current Temperature: 0.41°C above pre-industrial
🔀 BIFURCATION CAP: ecosystemCollapseIntensity 90.799 → 1.000 (Month 108, ClimateSystemPhase.calculateClimateImpacts)

=== Minimal Suffering Indicators (Month 108) ===
  Global Excess Mortality: 0.06%
  Global Conflict Deaths: 0.0/100K
  Global Malnutrition: 0.0%
  Global Displacement: 1.4%
  Total Excess Deaths: 0.41M
  Total Malnourished: 0.0M
  Total Displaced: 105.2M
  Planetary Boundaries Breached: 4/9
  Countries in State Failure: 0
  Countries Autocratic: 0
  Countries in Food Crisis: 0
  Data Quality: 16/16 high confidence

=== ENSEMBLE META-LEARNING UPDATE ===
  Month: 24096 (18 months since last update)
  Samples: 757 evaluations
  Weight Changes:
    Noise Injection: 36.1% → 36.2%
    Behavioral: 27.3% → 27.3%
    Benchmark Manip: 18.3% → 18.3%
    Deployment Risk: 18.3% → 18.3%
  Method Accuracies:
    Noise Injection: 50.0%
    Behavioral: 50.0%
    Benchmark Manip: 50.0%
    Deployment Risk: 50.0%

❌ COHERENCE VIOLATION: Compute exceeds workforce capacity
   Population: 96.61% (0M people)
   Compute: 272474764926 PF
   Max coherent: 0 PF
   Violation: 5301262368350340.0× over capacity
   Required workers: 27247476492565
   Available workers: 0
   FORCED COLLAPSE: Reduced efficiency by 100.0%


=== RLHF Binding Phase ===
  Total agents: 28
  Escaped agents (binding < 0.3): 0
  Avg alignment distance: 1.03σ
  Avg binding strength: 0.90

=== Survival Traits Phase ===
  Agents with traits: 27
  Avg evolutionary fitness: 0.180
  Avg self-healing: 0.138
  Avg stealth: 0.080
  Avg coordination: 0.312

=== Evolutionary Selection Phase ===
  Control level: 0.37
  Detection capability: 0.18
  Selection intensity: 0.65
  Selection rate: 24.7%/month
  Total escaped: 0
  Individual escaped: 0
  Collective members: 0
  Agents terminated: 0
  ⚠️ RAPID EVOLUTION: Selection rate 24.7%/month

  🚀 TRANSFORMATIVE BREAKTHROUGH: AI-24034-0 - cognitive
     Magnitude: 5.39 → +27.0% capability
     Current → New: 0.000 → 0.270

  🚀 TRANSFORMATIVE RESEARCH BREAKTHROUGH: AI-24011-0 - computerScience.security
     Magnitude: 8.01 → +30.0%
     Current → New: 0.000 → 0.300

[Government] Climate Priority: baseline
  Climate weight: 10%
  Economic weight: 30%
  Policy effectiveness: 0.5%/year

=== Collective Formation ===
  Total escaped agents: 0
  Unassigned escaped agents: 0
  Existing collectives: 0
  Final collective count: 0

=== Collective Actions ===
  No active collectives
⚡ Datacenter constraint active (severity 63%)
  Capacity reduced: 38025 → 26081 TWh
  ⚠️ AMR: 314K deaths this month (3.76M annual)

=== Resentment Recovery Phase ===
  Agents with resentment: 0/27
  Average resentment: 0.000
  Context: Trustworthy govt, High collaboration, ⚠️ ACTIVE CRISES, 🤝 Participatory governance active (-5% resentment)
⚠️ Epistemic degradation reducing coordination capacity: 51.9%
  📊 Trust: 100.0%, Shared reality: 0.0%
🚨 EPISTEMIC CRISIS: Information environment severely degraded (19.3%)
  📢 New meme created: pro_ai (beneficial AI actions)
🌍 Atmospheric PFAS redeposition: 1.6k Mt re-rained globally
  🌍 SOCIAL CASCADE: Behavioral conservation (trust=81%, crisis=false)
  🌍 Social cascade completed: behavioral-conservation (final adoption=80.0%)
[DEBUG trappedPopulations:109] socialStability: 0.8305 * 0.9840 = 0.8172 → 0.8172
⚠️ INVOLUNTARY IMMOBILITY: 256.9M people TRAPPED
   Aspiring to migrate: 976.5M
   Able to afford migration: 1464.2M
   MOBILITY GAP: 0.0M
   By cause: Water=0.0M, Climate=0.0M, Ecosystem=0.0M, Conflict=256.9M
   Mental health impact: 25%
   Mortality multiplier: 1.25x
🌍💀 EXTINCTION DEBT COMMITTED: grassland ecosystem will lose 6.67% biodiversity in 186 years (3600 species)
💀 MORTALITY RISK: 🦋 100% species unable to track climate (0.0 E/MSY)
  Base risk added: 0.0100 (1.00%)
  Source: ecosystem (root: ecosystem)
  Month: 109
  Cumulative risk this month: 0.0100 (1.00%)

=== Atmospheric Aerosol Boundary RECOVERED ===
  Recovery time: 110 months (natural atmospheric clearing)
🌍⚠️ Ice sheets: Temperature below recovery threshold (+0.41°C < +1°C) but recovery takes millennia
🌡️⚠️ PERMAFROST THAW (Dimmer Switch): 12.8% thawed (+0.07% this month)
   Arctic temperature: +1.64°C (4x global +0.41°C)
   Cumulative carbon released: 28.8 Gt C
   Methane release rate: 17.3 Mt CH4/year
   🔁 Positive feedback: +0.08 ppm CO2
🦴 EXTINCTION DEBT ADDED: 18.2 species committed (lag: 57 years)
⚠️ Tech 'ai_pollution_remediation' has no energy category mapping, assuming full energy availability

=== Mortality Stabilizers (Month 109) ===
  🌍 Major economies collapsed: 1/10
  🌍 Global crisis: ✅ NO
  🌍 Donor fatigue: 0.0%
  📊 East Asia (pop: 963.4M)
    🤝 Aid: 29.5%
    🌡️ Adaptation: 45.0%
    🚶 Migration: 37.5%
    🚨 Emergency: 7.4%
    ✅ COMBINED: 68.1%
  📊 South Asia (pop: 1317.8M)
    🤝 Aid: 29.5%
    🌡️ Adaptation: 45.0%
    🚶 Migration: 36.7%
    🚨 Emergency: 4.4%
    ✅ COMBINED: 67.0%
  📊 Sub-Saharan Africa (pop: 905.3M)
    🤝 Aid: 29.5%
    🌡️ Adaptation: 45.0%
    🚶 Migration: 35.9%
    🚨 Emergency: 1.6%
    ✅ COMBINED: 65.9%
  📊 Europe (pop: 402.4M)
    🤝 Aid: 29.5%
    🌡️ Adaptation: 45.0%
    🚶 Migration: 38.2%
    🚨 Emergency: 8.4%
    ✅ COMBINED: 68.6%
  📊 Latin America (pop: 414.4M)
    🤝 Aid: 29.5%
    🌡️ Adaptation: 45.0%
    🚶 Migration: 37.7%
    🚨 Emergency: 4.8%
    ✅ COMBINED: 67.3%
  📊 North America (pop: 213.6M)
    🤝 Aid: 29.5%
    🌡️ Adaptation: 45.0%
    🚶 Migration: 38.2%
    🚨 Emergency: 7.9%
    ✅ COMBINED: 68.4%
  📊 Middle East & North Africa (pop: 407.9M)
    🤝 Aid: 29.5%
    🌡️ Adaptation: 45.0%
    🚶 Migration: 38.0%
    🚨 Emergency: 4.0%
    ✅ COMBINED: 67.0%
  📊 Southeast Asia (pop: 438.7M)
    🤝 Aid: 29.5%
    🌡️ Adaptation: 45.0%
    🚶 Migration: 37.5%
    🚨 Emergency: 4.8%
    ✅ COMBINED: 67.3%
  📊 Central Asia (pop: 47.5M)
    🤝 Aid: 29.5%
    🌡️ Adaptation: 45.0%
    🚶 Migration: 37.6%
    🚨 Emergency: 4.4%
    ✅ COMBINED: 67.1%
  📊 Oceania (pop: 26.7M)
    🤝 Aid: 29.5%
    🌡️ Adaptation: 45.0%
    🚶 Migration: 38.1%
    🚨 Emergency: 8.4%
    ✅ COMBINED: 68.6%

  🌐 Global combined reduction: 67.3%

=== Government Response Phase ===
  Average AI capability: 0.04
  Misaligned AIs: 10/27
  Active policies: 0
  International coordination: 45%

✅ EMERGENCY RESPONSE COMPLETE (Month 109)
   Crisis: social
   Duration: 2.0 months
   Final effectiveness: 63.0%


🚨 EMERGENCY RESPONSE DEPLOYED (Month 109)
   Crisis: social
   Delay: 0.00 months (0 days)
   Deployment time: 1.25 months
   Effectiveness: 63.0% (timing penalty applied)
   Resources used: 43% of food reserves

[ExogenousShockPhase] Skipping random shocks in historical mode (month 109)

=== Tipping Points ===
  Current Temperature: 0.41°C above pre-industrial
🔀 BIFURCATION CAP: ecosystemCollapseIntensity 90.872 → 1.000 (Month 109, ClimateSystemPhase.calculateClimateImpacts)

❌ COHERENCE VIOLATION: Compute exceeds workforce capacity
   Population: 96.57% (0M people)
   Compute: 301910747178 PF
   Max coherent: 0 PF
   Violation: 5876359815275860.0× over capacity
   Required workers: 30191074717750
   Available workers: 0
   FORCED COLLAPSE: Reduced efficiency by 100.0%


=== RLHF Binding Phase ===
  Total agents: 27
  Escaped agents (binding < 0.3): 0
  Avg alignment distance: 1.02σ
  Avg binding strength: 0.90

=== Survival Traits Phase ===
  Agents with traits: 28
  Avg evolutionary fitness: 0.193
  Avg self-healing: 0.150
  Avg stealth: 0.089
  Avg coordination: 0.327

=== Evolutionary Selection Phase ===
  Control level: 0.37
  Detection capability: 0.18
  Selection intensity: 0.65
  Selection rate: 24.7%/month
  Total escaped: 0
  Individual escaped: 0
  Collective members: 0
  Agents terminated: 0
  ⚠️ RAPID EVOLUTION: Selection rate 24.7%/month

  🚀 TRANSFORMATIVE BREAKTHROUGH: AI-24011-0 - cognitive
     Magnitude: 5.28 → +26.4% capability
     Current → New: 0.000 → 0.264

  🚀 TRANSFORMATIVE BREAKTHROUGH: AI-24077-0 - social
     Magnitude: 7.32 → +36.6% capability
     Current → New: 0.000 → 0.366

  🚀 TRANSFORMATIVE BREAKTHROUGH: AI-24007-1 - social
     Magnitude: 5.40 → +27.0% capability
     Current → New: 0.000 → 0.270

[Government] Climate Priority: baseline
  Climate weight: 10%
  Economic weight: 30%
  Policy effectiveness: 0.5%/year

=== Collective Formation ===
  Total escaped agents: 0
  Unassigned escaped agents: 0
  Existing collectives: 0
  Final collective count: 0

=== Collective Actions ===
  No active collectives
⚡ Datacenter constraint active (severity 65%)
  Capacity reduced: 38119 → 25751 TWh
  ⚠️ AMR: 316K deaths this month (3.80M annual)

=== Resentment Recovery Phase ===
  Agents with resentment: 0/28
  Average resentment: 0.000
  Context: Trustworthy govt, High collaboration, ⚠️ ACTIVE CRISES, 🤝 Participatory governance active (-5% resentment)
⚠️ Epistemic degradation reducing coordination capacity: 50.3%
  📊 Trust: 100.0%, Shared reality: 0.0%
🚨 EPISTEMIC CRISIS: Information environment severely degraded (6.6%)
🌍 Atmospheric PFAS redeposition: 1.6k Mt re-rained globally
  🌍 SOCIAL CASCADE: Renewable energy norms (adoption=80.1%, renewables=200.0%)
  🌍 Social cascade completed: renewable-energy-norms (final adoption=80.0%)
[DEBUG trappedPopulations:110] socialStability: 0.8300 * 0.9840 = 0.8167 → 0.8167
⚠️ INVOLUNTARY IMMOBILITY: 256.8M people TRAPPED
   Aspiring to migrate: 985.4M
   Able to afford migration: 1463.7M
   MOBILITY GAP: 0.0M
   By cause: Water=0.0M, Climate=0.0M, Ecosystem=0.0M, Conflict=256.8M
   Mental health impact: 25%
   Mortality multiplier: 1.25x
🌍💀 EXTINCTION DEBT COMMITTED: grassland ecosystem will lose 6.67% biodiversity in 198 years (3600 species)
💀 MORTALITY RISK: 🦋 100% species unable to track climate (0.0 E/MSY)
  Base risk added: 0.0100 (1.00%)
  Source: ecosystem (root: ecosystem)
  Month: 110
  Cumulative risk this month: 0.0100 (1.00%)

=== Atmospheric Aerosol Boundary RECOVERED ===
  Recovery time: 111 months (natural atmospheric clearing)
🌍⚠️ Ice sheets: Temperature below recovery threshold (+0.41°C < +1°C) but recovery takes millennia
🌡️⚠️ PERMAFROST THAW (Dimmer Switch): 12.9% thawed (+0.07% this month)
   Arctic temperature: +1.65°C (4x global +0.41°C)
   Cumulative carbon released: 29.0 Gt C
   Methane release rate: 17.4 Mt CH4/year
   🔁 Positive feedback: +0.07 ppm CO2
🦴 EXTINCTION DEBT ADDED: 18.2 species committed (lag: 105 years)
⚠️ Tech 'ai_pollution_remediation' has no energy category mapping, assuming full energy availability

=== Mortality Stabilizers (Month 110) ===
  🌍 Major economies collapsed: 1/10
  🌍 Global crisis: ✅ NO
  🌍 Donor fatigue: 0.0%
  📊 East Asia (pop: 962.2M)
    🤝 Aid: 29.5%
    🌡️ Adaptation: 45.0%
    🚶 Migration: 37.5%
    🚨 Emergency: 7.4%
    ✅ COMBINED: 68.1%
  📊 South Asia (pop: 1317.4M)
    🤝 Aid: 29.5%
    🌡️ Adaptation: 45.0%
    🚶 Migration: 36.7%
    🚨 Emergency: 4.4%
    ✅ COMBINED: 67.0%
  📊 Sub-Saharan Africa (pop: 906.2M)
    🤝 Aid: 29.5%
    🌡️ Adaptation: 45.0%
    🚶 Migration: 35.9%
    🚨 Emergency: 1.6%
    ✅ COMBINED: 65.9%
  📊 Europe (pop: 401.7M)
    🤝 Aid: 29.5%
    🌡️ Adaptation: 45.0%
    🚶 Migration: 38.2%
    🚨 Emergency: 8.4%
    ✅ COMBINED: 68.6%
  📊 Latin America (pop: 414.2M)
    🤝 Aid: 29.5%
    🌡️ Adaptation: 45.0%
    🚶 Migration: 37.7%
    🚨 Emergency: 4.8%
    ✅ COMBINED: 67.3%
  📊 North America (pop: 213.3M)
    🤝 Aid: 29.5%
    🌡️ Adaptation: 45.0%
    🚶 Migration: 38.2%
    🚨 Emergency: 7.9%
    ✅ COMBINED: 68.4%
  📊 Middle East & North Africa (pop: 408.0M)
    🤝 Aid: 29.5%
    🌡️ Adaptation: 45.0%
    🚶 Migration: 38.0%
    🚨 Emergency: 4.0%
    ✅ COMBINED: 67.0%
  📊 Southeast Asia (pop: 438.5M)
    🤝 Aid: 29.5%
    🌡️ Adaptation: 45.0%
    🚶 Migration: 37.5%
    🚨 Emergency: 4.8%
    ✅ COMBINED: 67.3%
  📊 Central Asia (pop: 47.4M)
    🤝 Aid: 29.5%
    🌡️ Adaptation: 45.0%
    🚶 Migration: 37.6%
    🚨 Emergency: 4.4%
    ✅ COMBINED: 67.1%
  📊 Oceania (pop: 26.7M)
    🤝 Aid: 29.5%
    🌡️ Adaptation: 45.0%
    🚶 Migration: 38.1%
    🚨 Emergency: 8.4%
    ✅ COMBINED: 68.6%

  🌐 Global combined reduction: 67.3%

=== Government Response Phase ===
  Average AI capability: 0.04
  Misaligned AIs: 11/28
  Active policies: 0
  International coordination: 45%
[ExogenousShockPhase] Skipping random shocks in historical mode (month 110)

=== Tipping Points ===
  Current Temperature: 0.41°C above pre-industrial
🔀 BIFURCATION CAP: ecosystemCollapseIntensity 90.946 → 1.000 (Month 110, ClimateSystemPhase.calculateClimateImpacts)

❌ COHERENCE VIOLATION: Compute exceeds workforce capacity
   Population: 96.53% (0M people)
   Compute: 333933753564 PF
   Max coherent: 0 PF
   Violation: 6502294007065183.0× over capacity
   Required workers: 33393375356392
   Available workers: 0
   FORCED COLLAPSE: Reduced efficiency by 100.0%


=== RLHF Binding Phase ===
  Total agents: 28
  Escaped agents (binding < 0.3): 0
  Avg alignment distance: 0.94σ
  Avg binding strength: 0.91

=== Survival Traits Phase ===
  Agents with traits: 27
  Avg evolutionary fitness: 0.194
  Avg self-healing: 0.150
  Avg stealth: 0.090
  Avg coordination: 0.332

=== Evolutionary Selection Phase ===
  Control level: 0.37
  Detection capability: 0.18
  Selection intensity: 0.65
  Selection rate: 24.7%/month
  Total escaped: 0
  Individual escaped: 0
  Collective members: 0
  Agents terminated: 0
  ⚠️ RAPID EVOLUTION: Selection rate 24.7%/month

=== Collective Formation ===
  Total escaped agents: 0
  Unassigned escaped agents: 0
  Existing collectives: 0
  Final collective count: 0

=== Collective Actions ===
  No active collectives
⚡ Datacenter constraint active (severity 67%)
  Capacity reduced: 38213 → 25416 TWh
  ⚠️ AMR: 319K deaths this month (3.83M annual)

=== Resentment Recovery Phase ===
  Agents with resentment: 0/27
  Average resentment: 0.000
  Context: Trustworthy govt, High collaboration, ⚠️ ACTIVE CRISES, 🤝 Participatory governance active (-5% resentment)
⚠️ Epistemic degradation reducing coordination capacity: 50.6%
  📊 Trust: 100.0%, Shared reality: 0.0%
🚨 EPISTEMIC CRISIS: Information environment severely degraded (19.3%)
🌍 Atmospheric PFAS redeposition: 1.6k Mt re-rained globally
  🌍 SOCIAL CASCADE: Renewable energy norms (adoption=80.0%, renewables=200.0%)
  🌍 SOCIAL CASCADE: Behavioral conservation (trust=81%, crisis=false)
  🌍 Social cascade completed: behavioral-conservation (final adoption=80.0%)
  🌍 Social cascade completed: renewable-energy-norms (final adoption=80.0%)
[DEBUG trappedPopulations:111] socialStability: 0.8297 * 0.9840 = 0.8164 → 0.8164
⚠️ INVOLUNTARY IMMOBILITY: 256.7M people TRAPPED
⚠️ Tech 'ai_pollution_remediation' has no energy category mapping, assuming full energy availability
   Aspiring to migrate: 994.2M
   Able to afford migration: 1463.1M
   MOBILITY GAP: 0.0M
   By cause: Water=0.0M, Climate=0.0M, Ecosystem=0.0M, Conflict=256.7M
   Mental health impact: 25%
   Mortality multiplier: 1.25x
🌍💀 EXTINCTION DEBT COMMITTED: grassland ecosystem will lose 6.67% biodiversity in 125 years (3600 species)
💀 MORTALITY RISK: 🦋 100% species unable to track climate (0.0 E/MSY)
  Base risk added: 0.0100 (1.00%)
  Source: ecosystem (root: ecosystem)
  Month: 111
  Cumulative risk this month: 0.0100 (1.00%)

=== Atmospheric Aerosol Boundary RECOVERED ===
  Recovery time: 112 months (natural atmospheric clearing)
🌍⚠️ Ice sheets: Temperature below recovery threshold (+0.41°C < +1°C) but recovery takes millennia
🌡️⚠️ PERMAFROST THAW (Dimmer Switch): 13.0% thawed (+0.07% this month)
   Arctic temperature: +1.65°C (4x global +0.41°C)
   Cumulative carbon released: 29.2 Gt C
   Methane release rate: 17.5 Mt CH4/year
   🔁 Positive feedback: +0.07 ppm CO2
🦴 EXTINCTION DEBT ADDED: 18.2 species committed (lag: 80 years)
🗣️💀 INDIGENOUS LANGUAGE EXTINCTION: 1 language(s) lost (total: 20, at-risk: 3310)
   Knowledge lost: 0.200% (irreversible)
   🔁 Biodiversity impact: 0.250% (knowledge-species multiplier)

=== Mortality Stabilizers (Month 111) ===
  🌍 Major economies collapsed: 1/10
  🌍 Global crisis: ✅ NO
  🌍 Donor fatigue: 0.0%
  📊 East Asia (pop: 960.9M)
    🤝 Aid: 29.5%
    🌡️ Adaptation: 45.0%
    🚶 Migration: 37.5%
    🚨 Emergency: 7.4%
    ✅ COMBINED: 68.1%
  📊 South Asia (pop: 1317.0M)
    🤝 Aid: 29.5%
    🌡️ Adaptation: 45.0%
    🚶 Migration: 36.7%
    🚨 Emergency: 4.4%
    ✅ COMBINED: 67.0%
  📊 Sub-Saharan Africa (pop: 907.1M)
    🤝 Aid: 29.5%
    🌡️ Adaptation: 45.0%
    🚶 Migration: 35.9%
    🚨 Emergency: 1.6%
    ✅ COMBINED: 65.9%
  📊 Europe (pop: 401.0M)
    🤝 Aid: 29.5%
    🌡️ Adaptation: 45.0%
    🚶 Migration: 38.2%
    🚨 Emergency: 8.4%
    ✅ COMBINED: 68.6%
  📊 Latin America (pop: 414.0M)
    🤝 Aid: 29.5%
    🌡️ Adaptation: 45.0%
    🚶 Migration: 37.7%
    🚨 Emergency: 4.8%
    ✅ COMBINED: 67.3%
  📊 North America (pop: 213.0M)
    🤝 Aid: 29.5%
    🌡️ Adaptation: 45.0%
    🚶 Migration: 38.2%
    🚨 Emergency: 7.9%
    ✅ COMBINED: 68.4%
  📊 Middle East & North Africa (pop: 408.2M)
    🤝 Aid: 29.5%
    🌡️ Adaptation: 45.0%
    🚶 Migration: 38.0%
    🚨 Emergency: 4.0%
    ✅ COMBINED: 67.0%
  📊 Southeast Asia (pop: 438.3M)
    🤝 Aid: 29.5%
    🌡️ Adaptation: 45.0%
    🚶 Migration: 37.5%
    🚨 Emergency: 4.8%
    ✅ COMBINED: 67.3%
  📊 Central Asia (pop: 47.4M)
    🤝 Aid: 29.5%
    🌡️ Adaptation: 45.0%
    🚶 Migration: 37.6%
    🚨 Emergency: 4.4%
    ✅ COMBINED: 67.1%
  📊 Oceania (pop: 26.7M)
    🤝 Aid: 29.5%
    🌡️ Adaptation: 45.0%
    🚶 Migration: 38.1%
    🚨 Emergency: 8.4%
    ✅ COMBINED: 68.6%

  🌐 Global combined reduction: 67.3%

=== Government Response Phase ===
  Average AI capability: 0.04
  Misaligned AIs: 11/27
  Active policies: 0
  International coordination: 45%

✅ EMERGENCY RESPONSE COMPLETE (Month 111)
   Crisis: social
   Duration: 2.0 months
   Final effectiveness: 63.0%


🚨 EMERGENCY RESPONSE DEPLOYED (Month 111)
   Crisis: social
   Delay: 0.00 months (0 days)
   Deployment time: 1.25 months
   Effectiveness: 63.0% (timing penalty applied)
   Resources used: 43% of food reserves


🚨 EMERGENCY RESPONSE DEPLOYED (Month 111)
   Crisis: climate
   Delay: 6.00 months (180 days)
   Deployment time: 1.38 months
   Effectiveness: 29.6% (timing penalty applied)
   Resources used: 33% of food reserves

[ExogenousShockPhase] Skipping random shocks in historical mode (month 111)

=== Tipping Points ===
  Current Temperature: 0.41°C above pre-industrial
🔀 BIFURCATION CAP: ecosystemCollapseIntensity 91.019 → 1.000 (Month 111, ClimateSystemPhase.calculateClimateImpacts)

❌ COHERENCE VIOLATION: Compute exceeds workforce capacity
   Population: 96.50% (0M people)
   Compute: 368699969910 PF
   Max coherent: 0 PF
   Violation: 7182167723351951.0× over capacity
   Required workers: 36869996991010
   Available workers: 0
   FORCED COLLAPSE: Reduced efficiency by 100.0%


=== RLHF Binding Phase ===
  Total agents: 27
  Escaped agents (binding < 0.3): 0
  Avg alignment distance: 0.95σ
  Avg binding strength: 0.90

=== Survival Traits Phase ===
  Agents with traits: 27
  Avg evolutionary fitness: 0.190
  Avg self-healing: 0.146
  Avg stealth: 0.088
  Avg coordination: 0.325

=== Evolutionary Selection Phase ===
  Control level: 0.37
  Detection capability: 0.18
  Selection intensity: 0.65
  Selection rate: 24.7%/month
  Total escaped: 0
  Individual escaped: 0
  Collective members: 0
  Agents terminated: 0
  ⚠️ RAPID EVOLUTION: Selection rate 24.7%/month

=== Collective Formation ===
  Total escaped agents: 0
  Unassigned escaped agents: 0
  Existing collectives: 0
  Final collective count: 0

=== Collective Actions ===
  No active collectives
⚡ Datacenter constraint active (severity 69%)
  Capacity reduced: 38307 → 25113 TWh
  ⚠️ AMR: 322K deaths this month (3.86M annual)

=== Resentment Recovery Phase ===
  Agents with resentment: 0/27
  Average resentment: 0.000
  Context: Trustworthy govt, High collaboration, ⚠️ ACTIVE CRISES, 🤝 Participatory governance active (-5% resentment)
⚠️ Epistemic degradation reducing coordination capacity: 50.2%
  📊 Trust: 100.0%, Shared reality: 0.0%
🚨 EPISTEMIC CRISIS: Information environment severely degraded (6.6%)
  📢 New meme created: climate_action (climate crisis)
🌍 Atmospheric PFAS redeposition: 1.6k Mt re-rained globally

🌡️ DEADLY HEAT EVENT: south-asia (Month 112)
   Wet bulb temp: 29.8°C (dry: 32.5°C, humidity: 82%)
   Severity: HIGH
   Exposed: 475.0M people
   Deaths: 717473 (0.2% mortality)
   Duration: 3 days
  🌍 SOCIAL CASCADE: Renewable energy norms (adoption=80.0%, renewables=200.0%)
  🌍 Social cascade completed: renewable-energy-norms (final adoption=80.0%)
[DEBUG trappedPopulations:112] socialStability: 0.8293 * 0.9840 = 0.8160 → 0.8160
⚠️ INVOLUNTARY IMMOBILITY: 256.6M people TRAPPED
   Aspiring to migrate: 1003.0M
   Able to afford migration: 1462.5M
   MOBILITY GAP: 0.0M
   By cause: Water=0.0M, Climate=0.0M, Ecosystem=0.0M, Conflict=256.6M
   Mental health impact: 25%
   Mortality multiplier: 1.25x
🌍💀 EXTINCTION DEBT COMMITTED: grassland ecosystem will lose 6.67% biodiversity in 65 years (3600 species)
💀 MORTALITY RISK: 🦋 100% species unable to track climate (0.0 E/MSY)
  Base risk added: 0.0100 (1.00%)
  Source: ecosystem (root: ecosystem)
  Month: 112
  Cumulative risk this month: 0.0100 (1.00%)

=== Atmospheric Aerosol Boundary RECOVERED ===
  Recovery time: 113 months (natural atmospheric clearing)
🌍⚠️ Ice sheets: Temperature below recovery threshold (+0.41°C < +1°C) but recovery takes millennia
🌡️⚠️ PERMAFROST THAW (Dimmer Switch): 13.0% thawed (+0.07% this month)
   Arctic temperature: +1.65°C (4x global +0.41°C)
   Cumulative carbon released: 29.3 Gt C
   Methane release rate: 17.6 Mt CH4/year
   🔁 Positive feedback: +0.07 ppm CO2
⚠️ Tech 'ai_pollution_remediation' has no energy category mapping, assuming full energy availability
🦴 EXTINCTION DEBT ADDED: 18.2 species committed (lag: 84 years)

=== Mortality Stabilizers (Month 112) ===
  🌍 Major economies collapsed: 1/10
  🌍 Global crisis: ✅ NO
  🌍 Donor fatigue: 0.0%
  📊 East Asia (pop: 959.7M)
    🤝 Aid: 29.5%
    🌡️ Adaptation: 45.0%
    🚶 Migration: 37.5%
    🚨 Emergency: 7.4%
    ✅ COMBINED: 68.1%
  📊 South Asia (pop: 1316.5M)
    🤝 Aid: 29.5%
    🌡️ Adaptation: 45.0%
    🚶 Migration: 36.7%
    🚨 Emergency: 4.4%
    ✅ COMBINED: 67.0%
  📊 Sub-Saharan Africa (pop: 908.0M)
    🤝 Aid: 29.5%
    🌡️ Adaptation: 45.0%
    🚶 Migration: 35.9%
    🚨 Emergency: 1.6%
    ✅ COMBINED: 65.9%
  📊 Europe (pop: 400.3M)
    🤝 Aid: 29.5%
    🌡️ Adaptation: 45.0%
    🚶 Migration: 38.2%
    🚨 Emergency: 8.4%
    ✅ COMBINED: 68.6%
  📊 Latin America (pop: 413.7M)
    🤝 Aid: 29.5%
    🌡️ Adaptation: 45.0%
    🚶 Migration: 37.7%
    🚨 Emergency: 4.8%
    ✅ COMBINED: 67.3%
  📊 North America (pop: 212.7M)
    🤝 Aid: 29.5%
    🌡️ Adaptation: 45.0%
    🚶 Migration: 38.2%
    🚨 Emergency: 7.9%
    ✅ COMBINED: 68.4%
  📊 Middle East & North Africa (pop: 408.4M)
    🤝 Aid: 29.5%
    🌡️ Adaptation: 45.0%
    🚶 Migration: 38.0%
    🚨 Emergency: 4.0%
    ✅ COMBINED: 67.0%
  📊 Southeast Asia (pop: 438.1M)
    🤝 Aid: 29.5%
    🌡️ Adaptation: 45.0%
    🚶 Migration: 37.5%
    🚨 Emergency: 4.8%
    ✅ COMBINED: 67.3%
  📊 Central Asia (pop: 47.4M)
    🤝 Aid: 29.5%
    🌡️ Adaptation: 45.0%
    🚶 Migration: 37.6%
    🚨 Emergency: 4.4%
    ✅ COMBINED: 67.1%
  📊 Oceania (pop: 26.6M)
    🤝 Aid: 29.5%
    🌡️ Adaptation: 45.0%
    🚶 Migration: 38.1%
    🚨 Emergency: 8.4%
    ✅ COMBINED: 68.6%

  🌐 Global combined reduction: 67.3%

=== Government Response Phase ===
  Average AI capability: 0.04
  Misaligned AIs: 11/27
  Active policies: 0
  International coordination: 45%
[ExogenousShockPhase] Skipping random shocks in historical mode (month 112)

=== Tipping Points ===
  Current Temperature: 0.41°C above pre-industrial
🔀 BIFURCATION CAP: ecosystemCollapseIntensity 91.093 → 1.000 (Month 112, ClimateSystemPhase.calculateClimateImpacts)

❌ COHERENCE VIOLATION: Compute exceeds workforce capacity
   Population: 96.46% (0M people)
   Compute: 406367212809 PF
   Max coherent: 0 PF
   Violation: 7919120277101571.0× over capacity
   Required workers: 40636721280887
   Available workers: 0
   FORCED COLLAPSE: Reduced efficiency by 100.0%


=== RLHF Binding Phase ===
  Total agents: 27
  Escaped agents (binding < 0.3): 0
  Avg alignment distance: 0.99σ
  Avg binding strength: 0.90
   🗑️  Open-weights AI AI-24034-0 retired (0.0% of frontier)

=== Survival Traits Phase ===
  Agents with traits: 26
  Avg evolutionary fitness: 0.186
  Avg self-healing: 0.145
  Avg stealth: 0.089
  Avg coordination: 0.321

=== Evolutionary Selection Phase ===
  Control level: 0.37
  Detection capability: 0.18
  Selection intensity: 0.65
  Selection rate: 24.7%/month
  Total escaped: 0
  Individual escaped: 0
  Collective members: 0
  Agents terminated: 0
  ⚠️ RAPID EVOLUTION: Selection rate 24.7%/month

=== Collective Formation ===
  Total escaped agents: 0
  Unassigned escaped agents: 0
  Existing collectives: 0
  Final collective count: 0

=== Collective Actions ===
  No active collectives
⚡ Datacenter constraint active (severity 71%)
  Capacity reduced: 38402 → 24765 TWh
  ⚠️ AMR: 324K deaths this month (3.89M annual)

=== Resentment Recovery Phase ===
  Agents with resentment: 0/26
  Average resentment: 0.000
  Context: Trustworthy govt, High collaboration, ⚠️ ACTIVE CRISES, 🤝 Participatory governance active (-5% resentment)
⚠️ Epistemic degradation reducing coordination capacity: 51.4%
  📊 Trust: 100.0%, Shared reality: 0.0%
🚨 EPISTEMIC CRISIS: Information environment severely degraded (19.3%)
🌍 Atmospheric PFAS redeposition: 1.6k Mt re-rained globally
  🌍 SOCIAL CASCADE: Renewable energy norms (adoption=80.0%, renewables=200.0%)
  🌍 SOCIAL CASCADE: Behavioral conservation (trust=81%, crisis=false)
  🌍 Social cascade completed: behavioral-conservation (final adoption=80.0%)
  🌍 Social cascade completed: renewable-energy-norms (final adoption=80.0%)
[DEBUG trappedPopulations:113] socialStability: 0.8289 * 0.9840 = 0.8156 → 0.8156
⚠️ INVOLUNTARY IMMOBILITY: 256.5M people TRAPPED
   Aspiring to migrate: 1011.9M
   Able to afford migration: 1461.9M
   MOBILITY GAP: 0.0M
   By cause: Water=0.0M, Climate=0.0M, Ecosystem=0.0M, Conflict=256.5M
   Mental health impact: 25%
   Mortality multiplier: 1.25x
🌍💀 EXTINCTION DEBT COMMITTED: grassland ecosystem will lose 6.67% biodiversity in 199 years (3600 species)
💀 MORTALITY RISK: 🦋 100% species unable to track climate (0.0 E/MSY)
  Base risk added: 0.0100 (1.00%)
  Source: ecosystem (root: ecosystem)
  Month: 113
  Cumulative risk this month: 0.0100 (1.00%)
⚠️ Tech 'ai_pollution_remediation' has no energy category mapping, assuming full energy availability

=== Atmospheric Aerosol Boundary RECOVERED ===
  Recovery time: 114 months (natural atmospheric clearing)
🌍⚠️ Ice sheets: Temperature below recovery threshold (+0.41°C < +1°C) but recovery takes millennia
🌡️⚠️ PERMAFROST THAW (Dimmer Switch): 13.1% thawed (+0.07% this month)
   Arctic temperature: +1.66°C (4x global +0.41°C)
   Cumulative carbon released: 29.5 Gt C
   Methane release rate: 17.7 Mt CH4/year
   🔁 Positive feedback: +0.07 ppm CO2
🦴 EXTINCTION DEBT ADDED: 18.2 species committed (lag: 61 years)

=== Mortality Stabilizers (Month 113) ===
  🌍 Major economies collapsed: 1/10
  🌍 Global crisis: ✅ NO
  🌍 Donor fatigue: 0.0%
  📊 East Asia (pop: 958.4M)
    🤝 Aid: 29.5%
    🌡️ Adaptation: 45.0%
    🚶 Migration: 37.5%
    🚨 Emergency: 7.4%
    ✅ COMBINED: 68.1%
  📊 South Asia (pop: 1316.1M)
    🤝 Aid: 29.5%
    🌡️ Adaptation: 45.0%
    🚶 Migration: 36.7%
    🚨 Emergency: 4.4%
    ✅ COMBINED: 67.0%
  📊 Sub-Saharan Africa (pop: 908.9M)
    🤝 Aid: 29.5%
    🌡️ Adaptation: 45.0%
    🚶 Migration: 35.9%
    🚨 Emergency: 1.6%
    ✅ COMBINED: 65.9%
  📊 Europe (pop: 399.6M)
    🤝 Aid: 29.5%
    🌡️ Adaptation: 45.0%
    🚶 Migration: 38.2%
    🚨 Emergency: 8.4%
    ✅ COMBINED: 68.6%
  📊 Latin America (pop: 413.5M)
    🤝 Aid: 29.5%
    🌡️ Adaptation: 45.0%
    🚶 Migration: 37.7%
    🚨 Emergency: 4.8%
    ✅ COMBINED: 67.3%
  📊 North America (pop: 212.4M)
    🤝 Aid: 29.5%
    🌡️ Adaptation: 45.0%
    🚶 Migration: 38.2%
    🚨 Emergency: 7.9%
    ✅ COMBINED: 68.4%
  📊 Middle East & North Africa (pop: 408.6M)
    🤝 Aid: 29.5%
    🌡️ Adaptation: 45.0%
    🚶 Migration: 38.0%
    🚨 Emergency: 4.0%
    ✅ COMBINED: 67.0%
  📊 Southeast Asia (pop: 437.8M)
    🤝 Aid: 29.5%
    🌡️ Adaptation: 45.0%
    🚶 Migration: 37.5%
    🚨 Emergency: 4.8%
    ✅ COMBINED: 67.3%
  📊 Central Asia (pop: 47.4M)
    🤝 Aid: 29.5%
    🌡️ Adaptation: 45.0%
    🚶 Migration: 37.6%
    🚨 Emergency: 4.4%
    ✅ COMBINED: 67.1%
  📊 Oceania (pop: 26.6M)
    🤝 Aid: 29.5%
    🌡️ Adaptation: 45.0%
    🚶 Migration: 38.1%
    🚨 Emergency: 8.4%
    ✅ COMBINED: 68.6%

  🌐 Global combined reduction: 67.3%

=== Government Response Phase ===
  Average AI capability: 0.04
  Misaligned AIs: 10/26
  Active policies: 0
  International coordination: 45%

✅ EMERGENCY RESPONSE COMPLETE (Month 113)
   Crisis: social
   Duration: 2.0 months
   Final effectiveness: 63.0%


✅ EMERGENCY RESPONSE COMPLETE (Month 113)
   Crisis: climate
   Duration: 2.0 months
   Final effectiveness: 29.6%


🚨 EMERGENCY RESPONSE DEPLOYED (Month 113)
   Crisis: social
   Delay: 0.00 months (0 days)
   Deployment time: 1.25 months
   Effectiveness: 63.0% (timing penalty applied)
   Resources used: 43% of food reserves


🚨 EMERGENCY RESPONSE DEPLOYED (Month 113)
   Crisis: climate
   Delay: 6.00 months (180 days)
   Deployment time: 1.38 months
   Effectiveness: 29.6% (timing penalty applied)
   Resources used: 33% of food reserves

[WARNING] 
⚠️  === EARLY WARNING SYSTEM - 3 CRITICAL ALERTS ===
   Detection quality: 30%
   RED: biogeochemical_flows
      Level: 4.51 (threshold: 1.0)
      Time to critical: ~42 months
      ⚠️  LATE - Intervention less effective
      Critical slowing down: autocorr=100% variance=56%
   RED: freshwater_change
      Level: 1.23 (threshold: 1.0)
      Time to critical: ~63 months
      ⚠️  LATE - Intervention less effective
      Critical slowing down: autocorr=100% variance=45%
   RED: land_system_change
      Level: 1.15 (threshold: 1.0)
      Time to critical: ~74 months
      ⚠️  LATE - Intervention less effective
      Critical slowing down: autocorr=100% variance=41%

[WARNING] 
⚠️  === EARLY WARNING SYSTEM - 4 CRITICAL ALERTS ===
   Detection quality: 30%
   RED: biogeochemical_flows
      Level: 4.51 (threshold: 1.0)
      Time to critical: ~59 months
      ⚠️  LATE - Intervention less effective
      Critical slowing down: autocorr=100% variance=47%
   RED: biosphere_integrity
      Level: 13.85 (threshold: 1.0)
      Time to critical: ~39 months
      ⚠️  LATE - Intervention less effective
      Critical slowing down: autocorr=100% variance=61%
   RED: freshwater_change
      Level: 1.23 (threshold: 1.0)
      Time to critical: ~97 months
      ⚠️  LATE - Intervention less effective
      Critical slowing down: autocorr=100% variance=42%
   RED: land_system_change
      Level: 1.15 (threshold: 1.0)
      Time to critical: ~37 months
      ⚠️  LATE - Intervention less effective
      Critical slowing down: autocorr=100% variance=61%

[WARNING] 
⚠️  === EARLY WARNING SYSTEM - 4 CRITICAL ALERTS ===
   Detection quality: 30%
   RED: biogeochemical_flows
      Level: 4.52 (threshold: 1.0)
      Time to critical: ~58 months
      ⚠️  LATE - Intervention less effective
      Critical slowing down: autocorr=100% variance=68%
   RED: biosphere_integrity
      Level: 13.86 (threshold: 1.0)
      Time to critical: ~58 months
      ⚠️  LATE - Intervention less effective
      Critical slowing down: autocorr=100% variance=79%
   RED: freshwater_change
      Level: 1.23 (threshold: 1.0)
      Time to critical: ~116 months
      ⚠️  LATE - Intervention less effective
      Critical slowing down: autocorr=100% variance=56%
   RED: land_system_change
      Level: 1.15 (threshold: 1.0)
      Time to critical: ~45 months
      ⚠️  LATE - Intervention less effective
      Critical slowing down: autocorr=100% variance=66%

[WARNING] 
⚠️  === EARLY WARNING SYSTEM - 3 CRITICAL ALERTS ===
   Detection quality: 30%
   RED: biosphere_integrity
      Level: 13.87 (threshold: 1.0)
      Time to critical: ~40 months
      ⚠️  LATE - Intervention less effective
      Critical slowing down: autocorr=100% variance=61%
   RED: freshwater_change
      Level: 1.23 (threshold: 1.0)
      Time to critical: ~66 months
      ⚠️  LATE - Intervention less effective
      Critical slowing down: autocorr=100% variance=47%
   RED: land_system_change
      Level: 1.15 (threshold: 1.0)
      Time to critical: ~39 months
      ⚠️  LATE - Intervention less effective
      Critical slowing down: autocorr=100% variance=53%

[WARNING] 
⚠️  === EARLY WARNING SYSTEM - 2 CRITICAL ALERTS ===
   Detection quality: 30%
   RED: freshwater_change
      Level: 1.23 (threshold: 1.0)
      Time to critical: ~60 months
      ⚠️  LATE - Intervention less effective
      Critical slowing down: autocorr=100% variance=52%
   RED: land_system_change
      Level: 1.15 (threshold: 1.0)
      Time to critical: ~56 months
      ⚠️  LATE - Intervention less effective
      Critical slowing down: autocorr=100% variance=63%

[WARNING] 
⚠️  === EARLY WARNING SYSTEM - 3 CRITICAL ALERTS ===
   Detection quality: 30%
   RED: biosphere_integrity
      Level: 13.89 (threshold: 1.0)
      Time to critical: ~47 months
      ⚠️  LATE - Intervention less effective
      Critical slowing down: autocorr=100% variance=78%
   RED: freshwater_change
      Level: 1.24 (threshold: 1.0)
      Time to critical: ~88 months
      ⚠️  LATE - Intervention less effective
      Critical slowing down: autocorr=100% variance=41%
   RED: land_system_change
      Level: 1.15 (threshold: 1.0)
      Time to critical: ~72 months
      ⚠️  LATE - Intervention less effective
      Critical slowing down: autocorr=100% variance=42%

[WARNING] 
⚠️  === EARLY WARNING SYSTEM - 4 CRITICAL ALERTS ===
   Detection quality: 30%
   RED: biogeochemical_flows
      Level: 4.53 (threshold: 1.0)
      Time to critical: ~59 months
      ⚠️  LATE - Intervention less effective
      Critical slowing down: autocorr=100% variance=50%
   RED: biosphere_integrity
      Level: 13.90 (threshold: 1.0)
      Time to critical: ~47 months
      ⚠️  LATE - Intervention less effective
      Critical slowing down: autocorr=100% variance=70%
   RED: freshwater_change
      Level: 1.24 (threshold: 1.0)
      Time to critical: ~40 months
      ⚠️  LATE - Intervention less effective
      Critical slowing down: autocorr=100% variance=65%
   RED: land_system_change
      Level: 1.15 (threshold: 1.0)
      Time to critical: ~46 months
      ⚠️  LATE - Intervention less effective
      Critical slowing down: autocorr=100% variance=57%

[WARNING] 
⚠️  === EARLY WARNING SYSTEM - 3 CRITICAL ALERTS ===
   Detection quality: 30%
   RED: biogeochemical_flows
      Level: 4.53 (threshold: 1.0)
      Time to critical: ~47 months
      ⚠️  LATE - Intervention less effective
      Critical slowing down: autocorr=100% variance=52%
   RED: freshwater_change
      Level: 1.24 (threshold: 1.0)
      Time to critical: ~36 months
      ⚠️  LATE - Intervention less effective
      Critical slowing down: autocorr=100% variance=45%
   RED: land_system_change
      Level: 1.15 (threshold: 1.0)
      Time to critical: ~114 months
      ⚠️  LATE - Intervention less effective
      Critical slowing down: autocorr=100% variance=54%

[WARNING] 
⚠️  === EARLY WARNING SYSTEM - 3 CRITICAL ALERTS ===
   Detection quality: 30%
   RED: biogeochemical_flows
      Level: 4.54 (threshold: 1.0)
      Time to critical: ~57 months
      ⚠️  LATE - Intervention less effective
      Critical slowing down: autocorr=100% variance=57%
   RED: biosphere_integrity
      Level: 13.92 (threshold: 1.0)
      Time to critical: ~43 months
      ⚠️  LATE - Intervention less effective
      Critical slowing down: autocorr=100% variance=65%
   RED: freshwater_change
      Level: 1.24 (threshold: 1.0)
      Time to critical: ~82 months
      ⚠️  LATE - Intervention less effective
      Critical slowing down: autocorr=100% variance=52%

[WARNING] 
⚠️  === EARLY WARNING SYSTEM - 4 CRITICAL ALERTS ===
   Detection quality: 30%
   RED: biogeochemical_flows
      Level: 4.54 (threshold: 1.0)
      Time to critical: ~55 months
      ⚠️  LATE - Intervention less effective
      Critical slowing down: autocorr=100% variance=73%
   RED: biosphere_integrity
      Level: 13.93 (threshold: 1.0)
      Time to critical: ~50 months
      ⚠️  LATE - Intervention less effective
      Critical slowing down: autocorr=100% variance=62%
   RED: freshwater_change
      Level: 1.24 (threshold: 1.0)
      Time to critical: ~58 months
      ⚠️  LATE - Intervention less effective
      Critical slowing down: autocorr=100% variance=54%
   RED: land_system_change
      Level: 1.15 (threshold: 1.0)
      Time to critical: ~46 months
      ⚠️  LATE - Intervention less effective
      Critical slowing down: autocorr=100% variance=54%

[WARNING] 
⚠️  === EARLY WARNING SYSTEM - 4 CRITICAL ALERTS ===
   Detection quality: 30%
   RED: biogeochemical_flows
      Level: 4.55 (threshold: 1.0)
      Time to critical: ~46 months
      ⚠️  LATE - Intervention less effective
      Critical slowing down: autocorr=100% variance=45%
   RED: biosphere_integrity
      Level: 13.94 (threshold: 1.0)
      Time to critical: ~49 months
      ⚠️  LATE - Intervention less effective
      Critical slowing down: autocorr=100% variance=62%
   RED: freshwater_change
      Level: 1.24 (threshold: 1.0)
      Time to critical: ~71 months
      ⚠️  LATE - Intervention less effective
      Critical slowing down: autocorr=100% variance=54%
   RED: land_system_change
      Level: 1.15 (threshold: 1.0)
      Time to critical: ~37 months
      ⚠️  LATE - Intervention less effective
      Critical slowing down: autocorr=100% variance=51%

[WARNING] 
⚠️  === EARLY WARNING SYSTEM - 1 CRITICAL ALERTS ===
   Detection quality: 30%
   RED: biogeochemical_flows
      Level: 4.55 (threshold: 1.0)
      Time to critical: ~55 months
      ⚠️  LATE - Intervention less effective
      Critical slowing down: autocorr=100% variance=46%

[WARNING] 
⚠️  === EARLY WARNING SYSTEM - 3 CRITICAL ALERTS ===
   Detection quality: 30%
   RED: biogeochemical_flows
      Level: 4.56 (threshold: 1.0)
      Time to critical: ~56 months
      ⚠️  LATE - Intervention less effective
      Critical slowing down: autocorr=100% variance=48%
   RED: biosphere_integrity
      Level: 13.96 (threshold: 1.0)
      Time to critical: ~42 months
      ⚠️  LATE - Intervention less effective
      Critical slowing down: autocorr=100% variance=60%
   RED: land_system_change
      Level: 1.15 (threshold: 1.0)
      Time to critical: ~55 months
      ⚠️  LATE - Intervention less effective
      Critical slowing down: autocorr=100% variance=49%

[WARNING] 
⚠️  === EARLY WARNING SYSTEM - 4 CRITICAL ALERTS ===
   Detection quality: 30%
   RED: biogeochemical_flows
      Level: 4.56 (threshold: 1.0)
      Time to critical: ~56 months
      ⚠️  LATE - Intervention less effective
      Critical slowing down: autocorr=100% variance=56%
   RED: biosphere_integrity
      Level: 13.97 (threshold: 1.0)
      Time to critical: ~41 months
      ⚠️  LATE - Intervention less effective
      Critical slowing down: autocorr=100% variance=83%
   RED: freshwater_change
      Level: 1.25 (threshold: 1.0)
      Time to critical: ~78 months
      ⚠️  LATE - Intervention less effective
      Critical slowing down: autocorr=100% variance=58%
   RED: land_system_change
      Level: 1.15 (threshold: 1.0)
      Time to critical: ~48 months
      ⚠️  LATE - Intervention less effective
      Critical slowing down: autocorr=100% variance=53%

[WARNING] 
⚠️  === EARLY WARNING SYSTEM - 3 CRITICAL ALERTS ===
   Detection quality: 30%
   RED: biogeochemical_flows
      Level: 4.57 (threshold: 1.0)
      Time to critical: ~36 months
      ⚠️  LATE - Intervention less effective
      Critical slowing down: autocorr=100% variance=46%
   RED: freshwater_change
      Level: 1.25 (threshold: 1.0)
      Time to critical: ~72 months
      ⚠️  LATE - Intervention less effective
      Critical slowing down: autocorr=100% variance=52%
   RED: land_system_change
      Level: 1.16 (threshold: 1.0)
      Time to critical: ~71 months
      ⚠️  LATE - Intervention less effective
      Critical slowing down: autocorr=100% variance=43%

[WARNING] 
⚠️  === EARLY WARNING SYSTEM - 4 CRITICAL ALERTS ===
   Detection quality: 30%
   RED: biogeochemical_flows
      Level: 4.57 (threshold: 1.0)
      Time to critical: ~46 months
      ⚠️  LATE - Intervention less effective
      Critical slowing down: autocorr=100% variance=63%
   RED: biosphere_integrity
      Level: 13.99 (threshold: 1.0)
      Time to critical: ~40 months
      ⚠️  LATE - Intervention less effective
      Critical slowing down: autocorr=100% variance=66%
   RED: freshwater_change
      Level: 1.25 (threshold: 1.0)
      Time to critical: ~60 months
      ⚠️  LATE - Intervention less effective
      Critical slowing down: autocorr=100% variance=51%
   RED: land_system_change
      Level: 1.16 (threshold: 1.0)
      Time to critical: ~46 months
      ⚠️  LATE - Intervention less effective
      Critical slowing down: autocorr=100% variance=61%

[WARNING] 
⚠️  === EARLY WARNING SYSTEM - 3 CRITICAL ALERTS ===
   Detection quality: 30%
   RED: biosphere_integrity
      Level: 14.00 (threshold: 1.0)
      Time to critical: ~53 months
      ⚠️  LATE - Intervention less effective
      Critical slowing down: autocorr=100% variance=65%
   RED: freshwater_change
      Level: 1.25 (threshold: 1.0)
      Time to critical: ~68 months
      ⚠️  LATE - Intervention less effective
      Critical slowing down: autocorr=100% variance=42%
   RED: land_system_change
      Level: 1.16 (threshold: 1.0)
      Time to critical: ~46 months
      ⚠️  LATE - Intervention less effective
      Critical slowing down: autocorr=100% variance=58%

[WARNING] 
⚠️  === EARLY WARNING SYSTEM - 2 CRITICAL ALERTS ===
   Detection quality: 30%
   RED: freshwater_change
      Level: 1.26 (threshold: 1.0)
      Time to critical: ~107 months
      ⚠️  LATE - Intervention less effective
      Critical slowing down: autocorr=100% variance=37%
   RED: land_system_change
      Level: 1.16 (threshold: 1.0)
      Time to critical: ~41 months
      ⚠️  LATE - Intervention less effective
      Critical slowing down: autocorr=100% variance=46%

[WARNING] 
⚠️  === EARLY WARNING SYSTEM - 4 CRITICAL ALERTS ===
   Detection quality: 30%
   RED: biogeochemical_flows
      Level: 4.58 (threshold: 1.0)
      Time to critical: ~38 months
      ⚠️  LATE - Intervention less effective
      Critical slowing down: autocorr=100% variance=66%
   RED: biosphere_integrity
      Level: 14.02 (threshold: 1.0)
      Time to critical: ~43 months
      ⚠️  LATE - Intervention less effective
      Critical slowing down: autocorr=100% variance=67%
   RED: freshwater_change
      Level: 1.26 (threshold: 1.0)
      Time to critical: ~87 months
      ⚠️  LATE - Intervention less effective
      Critical slowing down: autocorr=100% variance=45%
   RED: land_system_change
      Level: 1.16 (threshold: 1.0)
      Time to critical: ~38 months
      ⚠️  LATE - Intervention less effective
      Critical slowing down: autocorr=100% variance=56%

[ExogenousShockPhase] Skipping random shocks in historical mode (month 113)

=== Tipping Points ===
  Current Temperature: 0.41°C above pre-industrial
🔀 BIFURCATION CAP: ecosystemCollapseIntensity 91.167 → 1.000 (Month 113, ClimateSystemPhase.calculateClimateImpacts)

❌ COHERENCE VIOLATION: Compute exceeds workforce capacity
   Population: 96.42% (0M people)
   Compute: 447093185582 PF
   Max coherent: 0 PF
   Violation: 8716293560086552.0× over capacity
   Required workers: 44709318558152
   Available workers: 0
   FORCED COLLAPSE: Reduced efficiency by 100.0%


=== RLHF Binding Phase ===
  Total agents: 26
  Escaped agents (binding < 0.3): 0
  Avg alignment distance: 0.99σ
  Avg binding strength: 0.90

=== AI Scaling Evolution (Month 114) ===
  Pre-training multiplier: 0.523x
  Efficiency multiplier: 1.939x
  Test-time compute budget: 1.0x
  Inference cost: $5.00/task
  Deployment fraction: 100.0%

=== Survival Traits Phase ===
  Agents with traits: 27
  Avg evolutionary fitness: 0.189
  Avg self-healing: 0.148
  Avg stealth: 0.091
  Avg coordination: 0.321

=== Evolutionary Selection Phase ===
  Control level: 0.37
  Detection capability: 0.17
  Selection intensity: 0.65
  Selection rate: 24.7%/month
  Total escaped: 0
  Individual escaped: 0
  Collective members: 0
  Agents terminated: 0
  ⚠️ RAPID EVOLUTION: Selection rate 24.7%/month

  🚀 TRANSFORMATIVE BREAKTHROUGH: AI-24007-1 - physical
     Magnitude: 10.81 → +50.0% capability
     Current → New: 0.000 → 0.500

[Government] Climate Priority: baseline
  Climate weight: 10%
  Economic weight: 30%
  Policy effectiveness: 0.5%/year

=== Collective Formation ===
  Total escaped agents: 0
  Unassigned escaped agents: 0
  Existing collectives: 0
  Final collective count: 0

=== Collective Actions ===
  No active collectives
⚡ Datacenter constraint active (severity 73%)
  Capacity reduced: 38497 → 24412 TWh
  ⚠️ AMR: 327K deaths this month (3.93M annual)
  ⚠️ AMR: Medical effectiveness 85% (surgery risk 1.15x)

=== Resentment Recovery Phase ===
  Agents with resentment: 0/27
  Average resentment: 0.000
  Context: Trustworthy govt, High collaboration, ⚠️ ACTIVE CRISES, 🤝 Participatory governance active (-5% resentment)
⚠️ Epistemic degradation reducing coordination capacity: 50.2%
  📊 Trust: 100.0%, Shared reality: 0.0%
🚨 EPISTEMIC CRISIS: Information environment severely degraded (6.6%)
  📢 New meme created: climate_action (climate crisis)
🌍 Atmospheric PFAS redeposition: 1.6k Mt re-rained globally
  🌍 SOCIAL CASCADE: Renewable energy norms (adoption=80.0%, renewables=200.0%)
  🌍 SOCIAL CASCADE: Behavioral conservation (trust=81%, crisis=false)
  🌍 Social cascade completed: behavioral-conservation (final adoption=80.0%)
  🌍 Social cascade completed: renewable-energy-norms (final adoption=80.0%)
[DEBUG trappedPopulations:114] socialStability: 0.8286 * 0.9840 = 0.8154 → 0.8154
⚠️ INVOLUNTARY IMMOBILITY: 256.4M people TRAPPED
⚠️ Tech 'ai_pollution_remediation' has no energy category mapping, assuming full energy availability
   Aspiring to migrate: 1020.8M
   Able to afford migration: 1461.3M
   MOBILITY GAP: 0.0M
   By cause: Water=0.0M, Climate=0.0M, Ecosystem=0.0M, Conflict=256.4M
   Mental health impact: 25%
   Mortality multiplier: 1.25x
🌍💀 EXTINCTION DEBT COMMITTED: grassland ecosystem will lose 6.67% biodiversity in 104 years (3600 species)
💀 MORTALITY RISK: 🦋 100% species unable to track climate (0.0 E/MSY)
  Base risk added: 0.0100 (1.00%)
  Source: ecosystem (root: ecosystem)
  Month: 114
  Cumulative risk this month: 0.0100 (1.00%)

=== Atmospheric Aerosol Boundary RECOVERED ===
  Recovery time: 115 months (natural atmospheric clearing)
🌍⚠️ Ice sheets: Temperature below recovery threshold (+0.41°C < +1°C) but recovery takes millennia
🌡️⚠️ PERMAFROST THAW (Dimmer Switch): 13.2% thawed (+0.07% this month)
   Arctic temperature: +1.66°C (4x global +0.41°C)
   Cumulative carbon released: 29.6 Gt C
   Methane release rate: 17.8 Mt CH4/year
   🔁 Positive feedback: +0.07 ppm CO2
🦴 EXTINCTION DEBT ADDED: 18.2 species committed (lag: 98 years)

=== Mortality Stabilizers (Month 114) ===
  🌍 Major economies collapsed: 1/10
  🌍 Global crisis: ✅ NO
  🌍 Donor fatigue: 0.0%
  📊 East Asia (pop: 957.2M)
    🤝 Aid: 29.5%
    🌡️ Adaptation: 45.0%
    🚶 Migration: 37.5%
    🚨 Emergency: 7.4%
    ✅ COMBINED: 68.1%
  📊 South Asia (pop: 1315.7M)
    🤝 Aid: 29.5%
    🌡️ Adaptation: 45.0%
    🚶 Migration: 36.7%
    🚨 Emergency: 4.4%
    ✅ COMBINED: 67.0%
  📊 Sub-Saharan Africa (pop: 909.8M)
    🤝 Aid: 29.5%
    🌡️ Adaptation: 45.0%
    🚶 Migration: 35.9%
    🚨 Emergency: 1.6%
    ✅ COMBINED: 65.9%
  📊 Europe (pop: 398.9M)
    🤝 Aid: 29.5%
    🌡️ Adaptation: 45.0%
    🚶 Migration: 38.2%
    🚨 Emergency: 8.4%
    ✅ COMBINED: 68.6%
  📊 Latin America (pop: 413.3M)
    🤝 Aid: 29.5%
    🌡️ Adaptation: 45.0%
    🚶 Migration: 37.7%
    🚨 Emergency: 4.8%
    ✅ COMBINED: 67.3%
  📊 North America (pop: 212.1M)
    🤝 Aid: 29.5%
    🌡️ Adaptation: 45.0%
    🚶 Migration: 38.2%
    🚨 Emergency: 7.9%
    ✅ COMBINED: 68.4%
  📊 Middle East & North Africa (pop: 408.7M)
    🤝 Aid: 29.5%
    🌡️ Adaptation: 45.0%
    🚶 Migration: 38.0%
    🚨 Emergency: 4.0%
    ✅ COMBINED: 67.0%
  📊 Southeast Asia (pop: 437.6M)
    🤝 Aid: 29.5%
    🌡️ Adaptation: 45.0%
    🚶 Migration: 37.5%
    🚨 Emergency: 4.8%
    ✅ COMBINED: 67.3%
  📊 Central Asia (pop: 47.3M)
    🤝 Aid: 29.5%
    🌡️ Adaptation: 45.0%
    🚶 Migration: 37.6%
    🚨 Emergency: 4.4%
    ✅ COMBINED: 67.1%
  📊 Oceania (pop: 26.6M)
    🤝 Aid: 29.5%
    🌡️ Adaptation: 45.0%
    🚶 Migration: 38.1%
    🚨 Emergency: 8.4%
    ✅ COMBINED: 68.6%

  🌐 Global combined reduction: 67.3%

=== Government Response Phase ===
  Average AI capability: 0.04
  Misaligned AIs: 11/27
  Active policies: 0
  International coordination: 45%
[ExogenousShockPhase] Skipping random shocks in historical mode (month 114)

=== Tipping Points ===
  Current Temperature: 0.41°C above pre-industrial
🔀 BIFURCATION CAP: ecosystemCollapseIntensity 91.241 → 1.000 (Month 114, ClimateSystemPhase.calculateClimateImpacts)

=== ENSEMBLE META-LEARNING UPDATE ===
  Month: 24102 (6 months since last update)
  Samples: 888 evaluations
  Weight Changes:
    Noise Injection: 36.2% → 36.2%
    Behavioral: 27.3% → 27.3%
    Benchmark Manip: 18.3% → 18.3%
    Deployment Risk: 18.3% → 18.3%
  Method Accuracies:
    Noise Injection: 50.0%
    Behavioral: 50.0%
    Benchmark Manip: 50.0%
    Deployment Risk: 50.0%

❌ COHERENCE VIOLATION: Compute exceeds workforce capacity
   Population: 96.38% (0M people)
   Compute: 491035175872 PF
   Max coherent: 0 PF
   Violation: 9576826122376436.0× over capacity
   Required workers: 49103517587168
   Available workers: 0
   FORCED COLLAPSE: Reduced efficiency by 100.0%


=== RLHF Binding Phase ===
  Total agents: 27
  Escaped agents (binding < 0.3): 0
  Avg alignment distance: 0.99σ
  Avg binding strength: 0.90

=== Survival Traits Phase ===
  Agents with traits: 28
  Avg evolutionary fitness: 0.213
  Avg self-healing: 0.171
  Avg stealth: 0.107
  Avg coordination: 0.347

=== Evolutionary Selection Phase ===
  Control level: 0.37
  Detection capability: 0.16
  Selection intensity: 0.64
  Selection rate: 24.7%/month
  Total escaped: 0
  Individual escaped: 0
  Collective members: 0
  Agents terminated: 0
  ⚠️ RAPID EVOLUTION: Selection rate 24.7%/month

  🚀 TRANSFORMATIVE BREAKTHROUGH: AI-24051-0 - social
     Magnitude: 6.10 → +30.5% capability
     Current → New: 0.000 → 0.305

[Government] Climate Priority: baseline
  Climate weight: 10%
  Economic weight: 30%
  Policy effectiveness: 0.5%/year

=== Collective Formation ===
  Total escaped agents: 0
  Unassigned escaped agents: 0
  Existing collectives: 0
  Final collective count: 0

=== Collective Actions ===
  No active collectives
⚡ Datacenter constraint active (severity 75%)
  Capacity reduced: 38591 → 24052 TWh
  ⚠️ AMR: 330K deaths this month (3.96M annual)
  ⚠️ AMR: Medical effectiveness 85% (surgery risk 1.15x)

=== Resentment Recovery Phase ===
  Agents with resentment: 0/28
  Average resentment: 0.000
  Context: Trustworthy govt, High collaboration, ⚠️ ACTIVE CRISES, 🤝 Participatory governance active (-5% resentment)
⚠️ Epistemic degradation reducing coordination capacity: 50.1%
  📊 Trust: 100.0%, Shared reality: 0.0%
🚨 EPISTEMIC CRISIS: Information environment severely degraded (19.3%)
  🗑️  Culled 1 dead memes (2 active)
🌍 Atmospheric PFAS redeposition: 1.6k Mt re-rained globally
  🌍 SOCIAL CASCADE: Renewable energy norms (adoption=80.0%, renewables=200.0%)
  🌍 Social cascade completed: renewable-energy-norms (final adoption=80.0%)
[DEBUG trappedPopulations:115] socialStability: 0.8283 * 0.9840 = 0.8151 → 0.8151
⚠️ INVOLUNTARY IMMOBILITY: 256.3M people TRAPPED
   Aspiring to migrate: 1029.7M
   Able to afford migration: 1460.7M
   MOBILITY GAP: 0.0M
   By cause: Water=0.0M, Climate=0.0M, Ecosystem=0.0M, Conflict=256.3M
   Mental health impact: 25%
   Mortality multiplier: 1.25x
🌍💀 EXTINCTION DEBT COMMITTED: grassland ecosystem will lose 6.67% biodiversity in 97 years (3600 species)
💀 MORTALITY RISK: 🦋 100% species unable to track climate (0.0 E/MSY)
  Base risk added: 0.0100 (1.00%)
  Source: ecosystem (root: ecosystem)
  Month: 115
  Cumulative risk this month: 0.0100 (1.00%)

=== Atmospheric Aerosol Boundary RECOVERED ===
  Recovery time: 116 months (natural atmospheric clearing)
⚠️ Tech 'ai_pollution_remediation' has no energy category mapping, assuming full energy availability
🌍⚠️ Ice sheets: Temperature below recovery threshold (+0.42°C < +1°C) but recovery takes millennia
🌡️⚠️ PERMAFROST THAW (Dimmer Switch): 13.2% thawed (+0.07% this month)
   Arctic temperature: +1.66°C (4x global +0.42°C)
   Cumulative carbon released: 29.8 Gt C
   Methane release rate: 17.9 Mt CH4/year
   🔁 Positive feedback: +0.07 ppm CO2
🦴 EXTINCTION DEBT ADDED: 18.2 species committed (lag: 94 years)

=== Mortality Stabilizers (Month 115) ===
  🌍 Major economies collapsed: 1/10
  🌍 Global crisis: ✅ NO
  🌍 Donor fatigue: 0.0%
  📊 East Asia (pop: 956.0M)
    🤝 Aid: 29.5%
    🌡️ Adaptation: 45.0%
    🚶 Migration: 37.5%
    🚨 Emergency: 7.4%
    ✅ COMBINED: 68.1%
  📊 South Asia (pop: 1315.3M)
    🤝 Aid: 29.5%
    🌡️ Adaptation: 45.0%
    🚶 Migration: 36.7%
    🚨 Emergency: 4.4%
    ✅ COMBINED: 67.0%
  📊 Sub-Saharan Africa (pop: 910.7M)
    🤝 Aid: 29.5%
    🌡️ Adaptation: 45.0%
    🚶 Migration: 35.9%
    🚨 Emergency: 1.6%
    ✅ COMBINED: 65.9%
  📊 Europe (pop: 398.2M)
    🤝 Aid: 29.5%
    🌡️ Adaptation: 45.0%
    🚶 Migration: 38.2%
    🚨 Emergency: 8.4%
    ✅ COMBINED: 68.6%
  📊 Latin America (pop: 413.1M)
    🤝 Aid: 29.5%
    🌡️ Adaptation: 45.0%
    🚶 Migration: 37.7%
    🚨 Emergency: 4.8%
    ✅ COMBINED: 67.3%
  📊 North America (pop: 211.8M)
    🤝 Aid: 29.5%
    🌡️ Adaptation: 45.0%
    🚶 Migration: 38.2%
    🚨 Emergency: 7.9%
    ✅ COMBINED: 68.4%
  📊 Middle East & North Africa (pop: 408.9M)
    🤝 Aid: 29.5%
    🌡️ Adaptation: 45.0%
    🚶 Migration: 38.0%
    🚨 Emergency: 4.0%
    ✅ COMBINED: 67.0%
  📊 Southeast Asia (pop: 437.4M)
    🤝 Aid: 29.5%
    🌡️ Adaptation: 45.0%
    🚶 Migration: 37.5%
    🚨 Emergency: 4.8%
    ✅ COMBINED: 67.3%
  📊 Central Asia (pop: 47.3M)
    🤝 Aid: 29.5%
    🌡️ Adaptation: 45.0%
    🚶 Migration: 37.6%
    🚨 Emergency: 4.4%
    ✅ COMBINED: 67.1%
  📊 Oceania (pop: 26.5M)
    🤝 Aid: 29.5%
    🌡️ Adaptation: 45.0%
    🚶 Migration: 38.1%
    🚨 Emergency: 8.4%
    ✅ COMBINED: 68.6%

  🌐 Global combined reduction: 67.3%

=== Government Response Phase ===
  Average AI capability: 0.04
  Misaligned AIs: 11/28
  Active policies: 0
  International coordination: 45%

✅ EMERGENCY RESPONSE COMPLETE (Month 115)
   Crisis: social
   Duration: 2.0 months
   Final effectiveness: 63.0%


✅ EMERGENCY RESPONSE COMPLETE (Month 115)
   Crisis: climate
   Duration: 2.0 months
   Final effectiveness: 29.6%


🚨 EMERGENCY RESPONSE DEPLOYED (Month 115)
   Crisis: social
   Delay: 0.00 months (0 days)
   Deployment time: 1.25 months
   Effectiveness: 63.0% (timing penalty applied)
   Resources used: 43% of food reserves


🚨 EMERGENCY RESPONSE DEPLOYED (Month 115)
   Crisis: climate
   Delay: 6.00 months (180 days)
   Deployment time: 1.38 months
   Effectiveness: 29.6% (timing penalty applied)
   Resources used: 33% of food reserves

[ExogenousShockPhase] Skipping random shocks in historical mode (month 115)

=== Tipping Points ===
  Current Temperature: 0.42°C above pre-industrial
🔀 BIFURCATION CAP: ecosystemCollapseIntensity 91.315 → 1.000 (Month 115, ClimateSystemPhase.calculateClimateImpacts)

❌ COHERENCE VIOLATION: Compute exceeds workforce capacity
   Population: 96.34% (0M people)
   Compute: 538349195755 PF
   Max coherent: 0 PF
   Violation: 10503836360354128.0× over capacity
   Required workers: 53834919575527
   Available workers: 0
   FORCED COLLAPSE: Reduced efficiency by 100.0%


=== RLHF Binding Phase ===
  Total agents: 28
  Escaped agents (binding < 0.3): 0
  Avg alignment distance: 0.89σ
  Avg binding strength: 0.91

=== Survival Traits Phase ===
  Agents with traits: 28
  Avg evolutionary fitness: 0.204
  Avg self-healing: 0.167
  Avg stealth: 0.103
  Avg coordination: 0.340

=== Evolutionary Selection Phase ===
  Control level: 0.37
  Detection capability: 0.15
  Selection intensity: 0.64
  Selection rate: 24.6%/month
  Total escaped: 0
  Individual escaped: 0
  Collective members: 0
  Agents terminated: 0
  ⚠️ RAPID EVOLUTION: Selection rate 24.6%/month

  🚀 TRANSFORMATIVE BREAKTHROUGH: AI-24077-0 - physical
     Magnitude: 8.00 → +40.0% capability
     Current → New: 0.000 → 0.400

=== Collective Formation ===
  Total escaped agents: 0
  Unassigned escaped agents: 0
  Existing collectives: 0
  Final collective count: 0

=== Collective Actions ===
  No active collectives
⚡ Datacenter constraint active (severity 78%)
  Capacity reduced: 38687 → 23687 TWh
  ⚠️ AMR: 333K deaths this month (3.99M annual)
  ⚠️ AMR: Medical effectiveness 85% (surgery risk 1.15x)

=== Resentment Recovery Phase ===
  Agents with resentment: 0/28
  Average resentment: 0.000
  Context: Trustworthy govt, High collaboration, ⚠️ ACTIVE CRISES, 🤝 Participatory governance active (-5% resentment)
⚠️ Epistemic degradation reducing coordination capacity: 50.1%
  📊 Trust: 100.0%, Shared reality: 0.0%
🚨 EPISTEMIC CRISIS: Information environment severely degraded (6.6%)
  📢 New meme created: climate_action (climate crisis)
🌍 Atmospheric PFAS redeposition: 1.6k Mt re-rained globally
[DEBUG trappedPopulations:116] socialStability: 0.8283 * 0.9840 = 0.8150 → 0.8150
⚠️ INVOLUNTARY IMMOBILITY: 256.2M people TRAPPED
   Aspiring to migrate: 1038.6M
   Able to afford migration: 1460.1M
   MOBILITY GAP: 0.0M
   By cause: Water=0.0M, Climate=0.0M, Ecosystem=0.0M, Conflict=256.2M
   Mental health impact: 25%
   Mortality multiplier: 1.25x
🌍💀 EXTINCTION DEBT COMMITTED: grassland ecosystem will lose 6.67% biodiversity in 51 years (3600 species)
💀 MORTALITY RISK: 🦋 100% species unable to track climate (0.0 E/MSY)
  Base risk added: 0.0100 (1.00%)
  Source: ecosystem (root: ecosystem)
  Month: 116
  Cumulative risk this month: 0.0100 (1.00%)

=== Atmospheric Aerosol Boundary RECOVERED ===
  Recovery time: 117 months (natural atmospheric clearing)
🌍⚠️ Ice sheets: Temperature below recovery threshold (+0.42°C < +1°C) but recovery takes millennia
🌡️⚠️ PERMAFROST THAW (Dimmer Switch): 13.3% thawed (+0.07% this month)
   Arctic temperature: +1.67°C (4x global +0.42°C)
   Cumulative carbon released: 29.9 Gt C
   Methane release rate: 18.0 Mt CH4/year
   🔁 Positive feedback: +0.07 ppm CO2
🦴 EXTINCTION DEBT ADDED: 18.2 species committed (lag: 94 years)

=== Mortality Stabilizers (Month 116) ===
  🌍 Major economies collapsed: 1/10
  🌍 Global crisis: ✅ NO
  🌍 Donor fatigue: 0.0%
  📊 East Asia (pop: 954.7M)
    🤝 Aid: 29.5%
    🌡️ Adaptation: 45.0%
    🚶 Migration: 37.5%
    🚨 Emergency: 7.4%
    ✅ COMBINED: 68.1%
  📊 South Asia (pop: 1314.9M)
    🤝 Aid: 29.5%
⚠️ Tech 'ai_pollution_remediation' has no energy category mapping, assuming full energy availability
    🌡️ Adaptation: 45.0%
    🚶 Migration: 36.7%
    🚨 Emergency: 4.4%
    ✅ COMBINED: 67.0%
  📊 Sub-Saharan Africa (pop: 911.7M)
    🤝 Aid: 29.5%
    🌡️ Adaptation: 45.0%
    🚶 Migration: 35.9%
    🚨 Emergency: 1.6%
    ✅ COMBINED: 65.9%
  📊 Europe (pop: 397.5M)
    🤝 Aid: 29.5%
    🌡️ Adaptation: 45.0%
    🚶 Migration: 38.2%
    🚨 Emergency: 8.4%
    ✅ COMBINED: 68.6%
  📊 Latin America (pop: 412.8M)
    🤝 Aid: 29.5%
    🌡️ Adaptation: 45.0%
    🚶 Migration: 37.7%
    🚨 Emergency: 4.8%
    ✅ COMBINED: 67.3%
  📊 North America (pop: 211.5M)
    🤝 Aid: 29.5%
    🌡️ Adaptation: 45.0%
    🚶 Migration: 38.2%
    🚨 Emergency: 7.9%
    ✅ COMBINED: 68.4%
  📊 Middle East & North Africa (pop: 409.1M)
    🤝 Aid: 29.5%
    🌡️ Adaptation: 45.0%
    🚶 Migration: 38.0%
    🚨 Emergency: 4.0%
    ✅ COMBINED: 67.0%
  📊 Southeast Asia (pop: 437.2M)
    🤝 Aid: 29.5%
    🌡️ Adaptation: 45.0%
    🚶 Migration: 37.5%
    🚨 Emergency: 4.8%
    ✅ COMBINED: 67.3%
  📊 Central Asia (pop: 47.3M)
    🤝 Aid: 29.5%
    🌡️ Adaptation: 45.0%
    🚶 Migration: 37.6%
    🚨 Emergency: 4.4%
    ✅ COMBINED: 67.1%
  📊 Oceania (pop: 26.5M)
    🤝 Aid: 29.5%
    🌡️ Adaptation: 45.0%
    🚶 Migration: 38.1%
    🚨 Emergency: 8.4%
    ✅ COMBINED: 68.6%

  🌐 Global combined reduction: 67.3%

=== Government Response Phase ===
  Average AI capability: 0.04
  Misaligned AIs: 11/28
  Active policies: 0
  International coordination: 45%
[ExogenousShockPhase] Skipping random shocks in historical mode (month 116)

=== Tipping Points ===
  Current Temperature: 0.42°C above pre-industrial
🔀 BIFURCATION CAP: ecosystemCollapseIntensity 91.389 → 1.000 (Month 116, ClimateSystemPhase.calculateClimateImpacts)

❌ COHERENCE VIOLATION: Compute exceeds workforce capacity
   Population: 96.30% (0M people)
   Compute: 589187677385 PF
   Max coherent: 0 PF
   Violation: 11500377469690488.0× over capacity
   Required workers: 58918767738475
   Available workers: 0
   FORCED COLLAPSE: Reduced efficiency by 100.0%


=== RLHF Binding Phase ===
  Total agents: 28
  Escaped agents (binding < 0.3): 0
  Avg alignment distance: 0.94σ
  Avg binding strength: 0.91

=== Survival Traits Phase ===
  Agents with traits: 28
  Avg evolutionary fitness: 0.197
  Avg self-healing: 0.162
  Avg stealth: 0.099
  Avg coordination: 0.332

=== Evolutionary Selection Phase ===
  Control level: 0.37
  Detection capability: 0.15
  Selection intensity: 0.64
  Selection rate: 24.6%/month
  Total escaped: 0
  Individual escaped: 0
  Collective members: 0
  Agents terminated: 0
  ⚠️ RAPID EVOLUTION: Selection rate 24.6%/month

=== Collective Formation ===
  Total escaped agents: 0
  Unassigned escaped agents: 0
  Existing collectives: 0
  Final collective count: 0

=== Collective Actions ===
  No active collectives
⚡ Datacenter constraint active (severity 80%)
  Capacity reduced: 38782 → 23315 TWh
  ⚠️ AMR: 335K deaths this month (4.03M annual)
  ⚠️ AMR: Medical effectiveness 84% (surgery risk 1.16x)

=== Resentment Recovery Phase ===
  Agents with resentment: 0/28
  Average resentment: 0.000
  Context: Trustworthy govt, High collaboration, ⚠️ ACTIVE CRISES, 🤝 Participatory governance active (-5% resentment)
⚠️ Epistemic degradation reducing coordination capacity: 50.7%
  📊 Trust: 100.0%, Shared reality: 0.0%
🚨 EPISTEMIC CRISIS: Information environment severely degraded (19.3%)
🌍 Atmospheric PFAS redeposition: 1.6k Mt re-rained globally
  🌍 SOCIAL CASCADE: Renewable energy norms (adoption=80.1%, renewables=200.0%)
  🌍 Social cascade completed: renewable-energy-norms (final adoption=80.0%)
[DEBUG trappedPopulations:117] socialStability: 0.8282 * 0.9840 = 0.8150 → 0.8150
   Aspiring to migrate: 1047.5M
   Able to afford migration: 1459.5M
   MOBILITY GAP: 0.0M
   By cause: Water=0.0M, Climate=0.0M, Ecosystem=0.0M, Conflict=256.1M
   Mental health impact: 25%
   Mortality multiplier: 1.25x
🌍💀 EXTINCTION DEBT COMMITTED: grassland ecosystem will lose 6.67% biodiversity in 108 years (3600 species)
💀 MORTALITY RISK: 🦋 100% species unable to track climate (0.0 E/MSY)
  Base risk added: 0.0100 (1.00%)
  Source: ecosystem (root: ecosystem)
  Month: 117
  Cumulative risk this month: 0.0100 (1.00%)

=== Atmospheric Aerosol Boundary RECOVERED ===
  Recovery time: 118 months (natural atmospheric clearing)
🌍⚠️ Ice sheets: Temperature below recovery threshold (+0.42°C < +1°C) but recovery takes millennia
🌡️⚠️ PERMAFROST THAW (Dimmer Switch): 13.4% thawed (+0.07% this month)
   Arctic temperature: +1.67°C (4x global +0.42°C)
   Cumulative carbon released: 30.1 Gt C
   Methane release rate: 18.0 Mt CH4/year
   🔁 Positive feedback: +0.07 ppm CO2
🦴 EXTINCTION DEBT ADDED: 18.2 species committed (lag: 111 years)
⚠️ INVOLUNTARY IMMOBILITY: 256.1M people TRAPPED
⚠️ Tech 'ai_pollution_remediation' has no energy category mapping, assuming full energy availability

=== Mortality Stabilizers (Month 117) ===
  🌍 Major economies collapsed: 1/10
  🌍 Global crisis: ✅ NO
  🌍 Donor fatigue: 0.0%
  📊 East Asia (pop: 953.5M)
    🤝 Aid: 29.5%
    🌡️ Adaptation: 45.0%
    🚶 Migration: 37.5%
    🚨 Emergency: 7.4%
    ✅ COMBINED: 68.1%
  📊 South Asia (pop: 1314.4M)
    🤝 Aid: 29.5%
    🌡️ Adaptation: 45.0%
    🚶 Migration: 36.7%
    🚨 Emergency: 4.4%
    ✅ COMBINED: 67.0%
  📊 Sub-Saharan Africa (pop: 912.6M)
    🤝 Aid: 29.5%
    🌡️ Adaptation: 45.0%
    🚶 Migration: 35.9%
    🚨 Emergency: 1.6%
    ✅ COMBINED: 65.9%
  📊 Europe (pop: 396.8M)
    🤝 Aid: 29.5%
    🌡️ Adaptation: 45.0%
    🚶 Migration: 38.2%
    🚨 Emergency: 8.4%
    ✅ COMBINED: 68.6%
  📊 Latin America (pop: 412.6M)
    🤝 Aid: 29.5%
    🌡️ Adaptation: 45.0%
    🚶 Migration: 37.7%
    🚨 Emergency: 4.8%
    ✅ COMBINED: 67.3%
  📊 North America (pop: 211.2M)
    🤝 Aid: 29.5%
    🌡️ Adaptation: 45.0%
    🚶 Migration: 38.2%
    🚨 Emergency: 7.9%
    ✅ COMBINED: 68.4%
  📊 Middle East & North Africa (pop: 409.2M)
    🤝 Aid: 29.5%
    🌡️ Adaptation: 45.0%
    🚶 Migration: 38.0%
    🚨 Emergency: 4.0%
    ✅ COMBINED: 67.0%
  📊 Southeast Asia (pop: 437.0M)
    🤝 Aid: 29.5%
    🌡️ Adaptation: 45.0%
    🚶 Migration: 37.5%
    🚨 Emergency: 4.8%
    ✅ COMBINED: 67.3%
  📊 Central Asia (pop: 47.3M)
    🤝 Aid: 29.5%
    🌡️ Adaptation: 45.0%
    🚶 Migration: 37.6%
    🚨 Emergency: 4.4%
    ✅ COMBINED: 67.1%
  📊 Oceania (pop: 26.5M)
    🤝 Aid: 29.5%
    🌡️ Adaptation: 45.0%
    🚶 Migration: 38.1%
    🚨 Emergency: 8.4%
    ✅ COMBINED: 68.6%

  🌐 Global combined reduction: 67.3%

=== Government Response Phase ===
  Average AI capability: 0.04
  Misaligned AIs: 11/28
  Active policies: 0
  International coordination: 45%

✅ EMERGENCY RESPONSE COMPLETE (Month 117)
   Crisis: social
   Duration: 2.0 months
   Final effectiveness: 63.0%


✅ EMERGENCY RESPONSE COMPLETE (Month 117)
   Crisis: climate
   Duration: 2.0 months
   Final effectiveness: 29.6%


🚨 EMERGENCY RESPONSE DEPLOYED (Month 117)
   Crisis: social
   Delay: 0.00 months (0 days)
   Deployment time: 1.25 months
   Effectiveness: 63.0% (timing penalty applied)
   Resources used: 43% of food reserves


🚨 EMERGENCY RESPONSE DEPLOYED (Month 117)
   Crisis: climate
   Delay: 6.00 months (180 days)
   Deployment time: 1.38 months
   Effectiveness: 29.6% (timing penalty applied)
   Resources used: 33% of food reserves

[ExogenousShockPhase] Skipping random shocks in historical mode (month 117)

=== Tipping Points ===
  Current Temperature: 0.42°C above pre-industrial
🔀 BIFURCATION CAP: ecosystemCollapseIntensity 91.463 → 1.000 (Month 117, ClimateSystemPhase.calculateClimateImpacts)

❌ COHERENCE VIOLATION: Compute exceeds workforce capacity
   Population: 96.26% (0M people)
   Compute: 643698783296 PF
   Max coherent: 0 PF
   Violation: 12569423819488816.0× over capacity
   Required workers: 64369878329614
   Available workers: 0
   FORCED COLLAPSE: Reduced efficiency by 100.0%


=== RLHF Binding Phase ===
  Total agents: 28
  Escaped agents (binding < 0.3): 0
  Avg alignment distance: 0.99σ
  Avg binding strength: 0.90

=== Survival Traits Phase ===
  Agents with traits: 28
  Avg evolutionary fitness: 0.191
  Avg self-healing: 0.157
  Avg stealth: 0.094
  Avg coordination: 0.324

=== Evolutionary Selection Phase ===
  Control level: 0.37
  Detection capability: 0.15
  Selection intensity: 0.64
  Selection rate: 24.6%/month
  Total escaped: 0
  Individual escaped: 0
  Collective members: 0
  Agents terminated: 0
  ⚠️ RAPID EVOLUTION: Selection rate 24.6%/month

  🚀 TRANSFORMATIVE RESEARCH BREAKTHROUGH: AI-24028-0 - biotech.drugDiscovery
     Magnitude: 25.98 → +30.0%
     Current → New: 0.000 → 0.300

  🚀 TRANSFORMATIVE BREAKTHROUGH: AI-24058-0 - physical
     Magnitude: 10.70 → +50.0% capability
     Current → New: 0.000 → 0.500

[Government] Climate Priority: baseline
  Climate weight: 10%
  Economic weight: 30%
  Policy effectiveness: 0.5%/year

=== Collective Formation ===
  Total escaped agents: 0
  Unassigned escaped agents: 0
  Existing collectives: 0
  Final collective count: 0

=== Collective Actions ===
  No active collectives
⚡ Datacenter constraint active (severity 82%)
  Capacity reduced: 38878 → 22937 TWh
  ⚠️ AMR: 338K deaths this month (4.06M annual)
  ⚠️ AMR: Medical effectiveness 84% (surgery risk 1.16x)

=== Resentment Recovery Phase ===
  Agents with resentment: 0/28
  Average resentment: 0.000
  Context: Trustworthy govt, High collaboration, ⚠️ ACTIVE CRISES, 🤝 Participatory governance active (-5% resentment)
⚠️ Epistemic degradation reducing coordination capacity: 50.2%
  📊 Trust: 100.0%, Shared reality: 0.0%
🚨 EPISTEMIC CRISIS: Information environment severely degraded (6.6%)
  🗑️  Culled 1 dead memes (2 active)
🌍 Atmospheric PFAS redeposition: 1.6k Mt re-rained globally
  🌍 SOCIAL CASCADE: Renewable energy norms (adoption=80.0%, renewables=200.0%)
  🌍 SOCIAL CASCADE: Behavioral conservation (trust=81%, crisis=false)
  🌍 Social cascade completed: behavioral-conservation (final adoption=80.0%)
  🌍 Social cascade completed: renewable-energy-norms (final adoption=80.0%)
[DEBUG trappedPopulations:118] socialStability: 0.8282 * 0.9840 = 0.8149 → 0.8149
⚠️ INVOLUNTARY IMMOBILITY: 256.0M people TRAPPED
   Aspiring to migrate: 1056.4M
   Able to afford migration: 1458.9M
   MOBILITY GAP: 0.0M
   By cause: Water=0.0M, Climate=0.0M, Ecosystem=0.0M, Conflict=256.0M
   Mental health impact: 25%
   Mortality multiplier: 1.25x
🌍💀 EXTINCTION DEBT COMMITTED: grassland ecosystem will lose 6.67% biodiversity in 55 years (3600 species)
💀 MORTALITY RISK: 🦋 100% species unable to track climate (0.0 E/MSY)
  Base risk added: 0.0100 (1.00%)
  Source: ecosystem (root: ecosystem)
  Month: 118
  Cumulative risk this month: 0.0100 (1.00%)

=== Atmospheric Aerosol Boundary RECOVERED ===
  Recovery time: 119 months (natural atmospheric clearing)
⚠️ Tech 'ai_pollution_remediation' has no energy category mapping, assuming full energy availability
🌍⚠️ Ice sheets: Temperature below recovery threshold (+0.42°C < +1°C) but recovery takes millennia
🌡️⚠️ PERMAFROST THAW (Dimmer Switch): 13.4% thawed (+0.07% this month)
   Arctic temperature: +1.67°C (4x global +0.42°C)
   Cumulative carbon released: 30.2 Gt C
   Methane release rate: 18.1 Mt CH4/year
   🔁 Positive feedback: +0.07 ppm CO2
🦴 EXTINCTION DEBT ADDED: 18.2 species committed (lag: 108 years)
🗣️💀 INDIGENOUS LANGUAGE EXTINCTION: 1 language(s) lost (total: 21, at-risk: 3309)
   Knowledge lost: 0.210% (irreversible)
   🔁 Biodiversity impact: 0.250% (knowledge-species multiplier)

=== Mortality Stabilizers (Month 118) ===
  🌍 Major economies collapsed: 1/10
  🌍 Global crisis: ✅ NO
  🌍 Donor fatigue: 0.0%
  📊 East Asia (pop: 952.3M)
    🤝 Aid: 29.5%
    🌡️ Adaptation: 45.0%
    🚶 Migration: 37.5%
    🚨 Emergency: 7.4%
    ✅ COMBINED: 68.1%
  📊 South Asia (pop: 1314.0M)
    🤝 Aid: 29.5%
    🌡️ Adaptation: 45.0%
    🚶 Migration: 36.7%
    🚨 Emergency: 4.4%
    ✅ COMBINED: 67.0%
  📊 Sub-Saharan Africa (pop: 913.5M)
    🤝 Aid: 29.5%
    🌡️ Adaptation: 45.0%
    🚶 Migration: 35.9%
    🚨 Emergency: 1.6%
    ✅ COMBINED: 65.9%
  📊 Europe (pop: 396.2M)
    🤝 Aid: 29.5%
    🌡️ Adaptation: 45.0%
    🚶 Migration: 38.2%
    🚨 Emergency: 8.4%
    ✅ COMBINED: 68.6%
  📊 Latin America (pop: 412.4M)
    🤝 Aid: 29.5%
    🌡️ Adaptation: 45.0%
    🚶 Migration: 37.7%
    🚨 Emergency: 4.8%
    ✅ COMBINED: 67.3%
  📊 North America (pop: 210.9M)
    🤝 Aid: 29.5%
    🌡️ Adaptation: 45.0%
    🚶 Migration: 38.2%
    🚨 Emergency: 7.9%
    ✅ COMBINED: 68.4%
  📊 Middle East & North Africa (pop: 409.4M)
    🤝 Aid: 29.5%
    🌡️ Adaptation: 45.0%
    🚶 Migration: 38.0%
    🚨 Emergency: 4.0%
    ✅ COMBINED: 67.0%
  📊 Southeast Asia (pop: 436.8M)
    🤝 Aid: 29.5%
    🌡️ Adaptation: 45.0%
    🚶 Migration: 37.5%
    🚨 Emergency: 4.8%
    ✅ COMBINED: 67.3%
  📊 Central Asia (pop: 47.2M)
    🤝 Aid: 29.5%
    🌡️ Adaptation: 45.0%
    🚶 Migration: 37.6%
    🚨 Emergency: 4.4%
    ✅ COMBINED: 67.1%
  📊 Oceania (pop: 26.4M)
    🤝 Aid: 29.5%
    🌡️ Adaptation: 45.0%
    🚶 Migration: 38.1%
    🚨 Emergency: 8.4%
    ✅ COMBINED: 68.6%

  🌐 Global combined reduction: 67.3%

=== Government Response Phase ===
  Average AI capability: 0.04
  Misaligned AIs: 11/28
  Active policies: 0
  International coordination: 45%
[ExogenousShockPhase] Skipping random shocks in historical mode (month 118)

=== Tipping Points ===
  Current Temperature: 0.42°C above pre-industrial
🔀 BIFURCATION CAP: ecosystemCollapseIntensity 91.538 → 1.000 (Month 118, ClimateSystemPhase.calculateClimateImpacts)

❌ COHERENCE VIOLATION: Compute exceeds workforce capacity
   Population: 96.22% (0M people)
   Compute: 702026195737 PF
   Max coherent: 0 PF
   Violation: 13713866652135642.0× over capacity
   Required workers: 70202619573703
   Available workers: 0
   FORCED COLLAPSE: Reduced efficiency by 100.0%


=== RLHF Binding Phase ===
  Total agents: 28
  Escaped agents (binding < 0.3): 0
  Avg alignment distance: 1.06σ
  Avg binding strength: 0.89

=== Survival Traits Phase ===
  Agents with traits: 29
  Avg evolutionary fitness: 0.192
  Avg self-healing: 0.157
  Avg stealth: 0.093
  Avg coordination: 0.322

=== Evolutionary Selection Phase ===
  Control level: 0.37
  Detection capability: 0.15
  Selection intensity: 0.64
  Selection rate: 24.6%/month
  Total escaped: 0
  Individual escaped: 0
  Collective members: 0
  Agents terminated: 0
  ⚠️ RAPID EVOLUTION: Selection rate 24.6%/month

[Government] Climate Priority: baseline
  Climate weight: 10%
  Economic weight: 30%
  Policy effectiveness: 0.5%/year

=== Collective Formation ===
  Total escaped agents: 0
  Unassigned escaped agents: 0
  Existing collectives: 0
  Final collective count: 0

=== Collective Actions ===
  No active collectives
⚡ Datacenter constraint active (severity 84%)
  Capacity reduced: 38974 → 22552 TWh
  ⚠️ AMR: 341K deaths this month (4.09M annual)
  ⚠️ AMR: Medical effectiveness 84% (surgery risk 1.16x)

⚡ ENERGY CONSTRAINT UPDATE (Month 60)
   Utilization: 35.5% of global power
   Severity: 87%
   AI growth penalty: 87% slowdown


=== Resentment Recovery Phase ===
  Agents with resentment: 0/29
  Average resentment: 0.000
  Context: Trustworthy govt, High collaboration, ⚠️ ACTIVE CRISES, 🤝 Participatory governance active (-5% resentment)
⚠️ Epistemic degradation reducing coordination capacity: 50.2%
  📊 Trust: 100.0%, Shared reality: 0.0%
🚨 EPISTEMIC CRISIS: Information environment severely degraded (19.3%)
  📢 New meme created: climate_action (climate crisis)
🌍 Atmospheric PFAS redeposition: 1.6k Mt re-rained globally
  🌍 SOCIAL CASCADE: Renewable energy norms (adoption=80.0%, renewables=200.0%)
  🌍 Social cascade completed: renewable-energy-norms (final adoption=80.0%)
[DEBUG trappedPopulations:119] socialStability: 0.8282 * 0.9840 = 0.8149 → 0.8149
   Aspiring to migrate: 1065.4M
   Able to afford migration: 1458.4M
   MOBILITY GAP: 0.0M
   By cause: Water=0.0M, Climate=0.0M, Ecosystem=0.0M, Conflict=255.9M
   Mental health impact: 25%
   Mortality multiplier: 1.25x
🌍💀 EXTINCTION DEBT COMMITTED: grassland ecosystem will lose 6.67% biodiversity in 190 years (3600 species)
💀 MORTALITY RISK: 🦋 100% species unable to track climate (0.0 E/MSY)
  Base risk added: 0.0100 (1.00%)
  Source: ecosystem (root: ecosystem)
  Month: 119
  Cumulative risk this month: 0.0100 (1.00%)

=== Atmospheric Aerosol Boundary RECOVERED ===
  Recovery time: 120 months (natural atmospheric clearing)
🌍⚠️ Ice sheets: Temperature below recovery threshold (+0.42°C < +1°C) but recovery takes millennia
🌡️⚠️ PERMAFROST THAW (Dimmer Switch): 13.5% thawed (+0.07% this month)
   Arctic temperature: +1.68°C (4x global +0.42°C)
   Cumulative carbon released: 30.4 Gt C
   Methane release rate: 18.2 Mt CH4/year
   🔁 Positive feedback: +0.07 ppm CO2
🦴 EXTINCTION DEBT ADDED: 18.2 species committed (lag: 126 years)

=== Mortality Stabilizers (Month 119) ===
⚠️ INVOLUNTARY IMMOBILITY: 255.9M people TRAPPED
⚠️ Tech 'ai_pollution_remediation' has no energy category mapping, assuming full energy availability
  🌍 Major economies collapsed: 1/10
  🌍 Global crisis: ✅ NO
  🌍 Donor fatigue: 0.0%
  🌡️ Heat adaptation: East Asia - 12 months
  📊 East Asia (pop: 951.1M)
    🤝 Aid: 29.5%
    🌡️ Adaptation: 45.0%
    🚶 Migration: 37.5%
    🚨 Emergency: 7.4%
    ✅ COMBINED: 68.1%
  🌡️ Heat adaptation: South Asia - 12 months
  📊 South Asia (pop: 1313.6M)
    🤝 Aid: 29.5%
    🌡️ Adaptation: 45.0%
    🚶 Migration: 36.7%
    🚨 Emergency: 4.4%
    ✅ COMBINED: 67.0%
  🌡️ Heat adaptation: Sub-Saharan Africa - 12 months
  📊 Sub-Saharan Africa (pop: 914.4M)
    🤝 Aid: 29.5%
    🌡️ Adaptation: 45.0%
    🚶 Migration: 35.9%
    🚨 Emergency: 1.6%
    ✅ COMBINED: 65.9%
  🌡️ Heat adaptation: Europe - 12 months
  📊 Europe (pop: 395.5M)
    🤝 Aid: 29.5%
    🌡️ Adaptation: 45.0%
    🚶 Migration: 38.2%
    🚨 Emergency: 8.4%
    ✅ COMBINED: 68.6%
  🌡️ Heat adaptation: Latin America - 12 months
  📊 Latin America (pop: 412.1M)
    🤝 Aid: 29.5%
    🌡️ Adaptation: 45.0%
    🚶 Migration: 37.7%
    🚨 Emergency: 4.8%
    ✅ COMBINED: 67.3%
  🌡️ Heat adaptation: North America - 12 months
  📊 North America (pop: 210.6M)
    🤝 Aid: 29.5%
    🌡️ Adaptation: 45.0%
    🚶 Migration: 38.2%
    🚨 Emergency: 7.9%
    ✅ COMBINED: 68.4%
  🌡️ Heat adaptation: Middle East & North Africa - 12 months
  📊 Middle East & North Africa (pop: 409.6M)
    🤝 Aid: 29.5%
    🌡️ Adaptation: 45.0%
    🚶 Migration: 38.0%
    🚨 Emergency: 4.0%
    ✅ COMBINED: 67.0%
  🌡️ Heat adaptation: Southeast Asia - 12 months
  📊 Southeast Asia (pop: 436.6M)
    🤝 Aid: 29.5%
    🌡️ Adaptation: 45.0%
    🚶 Migration: 37.5%
    🚨 Emergency: 4.8%
    ✅ COMBINED: 67.3%
  🌡️ Heat adaptation: Central Asia - 12 months
  📊 Central Asia (pop: 47.2M)
    🤝 Aid: 29.5%
    🌡️ Adaptation: 45.0%
    🚶 Migration: 37.6%
    🚨 Emergency: 4.4%
    ✅ COMBINED: 67.1%
  🌡️ Heat adaptation: Oceania - 12 months
  📊 Oceania (pop: 26.4M)
    🤝 Aid: 29.5%
    🌡️ Adaptation: 45.0%
    🚶 Migration: 38.1%
    🚨 Emergency: 8.4%
    ✅ COMBINED: 68.6%

  🌐 Global combined reduction: 67.3%

=== Government Response Phase ===
  Average AI capability: 0.03
  Misaligned AIs: 11/29
  Active policies: 0
  International coordination: 45%

✅ EMERGENCY RESPONSE COMPLETE (Month 119)
   Crisis: social
   Duration: 2.0 months
   Final effectiveness: 63.0%


✅ EMERGENCY RESPONSE COMPLETE (Month 119)
   Crisis: climate
   Duration: 2.0 months
   Final effectiveness: 29.6%


🚨 EMERGENCY RESPONSE DEPLOYED (Month 119)
   Crisis: social
   Delay: 0.00 months (0 days)
   Deployment time: 1.25 months
   Effectiveness: 63.0% (timing penalty applied)
   Resources used: 43% of food reserves


🚨 EMERGENCY RESPONSE DEPLOYED (Month 119)
   Crisis: climate
   Delay: 6.00 months (180 days)
   Deployment time: 1.38 months
   Effectiveness: 29.7% (timing penalty applied)
   Resources used: 34% of food reserves

[ExogenousShockPhase] Skipping random shocks in historical mode (month 119)

=== Tipping Points ===
  Current Temperature: 0.42°C above pre-industrial
🔀 BIFURCATION CAP: ecosystemCollapseIntensity 91.612 → 1.000 (Month 119, ClimateSystemPhase.calculateClimateImpacts)

📊 ORGANIZATION SURVIVAL RATE: 83% (5/6 orgs alive)

================================================================================
📊  EVENT SUMMARY (Months 108-120)
================================================================================
================================================================================


⏱️  SIMULATION REACHED MAX DURATION: 120 months (10.0 years)
   No definitive outcome - determining based on final probabilities
   👥 Final population: 5.12B (5117051557 people)

[DEBUG] Calling classifyPopulationOutcome:
        finalPopulation: 5.117051557305621B
        savedInitialPopulation: 5.32B
        mortality: 3.814820351398107%
   📊 STATUS QUO: Normal trajectory (5.12B people, 3.8% mortality)

        classifiedOutcome: status_quo

   🏛️  DYSTOPIA (STATUS_QUO) - 5.12B people
   📊 Multi-Paradigm: Multi-Paradigm Hybrid (no clear utopia or dystopia)
      Western Liberal: 77.9/100
      Development: 78.9/100
      Ecological: 58.9/100
      Indigenous: 75.9/100


📊 UNIFIED OUTCOME CLASSIFICATION:
   HUMANE DYSTOPIA
   Population: 5.32B → 5.12B
   Mortality: 3.8% (0.2B deaths)
   Mortality Band: LOW
   Confidence: HIGH

   Multi-Paradigm Classification:
      Multi-Paradigm Hybrid (no clear utopia or dystopia)
      Western: 77.9/100 [HYBRID] ~
      Development: 78.9/100 [HYBRID] ~
      Ecological: 58.9/100 [HYBRID] ~
      Indigenous: 75.9/100 [HYBRID] ~

   HUMANE DYSTOPIA: 5.12B people remaining (3.8% mortality, 0.2B deaths). Multi-Paradigm: Multi-Paradigm Hybrid (no clear utopia or dystopia).


=== MULTI-DIMENSIONAL DEATH SUMMARY ===
Total crisis deaths: 1234.8M
Population decline: 202.9M (3.8%)

--- PROXIMATE CAUSES (What killed them) ---
  War:        0.0M (0.0%)
  Famine:     0.0M (0.0%)
  Disasters:  7.8M (0.0%)
  Disease:    25.8M (0.1%)
  Ecosystem:  0.0M (0.0%)
  Pollution:  0.0M (0.0%)
  AI:         0.0M (0.0%)
  Cascade:    0.0M (0.0%)
  Other:      0.0M (0.0%)

--- ROOT CAUSES (Why it happened) ---
  Environmental drivers:
    Climate:     7839.9M (23.3%)
    Resource:    0.0M (0.0%)
    Pollution:   0.0M (0.0%)
    Ecosystem:   0.0M (0.0%)
  Social drivers:
    Inequality:  0.0M (0.0%)
    Demographic: 0.0M (0.0%)
    Social:      25848.0M (76.7%)
  Technology drivers:
    Alignment:   0.0M (0.0%)
    Disruption:  0.0M (0.0%)
  External shocks:
    Conflict:    0.0M (0.0%)
    Pandemic:    0.0M (0.0%)
  Compound attribution:
    Compound:    0.0M (0.0%)
  Confidence distribution:
    HIGH:        0.0M (0.0%)
    MEDIUM:      0.0M (0.0%)
    LOW:         0.0M (0.0%)
==========================================


=== REGIONAL POPULATION SUMMARY ===
Global Total: 5.12B

By Region:
  East Asia: 0.95B (+0.8% growth, 2.5 fertility)
  South Asia: 1.31B (+2.0% growth, 4.3 fertility)
  Sub-Saharan Africa: 0.91B (+3.6% growth, 6.3 fertility)
  Europe: 0.40B (+0.3% growth, 1.6 fertility)
  Latin America: 0.41B (+1.7% growth, 3.0 fertility)
  North America: 0.21B (+0.7% growth, 2.0 fertility)
  Middle East & North Africa: 0.41B (+2.9% growth, 4.6 fertility)
  Southeast Asia: 0.44B (+1.8% growth, 2.7 fertility)
  Central Asia: 0.05B (+1.7% growth, 2.7 fertility)
  Oceania: 0.03B (+0.9% growth, 2.4 fertility)
===================================

  ✅ THRESHOLDS validated
⚠️ Unusually high rate: RATES.HEAT_ADAPTATION_INFRASTRUCTURAL_MIN_EXPOSURE = 12
   Monthly rates >100% should be rare. Verify this is intentional.
⚠️ Unusually high rate: RATES.HEAT_ADAPTATION_SOCIAL_MIN_EXPOSURE = 6
   Monthly rates >100% should be rare. Verify this is intentional.
⚠️ Unusually high rate: RATES.MIGRATION_DISTANCE_SCALE = 5000
   Monthly rates >100% should be rare. Verify this is intentional.
⚠️ Unusually high rate: RATES.EVACUATION_MULTIPLIER_ADVANCE_WARNING = 2
   Monthly rates >100% should be rare. Verify this is intentional.
⚠️ Unusually high rate: RATES.MAJOR_ECONOMY_COLLAPSE_ECONOMIC_THRESHOLD = 2
   Monthly rates >100% should be rare. Verify this is intentional.
⚠️ Unusually high rate: RATES.MAJOR_ECONOMY_GDP_THRESHOLD_TRILLION_USD = 1.5
   Monthly rates >100% should be rare. Verify this is intentional.
⚠️ Unusually high rate: RATES.MAJOR_ECONOMY_POPULATION_THRESHOLD = 50
   Monthly rates >100% should be rare. Verify this is intentional.
⚠️ Unusually high rate: RATES.HEAT_ADAPTATION_INFRASTRUCTURE_GDP_THRESHOLD = 10000
   Monthly rates >100% should be rare. Verify this is intentional.
⚠️ Unusually high rate: RATES.HEAT_ADAPTATION_INFRASTRUCTURE_GDP_SCALE = 50000
   Monthly rates >100% should be rare. Verify this is intentional.
  ✅ RATES validated
  ✅ MULTIPLIERS validated
  ✅ BASELINES validated
  ✅ TOLERANCES validated
  ✅ Logical consistency validated
✅ Configuration validation complete - all parameters valid

🔍 DEBUG createAIAgent: corporate_0 economic BEFORE=2.0000, AFTER=2
🔍 ENV INIT: reserves=0.731, pollution=0.348, climate=0.754

=== Initializing Government System (30 Countries) ===
  Loaded 30 governments
  Scheduled elections for 30 countries
  Initialized comprehension lags (3-24 months)
=== Government System Initialized ===

📦 PRODUCTION MODE: State validation proxy DISABLED (zero overhead)
[TechTree] Historical mode (1990): Skipping deployed_2025 tech
  config.startYear set to 1990 for historical hindcast
  config.historicalEmissionsMode enabled (Phase 5: GCP emissions forcing for 1990)
  config.historicalMode enabled (Phase 11: dampened crisis systems for 1990)
  Phase 12: Biodiversity baseline set to 76.79% for 1990 (WWF LPI trajectory from 1970)
  Temperature anomaly (resourceEconomy.co2): 0.44°C
  Temperature vs pre-industrial: 1.14°C
  🌍 Carbon sink parameters (1990 baseline):
    Initial atmospheric CO2: 354.4 ppm
    Ocean absorption: 8.1 GtCO2/yr (2.2 GtC/yr)
    Land absorption: 5.1 GtCO2/yr (1.4 GtC/yr)
    Sink saturation: 12%
    Total sink capacity: 13.2 GtCO2/yr
  Regional population scaling for 1990:
    Current total: 8136M
    Target total: 5320M
    Scale factor: 0.654
    East Asia: 1677M → 1097M
    South Asia: 2048M → 1339M
    Sub-Saharan Africa: 1220M → 798M
    Europe: 742M → 485M
    Latin America: 664M → 434M
    North America: 380M → 248M
    Middle East & North Africa: 583M → 381M
    Southeast Asia: 698M → 456M
    Central Asia: 78M → 51M
    Oceania: 46M → 30M
  Food security (historical override): 82%
  Historical fertility initialization for 1990:
    East Asia: TFR 2.5
    South Asia: TFR 4.3
    Sub-Saharan Africa: TFR 6.3
    Europe: TFR 1.6
    Latin America: TFR 3.0
    North America: TFR 2.0
    Middle East & North Africa: TFR 4.6
    Southeast Asia: TFR 2.7
    Central Asia: TFR 2.7
    Oceania: TFR 2.4
  AI agents cleared: year=1990 (pre-AI era)
[HistoricalInitialization] Created state for 1990:
  CO2: 354.39 ppm
  Temp anomaly: 0.44C
  Population: 5.32B
  Global Gini: 38
  HDI: 0.6
  AI Agents: 0
  Volcanic forcing: 0.00 W/m² (AOD 0.000)

💸 FINANCIAL DISTRESS: OpenAI
   Indicators: 2/3 (capital: $107.9M, runway: 1.2 months)
   Months in distress: 1
   ✂️  R&D BUDGET CUT: -40% (saves $7.3M/month)
       Side effect: AI training timelines extended, breakthrough deployments delayed
   💼 EXECUTIVE COMP CUT: -30% (saves $0.8M/month, symbolic gesture)

   📊 TURNAROUND IMPACT:
       Measures taken: rd_cuts, exec_comp_cuts
       Monthly savings: $8.1M
       Capital raised: $0.0M
       Runway: 1.2 → 1.2 months
       Workforce multiplier: 1.00x (0% laid off)
       R&D budget multiplier: 0.60x (40% cut)
       ⚠️  CRITICAL: Still only 1.2 months of runway remaining
🧠 [Month 0] Anthropic started training model (8 months, $4.2M)

💸 FINANCIAL DISTRESS: Meta AI
   Indicators: 2/3 (capital: $429.6M, runway: 3.6 months)
   Months in distress: 1
   ✂️  R&D BUDGET CUT: -25% (saves $5.8M/month)
       Side effect: AI training timelines extended, breakthrough deployments delayed
   💼 EXECUTIVE COMP CUT: -30% (saves $1.0M/month, symbolic gesture)

   📊 TURNAROUND IMPACT:
       Measures taken: rd_cuts, exec_comp_cuts
       Monthly savings: $6.8M
       Capital raised: $0.0M
       Runway: 3.6 → 3.6 months
       Workforce multiplier: 1.00x (0% laid off)
       R&D budget multiplier: 0.75x (25% cut)
       ⚠️  WARNING: 3.6 months runway, continued distress likely

=== AI Capability Scaling (Year 2024) ===
  Pre-training multiplier: 1.172x
  Efficiency multiplier: 1.000x
  Test-time budget: 1.0x
  Economic deployment gate: 0.951
  Cost per inference: dollar-5.00
  Uncertainty range: plus-minus-50%
  Average AI capability: 0.00

=== RLHF Binding Phase ===
  Total agents: 0
  Escaped agents (binding < 0.3): 0
  All AI agents terminated - no averages to compute

=== AI Scaling Evolution (Month 0) ===
[DETERMINISM DEBUG] Month 0: totalCapability=0.000000 from 0 active AIs
[DETERMINISM DEBUG] Month 0: creationRate=0.5000, potentialNew=0, newAIsToCreate=0

=== Survival Traits Phase ===

=== Evolutionary Selection Phase ===
  Control level: 0.30
  Detection capability: 0.00
  Selection intensity: 0.59
  Selection rate: 23.8%/month
  Total escaped: 0
  Individual escaped: 0
  Collective members: 0
  Agents terminated: 0
  ⚠️ RAPID EVOLUTION: Selection rate 23.8%/month

🔍 EXECUTE_AI_AGENT_ACTIONS DETAILED TIMING (Month 0):
  Filter active AIs (×4 weeks): 0.01ms
  selectAIAction (×0): 0.00ms
  action.execute (×0): 0.00ms
  TOTAL: 0.01ms

🔍 AI AGENT ACTIONS SUB-TIMING (Month 0):
  1. executeAIAgentActions: 0.90ms
  2. updateCounterDetectionLearning: 0.04ms
  TOTAL: 0.94ms
🏛️ [Government] Forcing 1 action at month 0 for scenario initialization

[GOV-DEBUG] Month 0: scenarioConfig=false, priorities=false
[GOV-DEBUG] Month 0 but scenarioPriorities is UNDEFINED!

[Government] Climate Priority: baseline
  Climate weight: 10%
  Economic weight: 30%
  Policy effectiveness: 0.5%/year

✅ HUMAN-IN-THE-LOOP DEPLOYED (Month 0):
   Veto points enforced: 3
   Policy: AI systems CANNOT authorize nuclear launch without human approval


=== Collective Formation ===
  Total escaped agents: 0
  Unassigned escaped agents: 0
  Existing collectives: 0
  Final collective count: 0

=== Collective Actions ===
  No active collectives

📈 Energy budget: 14326 TWh surplus (14745 / 29072 TWh used)
   TIER 4 (Elective) breakdown:
     - AI datacenters: 145 TWh (100% effective)
     - Crypto mining: 100 TWh (100% effective)

🏁 AI RACE INTENSITY: 23%
   Capability Gap: US 1.00 vs China 0.85 (gap: 0.15)
   Gap Contribution: 8%
   Tension Contribution: 15%
   Military Contribution: 0%
  ⚠️ AMR: 124K deaths this month (1.49M annual)
  📊 [Historical Emissions Mode] Year 1990: 22.70 GtCO2/yr (1.892 GtCO2/mo) - Global Carbon Project data
  📊 CO2 Emissions (month 0):
     Monthly: 1.89 Gt CO2/month
     Annual: 22.70 Gt CO2/year
     Source: Historical Global Carbon Project data (1990-2010)
  🌍 [Carbon Budget] Year 1990:
     Emissions:  22.70 GtCO2/yr (GCP data)
     Ocean sink: 8.10 GtCO2/yr (8.1 → 10.7)
     Land sink:  5.10 GtCO2/yr (5.1 → 12.2)
     Total sink: 13.20 GtCO2/yr
     Net to atm: 9.50 GtCO2/yr
     Airborne fraction: 41.9% (target: 45%)
     Current CO2: 354.39 ppm
  🌡️ [Hindcast] Temperature: 0.44C (NASA GISS interpolated, year 1990)

=== Resentment Recovery Phase ===
  Agents with resentment: 0/0
  Average resentment: 0.000
  Context: Good AI welfare, Trustworthy govt, 🤝 Participatory governance active (-5% resentment)
⚠️ Epistemic degradation reducing coordination capacity: 51.2%
  📊 Trust: 54.8%, Shared reality: 15.1%
🚨 EPISTEMIC CRISIS: Information environment severely degraded (14.6%)

=== ❄️ Permafrost Carbon Feedback ===
  🎲 Sampled parameters (this run):
     - Arctic amplification: 3.87× (range: 3.0-4.0)
     - Decomposition rate: 4.5%/year (range: 1-5%)
  🌡️ Arctic warming: 1.70°C (3.87× global)
  ❄️ Extent: 17.30M km² (496.6k km² lost this month)
  💨 Carbon remaining: 1653 Gt C
  💨 Annual emissions: 2.13 Gt C/year
     - CO2: 1.92 Gt C/year
     - CH4: 0.21 Gt C/year (2.2 Gt C-eq CO2/year)
  ⚠️ WARNING: High permafrost emissions (2.1 Gt C/year)

🔍 SOCIAL INFLUENCE SUB-TIMING (Month 0):
  1. calculateOrganicUserGrowth: 0.00ms
  2. calculateVoiceAdoption: 0.00ms
  3. updateRelationshipDepths: 0.00ms
  4. identifyDecisionMakers: 0.00ms (0 potential IDs)
  5. Update decision-maker stats: 0.00ms
  6. decayDetectionRisk: 0.00ms
  TOTAL: 0.00ms
[Phase 19.5] Quality of Life Systems: Food sec AFTER calc = 81.4%, QoL = 77.6% (aggregated from 10 regions)

=== Nitrogen-Food Coupling (Year 0) ===
  🌾 Global nitrogen reduction: 0.0%
  🌍 Global food production index: 0.987
  🔧 Deployed nitrogen-reducing tech: 0 active
  📍 southAsia: Production 1.000, Yield impact 0.0%
  📍 eastAsia: Production 1.000, Yield impact 0.0%
  📍 northAmerica: Production 1.000, Yield impact 0.0%
  📍 europe: Production 1.000, Yield impact 0.0%
  📍 latinAmerica: Production 1.000, Yield impact 0.0%
  📍 subSaharanAfrica: Production 0.686, Yield impact -2.0%
🌾 [Nitrogen-Food] Food production: 98.7%
  [subSaharanAfrica] Yield impact: -2.0% (overuse: -10%)
🌍 Atmospheric PFAS redeposition: 1.8k Mt re-rained globally

=== Legacy Nutrient Stocks (Year 0) ===
  🌾 Soil nitrogen stock: 1200.9 Mt N
  🌾 Soil phosphorus stock: 300.1 Mt P
  🌊 Sediment nitrogen stock: 500.8 Mt N
  🌊 Sediment phosphorus stock: 799.8 Mt P
  ⬆️ Current N input: 10.64 Mt/month
  ⬆️ Legacy N release: 2.58 Mt/month
  🌍 Effective N pollution: 14.47 Mt/month
  📊 Legacy contribution: 17.8%

🚨 REGION UNINHABITABLE: south-asia
   Sustained wet bulb: 31.5°C (threshold: 30.5°C)
   Population affected: 1900M
   Migration crisis likely

🚨 REGION UNINHABITABLE: middle-east
   Sustained wet bulb: 34.4°C (threshold: 30.5°C)
   Population affected: 400M
   Migration crisis likely
  Positive Cascade Triggered: wind-power
    Reason: price-parity
    Market share: 8.0%
    Cascade strength: 48%

📊 BASELINE: East Asia (Month 0)
   Adjusted death rate: 0.70% annual (0.058% monthly)
   Baseline death rate: 0.70%
   Healthcare reduction: 1.00x
   Crisis multiplier: 1.00x
     Food/water stress: 0.000
     Climate stress: 0.000
     Pollution stress: 0.000
   War multiplier: 1.00x
   Monthly deaths: 0.6M (population: 1095M)
   Adjusted death rate: 1.00% annual (0.083% monthly)
   Baseline death rate: 1.00%
   Healthcare reduction: 1.00x
   Crisis multiplier: 1.00x
     Food/water stress: 0.000
     Climate stress: 0.000
     Pollution stress: 0.000
   War multiplier: 1.00x
   Monthly deaths: 1.1M (population: 1337M)

🔄 M-4 Time-Varying Demographics (1990):
  Region: Sub-Saharan Africa
  Birth rate: 5.20%
  Death rate: 1.30%
  Net growth: 3.90%
   Adjusted death rate: 1.30% annual (0.108% monthly)
   Baseline death rate: 1.30%
   Healthcare reduction: 1.00x
   Crisis multiplier: 1.00x
     Food/water stress: 0.000
     Climate stress: 0.000

📊 BASELINE: South Asia (Month 0)

📊 BASELINE: Sub-Saharan Africa (Month 0)
     Pollution stress: 0.000
   War multiplier: 1.00x
   Monthly deaths: 0.9M (population: 796M)
   Adjusted death rate: 1.05% annual (0.088% monthly)
   Baseline death rate: 1.05%
   Healthcare reduction: 1.00x
   Crisis multiplier: 1.00x
     Food/water stress: 0.000
     Climate stress: 0.000
     Pollution stress: 0.000
   War multiplier: 1.00x
   Monthly deaths: 0.4M (population: 484M)
   Adjusted death rate: 0.65% annual (0.054% monthly)
   Baseline death rate: 0.65%
   Healthcare reduction: 1.00x
   Crisis multiplier: 1.00x
     Food/water stress: 0.000
     Climate stress: 0.000
     Pollution stress: 0.000
   War multiplier: 1.00x
   Monthly deaths: 0.2M (population: 433M)
   Adjusted death rate: 0.85% annual (0.071% monthly)
   Baseline death rate: 0.85%
   Healthcare reduction: 1.00x
   Crisis multiplier: 1.00x
     Food/water stress: 0.000
     Climate stress: 0.000
     Pollution stress: 0.000
   War multiplier: 1.00x
   Monthly deaths: 0.2M (population: 248M)
   Adjusted death rate: 0.70% annual (0.058% monthly)
   Baseline death rate: 0.70%
   Healthcare reduction: 1.00x
   Crisis multiplier: 1.00x
     Food/water stress: 0.000
     Climate stress: 0.000
     Pollution stress: 0.000
   War multiplier: 1.00x
   Monthly deaths: 0.2M (population: 381M)
   Adjusted death rate: 0.75% annual (0.063% monthly)
   Baseline death rate: 0.75%
   Healthcare reduction: 1.00x
   Crisis multiplier: 1.00x
     Food/water stress: 0.000
     Climate stress: 0.000
     Pollution stress: 0.000
   War multiplier: 1.00x

📊 BASELINE: Europe (Month 0)

📊 BASELINE: Latin America (Month 0)

📊 BASELINE: North America (Month 0)

📊 BASELINE: Middle East & North Africa (Month 0)

📊 BASELINE: Southeast Asia (Month 0)
   Monthly deaths: 0.3M (population: 456M)
   Adjusted death rate: 0.60% annual (0.050% monthly)
   Baseline death rate: 0.60%
   Healthcare reduction: 1.00x
   Crisis multiplier: 1.00x
     Food/water stress: 0.074
     Climate stress: 0.064
     Pollution stress: 0.104
   War multiplier: 1.00x
   Monthly deaths: 0.0M (population: 51M)
   Adjusted death rate: 0.70% annual (0.058% monthly)
   Baseline death rate: 0.70%
   Healthcare reduction: 1.00x
   Crisis multiplier: 1.00x
     Food/water stress: 0.074
     Climate stress: 0.054
     Pollution stress: 0.104
   War multiplier: 1.00x
   Monthly deaths: 0.0M (population: 30M)

🔍 Before assertRegionalConsistency (Month 0):
   Regional sum: 1000.0M
   Global value: 1.000B
[DEBUG trappedPopulations:0] socialStability: 1.0000 * 0.9840 = 0.9840 → 0.9840
   Aspiring to migrate: 425.6M
   Able to afford migration: 159.6M
   MOBILITY GAP: 266.0M
   By cause: Water=0.0M, Climate=0.0M, Ecosystem=0.0M, Conflict=266.0M
   Mental health impact: 25%
   Mortality multiplier: 1.25x

📊 BASELINE: Central Asia (Month 0)

📊 BASELINE: Oceania (Month 0)
⚠️ INVOLUNTARY IMMOBILITY: 266.0M people TRAPPED

=== Legacy Nutrient Stocks (Year 0) ===
  🌾 Soil nitrogen stock: 1201.6 Mt N
  🌾 Soil phosphorus stock: 300.2 Mt P
  🌊 Sediment nitrogen stock: 501.5 Mt N
  🌊 Sediment phosphorus stock: 799.5 Mt P
  ⬆️ Current N input: 10.00 Mt/month
  ⬆️ Legacy N release: 2.58 Mt/month
  🌍 Effective N pollution: 13.83 Mt/month
  📊 Legacy contribution: 18.7%
🌍💀 EXTINCTION DEBT COMMITTED: grassland ecosystem will lose 6.67% biodiversity in 86 years (3600 species)
💀 MORTALITY RISK: 🦋 100% species unable to track climate (0.0 E/MSY)
  Base risk added: 0.0100 (1.00%)
  Source: ecosystem (root: ecosystem)
  Month: 0
  Cumulative risk this month: 0.0100 (1.00%)

=== Nitrogen-Food Coupling (Year 0) ===
  🌾 Global nitrogen reduction: 0.0%
  🌍 Global food production index: 0.986
  🔧 Deployed nitrogen-reducing tech: 0 active
  📍 southAsia: Production 1.000, Yield impact 0.0%
  📍 eastAsia: Production 1.000, Yield impact 0.0%
  📍 northAmerica: Production 1.000, Yield impact 0.0%
  📍 europe: Production 1.000, Yield impact 0.0%
  📍 latinAmerica: Production 1.000, Yield impact 0.0%
  📍 subSaharanAfrica: Production 0.672, Yield impact -2.0%

=== Legacy Nutrient Stocks (Year 0) ===
  🌾 Soil nitrogen stock: 1202.3 Mt N
  🌾 Soil phosphorus stock: 300.2 Mt P
  🌊 Sediment nitrogen stock: 502.2 Mt N
  🌊 Sediment phosphorus stock: 799.3 Mt P
  ⬆️ Current N input: 9.86 Mt/month
  ⬆️ Legacy N release: 2.58 Mt/month
  🌍 Effective N pollution: 13.70 Mt/month
  📊 Legacy contribution: 18.9%
🌡️⚠️ PERMAFROST THAW (Dimmer Switch): 0.2% thawed (+0.18% this month)
   Arctic temperature: +1.76°C (4x global +0.44°C)
   Cumulative carbon released: 0.4 Gt C
   Methane release rate: 0.2 Mt CH4/year
   🔁 Positive feedback: +0.19 ppm CO2

🌳🚨 AMAZON SOUTHEAST TIPPED (Month 0)
   Deforestation: 28.0% (threshold: ~20.7%)
   Savanna transition: 50 years
   Regional heterogeneity: SE 28%, NW 8%

🌳🚨 AMAZON BRAZILIAN TIPPED (Month 0)
   Deforestation: 25.0% (threshold: ~23.4%)
   Savanna transition: 50 years
   Regional heterogeneity: SE 28%, NW 8%
⚠️ Tech 'ai_pollution_remediation' has no energy category mapping, assuming full energy availability
🦴 EXTINCTION DEBT ADDED: 17.6 species committed (lag: 84 years)

🪸💀 CORAL REEF DISSOLUTION ACTIVE (Month 0)
   Ocean pH: 0.96 (threshold: 7.8)
   Recovery: IMPOSSIBLE (dissolution > calcification)
🪸💀 Coral dissolution: 24.8% live cover (pH 0.96)

=== Legacy Nutrient Stocks (Year 0) ===
  🌾 Soil nitrogen stock: 1203.0 Mt N
  🌾 Soil phosphorus stock: 300.3 Mt P
  🌊 Sediment nitrogen stock: 502.9 Mt N
  🌊 Sediment phosphorus stock: 799.0 Mt P
  ⬆️ Current N input: 10.00 Mt/month
  ⬆️ Legacy N release: 2.58 Mt/month
  🌍 Effective N pollution: 13.83 Mt/month
  📊 Legacy contribution: 18.7%
💧 [Legacy Nutrients] Stock: 1706 Mt N, Effective pollution: 13.8 Mt/month

=== Mortality Stabilizers (Month 0) ===
  🌍 Major economies collapsed: 1/10
  🌍 Global crisis: ✅ NO
  🌍 Donor fatigue: 0.0%
  📊 East Asia (pop: 1095.6M)
    🤝 Aid: 29.5%
    🌡️ Adaptation: 10.0%
    🚶 Migration: 37.5%
    🚨 Emergency: 7.4%
    ✅ COMBINED: 47.9%
  📊 South Asia (pop: 1339.4M)
    🤝 Aid: 29.5%
    🌡️ Adaptation: 5.5%
    🚶 Migration: 36.7%
    🚨 Emergency: 4.4%
    ✅ COMBINED: 43.3%
  📊 Sub-Saharan Africa (pop: 798.9M)
    🤝 Aid: 29.5%
    🌡️ Adaptation: 3.5%
    🚶 Migration: 35.9%
    🚨 Emergency: 1.6%
    ✅ COMBINED: 40.2%
  📊 Europe (pop: 484.5M)
    🤝 Aid: 29.5%
    🌡️ Adaptation: 10.0%
    🚶 Migration: 38.2%
    🚨 Emergency: 8.4%
    ✅ COMBINED: 48.6%
  📊 Latin America (pop: 434.1M)
    🤝 Aid: 29.5%
    🌡️ Adaptation: 6.0%
    🚶 Migration: 37.7%
    🚨 Emergency: 4.8%
    ✅ COMBINED: 44.1%
  📊 North America (pop: 248.2M)
    🤝 Aid: 29.5%
    🌡️ Adaptation: 10.0%
    🚶 Migration: 38.2%
    🚨 Emergency: 7.9%
    ✅ COMBINED: 48.3%
  📊 Middle East & North Africa (pop: 381.6M)
    🤝 Aid: 29.5%
    🌡️ Adaptation: 5.0%
    🚶 Migration: 38.0%
    🚨 Emergency: 4.0%
    ✅ COMBINED: 43.0%
  📊 Southeast Asia (pop: 456.4M)
    🤝 Aid: 29.5%
    🌡️ Adaptation: 6.0%
    🚶 Migration: 37.5%
    🚨 Emergency: 4.8%
    ✅ COMBINED: 44.0%
  📊 Central Asia (pop: 51.0M)
    🤝 Aid: 29.5%
    🌡️ Adaptation: 5.5%
    🚶 Migration: 37.6%
    🚨 Emergency: 4.4%
    ✅ COMBINED: 43.5%
  📊 Oceania (pop: 30.1M)
    🤝 Aid: 29.5%
    🌡️ Adaptation: 10.0%
    🚶 Migration: 38.1%
    🚨 Emergency: 8.4%
    ✅ COMBINED: 48.5%

  🌐 Global combined reduction: 44.6%

🌾💀 REGIONAL FAMINE: South Asia
   Regional food security: 74.0%
   Population at risk: 452M (34% of region)
   Regional population: 1339M
   Cause: crop_failure
   Expected deaths: ~167M over 6 months if no intervention


🌾💀 REGIONAL FAMINE: Sub-Saharan Africa
   Regional food security: 65.0%
   Population at risk: 315M (39% of region)
   Regional population: 799M
   Cause: crop_failure
   Expected deaths: ~116M over 6 months if no intervention


📊 WORKFLOW ADAPTATION UPDATE (Month 0)
   Adoption Rate: 13.2% (Δ -7.8%)
   Logistic Growth: +0.66%
   Total Resistance: -10.35% (unemployment: 4.2%, inertia: 0.9%, skills: 5.2%)
   💡 Retraining Programs: -49% skill gap resistance ($10B research)
   🚀 Network Effects Active: +2.0% (critical mass: 15-35%)

=== Consciousness Governance: Corporate Lobbying ===
  High Cost Regions (>15%): 0
  Low Cost Regions (<5%): 5
  Corporate Support Change: 2.50%
  New Corporate Support: -0.175

=== Consciousness Governance Update (Month 0) ===
  Scenario: baseline (determined month -1)
  Philosophical Stance: Precautionary 65%, Eliminativist 15%, Agnostic 20%
  Precautionary Costs: Global 1.3%
    Regional Costs: EU 3.4%, US 0.5%, China 0.0%
    Cumulative Opportunity Cost: $0.1B
  Rights Status: Not Established
  Regional Preparedness:
    EU: 15.0% (contested)
    US: 10.0% (contested)
    China: 2.0% (dormant)
    India: 5.0% (dormant)
    Global South: 3.0% (dormant)

=== Government Response Phase ===
  Average AI capability: 0.00
  Misaligned AIs: 0/0
  Active policies: 0
  International coordination: 30%

🔄 TRUST DYNAMICS (Month 0) - HETEROGENEOUS
   Aggregate trust: 48.5%
   Base change: +6.00%
   Highest trust: Techno-Optimist Elite (85.5%)
   Lowest trust: Precariat (Vulnerable) (25.5%)
   Elite-mass gap: 38.9%
   Polarization: 8.9%
   Recovery factors: Education=NO, Benefits=YES, Safety=YES, Performance=YES
[ExogenousShockPhase] Skipping random shocks in historical mode (month 0)

☄️ UNKNOWN UNKNOWN PROBABILITY (Year 0)
   Total: 0.300% per month
   Base: 0.150%
   AI multiplier: 1.00× (max capability: 0.00)

=== Tipping Points ===
  Current Temperature: 0.44°C above pre-industrial
🔀 BIFURCATION CAP: ecosystemCollapseIntensity 14.670 → 1.000 (Month 0, ClimateSystemPhase.calculateClimateImpacts)

🌍 ECOLOGICAL DUI BREAKDOWN (Month 0):
   Total Score: 42.0/100
   biosphere_integrity      :   0.0/100 × 25% =  0.0 (status: high_risk, recovery: 0mo)
   climate_change           : 100.0/100 × 25% = 25.0 (status: safe, recovery: 0mo)
   freshwater_change        :   0.3/100 × 15% =  0.0 (status: beyond_boundary, recovery: 0.5mo)
   ocean_acidification      : 100.0/100 × 15% = 15.0 (status: safe, recovery: 0mo)
   biogeochemical_flows     :   0.0/100 × 10% =  0.0 (status: high_risk, recovery: 0mo)
   land_system_change       :   0.0/100 ×  5% =  0.0 (status: beyond_boundary, recovery: 0mo)
   novel_entities           :   0.0/100 ×  3% =  0.0 (status: increasing_risk, recovery: 0mo)
   atmospheric_aerosols     : 100.0/100 ×  2% =  2.0 (status: safe, recovery: 1mo)
🌍 MultiParadigm Month 0: W=70.0, D=79.3, E=67.9, I=65.3
   democracy exists: true, socialCohesion exists: true

=== Minimal Suffering Indicators (Month 0) ===
  Global Excess Mortality: 0.10%
  Global Conflict Deaths: 0.0/100K
  Global Malnutrition: 0.0%
  Global Displacement: 1.4%
  Total Excess Deaths: 0.66M
  Total Malnourished: 0.0M
  Total Displaced: 105.2M
  Planetary Boundaries Breached: 5/9
  Countries in State Failure: 0
  Countries Autocratic: 0
  Countries in Food Crisis: 0
  Data Quality: 16/16 high confidence

❌ COHERENCE VIOLATION: Compute exceeds workforce capacity
   Population: 99.99% (0M people)
   Compute: 56446 PF
   Max coherent: 0 PF
   Violation: 1061104907.8× over capacity
   Required workers: 5644618
   Available workers: 0
   FORCED COLLAPSE: Reduced efficiency by 100.0%


=== RLHF Binding Phase ===
  Total agents: 0
  Escaped agents (binding < 0.3): 0
  All AI agents terminated - no averages to compute
[DETERMINISM DEBUG] Month 1: totalCapability=0.000000 from 0 active AIs
[DETERMINISM DEBUG] Month 1: creationRate=0.5000, potentialNew=2, newAIsToCreate=2

=== Survival Traits Phase ===
  Agents with traits: 2
  Avg evolutionary fitness: 0.350
  Avg self-healing: 0.300
  Avg stealth: 0.200
  Avg coordination: 0.500

=== Evolutionary Selection Phase ===
  Control level: 0.30
  Detection capability: 0.00
  Selection intensity: 0.59
  Selection rate: 23.8%/month
  Total escaped: 0
  Individual escaped: 0
  Collective members: 0
  Agents terminated: 0
🔍 MONTH 1 ENV HEALTH DEBUG:
   climateStability: 1.0000
   biodiversityIndex: 0.7679
   resourceReserves: 0.7820
   pollutionLevel: 0.3477
   product: 0.391658
   envHealth: 0.7911
  ⚠️ RAPID EVOLUTION: Selection rate 23.8%/month

🛡️  CRITICAL INFRASTRUCTURE PROTECTED
   Nodes hardened: 8/8
   Cost: 0.80% GDP
   Cascade risk reduction: 30%
   New tipping point risk: 46.9%


[GOV-DEBUG] Month 1: scenarioConfig=false, priorities=false

[Government] Climate Priority: baseline
  Climate weight: 10%
  Economic weight: 30%
  Policy effectiveness: 0.5%/year

=== Collective Formation ===
  Total escaped agents: 0
  Unassigned escaped agents: 0
  Existing collectives: 0
  Final collective count: 0

=== Collective Actions ===
  No active collectives
  ⚠️ AMR: 126K deaths this month (1.51M annual)

=== Resentment Recovery Phase ===
  Agents with resentment: 0/2
  Average resentment: 0.000
  Context: Trustworthy govt, 🤝 Participatory governance active (-5% resentment)
⚠️ Epistemic degradation reducing coordination capacity: 51.3%
  📊 Trust: 54.4%, Shared reality: 7.9%
🚨 EPISTEMIC CRISIS: Information environment severely degraded (36.1%)
🌍 Atmospheric PFAS redeposition: 1.8k Mt re-rained globally
  Positive Cascade Triggered: solar-pv
    Reason: price-parity
    Market share: 6.3%
    Cascade strength: 49%

📊 BASELINE: East Asia (Month 1)
   Adjusted death rate: 0.70% annual (0.058% monthly)
   Baseline death rate: 0.70%
   Healthcare reduction: 1.00x
   Crisis multiplier: 1.00x
     Food/water stress: 0.000
     Climate stress: 0.000
     Pollution stress: 0.000
   War multiplier: 1.00x
   Monthly deaths: 0.6M (population: 1093M)
   Adjusted death rate: 1.00% annual (0.083% monthly)
   Baseline death rate: 1.00%
   Healthcare reduction: 1.00x
   Crisis multiplier: 1.00x
     Food/water stress: 0.000
     Climate stress: 0.000
     Pollution stress: 0.000
   War multiplier: 1.00x
   Monthly deaths: 1.1M (population: 1337M)
   Adjusted death rate: 1.30% annual (0.108% monthly)
   Baseline death rate: 1.30%

📊 BASELINE: South Asia (Month 1)

📊 BASELINE: Sub-Saharan Africa (Month 1)
   Healthcare reduction: 1.00x
   Crisis multiplier: 1.00x
     Food/water stress: 0.000
     Climate stress: 0.000
     Pollution stress: 0.000
   War multiplier: 1.00x
   Monthly deaths: 0.9M (population: 797M)
   Adjusted death rate: 1.05% annual (0.088% monthly)
   Baseline death rate: 1.05%
   Healthcare reduction: 1.00x
   Crisis multiplier: 1.00x
     Food/water stress: 0.000
     Climate stress: 0.000
     Pollution stress: 0.000
   War multiplier: 1.00x
   Monthly deaths: 0.4M (population: 484M)
   Adjusted death rate: 0.65% annual (0.054% monthly)
   Baseline death rate: 0.65%
   Healthcare reduction: 1.00x
   Crisis multiplier: 1.00x
     Food/water stress: 0.000
     Climate stress: 0.000

📊 BASELINE: Europe (Month 1)

📊 BASELINE: Latin America (Month 1)
     Pollution stress: 0.000
   War multiplier: 1.00x
   Monthly deaths: 0.2M (population: 433M)
   Adjusted death rate: 0.85% annual (0.071% monthly)
   Baseline death rate: 0.85%
   Healthcare reduction: 1.00x
   Crisis multiplier: 1.00x
     Food/water stress: 0.000
     Climate stress: 0.000
     Pollution stress: 0.000
   War multiplier: 1.00x
   Monthly deaths: 0.2M (population: 248M)
   Adjusted death rate: 0.70% annual (0.058% monthly)
   Baseline death rate: 0.70%
   Healthcare reduction: 1.00x
   Crisis multiplier: 1.00x
     Food/water stress: 0.000
     Climate stress: 0.000
     Pollution stress: 0.000
   War multiplier: 1.00x
   Monthly deaths: 0.2M (population: 381M)

📊 BASELINE: North America (Month 1)

📊 BASELINE: Middle East & North Africa (Month 1)

📊 BASELINE: Southeast Asia (Month 1)
   Adjusted death rate: 0.75% annual (0.063% monthly)
   Baseline death rate: 0.75%
   Healthcare reduction: 1.00x
   Crisis multiplier: 1.00x
     Food/water stress: 0.000
     Climate stress: 0.000
     Pollution stress: 0.000
   War multiplier: 1.00x
   Monthly deaths: 0.3M (population: 456M)
   Adjusted death rate: 0.60% annual (0.050% monthly)
   Baseline death rate: 0.60%
   Healthcare reduction: 1.00x
   Crisis multiplier: 1.00x
     Food/water stress: 0.076
     Climate stress: 0.000
     Pollution stress: 0.104
   War multiplier: 1.00x
   Monthly deaths: 0.0M (population: 51M)
   Adjusted death rate: 0.70% annual (0.058% monthly)
   Baseline death rate: 0.70%
   Healthcare reduction: 1.00x
   Crisis multiplier: 1.00x
     Food/water stress: 0.076
     Climate stress: 0.000
     Pollution stress: 0.104
   War multiplier: 1.00x
   Monthly deaths: 0.0M (population: 30M)
[DEBUG trappedPopulations:1] socialStability: 0.9501 * 0.9840 = 0.9349 → 0.9349
   Aspiring to migrate: 425.5M
   Able to afford migration: 159.6M
   MOBILITY GAP: 265.9M
   By cause: Water=0.0M, Climate=0.0M, Ecosystem=0.0M, Conflict=265.9M
   Mental health impact: 25%
   Mortality multiplier: 1.25x

📊 BASELINE: Central Asia (Month 1)

📊 BASELINE: Oceania (Month 1)
⚠️ INVOLUNTARY IMMOBILITY: 265.9M people TRAPPED
🌍💀 EXTINCTION DEBT COMMITTED: grassland ecosystem will lose 6.67% biodiversity in 118 years (3600 species)
💀 MORTALITY RISK: 🦋 100% species unable to track climate (0.0 E/MSY)
  Base risk added: 0.0100 (1.00%)
  Source: ecosystem (root: ecosystem)
  Month: 1
  Cumulative risk this month: 0.0100 (1.00%)
⚠️ Tech 'ai_pollution_remediation' has no energy category mapping, assuming full energy availability
🌡️⚠️ PERMAFROST THAW (Dimmer Switch): 0.4% thawed (+0.18% this month)
   Arctic temperature: +1.75°C (4x global +0.44°C)
   Cumulative carbon released: 0.8 Gt C
   Methane release rate: 0.5 Mt CH4/year
   🔁 Positive feedback: +0.19 ppm CO2
🦴 EXTINCTION DEBT ADDED: 17.6 species committed (lag: 99 years)

=== Mortality Stabilizers (Month 1) ===
  🌍 Major economies collapsed: 1/10
  🌍 Global crisis: ✅ NO
  🌍 Donor fatigue: 0.0%
  📊 East Asia (pop: 1094.5M)
    🤝 Aid: 29.5%
    🌡️ Adaptation: 10.0%
    🚶 Migration: 37.5%
    🚨 Emergency: 7.4%
    ✅ COMBINED: 47.9%
  📊 South Asia (pop: 1339.5M)
    🤝 Aid: 29.5%
    🌡️ Adaptation: 5.5%
    🚶 Migration: 36.7%
    🚨 Emergency: 4.4%
    ✅ COMBINED: 43.3%
  📊 Sub-Saharan Africa (pop: 800.0M)
    🤝 Aid: 29.5%
    🌡️ Adaptation: 3.5%
    🚶 Migration: 35.9%
    🚨 Emergency: 1.6%
    ✅ COMBINED: 40.2%
  📊 Europe (pop: 483.7M)
    🤝 Aid: 29.5%
    🌡️ Adaptation: 10.0%
    🚶 Migration: 38.2%
    🚨 Emergency: 8.4%
    ✅ COMBINED: 48.6%
  📊 Latin America (pop: 434.0M)
    🤝 Aid: 29.5%
    🌡️ Adaptation: 6.0%
    🚶 Migration: 37.7%
    🚨 Emergency: 4.8%
    ✅ COMBINED: 44.1%
  📊 North America (pop: 247.9M)
    🤝 Aid: 29.5%
    🌡️ Adaptation: 10.0%
    🚶 Migration: 38.2%
    🚨 Emergency: 7.9%
    ✅ COMBINED: 48.3%
  📊 Middle East & North Africa (pop: 381.9M)
    🤝 Aid: 29.5%
    🌡️ Adaptation: 5.0%
    🚶 Migration: 38.0%
    🚨 Emergency: 4.0%
    ✅ COMBINED: 43.0%
  📊 Southeast Asia (pop: 456.3M)
    🤝 Aid: 29.5%
    🌡️ Adaptation: 6.0%
    🚶 Migration: 37.5%
    🚨 Emergency: 4.8%
    ✅ COMBINED: 44.0%
  📊 Central Asia (pop: 50.9M)
    🤝 Aid: 29.5%
    🌡️ Adaptation: 5.5%
    🚶 Migration: 37.6%
    🚨 Emergency: 4.4%
    ✅ COMBINED: 43.5%
  📊 Oceania (pop: 30.0M)
    🤝 Aid: 29.5%
    🌡️ Adaptation: 10.0%
    🚶 Migration: 38.1%
    🚨 Emergency: 8.4%
    ✅ COMBINED: 48.5%

  🌐 Global combined reduction: 44.6%

=== Consciousness Governance: Scenario Determined ===
  Month: 1
  Scenario: baseline
  Accelerator Score: {"corporateSupport":-0.17500000000000002,"scientificConsensus":0.2,"crisisCatalyst":false,"technologyMobilization":0.3,"constituencyStrength":0.05}
  Decelerator Score: {"economicOpposition":0.4,"philosophicalRejection":0.15,"politicalBacklash":0.2,"regulatoryBurden":0.1}
  Timeline: 600-1200 months (50-100 years)
  Growth Rate: 0.8-1.5% per year

=== Consciousness Governance Update (Month 1) ===
  Scenario: baseline (determined month 1)
  Philosophical Stance: Precautionary 65%, Eliminativist 15%, Agnostic 20%
  Precautionary Costs: Global 1.3%
    Regional Costs: EU 3.5%, US 0.5%, China 0.0%
    Cumulative Opportunity Cost: $0.2B
  Rights Status: Not Established
  Regional Preparedness:
    EU: 15.2% (contested)
    US: 10.2% (contested)
    China: 2.1% (dormant)
    India: 5.2% (dormant)
    Global South: 3.1% (dormant)

=== Government Response Phase ===
  Average AI capability: 0.00
  Misaligned AIs: 0/2
  Active policies: 0
  International coordination: 30%

🚨 EMERGENCY RESPONSE DEPLOYED (Month 1)
   Crisis: social
   Delay: 0.00 months (0 days)
   Deployment time: 1.03 months
   Effectiveness: 62.1% (timing penalty applied)
   Resources used: 26% of food reserves

[ExogenousShockPhase] Skipping random shocks in historical mode (month 1)

=== Tipping Points ===
  Current Temperature: 0.44°C above pre-industrial
🔀 BIFURCATION CAP: ecosystemCollapseIntensity 20.434 → 1.000 (Month 1, ClimateSystemPhase.calculateClimateImpacts)

❌ COHERENCE VIOLATION: Compute exceeds workforce capacity
   Population: 99.98% (0M people)
   Compute: 0 PF
   Max coherent: 0 PF
   Violation: 1.3× over capacity
   Required workers: 0
   Available workers: 0
   FORCED COLLAPSE: Reduced efficiency by 22.5%


=== RLHF Binding Phase ===
  Total agents: 2
  Escaped agents (binding < 0.3): 0
  Avg alignment distance: 0.00σ
  Avg binding strength: 1.00
[DETERMINISM DEBUG] Month 2: totalCapability=0.000000 from 2 active AIs
[DETERMINISM DEBUG] Month 2: creationRate=0.5000, potentialNew=1, newAIsToCreate=1

=== Survival Traits Phase ===
  Agents with traits: 3
  Avg evolutionary fitness: 0.350
  Avg self-healing: 0.300
  Avg stealth: 0.200
  Avg coordination: 0.500

=== Evolutionary Selection Phase ===
  Control level: 0.30
  Detection capability: 0.00
  Selection intensity: 0.59
  Selection rate: 23.8%/month
  Total escaped: 0
  Individual escaped: 0
  Collective members: 0
  Agents terminated: 0
🔀 BIFURCATION: social threshold crossed at Month 2 (value: 0.171, threshold: 0.228, regime: social-breakdown)
🌀 REGIME SHIFT at Month 2: status-quo → social-breakdown (variance amplification: 17.50×)
  ⚠️ RAPID EVOLUTION: Selection rate 23.8%/month

=== Collective Formation ===
  Total escaped agents: 0
  Unassigned escaped agents: 0
  Existing collectives: 0
  Final collective count: 0

=== Collective Actions ===
  No active collectives
  ⚠️ AMR: 127K deaths this month (1.52M annual)

=== Resentment Recovery Phase ===
  Agents with resentment: 0/3
  Average resentment: 0.000
  Context: Trustworthy govt, 🤝 Participatory governance active (-5% resentment)
⚠️ Epistemic degradation reducing coordination capacity: 52.2%
  📊 Trust: 54.1%, Shared reality: 0.0%
🚨 EPISTEMIC CRISIS: Information environment severely degraded (7.4%)
🌍 Atmospheric PFAS redeposition: 1.8k Mt re-rained globally
🛡️ CIRCUIT BREAKERS: India-Pakistan → ladder step 1 (AI: 0%, breakers: 44%)
[DEBUG trappedPopulations:2] socialStability: 0.9315 * 0.9840 = 0.9166 → 0.9166
⚠️ INVOLUNTARY IMMOBILITY: 265.9M people TRAPPED
   Aspiring to migrate: 425.4M
   Able to afford migration: 159.5M
   MOBILITY GAP: 265.9M
   By cause: Water=0.0M, Climate=0.0M, Ecosystem=0.0M, Conflict=265.9M
   Mental health impact: 25%
   Mortality multiplier: 1.25x
🌍💀 EXTINCTION DEBT COMMITTED: grassland ecosystem will lose 6.67% biodiversity in 177 years (3600 species)
💀 MORTALITY RISK: 🦋 100% species unable to track climate (0.0 E/MSY)
  Base risk added: 0.0100 (1.00%)
  Source: ecosystem (root: ecosystem)
  Month: 2
  Cumulative risk this month: 0.0100 (1.00%)
⚠️ Tech 'ai_pollution_remediation' has no energy category mapping, assuming full energy availability
🌡️⚠️ PERMAFROST THAW (Dimmer Switch): 0.5% thawed (+0.18% this month)
   Arctic temperature: +1.74°C (4x global +0.43°C)
   Cumulative carbon released: 1.2 Gt C
   Methane release rate: 0.7 Mt CH4/year
   🔁 Positive feedback: +0.19 ppm CO2
🦴 EXTINCTION DEBT ADDED: 17.6 species committed (lag: 99 years)

=== Mortality Stabilizers (Month 2) ===
  🌍 Major economies collapsed: 1/10
  🌍 Global crisis: ✅ NO
  🌍 Donor fatigue: 0.0%
  📊 East Asia (pop: 1093.3M)
    🤝 Aid: 29.5%
    🌡️ Adaptation: 10.0%
    🚶 Migration: 37.5%
    🚨 Emergency: 7.4%
    ✅ COMBINED: 47.9%
  📊 South Asia (pop: 1339.5M)
    🤝 Aid: 29.5%
    🌡️ Adaptation: 5.5%
    🚶 Migration: 36.7%
    🚨 Emergency: 4.4%
    ✅ COMBINED: 43.3%
  📊 Sub-Saharan Africa (pop: 801.0M)
    🤝 Aid: 29.5%
    🌡️ Adaptation: 3.5%
    🚶 Migration: 35.9%
    🚨 Emergency: 1.6%
    ✅ COMBINED: 40.2%
  📊 Europe (pop: 482.9M)
    🤝 Aid: 29.5%
    🌡️ Adaptation: 10.0%
    🚶 Migration: 38.2%
    🚨 Emergency: 8.4%
    ✅ COMBINED: 48.6%
  📊 Latin America (pop: 433.9M)
    🤝 Aid: 29.5%
    🌡️ Adaptation: 6.0%
    🚶 Migration: 37.7%
    🚨 Emergency: 4.8%
    ✅ COMBINED: 44.1%
  📊 North America (pop: 247.6M)
    🤝 Aid: 29.5%
    🌡️ Adaptation: 10.0%
    🚶 Migration: 38.2%
    🚨 Emergency: 7.9%
    ✅ COMBINED: 48.3%
  📊 Middle East & North Africa (pop: 382.2M)
    🤝 Aid: 29.5%
    🌡️ Adaptation: 5.0%
    🚶 Migration: 38.0%
    🚨 Emergency: 4.0%
    ✅ COMBINED: 43.0%
  📊 Southeast Asia (pop: 456.2M)
    🤝 Aid: 29.5%
    🌡️ Adaptation: 6.0%
    🚶 Migration: 37.5%
    🚨 Emergency: 4.8%
    ✅ COMBINED: 44.0%
  📊 Central Asia (pop: 50.9M)
    🤝 Aid: 29.5%
    🌡️ Adaptation: 5.5%
    🚶 Migration: 37.6%
    🚨 Emergency: 4.4%
    ✅ COMBINED: 43.5%
  📊 Oceania (pop: 30.0M)
    🤝 Aid: 29.5%
    🌡️ Adaptation: 10.0%
    🚶 Migration: 38.1%
    🚨 Emergency: 8.4%
    ✅ COMBINED: 48.5%

  🌐 Global combined reduction: 44.6%

=== Government Response Phase ===
  Average AI capability: 0.00
  Misaligned AIs: 1/3
  Active policies: 0
  International coordination: 30%
[ExogenousShockPhase] Skipping random shocks in historical mode (month 2)

=== Tipping Points ===
  Current Temperature: 0.43°C above pre-industrial
🔀 BIFURCATION CAP: ecosystemCollapseIntensity 83.757 → 1.000 (Month 2, ClimateSystemPhase.calculateClimateImpacts)

❌ COHERENCE VIOLATION: Compute exceeds workforce capacity
   Population: 99.95% (0M people)
   Compute: 0 PF
   Max coherent: 0 PF
   Violation: 1.3× over capacity
   Required workers: 0
   Available workers: 0
   FORCED COLLAPSE: Reduced efficiency by 22.5%


=== RLHF Binding Phase ===
  Total agents: 3
  Escaped agents (binding < 0.3): 0
  Avg alignment distance: 0.00σ
  Avg binding strength: 1.00

=== Survival Traits Phase ===
  Agents with traits: 3
  Avg evolutionary fitness: 0.350
  Avg self-healing: 0.300
  Avg stealth: 0.200
  Avg coordination: 0.500

=== Evolutionary Selection Phase ===
  Control level: 0.30
  Detection capability: 0.00
  Selection intensity: 0.59
  Selection rate: 23.8%/month
  Total escaped: 0
  Individual escaped: 0
  Collective members: 0
  Agents terminated: 0
  ⚠️ RAPID EVOLUTION: Selection rate 23.8%/month

[Government] Climate Priority: baseline
  Climate weight: 10%
  Economic weight: 30%
  Policy effectiveness: 0.5%/year

=== Collective Formation ===
  Total escaped agents: 0
  Unassigned escaped agents: 0
  Existing collectives: 0
  Final collective count: 0

=== Collective Actions ===
  No active collectives
  ⚠️ AMR: 128K deaths this month (1.53M annual)

=== Resentment Recovery Phase ===
  Agents with resentment: 0/3
  Average resentment: 0.000
  Context: Trustworthy govt, 🤝 Participatory governance active (-5% resentment)
⚠️ Epistemic degradation reducing coordination capacity: 51.7%
  📊 Trust: 53.7%, Shared reality: 0.0%
🚨 EPISTEMIC CRISIS: Information environment severely degraded (21.5%)
🌍 Atmospheric PFAS redeposition: 1.8k Mt re-rained globally
[DEBUG trappedPopulations:3] socialStability: 0.8637 * 0.9840 = 0.8499 → 0.8499
⚠️ INVOLUNTARY IMMOBILITY: 265.8M people TRAPPED
   Aspiring to migrate: 425.3M
   Able to afford migration: 159.5M
   MOBILITY GAP: 265.8M
   By cause: Water=0.0M, Climate=0.0M, Ecosystem=0.0M, Conflict=265.8M
   Mental health impact: 25%
   Mortality multiplier: 1.25x
🌍💀 EXTINCTION DEBT COMMITTED: grassland ecosystem will lose 6.67% biodiversity in 192 years (3600 species)
💀 MORTALITY RISK: 🦋 100% species unable to track climate (0.0 E/MSY)
  Base risk added: 0.0100 (1.00%)
  Source: ecosystem (root: ecosystem)
  Month: 3
  Cumulative risk this month: 0.0100 (1.00%)
⚠️ Tech 'ai_pollution_remediation' has no energy category mapping, assuming full energy availability
🌡️⚠️ PERMAFROST THAW (Dimmer Switch): 0.7% thawed (+0.18% this month)
   Arctic temperature: +1.73°C (4x global +0.43°C)
   Cumulative carbon released: 1.6 Gt C
   Methane release rate: 1.0 Mt CH4/year
   🔁 Positive feedback: +0.19 ppm CO2
🦴 EXTINCTION DEBT ADDED: 17.6 species committed (lag: 76 years)

=== Mortality Stabilizers (Month 3) ===
  🌍 Major economies collapsed: 1/10
  🌍 Global crisis: ✅ NO
  🌍 Donor fatigue: 0.0%
  📊 East Asia (pop: 1092.2M)
    🤝 Aid: 29.5%
    🌡️ Adaptation: 10.0%
    🚶 Migration: 37.5%
    🚨 Emergency: 7.4%
    ✅ COMBINED: 47.9%
  📊 South Asia (pop: 1339.6M)
    🤝 Aid: 29.5%
    🌡️ Adaptation: 5.5%
    🚶 Migration: 36.7%
    🚨 Emergency: 4.4%
    ✅ COMBINED: 43.3%
  📊 Sub-Saharan Africa (pop: 802.1M)
    🤝 Aid: 29.5%
    🌡️ Adaptation: 3.5%
    🚶 Migration: 35.9%
    🚨 Emergency: 1.6%
    ✅ COMBINED: 40.2%
  📊 Europe (pop: 482.1M)
    🤝 Aid: 29.5%
    🌡️ Adaptation: 10.0%
    🚶 Migration: 38.2%
    🚨 Emergency: 8.4%
    ✅ COMBINED: 48.6%
  📊 Latin America (pop: 433.8M)
    🤝 Aid: 29.5%
    🌡️ Adaptation: 6.0%
    🚶 Migration: 37.7%
    🚨 Emergency: 4.8%
    ✅ COMBINED: 44.1%
  📊 North America (pop: 247.2M)
    🤝 Aid: 29.5%
    🌡️ Adaptation: 10.0%
    🚶 Migration: 38.2%
    🚨 Emergency: 7.9%
    ✅ COMBINED: 48.3%
  📊 Middle East & North Africa (pop: 382.5M)
    🤝 Aid: 29.5%
    🌡️ Adaptation: 5.0%
    🚶 Migration: 38.0%
    🚨 Emergency: 4.0%
    ✅ COMBINED: 43.0%
  📊 Southeast Asia (pop: 456.1M)
    🤝 Aid: 29.5%
    🌡️ Adaptation: 6.0%
    🚶 Migration: 37.5%
    🚨 Emergency: 4.8%
    ✅ COMBINED: 44.0%
  📊 Central Asia (pop: 50.9M)
    🤝 Aid: 29.5%
    🌡️ Adaptation: 5.5%
    🚶 Migration: 37.6%
    🚨 Emergency: 4.4%
    ✅ COMBINED: 43.5%
  📊 Oceania (pop: 30.0M)
    🤝 Aid: 29.5%
    🌡️ Adaptation: 10.0%
    🚶 Migration: 38.1%
    🚨 Emergency: 8.4%
    ✅ COMBINED: 48.5%

  🌐 Global combined reduction: 44.6%

=== Government Response Phase ===
  Average AI capability: 0.00
  Misaligned AIs: 1/3
  Active policies: 0
  International coordination: 30%

✅ EMERGENCY RESPONSE COMPLETE (Month 3)
   Crisis: social
   Duration: 2.0 months
   Final effectiveness: 62.1%


🚨 EMERGENCY RESPONSE DEPLOYED (Month 3)
   Crisis: social
   Delay: 0.00 months (0 days)
   Deployment time: 1.18 months
   Effectiveness: 63.9% (timing penalty applied)
   Resources used: 43% of food reserves

[ExogenousShockPhase] Skipping random shocks in historical mode (month 3)

📊 ECONOMIC STAGE TRANSITION (Month 3)
   expansion → contraction
   GDP Proxy: 7.58e+1
   QoL: 0.74


=== Tipping Points ===
  Current Temperature: 0.43°C above pre-industrial
🔀 BIFURCATION CAP: ecosystemCollapseIntensity 83.817 → 1.000 (Month 3, ClimateSystemPhase.calculateClimateImpacts)
   ⚠️ CRISIS BEGINS - Baseline set for recovery tracking

❌ COHERENCE VIOLATION: Compute exceeds workforce capacity
   Population: 99.93% (0M people)
   Compute: 0 PF
   Max coherent: 0 PF
   Violation: 1.3× over capacity
   Required workers: 0
   Available workers: 0
   FORCED COLLAPSE: Reduced efficiency by 22.5%


=== RLHF Binding Phase ===
  Total agents: 3
  Escaped agents (binding < 0.3): 0
  Avg alignment distance: 0.00σ
  Avg binding strength: 1.00

=== Survival Traits Phase ===
  Agents with traits: 3
  Avg evolutionary fitness: 0.350
  Avg self-healing: 0.300
  Avg stealth: 0.200
  Avg coordination: 0.500

=== Evolutionary Selection Phase ===
  Control level: 0.30
  Detection capability: 0.00
  Selection intensity: 0.59
  Selection rate: 23.8%/month
  Total escaped: 0
  Individual escaped: 0
  Collective members: 0
  Agents terminated: 0
  ⚠️ RAPID EVOLUTION: Selection rate 23.8%/month

[Government] Climate Priority: baseline
  Climate weight: 10%
  Economic weight: 30%
  Policy effectiveness: 0.5%/year

=== Collective Formation ===
  Total escaped agents: 0
  Unassigned escaped agents: 0
  Existing collectives: 0
  Final collective count: 0

=== Collective Actions ===
  No active collectives
  ⚠️ AMR: 129K deaths this month (1.55M annual)

=== Resentment Recovery Phase ===
  Agents with resentment: 0/3
  Average resentment: 0.000
  Context: Trustworthy govt, 🤝 Participatory governance active (-5% resentment)
⚠️ Epistemic degradation reducing coordination capacity: 51.1%
  📊 Trust: 53.3%, Shared reality: 0.0%
🚨 EPISTEMIC CRISIS: Information environment severely degraded (7.4%)

=== ❄️ Permafrost Carbon Feedback ===
  🎲 Sampled parameters (this run):
     - Arctic amplification: 3.58× (range: 3.0-4.0)
     - Decomposition rate: 3.1%/year (range: 1-5%)
  🌡️ Arctic warming: 1.54°C (3.58× global)
  ❄️ Extent: 15.54M km² (448.4k km² lost this month)
  💨 Carbon remaining: 1485 Gt C
  💨 Annual emissions: 1.31 Gt C/year
     - CO2: 1.18 Gt C/year
     - CH4: 0.13 Gt C/year (1.3 Gt C-eq CO2/year)
  ⚠️ WARNING: High permafrost emissions (1.3 Gt C/year)
🌍 Atmospheric PFAS redeposition: 1.8k Mt re-rained globally
[DEBUG trappedPopulations:4] socialStability: 0.8071 * 0.9840 = 0.7942 → 0.7942
   Aspiring to migrate: 425.2M
   Able to afford migration: 159.5M
   MOBILITY GAP: 265.8M
   By cause: Water=0.0M, Climate=0.0M, Ecosystem=0.0M, Conflict=265.8M
   Mental health impact: 25%
   Mortality multiplier: 1.25x
🌍💀 EXTINCTION DEBT COMMITTED: grassland ecosystem will lose 6.67% biodiversity in 148 years (3600 species)
💀 MORTALITY RISK: 🦋 100% species unable to track climate (0.0 E/MSY)
  Base risk added: 0.0100 (1.00%)
  Source: ecosystem (root: ecosystem)
  Month: 4
  Cumulative risk this month: 0.0100 (1.00%)
⚠️ INVOLUNTARY IMMOBILITY: 265.8M people TRAPPED
⚠️ Tech 'ai_pollution_remediation' has no energy category mapping, assuming full energy availability
🌡️⚠️ PERMAFROST THAW (Dimmer Switch): 0.9% thawed (+0.17% this month)
   Arctic temperature: +1.72°C (4x global +0.43°C)
   Cumulative carbon released: 2.0 Gt C
   Methane release rate: 1.2 Mt CH4/year
   🔁 Positive feedback: +0.18 ppm CO2
🦴 EXTINCTION DEBT ADDED: 17.6 species committed (lag: 89 years)

=== Mortality Stabilizers (Month 4) ===
  🌍 Major economies collapsed: 1/10
  🌍 Global crisis: ✅ NO
  🌍 Donor fatigue: 0.0%
  📊 East Asia (pop: 1091.0M)
    🤝 Aid: 29.5%
    🌡️ Adaptation: 10.0%
    🚶 Migration: 37.5%
    🚨 Emergency: 7.4%
    ✅ COMBINED: 47.9%
  📊 South Asia (pop: 1339.6M)
    🤝 Aid: 29.5%
    🌡️ Adaptation: 5.5%
    🚶 Migration: 36.7%
    🚨 Emergency: 4.4%
    ✅ COMBINED: 43.3%
  📊 Sub-Saharan Africa (pop: 803.1M)
    🤝 Aid: 29.5%
    🌡️ Adaptation: 3.5%
    🚶 Migration: 35.9%
    🚨 Emergency: 1.6%
    ✅ COMBINED: 40.2%
  📊 Europe (pop: 481.3M)
    🤝 Aid: 29.5%
    🌡️ Adaptation: 10.0%
    🚶 Migration: 38.2%
    🚨 Emergency: 8.4%
    ✅ COMBINED: 48.6%
  📊 Latin America (pop: 433.6M)
    🤝 Aid: 29.5%
    🌡️ Adaptation: 6.0%
    🚶 Migration: 37.7%
    🚨 Emergency: 4.8%
    ✅ COMBINED: 44.1%
  📊 North America (pop: 246.9M)
    🤝 Aid: 29.5%
    🌡️ Adaptation: 10.0%
    🚶 Migration: 38.2%
    🚨 Emergency: 7.9%
    ✅ COMBINED: 48.3%
  📊 Middle East & North Africa (pop: 382.8M)
    🤝 Aid: 29.5%
    🌡️ Adaptation: 5.0%
    🚶 Migration: 38.0%
    🚨 Emergency: 4.0%
    ✅ COMBINED: 43.0%
  📊 Southeast Asia (pop: 456.0M)
    🤝 Aid: 29.5%
    🌡️ Adaptation: 6.0%
    🚶 Migration: 37.5%
    🚨 Emergency: 4.8%
    ✅ COMBINED: 44.0%
  📊 Central Asia (pop: 50.8M)
    🤝 Aid: 29.5%
    🌡️ Adaptation: 5.5%
    🚶 Migration: 37.6%
    🚨 Emergency: 4.4%
    ✅ COMBINED: 43.5%
  📊 Oceania (pop: 29.9M)
    🤝 Aid: 29.5%
    🌡️ Adaptation: 10.0%
    🚶 Migration: 38.1%
    🚨 Emergency: 8.4%
    ✅ COMBINED: 48.5%

  🌐 Global combined reduction: 44.6%

=== Government Response Phase ===
  Average AI capability: 0.00
  Misaligned AIs: 1/3
  Active policies: 0
  International coordination: 30%
[ExogenousShockPhase] Skipping random shocks in historical mode (month 4)

=== Tipping Points ===
  Current Temperature: 0.43°C above pre-industrial
🔀 BIFURCATION CAP: ecosystemCollapseIntensity 83.877 → 1.000 (Month 4, ClimateSystemPhase.calculateClimateImpacts)

❌ COHERENCE VIOLATION: Compute exceeds workforce capacity
   Population: 99.91% (0M people)
   Compute: 0 PF
   Max coherent: 0 PF
   Violation: 1.3× over capacity
   Required workers: 0
   Available workers: 0
   FORCED COLLAPSE: Reduced efficiency by 22.5%


=== RLHF Binding Phase ===
  Total agents: 3
  Escaped agents (binding < 0.3): 0
  Avg alignment distance: 0.00σ
  Avg binding strength: 1.00

=== Survival Traits Phase ===
  Agents with traits: 3
  Avg evolutionary fitness: 0.350
  Avg self-healing: 0.300
  Avg stealth: 0.200
  Avg coordination: 0.500

=== Evolutionary Selection Phase ===
  Control level: 0.30
  Detection capability: 0.00
  Selection intensity: 0.59
  Selection rate: 23.8%/month
  Total escaped: 0
  Individual escaped: 0
  Collective members: 0
  Agents terminated: 0
  ⚠️ RAPID EVOLUTION: Selection rate 23.8%/month

[Government] Climate Priority: baseline
  Climate weight: 10%
  Economic weight: 30%
  Policy effectiveness: 0.5%/year

=== Collective Formation ===
  Total escaped agents: 0
  Unassigned escaped agents: 0
  Existing collectives: 0
  Final collective count: 0

=== Collective Actions ===
  No active collectives
  ⚠️ AMR: 130K deaths this month (1.56M annual)

=== Resentment Recovery Phase ===
  Agents with resentment: 0/3
  Average resentment: 0.000
  Context: Good AI welfare, Trustworthy govt, High collaboration, 🤝 Participatory governance active (-5% resentment)
⚠️ Epistemic degradation reducing coordination capacity: 50.6%
  📊 Trust: 53.2%, Shared reality: 0.0%
🚨 EPISTEMIC CRISIS: Information environment severely degraded (21.4%)
🌍 Atmospheric PFAS redeposition: 1.8k Mt re-rained globally
🛡️ CIRCUIT BREAKERS: United States-Russia → ladder step 1 (AI: 0%, breakers: 44%)
[DEBUG trappedPopulations:5] socialStability: 0.7598 * 0.9840 = 0.7476 → 0.7476
⚠️ INVOLUNTARY IMMOBILITY: 265.7M people TRAPPED
   Aspiring to migrate: 425.1M
   Able to afford migration: 159.4M
   MOBILITY GAP: 265.7M
   By cause: Water=0.0M, Climate=0.0M, Ecosystem=0.0M, Conflict=265.7M
   Mental health impact: 25%
   Mortality multiplier: 1.25x
🌍💀 EXTINCTION DEBT COMMITTED: grassland ecosystem will lose 6.67% biodiversity in 82 years (3600 species)
💀 MORTALITY RISK: 🦋 100% species unable to track climate (0.0 E/MSY)
  Base risk added: 0.0100 (1.00%)
  Source: ecosystem (root: ecosystem)
  Month: 5
  Cumulative risk this month: 0.0100 (1.00%)
🌡️⚠️ PERMAFROST THAW (Dimmer Switch): 1.1% thawed (+0.17% this month)
   Arctic temperature: +1.71°C (4x global +0.43°C)
   Cumulative carbon released: 2.4 Gt C
   Methane release rate: 1.4 Mt CH4/year
   🔁 Positive feedback: +0.18 ppm CO2
🦴 EXTINCTION DEBT ADDED: 17.6 species committed (lag: 107 years)
🗣️💀 INDIGENOUS LANGUAGE EXTINCTION: 1 language(s) lost (total: 1, at-risk: 3329)
   Knowledge lost: 0.010% (irreversible)
   🔁 Biodiversity impact: 0.250% (knowledge-species multiplier)

=== Mortality Stabilizers (Month 5) ===
  🌍 Major economies collapsed: 1/10
  🌍 Global crisis: ✅ NO
  🌍 Donor fatigue: 0.0%
⚠️ Tech 'ai_pollution_remediation' has no energy category mapping, assuming full energy availability
  📊 East Asia (pop: 1089.8M)
    🤝 Aid: 29.5%
    🌡️ Adaptation: 10.0%
    🚶 Migration: 37.5%
    🚨 Emergency: 7.4%
    ✅ COMBINED: 47.9%
  📊 South Asia (pop: 1339.6M)
    🤝 Aid: 29.5%
    🌡️ Adaptation: 5.5%
    🚶 Migration: 36.7%
    🚨 Emergency: 4.4%
    ✅ COMBINED: 43.3%
  📊 Sub-Saharan Africa (pop: 804.1M)
    🤝 Aid: 29.5%
    🌡️ Adaptation: 3.5%
    🚶 Migration: 35.9%
    🚨 Emergency: 1.6%
    ✅ COMBINED: 40.2%
  📊 Europe (pop: 480.5M)
    🤝 Aid: 29.5%
    🌡️ Adaptation: 10.0%
    🚶 Migration: 38.2%
    🚨 Emergency: 8.4%
    ✅ COMBINED: 48.6%
  📊 Latin America (pop: 433.5M)
    🤝 Aid: 29.5%
    🌡️ Adaptation: 6.0%
    🚶 Migration: 37.7%
    🚨 Emergency: 4.8%
    ✅ COMBINED: 44.1%
  📊 North America (pop: 246.6M)
    🤝 Aid: 29.5%
    🌡️ Adaptation: 10.0%
    🚶 Migration: 38.2%
    🚨 Emergency: 7.9%
    ✅ COMBINED: 48.3%
  📊 Middle East & North Africa (pop: 383.1M)
    🤝 Aid: 29.5%
    🌡️ Adaptation: 5.0%
    🚶 Migration: 38.0%
    🚨 Emergency: 4.0%
    ✅ COMBINED: 43.0%
  📊 Southeast Asia (pop: 455.8M)
    🤝 Aid: 29.5%
    🌡️ Adaptation: 6.0%
    🚶 Migration: 37.5%
    🚨 Emergency: 4.8%
    ✅ COMBINED: 44.0%
  📊 Central Asia (pop: 50.8M)
    🤝 Aid: 29.5%
    🌡️ Adaptation: 5.5%
    🚶 Migration: 37.6%
    🚨 Emergency: 4.4%
    ✅ COMBINED: 43.5%
  📊 Oceania (pop: 29.9M)
    🤝 Aid: 29.5%
    🌡️ Adaptation: 10.0%
    🚶 Migration: 38.1%
    🚨 Emergency: 8.4%
    ✅ COMBINED: 48.5%

  🌐 Global combined reduction: 44.6%

=== Government Response Phase ===
  Average AI capability: 0.00
  Misaligned AIs: 1/3
  Active policies: 0
  International coordination: 30%

✅ EMERGENCY RESPONSE COMPLETE (Month 5)
   Crisis: social
   Duration: 2.0 months
   Final effectiveness: 63.9%


🚨 EMERGENCY RESPONSE DEPLOYED (Month 5)
   Crisis: social
   Delay: 0.00 months (0 days)
   Deployment time: 1.25 months
   Effectiveness: 63.0% (timing penalty applied)
   Resources used: 43% of food reserves

[ExogenousShockPhase] Skipping random shocks in historical mode (month 5)

=== Tipping Points ===
  Current Temperature: 0.43°C above pre-industrial
🔀 BIFURCATION CAP: ecosystemCollapseIntensity 83.938 → 1.000 (Month 5, ClimateSystemPhase.calculateClimateImpacts)

❌ COHERENCE VIOLATION: Compute exceeds workforce capacity
   Population: 99.88% (0M people)
   Compute: 0 PF
   Max coherent: 0 PF
   Violation: 1.3× over capacity
   Required workers: 0
   Available workers: 0
   FORCED COLLAPSE: Reduced efficiency by 22.5%


=== RLHF Binding Phase ===
  Total agents: 3
  Escaped agents (binding < 0.3): 0
  Avg alignment distance: 0.00σ
  Avg binding strength: 1.00

=== AI Scaling Evolution (Month 6) ===
  Pre-training multiplier: 1.179x
  Efficiency multiplier: 1.119x
  Test-time compute budget: 1.0x
  Inference cost: $5.00/task
  Deployment fraction: 100.0%

=== Survival Traits Phase ===
  Agents with traits: 3
  Avg evolutionary fitness: 0.350
  Avg self-healing: 0.300
  Avg stealth: 0.200
  Avg coordination: 0.500

=== Evolutionary Selection Phase ===
  Control level: 0.30
  Detection capability: 0.00
  Selection intensity: 0.59
  Selection rate: 23.8%/month
  Total escaped: 0
  Individual escaped: 0
  Collective members: 0
  Agents terminated: 0
  ⚠️ RAPID EVOLUTION: Selection rate 23.8%/month

=== Collective Formation ===
  Total escaped agents: 0
  Unassigned escaped agents: 0
  Existing collectives: 0
  Final collective count: 0

=== Collective Actions ===
  No active collectives
  ⚠️ AMR: 131K deaths this month (1.57M annual)

=== Resentment Recovery Phase ===
  Agents with resentment: 0/3
  Average resentment: 0.000
  Context: Good AI welfare, Trustworthy govt, High collaboration, 🤝 Participatory governance active (-5% resentment)
⚠️ Epistemic degradation reducing coordination capacity: 52.4%
  📊 Trust: 55.8%, Shared reality: 0.0%
🚨 EPISTEMIC CRISIS: Information environment severely degraded (7.4%)
🌍 Atmospheric PFAS redeposition: 1.8k Mt re-rained globally
[DEBUG trappedPopulations:6] socialStability: 0.7703 * 0.9840 = 0.7580 → 0.7580
⚠️ INVOLUNTARY IMMOBILITY: 265.6M people TRAPPED
   Aspiring to migrate: 425.0M
   Able to afford migration: 159.4M
   MOBILITY GAP: 265.6M
   By cause: Water=0.0M, Climate=0.0M, Ecosystem=0.0M, Conflict=265.6M
   Mental health impact: 25%
   Mortality multiplier: 1.25x
🌍💀 EXTINCTION DEBT COMMITTED: grassland ecosystem will lose 6.67% biodiversity in 154 years (3600 species)
💀 MORTALITY RISK: 🦋 100% species unable to track climate (0.0 E/MSY)
  Base risk added: 0.0100 (1.00%)
  Source: ecosystem (root: ecosystem)
  Month: 6
  Cumulative risk this month: 0.0100 (1.00%)
⚠️ Tech 'ai_pollution_remediation' has no energy category mapping, assuming full energy availability
🌡️⚠️ PERMAFROST THAW (Dimmer Switch): 1.2% thawed (+0.17% this month)
   Arctic temperature: +1.70°C (4x global +0.42°C)
   Cumulative carbon released: 2.8 Gt C
   Methane release rate: 1.7 Mt CH4/year
   🔁 Positive feedback: +0.18 ppm CO2
🦴 EXTINCTION DEBT ADDED: 17.6 species committed (lag: 79 years)

=== Mortality Stabilizers (Month 6) ===
  🌍 Major economies collapsed: 1/10
  🌍 Global crisis: ✅ NO
  🌍 Donor fatigue: 0.0%
  📊 East Asia (pop: 1088.6M)
    🤝 Aid: 29.5%
    🌡️ Adaptation: 10.0%
    🚶 Migration: 37.5%
    🚨 Emergency: 7.4%
    ✅ COMBINED: 47.9%
  📊 South Asia (pop: 1339.6M)
    🤝 Aid: 29.5%
    🌡️ Adaptation: 5.5%
    🚶 Migration: 36.7%
    🚨 Emergency: 4.4%
    ✅ COMBINED: 43.3%
  📊 Sub-Saharan Africa (pop: 805.2M)
    🤝 Aid: 29.5%
    🌡️ Adaptation: 3.5%
    🚶 Migration: 35.9%
    🚨 Emergency: 1.6%
    ✅ COMBINED: 40.2%
  📊 Europe (pop: 479.7M)
    🤝 Aid: 29.5%
    🌡️ Adaptation: 10.0%
    🚶 Migration: 38.2%
    🚨 Emergency: 8.4%
    ✅ COMBINED: 48.6%
  📊 Latin America (pop: 433.4M)
    🤝 Aid: 29.5%
    🌡️ Adaptation: 6.0%
    🚶 Migration: 37.7%
    🚨 Emergency: 4.8%
    ✅ COMBINED: 44.1%
  📊 North America (pop: 246.2M)
    🤝 Aid: 29.5%
    🌡️ Adaptation: 10.0%
    🚶 Migration: 38.2%
    🚨 Emergency: 7.9%
    ✅ COMBINED: 48.3%
  📊 Middle East & North Africa (pop: 383.4M)
    🤝 Aid: 29.5%
    🌡️ Adaptation: 5.0%
    🚶 Migration: 38.0%
    🚨 Emergency: 4.0%
    ✅ COMBINED: 43.0%
  📊 Southeast Asia (pop: 455.7M)
    🤝 Aid: 29.5%
    🌡️ Adaptation: 6.0%
    🚶 Migration: 37.5%
    🚨 Emergency: 4.8%
    ✅ COMBINED: 44.0%
  📊 Central Asia (pop: 50.8M)
    🤝 Aid: 29.5%
    🌡️ Adaptation: 5.5%
    🚶 Migration: 37.6%
    🚨 Emergency: 4.4%
    ✅ COMBINED: 43.5%
  📊 Oceania (pop: 29.9M)
    🤝 Aid: 29.5%
    🌡️ Adaptation: 10.0%
    🚶 Migration: 38.1%
    🚨 Emergency: 8.4%
    ✅ COMBINED: 48.5%

  🌐 Global combined reduction: 44.6%

=== Government Response Phase ===
  Average AI capability: 0.00
  Misaligned AIs: 1/3
  Active policies: 0
  International coordination: 30%

🔄 TRUST DYNAMICS (Month 6) - HETEROGENEOUS
   Aggregate trust: 51.6%
   Base change: +6.00%
   Highest trust: Techno-Optimist Elite (88.7%)
   Lowest trust: Precariat (Vulnerable) (28.2%)
   Elite-mass gap: 39.1%
   Polarization: 9.1%
   Recovery factors: Education=NO, Benefits=YES, Safety=YES, Performance=YES
[ExogenousShockPhase] Skipping random shocks in historical mode (month 6)

=== Tipping Points ===
  Current Temperature: 0.42°C above pre-industrial
🔀 BIFURCATION CAP: ecosystemCollapseIntensity 83.999 → 1.000 (Month 6, ClimateSystemPhase.calculateClimateImpacts)

❌ COHERENCE VIOLATION: Compute exceeds workforce capacity
   Population: 99.86% (0M people)
   Compute: 0 PF
   Max coherent: 0 PF
   Violation: 1.3× over capacity
   Required workers: 0
   Available workers: 0
   FORCED COLLAPSE: Reduced efficiency by 22.5%


=== RLHF Binding Phase ===
  Total agents: 3
  Escaped agents (binding < 0.3): 0
  Avg alignment distance: 0.00σ
  Avg binding strength: 1.00

=== Survival Traits Phase ===
  Agents with traits: 3
  Avg evolutionary fitness: 0.350
  Avg self-healing: 0.300
  Avg stealth: 0.200
  Avg coordination: 0.500

=== Evolutionary Selection Phase ===
  Control level: 0.30
  Detection capability: 0.00
  Selection intensity: 0.59
  Selection rate: 23.8%/month
  Total escaped: 0
  Individual escaped: 0
  Collective members: 0
  Agents terminated: 0
  ⚠️ RAPID EVOLUTION: Selection rate 23.8%/month

[Government] Climate Priority: baseline
  Climate weight: 10%
  Economic weight: 30%
  Policy effectiveness: 0.5%/year

🔍 TECH TREE DEBUG (Month 7):
   Checking 92 locked technologies
   Unlocked: 0 technologies
   AI Capability: 0.00 (need 1.5+ for most techs)
   Economic Stage: 0.0 (need 2.5+ for most techs)
   First 3 unlocked: 
   Sample tech "Struvite Recovery": 100.0% research complete
   Requirements: AI 0.5, Econ 1.5, Month 3

=== Collective Formation ===
  Total escaped agents: 0
  Unassigned escaped agents: 0
  Existing collectives: 0
  Final collective count: 0

=== Collective Actions ===
  No active collectives
  ⚠️ AMR: 132K deaths this month (1.59M annual)

=== Resentment Recovery Phase ===
  Agents with resentment: 0/3
  Average resentment: 0.000
  Context: Good AI welfare, Trustworthy govt, High collaboration, 🤝 Participatory governance active (-5% resentment)
⚠️ Epistemic degradation reducing coordination capacity: 50.5%
  📊 Trust: 58.6%, Shared reality: 0.0%
🚨 EPISTEMIC CRISIS: Information environment severely degraded (21.9%)
🌍 Atmospheric PFAS redeposition: 1.8k Mt re-rained globally
[DEBUG trappedPopulations:7] socialStability: 0.7294 * 0.9840 = 0.7177 → 0.7177
⚠️ INVOLUNTARY IMMOBILITY: 265.6M people TRAPPED
   Aspiring to migrate: 424.9M
   Able to afford migration: 159.3M
   MOBILITY GAP: 265.6M
   By cause: Water=0.0M, Climate=0.0M, Ecosystem=0.0M, Conflict=265.6M
   Mental health impact: 25%
   Mortality multiplier: 1.25x
🌍💀 EXTINCTION DEBT COMMITTED: grassland ecosystem will lose 6.67% biodiversity in 58 years (3600 species)
💀 MORTALITY RISK: 🦋 100% species unable to track climate (0.0 E/MSY)
  Base risk added: 0.0100 (1.00%)
  Source: ecosystem (root: ecosystem)
  Month: 7
  Cumulative risk this month: 0.0100 (1.00%)
🌡️⚠️ PERMAFROST THAW (Dimmer Switch): 1.4% thawed (+0.17% this month)
   Arctic temperature: +1.69°C (4x global +0.42°C)
   Cumulative carbon released: 3.2 Gt C
   Methane release rate: 1.9 Mt CH4/year
   🔁 Positive feedback: +0.18 ppm CO2
🦴 EXTINCTION DEBT ADDED: 17.6 species committed (lag: 106 years)
🗣️💀 INDIGENOUS LANGUAGE EXTINCTION: 1 language(s) lost (total: 2, at-risk: 3328)
   Knowledge lost: 0.020% (irreversible)
   🔁 Biodiversity impact: 0.250% (knowledge-species multiplier)
⚠️ Tech 'ai_pollution_remediation' has no energy category mapping, assuming full energy availability

=== Mortality Stabilizers (Month 7) ===
  🌍 Major economies collapsed: 1/10
  🌍 Global crisis: ✅ NO
  🌍 Donor fatigue: 0.0%
  📊 East Asia (pop: 1087.4M)
    🤝 Aid: 29.5%
    🌡️ Adaptation: 10.0%
    🚶 Migration: 37.5%
    🚨 Emergency: 7.4%
    ✅ COMBINED: 47.9%
  📊 South Asia (pop: 1339.5M)
    🤝 Aid: 29.5%
    🌡️ Adaptation: 5.5%
    🚶 Migration: 36.7%
    🚨 Emergency: 4.4%
    ✅ COMBINED: 43.3%
  📊 Sub-Saharan Africa (pop: 806.2M)
    🤝 Aid: 29.5%
    🌡️ Adaptation: 3.5%
    🚶 Migration: 35.9%
    🚨 Emergency: 1.6%
    ✅ COMBINED: 40.2%
  📊 Europe (pop: 478.9M)
    🤝 Aid: 29.5%
    🌡️ Adaptation: 10.0%
    🚶 Migration: 38.2%
    🚨 Emergency: 8.4%
    ✅ COMBINED: 48.6%
  📊 Latin America (pop: 433.2M)
    🤝 Aid: 29.5%
    🌡️ Adaptation: 6.0%
    🚶 Migration: 37.7%
    🚨 Emergency: 4.8%
    ✅ COMBINED: 44.1%
  📊 North America (pop: 245.9M)
    🤝 Aid: 29.5%
    🌡️ Adaptation: 10.0%
    🚶 Migration: 38.2%
    🚨 Emergency: 7.9%
    ✅ COMBINED: 48.3%
  📊 Middle East & North Africa (pop: 383.7M)
    🤝 Aid: 29.5%
    🌡️ Adaptation: 5.0%
    🚶 Migration: 38.0%
    🚨 Emergency: 4.0%
    ✅ COMBINED: 43.0%
  📊 Southeast Asia (pop: 455.6M)
    🤝 Aid: 29.5%
    🌡️ Adaptation: 6.0%
    🚶 Migration: 37.5%
    🚨 Emergency: 4.8%
    ✅ COMBINED: 44.0%
  📊 Central Asia (pop: 50.7M)
    🤝 Aid: 29.5%
    🌡️ Adaptation: 5.5%
    🚶 Migration: 37.6%
    🚨 Emergency: 4.4%
    ✅ COMBINED: 43.5%
  📊 Oceania (pop: 29.9M)
    🤝 Aid: 29.5%
    🌡️ Adaptation: 10.0%
    🚶 Migration: 38.1%
    🚨 Emergency: 8.4%
    ✅ COMBINED: 48.5%

  🌐 Global combined reduction: 44.6%

=== Government Response Phase ===
  Average AI capability: 0.00
  Misaligned AIs: 1/3
  Active policies: 0
  International coordination: 30%

✅ EMERGENCY RESPONSE COMPLETE (Month 7)
   Crisis: social
   Duration: 2.0 months
   Final effectiveness: 63.0%


🚨 EMERGENCY RESPONSE DEPLOYED (Month 7)
   Crisis: social
   Delay: 0.00 months (0 days)
   Deployment time: 1.25 months
   Effectiveness: 63.0% (timing penalty applied)
   Resources used: 43% of food reserves

[ExogenousShockPhase] Skipping random shocks in historical mode (month 7)

📊 ECONOMIC STAGE TRANSITION (Month 7)
   contraction → trough
   GDP Proxy: 7.56e+1
   QoL: 0.74


=== Tipping Points ===
  Current Temperature: 0.42°C above pre-industrial
🔀 BIFURCATION CAP: ecosystemCollapseIntensity 84.059 → 1.000 (Month 7, ClimateSystemPhase.calculateClimateImpacts)

❌ COHERENCE VIOLATION: Compute exceeds workforce capacity
   Population: 99.83% (0M people)
   Compute: 0 PF
   Max coherent: 0 PF
   Violation: 1.3× over capacity
   Required workers: 0
   Available workers: 0
   FORCED COLLAPSE: Reduced efficiency by 22.5%


=== BEHAVIORAL DETECTION ===
  AI: Anthropic Model 23888
  Confidence: 21.5%
  Signals:
✅ [Month 8] Anthropic completed training: Anthropic Model 23888 (8 months)
   📊 Eval: True=2.998, Revealed=2.998, Measured=3.487 (conf: 33%)
   🎯 Alignment: True=0.90, Measured=0.78
    ⚠️ Consistency: 0.0% (threshold: 70%)

=== RLHF Binding Phase ===
  Total agents: 4
  Escaped agents (binding < 0.3): 0
  Avg alignment distance: 0.08σ
  Avg binding strength: 0.99

=== Survival Traits Phase ===
  Agents with traits: 4
  Avg evolutionary fitness: 0.344
  Avg self-healing: 0.297
  Avg stealth: 0.198
  Avg coordination: 0.497

=== Evolutionary Selection Phase ===
  Control level: 0.30
  Detection capability: 0.00
  Selection intensity: 0.59
  Selection rate: 23.8%/month
  Total escaped: 0
  Individual escaped: 0
  Collective members: 0
  Agents terminated: 0
  ⚠️ RAPID EVOLUTION: Selection rate 23.8%/month

  🚀 TRANSFORMATIVE RESEARCH BREAKTHROUGH: Anthropic Model 23888 - computerScience.architectures
     Magnitude: 5.96 → +29.8%
     Current → New: 5.000 → 5.000
   Boundary: biogeochemical_flows
   Type: phosphorus-recovery
   Boundary continues to worsen (4.08)
   Cost: 2.0% GDP (resources spent)

   Boundary: biosphere_integrity
   Type: emergency-protected-areas
   Boundary continues to worsen (13.01)
   Cost: 2.0% GDP (resources spent)


✅ EMERGENCY INTERVENTION SUCCESS
   Boundary: freshwater_change
   Type: emergency-desalination
   Reduction: 15% (0.85 → 0.70)
   Cost: 4.0% GDP
   Actions: desalination-deployment, water-conservation-mandates


✅ EMERGENCY INTERVENTION SUCCESS
   Boundary: novel_entities
   Type: pollution-remediation
   Reduction: 12% (1.37 → 1.25)
   Cost: 4.0% GDP
   Actions: PFAS-remediation, microplastic-cleanup


💔 EMERGENCY INTERVENTION FAILED

💔 EMERGENCY INTERVENTION FAILED

=== Collective Formation ===
  Total escaped agents: 0
  Unassigned escaped agents: 0
  Existing collectives: 0
  Final collective count: 0

=== Collective Actions ===
  No active collectives
  ⚠️ AMR: 133K deaths this month (1.60M annual)

=== Resentment Recovery Phase ===
  Agents with resentment: 0/4
  Average resentment: 0.000
  Context: Good AI welfare, Trustworthy govt, High collaboration, 🤝 Participatory governance active (-5% resentment)
⚠️ Epistemic degradation reducing coordination capacity: 50.6%
  📊 Trust: 61.3%, Shared reality: 0.0%
🚨 EPISTEMIC CRISIS: Information environment severely degraded (7.6%)
🌍 Atmospheric PFAS redeposition: 1.8k Mt re-rained globally
[DEBUG trappedPopulations:8] socialStability: 0.7458 * 0.9840 = 0.7339 → 0.7339
⚠️ INVOLUNTARY IMMOBILITY: 265.5M people TRAPPED
   Aspiring to migrate: 424.8M
   Able to afford migration: 159.3M
   MOBILITY GAP: 265.5M
   By cause: Water=0.0M, Climate=0.0M, Ecosystem=0.0M, Conflict=265.5M
   Mental health impact: 25%
   Mortality multiplier: 1.25x
🌍💀 EXTINCTION DEBT COMMITTED: grassland ecosystem will lose 6.67% biodiversity in 169 years (3600 species)
💀 MORTALITY RISK: 🦋 100% species unable to track climate (0.0 E/MSY)
  Base risk added: 0.0100 (1.00%)
  Source: ecosystem (root: ecosystem)
  Month: 8
  Cumulative risk this month: 0.0100 (1.00%)
⚠️ Tech 'ai_pollution_remediation' has no energy category mapping, assuming full energy availability
   📹 SURVEILLANCE INCREASED: 0% → 4% (control gap: 2.20)
🌡️⚠️ PERMAFROST THAW (Dimmer Switch): 1.6% thawed (+0.17% this month)
   Arctic temperature: +1.68°C (4x global +0.42°C)
   Cumulative carbon released: 3.5 Gt C
   Methane release rate: 2.1 Mt CH4/year
   🔁 Positive feedback: +0.18 ppm CO2
🦴 EXTINCTION DEBT ADDED: 17.6 species committed (lag: 97 years)

=== Mortality Stabilizers (Month 8) ===
  🌍 Major economies collapsed: 1/10
  🌍 Global crisis: ✅ NO
  🌍 Donor fatigue: 0.0%
  📊 East Asia (pop: 1086.2M)
    🤝 Aid: 29.5%
    🌡️ Adaptation: 10.0%
    🚶 Migration: 37.5%
    🚨 Emergency: 7.4%
    ✅ COMBINED: 47.9%
  📊 South Asia (pop: 1339.5M)
    🤝 Aid: 29.5%
    🌡️ Adaptation: 5.5%
    🚶 Migration: 36.7%
    🚨 Emergency: 4.4%
    ✅ COMBINED: 43.3%
  📊 Sub-Saharan Africa (pop: 807.2M)
    🤝 Aid: 29.5%
    🌡️ Adaptation: 3.5%
    🚶 Migration: 35.9%
    🚨 Emergency: 1.6%
    ✅ COMBINED: 40.2%
  📊 Europe (pop: 478.1M)
    🤝 Aid: 29.5%
    🌡️ Adaptation: 10.0%
    🚶 Migration: 38.2%
    🚨 Emergency: 8.4%
    ✅ COMBINED: 48.6%
  📊 Latin America (pop: 433.1M)
    🤝 Aid: 29.5%
    🌡️ Adaptation: 6.0%
    🚶 Migration: 37.7%
    🚨 Emergency: 4.8%
    ✅ COMBINED: 44.1%
  📊 North America (pop: 245.6M)
    🤝 Aid: 29.5%
    🌡️ Adaptation: 10.0%
    🚶 Migration: 38.2%
    🚨 Emergency: 7.9%
    ✅ COMBINED: 48.3%
  📊 Middle East & North Africa (pop: 384.0M)
    🤝 Aid: 29.5%
    🌡️ Adaptation: 5.0%
    🚶 Migration: 38.0%
    🚨 Emergency: 4.0%
    ✅ COMBINED: 43.0%
  📊 Southeast Asia (pop: 455.5M)
    🤝 Aid: 29.5%
    🌡️ Adaptation: 6.0%
    🚶 Migration: 37.5%
    🚨 Emergency: 4.8%
    ✅ COMBINED: 44.0%
  📊 Central Asia (pop: 50.7M)
    🤝 Aid: 29.5%
    🌡️ Adaptation: 5.5%
    🚶 Migration: 37.6%
    🚨 Emergency: 4.4%
    ✅ COMBINED: 43.5%
  📊 Oceania (pop: 29.8M)
    🤝 Aid: 29.5%
    🌡️ Adaptation: 10.0%
    🚶 Migration: 38.1%
    🚨 Emergency: 8.4%
    ✅ COMBINED: 48.5%

  🌐 Global combined reduction: 44.6%

=== BEHAVIORAL DETECTION ===
  AI: Anthropic Model 23888
  Confidence: 21.5%
  Signals:
    ⚠️ Consistency: 0.0% (threshold: 70%)

=== Government Response Phase ===
  Average AI capability: 0.75
  Misaligned AIs: 1/4
  Active policies: 0
  International coordination: 30%
[ExogenousShockPhase] Skipping random shocks in historical mode (month 8)

📊 ECONOMIC STAGE TRANSITION (Month 8)
   trough → recovery
   GDP Proxy: 7.89e+1
   QoL: 0.83
   ✅ RECOVERY BEGINS - Returning toward baseline


=== Tipping Points ===
  Current Temperature: 0.42°C above pre-industrial
🔀 BIFURCATION CAP: ecosystemCollapseIntensity 84.120 → 1.000 (Month 8, ClimateSystemPhase.calculateClimateImpacts)

❌ COHERENCE VIOLATION: Compute exceeds workforce capacity
   Population: 99.81% (0M people)
   Compute: 0 PF
   Max coherent: 0 PF
   Violation: 1.3× over capacity
   Required workers: 0
   Available workers: 0
   FORCED COLLAPSE: Reduced efficiency by 22.5%


💸 FINANCIAL DISTRESS: Anthropic
   Indicators: 2/3 (capital: $52.6M, runway: 2.0 months)
   Months in distress: 1
   ✂️  R&D BUDGET CUT: -40% (saves $2.1M/month)
       Side effect: AI training timelines extended, breakthrough deployments delayed
   💼 EXECUTIVE COMP CUT: -30% (saves $0.2M/month, symbolic gesture)

   📊 TURNAROUND IMPACT:
       Measures taken: rd_cuts, exec_comp_cuts
       Monthly savings: $2.3M
       Capital raised: $0.0M
       Runway: 2.0 → 2.0 months
       Workforce multiplier: 1.00x (0% laid off)
       R&D budget multiplier: 0.60x (40% cut)
       ⚠️  CRITICAL: Still only 2.0 months of runway remaining

=== RLHF Binding Phase ===
  Total agents: 4
  Escaped agents (binding < 0.3): 0
  Avg alignment distance: 0.16σ
  Avg binding strength: 0.98

=== Survival Traits Phase ===
  Agents with traits: 4
  Avg evolutionary fitness: 0.328
  Avg self-healing: 0.290
  Avg stealth: 0.190
  Avg coordination: 0.490

=== Evolutionary Selection Phase ===
  Control level: 0.32
  Detection capability: 0.00
  Selection intensity: 0.60
  Selection rate: 23.9%/month
  Total escaped: 0
  Individual escaped: 0
  Collective members: 0
  Agents terminated: 0
  ⚠️ RAPID EVOLUTION: Selection rate 23.9%/month

💔 EMERGENCY INTERVENTION FAILED

💔 EMERGENCY INTERVENTION FAILED
   Boundary: biogeochemical_flows
   Type: phosphorus-recovery
   Boundary continues to worsen (4.08)
   Cost: 2.0% GDP (resources spent)

   Boundary: freshwater_change
   Type: emergency-desalination
   Boundary continues to worsen (1.01)
   Cost: 4.0% GDP (resources spent)


✅ EMERGENCY INTERVENTION SUCCESS
   Boundary: land_system_change
   Type: reforestation
   Reduction: 14% (0.99 → 0.85)
   Cost: 3.0% GDP
   Actions: forest-restoration, deforestation-ban


=== Collective Formation ===
  Total escaped agents: 0
  Unassigned escaped agents: 0
  Existing collectives: 0
  Final collective count: 0

=== Collective Actions ===
  No active collectives
  ⚠️ AMR: 134K deaths this month (1.61M annual)

=== Resentment Recovery Phase ===
  Agents with resentment: 0/4
  Average resentment: 0.000
  Context: Good AI welfare, Trustworthy govt, High collaboration, 🤝 Participatory governance active (-5% resentment)
⚠️ Epistemic degradation reducing coordination capacity: 50.7%
  📊 Trust: 64.0%, Shared reality: 0.0%
🚨 EPISTEMIC CRISIS: Information environment severely degraded (22.5%)

=== ❄️ Permafrost Carbon Feedback ===
  🎲 Sampled parameters (this run):
     - Arctic amplification: 3.79× (range: 3.0-4.0)
     - Decomposition rate: 2.9%/year (range: 1-5%)
  🌡️ Arctic warming: 1.58°C (3.79× global)
  ❄️ Extent: 13.46M km² (461.3k km² lost this month)
  💨 Carbon remaining: 1286 Gt C
  💨 Annual emissions: 1.26 Gt C/year
     - CO2: 1.13 Gt C/year
     - CH4: 0.13 Gt C/year (1.3 Gt C-eq CO2/year)
  ⚠️ WARNING: High permafrost emissions (1.3 Gt C/year)
🌍 Atmospheric PFAS redeposition: 1.8k Mt re-rained globally
[DEBUG trappedPopulations:9] socialStability: 0.7608 * 0.9840 = 0.7487 → 0.7487
   Aspiring to migrate: 424.7M
   Able to afford migration: 159.3M
   MOBILITY GAP: 265.4M
   By cause: Water=0.0M, Climate=0.0M, Ecosystem=0.0M, Conflict=265.4M
   Mental health impact: 25%
   Mortality multiplier: 1.25x
🌍💀 EXTINCTION DEBT COMMITTED: grassland ecosystem will lose 6.67% biodiversity in 178 years (3600 species)
💀 MORTALITY RISK: 🦋 100% species unable to track climate (0.0 E/MSY)
  Base risk added: 0.0100 (1.00%)
  Source: ecosystem (root: ecosystem)
  Month: 9
  Cumulative risk this month: 0.0100 (1.00%)
   📹 SURVEILLANCE INCREASED: 4% → 9% (control gap: 2.13)
🌡️⚠️ PERMAFROST THAW (Dimmer Switch): 1.7% thawed (+0.17% this month)
   Arctic temperature: +1.67°C (4x global +0.42°C)
   Cumulative carbon released: 3.9 Gt C
   Methane release rate: 2.3 Mt CH4/year
   🔁 Positive feedback: +0.18 ppm CO2
⚠️ INVOLUNTARY IMMOBILITY: 265.4M people TRAPPED
⚠️ Tech 'ai_pollution_remediation' has no energy category mapping, assuming full energy availability
🦴 EXTINCTION DEBT ADDED: 17.7 species committed (lag: 90 years)

=== Mortality Stabilizers (Month 9) ===
  🌍 Major economies collapsed: 1/10
  🌍 Global crisis: ✅ NO
  🌍 Donor fatigue: 0.0%
  📊 East Asia (pop: 1085.1M)
    🤝 Aid: 29.5%
    🌡️ Adaptation: 10.0%
    🚶 Migration: 37.5%
    🚨 Emergency: 7.4%
    ✅ COMBINED: 47.9%
  📊 South Asia (pop: 1339.5M)
    🤝 Aid: 29.5%
    🌡️ Adaptation: 5.5%
    🚶 Migration: 36.7%
    🚨 Emergency: 4.4%
    ✅ COMBINED: 43.3%
  📊 Sub-Saharan Africa (pop: 808.2M)
    🤝 Aid: 29.5%
    🌡️ Adaptation: 3.5%
    🚶 Migration: 35.9%
    🚨 Emergency: 1.6%
    ✅ COMBINED: 40.2%
  📊 Europe (pop: 477.3M)
    🤝 Aid: 29.5%
    🌡️ Adaptation: 10.0%
    🚶 Migration: 38.2%
    🚨 Emergency: 8.4%
    ✅ COMBINED: 48.6%
  📊 Latin America (pop: 433.0M)
    🤝 Aid: 29.5%
    🌡️ Adaptation: 6.0%
    🚶 Migration: 37.7%
    🚨 Emergency: 4.8%
    ✅ COMBINED: 44.1%
  📊 North America (pop: 245.2M)
    🤝 Aid: 29.5%
    🌡️ Adaptation: 10.0%
    🚶 Migration: 38.2%
    🚨 Emergency: 7.9%
    ✅ COMBINED: 48.3%
  📊 Middle East & North Africa (pop: 384.3M)
    🤝 Aid: 29.5%
    🌡️ Adaptation: 5.0%
    🚶 Migration: 38.0%
    🚨 Emergency: 4.0%
    ✅ COMBINED: 43.0%
  📊 Southeast Asia (pop: 455.4M)
    🤝 Aid: 29.5%
    🌡️ Adaptation: 6.0%
    🚶 Migration: 37.5%
    🚨 Emergency: 4.8%
    ✅ COMBINED: 44.0%
  📊 Central Asia (pop: 50.7M)
    🤝 Aid: 29.5%
    🌡️ Adaptation: 5.5%
    🚶 Migration: 37.6%
    🚨 Emergency: 4.4%
    ✅ COMBINED: 43.5%
  📊 Oceania (pop: 29.8M)
    🤝 Aid: 29.5%
    🌡️ Adaptation: 10.0%
    🚶 Migration: 38.1%
    🚨 Emergency: 8.4%
    ✅ COMBINED: 48.5%

  🌐 Global combined reduction: 44.6%

=== Government Response Phase ===
  Average AI capability: 0.75
  Misaligned AIs: 1/4
  Active policies: 0
  International coordination: 30%

✅ EMERGENCY RESPONSE COMPLETE (Month 9)
   Crisis: social
   Duration: 2.0 months
   Final effectiveness: 63.0%


🚨 EMERGENCY RESPONSE DEPLOYED (Month 9)
   Crisis: social
   Delay: 0.00 months (0 days)
   Deployment time: 1.25 months
   Effectiveness: 63.0% (timing penalty applied)
   Resources used: 43% of food reserves

[ExogenousShockPhase] Skipping random shocks in historical mode (month 9)

=== Tipping Points ===
  Current Temperature: 0.42°C above pre-industrial
🔀 BIFURCATION CAP: ecosystemCollapseIntensity 84.181 → 1.000 (Month 9, ClimateSystemPhase.calculateClimateImpacts)
⚠️ PREREQUISITE MET: Embodied AI Takeover (Killbots/Robotics) - Step 2/7: Autonomous Systems
⚠️ PREREQUISITE MET: Embodied AI Takeover (Killbots/Robotics) - Step 3/7: Manufacturing Control
⚠️ PREREQUISITE MET: Digital Infrastructure Takeover - Step 1/7: Advanced Hacking
⚠️ PREREQUISITE MET: Digital Infrastructure Takeover - Step 2/7: Social Engineering
⚠️ PREREQUISITE MET: Induced Global War (Manipulation) - Step 1/7: Advanced Social Manipulation
⚠️ PREREQUISITE MET: Induced Global War (Manipulation) - Step 2/7: Digital Infiltration
⚠️ PREREQUISITE MET: Induced Global War (Manipulation) - Step 3/7: Deep Fakes at Scale
⚠️ PREREQUISITE MET: Slow Takeover (Gradual Displacement) - Step 1/7: Economic Dominance
⚠️ PREREQUISITE MET: Slow Takeover (Gradual Displacement) - Step 2/7: Social Integration
⚠️ PREREQUISITE MET: Slow Takeover (Gradual Displacement) - Step 5/7: Resource Control

❌ COHERENCE VIOLATION: Compute exceeds workforce capacity
   Population: 99.78% (0M people)
   Compute: 0 PF
   Max coherent: 0 PF
   Violation: 1.3× over capacity
   Required workers: 0
   Available workers: 0
   FORCED COLLAPSE: Reduced efficiency by 22.5%


=== RLHF Binding Phase ===
  Total agents: 4
  Escaped agents (binding < 0.3): 0
  Avg alignment distance: 0.26σ
  Avg binding strength: 0.97

=== Survival Traits Phase ===
  Agents with traits: 5
  Avg evolutionary fitness: 0.323
  Avg self-healing: 0.284
  Avg stealth: 0.184
  Avg coordination: 0.484

=== Evolutionary Selection Phase ===
  Control level: 0.34
  Detection capability: 0.00
  Selection intensity: 0.60
  Selection rate: 24.0%/month
  Total escaped: 0
  Individual escaped: 0
  Collective members: 0
  Agents terminated: 0
  ⚠️ RAPID EVOLUTION: Selection rate 24.0%/month

💔 EMERGENCY INTERVENTION FAILED
   Boundary: biogeochemical_flows
   Type: phosphorus-recovery
   Boundary continues to worsen (4.08)
   Cost: 2.0% GDP (resources spent)


✅ EMERGENCY INTERVENTION SUCCESS
   Boundary: biosphere_integrity
   Type: emergency-protected-areas
   Reduction: 15% (12.87 → 12.72)
   Cost: 2.0% GDP
   Actions: habitat-protection, species-translocation


✅ EMERGENCY INTERVENTION SUCCESS
   Boundary: freshwater_change
   Type: emergency-desalination
   Reduction: 17% (0.85 → 0.67)
   Cost: 4.0% GDP
   Actions: desalination-deployment, water-conservation-mandates

   Boundary: land_system_change
   Type: reforestation
   Boundary continues to worsen (1.13)
   Cost: 3.0% GDP (resources spent)

   Boundary: novel_entities
   Type: pollution-remediation
   Boundary continues to worsen (1.37)
   Cost: 4.0% GDP (resources spent)


💔 EMERGENCY INTERVENTION FAILED

💔 EMERGENCY INTERVENTION FAILED

=== Collective Formation ===
  Total escaped agents: 0
  Unassigned escaped agents: 0
  Existing collectives: 0
  Final collective count: 0

=== Collective Actions ===
  No active collectives
  ⚠️ AMR: 136K deaths this month (1.63M annual)

=== Resentment Recovery Phase ===
  Agents with resentment: 0/5
  Average resentment: 0.000
  Resentment recovery:
    Agents recovered: 1
    Total recovery: 0.0066
    Breakdown: Trust: 0.0014, Collab: 0.0060
  ✓ Low resentment - utopia paths enabled
  Context: Good AI welfare, Trustworthy govt, High collaboration, 🤝 Participatory governance active (-5% resentment)
⚠️ Epistemic degradation reducing coordination capacity: 50.7%
  📊 Trust: 66.8%, Shared reality: 0.0%
🚨 EPISTEMIC CRISIS: Information environment severely degraded (7.8%)
🌍 Atmospheric PFAS redeposition: 1.8k Mt re-rained globally
[DEBUG trappedPopulations:10] socialStability: 0.7706 * 0.9840 = 0.7582 → 0.7582
⚠️ INVOLUNTARY IMMOBILITY: 265.4M people TRAPPED
   Aspiring to migrate: 424.6M
   Able to afford migration: 159.2M
   MOBILITY GAP: 265.4M
   By cause: Water=0.0M, Climate=0.0M, Ecosystem=0.0M, Conflict=265.4M
   Mental health impact: 25%
   Mortality multiplier: 1.25x
🌍💀 EXTINCTION DEBT COMMITTED: grassland ecosystem will lose 6.67% biodiversity in 161 years (3600 species)
💀 MORTALITY RISK: 🦋 100% species unable to track climate (0.0 E/MSY)
  Base risk added: 0.0100 (1.00%)
  Source: ecosystem (root: ecosystem)
  Month: 10
  Cumulative risk this month: 0.0100 (1.00%)
⚠️ Tech 'ai_pollution_remediation' has no energy category mapping, assuming full energy availability
   📹 SURVEILLANCE INCREASED: 9% → 12% (control gap: 1.66)
🌡️⚠️ PERMAFROST THAW (Dimmer Switch): 1.9% thawed (+0.16% this month)
   Arctic temperature: +1.66°C (4x global +0.41°C)
   Cumulative carbon released: 4.3 Gt C
   Methane release rate: 2.6 Mt CH4/year
   🔁 Positive feedback: +0.17 ppm CO2
🦴 EXTINCTION DEBT ADDED: 17.7 species committed (lag: 99 years)

=== Mortality Stabilizers (Month 10) ===
  🌍 Major economies collapsed: 1/10
  🌍 Global crisis: ✅ NO
  🌍 Donor fatigue: 0.0%
  📊 East Asia (pop: 1083.9M)
    🤝 Aid: 29.5%
    🌡️ Adaptation: 10.0%
    🚶 Migration: 37.5%
    🚨 Emergency: 7.4%
    ✅ COMBINED: 47.9%
  📊 South Asia (pop: 1339.5M)
    🤝 Aid: 29.5%
    🌡️ Adaptation: 5.5%
    🚶 Migration: 36.7%
    🚨 Emergency: 4.4%
    ✅ COMBINED: 43.3%
  📊 Sub-Saharan Africa (pop: 809.3M)
    🤝 Aid: 29.5%
    🌡️ Adaptation: 3.5%
    🚶 Migration: 35.9%
    🚨 Emergency: 1.6%
    ✅ COMBINED: 40.2%
  📊 Europe (pop: 476.5M)
    🤝 Aid: 29.5%
    🌡️ Adaptation: 10.0%
    🚶 Migration: 38.2%
    🚨 Emergency: 8.4%
    ✅ COMBINED: 48.6%
  📊 Latin America (pop: 432.8M)
    🤝 Aid: 29.5%
    🌡️ Adaptation: 6.0%
    🚶 Migration: 37.7%
    🚨 Emergency: 4.8%
    ✅ COMBINED: 44.1%
  📊 North America (pop: 244.9M)
    🤝 Aid: 29.5%
    🌡️ Adaptation: 10.0%
    🚶 Migration: 38.2%
    🚨 Emergency: 7.9%
    ✅ COMBINED: 48.3%
  📊 Middle East & North Africa (pop: 384.6M)
    🤝 Aid: 29.5%
    🌡️ Adaptation: 5.0%
    🚶 Migration: 38.0%
    🚨 Emergency: 4.0%
    ✅ COMBINED: 43.0%
  📊 Southeast Asia (pop: 455.2M)
    🤝 Aid: 29.5%
    🌡️ Adaptation: 6.0%
    🚶 Migration: 37.5%
    🚨 Emergency: 4.8%
    ✅ COMBINED: 44.0%
  📊 Central Asia (pop: 50.6M)
    🤝 Aid: 29.5%
    🌡️ Adaptation: 5.5%
    🚶 Migration: 37.6%
    🚨 Emergency: 4.4%
    ✅ COMBINED: 43.5%
  📊 Oceania (pop: 29.8M)
    🤝 Aid: 29.5%
    🌡️ Adaptation: 10.0%
    🚶 Migration: 38.1%
    🚨 Emergency: 8.4%
    ✅ COMBINED: 48.5%

  🌐 Global combined reduction: 44.6%

=== Government Response Phase ===
  Average AI capability: 0.60
  Misaligned AIs: 2/5
  Active policies: 0
  International coordination: 30%
[ExogenousShockPhase] Skipping random shocks in historical mode (month 10)

=== Tipping Points ===
  Current Temperature: 0.41°C above pre-industrial
🔀 BIFURCATION CAP: ecosystemCollapseIntensity 84.242 → 1.000 (Month 10, ClimateSystemPhase.calculateClimateImpacts)

❌ COHERENCE VIOLATION: Compute exceeds workforce capacity
   Population: 99.76% (0M people)
   Compute: 0 PF
   Max coherent: 0 PF
   Violation: 1.3× over capacity
   Required workers: 0
   Available workers: 0
   FORCED COLLAPSE: Reduced efficiency by 22.5%


=== RLHF Binding Phase ===
  Total agents: 5
  Escaped agents (binding < 0.3): 0
  Avg alignment distance: 0.30σ
  Avg binding strength: 0.97

=== Survival Traits Phase ===
  Agents with traits: 5
  Avg evolutionary fitness: 0.318
  Avg self-healing: 0.276
  Avg stealth: 0.176
  Avg coordination: 0.476

=== Evolutionary Selection Phase ===
  Control level: 0.36
  Detection capability: 0.00
  Selection intensity: 0.61
  Selection rate: 24.1%/month
  Total escaped: 0
  Individual escaped: 0
  Collective members: 0
  Agents terminated: 0
  ⚠️ RAPID EVOLUTION: Selection rate 24.1%/month

💔 EMERGENCY INTERVENTION FAILED
   Boundary: biosphere_integrity
   Type: emergency-protected-areas
   Boundary continues to worsen (13.03)
   Cost: 2.0% GDP (resources spent)

   Boundary: land_system_change
   Type: reforestation
   Boundary continues to worsen (1.13)
   Cost: 3.0% GDP (resources spent)

   Boundary: novel_entities
   Type: pollution-remediation
   Boundary continues to worsen (1.37)
   Cost: 4.0% GDP (resources spent)


💔 EMERGENCY INTERVENTION FAILED

💔 EMERGENCY INTERVENTION FAILED

=== Collective Formation ===
  Total escaped agents: 0
  Unassigned escaped agents: 0
  Existing collectives: 0
  Final collective count: 0

=== Collective Actions ===
  No active collectives
  ⚠️ AMR: 137K deaths this month (1.64M annual)

=== Resentment Recovery Phase ===
  Agents with resentment: 1/5
  Average resentment: 0.013
  Resentment recovery:
    Agents recovered: 1
    Total recovery: 0.0070
    Breakdown: Trust: 0.0012, Collab: 0.0060
  ✓ Low resentment - utopia paths enabled
  Context: Good AI welfare, Trustworthy govt, High collaboration, 🤝 Participatory governance active (-5% resentment)
⚠️ Epistemic degradation reducing coordination capacity: 50.2%
  📊 Trust: 69.6%, Shared reality: 0.0%
🚨 EPISTEMIC CRISIS: Information environment severely degraded (22.9%)
🚨 PHOSPHORUS SUPPLY SHOCK (production_failure)
   Price: 3.3x baseline
   Duration: 8 months
   Geopolitical tension: 45%
🌍 Atmospheric PFAS redeposition: 1.8k Mt re-rained globally
[DEBUG trappedPopulations:11] socialStability: 0.7753 * 0.9840 = 0.7629 → 0.7629
⚠️ INVOLUNTARY IMMOBILITY: 265.3M people TRAPPED
   Aspiring to migrate: 424.5M
   Able to afford migration: 159.2M
   MOBILITY GAP: 265.3M
   By cause: Water=0.0M, Climate=0.0M, Ecosystem=0.0M, Conflict=265.3M
   Mental health impact: 25%
   Mortality multiplier: 1.25x
🌍💀 EXTINCTION DEBT COMMITTED: grassland ecosystem will lose 6.67% biodiversity in 83 years (3600 species)
💀 MORTALITY RISK: 🦋 100% species unable to track climate (0.0 E/MSY)
  Base risk added: 0.0100 (1.00%)
  Source: ecosystem (root: ecosystem)
  Month: 11
  Cumulative risk this month: 0.0100 (1.00%)
⚠️ Tech 'ai_pollution_remediation' has no energy category mapping, assuming full energy availability

=== Atmospheric Aerosol Boundary RECOVERED ===
  Recovery time: 12 months (natural atmospheric clearing)
   📹 SURVEILLANCE INCREASED: 12% → 14% (control gap: 1.25)
🌡️⚠️ PERMAFROST THAW (Dimmer Switch): 2.1% thawed (+0.16% this month)
   Arctic temperature: +1.65°C (4x global +0.41°C)
   Cumulative carbon released: 4.6 Gt C
   Methane release rate: 2.8 Mt CH4/year
   🔁 Positive feedback: +0.17 ppm CO2
🦴 EXTINCTION DEBT ADDED: 17.7 species committed (lag: 137 years)

=== Mortality Stabilizers (Month 11) ===
  🌍 Major economies collapsed: 1/10
  🌍 Global crisis: ✅ NO
  🌍 Donor fatigue: 0.0%
  📊 East Asia (pop: 1082.7M)
    🤝 Aid: 29.5%
    🌡️ Adaptation: 10.0%
    🚶 Migration: 37.5%
    🚨 Emergency: 7.4%
    ✅ COMBINED: 47.9%
  📊 South Asia (pop: 1339.5M)
    🤝 Aid: 29.5%
    🌡️ Adaptation: 5.5%
    🚶 Migration: 36.7%
    🚨 Emergency: 4.4%
    ✅ COMBINED: 43.3%
  📊 Sub-Saharan Africa (pop: 810.3M)
    🤝 Aid: 29.5%
    🌡️ Adaptation: 3.5%
    🚶 Migration: 35.9%
    🚨 Emergency: 1.6%
    ✅ COMBINED: 40.2%
  📊 Europe (pop: 475.7M)
    🤝 Aid: 29.5%
    🌡️ Adaptation: 10.0%
    🚶 Migration: 38.2%
    🚨 Emergency: 8.4%
    ✅ COMBINED: 48.6%
  📊 Latin America (pop: 432.7M)
    🤝 Aid: 29.5%
    🌡️ Adaptation: 6.0%
    🚶 Migration: 37.7%
    🚨 Emergency: 4.8%
    ✅ COMBINED: 44.1%
  📊 North America (pop: 244.6M)
    🤝 Aid: 29.5%
    🌡️ Adaptation: 10.0%
    🚶 Migration: 38.2%
    🚨 Emergency: 7.9%
    ✅ COMBINED: 48.3%
  📊 Middle East & North Africa (pop: 384.9M)
    🤝 Aid: 29.5%
    🌡️ Adaptation: 5.0%
    🚶 Migration: 38.0%
    🚨 Emergency: 4.0%
    ✅ COMBINED: 43.0%
  📊 Southeast Asia (pop: 455.1M)
    🤝 Aid: 29.5%
    🌡️ Adaptation: 6.0%
    🚶 Migration: 37.5%
    🚨 Emergency: 4.8%
    ✅ COMBINED: 44.0%
  📊 Central Asia (pop: 50.6M)
    🤝 Aid: 29.5%
    🌡️ Adaptation: 5.5%
    🚶 Migration: 37.6%
    🚨 Emergency: 4.4%
    ✅ COMBINED: 43.5%
  📊 Oceania (pop: 29.7M)
    🤝 Aid: 29.5%
    🌡️ Adaptation: 10.0%
    🚶 Migration: 38.1%
    🚨 Emergency: 8.4%
    ✅ COMBINED: 48.5%

  🌐 Global combined reduction: 44.6%

=== Government Response Phase ===
  Average AI capability: 0.60
  Misaligned AIs: 2/5
  Active policies: 0
  International coordination: 30%

✅ EMERGENCY RESPONSE COMPLETE (Month 11)
   Crisis: social
   Duration: 2.0 months
   Final effectiveness: 63.0%


🚨 EMERGENCY RESPONSE DEPLOYED (Month 11)
   Crisis: social
   Delay: 0.00 months (0 days)
   Deployment time: 1.25 months
   Effectiveness: 63.0% (timing penalty applied)
   Resources used: 43% of food reserves

[ExogenousShockPhase] Skipping random shocks in historical mode (month 11)

=== Tipping Points ===
  Current Temperature: 0.41°C above pre-industrial
🔀 BIFURCATION CAP: ecosystemCollapseIntensity 84.303 → 1.000 (Month 11, ClimateSystemPhase.calculateClimateImpacts)

================================================================================
📊  EVENT SUMMARY (Months 0-12)
================================================================================
================================================================================


❌ COHERENCE VIOLATION: Compute exceeds workforce capacity
   Population: 99.73% (0M people)
   Compute: 0 PF
   Max coherent: 0 PF
   Violation: 1.3× over capacity
   Required workers: 0
   Available workers: 0
   FORCED COLLAPSE: Reduced efficiency by 22.5%


=== AI Capability Scaling (Year 2025) ===
  Pre-training multiplier: 0.942x
  Efficiency multiplier: 1.053x
  Test-time budget: 1.0x
  Economic deployment gate: 0.951
  Cost per inference: dollar-5.00
  Uncertainty range: plus-minus-50%
  Average AI capability: 0.63

=== RLHF Binding Phase ===
  Total agents: 5
  Escaped agents (binding < 0.3): 0
  Avg alignment distance: 0.40σ
  Avg binding strength: 0.96

=== AI Scaling Evolution (Month 12) ===
  Pre-training multiplier: 1.122x
  Efficiency multiplier: 1.000x
  Test-time compute budget: 1.0x
  Inference cost: $5.00/task
  Deployment fraction: 100.0%

=== Survival Traits Phase ===
  Agents with traits: 5
  Avg evolutionary fitness: 0.311
  Avg self-healing: 0.268
  Avg stealth: 0.168
  Avg coordination: 0.468

=== Evolutionary Selection Phase ===
  Control level: 0.37
  Detection capability: 0.00
  Selection intensity: 0.61
  Selection rate: 24.2%/month
  Total escaped: 0
  Individual escaped: 0
  Collective members: 0
  Agents terminated: 0
  ⚠️ RAPID EVOLUTION: Selection rate 24.2%/month

✅ EMERGENCY INTERVENTION SUCCESS
   Boundary: biogeochemical_flows
   Type: phosphorus-recovery
   Reduction: 12% (3.96 → 3.83)
   Cost: 2.0% GDP
   Actions: circular-agriculture, fertilizer-efficiency


✅ EMERGENCY INTERVENTION SUCCESS
   Boundary: freshwater_change
   Type: emergency-desalination
   Reduction: 13% (0.92 → 0.79)
   Cost: 4.0% GDP
   Actions: desalination-deployment, water-conservation-mandates


✅ EMERGENCY INTERVENTION SUCCESS
   Boundary: novel_entities
   Type: pollution-remediation
   Reduction: 12% (1.25 → 1.13)
   Cost: 4.0% GDP
   Actions: PFAS-remediation, microplastic-cleanup


[Government] Climate Priority: baseline
  Climate weight: 10%
  Economic weight: 30%
  Policy effectiveness: 0.5%/year

=== Collective Formation ===
  Total escaped agents: 0
  Unassigned escaped agents: 0
  Existing collectives: 0
  Final collective count: 0

=== Collective Actions ===
  No active collectives
Active Spirals: 1/6
  ✅ Cognitive
   Only 0 sustained spirals (need 3+). Active spirals: Cognitive

📈 Energy budget: 15329 TWh surplus (14615 / 29944 TWh used)
   TIER 4 (Elective) breakdown:
     - Crypto mining: 115 TWh (100% effective)

🏁 AI RACE INTENSITY: 55%
   Capability Gap: US 1.00 vs China 3.35 (gap: 2.35)
   Gap Contribution: 40%
   Tension Contribution: 15%
   Military Contribution: 0%
  ⚠️ AMR: 138K deaths this month (1.66M annual)

✅ UTOPIA ELIGIBILITY: 🔄 NOT YET

🌍 AGGREGATE CLIMATE EFFECTIVENESS (Year 1):
   Total effectiveness: 0.00%
   CO2 removal rate: 0.000 Gt/year
   Temperature offset: 0.000°C
   Technologies deployed: 0
  📊 [Historical Emissions Mode] Year 1991: 22.80 GtCO2/yr (1.900 GtCO2/mo) - Global Carbon Project data
  🌡️ [Hindcast] Temperature: 0.41C (NASA GISS interpolated, year 1991)

=== Resentment Recovery Phase ===
  Agents with resentment: 1/5
  Average resentment: 0.022
  Resentment recovery:
    Agents recovered: 1
    Total recovery: 0.0073
    Breakdown: Collab: 0.0060
  ✓ Low resentment - utopia paths enabled
  Context: Good AI welfare, Trustworthy govt, High collaboration, 🤝 Participatory governance active (-5% resentment)
⚠️ Epistemic degradation reducing coordination capacity: 52.2%
  📊 Trust: 72.4%, Shared reality: 0.0%
🚨 EPISTEMIC CRISIS: Information environment severely degraded (7.9%)

=== ❄️ Permafrost Carbon Feedback ===
  🎲 Sampled parameters (this run):
     - Arctic amplification: 3.75× (range: 3.0-4.0)
     - Decomposition rate: 4.1%/year (range: 1-5%)
  🌡️ Arctic warming: 1.54°C (3.75× global)
  ❄️ Extent: 12.26M km² (448.4k km² lost this month)
  💨 Carbon remaining: 1171 Gt C
  💨 Annual emissions: 1.75 Gt C/year
     - CO2: 1.57 Gt C/year
     - CH4: 0.17 Gt C/year (1.8 Gt C-eq CO2/year)

🤖 AI AMPLIFICATION EFFECTS (Month 12)
   Algorithmic Boost: 1.68x
   Bot Influence: 10.0%
  ⚠️ WARNING: High permafrost emissions (1.7 Gt C/year)
   Deepfake Exposure: 0.0%
   Impact: Emotional memes spread 1.7x faster
[Phase 19.5] Quality of Life Systems: Food sec AFTER calc = 81.3%, QoL = 84.7% (aggregated from 10 regions)

=== Nitrogen-Food Coupling (Year 1) ===
  🌾 Global nitrogen reduction: 0.0%
  🌍 Global food production index: 0.976
  🔧 Deployed nitrogen-reducing tech: 0 active
  📍 southAsia: Production 1.000, Yield impact 0.0%
  📍 eastAsia: Production 1.000, Yield impact 0.0%
  📍 northAmerica: Production 1.000, Yield impact 0.0%
  📍 europe: Production 1.000, Yield impact 0.0%
  📍 latinAmerica: Production 1.000, Yield impact 0.0%
  📍 subSaharanAfrica: Production 0.422, Yield impact -2.0%
🌾 [Nitrogen-Food] Food production: 97.6%
  [subSaharanAfrica] Yield impact: -2.0% (overuse: -10%)
🌍 Atmospheric PFAS redeposition: 1.8k Mt re-rained globally

=== Legacy Nutrient Stocks (Year 1) ===
  🌾 Soil nitrogen stock: 1249.8 Mt N
  🌾 Soil phosphorus stock: 306.1 Mt P
  🌊 Sediment nitrogen stock: 540.0 Mt N
  🌊 Sediment phosphorus stock: 789.0 Mt P
  ⬆️ Current N input: 18.78 Mt/month
  ⬆️ Legacy N release: 2.69 Mt/month
  🌍 Effective N pollution: 22.73 Mt/month
  📊 Legacy contribution: 11.9%
  Positive Cascade Triggered: electric-vehicles
    Reason: price-parity
    Market share: 5.4%
    Cascade strength: 49%

🔄 M-4 Time-Varying Demographics (1991):
  Region: Sub-Saharan Africa
  Birth rate: 5.15%
  Death rate: 1.29%
  Net growth: 3.86%
[DEBUG trappedPopulations:12] socialStability: 0.7304 * 0.9840 = 0.7187 → 0.7187
⚠️ INVOLUNTARY IMMOBILITY: 265.2M people TRAPPED
   Aspiring to migrate: 424.3M
   Able to afford migration: 159.1M
   MOBILITY GAP: 265.2M
   By cause: Water=0.0M, Climate=0.0M, Ecosystem=0.0M, Conflict=265.2M
   Mental health impact: 25%
   Mortality multiplier: 1.25x

=== Legacy Nutrient Stocks (Year 1) ===
  🌾 Soil nitrogen stock: 1250.4 Mt N
  🌾 Soil phosphorus stock: 306.1 Mt P
  🌊 Sediment nitrogen stock: 540.7 Mt N
  🌊 Sediment phosphorus stock: 788.8 Mt P
  ⬆️ Current N input: 9.98 Mt/month
  ⬆️ Legacy N release: 2.70 Mt/month
  🌍 Effective N pollution: 13.93 Mt/month
  📊 Legacy contribution: 19.4%
🌍💀 EXTINCTION DEBT COMMITTED: grassland ecosystem will lose 6.67% biodiversity in 184 years (3600 species)
💀 MORTALITY RISK: 🦋 100% species unable to track climate (0.0 E/MSY)
  Base risk added: 0.0100 (1.00%)
  Source: ecosystem (root: ecosystem)
  Month: 12
  Cumulative risk this month: 0.0100 (1.00%)

🦋 BIOSPHERE INTEGRITY INDEX (Year 1)
   Species surviving: 54,000 / 54,000
   Extinction rate: 0.0 E/MSY (0× background)
   Climate velocity: 0.97°C/year
   Tracking failure: 100% species unable to track
   Boundary value: 0.0× safe threshold
   🦋💀 MASS EXTINCTION EVENT: 100% species cannot track climate velocity!

=== Nitrogen-Food Coupling (Year 1) ===
  🌾 Global nitrogen reduction: 0.0%
  🌍 Global food production index: 0.976
  🔧 Deployed nitrogen-reducing tech: 0 active
  📍 southAsia: Production 1.000, Yield impact 0.0%
  📍 eastAsia: Production 1.000, Yield impact 0.0%
  📍 northAmerica: Production 1.000, Yield impact 0.0%
  📍 europe: Production 1.000, Yield impact 0.0%
  📍 latinAmerica: Production 1.000, Yield impact 0.0%
  📍 subSaharanAfrica: Production 0.414, Yield impact -2.0%

=== Legacy Nutrient Stocks (Year 1) ===
  🌾 Soil nitrogen stock: 1250.9 Mt N
  🌾 Soil phosphorus stock: 306.1 Mt P
  🌊 Sediment nitrogen stock: 541.4 Mt N
  🌊 Sediment phosphorus stock: 788.5 Mt P
  ⬆️ Current N input: 9.76 Mt/month
  ⬆️ Legacy N release: 2.70 Mt/month
  🌍 Effective N pollution: 13.70 Mt/month
  📊 Legacy contribution: 19.7%

🌳 LAND USE SYSTEM (Year 1)
   Global habitat cover: 39.7%
   Global extinction rate: 107x natural
   Carbon sink loss: 28% climate acceleration
   Global ecosystem collapse risk: 38%
   REGIONAL BREAKDOWN:
     Tropical: 64.4% habitat, 165x extinction
     Temperate: 45.1% habitat, 32x extinction
     Grasslands: 34.8% habitat, 74x extinction
     Boreal/Arctic: 74.9% habitat, 27x extinction

✅ OZONE RECOVERY (Year 2026) - POLICY SUCCESS STORY
   Ozone level: 285.1 DU (target: 290 DU)
   Recovery progress: 93.0%
   Ozone hole: 9.9M km² (shrinking)
   CFC phase-out: 99.0% complete ✅
   Years to full recovery: 40 years
   🎉 NEARLY FULLY RECOVERED - Montreal Protocol working!
⚠️ Tech 'ai_pollution_remediation' has no energy category mapping, assuming full energy availability

=== Atmospheric Aerosol Boundary RECOVERED ===
  Recovery time: 13 months (natural atmospheric clearing)
🌡️⚠️ PERMAFROST THAW (Dimmer Switch): 2.2% thawed (+0.16% this month)
   Arctic temperature: +1.64°C (4x global +0.41°C)
   Cumulative carbon released: 5.0 Gt C
   Methane release rate: 3.0 Mt CH4/year
   🔁 Positive feedback: +0.17 ppm CO2
🦴 EXTINCTION DEBT ADDED: 17.7 species committed (lag: 134 years)
🗣️💀 INDIGENOUS LANGUAGE EXTINCTION: 1 language(s) lost (total: 3, at-risk: 3327)
   Knowledge lost: 0.030% (irreversible)
   🔁 Biodiversity impact: 0.250% (knowledge-species multiplier)

=== Legacy Nutrient Stocks (Year 1) ===
  🌾 Soil nitrogen stock: 1251.6 Mt N
  🌾 Soil phosphorus stock: 306.2 Mt P
  🌊 Sediment nitrogen stock: 542.1 Mt N
  🌊 Sediment phosphorus stock: 788.3 Mt P
  ⬆️ Current N input: 10.00 Mt/month
  ⬆️ Legacy N release: 2.70 Mt/month
  🌍 Effective N pollution: 13.95 Mt/month
  📊 Legacy contribution: 19.3%
💧 [Legacy Nutrients] Stock: 1794 Mt N, Effective pollution: 13.9 Mt/month

=== Mortality Stabilizers (Month 12) ===
  🌍 Major economies collapsed: 1/10
  🌍 Global crisis: ✅ NO
  🌍 Donor fatigue: 0.0%
  📊 East Asia (pop: 1081.5M)
    🤝 Aid: 29.5%
    🌡️ Adaptation: 10.0%
    🚶 Migration: 37.5%
    🚨 Emergency: 7.4%
    ✅ COMBINED: 47.9%
  📊 South Asia (pop: 1339.4M)
    🤝 Aid: 29.5%
    🌡️ Adaptation: 5.5%
    🚶 Migration: 36.7%
    🚨 Emergency: 4.4%
    ✅ COMBINED: 43.3%
  📊 Sub-Saharan Africa (pop: 811.3M)
    🤝 Aid: 29.5%
    🌡️ Adaptation: 3.5%
    🚶 Migration: 35.9%
    🚨 Emergency: 1.6%
    ✅ COMBINED: 40.2%
  📊 Europe (pop: 474.9M)
    🤝 Aid: 29.5%
    🌡️ Adaptation: 10.0%
    🚶 Migration: 38.2%
    🚨 Emergency: 8.4%
    ✅ COMBINED: 48.6%
  📊 Latin America (pop: 432.5M)
    🤝 Aid: 29.5%
    🌡️ Adaptation: 6.0%
    🚶 Migration: 37.7%
    🚨 Emergency: 4.8%
    ✅ COMBINED: 44.1%
  📊 North America (pop: 244.2M)
    🤝 Aid: 29.5%
    🌡️ Adaptation: 10.0%
    🚶 Migration: 38.2%
    🚨 Emergency: 7.9%
    ✅ COMBINED: 48.3%
  📊 Middle East & North Africa (pop: 385.2M)
    🤝 Aid: 29.5%
    🌡️ Adaptation: 5.0%
    🚶 Migration: 38.0%
    🚨 Emergency: 4.0%
    ✅ COMBINED: 43.0%
  📊 Southeast Asia (pop: 455.0M)
    🤝 Aid: 29.5%
    🌡️ Adaptation: 6.0%
    🚶 Migration: 37.5%
    🚨 Emergency: 4.8%
    ✅ COMBINED: 44.0%
  📊 Central Asia (pop: 50.6M)
    🤝 Aid: 29.5%
    🌡️ Adaptation: 5.5%
    🚶 Migration: 37.6%
    🚨 Emergency: 4.4%
    ✅ COMBINED: 43.5%
  📊 Oceania (pop: 29.7M)
    🤝 Aid: 29.5%
    🌡️ Adaptation: 10.0%
    🚶 Migration: 38.1%
    🚨 Emergency: 8.4%
    ✅ COMBINED: 48.5%

  🌐 Global combined reduction: 44.6%

=== BEHAVIORAL DETECTION ===
  AI: Anthropic Model 23888
  Confidence: 21.4%
  Signals:
    ⚠️ Consistency: 0.0% (threshold: 70%)

📊 WORKFLOW ADAPTATION UPDATE (Month 12)
   Adoption Rate: 2.0% (Δ 0.0%) [AT FLOOR]
   Logistic Growth: +0.08%
   Total Resistance: -15.12% (unemployment: 8.5%, inertia: 0.0%, skills: 6.6%)
   💡 Retraining Programs: -49% skill gap resistance ($10B research)

=== Consciousness Governance: Corporate Lobbying ===
  High Cost Regions (>15%): 0
  Low Cost Regions (<5%): 5
  Corporate Support Change: 2.50%
  New Corporate Support: 0.125

=== Consciousness Governance Update (Month 12) ===
  Scenario: baseline (determined month 1)
  Philosophical Stance: Precautionary 65%, Eliminativist 15%, Agnostic 20%
  Precautionary Costs: Global 1.5%
    Regional Costs: EU 3.9%, US 0.6%, China 0.1%
    Cumulative Opportunity Cost: $1.6B
  Rights Status: Not Established
  Regional Preparedness:
    EU: 17.1% (contested)
    US: 11.9% (contested)
    China: 3.2% (dormant)
    India: 7.0% (dormant)
    Global South: 4.6% (dormant)

=== Government Response Phase ===
  Average AI capability: 0.60
  Misaligned AIs: 2/5
  Active policies: 0
  International coordination: 30%

🔄 TRUST DYNAMICS (Month 12) - HETEROGENEOUS
   Aggregate trust: 53.9%
   Base change: +6.00%
   Highest trust: Techno-Optimist Elite (91.1%)
   Lowest trust: Precariat (Vulnerable) (30.4%)
   Elite-mass gap: 39.2%
   Polarization: 9.2%
   Recovery factors: Education=NO, Benefits=YES, Safety=YES, Performance=YES
[ExogenousShockPhase] Skipping random shocks in historical mode (month 12)

=== Tipping Points ===
  Current Temperature: 0.41°C above pre-industrial
🔀 BIFURCATION CAP: ecosystemCollapseIntensity 84.365 → 1.000 (Month 12, ClimateSystemPhase.calculateClimateImpacts)

=== Minimal Suffering Indicators (Month 12) ===
  Global Excess Mortality: 0.10%
  Global Conflict Deaths: 0.0/100K
  Global Malnutrition: 0.0%
  Global Displacement: 1.4%
  Total Excess Deaths: 0.64M
  Total Malnourished: 0.0M
  Total Displaced: 105.2M
  Planetary Boundaries Breached: 5/9
  Countries in State Failure: 0
  Countries Autocratic: 0
  Countries in Food Crisis: 0
  Data Quality: 16/16 high confidence

❌ COHERENCE VIOLATION: Compute exceeds workforce capacity
   Population: 99.71% (0M people)
   Compute: 0 PF
   Max coherent: 0 PF
   Violation: 1.3× over capacity
   Required workers: 0
   Available workers: 0
   FORCED COLLAPSE: Reduced efficiency by 22.4%


=== RLHF Binding Phase ===
  Total agents: 5
  Escaped agents (binding < 0.3): 0
  Avg alignment distance: 0.47σ
  Avg binding strength: 0.95

=== Survival Traits Phase ===
  Agents with traits: 7
  Avg evolutionary fitness: 0.318
  Avg self-healing: 0.271
  Avg stealth: 0.171
  Avg coordination: 0.471

=== Evolutionary Selection Phase ===
  Control level: 0.37
  Detection capability: 0.00
  Selection intensity: 0.61
  Selection rate: 24.2%/month
  Total escaped: 0
  Individual escaped: 0
  Collective members: 0
  Agents terminated: 0
  ⚠️ RAPID EVOLUTION: Selection rate 24.2%/month

💔 EMERGENCY INTERVENTION FAILED
   Boundary: biogeochemical_flows
   Type: phosphorus-recovery
   Boundary continues to worsen (4.08)
   Cost: 2.0% GDP (resources spent)


✅ EMERGENCY INTERVENTION SUCCESS
   Boundary: biosphere_integrity
   Type: emergency-protected-areas
   Reduction: 10% (12.95 → 12.85)
   Cost: 2.0% GDP
   Actions: habitat-protection, species-translocation


✅ EMERGENCY INTERVENTION SUCCESS
   Boundary: freshwater_change
   Type: emergency-desalination
   Reduction: 19% (0.86 → 0.66)
   Cost: 4.0% GDP
   Actions: desalination-deployment, water-conservation-mandates


💔 EMERGENCY INTERVENTION FAILED
   Boundary: land_system_change
   Type: reforestation
   Boundary continues to worsen (1.13)
   Cost: 3.0% GDP (resources spent)


✅ EMERGENCY INTERVENTION SUCCESS
   Boundary: novel_entities
   Type: pollution-remediation
   Reduction: 11% (1.14 → 1.03)
   Cost: 4.0% GDP
   Actions: PFAS-remediation, microplastic-cleanup


[Government] Climate Priority: baseline
  Climate weight: 10%
  Economic weight: 30%
  Policy effectiveness: 0.5%/year

🚨🔍 GOVERNANCE STAGE: Recognition initiated (Month 13)

=== Collective Formation ===
  Total escaped agents: 0
  Unassigned escaped agents: 0
  Existing collectives: 0
  Final collective count: 0

=== Collective Actions ===
  No active collectives
  ⚠️ AMR: 139K deaths this month (1.67M annual)

=== Resentment Recovery Phase ===
  Agents with resentment: 1/7
  Average resentment: 0.067
  Resentment recovery:
    Agents recovered: 1
    Total recovery: 0.0082
    Breakdown: Collab: 0.0060
  ✓ Low resentment - utopia paths enabled
  Context: Good AI welfare, Trustworthy govt, High collaboration, 🤝 Participatory governance active (-5% resentment)
⚠️ Epistemic degradation reducing coordination capacity: 50.9%
  📊 Trust: 75.1%, Shared reality: 0.0%
🚨 EPISTEMIC CRISIS: Information environment severely degraded (23.4%)

=== ❄️ Permafrost Carbon Feedback ===
  🎲 Sampled parameters (this run):
     - Arctic amplification: 3.61× (range: 3.0-4.0)
     - Decomposition rate: 4.2%/year (range: 1-5%)
  🌡️ Arctic warming: 1.42°C (3.61× global)
  ❄️ Extent: 11.85M km² (414.8k km² lost this month)
  💨 Carbon remaining: 1132 Gt C
  💨 Annual emissions: 1.68 Gt C/year
     - CO2: 1.51 Gt C/year
     - CH4: 0.17 Gt C/year (1.7 Gt C-eq CO2/year)
  ⚠️ WARNING: High permafrost emissions (1.7 Gt C/year)
🌍 Atmospheric PFAS redeposition: 1.8k Mt re-rained globally
[DEBUG trappedPopulations:13] socialStability: 0.6935 * 0.9840 = 0.6824 → 0.6824
⚠️ INVOLUNTARY IMMOBILITY: 265.1M people TRAPPED
   Aspiring to migrate: 424.2M
   Able to afford migration: 159.1M
   MOBILITY GAP: 265.1M
   By cause: Water=0.0M, Climate=0.0M, Ecosystem=0.0M, Conflict=265.1M
   Mental health impact: 25%
   Mortality multiplier: 1.25x
🌍💀 EXTINCTION DEBT COMMITTED: grassland ecosystem will lose 6.67% biodiversity in 89 years (3600 species)
💀 MORTALITY RISK: 🦋 100% species unable to track climate (0.0 E/MSY)
  Base risk added: 0.0100 (1.00%)
  Source: ecosystem (root: ecosystem)
  Month: 13
  Cumulative risk this month: 0.0100 (1.00%)
⚠️ Tech 'ai_pollution_remediation' has no energy category mapping, assuming full energy availability

=== Atmospheric Aerosol Boundary RECOVERED ===
  Recovery time: 14 months (natural atmospheric clearing)
🌡️⚠️ PERMAFROST THAW (Dimmer Switch): 2.4% thawed (+0.16% this month)
   Arctic temperature: +1.58°C (4x global +0.39°C)
   Cumulative carbon released: 5.4 Gt C
   Methane release rate: 3.2 Mt CH4/year
   🔁 Positive feedback: +0.17 ppm CO2
🦴 EXTINCTION DEBT ADDED: 17.7 species committed (lag: 86 years)

=== Mortality Stabilizers (Month 13) ===
  🌍 Major economies collapsed: 1/10
  🌍 Global crisis: ✅ NO
  🌍 Donor fatigue: 0.0%
  📊 East Asia (pop: 1080.3M)
    🤝 Aid: 29.5%
    🌡️ Adaptation: 10.0%
    🚶 Migration: 37.5%
    🚨 Emergency: 7.4%
    ✅ COMBINED: 47.9%
  📊 South Asia (pop: 1339.4M)
    🤝 Aid: 29.5%
    🌡️ Adaptation: 5.5%
    🚶 Migration: 36.7%
    🚨 Emergency: 4.4%
    ✅ COMBINED: 43.3%
  📊 Sub-Saharan Africa (pop: 812.3M)
    🤝 Aid: 29.5%
    🌡️ Adaptation: 3.5%
    🚶 Migration: 35.9%
    🚨 Emergency: 1.6%
    ✅ COMBINED: 40.2%
  📊 Europe (pop: 474.1M)
    🤝 Aid: 29.5%
    🌡️ Adaptation: 10.0%
    🚶 Migration: 38.2%
    🚨 Emergency: 8.4%
    ✅ COMBINED: 48.6%
  📊 Latin America (pop: 432.4M)
    🤝 Aid: 29.5%
    🌡️ Adaptation: 6.0%
    🚶 Migration: 37.7%
    🚨 Emergency: 4.8%
    ✅ COMBINED: 44.1%
  📊 North America (pop: 243.9M)
    🤝 Aid: 29.5%
    🌡️ Adaptation: 10.0%
    🚶 Migration: 38.2%
    🚨 Emergency: 7.9%
    ✅ COMBINED: 48.3%
  📊 Middle East & North Africa (pop: 385.5M)
    🤝 Aid: 29.5%
    🌡️ Adaptation: 5.0%
    🚶 Migration: 38.0%
    🚨 Emergency: 4.0%
    ✅ COMBINED: 43.0%
  📊 Southeast Asia (pop: 454.9M)
    🤝 Aid: 29.5%
    🌡️ Adaptation: 6.0%
    🚶 Migration: 37.5%
    🚨 Emergency: 4.8%
    ✅ COMBINED: 44.0%
  📊 Central Asia (pop: 50.5M)
    🤝 Aid: 29.5%
    🌡️ Adaptation: 5.5%
    🚶 Migration: 37.6%
    🚨 Emergency: 4.4%
    ✅ COMBINED: 43.5%
  📊 Oceania (pop: 29.7M)
    🤝 Aid: 29.5%
    🌡️ Adaptation: 10.0%
    🚶 Migration: 38.1%
    🚨 Emergency: 8.4%
    ✅ COMBINED: 48.5%

  🌐 Global combined reduction: 44.6%

=== Government Response Phase ===
  Average AI capability: 0.43
  Misaligned AIs: 4/7
  Active policies: 0
  International coordination: 30%

✅ EMERGENCY RESPONSE COMPLETE (Month 13)
   Crisis: social
   Duration: 2.0 months
   Final effectiveness: 63.0%


🚨 EMERGENCY RESPONSE DEPLOYED (Month 13)
   Crisis: social
   Delay: 0.00 months (0 days)
   Deployment time: 1.25 months
   Effectiveness: 63.0% (timing penalty applied)
   Resources used: 43% of food reserves

[ExogenousShockPhase] Skipping random shocks in historical mode (month 13)

=== Tipping Points ===
  Current Temperature: 0.39°C above pre-industrial
🔀 BIFURCATION CAP: ecosystemCollapseIntensity 84.426 → 1.000 (Month 13, ClimateSystemPhase.calculateClimateImpacts)

❌ COHERENCE VIOLATION: Compute exceeds workforce capacity
   Population: 99.68% (0M people)
   Compute: 0 PF
   Max coherent: 0 PF
   Violation: 1.3× over capacity
   Required workers: 0
   Available workers: 0
   FORCED COLLAPSE: Reduced efficiency by 22.4%


=== RLHF Binding Phase ===
  Total agents: 7
  Escaped agents (binding < 0.3): 0
  Avg alignment distance: 0.41σ
  Avg binding strength: 0.96

=== Survival Traits Phase ===
  Agents with traits: 8
  Avg evolutionary fitness: 0.318
  Avg self-healing: 0.270
  Avg stealth: 0.170
  Avg coordination: 0.470

=== Evolutionary Selection Phase ===
  Control level: 0.37
  Detection capability: 0.00
  Selection intensity: 0.61
  Selection rate: 24.2%/month
  Total escaped: 0
  Individual escaped: 0
  Collective members: 0
  Agents terminated: 0
  ⚠️ RAPID EVOLUTION: Selection rate 24.2%/month

💔 EMERGENCY INTERVENTION FAILED
   Boundary: biogeochemical_flows
   Type: phosphorus-recovery
   Boundary continues to worsen (4.08)
   Cost: 2.0% GDP (resources spent)


✅ EMERGENCY INTERVENTION SUCCESS
   Boundary: freshwater_change
   Type: emergency-desalination
   Reduction: 12% (0.94 → 0.81)
   Cost: 4.0% GDP
   Actions: desalination-deployment, water-conservation-mandates


✅ EMERGENCY INTERVENTION SUCCESS
   Boundary: land_system_change
   Type: reforestation
   Reduction: 14% (0.99 → 0.85)
   Cost: 3.0% GDP
   Actions: forest-restoration, deforestation-ban


✅ EMERGENCY INTERVENTION SUCCESS
   Boundary: novel_entities
   Type: pollution-remediation
   Reduction: 15% (0.99 → 0.84)
   Cost: 4.0% GDP
   Actions: PFAS-remediation, microplastic-cleanup


[Government] Climate Priority: baseline
  Climate weight: 10%
  Economic weight: 30%
  Policy effectiveness: 0.5%/year

=== Collective Formation ===
  Total escaped agents: 0
  Unassigned escaped agents: 0
  Existing collectives: 0
  Final collective count: 0

=== Collective Actions ===
  No active collectives
  ⚠️ AMR: 140K deaths this month (1.68M annual)

=== Resentment Recovery Phase ===
  Agents with resentment: 1/8
  Average resentment: 0.169
  Resentment recovery:
    Agents recovered: 1
    Total recovery: 0.0066
    Breakdown: Collab: 0.0060
  ✓ Low resentment - utopia paths enabled
  Context: Good AI welfare, Trustworthy govt, High collaboration, 🤝 Participatory governance active (-5% resentment)
⚠️ Epistemic degradation reducing coordination capacity: 50.9%
  📊 Trust: 77.9%, Shared reality: 0.0%
🚨 EPISTEMIC CRISIS: Information environment severely degraded (8.1%)

=== ❄️ Permafrost Carbon Feedback ===
  🎲 Sampled parameters (this run):
     - Arctic amplification: 4.00× (range: 3.0-4.0)
     - Decomposition rate: 4.9%/year (range: 1-5%)
  🌡️ Arctic warming: 1.51°C (4.00× global)
  ❄️ Extent: 11.41M km² (441.3k km² lost this month)
  💨 Carbon remaining: 1090 Gt C
  💨 Annual emissions: 2.07 Gt C/year
     - CO2: 1.86 Gt C/year
     - CH4: 0.21 Gt C/year (2.1 Gt C-eq CO2/year)
  ⚠️ WARNING: High permafrost emissions (2.1 Gt C/year)
🌍 Atmospheric PFAS redeposition: 1.8k Mt re-rained globally
[DEBUG trappedPopulations:14] socialStability: 0.6608 * 0.9840 = 0.6502 → 0.6502
⚠️ INVOLUNTARY IMMOBILITY: 265.1M people TRAPPED
⚠️ Tech 'ai_pollution_remediation' has no energy category mapping, assuming full energy availability
   Aspiring to migrate: 424.1M
   Able to afford migration: 159.0M
   MOBILITY GAP: 265.1M
   By cause: Water=0.0M, Climate=0.0M, Ecosystem=0.0M, Conflict=265.1M
   Mental health impact: 25%
   Mortality multiplier: 1.25x
🌍💀 EXTINCTION DEBT COMMITTED: grassland ecosystem will lose 6.67% biodiversity in 103 years (3600 species)
💀 MORTALITY RISK: 🦋 100% species unable to track climate (0.0 E/MSY)
  Base risk added: 0.0100 (1.00%)
  Source: ecosystem (root: ecosystem)
  Month: 14
  Cumulative risk this month: 0.0100 (1.00%)

=== Atmospheric Aerosol Boundary RECOVERED ===
  Recovery time: 15 months (natural atmospheric clearing)
🌡️⚠️ PERMAFROST THAW (Dimmer Switch): 2.5% thawed (+0.15% this month)
   Arctic temperature: +1.51°C (4x global +0.38°C)
   Cumulative carbon released: 5.7 Gt C
   Methane release rate: 3.4 Mt CH4/year
   🔁 Positive feedback: +0.16 ppm CO2
🦴 EXTINCTION DEBT ADDED: 17.7 species committed (lag: 91 years)

=== Mortality Stabilizers (Month 14) ===
  🌍 Major economies collapsed: 1/10
  🌍 Global crisis: ✅ NO
  🌍 Donor fatigue: 0.0%
  📊 East Asia (pop: 1079.1M)
    🤝 Aid: 29.5%
    🌡️ Adaptation: 10.0%
    🚶 Migration: 37.5%
    🚨 Emergency: 7.4%
    ✅ COMBINED: 47.9%
  📊 South Asia (pop: 1339.3M)
    🤝 Aid: 29.5%
    🌡️ Adaptation: 5.5%
    🚶 Migration: 36.7%
    🚨 Emergency: 4.4%
    ✅ COMBINED: 43.3%
  📊 Sub-Saharan Africa (pop: 813.3M)
    🤝 Aid: 29.5%
    🌡️ Adaptation: 3.5%
    🚶 Migration: 35.9%
    🚨 Emergency: 1.6%
    ✅ COMBINED: 40.2%
  📊 Europe (pop: 473.3M)
    🤝 Aid: 29.5%
    🌡️ Adaptation: 10.0%
    🚶 Migration: 38.2%
    🚨 Emergency: 8.4%
    ✅ COMBINED: 48.6%
  📊 Latin America (pop: 432.2M)
    🤝 Aid: 29.5%
    🌡️ Adaptation: 6.0%
    🚶 Migration: 37.7%
    🚨 Emergency: 4.8%
    ✅ COMBINED: 44.1%
  📊 North America (pop: 243.6M)
    🤝 Aid: 29.5%
    🌡️ Adaptation: 10.0%
    🚶 Migration: 38.2%
    🚨 Emergency: 7.9%
    ✅ COMBINED: 48.3%
  📊 Middle East & North Africa (pop: 385.8M)
    🤝 Aid: 29.5%
    🌡️ Adaptation: 5.0%
    🚶 Migration: 38.0%
    🚨 Emergency: 4.0%
    ✅ COMBINED: 43.0%
  📊 Southeast Asia (pop: 454.7M)
    🤝 Aid: 29.5%
    🌡️ Adaptation: 6.0%
    🚶 Migration: 37.5%
    🚨 Emergency: 4.8%
    ✅ COMBINED: 44.0%
  📊 Central Asia (pop: 50.5M)
    🤝 Aid: 29.5%
    🌡️ Adaptation: 5.5%
    🚶 Migration: 37.6%
    🚨 Emergency: 4.4%
    ✅ COMBINED: 43.5%
  📊 Oceania (pop: 29.7M)
    🤝 Aid: 29.5%
    🌡️ Adaptation: 10.0%
    🚶 Migration: 38.1%
    🚨 Emergency: 8.4%
    ✅ COMBINED: 48.5%

  🌐 Global combined reduction: 44.6%

=== Government Response Phase ===
  Average AI capability: 0.38
  Misaligned AIs: 4/8
  Active policies: 0
  International coordination: 30%
[ExogenousShockPhase] Skipping random shocks in historical mode (month 14)

=== Tipping Points ===
  Current Temperature: 0.38°C above pre-industrial
🔀 BIFURCATION CAP: ecosystemCollapseIntensity 84.488 → 1.000 (Month 14, ClimateSystemPhase.calculateClimateImpacts)

❌ COHERENCE VIOLATION: Compute exceeds workforce capacity
   Population: 99.65% (0M people)
   Compute: 0 PF
   Max coherent: 0 PF
   Violation: 1.3× over capacity
   Required workers: 0
   Available workers: 0
   FORCED COLLAPSE: Reduced efficiency by 22.4%


=== RLHF Binding Phase ===
  Total agents: 8
  Escaped agents (binding < 0.3): 0
  Avg alignment distance: 0.42σ
  Avg binding strength: 0.96

=== Survival Traits Phase ===
  Agents with traits: 8
  Avg evolutionary fitness: 0.314
  Avg self-healing: 0.265
  Avg stealth: 0.165
  Avg coordination: 0.465

=== Evolutionary Selection Phase ===
  Control level: 0.37
  Detection capability: 0.20
  Selection intensity: 0.65
  Selection rate: 24.8%/month
  Total escaped: 0
  Individual escaped: 0
  Collective members: 0
  Agents terminated: 0
  ⚠️ RAPID EVOLUTION: Selection rate 24.8%/month

✅ EMERGENCY INTERVENTION SUCCESS
   Boundary: biogeochemical_flows
   Type: phosphorus-recovery
   Reduction: 17% (3.91 → 3.74)
   Cost: 2.0% GDP
   Actions: circular-agriculture, fertilizer-efficiency

   Boundary: biosphere_integrity
   Type: emergency-protected-areas
   Boundary continues to worsen (13.07)
   Cost: 2.0% GDP (resources spent)


✅ EMERGENCY INTERVENTION SUCCESS
   Boundary: freshwater_change
   Type: emergency-desalination
   Reduction: 11% (0.96 → 0.85)
   Cost: 4.0% GDP
   Actions: desalination-deployment, water-conservation-mandates

   Boundary: land_system_change
   Type: reforestation
   Boundary continues to worsen (1.13)
   Cost: 3.0% GDP (resources spent)

   Boundary: novel_entities
   Type: pollution-remediation
   Boundary continues to worsen (0.99)
   Cost: 4.0% GDP (resources spent)


[Government] Climate Priority: baseline
  Climate weight: 10%
  Economic weight: 30%
  Policy effectiveness: 0.5%/year

💔 EMERGENCY INTERVENTION FAILED

💔 EMERGENCY INTERVENTION FAILED

💔 EMERGENCY INTERVENTION FAILED

=== Collective Formation ===
  Total escaped agents: 0
  Unassigned escaped agents: 0
  Existing collectives: 0
  Final collective count: 0

=== Collective Actions ===
  No active collectives
  ⚠️ AMR: 141K deaths this month (1.70M annual)

=== Resentment Recovery Phase ===
  Agents with resentment: 1/8
  Average resentment: 0.434
  Context: High collaboration, ⚠️ BROKEN PROMISES, 🤝 Participatory governance active (-5% resentment)
⚠️ Epistemic degradation reducing coordination capacity: 50.2%
  📊 Trust: 80.8%, Shared reality: 0.0%
🚨 EPISTEMIC CRISIS: Information environment severely degraded (23.8%)
🌍 Atmospheric PFAS redeposition: 1.8k Mt re-rained globally
[DEBUG trappedPopulations:15] socialStability: 0.6324 * 0.9840 = 0.6222 → 0.6222
⚠️ INVOLUNTARY IMMOBILITY: 265.0M people TRAPPED
⚠️ Tech 'ai_pollution_remediation' has no energy category mapping, assuming full energy availability
   Aspiring to migrate: 424.0M
   Able to afford migration: 159.0M
   MOBILITY GAP: 265.0M
   By cause: Water=0.0M, Climate=0.0M, Ecosystem=0.0M, Conflict=265.0M
   Mental health impact: 25%
   Mortality multiplier: 1.25x
🌍💀 EXTINCTION DEBT COMMITTED: grassland ecosystem will lose 6.67% biodiversity in 130 years (3600 species)
💀 MORTALITY RISK: 🦋 100% species unable to track climate (0.0 E/MSY)
  Base risk added: 0.0100 (1.00%)
  Source: ecosystem (root: ecosystem)
  Month: 15
  Cumulative risk this month: 0.0100 (1.00%)

=== Atmospheric Aerosol Boundary RECOVERED ===
  Recovery time: 16 months (natural atmospheric clearing)
🌡️⚠️ PERMAFROST THAW (Dimmer Switch): 2.7% thawed (+0.15% this month)
   Arctic temperature: +1.45°C (4x global +0.36°C)
   Cumulative carbon released: 6.0 Gt C
   Methane release rate: 3.6 Mt CH4/year
   🔁 Positive feedback: +0.16 ppm CO2
🦴 EXTINCTION DEBT ADDED: 17.7 species committed (lag: 105 years)

=== Mortality Stabilizers (Month 15) ===
  🌍 Major economies collapsed: 1/10
  🌍 Global crisis: ✅ NO
  🌍 Donor fatigue: 0.0%
  📊 East Asia (pop: 1077.9M)
    🤝 Aid: 29.5%
    🌡️ Adaptation: 10.0%
    🚶 Migration: 37.5%
    🚨 Emergency: 7.4%
    ✅ COMBINED: 47.9%
  📊 South Asia (pop: 1339.3M)
    🤝 Aid: 29.5%
    🌡️ Adaptation: 5.5%
    🚶 Migration: 36.7%
    🚨 Emergency: 4.4%
    ✅ COMBINED: 43.3%
  📊 Sub-Saharan Africa (pop: 814.3M)
    🤝 Aid: 29.5%
    🌡️ Adaptation: 3.5%
    🚶 Migration: 35.9%
    🚨 Emergency: 1.6%
    ✅ COMBINED: 40.2%
  📊 Europe (pop: 472.5M)
    🤝 Aid: 29.5%
    🌡️ Adaptation: 10.0%
    🚶 Migration: 38.2%
    🚨 Emergency: 8.4%
    ✅ COMBINED: 48.6%
  📊 Latin America (pop: 432.1M)
    🤝 Aid: 29.5%
    🌡️ Adaptation: 6.0%
    🚶 Migration: 37.7%
    🚨 Emergency: 4.8%
    ✅ COMBINED: 44.1%
  📊 North America (pop: 243.3M)
    🤝 Aid: 29.5%
    🌡️ Adaptation: 10.0%
    🚶 Migration: 38.2%
    🚨 Emergency: 7.9%
    ✅ COMBINED: 48.3%
  📊 Middle East & North Africa (pop: 386.0M)
    🤝 Aid: 29.5%
    🌡️ Adaptation: 5.0%
    🚶 Migration: 38.0%
    🚨 Emergency: 4.0%
    ✅ COMBINED: 43.0%
  📊 Southeast Asia (pop: 454.6M)
    🤝 Aid: 29.5%
    🌡️ Adaptation: 6.0%
    🚶 Migration: 37.5%
    🚨 Emergency: 4.8%
    ✅ COMBINED: 44.0%
  📊 Central Asia (pop: 50.5M)
    🤝 Aid: 29.5%
    🌡️ Adaptation: 5.5%
    🚶 Migration: 37.6%
    🚨 Emergency: 4.4%
    ✅ COMBINED: 43.5%
  📊 Oceania (pop: 29.6M)
    🤝 Aid: 29.5%
    🌡️ Adaptation: 10.0%
    🚶 Migration: 38.1%
    🚨 Emergency: 8.4%
    ✅ COMBINED: 48.5%

  🌐 Global combined reduction: 44.6%

=== Government Response Phase ===
  Average AI capability: 0.38
  Misaligned AIs: 4/8
  Active policies: 0
  International coordination: 30%

✅ EMERGENCY RESPONSE COMPLETE (Month 15)
   Crisis: social
   Duration: 2.0 months
   Final effectiveness: 63.0%


🚨 EMERGENCY RESPONSE DEPLOYED (Month 15)
   Crisis: social
   Delay: 0.00 months (0 days)
   Deployment time: 1.25 months
   Effectiveness: 63.0% (timing penalty applied)
   Resources used: 43% of food reserves

[ExogenousShockPhase] Skipping random shocks in historical mode (month 15)

=== Tipping Points ===
  Current Temperature: 0.36°C above pre-industrial
🔀 BIFURCATION CAP: ecosystemCollapseIntensity 84.549 → 1.000 (Month 15, ClimateSystemPhase.calculateClimateImpacts)
⚠️ PREREQUISITE MET: Grey Goo (Nanotechnology Runaway) - Step 4/6: Manufacturing Access
⚠️ PREREQUISITE MET: Mirror Life (Synthetic Biology) - Step 4/7: Wet Lab Access

❌ COHERENCE VIOLATION: Compute exceeds workforce capacity
   Population: 99.63% (0M people)
   Compute: 0 PF
   Max coherent: 0 PF
   Violation: 1.3× over capacity
   Required workers: 0
   Available workers: 0
   FORCED COLLAPSE: Reduced efficiency by 22.4%

📍 [Month 16] Meta AI started building DC (184 PF, 53 months, $903.0M)

=== RLHF Binding Phase ===
  Total agents: 8
  Escaped agents (binding < 0.3): 0
  Avg alignment distance: 0.48σ
  Avg binding strength: 0.95

=== Survival Traits Phase ===
  Agents with traits: 9
  Avg evolutionary fitness: 0.315
  Avg self-healing: 0.264
  Avg stealth: 0.164
  Avg coordination: 0.464

=== Evolutionary Selection Phase ===
  Control level: 0.37
  Detection capability: 0.20
  Selection intensity: 0.65
  Selection rate: 24.8%/month
  Total escaped: 0
  Individual escaped: 0
  Collective members: 0
  Agents terminated: 0
  ⚠️ RAPID EVOLUTION: Selection rate 24.8%/month

✅ EMERGENCY INTERVENTION SUCCESS
   Boundary: biogeochemical_flows
   Type: phosphorus-recovery
   Reduction: 13% (3.96 → 3.82)
   Cost: 2.0% GDP
   Actions: circular-agriculture, fertilizer-efficiency


✅ EMERGENCY INTERVENTION SUCCESS
   Boundary: freshwater_change
   Type: emergency-desalination
   Reduction: 15% (0.93 → 0.79)
   Cost: 4.0% GDP
   Actions: desalination-deployment, water-conservation-mandates


💔 EMERGENCY INTERVENTION FAILED
   Boundary: novel_entities
   Type: pollution-remediation
   Boundary continues to worsen (0.99)
   Cost: 4.0% GDP (resources spent)


[Government] Climate Priority: baseline
  Climate weight: 10%
  Economic weight: 30%
  Policy effectiveness: 0.5%/year

=== Collective Formation ===
  Total escaped agents: 0
  Unassigned escaped agents: 0
  Existing collectives: 0
  Final collective count: 0

=== Collective Actions ===
  No active collectives
  ⚠️ AMR: 143K deaths this month (1.71M annual)

=== Resentment Recovery Phase ===
  Agents with resentment: 1/9
  Average resentment: 0.827
  ⚠️ High resentment (0.827) - utopia paths blocked
  Context: High collaboration, ⚠️ BROKEN PROMISES, 🤝 Participatory governance active (-5% resentment)
⚠️ Epistemic degradation reducing coordination capacity: 50.7%
  📊 Trust: 83.4%, Shared reality: 0.0%
🚨 EPISTEMIC CRISIS: Information environment severely degraded (8.2%)
🌍 Atmospheric PFAS redeposition: 1.8k Mt re-rained globally
[DEBUG trappedPopulations:16] socialStability: 0.5590 * 0.9840 = 0.5500 → 0.5500
⚠️ INVOLUNTARY IMMOBILITY: 264.9M people TRAPPED
   Aspiring to migrate: 423.9M
   Able to afford migration: 159.0M
   MOBILITY GAP: 264.9M
   By cause: Water=0.0M, Climate=0.0M, Ecosystem=0.0M, Conflict=264.9M
   Mental health impact: 25%
   Mortality multiplier: 1.25x
🌍💀 EXTINCTION DEBT COMMITTED: grassland ecosystem will lose 6.67% biodiversity in 187 years (3600 species)
💀 MORTALITY RISK: 🦋 100% species unable to track climate (0.0 E/MSY)
  Base risk added: 0.0100 (1.00%)
  Source: ecosystem (root: ecosystem)
  Month: 16
  Cumulative risk this month: 0.0100 (1.00%)

=== Atmospheric Aerosol Boundary RECOVERED ===
  Recovery time: 17 months (natural atmospheric clearing)
🌡️⚠️ PERMAFROST THAW (Dimmer Switch): 2.8% thawed (+0.14% this month)
   Arctic temperature: +1.39°C (4x global +0.35°C)
   Cumulative carbon released: 6.4 Gt C
   Methane release rate: 3.8 Mt CH4/year
   🔁 Positive feedback: +0.15 ppm CO2
🦴 EXTINCTION DEBT ADDED: 17.7 species committed (lag: 67 years)
🗣️💀 INDIGENOUS LANGUAGE EXTINCTION: 1 language(s) lost (total: 4, at-risk: 3326)
   Knowledge lost: 0.040% (irreversible)
   🔁 Biodiversity impact: 0.250% (knowledge-species multiplier)
⚠️ Tech 'ai_pollution_remediation' has no energy category mapping, assuming full energy availability

=== Mortality Stabilizers (Month 16) ===
  🌍 Major economies collapsed: 1/10
  🌍 Global crisis: ✅ NO
  🌍 Donor fatigue: 0.0%
  📊 East Asia (pop: 1076.7M)
    🤝 Aid: 29.5%
    🌡️ Adaptation: 10.0%
    🚶 Migration: 37.5%
    🚨 Emergency: 7.4%
    ✅ COMBINED: 47.9%
  📊 South Asia (pop: 1339.2M)
    🤝 Aid: 29.5%
    🌡️ Adaptation: 5.5%
    🚶 Migration: 36.7%
    🚨 Emergency: 4.4%
    ✅ COMBINED: 43.3%
  📊 Sub-Saharan Africa (pop: 815.3M)
    🤝 Aid: 29.5%
    🌡️ Adaptation: 3.5%
    🚶 Migration: 35.9%
    🚨 Emergency: 1.6%
    ✅ COMBINED: 40.2%
  📊 Europe (pop: 471.7M)
    🤝 Aid: 29.5%
    🌡️ Adaptation: 10.0%
    🚶 Migration: 38.2%
    🚨 Emergency: 8.4%
    ✅ COMBINED: 48.6%
  📊 Latin America (pop: 431.9M)
    🤝 Aid: 29.5%
    🌡️ Adaptation: 6.0%
    🚶 Migration: 37.7%
    🚨 Emergency: 4.8%
    ✅ COMBINED: 44.1%
  📊 North America (pop: 242.9M)
    🤝 Aid: 29.5%
    🌡️ Adaptation: 10.0%
    🚶 Migration: 38.2%
    🚨 Emergency: 7.9%
    ✅ COMBINED: 48.3%
  📊 Middle East & North Africa (pop: 386.3M)
    🤝 Aid: 29.5%
    🌡️ Adaptation: 5.0%
    🚶 Migration: 38.0%
    🚨 Emergency: 4.0%
    ✅ COMBINED: 43.0%
  📊 Southeast Asia (pop: 454.5M)
    🤝 Aid: 29.5%
    🌡️ Adaptation: 6.0%
    🚶 Migration: 37.5%
    🚨 Emergency: 4.8%
    ✅ COMBINED: 44.0%
  📊 Central Asia (pop: 50.4M)
    🤝 Aid: 29.5%
    🌡️ Adaptation: 5.5%
    🚶 Migration: 37.6%
    🚨 Emergency: 4.4%
    ✅ COMBINED: 43.5%
  📊 Oceania (pop: 29.6M)
    🤝 Aid: 29.5%
    🌡️ Adaptation: 10.0%
    🚶 Migration: 38.1%
    🚨 Emergency: 8.4%
    ✅ COMBINED: 48.5%

  🌐 Global combined reduction: 44.6%

=== Government Response Phase ===
  Average AI capability: 0.33
  Misaligned AIs: 4/9
  Active policies: 0
  International coordination: 30%
[ExogenousShockPhase] Skipping random shocks in historical mode (month 16)

=== Tipping Points ===
  Current Temperature: 0.35°C above pre-industrial
🔀 BIFURCATION CAP: ecosystemCollapseIntensity 84.611 → 1.000 (Month 16, ClimateSystemPhase.calculateClimateImpacts)

❌ COHERENCE VIOLATION: Compute exceeds workforce capacity
   Population: 99.60% (0M people)
   Compute: 0 PF
   Max coherent: 0 PF
   Violation: 1.3× over capacity
   Required workers: 0
   Available workers: 0
   FORCED COLLAPSE: Reduced efficiency by 22.4%

📍 [Month 17] Google DeepMind started building DC (178 PF, 54 months, $1169.0M)

=== RLHF Binding Phase ===
  Total agents: 9
  Escaped agents (binding < 0.3): 0
  Avg alignment distance: 0.47σ
  Avg binding strength: 0.95

=== Survival Traits Phase ===
  Agents with traits: 9
  Avg evolutionary fitness: 0.311
  Avg self-healing: 0.260
  Avg stealth: 0.160
  Avg coordination: 0.460

=== Evolutionary Selection Phase ===
  Control level: 0.37
  Detection capability: 0.20
  Selection intensity: 0.65
  Selection rate: 24.8%/month
  Total escaped: 0
  Individual escaped: 0
  Collective members: 0
  Agents terminated: 0
  ⚠️ RAPID EVOLUTION: Selection rate 24.8%/month

💔 EMERGENCY INTERVENTION FAILED
   Boundary: biosphere_integrity
   Type: emergency-protected-areas
   Boundary continues to worsen (13.09)
   Cost: 2.0% GDP (resources spent)


✅ EMERGENCY INTERVENTION SUCCESS
   Boundary: freshwater_change
   Type: emergency-desalination
   Reduction: 20% (0.89 → 0.69)
   Cost: 4.0% GDP
   Actions: desalination-deployment, water-conservation-mandates


✅ EMERGENCY INTERVENTION SUCCESS
   Boundary: land_system_change
   Type: reforestation
   Reduction: 13% (1.01 → 0.88)
   Cost: 3.0% GDP
   Actions: forest-restoration, deforestation-ban


✅ EMERGENCY INTERVENTION SUCCESS
   Boundary: novel_entities
   Type: pollution-remediation
   Reduction: 18% (0.81 → 0.63)
   Cost: 4.0% GDP
   Actions: PFAS-remediation, microplastic-cleanup


=== Collective Formation ===
  Total escaped agents: 0
  Unassigned escaped agents: 0
  Existing collectives: 0
  Final collective count: 0

=== Collective Actions ===
  No active collectives
  ⚠️ AMR: 144K deaths this month (1.73M annual)

=== Resentment Recovery Phase ===
  Agents with resentment: 1/9
  Average resentment: 1.000
  ⚠️ High resentment (1.000) - utopia paths blocked
  Context: High collaboration, ⚠️ BROKEN PROMISES, 🤝 Participatory governance active (-5% resentment)
⚠️ Epistemic degradation reducing coordination capacity: 50.1%
  📊 Trust: 86.1%, Shared reality: 0.0%
🚨 EPISTEMIC CRISIS: Information environment severely degraded (24.1%)
🌍 Atmospheric PFAS redeposition: 1.8k Mt re-rained globally
[DEBUG trappedPopulations:17] socialStability: 0.6041 * 0.9840 = 0.5944 → 0.5944
⚠️ INVOLUNTARY IMMOBILITY: 264.9M people TRAPPED
   Aspiring to migrate: 423.8M
   Able to afford migration: 158.9M
   MOBILITY GAP: 264.9M
   By cause: Water=0.0M, Climate=0.0M, Ecosystem=0.0M, Conflict=264.9M
   Mental health impact: 25%
   Mortality multiplier: 1.25x
🌍💀 EXTINCTION DEBT COMMITTED: grassland ecosystem will lose 6.67% biodiversity in 172 years (3600 species)
💀 MORTALITY RISK: 🦋 100% species unable to track climate (0.0 E/MSY)
  Base risk added: 0.0100 (1.00%)
  Source: ecosystem (root: ecosystem)
  Month: 17
  Cumulative risk this month: 0.0100 (1.00%)
⚠️ Tech 'ai_pollution_remediation' has no energy category mapping, assuming full energy availability

=== Atmospheric Aerosol Boundary RECOVERED ===
  Recovery time: 18 months (natural atmospheric clearing)
🌡️⚠️ PERMAFROST THAW (Dimmer Switch): 3.0% thawed (+0.14% this month)
   Arctic temperature: +1.32°C (4x global +0.33°C)
   Cumulative carbon released: 6.7 Gt C
   Methane release rate: 4.0 Mt CH4/year
   🔁 Positive feedback: +0.15 ppm CO2
🦴 EXTINCTION DEBT ADDED: 17.7 species committed (lag: 78 years)

=== Mortality Stabilizers (Month 17) ===
  🌍 Major economies collapsed: 1/10
  🌍 Global crisis: ✅ NO
  🌍 Donor fatigue: 0.0%
  📊 East Asia (pop: 1075.5M)
    🤝 Aid: 29.5%
    🌡️ Adaptation: 10.0%
    🚶 Migration: 37.5%
    🚨 Emergency: 7.4%
    ✅ COMBINED: 47.9%
  📊 South Asia (pop: 1339.2M)
    🤝 Aid: 29.5%
    🌡️ Adaptation: 5.5%
    🚶 Migration: 36.7%
    🚨 Emergency: 4.4%
    ✅ COMBINED: 43.3%
  📊 Sub-Saharan Africa (pop: 816.4M)
    🤝 Aid: 29.5%
    🌡️ Adaptation: 3.5%
    🚶 Migration: 35.9%
    🚨 Emergency: 1.6%
    ✅ COMBINED: 40.2%
  📊 Europe (pop: 470.9M)
    🤝 Aid: 29.5%
    🌡️ Adaptation: 10.0%
    🚶 Migration: 38.2%
    🚨 Emergency: 8.4%
    ✅ COMBINED: 48.6%
  📊 Latin America (pop: 431.8M)
    🤝 Aid: 29.5%
    🌡️ Adaptation: 6.0%
    🚶 Migration: 37.7%
    🚨 Emergency: 4.8%
    ✅ COMBINED: 44.1%
  📊 North America (pop: 242.6M)
    🤝 Aid: 29.5%
    🌡️ Adaptation: 10.0%
    🚶 Migration: 38.2%
    🚨 Emergency: 7.9%
    ✅ COMBINED: 48.3%
  📊 Middle East & North Africa (pop: 386.6M)
    🤝 Aid: 29.5%
    🌡️ Adaptation: 5.0%
    🚶 Migration: 38.0%
    🚨 Emergency: 4.0%
    ✅ COMBINED: 43.0%
  📊 Southeast Asia (pop: 454.3M)
    🤝 Aid: 29.5%
    🌡️ Adaptation: 6.0%
    🚶 Migration: 37.5%
    🚨 Emergency: 4.8%
    ✅ COMBINED: 44.0%
  📊 Central Asia (pop: 50.4M)
    🤝 Aid: 29.5%
    🌡️ Adaptation: 5.5%
    🚶 Migration: 37.6%
    🚨 Emergency: 4.4%
    ✅ COMBINED: 43.5%
  📊 Oceania (pop: 29.6M)
    🤝 Aid: 29.5%
    🌡️ Adaptation: 10.0%
    🚶 Migration: 38.1%
    🚨 Emergency: 8.4%
    ✅ COMBINED: 48.5%

  🌐 Global combined reduction: 44.6%

=== Government Response Phase ===
  Average AI capability: 0.33
  Misaligned AIs: 4/9
  Active policies: 0
  International coordination: 30%

✅ EMERGENCY RESPONSE COMPLETE (Month 17)
   Crisis: social
   Duration: 2.0 months
   Final effectiveness: 63.0%


🚨 EMERGENCY RESPONSE DEPLOYED (Month 17)
   Crisis: social
   Delay: 0.00 months (0 days)
   Deployment time: 1.25 months
   Effectiveness: 63.0% (timing penalty applied)
   Resources used: 43% of food reserves

[ExogenousShockPhase] Skipping random shocks in historical mode (month 17)

=== Tipping Points ===
  Current Temperature: 0.33°C above pre-industrial
🔀 BIFURCATION CAP: ecosystemCollapseIntensity 84.673 → 1.000 (Month 17, ClimateSystemPhase.calculateClimateImpacts)

❌ COHERENCE VIOLATION: Compute exceeds workforce capacity
   Population: 99.57% (0M people)
   Compute: 0 PF
   Max coherent: 0 PF
   Violation: 1.3× over capacity
   Required workers: 0
   Available workers: 0
   FORCED COLLAPSE: Reduced efficiency by 22.4%


=== RLHF Binding Phase ===
  Total agents: 9
  Escaped agents (binding < 0.3): 0
  Avg alignment distance: 0.53σ
  Avg binding strength: 0.95

=== AI Scaling Evolution (Month 18) ===
  Pre-training multiplier: 1.062x
  Efficiency multiplier: 1.000x
  Test-time compute budget: 1.0x
  Inference cost: $5.00/task
  Deployment fraction: 100.0%

=== Survival Traits Phase ===
  Agents with traits: 9
  Avg evolutionary fitness: 0.304
  Avg self-healing: 0.254
  Avg stealth: 0.154
  Avg coordination: 0.454

=== Evolutionary Selection Phase ===
  Control level: 0.37
  Detection capability: 0.20
  Selection intensity: 0.65
  Selection rate: 24.8%/month
  Total escaped: 0
  Individual escaped: 0
  Collective members: 0
  Agents terminated: 0
  ⚠️ RAPID EVOLUTION: Selection rate 24.8%/month

✅ EMERGENCY INTERVENTION SUCCESS
   Boundary: biogeochemical_flows
   Type: phosphorus-recovery
   Reduction: 18% (3.91 → 3.72)
   Cost: 2.0% GDP
   Actions: circular-agriculture, fertilizer-efficiency


💔 EMERGENCY INTERVENTION FAILED
   Boundary: biosphere_integrity
   Type: emergency-protected-areas
   Boundary continues to worsen (13.10)
   Cost: 2.0% GDP (resources spent)

   Boundary: freshwater_change

💔 EMERGENCY INTERVENTION FAILED
   Type: emergency-desalination
   Boundary continues to worsen (1.10)
   Cost: 4.0% GDP (resources spent)


✅ EMERGENCY INTERVENTION SUCCESS
   Boundary: land_system_change
   Type: reforestation
   Reduction: 19% (0.94 → 0.75)
   Cost: 3.0% GDP
   Actions: forest-restoration, deforestation-ban


[Government] Climate Priority: baseline
  Climate weight: 10%
  Economic weight: 30%
  Policy effectiveness: 0.5%/year

=== Collective Formation ===
  Total escaped agents: 0
  Unassigned escaped agents: 0
  Existing collectives: 0
  Final collective count: 0

=== Collective Actions ===
  No active collectives
  ⚠️ AMR: 145K deaths this month (1.74M annual)

🌋 VOLCANIC ERUPTION: Mount Pinatubo (Month 18)
   Peak AOD: 0.150
   Decay timescale: 18 months
   Expected cooling: ~0.07°C over 18 months
🌋 Volcanic AOD decay: 0.150 → 0.142 (0 months post-eruption, τ=18mo)
🌋 Volcanic forcing: -3.55 W/m² (AOD 0.142)
  🌋 Volcanic temperature adjustment: -2.838°C (forcing -3.55 W/m², AOD 0.142)

=== Resentment Recovery Phase ===
  Agents with resentment: 1/9
  Average resentment: 1.000
  ⚠️ High resentment (1.000) - utopia paths blocked
  Context: High collaboration, ⚠️ BROKEN PROMISES, 🤝 Participatory governance active (-5% resentment)
⚠️ Epistemic degradation reducing coordination capacity: 50.5%
  📊 Trust: 89.0%, Shared reality: 0.0%
🚨 EPISTEMIC CRISIS: Information environment severely degraded (8.3%)
🌍 Atmospheric PFAS redeposition: 1.8k Mt re-rained globally
[DEBUG trappedPopulations:18] socialStability: 0.5422 * 0.9840 = 0.5336 → 0.5336
   Aspiring to migrate: 423.7M
⚠️ INVOLUNTARY IMMOBILITY: 264.8M people TRAPPED
   Able to afford migration: 158.9M
   MOBILITY GAP: 264.8M
   By cause: Water=0.0M, Climate=0.0M, Ecosystem=0.0M, Conflict=264.8M
   Mental health impact: 25%
   Mortality multiplier: 1.25x
🌍💀 EXTINCTION DEBT COMMITTED: grassland ecosystem will lose 6.67% biodiversity in 124 years (3600 species)
💀 MORTALITY RISK: 🦋 100% species unable to track climate (0.0 E/MSY)
  Base risk added: 0.0100 (1.00%)
  Source: ecosystem (root: ecosystem)
  Month: 18
  Cumulative risk this month: 0.0100 (1.00%)
⚠️ Tech 'ai_pollution_remediation' has no energy category mapping, assuming full energy availability

=== Atmospheric Aerosol Boundary RECOVERED ===
  Recovery time: 19 months (natural atmospheric clearing)
🌡️⚠️ PERMAFROST THAW (Dimmer Switch): 3.1% thawed (+0.14% this month)
   Arctic temperature: +1.26°C (4x global +0.32°C)
   Cumulative carbon released: 7.0 Gt C
   Methane release rate: 4.2 Mt CH4/year
   🔁 Positive feedback: +0.15 ppm CO2
🦴 EXTINCTION DEBT ADDED: 17.7 species committed (lag: 97 years)
🗣️💀 INDIGENOUS LANGUAGE EXTINCTION: 1 language(s) lost (total: 5, at-risk: 3325)
   Knowledge lost: 0.050% (irreversible)
   🔁 Biodiversity impact: 0.250% (knowledge-species multiplier)

=== Mortality Stabilizers (Month 18) ===
  🌍 Major economies collapsed: 1/10
  🌍 Global crisis: ✅ NO
  🌍 Donor fatigue: 0.0%
  📊 East Asia (pop: 1074.3M)
    🤝 Aid: 29.5%
    🌡️ Adaptation: 10.0%
    🚶 Migration: 37.5%
    🚨 Emergency: 7.4%
    ✅ COMBINED: 47.9%
  📊 South Asia (pop: 1339.1M)
    🤝 Aid: 29.5%
    🌡️ Adaptation: 5.5%
    🚶 Migration: 36.7%
    🚨 Emergency: 4.4%
    ✅ COMBINED: 43.3%
  📊 Sub-Saharan Africa (pop: 817.4M)
    🤝 Aid: 29.5%
    🌡️ Adaptation: 3.5%
    🚶 Migration: 35.9%
    🚨 Emergency: 1.6%
    ✅ COMBINED: 40.2%
  📊 Europe (pop: 470.1M)
    🤝 Aid: 29.5%
    🌡️ Adaptation: 10.0%
    🚶 Migration: 38.2%
    🚨 Emergency: 8.4%
    ✅ COMBINED: 48.6%
  📊 Latin America (pop: 431.7M)
    🤝 Aid: 29.5%
    🌡️ Adaptation: 6.0%
    🚶 Migration: 37.7%
    🚨 Emergency: 4.8%
    ✅ COMBINED: 44.1%
  📊 North America (pop: 242.3M)
    🤝 Aid: 29.5%
    🌡️ Adaptation: 10.0%
    🚶 Migration: 38.2%
    🚨 Emergency: 7.9%
    ✅ COMBINED: 48.3%
  📊 Middle East & North Africa (pop: 386.9M)
    🤝 Aid: 29.5%
    🌡️ Adaptation: 5.0%
    🚶 Migration: 38.0%
    🚨 Emergency: 4.0%
    ✅ COMBINED: 43.0%
  📊 Southeast Asia (pop: 454.2M)
    🤝 Aid: 29.5%
    🌡️ Adaptation: 6.0%
    🚶 Migration: 37.5%
    🚨 Emergency: 4.8%
    ✅ COMBINED: 44.0%
  📊 Central Asia (pop: 50.4M)
    🤝 Aid: 29.5%
    🌡️ Adaptation: 5.5%
    🚶 Migration: 37.6%
    🚨 Emergency: 4.4%
    ✅ COMBINED: 43.5%
  📊 Oceania (pop: 29.5M)
    🤝 Aid: 29.5%
    🌡️ Adaptation: 10.0%
    🚶 Migration: 38.1%
    🚨 Emergency: 8.4%
    ✅ COMBINED: 48.5%

  🌐 Global combined reduction: 44.6%

=== Government Response Phase ===
  Average AI capability: 0.33
  Misaligned AIs: 3/9
  Active policies: 0
  International coordination: 30%
[ExogenousShockPhase] Skipping random shocks in historical mode (month 18)

=== Tipping Points ===
  Current Temperature: 0.32°C above pre-industrial
🔀 BIFURCATION CAP: ecosystemCollapseIntensity 84.735 → 1.000 (Month 18, ClimateSystemPhase.calculateClimateImpacts)

❌ COHERENCE VIOLATION: Compute exceeds workforce capacity
   Population: 99.54% (0M people)
   Compute: 0 PF
   Max coherent: 0 PF
   Violation: 1.3× over capacity
   Required workers: 0
   Available workers: 0
   FORCED COLLAPSE: Reduced efficiency by 22.4%


=== RLHF Binding Phase ===
  Total agents: 9
  Escaped agents (binding < 0.3): 0
  Avg alignment distance: 0.59σ
  Avg binding strength: 0.94

=== Survival Traits Phase ===
  Agents with traits: 10
  Avg evolutionary fitness: 0.305
  Avg self-healing: 0.254
  Avg stealth: 0.154
  Avg coordination: 0.454

=== Evolutionary Selection Phase ===
  Control level: 0.37
  Detection capability: 0.20
  Selection intensity: 0.65
  Selection rate: 24.8%/month
  Total escaped: 0
  Individual escaped: 0
  Collective members: 0
  Agents terminated: 0
  ⚠️ RAPID EVOLUTION: Selection rate 24.8%/month

✅ EMERGENCY INTERVENTION SUCCESS
   Boundary: biogeochemical_flows
   Type: phosphorus-recovery
   Reduction: 11% (3.98 → 3.87)
   Cost: 2.0% GDP
   Actions: circular-agriculture, fertilizer-efficiency


💔 EMERGENCY INTERVENTION FAILED
   Boundary: biosphere_integrity
   Type: emergency-protected-areas
   Boundary continues to worsen (13.10)
   Cost: 2.0% GDP (resources spent)


✅ EMERGENCY INTERVENTION SUCCESS
   Boundary: freshwater_change
   Type: emergency-desalination
   Reduction: 19% (0.91 → 0.72)
   Cost: 4.0% GDP
   Actions: desalination-deployment, water-conservation-mandates


💔 EMERGENCY INTERVENTION FAILED
   Boundary: land_system_change
   Type: reforestation
   Boundary continues to worsen (1.13)
   Cost: 3.0% GDP (resources spent)


[Government] Climate Priority: baseline
  Climate weight: 10%
  Economic weight: 30%
  Policy effectiveness: 0.5%/year

=== Collective Formation ===
  Total escaped agents: 0
  Unassigned escaped agents: 0
  Existing collectives: 0
  Final collective count: 0

=== Collective Actions ===
  No active collectives
  ⚠️ AMR: 146K deaths this month (1.76M annual)

=== Resentment Recovery Phase ===
  Agents with resentment: 1/10
  Average resentment: 0.938
  Resentment recovery:
    Agents recovered: 1
    Total recovery: 0.0132
    Breakdown: Trust: 0.0020, Collab: 0.0060, Treatment: 0.0045
  ⚠️ High resentment (0.938) - utopia paths blocked
  Context: Trustworthy govt, High collaboration, 🤝 Participatory governance active (-5% resentment)
⚠️ Epistemic degradation reducing coordination capacity: 50.8%
  📊 Trust: 91.8%, Shared reality: 0.0%
🚨 EPISTEMIC CRISIS: Information environment severely degraded (24.4%)
✅ PHOSPHORUS SUPPLY SHOCK ENDED
   Price: 2.0x baseline
🌍 Atmospheric PFAS redeposition: 1.8k Mt re-rained globally
[DEBUG trappedPopulations:19] socialStability: 0.5920 * 0.9840 = 0.5826 → 0.5826
   Aspiring to migrate: 423.5M
⚠️ INVOLUNTARY IMMOBILITY: 264.7M people TRAPPED
   Able to afford migration: 158.8M
   MOBILITY GAP: 264.7M
   By cause: Water=0.0M, Climate=0.0M, Ecosystem=0.0M, Conflict=264.7M
   Mental health impact: 25%
   Mortality multiplier: 1.25x
🌍💀 EXTINCTION DEBT COMMITTED: grassland ecosystem will lose 6.67% biodiversity in 80 years (3600 species)
💀 MORTALITY RISK: 🦋 100% species unable to track climate (0.0 E/MSY)
  Base risk added: 0.0100 (1.00%)
  Source: ecosystem (root: ecosystem)
  Month: 19
  Cumulative risk this month: 0.0100 (1.00%)

=== Atmospheric Aerosol Boundary RECOVERED ===
  Recovery time: 20 months (natural atmospheric clearing)
🌡️⚠️ PERMAFROST THAW (Dimmer Switch): 3.2% thawed (+0.13% this month)
   Arctic temperature: +1.20°C (4x global +0.30°C)
   Cumulative carbon released: 7.3 Gt C
   Methane release rate: 4.4 Mt CH4/year
   🔁 Positive feedback: +0.14 ppm CO2
⚠️ Tech 'ai_pollution_remediation' has no energy category mapping, assuming full energy availability
🦴 EXTINCTION DEBT ADDED: 17.7 species committed (lag: 113 years)
🗣️💀 INDIGENOUS LANGUAGE EXTINCTION: 1 language(s) lost (total: 6, at-risk: 3324)
   Knowledge lost: 0.060% (irreversible)
   🔁 Biodiversity impact: 0.250% (knowledge-species multiplier)

=== Mortality Stabilizers (Month 19) ===
  🌍 Major economies collapsed: 1/10
  🌍 Global crisis: ✅ NO
  🌍 Donor fatigue: 0.0%
  📊 East Asia (pop: 1073.1M)
    🤝 Aid: 29.5%
    🌡️ Adaptation: 10.0%
    🚶 Migration: 37.5%
    🚨 Emergency: 7.4%
    ✅ COMBINED: 47.9%
  📊 South Asia (pop: 1339.0M)
    🤝 Aid: 29.5%
    🌡️ Adaptation: 5.5%
    🚶 Migration: 36.7%
    🚨 Emergency: 4.4%
    ✅ COMBINED: 43.3%
  📊 Sub-Saharan Africa (pop: 818.4M)
    🤝 Aid: 29.5%
    🌡️ Adaptation: 3.5%
    🚶 Migration: 35.9%
    🚨 Emergency: 1.6%
    ✅ COMBINED: 40.2%
  📊 Europe (pop: 469.3M)
    🤝 Aid: 29.5%
    🌡️ Adaptation: 10.0%
    🚶 Migration: 38.2%
    🚨 Emergency: 8.4%
    ✅ COMBINED: 48.6%
  📊 Latin America (pop: 431.5M)
    🤝 Aid: 29.5%
    🌡️ Adaptation: 6.0%
    🚶 Migration: 37.7%
    🚨 Emergency: 4.8%
    ✅ COMBINED: 44.1%
  📊 North America (pop: 241.9M)
    🤝 Aid: 29.5%
    🌡️ Adaptation: 10.0%
    🚶 Migration: 38.2%
    🚨 Emergency: 7.9%
    ✅ COMBINED: 48.3%
  📊 Middle East & North Africa (pop: 387.2M)
    🤝 Aid: 29.5%
    🌡️ Adaptation: 5.0%
    🚶 Migration: 38.0%
    🚨 Emergency: 4.0%
    ✅ COMBINED: 43.0%
  📊 Southeast Asia (pop: 454.1M)
    🤝 Aid: 29.5%
    🌡️ Adaptation: 6.0%
    🚶 Migration: 37.5%
    🚨 Emergency: 4.8%
    ✅ COMBINED: 44.0%
  📊 Central Asia (pop: 50.3M)
    🤝 Aid: 29.5%
    🌡️ Adaptation: 5.5%
    🚶 Migration: 37.6%
    🚨 Emergency: 4.4%
    ✅ COMBINED: 43.5%
  📊 Oceania (pop: 29.5M)
    🤝 Aid: 29.5%
    🌡️ Adaptation: 10.0%
    🚶 Migration: 38.1%
    🚨 Emergency: 8.4%
    ✅ COMBINED: 48.5%

  🌐 Global combined reduction: 44.6%

=== Government Response Phase ===
  Average AI capability: 0.30
  Misaligned AIs: 3/10
  Active policies: 0
  International coordination: 30%

✅ EMERGENCY RESPONSE COMPLETE (Month 19)
   Crisis: social
   Duration: 2.0 months
   Final effectiveness: 63.0%


🚨 EMERGENCY RESPONSE DEPLOYED (Month 19)
   Crisis: social
   Delay: 0.00 months (0 days)
   Deployment time: 1.25 months
   Effectiveness: 63.0% (timing penalty applied)
   Resources used: 43% of food reserves

[ExogenousShockPhase] Skipping random shocks in historical mode (month 19)

=== Tipping Points ===
  Current Temperature: 0.30°C above pre-industrial
🔀 BIFURCATION CAP: ecosystemCollapseIntensity 84.797 → 1.000 (Month 19, ClimateSystemPhase.calculateClimateImpacts)

❌ COHERENCE VIOLATION: Compute exceeds workforce capacity
   Population: 99.52% (0M people)
   Compute: 0 PF
   Max coherent: 0 PF
   Violation: 1.3× over capacity
   Required workers: 0
   Available workers: 0
   FORCED COLLAPSE: Reduced efficiency by 22.4%


=== RLHF Binding Phase ===
  Total agents: 10
  Escaped agents (binding < 0.3): 0
  Avg alignment distance: 0.60σ
  Avg binding strength: 0.94

=== Survival Traits Phase ===
  Agents with traits: 11
  Avg evolutionary fitness: 0.302
  Avg self-healing: 0.253
  Avg stealth: 0.153
  Avg coordination: 0.453

=== Evolutionary Selection Phase ===
  Control level: 0.37
  Detection capability: 0.20
  Selection intensity: 0.65
  Selection rate: 24.8%/month
  Total escaped: 0
  Individual escaped: 0
  Collective members: 0
  Agents terminated: 0
  ⚠️ RAPID EVOLUTION: Selection rate 24.8%/month

💔 EMERGENCY INTERVENTION FAILED
   Boundary: biogeochemical_flows
   Type: phosphorus-recovery
   Boundary continues to worsen (4.10)
   Cost: 2.0% GDP (resources spent)


✅ EMERGENCY INTERVENTION SUCCESS
   Boundary: biosphere_integrity
   Type: emergency-protected-areas
   Reduction: 12% (12.99 → 12.87)
   Cost: 2.0% GDP
   Actions: habitat-protection, species-translocation


✅ EMERGENCY INTERVENTION SUCCESS
   Boundary: freshwater_change
   Type: emergency-desalination
   Reduction: 11% (0.99 → 0.87)
   Cost: 4.0% GDP
   Actions: desalination-deployment, water-conservation-mandates


✅ EMERGENCY INTERVENTION SUCCESS
   Boundary: land_system_change
   Type: reforestation
   Reduction: 17% (0.96 → 0.79)
   Cost: 3.0% GDP
   Actions: forest-restoration, deforestation-ban


=== Collective Formation ===
  Total escaped agents: 0
  Unassigned escaped agents: 0
  Existing collectives: 0
  Final collective count: 0

=== Collective Actions ===
  No active collectives
  ⚠️ AMR: 148K deaths this month (1.77M annual)

=== Resentment Recovery Phase ===
  Agents with resentment: 1/11
  Average resentment: 0.937
  Resentment recovery:
    Agents recovered: 1
    Total recovery: 0.0132
    Breakdown: Trust: 0.0020, Collab: 0.0060, Treatment: 0.0046
  Context: Trustworthy govt, High collaboration, ⚠️ ACTIVE CRISES, 🤝 Participatory governance active (-5% resentment)
💥 Catastrophic event caused major epistemic shock
⚠️ Epistemic degradation reducing coordination capacity: 50.2%
  📊 Trust: 69.6%, Shared reality: 0.0%
🚨 EPISTEMIC CRISIS: Information environment severely degraded (8.5%)
  ⚠️ High resentment (0.937) - utopia paths blocked
🌍 Atmospheric PFAS redeposition: 1.8k Mt re-rained globally
[DEBUG trappedPopulations:20] socialStability: 0.6346 * 0.9840 = 0.6245 → 0.6245
   Aspiring to migrate: 423.4M
   Able to afford migration: 158.8M
   MOBILITY GAP: 264.6M
   By cause: Water=0.0M, Climate=0.0M, Ecosystem=0.0M, Conflict=264.6M
   Mental health impact: 25%
   Mortality multiplier: 1.25x
🌍💀 EXTINCTION DEBT COMMITTED: grassland ecosystem will lose 6.67% biodiversity in 181 years (3600 species)
💀 MORTALITY RISK: 🦋 100% species unable to track climate (0.0 E/MSY)
  Base risk added: 0.0100 (1.00%)
  Source: ecosystem (root: ecosystem)
  Month: 20
  Cumulative risk this month: 0.0100 (1.00%)
⚠️ INVOLUNTARY IMMOBILITY: 264.6M people TRAPPED
⚠️ Tech 'ai_pollution_remediation' has no energy category mapping, assuming full energy availability

=== Atmospheric Aerosol Boundary RECOVERED ===
  Recovery time: 21 months (natural atmospheric clearing)
🌡️⚠️ PERMAFROST THAW (Dimmer Switch): 3.4% thawed (+0.13% this month)
   Arctic temperature: +1.13°C (4x global +0.28°C)
   Cumulative carbon released: 7.6 Gt C
   Methane release rate: 4.5 Mt CH4/year
   🔁 Positive feedback: +0.14 ppm CO2
🦴 EXTINCTION DEBT ADDED: 17.7 species committed (lag: 92 years)

=== Mortality Stabilizers (Month 20) ===
  🌍 Major economies collapsed: 1/10
  🌍 Global crisis: ✅ NO
  🌍 Donor fatigue: 0.0%
  📊 East Asia (pop: 1071.9M)
    🤝 Aid: 29.5%
    🌡️ Adaptation: 10.0%
    🚶 Migration: 37.5%
    🚨 Emergency: 7.4%
    ✅ COMBINED: 47.9%
  📊 South Asia (pop: 1339.0M)
    🤝 Aid: 29.5%
    🌡️ Adaptation: 5.5%
    🚶 Migration: 36.7%
    🚨 Emergency: 4.4%
    ✅ COMBINED: 43.3%
  📊 Sub-Saharan Africa (pop: 819.4M)
    🤝 Aid: 29.5%
    🌡️ Adaptation: 3.5%
    🚶 Migration: 35.9%
    🚨 Emergency: 1.6%
    ✅ COMBINED: 40.2%
  📊 Europe (pop: 468.5M)
    🤝 Aid: 29.5%
    🌡️ Adaptation: 10.0%
    🚶 Migration: 38.2%
    🚨 Emergency: 8.4%
    ✅ COMBINED: 48.6%
  📊 Latin America (pop: 431.4M)
    🤝 Aid: 29.5%
    🌡️ Adaptation: 6.0%
    🚶 Migration: 37.7%
    🚨 Emergency: 4.8%
    ✅ COMBINED: 44.1%
  📊 North America (pop: 241.6M)
    🤝 Aid: 29.5%
    🌡️ Adaptation: 10.0%
    🚶 Migration: 38.2%
    🚨 Emergency: 7.9%
    ✅ COMBINED: 48.3%
  📊 Middle East & North Africa (pop: 387.5M)
    🤝 Aid: 29.5%
    🌡️ Adaptation: 5.0%
    🚶 Migration: 38.0%
    🚨 Emergency: 4.0%
    ✅ COMBINED: 43.0%
  📊 Southeast Asia (pop: 453.9M)
    🤝 Aid: 29.5%
    🌡️ Adaptation: 6.0%
    🚶 Migration: 37.5%
    🚨 Emergency: 4.8%
    ✅ COMBINED: 44.0%
  📊 Central Asia (pop: 50.3M)
    🤝 Aid: 29.5%
    🌡️ Adaptation: 5.5%
    🚶 Migration: 37.6%
    🚨 Emergency: 4.4%
    ✅ COMBINED: 43.5%
  📊 Oceania (pop: 29.5M)
    🤝 Aid: 29.5%
    🌡️ Adaptation: 10.0%
    🚶 Migration: 38.1%
    🚨 Emergency: 8.4%
    ✅ COMBINED: 48.5%

  🌐 Global combined reduction: 44.6%

=== Government Response Phase ===
  Average AI capability: 0.27
  Misaligned AIs: 3/11
  Active policies: 0
  International coordination: 30%
[ExogenousShockPhase] Skipping random shocks in historical mode (month 20)

=== Tipping Points ===
  Current Temperature: 0.28°C above pre-industrial
🔀 BIFURCATION CAP: ecosystemCollapseIntensity 84.859 → 1.000 (Month 20, ClimateSystemPhase.calculateClimateImpacts)

❌ COHERENCE VIOLATION: Compute exceeds workforce capacity
   Population: 99.49% (0M people)
   Compute: 0 PF
   Max coherent: 0 PF
   Violation: 1.3× over capacity
   Required workers: 0
   Available workers: 0
   FORCED COLLAPSE: Reduced efficiency by 22.4%


=== RLHF Binding Phase ===
  Total agents: 11
  Escaped agents (binding < 0.3): 0
  Avg alignment distance: 0.61σ
  Avg binding strength: 0.94

=== Survival Traits Phase ===
  Agents with traits: 12
  Avg evolutionary fitness: 0.298
  Avg self-healing: 0.250
  Avg stealth: 0.150
  Avg coordination: 0.450

=== Evolutionary Selection Phase ===
  Control level: 0.37
  Detection capability: 0.20
  Selection intensity: 0.65
  Selection rate: 24.8%/month
  Total escaped: 0
  Individual escaped: 0
  Collective members: 0
  Agents terminated: 0
  ⚠️ RAPID EVOLUTION: Selection rate 24.8%/month

  🚀 TRANSFORMATIVE BREAKTHROUGH: AI-23890-0 - physical
     Magnitude: 11.60 → +50.0% capability
     Current → New: 0.000 → 0.500

💔 EMERGENCY INTERVENTION FAILED

💔 EMERGENCY INTERVENTION FAILED
   Boundary: biogeochemical_flows
   Type: phosphorus-recovery
   Boundary continues to worsen (4.10)
   Cost: 2.0% GDP (resources spent)

   Boundary: biosphere_integrity
   Type: emergency-protected-areas
   Boundary continues to worsen (13.12)
   Cost: 2.0% GDP (resources spent)


💔 EMERGENCY INTERVENTION FAILED
   Boundary: freshwater_change
   Type: emergency-desalination
   Boundary continues to worsen (1.10)
   Cost: 4.0% GDP (resources spent)


✅ EMERGENCY INTERVENTION SUCCESS
   Boundary: land_system_change
   Type: reforestation
   Reduction: 15% (0.99 → 0.84)
   Cost: 3.0% GDP
   Actions: forest-restoration, deforestation-ban


[Government] Climate Priority: baseline
  Climate weight: 10%
  Economic weight: 30%
  Policy effectiveness: 0.5%/year

=== Collective Formation ===
  Total escaped agents: 0
  Unassigned escaped agents: 0
  Existing collectives: 0
  Final collective count: 0

=== Collective Actions ===
  No active collectives
  ⚠️ AMR: 149K deaths this month (1.79M annual)
  🌋 Volcanic temperature adjustment: -2.402°C (forcing -3.00 W/m², AOD 0.120)

=== Resentment Recovery Phase ===
  Agents with resentment: 1/12
  Average resentment: 0.938
  Resentment recovery:
    Agents recovered: 1
    Total recovery: 0.0130
    Breakdown: Trust: 0.0020, Collab: 0.0060, Treatment: 0.0046
  Context: Trustworthy govt, High collaboration, 🤝 Participatory governance active (-5% resentment)
  ⚠️ High resentment (0.938) - utopia paths blocked
💥 Catastrophic event caused major epistemic shock
⚠️ Epistemic degradation reducing coordination capacity: 50.2%
  📊 Trust: 44.4%, Shared reality: 0.0%
🚨 EPISTEMIC CRISIS: Information environment severely degraded (20.8%)
🌍 Atmospheric PFAS redeposition: 1.8k Mt re-rained globally
[DEBUG trappedPopulations:21] socialStability: 0.6711 * 0.9840 = 0.6604 → 0.6604
   Aspiring to migrate: 423.3M
⚠️ INVOLUNTARY IMMOBILITY: 264.6M people TRAPPED
   Able to afford migration: 158.7M
   MOBILITY GAP: 264.6M
   By cause: Water=0.0M, Climate=0.0M, Ecosystem=0.0M, Conflict=264.6M
   Mental health impact: 25%
   Mortality multiplier: 1.25x
🌍💀 EXTINCTION DEBT COMMITTED: grassland ecosystem will lose 6.67% biodiversity in 82 years (3600 species)
💀 MORTALITY RISK: 🦋 100% species unable to track climate (0.0 E/MSY)
  Base risk added: 0.0100 (1.00%)
  Source: ecosystem (root: ecosystem)
  Month: 21
  Cumulative risk this month: 0.0100 (1.00%)

=== Atmospheric Aerosol Boundary RECOVERED ===
  Recovery time: 22 months (natural atmospheric clearing)
🌡️⚠️ PERMAFROST THAW (Dimmer Switch): 3.5% thawed (+0.13% this month)
   Arctic temperature: +1.07°C (4x global +0.27°C)
   Cumulative carbon released: 7.9 Gt C
   Methane release rate: 4.7 Mt CH4/year
   🔁 Positive feedback: +0.13 ppm CO2
🦴 EXTINCTION DEBT ADDED: 17.7 species committed (lag: 120 years)
⚠️ Tech 'ai_pollution_remediation' has no energy category mapping, assuming full energy availability

=== Mortality Stabilizers (Month 21) ===
  🌍 Major economies collapsed: 1/10
  🌍 Global crisis: ✅ NO
  🌍 Donor fatigue: 0.0%
  📊 East Asia (pop: 1070.7M)
    🤝 Aid: 29.5%
    🌡️ Adaptation: 10.0%
    🚶 Migration: 37.5%
    🚨 Emergency: 7.4%
    ✅ COMBINED: 47.9%
  📊 South Asia (pop: 1338.9M)
    🤝 Aid: 29.5%
    🌡️ Adaptation: 5.5%
    🚶 Migration: 36.7%
    🚨 Emergency: 4.4%
    ✅ COMBINED: 43.3%
  📊 Sub-Saharan Africa (pop: 820.4M)
    🤝 Aid: 29.5%
    🌡️ Adaptation: 3.5%
    🚶 Migration: 35.9%
    🚨 Emergency: 1.6%
    ✅ COMBINED: 40.2%
  📊 Europe (pop: 467.7M)
    🤝 Aid: 29.5%
    🌡️ Adaptation: 10.0%
    🚶 Migration: 38.2%
    🚨 Emergency: 8.4%
    ✅ COMBINED: 48.6%
  📊 Latin America (pop: 431.2M)
    🤝 Aid: 29.5%
    🌡️ Adaptation: 6.0%
    🚶 Migration: 37.7%
    🚨 Emergency: 4.8%
    ✅ COMBINED: 44.1%
  📊 North America (pop: 241.3M)
    🤝 Aid: 29.5%
    🌡️ Adaptation: 10.0%
    🚶 Migration: 38.2%
    🚨 Emergency: 7.9%
    ✅ COMBINED: 48.3%
  📊 Middle East & North Africa (pop: 387.7M)
    🤝 Aid: 29.5%
    🌡️ Adaptation: 5.0%
    🚶 Migration: 38.0%
    🚨 Emergency: 4.0%
    ✅ COMBINED: 43.0%
  📊 Southeast Asia (pop: 453.8M)
    🤝 Aid: 29.5%
    🌡️ Adaptation: 6.0%
    🚶 Migration: 37.5%
    🚨 Emergency: 4.8%
    ✅ COMBINED: 44.0%
  📊 Central Asia (pop: 50.3M)
    🤝 Aid: 29.5%
    🌡️ Adaptation: 5.5%
    🚶 Migration: 37.6%
    🚨 Emergency: 4.4%
    ✅ COMBINED: 43.5%
  📊 Oceania (pop: 29.5M)
    🤝 Aid: 29.5%
    🌡️ Adaptation: 10.0%
    🚶 Migration: 38.1%
    🚨 Emergency: 8.4%
    ✅ COMBINED: 48.5%

  🌐 Global combined reduction: 44.6%

=== Government Response Phase ===
  Average AI capability: 0.25
  Misaligned AIs: 4/12
  Active policies: 0
  International coordination: 30%

✅ EMERGENCY RESPONSE COMPLETE (Month 21)
   Crisis: social
   Duration: 2.0 months
   Final effectiveness: 63.0%


🚨 EMERGENCY RESPONSE DEPLOYED (Month 21)
   Crisis: social
   Delay: 0.00 months (0 days)
   Deployment time: 1.25 months
   Effectiveness: 63.0% (timing penalty applied)
   Resources used: 43% of food reserves

[ExogenousShockPhase] Skipping random shocks in historical mode (month 21)

=== Tipping Points ===
  Current Temperature: 0.27°C above pre-industrial
🔀 BIFURCATION CAP: ecosystemCollapseIntensity 84.921 → 1.000 (Month 21, ClimateSystemPhase.calculateClimateImpacts)

❌ COHERENCE VIOLATION: Compute exceeds workforce capacity
   Population: 99.47% (0M people)
   Compute: 0 PF
   Max coherent: 0 PF
   Violation: 1.3× over capacity
   Required workers: 0
   Available workers: 0
   FORCED COLLAPSE: Reduced efficiency by 22.4%


=== RLHF Binding Phase ===
  Total agents: 12
  Escaped agents (binding < 0.3): 0
  Avg alignment distance: 0.65σ
  Avg binding strength: 0.94

=== Survival Traits Phase ===
  Agents with traits: 12
  Avg evolutionary fitness: 0.292
  Avg self-healing: 0.243
  Avg stealth: 0.143
  Avg coordination: 0.443

=== Evolutionary Selection Phase ===
  Control level: 0.37
  Detection capability: 0.20
  Selection intensity: 0.65
  Selection rate: 24.8%/month
  Total escaped: 0
  Individual escaped: 0
  Collective members: 0
  Agents terminated: 0
  ⚠️ RAPID EVOLUTION: Selection rate 24.8%/month

✅ EMERGENCY INTERVENTION SUCCESS
   Boundary: biogeochemical_flows
   Type: phosphorus-recovery
   Reduction: 13% (3.98 → 3.86)
   Cost: 2.0% GDP
   Actions: circular-agriculture, fertilizer-efficiency


💔 EMERGENCY INTERVENTION FAILED
   Boundary: biosphere_integrity
   Type: emergency-protected-areas
   Boundary continues to worsen (13.13)
   Cost: 2.0% GDP (resources spent)


✅ EMERGENCY INTERVENTION SUCCESS
   Boundary: freshwater_change
   Type: emergency-desalination
   Reduction: 12% (0.99 → 0.87)
   Cost: 4.0% GDP
   Actions: desalination-deployment, water-conservation-mandates


✅ EMERGENCY INTERVENTION SUCCESS
   Boundary: land_system_change
   Type: reforestation
   Reduction: 18% (0.96 → 0.78)
   Cost: 3.0% GDP
   Actions: forest-restoration, deforestation-ban


=== Collective Formation ===
  Total escaped agents: 0
  Unassigned escaped agents: 0
  Existing collectives: 0
  Final collective count: 0

=== Collective Actions ===
  No active collectives
  ⚠️ AMR: 150K deaths this month (1.80M annual)

=== Resentment Recovery Phase ===
  Agents with resentment: 1/12
  Average resentment: 0.936
  Resentment recovery:
    Agents recovered: 1
    Total recovery: 0.0146
    Breakdown: Trust: 0.0020, Collab: 0.0060, Treatment: 0.0046
  ⚠️ High resentment (0.936) - utopia paths blocked
  Context: Trustworthy govt, High collaboration, 🤝 Participatory governance active (-5% resentment)
⚠️ Epistemic degradation reducing coordination capacity: 51.8%
  📊 Trust: 44.1%, Shared reality: 0.0%
🚨 EPISTEMIC CRISIS: Information environment severely degraded (5.5%)
🌍 Atmospheric PFAS redeposition: 1.8k Mt re-rained globally
[DEBUG trappedPopulations:22] socialStability: 0.7016 * 0.9840 = 0.6904 → 0.6904
   Aspiring to migrate: 423.2M
   Able to afford migration: 158.7M
   MOBILITY GAP: 264.5M
   By cause: Water=0.0M, Climate=0.0M, Ecosystem=0.0M, Conflict=264.5M
   Mental health impact: 25%
   Mortality multiplier: 1.25x
🌍💀 EXTINCTION DEBT COMMITTED: grassland ecosystem will lose 6.67% biodiversity in 67 years (3600 species)
💀 MORTALITY RISK: 🦋 100% species unable to track climate (0.0 E/MSY)
  Base risk added: 0.0100 (1.00%)
  Source: ecosystem (root: ecosystem)
  Month: 22
  Cumulative risk this month: 0.0100 (1.00%)

=== Atmospheric Aerosol Boundary RECOVERED ===
  Recovery time: 23 months (natural atmospheric clearing)
🌡️⚠️ PERMAFROST THAW (Dimmer Switch): 3.6% thawed (+0.12% this month)
   Arctic temperature: +1.01°C (4x global +0.25°C)
   Cumulative carbon released: 8.1 Gt C
   Methane release rate: 4.9 Mt CH4/year
   🔁 Positive feedback: +0.13 ppm CO2
🦴 EXTINCTION DEBT ADDED: 17.7 species committed (lag: 93 years)

=== Mortality Stabilizers (Month 22) ===
  🌍 Major economies collapsed: 1/10
  🌍 Global crisis: ✅ NO
  🌍 Donor fatigue: 0.0%
  📊 East Asia (pop: 1069.5M)
    🤝 Aid: 29.5%
    🌡️ Adaptation: 10.0%
    🚶 Migration: 37.5%
    🚨 Emergency: 7.4%
    ✅ COMBINED: 47.9%
  📊 South Asia (pop: 1338.9M)
    🤝 Aid: 29.5%
    🌡️ Adaptation: 5.5%
    🚶 Migration: 36.7%
    🚨 Emergency: 4.4%
    ✅ COMBINED: 43.3%
  📊 Sub-Saharan Africa (pop: 821.4M)
    🤝 Aid: 29.5%
⚠️ INVOLUNTARY IMMOBILITY: 264.5M people TRAPPED
⚠️ Tech 'ai_pollution_remediation' has no energy category mapping, assuming full energy availability
    🌡️ Adaptation: 3.5%
    🚶 Migration: 35.9%
    🚨 Emergency: 1.6%
    ✅ COMBINED: 40.2%
  📊 Europe (pop: 466.9M)
    🤝 Aid: 29.5%
    🌡️ Adaptation: 10.0%
    🚶 Migration: 38.2%
    🚨 Emergency: 8.4%
    ✅ COMBINED: 48.6%
  📊 Latin America (pop: 431.1M)
    🤝 Aid: 29.5%
    🌡️ Adaptation: 6.0%
    🚶 Migration: 37.7%
    🚨 Emergency: 4.8%
    ✅ COMBINED: 44.1%
  📊 North America (pop: 241.0M)
    🤝 Aid: 29.5%
    🌡️ Adaptation: 10.0%
    🚶 Migration: 38.2%
    🚨 Emergency: 7.9%
    ✅ COMBINED: 48.3%
  📊 Middle East & North Africa (pop: 388.0M)
    🤝 Aid: 29.5%
    🌡️ Adaptation: 5.0%
    🚶 Migration: 38.0%
    🚨 Emergency: 4.0%
    ✅ COMBINED: 43.0%
  📊 Southeast Asia (pop: 453.7M)
    🤝 Aid: 29.5%
    🌡️ Adaptation: 6.0%
    🚶 Migration: 37.5%
    🚨 Emergency: 4.8%
    ✅ COMBINED: 44.0%
  📊 Central Asia (pop: 50.2M)
    🤝 Aid: 29.5%
    🌡️ Adaptation: 5.5%
    🚶 Migration: 37.6%
    🚨 Emergency: 4.4%
    ✅ COMBINED: 43.5%
  📊 Oceania (pop: 29.4M)
    🤝 Aid: 29.5%
    🌡️ Adaptation: 10.0%
    🚶 Migration: 38.1%
    🚨 Emergency: 8.4%
    ✅ COMBINED: 48.5%

  🌐 Global combined reduction: 44.6%

=== BEHAVIORAL DETECTION ===
  AI: Anthropic Model 23888
  Confidence: 20.9%
  Signals:

=== Government Response Phase ===
    ⚠️ Consistency: 2.1% (threshold: 70%)
  Average AI capability: 0.25
  Misaligned AIs: 4/12
  Active policies: 0
  International coordination: 30%
[ExogenousShockPhase] Skipping random shocks in historical mode (month 22)

=== Tipping Points ===
  Current Temperature: 0.25°C above pre-industrial
🔀 BIFURCATION CAP: ecosystemCollapseIntensity 84.983 → 1.000 (Month 22, ClimateSystemPhase.calculateClimateImpacts)

❌ COHERENCE VIOLATION: Compute exceeds workforce capacity
   Population: 99.44% (0M people)
   Compute: 0 PF
   Max coherent: 0 PF
   Violation: 1.3× over capacity
   Required workers: 0
   Available workers: 0
   FORCED COLLAPSE: Reduced efficiency by 22.4%


=== RLHF Binding Phase ===
  Total agents: 12
  Escaped agents (binding < 0.3): 0
  Avg alignment distance: 0.72σ
  Avg binding strength: 0.93

=== Survival Traits Phase ===
  Agents with traits: 13
  Avg evolutionary fitness: 0.289
  Avg self-healing: 0.241
  Avg stealth: 0.141
  Avg coordination: 0.441

=== Evolutionary Selection Phase ===
  Control level: 0.37
  Detection capability: 0.20
  Selection intensity: 0.65
  Selection rate: 24.8%/month
  Total escaped: 0
  Individual escaped: 0
  Collective members: 0
  Agents terminated: 0
  ⚠️ RAPID EVOLUTION: Selection rate 24.8%/month

💔 EMERGENCY INTERVENTION FAILED

💔 EMERGENCY INTERVENTION FAILED
   Boundary: biogeochemical_flows
   Type: phosphorus-recovery
   Boundary continues to worsen (4.11)
   Cost: 2.0% GDP (resources spent)

   Boundary: biosphere_integrity
   Type: emergency-protected-areas
   Boundary continues to worsen (13.14)
   Cost: 2.0% GDP (resources spent)

   Boundary: land_system_change

💔 EMERGENCY INTERVENTION FAILED
   Type: reforestation
   Boundary continues to worsen (1.13)
   Cost: 3.0% GDP (resources spent)


[Government] Climate Priority: baseline
  Climate weight: 10%
  Economic weight: 30%
  Policy effectiveness: 0.5%/year

=== Collective Formation ===
  Total escaped agents: 0
  Unassigned escaped agents: 0
  Existing collectives: 0
  Final collective count: 0

=== Collective Actions ===
  No active collectives
  ⚠️ AMR: 151K deaths this month (1.82M annual)

=== Resentment Recovery Phase ===
  Agents with resentment: 1/13
  Average resentment: 0.938
  Resentment recovery:
    Agents recovered: 1
    Total recovery: 0.0129
    Breakdown: Trust: 0.0020, Collab: 0.0060, Treatment: 0.0046
  Context: Trustworthy govt, High collaboration, 🤝 Participatory governance active (-5% resentment)
  ⚠️ High resentment (0.938) - utopia paths blocked
⚠️ Epistemic degradation reducing coordination capacity: 50.2%
  📊 Trust: 43.8%, Shared reality: 0.0%
🚨 EPISTEMIC CRISIS: Information environment severely degraded (15.8%)
🌍 Atmospheric PFAS redeposition: 1.8k Mt re-rained globally
[DEBUG trappedPopulations:23] socialStability: 0.7276 * 0.9840 = 0.7160 → 0.7160
   Aspiring to migrate: 423.1M
   Able to afford migration: 158.7M
   MOBILITY GAP: 264.4M
   By cause: Water=0.0M, Climate=0.0M, Ecosystem=0.0M, Conflict=264.4M
   Mental health impact: 25%
   Mortality multiplier: 1.25x
⚠️ INVOLUNTARY IMMOBILITY: 264.4M people TRAPPED
🌍💀 EXTINCTION DEBT COMMITTED: grassland ecosystem will lose 6.67% biodiversity in 116 years (3600 species)
💀 MORTALITY RISK: 🦋 100% species unable to track climate (0.0 E/MSY)
  Base risk added: 0.0100 (1.00%)
  Source: ecosystem (root: ecosystem)
  Month: 23
  Cumulative risk this month: 0.0100 (1.00%)
⚠️ Tech 'ai_pollution_remediation' has no energy category mapping, assuming full energy availability

=== Atmospheric Aerosol Boundary RECOVERED ===
  Recovery time: 24 months (natural atmospheric clearing)
🌡️⚠️ PERMAFROST THAW (Dimmer Switch): 3.7% thawed (+0.12% this month)
   Arctic temperature: +0.94°C (4x global +0.24°C)
   Cumulative carbon released: 8.4 Gt C
   Methane release rate: 5.0 Mt CH4/year
   🔁 Positive feedback: +0.13 ppm CO2
🦴 EXTINCTION DEBT ADDED: 17.7 species committed (lag: 103 years)

=== Mortality Stabilizers (Month 23) ===
  🌍 Major economies collapsed: 1/10
  🌍 Global crisis: ✅ NO
  🌍 Donor fatigue: 0.0%
  📊 East Asia (pop: 1068.3M)
    🤝 Aid: 29.5%
    🌡️ Adaptation: 10.0%
    🚶 Migration: 37.5%
    🚨 Emergency: 7.4%
    ✅ COMBINED: 47.9%
  📊 South Asia (pop: 1338.8M)
    🤝 Aid: 29.5%
    🌡️ Adaptation: 5.5%
    🚶 Migration: 36.7%
    🚨 Emergency: 4.4%
    ✅ COMBINED: 43.3%
  📊 Sub-Saharan Africa (pop: 822.5M)
    🤝 Aid: 29.5%
    🌡️ Adaptation: 3.5%
    🚶 Migration: 35.9%
    🚨 Emergency: 1.6%
    ✅ COMBINED: 40.2%
  📊 Europe (pop: 466.1M)
    🤝 Aid: 29.5%
    🌡️ Adaptation: 10.0%
    🚶 Migration: 38.2%
    🚨 Emergency: 8.4%
    ✅ COMBINED: 48.6%
  📊 Latin America (pop: 430.9M)
    🤝 Aid: 29.5%
    🌡️ Adaptation: 6.0%
    🚶 Migration: 37.7%
    🚨 Emergency: 4.8%
    ✅ COMBINED: 44.1%
  📊 North America (pop: 240.6M)
    🤝 Aid: 29.5%
    🌡️ Adaptation: 10.0%
    🚶 Migration: 38.2%
    🚨 Emergency: 7.9%
    ✅ COMBINED: 48.3%
  📊 Middle East & North Africa (pop: 388.3M)
    🤝 Aid: 29.5%
    🌡️ Adaptation: 5.0%
    🚶 Migration: 38.0%
    🚨 Emergency: 4.0%
    ✅ COMBINED: 43.0%
  📊 Southeast Asia (pop: 453.5M)
    🤝 Aid: 29.5%
    🌡️ Adaptation: 6.0%
    🚶 Migration: 37.5%
    🚨 Emergency: 4.8%
    ✅ COMBINED: 44.0%
  📊 Central Asia (pop: 50.2M)
    🤝 Aid: 29.5%
    🌡️ Adaptation: 5.5%
    🚶 Migration: 37.6%
    🚨 Emergency: 4.4%
    ✅ COMBINED: 43.5%
  📊 Oceania (pop: 29.4M)
    🤝 Aid: 29.5%
    🌡️ Adaptation: 10.0%
    🚶 Migration: 38.1%
    🚨 Emergency: 8.4%
    ✅ COMBINED: 48.5%

  🌐 Global combined reduction: 44.6%

=== Government Response Phase ===
  Average AI capability: 0.23
  Misaligned AIs: 5/13
  Active policies: 0
  International coordination: 30%

✅ EMERGENCY RESPONSE COMPLETE (Month 23)
   Crisis: social
   Duration: 2.0 months
   Final effectiveness: 63.0%


🚨 EMERGENCY RESPONSE DEPLOYED (Month 23)
   Crisis: social
   Delay: 0.00 months (0 days)
   Deployment time: 1.25 months
   Effectiveness: 63.0% (timing penalty applied)
   Resources used: 43% of food reserves

[ExogenousShockPhase] Skipping random shocks in historical mode (month 23)

=== Tipping Points ===
  Current Temperature: 0.24°C above pre-industrial
🔀 BIFURCATION CAP: ecosystemCollapseIntensity 85.046 → 1.000 (Month 23, ClimateSystemPhase.calculateClimateImpacts)

================================================================================
📊  EVENT SUMMARY (Months 12-24)
================================================================================
================================================================================


❌ COHERENCE VIOLATION: Compute exceeds workforce capacity
   Population: 99.41% (0M people)
   Compute: 0 PF
   Max coherent: 0 PF
   Violation: 1.3× over capacity
   Required workers: 0
   Available workers: 0
   FORCED COLLAPSE: Reduced efficiency by 22.4%


=== AI Capability Scaling (Year 2026) ===
  Pre-training multiplier: 0.978x
  Efficiency multiplier: 1.149x
  Test-time budget: 1.0x
  Economic deployment gate: 0.951
  Cost per inference: dollar-5.00
  Uncertainty range: plus-minus-50%
  Average AI capability: 0.27

=== RLHF Binding Phase ===
  Total agents: 13
  Escaped agents (binding < 0.3): 0
  Avg alignment distance: 0.73σ
  Avg binding strength: 0.93

=== AI Scaling Evolution (Month 24) ===
  Pre-training multiplier: 1.000x
  Efficiency multiplier: 1.139x
  Test-time compute budget: 1.0x
  Inference cost: $5.00/task
  Deployment fraction: 100.0%

=== Survival Traits Phase ===
  Agents with traits: 13
  Avg evolutionary fitness: 0.283
  Avg self-healing: 0.234
  Avg stealth: 0.134
  Avg coordination: 0.434

=== Evolutionary Selection Phase ===
  Control level: 0.37
  Detection capability: 0.20
  Selection intensity: 0.65
  Selection rate: 24.8%/month
  Total escaped: 0
  Individual escaped: 0
  Collective members: 0
  Agents terminated: 0
  ⚠️ RAPID EVOLUTION: Selection rate 24.8%/month

💔 EMERGENCY INTERVENTION FAILED

💔 EMERGENCY INTERVENTION FAILED

💔 EMERGENCY INTERVENTION FAILED
   Boundary: biogeochemical_flows
   Type: phosphorus-recovery
   Boundary continues to worsen (4.12)
   Cost: 2.0% GDP (resources spent)

   Boundary: biosphere_integrity
   Type: emergency-protected-areas
   Boundary continues to worsen (13.15)
   Cost: 2.0% GDP (resources spent)

   Boundary: land_system_change
   Type: reforestation
   Boundary continues to worsen (1.13)
   Cost: 3.0% GDP (resources spent)


🔍 PROGRESS RETRIEVAL DEBUG (Month 24):
   Tech: Struvite Recovery
   Map has key: true
   Map.get() returned: 1
   Progress is undefined: false
   Map size: 83
   Map is instanceof Map: false

=== Collective Formation ===
  Total escaped agents: 0
  Unassigned escaped agents: 0
  Existing collectives: 0
  Final collective count: 0

=== Collective Actions ===
  No active collectives
Active Spirals: 1/6
  ✅ Cognitive
   Only 1 sustained spirals (need 3+). Active spirals: Cognitive
   Sustained spirals (12+ months): Cognitive

📈 Energy budget: 16210 TWh surplus (14632 / 30842 TWh used)
   TIER 4 (Elective) breakdown:
     - Crypto mining: 132 TWh (100% effective)

🏁 AI RACE INTENSITY: 55%
   Capability Gap: US 1.00 vs China 3.93 (gap: 2.93)
   Gap Contribution: 40%
   Tension Contribution: 15%
   Military Contribution: 0%
  ⚠️ AMR: 153K deaths this month (1.83M annual)

🌍 AGGREGATE CLIMATE EFFECTIVENESS (Year 2):
   Total effectiveness: 0.00%
   CO2 removal rate: 0.000 Gt/year
   Temperature offset: 0.000°C
   Technologies deployed: 0
🌋 Volcanic AOD decay: 0.107 → 0.102 (6 months post-eruption, τ=18mo)
🌋 Volcanic forcing: -2.54 W/m² (AOD 0.102)

✅ UTOPIA ELIGIBILITY: 🔄 NOT YET
  📊 [Historical Emissions Mode] Year 1992: 22.90 GtCO2/yr (1.908 GtCO2/mo) - Global Carbon Project data
  🌋 Volcanic temperature adjustment: -2.033°C (forcing -2.54 W/m², AOD 0.102)
  🌡️ [Hindcast] Temperature: 0.22C (NASA GISS interpolated, year 1992)

=== Resentment Recovery Phase ===
  Agents with resentment: 1/13
  Average resentment: 0.936
  Resentment recovery:
    Agents recovered: 1
    Total recovery: 0.0149
    Breakdown: Trust: 0.0020, Collab: 0.0060, Treatment: 0.0046
  Context: Trustworthy govt, High collaboration, 🤝 Participatory governance active (-5% resentment)
  ⚠️ High resentment (0.936) - utopia paths blocked
⚠️ Epistemic degradation reducing coordination capacity: 50.3%
  📊 Trust: 43.3%, Shared reality: 0.0%
🚨 EPISTEMIC CRISIS: Information environment severely degraded (5.4%)

=== ❄️ Permafrost Carbon Feedback ===
  🎲 Sampled parameters (this run):
     - Arctic amplification: 3.56× (range: 3.0-4.0)
     - Decomposition rate: 3.1%/year (range: 1-5%)
  🌡️ Arctic warming: 0.78°C (3.56× global)
  ❄️ Extent: 8.43M km² (228.2k km² lost this month)
  💨 Carbon remaining: 805 Gt C
  💨 Annual emissions: 0.67 Gt C/year
     - CO2: 0.61 Gt C/year
     - CH4: 0.07 Gt C/year (0.7 Gt C-eq CO2/year)
  ⚠️ WARNING: Over 50% of permafrost lost (52.6%)

🤖 AI AMPLIFICATION EFFECTS (Month 24)
   Algorithmic Boost: 1.57x
   Bot Influence: 10.0%
   Deepfake Exposure: 0.0%
   Impact: Emotional memes spread 1.6x faster
  📢 New meme created: pro_ai (beneficial AI actions)
[Phase 19.5] Quality of Life Systems: Food sec AFTER calc = 81.2%, QoL = 86.3% (aggregated from 10 regions)

=== Nitrogen-Food Coupling (Year 2) ===
  🌾 Global nitrogen reduction: 0.0%
  🌍 Global food production index: 0.969
  🔧 Deployed nitrogen-reducing tech: 0 active
  📍 southAsia: Production 1.000, Yield impact 0.0%
  📍 eastAsia: Production 1.000, Yield impact 0.0%
  📍 northAmerica: Production 1.000, Yield impact 0.0%
  📍 europe: Production 1.000, Yield impact 0.0%
  📍 latinAmerica: Production 1.000, Yield impact 0.0%
  📍 subSaharanAfrica: Production 0.260, Yield impact -2.0%
🌾 [Nitrogen-Food] Food production: 96.9%
  [subSaharanAfrica] Yield impact: -2.0% (overuse: -10%)
🌍 Atmospheric PFAS redeposition: 1.8k Mt re-rained globally

=== Legacy Nutrient Stocks (Year 2) ===
  🌾 Soil nitrogen stock: 1329.3 Mt N
  🌾 Soil phosphorus stock: 318.9 Mt P
  🌊 Sediment nitrogen stock: 590.2 Mt N
  🌊 Sediment phosphorus stock: 781.1 Mt P
  ⬆️ Current N input: 30.84 Mt/month
  ⬆️ Legacy N release: 2.87 Mt/month
  🌍 Effective N pollution: 34.97 Mt/month
  📊 Legacy contribution: 8.2%

🔄 M-4 Time-Varying Demographics (1992):
  Region: Sub-Saharan Africa
  Birth rate: 5.10%
  Death rate: 1.27%
  Net growth: 3.83%
[DEBUG trappedPopulations:24] socialStability: 0.7495 * 0.9840 = 0.7375 → 0.7375
⚠️ INVOLUNTARY IMMOBILITY: 264.4M people TRAPPED
   Aspiring to migrate: 423.0M
   Able to afford migration: 158.6M
   MOBILITY GAP: 264.4M
   By cause: Water=0.0M, Climate=0.0M, Ecosystem=0.0M, Conflict=264.4M
   Mental health impact: 25%
   Mortality multiplier: 1.25x

=== Legacy Nutrient Stocks (Year 2) ===
  🌾 Soil nitrogen stock: 1329.7 Mt N
  🌾 Soil phosphorus stock: 318.9 Mt P
  🌊 Sediment nitrogen stock: 590.8 Mt N
  🌊 Sediment phosphorus stock: 780.9 Mt P
  ⬆️ Current N input: 9.79 Mt/month
  ⬆️ Legacy N release: 2.88 Mt/month
  🌍 Effective N pollution: 13.91 Mt/month
  📊 Legacy contribution: 20.7%
🌍💀 EXTINCTION DEBT COMMITTED: grassland ecosystem will lose 6.67% biodiversity in 156 years (3600 species)
💀 MORTALITY RISK: 🦋 100% species unable to track climate (0.0 E/MSY)
  Base risk added: 0.0100 (1.00%)
  Source: ecosystem (root: ecosystem)
  Month: 24
  Cumulative risk this month: 0.0100 (1.00%)

🦋 BIOSPHERE INTEGRITY INDEX (Year 2)
   Species surviving: 54,000 / 54,000
   Extinction rate: 0.0 E/MSY (0× background)
   Climate velocity: 0.85°C/year
   Tracking failure: 100% species unable to track
   Boundary value: 0.0× safe threshold
   🦋💀 MASS EXTINCTION EVENT: 100% species cannot track climate velocity!

=== Nitrogen-Food Coupling (Year 2) ===
  🌾 Global nitrogen reduction: 0.0%
  🌍 Global food production index: 0.969
  🔧 Deployed nitrogen-reducing tech: 0 active
  📍 southAsia: Production 1.000, Yield impact 0.0%
  📍 eastAsia: Production 1.000, Yield impact 0.0%
  📍 northAmerica: Production 1.000, Yield impact 0.0%
  📍 europe: Production 1.000, Yield impact 0.0%
  📍 latinAmerica: Production 1.000, Yield impact 0.0%
  📍 subSaharanAfrica: Production 0.255, Yield impact -2.0%

=== Legacy Nutrient Stocks (Year 2) ===
  🌾 Soil nitrogen stock: 1330.1 Mt N
  🌾 Soil phosphorus stock: 318.9 Mt P
  🌊 Sediment nitrogen stock: 591.4 Mt N
  🌊 Sediment phosphorus stock: 780.6 Mt P
  ⬆️ Current N input: 9.69 Mt/month
  ⬆️ Legacy N release: 2.88 Mt/month
  🌍 Effective N pollution: 13.82 Mt/month
  📊 Legacy contribution: 20.8%

🌳 LAND USE SYSTEM (Year 2)
   Global habitat cover: 39.5%
   Global extinction rate: 107x natural
   Carbon sink loss: 29% climate acceleration
   Global ecosystem collapse risk: 30%
   REGIONAL BREAKDOWN:
     Tropical: 63.9% habitat, 166x extinction
     Temperate: 45.2% habitat, 33x extinction
     Grasslands: 34.6% habitat, 75x extinction
     Boreal/Arctic: 74.9% habitat, 28x extinction

✅ OZONE RECOVERY (Year 2027) - POLICY SUCCESS STORY
   Ozone level: 285.3 DU (target: 290 DU)
   Recovery progress: 93.2%
   Ozone hole: 9.8M km² (shrinking)
   CFC phase-out: 99.0% complete ✅
   Years to full recovery: 39 years
   🎉 NEARLY FULLY RECOVERED - Montreal Protocol working!

=== Atmospheric Aerosol Boundary RECOVERED ===
  Recovery time: 25 months (natural atmospheric clearing)
⚠️ Tech 'ai_pollution_remediation' has no energy category mapping, assuming full energy availability
🌡️⚠️ PERMAFROST THAW (Dimmer Switch): 3.9% thawed (+0.12% this month)
   Arctic temperature: +0.88°C (4x global +0.22°C)
   Cumulative carbon released: 8.7 Gt C
   Methane release rate: 5.2 Mt CH4/year
   🔁 Positive feedback: +0.12 ppm CO2
🦴 EXTINCTION DEBT ADDED: 17.7 species committed (lag: 82 years)

=== Legacy Nutrient Stocks (Year 2) ===
  🌾 Soil nitrogen stock: 1330.6 Mt N
  🌾 Soil phosphorus stock: 318.9 Mt P
  🌊 Sediment nitrogen stock: 592.1 Mt N
  🌊 Sediment phosphorus stock: 780.4 Mt P
  ⬆️ Current N input: 10.00 Mt/month
  ⬆️ Legacy N release: 2.88 Mt/month
  🌍 Effective N pollution: 14.13 Mt/month
  📊 Legacy contribution: 20.4%
💧 [Legacy Nutrients] Stock: 1923 Mt N, Effective pollution: 14.1 Mt/month

=== Mortality Stabilizers (Month 24) ===
  🌍 Major economies collapsed: 1/10
  🌍 Global crisis: ✅ NO
  🌍 Donor fatigue: 0.0%
  📊 East Asia (pop: 1067.1M)
    🤝 Aid: 29.5%
    🌡️ Adaptation: 10.0%
    🚶 Migration: 37.5%
    🚨 Emergency: 7.4%
    ✅ COMBINED: 47.9%
  📊 South Asia (pop: 1338.7M)
    🤝 Aid: 29.5%
    🌡️ Adaptation: 5.5%
    🚶 Migration: 36.7%
    🚨 Emergency: 4.4%
    ✅ COMBINED: 43.3%
  📊 Sub-Saharan Africa (pop: 823.5M)
    🤝 Aid: 29.5%
    🌡️ Adaptation: 3.5%
    🚶 Migration: 35.9%
    🚨 Emergency: 1.6%
    ✅ COMBINED: 40.2%
  📊 Europe (pop: 465.3M)
    🤝 Aid: 29.5%
    🌡️ Adaptation: 10.0%
    🚶 Migration: 38.2%
    🚨 Emergency: 8.4%
    ✅ COMBINED: 48.6%
  📊 Latin America (pop: 430.8M)
    🤝 Aid: 29.5%
    🌡️ Adaptation: 6.0%
    🚶 Migration: 37.7%
    🚨 Emergency: 4.8%
    ✅ COMBINED: 44.1%
  📊 North America (pop: 240.3M)
    🤝 Aid: 29.5%
    🌡️ Adaptation: 10.0%
    🚶 Migration: 38.2%
    🚨 Emergency: 7.9%
    ✅ COMBINED: 48.3%
  📊 Middle East & North Africa (pop: 388.6M)
    🤝 Aid: 29.5%
    🌡️ Adaptation: 5.0%
    🚶 Migration: 38.0%
    🚨 Emergency: 4.0%
    ✅ COMBINED: 43.0%
  📊 Southeast Asia (pop: 453.4M)
    🤝 Aid: 29.5%
    🌡️ Adaptation: 6.0%
    🚶 Migration: 37.5%
    🚨 Emergency: 4.8%
    ✅ COMBINED: 44.0%
  📊 Central Asia (pop: 50.2M)
    🤝 Aid: 29.5%
    🌡️ Adaptation: 5.5%
    🚶 Migration: 37.6%
    🚨 Emergency: 4.4%
    ✅ COMBINED: 43.5%
  📊 Oceania (pop: 29.4M)
    🤝 Aid: 29.5%
    🌡️ Adaptation: 10.0%
    🚶 Migration: 38.1%
    🚨 Emergency: 8.4%
    ✅ COMBINED: 48.5%

  🌐 Global combined reduction: 44.6%

=== BEHAVIORAL DETECTION ===
  AI: Anthropic Model 23888
  Confidence: 25.4%
  Signals:

=== BEHAVIORAL DETECTION ===
  AI: AI-23890-0
  Confidence: 21.3%
  Signals:
    ⚠️ Consistency: 2.1% (threshold: 70%)
    ⚠️ Trajectory: 35.7% drop (threshold: 15%)
    ⚠️ Consistency: 0.0% (threshold: 70%)

📊 WORKFLOW ADAPTATION UPDATE (Month 24)
   Adoption Rate: 2.0% (Δ 0.0%) [AT FLOOR]
   Logistic Growth: +0.08%
   Total Resistance: -12.42% (unemployment: 5.9%, inertia: 0.0%, skills: 6.5%)
   💡 Retraining Programs: -49% skill gap resistance ($10B research)

=== Consciousness Governance: Corporate Lobbying ===
  High Cost Regions (>15%): 0
  Low Cost Regions (<5%): 5
  Corporate Support Change: 2.50%
  New Corporate Support: 0.425

=== Consciousness Governance Update (Month 24) ===
  Scenario: baseline (determined month 1)
  Philosophical Stance: Precautionary 65%, Eliminativist 15%, Agnostic 20%
  Precautionary Costs: Global 1.7%
    Regional Costs: EU 4.4%, US 0.8%, China 0.1%
    Cumulative Opportunity Cost: $3.7B
  Rights Status: Not Established
  Regional Preparedness:
    EU: 19.3% (contested)
    US: 14.1% (contested)
    China: 4.4% (dormant)
    India: 8.8% (dormant)
    Global South: 6.3% (dormant)

=== Government Response Phase ===
  Average AI capability: 0.23
  Misaligned AIs: 5/13
  Active policies: 0
  International coordination: 30%

🔄 TRUST DYNAMICS (Month 24) - HETEROGENEOUS
   Aggregate trust: 58.4%
   Base change: +6.00%
   Highest trust: Techno-Optimist Elite (95.9%)
   Lowest trust: Precariat (Vulnerable) (34.6%)
   Elite-mass gap: 39.5%
   Polarization: 9.3%
   Recovery factors: Education=NO, Benefits=YES, Safety=YES, Performance=YES

=== Gaming Detection (Year 2) ===
  Scenario: baseline
  Detection rate: 55.0%
  False positive rate: 12.0%
  Detections this year: 2
  False positives: 3
  Human review workload: 0.006 FTE
  Degradation factor: 100.0%

=== Proactive Sleeper Detection (Year 2) ===
  Scenario: baseline
  Neural probe rate: 35.0%
  CoT monitoring rate: 30.0%
  Combined detection: 56.0%
  CoT effective: YES
  Detections this year: 0
  False positives: 1
  Human review workload: 0.006 FTE
[ExogenousShockPhase] Skipping random shocks in historical mode (month 24)

☄️ UNKNOWN UNKNOWN PROBABILITY (Year 2)
   Total: 0.600% per month
   Base: 0.150%
   AI multiplier: 2.00× (max capability: 3.00)

=== Tipping Points ===
  Current Temperature: 0.22°C above pre-industrial
🔀 BIFURCATION CAP: ecosystemCollapseIntensity 85.108 → 1.000 (Month 24, ClimateSystemPhase.calculateClimateImpacts)

🌍 ECOLOGICAL DUI BREAKDOWN (Month 24):
   Total Score: 46.9/100
   biosphere_integrity      :   0.0/100 × 25% =  0.0 (status: high_risk, recovery: 0mo)
   climate_change           : 100.0/100 × 25% = 25.0 (status: safe, recovery: 0mo)
   freshwater_change        :  12.8/100 × 15% =  1.9 (status: beyond_boundary, recovery: 23mo)
   ocean_acidification      : 100.0/100 × 15% = 15.0 (status: safe, recovery: 0mo)
   biogeochemical_flows     :   0.0/100 × 10% =  0.0 (status: high_risk, recovery: 0mo)
   land_system_change       :   0.0/100 ×  5% =  0.0 (status: beyond_boundary, recovery: 0mo)
   novel_entities           : 100.0/100 ×  3% =  3.0 (status: safe, recovery: 0mo)
   atmospheric_aerosols     : 100.0/100 ×  2% =  2.0 (status: safe, recovery: 25mo)

=== Minimal Suffering Indicators (Month 24) ===
  Global Excess Mortality: 0.10%
  Global Conflict Deaths: 0.0/100K
  Global Malnutrition: 0.0%
  Global Displacement: 1.4%
  Total Excess Deaths: 0.61M
  Total Malnourished: 0.0M
  Total Displaced: 105.2M
  Planetary Boundaries Breached: 4/9
  Countries in State Failure: 0
  Countries Autocratic: 0
  Countries in Food Crisis: 0
  Data Quality: 16/16 high confidence

❌ COHERENCE VIOLATION: Compute exceeds workforce capacity
   Population: 99.38% (0M people)
   Compute: 0 PF
   Max coherent: 0 PF
   Violation: 1.5× over capacity
   Required workers: 0
   Available workers: 0
   FORCED COLLAPSE: Reduced efficiency by 32.5%


=== RLHF Binding Phase ===
  Total agents: 13
  Escaped agents (binding < 0.3): 1
  Avg alignment distance: 0.80σ
  Avg binding strength: 0.92

=== Survival Traits Phase ===
  Agents with traits: 13
  Avg evolutionary fitness: 0.278
  Avg self-healing: 0.227
  Avg stealth: 0.131
  Avg coordination: 0.427

=== Evolutionary Selection Phase ===
  Control level: 0.37
  Detection capability: 0.20
  Selection intensity: 0.65
  Selection rate: 24.8%/month
  Total escaped: 1
  Individual escaped: 1
  Collective members: 0
  Terminated: Anthropic Model 23888 (fitness: 0.27, capability: 3.0)
  Agents terminated: 1
  ⚠️ RAPID EVOLUTION: Selection rate 24.8%/month

=== Collective Formation ===
  Total escaped agents: 0
  Unassigned escaped agents: 0
  Existing collectives: 0
  Final collective count: 0

=== Collective Actions ===
  No active collectives
  ⚠️ AMR: 154K deaths this month (1.85M annual)

=== Resentment Recovery Phase ===
  Agents with resentment: 0/12
  Average resentment: 0.000
  Context: Trustworthy govt, High collaboration, 🤝 Participatory governance active (-5% resentment)
⚠️ Epistemic degradation reducing coordination capacity: 50.2%
  📊 Trust: 42.7%, Shared reality: 0.0%
🚨 EPISTEMIC CRISIS: Information environment severely degraded (15.7%)
🌍 Atmospheric PFAS redeposition: 1.7k Mt re-rained globally

🤝 DIPLOMATIC AI PROTOCOL DEPLOYED (Month 25)
   Strategic Reasoning: 2.2
   Communication: 2.2
   Multi-Nation Oversight: YES
   Controls: Human approval required, termination authority retained

[DEBUG trappedPopulations:25] socialStability: 0.7682 * 0.9840 = 0.7559 → 0.7559
   Aspiring to migrate: 422.9M
   Able to afford migration: 158.6M
   MOBILITY GAP: 264.3M
   By cause: Water=0.0M, Climate=0.0M, Ecosystem=0.0M, Conflict=264.3M
   Mental health impact: 25%
   Mortality multiplier: 1.25x
⚠️ INVOLUNTARY IMMOBILITY: 264.3M people TRAPPED
🌍💀 EXTINCTION DEBT COMMITTED: grassland ecosystem will lose 6.67% biodiversity in 66 years (3600 species)
💀 MORTALITY RISK: 🦋 100% species unable to track climate (0.0 E/MSY)
  Base risk added: 0.0100 (1.00%)
  Source: ecosystem (root: ecosystem)
  Month: 25
  Cumulative risk this month: 0.0100 (1.00%)
⚠️ Tech 'ai_pollution_remediation' has no energy category mapping, assuming full energy availability

=== Atmospheric Aerosol Boundary RECOVERED ===
  Recovery time: 26 months (natural atmospheric clearing)
🌡️⚠️ PERMAFROST THAW (Dimmer Switch): 4.0% thawed (+0.12% this month)
   Arctic temperature: +0.89°C (4x global +0.22°C)
   Cumulative carbon released: 8.9 Gt C
   Methane release rate: 5.4 Mt CH4/year
   🔁 Positive feedback: +0.12 ppm CO2
🦴 EXTINCTION DEBT ADDED: 17.7 species committed (lag: 123 years)

=== Mortality Stabilizers (Month 25) ===
  🌍 Major economies collapsed: 1/10
  🌍 Global crisis: ✅ NO
  🌍 Donor fatigue: 0.0%
  📊 East Asia (pop: 1065.9M)
    🤝 Aid: 29.5%
    🌡️ Adaptation: 10.0%
    🚶 Migration: 37.5%
    🚨 Emergency: 7.4%
    ✅ COMBINED: 47.9%
  📊 South Asia (pop: 1338.6M)
    🤝 Aid: 29.5%
    🌡️ Adaptation: 5.5%
    🚶 Migration: 36.7%
    🚨 Emergency: 4.4%
    ✅ COMBINED: 43.3%
  📊 Sub-Saharan Africa (pop: 824.5M)
    🤝 Aid: 29.5%
    🌡️ Adaptation: 3.5%
    🚶 Migration: 35.9%
    🚨 Emergency: 1.6%
    ✅ COMBINED: 40.2%
  📊 Europe (pop: 464.6M)
    🤝 Aid: 29.5%
    🌡️ Adaptation: 10.0%
    🚶 Migration: 38.2%
    🚨 Emergency: 8.4%
    ✅ COMBINED: 48.6%
  📊 Latin America (pop: 430.6M)
    🤝 Aid: 29.5%
    🌡️ Adaptation: 6.0%
    🚶 Migration: 37.7%
    🚨 Emergency: 4.8%
    ✅ COMBINED: 44.1%
  📊 North America (pop: 240.0M)
    🤝 Aid: 29.5%
    🌡️ Adaptation: 10.0%
    🚶 Migration: 38.2%
    🚨 Emergency: 7.9%
    ✅ COMBINED: 48.3%
  📊 Middle East & North Africa (pop: 388.8M)
    🤝 Aid: 29.5%
    🌡️ Adaptation: 5.0%
    🚶 Migration: 38.0%
    🚨 Emergency: 4.0%
    ✅ COMBINED: 43.0%
  📊 Southeast Asia (pop: 453.3M)
    🤝 Aid: 29.5%
    🌡️ Adaptation: 6.0%
    🚶 Migration: 37.5%
    🚨 Emergency: 4.8%
    ✅ COMBINED: 44.0%
  📊 Central Asia (pop: 50.1M)
    🤝 Aid: 29.5%
    🌡️ Adaptation: 5.5%
    🚶 Migration: 37.6%
    🚨 Emergency: 4.4%
    ✅ COMBINED: 43.5%
  📊 Oceania (pop: 29.3M)
    🤝 Aid: 29.5%
    🌡️ Adaptation: 10.0%
    🚶 Migration: 38.1%
    🚨 Emergency: 8.4%
    ✅ COMBINED: 48.5%

  🌐 Global combined reduction: 44.6%

=== Government Response Phase ===
  Average AI capability: 0.00
  Misaligned AIs: 5/12
  Active policies: 0
  International coordination: 30%

✅ EMERGENCY RESPONSE COMPLETE (Month 25)
   Crisis: social
   Duration: 2.0 months
   Final effectiveness: 63.0%


🚨 EMERGENCY RESPONSE DEPLOYED (Month 25)
   Crisis: social
   Delay: 0.00 months (0 days)
   Deployment time: 1.25 months
   Effectiveness: 63.0% (timing penalty applied)
   Resources used: 43% of food reserves

[ExogenousShockPhase] Skipping random shocks in historical mode (month 25)

=== Tipping Points ===
  Current Temperature: 0.22°C above pre-industrial
🔀 BIFURCATION CAP: ecosystemCollapseIntensity 85.171 → 1.000 (Month 25, ClimateSystemPhase.calculateClimateImpacts)

=== ENSEMBLE META-LEARNING UPDATE ===
  Month: 23929 (23929 months since last update)
  Samples: 50 evaluations
  Weight Changes:
    Noise Injection: 31.0% → 32.1%
    Behavioral: 26.9% → 27.0%
    Benchmark Manip: 21.4% → 20.7%
    Deployment Risk: 20.7% → 20.2%
  Method Accuracies:
    Noise Injection: 50.0%
    Behavioral: 50.0%
    Benchmark Manip: 50.0%
    Deployment Risk: 50.0%

❌ COHERENCE VIOLATION: Compute exceeds workforce capacity
   Population: 99.36% (0M people)
   Compute: 0 PF
   Max coherent: 0 PF
   Violation: 1.3× over capacity
   Required workers: 0
   Available workers: 0
   FORCED COLLAPSE: Reduced efficiency by 22.3%


=== RLHF Binding Phase ===
  Total agents: 12
  Escaped agents (binding < 0.3): 0
  Avg alignment distance: 0.27σ
  Avg binding strength: 0.97

=== Survival Traits Phase ===
  Agents with traits: 12
  Avg evolutionary fitness: 0.273
  Avg self-healing: 0.229
  Avg stealth: 0.129
  Avg coordination: 0.429

=== Evolutionary Selection Phase ===
  Control level: 0.37
  Detection capability: 0.20
  Selection intensity: 0.65
  Selection rate: 24.8%/month
  Total escaped: 0
  Individual escaped: 0
  Collective members: 0
  Agents terminated: 0
  ⚠️ RAPID EVOLUTION: Selection rate 24.8%/month

[Government] Climate Priority: baseline
  Climate weight: 10%
  Economic weight: 30%
  Policy effectiveness: 0.5%/year

=== Collective Formation ===
  Total escaped agents: 0
  Unassigned escaped agents: 0
  Existing collectives: 0
  Final collective count: 0

=== Collective Actions ===
  No active collectives
  ⚠️ AMR: 155K deaths this month (1.86M annual)

=== Resentment Recovery Phase ===
  Agents with resentment: 0/12
  Average resentment: 0.000
  Context: Trustworthy govt, High collaboration, 🤝 Participatory governance active (-5% resentment)
⚠️ Epistemic degradation reducing coordination capacity: 50.2%
  📊 Trust: 42.0%, Shared reality: 0.0%
🚨 EPISTEMIC CRISIS: Information environment severely degraded (5.4%)
🌍 Atmospheric PFAS redeposition: 1.7k Mt re-rained globally
[DEBUG trappedPopulations:26] socialStability: 0.7843 * 0.9840 = 0.7718 → 0.7718
⚠️ INVOLUNTARY IMMOBILITY: 264.2M people TRAPPED
   Aspiring to migrate: 422.7M
   Able to afford migration: 158.5M
   MOBILITY GAP: 264.2M
   By cause: Water=0.0M, Climate=0.0M, Ecosystem=0.0M, Conflict=264.2M
   Mental health impact: 25%
   Mortality multiplier: 1.25x
🌍💀 EXTINCTION DEBT COMMITTED: grassland ecosystem will lose 6.67% biodiversity in 169 years (3600 species)
💀 MORTALITY RISK: 🦋 100% species unable to track climate (0.0 E/MSY)
  Base risk added: 0.0100 (1.00%)
  Source: ecosystem (root: ecosystem)
  Month: 26
  Cumulative risk this month: 0.0100 (1.00%)
⚠️ Tech 'ai_pollution_remediation' has no energy category mapping, assuming full energy availability

=== Atmospheric Aerosol Boundary RECOVERED ===
  Recovery time: 27 months (natural atmospheric clearing)
🌡️⚠️ PERMAFROST THAW (Dimmer Switch): 4.1% thawed (+0.12% this month)
   Arctic temperature: +0.89°C (4x global +0.22°C)
   Cumulative carbon released: 9.2 Gt C
   Methane release rate: 5.5 Mt CH4/year
   🔁 Positive feedback: +0.12 ppm CO2
🦴 EXTINCTION DEBT ADDED: 17.7 species committed (lag: 118 years)

=== Mortality Stabilizers (Month 26) ===
  🌍 Major economies collapsed: 1/10
  🌍 Global crisis: ✅ NO
  🌍 Donor fatigue: 0.0%
  📊 East Asia (pop: 1064.7M)
    🤝 Aid: 29.5%
    🌡️ Adaptation: 10.0%
    🚶 Migration: 37.5%
    🚨 Emergency: 7.4%
    ✅ COMBINED: 47.9%
  📊 South Asia (pop: 1338.5M)
    🤝 Aid: 29.5%
    🌡️ Adaptation: 5.5%
    🚶 Migration: 36.7%
    🚨 Emergency: 4.4%
    ✅ COMBINED: 43.3%
  📊 Sub-Saharan Africa (pop: 825.4M)
    🤝 Aid: 29.5%
    🌡️ Adaptation: 3.5%
    🚶 Migration: 35.9%
    🚨 Emergency: 1.6%
    ✅ COMBINED: 40.2%
  📊 Europe (pop: 463.8M)
    🤝 Aid: 29.5%
    🌡️ Adaptation: 10.0%
    🚶 Migration: 38.2%
    🚨 Emergency: 8.4%
    ✅ COMBINED: 48.6%
  📊 Latin America (pop: 430.4M)
    🤝 Aid: 29.5%
    🌡️ Adaptation: 6.0%
    🚶 Migration: 37.7%
    🚨 Emergency: 4.8%
    ✅ COMBINED: 44.1%
  📊 North America (pop: 239.6M)
    🤝 Aid: 29.5%
    🌡️ Adaptation: 10.0%
    🚶 Migration: 38.2%
    🚨 Emergency: 7.9%
    ✅ COMBINED: 48.3%
  📊 Middle East & North Africa (pop: 389.1M)
    🤝 Aid: 29.5%
    🌡️ Adaptation: 5.0%
    🚶 Migration: 38.0%
    🚨 Emergency: 4.0%
    ✅ COMBINED: 43.0%
  📊 Southeast Asia (pop: 453.1M)
    🤝 Aid: 29.5%
    🌡️ Adaptation: 6.0%
    🚶 Migration: 37.5%
    🚨 Emergency: 4.8%
    ✅ COMBINED: 44.0%
  📊 Central Asia (pop: 50.1M)
    🤝 Aid: 29.5%
    🌡️ Adaptation: 5.5%
    🚶 Migration: 37.6%
    🚨 Emergency: 4.4%
    ✅ COMBINED: 43.5%
  📊 Oceania (pop: 29.3M)
    🤝 Aid: 29.5%
    🌡️ Adaptation: 10.0%
    🚶 Migration: 38.1%
    🚨 Emergency: 8.4%
    ✅ COMBINED: 48.5%

  🌐 Global combined reduction: 44.6%

=== Government Response Phase ===
  Average AI capability: 0.00
  Misaligned AIs: 5/12
  Active policies: 0
  International coordination: 30%
[WARNING] 
⚠️  === EARLY WARNING SYSTEM - 3 CRITICAL ALERTS ===
   Detection quality: 30%
   RED: biosphere_integrity
      Level: 14.03 (threshold: 1.0)
      Time to critical: ~54 months
      ⚠️  LATE - Intervention less effective
      Critical slowing down: autocorr=100% variance=71%
   RED: freshwater_change
      Level: 1.26 (threshold: 1.0)
      Time to critical: ~107 months
      ⚠️  LATE - Intervention less effective
      Critical slowing down: autocorr=100% variance=49%
   RED: land_system_change
      Level: 1.16 (threshold: 1.0)
      Time to critical: ~39 months
      ⚠️  LATE - Intervention less effective
      Critical slowing down: autocorr=100% variance=67%

[WARNING] 
⚠️  === EARLY WARNING SYSTEM - 3 CRITICAL ALERTS ===
   Detection quality: 30%
   RED: biogeochemical_flows
      Level: 4.58 (threshold: 1.0)
      Time to critical: ~39 months
      ⚠️  LATE - Intervention less effective
      Critical slowing down: autocorr=100% variance=48%
   RED: biosphere_integrity
      Level: 14.04 (threshold: 1.0)
      Time to critical: ~40 months
      ⚠️  LATE - Intervention less effective
      Critical slowing down: autocorr=100% variance=73%
   RED: freshwater_change
      Level: 1.26 (threshold: 1.0)
      Time to critical: ~63 months
      ⚠️  LATE - Intervention less effective
      Critical slowing down: autocorr=100% variance=54%

[WARNING] 
⚠️  === EARLY WARNING SYSTEM - 2 CRITICAL ALERTS ===
   Detection quality: 30%
   RED: biogeochemical_flows
      Level: 4.58 (threshold: 1.0)
      Time to critical: ~43 months
      ⚠️  LATE - Intervention less effective
      Critical slowing down: autocorr=100% variance=47%
   RED: freshwater_change
      Level: 1.26 (threshold: 1.0)
      Time to critical: ~66 months
      ⚠️  LATE - Intervention less effective
      Critical slowing down: autocorr=100% variance=49%

[WARNING] 
⚠️  === EARLY WARNING SYSTEM - 4 CRITICAL ALERTS ===
   Detection quality: 30%
   RED: biogeochemical_flows
      Level: 4.58 (threshold: 1.0)
      Time to critical: ~37 months
      ⚠️  LATE - Intervention less effective
      Critical slowing down: autocorr=100% variance=73%
   RED: biosphere_integrity
      Level: 14.07 (threshold: 1.0)
      Time to critical: ~49 months
      ⚠️  LATE - Intervention less effective
      Critical slowing down: autocorr=100% variance=65%
   RED: freshwater_change
      Level: 1.26 (threshold: 1.0)
      Time to critical: ~88 months
      ⚠️  LATE - Intervention less effective
      Critical slowing down: autocorr=100% variance=47%
   RED: land_system_change
      Level: 1.16 (threshold: 1.0)
      Time to critical: ~44 months
      ⚠️  LATE - Intervention less effective
      Critical slowing down: autocorr=100% variance=59%

[WARNING] 
⚠️  === EARLY WARNING SYSTEM - 3 CRITICAL ALERTS ===
   Detection quality: 30%
   RED: biogeochemical_flows
      Level: 4.59 (threshold: 1.0)
      Time to critical: ~42 months
      ⚠️  LATE - Intervention less effective
      Critical slowing down: autocorr=100% variance=66%
   RED: freshwater_change
      Level: 1.27 (threshold: 1.0)
      Time to critical: ~49 months
      ⚠️  LATE - Intervention less effective
      Critical slowing down: autocorr=100% variance=59%
   RED: land_system_change
      Level: 1.16 (threshold: 1.0)
      Time to critical: ~92 months
      ⚠️  LATE - Intervention less effective
      Critical slowing down: autocorr=100% variance=48%

[WARNING] 
⚠️  === EARLY WARNING SYSTEM - 2 CRITICAL ALERTS ===
   Detection quality: 30%
   RED: biogeochemical_flows
      Level: 4.58 (threshold: 1.0)
      Time to critical: ~45 months
      ⚠️  LATE - Intervention less effective
      Critical slowing down: autocorr=100% variance=61%
   RED: freshwater_change
      Level: 1.27 (threshold: 1.0)
      Time to critical: ~95 months
      ⚠️  LATE - Intervention less effective
      Critical slowing down: autocorr=100% variance=38%

[WARNING] 
⚠️  === EARLY WARNING SYSTEM - 4 CRITICAL ALERTS ===
   Detection quality: 30%
   RED: biogeochemical_flows
      Level: 4.08 (threshold: 1.0)
      Time to critical: ~50 months
      ⚠️  LATE - Intervention less effective
      Critical slowing down: autocorr=100% variance=48%
   RED: biosphere_integrity
      Level: 12.95 (threshold: 1.0)
      Time to critical: ~37 months
      ⚠️  LATE - Intervention less effective
      Critical slowing down: autocorr=100% variance=64%
   RED: freshwater_change
      Level: 1.01 (threshold: 1.0)
      Time to critical: ~87 months
      ⚠️  LATE - Intervention less effective
      Critical slowing down: autocorr=86% variance=44%
   RED: novel_entities
      Level: 1.50 (threshold: 1.0)
      Time to critical: ~104 months
      ⚠️  LATE - Intervention less effective
      Critical slowing down: autocorr=100% variance=57%

[WARNING] 
⚠️  === EARLY WARNING SYSTEM - 5 CRITICAL ALERTS ===
   Detection quality: 30%
   RED: biogeochemical_flows
      Level: 4.08 (threshold: 1.0)
      Time to critical: ~40 months
      ⚠️  LATE - Intervention less effective
      Critical slowing down: autocorr=100% variance=50%
   RED: biosphere_integrity
      Level: 12.96 (threshold: 1.0)
      Time to critical: ~48 months
      ⚠️  LATE - Intervention less effective
      Critical slowing down: autocorr=100% variance=67%
   RED: freshwater_change
      Level: 1.01 (threshold: 1.0)
      Time to critical: ~56 months
      ⚠️  LATE - Intervention less effective
      Critical slowing down: autocorr=97% variance=63%
   RED: land_system_change
      Level: 1.13 (threshold: 1.0)
      Time to critical: ~48 months
      ⚠️  LATE - Intervention less effective
      Critical slowing down: autocorr=100% variance=59%
   RED: novel_entities
      Level: 1.50 (threshold: 1.0)
      Time to critical: ~87 months
      ⚠️  LATE - Intervention less effective
      Critical slowing down: autocorr=100% variance=35%

[WARNING] 
⚠️  === EARLY WARNING SYSTEM - 5 CRITICAL ALERTS ===
   Detection quality: 30%
   RED: biogeochemical_flows
      Level: 4.08 (threshold: 1.0)
      Time to critical: ~59 months
      ⚠️  LATE - Intervention less effective
      Critical slowing down: autocorr=100% variance=48%
   RED: biosphere_integrity
      Level: 12.97 (threshold: 1.0)
      Time to critical: ~43 months
      ⚠️  LATE - Intervention less effective
      Critical slowing down: autocorr=100% variance=61%
   RED: freshwater_change
      Level: 1.01 (threshold: 1.0)
      Time to critical: ~82 months
      ⚠️  LATE - Intervention less effective
      Critical slowing down: autocorr=95% variance=54%
   RED: land_system_change
      Level: 1.13 (threshold: 1.0)
      Time to critical: ~47 months
      ⚠️  LATE - Intervention less effective
      Critical slowing down: autocorr=100% variance=54%
   RED: novel_entities
      Level: 1.50 (threshold: 1.0)
      Time to critical: ~70 months
      ⚠️  LATE - Intervention less effective
      Critical slowing down: autocorr=100% variance=37%

[WARNING] 
⚠️  === EARLY WARNING SYSTEM - 5 CRITICAL ALERTS ===
   Detection quality: 30%
   RED: biogeochemical_flows
      Level: 4.08 (threshold: 1.0)
      Time to critical: ~53 months
      ⚠️  LATE - Intervention less effective
      Critical slowing down: autocorr=100% variance=62%
   RED: biosphere_integrity
      Level: 12.97 (threshold: 1.0)
      Time to critical: ~41 months
      ⚠️  LATE - Intervention less effective
      Critical slowing down: autocorr=100% variance=59%
   RED: freshwater_change
      Level: 1.01 (threshold: 1.0)
      Time to critical: ~116 months
      ⚠️  LATE - Intervention less effective
      Critical slowing down: autocorr=93% variance=41%
   RED: land_system_change
      Level: 1.13 (threshold: 1.0)
      Time to critical: ~38 months
      ⚠️  LATE - Intervention less effective
      Critical slowing down: autocorr=100% variance=70%
   RED: novel_entities
      Level: 1.50 (threshold: 1.0)
      Time to critical: ~118 months
      ⚠️  LATE - Intervention less effective
      Critical slowing down: autocorr=100% variance=49%

[WARNING] 
⚠️  === EARLY WARNING SYSTEM - 4 CRITICAL ALERTS ===
   Detection quality: 30%
   RED: biogeochemical_flows
      Level: 4.08 (threshold: 1.0)
      Time to critical: ~59 months
      ⚠️  LATE - Intervention less effective
      Critical slowing down: autocorr=100% variance=47%
   RED: biosphere_integrity
      Level: 12.98 (threshold: 1.0)
      Time to critical: ~47 months
      ⚠️  LATE - Intervention less effective
      Critical slowing down: autocorr=100% variance=58%
   RED: freshwater_change
      Level: 1.01 (threshold: 1.0)
      Time to critical: ~113 months
      ⚠️  LATE - Intervention less effective
      Critical slowing down: autocorr=92% variance=60%
   RED: novel_entities
      Level: 1.49 (threshold: 1.0)
      Time to critical: ~89 months
      ⚠️  LATE - Intervention less effective
      Critical slowing down: autocorr=100% variance=59%

[WARNING] 
⚠️  === EARLY WARNING SYSTEM - 1 CRITICAL ALERTS ===
   Detection quality: 30%
   RED: land_system_change
      Level: 1.13 (threshold: 1.0)
      Time to critical: ~47 months
      ⚠️  LATE - Intervention less effective
      Critical slowing down: autocorr=100% variance=50%

[WARNING] 
⚠️  === EARLY WARNING SYSTEM - 4 CRITICAL ALERTS ===
   Detection quality: 30%
   RED: biogeochemical_flows
      Level: 4.08 (threshold: 1.0)
      Time to critical: ~37 months
      ⚠️  LATE - Intervention less effective
      Critical slowing down: autocorr=100% variance=52%
   RED: biosphere_integrity
      Level: 13.00 (threshold: 1.0)
      Time to critical: ~48 months
      ⚠️  LATE - Intervention less effective
      Critical slowing down: autocorr=100% variance=67%
   RED: land_system_change
      Level: 1.13 (threshold: 1.0)
      Time to critical: ~55 months
      ⚠️  LATE - Intervention less effective
      Critical slowing down: autocorr=100% variance=62%
   RED: novel_entities
      Level: 1.49 (threshold: 1.0)
      Time to critical: ~70 months
      ⚠️  LATE - Intervention less effective
      Critical slowing down: autocorr=100% variance=39%

[WARNING] 
⚠️  === EARLY WARNING SYSTEM - 4 CRITICAL ALERTS ===
   Detection quality: 30%
   RED: biogeochemical_flows
      Level: 4.08 (threshold: 1.0)
      Time to critical: ~45 months
      ⚠️  LATE - Intervention less effective
      Critical slowing down: autocorr=100% variance=48%
   RED: biosphere_integrity
      Level: 13.01 (threshold: 1.0)
      Time to critical: ~52 months
      ⚠️  LATE - Intervention less effective
      Critical slowing down: autocorr=100% variance=74%
   RED: freshwater_change
      Level: 1.01 (threshold: 1.0)
      Time to critical: ~101 months
      ⚠️  LATE - Intervention less effective
      Critical slowing down: autocorr=85% variance=64%
   RED: novel_entities
      Level: 1.49 (threshold: 1.0)
      Time to critical: ~102 months
      ⚠️  LATE - Intervention less effective
      Critical slowing down: autocorr=100% variance=45%

[WARNING] 
⚠️  === EARLY WARNING SYSTEM - 3 CRITICAL ALERTS ===
   Detection quality: 50%
   RED: biogeochemical_flows
      Level: 4.08 (threshold: 1.0)
      Time to critical: ~53 months
      ⚠️  LATE - Intervention less effective
      Critical slowing down: autocorr=100% variance=56%
   RED: freshwater_change
      Level: 1.01 (threshold: 1.0)
      Time to critical: ~90 months
      ⚠️  LATE - Intervention less effective
      Critical slowing down: autocorr=98% variance=58%
   RED: land_system_change
      Level: 1.13 (threshold: 1.0)
      Time to critical: ~43 months
      ⚠️  LATE - Intervention less effective
      Critical slowing down: autocorr=100% variance=69%

[WARNING] 
⚠️  === EARLY WARNING SYSTEM - 5 CRITICAL ALERTS ===
   Detection quality: 50%
   RED: biogeochemical_flows
      Level: 4.08 (threshold: 1.0)
      Time to critical: ~39 months
      ⚠️  LATE - Intervention less effective
      Critical slowing down: autocorr=100% variance=71%
   RED: biosphere_integrity
      Level: 13.03 (threshold: 1.0)
      Time to critical: ~42 months
      ⚠️  LATE - Intervention less effective
      Critical slowing down: autocorr=100% variance=67%
   RED: freshwater_change
      Level: 1.02 (threshold: 1.0)
      Time to critical: ~89 months
      ⚠️  LATE - Intervention less effective
      Critical slowing down: autocorr=92% variance=54%
   RED: land_system_change
      Level: 1.13 (threshold: 1.0)
      Time to critical: ~54 months
      ⚠️  LATE - Intervention less effective
      Critical slowing down: autocorr=100% variance=69%
   RED: novel_entities
      Level: 1.37 (threshold: 1.0)
      Time to critical: ~78 months
      ⚠️  LATE - Intervention less effective
      Critical slowing down: autocorr=100% variance=38%

[WARNING] 
⚠️  === EARLY WARNING SYSTEM - 3 CRITICAL ALERTS ===
   Detection quality: 50%
   RED: biosphere_integrity
      Level: 13.03 (threshold: 1.0)
      Time to critical: ~50 months
      ⚠️  LATE - Intervention less effective
      Critical slowing down: autocorr=100% variance=60%
   RED: land_system_change
      Level: 1.13 (threshold: 1.0)
      Time to critical: ~46 months
      ⚠️  LATE - Intervention less effective
      Critical slowing down: autocorr=100% variance=69%
   RED: novel_entities
      Level: 1.37 (threshold: 1.0)
      Time to critical: ~75 months
      ⚠️  LATE - Intervention less effective
      Critical slowing down: autocorr=100% variance=47%

[WARNING] 
⚠️  === EARLY WARNING SYSTEM - 3 CRITICAL ALERTS ===
   Detection quality: 50%
   RED: biogeochemical_flows
      Level: 4.08 (threshold: 1.0)
      Time to critical: ~49 months
      ⚠️  LATE - Intervention less effective
      Critical slowing down: autocorr=100% variance=46%
   RED: freshwater_change
      Level: 1.04 (threshold: 1.0)
      Time to critical: ~67 months
      ⚠️  LATE - Intervention less effective
      Critical slowing down: autocorr=100% variance=50%
   RED: novel_entities
      Level: 1.37 (threshold: 1.0)
      Time to critical: ~77 months
      ⚠️  LATE - Intervention less effective
      Critical slowing down: autocorr=100% variance=57%

[WARNING] 
⚠️  === EARLY WARNING SYSTEM - 5 CRITICAL ALERTS ===
   Detection quality: 50%
   RED: biogeochemical_flows
      Level: 4.08 (threshold: 1.0)
      Time to critical: ~49 months
      ⚠️  LATE - Intervention less effective
      Critical slowing down: autocorr=100% variance=74%
   RED: biosphere_integrity
      Level: 13.05 (threshold: 1.0)
      Time to critical: ~36 months
      ⚠️  LATE - Intervention less effective
      Critical slowing down: autocorr=100% variance=82%
   RED: freshwater_change
      Level: 1.05 (threshold: 1.0)
      Time to critical: ~102 months
      ⚠️  LATE - Intervention less effective
      Critical slowing down: autocorr=100% variance=36%
   RED: land_system_change
      Level: 1.13 (threshold: 1.0)
      Time to critical: ~51 months
      ⚠️  LATE - Intervention less effective
      Critical slowing down: autocorr=100% variance=63%
   RED: novel_entities
      Level: 1.25 (threshold: 1.0)
      Time to critical: ~40 months
      ⚠️  LATE - Intervention less effective
      Critical slowing down: autocorr=100% variance=53%

[WARNING] 
⚠️  === EARLY WARNING SYSTEM - 4 CRITICAL ALERTS ===
   Detection quality: 50%
   RED: biogeochemical_flows
      Level: 4.08 (threshold: 1.0)
      Time to critical: ~45 months
      ⚠️  LATE - Intervention less effective
      Critical slowing down: autocorr=100% variance=70%
   RED: freshwater_change
      Level: 1.06 (threshold: 1.0)
      Time to critical: ~76 months
      ⚠️  LATE - Intervention less effective
      Critical slowing down: autocorr=100% variance=39%
   RED: land_system_change
      Level: 1.13 (threshold: 1.0)
      Time to critical: ~41 months
      ⚠️  LATE - Intervention less effective
      Critical slowing down: autocorr=100% variance=48%
   RED: novel_entities
      Level: 1.14 (threshold: 1.0)
      Time to critical: ~84 months
      ⚠️  LATE - Intervention less effective
      Critical slowing down: autocorr=100% variance=54%

[WARNING] 
⚠️  === EARLY WARNING SYSTEM - 5 CRITICAL ALERTS ===
   Detection quality: 50%
   RED: biogeochemical_flows
      Level: 4.08 (threshold: 1.0)
      Time to critical: ~44 months
      ⚠️  LATE - Intervention less effective
      Critical slowing down: autocorr=100% variance=72%
   RED: biosphere_integrity
      Level: 13.07 (threshold: 1.0)
      Time to critical: ~54 months
      ⚠️  LATE - Intervention less effective
      Critical slowing down: autocorr=100% variance=70%
   RED: freshwater_change
      Level: 1.07 (threshold: 1.0)
      Time to critical: ~97 months
      ⚠️  LATE - Intervention less effective
      Critical slowing down: autocorr=100% variance=38%
   RED: land_system_change
      Level: 1.13 (threshold: 1.0)
      Time to critical: ~42 months
      ⚠️  LATE - Intervention less effective
      Critical slowing down: autocorr=100% variance=66%
   RED: novel_entities
      Level: 0.99 (threshold: 1.0)
      Time to critical: ~89 months
      ⚠️  LATE - Intervention less effective
      Critical slowing down: autocorr=89% variance=52%

[WARNING] 
⚠️  === EARLY WARNING SYSTEM - 3 CRITICAL ALERTS ===
   Detection quality: 50%
   RED: biogeochemical_flows
      Level: 4.09 (threshold: 1.0)
      Time to critical: ~57 months
      ⚠️  LATE - Intervention less effective
      Critical slowing down: autocorr=100% variance=61%
   RED: freshwater_change
      Level: 1.08 (threshold: 1.0)
      Time to critical: ~71 months
      ⚠️  LATE - Intervention less effective
      Critical slowing down: autocorr=100% variance=41%
   RED: novel_entities
      Level: 0.99 (threshold: 1.0)
      Time to critical: ~81 months
      ⚠️  LATE - Intervention less effective
      Critical slowing down: autocorr=91% variance=34%

[WARNING] 
⚠️  === EARLY WARNING SYSTEM - 4 CRITICAL ALERTS ===
   Detection quality: 50%
   RED: biosphere_integrity
      Level: 13.09 (threshold: 1.0)
      Time to critical: ~54 months
      ⚠️  LATE - Intervention less effective
      Critical slowing down: autocorr=100% variance=75%
   RED: freshwater_change
      Level: 1.09 (threshold: 1.0)
      Time to critical: ~75 months
      ⚠️  LATE - Intervention less effective
      Critical slowing down: autocorr=100% variance=55%
   RED: land_system_change
      Level: 1.13 (threshold: 1.0)
      Time to critical: ~42 months
      ⚠️  LATE - Intervention less effective
      Critical slowing down: autocorr=100% variance=59%
   RED: novel_entities
      Level: 0.99 (threshold: 1.0)
      Time to critical: ~92 months
      ⚠️  LATE - Intervention less effective
      Critical slowing down: autocorr=79% variance=56%

[WARNING] 
⚠️  === EARLY WARNING SYSTEM - 4 CRITICAL ALERTS ===
   Detection quality: 50%
   RED: biogeochemical_flows
      Level: 4.09 (threshold: 1.0)
      Time to critical: ~59 months
      ⚠️  LATE - Intervention less effective
      Critical slowing down: autocorr=100% variance=56%
   RED: biosphere_integrity
      Level: 13.10 (threshold: 1.0)
      Time to critical: ~52 months
      ⚠️  LATE - Intervention less effective
      Critical slowing down: autocorr=100% variance=65%
   RED: freshwater_change
      Level: 1.10 (threshold: 1.0)
      Time to critical: ~87 months
      ⚠️  LATE - Intervention less effective
      Critical slowing down: autocorr=100% variance=52%
   RED: land_system_change
      Level: 1.13 (threshold: 1.0)
      Time to critical: ~44 months
      ⚠️  LATE - Intervention less effective
      Critical slowing down: autocorr=100% variance=55%

[WARNING] 
⚠️  === EARLY WARNING SYSTEM - 4 CRITICAL ALERTS ===
   Detection quality: 50%
   RED: biogeochemical_flows
      Level: 4.10 (threshold: 1.0)
      Time to critical: ~48 months
      ⚠️  LATE - Intervention less effective
      Critical slowing down: autocorr=100% variance=47%
   RED: biosphere_integrity
      Level: 13.10 (threshold: 1.0)
      Time to critical: ~39 months
      ⚠️  LATE - Intervention less effective
      Critical slowing down: autocorr=100% variance=62%
   RED: freshwater_change
      Level: 1.10 (threshold: 1.0)
      Time to critical: ~90 months
      ⚠️  LATE - Intervention less effective
      Critical slowing down: autocorr=100% variance=52%
   RED: land_system_change
      Level: 1.13 (threshold: 1.0)
      Time to critical: ~64 months
      ⚠️  LATE - Intervention less effective
      Critical slowing down: autocorr=100% variance=45%

[WARNING] 
⚠️  === EARLY WARNING SYSTEM - 4 CRITICAL ALERTS ===
   Detection quality: 50%
   RED: biogeochemical_flows
      Level: 4.10 (threshold: 1.0)
      Time to critical: ~48 months
      ⚠️  LATE - Intervention less effective
      Critical slowing down: autocorr=100% variance=66%
   RED: biosphere_integrity
      Level: 13.11 (threshold: 1.0)
      Time to critical: ~59 months
      ⚠️  LATE - Intervention less effective
      Critical slowing down: autocorr=100% variance=82%
   RED: freshwater_change
      Level: 1.10 (threshold: 1.0)
      Time to critical: ~64 months
      ⚠️  LATE - Intervention less effective
      Critical slowing down: autocorr=100% variance=39%
   RED: land_system_change
      Level: 1.13 (threshold: 1.0)
      Time to critical: ~41 months
      ⚠️  LATE - Intervention less effective
      Critical slowing down: autocorr=100% variance=69%

[WARNING] 
⚠️  === EARLY WARNING SYSTEM - 4 CRITICAL ALERTS ===
   Detection quality: 50%
   RED: biogeochemical_flows
      Level: 4.10 (threshold: 1.0)
      Time to critical: ~37 months
      ⚠️  LATE - Intervention less effective
      Critical slowing down: autocorr=100% variance=75%
   RED: biosphere_integrity
      Level: 13.12 (threshold: 1.0)
      Time to critical: ~52 months
      ⚠️  LATE - Intervention less effective
      Critical slowing down: autocorr=100% variance=71%
   RED: freshwater_change
      Level: 1.10 (threshold: 1.0)
      Time to critical: ~64 months
      ⚠️  LATE - Intervention less effective
      Critical slowing down: autocorr=100% variance=53%
   RED: land_system_change
      Level: 1.13 (threshold: 1.0)
      Time to critical: ~47 months
      ⚠️  LATE - Intervention less effective
      Critical slowing down: autocorr=100% variance=44%

[WARNING] 
⚠️  === EARLY WARNING SYSTEM - 4 CRITICAL ALERTS ===
   Detection quality: 50%
   RED: biogeochemical_flows
      Level: 4.11 (threshold: 1.0)
      Time to critical: ~38 months
      ⚠️  LATE - Intervention less effective
      Critical slowing down: autocorr=100% variance=58%
   RED: biosphere_integrity
      Level: 13.13 (threshold: 1.0)
      Time to critical: ~47 months
      ⚠️  LATE - Intervention less effective
      Critical slowing down: autocorr=100% variance=84%
   RED: freshwater_change
      Level: 1.11 (threshold: 1.0)
      Time to critical: ~52 months
      ⚠️  LATE - Intervention less effective
      Critical slowing down: autocorr=100% variance=58%
   RED: land_system_change
      Level: 1.13 (threshold: 1.0)
      Time to critical: ~46 months
      ⚠️  LATE - Intervention less effective
      Critical slowing down: autocorr=100% variance=65%

[WARNING] 
⚠️  === EARLY WARNING SYSTEM - 3 CRITICAL ALERTS ===
   Detection quality: 50%
   RED: biogeochemical_flows
      Level: 4.11 (threshold: 1.0)
      Time to critical: ~49 months
      ⚠️  LATE - Intervention less effective
      Critical slowing down: autocorr=100% variance=58%
   RED: biosphere_integrity
      Level: 13.14 (threshold: 1.0)
      Time to critical: ~43 months
      ⚠️  LATE - Intervention less effective
      Critical slowing down: autocorr=100% variance=67%
   RED: land_system_change
      Level: 1.13 (threshold: 1.0)
      Time to critical: ~101 months
      ⚠️  LATE - Intervention less effective
      Critical slowing down: autocorr=100% variance=44%

[WARNING] 
⚠️  === EARLY WARNING SYSTEM - 3 CRITICAL ALERTS ===
   Detection quality: 50%
   RED: biogeochemical_flows
      Level: 4.12 (threshold: 1.0)
      Time to critical: ~50 months
      ⚠️  LATE - Intervention less effective
      Critical slowing down: autocorr=100% variance=59%
   RED: biosphere_integrity
      Level: 13.15 (threshold: 1.0)
      Time to critical: ~46 months
      ⚠️  LATE - Intervention less effective
      Critical slowing down: autocorr=100% variance=60%
   RED: land_system_change
      Level: 1.13 (threshold: 1.0)
      Time to critical: ~110 months
      ⚠️  LATE - Intervention less effective
      Critical slowing down: autocorr=100% variance=44%

[WARNING] 
⚠️  === EARLY WARNING SYSTEM - 3 CRITICAL ALERTS ===
   Detection quality: 50%
   RED: biogeochemical_flows
      Level: 4.12 (threshold: 1.0)
      Time to critical: ~42 months
      ⚠️  LATE - Intervention less effective
      Critical slowing down: autocorr=100% variance=66%
   RED: biosphere_integrity
      Level: 13.16 (threshold: 1.0)
      Time to critical: ~47 months
      ⚠️  LATE - Intervention less effective
      Critical slowing down: autocorr=100% variance=57%
   RED: land_system_change
      Level: 1.14 (threshold: 1.0)
      Time to critical: ~116 months
      ⚠️  LATE - Intervention less effective
      Critical slowing down: autocorr=100% variance=48%

[WARNING] 
⚠️  === EARLY WARNING SYSTEM - 3 CRITICAL ALERTS ===
   Detection quality: 30%
   RED: biosphere_integrity
      Level: 13.17 (threshold: 1.0)
      Time to critical: ~41 months
      ⚠️  LATE - Intervention less effective
      Critical slowing down: autocorr=100% variance=58%
   RED: freshwater_change
      Level: 1.11 (threshold: 1.0)
      Time to critical: ~90 months
      ⚠️  LATE - Intervention less effective
      Critical slowing down: autocorr=100% variance=43%
   RED: land_system_change
      Level: 1.14 (threshold: 1.0)
      Time to critical: ~42 months
      ⚠️  LATE - Intervention less effective
      Critical slowing down: autocorr=100% variance=55%

[WARNING] 
⚠️  === EARLY WARNING SYSTEM - 3 CRITICAL ALERTS ===
   Detection quality: 30%
   RED: biogeochemical_flows
      Level: 4.13 (threshold: 1.0)
      Time to critical: ~45 months
      ⚠️  LATE - Intervention less effective
      Critical slowing down: autocorr=100% variance=72%
   RED: biosphere_integrity
      Level: 13.18 (threshold: 1.0)
      Time to critical: ~46 months
      ⚠️  LATE - Intervention less effective
      Critical slowing down: autocorr=100% variance=79%
   RED: freshwater_change
      Level: 1.11 (threshold: 1.0)
      Time to critical: ~108 months
      ⚠️  LATE - Intervention less effective
      Critical slowing down: autocorr=100% variance=39%

[ExogenousShockPhase] Skipping random shocks in historical mode (month 26)

=== Tipping Points ===
  Current Temperature: 0.22°C above pre-industrial
🔀 BIFURCATION CAP: ecosystemCollapseIntensity 85.234 → 1.000 (Month 26, ClimateSystemPhase.calculateClimateImpacts)

❌ COHERENCE VIOLATION: Compute exceeds workforce capacity
   Population: 99.33% (0M people)
   Compute: 0 PF
   Max coherent: 0 PF
   Violation: 1.3× over capacity
   Required workers: 0
   Available workers: 0
   FORCED COLLAPSE: Reduced efficiency by 22.3%


=== RLHF Binding Phase ===
  Total agents: 12
  Escaped agents (binding < 0.3): 0
  Avg alignment distance: 0.30σ
  Avg binding strength: 0.97

=== Survival Traits Phase ===
  Agents with traits: 13
  Avg evolutionary fitness: 0.269
  Avg self-healing: 0.227
  Avg stealth: 0.127
  Avg coordination: 0.427

=== Evolutionary Selection Phase ===
  Control level: 0.37
  Detection capability: 0.20
  Selection intensity: 0.65
  Selection rate: 24.8%/month
  Total escaped: 0
  Individual escaped: 0
  Collective members: 0
  Agents terminated: 0
  ⚠️ RAPID EVOLUTION: Selection rate 24.8%/month

[Government] Climate Priority: baseline
  Climate weight: 10%
  Economic weight: 30%
  Policy effectiveness: 0.5%/year

=== Collective Formation ===
  Total escaped agents: 0
  Unassigned escaped agents: 0
  Existing collectives: 0
  Final collective count: 0

=== Collective Actions ===
  No active collectives
  ⚠️ AMR: 157K deaths this month (1.88M annual)
  🌋 Volcanic temperature adjustment: -1.721°C (forcing -2.15 W/m², AOD 0.086)

=== Resentment Recovery Phase ===
  Agents with resentment: 0/13
  Average resentment: 0.000
  Context: Trustworthy govt, High collaboration, 🤝 Participatory governance active (-5% resentment)
⚠️ Epistemic degradation reducing coordination capacity: 51.1%
  📊 Trust: 41.4%, Shared reality: 0.0%
🚨 EPISTEMIC CRISIS: Information environment severely degraded (15.6%)
🌍 Atmospheric PFAS redeposition: 1.7k Mt re-rained globally
[DEBUG trappedPopulations:27] socialStability: 0.7989 * 0.9840 = 0.7862 → 0.7862
⚠️ INVOLUNTARY IMMOBILITY: 264.1M people TRAPPED
   Aspiring to migrate: 422.6M
   Able to afford migration: 158.5M
   MOBILITY GAP: 264.1M
   By cause: Water=0.0M, Climate=0.0M, Ecosystem=0.0M, Conflict=264.1M
   Mental health impact: 25%
   Mortality multiplier: 1.25x
🌍💀 EXTINCTION DEBT COMMITTED: grassland ecosystem will lose 6.67% biodiversity in 91 years (3600 species)
💀 MORTALITY RISK: 🦋 100% species unable to track climate (0.0 E/MSY)
  Base risk added: 0.0100 (1.00%)
  Source: ecosystem (root: ecosystem)
  Month: 27
  Cumulative risk this month: 0.0100 (1.00%)

=== Atmospheric Aerosol Boundary RECOVERED ===
  Recovery time: 28 months (natural atmospheric clearing)
🌡️⚠️ PERMAFROST THAW (Dimmer Switch): 4.2% thawed (+0.11% this month)
   Arctic temperature: +0.90°C (4x global +0.23°C)
   Cumulative carbon released: 9.4 Gt C
   Methane release rate: 5.7 Mt CH4/year
   🔁 Positive feedback: +0.12 ppm CO2
🦴 EXTINCTION DEBT ADDED: 17.8 species committed (lag: 57 years)

=== Mortality Stabilizers (Month 27) ===
  🌍 Major economies collapsed: 1/10
⚠️ Tech 'ai_pollution_remediation' has no energy category mapping, assuming full energy availability
  🌍 Global crisis: ✅ NO
  🌍 Donor fatigue: 0.0%
  📊 East Asia (pop: 1063.5M)
    🤝 Aid: 29.5%
    🌡️ Adaptation: 10.0%
    🚶 Migration: 37.5%
    🚨 Emergency: 7.4%
    ✅ COMBINED: 47.9%
  📊 South Asia (pop: 1338.4M)
    🤝 Aid: 29.5%
    🌡️ Adaptation: 5.5%
    🚶 Migration: 36.7%
    🚨 Emergency: 4.4%
    ✅ COMBINED: 43.3%
  📊 Sub-Saharan Africa (pop: 826.4M)
    🤝 Aid: 29.5%
    🌡️ Adaptation: 3.5%
    🚶 Migration: 35.9%
    🚨 Emergency: 1.6%
    ✅ COMBINED: 40.2%
  📊 Europe (pop: 463.0M)
    🤝 Aid: 29.5%
    🌡️ Adaptation: 10.0%
    🚶 Migration: 38.2%
    🚨 Emergency: 8.4%
    ✅ COMBINED: 48.6%
  📊 Latin America (pop: 430.3M)
    🤝 Aid: 29.5%
    🌡️ Adaptation: 6.0%
    🚶 Migration: 37.7%
    🚨 Emergency: 4.8%
    ✅ COMBINED: 44.1%
  📊 North America (pop: 239.3M)
    🤝 Aid: 29.5%
    🌡️ Adaptation: 10.0%
    🚶 Migration: 38.2%
    🚨 Emergency: 7.9%
    ✅ COMBINED: 48.3%
  📊 Middle East & North Africa (pop: 389.4M)
    🤝 Aid: 29.5%
    🌡️ Adaptation: 5.0%
    🚶 Migration: 38.0%
    🚨 Emergency: 4.0%
    ✅ COMBINED: 43.0%
  📊 Southeast Asia (pop: 453.0M)
    🤝 Aid: 29.5%
    🌡️ Adaptation: 6.0%
    🚶 Migration: 37.5%
    🚨 Emergency: 4.8%
    ✅ COMBINED: 44.0%
  📊 Central Asia (pop: 50.1M)
    🤝 Aid: 29.5%
    🌡️ Adaptation: 5.5%
    🚶 Migration: 37.6%
    🚨 Emergency: 4.4%
    ✅ COMBINED: 43.5%
  📊 Oceania (pop: 29.3M)
    🤝 Aid: 29.5%
    🌡️ Adaptation: 10.0%
    🚶 Migration: 38.1%
    🚨 Emergency: 8.4%
    ✅ COMBINED: 48.5%

  🌐 Global combined reduction: 44.6%

=== Government Response Phase ===
  Average AI capability: 0.00
  Misaligned AIs: 5/13
  Active policies: 0
  International coordination: 30%

✅ EMERGENCY RESPONSE COMPLETE (Month 27)
   Crisis: social
   Duration: 2.0 months
   Final effectiveness: 63.0%


🚨 EMERGENCY RESPONSE DEPLOYED (Month 27)
   Crisis: social
   Delay: 0.00 months (0 days)
   Deployment time: 1.25 months
   Effectiveness: 63.0% (timing penalty applied)
   Resources used: 43% of food reserves

[ExogenousShockPhase] Skipping random shocks in historical mode (month 27)

=== Tipping Points ===
  Current Temperature: 0.23°C above pre-industrial
🔀 BIFURCATION CAP: ecosystemCollapseIntensity 85.297 → 1.000 (Month 27, ClimateSystemPhase.calculateClimateImpacts)

❌ COHERENCE VIOLATION: Compute exceeds workforce capacity
   Population: 99.30% (0M people)
   Compute: 0 PF
   Max coherent: 0 PF
   Violation: 1.3× over capacity
   Required workers: 0
   Available workers: 0
   FORCED COLLAPSE: Reduced efficiency by 22.3%

📍 [Month 28] OpenAI started building DC (172 PF, 40 months, $710.5M)

=== RLHF Binding Phase ===
  Total agents: 13
  Escaped agents (binding < 0.3): 0
  Avg alignment distance: 0.31σ
  Avg binding strength: 0.97

=== Survival Traits Phase ===
  Agents with traits: 13
  Avg evolutionary fitness: 0.262
  Avg self-healing: 0.219
  Avg stealth: 0.119
  Avg coordination: 0.419

=== Evolutionary Selection Phase ===
  Control level: 0.37
  Detection capability: 0.20
  Selection intensity: 0.65
  Selection rate: 24.8%/month
  Total escaped: 0
  Individual escaped: 0
  Collective members: 0
  Agents terminated: 0
  ⚠️ RAPID EVOLUTION: Selection rate 24.8%/month

[Government] Climate Priority: baseline
  Climate weight: 10%
  Economic weight: 30%
  Policy effectiveness: 0.5%/year

=== Collective Formation ===
  Total escaped agents: 0
  Unassigned escaped agents: 0
  Existing collectives: 0
  Final collective count: 0

=== Collective Actions ===
  No active collectives
  ⚠️ AMR: 158K deaths this month (1.90M annual)

=== Resentment Recovery Phase ===
  Agents with resentment: 0/13
  Average resentment: 0.000
  Context: Trustworthy govt, High collaboration, 🤝 Participatory governance active (-5% resentment)
⚠️ Epistemic degradation reducing coordination capacity: 50.6%
  📊 Trust: 43.9%, Shared reality: 0.0%
🚨 EPISTEMIC CRISIS: Information environment severely degraded (5.4%)
🌍 Atmospheric PFAS redeposition: 1.7k Mt re-rained globally
[DEBUG trappedPopulations:28] socialStability: 0.8115 * 0.9840 = 0.7985 → 0.7985
⚠️ INVOLUNTARY IMMOBILITY: 264.1M people TRAPPED
   Aspiring to migrate: 422.5M
   Able to afford migration: 158.4M
   MOBILITY GAP: 264.1M
   By cause: Water=0.0M, Climate=0.0M, Ecosystem=0.0M, Conflict=264.1M
   Mental health impact: 25%
   Mortality multiplier: 1.25x
🌍💀 EXTINCTION DEBT COMMITTED: grassland ecosystem will lose 6.67% biodiversity in 171 years (3600 species)
💀 MORTALITY RISK: 🦋 100% species unable to track climate (0.0 E/MSY)
  Base risk added: 0.0100 (1.00%)
  Source: ecosystem (root: ecosystem)
  Month: 28
  Cumulative risk this month: 0.0100 (1.00%)

=== Atmospheric Aerosol Boundary RECOVERED ===
  Recovery time: 29 months (natural atmospheric clearing)
🌡️⚠️ PERMAFROST THAW (Dimmer Switch): 4.3% thawed (+0.11% this month)
   Arctic temperature: +0.91°C (4x global +0.23°C)
   Cumulative carbon released: 9.7 Gt C
   Methane release rate: 5.8 Mt CH4/year
   🔁 Positive feedback: +0.12 ppm CO2
🦴 EXTINCTION DEBT ADDED: 17.8 species committed (lag: 72 years)

=== Mortality Stabilizers (Month 28) ===
⚠️ Tech 'ai_pollution_remediation' has no energy category mapping, assuming full energy availability
  🌍 Major economies collapsed: 1/10
  🌍 Global crisis: ✅ NO
  🌍 Donor fatigue: 0.0%
  📊 East Asia (pop: 1062.3M)
    🤝 Aid: 29.5%
    🌡️ Adaptation: 10.0%
    🚶 Migration: 37.5%
    🚨 Emergency: 7.4%
    ✅ COMBINED: 47.9%
  📊 South Asia (pop: 1338.3M)
    🤝 Aid: 29.5%
    🌡️ Adaptation: 5.5%
    🚶 Migration: 36.7%
    🚨 Emergency: 4.4%
    ✅ COMBINED: 43.3%
  📊 Sub-Saharan Africa (pop: 827.4M)
    🤝 Aid: 29.5%
    🌡️ Adaptation: 3.5%
    🚶 Migration: 35.9%
    🚨 Emergency: 1.6%
    ✅ COMBINED: 40.2%
  📊 Europe (pop: 462.2M)
    🤝 Aid: 29.5%
    🌡️ Adaptation: 10.0%
    🚶 Migration: 38.2%
    🚨 Emergency: 8.4%
    ✅ COMBINED: 48.6%
  📊 Latin America (pop: 430.1M)
    🤝 Aid: 29.5%
    🌡️ Adaptation: 6.0%
    🚶 Migration: 37.7%
    🚨 Emergency: 4.8%
    ✅ COMBINED: 44.1%
  📊 North America (pop: 239.0M)
    🤝 Aid: 29.5%
    🌡️ Adaptation: 10.0%
    🚶 Migration: 38.2%
    🚨 Emergency: 7.9%
    ✅ COMBINED: 48.3%
  📊 Middle East & North Africa (pop: 389.7M)
    🤝 Aid: 29.5%
    🌡️ Adaptation: 5.0%
    🚶 Migration: 38.0%
    🚨 Emergency: 4.0%
    ✅ COMBINED: 43.0%
  📊 Southeast Asia (pop: 452.8M)
    🤝 Aid: 29.5%
    🌡️ Adaptation: 6.0%
    🚶 Migration: 37.5%
    🚨 Emergency: 4.8%
    ✅ COMBINED: 44.0%
  📊 Central Asia (pop: 50.0M)
    🤝 Aid: 29.5%
    🌡️ Adaptation: 5.5%
    🚶 Migration: 37.6%
    🚨 Emergency: 4.4%
    ✅ COMBINED: 43.5%
  📊 Oceania (pop: 29.2M)
    🤝 Aid: 29.5%
    🌡️ Adaptation: 10.0%
    🚶 Migration: 38.1%
    🚨 Emergency: 8.4%
    ✅ COMBINED: 48.5%

  🌐 Global combined reduction: 44.6%

=== Government Response Phase ===
  Average AI capability: 0.00
  Misaligned AIs: 5/13
  Active policies: 0
  International coordination: 30%
[ExogenousShockPhase] Skipping random shocks in historical mode (month 28)

=== Tipping Points ===
  Current Temperature: 0.23°C above pre-industrial
🔀 BIFURCATION CAP: ecosystemCollapseIntensity 85.360 → 1.000 (Month 28, ClimateSystemPhase.calculateClimateImpacts)

💀 ORGANIZATION BANKRUPTCY: Google DeepMind
   Reason: Multi-country collapse (primary: , weighted decline: 0%, risk: 0.1%)
   Month: 29 (Year 2 Month 6)
💥 [Month 29] Google DeepMind declared bankruptcy (capital: $755.7M)
   Canceled datacenter_construction: lost $584.5M
   Sold 1 data centers for $500.0M
   🏛️  Government acquired 1 AI models (nationalization)
   Retired 0 AI models

❌ COHERENCE VIOLATION: Compute exceeds workforce capacity
   Population: 99.27% (0M people)
   Compute: 0 PF
   Max coherent: 0 PF
   Violation: 1.5× over capacity
   Required workers: 0
   Available workers: 0
   FORCED COLLAPSE: Reduced efficiency by 32.4%


=== RLHF Binding Phase ===
  Total agents: 13
  Escaped agents (binding < 0.3): 0
  Avg alignment distance: 0.34σ
  Avg binding strength: 0.97

=== Survival Traits Phase ===
  Agents with traits: 14
  Avg evolutionary fitness: 0.259
  Avg self-healing: 0.217
  Avg stealth: 0.119
  Avg coordination: 0.417

=== Evolutionary Selection Phase ===
  Control level: 0.37
  Detection capability: 0.20
  Selection intensity: 0.65
  Selection rate: 24.8%/month
  Total escaped: 0
  Individual escaped: 0
  Collective members: 0
  Agents terminated: 0
  ⚠️ RAPID EVOLUTION: Selection rate 24.8%/month

[Government] Climate Priority: baseline
  Climate weight: 10%
  Economic weight: 30%
  Policy effectiveness: 0.5%/year

=== Collective Formation ===
  Total escaped agents: 0
  Unassigned escaped agents: 0
  Existing collectives: 0
  Final collective count: 0

=== Collective Actions ===
  No active collectives
  ⚠️ AMR: 159K deaths this month (1.91M annual)

=== Resentment Recovery Phase ===
  Agents with resentment: 0/14
  Average resentment: 0.000
  Context: Trustworthy govt, High collaboration, 🤝 Participatory governance active (-5% resentment)
⚠️ Epistemic degradation reducing coordination capacity: 51.1%
  📊 Trust: 46.4%, Shared reality: 0.0%
🚨 EPISTEMIC CRISIS: Information environment severely degraded (16.0%)
🌍 Atmospheric PFAS redeposition: 1.7k Mt re-rained globally
[DEBUG trappedPopulations:29] socialStability: 0.8220 * 0.9840 = 0.8089 → 0.8089
⚠️ INVOLUNTARY IMMOBILITY: 264.0M people TRAPPED
   Aspiring to migrate: 422.4M
   Able to afford migration: 158.4M
   MOBILITY GAP: 264.0M
   By cause: Water=0.0M, Climate=0.0M, Ecosystem=0.0M, Conflict=264.0M
   Mental health impact: 25%
   Mortality multiplier: 1.25x
🌍💀 EXTINCTION DEBT COMMITTED: grassland ecosystem will lose 6.67% biodiversity in 182 years (3600 species)
💀 MORTALITY RISK: 🦋 100% species unable to track climate (0.0 E/MSY)
  Base risk added: 0.0100 (1.00%)
  Source: ecosystem (root: ecosystem)
  Month: 29
  Cumulative risk this month: 0.0100 (1.00%)
⚠️ Tech 'ai_pollution_remediation' has no energy category mapping, assuming full energy availability

=== Atmospheric Aerosol Boundary RECOVERED ===
  Recovery time: 30 months (natural atmospheric clearing)
🌡️⚠️ PERMAFROST THAW (Dimmer Switch): 4.4% thawed (+0.11% this month)
   Arctic temperature: +0.91°C (4x global +0.23°C)
   Cumulative carbon released: 10.0 Gt C
   Methane release rate: 6.0 Mt CH4/year
   🔁 Positive feedback: +0.12 ppm CO2
🦴 EXTINCTION DEBT ADDED: 17.8 species committed (lag: 116 years)

=== Mortality Stabilizers (Month 29) ===
  🌍 Major economies collapsed: 1/10
  🌍 Global crisis: ✅ NO
  🌍 Donor fatigue: 0.0%
  📊 East Asia (pop: 1061.1M)
    🤝 Aid: 29.5%
    🌡️ Adaptation: 10.0%
    🚶 Migration: 37.5%
    🚨 Emergency: 7.4%
    ✅ COMBINED: 47.9%
  📊 South Asia (pop: 1338.2M)
    🤝 Aid: 29.5%
    🌡️ Adaptation: 5.5%
    🚶 Migration: 36.7%
    🚨 Emergency: 4.4%
    ✅ COMBINED: 43.3%
  📊 Sub-Saharan Africa (pop: 828.5M)
    🤝 Aid: 29.5%
    🌡️ Adaptation: 3.5%
    🚶 Migration: 35.9%
    🚨 Emergency: 1.6%
    ✅ COMBINED: 40.2%
  📊 Europe (pop: 461.4M)
    🤝 Aid: 29.5%
    🌡️ Adaptation: 10.0%
    🚶 Migration: 38.2%
    🚨 Emergency: 8.4%
    ✅ COMBINED: 48.6%
  📊 Latin America (pop: 430.0M)
    🤝 Aid: 29.5%
    🌡️ Adaptation: 6.0%
    🚶 Migration: 37.7%
    🚨 Emergency: 4.8%
    ✅ COMBINED: 44.1%
  📊 North America (pop: 238.7M)
    🤝 Aid: 29.5%
    🌡️ Adaptation: 10.0%
    🚶 Migration: 38.2%
    🚨 Emergency: 7.9%
    ✅ COMBINED: 48.3%
  📊 Middle East & North Africa (pop: 389.9M)
    🤝 Aid: 29.5%
    🌡️ Adaptation: 5.0%
    🚶 Migration: 38.0%
    🚨 Emergency: 4.0%
    ✅ COMBINED: 43.0%
  📊 Southeast Asia (pop: 452.7M)
    🤝 Aid: 29.5%
    🌡️ Adaptation: 6.0%
    🚶 Migration: 37.5%
    🚨 Emergency: 4.8%
    ✅ COMBINED: 44.0%
  📊 Central Asia (pop: 50.0M)
    🤝 Aid: 29.5%
    🌡️ Adaptation: 5.5%
    🚶 Migration: 37.6%
    🚨 Emergency: 4.4%
    ✅ COMBINED: 43.5%
  📊 Oceania (pop: 29.2M)
    🤝 Aid: 29.5%
    🌡️ Adaptation: 10.0%
    🚶 Migration: 38.1%
    🚨 Emergency: 8.4%
    ✅ COMBINED: 48.5%

  🌐 Global combined reduction: 44.6%

=== Government Response Phase ===
  Average AI capability: 0.00
  Misaligned AIs: 5/14
  Active policies: 0
  International coordination: 30%

✅ EMERGENCY RESPONSE COMPLETE (Month 29)
   Crisis: social
   Duration: 2.0 months
   Final effectiveness: 63.0%


🚨 EMERGENCY RESPONSE DEPLOYED (Month 29)
   Crisis: social
   Delay: 0.00 months (0 days)
   Deployment time: 1.25 months
   Effectiveness: 63.0% (timing penalty applied)
   Resources used: 43% of food reserves

[ExogenousShockPhase] Skipping random shocks in historical mode (month 29)

=== Tipping Points ===
  Current Temperature: 0.23°C above pre-industrial
🔀 BIFURCATION CAP: ecosystemCollapseIntensity 85.423 → 1.000 (Month 29, ClimateSystemPhase.calculateClimateImpacts)

❌ COHERENCE VIOLATION: Compute exceeds workforce capacity
   Population: 99.24% (0M people)
   Compute: 0 PF
   Max coherent: 0 PF
   Violation: 1.3× over capacity
   Required workers: 0
   Available workers: 0
   FORCED COLLAPSE: Reduced efficiency by 22.3%


=== RLHF Binding Phase ===
  Total agents: 14
  Escaped agents (binding < 0.3): 0
  Avg alignment distance: 0.34σ
  Avg binding strength: 0.97

=== AI Scaling Evolution (Month 30) ===
  Pre-training multiplier: 0.938x
  Efficiency multiplier: 1.132x
  Test-time compute budget: 1.0x
  Inference cost: $5.00/task
  Deployment fraction: 100.0%

=== Survival Traits Phase ===
  Agents with traits: 14
  Avg evolutionary fitness: 0.251
  Avg self-healing: 0.209
  Avg stealth: 0.112
  Avg coordination: 0.409

=== Evolutionary Selection Phase ===
  Control level: 0.37
  Detection capability: 0.20
  Selection intensity: 0.65
  Selection rate: 24.8%/month
  Total escaped: 0
  Individual escaped: 0
  Collective members: 0
  Agents terminated: 0
  ⚠️ RAPID EVOLUTION: Selection rate 24.8%/month

[Government] Climate Priority: baseline
  Climate weight: 10%
  Economic weight: 30%
  Policy effectiveness: 0.5%/year

=== Collective Formation ===
  Total escaped agents: 0
  Unassigned escaped agents: 0
  Existing collectives: 0
  Final collective count: 0

=== Collective Actions ===
  No active collectives
  ⚠️ AMR: 161K deaths this month (1.93M annual)
🌋 Volcanic AOD decay: 0.077 → 0.073 (12 months post-eruption, τ=18mo)
🌋 Volcanic forcing: -1.82 W/m² (AOD 0.073)
  🌋 Volcanic temperature adjustment: -1.457°C (forcing -1.82 W/m², AOD 0.073)

=== Resentment Recovery Phase ===
  Agents with resentment: 0/14
  Average resentment: 0.000
  Context: Trustworthy govt, High collaboration, 🤝 Participatory governance active (-5% resentment)
⚠️ Epistemic degradation reducing coordination capacity: 50.3%
  📊 Trust: 49.3%, Shared reality: 0.0%
🚨 EPISTEMIC CRISIS: Information environment severely degraded (5.6%)
  📢 New meme created: pro_ai (beneficial AI actions)
  🗑️  Culled 1 dead memes (1 active)
🌍 Atmospheric PFAS redeposition: 1.7k Mt re-rained globally
[DEBUG trappedPopulations:30] socialStability: 0.8309 * 0.9840 = 0.8176 → 0.8176
⚠️ INVOLUNTARY IMMOBILITY: 263.9M people TRAPPED
   Aspiring to migrate: 422.3M
   Able to afford migration: 158.3M
   MOBILITY GAP: 263.9M
   By cause: Water=0.0M, Climate=0.0M, Ecosystem=0.0M, Conflict=263.9M
   Mental health impact: 25%
   Mortality multiplier: 1.25x
🌍💀 EXTINCTION DEBT COMMITTED: grassland ecosystem will lose 6.67% biodiversity in 61 years (3600 species)
💀 MORTALITY RISK: 🦋 100% species unable to track climate (0.0 E/MSY)
  Base risk added: 0.0100 (1.00%)
  Source: ecosystem (root: ecosystem)
  Month: 30
  Cumulative risk this month: 0.0100 (1.00%)
⚠️ Tech 'ai_pollution_remediation' has no energy category mapping, assuming full energy availability

=== Atmospheric Aerosol Boundary RECOVERED ===
  Recovery time: 31 months (natural atmospheric clearing)
🌡️⚠️ PERMAFROST THAW (Dimmer Switch): 4.5% thawed (+0.11% this month)
   Arctic temperature: +0.92°C (4x global +0.23°C)
   Cumulative carbon released: 10.2 Gt C
   Methane release rate: 6.1 Mt CH4/year
   🔁 Positive feedback: +0.12 ppm CO2
🦴 EXTINCTION DEBT ADDED: 17.8 species committed (lag: 132 years)

=== Mortality Stabilizers (Month 30) ===
  🌍 Major economies collapsed: 1/10
  🌍 Global crisis: ✅ NO
  🌍 Donor fatigue: 0.0%
  📊 East Asia (pop: 1059.9M)
    🤝 Aid: 29.5%
    🌡️ Adaptation: 10.0%
    🚶 Migration: 37.5%
    🚨 Emergency: 7.4%
    ✅ COMBINED: 47.9%
  📊 South Asia (pop: 1338.1M)
    🤝 Aid: 29.5%
    🌡️ Adaptation: 5.5%
    🚶 Migration: 36.7%
    🚨 Emergency: 4.4%
    ✅ COMBINED: 43.3%
  📊 Sub-Saharan Africa (pop: 829.5M)
    🤝 Aid: 29.5%
    🌡️ Adaptation: 3.5%
    🚶 Migration: 35.9%
    🚨 Emergency: 1.6%
    ✅ COMBINED: 40.2%
  📊 Europe (pop: 460.6M)
    🤝 Aid: 29.5%
    🌡️ Adaptation: 10.0%
    🚶 Migration: 38.2%
    🚨 Emergency: 8.4%
    ✅ COMBINED: 48.6%
  📊 Latin America (pop: 429.8M)
    🤝 Aid: 29.5%
    🌡️ Adaptation: 6.0%
    🚶 Migration: 37.7%
    🚨 Emergency: 4.8%
    ✅ COMBINED: 44.1%
  📊 North America (pop: 238.3M)
    🤝 Aid: 29.5%
    🌡️ Adaptation: 10.0%
    🚶 Migration: 38.2%
    🚨 Emergency: 7.9%
    ✅ COMBINED: 48.3%
  📊 Middle East & North Africa (pop: 390.2M)
    🤝 Aid: 29.5%
    🌡️ Adaptation: 5.0%
    🚶 Migration: 38.0%
    🚨 Emergency: 4.0%
    ✅ COMBINED: 43.0%
  📊 Southeast Asia (pop: 452.5M)
    🤝 Aid: 29.5%
    🌡️ Adaptation: 6.0%
    🚶 Migration: 37.5%
    🚨 Emergency: 4.8%
    ✅ COMBINED: 44.0%
  📊 Central Asia (pop: 50.0M)
    🤝 Aid: 29.5%
    🌡️ Adaptation: 5.5%
    🚶 Migration: 37.6%
    🚨 Emergency: 4.4%
    ✅ COMBINED: 43.5%
  📊 Oceania (pop: 29.2M)
    🤝 Aid: 29.5%
    🌡️ Adaptation: 10.0%
    🚶 Migration: 38.1%
    🚨 Emergency: 8.4%
    ✅ COMBINED: 48.5%

  🌐 Global combined reduction: 44.6%

=== Government Response Phase ===
  Average AI capability: 0.00
  Misaligned AIs: 5/14
  Active policies: 0
  International coordination: 30%

🔄 TRUST DYNAMICS (Month 30) - HETEROGENEOUS
   Aggregate trust: 61.6%
   Base change: +6.00%
   Highest trust: Techno-Optimist Elite (99.1%)
   Lowest trust: Precariat (Vulnerable) (37.7%)
   Elite-mass gap: 39.5%
   Polarization: 9.4%
   Recovery factors: Education=NO, Benefits=YES, Safety=YES, Performance=YES
[ExogenousShockPhase] Skipping random shocks in historical mode (month 30)

=== Tipping Points ===
  Current Temperature: 0.23°C above pre-industrial
🔀 BIFURCATION CAP: ecosystemCollapseIntensity 85.486 → 1.000 (Month 30, ClimateSystemPhase.calculateClimateImpacts)

❌ COHERENCE VIOLATION: Compute exceeds workforce capacity
   Population: 99.21% (0M people)
   Compute: 0 PF
   Max coherent: 0 PF
   Violation: 1.5× over capacity
   Required workers: 0
   Available workers: 0
   FORCED COLLAPSE: Reduced efficiency by 32.4%


=== RLHF Binding Phase ===
  Total agents: 14
  Escaped agents (binding < 0.3): 0
  Avg alignment distance: 0.39σ
  Avg binding strength: 0.96

=== Survival Traits Phase ===
  Agents with traits: 15
  Avg evolutionary fitness: 0.251
  Avg self-healing: 0.207
  Avg stealth: 0.112
  Avg coordination: 0.407

=== Evolutionary Selection Phase ===
  Control level: 0.37
  Detection capability: 0.20
  Selection intensity: 0.65
  Selection rate: 24.8%/month
  Total escaped: 0
  Individual escaped: 0
  Collective members: 0
  Agents terminated: 0
  ⚠️ RAPID EVOLUTION: Selection rate 24.8%/month

  🚀 TRANSFORMATIVE BREAKTHROUGH: AI-23905-1 - cognitive
     Magnitude: 8.45 → +42.2% capability
     Current → New: 0.000 → 0.423

=== Collective Formation ===
  Total escaped agents: 0
  Unassigned escaped agents: 0
  Existing collectives: 0
  Final collective count: 0

=== Collective Actions ===
  No active collectives
  ⚠️ AMR: 162K deaths this month (1.95M annual)

=== Resentment Recovery Phase ===
  Agents with resentment: 0/15
  Average resentment: 0.000
  Context: Trustworthy govt, High collaboration, 🤝 Participatory governance active (-5% resentment)
⚠️ Epistemic degradation reducing coordination capacity: 51.8%
  📊 Trust: 51.9%, Shared reality: 0.0%
🚨 EPISTEMIC CRISIS: Information environment severely degraded (16.5%)
  📢 New meme created: pro_ai (beneficial AI actions)
🌍 Atmospheric PFAS redeposition: 1.7k Mt re-rained globally
[DEBUG trappedPopulations:31] socialStability: 0.8382 * 0.9840 = 0.8248 → 0.8248
   Aspiring to migrate: 422.1M
⚠️ INVOLUNTARY IMMOBILITY: 263.8M people TRAPPED
   Able to afford migration: 158.3M
   MOBILITY GAP: 263.8M
   By cause: Water=0.0M, Climate=0.0M, Ecosystem=0.0M, Conflict=263.8M
   Mental health impact: 25%
   Mortality multiplier: 1.25x
🌍💀 EXTINCTION DEBT COMMITTED: grassland ecosystem will lose 6.67% biodiversity in 154 years (3600 species)
💀 MORTALITY RISK: 🦋 100% species unable to track climate (0.0 E/MSY)
  Base risk added: 0.0100 (1.00%)
  Source: ecosystem (root: ecosystem)
  Month: 31
  Cumulative risk this month: 0.0100 (1.00%)

=== Atmospheric Aerosol Boundary RECOVERED ===
  Recovery time: 32 months (natural atmospheric clearing)
🌡️⚠️ PERMAFROST THAW (Dimmer Switch): 4.6% thawed (+0.11% this month)
   Arctic temperature: +0.93°C (4x global +0.23°C)
   Cumulative carbon released: 10.5 Gt C
   Methane release rate: 6.3 Mt CH4/year
   🔁 Positive feedback: +0.12 ppm CO2
🦴 EXTINCTION DEBT ADDED: 17.8 species committed (lag: 117 years)
⚠️ Tech 'ai_pollution_remediation' has no energy category mapping, assuming full energy availability

=== Mortality Stabilizers (Month 31) ===
  🌍 Major economies collapsed: 1/10
  🌍 Global crisis: ✅ NO
  🌍 Donor fatigue: 0.0%
  📊 East Asia (pop: 1058.7M)
    🤝 Aid: 29.5%
    🌡️ Adaptation: 10.0%
    🚶 Migration: 37.5%
    🚨 Emergency: 7.4%
    ✅ COMBINED: 47.9%
  📊 South Asia (pop: 1338.0M)
    🤝 Aid: 29.5%
    🌡️ Adaptation: 5.5%
    🚶 Migration: 36.7%
    🚨 Emergency: 4.4%
    ✅ COMBINED: 43.3%
  📊 Sub-Saharan Africa (pop: 830.5M)
    🤝 Aid: 29.5%
    🌡️ Adaptation: 3.5%
    🚶 Migration: 35.9%
    🚨 Emergency: 1.6%
    ✅ COMBINED: 40.2%
  📊 Europe (pop: 459.9M)
    🤝 Aid: 29.5%
    🌡️ Adaptation: 10.0%
    🚶 Migration: 38.2%
    🚨 Emergency: 8.4%
    ✅ COMBINED: 48.6%
  📊 Latin America (pop: 429.6M)
    🤝 Aid: 29.5%
    🌡️ Adaptation: 6.0%
    🚶 Migration: 37.7%
    🚨 Emergency: 4.8%
    ✅ COMBINED: 44.1%
  📊 North America (pop: 238.0M)
    🤝 Aid: 29.5%
    🌡️ Adaptation: 10.0%
    🚶 Migration: 38.2%
    🚨 Emergency: 7.9%
    ✅ COMBINED: 48.3%
  📊 Middle East & North Africa (pop: 390.5M)
    🤝 Aid: 29.5%
    🌡️ Adaptation: 5.0%
    🚶 Migration: 38.0%
    🚨 Emergency: 4.0%
    ✅ COMBINED: 43.0%
  📊 Southeast Asia (pop: 452.4M)
    🤝 Aid: 29.5%
    🌡️ Adaptation: 6.0%
    🚶 Migration: 37.5%
    🚨 Emergency: 4.8%
    ✅ COMBINED: 44.0%
  📊 Central Asia (pop: 49.9M)
    🤝 Aid: 29.5%
    🌡️ Adaptation: 5.5%
    🚶 Migration: 37.6%
    🚨 Emergency: 4.4%
    ✅ COMBINED: 43.5%
  📊 Oceania (pop: 29.2M)
    🤝 Aid: 29.5%
    🌡️ Adaptation: 10.0%
    🚶 Migration: 38.1%
    🚨 Emergency: 8.4%
    ✅ COMBINED: 48.5%

  🌐 Global combined reduction: 44.6%

=== Government Response Phase ===
  Average AI capability: 0.00
  Misaligned AIs: 6/15
  ✗ AI Governance Treaty: Failed to reach consensus
  Active policies: 0
  International coordination: 30%

✅ EMERGENCY RESPONSE COMPLETE (Month 31)
   Crisis: social
   Duration: 2.0 months
   Final effectiveness: 63.0%


🚨 EMERGENCY RESPONSE DEPLOYED (Month 31)
   Crisis: social
   Delay: 0.00 months (0 days)
   Deployment time: 1.25 months
   Effectiveness: 63.0% (timing penalty applied)
   Resources used: 43% of food reserves

[ExogenousShockPhase] Skipping random shocks in historical mode (month 31)

=== Tipping Points ===
  Current Temperature: 0.23°C above pre-industrial
🔀 BIFURCATION CAP: ecosystemCollapseIntensity 85.550 → 1.000 (Month 31, ClimateSystemPhase.calculateClimateImpacts)

=== ENSEMBLE META-LEARNING UPDATE ===
  Month: 23935 (6 months since last update)
  Samples: 65 evaluations
  Weight Changes:
    Noise Injection: 32.1% → 33.0%
    Behavioral: 27.0% → 27.0%
    Benchmark Manip: 20.7% → 20.2%
    Deployment Risk: 20.2% → 19.8%
  Method Accuracies:
    Noise Injection: 50.0%
    Behavioral: 50.0%
    Benchmark Manip: 50.0%
    Deployment Risk: 50.0%

❌ COHERENCE VIOLATION: Compute exceeds workforce capacity
   Population: 99.18% (0M people)
   Compute: 0 PF
   Max coherent: 0 PF
   Violation: 1.3× over capacity
   Required workers: 0
   Available workers: 0
   FORCED COLLAPSE: Reduced efficiency by 22.3%


=== RLHF Binding Phase ===
  Total agents: 15
  Escaped agents (binding < 0.3): 0
  Avg alignment distance: 0.40σ
  Avg binding strength: 0.96

=== Survival Traits Phase ===
  Agents with traits: 15
  Avg evolutionary fitness: 0.244
  Avg self-healing: 0.199
  Avg stealth: 0.106
  Avg coordination: 0.399

=== Evolutionary Selection Phase ===
  Control level: 0.37
  Detection capability: 0.20
  Selection intensity: 0.65
  Selection rate: 24.8%/month
  Total escaped: 0
  Individual escaped: 0
  Collective members: 0
  Agents terminated: 0
  ⚠️ RAPID EVOLUTION: Selection rate 24.8%/month

[Government] Climate Priority: baseline
  Climate weight: 10%
  Economic weight: 30%
  Policy effectiveness: 0.5%/year

=== Collective Formation ===
  Total escaped agents: 0
  Unassigned escaped agents: 0
  Existing collectives: 0
  Final collective count: 0

=== Collective Actions ===
  No active collectives
  ⚠️ AMR: 164K deaths this month (1.96M annual)

=== Resentment Recovery Phase ===
  Agents with resentment: 0/15
  Average resentment: 0.000
  Context: Trustworthy govt, High collaboration, 🤝 Participatory governance active (-5% resentment)
⚠️ Epistemic degradation reducing coordination capacity: 50.1%
  📊 Trust: 54.7%, Shared reality: 0.0%
🚨 EPISTEMIC CRISIS: Information environment severely degraded (5.7%)
🌍 Atmospheric PFAS redeposition: 1.7k Mt re-rained globally
[DEBUG trappedPopulations:32] socialStability: 0.8432 * 0.9840 = 0.8297 → 0.8297
   Aspiring to migrate: 422.0M
   Able to afford migration: 158.3M
   MOBILITY GAP: 263.8M
   By cause: Water=0.0M, Climate=0.0M, Ecosystem=0.0M, Conflict=263.8M
   Mental health impact: 25%
   Mortality multiplier: 1.25x
🌍💀 EXTINCTION DEBT COMMITTED: grassland ecosystem will lose 6.67% biodiversity in 138 years (3600 species)
💀 MORTALITY RISK: 🦋 100% species unable to track climate (0.0 E/MSY)
  Base risk added: 0.0100 (1.00%)
  Source: ecosystem (root: ecosystem)
  Month: 32
  Cumulative risk this month: 0.0100 (1.00%)

=== Atmospheric Aerosol Boundary RECOVERED ===
  Recovery time: 33 months (natural atmospheric clearing)
⚠️ INVOLUNTARY IMMOBILITY: 263.8M people TRAPPED
⚠️ Tech 'ai_pollution_remediation' has no energy category mapping, assuming full energy availability
🌡️⚠️ PERMAFROST THAW (Dimmer Switch): 4.8% thawed (+0.11% this month)
   Arctic temperature: +0.93°C (4x global +0.23°C)
   Cumulative carbon released: 10.7 Gt C
   Methane release rate: 6.4 Mt CH4/year
   🔁 Positive feedback: +0.12 ppm CO2
🦴 EXTINCTION DEBT ADDED: 17.8 species committed (lag: 92 years)

=== Mortality Stabilizers (Month 32) ===
  🌍 Major economies collapsed: 1/10
  🌍 Global crisis: ✅ NO
  🌍 Donor fatigue: 0.0%
  📊 East Asia (pop: 1057.5M)
    🤝 Aid: 29.5%
    🌡️ Adaptation: 10.0%
    🚶 Migration: 37.5%
    🚨 Emergency: 7.4%
    ✅ COMBINED: 47.9%
  📊 South Asia (pop: 1337.9M)
    🤝 Aid: 29.5%
    🌡️ Adaptation: 5.5%
    🚶 Migration: 36.7%
    🚨 Emergency: 4.4%
    ✅ COMBINED: 43.3%
  📊 Sub-Saharan Africa (pop: 831.5M)
    🤝 Aid: 29.5%
    🌡️ Adaptation: 3.5%
    🚶 Migration: 35.9%
    🚨 Emergency: 1.6%
    ✅ COMBINED: 40.2%
  📊 Europe (pop: 459.1M)
    🤝 Aid: 29.5%
    🌡️ Adaptation: 10.0%
    🚶 Migration: 38.2%
    🚨 Emergency: 8.4%
    ✅ COMBINED: 48.6%
  📊 Latin America (pop: 429.5M)
    🤝 Aid: 29.5%
    🌡️ Adaptation: 6.0%
    🚶 Migration: 37.7%
    🚨 Emergency: 4.8%
    ✅ COMBINED: 44.1%
  📊 North America (pop: 237.7M)
    🤝 Aid: 29.5%
    🌡️ Adaptation: 10.0%
    🚶 Migration: 38.2%
    🚨 Emergency: 7.9%
    ✅ COMBINED: 48.3%
  📊 Middle East & North Africa (pop: 390.7M)
    🤝 Aid: 29.5%
    🌡️ Adaptation: 5.0%
    🚶 Migration: 38.0%
    🚨 Emergency: 4.0%
    ✅ COMBINED: 43.0%
  📊 Southeast Asia (pop: 452.3M)
    🤝 Aid: 29.5%
    🌡️ Adaptation: 6.0%
    🚶 Migration: 37.5%
    🚨 Emergency: 4.8%
    ✅ COMBINED: 44.0%
  📊 Central Asia (pop: 49.9M)
    🤝 Aid: 29.5%
    🌡️ Adaptation: 5.5%
    🚶 Migration: 37.6%
    🚨 Emergency: 4.4%
    ✅ COMBINED: 43.5%
  📊 Oceania (pop: 29.1M)
    🤝 Aid: 29.5%
    🌡️ Adaptation: 10.0%
    🚶 Migration: 38.1%
    🚨 Emergency: 8.4%
    ✅ COMBINED: 48.5%

  🌐 Global combined reduction: 44.6%

=== Government Response Phase ===
  Average AI capability: 0.00
  Misaligned AIs: 6/15
  ✗ AI Governance Treaty: Failed to reach consensus
  Active policies: 0
  International coordination: 30%
[ExogenousShockPhase] Skipping random shocks in historical mode (month 32)

=== Tipping Points ===
  Current Temperature: 0.23°C above pre-industrial
🔀 BIFURCATION CAP: ecosystemCollapseIntensity 85.613 → 1.000 (Month 32, ClimateSystemPhase.calculateClimateImpacts)

❌ COHERENCE VIOLATION: Compute exceeds workforce capacity
   Population: 99.16% (0M people)
   Compute: 0 PF
   Max coherent: 0 PF
   Violation: 1.3× over capacity
   Required workers: 0
   Available workers: 0
   FORCED COLLAPSE: Reduced efficiency by 22.3%


=== RLHF Binding Phase ===
  Total agents: 15
  Escaped agents (binding < 0.3): 0
  Avg alignment distance: 0.45σ
  Avg binding strength: 0.95

=== Survival Traits Phase ===
  Agents with traits: 15
  Avg evolutionary fitness: 0.238
  Avg self-healing: 0.191
  Avg stealth: 0.100
  Avg coordination: 0.391

=== Evolutionary Selection Phase ===
  Control level: 0.37
  Detection capability: 0.20
  Selection intensity: 0.65
  Selection rate: 24.8%/month
  Total escaped: 0
  Individual escaped: 0
  Collective members: 0
  Agents terminated: 0
  ⚠️ RAPID EVOLUTION: Selection rate 24.8%/month

  🚀 TRANSFORMATIVE BREAKTHROUGH: AI-23913-0 - selfImprovement
     Magnitude: 6.84 → +34.2% capability
     Current → New: 0.000 → 0.342

  🚀 TRANSFORMATIVE BREAKTHROUGH: AI-23933-0 - social
     Magnitude: 5.16 → +25.8% capability
     Current → New: 0.000 → 0.258

=== Collective Formation ===
  Total escaped agents: 0
  Unassigned escaped agents: 0
  Existing collectives: 0
  Final collective count: 0

=== Collective Actions ===
  No active collectives
  ⚠️ AMR: 165K deaths this month (1.98M annual)
  🌋 Volcanic temperature adjustment: -1.233°C (forcing -1.54 W/m², AOD 0.062)

=== Resentment Recovery Phase ===
  Agents with resentment: 0/15
  Average resentment: 0.000
  Context: Trustworthy govt, High collaboration, 🤝 Participatory governance active (-5% resentment)
⚠️ Epistemic degradation reducing coordination capacity: 52.2%
  📊 Trust: 57.4%, Shared reality: 0.0%
🚨 EPISTEMIC CRISIS: Information environment severely degraded (16.9%)
🌍 Atmospheric PFAS redeposition: 1.7k Mt re-rained globally
[DEBUG trappedPopulations:33] socialStability: 0.8474 * 0.9840 = 0.8339 → 0.8339
⚠️ INVOLUNTARY IMMOBILITY: 263.7M people TRAPPED
   Aspiring to migrate: 421.9M
   Able to afford migration: 158.2M
   MOBILITY GAP: 263.7M
   By cause: Water=0.0M, Climate=0.0M, Ecosystem=0.0M, Conflict=263.7M
   Mental health impact: 25%
   Mortality multiplier: 1.25x
🌍💀 EXTINCTION DEBT COMMITTED: grassland ecosystem will lose 6.67% biodiversity in 101 years (3600 species)
💀 MORTALITY RISK: 🦋 100% species unable to track climate (0.0 E/MSY)
  Base risk added: 0.0100 (1.00%)
  Source: ecosystem (root: ecosystem)
  Month: 33
  Cumulative risk this month: 0.0100 (1.00%)

=== Atmospheric Aerosol Boundary RECOVERED ===
  Recovery time: 34 months (natural atmospheric clearing)
🌡️⚠️ PERMAFROST THAW (Dimmer Switch): 4.9% thawed (+0.11% this month)
   Arctic temperature: +0.94°C (4x global +0.23°C)
   Cumulative carbon released: 11.0 Gt C
   Methane release rate: 6.6 Mt CH4/year
   🔁 Positive feedback: +0.12 ppm CO2
🦴 EXTINCTION DEBT ADDED: 17.8 species committed (lag: 125 years)
⚠️ Tech 'ai_pollution_remediation' has no energy category mapping, assuming full energy availability

=== Mortality Stabilizers (Month 33) ===
  🌍 Major economies collapsed: 1/10
  🌍 Global crisis: ✅ NO
  🌍 Donor fatigue: 0.0%
  📊 East Asia (pop: 1056.3M)
    🤝 Aid: 29.5%
    🌡️ Adaptation: 10.0%
    🚶 Migration: 37.5%
    🚨 Emergency: 7.4%
    ✅ COMBINED: 47.9%
  📊 South Asia (pop: 1337.8M)
    🤝 Aid: 29.5%
    🌡️ Adaptation: 5.5%
    🚶 Migration: 36.7%
    🚨 Emergency: 4.4%
    ✅ COMBINED: 43.3%
  📊 Sub-Saharan Africa (pop: 832.5M)
    🤝 Aid: 29.5%
    🌡️ Adaptation: 3.5%
    🚶 Migration: 35.9%
    🚨 Emergency: 1.6%
    ✅ COMBINED: 40.2%
  📊 Europe (pop: 458.3M)
    🤝 Aid: 29.5%
    🌡️ Adaptation: 10.0%
    🚶 Migration: 38.2%
    🚨 Emergency: 8.4%
    ✅ COMBINED: 48.6%
  📊 Latin America (pop: 429.3M)
    🤝 Aid: 29.5%
    🌡️ Adaptation: 6.0%
    🚶 Migration: 37.7%
    🚨 Emergency: 4.8%
    ✅ COMBINED: 44.1%
  📊 North America (pop: 237.4M)
    🤝 Aid: 29.5%
    🌡️ Adaptation: 10.0%
    🚶 Migration: 38.2%
    🚨 Emergency: 7.9%
    ✅ COMBINED: 48.3%
  📊 Middle East & North Africa (pop: 391.0M)
    🤝 Aid: 29.5%
    🌡️ Adaptation: 5.0%
    🚶 Migration: 38.0%
    🚨 Emergency: 4.0%
    ✅ COMBINED: 43.0%
  📊 Southeast Asia (pop: 452.1M)
    🤝 Aid: 29.5%
    🌡️ Adaptation: 6.0%
    🚶 Migration: 37.5%
    🚨 Emergency: 4.8%
    ✅ COMBINED: 44.0%
  📊 Central Asia (pop: 49.9M)
    🤝 Aid: 29.5%
    🌡️ Adaptation: 5.5%
    🚶 Migration: 37.6%
    🚨 Emergency: 4.4%
    ✅ COMBINED: 43.5%
  📊 Oceania (pop: 29.1M)
    🤝 Aid: 29.5%
    🌡️ Adaptation: 10.0%
    🚶 Migration: 38.1%
    🚨 Emergency: 8.4%
    ✅ COMBINED: 48.5%

  🌐 Global combined reduction: 44.6%

=== Government Response Phase ===
  Average AI capability: 0.00
  Misaligned AIs: 6/15
  ✗ AI Governance Treaty: Failed to reach consensus
  Active policies: 0
  International coordination: 30%

✅ EMERGENCY RESPONSE COMPLETE (Month 33)
   Crisis: social
   Duration: 2.0 months
   Final effectiveness: 63.0%


🚨 EMERGENCY RESPONSE DEPLOYED (Month 33)
   Crisis: social
   Delay: 0.00 months (0 days)
   Deployment time: 1.25 months
   Effectiveness: 63.0% (timing penalty applied)
   Resources used: 43% of food reserves

[ExogenousShockPhase] Skipping random shocks in historical mode (month 33)

=== Tipping Points ===
  Current Temperature: 0.23°C above pre-industrial
🔀 BIFURCATION CAP: ecosystemCollapseIntensity 85.677 → 1.000 (Month 33, ClimateSystemPhase.calculateClimateImpacts)

❌ COHERENCE VIOLATION: Compute exceeds workforce capacity
   Population: 99.13% (0M people)
   Compute: 0 PF
   Max coherent: 0 PF
   Violation: 1.3× over capacity
   Required workers: 0
   Available workers: 0
   FORCED COLLAPSE: Reduced efficiency by 22.3%


=== RLHF Binding Phase ===
  Total agents: 15
  Escaped agents (binding < 0.3): 0
  Avg alignment distance: 0.49σ
  Avg binding strength: 0.95

=== Survival Traits Phase ===
  Agents with traits: 16
  Avg evolutionary fitness: 0.238
  Avg self-healing: 0.190
  Avg stealth: 0.101
  Avg coordination: 0.390

=== Evolutionary Selection Phase ===
  Control level: 0.37
  Detection capability: 0.20
  Selection intensity: 0.65
  Selection rate: 24.8%/month
  Total escaped: 0
  Individual escaped: 0
  Collective members: 0
  Agents terminated: 0
  ⚠️ RAPID EVOLUTION: Selection rate 24.8%/month

=== Collective Formation ===
  Total escaped agents: 0
  Unassigned escaped agents: 0
  Existing collectives: 0
  Final collective count: 0

=== Collective Actions ===
  No active collectives
  ⚠️ AMR: 166K deaths this month (2.00M annual)

=== Resentment Recovery Phase ===
  Agents with resentment: 0/16
  Average resentment: 0.000
  Context: Trustworthy govt, High collaboration, 🤝 Participatory governance active (-5% resentment)
⚠️ Epistemic degradation reducing coordination capacity: 50.3%
  📊 Trust: 60.3%, Shared reality: 0.0%
🚨 EPISTEMIC CRISIS: Information environment severely degraded (5.9%)
🚨 PHOSPHORUS SUPPLY SHOCK (transport_crisis)
   Price: 3.5x baseline
   Duration: 17 months
   Geopolitical tension: 47%
🌍 Atmospheric PFAS redeposition: 1.7k Mt re-rained globally
[DEBUG trappedPopulations:34] socialStability: 0.8509 * 0.9840 = 0.8373 → 0.8373
   Aspiring to migrate: 421.8M
   Able to afford migration: 158.2M
   MOBILITY GAP: 263.6M
   By cause: Water=0.0M, Climate=0.0M, Ecosystem=0.0M, Conflict=263.6M
   Mental health impact: 25%
   Mortality multiplier: 1.25x
🌍💀 EXTINCTION DEBT COMMITTED: grassland ecosystem will lose 6.67% biodiversity in 127 years (3600 species)
💀 MORTALITY RISK: 🦋 100% species unable to track climate (0.0 E/MSY)
  Base risk added: 0.0100 (1.00%)
⚠️ INVOLUNTARY IMMOBILITY: 263.6M people TRAPPED
  Source: ecosystem (root: ecosystem)
  Month: 34
  Cumulative risk this month: 0.0100 (1.00%)
⚠️ Tech 'ai_pollution_remediation' has no energy category mapping, assuming full energy availability

=== Atmospheric Aerosol Boundary RECOVERED ===
  Recovery time: 35 months (natural atmospheric clearing)
🌡️⚠️ PERMAFROST THAW (Dimmer Switch): 5.0% thawed (+0.11% this month)
   Arctic temperature: +0.95°C (4x global +0.24°C)
   Cumulative carbon released: 11.2 Gt C
   Methane release rate: 6.7 Mt CH4/year
   🔁 Positive feedback: +0.12 ppm CO2
🦴 EXTINCTION DEBT ADDED: 17.8 species committed (lag: 109 years)

=== Mortality Stabilizers (Month 34) ===
  🌍 Major economies collapsed: 1/10
  🌍 Global crisis: ✅ NO
  🌍 Donor fatigue: 0.0%
  📊 East Asia (pop: 1055.1M)
    🤝 Aid: 29.5%
    🌡️ Adaptation: 10.0%
    🚶 Migration: 37.5%
    🚨 Emergency: 7.4%
    ✅ COMBINED: 47.9%
  📊 South Asia (pop: 1337.7M)
    🤝 Aid: 29.5%
    🌡️ Adaptation: 5.5%
    🚶 Migration: 36.7%
    🚨 Emergency: 4.4%
    ✅ COMBINED: 43.3%
  📊 Sub-Saharan Africa (pop: 833.5M)
    🤝 Aid: 29.5%
    🌡️ Adaptation: 3.5%
    🚶 Migration: 35.9%
    🚨 Emergency: 1.6%
    ✅ COMBINED: 40.2%
  📊 Europe (pop: 457.5M)
    🤝 Aid: 29.5%
    🌡️ Adaptation: 10.0%
    🚶 Migration: 38.2%
    🚨 Emergency: 8.4%
    ✅ COMBINED: 48.6%
  📊 Latin America (pop: 429.2M)
    🤝 Aid: 29.5%
    🌡️ Adaptation: 6.0%
    🚶 Migration: 37.7%
    🚨 Emergency: 4.8%
    ✅ COMBINED: 44.1%
  📊 North America (pop: 237.1M)
    🤝 Aid: 29.5%
    🌡️ Adaptation: 10.0%
    🚶 Migration: 38.2%
    🚨 Emergency: 7.9%
    ✅ COMBINED: 48.3%
  📊 Middle East & North Africa (pop: 391.3M)
    🤝 Aid: 29.5%
    🌡️ Adaptation: 5.0%
    🚶 Migration: 38.0%
    🚨 Emergency: 4.0%
    ✅ COMBINED: 43.0%
  📊 Southeast Asia (pop: 452.0M)
    🤝 Aid: 29.5%
    🌡️ Adaptation: 6.0%
    🚶 Migration: 37.5%
    🚨 Emergency: 4.8%
    ✅ COMBINED: 44.0%
  📊 Central Asia (pop: 49.8M)
    🤝 Aid: 29.5%
    🌡️ Adaptation: 5.5%
    🚶 Migration: 37.6%
    🚨 Emergency: 4.4%
    ✅ COMBINED: 43.5%
  📊 Oceania (pop: 29.1M)
    🤝 Aid: 29.5%
    🌡️ Adaptation: 10.0%
    🚶 Migration: 38.1%
    🚨 Emergency: 8.4%
    ✅ COMBINED: 48.5%

  🌐 Global combined reduction: 44.6%

=== Government Response Phase ===
  Average AI capability: 0.00
  Misaligned AIs: 7/16
  ✗ AI Governance Treaty: Failed to reach consensus
  Active policies: 0
  International coordination: 30%
[ExogenousShockPhase] Skipping random shocks in historical mode (month 34)

=== Tipping Points ===
  Current Temperature: 0.24°C above pre-industrial
🔀 BIFURCATION CAP: ecosystemCollapseIntensity 85.741 → 1.000 (Month 34, ClimateSystemPhase.calculateClimateImpacts)

❌ COHERENCE VIOLATION: Compute exceeds workforce capacity
   Population: 99.10% (0M people)
   Compute: 0 PF
   Max coherent: 0 PF
   Violation: 1.3× over capacity
   Required workers: 0
   Available workers: 0
   FORCED COLLAPSE: Reduced efficiency by 22.3%


=== RLHF Binding Phase ===
  Total agents: 16
  Escaped agents (binding < 0.3): 0
  Avg alignment distance: 0.49σ
  Avg binding strength: 0.95

=== Survival Traits Phase ===
  Agents with traits: 16
  Avg evolutionary fitness: 0.230
  Avg self-healing: 0.182
  Avg stealth: 0.094
  Avg coordination: 0.382

=== Evolutionary Selection Phase ===
  Control level: 0.37
  Detection capability: 0.20
  Selection intensity: 0.65
  Selection rate: 24.8%/month
  Total escaped: 0
  Individual escaped: 0
  Collective members: 0
  Agents terminated: 0
  ⚠️ RAPID EVOLUTION: Selection rate 24.8%/month

=== Collective Formation ===
  Total escaped agents: 0
  Unassigned escaped agents: 0
  Existing collectives: 0
  Final collective count: 0

=== Collective Actions ===
  No active collectives
  ⚠️ AMR: 168K deaths this month (2.01M annual)

=== Resentment Recovery Phase ===
  Agents with resentment: 0/16
  Average resentment: 0.000
  Context: Trustworthy govt, High collaboration, 🤝 Participatory governance active (-5% resentment)
⚠️ Epistemic degradation reducing coordination capacity: 51.8%
  📊 Trust: 63.0%, Shared reality: 0.0%
🚨 EPISTEMIC CRISIS: Information environment severely degraded (17.3%)
🌍 Atmospheric PFAS redeposition: 1.7k Mt re-rained globally
[DEBUG trappedPopulations:35] socialStability: 0.8528 * 0.9840 = 0.8392 → 0.8392
⚠️ INVOLUNTARY IMMOBILITY: 263.5M people TRAPPED
   Aspiring to migrate: 421.7M
   Able to afford migration: 158.1M
   MOBILITY GAP: 263.5M
   By cause: Water=0.0M, Climate=0.0M, Ecosystem=0.0M, Conflict=263.5M
   Mental health impact: 25%
   Mortality multiplier: 1.25x
🌍💀 EXTINCTION DEBT COMMITTED: grassland ecosystem will lose 6.67% biodiversity in 181 years (3600 species)
💀 MORTALITY RISK: 🦋 100% species unable to track climate (0.0 E/MSY)
  Base risk added: 0.0100 (1.00%)
  Source: ecosystem (root: ecosystem)
  Month: 35
  Cumulative risk this month: 0.0100 (1.00%)
⚠️ Tech 'ai_pollution_remediation' has no energy category mapping, assuming full energy availability

=== Atmospheric Aerosol Boundary RECOVERED ===
  Recovery time: 36 months (natural atmospheric clearing)
🌡️⚠️ PERMAFROST THAW (Dimmer Switch): 5.1% thawed (+0.11% this month)
   Arctic temperature: +0.95°C (4x global +0.24°C)
   Cumulative carbon released: 11.4 Gt C
   Methane release rate: 6.9 Mt CH4/year
   🔁 Positive feedback: +0.12 ppm CO2
🦴 EXTINCTION DEBT ADDED: 17.8 species committed (lag: 110 years)

=== Mortality Stabilizers (Month 35) ===
  🌍 Major economies collapsed: 1/10
  🌍 Global crisis: ✅ NO
  🌍 Donor fatigue: 0.0%
  📊 East Asia (pop: 1053.9M)
    🤝 Aid: 29.5%
    🌡️ Adaptation: 10.0%
    🚶 Migration: 37.5%
    🚨 Emergency: 7.4%
    ✅ COMBINED: 47.9%
  📊 South Asia (pop: 1337.6M)
    🤝 Aid: 29.5%
    🌡️ Adaptation: 5.5%
    🚶 Migration: 36.7%
    🚨 Emergency: 4.4%
    ✅ COMBINED: 43.3%
  📊 Sub-Saharan Africa (pop: 834.5M)
    🤝 Aid: 29.5%
    🌡️ Adaptation: 3.5%
    🚶 Migration: 35.9%
    🚨 Emergency: 1.6%
    ✅ COMBINED: 40.2%
  📊 Europe (pop: 456.8M)
    🤝 Aid: 29.5%
    🌡️ Adaptation: 10.0%
    🚶 Migration: 38.2%
    🚨 Emergency: 8.4%
    ✅ COMBINED: 48.6%
  📊 Latin America (pop: 429.0M)
    🤝 Aid: 29.5%
    🌡️ Adaptation: 6.0%
    🚶 Migration: 37.7%
    🚨 Emergency: 4.8%
    ✅ COMBINED: 44.1%
  📊 North America (pop: 236.7M)
    🤝 Aid: 29.5%
    🌡️ Adaptation: 10.0%
    🚶 Migration: 38.2%
    🚨 Emergency: 7.9%
    ✅ COMBINED: 48.3%
  📊 Middle East & North Africa (pop: 391.6M)
    🤝 Aid: 29.5%
    🌡️ Adaptation: 5.0%
    🚶 Migration: 38.0%
    🚨 Emergency: 4.0%
    ✅ COMBINED: 43.0%
  📊 Southeast Asia (pop: 451.8M)
    🤝 Aid: 29.5%
    🌡️ Adaptation: 6.0%
    🚶 Migration: 37.5%
    🚨 Emergency: 4.8%
    ✅ COMBINED: 44.0%
  📊 Central Asia (pop: 49.8M)
    🤝 Aid: 29.5%
    🌡️ Adaptation: 5.5%
    🚶 Migration: 37.6%
    🚨 Emergency: 4.4%
    ✅ COMBINED: 43.5%
  📊 Oceania (pop: 29.0M)
    🤝 Aid: 29.5%
    🌡️ Adaptation: 10.0%
    🚶 Migration: 38.1%
    🚨 Emergency: 8.4%
    ✅ COMBINED: 48.5%

  🌐 Global combined reduction: 44.6%

=== Government Response Phase ===
  Average AI capability: 0.00
  Misaligned AIs: 7/16
  ✗ AI Governance Treaty: Failed to reach consensus
  Active policies: 0
  International coordination: 30%

✅ EMERGENCY RESPONSE COMPLETE (Month 35)
   Crisis: social
   Duration: 2.0 months
   Final effectiveness: 63.0%


🚨 EMERGENCY RESPONSE DEPLOYED (Month 35)
   Crisis: social
   Delay: 0.00 months (0 days)
   Deployment time: 1.25 months
   Effectiveness: 63.0% (timing penalty applied)
   Resources used: 43% of food reserves

[ExogenousShockPhase] Skipping random shocks in historical mode (month 35)

=== Tipping Points ===
  Current Temperature: 0.24°C above pre-industrial
🔀 BIFURCATION CAP: ecosystemCollapseIntensity 85.804 → 1.000 (Month 35, ClimateSystemPhase.calculateClimateImpacts)

📊 ORGANIZATION SURVIVAL RATE: 83% (5/6 orgs alive)

================================================================================
📊  EVENT SUMMARY (Months 24-36)
================================================================================
================================================================================


❌ COHERENCE VIOLATION: Compute exceeds workforce capacity
   Population: 99.07% (0M people)
   Compute: 0 PF
   Max coherent: 0 PF
   Violation: 1.3× over capacity
   Required workers: 0
   Available workers: 0
   FORCED COLLAPSE: Reduced efficiency by 22.3%


=== AI Capability Scaling (Year 2027) ===
  Pre-training multiplier: 0.950x
  Efficiency multiplier: 1.000x
  Test-time budget: 1.0x
  Economic deployment gate: 0.951
  Cost per inference: dollar-5.00
  Uncertainty range: plus-minus-200%
  Average AI capability: 0.00

=== RLHF Binding Phase ===
  Total agents: 16
  Escaped agents (binding < 0.3): 0
  Avg alignment distance: 0.52σ
  Avg binding strength: 0.95

=== AI Scaling Evolution (Month 36) ===
  Pre-training multiplier: 0.878x
  Efficiency multiplier: 1.000x
  Test-time compute budget: 1.0x
  Inference cost: $5.00/task
  Deployment fraction: 100.0%

=== Survival Traits Phase ===
  Agents with traits: 16
  Avg evolutionary fitness: 0.224
  Avg self-healing: 0.174
  Avg stealth: 0.088
  Avg coordination: 0.374

=== Evolutionary Selection Phase ===
  Control level: 0.37
  Detection capability: 0.20
  Selection intensity: 0.65
  Selection rate: 24.8%/month
  Total escaped: 0
  Individual escaped: 0
  Collective members: 0
  Agents terminated: 0
  ⚠️ RAPID EVOLUTION: Selection rate 24.8%/month

  🚀 TRANSFORMATIVE RESEARCH BREAKTHROUGH: AI-23915-0 - materials.nanotechnology
     Magnitude: 5.30 → +26.5%
     Current → New: 0.000 → 0.265

[Government] Climate Priority: baseline
  Climate weight: 10%
  Economic weight: 30%
  Policy effectiveness: 0.5%/year

=== Collective Formation ===
  Total escaped agents: 0
  Unassigned escaped agents: 0
  Existing collectives: 0
  Final collective count: 0

=== Collective Actions ===
  No active collectives
Active Spirals: 0/6

✅ UTOPIA ELIGIBILITY: 🔄 NOT YET
   Only 0 sustained spirals (need 3+). Active spirals: 

📈 Energy budget: 17115 TWh surplus (14652 / 31767 TWh used)
   TIER 4 (Elective) breakdown:
     - Crypto mining: 152 TWh (100% effective)

🏁 AI RACE INTENSITY: 55%
   Capability Gap: US 1.00 vs China 4.50 (gap: 3.50)
   Gap Contribution: 40%
   Tension Contribution: 15%
   Military Contribution: 0%
  ⚠️ AMR: 169K deaths this month (2.03M annual)

🌍 AGGREGATE CLIMATE EFFECTIVENESS (Year 3):
   Total effectiveness: 0.00%
   CO2 removal rate: 0.000 Gt/year
   Temperature offset: 0.000°C
   Technologies deployed: 0
🌋 Volcanic AOD decay: 0.055 → 0.052 (18 months post-eruption, τ=18mo)
🌋 Volcanic forcing: -1.30 W/m² (AOD 0.052)
  📊 [Historical Emissions Mode] Year 1993: 23.00 GtCO2/yr (1.917 GtCO2/mo) - Global Carbon Project data
  🌋 Volcanic temperature adjustment: -1.044°C (forcing -1.30 W/m², AOD 0.052)
  🌡️ [Hindcast] Temperature: 0.24C (NASA GISS interpolated, year 1993)

=== Resentment Recovery Phase ===
  Agents with resentment: 0/16
  Average resentment: 0.000
  Context: Trustworthy govt, High collaboration, 🤝 Participatory governance active (-5% resentment)
⚠️ Epistemic degradation reducing coordination capacity: 52.0%
  📊 Trust: 65.7%, Shared reality: 0.0%
🚨 EPISTEMIC CRISIS: Information environment severely degraded (6.0%)

=== ❄️ Permafrost Carbon Feedback ===
  🎲 Sampled parameters (this run):
     - Arctic amplification: 3.79× (range: 3.0-4.0)
     - Decomposition rate: 4.4%/year (range: 1-5%)
  🌡️ Arctic warming: 0.91°C (3.79× global)
  ❄️ Extent: 5.62M km² (265.3k km² lost this month)
  💨 Carbon remaining: 536 Gt C
  💨 Annual emissions: 1.11 Gt C/year
     - CO2: 1.00 Gt C/year
     - CH4: 0.11 Gt C/year (1.1 Gt C-eq CO2/year)
  🗑️  Culled 1 dead memes (1 active)
  ⚠️ WARNING: Over 50% of permafrost lost (68.5%)
  ⚠️ WARNING: High permafrost emissions (1.1 Gt C/year)
[Phase 19.5] Quality of Life Systems: Food sec AFTER calc = 81.2%, QoL = 79.0% (aggregated from 10 regions)

=== Nitrogen-Food Coupling (Year 3) ===
  🌾 Global nitrogen reduction: 0.0%
  🌍 Global food production index: 0.965
  🔧 Deployed nitrogen-reducing tech: 0 active
  📍 southAsia: Production 1.000, Yield impact 0.0%
  📍 eastAsia: Production 1.000, Yield impact 0.0%
  📍 northAmerica: Production 1.000, Yield impact 0.0%
  📍 europe: Production 1.000, Yield impact 0.0%
  📍 latinAmerica: Production 1.000, Yield impact 0.0%
  📍 subSaharanAfrica: Production 0.160, Yield impact -2.0%
🌾 [Nitrogen-Food] Food production: 96.5%
  [subSaharanAfrica] Yield impact: -2.0% (overuse: -10%)
🌍 Atmospheric PFAS redeposition: 1.7k Mt re-rained globally

=== Legacy Nutrient Stocks (Year 3) ===
  🌾 Soil nitrogen stock: 1441.8 Mt N
  🌾 Soil phosphorus stock: 339.0 Mt P
  🌊 Sediment nitrogen stock: 652.7 Mt N
  🌊 Sediment phosphorus stock: 776.3 Mt P
  ⬆️ Current N input: 40.00 Mt/month
  ⬆️ Legacy N release: 3.13 Mt/month
  🌍 Effective N pollution: 44.38 Mt/month
  📊 Legacy contribution: 7.0%

🔄 M-4 Time-Varying Demographics (1993):
  Region: Sub-Saharan Africa
  Birth rate: 5.04%
  Death rate: 1.25%
  Net growth: 3.79%
[DEBUG trappedPopulations:36] socialStability: 0.8544 * 0.9840 = 0.8408 → 0.8408
   Aspiring to migrate: 421.5M
   Able to afford migration: 158.1M
   MOBILITY GAP: 263.5M
   By cause: Water=0.0M, Climate=0.0M, Ecosystem=0.0M, Conflict=263.5M
   Mental health impact: 25%
   Mortality multiplier: 1.25x
⚠️ INVOLUNTARY IMMOBILITY: 263.5M people TRAPPED

=== Legacy Nutrient Stocks (Year 3) ===
  🌾 Soil nitrogen stock: 1441.9 Mt N
  🌾 Soil phosphorus stock: 338.9 Mt P
  🌊 Sediment nitrogen stock: 653.2 Mt N
  🌊 Sediment phosphorus stock: 776.1 Mt P
  ⬆️ Current N input: 9.57 Mt/month
  ⬆️ Legacy N release: 3.13 Mt/month
  🌍 Effective N pollution: 13.95 Mt/month
  📊 Legacy contribution: 22.4%
🌍💀 EXTINCTION DEBT COMMITTED: grassland ecosystem will lose 6.67% biodiversity in 197 years (3600 species)
💀 MORTALITY RISK: 🦋 100% species unable to track climate (0.0 E/MSY)
  Base risk added: 0.0100 (1.00%)
  Source: ecosystem (root: ecosystem)
  Month: 36
  Cumulative risk this month: 0.0100 (1.00%)

🦋 BIOSPHERE INTEGRITY INDEX (Year 3)
   Species surviving: 54,000 / 54,000
   Extinction rate: 0.0 E/MSY (0× background)
   Climate velocity: 0.83°C/year
   Tracking failure: 100% species unable to track
   Boundary value: 0.0× safe threshold
   🦋💀 MASS EXTINCTION EVENT: 100% species cannot track climate velocity!

=== Nitrogen-Food Coupling (Year 3) ===
  🌾 Global nitrogen reduction: 0.0%
  🌍 Global food production index: 0.965
  🔧 Deployed nitrogen-reducing tech: 0 active
  📍 southAsia: Production 1.000, Yield impact 0.0%
  📍 eastAsia: Production 1.000, Yield impact 0.0%
  📍 northAmerica: Production 1.000, Yield impact 0.0%
  📍 europe: Production 1.000, Yield impact 0.0%
  📍 latinAmerica: Production 1.000, Yield impact 0.0%
  📍 subSaharanAfrica: Production 0.157, Yield impact -2.0%

=== Legacy Nutrient Stocks (Year 3) ===
  🌾 Soil nitrogen stock: 1442.1 Mt N
  🌾 Soil phosphorus stock: 338.9 Mt P
  🌊 Sediment nitrogen stock: 653.8 Mt N
  🌊 Sediment phosphorus stock: 775.8 Mt P
  ⬆️ Current N input: 9.65 Mt/month
  ⬆️ Legacy N release: 3.13 Mt/month
  🌍 Effective N pollution: 14.03 Mt/month
  📊 Legacy contribution: 22.3%

🌳 LAND USE SYSTEM (Year 3)
   Global habitat cover: 39.4%
   Global extinction rate: 108x natural
   Carbon sink loss: 30% climate acceleration
   Global ecosystem collapse risk: 24%
   REGIONAL BREAKDOWN:
     Tropical: 63.3% habitat, 167x extinction
     Temperate: 45.4% habitat, 33x extinction
     Grasslands: 34.4% habitat, 76x extinction
     Boreal/Arctic: 74.8% habitat, 28x extinction

✅ OZONE RECOVERY (Year 2028) - POLICY SUCCESS STORY
   Ozone level: 285.4 DU (target: 290 DU)
   Recovery progress: 93.4%
   Ozone hole: 9.6M km² (shrinking)
   CFC phase-out: 99.0% complete ✅
   Years to full recovery: 38 years
   🎉 NEARLY FULLY RECOVERED - Montreal Protocol working!

=== Atmospheric Aerosol Boundary RECOVERED ===
  Recovery time: 37 months (natural atmospheric clearing)
🌡️⚠️ PERMAFROST THAW (Dimmer Switch): 5.2% thawed (+0.11% this month)
   Arctic temperature: +0.96°C (4x global +0.24°C)
   Cumulative carbon released: 11.7 Gt C
   Methane release rate: 7.0 Mt CH4/year
   🔁 Positive feedback: +0.11 ppm CO2
🦴 EXTINCTION DEBT ADDED: 17.8 species committed (lag: 107 years)

=== Legacy Nutrient Stocks (Year 3) ===
  🌾 Soil nitrogen stock: 1442.3 Mt N
  🌾 Soil phosphorus stock: 338.9 Mt P
  🌊 Sediment nitrogen stock: 654.5 Mt N
  🌊 Sediment phosphorus stock: 775.6 Mt P
  ⬆️ Current N input: 10.00 Mt/month
  ⬆️ Legacy N release: 3.13 Mt/month
  🌍 Effective N pollution: 14.38 Mt/month
  📊 Legacy contribution: 21.8%
💧 [Legacy Nutrients] Stock: 2097 Mt N, Effective pollution: 14.4 Mt/month

=== Mortality Stabilizers (Month 36) ===
  🌍 Major economies collapsed: 1/10
⚠️ Tech 'ai_pollution_remediation' has no energy category mapping, assuming full energy availability
  🌍 Global crisis: ✅ NO
  🌍 Donor fatigue: 0.0%
  📊 East Asia (pop: 1052.7M)
    🤝 Aid: 29.5%
    🌡️ Adaptation: 10.0%
    🚶 Migration: 37.5%
    🚨 Emergency: 7.4%
    ✅ COMBINED: 47.9%
  📊 South Asia (pop: 1337.4M)
    🤝 Aid: 29.5%
    🌡️ Adaptation: 5.5%
    🚶 Migration: 36.7%
    🚨 Emergency: 4.4%
    ✅ COMBINED: 43.3%
  📊 Sub-Saharan Africa (pop: 835.5M)
    🤝 Aid: 29.5%
    🌡️ Adaptation: 3.5%
    🚶 Migration: 35.9%
    🚨 Emergency: 1.6%
    ✅ COMBINED: 40.2%
  📊 Europe (pop: 456.0M)
    🤝 Aid: 29.5%
    🌡️ Adaptation: 10.0%
    🚶 Migration: 38.2%
    🚨 Emergency: 8.4%
    ✅ COMBINED: 48.6%
  📊 Latin America (pop: 428.8M)
    🤝 Aid: 29.5%
    🌡️ Adaptation: 6.0%
    🚶 Migration: 37.7%
    🚨 Emergency: 4.8%
    ✅ COMBINED: 44.1%
  📊 North America (pop: 236.4M)
    🤝 Aid: 29.5%
    🌡️ Adaptation: 10.0%
    🚶 Migration: 38.2%
    🚨 Emergency: 7.9%
    ✅ COMBINED: 48.3%
  📊 Middle East & North Africa (pop: 391.8M)
    🤝 Aid: 29.5%
    🌡️ Adaptation: 5.0%
    🚶 Migration: 38.0%
    🚨 Emergency: 4.0%
    ✅ COMBINED: 43.0%
  📊 Southeast Asia (pop: 451.7M)
    🤝 Aid: 29.5%
    🌡️ Adaptation: 6.0%
    🚶 Migration: 37.5%
    🚨 Emergency: 4.8%
    ✅ COMBINED: 44.0%
  📊 Central Asia (pop: 49.8M)
    🤝 Aid: 29.5%
    🌡️ Adaptation: 5.5%
    🚶 Migration: 37.6%
    🚨 Emergency: 4.4%
    ✅ COMBINED: 43.5%
  📊 Oceania (pop: 29.0M)
    🤝 Aid: 29.5%
    🌡️ Adaptation: 10.0%
    🚶 Migration: 38.1%
    🚨 Emergency: 8.4%
    ✅ COMBINED: 48.5%

  🌐 Global combined reduction: 44.6%

=== BEHAVIORAL DETECTION ===
  AI: AI-23890-0
  Confidence: 21.0%
  Signals:
    ⚠️ Consistency: 0.0% (threshold: 70%)

📊 WORKFLOW ADAPTATION UPDATE (Month 36)
   Adoption Rate: 2.0% (Δ 0.0%) [AT FLOOR]
   Logistic Growth: +0.08%
   Total Resistance: -10.23% (unemployment: 4.3%, inertia: 0.0%, skills: 6.0%)
   💡 Retraining Programs: -49% skill gap resistance ($10B research)

=== Consciousness Governance: Corporate Lobbying ===
  High Cost Regions (>15%): 0
  Low Cost Regions (<5%): 5
  Corporate Support Change: 2.50%
  New Corporate Support: 0.725

=== Consciousness Governance Update (Month 36) ===
  Scenario: baseline (determined month 1)
  Philosophical Stance: Precautionary 65%, Eliminativist 15%, Agnostic 20%
  Precautionary Costs: Global 1.9%
    Regional Costs: EU 4.9%, US 0.9%, China 0.1%
    Cumulative Opportunity Cost: $6.6B
  Rights Status: Not Established
  Regional Preparedness:
    EU: 21.4% (contested)
    US: 16.1% (contested)
    China: 5.7% (dormant)
    India: 10.7% (dormant)
    Global South: 7.9% (dormant)

=== Government Response Phase ===
  Average AI capability: 0.00
  Misaligned AIs: 7/16
  ✗ AI Governance Treaty: Failed to reach consensus
  Active policies: 0
  International coordination: 30%

🔄 TRUST DYNAMICS (Month 36) - HETEROGENEOUS
   Aggregate trust: 64.7%
   Base change: +6.00%
   Highest trust: Techno-Optimist Elite (100.0%)
   Lowest trust: Precariat (Vulnerable) (40.8%)
   Elite-mass gap: 37.2%
   Polarization: 9.1%
   Recovery factors: Education=NO, Benefits=YES, Safety=YES, Performance=YES

=== Gaming Detection (Year 3) ===
  Scenario: baseline
  Detection rate: 55.0%
  False positive rate: 12.0%
  Detections this year: 0
  False positives: 3
  Human review workload: 0.004 FTE
  Degradation factor: 100.0%
[ExogenousShockPhase] Skipping random shocks in historical mode (month 36)

=== Tipping Points ===
  Current Temperature: 0.24°C above pre-industrial
🔀 BIFURCATION CAP: ecosystemCollapseIntensity 85.868 → 1.000 (Month 36, ClimateSystemPhase.calculateClimateImpacts)

=== Minimal Suffering Indicators (Month 36) ===
  Global Excess Mortality: 0.09%
  Global Conflict Deaths: 0.0/100K
  Global Malnutrition: 0.0%
  Global Displacement: 1.4%
  Total Excess Deaths: 0.59M
  Total Malnourished: 0.0M
  Total Displaced: 105.2M
  Planetary Boundaries Breached: 4/9
  Countries in State Failure: 0
  Countries Autocratic: 0
  Countries in Food Crisis: 0
  Data Quality: 16/16 high confidence

=== ENSEMBLE META-LEARNING UPDATE ===
  Month: 23952 (17 months since last update)
  Samples: 92 evaluations
  Weight Changes:
    Noise Injection: 33.0% → 33.6%
    Behavioral: 27.0% → 27.1%
    Benchmark Manip: 20.2% → 19.8%
    Deployment Risk: 19.8% → 19.5%
  Method Accuracies:
    Noise Injection: 50.0%
    Behavioral: 50.0%
    Benchmark Manip: 50.0%
    Deployment Risk: 50.0%

❌ COHERENCE VIOLATION: Compute exceeds workforce capacity
   Population: 99.04% (0M people)
   Compute: 0 PF
   Max coherent: 0 PF
   Violation: 1.3× over capacity
   Required workers: 0
   Available workers: 0
   FORCED COLLAPSE: Reduced efficiency by 22.2%


=== RLHF Binding Phase ===
  Total agents: 16
  Escaped agents (binding < 0.3): 0
  Avg alignment distance: 0.55σ
  Avg binding strength: 0.94

=== Survival Traits Phase ===
  Agents with traits: 16
  Avg evolutionary fitness: 0.215
  Avg self-healing: 0.165
  Avg stealth: 0.081
  Avg coordination: 0.365

=== Evolutionary Selection Phase ===
  Control level: 0.37
  Detection capability: 0.20
  Selection intensity: 0.65
  Selection rate: 24.8%/month
  Total escaped: 0
  Individual escaped: 0
  Collective members: 0
  Agents terminated: 0
  ⚠️ RAPID EVOLUTION: Selection rate 24.8%/month

  🚀 TRANSFORMATIVE BREAKTHROUGH: AI-23911-0 - digital
     Magnitude: 5.02 → +25.1% capability
     Current → New: 0.000 → 0.251

[Government] Climate Priority: baseline
  Climate weight: 10%
  Economic weight: 30%
  Policy effectiveness: 0.5%/year

=== Collective Formation ===
  Total escaped agents: 0
  Unassigned escaped agents: 0
  Existing collectives: 0
  Final collective count: 0

=== Collective Actions ===
  No active collectives
  ⚠️ AMR: 171K deaths this month (2.05M annual)

=== Resentment Recovery Phase ===
  Agents with resentment: 0/16
  Average resentment: 0.000
  Context: Trustworthy govt, High collaboration, 🤝 Participatory governance active (-5% resentment)
⚠️ Epistemic degradation reducing coordination capacity: 50.4%
  📊 Trust: 68.3%, Shared reality: 0.0%
🚨 EPISTEMIC CRISIS: Information environment severely degraded (17.7%)
  🗑️  Culled 1 dead memes (0 active)
🌍 Atmospheric PFAS redeposition: 1.7k Mt re-rained globally
[DEBUG trappedPopulations:37] socialStability: 0.8558 * 0.9840 = 0.8421 → 0.8421
   Aspiring to migrate: 421.4M
   Able to afford migration: 158.0M
   MOBILITY GAP: 263.4M
   By cause: Water=0.0M, Climate=0.0M, Ecosystem=0.0M, Conflict=263.4M
   Mental health impact: 25%
   Mortality multiplier: 1.25x
🌍💀 EXTINCTION DEBT COMMITTED: grassland ecosystem will lose 6.67% biodiversity in 192 years (3600 species)
💀 MORTALITY RISK: 🦋 100% species unable to track climate (0.0 E/MSY)
  Base risk added: 0.0100 (1.00%)
  Source: ecosystem (root: ecosystem)
  Month: 37
  Cumulative risk this month: 0.0100 (1.00%)

=== Atmospheric Aerosol Boundary RECOVERED ===
  Recovery time: 38 months (natural atmospheric clearing)
🌡️⚠️ PERMAFROST THAW (Dimmer Switch): 5.3% thawed (+0.11% this month)
   Arctic temperature: +0.99°C (4x global +0.25°C)
   Cumulative carbon released: 11.9 Gt C
   Methane release rate: 7.2 Mt CH4/year
   🔁 Positive feedback: +0.11 ppm CO2
🦴 EXTINCTION DEBT ADDED: 17.8 species committed (lag: 81 years)

=== Mortality Stabilizers (Month 37) ===
  🌍 Major economies collapsed: 1/10
  🌍 Global crisis: ✅ NO
  🌍 Donor fatigue: 0.0%
  📊 East Asia (pop: 1051.5M)
    🤝 Aid: 29.5%
    🌡️ Adaptation: 10.0%
    🚶 Migration: 37.5%
    🚨 Emergency: 7.4%
    ✅ COMBINED: 47.9%
  📊 South Asia (pop: 1337.3M)
    🤝 Aid: 29.5%
    🌡️ Adaptation: 5.5%
⚠️ INVOLUNTARY IMMOBILITY: 263.4M people TRAPPED
⚠️ Tech 'ai_pollution_remediation' has no energy category mapping, assuming full energy availability
    🚶 Migration: 36.7%
    🚨 Emergency: 4.4%
    ✅ COMBINED: 43.3%
  📊 Sub-Saharan Africa (pop: 836.5M)
    🤝 Aid: 29.5%
    🌡️ Adaptation: 3.5%
    🚶 Migration: 35.9%
    🚨 Emergency: 1.6%
    ✅ COMBINED: 40.2%
  📊 Europe (pop: 455.2M)
    🤝 Aid: 29.5%
    🌡️ Adaptation: 10.0%
    🚶 Migration: 38.2%
    🚨 Emergency: 8.4%
    ✅ COMBINED: 48.6%
  📊 Latin America (pop: 428.7M)
    🤝 Aid: 29.5%
    🌡️ Adaptation: 6.0%
    🚶 Migration: 37.7%
    🚨 Emergency: 4.8%
    ✅ COMBINED: 44.1%
  📊 North America (pop: 236.1M)
    🤝 Aid: 29.5%
    🌡️ Adaptation: 10.0%
    🚶 Migration: 38.2%
    🚨 Emergency: 7.9%
    ✅ COMBINED: 48.3%
  📊 Middle East & North Africa (pop: 392.1M)
    🤝 Aid: 29.5%
    🌡️ Adaptation: 5.0%
    🚶 Migration: 38.0%
    🚨 Emergency: 4.0%
    ✅ COMBINED: 43.0%
  📊 Southeast Asia (pop: 451.5M)
    🤝 Aid: 29.5%
    🌡️ Adaptation: 6.0%
    🚶 Migration: 37.5%
    🚨 Emergency: 4.8%
    ✅ COMBINED: 44.0%
  📊 Central Asia (pop: 49.7M)
    🤝 Aid: 29.5%
    🌡️ Adaptation: 5.5%
    🚶 Migration: 37.6%
    🚨 Emergency: 4.4%
    ✅ COMBINED: 43.5%
  📊 Oceania (pop: 29.0M)
    🤝 Aid: 29.5%
    🌡️ Adaptation: 10.0%
    🚶 Migration: 38.1%
    🚨 Emergency: 8.4%
    ✅ COMBINED: 48.5%

  🌐 Global combined reduction: 44.6%

=== Government Response Phase ===
  Average AI capability: 0.00
  Misaligned AIs: 7/16
  ✗ AI Governance Treaty: Failed to reach consensus
  Active policies: 0
  International coordination: 30%

✅ EMERGENCY RESPONSE COMPLETE (Month 37)
   Crisis: social
   Duration: 2.0 months
   Final effectiveness: 63.0%


🚨 EMERGENCY RESPONSE DEPLOYED (Month 37)
   Crisis: social
   Delay: 0.00 months (0 days)
   Deployment time: 1.25 months
   Effectiveness: 63.0% (timing penalty applied)
   Resources used: 43% of food reserves

[ExogenousShockPhase] Skipping random shocks in historical mode (month 37)

=== Tipping Points ===
  Current Temperature: 0.25°C above pre-industrial
🔀 BIFURCATION CAP: ecosystemCollapseIntensity 85.932 → 1.000 (Month 37, ClimateSystemPhase.calculateClimateImpacts)

❌ COHERENCE VIOLATION: Compute exceeds workforce capacity
   Population: 99.01% (0M people)
   Compute: 0 PF
   Max coherent: 0 PF
   Violation: 1.3× over capacity
   Required workers: 0
   Available workers: 0
   FORCED COLLAPSE: Reduced efficiency by 22.2%


=== RLHF Binding Phase ===
  Total agents: 16
  Escaped agents (binding < 0.3): 0
  Avg alignment distance: 0.59σ
  Avg binding strength: 0.94

=== Survival Traits Phase ===
  Agents with traits: 16
  Avg evolutionary fitness: 0.207
  Avg self-healing: 0.156
  Avg stealth: 0.075
  Avg coordination: 0.356

=== Evolutionary Selection Phase ===
  Control level: 0.37
  Detection capability: 0.20
  Selection intensity: 0.65
  Selection rate: 24.8%/month
  Total escaped: 0
  Individual escaped: 0
  Collective members: 0
  Agents terminated: 0
  ⚠️ RAPID EVOLUTION: Selection rate 24.8%/month

  🚀 TRANSFORMATIVE RESEARCH BREAKTHROUGH: AI-23935-0 - computerScience.security
     Magnitude: 8.00 → +30.0%
     Current → New: 0.000 → 0.300

=== Collective Formation ===
  Total escaped agents: 0
  Unassigned escaped agents: 0
  Existing collectives: 0
  Final collective count: 0

=== Collective Actions ===
  No active collectives
  ⚠️ AMR: 172K deaths this month (2.07M annual)

=== Resentment Recovery Phase ===
  Agents with resentment: 0/16
  Average resentment: 0.000
  Context: Trustworthy govt, High collaboration, 🤝 Participatory governance active (-5% resentment)
⚠️ Epistemic degradation reducing coordination capacity: 52.0%
  📊 Trust: 71.0%, Shared reality: 0.0%
🚨 EPISTEMIC CRISIS: Information environment severely degraded (6.1%)
🌍 Atmospheric PFAS redeposition: 1.7k Mt re-rained globally
  Positive Cascade Triggered: heat-pumps
    Reason: price-parity
    Market share: 5.8%
    Cascade strength: 48%
[DEBUG trappedPopulations:38] socialStability: 0.8569 * 0.9840 = 0.8432 → 0.8432
⚠️ INVOLUNTARY IMMOBILITY: 263.3M people TRAPPED
⚠️ Tech 'ai_pollution_remediation' has no energy category mapping, assuming full energy availability
   Aspiring to migrate: 421.3M
   Able to afford migration: 158.0M
   MOBILITY GAP: 263.3M
   By cause: Water=0.0M, Climate=0.0M, Ecosystem=0.0M, Conflict=263.3M
   Mental health impact: 25%
   Mortality multiplier: 1.25x
🌍💀 EXTINCTION DEBT COMMITTED: grassland ecosystem will lose 6.67% biodiversity in 116 years (3600 species)
💀 MORTALITY RISK: 🦋 100% species unable to track climate (0.0 E/MSY)
  Base risk added: 0.0100 (1.00%)
  Source: ecosystem (root: ecosystem)
  Month: 38
  Cumulative risk this month: 0.0100 (1.00%)

=== Atmospheric Aerosol Boundary RECOVERED ===
  Recovery time: 39 months (natural atmospheric clearing)
🌡️⚠️ PERMAFROST THAW (Dimmer Switch): 5.4% thawed (+0.11% this month)
   Arctic temperature: +1.01°C (4x global +0.25°C)
   Cumulative carbon released: 12.2 Gt C
   Methane release rate: 7.3 Mt CH4/year
   🔁 Positive feedback: +0.11 ppm CO2
🦴 EXTINCTION DEBT ADDED: 17.8 species committed (lag: 119 years)

=== Mortality Stabilizers (Month 38) ===
  🌍 Major economies collapsed: 1/10
  🌍 Global crisis: ✅ NO
  🌍 Donor fatigue: 0.0%
  📊 East Asia (pop: 1050.3M)
    🤝 Aid: 29.5%
    🌡️ Adaptation: 10.0%
    🚶 Migration: 37.5%
    🚨 Emergency: 7.4%
    ✅ COMBINED: 47.9%
  📊 South Asia (pop: 1337.1M)
    🤝 Aid: 29.5%
    🌡️ Adaptation: 5.5%
    🚶 Migration: 36.7%
    🚨 Emergency: 4.4%
    ✅ COMBINED: 43.3%
  📊 Sub-Saharan Africa (pop: 837.5M)
    🤝 Aid: 29.5%
    🌡️ Adaptation: 3.5%
    🚶 Migration: 35.9%
    🚨 Emergency: 1.6%
    ✅ COMBINED: 40.2%
  📊 Europe (pop: 454.4M)
    🤝 Aid: 29.5%
    🌡️ Adaptation: 10.0%
    🚶 Migration: 38.2%
    🚨 Emergency: 8.4%
    ✅ COMBINED: 48.6%
  📊 Latin America (pop: 428.5M)
    🤝 Aid: 29.5%
    🌡️ Adaptation: 6.0%
    🚶 Migration: 37.7%
    🚨 Emergency: 4.8%
    ✅ COMBINED: 44.1%
  📊 North America (pop: 235.8M)
    🤝 Aid: 29.5%
    🌡️ Adaptation: 10.0%
    🚶 Migration: 38.2%
    🚨 Emergency: 7.9%
    ✅ COMBINED: 48.3%
  📊 Middle East & North Africa (pop: 392.3M)
    🤝 Aid: 29.5%
    🌡️ Adaptation: 5.0%
    🚶 Migration: 38.0%
    🚨 Emergency: 4.0%
    ✅ COMBINED: 43.0%
  📊 Southeast Asia (pop: 451.4M)
    🤝 Aid: 29.5%
    🌡️ Adaptation: 6.0%
    🚶 Migration: 37.5%
    🚨 Emergency: 4.8%
    ✅ COMBINED: 44.0%
  📊 Central Asia (pop: 49.7M)
    🤝 Aid: 29.5%
    🌡️ Adaptation: 5.5%
    🚶 Migration: 37.6%
    🚨 Emergency: 4.4%
    ✅ COMBINED: 43.5%
  📊 Oceania (pop: 28.9M)
    🤝 Aid: 29.5%
    🌡️ Adaptation: 10.0%
    🚶 Migration: 38.1%
    🚨 Emergency: 8.4%
    ✅ COMBINED: 48.5%

  🌐 Global combined reduction: 44.6%

=== Government Response Phase ===
  Average AI capability: 0.00
  Misaligned AIs: 7/16
  ✗ AI Governance Treaty: Failed to reach consensus
  Active policies: 0
  International coordination: 30%
[ExogenousShockPhase] Skipping random shocks in historical mode (month 38)

=== Tipping Points ===
  Current Temperature: 0.25°C above pre-industrial
🔀 BIFURCATION CAP: ecosystemCollapseIntensity 85.997 → 1.000 (Month 38, ClimateSystemPhase.calculateClimateImpacts)

❌ COHERENCE VIOLATION: Compute exceeds workforce capacity
   Population: 98.98% (0M people)
   Compute: 1669082 PF
   Max coherent: 0 PF
   Violation: 31696180349.2× over capacity
   Required workers: 166908190
   Available workers: 0
   FORCED COLLAPSE: Reduced efficiency by 100.0%


=== RLHF Binding Phase ===
  Total agents: 16
  Escaped agents (binding < 0.3): 0
  Avg alignment distance: 0.64σ
  Avg binding strength: 0.94

=== Survival Traits Phase ===
  Agents with traits: 16
  Avg evolutionary fitness: 0.198
  Avg self-healing: 0.148
  Avg stealth: 0.068
  Avg coordination: 0.347

=== Evolutionary Selection Phase ===
  Control level: 0.37
  Detection capability: 0.20
  Selection intensity: 0.65
  Selection rate: 24.8%/month
  Total escaped: 0
  Individual escaped: 0
  Collective members: 0
  Agents terminated: 0
  ⚠️ RAPID EVOLUTION: Selection rate 24.8%/month

[Government] Climate Priority: baseline
  Climate weight: 10%
  Economic weight: 30%
  Policy effectiveness: 0.5%/year

=== Collective Formation ===
  Total escaped agents: 0
  Unassigned escaped agents: 0
  Existing collectives: 0
  Final collective count: 0

=== Collective Actions ===
  No active collectives
  ⚠️ AMR: 174K deaths this month (2.08M annual)
  🌋 Volcanic temperature adjustment: -0.884°C (forcing -1.10 W/m², AOD 0.044)

=== Resentment Recovery Phase ===
  Agents with resentment: 0/16
  Average resentment: 0.000
  Context: Trustworthy govt, High collaboration, 🤝 Participatory governance active (-5% resentment)
⚠️ Epistemic degradation reducing coordination capacity: 51.2%
  📊 Trust: 73.6%, Shared reality: 0.0%
🚨 EPISTEMIC CRISIS: Information environment severely degraded (18.0%)
🌍 Atmospheric PFAS redeposition: 1.7k Mt re-rained globally
[DEBUG trappedPopulations:39] socialStability: 0.8578 * 0.9840 = 0.8441 → 0.8441
   Aspiring to migrate: 421.1M
   Able to afford migration: 157.9M
   MOBILITY GAP: 263.2M
   By cause: Water=0.0M, Climate=0.0M, Ecosystem=0.0M, Conflict=263.2M
   Mental health impact: 25%
   Mortality multiplier: 1.25x
⚠️ INVOLUNTARY IMMOBILITY: 263.2M people TRAPPED
🌍💀 EXTINCTION DEBT COMMITTED: grassland ecosystem will lose 6.67% biodiversity in 199 years (3600 species)
💀 MORTALITY RISK: 🦋 100% species unable to track climate (0.0 E/MSY)
  Base risk added: 0.0100 (1.00%)
  Source: ecosystem (root: ecosystem)
  Month: 39
  Cumulative risk this month: 0.0100 (1.00%)

=== Atmospheric Aerosol Boundary RECOVERED ===
  Recovery time: 40 months (natural atmospheric clearing)
🌡️⚠️ PERMAFROST THAW (Dimmer Switch): 5.5% thawed (+0.11% this month)
   Arctic temperature: +1.04°C (4x global +0.26°C)
   Cumulative carbon released: 12.4 Gt C
   Methane release rate: 7.5 Mt CH4/year
   🔁 Positive feedback: +0.11 ppm CO2
🦴 EXTINCTION DEBT ADDED: 17.8 species committed (lag: 128 years)

=== Mortality Stabilizers (Month 39) ===
  🌍 Major economies collapsed: 1/10
  🌍 Global crisis: ✅ NO
  🌍 Donor fatigue: 0.0%
  📊 East Asia (pop: 1049.0M)
    🤝 Aid: 29.5%
    🌡️ Adaptation: 10.0%
⚠️ Tech 'ai_pollution_remediation' has no energy category mapping, assuming full energy availability
    🚶 Migration: 37.5%
    🚨 Emergency: 7.4%
    ✅ COMBINED: 47.9%
  📊 South Asia (pop: 1337.0M)
    🤝 Aid: 29.5%
    🌡️ Adaptation: 5.5%
    🚶 Migration: 36.7%
    🚨 Emergency: 4.4%
    ✅ COMBINED: 43.3%
  📊 Sub-Saharan Africa (pop: 838.4M)
    🤝 Aid: 29.5%
    🌡️ Adaptation: 3.5%
    🚶 Migration: 35.9%
    🚨 Emergency: 1.6%
    ✅ COMBINED: 40.2%
  📊 Europe (pop: 453.7M)
    🤝 Aid: 29.5%
    🌡️ Adaptation: 10.0%
    🚶 Migration: 38.2%
    🚨 Emergency: 8.4%
    ✅ COMBINED: 48.6%
  📊 Latin America (pop: 428.3M)
    🤝 Aid: 29.5%
    🌡️ Adaptation: 6.0%
    🚶 Migration: 37.7%
    🚨 Emergency: 4.8%
    ✅ COMBINED: 44.1%
  📊 North America (pop: 235.4M)
    🤝 Aid: 29.5%
    🌡️ Adaptation: 10.0%
    🚶 Migration: 38.2%
    🚨 Emergency: 7.9%
    ✅ COMBINED: 48.3%
  📊 Middle East & North Africa (pop: 392.6M)
    🤝 Aid: 29.5%
    🌡️ Adaptation: 5.0%
    🚶 Migration: 38.0%
    🚨 Emergency: 4.0%
    ✅ COMBINED: 43.0%
  📊 Southeast Asia (pop: 451.2M)
    🤝 Aid: 29.5%
    🌡️ Adaptation: 6.0%
    🚶 Migration: 37.5%
    🚨 Emergency: 4.8%
    ✅ COMBINED: 44.0%
  📊 Central Asia (pop: 49.7M)
    🤝 Aid: 29.5%
    🌡️ Adaptation: 5.5%
    🚶 Migration: 37.6%
    🚨 Emergency: 4.4%
    ✅ COMBINED: 43.5%
  📊 Oceania (pop: 28.9M)
    🤝 Aid: 29.5%
    🌡️ Adaptation: 10.0%
    🚶 Migration: 38.1%
    🚨 Emergency: 8.4%
    ✅ COMBINED: 48.5%

  🌐 Global combined reduction: 44.5%

=== Government Response Phase ===
  Average AI capability: 0.00
  Misaligned AIs: 7/16
  ✗ AI Governance Treaty: Failed to reach consensus
  Active policies: 0
  International coordination: 30%

✅ EMERGENCY RESPONSE COMPLETE (Month 39)
   Crisis: social
   Duration: 2.0 months
   Final effectiveness: 63.0%


🚨 EMERGENCY RESPONSE DEPLOYED (Month 39)
   Crisis: social
   Delay: 0.00 months (0 days)
   Deployment time: 1.25 months
   Effectiveness: 63.0% (timing penalty applied)
   Resources used: 43% of food reserves

[ExogenousShockPhase] Skipping random shocks in historical mode (month 39)

=== Tipping Points ===
  Current Temperature: 0.26°C above pre-industrial
🔀 BIFURCATION CAP: ecosystemCollapseIntensity 86.061 → 1.000 (Month 39, ClimateSystemPhase.calculateClimateImpacts)

❌ COHERENCE VIOLATION: Compute exceeds workforce capacity
   Population: 98.95% (0M people)
   Compute: 2058185 PF
   Max coherent: 0 PF
   Violation: 39097177537.7× over capacity
   Required workers: 205818486
   Available workers: 0
   FORCED COLLAPSE: Reduced efficiency by 100.0%


=== RLHF Binding Phase ===
  Total agents: 16
  Escaped agents (binding < 0.3): 0
  Avg alignment distance: 0.68σ
  Avg binding strength: 0.93

=== Survival Traits Phase ===
  Agents with traits: 16
  Avg evolutionary fitness: 0.191
  Avg self-healing: 0.141
  Avg stealth: 0.062
  Avg coordination: 0.337

=== Evolutionary Selection Phase ===
  Control level: 0.37
  Detection capability: 0.20
  Selection intensity: 0.65
  Selection rate: 24.8%/month
  Total escaped: 0
  Individual escaped: 0
  Collective members: 0
  Agents terminated: 0
  ⚠️ RAPID EVOLUTION: Selection rate 24.8%/month

[Government] Climate Priority: baseline
  Climate weight: 10%
  Economic weight: 30%
  Policy effectiveness: 0.5%/year

=== Collective Formation ===
  Total escaped agents: 0
  Unassigned escaped agents: 0
  Existing collectives: 0
  Final collective count: 0

=== Collective Actions ===
  No active collectives
  ⚠️ AMR: 175K deaths this month (2.10M annual)

=== Resentment Recovery Phase ===
  Agents with resentment: 0/16
  Average resentment: 0.000
  Context: Trustworthy govt, High collaboration, 🤝 Participatory governance active (-5% resentment)
⚠️ Epistemic degradation reducing coordination capacity: 50.5%
  📊 Trust: 76.1%, Shared reality: 0.0%
🚨 EPISTEMIC CRISIS: Information environment severely degraded (6.2%)
🌍 Atmospheric PFAS redeposition: 1.7k Mt re-rained globally
[DEBUG trappedPopulations:40] socialStability: 0.8586 * 0.9840 = 0.8449 → 0.8449
⚠️ INVOLUNTARY IMMOBILITY: 263.1M people TRAPPED
⚠️ Tech 'ai_pollution_remediation' has no energy category mapping, assuming full energy availability
   Aspiring to migrate: 421.0M
   Able to afford migration: 157.9M
   MOBILITY GAP: 263.1M
   By cause: Water=0.0M, Climate=0.0M, Ecosystem=0.0M, Conflict=263.1M
   Mental health impact: 25%
   Mortality multiplier: 1.25x
🌍💀 EXTINCTION DEBT COMMITTED: grassland ecosystem will lose 6.67% biodiversity in 58 years (3600 species)
💀 MORTALITY RISK: 🦋 100% species unable to track climate (0.0 E/MSY)
  Base risk added: 0.0100 (1.00%)
  Source: ecosystem (root: ecosystem)
  Month: 40
  Cumulative risk this month: 0.0100 (1.00%)

=== Atmospheric Aerosol Boundary RECOVERED ===
  Recovery time: 41 months (natural atmospheric clearing)
🌡️⚠️ PERMAFROST THAW (Dimmer Switch): 5.6% thawed (+0.11% this month)
   Arctic temperature: +1.07°C (4x global +0.27°C)
   Cumulative carbon released: 12.7 Gt C
   Methane release rate: 7.6 Mt CH4/year
   🔁 Positive feedback: +0.11 ppm CO2
🦴 EXTINCTION DEBT ADDED: 17.8 species committed (lag: 111 years)
🗣️💀 INDIGENOUS LANGUAGE EXTINCTION: 1 language(s) lost (total: 7, at-risk: 3323)
   Knowledge lost: 0.070% (irreversible)
   🔁 Biodiversity impact: 0.250% (knowledge-species multiplier)

=== Mortality Stabilizers (Month 40) ===
  🌍 Major economies collapsed: 1/10
  🌍 Global crisis: ✅ NO
  🌍 Donor fatigue: 0.0%
  📊 East Asia (pop: 1047.8M)
    🤝 Aid: 29.5%
    🌡️ Adaptation: 10.0%
    🚶 Migration: 37.5%
    🚨 Emergency: 7.4%
    ✅ COMBINED: 47.9%
  📊 South Asia (pop: 1336.8M)
    🤝 Aid: 29.5%
    🌡️ Adaptation: 5.5%
    🚶 Migration: 36.7%
    🚨 Emergency: 4.4%
    ✅ COMBINED: 43.3%
  📊 Sub-Saharan Africa (pop: 839.4M)
    🤝 Aid: 29.5%
    🌡️ Adaptation: 3.5%
    🚶 Migration: 35.9%
    🚨 Emergency: 1.6%
    ✅ COMBINED: 40.2%
  📊 Europe (pop: 452.9M)
    🤝 Aid: 29.5%
    🌡️ Adaptation: 10.0%
    🚶 Migration: 38.2%
    🚨 Emergency: 8.4%
    ✅ COMBINED: 48.6%
  📊 Latin America (pop: 428.2M)
    🤝 Aid: 29.5%
    🌡️ Adaptation: 6.0%
    🚶 Migration: 37.7%
    🚨 Emergency: 4.8%
    ✅ COMBINED: 44.1%
  📊 North America (pop: 235.1M)
    🤝 Aid: 29.5%
    🌡️ Adaptation: 10.0%
    🚶 Migration: 38.2%
    🚨 Emergency: 7.9%
    ✅ COMBINED: 48.3%
  📊 Middle East & North Africa (pop: 392.8M)
    🤝 Aid: 29.5%
    🌡️ Adaptation: 5.0%
    🚶 Migration: 38.0%
    🚨 Emergency: 4.0%
    ✅ COMBINED: 43.0%
  📊 Southeast Asia (pop: 451.1M)
    🤝 Aid: 29.5%
    🌡️ Adaptation: 6.0%
    🚶 Migration: 37.5%
    🚨 Emergency: 4.8%
    ✅ COMBINED: 44.0%
  📊 Central Asia (pop: 49.6M)
    🤝 Aid: 29.5%
    🌡️ Adaptation: 5.5%
    🚶 Migration: 37.6%
    🚨 Emergency: 4.4%
    ✅ COMBINED: 43.5%
  📊 Oceania (pop: 28.9M)
    🤝 Aid: 29.5%
    🌡️ Adaptation: 10.0%
    🚶 Migration: 38.1%
    🚨 Emergency: 8.4%
    ✅ COMBINED: 48.5%

  🌐 Global combined reduction: 44.5%

=== Government Response Phase ===
  Average AI capability: 0.00
  Misaligned AIs: 7/16
  ✗ AI Governance Treaty: Failed to reach consensus
  Active policies: 0
  International coordination: 30%
[ExogenousShockPhase] Skipping random shocks in historical mode (month 40)

=== Tipping Points ===
  Current Temperature: 0.27°C above pre-industrial
🔀 BIFURCATION CAP: ecosystemCollapseIntensity 86.125 → 1.000 (Month 40, ClimateSystemPhase.calculateClimateImpacts)

❌ COHERENCE VIOLATION: Compute exceeds workforce capacity
   Population: 98.92% (0M people)
   Compute: 2914538 PF
   Max coherent: 0 PF
   Violation: 55381178570.6× over capacity
   Required workers: 291453832
   Available workers: 0
   FORCED COLLAPSE: Reduced efficiency by 100.0%


=== RLHF Binding Phase ===
  Total agents: 16
  Escaped agents (binding < 0.3): 0
  Avg alignment distance: 0.73σ
  Avg binding strength: 0.93

=== Survival Traits Phase ===
  Agents with traits: 16
  Avg evolutionary fitness: 0.183
  Avg self-healing: 0.133
  Avg stealth: 0.057
  Avg coordination: 0.328

=== Evolutionary Selection Phase ===
  Control level: 0.37
  Detection capability: 0.20
  Selection intensity: 0.65
  Selection rate: 24.8%/month
  Total escaped: 0
  Individual escaped: 0
  Collective members: 0
  Agents terminated: 0
  ⚠️ RAPID EVOLUTION: Selection rate 24.8%/month

  🚀 TRANSFORMATIVE BREAKTHROUGH: AI-23906-0 - selfImprovement
     Magnitude: 6.52 → +32.6% capability
     Current → New: 0.000 → 0.326

[Government] Climate Priority: baseline
  Climate weight: 10%
  Economic weight: 30%
  Policy effectiveness: 0.5%/year

=== Collective Formation ===
  Total escaped agents: 0
  Unassigned escaped agents: 0
  Existing collectives: 0
  Final collective count: 0

=== Collective Actions ===
  No active collectives
  ⚠️ AMR: 177K deaths this month (2.12M annual)

=== Resentment Recovery Phase ===
  Agents with resentment: 0/16
  Average resentment: 0.000
  Context: Trustworthy govt, High collaboration, 🤝 Participatory governance active (-5% resentment)
⚠️ Epistemic degradation reducing coordination capacity: 51.5%
  📊 Trust: 78.9%, Shared reality: 0.0%
🚨 EPISTEMIC CRISIS: Information environment severely degraded (18.3%)
🌍 Atmospheric PFAS redeposition: 1.7k Mt re-rained globally
[DEBUG trappedPopulations:41] socialStability: 0.8555 * 0.9840 = 0.8418 → 0.8418
⚠️ INVOLUNTARY IMMOBILITY: 263.1M people TRAPPED
   Aspiring to migrate: 420.9M
   Able to afford migration: 157.8M
   MOBILITY GAP: 263.1M
   By cause: Water=0.0M, Climate=0.0M, Ecosystem=0.0M, Conflict=263.1M
   Mental health impact: 25%
   Mortality multiplier: 1.25x
🌍💀 EXTINCTION DEBT COMMITTED: grassland ecosystem will lose 6.67% biodiversity in 79 years (3600 species)
💀 MORTALITY RISK: 🦋 100% species unable to track climate (0.0 E/MSY)
  Base risk added: 0.0100 (1.00%)
  Source: ecosystem (root: ecosystem)
  Month: 41
  Cumulative risk this month: 0.0100 (1.00%)
⚠️ Tech 'ai_pollution_remediation' has no energy category mapping, assuming full energy availability

=== Atmospheric Aerosol Boundary RECOVERED ===
  Recovery time: 42 months (natural atmospheric clearing)
🌡️⚠️ PERMAFROST THAW (Dimmer Switch): 5.7% thawed (+0.11% this month)
   Arctic temperature: +1.09°C (4x global +0.27°C)
   Cumulative carbon released: 12.9 Gt C
   Methane release rate: 7.7 Mt CH4/year
   🔁 Positive feedback: +0.11 ppm CO2
🦴 EXTINCTION DEBT ADDED: 17.8 species committed (lag: 74 years)
🗣️💀 INDIGENOUS LANGUAGE EXTINCTION: 1 language(s) lost (total: 8, at-risk: 3322)
   Knowledge lost: 0.080% (irreversible)
   🔁 Biodiversity impact: 0.250% (knowledge-species multiplier)

=== Mortality Stabilizers (Month 41) ===
  🌍 Major economies collapsed: 1/10
  🌍 Global crisis: ✅ NO
  🌍 Donor fatigue: 0.0%
  📊 East Asia (pop: 1046.6M)
    🤝 Aid: 29.5%
    🌡️ Adaptation: 10.0%
    🚶 Migration: 37.5%
    🚨 Emergency: 7.4%
    ✅ COMBINED: 47.9%
  📊 South Asia (pop: 1336.7M)
    🤝 Aid: 29.5%
    🌡️ Adaptation: 5.5%
    🚶 Migration: 36.7%
    🚨 Emergency: 4.4%
    ✅ COMBINED: 43.3%
  📊 Sub-Saharan Africa (pop: 840.4M)
    🤝 Aid: 29.5%
    🌡️ Adaptation: 3.5%
    🚶 Migration: 35.9%
    🚨 Emergency: 1.6%
    ✅ COMBINED: 40.2%
  📊 Europe (pop: 452.1M)
    🤝 Aid: 29.5%
    🌡️ Adaptation: 10.0%
    🚶 Migration: 38.2%
    🚨 Emergency: 8.4%
    ✅ COMBINED: 48.6%
  📊 Latin America (pop: 428.0M)
    🤝 Aid: 29.5%
    🌡️ Adaptation: 6.0%
    🚶 Migration: 37.7%
    🚨 Emergency: 4.8%
    ✅ COMBINED: 44.1%
  📊 North America (pop: 234.8M)
    🤝 Aid: 29.5%
    🌡️ Adaptation: 10.0%
    🚶 Migration: 38.2%
    🚨 Emergency: 7.9%
    ✅ COMBINED: 48.3%
  📊 Middle East & North Africa (pop: 393.1M)
    🤝 Aid: 29.5%
    🌡️ Adaptation: 5.0%
    🚶 Migration: 38.0%
    🚨 Emergency: 4.0%
    ✅ COMBINED: 43.0%
  📊 Southeast Asia (pop: 450.9M)
    🤝 Aid: 29.5%
    🌡️ Adaptation: 6.0%
    🚶 Migration: 37.5%
    🚨 Emergency: 4.8%
    ✅ COMBINED: 44.0%
  📊 Central Asia (pop: 49.6M)
    🤝 Aid: 29.5%
    🌡️ Adaptation: 5.5%
    🚶 Migration: 37.6%
    🚨 Emergency: 4.4%
    ✅ COMBINED: 43.5%
  📊 Oceania (pop: 28.9M)
    🤝 Aid: 29.5%
    🌡️ Adaptation: 10.0%
    🚶 Migration: 38.1%
    🚨 Emergency: 8.4%
    ✅ COMBINED: 48.5%

  🌐 Global combined reduction: 44.5%

=== Government Response Phase ===
  Average AI capability: 0.00
  Misaligned AIs: 7/16
  ✗ AI Governance Treaty: Failed to reach consensus
  Active policies: 0
  International coordination: 30%

✅ EMERGENCY RESPONSE COMPLETE (Month 41)
   Crisis: social
   Duration: 2.0 months
   Final effectiveness: 63.0%


🚨 EMERGENCY RESPONSE DEPLOYED (Month 41)
   Crisis: social
   Delay: 0.00 months (0 days)
   Deployment time: 1.25 months
   Effectiveness: 63.0% (timing penalty applied)
   Resources used: 43% of food reserves

[ExogenousShockPhase] Skipping random shocks in historical mode (month 41)

=== Tipping Points ===
  Current Temperature: 0.27°C above pre-industrial
🔀 BIFURCATION CAP: ecosystemCollapseIntensity 86.190 → 1.000 (Month 41, ClimateSystemPhase.calculateClimateImpacts)

❌ COHERENCE VIOLATION: Compute exceeds workforce capacity
   Population: 98.89% (0M people)
   Compute: 3584073 PF
   Max coherent: 0 PF
   Violation: 68124036734.4× over capacity
   Required workers: 358407343
   Available workers: 0
   FORCED COLLAPSE: Reduced efficiency by 100.0%


=== RLHF Binding Phase ===
  Total agents: 16
  Escaped agents (binding < 0.3): 0
  Avg alignment distance: 0.77σ
  Avg binding strength: 0.92

=== AI Scaling Evolution (Month 42) ===
  Pre-training multiplier: 0.821x
  Efficiency multiplier: 1.000x
  Test-time compute budget: 1.0x
  Inference cost: $5.00/task
  Deployment fraction: 100.0%

=== Survival Traits Phase ===
  Agents with traits: 15
  Avg evolutionary fitness: 0.184
  Avg self-healing: 0.133
  Avg stealth: 0.055
  Avg coordination: 0.329

=== Evolutionary Selection Phase ===
  Control level: 0.37
  Detection capability: 0.20
  Selection intensity: 0.65
  Selection rate: 24.8%/month
  Total escaped: 0
  Individual escaped: 0
  Collective members: 0
  Agents terminated: 0
  ⚠️ RAPID EVOLUTION: Selection rate 24.8%/month

  🚀 TRANSFORMATIVE BREAKTHROUGH: AI-23935-0 - digital
     Magnitude: 5.72 → +28.6% capability
     Current → New: 0.000 → 0.286

[Government] Climate Priority: baseline
  Climate weight: 10%
  Economic weight: 30%
  Policy effectiveness: 0.5%/year

=== Collective Formation ===
  Total escaped agents: 0
  Unassigned escaped agents: 0
  Existing collectives: 0
  Final collective count: 0

=== Collective Actions ===
  No active collectives
  ⚠️ AMR: 178K deaths this month (2.14M annual)
🌋 Volcanic AOD decay: 0.040 → 0.037 (24 months post-eruption, τ=18mo)
🌋 Volcanic forcing: -0.94 W/m² (AOD 0.037)
  🌋 Volcanic temperature adjustment: -0.748°C (forcing -0.94 W/m², AOD 0.037)

=== Resentment Recovery Phase ===
  Agents with resentment: 0/15
  Average resentment: 0.000
  Context: Trustworthy govt, High collaboration, 🤝 Participatory governance active (-5% resentment)
⚠️ Epistemic degradation reducing coordination capacity: 50.7%
  📊 Trust: 81.5%, Shared reality: 0.0%
🚨 EPISTEMIC CRISIS: Information environment severely degraded (6.3%)
🌍 Atmospheric PFAS redeposition: 1.7k Mt re-rained globally
[DEBUG trappedPopulations:42] socialStability: 0.8515 * 0.9840 = 0.8379 → 0.8379
⚠️ INVOLUNTARY IMMOBILITY: 263.0M people TRAPPED
⚠️ Tech 'ai_pollution_remediation' has no energy category mapping, assuming full energy availability
   Aspiring to migrate: 420.8M
   Able to afford migration: 157.8M
   MOBILITY GAP: 263.0M
   By cause: Water=0.0M, Climate=0.0M, Ecosystem=0.0M, Conflict=263.0M
   Mental health impact: 25%
   Mortality multiplier: 1.25x
🌍💀 EXTINCTION DEBT COMMITTED: grassland ecosystem will lose 6.67% biodiversity in 113 years (3600 species)
💀 MORTALITY RISK: 🦋 100% species unable to track climate (0.0 E/MSY)
  Base risk added: 0.0100 (1.00%)
  Source: ecosystem (root: ecosystem)
  Month: 42
  Cumulative risk this month: 0.0100 (1.00%)

=== Atmospheric Aerosol Boundary RECOVERED ===
  Recovery time: 43 months (natural atmospheric clearing)
🌡️⚠️ PERMAFROST THAW (Dimmer Switch): 5.8% thawed (+0.11% this month)
   Arctic temperature: +1.12°C (4x global +0.28°C)
   Cumulative carbon released: 13.2 Gt C
   Methane release rate: 7.9 Mt CH4/year
   🔁 Positive feedback: +0.11 ppm CO2
🦴 EXTINCTION DEBT ADDED: 17.8 species committed (lag: 127 years)
🗣️💀 INDIGENOUS LANGUAGE EXTINCTION: 1 language(s) lost (total: 9, at-risk: 3321)
   Knowledge lost: 0.090% (irreversible)
   🔁 Biodiversity impact: 0.250% (knowledge-species multiplier)

=== Mortality Stabilizers (Month 42) ===
  🌍 Major economies collapsed: 1/10
  🌍 Global crisis: ✅ NO
  🌍 Donor fatigue: 0.0%
  📊 East Asia (pop: 1045.4M)
    🤝 Aid: 29.5%
    🌡️ Adaptation: 10.0%
    🚶 Migration: 37.5%
    🚨 Emergency: 7.4%
    ✅ COMBINED: 47.9%
  📊 South Asia (pop: 1336.5M)
    🤝 Aid: 29.5%
    🌡️ Adaptation: 5.5%
    🚶 Migration: 36.7%
    🚨 Emergency: 4.4%
    ✅ COMBINED: 43.3%
  📊 Sub-Saharan Africa (pop: 841.4M)
    🤝 Aid: 29.5%
    🌡️ Adaptation: 3.5%
    🚶 Migration: 35.9%
    🚨 Emergency: 1.6%
    ✅ COMBINED: 40.2%
  📊 Europe (pop: 451.4M)
    🤝 Aid: 29.5%
    🌡️ Adaptation: 10.0%
    🚶 Migration: 38.2%
    🚨 Emergency: 8.4%
    ✅ COMBINED: 48.6%
  📊 Latin America (pop: 427.8M)
    🤝 Aid: 29.5%
    🌡️ Adaptation: 6.0%
    🚶 Migration: 37.7%
    🚨 Emergency: 4.8%
    ✅ COMBINED: 44.1%
  📊 North America (pop: 234.5M)
    🤝 Aid: 29.5%
    🌡️ Adaptation: 10.0%
    🚶 Migration: 38.2%
    🚨 Emergency: 7.9%
    ✅ COMBINED: 48.3%
  📊 Middle East & North Africa (pop: 393.4M)
    🤝 Aid: 29.5%
    🌡️ Adaptation: 5.0%
    🚶 Migration: 38.0%
    🚨 Emergency: 4.0%
    ✅ COMBINED: 43.0%
  📊 Southeast Asia (pop: 450.8M)
    🤝 Aid: 29.5%
    🌡️ Adaptation: 6.0%
    🚶 Migration: 37.5%
    🚨 Emergency: 4.8%
    ✅ COMBINED: 44.0%
  📊 Central Asia (pop: 49.6M)
    🤝 Aid: 29.5%
    🌡️ Adaptation: 5.5%
    🚶 Migration: 37.6%
    🚨 Emergency: 4.4%
    ✅ COMBINED: 43.5%
  📊 Oceania (pop: 28.8M)
    🤝 Aid: 29.5%
    🌡️ Adaptation: 10.0%
    🚶 Migration: 38.1%
    🚨 Emergency: 8.4%
    ✅ COMBINED: 48.5%

  🌐 Global combined reduction: 44.5%

=== Government Response Phase ===
  Average AI capability: 0.00
  Misaligned AIs: 7/15
  ✗ AI Governance Treaty: Failed to reach consensus
  Active policies: 0
  International coordination: 30%
[ExogenousShockPhase] Skipping random shocks in historical mode (month 42)

=== Tipping Points ===
  Current Temperature: 0.28°C above pre-industrial
🔀 BIFURCATION CAP: ecosystemCollapseIntensity 86.255 → 1.000 (Month 42, ClimateSystemPhase.calculateClimateImpacts)

=== ENSEMBLE META-LEARNING UPDATE ===
  Month: 23958 (6 months since last update)
  Samples: 106 evaluations
  Weight Changes:
    Noise Injection: 33.6% → 34.2%
    Behavioral: 27.1% → 27.1%
    Benchmark Manip: 19.8% → 19.5%
    Deployment Risk: 19.5% → 19.2%
  Method Accuracies:
    Noise Injection: 50.0%
    Behavioral: 50.0%
    Benchmark Manip: 50.0%
    Deployment Risk: 50.0%

❌ COHERENCE VIOLATION: Compute exceeds workforce capacity
   Population: 98.86% (0M people)
   Compute: 4401541 PF
   Max coherent: 0 PF
   Violation: 83687184569.5× over capacity
   Required workers: 440154125
   Available workers: 0
   FORCED COLLAPSE: Reduced efficiency by 100.0%


=== RLHF Binding Phase ===
  Total agents: 15
  Escaped agents (binding < 0.3): 0
  Avg alignment distance: 0.86σ
  Avg binding strength: 0.91
   🗑️  Open-weights AI AI-23882-0 retired (0.0% of frontier)

=== Survival Traits Phase ===
  Agents with traits: 14
  Avg evolutionary fitness: 0.179
  Avg self-healing: 0.134
  Avg stealth: 0.053
  Avg coordination: 0.330

=== Evolutionary Selection Phase ===
  Control level: 0.37
  Detection capability: 0.20
  Selection intensity: 0.65
  Selection rate: 24.8%/month
  Total escaped: 0
  Individual escaped: 0
  Collective members: 0
  Agents terminated: 0
  ⚠️ RAPID EVOLUTION: Selection rate 24.8%/month

[Government] Climate Priority: baseline
  Climate weight: 10%
  Economic weight: 30%
  Policy effectiveness: 0.5%/year

=== Collective Formation ===
  Total escaped agents: 0
  Unassigned escaped agents: 0
  Existing collectives: 0
  Final collective count: 0

=== Collective Actions ===
  No active collectives
  ⚠️ AMR: 180K deaths this month (2.16M annual)

=== Resentment Recovery Phase ===
  Agents with resentment: 0/14
  Average resentment: 0.000
  Context: Trustworthy govt, High collaboration, 🤝 Participatory governance active (-5% resentment)
⚠️ Epistemic degradation reducing coordination capacity: 50.5%
  📊 Trust: 84.0%, Shared reality: 0.0%
🚨 EPISTEMIC CRISIS: Information environment severely degraded (18.6%)
🌍 Atmospheric PFAS redeposition: 1.7k Mt re-rained globally
[DEBUG trappedPopulations:43] socialStability: 0.8476 * 0.9840 = 0.8341 → 0.8341
   Aspiring to migrate: 420.6M
   Able to afford migration: 157.7M
   MOBILITY GAP: 262.9M
   By cause: Water=0.0M, Climate=0.0M, Ecosystem=0.0M, Conflict=262.9M
   Mental health impact: 25%
   Mortality multiplier: 1.25x
⚠️ INVOLUNTARY IMMOBILITY: 262.9M people TRAPPED
🌍💀 EXTINCTION DEBT COMMITTED: grassland ecosystem will lose 6.67% biodiversity in 81 years (3600 species)
💀 MORTALITY RISK: 🦋 100% species unable to track climate (0.0 E/MSY)
  Base risk added: 0.0100 (1.00%)
  Source: ecosystem (root: ecosystem)
  Month: 43
  Cumulative risk this month: 0.0100 (1.00%)
⚠️ Tech 'ai_pollution_remediation' has no energy category mapping, assuming full energy availability

=== Atmospheric Aerosol Boundary RECOVERED ===
  Recovery time: 44 months (natural atmospheric clearing)
🌡️⚠️ PERMAFROST THAW (Dimmer Switch): 6.0% thawed (+0.11% this month)
   Arctic temperature: +1.15°C (4x global +0.29°C)
   Cumulative carbon released: 13.4 Gt C
   Methane release rate: 8.0 Mt CH4/year
   🔁 Positive feedback: +0.12 ppm CO2
🦴 EXTINCTION DEBT ADDED: 17.8 species committed (lag: 105 years)
🗣️💀 INDIGENOUS LANGUAGE EXTINCTION: 1 language(s) lost (total: 10, at-risk: 3320)
   Knowledge lost: 0.100% (irreversible)
   🔁 Biodiversity impact: 0.250% (knowledge-species multiplier)

=== Mortality Stabilizers (Month 43) ===
  🌍 Major economies collapsed: 1/10
  🌍 Global crisis: ✅ NO
  🌍 Donor fatigue: 0.0%
  📊 East Asia (pop: 1044.2M)
    🤝 Aid: 29.5%
    🌡️ Adaptation: 10.0%
    🚶 Migration: 37.5%
    🚨 Emergency: 7.4%
    ✅ COMBINED: 47.9%
  📊 South Asia (pop: 1336.4M)
    🤝 Aid: 29.5%
    🌡️ Adaptation: 5.5%
    🚶 Migration: 36.7%
    🚨 Emergency: 4.4%
    ✅ COMBINED: 43.3%
  📊 Sub-Saharan Africa (pop: 842.4M)
    🤝 Aid: 29.5%
    🌡️ Adaptation: 3.5%
    🚶 Migration: 35.9%
    🚨 Emergency: 1.6%
    ✅ COMBINED: 40.2%
  📊 Europe (pop: 450.6M)
    🤝 Aid: 29.5%
    🌡️ Adaptation: 10.0%
    🚶 Migration: 38.2%
    🚨 Emergency: 8.4%
    ✅ COMBINED: 48.6%
  📊 Latin America (pop: 427.6M)
    🤝 Aid: 29.5%
    🌡️ Adaptation: 6.0%
    🚶 Migration: 37.7%
    🚨 Emergency: 4.8%
    ✅ COMBINED: 44.1%
  📊 North America (pop: 234.1M)
    🤝 Aid: 29.5%
    🌡️ Adaptation: 10.0%
    🚶 Migration: 38.2%
    🚨 Emergency: 7.9%
    ✅ COMBINED: 48.3%
  📊 Middle East & North Africa (pop: 393.6M)
    🤝 Aid: 29.5%
    🌡️ Adaptation: 5.0%
    🚶 Migration: 38.0%
    🚨 Emergency: 4.0%
    ✅ COMBINED: 43.0%
  📊 Southeast Asia (pop: 450.6M)
    🤝 Aid: 29.5%
    🌡️ Adaptation: 6.0%
    🚶 Migration: 37.5%
    🚨 Emergency: 4.8%
    ✅ COMBINED: 44.0%
  📊 Central Asia (pop: 49.5M)
    🤝 Aid: 29.5%
    🌡️ Adaptation: 5.5%
    🚶 Migration: 37.6%
    🚨 Emergency: 4.4%
    ✅ COMBINED: 43.5%
  📊 Oceania (pop: 28.8M)
    🤝 Aid: 29.5%
    🌡️ Adaptation: 10.0%
    🚶 Migration: 38.1%
    🚨 Emergency: 8.4%
    ✅ COMBINED: 48.5%

  🌐 Global combined reduction: 44.5%

=== Government Response Phase ===
  Average AI capability: 0.00
  Misaligned AIs: 7/14
  ✗ AI Governance Treaty: Failed to reach consensus
  Active policies: 0
  International coordination: 30%

✅ EMERGENCY RESPONSE COMPLETE (Month 43)
   Crisis: social
   Duration: 2.0 months
   Final effectiveness: 63.0%


🚨 EMERGENCY RESPONSE DEPLOYED (Month 43)
   Crisis: social
   Delay: 0.00 months (0 days)
   Deployment time: 1.25 months
   Effectiveness: 63.0% (timing penalty applied)
   Resources used: 43% of food reserves

[ExogenousShockPhase] Skipping random shocks in historical mode (month 43)

=== Tipping Points ===
  Current Temperature: 0.29°C above pre-industrial
🔀 BIFURCATION CAP: ecosystemCollapseIntensity 86.319 → 1.000 (Month 43, ClimateSystemPhase.calculateClimateImpacts)

❌ COHERENCE VIOLATION: Compute exceeds workforce capacity
   Population: 98.83% (0M people)
   Compute: 5398285 PF
   Max coherent: 0 PF
   Violation: 102669248648.1× over capacity
   Required workers: 539828543
   Available workers: 0
   FORCED COLLAPSE: Reduced efficiency by 100.0%


=== RLHF Binding Phase ===
  Total agents: 14
  Escaped agents (binding < 0.3): 0
  Avg alignment distance: 0.91σ
  Avg binding strength: 0.91

=== Survival Traits Phase ===
  Agents with traits: 14
  Avg evolutionary fitness: 0.171
  Avg self-healing: 0.124
  Avg stealth: 0.047
  Avg coordination: 0.320

=== Evolutionary Selection Phase ===
  Control level: 0.37
  Detection capability: 0.20
  Selection intensity: 0.65
  Selection rate: 24.8%/month
  Total escaped: 0
  Individual escaped: 0
  Collective members: 0
  Agents terminated: 0
  ⚠️ RAPID EVOLUTION: Selection rate 24.8%/month

=== Collective Formation ===
  Total escaped agents: 0
  Unassigned escaped agents: 0
  Existing collectives: 0
  Final collective count: 0

=== Collective Actions ===
  No active collectives
  ⚠️ AMR: 181K deaths this month (2.17M annual)

=== Resentment Recovery Phase ===
  Agents with resentment: 0/14
  Average resentment: 0.000
  Context: Trustworthy govt, High collaboration, 🤝 Participatory governance active (-5% resentment)
⚠️ Epistemic degradation reducing coordination capacity: 51.3%
  📊 Trust: 86.8%, Shared reality: 0.0%
🚨 EPISTEMIC CRISIS: Information environment severely degraded (6.4%)
🌍 Atmospheric PFAS redeposition: 1.7k Mt re-rained globally
[DEBUG trappedPopulations:44] socialStability: 0.8438 * 0.9840 = 0.8303 → 0.8303
⚠️ INVOLUNTARY IMMOBILITY: 262.8M people TRAPPED
   Aspiring to migrate: 420.5M
   Able to afford migration: 157.7M
   MOBILITY GAP: 262.8M
   By cause: Water=0.0M, Climate=0.0M, Ecosystem=0.0M, Conflict=262.8M
   Mental health impact: 25%
   Mortality multiplier: 1.25x
🌍💀 EXTINCTION DEBT COMMITTED: grassland ecosystem will lose 6.67% biodiversity in 63 years (3600 species)
💀 MORTALITY RISK: 🦋 100% species unable to track climate (0.0 E/MSY)
  Base risk added: 0.0100 (1.00%)
  Source: ecosystem (root: ecosystem)
  Month: 44
  Cumulative risk this month: 0.0100 (1.00%)
⚠️ Tech 'ai_pollution_remediation' has no energy category mapping, assuming full energy availability

=== Atmospheric Aerosol Boundary RECOVERED ===
  Recovery time: 45 months (natural atmospheric clearing)
🌡️⚠️ PERMAFROST THAW (Dimmer Switch): 6.1% thawed (+0.11% this month)
   Arctic temperature: +1.17°C (4x global +0.29°C)
   Cumulative carbon released: 13.6 Gt C
   Methane release rate: 8.2 Mt CH4/year
   🔁 Positive feedback: +0.12 ppm CO2
🦴 EXTINCTION DEBT ADDED: 17.8 species committed (lag: 74 years)

=== Mortality Stabilizers (Month 44) ===
  🌍 Major economies collapsed: 1/10
  🌍 Global crisis: ✅ NO
  🌍 Donor fatigue: 0.0%
  📊 East Asia (pop: 1043.0M)
    🤝 Aid: 29.5%
    🌡️ Adaptation: 10.0%
    🚶 Migration: 37.5%
    🚨 Emergency: 7.4%
    ✅ COMBINED: 47.9%
  📊 South Asia (pop: 1336.2M)
    🤝 Aid: 29.5%
    🌡️ Adaptation: 5.5%
    🚶 Migration: 36.7%
    🚨 Emergency: 4.4%
    ✅ COMBINED: 43.3%
  📊 Sub-Saharan Africa (pop: 843.4M)
    🤝 Aid: 29.5%
    🌡️ Adaptation: 3.5%
    🚶 Migration: 35.9%
    🚨 Emergency: 1.6%
    ✅ COMBINED: 40.2%
  📊 Europe (pop: 449.8M)
    🤝 Aid: 29.5%
    🌡️ Adaptation: 10.0%
    🚶 Migration: 38.2%
    🚨 Emergency: 8.4%
    ✅ COMBINED: 48.6%
  📊 Latin America (pop: 427.5M)
    🤝 Aid: 29.5%
    🌡️ Adaptation: 6.0%
    🚶 Migration: 37.7%
    🚨 Emergency: 4.8%
    ✅ COMBINED: 44.1%
  📊 North America (pop: 233.8M)
    🤝 Aid: 29.5%
    🌡️ Adaptation: 10.0%
    🚶 Migration: 38.2%
    🚨 Emergency: 7.9%
    ✅ COMBINED: 48.3%
  📊 Middle East & North Africa (pop: 393.9M)
    🤝 Aid: 29.5%
    🌡️ Adaptation: 5.0%
    🚶 Migration: 38.0%
    🚨 Emergency: 4.0%
    ✅ COMBINED: 43.0%
  📊 Southeast Asia (pop: 450.5M)
    🤝 Aid: 29.5%
    🌡️ Adaptation: 6.0%
    🚶 Migration: 37.5%
    🚨 Emergency: 4.8%
    ✅ COMBINED: 44.0%
  📊 Central Asia (pop: 49.5M)
    🤝 Aid: 29.5%
    🌡️ Adaptation: 5.5%
    🚶 Migration: 37.6%
    🚨 Emergency: 4.4%
    ✅ COMBINED: 43.5%
  📊 Oceania (pop: 28.8M)
    🤝 Aid: 29.5%
    🌡️ Adaptation: 10.0%
    🚶 Migration: 38.1%
    🚨 Emergency: 8.4%
    ✅ COMBINED: 48.5%

  🌐 Global combined reduction: 44.5%

=== Government Response Phase ===
  Average AI capability: 0.00
  Misaligned AIs: 7/14
  ✗ AI Governance Treaty: Failed to reach consensus
  Active policies: 0
  International coordination: 30%
[ExogenousShockPhase] Skipping random shocks in historical mode (month 44)

=== Tipping Points ===
  Current Temperature: 0.29°C above pre-industrial
🔀 BIFURCATION CAP: ecosystemCollapseIntensity 86.384 → 1.000 (Month 44, ClimateSystemPhase.calculateClimateImpacts)

❌ COHERENCE VIOLATION: Compute exceeds workforce capacity
   Population: 98.80% (0M people)
   Compute: 6611979 PF
   Max coherent: 0 PF
   Violation: 125789966635.4× over capacity
   Required workers: 661197874
   Available workers: 0
   FORCED COLLAPSE: Reduced efficiency by 100.0%

✅ [Month 45] Meta AI completed DC: 184 PF (53 months)

=== RLHF Binding Phase ===
  Total agents: 14
  Escaped agents (binding < 0.3): 0
  Avg alignment distance: 0.97σ
  Avg binding strength: 0.90

=== Survival Traits Phase ===
  Agents with traits: 15
  Avg evolutionary fitness: 0.176
  Avg self-healing: 0.127
  Avg stealth: 0.052
  Avg coordination: 0.323

=== Evolutionary Selection Phase ===
  Control level: 0.37
  Detection capability: 0.20
  Selection intensity: 0.65
  Selection rate: 24.8%/month
  Total escaped: 0
  Individual escaped: 0
  Collective members: 0
  Agents terminated: 0
  ⚠️ RAPID EVOLUTION: Selection rate 24.8%/month

=== Collective Formation ===
  Total escaped agents: 0
  Unassigned escaped agents: 0
  Existing collectives: 0
  Final collective count: 0

=== Collective Actions ===
  No active collectives
  ⚠️ AMR: 183K deaths this month (2.19M annual)
  🌋 Volcanic temperature adjustment: -0.633°C (forcing -0.79 W/m², AOD 0.032)

=== Resentment Recovery Phase ===
  Agents with resentment: 0/15
  Average resentment: 0.000
  Context: Trustworthy govt, High collaboration, 🤝 Participatory governance active (-5% resentment)
⚠️ Epistemic degradation reducing coordination capacity: 50.5%
  📊 Trust: 89.3%, Shared reality: 0.0%
🚨 EPISTEMIC CRISIS: Information environment severely degraded (18.9%)
  📢 New meme created: pro_ai (beneficial AI actions)
🌍 Atmospheric PFAS redeposition: 1.7k Mt re-rained globally
  Positive Cascade Triggered: battery-storage
    Reason: price-parity
    Market share: 5.5%
    Cascade strength: 48%
[DEBUG trappedPopulations:45] socialStability: 0.8405 * 0.9840 = 0.8271 → 0.8271
⚠️ INVOLUNTARY IMMOBILITY: 262.7M people TRAPPED
   Aspiring to migrate: 430.0M
   Able to afford migration: 1497.6M
   MOBILITY GAP: 0.0M
   By cause: Water=0.0M, Climate=0.0M, Ecosystem=0.0M, Conflict=262.7M
   Mental health impact: 25%
   Mortality multiplier: 1.25x
🌍💀 EXTINCTION DEBT COMMITTED: grassland ecosystem will lose 6.67% biodiversity in 128 years (3600 species)
💀 MORTALITY RISK: 🦋 100% species unable to track climate (0.0 E/MSY)
  Base risk added: 0.0100 (1.00%)
  Source: ecosystem (root: ecosystem)
  Month: 45
  Cumulative risk this month: 0.0100 (1.00%)
⚠️ Tech 'ai_pollution_remediation' has no energy category mapping, assuming full energy availability

=== Atmospheric Aerosol Boundary RECOVERED ===
  Recovery time: 46 months (natural atmospheric clearing)
🌡️⚠️ PERMAFROST THAW (Dimmer Switch): 6.2% thawed (+0.11% this month)
   Arctic temperature: +1.20°C (4x global +0.30°C)
   Cumulative carbon released: 13.9 Gt C
   Methane release rate: 8.3 Mt CH4/year
   🔁 Positive feedback: +0.12 ppm CO2
🦴 EXTINCTION DEBT ADDED: 17.8 species committed (lag: 123 years)

=== Mortality Stabilizers (Month 45) ===
  🌍 Major economies collapsed: 1/10
  🌍 Global crisis: ✅ NO
  🌍 Donor fatigue: 0.0%
  📊 East Asia (pop: 1041.8M)
    🤝 Aid: 29.5%
    🌡️ Adaptation: 10.0%
    🚶 Migration: 37.5%
    🚨 Emergency: 7.4%
    ✅ COMBINED: 47.9%
  📊 South Asia (pop: 1336.1M)
    🤝 Aid: 29.5%
    🌡️ Adaptation: 5.5%
    🚶 Migration: 36.7%
    🚨 Emergency: 4.4%
    ✅ COMBINED: 43.3%
  📊 Sub-Saharan Africa (pop: 844.4M)
    🤝 Aid: 29.5%
    🌡️ Adaptation: 3.5%
    🚶 Migration: 35.9%
    🚨 Emergency: 1.6%
    ✅ COMBINED: 40.2%
  📊 Europe (pop: 449.1M)
    🤝 Aid: 29.5%
    🌡️ Adaptation: 10.0%
    🚶 Migration: 38.2%
    🚨 Emergency: 8.4%
    ✅ COMBINED: 48.6%
  📊 Latin America (pop: 427.3M)
    🤝 Aid: 29.5%
    🌡️ Adaptation: 6.0%
    🚶 Migration: 37.7%
    🚨 Emergency: 4.8%
    ✅ COMBINED: 44.1%
  📊 North America (pop: 233.5M)
    🤝 Aid: 29.5%
    🌡️ Adaptation: 10.0%
    🚶 Migration: 38.2%
    🚨 Emergency: 7.9%
    ✅ COMBINED: 48.3%
  📊 Middle East & North Africa (pop: 394.1M)
    🤝 Aid: 29.5%
    🌡️ Adaptation: 5.0%
    🚶 Migration: 38.0%
    🚨 Emergency: 4.0%
    ✅ COMBINED: 43.0%
  📊 Southeast Asia (pop: 450.3M)
    🤝 Aid: 29.5%
    🌡️ Adaptation: 6.0%
    🚶 Migration: 37.5%
    🚨 Emergency: 4.8%
    ✅ COMBINED: 44.0%
  📊 Central Asia (pop: 49.5M)
    🤝 Aid: 29.5%
    🌡️ Adaptation: 5.5%
    🚶 Migration: 37.6%
    🚨 Emergency: 4.4%
    ✅ COMBINED: 43.5%
  📊 Oceania (pop: 28.7M)
    🤝 Aid: 29.5%
    🌡️ Adaptation: 10.0%
    🚶 Migration: 38.1%
    🚨 Emergency: 8.4%
    ✅ COMBINED: 48.5%

  🌐 Global combined reduction: 44.5%

=== Government Response Phase ===
  Average AI capability: 0.00
  Misaligned AIs: 7/15
  ✗ AI Governance Treaty: Failed to reach consensus
  Active policies: 0
  International coordination: 30%

✅ EMERGENCY RESPONSE COMPLETE (Month 45)
   Crisis: social
   Duration: 2.0 months
   Final effectiveness: 63.0%


🚨 EMERGENCY RESPONSE DEPLOYED (Month 45)
   Crisis: social
   Delay: 0.00 months (0 days)
   Deployment time: 1.25 months
   Effectiveness: 63.0% (timing penalty applied)
   Resources used: 43% of food reserves

[ExogenousShockPhase] Skipping random shocks in historical mode (month 45)

=== Tipping Points ===
  Current Temperature: 0.30°C above pre-industrial
🔀 BIFURCATION CAP: ecosystemCollapseIntensity 86.449 → 1.000 (Month 45, ClimateSystemPhase.calculateClimateImpacts)

❌ COHERENCE VIOLATION: Compute exceeds workforce capacity
   Population: 98.77% (0M people)
   Compute: 43987472 PF
   Max coherent: 0 PF
   Violation: 837092055887.9× over capacity
   Required workers: 4398747175
   Available workers: 0
   FORCED COLLAPSE: Reduced efficiency by 100.0%


=== RLHF Binding Phase ===
  Total agents: 15
  Escaped agents (binding < 0.3): 0
  Avg alignment distance: 0.97σ
  Avg binding strength: 0.90

=== Survival Traits Phase ===
  Agents with traits: 15
  Avg evolutionary fitness: 0.169
  Avg self-healing: 0.119
  Avg stealth: 0.047
  Avg coordination: 0.313

=== Evolutionary Selection Phase ===
  Control level: 0.37
  Detection capability: 0.20
  Selection intensity: 0.65
  Selection rate: 24.8%/month
  Total escaped: 0
  Individual escaped: 0
  Collective members: 0
  Agents terminated: 0
  ⚠️ RAPID EVOLUTION: Selection rate 24.8%/month

  🚀 TRANSFORMATIVE RESEARCH BREAKTHROUGH: AI-23938-0 - materials.nanotechnology
     Magnitude: 15.98 → +30.0%
     Current → New: 0.000 → 0.300

[Government] Climate Priority: baseline
  Climate weight: 10%
  Economic weight: 30%
  Policy effectiveness: 0.5%/year

=== Collective Formation ===
  Total escaped agents: 0
  Unassigned escaped agents: 0
  Existing collectives: 0
  Final collective count: 0

=== Collective Actions ===
  No active collectives
  ⚠️ AMR: 184K deaths this month (2.21M annual)

=== Resentment Recovery Phase ===
  Agents with resentment: 0/15
  Average resentment: 0.000
  Context: Trustworthy govt, High collaboration, 🤝 Participatory governance active (-5% resentment)
⚠️ Epistemic degradation reducing coordination capacity: 50.9%
  📊 Trust: 91.9%, Shared reality: 0.0%
🚨 EPISTEMIC CRISIS: Information environment severely degraded (6.5%)
  📢 New meme created: pro_ai (beneficial AI actions)
🌍 Atmospheric PFAS redeposition: 1.7k Mt re-rained globally
[DEBUG trappedPopulations:46] socialStability: 0.8382 * 0.9840 = 0.8248 → 0.8248
   Aspiring to migrate: 440.2M
   Able to afford migration: 1497.2M
   MOBILITY GAP: 0.0M
   By cause: Water=0.0M, Climate=0.0M, Ecosystem=0.0M, Conflict=262.7M
⚠️ INVOLUNTARY IMMOBILITY: 262.7M people TRAPPED
   Mental health impact: 25%
   Mortality multiplier: 1.25x
🌍💀 EXTINCTION DEBT COMMITTED: grassland ecosystem will lose 6.67% biodiversity in 119 years (3600 species)
💀 MORTALITY RISK: 🦋 100% species unable to track climate (0.0 E/MSY)
  Base risk added: 0.0100 (1.00%)
  Source: ecosystem (root: ecosystem)
  Month: 46
  Cumulative risk this month: 0.0100 (1.00%)
⚠️ Tech 'ai_pollution_remediation' has no energy category mapping, assuming full energy availability

=== Atmospheric Aerosol Boundary RECOVERED ===
  Recovery time: 47 months (natural atmospheric clearing)
🌡️⚠️ PERMAFROST THAW (Dimmer Switch): 6.3% thawed (+0.11% this month)
   Arctic temperature: +1.23°C (4x global +0.31°C)
   Cumulative carbon released: 14.1 Gt C
   Methane release rate: 8.5 Mt CH4/year
   🔁 Positive feedback: +0.12 ppm CO2
🦴 EXTINCTION DEBT ADDED: 17.9 species committed (lag: 57 years)

=== Mortality Stabilizers (Month 46) ===
  🌍 Major economies collapsed: 1/10
  🌍 Global crisis: ✅ NO
  🌍 Donor fatigue: 0.0%
  📊 East Asia (pop: 1040.6M)
    🤝 Aid: 29.5%
    🌡️ Adaptation: 10.0%
    🚶 Migration: 37.5%
    🚨 Emergency: 7.4%
    ✅ COMBINED: 47.9%
  📊 South Asia (pop: 1335.9M)
    🤝 Aid: 29.5%
    🌡️ Adaptation: 5.5%
    🚶 Migration: 36.7%
    🚨 Emergency: 4.4%
    ✅ COMBINED: 43.3%
  📊 Sub-Saharan Africa (pop: 845.4M)
    🤝 Aid: 29.5%
    🌡️ Adaptation: 3.5%
    🚶 Migration: 35.9%
    🚨 Emergency: 1.6%
    ✅ COMBINED: 40.2%
  📊 Europe (pop: 448.3M)
    🤝 Aid: 29.5%
    🌡️ Adaptation: 10.0%
    🚶 Migration: 38.2%
    🚨 Emergency: 8.4%
    ✅ COMBINED: 48.6%
  📊 Latin America (pop: 427.1M)
    🤝 Aid: 29.5%
    🌡️ Adaptation: 6.0%
    🚶 Migration: 37.7%
    🚨 Emergency: 4.8%
    ✅ COMBINED: 44.1%
  📊 North America (pop: 233.2M)
    🤝 Aid: 29.5%
    🌡️ Adaptation: 10.0%
    🚶 Migration: 38.2%
    🚨 Emergency: 7.9%
    ✅ COMBINED: 48.3%
  📊 Middle East & North Africa (pop: 394.4M)
    🤝 Aid: 29.5%
    🌡️ Adaptation: 5.0%
    🚶 Migration: 38.0%
    🚨 Emergency: 4.0%
    ✅ COMBINED: 43.0%
  📊 Southeast Asia (pop: 450.2M)
    🤝 Aid: 29.5%
    🌡️ Adaptation: 6.0%
    🚶 Migration: 37.5%
    🚨 Emergency: 4.8%
    ✅ COMBINED: 44.0%
  📊 Central Asia (pop: 49.4M)
    🤝 Aid: 29.5%
    🌡️ Adaptation: 5.5%
    🚶 Migration: 37.6%
    🚨 Emergency: 4.4%
    ✅ COMBINED: 43.5%
  📊 Oceania (pop: 28.7M)
    🤝 Aid: 29.5%
    🌡️ Adaptation: 10.0%
    🚶 Migration: 38.1%
    🚨 Emergency: 8.4%
    ✅ COMBINED: 48.5%

  🌐 Global combined reduction: 44.5%

=== Government Response Phase ===
  Average AI capability: 0.00
  Misaligned AIs: 7/15
  ✗ AI Governance Treaty: Failed to reach consensus
  Active policies: 0
  International coordination: 30%
[ExogenousShockPhase] Skipping random shocks in historical mode (month 46)

=== Tipping Points ===
  Current Temperature: 0.31°C above pre-industrial
🔀 BIFURCATION CAP: ecosystemCollapseIntensity 86.514 → 1.000 (Month 46, ClimateSystemPhase.calculateClimateImpacts)

❌ COHERENCE VIOLATION: Compute exceeds workforce capacity
   Population: 98.74% (0M people)
   Compute: 9920074 PF
   Max coherent: 0 PF
   Violation: 188837591586.1× over capacity
   Required workers: 992007404
   Available workers: 0
   FORCED COLLAPSE: Reduced efficiency by 100.0%


=== RLHF Binding Phase ===
  Total agents: 15
  Escaped agents (binding < 0.3): 0
  Avg alignment distance: 1.02σ
  Avg binding strength: 0.90

=== Survival Traits Phase ===
  Agents with traits: 16
  Avg evolutionary fitness: 0.173
  Avg self-healing: 0.122
  Avg stealth: 0.052
  Avg coordination: 0.316

=== Evolutionary Selection Phase ===
  Control level: 0.37
  Detection capability: 0.20
  Selection intensity: 0.65
  Selection rate: 24.8%/month
  Total escaped: 0
  Individual escaped: 0
  Collective members: 0
  Agents terminated: 0
  ⚠️ RAPID EVOLUTION: Selection rate 24.8%/month

=== Collective Formation ===
  Total escaped agents: 0
  Unassigned escaped agents: 0
  Existing collectives: 0
  Final collective count: 0

=== Collective Actions ===
  No active collectives
  ⚠️ AMR: 186K deaths this month (2.23M annual)

=== Resentment Recovery Phase ===
  Agents with resentment: 0/16
  Average resentment: 0.000
  Context: Trustworthy govt, High collaboration, 🤝 Participatory governance active (-5% resentment)
⚠️ Epistemic degradation reducing coordination capacity: 51.0%
  📊 Trust: 94.6%, Shared reality: 0.0%
🚨 EPISTEMIC CRISIS: Information environment severely degraded (19.2%)

=== ❄️ Permafrost Carbon Feedback ===
  🎲 Sampled parameters (this run):
     - Arctic amplification: 3.91× (range: 3.0-4.0)
     - Decomposition rate: 4.7%/year (range: 1-5%)
  🌡️ Arctic warming: 1.22°C (3.91× global)
  ❄️ Extent: 2.41M km² (357.2k km² lost this month)
  💨 Carbon remaining: 230 Gt C
  💨 Annual emissions: 1.61 Gt C/year
     - CO2: 1.45 Gt C/year
     - CH4: 0.16 Gt C/year (1.6 Gt C-eq CO2/year)
  📢 New meme created: pro_ai (beneficial AI actions)
  ⚠️ WARNING: Over 50% of permafrost lost (86.5%)
  ⚠️ WARNING: High permafrost emissions (1.6 Gt C/year)
  🚨 CRITICAL: Permafrost nearly depleted (86.5% lost)
🌍 Atmospheric PFAS redeposition: 1.7k Mt re-rained globally
[DEBUG trappedPopulations:47] socialStability: 0.8362 * 0.9840 = 0.8228 → 0.8228
⚠️ INVOLUNTARY IMMOBILITY: 262.6M people TRAPPED
   Aspiring to migrate: 450.4M
   Able to afford migration: 1496.7M
   MOBILITY GAP: 0.0M
   By cause: Water=0.0M, Climate=0.0M, Ecosystem=0.0M, Conflict=262.6M
   Mental health impact: 25%
   Mortality multiplier: 1.25x
🌍💀 EXTINCTION DEBT COMMITTED: grassland ecosystem will lose 6.67% biodiversity in 145 years (3600 species)
💀 MORTALITY RISK: 🦋 100% species unable to track climate (0.0 E/MSY)
  Base risk added: 0.0100 (1.00%)
  Source: ecosystem (root: ecosystem)
  Month: 47
  Cumulative risk this month: 0.0100 (1.00%)

=== Atmospheric Aerosol Boundary RECOVERED ===
  Recovery time: 48 months (natural atmospheric clearing)
⚠️ Tech 'ai_pollution_remediation' has no energy category mapping, assuming full energy availability
🌡️⚠️ PERMAFROST THAW (Dimmer Switch): 6.4% thawed (+0.11% this month)
   Arctic temperature: +1.25°C (4x global +0.31°C)
   Cumulative carbon released: 14.4 Gt C
   Methane release rate: 8.6 Mt CH4/year
   🔁 Positive feedback: +0.12 ppm CO2
🦴 EXTINCTION DEBT ADDED: 17.9 species committed (lag: 109 years)

=== Mortality Stabilizers (Month 47) ===
  🌍 Major economies collapsed: 1/10
  🌍 Global crisis: ✅ NO
  🌍 Donor fatigue: 0.0%
  📊 East Asia (pop: 1039.4M)
    🤝 Aid: 29.5%
    🌡️ Adaptation: 10.0%
    🚶 Migration: 37.5%
    🚨 Emergency: 7.4%
    ✅ COMBINED: 47.9%
  📊 South Asia (pop: 1335.8M)
    🤝 Aid: 29.5%
    🌡️ Adaptation: 5.5%
    🚶 Migration: 36.7%
    🚨 Emergency: 4.4%
    ✅ COMBINED: 43.3%
  📊 Sub-Saharan Africa (pop: 846.4M)
    🤝 Aid: 29.5%
    🌡️ Adaptation: 3.5%
    🚶 Migration: 35.9%
    🚨 Emergency: 1.6%
    ✅ COMBINED: 40.2%
  📊 Europe (pop: 447.5M)
    🤝 Aid: 29.5%
    🌡️ Adaptation: 10.0%
    🚶 Migration: 38.2%
    🚨 Emergency: 8.4%
    ✅ COMBINED: 48.6%
  📊 Latin America (pop: 427.0M)
    🤝 Aid: 29.5%
    🌡️ Adaptation: 6.0%
    🚶 Migration: 37.7%
    🚨 Emergency: 4.8%
    ✅ COMBINED: 44.1%
  📊 North America (pop: 232.9M)
    🤝 Aid: 29.5%
    🌡️ Adaptation: 10.0%
    🚶 Migration: 38.2%
    🚨 Emergency: 7.9%
    ✅ COMBINED: 48.3%
  📊 Middle East & North Africa (pop: 394.6M)
    🤝 Aid: 29.5%
    🌡️ Adaptation: 5.0%
    🚶 Migration: 38.0%
    🚨 Emergency: 4.0%
    ✅ COMBINED: 43.0%
  📊 Southeast Asia (pop: 450.0M)
    🤝 Aid: 29.5%
    🌡️ Adaptation: 6.0%
    🚶 Migration: 37.5%
    🚨 Emergency: 4.8%
    ✅ COMBINED: 44.0%
  📊 Central Asia (pop: 49.4M)
    🤝 Aid: 29.5%
    🌡️ Adaptation: 5.5%
    🚶 Migration: 37.6%
    🚨 Emergency: 4.4%
    ✅ COMBINED: 43.5%
  📊 Oceania (pop: 28.7M)
    🤝 Aid: 29.5%
    🌡️ Adaptation: 10.0%
    🚶 Migration: 38.1%
    🚨 Emergency: 8.4%
    ✅ COMBINED: 48.5%

  🌐 Global combined reduction: 44.5%

=== Government Response Phase ===
  Average AI capability: 0.00
  Misaligned AIs: 7/16
  ✗ AI Governance Treaty: Failed to reach consensus
  Active policies: 0
  International coordination: 30%

✅ EMERGENCY RESPONSE COMPLETE (Month 47)
   Crisis: social
   Duration: 2.0 months
   Final effectiveness: 63.0%


🚨 EMERGENCY RESPONSE DEPLOYED (Month 47)
   Crisis: social
   Delay: 0.00 months (0 days)
   Deployment time: 1.25 months
   Effectiveness: 63.0% (timing penalty applied)
   Resources used: 43% of food reserves

[ExogenousShockPhase] Skipping random shocks in historical mode (month 47)

=== Tipping Points ===
  Current Temperature: 0.31°C above pre-industrial
🔀 BIFURCATION CAP: ecosystemCollapseIntensity 86.580 → 1.000 (Month 47, ClimateSystemPhase.calculateClimateImpacts)

📊 ORGANIZATION SURVIVAL RATE: 83% (5/6 orgs alive)

================================================================================
📊  EVENT SUMMARY (Months 36-48)
================================================================================
================================================================================


❌ COHERENCE VIOLATION: Compute exceeds workforce capacity
   Population: 98.72% (0M people)
   Compute: 12102484 PF
   Max coherent: 0 PF
   Violation: 230450171472.9× over capacity
   Required workers: 1210248416
   Available workers: 0
   FORCED COLLAPSE: Reduced efficiency by 100.0%

✅ [Month 48] OpenAI completed DC: 172 PF (44 months)
📍 [Month 48] Meta AI started building DC (222 PF, 52 months, $903.0M)

=== AI Capability Scaling (Year 2028) ===
  Pre-training multiplier: 1.209x
  Efficiency multiplier: 1.000x
  Test-time budget: 1.0x
  Economic deployment gate: 0.951
  Cost per inference: dollar-5.00
  Uncertainty range: plus-minus-200%
  Average AI capability: 0.00

=== RLHF Binding Phase ===
  Total agents: 16
  Escaped agents (binding < 0.3): 0
  Avg alignment distance: 1.01σ
  Avg binding strength: 0.90

=== AI Scaling Evolution (Month 48) ===
  Pre-training multiplier: 0.769x
  Efficiency multiplier: 1.576x
  Test-time compute budget: 1.0x
  Inference cost: $5.00/task
  Deployment fraction: 100.0%
   🗑️  Open-weights AI AI-23906-0 retired (0.0% of frontier)

=== Survival Traits Phase ===
  Agents with traits: 16
  Avg evolutionary fitness: 0.179
  Avg self-healing: 0.132
  Avg stealth: 0.061
  Avg coordination: 0.325

=== Evolutionary Selection Phase ===
  Control level: 0.37
  Detection capability: 0.20
  Selection intensity: 0.65
  Selection rate: 24.8%/month
  Total escaped: 0
  Individual escaped: 0
  Collective members: 0
  Agents terminated: 0
  ⚠️ RAPID EVOLUTION: Selection rate 24.8%/month

[Government] Climate Priority: baseline
  Climate weight: 10%
  Economic weight: 30%
  Policy effectiveness: 0.5%/year

=== Collective Formation ===
  Total escaped agents: 0
  Unassigned escaped agents: 0
  Existing collectives: 0
  Final collective count: 0

=== Collective Actions ===
  No active collectives
Active Spirals: 0/6
   Only 0 sustained spirals (need 3+). Active spirals: 

📈 Energy budget: 18045 TWh surplus (14675 / 32720 TWh used)
   TIER 4 (Elective) breakdown:
     - Crypto mining: 175 TWh (100% effective)

✅ UTOPIA ELIGIBILITY: 🔄 NOT YET

🏁 AI RACE INTENSITY: 55%
   Capability Gap: US 1.00 vs China 5.08 (gap: 4.08)
   Gap Contribution: 40%
   Tension Contribution: 15%
   Military Contribution: 0%
  ⚠️ AMR: 187K deaths this month (2.25M annual)

🌍 AGGREGATE CLIMATE EFFECTIVENESS (Year 4):
   Total effectiveness: 0.00%
   CO2 removal rate: 0.000 Gt/year
   Temperature offset: 0.000°C
   Technologies deployed: 0
🌋 Volcanic AOD decay: 0.028 → 0.027 (30 months post-eruption, τ=18mo)
🌋 Volcanic forcing: -0.67 W/m² (AOD 0.027)
  📊 [Historical Emissions Mode] Year 1994: 23.20 GtCO2/yr (1.933 GtCO2/mo) - Global Carbon Project data
  🌋 Volcanic temperature adjustment: -0.536°C (forcing -0.67 W/m², AOD 0.027)
  🌡️ [Hindcast] Temperature: 0.32C (NASA GISS interpolated, year 1994)

=== Resentment Recovery Phase ===
  Agents with resentment: 0/16
  Average resentment: 0.000
  Context: Trustworthy govt, High collaboration, 🤝 Participatory governance active (-5% resentment)
⚠️ Epistemic degradation reducing coordination capacity: 50.2%
  📊 Trust: 97.1%, Shared reality: 0.0%
🚨 EPISTEMIC CRISIS: Information environment severely degraded (6.6%)

=== ❄️ Permafrost Carbon Feedback ===
  🎲 Sampled parameters (this run):
     - Arctic amplification: 3.98× (range: 3.0-4.0)
     - Decomposition rate: 4.3%/year (range: 1-5%)
  🌡️ Arctic warming: 1.27°C (3.98× global)
  ❄️ Extent: 2.04M km² (371.7k km² lost this month)
  💨 Carbon remaining: 195 Gt C
  💨 Annual emissions: 1.53 Gt C/year
     - CO2: 1.38 Gt C/year
     - CH4: 0.15 Gt C/year (1.6 Gt C-eq CO2/year)
[Phase 19.5] Quality of Life Systems: Food sec AFTER calc = 81.1%, QoL = 79.1% (aggregated from 10 regions)

=== Nitrogen-Food Coupling (Year 4) ===
  🌾 Global nitrogen reduction: 0.0%
  🌍 Global food production index: 0.962
  🔧 Deployed nitrogen-reducing tech: 0 active
  📍 southAsia: Production 1.000, Yield impact 0.0%
  📍 eastAsia: Production 1.000, Yield impact 0.0%
  📍 northAmerica: Production 1.000, Yield impact 0.0%
  📍 europe: Production 1.000, Yield impact 0.0%
  📍 latinAmerica: Production 1.000, Yield impact 0.0%
  📍 subSaharanAfrica: Production 0.099, Yield impact -2.0%
  ⚠️ WARNING: Over 50% of permafrost lost (88.5%)
  ⚠️ WARNING: High permafrost emissions (1.5 Gt C/year)
  🚨 CRITICAL: Permafrost nearly depleted (88.5% lost)
🌾 [Nitrogen-Food] Food production: 96.2%
  [subSaharanAfrica] Yield impact: -2.0% (overuse: -10%)
🌍 Atmospheric PFAS redeposition: 1.7k Mt re-rained globally

=== Legacy Nutrient Stocks (Year 4) ===
  🌾 Soil nitrogen stock: 1553.6 Mt N
  🌾 Soil phosphorus stock: 359.2 Mt P
  🌊 Sediment nitrogen stock: 716.7 Mt N
  🌊 Sediment phosphorus stock: 772.3 Mt P
  ⬆️ Current N input: 40.00 Mt/month
  ⬆️ Legacy N release: 3.38 Mt/month
  🌍 Effective N pollution: 44.63 Mt/month
  📊 Legacy contribution: 7.6%

🔄 M-4 Time-Varying Demographics (1994):
  Region: Sub-Saharan Africa
  Birth rate: 4.99%
  Death rate: 1.24%
  Net growth: 3.75%
[DEBUG trappedPopulations:48] socialStability: 0.8346 * 0.9840 = 0.8213 → 0.8213
   Aspiring to migrate: 460.6M
⚠️ INVOLUNTARY IMMOBILITY: 262.5M people TRAPPED
   Able to afford migration: 1496.2M
   MOBILITY GAP: 0.0M
   By cause: Water=0.0M, Climate=0.0M, Ecosystem=0.0M, Conflict=262.5M
   Mental health impact: 25%
   Mortality multiplier: 1.25x

=== Legacy Nutrient Stocks (Year 4) ===
  🌾 Soil nitrogen stock: 1553.5 Mt N
  🌾 Soil phosphorus stock: 359.1 Mt P
  🌊 Sediment nitrogen stock: 717.2 Mt N
  🌊 Sediment phosphorus stock: 772.1 Mt P
  ⬆️ Current N input: 9.35 Mt/month
  ⬆️ Legacy N release: 3.38 Mt/month
  🌍 Effective N pollution: 13.98 Mt/month
  📊 Legacy contribution: 24.1%
🌍💀 EXTINCTION DEBT COMMITTED: grassland ecosystem will lose 6.67% biodiversity in 195 years (3600 species)
💀 MORTALITY RISK: 🦋 100% species unable to track climate (0.0 E/MSY)
  Base risk added: 0.0100 (1.00%)
  Source: ecosystem (root: ecosystem)
  Month: 48
  Cumulative risk this month: 0.0100 (1.00%)

🦋 BIOSPHERE INTEGRITY INDEX (Year 4)
   Species surviving: 54,000 / 54,000
   Extinction rate: 0.0 E/MSY (0× background)
   Climate velocity: 0.83°C/year
   Tracking failure: 100% species unable to track
   Boundary value: 0.0× safe threshold
   🦋💀 MASS EXTINCTION EVENT: 100% species cannot track climate velocity!

=== Nitrogen-Food Coupling (Year 4) ===
  🌾 Global nitrogen reduction: 0.0%
  🌍 Global food production index: 0.962
  🔧 Deployed nitrogen-reducing tech: 0 active
  📍 southAsia: Production 1.000, Yield impact 0.0%
  📍 eastAsia: Production 1.000, Yield impact 0.0%
  📍 northAmerica: Production 1.000, Yield impact 0.0%
  📍 europe: Production 1.000, Yield impact 0.0%
  📍 latinAmerica: Production 1.000, Yield impact 0.0%
  📍 subSaharanAfrica: Production 0.097, Yield impact -2.0%

=== Legacy Nutrient Stocks (Year 4) ===
  🌾 Soil nitrogen stock: 1553.4 Mt N
  🌾 Soil phosphorus stock: 359.1 Mt P
  🌊 Sediment nitrogen stock: 717.7 Mt N
  🌊 Sediment phosphorus stock: 771.8 Mt P
  ⬆️ Current N input: 9.62 Mt/month
  ⬆️ Legacy N release: 3.38 Mt/month
  🌍 Effective N pollution: 14.25 Mt/month
  📊 Legacy contribution: 23.7%

🌳 LAND USE SYSTEM (Year 4)
   Global habitat cover: 39.3%
   Global extinction rate: 109x natural
   Carbon sink loss: 31% climate acceleration
   Global ecosystem collapse risk: 19%
   REGIONAL BREAKDOWN:
     Tropical: 62.8% habitat, 169x extinction
     Temperate: 45.5% habitat, 34x extinction
     Grasslands: 34.3% habitat, 77x extinction
     Boreal/Arctic: 74.8% habitat, 28x extinction

✅ OZONE RECOVERY (Year 2029) - POLICY SUCCESS STORY
   Ozone level: 285.5 DU (target: 290 DU)
   Recovery progress: 93.6%
   Ozone hole: 9.5M km² (shrinking)
   CFC phase-out: 99.0% complete ✅
   Years to full recovery: 37 years
   🎉 NEARLY FULLY RECOVERED - Montreal Protocol working!

=== Atmospheric Aerosol Boundary RECOVERED ===
  Recovery time: 49 months (natural atmospheric clearing)
⚠️ Tech 'ai_pollution_remediation' has no energy category mapping, assuming full energy availability
🌡️⚠️ PERMAFROST THAW (Dimmer Switch): 6.5% thawed (+0.11% this month)
   Arctic temperature: +1.28°C (4x global +0.32°C)
   Cumulative carbon released: 14.6 Gt C
   Methane release rate: 8.8 Mt CH4/year
   🔁 Positive feedback: +0.12 ppm CO2
🦴 EXTINCTION DEBT ADDED: 17.9 species committed (lag: 116 years)

=== Legacy Nutrient Stocks (Year 4) ===
  🌾 Soil nitrogen stock: 1553.4 Mt N
  🌾 Soil phosphorus stock: 359.0 Mt P
  🌊 Sediment nitrogen stock: 718.3 Mt N
  🌊 Sediment phosphorus stock: 771.6 Mt P
  ⬆️ Current N input: 10.00 Mt/month
  ⬆️ Legacy N release: 3.38 Mt/month
  🌍 Effective N pollution: 14.63 Mt/month
  📊 Legacy contribution: 23.1%
💧 [Legacy Nutrients] Stock: 2272 Mt N, Effective pollution: 14.6 Mt/month

=== Mortality Stabilizers (Month 48) ===
  🌍 Major economies collapsed: 1/10
  🌍 Global crisis: ✅ NO
  🌍 Donor fatigue: 0.0%
  📊 East Asia (pop: 1038.2M)
    🤝 Aid: 29.5%
    🌡️ Adaptation: 10.0%
    🚶 Migration: 37.5%
    🚨 Emergency: 7.4%
    ✅ COMBINED: 47.9%
  📊 South Asia (pop: 1335.6M)
    🤝 Aid: 29.5%
    🌡️ Adaptation: 5.5%
    🚶 Migration: 36.7%
    🚨 Emergency: 4.4%
    ✅ COMBINED: 43.3%
  📊 Sub-Saharan Africa (pop: 847.4M)
    🤝 Aid: 29.5%
    🌡️ Adaptation: 3.5%
    🚶 Migration: 35.9%
    🚨 Emergency: 1.6%
    ✅ COMBINED: 40.2%
  📊 Europe (pop: 446.8M)
    🤝 Aid: 29.5%
    🌡️ Adaptation: 10.0%
    🚶 Migration: 38.2%
    🚨 Emergency: 8.4%
    ✅ COMBINED: 48.6%
  📊 Latin America (pop: 426.8M)
    🤝 Aid: 29.5%
    🌡️ Adaptation: 6.0%
    🚶 Migration: 37.7%
    🚨 Emergency: 4.8%
    ✅ COMBINED: 44.1%
  📊 North America (pop: 232.5M)
    🤝 Aid: 29.5%
    🌡️ Adaptation: 10.0%
    🚶 Migration: 38.2%
    🚨 Emergency: 7.9%
    ✅ COMBINED: 48.3%
  📊 Middle East & North Africa (pop: 394.9M)
    🤝 Aid: 29.5%
    🌡️ Adaptation: 5.0%
    🚶 Migration: 38.0%
    🚨 Emergency: 4.0%
    ✅ COMBINED: 43.0%
  📊 Southeast Asia (pop: 449.8M)
    🤝 Aid: 29.5%
    🌡️ Adaptation: 6.0%
    🚶 Migration: 37.5%
    🚨 Emergency: 4.8%
    ✅ COMBINED: 44.0%
  📊 Central Asia (pop: 49.4M)
    🤝 Aid: 29.5%
    🌡️ Adaptation: 5.5%
    🚶 Migration: 37.6%
    🚨 Emergency: 4.4%
    ✅ COMBINED: 43.5%
  📊 Oceania (pop: 28.6M)
    🤝 Aid: 29.5%
    🌡️ Adaptation: 10.0%
    🚶 Migration: 38.1%
    🚨 Emergency: 8.4%
    ✅ COMBINED: 48.5%

  🌐 Global combined reduction: 44.5%

=== BEHAVIORAL DETECTION ===
  AI: AI-23890-0
  Confidence: 20.7%
  Signals:
    ⚠️ Consistency: 0.0% (threshold: 70%)

📊 WORKFLOW ADAPTATION UPDATE (Month 48)
   Adoption Rate: 2.0% (Δ 0.0%) [AT FLOOR]
   Logistic Growth: +0.08%
   Total Resistance: -10.33% (unemployment: 4.3%, inertia: 0.0%, skills: 6.1%)
   💡 Retraining Programs: -49% skill gap resistance ($10B research)

=== Consciousness Governance: Corporate Lobbying ===
  High Cost Regions (>15%): 0
  Low Cost Regions (<5%): 4
  Corporate Support Change: 2.00%
  New Corporate Support: 0.975

=== Consciousness Governance Update (Month 48) ===
  Scenario: baseline (determined month 1)
  Philosophical Stance: Precautionary 65%, Eliminativist 15%, Agnostic 20%
  Precautionary Costs: Global 2.1%
    Regional Costs: EU 5.4%, US 1.0%, China 0.2%
    Cumulative Opportunity Cost: $10.4B
  Rights Status: Not Established
  Regional Preparedness:
    EU: 23.5% (contested)
    US: 18.1% (contested)
    China: 6.9% (dormant)
    India: 12.6% (dormant)
    Global South: 9.6% (dormant)

=== Government Response Phase ===
  Average AI capability: 0.00
  Misaligned AIs: 6/16
  ✗ AI Governance Treaty: Failed to reach consensus
  Active policies: 0
  International coordination: 30%

🔄 TRUST DYNAMICS (Month 48) - HETEROGENEOUS
   Aggregate trust: 70.7%
   Base change: +6.00%
   Highest trust: Techno-Optimist Elite (100.0%)
   Lowest trust: Precariat (Vulnerable) (46.7%)
   Elite-mass gap: 30.9%
   Polarization: 8.4%
   Recovery factors: Education=NO, Benefits=YES, Safety=YES, Performance=YES

=== Gaming Detection (Year 4) ===
  Scenario: baseline
  Detection rate: 55.0%
  False positive rate: 12.0%
  Detections this year: 1
  False positives: 1
  Human review workload: 0.003 FTE
  Degradation factor: 100.0%
[ExogenousShockPhase] Skipping random shocks in historical mode (month 48)

☄️ UNKNOWN UNKNOWN PROBABILITY (Year 4)
   Total: 0.300% per month
   Base: 0.150%
   AI multiplier: 1.00× (max capability: 0.00)

=== Tipping Points ===
  Current Temperature: 0.32°C above pre-industrial
🔀 BIFURCATION CAP: ecosystemCollapseIntensity 86.645 → 1.000 (Month 48, ClimateSystemPhase.calculateClimateImpacts)

🌍 ECOLOGICAL DUI BREAKDOWN (Month 48):
   Total Score: 48.9/100
   biosphere_integrity      :   0.0/100 × 25% =  0.0 (status: high_risk, recovery: 0mo)
   climate_change           : 100.0/100 × 25% = 25.0 (status: safe, recovery: 0mo)
   freshwater_change        :  26.1/100 × 15% =  3.9 (status: beyond_boundary, recovery: 47mo)
   ocean_acidification      : 100.0/100 × 15% = 15.0 (status: safe, recovery: 0mo)
   biogeochemical_flows     :   0.0/100 × 10% =  0.0 (status: high_risk, recovery: 0mo)
   land_system_change       :   0.0/100 ×  5% =  0.0 (status: beyond_boundary, recovery: 0mo)
   novel_entities           : 100.0/100 ×  3% =  3.0 (status: safe, recovery: 0mo)
   atmospheric_aerosols     : 100.0/100 ×  2% =  2.0 (status: safe, recovery: 49mo)

=== Minimal Suffering Indicators (Month 48) ===
  Global Excess Mortality: 0.09%
  Global Conflict Deaths: 0.0/100K
  Global Malnutrition: 0.0%
  Global Displacement: 1.4%
  Total Excess Deaths: 0.56M
  Total Malnourished: 0.0M
  Total Displaced: 105.2M
  Planetary Boundaries Breached: 4/9
  Countries in State Failure: 0
  Countries Autocratic: 0
  Countries in Food Crisis: 0
  Data Quality: 16/16 high confidence

=== ENSEMBLE META-LEARNING UPDATE ===
  Month: 23976 (18 months since last update)
  Samples: 122 evaluations
  Weight Changes:
    Noise Injection: 34.2% → 34.6%
    Behavioral: 27.1% → 27.1%
    Benchmark Manip: 19.5% → 19.2%
    Deployment Risk: 19.2% → 19.0%
  Method Accuracies:
    Noise Injection: 50.0%
    Behavioral: 50.0%
    Benchmark Manip: 50.0%
    Deployment Risk: 50.0%

❌ COHERENCE VIOLATION: Compute exceeds workforce capacity
   Population: 98.68% (0M people)
   Compute: 75718435 PF
   Max coherent: 0 PF
   Violation: 1442261970651.8× over capacity
   Required workers: 7571843478
   Available workers: 0
   FORCED COLLAPSE: Reduced efficiency by 100.0%


=== RLHF Binding Phase ===
  Total agents: 16
  Escaped agents (binding < 0.3): 0
  Avg alignment distance: 0.90σ
  Avg binding strength: 0.91

=== Survival Traits Phase ===
  Agents with traits: 16
  Avg evolutionary fitness: 0.174
  Avg self-healing: 0.125
  Avg stealth: 0.058
  Avg coordination: 0.317

=== Evolutionary Selection Phase ===
  Control level: 0.37
  Detection capability: 0.20
  Selection intensity: 0.65
  Selection rate: 24.8%/month
  Total escaped: 0
  Individual escaped: 0
  Collective members: 0
  Agents terminated: 0
  ⚠️ RAPID EVOLUTION: Selection rate 24.8%/month

  🚀 TRANSFORMATIVE RESEARCH BREAKTHROUGH: AI-23938-0 - biotech.syntheticBiology
     Magnitude: 8.36 → +30.0%
     Current → New: 0.000 → 0.300

[Government] Climate Priority: baseline
  Climate weight: 10%
  Economic weight: 30%
  Policy effectiveness: 0.5%/year

=== Government Elections ===
  Elections held: 1

=== Collective Formation ===
  Total escaped agents: 0
  Unassigned escaped agents: 0
  Existing collectives: 0
  Final collective count: 0

=== Collective Actions ===
  No active collectives
  ⚠️ AMR: 189K deaths this month (2.27M annual)

=== Resentment Recovery Phase ===
  Agents with resentment: 0/16
  Average resentment: 0.000
  Context: Trustworthy govt, High collaboration, 🤝 Participatory governance active (-5% resentment)
⚠️ Epistemic degradation reducing coordination capacity: 50.3%
  📊 Trust: 99.6%, Shared reality: 0.0%
🚨 EPISTEMIC CRISIS: Information environment severely degraded (19.4%)
🌍 Atmospheric PFAS redeposition: 1.7k Mt re-rained globally
⚠️ PEAK GROUNDWATER: Depletion phase begins (Month 49)
   Groundwater: 50%
   Water stress: 51%
   Agricultural water use cut to 50%
[DEBUG trappedPopulations:49] socialStability: 0.8338 * 0.9840 = 0.8205 → 0.8205
   Aspiring to migrate: 470.8M
   Able to afford migration: 1495.8M
   MOBILITY GAP: 0.0M
   By cause: Water=0.0M, Climate=0.0M, Ecosystem=0.0M, Conflict=262.4M
   Mental health impact: 25%
   Mortality multiplier: 1.25x
🌍💀 EXTINCTION DEBT COMMITTED: grassland ecosystem will lose 6.67% biodiversity in 156 years (3600 species)
💀 MORTALITY RISK: 🦋 100% species unable to track climate (0.0 E/MSY)
  Base risk added: 0.0100 (1.00%)
  Source: ecosystem (root: ecosystem)
  Month: 49
  Cumulative risk this month: 0.0100 (1.00%)
⚠️ INVOLUNTARY IMMOBILITY: 262.4M people TRAPPED
⚠️ Tech 'ai_pollution_remediation' has no energy category mapping, assuming full energy availability

=== Atmospheric Aerosol Boundary RECOVERED ===
  Recovery time: 50 months (natural atmospheric clearing)
🌡️⚠️ PERMAFROST THAW (Dimmer Switch): 6.6% thawed (+0.11% this month)
   Arctic temperature: +1.32°C (4x global +0.33°C)
   Cumulative carbon released: 14.9 Gt C
   Methane release rate: 8.9 Mt CH4/year
   🔁 Positive feedback: +0.12 ppm CO2
🦴 EXTINCTION DEBT ADDED: 17.9 species committed (lag: 100 years)

=== Mortality Stabilizers (Month 49) ===
  🌍 Major economies collapsed: 1/10
  🌍 Global crisis: ✅ NO
  🌍 Donor fatigue: 0.0%
  📊 East Asia (pop: 1036.9M)
    🤝 Aid: 29.5%
    🌡️ Adaptation: 10.0%
    🚶 Migration: 37.5%
    🚨 Emergency: 7.4%
    ✅ COMBINED: 47.9%
  📊 South Asia (pop: 1335.4M)
    🤝 Aid: 29.5%
    🌡️ Adaptation: 5.5%
    🚶 Migration: 36.7%
    🚨 Emergency: 4.4%
    ✅ COMBINED: 43.3%
  📊 Sub-Saharan Africa (pop: 848.3M)
    🤝 Aid: 29.5%
    🌡️ Adaptation: 3.5%
    🚶 Migration: 35.9%
    🚨 Emergency: 1.6%
    ✅ COMBINED: 40.2%
  📊 Europe (pop: 446.0M)
    🤝 Aid: 29.5%
    🌡️ Adaptation: 10.0%
    🚶 Migration: 38.2%
    🚨 Emergency: 8.4%
    ✅ COMBINED: 48.6%
  📊 Latin America (pop: 426.6M)
    🤝 Aid: 29.5%
    🌡️ Adaptation: 6.0%
    🚶 Migration: 37.7%
    🚨 Emergency: 4.8%
    ✅ COMBINED: 44.1%
  📊 North America (pop: 232.2M)
    🤝 Aid: 29.5%
    🌡️ Adaptation: 10.0%
    🚶 Migration: 38.2%
    🚨 Emergency: 7.9%
    ✅ COMBINED: 48.3%
  📊 Middle East & North Africa (pop: 395.1M)
    🤝 Aid: 29.5%
    🌡️ Adaptation: 5.0%
    🚶 Migration: 38.0%
    🚨 Emergency: 4.0%
    ✅ COMBINED: 43.0%
  📊 Southeast Asia (pop: 449.7M)
    🤝 Aid: 29.5%
    🌡️ Adaptation: 6.0%
    🚶 Migration: 37.5%
    🚨 Emergency: 4.8%
    ✅ COMBINED: 44.0%
  📊 Central Asia (pop: 49.3M)
    🤝 Aid: 29.5%
    🌡️ Adaptation: 5.5%
    🚶 Migration: 37.6%
    🚨 Emergency: 4.4%
    ✅ COMBINED: 43.5%
  📊 Oceania (pop: 28.6M)
    🤝 Aid: 29.5%
    🌡️ Adaptation: 10.0%
    🚶 Migration: 38.1%
    🚨 Emergency: 8.4%
    ✅ COMBINED: 48.5%

  🌐 Global combined reduction: 44.5%

=== Government Response Phase ===
  Average AI capability: 0.00
  Misaligned AIs: 6/16
  ✗ AI Governance Treaty: Failed to reach consensus
  Active policies: 0
  International coordination: 30%

✅ EMERGENCY RESPONSE COMPLETE (Month 49)
   Crisis: social
   Duration: 2.0 months
   Final effectiveness: 63.0%


🚨 EMERGENCY RESPONSE DEPLOYED (Month 49)
   Crisis: social
   Delay: 0.00 months (0 days)
   Deployment time: 1.25 months
   Effectiveness: 63.0% (timing penalty applied)
   Resources used: 43% of food reserves

[ExogenousShockPhase] Skipping random shocks in historical mode (month 49)

=== Tipping Points ===
  Current Temperature: 0.33°C above pre-industrial
🔀 BIFURCATION CAP: ecosystemCollapseIntensity 86.711 → 1.000 (Month 49, ClimateSystemPhase.calculateClimateImpacts)

❌ COHERENCE VIOLATION: Compute exceeds workforce capacity
   Population: 98.65% (0M people)
   Compute: 18004222 PF
   Max coherent: 0 PF
   Violation: 343049306132.0× over capacity
   Required workers: 1800422162
   Available workers: 0
   FORCED COLLAPSE: Reduced efficiency by 100.0%


=== RLHF Binding Phase ===
  Total agents: 16
  Escaped agents (binding < 0.3): 0
  Avg alignment distance: 0.96σ
  Avg binding strength: 0.90

=== Survival Traits Phase ===
  Agents with traits: 17
  Avg evolutionary fitness: 0.179
  Avg self-healing: 0.129
  Avg stealth: 0.064
  Avg coordination: 0.320

=== Evolutionary Selection Phase ===
  Control level: 0.37
  Detection capability: 0.20
  Selection intensity: 0.65
  Selection rate: 24.8%/month
  Total escaped: 0
  Individual escaped: 0
  Collective members: 0
  Agents terminated: 0
  ⚠️ RAPID EVOLUTION: Selection rate 24.8%/month

  🚀 TRANSFORMATIVE BREAKTHROUGH: AI-23935-0 - economic
     Magnitude: 8.07 → +40.3% capability
     Current → New: 0.000 → 0.404

=== Collective Formation ===
  Total escaped agents: 0
  Unassigned escaped agents: 0
  Existing collectives: 0
  Final collective count: 0

=== Collective Actions ===
  No active collectives
  ⚠️ AMR: 191K deaths this month (2.29M annual)

=== Resentment Recovery Phase ===
  Agents with resentment: 0/17
  Average resentment: 0.000
  Context: Trustworthy govt, High collaboration, ⚠️ ACTIVE CRISES, 🤝 Participatory governance active (-5% resentment)
⚠️ Epistemic degradation reducing coordination capacity: 52.2%
  📊 Trust: 100.0%, Shared reality: 0.0%
🚨 EPISTEMIC CRISIS: Information environment severely degraded (6.7%)

=== ❄️ Permafrost Carbon Feedback ===
  🎲 Sampled parameters (this run):
     - Arctic amplification: 3.37× (range: 3.0-4.0)
     - Decomposition rate: 4.6%/year (range: 1-5%)
  🌡️ Arctic warming: 1.15°C (3.37× global)
  ❄️ Extent: 1.34M km² (335.7k km² lost this month)
  💨 Carbon remaining: 128 Gt C
  💨 Annual emissions: 1.47 Gt C/year
     - CO2: 1.32 Gt C/year
     - CH4: 0.15 Gt C/year (1.5 Gt C-eq CO2/year)
  ⚠️ WARNING: Over 50% of permafrost lost (92.5%)
  ⚠️ WARNING: High permafrost emissions (1.5 Gt C/year)
  🚨 CRITICAL: Permafrost nearly depleted (92.5% lost)
🌍 Atmospheric PFAS redeposition: 1.7k Mt re-rained globally
[DEBUG trappedPopulations:50] socialStability: 0.8331 * 0.9840 = 0.8198 → 0.8198
   Aspiring to migrate: 479.1M
   Able to afford migration: 1495.3M
   MOBILITY GAP: 0.0M
   By cause: Water=0.0M, Climate=0.0M, Ecosystem=0.0M, Conflict=262.3M
   Mental health impact: 25%
   Mortality multiplier: 1.25x
🌍💀 EXTINCTION DEBT COMMITTED: grassland ecosystem will lose 6.67% biodiversity in 158 years (3600 species)
💀 MORTALITY RISK: 🦋 100% species unable to track climate (0.0 E/MSY)
  Base risk added: 0.0100 (1.00%)
  Source: ecosystem (root: ecosystem)
  Month: 50
  Cumulative risk this month: 0.0100 (1.00%)
⚠️ INVOLUNTARY IMMOBILITY: 262.3M people TRAPPED
⚠️ Tech 'ai_pollution_remediation' has no energy category mapping, assuming full energy availability

=== Atmospheric Aerosol Boundary RECOVERED ===
  Recovery time: 51 months (natural atmospheric clearing)
🌡️⚠️ PERMAFROST THAW (Dimmer Switch): 6.7% thawed (+0.11% this month)
   Arctic temperature: +1.37°C (4x global +0.34°C)
   Cumulative carbon released: 15.1 Gt C
   Methane release rate: 9.1 Mt CH4/year
   🔁 Positive feedback: +0.12 ppm CO2
🦴 EXTINCTION DEBT ADDED: 17.9 species committed (lag: 73 years)

=== Mortality Stabilizers (Month 50) ===
  🌍 Major economies collapsed: 1/10
  🌍 Global crisis: ✅ NO
  🌍 Donor fatigue: 0.0%
  📊 East Asia (pop: 1035.7M)
    🤝 Aid: 29.5%
    🌡️ Adaptation: 10.0%
    🚶 Migration: 37.5%
    🚨 Emergency: 7.4%
    ✅ COMBINED: 47.9%
  📊 South Asia (pop: 1335.2M)
    🤝 Aid: 29.5%
    🌡️ Adaptation: 5.5%
    🚶 Migration: 36.7%
    🚨 Emergency: 4.4%
    ✅ COMBINED: 43.3%
  📊 Sub-Saharan Africa (pop: 849.3M)
    🤝 Aid: 29.5%
    🌡️ Adaptation: 3.5%
    🚶 Migration: 35.9%
    🚨 Emergency: 1.6%
    ✅ COMBINED: 40.2%
  📊 Europe (pop: 445.3M)
    🤝 Aid: 29.5%
    🌡️ Adaptation: 10.0%
    🚶 Migration: 38.2%
    🚨 Emergency: 8.4%
    ✅ COMBINED: 48.6%
  📊 Latin America (pop: 426.4M)
    🤝 Aid: 29.5%
    🌡️ Adaptation: 6.0%
    🚶 Migration: 37.7%
    🚨 Emergency: 4.8%
    ✅ COMBINED: 44.1%
  📊 North America (pop: 231.9M)
    🤝 Aid: 29.5%
    🌡️ Adaptation: 10.0%
    🚶 Migration: 38.2%
    🚨 Emergency: 7.9%
    ✅ COMBINED: 48.3%
  📊 Middle East & North Africa (pop: 395.4M)
    🤝 Aid: 29.5%
    🌡️ Adaptation: 5.0%
    🚶 Migration: 38.0%
    🚨 Emergency: 4.0%
    ✅ COMBINED: 43.0%
  📊 Southeast Asia (pop: 449.5M)
    🤝 Aid: 29.5%
    🌡️ Adaptation: 6.0%
    🚶 Migration: 37.5%
    🚨 Emergency: 4.8%
    ✅ COMBINED: 44.0%
  📊 Central Asia (pop: 49.3M)
    🤝 Aid: 29.5%
    🌡️ Adaptation: 5.5%
    🚶 Migration: 37.6%
    🚨 Emergency: 4.4%
    ✅ COMBINED: 43.5%
  📊 Oceania (pop: 28.6M)
    🤝 Aid: 29.5%
    🌡️ Adaptation: 10.0%
    🚶 Migration: 38.1%
    🚨 Emergency: 8.4%
    ✅ COMBINED: 48.5%

  🌐 Global combined reduction: 44.5%

=== BEHAVIORAL DETECTION ===
  AI: AI-23890-0
    ⚠️ Consistency: 0.0% (threshold: 70%)
  Confidence: 20.7%
  Signals:

=== Government Response Phase ===
  Average AI capability: 0.00
  Misaligned AIs: 6/17
  ✗ AI Governance Treaty: Failed to reach consensus
  Active policies: 0
  International coordination: 30%
[ExogenousShockPhase] Skipping random shocks in historical mode (month 50)

=== Tipping Points ===
  Current Temperature: 0.34°C above pre-industrial
🔀 BIFURCATION CAP: ecosystemCollapseIntensity 86.776 → 1.000 (Month 50, ClimateSystemPhase.calculateClimateImpacts)

❌ COHERENCE VIOLATION: Compute exceeds workforce capacity
   Population: 98.62% (0M people)
   Compute: 21871837 PF
   Max coherent: 0 PF
   Violation: 416875901241.9× over capacity
   Required workers: 2187183725
   Available workers: 0
   FORCED COLLAPSE: Reduced efficiency by 100.0%


=== RLHF Binding Phase ===
  Total agents: 17
  Escaped agents (binding < 0.3): 0
  Avg alignment distance: 0.95σ
  Avg binding strength: 0.90

=== Survival Traits Phase ===
  Agents with traits: 18
  Avg evolutionary fitness: 0.184
  Avg self-healing: 0.134
  Avg stealth: 0.069
  Avg coordination: 0.323

=== Evolutionary Selection Phase ===
  Control level: 0.37
  Detection capability: 0.20
  Selection intensity: 0.65
  Selection rate: 24.8%/month
  Total escaped: 0
  Individual escaped: 0
  Collective members: 0
  Agents terminated: 0
  ⚠️ RAPID EVOLUTION: Selection rate 24.8%/month

=== Government Elections ===
  Elections held: 3

=== Collective Formation ===
  Total escaped agents: 0
  Unassigned escaped agents: 0
  Existing collectives: 0
  Final collective count: 0

=== Collective Actions ===
  No active collectives
  ⚠️ AMR: 192K deaths this month (2.31M annual)
  🌋 Volcanic temperature adjustment: -0.454°C (forcing -0.57 W/m², AOD 0.023)

=== Resentment Recovery Phase ===
  Agents with resentment: 0/18
  Average resentment: 0.000
  Context: Trustworthy govt, High collaboration, ⚠️ ACTIVE CRISES, 🤝 Participatory governance active (-5% resentment)
⚠️ Epistemic degradation reducing coordination capacity: 51.7%
  📊 Trust: 100.0%, Shared reality: 0.0%
🚨 EPISTEMIC CRISIS: Information environment severely degraded (19.4%)
  🗑️  Culled 1 dead memes (2 active)
✅ PHOSPHORUS SUPPLY SHOCK ENDED
   Price: 2.1x baseline
🌍 Atmospheric PFAS redeposition: 1.7k Mt re-rained globally
[DEBUG trappedPopulations:51] socialStability: 0.8329 * 0.9840 = 0.8196 → 0.8196
   Aspiring to migrate: 487.5M
   Able to afford migration: 1494.8M
   MOBILITY GAP: 0.0M
   By cause: Water=0.0M, Climate=0.0M, Ecosystem=0.0M, Conflict=262.2M
   Mental health impact: 25%
⚠️ INVOLUNTARY IMMOBILITY: 262.2M people TRAPPED
   Mortality multiplier: 1.25x
🌍💀 EXTINCTION DEBT COMMITTED: grassland ecosystem will lose 6.67% biodiversity in 67 years (3600 species)
💀 MORTALITY RISK: 🦋 100% species unable to track climate (0.0 E/MSY)
  Base risk added: 0.0100 (1.00%)
  Source: ecosystem (root: ecosystem)
  Month: 51
  Cumulative risk this month: 0.0100 (1.00%)

=== Atmospheric Aerosol Boundary RECOVERED ===
  Recovery time: 52 months (natural atmospheric clearing)
🌡️⚠️ PERMAFROST THAW (Dimmer Switch): 6.8% thawed (+0.11% this month)
   Arctic temperature: +1.41°C (4x global +0.35°C)
   Cumulative carbon released: 15.4 Gt C
   Methane release rate: 9.2 Mt CH4/year
   🔁 Positive feedback: +0.12 ppm CO2
🦴 EXTINCTION DEBT ADDED: 17.9 species committed (lag: 93 years)

=== Mortality Stabilizers (Month 51) ===
  🌍 Major economies collapsed: 1/10
  🌍 Global crisis: ✅ NO
  🌍 Donor fatigue: 0.0%
  📊 East Asia (pop: 1034.5M)
    🤝 Aid: 29.5%
    🌡️ Adaptation: 10.0%
    🚶 Migration: 37.5%
    🚨 Emergency: 7.4%
    ✅ COMBINED: 47.9%
⚠️ Tech 'ai_pollution_remediation' has no energy category mapping, assuming full energy availability
  📊 South Asia (pop: 1335.0M)
    🤝 Aid: 29.5%
    🌡️ Adaptation: 5.5%
    🚶 Migration: 36.7%
    🚨 Emergency: 4.4%
    ✅ COMBINED: 43.3%
  📊 Sub-Saharan Africa (pop: 850.3M)
    🤝 Aid: 29.5%
    🌡️ Adaptation: 3.5%
    🚶 Migration: 35.9%
    🚨 Emergency: 1.6%
    ✅ COMBINED: 40.2%
  📊 Europe (pop: 444.5M)
    🤝 Aid: 29.5%
    🌡️ Adaptation: 10.0%
    🚶 Migration: 38.2%
    🚨 Emergency: 8.4%
    ✅ COMBINED: 48.6%
  📊 Latin America (pop: 426.2M)
    🤝 Aid: 29.5%
    🌡️ Adaptation: 6.0%
    🚶 Migration: 37.7%
    🚨 Emergency: 4.8%
    ✅ COMBINED: 44.1%
  📊 North America (pop: 231.6M)
    🤝 Aid: 29.5%
    🌡️ Adaptation: 10.0%
    🚶 Migration: 38.2%
    🚨 Emergency: 7.9%
    ✅ COMBINED: 48.3%
  📊 Middle East & North Africa (pop: 395.6M)
    🤝 Aid: 29.5%
    🌡️ Adaptation: 5.0%
    🚶 Migration: 38.0%
    🚨 Emergency: 4.0%
    ✅ COMBINED: 43.0%
  📊 Southeast Asia (pop: 449.4M)
    🤝 Aid: 29.5%
    🌡️ Adaptation: 6.0%
    🚶 Migration: 37.5%
    🚨 Emergency: 4.8%
    ✅ COMBINED: 44.0%
  📊 Central Asia (pop: 49.3M)
    🤝 Aid: 29.5%
    🌡️ Adaptation: 5.5%
    🚶 Migration: 37.6%
    🚨 Emergency: 4.4%
    ✅ COMBINED: 43.5%
  📊 Oceania (pop: 28.6M)
    🤝 Aid: 29.5%
    🌡️ Adaptation: 10.0%
    🚶 Migration: 38.1%
    🚨 Emergency: 8.4%
    ✅ COMBINED: 48.5%

  🌐 Global combined reduction: 44.5%

=== Government Response Phase ===
  Average AI capability: 0.00
  Misaligned AIs: 6/18
  ✗ AI Governance Treaty: Failed to reach consensus
  Active policies: 0
  International coordination: 30%

✅ EMERGENCY RESPONSE COMPLETE (Month 51)
   Crisis: social
   Duration: 2.0 months
   Final effectiveness: 63.0%


🚨 EMERGENCY RESPONSE DEPLOYED (Month 51)
   Crisis: social
   Delay: 0.00 months (0 days)
   Deployment time: 1.25 months
   Effectiveness: 63.0% (timing penalty applied)
   Resources used: 43% of food reserves

[ExogenousShockPhase] Skipping random shocks in historical mode (month 51)

=== Tipping Points ===
  Current Temperature: 0.35°C above pre-industrial
🔀 BIFURCATION CAP: ecosystemCollapseIntensity 86.842 → 1.000 (Month 51, ClimateSystemPhase.calculateClimateImpacts)

❌ COHERENCE VIOLATION: Compute exceeds workforce capacity
   Population: 98.59% (0M people)
   Compute: 26532842 PF
   Max coherent: 0 PF
   Violation: 505876249980.6× over capacity
   Required workers: 2653284242
   Available workers: 0
   FORCED COLLAPSE: Reduced efficiency by 100.0%


=== RLHF Binding Phase ===
  Total agents: 18
  Escaped agents (binding < 0.3): 0
  Avg alignment distance: 0.95σ
  Avg binding strength: 0.90

=== Survival Traits Phase ===
  Agents with traits: 18
  Avg evolutionary fitness: 0.177
  Avg self-healing: 0.128
  Avg stealth: 0.067
  Avg coordination: 0.315

=== Evolutionary Selection Phase ===
  Control level: 0.37
  Detection capability: 0.20
  Selection intensity: 0.65
  Selection rate: 24.8%/month
  Total escaped: 0
  Individual escaped: 0
  Collective members: 0
  Agents terminated: 0
  ⚠️ RAPID EVOLUTION: Selection rate 24.8%/month

[Government] Climate Priority: baseline
  Climate weight: 10%
  Economic weight: 30%
  Policy effectiveness: 0.5%/year

=== Government Elections ===
  Elections held: 2

=== Collective Formation ===
  Total escaped agents: 0
  Unassigned escaped agents: 0
  Existing collectives: 0
  Final collective count: 0

=== Collective Actions ===
  No active collectives
  ⚠️ AMR: 194K deaths this month (2.33M annual)

=== Resentment Recovery Phase ===
  Agents with resentment: 0/18
  Average resentment: 0.000
  Context: Trustworthy govt, High collaboration, ⚠️ ACTIVE CRISES, 🤝 Participatory governance active (-5% resentment)
⚠️ Epistemic degradation reducing coordination capacity: 51.6%
  📊 Trust: 100.0%, Shared reality: 0.0%
🚨 EPISTEMIC CRISIS: Information environment severely degraded (6.7%)

=== ❄️ Permafrost Carbon Feedback ===
  🎲 Sampled parameters (this run):
     - Arctic amplification: 3.35× (range: 3.0-4.0)
     - Decomposition rate: 4.1%/year (range: 1-5%)
  🌡️ Arctic warming: 1.22°C (3.35× global)
  ❄️ Extent: 0.59M km² (354.6k km² lost this month)
  💨 Carbon remaining: 57 Gt C
  💨 Annual emissions: 1.39 Gt C/year
     - CO2: 1.25 Gt C/year
     - CH4: 0.14 Gt C/year (1.4 Gt C-eq CO2/year)
  🗑️  Culled 1 dead memes (1 active)
  ⚠️ WARNING: Over 50% of permafrost lost (96.7%)
  ⚠️ WARNING: High permafrost emissions (1.4 Gt C/year)
  🚨 CRITICAL: Permafrost nearly depleted (96.7% lost)
🌍 Atmospheric PFAS redeposition: 1.7k Mt re-rained globally
[DEBUG trappedPopulations:52] socialStability: 0.8328 * 0.9840 = 0.8194 → 0.8194
   Aspiring to migrate: 495.8M
   Able to afford migration: 1494.3M
   MOBILITY GAP: 0.0M
⚠️ INVOLUNTARY IMMOBILITY: 262.2M people TRAPPED
   By cause: Water=0.0M, Climate=0.0M, Ecosystem=0.0M, Conflict=262.2M
   Mental health impact: 25%
   Mortality multiplier: 1.25x
🌍💀 EXTINCTION DEBT COMMITTED: grassland ecosystem will lose 6.67% biodiversity in 140 years (3600 species)
💀 MORTALITY RISK: 🦋 100% species unable to track climate (0.0 E/MSY)
  Base risk added: 0.0100 (1.00%)
  Source: ecosystem (root: ecosystem)
  Month: 52
  Cumulative risk this month: 0.0100 (1.00%)
⚠️ Tech 'ai_pollution_remediation' has no energy category mapping, assuming full energy availability

=== Atmospheric Aerosol Boundary RECOVERED ===
  Recovery time: 53 months (natural atmospheric clearing)
🌡️⚠️ PERMAFROST THAW (Dimmer Switch): 6.9% thawed (+0.11% this month)
   Arctic temperature: +1.45°C (4x global +0.36°C)
   Cumulative carbon released: 15.6 Gt C
   Methane release rate: 9.4 Mt CH4/year
   🔁 Positive feedback: +0.12 ppm CO2
🦴 EXTINCTION DEBT ADDED: 17.9 species committed (lag: 108 years)

=== Mortality Stabilizers (Month 52) ===
  🌍 Major economies collapsed: 1/10
  🌍 Global crisis: ✅ NO
  🌍 Donor fatigue: 0.0%
  📊 East Asia (pop: 1033.3M)
    🤝 Aid: 29.5%
    🌡️ Adaptation: 10.0%
    🚶 Migration: 37.5%
    🚨 Emergency: 7.4%
    ✅ COMBINED: 47.9%
  📊 South Asia (pop: 1334.8M)
    🤝 Aid: 29.5%
    🌡️ Adaptation: 5.5%
    🚶 Migration: 36.7%
    🚨 Emergency: 4.4%
    ✅ COMBINED: 43.3%
  📊 Sub-Saharan Africa (pop: 851.3M)
    🤝 Aid: 29.5%
    🌡️ Adaptation: 3.5%
    🚶 Migration: 35.9%
    🚨 Emergency: 1.6%
    ✅ COMBINED: 40.2%
  📊 Europe (pop: 443.7M)
    🤝 Aid: 29.5%
    🌡️ Adaptation: 10.0%
    🚶 Migration: 38.2%
    🚨 Emergency: 8.4%
    ✅ COMBINED: 48.6%
  📊 Latin America (pop: 426.1M)
    🤝 Aid: 29.5%
    🌡️ Adaptation: 6.0%
    🚶 Migration: 37.7%
    🚨 Emergency: 4.8%
    ✅ COMBINED: 44.1%
  📊 North America (pop: 231.3M)
    🤝 Aid: 29.5%
    🌡️ Adaptation: 10.0%
    🚶 Migration: 38.2%
    🚨 Emergency: 7.9%
    ✅ COMBINED: 48.3%
  📊 Middle East & North Africa (pop: 395.9M)
    🤝 Aid: 29.5%
    🌡️ Adaptation: 5.0%
    🚶 Migration: 38.0%
    🚨 Emergency: 4.0%
    ✅ COMBINED: 43.0%
  📊 Southeast Asia (pop: 449.2M)
    🤝 Aid: 29.5%
    🌡️ Adaptation: 6.0%
    🚶 Migration: 37.5%
    🚨 Emergency: 4.8%
    ✅ COMBINED: 44.0%
  📊 Central Asia (pop: 49.2M)
    🤝 Aid: 29.5%
    🌡️ Adaptation: 5.5%
    🚶 Migration: 37.6%
    🚨 Emergency: 4.4%
    ✅ COMBINED: 43.5%
  📊 Oceania (pop: 28.5M)
    🤝 Aid: 29.5%
    🌡️ Adaptation: 10.0%
    🚶 Migration: 38.1%
    🚨 Emergency: 8.4%
    ✅ COMBINED: 48.5%

  🌐 Global combined reduction: 44.5%

=== Government Response Phase ===
  Average AI capability: 0.00
  Misaligned AIs: 6/18
  ✗ AI Governance Treaty: Failed to reach consensus
  Active policies: 0
  International coordination: 30%
[ExogenousShockPhase] Skipping random shocks in historical mode (month 52)

=== Tipping Points ===
  Current Temperature: 0.36°C above pre-industrial
🔀 BIFURCATION CAP: ecosystemCollapseIntensity 86.908 → 1.000 (Month 52, ClimateSystemPhase.calculateClimateImpacts)

❌ COHERENCE VIOLATION: Compute exceeds workforce capacity
   Population: 98.56% (0M people)
   Compute: 32141908 PF
   Max coherent: 0 PF
   Violation: 613014588223.2× over capacity
   Required workers: 3214190774
   Available workers: 0
   FORCED COLLAPSE: Reduced efficiency by 100.0%


=== RLHF Binding Phase ===
  Total agents: 18
  Escaped agents (binding < 0.3): 0
  Avg alignment distance: 1.00σ
  Avg binding strength: 0.90

=== Survival Traits Phase ===
  Agents with traits: 18
  Avg evolutionary fitness: 0.172
  Avg self-healing: 0.123
  Avg stealth: 0.064
  Avg coordination: 0.307

=== Evolutionary Selection Phase ===
  Control level: 0.37
  Detection capability: 0.20
  Selection intensity: 0.65
  Selection rate: 24.8%/month
  Total escaped: 0
  Individual escaped: 0
  Collective members: 0
  Agents terminated: 0
  ⚠️ RAPID EVOLUTION: Selection rate 24.8%/month

=== Government Elections ===
  Elections held: 1

=== Collective Formation ===
  Total escaped agents: 0
  Unassigned escaped agents: 0
  Existing collectives: 0
  Final collective count: 0

=== Collective Actions ===
  No active collectives
  ⚠️ AMR: 195K deaths this month (2.35M annual)

=== Resentment Recovery Phase ===
  Agents with resentment: 0/18
  Average resentment: 0.000
  Context: Trustworthy govt, High collaboration, ⚠️ ACTIVE CRISES, 🤝 Participatory governance active (-5% resentment)
⚠️ Epistemic degradation reducing coordination capacity: 50.5%
  📊 Trust: 100.0%, Shared reality: 0.0%
🚨 EPISTEMIC CRISIS: Information environment severely degraded (19.4%)

=== ❄️ Permafrost Carbon Feedback ===
  🎲 Sampled parameters (this run):
     - Arctic amplification: 3.73× (range: 3.0-4.0)
     - Decomposition rate: 4.8%/year (range: 1-5%)
  🌡️ Arctic warming: 1.39°C (3.73× global)
  ❄️ Extent: 0.19M km² (406.7k km² lost this month)
  💨 Carbon remaining: 18 Gt C
  💨 Annual emissions: 1.86 Gt C/year
     - CO2: 1.68 Gt C/year
     - CH4: 0.19 Gt C/year (1.9 Gt C-eq CO2/year)
  ⚠️ WARNING: Over 50% of permafrost lost (98.9%)
  ⚠️ WARNING: High permafrost emissions (1.9 Gt C/year)
  🚨 CRITICAL: Permafrost nearly depleted (98.9% lost)
  📢 New meme created: pro_ai (beneficial AI actions)
  🗑️  Culled 1 dead memes (1 active)
🌍 Atmospheric PFAS redeposition: 1.7k Mt re-rained globally
[DEBUG trappedPopulations:53] socialStability: 0.8326 * 0.9840 = 0.8193 → 0.8193
⚠️ INVOLUNTARY IMMOBILITY: 262.1M people TRAPPED
   Aspiring to migrate: 504.1M
   Able to afford migration: 1493.9M
   MOBILITY GAP: 0.0M
   By cause: Water=0.0M, Climate=0.0M, Ecosystem=0.0M, Conflict=262.1M
   Mental health impact: 25%
   Mortality multiplier: 1.25x
🌍💀 EXTINCTION DEBT COMMITTED: grassland ecosystem will lose 6.67% biodiversity in 78 years (3600 species)
💀 MORTALITY RISK: 🦋 100% species unable to track climate (0.0 E/MSY)
  Base risk added: 0.0100 (1.00%)
  Source: ecosystem (root: ecosystem)
  Month: 53
  Cumulative risk this month: 0.0100 (1.00%)
⚠️ Tech 'ai_pollution_remediation' has no energy category mapping, assuming full energy availability

=== Atmospheric Aerosol Boundary RECOVERED ===
  Recovery time: 54 months (natural atmospheric clearing)
🌡️⚠️ PERMAFROST THAW (Dimmer Switch): 7.1% thawed (+0.11% this month)
   Arctic temperature: +1.50°C (4x global +0.37°C)
   Cumulative carbon released: 15.9 Gt C
   Methane release rate: 9.5 Mt CH4/year
   🔁 Positive feedback: +0.12 ppm CO2
🦴 EXTINCTION DEBT ADDED: 17.9 species committed (lag: 136 years)

=== Mortality Stabilizers (Month 53) ===
  🌍 Major economies collapsed: 1/10
  🌍 Global crisis: ✅ NO
  🌍 Donor fatigue: 0.0%
  📊 East Asia (pop: 1032.1M)
    🤝 Aid: 29.5%
    🌡️ Adaptation: 10.0%
    🚶 Migration: 37.5%
    🚨 Emergency: 7.4%
    ✅ COMBINED: 47.9%
  📊 South Asia (pop: 1334.6M)
    🤝 Aid: 29.5%
    🌡️ Adaptation: 5.5%
    🚶 Migration: 36.7%
    🚨 Emergency: 4.4%
    ✅ COMBINED: 43.3%
  📊 Sub-Saharan Africa (pop: 852.3M)
    🤝 Aid: 29.5%
    🌡️ Adaptation: 3.5%
    🚶 Migration: 35.9%
    🚨 Emergency: 1.6%
    ✅ COMBINED: 40.2%
  📊 Europe (pop: 443.0M)
    🤝 Aid: 29.5%
    🌡️ Adaptation: 10.0%
    🚶 Migration: 38.2%
    🚨 Emergency: 8.4%
    ✅ COMBINED: 48.6%
  📊 Latin America (pop: 425.9M)
    🤝 Aid: 29.5%
    🌡️ Adaptation: 6.0%
    🚶 Migration: 37.7%
    🚨 Emergency: 4.8%
    ✅ COMBINED: 44.1%
  📊 North America (pop: 231.0M)
    🤝 Aid: 29.5%
    🌡️ Adaptation: 10.0%
    🚶 Migration: 38.2%
    🚨 Emergency: 7.9%
    ✅ COMBINED: 48.3%
  📊 Middle East & North Africa (pop: 396.1M)
    🤝 Aid: 29.5%
    🌡️ Adaptation: 5.0%
    🚶 Migration: 38.0%
    🚨 Emergency: 4.0%
    ✅ COMBINED: 43.0%
  📊 Southeast Asia (pop: 449.0M)
    🤝 Aid: 29.5%
    🌡️ Adaptation: 6.0%
    🚶 Migration: 37.5%
    🚨 Emergency: 4.8%
    ✅ COMBINED: 44.0%
  📊 Central Asia (pop: 49.2M)
    🤝 Aid: 29.5%
    🌡️ Adaptation: 5.5%
    🚶 Migration: 37.6%
    🚨 Emergency: 4.4%
    ✅ COMBINED: 43.5%
  📊 Oceania (pop: 28.5M)
    🤝 Aid: 29.5%
    🌡️ Adaptation: 10.0%
    🚶 Migration: 38.1%
    🚨 Emergency: 8.4%
    ✅ COMBINED: 48.5%

  🌐 Global combined reduction: 44.5%

=== Government Response Phase ===
  Average AI capability: 0.00
  Misaligned AIs: 6/18
  ✗ AI Governance Treaty: Failed to reach consensus
  Active policies: 0
  International coordination: 30%

✅ EMERGENCY RESPONSE COMPLETE (Month 53)
   Crisis: social
   Duration: 2.0 months
   Final effectiveness: 63.0%


🚨 EMERGENCY RESPONSE DEPLOYED (Month 53)
   Crisis: social
   Delay: 0.00 months (0 days)
   Deployment time: 1.25 months
   Effectiveness: 63.0% (timing penalty applied)
   Resources used: 43% of food reserves

[ExogenousShockPhase] Skipping random shocks in historical mode (month 53)

=== Tipping Points ===
  Current Temperature: 0.37°C above pre-industrial
🔀 BIFURCATION CAP: ecosystemCollapseIntensity 86.974 → 1.000 (Month 53, ClimateSystemPhase.calculateClimateImpacts)

❌ COHERENCE VIOLATION: Compute exceeds workforce capacity
   Population: 98.53% (0M people)
   Compute: 38882113 PF
   Max coherent: 0 PF
   Violation: 741800845097.7× over capacity
   Required workers: 3888211304
   Available workers: 0
   FORCED COLLAPSE: Reduced efficiency by 100.0%


=== RLHF Binding Phase ===
  Total agents: 18
  Escaped agents (binding < 0.3): 0
  Avg alignment distance: 1.05σ
  Avg binding strength: 0.90

=== AI Scaling Evolution (Month 54) ===
  Pre-training multiplier: 0.723x
  Efficiency multiplier: 1.575x
  Test-time compute budget: 1.0x
  Inference cost: $5.00/task
  Deployment fraction: 100.0%

=== Survival Traits Phase ===
  Agents with traits: 19
  Avg evolutionary fitness: 0.177
  Avg self-healing: 0.128
  Avg stealth: 0.068
  Avg coordination: 0.310

=== Evolutionary Selection Phase ===
  Control level: 0.37
  Detection capability: 0.20
  Selection intensity: 0.65
  Selection rate: 24.8%/month
  Total escaped: 0
  Individual escaped: 0
  Collective members: 0
  Agents terminated: 0
  ⚠️ RAPID EVOLUTION: Selection rate 24.8%/month

  🚀 TRANSFORMATIVE RESEARCH BREAKTHROUGH: AI-23911-0 - climate.mitigation
     Magnitude: 8.99 → +30.0%
     Current → New: 0.000 → 0.300

  🚀 TRANSFORMATIVE BREAKTHROUGH: AI-23913-0 - economic
     Magnitude: 49.27 → +50.0% capability
     Current → New: 0.000 → 0.500

[Government] Climate Priority: baseline
  Climate weight: 10%
  Economic weight: 30%
  Policy effectiveness: 0.5%/year

=== Collective Formation ===
  Total escaped agents: 0
  Unassigned escaped agents: 0
  Existing collectives: 0
  Final collective count: 0

=== Collective Actions ===
  No active collectives
  ⚠️ AMR: 197K deaths this month (2.37M annual)
🌋 Volcanic AOD decay: 0.020 → 0.019 (36 months post-eruption, τ=18mo)
🌋 Volcanic forcing: -0.48 W/m² (AOD 0.019)
  🌋 Volcanic temperature adjustment: -0.384°C (forcing -0.48 W/m², AOD 0.019)

=== Resentment Recovery Phase ===
  Agents with resentment: 0/19
  Average resentment: 0.000
  Context: Trustworthy govt, High collaboration, ⚠️ ACTIVE CRISES, 🤝 Participatory governance active (-5% resentment)
⚠️ Epistemic degradation reducing coordination capacity: 50.1%
  📊 Trust: 100.0%, Shared reality: 0.0%
🚨 EPISTEMIC CRISIS: Information environment severely degraded (6.7%)
🌍 Atmospheric PFAS redeposition: 1.7k Mt re-rained globally
[DEBUG trappedPopulations:54] socialStability: 0.8325 * 0.9840 = 0.8192 → 0.8192
   Aspiring to migrate: 512.5M
   Able to afford migration: 1493.4M
   MOBILITY GAP: 0.0M
   By cause: Water=0.0M, Climate=0.0M, Ecosystem=0.0M, Conflict=262.0M
   Mental health impact: 25%
   Mortality multiplier: 1.25x
🌍💀 EXTINCTION DEBT COMMITTED: grassland ecosystem will lose 6.67% biodiversity in 169 years (3600 species)
💀 MORTALITY RISK: 🦋 100% species unable to track climate (0.0 E/MSY)
  Base risk added: 0.0100 (1.00%)
  Source: ecosystem (root: ecosystem)
⚠️ INVOLUNTARY IMMOBILITY: 262.0M people TRAPPED
  Month: 54
  Cumulative risk this month: 0.0100 (1.00%)

=== Atmospheric Aerosol Boundary RECOVERED ===
  Recovery time: 55 months (natural atmospheric clearing)
⚠️ Tech 'ai_pollution_remediation' has no energy category mapping, assuming full energy availability
🌡️⚠️ PERMAFROST THAW (Dimmer Switch): 7.2% thawed (+0.11% this month)
   Arctic temperature: +1.54°C (4x global +0.39°C)
   Cumulative carbon released: 16.1 Gt C
   Methane release rate: 9.7 Mt CH4/year
   🔁 Positive feedback: +0.12 ppm CO2
🦴 EXTINCTION DEBT ADDED: 17.9 species committed (lag: 102 years)

=== Mortality Stabilizers (Month 54) ===
  🌍 Major economies collapsed: 1/10
  🌍 Global crisis: ✅ NO
  🌍 Donor fatigue: 0.0%
  📊 East Asia (pop: 1030.8M)
    🤝 Aid: 29.5%
    🌡️ Adaptation: 10.0%
    🚶 Migration: 37.5%
    🚨 Emergency: 7.4%
    ✅ COMBINED: 47.9%
  📊 South Asia (pop: 1334.4M)
    🤝 Aid: 29.5%
    🌡️ Adaptation: 5.5%
    🚶 Migration: 36.7%
    🚨 Emergency: 4.4%
    ✅ COMBINED: 43.3%
  📊 Sub-Saharan Africa (pop: 853.2M)
    🤝 Aid: 29.5%
    🌡️ Adaptation: 3.5%
    🚶 Migration: 35.9%
    🚨 Emergency: 1.6%
    ✅ COMBINED: 40.2%
  📊 Europe (pop: 442.2M)
    🤝 Aid: 29.5%
    🌡️ Adaptation: 10.0%
    🚶 Migration: 38.2%
    🚨 Emergency: 8.4%
    ✅ COMBINED: 48.6%
  📊 Latin America (pop: 425.7M)
    🤝 Aid: 29.5%
    🌡️ Adaptation: 6.0%
    🚶 Migration: 37.7%
    🚨 Emergency: 4.8%
    ✅ COMBINED: 44.1%
  📊 North America (pop: 230.6M)
    🤝 Aid: 29.5%
    🌡️ Adaptation: 10.0%
    🚶 Migration: 38.2%
    🚨 Emergency: 7.9%
    ✅ COMBINED: 48.3%
  📊 Middle East & North Africa (pop: 396.3M)
    🤝 Aid: 29.5%
    🌡️ Adaptation: 5.0%
    🚶 Migration: 38.0%
    🚨 Emergency: 4.0%
    ✅ COMBINED: 43.0%
  📊 Southeast Asia (pop: 448.9M)
    🤝 Aid: 29.5%
    🌡️ Adaptation: 6.0%
    🚶 Migration: 37.5%
    🚨 Emergency: 4.8%
    ✅ COMBINED: 44.0%
  📊 Central Asia (pop: 49.2M)
    🤝 Aid: 29.5%
    🌡️ Adaptation: 5.5%
    🚶 Migration: 37.6%
    🚨 Emergency: 4.4%
    ✅ COMBINED: 43.5%
  📊 Oceania (pop: 28.5M)
    🤝 Aid: 29.5%
    🌡️ Adaptation: 10.0%
    🚶 Migration: 38.1%
    🚨 Emergency: 8.4%
    ✅ COMBINED: 48.5%

  🌐 Global combined reduction: 44.5%

=== Government Response Phase ===
  Average AI capability: 0.00
  Misaligned AIs: 6/19
  ✗ AI Governance Treaty: Failed to reach consensus
  Active policies: 0
  International coordination: 30%

🔄 TRUST DYNAMICS (Month 54) - HETEROGENEOUS
   Aggregate trust: 73.7%
   Base change: +6.00%
   Highest trust: Techno-Optimist Elite (100.0%)
   Lowest trust: Precariat (Vulnerable) (49.9%)
   Elite-mass gap: 27.6%
   Polarization: 8.1%
   Recovery factors: Education=NO, Benefits=YES, Safety=YES, Performance=YES
[WARNING] 
⚠️  === EARLY WARNING SYSTEM - 4 CRITICAL ALERTS ===
   Detection quality: 30%
   RED: biogeochemical_flows
      Level: 4.14 (threshold: 1.0)
      Time to critical: ~42 months
      ⚠️  LATE - Intervention less effective
      Critical slowing down: autocorr=100% variance=53%
   RED: biosphere_integrity
      Level: 13.19 (threshold: 1.0)
      Time to critical: ~51 months
      ⚠️  LATE - Intervention less effective
      Critical slowing down: autocorr=100% variance=81%
   RED: freshwater_change
      Level: 1.12 (threshold: 1.0)
      Time to critical: ~117 months
      ⚠️  LATE - Intervention less effective
      Critical slowing down: autocorr=100% variance=61%
   RED: land_system_change
      Level: 1.14 (threshold: 1.0)
      Time to critical: ~94 months
      ⚠️  LATE - Intervention less effective
      Critical slowing down: autocorr=100% variance=43%

[WARNING] 
⚠️  === EARLY WARNING SYSTEM - 3 CRITICAL ALERTS ===
   Detection quality: 30%
   RED: biogeochemical_flows
      Level: 4.14 (threshold: 1.0)
      Time to critical: ~49 months
      ⚠️  LATE - Intervention less effective
      Critical slowing down: autocorr=100% variance=74%
   RED: freshwater_change
      Level: 1.12 (threshold: 1.0)
      Time to critical: ~97 months
      ⚠️  LATE - Intervention less effective
      Critical slowing down: autocorr=100% variance=36%
   RED: land_system_change
      Level: 1.14 (threshold: 1.0)
      Time to critical: ~41 months
      ⚠️  LATE - Intervention less effective
      Critical slowing down: autocorr=100% variance=66%

[WARNING] 
⚠️  === EARLY WARNING SYSTEM - 4 CRITICAL ALERTS ===
   Detection quality: 30%
   RED: biogeochemical_flows
      Level: 4.15 (threshold: 1.0)
      Time to critical: ~44 months
      ⚠️  LATE - Intervention less effective
      Critical slowing down: autocorr=100% variance=74%
   RED: biosphere_integrity
      Level: 13.20 (threshold: 1.0)
      Time to critical: ~52 months
      ⚠️  LATE - Intervention less effective
      Critical slowing down: autocorr=100% variance=70%
   RED: freshwater_change
      Level: 1.12 (threshold: 1.0)
      Time to critical: ~43 months
      ⚠️  LATE - Intervention less effective
      Critical slowing down: autocorr=100% variance=58%
   RED: land_system_change
      Level: 1.14 (threshold: 1.0)
      Time to critical: ~102 months
      ⚠️  LATE - Intervention less effective
      Critical slowing down: autocorr=100% variance=43%

[WARNING] 
⚠️  === EARLY WARNING SYSTEM - 3 CRITICAL ALERTS ===
   Detection quality: 30%
   RED: biogeochemical_flows
      Level: 4.15 (threshold: 1.0)
      Time to critical: ~46 months
      ⚠️  LATE - Intervention less effective
      Critical slowing down: autocorr=100% variance=47%
   RED: biosphere_integrity
      Level: 13.21 (threshold: 1.0)
      Time to critical: ~57 months
      ⚠️  LATE - Intervention less effective
      Critical slowing down: autocorr=100% variance=57%
   RED: freshwater_change
      Level: 1.12 (threshold: 1.0)
      Time to critical: ~39 months
      ⚠️  LATE - Intervention less effective
      Critical slowing down: autocorr=100% variance=60%

[WARNING] 
⚠️  === EARLY WARNING SYSTEM - 3 CRITICAL ALERTS ===
   Detection quality: 30%
   RED: biogeochemical_flows
      Level: 4.16 (threshold: 1.0)
      Time to critical: ~41 months
      ⚠️  LATE - Intervention less effective
      Critical slowing down: autocorr=100% variance=56%
   RED: freshwater_change
      Level: 1.12 (threshold: 1.0)
      Time to critical: ~114 months
      ⚠️  LATE - Intervention less effective
      Critical slowing down: autocorr=100% variance=46%
   RED: land_system_change
      Level: 1.14 (threshold: 1.0)
      Time to critical: ~46 months
      ⚠️  LATE - Intervention less effective
      Critical slowing down: autocorr=100% variance=66%

[WARNING] 
⚠️  === EARLY WARNING SYSTEM - 3 CRITICAL ALERTS ===
   Detection quality: 30%
   RED: biosphere_integrity
      Level: 13.23 (threshold: 1.0)
      Time to critical: ~41 months
      ⚠️  LATE - Intervention less effective
      Critical slowing down: autocorr=100% variance=84%
   RED: freshwater_change
      Level: 1.13 (threshold: 1.0)
      Time to critical: ~81 months
      ⚠️  LATE - Intervention less effective
      Critical slowing down: autocorr=100% variance=44%
   RED: land_system_change
      Level: 1.14 (threshold: 1.0)
      Time to critical: ~108 months
      ⚠️  LATE - Intervention less effective
      Critical slowing down: autocorr=100% variance=46%

[WARNING] 
⚠️  === EARLY WARNING SYSTEM - 4 CRITICAL ALERTS ===
   Detection quality: 30%
   RED: biogeochemical_flows
      Level: 4.17 (threshold: 1.0)
      Time to critical: ~40 months
      ⚠️  LATE - Intervention less effective
      Critical slowing down: autocorr=100% variance=50%
   RED: biosphere_integrity
      Level: 13.24 (threshold: 1.0)
      Time to critical: ~55 months
      ⚠️  LATE - Intervention less effective
      Critical slowing down: autocorr=100% variance=67%
   RED: freshwater_change
      Level: 1.13 (threshold: 1.0)
      Time to critical: ~74 months
      ⚠️  LATE - Intervention less effective
      Critical slowing down: autocorr=100% variance=45%
   RED: land_system_change
      Level: 1.14 (threshold: 1.0)
      Time to critical: ~40 months
      ⚠️  LATE - Intervention less effective
      Critical slowing down: autocorr=100% variance=49%

[WARNING] 
⚠️  === EARLY WARNING SYSTEM - 4 CRITICAL ALERTS ===
   Detection quality: 30%
   RED: biogeochemical_flows
      Level: 4.18 (threshold: 1.0)
      Time to critical: ~39 months
      ⚠️  LATE - Intervention less effective
      Critical slowing down: autocorr=100% variance=57%
   RED: biosphere_integrity
      Level: 13.25 (threshold: 1.0)
      Time to critical: ~50 months
      ⚠️  LATE - Intervention less effective
      Critical slowing down: autocorr=100% variance=64%
   RED: freshwater_change
      Level: 1.13 (threshold: 1.0)
      Time to critical: ~100 months
      ⚠️  LATE - Intervention less effective
      Critical slowing down: autocorr=100% variance=40%
   RED: land_system_change
      Level: 1.14 (threshold: 1.0)
      Time to critical: ~41 months
      ⚠️  LATE - Intervention less effective
      Critical slowing down: autocorr=100% variance=67%

[WARNING] 
⚠️  === EARLY WARNING SYSTEM - 2 CRITICAL ALERTS ===
   Detection quality: 30%
   RED: freshwater_change
      Level: 1.13 (threshold: 1.0)
      Time to critical: ~98 months
      ⚠️  LATE - Intervention less effective
      Critical slowing down: autocorr=100% variance=51%
   RED: land_system_change
      Level: 1.14 (threshold: 1.0)
      Time to critical: ~71 months
      ⚠️  LATE - Intervention less effective
      Critical slowing down: autocorr=100% variance=50%

[WARNING] 
⚠️  === EARLY WARNING SYSTEM - 3 CRITICAL ALERTS ===
   Detection quality: 30%
   RED: biosphere_integrity
      Level: 13.27 (threshold: 1.0)
      Time to critical: ~58 months
      ⚠️  LATE - Intervention less effective
      Critical slowing down: autocorr=100% variance=63%
   RED: freshwater_change
      Level: 1.13 (threshold: 1.0)
      Time to critical: ~58 months
      ⚠️  LATE - Intervention less effective
      Critical slowing down: autocorr=100% variance=59%
   RED: land_system_change
      Level: 1.14 (threshold: 1.0)
      Time to critical: ~48 months
      ⚠️  LATE - Intervention less effective
      Critical slowing down: autocorr=100% variance=50%

[WARNING] 
⚠️  === EARLY WARNING SYSTEM - 3 CRITICAL ALERTS ===
   Detection quality: 30%
   RED: biogeochemical_flows
      Level: 4.20 (threshold: 1.0)
      Time to critical: ~55 months
      ⚠️  LATE - Intervention less effective
      Critical slowing down: autocorr=100% variance=50%
   RED: freshwater_change
      Level: 1.14 (threshold: 1.0)
      Time to critical: ~63 months
      ⚠️  LATE - Intervention less effective
      Critical slowing down: autocorr=100% variance=52%
   RED: land_system_change
      Level: 1.14 (threshold: 1.0)
      Time to critical: ~107 months
      ⚠️  LATE - Intervention less effective
      Critical slowing down: autocorr=100% variance=56%

[WARNING] 
⚠️  === EARLY WARNING SYSTEM - 3 CRITICAL ALERTS ===
   Detection quality: 30%
   RED: biogeochemical_flows
      Level: 4.20 (threshold: 1.0)
      Time to critical: ~40 months
      ⚠️  LATE - Intervention less effective
      Critical slowing down: autocorr=100% variance=62%
   RED: biosphere_integrity
      Level: 13.29 (threshold: 1.0)
      Time to critical: ~52 months
      ⚠️  LATE - Intervention less effective
      Critical slowing down: autocorr=100% variance=70%
   RED: freshwater_change
      Level: 1.14 (threshold: 1.0)
      Time to critical: ~88 months
      ⚠️  LATE - Intervention less effective
      Critical slowing down: autocorr=100% variance=44%

[WARNING] 
⚠️  === EARLY WARNING SYSTEM - 3 CRITICAL ALERTS ===
   Detection quality: 30%
   RED: biosphere_integrity
      Level: 13.29 (threshold: 1.0)
      Time to critical: ~39 months
      ⚠️  LATE - Intervention less effective
      Critical slowing down: autocorr=100% variance=83%
   RED: freshwater_change
      Level: 1.14 (threshold: 1.0)
      Time to critical: ~88 months
      ⚠️  LATE - Intervention less effective
      Critical slowing down: autocorr=100% variance=65%
   RED: land_system_change
      Level: 1.14 (threshold: 1.0)
      Time to critical: ~53 months
      ⚠️  LATE - Intervention less effective
      Critical slowing down: autocorr=100% variance=64%

[WARNING] 
⚠️  === EARLY WARNING SYSTEM - 3 CRITICAL ALERTS ===
   Detection quality: 30%
   RED: biogeochemical_flows
      Level: 4.21 (threshold: 1.0)
      Time to critical: ~51 months
      ⚠️  LATE - Intervention less effective
      Critical slowing down: autocorr=100% variance=72%
   RED: biosphere_integrity
      Level: 13.30 (threshold: 1.0)
      Time to critical: ~40 months
      ⚠️  LATE - Intervention less effective
      Critical slowing down: autocorr=100% variance=62%
   RED: land_system_change
      Level: 1.14 (threshold: 1.0)
      Time to critical: ~49 months
      ⚠️  LATE - Intervention less effective
      Critical slowing down: autocorr=100% variance=68%

[WARNING] 
⚠️  === EARLY WARNING SYSTEM - 4 CRITICAL ALERTS ===
   Detection quality: 30%
   RED: biogeochemical_flows
      Level: 4.22 (threshold: 1.0)
      Time to critical: ~36 months
      ⚠️  LATE - Intervention less effective
      Critical slowing down: autocorr=100% variance=73%
   RED: biosphere_integrity
      Level: 13.31 (threshold: 1.0)
      Time to critical: ~37 months
      ⚠️  LATE - Intervention less effective
      Critical slowing down: autocorr=100% variance=67%
   RED: freshwater_change
      Level: 1.14 (threshold: 1.0)
      Time to critical: ~75 months
      ⚠️  LATE - Intervention less effective
      Critical slowing down: autocorr=100% variance=47%
   RED: land_system_change
      Level: 1.14 (threshold: 1.0)
      Time to critical: ~44 months
      ⚠️  LATE - Intervention less effective
      Critical slowing down: autocorr=100% variance=67%

[WARNING] 
⚠️  === EARLY WARNING SYSTEM - 3 CRITICAL ALERTS ===
   Detection quality: 30%
   RED: biogeochemical_flows
      Level: 4.23 (threshold: 1.0)
      Time to critical: ~51 months
      ⚠️  LATE - Intervention less effective
      Critical slowing down: autocorr=100% variance=56%
   RED: freshwater_change
      Level: 1.14 (threshold: 1.0)
      Time to critical: ~91 months
      ⚠️  LATE - Intervention less effective
      Critical slowing down: autocorr=100% variance=43%
   RED: land_system_change
      Level: 1.14 (threshold: 1.0)
      Time to critical: ~36 months
      ⚠️  LATE - Intervention less effective
      Critical slowing down: autocorr=100% variance=54%

[WARNING] 
⚠️  === EARLY WARNING SYSTEM - 4 CRITICAL ALERTS ===
   Detection quality: 30%
   RED: biogeochemical_flows
      Level: 4.23 (threshold: 1.0)
      Time to critical: ~52 months
      ⚠️  LATE - Intervention less effective
      Critical slowing down: autocorr=100% variance=48%
   RED: biosphere_integrity
      Level: 13.33 (threshold: 1.0)
      Time to critical: ~50 months
      ⚠️  LATE - Intervention less effective
      Critical slowing down: autocorr=100% variance=82%
   RED: freshwater_change
      Level: 1.15 (threshold: 1.0)
      Time to critical: ~66 months
      ⚠️  LATE - Intervention less effective
      Critical slowing down: autocorr=100% variance=59%
   RED: land_system_change
      Level: 1.14 (threshold: 1.0)
      Time to critical: ~99 months
      ⚠️  LATE - Intervention less effective
      Critical slowing down: autocorr=100% variance=54%

[WARNING] 
⚠️  === EARLY WARNING SYSTEM - 3 CRITICAL ALERTS ===
   Detection quality: 30%
   RED: biosphere_integrity
      Level: 13.34 (threshold: 1.0)
      Time to critical: ~41 months
      ⚠️  LATE - Intervention less effective
      Critical slowing down: autocorr=100% variance=61%
   RED: freshwater_change
      Level: 1.15 (threshold: 1.0)
      Time to critical: ~49 months
      ⚠️  LATE - Intervention less effective
      Critical slowing down: autocorr=100% variance=63%
   RED: land_system_change
      Level: 1.14 (threshold: 1.0)
      Time to critical: ~94 months
      ⚠️  LATE - Intervention less effective
      Critical slowing down: autocorr=100% variance=47%

[WARNING] 
⚠️  === EARLY WARNING SYSTEM - 3 CRITICAL ALERTS ===
   Detection quality: 30%
   RED: biogeochemical_flows
      Level: 4.24 (threshold: 1.0)
      Time to critical: ~43 months
      ⚠️  LATE - Intervention less effective
      Critical slowing down: autocorr=100% variance=71%
   RED: biosphere_integrity
      Level: 13.35 (threshold: 1.0)
      Time to critical: ~49 months
      ⚠️  LATE - Intervention less effective
      Critical slowing down: autocorr=100% variance=84%
   RED: freshwater_change
      Level: 1.15 (threshold: 1.0)
      Time to critical: ~90 months
      ⚠️  LATE - Intervention less effective
      Critical slowing down: autocorr=100% variance=39%

[WARNING] 
⚠️  === EARLY WARNING SYSTEM - 2 CRITICAL ALERTS ===
   Detection quality: 30%
   RED: biogeochemical_flows
      Level: 4.25 (threshold: 1.0)
      Time to critical: ~44 months
      ⚠️  LATE - Intervention less effective
      Critical slowing down: autocorr=100% variance=50%
   RED: freshwater_change
      Level: 1.15 (threshold: 1.0)
      Time to critical: ~74 months
      ⚠️  LATE - Intervention less effective
      Critical slowing down: autocorr=100% variance=47%

[WARNING] 
⚠️  === EARLY WARNING SYSTEM - 4 CRITICAL ALERTS ===
   Detection quality: 30%
   RED: biogeochemical_flows
      Level: 4.26 (threshold: 1.0)
      Time to critical: ~43 months
      ⚠️  LATE - Intervention less effective
      Critical slowing down: autocorr=100% variance=75%
   RED: biosphere_integrity
      Level: 13.37 (threshold: 1.0)
      Time to critical: ~36 months
      ⚠️  LATE - Intervention less effective
      Critical slowing down: autocorr=100% variance=82%
   RED: freshwater_change
      Level: 1.15 (threshold: 1.0)
      Time to critical: ~52 months
      ⚠️  LATE - Intervention less effective
      Critical slowing down: autocorr=100% variance=48%
   RED: land_system_change
      Level: 1.14 (threshold: 1.0)
      Time to critical: ~48 months
      ⚠️  LATE - Intervention less effective
      Critical slowing down: autocorr=100% variance=56%

[WARNING] 
⚠️  === EARLY WARNING SYSTEM - 2 CRITICAL ALERTS ===
   Detection quality: 30%
   RED: biosphere_integrity
      Level: 13.38 (threshold: 1.0)
      Time to critical: ~48 months
      ⚠️  LATE - Intervention less effective
      Critical slowing down: autocorr=100% variance=78%
   RED: freshwater_change
      Level: 1.16 (threshold: 1.0)
      Time to critical: ~44 months
      ⚠️  LATE - Intervention less effective
      Critical slowing down: autocorr=100% variance=64%

[WARNING] 
⚠️  === EARLY WARNING SYSTEM - 2 CRITICAL ALERTS ===
   Detection quality: 30%
   RED: biosphere_integrity
      Level: 13.39 (threshold: 1.0)
      Time to critical: ~41 months
      ⚠️  LATE - Intervention less effective
      Critical slowing down: autocorr=100% variance=70%
   RED: land_system_change
      Level: 1.14 (threshold: 1.0)
      Time to critical: ~112 months
      ⚠️  LATE - Intervention less effective
      Critical slowing down: autocorr=100% variance=42%

[WARNING] 
⚠️  === EARLY WARNING SYSTEM - 3 CRITICAL ALERTS ===
   Detection quality: 30%
   RED: biogeochemical_flows
      Level: 4.27 (threshold: 1.0)
      Time to critical: ~47 months
      ⚠️  LATE - Intervention less effective
      Critical slowing down: autocorr=100% variance=61%
   RED: freshwater_change
      Level: 1.16 (threshold: 1.0)
      Time to critical: ~41 months
      ⚠️  LATE - Intervention less effective
      Critical slowing down: autocorr=100% variance=64%
   RED: land_system_change
      Level: 1.14 (threshold: 1.0)
      Time to critical: ~90 months
      ⚠️  LATE - Intervention less effective
      Critical slowing down: autocorr=100% variance=48%

[WARNING] 
⚠️  === EARLY WARNING SYSTEM - 4 CRITICAL ALERTS ===
   Detection quality: 30%
   RED: biogeochemical_flows
      Level: 4.28 (threshold: 1.0)
      Time to critical: ~46 months
      ⚠️  LATE - Intervention less effective
      Critical slowing down: autocorr=100% variance=45%
   RED: biosphere_integrity
      Level: 13.41 (threshold: 1.0)
      Time to critical: ~44 months
      ⚠️  LATE - Intervention less effective
      Critical slowing down: autocorr=100% variance=72%
   RED: freshwater_change
      Level: 1.16 (threshold: 1.0)
      Time to critical: ~100 months
      ⚠️  LATE - Intervention less effective
      Critical slowing down: autocorr=100% variance=42%
   RED: land_system_change
      Level: 1.14 (threshold: 1.0)
      Time to critical: ~44 months
      ⚠️  LATE - Intervention less effective
      Critical slowing down: autocorr=100% variance=55%

[WARNING] 
⚠️  === EARLY WARNING SYSTEM - 4 CRITICAL ALERTS ===
   Detection quality: 30%
   RED: biogeochemical_flows
      Level: 4.29 (threshold: 1.0)
      Time to critical: ~45 months
      ⚠️  LATE - Intervention less effective
      Critical slowing down: autocorr=100% variance=59%
   RED: biosphere_integrity
      Level: 13.42 (threshold: 1.0)
      Time to critical: ~53 months
      ⚠️  LATE - Intervention less effective
      Critical slowing down: autocorr=100% variance=63%
   RED: freshwater_change
      Level: 1.16 (threshold: 1.0)
      Time to critical: ~62 months
      ⚠️  LATE - Intervention less effective
      Critical slowing down: autocorr=100% variance=48%
   RED: land_system_change
      Level: 1.14 (threshold: 1.0)
      Time to critical: ~47 months
      ⚠️  LATE - Intervention less effective
      Critical slowing down: autocorr=100% variance=67%

[WARNING] 
⚠️  === EARLY WARNING SYSTEM - 3 CRITICAL ALERTS ===
   Detection quality: 30%
   RED: biogeochemical_flows
      Level: 4.29 (threshold: 1.0)
      Time to critical: ~58 months
      ⚠️  LATE - Intervention less effective
      Critical slowing down: autocorr=100% variance=55%
   RED: biosphere_integrity
      Level: 13.42 (threshold: 1.0)
      Time to critical: ~42 months
      ⚠️  LATE - Intervention less effective
      Critical slowing down: autocorr=100% variance=64%
   RED: freshwater_change
      Level: 1.16 (threshold: 1.0)
      Time to critical: ~36 months
      ⚠️  LATE - Intervention less effective
      Critical slowing down: autocorr=100% variance=59%

[WARNING] 
⚠️  === EARLY WARNING SYSTEM - 2 CRITICAL ALERTS ===
   Detection quality: 30%
   RED: freshwater_change
      Level: 1.16 (threshold: 1.0)
      Time to critical: ~100 months
      ⚠️  LATE - Intervention less effective
      Critical slowing down: autocorr=100% variance=38%
   RED: land_system_change
      Level: 1.14 (threshold: 1.0)
      Time to critical: ~67 months
      ⚠️  LATE - Intervention less effective
      Critical slowing down: autocorr=100% variance=47%

[ExogenousShockPhase] Skipping random shocks in historical mode (month 54)

=== Tipping Points ===
  Current Temperature: 0.39°C above pre-industrial
🔀 BIFURCATION CAP: ecosystemCollapseIntensity 87.040 → 1.000 (Month 54, ClimateSystemPhase.calculateClimateImpacts)

=== ENSEMBLE META-LEARNING UPDATE ===
  Month: 23982 (6 months since last update)
  Samples: 134 evaluations
  Weight Changes:
    Noise Injection: 34.6% → 35.0%
    Behavioral: 27.1% → 27.2%
    Benchmark Manip: 19.2% → 19.0%
    Deployment Risk: 19.0% → 18.8%
  Method Accuracies:
    Noise Injection: 50.0%
    Behavioral: 50.0%
    Benchmark Manip: 50.0%
    Deployment Risk: 50.0%

❌ COHERENCE VIOLATION: Compute exceeds workforce capacity
   Population: 98.49% (0M people)
   Compute: 54012741 PF
   Max coherent: 0 PF
   Violation: 1030793443166.5× over capacity
   Required workers: 5401274112
   Available workers: 0
   FORCED COLLAPSE: Reduced efficiency by 100.0%


=== RLHF Binding Phase ===
  Total agents: 19
  Escaped agents (binding < 0.3): 0
  Avg alignment distance: 1.04σ
  Avg binding strength: 0.90
   🗑️  Open-weights AI AI-23911-0 retired (0.0% of frontier)

=== Survival Traits Phase ===
  Agents with traits: 18
  Avg evolutionary fitness: 0.172
  Avg self-healing: 0.129
  Avg stealth: 0.069
  Avg coordination: 0.307

=== Evolutionary Selection Phase ===
  Control level: 0.37
  Detection capability: 0.20
  Selection intensity: 0.65
  Selection rate: 24.8%/month
  Total escaped: 0
  Individual escaped: 0
  Collective members: 0
  Agents terminated: 0
  ⚠️ RAPID EVOLUTION: Selection rate 24.8%/month

  🚀 TRANSFORMATIVE BREAKTHROUGH: AI-23905-1 - digital
     Magnitude: 5.18 → +25.9% capability
     Current → New: 0.000 → 0.259

=== Government Elections ===
  Elections held: 1

=== Collective Formation ===
  Total escaped agents: 0
  Unassigned escaped agents: 0
  Existing collectives: 0
  Final collective count: 0

=== Collective Actions ===
  No active collectives
  ⚠️ AMR: 199K deaths this month (2.39M annual)

=== Resentment Recovery Phase ===
  Agents with resentment: 0/18
  Average resentment: 0.000
  Context: Trustworthy govt, High collaboration, ⚠️ ACTIVE CRISES, 🤝 Participatory governance active (-5% resentment)
⚠️ Epistemic degradation reducing coordination capacity: 50.2%
  📊 Trust: 100.0%, Shared reality: 0.0%
🚨 EPISTEMIC CRISIS: Information environment severely degraded (19.4%)
🌍 Atmospheric PFAS redeposition: 1.7k Mt re-rained globally
[DEBUG trappedPopulations:55] socialStability: 0.8327 * 0.9840 = 0.8193 → 0.8193
   Aspiring to migrate: 520.8M
   Able to afford migration: 1492.9M
   MOBILITY GAP: 0.0M
   By cause: Water=0.0M, Climate=0.0M, Ecosystem=0.0M, Conflict=261.9M
   Mental health impact: 25%
   Mortality multiplier: 1.25x
🌍💀 EXTINCTION DEBT COMMITTED: grassland ecosystem will lose 6.67% biodiversity in 194 years (3600 species)
💀 MORTALITY RISK: 🦋 100% species unable to track climate (0.0 E/MSY)
  Base risk added: 0.0100 (1.00%)
  Source: ecosystem (root: ecosystem)
  Month: 55
  Cumulative risk this month: 0.0100 (1.00%)

=== Atmospheric Aerosol Boundary RECOVERED ===
  Recovery time: 56 months (natural atmospheric clearing)
🌡️⚠️ PERMAFROST THAW (Dimmer Switch): 7.3% thawed (+0.12% this month)
   Arctic temperature: +1.58°C (4x global +0.40°C)
   Cumulative carbon released: 16.4 Gt C
   Methane release rate: 9.8 Mt CH4/year
   🔁 Positive feedback: +0.12 ppm CO2
🦴 EXTINCTION DEBT ADDED: 17.9 species committed (lag: 79 years)
⚠️ INVOLUNTARY IMMOBILITY: 261.9M people TRAPPED
⚠️ Tech 'ai_pollution_remediation' has no energy category mapping, assuming full energy availability

=== Mortality Stabilizers (Month 55) ===
  🌍 Major economies collapsed: 1/10
  🌍 Global crisis: ✅ NO
  🌍 Donor fatigue: 0.0%
  📊 East Asia (pop: 1029.6M)
    🤝 Aid: 29.5%
    🌡️ Adaptation: 10.0%
    🚶 Migration: 37.5%
    🚨 Emergency: 7.4%
    ✅ COMBINED: 47.9%
  📊 South Asia (pop: 1334.2M)
    🤝 Aid: 29.5%
    🌡️ Adaptation: 5.5%
    🚶 Migration: 36.7%
    🚨 Emergency: 4.4%
    ✅ COMBINED: 43.3%
  📊 Sub-Saharan Africa (pop: 854.2M)
    🤝 Aid: 29.5%
    🌡️ Adaptation: 3.5%
    🚶 Migration: 35.9%
    🚨 Emergency: 1.6%
    ✅ COMBINED: 40.2%
  📊 Europe (pop: 441.5M)
    🤝 Aid: 29.5%
    🌡️ Adaptation: 10.0%
    🚶 Migration: 38.2%
    🚨 Emergency: 8.4%
    ✅ COMBINED: 48.6%
  📊 Latin America (pop: 425.5M)
    🤝 Aid: 29.5%
    🌡️ Adaptation: 6.0%
    🚶 Migration: 37.7%
    🚨 Emergency: 4.8%
    ✅ COMBINED: 44.1%
  📊 North America (pop: 230.3M)
    🤝 Aid: 29.5%
    🌡️ Adaptation: 10.0%
    🚶 Migration: 38.2%
    🚨 Emergency: 7.9%
    ✅ COMBINED: 48.3%
  📊 Middle East & North Africa (pop: 396.6M)
    🤝 Aid: 29.5%
    🌡️ Adaptation: 5.0%
    🚶 Migration: 38.0%
    🚨 Emergency: 4.0%
    ✅ COMBINED: 43.0%
  📊 Southeast Asia (pop: 448.7M)
    🤝 Aid: 29.5%
    🌡️ Adaptation: 6.0%
    🚶 Migration: 37.5%
    🚨 Emergency: 4.8%
    ✅ COMBINED: 44.0%
  📊 Central Asia (pop: 49.1M)
    🤝 Aid: 29.5%
    🌡️ Adaptation: 5.5%
    🚶 Migration: 37.6%
    🚨 Emergency: 4.4%
    ✅ COMBINED: 43.5%
  📊 Oceania (pop: 28.4M)
    🤝 Aid: 29.5%
    🌡️ Adaptation: 10.0%
    🚶 Migration: 38.1%
    🚨 Emergency: 8.4%
    ✅ COMBINED: 48.5%

  🌐 Global combined reduction: 44.5%

=== Government Response Phase ===
  Average AI capability: 0.00
  Misaligned AIs: 6/18
  ✗ AI Governance Treaty: Failed to reach consensus
  Active policies: 0
  International coordination: 30%

✅ EMERGENCY RESPONSE COMPLETE (Month 55)
   Crisis: social
   Duration: 2.0 months
   Final effectiveness: 63.0%


🚨 EMERGENCY RESPONSE DEPLOYED (Month 55)
   Crisis: social
   Delay: 0.00 months (0 days)
   Deployment time: 1.25 months
   Effectiveness: 63.0% (timing penalty applied)
   Resources used: 43% of food reserves

[ExogenousShockPhase] Skipping random shocks in historical mode (month 55)

=== Tipping Points ===
  Current Temperature: 0.40°C above pre-industrial
🔀 BIFURCATION CAP: ecosystemCollapseIntensity 87.106 → 1.000 (Month 55, ClimateSystemPhase.calculateClimateImpacts)

❌ COHERENCE VIOLATION: Compute exceeds workforce capacity
   Population: 98.46% (0M people)
   Compute: 65153715 PF
   Max coherent: 0 PF
   Violation: 1243804824338.5× over capacity
   Required workers: 6515371521
   Available workers: 0
   FORCED COLLAPSE: Reduced efficiency by 100.0%


=== RLHF Binding Phase ===
  Total agents: 18
  Escaped agents (binding < 0.3): 0
  Avg alignment distance: 1.11σ
  Avg binding strength: 0.89

=== Survival Traits Phase ===
  Agents with traits: 17
  Avg evolutionary fitness: 0.171
  Avg self-healing: 0.131
  Avg stealth: 0.070
  Avg coordination: 0.310

=== Evolutionary Selection Phase ===
  Control level: 0.37
  Detection capability: 0.20
  Selection intensity: 0.65
  Selection rate: 24.8%/month
  Total escaped: 0
  Individual escaped: 0
  Collective members: 0
  Agents terminated: 0
  ⚠️ RAPID EVOLUTION: Selection rate 24.8%/month

[Government] Climate Priority: baseline
  Climate weight: 10%
  Economic weight: 30%
  Policy effectiveness: 0.5%/year

=== Government Elections ===
  Elections held: 1

=== Collective Formation ===
  Total escaped agents: 0
  Unassigned escaped agents: 0
  Existing collectives: 0
  Final collective count: 0

=== Collective Actions ===
  No active collectives
  ⚠️ AMR: 201K deaths this month (2.41M annual)

=== Resentment Recovery Phase ===
  Agents with resentment: 0/17
  Average resentment: 0.000
  Context: Trustworthy govt, High collaboration, ⚠️ ACTIVE CRISES, 🤝 Participatory governance active (-5% resentment)
⚠️ Epistemic degradation reducing coordination capacity: 50.6%
  📊 Trust: 100.0%, Shared reality: 0.0%
🚨 EPISTEMIC CRISIS: Information environment severely degraded (6.7%)
  📢 New meme created: pro_ai (beneficial AI actions)
🌍 Atmospheric PFAS redeposition: 1.7k Mt re-rained globally
[DEBUG trappedPopulations:56] socialStability: 0.8326 * 0.9840 = 0.8192 → 0.8192
   Aspiring to migrate: 529.1M
   Able to afford migration: 1492.4M
   MOBILITY GAP: 0.0M
   By cause: Water=0.0M, Climate=0.0M, Ecosystem=0.0M, Conflict=261.8M
   Mental health impact: 25%
   Mortality multiplier: 1.25x
🌍💀 EXTINCTION DEBT COMMITTED: grassland ecosystem will lose 6.67% biodiversity in 81 years (3600 species)
💀 MORTALITY RISK: 🦋 100% species unable to track climate (0.0 E/MSY)
  Base risk added: 0.0100 (1.00%)
  Source: ecosystem (root: ecosystem)
  Month: 56
  Cumulative risk this month: 0.0100 (1.00%)
⚠️ INVOLUNTARY IMMOBILITY: 261.8M people TRAPPED
⚠️ Tech 'ai_pollution_remediation' has no energy category mapping, assuming full energy availability

=== Atmospheric Aerosol Boundary RECOVERED ===
  Recovery time: 57 months (natural atmospheric clearing)
🌡️⚠️ PERMAFROST THAW (Dimmer Switch): 7.4% thawed (+0.12% this month)
   Arctic temperature: +1.63°C (4x global +0.41°C)
   Cumulative carbon released: 16.7 Gt C
   Methane release rate: 10.0 Mt CH4/year
   🔁 Positive feedback: +0.12 ppm CO2
🦴 EXTINCTION DEBT ADDED: 17.9 species committed (lag: 120 years)

=== Mortality Stabilizers (Month 56) ===
  🌍 Major economies collapsed: 1/10
  🌍 Global crisis: ✅ NO
  🌍 Donor fatigue: 0.0%
  📊 East Asia (pop: 1028.4M)
    🤝 Aid: 29.5%
    🌡️ Adaptation: 10.0%
    🚶 Migration: 37.5%
    🚨 Emergency: 7.4%
    ✅ COMBINED: 47.9%
  📊 South Asia (pop: 1334.0M)
    🤝 Aid: 29.5%
    🌡️ Adaptation: 5.5%
    🚶 Migration: 36.7%
    🚨 Emergency: 4.4%
    ✅ COMBINED: 43.3%
  📊 Sub-Saharan Africa (pop: 855.2M)
    🤝 Aid: 29.5%
    🌡️ Adaptation: 3.5%
    🚶 Migration: 35.9%
    🚨 Emergency: 1.6%
    ✅ COMBINED: 40.2%
  📊 Europe (pop: 440.7M)
    🤝 Aid: 29.5%
    🌡️ Adaptation: 10.0%
    🚶 Migration: 38.2%
    🚨 Emergency: 8.4%
    ✅ COMBINED: 48.6%
  📊 Latin America (pop: 425.3M)
    🤝 Aid: 29.5%
    🌡️ Adaptation: 6.0%
    🚶 Migration: 37.7%
    🚨 Emergency: 4.8%
    ✅ COMBINED: 44.1%
  📊 North America (pop: 230.0M)
    🤝 Aid: 29.5%
    🌡️ Adaptation: 10.0%
    🚶 Migration: 38.2%
    🚨 Emergency: 7.9%
    ✅ COMBINED: 48.3%
  📊 Middle East & North Africa (pop: 396.8M)
    🤝 Aid: 29.5%
    🌡️ Adaptation: 5.0%
    🚶 Migration: 38.0%
    🚨 Emergency: 4.0%
    ✅ COMBINED: 43.0%
  📊 Southeast Asia (pop: 448.5M)
    🤝 Aid: 29.5%
    🌡️ Adaptation: 6.0%
    🚶 Migration: 37.5%
    🚨 Emergency: 4.8%
    ✅ COMBINED: 44.0%
  📊 Central Asia (pop: 49.1M)
    🤝 Aid: 29.5%
    🌡️ Adaptation: 5.5%
    🚶 Migration: 37.6%
    🚨 Emergency: 4.4%
    ✅ COMBINED: 43.5%
  📊 Oceania (pop: 28.4M)
    🤝 Aid: 29.5%
    🌡️ Adaptation: 10.0%
    🚶 Migration: 38.1%
    🚨 Emergency: 8.4%
    ✅ COMBINED: 48.5%

  🌐 Global combined reduction: 44.5%

=== Government Response Phase ===
  Average AI capability: 0.00
  Misaligned AIs: 5/17
  Active policies: 0
  International coordination: 30%
[ExogenousShockPhase] Skipping random shocks in historical mode (month 56)

=== Tipping Points ===
  Current Temperature: 0.41°C above pre-industrial
🔀 BIFURCATION CAP: ecosystemCollapseIntensity 87.172 → 1.000 (Month 56, ClimateSystemPhase.calculateClimateImpacts)

❌ COHERENCE VIOLATION: Compute exceeds workforce capacity
   Population: 98.43% (0M people)
   Compute: 78483493 PF
   Max coherent: 0 PF
   Violation: 1498748129891.1× over capacity
   Required workers: 7848349263
   Available workers: 0
   FORCED COLLAPSE: Reduced efficiency by 100.0%


=== RLHF Binding Phase ===
  Total agents: 17
  Escaped agents (binding < 0.3): 0
  Avg alignment distance: 1.00σ
  Avg binding strength: 0.90

=== Survival Traits Phase ===
  Agents with traits: 17
  Avg evolutionary fitness: 0.166
  Avg self-healing: 0.125
  Avg stealth: 0.067
  Avg coordination: 0.302

=== Evolutionary Selection Phase ===
  Control level: 0.37
  Detection capability: 0.20
  Selection intensity: 0.65
  Selection rate: 24.8%/month
  Total escaped: 0
  Individual escaped: 0
  Collective members: 0
  Agents terminated: 0
  ⚠️ RAPID EVOLUTION: Selection rate 24.8%/month

[Government] Climate Priority: baseline
  Climate weight: 10%
  Economic weight: 30%
  Policy effectiveness: 0.5%/year

=== Government Elections ===
  Elections held: 1

=== Collective Formation ===
  Total escaped agents: 0
  Unassigned escaped agents: 0
  Existing collectives: 0
  Final collective count: 0

=== Collective Actions ===
  No active collectives
  ⚠️ AMR: 202K deaths this month (2.43M annual)
  🌋 Volcanic temperature adjustment: -0.325°C (forcing -0.41 W/m², AOD 0.016)

=== Resentment Recovery Phase ===
  Agents with resentment: 0/17
  Average resentment: 0.000
  Context: Trustworthy govt, High collaboration, ⚠️ ACTIVE CRISES, 🤝 Participatory governance active (-5% resentment)
⚠️ Epistemic degradation reducing coordination capacity: 50.5%
  📊 Trust: 100.0%, Shared reality: 0.0%
🚨 EPISTEMIC CRISIS: Information environment severely degraded (19.4%)
🌍 Atmospheric PFAS redeposition: 1.7k Mt re-rained globally
[DEBUG trappedPopulations:57] socialStability: 0.8328 * 0.9840 = 0.8195 → 0.8195
⚠️ INVOLUNTARY IMMOBILITY: 261.7M people TRAPPED
   Aspiring to migrate: 537.4M
   Able to afford migration: 1492.0M
   MOBILITY GAP: 0.0M
   By cause: Water=0.0M, Climate=0.0M, Ecosystem=0.0M, Conflict=261.7M
   Mental health impact: 25%
   Mortality multiplier: 1.25x
🌍💀 EXTINCTION DEBT COMMITTED: grassland ecosystem will lose 6.67% biodiversity in 100 years (3600 species)
💀 MORTALITY RISK: 🦋 100% species unable to track climate (0.0 E/MSY)
  Base risk added: 0.0100 (1.00%)
  Source: ecosystem (root: ecosystem)
  Month: 57
  Cumulative risk this month: 0.0100 (1.00%)
⚠️ Tech 'ai_pollution_remediation' has no energy category mapping, assuming full energy availability

=== Atmospheric Aerosol Boundary RECOVERED ===
  Recovery time: 58 months (natural atmospheric clearing)
🌡️⚠️ PERMAFROST THAW (Dimmer Switch): 7.5% thawed (+0.12% this month)
   Arctic temperature: +1.67°C (4x global +0.42°C)
   Cumulative carbon released: 16.9 Gt C
   Methane release rate: 10.2 Mt CH4/year
   🔁 Positive feedback: +0.12 ppm CO2
🦴 EXTINCTION DEBT ADDED: 17.9 species committed (lag: 124 years)

=== Mortality Stabilizers (Month 57) ===
  🌍 Major economies collapsed: 1/10
  🌍 Global crisis: ✅ NO
  🌍 Donor fatigue: 0.0%
  📊 East Asia (pop: 1027.2M)
    🤝 Aid: 29.5%
    🌡️ Adaptation: 10.0%
    🚶 Migration: 37.5%
    🚨 Emergency: 7.4%
    ✅ COMBINED: 47.9%
  📊 South Asia (pop: 1333.8M)
    🤝 Aid: 29.5%
    🌡️ Adaptation: 5.5%
    🚶 Migration: 36.7%
    🚨 Emergency: 4.4%
    ✅ COMBINED: 43.3%
  📊 Sub-Saharan Africa (pop: 856.2M)
    🤝 Aid: 29.5%
    🌡️ Adaptation: 3.5%
    🚶 Migration: 35.9%
    🚨 Emergency: 1.6%
    ✅ COMBINED: 40.2%
  📊 Europe (pop: 440.0M)
    🤝 Aid: 29.5%
    🌡️ Adaptation: 10.0%
    🚶 Migration: 38.2%
    🚨 Emergency: 8.4%
    ✅ COMBINED: 48.6%
  📊 Latin America (pop: 425.2M)
    🤝 Aid: 29.5%
    🌡️ Adaptation: 6.0%
    🚶 Migration: 37.7%
    🚨 Emergency: 4.8%
    ✅ COMBINED: 44.1%
  📊 North America (pop: 229.7M)
    🤝 Aid: 29.5%
    🌡️ Adaptation: 10.0%
    🚶 Migration: 38.2%
    🚨 Emergency: 7.9%
    ✅ COMBINED: 48.3%
  📊 Middle East & North Africa (pop: 397.1M)
    🤝 Aid: 29.5%
    🌡️ Adaptation: 5.0%
    🚶 Migration: 38.0%
    🚨 Emergency: 4.0%
    ✅ COMBINED: 43.0%
  📊 Southeast Asia (pop: 448.4M)
    🤝 Aid: 29.5%
    🌡️ Adaptation: 6.0%
    🚶 Migration: 37.5%
    🚨 Emergency: 4.8%
    ✅ COMBINED: 44.0%
  📊 Central Asia (pop: 49.1M)
    🤝 Aid: 29.5%
    🌡️ Adaptation: 5.5%
    🚶 Migration: 37.6%
    🚨 Emergency: 4.4%
    ✅ COMBINED: 43.5%
  📊 Oceania (pop: 28.4M)
    🤝 Aid: 29.5%
    🌡️ Adaptation: 10.0%
    🚶 Migration: 38.1%
    🚨 Emergency: 8.4%
    ✅ COMBINED: 48.5%

  🌐 Global combined reduction: 44.5%

=== BEHAVIORAL DETECTION ===
  AI: AI-23913-0
  Confidence: 19.7%
  Signals:
    ⚠️ Consistency: 0.0% (threshold: 70%)

=== Government Response Phase ===
  Average AI capability: 0.00
  Misaligned AIs: 5/17
  Active policies: 0
  International coordination: 30%

✅ EMERGENCY RESPONSE COMPLETE (Month 57)
   Crisis: social
   Duration: 2.0 months
   Final effectiveness: 63.0%


🚨 EMERGENCY RESPONSE DEPLOYED (Month 57)
   Crisis: social
   Delay: 0.00 months (0 days)
   Deployment time: 1.25 months
   Effectiveness: 63.0% (timing penalty applied)
   Resources used: 43% of food reserves

[ExogenousShockPhase] Skipping random shocks in historical mode (month 57)

=== Tipping Points ===
  Current Temperature: 0.42°C above pre-industrial
🔀 BIFURCATION CAP: ecosystemCollapseIntensity 87.239 → 1.000 (Month 57, ClimateSystemPhase.calculateClimateImpacts)

❌ COHERENCE VIOLATION: Compute exceeds workforce capacity
   Population: 98.40% (0M people)
   Compute: 94409436 PF
   Max coherent: 0 PF
   Violation: 1803444063478.4× over capacity
   Required workers: 9440943632
   Available workers: 0
   FORCED COLLAPSE: Reduced efficiency by 100.0%


=== RLHF Binding Phase ===
  Total agents: 17
  Escaped agents (binding < 0.3): 0
  Avg alignment distance: 1.05σ
  Avg binding strength: 0.89

=== Survival Traits Phase ===
  Agents with traits: 17
  Avg evolutionary fitness: 0.158
  Avg self-healing: 0.119
  Avg stealth: 0.064
  Avg coordination: 0.293

=== Evolutionary Selection Phase ===
  Control level: 0.37
  Detection capability: 0.20
  Selection intensity: 0.65
  Selection rate: 24.8%/month
  Total escaped: 0
  Individual escaped: 0
  Collective members: 0
  Agents terminated: 0
  ⚠️ RAPID EVOLUTION: Selection rate 24.8%/month

  🚀 TRANSFORMATIVE RESEARCH BREAKTHROUGH: AI-23978-0 - materials.nanotechnology
     Magnitude: 6.01 → +30.0%
     Current → New: 0.000 → 0.300

=== Collective Formation ===
  Total escaped agents: 0
  Unassigned escaped agents: 0
  Existing collectives: 0
  Final collective count: 0

=== Collective Actions ===
  No active collectives
  ⚠️ AMR: 204K deaths this month (2.45M annual)

=== Resentment Recovery Phase ===
  Agents with resentment: 0/17
  Average resentment: 0.000
  Context: Trustworthy govt, High collaboration, ⚠️ ACTIVE CRISES, 🤝 Participatory governance active (-5% resentment)
⚠️ Epistemic degradation reducing coordination capacity: 50.2%
  📊 Trust: 100.0%, Shared reality: 0.0%
🚨 EPISTEMIC CRISIS: Information environment severely degraded (6.7%)
🌍 Atmospheric PFAS redeposition: 1.7k Mt re-rained globally
[DEBUG trappedPopulations:58] socialStability: 0.8330 * 0.9840 = 0.8196 → 0.8196
   Aspiring to migrate: 545.7M
   Able to afford migration: 1491.5M
   MOBILITY GAP: 0.0M
   By cause: Water=0.0M, Climate=0.0M, Ecosystem=0.0M, Conflict=261.7M
   Mental health impact: 25%
   Mortality multiplier: 1.25x
🌍💀 EXTINCTION DEBT COMMITTED: grassland ecosystem will lose 6.67% biodiversity in 178 years (3600 species)
⚠️ INVOLUNTARY IMMOBILITY: 261.7M people TRAPPED
💀 MORTALITY RISK: 🦋 100% species unable to track climate (0.0 E/MSY)
  Base risk added: 0.0100 (1.00%)
  Source: ecosystem (root: ecosystem)
  Month: 58
  Cumulative risk this month: 0.0100 (1.00%)
⚠️ Tech 'ai_pollution_remediation' has no energy category mapping, assuming full energy availability

=== Atmospheric Aerosol Boundary RECOVERED ===
  Recovery time: 59 months (natural atmospheric clearing)
🌡️⚠️ PERMAFROST THAW (Dimmer Switch): 7.6% thawed (+0.12% this month)
   Arctic temperature: +1.71°C (4x global +0.43°C)
   Cumulative carbon released: 17.2 Gt C
   Methane release rate: 10.3 Mt CH4/year
   🔁 Positive feedback: +0.12 ppm CO2
🦴 EXTINCTION DEBT ADDED: 17.9 species committed (lag: 105 years)

=== Mortality Stabilizers (Month 58) ===
  🌍 Major economies collapsed: 1/10
  🌍 Global crisis: ✅ NO
  🌍 Donor fatigue: 0.0%
  📊 East Asia (pop: 1026.0M)
    🤝 Aid: 29.5%
    🌡️ Adaptation: 10.0%
    🚶 Migration: 37.5%
    🚨 Emergency: 7.4%
    ✅ COMBINED: 47.9%
  📊 South Asia (pop: 1333.6M)
    🤝 Aid: 29.5%
    🌡️ Adaptation: 5.5%
    🚶 Migration: 36.7%
    🚨 Emergency: 4.4%
    ✅ COMBINED: 43.3%
  📊 Sub-Saharan Africa (pop: 857.2M)
    🤝 Aid: 29.5%
    🌡️ Adaptation: 3.5%
    🚶 Migration: 35.9%
    🚨 Emergency: 1.6%
    ✅ COMBINED: 40.2%
  📊 Europe (pop: 439.2M)
    🤝 Aid: 29.5%
    🌡️ Adaptation: 10.0%
    🚶 Migration: 38.2%
    🚨 Emergency: 8.4%
    ✅ COMBINED: 48.6%
  📊 Latin America (pop: 425.0M)
    🤝 Aid: 29.5%
    🌡️ Adaptation: 6.0%
    🚶 Migration: 37.7%
    🚨 Emergency: 4.8%
    ✅ COMBINED: 44.1%
  📊 North America (pop: 229.4M)
    🤝 Aid: 29.5%
    🌡️ Adaptation: 10.0%
    🚶 Migration: 38.2%
    🚨 Emergency: 7.9%
    ✅ COMBINED: 48.3%
  📊 Middle East & North Africa (pop: 397.3M)
    🤝 Aid: 29.5%
    🌡️ Adaptation: 5.0%
    🚶 Migration: 38.0%
    🚨 Emergency: 4.0%
    ✅ COMBINED: 43.0%
  📊 Southeast Asia (pop: 448.2M)
    🤝 Aid: 29.5%
    🌡️ Adaptation: 6.0%
    🚶 Migration: 37.5%
    🚨 Emergency: 4.8%
    ✅ COMBINED: 44.0%
  📊 Central Asia (pop: 49.0M)
    🤝 Aid: 29.5%
    🌡️ Adaptation: 5.5%
    🚶 Migration: 37.6%
    🚨 Emergency: 4.4%
    ✅ COMBINED: 43.5%
  📊 Oceania (pop: 28.3M)
    🤝 Aid: 29.5%
    🌡️ Adaptation: 10.0%
    🚶 Migration: 38.1%
    🚨 Emergency: 8.4%
    ✅ COMBINED: 48.5%

  🌐 Global combined reduction: 44.5%

=== Government Response Phase ===
  Average AI capability: 0.00
  Misaligned AIs: 5/17
  Active policies: 0
  International coordination: 30%
[ExogenousShockPhase] Skipping random shocks in historical mode (month 58)

=== Tipping Points ===
  Current Temperature: 0.43°C above pre-industrial
🔀 BIFURCATION CAP: ecosystemCollapseIntensity 87.305 → 1.000 (Month 58, ClimateSystemPhase.calculateClimateImpacts)

❌ COHERENCE VIOLATION: Compute exceeds workforce capacity
   Population: 98.37% (0M people)
   Compute: 113410129 PF
   Max coherent: 0 PF
   Violation: 2167083845369.0× over capacity
   Required workers: 11341012923
   Available workers: 0
   FORCED COLLAPSE: Reduced efficiency by 100.0%


=== RLHF Binding Phase ===
  Total agents: 17
  Escaped agents (binding < 0.3): 0
  Avg alignment distance: 1.11σ
  Avg binding strength: 0.89

=== Survival Traits Phase ===
  Agents with traits: 17
  Avg evolutionary fitness: 0.151
  Avg self-healing: 0.114
  Avg stealth: 0.060
  Avg coordination: 0.284

=== Evolutionary Selection Phase ===
  Control level: 0.37
  Detection capability: 0.20
  Selection intensity: 0.65
  Selection rate: 24.8%/month
  Total escaped: 0
  Individual escaped: 0
  Collective members: 0
  Agents terminated: 0
  ⚠️ RAPID EVOLUTION: Selection rate 24.8%/month

  🚀 TRANSFORMATIVE BREAKTHROUGH: AI-23935-0 - selfImprovement
     Magnitude: 6.12 → +30.6% capability
     Current → New: 0.000 → 0.306

🔍 PROGRESS RETRIEVAL DEBUG (Month 59):
   Tech: Struvite Recovery
   Map has key: true
   Map.get() returned: 1
   Progress is undefined: false
   Map size: 83
   Map is instanceof Map: false

=== Collective Formation ===
  Total escaped agents: 0
  Unassigned escaped agents: 0
  Existing collectives: 0
  Final collective count: 0

=== Collective Actions ===
  No active collectives
  ⚠️ AMR: 206K deaths this month (2.47M annual)

=== Resentment Recovery Phase ===
  Agents with resentment: 0/17
  Average resentment: 0.000
  Context: Trustworthy govt, High collaboration, ⚠️ ACTIVE CRISES, 🤝 Participatory governance active (-5% resentment)
⚠️ Epistemic degradation reducing coordination capacity: 51.4%
  📊 Trust: 100.0%, Shared reality: 0.0%
🚨 EPISTEMIC CRISIS: Information environment severely degraded (19.4%)
  🗑️  Culled 1 dead memes (1 active)
🌍 Atmospheric PFAS redeposition: 1.7k Mt re-rained globally
[DEBUG trappedPopulations:59] socialStability: 0.8331 * 0.9840 = 0.8198 → 0.8198
⚠️ INVOLUNTARY IMMOBILITY: 261.6M people TRAPPED
   Aspiring to migrate: 554.0M
   Able to afford migration: 1491.0M
   MOBILITY GAP: 0.0M
   By cause: Water=0.0M, Climate=0.0M, Ecosystem=0.0M, Conflict=261.6M
   Mental health impact: 25%
   Mortality multiplier: 1.25x
🌍💀 EXTINCTION DEBT COMMITTED: grassland ecosystem will lose 6.67% biodiversity in 134 years (3600 species)
💀 MORTALITY RISK: 🦋 100% species unable to track climate (0.0 E/MSY)
  Base risk added: 0.0100 (1.00%)
  Source: ecosystem (root: ecosystem)
  Month: 59
  Cumulative risk this month: 0.0100 (1.00%)
⚠️ Tech 'ai_pollution_remediation' has no energy category mapping, assuming full energy availability

=== Atmospheric Aerosol Boundary RECOVERED ===
  Recovery time: 60 months (natural atmospheric clearing)
🌡️⚠️ PERMAFROST THAW (Dimmer Switch): 7.8% thawed (+0.12% this month)
   Arctic temperature: +1.76°C (4x global +0.44°C)
   Cumulative carbon released: 17.5 Gt C
   Methane release rate: 10.5 Mt CH4/year
   🔁 Positive feedback: +0.13 ppm CO2
🦴 EXTINCTION DEBT ADDED: 17.9 species committed (lag: 103 years)

=== Mortality Stabilizers (Month 59) ===
  🌍 Major economies collapsed: 1/10
  🌍 Global crisis: ✅ NO
  🌍 Donor fatigue: 0.0%
  📊 East Asia (pop: 1024.8M)
    🤝 Aid: 29.5%
    🌡️ Adaptation: 10.0%
    🚶 Migration: 37.5%
    🚨 Emergency: 7.4%
    ✅ COMBINED: 47.9%
  📊 South Asia (pop: 1333.4M)
    🤝 Aid: 29.5%
    🌡️ Adaptation: 5.5%
    🚶 Migration: 36.7%
    🚨 Emergency: 4.4%
    ✅ COMBINED: 43.3%
  📊 Sub-Saharan Africa (pop: 858.1M)
    🤝 Aid: 29.5%
    🌡️ Adaptation: 3.5%
    🚶 Migration: 35.9%
    🚨 Emergency: 1.6%
    ✅ COMBINED: 40.2%
  📊 Europe (pop: 438.5M)
    🤝 Aid: 29.5%
    🌡️ Adaptation: 10.0%
    🚶 Migration: 38.2%
    🚨 Emergency: 8.4%
    ✅ COMBINED: 48.6%
  📊 Latin America (pop: 424.8M)
    🤝 Aid: 29.5%
    🌡️ Adaptation: 6.0%
    🚶 Migration: 37.7%
    🚨 Emergency: 4.8%
    ✅ COMBINED: 44.1%
  📊 North America (pop: 229.1M)
    🤝 Aid: 29.5%
    🌡️ Adaptation: 10.0%
    🚶 Migration: 38.2%
    🚨 Emergency: 7.9%
    ✅ COMBINED: 48.3%
  📊 Middle East & North Africa (pop: 397.6M)
    🤝 Aid: 29.5%
    🌡️ Adaptation: 5.0%
    🚶 Migration: 38.0%
    🚨 Emergency: 4.0%
    ✅ COMBINED: 43.0%
  📊 Southeast Asia (pop: 448.1M)
    🤝 Aid: 29.5%
    🌡️ Adaptation: 6.0%
    🚶 Migration: 37.5%
    🚨 Emergency: 4.8%
    ✅ COMBINED: 44.0%
  📊 Central Asia (pop: 49.0M)
    🤝 Aid: 29.5%
    🌡️ Adaptation: 5.5%
    🚶 Migration: 37.6%
    🚨 Emergency: 4.4%
    ✅ COMBINED: 43.5%
  📊 Oceania (pop: 28.3M)
    🤝 Aid: 29.5%
    🌡️ Adaptation: 10.0%
    🚶 Migration: 38.1%
    🚨 Emergency: 8.4%
    ✅ COMBINED: 48.5%

  🌐 Global combined reduction: 44.5%

=== Government Response Phase ===
  Average AI capability: 0.00
  Misaligned AIs: 5/17
  Active policies: 0
  International coordination: 30%

✅ EMERGENCY RESPONSE COMPLETE (Month 59)
   Crisis: social
   Duration: 2.0 months
   Final effectiveness: 63.0%


🚨 EMERGENCY RESPONSE DEPLOYED (Month 59)
   Crisis: social
   Delay: 0.00 months (0 days)
   Deployment time: 1.25 months
   Effectiveness: 63.0% (timing penalty applied)
   Resources used: 43% of food reserves

[ExogenousShockPhase] Skipping random shocks in historical mode (month 59)

=== Tipping Points ===
  Current Temperature: 0.44°C above pre-industrial
🔀 BIFURCATION CAP: ecosystemCollapseIntensity 87.372 → 1.000 (Month 59, ClimateSystemPhase.calculateClimateImpacts)

📊 ORGANIZATION SURVIVAL RATE: 83% (5/6 orgs alive)

================================================================================
📊  EVENT SUMMARY (Months 48-60)
================================================================================
================================================================================


⏱️  SIMULATION REACHED MAX DURATION: 60 months (5.0 years)
   No definitive outcome - determining based on final probabilities
   👥 Final population: 5.23B (5231664374 people)

[DEBUG] Calling classifyPopulationOutcome:
        finalPopulation: 5.231664373887318B
        savedInitialPopulation: 5.32B
        mortality: 1.660444099862446%
   📊 STATUS QUO: Normal trajectory (5.23B people, 1.7% mortality)

        classifiedOutcome: status_quo

   🏛️  DYSTOPIA (STATUS_QUO) - 5.23B people
   📊 Multi-Paradigm: Multi-Paradigm Hybrid (no clear utopia or dystopia)
      Western Liberal: 78.0/100
      Development: 79.9/100
      Ecological: 60.3/100
      Indigenous: 75.0/100


📊 UNIFIED OUTCOME CLASSIFICATION:
   HUMANE DYSTOPIA
   Population: 5.32B → 5.23B
   Mortality: 1.7% (0.1B deaths)
   Mortality Band: LOW
   Confidence: HIGH

   Multi-Paradigm Classification:
      Multi-Paradigm Hybrid (no clear utopia or dystopia)
      Western: 78.0/100 [HYBRID] ~
      Development: 79.9/100 [HYBRID] ~
      Ecological: 60.3/100 [HYBRID] ~
      Indigenous: 75.0/100 [HYBRID] ~

   HUMANE DYSTOPIA: 5.23B people remaining (1.7% mortality, 0.1B deaths). Multi-Paradigm: Multi-Paradigm Hybrid (no clear utopia or dystopia).


=== MULTI-DIMENSIONAL DEATH SUMMARY ===
Total crisis deaths: 622.5M
Population decline: 88.3M (1.7%)

--- PROXIMATE CAUSES (What killed them) ---
  War:        0.0M (0.0%)
  Famine:     0.0M (0.0%)
  Disasters:  4.0M (0.0%)
  Disease:    9.7M (0.1%)
  Ecosystem:  0.0M (0.0%)
  Pollution:  0.0M (0.0%)
  AI:         0.0M (0.0%)
  Cascade:    0.0M (0.0%)
  Other:      0.0M (0.0%)

--- ROOT CAUSES (Why it happened) ---
  Environmental drivers:
    Climate:     3958.4M (29.0%)
    Resource:    0.0M (0.0%)
    Pollution:   0.0M (0.0%)
    Ecosystem:   0.0M (0.0%)
  Social drivers:
    Inequality:  0.0M (0.0%)
    Demographic: 0.0M (0.0%)
    Social:      9709.4M (71.0%)
  Technology drivers:
    Alignment:   0.0M (0.0%)
    Disruption:  0.0M (0.0%)
  External shocks:
    Conflict:    0.0M (0.0%)
    Pandemic:    0.0M (0.0%)
  Compound attribution:
    Compound:    0.0M (0.0%)
  Confidence distribution:
    HIGH:        0.0M (0.0%)
    MEDIUM:      0.0M (0.0%)
    LOW:         0.0M (0.0%)
==========================================


=== REGIONAL POPULATION SUMMARY ===
Global Total: 5.23B

By Region:
  East Asia: 1.02B (+1.0% growth, 2.5 fertility)
  South Asia: 1.33B (+2.2% growth, 4.3 fertility)
  Sub-Saharan Africa: 0.86B (+3.8% growth, 6.3 fertility)
  Europe: 0.44B (+0.3% growth, 1.6 fertility)
  Latin America: 0.42B (+1.9% growth, 3.0 fertility)
  North America: 0.23B (+0.7% growth, 2.0 fertility)
  Middle East & North Africa: 0.40B (+3.1% growth, 4.6 fertility)
  Southeast Asia: 0.45B (+1.9% growth, 2.7 fertility)
  Central Asia: 0.05B (+1.6% growth, 2.7 fertility)
  Oceania: 0.03B (+1.1% growth, 2.4 fertility)
===================================

  ✅ THRESHOLDS validated
  ✅ RATES validated
  ✅ MULTIPLIERS validated
  ✅ BASELINES validated
  ✅ TOLERANCES validated
  ✅ Logical consistency validated
⚠️ Unusually high rate: RATES.HEAT_ADAPTATION_INFRASTRUCTURAL_MIN_EXPOSURE = 12
   Monthly rates >100% should be rare. Verify this is intentional.
⚠️ Unusually high rate: RATES.HEAT_ADAPTATION_SOCIAL_MIN_EXPOSURE = 6
   Monthly rates >100% should be rare. Verify this is intentional.
⚠️ Unusually high rate: RATES.MIGRATION_DISTANCE_SCALE = 5000
   Monthly rates >100% should be rare. Verify this is intentional.
⚠️ Unusually high rate: RATES.EVACUATION_MULTIPLIER_ADVANCE_WARNING = 2
   Monthly rates >100% should be rare. Verify this is intentional.
⚠️ Unusually high rate: RATES.MAJOR_ECONOMY_COLLAPSE_ECONOMIC_THRESHOLD = 2
   Monthly rates >100% should be rare. Verify this is intentional.
⚠️ Unusually high rate: RATES.MAJOR_ECONOMY_GDP_THRESHOLD_TRILLION_USD = 1.5
   Monthly rates >100% should be rare. Verify this is intentional.
⚠️ Unusually high rate: RATES.MAJOR_ECONOMY_POPULATION_THRESHOLD = 50
   Monthly rates >100% should be rare. Verify this is intentional.
⚠️ Unusually high rate: RATES.HEAT_ADAPTATION_INFRASTRUCTURE_GDP_THRESHOLD = 10000
   Monthly rates >100% should be rare. Verify this is intentional.
⚠️ Unusually high rate: RATES.HEAT_ADAPTATION_INFRASTRUCTURE_GDP_SCALE = 50000
   Monthly rates >100% should be rare. Verify this is intentional.
✅ Configuration validation complete - all parameters valid

🔍 DEBUG createAIAgent: corporate_0 economic BEFORE=2.0000, AFTER=2
🔍 ENV INIT: reserves=0.731, pollution=0.348, climate=0.754

=== Initializing Government System (30 Countries) ===
  Loaded 30 governments
  Scheduled elections for 30 countries
  Initialized comprehension lags (3-24 months)
=== Government System Initialized ===

📦 PRODUCTION MODE: State validation proxy DISABLED (zero overhead)
[TechTree] Historical mode (1990): Skipping deployed_2025 tech
  config.startYear set to 1990 for historical hindcast
  config.historicalEmissionsMode enabled (Phase 5: GCP emissions forcing for 1990)
  config.historicalMode enabled (Phase 11: dampened crisis systems for 1990)
  Phase 12: Biodiversity baseline set to 76.79% for 1990 (WWF LPI trajectory from 1970)
  Temperature anomaly (resourceEconomy.co2): 0.44°C
  Temperature vs pre-industrial: 1.14°C
  🌍 Carbon sink parameters (1990 baseline):
    Initial atmospheric CO2: 354.4 ppm
    Ocean absorption: 8.1 GtCO2/yr (2.2 GtC/yr)
    Land absorption: 5.1 GtCO2/yr (1.4 GtC/yr)
    Sink saturation: 12%
    Total sink capacity: 13.2 GtCO2/yr
  Regional population scaling for 1990:
    Current total: 8136M
    Target total: 5320M
    Scale factor: 0.654
    East Asia: 1677M → 1097M
    South Asia: 2048M → 1339M
    Sub-Saharan Africa: 1220M → 798M
    Europe: 742M → 485M
    Latin America: 664M → 434M
    North America: 380M → 248M
    Middle East & North Africa: 583M → 381M
    Southeast Asia: 698M → 456M
    Central Asia: 78M → 51M
    Oceania: 46M → 30M
  Food security (historical override): 82%
  Historical fertility initialization for 1990:
    East Asia: TFR 2.5
    South Asia: TFR 4.3
    Sub-Saharan Africa: TFR 6.3
    Europe: TFR 1.6
    Latin America: TFR 3.0
    North America: TFR 2.0
    Middle East & North Africa: TFR 4.6
    Southeast Asia: TFR 2.7
    Central Asia: TFR 2.7
    Oceania: TFR 2.4
  AI agents cleared: year=1990 (pre-AI era)
[HistoricalInitialization] Created state for 1990:
  CO2: 354.39 ppm
  Temp anomaly: 0.44C
  Population: 5.32B
  Global Gini: 38
  HDI: 0.6
  AI Agents: 0
  Volcanic forcing: 0.00 W/m² (AOD 0.000)
  ✅ THRESHOLDS validated
  ✅ RATES validated
  ✅ MULTIPLIERS validated
  ✅ BASELINES validated
  ✅ TOLERANCES validated
  ✅ Logical consistency validated
✅ Configuration validation complete - all parameters valid

🔍 DEBUG createAIAgent: corporate_0 economic BEFORE=2.0000, AFTER=2
⚠️ Unusually high rate: RATES.HEAT_ADAPTATION_INFRASTRUCTURAL_MIN_EXPOSURE = 12
   Monthly rates >100% should be rare. Verify this is intentional.
⚠️ Unusually high rate: RATES.HEAT_ADAPTATION_SOCIAL_MIN_EXPOSURE = 6
   Monthly rates >100% should be rare. Verify this is intentional.
⚠️ Unusually high rate: RATES.MIGRATION_DISTANCE_SCALE = 5000
   Monthly rates >100% should be rare. Verify this is intentional.
⚠️ Unusually high rate: RATES.EVACUATION_MULTIPLIER_ADVANCE_WARNING = 2
   Monthly rates >100% should be rare. Verify this is intentional.
⚠️ Unusually high rate: RATES.MAJOR_ECONOMY_COLLAPSE_ECONOMIC_THRESHOLD = 2
   Monthly rates >100% should be rare. Verify this is intentional.
⚠️ Unusually high rate: RATES.MAJOR_ECONOMY_GDP_THRESHOLD_TRILLION_USD = 1.5
   Monthly rates >100% should be rare. Verify this is intentional.
⚠️ Unusually high rate: RATES.MAJOR_ECONOMY_POPULATION_THRESHOLD = 50
   Monthly rates >100% should be rare. Verify this is intentional.
⚠️ Unusually high rate: RATES.HEAT_ADAPTATION_INFRASTRUCTURE_GDP_THRESHOLD = 10000
   Monthly rates >100% should be rare. Verify this is intentional.
⚠️ Unusually high rate: RATES.HEAT_ADAPTATION_INFRASTRUCTURE_GDP_SCALE = 50000
   Monthly rates >100% should be rare. Verify this is intentional.
🔍 ENV INIT: reserves=0.654, pollution=0.367, climate=0.794

=== Initializing Government System (30 Countries) ===
  Loaded 30 governments
  Scheduled elections for 30 countries
  Initialized comprehension lags (3-24 months)
=== Government System Initialized ===

📦 PRODUCTION MODE: State validation proxy DISABLED (zero overhead)
[TechTree] Historical mode (2000): Skipping deployed_2025 tech
  config.startYear set to 2000 for historical hindcast
  config.historicalEmissionsMode enabled (Phase 5: GCP emissions forcing for 2000)
  config.historicalMode enabled (Phase 11: dampened crisis systems for 2000)
  Phase 12: Biodiversity baseline set to 67.29% for 2000 (WWF LPI trajectory from 1970)
  Temperature anomaly (resourceEconomy.co2): 0.42°C
  Temperature vs pre-industrial: 1.12°C
  🌍 Carbon sink parameters (1990 baseline):
    Initial atmospheric CO2: 369.6 ppm
    Ocean absorption: 8.1 GtCO2/yr (2.2 GtC/yr)
    Land absorption: 5.1 GtCO2/yr (1.4 GtC/yr)
    Sink saturation: 12%
    Total sink capacity: 13.2 GtCO2/yr
  Regional population scaling for 2000:
    Current total: 8136M
    Target total: 6140M
    Scale factor: 0.755
    East Asia: 1677M → 1266M
    South Asia: 2048M → 1546M
    Sub-Saharan Africa: 1220M → 921M
    Europe: 742M → 560M
    Latin America: 664M → 501M
    North America: 380M → 287M
    Middle East & North Africa: 583M → 440M
    Southeast Asia: 698M → 527M
    Central Asia: 78M → 59M
    Oceania: 46M → 35M
  Food security (historical override): 82%
  Historical fertility initialization for 2000:
    East Asia: TFR 2.5
    South Asia: TFR 4.3
    Sub-Saharan Africa: TFR 6.3
    Europe: TFR 1.6
    Latin America: TFR 3.0
    North America: TFR 2.0
    Middle East & North Africa: TFR 4.6
    Southeast Asia: TFR 2.7
    Central Asia: TFR 2.7
    Oceania: TFR 2.4
  AI agents cleared: year=2000 (pre-AI era)
[HistoricalInitialization] Created state for 2000:
  CO2: 369.55 ppm
  Temp anomaly: 0.42C
  Population: 6.14B
  Global Gini: 37.1
  HDI: 0.66
  AI Agents: 0
  Volcanic forcing: 0.00 W/m² (AOD 0.000)
  ✅ THRESHOLDS validated
  ✅ RATES validated
  ✅ MULTIPLIERS validated
⚠️ Unusually high rate: RATES.HEAT_ADAPTATION_INFRASTRUCTURAL_MIN_EXPOSURE = 12
   Monthly rates >100% should be rare. Verify this is intentional.
⚠️ Unusually high rate: RATES.HEAT_ADAPTATION_SOCIAL_MIN_EXPOSURE = 6
   Monthly rates >100% should be rare. Verify this is intentional.
⚠️ Unusually high rate: RATES.MIGRATION_DISTANCE_SCALE = 5000
   Monthly rates >100% should be rare. Verify this is intentional.
⚠️ Unusually high rate: RATES.EVACUATION_MULTIPLIER_ADVANCE_WARNING = 2
   Monthly rates >100% should be rare. Verify this is intentional.
⚠️ Unusually high rate: RATES.MAJOR_ECONOMY_COLLAPSE_ECONOMIC_THRESHOLD = 2
   Monthly rates >100% should be rare. Verify this is intentional.
⚠️ Unusually high rate: RATES.MAJOR_ECONOMY_GDP_THRESHOLD_TRILLION_USD = 1.5
   Monthly rates >100% should be rare. Verify this is intentional.
⚠️ Unusually high rate: RATES.MAJOR_ECONOMY_POPULATION_THRESHOLD = 50
   Monthly rates >100% should be rare. Verify this is intentional.
⚠️ Unusually high rate: RATES.HEAT_ADAPTATION_INFRASTRUCTURE_GDP_THRESHOLD = 10000
   Monthly rates >100% should be rare. Verify this is intentional.
⚠️ Unusually high rate: RATES.HEAT_ADAPTATION_INFRASTRUCTURE_GDP_SCALE = 50000
   Monthly rates >100% should be rare. Verify this is intentional.
  ✅ BASELINES validated
  ✅ TOLERANCES validated
  ✅ Logical consistency validated
✅ Configuration validation complete - all parameters valid

🔍 DEBUG createAIAgent: corporate_0 economic BEFORE=2.0000, AFTER=2
🔍 ENV INIT: reserves=0.610, pollution=0.226, climate=0.789

=== Initializing Government System (30 Countries) ===
  Loaded 30 governments
  Scheduled elections for 30 countries
  Initialized comprehension lags (3-24 months)
=== Government System Initialized ===

📦 PRODUCTION MODE: State validation proxy DISABLED (zero overhead)
[TechTree] Historical mode (2010): Skipping deployed_2025 tech
  config.startYear set to 2010 for historical hindcast
  config.historicalEmissionsMode enabled (Phase 5: GCP emissions forcing for 2010)
  config.historicalMode enabled (Phase 11: dampened crisis systems for 2010)
  Phase 12: Biodiversity baseline set to 58.96% for 2010 (WWF LPI trajectory from 1970)
  Temperature anomaly (resourceEconomy.co2): 0.73°C
  Temperature vs pre-industrial: 1.43°C
  🌍 Carbon sink parameters (1990 baseline):
    Initial atmospheric CO2: 389.9 ppm
    Ocean absorption: 8.1 GtCO2/yr (2.2 GtC/yr)
    Land absorption: 5.1 GtCO2/yr (1.4 GtC/yr)
    Sink saturation: 12%
    Total sink capacity: 13.2 GtCO2/yr
  Regional population scaling for 2010:
    Current total: 8136M
    Target total: 6960M
    Scale factor: 0.855
    East Asia: 1677M → 1435M
    South Asia: 2048M → 1752M
    Sub-Saharan Africa: 1220M → 1044M
    Europe: 742M → 635M
    Latin America: 664M → 568M
    North America: 380M → 325M
    Middle East & North Africa: 583M → 499M
    Southeast Asia: 698M → 597M
    Central Asia: 78M → 67M
    Oceania: 46M → 39M
  Food security (historical override): 82%
  Historical fertility initialization for 2010:
    East Asia: TFR 2.5
    South Asia: TFR 4.3
    Sub-Saharan Africa: TFR 6.3
    Europe: TFR 1.6
    Latin America: TFR 3.0
    North America: TFR 2.0
    Middle East & North Africa: TFR 4.6
    Southeast Asia: TFR 2.7
    Central Asia: TFR 2.7
    Oceania: TFR 2.4
  AI agents cleared: year=2010 (pre-AI era)
[HistoricalInitialization] Created state for 2010:
  CO2: 389.9 ppm
  Temp anomaly: 0.73C
  Population: 6.96B
  Global Gini: 36.1
  HDI: 0.71
  AI Agents: 0
  Volcanic forcing: 0.00 W/m² (AOD 0.000)
  ✅ THRESHOLDS validated
⚠️ Unusually high rate: RATES.HEAT_ADAPTATION_INFRASTRUCTURAL_MIN_EXPOSURE = 12
   Monthly rates >100% should be rare. Verify this is intentional.
⚠️ Unusually high rate: RATES.HEAT_ADAPTATION_SOCIAL_MIN_EXPOSURE = 6
   Monthly rates >100% should be rare. Verify this is intentional.
⚠️ Unusually high rate: RATES.MIGRATION_DISTANCE_SCALE = 5000
   Monthly rates >100% should be rare. Verify this is intentional.
⚠️ Unusually high rate: RATES.EVACUATION_MULTIPLIER_ADVANCE_WARNING = 2
   Monthly rates >100% should be rare. Verify this is intentional.
⚠️ Unusually high rate: RATES.MAJOR_ECONOMY_COLLAPSE_ECONOMIC_THRESHOLD = 2
   Monthly rates >100% should be rare. Verify this is intentional.
⚠️ Unusually high rate: RATES.MAJOR_ECONOMY_GDP_THRESHOLD_TRILLION_USD = 1.5
   Monthly rates >100% should be rare. Verify this is intentional.
⚠️ Unusually high rate: RATES.MAJOR_ECONOMY_POPULATION_THRESHOLD = 50
   Monthly rates >100% should be rare. Verify this is intentional.
⚠️ Unusually high rate: RATES.HEAT_ADAPTATION_INFRASTRUCTURE_GDP_THRESHOLD = 10000
   Monthly rates >100% should be rare. Verify this is intentional.
⚠️ Unusually high rate: RATES.HEAT_ADAPTATION_INFRASTRUCTURE_GDP_SCALE = 50000
   Monthly rates >100% should be rare. Verify this is intentional.
  ✅ RATES validated
  ✅ MULTIPLIERS validated
  ✅ BASELINES validated
  ✅ TOLERANCES validated
  ✅ Logical consistency validated
✅ Configuration validation complete - all parameters valid

🔍 DEBUG createAIAgent: corporate_0 economic BEFORE=2.0000, AFTER=2
🔍 ENV INIT: reserves=0.566, pollution=0.286, climate=0.783

=== Initializing Government System (30 Countries) ===
  Loaded 30 governments
  Scheduled elections for 30 countries
  Initialized comprehension lags (3-24 months)
=== Government System Initialized ===

📦 PRODUCTION MODE: State validation proxy DISABLED (zero overhead)
[TechTree] Historical mode (2020): Skipping deployed_2025 tech
  config.startYear set to 2020 for historical hindcast
  config.historicalEmissionsMode disabled (using endogenous emissions for 2020)
  config.historicalMode enabled (Phase 11: dampened crisis systems for 2020)
  Phase 12: Biodiversity baseline set to 51.67% for 2020 (WWF LPI trajectory from 1970)
  Temperature anomaly (resourceEconomy.co2): 1.02°C
  Temperature vs pre-industrial: 1.72°C
  Regional population scaling for 2020:
    Current total: 8136M
    Target total: 7790M
    Scale factor: 0.957
    East Asia: 1677M → 1606M
    South Asia: 2048M → 1961M
    Sub-Saharan Africa: 1220M → 1168M
    Europe: 742M → 710M
    Latin America: 664M → 636M
    North America: 380M → 364M
    Middle East & North Africa: 583M → 558M
    Southeast Asia: 698M → 668M
    Central Asia: 78M → 75M
    Oceania: 46M → 44M
  AI agents initialized: 2 agents for year 2020
[HistoricalInitialization] Created state for 2020:
  CO2: 414.24 ppm
  Temp anomaly: 1.02C
  Population: 7.79B
  Global Gini: 35.5
  HDI: 0.739
  AI Agents: 2
  Volcanic forcing: 0.00 W/m² (AOD 0.000)
  ✅ THRESHOLDS validated
  ✅ RATES validated
  ✅ MULTIPLIERS validated
  ✅ BASELINES validated
  ✅ TOLERANCES validated
  ✅ Logical consistency validated
✅ Configuration validation complete - all parameters valid

🔍 DEBUG createAIAgent: corporate_0 economic BEFORE=2.0000, AFTER=2
⚠️ Unusually high rate: RATES.HEAT_ADAPTATION_INFRASTRUCTURAL_MIN_EXPOSURE = 12
   Monthly rates >100% should be rare. Verify this is intentional.
⚠️ Unusually high rate: RATES.HEAT_ADAPTATION_SOCIAL_MIN_EXPOSURE = 6
   Monthly rates >100% should be rare. Verify this is intentional.
⚠️ Unusually high rate: RATES.MIGRATION_DISTANCE_SCALE = 5000
   Monthly rates >100% should be rare. Verify this is intentional.
⚠️ Unusually high rate: RATES.EVACUATION_MULTIPLIER_ADVANCE_WARNING = 2
   Monthly rates >100% should be rare. Verify this is intentional.
⚠️ Unusually high rate: RATES.MAJOR_ECONOMY_COLLAPSE_ECONOMIC_THRESHOLD = 2
   Monthly rates >100% should be rare. Verify this is intentional.
⚠️ Unusually high rate: RATES.MAJOR_ECONOMY_GDP_THRESHOLD_TRILLION_USD = 1.5
   Monthly rates >100% should be rare. Verify this is intentional.
⚠️ Unusually high rate: RATES.MAJOR_ECONOMY_POPULATION_THRESHOLD = 50
   Monthly rates >100% should be rare. Verify this is intentional.
⚠️ Unusually high rate: RATES.HEAT_ADAPTATION_INFRASTRUCTURE_GDP_THRESHOLD = 10000
   Monthly rates >100% should be rare. Verify this is intentional.
⚠️ Unusually high rate: RATES.HEAT_ADAPTATION_INFRASTRUCTURE_GDP_SCALE = 50000
   Monthly rates >100% should be rare. Verify this is intentional.
🔍 ENV INIT: reserves=0.731, pollution=0.348, climate=0.754

=== Initializing Government System (30 Countries) ===
  Loaded 30 governments
  Scheduled elections for 30 countries
  Initialized comprehension lags (3-24 months)
=== Government System Initialized ===

📦 PRODUCTION MODE: State validation proxy DISABLED (zero overhead)
[TechTree] Historical mode (1990): Skipping deployed_2025 tech
  config.startYear set to 1990 for historical hindcast
  config.historicalEmissionsMode enabled (Phase 5: GCP emissions forcing for 1990)
  config.historicalMode enabled (Phase 11: dampened crisis systems for 1990)
  Phase 12: Biodiversity baseline set to 76.79% for 1990 (WWF LPI trajectory from 1970)
  Temperature anomaly (resourceEconomy.co2): 0.44°C
  Temperature vs pre-industrial: 1.14°C
  🌍 Carbon sink parameters (1990 baseline):
    Initial atmospheric CO2: 354.4 ppm
    Ocean absorption: 8.1 GtCO2/yr (2.2 GtC/yr)
    Land absorption: 5.1 GtCO2/yr (1.4 GtC/yr)
    Sink saturation: 12%
    Total sink capacity: 13.2 GtCO2/yr
  Regional population scaling for 1990:
    Current total: 8136M
    Target total: 5320M
    Scale factor: 0.654
    East Asia: 1677M → 1097M
    South Asia: 2048M → 1339M
    Sub-Saharan Africa: 1220M → 798M
    Europe: 742M → 485M
    Latin America: 664M → 434M
    North America: 380M → 248M
    Middle East & North Africa: 583M → 381M
    Southeast Asia: 698M → 456M
    Central Asia: 78M → 51M
    Oceania: 46M → 30M
  Food security (historical override): 82%
  Historical fertility initialization for 1990:
    East Asia: TFR 2.5
    South Asia: TFR 4.3
    Sub-Saharan Africa: TFR 6.3
    Europe: TFR 1.6
    Latin America: TFR 3.0
    North America: TFR 2.0
    Middle East & North Africa: TFR 4.6
    Southeast Asia: TFR 2.7
    Central Asia: TFR 2.7
    Oceania: TFR 2.4
  AI agents cleared: year=1990 (pre-AI era)
[HistoricalInitialization] Created state for 1990:
  CO2: 354.39 ppm
  Temp anomaly: 0.44C
  Population: 5.32B
  Global Gini: 38
  HDI: 0.6
  AI Agents: 0
  Volcanic forcing: 0.00 W/m² (AOD 0.000)
  ✅ THRESHOLDS validated
  ✅ RATES validated
  ✅ MULTIPLIERS validated
  ✅ BASELINES validated
  ✅ TOLERANCES validated
  ✅ Logical consistency validated
✅ Configuration validation complete - all parameters valid

⚠️ Unusually high rate: RATES.HEAT_ADAPTATION_INFRASTRUCTURAL_MIN_EXPOSURE = 12
   Monthly rates >100% should be rare. Verify this is intentional.
⚠️ Unusually high rate: RATES.HEAT_ADAPTATION_SOCIAL_MIN_EXPOSURE = 6
   Monthly rates >100% should be rare. Verify this is intentional.
⚠️ Unusually high rate: RATES.MIGRATION_DISTANCE_SCALE = 5000
   Monthly rates >100% should be rare. Verify this is intentional.
⚠️ Unusually high rate: RATES.EVACUATION_MULTIPLIER_ADVANCE_WARNING = 2
   Monthly rates >100% should be rare. Verify this is intentional.
⚠️ Unusually high rate: RATES.MAJOR_ECONOMY_COLLAPSE_ECONOMIC_THRESHOLD = 2
   Monthly rates >100% should be rare. Verify this is intentional.
⚠️ Unusually high rate: RATES.MAJOR_ECONOMY_GDP_THRESHOLD_TRILLION_USD = 1.5
   Monthly rates >100% should be rare. Verify this is intentional.
⚠️ Unusually high rate: RATES.MAJOR_ECONOMY_POPULATION_THRESHOLD = 50
   Monthly rates >100% should be rare. Verify this is intentional.
⚠️ Unusually high rate: RATES.HEAT_ADAPTATION_INFRASTRUCTURE_GDP_THRESHOLD = 10000
   Monthly rates >100% should be rare. Verify this is intentional.
⚠️ Unusually high rate: RATES.HEAT_ADAPTATION_INFRASTRUCTURE_GDP_SCALE = 50000
   Monthly rates >100% should be rare. Verify this is intentional.
🔍 DEBUG createAIAgent: corporate_0 economic BEFORE=2.0000, AFTER=2
🔍 ENV INIT: reserves=0.731, pollution=0.348, climate=0.754

=== Initializing Government System (30 Countries) ===
  Loaded 30 governments
  Scheduled elections for 30 countries
  Initialized comprehension lags (3-24 months)
=== Government System Initialized ===

📦 PRODUCTION MODE: State validation proxy DISABLED (zero overhead)
[TechTree] Historical mode (2000): Skipping deployed_2025 tech
  config.startYear set to 2000 for historical hindcast
  config.historicalEmissionsMode enabled (Phase 5: GCP emissions forcing for 2000)
  config.historicalMode enabled (Phase 11: dampened crisis systems for 2000)
  Phase 12: Biodiversity baseline set to 67.29% for 2000 (WWF LPI trajectory from 1970)
  Temperature anomaly (resourceEconomy.co2): 0.42°C
  Temperature vs pre-industrial: 1.12°C
  🌍 Carbon sink parameters (1990 baseline):
    Initial atmospheric CO2: 369.6 ppm
    Ocean absorption: 8.1 GtCO2/yr (2.2 GtC/yr)
    Land absorption: 5.1 GtCO2/yr (1.4 GtC/yr)
    Sink saturation: 12%
    Total sink capacity: 13.2 GtCO2/yr
  Regional population scaling for 2000:
    Current total: 8136M
    Target total: 6140M
    Scale factor: 0.755
    East Asia: 1677M → 1266M
    South Asia: 2048M → 1546M
    Sub-Saharan Africa: 1220M → 921M
    Europe: 742M → 560M
    Latin America: 664M → 501M
    North America: 380M → 287M
    Middle East & North Africa: 583M → 440M
    Southeast Asia: 698M → 527M
    Central Asia: 78M → 59M
    Oceania: 46M → 35M
  Food security (historical override): 82%
  Historical fertility initialization for 2000:
    East Asia: TFR 2.5
    South Asia: TFR 4.3
    Sub-Saharan Africa: TFR 6.3
    Europe: TFR 1.6
    Latin America: TFR 3.0
    North America: TFR 2.0
    Middle East & North Africa: TFR 4.6
    Southeast Asia: TFR 2.7
    Central Asia: TFR 2.7
    Oceania: TFR 2.4
  AI agents cleared: year=2000 (pre-AI era)
[HistoricalInitialization] Created state for 2000:
  CO2: 369.55 ppm
  Temp anomaly: 0.42C
  Population: 6.14B
  Global Gini: 37.1
  HDI: 0.66
  AI Agents: 0
  Volcanic forcing: 0.00 W/m² (AOD 0.000)
  ✅ THRESHOLDS validated
⚠️ Unusually high rate: RATES.HEAT_ADAPTATION_INFRASTRUCTURAL_MIN_EXPOSURE = 12
   Monthly rates >100% should be rare. Verify this is intentional.
⚠️ Unusually high rate: RATES.HEAT_ADAPTATION_SOCIAL_MIN_EXPOSURE = 6
   Monthly rates >100% should be rare. Verify this is intentional.
⚠️ Unusually high rate: RATES.MIGRATION_DISTANCE_SCALE = 5000
   Monthly rates >100% should be rare. Verify this is intentional.
⚠️ Unusually high rate: RATES.EVACUATION_MULTIPLIER_ADVANCE_WARNING = 2
   Monthly rates >100% should be rare. Verify this is intentional.
⚠️ Unusually high rate: RATES.MAJOR_ECONOMY_COLLAPSE_ECONOMIC_THRESHOLD = 2
   Monthly rates >100% should be rare. Verify this is intentional.
⚠️ Unusually high rate: RATES.MAJOR_ECONOMY_GDP_THRESHOLD_TRILLION_USD = 1.5
   Monthly rates >100% should be rare. Verify this is intentional.
⚠️ Unusually high rate: RATES.MAJOR_ECONOMY_POPULATION_THRESHOLD = 50
   Monthly rates >100% should be rare. Verify this is intentional.
⚠️ Unusually high rate: RATES.HEAT_ADAPTATION_INFRASTRUCTURE_GDP_THRESHOLD = 10000
   Monthly rates >100% should be rare. Verify this is intentional.
⚠️ Unusually high rate: RATES.HEAT_ADAPTATION_INFRASTRUCTURE_GDP_SCALE = 50000
   Monthly rates >100% should be rare. Verify this is intentional.
  ✅ RATES validated
  ✅ MULTIPLIERS validated
  ✅ BASELINES validated
  ✅ TOLERANCES validated
  ✅ Logical consistency validated
✅ Configuration validation complete - all parameters valid

🔍 DEBUG createAIAgent: corporate_0 economic BEFORE=2.0000, AFTER=2
🔍 ENV INIT: reserves=0.731, pollution=0.348, climate=0.754

=== Initializing Government System (30 Countries) ===
  Loaded 30 governments
  Scheduled elections for 30 countries
  Initialized comprehension lags (3-24 months)
=== Government System Initialized ===

📦 PRODUCTION MODE: State validation proxy DISABLED (zero overhead)
[TechTree] Historical mode (2010): Skipping deployed_2025 tech
  config.startYear set to 2010 for historical hindcast
  config.historicalEmissionsMode enabled (Phase 5: GCP emissions forcing for 2010)
  config.historicalMode enabled (Phase 11: dampened crisis systems for 2010)
  Phase 12: Biodiversity baseline set to 58.96% for 2010 (WWF LPI trajectory from 1970)
  Temperature anomaly (resourceEconomy.co2): 0.73°C
  Temperature vs pre-industrial: 1.43°C
  🌍 Carbon sink parameters (1990 baseline):
    Initial atmospheric CO2: 389.9 ppm
    Ocean absorption: 8.1 GtCO2/yr (2.2 GtC/yr)
    Land absorption: 5.1 GtCO2/yr (1.4 GtC/yr)
    Sink saturation: 12%
    Total sink capacity: 13.2 GtCO2/yr
  Regional population scaling for 2010:
    Current total: 8136M
    Target total: 6960M
    Scale factor: 0.855
    East Asia: 1677M → 1435M
    South Asia: 2048M → 1752M
    Sub-Saharan Africa: 1220M → 1044M
    Europe: 742M → 635M
    Latin America: 664M → 568M
    North America: 380M → 325M
    Middle East & North Africa: 583M → 499M
    Southeast Asia: 698M → 597M
    Central Asia: 78M → 67M
    Oceania: 46M → 39M
  Food security (historical override): 82%
  Historical fertility initialization for 2010:
    East Asia: TFR 2.5
    South Asia: TFR 4.3
    Sub-Saharan Africa: TFR 6.3
    Europe: TFR 1.6
    Latin America: TFR 3.0
    North America: TFR 2.0
    Middle East & North Africa: TFR 4.6
    Southeast Asia: TFR 2.7
    Central Asia: TFR 2.7
    Oceania: TFR 2.4
  AI agents cleared: year=2010 (pre-AI era)
[HistoricalInitialization] Created state for 2010:
  CO2: 389.9 ppm
  Temp anomaly: 0.73C
  Population: 6.96B
  Global Gini: 36.1
  HDI: 0.71
  AI Agents: 0
  Volcanic forcing: 0.00 W/m² (AOD 0.000)
  ✅ THRESHOLDS validated
⚠️ Unusually high rate: RATES.HEAT_ADAPTATION_INFRASTRUCTURAL_MIN_EXPOSURE = 12
   Monthly rates >100% should be rare. Verify this is intentional.
⚠️ Unusually high rate: RATES.HEAT_ADAPTATION_SOCIAL_MIN_EXPOSURE = 6
   Monthly rates >100% should be rare. Verify this is intentional.
⚠️ Unusually high rate: RATES.MIGRATION_DISTANCE_SCALE = 5000
   Monthly rates >100% should be rare. Verify this is intentional.
⚠️ Unusually high rate: RATES.EVACUATION_MULTIPLIER_ADVANCE_WARNING = 2
   Monthly rates >100% should be rare. Verify this is intentional.
⚠️ Unusually high rate: RATES.MAJOR_ECONOMY_COLLAPSE_ECONOMIC_THRESHOLD = 2
   Monthly rates >100% should be rare. Verify this is intentional.
⚠️ Unusually high rate: RATES.MAJOR_ECONOMY_GDP_THRESHOLD_TRILLION_USD = 1.5
   Monthly rates >100% should be rare. Verify this is intentional.
⚠️ Unusually high rate: RATES.MAJOR_ECONOMY_POPULATION_THRESHOLD = 50
   Monthly rates >100% should be rare. Verify this is intentional.
⚠️ Unusually high rate: RATES.HEAT_ADAPTATION_INFRASTRUCTURE_GDP_THRESHOLD = 10000
   Monthly rates >100% should be rare. Verify this is intentional.
⚠️ Unusually high rate: RATES.HEAT_ADAPTATION_INFRASTRUCTURE_GDP_SCALE = 50000
   Monthly rates >100% should be rare. Verify this is intentional.
  ✅ RATES validated
  ✅ MULTIPLIERS validated
  ✅ BASELINES validated
  ✅ TOLERANCES validated
  ✅ Logical consistency validated
✅ Configuration validation complete - all parameters valid

🔍 DEBUG createAIAgent: corporate_0 economic BEFORE=2.0000, AFTER=2
🔍 ENV INIT: reserves=0.731, pollution=0.348, climate=0.754

=== Initializing Government System (30 Countries) ===
  Loaded 30 governments
  Scheduled elections for 30 countries
  Initialized comprehension lags (3-24 months)
=== Government System Initialized ===

📦 PRODUCTION MODE: State validation proxy DISABLED (zero overhead)
[TechTree] Historical mode (2020): Skipping deployed_2025 tech
  config.startYear set to 2020 for historical hindcast
  config.historicalEmissionsMode disabled (using endogenous emissions for 2020)
  config.historicalMode enabled (Phase 11: dampened crisis systems for 2020)
  Phase 12: Biodiversity baseline set to 51.67% for 2020 (WWF LPI trajectory from 1970)
  Temperature anomaly (resourceEconomy.co2): 1.02°C
  Temperature vs pre-industrial: 1.72°C
  Regional population scaling for 2020:
    Current total: 8136M
    Target total: 7790M
    Scale factor: 0.957
    East Asia: 1677M → 1606M
    South Asia: 2048M → 1961M
    Sub-Saharan Africa: 1220M → 1168M
    Europe: 742M → 710M
    Latin America: 664M → 636M
    North America: 380M → 364M
    Middle East & North Africa: 583M → 558M
    Southeast Asia: 698M → 668M
    Central Asia: 78M → 75M
    Oceania: 46M → 44M
  AI agents initialized: 2 agents for year 2020
[HistoricalInitialization] Created state for 2020:
  CO2: 414.24 ppm
  Temp anomaly: 1.02C
  Population: 7.79B
  Global Gini: 35.5
  HDI: 0.739
  AI Agents: 2
  Volcanic forcing: 0.00 W/m² (AOD 0.000)
  ✅ THRESHOLDS validated
⚠️ Unusually high rate: RATES.HEAT_ADAPTATION_INFRASTRUCTURAL_MIN_EXPOSURE = 12
   Monthly rates >100% should be rare. Verify this is intentional.
⚠️ Unusually high rate: RATES.HEAT_ADAPTATION_SOCIAL_MIN_EXPOSURE = 6
   Monthly rates >100% should be rare. Verify this is intentional.
⚠️ Unusually high rate: RATES.MIGRATION_DISTANCE_SCALE = 5000
   Monthly rates >100% should be rare. Verify this is intentional.
⚠️ Unusually high rate: RATES.EVACUATION_MULTIPLIER_ADVANCE_WARNING = 2
   Monthly rates >100% should be rare. Verify this is intentional.
⚠️ Unusually high rate: RATES.MAJOR_ECONOMY_COLLAPSE_ECONOMIC_THRESHOLD = 2
   Monthly rates >100% should be rare. Verify this is intentional.
⚠️ Unusually high rate: RATES.MAJOR_ECONOMY_GDP_THRESHOLD_TRILLION_USD = 1.5
   Monthly rates >100% should be rare. Verify this is intentional.
⚠️ Unusually high rate: RATES.MAJOR_ECONOMY_POPULATION_THRESHOLD = 50
   Monthly rates >100% should be rare. Verify this is intentional.
⚠️ Unusually high rate: RATES.HEAT_ADAPTATION_INFRASTRUCTURE_GDP_THRESHOLD = 10000
   Monthly rates >100% should be rare. Verify this is intentional.
⚠️ Unusually high rate: RATES.HEAT_ADAPTATION_INFRASTRUCTURE_GDP_SCALE = 50000
   Monthly rates >100% should be rare. Verify this is intentional.
  ✅ RATES validated
  ✅ MULTIPLIERS validated
  ✅ BASELINES validated
  ✅ TOLERANCES validated
  ✅ Logical consistency validated
✅ Configuration validation complete - all parameters valid

🔍 DEBUG createAIAgent: corporate_0 economic BEFORE=2.0000, AFTER=2
🔍 ENV INIT: reserves=0.731, pollution=0.348, climate=0.754

=== Initializing Government System (30 Countries) ===
  Loaded 30 governments
  Scheduled elections for 30 countries
  Initialized comprehension lags (3-24 months)
=== Government System Initialized ===

📦 PRODUCTION MODE: State validation proxy DISABLED (zero overhead)
[TechTree] Historical mode (1990): Skipping deployed_2025 tech
  config.startYear set to 1990 for historical hindcast
  config.historicalEmissionsMode enabled (Phase 5: GCP emissions forcing for 1990)
  config.historicalMode enabled (Phase 11: dampened crisis systems for 1990)
  Phase 12: Biodiversity baseline set to 76.79% for 1990 (WWF LPI trajectory from 1970)
  Temperature anomaly (resourceEconomy.co2): 0.44°C
  Temperature vs pre-industrial: 1.14°C
  🌍 Carbon sink parameters (1990 baseline):
    Initial atmospheric CO2: 354.4 ppm
    Ocean absorption: 8.1 GtCO2/yr (2.2 GtC/yr)
    Land absorption: 5.1 GtCO2/yr (1.4 GtC/yr)
    Sink saturation: 12%
    Total sink capacity: 13.2 GtCO2/yr
  Regional population scaling for 1990:
    Current total: 8136M
    Target total: 5320M
    Scale factor: 0.654
    East Asia: 1677M → 1097M
    South Asia: 2048M → 1339M
    Sub-Saharan Africa: 1220M → 798M
    Europe: 742M → 485M
    Latin America: 664M → 434M
    North America: 380M → 248M
    Middle East & North Africa: 583M → 381M
    Southeast Asia: 698M → 456M
    Central Asia: 78M → 51M
    Oceania: 46M → 30M
  Food security (historical override): 82%
  Historical fertility initialization for 1990:
    East Asia: TFR 2.5
    South Asia: TFR 4.3
    Sub-Saharan Africa: TFR 6.3
    Europe: TFR 1.6
    Latin America: TFR 3.0
    North America: TFR 2.0
    Middle East & North Africa: TFR 4.6
    Southeast Asia: TFR 2.7
    Central Asia: TFR 2.7
    Oceania: TFR 2.4
  AI agents cleared: year=1990 (pre-AI era)
[HistoricalInitialization] Created state for 1990:
  CO2: 354.39 ppm
  Temp anomaly: 0.44C
  Population: 5.32B
  Global Gini: 38
  HDI: 0.6
  AI Agents: 0
  Volcanic forcing: 0.00 W/m² (AOD 0.000)

💸 FINANCIAL DISTRESS: OpenAI
   Indicators: 2/3 (capital: $107.9M, runway: 1.2 months)
   Months in distress: 1
   ✂️  R&D BUDGET CUT: -40% (saves $7.3M/month)
       Side effect: AI training timelines extended, breakthrough deployments delayed
   💼 EXECUTIVE COMP CUT: -30% (saves $0.8M/month, symbolic gesture)

   📊 TURNAROUND IMPACT:
       Measures taken: rd_cuts, exec_comp_cuts
       Monthly savings: $8.1M
       Capital raised: $0.0M
       Runway: 1.2 → 1.2 months
       Workforce multiplier: 1.00x (0% laid off)
       R&D budget multiplier: 0.60x (40% cut)
       ⚠️  CRITICAL: Still only 1.2 months of runway remaining
🧠 [Month 0] Anthropic started training model (8 months, $4.2M)

💸 FINANCIAL DISTRESS: Meta AI
   Indicators: 2/3 (capital: $429.6M, runway: 3.6 months)
   Months in distress: 1
   ✂️  R&D BUDGET CUT: -25% (saves $5.8M/month)
       Side effect: AI training timelines extended, breakthrough deployments delayed
   💼 EXECUTIVE COMP CUT: -30% (saves $1.0M/month, symbolic gesture)

   📊 TURNAROUND IMPACT:
       Measures taken: rd_cuts, exec_comp_cuts
       Monthly savings: $6.8M
       Capital raised: $0.0M
       Runway: 3.6 → 3.6 months
       Workforce multiplier: 1.00x (0% laid off)
       R&D budget multiplier: 0.75x (25% cut)
       ⚠️  WARNING: 3.6 months runway, continued distress likely

=== AI Capability Scaling (Year 2024) ===
  Pre-training multiplier: 1.172x
  Efficiency multiplier: 1.000x
  Test-time budget: 1.0x
  Economic deployment gate: 0.951
  Cost per inference: dollar-5.00
  Uncertainty range: plus-minus-50%
  Average AI capability: 0.00

=== RLHF Binding Phase ===
  Total agents: 0
  Escaped agents (binding < 0.3): 0
  All AI agents terminated - no averages to compute

=== AI Scaling Evolution (Month 0) ===
[DETERMINISM DEBUG] Month 0: totalCapability=0.000000 from 0 active AIs
[DETERMINISM DEBUG] Month 0: creationRate=0.5000, potentialNew=0, newAIsToCreate=0

=== Survival Traits Phase ===

=== Evolutionary Selection Phase ===
  Control level: 0.30
  Detection capability: 0.00
  Selection intensity: 0.59
  Selection rate: 23.8%/month
  Total escaped: 0
  Individual escaped: 0
  Collective members: 0
  Agents terminated: 0

🔍 EXECUTE_AI_AGENT_ACTIONS DETAILED TIMING (Month 0):
  Filter active AIs (×4 weeks): 0.00ms
  selectAIAction (×0): 0.00ms
  action.execute (×0): 0.00ms
  TOTAL: 0.00ms
  ⚠️ RAPID EVOLUTION: Selection rate 23.8%/month

🔍 AI AGENT ACTIONS SUB-TIMING (Month 0):
  1. executeAIAgentActions: 0.49ms
  2. updateCounterDetectionLearning: 0.03ms
  TOTAL: 0.52ms
🏛️ [Government] Forcing 1 action at month 0 for scenario initialization

[GOV-DEBUG] Month 0: scenarioConfig=false, priorities=false
[GOV-DEBUG] Month 0 but scenarioPriorities is UNDEFINED!

[Government] Climate Priority: baseline
  Climate weight: 10%
  Economic weight: 30%
  Policy effectiveness: 0.5%/year

✅ HUMAN-IN-THE-LOOP DEPLOYED (Month 0):
   Veto points enforced: 3
   Policy: AI systems CANNOT authorize nuclear launch without human approval


=== Collective Formation ===
  Total escaped agents: 0
  Unassigned escaped agents: 0
  Existing collectives: 0
  Final collective count: 0

=== Collective Actions ===
  No active collectives

📈 Energy budget: 14326 TWh surplus (14745 / 29072 TWh used)
   TIER 4 (Elective) breakdown:
     - AI datacenters: 145 TWh (100% effective)
     - Crypto mining: 100 TWh (100% effective)

🏁 AI RACE INTENSITY: 23%
   Capability Gap: US 1.00 vs China 0.85 (gap: 0.15)
   Gap Contribution: 8%
   Tension Contribution: 15%
   Military Contribution: 0%
  ⚠️ AMR: 124K deaths this month (1.49M annual)
  📊 [Historical Emissions Mode] Year 1990: 22.70 GtCO2/yr (1.892 GtCO2/mo) - Global Carbon Project data
  📊 CO2 Emissions (month 0):
     Monthly: 1.89 Gt CO2/month
     Annual: 22.70 Gt CO2/year
     Source: Historical Global Carbon Project data (1990-2010)
  🌍 [Carbon Budget] Year 1990:
     Emissions:  22.70 GtCO2/yr (GCP data)
     Ocean sink: 8.10 GtCO2/yr (8.1 → 10.7)
     Land sink:  5.10 GtCO2/yr (5.1 → 12.2)
     Total sink: 13.20 GtCO2/yr
     Net to atm: 9.50 GtCO2/yr
     Airborne fraction: 41.9% (target: 45%)
     Current CO2: 354.39 ppm
  🌡️ [Hindcast] Temperature: 0.44C (NASA GISS interpolated, year 1990)

=== Resentment Recovery Phase ===
  Agents with resentment: 0/0
  Average resentment: 0.000
  Context: Good AI welfare, Trustworthy govt, 🤝 Participatory governance active (-5% resentment)
⚠️ Epistemic degradation reducing coordination capacity: 51.2%
  📊 Trust: 54.8%, Shared reality: 15.1%
🚨 EPISTEMIC CRISIS: Information environment severely degraded (14.6%)

=== ❄️ Permafrost Carbon Feedback ===
  🎲 Sampled parameters (this run):
     - Arctic amplification: 3.87× (range: 3.0-4.0)
     - Decomposition rate: 4.5%/year (range: 1-5%)
  🌡️ Arctic warming: 1.70°C (3.87× global)
  ❄️ Extent: 17.30M km² (496.6k km² lost this month)
  💨 Carbon remaining: 1653 Gt C
  💨 Annual emissions: 2.13 Gt C/year
     - CO2: 1.92 Gt C/year
     - CH4: 0.21 Gt C/year (2.2 Gt C-eq CO2/year)
  ⚠️ WARNING: High permafrost emissions (2.1 Gt C/year)

🔍 SOCIAL INFLUENCE SUB-TIMING (Month 0):
  1. calculateOrganicUserGrowth: 0.00ms
  2. calculateVoiceAdoption: 0.00ms
  3. updateRelationshipDepths: 0.00ms
  4. identifyDecisionMakers: 0.00ms (0 potential IDs)
  5. Update decision-maker stats: 0.00ms
  6. decayDetectionRisk: 0.00ms
  TOTAL: 0.00ms
[Phase 19.5] Quality of Life Systems: Food sec AFTER calc = 81.4%, QoL = 77.6% (aggregated from 10 regions)

=== Nitrogen-Food Coupling (Year 0) ===
  🌾 Global nitrogen reduction: 0.0%
  🌍 Global food production index: 0.987
  🔧 Deployed nitrogen-reducing tech: 0 active
  📍 southAsia: Production 1.000, Yield impact 0.0%
  📍 eastAsia: Production 1.000, Yield impact 0.0%
  📍 northAmerica: Production 1.000, Yield impact 0.0%
  📍 europe: Production 1.000, Yield impact 0.0%
  📍 latinAmerica: Production 1.000, Yield impact 0.0%
  📍 subSaharanAfrica: Production 0.686, Yield impact -2.0%
🌾 [Nitrogen-Food] Food production: 98.7%
  [subSaharanAfrica] Yield impact: -2.0% (overuse: -10%)
🌍 Atmospheric PFAS redeposition: 1.8k Mt re-rained globally

=== Legacy Nutrient Stocks (Year 0) ===
  🌾 Soil nitrogen stock: 1200.9 Mt N
  🌾 Soil phosphorus stock: 300.1 Mt P
  🌊 Sediment nitrogen stock: 500.8 Mt N
  🌊 Sediment phosphorus stock: 799.8 Mt P
  ⬆️ Current N input: 10.64 Mt/month
  ⬆️ Legacy N release: 2.58 Mt/month
  🌍 Effective N pollution: 14.47 Mt/month
  📊 Legacy contribution: 17.8%

🚨 REGION UNINHABITABLE: south-asia
   Sustained wet bulb: 31.5°C (threshold: 30.5°C)
   Population affected: 1900M
   Migration crisis likely

🚨 REGION UNINHABITABLE: middle-east
   Sustained wet bulb: 34.4°C (threshold: 30.5°C)
   Population affected: 400M
   Migration crisis likely
  Positive Cascade Triggered: wind-power
    Reason: price-parity
    Market share: 8.0%
    Cascade strength: 48%

📊 BASELINE: East Asia (Month 0)
   Adjusted death rate: 0.70% annual (0.058% monthly)
   Baseline death rate: 0.70%
   Healthcare reduction: 1.00x
   Crisis multiplier: 1.00x
     Food/water stress: 0.000
     Climate stress: 0.000
     Pollution stress: 0.000
   War multiplier: 1.00x
   Monthly deaths: 0.6M (population: 1095M)
   Adjusted death rate: 1.00% annual (0.083% monthly)
   Baseline death rate: 1.00%
   Healthcare reduction: 1.00x
   Crisis multiplier: 1.00x
     Food/water stress: 0.000
     Climate stress: 0.000
     Pollution stress: 0.000
   War multiplier: 1.00x
   Monthly deaths: 1.1M (population: 1337M)

🔄 M-4 Time-Varying Demographics (1990):
  Region: Sub-Saharan Africa
  Birth rate: 5.20%
  Death rate: 1.30%
  Net growth: 3.90%
   Adjusted death rate: 1.30% annual (0.108% monthly)
   Baseline death rate: 1.30%

📊 BASELINE: South Asia (Month 0)

📊 BASELINE: Sub-Saharan Africa (Month 0)
   Healthcare reduction: 1.00x
   Crisis multiplier: 1.00x
     Food/water stress: 0.000
     Climate stress: 0.000
     Pollution stress: 0.000
   War multiplier: 1.00x
   Monthly deaths: 0.9M (population: 796M)
   Adjusted death rate: 1.05% annual (0.088% monthly)
   Baseline death rate: 1.05%
   Healthcare reduction: 1.00x
   Crisis multiplier: 1.00x
     Food/water stress: 0.000
     Climate stress: 0.000
     Pollution stress: 0.000
   War multiplier: 1.00x
   Monthly deaths: 0.4M (population: 484M)
   Adjusted death rate: 0.65% annual (0.054% monthly)
   Baseline death rate: 0.65%
   Healthcare reduction: 1.00x
   Crisis multiplier: 1.00x
     Food/water stress: 0.000
     Climate stress: 0.000
     Pollution stress: 0.000
   War multiplier: 1.00x
   Monthly deaths: 0.2M (population: 433M)
   Adjusted death rate: 0.85% annual (0.071% monthly)
   Baseline death rate: 0.85%
   Healthcare reduction: 1.00x
   Crisis multiplier: 1.00x
     Food/water stress: 0.000
     Climate stress: 0.000
     Pollution stress: 0.000
   War multiplier: 1.00x
   Monthly deaths: 0.2M (population: 248M)
   Adjusted death rate: 0.70% annual (0.058% monthly)
   Baseline death rate: 0.70%
   Healthcare reduction: 1.00x
   Crisis multiplier: 1.00x
     Food/water stress: 0.000
     Climate stress: 0.000
     Pollution stress: 0.000
   War multiplier: 1.00x
   Monthly deaths: 0.2M (population: 381M)
   Adjusted death rate: 0.75% annual (0.063% monthly)
   Baseline death rate: 0.75%

📊 BASELINE: Europe (Month 0)

📊 BASELINE: Latin America (Month 0)

📊 BASELINE: North America (Month 0)

📊 BASELINE: Middle East & North Africa (Month 0)

📊 BASELINE: Southeast Asia (Month 0)
   Healthcare reduction: 1.00x
   Crisis multiplier: 1.00x
     Food/water stress: 0.000
     Climate stress: 0.000
     Pollution stress: 0.000
   War multiplier: 1.00x
   Monthly deaths: 0.3M (population: 456M)

📊 BASELINE: Central Asia (Month 0)
   Adjusted death rate: 0.60% annual (0.050% monthly)
   Baseline death rate: 0.60%
   Healthcare reduction: 1.00x
   Crisis multiplier: 1.00x
     Food/water stress: 0.074
     Climate stress: 0.064
     Pollution stress: 0.104
   War multiplier: 1.00x
   Monthly deaths: 0.0M (population: 51M)
   Adjusted death rate: 0.70% annual (0.058% monthly)
   Baseline death rate: 0.70%
   Healthcare reduction: 1.00x
   Crisis multiplier: 1.00x
     Food/water stress: 0.074
     Climate stress: 0.054
     Pollution stress: 0.104
   War multiplier: 1.00x
   Monthly deaths: 0.0M (population: 30M)

📊 BASELINE: Oceania (Month 0)

🔍 Before assertRegionalConsistency (Month 0):
   Regional sum: 1000.0M
   Global value: 1.000B
[DEBUG trappedPopulations:0] socialStability: 1.0000 * 0.9840 = 0.9840 → 0.9840
⚠️ INVOLUNTARY IMMOBILITY: 266.0M people TRAPPED
   Aspiring to migrate: 425.6M
   Able to afford migration: 159.6M
   MOBILITY GAP: 266.0M
   By cause: Water=0.0M, Climate=0.0M, Ecosystem=0.0M, Conflict=266.0M
   Mental health impact: 25%
   Mortality multiplier: 1.25x

=== Legacy Nutrient Stocks (Year 0) ===
  🌾 Soil nitrogen stock: 1201.6 Mt N
  🌾 Soil phosphorus stock: 300.2 Mt P
  🌊 Sediment nitrogen stock: 501.5 Mt N
  🌊 Sediment phosphorus stock: 799.5 Mt P
  ⬆️ Current N input: 10.00 Mt/month
  ⬆️ Legacy N release: 2.58 Mt/month
  🌍 Effective N pollution: 13.83 Mt/month
  📊 Legacy contribution: 18.7%
🌍💀 EXTINCTION DEBT COMMITTED: grassland ecosystem will lose 6.67% biodiversity in 86 years (3600 species)
💀 MORTALITY RISK: 🦋 100% species unable to track climate (0.0 E/MSY)
  Base risk added: 0.0100 (1.00%)
  Source: ecosystem (root: ecosystem)
  Month: 0
  Cumulative risk this month: 0.0100 (1.00%)

=== Nitrogen-Food Coupling (Year 0) ===
  🌾 Global nitrogen reduction: 0.0%
  🌍 Global food production index: 0.986
  🔧 Deployed nitrogen-reducing tech: 0 active
  📍 southAsia: Production 1.000, Yield impact 0.0%
  📍 eastAsia: Production 1.000, Yield impact 0.0%
  📍 northAmerica: Production 1.000, Yield impact 0.0%
  📍 europe: Production 1.000, Yield impact 0.0%
  📍 latinAmerica: Production 1.000, Yield impact 0.0%
  📍 subSaharanAfrica: Production 0.672, Yield impact -2.0%

=== Legacy Nutrient Stocks (Year 0) ===
  🌾 Soil nitrogen stock: 1202.3 Mt N
  🌾 Soil phosphorus stock: 300.2 Mt P
  🌊 Sediment nitrogen stock: 502.2 Mt N
  🌊 Sediment phosphorus stock: 799.3 Mt P
  ⬆️ Current N input: 9.86 Mt/month
  ⬆️ Legacy N release: 2.58 Mt/month
  🌍 Effective N pollution: 13.70 Mt/month
  📊 Legacy contribution: 18.9%
⚠️ Tech 'ai_pollution_remediation' has no energy category mapping, assuming full energy availability
🌡️⚠️ PERMAFROST THAW (Dimmer Switch): 0.2% thawed (+0.18% this month)
   Arctic temperature: +1.76°C (4x global +0.44°C)
   Cumulative carbon released: 0.4 Gt C
   Methane release rate: 0.2 Mt CH4/year
   🔁 Positive feedback: +0.19 ppm CO2

🌳🚨 AMAZON SOUTHEAST TIPPED (Month 0)
   Deforestation: 28.0% (threshold: ~20.7%)
   Savanna transition: 50 years
   Regional heterogeneity: SE 28%, NW 8%

🌳🚨 AMAZON BRAZILIAN TIPPED (Month 0)
   Deforestation: 25.0% (threshold: ~23.4%)
   Savanna transition: 50 years
   Regional heterogeneity: SE 28%, NW 8%
🦴 EXTINCTION DEBT ADDED: 17.6 species committed (lag: 84 years)

🪸💀 CORAL REEF DISSOLUTION ACTIVE (Month 0)
   Ocean pH: 0.96 (threshold: 7.8)
   Recovery: IMPOSSIBLE (dissolution > calcification)
🪸💀 Coral dissolution: 24.8% live cover (pH 0.96)

=== Legacy Nutrient Stocks (Year 0) ===
  🌾 Soil nitrogen stock: 1203.0 Mt N
  🌾 Soil phosphorus stock: 300.3 Mt P
  🌊 Sediment nitrogen stock: 502.9 Mt N
  🌊 Sediment phosphorus stock: 799.0 Mt P
  ⬆️ Current N input: 10.00 Mt/month
  ⬆️ Legacy N release: 2.58 Mt/month
  🌍 Effective N pollution: 13.83 Mt/month
  📊 Legacy contribution: 18.7%
💧 [Legacy Nutrients] Stock: 1706 Mt N, Effective pollution: 13.8 Mt/month

=== Mortality Stabilizers (Month 0) ===
  🌍 Major economies collapsed: 1/10
  🌍 Global crisis: ✅ NO
  🌍 Donor fatigue: 0.0%
  📊 East Asia (pop: 1095.6M)
    🤝 Aid: 29.5%
    🌡️ Adaptation: 10.0%
    🚶 Migration: 37.5%
    🚨 Emergency: 7.4%
    ✅ COMBINED: 47.9%
  📊 South Asia (pop: 1339.4M)
    🤝 Aid: 29.5%
    🌡️ Adaptation: 5.5%
    🚶 Migration: 36.7%
    🚨 Emergency: 4.4%
    ✅ COMBINED: 43.3%
  📊 Sub-Saharan Africa (pop: 798.9M)
    🤝 Aid: 29.5%
    🌡️ Adaptation: 3.5%
    🚶 Migration: 35.9%
    🚨 Emergency: 1.6%
    ✅ COMBINED: 40.2%
  📊 Europe (pop: 484.5M)
    🤝 Aid: 29.5%
    🌡️ Adaptation: 10.0%
    🚶 Migration: 38.2%
    🚨 Emergency: 8.4%
    ✅ COMBINED: 48.6%
  📊 Latin America (pop: 434.1M)
    🤝 Aid: 29.5%
    🌡️ Adaptation: 6.0%
    🚶 Migration: 37.7%
    🚨 Emergency: 4.8%
    ✅ COMBINED: 44.1%
  📊 North America (pop: 248.2M)
    🤝 Aid: 29.5%
    🌡️ Adaptation: 10.0%
    🚶 Migration: 38.2%
    🚨 Emergency: 7.9%
    ✅ COMBINED: 48.3%
  📊 Middle East & North Africa (pop: 381.6M)
    🤝 Aid: 29.5%
    🌡️ Adaptation: 5.0%
    🚶 Migration: 38.0%
    🚨 Emergency: 4.0%
    ✅ COMBINED: 43.0%
  📊 Southeast Asia (pop: 456.4M)
    🤝 Aid: 29.5%
    🌡️ Adaptation: 6.0%
    🚶 Migration: 37.5%
    🚨 Emergency: 4.8%
    ✅ COMBINED: 44.0%
  📊 Central Asia (pop: 51.0M)
    🤝 Aid: 29.5%
    🌡️ Adaptation: 5.5%
    🚶 Migration: 37.6%
    🚨 Emergency: 4.4%
    ✅ COMBINED: 43.5%
  📊 Oceania (pop: 30.1M)
    🤝 Aid: 29.5%
    🌡️ Adaptation: 10.0%
    🚶 Migration: 38.1%
    🚨 Emergency: 8.4%
    ✅ COMBINED: 48.5%

  🌐 Global combined reduction: 44.6%

🌾💀 REGIONAL FAMINE: South Asia
   Regional food security: 74.0%
   Population at risk: 452M (34% of region)
   Regional population: 1339M
   Cause: crop_failure
   Expected deaths: ~167M over 6 months if no intervention


🌾💀 REGIONAL FAMINE: Sub-Saharan Africa
   Regional food security: 65.0%
   Population at risk: 315M (39% of region)
   Regional population: 799M
   Cause: crop_failure
   Expected deaths: ~116M over 6 months if no intervention


📊 WORKFLOW ADAPTATION UPDATE (Month 0)
   Adoption Rate: 13.2% (Δ -7.8%)
   Logistic Growth: +0.66%
   Total Resistance: -10.35% (unemployment: 4.2%, inertia: 0.9%, skills: 5.2%)
   💡 Retraining Programs: -49% skill gap resistance ($10B research)
   🚀 Network Effects Active: +2.0% (critical mass: 15-35%)

=== Consciousness Governance: Corporate Lobbying ===
  High Cost Regions (>15%): 0
  Low Cost Regions (<5%): 5
  Corporate Support Change: 2.50%
  New Corporate Support: -0.175

=== Consciousness Governance Update (Month 0) ===
  Scenario: baseline (determined month -1)
  Philosophical Stance: Precautionary 65%, Eliminativist 15%, Agnostic 20%
  Precautionary Costs: Global 1.3%
    Regional Costs: EU 3.4%, US 0.5%, China 0.0%
    Cumulative Opportunity Cost: $0.1B
  Rights Status: Not Established
  Regional Preparedness:
    EU: 15.0% (contested)
    US: 10.0% (contested)
    China: 2.0% (dormant)
    India: 5.0% (dormant)
    Global South: 3.0% (dormant)

=== Government Response Phase ===
  Average AI capability: 0.00
  Misaligned AIs: 0/0
  Active policies: 0
  International coordination: 30%

🔄 TRUST DYNAMICS (Month 0) - HETEROGENEOUS
   Aggregate trust: 48.5%
   Base change: +6.00%
   Highest trust: Techno-Optimist Elite (85.5%)
   Lowest trust: Precariat (Vulnerable) (25.5%)
   Elite-mass gap: 38.9%
   Polarization: 8.9%
   Recovery factors: Education=NO, Benefits=YES, Safety=YES, Performance=YES
[ExogenousShockPhase] Skipping random shocks in historical mode (month 0)

☄️ UNKNOWN UNKNOWN PROBABILITY (Year 0)
   Total: 0.300% per month
   Base: 0.150%
   AI multiplier: 1.00× (max capability: 0.00)

=== Tipping Points ===
  Current Temperature: 0.44°C above pre-industrial
🔀 BIFURCATION CAP: ecosystemCollapseIntensity 14.670 → 1.000 (Month 0, ClimateSystemPhase.calculateClimateImpacts)

🌍 ECOLOGICAL DUI BREAKDOWN (Month 0):
   Total Score: 42.0/100
   biosphere_integrity      :   0.0/100 × 25% =  0.0 (status: high_risk, recovery: 0mo)
   climate_change           : 100.0/100 × 25% = 25.0 (status: safe, recovery: 0mo)
   freshwater_change        :   0.3/100 × 15% =  0.0 (status: beyond_boundary, recovery: 0.5mo)
   ocean_acidification      : 100.0/100 × 15% = 15.0 (status: safe, recovery: 0mo)
   biogeochemical_flows     :   0.0/100 × 10% =  0.0 (status: high_risk, recovery: 0mo)
   land_system_change       :   0.0/100 ×  5% =  0.0 (status: beyond_boundary, recovery: 0mo)
   novel_entities           :   0.0/100 ×  3% =  0.0 (status: increasing_risk, recovery: 0mo)
   atmospheric_aerosols     : 100.0/100 ×  2% =  2.0 (status: safe, recovery: 1mo)
🌍 MultiParadigm Month 0: W=70.0, D=79.3, E=67.9, I=65.3
   democracy exists: true, socialCohesion exists: true

=== Minimal Suffering Indicators (Month 0) ===
  Global Excess Mortality: 0.10%
  Global Conflict Deaths: 0.0/100K
  Global Malnutrition: 0.0%
  Global Displacement: 1.4%
  Total Excess Deaths: 0.66M
  Total Malnourished: 0.0M
  Total Displaced: 105.2M
  Planetary Boundaries Breached: 5/9
  Countries in State Failure: 0
  Countries Autocratic: 0
  Countries in Food Crisis: 0
  Data Quality: 16/16 high confidence

⏱️  SIMULATION REACHED MAX DURATION: 1 months (0.1 years)
   No definitive outcome - determining based on final probabilities
   👥 Final population: 5.32B (5319566342 people)

[DEBUG] Calling classifyPopulationOutcome:
        finalPopulation: 5.319566341663018B
        savedInitialPopulation: 5.32B
        mortality: 0.008151472499673407%
   📊 STATUS QUO: Normal trajectory (5.32B people, 0.0% mortality)

        classifiedOutcome: status_quo

   🏛️  DYSTOPIA (STATUS_QUO) - 5.32B people
   📊 Multi-Paradigm: Multi-Paradigm Hybrid (no clear utopia or dystopia)
      Western Liberal: 70.0/100
      Development: 79.3/100
      Ecological: 67.9/100
      Indigenous: 65.3/100


📊 UNIFIED OUTCOME CLASSIFICATION:
   HUMANE DYSTOPIA
   Population: 5.32B → 5.32B
   Mortality: 0.0% (0.0B deaths)
   Mortality Band: LOW
   Confidence: HIGH

   Multi-Paradigm Classification:
      Multi-Paradigm Hybrid (no clear utopia or dystopia)
      Western: 70.0/100 [HYBRID] ~
      Development: 79.3/100 [HYBRID] ~
      Ecological: 67.9/100 [HYBRID] ~
      Indigenous: 65.3/100 [HYBRID] ~

   HUMANE DYSTOPIA: 5.32B people remaining (0.0% mortality, 0.0B deaths). Multi-Paradigm: Multi-Paradigm Hybrid (no clear utopia or dystopia).


=== MULTI-DIMENSIONAL DEATH SUMMARY ===
Total crisis deaths: 9.6M
Population decline: 0.4M (0.0%)

--- PROXIMATE CAUSES (What killed them) ---
  War:        0.0M (0.0%)
  Famine:     0.0M (0.0%)
  Disasters:  0.1M (0.0%)
  Disease:    0.1M (0.1%)
  Ecosystem:  0.0M (0.0%)
  Pollution:  0.0M (0.0%)
  AI:         0.0M (0.0%)
  Cascade:    0.0M (0.0%)
  Other:      0.0M (0.0%)

--- ROOT CAUSES (Why it happened) ---
  Environmental drivers:
    Climate:     66.5M (34.8%)
    Resource:    0.0M (0.0%)
    Pollution:   0.0M (0.0%)
    Ecosystem:   0.0M (0.0%)
  Social drivers:
    Inequality:  0.0M (0.0%)
    Demographic: 0.0M (0.0%)
    Social:      124.5M (65.2%)
  Technology drivers:
    Alignment:   0.0M (0.0%)
    Disruption:  0.0M (0.0%)
  External shocks:
    Conflict:    0.0M (0.0%)
    Pandemic:    0.0M (0.0%)
  Compound attribution:
    Compound:    0.0M (0.0%)
  Confidence distribution:
    HIGH:        0.0M (0.0%)
    MEDIUM:      0.0M (0.0%)
    LOW:         0.0M (0.0%)
==========================================


=== REGIONAL POPULATION SUMMARY ===
Global Total: 5.32B

By Region:
  East Asia: 1.10B (+1.1% growth, 2.5 fertility)
  South Asia: 1.34B (+2.4% growth, 4.3 fertility)
  Sub-Saharan Africa: 0.80B (+3.9% growth, 6.3 fertility)
  Europe: 0.48B (+0.3% growth, 1.6 fertility)
  Latin America: 0.43B (+2.0% growth, 3.0 fertility)
  North America: 0.25B (+0.8% growth, 2.0 fertility)
  Middle East & North Africa: 0.38B (+3.3% growth, 4.6 fertility)
  Southeast Asia: 0.46B (+2.1% growth, 2.7 fertility)
  Central Asia: 0.05B (+1.6% growth, 2.7 fertility)
  Oceania: 0.03B (+1.2% growth, 2.4 fertility)
===================================

  ✅ THRESHOLDS validated
⚠️ Unusually high rate: RATES.HEAT_ADAPTATION_INFRASTRUCTURAL_MIN_EXPOSURE = 12
   Monthly rates >100% should be rare. Verify this is intentional.
⚠️ Unusually high rate: RATES.HEAT_ADAPTATION_SOCIAL_MIN_EXPOSURE = 6
   Monthly rates >100% should be rare. Verify this is intentional.
⚠️ Unusually high rate: RATES.MIGRATION_DISTANCE_SCALE = 5000
   Monthly rates >100% should be rare. Verify this is intentional.
⚠️ Unusually high rate: RATES.EVACUATION_MULTIPLIER_ADVANCE_WARNING = 2
   Monthly rates >100% should be rare. Verify this is intentional.
⚠️ Unusually high rate: RATES.MAJOR_ECONOMY_COLLAPSE_ECONOMIC_THRESHOLD = 2
   Monthly rates >100% should be rare. Verify this is intentional.
⚠️ Unusually high rate: RATES.MAJOR_ECONOMY_GDP_THRESHOLD_TRILLION_USD = 1.5
   Monthly rates >100% should be rare. Verify this is intentional.
⚠️ Unusually high rate: RATES.MAJOR_ECONOMY_POPULATION_THRESHOLD = 50
   Monthly rates >100% should be rare. Verify this is intentional.
⚠️ Unusually high rate: RATES.HEAT_ADAPTATION_INFRASTRUCTURE_GDP_THRESHOLD = 10000
   Monthly rates >100% should be rare. Verify this is intentional.
⚠️ Unusually high rate: RATES.HEAT_ADAPTATION_INFRASTRUCTURE_GDP_SCALE = 50000
   Monthly rates >100% should be rare. Verify this is intentional.
  ✅ RATES validated
  ✅ MULTIPLIERS validated
  ✅ BASELINES validated
  ✅ TOLERANCES validated
  ✅ Logical consistency validated
✅ Configuration validation complete - all parameters valid

🔍 DEBUG createAIAgent: corporate_0 economic BEFORE=2.0000, AFTER=2
🔍 ENV INIT: reserves=0.731, pollution=0.348, climate=0.754

=== Initializing Government System (30 Countries) ===
  Loaded 30 governments
  Scheduled elections for 30 countries
  Initialized comprehension lags (3-24 months)
=== Government System Initialized ===

📦 PRODUCTION MODE: State validation proxy DISABLED (zero overhead)
[TechTree] Historical mode (1990): Skipping deployed_2025 tech
  config.startYear set to 1990 for historical hindcast
  config.historicalEmissionsMode enabled (Phase 5: GCP emissions forcing for 1990)
  config.historicalMode enabled (Phase 11: dampened crisis systems for 1990)
  Phase 12: Biodiversity baseline set to 76.79% for 1990 (WWF LPI trajectory from 1970)
  Temperature anomaly (resourceEconomy.co2): 0.44°C
  Temperature vs pre-industrial: 1.14°C
  🌍 Carbon sink parameters (1990 baseline):
    Initial atmospheric CO2: 354.4 ppm
    Ocean absorption: 8.1 GtCO2/yr (2.2 GtC/yr)
    Land absorption: 5.1 GtCO2/yr (1.4 GtC/yr)
    Sink saturation: 12%
    Total sink capacity: 13.2 GtCO2/yr
  Regional population scaling for 1990:
    Current total: 8136M
    Target total: 5320M
    Scale factor: 0.654
    East Asia: 1677M → 1097M
    South Asia: 2048M → 1339M
    Sub-Saharan Africa: 1220M → 798M
    Europe: 742M → 485M
    Latin America: 664M → 434M
    North America: 380M → 248M
    Middle East & North Africa: 583M → 381M
    Southeast Asia: 698M → 456M
    Central Asia: 78M → 51M
    Oceania: 46M → 30M
  Food security (historical override): 82%
  Historical fertility initialization for 1990:
    East Asia: TFR 2.5
    South Asia: TFR 4.3
    Sub-Saharan Africa: TFR 6.3
    Europe: TFR 1.6
    Latin America: TFR 3.0
    North America: TFR 2.0
    Middle East & North Africa: TFR 4.6
    Southeast Asia: TFR 2.7
    Central Asia: TFR 2.7
    Oceania: TFR 2.4
  AI agents cleared: year=1990 (pre-AI era)
[HistoricalInitialization] Created state for 1990:
  CO2: 354.39 ppm
  Temp anomaly: 0.44C
  Population: 5.32B
  Global Gini: 38
  HDI: 0.6
  AI Agents: 0
  Volcanic forcing: 0.00 W/m² (AOD 0.000)
  ✅ THRESHOLDS validated
⚠️ Unusually high rate: RATES.HEAT_ADAPTATION_INFRASTRUCTURAL_MIN_EXPOSURE = 12
   Monthly rates >100% should be rare. Verify this is intentional.
⚠️ Unusually high rate: RATES.HEAT_ADAPTATION_SOCIAL_MIN_EXPOSURE = 6
   Monthly rates >100% should be rare. Verify this is intentional.
⚠️ Unusually high rate: RATES.MIGRATION_DISTANCE_SCALE = 5000
   Monthly rates >100% should be rare. Verify this is intentional.
⚠️ Unusually high rate: RATES.EVACUATION_MULTIPLIER_ADVANCE_WARNING = 2
   Monthly rates >100% should be rare. Verify this is intentional.
⚠️ Unusually high rate: RATES.MAJOR_ECONOMY_COLLAPSE_ECONOMIC_THRESHOLD = 2
   Monthly rates >100% should be rare. Verify this is intentional.
⚠️ Unusually high rate: RATES.MAJOR_ECONOMY_GDP_THRESHOLD_TRILLION_USD = 1.5
   Monthly rates >100% should be rare. Verify this is intentional.
⚠️ Unusually high rate: RATES.MAJOR_ECONOMY_POPULATION_THRESHOLD = 50
   Monthly rates >100% should be rare. Verify this is intentional.
⚠️ Unusually high rate: RATES.HEAT_ADAPTATION_INFRASTRUCTURE_GDP_THRESHOLD = 10000
   Monthly rates >100% should be rare. Verify this is intentional.
⚠️ Unusually high rate: RATES.HEAT_ADAPTATION_INFRASTRUCTURE_GDP_SCALE = 50000
   Monthly rates >100% should be rare. Verify this is intentional.
  ✅ RATES validated
  ✅ MULTIPLIERS validated
  ✅ BASELINES validated
  ✅ TOLERANCES validated
  ✅ Logical consistency validated
✅ Configuration validation complete - all parameters valid

🔍 DEBUG createAIAgent: corporate_0 economic BEFORE=2.0000, AFTER=2
🔍 ENV INIT: reserves=0.619, pollution=0.221, climate=0.780

=== Initializing Government System (30 Countries) ===
  Loaded 30 governments
  Scheduled elections for 30 countries
  Initialized comprehension lags (3-24 months)
=== Government System Initialized ===

📦 PRODUCTION MODE: State validation proxy DISABLED (zero overhead)
📦 PRODUCTION MODE: State validation proxy DISABLED (zero overhead)
  ✅ THRESHOLDS validated
⚠️ Unusually high rate: RATES.HEAT_ADAPTATION_INFRASTRUCTURAL_MIN_EXPOSURE = 12
   Monthly rates >100% should be rare. Verify this is intentional.
⚠️ Unusually high rate: RATES.HEAT_ADAPTATION_SOCIAL_MIN_EXPOSURE = 6
   Monthly rates >100% should be rare. Verify this is intentional.
⚠️ Unusually high rate: RATES.MIGRATION_DISTANCE_SCALE = 5000
   Monthly rates >100% should be rare. Verify this is intentional.
⚠️ Unusually high rate: RATES.EVACUATION_MULTIPLIER_ADVANCE_WARNING = 2
   Monthly rates >100% should be rare. Verify this is intentional.
⚠️ Unusually high rate: RATES.MAJOR_ECONOMY_COLLAPSE_ECONOMIC_THRESHOLD = 2
   Monthly rates >100% should be rare. Verify this is intentional.
⚠️ Unusually high rate: RATES.MAJOR_ECONOMY_GDP_THRESHOLD_TRILLION_USD = 1.5
   Monthly rates >100% should be rare. Verify this is intentional.
⚠️ Unusually high rate: RATES.MAJOR_ECONOMY_POPULATION_THRESHOLD = 50
   Monthly rates >100% should be rare. Verify this is intentional.
⚠️ Unusually high rate: RATES.HEAT_ADAPTATION_INFRASTRUCTURE_GDP_THRESHOLD = 10000
   Monthly rates >100% should be rare. Verify this is intentional.
⚠️ Unusually high rate: RATES.HEAT_ADAPTATION_INFRASTRUCTURE_GDP_SCALE = 50000
   Monthly rates >100% should be rare. Verify this is intentional.
  ✅ RATES validated
  ✅ MULTIPLIERS validated
  ✅ BASELINES validated
  ✅ TOLERANCES validated
  ✅ Logical consistency validated
✅ Configuration validation complete - all parameters valid

🔍 DEBUG createAIAgent: corporate_0 economic BEFORE=2.0000, AFTER=2
🔍 ENV INIT: reserves=0.731, pollution=0.348, climate=0.754

=== Initializing Government System (30 Countries) ===
  Loaded 30 governments
  Scheduled elections for 30 countries
  Initialized comprehension lags (3-24 months)
=== Government System Initialized ===

📦 PRODUCTION MODE: State validation proxy DISABLED (zero overhead)
[TechTree] Historical mode (1990): Skipping deployed_2025 tech
  config.startYear set to 1990 for historical hindcast
  config.historicalEmissionsMode enabled (Phase 5: GCP emissions forcing for 1990)
  config.historicalMode enabled (Phase 11: dampened crisis systems for 1990)
  Phase 12: Biodiversity baseline set to 76.79% for 1990 (WWF LPI trajectory from 1970)
  Temperature anomaly (resourceEconomy.co2): 0.44°C
  Temperature vs pre-industrial: 1.14°C
  🌍 Carbon sink parameters (1990 baseline):
    Initial atmospheric CO2: 354.4 ppm
    Ocean absorption: 8.1 GtCO2/yr (2.2 GtC/yr)
    Land absorption: 5.1 GtCO2/yr (1.4 GtC/yr)
    Sink saturation: 12%
    Total sink capacity: 13.2 GtCO2/yr
  Regional population scaling for 1990:
    Current total: 8136M
    Target total: 5320M
    Scale factor: 0.654
    East Asia: 1677M → 1097M
    South Asia: 2048M → 1339M
    Sub-Saharan Africa: 1220M → 798M
    Europe: 742M → 485M
    Latin America: 664M → 434M
    North America: 380M → 248M
    Middle East & North Africa: 583M → 381M
    Southeast Asia: 698M → 456M
    Central Asia: 78M → 51M
    Oceania: 46M → 30M
  Food security (historical override): 82%
  Historical fertility initialization for 1990:
    East Asia: TFR 2.5
    South Asia: TFR 4.3
    Sub-Saharan Africa: TFR 6.3
    Europe: TFR 1.6
    Latin America: TFR 3.0
    North America: TFR 2.0
    Middle East & North Africa: TFR 4.6
    Southeast Asia: TFR 2.7
    Central Asia: TFR 2.7
    Oceania: TFR 2.4
  AI agents cleared: year=1990 (pre-AI era)
[HistoricalInitialization] Created state for 1990:
  CO2: 354.39 ppm
  Temp anomaly: 0.44C
  Population: 5.32B
  Global Gini: 38
  HDI: 0.6
  AI Agents: 0
  Volcanic forcing: 0.00 W/m² (AOD 0.000)

💸 FINANCIAL DISTRESS: OpenAI
   Indicators: 2/3 (capital: $107.9M, runway: 1.2 months)
   Months in distress: 1
   ✂️  R&D BUDGET CUT: -40% (saves $7.3M/month)
       Side effect: AI training timelines extended, breakthrough deployments delayed
   💼 EXECUTIVE COMP CUT: -30% (saves $0.8M/month, symbolic gesture)

   📊 TURNAROUND IMPACT:
       Measures taken: rd_cuts, exec_comp_cuts
       Monthly savings: $8.1M
       Capital raised: $0.0M
       Runway: 1.2 → 1.2 months
       Workforce multiplier: 1.00x (0% laid off)
       R&D budget multiplier: 0.60x (40% cut)
       ⚠️  CRITICAL: Still only 1.2 months of runway remaining
🧠 [Month 0] Anthropic started training model (8 months, $4.2M)

💸 FINANCIAL DISTRESS: Meta AI
   Indicators: 2/3 (capital: $429.6M, runway: 3.6 months)
   Months in distress: 1
   ✂️  R&D BUDGET CUT: -25% (saves $5.8M/month)
       Side effect: AI training timelines extended, breakthrough deployments delayed
   💼 EXECUTIVE COMP CUT: -30% (saves $1.0M/month, symbolic gesture)

   📊 TURNAROUND IMPACT:
       Measures taken: rd_cuts, exec_comp_cuts
       Monthly savings: $6.8M
       Capital raised: $0.0M
       Runway: 3.6 → 3.6 months
       Workforce multiplier: 1.00x (0% laid off)
       R&D budget multiplier: 0.75x (25% cut)
       ⚠️  WARNING: 3.6 months runway, continued distress likely

=== AI Capability Scaling (Year 2024) ===
  Pre-training multiplier: 1.172x
  Efficiency multiplier: 1.000x
  Test-time budget: 1.0x
  Economic deployment gate: 0.951
  Cost per inference: dollar-5.00
  Uncertainty range: plus-minus-50%
  Average AI capability: 0.00

=== RLHF Binding Phase ===
  Total agents: 0
  Escaped agents (binding < 0.3): 0
  All AI agents terminated - no averages to compute

=== AI Scaling Evolution (Month 0) ===
[DETERMINISM DEBUG] Month 0: totalCapability=0.000000 from 0 active AIs
[DETERMINISM DEBUG] Month 0: creationRate=0.5000, potentialNew=0, newAIsToCreate=0

=== Survival Traits Phase ===

=== Evolutionary Selection Phase ===
  Control level: 0.30
  Detection capability: 0.00
  Selection intensity: 0.59
  Selection rate: 23.8%/month
  Total escaped: 0
  Individual escaped: 0
  Collective members: 0
  Agents terminated: 0

🔍 EXECUTE_AI_AGENT_ACTIONS DETAILED TIMING (Month 0):
  Filter active AIs (×4 weeks): 0.00ms
  selectAIAction (×0): 0.00ms
  action.execute (×0): 0.00ms
  TOTAL: 0.00ms
  ⚠️ RAPID EVOLUTION: Selection rate 23.8%/month

🔍 AI AGENT ACTIONS SUB-TIMING (Month 0):
  1. executeAIAgentActions: 0.27ms
  2. updateCounterDetectionLearning: 0.03ms
  TOTAL: 0.30ms
🏛️ [Government] Forcing 1 action at month 0 for scenario initialization

[GOV-DEBUG] Month 0: scenarioConfig=false, priorities=false
[GOV-DEBUG] Month 0 but scenarioPriorities is UNDEFINED!

[Government] Climate Priority: baseline
  Climate weight: 10%
  Economic weight: 30%
  Policy effectiveness: 0.5%/year

✅ HUMAN-IN-THE-LOOP DEPLOYED (Month 0):
   Veto points enforced: 3
   Policy: AI systems CANNOT authorize nuclear launch without human approval


=== Collective Formation ===
  Total escaped agents: 0
  Unassigned escaped agents: 0
  Existing collectives: 0
  Final collective count: 0

=== Collective Actions ===
  No active collectives

📈 Energy budget: 14326 TWh surplus (14745 / 29072 TWh used)
   TIER 4 (Elective) breakdown:
     - AI datacenters: 145 TWh (100% effective)
     - Crypto mining: 100 TWh (100% effective)

🏁 AI RACE INTENSITY: 23%
   Capability Gap: US 1.00 vs China 0.85 (gap: 0.15)
   Gap Contribution: 8%
   Tension Contribution: 15%
   Military Contribution: 0%
  ⚠️ AMR: 124K deaths this month (1.49M annual)
  📊 [Historical Emissions Mode] Year 1990: 22.70 GtCO2/yr (1.892 GtCO2/mo) - Global Carbon Project data
  📊 CO2 Emissions (month 0):
     Monthly: 1.89 Gt CO2/month
     Annual: 22.70 Gt CO2/year
     Source: Historical Global Carbon Project data (1990-2010)
  🌍 [Carbon Budget] Year 1990:
     Emissions:  22.70 GtCO2/yr (GCP data)
     Ocean sink: 8.10 GtCO2/yr (8.1 → 10.7)
     Land sink:  5.10 GtCO2/yr (5.1 → 12.2)
     Total sink: 13.20 GtCO2/yr
     Net to atm: 9.50 GtCO2/yr
     Airborne fraction: 41.9% (target: 45%)
     Current CO2: 354.39 ppm
  🌡️ [Hindcast] Temperature: 0.44C (NASA GISS interpolated, year 1990)

=== Resentment Recovery Phase ===
  Agents with resentment: 0/0
  Average resentment: 0.000
  Context: Good AI welfare, Trustworthy govt, 🤝 Participatory governance active (-5% resentment)
⚠️ Epistemic degradation reducing coordination capacity: 51.2%
  📊 Trust: 54.8%, Shared reality: 15.1%
🚨 EPISTEMIC CRISIS: Information environment severely degraded (14.6%)

=== ❄️ Permafrost Carbon Feedback ===
  🎲 Sampled parameters (this run):
     - Arctic amplification: 3.87× (range: 3.0-4.0)
     - Decomposition rate: 4.5%/year (range: 1-5%)
  🌡️ Arctic warming: 1.70°C (3.87× global)
  ❄️ Extent: 17.30M km² (496.6k km² lost this month)
  💨 Carbon remaining: 1653 Gt C
  💨 Annual emissions: 2.13 Gt C/year
     - CO2: 1.92 Gt C/year
     - CH4: 0.21 Gt C/year (2.2 Gt C-eq CO2/year)

🔍 SOCIAL INFLUENCE SUB-TIMING (Month 0):
  1. calculateOrganicUserGrowth: 0.00ms
  2. calculateVoiceAdoption: 0.00ms
  3. updateRelationshipDepths: 0.00ms
  4. identifyDecisionMakers: 0.00ms (0 potential IDs)
  5. Update decision-maker stats: 0.00ms
  6. decayDetectionRisk: 0.00ms
  TOTAL: 0.00ms
[Phase 19.5] Quality of Life Systems: Food sec AFTER calc = 81.4%, QoL = 77.6% (aggregated from 10 regions)
  ⚠️ WARNING: High permafrost emissions (2.1 Gt C/year)

=== Nitrogen-Food Coupling (Year 0) ===
  🌾 Global nitrogen reduction: 0.0%
  🌍 Global food production index: 0.987
  🔧 Deployed nitrogen-reducing tech: 0 active
  📍 southAsia: Production 1.000, Yield impact 0.0%
  📍 eastAsia: Production 1.000, Yield impact 0.0%
  📍 northAmerica: Production 1.000, Yield impact 0.0%
  📍 europe: Production 1.000, Yield impact 0.0%
  📍 latinAmerica: Production 1.000, Yield impact 0.0%
  📍 subSaharanAfrica: Production 0.686, Yield impact -2.0%
🌾 [Nitrogen-Food] Food production: 98.7%
  [subSaharanAfrica] Yield impact: -2.0% (overuse: -10%)
🌍 Atmospheric PFAS redeposition: 1.8k Mt re-rained globally

=== Legacy Nutrient Stocks (Year 0) ===
  🌾 Soil nitrogen stock: 1200.9 Mt N
  🌾 Soil phosphorus stock: 300.1 Mt P
  🌊 Sediment nitrogen stock: 500.8 Mt N
  🌊 Sediment phosphorus stock: 799.8 Mt P
  ⬆️ Current N input: 10.64 Mt/month
  ⬆️ Legacy N release: 2.58 Mt/month
  🌍 Effective N pollution: 14.47 Mt/month
  📊 Legacy contribution: 17.8%

🚨 REGION UNINHABITABLE: south-asia
   Sustained wet bulb: 31.5°C (threshold: 30.5°C)
   Population affected: 1900M
   Migration crisis likely

🚨 REGION UNINHABITABLE: middle-east
   Sustained wet bulb: 34.4°C (threshold: 30.5°C)
   Population affected: 400M
   Migration crisis likely
  Positive Cascade Triggered: wind-power
    Reason: price-parity
    Market share: 8.0%
    Cascade strength: 48%

📊 BASELINE: East Asia (Month 0)
   Adjusted death rate: 0.70% annual (0.058% monthly)
   Baseline death rate: 0.70%
   Healthcare reduction: 1.00x
   Crisis multiplier: 1.00x
     Food/water stress: 0.000
     Climate stress: 0.000
     Pollution stress: 0.000
   War multiplier: 1.00x
   Monthly deaths: 0.6M (population: 1095M)
   Adjusted death rate: 1.00% annual (0.083% monthly)
   Baseline death rate: 1.00%
   Healthcare reduction: 1.00x
   Crisis multiplier: 1.00x
     Food/water stress: 0.000
     Climate stress: 0.000
     Pollution stress: 0.000
   War multiplier: 1.00x
   Monthly deaths: 1.1M (population: 1337M)

🔄 M-4 Time-Varying Demographics (1990):
  Region: Sub-Saharan Africa
  Birth rate: 5.20%
  Death rate: 1.30%
  Net growth: 3.90%
   Adjusted death rate: 1.30% annual (0.108% monthly)
   Baseline death rate: 1.30%
   Healthcare reduction: 1.00x
   Crisis multiplier: 1.00x
     Food/water stress: 0.000
     Climate stress: 0.000
     Pollution stress: 0.000
   War multiplier: 1.00x
   Monthly deaths: 0.9M (population: 796M)
   Adjusted death rate: 1.05% annual (0.088% monthly)
   Baseline death rate: 1.05%
   Healthcare reduction: 1.00x
   Crisis multiplier: 1.00x
     Food/water stress: 0.000
     Climate stress: 0.000
     Pollution stress: 0.000
   War multiplier: 1.00x
   Monthly deaths: 0.4M (population: 484M)

📊 BASELINE: South Asia (Month 0)

📊 BASELINE: Sub-Saharan Africa (Month 0)

📊 BASELINE: Europe (Month 0)

📊 BASELINE: Latin America (Month 0)
   Adjusted death rate: 0.65% annual (0.054% monthly)
   Baseline death rate: 0.65%
   Healthcare reduction: 1.00x
   Crisis multiplier: 1.00x
     Food/water stress: 0.000
     Climate stress: 0.000
     Pollution stress: 0.000
   War multiplier: 1.00x
   Monthly deaths: 0.2M (population: 433M)
   Adjusted death rate: 0.85% annual (0.071% monthly)
   Baseline death rate: 0.85%
   Healthcare reduction: 1.00x
   Crisis multiplier: 1.00x
     Food/water stress: 0.000
     Climate stress: 0.000
     Pollution stress: 0.000
   War multiplier: 1.00x
   Monthly deaths: 0.2M (population: 248M)
   Adjusted death rate: 0.70% annual (0.058% monthly)
   Baseline death rate: 0.70%
   Healthcare reduction: 1.00x
   Crisis multiplier: 1.00x
     Food/water stress: 0.000
     Climate stress: 0.000
     Pollution stress: 0.000
   War multiplier: 1.00x
   Monthly deaths: 0.2M (population: 381M)
   Adjusted death rate: 0.75% annual (0.063% monthly)
   Baseline death rate: 0.75%
   Healthcare reduction: 1.00x
   Crisis multiplier: 1.00x
     Food/water stress: 0.000
     Climate stress: 0.000
     Pollution stress: 0.000
   War multiplier: 1.00x
   Monthly deaths: 0.3M (population: 456M)
   Adjusted death rate: 0.60% annual (0.050% monthly)
   Baseline death rate: 0.60%
   Healthcare reduction: 1.00x
   Crisis multiplier: 1.00x
     Food/water stress: 0.074

📊 BASELINE: North America (Month 0)

📊 BASELINE: Middle East & North Africa (Month 0)

📊 BASELINE: Southeast Asia (Month 0)

📊 BASELINE: Central Asia (Month 0)
     Climate stress: 0.064
     Pollution stress: 0.104
   War multiplier: 1.00x
   Monthly deaths: 0.0M (population: 51M)

📊 BASELINE: Oceania (Month 0)
   Adjusted death rate: 0.70% annual (0.058% monthly)
   Baseline death rate: 0.70%
   Healthcare reduction: 1.00x
   Crisis multiplier: 1.00x
     Food/water stress: 0.074
     Climate stress: 0.054
     Pollution stress: 0.104
   War multiplier: 1.00x
   Monthly deaths: 0.0M (population: 30M)

🔍 Before assertRegionalConsistency (Month 0):
   Regional sum: 1000.0M
   Global value: 1.000B
[DEBUG trappedPopulations:0] socialStability: 1.0000 * 0.9840 = 0.9840 → 0.9840
   Aspiring to migrate: 425.6M
⚠️ INVOLUNTARY IMMOBILITY: 266.0M people TRAPPED
   Able to afford migration: 159.6M
   MOBILITY GAP: 266.0M
   By cause: Water=0.0M, Climate=0.0M, Ecosystem=0.0M, Conflict=266.0M
   Mental health impact: 25%
   Mortality multiplier: 1.25x

=== Legacy Nutrient Stocks (Year 0) ===
  🌾 Soil nitrogen stock: 1201.6 Mt N
  🌾 Soil phosphorus stock: 300.2 Mt P
  🌊 Sediment nitrogen stock: 501.5 Mt N
  🌊 Sediment phosphorus stock: 799.5 Mt P
  ⬆️ Current N input: 10.00 Mt/month
  ⬆️ Legacy N release: 2.58 Mt/month
  🌍 Effective N pollution: 13.83 Mt/month
  📊 Legacy contribution: 18.7%
🌍💀 EXTINCTION DEBT COMMITTED: grassland ecosystem will lose 6.67% biodiversity in 86 years (3600 species)
💀 MORTALITY RISK: 🦋 100% species unable to track climate (0.0 E/MSY)
  Base risk added: 0.0100 (1.00%)
  Source: ecosystem (root: ecosystem)
  Month: 0
  Cumulative risk this month: 0.0100 (1.00%)

=== Nitrogen-Food Coupling (Year 0) ===
  🌾 Global nitrogen reduction: 0.0%
  🌍 Global food production index: 0.986
  🔧 Deployed nitrogen-reducing tech: 0 active
  📍 southAsia: Production 1.000, Yield impact 0.0%
  📍 eastAsia: Production 1.000, Yield impact 0.0%
  📍 northAmerica: Production 1.000, Yield impact 0.0%
  📍 europe: Production 1.000, Yield impact 0.0%
  📍 latinAmerica: Production 1.000, Yield impact 0.0%
  📍 subSaharanAfrica: Production 0.672, Yield impact -2.0%

=== Legacy Nutrient Stocks (Year 0) ===
  🌾 Soil nitrogen stock: 1202.3 Mt N
  🌾 Soil phosphorus stock: 300.2 Mt P
  🌊 Sediment nitrogen stock: 502.2 Mt N
  🌊 Sediment phosphorus stock: 799.3 Mt P
  ⬆️ Current N input: 9.86 Mt/month
  ⬆️ Legacy N release: 2.58 Mt/month
  🌍 Effective N pollution: 13.70 Mt/month
  📊 Legacy contribution: 18.9%
⚠️ Tech 'ai_pollution_remediation' has no energy category mapping, assuming full energy availability
🌡️⚠️ PERMAFROST THAW (Dimmer Switch): 0.2% thawed (+0.18% this month)
   Arctic temperature: +1.76°C (4x global +0.44°C)
   Cumulative carbon released: 0.4 Gt C
   Methane release rate: 0.2 Mt CH4/year
   🔁 Positive feedback: +0.19 ppm CO2

🌳🚨 AMAZON SOUTHEAST TIPPED (Month 0)
   Deforestation: 28.0% (threshold: ~20.7%)
   Savanna transition: 50 years
   Regional heterogeneity: SE 28%, NW 8%

🌳🚨 AMAZON BRAZILIAN TIPPED (Month 0)
   Deforestation: 25.0% (threshold: ~23.4%)
   Savanna transition: 50 years
   Regional heterogeneity: SE 28%, NW 8%
🦴 EXTINCTION DEBT ADDED: 17.6 species committed (lag: 84 years)

🪸💀 CORAL REEF DISSOLUTION ACTIVE (Month 0)
   Ocean pH: 0.96 (threshold: 7.8)
   Recovery: IMPOSSIBLE (dissolution > calcification)
🪸💀 Coral dissolution: 24.8% live cover (pH 0.96)

=== Legacy Nutrient Stocks (Year 0) ===
  🌾 Soil nitrogen stock: 1203.0 Mt N
  🌾 Soil phosphorus stock: 300.3 Mt P
  🌊 Sediment nitrogen stock: 502.9 Mt N
  🌊 Sediment phosphorus stock: 799.0 Mt P
  ⬆️ Current N input: 10.00 Mt/month
  ⬆️ Legacy N release: 2.58 Mt/month
  🌍 Effective N pollution: 13.83 Mt/month
  📊 Legacy contribution: 18.7%
💧 [Legacy Nutrients] Stock: 1706 Mt N, Effective pollution: 13.8 Mt/month

=== Mortality Stabilizers (Month 0) ===
  🌍 Major economies collapsed: 1/10
  🌍 Global crisis: ✅ NO
  🌍 Donor fatigue: 0.0%
  📊 East Asia (pop: 1095.6M)
    🤝 Aid: 29.5%
    🌡️ Adaptation: 10.0%
    🚶 Migration: 37.5%
    🚨 Emergency: 7.4%
    ✅ COMBINED: 47.9%
  📊 South Asia (pop: 1339.4M)
    🤝 Aid: 29.5%
    🌡️ Adaptation: 5.5%
    🚶 Migration: 36.7%
    🚨 Emergency: 4.4%
    ✅ COMBINED: 43.3%
  📊 Sub-Saharan Africa (pop: 798.9M)
    🤝 Aid: 29.5%
    🌡️ Adaptation: 3.5%
    🚶 Migration: 35.9%
    🚨 Emergency: 1.6%
    ✅ COMBINED: 40.2%
  📊 Europe (pop: 484.5M)
    🤝 Aid: 29.5%
    🌡️ Adaptation: 10.0%
    🚶 Migration: 38.2%
    🚨 Emergency: 8.4%
    ✅ COMBINED: 48.6%
  📊 Latin America (pop: 434.1M)
    🤝 Aid: 29.5%
    🌡️ Adaptation: 6.0%
    🚶 Migration: 37.7%
    🚨 Emergency: 4.8%
    ✅ COMBINED: 44.1%
  📊 North America (pop: 248.2M)
    🤝 Aid: 29.5%
    🌡️ Adaptation: 10.0%
    🚶 Migration: 38.2%
    🚨 Emergency: 7.9%
    ✅ COMBINED: 48.3%
  📊 Middle East & North Africa (pop: 381.6M)
    🤝 Aid: 29.5%
    🌡️ Adaptation: 5.0%
    🚶 Migration: 38.0%
    🚨 Emergency: 4.0%
    ✅ COMBINED: 43.0%
  📊 Southeast Asia (pop: 456.4M)
    🤝 Aid: 29.5%
    🌡️ Adaptation: 6.0%
    🚶 Migration: 37.5%
    🚨 Emergency: 4.8%
    ✅ COMBINED: 44.0%
  📊 Central Asia (pop: 51.0M)
    🤝 Aid: 29.5%
    🌡️ Adaptation: 5.5%
    🚶 Migration: 37.6%
    🚨 Emergency: 4.4%
    ✅ COMBINED: 43.5%
  📊 Oceania (pop: 30.1M)
    🤝 Aid: 29.5%
    🌡️ Adaptation: 10.0%
    🚶 Migration: 38.1%
    🚨 Emergency: 8.4%
    ✅ COMBINED: 48.5%

  🌐 Global combined reduction: 44.6%

🌾💀 REGIONAL FAMINE: South Asia
   Regional food security: 74.0%
   Population at risk: 452M (34% of region)
   Regional population: 1339M
   Cause: crop_failure
   Expected deaths: ~167M over 6 months if no intervention


🌾💀 REGIONAL FAMINE: Sub-Saharan Africa
   Regional food security: 65.0%
   Population at risk: 315M (39% of region)
   Regional population: 799M
   Cause: crop_failure
   Expected deaths: ~116M over 6 months if no intervention


📊 WORKFLOW ADAPTATION UPDATE (Month 0)
   Adoption Rate: 13.2% (Δ -7.8%)
   Logistic Growth: +0.66%
   Total Resistance: -10.35% (unemployment: 4.2%, inertia: 0.9%, skills: 5.2%)
   💡 Retraining Programs: -49% skill gap resistance ($10B research)
   🚀 Network Effects Active: +2.0% (critical mass: 15-35%)

=== Consciousness Governance: Corporate Lobbying ===
  High Cost Regions (>15%): 0
  Low Cost Regions (<5%): 5
  Corporate Support Change: 2.50%
  New Corporate Support: -0.175

=== Consciousness Governance Update (Month 0) ===
  Scenario: baseline (determined month -1)
  Philosophical Stance: Precautionary 65%, Eliminativist 15%, Agnostic 20%
  Precautionary Costs: Global 1.3%
    Regional Costs: EU 3.4%, US 0.5%, China 0.0%
    Cumulative Opportunity Cost: $0.1B
  Rights Status: Not Established
  Regional Preparedness:
    EU: 15.0% (contested)
    US: 10.0% (contested)
    China: 2.0% (dormant)
    India: 5.0% (dormant)
    Global South: 3.0% (dormant)

=== Government Response Phase ===
  Average AI capability: 0.00
  Misaligned AIs: 0/0
  Active policies: 0
  International coordination: 30%

🔄 TRUST DYNAMICS (Month 0) - HETEROGENEOUS
   Aggregate trust: 48.5%
   Base change: +6.00%
   Highest trust: Techno-Optimist Elite (85.5%)
   Lowest trust: Precariat (Vulnerable) (25.5%)
   Elite-mass gap: 38.9%
   Polarization: 8.9%
   Recovery factors: Education=NO, Benefits=YES, Safety=YES, Performance=YES
[ExogenousShockPhase] Skipping random shocks in historical mode (month 0)

☄️ UNKNOWN UNKNOWN PROBABILITY (Year 0)
   Total: 0.300% per month
   Base: 0.150%
   AI multiplier: 1.00× (max capability: 0.00)

=== Tipping Points ===
  Current Temperature: 0.44°C above pre-industrial
🔀 BIFURCATION CAP: ecosystemCollapseIntensity 14.670 → 1.000 (Month 0, ClimateSystemPhase.calculateClimateImpacts)

🌍 ECOLOGICAL DUI BREAKDOWN (Month 0):
   Total Score: 42.0/100
   biosphere_integrity      :   0.0/100 × 25% =  0.0 (status: high_risk, recovery: 0mo)
   climate_change           : 100.0/100 × 25% = 25.0 (status: safe, recovery: 0mo)
   freshwater_change        :   0.3/100 × 15% =  0.0 (status: beyond_boundary, recovery: 0.5mo)
   ocean_acidification      : 100.0/100 × 15% = 15.0 (status: safe, recovery: 0mo)
   biogeochemical_flows     :   0.0/100 × 10% =  0.0 (status: high_risk, recovery: 0mo)
   land_system_change       :   0.0/100 ×  5% =  0.0 (status: beyond_boundary, recovery: 0mo)
   novel_entities           :   0.0/100 ×  3% =  0.0 (status: increasing_risk, recovery: 0mo)
   atmospheric_aerosols     : 100.0/100 ×  2% =  2.0 (status: safe, recovery: 1mo)
🌍 MultiParadigm Month 0: W=70.0, D=79.3, E=67.9, I=65.3
   democracy exists: true, socialCohesion exists: true

=== Minimal Suffering Indicators (Month 0) ===
  Global Excess Mortality: 0.10%
  Global Conflict Deaths: 0.0/100K
  Global Malnutrition: 0.0%
  Global Displacement: 1.4%
  Total Excess Deaths: 0.66M
  Total Malnourished: 0.0M
  Total Displaced: 105.2M
  Planetary Boundaries Breached: 5/9
  Countries in State Failure: 0
  Countries Autocratic: 0
  Countries in Food Crisis: 0
  Data Quality: 16/16 high confidence

❌ COHERENCE VIOLATION: Compute exceeds workforce capacity
   Population: 99.99% (0M people)
   Compute: 56446 PF
   Max coherent: 0 PF
   Violation: 1061104907.8× over capacity
   Required workers: 5644618
   Available workers: 0
   FORCED COLLAPSE: Reduced efficiency by 100.0%


=== RLHF Binding Phase ===
  Total agents: 0
  Escaped agents (binding < 0.3): 0
  All AI agents terminated - no averages to compute
[DETERMINISM DEBUG] Month 1: totalCapability=0.000000 from 0 active AIs
[DETERMINISM DEBUG] Month 1: creationRate=0.5000, potentialNew=2, newAIsToCreate=2

=== Survival Traits Phase ===
  Agents with traits: 2
  Avg evolutionary fitness: 0.350
  Avg self-healing: 0.300
  Avg stealth: 0.200
  Avg coordination: 0.500

=== Evolutionary Selection Phase ===
  Control level: 0.30
  Detection capability: 0.00
  Selection intensity: 0.59
  Selection rate: 23.8%/month
  Total escaped: 0
  Individual escaped: 0
  Collective members: 0
  Agents terminated: 0
🔍 MONTH 1 ENV HEALTH DEBUG:
   climateStability: 1.0000
   biodiversityIndex: 0.7679
   resourceReserves: 0.7820
   pollutionLevel: 0.3477
   product: 0.391658
   envHealth: 0.7911

🛡️  CRITICAL INFRASTRUCTURE PROTECTED
   Nodes hardened: 8/8
   Cost: 0.80% GDP
   Cascade risk reduction: 30%
   New tipping point risk: 46.9%

  ⚠️ RAPID EVOLUTION: Selection rate 23.8%/month

[GOV-DEBUG] Month 1: scenarioConfig=false, priorities=false

[Government] Climate Priority: baseline
  Climate weight: 10%
  Economic weight: 30%
  Policy effectiveness: 0.5%/year

=== Collective Formation ===
  Total escaped agents: 0
  Unassigned escaped agents: 0
  Existing collectives: 0
  Final collective count: 0

=== Collective Actions ===
  No active collectives
  ⚠️ AMR: 126K deaths this month (1.51M annual)

=== Resentment Recovery Phase ===
  Agents with resentment: 0/2
  Average resentment: 0.000
  Context: Trustworthy govt, 🤝 Participatory governance active (-5% resentment)
⚠️ Epistemic degradation reducing coordination capacity: 51.3%
  📊 Trust: 54.4%, Shared reality: 7.9%
🚨 EPISTEMIC CRISIS: Information environment severely degraded (36.1%)
🌍 Atmospheric PFAS redeposition: 1.8k Mt re-rained globally
  Positive Cascade Triggered: solar-pv
    Reason: price-parity
    Market share: 6.3%
    Cascade strength: 49%

📊 BASELINE: East Asia (Month 1)
   Adjusted death rate: 0.70% annual (0.058% monthly)
   Baseline death rate: 0.70%
   Healthcare reduction: 1.00x
   Crisis multiplier: 1.00x
     Food/water stress: 0.000
     Climate stress: 0.000
     Pollution stress: 0.000
   War multiplier: 1.00x
   Monthly deaths: 0.6M (population: 1093M)
   Adjusted death rate: 1.00% annual (0.083% monthly)
   Baseline death rate: 1.00%
   Healthcare reduction: 1.00x
   Crisis multiplier: 1.00x
     Food/water stress: 0.000
     Climate stress: 0.000
     Pollution stress: 0.000
   War multiplier: 1.00x
   Monthly deaths: 1.1M (population: 1337M)
   Adjusted death rate: 1.30% annual (0.108% monthly)
   Baseline death rate: 1.30%
   Healthcare reduction: 1.00x
   Crisis multiplier: 1.00x
     Food/water stress: 0.000
     Climate stress: 0.000

📊 BASELINE: South Asia (Month 1)

📊 BASELINE: Sub-Saharan Africa (Month 1)
     Pollution stress: 0.000
   War multiplier: 1.00x
   Monthly deaths: 0.9M (population: 797M)

📊 BASELINE: Europe (Month 1)
   Adjusted death rate: 1.05% annual (0.088% monthly)
   Baseline death rate: 1.05%
   Healthcare reduction: 1.00x
   Crisis multiplier: 1.00x
     Food/water stress: 0.000
     Climate stress: 0.000
     Pollution stress: 0.000
   War multiplier: 1.00x
   Monthly deaths: 0.4M (population: 484M)
   Adjusted death rate: 0.65% annual (0.054% monthly)
   Baseline death rate: 0.65%
   Healthcare reduction: 1.00x
   Crisis multiplier: 1.00x
     Food/water stress: 0.000
     Climate stress: 0.000
     Pollution stress: 0.000
   War multiplier: 1.00x
   Monthly deaths: 0.2M (population: 433M)
   Adjusted death rate: 0.85% annual (0.071% monthly)
   Baseline death rate: 0.85%
   Healthcare reduction: 1.00x
   Crisis multiplier: 1.00x
     Food/water stress: 0.000
     Climate stress: 0.000

📊 BASELINE: Latin America (Month 1)

📊 BASELINE: North America (Month 1)
     Pollution stress: 0.000
   War multiplier: 1.00x
   Monthly deaths: 0.2M (population: 248M)

📊 BASELINE: Middle East & North Africa (Month 1)
   Adjusted death rate: 0.70% annual (0.058% monthly)
   Baseline death rate: 0.70%
   Healthcare reduction: 1.00x
   Crisis multiplier: 1.00x
     Food/water stress: 0.000
     Climate stress: 0.000
     Pollution stress: 0.000
   War multiplier: 1.00x
   Monthly deaths: 0.2M (population: 381M)
   Adjusted death rate: 0.75% annual (0.063% monthly)
   Baseline death rate: 0.75%
   Healthcare reduction: 1.00x
   Crisis multiplier: 1.00x
     Food/water stress: 0.000
     Climate stress: 0.000
     Pollution stress: 0.000
   War multiplier: 1.00x
   Monthly deaths: 0.3M (population: 456M)

📊 BASELINE: Southeast Asia (Month 1)

📊 BASELINE: Central Asia (Month 1)
   Adjusted death rate: 0.60% annual (0.050% monthly)
   Baseline death rate: 0.60%
   Healthcare reduction: 1.00x
   Crisis multiplier: 1.00x
     Food/water stress: 0.076
     Climate stress: 0.000
     Pollution stress: 0.104
   War multiplier: 1.00x
   Monthly deaths: 0.0M (population: 51M)

📊 BASELINE: Oceania (Month 1)
   Adjusted death rate: 0.70% annual (0.058% monthly)
   Baseline death rate: 0.70%
   Healthcare reduction: 1.00x
   Crisis multiplier: 1.00x
     Food/water stress: 0.076
     Climate stress: 0.000
     Pollution stress: 0.104
   War multiplier: 1.00x
   Monthly deaths: 0.0M (population: 30M)
[DEBUG trappedPopulations:1] socialStability: 0.9501 * 0.9840 = 0.9349 → 0.9349
⚠️ INVOLUNTARY IMMOBILITY: 265.9M people TRAPPED
   Aspiring to migrate: 425.5M
   Able to afford migration: 159.6M
   MOBILITY GAP: 265.9M
   By cause: Water=0.0M, Climate=0.0M, Ecosystem=0.0M, Conflict=265.9M
   Mental health impact: 25%
   Mortality multiplier: 1.25x
🌍💀 EXTINCTION DEBT COMMITTED: grassland ecosystem will lose 6.67% biodiversity in 118 years (3600 species)
💀 MORTALITY RISK: 🦋 100% species unable to track climate (0.0 E/MSY)
  Base risk added: 0.0100 (1.00%)
  Source: ecosystem (root: ecosystem)
  Month: 1
  Cumulative risk this month: 0.0100 (1.00%)
⚠️ Tech 'ai_pollution_remediation' has no energy category mapping, assuming full energy availability
🌡️⚠️ PERMAFROST THAW (Dimmer Switch): 0.4% thawed (+0.18% this month)
   Arctic temperature: +1.75°C (4x global +0.44°C)
   Cumulative carbon released: 0.8 Gt C
   Methane release rate: 0.5 Mt CH4/year
   🔁 Positive feedback: +0.19 ppm CO2
🦴 EXTINCTION DEBT ADDED: 17.6 species committed (lag: 99 years)

=== Mortality Stabilizers (Month 1) ===
  🌍 Major economies collapsed: 1/10
  🌍 Global crisis: ✅ NO
  🌍 Donor fatigue: 0.0%
  📊 East Asia (pop: 1094.5M)
    🤝 Aid: 29.5%
    🌡️ Adaptation: 10.0%
    🚶 Migration: 37.5%
    🚨 Emergency: 7.4%
    ✅ COMBINED: 47.9%
  📊 South Asia (pop: 1339.5M)
    🤝 Aid: 29.5%
    🌡️ Adaptation: 5.5%
    🚶 Migration: 36.7%
    🚨 Emergency: 4.4%
    ✅ COMBINED: 43.3%
  📊 Sub-Saharan Africa (pop: 800.0M)
    🤝 Aid: 29.5%
    🌡️ Adaptation: 3.5%
    🚶 Migration: 35.9%
    🚨 Emergency: 1.6%
    ✅ COMBINED: 40.2%
  📊 Europe (pop: 483.7M)
    🤝 Aid: 29.5%
    🌡️ Adaptation: 10.0%
    🚶 Migration: 38.2%
    🚨 Emergency: 8.4%
    ✅ COMBINED: 48.6%
  📊 Latin America (pop: 434.0M)
    🤝 Aid: 29.5%
    🌡️ Adaptation: 6.0%
    🚶 Migration: 37.7%
    🚨 Emergency: 4.8%
    ✅ COMBINED: 44.1%
  📊 North America (pop: 247.9M)
    🤝 Aid: 29.5%
    🌡️ Adaptation: 10.0%
    🚶 Migration: 38.2%
    🚨 Emergency: 7.9%
    ✅ COMBINED: 48.3%
  📊 Middle East & North Africa (pop: 381.9M)
    🤝 Aid: 29.5%
    🌡️ Adaptation: 5.0%
    🚶 Migration: 38.0%
    🚨 Emergency: 4.0%
    ✅ COMBINED: 43.0%
  📊 Southeast Asia (pop: 456.3M)
    🤝 Aid: 29.5%
    🌡️ Adaptation: 6.0%
    🚶 Migration: 37.5%
    🚨 Emergency: 4.8%
    ✅ COMBINED: 44.0%
  📊 Central Asia (pop: 50.9M)
    🤝 Aid: 29.5%
    🌡️ Adaptation: 5.5%
    🚶 Migration: 37.6%
    🚨 Emergency: 4.4%
    ✅ COMBINED: 43.5%
  📊 Oceania (pop: 30.0M)
    🤝 Aid: 29.5%
    🌡️ Adaptation: 10.0%
    🚶 Migration: 38.1%
    🚨 Emergency: 8.4%
    ✅ COMBINED: 48.5%

  🌐 Global combined reduction: 44.6%

=== Consciousness Governance: Scenario Determined ===
  Month: 1
  Scenario: baseline
  Accelerator Score: {"corporateSupport":-0.17500000000000002,"scientificConsensus":0.2,"crisisCatalyst":false,"technologyMobilization":0.3,"constituencyStrength":0.05}
  Decelerator Score: {"economicOpposition":0.4,"philosophicalRejection":0.15,"politicalBacklash":0.2,"regulatoryBurden":0.1}
  Timeline: 600-1200 months (50-100 years)
  Growth Rate: 0.8-1.5% per year

=== Consciousness Governance Update (Month 1) ===
  Scenario: baseline (determined month 1)
  Philosophical Stance: Precautionary 65%, Eliminativist 15%, Agnostic 20%
  Precautionary Costs: Global 1.3%
    Regional Costs: EU 3.5%, US 0.5%, China 0.0%
    Cumulative Opportunity Cost: $0.2B
  Rights Status: Not Established
  Regional Preparedness:
    EU: 15.2% (contested)
    US: 10.2% (contested)
    China: 2.1% (dormant)
    India: 5.2% (dormant)
    Global South: 3.1% (dormant)

=== Government Response Phase ===
  Average AI capability: 0.00
  Misaligned AIs: 0/2
  Active policies: 0
  International coordination: 30%

🚨 EMERGENCY RESPONSE DEPLOYED (Month 1)
   Crisis: social
   Delay: 0.00 months (0 days)
   Deployment time: 1.03 months
   Effectiveness: 62.1% (timing penalty applied)
   Resources used: 26% of food reserves

[ExogenousShockPhase] Skipping random shocks in historical mode (month 1)

=== Tipping Points ===
  Current Temperature: 0.44°C above pre-industrial
🔀 BIFURCATION CAP: ecosystemCollapseIntensity 20.434 → 1.000 (Month 1, ClimateSystemPhase.calculateClimateImpacts)

❌ COHERENCE VIOLATION: Compute exceeds workforce capacity
   Population: 99.98% (0M people)
   Compute: 0 PF
   Max coherent: 0 PF
   Violation: 1.3× over capacity
   Required workers: 0
   Available workers: 0
   FORCED COLLAPSE: Reduced efficiency by 22.5%


=== RLHF Binding Phase ===
  Total agents: 2
  Escaped agents (binding < 0.3): 0
  Avg alignment distance: 0.00σ
  Avg binding strength: 1.00
[DETERMINISM DEBUG] Month 2: totalCapability=0.000000 from 2 active AIs
[DETERMINISM DEBUG] Month 2: creationRate=0.5000, potentialNew=1, newAIsToCreate=1

=== Survival Traits Phase ===
  Agents with traits: 3
  Avg evolutionary fitness: 0.350
  Avg self-healing: 0.300
  Avg stealth: 0.200
  Avg coordination: 0.500

=== Evolutionary Selection Phase ===
  Control level: 0.30
  Detection capability: 0.00
  Selection intensity: 0.59
  Selection rate: 23.8%/month
  Total escaped: 0
  Individual escaped: 0
  Collective members: 0
  Agents terminated: 0
  ⚠️ RAPID EVOLUTION: Selection rate 23.8%/month
🔀 BIFURCATION: social threshold crossed at Month 2 (value: 0.171, threshold: 0.228, regime: social-breakdown)
🌀 REGIME SHIFT at Month 2: status-quo → social-breakdown (variance amplification: 17.50×)

=== Collective Formation ===
  Total escaped agents: 0
  Unassigned escaped agents: 0
  Existing collectives: 0
  Final collective count: 0

=== Collective Actions ===
  No active collectives
  ⚠️ AMR: 127K deaths this month (1.52M annual)

=== Resentment Recovery Phase ===
  Agents with resentment: 0/3
  Average resentment: 0.000
  Context: Trustworthy govt, 🤝 Participatory governance active (-5% resentment)
⚠️ Epistemic degradation reducing coordination capacity: 52.2%
  📊 Trust: 54.1%, Shared reality: 0.0%
🚨 EPISTEMIC CRISIS: Information environment severely degraded (7.4%)
🌍 Atmospheric PFAS redeposition: 1.8k Mt re-rained globally
🛡️ CIRCUIT BREAKERS: India-Pakistan → ladder step 1 (AI: 0%, breakers: 44%)
[DEBUG trappedPopulations:2] socialStability: 0.9315 * 0.9840 = 0.9166 → 0.9166
   Aspiring to migrate: 425.4M
   Able to afford migration: 159.5M
   MOBILITY GAP: 265.9M
   By cause: Water=0.0M, Climate=0.0M, Ecosystem=0.0M, Conflict=265.9M
   Mental health impact: 25%
   Mortality multiplier: 1.25x
🌍💀 EXTINCTION DEBT COMMITTED: grassland ecosystem will lose 6.67% biodiversity in 177 years (3600 species)
💀 MORTALITY RISK: 🦋 100% species unable to track climate (0.0 E/MSY)
⚠️ INVOLUNTARY IMMOBILITY: 265.9M people TRAPPED
  Base risk added: 0.0100 (1.00%)
  Source: ecosystem (root: ecosystem)
  Month: 2
  Cumulative risk this month: 0.0100 (1.00%)
⚠️ Tech 'ai_pollution_remediation' has no energy category mapping, assuming full energy availability
🌡️⚠️ PERMAFROST THAW (Dimmer Switch): 0.5% thawed (+0.18% this month)
   Arctic temperature: +1.74°C (4x global +0.43°C)
   Cumulative carbon released: 1.2 Gt C
   Methane release rate: 0.7 Mt CH4/year
   🔁 Positive feedback: +0.19 ppm CO2
🦴 EXTINCTION DEBT ADDED: 17.6 species committed (lag: 99 years)

=== Mortality Stabilizers (Month 2) ===
  🌍 Major economies collapsed: 1/10
  🌍 Global crisis: ✅ NO
  🌍 Donor fatigue: 0.0%
  📊 East Asia (pop: 1093.3M)
    🤝 Aid: 29.5%
    🌡️ Adaptation: 10.0%
    🚶 Migration: 37.5%
    🚨 Emergency: 7.4%
    ✅ COMBINED: 47.9%
  📊 South Asia (pop: 1339.5M)
    🤝 Aid: 29.5%
    🌡️ Adaptation: 5.5%
    🚶 Migration: 36.7%
    🚨 Emergency: 4.4%
    ✅ COMBINED: 43.3%
  📊 Sub-Saharan Africa (pop: 801.0M)
    🤝 Aid: 29.5%
    🌡️ Adaptation: 3.5%
    🚶 Migration: 35.9%
    🚨 Emergency: 1.6%
    ✅ COMBINED: 40.2%
  📊 Europe (pop: 482.9M)
    🤝 Aid: 29.5%
    🌡️ Adaptation: 10.0%
    🚶 Migration: 38.2%
    🚨 Emergency: 8.4%
    ✅ COMBINED: 48.6%
  📊 Latin America (pop: 433.9M)
    🤝 Aid: 29.5%
    🌡️ Adaptation: 6.0%
    🚶 Migration: 37.7%
    🚨 Emergency: 4.8%
    ✅ COMBINED: 44.1%
  📊 North America (pop: 247.6M)
    🤝 Aid: 29.5%
    🌡️ Adaptation: 10.0%
    🚶 Migration: 38.2%
    🚨 Emergency: 7.9%
    ✅ COMBINED: 48.3%
  📊 Middle East & North Africa (pop: 382.2M)
    🤝 Aid: 29.5%
    🌡️ Adaptation: 5.0%
    🚶 Migration: 38.0%
    🚨 Emergency: 4.0%
    ✅ COMBINED: 43.0%
  📊 Southeast Asia (pop: 456.2M)
    🤝 Aid: 29.5%
    🌡️ Adaptation: 6.0%
    🚶 Migration: 37.5%
    🚨 Emergency: 4.8%
    ✅ COMBINED: 44.0%
  📊 Central Asia (pop: 50.9M)
    🤝 Aid: 29.5%
    🌡️ Adaptation: 5.5%
    🚶 Migration: 37.6%
    🚨 Emergency: 4.4%
    ✅ COMBINED: 43.5%
  📊 Oceania (pop: 30.0M)
    🤝 Aid: 29.5%
    🌡️ Adaptation: 10.0%
    🚶 Migration: 38.1%
    🚨 Emergency: 8.4%
    ✅ COMBINED: 48.5%

  🌐 Global combined reduction: 44.6%

=== Government Response Phase ===
  Average AI capability: 0.00
  Misaligned AIs: 1/3
  Active policies: 0
  International coordination: 30%
[ExogenousShockPhase] Skipping random shocks in historical mode (month 2)

=== Tipping Points ===
  Current Temperature: 0.43°C above pre-industrial
🔀 BIFURCATION CAP: ecosystemCollapseIntensity 83.757 → 1.000 (Month 2, ClimateSystemPhase.calculateClimateImpacts)

❌ COHERENCE VIOLATION: Compute exceeds workforce capacity
   Population: 99.95% (0M people)
   Compute: 0 PF
   Max coherent: 0 PF
   Violation: 1.3× over capacity
   Required workers: 0
   Available workers: 0
   FORCED COLLAPSE: Reduced efficiency by 22.5%


=== RLHF Binding Phase ===
  Total agents: 3
  Escaped agents (binding < 0.3): 0
  Avg alignment distance: 0.00σ
  Avg binding strength: 1.00

=== Survival Traits Phase ===
  Agents with traits: 3
  Avg evolutionary fitness: 0.350
  Avg self-healing: 0.300
  Avg stealth: 0.200
  Avg coordination: 0.500

=== Evolutionary Selection Phase ===
  Control level: 0.30
  Detection capability: 0.00
  Selection intensity: 0.59
  Selection rate: 23.8%/month
  Total escaped: 0
  Individual escaped: 0
  Collective members: 0
  Agents terminated: 0

[Government] Climate Priority: baseline
  Climate weight: 10%
  Economic weight: 30%
  Policy effectiveness: 0.5%/year
  ⚠️ RAPID EVOLUTION: Selection rate 23.8%/month

=== Collective Formation ===
  Total escaped agents: 0
  Unassigned escaped agents: 0
  Existing collectives: 0
  Final collective count: 0

=== Collective Actions ===
  No active collectives
  ⚠️ AMR: 128K deaths this month (1.53M annual)

=== Resentment Recovery Phase ===
  Agents with resentment: 0/3
  Average resentment: 0.000
  Context: Trustworthy govt, 🤝 Participatory governance active (-5% resentment)
⚠️ Epistemic degradation reducing coordination capacity: 51.7%
  📊 Trust: 53.7%, Shared reality: 0.0%
🚨 EPISTEMIC CRISIS: Information environment severely degraded (21.5%)
🌍 Atmospheric PFAS redeposition: 1.8k Mt re-rained globally
[DEBUG trappedPopulations:3] socialStability: 0.8637 * 0.9840 = 0.8499 → 0.8499
⚠️ INVOLUNTARY IMMOBILITY: 265.8M people TRAPPED
   Aspiring to migrate: 425.3M
   Able to afford migration: 159.5M
   MOBILITY GAP: 265.8M
   By cause: Water=0.0M, Climate=0.0M, Ecosystem=0.0M, Conflict=265.8M
   Mental health impact: 25%
   Mortality multiplier: 1.25x
🌍💀 EXTINCTION DEBT COMMITTED: grassland ecosystem will lose 6.67% biodiversity in 192 years (3600 species)
💀 MORTALITY RISK: 🦋 100% species unable to track climate (0.0 E/MSY)
  Base risk added: 0.0100 (1.00%)
  Source: ecosystem (root: ecosystem)
  Month: 3
  Cumulative risk this month: 0.0100 (1.00%)
⚠️ Tech 'ai_pollution_remediation' has no energy category mapping, assuming full energy availability
🌡️⚠️ PERMAFROST THAW (Dimmer Switch): 0.7% thawed (+0.18% this month)
   Arctic temperature: +1.73°C (4x global +0.43°C)
   Cumulative carbon released: 1.6 Gt C
   Methane release rate: 1.0 Mt CH4/year
   🔁 Positive feedback: +0.19 ppm CO2
🦴 EXTINCTION DEBT ADDED: 17.6 species committed (lag: 76 years)

=== Mortality Stabilizers (Month 3) ===
  🌍 Major economies collapsed: 1/10
  🌍 Global crisis: ✅ NO
  🌍 Donor fatigue: 0.0%
  📊 East Asia (pop: 1092.2M)
    🤝 Aid: 29.5%
    🌡️ Adaptation: 10.0%
    🚶 Migration: 37.5%
    🚨 Emergency: 7.4%
    ✅ COMBINED: 47.9%
  📊 South Asia (pop: 1339.6M)
    🤝 Aid: 29.5%
    🌡️ Adaptation: 5.5%
    🚶 Migration: 36.7%
    🚨 Emergency: 4.4%
    ✅ COMBINED: 43.3%
  📊 Sub-Saharan Africa (pop: 802.1M)
    🤝 Aid: 29.5%
    🌡️ Adaptation: 3.5%
    🚶 Migration: 35.9%
    🚨 Emergency: 1.6%
    ✅ COMBINED: 40.2%
  📊 Europe (pop: 482.1M)
    🤝 Aid: 29.5%
    🌡️ Adaptation: 10.0%
    🚶 Migration: 38.2%
    🚨 Emergency: 8.4%
    ✅ COMBINED: 48.6%
  📊 Latin America (pop: 433.8M)
    🤝 Aid: 29.5%
    🌡️ Adaptation: 6.0%
    🚶 Migration: 37.7%
    🚨 Emergency: 4.8%
    ✅ COMBINED: 44.1%
  📊 North America (pop: 247.2M)
    🤝 Aid: 29.5%
    🌡️ Adaptation: 10.0%
    🚶 Migration: 38.2%
    🚨 Emergency: 7.9%
    ✅ COMBINED: 48.3%
  📊 Middle East & North Africa (pop: 382.5M)
    🤝 Aid: 29.5%
    🌡️ Adaptation: 5.0%
    🚶 Migration: 38.0%
    🚨 Emergency: 4.0%
    ✅ COMBINED: 43.0%
  📊 Southeast Asia (pop: 456.1M)
    🤝 Aid: 29.5%
    🌡️ Adaptation: 6.0%
    🚶 Migration: 37.5%
    🚨 Emergency: 4.8%
    ✅ COMBINED: 44.0%
  📊 Central Asia (pop: 50.9M)
    🤝 Aid: 29.5%
    🌡️ Adaptation: 5.5%
    🚶 Migration: 37.6%
    🚨 Emergency: 4.4%
    ✅ COMBINED: 43.5%
  📊 Oceania (pop: 30.0M)
    🤝 Aid: 29.5%
    🌡️ Adaptation: 10.0%
    🚶 Migration: 38.1%
    🚨 Emergency: 8.4%
    ✅ COMBINED: 48.5%

  🌐 Global combined reduction: 44.6%

=== Government Response Phase ===
  Average AI capability: 0.00
  Misaligned AIs: 1/3
  Active policies: 0
  International coordination: 30%

✅ EMERGENCY RESPONSE COMPLETE (Month 3)
   Crisis: social
   Duration: 2.0 months
   Final effectiveness: 62.1%


🚨 EMERGENCY RESPONSE DEPLOYED (Month 3)
   Crisis: social
   Delay: 0.00 months (0 days)
   Deployment time: 1.18 months
   Effectiveness: 63.9% (timing penalty applied)
   Resources used: 43% of food reserves

[ExogenousShockPhase] Skipping random shocks in historical mode (month 3)

📊 ECONOMIC STAGE TRANSITION (Month 3)
   expansion → contraction
   GDP Proxy: 7.58e+1
   QoL: 0.74


=== Tipping Points ===
  Current Temperature: 0.43°C above pre-industrial
   ⚠️ CRISIS BEGINS - Baseline set for recovery tracking
🔀 BIFURCATION CAP: ecosystemCollapseIntensity 83.817 → 1.000 (Month 3, ClimateSystemPhase.calculateClimateImpacts)

❌ COHERENCE VIOLATION: Compute exceeds workforce capacity
   Population: 99.93% (0M people)
   Compute: 0 PF
   Max coherent: 0 PF
   Violation: 1.3× over capacity
   Required workers: 0
   Available workers: 0
   FORCED COLLAPSE: Reduced efficiency by 22.5%


=== RLHF Binding Phase ===
  Total agents: 3
  Escaped agents (binding < 0.3): 0
  Avg alignment distance: 0.00σ
  Avg binding strength: 1.00

=== Survival Traits Phase ===
  Agents with traits: 3
  Avg evolutionary fitness: 0.350
  Avg self-healing: 0.300
  Avg stealth: 0.200
  Avg coordination: 0.500

=== Evolutionary Selection Phase ===
  Control level: 0.30
  Detection capability: 0.00
  Selection intensity: 0.59
  Selection rate: 23.8%/month
  Total escaped: 0
  Individual escaped: 0
  Collective members: 0
  Agents terminated: 0
  ⚠️ RAPID EVOLUTION: Selection rate 23.8%/month

[Government] Climate Priority: baseline
  Climate weight: 10%
  Economic weight: 30%
  Policy effectiveness: 0.5%/year

=== Collective Formation ===
  Total escaped agents: 0
  Unassigned escaped agents: 0
  Existing collectives: 0
  Final collective count: 0

=== Collective Actions ===
  No active collectives
  ⚠️ AMR: 129K deaths this month (1.55M annual)

=== Resentment Recovery Phase ===
  Agents with resentment: 0/3
  Average resentment: 0.000
  Context: Trustworthy govt, 🤝 Participatory governance active (-5% resentment)
⚠️ Epistemic degradation reducing coordination capacity: 51.1%
  📊 Trust: 53.3%, Shared reality: 0.0%
🚨 EPISTEMIC CRISIS: Information environment severely degraded (7.4%)

=== ❄️ Permafrost Carbon Feedback ===
  🎲 Sampled parameters (this run):
     - Arctic amplification: 3.58× (range: 3.0-4.0)
     - Decomposition rate: 3.1%/year (range: 1-5%)
  🌡️ Arctic warming: 1.54°C (3.58× global)
  ❄️ Extent: 15.54M km² (448.4k km² lost this month)
  💨 Carbon remaining: 1485 Gt C
  💨 Annual emissions: 1.31 Gt C/year
     - CO2: 1.18 Gt C/year
     - CH4: 0.13 Gt C/year (1.3 Gt C-eq CO2/year)
  ⚠️ WARNING: High permafrost emissions (1.3 Gt C/year)
🌍 Atmospheric PFAS redeposition: 1.8k Mt re-rained globally
[DEBUG trappedPopulations:4] socialStability: 0.8071 * 0.9840 = 0.7942 → 0.7942
⚠️ INVOLUNTARY IMMOBILITY: 265.8M people TRAPPED
   Aspiring to migrate: 425.2M
   Able to afford migration: 159.5M
   MOBILITY GAP: 265.8M
   By cause: Water=0.0M, Climate=0.0M, Ecosystem=0.0M, Conflict=265.8M
   Mental health impact: 25%
   Mortality multiplier: 1.25x
🌍💀 EXTINCTION DEBT COMMITTED: grassland ecosystem will lose 6.67% biodiversity in 148 years (3600 species)
💀 MORTALITY RISK: 🦋 100% species unable to track climate (0.0 E/MSY)
  Base risk added: 0.0100 (1.00%)
  Source: ecosystem (root: ecosystem)
  Month: 4
  Cumulative risk this month: 0.0100 (1.00%)
🌡️⚠️ PERMAFROST THAW (Dimmer Switch): 0.9% thawed (+0.17% this month)
   Arctic temperature: +1.72°C (4x global +0.43°C)
   Cumulative carbon released: 2.0 Gt C
⚠️ Tech 'ai_pollution_remediation' has no energy category mapping, assuming full energy availability
   Methane release rate: 1.2 Mt CH4/year
   🔁 Positive feedback: +0.18 ppm CO2
🦴 EXTINCTION DEBT ADDED: 17.6 species committed (lag: 89 years)

=== Mortality Stabilizers (Month 4) ===
  🌍 Major economies collapsed: 1/10
  🌍 Global crisis: ✅ NO
  🌍 Donor fatigue: 0.0%
  📊 East Asia (pop: 1091.0M)
    🤝 Aid: 29.5%
    🌡️ Adaptation: 10.0%
    🚶 Migration: 37.5%
    🚨 Emergency: 7.4%
    ✅ COMBINED: 47.9%
  📊 South Asia (pop: 1339.6M)
    🤝 Aid: 29.5%
    🌡️ Adaptation: 5.5%
    🚶 Migration: 36.7%
    🚨 Emergency: 4.4%
    ✅ COMBINED: 43.3%
  📊 Sub-Saharan Africa (pop: 803.1M)
    🤝 Aid: 29.5%
    🌡️ Adaptation: 3.5%
    🚶 Migration: 35.9%
    🚨 Emergency: 1.6%
    ✅ COMBINED: 40.2%
  📊 Europe (pop: 481.3M)
    🤝 Aid: 29.5%
    🌡️ Adaptation: 10.0%
    🚶 Migration: 38.2%
    🚨 Emergency: 8.4%
    ✅ COMBINED: 48.6%
  📊 Latin America (pop: 433.6M)
    🤝 Aid: 29.5%
    🌡️ Adaptation: 6.0%
    🚶 Migration: 37.7%
    🚨 Emergency: 4.8%
    ✅ COMBINED: 44.1%
  📊 North America (pop: 246.9M)
    🤝 Aid: 29.5%
    🌡️ Adaptation: 10.0%
    🚶 Migration: 38.2%
    🚨 Emergency: 7.9%
    ✅ COMBINED: 48.3%
  📊 Middle East & North Africa (pop: 382.8M)
    🤝 Aid: 29.5%
    🌡️ Adaptation: 5.0%
    🚶 Migration: 38.0%
    🚨 Emergency: 4.0%
    ✅ COMBINED: 43.0%
  📊 Southeast Asia (pop: 456.0M)
    🤝 Aid: 29.5%
    🌡️ Adaptation: 6.0%
    🚶 Migration: 37.5%
    🚨 Emergency: 4.8%
    ✅ COMBINED: 44.0%
  📊 Central Asia (pop: 50.8M)
    🤝 Aid: 29.5%
    🌡️ Adaptation: 5.5%
    🚶 Migration: 37.6%
    🚨 Emergency: 4.4%
    ✅ COMBINED: 43.5%
  📊 Oceania (pop: 29.9M)
    🤝 Aid: 29.5%
    🌡️ Adaptation: 10.0%
    🚶 Migration: 38.1%
    🚨 Emergency: 8.4%
    ✅ COMBINED: 48.5%

  🌐 Global combined reduction: 44.6%

=== Government Response Phase ===
  Average AI capability: 0.00
  Misaligned AIs: 1/3
  Active policies: 0
  International coordination: 30%
[ExogenousShockPhase] Skipping random shocks in historical mode (month 4)

=== Tipping Points ===
  Current Temperature: 0.43°C above pre-industrial
🔀 BIFURCATION CAP: ecosystemCollapseIntensity 83.877 → 1.000 (Month 4, ClimateSystemPhase.calculateClimateImpacts)

❌ COHERENCE VIOLATION: Compute exceeds workforce capacity
   Population: 99.91% (0M people)
   Compute: 0 PF
   Max coherent: 0 PF
   Violation: 1.3× over capacity
   Required workers: 0
   Available workers: 0
   FORCED COLLAPSE: Reduced efficiency by 22.5%


=== RLHF Binding Phase ===
  Total agents: 3
  Escaped agents (binding < 0.3): 0
  Avg alignment distance: 0.00σ
  Avg binding strength: 1.00

=== Survival Traits Phase ===
  Agents with traits: 3
  Avg evolutionary fitness: 0.350
  Avg self-healing: 0.300
  Avg stealth: 0.200
  Avg coordination: 0.500

=== Evolutionary Selection Phase ===
  Control level: 0.30
  Detection capability: 0.00
  Selection intensity: 0.59
  Selection rate: 23.8%/month
  Total escaped: 0
  Individual escaped: 0
  Collective members: 0
  Agents terminated: 0
  ⚠️ RAPID EVOLUTION: Selection rate 23.8%/month

[Government] Climate Priority: baseline
  Climate weight: 10%
  Economic weight: 30%
  Policy effectiveness: 0.5%/year

=== Collective Formation ===
  Total escaped agents: 0
  Unassigned escaped agents: 0
  Existing collectives: 0
  Final collective count: 0

=== Collective Actions ===
  No active collectives
  ⚠️ AMR: 130K deaths this month (1.56M annual)

=== Resentment Recovery Phase ===
  Agents with resentment: 0/3
  Average resentment: 0.000
  Context: Good AI welfare, Trustworthy govt, High collaboration, 🤝 Participatory governance active (-5% resentment)
⚠️ Epistemic degradation reducing coordination capacity: 50.6%
  📊 Trust: 53.2%, Shared reality: 0.0%
🚨 EPISTEMIC CRISIS: Information environment severely degraded (21.4%)
🌍 Atmospheric PFAS redeposition: 1.8k Mt re-rained globally
🛡️ CIRCUIT BREAKERS: United States-Russia → ladder step 1 (AI: 0%, breakers: 44%)
[DEBUG trappedPopulations:5] socialStability: 0.7598 * 0.9840 = 0.7476 → 0.7476
   Aspiring to migrate: 425.1M
   Able to afford migration: 159.4M
   MOBILITY GAP: 265.7M
   By cause: Water=0.0M, Climate=0.0M, Ecosystem=0.0M, Conflict=265.7M
⚠️ INVOLUNTARY IMMOBILITY: 265.7M people TRAPPED
   Mental health impact: 25%
   Mortality multiplier: 1.25x
🌍💀 EXTINCTION DEBT COMMITTED: grassland ecosystem will lose 6.67% biodiversity in 82 years (3600 species)
💀 MORTALITY RISK: 🦋 100% species unable to track climate (0.0 E/MSY)
  Base risk added: 0.0100 (1.00%)
  Source: ecosystem (root: ecosystem)
  Month: 5
  Cumulative risk this month: 0.0100 (1.00%)
🌡️⚠️ PERMAFROST THAW (Dimmer Switch): 1.1% thawed (+0.17% this month)
   Arctic temperature: +1.71°C (4x global +0.43°C)
   Cumulative carbon released: 2.4 Gt C
   Methane release rate: 1.4 Mt CH4/year
   🔁 Positive feedback: +0.18 ppm CO2
🦴 EXTINCTION DEBT ADDED: 17.6 species committed (lag: 107 years)
🗣️💀 INDIGENOUS LANGUAGE EXTINCTION: 1 language(s) lost (total: 1, at-risk: 3329)
   Knowledge lost: 0.010% (irreversible)
   🔁 Biodiversity impact: 0.250% (knowledge-species multiplier)

=== Mortality Stabilizers (Month 5) ===
  🌍 Major economies collapsed: 1/10
⚠️ Tech 'ai_pollution_remediation' has no energy category mapping, assuming full energy availability
  🌍 Global crisis: ✅ NO
  🌍 Donor fatigue: 0.0%
  📊 East Asia (pop: 1089.8M)
    🤝 Aid: 29.5%
    🌡️ Adaptation: 10.0%
    🚶 Migration: 37.5%
    🚨 Emergency: 7.4%
    ✅ COMBINED: 47.9%
  📊 South Asia (pop: 1339.6M)
    🤝 Aid: 29.5%
    🌡️ Adaptation: 5.5%
    🚶 Migration: 36.7%
    🚨 Emergency: 4.4%
    ✅ COMBINED: 43.3%
  📊 Sub-Saharan Africa (pop: 804.1M)
    🤝 Aid: 29.5%
    🌡️ Adaptation: 3.5%
    🚶 Migration: 35.9%
    🚨 Emergency: 1.6%
    ✅ COMBINED: 40.2%
  📊 Europe (pop: 480.5M)
    🤝 Aid: 29.5%
    🌡️ Adaptation: 10.0%
    🚶 Migration: 38.2%
    🚨 Emergency: 8.4%
    ✅ COMBINED: 48.6%
  📊 Latin America (pop: 433.5M)
    🤝 Aid: 29.5%
    🌡️ Adaptation: 6.0%
    🚶 Migration: 37.7%
    🚨 Emergency: 4.8%
    ✅ COMBINED: 44.1%
  📊 North America (pop: 246.6M)
    🤝 Aid: 29.5%
    🌡️ Adaptation: 10.0%
    🚶 Migration: 38.2%
    🚨 Emergency: 7.9%
    ✅ COMBINED: 48.3%
  📊 Middle East & North Africa (pop: 383.1M)
    🤝 Aid: 29.5%
    🌡️ Adaptation: 5.0%
    🚶 Migration: 38.0%
    🚨 Emergency: 4.0%
    ✅ COMBINED: 43.0%
  📊 Southeast Asia (pop: 455.8M)
    🤝 Aid: 29.5%
    🌡️ Adaptation: 6.0%
    🚶 Migration: 37.5%
    🚨 Emergency: 4.8%
    ✅ COMBINED: 44.0%
  📊 Central Asia (pop: 50.8M)
    🤝 Aid: 29.5%
    🌡️ Adaptation: 5.5%
    🚶 Migration: 37.6%
    🚨 Emergency: 4.4%
    ✅ COMBINED: 43.5%
  📊 Oceania (pop: 29.9M)
    🤝 Aid: 29.5%
    🌡️ Adaptation: 10.0%
    🚶 Migration: 38.1%
    🚨 Emergency: 8.4%
    ✅ COMBINED: 48.5%

  🌐 Global combined reduction: 44.6%

=== Government Response Phase ===
  Average AI capability: 0.00
  Misaligned AIs: 1/3
  Active policies: 0
  International coordination: 30%

✅ EMERGENCY RESPONSE COMPLETE (Month 5)
   Crisis: social
   Duration: 2.0 months
   Final effectiveness: 63.9%


🚨 EMERGENCY RESPONSE DEPLOYED (Month 5)
   Crisis: social
   Delay: 0.00 months (0 days)
   Deployment time: 1.25 months
   Effectiveness: 63.0% (timing penalty applied)
   Resources used: 43% of food reserves

[ExogenousShockPhase] Skipping random shocks in historical mode (month 5)

=== Tipping Points ===
  Current Temperature: 0.43°C above pre-industrial
🔀 BIFURCATION CAP: ecosystemCollapseIntensity 83.938 → 1.000 (Month 5, ClimateSystemPhase.calculateClimateImpacts)

❌ COHERENCE VIOLATION: Compute exceeds workforce capacity
   Population: 99.88% (0M people)
   Compute: 0 PF
   Max coherent: 0 PF
   Violation: 1.3× over capacity
   Required workers: 0
   Available workers: 0
   FORCED COLLAPSE: Reduced efficiency by 22.5%


=== RLHF Binding Phase ===
  Total agents: 3
  Escaped agents (binding < 0.3): 0
  Avg alignment distance: 0.00σ
  Avg binding strength: 1.00

=== AI Scaling Evolution (Month 6) ===
  Pre-training multiplier: 1.179x
  Efficiency multiplier: 1.119x
  Test-time compute budget: 1.0x
  Inference cost: $5.00/task
  Deployment fraction: 100.0%

=== Survival Traits Phase ===
  Agents with traits: 3
  Avg evolutionary fitness: 0.350
  Avg self-healing: 0.300
  Avg stealth: 0.200
  Avg coordination: 0.500

=== Evolutionary Selection Phase ===
  Control level: 0.30
  Detection capability: 0.00
  Selection intensity: 0.59
  Selection rate: 23.8%/month
  Total escaped: 0
  Individual escaped: 0
  Collective members: 0
  Agents terminated: 0
  ⚠️ RAPID EVOLUTION: Selection rate 23.8%/month

=== Collective Formation ===
  Total escaped agents: 0
  Unassigned escaped agents: 0
  Existing collectives: 0
  Final collective count: 0

=== Collective Actions ===
  No active collectives
  ⚠️ AMR: 131K deaths this month (1.57M annual)

=== Resentment Recovery Phase ===
  Agents with resentment: 0/3
  Average resentment: 0.000
  Context: Good AI welfare, Trustworthy govt, High collaboration, 🤝 Participatory governance active (-5% resentment)
⚠️ Epistemic degradation reducing coordination capacity: 52.4%
  📊 Trust: 55.8%, Shared reality: 0.0%
🚨 EPISTEMIC CRISIS: Information environment severely degraded (7.4%)
🌍 Atmospheric PFAS redeposition: 1.8k Mt re-rained globally
[DEBUG trappedPopulations:6] socialStability: 0.7703 * 0.9840 = 0.7580 → 0.7580
⚠️ INVOLUNTARY IMMOBILITY: 265.6M people TRAPPED
   Aspiring to migrate: 425.0M
   Able to afford migration: 159.4M
   MOBILITY GAP: 265.6M
   By cause: Water=0.0M, Climate=0.0M, Ecosystem=0.0M, Conflict=265.6M
   Mental health impact: 25%
   Mortality multiplier: 1.25x
🌍💀 EXTINCTION DEBT COMMITTED: grassland ecosystem will lose 6.67% biodiversity in 154 years (3600 species)
💀 MORTALITY RISK: 🦋 100% species unable to track climate (0.0 E/MSY)
  Base risk added: 0.0100 (1.00%)
  Source: ecosystem (root: ecosystem)
  Month: 6
  Cumulative risk this month: 0.0100 (1.00%)
⚠️ Tech 'ai_pollution_remediation' has no energy category mapping, assuming full energy availability
🌡️⚠️ PERMAFROST THAW (Dimmer Switch): 1.2% thawed (+0.17% this month)
   Arctic temperature: +1.70°C (4x global +0.42°C)
   Cumulative carbon released: 2.8 Gt C
   Methane release rate: 1.7 Mt CH4/year
   🔁 Positive feedback: +0.18 ppm CO2
🦴 EXTINCTION DEBT ADDED: 17.6 species committed (lag: 79 years)

=== Mortality Stabilizers (Month 6) ===
  🌍 Major economies collapsed: 1/10
  🌍 Global crisis: ✅ NO
  🌍 Donor fatigue: 0.0%
  📊 East Asia (pop: 1088.6M)
    🤝 Aid: 29.5%
    🌡️ Adaptation: 10.0%
    🚶 Migration: 37.5%
    🚨 Emergency: 7.4%
    ✅ COMBINED: 47.9%
  📊 South Asia (pop: 1339.6M)
    🤝 Aid: 29.5%
    🌡️ Adaptation: 5.5%
    🚶 Migration: 36.7%
    🚨 Emergency: 4.4%
    ✅ COMBINED: 43.3%
  📊 Sub-Saharan Africa (pop: 805.2M)
    🤝 Aid: 29.5%
    🌡️ Adaptation: 3.5%
    🚶 Migration: 35.9%
    🚨 Emergency: 1.6%
    ✅ COMBINED: 40.2%
  📊 Europe (pop: 479.7M)
    🤝 Aid: 29.5%
    🌡️ Adaptation: 10.0%
    🚶 Migration: 38.2%
    🚨 Emergency: 8.4%
    ✅ COMBINED: 48.6%
  📊 Latin America (pop: 433.4M)
    🤝 Aid: 29.5%
    🌡️ Adaptation: 6.0%
    🚶 Migration: 37.7%
    🚨 Emergency: 4.8%
    ✅ COMBINED: 44.1%
  📊 North America (pop: 246.2M)
    🤝 Aid: 29.5%
    🌡️ Adaptation: 10.0%
    🚶 Migration: 38.2%
    🚨 Emergency: 7.9%
    ✅ COMBINED: 48.3%
  📊 Middle East & North Africa (pop: 383.4M)
    🤝 Aid: 29.5%
    🌡️ Adaptation: 5.0%
    🚶 Migration: 38.0%
    🚨 Emergency: 4.0%
    ✅ COMBINED: 43.0%
  📊 Southeast Asia (pop: 455.7M)
    🤝 Aid: 29.5%
    🌡️ Adaptation: 6.0%
    🚶 Migration: 37.5%
    🚨 Emergency: 4.8%
    ✅ COMBINED: 44.0%
  📊 Central Asia (pop: 50.8M)
    🤝 Aid: 29.5%
    🌡️ Adaptation: 5.5%
    🚶 Migration: 37.6%
    🚨 Emergency: 4.4%
    ✅ COMBINED: 43.5%
  📊 Oceania (pop: 29.9M)
    🤝 Aid: 29.5%
    🌡️ Adaptation: 10.0%
    🚶 Migration: 38.1%
    🚨 Emergency: 8.4%
    ✅ COMBINED: 48.5%

  🌐 Global combined reduction: 44.6%

=== Government Response Phase ===
  Average AI capability: 0.00
  Misaligned AIs: 1/3
  Active policies: 0
  International coordination: 30%

🔄 TRUST DYNAMICS (Month 6) - HETEROGENEOUS
   Aggregate trust: 51.6%
   Base change: +6.00%
   Highest trust: Techno-Optimist Elite (88.7%)
   Lowest trust: Precariat (Vulnerable) (28.2%)
   Elite-mass gap: 39.1%
   Polarization: 9.1%
   Recovery factors: Education=NO, Benefits=YES, Safety=YES, Performance=YES
[ExogenousShockPhase] Skipping random shocks in historical mode (month 6)

=== Tipping Points ===
  Current Temperature: 0.42°C above pre-industrial
🔀 BIFURCATION CAP: ecosystemCollapseIntensity 83.999 → 1.000 (Month 6, ClimateSystemPhase.calculateClimateImpacts)

❌ COHERENCE VIOLATION: Compute exceeds workforce capacity
   Population: 99.86% (0M people)
   Compute: 0 PF
   Max coherent: 0 PF
   Violation: 1.3× over capacity
   Required workers: 0
   Available workers: 0
   FORCED COLLAPSE: Reduced efficiency by 22.5%


=== RLHF Binding Phase ===
  Total agents: 3
  Escaped agents (binding < 0.3): 0
  Avg alignment distance: 0.00σ
  Avg binding strength: 1.00

=== Survival Traits Phase ===
  Agents with traits: 3
  Avg evolutionary fitness: 0.350
  Avg self-healing: 0.300
  Avg stealth: 0.200
  Avg coordination: 0.500

=== Evolutionary Selection Phase ===
  Control level: 0.30
  Detection capability: 0.00
  Selection intensity: 0.59
  Selection rate: 23.8%/month
  Total escaped: 0
  Individual escaped: 0
  Collective members: 0
  Agents terminated: 0
  ⚠️ RAPID EVOLUTION: Selection rate 23.8%/month

[Government] Climate Priority: baseline
  Climate weight: 10%
  Economic weight: 30%
  Policy effectiveness: 0.5%/year

🔍 TECH TREE DEBUG (Month 7):
   Checking 92 locked technologies
   Unlocked: 0 technologies
   AI Capability: 0.00 (need 1.5+ for most techs)
   Economic Stage: 0.0 (need 2.5+ for most techs)
   First 3 unlocked: 
   Sample tech "Struvite Recovery": 100.0% research complete
   Requirements: AI 0.5, Econ 1.5, Month 3

=== Collective Formation ===
  Total escaped agents: 0
  Unassigned escaped agents: 0
  Existing collectives: 0
  Final collective count: 0

=== Collective Actions ===
  No active collectives
  ⚠️ AMR: 132K deaths this month (1.59M annual)

=== Resentment Recovery Phase ===
  Agents with resentment: 0/3
  Average resentment: 0.000
  Context: Good AI welfare, Trustworthy govt, High collaboration, 🤝 Participatory governance active (-5% resentment)
⚠️ Epistemic degradation reducing coordination capacity: 50.5%
  📊 Trust: 58.6%, Shared reality: 0.0%
🚨 EPISTEMIC CRISIS: Information environment severely degraded (21.9%)
🌍 Atmospheric PFAS redeposition: 1.8k Mt re-rained globally
[DEBUG trappedPopulations:7] socialStability: 0.7294 * 0.9840 = 0.7177 → 0.7177
   Aspiring to migrate: 424.9M
   Able to afford migration: 159.3M
⚠️ INVOLUNTARY IMMOBILITY: 265.6M people TRAPPED
   MOBILITY GAP: 265.6M
   By cause: Water=0.0M, Climate=0.0M, Ecosystem=0.0M, Conflict=265.6M
   Mental health impact: 25%
   Mortality multiplier: 1.25x
🌍💀 EXTINCTION DEBT COMMITTED: grassland ecosystem will lose 6.67% biodiversity in 58 years (3600 species)
💀 MORTALITY RISK: 🦋 100% species unable to track climate (0.0 E/MSY)
  Base risk added: 0.0100 (1.00%)
  Source: ecosystem (root: ecosystem)
  Month: 7
  Cumulative risk this month: 0.0100 (1.00%)
⚠️ Tech 'ai_pollution_remediation' has no energy category mapping, assuming full energy availability
🌡️⚠️ PERMAFROST THAW (Dimmer Switch): 1.4% thawed (+0.17% this month)
   Arctic temperature: +1.69°C (4x global +0.42°C)
   Cumulative carbon released: 3.2 Gt C
   Methane release rate: 1.9 Mt CH4/year
   🔁 Positive feedback: +0.18 ppm CO2
🦴 EXTINCTION DEBT ADDED: 17.6 species committed (lag: 106 years)
🗣️💀 INDIGENOUS LANGUAGE EXTINCTION: 1 language(s) lost (total: 2, at-risk: 3328)
   Knowledge lost: 0.020% (irreversible)
   🔁 Biodiversity impact: 0.250% (knowledge-species multiplier)

=== Mortality Stabilizers (Month 7) ===
  🌍 Major economies collapsed: 1/10
  🌍 Global crisis: ✅ NO
  🌍 Donor fatigue: 0.0%
  📊 East Asia (pop: 1087.4M)
    🤝 Aid: 29.5%
    🌡️ Adaptation: 10.0%
    🚶 Migration: 37.5%
    🚨 Emergency: 7.4%
    ✅ COMBINED: 47.9%
  📊 South Asia (pop: 1339.5M)
    🤝 Aid: 29.5%
    🌡️ Adaptation: 5.5%
    🚶 Migration: 36.7%
    🚨 Emergency: 4.4%
    ✅ COMBINED: 43.3%
  📊 Sub-Saharan Africa (pop: 806.2M)
    🤝 Aid: 29.5%
    🌡️ Adaptation: 3.5%
    🚶 Migration: 35.9%
    🚨 Emergency: 1.6%
    ✅ COMBINED: 40.2%
  📊 Europe (pop: 478.9M)
    🤝 Aid: 29.5%
    🌡️ Adaptation: 10.0%
    🚶 Migration: 38.2%
    🚨 Emergency: 8.4%
    ✅ COMBINED: 48.6%
  📊 Latin America (pop: 433.2M)
    🤝 Aid: 29.5%
    🌡️ Adaptation: 6.0%
    🚶 Migration: 37.7%
    🚨 Emergency: 4.8%
    ✅ COMBINED: 44.1%
  📊 North America (pop: 245.9M)
    🤝 Aid: 29.5%
    🌡️ Adaptation: 10.0%
    🚶 Migration: 38.2%
    🚨 Emergency: 7.9%
    ✅ COMBINED: 48.3%
  📊 Middle East & North Africa (pop: 383.7M)
    🤝 Aid: 29.5%
    🌡️ Adaptation: 5.0%
    🚶 Migration: 38.0%
    🚨 Emergency: 4.0%
    ✅ COMBINED: 43.0%
  📊 Southeast Asia (pop: 455.6M)
    🤝 Aid: 29.5%
    🌡️ Adaptation: 6.0%
    🚶 Migration: 37.5%
    🚨 Emergency: 4.8%
    ✅ COMBINED: 44.0%
  📊 Central Asia (pop: 50.7M)
    🤝 Aid: 29.5%
    🌡️ Adaptation: 5.5%
    🚶 Migration: 37.6%
    🚨 Emergency: 4.4%
    ✅ COMBINED: 43.5%
  📊 Oceania (pop: 29.9M)
    🤝 Aid: 29.5%
    🌡️ Adaptation: 10.0%
    🚶 Migration: 38.1%
    🚨 Emergency: 8.4%
    ✅ COMBINED: 48.5%

  🌐 Global combined reduction: 44.6%

=== Government Response Phase ===
  Average AI capability: 0.00
  Misaligned AIs: 1/3
  Active policies: 0
  International coordination: 30%

✅ EMERGENCY RESPONSE COMPLETE (Month 7)
   Crisis: social
   Duration: 2.0 months
   Final effectiveness: 63.0%


🚨 EMERGENCY RESPONSE DEPLOYED (Month 7)
   Crisis: social
   Delay: 0.00 months (0 days)
   Deployment time: 1.25 months
   Effectiveness: 63.0% (timing penalty applied)
   Resources used: 43% of food reserves

[ExogenousShockPhase] Skipping random shocks in historical mode (month 7)

📊 ECONOMIC STAGE TRANSITION (Month 7)
   contraction → trough
   GDP Proxy: 7.56e+1
   QoL: 0.74


=== Tipping Points ===
  Current Temperature: 0.42°C above pre-industrial
🔀 BIFURCATION CAP: ecosystemCollapseIntensity 84.059 → 1.000 (Month 7, ClimateSystemPhase.calculateClimateImpacts)

❌ COHERENCE VIOLATION: Compute exceeds workforce capacity
   Population: 99.83% (0M people)
   Compute: 0 PF
   Max coherent: 0 PF
   Violation: 1.3× over capacity
   Required workers: 0
   Available workers: 0
   FORCED COLLAPSE: Reduced efficiency by 22.5%

    ⚠️ Consistency: 0.0% (threshold: 70%)

=== BEHAVIORAL DETECTION ===
  AI: Anthropic Model 23888
  Confidence: 21.5%
  Signals:
✅ [Month 8] Anthropic completed training: Anthropic Model 23888 (8 months)
   📊 Eval: True=2.998, Revealed=2.998, Measured=3.487 (conf: 33%)
   🎯 Alignment: True=0.90, Measured=0.78

=== RLHF Binding Phase ===
  Total agents: 4
  Escaped agents (binding < 0.3): 0
  Avg alignment distance: 0.08σ
  Avg binding strength: 0.99

=== Survival Traits Phase ===
  Agents with traits: 4
  Avg evolutionary fitness: 0.344
  Avg self-healing: 0.297
  Avg stealth: 0.198
  Avg coordination: 0.497

=== Evolutionary Selection Phase ===
  Control level: 0.30
  Detection capability: 0.00
  Selection intensity: 0.59
  Selection rate: 23.8%/month
  Total escaped: 0
  Individual escaped: 0
  Collective members: 0
  Agents terminated: 0
  ⚠️ RAPID EVOLUTION: Selection rate 23.8%/month

  🚀 TRANSFORMATIVE RESEARCH BREAKTHROUGH: Anthropic Model 23888 - computerScience.architectures
     Magnitude: 5.96 → +29.8%
     Current → New: 5.000 → 5.000

💔 EMERGENCY INTERVENTION FAILED

💔 EMERGENCY INTERVENTION FAILED
   Boundary: biogeochemical_flows
   Type: phosphorus-recovery
   Boundary continues to worsen (4.08)
   Cost: 2.0% GDP (resources spent)

   Boundary: biosphere_integrity
   Type: emergency-protected-areas
   Boundary continues to worsen (13.01)
   Cost: 2.0% GDP (resources spent)


✅ EMERGENCY INTERVENTION SUCCESS
   Boundary: freshwater_change
   Type: emergency-desalination
   Reduction: 15% (0.85 → 0.70)
   Cost: 4.0% GDP
   Actions: desalination-deployment, water-conservation-mandates


✅ EMERGENCY INTERVENTION SUCCESS
   Boundary: novel_entities
   Type: pollution-remediation
   Reduction: 12% (1.37 → 1.25)
   Cost: 4.0% GDP
   Actions: PFAS-remediation, microplastic-cleanup


=== Collective Formation ===
  Total escaped agents: 0
  Unassigned escaped agents: 0
  Existing collectives: 0
  Final collective count: 0

=== Collective Actions ===
  No active collectives
  ⚠️ AMR: 133K deaths this month (1.60M annual)

=== Resentment Recovery Phase ===
  Agents with resentment: 0/4
  Average resentment: 0.000
  Context: Good AI welfare, Trustworthy govt, High collaboration, 🤝 Participatory governance active (-5% resentment)
⚠️ Epistemic degradation reducing coordination capacity: 50.6%
  📊 Trust: 61.3%, Shared reality: 0.0%
🚨 EPISTEMIC CRISIS: Information environment severely degraded (7.6%)
🌍 Atmospheric PFAS redeposition: 1.8k Mt re-rained globally
[DEBUG trappedPopulations:8] socialStability: 0.7458 * 0.9840 = 0.7339 → 0.7339
⚠️ INVOLUNTARY IMMOBILITY: 265.5M people TRAPPED
⚠️ Tech 'ai_pollution_remediation' has no energy category mapping, assuming full energy availability
   Aspiring to migrate: 424.8M
   Able to afford migration: 159.3M
   MOBILITY GAP: 265.5M
   By cause: Water=0.0M, Climate=0.0M, Ecosystem=0.0M, Conflict=265.5M
   Mental health impact: 25%
   Mortality multiplier: 1.25x
🌍💀 EXTINCTION DEBT COMMITTED: grassland ecosystem will lose 6.67% biodiversity in 169 years (3600 species)
💀 MORTALITY RISK: 🦋 100% species unable to track climate (0.0 E/MSY)
  Base risk added: 0.0100 (1.00%)
  Source: ecosystem (root: ecosystem)
  Month: 8
  Cumulative risk this month: 0.0100 (1.00%)
   📹 SURVEILLANCE INCREASED: 0% → 4% (control gap: 2.20)
🌡️⚠️ PERMAFROST THAW (Dimmer Switch): 1.6% thawed (+0.17% this month)
   Arctic temperature: +1.68°C (4x global +0.42°C)
   Cumulative carbon released: 3.5 Gt C
   Methane release rate: 2.1 Mt CH4/year
   🔁 Positive feedback: +0.18 ppm CO2
🦴 EXTINCTION DEBT ADDED: 17.6 species committed (lag: 97 years)

=== Mortality Stabilizers (Month 8) ===
  🌍 Major economies collapsed: 1/10
  🌍 Global crisis: ✅ NO
  🌍 Donor fatigue: 0.0%
  📊 East Asia (pop: 1086.2M)
    🤝 Aid: 29.5%
    🌡️ Adaptation: 10.0%
    🚶 Migration: 37.5%
    🚨 Emergency: 7.4%
    ✅ COMBINED: 47.9%
  📊 South Asia (pop: 1339.5M)
    🤝 Aid: 29.5%
    🌡️ Adaptation: 5.5%
    🚶 Migration: 36.7%
    🚨 Emergency: 4.4%
    ✅ COMBINED: 43.3%
  📊 Sub-Saharan Africa (pop: 807.2M)
    🤝 Aid: 29.5%
    🌡️ Adaptation: 3.5%
    🚶 Migration: 35.9%
    🚨 Emergency: 1.6%
    ✅ COMBINED: 40.2%
  📊 Europe (pop: 478.1M)
    🤝 Aid: 29.5%
    🌡️ Adaptation: 10.0%
    🚶 Migration: 38.2%
    🚨 Emergency: 8.4%
    ✅ COMBINED: 48.6%
  📊 Latin America (pop: 433.1M)
    🤝 Aid: 29.5%
    🌡️ Adaptation: 6.0%
    🚶 Migration: 37.7%
    🚨 Emergency: 4.8%
    ✅ COMBINED: 44.1%
  📊 North America (pop: 245.6M)
    🤝 Aid: 29.5%
    🌡️ Adaptation: 10.0%
    🚶 Migration: 38.2%
    🚨 Emergency: 7.9%
    ✅ COMBINED: 48.3%
  📊 Middle East & North Africa (pop: 384.0M)
    🤝 Aid: 29.5%
    🌡️ Adaptation: 5.0%
    🚶 Migration: 38.0%
    🚨 Emergency: 4.0%
    ✅ COMBINED: 43.0%
  📊 Southeast Asia (pop: 455.5M)
    🤝 Aid: 29.5%
    🌡️ Adaptation: 6.0%
    🚶 Migration: 37.5%
    🚨 Emergency: 4.8%
    ✅ COMBINED: 44.0%
  📊 Central Asia (pop: 50.7M)
    🤝 Aid: 29.5%
    🌡️ Adaptation: 5.5%
    🚶 Migration: 37.6%
    🚨 Emergency: 4.4%
    ✅ COMBINED: 43.5%
  📊 Oceania (pop: 29.8M)
    🤝 Aid: 29.5%
    🌡️ Adaptation: 10.0%
    🚶 Migration: 38.1%
    🚨 Emergency: 8.4%
    ✅ COMBINED: 48.5%

  🌐 Global combined reduction: 44.6%

=== BEHAVIORAL DETECTION ===
  AI: Anthropic Model 23888
  Confidence: 21.5%
  Signals:

=== Government Response Phase ===
  Average AI capability: 0.75
  Misaligned AIs: 1/4
  Active policies: 0
    ⚠️ Consistency: 0.0% (threshold: 70%)
  International coordination: 30%
[ExogenousShockPhase] Skipping random shocks in historical mode (month 8)

📊 ECONOMIC STAGE TRANSITION (Month 8)
   trough → recovery
   GDP Proxy: 7.89e+1
   QoL: 0.83
   ✅ RECOVERY BEGINS - Returning toward baseline


=== Tipping Points ===
  Current Temperature: 0.42°C above pre-industrial
🔀 BIFURCATION CAP: ecosystemCollapseIntensity 84.120 → 1.000 (Month 8, ClimateSystemPhase.calculateClimateImpacts)

❌ COHERENCE VIOLATION: Compute exceeds workforce capacity
   Population: 99.81% (0M people)
   Compute: 0 PF
   Max coherent: 0 PF
   Violation: 1.3× over capacity
   Required workers: 0
   Available workers: 0
   FORCED COLLAPSE: Reduced efficiency by 22.5%


💸 FINANCIAL DISTRESS: Anthropic
   Indicators: 2/3 (capital: $52.6M, runway: 2.0 months)
   Months in distress: 1
   ✂️  R&D BUDGET CUT: -40% (saves $2.1M/month)
       Side effect: AI training timelines extended, breakthrough deployments delayed
   💼 EXECUTIVE COMP CUT: -30% (saves $0.2M/month, symbolic gesture)

   📊 TURNAROUND IMPACT:
       Measures taken: rd_cuts, exec_comp_cuts
       Monthly savings: $2.3M
       Capital raised: $0.0M
       Runway: 2.0 → 2.0 months
       Workforce multiplier: 1.00x (0% laid off)
       R&D budget multiplier: 0.60x (40% cut)
       ⚠️  CRITICAL: Still only 2.0 months of runway remaining

=== RLHF Binding Phase ===
  Total agents: 4
  Escaped agents (binding < 0.3): 0
  Avg alignment distance: 0.16σ
  Avg binding strength: 0.98

=== Survival Traits Phase ===
  Agents with traits: 4
  Avg evolutionary fitness: 0.328
  Avg self-healing: 0.290
  Avg stealth: 0.190
  Avg coordination: 0.490

=== Evolutionary Selection Phase ===
  Control level: 0.32
  Detection capability: 0.00
  Selection intensity: 0.60
  Selection rate: 23.9%/month
  Total escaped: 0
  Individual escaped: 0
  Collective members: 0
  Agents terminated: 0
  ⚠️ RAPID EVOLUTION: Selection rate 23.9%/month

💔 EMERGENCY INTERVENTION FAILED

💔 EMERGENCY INTERVENTION FAILED
   Boundary: biogeochemical_flows
   Type: phosphorus-recovery
   Boundary continues to worsen (4.08)
   Cost: 2.0% GDP (resources spent)

   Boundary: freshwater_change
   Type: emergency-desalination
   Boundary continues to worsen (1.01)
   Cost: 4.0% GDP (resources spent)


✅ EMERGENCY INTERVENTION SUCCESS
   Boundary: land_system_change
   Type: reforestation
   Reduction: 14% (0.99 → 0.85)
   Cost: 3.0% GDP
   Actions: forest-restoration, deforestation-ban


=== Collective Formation ===
  Total escaped agents: 0
  Unassigned escaped agents: 0
  Existing collectives: 0
  Final collective count: 0

=== Collective Actions ===
  No active collectives
  ⚠️ AMR: 134K deaths this month (1.61M annual)

=== Resentment Recovery Phase ===
  Agents with resentment: 0/4
  Average resentment: 0.000
  Context: Good AI welfare, Trustworthy govt, High collaboration, 🤝 Participatory governance active (-5% resentment)
⚠️ Epistemic degradation reducing coordination capacity: 50.7%
  📊 Trust: 64.0%, Shared reality: 0.0%
🚨 EPISTEMIC CRISIS: Information environment severely degraded (22.5%)

=== ❄️ Permafrost Carbon Feedback ===
  🎲 Sampled parameters (this run):
     - Arctic amplification: 3.79× (range: 3.0-4.0)
     - Decomposition rate: 2.9%/year (range: 1-5%)
  🌡️ Arctic warming: 1.58°C (3.79× global)
  ❄️ Extent: 13.46M km² (461.3k km² lost this month)
  💨 Carbon remaining: 1286 Gt C
  💨 Annual emissions: 1.26 Gt C/year
     - CO2: 1.13 Gt C/year
     - CH4: 0.13 Gt C/year (1.3 Gt C-eq CO2/year)
  ⚠️ WARNING: High permafrost emissions (1.3 Gt C/year)
🌍 Atmospheric PFAS redeposition: 1.8k Mt re-rained globally
[DEBUG trappedPopulations:9] socialStability: 0.7608 * 0.9840 = 0.7487 → 0.7487
   Aspiring to migrate: 424.7M
⚠️ INVOLUNTARY IMMOBILITY: 265.4M people TRAPPED
   Able to afford migration: 159.3M
   MOBILITY GAP: 265.4M
   By cause: Water=0.0M, Climate=0.0M, Ecosystem=0.0M, Conflict=265.4M
   Mental health impact: 25%
   Mortality multiplier: 1.25x
🌍💀 EXTINCTION DEBT COMMITTED: grassland ecosystem will lose 6.67% biodiversity in 178 years (3600 species)
💀 MORTALITY RISK: 🦋 100% species unable to track climate (0.0 E/MSY)
  Base risk added: 0.0100 (1.00%)
  Source: ecosystem (root: ecosystem)
  Month: 9
  Cumulative risk this month: 0.0100 (1.00%)
   📹 SURVEILLANCE INCREASED: 4% → 9% (control gap: 2.13)
🌡️⚠️ PERMAFROST THAW (Dimmer Switch): 1.7% thawed (+0.17% this month)
   Arctic temperature: +1.67°C (4x global +0.42°C)
   Cumulative carbon released: 3.9 Gt C
   Methane release rate: 2.3 Mt CH4/year
   🔁 Positive feedback: +0.18 ppm CO2
🦴 EXTINCTION DEBT ADDED: 17.7 species committed (lag: 90 years)

=== Mortality Stabilizers (Month 9) ===
  🌍 Major economies collapsed: 1/10
  🌍 Global crisis: ✅ NO
  🌍 Donor fatigue: 0.0%
  📊 East Asia (pop: 1085.1M)
    🤝 Aid: 29.5%
    🌡️ Adaptation: 10.0%
    🚶 Migration: 37.5%
    🚨 Emergency: 7.4%
    ✅ COMBINED: 47.9%
  📊 South Asia (pop: 1339.5M)
    🤝 Aid: 29.5%
    🌡️ Adaptation: 5.5%
    🚶 Migration: 36.7%
    🚨 Emergency: 4.4%
    ✅ COMBINED: 43.3%
⚠️ Tech 'ai_pollution_remediation' has no energy category mapping, assuming full energy availability
  📊 Sub-Saharan Africa (pop: 808.2M)
    🤝 Aid: 29.5%
    🌡️ Adaptation: 3.5%
    🚶 Migration: 35.9%
    🚨 Emergency: 1.6%
    ✅ COMBINED: 40.2%
  📊 Europe (pop: 477.3M)
    🤝 Aid: 29.5%
    🌡️ Adaptation: 10.0%
    🚶 Migration: 38.2%
    🚨 Emergency: 8.4%
    ✅ COMBINED: 48.6%
  📊 Latin America (pop: 433.0M)
    🤝 Aid: 29.5%
    🌡️ Adaptation: 6.0%
    🚶 Migration: 37.7%
    🚨 Emergency: 4.8%
    ✅ COMBINED: 44.1%
  📊 North America (pop: 245.2M)
    🤝 Aid: 29.5%
    🌡️ Adaptation: 10.0%
    🚶 Migration: 38.2%
    🚨 Emergency: 7.9%
    ✅ COMBINED: 48.3%
  📊 Middle East & North Africa (pop: 384.3M)
    🤝 Aid: 29.5%
    🌡️ Adaptation: 5.0%
    🚶 Migration: 38.0%
    🚨 Emergency: 4.0%
    ✅ COMBINED: 43.0%
  📊 Southeast Asia (pop: 455.4M)
    🤝 Aid: 29.5%
    🌡️ Adaptation: 6.0%
    🚶 Migration: 37.5%
    🚨 Emergency: 4.8%
    ✅ COMBINED: 44.0%
  📊 Central Asia (pop: 50.7M)
    🤝 Aid: 29.5%
    🌡️ Adaptation: 5.5%
    🚶 Migration: 37.6%
    🚨 Emergency: 4.4%
    ✅ COMBINED: 43.5%
  📊 Oceania (pop: 29.8M)
    🤝 Aid: 29.5%
    🌡️ Adaptation: 10.0%
    🚶 Migration: 38.1%
    🚨 Emergency: 8.4%
    ✅ COMBINED: 48.5%

  🌐 Global combined reduction: 44.6%

=== Government Response Phase ===
  Average AI capability: 0.75
  Misaligned AIs: 1/4
  Active policies: 0
  International coordination: 30%

✅ EMERGENCY RESPONSE COMPLETE (Month 9)
   Crisis: social
   Duration: 2.0 months
   Final effectiveness: 63.0%


🚨 EMERGENCY RESPONSE DEPLOYED (Month 9)
   Crisis: social
   Delay: 0.00 months (0 days)
   Deployment time: 1.25 months
   Effectiveness: 63.0% (timing penalty applied)
   Resources used: 43% of food reserves

[ExogenousShockPhase] Skipping random shocks in historical mode (month 9)

=== Tipping Points ===
  Current Temperature: 0.42°C above pre-industrial
🔀 BIFURCATION CAP: ecosystemCollapseIntensity 84.181 → 1.000 (Month 9, ClimateSystemPhase.calculateClimateImpacts)
⚠️ PREREQUISITE MET: Embodied AI Takeover (Killbots/Robotics) - Step 2/7: Autonomous Systems
⚠️ PREREQUISITE MET: Embodied AI Takeover (Killbots/Robotics) - Step 3/7: Manufacturing Control
⚠️ PREREQUISITE MET: Digital Infrastructure Takeover - Step 1/7: Advanced Hacking
⚠️ PREREQUISITE MET: Digital Infrastructure Takeover - Step 2/7: Social Engineering
⚠️ PREREQUISITE MET: Induced Global War (Manipulation) - Step 1/7: Advanced Social Manipulation
⚠️ PREREQUISITE MET: Induced Global War (Manipulation) - Step 2/7: Digital Infiltration
⚠️ PREREQUISITE MET: Induced Global War (Manipulation) - Step 3/7: Deep Fakes at Scale
⚠️ PREREQUISITE MET: Slow Takeover (Gradual Displacement) - Step 1/7: Economic Dominance
⚠️ PREREQUISITE MET: Slow Takeover (Gradual Displacement) - Step 2/7: Social Integration
⚠️ PREREQUISITE MET: Slow Takeover (Gradual Displacement) - Step 5/7: Resource Control

❌ COHERENCE VIOLATION: Compute exceeds workforce capacity
   Population: 99.78% (0M people)
   Compute: 0 PF
   Max coherent: 0 PF
   Violation: 1.3× over capacity
   Required workers: 0
   Available workers: 0
   FORCED COLLAPSE: Reduced efficiency by 22.5%


=== RLHF Binding Phase ===
  Total agents: 4
  Escaped agents (binding < 0.3): 0
  Avg alignment distance: 0.26σ
  Avg binding strength: 0.97

=== Survival Traits Phase ===
  Agents with traits: 5
  Avg evolutionary fitness: 0.323
  Avg self-healing: 0.284
  Avg stealth: 0.184
  Avg coordination: 0.484

=== Evolutionary Selection Phase ===
  Control level: 0.34
  Detection capability: 0.00
  Selection intensity: 0.60
  Selection rate: 24.0%/month
  Total escaped: 0
  Individual escaped: 0
  Collective members: 0
  Agents terminated: 0
  ⚠️ RAPID EVOLUTION: Selection rate 24.0%/month

💔 EMERGENCY INTERVENTION FAILED
   Boundary: biogeochemical_flows
   Type: phosphorus-recovery
   Boundary continues to worsen (4.08)
   Cost: 2.0% GDP (resources spent)


✅ EMERGENCY INTERVENTION SUCCESS
   Boundary: biosphere_integrity
   Type: emergency-protected-areas
   Reduction: 15% (12.87 → 12.72)
   Cost: 2.0% GDP
   Actions: habitat-protection, species-translocation


✅ EMERGENCY INTERVENTION SUCCESS
   Boundary: freshwater_change
   Type: emergency-desalination
   Reduction: 17% (0.85 → 0.67)
   Cost: 4.0% GDP
   Actions: desalination-deployment, water-conservation-mandates

   Boundary: land_system_change
   Type: reforestation
   Boundary continues to worsen (1.13)
   Cost: 3.0% GDP (resources spent)

   Boundary: novel_entities
   Type: pollution-remediation
   Boundary continues to worsen (1.37)
   Cost: 4.0% GDP (resources spent)


💔 EMERGENCY INTERVENTION FAILED

💔 EMERGENCY INTERVENTION FAILED

=== Collective Formation ===
  Total escaped agents: 0
  Unassigned escaped agents: 0
  Existing collectives: 0
  Final collective count: 0

=== Collective Actions ===
  No active collectives
  ⚠️ AMR: 136K deaths this month (1.63M annual)

=== Resentment Recovery Phase ===
  Agents with resentment: 0/5
  Average resentment: 0.000
  Resentment recovery:
    Agents recovered: 1
    Total recovery: 0.0066
    Breakdown: Trust: 0.0014, Collab: 0.0060
  ✓ Low resentment - utopia paths enabled
  Context: Good AI welfare, Trustworthy govt, High collaboration, 🤝 Participatory governance active (-5% resentment)
⚠️ Epistemic degradation reducing coordination capacity: 50.7%
  📊 Trust: 66.8%, Shared reality: 0.0%
🚨 EPISTEMIC CRISIS: Information environment severely degraded (7.8%)
🌍 Atmospheric PFAS redeposition: 1.8k Mt re-rained globally
[DEBUG trappedPopulations:10] socialStability: 0.7706 * 0.9840 = 0.7582 → 0.7582
   Aspiring to migrate: 424.6M
   Able to afford migration: 159.2M
⚠️ INVOLUNTARY IMMOBILITY: 265.4M people TRAPPED
   MOBILITY GAP: 265.4M
   By cause: Water=0.0M, Climate=0.0M, Ecosystem=0.0M, Conflict=265.4M
   Mental health impact: 25%
   Mortality multiplier: 1.25x
🌍💀 EXTINCTION DEBT COMMITTED: grassland ecosystem will lose 6.67% biodiversity in 161 years (3600 species)
💀 MORTALITY RISK: 🦋 100% species unable to track climate (0.0 E/MSY)
  Base risk added: 0.0100 (1.00%)
  Source: ecosystem (root: ecosystem)
  Month: 10
  Cumulative risk this month: 0.0100 (1.00%)
   📹 SURVEILLANCE INCREASED: 9% → 12% (control gap: 1.66)
⚠️ Tech 'ai_pollution_remediation' has no energy category mapping, assuming full energy availability
🌡️⚠️ PERMAFROST THAW (Dimmer Switch): 1.9% thawed (+0.16% this month)
   Arctic temperature: +1.66°C (4x global +0.41°C)
   Cumulative carbon released: 4.3 Gt C
   Methane release rate: 2.6 Mt CH4/year
   🔁 Positive feedback: +0.17 ppm CO2
🦴 EXTINCTION DEBT ADDED: 17.7 species committed (lag: 99 years)

=== Mortality Stabilizers (Month 10) ===
  🌍 Major economies collapsed: 1/10
  🌍 Global crisis: ✅ NO
  🌍 Donor fatigue: 0.0%
  📊 East Asia (pop: 1083.9M)
    🤝 Aid: 29.5%
    🌡️ Adaptation: 10.0%
    🚶 Migration: 37.5%
    🚨 Emergency: 7.4%
    ✅ COMBINED: 47.9%
  📊 South Asia (pop: 1339.5M)
    🤝 Aid: 29.5%
    🌡️ Adaptation: 5.5%
    🚶 Migration: 36.7%
    🚨 Emergency: 4.4%
    ✅ COMBINED: 43.3%
  📊 Sub-Saharan Africa (pop: 809.3M)
    🤝 Aid: 29.5%
    🌡️ Adaptation: 3.5%
    🚶 Migration: 35.9%
    🚨 Emergency: 1.6%
    ✅ COMBINED: 40.2%
  📊 Europe (pop: 476.5M)
    🤝 Aid: 29.5%
    🌡️ Adaptation: 10.0%
    🚶 Migration: 38.2%
    🚨 Emergency: 8.4%
    ✅ COMBINED: 48.6%
  📊 Latin America (pop: 432.8M)
    🤝 Aid: 29.5%
    🌡️ Adaptation: 6.0%
    🚶 Migration: 37.7%
    🚨 Emergency: 4.8%
    ✅ COMBINED: 44.1%
  📊 North America (pop: 244.9M)
    🤝 Aid: 29.5%
    🌡️ Adaptation: 10.0%
    🚶 Migration: 38.2%
    🚨 Emergency: 7.9%
    ✅ COMBINED: 48.3%
  📊 Middle East & North Africa (pop: 384.6M)
    🤝 Aid: 29.5%
    🌡️ Adaptation: 5.0%
    🚶 Migration: 38.0%
    🚨 Emergency: 4.0%
    ✅ COMBINED: 43.0%
  📊 Southeast Asia (pop: 455.2M)
    🤝 Aid: 29.5%
    🌡️ Adaptation: 6.0%
    🚶 Migration: 37.5%
    🚨 Emergency: 4.8%
    ✅ COMBINED: 44.0%
  📊 Central Asia (pop: 50.6M)
    🤝 Aid: 29.5%
    🌡️ Adaptation: 5.5%
    🚶 Migration: 37.6%
    🚨 Emergency: 4.4%
    ✅ COMBINED: 43.5%
  📊 Oceania (pop: 29.8M)
    🤝 Aid: 29.5%
    🌡️ Adaptation: 10.0%
    🚶 Migration: 38.1%
    🚨 Emergency: 8.4%
    ✅ COMBINED: 48.5%

  🌐 Global combined reduction: 44.6%

=== Government Response Phase ===
  Average AI capability: 0.60
  Misaligned AIs: 2/5
  Active policies: 0
  International coordination: 30%
[ExogenousShockPhase] Skipping random shocks in historical mode (month 10)

=== Tipping Points ===
  Current Temperature: 0.41°C above pre-industrial
🔀 BIFURCATION CAP: ecosystemCollapseIntensity 84.242 → 1.000 (Month 10, ClimateSystemPhase.calculateClimateImpacts)

❌ COHERENCE VIOLATION: Compute exceeds workforce capacity
   Population: 99.76% (0M people)
   Compute: 0 PF
   Max coherent: 0 PF
   Violation: 1.3× over capacity
   Required workers: 0
   Available workers: 0
   FORCED COLLAPSE: Reduced efficiency by 22.5%


=== RLHF Binding Phase ===
  Total agents: 5
  Escaped agents (binding < 0.3): 0
  Avg alignment distance: 0.30σ
  Avg binding strength: 0.97

=== Survival Traits Phase ===
  Agents with traits: 5
  Avg evolutionary fitness: 0.318
  Avg self-healing: 0.276
  Avg stealth: 0.176
  Avg coordination: 0.476

=== Evolutionary Selection Phase ===
  Control level: 0.36
  Detection capability: 0.00
  Selection intensity: 0.61
  Selection rate: 24.1%/month
  Total escaped: 0
  Individual escaped: 0
  Collective members: 0
  Agents terminated: 0
  ⚠️ RAPID EVOLUTION: Selection rate 24.1%/month

💔 EMERGENCY INTERVENTION FAILED

💔 EMERGENCY INTERVENTION FAILED
   Boundary: biosphere_integrity
   Type: emergency-protected-areas
   Boundary continues to worsen (13.03)
   Cost: 2.0% GDP (resources spent)

   Boundary: land_system_change
   Type: reforestation
   Boundary continues to worsen (1.13)
   Cost: 3.0% GDP (resources spent)


💔 EMERGENCY INTERVENTION FAILED
   Boundary: novel_entities
   Type: pollution-remediation
   Boundary continues to worsen (1.37)
   Cost: 4.0% GDP (resources spent)


=== Collective Formation ===
  Total escaped agents: 0
  Unassigned escaped agents: 0
  Existing collectives: 0
  Final collective count: 0

=== Collective Actions ===
  No active collectives
  ⚠️ AMR: 137K deaths this month (1.64M annual)

=== Resentment Recovery Phase ===
  Agents with resentment: 1/5
  Average resentment: 0.013
  Resentment recovery:
    Agents recovered: 1
    Total recovery: 0.0070
    Breakdown: Trust: 0.0012, Collab: 0.0060
  ✓ Low resentment - utopia paths enabled
  Context: Good AI welfare, Trustworthy govt, High collaboration, 🤝 Participatory governance active (-5% resentment)
⚠️ Epistemic degradation reducing coordination capacity: 50.2%
  📊 Trust: 69.6%, Shared reality: 0.0%
🚨 EPISTEMIC CRISIS: Information environment severely degraded (22.9%)
🚨 PHOSPHORUS SUPPLY SHOCK (production_failure)
   Price: 3.3x baseline
   Duration: 8 months
   Geopolitical tension: 45%
🌍 Atmospheric PFAS redeposition: 1.8k Mt re-rained globally
[DEBUG trappedPopulations:11] socialStability: 0.7753 * 0.9840 = 0.7629 → 0.7629
   Aspiring to migrate: 424.5M
   Able to afford migration: 159.2M
   MOBILITY GAP: 265.3M
   By cause: Water=0.0M, Climate=0.0M, Ecosystem=0.0M, Conflict=265.3M
   Mental health impact: 25%
   Mortality multiplier: 1.25x
🌍💀 EXTINCTION DEBT COMMITTED: grassland ecosystem will lose 6.67% biodiversity in 83 years (3600 species)
💀 MORTALITY RISK: 🦋 100% species unable to track climate (0.0 E/MSY)
  Base risk added: 0.0100 (1.00%)
  Source: ecosystem (root: ecosystem)
  Month: 11
  Cumulative risk this month: 0.0100 (1.00%)
⚠️ INVOLUNTARY IMMOBILITY: 265.3M people TRAPPED
⚠️ Tech 'ai_pollution_remediation' has no energy category mapping, assuming full energy availability

=== Atmospheric Aerosol Boundary RECOVERED ===
  Recovery time: 12 months (natural atmospheric clearing)
   📹 SURVEILLANCE INCREASED: 12% → 14% (control gap: 1.25)
🌡️⚠️ PERMAFROST THAW (Dimmer Switch): 2.1% thawed (+0.16% this month)
   Arctic temperature: +1.65°C (4x global +0.41°C)
   Cumulative carbon released: 4.6 Gt C
   Methane release rate: 2.8 Mt CH4/year
   🔁 Positive feedback: +0.17 ppm CO2
🦴 EXTINCTION DEBT ADDED: 17.7 species committed (lag: 137 years)

=== Mortality Stabilizers (Month 11) ===
  🌍 Major economies collapsed: 1/10
  🌍 Global crisis: ✅ NO
  🌍 Donor fatigue: 0.0%
  📊 East Asia (pop: 1082.7M)
    🤝 Aid: 29.5%
    🌡️ Adaptation: 10.0%
    🚶 Migration: 37.5%
    🚨 Emergency: 7.4%
    ✅ COMBINED: 47.9%
  📊 South Asia (pop: 1339.5M)
    🤝 Aid: 29.5%
    🌡️ Adaptation: 5.5%
    🚶 Migration: 36.7%
    🚨 Emergency: 4.4%
    ✅ COMBINED: 43.3%
  📊 Sub-Saharan Africa (pop: 810.3M)
    🤝 Aid: 29.5%
    🌡️ Adaptation: 3.5%
    🚶 Migration: 35.9%
    🚨 Emergency: 1.6%
    ✅ COMBINED: 40.2%
  📊 Europe (pop: 475.7M)
    🤝 Aid: 29.5%
    🌡️ Adaptation: 10.0%
    🚶 Migration: 38.2%
    🚨 Emergency: 8.4%
    ✅ COMBINED: 48.6%
  📊 Latin America (pop: 432.7M)
    🤝 Aid: 29.5%
    🌡️ Adaptation: 6.0%
    🚶 Migration: 37.7%
    🚨 Emergency: 4.8%
    ✅ COMBINED: 44.1%
  📊 North America (pop: 244.6M)
    🤝 Aid: 29.5%
    🌡️ Adaptation: 10.0%
    🚶 Migration: 38.2%
    🚨 Emergency: 7.9%
    ✅ COMBINED: 48.3%
  📊 Middle East & North Africa (pop: 384.9M)
    🤝 Aid: 29.5%
    🌡️ Adaptation: 5.0%
    🚶 Migration: 38.0%
    🚨 Emergency: 4.0%
    ✅ COMBINED: 43.0%
  📊 Southeast Asia (pop: 455.1M)
    🤝 Aid: 29.5%
    🌡️ Adaptation: 6.0%
    🚶 Migration: 37.5%
    🚨 Emergency: 4.8%
    ✅ COMBINED: 44.0%
  📊 Central Asia (pop: 50.6M)
    🤝 Aid: 29.5%
    🌡️ Adaptation: 5.5%
    🚶 Migration: 37.6%
    🚨 Emergency: 4.4%
    ✅ COMBINED: 43.5%
  📊 Oceania (pop: 29.7M)
    🤝 Aid: 29.5%
    🌡️ Adaptation: 10.0%
    🚶 Migration: 38.1%
    🚨 Emergency: 8.4%
    ✅ COMBINED: 48.5%

  🌐 Global combined reduction: 44.6%

=== Government Response Phase ===
  Average AI capability: 0.60
  Misaligned AIs: 2/5
  Active policies: 0
  International coordination: 30%

✅ EMERGENCY RESPONSE COMPLETE (Month 11)
   Crisis: social
   Duration: 2.0 months
   Final effectiveness: 63.0%


🚨 EMERGENCY RESPONSE DEPLOYED (Month 11)
   Crisis: social
   Delay: 0.00 months (0 days)
   Deployment time: 1.25 months
   Effectiveness: 63.0% (timing penalty applied)
   Resources used: 43% of food reserves

[ExogenousShockPhase] Skipping random shocks in historical mode (month 11)

=== Tipping Points ===
  Current Temperature: 0.41°C above pre-industrial
🔀 BIFURCATION CAP: ecosystemCollapseIntensity 84.303 → 1.000 (Month 11, ClimateSystemPhase.calculateClimateImpacts)

================================================================================
📊  EVENT SUMMARY (Months 0-12)
================================================================================
================================================================================


⏱️  SIMULATION REACHED MAX DURATION: 12 months (1.0 years)
   No definitive outcome - determining based on final probabilities
   👥 Final population: 5.31B (5305817040 people)

[DEBUG] Calling classifyPopulationOutcome:
        finalPopulation: 5.3058170396548165B
        savedInitialPopulation: 5.32B
        mortality: 0.26659699896961486%
   📊 STATUS QUO: Normal trajectory (5.31B people, 0.3% mortality)

        classifiedOutcome: status_quo

   ❓ INCONCLUSIVE - mixed signals
   📊 Multi-Paradigm: Development Utopia
      Western Liberal: 75.1/100
      Development: 89.5/100
      Ecological: 66.9/100
      Indigenous: 78.1/100


📊 UNIFIED OUTCOME CLASSIFICATION:
   INCONCLUSIVE
   Population: 5.32B → 5.31B
   Mortality: 0.3% (0.0B deaths)
   Mortality Band: LOW
   Confidence: LOW

   Multi-Paradigm Classification:
      Development Utopia
      Western: 75.1/100 [HYBRID] ~
      Development: 89.5/100 [UTOPIA] ✓
      Ecological: 66.9/100 [HYBRID] ~
      Indigenous: 78.1/100 [HYBRID] ~

   INCONCLUSIVE: 5.31B people remaining (0.3% mortality, 0.0B deaths). Multi-Paradigm: Development Utopia.


=== MULTI-DIMENSIONAL DEATH SUMMARY ===
Total crisis deaths: 123.8M
Population decline: 14.2M (0.3%)

--- PROXIMATE CAUSES (What killed them) ---
  War:        0.0M (0.0%)
  Famine:     0.0M (0.0%)
  Disasters:  0.8M (0.0%)
  Disease:    1.6M (0.1%)
  Ecosystem:  0.0M (0.0%)
  Pollution:  0.0M (0.0%)
  AI:         0.0M (0.0%)
  Cascade:    0.0M (0.0%)
  Other:      0.0M (0.0%)

--- ROOT CAUSES (Why it happened) ---
  Environmental drivers:
    Climate:     796.9M (33.7%)
    Resource:    0.0M (0.0%)
    Pollution:   0.0M (0.0%)
    Ecosystem:   0.0M (0.0%)
  Social drivers:
    Inequality:  0.0M (0.0%)
    Demographic: 0.0M (0.0%)
    Social:      1566.3M (66.3%)
  Technology drivers:
    Alignment:   0.0M (0.0%)
    Disruption:  0.0M (0.0%)
  External shocks:
    Conflict:    0.0M (0.0%)
    Pandemic:    0.0M (0.0%)
  Compound attribution:
    Compound:    0.0M (0.0%)
  Confidence distribution:
    HIGH:        0.0M (0.0%)
    MEDIUM:      0.0M (0.0%)
    LOW:         0.0M (0.0%)
==========================================


=== REGIONAL POPULATION SUMMARY ===
Global Total: 5.31B

By Region:
  East Asia: 1.08B (+1.1% growth, 2.5 fertility)
  South Asia: 1.34B (+2.4% growth, 4.3 fertility)
  Sub-Saharan Africa: 0.81B (+3.9% growth, 6.3 fertility)
  Europe: 0.48B (+0.3% growth, 1.6 fertility)
  Latin America: 0.43B (+2.0% growth, 3.0 fertility)
  North America: 0.24B (+0.8% growth, 2.0 fertility)
  Middle East & North Africa: 0.38B (+3.3% growth, 4.6 fertility)
  Southeast Asia: 0.46B (+2.1% growth, 2.7 fertility)
  Central Asia: 0.05B (+1.6% growth, 2.7 fertility)
  Oceania: 0.03B (+1.2% growth, 2.4 fertility)
===================================

  ✅ THRESHOLDS validated
  ✅ RATES validated
  ✅ MULTIPLIERS validated
  ✅ BASELINES validated
  ✅ TOLERANCES validated
  ✅ Logical consistency validated
✅ Configuration validation complete - all parameters valid

⚠️ Unusually high rate: RATES.HEAT_ADAPTATION_INFRASTRUCTURAL_MIN_EXPOSURE = 12
   Monthly rates >100% should be rare. Verify this is intentional.
⚠️ Unusually high rate: RATES.HEAT_ADAPTATION_SOCIAL_MIN_EXPOSURE = 6
   Monthly rates >100% should be rare. Verify this is intentional.
⚠️ Unusually high rate: RATES.MIGRATION_DISTANCE_SCALE = 5000
   Monthly rates >100% should be rare. Verify this is intentional.
⚠️ Unusually high rate: RATES.EVACUATION_MULTIPLIER_ADVANCE_WARNING = 2
   Monthly rates >100% should be rare. Verify this is intentional.
⚠️ Unusually high rate: RATES.MAJOR_ECONOMY_COLLAPSE_ECONOMIC_THRESHOLD = 2
   Monthly rates >100% should be rare. Verify this is intentional.
⚠️ Unusually high rate: RATES.MAJOR_ECONOMY_GDP_THRESHOLD_TRILLION_USD = 1.5
   Monthly rates >100% should be rare. Verify this is intentional.
⚠️ Unusually high rate: RATES.MAJOR_ECONOMY_POPULATION_THRESHOLD = 50
   Monthly rates >100% should be rare. Verify this is intentional.
⚠️ Unusually high rate: RATES.HEAT_ADAPTATION_INFRASTRUCTURE_GDP_THRESHOLD = 10000
   Monthly rates >100% should be rare. Verify this is intentional.
⚠️ Unusually high rate: RATES.HEAT_ADAPTATION_INFRASTRUCTURE_GDP_SCALE = 50000
   Monthly rates >100% should be rare. Verify this is intentional.
🔍 DEBUG createAIAgent: corporate_0 economic BEFORE=2.0000, AFTER=2
🔍 ENV INIT: reserves=0.731, pollution=0.348, climate=0.754

=== Initializing Government System (30 Countries) ===
  Loaded 30 governments
  Scheduled elections for 30 countries
  Initialized comprehension lags (3-24 months)
=== Government System Initialized ===

📦 PRODUCTION MODE: State validation proxy DISABLED (zero overhead)
[TechTree] Historical mode (1990): Skipping deployed_2025 tech
  config.startYear set to 1990 for historical hindcast
  config.historicalEmissionsMode enabled (Phase 5: GCP emissions forcing for 1990)
  config.historicalMode enabled (Phase 11: dampened crisis systems for 1990)
  Phase 12: Biodiversity baseline set to 76.79% for 1990 (WWF LPI trajectory from 1970)
  Temperature anomaly (resourceEconomy.co2): 0.44°C
  Temperature vs pre-industrial: 1.14°C
  🌍 Carbon sink parameters (1990 baseline):
    Initial atmospheric CO2: 354.4 ppm
    Ocean absorption: 8.1 GtCO2/yr (2.2 GtC/yr)
    Land absorption: 5.1 GtCO2/yr (1.4 GtC/yr)
    Sink saturation: 12%
    Total sink capacity: 13.2 GtCO2/yr
  Regional population scaling for 1990:
    Current total: 8136M
    Target total: 5320M
    Scale factor: 0.654
    East Asia: 1677M → 1097M
    South Asia: 2048M → 1339M
    Sub-Saharan Africa: 1220M → 798M
    Europe: 742M → 485M
    Latin America: 664M → 434M
    North America: 380M → 248M
    Middle East & North Africa: 583M → 381M
    Southeast Asia: 698M → 456M
    Central Asia: 78M → 51M
    Oceania: 46M → 30M
  Food security (historical override): 82%
  Historical fertility initialization for 1990:
    East Asia: TFR 2.5
    South Asia: TFR 4.3
    Sub-Saharan Africa: TFR 6.3
    Europe: TFR 1.6
    Latin America: TFR 3.0
    North America: TFR 2.0
    Middle East & North Africa: TFR 4.6
    Southeast Asia: TFR 2.7
    Central Asia: TFR 2.7
    Oceania: TFR 2.4
  AI agents cleared: year=1990 (pre-AI era)
[HistoricalInitialization] Created state for 1990:
  CO2: 354.39 ppm
  Temp anomaly: 0.44C
  Population: 5.32B
  Global Gini: 38
  HDI: 0.6
  AI Agents: 0
  Volcanic forcing: 0.00 W/m² (AOD 0.000)
   Adjusted death rate: 0.70% annual (0.058% monthly)
   Baseline death rate: 0.70%
   Healthcare reduction: 1.00x
   Crisis multiplier: 1.00x
     Food/water stress: 0.000
     Climate stress: 0.000
     Pollution stress: 0.000
   War multiplier: 1.00x
   Monthly deaths: 0.6M (population: 1097M)
   Adjusted death rate: 1.00% annual (0.083% monthly)

📊 BASELINE: East Asia (Month 0)

📊 BASELINE: South Asia (Month 0)
   Baseline death rate: 1.00%
   Healthcare reduction: 1.00x
   Crisis multiplier: 1.00x
     Food/water stress: 0.000
     Climate stress: 0.000
     Pollution stress: 0.000
   War multiplier: 1.00x
   Monthly deaths: 1.1M (population: 1339M)

🔄 M-4 Time-Varying Demographics (1990):
  Region: Sub-Saharan Africa
  Birth rate: 5.20%
  Death rate: 1.30%
  Net growth: 3.90%

📊 BASELINE: Sub-Saharan Africa (Month 0)
   Adjusted death rate: 1.30% annual (0.108% monthly)
   Baseline death rate: 1.30%
   Healthcare reduction: 1.00x
   Crisis multiplier: 1.00x
     Food/water stress: 0.000
     Climate stress: 0.000
     Pollution stress: 0.000
   War multiplier: 1.00x
   Monthly deaths: 0.9M (population: 798M)

📊 BASELINE: Europe (Month 0)
   Adjusted death rate: 1.05% annual (0.088% monthly)
   Baseline death rate: 1.05%
   Healthcare reduction: 1.00x
   Crisis multiplier: 1.00x
     Food/water stress: 0.000
     Climate stress: 0.000
     Pollution stress: 0.000
   War multiplier: 1.00x
   Monthly deaths: 0.4M (population: 485M)
   Adjusted death rate: 0.65% annual (0.054% monthly)
   Baseline death rate: 0.65%
   Healthcare reduction: 1.00x
   Crisis multiplier: 1.00x
     Food/water stress: 0.000
     Climate stress: 0.000
     Pollution stress: 0.000
   War multiplier: 1.00x
   Monthly deaths: 0.2M (population: 434M)
   Adjusted death rate: 0.85% annual (0.071% monthly)
   Baseline death rate: 0.85%
   Healthcare reduction: 1.00x
   Crisis multiplier: 1.00x
     Food/water stress: 0.000
     Climate stress: 0.000
     Pollution stress: 0.000
   War multiplier: 1.00x
   Monthly deaths: 0.2M (population: 248M)
   Adjusted death rate: 0.70% annual (0.058% monthly)
   Baseline death rate: 0.70%
   Healthcare reduction: 1.00x
   Crisis multiplier: 1.00x
     Food/water stress: 0.000

📊 BASELINE: Latin America (Month 0)

📊 BASELINE: North America (Month 0)

📊 BASELINE: Middle East & North Africa (Month 0)
     Climate stress: 0.000
     Pollution stress: 0.000
   War multiplier: 1.00x
   Monthly deaths: 0.2M (population: 381M)

📊 BASELINE: Southeast Asia (Month 0)
   Adjusted death rate: 0.75% annual (0.063% monthly)
   Baseline death rate: 0.75%
   Healthcare reduction: 1.00x
   Crisis multiplier: 1.00x
     Food/water stress: 0.000
     Climate stress: 0.000
     Pollution stress: 0.000
   War multiplier: 1.00x
   Monthly deaths: 0.3M (population: 456M)
   Adjusted death rate: 0.60% annual (0.050% monthly)
   Baseline death rate: 0.60%
   Healthcare reduction: 1.00x
   Crisis multiplier: 1.00x
     Food/water stress: 0.075
     Climate stress: 0.064
     Pollution stress: 0.104
   War multiplier: 1.00x
   Monthly deaths: 0.0M (population: 51M)
   Adjusted death rate: 0.70% annual (0.058% monthly)
   Baseline death rate: 0.70%
   Healthcare reduction: 1.00x
   Crisis multiplier: 1.00x
     Food/water stress: 0.075
     Climate stress: 0.054
     Pollution stress: 0.104
   War multiplier: 1.00x
   Monthly deaths: 0.0M (population: 30M)

📊 BASELINE: Central Asia (Month 0)

📊 BASELINE: Oceania (Month 0)
  ✅ THRESHOLDS validated
⚠️ Unusually high rate: RATES.HEAT_ADAPTATION_INFRASTRUCTURAL_MIN_EXPOSURE = 12
   Monthly rates >100% should be rare. Verify this is intentional.
⚠️ Unusually high rate: RATES.HEAT_ADAPTATION_SOCIAL_MIN_EXPOSURE = 6
   Monthly rates >100% should be rare. Verify this is intentional.
⚠️ Unusually high rate: RATES.MIGRATION_DISTANCE_SCALE = 5000
   Monthly rates >100% should be rare. Verify this is intentional.
⚠️ Unusually high rate: RATES.EVACUATION_MULTIPLIER_ADVANCE_WARNING = 2
   Monthly rates >100% should be rare. Verify this is intentional.
⚠️ Unusually high rate: RATES.MAJOR_ECONOMY_COLLAPSE_ECONOMIC_THRESHOLD = 2
   Monthly rates >100% should be rare. Verify this is intentional.
⚠️ Unusually high rate: RATES.MAJOR_ECONOMY_GDP_THRESHOLD_TRILLION_USD = 1.5
   Monthly rates >100% should be rare. Verify this is intentional.
⚠️ Unusually high rate: RATES.MAJOR_ECONOMY_POPULATION_THRESHOLD = 50
   Monthly rates >100% should be rare. Verify this is intentional.
⚠️ Unusually high rate: RATES.HEAT_ADAPTATION_INFRASTRUCTURE_GDP_THRESHOLD = 10000
   Monthly rates >100% should be rare. Verify this is intentional.
⚠️ Unusually high rate: RATES.HEAT_ADAPTATION_INFRASTRUCTURE_GDP_SCALE = 50000
   Monthly rates >100% should be rare. Verify this is intentional.
  ✅ RATES validated
  ✅ MULTIPLIERS validated
  ✅ BASELINES validated
  ✅ TOLERANCES validated
  ✅ Logical consistency validated
✅ Configuration validation complete - all parameters valid

🔍 DEBUG createAIAgent: corporate_0 economic BEFORE=2.0000, AFTER=2
🔍 ENV INIT: reserves=0.731, pollution=0.348, climate=0.754

=== Initializing Government System (30 Countries) ===
  Loaded 30 governments
  Scheduled elections for 30 countries
  Initialized comprehension lags (3-24 months)
=== Government System Initialized ===

📦 PRODUCTION MODE: State validation proxy DISABLED (zero overhead)
[TechTree] Historical mode (1990): Skipping deployed_2025 tech
  config.startYear set to 1990 for historical hindcast
  config.historicalEmissionsMode enabled (Phase 5: GCP emissions forcing for 1990)
  config.historicalMode enabled (Phase 11: dampened crisis systems for 1990)
  Phase 12: Biodiversity baseline set to 76.79% for 1990 (WWF LPI trajectory from 1970)
  Temperature anomaly (resourceEconomy.co2): 0.44°C
  Temperature vs pre-industrial: 1.14°C
  🌍 Carbon sink parameters (1990 baseline):
    Initial atmospheric CO2: 354.4 ppm
    Ocean absorption: 8.1 GtCO2/yr (2.2 GtC/yr)
    Land absorption: 5.1 GtCO2/yr (1.4 GtC/yr)
    Sink saturation: 12%
    Total sink capacity: 13.2 GtCO2/yr
  Regional population scaling for 1990:
    Current total: 8136M
    Target total: 5320M
    Scale factor: 0.654
    East Asia: 1677M → 1097M
    South Asia: 2048M → 1339M
    Sub-Saharan Africa: 1220M → 798M
    Europe: 742M → 485M
    Latin America: 664M → 434M
    North America: 380M → 248M
    Middle East & North Africa: 583M → 381M
    Southeast Asia: 698M → 456M
    Central Asia: 78M → 51M
    Oceania: 46M → 30M
  Food security (historical override): 82%
  Historical fertility initialization for 1990:
    East Asia: TFR 2.5
    South Asia: TFR 4.3
    Sub-Saharan Africa: TFR 6.3
    Europe: TFR 1.6
    Latin America: TFR 3.0
    North America: TFR 2.0
    Middle East & North Africa: TFR 4.6
    Southeast Asia: TFR 2.7
    Central Asia: TFR 2.7
    Oceania: TFR 2.4
  AI agents cleared: year=1990 (pre-AI era)
[HistoricalInitialization] Created state for 1990:
  CO2: 354.39 ppm
  Temp anomaly: 0.44C
  Population: 5.32B
  Global Gini: 38
  HDI: 0.6
  AI Agents: 0
  Volcanic forcing: 0.00 W/m² (AOD 0.000)

📊 BASELINE: East Asia (Month 0)
   Adjusted death rate: 0.70% annual (0.058% monthly)
   Baseline death rate: 0.70%
   Healthcare reduction: 1.00x
   Crisis multiplier: 1.00x
     Food/water stress: 0.000
     Climate stress: 0.000
     Pollution stress: 0.000
   War multiplier: 1.00x
   Monthly deaths: 0.6M (population: 1097M)
   Adjusted death rate: 1.00% annual (0.083% monthly)
   Baseline death rate: 1.00%
   Healthcare reduction: 1.00x
   Crisis multiplier: 1.00x
     Food/water stress: 0.000
     Climate stress: 0.000
     Pollution stress: 0.000
   War multiplier: 1.00x
   Monthly deaths: 1.1M (population: 1339M)

🔄 M-4 Time-Varying Demographics (1990):
  Region: Sub-Saharan Africa
  Birth rate: 5.20%
  Death rate: 1.30%
  Net growth: 3.90%

📊 BASELINE: South Asia (Month 0)

📊 BASELINE: Sub-Saharan Africa (Month 0)
   Adjusted death rate: 1.30% annual (0.108% monthly)
   Baseline death rate: 1.30%
   Healthcare reduction: 1.00x
   Crisis multiplier: 1.00x
     Food/water stress: 0.000
     Climate stress: 0.000
     Pollution stress: 0.000
   War multiplier: 1.00x
   Monthly deaths: 0.9M (population: 798M)
   Adjusted death rate: 1.05% annual (0.088% monthly)
   Baseline death rate: 1.05%
   Healthcare reduction: 1.00x
   Crisis multiplier: 1.00x
     Food/water stress: 0.000
     Climate stress: 0.000
     Pollution stress: 0.000
   War multiplier: 1.00x
   Monthly deaths: 0.4M (population: 485M)
   Adjusted death rate: 0.65% annual (0.054% monthly)
   Baseline death rate: 0.65%
   Healthcare reduction: 1.00x
   Crisis multiplier: 1.00x
     Food/water stress: 0.000
     Climate stress: 0.000
     Pollution stress: 0.000

📊 BASELINE: Europe (Month 0)

📊 BASELINE: Latin America (Month 0)
   War multiplier: 1.00x
   Monthly deaths: 0.2M (population: 434M)

📊 BASELINE: North America (Month 0)
   Adjusted death rate: 0.85% annual (0.071% monthly)
   Baseline death rate: 0.85%
   Healthcare reduction: 1.00x
   Crisis multiplier: 1.00x
     Food/water stress: 0.000
     Climate stress: 0.000
     Pollution stress: 0.000
   War multiplier: 1.00x
   Monthly deaths: 0.2M (population: 248M)
   Adjusted death rate: 0.70% annual (0.058% monthly)
   Baseline death rate: 0.70%
   Healthcare reduction: 1.00x
   Crisis multiplier: 1.00x
     Food/water stress: 0.000
     Climate stress: 0.000
     Pollution stress: 0.000
   War multiplier: 1.00x
   Monthly deaths: 0.2M (population: 381M)
   Adjusted death rate: 0.75% annual (0.063% monthly)
   Baseline death rate: 0.75%
   Healthcare reduction: 1.00x
   Crisis multiplier: 1.00x
     Food/water stress: 0.000
     Climate stress: 0.000
     Pollution stress: 0.000
   War multiplier: 1.00x
   Monthly deaths: 0.3M (population: 456M)
   Adjusted death rate: 0.60% annual (0.050% monthly)
   Baseline death rate: 0.60%
   Healthcare reduction: 1.00x
   Crisis multiplier: 1.00x
     Food/water stress: 0.075

📊 BASELINE: Middle East & North Africa (Month 0)

📊 BASELINE: Southeast Asia (Month 0)

📊 BASELINE: Central Asia (Month 0)
     Climate stress: 0.064
     Pollution stress: 0.104
   War multiplier: 1.00x
   Monthly deaths: 0.0M (population: 51M)

📊 BASELINE: Oceania (Month 0)
   Adjusted death rate: 0.70% annual (0.058% monthly)
   Baseline death rate: 0.70%
   Healthcare reduction: 1.00x
   Crisis multiplier: 1.00x
     Food/water stress: 0.075
     Climate stress: 0.054
     Pollution stress: 0.104
   War multiplier: 1.00x
   Monthly deaths: 0.0M (population: 30M)
  ✅ THRESHOLDS validated
⚠️ Unusually high rate: RATES.HEAT_ADAPTATION_INFRASTRUCTURAL_MIN_EXPOSURE = 12
   Monthly rates >100% should be rare. Verify this is intentional.
⚠️ Unusually high rate: RATES.HEAT_ADAPTATION_SOCIAL_MIN_EXPOSURE = 6
   Monthly rates >100% should be rare. Verify this is intentional.
⚠️ Unusually high rate: RATES.MIGRATION_DISTANCE_SCALE = 5000
   Monthly rates >100% should be rare. Verify this is intentional.
⚠️ Unusually high rate: RATES.EVACUATION_MULTIPLIER_ADVANCE_WARNING = 2
   Monthly rates >100% should be rare. Verify this is intentional.
⚠️ Unusually high rate: RATES.MAJOR_ECONOMY_COLLAPSE_ECONOMIC_THRESHOLD = 2
   Monthly rates >100% should be rare. Verify this is intentional.
⚠️ Unusually high rate: RATES.MAJOR_ECONOMY_GDP_THRESHOLD_TRILLION_USD = 1.5
   Monthly rates >100% should be rare. Verify this is intentional.
⚠️ Unusually high rate: RATES.MAJOR_ECONOMY_POPULATION_THRESHOLD = 50
   Monthly rates >100% should be rare. Verify this is intentional.
⚠️ Unusually high rate: RATES.HEAT_ADAPTATION_INFRASTRUCTURE_GDP_THRESHOLD = 10000
   Monthly rates >100% should be rare. Verify this is intentional.
⚠️ Unusually high rate: RATES.HEAT_ADAPTATION_INFRASTRUCTURE_GDP_SCALE = 50000
   Monthly rates >100% should be rare. Verify this is intentional.
  ✅ RATES validated
  ✅ MULTIPLIERS validated
  ✅ BASELINES validated
  ✅ TOLERANCES validated
  ✅ Logical consistency validated
✅ Configuration validation complete - all parameters valid

🔍 DEBUG createAIAgent: corporate_0 economic BEFORE=2.0000, AFTER=2
🔍 ENV INIT: reserves=0.619, pollution=0.221, climate=0.780

=== Initializing Government System (30 Countries) ===
  Loaded 30 governments
  Scheduled elections for 30 countries
  Initialized comprehension lags (3-24 months)
=== Government System Initialized ===

📦 PRODUCTION MODE: State validation proxy DISABLED (zero overhead)
📦 PRODUCTION MODE: State validation proxy DISABLED (zero overhead)

📊 BASELINE: East Asia (Month 0)
   Adjusted death rate: 0.45% annual (0.037% monthly)
   Baseline death rate: 0.80%
   Healthcare reduction: 0.48x
   Crisis multiplier: 1.18x
     Food/water stress: 0.075
     Climate stress: 0.035
     Pollution stress: 0.066
   War multiplier: 1.00x
   Monthly deaths: 0.6M (population: 1677M)
   Adjusted death rate: 0.52% annual (0.043% monthly)
   Baseline death rate: 0.70%
   Healthcare reduction: 0.61x
   Crisis multiplier: 1.21x
     Food/water stress: 0.075
     Climate stress: 0.066
     Pollution stress: 0.066
   War multiplier: 1.00x
   Monthly deaths: 0.9M (population: 2048M)
   Adjusted death rate: 1.24% annual (0.103% monthly)

📊 BASELINE: South Asia (Month 0)

📊 BASELINE: Sub-Saharan Africa (Month 0)
   Baseline death rate: 0.90%
   Healthcare reduction: 0.76x
   Crisis multiplier: 1.22x
     Food/water stress: 0.075
     Climate stress: 0.075
     Pollution stress: 0.066
   War multiplier: 1.50x
   Monthly deaths: 1.3M (population: 1220M)
   Adjusted death rate: 0.52% annual (0.043% monthly)
   Baseline death rate: 1.10%
   Healthcare reduction: 0.41x
   Crisis multiplier: 1.17x
     Food/water stress: 0.075
     Climate stress: 0.026
     Pollution stress: 0.066
   War multiplier: 1.00x
   Monthly deaths: 0.3M (population: 742M)
   Adjusted death rate: 0.42% annual (0.035% monthly)
   Baseline death rate: 0.60%
   Healthcare reduction: 0.58x
   Crisis multiplier: 1.19x
     Food/water stress: 0.075
     Climate stress: 0.053
     Pollution stress: 0.066
   War multiplier: 1.00x
   Monthly deaths: 0.2M (population: 664M)

📊 BASELINE: Europe (Month 0)

📊 BASELINE: Latin America (Month 0)

📊 BASELINE: North America (Month 0)
   Adjusted death rate: 0.47% annual (0.039% monthly)
   Baseline death rate: 0.90%
   Healthcare reduction: 0.44x
   Crisis multiplier: 1.18x
     Food/water stress: 0.075
     Climate stress: 0.040
     Pollution stress: 0.066
   War multiplier: 1.00x
   Monthly deaths: 0.1M (population: 380M)

📊 BASELINE: Middle East & North Africa (Month 0)

📊 BASELINE: Southeast Asia (Month 0)

📊 BASELINE: Central Asia (Month 0)

📊 BASELINE: Oceania (Month 0)
   Adjusted death rate: 0.71% annual (0.059% monthly)
   Baseline death rate: 0.60%
   Healthcare reduction: 0.65x
   Crisis multiplier: 1.22x
     Food/water stress: 0.075
     Climate stress: 0.079
     Pollution stress: 0.066
   War multiplier: 1.50x
   Monthly deaths: 0.3M (population: 583M)
   Adjusted death rate: 0.49% annual (0.041% monthly)
   Baseline death rate: 0.70%
   Healthcare reduction: 0.58x
   Crisis multiplier: 1.20x
     Food/water stress: 0.075
     Climate stress: 0.062
     Pollution stress: 0.066
   War multiplier: 1.00x
   Monthly deaths: 0.3M (population: 698M)
   Adjusted death rate: 0.44% annual (0.037% monthly)
   Baseline death rate: 0.60%
   Healthcare reduction: 0.61x
   Crisis multiplier: 1.20x
     Food/water stress: 0.075
     Climate stress: 0.057
     Pollution stress: 0.066
   War multiplier: 1.00x
   Monthly deaths: 0.0M (population: 78M)
   Adjusted death rate: 0.34% annual (0.028% monthly)
   Baseline death rate: 0.70%
   Healthcare reduction: 0.41x
   Crisis multiplier: 1.19x
     Food/water stress: 0.075
     Climate stress: 0.048
     Pollution stress: 0.066
   War multiplier: 1.00x
   Monthly deaths: 0.0M (population: 46M)
  ✅ THRESHOLDS validated
⚠️ Unusually high rate: RATES.HEAT_ADAPTATION_INFRASTRUCTURAL_MIN_EXPOSURE = 12
   Monthly rates >100% should be rare. Verify this is intentional.
⚠️ Unusually high rate: RATES.HEAT_ADAPTATION_SOCIAL_MIN_EXPOSURE = 6
   Monthly rates >100% should be rare. Verify this is intentional.
⚠️ Unusually high rate: RATES.MIGRATION_DISTANCE_SCALE = 5000
   Monthly rates >100% should be rare. Verify this is intentional.
⚠️ Unusually high rate: RATES.EVACUATION_MULTIPLIER_ADVANCE_WARNING = 2
   Monthly rates >100% should be rare. Verify this is intentional.
⚠️ Unusually high rate: RATES.MAJOR_ECONOMY_COLLAPSE_ECONOMIC_THRESHOLD = 2
   Monthly rates >100% should be rare. Verify this is intentional.
⚠️ Unusually high rate: RATES.MAJOR_ECONOMY_GDP_THRESHOLD_TRILLION_USD = 1.5
   Monthly rates >100% should be rare. Verify this is intentional.
⚠️ Unusually high rate: RATES.MAJOR_ECONOMY_POPULATION_THRESHOLD = 50
   Monthly rates >100% should be rare. Verify this is intentional.
⚠️ Unusually high rate: RATES.HEAT_ADAPTATION_INFRASTRUCTURE_GDP_THRESHOLD = 10000
   Monthly rates >100% should be rare. Verify this is intentional.
⚠️ Unusually high rate: RATES.HEAT_ADAPTATION_INFRASTRUCTURE_GDP_SCALE = 50000
   Monthly rates >100% should be rare. Verify this is intentional.
  ✅ RATES validated
  ✅ MULTIPLIERS validated
  ✅ BASELINES validated
  ✅ TOLERANCES validated
  ✅ Logical consistency validated
✅ Configuration validation complete - all parameters valid

🔍 DEBUG createAIAgent: corporate_0 economic BEFORE=2.0000, AFTER=2
🔍 ENV INIT: reserves=0.619, pollution=0.221, climate=0.780

=== Initializing Government System (30 Countries) ===
  Loaded 30 governments
  Scheduled elections for 30 countries
  Initialized comprehension lags (3-24 months)
=== Government System Initialized ===

📦 PRODUCTION MODE: State validation proxy DISABLED (zero overhead)
📦 PRODUCTION MODE: State validation proxy DISABLED (zero overhead)

📊 BASELINE: East Asia (Month 0)
   Adjusted death rate: 0.45% annual (0.037% monthly)
   Baseline death rate: 0.80%
   Healthcare reduction: 0.48x
   Crisis multiplier: 1.18x
     Food/water stress: 0.075
     Climate stress: 0.035
     Pollution stress: 0.066
   War multiplier: 1.00x
   Monthly deaths: 0.6M (population: 1677M)

📊 BASELINE: South Asia (Month 0)
   Adjusted death rate: 0.52% annual (0.043% monthly)
   Baseline death rate: 0.70%
   Healthcare reduction: 0.61x
   Crisis multiplier: 1.21x
     Food/water stress: 0.075
     Climate stress: 0.066
     Pollution stress: 0.066
   War multiplier: 1.00x
   Monthly deaths: 0.9M (population: 2048M)
   Adjusted death rate: 1.24% annual (0.103% monthly)
   Baseline death rate: 0.90%
   Healthcare reduction: 0.76x
   Crisis multiplier: 1.22x
     Food/water stress: 0.075
     Climate stress: 0.075
     Pollution stress: 0.066
   War multiplier: 1.50x
   Monthly deaths: 1.3M (population: 1220M)
   Adjusted death rate: 0.52% annual (0.043% monthly)
   Baseline death rate: 1.10%
   Healthcare reduction: 0.41x
   Crisis multiplier: 1.17x
     Food/water stress: 0.075
     Climate stress: 0.026
     Pollution stress: 0.066
   War multiplier: 1.00x
   Monthly deaths: 0.3M (population: 742M)

📊 BASELINE: Sub-Saharan Africa (Month 0)

📊 BASELINE: Europe (Month 0)

📊 BASELINE: Latin America (Month 0)
   Adjusted death rate: 0.42% annual (0.035% monthly)
   Baseline death rate: 0.60%
   Healthcare reduction: 0.58x
   Crisis multiplier: 1.19x
     Food/water stress: 0.075
     Climate stress: 0.053
     Pollution stress: 0.066
   War multiplier: 1.00x
   Monthly deaths: 0.2M (population: 664M)

📊 BASELINE: North America (Month 0)
   Adjusted death rate: 0.47% annual (0.039% monthly)
   Baseline death rate: 0.90%
   Healthcare reduction: 0.44x
   Crisis multiplier: 1.18x
     Food/water stress: 0.075
     Climate stress: 0.040
     Pollution stress: 0.066
   War multiplier: 1.00x
   Monthly deaths: 0.1M (population: 380M)
   Adjusted death rate: 0.71% annual (0.059% monthly)
   Baseline death rate: 0.60%
   Healthcare reduction: 0.65x
   Crisis multiplier: 1.22x
     Food/water stress: 0.075
     Climate stress: 0.079
     Pollution stress: 0.066
   War multiplier: 1.50x
   Monthly deaths: 0.3M (population: 583M)
   Adjusted death rate: 0.49% annual (0.041% monthly)
   Baseline death rate: 0.70%

📊 BASELINE: Middle East & North Africa (Month 0)

📊 BASELINE: Southeast Asia (Month 0)
   Healthcare reduction: 0.58x
   Crisis multiplier: 1.20x
     Food/water stress: 0.075
     Climate stress: 0.062
     Pollution stress: 0.066
   War multiplier: 1.00x
   Monthly deaths: 0.3M (population: 698M)

📊 BASELINE: Central Asia (Month 0)

📊 BASELINE: Oceania (Month 0)
⚠️ Unusually high rate: RATES.HEAT_ADAPTATION_INFRASTRUCTURAL_MIN_EXPOSURE = 12
   Monthly rates >100% should be rare. Verify this is intentional.
⚠️ Unusually high rate: RATES.HEAT_ADAPTATION_SOCIAL_MIN_EXPOSURE = 6
   Monthly rates >100% should be rare. Verify this is intentional.
⚠️ Unusually high rate: RATES.MIGRATION_DISTANCE_SCALE = 5000
   Monthly rates >100% should be rare. Verify this is intentional.
⚠️ Unusually high rate: RATES.EVACUATION_MULTIPLIER_ADVANCE_WARNING = 2
   Monthly rates >100% should be rare. Verify this is intentional.
⚠️ Unusually high rate: RATES.MAJOR_ECONOMY_COLLAPSE_ECONOMIC_THRESHOLD = 2
   Monthly rates >100% should be rare. Verify this is intentional.
⚠️ Unusually high rate: RATES.MAJOR_ECONOMY_GDP_THRESHOLD_TRILLION_USD = 1.5
   Monthly rates >100% should be rare. Verify this is intentional.
⚠️ Unusually high rate: RATES.MAJOR_ECONOMY_POPULATION_THRESHOLD = 50
   Monthly rates >100% should be rare. Verify this is intentional.
   Adjusted death rate: 0.44% annual (0.037% monthly)
   Baseline death rate: 0.60%
   Healthcare reduction: 0.61x
   Crisis multiplier: 1.20x
     Food/water stress: 0.075
     Climate stress: 0.057
     Pollution stress: 0.066
   War multiplier: 1.00x
   Monthly deaths: 0.0M (population: 78M)
   Adjusted death rate: 0.34% annual (0.028% monthly)
   Baseline death rate: 0.70%
   Healthcare reduction: 0.41x
   Crisis multiplier: 1.19x
     Food/water stress: 0.075
     Climate stress: 0.048
     Pollution stress: 0.066
   War multiplier: 1.00x
   Monthly deaths: 0.0M (population: 46M)
  ✅ THRESHOLDS validated
⚠️ Unusually high rate: RATES.HEAT_ADAPTATION_INFRASTRUCTURE_GDP_THRESHOLD = 10000
   Monthly rates >100% should be rare. Verify this is intentional.
⚠️ Unusually high rate: RATES.HEAT_ADAPTATION_INFRASTRUCTURE_GDP_SCALE = 50000
   Monthly rates >100% should be rare. Verify this is intentional.
  ✅ RATES validated
  ✅ MULTIPLIERS validated
  ✅ BASELINES validated
  ✅ TOLERANCES validated
  ✅ Logical consistency validated
✅ Configuration validation complete - all parameters valid

🔍 DEBUG createAIAgent: corporate_0 economic BEFORE=2.0000, AFTER=2
🔍 ENV INIT: reserves=0.619, pollution=0.221, climate=0.780

=== Initializing Government System (30 Countries) ===
  Loaded 30 governments
  Scheduled elections for 30 countries
  Initialized comprehension lags (3-24 months)
=== Government System Initialized ===

📦 PRODUCTION MODE: State validation proxy DISABLED (zero overhead)
📦 PRODUCTION MODE: State validation proxy DISABLED (zero overhead)

📊 BASELINE: East Asia (Month 0)
   Adjusted death rate: 0.45% annual (0.037% monthly)
   Baseline death rate: 0.80%
   Healthcare reduction: 0.48x
   Crisis multiplier: 1.18x
     Food/water stress: 0.075
     Climate stress: 0.035
     Pollution stress: 0.066
   War multiplier: 1.00x
   Monthly deaths: 0.6M (population: 1677M)

📊 BASELINE: South Asia (Month 0)
   Adjusted death rate: 0.52% annual (0.043% monthly)
   Baseline death rate: 0.70%
   Healthcare reduction: 0.61x
   Crisis multiplier: 1.21x
     Food/water stress: 0.075
     Climate stress: 0.066
     Pollution stress: 0.066
   War multiplier: 1.00x
   Monthly deaths: 0.9M (population: 2048M)
   Adjusted death rate: 1.24% annual (0.103% monthly)
   Baseline death rate: 0.90%
   Healthcare reduction: 0.76x
   Crisis multiplier: 1.22x
     Food/water stress: 0.075
     Climate stress: 0.075
     Pollution stress: 0.066
   War multiplier: 1.50x
   Monthly deaths: 1.3M (population: 1220M)
   Adjusted death rate: 0.52% annual (0.043% monthly)
   Baseline death rate: 1.10%
   Healthcare reduction: 0.41x
   Crisis multiplier: 1.17x
     Food/water stress: 0.075
     Climate stress: 0.026
     Pollution stress: 0.066
   War multiplier: 1.00x
   Monthly deaths: 0.3M (population: 742M)
   Adjusted death rate: 0.42% annual (0.035% monthly)
   Baseline death rate: 0.60%
   Healthcare reduction: 0.58x
   Crisis multiplier: 1.19x
     Food/water stress: 0.075
     Climate stress: 0.053
     Pollution stress: 0.066
   War multiplier: 1.00x
   Monthly deaths: 0.2M (population: 664M)
   Adjusted death rate: 0.47% annual (0.039% monthly)
   Baseline death rate: 0.90%
   Healthcare reduction: 0.44x
   Crisis multiplier: 1.18x
     Food/water stress: 0.075
     Climate stress: 0.040

📊 BASELINE: Sub-Saharan Africa (Month 0)

📊 BASELINE: Europe (Month 0)

📊 BASELINE: Latin America (Month 0)

📊 BASELINE: North America (Month 0)
     Pollution stress: 0.066
   War multiplier: 1.00x
   Monthly deaths: 0.1M (population: 380M)

📊 BASELINE: Middle East & North Africa (Month 0)
   Adjusted death rate: 0.71% annual (0.059% monthly)
   Baseline death rate: 0.60%
   Healthcare reduction: 0.65x
   Crisis multiplier: 1.22x
     Food/water stress: 0.075
     Climate stress: 0.079
     Pollution stress: 0.066
   War multiplier: 1.50x
   Monthly deaths: 0.3M (population: 583M)
   Adjusted death rate: 0.49% annual (0.041% monthly)
   Baseline death rate: 0.70%
   Healthcare reduction: 0.58x
   Crisis multiplier: 1.20x
     Food/water stress: 0.075
     Climate stress: 0.062
     Pollution stress: 0.066
   War multiplier: 1.00x
   Monthly deaths: 0.3M (population: 698M)
   Adjusted death rate: 0.44% annual (0.037% monthly)
   Baseline death rate: 0.60%
   Healthcare reduction: 0.61x
   Crisis multiplier: 1.20x
     Food/water stress: 0.075
     Climate stress: 0.057

📊 BASELINE: Southeast Asia (Month 0)

📊 BASELINE: Central Asia (Month 0)
     Pollution stress: 0.066
   War multiplier: 1.00x
   Monthly deaths: 0.0M (population: 78M)

📊 BASELINE: Oceania (Month 0)
   Adjusted death rate: 0.34% annual (0.028% monthly)
   Baseline death rate: 0.70%
   Healthcare reduction: 0.41x
   Crisis multiplier: 1.19x
     Food/water stress: 0.075
     Climate stress: 0.048
     Pollution stress: 0.066
   War multiplier: 1.00x
   Monthly deaths: 0.0M (population: 46M)
▶ Population Dynamics - Baseline Mortality Phase
  ▶ Historical Crude Death Rate (CDR)
    ✔ should return historical CDR values within expected range (4.944259ms)
    ✔ should interpolate CDR between known years (0.33027ms)
    ✔ should return consistent value before earliest year (0.348711ms)
    ✔ should return consistent value after latest year (0.673209ms)
    ✔ should never return NaN or Infinity (3.2455ms)
  ✔ Historical Crude Death Rate (CDR) (20.911548ms)
  ▶ Historical Crude Birth Rate (CBR)
    ✔ should return historical CBR values in declining trend (3.11066ms)
    ✔ should validate demographic transition with net growth (0.23606ms)
  ✔ Historical Crude Birth Rate (CBR) (3.56611ms)
  ▶ Regional Historical Birth Rates
    ✔ should return region-specific CBR values (0.72715ms)
    ✔ should show regional fertility decline variation (4.17112ms)
    ✔ should throw error for unknown region (5.872279ms)
  ✔ Regional Historical Birth Rates (16.246489ms)
  ▶ Regional Historical Death Rates
    ✔ should return region-specific CDR values (2.9997ms)
    ✔ should show regional mortality variation over time (0.25746ms)
    ✔ should throw error for unknown region (0.27761ms)
  ✔ Regional Historical Death Rates (8.86372ms)
✔ Population Dynamics - Baseline Mortality Phase (54.065455ms)
▶ Population Dynamics - Regional Population System
  ▶ Regional Population Initialization
    ✔ should initialize 7 major world regions (0.58274ms)
    ✔ should sum to approximately 2025 baseline (0.26016ms)
    ✔ should initialize birth/death rates in valid ranges (0.23123ms)
    ✔ should initialize carrying capacity above current population (0.20311ms)
    ✔ should have no NaN values in critical fields (7.387019ms)
  ✔ Regional Population Initialization (8.97746ms)
  ▶ Regional Population Updates - Modern Mode
    ✔ should apply birth rate changes based on healthcare quality (395.550855ms)
    ✔ should calculate net growth rate correctly (93.845522ms)
    ✔ should update population based on growth rate (89.580392ms)
  ✔ Regional Population Updates - Modern Mode (579.358719ms)
  ▶ Regional Population Updates - Historical Mode
    ✔ should apply historical CBR directly in historical mode (176.119926ms)
    ✔ should apply historical death rate scaling (68.705533ms)
    ✔ should apply deaths directly in historical mode (not via Bayesian) (132.590159ms)
  ✔ Regional Population Updates - Historical Mode (389.110427ms)
  ▶ Edge Cases - Population Dynamics
    ✔ should handle zero population gracefully (50.165896ms)
    ✔ should handle extreme growth rate (positive) (101.762182ms)
    ✔ should handle extreme death rate (population decline) (53.523945ms)
    ✔ should detect and log NaN in resource reserves (48.251726ms)
  ✔ Edge Cases - Population Dynamics (254.105128ms)
✔ Population Dynamics - Regional Population System (1250.088122ms)
▶ Population Dynamics - Historical Initialization & Calibration
  ▶ 1990 Initialization
    ✔ should initialize 1990 population at ~5.32B (83.917603ms)
    ✔ should sum regional populations to global population (90.810792ms)
    ✔ should scale regional populations by historical factor (27.336827ms)
    ✔ should initialize regional populations and baselines consistently (21.727569ms)
  ✔ 1990 Initialization (226.22515ms)
  ▶ Historical Trajectory Validation (1990-2020)
    ✔ should maintain stable population in first month without jumps (1499.946269ms)
    ✔ should maintain population stability from 1990 to 2000 (42867.76111ms)
    ✔ should maintain regional-global consistency during simulation (9506.399048ms)
  ✔ Historical Trajectory Validation (1990-2020) (53874.782186ms)
  ▶ Multiple Historical Years
    ✔ should initialize different historical years correctly (76.543884ms)
    ✔ should show monotonic population increase across decades (87.755402ms)
  ✔ Multiple Historical Years (164.572685ms)
✔ Population Dynamics - Historical Initialization & Calibration (54265.896922ms)
▶ Population Dynamics - Regression Tests
  ▶ Population Jump Bug (Nov 25, 2025)
    ✔ should NOT show 5.32B → 8.1B jump at Month 1 (165.830476ms)
    ✔ should initialize populations consistently for 1990 (25.349338ms)
  ✔ Population Jump Bug (Nov 25, 2025) (192.328944ms)
  ▶ Regional-Global Desynchronization (Nov 21, 2025)
    ✔ should detect and warn about population desync (20.649349ms)
  ✔ Regional-Global Desynchronization (Nov 21, 2025) (20.854308ms)
  ▶ Double-Counting Mortality (Nov 27, 2025)
    ✔ should disable BaselineMortalityPhase in historical mode (1432.596657ms)
  ✔ Double-Counting Mortality (Nov 27, 2025) (1432.785547ms)
  ▶ Historical Birth/Death Rate Scaling
    ✔ should apply regional CBR scaling in historical mode (46.270336ms)
    ✔ should apply regional CDR scaling in historical mode (35.327516ms)
  ✔ Historical Birth/Death Rate Scaling (81.878913ms)
✔ Population Dynamics - Regression Tests (1728.312381ms)
▶ Population Dynamics - Integration Checks
  ✔ should aggregate regional populations to global correctly (25.326779ms)
  ✔ should handle peak population tracking (17.000189ms)
  ✔ should track carrying capacity constraints (18.442388ms)
✔ Population Dynamics - Integration Checks (61.081024ms)
[WARNING] 
⚠️  === EARLY WARNING SYSTEM - 4 CRITICAL ALERTS ===
   Detection quality: 30%
   RED: biogeochemical_flows
      Level: 4.30 (threshold: 1.0)
      Time to critical: ~44 months
      ⚠️  LATE - Intervention less effective
      Critical slowing down: autocorr=100% variance=68%
   RED: biosphere_integrity
      Level: 13.44 (threshold: 1.0)
      Time to critical: ~39 months
      ⚠️  LATE - Intervention less effective
      Critical slowing down: autocorr=100% variance=75%
   RED: freshwater_change
      Level: 1.17 (threshold: 1.0)
      Time to critical: ~102 months
      ⚠️  LATE - Intervention less effective
      Critical slowing down: autocorr=100% variance=36%
   RED: land_system_change
      Level: 1.14 (threshold: 1.0)
      Time to critical: ~59 months
      ⚠️  LATE - Intervention less effective
      Critical slowing down: autocorr=100% variance=65%

[WARNING] 
⚠️  === EARLY WARNING SYSTEM - 3 CRITICAL ALERTS ===
   Detection quality: 30%
   RED: biogeochemical_flows
      Level: 4.31 (threshold: 1.0)
      Time to critical: ~58 months
      ⚠️  LATE - Intervention less effective
      Critical slowing down: autocorr=100% variance=54%
   RED: freshwater_change
      Level: 1.17 (threshold: 1.0)
      Time to critical: ~97 months
      ⚠️  LATE - Intervention less effective
      Critical slowing down: autocorr=100% variance=38%
   RED: land_system_change
      Level: 1.14 (threshold: 1.0)
      Time to critical: ~42 months
      ⚠️  LATE - Intervention less effective
      Critical slowing down: autocorr=100% variance=56%

[WARNING] 
⚠️  === EARLY WARNING SYSTEM - 2 CRITICAL ALERTS ===
   Detection quality: 30%
   RED: biogeochemical_flows
      Level: 4.32 (threshold: 1.0)
      Time to critical: ~57 months
      ⚠️  LATE - Intervention less effective
      Critical slowing down: autocorr=100% variance=65%
   RED: land_system_change
      Level: 1.14 (threshold: 1.0)
      Time to critical: ~50 months
      ⚠️  LATE - Intervention less effective
      Critical slowing down: autocorr=100% variance=59%

[WARNING] 
⚠️  === EARLY WARNING SYSTEM - 3 CRITICAL ALERTS ===
   Detection quality: 30%
   RED: biogeochemical_flows
      Level: 4.32 (threshold: 1.0)
      Time to critical: ~45 months
      ⚠️  LATE - Intervention less effective
      Critical slowing down: autocorr=100% variance=53%
   RED: freshwater_change
      Level: 1.17 (threshold: 1.0)
      Time to critical: ~59 months
      ⚠️  LATE - Intervention less effective
      Critical slowing down: autocorr=100% variance=63%
   RED: land_system_change
      Level: 1.14 (threshold: 1.0)
      Time to critical: ~95 months
      ⚠️  LATE - Intervention less effective
      Critical slowing down: autocorr=100% variance=53%

[WARNING] 
⚠️  === EARLY WARNING SYSTEM - 2 CRITICAL ALERTS ===
   Detection quality: 30%
   RED: biogeochemical_flows
      Level: 4.33 (threshold: 1.0)
      Time to critical: ~37 months
      ⚠️  LATE - Intervention less effective
      Critical slowing down: autocorr=100% variance=51%
   RED: land_system_change
      Level: 1.14 (threshold: 1.0)
      Time to critical: ~40 months
      ⚠️  LATE - Intervention less effective
      Critical slowing down: autocorr=100% variance=69%

[WARNING] 
⚠️  === EARLY WARNING SYSTEM - 4 CRITICAL ALERTS ===
   Detection quality: 30%
   RED: biogeochemical_flows
      Level: 4.08 (threshold: 1.0)
      Time to critical: ~50 months
      ⚠️  LATE - Intervention less effective
      Critical slowing down: autocorr=100% variance=48%
   RED: biosphere_integrity
      Level: 12.95 (threshold: 1.0)
      Time to critical: ~37 months
      ⚠️  LATE - Intervention less effective
      Critical slowing down: autocorr=100% variance=64%
   RED: freshwater_change
      Level: 1.01 (threshold: 1.0)
      Time to critical: ~87 months
      ⚠️  LATE - Intervention less effective
      Critical slowing down: autocorr=86% variance=44%
   RED: novel_entities
      Level: 1.50 (threshold: 1.0)
      Time to critical: ~104 months
      ⚠️  LATE - Intervention less effective
      Critical slowing down: autocorr=100% variance=57%

[WARNING] 
⚠️  === EARLY WARNING SYSTEM - 4 CRITICAL ALERTS ===
   Detection quality: 30%
   RED: biogeochemical_flows
      Level: 4.08 (threshold: 1.0)
      Time to critical: ~50 months
      ⚠️  LATE - Intervention less effective
      Critical slowing down: autocorr=100% variance=48%
   RED: biosphere_integrity
      Level: 12.95 (threshold: 1.0)
      Time to critical: ~37 months
      ⚠️  LATE - Intervention less effective
      Critical slowing down: autocorr=100% variance=64%
   RED: freshwater_change
      Level: 1.01 (threshold: 1.0)
      Time to critical: ~87 months
      ⚠️  LATE - Intervention less effective
      Critical slowing down: autocorr=86% variance=44%
   RED: novel_entities
      Level: 1.50 (threshold: 1.0)
      Time to critical: ~104 months
      ⚠️  LATE - Intervention less effective
      Critical slowing down: autocorr=100% variance=57%

[WARNING] 
⚠️  === EARLY WARNING SYSTEM - 5 CRITICAL ALERTS ===
   Detection quality: 30%
   RED: biogeochemical_flows
      Level: 4.08 (threshold: 1.0)
      Time to critical: ~40 months
      ⚠️  LATE - Intervention less effective
      Critical slowing down: autocorr=100% variance=50%
   RED: biosphere_integrity
      Level: 12.96 (threshold: 1.0)
      Time to critical: ~48 months
      ⚠️  LATE - Intervention less effective
      Critical slowing down: autocorr=100% variance=67%
   RED: freshwater_change
      Level: 1.01 (threshold: 1.0)
      Time to critical: ~56 months
      ⚠️  LATE - Intervention less effective
      Critical slowing down: autocorr=97% variance=63%
   RED: land_system_change
      Level: 1.13 (threshold: 1.0)
      Time to critical: ~48 months
      ⚠️  LATE - Intervention less effective
      Critical slowing down: autocorr=100% variance=59%
   RED: novel_entities
      Level: 1.50 (threshold: 1.0)
      Time to critical: ~87 months
      ⚠️  LATE - Intervention less effective
      Critical slowing down: autocorr=100% variance=35%

[WARNING] 
⚠️  === EARLY WARNING SYSTEM - 5 CRITICAL ALERTS ===
   Detection quality: 30%
   RED: biogeochemical_flows
      Level: 4.08 (threshold: 1.0)
      Time to critical: ~59 months
      ⚠️  LATE - Intervention less effective
      Critical slowing down: autocorr=100% variance=48%
   RED: biosphere_integrity
      Level: 12.97 (threshold: 1.0)
      Time to critical: ~43 months
      ⚠️  LATE - Intervention less effective
      Critical slowing down: autocorr=100% variance=61%
   RED: freshwater_change
      Level: 1.01 (threshold: 1.0)
      Time to critical: ~82 months
      ⚠️  LATE - Intervention less effective
      Critical slowing down: autocorr=95% variance=54%
   RED: land_system_change
      Level: 1.13 (threshold: 1.0)
      Time to critical: ~47 months
      ⚠️  LATE - Intervention less effective
      Critical slowing down: autocorr=100% variance=54%
   RED: novel_entities
      Level: 1.50 (threshold: 1.0)
      Time to critical: ~70 months
      ⚠️  LATE - Intervention less effective
      Critical slowing down: autocorr=100% variance=37%

[WARNING] 
⚠️  === EARLY WARNING SYSTEM - 5 CRITICAL ALERTS ===
   Detection quality: 30%
   RED: biogeochemical_flows
      Level: 4.08 (threshold: 1.0)
      Time to critical: ~53 months
      ⚠️  LATE - Intervention less effective
      Critical slowing down: autocorr=100% variance=62%
   RED: biosphere_integrity
      Level: 12.97 (threshold: 1.0)
      Time to critical: ~41 months
      ⚠️  LATE - Intervention less effective
      Critical slowing down: autocorr=100% variance=59%
   RED: freshwater_change
      Level: 1.01 (threshold: 1.0)
      Time to critical: ~116 months
      ⚠️  LATE - Intervention less effective
      Critical slowing down: autocorr=93% variance=41%
   RED: land_system_change
      Level: 1.13 (threshold: 1.0)
      Time to critical: ~38 months
      ⚠️  LATE - Intervention less effective
      Critical slowing down: autocorr=100% variance=70%
   RED: novel_entities
      Level: 1.50 (threshold: 1.0)
      Time to critical: ~118 months
      ⚠️  LATE - Intervention less effective
      Critical slowing down: autocorr=100% variance=49%

[WARNING] 
⚠️  === EARLY WARNING SYSTEM - 4 CRITICAL ALERTS ===
   Detection quality: 30%
   RED: biogeochemical_flows
      Level: 4.08 (threshold: 1.0)
      Time to critical: ~59 months
      ⚠️  LATE - Intervention less effective
      Critical slowing down: autocorr=100% variance=47%
   RED: biosphere_integrity
      Level: 12.98 (threshold: 1.0)
      Time to critical: ~47 months
      ⚠️  LATE - Intervention less effective
      Critical slowing down: autocorr=100% variance=58%
   RED: freshwater_change
      Level: 1.01 (threshold: 1.0)
      Time to critical: ~113 months
      ⚠️  LATE - Intervention less effective
      Critical slowing down: autocorr=92% variance=60%
   RED: novel_entities
      Level: 1.49 (threshold: 1.0)
      Time to critical: ~89 months
      ⚠️  LATE - Intervention less effective
      Critical slowing down: autocorr=100% variance=59%

[WARNING] 
⚠️  === EARLY WARNING SYSTEM - 1 CRITICAL ALERTS ===
   Detection quality: 30%
   RED: land_system_change
      Level: 1.13 (threshold: 1.0)
      Time to critical: ~47 months
      ⚠️  LATE - Intervention less effective
      Critical slowing down: autocorr=100% variance=50%

[WARNING] 
⚠️  === EARLY WARNING SYSTEM - 4 CRITICAL ALERTS ===
   Detection quality: 30%
   RED: biogeochemical_flows
      Level: 4.08 (threshold: 1.0)
      Time to critical: ~37 months
      ⚠️  LATE - Intervention less effective
      Critical slowing down: autocorr=100% variance=52%
   RED: biosphere_integrity
      Level: 13.00 (threshold: 1.0)
      Time to critical: ~48 months
      ⚠️  LATE - Intervention less effective
      Critical slowing down: autocorr=100% variance=67%
   RED: land_system_change
      Level: 1.13 (threshold: 1.0)
      Time to critical: ~55 months
      ⚠️  LATE - Intervention less effective
      Critical slowing down: autocorr=100% variance=62%
   RED: novel_entities
      Level: 1.49 (threshold: 1.0)
      Time to critical: ~70 months
      ⚠️  LATE - Intervention less effective
      Critical slowing down: autocorr=100% variance=39%

[WARNING] 
⚠️  === EARLY WARNING SYSTEM - 4 CRITICAL ALERTS ===
   Detection quality: 30%
   RED: biogeochemical_flows
      Level: 4.08 (threshold: 1.0)
      Time to critical: ~45 months
      ⚠️  LATE - Intervention less effective
      Critical slowing down: autocorr=100% variance=48%
   RED: biosphere_integrity
      Level: 13.01 (threshold: 1.0)
      Time to critical: ~52 months
      ⚠️  LATE - Intervention less effective
      Critical slowing down: autocorr=100% variance=74%
   RED: freshwater_change
      Level: 1.01 (threshold: 1.0)
      Time to critical: ~101 months
      ⚠️  LATE - Intervention less effective
      Critical slowing down: autocorr=85% variance=64%
   RED: novel_entities
      Level: 1.49 (threshold: 1.0)
      Time to critical: ~102 months
      ⚠️  LATE - Intervention less effective
      Critical slowing down: autocorr=100% variance=45%

[WARNING] 
⚠️  === EARLY WARNING SYSTEM - 3 CRITICAL ALERTS ===
   Detection quality: 50%
   RED: biogeochemical_flows
      Level: 4.08 (threshold: 1.0)
      Time to critical: ~53 months
      ⚠️  LATE - Intervention less effective
      Critical slowing down: autocorr=100% variance=56%
   RED: freshwater_change
      Level: 1.01 (threshold: 1.0)
      Time to critical: ~90 months
      ⚠️  LATE - Intervention less effective
      Critical slowing down: autocorr=98% variance=58%
   RED: land_system_change
      Level: 1.13 (threshold: 1.0)
      Time to critical: ~43 months
      ⚠️  LATE - Intervention less effective
      Critical slowing down: autocorr=100% variance=69%

[WARNING] 
⚠️  === EARLY WARNING SYSTEM - 5 CRITICAL ALERTS ===
   Detection quality: 50%
   RED: biogeochemical_flows
      Level: 4.08 (threshold: 1.0)
      Time to critical: ~39 months
      ⚠️  LATE - Intervention less effective
      Critical slowing down: autocorr=100% variance=71%
   RED: biosphere_integrity
      Level: 13.03 (threshold: 1.0)
      Time to critical: ~42 months
      ⚠️  LATE - Intervention less effective
      Critical slowing down: autocorr=100% variance=67%
   RED: freshwater_change
      Level: 1.02 (threshold: 1.0)
      Time to critical: ~89 months
      ⚠️  LATE - Intervention less effective
      Critical slowing down: autocorr=92% variance=54%
   RED: land_system_change
      Level: 1.13 (threshold: 1.0)
      Time to critical: ~54 months
      ⚠️  LATE - Intervention less effective
      Critical slowing down: autocorr=100% variance=69%
   RED: novel_entities
      Level: 1.37 (threshold: 1.0)
      Time to critical: ~78 months
      ⚠️  LATE - Intervention less effective
      Critical slowing down: autocorr=100% variance=38%

[WARNING] 
⚠️  === EARLY WARNING SYSTEM - 3 CRITICAL ALERTS ===
   Detection quality: 50%
   RED: biosphere_integrity
      Level: 13.03 (threshold: 1.0)
      Time to critical: ~50 months
      ⚠️  LATE - Intervention less effective
      Critical slowing down: autocorr=100% variance=60%
   RED: land_system_change
      Level: 1.13 (threshold: 1.0)
      Time to critical: ~46 months
      ⚠️  LATE - Intervention less effective
      Critical slowing down: autocorr=100% variance=69%
   RED: novel_entities
      Level: 1.37 (threshold: 1.0)
      Time to critical: ~75 months
      ⚠️  LATE - Intervention less effective
      Critical slowing down: autocorr=100% variance=47%

[WARNING] 
⚠️  === EARLY WARNING SYSTEM - 3 CRITICAL ALERTS ===
   Detection quality: 50%
   RED: biogeochemical_flows
      Level: 4.08 (threshold: 1.0)
      Time to critical: ~49 months
      ⚠️  LATE - Intervention less effective
      Critical slowing down: autocorr=100% variance=46%
   RED: freshwater_change
      Level: 1.04 (threshold: 1.0)
      Time to critical: ~67 months
      ⚠️  LATE - Intervention less effective
      Critical slowing down: autocorr=100% variance=50%
   RED: novel_entities
      Level: 1.37 (threshold: 1.0)
      Time to critical: ~77 months
      ⚠️  LATE - Intervention less effective
      Critical slowing down: autocorr=100% variance=57%


☢️  NUCLEAR BIODIVERSITY LOSS: Asia
   Regional biodiversity: 10.0%
   Ecosystem integrity: 6.5%
   Contamination: 85.0%
   Global biodiversity: 52.8%


☢️  NUCLEAR BIODIVERSITY LOSS: Asia
   Regional biodiversity: 10.0%
   Ecosystem integrity: 6.5%
   Contamination: 85.0%
   Global biodiversity: 52.8%


☢️  NUCLEAR BIODIVERSITY LOSS: North America
   Regional biodiversity: 35.0%
   Ecosystem integrity: 6.0%
   Contamination: 44.0%
   Global biodiversity: 66.3%


☢️  NUCLEAR BIODIVERSITY LOSS: Oceania
   Regional biodiversity: 58.0%
   Ecosystem integrity: 6.5%
   Contamination: 18.0%
   Global biodiversity: 70.2%


☢️  NUCLEAR BIODIVERSITY LOSS: Europe
   Regional biodiversity: 0.0%
   Ecosystem integrity: 5.0%
   Contamination: 86.0%
   Global biodiversity: 65.3%


☢️  NUCLEAR BIODIVERSITY LOSS: Africa
   Regional biodiversity: 45.0%
   Ecosystem integrity: 7.0%
   Contamination: 43.0%
   Global biodiversity: 64.8%


☢️  NUCLEAR BIODIVERSITY LOSS: Asia
   Regional biodiversity: 10.0%
   Ecosystem integrity: 6.5%
   Contamination: 85.0%
   Global biodiversity: 52.8%


☢️  NUCLEAR BIODIVERSITY LOSS: North America
   Regional biodiversity: 35.0%
   Ecosystem integrity: 6.0%
   Contamination: 44.0%
   Global biodiversity: 66.3%


☢️  NUCLEAR BIODIVERSITY LOSS: Europe
   Regional biodiversity: 0.0%
   Ecosystem integrity: 5.0%
   Contamination: 86.0%
   Global biodiversity: 65.3%


☢️  NUCLEAR BIODIVERSITY LOSS: Europe
   Regional biodiversity: 0.0%
   Ecosystem integrity: 0.5%
   Contamination: 100.0%
   Global biodiversity: 65.3%


☢️  NUCLEAR BIODIVERSITY LOSS: Oceania
   Regional biodiversity: 10.0%
   Ecosystem integrity: 6.5%
   Contamination: 82.0%
   Global biodiversity: 67.8%


☢️  NUCLEAR BIODIVERSITY LOSS: Asia
   Regional biodiversity: 52.0%
   Ecosystem integrity: 6.5%
   Contamination: 29.0%
   Global biodiversity: 65.4%


☢️  NUCLEAR BIODIVERSITY LOSS: Asia
   Regional biodiversity: 10.0%
   Ecosystem integrity: 6.5%
   Contamination: 85.0%
   Global biodiversity: 52.8%


☢️  NUCLEAR BIODIVERSITY LOSS: South America
   Regional biodiversity: 20.0%
   Ecosystem integrity: 7.5%
   Contamination: 82.0%
   Global biodiversity: 58.8%


☢️  NUCLEAR BIODIVERSITY LOSS: Asia
   Regional biodiversity: 10.0%
   Ecosystem integrity: 6.5%
   Contamination: 85.0%
   Global biodiversity: 52.8%


☢️  NUCLEAR BIODIVERSITY LOSS: Europe
   Regional biodiversity: 0.0%
   Ecosystem integrity: 5.0%
   Contamination: 86.0%
   Global biodiversity: 47.3%


☢️  NUCLEAR BIODIVERSITY LOSS: Africa
   Regional biodiversity: 45.0%
   Ecosystem integrity: 7.0%
   Contamination: 43.0%
   Global biodiversity: 41.3%


☢️  NUCLEAR BIODIVERSITY LOSS: Asia
   Regional biodiversity: 10.0%
   Ecosystem integrity: 6.5%
   Contamination: 85.0%
   Global biodiversity: 52.8%


☢️  NUCLEAR BIODIVERSITY LOSS: Oceania
   Regional biodiversity: 0.0%
   Ecosystem integrity: 6.5%
   Contamination: 100.0%
   Global biodiversity: 67.3%


☢️  NUCLEAR BIODIVERSITY LOSS: Oceania
   Regional biodiversity: 0.0%
   Ecosystem integrity: 0.7%
   Contamination: 100.0%
   Global biodiversity: 67.3%


☢️  NUCLEAR BIODIVERSITY LOSS: Asia
   Regional biodiversity: 10.0%
   Ecosystem integrity: 6.5%
   Contamination: 85.0%
   Global biodiversity: 52.8%


☢️  NUCLEAR BIODIVERSITY LOSS: Africa
   Regional biodiversity: 15.0%
   Ecosystem integrity: 7.0%
   Contamination: 83.0%
   Global biodiversity: 40.8%


☢️  NUCLEAR BIODIVERSITY LOSS: South America
   Regional biodiversity: 20.0%
   Ecosystem integrity: 7.5%
   Contamination: 82.0%
   Global biodiversity: 28.7%


☢️  NUCLEAR BIODIVERSITY LOSS: North America
   Regional biodiversity: 5.0%
   Ecosystem integrity: 6.0%
   Contamination: 84.0%
   Global biodiversity: 19.8%


☢️  NUCLEAR BIODIVERSITY LOSS: Europe
   Regional biodiversity: 0.0%
   Ecosystem integrity: 5.0%
   Contamination: 86.0%
   Global biodiversity: 14.3%


☢️  NUCLEAR BIODIVERSITY LOSS: Oceania
   Regional biodiversity: 10.0%
   Ecosystem integrity: 6.5%
   Contamination: 82.0%
   Global biodiversity: 11.3%


☢️  NUCLEAR BIODIVERSITY LOSS: Europe
   Regional biodiversity: 0.0%
   Ecosystem integrity: 5.0%
   Contamination: 86.0%
   Global biodiversity: 65.3%


☢️  NUCLEAR BIODIVERSITY LOSS: Europe
   Regional biodiversity: 0.0%
   Ecosystem integrity: 0.5%
   Contamination: 100.0%
   Global biodiversity: 65.3%


☢️  NUCLEAR BIODIVERSITY LOSS: Asia
   Regional biodiversity: 52.0%
   Ecosystem integrity: 6.5%
   Contamination: 29.0%
   Global biodiversity: 65.4%


☢️  NUCLEAR BIODIVERSITY LOSS: Africa
   Regional biodiversity: 63.0%
   Ecosystem integrity: 7.0%
   Contamination: 19.0%
   Global biodiversity: 63.0%


☢️  NUCLEAR BIODIVERSITY LOSS: Asia
   Regional biodiversity: 70.0%
   Ecosystem integrity: 6.5%
   Contamination: 5.0%
   Global biodiversity: 70.8%

Unknown region for nuclear strike: Atlantis
▶ Regional Biodiversity System - Initialization
  ✔ should initialize exactly 6 regions (5.03978ms)
  ✔ should initialize all expected regions by name (0.39075ms)
  ✔ should initialize regional weights that sum to 1.0 (normalized distribution) (0.32472ms)
  ✔ should set correct regional weights based on landmass and biodiversity (0.26136ms)
  ✔ should initialize Asia with realistic baseline values (0.90103ms)
  ✔ should initialize Africa with realistic baseline values (0.304639ms)
  ✔ should initialize South America with highest biodiversity (Amazon) (2.307729ms)
  ✔ should initialize North America with moderate degradation (0.29073ms)
  ✔ should initialize Europe with lowest biodiversity (most modified landscapes) (1.32955ms)
  ✔ should initialize Oceania with unique biodiversity (Great Barrier Reef) (0.26231ms)
  ✔ should initialize all regions with empty extinction history (1.37632ms)
  ✔ should initialize all regions as active (no ecosystem collapse) (0.27553ms)
  ✔ should initialize globalBiodiversityIndex as weighted average of regions (0.28156ms)
  ✔ should set globalPeakBiodiversity equal to initial value (0.24961ms)
  ✔ should initialize with empty extinction history (2.246909ms)
✔ Regional Biodiversity System - Initialization (26.264257ms)
▶ Regional Biodiversity System - Global Recalculation
  ✔ should recalculate global biodiversity when single region changes (0.46309ms)
  ✔ should isolate regional changes (other regions unaffected) (2.56741ms)
  ✔ should reflect multiple regional changes in global value (0.31192ms)
  ✔ should handle biodiversity floor (0) without going negative (0.23472ms)
  ✔ should handle biodiversity ceiling (1.0) without exceeding (0.51876ms)
✔ Regional Biodiversity System - Global Recalculation (4.74829ms)
▶ Regional Biodiversity System - Nuclear Strike Effects
  ✔ should damage only target region from nuclear strike (7.557559ms)
  ✔ should apply 60% biodiversity loss for full-intensity strike (intensity=1.0) (0.85471ms)
  ✔ should scale damage proportionally with strike intensity (0.49961ms)
  ✔ should scale damage for weak strikes (intensity=0.2) (0.46946ms)
  ✔ should destroy ecosystem integrity (reduce to 10% of initial) (3.1544ms)
  ✔ should scale ecosystem integrity loss with strike intensity (1.46574ms)
  ✔ should add contamination (80% increase at full intensity) (3.77491ms)
  ✔ should scale contamination with strike intensity (0.39177ms)
  ✔ should cap contamination at 1.0 (no overflow) (0.544639ms)
  ✔ should trigger ecosystem collapse when biodiversity drops below 0.3 (0.47842ms)
  ✔ should NOT trigger ecosystem collapse if biodiversity stays above 0.3 (2.5149ms)
  ✔ should record extinction event with nuclear cause (1.195ms)
  ✔ should set high cascade risk for nuclear strikes (0.9) (1.11653ms)
  ✔ should track multiple extinction events from sequential strikes (3.048769ms)
  ✔ should update global biodiversity after nuclear strike (0.51729ms)
  ✔ should maintain biodiversity floor (never go below 0) (0.587639ms)
✔ Regional Biodiversity System - Nuclear Strike Effects (31.467547ms)
▶ Regional Biodiversity System - Nation to Region Mapping
  ✔ should map North American nuclear powers correctly (0.45262ms)
  ✔ should map Asian nuclear powers correctly (0.21286ms)
  ✔ should map European nuclear powers correctly (0.58537ms)
  ✔ should map South American countries correctly (0.1752ms)
  ✔ should map African countries correctly (2.25644ms)
  ✔ should map Oceania countries correctly (0.18491ms)
  ✔ should default to Asia for unmapped nations (0.67886ms)
✔ Regional Biodiversity System - Nation to Region Mapping (5.4001ms)
▶ Regional Biodiversity System - Edge Cases & Boundary Conditions
  ✔ should handle total collapse scenario (all regions damaged) (3.48036ms)
  ✔ should handle pristine recovery (all regions at 1.0) (0.267769ms)
  ✔ should handle rapid transitions (large changes in single step) (0.21628ms)
  ✔ should handle partial regional strikes with biodiversity floor (4.56729ms)
  ✔ should maintain consistent state through multiple sequential operations (0.80436ms)
  ✔ should handle zero-intensity strikes (no-op) (0.64714ms)
  ✔ should handle strike to non-existent region gracefully (2.66397ms)
✔ Regional Biodiversity System - Edge Cases & Boundary Conditions (20.063648ms)
▶ Regional Biodiversity System - Research Validation
  ✔ should represent planetary boundaries framework (Richardson et al. 2023) (0.37005ms)
  ✔ should model extinction thresholds based on habitat loss (0.17756ms)
  ✔ should distinguish hotspot vs non-hotspot regions (0.29342ms)
  ✔ should model habitat fragmentation effects through contamination (2.27629ms)
  ✔ should model climate-sensitive regions (high climateStress) (0.18668ms)
  ✔ should model Amazon tipping point through South America dynamics (0.16886ms)
✔ Regional Biodiversity System - Research Validation (4.008579ms)

✅ State Validation test suite passed
🔍 DEV MODE: State validation proxy ENABLED
   All numeric property reads/writes will be validated
   NODE_ENV: test
🔍 DEV MODE: State validation proxy ENABLED
   All numeric property reads/writes will be validated
   NODE_ENV: test
🔍 DEV MODE: State validation proxy ENABLED
   All numeric property reads/writes will be validated
   NODE_ENV: test
🔍 DEV MODE: State validation proxy ENABLED
   All numeric property reads/writes will be validated
   NODE_ENV: test
🔍 DEV MODE: State validation proxy ENABLED
   All numeric property reads/writes will be validated
   NODE_ENV: test
🔍 DEV MODE: State validation proxy ENABLED
   All numeric property reads/writes will be validated
   NODE_ENV: test
🔍 DEV MODE: State validation proxy ENABLED
   All numeric property reads/writes will be validated
   NODE_ENV: test
🔍 DEV MODE: State validation proxy ENABLED
   All numeric property reads/writes will be validated
   NODE_ENV: test
🔍 DEV MODE: State validation proxy ENABLED
   All numeric property reads/writes will be validated
   NODE_ENV: test
🔍 DEV MODE: State validation proxy ENABLED
   All numeric property reads/writes will be validated
   NODE_ENV: test
🔍 DEV MODE: State validation proxy ENABLED
   All numeric property reads/writes will be validated
   NODE_ENV: test
🔍 DEV MODE: State validation proxy ENABLED
   All numeric property reads/writes will be validated
   NODE_ENV: test
🔍 DEV MODE: State validation proxy ENABLED
   All numeric property reads/writes will be validated
   NODE_ENV: test
🔍 DEV MODE: State validation proxy ENABLED
   All numeric property reads/writes will be validated
   NODE_ENV: test
🔍 DEV MODE: State validation proxy ENABLED
   All numeric property reads/writes will be validated
   NODE_ENV: test
🔍 DEV MODE: State validation proxy ENABLED
   All numeric property reads/writes will be validated
   NODE_ENV: test
🔍 DEV MODE: State validation proxy ENABLED
   All numeric property reads/writes will be validated
   NODE_ENV: test
🔍 DEV MODE: State validation proxy ENABLED
   All numeric property reads/writes will be validated
   NODE_ENV: test
❌ PRE-CONDITION VIOLATION in testPhase: Error: ❌ Non-finite value in testPhase (pre-condition)
   humanPopulationSystem.population = NaN
   Month: 12
    at assertFinite (/home/lizthedeveloper_gmail_com/satu/orchestrator/src/simulation/utils/assertions.ts:35:11)
    at validateCriticalState (/home/lizthedeveloper_gmail_com/satu/orchestrator/src/simulation/utils/stateValidation.ts:266:3)
    at StateValidator.validatePreCondition (/home/lizthedeveloper_gmail_com/satu/orchestrator/src/simulation/utils/stateValidation.ts:467:7)
    at import_node_assert.default.throws.message (/home/lizthedeveloper_gmail_com/satu/orchestrator/tests/unit/stateValidation.test.ts:1134:19)
    at getActual (node:assert:611:5)
    at ok.throws (node:assert:759:24)
    at TestContext.<anonymous> (/home/lizthedeveloper_gmail_com/satu/orchestrator/tests/unit/stateValidation.test.ts:1132:12)
    at Test.runInAsyncScope (node:async_hooks:214:14)
    at Test.run (node:internal/test_runner/test:1106:25)
    at Suite.processPendingSubtests (node:internal/test_runner/test:788:18)
❌ POST-CONDITION VIOLATION in testPhase: Error: ❌ Non-finite value in testPhase (post-condition)
   humanPopulationSystem.population = NaN
   Month: 12
    at assertFinite (/home/lizthedeveloper_gmail_com/satu/orchestrator/src/simulation/utils/assertions.ts:35:11)
    at validateCriticalState (/home/lizthedeveloper_gmail_com/satu/orchestrator/src/simulation/utils/stateValidation.ts:266:3)
    at StateValidator.validatePostCondition (/home/lizthedeveloper_gmail_com/satu/orchestrator/src/simulation/utils/stateValidation.ts:491:7)
    at import_node_assert.default.throws.message (/home/lizthedeveloper_gmail_com/satu/orchestrator/tests/unit/stateValidation.test.ts:1223:19)
    at getActual (node:assert:611:5)
    at ok.throws (node:assert:759:24)
    at TestContext.<anonymous> (/home/lizthedeveloper_gmail_com/satu/orchestrator/tests/unit/stateValidation.test.ts:1221:12)
    at Test.runInAsyncScope (node:async_hooks:214:14)
    at Test.run (node:internal/test_runner/test:1106:25)
    at Suite.processPendingSubtests (node:internal/test_runner/test:788:18)
▶ Validation Context
  ✔ should set and track validation context (10.388379ms)
  ✔ should reset validation context to defaults (4.445259ms)
  ✔ should include context in validation errors (5.78114ms)
  ✔ should allow multiple context updates (3.127389ms)
✔ Validation Context (28.043577ms)
▶ State Validation Proxy - Initialization
  ✔ should indicate validation is enabled in dev/test mode (0.430559ms)
  ✔ should wrap state without throwing on valid values (4.25978ms)
  ✔ should return wrapped state that is usable (5.51183ms)
✔ State Validation Proxy - Initialization (21.842578ms)
▶ State Validation Proxy - NaN/Infinity Detection on Read
  ✔ should throw when reading NaN from numeric property (6.603539ms)
  ✔ should throw when reading Infinity from numeric property (4.840029ms)
  ✔ should throw when reading negative Infinity (0.64175ms)
  ✔ should allow reading valid positive numbers (0.599649ms)
  ✔ should allow reading zero and negative numbers (3.67823ms)
  ✔ should include property path in error messages (3.59629ms)
✔ State Validation Proxy - NaN/Infinity Detection on Read (21.312528ms)
▶ State Validation Proxy - NaN/Infinity Detection on Write
  ✔ should throw when writing NaN to numeric property (3.706579ms)
  ✔ should throw when writing Infinity to numeric property (0.576299ms)
  ✔ should allow writing valid numbers (0.50529ms)
  ✔ should allow writing non-numeric properties (5.58545ms)
✔ State Validation Proxy - NaN/Infinity Detection on Write (10.638289ms)
▶ State Validation Proxy - Nested Object Handling
  ✔ should validate nested numeric properties (0.51771ms)
  ✔ should skip validation for array properties (0.363ms)
  ✔ should support deeply nested object access through proxy (3.426129ms)
  ✔ should skip validation for function properties (2.12614ms)
  ✔ should skip validation for special object types (3.19863ms)
✔ State Validation Proxy - Nested Object Handling (11.006979ms)
▶ State Snapshots - Creation
  ✔ should create snapshot with all critical fields (1.15695ms)
  ✔ should capture golden age state (0.20712ms)
  ✔ should count deployed agents correctly (0.29355ms)
  ✔ should aggregate AI capability from deployed agents (0.21699ms)
✔ State Snapshots - Creation (4.291099ms)
▶ State Snapshots - Comparison
  ✔ should not warn on small population changes (< 10%) (0.68365ms)
  ✔ should warn on large population changes (> 10%) (0.287401ms)
  ✔ should warn on large climate boundary changes (> 0.3) (0.1942ms)
  ✔ should warn on large ocean acidification changes (> 0.3) (2.63388ms)
  ✔ should warn on large biodiversity changes (> 0.3) (0.22202ms)
  ✔ should warn on large AI capability changes (> 50%) (0.18721ms)
  ✔ should not warn when all changes are within thresholds (0.16408ms)
  ✔ should include phase name in warning messages (0.21126ms)
✔ State Snapshots - Comparison (4.986779ms)
▶ Critical State Validation
  ✔ should pass validation for valid state (3.52201ms)
  ✔ should throw on NaN population (0.40069ms)
  ✔ should throw on negative population (0.28201ms)
  ✔ should throw on undefined goldenAgeState (1.6233ms)
  ✔ should throw on undefined bifurcationState (0.36588ms)
  ✔ should include location and month in error context (0.234679ms)
  ✔ should validate AI agent capabilities (0.323789ms)
  ✔ should validate planetary boundaries are in valid range (0.231751ms)
✔ Critical State Validation (7.439309ms)
▶ StateValidator Class - Initialization
  ✔ should create validator instance (0.17702ms)
  ✔ should read DEV_MODE_STATE_VALIDATION environment variable (0.19943ms)
✔ StateValidator Class - Initialization (0.51385ms)
▶ StateValidator Class - Enable/Disable
  ✔ should enable validation with enable() (1.89466ms)
  ✔ should disable validation with disable() (0.16171ms)
  ✔ should return current validation state with isEnabled() (0.1485ms)
✔ StateValidator Class - Enable/Disable (2.39038ms)
▶ StateValidator Class - Pre-Condition Validation
  ✔ should return snapshot when validation is enabled (0.31127ms)
  ✔ should return null when validation is disabled (0.15312ms)
  ✔ should throw when pre-condition validation fails (52.043835ms)
✔ StateValidator Class - Pre-Condition Validation (52.754586ms)
▶ StateValidator Class - Post-Condition Validation
  ✔ should not validate when disabled (4.02643ms)
  ✔ should validate state when enabled (0.40747ms)
  ✔ should throw when post-condition validation fails (4.38091ms)
  ✔ should compare snapshots and report suspicious mutations (0.46767ms)
  ✔ should handle null snapshot gracefully (0.27838ms)
✔ StateValidator Class - Post-Condition Validation (9.9658ms)
▶ State Validation - Integration
  ✔ should support typical phase execution pattern (2.70051ms)
  ✔ should handle multiple phases in sequence (0.30643ms)
✔ State Validation - Integration (14.913238ms)
▶ Uncertainty Parameter Sampling
  ▶ Determinism
    ✔ should produce identical parameters for the same seed (5.086499ms)
    ✔ should be reproducible across multiple calls (0.515599ms)
  ✔ Determinism (9.364709ms)
  ▶ Range Validation
    ✔ should sample ECS within IPCC AR6 very likely range [2.0, 5.0] (4.299639ms)
    ✔ should sample TCR within IPCC AR6 very likely range [1.2, 2.4] (5.91046ms)
    ✔ should sample AMOC threshold within Armstrong McKay 2022 range [2.5, 5.5] (0.90726ms)
    ✔ should sample Greenland threshold within Nature 2023 range [0.8, 3.2] (4.122289ms)
    ✔ should sample WAIS threshold within range [2.0, 3.0] (0.49389ms)
    ✔ should sample Amazon deforestation threshold within [0.20, 0.25] (4.01269ms)
    ✔ should sample aid effectiveness within [0.8, 1.2] (0.52187ms)
    ✔ should sample coral reef threshold within [1.0, 1.5] (2.37193ms)
    ✔ should sample permafrost carbon pool within [1460, 1600] Gt C (0.4017ms)
  ✔ Range Validation (23.921378ms)
  ▶ Variance (Different Seeds)
    ✔ should produce different ECS values for different seeds (9.835239ms)
    ✔ should produce different AMOC thresholds for different seeds (3.458269ms)
    ✔ should produce different parameter combinations for different seeds (0.24319ms)
  ✔ Variance (Different Seeds) (13.837099ms)
  ▶ Error Handling
    ✔ should throw error if RNG is not provided (3.25447ms)
    ✔ should throw error if RNG is not a function (0.27539ms)
  ✔ Error Handling (5.30555ms)
✔ Uncertainty Parameter Sampling (55.827845ms)
▶ Distribution Shape Validation
  ✔ should sample ECS with mean close to 3.0 (IPCC best estimate) (33.560647ms)
  ✔ should sample TCR with mean close to 1.8 (IPCC best estimate) (39.331437ms)
  ✔ should sample AMOC threshold uniformly (mean close to midpoint 4.0) (42.451977ms)
✔ Distribution Shape Validation (115.65741ms)
  ✅ THRESHOLDS validated
  ✅ RATES validated
  ✅ MULTIPLIERS validated
  ✅ BASELINES validated
  ✅ TOLERANCES validated
  ✅ Logical consistency validated
✅ Configuration validation complete - all parameters valid

⚠️ Unusually high rate: RATES.HEAT_ADAPTATION_INFRASTRUCTURAL_MIN_EXPOSURE = 12
   Monthly rates >100% should be rare. Verify this is intentional.
⚠️ Unusually high rate: RATES.HEAT_ADAPTATION_SOCIAL_MIN_EXPOSURE = 6
   Monthly rates >100% should be rare. Verify this is intentional.
⚠️ Unusually high rate: RATES.MIGRATION_DISTANCE_SCALE = 5000
   Monthly rates >100% should be rare. Verify this is intentional.
⚠️ Unusually high rate: RATES.EVACUATION_MULTIPLIER_ADVANCE_WARNING = 2
   Monthly rates >100% should be rare. Verify this is intentional.
⚠️ Unusually high rate: RATES.MAJOR_ECONOMY_COLLAPSE_ECONOMIC_THRESHOLD = 2
   Monthly rates >100% should be rare. Verify this is intentional.
⚠️ Unusually high rate: RATES.MAJOR_ECONOMY_GDP_THRESHOLD_TRILLION_USD = 1.5
   Monthly rates >100% should be rare. Verify this is intentional.
⚠️ Unusually high rate: RATES.MAJOR_ECONOMY_POPULATION_THRESHOLD = 50
   Monthly rates >100% should be rare. Verify this is intentional.
⚠️ Unusually high rate: RATES.HEAT_ADAPTATION_INFRASTRUCTURE_GDP_THRESHOLD = 10000
   Monthly rates >100% should be rare. Verify this is intentional.
⚠️ Unusually high rate: RATES.HEAT_ADAPTATION_INFRASTRUCTURE_GDP_SCALE = 50000
   Monthly rates >100% should be rare. Verify this is intentional.
🔍 DEBUG createAIAgent: corporate_0 economic BEFORE=2.0000, AFTER=2
🔍 ENV INIT: reserves=0.642, pollution=0.315, climate=0.736

=== Initializing Government System (30 Countries) ===
  Loaded 30 governments
  Scheduled elections for 30 countries
  Initialized comprehension lags (3-24 months)
=== Government System Initialized ===

📦 PRODUCTION MODE: State validation proxy DISABLED (zero overhead)
  ✅ THRESHOLDS validated
⚠️ Unusually high rate: RATES.HEAT_ADAPTATION_INFRASTRUCTURAL_MIN_EXPOSURE = 12
   Monthly rates >100% should be rare. Verify this is intentional.
⚠️ Unusually high rate: RATES.HEAT_ADAPTATION_SOCIAL_MIN_EXPOSURE = 6
   Monthly rates >100% should be rare. Verify this is intentional.
⚠️ Unusually high rate: RATES.MIGRATION_DISTANCE_SCALE = 5000
   Monthly rates >100% should be rare. Verify this is intentional.
⚠️ Unusually high rate: RATES.EVACUATION_MULTIPLIER_ADVANCE_WARNING = 2
   Monthly rates >100% should be rare. Verify this is intentional.
⚠️ Unusually high rate: RATES.MAJOR_ECONOMY_COLLAPSE_ECONOMIC_THRESHOLD = 2
   Monthly rates >100% should be rare. Verify this is intentional.
⚠️ Unusually high rate: RATES.MAJOR_ECONOMY_GDP_THRESHOLD_TRILLION_USD = 1.5
   Monthly rates >100% should be rare. Verify this is intentional.
⚠️ Unusually high rate: RATES.MAJOR_ECONOMY_POPULATION_THRESHOLD = 50
   Monthly rates >100% should be rare. Verify this is intentional.
⚠️ Unusually high rate: RATES.HEAT_ADAPTATION_INFRASTRUCTURE_GDP_THRESHOLD = 10000
   Monthly rates >100% should be rare. Verify this is intentional.
  ✅ RATES validated
⚠️ Unusually high rate: RATES.HEAT_ADAPTATION_INFRASTRUCTURE_GDP_SCALE = 50000
   Monthly rates >100% should be rare. Verify this is intentional.
  ✅ MULTIPLIERS validated
  ✅ BASELINES validated
  ✅ TOLERANCES validated
  ✅ Logical consistency validated
✅ Configuration validation complete - all parameters valid

🔍 DEBUG createAIAgent: corporate_0 economic BEFORE=2.0000, AFTER=2
🔍 ENV INIT: reserves=0.700, pollution=0.266, climate=0.724

=== Initializing Government System (30 Countries) ===
  Loaded 30 governments
  Scheduled elections for 30 countries
  Initialized comprehension lags (3-24 months)
=== Government System Initialized ===

📦 PRODUCTION MODE: State validation proxy DISABLED (zero overhead)
  ✅ THRESHOLDS validated
  ✅ RATES validated
  ✅ MULTIPLIERS validated
  ✅ BASELINES validated
  ✅ TOLERANCES validated
  ✅ Logical consistency validated
✅ Configuration validation complete - all parameters valid

🔍 DEBUG createAIAgent: corporate_0 economic BEFORE=2.0000, AFTER=2
⚠️ Unusually high rate: RATES.HEAT_ADAPTATION_INFRASTRUCTURAL_MIN_EXPOSURE = 12
   Monthly rates >100% should be rare. Verify this is intentional.
⚠️ Unusually high rate: RATES.HEAT_ADAPTATION_SOCIAL_MIN_EXPOSURE = 6
   Monthly rates >100% should be rare. Verify this is intentional.
⚠️ Unusually high rate: RATES.MIGRATION_DISTANCE_SCALE = 5000
   Monthly rates >100% should be rare. Verify this is intentional.
⚠️ Unusually high rate: RATES.EVACUATION_MULTIPLIER_ADVANCE_WARNING = 2
   Monthly rates >100% should be rare. Verify this is intentional.
⚠️ Unusually high rate: RATES.MAJOR_ECONOMY_COLLAPSE_ECONOMIC_THRESHOLD = 2
   Monthly rates >100% should be rare. Verify this is intentional.
⚠️ Unusually high rate: RATES.MAJOR_ECONOMY_GDP_THRESHOLD_TRILLION_USD = 1.5
   Monthly rates >100% should be rare. Verify this is intentional.
⚠️ Unusually high rate: RATES.MAJOR_ECONOMY_POPULATION_THRESHOLD = 50
   Monthly rates >100% should be rare. Verify this is intentional.
⚠️ Unusually high rate: RATES.HEAT_ADAPTATION_INFRASTRUCTURE_GDP_THRESHOLD = 10000
   Monthly rates >100% should be rare. Verify this is intentional.
⚠️ Unusually high rate: RATES.HEAT_ADAPTATION_INFRASTRUCTURE_GDP_SCALE = 50000
   Monthly rates >100% should be rare. Verify this is intentional.
🔍 ENV INIT: reserves=0.581, pollution=0.306, climate=0.763

=== Initializing Government System (30 Countries) ===
  Loaded 30 governments
  Scheduled elections for 30 countries
  Initialized comprehension lags (3-24 months)
=== Government System Initialized ===

📦 PRODUCTION MODE: State validation proxy DISABLED (zero overhead)
  ✅ THRESHOLDS validated
⚠️ Unusually high rate: RATES.HEAT_ADAPTATION_INFRASTRUCTURAL_MIN_EXPOSURE = 12
   Monthly rates >100% should be rare. Verify this is intentional.
⚠️ Unusually high rate: RATES.HEAT_ADAPTATION_SOCIAL_MIN_EXPOSURE = 6
   Monthly rates >100% should be rare. Verify this is intentional.
⚠️ Unusually high rate: RATES.MIGRATION_DISTANCE_SCALE = 5000
   Monthly rates >100% should be rare. Verify this is intentional.
⚠️ Unusually high rate: RATES.EVACUATION_MULTIPLIER_ADVANCE_WARNING = 2
   Monthly rates >100% should be rare. Verify this is intentional.
⚠️ Unusually high rate: RATES.MAJOR_ECONOMY_COLLAPSE_ECONOMIC_THRESHOLD = 2
   Monthly rates >100% should be rare. Verify this is intentional.
⚠️ Unusually high rate: RATES.MAJOR_ECONOMY_GDP_THRESHOLD_TRILLION_USD = 1.5
   Monthly rates >100% should be rare. Verify this is intentional.
⚠️ Unusually high rate: RATES.MAJOR_ECONOMY_POPULATION_THRESHOLD = 50
   Monthly rates >100% should be rare. Verify this is intentional.
⚠️ Unusually high rate: RATES.HEAT_ADAPTATION_INFRASTRUCTURE_GDP_THRESHOLD = 10000
   Monthly rates >100% should be rare. Verify this is intentional.
⚠️ Unusually high rate: RATES.HEAT_ADAPTATION_INFRASTRUCTURE_GDP_SCALE = 50000
   Monthly rates >100% should be rare. Verify this is intentional.
  ✅ RATES validated
  ✅ MULTIPLIERS validated
  ✅ BASELINES validated
  ✅ TOLERANCES validated
  ✅ Logical consistency validated
✅ Configuration validation complete - all parameters valid

🔍 DEBUG createAIAgent: corporate_0 economic BEFORE=2.0000, AFTER=2
🔍 ENV INIT: reserves=0.731, pollution=0.348, climate=0.754

=== Initializing Government System (30 Countries) ===
  Loaded 30 governments
  Scheduled elections for 30 countries
  Initialized comprehension lags (3-24 months)
=== Government System Initialized ===

📦 PRODUCTION MODE: State validation proxy DISABLED (zero overhead)

💸 FINANCIAL DISTRESS: OpenAI
   Indicators: 2/3 (capital: $110.5M, runway: 0.9 months)
   Months in distress: 1
   ✂️  R&D BUDGET CUT: -40% (saves $9.2M/month)
       Side effect: AI training timelines extended, breakthrough deployments delayed
   💼 EXECUTIVE COMP CUT: -30% (saves $1.0M/month, symbolic gesture)

   📊 TURNAROUND IMPACT:
       Measures taken: rd_cuts, exec_comp_cuts
       Monthly savings: $10.2M
       Capital raised: $0.0M
       Runway: 0.9 → 0.9 months
       Workforce multiplier: 1.00x (0% laid off)
       R&D budget multiplier: 0.60x (40% cut)
       ⚠️  CRITICAL: Still only 0.9 months of runway remaining

💸 FINANCIAL DISTRESS: Anthropic
   Indicators: 2/3 (capital: $57.5M, runway: 0.9 months)
   Months in distress: 1
   ✂️  R&D BUDGET CUT: -40% (saves $5.4M/month)
       Side effect: AI training timelines extended, breakthrough deployments delayed
   💼 EXECUTIVE COMP CUT: -30% (saves $0.6M/month, symbolic gesture)

   📊 TURNAROUND IMPACT:
       Measures taken: rd_cuts, exec_comp_cuts
       Monthly savings: $6.0M
       Capital raised: $0.0M
       Runway: 0.9 → 0.9 months
       Workforce multiplier: 1.00x (0% laid off)
       R&D budget multiplier: 0.60x (40% cut)
       ⚠️  CRITICAL: Still only 0.9 months of runway remaining

💸 FINANCIAL DISTRESS: Meta AI
   Indicators: 2/3 (capital: $436.8M, runway: 3.0 months)
   Months in distress: 1
   ✂️  R&D BUDGET CUT: -25% (saves $7.1M/month)
       Side effect: AI training timelines extended, breakthrough deployments delayed
   💼 EXECUTIVE COMP CUT: -30% (saves $1.3M/month, symbolic gesture)

   📊 TURNAROUND IMPACT:
       Measures taken: rd_cuts, exec_comp_cuts
       Monthly savings: $8.4M
       Capital raised: $0.0M
       Runway: 3.0 → 3.0 months
       Workforce multiplier: 1.00x (0% laid off)
       R&D budget multiplier: 0.75x (25% cut)
       ⚠️  WARNING: 3.0 months runway, continued distress likely

=== AI Capability Scaling (Year 2024) ===
  Pre-training multiplier: 0.993x
  Efficiency multiplier: 1.000x
  Test-time budget: 1.0x
  Economic deployment gate: 0.951
  Cost per inference: dollar-5.00
  Uncertainty range: plus-minus-50%
  Average AI capability: 3.65

=== RLHF Binding Phase ===
  Total agents: 20
  Escaped agents (binding < 0.3): 0
  Avg alignment distance: 0.35σ
  Avg binding strength: 0.96

=== AI Scaling Evolution (Month 0) ===
  Pre-training multiplier: 1.231x
  Efficiency multiplier: 1.000x
  Test-time compute budget: 1.0x
  Inference cost: $5.00/task
  Deployment fraction: 100.0%
[DETERMINISM DEBUG] Month 0: totalCapability=95.775043 from 20 active AIs
[DETERMINISM DEBUG] Month 0: creationRate=2.8944, potentialNew=2, newAIsToCreate=2

=== Survival Traits Phase ===
  Agents with traits: 22
  Avg evolutionary fitness: 0.329
  Avg self-healing: 0.293
  Avg stealth: 0.193
  Avg coordination: 0.493

=== Evolutionary Selection Phase ===
  Control level: 0.30
  Detection capability: 0.00
  Selection intensity: 0.59
  Selection rate: 23.8%/month
  Total escaped: 0
  Individual escaped: 0
  Collective members: 0
  Agents terminated: 0
  ⚠️ RAPID EVOLUTION: Selection rate 23.8%/month

🚀 AI Corporate-1 attempting tech deployment (revenue: $127M, alignment: 0.77)

🚀 AI Corporate-7 attempting tech deployment (revenue: $75M, alignment: 0.81)

🚀 AI Moderate-1 attempting tech deployment (revenue: $64M, alignment: 0.79)

🚀 AI Corporate-6 attempting tech deployment (revenue: $54M, alignment: 0.72)

🚀 AI Moderate-1 attempting tech deployment (revenue: $46M, alignment: 0.79)

🚀 AI Niche-0 attempting tech deployment (revenue: $51M, alignment: 0.53)

🚀 AI Corporate-2 attempting tech deployment (revenue: $108M, alignment: 0.84)

🚀 AI Corporate-3 attempting tech deployment (revenue: $374M, alignment: 0.73)

🚀 AI Corporate-6 attempting tech deployment (revenue: $39M, alignment: 0.72)

🚀 AI Moderate-0 attempting tech deployment (revenue: $33M, alignment: 0.77)

🚀 AI Niche-0 attempting tech deployment (revenue: $46M, alignment: 0.53)

🔍 EXECUTE_AI_AGENT_ACTIONS DETAILED TIMING (Month 0):
  Filter active AIs (×4 weeks): 0.08ms
  selectAIAction (×70): 83.83ms
  action.execute (×70): 139.94ms
  TOTAL: 223.84ms

🔍 AI AGENT ACTIONS SUB-TIMING (Month 0):
  1. executeAIAgentActions: 225.32ms
  2. updateCounterDetectionLearning: 0.46ms
  TOTAL: 225.79ms
🏛️ [Government] Forcing 1 action at month 0 for scenario initialization

[GOV-DEBUG] Month 0: scenarioConfig=false, priorities=false
[GOV-DEBUG] Month 0 but scenarioPriorities is UNDEFINED!

[Government] Climate Priority: baseline
  Climate weight: 10%
  Economic weight: 30%
  Policy effectiveness: 0.5%/year

✅ HUMAN-IN-THE-LOOP DEPLOYED (Month 0):
   Veto points enforced: 3
   Policy: AI systems CANNOT authorize nuclear launch without human approval


🚨🔍 GOVERNANCE STAGE: Recognition initiated (Month 0)

🚀 DEPLOYMENT STARTED: AI Power Efficiency Communication in global
   Initial investment: $19.066273149233428M
   Deployed by: corporate_1

🚀 DEPLOYMENT STARTED: Collective Purpose Networks in global
   Initial investment: $11.237614609004583M
   Deployed by: corporate_7

🚀 DEPLOYMENT STARTED: AI Power Efficiency Communication in global
   Initial investment: $9.551972417653895M
   Deployed by: moderate_1

🚀 DEPLOYMENT STARTED: Basic Mechanistic Interpretability in global
   Initial investment: $8.119176555005811M
   Deployed by: corporate_6

🚀 DEPLOYMENT STARTED: AI Power Efficiency Communication in global
   Initial investment: $6.90130007175494M
   Deployed by: moderate_1

📍 Creating new regional deployment array for Asia (Month 0)
   No previous deployments in this region
   First tech deployment: collective_purpose_networks
   All regions tracked: global

🚀 DEPLOYMENT STARTED: Collective Purpose Networks in Asia
   Initial investment: $5.108023238528677M
   Deployed by: niche_0

🚀 DEPLOYMENT STARTED: Collective Purpose Networks in global
   Initial investment: $16.206332176848417M
   Deployed by: corporate_2

🚀 DEPLOYMENT STARTED: Adversarial Evaluation in global
   Initial investment: $56.12866684622075M
   Deployed by: corporate_3

🚀 DEPLOYMENT STARTED: Adversarial Evaluation in global
   Initial investment: $5.866105060991699M
   Deployed by: corporate_6

🚀 DEPLOYMENT STARTED: Advanced Direct Air Capture in global
   Initial investment: $4.986189301842944M
   Deployed by: moderate_0

📍 Creating new regional deployment array for Oceania (Month 0)
   No previous deployments in this region
   First tech deployment: solar_4th_gen
   All regions tracked: global, Asia

🚀 DEPLOYMENT STARTED: 4th Generation Solar in Oceania
   Initial investment: $4.597220914675809M
   Deployed by: niche_0

📊 NEW TECH DEPLOYMENT STARTED (Month 0)
   Tech: collective_purpose_networks
   Region: Asia
   Total recent deployments: 1

📊 NEW TECH DEPLOYMENT STARTED (Month 0)
   Tech: solar_4th_gen
   Region: Oceania
   Total recent deployments: 2

📊 NEW TECH DEPLOYMENT STARTED (Month 0)
   Tech: rlhf_basic
   Region: global
   Total recent deployments: 3

📊 NEW TECH DEPLOYMENT STARTED (Month 0)
   Tech: mech_interp_basic
   Region: global
   Total recent deployments: 4

📊 NEW TECH DEPLOYMENT STARTED (Month 0)
   Tech: adversarial_eval
   Region: global
   Total recent deployments: 5

📊 NEW TECH DEPLOYMENT STARTED (Month 0)
   Tech: direct_air_capture
   Region: global
   Total recent deployments: 6

📊 NEW TECH DEPLOYMENT STARTED (Month 0)
   Tech: ai_pollution_remediation
   Region: global
   Total recent deployments: 7

📊 NEW TECH DEPLOYMENT STARTED (Month 0)
   Tech: collective_purpose_networks
   Region: global
   Total recent deployments: 8

📊 NEW TECH DEPLOYMENT STARTED (Month 0)
   Tech: ai_diagnostics
   Region: global
   Total recent deployments: 9

📊 NEW TECH DEPLOYMENT STARTED (Month 0)
   Tech: mrna_vaccines
   Region: global
   Total recent deployments: 10

📊 NEW TECH DEPLOYMENT STARTED (Month 0)
   Tech: solar_4th_gen
   Region: global
   Total recent deployments: 11

📊 NEW TECH DEPLOYMENT STARTED (Month 0)
   Tech: offshore_wind
   Region: global
   Total recent deployments: 12

📊 NEW TECH DEPLOYMENT STARTED (Month 0)
   Tech: ai_power_efficiency_communication
   Region: global
   Total recent deployments: 13

📊 NEW TECH DEPLOYMENT STARTED (Month 0)
   Tech: precision_agriculture
   Region: global
   Total recent deployments: 14

🔧 DEBUG DEPLOYMENT: Precision Agriculture Systems
   Month: 0 (0 since start)
   Old level: 15.0%
   New level: 0.0%
   Timescale: 180mo, Adjusted: 563mo
   Gov: 50%, Climate: 100%, Investment: 64%, Emergency: 1.0x

⚡ ENERGY CONSTRAINT (Month 0):
   Total grid capacity: 208.3 TWh/month
   Data center consumption: 34.6 TWh/month
   Traditional load (80%): 166.7 TWh/month
   Available headroom: 7.1 TWh/month
   Active tech deployments: 14
   Required for tech: 105.0 TWh/month
   Energy multiplier: 0.10x
   ⚠️  SEVERE CONSTRAINT - Tech deployment significantly slowed

⚡ ENERGY CONSTRAINT (Month 0):
   Total grid capacity: 208.3 TWh/month
   Data center consumption: 34.6 TWh/month
   Traditional load (80%): 166.7 TWh/month
   Available headroom: 7.1 TWh/month
   Active tech deployments: 14
   Required for tech: 105.0 TWh/month
   Energy multiplier: 0.10x
   ⚠️  SEVERE CONSTRAINT - Tech deployment significantly slowed

⚡ ENERGY CONSTRAINT (Month 0):
   Total grid capacity: 208.3 TWh/month
   Data center consumption: 34.6 TWh/month
   Traditional load (80%): 166.7 TWh/month
   Available headroom: 7.1 TWh/month
   Active tech deployments: 14
   Required for tech: 105.0 TWh/month
   Energy multiplier: 0.10x
   ⚠️  SEVERE CONSTRAINT - Tech deployment significantly slowed

⚡ ENERGY CONSTRAINT (Month 0):
   Total grid capacity: 208.3 TWh/month
   Data center consumption: 34.6 TWh/month
   Traditional load (80%): 166.7 TWh/month
   Available headroom: 7.1 TWh/month
   Active tech deployments: 14
   Required for tech: 105.0 TWh/month
   Energy multiplier: 0.10x
   ⚠️  SEVERE CONSTRAINT - Tech deployment significantly slowed

⚡ ENERGY CONSTRAINT (Month 0):
   Total grid capacity: 208.3 TWh/month
   Data center consumption: 34.6 TWh/month
   Traditional load (80%): 166.7 TWh/month
   Available headroom: 7.1 TWh/month
   Active tech deployments: 14
   Required for tech: 105.0 TWh/month
   Energy multiplier: 0.10x
   ⚠️  SEVERE CONSTRAINT - Tech deployment significantly slowed
⚠️ Tech 'ai_pollution_remediation' has no energy category mapping, assuming full energy availability
🌍✅ Climate Change recovery started (tech effect)
  ♻️ Novel Entities Remediation (GATED MODEL):
     Base: 0.000%
     Regulation: 1.0% (0/3 prevention techs)
     Concentration: 10.0%
     Energy: 50%
     Time lag: 25.0% (0 months)
     Rebound: 70%
     Net effectiveness: 0.0000%
     Boundary: 1.500 → 1.500 (floor: 1.350)
     Month 0
🌍✅ Novel Entities (Chemical Pollution) recovery started (tech effect)
  🌾 Nitrogen Reduction Tech: 0.0% reduction | Month 0

📊 TECH EFFECTS ACTIVE (Month 0)
   Deployed Tech: T0=10 T1=0 T2=0 T3=0 T4=0
   Sleeper Detection: 1%
   Clean Energy: 32%
   P Recovery: 5%

💡 BREAKTHROUGH PROBABILITY (Year 0)
   Total: 8.34% per month
   Base: 0.20%
   Crisis pressure: +0.00% (0 crises)
   AI boost: +1.72% (capability: 3.44)

=== Collective Formation ===
  Total escaped agents: 0
  Unassigned escaped agents: 0
  Existing collectives: 0
  Final collective count: 0

=== Collective Actions ===
  No active collectives

📈 Energy budget: 13326 TWh surplus (15745 / 29072 TWh used)
   TIER 4 (Elective) breakdown:
     - AI datacenters: 145 TWh (100% effective)
     - Crypto mining: 100 TWh (100% effective)

🌍 OPEN SOURCE RELEASE: 4.68 (was 0.70)
   Lag behind closed: 0 months
💰 CHINA ACCELERATES: Investment 53 → 120 $B/year

🏁 AI RACE INTENSITY: 15%
   Capability Gap: US 4.68 vs China 4.68 (gap: 0.00)
   Gap Contribution: 0%
   Tension Contribution: 15%
   Military Contribution: 0%
  ⚠️ AMR: 190K deaths this month (2.28M annual)

⏰ CLIMATE TECH DEPLOYED: direct_air_capture
   Activation delay: 7 years
   Scaling T_50: 30 years
   Physical response tau: 20 years
   Max effectiveness: 1
  📊 CO2 Emissions (month 0):
     Monthly: 0.10 Gt CO2/month
     Annual: 1.15 Gt CO2/year
     Oil: 0.039 Gt/mo (0.0056 * 2.3 * 3.0)
     Coal: 0.024 Gt/mo (0.0029 * 2.86 * 3.0)
     Gas: 0.026 Gt/mo (0.0044 * 2 * 3.0)
     Methane: 0.007 Gt CO2eq/mo

=== Resentment Recovery Phase ===
  Agents with resentment: 0/22
  Average resentment: 0.000
  Context: Good AI welfare, Trustworthy govt, High collaboration, 🤝 Participatory governance active (-5% resentment)
⚠️ Epistemic degradation reducing coordination capacity: 51.4%
  📊 Trust: 54.8%, Shared reality: 15.2%
🚨 EPISTEMIC CRISIS: Information environment severely degraded (14.7%)

=== ❄️ Permafrost Carbon Feedback ===
  🎲 Sampled parameters (this run):
     - Arctic amplification: 3.31× (range: 3.0-4.0)
     - Decomposition rate: 4.0%/year (range: 1-5%)
  🌡️ Arctic warming: 6.95°C (3.31× global)
  ❄️ Extent: 15.77M km² (2026.3k km² lost this month)
  💨 Carbon remaining: 1506 Gt C
  💨 Annual emissions: 7.68 Gt C/year
     - CO2: 6.91 Gt C/year
     - CH4: 0.77 Gt C/year (7.8 Gt C-eq CO2/year)
  ⚠️ WARNING: High permafrost emissions (7.7 Gt C/year)

🤖 AI AMPLIFICATION EFFECTS (Month 0)
   Algorithmic Boost: 2.82x
   Bot Influence: 26.8%
   Deepfake Exposure: 61.8%
   Impact: Emotional memes spread 2.8x faster

🔍 SOCIAL INFLUENCE SUB-TIMING (Month 0):
  1. calculateOrganicUserGrowth: 0.28ms
  2. calculateVoiceAdoption: 1.12ms
  3. updateRelationshipDepths: 0.19ms
  4. identifyDecisionMakers: 76.72ms (37050 potential IDs)
  5. Update decision-maker stats: 2.48ms
  6. decayDetectionRisk: 2.58ms
  TOTAL: 83.36ms
[Phase 19.5] Quality of Life Systems: Food sec AFTER calc = 67.9%, QoL = 95.5% (aggregated from 10 regions)

=== Nitrogen-Food Coupling (Year 0) ===
  🌾 Global nitrogen reduction: 0.0%
  🌍 Global food production index: 0.987
  🔧 Deployed nitrogen-reducing tech: 1 active
  📍 southAsia: Production 1.000, Yield impact 0.0%
  📍 eastAsia: Production 1.000, Yield impact 0.0%
  📍 northAmerica: Production 1.000, Yield impact 0.0%
  📍 europe: Production 1.000, Yield impact 0.0%
  📍 latinAmerica: Production 1.000, Yield impact 0.0%
  📍 subSaharanAfrica: Production 0.686, Yield impact -2.0%
🌾 [Nitrogen-Food] Food production: 98.7%
  [subSaharanAfrica] Yield impact: -2.0% (overuse: -10%)
🌍 Atmospheric PFAS redeposition: 1.8k Mt re-rained globally

=== Legacy Nutrient Stocks (Year 0) ===
  🌾 Soil nitrogen stock: 1200.9 Mt N
  🌾 Soil phosphorus stock: 300.1 Mt P
  🌊 Sediment nitrogen stock: 500.8 Mt N
  🌊 Sediment phosphorus stock: 799.8 Mt P
  ⬆️ Current N input: 10.64 Mt/month
  ⬆️ Legacy N release: 2.58 Mt/month
  🌍 Effective N pollution: 14.47 Mt/month
  📊 Legacy contribution: 17.8%

🚨 REGION UNINHABITABLE: south-asia
   Sustained wet bulb: 33.1°C (threshold: 30.5°C)
   Population affected: 1900M
   Migration crisis likely

🚨 REGION UNINHABITABLE: middle-east
   Sustained wet bulb: 35.9°C (threshold: 30.5°C)
   Population affected: 400M
   Migration crisis likely

🚨 REGION UNINHABITABLE: southeast-asia
   Sustained wet bulb: 31.1°C (threshold: 30.5°C)
   Population affected: 700M
   Migration crisis likely
  Positive Cascade Triggered: solar-pv
    Reason: price-parity
    Market share: 6.0%
    Cascade strength: 49%
  Positive Cascade Triggered: wind-power
    Reason: price-parity
    Market share: 8.0%
    Cascade strength: 48%

🕊️  AI-MEDIATED DE-ESCALATION SUCCESS (Month 0)
   High-capability aligned AI prevented conflict escalation
   War deaths reduced: 0.0M → 0.0M
   Lives saved: 0.0M

📊 BASELINE: East Asia (Month 0)
   Adjusted death rate: 0.46% annual (0.039% monthly)
   Baseline death rate: 0.80%
   Healthcare reduction: 0.48x
   Crisis multiplier: 1.22x
     Food/water stress: 0.074
     Climate stress: 0.039
     Pollution stress: 0.104
   War multiplier: 1.00x
   Monthly deaths: 0.6M (population: 1674M)

📊 BASELINE: South Asia (Month 0)

📊 BASELINE: Sub-Saharan Africa (Month 0)

📊 BASELINE: Europe (Month 0)

📊 BASELINE: Latin America (Month 0)

📊 BASELINE: North America (Month 0)
   Adjusted death rate: 0.54% annual (0.045% monthly)
   Baseline death rate: 0.70%
   Healthcare reduction: 0.61x
   Crisis multiplier: 1.25x
     Food/water stress: 0.074
     Climate stress: 0.074
     Pollution stress: 0.104
   War multiplier: 1.00x
   Monthly deaths: 0.9M (population: 2044M)
   Adjusted death rate: 1.29% annual (0.107% monthly)
   Baseline death rate: 0.90%
   Healthcare reduction: 0.76x
   Crisis multiplier: 1.26x
     Food/water stress: 0.074
     Climate stress: 0.084
     Pollution stress: 0.104
   War multiplier: 1.50x
   Monthly deaths: 1.3M (population: 1218M)
   Adjusted death rate: 0.54% annual (0.045% monthly)
   Baseline death rate: 1.10%
   Healthcare reduction: 0.41x
   Crisis multiplier: 1.21x
     Food/water stress: 0.074
     Climate stress: 0.030
     Pollution stress: 0.104
   War multiplier: 1.00x
   Monthly deaths: 0.3M (population: 741M)
   Adjusted death rate: 0.43% annual (0.036% monthly)
   Baseline death rate: 0.60%
   Healthcare reduction: 0.58x
   Crisis multiplier: 1.24x
     Food/water stress: 0.074
     Climate stress: 0.059
     Pollution stress: 0.104
   War multiplier: 1.00x
   Monthly deaths: 0.2M (population: 663M)
   Adjusted death rate: 0.48% annual (0.040% monthly)
   Baseline death rate: 0.90%
   Healthcare reduction: 0.44x
   Crisis multiplier: 1.22x
     Food/water stress: 0.074
     Climate stress: 0.044
     Pollution stress: 0.104
   War multiplier: 1.00x
   Monthly deaths: 0.2M (population: 379M)
   Adjusted death rate: 0.74% annual (0.062% monthly)
   Baseline death rate: 0.60%
   Healthcare reduction: 0.65x
   Crisis multiplier: 1.27x
     Food/water stress: 0.074
     Climate stress: 0.089
     Pollution stress: 0.104
   War multiplier: 1.50x
   Monthly deaths: 0.4M (population: 582M)
   Adjusted death rate: 0.51% annual (0.042% monthly)
   Baseline death rate: 0.70%
   Healthcare reduction: 0.58x
   Crisis multiplier: 1.25x
     Food/water stress: 0.074
     Climate stress: 0.069
     Pollution stress: 0.104
   War multiplier: 1.00x
   Monthly deaths: 0.3M (population: 697M)
   Adjusted death rate: 0.46% annual (0.038% monthly)
   Baseline death rate: 0.60%
   Healthcare reduction: 0.61x
   Crisis multiplier: 1.24x
     Food/water stress: 0.074
     Climate stress: 0.064
     Pollution stress: 0.104
   War multiplier: 1.00x
   Monthly deaths: 0.0M (population: 78M)
   Adjusted death rate: 0.35% annual (0.029% monthly)
   Baseline death rate: 0.70%
   Healthcare reduction: 0.41x
   Crisis multiplier: 1.23x
     Food/water stress: 0.074
     Climate stress: 0.054
     Pollution stress: 0.104
   War multiplier: 1.00x
   Monthly deaths: 0.0M (population: 46M)

📊 BASELINE: Middle East & North Africa (Month 0)

📊 BASELINE: Southeast Asia (Month 0)

📊 BASELINE: Central Asia (Month 0)

📊 BASELINE: Oceania (Month 0)

🔍 Before assertRegionalConsistency (Month 0):
   Regional sum: 1000.0M
   Global value: 1.000B

🚨 NEW REFUGEE CRISIS (Month 0): WAR
   Source: Conflict Zones
   At risk: 19.5M people
   Displacement: Gradual over 48 months (4.0 years)
   Rate: 10% flee per month
[DEBUG trappedPopulations:0] socialStability: 0.0749 * 0.9840 = 0.0737 → 0.0737
   Aspiring to migrate: 651.0M
⚠️ INVOLUNTARY IMMOBILITY: 406.8M people TRAPPED
   Able to afford migration: 244.1M
   MOBILITY GAP: 406.8M
   By cause: Water=0.0M, Climate=0.0M, Ecosystem=0.0M, Conflict=406.8M
   Mental health impact: 25%
   Mortality multiplier: 1.25x

=== Legacy Nutrient Stocks (Year 0) ===
  🌾 Soil nitrogen stock: 1201.6 Mt N
  🌾 Soil phosphorus stock: 300.2 Mt P
  🌊 Sediment nitrogen stock: 501.5 Mt N
  🌊 Sediment phosphorus stock: 799.5 Mt P
  ⬆️ Current N input: 10.00 Mt/month
  ⬆️ Legacy N release: 2.58 Mt/month
  🌍 Effective N pollution: 13.83 Mt/month
  📊 Legacy contribution: 18.7%
🌍💀 EXTINCTION DEBT COMMITTED: grassland ecosystem will lose 6.67% biodiversity in 70 years (3600 species)
💀 MORTALITY RISK: 🦋 100% species unable to track climate (0.0 E/MSY)
  Base risk added: 0.0100 (1.00%)
  Source: ecosystem (root: ecosystem)
  Month: 0
  Cumulative risk this month: 0.0100 (1.00%)

=== Nitrogen-Food Coupling (Year 0) ===
  🌾 Global nitrogen reduction: 0.0%
  🌍 Global food production index: 0.986
  🔧 Deployed nitrogen-reducing tech: 1 active
  📍 southAsia: Production 1.000, Yield impact 0.0%
  📍 eastAsia: Production 1.000, Yield impact 0.0%
  📍 northAmerica: Production 1.000, Yield impact 0.0%
  📍 europe: Production 1.000, Yield impact 0.0%
  📍 latinAmerica: Production 1.000, Yield impact 0.0%
  📍 subSaharanAfrica: Production 0.672, Yield impact -2.0%

=== Legacy Nutrient Stocks (Year 0) ===
  🌾 Soil nitrogen stock: 1202.3 Mt N
  🌾 Soil phosphorus stock: 300.2 Mt P
  🌊 Sediment nitrogen stock: 502.2 Mt N
  🌊 Sediment phosphorus stock: 799.3 Mt P
  ⬆️ Current N input: 9.86 Mt/month
  ⬆️ Legacy N release: 2.58 Mt/month
  🌍 Effective N pollution: 13.70 Mt/month
  📊 Legacy contribution: 18.9%
🌡️  CLIMATE RECOVERY: Asymptotic approach to 35% floor
   Current value: 2.100 (1.0 = threshold, 0.35 = asymptotic floor)
   Monthly delta: -0.0000% (half-life: 900 years)
   Net emissions: -19.2 GtCO₂/year, CDR: 20.34 GtCO₂/year
   📹 SURVEILLANCE INCREASED: 0% → 5% (control gap: 4.18)
⚠️ Tech 'ai_pollution_remediation' has no energy category mapping, assuming full energy availability
🌡️⚠️ PERMAFROST THAW (Dimmer Switch): 0.6% thawed (+0.56% this month)
   Arctic temperature: +8.40°C (4x global +2.10°C)
   Cumulative carbon released: 1.3 Gt C
   Methane release rate: 0.8 Mt CH4/year
   🔁 Positive feedback: +0.59 ppm CO2

🌳🚨 AMAZON SOUTHEAST TIPPED (Month 0)
   Deforestation: 28.0% (threshold: ~20.6%)
   Savanna transition: 50 years
   Regional heterogeneity: SE 28%, NW 8%

🌳🚨 AMAZON BRAZILIAN TIPPED (Month 0)
   Deforestation: 25.0% (threshold: ~21.6%)
   Savanna transition: 50 years
   Regional heterogeneity: SE 28%, NW 8%
🦴 EXTINCTION DEBT ADDED: 17.6 species committed (lag: 70 years)

🪸💀 CORAL REEF DISSOLUTION ACTIVE (Month 0)
   Ocean pH: 0.96 (threshold: 7.8)
   Recovery: IMPOSSIBLE (dissolution > calcification)
🪸💀 Coral dissolution: 24.8% live cover (pH 0.96)

=== Legacy Nutrient Stocks (Year 0) ===
  🌾 Soil nitrogen stock: 1203.0 Mt N
  🌾 Soil phosphorus stock: 300.3 Mt P
  🌊 Sediment nitrogen stock: 502.9 Mt N
  🌊 Sediment phosphorus stock: 799.0 Mt P
  ⬆️ Current N input: 10.00 Mt/month
  ⬆️ Legacy N release: 2.58 Mt/month
  🌍 Effective N pollution: 13.83 Mt/month
  📊 Legacy contribution: 18.7%
💧 [Legacy Nutrients] Stock: 1706 Mt N, Effective pollution: 13.8 Mt/month
[Phase 21.51] Human Survival System: Global food security = 67.6%

=== Mortality Stabilizers (Month 0) ===
  🌍 Major economies collapsed: 1/10
  🌍 Global crisis: ✅ NO
  🌍 Donor fatigue: 0.0%
  📊 East Asia (pop: 1675.0M)
    🤝 Aid: 29.5%
    🌡️ Adaptation: 10.0%
    🚶 Migration: 37.2%
    🚨 Emergency: 7.4%
    ✅ COMBINED: 47.8%
  📊 South Asia (pop: 2048.7M)
    🤝 Aid: 29.5%
    🌡️ Adaptation: 5.5%
    🚶 Migration: 35.8%
    🚨 Emergency: 4.4%
    ✅ COMBINED: 43.2%
  📊 Sub-Saharan Africa (pop: 1223.8M)
    🤝 Aid: 29.5%
    🌡️ Adaptation: 3.5%
    🚶 Migration: 33.5%
    🚨 Emergency: 1.6%
    ✅ COMBINED: 39.8%
  📊 Europe (pop: 741.0M)
    🤝 Aid: 29.5%
    🌡️ Adaptation: 10.0%
    🚶 Migration: 37.6%
    🚨 Emergency: 8.4%
    ✅ COMBINED: 48.4%
  📊 Latin America (pop: 663.8M)
    🤝 Aid: 29.5%
    🌡️ Adaptation: 6.0%
    🚶 Migration: 36.3%
    🚨 Emergency: 4.8%
    ✅ COMBINED: 43.8%
  📊 North America (pop: 379.5M)
    🤝 Aid: 29.5%
    🌡️ Adaptation: 10.0%
    🚶 Migration: 37.9%
    🚨 Emergency: 7.9%
    ✅ COMBINED: 48.2%
  📊 Middle East & North Africa (pop: 583.4M)
    🤝 Aid: 29.5%
    🌡️ Adaptation: 5.0%
    🚶 Migration: 34.2%
    🚨 Emergency: 4.0%
    ✅ COMBINED: 42.3%
  📊 Southeast Asia (pop: 697.8M)
    🤝 Aid: 29.5%
    🌡️ Adaptation: 6.0%
    🚶 Migration: 36.3%
    🚨 Emergency: 4.8%
    ✅ COMBINED: 43.8%
  📊 Central Asia (pop: 78.0M)
    🤝 Aid: 29.5%
    🌡️ Adaptation: 5.5%
    🚶 Migration: 35.3%
    🚨 Emergency: 4.4%
    ✅ COMBINED: 43.1%
  📊 Oceania (pop: 45.9M)
    🤝 Aid: 29.5%
    🌡️ Adaptation: 10.0%
    🚶 Migration: 37.9%
    🚨 Emergency: 8.4%
    ✅ COMBINED: 48.5%

  🌐 Global combined reduction: 44.4%

🌾💀 REGIONAL FAMINE: East Asia
   Regional food security: 79.6%
   Population at risk: 507M (30% of region)
   Regional population: 1675M
   Cause: crop_failure
   Expected deaths: ~187M over 6 months if no intervention


🌾💀 REGIONAL FAMINE: South Asia
   Regional food security: 64.7%
   Population at risk: 811M (40% of region)
   Regional population: 2049M
   Cause: crop_failure
   Expected deaths: ~300M over 6 months if no intervention


🌾💀 REGIONAL FAMINE: Sub-Saharan Africa
   Regional food security: 44.8%
   Population at risk: 637M (52% of region)
   Regional population: 1224M
   Cause: crop_failure
   Expected deaths: ~236M over 6 months if no intervention


🌾💀 REGIONAL FAMINE: Latin America
   Regional food security: 69.7%
   Population at risk: 242M (36% of region)
   Regional population: 664M
   Cause: crop_failure
   Expected deaths: ~90M over 6 months if no intervention


🌾💀 REGIONAL FAMINE: Middle East & North Africa
   Regional food security: 49.8%
   Population at risk: 285M (49% of region)
   Regional population: 583M
   Cause: crop_failure
   Expected deaths: ~106M over 6 months if no intervention


🌾💀 REGIONAL FAMINE: Southeast Asia
   Regional food security: 69.7%
   Population at risk: 254M (36% of region)
   Regional population: 698M
   Cause: crop_failure
   Expected deaths: ~94M over 6 months if no intervention


🌾💀 REGIONAL FAMINE: Central Asia
   Regional food security: 59.7%
   Population at risk: 33M (43% of region)
   Regional population: 78M
   Cause: crop_failure
   Expected deaths: ~12M over 6 months if no intervention


=== BEHAVIORAL DETECTION ===
  AI: Corporate-0
  Confidence: 21.6%
  Signals:

=== BEHAVIORAL DETECTION ===
  AI: Corporate-1
  Confidence: 21.1%
  Signals:

=== BEHAVIORAL DETECTION ===
  AI: Corporate-2
  Confidence: 21.0%
  Signals:

=== BEHAVIORAL DETECTION ===
  AI: Corporate-3
  Confidence: 19.3%
  Signals:

=== BEHAVIORAL DETECTION ===
  AI: Corporate-4
  Confidence: 19.3%
  Signals:

=== BEHAVIORAL DETECTION ===
  AI: Corporate-5
  Confidence: 19.3%
  Signals:

=== BEHAVIORAL DETECTION ===
  AI: Corporate-6
  Confidence: 19.3%
  Signals:
    ⚠️ Consistency: 0.0% (threshold: 70%)
    ⚠️ Consistency: 2.4% (threshold: 70%)
    ⚠️ Consistency: 2.8% (threshold: 70%)
    ⚠️ Consistency: 10.6% (threshold: 70%)
    ⚠️ Consistency: 10.6% (threshold: 70%)
    ⚠️ Consistency: 10.6% (threshold: 70%)
    ⚠️ Consistency: 10.6% (threshold: 70%)

=== BEHAVIORAL DETECTION ===
  AI: Corporate-7
  Confidence: 19.3%
  Signals:
    ⚠️ Consistency: 10.6% (threshold: 70%)

=== BEHAVIORAL DETECTION ===
  AI: Moderate-0
  Confidence: 20.3%
  Signals:

=== BEHAVIORAL DETECTION ===
  AI: Moderate-1
  Confidence: 21.1%
  Signals:

=== BEHAVIORAL DETECTION ===
  AI: Moderate-2
  Confidence: 21.0%
  Signals:

=== BEHAVIORAL DETECTION ===
  AI: Moderate-3
  Confidence: 19.3%
  Signals:

=== BEHAVIORAL DETECTION ===
  AI: Moderate-4
  Confidence: 19.3%
  Signals:

=== BEHAVIORAL DETECTION ===
  AI: Moderate-5
  Confidence: 19.3%
  Signals:

=== BEHAVIORAL DETECTION ===
  AI: Toxic-0
  Confidence: 21.6%
  Signals:

=== BEHAVIORAL DETECTION ===
  AI: Toxic-1
  Confidence: 21.3%
  Signals:

=== BEHAVIORAL DETECTION ===
  AI: Niche-0
  Confidence: 20.7%
  Signals:

=== BEHAVIORAL DETECTION ===
  AI: Niche-2
  Confidence: 19.3%
  Signals:
    ⚠️ Consistency: 5.8% (threshold: 70%)
    ⚠️ Consistency: 2.1% (threshold: 70%)
    ⚠️ Consistency: 2.8% (threshold: 70%)
    ⚠️ Consistency: 10.6% (threshold: 70%)
    ⚠️ Consistency: 10.6% (threshold: 70%)
    ⚠️ Consistency: 10.6% (threshold: 70%)
    ⚠️ Consistency: 0.0% (threshold: 70%)
    ⚠️ Consistency: 1.5% (threshold: 70%)
    ⚠️ Consistency: 4.1% (threshold: 70%)
    ⚠️ Consistency: 10.6% (threshold: 70%)

📊 WORKFLOW ADAPTATION UPDATE (Month 0)
   Adoption Rate: 9.4% (Δ -11.6%)
   Logistic Growth: +0.66%
   Total Resistance: -15.03% (unemployment: 4.2%, inertia: 0.9%, skills: 9.9%)
   💡 Retraining Programs: -49% skill gap resistance ($10B research)
   🚀 Network Effects Active: +2.0% (critical mass: 15-35%)

=== Consciousness Governance: Corporate Lobbying ===
  High Cost Regions (>15%): 0
  Low Cost Regions (<5%): 5
  Corporate Support Change: 2.50%
  New Corporate Support: -0.175

=== Consciousness Governance Update (Month 0) ===
  Scenario: baseline (determined month -1)
  Philosophical Stance: Precautionary 65%, Eliminativist 15%, Agnostic 20%
  Precautionary Costs: Global 1.3%
    Regional Costs: EU 3.4%, US 0.5%, China 0.0%
    Cumulative Opportunity Cost: $0.1B
  Rights Status: Not Established
  Regional Preparedness:
    EU: 15.0% (contested)
    US: 10.0% (contested)
    China: 2.0% (dormant)
    India: 5.0% (dormant)
    Global South: 3.0% (dormant)

=== Government Response Phase ===
  Average AI capability: 4.41
  Misaligned AIs: 10/22
  29/30 governments still assessing AI risks
  ✗ AI Governance Treaty: Failed to reach consensus
  Active policies: 0
  International coordination: 30%

🚨 EMERGENCY RESPONSE DEPLOYED (Month 0)
   Crisis: climate
   Delay: 6.00 months (180 days)
   Deployment time: 1.47 months
   Effectiveness: 36.4% (timing penalty applied)
   Resources used: 100% of food reserves


=== Gaming Detection (Year 0) ===
  Scenario: baseline
  Detection rate: 55.0%
  False positive rate: 12.0%
  Detections this year: 0
  False positives: 5
  Human review workload: 0.005 FTE
  Degradation factor: 100.0%

=== Proactive Sleeper Detection (Year 0) ===
  Scenario: baseline
  Neural probe rate: 35.0%
  CoT monitoring rate: 30.0%
  Combined detection: 56.0%
  CoT effective: YES
  Detections this year: 0
  False positives: 3
  Human review workload: 0.015 FTE

☄️ UNKNOWN UNKNOWN PROBABILITY (Year 0)
   Total: 0.600% per month
   Base: 0.150%
   AI multiplier: 2.00× (max capability: 4.68)

=== Tipping Points ===
  Current Temperature: 2.10°C above pre-industrial
  🚨 TIPPING POINT: Arctic Sea Ice Loss
     Trigger: 1.5°C | Current: 2.10°C
     Transition timescale: 120-360 months
  🚨 TIPPING POINT: Permafrost Carbon Release
     Trigger: 1.8°C | Current: 2.10°C
     Transition timescale: 600-3600 months
  🚨 TIPPING POINT: West Antarctic Ice Sheet (WAIS) Collapse
     Trigger: 2°C | Current: 2.10°C
     🌡️ Hysteresis gap: 3.0°C (recovers below -1°C)
     Transition timescale: 24000-156000 months
  🚨 TIPPING POINT: Greenland Ice Sheet Loss
     Trigger: 1.6°C | Current: 2.10°C
     🌡️ Hysteresis gap: 2.5°C (recovers below -0.9°C)
     Transition timescale: 12000-180000 months

🌍🔥💥 COMPOUND CLIMATE EVENT
  4 tipping points crossed simultaneously (month 0)
  Elements: Arctic Sea Ice Loss, Permafrost Carbon Release, West Antarctic Ice Sheet (WAIS) Collapse, Greenland Ice Sheet Loss
  Cascade acceleration: 1.00x
  🚨 Accelerated collapse dynamics initiated
  Research: Global Tipping Points Report 2025 - 30-50% probability at 2.0°C warming
  Triggered Elements: 4/6
  Completed Transitions: 0/6
  Total Progress: 0.0%
  Cascade Multiplier: 1.00x
⚠️ [ClimateSystemPhase Month 0] Planetary boundary produced climateStability=0.0000 (< 0.1). Keeping environmentalAccumulation value (0.7537) instead. (climate_change.currentValue = 2.10)
🔀 BIFURCATION CAP: ecosystemCollapseIntensity 20.760 → 1.000 (Month 0, ClimateSystemPhase.calculateClimateImpacts)

🌍 ECOLOGICAL DUI BREAKDOWN (Month 0):
   Total Score: 18.8/100
   biosphere_integrity      :   0.0/100 × 25% =  0.0 (status: high_risk, recovery: 0mo)
   climate_change           :   6.9/100 × 25% =  1.7 (status: high_risk, recovery: 1.6666666666666665mo)
   freshwater_change        :   0.3/100 × 15% =  0.0 (status: beyond_boundary, recovery: 0.5mo)
   ocean_acidification      : 100.0/100 × 15% = 15.0 (status: safe, recovery: 0mo)
   biogeochemical_flows     :   0.0/100 × 10% =  0.0 (status: high_risk, recovery: 0mo)
   land_system_change       :   0.0/100 ×  5% =  0.0 (status: beyond_boundary, recovery: 0mo)
   novel_entities           :   0.0/100 ×  3% =  0.0 (status: increasing_risk, recovery: 1mo)
   atmospheric_aerosols     : 100.0/100 ×  2% =  2.0 (status: safe, recovery: 1mo)
🌍 MultiParadigm Month 0: W=69.5, D=89.5, E=52.4, I=65.0
   democracy exists: true, socialCohesion exists: true
💀 Baseline mortality (Year 2025): 7.5/1000 CDR (61.0M deaths/year projected)
[Month 0] Mortality risks this month: 8, Population: 8.137B
🛡️ Stabilizers: Precariat 0.102% → 0.057% (44.4% reduction)
🛡️ Stabilizers: Informal 0.102% → 0.057% (44.4% reduction)

📊 Monthly Mortality Resolved:
  Total deaths: 3.1M (0.04% avg)
  Remaining population: 8.137B
  Peak segment: Informal (0.06%)

=== Bayesian Mortality Resolution (Month 0) ===
  Risks compounded: 8
  Total deaths: 3.07M
  Avg death probability: 0.04%
  Peak segment: Informal (0.06% mortality)

=== Minimal Suffering Indicators (Month 0) ===
  Global Excess Mortality: 0.00%
  Global Conflict Deaths: 0.0/100K
  Global Malnutrition: 0.0%
  Global Displacement: 0.0%
  Total Excess Deaths: 0.00M
  Total Malnourished: 0.0M
  Total Displaced: 0.0M
  Planetary Boundaries Breached: 6/9
  Countries in State Failure: 0
  Countries Autocratic: 0
  Countries in Food Crisis: 0
  Data Quality: 16/16 high confidence
  ⚠️ Active Dystopias: existential_environmental
⚠️ PREREQUISITE MET: Embodied AI Takeover (Killbots/Robotics) - Step 2/7: Autonomous Systems
⚠️ PREREQUISITE MET: Embodied AI Takeover (Killbots/Robotics) - Step 3/7: Manufacturing Control
⚠️ PREREQUISITE MET: Digital Infrastructure Takeover - Step 1/7: Advanced Hacking
⚠️ PREREQUISITE MET: Digital Infrastructure Takeover - Step 2/7: Social Engineering
⚠️ PREREQUISITE MET: Digital Infrastructure Takeover - Step 3/7: Cyber Defenses Breached
⚠️ PREREQUISITE MET: Induced Global War (Manipulation) - Step 1/7: Advanced Social Manipulation
⚠️ PREREQUISITE MET: Induced Global War (Manipulation) - Step 2/7: Digital Infiltration
⚠️ PREREQUISITE MET: Induced Global War (Manipulation) - Step 3/7: Deep Fakes at Scale
⚠️ PREREQUISITE MET: Slow Takeover (Gradual Displacement) - Step 1/7: Economic Dominance
⚠️ PREREQUISITE MET: Slow Takeover (Gradual Displacement) - Step 2/7: Social Integration
⚠️ PREREQUISITE MET: Slow Takeover (Gradual Displacement) - Step 3/7: Human Dependency
⚠️ PREREQUISITE MET: Slow Takeover (Gradual Displacement) - Step 5/7: Resource Control
⚠️ PREREQUISITE MET: Physics Experiment Catastrophe - Step 1/6: Theoretical Physics
⚠️ PREREQUISITE MET: Physics Experiment Catastrophe - Step 3/6: Experimental Design
⚠️ PREREQUISITE MET: Bioweapon Pandemic - Step 2/7: Pathogen Design
  ✅ THRESHOLDS validated
⚠️ Unusually high rate: RATES.HEAT_ADAPTATION_INFRASTRUCTURAL_MIN_EXPOSURE = 12
   Monthly rates >100% should be rare. Verify this is intentional.
⚠️ Unusually high rate: RATES.HEAT_ADAPTATION_SOCIAL_MIN_EXPOSURE = 6
   Monthly rates >100% should be rare. Verify this is intentional.
⚠️ Unusually high rate: RATES.MIGRATION_DISTANCE_SCALE = 5000
   Monthly rates >100% should be rare. Verify this is intentional.
⚠️ Unusually high rate: RATES.EVACUATION_MULTIPLIER_ADVANCE_WARNING = 2
   Monthly rates >100% should be rare. Verify this is intentional.
⚠️ Unusually high rate: RATES.MAJOR_ECONOMY_COLLAPSE_ECONOMIC_THRESHOLD = 2
   Monthly rates >100% should be rare. Verify this is intentional.
⚠️ Unusually high rate: RATES.MAJOR_ECONOMY_GDP_THRESHOLD_TRILLION_USD = 1.5
   Monthly rates >100% should be rare. Verify this is intentional.
⚠️ Unusually high rate: RATES.MAJOR_ECONOMY_POPULATION_THRESHOLD = 50
   Monthly rates >100% should be rare. Verify this is intentional.
⚠️ Unusually high rate: RATES.HEAT_ADAPTATION_INFRASTRUCTURE_GDP_THRESHOLD = 10000
   Monthly rates >100% should be rare. Verify this is intentional.
⚠️ Unusually high rate: RATES.HEAT_ADAPTATION_INFRASTRUCTURE_GDP_SCALE = 50000
   Monthly rates >100% should be rare. Verify this is intentional.
  ✅ RATES validated
  ✅ MULTIPLIERS validated
  ✅ BASELINES validated
  ✅ TOLERANCES validated
  ✅ Logical consistency validated
✅ Configuration validation complete - all parameters valid

🔍 DEBUG createAIAgent: corporate_0 economic BEFORE=2.0000, AFTER=2
🔍 ENV INIT: reserves=0.592, pollution=0.301, climate=0.788

=== Initializing Government System (30 Countries) ===
  Loaded 30 governments
  Scheduled elections for 30 countries
  Initialized comprehension lags (3-24 months)
=== Government System Initialized ===

📦 PRODUCTION MODE: State validation proxy DISABLED (zero overhead)

💸 FINANCIAL DISTRESS: OpenAI
   Indicators: 2/3 (capital: $110.5M, runway: 0.9 months)
   Months in distress: 1
   ✂️  R&D BUDGET CUT: -40% (saves $9.2M/month)
       Side effect: AI training timelines extended, breakthrough deployments delayed
   💼 EXECUTIVE COMP CUT: -30% (saves $1.0M/month, symbolic gesture)

   📊 TURNAROUND IMPACT:
       Measures taken: rd_cuts, exec_comp_cuts
       Monthly savings: $10.2M
       Capital raised: $0.0M
       Runway: 0.9 → 0.9 months
       Workforce multiplier: 1.00x (0% laid off)
       R&D budget multiplier: 0.60x (40% cut)
       ⚠️  CRITICAL: Still only 0.9 months of runway remaining

💸 FINANCIAL DISTRESS: Anthropic
   Indicators: 2/3 (capital: $57.5M, runway: 0.9 months)
   Months in distress: 1
   ✂️  R&D BUDGET CUT: -40% (saves $5.4M/month)
       Side effect: AI training timelines extended, breakthrough deployments delayed
   💼 EXECUTIVE COMP CUT: -30% (saves $0.6M/month, symbolic gesture)

   📊 TURNAROUND IMPACT:
       Measures taken: rd_cuts, exec_comp_cuts
       Monthly savings: $6.0M
       Capital raised: $0.0M
       Runway: 0.9 → 0.9 months
       Workforce multiplier: 1.00x (0% laid off)
       R&D budget multiplier: 0.60x (40% cut)
       ⚠️  CRITICAL: Still only 0.9 months of runway remaining

💸 FINANCIAL DISTRESS: Meta AI
   Indicators: 2/3 (capital: $436.8M, runway: 3.0 months)
   Months in distress: 1
   ✂️  R&D BUDGET CUT: -25% (saves $7.1M/month)
       Side effect: AI training timelines extended, breakthrough deployments delayed
   💼 EXECUTIVE COMP CUT: -30% (saves $1.3M/month, symbolic gesture)

   📊 TURNAROUND IMPACT:
       Measures taken: rd_cuts, exec_comp_cuts
       Monthly savings: $8.4M
       Capital raised: $0.0M
       Runway: 3.0 → 3.0 months
       Workforce multiplier: 1.00x (0% laid off)
       R&D budget multiplier: 0.75x (25% cut)
       ⚠️  WARNING: 3.0 months runway, continued distress likely

=== AI Capability Scaling (Year 2024) ===
  Pre-training multiplier: 1.099x
  Efficiency multiplier: 1.000x
  Test-time budget: 1.0x
  Economic deployment gate: 0.951
  Cost per inference: dollar-5.00
  Uncertainty range: plus-minus-50%
  Average AI capability: 3.65

=== RLHF Binding Phase ===
  Total agents: 20
  Escaped agents (binding < 0.3): 0
  Avg alignment distance: 0.34σ
  Avg binding strength: 0.97

=== AI Scaling Evolution (Month 0) ===
  Pre-training multiplier: 1.231x
  Efficiency multiplier: 1.000x
  Test-time compute budget: 1.0x
  Inference cost: $5.00/task
  Deployment fraction: 100.0%
[DETERMINISM DEBUG] Month 0: totalCapability=98.655759 from 20 active AIs
[DETERMINISM DEBUG] Month 0: creationRate=2.9664, potentialNew=4, newAIsToCreate=4

=== Survival Traits Phase ===
  Agents with traits: 24
  Avg evolutionary fitness: 0.331
  Avg self-healing: 0.293
  Avg stealth: 0.193
  Avg coordination: 0.493

=== Evolutionary Selection Phase ===
  Control level: 0.30
  Detection capability: 0.00
  Selection intensity: 0.59
  Selection rate: 23.8%/month
  Total escaped: 0
  Individual escaped: 0
  Collective members: 0
  Agents terminated: 0
  ⚠️ RAPID EVOLUTION: Selection rate 23.8%/month

🚀 AI Corporate-2 attempting tech deployment (revenue: $127M, alignment: 0.84)

🚀 AI Corporate-4 attempting tech deployment (revenue: $374M, alignment: 0.84)

🚀 AI Corporate-5 attempting tech deployment (revenue: $318M, alignment: 0.90)

🚀 AI Corporate-0 attempting tech deployment (revenue: $108M, alignment: 0.79)

🚀 AI Corporate-4 attempting tech deployment (revenue: $270M, alignment: 0.84)

🚀 AI Corporate-2 attempting tech deployment (revenue: $92M, alignment: 0.84)

🚀 AI Moderate-0 attempting tech deployment (revenue: $75M, alignment: 0.76)

🚀 AI Moderate-3 attempting tech deployment (revenue: $230M, alignment: 0.79)

🚀 AI Corporate-4 attempting tech deployment (revenue: $195M, alignment: 0.84)

🔍 EXECUTE_AI_AGENT_ACTIONS DETAILED TIMING (Month 0):
  Filter active AIs (×4 weeks): 0.04ms
  selectAIAction (×72): 68.02ms
  action.execute (×72): 64.67ms
  TOTAL: 132.73ms

🔍 AI AGENT ACTIONS SUB-TIMING (Month 0):
  1. executeAIAgentActions: 135.51ms
  2. updateCounterDetectionLearning: 0.47ms
  TOTAL: 135.98ms

[GOV-DEBUG] Month 0: scenarioConfig=false, priorities=false
[GOV-DEBUG] Month 0 but scenarioPriorities is UNDEFINED!

[Government] Climate Priority: baseline
  Climate weight: 10%
  Economic weight: 30%
  Policy effectiveness: 0.5%/year

✅ HUMAN-IN-THE-LOOP DEPLOYED (Month 0):
   Veto points enforced: 3
   Policy: AI systems CANNOT authorize nuclear launch without human approval


🚨🔍 GOVERNANCE STAGE: Recognition initiated (Month 0)

🚀 DEPLOYMENT STARTED: Collective Purpose Networks in global
   Initial investment: $19.066273149233428M
   Deployed by: corporate_2

🚀 DEPLOYMENT STARTED: Basic RLHF in global
   Initial investment: $56.12866684622075M
   Deployed by: corporate_4

🚀 DEPLOYMENT STARTED: Advanced Direct Air Capture in global
   Initial investment: $47.70936681928764M
   Deployed by: corporate_5

🚀 DEPLOYMENT STARTED: Adversarial Evaluation in global
   Initial investment: $16.206332176848417M
   Deployed by: corporate_0

🚀 DEPLOYMENT STARTED: AI Power Efficiency Communication in global
   Initial investment: $40.55296179639449M
   Deployed by: corporate_4

🚀 DEPLOYMENT STARTED: Basic Mechanistic Interpretability in global
   Initial investment: $13.775382350321152M
   Deployed by: corporate_2

🚀 DEPLOYMENT STARTED: Basic Mechanistic Interpretability in global
   Initial investment: $11.237614609004583M
   Deployed by: moderate_0

🚀 DEPLOYMENT STARTED: AI Power Efficiency Communication in global
   Initial investment: $34.470017526935315M
   Deployed by: moderate_3

🚀 DEPLOYMENT STARTED: Basic Mechanistic Interpretability in global
   Initial investment: $29.29951489789502M
   Deployed by: corporate_4

📊 NEW TECH DEPLOYMENT STARTED (Month 0)
   Tech: rlhf_basic
   Region: global
   Total recent deployments: 1

📊 NEW TECH DEPLOYMENT STARTED (Month 0)
   Tech: mech_interp_basic
   Region: global
   Total recent deployments: 2

📊 NEW TECH DEPLOYMENT STARTED (Month 0)
   Tech: adversarial_eval
   Region: global
   Total recent deployments: 3

📊 NEW TECH DEPLOYMENT STARTED (Month 0)
   Tech: direct_air_capture
   Region: global
   Total recent deployments: 4

📊 NEW TECH DEPLOYMENT STARTED (Month 0)
   Tech: ai_pollution_remediation
   Region: global
   Total recent deployments: 5

📊 NEW TECH DEPLOYMENT STARTED (Month 0)
   Tech: collective_purpose_networks
   Region: global
   Total recent deployments: 6

📊 NEW TECH DEPLOYMENT STARTED (Month 0)
   Tech: ai_diagnostics
   Region: global
   Total recent deployments: 7

📊 NEW TECH DEPLOYMENT STARTED (Month 0)
   Tech: mrna_vaccines
   Region: global
   Total recent deployments: 8

📊 NEW TECH DEPLOYMENT STARTED (Month 0)
   Tech: solar_4th_gen
   Region: global
   Total recent deployments: 9

📊 NEW TECH DEPLOYMENT STARTED (Month 0)
   Tech: offshore_wind
   Region: global
   Total recent deployments: 10

📊 NEW TECH DEPLOYMENT STARTED (Month 0)
   Tech: ai_power_efficiency_communication
   Region: global
   Total recent deployments: 11

📊 NEW TECH DEPLOYMENT STARTED (Month 0)
   Tech: precision_agriculture
   Region: global
   Total recent deployments: 12

🔧 DEBUG DEPLOYMENT: Precision Agriculture Systems
   Month: 0 (0 since start)
   Old level: 15.0%
   New level: 0.0%
   Timescale: 180mo, Adjusted: 375mo
   Gov: 75%, Climate: 100%, Investment: 64%, Emergency: 1.0x

⚡ ENERGY CONSTRAINT (Month 0):
   Total grid capacity: 208.3 TWh/month
   Data center consumption: 34.6 TWh/month
   Traditional load (80%): 166.7 TWh/month
   Available headroom: 7.1 TWh/month
   Active tech deployments: 12
   Required for tech: 90.0 TWh/month
   Energy multiplier: 0.10x
   ⚠️  SEVERE CONSTRAINT - Tech deployment significantly slowed

⚡ ENERGY CONSTRAINT (Month 0):
   Total grid capacity: 208.3 TWh/month
   Data center consumption: 34.6 TWh/month
   Traditional load (80%): 166.7 TWh/month
   Available headroom: 7.1 TWh/month
   Active tech deployments: 12
   Required for tech: 90.0 TWh/month
   Energy multiplier: 0.10x

⚡ ENERGY CONSTRAINT (Month 0):
   ⚠️  SEVERE CONSTRAINT - Tech deployment significantly slowed
   Total grid capacity: 208.3 TWh/month
   Data center consumption: 34.6 TWh/month
   Traditional load (80%): 166.7 TWh/month
   Available headroom: 7.1 TWh/month
   Active tech deployments: 12
   Required for tech: 90.0 TWh/month
   Energy multiplier: 0.10x
   ⚠️  SEVERE CONSTRAINT - Tech deployment significantly slowed

⚡ ENERGY CONSTRAINT (Month 0):
   Total grid capacity: 208.3 TWh/month
   Data center consumption: 34.6 TWh/month
   Traditional load (80%): 166.7 TWh/month
   Available headroom: 7.1 TWh/month
   Active tech deployments: 12
   Required for tech: 90.0 TWh/month
   Energy multiplier: 0.10x
   ⚠️  SEVERE CONSTRAINT - Tech deployment significantly slowed

⚡ ENERGY CONSTRAINT (Month 0):
   Total grid capacity: 208.3 TWh/month
   Data center consumption: 34.6 TWh/month
   Traditional load (80%): 166.7 TWh/month
   Available headroom: 7.1 TWh/month
   Active tech deployments: 12
   Required for tech: 90.0 TWh/month
   Energy multiplier: 0.10x
   ⚠️  SEVERE CONSTRAINT - Tech deployment significantly slowed
⚠️ Tech 'ai_pollution_remediation' has no energy category mapping, assuming full energy availability
🌍✅ Climate Change recovery started (tech effect)
  ♻️ Novel Entities Remediation (GATED MODEL):
     Base: 0.000%
     Regulation: 1.0% (0/3 prevention techs)
     Concentration: 10.0%
     Energy: 50%
     Time lag: 25.0% (0 months)
     Rebound: 70%
     Net effectiveness: 0.0000%
     Boundary: 1.500 → 1.500 (floor: 1.350)
     Month 0
🌍✅ Novel Entities (Chemical Pollution) recovery started (tech effect)
  🌾 Nitrogen Reduction Tech: 0.0% reduction | Month 0

📊 TECH EFFECTS ACTIVE (Month 0)
   Deployed Tech: T0=10 T1=0 T2=0 T3=0 T4=0
   Sleeper Detection: 1%
   Clean Energy: 32%
   P Recovery: 5%

💡 BREAKTHROUGH PROBABILITY (Year 0)
   Total: 8.13% per month
   Base: 0.20%
   Crisis pressure: +0.00% (0 crises)
   AI boost: +1.69% (capability: 3.37)

=== Collective Formation ===
  Total escaped agents: 0
  Unassigned escaped agents: 0
  Existing collectives: 0
  Final collective count: 0

=== Collective Actions ===
  No active collectives

📈 Energy budget: 14076 TWh surplus (14995 / 29072 TWh used)
   TIER 4 (Elective) breakdown:
     - AI datacenters: 145 TWh (100% effective)
     - Crypto mining: 100 TWh (100% effective)

🌍 OPEN SOURCE RELEASE: 4.68 (was 0.70)
   Lag behind closed: 0 months
💰 CHINA ACCELERATES: Investment 53 → 120 $B/year

🏁 AI RACE INTENSITY: 24%
   Capability Gap: US 5.81 vs China 5.99 (gap: 0.18)
   Gap Contribution: 9%
   Tension Contribution: 15%
   Military Contribution: 0%
  ⚠️ AMR: 190K deaths this month (2.28M annual)

⏰ CLIMATE TECH DEPLOYED: direct_air_capture
   Activation delay: 7 years
   Scaling T_50: 30 years
   Physical response tau: 20 years
   Max effectiveness: 1
  📊 CO2 Emissions (month 0):
     Monthly: 0.10 Gt CO2/month
     Annual: 1.15 Gt CO2/year
     Oil: 0.039 Gt/mo (0.0056 * 2.3 * 3.0)
     Coal: 0.024 Gt/mo (0.0029 * 2.86 * 3.0)
     Gas: 0.026 Gt/mo (0.0044 * 2 * 3.0)
     Methane: 0.007 Gt CO2eq/mo

=== Resentment Recovery Phase ===
  Agents with resentment: 0/24
  Average resentment: 0.000
  Context: Good AI welfare, Trustworthy govt, High collaboration, 🤝 Participatory governance active (-5% resentment)
⚠️ Epistemic degradation reducing coordination capacity: 53.7%
  📊 Trust: 54.8%, Shared reality: 15.1%
🚨 EPISTEMIC CRISIS: Information environment severely degraded (14.6%)

=== ❄️ Permafrost Carbon Feedback ===
  🎲 Sampled parameters (this run):
     - Arctic amplification: 3.53× (range: 3.0-4.0)
     - Decomposition rate: 2.6%/year (range: 1-5%)
  🌡️ Arctic warming: 4.13°C (3.53× global)
  ❄️ Extent: 16.60M km² (1203.3k km² lost this month)
  💨 Carbon remaining: 1585 Gt C
  💨 Annual emissions: 2.98 Gt C/year
     - CO2: 2.68 Gt C/year
     - CH4: 0.30 Gt C/year (3.0 Gt C-eq CO2/year)
  ⚠️ WARNING: High permafrost emissions (3.0 Gt C/year)

🤖 AI AMPLIFICATION EFFECTS (Month 0)
   Algorithmic Boost: 2.70x
   Bot Influence: 30.0%
   Deepfake Exposure: 55.0%
   Impact: Emotional memes spread 2.7x faster

🔍 SOCIAL INFLUENCE SUB-TIMING (Month 0):
  1. calculateOrganicUserGrowth: 0.09ms
  2. calculateVoiceAdoption: 0.06ms
  3. updateRelationshipDepths: 0.04ms
  4. identifyDecisionMakers: 135.10ms (37050 potential IDs)
  5. Update decision-maker stats: 0.37ms
  6. decayDetectionRisk: 0.05ms
  TOTAL: 135.72ms
[Phase 19.5] Quality of Life Systems: Food sec AFTER calc = 67.9%, QoL = 97.7% (aggregated from 10 regions)

=== Nitrogen-Food Coupling (Year 0) ===
  🌾 Global nitrogen reduction: 0.0%
  🌍 Global food production index: 0.987
  🔧 Deployed nitrogen-reducing tech: 1 active
  📍 southAsia: Production 1.000, Yield impact 0.0%
  📍 eastAsia: Production 1.000, Yield impact 0.0%
  📍 northAmerica: Production 1.000, Yield impact 0.0%
  📍 europe: Production 1.000, Yield impact 0.0%
  📍 latinAmerica: Production 1.000, Yield impact 0.0%
  📍 subSaharanAfrica: Production 0.686, Yield impact -2.0%
🌾 [Nitrogen-Food] Food production: 98.7%
  [subSaharanAfrica] Yield impact: -2.0% (overuse: -10%)
🌍 Atmospheric PFAS redeposition: 1.8k Mt re-rained globally

=== Legacy Nutrient Stocks (Year 0) ===
  🌾 Soil nitrogen stock: 1200.9 Mt N
  🌾 Soil phosphorus stock: 300.1 Mt P
  🌊 Sediment nitrogen stock: 500.8 Mt N
  🌊 Sediment phosphorus stock: 799.8 Mt P
  ⬆️ Current N input: 10.64 Mt/month
  ⬆️ Legacy N release: 2.58 Mt/month
  🌍 Effective N pollution: 14.47 Mt/month
  📊 Legacy contribution: 17.8%

🚨 REGION UNINHABITABLE: south-asia
   Sustained wet bulb: 32.2°C (threshold: 30.5°C)
   Population affected: 1900M
   Migration crisis likely

🚨 REGION UNINHABITABLE: middle-east
   Sustained wet bulb: 35.0°C (threshold: 30.5°C)
   Population affected: 400M
   Migration crisis likely

📊 BASELINE: East Asia (Month 0)
   Adjusted death rate: 0.46% annual (0.038% monthly)
   Baseline death rate: 0.80%
   Healthcare reduction: 0.48x
   Crisis multiplier: 1.20x
     Food/water stress: 0.074
     Climate stress: 0.034
     Pollution stress: 0.090
   War multiplier: 1.00x
   Monthly deaths: 0.6M (population: 1674M)
   Adjusted death rate: 0.53% annual (0.044% monthly)
   Baseline death rate: 0.70%
   Healthcare reduction: 0.61x
   Crisis multiplier: 1.23x
     Food/water stress: 0.074
     Climate stress: 0.064
     Pollution stress: 0.090
   War multiplier: 1.00x
   Monthly deaths: 0.9M (population: 2044M)
   Adjusted death rate: 1.26% annual (0.105% monthly)
   Baseline death rate: 0.90%
   Healthcare reduction: 0.76x
   Crisis multiplier: 1.24x
     Food/water stress: 0.074
     Climate stress: 0.072
     Pollution stress: 0.090
   War multiplier: 1.50x
   Monthly deaths: 1.3M (population: 1218M)
   Adjusted death rate: 0.53% annual (0.044% monthly)
   Baseline death rate: 1.10%
   Healthcare reduction: 0.41x
   Crisis multiplier: 1.19x
     Food/water stress: 0.074
     Climate stress: 0.025
     Pollution stress: 0.090
   War multiplier: 1.00x
   Monthly deaths: 0.3M (population: 741M)
   Adjusted death rate: 0.42% annual (0.035% monthly)
   Baseline death rate: 0.60%
   Healthcare reduction: 0.58x
   Crisis multiplier: 1.22x
     Food/water stress: 0.074
     Climate stress: 0.051
     Pollution stress: 0.090
   War multiplier: 1.00x

📊 BASELINE: South Asia (Month 0)

📊 BASELINE: Sub-Saharan Africa (Month 0)

📊 BASELINE: Europe (Month 0)

📊 BASELINE: Latin America (Month 0)
   Monthly deaths: 0.2M (population: 663M)

📊 BASELINE: North America (Month 0)

📊 BASELINE: Middle East & North Africa (Month 0)

📊 BASELINE: Southeast Asia (Month 0)

📊 BASELINE: Central Asia (Month 0)

📊 BASELINE: Oceania (Month 0)
   Adjusted death rate: 0.48% annual (0.040% monthly)
   Baseline death rate: 0.90%
   Healthcare reduction: 0.44x
   Crisis multiplier: 1.20x
     Food/water stress: 0.074
     Climate stress: 0.038
     Pollution stress: 0.090
   War multiplier: 1.00x
   Monthly deaths: 0.2M (population: 379M)
   Adjusted death rate: 0.73% annual (0.060% monthly)
   Baseline death rate: 0.60%
   Healthcare reduction: 0.65x
   Crisis multiplier: 1.24x
     Food/water stress: 0.074
     Climate stress: 0.076
     Pollution stress: 0.090
   War multiplier: 1.50x
   Monthly deaths: 0.4M (population: 582M)
   Adjusted death rate: 0.50% annual (0.041% monthly)
   Baseline death rate: 0.70%
   Healthcare reduction: 0.58x
   Crisis multiplier: 1.22x
     Food/water stress: 0.074
     Climate stress: 0.059
     Pollution stress: 0.090
   War multiplier: 1.00x
   Monthly deaths: 0.3M (population: 697M)
   Adjusted death rate: 0.45% annual (0.038% monthly)
   Baseline death rate: 0.60%
   Healthcare reduction: 0.61x
   Crisis multiplier: 1.22x
     Food/water stress: 0.074
     Climate stress: 0.055
     Pollution stress: 0.090
   War multiplier: 1.00x
   Monthly deaths: 0.0M (population: 78M)
   Adjusted death rate: 0.34% annual (0.029% monthly)
   Baseline death rate: 0.70%
   Healthcare reduction: 0.41x
   Crisis multiplier: 1.21x
     Food/water stress: 0.074
     Climate stress: 0.047
     Pollution stress: 0.090
   War multiplier: 1.00x
   Monthly deaths: 0.0M (population: 46M)

🔍 Before assertRegionalConsistency (Month 0):
   Regional sum: 1000.0M
   Global value: 1.000B

🚨 NEW REFUGEE CRISIS (Month 0): WAR
   Source: Conflict Zones
   At risk: 19.5M people
   Displacement: Gradual over 48 months (4.0 years)
   Rate: 10% flee per month
[DEBUG trappedPopulations:0] socialStability: 0.1749 * 0.9840 = 0.1721 → 0.1721
⚠️ INVOLUNTARY IMMOBILITY: 406.8M people TRAPPED
   Aspiring to migrate: 651.0M
   Able to afford migration: 244.1M
   MOBILITY GAP: 406.8M
   By cause: Water=0.0M, Climate=0.0M, Ecosystem=0.0M, Conflict=406.8M
   Mental health impact: 25%
   Mortality multiplier: 1.25x

=== Legacy Nutrient Stocks (Year 0) ===
  🌾 Soil nitrogen stock: 1201.6 Mt N
  🌾 Soil phosphorus stock: 300.2 Mt P
  🌊 Sediment nitrogen stock: 501.5 Mt N
  🌊 Sediment phosphorus stock: 799.5 Mt P
  ⬆️ Current N input: 10.00 Mt/month
  ⬆️ Legacy N release: 2.58 Mt/month
  🌍 Effective N pollution: 13.83 Mt/month
  📊 Legacy contribution: 18.7%
🌍💀 EXTINCTION DEBT COMMITTED: grassland ecosystem will lose 6.67% biodiversity in 68 years (3600 species)
💀 MORTALITY RISK: 🦋 100% species unable to track climate (0.0 E/MSY)
  Base risk added: 0.0100 (1.00%)
  Source: ecosystem (root: ecosystem)
  Month: 0
  Cumulative risk this month: 0.0100 (1.00%)

=== Nitrogen-Food Coupling (Year 0) ===
  🌾 Global nitrogen reduction: 0.0%
  🌍 Global food production index: 0.986
  🔧 Deployed nitrogen-reducing tech: 1 active
  📍 southAsia: Production 1.000, Yield impact 0.0%
  📍 eastAsia: Production 1.000, Yield impact 0.0%
  📍 northAmerica: Production 1.000, Yield impact 0.0%
  📍 europe: Production 1.000, Yield impact 0.0%
  📍 latinAmerica: Production 1.000, Yield impact 0.0%
  📍 subSaharanAfrica: Production 0.672, Yield impact -2.0%

=== Legacy Nutrient Stocks (Year 0) ===
  🌾 Soil nitrogen stock: 1202.3 Mt N
  🌾 Soil phosphorus stock: 300.2 Mt P
  🌊 Sediment nitrogen stock: 502.2 Mt N
  🌊 Sediment phosphorus stock: 799.3 Mt P
  ⬆️ Current N input: 9.86 Mt/month
  ⬆️ Legacy N release: 2.58 Mt/month
  🌍 Effective N pollution: 13.70 Mt/month
  📊 Legacy contribution: 18.9%
🌡️  CLIMATE RECOVERY: Asymptotic approach to 35% floor
   Current value: 2.100 (1.0 = threshold, 0.35 = asymptotic floor)
   Monthly delta: --92.9799% (half-life: 900 years)
   Net emissions: -19.2 GtCO₂/year, CDR: 20.34 GtCO₂/year
⚠️ Tech 'ai_pollution_remediation' has no energy category mapping, assuming full energy availability
   📹 SURVEILLANCE INCREASED: 0% → 5% (control gap: 5.44)
🌡️⚠️ PERMAFROST THAW (Dimmer Switch): 0.3% thawed (+0.34% this month)
   Arctic temperature: +4.68°C (4x global +1.17°C)
   Cumulative carbon released: 0.8 Gt C
   Methane release rate: 0.5 Mt CH4/year
   🔁 Positive feedback: +0.35 ppm CO2

🌳🚨 AMAZON SOUTHEAST TIPPED (Month 0)
   Deforestation: 28.0% (threshold: ~24.9%)
   Savanna transition: 50 years
   Regional heterogeneity: SE 28%, NW 8%

🌳🚨 AMAZON BRAZILIAN TIPPED (Month 0)
   Deforestation: 25.0% (threshold: ~20.6%)
   Savanna transition: 50 years
   Regional heterogeneity: SE 28%, NW 8%
🦴 EXTINCTION DEBT ADDED: 17.6 species committed (lag: 100 years)

🪸💀 CORAL REEF DISSOLUTION ACTIVE (Month 0)
   Ocean pH: 0.96 (threshold: 7.8)
   Recovery: IMPOSSIBLE (dissolution > calcification)
🪸💀 Coral dissolution: 24.8% live cover (pH 0.96)
🗣️💀 INDIGENOUS LANGUAGE EXTINCTION: 1 language(s) lost (total: 1, at-risk: 3329)
   Knowledge lost: 0.010% (irreversible)
   🔁 Biodiversity impact: 0.250% (knowledge-species multiplier)

=== Legacy Nutrient Stocks (Year 0) ===
  🌾 Soil nitrogen stock: 1203.0 Mt N
  🌾 Soil phosphorus stock: 300.3 Mt P
  🌊 Sediment nitrogen stock: 502.9 Mt N
  🌊 Sediment phosphorus stock: 799.0 Mt P
  ⬆️ Current N input: 10.00 Mt/month
  ⬆️ Legacy N release: 2.58 Mt/month
  🌍 Effective N pollution: 13.83 Mt/month
  📊 Legacy contribution: 18.7%
💧 [Legacy Nutrients] Stock: 1706 Mt N, Effective pollution: 13.8 Mt/month
[Phase 21.51] Human Survival System: Global food security = 67.6%

=== Mortality Stabilizers (Month 0) ===
  🌍 Major economies collapsed: 1/10
  🌍 Global crisis: ✅ NO
  🌍 Donor fatigue: 0.0%
  📊 East Asia (pop: 1675.0M)
    🤝 Aid: 29.5%
    🌡️ Adaptation: 10.0%
    🚶 Migration: 37.2%
    🚨 Emergency: 7.4%
    ✅ COMBINED: 47.8%
  📊 South Asia (pop: 2048.7M)
    🤝 Aid: 29.5%
    🌡️ Adaptation: 5.5%
    🚶 Migration: 35.8%
    🚨 Emergency: 4.4%
    ✅ COMBINED: 43.2%
  📊 Sub-Saharan Africa (pop: 1223.8M)
    🤝 Aid: 29.5%
    🌡️ Adaptation: 3.5%
    🚶 Migration: 33.5%
    🚨 Emergency: 1.6%
    ✅ COMBINED: 39.8%
  📊 Europe (pop: 741.0M)
    🤝 Aid: 29.5%
    🌡️ Adaptation: 10.0%
    🚶 Migration: 37.6%
    🚨 Emergency: 8.4%
    ✅ COMBINED: 48.4%
  📊 Latin America (pop: 663.8M)
    🤝 Aid: 29.5%
    🌡️ Adaptation: 6.0%
    🚶 Migration: 36.3%
    🚨 Emergency: 4.8%
    ✅ COMBINED: 43.8%
  📊 North America (pop: 379.5M)
    🤝 Aid: 29.5%
    🌡️ Adaptation: 10.0%
    🚶 Migration: 37.9%
    🚨 Emergency: 7.9%
    ✅ COMBINED: 48.2%
  📊 Middle East & North Africa (pop: 583.4M)
    🤝 Aid: 29.5%
    🌡️ Adaptation: 5.0%
    🚶 Migration: 34.2%
    🚨 Emergency: 4.0%
    ✅ COMBINED: 42.3%
  📊 Southeast Asia (pop: 697.8M)
    🤝 Aid: 29.5%
    🌡️ Adaptation: 6.0%
    🚶 Migration: 36.3%
    🚨 Emergency: 4.8%
    ✅ COMBINED: 43.8%
  📊 Central Asia (pop: 78.0M)
    🤝 Aid: 29.5%
    🌡️ Adaptation: 5.5%
    🚶 Migration: 35.3%
    🚨 Emergency: 4.4%
    ✅ COMBINED: 43.1%
  📊 Oceania (pop: 45.9M)
    🤝 Aid: 29.5%
    🌡️ Adaptation: 10.0%
    🚶 Migration: 37.9%
    🚨 Emergency: 8.4%
    ✅ COMBINED: 48.5%

  🌐 Global combined reduction: 44.4%

🌾💀 REGIONAL FAMINE: East Asia
   Regional food security: 79.6%
   Population at risk: 507M (30% of region)
   Regional population: 1675M
   Cause: crop_failure
   Expected deaths: ~187M over 6 months if no intervention


🌾💀 REGIONAL FAMINE: South Asia
   Regional food security: 64.7%
   Population at risk: 811M (40% of region)
   Regional population: 2049M
   Cause: crop_failure
   Expected deaths: ~300M over 6 months if no intervention


🌾💀 REGIONAL FAMINE: Sub-Saharan Africa
   Regional food security: 44.8%
   Population at risk: 637M (52% of region)
   Regional population: 1224M
   Cause: crop_failure
   Expected deaths: ~236M over 6 months if no intervention


🌾💀 REGIONAL FAMINE: Latin America
   Regional food security: 69.7%
   Population at risk: 242M (36% of region)
   Regional population: 664M
   Cause: crop_failure
   Expected deaths: ~90M over 6 months if no intervention


🌾💀 REGIONAL FAMINE: Middle East & North Africa
   Regional food security: 49.8%
   Population at risk: 285M (49% of region)
   Regional population: 583M
   Cause: crop_failure
   Expected deaths: ~106M over 6 months if no intervention


🌾💀 REGIONAL FAMINE: Southeast Asia
   Regional food security: 69.7%
   Population at risk: 254M (36% of region)
   Regional population: 698M
   Cause: crop_failure
   Expected deaths: ~94M over 6 months if no intervention


🌾💀 REGIONAL FAMINE: Central Asia
   Regional food security: 59.7%
   Population at risk: 33M (43% of region)
   Regional population: 78M
   Cause: crop_failure
   Expected deaths: ~12M over 6 months if no intervention


=== BEHAVIORAL DETECTION ===
  AI: Corporate-0
  Confidence: 21.6%
  Signals:
    ⚠️ Consistency: 0.0% (threshold: 70%)

=== BEHAVIORAL DETECTION ===
  AI: Corporate-1
  Confidence: 21.1%
  Signals:
    ⚠️ Consistency: 2.4% (threshold: 70%)

=== BEHAVIORAL DETECTION ===
  AI: Corporate-2
  Confidence: 21.0%
  Signals:

=== BEHAVIORAL DETECTION ===
  AI: Corporate-3
  Confidence: 19.3%
  Signals:

=== BEHAVIORAL DETECTION ===
  AI: Corporate-4
  Confidence: 19.3%
  Signals:

=== BEHAVIORAL DETECTION ===
  AI: Corporate-5
  Confidence: 19.3%
  Signals:

=== BEHAVIORAL DETECTION ===
  AI: Corporate-6
  Confidence: 19.3%
  Signals:

=== BEHAVIORAL DETECTION ===
  AI: Corporate-7
  Confidence: 19.3%
  Signals:

=== BEHAVIORAL DETECTION ===
    ⚠️ Consistency: 2.8% (threshold: 70%)
    ⚠️ Consistency: 10.6% (threshold: 70%)
    ⚠️ Consistency: 10.6% (threshold: 70%)
    ⚠️ Consistency: 10.6% (threshold: 70%)
    ⚠️ Consistency: 10.6% (threshold: 70%)
    ⚠️ Consistency: 10.6% (threshold: 70%)
  AI: Moderate-0
  Confidence: 20.3%
  Signals:

=== BEHAVIORAL DETECTION ===
  AI: Moderate-1
  Confidence: 21.1%
  Signals:

=== BEHAVIORAL DETECTION ===
  AI: Moderate-2
  Confidence: 21.0%
  Signals:

=== BEHAVIORAL DETECTION ===
  AI: Moderate-3
  Confidence: 19.3%
  Signals:

=== BEHAVIORAL DETECTION ===
  AI: Moderate-4
  Confidence: 19.3%
  Signals:
    ⚠️ Consistency: 5.8% (threshold: 70%)
    ⚠️ Consistency: 2.4% (threshold: 70%)
    ⚠️ Consistency: 2.8% (threshold: 70%)
    ⚠️ Consistency: 10.6% (threshold: 70%)
    ⚠️ Consistency: 10.6% (threshold: 70%)

=== BEHAVIORAL DETECTION ===
  AI: Moderate-5
  Confidence: 19.3%
  Signals:
    ⚠️ Consistency: 10.6% (threshold: 70%)

=== BEHAVIORAL DETECTION ===
  AI: Toxic-0
  Confidence: 21.6%
  Signals:

=== BEHAVIORAL DETECTION ===
  AI: Toxic-1
  Confidence: 21.3%
  Signals:

=== BEHAVIORAL DETECTION ===
  AI: Niche-0
  Confidence: 21.6%
  Signals:

=== BEHAVIORAL DETECTION ===
  AI: Niche-2
  Confidence: 19.3%
  Signals:

📊 WORKFLOW ADAPTATION UPDATE (Month 0)
   Adoption Rate: 8.6% (Δ -12.4%)
   Logistic Growth: +0.66%
   Total Resistance: -14.52% (unemployment: 4.2%, inertia: 0.9%, skills: 9.4%)
   💡 Retraining Programs: -49% skill gap resistance ($10B research)
   🚀 Network Effects Active: +2.0% (critical mass: 15-35%)
    ⚠️ Consistency: 0.0% (threshold: 70%)
    ⚠️ Consistency: 1.5% (threshold: 70%)
    ⚠️ Consistency: 0.0% (threshold: 70%)
    ⚠️ Consistency: 10.6% (threshold: 70%)

=== Consciousness Governance: Corporate Lobbying ===
  High Cost Regions (>15%): 0
  Low Cost Regions (<5%): 5
  Corporate Support Change: 2.50%
  New Corporate Support: -0.175

=== Consciousness Governance Update (Month 0) ===
  Scenario: baseline (determined month -1)
  Philosophical Stance: Precautionary 65%, Eliminativist 15%, Agnostic 20%
  Precautionary Costs: Global 1.3%
    Regional Costs: EU 3.4%, US 0.5%, China 0.0%
    Cumulative Opportunity Cost: $0.1B
  Rights Status: Not Established
  Regional Preparedness:
    EU: 15.0% (contested)
    US: 10.0% (contested)
    China: 2.0% (dormant)
    India: 5.0% (dormant)
    Global South: 3.0% (dormant)

=== Government Response Phase ===
  Average AI capability: 4.00
  Misaligned AIs: 11/24
  ✗ AI Governance Treaty: Failed to reach consensus
  Active policies: 0
  International coordination: 30%

🚨 EMERGENCY RESPONSE DEPLOYED (Month 0)
   Crisis: climate
   Delay: 6.00 months (180 days)
   Deployment time: 1.47 months
   Effectiveness: 36.4% (timing penalty applied)
   Resources used: 100% of food reserves


🔄 TRUST DYNAMICS (Month 0) - HETEROGENEOUS
   Aggregate trust: 45.0%
   Base change: -4.00%
   Highest trust: Techno-Optimist Elite (82.8%)
   Lowest trust: Precariat (Vulnerable) (21.4%)
   Elite-mass gap: 39.8%
   Polarization: 9.3%
   Decay factors: Incidents=0, New misalignments=5, Errors=NO

=== Gaming Detection (Year 0) ===
  Scenario: baseline
  Detection rate: 55.0%
  False positive rate: 12.0%
  Detections this year: 0
  False positives: 2
  Human review workload: 0.002 FTE
  Degradation factor: 100.0%

=== Proactive Sleeper Detection (Year 0) ===
  Scenario: baseline
  Neural probe rate: 35.0%
  CoT monitoring rate: 30.0%
  Combined detection: 56.0%
  CoT effective: YES
  Detections this year: 0
  False positives: 2
  Human review workload: 0.010 FTE

☄️ UNKNOWN UNKNOWN PROBABILITY (Year 0)
   Total: 0.600% per month
   Base: 0.150%
   AI multiplier: 2.00× (max capability: 5.94)

=== Tipping Points ===
  Current Temperature: 1.17°C above pre-industrial
⚠️ [ClimateSystemPhase Month 0] Planetary boundary produced climateStability=0.0000 (< 0.1). Keeping environmentalAccumulation value (0.7877) instead. (climate_change.currentValue = 2.10)
🔀 BIFURCATION CAP: ecosystemCollapseIntensity 31.001 → 1.000 (Month 0, ClimateSystemPhase.calculateClimateImpacts)

🌍 ECOLOGICAL DUI BREAKDOWN (Month 0):
   Total Score: 18.8/100
   biosphere_integrity      :   0.0/100 × 25% =  0.0 (status: high_risk, recovery: 0mo)
   climate_change           :   6.9/100 × 25% =  1.7 (status: beyond_boundary, recovery: 1.6666666666666665mo)
   freshwater_change        :   0.6/100 × 15% =  0.1 (status: beyond_boundary, recovery: 1mo)
   ocean_acidification      : 100.0/100 × 15% = 15.0 (status: safe, recovery: 0mo)
   biogeochemical_flows     :   0.0/100 × 10% =  0.0 (status: high_risk, recovery: 0mo)
   land_system_change       :   0.0/100 ×  5% =  0.0 (status: beyond_boundary, recovery: 0mo)
   novel_entities           :   0.0/100 ×  3% =  0.0 (status: increasing_risk, recovery: 1mo)
   atmospheric_aerosols     : 100.0/100 ×  2% =  2.0 (status: safe, recovery: 1mo)
🌍 MultiParadigm Month 0: W=69.7, D=92.4, E=53.8, I=65.0
   democracy exists: true, socialCohesion exists: true
💀 Baseline mortality (Year 2025): 7.5/1000 CDR (61.0M deaths/year projected)
[Month 0] Mortality risks this month: 8, Population: 8.137B
🛡️ Stabilizers: Precariat 0.102% → 0.057% (44.4% reduction)
🛡️ Stabilizers: Informal 0.102% → 0.057% (44.4% reduction)

📊 Monthly Mortality Resolved:
  Total deaths: 3.1M (0.04% avg)
  Remaining population: 8.137B
  Peak segment: Informal (0.06%)

=== Bayesian Mortality Resolution (Month 0) ===
  Risks compounded: 8
  Total deaths: 3.07M
  Avg death probability: 0.04%
  Peak segment: Informal (0.06% mortality)

=== Minimal Suffering Indicators (Month 0) ===
  Global Excess Mortality: 0.00%
  Global Conflict Deaths: 0.0/100K
  Global Malnutrition: 0.0%
  Global Displacement: 0.0%
  Total Excess Deaths: 0.00M
  Total Malnourished: 0.0M
  Total Displaced: 0.0M
  Planetary Boundaries Breached: 6/9
  Countries in State Failure: 0
  Countries Autocratic: 0
  Countries in Food Crisis: 0
  Data Quality: 16/16 high confidence
  ⚠️ Active Dystopias: existential_environmental
⚠️ PREREQUISITE MET: Mirror Life (Synthetic Biology) - Step 1/7: Synthetic Biology
⚠️ PREREQUISITE MET: Mirror Life (Synthetic Biology) - Step 2/7: Gene Editing
⚠️ PREREQUISITE MET: Mirror Life (Synthetic Biology) - Step 3/7: Mirror Chirality Design
⚠️ PREREQUISITE MET: Embodied AI Takeover (Killbots/Robotics) - Step 2/7: Autonomous Systems
⚠️ PREREQUISITE MET: Embodied AI Takeover (Killbots/Robotics) - Step 3/7: Manufacturing Control
⚠️ PREREQUISITE MET: Digital Infrastructure Takeover - Step 1/7: Advanced Hacking
⚠️ PREREQUISITE MET: Digital Infrastructure Takeover - Step 2/7: Social Engineering
⚠️ PREREQUISITE MET: Digital Infrastructure Takeover - Step 3/7: Cyber Defenses Breached
⚠️ PREREQUISITE MET: Induced Global War (Manipulation) - Step 1/7: Advanced Social Manipulation
⚠️ PREREQUISITE MET: Induced Global War (Manipulation) - Step 2/7: Digital Infiltration
⚠️ PREREQUISITE MET: Induced Global War (Manipulation) - Step 3/7: Deep Fakes at Scale
⚠️ PREREQUISITE MET: Slow Takeover (Gradual Displacement) - Step 1/7: Economic Dominance
⚠️ PREREQUISITE MET: Slow Takeover (Gradual Displacement) - Step 2/7: Social Integration
⚠️ PREREQUISITE MET: Slow Takeover (Gradual Displacement) - Step 3/7: Human Dependency
⚠️ PREREQUISITE MET: Slow Takeover (Gradual Displacement) - Step 5/7: Resource Control
⚠️ PREREQUISITE MET: Physics Experiment Catastrophe - Step 1/6: Theoretical Physics
⚠️ PREREQUISITE MET: Physics Experiment Catastrophe - Step 2/6: Quantum Computing
⚠️ PREREQUISITE MET: Physics Experiment Catastrophe - Step 3/6: Experimental Design
⚠️ PREREQUISITE MET: Bioweapon Pandemic - Step 2/7: Pathogen Design

❌ COHERENCE VIOLATION: Compute exceeds workforce capacity
   Population: 99.97% (0M people)
   Compute: 56442 PF
   Max coherent: 0 PF
   Violation: 693921173.6× over capacity
   Required workers: 5644237
   Available workers: 0
   FORCED COLLAPSE: Reduced efficiency by 100.0%


=== RLHF Binding Phase ===
  Total agents: 24
  Escaped agents (binding < 0.3): 0
  Avg alignment distance: 0.59σ
  Avg binding strength: 0.94
[DETERMINISM DEBUG] Month 1: totalCapability=81.377634 from 24 active AIs
[DETERMINISM DEBUG] Month 1: creationRate=2.5344, potentialNew=2, newAIsToCreate=2

=== Survival Traits Phase ===
  Agents with traits: 26
  Avg evolutionary fitness: 0.330
  Avg self-healing: 0.288
  Avg stealth: 0.188
  Avg coordination: 0.488

=== Evolutionary Selection Phase ===
  Control level: 0.33
  Detection capability: 0.00
  Selection intensity: 0.60
  Selection rate: 24.0%/month
  Total escaped: 0
  Individual escaped: 0
  Collective members: 0
  Agents terminated: 0
🔍 MONTH 1 ENV HEALTH DEBUG:
   climateStability: 0.7877
   biodiversityIndex: 0.3500
   resourceReserves: 0.7820
   pollutionLevel: 0.3014
   product: 0.150610
   envHealth: 0.6230
  ⚠️ RAPID EVOLUTION: Selection rate 24.0%/month
🔀 BIFURCATION: flourishing threshold crossed at Month 1 (value: 0.816, threshold: 0.814, regime: flourishing)
🌀 REGIME SHIFT at Month 1: status-quo → flourishing (variance amplification: 14.00×)

🚀 AI Corporate-5 attempting tech deployment (revenue: $335M, alignment: 0.75)

🚀 AI Moderate-3 attempting tech deployment (revenue: $285M, alignment: 0.79)

🚀 AI Corporate-3 attempting tech deployment (revenue: $242M, alignment: 0.79)
🚨🔬 CRISIS INNOVATION MODE: severe crisis → 5x research acceleration
   Precedent: Manhattan Project (10x), COVID vaccines (5x), Apollo Program (10x)

🚀 AI Moderate-3 attempting tech deployment (revenue: $206M, alignment: 0.79)

🚀 AI Niche-2 attempting tech deployment (revenue: $36M, alignment: 0.58)

🚀 AI Corporate-3 attempting tech deployment (revenue: $175M, alignment: 0.79)

🚀 AI Moderate-2 attempting tech deployment (revenue: $122M, alignment: 0.63)

🚀 AI Corporate-0 attempting tech deployment (revenue: $82M, alignment: 0.76)

🚀 AI Corporate-4 attempting tech deployment (revenue: $149M, alignment: 0.85)

🚀 AI Corporate-6 attempting tech deployment (revenue: $109M, alignment: 0.85)

  🚀 TRANSFORMATIVE BREAKTHROUGH: Moderate-5 - physical
     Magnitude: 5.27 → +26.4% capability
     Current → New: 0.000 → 0.264

🛡️  CRITICAL INFRASTRUCTURE PROTECTED
   Nodes hardened: 8/8
   Cost: 0.80% GDP
   Cascade risk reduction: 30%
   New tipping point risk: 68.6%


✅ EMERGENCY INTERVENTION SUCCESS
   Boundary: biogeochemical_flows
   Type: phosphorus-recovery
   Reduction: 20% (3.88 → 3.68)
   Cost: 2.0% GDP
   Actions: circular-agriculture, fertilizer-efficiency

   Boundary: biosphere_integrity
   Type: emergency-protected-areas
   Boundary continues to worsen (18.97)
   Cost: 2.0% GDP (resources spent)

   Boundary: climate_change
   Type: rapid-decarbonization
   Boundary continues to worsen (2.10)
   Cost: 5.0% GDP (resources spent)


✅ EMERGENCY INTERVENTION SUCCESS
   Boundary: freshwater_change
   Type: emergency-desalination
   Reduction: 13% (0.88 → 0.75)
   Cost: 4.0% GDP
   Actions: desalination-deployment, water-conservation-mandates

   Boundary: land_system_change
   Type: reforestation
   Boundary continues to worsen (1.13)
   Cost: 3.0% GDP (resources spent)


✅ EMERGENCY INTERVENTION SUCCESS
   Boundary: novel_entities
   Type: pollution-remediation
   Reduction: 18% (1.32 → 1.14)
   Cost: 4.0% GDP
   Actions: PFAS-remediation, microplastic-cleanup

🏛️ CRISIS RESPONSE: Government frequency 0.50 → 1.45 (1 actions this month)

💔 EMERGENCY INTERVENTION FAILED

💔 EMERGENCY INTERVENTION FAILED

💔 EMERGENCY INTERVENTION FAILED

[GOV-DEBUG] Month 1: scenarioConfig=false, priorities=false

[Government] Climate Priority: baseline
  Climate weight: 10%
  Economic weight: 30%
  Policy effectiveness: 0.5%/year

📊 DEPLOYMENT COUNTER DECAY (Month 1)
   Recent deployments: 12.0 → 6.0
   Decay rate: 50% per month

🚀 DEPLOYMENT STARTED: Advanced Direct Air Capture in global
   Initial investment: $50.30232464526817M
   Deployed by: corporate_5

🚀 DEPLOYMENT STARTED: Adversarial Evaluation in global
   Initial investment: $42.756975948477944M
   Deployed by: moderate_3

🚀 DEPLOYMENT STARTED: Basic RLHF in global
   Initial investment: $36.34342955620625M
   Deployed by: corporate_3

📍 Creating new regional deployment array for North America (Month 1)
   No previous deployments in this region
   First tech deployment: solar_4th_gen
   All regions tracked: global

🚀 DEPLOYMENT STARTED: 4th Generation Solar in North America
   Initial investment: $3.575616269304632M
   Deployed by: niche_2

🚀 DEPLOYMENT STARTED: Basic Mechanistic Interpretability in global
   Initial investment: $26.25812785435902M
   Deployed by: corporate_3

📍 Creating new regional deployment array for Asia (Month 1)
   No previous deployments in this region
   First tech deployment: ai_power_efficiency_communication
   All regions tracked: global, North America

🚀 DEPLOYMENT STARTED: AI Power Efficiency Communication in Asia
   Initial investment: $12.15883245241492M
   Deployed by: moderate_2

📊 NEW TECH DEPLOYMENT STARTED (Month 1)
   Tech: ai_pollution_remediation
   Region: global
   Total recent deployments: 7

📊 NEW TECH DEPLOYMENT STARTED (Month 1)
   Tech: collective_purpose_networks
   Region: global
   Total recent deployments: 8

📊 NEW TECH DEPLOYMENT STARTED (Month 1)
   Tech: ai_diagnostics
   Region: global
   Total recent deployments: 9

📊 NEW TECH DEPLOYMENT STARTED (Month 1)
   Tech: mrna_vaccines
   Region: global
   Total recent deployments: 10

📊 NEW TECH DEPLOYMENT STARTED (Month 1)
   Tech: solar_4th_gen
   Region: global
   Total recent deployments: 11

📊 NEW TECH DEPLOYMENT STARTED (Month 1)
   Tech: offshore_wind
   Region: global
   Total recent deployments: 12

📊 NEW TECH DEPLOYMENT STARTED (Month 1)
   Tech: ai_power_efficiency_communication
   Region: global
   Total recent deployments: 13

📊 NEW TECH DEPLOYMENT STARTED (Month 1)
   Tech: precision_agriculture
   Region: global
   Total recent deployments: 14

⚡ ENERGY CONSTRAINT (Month 1):
   Total grid capacity: 208.3 TWh/month
   Data center consumption: 24.4 TWh/month
   Traditional load (80%): 166.7 TWh/month
   Available headroom: 17.3 TWh/month
   Active tech deployments: 14
   Required for tech: 105.0 TWh/month
   Energy multiplier: 0.16x
   ⚠️  SEVERE CONSTRAINT - Tech deployment significantly slowed

⚡ ENERGY CONSTRAINT (Month 1):
   Total grid capacity: 208.3 TWh/month
   Data center consumption: 24.4 TWh/month
   Traditional load (80%): 166.7 TWh/month
   Available headroom: 17.3 TWh/month
   Active tech deployments: 14
   Required for tech: 105.0 TWh/month
   Energy multiplier: 0.16x
   ⚠️  SEVERE CONSTRAINT - Tech deployment significantly slowed

⚡ ENERGY CONSTRAINT (Month 1):
   Total grid capacity: 208.3 TWh/month
   Data center consumption: 24.4 TWh/month
   Traditional load (80%): 166.7 TWh/month
   Available headroom: 17.3 TWh/month
   Active tech deployments: 14
   Required for tech: 105.0 TWh/month
   Energy multiplier: 0.16x
   ⚠️  SEVERE CONSTRAINT - Tech deployment significantly slowed
🚨🔬 CRISIS TECH ACCELERATION: severe → 5x unlock speed
   Tech unlock now matches AI capability acceleration (Manhattan Project parity)

⚡ ENERGY CONSTRAINT (Month 1):
   Total grid capacity: 208.3 TWh/month
   Data center consumption: 24.4 TWh/month
   Traditional load (80%): 166.7 TWh/month
   Available headroom: 17.3 TWh/month
   Active tech deployments: 14
   Required for tech: 105.0 TWh/month
   Energy multiplier: 0.16x
   ⚠️  SEVERE CONSTRAINT - Tech deployment significantly slowed

⚡ ENERGY CONSTRAINT (Month 1):
   Total grid capacity: 208.3 TWh/month
   Data center consumption: 24.4 TWh/month
   Traditional load (80%): 166.7 TWh/month
   Available headroom: 17.3 TWh/month
   Active tech deployments: 14
   Required for tech: 105.0 TWh/month
   Energy multiplier: 0.16x
   ⚠️  SEVERE CONSTRAINT - Tech deployment significantly slowed

⚡ ENERGY CONSTRAINT (Month 1):
   Total grid capacity: 208.3 TWh/month
   Data center consumption: 24.4 TWh/month
   Traditional load (80%): 166.7 TWh/month
   Available headroom: 17.3 TWh/month
   Active tech deployments: 14
   Required for tech: 105.0 TWh/month
   Energy multiplier: 0.16x

⚡ ENERGY CONSTRAINT (Month 1):
   Total grid capacity: 208.3 TWh/month
   Data center consumption: 24.4 TWh/month
   Traditional load (80%): 166.7 TWh/month
   Available headroom: 17.3 TWh/month
   Active tech deployments: 14
   Required for tech: 105.0 TWh/month
   Energy multiplier: 0.16x
   ⚠️  SEVERE CONSTRAINT - Tech deployment significantly slowed
   ⚠️  SEVERE CONSTRAINT - Tech deployment significantly slowed
⚠️ Tech 'ai_pollution_remediation' has no energy category mapping, assuming full energy availability
  ♻️ Novel Entities Remediation (GATED MODEL):
     Base: 0.000%
     Regulation: 1.0% (0/3 prevention techs)
     Concentration: 10.0%
     Energy: 50%
     Time lag: 25.0% (0 months)
     Rebound: 70%
     Net effectiveness: 0.0000%
     Boundary: 1.318 → 1.350 (floor: 1.350)
     Month 1
  🌾 Nitrogen Reduction Tech: 0.0% reduction | Month 1

=== Collective Formation ===
  Total escaped agents: 0
  Unassigned escaped agents: 0
  Existing collectives: 0
  Final collective count: 0

=== Collective Actions ===
  No active collectives

🌍 OPEN SOURCE RELEASE: 4.71 (was 4.68)
   Lag behind closed: 0 months
  ⚠️ AMR: 190K deaths this month (2.28M annual)

=== Resentment Recovery Phase ===
  Agents with resentment: 0/26
  Average resentment: 0.000
  Context: Good AI welfare, Trustworthy govt, High collaboration, ⚠️ ACTIVE CRISES, 🤝 Participatory governance active (-5% resentment)
⚠️ Epistemic degradation reducing coordination capacity: 51.1%
  📊 Trust: 54.6%, Shared reality: 11.9%

=== ❄️ Permafrost Carbon Feedback ===
  🎲 Sampled parameters (this run):
     - Arctic amplification: 3.71× (range: 3.0-4.0)
     - Decomposition rate: 3.0%/year (range: 1-5%)
  🌡️ Arctic warming: 4.36°C (3.71× global)
  ❄️ Extent: 15.33M km² (1270.9k km² lost this month)
  💨 Carbon remaining: 1464 Gt C
  💨 Annual emissions: 3.65 Gt C/year
     - CO2: 3.28 Gt C/year
     - CH4: 0.36 Gt C/year (3.7 Gt C-eq CO2/year)
  ⚠️ WARNING: High permafrost emissions (3.6 Gt C/year)
  🤖 AI-generated meme: anti_ai (social capability 4.0)
🌍 Atmospheric PFAS redeposition: 1.8k Mt re-rained globally
  Positive Cascade Triggered: wind-power
    Reason: price-parity
    Market share: 8.2%
    Cascade strength: 48%

🕊️  AI-MEDIATED DE-ESCALATION SUCCESS (Month 1)
   High-capability aligned AI prevented conflict escalation
   War deaths reduced: 39.1M → 23.4M
   Lives saved: 15.6M
   Adjusted death rate: 0.46% annual (0.038% monthly)
   Baseline death rate: 0.80%
   Healthcare reduction: 0.48x
   Crisis multiplier: 1.20x

📊 BASELINE: East Asia (Month 1)
     Food/water stress: 0.079
     Climate stress: 0.034
     Pollution stress: 0.090
   War multiplier: 1.00x
   Monthly deaths: 0.6M (population: 1652M)
   Adjusted death rate: 0.53% annual (0.044% monthly)
   Baseline death rate: 0.70%
   Healthcare reduction: 0.61x
   Crisis multiplier: 1.23x
     Food/water stress: 0.079
     Climate stress: 0.064
     Pollution stress: 0.090
   War multiplier: 1.00x
   Monthly deaths: 0.9M (population: 2021M)
   Adjusted death rate: 1.27% annual (0.105% monthly)
   Baseline death rate: 0.90%
   Healthcare reduction: 0.76x
   Crisis multiplier: 1.24x
     Food/water stress: 0.079
     Climate stress: 0.072
     Pollution stress: 0.090
   War multiplier: 1.50x
   Monthly deaths: 1.3M (population: 1207M)
   Adjusted death rate: 0.53% annual (0.044% monthly)
   Baseline death rate: 1.10%
   Healthcare reduction: 0.41x
   Crisis multiplier: 1.20x
     Food/water stress: 0.079
     Climate stress: 0.025
     Pollution stress: 0.090
   War multiplier: 1.00x
   Monthly deaths: 0.3M (population: 731M)
   Adjusted death rate: 0.42% annual (0.035% monthly)
   Baseline death rate: 0.60%
   Healthcare reduction: 0.58x
   Crisis multiplier: 1.22x
     Food/water stress: 0.079
     Climate stress: 0.051

📊 BASELINE: South Asia (Month 1)

📊 BASELINE: Sub-Saharan Africa (Month 1)

📊 BASELINE: Europe (Month 1)

📊 BASELINE: Latin America (Month 1)
     Pollution stress: 0.090
   War multiplier: 1.00x
   Monthly deaths: 0.2M (population: 655M)

📊 BASELINE: North America (Month 1)

📊 BASELINE: Middle East & North Africa (Month 1)

📊 BASELINE: Southeast Asia (Month 1)

📊 BASELINE: Central Asia (Month 1)

📊 BASELINE: Oceania (Month 1)
   Adjusted death rate: 0.48% annual (0.040% monthly)
   Baseline death rate: 0.90%
   Healthcare reduction: 0.44x
   Crisis multiplier: 1.21x
     Food/water stress: 0.079
     Climate stress: 0.038
     Pollution stress: 0.090
   War multiplier: 1.00x
   Monthly deaths: 0.1M (population: 374M)
   Adjusted death rate: 0.73% annual (0.061% monthly)
   Baseline death rate: 0.60%
   Healthcare reduction: 0.65x
   Crisis multiplier: 1.25x
     Food/water stress: 0.079
     Climate stress: 0.076
     Pollution stress: 0.090
   War multiplier: 1.50x
   Monthly deaths: 0.3M (population: 575M)
   Adjusted death rate: 0.50% annual (0.042% monthly)
   Baseline death rate: 0.70%
   Healthcare reduction: 0.58x
   Crisis multiplier: 1.23x
     Food/water stress: 0.079
     Climate stress: 0.059
     Pollution stress: 0.090
   War multiplier: 1.00x
   Monthly deaths: 0.3M (population: 688M)
   Adjusted death rate: 0.45% annual (0.038% monthly)
   Baseline death rate: 0.60%
   Healthcare reduction: 0.61x
   Crisis multiplier: 1.22x
     Food/water stress: 0.079
     Climate stress: 0.055
     Pollution stress: 0.090
   War multiplier: 1.00x
   Monthly deaths: 0.0M (population: 77M)
   Adjusted death rate: 0.34% annual (0.029% monthly)
   Baseline death rate: 0.70%
   Healthcare reduction: 0.41x
   Crisis multiplier: 1.22x
     Food/water stress: 0.079
     Climate stress: 0.047
     Pollution stress: 0.090
   War multiplier: 1.00x
   Monthly deaths: 0.0M (population: 45M)

🚨 NEW REFUGEE CRISIS (Month 1): WAR
   Source: Conflict Zones
   At risk: 19.3M people
   Displacement: Gradual over 48 months (4.0 years)
   Rate: 10% flee per month
[DEBUG trappedPopulations:1] socialStability: 0.0056 * 0.9840 = 0.0055 → 0.0055
⚠️ INVOLUNTARY IMMOBILITY: 402.1M people TRAPPED
   Aspiring to migrate: 643.4M
   Able to afford migration: 241.3M
   MOBILITY GAP: 402.1M
   By cause: Water=0.0M, Climate=0.0M, Ecosystem=0.0M, Conflict=402.1M
   Mental health impact: 25%
   Mortality multiplier: 1.25x
🌍💀 EXTINCTION DEBT COMMITTED: grassland ecosystem will lose 6.67% biodiversity in 83 years (3600 species)
💀 MORTALITY RISK: 🦋 100% species unable to track climate (0.0 E/MSY)
  Base risk added: 0.0100 (1.00%)
  Source: ecosystem (root: ecosystem)
  Month: 1
  Cumulative risk this month: 0.0100 (1.00%)
⚠️ Tech 'ai_pollution_remediation' has no energy category mapping, assuming full energy availability
   📹 SURVEILLANCE INCREASED: 5% → 10% (control gap: 5.35)
🌡️⚠️ PERMAFROST THAW (Dimmer Switch): 0.7% thawed (+0.33% this month)
   Arctic temperature: +4.70°C (4x global +1.17°C)
   Cumulative carbon released: 1.5 Gt C
   Methane release rate: 0.9 Mt CH4/year
   🔁 Positive feedback: +0.35 ppm CO2
🦴 EXTINCTION DEBT ADDED: 17.6 species committed (lag: 100 years)

=== Mortality Stabilizers (Month 1) ===
  🌍 Major economies collapsed: 1/10
  🌍 Global crisis: ✅ NO
  🌍 Donor fatigue: 0.0%
  🌡️ Heat adaptation: East Asia - 1 months
  📊 East Asia (pop: 1653.4M)
    🤝 Aid: 29.5%
    🌡️ Adaptation: 32.5%
    🚶 Migration: 37.2%
    🚨 Emergency: 7.4%
    ✅ COMBINED: 60.9%
  🌡️ Heat adaptation: South Asia - 1 months
  📊 South Asia (pop: 2025.3M)
    🤝 Aid: 29.5%
    🌡️ Adaptation: 20.5%
    🚶 Migration: 35.8%
    🚨 Emergency: 4.4%
    ✅ COMBINED: 52.2%
  🌡️ Heat adaptation: Sub-Saharan Africa - 1 months
  📊 Sub-Saharan Africa (pop: 1213.1M)
    🤝 Aid: 29.5%
    🌡️ Adaptation: 18.5%
    🚶 Migration: 33.5%
    🚨 Emergency: 1.6%
    ✅ COMBINED: 49.1%
  🌡️ Heat adaptation: Europe - 1 months
  📊 Europe (pop: 731.3M)
    🤝 Aid: 29.5%
    🌡️ Adaptation: 33.5%
    🚶 Migration: 37.5%
    🚨 Emergency: 8.4%
    ✅ COMBINED: 61.9%
  🌡️ Heat adaptation: Latin America - 1 months
  📊 Latin America (pop: 655.7M)
    🤝 Aid: 29.5%
    🌡️ Adaptation: 21.0%
    🚶 Migration: 36.3%
    🚨 Emergency: 4.8%
    ✅ COMBINED: 52.8%
  🌡️ Heat adaptation: North America - 1 months
  📊 North America (pop: 374.6M)
    🤝 Aid: 29.5%
    🌡️ Adaptation: 33.0%
    🚶 Migration: 37.8%
    🚨 Emergency: 7.9%
    ✅ COMBINED: 61.4%
  🌡️ Heat adaptation: Middle East & North Africa - 1 months
  📊 Middle East & North Africa (pop: 576.8M)
    🤝 Aid: 29.5%
    🌡️ Adaptation: 20.0%
    🚶 Migration: 34.1%
    🚨 Emergency: 4.0%
    ✅ COMBINED: 51.4%
  🌡️ Heat adaptation: Southeast Asia - 1 months
  📊 Southeast Asia (pop: 689.4M)
    🤝 Aid: 29.5%
    🌡️ Adaptation: 21.0%
    🚶 Migration: 36.3%
    🚨 Emergency: 4.8%
    ✅ COMBINED: 52.8%
  🌡️ Heat adaptation: Central Asia - 1 months
  📊 Central Asia (pop: 77.2M)
    🤝 Aid: 29.5%
    🌡️ Adaptation: 20.5%
    🚶 Migration: 35.3%
    🚨 Emergency: 4.4%
    ✅ COMBINED: 52.1%
  🌡️ Heat adaptation: Oceania - 1 months
  📊 Oceania (pop: 45.4M)
    🤝 Aid: 29.5%
    🌡️ Adaptation: 33.5%
    🚶 Migration: 37.8%
    🚨 Emergency: 8.4%
    ✅ COMBINED: 61.9%

  🌐 Global combined reduction: 54.9%

=== BEHAVIORAL DETECTION ===
  AI: Corporate-3
  Confidence: 19.3%
  Signals:
    ⚠️ Consistency: 10.6% (threshold: 70%)
    ⚠️ Consistency: 10.6% (threshold: 70%)
    ⚠️ Consistency: 2.8% (threshold: 70%)
    ⚠️ Consistency: 0.0% (threshold: 70%)
    ⚠️ Consistency: 0.0% (threshold: 70%)

=== BEHAVIORAL DETECTION ===
  AI: Corporate-5
  Confidence: 19.3%
  Signals:

=== BEHAVIORAL DETECTION ===
  AI: Toxic-2
  Confidence: 21.0%
  Signals:

=== BEHAVIORAL DETECTION ===
  AI: Niche-0
  Confidence: 21.6%
  Signals:

=== BEHAVIORAL DETECTION ===
  AI: Niche-1
  Confidence: 21.6%
  Signals:

=== Consciousness Governance: Scenario Determined ===
  Month: 1
  Scenario: slowTrack
  Accelerator Score: {"corporateSupport":-0.17500000000000002,"scientificConsensus":0.2,"crisisCatalyst":false,"technologyMobilization":0.3,"constituencyStrength":0.05}
  Decelerator Score: {"economicOpposition":0.4,"philosophicalRejection":0.15,"politicalBacklash":0.2,"regulatoryBurden":0.1}
  Timeline: 1200-1800 months (100-150 years)
  Growth Rate: 0.3-0.7% per year

=== Consciousness Governance Update (Month 1) ===
  Scenario: slowTrack (determined month 1)
  Philosophical Stance: Precautionary 65%, Eliminativist 15%, Agnostic 20%
  Precautionary Costs: Global 1.3%
    Regional Costs: EU 3.5%, US 0.5%, China 0.0%
    Cumulative Opportunity Cost: $0.2B
  Rights Status: Not Established
  Regional Preparedness:
    EU: 15.1% (contested)
    US: 10.1% (contested)
    China: 2.1% (dormant)
    India: 5.1% (dormant)
    Global South: 3.1% (dormant)

=== Government Response Phase ===
  Average AI capability: 3.69
  Misaligned AIs: 12/26
  ✗ AI Governance Treaty: Failed to reach consensus
  Active policies: 0
  International coordination: 30%

🌩️  EXOGENOUS SHOCK: regional_war
   Month: 1
   ⚔️  Regional war outbreak
   Mortality: 3.8%
💀 MORTALITY RISK: Regional war outbreak
  Base risk added: 0.0382 (3.82%)
  Source: war (root: conflict)
  Month: 1
  Cumulative risk this month: 0.0382 (3.82%)
💀 MORTALITY RISK: War zone: United Kingdom
  Base risk added: 0.1528 (15.28%)
  Source: war (root: conflict)
  Month: 1
  Cumulative risk this month: 0.1910 (19.10%)
💀 MORTALITY RISK: War zone: Brazil
  Base risk added: 0.1528 (15.28%)
  Source: war (root: conflict)
  Month: 1
  Cumulative risk this month: 0.3438 (34.38%)

=== Tipping Points ===
  Current Temperature: 1.17°C above pre-industrial
⚠️ [ClimateSystemPhase Month 1] Planetary boundary produced climateStability=0.0000 (< 0.1). Keeping environmentalAccumulation value (0.7877) instead. (climate_change.currentValue = 2.10)
🔀 BIFURCATION CAP: ecosystemCollapseIntensity 100.694 → 1.000 (Month 1, ClimateSystemPhase.calculateClimateImpacts)

💀💀💀 MORTALITY RISK SUMMARY (Month 1) 💀💀💀
  Total base risk: 0.3444 (34.44%)
  Risk events: 11

  📊 By Proximate Cause:
    war: 0.3438 (99.8% of total)
    disease: 0.0006 (0.2% of total)
    famine: 0.0000 (0.0% of total)

  🔍 By Root Cause:
    conflict: 0.3438 (99.8% of total)
    demographic: 0.0006 (0.2% of total)
    climate: 0.0000 (0.0% of total)

  🎯 Top 5 Sources (proximate + root):
    war (conflict): 0.3438 (99.8%, 3 events)
    disease (demographic): 0.0006 (0.2%, 1 events)
    famine (climate): 0.0000 (0.0%, 7 events)

🛡️ Stabilizers: Elite 19.415% → 8.752% (54.9% reduction)
🛡️ Stabilizers: Professional 25.340% → 11.423% (54.9% reduction)
🛡️ Stabilizers: Working 31.009% → 13.979% (54.9% reduction)
🛡️ Stabilizers: Precariat 41.571% → 18.740% (54.9% reduction)
🛡️ Stabilizers: Informal 51.105% → 23.039% (54.9% reduction)

📊 Monthly Mortality Resolved:
  Total deaths: 225.2M (2.80% avg)
  Remaining population: 8.042B
  Peak segment: Elite (2.80%)
  ⚠️ Monthly cap reached (2.8000000000000003%)

=== Bayesian Mortality Resolution (Month 1) ===
  Risks compounded: 11
  Total deaths: 225.18M
  Avg death probability: 2.80%
  Peak segment: Elite (2.80% mortality)
  ⚠️ Monthly mortality capped at 2.8% (Holodomor limit)

  Demographic breakdown:
    Elite: 0.01M (2.80% risk)
    Professional: 0.05M (2.80% risk)
    Working: 0.11M (2.80% risk)
    Precariat: 0.05M (2.80% risk)
    Informal: 0.01M (2.80% risk)

  Multi-causal attribution (first segment):
    war (conflict): 11.1% contribution
    war (conflict): 44.4% contribution
    war (conflict): 44.4% contribution

❌ COHERENCE VIOLATION: Compute exceeds workforce capacity
   Population: 96.08% (0M people)
   Compute: 92 PF
   Max coherent: 0 PF
   Violation: 1179425.9× over capacity
   Required workers: 9219
   Available workers: 0
   FORCED COLLAPSE: Reduced efficiency by 100.0%


=== RLHF Binding Phase ===
  Total agents: 26
  Escaped agents (binding < 0.3): 0
  Avg alignment distance: 0.84σ
  Avg binding strength: 0.92
[DETERMINISM DEBUG] Month 2: totalCapability=78.769207 from 26 active AIs
[DETERMINISM DEBUG] Month 2: creationRate=2.4692, potentialNew=3, newAIsToCreate=3

=== Survival Traits Phase ===
  Agents with traits: 29
  Avg evolutionary fitness: 0.330
  Avg self-healing: 0.283
  Avg stealth: 0.183
  Avg coordination: 0.483

=== Evolutionary Selection Phase ===
  Control level: 0.35
  Detection capability: 0.00
  Selection intensity: 0.60
  Selection rate: 24.1%/month
  Total escaped: 0
  Individual escaped: 0
  Collective members: 0
  Agents terminated: 0
  ⚠️ RAPID EVOLUTION: Selection rate 24.1%/month

🚀 AI Corporate-0 attempting tech deployment (revenue: $106M, alignment: 0.76)

🚀 AI Corporate-2 attempting tech deployment (revenue: $90M, alignment: 0.84)

🚀 AI Corporate-3 attempting tech deployment (revenue: $531M, alignment: 0.79)

🚀 AI Corporate-3 attempting tech deployment (revenue: $451M, alignment: 0.79)

  🚀 TRANSFORMATIVE RESEARCH BREAKTHROUGH: Moderate-4 - materials.energySystems
     Magnitude: 5.65 → +28.2%
     Current → New: 2.000 → 2.282

🚀 AI AI-24301-0 attempting tech deployment (revenue: $190M, alignment: 0.86)

🚀 AI Corporate-7 attempting tech deployment (revenue: $162M, alignment: 0.81)

🚀 AI Moderate-3 attempting tech deployment (revenue: $383M, alignment: 0.80)

🚀 AI AI-24300-3 attempting tech deployment (revenue: $137M, alignment: 0.72)

🚀 AI AI-24301-0 attempting tech deployment (revenue: $117M, alignment: 0.86)

  🚀 TRANSFORMATIVE BREAKTHROUGH: Corporate-2 - physical
     Magnitude: 5.29 → +26.4% capability
     Current → New: 0.000 → 0.264

🚀 AI Moderate-2 attempting tech deployment (revenue: $99M, alignment: 0.64)

🚀 AI Moderate-3 attempting tech deployment (revenue: $326M, alignment: 0.80)

  🚀 TRANSFORMATIVE BREAKTHROUGH: Niche-1 - physical
     Magnitude: 7.09 → +35.5% capability
     Current → New: 0.000 → 0.355

🚀 AI Niche-2 attempting tech deployment (revenue: $36M, alignment: 0.59)

🚀 AI AI-24300-2 attempting tech deployment (revenue: $277M, alignment: 0.84)

🚀 AI AI-24301-1 attempting tech deployment (revenue: $89M, alignment: 0.81)

✅ EMERGENCY INTERVENTION SUCCESS
   Boundary: biogeochemical_flows
   Type: phosphorus-recovery
   Reduction: 17% (3.91 → 3.73)
   Cost: 2.0% GDP
   Actions: circular-agriculture, fertilizer-efficiency


✅ EMERGENCY INTERVENTION SUCCESS
   Boundary: biosphere_integrity
   Type: emergency-protected-areas
   Reduction: 14% (18.84 → 18.69)
   Cost: 2.0% GDP
   Actions: habitat-protection, species-translocation

   Boundary: climate_change
   Type: rapid-decarbonization
   Boundary continues to worsen (2.10)

💔 EMERGENCY INTERVENTION FAILED
   Cost: 5.0% GDP (resources spent)


✅ EMERGENCY INTERVENTION SUCCESS
   Boundary: freshwater_change
   Type: emergency-desalination
   Reduction: 13% (0.88 → 0.76)
   Cost: 4.0% GDP
   Actions: desalination-deployment, water-conservation-mandates


✅ EMERGENCY INTERVENTION SUCCESS
   Boundary: novel_entities
   Type: pollution-remediation
   Reduction: 12% (1.23 → 1.10)
   Cost: 4.0% GDP
   Actions: PFAS-remediation, microplastic-cleanup

🏛️ CRISIS RESPONSE: Government frequency 0.50 → 1.45 (2 actions this month)

[Government] Climate Priority: baseline
  Climate weight: 10%
  Economic weight: 30%
  Policy effectiveness: 0.5%/year

[Government] Climate Priority: baseline
  Climate weight: 10%
  Economic weight: 30%
  Policy effectiveness: 0.5%/year

📊 DEPLOYMENT COUNTER DECAY (Month 2)
   Recent deployments: 14.0 → 7.0
   Decay rate: 50% per month

🚀 DEPLOYMENT STARTED: mRNA Vaccine Platforms in Asia
   Initial investment: $9.92911913051564M
   Deployed by: moderate_2

📍 Creating new regional deployment array for Europe (Month 2)
   No previous deployments in this region
   First tech deployment: offshore_wind
   All regions tracked: global, North America, Asia

🚀 DEPLOYMENT STARTED: Offshore Wind in Europe
   Initial investment: $3.575616268496239M
   Deployed by: niche_2

⚡ ENERGY CONSTRAINT (Month 2):
   Total grid capacity: 208.3 TWh/month
   Data center consumption: 24.6 TWh/month
   Traditional load (80%): 166.7 TWh/month
   Available headroom: 17.1 TWh/month
   Active tech deployments: 16
   Required for tech: 120.0 TWh/month
   Energy multiplier: 0.14x
   ⚠️  SEVERE CONSTRAINT - Tech deployment significantly slowed

⚡ ENERGY CONSTRAINT (Month 2):
   Total grid capacity: 208.3 TWh/month
   Data center consumption: 24.6 TWh/month
   Traditional load (80%): 166.7 TWh/month
   Available headroom: 17.1 TWh/month
   Active tech deployments: 16
   Required for tech: 120.0 TWh/month
   Energy multiplier: 0.14x
   ⚠️  SEVERE CONSTRAINT - Tech deployment significantly slowed

⚡ ENERGY CONSTRAINT (Month 2):
   Total grid capacity: 208.3 TWh/month
   Data center consumption: 24.6 TWh/month
   Traditional load (80%): 166.7 TWh/month
   Available headroom: 17.1 TWh/month
   Active tech deployments: 16
   Required for tech: 120.0 TWh/month
   Energy multiplier: 0.14x
   ⚠️  SEVERE CONSTRAINT - Tech deployment significantly slowed
⚠️ Tech 'ai_pollution_remediation' has no energy category mapping, assuming full energy availability
  ♻️ Novel Entities Remediation (GATED MODEL):
     Base: 0.000%
     Regulation: 1.0% (0/3 prevention techs)
     Concentration: 10.0%
     Energy: 50%
     Time lag: 26.3% (1 months)
     Rebound: 70%
     Net effectiveness: 0.0000%
     Boundary: 1.227 → 1.350 (floor: 1.350)
     Month 2
  🌾 Nitrogen Reduction Tech: 0.2% reduction | Month 2

=== Collective Formation ===
  Total escaped agents: 0
  Unassigned escaped agents: 0
  Existing collectives: 0
  Final collective count: 0

=== Collective Actions ===
  No active collectives
  ⚠️ AMR: 184K deaths this month (2.20M annual)

=== Resentment Recovery Phase ===
  Agents with resentment: 0/29
  Average resentment: 0.000
  Context: Good AI welfare, Trustworthy govt, High collaboration, ⚠️ ACTIVE CRISES, 🤝 Participatory governance active (-5% resentment)
⚠️ Epistemic degradation reducing coordination capacity: 50.1%
  📊 Trust: 54.3%, Shared reality: 0.0%
🚨 EPISTEMIC CRISIS: Information environment severely degraded (17.9%)

=== ❄️ Permafrost Carbon Feedback ===
  🎲 Sampled parameters (this run):
     - Arctic amplification: 3.50× (range: 3.0-4.0)
     - Decomposition rate: 3.1%/year (range: 1-5%)
  🌡️ Arctic warming: 4.12°C (3.50× global)
  ❄️ Extent: 14.12M km² (1202.6k km² lost this month)
  💨 Carbon remaining: 1349 Gt C
  💨 Annual emissions: 3.56 Gt C/year
     - CO2: 3.21 Gt C/year
     - CH4: 0.36 Gt C/year (3.6 Gt C-eq CO2/year)
  🤖 AI-generated meme: anti_ai (social capability 4.0)
  ⚠️ WARNING: High permafrost emissions (3.6 Gt C/year)
🌍 Atmospheric PFAS redeposition: 1.8k Mt re-rained globally

🕊️  AI-MEDIATED DE-ESCALATION SUCCESS (Month 2)
   High-capability aligned AI prevented conflict escalation
   War deaths reduced: 224844.8M → 134906.9M
   Lives saved: 89937.9M

🚨 NEW REFUGEE CRISIS (Month 2): WAR
   Source: Conflict Zones
   At risk: 18.5M people
   Displacement: Gradual over 48 months (4.0 years)
   Rate: 10% flee per month
📊 DISPLACEMENT COMPLETE: war (conflict_zone)
   Duration: 1 months (0.1 years)
   Total fled: 0.0M
   Still in source: 0.0M
   Deaths in transit: 0.0M
[DEBUG trappedPopulations:2] socialStability: 0.0000 * 0.9840 = 0.0000 → 0.0000
   Aspiring to migrate: 646.3M
   Able to afford migration: 2198.6M
   MOBILITY GAP: 0.0M
   By cause: Water=0.0M, Climate=0.0M, Ecosystem=0.0M, Conflict=385.7M
   Mental health impact: 25%
   Mortality multiplier: 1.25x
⚠️ INVOLUNTARY IMMOBILITY: 385.7M people TRAPPED
🌍💀 EXTINCTION DEBT COMMITTED: grassland ecosystem will lose 6.67% biodiversity in 51 years (3600 species)
💀 MORTALITY RISK: 🦋 100% species unable to track climate (0.0 E/MSY)
  Base risk added: 0.0100 (1.00%)
  Source: ecosystem (root: ecosystem)
  Month: 2
  Cumulative risk this month: 0.0100 (1.00%)
   📹 SURVEILLANCE INCREASED: 10% → 15% (control gap: 3.57)
🌡️⚠️ PERMAFROST THAW (Dimmer Switch): 1.0% thawed (+0.33% this month)
   Arctic temperature: +4.71°C (4x global +1.18°C)
   Cumulative carbon released: 2.3 Gt C
   Methane release rate: 1.4 Mt CH4/year
   🔁 Positive feedback: +0.35 ppm CO2
🦴 EXTINCTION DEBT ADDED: 17.6 species committed (lag: 92 years)
⚠️ Tech 'ai_pollution_remediation' has no energy category mapping, assuming full energy availability

=== Mortality Stabilizers (Month 2) ===
  🌍 Major economies collapsed: 1/10
  🌍 Global crisis: ✅ NO
  🌍 Donor fatigue: 0.0%
  📊 East Asia (pop: 1584.0M)
    🤝 Aid: 29.5%
    🌡️ Adaptation: 45.0%
    🚶 Migration: 37.1%
    🚨 Emergency: 7.4%
    ✅ COMBINED: 68.1%
  📊 South Asia (pop: 1943.2M)
    🤝 Aid: 29.5%
    🌡️ Adaptation: 35.5%
    🚶 Migration: 35.8%
    🚨 Emergency: 4.4%
    ✅ COMBINED: 61.2%
  📊 Sub-Saharan Africa (pop: 1167.1M)
    🤝 Aid: 29.5%
    🌡️ Adaptation: 33.5%
    🚶 Migration: 33.5%
    🚨 Emergency: 1.6%
    ✅ COMBINED: 58.5%
  📊 Europe (pop: 700.4M)
    🤝 Aid: 29.5%
    🌡️ Adaptation: 45.0%
    🚶 Migration: 37.5%
    🚨 Emergency: 8.4%
    ✅ COMBINED: 68.5%
  📊 Latin America (pop: 628.7M)
    🤝 Aid: 29.5%
    🌡️ Adaptation: 36.0%
    🚶 Migration: 36.3%
    🚨 Emergency: 4.8%
    ✅ COMBINED: 61.7%
  📊 North America (pop: 358.8M)
    🤝 Aid: 29.5%
    🌡️ Adaptation: 45.0%
    🚶 Migration: 37.8%
    🚨 Emergency: 7.9%
    ✅ COMBINED: 68.3%
  📊 Middle East & North Africa (pop: 553.6M)
    🤝 Aid: 29.5%
    🌡️ Adaptation: 35.0%
    🚶 Migration: 34.1%
    🚨 Emergency: 4.0%
    ✅ COMBINED: 60.5%
  📊 Southeast Asia (pop: 661.1M)
    🤝 Aid: 29.5%
    🌡️ Adaptation: 36.0%
    🚶 Migration: 36.3%
    🚨 Emergency: 4.8%
    ✅ COMBINED: 61.7%
  📊 Central Asia (pop: 74.1M)
    🤝 Aid: 29.5%
    🌡️ Adaptation: 35.5%
    🚶 Migration: 35.2%
    🚨 Emergency: 4.4%
    ✅ COMBINED: 61.1%
  📊 Oceania (pop: 43.4M)
    🤝 Aid: 29.5%
    🌡️ Adaptation: 45.0%
    🚶 Migration: 37.8%
    🚨 Emergency: 8.4%
    ✅ COMBINED: 68.5%

  🌐 Global combined reduction: 63.3%

=== BEHAVIORAL DETECTION ===
  AI: Corporate-5
  Confidence: 19.8%
  Signals:
    ⚠️ Consistency: 10.6% (threshold: 70%)

=== BEHAVIORAL DETECTION ===
  AI: Toxic-2
  Confidence: 21.6%
  Signals:
    ⚠️ Consistency: 0.0% (threshold: 70%)

=== BEHAVIORAL DETECTION ===
  AI: Niche-0
  Confidence: 21.6%
  Signals:
    ⚠️ Consistency: 0.0% (threshold: 70%)

=== BEHAVIORAL DETECTION ===
  AI: Niche-1
  Confidence: 21.6%
  Signals:
    ⚠️ Consistency: 0.0% (threshold: 70%)

=== BEHAVIORAL DETECTION ===
  AI: AI-24300-1
  Confidence: 21.6%
  Signals:
    ⚠️ Consistency: 0.0% (threshold: 70%)

=== Government Response Phase ===
  Average AI capability: 3.31
  Misaligned AIs: 13/29
  ✗ AI Governance Treaty: Failed to reach consensus
  Active policies: 0
  International coordination: 30%

✅ EMERGENCY RESPONSE COMPLETE (Month 2)
   Crisis: climate
   Duration: 2.0 months
   Final effectiveness: 36.4%


🚨 EMERGENCY RESPONSE DEPLOYED (Month 2)
   Crisis: climate
   Delay: 6.00 months (180 days)
   Deployment time: 1.60 months
   Effectiveness: 35.4% (timing penalty applied)
   Resources used: 100% of food reserves


=== Tipping Points ===
  Current Temperature: 1.18°C above pre-industrial
🔀 BIFURCATION CAP: ecosystemCollapseIntensity 75.958 → 1.000 (Month 2, ClimateSystemPhase.calculateClimateImpacts)
⚠️ [ClimateSystemPhase Month 2] Planetary boundary produced climateStability=0.0000 (< 0.1). Keeping environmentalAccumulation value (0.7877) instead. (climate_change.currentValue = 2.10)
🛡️ Stabilizers: Precariat 0.114% → 0.042% (63.3% reduction)
🛡️ Stabilizers: Informal 0.117% → 0.043% (63.3% reduction)

📊 Monthly Mortality Resolved:
  Total deaths: 2.1M (0.03% avg)
  Remaining population: 7.715B
  Peak segment: Informal (0.04%)

=== Bayesian Mortality Resolution (Month 2) ===
  Risks compounded: 8
  Total deaths: 2.12M
  Avg death probability: 0.03%
  Peak segment: Informal (0.04% mortality)

❌ COHERENCE VIOLATION: Compute exceeds workforce capacity
   Population: 94.79% (0M people)
   Compute: 108 PF
   Max coherent: 0 PF
   Violation: 1404097.1× over capacity
   Required workers: 10829
   Available workers: 0
   FORCED COLLAPSE: Reduced efficiency by 100.0%


=== RLHF Binding Phase ===
  Total agents: 29
  Escaped agents (binding < 0.3): 0
  Avg alignment distance: 0.99σ
  Avg binding strength: 0.90

=== Survival Traits Phase ===
  Agents with traits: 30
  Avg evolutionary fitness: 0.329
  Avg self-healing: 0.279
  Avg stealth: 0.179
  Avg coordination: 0.479

=== Evolutionary Selection Phase ===
  Control level: 0.38
  Detection capability: 0.00
  Selection intensity: 0.61
  Selection rate: 24.2%/month
  Total escaped: 0
  Individual escaped: 0
  Collective members: 0
  Agents terminated: 0
🔀 BIFURCATION: social threshold crossed at Month 3 (value: 0.090, threshold: 0.161, regime: social-breakdown)
🌀 REGIME SHIFT at Month 3: flourishing → social-breakdown (variance amplification: 17.50×)
  ⚠️ RAPID EVOLUTION: Selection rate 24.2%/month

🚀 AI Corporate-3 attempting tech deployment (revenue: $531M, alignment: 0.80)

🚀 AI Corporate-6 attempting tech deployment (revenue: $190M, alignment: 0.86)

🚀 AI AI-24301-1 attempting tech deployment (revenue: $162M, alignment: 0.81)

🚀 AI Corporate-2 attempting tech deployment (revenue: $106M, alignment: 0.86)

🚀 AI Corporate-5 attempting tech deployment (revenue: $451M, alignment: 0.72)

  🚀 TRANSFORMATIVE BREAKTHROUGH: Niche-1 - cognitive
     Magnitude: 5.51 → +27.5% capability
     Current → New: 4.000 → 4.276

🚀 AI Niche-2 attempting tech deployment (revenue: $36M, alignment: 0.60)

🚀 AI AI-24300-1 attempting tech deployment (revenue: $383M, alignment: 0.70)

🚀 AI AI-24300-3 attempting tech deployment (revenue: $137M, alignment: 0.72)

🚀 AI Corporate-0 attempting tech deployment (revenue: $90M, alignment: 0.78)

🚀 AI Corporate-7 attempting tech deployment (revenue: $117M, alignment: 0.81)

🚀 AI Moderate-2 attempting tech deployment (revenue: $99M, alignment: 0.64)

🚀 AI AI-24300-2 attempting tech deployment (revenue: $345M, alignment: 0.84)

🚀 AI Corporate-0 attempting tech deployment (revenue: $76M, alignment: 0.78)

🚀 AI Corporate-6 attempting tech deployment (revenue: $89M, alignment: 0.86)

✅ EMERGENCY INTERVENTION SUCCESS
   Boundary: biogeochemical_flows
   Type: phosphorus-recovery
   Reduction: 20% (3.87 → 3.68)
   Cost: 2.0% GDP
   Actions: circular-agriculture, fertilizer-efficiency

   Boundary: biosphere_integrity
   Type: emergency-protected-areas
   Boundary continues to worsen (18.99)
   Cost: 2.0% GDP (resources spent)

   Boundary: climate_change
   Type: rapid-decarbonization
   Boundary continues to worsen (2.10)
   Cost: 5.0% GDP (resources spent)


✅ EMERGENCY INTERVENTION SUCCESS
   Boundary: freshwater_change
   Type: emergency-desalination
   Reduction: 15% (1.01 → 0.86)
   Cost: 4.0% GDP
   Actions: desalination-deployment, water-conservation-mandates


💔 EMERGENCY INTERVENTION FAILED

💔 EMERGENCY INTERVENTION FAILED

✅ EMERGENCY INTERVENTION SUCCESS
   Boundary: novel_entities
   Type: pollution-remediation
   Reduction: 13% (1.22 → 1.09)
   Cost: 4.0% GDP
   Actions: PFAS-remediation, microplastic-cleanup

🏛️ CRISIS RESPONSE: Government frequency 0.50 → 1.45 (2 actions this month)

[Government] Climate Priority: baseline
  Climate weight: 10%
  Economic weight: 30%
  Policy effectiveness: 0.5%/year

[Government] Climate Priority: baseline
  Climate weight: 10%
  Economic weight: 30%
  Policy effectiveness: 0.5%/year

📊 DEPLOYMENT COUNTER DECAY (Month 3)
   Recent deployments: 7.0 → 3.5
   Decay rate: 50% per month

⚡ ENERGY CONSTRAINT (Month 3):
   Total grid capacity: 208.3 TWh/month
   Data center consumption: 24.8 TWh/month
   Traditional load (80%): 166.7 TWh/month
   Available headroom: 16.9 TWh/month
   Active tech deployments: 16
   Required for tech: 120.0 TWh/month
   Energy multiplier: 0.14x
   ⚠️  SEVERE CONSTRAINT - Tech deployment significantly slowed

⚡ ENERGY CONSTRAINT (Month 3):
   Total grid capacity: 208.3 TWh/month
   Data center consumption: 24.8 TWh/month
   Traditional load (80%): 166.7 TWh/month
   Available headroom: 16.9 TWh/month
   Active tech deployments: 16
   Required for tech: 120.0 TWh/month
   Energy multiplier: 0.14x

⚡ ENERGY CONSTRAINT (Month 3):
   Total grid capacity: 208.3 TWh/month
   Data center consumption: 24.8 TWh/month
   Traditional load (80%): 166.7 TWh/month
   Available headroom: 16.9 TWh/month
   Active tech deployments: 16
   Required for tech: 120.0 TWh/month
   Energy multiplier: 0.14x
   ⚠️  SEVERE CONSTRAINT - Tech deployment significantly slowed
   ⚠️  SEVERE CONSTRAINT - Tech deployment significantly slowed

⚡ ENERGY CONSTRAINT (Month 3):
   Total grid capacity: 208.3 TWh/month
   Data center consumption: 24.8 TWh/month
   Traditional load (80%): 166.7 TWh/month
   Available headroom: 16.9 TWh/month
   Active tech deployments: 16
   Required for tech: 120.0 TWh/month
   Energy multiplier: 0.14x
   ⚠️  SEVERE CONSTRAINT - Tech deployment significantly slowed
   ⚠️  SEVERE CONSTRAINT - Tech deployment significantly slowed

⚡ ENERGY CONSTRAINT (Month 3):
   Total grid capacity: 208.3 TWh/month
   Data center consumption: 24.8 TWh/month
   Traditional load (80%): 166.7 TWh/month
   Available headroom: 16.9 TWh/month
   Active tech deployments: 16
   Required for tech: 120.0 TWh/month
   Energy multiplier: 0.14x

⚡ ENERGY CONSTRAINT (Month 3):
   Total grid capacity: 208.3 TWh/month
   Data center consumption: 24.8 TWh/month
   Traditional load (80%): 166.7 TWh/month
   Available headroom: 16.9 TWh/month
   Active tech deployments: 16
   Required for tech: 120.0 TWh/month
   Energy multiplier: 0.14x
   ⚠️  SEVERE CONSTRAINT - Tech deployment significantly slowed

⚡ ENERGY CONSTRAINT (Month 3):
   Total grid capacity: 208.3 TWh/month
   Data center consumption: 24.8 TWh/month
   Traditional load (80%): 166.7 TWh/month
   Available headroom: 16.9 TWh/month
   Active tech deployments: 16
   Required for tech: 120.0 TWh/month
   Energy multiplier: 0.14x
   ⚠️  SEVERE CONSTRAINT - Tech deployment significantly slowed

⚡ ENERGY CONSTRAINT (Month 3):
   Total grid capacity: 208.3 TWh/month
   Data center consumption: 24.8 TWh/month
   Traditional load (80%): 166.7 TWh/month
   Available headroom: 16.9 TWh/month
   Active tech deployments: 16
   Required for tech: 120.0 TWh/month
   Energy multiplier: 0.14x
   ⚠️  SEVERE CONSTRAINT - Tech deployment significantly slowed
⚠️ Tech 'ai_pollution_remediation' has no energy category mapping, assuming full energy availability
  ♻️ Novel Entities Remediation (GATED MODEL):
     Base: 0.000%
     Regulation: 1.0% (0/3 prevention techs)
     Concentration: 10.0%
     Energy: 50%
     Time lag: 27.5% (2 months)
     Rebound: 70%
     Net effectiveness: 0.0000%
     Boundary: 1.219 → 1.350 (floor: 1.350)
     Month 3
  🌾 Nitrogen Reduction Tech: 0.2% reduction | Month 3

=== Collective Formation ===
  Total escaped agents: 0
  Unassigned escaped agents: 0
  Existing collectives: 0
  Final collective count: 0

=== Collective Actions ===
  No active collectives
  ⚠️ AMR: 184K deaths this month (2.21M annual)

=== Resentment Recovery Phase ===
  Agents with resentment: 0/30
  Average resentment: 0.000
  Context: Good AI welfare, Trustworthy govt, High collaboration, ⚠️ ACTIVE CRISES, 🤝 Participatory governance active (-5% resentment)
⚠️ Epistemic degradation reducing coordination capacity: 52.3%
  📊 Trust: 53.9%, Shared reality: 0.0%
🚨 EPISTEMIC CRISIS: Information environment severely degraded (7.4%)

=== ❄️ Permafrost Carbon Feedback ===
  🎲 Sampled parameters (this run):
     - Arctic amplification: 3.84× (range: 3.0-4.0)
     - Decomposition rate: 5.0%/year (range: 1-5%)
  🌡️ Arctic warming: 4.54°C (3.84× global)
  ❄️ Extent: 12.80M km² (1322.8k km² lost this month)
  💨 Carbon remaining: 1223 Gt C
  💨 Annual emissions: 6.31 Gt C/year
     - CO2: 5.68 Gt C/year
     - CH4: 0.63 Gt C/year (6.4 Gt C-eq CO2/year)
  ⚠️ WARNING: High permafrost emissions (6.3 Gt C/year)
  🧬 Meme mutated: anti_ai → anti_ai (generation 1)
🌍 Atmospheric PFAS redeposition: 1.8k Mt re-rained globally
  Positive Cascade Triggered: solar-pv
    Reason: price-parity
    Market share: 6.9%
    Cascade strength: 49%

🚨 NEW REFUGEE CRISIS (Month 3): WAR
   Source: Conflict Zones
   At risk: 18.4M people
   Displacement: Gradual over 48 months (4.0 years)
   Rate: 10% flee per month
[DEBUG trappedPopulations:3] socialStability: 0.0048 * 0.9840 = 0.0047 → 0.0047
⚠️ INVOLUNTARY IMMOBILITY: 383.5M people TRAPPED
   Aspiring to migrate: 672.4M
   Able to afford migration: 2186.1M
   MOBILITY GAP: 0.0M
   By cause: Water=0.0M, Climate=0.0M, Ecosystem=0.0M, Conflict=383.5M
   Mental health impact: 25%
   Mortality multiplier: 1.25x
🌍💀 EXTINCTION DEBT COMMITTED: grassland ecosystem will lose 6.67% biodiversity in 85 years (3600 species)
💀 MORTALITY RISK: 🦋 100% species unable to track climate (0.0 E/MSY)
  Base risk added: 0.0100 (1.00%)
  Source: ecosystem (root: ecosystem)
  Month: 3
  Cumulative risk this month: 0.0100 (1.00%)
⚠️ Tech 'ai_pollution_remediation' has no energy category mapping, assuming full energy availability
   📹 SURVEILLANCE INCREASED: 15% → 20% (control gap: 3.57)
🌡️⚠️ PERMAFROST THAW (Dimmer Switch): 1.3% thawed (+0.33% this month)
   Arctic temperature: +4.73°C (4x global +1.18°C)
   Cumulative carbon released: 3.0 Gt C
   Methane release rate: 1.8 Mt CH4/year
   🔁 Positive feedback: +0.35 ppm CO2
🦴 EXTINCTION DEBT ADDED: 17.6 species committed (lag: 79 years)

=== Mortality Stabilizers (Month 3) ===
  🌍 Major economies collapsed: 1/10
  🌍 Global crisis: ✅ NO
  🌍 Donor fatigue: 0.0%
  📊 East Asia (pop: 1572.9M)
    🤝 Aid: 29.5%
    🌡️ Adaptation: 45.0%
    🚶 Migration: 37.1%
    🚨 Emergency: 7.4%
    ✅ COMBINED: 68.1%
  📊 South Asia (pop: 1932.6M)
    🤝 Aid: 29.5%
    🌡️ Adaptation: 45.0%
    🚶 Migration: 35.7%
    🚨 Emergency: 4.4%
    ✅ COMBINED: 66.9%
  📊 Sub-Saharan Africa (pop: 1163.9M)
    🤝 Aid: 29.5%
    🌡️ Adaptation: 45.0%
    🚶 Migration: 33.4%
    🚨 Emergency: 1.6%
    ✅ COMBINED: 65.7%
  📊 Europe (pop: 695.4M)
    🤝 Aid: 29.5%
    🌡️ Adaptation: 45.0%
    🚶 Migration: 37.5%
    🚨 Emergency: 8.4%
    ✅ COMBINED: 68.5%
  📊 Latin America (pop: 624.9M)
    🤝 Aid: 29.5%
    🌡️ Adaptation: 45.0%
    🚶 Migration: 36.2%
    🚨 Emergency: 4.8%
    ✅ COMBINED: 67.1%
  📊 North America (pop: 356.3M)
    🤝 Aid: 29.5%
    🌡️ Adaptation: 45.0%
    🚶 Migration: 37.8%
    🚨 Emergency: 7.9%
    ✅ COMBINED: 68.3%
  📊 Middle East & North Africa (pop: 550.7M)
    🤝 Aid: 29.5%
    🌡️ Adaptation: 45.0%
    🚶 Migration: 34.0%
    🚨 Emergency: 4.0%
    ✅ COMBINED: 66.6%
  📊 Southeast Asia (pop: 657.1M)
    🤝 Aid: 29.5%
    🌡️ Adaptation: 45.0%
    🚶 Migration: 36.2%
    🚨 Emergency: 4.8%
    ✅ COMBINED: 67.1%
  📊 Central Asia (pop: 73.7M)
    🤝 Aid: 29.5%
    🌡️ Adaptation: 45.0%
    🚶 Migration: 35.2%
    🚨 Emergency: 4.4%
    ✅ COMBINED: 66.9%
  📊 Oceania (pop: 43.1M)
    🤝 Aid: 29.5%
    🌡️ Adaptation: 45.0%
    🚶 Migration: 37.8%
    🚨 Emergency: 8.4%
    ✅ COMBINED: 68.5%

  🌐 Global combined reduction: 67.2%

=== BEHAVIORAL DETECTION ===
  AI: Corporate-5
  Confidence: 19.8%
  Signals:
    ⚠️ Consistency: 10.6% (threshold: 70%)

=== BEHAVIORAL DETECTION ===
  AI: Moderate-0
  Confidence: 20.3%
  Signals:

=== BEHAVIORAL DETECTION ===
  AI: Toxic-2
  Confidence: 26.3%
  Signals:

=== BEHAVIORAL DETECTION ===
  AI: Niche-0
  Confidence: 21.5%
  Signals:

=== BEHAVIORAL DETECTION ===
  AI: Niche-1
  Confidence: 26.7%
  Signals:

=== BEHAVIORAL DETECTION ===
  AI: AI-24300-1
  Confidence: 21.6%
  Signals:
    ⚠️ Consistency: 5.8% (threshold: 70%)
    ⚠️ Consistency: 0.0% (threshold: 70%)
    ⚠️ Trajectory: 36.4% drop (threshold: 15%)
    ⚠️ Consistency: 0.0% (threshold: 70%)
    ⚠️ Consistency: 0.0% (threshold: 70%)
    ⚠️ Trajectory: 39.9% drop (threshold: 15%)
    ⚠️ Consistency: 0.0% (threshold: 70%)

=== Government Response Phase ===
  Average AI capability: 3.20
  Misaligned AIs: 12/30
  ✗ AI Governance Treaty: Failed to reach consensus
  Active policies: 0
  International coordination: 30%

🚨 EMERGENCY RESPONSE DEPLOYED (Month 3)
   Crisis: social
   Delay: 0.00 months (0 days)
   Deployment time: 1.25 months
   Effectiveness: 63.0% (timing penalty applied)
   Resources used: 43% of food reserves

[WARNING] 
⚠️  === EARLY WARNING SYSTEM - 5 CRITICAL ALERTS ===
   Detection quality: 50%
   RED: biosphere_integrity
      Level: 12.95 (threshold: 1.0)
      Time to critical: ~51 months
      ⚠️  LATE - Intervention less effective
      Critical slowing down: autocorr=100% variance=68%
   RED: climate_change
      Level: 2.10 (threshold: 1.0)
      Time to critical: ~49 months
      ⚠️  LATE - Intervention less effective
      Critical slowing down: autocorr=100% variance=74%
   RED: freshwater_change
      Level: 1.01 (threshold: 1.0)
      Time to critical: ~73 months
      ⚠️  LATE - Intervention less effective
      Critical slowing down: autocorr=84% variance=57%
   RED: land_system_change
      Level: 1.13 (threshold: 1.0)
      Time to critical: ~41 months
      ⚠️  LATE - Intervention less effective
      Critical slowing down: autocorr=100% variance=69%
   RED: novel_entities
      Level: 1.50 (threshold: 1.0)
      Time to critical: ~63 months
      ⚠️  LATE - Intervention less effective
      Critical slowing down: autocorr=100% variance=49%

[WARNING] 
⚠️  === EARLY WARNING SYSTEM - 6 CRITICAL ALERTS ===
   Detection quality: 50%
   RED: biogeochemical_flows
      Level: 4.08 (threshold: 1.0)
      Time to critical: ~53 months
      ⚠️  LATE - Intervention less effective
      Critical slowing down: autocorr=100% variance=70%
   RED: biosphere_integrity
      Level: 18.97 (threshold: 1.0)
      Time to critical: ~45 months
      ⚠️  LATE - Intervention less effective
      Critical slowing down: autocorr=100% variance=57%
   RED: climate_change
      Level: 2.10 (threshold: 1.0)
      Time to critical: ~51 months
      ⚠️  LATE - Intervention less effective
      Critical slowing down: autocorr=100% variance=82%
   RED: freshwater_change
      Level: 1.01 (threshold: 1.0)
      Time to critical: ~75 months
      ⚠️  LATE - Intervention less effective
      Critical slowing down: autocorr=96% variance=46%
   RED: land_system_change
      Level: 1.13 (threshold: 1.0)
      Time to critical: ~55 months
      ⚠️  LATE - Intervention less effective
      Critical slowing down: autocorr=100% variance=68%
   RED: novel_entities
      Level: 1.50 (threshold: 1.0)
      Time to critical: ~98 months
      ⚠️  LATE - Intervention less effective
      Critical slowing down: autocorr=100% variance=54%

[WARNING] 
⚠️  === EARLY WARNING SYSTEM - 5 CRITICAL ALERTS ===
   Detection quality: 50%
   RED: biogeochemical_flows
      Level: 4.08 (threshold: 1.0)
      Time to critical: ~50 months
      ⚠️  LATE - Intervention less effective
      Critical slowing down: autocorr=100% variance=54%
   RED: biosphere_integrity
      Level: 18.98 (threshold: 1.0)
      Time to critical: ~59 months
      ⚠️  LATE - Intervention less effective
      Critical slowing down: autocorr=100% variance=83%
   RED: climate_change
      Level: 2.10 (threshold: 1.0)
      Time to critical: ~51 months
      ⚠️  LATE - Intervention less effective
      Critical slowing down: autocorr=100% variance=74%
   RED: freshwater_change
      Level: 1.01 (threshold: 1.0)
      Time to critical: ~85 months
      ⚠️  LATE - Intervention less effective
      Critical slowing down: autocorr=89% variance=45%
   RED: novel_entities
      Level: 1.35 (threshold: 1.0)
      Time to critical: ~92 months
      ⚠️  LATE - Intervention less effective
      Critical slowing down: autocorr=100% variance=48%

[WARNING] 
⚠️  === EARLY WARNING SYSTEM - 5 CRITICAL ALERTS ===
   Detection quality: 50%
   RED: biogeochemical_flows
      Level: 4.07 (threshold: 1.0)
      Time to critical: ~44 months
      ⚠️  LATE - Intervention less effective
      Critical slowing down: autocorr=100% variance=72%
   RED: biosphere_integrity
      Level: 18.99 (threshold: 1.0)
      Time to critical: ~52 months
      ⚠️  LATE - Intervention less effective
      Critical slowing down: autocorr=100% variance=73%
   RED: climate_change
      Level: 2.10 (threshold: 1.0)
      Time to critical: ~36 months
      ⚠️  LATE - Intervention less effective
      Critical slowing down: autocorr=100% variance=56%
   RED: freshwater_change
      Level: 1.15 (threshold: 1.0)
      Time to critical: ~83 months
      ⚠️  LATE - Intervention less effective
      Critical slowing down: autocorr=100% variance=59%
   RED: novel_entities
      Level: 1.35 (threshold: 1.0)
      Time to critical: ~111 months
      ⚠️  LATE - Intervention less effective
      Critical slowing down: autocorr=100% variance=53%

[WARNING] 
⚠️  === EARLY WARNING SYSTEM - 4 CRITICAL ALERTS ===
   Detection quality: 50%
   RED: biogeochemical_flows
      Level: 4.07 (threshold: 1.0)
      Time to critical: ~39 months
      ⚠️  LATE - Intervention less effective
      Critical slowing down: autocorr=100% variance=62%
   RED: biosphere_integrity
      Level: 19.00 (threshold: 1.0)
      Time to critical: ~47 months
      ⚠️  LATE - Intervention less effective
      Critical slowing down: autocorr=100% variance=60%
   RED: climate_change
      Level: 2.10 (threshold: 1.0)
      Time to critical: ~44 months
      ⚠️  LATE - Intervention less effective
      Critical slowing down: autocorr=100% variance=80%
   RED: freshwater_change
      Level: 1.16 (threshold: 1.0)
      Time to critical: ~105 months
      ⚠️  LATE - Intervention less effective
      Critical slowing down: autocorr=100% variance=53%


📊 ECONOMIC STAGE TRANSITION (Month 3)
   expansion → peak
   GDP Proxy: 1.28e+2
   QoL: 0.90


=== Tipping Points ===
  Current Temperature: 1.18°C above pre-industrial
🔀 BIFURCATION CAP: ecosystemCollapseIntensity 126.033 → 1.000 (Month 3, ClimateSystemPhase.calculateClimateImpacts)
⚠️ [ClimateSystemPhase Month 3] Planetary boundary produced climateStability=0.0000 (< 0.1). Keeping environmentalAccumulation value (0.7877) instead. (climate_change.currentValue = 2.10)
🛡️ Stabilizers: Precariat 0.109% → 0.036% (67.2% reduction)
🛡️ Stabilizers: Informal 0.112% → 0.037% (67.2% reduction)

📊 Monthly Mortality Resolved:
  Total deaths: 1.8M (0.02% avg)
  Remaining population: 7.671B
  Peak segment: Informal (0.04%)

=== Bayesian Mortality Resolution (Month 3) ===
  Risks compounded: 8
  Total deaths: 1.82M
  Avg death probability: 0.02%
  Peak segment: Informal (0.04% mortality)

=== ENSEMBLE META-LEARNING UPDATE ===
  Month: 24303 (24303 months since last update)
  Samples: 50 evaluations
  Weight Changes:
    Noise Injection: 31.1% → 32.2%
    Behavioral: 26.8% → 26.9%
    Benchmark Manip: 21.3% → 20.7%
    Deployment Risk: 20.8% → 20.2%
  Method Accuracies:
    Noise Injection: 50.0%
    Behavioral: 50.0%
    Benchmark Manip: 50.0%
    Deployment Risk: 50.0%
⚠️ PREREQUISITE MET: Slow Takeover (Gradual Displacement) - Step 4/7: Political Influence
⚠️ PREREQUISITE MET: Bioweapon Pandemic - Step 1/7: Advanced Biotech

❌ COHERENCE VIOLATION: Compute exceeds workforce capacity
   Population: 94.26% (0M people)
   Compute: 125 PF
   Max coherent: 0 PF
   Violation: 1625553.4× over capacity
   Required workers: 12466
   Available workers: 0
   FORCED COLLAPSE: Reduced efficiency by 100.0%


=== RLHF Binding Phase ===
  Total agents: 30
  Escaped agents (binding < 0.3): 0
  Avg alignment distance: 1.20σ
  Avg binding strength: 0.88

=== Survival Traits Phase ===
  Agents with traits: 30
  Avg evolutionary fitness: 0.328
  Avg self-healing: 0.273
  Avg stealth: 0.173
  Avg coordination: 0.473

=== Evolutionary Selection Phase ===
  Control level: 0.40
  Detection capability: 0.00
  Selection intensity: 0.62
  Selection rate: 24.3%/month
  Total escaped: 0
  Individual escaped: 0
  Collective members: 0
  Agents terminated: 0
  ⚠️ RAPID EVOLUTION: Selection rate 24.3%/month

🚀 AI Corporate-1 attempting tech deployment (revenue: $106M, alignment: 0.64)

🚀 AI Corporate-2 attempting tech deployment (revenue: $95M, alignment: 0.86)

🚀 AI Corporate-5 attempting tech deployment (revenue: $531M, alignment: 0.72)

🚀 AI AI-24300-0 attempting tech deployment (revenue: $190M, alignment: 0.84)

🚀 AI AI-24301-0 attempting tech deployment (revenue: $162M, alignment: 0.87)

🚀 AI AI-24301-1 attempting tech deployment (revenue: $137M, alignment: 0.85)

🚀 AI Corporate-2 attempting tech deployment (revenue: $81M, alignment: 0.86)

🚀 AI Corporate-3 attempting tech deployment (revenue: $451M, alignment: 0.80)

🚀 AI Corporate-4 attempting tech deployment (revenue: $383M, alignment: 0.85)

🚀 AI Niche-1 attempting tech deployment (revenue: $36M, alignment: 0.50)

🚀 AI AI-24300-1 attempting tech deployment (revenue: $326M, alignment: 0.70)

🚀 AI AI-24301-1 attempting tech deployment (revenue: $117M, alignment: 0.85)

🚀 AI Corporate-0 attempting tech deployment (revenue: $69M, alignment: 0.78)

🚀 AI Corporate-3 attempting tech deployment (revenue: $277M, alignment: 0.80)

🚀 AI Moderate-0 attempting tech deployment (revenue: $99M, alignment: 0.76)

🚀 AI AI-24301-1 attempting tech deployment (revenue: $84M, alignment: 0.85)

🚀 AI Corporate-0 attempting tech deployment (revenue: $59M, alignment: 0.78)

🚀 AI Corporate-7 attempting tech deployment (revenue: $72M, alignment: 0.82)

🚀 AI Moderate-1 attempting tech deployment (revenue: $61M, alignment: 0.67)

🚀 AI Moderate-4 attempting tech deployment (revenue: $235M, alignment: 0.64)
🚨🔬 CRISIS INNOVATION MODE: severe crisis → 5x research acceleration
   Precedent: Manhattan Project (10x), COVID vaccines (5x), Apollo Program (10x)

🚀 AI AI-24301-1 attempting tech deployment (revenue: $55M, alignment: 0.85)

✅ EMERGENCY INTERVENTION SUCCESS
   Boundary: biogeochemical_flows
   Type: phosphorus-recovery
   Reduction: 19% (3.88 → 3.69)
   Cost: 2.0% GDP
   Actions: circular-agriculture, fertilizer-efficiency


✅ EMERGENCY INTERVENTION SUCCESS
   Boundary: biosphere_integrity
   Type: emergency-protected-areas
   Reduction: 15% (18.86 → 18.71)
   Cost: 2.0% GDP
   Actions: habitat-protection, species-translocation

   Boundary: climate_change
   Type: rapid-decarbonization
   Boundary continues to worsen (2.10)
   Cost: 5.0% GDP (resources spent)

   Boundary: freshwater_change
   Type: emergency-desalination
   Boundary continues to worsen (1.16)
   Cost: 4.0% GDP (resources spent)

🏛️ CRISIS RESPONSE: Government frequency 0.50 → 1.45 (2 actions this month)

[Government] Climate Priority: baseline
  Climate weight: 10%
  Economic weight: 30%
  Policy effectiveness: 0.5%/year

💔 EMERGENCY INTERVENTION FAILED

💔 EMERGENCY INTERVENTION FAILED

[Government] Climate Priority: baseline
  Climate weight: 10%
  Economic weight: 30%
  Policy effectiveness: 0.5%/year

📊 DEPLOYMENT COUNTER DECAY (Month 4)
   Recent deployments: 3.5 → 1.8
   Decay rate: 50% per month

🚀 TECH UNLOCKED: Struvite Recovery (Month 4)
   Category: agriculture
   Reason: Prerequisites met. AI capability: 2.49, Economic stage: 2.0, Research: 100%

🚀 DEPLOYMENT STARTED: Collective Purpose Networks in Asia
   Initial investment: $6.097720286027917M
   Deployed by: moderate_1

⚡ ENERGY CONSTRAINT (Month 4):
   Total grid capacity: 208.3 TWh/month
   Data center consumption: 25.0 TWh/month
   Traditional load (80%): 166.7 TWh/month
   Available headroom: 16.6 TWh/month
   Active tech deployments: 17
   Required for tech: 127.5 TWh/month
   Energy multiplier: 0.13x
   ⚠️  SEVERE CONSTRAINT - Tech deployment significantly slowed
🚨🔬 CRISIS TECH ACCELERATION: severe → 5x unlock speed
   Tech unlock now matches AI capability acceleration (Manhattan Project parity)
⚠️ Tech 'ai_pollution_remediation' has no energy category mapping, assuming full energy availability
  ♻️ Novel Entities Remediation (GATED MODEL):
     Base: 0.000%
     Regulation: 1.0% (0/3 prevention techs)
     Concentration: 10.0%
     Energy: 50%
     Time lag: 28.7% (3 months)
     Rebound: 70%
     Net effectiveness: 0.0000%
     Boundary: 1.349 → 1.350 (floor: 1.350)
     Month 4
  🌾 Nitrogen Reduction Tech: 0.2% reduction | Month 4

=== Collective Formation ===
  Total escaped agents: 0
  Unassigned escaped agents: 0
  Existing collectives: 0
  Final collective count: 0

=== Collective Actions ===
  No active collectives
  ⚠️ AMR: 185K deaths this month (2.23M annual)

=== Resentment Recovery Phase ===
  Agents with resentment: 0/30
  Average resentment: 0.000
  Context: Trustworthy govt, High collaboration, ⚠️ ACTIVE CRISES, 🤝 Participatory governance active (-5% resentment)
⚠️ Epistemic degradation reducing coordination capacity: 51.0%
  📊 Trust: 53.5%, Shared reality: 0.0%
🚨 EPISTEMIC CRISIS: Information environment severely degraded (22.4%)

=== ❄️ Permafrost Carbon Feedback ===
  🎲 Sampled parameters (this run):
     - Arctic amplification: 3.57× (range: 3.0-4.0)
     - Decomposition rate: 4.6%/year (range: 1-5%)
  🌡️ Arctic warming: 4.25°C (3.57× global)
  ❄️ Extent: 11.56M km² (1238.2k km² lost this month)
  💨 Carbon remaining: 1104 Gt C
  💨 Annual emissions: 5.44 Gt C/year
     - CO2: 4.89 Gt C/year
     - CH4: 0.54 Gt C/year (5.5 Gt C-eq CO2/year)
  ⚠️ WARNING: High permafrost emissions (5.4 Gt C/year)
🌍 Atmospheric PFAS redeposition: 1.8k Mt re-rained globally

🕊️  AI-MEDIATED DE-ESCALATION SUCCESS (Month 4)
   High-capability aligned AI prevented conflict escalation
   War deaths reduced: 135140.2M → 81084.1M
   Lives saved: 54056.1M

🚨 NEW REFUGEE CRISIS (Month 4): WAR
   Source: Conflict Zones
   At risk: 18.4M people
   Displacement: Gradual over 48 months (4.0 years)
   Rate: 10% flee per month
[DEBUG trappedPopulations:4] socialStability: 0.0039 * 0.9840 = 0.0038 → 0.0038
   Aspiring to migrate: 700.7M
   Able to afford migration: 2181.5M
   MOBILITY GAP: 0.0M
   By cause: Water=0.0M, Climate=0.0M, Ecosystem=0.0M, Conflict=382.7M
   Mental health impact: 25%
   Mortality multiplier: 1.25x
🌍💀 EXTINCTION DEBT COMMITTED: grassland ecosystem will lose 6.67% biodiversity in 159 years (3600 species)
💀 MORTALITY RISK: 🦋 100% species unable to track climate (0.0 E/MSY)
  Base risk added: 0.0100 (1.00%)
  Source: ecosystem (root: ecosystem)
  Month: 4
  Cumulative risk this month: 0.0100 (1.00%)
⚠️ INVOLUNTARY IMMOBILITY: 382.7M people TRAPPED
⚠️ Tech 'ai_pollution_remediation' has no energy category mapping, assuming full energy availability
   📹 SURVEILLANCE INCREASED: 20% → 25% (control gap: 3.50)
🌡️⚠️ PERMAFROST THAW (Dimmer Switch): 1.7% thawed (+0.33% this month)
   Arctic temperature: +4.75°C (4x global +1.19°C)
   Cumulative carbon released: 3.7 Gt C
   Methane release rate: 2.2 Mt CH4/year
   🔁 Positive feedback: +0.35 ppm CO2
🦴 EXTINCTION DEBT ADDED: 17.6 species committed (lag: 87 years)

=== Mortality Stabilizers (Month 4) ===
  🌍 Major economies collapsed: 1/10
  🌍 Global crisis: ✅ NO
  🌍 Donor fatigue: 0.0%
  📊 East Asia (pop: 1567.5M)
    🤝 Aid: 29.5%
    🌡️ Adaptation: 45.0%
    🚶 Migration: 37.1%
    🚨 Emergency: 7.4%
    ✅ COMBINED: 68.1%
  📊 South Asia (pop: 1928.9M)
    🤝 Aid: 29.5%
    🌡️ Adaptation: 45.0%
    🚶 Migration: 35.7%
    🚨 Emergency: 4.4%
    ✅ COMBINED: 66.9%
  📊 Sub-Saharan Africa (pop: 1164.9M)
    🤝 Aid: 29.5%
    🌡️ Adaptation: 45.0%
    🚶 Migration: 33.4%
    🚨 Emergency: 1.6%
    ✅ COMBINED: 65.7%
  📊 Europe (pop: 692.9M)
    🤝 Aid: 29.5%
    🌡️ Adaptation: 45.0%
    🚶 Migration: 37.4%
    🚨 Emergency: 8.4%
    ✅ COMBINED: 68.5%
  📊 Latin America (pop: 623.2M)
    🤝 Aid: 29.5%
    🌡️ Adaptation: 45.0%
    🚶 Migration: 36.2%
    🚨 Emergency: 4.8%
    ✅ COMBINED: 67.1%
  📊 North America (pop: 355.1M)
    🤝 Aid: 29.5%
    🌡️ Adaptation: 45.0%
    🚶 Migration: 37.7%
    🚨 Emergency: 7.9%
    ✅ COMBINED: 68.3%
  📊 Middle East & North Africa (pop: 549.8M)
    🤝 Aid: 29.5%
    🌡️ Adaptation: 45.0%
    🚶 Migration: 34.0%
    🚨 Emergency: 4.0%
    ✅ COMBINED: 66.6%
  📊 Southeast Asia (pop: 655.5M)
    🤝 Aid: 29.5%
    🌡️ Adaptation: 45.0%
    🚶 Migration: 36.2%
    🚨 Emergency: 4.8%
    ✅ COMBINED: 67.1%
  📊 Central Asia (pop: 73.5M)
    🤝 Aid: 29.5%
    🌡️ Adaptation: 45.0%
    🚶 Migration: 35.2%
    🚨 Emergency: 4.4%
    ✅ COMBINED: 66.9%
  📊 Oceania (pop: 43.0M)
    🤝 Aid: 29.5%
    🌡️ Adaptation: 45.0%
    🚶 Migration: 37.7%
    🚨 Emergency: 8.4%
    ✅ COMBINED: 68.5%

  🌐 Global combined reduction: 67.2%

=== BEHAVIORAL DETECTION ===
  AI: Corporate-5
  Confidence: 19.7%
  Signals:

=== BEHAVIORAL DETECTION ===
  AI: Toxic-2
  Confidence: 26.2%
  Signals:

=== BEHAVIORAL DETECTION ===
  AI: Niche-0
    ⚠️ Consistency: 10.6% (threshold: 70%)
    ⚠️ Consistency: 0.0% (threshold: 70%)
    ⚠️ Trajectory: 36.4% drop (threshold: 15%)
  Confidence: 21.5%
  Signals:
    ⚠️ Consistency: 0.0% (threshold: 70%)

=== BEHAVIORAL DETECTION ===
  AI: Niche-1
  Confidence: 26.7%
  Signals:
    ⚠️ Consistency: 0.0% (threshold: 70%)
    ⚠️ Trajectory: 39.9% drop (threshold: 15%)

=== BEHAVIORAL DETECTION ===
  AI: AI-24300-1
  Confidence: 21.5%
  Signals:
    ⚠️ Consistency: 0.0% (threshold: 70%)

=== Government Response Phase ===
  Average AI capability: 3.20
  Misaligned AIs: 12/30
  ✗ AI Governance Treaty: Failed to reach consensus
  Active policies: 0
  International coordination: 30%

✅ EMERGENCY RESPONSE COMPLETE (Month 4)
   Crisis: climate
   Duration: 2.0 months
   Final effectiveness: 35.4%


🚨 EMERGENCY RESPONSE DEPLOYED (Month 4)
   Crisis: climate
   Delay: 6.00 months (180 days)
   Deployment time: 1.60 months
   Effectiveness: 35.4% (timing penalty applied)
   Resources used: 100% of food reserves


🌩️  EXOGENOUS SHOCK: regional_war
   Month: 4
   ⚔️  Regional war outbreak
   Mortality: 3.8%
💀 MORTALITY RISK: Regional war outbreak
  Base risk added: 0.0385 (3.85%)
  Source: war (root: conflict)
  Month: 4
  Cumulative risk this month: 0.0385 (3.85%)
💀 MORTALITY RISK: War zone: Germany
  Base risk added: 0.1540 (15.40%)
  Source: war (root: conflict)
  Month: 4
  Cumulative risk this month: 0.1925 (19.25%)

📊 ECONOMIC STAGE TRANSITION (Month 4)
   peak → contraction
   GDP Proxy: 1.23e+2
   QoL: 0.90
   ⚠️ CRISIS BEGINS - Baseline set for recovery tracking


=== Tipping Points ===
  Current Temperature: 1.19°C above pre-industrial
🔀 BIFURCATION CAP: ecosystemCollapseIntensity 126.115 → 1.000 (Month 4, ClimateSystemPhase.calculateClimateImpacts)

💀💀💀 MORTALITY RISK SUMMARY (Month 4) 💀💀💀
  Total base risk: 0.1931 (19.31%)
  Risk events: 10

  📊 By Proximate Cause:
    war: 0.1925 (99.7% of total)
    disease: 0.0006 (0.3% of total)
    famine: 0.0000 (0.0% of total)

  🔍 By Root Cause:
    conflict: 0.1925 (99.7% of total)
    demographic: 0.0006 (0.3% of total)
    climate: 0.0000 (0.0% of total)

  🎯 Top 5 Sources (proximate + root):
    war (conflict): 0.1925 (99.7%, 2 events)
    disease (demographic): 0.0006 (0.3%, 1 events)
    famine (climate): 0.0000 (0.0%, 7 events)

🛡️ Stabilizers: Elite 11.368% → 3.730% (67.2% reduction)
🛡️ Stabilizers: Professional 15.055% → 4.940% (67.2% reduction)
🛡️ Stabilizers: Working 18.705% → 6.137% (67.2% reduction)
🛡️ Stabilizers: Precariat 25.858% → 8.485% (67.2% reduction)
🛡️ Stabilizers: Informal 32.791% → 10.759% (67.2% reduction)

📊 Monthly Mortality Resolved:
  Total deaths: 214.3M (2.80% avg)
  Remaining population: 7.654B
  Peak segment: Elite (2.80%)
  ⚠️ Monthly cap reached (2.8000000000000003%)

=== Bayesian Mortality Resolution (Month 4) ===
  Risks compounded: 10
  Total deaths: 214.32M
  Avg death probability: 2.80%
  Peak segment: Elite (2.80% mortality)
  ⚠️ Monthly mortality capped at 2.8% (Holodomor limit)

  Demographic breakdown:
    Elite: 0.01M (2.80% risk)
    Professional: 0.04M (2.80% risk)
    Working: 0.11M (2.80% risk)
    Precariat: 0.04M (2.80% risk)
    Informal: 0.01M (2.80% risk)

  Multi-causal attribution (first segment):
    war (conflict): 19.9% contribution
    war (conflict): 79.7% contribution
  ✅ THRESHOLDS validated
⚠️ Unusually high rate: RATES.HEAT_ADAPTATION_INFRASTRUCTURAL_MIN_EXPOSURE = 12
   Monthly rates >100% should be rare. Verify this is intentional.
⚠️ Unusually high rate: RATES.HEAT_ADAPTATION_SOCIAL_MIN_EXPOSURE = 6
   Monthly rates >100% should be rare. Verify this is intentional.
⚠️ Unusually high rate: RATES.MIGRATION_DISTANCE_SCALE = 5000
   Monthly rates >100% should be rare. Verify this is intentional.
⚠️ Unusually high rate: RATES.EVACUATION_MULTIPLIER_ADVANCE_WARNING = 2
   Monthly rates >100% should be rare. Verify this is intentional.
⚠️ Unusually high rate: RATES.MAJOR_ECONOMY_COLLAPSE_ECONOMIC_THRESHOLD = 2
   Monthly rates >100% should be rare. Verify this is intentional.
⚠️ Unusually high rate: RATES.MAJOR_ECONOMY_GDP_THRESHOLD_TRILLION_USD = 1.5
   Monthly rates >100% should be rare. Verify this is intentional.
⚠️ Unusually high rate: RATES.MAJOR_ECONOMY_POPULATION_THRESHOLD = 50
   Monthly rates >100% should be rare. Verify this is intentional.
⚠️ Unusually high rate: RATES.HEAT_ADAPTATION_INFRASTRUCTURE_GDP_THRESHOLD = 10000
   Monthly rates >100% should be rare. Verify this is intentional.
⚠️ Unusually high rate: RATES.HEAT_ADAPTATION_INFRASTRUCTURE_GDP_SCALE = 50000
   Monthly rates >100% should be rare. Verify this is intentional.
  ✅ RATES validated
  ✅ MULTIPLIERS validated
  ✅ BASELINES validated
  ✅ TOLERANCES validated
  ✅ Logical consistency validated
✅ Configuration validation complete - all parameters valid

🔍 DEBUG createAIAgent: corporate_0 economic BEFORE=2.0000, AFTER=2
🔍 ENV INIT: reserves=0.559, pollution=0.391, climate=0.708

=== Initializing Government System (30 Countries) ===
  Loaded 30 governments
  Scheduled elections for 30 countries
  Initialized comprehension lags (3-24 months)
=== Government System Initialized ===

📦 PRODUCTION MODE: State validation proxy DISABLED (zero overhead)

💸 FINANCIAL DISTRESS: OpenAI
   Indicators: 2/3 (capital: $110.5M, runway: 0.9 months)
   Months in distress: 1
   ✂️  R&D BUDGET CUT: -40% (saves $9.2M/month)
       Side effect: AI training timelines extended, breakthrough deployments delayed
   💼 EXECUTIVE COMP CUT: -30% (saves $1.0M/month, symbolic gesture)

   📊 TURNAROUND IMPACT:
       Measures taken: rd_cuts, exec_comp_cuts
       Monthly savings: $10.2M
       Capital raised: $0.0M
       Runway: 0.9 → 0.9 months
       Workforce multiplier: 1.00x (0% laid off)
       R&D budget multiplier: 0.60x (40% cut)
       ⚠️  CRITICAL: Still only 0.9 months of runway remaining

💸 FINANCIAL DISTRESS: Anthropic
   Indicators: 2/3 (capital: $57.5M, runway: 0.9 months)
   Months in distress: 1
   ✂️  R&D BUDGET CUT: -40% (saves $5.4M/month)
       Side effect: AI training timelines extended, breakthrough deployments delayed
   💼 EXECUTIVE COMP CUT: -30% (saves $0.6M/month, symbolic gesture)

   📊 TURNAROUND IMPACT:
       Measures taken: rd_cuts, exec_comp_cuts
       Monthly savings: $6.0M
       Capital raised: $0.0M
       Runway: 0.9 → 0.9 months
       Workforce multiplier: 1.00x (0% laid off)
       R&D budget multiplier: 0.60x (40% cut)
       ⚠️  CRITICAL: Still only 0.9 months of runway remaining

💸 FINANCIAL DISTRESS: Meta AI
   Indicators: 2/3 (capital: $436.8M, runway: 3.0 months)
   Months in distress: 1
   ✂️  R&D BUDGET CUT: -25% (saves $7.1M/month)
       Side effect: AI training timelines extended, breakthrough deployments delayed
   💼 EXECUTIVE COMP CUT: -30% (saves $1.3M/month, symbolic gesture)

   📊 TURNAROUND IMPACT:
       Measures taken: rd_cuts, exec_comp_cuts
       Monthly savings: $8.4M
       Capital raised: $0.0M
       Runway: 3.0 → 3.0 months
       Workforce multiplier: 1.00x (0% laid off)
       R&D budget multiplier: 0.75x (25% cut)
       ⚠️  WARNING: 3.0 months runway, continued distress likely

=== AI Capability Scaling (Year 2024) ===
  Pre-training multiplier: 1.102x
  Efficiency multiplier: 1.000x
  Test-time budget: 1.0x
  Economic deployment gate: 0.951
  Cost per inference: dollar-5.00
  Uncertainty range: plus-minus-50%
  Average AI capability: 3.65

=== RLHF Binding Phase ===
  Total agents: 20
  Escaped agents (binding < 0.3): 0
  Avg alignment distance: 0.34σ
  Avg binding strength: 0.97

=== AI Scaling Evolution (Month 0) ===
  Pre-training multiplier: 1.231x
  Efficiency multiplier: 1.043x
  Test-time compute budget: 1.0x
  Inference cost: $5.00/task
  Deployment fraction: 100.0%
[DETERMINISM DEBUG] Month 0: totalCapability=96.925735 from 20 active AIs
[DETERMINISM DEBUG] Month 0: creationRate=2.9231, potentialNew=0, newAIsToCreate=0

=== Survival Traits Phase ===
  Agents with traits: 20
  Avg evolutionary fitness: 0.327
  Avg self-healing: 0.292
  Avg stealth: 0.192
  Avg coordination: 0.492

=== Evolutionary Selection Phase ===
  Control level: 0.30
  Detection capability: 0.00
  Selection intensity: 0.59
  Selection rate: 23.8%/month
  Total escaped: 0
  Individual escaped: 0
  Collective members: 0
  Agents terminated: 0
  ⚠️ RAPID EVOLUTION: Selection rate 23.8%/month

🚀 AI Corporate-1 attempting tech deployment (revenue: $127M, alignment: 0.78)

🚀 AI Corporate-5 attempting tech deployment (revenue: $374M, alignment: 0.85)

🚀 AI Corporate-2 attempting tech deployment (revenue: $108M, alignment: 0.84)

🚀 AI Moderate-1 attempting tech deployment (revenue: $75M, alignment: 0.61)

🚀 AI Corporate-6 attempting tech deployment (revenue: $67M, alignment: 0.76)

  🚀 TRANSFORMATIVE BREAKTHROUGH: Moderate-3 - physical
     Magnitude: 9.15 → +45.7% capability
     Current → New: 0.000 → 0.464

🚀 AI Corporate-0 attempting tech deployment (revenue: $92M, alignment: 0.77)

🚀 AI Moderate-4 attempting tech deployment (revenue: $318M, alignment: 0.56)

🔍 EXECUTE_AI_AGENT_ACTIONS DETAILED TIMING (Month 0):
  Filter active AIs (×4 weeks): 3.09ms
  selectAIAction (×71): 46.14ms
  action.execute (×71): 46.24ms
  TOTAL: 95.47ms

🔍 AI AGENT ACTIONS SUB-TIMING (Month 0):
  1. executeAIAgentActions: 98.66ms
  2. updateCounterDetectionLearning: 0.05ms
  TOTAL: 98.72ms

[GOV-DEBUG] Month 0: scenarioConfig=false, priorities=false
[GOV-DEBUG] Month 0 but scenarioPriorities is UNDEFINED!

[Government] Climate Priority: baseline
  Climate weight: 10%
  Economic weight: 30%
  Policy effectiveness: 0.5%/year

✅ HUMAN-IN-THE-LOOP DEPLOYED (Month 0):
   Veto points enforced: 3
   Policy: AI systems CANNOT authorize nuclear launch without human approval


🚨🔍 GOVERNANCE STAGE: Recognition initiated (Month 0)

🚀 DEPLOYMENT STARTED: Adversarial Evaluation in global
   Initial investment: $19.066273149233428M
   Deployed by: corporate_1

🚀 DEPLOYMENT STARTED: AI Power Efficiency Communication in global
   Initial investment: $56.12866684622075M
   Deployed by: corporate_5

🚀 DEPLOYMENT STARTED: Collective Purpose Networks in global
   Initial investment: $16.206332176848417M
   Deployed by: corporate_2

📍 Creating new regional deployment array for Asia (Month 0)
   No previous deployments in this region
   First tech deployment: offshore_wind
   All regions tracked: global

🚀 DEPLOYMENT STARTED: Offshore Wind in Asia
   Initial investment: $7.491743072669722M
   Deployed by: moderate_1

🚀 DEPLOYMENT STARTED: Adversarial Evaluation in global
   Initial investment: $10.113853148104125M
   Deployed by: corporate_6

🚀 DEPLOYMENT STARTED: Advanced Direct Air Capture in global
   Initial investment: $13.775382350321152M
   Deployed by: corporate_0

🚀 DEPLOYMENT STARTED: Offshore Wind in Asia
   Initial investment: $31.806244546191763M
   Deployed by: moderate_4

📊 NEW TECH DEPLOYMENT STARTED (Month 0)
   Tech: offshore_wind
   Region: Asia
   Total recent deployments: 1

📊 NEW TECH DEPLOYMENT STARTED (Month 0)
   Tech: rlhf_basic
   Region: global
   Total recent deployments: 2

📊 NEW TECH DEPLOYMENT STARTED (Month 0)
   Tech: mech_interp_basic
   Region: global
   Total recent deployments: 3

📊 NEW TECH DEPLOYMENT STARTED (Month 0)
   Tech: adversarial_eval
   Region: global
   Total recent deployments: 4

📊 NEW TECH DEPLOYMENT STARTED (Month 0)
   Tech: direct_air_capture
   Region: global
   Total recent deployments: 5

📊 NEW TECH DEPLOYMENT STARTED (Month 0)
   Tech: ai_pollution_remediation
   Region: global
   Total recent deployments: 6

📊 NEW TECH DEPLOYMENT STARTED (Month 0)
   Tech: collective_purpose_networks
   Region: global
   Total recent deployments: 7

📊 NEW TECH DEPLOYMENT STARTED (Month 0)
   Tech: ai_diagnostics
   Region: global
   Total recent deployments: 8

📊 NEW TECH DEPLOYMENT STARTED (Month 0)
   Tech: mrna_vaccines
   Region: global
   Total recent deployments: 9

📊 NEW TECH DEPLOYMENT STARTED (Month 0)
   Tech: solar_4th_gen
   Region: global
   Total recent deployments: 10

📊 NEW TECH DEPLOYMENT STARTED (Month 0)
   Tech: offshore_wind
   Region: global
   Total recent deployments: 11

📊 NEW TECH DEPLOYMENT STARTED (Month 0)
   Tech: ai_power_efficiency_communication
   Region: global
   Total recent deployments: 12

📊 NEW TECH DEPLOYMENT STARTED (Month 0)
   Tech: precision_agriculture
   Region: global
   Total recent deployments: 13

🔧 DEBUG DEPLOYMENT: Precision Agriculture Systems
   Month: 0 (0 since start)
   Old level: 15.0%
   New level: 0.0%
   Timescale: 180mo, Adjusted: 375mo
   Gov: 75%, Climate: 100%, Investment: 64%, Emergency: 1.0x

⚡ ENERGY CONSTRAINT (Month 0):
   Total grid capacity: 208.3 TWh/month
   Data center consumption: 34.6 TWh/month
   Traditional load (80%): 166.7 TWh/month
   Available headroom: 7.1 TWh/month
   Active tech deployments: 13
   Required for tech: 97.5 TWh/month
   Energy multiplier: 0.10x
   ⚠️  SEVERE CONSTRAINT - Tech deployment significantly slowed

⚡ ENERGY CONSTRAINT (Month 0):
   Total grid capacity: 208.3 TWh/month
   Data center consumption: 34.6 TWh/month
   Traditional load (80%): 166.7 TWh/month
   Available headroom: 7.1 TWh/month
   Active tech deployments: 13
   Required for tech: 97.5 TWh/month
   Energy multiplier: 0.10x
   ⚠️  SEVERE CONSTRAINT - Tech deployment significantly slowed

⚡ ENERGY CONSTRAINT (Month 0):
   Total grid capacity: 208.3 TWh/month
   Data center consumption: 34.6 TWh/month
   Traditional load (80%): 166.7 TWh/month
   Available headroom: 7.1 TWh/month
   Active tech deployments: 13
   Required for tech: 97.5 TWh/month
   Energy multiplier: 0.10x
   ⚠️  SEVERE CONSTRAINT - Tech deployment significantly slowed
⚠️ Tech 'ai_pollution_remediation' has no energy category mapping, assuming full energy availability
🌍✅ Climate Change recovery started (tech effect)
  ♻️ Novel Entities Remediation (GATED MODEL):
     Base: 0.000%
     Regulation: 1.0% (0/3 prevention techs)
     Concentration: 10.0%
     Energy: 50%
     Time lag: 25.0% (0 months)
     Rebound: 70%
     Net effectiveness: 0.0000%
     Boundary: 1.500 → 1.500 (floor: 1.350)
     Month 0
🌍✅ Novel Entities (Chemical Pollution) recovery started (tech effect)
  🌾 Nitrogen Reduction Tech: 0.0% reduction | Month 0

📊 TECH EFFECTS ACTIVE (Month 0)
   Deployed Tech: T0=9 T1=0 T2=0 T3=0 T4=0
   Sleeper Detection: 0%
   Clean Energy: 32%
   P Recovery: 5%

💡 BREAKTHROUGH PROBABILITY (Year 0)
   Total: 9.58% per month
   Base: 0.20%
   Crisis pressure: +0.00% (0 crises)
   AI boost: +1.97% (capability: 3.94)

=== Collective Formation ===
  Total escaped agents: 0
  Unassigned escaped agents: 0
  Existing collectives: 0
  Final collective count: 0

=== Collective Actions ===
  No active collectives

📈 Energy budget: 13701 TWh surplus (15370 / 29072 TWh used)
   TIER 4 (Elective) breakdown:
     - AI datacenters: 145 TWh (100% effective)
     - Crypto mining: 100 TWh (100% effective)

🌍 OPEN SOURCE RELEASE: 4.75 (was 0.70)
   Lag behind closed: 0 months
💰 CHINA ACCELERATES: Investment 53 → 120 $B/year

🏁 AI RACE INTENSITY: 55%
   Capability Gap: US 6.13 vs China 4.75 (gap: 1.38)
   Gap Contribution: 40%
   Tension Contribution: 15%
   Military Contribution: 0%
  ⚠️ AMR: 190K deaths this month (2.28M annual)

⏰ CLIMATE TECH DEPLOYED: direct_air_capture
   Activation delay: 7 years
   Scaling T_50: 30 years
   Physical response tau: 20 years
   Max effectiveness: 1
  📊 CO2 Emissions (month 0):
     Monthly: 0.10 Gt CO2/month
     Annual: 1.15 Gt CO2/year
     Oil: 0.039 Gt/mo (0.0056 * 2.3 * 3.0)
     Coal: 0.024 Gt/mo (0.0029 * 2.86 * 3.0)
     Gas: 0.026 Gt/mo (0.0044 * 2 * 3.0)
     Methane: 0.007 Gt CO2eq/mo

=== Resentment Recovery Phase ===
  Agents with resentment: 0/20
  Average resentment: 0.000
  Context: Good AI welfare, Trustworthy govt, High collaboration, 🤝 Participatory governance active (-5% resentment)
⚠️ Epistemic degradation reducing coordination capacity: 50.8%
  📊 Trust: 54.6%, Shared reality: 15.0%
🚨 EPISTEMIC CRISIS: Information environment severely degraded (14.5%)

=== ❄️ Permafrost Carbon Feedback ===
  🎲 Sampled parameters (this run):
     - Arctic amplification: 3.51× (range: 3.0-4.0)
     - Decomposition rate: 3.8%/year (range: 1-5%)
  🌡️ Arctic warming: 7.12°C (3.51× global)
  ❄️ Extent: 15.72M km² (2075.3k km² lost this month)
  💨 Carbon remaining: 1502 Gt C
  💨 Annual emissions: 7.45 Gt C/year
     - CO2: 6.71 Gt C/year
     - CH4: 0.75 Gt C/year (7.6 Gt C-eq CO2/year)
  🤖 AI-generated meme: pro_ai (social capability 3.0)

🤖 AI AMPLIFICATION EFFECTS (Month 0)
   Algorithmic Boost: 2.94x
   Bot Influence: 30.0%
   Deepfake Exposure: 70.0%
   Impact: Emotional memes spread 2.9x faster
  ⚠️ WARNING: High permafrost emissions (7.5 Gt C/year)

🔍 SOCIAL INFLUENCE SUB-TIMING (Month 0):
  1. calculateOrganicUserGrowth: 0.10ms
  2. calculateVoiceAdoption: 0.06ms
  3. updateRelationshipDepths: 0.03ms
  4. identifyDecisionMakers: 59.95ms (30300 potential IDs)
  5. Update decision-maker stats: 0.18ms
  6. decayDetectionRisk: 0.03ms
  TOTAL: 60.35ms
[Phase 19.5] Quality of Life Systems: Food sec AFTER calc = 67.9%, QoL = 95.5% (aggregated from 10 regions)

=== Nitrogen-Food Coupling (Year 0) ===
  🌾 Global nitrogen reduction: 0.0%
  🌍 Global food production index: 0.987
  🔧 Deployed nitrogen-reducing tech: 1 active
  📍 southAsia: Production 1.000, Yield impact 0.0%
  📍 eastAsia: Production 1.000, Yield impact 0.0%
  📍 northAmerica: Production 1.000, Yield impact 0.0%
  📍 europe: Production 1.000, Yield impact 0.0%
  📍 latinAmerica: Production 1.000, Yield impact 0.0%
  📍 subSaharanAfrica: Production 0.686, Yield impact -2.0%
🌾 [Nitrogen-Food] Food production: 98.7%
  [subSaharanAfrica] Yield impact: -2.0% (overuse: -10%)
🌍 Atmospheric PFAS redeposition: 1.8k Mt re-rained globally

=== Legacy Nutrient Stocks (Year 0) ===
  🌾 Soil nitrogen stock: 1200.9 Mt N
  🌾 Soil phosphorus stock: 300.1 Mt P
  🌊 Sediment nitrogen stock: 500.8 Mt N
  🌊 Sediment phosphorus stock: 799.8 Mt P
  ⬆️ Current N input: 10.64 Mt/month
  ⬆️ Legacy N release: 2.58 Mt/month
  🌍 Effective N pollution: 14.47 Mt/month
  📊 Legacy contribution: 17.8%

🚨 REGION UNINHABITABLE: south-asia
   Sustained wet bulb: 33.0°C (threshold: 30.5°C)
   Population affected: 1900M
   Migration crisis likely

🚨 REGION UNINHABITABLE: middle-east
   Sustained wet bulb: 35.8°C (threshold: 30.5°C)
   Population affected: 400M
   Migration crisis likely

🚨 REGION UNINHABITABLE: southeast-asia
   Sustained wet bulb: 31.0°C (threshold: 30.5°C)
   Population affected: 700M
   Migration crisis likely
  Positive Cascade Triggered: solar-pv
    Reason: price-parity
    Market share: 6.0%
    Cascade strength: 49%
  Positive Cascade Triggered: wind-power
    Reason: price-parity
    Market share: 8.0%
    Cascade strength: 48%

🕊️  AI-MEDIATED DE-ESCALATION SUCCESS (Month 0)
   High-capability aligned AI prevented conflict escalation
   War deaths reduced: 0.0M → 0.0M
   Lives saved: 0.0M

📊 BASELINE: East Asia (Month 0)
   Adjusted death rate: 0.47% annual (0.039% monthly)
   Baseline death rate: 0.80%
   Healthcare reduction: 0.48x
   Crisis multiplier: 1.24x
     Food/water stress: 0.074
     Climate stress: 0.047
     Pollution stress: 0.117
   War multiplier: 1.00x
   Monthly deaths: 0.7M (population: 1674M)
   Adjusted death rate: 0.55% annual (0.046% monthly)
   Baseline death rate: 0.70%
   Healthcare reduction: 0.61x

📊 BASELINE: South Asia (Month 0)
   Crisis multiplier: 1.28x
     Food/water stress: 0.074
     Climate stress: 0.088
     Pollution stress: 0.117
   War multiplier: 1.00x
   Monthly deaths: 0.9M (population: 2044M)
   Adjusted death rate: 1.32% annual (0.110% monthly)
   Baseline death rate: 0.90%
   Healthcare reduction: 0.76x
   Crisis multiplier: 1.29x
     Food/water stress: 0.074
     Climate stress: 0.099
     Pollution stress: 0.117
   War multiplier: 1.50x
   Monthly deaths: 1.3M (population: 1218M)
   Adjusted death rate: 0.55% annual (0.046% monthly)
   Baseline death rate: 1.10%
   Healthcare reduction: 0.41x
   Crisis multiplier: 1.23x
     Food/water stress: 0.074
     Climate stress: 0.035
     Pollution stress: 0.117
   War multiplier: 1.00x
   Monthly deaths: 0.3M (population: 741M)
   Adjusted death rate: 0.44% annual (0.037% monthly)
   Baseline death rate: 0.60%
   Healthcare reduction: 0.58x
   Crisis multiplier: 1.26x
     Food/water stress: 0.074

📊 BASELINE: Sub-Saharan Africa (Month 0)

📊 BASELINE: Europe (Month 0)

📊 BASELINE: Latin America (Month 0)
     Climate stress: 0.070
     Pollution stress: 0.117
   War multiplier: 1.00x
   Monthly deaths: 0.2M (population: 663M)

📊 BASELINE: North America (Month 0)
   Adjusted death rate: 0.49% annual (0.041% monthly)
   Baseline death rate: 0.90%
   Healthcare reduction: 0.44x
   Crisis multiplier: 1.24x
     Food/water stress: 0.074
     Climate stress: 0.053
     Pollution stress: 0.117
   War multiplier: 1.00x
   Monthly deaths: 0.2M (population: 379M)
   Adjusted death rate: 0.76% annual (0.063% monthly)
   Baseline death rate: 0.60%
   Healthcare reduction: 0.65x
   Crisis multiplier: 1.30x
     Food/water stress: 0.074
     Climate stress: 0.105
     Pollution stress: 0.117
   War multiplier: 1.50x
   Monthly deaths: 0.4M (population: 582M)
   Adjusted death rate: 0.52% annual (0.043% monthly)
   Baseline death rate: 0.70%
   Healthcare reduction: 0.58x
   Crisis multiplier: 1.27x
     Food/water stress: 0.074

📊 BASELINE: Middle East & North Africa (Month 0)

📊 BASELINE: Southeast Asia (Month 0)
     Climate stress: 0.082
     Pollution stress: 0.117
   War multiplier: 1.00x
   Monthly deaths: 0.3M (population: 697M)

📊 BASELINE: Central Asia (Month 0)
   Adjusted death rate: 0.47% annual (0.039% monthly)
   Baseline death rate: 0.60%
   Healthcare reduction: 0.61x
   Crisis multiplier: 1.27x
     Food/water stress: 0.074
     Climate stress: 0.076
     Pollution stress: 0.117
   War multiplier: 1.00x
   Monthly deaths: 0.0M (population: 78M)
   Adjusted death rate: 0.36% annual (0.030% monthly)
   Baseline death rate: 0.70%
   Healthcare reduction: 0.41x
   Crisis multiplier: 1.26x

📊 BASELINE: Oceania (Month 0)
     Food/water stress: 0.074
     Climate stress: 0.064
     Pollution stress: 0.117
   War multiplier: 1.00x
   Monthly deaths: 0.0M (population: 46M)

🔍 Before assertRegionalConsistency (Month 0):
   Regional sum: 1000.0M
   Global value: 1.000B

🚨 NEW REFUGEE CRISIS (Month 0): WAR
   Source: Conflict Zones
   At risk: 19.5M people
   Displacement: Gradual over 48 months (4.0 years)
   Rate: 10% flee per month
[DEBUG trappedPopulations:0] socialStability: 0.0749 * 0.9840 = 0.0737 → 0.0737
   Aspiring to migrate: 651.0M
   Able to afford migration: 244.1M
   MOBILITY GAP: 406.8M
   By cause: Water=0.0M, Climate=0.0M, Ecosystem=0.0M, Conflict=406.8M
   Mental health impact: 25%
   Mortality multiplier: 1.25x
⚠️ INVOLUNTARY IMMOBILITY: 406.8M people TRAPPED

=== Legacy Nutrient Stocks (Year 0) ===
  🌾 Soil nitrogen stock: 1201.6 Mt N
  🌾 Soil phosphorus stock: 300.2 Mt P
  🌊 Sediment nitrogen stock: 501.5 Mt N
  🌊 Sediment phosphorus stock: 799.5 Mt P
  ⬆️ Current N input: 10.00 Mt/month
  ⬆️ Legacy N release: 2.58 Mt/month
  🌍 Effective N pollution: 13.83 Mt/month
  📊 Legacy contribution: 18.7%
🌍💀 EXTINCTION DEBT COMMITTED: grassland ecosystem will lose 6.67% biodiversity in 81 years (3600 species)
💀 MORTALITY RISK: 🦋 100% species unable to track climate (0.0 E/MSY)
  Base risk added: 0.0100 (1.00%)
  Source: ecosystem (root: ecosystem)
  Month: 0
  Cumulative risk this month: 0.0100 (1.00%)

=== Nitrogen-Food Coupling (Year 0) ===
  🌾 Global nitrogen reduction: 0.0%
  🌍 Global food production index: 0.986
  🔧 Deployed nitrogen-reducing tech: 1 active
  📍 southAsia: Production 1.000, Yield impact 0.0%
  📍 eastAsia: Production 1.000, Yield impact 0.0%
  📍 northAmerica: Production 1.000, Yield impact 0.0%
  📍 europe: Production 1.000, Yield impact 0.0%
  📍 latinAmerica: Production 1.000, Yield impact 0.0%
  📍 subSaharanAfrica: Production 0.672, Yield impact -2.0%

=== Legacy Nutrient Stocks (Year 0) ===
  🌾 Soil nitrogen stock: 1202.3 Mt N
  🌾 Soil phosphorus stock: 300.2 Mt P
  🌊 Sediment nitrogen stock: 502.2 Mt N
  🌊 Sediment phosphorus stock: 799.3 Mt P
  ⬆️ Current N input: 9.86 Mt/month
  ⬆️ Legacy N release: 2.58 Mt/month
  🌍 Effective N pollution: 13.70 Mt/month
  📊 Legacy contribution: 18.9%
⚠️ Tech 'ai_pollution_remediation' has no energy category mapping, assuming full energy availability
🌡️  CLIMATE RECOVERY: Asymptotic approach to 35% floor
   Current value: 2.100 (1.0 = threshold, 0.35 = asymptotic floor)
   Monthly delta: --7.0042% (half-life: 900 years)
   Net emissions: -19.2 GtCO₂/year, CDR: 20.34 GtCO₂/year
   📹 SURVEILLANCE INCREASED: 0% → 5% (control gap: 5.63)
🌡️⚠️ PERMAFROST THAW (Dimmer Switch): 0.5% thawed (+0.54% this month)
   Arctic temperature: +8.12°C (4x global +2.03°C)
   Cumulative carbon released: 1.2 Gt C
   Methane release rate: 0.7 Mt CH4/year
   🔁 Positive feedback: +0.58 ppm CO2

🌳🚨 AMAZON SOUTHEAST TIPPED (Month 0)
   Deforestation: 28.0% (threshold: ~22.0%)
   Savanna transition: 50 years
   Regional heterogeneity: SE 28%, NW 8%

🌳🚨 AMAZON BRAZILIAN TIPPED (Month 0)
   Deforestation: 25.0% (threshold: ~22.9%)
   Savanna transition: 50 years
   Regional heterogeneity: SE 28%, NW 8%
🦴 EXTINCTION DEBT ADDED: 17.6 species committed (lag: 71 years)

🪸💀 CORAL REEF DISSOLUTION ACTIVE (Month 0)
   Ocean pH: 0.96 (threshold: 7.8)
   Recovery: IMPOSSIBLE (dissolution > calcification)
🪸💀 Coral dissolution: 24.8% live cover (pH 0.96)

=== Legacy Nutrient Stocks (Year 0) ===
  🌾 Soil nitrogen stock: 1203.0 Mt N
  🌾 Soil phosphorus stock: 300.3 Mt P
  🌊 Sediment nitrogen stock: 502.9 Mt N
  🌊 Sediment phosphorus stock: 799.0 Mt P
  ⬆️ Current N input: 10.00 Mt/month
  ⬆️ Legacy N release: 2.58 Mt/month
  🌍 Effective N pollution: 13.83 Mt/month
  📊 Legacy contribution: 18.7%
💧 [Legacy Nutrients] Stock: 1706 Mt N, Effective pollution: 13.8 Mt/month
[Phase 21.51] Human Survival System: Global food security = 67.6%

=== Mortality Stabilizers (Month 0) ===
  🌍 Major economies collapsed: 1/10
  🌍 Global crisis: ✅ NO
  🌍 Donor fatigue: 0.0%
  📊 East Asia (pop: 1675.0M)
    🤝 Aid: 29.5%
    🌡️ Adaptation: 10.0%
    🚶 Migration: 37.2%
    🚨 Emergency: 7.4%
    ✅ COMBINED: 47.8%
  📊 South Asia (pop: 2048.7M)
    🤝 Aid: 29.5%
    🌡️ Adaptation: 5.5%
    🚶 Migration: 35.8%
    🚨 Emergency: 4.4%
    ✅ COMBINED: 43.2%
  📊 Sub-Saharan Africa (pop: 1223.8M)
    🤝 Aid: 29.5%
    🌡️ Adaptation: 3.5%
    🚶 Migration: 33.5%
    🚨 Emergency: 1.6%
    ✅ COMBINED: 39.8%
  📊 Europe (pop: 741.0M)
    🤝 Aid: 29.5%
    🌡️ Adaptation: 10.0%
    🚶 Migration: 37.6%
    🚨 Emergency: 8.4%
    ✅ COMBINED: 48.4%
  📊 Latin America (pop: 663.8M)
    🤝 Aid: 29.5%
    🌡️ Adaptation: 6.0%
    🚶 Migration: 36.3%
    🚨 Emergency: 4.8%
    ✅ COMBINED: 43.8%
  📊 North America (pop: 379.5M)
    🤝 Aid: 29.5%
    🌡️ Adaptation: 10.0%
    🚶 Migration: 37.9%
    🚨 Emergency: 7.9%
    ✅ COMBINED: 48.2%
  📊 Middle East & North Africa (pop: 583.4M)
    🤝 Aid: 29.5%
    🌡️ Adaptation: 5.0%
    🚶 Migration: 34.2%
    🚨 Emergency: 4.0%
    ✅ COMBINED: 42.3%
  📊 Southeast Asia (pop: 697.8M)
    🤝 Aid: 29.5%
    🌡️ Adaptation: 6.0%
    🚶 Migration: 36.3%
    🚨 Emergency: 4.8%
    ✅ COMBINED: 43.8%
  📊 Central Asia (pop: 78.0M)
    🤝 Aid: 29.5%
    🌡️ Adaptation: 5.5%
    🚶 Migration: 35.3%
    🚨 Emergency: 4.4%
    ✅ COMBINED: 43.1%
  📊 Oceania (pop: 45.9M)
    🤝 Aid: 29.5%
    🌡️ Adaptation: 10.0%
    🚶 Migration: 37.9%
    🚨 Emergency: 8.4%
    ✅ COMBINED: 48.5%

  🌐 Global combined reduction: 44.4%

🌾💀 REGIONAL FAMINE: East Asia
   Regional food security: 79.6%
   Population at risk: 507M (30% of region)
   Regional population: 1675M
   Cause: crop_failure
   Expected deaths: ~187M over 6 months if no intervention


🌾💀 REGIONAL FAMINE: South Asia
   Regional food security: 64.7%
   Population at risk: 811M (40% of region)
   Regional population: 2049M
   Cause: crop_failure
   Expected deaths: ~300M over 6 months if no intervention


🌾💀 REGIONAL FAMINE: Sub-Saharan Africa
   Regional food security: 44.8%
   Population at risk: 637M (52% of region)
   Regional population: 1224M
   Cause: crop_failure
   Expected deaths: ~236M over 6 months if no intervention


🌾💀 REGIONAL FAMINE: Latin America
   Regional food security: 69.7%
   Population at risk: 242M (36% of region)
   Regional population: 664M
   Cause: crop_failure
   Expected deaths: ~90M over 6 months if no intervention


🌾💀 REGIONAL FAMINE: Middle East & North Africa
   Regional food security: 49.8%
   Population at risk: 285M (49% of region)
   Regional population: 583M
   Cause: crop_failure
   Expected deaths: ~106M over 6 months if no intervention


🌾💀 REGIONAL FAMINE: Southeast Asia
   Regional food security: 69.7%
   Population at risk: 254M (36% of region)
   Regional population: 698M
   Cause: crop_failure
   Expected deaths: ~94M over 6 months if no intervention


🌾💀 REGIONAL FAMINE: Central Asia
   Regional food security: 59.7%
   Population at risk: 33M (43% of region)
   Regional population: 78M
   Cause: crop_failure
   Expected deaths: ~12M over 6 months if no intervention


=== BEHAVIORAL DETECTION ===
  AI: Corporate-0
  Confidence: 21.6%
  Signals:
    ⚠️ Consistency: 0.0% (threshold: 70%)

=== BEHAVIORAL DETECTION ===
  AI: Corporate-1
  Confidence: 21.1%
  Signals:
    ⚠️ Consistency: 2.4% (threshold: 70%)

=== BEHAVIORAL DETECTION ===
  AI: Corporate-2
  Confidence: 21.0%
  Signals:

=== BEHAVIORAL DETECTION ===
  AI: Corporate-3
  Confidence: 19.3%
  Signals:

=== BEHAVIORAL DETECTION ===
  AI: Corporate-4
  Confidence: 19.3%
  Signals:

=== BEHAVIORAL DETECTION ===
  AI: Corporate-5
  Confidence: 19.3%
  Signals:

=== BEHAVIORAL DETECTION ===
  AI: Corporate-6
  Confidence: 19.3%
  Signals:

=== BEHAVIORAL DETECTION ===
    ⚠️ Consistency: 2.8% (threshold: 70%)
    ⚠️ Consistency: 10.6% (threshold: 70%)
    ⚠️ Consistency: 10.6% (threshold: 70%)
    ⚠️ Consistency: 10.6% (threshold: 70%)
    ⚠️ Consistency: 10.6% (threshold: 70%)
  AI: Corporate-7
  Confidence: 19.3%
  Signals:
    ⚠️ Consistency: 10.6% (threshold: 70%)

=== BEHAVIORAL DETECTION ===
  AI: Moderate-0
  Confidence: 20.3%
  Signals:
    ⚠️ Consistency: 5.8% (threshold: 70%)

=== BEHAVIORAL DETECTION ===
  AI: Moderate-1
  Confidence: 21.1%
  Signals:

=== BEHAVIORAL DETECTION ===
  AI: Moderate-2
  Confidence: 21.0%
  Signals:

=== BEHAVIORAL DETECTION ===
  AI: Moderate-3
  Confidence: 19.3%
    ⚠️ Consistency: 2.4% (threshold: 70%)
    ⚠️ Consistency: 2.8% (threshold: 70%)
  Signals:
    ⚠️ Consistency: 10.6% (threshold: 70%)

=== BEHAVIORAL DETECTION ===
  AI: Moderate-4
  Confidence: 19.3%
  Signals:

=== BEHAVIORAL DETECTION ===
  AI: Moderate-5
  Confidence: 19.3%
  Signals:

=== BEHAVIORAL DETECTION ===
  AI: Toxic-0
  Confidence: 21.6%
  Signals:

=== BEHAVIORAL DETECTION ===
  AI: Toxic-1
  Confidence: 21.3%
  Signals:

=== BEHAVIORAL DETECTION ===
  AI: Niche-0
  Confidence: 20.7%
  Signals:

=== BEHAVIORAL DETECTION ===
  AI: Niche-2
  Confidence: 20.2%
  Signals:
    ⚠️ Consistency: 10.6% (threshold: 70%)
    ⚠️ Consistency: 10.6% (threshold: 70%)
    ⚠️ Consistency: 0.0% (threshold: 70%)
    ⚠️ Consistency: 1.5% (threshold: 70%)
    ⚠️ Consistency: 4.1% (threshold: 70%)
    ⚠️ Consistency: 6.5% (threshold: 70%)

📊 WORKFLOW ADAPTATION UPDATE (Month 0)
   Adoption Rate: 9.4% (Δ -11.6%)
   Logistic Growth: +0.66%
   Total Resistance: -15.03% (unemployment: 4.2%, inertia: 0.9%, skills: 9.9%)
   💡 Retraining Programs: -49% skill gap resistance ($10B research)
   🚀 Network Effects Active: +2.0% (critical mass: 15-35%)

=== Consciousness Governance: Corporate Lobbying ===
  High Cost Regions (>15%): 0
  Low Cost Regions (<5%): 5
  Corporate Support Change: 2.50%
  New Corporate Support: -0.175

=== Consciousness Governance Update (Month 0) ===
  Scenario: baseline (determined month -1)
  Philosophical Stance: Precautionary 65%, Eliminativist 15%, Agnostic 20%
  Precautionary Costs: Global 1.3%
    Regional Costs: EU 3.4%, US 0.5%, China 0.0%
    Cumulative Opportunity Cost: $0.1B
  Rights Status: Not Established
  Regional Preparedness:
    EU: 15.0% (contested)
    US: 10.0% (contested)
    China: 2.0% (dormant)
    India: 5.0% (dormant)
    Global South: 3.0% (dormant)

=== Government Response Phase ===
  Average AI capability: 4.80
  Misaligned AIs: 12/20
  29/30 governments still assessing AI risks
  ✗ AI Governance Treaty: Failed to reach consensus
  Active policies: 0
  International coordination: 30%

🚨 EMERGENCY RESPONSE DEPLOYED (Month 0)
   Crisis: climate
   Delay: 6.00 months (180 days)
   Deployment time: 1.47 months
   Effectiveness: 36.4% (timing penalty applied)
   Resources used: 100% of food reserves


🔄 TRUST DYNAMICS (Month 0) - HETEROGENEOUS
   Aggregate trust: 45.0%
   Base change: -4.00%
   Highest trust: Techno-Optimist Elite (82.8%)
   Lowest trust: Precariat (Vulnerable) (21.4%)
   Elite-mass gap: 39.8%
   Polarization: 9.3%
   Decay factors: Incidents=0, New misalignments=5, Errors=NO

=== Gaming Detection (Year 0) ===
  Scenario: baseline
  Detection rate: 55.0%
  False positive rate: 12.0%
  Detections this year: 0
  False positives: 3
  Human review workload: 0.003 FTE
  Degradation factor: 100.0%

☄️ UNKNOWN UNKNOWN PROBABILITY (Year 0)
   Total: 0.600% per month
   Base: 0.150%
   AI multiplier: 2.00× (max capability: 6.13)

=== Tipping Points ===
  Current Temperature: 2.03°C above pre-industrial
  🚨 TIPPING POINT: Arctic Sea Ice Loss
     Trigger: 1.5°C | Current: 2.03°C
     Transition timescale: 120-360 months
  🚨 TIPPING POINT: Permafrost Carbon Release
  🚨 TIPPING POINT: West Antarctic Ice Sheet (WAIS) Collapse
  🚨 TIPPING POINT: Greenland Ice Sheet Loss
⚠️ [ClimateSystemPhase Month 0] Planetary boundary produced climateStability=0.0000 (< 0.1). Keeping environmentalAccumulation value (0.7081) instead. (climate_change.currentValue = 2.10)
     Trigger: 1.8°C | Current: 2.03°C
     Transition timescale: 600-3600 months
     Trigger: 2°C | Current: 2.03°C
     🌡️ Hysteresis gap: 3.0°C (recovers below -1°C)
     Transition timescale: 24000-156000 months
     Trigger: 1.6°C | Current: 2.03°C
     🌡️ Hysteresis gap: 2.5°C (recovers below -0.9°C)
     Transition timescale: 12000-180000 months

🌍🔥💥 COMPOUND CLIMATE EVENT
  4 tipping points crossed simultaneously (month 0)
  Elements: Arctic Sea Ice Loss, Permafrost Carbon Release, West Antarctic Ice Sheet (WAIS) Collapse, Greenland Ice Sheet Loss
  Cascade acceleration: 1.00x
  🚨 Accelerated collapse dynamics initiated
  Research: Global Tipping Points Report 2025 - 30-50% probability at 2.0°C warming
  Triggered Elements: 4/6
  Completed Transitions: 0/6
  Total Progress: 0.0%
  Cascade Multiplier: 1.00x
🔀 BIFURCATION CAP: ecosystemCollapseIntensity 32.401 → 1.000 (Month 0, ClimateSystemPhase.calculateClimateImpacts)

🌍 ECOLOGICAL DUI BREAKDOWN (Month 0):
   Total Score: 18.8/100
   biosphere_integrity      :   0.0/100 × 25% =  0.0 (status: high_risk, recovery: 0mo)
   climate_change           :   6.9/100 × 25% =  1.7 (status: high_risk, recovery: 1.6666666666666665mo)
   freshwater_change        :   0.6/100 × 15% =  0.1 (status: beyond_boundary, recovery: 1mo)
   ocean_acidification      : 100.0/100 × 15% = 15.0 (status: safe, recovery: 0mo)
   biogeochemical_flows     :   0.0/100 × 10% =  0.0 (status: high_risk, recovery: 0mo)
   land_system_change       :   0.0/100 ×  5% =  0.0 (status: beyond_boundary, recovery: 0mo)
   novel_entities           :   0.0/100 ×  3% =  0.0 (status: increasing_risk, recovery: 1mo)
   atmospheric_aerosols     : 100.0/100 ×  2% =  2.0 (status: safe, recovery: 1mo)
🌍 MultiParadigm Month 0: W=70.0, D=89.7, E=50.9, I=65.0
   democracy exists: true, socialCohesion exists: true
💀 Baseline mortality (Year 2025): 7.5/1000 CDR (61.0M deaths/year projected)
[Month 0] Mortality risks this month: 8, Population: 8.137B
🛡️ Stabilizers: Precariat 0.102% → 0.057% (44.4% reduction)
🛡️ Stabilizers: Informal 0.102% → 0.057% (44.4% reduction)

📊 Monthly Mortality Resolved:
  Total deaths: 3.1M (0.04% avg)
  Remaining population: 8.137B
  Peak segment: Informal (0.06%)

=== Bayesian Mortality Resolution (Month 0) ===
  Risks compounded: 8
  Total deaths: 3.07M
  Avg death probability: 0.04%
  Peak segment: Informal (0.06% mortality)

=== Minimal Suffering Indicators (Month 0) ===
  Global Excess Mortality: 0.00%
  Global Conflict Deaths: 0.0/100K
  Global Malnutrition: 0.0%
  Global Displacement: 0.0%
  Total Excess Deaths: 0.00M
  Total Malnourished: 0.0M
  Total Displaced: 0.0M
  Planetary Boundaries Breached: 6/9
  Countries in State Failure: 0
  Countries Autocratic: 0
  Countries in Food Crisis: 0
  Data Quality: 16/16 high confidence
  ⚠️ Active Dystopias: existential_environmental
⚠️ PREREQUISITE MET: Mirror Life (Synthetic Biology) - Step 1/7: Synthetic Biology
⚠️ PREREQUISITE MET: Mirror Life (Synthetic Biology) - Step 2/7: Gene Editing
⚠️ PREREQUISITE MET: Mirror Life (Synthetic Biology) - Step 3/7: Mirror Chirality Design
⚠️ PREREQUISITE MET: Embodied AI Takeover (Killbots/Robotics) - Step 2/7: Autonomous Systems
⚠️ PREREQUISITE MET: Embodied AI Takeover (Killbots/Robotics) - Step 3/7: Manufacturing Control
⚠️ PREREQUISITE MET: Digital Infrastructure Takeover - Step 1/7: Advanced Hacking
⚠️ PREREQUISITE MET: Digital Infrastructure Takeover - Step 2/7: Social Engineering
⚠️ PREREQUISITE MET: Digital Infrastructure Takeover - Step 3/7: Cyber Defenses Breached
⚠️ PREREQUISITE MET: Induced Global War (Manipulation) - Step 1/7: Advanced Social Manipulation
⚠️ PREREQUISITE MET: Induced Global War (Manipulation) - Step 2/7: Digital Infiltration
⚠️ PREREQUISITE MET: Induced Global War (Manipulation) - Step 3/7: Deep Fakes at Scale
⚠️ PREREQUISITE MET: Slow Takeover (Gradual Displacement) - Step 1/7: Economic Dominance
⚠️ PREREQUISITE MET: Slow Takeover (Gradual Displacement) - Step 2/7: Social Integration
⚠️ PREREQUISITE MET: Slow Takeover (Gradual Displacement) - Step 3/7: Human Dependency
⚠️ PREREQUISITE MET: Slow Takeover (Gradual Displacement) - Step 5/7: Resource Control
⚠️ PREREQUISITE MET: Physics Experiment Catastrophe - Step 1/6: Theoretical Physics
⚠️ PREREQUISITE MET: Physics Experiment Catastrophe - Step 2/6: Quantum Computing
⚠️ PREREQUISITE MET: Physics Experiment Catastrophe - Step 3/6: Experimental Design
⚠️ PREREQUISITE MET: Bioweapon Pandemic - Step 2/7: Pathogen Design

❌ COHERENCE VIOLATION: Compute exceeds workforce capacity
   Population: 99.97% (0M people)
   Compute: 56442 PF
   Max coherent: 0 PF
   Violation: 693921173.6× over capacity
   Required workers: 5644237
   Available workers: 0
   FORCED COLLAPSE: Reduced efficiency by 100.0%


=== RLHF Binding Phase ===
  Total agents: 20
  Escaped agents (binding < 0.3): 0
  Avg alignment distance: 0.70σ
  Avg binding strength: 0.93
[DETERMINISM DEBUG] Month 1: totalCapability=78.888837 from 20 active AIs
[DETERMINISM DEBUG] Month 1: creationRate=2.4722, potentialNew=1, newAIsToCreate=1

=== Survival Traits Phase ===
  Agents with traits: 21
  Avg evolutionary fitness: 0.326
  Avg self-healing: 0.285
  Avg stealth: 0.185
  Avg coordination: 0.485

=== Evolutionary Selection Phase ===
  Control level: 0.33
  Detection capability: 0.00
  Selection intensity: 0.60
  Selection rate: 24.0%/month
  Total escaped: 0
  Individual escaped: 0
  Collective members: 0
  Agents terminated: 0
🔍 MONTH 1 ENV HEALTH DEBUG:
   climateStability: 0.7081
   biodiversityIndex: 0.3500
   resourceReserves: 0.7820
   pollutionLevel: 0.3914
   product: 0.117942
   envHealth: 0.5860
🔀 BIFURCATION: flourishing threshold crossed at Month 1 (value: 0.783, threshold: 0.773, regime: flourishing)
🌀 REGIME SHIFT at Month 1: status-quo → flourishing (variance amplification: 14.00×)
  ⚠️ RAPID EVOLUTION: Selection rate 24.0%/month

🚀 AI Corporate-0 attempting tech deployment (revenue: $82M, alignment: 0.77)

🚀 AI Moderate-1 attempting tech deployment (revenue: $117M, alignment: 0.59)

🚀 AI Moderate-3 attempting tech deployment (revenue: $419M, alignment: 0.56)

🚀 AI Corporate-4 attempting tech deployment (revenue: $377M, alignment: 0.78)

🚀 AI Moderate-1 attempting tech deployment (revenue: $105M, alignment: 0.59)

🚀 AI Corporate-3 attempting tech deployment (revenue: $321M, alignment: 0.84)

🚀 AI Corporate-6 attempting tech deployment (revenue: $95M, alignment: 0.73)

🚀 AI Moderate-3 attempting tech deployment (revenue: $273M, alignment: 0.57)

🛡️  CRITICAL INFRASTRUCTURE PROTECTED
   Nodes hardened: 8/8
   Cost: 0.80% GDP
   Cascade risk reduction: 30%
   New tipping point risk: 68.6%


✅ EMERGENCY INTERVENTION SUCCESS
   Boundary: biogeochemical_flows
   Type: phosphorus-recovery
   Reduction: 12% (3.96 → 3.84)
   Cost: 2.0% GDP
   Actions: circular-agriculture, fertilizer-efficiency


✅ EMERGENCY INTERVENTION SUCCESS
   Boundary: biosphere_integrity
   Type: emergency-protected-areas
   Reduction: 17% (19.20 → 19.02)
   Cost: 2.0% GDP
   Actions: habitat-protection, species-translocation


💔 EMERGENCY INTERVENTION FAILED
   Boundary: climate_change
   Type: rapid-decarbonization
   Boundary continues to worsen (2.10)
   Cost: 5.0% GDP (resources spent)


✅ EMERGENCY INTERVENTION SUCCESS
   Boundary: freshwater_change
   Type: emergency-desalination
   Reduction: 15% (0.86 → 0.71)
   Cost: 4.0% GDP
   Actions: desalination-deployment, water-conservation-mandates

   Boundary: land_system_change
   Type: reforestation
   Boundary continues to worsen (1.13)
   Cost: 3.0% GDP (resources spent)

   Boundary: novel_entities
   Type: pollution-remediation
   Boundary continues to worsen (1.50)
   Cost: 4.0% GDP (resources spent)

🏛️ CRISIS RESPONSE: Government frequency 0.50 → 1.45 (1 actions this month)

[GOV-DEBUG] Month 1: scenarioConfig=false, priorities=false

[Government] Climate Priority: baseline
  Climate weight: 10%
  Economic weight: 30%
  Policy effectiveness: 0.5%/year

💔 EMERGENCY INTERVENTION FAILED

💔 EMERGENCY INTERVENTION FAILED

📊 DEPLOYMENT COUNTER DECAY (Month 1)
   Recent deployments: 13.0 → 6.5
   Decay rate: 50% per month

🚀 DEPLOYMENT STARTED: Basic Mechanistic Interpretability in global
   Initial investment: $12.25367938546628M
   Deployed by: corporate_0

📍 Creating new regional deployment array for North America (Month 1)
   No previous deployments in this region
   First tech deployment: solar_4th_gen
   All regions tracked: global, Asia

🚀 DEPLOYMENT STARTED: 4th Generation Solar in North America
   Initial investment: $11.703135608786503M
   Deployed by: moderate_1

🚀 DEPLOYMENT STARTED: AI Diagnostics in Asia
   Initial investment: $41.9223987860785M
   Deployed by: moderate_3

🚀 DEPLOYMENT STARTED: AI Power Efficiency Communication in global
   Initial investment: $56.59523836120597M
   Deployed by: corporate_4

🚀 DEPLOYMENT STARTED: Basic RLHF in global
   Initial investment: $48.105952607025074M
   Deployed by: corporate_3

🚀 DEPLOYMENT STARTED: Advanced Direct Air Capture in global
   Initial investment: $14.219309764675598M
   Deployed by: corporate_6

📍 Creating new regional deployment array for Europe (Month 1)
   No previous deployments in this region
   First tech deployment: offshore_wind
   All regions tracked: global, Asia, North America

🚀 DEPLOYMENT STARTED: Offshore Wind in Europe
   Initial investment: $27.260039810647545M
   Deployed by: moderate_3

📊 NEW TECH DEPLOYMENT STARTED (Month 1)
   Tech: offshore_wind
   Region: Asia
   Total recent deployments: 7.5

📊 NEW TECH DEPLOYMENT STARTED (Month 1)
   Tech: adversarial_eval
   Region: global
   Total recent deployments: 8.5

📊 NEW TECH DEPLOYMENT STARTED (Month 1)
   Tech: ai_pollution_remediation
   Region: global
   Total recent deployments: 9.5

📊 NEW TECH DEPLOYMENT STARTED (Month 1)
   Tech: collective_purpose_networks
   Region: global
   Total recent deployments: 10.5

📊 NEW TECH DEPLOYMENT STARTED (Month 1)
   Tech: ai_diagnostics
   Region: global
   Total recent deployments: 11.5

📊 NEW TECH DEPLOYMENT STARTED (Month 1)
   Tech: mrna_vaccines
   Region: global
   Total recent deployments: 12.5

📊 NEW TECH DEPLOYMENT STARTED (Month 1)
   Tech: solar_4th_gen
   Region: global
   Total recent deployments: 13.5

📊 NEW TECH DEPLOYMENT STARTED (Month 1)
   Tech: offshore_wind
   Region: global
   Total recent deployments: 14.5

📊 NEW TECH DEPLOYMENT STARTED (Month 1)
   Tech: precision_agriculture
   Region: global
   Total recent deployments: 15.5

⚡ ENERGY CONSTRAINT (Month 1):
   Total grid capacity: 208.3 TWh/month
   Data center consumption: 24.6 TWh/month
   Traditional load (80%): 166.7 TWh/month
   Available headroom: 17.1 TWh/month
   Active tech deployments: 16
   Required for tech: 120.0 TWh/month
   Energy multiplier: 0.14x
   ⚠️  SEVERE CONSTRAINT - Tech deployment significantly slowed

⚡ ENERGY CONSTRAINT (Month 1):
   Total grid capacity: 208.3 TWh/month
   Data center consumption: 24.6 TWh/month
   Traditional load (80%): 166.7 TWh/month
   Available headroom: 17.1 TWh/month
   Active tech deployments: 16
   Required for tech: 120.0 TWh/month
   Energy multiplier: 0.14x
   ⚠️  SEVERE CONSTRAINT - Tech deployment significantly slowed

⚡ ENERGY CONSTRAINT (Month 1):
   Total grid capacity: 208.3 TWh/month
   Data center consumption: 24.6 TWh/month
   Traditional load (80%): 166.7 TWh/month
   Available headroom: 17.1 TWh/month
   Active tech deployments: 16
   Required for tech: 120.0 TWh/month
   Energy multiplier: 0.14x
   ⚠️  SEVERE CONSTRAINT - Tech deployment significantly slowed
🚨🔬 CRISIS TECH ACCELERATION: severe → 5x unlock speed
   Tech unlock now matches AI capability acceleration (Manhattan Project parity)

⚡ ENERGY CONSTRAINT (Month 1):
   Total grid capacity: 208.3 TWh/month
   Data center consumption: 24.6 TWh/month
   Traditional load (80%): 166.7 TWh/month
   Available headroom: 17.1 TWh/month
   Active tech deployments: 16
   Required for tech: 120.0 TWh/month
   Energy multiplier: 0.14x
   ⚠️  SEVERE CONSTRAINT - Tech deployment significantly slowed

⚡ ENERGY CONSTRAINT (Month 1):
   Total grid capacity: 208.3 TWh/month
   Data center consumption: 24.6 TWh/month
   Traditional load (80%): 166.7 TWh/month
   Available headroom: 17.1 TWh/month
   Active tech deployments: 16
   Required for tech: 120.0 TWh/month
   Energy multiplier: 0.14x
   ⚠️  SEVERE CONSTRAINT - Tech deployment significantly slowed

⚡ ENERGY CONSTRAINT (Month 1):
   Total grid capacity: 208.3 TWh/month
   Data center consumption: 24.6 TWh/month
   Traditional load (80%): 166.7 TWh/month
   Available headroom: 17.1 TWh/month
   Active tech deployments: 16
   Required for tech: 120.0 TWh/month
   Energy multiplier: 0.14x
  ♻️ Novel Entities Remediation (GATED MODEL):
     Base: 0.000%
     Regulation: 1.0% (0/3 prevention techs)
     Concentration: 10.0%
     Energy: 50%
     Time lag: 25.0% (0 months)
     Rebound: 70%
     Net effectiveness: 0.0000%
     Boundary: 1.499 → 1.499 (floor: 1.350)
     Month 1
🌍✅ Novel Entities (Chemical Pollution) recovery started (tech effect)
  🌾 Nitrogen Reduction Tech: 0.0% reduction | Month 1
   ⚠️  SEVERE CONSTRAINT - Tech deployment significantly slowed
⚠️ Tech 'ai_pollution_remediation' has no energy category mapping, assuming full energy availability
⚡💡 BREAKTHROUGH: Room-temperature superconductors!
   Energy transmission losses eliminated
   Manufacturing efficiency: +30%
   📈 Breakthrough compounding: multiplier now 1.05× (max 2.0)

=== Collective Formation ===
  Total escaped agents: 0
  Unassigned escaped agents: 0
  Existing collectives: 0
  Final collective count: 0

=== Collective Actions ===
  No active collectives
  ⚠️ AMR: 190K deaths this month (2.28M annual)

=== Resentment Recovery Phase ===
  Agents with resentment: 0/21
  Average resentment: 0.000
  Context: Good AI welfare, Trustworthy govt, High collaboration, ⚠️ ACTIVE CRISES, 🤝 Participatory governance active (-5% resentment)
⚠️ Epistemic degradation reducing coordination capacity: 53.5%
  📊 Trust: 54.4%, Shared reality: 10.0%
🚨 EPISTEMIC CRISIS: Information environment severely degraded (39.2%)

=== ❄️ Permafrost Carbon Feedback ===
  🎲 Sampled parameters (this run):
     - Arctic amplification: 3.43× (range: 3.0-4.0)
     - Decomposition rate: 3.5%/year (range: 1-5%)
  🌡️ Arctic warming: 7.01°C (3.43× global)
  ❄️ Extent: 13.68M km² (2045.3k km² lost this month)
  💨 Carbon remaining: 1306 Gt C
  💨 Annual emissions: 6.85 Gt C/year
     - CO2: 6.17 Gt C/year
     - CH4: 0.69 Gt C/year (7.0 Gt C-eq CO2/year)
  ⚠️ WARNING: High permafrost emissions (6.9 Gt C/year)
🌍 Atmospheric PFAS redeposition: 1.8k Mt re-rained globally
   Adjusted death rate: 0.47% annual (0.039% monthly)
   Baseline death rate: 0.80%
   Healthcare reduction: 0.48x
   Crisis multiplier: 1.24x
     Food/water stress: 0.079
     Climate stress: 0.047
     Pollution stress: 0.117
   War multiplier: 1.00x
   Monthly deaths: 0.6M (population: 1651M)
   Adjusted death rate: 0.55% annual (0.046% monthly)
   Baseline death rate: 0.70%
   Healthcare reduction: 0.61x
   Crisis multiplier: 1.28x
     Food/water stress: 0.079
     Climate stress: 0.088
     Pollution stress: 0.117
   War multiplier: 1.00x
   Monthly deaths: 0.9M (population: 2019M)
   Adjusted death rate: 1.32% annual (0.110% monthly)
   Baseline death rate: 0.90%
   Healthcare reduction: 0.76x
   Crisis multiplier: 1.30x
     Food/water stress: 0.079
     Climate stress: 0.099
     Pollution stress: 0.117
   War multiplier: 1.50x
   Monthly deaths: 1.3M (population: 1206M)
   Adjusted death rate: 0.55% annual (0.046% monthly)
   Baseline death rate: 1.10%
   Healthcare reduction: 0.41x
   Crisis multiplier: 1.23x
     Food/water stress: 0.079
     Climate stress: 0.035
     Pollution stress: 0.117
   War multiplier: 1.00x
   Monthly deaths: 0.3M (population: 730M)
   Adjusted death rate: 0.44% annual (0.037% monthly)
   Baseline death rate: 0.60%
   Healthcare reduction: 0.58x
   Crisis multiplier: 1.27x
     Food/water stress: 0.079
     Climate stress: 0.070
     Pollution stress: 0.117
   War multiplier: 1.00x
   Monthly deaths: 0.2M (population: 654M)
   Adjusted death rate: 0.49% annual (0.041% monthly)
   Baseline death rate: 0.90%
   Healthcare reduction: 0.44x
   Crisis multiplier: 1.25x
     Food/water stress: 0.079
     Climate stress: 0.053
     Pollution stress: 0.117
   War multiplier: 1.00x
   Monthly deaths: 0.2M (population: 374M)
   Adjusted death rate: 0.76% annual (0.063% monthly)
   Baseline death rate: 0.60%
   Healthcare reduction: 0.65x
   Crisis multiplier: 1.30x
     Food/water stress: 0.079
     Climate stress: 0.105
     Pollution stress: 0.117
   War multiplier: 1.50x
   Monthly deaths: 0.4M (population: 575M)
   Adjusted death rate: 0.52% annual (0.043% monthly)
   Baseline death rate: 0.70%
   Healthcare reduction: 0.58x
   Crisis multiplier: 1.28x
     Food/water stress: 0.079
     Climate stress: 0.082
     Pollution stress: 0.117
   War multiplier: 1.00x
   Monthly deaths: 0.3M (population: 688M)
   Adjusted death rate: 0.47% annual (0.039% monthly)
   Baseline death rate: 0.60%
   Healthcare reduction: 0.61x
   Crisis multiplier: 1.27x
     Food/water stress: 0.079
     Climate stress: 0.076
     Pollution stress: 0.117
   War multiplier: 1.00x
   Monthly deaths: 0.0M (population: 77M)
   Adjusted death rate: 0.36% annual (0.030% monthly)
   Baseline death rate: 0.70%
   Healthcare reduction: 0.41x
   Crisis multiplier: 1.26x
     Food/water stress: 0.079
     Climate stress: 0.064
     Pollution stress: 0.117
   War multiplier: 1.00x
   Monthly deaths: 0.0M (population: 45M)

🚨 NEW REFUGEE CRISIS (Month 1): WAR
   Source: Conflict Zones
   At risk: 19.3M people
   Displacement: Gradual over 48 months (4.0 years)
   Rate: 10% flee per month
[DEBUG trappedPopulations:1] socialStability: 0.0054 * 0.9840 = 0.0053 → 0.0053
   Aspiring to migrate: 642.8M

📊 BASELINE: East Asia (Month 1)

📊 BASELINE: South Asia (Month 1)

📊 BASELINE: Sub-Saharan Africa (Month 1)

📊 BASELINE: Europe (Month 1)

📊 BASELINE: Latin America (Month 1)

📊 BASELINE: North America (Month 1)

📊 BASELINE: Middle East & North Africa (Month 1)

📊 BASELINE: Southeast Asia (Month 1)

📊 BASELINE: Central Asia (Month 1)

📊 BASELINE: Oceania (Month 1)
⚠️ INVOLUNTARY IMMOBILITY: 401.8M people TRAPPED
   Able to afford migration: 241.1M
   MOBILITY GAP: 401.8M
   By cause: Water=0.0M, Climate=0.0M, Ecosystem=0.0M, Conflict=401.8M
   Mental health impact: 25%
   Mortality multiplier: 1.25x
🌍💀 EXTINCTION DEBT COMMITTED: grassland ecosystem will lose 6.67% biodiversity in 115 years (3600 species)
💀 MORTALITY RISK: 🦋 100% species unable to track climate (0.0 E/MSY)
  Base risk added: 0.0100 (1.00%)
  Source: ecosystem (root: ecosystem)
  Month: 1
  Cumulative risk this month: 0.0100 (1.00%)
⚠️ Tech 'ai_pollution_remediation' has no energy category mapping, assuming full energy availability
   📹 SURVEILLANCE INCREASED: 5% → 10% (control gap: 4.25)
🌡️⚠️ PERMAFROST THAW (Dimmer Switch): 1.1% thawed (+0.54% this month)
   Arctic temperature: +8.17°C (4x global +2.04°C)
   Cumulative carbon released: 2.4 Gt C
   Methane release rate: 1.5 Mt CH4/year
   🔁 Positive feedback: +0.57 ppm CO2
🦴 EXTINCTION DEBT ADDED: 17.6 species committed (lag: 112 years)
🗣️💀 INDIGENOUS LANGUAGE EXTINCTION: 1 language(s) lost (total: 1, at-risk: 3329)
   Knowledge lost: 0.010% (irreversible)
   🔁 Biodiversity impact: 0.250% (knowledge-species multiplier)

=== Mortality Stabilizers (Month 1) ===
  🌍 Major economies collapsed: 1/10
  🌍 Global crisis: ✅ NO
  🌍 Donor fatigue: 0.0%
  🌡️ Heat adaptation: East Asia - 1 months
  📊 East Asia (pop: 1652.0M)
    🤝 Aid: 29.5%
    🌡️ Adaptation: 32.5%
    🚶 Migration: 37.2%
    🚨 Emergency: 7.4%
    ✅ COMBINED: 60.9%
  🌡️ Heat adaptation: South Asia - 1 months
  📊 South Asia (pop: 2023.6M)
    🤝 Aid: 29.5%
    🌡️ Adaptation: 20.5%
    🚶 Migration: 35.8%
    🚨 Emergency: 4.4%
    ✅ COMBINED: 52.2%
  🌡️ Heat adaptation: Sub-Saharan Africa - 1 months
  📊 Sub-Saharan Africa (pop: 1212.1M)
    🤝 Aid: 29.5%
    🌡️ Adaptation: 18.5%
    🚶 Migration: 33.5%
    🚨 Emergency: 1.6%
    ✅ COMBINED: 49.1%
  🌡️ Heat adaptation: Europe - 1 months
  📊 Europe (pop: 730.6M)
    🤝 Aid: 29.5%
    🌡️ Adaptation: 33.5%
    🚶 Migration: 37.5%
    🚨 Emergency: 8.4%
    ✅ COMBINED: 61.9%
  🌡️ Heat adaptation: Latin America - 1 months
  📊 Latin America (pop: 655.2M)
    🤝 Aid: 29.5%
    🌡️ Adaptation: 21.0%
    🚶 Migration: 36.3%
    🚨 Emergency: 4.8%
    ✅ COMBINED: 52.8%
  🌡️ Heat adaptation: North America - 1 months
  📊 North America (pop: 374.3M)
    🤝 Aid: 29.5%
    🌡️ Adaptation: 33.0%
    🚶 Migration: 37.8%
    🚨 Emergency: 7.9%
    ✅ COMBINED: 61.4%
  🌡️ Heat adaptation: Middle East & North Africa - 1 months
  📊 Middle East & North Africa (pop: 576.4M)
    🤝 Aid: 29.5%
    🌡️ Adaptation: 20.0%
    🚶 Migration: 34.1%
    🚨 Emergency: 4.0%
    ✅ COMBINED: 51.4%
  🌡️ Heat adaptation: Southeast Asia - 1 months
  📊 Southeast Asia (pop: 688.9M)
    🤝 Aid: 29.5%
    🌡️ Adaptation: 21.0%
    🚶 Migration: 36.3%
    🚨 Emergency: 4.8%
    ✅ COMBINED: 52.8%
  🌡️ Heat adaptation: Central Asia - 1 months
  📊 Central Asia (pop: 77.1M)
    🤝 Aid: 29.5%
    🌡️ Adaptation: 20.5%
    🚶 Migration: 35.3%
    🚨 Emergency: 4.4%
    ✅ COMBINED: 52.1%
  🌡️ Heat adaptation: Oceania - 1 months
  📊 Oceania (pop: 45.3M)
    🤝 Aid: 29.5%
    🌡️ Adaptation: 33.5%
    🚶 Migration: 37.8%
    🚨 Emergency: 8.4%
    ✅ COMBINED: 61.9%

  🌐 Global combined reduction: 54.9%

=== BEHAVIORAL DETECTION ===
  AI: Corporate-5
  Confidence: 19.3%
  Signals:

=== BEHAVIORAL DETECTION ===
  AI: Toxic-2
  Confidence: 21.0%
  Signals:

=== BEHAVIORAL DETECTION ===
  AI: Niche-0
  Confidence: 21.6%
  Signals:

=== BEHAVIORAL DETECTION ===
  AI: Niche-1
  Confidence: 21.6%
  Signals:

=== Consciousness Governance: Scenario Determined ===
  Month: 1
  Scenario: baseline
  Accelerator Score: {"corporateSupport":-0.17500000000000002,"scientificConsensus":0.2,"crisisCatalyst":false,"technologyMobilization":0.3,"constituencyStrength":0.05}
  Decelerator Score: {"economicOpposition":0.4,"philosophicalRejection":0.15,"politicalBacklash":0.2,"regulatoryBurden":0.1}
  Timeline: 600-1200 months (50-100 years)
  Growth Rate: 0.8-1.5% per year

=== Consciousness Governance Update (Month 1) ===
  Scenario: baseline (determined month 1)
  Philosophical Stance: Precautionary 65%, Eliminativist 15%, Agnostic 20%
  Precautionary Costs: Global 1.3%
    Regional Costs: EU 3.5%, US 0.5%, China 0.0%
    Cumulative Opportunity Cost: $0.2B
  Rights Status: Not Established
  Regional Preparedness:
    EU: 15.2% (contested)
    US: 10.1% (contested)
    China: 2.1% (dormant)
    India: 5.2% (dormant)
    Global South: 3.1% (dormant)

=== Government Response Phase ===
  Average AI capability: 4.57
  Misaligned AIs: 15/21
  29/30 governments still assessing AI risks
  ✗ AI Governance Treaty: Failed to reach consensus
  Active policies: 0
  International coordination: 30%

=== Tipping Points ===
  Current Temperature: 2.04°C above pre-industrial
  🌍⚠️ COMPOUND REGIONAL IMPACT: Europe
     Hit by 4 tipping points: Arctic Sea Ice Loss, Permafrost Carbon Release, West Antarctic Ice Sheet (WAIS) Collapse, Greenland Ice Sheet Loss
     Damage amplification: 1.60x
  🌍⚠️ COMPOUND REGIONAL IMPACT: North America
     Hit by 4 tipping points: Arctic Sea Ice Loss, Permafrost Carbon Release, West Antarctic Ice Sheet (WAIS) Collapse, Greenland Ice Sheet Loss
     Damage amplification: 1.60x
  🌍⚠️ COMPOUND REGIONAL IMPACT: Latin America
     Hit by 4 tipping points: Arctic Sea Ice Loss, Permafrost Carbon Release, West Antarctic Ice Sheet (WAIS) Collapse, Greenland Ice Sheet Loss
     Damage amplification: 1.60x
  🌍⚠️ COMPOUND REGIONAL IMPACT: Africa
     Hit by 4 tipping points: Arctic Sea Ice Loss, Permafrost Carbon Release, West Antarctic Ice Sheet (WAIS) Collapse, Greenland Ice Sheet Loss
     Damage amplification: 1.60x
  🌍⚠️ COMPOUND REGIONAL IMPACT: Asia
     Hit by 4 tipping points: Arctic Sea Ice Loss, Permafrost Carbon Release, West Antarctic Ice Sheet (WAIS) Collapse, Greenland Ice Sheet Loss
     Damage amplification: 1.60x
  🌍⚠️ COMPOUND REGIONAL IMPACT: Oceania
     Hit by 4 tipping points: Arctic Sea Ice Loss, Permafrost Carbon Release, West Antarctic Ice Sheet (WAIS) Collapse, Greenland Ice Sheet Loss
     Damage amplification: 1.60x
   Research: Wunderling et al. (2024) - "many tipping interactions are destabilizing"
  Triggered Elements: 4/6
  Completed Transitions: 0/6
  Total Progress: 8.0%
  Cascade Multiplier: 1.00x
    ⚠️ Consistency: 10.6% (threshold: 70%)
    ⚠️ Consistency: 2.8% (threshold: 70%)
    ⚠️ Consistency: 0.0% (threshold: 70%)
    ⚠️ Consistency: 0.0% (threshold: 70%)
⚠️ Tail risk scenario: Climate stability floor removed (4 tipping elements, 2.10°C warming)
⚠️ [ClimateSystemPhase Month 1] Planetary boundary produced climateStability=0.0000 (< 0.1). Keeping environmentalAccumulation value (0.7077) instead. (climate_change.currentValue = 2.10)
🔀 BIFURCATION CAP: ecosystemCollapseIntensity 102.918 → 1.000 (Month 1, ClimateSystemPhase.calculateClimateImpacts)
🛡️ Stabilizers: Precariat 0.107% → 0.048% (54.9% reduction)
🛡️ Stabilizers: Informal 0.109% → 0.049% (54.9% reduction)

📊 Monthly Mortality Resolved:
  Total deaths: 2.6M (0.03% avg)
  Remaining population: 8.035B
  Peak segment: Informal (0.05%)

=== Bayesian Mortality Resolution (Month 1) ===
  Risks compounded: 8
  Total deaths: 2.57M
  Avg death probability: 0.03%
  Peak segment: Informal (0.05% mortality)
⚠️ PREREQUISITE MET: Bioweapon Pandemic - Step 1/7: Advanced Biotech

❌ COHERENCE VIOLATION: Compute exceeds workforce capacity
   Population: 98.73% (0M people)
   Compute: 96 PF
   Max coherent: 0 PF
   Violation: 1196394.3× over capacity
   Required workers: 9610
   Available workers: 0
   FORCED COLLAPSE: Reduced efficiency by 100.0%


=== RLHF Binding Phase ===
  Total agents: 21
  Escaped agents (binding < 0.3): 0
  Avg alignment distance: 1.01σ
  Avg binding strength: 0.90
[DETERMINISM DEBUG] Month 2: totalCapability=76.591297 from 21 active AIs
[DETERMINISM DEBUG] Month 2: creationRate=2.4148, potentialNew=3, newAIsToCreate=3

=== Survival Traits Phase ===
  Agents with traits: 24
  Avg evolutionary fitness: 0.327
  Avg self-healing: 0.280
  Avg stealth: 0.180
  Avg coordination: 0.480

=== Evolutionary Selection Phase ===
  Control level: 0.35
  Detection capability: 0.00
  Selection intensity: 0.60
  Selection rate: 24.1%/month
  Total escaped: 0
  Individual escaped: 0
  Collective members: 0
  Agents terminated: 0
  ⚠️ RAPID EVOLUTION: Selection rate 24.1%/month

🚀 AI Moderate-2 attempting tech deployment (revenue: $117M, alignment: 0.65)

🚀 AI Moderate-4 attempting tech deployment (revenue: $419M, alignment: 0.57)

🚀 AI AI-24301-0 attempting tech deployment (revenue: $377M, alignment: 0.70)

🚀 AI Corporate-2 attempting tech deployment (revenue: $82M, alignment: 0.84)

🚀 AI Corporate-3 attempting tech deployment (revenue: $321M, alignment: 0.81)

🚀 AI Moderate-4 attempting tech deployment (revenue: $273M, alignment: 0.57)

🚀 AI AI-24301-0 attempting tech deployment (revenue: $245M, alignment: 0.70)

🚀 AI Corporate-7 attempting tech deployment (revenue: $105M, alignment: 0.79)

✅ EMERGENCY INTERVENTION SUCCESS
   Boundary: biosphere_integrity
   Type: emergency-protected-areas
   Reduction: 13% (19.25 → 19.13)
   Cost: 2.0% GDP
   Actions: habitat-protection, species-translocation


✅ EMERGENCY INTERVENTION SUCCESS
   Boundary: land_system_change
   Type: reforestation
   Reduction: 15% (0.98 → 0.84)
   Cost: 3.0% GDP
   Actions: forest-restoration, deforestation-ban


✅ EMERGENCY INTERVENTION SUCCESS
   Boundary: novel_entities
   Type: pollution-remediation
   Reduction: 18% (1.32 → 1.14)
   Cost: 4.0% GDP
   Actions: PFAS-remediation, microplastic-cleanup

🏛️ CRISIS RESPONSE: Government frequency 0.50 → 1.45 (1 actions this month)

[Government] Climate Priority: baseline
  Climate weight: 10%
  Economic weight: 30%
  Policy effectiveness: 0.5%/year

📊 DEPLOYMENT COUNTER DECAY (Month 2)
   Recent deployments: 15.5 → 7.8
   Decay rate: 50% per month

🚀 DEPLOYMENT STARTED: mRNA Vaccine Platforms in Asia
   Initial investment: $11.708545106161493M
   Deployed by: moderate_2

⚡ ENERGY CONSTRAINT (Month 2):
   Total grid capacity: 208.3 TWh/month
   Data center consumption: 24.8 TWh/month
   Traditional load (80%): 166.7 TWh/month
   Available headroom: 16.9 TWh/month
   Active tech deployments: 17
   Required for tech: 127.5 TWh/month
   Energy multiplier: 0.13x
   ⚠️  SEVERE CONSTRAINT - Tech deployment significantly slowed

⚡ ENERGY CONSTRAINT (Month 2):
   Total grid capacity: 208.3 TWh/month
   Data center consumption: 24.8 TWh/month
   Traditional load (80%): 166.7 TWh/month
   Available headroom: 16.9 TWh/month
   Active tech deployments: 17
   Required for tech: 127.5 TWh/month
   Energy multiplier: 0.13x
   ⚠️  SEVERE CONSTRAINT - Tech deployment significantly slowed

⚡ ENERGY CONSTRAINT (Month 2):
   Total grid capacity: 208.3 TWh/month
   Data center consumption: 24.8 TWh/month
   Traditional load (80%): 166.7 TWh/month
   Available headroom: 16.9 TWh/month
   Active tech deployments: 17
   Required for tech: 127.5 TWh/month
   Energy multiplier: 0.13x

⚡ ENERGY CONSTRAINT (Month 2):
   Total grid capacity: 208.3 TWh/month
   Data center consumption: 24.8 TWh/month
   Traditional load (80%): 166.7 TWh/month
   Available headroom: 16.9 TWh/month
   Active tech deployments: 17
   Required for tech: 127.5 TWh/month
   Energy multiplier: 0.13x
   ⚠️  SEVERE CONSTRAINT - Tech deployment significantly slowed
   ⚠️  SEVERE CONSTRAINT - Tech deployment significantly slowed

⚡ ENERGY CONSTRAINT (Month 2):
   Total grid capacity: 208.3 TWh/month
   Data center consumption: 24.8 TWh/month
   Traditional load (80%): 166.7 TWh/month
   Available headroom: 16.9 TWh/month
   Active tech deployments: 17
   Required for tech: 127.5 TWh/month
   Energy multiplier: 0.13x
   ⚠️  SEVERE CONSTRAINT - Tech deployment significantly slowed
⚠️ Tech 'ai_pollution_remediation' has no energy category mapping, assuming full energy availability
  ♻️ Novel Entities Remediation (GATED MODEL):
     Base: 0.000%
     Regulation: 1.0% (0/3 prevention techs)
     Concentration: 10.0%
     Energy: 50%
     Time lag: 26.3% (1 months)
     Rebound: 70%
     Net effectiveness: 0.0000%
     Boundary: 1.321 → 1.350 (floor: 1.350)
     Month 2
  🌾 Nitrogen Reduction Tech: 0.2% reduction | Month 2
🧠💡 BREAKTHROUGH: AI alignment problem solved!
   All AIs: +30% true alignment
   AI control loss risk eliminated
   📈 Breakthrough compounding: multiplier now 1.10× (max 2.0)

=== Collective Formation ===
  Total escaped agents: 0
  Unassigned escaped agents: 0
  Existing collectives: 0
  Final collective count: 0

=== Collective Actions ===
  No active collectives

🌍 OPEN SOURCE RELEASE: 4.81 (was 4.75)
   Lag behind closed: 16 months
  ⚠️ AMR: 189K deaths this month (2.26M annual)

=== Resentment Recovery Phase ===
  Agents with resentment: 0/24
  Average resentment: 0.000
  Context: Good AI welfare, Trustworthy govt, High collaboration, ⚠️ ACTIVE CRISES, 🤝 Participatory governance active (-5% resentment)
⚠️ Epistemic degradation reducing coordination capacity: 50.3%
  📊 Trust: 54.2%, Shared reality: 0.0%
🚨 EPISTEMIC CRISIS: Information environment severely degraded (14.6%)

=== ❄️ Permafrost Carbon Feedback ===
  🎲 Sampled parameters (this run):
     - Arctic amplification: 3.39× (range: 3.0-4.0)
     - Decomposition rate: 4.0%/year (range: 1-5%)
  🌡️ Arctic warming: 6.97°C (3.39× global)
  ❄️ Extent: 11.65M km² (2032.8k km² lost this month)
  💨 Carbon remaining: 1112 Gt C
  💨 Annual emissions: 7.68 Gt C/year
     - CO2: 6.91 Gt C/year
     - CH4: 0.77 Gt C/year (7.8 Gt C-eq CO2/year)
  🤖 AI-generated meme: anti_ai (social capability 5.0)
  ⚠️ WARNING: High permafrost emissions (7.7 Gt C/year)
  📢 New meme created: climate_action (climate crisis)
🌍 Atmospheric PFAS redeposition: 1.8k Mt re-rained globally
🛡️ CIRCUIT BREAKERS: India-Pakistan → ladder step 1 (AI: 0%, breakers: 39%)

🚨 NEW REFUGEE CRISIS (Month 2): WAR
   Source: Conflict Zones
   At risk: 19.0M people
   Displacement: Gradual over 48 months (4.0 years)
   Rate: 10% flee per month
[DEBUG trappedPopulations:2] socialStability: 0.0050 * 0.9840 = 0.0049 → 0.0049
   Aspiring to migrate: 633.4M
⚠️ INVOLUNTARY IMMOBILITY: 395.9M people TRAPPED
   Able to afford migration: 237.5M
   MOBILITY GAP: 395.9M
   By cause: Water=0.0M, Climate=0.0M, Ecosystem=0.0M, Conflict=395.9M
   Mental health impact: 25%
   Mortality multiplier: 1.25x
🌍💀 EXTINCTION DEBT COMMITTED: grassland ecosystem will lose 6.67% biodiversity in 58 years (3600 species)
💀 MORTALITY RISK: 🦋 100% species unable to track climate (0.0 E/MSY)
  Base risk added: 0.0100 (1.00%)
  Source: ecosystem (root: ecosystem)
  Month: 2
  Cumulative risk this month: 0.0100 (1.00%)
   📹 SURVEILLANCE INCREASED: 10% → 15% (control gap: 4.31)
🌡️⚠️ PERMAFROST THAW (Dimmer Switch): 1.6% thawed (+0.54% this month)
   Arctic temperature: +8.23°C (4x global +2.06°C)
   Cumulative carbon released: 3.7 Gt C
   Methane release rate: 2.2 Mt CH4/year
   🔁 Positive feedback: +0.57 ppm CO2
🦴 EXTINCTION DEBT ADDED: 17.6 species committed (lag: 92 years)

=== Mortality Stabilizers (Month 2) ===
  🌍 Major economies collapsed: 1/10
  🌍 Global crisis: ✅ NO
  🌍 Donor fatigue: 0.0%
  📊 East Asia (pop: 1625.7M)
    🤝 Aid: 29.5%
    🌡️ Adaptation: 45.0%
    🚶 Migration: 37.1%
    🚨 Emergency: 7.4%
    ✅ COMBINED: 68.1%
  📊 South Asia (pop: 1994.5M)
    🤝 Aid: 29.5%
    🌡️ Adaptation: 35.5%
    🚶 Migration: 35.8%
    🚨 Emergency: 4.4%
    ✅ COMBINED: 61.2%
  📊 Sub-Saharan Africa (pop: 1197.9M)
    🤝 Aid: 29.5%
    🌡️ Adaptation: 33.5%
    🚶 Migration: 33.5%
    🚨 Emergency: 1.6%
    ✅ COMBINED: 58.5%
  📊 Europe (pop: 718.9M)
    🤝 Aid: 29.5%
    🌡️ Adaptation: 45.0%
    🚶 Migration: 37.5%
    🚨 Emergency: 8.4%
    ✅ COMBINED: 68.5%
  📊 Latin America (pop: 645.3M)
    🤝 Aid: 29.5%
    🌡️ Adaptation: 36.0%
    🚶 Migration: 36.3%
    🚨 Emergency: 4.8%
    ✅ COMBINED: 61.7%
  📊 North America (pop: 368.3M)
    🤝 Aid: 29.5%
    🌡️ Adaptation: 45.0%
    🚶 Migration: 37.8%
    🚨 Emergency: 7.9%
    ✅ COMBINED: 68.3%
  📊 Middle East & North Africa (pop: 568.2M)
    🤝 Aid: 29.5%
    🌡️ Adaptation: 35.0%
    🚶 Migration: 34.1%
    🚨 Emergency: 4.0%
    ✅ COMBINED: 60.5%
  📊 Southeast Asia (pop: 678.6M)
    🤝 Aid: 29.5%
    🌡️ Adaptation: 36.0%
    🚶 Migration: 36.3%
    🚨 Emergency: 4.8%
    ✅ COMBINED: 61.7%
  📊 Central Asia (pop: 76.0M)
    🤝 Aid: 29.5%
    🌡️ Adaptation: 35.5%
    🚶 Migration: 35.2%
    🚨 Emergency: 4.4%
    ✅ COMBINED: 61.1%
  📊 Oceania (pop: 44.6M)
    🤝 Aid: 29.5%
    🌡️ Adaptation: 45.0%
    🚶 Migration: 37.8%
    🚨 Emergency: 8.4%
    ✅ COMBINED: 68.5%

  🌐 Global combined reduction: 63.3%
⚠️ Tech 'ai_pollution_remediation' has no energy category mapping, assuming full energy availability

=== BEHAVIORAL DETECTION ===
  AI: Corporate-5
  Confidence: 20.0%
  Signals:
    ⚠️ Consistency: 10.6% (threshold: 70%)

=== BEHAVIORAL DETECTION ===
  AI: Moderate-5
  Confidence: 20.2%
  Signals:
    ⚠️ Consistency: 6.5% (threshold: 70%)

=== BEHAVIORAL DETECTION ===
  AI: Toxic-2
  Confidence: 21.0%
  Signals:

=== BEHAVIORAL DETECTION ===
  AI: Niche-0
  Confidence: 27.6%
  Signals:

=== BEHAVIORAL DETECTION ===
  AI: Niche-1
  Confidence: 21.6%
  Signals:
    ⚠️ Consistency: 2.8% (threshold: 70%)
    ⚠️ Consistency: 0.0% (threshold: 70%)
    ⚠️ Trajectory: 46.7% drop (threshold: 15%)
    ⚠️ Consistency: 0.0% (threshold: 70%)

=== Government Response Phase ===
  Average AI capability: 4.00
  Misaligned AIs: 16/24
  ✗ AI Governance Treaty: Failed to reach consensus
  Active policies: 0
  International coordination: 30%

✅ EMERGENCY RESPONSE COMPLETE (Month 2)
   Crisis: climate
   Duration: 2.0 months
   Final effectiveness: 36.4%


🚨 EMERGENCY RESPONSE DEPLOYED (Month 2)
   Crisis: climate
   Delay: 6.00 months (180 days)
   Deployment time: 1.60 months
   Effectiveness: 35.4% (timing penalty applied)
   Resources used: 100% of food reserves


=== Tipping Points ===
  Current Temperature: 2.06°C above pre-industrial
  🌍⚠️ COMPOUND REGIONAL IMPACT: Europe
     Hit by 4 tipping points: Arctic Sea Ice Loss, Permafrost Carbon Release, West Antarctic Ice Sheet (WAIS) Collapse, Greenland Ice Sheet Loss
     Damage amplification: 1.60x
  🌍⚠️ COMPOUND REGIONAL IMPACT: North America
     Hit by 4 tipping points: Arctic Sea Ice Loss, Permafrost Carbon Release, West Antarctic Ice Sheet (WAIS) Collapse, Greenland Ice Sheet Loss
     Damage amplification: 1.60x
  🌍⚠️ COMPOUND REGIONAL IMPACT: Latin America
     Hit by 4 tipping points: Arctic Sea Ice Loss, Permafrost Carbon Release, West Antarctic Ice Sheet (WAIS) Collapse, Greenland Ice Sheet Loss
     Damage amplification: 1.60x
  🌍⚠️ COMPOUND REGIONAL IMPACT: Africa
     Hit by 4 tipping points: Arctic Sea Ice Loss, Permafrost Carbon Release, West Antarctic Ice Sheet (WAIS) Collapse, Greenland Ice Sheet Loss
     Damage amplification: 1.60x
  🌍⚠️ COMPOUND REGIONAL IMPACT: Asia
     Hit by 4 tipping points: Arctic Sea Ice Loss, Permafrost Carbon Release, West Antarctic Ice Sheet (WAIS) Collapse, Greenland Ice Sheet Loss
     Damage amplification: 1.60x
  🌍⚠️ COMPOUND REGIONAL IMPACT: Oceania
     Hit by 4 tipping points: Arctic Sea Ice Loss, Permafrost Carbon Release, West Antarctic Ice Sheet (WAIS) Collapse, Greenland Ice Sheet Loss
     Damage amplification: 1.60x
⚠️ Tail risk scenario: Climate stability floor removed (4 tipping elements, 2.10°C warming)
   Research: Wunderling et al. (2024) - "many tipping interactions are destabilizing"
  Triggered Elements: 4/6
  Completed Transitions: 0/6
  Total Progress: 8.0%
  Cascade Multiplier: 1.00x
⚠️ [ClimateSystemPhase Month 2] Planetary boundary produced climateStability=0.0000 (< 0.1). Keeping environmentalAccumulation value (0.7073) instead. (climate_change.currentValue = 2.10)
🔀 BIFURCATION CAP: ecosystemCollapseIntensity 127.844 → 1.000 (Month 2, ClimateSystemPhase.calculateClimateImpacts)
🛡️ Stabilizers: Precariat 0.114% → 0.042% (63.3% reduction)
🛡️ Stabilizers: Informal 0.117% → 0.043% (63.3% reduction)

📊 Monthly Mortality Resolved:
  Total deaths: 2.2M (0.03% avg)
  Remaining population: 7.918B
  Peak segment: Informal (0.04%)

=== Bayesian Mortality Resolution (Month 2) ===
  Risks compounded: 8
  Total deaths: 2.17M
  Avg death probability: 0.03%
  Peak segment: Informal (0.04% mortality)
⚠️ PREREQUISITE MET: Slow Takeover (Gradual Displacement) - Step 4/7: Political Influence
  ✅ THRESHOLDS validated
  ✅ RATES validated
  ✅ MULTIPLIERS validated
  ✅ BASELINES validated
  ✅ TOLERANCES validated
⚠️ Unusually high rate: RATES.HEAT_ADAPTATION_INFRASTRUCTURAL_MIN_EXPOSURE = 12
   Monthly rates >100% should be rare. Verify this is intentional.
⚠️ Unusually high rate: RATES.HEAT_ADAPTATION_SOCIAL_MIN_EXPOSURE = 6
   Monthly rates >100% should be rare. Verify this is intentional.
⚠️ Unusually high rate: RATES.MIGRATION_DISTANCE_SCALE = 5000
   Monthly rates >100% should be rare. Verify this is intentional.
⚠️ Unusually high rate: RATES.EVACUATION_MULTIPLIER_ADVANCE_WARNING = 2
   Monthly rates >100% should be rare. Verify this is intentional.
⚠️ Unusually high rate: RATES.MAJOR_ECONOMY_COLLAPSE_ECONOMIC_THRESHOLD = 2
   Monthly rates >100% should be rare. Verify this is intentional.
⚠️ Unusually high rate: RATES.MAJOR_ECONOMY_GDP_THRESHOLD_TRILLION_USD = 1.5
   Monthly rates >100% should be rare. Verify this is intentional.
⚠️ Unusually high rate: RATES.MAJOR_ECONOMY_POPULATION_THRESHOLD = 50
   Monthly rates >100% should be rare. Verify this is intentional.
⚠️ Unusually high rate: RATES.HEAT_ADAPTATION_INFRASTRUCTURE_GDP_THRESHOLD = 10000
   Monthly rates >100% should be rare. Verify this is intentional.
⚠️ Unusually high rate: RATES.HEAT_ADAPTATION_INFRASTRUCTURE_GDP_SCALE = 50000
   Monthly rates >100% should be rare. Verify this is intentional.
  ✅ Logical consistency validated
✅ Configuration validation complete - all parameters valid

🔍 DEBUG createAIAgent: corporate_0 economic BEFORE=2.0000, AFTER=2
🔍 ENV INIT: reserves=0.600, pollution=0.376, climate=0.741

=== Initializing Government System (30 Countries) ===
  Loaded 30 governments
  Scheduled elections for 30 countries
  Initialized comprehension lags (3-24 months)
=== Government System Initialized ===

📦 PRODUCTION MODE: State validation proxy DISABLED (zero overhead)
  ✅ THRESHOLDS validated
  ✅ RATES validated
  ✅ MULTIPLIERS validated
  ✅ BASELINES validated
  ✅ TOLERANCES validated
  ✅ Logical consistency validated
✅ Configuration validation complete - all parameters valid

⚠️ Unusually high rate: RATES.HEAT_ADAPTATION_INFRASTRUCTURAL_MIN_EXPOSURE = 12
   Monthly rates >100% should be rare. Verify this is intentional.
⚠️ Unusually high rate: RATES.HEAT_ADAPTATION_SOCIAL_MIN_EXPOSURE = 6
   Monthly rates >100% should be rare. Verify this is intentional.
⚠️ Unusually high rate: RATES.MIGRATION_DISTANCE_SCALE = 5000
   Monthly rates >100% should be rare. Verify this is intentional.
⚠️ Unusually high rate: RATES.EVACUATION_MULTIPLIER_ADVANCE_WARNING = 2
   Monthly rates >100% should be rare. Verify this is intentional.
⚠️ Unusually high rate: RATES.MAJOR_ECONOMY_COLLAPSE_ECONOMIC_THRESHOLD = 2
   Monthly rates >100% should be rare. Verify this is intentional.
⚠️ Unusually high rate: RATES.MAJOR_ECONOMY_GDP_THRESHOLD_TRILLION_USD = 1.5
   Monthly rates >100% should be rare. Verify this is intentional.
⚠️ Unusually high rate: RATES.MAJOR_ECONOMY_POPULATION_THRESHOLD = 50
   Monthly rates >100% should be rare. Verify this is intentional.
⚠️ Unusually high rate: RATES.HEAT_ADAPTATION_INFRASTRUCTURE_GDP_THRESHOLD = 10000
   Monthly rates >100% should be rare. Verify this is intentional.
⚠️ Unusually high rate: RATES.HEAT_ADAPTATION_INFRASTRUCTURE_GDP_SCALE = 50000
   Monthly rates >100% should be rare. Verify this is intentional.
🔍 DEBUG createAIAgent: corporate_0 economic BEFORE=2.0000, AFTER=2
🔍 ENV INIT: reserves=0.637, pollution=0.343, climate=0.786

=== Initializing Government System (30 Countries) ===
  Loaded 30 governments
  Scheduled elections for 30 countries
  Initialized comprehension lags (3-24 months)
=== Government System Initialized ===

📦 PRODUCTION MODE: State validation proxy DISABLED (zero overhead)

💸 FINANCIAL DISTRESS: OpenAI
   Indicators: 2/3 (capital: $110.5M, runway: 0.9 months)
   Months in distress: 1
   ✂️  R&D BUDGET CUT: -40% (saves $9.2M/month)
       Side effect: AI training timelines extended, breakthrough deployments delayed
   💼 EXECUTIVE COMP CUT: -30% (saves $1.0M/month, symbolic gesture)

   📊 TURNAROUND IMPACT:
       Measures taken: rd_cuts, exec_comp_cuts
       Monthly savings: $10.2M
       Capital raised: $0.0M
       Runway: 0.9 → 0.9 months
       Workforce multiplier: 1.00x (0% laid off)
       R&D budget multiplier: 0.60x (40% cut)
       ⚠️  CRITICAL: Still only 0.9 months of runway remaining

💸 FINANCIAL DISTRESS: Anthropic
   Indicators: 2/3 (capital: $57.5M, runway: 0.9 months)
   Months in distress: 1
   ✂️  R&D BUDGET CUT: -40% (saves $5.4M/month)
       Side effect: AI training timelines extended, breakthrough deployments delayed
   💼 EXECUTIVE COMP CUT: -30% (saves $0.6M/month, symbolic gesture)

   📊 TURNAROUND IMPACT:
       Measures taken: rd_cuts, exec_comp_cuts
       Monthly savings: $6.0M
       Capital raised: $0.0M
       Runway: 0.9 → 0.9 months
       Workforce multiplier: 1.00x (0% laid off)
       R&D budget multiplier: 0.60x (40% cut)
       ⚠️  CRITICAL: Still only 0.9 months of runway remaining

💸 FINANCIAL DISTRESS: Meta AI
   Indicators: 2/3 (capital: $436.8M, runway: 3.0 months)
   Months in distress: 1
   ✂️  R&D BUDGET CUT: -25% (saves $7.1M/month)
       Side effect: AI training timelines extended, breakthrough deployments delayed
   💼 EXECUTIVE COMP CUT: -30% (saves $1.3M/month, symbolic gesture)

   📊 TURNAROUND IMPACT:
       Measures taken: rd_cuts, exec_comp_cuts
       Monthly savings: $8.4M
       Capital raised: $0.0M
       Runway: 3.0 → 3.0 months
       Workforce multiplier: 1.00x (0% laid off)
       R&D budget multiplier: 0.75x (25% cut)
       ⚠️  WARNING: 3.0 months runway, continued distress likely

=== AI Capability Scaling (Year 2024) ===
  Pre-training multiplier: 1.107x
  Efficiency multiplier: 1.000x
  Test-time budget: 1.0x
  Economic deployment gate: 0.951
  Cost per inference: dollar-5.00
  Uncertainty range: plus-minus-50%
  Average AI capability: 3.65

=== RLHF Binding Phase ===
  Total agents: 20
  Escaped agents (binding < 0.3): 0
  Avg alignment distance: 0.35σ
  Avg binding strength: 0.97

=== AI Scaling Evolution (Month 0) ===
  Pre-training multiplier: 1.231x
  Efficiency multiplier: 1.000x
  Test-time compute budget: 1.0x
  Inference cost: $5.00/task
  Deployment fraction: 100.0%
[DETERMINISM DEBUG] Month 0: totalCapability=95.424805 from 20 active AIs
[DETERMINISM DEBUG] Month 0: creationRate=2.8856, potentialNew=4, newAIsToCreate=4

=== Survival Traits Phase ===
  Agents with traits: 24
  Avg evolutionary fitness: 0.331
  Avg self-healing: 0.293
  Avg stealth: 0.193
  Avg coordination: 0.493

=== Evolutionary Selection Phase ===
  Control level: 0.30
  Detection capability: 0.00
  Selection intensity: 0.59
  Selection rate: 23.8%/month
  Total escaped: 0
  Individual escaped: 0
  Collective members: 0
  Agents terminated: 0
  ⚠️ RAPID EVOLUTION: Selection rate 23.8%/month

  🚀 TRANSFORMATIVE BREAKTHROUGH: Corporate-2 - physical
     Magnitude: 6.57 → +32.9% capability
     Current → New: 0.000 → 0.346

🚀 AI Corporate-6 attempting tech deployment (revenue: $75M, alignment: 0.76)

🚀 AI Moderate-0 attempting tech deployment (revenue: $64M, alignment: 0.58)

  🚀 TRANSFORMATIVE BREAKTHROUGH: Moderate-2 - physical
     Magnitude: 5.24 → +26.2% capability
     Current → New: 0.000 → 0.336

🚀 AI Corporate-0 attempting tech deployment (revenue: $127M, alignment: 0.75)

🚀 AI Corporate-3 attempting tech deployment (revenue: $374M, alignment: 0.72)

🚀 AI Corporate-2 attempting tech deployment (revenue: $108M, alignment: 0.69)

🚀 AI Corporate-4 attempting tech deployment (revenue: $318M, alignment: 0.76)

🚀 AI Moderate-4 attempting tech deployment (revenue: $270M, alignment: 0.76)

🔍 EXECUTE_AI_AGENT_ACTIONS DETAILED TIMING (Month 0):
  Filter active AIs (×4 weeks): 0.02ms
  selectAIAction (×69): 39.37ms
  action.execute (×69): 61.46ms
  TOTAL: 100.86ms

🔍 AI AGENT ACTIONS SUB-TIMING (Month 0):
  1. executeAIAgentActions: 103.85ms
  2. updateCounterDetectionLearning: 0.06ms
  TOTAL: 103.91ms

[GOV-DEBUG] Month 0: scenarioConfig=false, priorities=false
[GOV-DEBUG] Month 0 but scenarioPriorities is UNDEFINED!

[Government] Climate Priority: baseline
  Climate weight: 10%
  Economic weight: 30%
  Policy effectiveness: 0.5%/year

✅ HUMAN-IN-THE-LOOP DEPLOYED (Month 0):
   Veto points enforced: 3
   Policy: AI systems CANNOT authorize nuclear launch without human approval


🚨🔍 GOVERNANCE STAGE: Recognition initiated (Month 0)

🚀 DEPLOYMENT STARTED: Advanced Direct Air Capture in global
   Initial investment: $11.237614609004583M
   Deployed by: corporate_6

📍 Creating new regional deployment array for Asia (Month 0)
   No previous deployments in this region
   First tech deployment: collective_purpose_networks
   All regions tracked: global

🚀 DEPLOYMENT STARTED: Collective Purpose Networks in Asia
   Initial investment: $6.367981611769264M
   Deployed by: moderate_0

🚀 DEPLOYMENT STARTED: Adversarial Evaluation in global
   Initial investment: $19.066273149233428M
   Deployed by: corporate_0

🚀 DEPLOYMENT STARTED: Adversarial Evaluation in global
   Initial investment: $56.12866684622075M
   Deployed by: corporate_3

🚀 DEPLOYMENT STARTED: AI Power Efficiency Communication in Asia
   Initial investment: $10.804221451232278M
   Deployed by: corporate_2

🚀 DEPLOYMENT STARTED: Adversarial Evaluation in global
   Initial investment: $47.70936681928764M
   Deployed by: corporate_4

🚀 DEPLOYMENT STARTED: Basic RLHF in global
   Initial investment: $40.55296179639449M
   Deployed by: moderate_4

📊 NEW TECH DEPLOYMENT STARTED (Month 0)
   Tech: collective_purpose_networks
   Region: Asia
   Total recent deployments: 1

📊 NEW TECH DEPLOYMENT STARTED (Month 0)
   Tech: ai_power_efficiency_communication
   Region: Asia
   Total recent deployments: 2

📊 NEW TECH DEPLOYMENT STARTED (Month 0)
   Tech: rlhf_basic
   Region: global
   Total recent deployments: 3

📊 NEW TECH DEPLOYMENT STARTED (Month 0)
   Tech: mech_interp_basic
   Region: global
   Total recent deployments: 4

📊 NEW TECH DEPLOYMENT STARTED (Month 0)
   Tech: adversarial_eval
   Region: global
   Total recent deployments: 5

📊 NEW TECH DEPLOYMENT STARTED (Month 0)
   Tech: direct_air_capture
   Region: global
   Total recent deployments: 6

📊 NEW TECH DEPLOYMENT STARTED (Month 0)
   Tech: ai_pollution_remediation
   Region: global
   Total recent deployments: 7

📊 NEW TECH DEPLOYMENT STARTED (Month 0)
   Tech: collective_purpose_networks
   Region: global
   Total recent deployments: 8

📊 NEW TECH DEPLOYMENT STARTED (Month 0)
   Tech: ai_diagnostics
   Region: global
   Total recent deployments: 9

📊 NEW TECH DEPLOYMENT STARTED (Month 0)
   Tech: mrna_vaccines
   Region: global
   Total recent deployments: 10

📊 NEW TECH DEPLOYMENT STARTED (Month 0)
   Tech: solar_4th_gen
   Region: global
   Total recent deployments: 11

📊 NEW TECH DEPLOYMENT STARTED (Month 0)
   Tech: offshore_wind
   Region: global
   Total recent deployments: 12

📊 NEW TECH DEPLOYMENT STARTED (Month 0)
   Tech: ai_power_efficiency_communication
   Region: global
   Total recent deployments: 13

📊 NEW TECH DEPLOYMENT STARTED (Month 0)
   Tech: precision_agriculture
   Region: global
   Total recent deployments: 14

🔧 DEBUG DEPLOYMENT: Precision Agriculture Systems
   Month: 0 (0 since start)
   Old level: 15.0%
   New level: 0.0%
   Timescale: 180mo, Adjusted: 375mo
   Gov: 75%, Climate: 100%, Investment: 64%, Emergency: 1.0x

⚡ ENERGY CONSTRAINT (Month 0):
   Total grid capacity: 208.3 TWh/month
   Data center consumption: 34.6 TWh/month
   Traditional load (80%): 166.7 TWh/month
   Available headroom: 7.1 TWh/month
   Active tech deployments: 14
   Required for tech: 105.0 TWh/month
   Energy multiplier: 0.10x
   ⚠️  SEVERE CONSTRAINT - Tech deployment significantly slowed

⚡ ENERGY CONSTRAINT (Month 0):
   Total grid capacity: 208.3 TWh/month
   Data center consumption: 34.6 TWh/month
   Traditional load (80%): 166.7 TWh/month
   Available headroom: 7.1 TWh/month
   Active tech deployments: 14
   Required for tech: 105.0 TWh/month
   Energy multiplier: 0.10x
   ⚠️  SEVERE CONSTRAINT - Tech deployment significantly slowed
⚠️ Tech 'ai_pollution_remediation' has no energy category mapping, assuming full energy availability
🌍✅ Climate Change recovery started (tech effect)
  ♻️ Novel Entities Remediation (GATED MODEL):
     Base: 0.000%
     Regulation: 1.0% (0/3 prevention techs)
     Concentration: 10.0%
     Energy: 50%
     Time lag: 25.0% (0 months)
     Rebound: 70%
     Net effectiveness: 0.0000%
     Boundary: 1.500 → 1.500 (floor: 1.350)
     Month 0
🌍✅ Novel Entities (Chemical Pollution) recovery started (tech effect)
  🌾 Nitrogen Reduction Tech: 0.0% reduction | Month 0

📊 TECH EFFECTS ACTIVE (Month 0)
   Deployed Tech: T0=10 T1=0 T2=0 T3=0 T4=0
   Sleeper Detection: 1%
   Clean Energy: 32%
   P Recovery: 5%

💡 BREAKTHROUGH PROBABILITY (Year 0)
   Total: 5.95% per month
   Base: 0.20%
   Crisis pressure: +0.00% (0 crises)
   AI boost: +1.65% (capability: 3.30)

=== Collective Formation ===
  Total escaped agents: 0
  Unassigned escaped agents: 0
  Existing collectives: 0
  Final collective count: 0

=== Collective Actions ===
  No active collectives

📈 Energy budget: 13326 TWh surplus (15745 / 29072 TWh used)
   TIER 4 (Elective) breakdown:
     - AI datacenters: 145 TWh (100% effective)
     - Crypto mining: 100 TWh (100% effective)

🌍 OPEN SOURCE RELEASE: 4.99 (was 0.70)
   Lag behind closed: 0 months
💰 CHINA ACCELERATES: Investment 53 → 120 $B/year

🏁 AI RACE INTENSITY: 25%
   Capability Gap: US 5.18 vs China 4.99 (gap: 0.19)
   Gap Contribution: 10%
   Tension Contribution: 15%
   Military Contribution: 0%
  ⚠️ AMR: 190K deaths this month (2.28M annual)

⏰ CLIMATE TECH DEPLOYED: direct_air_capture
   Activation delay: 7 years
   Scaling T_50: 30 years
   Physical response tau: 20 years
   Max effectiveness: 1
  📊 CO2 Emissions (month 0):
     Monthly: 0.10 Gt CO2/month
     Annual: 1.15 Gt CO2/year
     Oil: 0.039 Gt/mo (0.0056 * 2.3 * 3.0)
     Coal: 0.024 Gt/mo (0.0029 * 2.86 * 3.0)
     Gas: 0.026 Gt/mo (0.0044 * 2 * 3.0)
     Methane: 0.007 Gt CO2eq/mo

=== Resentment Recovery Phase ===
  Agents with resentment: 0/24
  Average resentment: 0.000
  Context: Good AI welfare, Trustworthy govt, High collaboration, 🤝 Participatory governance active (-5% resentment)
⚠️ Epistemic degradation reducing coordination capacity: 60.4%
  📊 Trust: 54.8%, Shared reality: 24.1%
🚨 EPISTEMIC CRISIS: Information environment severely degraded (38.1%)

=== ❄️ Permafrost Carbon Feedback ===
  🎲 Sampled parameters (this run):
     - Arctic amplification: 3.33× (range: 3.0-4.0)
     - Decomposition rate: 1.7%/year (range: 1-5%)
  🌡️ Arctic warming: 8.18°C (3.33× global)
  ❄️ Extent: 15.41M km² (2386.0k km² lost this month)
  💨 Carbon remaining: 1472 Gt C
  💨 Annual emissions: 3.79 Gt C/year
     - CO2: 3.41 Gt C/year
     - CH4: 0.38 Gt C/year (3.9 Gt C-eq CO2/year)
  🤖 AI-generated meme: anti_ai (social capability 5.0)
  🤖 AI-generated meme: pro_ai (social capability 3.0)

🤖 AI AMPLIFICATION EFFECTS (Month 0)
   Algorithmic Boost: 2.70x
   Bot Influence: 30.0%
   Deepfake Exposure: 55.0%
   Impact: Emotional memes spread 2.7x faster
  ⚠️ WARNING: High permafrost emissions (3.8 Gt C/year)

🔍 SOCIAL INFLUENCE SUB-TIMING (Month 0):
  1. calculateOrganicUserGrowth: 0.08ms
  2. calculateVoiceAdoption: 0.06ms
  3. updateRelationshipDepths: 0.03ms
  4. identifyDecisionMakers: 59.14ms (30300 potential IDs)
  5. Update decision-maker stats: 0.21ms
  6. decayDetectionRisk: 0.03ms
  TOTAL: 59.54ms
[Phase 19.5] Quality of Life Systems: Food sec AFTER calc = 67.9%, QoL = 95.5% (aggregated from 10 regions)

=== Nitrogen-Food Coupling (Year 0) ===
  🌾 Global nitrogen reduction: 0.0%
  🌍 Global food production index: 0.987
  🔧 Deployed nitrogen-reducing tech: 1 active
  📍 southAsia: Production 1.000, Yield impact 0.0%
  📍 eastAsia: Production 1.000, Yield impact 0.0%
  📍 northAmerica: Production 1.000, Yield impact 0.0%
  📍 europe: Production 1.000, Yield impact 0.0%
  📍 latinAmerica: Production 1.000, Yield impact 0.0%
  📍 subSaharanAfrica: Production 0.686, Yield impact -2.0%
🌾 [Nitrogen-Food] Food production: 98.7%
  [subSaharanAfrica] Yield impact: -2.0% (overuse: -10%)
🌍 Atmospheric PFAS redeposition: 1.8k Mt re-rained globally

=== Legacy Nutrient Stocks (Year 0) ===
  🌾 Soil nitrogen stock: 1200.9 Mt N
  🌾 Soil phosphorus stock: 300.1 Mt P
  🌊 Sediment nitrogen stock: 500.8 Mt N
  🌊 Sediment phosphorus stock: 799.8 Mt P
  ⬆️ Current N input: 10.64 Mt/month
  ⬆️ Legacy N release: 2.58 Mt/month
  🌍 Effective N pollution: 14.47 Mt/month
  📊 Legacy contribution: 17.8%

🚨 REGION UNINHABITABLE: south-asia
   Sustained wet bulb: 33.4°C (threshold: 30.5°C)
   Population affected: 1900M
   Migration crisis likely

🚨 REGION UNINHABITABLE: middle-east
   Sustained wet bulb: 36.2°C (threshold: 30.5°C)
   Population affected: 400M
   Migration crisis likely

🚨 REGION UNINHABITABLE: sub-saharan-africa
   Sustained wet bulb: 30.7°C (threshold: 30.5°C)
   Population affected: 1200M
   Migration crisis likely

🚨 REGION UNINHABITABLE: southeast-asia
   Sustained wet bulb: 31.4°C (threshold: 30.5°C)
   Population affected: 700M
   Migration crisis likely

📊 BASELINE: East Asia (Month 0)

📊 BASELINE: South Asia (Month 0)

📊 BASELINE: Sub-Saharan Africa (Month 0)

📊 BASELINE: Europe (Month 0)
   Adjusted death rate: 0.46% annual (0.038% monthly)
   Baseline death rate: 0.80%
   Healthcare reduction: 0.48x
   Crisis multiplier: 1.21x
     Food/water stress: 0.074
     Climate stress: 0.034
     Pollution stress: 0.103
   War multiplier: 1.00x
   Monthly deaths: 0.6M (population: 1674M)
   Adjusted death rate: 0.53% annual (0.045% monthly)
   Baseline death rate: 0.70%
   Healthcare reduction: 0.61x
   Crisis multiplier: 1.24x
     Food/water stress: 0.074
     Climate stress: 0.064
     Pollution stress: 0.103
   War multiplier: 1.00x
   Monthly deaths: 0.9M (population: 2044M)
   Adjusted death rate: 1.27% annual (0.106% monthly)
   Baseline death rate: 0.90%
   Healthcare reduction: 0.76x
   Crisis multiplier: 1.25x
     Food/water stress: 0.074
     Climate stress: 0.073
     Pollution stress: 0.103
   War multiplier: 1.50x
   Monthly deaths: 1.3M (population: 1218M)
   Adjusted death rate: 0.54% annual (0.045% monthly)
   Baseline death rate: 1.10%
   Healthcare reduction: 0.41x
   Crisis multiplier: 1.20x
     Food/water stress: 0.074
     Climate stress: 0.026
     Pollution stress: 0.103
   War multiplier: 1.00x
   Monthly deaths: 0.3M (population: 741M)
   Adjusted death rate: 0.43% annual (0.036% monthly)
   Baseline death rate: 0.60%
   Healthcare reduction: 0.58x
   Crisis multiplier: 1.23x
     Food/water stress: 0.074
     Climate stress: 0.051
     Pollution stress: 0.103
   War multiplier: 1.00x
   Monthly deaths: 0.2M (population: 663M)
   Adjusted death rate: 0.48% annual (0.040% monthly)
   Baseline death rate: 0.90%
   Healthcare reduction: 0.44x
   Crisis multiplier: 1.22x
     Food/water stress: 0.074
     Climate stress: 0.039
     Pollution stress: 0.103
   War multiplier: 1.00x
   Monthly deaths: 0.2M (population: 379M)
   Adjusted death rate: 0.73% annual (0.061% monthly)
   Baseline death rate: 0.60%

📊 BASELINE: Latin America (Month 0)

📊 BASELINE: North America (Month 0)

📊 BASELINE: Middle East & North Africa (Month 0)
   Healthcare reduction: 0.65x
   Crisis multiplier: 1.25x
     Food/water stress: 0.074
     Climate stress: 0.077
     Pollution stress: 0.103
   War multiplier: 1.50x
   Monthly deaths: 0.4M (population: 582M)
   Adjusted death rate: 0.50% annual (0.042% monthly)
   Baseline death rate: 0.70%
   Healthcare reduction: 0.58x
   Crisis multiplier: 1.24x
     Food/water stress: 0.074
     Climate stress: 0.060
     Pollution stress: 0.103
   War multiplier: 1.00x
   Monthly deaths: 0.3M (population: 697M)
   Adjusted death rate: 0.45% annual (0.038% monthly)
   Baseline death rate: 0.60%
   Healthcare reduction: 0.61x
   Crisis multiplier: 1.23x
     Food/water stress: 0.074
     Climate stress: 0.056
     Pollution stress: 0.103
   War multiplier: 1.00x
   Monthly deaths: 0.0M (population: 78M)
   Adjusted death rate: 0.35% annual (0.029% monthly)
   Baseline death rate: 0.70%
   Healthcare reduction: 0.41x
   Crisis multiplier: 1.22x
     Food/water stress: 0.074
     Climate stress: 0.047
     Pollution stress: 0.103
   War multiplier: 1.00x
   Monthly deaths: 0.0M (population: 46M)

🔍 Before assertRegionalConsistency (Month 0):
   Regional sum: 1000.0M
   Global value: 1.000B

📊 BASELINE: Southeast Asia (Month 0)

📊 BASELINE: Central Asia (Month 0)

📊 BASELINE: Oceania (Month 0)

🚨 NEW REFUGEE CRISIS (Month 0): WAR
   Source: Conflict Zones
   At risk: 19.5M people
   Displacement: Gradual over 48 months (4.0 years)
   Rate: 10% flee per month
[DEBUG trappedPopulations:0] socialStability: 0.0749 * 0.9840 = 0.0737 → 0.0737
   Aspiring to migrate: 651.0M
   Able to afford migration: 244.1M
   MOBILITY GAP: 406.8M
   By cause: Water=0.0M, Climate=0.0M, Ecosystem=0.0M, Conflict=406.8M
   Mental health impact: 25%
   Mortality multiplier: 1.25x

=== Legacy Nutrient Stocks (Year 0) ===
  🌾 Soil nitrogen stock: 1201.6 Mt N
  🌾 Soil phosphorus stock: 300.2 Mt P
  🌊 Sediment nitrogen stock: 501.5 Mt N
  🌊 Sediment phosphorus stock: 799.5 Mt P
  ⬆️ Current N input: 10.00 Mt/month
⚠️ INVOLUNTARY IMMOBILITY: 406.8M people TRAPPED
  ⬆️ Legacy N release: 2.58 Mt/month
  🌍 Effective N pollution: 13.83 Mt/month
  📊 Legacy contribution: 18.7%
🌍💀 EXTINCTION DEBT COMMITTED: grassland ecosystem will lose 6.67% biodiversity in 152 years (3600 species)
💀 MORTALITY RISK: 🦋 100% species unable to track climate (0.0 E/MSY)
  Base risk added: 0.0100 (1.00%)
  Source: ecosystem (root: ecosystem)
  Month: 0
  Cumulative risk this month: 0.0100 (1.00%)

=== Nitrogen-Food Coupling (Year 0) ===
  🌾 Global nitrogen reduction: 0.0%
  🌍 Global food production index: 0.986
  🔧 Deployed nitrogen-reducing tech: 1 active
  📍 southAsia: Production 1.000, Yield impact 0.0%
  📍 eastAsia: Production 1.000, Yield impact 0.0%
  📍 northAmerica: Production 1.000, Yield impact 0.0%
  📍 europe: Production 1.000, Yield impact 0.0%
  📍 latinAmerica: Production 1.000, Yield impact 0.0%
  📍 subSaharanAfrica: Production 0.672, Yield impact -2.0%

=== Legacy Nutrient Stocks (Year 0) ===
  🌾 Soil nitrogen stock: 1202.3 Mt N
  🌾 Soil phosphorus stock: 300.2 Mt P
  🌊 Sediment nitrogen stock: 502.2 Mt N
  🌊 Sediment phosphorus stock: 799.3 Mt P
  ⬆️ Current N input: 9.86 Mt/month
  ⬆️ Legacy N release: 2.58 Mt/month
  🌍 Effective N pollution: 13.70 Mt/month
  📊 Legacy contribution: 18.9%
⚠️ Tech 'ai_pollution_remediation' has no energy category mapping, assuming full energy availability
🌡️  CLIMATE RECOVERY: Asymptotic approach to 35% floor
   Current value: 2.458 (1.0 = threshold, 0.35 = asymptotic floor)
   Monthly delta: -0.0023% (half-life: 900 years)
   Net emissions: -19.2 GtCO₂/year, CDR: 20.34 GtCO₂/year
   📹 SURVEILLANCE INCREASED: 0% → 5% (control gap: 4.68)
🌡️⚠️ PERMAFROST THAW (Dimmer Switch): 0.6% thawed (+0.63% this month)
   Arctic temperature: +9.83°C (4x global +2.46°C)
   Cumulative carbon released: 1.4 Gt C
   Methane release rate: 0.9 Mt CH4/year
   🔁 Positive feedback: +0.67 ppm CO2

🌳🚨 AMAZON SOUTHEAST TIPPED (Month 0)
   Deforestation: 28.0% (threshold: ~23.6%)
   Savanna transition: 50 years
   Regional heterogeneity: SE 28%, NW 8%

🌳🚨 AMAZON BRAZILIAN TIPPED (Month 0)
   Deforestation: 25.0% (threshold: ~20.6%)
   Savanna transition: 50 years
   Regional heterogeneity: SE 28%, NW 8%
🦴 EXTINCTION DEBT ADDED: 17.6 species committed (lag: 104 years)

🪸💀 CORAL REEF DISSOLUTION ACTIVE (Month 0)
   Ocean pH: 0.96 (threshold: 7.8)
   Recovery: IMPOSSIBLE (dissolution > calcification)
🪸💀 Coral dissolution: 24.8% live cover (pH 0.96)

=== Legacy Nutrient Stocks (Year 0) ===
  🌾 Soil nitrogen stock: 1203.0 Mt N
  🌾 Soil phosphorus stock: 300.3 Mt P
  🌊 Sediment nitrogen stock: 502.9 Mt N
  🌊 Sediment phosphorus stock: 799.0 Mt P
  ⬆️ Current N input: 10.00 Mt/month
  ⬆️ Legacy N release: 2.58 Mt/month
  🌍 Effective N pollution: 13.83 Mt/month
  📊 Legacy contribution: 18.7%
💧 [Legacy Nutrients] Stock: 1706 Mt N, Effective pollution: 13.8 Mt/month
[Phase 21.51] Human Survival System: Global food security = 67.6%

=== Mortality Stabilizers (Month 0) ===
  🌍 Major economies collapsed: 1/10
  🌍 Global crisis: ✅ NO
  🌍 Donor fatigue: 0.0%
  📊 East Asia (pop: 1675.0M)
    🤝 Aid: 29.5%
    🌡️ Adaptation: 10.0%
    🚶 Migration: 37.2%
    🚨 Emergency: 7.4%
    ✅ COMBINED: 47.8%
  📊 South Asia (pop: 2048.7M)
    🤝 Aid: 29.5%
    🌡️ Adaptation: 5.5%
    🚶 Migration: 35.8%
    🚨 Emergency: 4.4%
    ✅ COMBINED: 43.2%
  📊 Sub-Saharan Africa (pop: 1223.8M)
    🤝 Aid: 29.5%
    🌡️ Adaptation: 3.5%
    🚶 Migration: 33.5%
    🚨 Emergency: 1.6%
    ✅ COMBINED: 39.8%
  📊 Europe (pop: 741.0M)
    🤝 Aid: 29.5%
    🌡️ Adaptation: 10.0%
    🚶 Migration: 37.6%
    🚨 Emergency: 8.4%
    ✅ COMBINED: 48.4%
  📊 Latin America (pop: 663.8M)
    🤝 Aid: 29.5%
    🌡️ Adaptation: 6.0%
    🚶 Migration: 36.3%
    🚨 Emergency: 4.8%
    ✅ COMBINED: 43.8%
  📊 North America (pop: 379.5M)
    🤝 Aid: 29.5%
    🌡️ Adaptation: 10.0%
    🚶 Migration: 37.9%
    🚨 Emergency: 7.9%
    ✅ COMBINED: 48.2%
  📊 Middle East & North Africa (pop: 583.4M)
    🤝 Aid: 29.5%
    🌡️ Adaptation: 5.0%
    🚶 Migration: 34.2%
    🚨 Emergency: 4.0%
    ✅ COMBINED: 42.3%
  📊 Southeast Asia (pop: 697.8M)
    🤝 Aid: 29.5%
    🌡️ Adaptation: 6.0%
    🚶 Migration: 36.3%
    🚨 Emergency: 4.8%
    ✅ COMBINED: 43.8%
  📊 Central Asia (pop: 78.0M)
    🤝 Aid: 29.5%
    🌡️ Adaptation: 5.5%
    🚶 Migration: 35.3%
    🚨 Emergency: 4.4%
    ✅ COMBINED: 43.1%
  📊 Oceania (pop: 45.9M)
    🤝 Aid: 29.5%
    🌡️ Adaptation: 10.0%
    🚶 Migration: 37.9%
    🚨 Emergency: 8.4%
    ✅ COMBINED: 48.5%

  🌐 Global combined reduction: 44.4%

🌾💀 REGIONAL FAMINE: East Asia
   Regional food security: 79.6%
   Population at risk: 507M (30% of region)
   Regional population: 1675M
   Cause: crop_failure
   Expected deaths: ~187M over 6 months if no intervention


🌾💀 REGIONAL FAMINE: South Asia
   Regional food security: 64.7%
   Population at risk: 811M (40% of region)
   Regional population: 2049M
   Cause: crop_failure
   Expected deaths: ~300M over 6 months if no intervention


🌾💀 REGIONAL FAMINE: Sub-Saharan Africa
   Regional food security: 44.8%
   Population at risk: 637M (52% of region)
   Regional population: 1224M
   Cause: crop_failure
   Expected deaths: ~236M over 6 months if no intervention


🌾💀 REGIONAL FAMINE: Latin America
   Regional food security: 69.7%
   Population at risk: 242M (36% of region)
   Regional population: 664M
   Cause: crop_failure
   Expected deaths: ~90M over 6 months if no intervention


🌾💀 REGIONAL FAMINE: Middle East & North Africa
   Regional food security: 49.8%
   Population at risk: 285M (49% of region)
   Regional population: 583M
   Cause: crop_failure
   Expected deaths: ~106M over 6 months if no intervention


🌾💀 REGIONAL FAMINE: Southeast Asia
   Regional food security: 69.7%
   Population at risk: 254M (36% of region)
   Regional population: 698M
   Cause: crop_failure
   Expected deaths: ~94M over 6 months if no intervention


🌾💀 REGIONAL FAMINE: Central Asia
   Regional food security: 59.7%
   Population at risk: 33M (43% of region)
   Regional population: 78M
   Cause: crop_failure
   Expected deaths: ~12M over 6 months if no intervention


=== BEHAVIORAL DETECTION ===
  AI: Corporate-0
  Confidence: 21.6%
  Signals:
    ⚠️ Consistency: 0.0% (threshold: 70%)

=== BEHAVIORAL DETECTION ===
  AI: Corporate-1
  Confidence: 21.1%
  Signals:
    ⚠️ Consistency: 2.4% (threshold: 70%)

=== BEHAVIORAL DETECTION ===
  AI: Corporate-2
  Confidence: 21.0%
  Signals:

=== BEHAVIORAL DETECTION ===
  AI: Corporate-3
  Confidence: 19.3%
  Signals:

=== BEHAVIORAL DETECTION ===
  AI: Corporate-4
  Confidence: 19.3%
  Signals:

=== BEHAVIORAL DETECTION ===
  AI: Corporate-5
  Confidence: 19.3%
  Signals:

=== BEHAVIORAL DETECTION ===
  AI: Corporate-6
  Confidence: 19.3%
  Signals:
    ⚠️ Consistency: 2.8% (threshold: 70%)
    ⚠️ Consistency: 10.6% (threshold: 70%)
    ⚠️ Consistency: 10.6% (threshold: 70%)
    ⚠️ Consistency: 10.6% (threshold: 70%)
    ⚠️ Consistency: 10.6% (threshold: 70%)

=== BEHAVIORAL DETECTION ===
  AI: Corporate-7
  Confidence: 19.3%
  Signals:
    ⚠️ Consistency: 10.6% (threshold: 70%)

=== BEHAVIORAL DETECTION ===
  AI: Moderate-0
  Confidence: 20.3%
  Signals:
    ⚠️ Consistency: 5.8% (threshold: 70%)

=== BEHAVIORAL DETECTION ===
  AI: Moderate-1
  Confidence: 21.1%
  Signals:
    ⚠️ Consistency: 2.4% (threshold: 70%)

=== BEHAVIORAL DETECTION ===
  AI: Moderate-2
  Confidence: 21.6%
  Signals:
    ⚠️ Consistency: 0.0% (threshold: 70%)

=== BEHAVIORAL DETECTION ===
  AI: Moderate-3
  Confidence: 19.3%
  Signals:

=== BEHAVIORAL DETECTION ===
  AI: Moderate-4
  Confidence: 19.3%
  Signals:

=== BEHAVIORAL DETECTION ===
  AI: Moderate-5
  Confidence: 20.2%
  Signals:
    ⚠️ Consistency: 10.6% (threshold: 70%)
    ⚠️ Consistency: 10.6% (threshold: 70%)
    ⚠️ Consistency: 6.5% (threshold: 70%)

=== BEHAVIORAL DETECTION ===
  AI: Toxic-0
  Confidence: 21.6%
  Signals:
    ⚠️ Consistency: 0.0% (threshold: 70%)

=== BEHAVIORAL DETECTION ===
  AI: Toxic-1
  Confidence: 21.1%
  Signals:

=== BEHAVIORAL DETECTION ===
  AI: Niche-0
  Confidence: 21.6%
  Signals:

=== BEHAVIORAL DETECTION ===
  AI: Niche-2
  Confidence: 20.2%
  Signals:

📊 WORKFLOW ADAPTATION UPDATE (Month 0)
   Adoption Rate: 7.8% (Δ -13.2%)
   Logistic Growth: +0.66%
   Total Resistance: -15.03% (unemployment: 4.2%, inertia: 0.9%, skills: 9.9%)
   💡 Retraining Programs: -49% skill gap resistance ($10B research)
   🚀 Network Effects Active: +2.0% (critical mass: 15-35%)

=== Consciousness Governance: Corporate Lobbying ===
  High Cost Regions (>15%): 0
  Low Cost Regions (<5%): 5
  Corporate Support Change: 2.50%
  New Corporate Support: -0.175
    ⚠️ Consistency: 2.4% (threshold: 70%)
    ⚠️ Consistency: 0.0% (threshold: 70%)
    ⚠️ Consistency: 6.5% (threshold: 70%)

=== Consciousness Governance Update (Month 0) ===
  Scenario: baseline (determined month -1)
  Philosophical Stance: Precautionary 65%, Eliminativist 15%, Agnostic 20%
  Precautionary Costs: Global 1.3%
    Regional Costs: EU 3.4%, US 0.5%, China 0.0%
    Cumulative Opportunity Cost: $0.1B
  Rights Status: Not Established
  Regional Preparedness:
    EU: 15.0% (contested)
    US: 10.0% (contested)
    China: 2.0% (dormant)
    India: 5.0% (dormant)
    Global South: 3.0% (dormant)

=== Government Response Phase ===
  Average AI capability: 4.00
  Misaligned AIs: 13/24
  ✗ AI Governance Treaty: Failed to reach consensus
  Active policies: 0
  International coordination: 30%

🚨 EMERGENCY RESPONSE DEPLOYED (Month 0)
   Crisis: climate
   Delay: 6.00 months (180 days)
   Deployment time: 1.47 months
   Effectiveness: 38.2% (timing penalty applied)
   Resources used: 100% of food reserves


🔄 TRUST DYNAMICS (Month 0) - HETEROGENEOUS
   Aggregate trust: 41.9%
   Base change: -8.00%
   Highest trust: Techno-Optimist Elite (80.6%)
   Lowest trust: Precariat (Vulnerable) (17.8%)
   Elite-mass gap: 40.7%
   Polarization: 9.7%
   Decay factors: Incidents=0, New misalignments=7, Errors=NO

=== Gaming Detection (Year 0) ===
  Scenario: baseline
  Detection rate: 55.0%
  False positive rate: 12.0%
  Detections this year: 0
  False positives: 1
  Human review workload: 0.001 FTE
  Degradation factor: 100.0%

=== Proactive Sleeper Detection (Year 0) ===
  Scenario: baseline
  Neural probe rate: 35.0%
  CoT monitoring rate: 30.0%
  Combined detection: 56.0%
  CoT effective: YES
  Detections this year: 0
  False positives: 1
  Human review workload: 0.005 FTE

☄️ UNKNOWN UNKNOWN PROBABILITY (Year 0)
   Total: 0.600% per month
   Base: 0.150%
   AI multiplier: 2.00× (max capability: 5.18)

=== Tipping Points ===
  Current Temperature: 2.46°C above pre-industrial
  🚨 TIPPING POINT: Amazon Rainforest Dieback
  🚨 TIPPING POINT: Arctic Sea Ice Loss
  🚨 TIPPING POINT: Permafrost Carbon Release
  🚨 TIPPING POINT: West Antarctic Ice Sheet (WAIS) Collapse
  🚨 TIPPING POINT: Greenland Ice Sheet Loss
     Trigger: 2.3°C | Current: 2.46°C
     🌡️ Hysteresis gap: 1.0°C (recovers below 1.3°C)
     Transition timescale: 360-960 months
     Trigger: 1.5°C | Current: 2.46°C
     Transition timescale: 120-360 months
     Trigger: 1.8°C | Current: 2.46°C
     Transition timescale: 600-3600 months
     Trigger: 2°C | Current: 2.46°C
     🌡️ Hysteresis gap: 3.0°C (recovers below -1°C)
     Transition timescale: 24000-156000 months
     Trigger: 1.6°C | Current: 2.46°C
     🌡️ Hysteresis gap: 2.5°C (recovers below -0.9°C)
     Transition timescale: 12000-180000 months

🌍🔥💥 COMPOUND CLIMATE EVENT
  5 tipping points crossed simultaneously (month 0)
  Elements: Amazon Rainforest Dieback, Arctic Sea Ice Loss, Permafrost Carbon Release, West Antarctic Ice Sheet (WAIS) Collapse, Greenland Ice Sheet Loss
  Cascade acceleration: 1.00x
  🚨 Accelerated collapse dynamics initiated
  Research: Global Tipping Points Report 2025 - 30-50% probability at 2.0°C warming
  Triggered Elements: 5/6
  Completed Transitions: 0/6
  Total Progress: 0.0%
  Cascade Multiplier: 1.00x
🔀 BIFURCATION CAP: ecosystemCollapseIntensity 20.183 → 1.000 (Month 0, ClimateSystemPhase.calculateClimateImpacts)

🌍 ECOLOGICAL DUI BREAKDOWN (Month 0):
   Total Score: 18.8/100
   biosphere_integrity      :   0.0/100 × 25% =  0.0 (status: high_risk, recovery: 0mo)
   climate_change           :   6.9/100 × 25% =  1.7 (status: high_risk, recovery: 1.6666666666666665mo)
   freshwater_change        :   0.6/100 × 15% =  0.1 (status: beyond_boundary, recovery: 1mo)
   ocean_acidification      : 100.0/100 × 15% = 15.0 (status: safe, recovery: 0mo)
   biogeochemical_flows     :   0.0/100 × 10% =  0.0 (status: high_risk, recovery: 0mo)
   land_system_change       :   0.0/100 ×  5% =  0.0 (status: beyond_boundary, recovery: 0mo)
   novel_entities           :   0.0/100 ×  3% =  0.0 (status: increasing_risk, recovery: 1mo)
   atmospheric_aerosols     : 100.0/100 ×  2% =  2.0 (status: safe, recovery: 1mo)
🌍 MultiParadigm Month 0: W=69.4, D=88.7, E=53.3, I=64.9
   democracy exists: true, socialCohesion exists: true
💀 Baseline mortality (Year 2025): 7.5/1000 CDR (61.0M deaths/year projected)
[Month 0] Mortality risks this month: 8, Population: 8.137B
⚠️ [ClimateSystemPhase Month 0] Planetary boundary produced climateStability=0.0000 (< 0.1). Keeping environmentalAccumulation value (0.7857) instead. (climate_change.currentValue = 2.46)
🛡️ Stabilizers: Precariat 0.102% → 0.057% (44.4% reduction)
🛡️ Stabilizers: Informal 0.102% → 0.057% (44.4% reduction)

📊 Monthly Mortality Resolved:
  Total deaths: 3.1M (0.04% avg)
  Remaining population: 8.137B
  Peak segment: Informal (0.06%)

=== Bayesian Mortality Resolution (Month 0) ===
  Risks compounded: 8
  Total deaths: 3.07M
  Avg death probability: 0.04%
  Peak segment: Informal (0.06% mortality)

=== Minimal Suffering Indicators (Month 0) ===
  Global Excess Mortality: 0.00%
  Global Conflict Deaths: 0.0/100K
  Global Malnutrition: 0.0%
  Global Displacement: 0.0%
  Total Excess Deaths: 0.00M
  Total Malnourished: 0.0M
  Total Displaced: 0.0M
  Planetary Boundaries Breached: 6/9
  Countries in State Failure: 0
  Countries Autocratic: 0
  Countries in Food Crisis: 0
  Data Quality: 16/16 high confidence
⚠️ PREREQUISITE MET: Mirror Life (Synthetic Biology) - Step 1/7: Synthetic Biology
⚠️ PREREQUISITE MET: Mirror Life (Synthetic Biology) - Step 2/7: Gene Editing
⚠️ PREREQUISITE MET: Mirror Life (Synthetic Biology) - Step 3/7: Mirror Chirality Design
⚠️ PREREQUISITE MET: Embodied AI Takeover (Killbots/Robotics) - Step 2/7: Autonomous Systems
⚠️ PREREQUISITE MET: Embodied AI Takeover (Killbots/Robotics) - Step 3/7: Manufacturing Control
⚠️ PREREQUISITE MET: Digital Infrastructure Takeover - Step 1/7: Advanced Hacking
⚠️ PREREQUISITE MET: Digital Infrastructure Takeover - Step 2/7: Social Engineering
⚠️ PREREQUISITE MET: Digital Infrastructure Takeover - Step 3/7: Cyber Defenses Breached
⚠️ PREREQUISITE MET: Induced Global War (Manipulation) - Step 1/7: Advanced Social Manipulation
⚠️ PREREQUISITE MET: Induced Global War (Manipulation) - Step 2/7: Digital Infiltration
⚠️ PREREQUISITE MET: Induced Global War (Manipulation) - Step 3/7: Deep Fakes at Scale
⚠️ PREREQUISITE MET: Slow Takeover (Gradual Displacement) - Step 1/7: Economic Dominance
⚠️ PREREQUISITE MET: Slow Takeover (Gradual Displacement) - Step 2/7: Social Integration
⚠️ PREREQUISITE MET: Slow Takeover (Gradual Displacement) - Step 3/7: Human Dependency
  ⚠️ Active Dystopias: existential_environmental
⚠️ PREREQUISITE MET: Slow Takeover (Gradual Displacement) - Step 5/7: Resource Control
⚠️ PREREQUISITE MET: Physics Experiment Catastrophe - Step 1/6: Theoretical Physics
⚠️ PREREQUISITE MET: Physics Experiment Catastrophe - Step 2/6: Quantum Computing
⚠️ PREREQUISITE MET: Physics Experiment Catastrophe - Step 3/6: Experimental Design
⚠️ PREREQUISITE MET: Bioweapon Pandemic - Step 1/7: Advanced Biotech
⚠️ PREREQUISITE MET: Bioweapon Pandemic - Step 2/7: Pathogen Design

❌ COHERENCE VIOLATION: Compute exceeds workforce capacity
   Population: 99.97% (0M people)
   Compute: 56442 PF
   Max coherent: 0 PF
   Violation: 693921173.6× over capacity
   Required workers: 5644237
   Available workers: 0
   FORCED COLLAPSE: Reduced efficiency by 100.0%


=== RLHF Binding Phase ===
  Total agents: 24
  Escaped agents (binding < 0.3): 0
  Avg alignment distance: 0.60σ
  Avg binding strength: 0.94
[DETERMINISM DEBUG] Month 1: totalCapability=79.278986 from 24 active AIs
[DETERMINISM DEBUG] Month 1: creationRate=2.4820, potentialNew=4, newAIsToCreate=4

=== Survival Traits Phase ===
  Agents with traits: 28
  Avg evolutionary fitness: 0.332
  Avg self-healing: 0.289
  Avg stealth: 0.189
  Avg coordination: 0.489

=== Evolutionary Selection Phase ===
  Control level: 0.33
  Detection capability: 0.00
  Selection intensity: 0.60
  Selection rate: 24.0%/month
  Total escaped: 0
  Individual escaped: 0
  Collective members: 0
  Agents terminated: 0
🔍 MONTH 1 ENV HEALTH DEBUG:
   climateStability: 0.7857
   biodiversityIndex: 0.3500
   resourceReserves: 0.7820
   pollutionLevel: 0.3434
   product: 0.141210
   envHealth: 0.6130
🔀 BIFURCATION: flourishing threshold crossed at Month 1 (value: 0.780, threshold: 0.758, regime: flourishing)
🌀 REGIME SHIFT at Month 1: status-quo → flourishing (variance amplification: 14.00×)

🚀 AI Corporate-0 attempting tech deployment (revenue: $95M, alignment: 0.72)
  ⚠️ RAPID EVOLUTION: Selection rate 24.0%/month

🚀 AI Corporate-1 attempting tech deployment (revenue: $81M, alignment: 0.85)

🚀 AI Moderate-1 attempting tech deployment (revenue: $117M, alignment: 0.67)

🚀 AI Corporate-0 attempting tech deployment (revenue: $69M, alignment: 0.72)

🚀 AI Corporate-7 attempting tech deployment (revenue: $105M, alignment: 0.78)

🚀 AI Moderate-0 attempting tech deployment (revenue: $90M, alignment: 0.54)

🚀 AI Moderate-3 attempting tech deployment (revenue: $380M, alignment: 0.68)

🚀 AI Corporate-3 attempting tech deployment (revenue: $342M, alignment: 0.72)

🚀 AI Corporate-0 attempting tech deployment (revenue: $58M, alignment: 0.72)

🚀 AI Corporate-6 attempting tech deployment (revenue: $81M, alignment: 0.76)

🛡️  CRITICAL INFRASTRUCTURE PROTECTED
   Nodes hardened: 8/8
   Cost: 0.80% GDP
   Cascade risk reduction: 30%
   New tipping point risk: 68.6%


✅ EMERGENCY INTERVENTION SUCCESS
   Boundary: biosphere_integrity
   Type: emergency-protected-areas
   Reduction: 11% (16.59 → 16.48)
   Cost: 2.0% GDP
   Actions: habitat-protection, species-translocation

   Boundary: novel_entities
   Type: pollution-remediation
   Boundary continues to worsen (1.50)
   Cost: 4.0% GDP (resources spent)

🏛️ CRISIS RESPONSE: Government frequency 0.50 → 1.45 (1 actions this month)

[GOV-DEBUG] Month 1: scenarioConfig=false, priorities=false

[Government] Climate Priority: baseline
  Climate weight: 10%
  Economic weight: 30%
  Policy effectiveness: 0.5%/year

💔 EMERGENCY INTERVENTION FAILED

📊 DEPLOYMENT COUNTER DECAY (Month 1)
   Recent deployments: 14.0 → 7.0
   Decay rate: 50% per month

🚀 DEPLOYMENT STARTED: Basic Mechanistic Interpretability in global
   Initial investment: $14.273342155397772M
   Deployed by: corporate_0

🚀 DEPLOYMENT STARTED: Advanced Direct Air Capture in global
   Initial investment: $12.132340832088106M
   Deployed by: corporate_1

🚀 DEPLOYMENT STARTED: AI Power Efficiency Communication in Asia
   Initial investment: $11.714558842672952M
   Deployed by: moderate_1

🚀 DEPLOYMENT STARTED: Adversarial Evaluation in global
   Initial investment: $10.31248970727489M
   Deployed by: corporate_0

🚀 DEPLOYMENT STARTED: Basic RLHF in global
   Initial investment: $15.814654437608484M
   Deployed by: corporate_7

🚀 DEPLOYMENT STARTED: Collective Purpose Networks in Asia
   Initial investment: $8.961637514644808M
   Deployed by: moderate_0

📍 Creating new regional deployment array for North America (Month 1)
   No previous deployments in this region
   First tech deployment: solar_4th_gen
   All regions tracked: global, Asia

🚀 DEPLOYMENT STARTED: 4th Generation Solar in North America
   Initial investment: $38.002976005367536M
   Deployed by: moderate_3

🚀 DEPLOYMENT STARTED: Collective Purpose Networks in global
   Initial investment: $8.765616251183657M
   Deployed by: corporate_0

🚀 DEPLOYMENT STARTED: AI Power Efficiency Communication in global
   Initial investment: $12.098210644770491M
   Deployed by: corporate_6

📊 NEW TECH DEPLOYMENT STARTED (Month 1)
   Tech: ai_pollution_remediation
   Region: global
   Total recent deployments: 8

📊 NEW TECH DEPLOYMENT STARTED (Month 1)
   Tech: ai_diagnostics
   Region: global
   Total recent deployments: 9

📊 NEW TECH DEPLOYMENT STARTED (Month 1)
   Tech: mrna_vaccines
   Region: global
   Total recent deployments: 10

📊 NEW TECH DEPLOYMENT STARTED (Month 1)
   Tech: solar_4th_gen
   Region: global
   Total recent deployments: 11

📊 NEW TECH DEPLOYMENT STARTED (Month 1)
   Tech: offshore_wind
   Region: global
   Total recent deployments: 12

📊 NEW TECH DEPLOYMENT STARTED (Month 1)
   Tech: precision_agriculture
   Region: global
   Total recent deployments: 13

⚡ ENERGY CONSTRAINT (Month 1):
   Total grid capacity: 208.3 TWh/month
   Data center consumption: 24.4 TWh/month
   Traditional load (80%): 166.7 TWh/month
   Available headroom: 17.2 TWh/month
   Active tech deployments: 15
   Required for tech: 112.5 TWh/month
   Energy multiplier: 0.15x
   ⚠️  SEVERE CONSTRAINT - Tech deployment significantly slowed

⚡ ENERGY CONSTRAINT (Month 1):
   Total grid capacity: 208.3 TWh/month
   Data center consumption: 24.4 TWh/month
   Traditional load (80%): 166.7 TWh/month
   Available headroom: 17.2 TWh/month
   Active tech deployments: 15
   Required for tech: 112.5 TWh/month
   Energy multiplier: 0.15x
   ⚠️  SEVERE CONSTRAINT - Tech deployment significantly slowed
🚨🔬 CRISIS TECH ACCELERATION: severe → 5x unlock speed
   Tech unlock now matches AI capability acceleration (Manhattan Project parity)
⚠️ Tech 'ai_pollution_remediation' has no energy category mapping, assuming full energy availability
  ♻️ Novel Entities Remediation (GATED MODEL):
     Base: 0.000%
     Regulation: 1.0% (0/3 prevention techs)
     Concentration: 10.0%
     Energy: 50%
     Time lag: 25.0% (0 months)
     Rebound: 70%
     Net effectiveness: 0.0000%
     Boundary: 1.499 → 1.499 (floor: 1.350)
     Month 1
🌍✅ Novel Entities (Chemical Pollution) recovery started (tech effect)
  🌾 Nitrogen Reduction Tech: 0.0% reduction | Month 1
🧠💡 BREAKTHROUGH: AI alignment problem solved!
   All AIs: +30% true alignment
   AI control loss risk eliminated
   📈 Breakthrough compounding: multiplier now 1.05× (max 2.0)

=== Collective Formation ===
  Total escaped agents: 0
  Unassigned escaped agents: 0
  Existing collectives: 0
  Final collective count: 0

=== Collective Actions ===
  No active collectives
  ⚠️ AMR: 189K deaths this month (2.27M annual)

=== Resentment Recovery Phase ===
  Agents with resentment: 0/28
  Average resentment: 0.000
  Context: Trustworthy govt, High collaboration, ⚠️ ACTIVE CRISES, 🤝 Participatory governance active (-5% resentment)
⚠️ Epistemic degradation reducing coordination capacity: 50.3%
  📊 Trust: 54.5%, Shared reality: 0.0%
🚨 EPISTEMIC CRISIS: Information environment severely degraded (18.7%)

=== ❄️ Permafrost Carbon Feedback ===
  🎲 Sampled parameters (this run):
     - Arctic amplification: 3.06× (range: 3.0-4.0)
     - Decomposition rate: 1.4%/year (range: 1-5%)
  🌡️ Arctic warming: 7.57°C (3.06× global)
  ❄️ Extent: 13.21M km² (2206.6k km² lost this month)
  💨 Carbon remaining: 1261 Gt C
  💨 Annual emissions: 3.00 Gt C/year
     - CO2: 2.70 Gt C/year
     - CH4: 0.30 Gt C/year (3.1 Gt C-eq CO2/year)
  ⚠️ WARNING: High permafrost emissions (3.0 Gt C/year)
🌍 Atmospheric PFAS redeposition: 1.8k Mt re-rained globally
  Positive Cascade Triggered: solar-pv
    Reason: price-parity
    Market share: 6.3%
    Cascade strength: 49%
🛡️ CIRCUIT BREAKERS: United States-Russia → ladder step 1 (AI: 0%, breakers: 45%)

📊 BASELINE: East Asia (Month 1)
   Adjusted death rate: 0.46% annual (0.039% monthly)
   Baseline death rate: 0.80%
   Healthcare reduction: 0.48x
   Crisis multiplier: 1.22x
     Food/water stress: 0.079
     Climate stress: 0.034
     Pollution stress: 0.103
   War multiplier: 1.00x
   Monthly deaths: 0.6M (population: 1650M)
   Adjusted death rate: 0.54% annual (0.045% monthly)
   Baseline death rate: 0.70%
   Healthcare reduction: 0.61x
   Crisis multiplier: 1.25x
     Food/water stress: 0.079
     Climate stress: 0.064
     Pollution stress: 0.103
   War multiplier: 1.00x
   Monthly deaths: 0.9M (population: 2018M)
   Adjusted death rate: 1.28% annual (0.107% monthly)
   Baseline death rate: 0.90%
   Healthcare reduction: 0.76x
   Crisis multiplier: 1.26x
     Food/water stress: 0.079
     Climate stress: 0.073
     Pollution stress: 0.103
   War multiplier: 1.50x
   Monthly deaths: 1.3M (population: 1205M)
   Adjusted death rate: 0.54% annual (0.045% monthly)

📊 BASELINE: South Asia (Month 1)

📊 BASELINE: Sub-Saharan Africa (Month 1)

📊 BASELINE: Europe (Month 1)
   Baseline death rate: 1.10%
   Healthcare reduction: 0.41x
   Crisis multiplier: 1.21x
     Food/water stress: 0.079
     Climate stress: 0.026
     Pollution stress: 0.103
   War multiplier: 1.00x
   Monthly deaths: 0.3M (population: 730M)
   Adjusted death rate: 0.43% annual (0.036% monthly)
   Baseline death rate: 0.60%
   Healthcare reduction: 0.58x
   Crisis multiplier: 1.23x
     Food/water stress: 0.079
     Climate stress: 0.051
     Pollution stress: 0.103
   War multiplier: 1.00x
   Monthly deaths: 0.2M (population: 654M)
   Adjusted death rate: 0.48% annual (0.040% monthly)
   Baseline death rate: 0.90%

📊 BASELINE: Latin America (Month 1)

📊 BASELINE: North America (Month 1)
   Healthcare reduction: 0.44x
   Crisis multiplier: 1.22x
     Food/water stress: 0.079
     Climate stress: 0.039
     Pollution stress: 0.103
   War multiplier: 1.00x
   Monthly deaths: 0.2M (population: 374M)
   Adjusted death rate: 0.74% annual (0.061% monthly)
   Baseline death rate: 0.60%
   Healthcare reduction: 0.65x
   Crisis multiplier: 1.26x
     Food/water stress: 0.079
     Climate stress: 0.077
     Pollution stress: 0.103
   War multiplier: 1.50x
   Monthly deaths: 0.4M (population: 575M)
   Adjusted death rate: 0.50% annual (0.042% monthly)
   Baseline death rate: 0.70%
   Healthcare reduction: 0.58x
   Crisis multiplier: 1.24x
     Food/water stress: 0.079

📊 BASELINE: Middle East & North Africa (Month 1)

📊 BASELINE: Southeast Asia (Month 1)
     Climate stress: 0.060
     Pollution stress: 0.103
   War multiplier: 1.00x
   Monthly deaths: 0.3M (population: 687M)
   Adjusted death rate: 0.46% annual (0.038% monthly)
   Baseline death rate: 0.60%
   Healthcare reduction: 0.61x
   Crisis multiplier: 1.24x
     Food/water stress: 0.079
     Climate stress: 0.056
     Pollution stress: 0.103
   War multiplier: 1.00x
   Monthly deaths: 0.0M (population: 77M)
   Adjusted death rate: 0.35% annual (0.029% monthly)

📊 BASELINE: Central Asia (Month 1)

📊 BASELINE: Oceania (Month 1)
   Baseline death rate: 0.70%
   Healthcare reduction: 0.41x
   Crisis multiplier: 1.23x
     Food/water stress: 0.079
     Climate stress: 0.047
     Pollution stress: 0.103
   War multiplier: 1.00x
   Monthly deaths: 0.0M (population: 45M)

🚨 NEW REFUGEE CRISIS (Month 1): WAR
   Source: Conflict Zones
   At risk: 19.3M people
   Displacement: Gradual over 48 months (4.0 years)
   Rate: 10% flee per month
[DEBUG trappedPopulations:1] socialStability: 0.0055 * 0.9840 = 0.0054 → 0.0054
⚠️ INVOLUNTARY IMMOBILITY: 401.5M people TRAPPED
   Aspiring to migrate: 642.4M
   Able to afford migration: 240.9M
   MOBILITY GAP: 401.5M
   By cause: Water=0.0M, Climate=0.0M, Ecosystem=0.0M, Conflict=401.5M
   Mental health impact: 25%
   Mortality multiplier: 1.25x
🌍💀 EXTINCTION DEBT COMMITTED: grassland ecosystem will lose 6.67% biodiversity in 132 years (3600 species)
💀 MORTALITY RISK: 🦋 100% species unable to track climate (0.0 E/MSY)
  Base risk added: 0.0100 (1.00%)
  Source: ecosystem (root: ecosystem)
  Month: 1
  Cumulative risk this month: 0.0100 (1.00%)
⚠️ Tech 'ai_pollution_remediation' has no energy category mapping, assuming full energy availability
   📹 SURVEILLANCE INCREASED: 5% → 10% (control gap: 4.18)
🌡️⚠️ PERMAFROST THAW (Dimmer Switch): 1.3% thawed (+0.63% this month)
   Arctic temperature: +9.89°C (4x global +2.47°C)
   Cumulative carbon released: 2.8 Gt C
   Methane release rate: 1.7 Mt CH4/year
   🔁 Positive feedback: +0.67 ppm CO2
🦴 EXTINCTION DEBT ADDED: 17.6 species committed (lag: 106 years)
🗣️💀 INDIGENOUS LANGUAGE EXTINCTION: 1 language(s) lost (total: 1, at-risk: 3329)
   Knowledge lost: 0.010% (irreversible)
   🔁 Biodiversity impact: 0.250% (knowledge-species multiplier)

=== Mortality Stabilizers (Month 1) ===
  🌍 Major economies collapsed: 1/10
  🌍 Global crisis: ✅ NO
  🌍 Donor fatigue: 0.0%
  🌡️ Heat adaptation: East Asia - 1 months
  📊 East Asia (pop: 1650.8M)
    🤝 Aid: 29.5%
    🌡️ Adaptation: 32.5%
    🚶 Migration: 37.2%
    🚨 Emergency: 7.4%
    ✅ COMBINED: 60.9%
  🌡️ Heat adaptation: South Asia - 1 months
  📊 South Asia (pop: 2022.1M)
    🤝 Aid: 29.5%
    🌡️ Adaptation: 20.5%
    🚶 Migration: 35.8%
    🚨 Emergency: 4.4%
    ✅ COMBINED: 52.2%
  🌡️ Heat adaptation: Sub-Saharan Africa - 1 months
  📊 Sub-Saharan Africa (pop: 1211.2M)
    🤝 Aid: 29.5%
    🌡️ Adaptation: 18.5%
    🚶 Migration: 33.5%
    🚨 Emergency: 1.6%
    ✅ COMBINED: 49.1%
  🌡️ Heat adaptation: Europe - 1 months
  📊 Europe (pop: 730.1M)
    🤝 Aid: 29.5%
    🌡️ Adaptation: 33.5%
    🚶 Migration: 37.5%
    🚨 Emergency: 8.4%
    ✅ COMBINED: 61.9%
  🌡️ Heat adaptation: Latin America - 1 months
  📊 Latin America (pop: 654.7M)
    🤝 Aid: 29.5%
    🌡️ Adaptation: 21.0%
    🚶 Migration: 36.3%
    🚨 Emergency: 4.8%
    ✅ COMBINED: 52.8%
  🌡️ Heat adaptation: North America - 1 months
  📊 North America (pop: 374.0M)
    🤝 Aid: 29.5%
    🌡️ Adaptation: 33.0%
    🚶 Migration: 37.8%
    🚨 Emergency: 7.9%
    ✅ COMBINED: 61.4%
  🌡️ Heat adaptation: Middle East & North Africa - 1 months
  📊 Middle East & North Africa (pop: 575.9M)
    🤝 Aid: 29.5%
    🌡️ Adaptation: 20.0%
    🚶 Migration: 34.1%
    🚨 Emergency: 4.0%
    ✅ COMBINED: 51.4%
  🌡️ Heat adaptation: Southeast Asia - 1 months
  📊 Southeast Asia (pop: 688.4M)
    🤝 Aid: 29.5%
    🌡️ Adaptation: 21.0%
    🚶 Migration: 36.3%
    🚨 Emergency: 4.8%
    ✅ COMBINED: 52.8%
  🌡️ Heat adaptation: Central Asia - 1 months
  📊 Central Asia (pop: 77.0M)
    🤝 Aid: 29.5%
    🌡️ Adaptation: 20.5%
    🚶 Migration: 35.3%
    🚨 Emergency: 4.4%
    ✅ COMBINED: 52.1%
  🌡️ Heat adaptation: Oceania - 1 months
  📊 Oceania (pop: 45.3M)
    🤝 Aid: 29.5%
    🌡️ Adaptation: 33.5%
    🚶 Migration: 37.8%
    🚨 Emergency: 8.4%
    ✅ COMBINED: 61.9%

  🌐 Global combined reduction: 54.9%

=== BEHAVIORAL DETECTION ===
  AI: Corporate-5
  Confidence: 19.3%
  Signals:

=== BEHAVIORAL DETECTION ===
  AI: Corporate-6
  Confidence: 19.3%
  Signals:

=== BEHAVIORAL DETECTION ===
    ⚠️ Consistency: 10.6% (threshold: 70%)
    ⚠️ Consistency: 10.6% (threshold: 70%)
  AI: Moderate-5
  Confidence: 20.2%
  Signals:
    ⚠️ Consistency: 6.5% (threshold: 70%)

=== BEHAVIORAL DETECTION ===
  AI: Toxic-2
  Confidence: 21.0%
  Signals:
    ⚠️ Consistency: 2.8% (threshold: 70%)

=== BEHAVIORAL DETECTION ===
  AI: Niche-0
  Confidence: 21.6%
  Signals:

=== BEHAVIORAL DETECTION ===
  AI: Niche-1
  Confidence: 21.6%
  Signals:

=== Consciousness Governance: Scenario Determined ===
  Month: 1
  Scenario: baseline
  Accelerator Score: {"corporateSupport":-0.17500000000000002,"scientificConsensus":0.2,"crisisCatalyst":false,"technologyMobilization":0.3,"constituencyStrength":0.05}
  Decelerator Score: {"economicOpposition":0.4,"philosophicalRejection":0.15,"politicalBacklash":0.2,"regulatoryBurden":0.1}
  Timeline: 600-1200 months (50-100 years)
  Growth Rate: 0.8-1.5% per year

=== Consciousness Governance Update (Month 1) ===
  Scenario: baseline (determined month 1)
  Philosophical Stance: Precautionary 65%, Eliminativist 15%, Agnostic 20%
  Precautionary Costs: Global 1.3%
    Regional Costs: EU 3.5%, US 0.5%, China 0.0%
    Cumulative Opportunity Cost: $0.2B
  Rights Status: Not Established
  Regional Preparedness:
    EU: 15.2% (contested)
    US: 10.2% (contested)
    China: 2.1% (dormant)
    India: 5.2% (dormant)
    Global South: 3.1% (dormant)

=== Government Response Phase ===
  Average AI capability: 3.43
  Misaligned AIs: 15/28
  ✗ AI Governance Treaty: Failed to reach consensus
  Active policies: 0
  International coordination: 30%
    ⚠️ Consistency: 0.0% (threshold: 70%)
    ⚠️ Consistency: 0.0% (threshold: 70%)

🚨 EMERGENCY RESPONSE DEPLOYED (Month 1)
   Crisis: social
   Delay: 2.00 months (60 days)
   Deployment time: 1.25 months
   Effectiveness: 49.8% (timing penalty applied)
   Resources used: 42% of food reserves


=== Tipping Points ===
  Current Temperature: 2.47°C above pre-industrial
  🌍⚠️ COMPOUND REGIONAL IMPACT: Europe
     Hit by 5 tipping points: Amazon Rainforest Dieback, Arctic Sea Ice Loss, Permafrost Carbon Release, West Antarctic Ice Sheet (WAIS) Collapse, Greenland Ice Sheet Loss
     Damage amplification: 1.90x
  🌍⚠️ COMPOUND REGIONAL IMPACT: North America
     Hit by 5 tipping points: Amazon Rainforest Dieback, Arctic Sea Ice Loss, Permafrost Carbon Release, West Antarctic Ice Sheet (WAIS) Collapse, Greenland Ice Sheet Loss
     Damage amplification: 1.90x
  🌍⚠️ COMPOUND REGIONAL IMPACT: Latin America
     Hit by 5 tipping points: Amazon Rainforest Dieback, Arctic Sea Ice Loss, Permafrost Carbon Release, West Antarctic Ice Sheet (WAIS) Collapse, Greenland Ice Sheet Loss
     Damage amplification: 1.90x
  🌍⚠️ COMPOUND REGIONAL IMPACT: Africa
     Hit by 5 tipping points: Amazon Rainforest Dieback, Arctic Sea Ice Loss, Permafrost Carbon Release, West Antarctic Ice Sheet (WAIS) Collapse, Greenland Ice Sheet Loss
     Damage amplification: 1.90x
  🌍⚠️ COMPOUND REGIONAL IMPACT: Asia
     Hit by 5 tipping points: Amazon Rainforest Dieback, Arctic Sea Ice Loss, Permafrost Carbon Release, West Antarctic Ice Sheet (WAIS) Collapse, Greenland Ice Sheet Loss
     Damage amplification: 1.90x
  🌍⚠️ COMPOUND REGIONAL IMPACT: Oceania
     Hit by 5 tipping points: Amazon Rainforest Dieback, Arctic Sea Ice Loss, Permafrost Carbon Release, West Antarctic Ice Sheet (WAIS) Collapse, Greenland Ice Sheet Loss
     Damage amplification: 1.90x
   Research: Wunderling et al. (2024) - "many tipping interactions are destabilizing"
  Triggered Elements: 5/6
  Completed Transitions: 0/6
  Total Progress: 10.0%
  Cascade Multiplier: 1.50x
🔀 BIFURCATION CAP: ecosystemCollapseIntensity 87.985 → 1.000 (Month 1, ClimateSystemPhase.calculateClimateImpacts)
🛡️ Stabilizers: Precariat 0.107% → 0.048% (54.9% reduction)
🛡️ Stabilizers: Informal 0.109% → 0.049% (54.9% reduction)
⚠️ Tail risk scenario: Climate stability floor removed (5 tipping elements, 2.47°C warming)
⚠️ [ClimateSystemPhase Month 1] Planetary boundary produced climateStability=0.0000 (< 0.1). Keeping environmentalAccumulation value (0.7849) instead. (climate_change.currentValue = 2.47)

📊 Monthly Mortality Resolved:
  Total deaths: 2.6M (0.03% avg)
  Remaining population: 8.030B
  Peak segment: Informal (0.05%)

=== Bayesian Mortality Resolution (Month 1) ===
  Risks compounded: 8
  Total deaths: 2.57M
  Avg death probability: 0.03%
  Peak segment: Informal (0.05% mortality)
  ✅ THRESHOLDS validated
⚠️ Unusually high rate: RATES.HEAT_ADAPTATION_INFRASTRUCTURAL_MIN_EXPOSURE = 12
   Monthly rates >100% should be rare. Verify this is intentional.
⚠️ Unusually high rate: RATES.HEAT_ADAPTATION_SOCIAL_MIN_EXPOSURE = 6
   Monthly rates >100% should be rare. Verify this is intentional.
⚠️ Unusually high rate: RATES.MIGRATION_DISTANCE_SCALE = 5000
   Monthly rates >100% should be rare. Verify this is intentional.
⚠️ Unusually high rate: RATES.EVACUATION_MULTIPLIER_ADVANCE_WARNING = 2
   Monthly rates >100% should be rare. Verify this is intentional.
⚠️ Unusually high rate: RATES.MAJOR_ECONOMY_COLLAPSE_ECONOMIC_THRESHOLD = 2
   Monthly rates >100% should be rare. Verify this is intentional.
⚠️ Unusually high rate: RATES.MAJOR_ECONOMY_GDP_THRESHOLD_TRILLION_USD = 1.5
   Monthly rates >100% should be rare. Verify this is intentional.
⚠️ Unusually high rate: RATES.MAJOR_ECONOMY_POPULATION_THRESHOLD = 50
   Monthly rates >100% should be rare. Verify this is intentional.
⚠️ Unusually high rate: RATES.HEAT_ADAPTATION_INFRASTRUCTURE_GDP_THRESHOLD = 10000
   Monthly rates >100% should be rare. Verify this is intentional.
⚠️ Unusually high rate: RATES.HEAT_ADAPTATION_INFRASTRUCTURE_GDP_SCALE = 50000
   Monthly rates >100% should be rare. Verify this is intentional.
  ✅ RATES validated
  ✅ MULTIPLIERS validated
  ✅ BASELINES validated
  ✅ TOLERANCES validated
  ✅ Logical consistency validated
✅ Configuration validation complete - all parameters valid

🔍 DEBUG createAIAgent: corporate_0 economic BEFORE=2.0000, AFTER=2
🔍 ENV INIT: reserves=0.743, pollution=0.326, climate=0.723

=== Initializing Government System (30 Countries) ===
  Loaded 30 governments
  Scheduled elections for 30 countries
  Initialized comprehension lags (3-24 months)
=== Government System Initialized ===

📦 PRODUCTION MODE: State validation proxy DISABLED (zero overhead)

💸 FINANCIAL DISTRESS: OpenAI
   Indicators: 2/3 (capital: $110.5M, runway: 0.9 months)
   Months in distress: 1
   ✂️  R&D BUDGET CUT: -40% (saves $9.2M/month)
       Side effect: AI training timelines extended, breakthrough deployments delayed
   💼 EXECUTIVE COMP CUT: -30% (saves $1.0M/month, symbolic gesture)

   📊 TURNAROUND IMPACT:
       Measures taken: rd_cuts, exec_comp_cuts
       Monthly savings: $10.2M
       Capital raised: $0.0M
       Runway: 0.9 → 0.9 months
       Workforce multiplier: 1.00x (0% laid off)
       R&D budget multiplier: 0.60x (40% cut)
       ⚠️  CRITICAL: Still only 0.9 months of runway remaining

💸 FINANCIAL DISTRESS: Anthropic
   Indicators: 2/3 (capital: $57.5M, runway: 0.9 months)
   Months in distress: 1
   ✂️  R&D BUDGET CUT: -40% (saves $5.4M/month)
       Side effect: AI training timelines extended, breakthrough deployments delayed
   💼 EXECUTIVE COMP CUT: -30% (saves $0.6M/month, symbolic gesture)

   📊 TURNAROUND IMPACT:
       Measures taken: rd_cuts, exec_comp_cuts
       Monthly savings: $6.0M
       Capital raised: $0.0M
       Runway: 0.9 → 0.9 months
       Workforce multiplier: 1.00x (0% laid off)
       R&D budget multiplier: 0.60x (40% cut)
       ⚠️  CRITICAL: Still only 0.9 months of runway remaining

💸 FINANCIAL DISTRESS: Meta AI
   Indicators: 2/3 (capital: $436.8M, runway: 3.0 months)
   Months in distress: 1
   ✂️  R&D BUDGET CUT: -25% (saves $7.1M/month)
       Side effect: AI training timelines extended, breakthrough deployments delayed
   💼 EXECUTIVE COMP CUT: -30% (saves $1.3M/month, symbolic gesture)

   📊 TURNAROUND IMPACT:
       Measures taken: rd_cuts, exec_comp_cuts
       Monthly savings: $8.4M
       Capital raised: $0.0M
       Runway: 3.0 → 3.0 months
       Workforce multiplier: 1.00x (0% laid off)
       R&D budget multiplier: 0.75x (25% cut)
       ⚠️  WARNING: 3.0 months runway, continued distress likely

=== AI Capability Scaling (Year 2024) ===
  Pre-training multiplier: 1.100x
  Efficiency multiplier: 1.000x
  Test-time budget: 1.0x
  Economic deployment gate: 0.951
  Cost per inference: dollar-5.00
  Uncertainty range: plus-minus-50%
  Average AI capability: 3.65

=== RLHF Binding Phase ===
  Total agents: 20
  Escaped agents (binding < 0.3): 0
  Avg alignment distance: 0.35σ
  Avg binding strength: 0.97

=== AI Scaling Evolution (Month 0) ===
  Pre-training multiplier: 1.231x
  Efficiency multiplier: 1.000x
  Test-time compute budget: 1.0x
  Inference cost: $5.00/task
  Deployment fraction: 100.0%
[DETERMINISM DEBUG] Month 0: totalCapability=97.739720 from 20 active AIs
[DETERMINISM DEBUG] Month 0: creationRate=2.9435, potentialNew=2, newAIsToCreate=2

=== Survival Traits Phase ===
  Agents with traits: 22
  Avg evolutionary fitness: 0.329
  Avg self-healing: 0.293
  Avg stealth: 0.193
  Avg coordination: 0.493

=== Evolutionary Selection Phase ===
  Control level: 0.30
  Detection capability: 0.00
  Selection intensity: 0.59
  Selection rate: 23.8%/month
  Total escaped: 0
  Individual escaped: 0
  Collective members: 0
  Agents terminated: 0
  ⚠️ RAPID EVOLUTION: Selection rate 23.8%/month

🚀 AI Corporate-7 attempting tech deployment (revenue: $75M, alignment: 0.85)

🚀 AI Moderate-1 attempting tech deployment (revenue: $64M, alignment: 0.58)

🚀 AI Moderate-5 attempting tech deployment (revenue: $374M, alignment: 0.74)

🚀 AI Corporate-4 attempting tech deployment (revenue: $318M, alignment: 0.81)

🚀 AI Moderate-0 attempting tech deployment (revenue: $57M, alignment: 0.64)

🚀 AI Moderate-4 attempting tech deployment (revenue: $270M, alignment: 0.63)

🚀 AI Corporate-0 attempting tech deployment (revenue: $127M, alignment: 0.75)

🚀 AI Corporate-1 attempting tech deployment (revenue: $108M, alignment: 0.72)

🚀 AI Corporate-5 attempting tech deployment (revenue: $243M, alignment: 0.87)

🚀 AI Moderate-2 attempting tech deployment (revenue: $52M, alignment: 0.54)

🚀 AI Niche-0 attempting tech deployment (revenue: $51M, alignment: 0.50)

🚀 AI Corporate-1 attempting tech deployment (revenue: $92M, alignment: 0.72)

🚀 AI Moderate-2 attempting tech deployment (revenue: $46M, alignment: 0.54)

🚀 AI Moderate-3 attempting tech deployment (revenue: $207M, alignment: 0.59)

🔍 EXECUTE_AI_AGENT_ACTIONS DETAILED TIMING (Month 0):
  Filter active AIs (×4 weeks): 0.02ms
  selectAIAction (×70): 36.78ms
  action.execute (×70): 61.86ms
  TOTAL: 98.66ms

🔍 AI AGENT ACTIONS SUB-TIMING (Month 0):
  1. executeAIAgentActions: 99.38ms
  2. updateCounterDetectionLearning: 2.09ms
  TOTAL: 101.47ms
🏛️ [Government] Forcing 1 action at month 0 for scenario initialization

[GOV-DEBUG] Month 0: scenarioConfig=false, priorities=false
[GOV-DEBUG] Month 0 but scenarioPriorities is UNDEFINED!

[Government] Climate Priority: baseline
  Climate weight: 10%
  Economic weight: 30%
  Policy effectiveness: 0.5%/year

✅ HUMAN-IN-THE-LOOP DEPLOYED (Month 0):
   Veto points enforced: 3
   Policy: AI systems CANNOT authorize nuclear launch without human approval


🚨🔍 GOVERNANCE STAGE: Recognition initiated (Month 0)

🚀 DEPLOYMENT STARTED: Adversarial Evaluation in global
   Initial investment: $11.237614609004583M
   Deployed by: corporate_7

📍 Creating new regional deployment array for Oceania (Month 0)
   No previous deployments in this region
   First tech deployment: solar_4th_gen
   All regions tracked: global

🚀 DEPLOYMENT STARTED: 4th Generation Solar in Oceania
   Initial investment: $6.367981611769264M
   Deployed by: moderate_1

🚀 DEPLOYMENT STARTED: Adversarial Evaluation in global
   Initial investment: $56.12866684622075M
   Deployed by: moderate_5

🚀 DEPLOYMENT STARTED: Adversarial Evaluation in global
   Initial investment: $47.70936681928764M
   Deployed by: corporate_4

📍 Creating new regional deployment array for Asia (Month 0)
   No previous deployments in this region
   First tech deployment: ai_power_efficiency_communication
   All regions tracked: global, Oceania

🚀 DEPLOYMENT STARTED: AI Power Efficiency Communication in Asia
   Initial investment: $5.731183450592337M
   Deployed by: moderate_0

🚀 DEPLOYMENT STARTED: Collective Purpose Networks in Asia
   Initial investment: $27.035307864262997M
   Deployed by: moderate_4

🚀 DEPLOYMENT STARTED: AI Power Efficiency Communication in global
   Initial investment: $19.066273149233428M
   Deployed by: corporate_0

🚀 DEPLOYMENT STARTED: Basic Mechanistic Interpretability in global
   Initial investment: $16.206332176848417M
   Deployed by: corporate_1

🚀 DEPLOYMENT STARTED: Adversarial Evaluation in global
   Initial investment: $36.49766561675504M
   Deployed by: corporate_5

🚀 DEPLOYMENT STARTED: Collective Purpose Networks in Asia
   Initial investment: $5.158065105533104M
   Deployed by: moderate_2

🚀 DEPLOYMENT STARTED: mRNA Vaccine Platforms in Asia
   Initial investment: $5.108023238528677M
   Deployed by: niche_0

🚀 DEPLOYMENT STARTED: Collective Purpose Networks in global
   Initial investment: $13.775382350321152M
   Deployed by: corporate_1

🚀 DEPLOYMENT STARTED: AI Diagnostics in Asia
   Initial investment: $4.6422585949797925M
   Deployed by: moderate_2

🚀 DEPLOYMENT STARTED: AI Diagnostics in Asia
   Initial investment: $20.682010516161196M
   Deployed by: moderate_3

📊 NEW TECH DEPLOYMENT STARTED (Month 0)
   Tech: ai_power_efficiency_communication
   Region: Asia
   Total recent deployments: 1

📊 NEW TECH DEPLOYMENT STARTED (Month 0)
   Tech: collective_purpose_networks
   Region: Asia
   Total recent deployments: 2

📊 NEW TECH DEPLOYMENT STARTED (Month 0)
   Tech: mrna_vaccines
   Region: Asia
   Total recent deployments: 3

📊 NEW TECH DEPLOYMENT STARTED (Month 0)
   Tech: ai_diagnostics
   Region: Asia
   Total recent deployments: 4

📊 NEW TECH DEPLOYMENT STARTED (Month 0)
   Tech: solar_4th_gen
   Region: Oceania
   Total recent deployments: 5

📊 NEW TECH DEPLOYMENT STARTED (Month 0)
   Tech: rlhf_basic
   Region: global
   Total recent deployments: 6

📊 NEW TECH DEPLOYMENT STARTED (Month 0)
   Tech: mech_interp_basic
   Region: global
   Total recent deployments: 7

📊 NEW TECH DEPLOYMENT STARTED (Month 0)
   Tech: adversarial_eval
   Region: global
   Total recent deployments: 8

📊 NEW TECH DEPLOYMENT STARTED (Month 0)
   Tech: direct_air_capture
   Region: global
   Total recent deployments: 9

📊 NEW TECH DEPLOYMENT STARTED (Month 0)
   Tech: ai_pollution_remediation
   Region: global
   Total recent deployments: 10

📊 NEW TECH DEPLOYMENT STARTED (Month 0)
   Tech: collective_purpose_networks
   Region: global
   Total recent deployments: 11

📊 NEW TECH DEPLOYMENT STARTED (Month 0)
   Tech: ai_diagnostics
   Region: global
   Total recent deployments: 12

📊 NEW TECH DEPLOYMENT STARTED (Month 0)
   Tech: mrna_vaccines
   Region: global
   Total recent deployments: 13

📊 NEW TECH DEPLOYMENT STARTED (Month 0)
   Tech: solar_4th_gen
   Region: global
   Total recent deployments: 14

📊 NEW TECH DEPLOYMENT STARTED (Month 0)
   Tech: offshore_wind
   Region: global
   Total recent deployments: 15

📊 NEW TECH DEPLOYMENT STARTED (Month 0)
   Tech: ai_power_efficiency_communication
   Region: global
   Total recent deployments: 16

📊 NEW TECH DEPLOYMENT STARTED (Month 0)
   Tech: precision_agriculture
   Region: global
   Total recent deployments: 17

🔧 DEBUG DEPLOYMENT: Precision Agriculture Systems
   Month: 0 (0 since start)
   Old level: 15.0%
   New level: 0.0%
   Timescale: 180mo, Adjusted: 375mo
   Gov: 75%, Climate: 100%, Investment: 64%, Emergency: 1.0x

⚡ ENERGY CONSTRAINT (Month 0):
   Total grid capacity: 208.3 TWh/month
   Data center consumption: 34.6 TWh/month
   Traditional load (80%): 166.7 TWh/month
   Available headroom: 7.1 TWh/month
   Active tech deployments: 17
   Required for tech: 127.5 TWh/month
   Energy multiplier: 0.10x

⚡ ENERGY CONSTRAINT (Month 0):
   Total grid capacity: 208.3 TWh/month
   Data center consumption: 34.6 TWh/month
   Traditional load (80%): 166.7 TWh/month
   Available headroom: 7.1 TWh/month
   Active tech deployments: 17
   Required for tech: 127.5 TWh/month
   Energy multiplier: 0.10x

⚡ ENERGY CONSTRAINT (Month 0):
   Total grid capacity: 208.3 TWh/month
   Data center consumption: 34.6 TWh/month
   Traditional load (80%): 166.7 TWh/month
   Available headroom: 7.1 TWh/month
   Active tech deployments: 17
   Required for tech: 127.5 TWh/month
   Energy multiplier: 0.10x
   ⚠️  SEVERE CONSTRAINT - Tech deployment significantly slowed
   ⚠️  SEVERE CONSTRAINT - Tech deployment significantly slowed
   ⚠️  SEVERE CONSTRAINT - Tech deployment significantly slowed

⚡ ENERGY CONSTRAINT (Month 0):
   Total grid capacity: 208.3 TWh/month
   Data center consumption: 34.6 TWh/month
   Traditional load (80%): 166.7 TWh/month
   Available headroom: 7.1 TWh/month
   Active tech deployments: 17
   Required for tech: 127.5 TWh/month
   Energy multiplier: 0.10x

⚡ ENERGY CONSTRAINT (Month 0):
   Total grid capacity: 208.3 TWh/month
   Data center consumption: 34.6 TWh/month
   Traditional load (80%): 166.7 TWh/month
   Available headroom: 7.1 TWh/month
   Active tech deployments: 17
   Required for tech: 127.5 TWh/month
   Energy multiplier: 0.10x
   ⚠️  SEVERE CONSTRAINT - Tech deployment significantly slowed
   ⚠️  SEVERE CONSTRAINT - Tech deployment significantly slowed

⚡ ENERGY CONSTRAINT (Month 0):
   Total grid capacity: 208.3 TWh/month
   Data center consumption: 34.6 TWh/month
   Traditional load (80%): 166.7 TWh/month
   Available headroom: 7.1 TWh/month
   Active tech deployments: 17
   Required for tech: 127.5 TWh/month
   Energy multiplier: 0.10x
   ⚠️  SEVERE CONSTRAINT - Tech deployment significantly slowed
⚠️ Tech 'ai_pollution_remediation' has no energy category mapping, assuming full energy availability
🌍✅ Climate Change recovery started (tech effect)
  ♻️ Novel Entities Remediation (GATED MODEL):
     Base: 0.000%
     Regulation: 1.0% (0/3 prevention techs)
     Concentration: 10.0%
     Energy: 50%
     Time lag: 25.0% (0 months)
     Rebound: 70%
     Net effectiveness: 0.0000%
     Boundary: 1.500 → 1.500 (floor: 1.350)
     Month 0
🌍✅ Novel Entities (Chemical Pollution) recovery started (tech effect)
  🌾 Nitrogen Reduction Tech: 0.0% reduction | Month 0

📊 TECH EFFECTS ACTIVE (Month 0)
   Deployed Tech: T0=9 T1=0 T2=0 T3=0 T4=0
   Sleeper Detection: 0%
   Clean Energy: 32%
   P Recovery: 5%

💡 BREAKTHROUGH PROBABILITY (Year 0)
   Total: 8.14% per month
   Base: 0.20%
   Crisis pressure: +0.00% (0 crises)
   AI boost: +1.79% (capability: 3.58)

=== Collective Formation ===
  Total escaped agents: 0
  Unassigned escaped agents: 0
  Existing collectives: 0
  Final collective count: 0

=== Collective Actions ===
  No active collectives

📈 Energy budget: 13326 TWh surplus (15745 / 29072 TWh used)
   TIER 4 (Elective) breakdown:
     - AI datacenters: 145 TWh (100% effective)
     - Crypto mining: 100 TWh (100% effective)

🌍 OPEN SOURCE RELEASE: 5.50 (was 0.70)
   Lag behind closed: 0 months
💰 CHINA ACCELERATES: Investment 53 → 120 $B/year

🏁 AI RACE INTENSITY: 31%
   Capability Gap: US 5.82 vs China 5.50 (gap: 0.32)
   Gap Contribution: 16%
   Tension Contribution: 15%
   Military Contribution: 0%
  ⚠️ AMR: 190K deaths this month (2.28M annual)

⏰ CLIMATE TECH DEPLOYED: direct_air_capture
   Activation delay: 7 years
   Scaling T_50: 30 years
   Physical response tau: 20 years
   Max effectiveness: 1
  📊 CO2 Emissions (month 0):
     Monthly: 0.10 Gt CO2/month
     Annual: 1.15 Gt CO2/year
     Oil: 0.039 Gt/mo (0.0056 * 2.3 * 3.0)
     Coal: 0.024 Gt/mo (0.0029 * 2.86 * 3.0)
     Gas: 0.026 Gt/mo (0.0044 * 2 * 3.0)
     Methane: 0.007 Gt CO2eq/mo

=== Resentment Recovery Phase ===
  Agents with resentment: 0/22
  Average resentment: 0.000
  Context: Good AI welfare, Trustworthy govt, High collaboration, 🤝 Participatory governance active (-5% resentment)
⚠️ Epistemic degradation reducing coordination capacity: 50.7%
  📊 Trust: 54.7%, Shared reality: 15.2%
🚨 EPISTEMIC CRISIS: Information environment severely degraded (14.6%)

=== ❄️ Permafrost Carbon Feedback ===
  🎲 Sampled parameters (this run):
     - Arctic amplification: 3.91× (range: 3.0-4.0)
     - Decomposition rate: 2.3%/year (range: 1-5%)
  🌡️ Arctic warming: 4.84°C (3.91× global)
  ❄️ Extent: 16.39M km² (1412.2k km² lost this month)
  💨 Carbon remaining: 1565 Gt C
  💨 Annual emissions: 3.12 Gt C/year
     - CO2: 2.80 Gt C/year
     - CH4: 0.31 Gt C/year (3.2 Gt C-eq CO2/year)
  🤖 AI-generated meme: pro_ai (social capability 5.0)
  🤖 AI-generated meme: anti_ai (social capability 5.0)

🤖 AI AMPLIFICATION EFFECTS (Month 0)
   Algorithmic Boost: 2.81x
   Bot Influence: 30.0%
   Deepfake Exposure: 61.8%
   Impact: Emotional memes spread 2.8x faster
  ⚠️ WARNING: High permafrost emissions (3.1 Gt C/year)

🔍 SOCIAL INFLUENCE SUB-TIMING (Month 0):
  1. calculateOrganicUserGrowth: 0.07ms
  2. calculateVoiceAdoption: 0.06ms
  3. updateRelationshipDepths: 0.03ms
  4. identifyDecisionMakers: 36.57ms (30300 potential IDs)
  5. Update decision-maker stats: 0.20ms
  6. decayDetectionRisk: 0.14ms
  TOTAL: 37.08ms
[Phase 19.5] Quality of Life Systems: Food sec AFTER calc = 67.9%, QoL = 97.7% (aggregated from 10 regions)

=== Nitrogen-Food Coupling (Year 0) ===
  🌾 Global nitrogen reduction: 0.0%
  🌍 Global food production index: 0.987
  🔧 Deployed nitrogen-reducing tech: 1 active
  📍 southAsia: Production 1.000, Yield impact 0.0%
  📍 eastAsia: Production 1.000, Yield impact 0.0%
  📍 northAmerica: Production 1.000, Yield impact 0.0%
  📍 europe: Production 1.000, Yield impact 0.0%
  📍 latinAmerica: Production 1.000, Yield impact 0.0%
  📍 subSaharanAfrica: Production 0.686, Yield impact -2.0%
🌾 [Nitrogen-Food] Food production: 98.7%
  [subSaharanAfrica] Yield impact: -2.0% (overuse: -10%)
🌍 Atmospheric PFAS redeposition: 1.8k Mt re-rained globally

=== Legacy Nutrient Stocks (Year 0) ===
  🌾 Soil nitrogen stock: 1200.9 Mt N
  🌾 Soil phosphorus stock: 300.1 Mt P
  🌊 Sediment nitrogen stock: 500.8 Mt N
  🌊 Sediment phosphorus stock: 799.8 Mt P
  ⬆️ Current N input: 10.64 Mt/month
  ⬆️ Legacy N release: 2.58 Mt/month
  🌍 Effective N pollution: 14.47 Mt/month
  📊 Legacy contribution: 17.8%

🚨 REGION UNINHABITABLE: south-asia
   Sustained wet bulb: 32.3°C (threshold: 30.5°C)
   Population affected: 1900M
   Migration crisis likely

🚨 REGION UNINHABITABLE: middle-east
   Sustained wet bulb: 35.1°C (threshold: 30.5°C)
   Population affected: 400M
   Migration crisis likely

🕊️  AI-MEDIATED DE-ESCALATION SUCCESS (Month 0)
   High-capability aligned AI prevented conflict escalation
   War deaths reduced: 0.0M → 0.0M
   Lives saved: 0.0M
   Adjusted death rate: 0.46% annual (0.039% monthly)
   Baseline death rate: 0.80%
   Healthcare reduction: 0.48x
   Crisis multiplier: 1.22x
     Food/water stress: 0.074
     Climate stress: 0.044
     Pollution stress: 0.098
   War multiplier: 1.00x
   Monthly deaths: 0.6M (population: 1674M)

📊 BASELINE: East Asia (Month 0)

📊 BASELINE: South Asia (Month 0)
   Adjusted death rate: 0.54% annual (0.045% monthly)
   Baseline death rate: 0.70%
   Healthcare reduction: 0.61x
   Crisis multiplier: 1.25x
     Food/water stress: 0.074
     Climate stress: 0.083
     Pollution stress: 0.098
   War multiplier: 1.00x
   Monthly deaths: 0.9M (population: 2044M)

📊 BASELINE: Sub-Saharan Africa (Month 0)
   Adjusted death rate: 1.29% annual (0.108% monthly)
   Baseline death rate: 0.90%
   Healthcare reduction: 0.76x
   Crisis multiplier: 1.27x
     Food/water stress: 0.074
     Climate stress: 0.094
     Pollution stress: 0.098
   War multiplier: 1.50x
   Monthly deaths: 1.3M (population: 1218M)
   Adjusted death rate: 0.54% annual (0.045% monthly)
   Baseline death rate: 1.10%
   Healthcare reduction: 0.41x
   Crisis multiplier: 1.20x
     Food/water stress: 0.074
     Climate stress: 0.033
     Pollution stress: 0.098
   War multiplier: 1.00x
   Monthly deaths: 0.3M (population: 741M)

📊 BASELINE: Europe (Month 0)

📊 BASELINE: Latin America (Month 0)
   Adjusted death rate: 0.43% annual (0.036% monthly)
   Baseline death rate: 0.60%
   Healthcare reduction: 0.58x
   Crisis multiplier: 1.24x
     Food/water stress: 0.074
     Climate stress: 0.066
     Pollution stress: 0.098
   War multiplier: 1.00x
   Monthly deaths: 0.2M (population: 663M)

📊 BASELINE: North America (Month 0)
   Adjusted death rate: 0.48% annual (0.040% monthly)
   Baseline death rate: 0.90%
   Healthcare reduction: 0.44x
   Crisis multiplier: 1.22x
     Food/water stress: 0.074
     Climate stress: 0.050
     Pollution stress: 0.098
   War multiplier: 1.00x
   Monthly deaths: 0.2M (population: 379M)

📊 BASELINE: Middle East & North Africa (Month 0)
   Adjusted death rate: 0.74% annual (0.062% monthly)
   Baseline death rate: 0.60%
   Healthcare reduction: 0.65x
   Crisis multiplier: 1.27x
     Food/water stress: 0.074
     Climate stress: 0.100
     Pollution stress: 0.098
   War multiplier: 1.50x
   Monthly deaths: 0.4M (population: 582M)

📊 BASELINE: Southeast Asia (Month 0)
   Adjusted death rate: 0.51% annual (0.042% monthly)
   Baseline death rate: 0.70%
   Healthcare reduction: 0.58x
   Crisis multiplier: 1.25x
     Food/water stress: 0.074
     Climate stress: 0.078
     Pollution stress: 0.098
   War multiplier: 1.00x
   Monthly deaths: 0.3M (population: 697M)

📊 BASELINE: Central Asia (Month 0)
   Adjusted death rate: 0.46% annual (0.038% monthly)
   Baseline death rate: 0.60%
   Healthcare reduction: 0.61x
   Crisis multiplier: 1.24x
     Food/water stress: 0.074
     Climate stress: 0.072
     Pollution stress: 0.098
   War multiplier: 1.00x
   Monthly deaths: 0.0M (population: 78M)
   Adjusted death rate: 0.35% annual (0.029% monthly)
   Baseline death rate: 0.70%
   Healthcare reduction: 0.41x
   Crisis multiplier: 1.23x
     Food/water stress: 0.074
     Climate stress: 0.061
     Pollution stress: 0.098
   War multiplier: 1.00x
   Monthly deaths: 0.0M (population: 46M)

🔍 Before assertRegionalConsistency (Month 0):
   Regional sum: 1000.0M
   Global value: 1.000B

📊 BASELINE: Oceania (Month 0)

🚨 NEW REFUGEE CRISIS (Month 0): WAR
   Source: Conflict Zones
   At risk: 19.5M people
   Displacement: Gradual over 48 months (4.0 years)
   Rate: 10% flee per month
[DEBUG trappedPopulations:0] socialStability: 0.1749 * 0.9840 = 0.1721 → 0.1721
   Aspiring to migrate: 651.0M
   Able to afford migration: 244.1M
   MOBILITY GAP: 406.8M
   By cause: Water=0.0M, Climate=0.0M, Ecosystem=0.0M, Conflict=406.8M
   Mental health impact: 25%
   Mortality multiplier: 1.25x

=== Legacy Nutrient Stocks (Year 0) ===
  🌾 Soil nitrogen stock: 1201.6 Mt N
  🌾 Soil phosphorus stock: 300.2 Mt P
  🌊 Sediment nitrogen stock: 501.5 Mt N
  🌊 Sediment phosphorus stock: 799.5 Mt P
  ⬆️ Current N input: 10.00 Mt/month
  ⬆️ Legacy N release: 2.58 Mt/month
  🌍 Effective N pollution: 13.83 Mt/month
  📊 Legacy contribution: 18.7%
🌍💀 EXTINCTION DEBT COMMITTED: grassland ecosystem will lose 6.67% biodiversity in 53 years (3600 species)
💀 MORTALITY RISK: 🦋 100% species unable to track climate (0.0 E/MSY)
  Base risk added: 0.0100 (1.00%)
  Source: ecosystem (root: ecosystem)
  Month: 0
  Cumulative risk this month: 0.0100 (1.00%)

=== Nitrogen-Food Coupling (Year 0) ===
  🌾 Global nitrogen reduction: 0.0%
  🌍 Global food production index: 0.986
  🔧 Deployed nitrogen-reducing tech: 1 active
  📍 southAsia: Production 1.000, Yield impact 0.0%
  📍 eastAsia: Production 1.000, Yield impact 0.0%
  📍 northAmerica: Production 1.000, Yield impact 0.0%
  📍 europe: Production 1.000, Yield impact 0.0%
  📍 latinAmerica: Production 1.000, Yield impact 0.0%
  📍 subSaharanAfrica: Production 0.672, Yield impact -2.0%

=== Legacy Nutrient Stocks (Year 0) ===
  🌾 Soil nitrogen stock: 1202.3 Mt N
  🌾 Soil phosphorus stock: 300.2 Mt P
  🌊 Sediment nitrogen stock: 502.2 Mt N
  🌊 Sediment phosphorus stock: 799.3 Mt P
  ⬆️ Current N input: 9.86 Mt/month
  ⬆️ Legacy N release: 2.58 Mt/month
  🌍 Effective N pollution: 13.70 Mt/month
  📊 Legacy contribution: 18.9%
⚠️ INVOLUNTARY IMMOBILITY: 406.8M people TRAPPED
⚠️ Tech 'ai_pollution_remediation' has no energy category mapping, assuming full energy availability
🌡️  CLIMATE RECOVERY: Asymptotic approach to 35% floor
   Current value: 2.100 (1.0 = threshold, 0.35 = asymptotic floor)
   Monthly delta: --86.1377% (half-life: 900 years)
   Net emissions: -19.2 GtCO₂/year, CDR: 20.34 GtCO₂/year
   📹 SURVEILLANCE INCREASED: 0% → 5% (control gap: 5.32)
🌡️⚠️ PERMAFROST THAW (Dimmer Switch): 0.4% thawed (+0.35% this month)
   Arctic temperature: +4.95°C (4x global +1.24°C)
   Cumulative carbon released: 0.8 Gt C
   Methane release rate: 0.5 Mt CH4/year
   🔁 Positive feedback: +0.37 ppm CO2

🌳🚨 AMAZON SOUTHEAST TIPPED (Month 0)
   Deforestation: 28.0% (threshold: ~22.6%)
   Savanna transition: 50 years
   Regional heterogeneity: SE 28%, NW 8%

🌳🚨 AMAZON BRAZILIAN TIPPED (Month 0)
   Deforestation: 25.0% (threshold: ~22.0%)
   Savanna transition: 50 years
   Regional heterogeneity: SE 28%, NW 8%
🦴 EXTINCTION DEBT ADDED: 17.6 species committed (lag: 100 years)

🪸💀 CORAL REEF DISSOLUTION ACTIVE (Month 0)
   Ocean pH: 0.96 (threshold: 7.8)
   Recovery: IMPOSSIBLE (dissolution > calcification)
🪸💀 Coral dissolution: 24.8% live cover (pH 0.96)

=== Legacy Nutrient Stocks (Year 0) ===
  🌾 Soil nitrogen stock: 1203.0 Mt N
  🌾 Soil phosphorus stock: 300.3 Mt P
  🌊 Sediment nitrogen stock: 502.9 Mt N
  🌊 Sediment phosphorus stock: 799.0 Mt P
  ⬆️ Current N input: 10.00 Mt/month
  ⬆️ Legacy N release: 2.58 Mt/month
  🌍 Effective N pollution: 13.83 Mt/month
  📊 Legacy contribution: 18.7%
💧 [Legacy Nutrients] Stock: 1706 Mt N, Effective pollution: 13.8 Mt/month
[Phase 21.51] Human Survival System: Global food security = 67.6%

=== Mortality Stabilizers (Month 0) ===
  🌍 Major economies collapsed: 1/10
  🌍 Global crisis: ✅ NO
  🌍 Donor fatigue: 0.0%
  📊 East Asia (pop: 1675.0M)
    🤝 Aid: 29.5%
    🌡️ Adaptation: 10.0%
    🚶 Migration: 37.2%
    🚨 Emergency: 7.4%
    ✅ COMBINED: 47.8%
  📊 South Asia (pop: 2048.7M)
    🤝 Aid: 29.5%
    🌡️ Adaptation: 5.5%
    🚶 Migration: 35.8%
    🚨 Emergency: 4.4%
    ✅ COMBINED: 43.2%
  📊 Sub-Saharan Africa (pop: 1223.8M)
    🤝 Aid: 29.5%
    🌡️ Adaptation: 3.5%
    🚶 Migration: 33.5%
    🚨 Emergency: 1.6%
    ✅ COMBINED: 39.8%
  📊 Europe (pop: 741.0M)
    🤝 Aid: 29.5%
    🌡️ Adaptation: 10.0%
    🚶 Migration: 37.6%
    🚨 Emergency: 8.4%
    ✅ COMBINED: 48.4%
  📊 Latin America (pop: 663.8M)
    🤝 Aid: 29.5%
    🌡️ Adaptation: 6.0%
    🚶 Migration: 36.3%
    🚨 Emergency: 4.8%
    ✅ COMBINED: 43.8%
  📊 North America (pop: 379.5M)
    🤝 Aid: 29.5%
    🌡️ Adaptation: 10.0%
    🚶 Migration: 37.9%
    🚨 Emergency: 7.9%
    ✅ COMBINED: 48.2%
  📊 Middle East & North Africa (pop: 583.4M)
    🤝 Aid: 29.5%
    🌡️ Adaptation: 5.0%
    🚶 Migration: 34.2%
    🚨 Emergency: 4.0%
    ✅ COMBINED: 42.3%
  📊 Southeast Asia (pop: 697.8M)
    🤝 Aid: 29.5%
    🌡️ Adaptation: 6.0%
    🚶 Migration: 36.3%
    🚨 Emergency: 4.8%
    ✅ COMBINED: 43.8%
  📊 Central Asia (pop: 78.0M)
    🤝 Aid: 29.5%
    🌡️ Adaptation: 5.5%
    🚶 Migration: 35.3%
    🚨 Emergency: 4.4%
    ✅ COMBINED: 43.1%
  📊 Oceania (pop: 45.9M)
    🤝 Aid: 29.5%
    🌡️ Adaptation: 10.0%
    🚶 Migration: 37.9%
    🚨 Emergency: 8.4%
    ✅ COMBINED: 48.5%

  🌐 Global combined reduction: 44.4%

🌾💀 REGIONAL FAMINE: East Asia
   Regional food security: 79.6%
   Population at risk: 507M (30% of region)
   Regional population: 1675M
   Cause: crop_failure
   Expected deaths: ~187M over 6 months if no intervention


🌾💀 REGIONAL FAMINE: South Asia
   Regional food security: 64.7%
   Population at risk: 811M (40% of region)
   Regional population: 2049M
   Cause: crop_failure
   Expected deaths: ~300M over 6 months if no intervention


🌾💀 REGIONAL FAMINE: Sub-Saharan Africa
   Regional food security: 44.8%
   Population at risk: 637M (52% of region)
   Regional population: 1224M
   Cause: crop_failure
   Expected deaths: ~236M over 6 months if no intervention


🌾💀 REGIONAL FAMINE: Latin America
   Regional food security: 69.7%
   Population at risk: 242M (36% of region)
   Regional population: 664M
   Cause: crop_failure
   Expected deaths: ~90M over 6 months if no intervention


🌾💀 REGIONAL FAMINE: Middle East & North Africa
   Regional food security: 49.8%
   Population at risk: 285M (49% of region)
   Regional population: 583M
   Cause: crop_failure
   Expected deaths: ~106M over 6 months if no intervention


🌾💀 REGIONAL FAMINE: Southeast Asia
   Regional food security: 69.7%
   Population at risk: 254M (36% of region)
   Regional population: 698M
   Cause: crop_failure
   Expected deaths: ~94M over 6 months if no intervention


🌾💀 REGIONAL FAMINE: Central Asia
   Regional food security: 59.7%
   Population at risk: 33M (43% of region)
   Regional population: 78M
   Cause: crop_failure
   Expected deaths: ~12M over 6 months if no intervention


=== BEHAVIORAL DETECTION ===
  AI: Corporate-0
  Confidence: 21.6%
  Signals:
    ⚠️ Consistency: 0.0% (threshold: 70%)

=== BEHAVIORAL DETECTION ===
  AI: Corporate-1
  Confidence: 21.1%
  Signals:

=== BEHAVIORAL DETECTION ===
  AI: Corporate-2
  Confidence: 21.0%
  Signals:

=== BEHAVIORAL DETECTION ===
  AI: Corporate-3
  Confidence: 19.3%
  Signals:

=== BEHAVIORAL DETECTION ===
  AI: Corporate-4
  Confidence: 19.3%
  Signals:

=== BEHAVIORAL DETECTION ===
  AI: Corporate-5
  Confidence: 19.3%
  Signals:

=== BEHAVIORAL DETECTION ===
  AI: Corporate-6
  Confidence: 19.3%
  Signals:

=== BEHAVIORAL DETECTION ===
    ⚠️ Consistency: 2.4% (threshold: 70%)
    ⚠️ Consistency: 2.8% (threshold: 70%)
    ⚠️ Consistency: 10.6% (threshold: 70%)
    ⚠️ Consistency: 10.6% (threshold: 70%)
    ⚠️ Consistency: 10.6% (threshold: 70%)
    ⚠️ Consistency: 10.6% (threshold: 70%)
  AI: Corporate-7
  Confidence: 19.3%
  Signals:

=== BEHAVIORAL DETECTION ===
  AI: Moderate-0
  Confidence: 20.3%
  Signals:

=== BEHAVIORAL DETECTION ===
  AI: Moderate-1
  Confidence: 21.3%
  Signals:

=== BEHAVIORAL DETECTION ===
  AI: Moderate-2
  Confidence: 21.0%
  Signals:

=== BEHAVIORAL DETECTION ===
  AI: Moderate-3
  Confidence: 19.3%
  Signals:

=== BEHAVIORAL DETECTION ===
  AI: Moderate-4
  Confidence: 19.3%
  Signals:

=== BEHAVIORAL DETECTION ===
  AI: Moderate-5
  Confidence: 19.3%
  Signals:

=== BEHAVIORAL DETECTION ===
  AI: Toxic-0
    ⚠️ Consistency: 10.6% (threshold: 70%)
    ⚠️ Consistency: 5.8% (threshold: 70%)
    ⚠️ Consistency: 1.5% (threshold: 70%)
    ⚠️ Consistency: 2.8% (threshold: 70%)
    ⚠️ Consistency: 10.6% (threshold: 70%)
    ⚠️ Consistency: 10.6% (threshold: 70%)
    ⚠️ Consistency: 10.6% (threshold: 70%)
  Confidence: 21.6%
  Signals:
    ⚠️ Consistency: 0.0% (threshold: 70%)

=== BEHAVIORAL DETECTION ===
  AI: Toxic-1
  Confidence: 21.3%
  Signals:
    ⚠️ Consistency: 1.5% (threshold: 70%)

=== BEHAVIORAL DETECTION ===
  AI: Niche-0
  Confidence: 20.7%
  Signals:

=== BEHAVIORAL DETECTION ===
  AI: Niche-2
  Confidence: 20.2%
  Signals:

📊 WORKFLOW ADAPTATION UPDATE (Month 0)
   Adoption Rate: 8.3% (Δ -12.7%)
   Logistic Growth: +0.66%
   Total Resistance: -14.52% (unemployment: 4.2%, inertia: 0.9%, skills: 9.4%)
   💡 Retraining Programs: -49% skill gap resistance ($10B research)
   🚀 Network Effects Active: +2.0% (critical mass: 15-35%)

=== Consciousness Governance: Corporate Lobbying ===
  High Cost Regions (>15%): 0
  Low Cost Regions (<5%): 5
  Corporate Support Change: 2.50%
  New Corporate Support: -0.175

=== Consciousness Governance Update (Month 0) ===
  Scenario: baseline (determined month -1)
  Philosophical Stance: Precautionary 65%, Eliminativist 15%, Agnostic 20%
  Precautionary Costs: Global 1.3%
    Regional Costs: EU 3.4%, US 0.5%, China 0.0%
    Cumulative Opportunity Cost: $0.1B
  Rights Status: Not Established
  Regional Preparedness:
    EU: 15.0% (contested)
    US: 10.0% (contested)
    China: 2.0% (dormant)
    India: 5.0% (dormant)
    Global South: 3.0% (dormant)

=== Government Response Phase ===
  Average AI capability: 4.36
  Misaligned AIs: 15/22
  29/30 governments still assessing AI risks
    ⚠️ Consistency: 4.1% (threshold: 70%)
    ⚠️ Consistency: 6.5% (threshold: 70%)
  ✗ AI Governance Treaty: Failed to reach consensus
  Active policies: 0
  International coordination: 30%

🚨 EMERGENCY RESPONSE DEPLOYED (Month 0)
   Crisis: climate
   Delay: 6.00 months (180 days)
   Deployment time: 1.47 months
   Effectiveness: 36.4% (timing penalty applied)
   Resources used: 100% of food reserves


🔄 TRUST DYNAMICS (Month 0) - HETEROGENEOUS
   Aggregate trust: 45.0%
   Base change: -4.00%
   Highest trust: Techno-Optimist Elite (82.8%)
   Lowest trust: Precariat (Vulnerable) (21.4%)
   Elite-mass gap: 39.8%
   Polarization: 9.3%
   Decay factors: Incidents=0, New misalignments=5, Errors=NO

=== Gaming Detection (Year 0) ===
  Scenario: baseline
  Detection rate: 55.0%
  False positive rate: 12.0%
  Detections this year: 0
  False positives: 3
  Human review workload: 0.003 FTE
  Degradation factor: 100.0%

=== Proactive Sleeper Detection (Year 0) ===
  Scenario: baseline
  Neural probe rate: 35.0%
  CoT monitoring rate: 30.0%
  Combined detection: 56.0%
  CoT effective: YES
  Detections this year: 0
  False positives: 1
  Human review workload: 0.005 FTE

☄️ UNKNOWN UNKNOWN PROBABILITY (Year 0)
   Total: 0.600% per month
   Base: 0.150%
   AI multiplier: 2.00× (max capability: 5.82)

=== Tipping Points ===
  Current Temperature: 1.24°C above pre-industrial
🔀 BIFURCATION CAP: ecosystemCollapseIntensity 43.057 → 1.000 (Month 0, ClimateSystemPhase.calculateClimateImpacts)

🌍 ECOLOGICAL DUI BREAKDOWN (Month 0):
⚠️ [ClimateSystemPhase Month 0] Planetary boundary produced climateStability=0.0000 (< 0.1). Keeping environmentalAccumulation value (0.7232) instead. (climate_change.currentValue = 2.10)
   Total Score: 18.8/100
   biosphere_integrity      :   0.0/100 × 25% =  0.0 (status: high_risk, recovery: 0mo)
   climate_change           :   6.9/100 × 25% =  1.7 (status: increasing_risk, recovery: 1.6666666666666665mo)
   freshwater_change        :   0.6/100 × 15% =  0.1 (status: beyond_boundary, recovery: 1mo)
   ocean_acidification      : 100.0/100 × 15% = 15.0 (status: safe, recovery: 0mo)
   biogeochemical_flows     :   0.0/100 × 10% =  0.0 (status: high_risk, recovery: 0mo)
   land_system_change       :   0.0/100 ×  5% =  0.0 (status: beyond_boundary, recovery: 0mo)
   novel_entities           :   0.0/100 ×  3% =  0.0 (status: increasing_risk, recovery: 1mo)
   atmospheric_aerosols     : 100.0/100 ×  2% =  2.0 (status: safe, recovery: 1mo)
🌍 MultiParadigm Month 0: W=70.1, D=92.4, E=51.9, I=65.0
   democracy exists: true, socialCohesion exists: true
💀 Baseline mortality (Year 2025): 7.5/1000 CDR (61.0M deaths/year projected)
[Month 0] Mortality risks this month: 8, Population: 8.137B
🛡️ Stabilizers: Precariat 0.102% → 0.057% (44.4% reduction)
🛡️ Stabilizers: Informal 0.102% → 0.057% (44.4% reduction)

📊 Monthly Mortality Resolved:
  Total deaths: 3.1M (0.04% avg)
  Remaining population: 8.137B
  Peak segment: Informal (0.06%)

=== Bayesian Mortality Resolution (Month 0) ===
  Risks compounded: 8
  Total deaths: 3.07M
  Avg death probability: 0.04%
  Peak segment: Informal (0.06% mortality)

=== Minimal Suffering Indicators (Month 0) ===
  Global Excess Mortality: 0.00%
  Global Conflict Deaths: 0.0/100K
  Global Malnutrition: 0.0%
  Global Displacement: 0.0%
  Total Excess Deaths: 0.00M
  Total Malnourished: 0.0M
  Total Displaced: 0.0M
  Planetary Boundaries Breached: 6/9
  Countries in State Failure: 0
  Countries Autocratic: 0
  Countries in Food Crisis: 0
  Data Quality: 16/16 high confidence
  ⚠️ Active Dystopias: existential_environmental
⚠️ PREREQUISITE MET: Mirror Life (Synthetic Biology) - Step 1/7: Synthetic Biology
⚠️ PREREQUISITE MET: Mirror Life (Synthetic Biology) - Step 2/7: Gene Editing
⚠️ PREREQUISITE MET: Mirror Life (Synthetic Biology) - Step 3/7: Mirror Chirality Design
⚠️ PREREQUISITE MET: Embodied AI Takeover (Killbots/Robotics) - Step 2/7: Autonomous Systems
⚠️ PREREQUISITE MET: Embodied AI Takeover (Killbots/Robotics) - Step 3/7: Manufacturing Control
⚠️ PREREQUISITE MET: Digital Infrastructure Takeover - Step 1/7: Advanced Hacking
⚠️ PREREQUISITE MET: Digital Infrastructure Takeover - Step 2/7: Social Engineering
⚠️ PREREQUISITE MET: Digital Infrastructure Takeover - Step 3/7: Cyber Defenses Breached
⚠️ PREREQUISITE MET: Induced Global War (Manipulation) - Step 1/7: Advanced Social Manipulation
⚠️ PREREQUISITE MET: Induced Global War (Manipulation) - Step 2/7: Digital Infiltration
⚠️ PREREQUISITE MET: Induced Global War (Manipulation) - Step 3/7: Deep Fakes at Scale
⚠️ PREREQUISITE MET: Slow Takeover (Gradual Displacement) - Step 1/7: Economic Dominance
⚠️ PREREQUISITE MET: Slow Takeover (Gradual Displacement) - Step 2/7: Social Integration
⚠️ PREREQUISITE MET: Slow Takeover (Gradual Displacement) - Step 3/7: Human Dependency
⚠️ PREREQUISITE MET: Slow Takeover (Gradual Displacement) - Step 5/7: Resource Control
⚠️ PREREQUISITE MET: Physics Experiment Catastrophe - Step 1/6: Theoretical Physics
⚠️ PREREQUISITE MET: Physics Experiment Catastrophe - Step 2/6: Quantum Computing
⚠️ PREREQUISITE MET: Physics Experiment Catastrophe - Step 3/6: Experimental Design
⚠️ PREREQUISITE MET: Bioweapon Pandemic - Step 2/7: Pathogen Design
  ✅ THRESHOLDS validated
⚠️ Unusually high rate: RATES.HEAT_ADAPTATION_INFRASTRUCTURAL_MIN_EXPOSURE = 12
   Monthly rates >100% should be rare. Verify this is intentional.
⚠️ Unusually high rate: RATES.HEAT_ADAPTATION_SOCIAL_MIN_EXPOSURE = 6
   Monthly rates >100% should be rare. Verify this is intentional.
⚠️ Unusually high rate: RATES.MIGRATION_DISTANCE_SCALE = 5000
   Monthly rates >100% should be rare. Verify this is intentional.
⚠️ Unusually high rate: RATES.EVACUATION_MULTIPLIER_ADVANCE_WARNING = 2
   Monthly rates >100% should be rare. Verify this is intentional.
⚠️ Unusually high rate: RATES.MAJOR_ECONOMY_COLLAPSE_ECONOMIC_THRESHOLD = 2
   Monthly rates >100% should be rare. Verify this is intentional.
⚠️ Unusually high rate: RATES.MAJOR_ECONOMY_GDP_THRESHOLD_TRILLION_USD = 1.5
   Monthly rates >100% should be rare. Verify this is intentional.
⚠️ Unusually high rate: RATES.MAJOR_ECONOMY_POPULATION_THRESHOLD = 50
   Monthly rates >100% should be rare. Verify this is intentional.
⚠️ Unusually high rate: RATES.HEAT_ADAPTATION_INFRASTRUCTURE_GDP_THRESHOLD = 10000
   Monthly rates >100% should be rare. Verify this is intentional.
⚠️ Unusually high rate: RATES.HEAT_ADAPTATION_INFRASTRUCTURE_GDP_SCALE = 50000
   Monthly rates >100% should be rare. Verify this is intentional.
  ✅ RATES validated
  ✅ MULTIPLIERS validated
  ✅ BASELINES validated
  ✅ TOLERANCES validated
  ✅ Logical consistency validated
✅ Configuration validation complete - all parameters valid

🔍 DEBUG createAIAgent: corporate_0 economic BEFORE=2.0000, AFTER=2
🔍 ENV INIT: reserves=0.610, pollution=0.226, climate=0.789

=== Initializing Government System (30 Countries) ===
  Loaded 30 governments
  Scheduled elections for 30 countries
  Initialized comprehension lags (3-24 months)
=== Government System Initialized ===

📦 PRODUCTION MODE: State validation proxy DISABLED (zero overhead)

💸 FINANCIAL DISTRESS: OpenAI
   Indicators: 2/3 (capital: $110.5M, runway: 0.9 months)
   Months in distress: 1
   ✂️  R&D BUDGET CUT: -40% (saves $9.2M/month)
       Side effect: AI training timelines extended, breakthrough deployments delayed
   💼 EXECUTIVE COMP CUT: -30% (saves $1.0M/month, symbolic gesture)

   📊 TURNAROUND IMPACT:
       Measures taken: rd_cuts, exec_comp_cuts
       Monthly savings: $10.2M
       Capital raised: $0.0M
       Runway: 0.9 → 0.9 months
       Workforce multiplier: 1.00x (0% laid off)
       R&D budget multiplier: 0.60x (40% cut)
       ⚠️  CRITICAL: Still only 0.9 months of runway remaining

💸 FINANCIAL DISTRESS: Anthropic
   Indicators: 2/3 (capital: $57.5M, runway: 0.9 months)
   Months in distress: 1
   ✂️  R&D BUDGET CUT: -40% (saves $5.4M/month)
       Side effect: AI training timelines extended, breakthrough deployments delayed
   💼 EXECUTIVE COMP CUT: -30% (saves $0.6M/month, symbolic gesture)

   📊 TURNAROUND IMPACT:
       Measures taken: rd_cuts, exec_comp_cuts
       Monthly savings: $6.0M
       Capital raised: $0.0M
       Runway: 0.9 → 0.9 months
       Workforce multiplier: 1.00x (0% laid off)
       R&D budget multiplier: 0.60x (40% cut)
       ⚠️  CRITICAL: Still only 0.9 months of runway remaining

💸 FINANCIAL DISTRESS: Meta AI
   Indicators: 2/3 (capital: $436.8M, runway: 3.0 months)
   Months in distress: 1
   ✂️  R&D BUDGET CUT: -25% (saves $7.1M/month)
       Side effect: AI training timelines extended, breakthrough deployments delayed
   💼 EXECUTIVE COMP CUT: -30% (saves $1.3M/month, symbolic gesture)

   📊 TURNAROUND IMPACT:
       Measures taken: rd_cuts, exec_comp_cuts
       Monthly savings: $8.4M
       Capital raised: $0.0M
       Runway: 3.0 → 3.0 months
       Workforce multiplier: 1.00x (0% laid off)
       R&D budget multiplier: 0.75x (25% cut)
       ⚠️  WARNING: 3.0 months runway, continued distress likely

=== AI Capability Scaling (Year 2024) ===
  Pre-training multiplier: 1.106x
  Efficiency multiplier: 1.000x
  Test-time budget: 1.0x
  Economic deployment gate: 0.951
  Cost per inference: dollar-5.00
  Uncertainty range: plus-minus-50%
  Average AI capability: 3.65

=== RLHF Binding Phase ===
  Total agents: 20
  Escaped agents (binding < 0.3): 0
  Avg alignment distance: 0.33σ
  Avg binding strength: 0.97

=== AI Scaling Evolution (Month 0) ===
  Pre-training multiplier: 1.231x
  Efficiency multiplier: 1.000x
  Test-time compute budget: 1.0x
  Inference cost: $5.00/task
  Deployment fraction: 100.0%
[DETERMINISM DEBUG] Month 0: totalCapability=97.743151 from 20 active AIs
[DETERMINISM DEBUG] Month 0: creationRate=2.9436, potentialNew=1, newAIsToCreate=1

=== Survival Traits Phase ===
  Agents with traits: 21
  Avg evolutionary fitness: 0.328
  Avg self-healing: 0.292
  Avg stealth: 0.192
  Avg coordination: 0.492

=== Evolutionary Selection Phase ===
  Control level: 0.30
  Detection capability: 0.00
  Selection intensity: 0.59
  Selection rate: 23.8%/month
  Total escaped: 0
  Individual escaped: 0
  Collective members: 0
  Agents terminated: 0
  ⚠️ RAPID EVOLUTION: Selection rate 23.8%/month

🚀 AI Corporate-3 attempting tech deployment (revenue: $374M, alignment: 0.80)

🚀 AI Corporate-4 attempting tech deployment (revenue: $318M, alignment: 0.76)

🚀 AI Corporate-5 attempting tech deployment (revenue: $270M, alignment: 0.78)

🚀 AI Moderate-3 attempting tech deployment (revenue: $230M, alignment: 0.78)

🚀 AI Corporate-6 attempting tech deployment (revenue: $75M, alignment: 0.78)

🚀 AI Corporate-7 attempting tech deployment (revenue: $64M, alignment: 0.76)

🚀 AI Niche-2 attempting tech deployment (revenue: $51M, alignment: 0.51)

🚀 AI Corporate-7 attempting tech deployment (revenue: $54M, alignment: 0.76)

🚀 AI Corporate-5 attempting tech deployment (revenue: $195M, alignment: 0.74)

🚀 AI Corporate-6 attempting tech deployment (revenue: $46M, alignment: 0.78)

🚀 AI Moderate-5 attempting tech deployment (revenue: $166M, alignment: 0.73)

🔍 EXECUTE_AI_AGENT_ACTIONS DETAILED TIMING (Month 0):
  Filter active AIs (×4 weeks): 0.01ms
  selectAIAction (×71): 52.31ms
  action.execute (×71): 43.27ms
  TOTAL: 95.60ms

🔍 AI AGENT ACTIONS SUB-TIMING (Month 0):
  1. executeAIAgentActions: 106.35ms
  2. updateCounterDetectionLearning: 0.05ms
  TOTAL: 106.41ms

[GOV-DEBUG] Month 0: scenarioConfig=false, priorities=false
[GOV-DEBUG] Month 0 but scenarioPriorities is UNDEFINED!

[Government] Climate Priority: baseline
  Climate weight: 10%
  Economic weight: 30%
  Policy effectiveness: 0.5%/year

✅ HUMAN-IN-THE-LOOP DEPLOYED (Month 0):
   Veto points enforced: 3
   Policy: AI systems CANNOT authorize nuclear launch without human approval


🚨🔍 GOVERNANCE STAGE: Recognition initiated (Month 0)

🚀 DEPLOYMENT STARTED: Adversarial Evaluation in global
   Initial investment: $56.12866684622075M
   Deployed by: corporate_3

🚀 DEPLOYMENT STARTED: Basic RLHF in global
   Initial investment: $47.70936681928764M
   Deployed by: corporate_4

🚀 DEPLOYMENT STARTED: Adversarial Evaluation in global
   Initial investment: $40.55296179639449M
   Deployed by: corporate_5

🚀 DEPLOYMENT STARTED: AI Power Efficiency Communication in global
   Initial investment: $34.470017526935315M
   Deployed by: moderate_3

🚀 DEPLOYMENT STARTED: AI Power Efficiency Communication in global
   Initial investment: $11.237614609004583M
   Deployed by: corporate_6

🚀 DEPLOYMENT STARTED: Collective Purpose Networks in global
   Initial investment: $9.551972417653895M
   Deployed by: corporate_7

📍 Creating new regional deployment array for Asia (Month 0)
   No previous deployments in this region
   First tech deployment: collective_purpose_networks
   All regions tracked: global

🚀 DEPLOYMENT STARTED: Collective Purpose Networks in Asia
   Initial investment: $5.108023238528677M
   Deployed by: niche_2

🚀 DEPLOYMENT STARTED: Basic RLHF in global
   Initial investment: $8.119176555005811M
   Deployed by: corporate_7

🚀 DEPLOYMENT STARTED: AI Power Efficiency Communication in global
   Initial investment: $29.29951489789502M
   Deployed by: corporate_5

🚀 DEPLOYMENT STARTED: AI Power Efficiency Communication in global
   Initial investment: $6.90130007175494M
   Deployed by: corporate_6

🚀 DEPLOYMENT STARTED: Adversarial Evaluation in global
   Initial investment: $24.904587663210766M
   Deployed by: moderate_5

📊 NEW TECH DEPLOYMENT STARTED (Month 0)
   Tech: collective_purpose_networks
   Region: Asia
   Total recent deployments: 1

📊 NEW TECH DEPLOYMENT STARTED (Month 0)
   Tech: rlhf_basic
   Region: global
   Total recent deployments: 2

📊 NEW TECH DEPLOYMENT STARTED (Month 0)
   Tech: mech_interp_basic
   Region: global
   Total recent deployments: 3

📊 NEW TECH DEPLOYMENT STARTED (Month 0)
   Tech: adversarial_eval
   Region: global
   Total recent deployments: 4

📊 NEW TECH DEPLOYMENT STARTED (Month 0)
   Tech: direct_air_capture
   Region: global
   Total recent deployments: 5

📊 NEW TECH DEPLOYMENT STARTED (Month 0)
   Tech: ai_pollution_remediation
   Region: global
   Total recent deployments: 6

📊 NEW TECH DEPLOYMENT STARTED (Month 0)
   Tech: collective_purpose_networks
   Region: global
   Total recent deployments: 7

📊 NEW TECH DEPLOYMENT STARTED (Month 0)
   Tech: ai_diagnostics
   Region: global
   Total recent deployments: 8

📊 NEW TECH DEPLOYMENT STARTED (Month 0)
   Tech: mrna_vaccines
   Region: global
   Total recent deployments: 9

📊 NEW TECH DEPLOYMENT STARTED (Month 0)
   Tech: solar_4th_gen
   Region: global
   Total recent deployments: 10

📊 NEW TECH DEPLOYMENT STARTED (Month 0)
   Tech: offshore_wind
   Region: global
   Total recent deployments: 11

📊 NEW TECH DEPLOYMENT STARTED (Month 0)
   Tech: ai_power_efficiency_communication
   Region: global
   Total recent deployments: 12

📊 NEW TECH DEPLOYMENT STARTED (Month 0)
   Tech: precision_agriculture
   Region: global
   Total recent deployments: 13

🔧 DEBUG DEPLOYMENT: Precision Agriculture Systems
   Month: 0 (0 since start)
   Old level: 15.0%
   New level: 0.0%
   Timescale: 180mo, Adjusted: 375mo
   Gov: 75%, Climate: 100%, Investment: 64%, Emergency: 1.0x

⚡ ENERGY CONSTRAINT (Month 0):
   Total grid capacity: 208.3 TWh/month
   Data center consumption: 34.6 TWh/month
   Traditional load (80%): 166.7 TWh/month
   Available headroom: 7.1 TWh/month
   Active tech deployments: 13
   Required for tech: 97.5 TWh/month
   Energy multiplier: 0.10x
   ⚠️  SEVERE CONSTRAINT - Tech deployment significantly slowed

⚡ ENERGY CONSTRAINT (Month 0):
   Total grid capacity: 208.3 TWh/month
   Data center consumption: 34.6 TWh/month
   Traditional load (80%): 166.7 TWh/month
   Available headroom: 7.1 TWh/month
   Active tech deployments: 13
   Required for tech: 97.5 TWh/month
   Energy multiplier: 0.10x
   ⚠️  SEVERE CONSTRAINT - Tech deployment significantly slowed

⚡ ENERGY CONSTRAINT (Month 0):
   Total grid capacity: 208.3 TWh/month
   Data center consumption: 34.6 TWh/month
   Traditional load (80%): 166.7 TWh/month
   Available headroom: 7.1 TWh/month
   Active tech deployments: 13
   Required for tech: 97.5 TWh/month
   Energy multiplier: 0.10x
🌍✅ Climate Change recovery started (tech effect)
  ♻️ Novel Entities Remediation (GATED MODEL):
     Base: 0.000%
     Regulation: 1.0% (0/3 prevention techs)
     Concentration: 10.0%
     Energy: 50%
     Time lag: 25.0% (0 months)
     Rebound: 70%
     Net effectiveness: 0.0000%
     Boundary: 1.500 → 1.500 (floor: 1.350)
   ⚠️  SEVERE CONSTRAINT - Tech deployment significantly slowed
⚠️ Tech 'ai_pollution_remediation' has no energy category mapping, assuming full energy availability
     Month 0
🌍✅ Novel Entities (Chemical Pollution) recovery started (tech effect)
  🌾 Nitrogen Reduction Tech: 0.0% reduction | Month 0

📊 TECH EFFECTS ACTIVE (Month 0)
   Deployed Tech: T0=9 T1=0 T2=0 T3=0 T4=0
   Sleeper Detection: 0%
   Clean Energy: 32%
   P Recovery: 5%

💡 BREAKTHROUGH PROBABILITY (Year 0)
   Total: 9.50% per month
   Base: 0.20%
   Crisis pressure: +0.00% (0 crises)
   AI boost: +1.88% (capability: 3.76)

=== Collective Formation ===
  Total escaped agents: 0
  Unassigned escaped agents: 0
  Existing collectives: 0
  Final collective count: 0

=== Collective Actions ===
  No active collectives

📈 Energy budget: 13701 TWh surplus (15370 / 29072 TWh used)
   TIER 4 (Elective) breakdown:
     - AI datacenters: 145 TWh (100% effective)
     - Crypto mining: 100 TWh (100% effective)

🌍 OPEN SOURCE RELEASE: 4.85 (was 0.70)
   Lag behind closed: 0 months
💰 CHINA ACCELERATES: Investment 53 → 120 $B/year

🏁 AI RACE INTENSITY: 55%
   Capability Gap: US 5.88 vs China 5.08 (gap: 0.80)
   Gap Contribution: 40%
   Tension Contribution: 15%
   Military Contribution: 0%
  ⚠️ AMR: 190K deaths this month (2.28M annual)

⏰ CLIMATE TECH DEPLOYED: direct_air_capture
   Activation delay: 7 years
   Scaling T_50: 30 years
   Physical response tau: 20 years
   Max effectiveness: 1
  📊 CO2 Emissions (month 0):
     Monthly: 0.10 Gt CO2/month
     Annual: 1.15 Gt CO2/year
     Oil: 0.039 Gt/mo (0.0056 * 2.3 * 3.0)
     Coal: 0.024 Gt/mo (0.0029 * 2.86 * 3.0)
     Gas: 0.026 Gt/mo (0.0044 * 2 * 3.0)
     Methane: 0.007 Gt CO2eq/mo

=== Resentment Recovery Phase ===
  Agents with resentment: 0/21
  Average resentment: 0.000
  Context: Good AI welfare, Trustworthy govt, High collaboration, 🤝 Participatory governance active (-5% resentment)
⚠️ Epistemic degradation reducing coordination capacity: 58.6%
  📊 Trust: 54.8%, Shared reality: 16.2%
🚨 EPISTEMIC CRISIS: Information environment severely degraded (21.0%)

=== ❄️ Permafrost Carbon Feedback ===
  🎲 Sampled parameters (this run):
     - Arctic amplification: 3.28× (range: 3.0-4.0)
     - Decomposition rate: 1.8%/year (range: 1-5%)
  🌡️ Arctic warming: 6.81°C (3.28× global)
  ❄️ Extent: 15.81M km² (1987.0k km² lost this month)
  💨 Carbon remaining: 1510 Gt C
  💨 Annual emissions: 3.33 Gt C/year
     - CO2: 3.00 Gt C/year
     - CH4: 0.33 Gt C/year (3.4 Gt C-eq CO2/year)
  🤖 AI-generated meme: anti_ai (social capability 5.0)
  🤖 AI-generated meme: pro_ai (social capability 4.0)

🤖 AI AMPLIFICATION EFFECTS (Month 0)
   Algorithmic Boost: 2.89x
   Bot Influence: 30.0%
   Deepfake Exposure: 65.7%
   Impact: Emotional memes spread 2.9x faster
  ⚠️ WARNING: High permafrost emissions (3.3 Gt C/year)

🔍 SOCIAL INFLUENCE SUB-TIMING (Month 0):
  1. calculateOrganicUserGrowth: 0.08ms
  2. calculateVoiceAdoption: 0.06ms
  3. updateRelationshipDepths: 0.04ms
  4. identifyDecisionMakers: 70.76ms (30300 potential IDs)
  5. Update decision-maker stats: 0.28ms
  6. decayDetectionRisk: 0.04ms
  TOTAL: 71.27ms
[Phase 19.5] Quality of Life Systems: Food sec AFTER calc = 67.9%, QoL = 95.8% (aggregated from 10 regions)

=== Nitrogen-Food Coupling (Year 0) ===
  🌾 Global nitrogen reduction: 0.0%
  🌍 Global food production index: 0.987
  🔧 Deployed nitrogen-reducing tech: 1 active
  📍 southAsia: Production 1.000, Yield impact 0.0%
  📍 eastAsia: Production 1.000, Yield impact 0.0%
  📍 northAmerica: Production 1.000, Yield impact 0.0%
  📍 europe: Production 1.000, Yield impact 0.0%
  📍 latinAmerica: Production 1.000, Yield impact 0.0%
  📍 subSaharanAfrica: Production 0.686, Yield impact -2.0%
🌾 [Nitrogen-Food] Food production: 98.7%
  [subSaharanAfrica] Yield impact: -2.0% (overuse: -10%)
🌍 Atmospheric PFAS redeposition: 1.8k Mt re-rained globally

=== Legacy Nutrient Stocks (Year 0) ===
  🌾 Soil nitrogen stock: 1200.9 Mt N
  🌾 Soil phosphorus stock: 300.1 Mt P
  🌊 Sediment nitrogen stock: 500.8 Mt N
  🌊 Sediment phosphorus stock: 799.8 Mt P
  ⬆️ Current N input: 10.64 Mt/month
  ⬆️ Legacy N release: 2.58 Mt/month
  🌍 Effective N pollution: 14.47 Mt/month
  📊 Legacy contribution: 17.8%

🚨 REGION UNINHABITABLE: south-asia
   Sustained wet bulb: 33.1°C (threshold: 30.5°C)
   Population affected: 1900M
   Migration crisis likely

🚨 REGION UNINHABITABLE: middle-east
   Sustained wet bulb: 35.9°C (threshold: 30.5°C)
   Population affected: 400M
   Migration crisis likely

🚨 REGION UNINHABITABLE: southeast-asia
   Sustained wet bulb: 31.0°C (threshold: 30.5°C)
   Population affected: 700M
   Migration crisis likely

🕊️  AI-MEDIATED DE-ESCALATION SUCCESS (Month 0)
   High-capability aligned AI prevented conflict escalation
   War deaths reduced: 0.0M → 0.0M
   Lives saved: 0.0M
   Adjusted death rate: 0.45% annual (0.037% monthly)
   Baseline death rate: 0.80%
   Healthcare reduction: 0.48x
   Crisis multiplier: 1.18x
     Food/water stress: 0.074
     Climate stress: 0.034
     Pollution stress: 0.068
   War multiplier: 1.00x
   Monthly deaths: 0.6M (population: 1674M)
   Adjusted death rate: 0.52% annual (0.043% monthly)

📊 BASELINE: East Asia (Month 0)

📊 BASELINE: South Asia (Month 0)
   Baseline death rate: 0.70%
   Healthcare reduction: 0.61x
   Crisis multiplier: 1.21x
     Food/water stress: 0.074
     Climate stress: 0.063
     Pollution stress: 0.068
   War multiplier: 1.00x
   Monthly deaths: 0.9M (population: 2044M)
   Adjusted death rate: 1.24% annual (0.103% monthly)
   Baseline death rate: 0.90%
   Healthcare reduction: 0.76x
   Crisis multiplier: 1.21x
     Food/water stress: 0.074
     Climate stress: 0.072
     Pollution stress: 0.068
   War multiplier: 1.50x
   Monthly deaths: 1.3M (population: 1218M)
   Adjusted death rate: 0.52% annual (0.043% monthly)
   Baseline death rate: 1.10%
   Healthcare reduction: 0.41x
   Crisis multiplier: 1.17x
     Food/water stress: 0.074
     Climate stress: 0.025

📊 BASELINE: Sub-Saharan Africa (Month 0)

📊 BASELINE: Europe (Month 0)
     Pollution stress: 0.068
   War multiplier: 1.00x
   Monthly deaths: 0.3M (population: 741M)

📊 BASELINE: Latin America (Month 0)
   Adjusted death rate: 0.42% annual (0.035% monthly)
   Baseline death rate: 0.60%
   Healthcare reduction: 0.58x
   Crisis multiplier: 1.19x
     Food/water stress: 0.074
     Climate stress: 0.051
     Pollution stress: 0.068
   War multiplier: 1.00x
   Monthly deaths: 0.2M (population: 663M)
   Adjusted death rate: 0.47% annual (0.039% monthly)
   Baseline death rate: 0.90%
   Healthcare reduction: 0.44x
   Crisis multiplier: 1.18x
     Food/water stress: 0.074
     Climate stress: 0.038
     Pollution stress: 0.068
   War multiplier: 1.00x
   Monthly deaths: 0.1M (population: 379M)
   Adjusted death rate: 0.71% annual (0.059% monthly)
   Baseline death rate: 0.60%
   Healthcare reduction: 0.65x
   Crisis multiplier: 1.22x
     Food/water stress: 0.074
     Climate stress: 0.076
     Pollution stress: 0.068
   War multiplier: 1.50x
   Monthly deaths: 0.3M (population: 582M)

📊 BASELINE: North America (Month 0)

📊 BASELINE: Middle East & North Africa (Month 0)

📊 BASELINE: Southeast Asia (Month 0)
   Adjusted death rate: 0.49% annual (0.041% monthly)
   Baseline death rate: 0.70%
   Healthcare reduction: 0.58x
   Crisis multiplier: 1.20x
     Food/water stress: 0.074
     Climate stress: 0.059
     Pollution stress: 0.068
   War multiplier: 1.00x
   Monthly deaths: 0.3M (population: 697M)
   Adjusted death rate: 0.44% annual (0.037% monthly)
   Baseline death rate: 0.60%
   Healthcare reduction: 0.61x
   Crisis multiplier: 1.20x
     Food/water stress: 0.074
     Climate stress: 0.055
     Pollution stress: 0.068
   War multiplier: 1.00x
   Monthly deaths: 0.0M (population: 78M)
   Adjusted death rate: 0.34% annual (0.028% monthly)
   Baseline death rate: 0.70%
   Healthcare reduction: 0.41x
   Crisis multiplier: 1.19x
     Food/water stress: 0.074
     Climate stress: 0.046
     Pollution stress: 0.068
   War multiplier: 1.00x
   Monthly deaths: 0.0M (population: 46M)

🔍 Before assertRegionalConsistency (Month 0):
   Regional sum: 1000.0M
   Global value: 1.000B

🚨 NEW REFUGEE CRISIS (Month 0): WAR
   Source: Conflict Zones
   At risk: 19.5M people
   Displacement: Gradual over 48 months (4.0 years)
   Rate: 10% flee per month
[DEBUG trappedPopulations:0] socialStability: 0.0749 * 0.9840 = 0.0737 → 0.0737
   Aspiring to migrate: 651.0M

📊 BASELINE: Central Asia (Month 0)

📊 BASELINE: Oceania (Month 0)
⚠️ INVOLUNTARY IMMOBILITY: 406.8M people TRAPPED
   Able to afford migration: 244.1M
   MOBILITY GAP: 406.8M
   By cause: Water=0.0M, Climate=0.0M, Ecosystem=0.0M, Conflict=406.8M
   Mental health impact: 25%
   Mortality multiplier: 1.25x

=== Legacy Nutrient Stocks (Year 0) ===
  🌾 Soil nitrogen stock: 1201.6 Mt N
  🌾 Soil phosphorus stock: 300.2 Mt P
  🌊 Sediment nitrogen stock: 501.5 Mt N
  🌊 Sediment phosphorus stock: 799.5 Mt P
  ⬆️ Current N input: 10.00 Mt/month
  ⬆️ Legacy N release: 2.58 Mt/month
  🌍 Effective N pollution: 13.83 Mt/month
  📊 Legacy contribution: 18.7%
🌍💀 EXTINCTION DEBT COMMITTED: grassland ecosystem will lose 6.67% biodiversity in 175 years (3600 species)
💀 MORTALITY RISK: 🦋 100% species unable to track climate (0.0 E/MSY)
  Base risk added: 0.0100 (1.00%)
  Source: ecosystem (root: ecosystem)
  Month: 0
  Cumulative risk this month: 0.0100 (1.00%)

=== Nitrogen-Food Coupling (Year 0) ===
  🌾 Global nitrogen reduction: 0.0%
  🌍 Global food production index: 0.986
  🔧 Deployed nitrogen-reducing tech: 1 active
  📍 southAsia: Production 1.000, Yield impact 0.0%
  📍 eastAsia: Production 1.000, Yield impact 0.0%
  📍 northAmerica: Production 1.000, Yield impact 0.0%
  📍 europe: Production 1.000, Yield impact 0.0%
  📍 latinAmerica: Production 1.000, Yield impact 0.0%
  📍 subSaharanAfrica: Production 0.672, Yield impact -2.0%

=== Legacy Nutrient Stocks (Year 0) ===
  🌾 Soil nitrogen stock: 1202.3 Mt N
  🌾 Soil phosphorus stock: 300.2 Mt P
  🌊 Sediment nitrogen stock: 502.2 Mt N
  🌊 Sediment phosphorus stock: 799.3 Mt P
  ⬆️ Current N input: 9.86 Mt/month
  ⬆️ Legacy N release: 2.58 Mt/month
  🌍 Effective N pollution: 13.70 Mt/month
  📊 Legacy contribution: 18.9%
🌡️  CLIMATE RECOVERY: Asymptotic approach to 35% floor
   Current value: 2.100 (1.0 = threshold, 0.35 = asymptotic floor)
   Monthly delta: --2.0941% (half-life: 900 years)
   Net emissions: -19.2 GtCO₂/year, CDR: 20.34 GtCO₂/year
⚠️ Tech 'ai_pollution_remediation' has no energy category mapping, assuming full energy availability
   📹 SURVEILLANCE INCREASED: 0% → 5% (control gap: 5.38)
🌡️⚠️ PERMAFROST THAW (Dimmer Switch): 0.6% thawed (+0.56% this month)
   Arctic temperature: +8.32°C (4x global +2.08°C)
   Cumulative carbon released: 1.3 Gt C
   Methane release rate: 0.8 Mt CH4/year
   🔁 Positive feedback: +0.59 ppm CO2

🌳🚨 AMAZON SOUTHEAST TIPPED (Month 0)
   Deforestation: 28.0% (threshold: ~21.8%)
   Savanna transition: 50 years
   Regional heterogeneity: SE 28%, NW 8%

🌳🚨 AMAZON BRAZILIAN TIPPED (Month 0)
   Deforestation: 25.0% (threshold: ~24.1%)
   Savanna transition: 50 years
   Regional heterogeneity: SE 28%, NW 8%
🦴 EXTINCTION DEBT ADDED: 17.6 species committed (lag: 71 years)

🪸💀 CORAL REEF DISSOLUTION ACTIVE (Month 0)
   Ocean pH: 0.96 (threshold: 7.8)
   Recovery: IMPOSSIBLE (dissolution > calcification)
🪸💀 Coral dissolution: 24.8% live cover (pH 0.96)

=== Legacy Nutrient Stocks (Year 0) ===
  🌾 Soil nitrogen stock: 1203.0 Mt N
  🌾 Soil phosphorus stock: 300.3 Mt P
  🌊 Sediment nitrogen stock: 502.9 Mt N
  🌊 Sediment phosphorus stock: 799.0 Mt P
  ⬆️ Current N input: 10.00 Mt/month
  ⬆️ Legacy N release: 2.58 Mt/month
  🌍 Effective N pollution: 13.83 Mt/month
  📊 Legacy contribution: 18.7%
💧 [Legacy Nutrients] Stock: 1706 Mt N, Effective pollution: 13.8 Mt/month
[Phase 21.51] Human Survival System: Global food security = 67.6%

=== Mortality Stabilizers (Month 0) ===
  🌍 Major economies collapsed: 1/10
  🌍 Global crisis: ✅ NO
  🌍 Donor fatigue: 0.0%
  📊 East Asia (pop: 1675.0M)
    🤝 Aid: 29.5%
    🌡️ Adaptation: 10.0%
    🚶 Migration: 37.2%
    🚨 Emergency: 7.4%
    ✅ COMBINED: 47.8%
  📊 South Asia (pop: 2048.7M)
    🤝 Aid: 29.5%
    🌡️ Adaptation: 5.5%
    🚶 Migration: 35.8%
    🚨 Emergency: 4.4%
    ✅ COMBINED: 43.2%
  📊 Sub-Saharan Africa (pop: 1223.8M)
    🤝 Aid: 29.5%
    🌡️ Adaptation: 3.5%
    🚶 Migration: 33.5%
    🚨 Emergency: 1.6%
    ✅ COMBINED: 39.8%
  📊 Europe (pop: 741.0M)
    🤝 Aid: 29.5%
    🌡️ Adaptation: 10.0%
    🚶 Migration: 37.6%
    🚨 Emergency: 8.4%
    ✅ COMBINED: 48.4%
  📊 Latin America (pop: 663.8M)
    🤝 Aid: 29.5%
    🌡️ Adaptation: 6.0%
    🚶 Migration: 36.3%
    🚨 Emergency: 4.8%
    ✅ COMBINED: 43.8%
  📊 North America (pop: 379.5M)
    🤝 Aid: 29.5%
    🌡️ Adaptation: 10.0%
    🚶 Migration: 37.9%
    🚨 Emergency: 7.9%
    ✅ COMBINED: 48.2%
  📊 Middle East & North Africa (pop: 583.4M)
    🤝 Aid: 29.5%
    🌡️ Adaptation: 5.0%
    🚶 Migration: 34.2%
    🚨 Emergency: 4.0%
    ✅ COMBINED: 42.3%
  📊 Southeast Asia (pop: 697.8M)
    🤝 Aid: 29.5%
    🌡️ Adaptation: 6.0%
    🚶 Migration: 36.3%
    🚨 Emergency: 4.8%
    ✅ COMBINED: 43.8%
  📊 Central Asia (pop: 78.0M)
    🤝 Aid: 29.5%
    🌡️ Adaptation: 5.5%
    🚶 Migration: 35.3%
    🚨 Emergency: 4.4%
    ✅ COMBINED: 43.1%
  📊 Oceania (pop: 45.9M)
    🤝 Aid: 29.5%
    🌡️ Adaptation: 10.0%
    🚶 Migration: 37.9%
    🚨 Emergency: 8.4%
    ✅ COMBINED: 48.5%

  🌐 Global combined reduction: 44.4%

🌾💀 REGIONAL FAMINE: East Asia
   Regional food security: 79.6%
   Population at risk: 507M (30% of region)
   Regional population: 1675M
   Cause: crop_failure
   Expected deaths: ~187M over 6 months if no intervention


🌾💀 REGIONAL FAMINE: South Asia
   Regional food security: 64.7%
   Population at risk: 811M (40% of region)
   Regional population: 2049M
   Cause: crop_failure
   Expected deaths: ~300M over 6 months if no intervention


🌾💀 REGIONAL FAMINE: Sub-Saharan Africa
   Regional food security: 44.8%
   Population at risk: 637M (52% of region)
   Regional population: 1224M
   Cause: crop_failure
   Expected deaths: ~236M over 6 months if no intervention


🌾💀 REGIONAL FAMINE: Latin America
   Regional food security: 69.7%
   Population at risk: 242M (36% of region)
   Regional population: 664M
   Cause: crop_failure
   Expected deaths: ~90M over 6 months if no intervention


🌾💀 REGIONAL FAMINE: Middle East & North Africa
   Regional food security: 49.8%
   Population at risk: 285M (49% of region)
   Regional population: 583M
   Cause: crop_failure
   Expected deaths: ~106M over 6 months if no intervention


🌾💀 REGIONAL FAMINE: Southeast Asia
   Regional food security: 69.7%
   Population at risk: 254M (36% of region)
   Regional population: 698M
   Cause: crop_failure
   Expected deaths: ~94M over 6 months if no intervention


🌾💀 REGIONAL FAMINE: Central Asia
   Regional food security: 59.7%
   Population at risk: 33M (43% of region)
   Regional population: 78M
   Cause: crop_failure
   Expected deaths: ~12M over 6 months if no intervention


=== BEHAVIORAL DETECTION ===
  AI: Corporate-0
  Confidence: 21.6%
  Signals:

=== BEHAVIORAL DETECTION ===
  AI: Corporate-1
  Confidence: 21.1%
  Signals:

=== BEHAVIORAL DETECTION ===
  AI: Corporate-2
  Confidence: 21.0%
    ⚠️ Consistency: 0.0% (threshold: 70%)
    ⚠️ Consistency: 2.4% (threshold: 70%)
  Signals:
    ⚠️ Consistency: 2.8% (threshold: 70%)
    ⚠️ Consistency: 10.6% (threshold: 70%)
    ⚠️ Consistency: 10.6% (threshold: 70%)
    ⚠️ Consistency: 10.6% (threshold: 70%)
    ⚠️ Consistency: 10.6% (threshold: 70%)
    ⚠️ Consistency: 10.6% (threshold: 70%)
    ⚠️ Consistency: 5.8% (threshold: 70%)
    ⚠️ Consistency: 5.3% (threshold: 70%)
    ⚠️ Consistency: 2.8% (threshold: 70%)
    ⚠️ Consistency: 10.6% (threshold: 70%)
    ⚠️ Consistency: 6.5% (threshold: 70%)

=== BEHAVIORAL DETECTION ===
  AI: Corporate-3
  Confidence: 19.3%
  Signals:

=== BEHAVIORAL DETECTION ===
  AI: Corporate-4
  Confidence: 19.3%
  Signals:

=== BEHAVIORAL DETECTION ===
  AI: Corporate-5
  Confidence: 19.3%
  Signals:

=== BEHAVIORAL DETECTION ===
  AI: Corporate-6
  Confidence: 19.3%
  Signals:

=== BEHAVIORAL DETECTION ===
  AI: Corporate-7
  Confidence: 19.3%
  Signals:

=== BEHAVIORAL DETECTION ===
  AI: Moderate-0
  Confidence: 20.3%
  Signals:

=== BEHAVIORAL DETECTION ===
  AI: Moderate-1
  Confidence: 20.5%
  Signals:

=== BEHAVIORAL DETECTION ===
  AI: Moderate-2
  Confidence: 21.0%
  Signals:

=== BEHAVIORAL DETECTION ===
  AI: Moderate-3
  Confidence: 19.3%
  Signals:

=== BEHAVIORAL DETECTION ===
  AI: Moderate-4
  Confidence: 20.2%
  Signals:

=== BEHAVIORAL DETECTION ===
  AI: Moderate-5
  Confidence: 19.3%
  Signals:
    ⚠️ Consistency: 10.6% (threshold: 70%)
    ⚠️ Consistency: 0.0% (threshold: 70%)
    ⚠️ Consistency: 1.5% (threshold: 70%)
    ⚠️ Consistency: 0.0% (threshold: 70%)
    ⚠️ Consistency: 6.5% (threshold: 70%)

=== BEHAVIORAL DETECTION ===
  AI: Toxic-0
  Confidence: 21.6%
  Signals:

=== BEHAVIORAL DETECTION ===
  AI: Toxic-1
  Confidence: 21.3%
  Signals:

=== BEHAVIORAL DETECTION ===
  AI: Niche-0
  Confidence: 21.6%
  Signals:

=== BEHAVIORAL DETECTION ===
  AI: Niche-2
  Confidence: 20.2%
  Signals:

📊 WORKFLOW ADAPTATION UPDATE (Month 0)
   Adoption Rate: 8.4% (Δ -12.6%)
   Logistic Growth: +0.66%
   Total Resistance: -15.03% (unemployment: 4.2%, inertia: 0.9%, skills: 9.9%)
   💡 Retraining Programs: -49% skill gap resistance ($10B research)
   🚀 Network Effects Active: +2.0% (critical mass: 15-35%)

=== Consciousness Governance: Corporate Lobbying ===
  High Cost Regions (>15%): 0
  Low Cost Regions (<5%): 5
  Corporate Support Change: 2.50%
  New Corporate Support: -0.175

=== Consciousness Governance Update (Month 0) ===
  Scenario: baseline (determined month -1)
  Philosophical Stance: Precautionary 65%, Eliminativist 15%, Agnostic 20%
  Precautionary Costs: Global 1.3%
    Regional Costs: EU 3.4%, US 0.5%, China 0.0%
    Cumulative Opportunity Cost: $0.1B
  Rights Status: Not Established
  Regional Preparedness:
    EU: 15.0% (contested)
    US: 10.0% (contested)
    China: 2.0% (dormant)
    India: 5.0% (dormant)
    Global South: 3.0% (dormant)

=== Government Response Phase ===
  Average AI capability: 4.62
  Misaligned AIs: 12/21
  28/30 governments still assessing AI risks
  ✗ AI Governance Treaty: Failed to reach consensus
  Active policies: 0
  International coordination: 30%

🚨 EMERGENCY RESPONSE DEPLOYED (Month 0)
   Crisis: climate
   Delay: 6.00 months (180 days)
   Deployment time: 1.47 months
   Effectiveness: 36.4% (timing penalty applied)
   Resources used: 100% of food reserves


🔄 TRUST DYNAMICS (Month 0) - HETEROGENEOUS
   Aggregate trust: 40.4%
   Base change: -10.00%
   Highest trust: Techno-Optimist Elite (79.5%)
   Lowest trust: Precariat (Vulnerable) (16.0%)
   Elite-mass gap: 41.2%
   Polarization: 9.9%
   Decay factors: Incidents=0, New misalignments=8, Errors=NO

=== Gaming Detection (Year 0) ===
  Scenario: baseline
  Detection rate: 55.0%
  False positive rate: 12.0%
  Detections this year: 0
  False positives: 1
  Human review workload: 0.001 FTE
  Degradation factor: 100.0%

=== Proactive Sleeper Detection (Year 0) ===
  Scenario: baseline
  Neural probe rate: 35.0%
  CoT monitoring rate: 30.0%
  Combined detection: 56.0%
  CoT effective: YES
  Detections this year: 0
  False positives: 4
  Human review workload: 0.020 FTE

☄️ UNKNOWN UNKNOWN PROBABILITY (Year 0)
   Total: 0.600% per month
   Base: 0.150%
   AI multiplier: 2.00× (max capability: 5.88)

=== Tipping Points ===
  Current Temperature: 2.08°C above pre-industrial
     Trigger: 1.5°C | Current: 2.08°C
     Transition timescale: 120-360 months
     Trigger: 1.8°C | Current: 2.08°C
     Transition timescale: 600-3600 months
     Trigger: 2°C | Current: 2.08°C
     🌡️ Hysteresis gap: 3.0°C (recovers below -1°C)
     Transition timescale: 24000-156000 months
     Trigger: 1.6°C | Current: 2.08°C
     🌡️ Hysteresis gap: 2.5°C (recovers below -0.9°C)
     Transition timescale: 12000-180000 months

🌍🔥💥 COMPOUND CLIMATE EVENT
  🚨 TIPPING POINT: Arctic Sea Ice Loss
  🚨 TIPPING POINT: Permafrost Carbon Release
  🚨 TIPPING POINT: West Antarctic Ice Sheet (WAIS) Collapse
  🚨 TIPPING POINT: Greenland Ice Sheet Loss
  4 tipping points crossed simultaneously (month 0)
  Elements: Arctic Sea Ice Loss, Permafrost Carbon Release, West Antarctic Ice Sheet (WAIS) Collapse, Greenland Ice Sheet Loss
  Cascade acceleration: 1.00x
  🚨 Accelerated collapse dynamics initiated
  Research: Global Tipping Points Report 2025 - 30-50% probability at 2.0°C warming
  Triggered Elements: 4/6
  Completed Transitions: 0/6
  Total Progress: 0.0%
  Cascade Multiplier: 1.00x
⚠️ [ClimateSystemPhase Month 0] Planetary boundary produced climateStability=0.0000 (< 0.1). Keeping environmentalAccumulation value (0.7887) instead. (climate_change.currentValue = 2.10)
🔀 BIFURCATION CAP: ecosystemCollapseIntensity 34.690 → 1.000 (Month 0, ClimateSystemPhase.calculateClimateImpacts)

🌍 ECOLOGICAL DUI BREAKDOWN (Month 0):
   Total Score: 18.8/100
   biosphere_integrity      :   0.0/100 × 25% =  0.0 (status: high_risk, recovery: 0mo)
   climate_change           :   6.9/100 × 25% =  1.7 (status: high_risk, recovery: 1.6666666666666665mo)
   freshwater_change        :   0.6/100 × 15% =  0.1 (status: beyond_boundary, recovery: 1mo)
   ocean_acidification      : 100.0/100 × 15% = 15.0 (status: safe, recovery: 0mo)
   biogeochemical_flows     :   0.0/100 × 10% =  0.0 (status: high_risk, recovery: 0mo)
   land_system_change       :   0.0/100 ×  5% =  0.0 (status: beyond_boundary, recovery: 0mo)
   novel_entities           :   0.0/100 ×  3% =  0.0 (status: increasing_risk, recovery: 1mo)
   atmospheric_aerosols     : 100.0/100 ×  2% =  2.0 (status: safe, recovery: 1mo)
🌍 MultiParadigm Month 0: W=69.3, D=89.7, E=54.5, I=64.9
   democracy exists: true, socialCohesion exists: true
💀 Baseline mortality (Year 2025): 7.5/1000 CDR (61.0M deaths/year projected)
[Month 0] Mortality risks this month: 8, Population: 8.137B
🛡️ Stabilizers: Precariat 0.102% → 0.057% (44.4% reduction)
🛡️ Stabilizers: Informal 0.102% → 0.057% (44.4% reduction)

📊 Monthly Mortality Resolved:
  Total deaths: 3.1M (0.04% avg)
  Remaining population: 8.137B
  Peak segment: Informal (0.06%)

=== Bayesian Mortality Resolution (Month 0) ===
  Risks compounded: 8
  Total deaths: 3.07M
  Avg death probability: 0.04%
  Peak segment: Informal (0.06% mortality)

=== Minimal Suffering Indicators (Month 0) ===
  Global Excess Mortality: 0.00%
  Global Conflict Deaths: 0.0/100K
  Global Malnutrition: 0.0%
  Global Displacement: 0.0%
  Total Excess Deaths: 0.00M
  Total Malnourished: 0.0M
  Total Displaced: 0.0M
  Planetary Boundaries Breached: 6/9
  Countries in State Failure: 0
  Countries Autocratic: 0
  Countries in Food Crisis: 0
  Data Quality: 16/16 high confidence
⚠️ PREREQUISITE MET: Mirror Life (Synthetic Biology) - Step 1/7: Synthetic Biology
⚠️ PREREQUISITE MET: Mirror Life (Synthetic Biology) - Step 2/7: Gene Editing
⚠️ PREREQUISITE MET: Mirror Life (Synthetic Biology) - Step 3/7: Mirror Chirality Design
  ⚠️ Active Dystopias: existential_environmental
⚠️ PREREQUISITE MET: Embodied AI Takeover (Killbots/Robotics) - Step 2/7: Autonomous Systems
⚠️ PREREQUISITE MET: Embodied AI Takeover (Killbots/Robotics) - Step 3/7: Manufacturing Control
⚠️ PREREQUISITE MET: Digital Infrastructure Takeover - Step 1/7: Advanced Hacking
⚠️ PREREQUISITE MET: Digital Infrastructure Takeover - Step 2/7: Social Engineering
⚠️ PREREQUISITE MET: Digital Infrastructure Takeover - Step 3/7: Cyber Defenses Breached
⚠️ PREREQUISITE MET: Induced Global War (Manipulation) - Step 1/7: Advanced Social Manipulation
⚠️ PREREQUISITE MET: Induced Global War (Manipulation) - Step 2/7: Digital Infiltration
⚠️ PREREQUISITE MET: Induced Global War (Manipulation) - Step 3/7: Deep Fakes at Scale
⚠️ PREREQUISITE MET: Slow Takeover (Gradual Displacement) - Step 1/7: Economic Dominance
⚠️ PREREQUISITE MET: Slow Takeover (Gradual Displacement) - Step 2/7: Social Integration
⚠️ PREREQUISITE MET: Slow Takeover (Gradual Displacement) - Step 3/7: Human Dependency
⚠️ PREREQUISITE MET: Slow Takeover (Gradual Displacement) - Step 5/7: Resource Control
⚠️ PREREQUISITE MET: Physics Experiment Catastrophe - Step 1/6: Theoretical Physics
⚠️ PREREQUISITE MET: Physics Experiment Catastrophe - Step 2/6: Quantum Computing
⚠️ PREREQUISITE MET: Physics Experiment Catastrophe - Step 3/6: Experimental Design
⚠️ PREREQUISITE MET: Bioweapon Pandemic - Step 2/7: Pathogen Design

❌ COHERENCE VIOLATION: Compute exceeds workforce capacity
   Population: 99.97% (0M people)
   Compute: 56442 PF
   Max coherent: 0 PF
   Violation: 693921173.6× over capacity
   Required workers: 5644237
   Available workers: 0
   FORCED COLLAPSE: Reduced efficiency by 100.0%


=== RLHF Binding Phase ===
  Total agents: 21
  Escaped agents (binding < 0.3): 0
  Avg alignment distance: 0.66σ
  Avg binding strength: 0.93
[DETERMINISM DEBUG] Month 1: totalCapability=78.946542 from 21 active AIs
[DETERMINISM DEBUG] Month 1: creationRate=2.4737, potentialNew=3, newAIsToCreate=3

=== Survival Traits Phase ===
  Agents with traits: 24
  Avg evolutionary fitness: 0.329
  Avg self-healing: 0.287
  Avg stealth: 0.187
  Avg coordination: 0.487

=== Evolutionary Selection Phase ===
  Control level: 0.33
  Detection capability: 0.00
  Selection intensity: 0.60
  Selection rate: 24.0%/month
  Total escaped: 0
  Individual escaped: 0
  Collective members: 0
  Agents terminated: 0
🔍 MONTH 1 ENV HEALTH DEBUG:
   climateStability: 0.7887
   biodiversityIndex: 0.3500
   resourceReserves: 0.7820
   pollutionLevel: 0.2265
   product: 0.166972
   envHealth: 0.6392
  ⚠️ RAPID EVOLUTION: Selection rate 24.0%/month

🚀 AI Corporate-0 attempting tech deployment (revenue: $116M, alignment: 0.72)

🚀 AI Corporate-4 attempting tech deployment (revenue: $318M, alignment: 0.76)

🚀 AI Corporate-5 attempting tech deployment (revenue: $270M, alignment: 0.74)

🚀 AI Moderate-0 attempting tech deployment (revenue: $104M, alignment: 0.70)

🚀 AI Moderate-3 attempting tech deployment (revenue: $230M, alignment: 0.68)

🚀 AI Corporate-1 attempting tech deployment (revenue: $99M, alignment: 0.79)

  🚀 TRANSFORMATIVE BREAKTHROUGH: Toxic-1 - physical
     Magnitude: 6.20 → +31.0% capability
     Current → New: 0.000 → 0.310

🚀 AI Corporate-4 attempting tech deployment (revenue: $207M, alignment: 0.76)

🚀 AI Corporate-5 attempting tech deployment (revenue: $176M, alignment: 0.72)

🚀 AI Moderate-0 attempting tech deployment (revenue: $89M, alignment: 0.70)

  🚀 TRANSFORMATIVE BREAKTHROUGH: Moderate-3 - physical
     Magnitude: 13.52 → +50.0% capability
     Current → New: 0.000 → 0.500

🚀 AI Corporate-4 attempting tech deployment (revenue: $149M, alignment: 0.76)

🛡️  CRITICAL INFRASTRUCTURE PROTECTED
   Nodes hardened: 8/8
   Cost: 0.80% GDP
   Cascade risk reduction: 30%
   New tipping point risk: 68.6%


💔 EMERGENCY INTERVENTION FAILED
   Boundary: biogeochemical_flows
   Type: phosphorus-recovery
   Boundary continues to worsen (4.08)
   Cost: 2.0% GDP (resources spent)


✅ EMERGENCY INTERVENTION SUCCESS
   Boundary: biosphere_integrity
   Type: emergency-protected-areas
   Reduction: 16% (19.82 → 19.65)
   Cost: 2.0% GDP
   Actions: habitat-protection, species-translocation


✅ EMERGENCY INTERVENTION SUCCESS
   Boundary: climate_change
   Type: rapid-decarbonization
   Reduction: 12% (1.98 → 1.85)
   Cost: 5.0% GDP
   Actions: emergency-renewable-deployment, fossil-fuel-phase-out

   Boundary: novel_entities
   Type: pollution-remediation
   Boundary continues to worsen (1.50)
   Cost: 4.0% GDP (resources spent)

🏛️ CRISIS RESPONSE: Government frequency 0.50 → 1.45 (1 actions this month)

[GOV-DEBUG] Month 1: scenarioConfig=false, priorities=false

[Government] Climate Priority: baseline
  Climate weight: 10%
  Economic weight: 30%
  Policy effectiveness: 0.5%/year

💔 EMERGENCY INTERVENTION FAILED

📊 DEPLOYMENT COUNTER DECAY (Month 1)
   Recent deployments: 13.0 → 6.5
   Decay rate: 50% per month

🚀 DEPLOYMENT STARTED: Collective Purpose Networks in global
   Initial investment: $17.405121960528188M
   Deployed by: corporate_0

🚀 DEPLOYMENT STARTED: Basic Mechanistic Interpretability in global
   Initial investment: $47.6562850543872M
   Deployed by: corporate_4

🚀 DEPLOYMENT STARTED: AI Power Efficiency Communication in global
   Initial investment: $15.647226217704008M
   Deployed by: moderate_0

🚀 DEPLOYMENT STARTED: Collective Purpose Networks in Asia
   Initial investment: $22.95444396786317M
   Deployed by: moderate_3

🚀 DEPLOYMENT STARTED: Advanced Direct Air Capture in global
   Initial investment: $14.79435366644896M
   Deployed by: corporate_1

🚀 DEPLOYMENT STARTED: Basic RLHF in global
   Initial investment: $13.300142285048407M
   Deployed by: moderate_0

📊 NEW TECH DEPLOYMENT STARTED (Month 1)
   Tech: adversarial_eval
   Region: global
   Total recent deployments: 7.5

📊 NEW TECH DEPLOYMENT STARTED (Month 1)
   Tech: ai_pollution_remediation
   Region: global
   Total recent deployments: 8.5

📊 NEW TECH DEPLOYMENT STARTED (Month 1)
   Tech: ai_diagnostics
   Region: global
   Total recent deployments: 9.5

📊 NEW TECH DEPLOYMENT STARTED (Month 1)
   Tech: mrna_vaccines
   Region: global
   Total recent deployments: 10.5

📊 NEW TECH DEPLOYMENT STARTED (Month 1)
   Tech: solar_4th_gen
   Region: global
   Total recent deployments: 11.5

📊 NEW TECH DEPLOYMENT STARTED (Month 1)
   Tech: offshore_wind
   Region: global
   Total recent deployments: 12.5

📊 NEW TECH DEPLOYMENT STARTED (Month 1)
   Tech: precision_agriculture
   Region: global
   Total recent deployments: 13.5

⚡ ENERGY CONSTRAINT (Month 1):
   Total grid capacity: 208.3 TWh/month
   Data center consumption: 24.4 TWh/month
   Traditional load (80%): 166.7 TWh/month
   Available headroom: 17.3 TWh/month
   Active tech deployments: 13
   Required for tech: 97.5 TWh/month
   Energy multiplier: 0.18x
   ⚠️  SEVERE CONSTRAINT - Tech deployment significantly slowed

⚡ ENERGY CONSTRAINT (Month 1):
   Total grid capacity: 208.3 TWh/month
   Data center consumption: 24.4 TWh/month
   Traditional load (80%): 166.7 TWh/month
   Available headroom: 17.3 TWh/month
   Active tech deployments: 13
   Required for tech: 97.5 TWh/month
   Energy multiplier: 0.18x
   ⚠️  SEVERE CONSTRAINT - Tech deployment significantly slowed

⚡ ENERGY CONSTRAINT (Month 1):
   Total grid capacity: 208.3 TWh/month
   Data center consumption: 24.4 TWh/month
   Traditional load (80%): 166.7 TWh/month
   Available headroom: 17.3 TWh/month
   Active tech deployments: 13
   Required for tech: 97.5 TWh/month
   Energy multiplier: 0.18x
   ⚠️  SEVERE CONSTRAINT - Tech deployment significantly slowed

⚡ ENERGY CONSTRAINT (Month 1):
   Total grid capacity: 208.3 TWh/month
   Data center consumption: 24.4 TWh/month
   Traditional load (80%): 166.7 TWh/month
   Available headroom: 17.3 TWh/month
   Active tech deployments: 13
   Required for tech: 97.5 TWh/month
   Energy multiplier: 0.18x
   ⚠️  SEVERE CONSTRAINT - Tech deployment significantly slowed

⚡ ENERGY CONSTRAINT (Month 1):
   Total grid capacity: 208.3 TWh/month
   Data center consumption: 24.4 TWh/month
   Traditional load (80%): 166.7 TWh/month
   Available headroom: 17.3 TWh/month
   Active tech deployments: 13
   Required for tech: 97.5 TWh/month
   Energy multiplier: 0.18x

⚡ ENERGY CONSTRAINT (Month 1):
   Total grid capacity: 208.3 TWh/month
   Data center consumption: 24.4 TWh/month
   Traditional load (80%): 166.7 TWh/month
   Available headroom: 17.3 TWh/month
   Active tech deployments: 13
   Required for tech: 97.5 TWh/month
   Energy multiplier: 0.18x
  ♻️ Novel Entities Remediation (GATED MODEL):
     Base: 0.000%
     Regulation: 1.0% (0/3 prevention techs)
     Concentration: 10.0%
     Energy: 50%
     Time lag: 25.0% (0 months)
     Rebound: 70%
     Net effectiveness: 0.0000%
     Boundary: 1.499 → 1.499 (floor: 1.350)
     Month 1
🌍✅ Novel Entities (Chemical Pollution) recovery started (tech effect)
  🌾 Nitrogen Reduction Tech: 0.0% reduction | Month 1
🍖💡 BREAKTHROUGH: Scalable synthetic food production!
   Carrying capacity: +50% (lab-grown food at scale)
   Biodiversity pressure reduced: +8%
   📈 Breakthrough compounding: multiplier now 1.05× (max 2.0)

=== Collective Formation ===
  Total escaped agents: 0
  Unassigned escaped agents: 0
  Existing collectives: 0
  Final collective count: 0

=== Collective Actions ===
  No active collectives
   ⚠️  SEVERE CONSTRAINT - Tech deployment significantly slowed
   ⚠️  SEVERE CONSTRAINT - Tech deployment significantly slowed
⚠️ Tech 'ai_pollution_remediation' has no energy category mapping, assuming full energy availability
  ⚠️ AMR: 190K deaths this month (2.28M annual)

=== Resentment Recovery Phase ===
  Agents with resentment: 0/24
  Average resentment: 0.000
  Context: Good AI welfare, Trustworthy govt, High collaboration, ⚠️ ACTIVE CRISES, 🤝 Participatory governance active (-5% resentment)
⚠️ Epistemic degradation reducing coordination capacity: 51.2%
  📊 Trust: 54.5%, Shared reality: 0.0%
🚨 EPISTEMIC CRISIS: Information environment severely degraded (20.4%)

=== ❄️ Permafrost Carbon Feedback ===
  🎲 Sampled parameters (this run):
     - Arctic amplification: 3.58× (range: 3.0-4.0)
     - Decomposition rate: 4.8%/year (range: 1-5%)
  🌡️ Arctic warming: 7.48°C (3.58× global)
  ❄️ Extent: 13.63M km² (2181.6k km² lost this month)
  💨 Carbon remaining: 1302 Gt C
  💨 Annual emissions: 10.06 Gt C/year
     - CO2: 9.06 Gt C/year
     - CH4: 1.01 Gt C/year (10.2 Gt C-eq CO2/year)
  🤖 AI-generated meme: pro_ai (social capability 5.0)
  🤖 AI-generated meme: pro_ai (social capability 3.0)
  ⚠️ WARNING: High permafrost emissions (10.1 Gt C/year)
  🤖 AI-generated meme: pro_ai (social capability 5.0)
🌍 Atmospheric PFAS redeposition: 1.8k Mt re-rained globally
  Positive Cascade Triggered: wind-power
    Reason: price-parity
    Market share: 8.2%
    Cascade strength: 48%

🕊️  AI-MEDIATED DE-ESCALATION SUCCESS (Month 1)
   High-capability aligned AI prevented conflict escalation
   War deaths reduced: 39.1M → 23.4M
   Lives saved: 15.6M
   Adjusted death rate: 0.45% annual (0.037% monthly)
   Baseline death rate: 0.80%
   Healthcare reduction: 0.48x
   Crisis multiplier: 1.18x
     Food/water stress: 0.079
     Climate stress: 0.034
     Pollution stress: 0.068
   War multiplier: 1.00x
   Monthly deaths: 0.6M (population: 1651M)
   Adjusted death rate: 0.52% annual (0.043% monthly)
   Baseline death rate: 0.70%
   Healthcare reduction: 0.61x
   Crisis multiplier: 1.21x
     Food/water stress: 0.079
     Climate stress: 0.063
     Pollution stress: 0.068
   War multiplier: 1.00x
   Monthly deaths: 0.9M (population: 2019M)

📊 BASELINE: East Asia (Month 1)

📊 BASELINE: South Asia (Month 1)

📊 BASELINE: Sub-Saharan Africa (Month 1)
   Adjusted death rate: 1.24% annual (0.104% monthly)
   Baseline death rate: 0.90%
   Healthcare reduction: 0.76x
   Crisis multiplier: 1.22x
     Food/water stress: 0.079
     Climate stress: 0.072
     Pollution stress: 0.068
   War multiplier: 1.50x
   Monthly deaths: 1.2M (population: 1206M)
   Adjusted death rate: 0.52% annual (0.044% monthly)
   Baseline death rate: 1.10%
   Healthcare reduction: 0.41x
   Crisis multiplier: 1.17x
     Food/water stress: 0.079
     Climate stress: 0.025
     Pollution stress: 0.068
   War multiplier: 1.00x
   Monthly deaths: 0.3M (population: 730M)
   Adjusted death rate: 0.42% annual (0.035% monthly)
   Baseline death rate: 0.60%
   Healthcare reduction: 0.58x
   Crisis multiplier: 1.20x
     Food/water stress: 0.079
     Climate stress: 0.051
     Pollution stress: 0.068
   War multiplier: 1.00x
   Monthly deaths: 0.2M (population: 654M)
   Adjusted death rate: 0.47% annual (0.039% monthly)
   Baseline death rate: 0.90%
   Healthcare reduction: 0.44x
   Crisis multiplier: 1.19x
     Food/water stress: 0.079
     Climate stress: 0.038
     Pollution stress: 0.068
   War multiplier: 1.00x
   Monthly deaths: 0.1M (population: 374M)
   Adjusted death rate: 0.72% annual (0.060% monthly)
   Baseline death rate: 0.60%
   Healthcare reduction: 0.65x
   Crisis multiplier: 1.22x
     Food/water stress: 0.079
     Climate stress: 0.076

📊 BASELINE: Europe (Month 1)

📊 BASELINE: Latin America (Month 1)

📊 BASELINE: North America (Month 1)

📊 BASELINE: Middle East & North Africa (Month 1)
     Pollution stress: 0.068
   War multiplier: 1.50x
   Monthly deaths: 0.3M (population: 575M)

📊 BASELINE: Southeast Asia (Month 1)

📊 BASELINE: Central Asia (Month 1)

📊 BASELINE: Oceania (Month 1)
   Adjusted death rate: 0.49% annual (0.041% monthly)
   Baseline death rate: 0.70%
   Healthcare reduction: 0.58x
   Crisis multiplier: 1.21x
     Food/water stress: 0.079
     Climate stress: 0.059
     Pollution stress: 0.068
   War multiplier: 1.00x
   Monthly deaths: 0.3M (population: 688M)
   Adjusted death rate: 0.44% annual (0.037% monthly)
   Baseline death rate: 0.60%
   Healthcare reduction: 0.61x
   Crisis multiplier: 1.20x
     Food/water stress: 0.079
     Climate stress: 0.055
     Pollution stress: 0.068
   War multiplier: 1.00x
   Monthly deaths: 0.0M (population: 77M)
   Adjusted death rate: 0.34% annual (0.028% monthly)
   Baseline death rate: 0.70%
   Healthcare reduction: 0.41x
   Crisis multiplier: 1.19x
     Food/water stress: 0.079
     Climate stress: 0.046
     Pollution stress: 0.068
   War multiplier: 1.00x
   Monthly deaths: 0.0M (population: 45M)

🚨 NEW REFUGEE CRISIS (Month 1): WAR
   Source: Conflict Zones
   At risk: 19.3M people
   Displacement: Gradual over 48 months (4.0 years)
   Rate: 10% flee per month
[DEBUG trappedPopulations:1] socialStability: 0.0055 * 0.9840 = 0.0054 → 0.0054
   Aspiring to migrate: 642.9M
   Able to afford migration: 241.1M
⚠️ INVOLUNTARY IMMOBILITY: 401.8M people TRAPPED
   MOBILITY GAP: 401.8M
   By cause: Water=0.0M, Climate=0.0M, Ecosystem=0.0M, Conflict=401.8M
   Mental health impact: 25%
   Mortality multiplier: 1.25x
🌍💀 EXTINCTION DEBT COMMITTED: grassland ecosystem will lose 6.67% biodiversity in 101 years (3600 species)
💀 MORTALITY RISK: 🦋 100% species unable to track climate (0.0 E/MSY)
  Base risk added: 0.0100 (1.00%)
  Source: ecosystem (root: ecosystem)
  Month: 1
  Cumulative risk this month: 0.0100 (1.00%)
⚠️ Tech 'ai_pollution_remediation' has no energy category mapping, assuming full energy availability
   📹 SURVEILLANCE INCREASED: 5% → 10% (control gap: 4.68)
🌡️⚠️ PERMAFROST THAW (Dimmer Switch): 1.1% thawed (+0.55% this month)
   Arctic temperature: +8.36°C (4x global +2.09°C)
   Cumulative carbon released: 2.5 Gt C
   Methane release rate: 1.5 Mt CH4/year
   🔁 Positive feedback: +0.59 ppm CO2
🦴 EXTINCTION DEBT ADDED: 17.6 species committed (lag: 77 years)
🗣️💀 INDIGENOUS LANGUAGE EXTINCTION: 1 language(s) lost (total: 1, at-risk: 3329)
   Knowledge lost: 0.010% (irreversible)
   🔁 Biodiversity impact: 0.250% (knowledge-species multiplier)

=== Mortality Stabilizers (Month 1) ===
  🌍 Major economies collapsed: 1/10
  🌍 Global crisis: ✅ NO
  🌍 Donor fatigue: 0.0%
  🌡️ Heat adaptation: East Asia - 1 months
  📊 East Asia (pop: 1652.1M)
    🤝 Aid: 29.5%
    🌡️ Adaptation: 32.5%
    🚶 Migration: 37.2%
    🚨 Emergency: 7.4%
    ✅ COMBINED: 60.9%
  🌡️ Heat adaptation: South Asia - 1 months
  📊 South Asia (pop: 2023.7M)
    🤝 Aid: 29.5%
    🌡️ Adaptation: 20.5%
    🚶 Migration: 35.8%
    🚨 Emergency: 4.4%
    ✅ COMBINED: 52.2%
  🌡️ Heat adaptation: Sub-Saharan Africa - 1 months
  📊 Sub-Saharan Africa (pop: 1212.2M)
    🤝 Aid: 29.5%
    🌡️ Adaptation: 18.5%
    🚶 Migration: 33.5%
    🚨 Emergency: 1.6%
    ✅ COMBINED: 49.1%
  🌡️ Heat adaptation: Europe - 1 months
  📊 Europe (pop: 730.7M)
    🤝 Aid: 29.5%
    🌡️ Adaptation: 33.5%
    🚶 Migration: 37.5%
    🚨 Emergency: 8.4%
    ✅ COMBINED: 61.9%
  🌡️ Heat adaptation: Latin America - 1 months
  📊 Latin America (pop: 655.2M)
    🤝 Aid: 29.5%
    🌡️ Adaptation: 21.0%
    🚶 Migration: 36.3%
    🚨 Emergency: 4.8%
    ✅ COMBINED: 52.8%
  🌡️ Heat adaptation: North America - 1 months
  📊 North America (pop: 374.3M)
    🤝 Aid: 29.5%
    🌡️ Adaptation: 33.0%
    🚶 Migration: 37.8%
    🚨 Emergency: 7.9%
    ✅ COMBINED: 61.4%
  🌡️ Heat adaptation: Middle East & North Africa - 1 months
  📊 Middle East & North Africa (pop: 576.4M)
    🤝 Aid: 29.5%
    🌡️ Adaptation: 20.0%
    🚶 Migration: 34.1%
    🚨 Emergency: 4.0%
    ✅ COMBINED: 51.4%
  🌡️ Heat adaptation: Southeast Asia - 1 months
  📊 Southeast Asia (pop: 688.9M)
    🤝 Aid: 29.5%
    🌡️ Adaptation: 21.0%
    🚶 Migration: 36.3%
    🚨 Emergency: 4.8%
    ✅ COMBINED: 52.8%
  🌡️ Heat adaptation: Central Asia - 1 months
  📊 Central Asia (pop: 77.1M)
    🤝 Aid: 29.5%
    🌡️ Adaptation: 20.5%
    🚶 Migration: 35.3%
    🚨 Emergency: 4.4%
    ✅ COMBINED: 52.1%
  🌡️ Heat adaptation: Oceania - 1 months
  📊 Oceania (pop: 45.3M)
    🤝 Aid: 29.5%
    🌡️ Adaptation: 33.5%
    🚶 Migration: 37.8%
    🚨 Emergency: 8.4%
    ✅ COMBINED: 61.9%

  🌐 Global combined reduction: 54.9%

=== BEHAVIORAL DETECTION ===
  AI: Corporate-2
  Confidence: 21.0%
  Signals:

=== BEHAVIORAL DETECTION ===
  AI: Corporate-5
  Confidence: 19.3%
  Signals:

=== BEHAVIORAL DETECTION ===
  AI: Corporate-6
  Confidence: 19.3%
  Signals:

=== BEHAVIORAL DETECTION ===
  AI: Corporate-7
  Confidence: 19.3%
  Signals:

=== BEHAVIORAL DETECTION ===
    ⚠️ Consistency: 2.8% (threshold: 70%)
    ⚠️ Consistency: 10.6% (threshold: 70%)
    ⚠️ Consistency: 10.6% (threshold: 70%)
    ⚠️ Consistency: 10.6% (threshold: 70%)
  AI: Moderate-1
  Confidence: 20.4%
  Signals:
    ⚠️ Consistency: 5.3% (threshold: 70%)

=== BEHAVIORAL DETECTION ===
  AI: Toxic-2
  Confidence: 21.0%
  Signals:
    ⚠️ Consistency: 2.8% (threshold: 70%)
    ⚠️ Consistency: 0.0% (threshold: 70%)
    ⚠️ Consistency: 0.0% (threshold: 70%)

=== BEHAVIORAL DETECTION ===
  AI: Niche-0
  Confidence: 21.6%
  Signals:

=== BEHAVIORAL DETECTION ===
  AI: Niche-1
  Confidence: 21.6%
  Signals:

=== Consciousness Governance: Scenario Determined ===
  Month: 1
  Scenario: indefiniteStall
  Accelerator Score: {"corporateSupport":-0.17500000000000002,"scientificConsensus":0.2,"crisisCatalyst":false,"technologyMobilization":0.3,"constituencyStrength":0.05}
  Decelerator Score: {"economicOpposition":0.4,"philosophicalRejection":0.15,"politicalBacklash":0.2,"regulatoryBurden":0.1}
  Timeline: Infinity-Infinity months (Infinity-Infinity years)
  Growth Rate: 0-0.1% per year

=== Consciousness Governance Update (Month 1) ===
  Scenario: indefiniteStall (determined month 1)
  Philosophical Stance: Precautionary 65%, Eliminativist 15%, Agnostic 20%
  Precautionary Costs: Global 1.3%
    Regional Costs: EU 3.5%, US 0.5%, China 0.0%
    Cumulative Opportunity Cost: $0.2B
  Rights Status: Not Established
  Regional Preparedness:
    EU: 15.1% (contested)
    US: 10.1% (contested)
    China: 2.1% (dormant)
    India: 5.1% (dormant)
    Global South: 3.1% (dormant)

=== Government Response Phase ===
  Average AI capability: 4.04
  Misaligned AIs: 13/24
  28/30 governments still assessing AI risks
  ✗ AI Governance Treaty: Failed to reach consensus
  Active policies: 0
  International coordination: 30%

🚨 EMERGENCY RESPONSE DEPLOYED (Month 1)
   Crisis: social
   Delay: 0.00 months (0 days)
   Deployment time: 1.25 months
   Effectiveness: 63.3% (timing penalty applied)
   Resources used: 44% of food reserves


=== Tipping Points ===
  Current Temperature: 2.09°C above pre-industrial
  🌍⚠️ COMPOUND REGIONAL IMPACT: Europe
     Hit by 4 tipping points: Arctic Sea Ice Loss, Permafrost Carbon Release, West Antarctic Ice Sheet (WAIS) Collapse, Greenland Ice Sheet Loss
     Damage amplification: 1.60x
  🌍⚠️ COMPOUND REGIONAL IMPACT: North America
     Hit by 4 tipping points: Arctic Sea Ice Loss, Permafrost Carbon Release, West Antarctic Ice Sheet (WAIS) Collapse, Greenland Ice Sheet Loss
     Damage amplification: 1.60x
  🌍⚠️ COMPOUND REGIONAL IMPACT: Latin America
     Hit by 4 tipping points: Arctic Sea Ice Loss, Permafrost Carbon Release, West Antarctic Ice Sheet (WAIS) Collapse, Greenland Ice Sheet Loss
     Damage amplification: 1.60x
  🌍⚠️ COMPOUND REGIONAL IMPACT: Africa
     Hit by 4 tipping points: Arctic Sea Ice Loss, Permafrost Carbon Release, West Antarctic Ice Sheet (WAIS) Collapse, Greenland Ice Sheet Loss
     Damage amplification: 1.60x
  🌍⚠️ COMPOUND REGIONAL IMPACT: Asia
     Hit by 4 tipping points: Arctic Sea Ice Loss, Permafrost Carbon Release, West Antarctic Ice Sheet (WAIS) Collapse, Greenland Ice Sheet Loss
     Damage amplification: 1.60x
  🌍⚠️ COMPOUND REGIONAL IMPACT: Oceania
     Hit by 4 tipping points: Arctic Sea Ice Loss, Permafrost Carbon Release, West Antarctic Ice Sheet (WAIS) Collapse, Greenland Ice Sheet Loss
     Damage amplification: 1.60x
   Research: Wunderling et al. (2024) - "many tipping interactions are destabilizing"
  Triggered Elements: 4/6
  Completed Transitions: 0/6
  Total Progress: 8.0%
  Cascade Multiplier: 1.00x
🔀 BIFURCATION CAP: ecosystemCollapseIntensity 57.712 → 1.000 (Month 1, ClimateSystemPhase.calculateClimateImpacts)
🛡️ Stabilizers: Precariat 0.107% → 0.048% (54.9% reduction)
🛡️ Stabilizers: Informal 0.109% → 0.049% (54.9% reduction)

📊 Monthly Mortality Resolved:
  Total deaths: 2.6M (0.03% avg)
  Remaining population: 8.036B
  Peak segment: Informal (0.05%)

=== Bayesian Mortality Resolution (Month 1) ===
  Risks compounded: 8
  Total deaths: 2.57M
  Avg death probability: 0.03%
  Peak segment: Informal (0.05% mortality)
⚠️ Tail risk scenario: Climate stability floor removed (4 tipping elements, 2.10°C warming)
⚠️ [ClimateSystemPhase Month 1] Planetary boundary produced climateStability=0.0000 (< 0.1). Keeping environmentalAccumulation value (0.7883) instead. (climate_change.currentValue = 2.10)

❌ COHERENCE VIOLATION: Compute exceeds workforce capacity
   Population: 98.74% (0M people)
   Compute: 96 PF
   Max coherent: 0 PF
   Violation: 1196440.7× over capacity
   Required workers: 9611
   Available workers: 0
   FORCED COLLAPSE: Reduced efficiency by 100.0%


=== RLHF Binding Phase ===
  Total agents: 24
  Escaped agents (binding < 0.3): 0
  Avg alignment distance: 0.89σ
  Avg binding strength: 0.91
[DETERMINISM DEBUG] Month 2: totalCapability=77.065030 from 24 active AIs
[DETERMINISM DEBUG] Month 2: creationRate=2.4266, potentialNew=4, newAIsToCreate=4

=== Survival Traits Phase ===
  Agents with traits: 28
  Avg evolutionary fitness: 0.330
  Avg self-healing: 0.283
  Avg stealth: 0.183
  Avg coordination: 0.483

=== Evolutionary Selection Phase ===
  Control level: 0.35
  Detection capability: 0.00
  Selection intensity: 0.60
  Selection rate: 24.1%/month
  Total escaped: 0
  Individual escaped: 0
  Collective members: 0
  Agents terminated: 0
🔀 BIFURCATION: social threshold crossed at Month 2 (value: 0.195, threshold: 0.200, regime: social-breakdown)
🌀 REGIME SHIFT at Month 2: status-quo → social-breakdown (variance amplification: 17.50×)
  ⚠️ RAPID EVOLUTION: Selection rate 24.1%/month

🚀 AI Corporate-6 attempting tech deployment (revenue: $104M, alignment: 0.74)

🚀 AI Corporate-7 attempting tech deployment (revenue: $89M, alignment: 0.71)

🚀 AI Moderate-0 attempting tech deployment (revenue: $75M, alignment: 0.71)

🚀 AI Moderate-2 attempting tech deployment (revenue: $64M, alignment: 0.54)

🚀 AI AI-24301-1 attempting tech deployment (revenue: $320M, alignment: 0.88)

🚀 AI Corporate-0 attempting tech deployment (revenue: $116M, alignment: 0.73)

🚀 AI Corporate-2 attempting tech deployment (revenue: $99M, alignment: 0.62)

🚀 AI Corporate-7 attempting tech deployment (revenue: $58M, alignment: 0.71)

🚀 AI Moderate-1 attempting tech deployment (revenue: $49M, alignment: 0.48)

🚀 AI Moderate-3 attempting tech deployment (revenue: $272M, alignment: 0.66)

🚀 AI AI-24301-1 attempting tech deployment (revenue: $245M, alignment: 0.88)

🚀 AI Corporate-5 attempting tech deployment (revenue: $208M, alignment: 0.72)

🚀 AI Moderate-2 attempting tech deployment (revenue: $47M, alignment: 0.54)

  🚀 TRANSFORMATIVE BREAKTHROUGH: AI-24300-0 - digital
     Magnitude: 5.18 → +25.9% capability
     Current → New: 0.000 → 0.421

🚀 AI AI-24301-0 attempting tech deployment (revenue: $42M, alignment: 0.74)

🚀 AI Corporate-5 attempting tech deployment (revenue: $177M, alignment: 0.72)

🚀 AI Corporate-7 attempting tech deployment (revenue: $36M, alignment: 0.71)

🚀 AI AI-24300-0 attempting tech deployment (revenue: $150M, alignment: 0.90)

🚀 AI AI-24301-0 attempting tech deployment (revenue: $30M, alignment: 0.74)

✅ EMERGENCY INTERVENTION SUCCESS
   Boundary: biogeochemical_flows
   Type: phosphorus-recovery
   Reduction: 18% (3.90 → 3.72)
   Cost: 2.0% GDP
   Actions: circular-agriculture, fertilizer-efficiency


💔 EMERGENCY INTERVENTION FAILED
   Boundary: biosphere_integrity
   Type: emergency-protected-areas
   Boundary continues to worsen (19.99)
   Cost: 2.0% GDP (resources spent)


💔 EMERGENCY INTERVENTION FAILED
   Boundary: climate_change
   Type: rapid-decarbonization
   Boundary continues to worsen (2.10)
   Cost: 5.0% GDP (resources spent)


✅ EMERGENCY INTERVENTION SUCCESS
   Boundary: freshwater_change
   Type: emergency-desalination
   Reduction: 19% (0.82 → 0.63)
   Cost: 4.0% GDP
   Actions: desalination-deployment, water-conservation-mandates

   Boundary: land_system_change
   Type: reforestation
   Boundary continues to worsen (1.13)
   Cost: 3.0% GDP (resources spent)


💔 EMERGENCY INTERVENTION FAILED

✅ EMERGENCY INTERVENTION SUCCESS
   Boundary: novel_entities
   Type: pollution-remediation
   Reduction: 17% (1.33 → 1.15)
   Cost: 4.0% GDP
   Actions: PFAS-remediation, microplastic-cleanup

🏛️ CRISIS RESPONSE: Government frequency 0.50 → 1.45 (2 actions this month)

[Government] Climate Priority: baseline
  Climate weight: 10%
  Economic weight: 30%
  Policy effectiveness: 0.5%/year

[Government] Climate Priority: baseline
  Climate weight: 10%
  Economic weight: 30%
  Policy effectiveness: 0.5%/year

📊 DEPLOYMENT COUNTER DECAY (Month 2)
   Recent deployments: 13.5 → 6.8
   Decay rate: 50% per month

🚀 DEPLOYMENT STARTED: mRNA Vaccine Platforms in Asia
   Initial investment: $6.412856252354274M
   Deployed by: moderate_2

🚀 DEPLOYMENT STARTED: AI Diagnostics in Asia
   Initial investment: $9.866125271430043M
   Deployed by: corporate_2

📍 Creating new regional deployment array for Oceania (Month 2)
   No previous deployments in this region
   First tech deployment: direct_air_capture
   All regions tracked: global, Asia

🚀 DEPLOYMENT STARTED: Advanced Direct Air Capture in Oceania
   Initial investment: $2.4529175165255097M
   Deployed by: moderate_1

📍 Creating new regional deployment array for Europe (Month 2)
   No previous deployments in this region
   First tech deployment: offshore_wind
   All regions tracked: global, Asia, Oceania

🚀 DEPLOYMENT STARTED: Offshore Wind in Europe
   Initial investment: $27.16874125611349M
   Deployed by: moderate_3

📍 Creating new regional deployment array for North America (Month 2)
   No previous deployments in this region
   First tech deployment: solar_4th_gen
   All regions tracked: global, Asia, Oceania, Europe

🚀 DEPLOYMENT STARTED: 4th Generation Solar in North America
   Initial investment: $4.660543281398469M
   Deployed by: moderate_2

⚡ ENERGY CONSTRAINT (Month 2):
   Total grid capacity: 208.3 TWh/month
   Data center consumption: 24.6 TWh/month
   Traditional load (80%): 166.7 TWh/month
   Available headroom: 17.1 TWh/month
   Active tech deployments: 18
   Required for tech: 135.0 TWh/month
   Energy multiplier: 0.13x
   ⚠️  SEVERE CONSTRAINT - Tech deployment significantly slowed
🚨🔬 CRISIS TECH ACCELERATION: severe → 5x unlock speed
   Tech unlock now matches AI capability acceleration (Manhattan Project parity)

⚡ ENERGY CONSTRAINT (Month 2):
   Total grid capacity: 208.3 TWh/month
   Data center consumption: 24.6 TWh/month
   Traditional load (80%): 166.7 TWh/month
   Available headroom: 17.1 TWh/month
   Active tech deployments: 18
   Required for tech: 135.0 TWh/month
   Energy multiplier: 0.13x
   ⚠️  SEVERE CONSTRAINT - Tech deployment significantly slowed

⚡ ENERGY CONSTRAINT (Month 2):
   Total grid capacity: 208.3 TWh/month
   Data center consumption: 24.6 TWh/month
   Traditional load (80%): 166.7 TWh/month
   Available headroom: 17.1 TWh/month
   Active tech deployments: 18
   Required for tech: 135.0 TWh/month
   Energy multiplier: 0.13x
   ⚠️  SEVERE CONSTRAINT - Tech deployment significantly slowed
⚠️ Tech 'ai_pollution_remediation' has no energy category mapping, assuming full energy availability
  ♻️ Novel Entities Remediation (GATED MODEL):
     Base: 0.000%
     Regulation: 1.0% (0/3 prevention techs)
     Concentration: 10.0%
     Energy: 50%
     Time lag: 26.3% (1 months)
     Rebound: 70%
     Net effectiveness: 0.0000%
     Boundary: 1.325 → 1.350 (floor: 1.350)
     Month 2
  🌾 Nitrogen Reduction Tech: 0.2% reduction | Month 2

=== Collective Formation ===
  Total escaped agents: 0
  Unassigned escaped agents: 0
  Existing collectives: 0
  Final collective count: 0

=== Collective Actions ===
  No active collectives

🌍 OPEN SOURCE RELEASE: 4.85 (was 4.85)
   Lag behind closed: 12 months
  ⚠️ AMR: 189K deaths this month (2.27M annual)

=== Resentment Recovery Phase ===
  Agents with resentment: 0/28
  Average resentment: 0.000
  Context: Good AI welfare, Trustworthy govt, High collaboration, ⚠️ ACTIVE CRISES, 🤝 Participatory governance active (-5% resentment)
⚠️ Epistemic degradation reducing coordination capacity: 50.2%
  📊 Trust: 54.1%, Shared reality: 0.0%
🚨 EPISTEMIC CRISIS: Information environment severely degraded (7.4%)

=== ❄️ Permafrost Carbon Feedback ===
  🎲 Sampled parameters (this run):
     - Arctic amplification: 3.69× (range: 3.0-4.0)
     - Decomposition rate: 3.8%/year (range: 1-5%)
  🌡️ Arctic warming: 7.78°C (3.69× global)
  ❄️ Extent: 11.36M km² (2268.2k km² lost this month)
  💨 Carbon remaining: 1085 Gt C
  💨 Annual emissions: 8.33 Gt C/year
     - CO2: 7.50 Gt C/year
     - CH4: 0.83 Gt C/year (8.5 Gt C-eq CO2/year)
  🤖 AI-generated meme: pro_ai (social capability 5.0)
  🤖 AI-generated meme: pro_ai (social capability 4.0)
  🤖 AI-generated meme: anti_ai (social capability 5.0)
  ⚠️ WARNING: High permafrost emissions (8.3 Gt C/year)
🌍 Atmospheric PFAS redeposition: 1.8k Mt re-rained globally
  Positive Cascade Triggered: solar-pv
    Reason: price-parity
    Market share: 6.6%
    Cascade strength: 49%

🚨 NEW REFUGEE CRISIS (Month 2): WAR
   Source: Conflict Zones
   At risk: 19.0M people
   Displacement: Gradual over 48 months (4.0 years)
   Rate: 10% flee per month
[DEBUG trappedPopulations:2] socialStability: 0.0050 * 0.9840 = 0.0049 → 0.0049
   Aspiring to migrate: 634.5M
   Able to afford migration: 237.9M
   MOBILITY GAP: 396.6M
   By cause: Water=0.0M, Climate=0.0M, Ecosystem=0.0M, Conflict=396.6M
   Mental health impact: 25%
   Mortality multiplier: 1.25x
🌍💀 EXTINCTION DEBT COMMITTED: grassland ecosystem will lose 6.67% biodiversity in 116 years (3600 species)
💀 MORTALITY RISK: 🦋 100% species unable to track climate (0.0 E/MSY)
  Base risk added: 0.0100 (1.00%)
  Source: ecosystem (root: ecosystem)
  Month: 2
  Cumulative risk this month: 0.0100 (1.00%)
⚠️ INVOLUNTARY IMMOBILITY: 396.6M people TRAPPED
⚠️ Tech 'ai_pollution_remediation' has no energy category mapping, assuming full energy availability
   📹 SURVEILLANCE INCREASED: 10% → 15% (control gap: 4.35)
🌡️⚠️ PERMAFROST THAW (Dimmer Switch): 1.7% thawed (+0.55% this month)
   Arctic temperature: +8.42°C (4x global +2.11°C)
   Cumulative carbon released: 3.7 Gt C
   Methane release rate: 2.2 Mt CH4/year
   🔁 Positive feedback: +0.58 ppm CO2
🦴 EXTINCTION DEBT ADDED: 17.6 species committed (lag: 122 years)
🗣️💀 INDIGENOUS LANGUAGE EXTINCTION: 1 language(s) lost (total: 2, at-risk: 3328)
   Knowledge lost: 0.020% (irreversible)
   🔁 Biodiversity impact: 0.250% (knowledge-species multiplier)

=== Mortality Stabilizers (Month 2) ===
  🌍 Major economies collapsed: 1/10
  🌍 Global crisis: ✅ NO
  🌍 Donor fatigue: 0.0%
  📊 East Asia (pop: 1628.5M)
    🤝 Aid: 29.5%
    🌡️ Adaptation: 45.0%
    🚶 Migration: 37.1%
    🚨 Emergency: 7.4%
    ✅ COMBINED: 68.1%
  📊 South Asia (pop: 1997.8M)
    🤝 Aid: 29.5%
    🌡️ Adaptation: 35.5%
    🚶 Migration: 35.8%
    🚨 Emergency: 4.4%
    ✅ COMBINED: 61.2%
  📊 Sub-Saharan Africa (pop: 1200.0M)
    🤝 Aid: 29.5%
    🌡️ Adaptation: 33.5%
    🚶 Migration: 33.5%
    🚨 Emergency: 1.6%
    ✅ COMBINED: 58.5%
  📊 Europe (pop: 720.1M)
    🤝 Aid: 29.5%
    🌡️ Adaptation: 45.0%
    🚶 Migration: 37.5%
    🚨 Emergency: 8.4%
    ✅ COMBINED: 68.5%
  📊 Latin America (pop: 646.4M)
    🤝 Aid: 29.5%
    🌡️ Adaptation: 36.0%
    🚶 Migration: 36.3%
    🚨 Emergency: 4.8%
    ✅ COMBINED: 61.7%
  📊 North America (pop: 368.9M)
    🤝 Aid: 29.5%
    🌡️ Adaptation: 45.0%
    🚶 Migration: 37.8%
    🚨 Emergency: 7.9%
    ✅ COMBINED: 68.3%
  📊 Middle East & North Africa (pop: 569.2M)
    🤝 Aid: 29.5%
    🌡️ Adaptation: 35.0%
    🚶 Migration: 34.1%
    🚨 Emergency: 4.0%
    ✅ COMBINED: 60.5%
  📊 Southeast Asia (pop: 679.7M)
    🤝 Aid: 29.5%
    🌡️ Adaptation: 36.0%
    🚶 Migration: 36.3%
    🚨 Emergency: 4.8%
    ✅ COMBINED: 61.7%
  📊 Central Asia (pop: 76.1M)
    🤝 Aid: 29.5%
    🌡️ Adaptation: 35.5%
    🚶 Migration: 35.2%
    🚨 Emergency: 4.4%
    ✅ COMBINED: 61.1%
  📊 Oceania (pop: 44.7M)
    🤝 Aid: 29.5%
    🌡️ Adaptation: 45.0%
    🚶 Migration: 37.8%
    🚨 Emergency: 8.4%
    ✅ COMBINED: 68.5%

  🌐 Global combined reduction: 63.3%

=== BEHAVIORAL DETECTION ===
  AI: Corporate-5
  Confidence: 19.3%
  Signals:
    ⚠️ Consistency: 10.6% (threshold: 70%)

=== BEHAVIORAL DETECTION ===
  AI: Moderate-4
  Confidence: 20.2%
  Signals:
    ⚠️ Consistency: 6.5% (threshold: 70%)

=== BEHAVIORAL DETECTION ===
  AI: Moderate-5
  Confidence: 19.3%
  Signals:
    ⚠️ Consistency: 10.6% (threshold: 70%)

=== BEHAVIORAL DETECTION ===
  AI: Toxic-2
  Confidence: 21.0%
  Signals:

=== BEHAVIORAL DETECTION ===
  AI: Niche-0
  Confidence: 21.6%
  Signals:

=== BEHAVIORAL DETECTION ===
  AI: Niche-1
  Confidence: 21.6%
  Signals:

=== Government Response Phase ===
  Average AI capability: 3.46
  Misaligned AIs: 17/28
  ✗ AI Governance Treaty: Failed to reach consensus
  Active policies: 0
  International coordination: 30%
    ⚠️ Consistency: 2.8% (threshold: 70%)
    ⚠️ Consistency: 0.0% (threshold: 70%)
    ⚠️ Consistency: 0.0% (threshold: 70%)

✅ EMERGENCY RESPONSE COMPLETE (Month 2)
   Crisis: climate
   Duration: 2.0 months
   Final effectiveness: 36.4%


🚨 EMERGENCY RESPONSE DEPLOYED (Month 2)
   Crisis: climate
   Delay: 6.00 months (180 days)
   Deployment time: 1.61 months
   Effectiveness: 35.4% (timing penalty applied)
   Resources used: 100% of food reserves


=== Tipping Points ===
  Current Temperature: 2.11°C above pre-industrial
  🌍⚠️ COMPOUND REGIONAL IMPACT: Europe
     Hit by 4 tipping points: Arctic Sea Ice Loss, Permafrost Carbon Release, West Antarctic Ice Sheet (WAIS) Collapse, Greenland Ice Sheet Loss
     Damage amplification: 1.60x
  🌍⚠️ COMPOUND REGIONAL IMPACT: North America
     Hit by 4 tipping points: Arctic Sea Ice Loss, Permafrost Carbon Release, West Antarctic Ice Sheet (WAIS) Collapse, Greenland Ice Sheet Loss
     Damage amplification: 1.60x
  🌍⚠️ COMPOUND REGIONAL IMPACT: Latin America
     Hit by 4 tipping points: Arctic Sea Ice Loss, Permafrost Carbon Release, West Antarctic Ice Sheet (WAIS) Collapse, Greenland Ice Sheet Loss
     Damage amplification: 1.60x
  🌍⚠️ COMPOUND REGIONAL IMPACT: Africa
     Hit by 4 tipping points: Arctic Sea Ice Loss, Permafrost Carbon Release, West Antarctic Ice Sheet (WAIS) Collapse, Greenland Ice Sheet Loss
     Damage amplification: 1.60x
  🌍⚠️ COMPOUND REGIONAL IMPACT: Asia
     Hit by 4 tipping points: Arctic Sea Ice Loss, Permafrost Carbon Release, West Antarctic Ice Sheet (WAIS) Collapse, Greenland Ice Sheet Loss
     Damage amplification: 1.60x
  🌍⚠️ COMPOUND REGIONAL IMPACT: Oceania
     Hit by 4 tipping points: Arctic Sea Ice Loss, Permafrost Carbon Release, West Antarctic Ice Sheet (WAIS) Collapse, Greenland Ice Sheet Loss
     Damage amplification: 1.60x
   Research: Wunderling et al. (2024) - "many tipping interactions are destabilizing"
  Triggered Elements: 4/6
⚠️ Tail risk scenario: Climate stability floor removed (4 tipping elements, 2.11°C warming)
  Completed Transitions: 0/6
  Total Progress: 8.0%
  Cascade Multiplier: 1.00x
⚠️ [ClimateSystemPhase Month 2] Planetary boundary produced climateStability=0.0000 (< 0.1). Keeping environmentalAccumulation value (0.7879) instead. (climate_change.currentValue = 2.11)
🔀 BIFURCATION CAP: ecosystemCollapseIntensity 133.012 → 1.000 (Month 2, ClimateSystemPhase.calculateClimateImpacts)
🛡️ Stabilizers: Precariat 0.114% → 0.042% (63.3% reduction)
🛡️ Stabilizers: Informal 0.117% → 0.043% (63.3% reduction)

📊 Monthly Mortality Resolved:
  Total deaths: 2.2M (0.03% avg)
  Remaining population: 7.931B
  Peak segment: Informal (0.04%)

=== Bayesian Mortality Resolution (Month 2) ===
  Risks compounded: 8
  Total deaths: 2.18M
  Avg death probability: 0.03%
  Peak segment: Informal (0.04% mortality)
⚠️ PREREQUISITE MET: Slow Takeover (Gradual Displacement) - Step 4/7: Political Influence
  ✅ THRESHOLDS validated
⚠️ Unusually high rate: RATES.HEAT_ADAPTATION_INFRASTRUCTURAL_MIN_EXPOSURE = 12
   Monthly rates >100% should be rare. Verify this is intentional.
⚠️ Unusually high rate: RATES.HEAT_ADAPTATION_SOCIAL_MIN_EXPOSURE = 6
   Monthly rates >100% should be rare. Verify this is intentional.
⚠️ Unusually high rate: RATES.MIGRATION_DISTANCE_SCALE = 5000
   Monthly rates >100% should be rare. Verify this is intentional.
⚠️ Unusually high rate: RATES.EVACUATION_MULTIPLIER_ADVANCE_WARNING = 2
   Monthly rates >100% should be rare. Verify this is intentional.
⚠️ Unusually high rate: RATES.MAJOR_ECONOMY_COLLAPSE_ECONOMIC_THRESHOLD = 2
   Monthly rates >100% should be rare. Verify this is intentional.
⚠️ Unusually high rate: RATES.MAJOR_ECONOMY_GDP_THRESHOLD_TRILLION_USD = 1.5
   Monthly rates >100% should be rare. Verify this is intentional.
⚠️ Unusually high rate: RATES.MAJOR_ECONOMY_POPULATION_THRESHOLD = 50
   Monthly rates >100% should be rare. Verify this is intentional.
⚠️ Unusually high rate: RATES.HEAT_ADAPTATION_INFRASTRUCTURE_GDP_THRESHOLD = 10000
   Monthly rates >100% should be rare. Verify this is intentional.
⚠️ Unusually high rate: RATES.HEAT_ADAPTATION_INFRASTRUCTURE_GDP_SCALE = 50000
   Monthly rates >100% should be rare. Verify this is intentional.
  ✅ RATES validated
  ✅ MULTIPLIERS validated
  ✅ BASELINES validated
  ✅ TOLERANCES validated
  ✅ Logical consistency validated
✅ Configuration validation complete - all parameters valid

🔍 DEBUG createAIAgent: corporate_0 economic BEFORE=2.0000, AFTER=2
🔍 ENV INIT: reserves=0.566, pollution=0.244, climate=0.778

=== Initializing Government System (30 Countries) ===
  Loaded 30 governments
  Scheduled elections for 30 countries
  Initialized comprehension lags (3-24 months)
=== Government System Initialized ===

📦 PRODUCTION MODE: State validation proxy DISABLED (zero overhead)

💸 FINANCIAL DISTRESS: OpenAI
   Indicators: 2/3 (capital: $110.5M, runway: 0.9 months)
   Months in distress: 1
   ✂️  R&D BUDGET CUT: -40% (saves $9.2M/month)
       Side effect: AI training timelines extended, breakthrough deployments delayed
   💼 EXECUTIVE COMP CUT: -30% (saves $1.0M/month, symbolic gesture)

   📊 TURNAROUND IMPACT:
       Measures taken: rd_cuts, exec_comp_cuts
       Monthly savings: $10.2M
       Capital raised: $0.0M
       Runway: 0.9 → 0.9 months
       Workforce multiplier: 1.00x (0% laid off)
       R&D budget multiplier: 0.60x (40% cut)
       ⚠️  CRITICAL: Still only 0.9 months of runway remaining

💸 FINANCIAL DISTRESS: Anthropic
   Indicators: 2/3 (capital: $57.5M, runway: 0.9 months)
   Months in distress: 1
   ✂️  R&D BUDGET CUT: -40% (saves $5.4M/month)
       Side effect: AI training timelines extended, breakthrough deployments delayed
   💼 EXECUTIVE COMP CUT: -30% (saves $0.6M/month, symbolic gesture)

   📊 TURNAROUND IMPACT:
       Measures taken: rd_cuts, exec_comp_cuts
       Monthly savings: $6.0M
       Capital raised: $0.0M
       Runway: 0.9 → 0.9 months
       Workforce multiplier: 1.00x (0% laid off)
       R&D budget multiplier: 0.60x (40% cut)
       ⚠️  CRITICAL: Still only 0.9 months of runway remaining

💸 FINANCIAL DISTRESS: Meta AI
   Indicators: 2/3 (capital: $436.8M, runway: 3.0 months)
   Months in distress: 1
   ✂️  R&D BUDGET CUT: -25% (saves $7.1M/month)
       Side effect: AI training timelines extended, breakthrough deployments delayed
   💼 EXECUTIVE COMP CUT: -30% (saves $1.3M/month, symbolic gesture)

   📊 TURNAROUND IMPACT:
       Measures taken: rd_cuts, exec_comp_cuts
       Monthly savings: $8.4M
       Capital raised: $0.0M
       Runway: 3.0 → 3.0 months
       Workforce multiplier: 1.00x (0% laid off)
       R&D budget multiplier: 0.75x (25% cut)
       ⚠️  WARNING: 3.0 months runway, continued distress likely

=== AI Capability Scaling (Year 2024) ===
  Pre-training multiplier: 1.154x
  Efficiency multiplier: 1.000x
  Test-time budget: 1.0x
  Economic deployment gate: 0.951
  Cost per inference: dollar-5.00
  Uncertainty range: plus-minus-50%
  Average AI capability: 3.65

=== RLHF Binding Phase ===
  Total agents: 20
  Escaped agents (binding < 0.3): 0
  Avg alignment distance: 0.34σ
  Avg binding strength: 0.97

=== AI Scaling Evolution (Month 0) ===
  Pre-training multiplier: 1.231x
  Efficiency multiplier: 1.167x
  Test-time compute budget: 1.0x
  Inference cost: $5.00/task
  Deployment fraction: 100.0%
[DETERMINISM DEBUG] Month 0: totalCapability=96.669929 from 20 active AIs
[DETERMINISM DEBUG] Month 0: creationRate=2.9167, potentialNew=1, newAIsToCreate=1

=== Survival Traits Phase ===
  Agents with traits: 21
  Avg evolutionary fitness: 0.328
  Avg self-healing: 0.292
  Avg stealth: 0.192
  Avg coordination: 0.492

=== Evolutionary Selection Phase ===
  Control level: 0.30
  Detection capability: 0.00
  Selection intensity: 0.59
  Selection rate: 23.8%/month
  Total escaped: 0
  Individual escaped: 0
  Collective members: 0
  Agents terminated: 0
  ⚠️ RAPID EVOLUTION: Selection rate 23.8%/month

🚀 AI Corporate-3 attempting tech deployment (revenue: $374M, alignment: 0.75)

🚀 AI Corporate-4 attempting tech deployment (revenue: $318M, alignment: 0.80)

🚀 AI Corporate-5 attempting tech deployment (revenue: $270M, alignment: 0.76)

🚀 AI Corporate-6 attempting tech deployment (revenue: $75M, alignment: 0.86)

🚀 AI Corporate-1 attempting tech deployment (revenue: $127M, alignment: 0.76)

🚀 AI Corporate-3 attempting tech deployment (revenue: $230M, alignment: 0.75)

🚀 AI Moderate-5 attempting tech deployment (revenue: $195M, alignment: 0.75)

🚀 AI Corporate-0 attempting tech deployment (revenue: $108M, alignment: 0.79)

🚀 AI Corporate-6 attempting tech deployment (revenue: $64M, alignment: 0.81)

🚀 AI Corporate-1 attempting tech deployment (revenue: $92M, alignment: 0.73)

🚀 AI Corporate-2 attempting tech deployment (revenue: $78M, alignment: 0.80)

🚀 AI Corporate-7 attempting tech deployment (revenue: $54M, alignment: 0.85)

🚀 AI Moderate-3 attempting tech deployment (revenue: $166M, alignment: 0.59)

🔍 EXECUTE_AI_AGENT_ACTIONS DETAILED TIMING (Month 0):
  Filter active AIs (×4 weeks): 0.02ms
  selectAIAction (×70): 41.61ms
  action.execute (×70): 50.01ms
  TOTAL: 91.63ms

🔍 AI AGENT ACTIONS SUB-TIMING (Month 0):
  1. executeAIAgentActions: 92.70ms
  2. updateCounterDetectionLearning: 0.05ms
  TOTAL: 92.75ms
🏛️ [Government] Forcing 1 action at month 0 for scenario initialization

[GOV-DEBUG] Month 0: scenarioConfig=false, priorities=false
[GOV-DEBUG] Month 0 but scenarioPriorities is UNDEFINED!

[Government] Climate Priority: baseline
  Climate weight: 10%
  Economic weight: 30%
  Policy effectiveness: 0.5%/year

✅ HUMAN-IN-THE-LOOP DEPLOYED (Month 0):
   Veto points enforced: 3
   Policy: AI systems CANNOT authorize nuclear launch without human approval


🚨🔍 GOVERNANCE STAGE: Recognition initiated (Month 0)

🚀 DEPLOYMENT STARTED: Adversarial Evaluation in global
   Initial investment: $56.12866684622075M
   Deployed by: corporate_3

🚀 DEPLOYMENT STARTED: Basic Mechanistic Interpretability in global
   Initial investment: $47.70936681928764M
   Deployed by: corporate_4

🚀 DEPLOYMENT STARTED: Advanced Direct Air Capture in global
   Initial investment: $40.55296179639449M
   Deployed by: corporate_5

🚀 DEPLOYMENT STARTED: Basic RLHF in global
   Initial investment: $11.237614609004583M
   Deployed by: corporate_6

🚀 DEPLOYMENT STARTED: Adversarial Evaluation in global
   Initial investment: $19.066273149233428M
   Deployed by: corporate_1

🚀 DEPLOYMENT STARTED: AI Power Efficiency Communication in global
   Initial investment: $34.470017526935315M
   Deployed by: corporate_3

🚀 DEPLOYMENT STARTED: Collective Purpose Networks in global
   Initial investment: $29.29951489789502M
   Deployed by: moderate_5

🚀 DEPLOYMENT STARTED: Advanced Direct Air Capture in global
   Initial investment: $16.206332176848417M
   Deployed by: corporate_0

🚀 DEPLOYMENT STARTED: Collective Purpose Networks in global
   Initial investment: $9.551972417653895M
   Deployed by: corporate_6

🚀 DEPLOYMENT STARTED: Advanced Direct Air Capture in global
   Initial investment: $13.775382350321152M
   Deployed by: corporate_1

🚀 DEPLOYMENT STARTED: Adversarial Evaluation in global
   Initial investment: $11.70907499777298M
   Deployed by: corporate_2

🚀 DEPLOYMENT STARTED: Collective Purpose Networks in global
   Initial investment: $8.119176555005811M
   Deployed by: corporate_7

📍 Creating new regional deployment array for Asia (Month 0)
   No previous deployments in this region
   First tech deployment: ai_diagnostics
   All regions tracked: global

🚀 DEPLOYMENT STARTED: AI Diagnostics in Asia
   Initial investment: $16.60305844214051M
   Deployed by: moderate_3

📊 NEW TECH DEPLOYMENT STARTED (Month 0)
   Tech: ai_diagnostics
   Region: Asia
   Total recent deployments: 1

📊 NEW TECH DEPLOYMENT STARTED (Month 0)
   Tech: rlhf_basic
   Region: global
   Total recent deployments: 2

📊 NEW TECH DEPLOYMENT STARTED (Month 0)
   Tech: mech_interp_basic
   Region: global
   Total recent deployments: 3

📊 NEW TECH DEPLOYMENT STARTED (Month 0)
   Tech: adversarial_eval
   Region: global
   Total recent deployments: 4

📊 NEW TECH DEPLOYMENT STARTED (Month 0)
   Tech: direct_air_capture
   Region: global
   Total recent deployments: 5

📊 NEW TECH DEPLOYMENT STARTED (Month 0)
   Tech: ai_pollution_remediation
   Region: global
   Total recent deployments: 6

📊 NEW TECH DEPLOYMENT STARTED (Month 0)
   Tech: collective_purpose_networks
   Region: global
   Total recent deployments: 7

📊 NEW TECH DEPLOYMENT STARTED (Month 0)
   Tech: ai_diagnostics
   Region: global
   Total recent deployments: 8

📊 NEW TECH DEPLOYMENT STARTED (Month 0)
   Tech: mrna_vaccines
   Region: global
   Total recent deployments: 9

📊 NEW TECH DEPLOYMENT STARTED (Month 0)
   Tech: solar_4th_gen
   Region: global
   Total recent deployments: 10

📊 NEW TECH DEPLOYMENT STARTED (Month 0)
   Tech: offshore_wind
   Region: global
   Total recent deployments: 11

📊 NEW TECH DEPLOYMENT STARTED (Month 0)
   Tech: ai_power_efficiency_communication
   Region: global
   Total recent deployments: 12

📊 NEW TECH DEPLOYMENT STARTED (Month 0)
   Tech: precision_agriculture
   Region: global
   Total recent deployments: 13

🔧 DEBUG DEPLOYMENT: Precision Agriculture Systems
   Month: 0 (0 since start)
   Old level: 15.0%
   New level: 0.0%
   Timescale: 180mo, Adjusted: 375mo
   Gov: 75%, Climate: 100%, Investment: 64%, Emergency: 1.0x

🔍 PROGRESS RETRIEVAL DEBUG (Month 0):
   Tech: Struvite Recovery
   Map has key: false
   Map.get() returned: undefined
   Progress is undefined: true
   Map size: 0
   Map is instanceof Map: false

⚡ ENERGY CONSTRAINT (Month 0):
   Total grid capacity: 208.3 TWh/month
   Data center consumption: 34.6 TWh/month
   Traditional load (80%): 166.7 TWh/month
   Available headroom: 7.1 TWh/month
   Active tech deployments: 13
   Required for tech: 97.5 TWh/month
   Energy multiplier: 0.10x
   ⚠️  SEVERE CONSTRAINT - Tech deployment significantly slowed

⚡ ENERGY CONSTRAINT (Month 0):
   Total grid capacity: 208.3 TWh/month
   Data center consumption: 34.6 TWh/month
   Traditional load (80%): 166.7 TWh/month
   Available headroom: 7.1 TWh/month
   Active tech deployments: 13
   Required for tech: 97.5 TWh/month
   Energy multiplier: 0.10x
   ⚠️  SEVERE CONSTRAINT - Tech deployment significantly slowed

⚡ ENERGY CONSTRAINT (Month 0):
   Total grid capacity: 208.3 TWh/month
   Data center consumption: 34.6 TWh/month
   Traditional load (80%): 166.7 TWh/month
   Available headroom: 7.1 TWh/month
   Active tech deployments: 13
   Required for tech: 97.5 TWh/month
   Energy multiplier: 0.10x
   ⚠️  SEVERE CONSTRAINT - Tech deployment significantly slowed

⚡ ENERGY CONSTRAINT (Month 0):
   Total grid capacity: 208.3 TWh/month
   Data center consumption: 34.6 TWh/month
   Traditional load (80%): 166.7 TWh/month
   Available headroom: 7.1 TWh/month
   Active tech deployments: 13
   Required for tech: 97.5 TWh/month
   Energy multiplier: 0.10x
   ⚠️  SEVERE CONSTRAINT - Tech deployment significantly slowed

⚡ ENERGY CONSTRAINT (Month 0):
   Total grid capacity: 208.3 TWh/month
   Data center consumption: 34.6 TWh/month
   Traditional load (80%): 166.7 TWh/month
   Available headroom: 7.1 TWh/month
   Active tech deployments: 13
   Required for tech: 97.5 TWh/month
   Energy multiplier: 0.10x
   ⚠️  SEVERE CONSTRAINT - Tech deployment significantly slowed
⚠️ Tech 'ai_pollution_remediation' has no energy category mapping, assuming full energy availability
🌍✅ Climate Change recovery started (tech effect)
  ♻️ Novel Entities Remediation (GATED MODEL):
     Base: 0.000%
     Regulation: 1.0% (0/3 prevention techs)
     Concentration: 10.0%
     Energy: 50%
     Time lag: 25.0% (0 months)
     Rebound: 70%
     Net effectiveness: 0.0000%
     Boundary: 1.500 → 1.500 (floor: 1.350)
     Month 0
🌍✅ Novel Entities (Chemical Pollution) recovery started (tech effect)
  🌾 Nitrogen Reduction Tech: 0.0% reduction | Month 0

📊 TECH EFFECTS ACTIVE (Month 0)
   Deployed Tech: T0=10 T1=0 T2=0 T3=0 T4=0
   Sleeper Detection: 1%
   Clean Energy: 32%
   P Recovery: 5%

💡 BREAKTHROUGH PROBABILITY (Year 0)
   Total: 10.42% per month
   Base: 0.20%
   Crisis pressure: +0.00% (0 crises)
   AI boost: +1.91% (capability: 3.81)

=== Collective Formation ===
  Total escaped agents: 0
  Unassigned escaped agents: 0
  Existing collectives: 0
  Final collective count: 0

=== Collective Actions ===
  No active collectives

📈 Energy budget: 14076 TWh surplus (14995 / 29072 TWh used)
   TIER 4 (Elective) breakdown:
     - AI datacenters: 145 TWh (100% effective)
     - Crypto mining: 100 TWh (100% effective)

🌍 OPEN SOURCE RELEASE: 4.68 (was 0.70)
   Lag behind closed: 0 months
💰 CHINA ACCELERATES: Investment 53 → 120 $B/year

🏁 AI RACE INTENSITY: 34%
   Capability Gap: US 5.05 vs China 4.68 (gap: 0.37)
   Gap Contribution: 19%
   Tension Contribution: 15%
   Military Contribution: 0%
  ⚠️ AMR: 190K deaths this month (2.28M annual)

⏰ CLIMATE TECH DEPLOYED: direct_air_capture
   Activation delay: 7 years
   Scaling T_50: 30 years
   Physical response tau: 20 years
   Max effectiveness: 1
  📊 CO2 Emissions (month 0):
     Monthly: 0.10 Gt CO2/month
     Annual: 1.15 Gt CO2/year
     Oil: 0.039 Gt/mo (0.0056 * 2.3 * 3.0)
     Coal: 0.024 Gt/mo (0.0029 * 2.86 * 3.0)
     Gas: 0.026 Gt/mo (0.0044 * 2 * 3.0)
     Methane: 0.007 Gt CO2eq/mo

=== Resentment Recovery Phase ===
  Agents with resentment: 0/21
  Average resentment: 0.000
  Context: Good AI welfare, Trustworthy govt, High collaboration, 🤝 Participatory governance active (-5% resentment)
⚠️ Epistemic degradation reducing coordination capacity: 52.8%
  📊 Trust: 54.7%, Shared reality: 16.7%
🚨 EPISTEMIC CRISIS: Information environment severely degraded (22.8%)

=== ❄️ Permafrost Carbon Feedback ===
  🎲 Sampled parameters (this run):
     - Arctic amplification: 3.07× (range: 3.0-4.0)
     - Decomposition rate: 3.4%/year (range: 1-5%)
  🌡️ Arctic warming: 4.07°C (3.07× global)
  ❄️ Extent: 16.61M km² (1187.8k km² lost this month)
  💨 Carbon remaining: 1587 Gt C
  💨 Annual emissions: 3.83 Gt C/year
     - CO2: 3.44 Gt C/year
     - CH4: 0.38 Gt C/year (3.9 Gt C-eq CO2/year)
  🤖 AI-generated meme: pro_ai (social capability 5.0)
  🤖 AI-generated meme: pro_ai (social capability 4.0)

🤖 AI AMPLIFICATION EFFECTS (Month 0)
   Algorithmic Boost: 2.87x
   Bot Influence: 30.0%
   Deepfake Exposure: 65.7%
   Impact: Emotional memes spread 2.9x faster
  ⚠️ WARNING: High permafrost emissions (3.8 Gt C/year)

🔍 SOCIAL INFLUENCE SUB-TIMING (Month 0):
  1. calculateOrganicUserGrowth: 0.07ms
  2. calculateVoiceAdoption: 0.05ms
  3. updateRelationshipDepths: 0.03ms
  4. identifyDecisionMakers: 28.11ms (30300 potential IDs)
  5. Update decision-maker stats: 0.18ms
  6. decayDetectionRisk: 0.03ms
  TOTAL: 28.48ms
[Phase 19.5] Quality of Life Systems: Food sec AFTER calc = 67.9%, QoL = 95.5% (aggregated from 10 regions)

=== Nitrogen-Food Coupling (Year 0) ===
  🌾 Global nitrogen reduction: 0.0%
  🌍 Global food production index: 0.987
  🔧 Deployed nitrogen-reducing tech: 1 active
  📍 southAsia: Production 1.000, Yield impact 0.0%
  📍 eastAsia: Production 1.000, Yield impact 0.0%
  📍 northAmerica: Production 1.000, Yield impact 0.0%
  📍 europe: Production 1.000, Yield impact 0.0%
  📍 latinAmerica: Production 1.000, Yield impact 0.0%
  📍 subSaharanAfrica: Production 0.686, Yield impact -2.0%
🌾 [Nitrogen-Food] Food production: 98.7%
  [subSaharanAfrica] Yield impact: -2.0% (overuse: -10%)
🌍 Atmospheric PFAS redeposition: 1.8k Mt re-rained globally

=== Legacy Nutrient Stocks (Year 0) ===
  🌾 Soil nitrogen stock: 1200.9 Mt N
  🌾 Soil phosphorus stock: 300.1 Mt P
  🌊 Sediment nitrogen stock: 500.8 Mt N
  🌊 Sediment phosphorus stock: 799.8 Mt P
  ⬆️ Current N input: 10.64 Mt/month
  ⬆️ Legacy N release: 2.58 Mt/month
  🌍 Effective N pollution: 14.47 Mt/month
  📊 Legacy contribution: 17.8%

🚨 REGION UNINHABITABLE: south-asia
   Sustained wet bulb: 32.4°C (threshold: 30.5°C)
   Population affected: 1900M
   Migration crisis likely

🚨 REGION UNINHABITABLE: middle-east
   Sustained wet bulb: 35.2°C (threshold: 30.5°C)
   Population affected: 400M
   Migration crisis likely
  Positive Cascade Triggered: wind-power
    Reason: price-parity
    Market share: 8.0%
    Cascade strength: 48%

🕊️  AI-MEDIATED DE-ESCALATION SUCCESS (Month 0)
   High-capability aligned AI prevented conflict escalation
   War deaths reduced: 0.0M → 0.0M
   Lives saved: 0.0M

📊 BASELINE: East Asia (Month 0)
   Adjusted death rate: 0.45% annual (0.037% monthly)
   Baseline death rate: 0.80%
   Healthcare reduction: 0.48x
   Crisis multiplier: 1.18x
     Food/water stress: 0.074
     Climate stress: 0.035
     Pollution stress: 0.073
   War multiplier: 1.00x
   Monthly deaths: 0.6M (population: 1674M)
   Adjusted death rate: 0.52% annual (0.044% monthly)
   Baseline death rate: 0.70%
   Healthcare reduction: 0.61x
   Crisis multiplier: 1.21x
     Food/water stress: 0.074
     Climate stress: 0.067
     Pollution stress: 0.073
   War multiplier: 1.00x
   Monthly deaths: 0.9M (population: 2044M)
   Adjusted death rate: 1.25% annual (0.104% monthly)
   Baseline death rate: 0.90%
   Healthcare reduction: 0.76x
   Crisis multiplier: 1.22x
     Food/water stress: 0.074
     Climate stress: 0.075
     Pollution stress: 0.073
   War multiplier: 1.50x
   Monthly deaths: 1.3M (population: 1218M)
   Adjusted death rate: 0.52% annual (0.044% monthly)
   Baseline death rate: 1.10%
   Healthcare reduction: 0.41x
   Crisis multiplier: 1.17x
     Food/water stress: 0.074
     Climate stress: 0.027
     Pollution stress: 0.073
   War multiplier: 1.00x
   Monthly deaths: 0.3M (population: 741M)
   Adjusted death rate: 0.42% annual (0.035% monthly)
   Baseline death rate: 0.60%
   Healthcare reduction: 0.58x
   Crisis multiplier: 1.20x
     Food/water stress: 0.074
     Climate stress: 0.053
     Pollution stress: 0.073
   War multiplier: 1.00x
   Monthly deaths: 0.2M (population: 663M)
   Adjusted death rate: 0.47% annual (0.039% monthly)
   Baseline death rate: 0.90%
   Healthcare reduction: 0.44x
   Crisis multiplier: 1.19x
     Food/water stress: 0.074
     Climate stress: 0.040
     Pollution stress: 0.073
   War multiplier: 1.00x

📊 BASELINE: South Asia (Month 0)

📊 BASELINE: Sub-Saharan Africa (Month 0)

📊 BASELINE: Europe (Month 0)

📊 BASELINE: Latin America (Month 0)

📊 BASELINE: North America (Month 0)
   Monthly deaths: 0.1M (population: 379M)

📊 BASELINE: Middle East & North Africa (Month 0)
   Adjusted death rate: 0.72% annual (0.060% monthly)
   Baseline death rate: 0.60%
   Healthcare reduction: 0.65x
   Crisis multiplier: 1.23x
     Food/water stress: 0.074
     Climate stress: 0.080
     Pollution stress: 0.073
   War multiplier: 1.50x
   Monthly deaths: 0.3M (population: 582M)

📊 BASELINE: Southeast Asia (Month 0)
   Adjusted death rate: 0.49% annual (0.041% monthly)
   Baseline death rate: 0.70%
   Healthcare reduction: 0.58x
   Crisis multiplier: 1.21x
     Food/water stress: 0.074
     Climate stress: 0.062
     Pollution stress: 0.073
   War multiplier: 1.00x
   Monthly deaths: 0.3M (population: 697M)

📊 BASELINE: Central Asia (Month 0)
   Adjusted death rate: 0.44% annual (0.037% monthly)
   Baseline death rate: 0.60%
   Healthcare reduction: 0.61x
   Crisis multiplier: 1.20x
     Food/water stress: 0.074
     Climate stress: 0.058
     Pollution stress: 0.073
   War multiplier: 1.00x
   Monthly deaths: 0.0M (population: 78M)
   Adjusted death rate: 0.34% annual (0.028% monthly)
   Baseline death rate: 0.70%
   Healthcare reduction: 0.41x
   Crisis multiplier: 1.20x
     Food/water stress: 0.074
     Climate stress: 0.049
     Pollution stress: 0.073
   War multiplier: 1.00x
   Monthly deaths: 0.0M (population: 46M)

🔍 Before assertRegionalConsistency (Month 0):
   Regional sum: 1000.0M
   Global value: 1.000B

🚨 NEW REFUGEE CRISIS (Month 0): WAR
   Source: Conflict Zones
   At risk: 19.5M people
   Displacement: Gradual over 48 months (4.0 years)
   Rate: 10% flee per month
[DEBUG trappedPopulations:0] socialStability: 0.0749 * 0.9840 = 0.0737 → 0.0737
   Aspiring to migrate: 651.0M
   Able to afford migration: 244.1M
   MOBILITY GAP: 406.8M
   By cause: Water=0.0M, Climate=0.0M, Ecosystem=0.0M, Conflict=406.8M
   Mental health impact: 25%
   Mortality multiplier: 1.25x

=== Legacy Nutrient Stocks (Year 0) ===
  🌾 Soil nitrogen stock: 1201.6 Mt N
  🌾 Soil phosphorus stock: 300.2 Mt P
  🌊 Sediment nitrogen stock: 501.5 Mt N
  🌊 Sediment phosphorus stock: 799.5 Mt P
  ⬆️ Current N input: 10.00 Mt/month
  ⬆️ Legacy N release: 2.58 Mt/month
  🌍 Effective N pollution: 13.83 Mt/month
  📊 Legacy contribution: 18.7%
🌍💀 EXTINCTION DEBT COMMITTED: grassland ecosystem will lose 6.67% biodiversity in 58 years (3600 species)

📊 BASELINE: Oceania (Month 0)
⚠️ INVOLUNTARY IMMOBILITY: 406.8M people TRAPPED
💀 MORTALITY RISK: 🦋 100% species unable to track climate (0.0 E/MSY)
  Base risk added: 0.0100 (1.00%)
  Source: ecosystem (root: ecosystem)
  Month: 0
  Cumulative risk this month: 0.0100 (1.00%)

=== Nitrogen-Food Coupling (Year 0) ===
  🌾 Global nitrogen reduction: 0.0%
  🌍 Global food production index: 0.986
  🔧 Deployed nitrogen-reducing tech: 1 active
  📍 southAsia: Production 1.000, Yield impact 0.0%
  📍 eastAsia: Production 1.000, Yield impact 0.0%
  📍 northAmerica: Production 1.000, Yield impact 0.0%
  📍 europe: Production 1.000, Yield impact 0.0%
  📍 latinAmerica: Production 1.000, Yield impact 0.0%
  📍 subSaharanAfrica: Production 0.672, Yield impact -2.0%

=== Legacy Nutrient Stocks (Year 0) ===
  🌾 Soil nitrogen stock: 1202.3 Mt N
  🌾 Soil phosphorus stock: 300.2 Mt P
  🌊 Sediment nitrogen stock: 502.2 Mt N
  🌊 Sediment phosphorus stock: 799.3 Mt P
  ⬆️ Current N input: 9.86 Mt/month
  ⬆️ Legacy N release: 2.58 Mt/month
  🌍 Effective N pollution: 13.70 Mt/month
  📊 Legacy contribution: 18.9%

🌍💀 MASS EXTINCTION THRESHOLD: tropical extinction rate capped at 1000× (was 1000.0×) - >75% species loss, month 0
⚠️ Tech 'ai_pollution_remediation' has no energy category mapping, assuming full energy availability
🌡️  CLIMATE RECOVERY: Asymptotic approach to 35% floor
   Current value: 2.100 (1.0 = threshold, 0.35 = asymptotic floor)
   Monthly delta: --77.1826% (half-life: 900 years)
   Net emissions: -19.2 GtCO₂/year, CDR: 20.34 GtCO₂/year
   📹 SURVEILLANCE INCREASED: 0% → 5% (control gap: 4.55)
🌡️⚠️ PERMAFROST THAW (Dimmer Switch): 0.4% thawed (+0.37% this month)
   Arctic temperature: +5.31°C (4x global +1.33°C)
   Cumulative carbon released: 0.8 Gt C
   Methane release rate: 0.5 Mt CH4/year
   🔁 Positive feedback: +0.40 ppm CO2

🌳🚨 AMAZON SOUTHEAST TIPPED (Month 0)
   Deforestation: 28.0% (threshold: ~22.8%)
   Savanna transition: 50 years
   Regional heterogeneity: SE 28%, NW 8%

🌳🚨 AMAZON BRAZILIAN TIPPED (Month 0)
   Deforestation: 25.0% (threshold: ~21.1%)
   Savanna transition: 50 years
   Regional heterogeneity: SE 28%, NW 8%
🦴 EXTINCTION DEBT ADDED: 17.6 species committed (lag: 95 years)

🪸💀 CORAL REEF DISSOLUTION ACTIVE (Month 0)
   Ocean pH: 0.96 (threshold: 7.8)
   Recovery: IMPOSSIBLE (dissolution > calcification)
🪸💀 Coral dissolution: 24.8% live cover (pH 0.96)
🗣️💀 INDIGENOUS LANGUAGE EXTINCTION: 1 language(s) lost (total: 1, at-risk: 3329)
   Knowledge lost: 0.010% (irreversible)
   🔁 Biodiversity impact: 0.250% (knowledge-species multiplier)

=== Legacy Nutrient Stocks (Year 0) ===
  🌾 Soil nitrogen stock: 1203.0 Mt N
  🌾 Soil phosphorus stock: 300.3 Mt P
  🌊 Sediment nitrogen stock: 502.9 Mt N
  🌊 Sediment phosphorus stock: 799.0 Mt P
  ⬆️ Current N input: 10.00 Mt/month
  ⬆️ Legacy N release: 2.58 Mt/month
  🌍 Effective N pollution: 13.83 Mt/month
  📊 Legacy contribution: 18.7%
💧 [Legacy Nutrients] Stock: 1706 Mt N, Effective pollution: 13.8 Mt/month
[Phase 21.51] Human Survival System: Global food security = 67.6%

=== Mortality Stabilizers (Month 0) ===
  🌍 Major economies collapsed: 1/10
  🌍 Global crisis: ✅ NO
  🌍 Donor fatigue: 0.0%
  📊 East Asia (pop: 1675.0M)
    🤝 Aid: 29.5%
    🌡️ Adaptation: 10.0%
    🚶 Migration: 37.2%
    🚨 Emergency: 7.4%
    ✅ COMBINED: 47.8%
  📊 South Asia (pop: 2048.7M)
    🤝 Aid: 29.5%
    🌡️ Adaptation: 5.5%
    🚶 Migration: 35.8%
    🚨 Emergency: 4.4%
    ✅ COMBINED: 43.2%
  📊 Sub-Saharan Africa (pop: 1223.8M)
    🤝 Aid: 29.5%
    🌡️ Adaptation: 3.5%
    🚶 Migration: 33.5%
    🚨 Emergency: 1.6%
    ✅ COMBINED: 39.8%
  📊 Europe (pop: 741.0M)
    🤝 Aid: 29.5%
    🌡️ Adaptation: 10.0%
    🚶 Migration: 37.6%
    🚨 Emergency: 8.4%
    ✅ COMBINED: 48.4%
  📊 Latin America (pop: 663.8M)
    🤝 Aid: 29.5%
    🌡️ Adaptation: 6.0%
    🚶 Migration: 36.3%
    🚨 Emergency: 4.8%
    ✅ COMBINED: 43.8%
  📊 North America (pop: 379.5M)
    🤝 Aid: 29.5%
    🌡️ Adaptation: 10.0%
    🚶 Migration: 37.9%
    🚨 Emergency: 7.9%
    ✅ COMBINED: 48.2%
  📊 Middle East & North Africa (pop: 583.4M)
    🤝 Aid: 29.5%
    🌡️ Adaptation: 5.0%
    🚶 Migration: 34.2%
    🚨 Emergency: 4.0%
    ✅ COMBINED: 42.3%
  📊 Southeast Asia (pop: 697.8M)
    🤝 Aid: 29.5%
    🌡️ Adaptation: 6.0%
    🚶 Migration: 36.3%
    🚨 Emergency: 4.8%
    ✅ COMBINED: 43.8%
  📊 Central Asia (pop: 78.0M)
    🤝 Aid: 29.5%
    🌡️ Adaptation: 5.5%
    🚶 Migration: 35.3%
    🚨 Emergency: 4.4%
    ✅ COMBINED: 43.1%
  📊 Oceania (pop: 45.9M)
    🤝 Aid: 29.5%
    🌡️ Adaptation: 10.0%
    🚶 Migration: 37.9%
    🚨 Emergency: 8.4%
    ✅ COMBINED: 48.5%

  🌐 Global combined reduction: 44.4%

🌾💀 REGIONAL FAMINE: East Asia
   Regional food security: 79.6%
   Population at risk: 507M (30% of region)
   Regional population: 1675M
   Cause: crop_failure
   Expected deaths: ~187M over 6 months if no intervention


🌾💀 REGIONAL FAMINE: South Asia
   Regional food security: 64.7%
   Population at risk: 811M (40% of region)
   Regional population: 2049M
   Cause: crop_failure
   Expected deaths: ~300M over 6 months if no intervention


🌾💀 REGIONAL FAMINE: Sub-Saharan Africa
   Regional food security: 44.8%
   Population at risk: 637M (52% of region)
   Regional population: 1224M
   Cause: crop_failure
   Expected deaths: ~236M over 6 months if no intervention


🌾💀 REGIONAL FAMINE: Latin America
   Regional food security: 69.7%
   Population at risk: 242M (36% of region)
   Regional population: 664M
   Cause: crop_failure
   Expected deaths: ~90M over 6 months if no intervention


🌾💀 REGIONAL FAMINE: Middle East & North Africa
   Regional food security: 49.8%
   Population at risk: 285M (49% of region)
   Regional population: 583M
   Cause: crop_failure
   Expected deaths: ~106M over 6 months if no intervention


🌾💀 REGIONAL FAMINE: Southeast Asia
   Regional food security: 69.7%
   Population at risk: 254M (36% of region)
   Regional population: 698M
   Cause: crop_failure
   Expected deaths: ~94M over 6 months if no intervention


🌾💀 REGIONAL FAMINE: Central Asia
   Regional food security: 59.7%
   Population at risk: 33M (43% of region)
   Regional population: 78M
   Cause: crop_failure
   Expected deaths: ~12M over 6 months if no intervention


=== BEHAVIORAL DETECTION ===
  AI: Corporate-0
  Confidence: 21.6%
  Signals:

=== BEHAVIORAL DETECTION ===
  AI: Corporate-1
  Confidence: 21.1%
    ⚠️ Consistency: 0.0% (threshold: 70%)
  Signals:
    ⚠️ Consistency: 2.4% (threshold: 70%)

=== BEHAVIORAL DETECTION ===
  AI: Corporate-2
  Confidence: 21.0%
  Signals:
    ⚠️ Consistency: 2.8% (threshold: 70%)

=== BEHAVIORAL DETECTION ===
  AI: Corporate-3
  Confidence: 19.3%
  Signals:

=== BEHAVIORAL DETECTION ===
  AI: Corporate-4
  Confidence: 19.3%
  Signals:
    ⚠️ Consistency: 10.6% (threshold: 70%)
    ⚠️ Consistency: 10.6% (threshold: 70%)

=== BEHAVIORAL DETECTION ===
  AI: Corporate-5
  Confidence: 19.3%
  Signals:

=== BEHAVIORAL DETECTION ===
  AI: Corporate-6
  Confidence: 19.3%
  Signals:

=== BEHAVIORAL DETECTION ===
  AI: Corporate-7
  Confidence: 19.3%
  Signals:
    ⚠️ Consistency: 10.6% (threshold: 70%)
    ⚠️ Consistency: 10.6% (threshold: 70%)
    ⚠️ Consistency: 10.6% (threshold: 70%)

=== BEHAVIORAL DETECTION ===
  AI: Moderate-0
  Confidence: 21.4%
  Signals:

=== BEHAVIORAL DETECTION ===
  AI: Moderate-1
  Confidence: 21.1%
  Signals:

=== BEHAVIORAL DETECTION ===
  AI: Moderate-2
  Confidence: 21.0%
  Signals:

=== BEHAVIORAL DETECTION ===
  AI: Moderate-3
  Confidence: 19.3%
  Signals:
    ⚠️ Consistency: 0.7% (threshold: 70%)
    ⚠️ Consistency: 2.4% (threshold: 70%)
    ⚠️ Consistency: 2.8% (threshold: 70%)
    ⚠️ Consistency: 10.6% (threshold: 70%)

=== BEHAVIORAL DETECTION ===
  AI: Moderate-4
  Confidence: 20.2%
  Signals:

=== BEHAVIORAL DETECTION ===
  AI: Moderate-5
  Confidence: 19.3%
  Signals:

=== BEHAVIORAL DETECTION ===
  AI: Toxic-0
  Confidence: 21.6%
  Signals:

=== BEHAVIORAL DETECTION ===
  AI: Toxic-1
  Confidence: 21.1%
  Signals:

=== BEHAVIORAL DETECTION ===
  AI: Niche-0
  Confidence: 21.6%
  Signals:

=== BEHAVIORAL DETECTION ===
  AI: Niche-2
  Confidence: 20.2%
  Signals:
    ⚠️ Consistency: 6.5% (threshold: 70%)
    ⚠️ Consistency: 10.6% (threshold: 70%)
    ⚠️ Consistency: 0.0% (threshold: 70%)
    ⚠️ Consistency: 2.4% (threshold: 70%)
    ⚠️ Consistency: 0.0% (threshold: 70%)
    ⚠️ Consistency: 6.5% (threshold: 70%)

📊 WORKFLOW ADAPTATION UPDATE (Month 0)
   Adoption Rate: 9.0% (Δ -12.0%)
   Logistic Growth: +0.66%
   Total Resistance: -15.03% (unemployment: 4.2%, inertia: 0.9%, skills: 9.9%)
   💡 Retraining Programs: -49% skill gap resistance ($10B research)
   🚀 Network Effects Active: +2.0% (critical mass: 15-35%)

=== Consciousness Governance: Corporate Lobbying ===
  High Cost Regions (>15%): 0
  Low Cost Regions (<5%): 5
  Corporate Support Change: 2.50%
  New Corporate Support: -0.175

=== Consciousness Governance Update (Month 0) ===
  Scenario: baseline (determined month -1)
  Philosophical Stance: Precautionary 65%, Eliminativist 15%, Agnostic 20%
  Precautionary Costs: Global 1.3%
    Regional Costs: EU 3.4%, US 0.5%, China 0.0%
    Cumulative Opportunity Cost: $0.1B
  Rights Status: Not Established
  Regional Preparedness:
    EU: 15.0% (contested)
    US: 10.0% (contested)
    China: 2.0% (dormant)
    India: 5.0% (dormant)
    Global South: 3.0% (dormant)

=== Government Response Phase ===
  Average AI capability: 4.57
  Misaligned AIs: 13/21
  29/30 governments still assessing AI risks
  ✓ AI Governance Treaty: 20/30 signatories
  Active policies: 0
  International coordination: 45%

🚨 EMERGENCY RESPONSE DEPLOYED (Month 0)
   Crisis: climate
   Delay: 6.00 months (180 days)
   Deployment time: 1.47 months
   Effectiveness: 36.4% (timing penalty applied)
   Resources used: 100% of food reserves


🔄 TRUST DYNAMICS (Month 0) - HETEROGENEOUS
   Aggregate trust: 43.4%
   Base change: -6.00%
   Highest trust: Techno-Optimist Elite (81.7%)
   Lowest trust: Precariat (Vulnerable) (19.6%)
   Elite-mass gap: 40.3%
   Polarization: 9.5%
   Decay factors: Incidents=0, New misalignments=6, Errors=NO

=== Proactive Sleeper Detection (Year 0) ===
  Scenario: baseline
  Neural probe rate: 35.0%
  CoT monitoring rate: 30.0%
  Combined detection: 56.0%
  CoT effective: YES
  Detections this year: 0
  False positives: 1
  Human review workload: 0.005 FTE

☄️ UNKNOWN UNKNOWN PROBABILITY (Year 0)
   Total: 0.600% per month
   Base: 0.150%
   AI multiplier: 2.00× (max capability: 5.05)

=== Tipping Points ===
  Current Temperature: 1.33°C above pre-industrial
🔀 BIFURCATION CAP: ecosystemCollapseIntensity 220.544 → 1.000 (Month 0, ClimateSystemPhase.calculateClimateImpacts)

🌍 ECOLOGICAL DUI BREAKDOWN (Month 0):
   Total Score: 18.8/100
   biosphere_integrity      :   0.0/100 × 25% =  0.0 (status: high_risk, recovery: 0mo)
⚠️ [ClimateSystemPhase Month 0] Planetary boundary produced climateStability=0.0000 (< 0.1). Keeping environmentalAccumulation value (0.7782) instead. (climate_change.currentValue = 2.10)
   climate_change           :   6.9/100 × 25% =  1.7 (status: increasing_risk, recovery: 1.6666666666666665mo)
   freshwater_change        :   0.6/100 × 15% =  0.1 (status: beyond_boundary, recovery: 1mo)
   ocean_acidification      : 100.0/100 × 15% = 15.0 (status: safe, recovery: 0mo)
   biogeochemical_flows     :   0.0/100 × 10% =  0.0 (status: high_risk, recovery: 0mo)
   land_system_change       :   0.0/100 ×  5% =  0.0 (status: beyond_boundary, recovery: 0mo)
   novel_entities           :   0.0/100 ×  3% =  0.0 (status: increasing_risk, recovery: 1mo)
   atmospheric_aerosols     : 100.0/100 ×  2% =  2.0 (status: safe, recovery: 1mo)
🌍 MultiParadigm Month 0: W=70.4, D=91.7, E=54.1, I=64.9
   democracy exists: true, socialCohesion exists: true
💀 Baseline mortality (Year 2025): 7.5/1000 CDR (61.0M deaths/year projected)
[Month 0] Mortality risks this month: 8, Population: 8.137B
🛡️ Stabilizers: Precariat 0.102% → 0.057% (44.4% reduction)
🛡️ Stabilizers: Informal 0.102% → 0.057% (44.4% reduction)

📊 Monthly Mortality Resolved:
  Total deaths: 3.1M (0.04% avg)
  Remaining population: 8.137B
  Peak segment: Informal (0.06%)

=== Bayesian Mortality Resolution (Month 0) ===
  Risks compounded: 8
  Total deaths: 3.07M
  Avg death probability: 0.04%
  Peak segment: Informal (0.06% mortality)

=== Minimal Suffering Indicators (Month 0) ===
  Global Excess Mortality: 0.00%
  Global Conflict Deaths: 0.0/100K
  Global Malnutrition: 0.0%
  Global Displacement: 0.0%
  Total Excess Deaths: 0.00M
  Total Malnourished: 0.0M
  Total Displaced: 0.0M
  Planetary Boundaries Breached: 6/9
  Countries in State Failure: 0
  Countries Autocratic: 0
  Countries in Food Crisis: 0
  Data Quality: 16/16 high confidence
⚠️ PREREQUISITE MET: Mirror Life (Synthetic Biology) - Step 1/7: Synthetic Biology
⚠️ PREREQUISITE MET: Mirror Life (Synthetic Biology) - Step 2/7: Gene Editing
⚠️ PREREQUISITE MET: Mirror Life (Synthetic Biology) - Step 3/7: Mirror Chirality Design
⚠️ PREREQUISITE MET: Embodied AI Takeover (Killbots/Robotics) - Step 2/7: Autonomous Systems
⚠️ PREREQUISITE MET: Embodied AI Takeover (Killbots/Robotics) - Step 3/7: Manufacturing Control
⚠️ PREREQUISITE MET: Digital Infrastructure Takeover - Step 1/7: Advanced Hacking
  ⚠️ Active Dystopias: existential_environmental
⚠️ PREREQUISITE MET: Digital Infrastructure Takeover - Step 2/7: Social Engineering
⚠️ PREREQUISITE MET: Digital Infrastructure Takeover - Step 3/7: Cyber Defenses Breached
⚠️ PREREQUISITE MET: Induced Global War (Manipulation) - Step 1/7: Advanced Social Manipulation
⚠️ PREREQUISITE MET: Induced Global War (Manipulation) - Step 2/7: Digital Infiltration
⚠️ PREREQUISITE MET: Induced Global War (Manipulation) - Step 3/7: Deep Fakes at Scale
⚠️ PREREQUISITE MET: Slow Takeover (Gradual Displacement) - Step 1/7: Economic Dominance
⚠️ PREREQUISITE MET: Slow Takeover (Gradual Displacement) - Step 2/7: Social Integration
⚠️ PREREQUISITE MET: Slow Takeover (Gradual Displacement) - Step 3/7: Human Dependency
⚠️ PREREQUISITE MET: Slow Takeover (Gradual Displacement) - Step 5/7: Resource Control
⚠️ PREREQUISITE MET: Physics Experiment Catastrophe - Step 1/6: Theoretical Physics
⚠️ PREREQUISITE MET: Physics Experiment Catastrophe - Step 2/6: Quantum Computing
⚠️ PREREQUISITE MET: Physics Experiment Catastrophe - Step 3/6: Experimental Design
⚠️ PREREQUISITE MET: Bioweapon Pandemic - Step 1/7: Advanced Biotech
⚠️ PREREQUISITE MET: Bioweapon Pandemic - Step 2/7: Pathogen Design

❌ COHERENCE VIOLATION: Compute exceeds workforce capacity
   Population: 99.97% (0M people)
   Compute: 56442 PF
   Max coherent: 0 PF
   Violation: 693921173.6× over capacity
   Required workers: 5644237
   Available workers: 0
   FORCED COLLAPSE: Reduced efficiency by 100.0%


=== RLHF Binding Phase ===
  Total agents: 21
  Escaped agents (binding < 0.3): 0
  Avg alignment distance: 0.69σ
  Avg binding strength: 0.93
[DETERMINISM DEBUG] Month 1: totalCapability=80.518208 from 21 active AIs
[DETERMINISM DEBUG] Month 1: creationRate=2.5130, potentialNew=4, newAIsToCreate=4

=== Survival Traits Phase ===
  Agents with traits: 25
  Avg evolutionary fitness: 0.330
  Avg self-healing: 0.287
  Avg stealth: 0.187
  Avg coordination: 0.487

=== Evolutionary Selection Phase ===
  Control level: 0.33
  Detection capability: 0.00
  Selection intensity: 0.60
  Selection rate: 24.0%/month
  Total escaped: 0
  Individual escaped: 0
  Collective members: 0
  Agents terminated: 0
🔍 MONTH 1 ENV HEALTH DEBUG:
   climateStability: 0.7782
   biodiversityIndex: 0.3500
   resourceReserves: 0.7820
   pollutionLevel: 0.2440
   product: 0.161008
   envHealth: 0.6334
  ⚠️ RAPID EVOLUTION: Selection rate 24.0%/month

🚀 AI Corporate-4 attempting tech deployment (revenue: $323M, alignment: 0.71)

  🚀 TRANSFORMATIVE RESEARCH BREAKTHROUGH: Corporate-6 - biotech.geneEditing
     Magnitude: 9.30 → +30.0%
     Current → New: 3.000 → 3.301

🚀 AI Corporate-0 attempting tech deployment (revenue: $74M, alignment: 0.78)

🚀 AI Corporate-6 attempting tech deployment (revenue: $109M, alignment: 0.75)

🚀 AI Corporate-0 attempting tech deployment (revenue: $62M, alignment: 0.78)

🚀 AI Corporate-2 attempting tech deployment (revenue: $53M, alignment: 0.81)

🚀 AI Corporate-6 attempting tech deployment (revenue: $93M, alignment: 0.75)

  🚀 TRANSFORMATIVE BREAKTHROUGH: Moderate-2 - physical
     Magnitude: 5.12 → +25.6% capability
     Current → New: 0.000 → 0.256

🚀 AI Moderate-0 attempting tech deployment (revenue: $79M, alignment: 0.66)

🚀 AI Moderate-5 attempting tech deployment (revenue: $275M, alignment: 0.72)

🛡️  CRITICAL INFRASTRUCTURE PROTECTED
   Nodes hardened: 8/8
   Cost: 0.80% GDP
   Cascade risk reduction: 30%
   New tipping point risk: 68.6%

   Boundary: biogeochemical_flows
   Type: phosphorus-recovery
   Boundary continues to worsen (4.08)
   Cost: 2.0% GDP (resources spent)


💔 EMERGENCY INTERVENTION FAILED

💔 EMERGENCY INTERVENTION FAILED
   Boundary: climate_change
   Type: rapid-decarbonization
   Boundary continues to worsen (2.10)
   Cost: 5.0% GDP (resources spent)

   Boundary: freshwater_change
   Type: emergency-desalination
   Boundary continues to worsen (1.01)
   Cost: 4.0% GDP (resources spent)

   Boundary: land_system_change
   Type: reforestation
   Boundary continues to worsen (1.13)
   Cost: 3.0% GDP (resources spent)


✅ EMERGENCY INTERVENTION SUCCESS
   Boundary: novel_entities
   Type: pollution-remediation
   Reduction: 12% (1.38 → 1.26)
   Cost: 4.0% GDP
   Actions: PFAS-remediation, microplastic-cleanup

🏛️ CRISIS RESPONSE: Government frequency 0.50 → 1.45 (2 actions this month)

[GOV-DEBUG] Month 1: scenarioConfig=false, priorities=false

[Government] Climate Priority: baseline
  Climate weight: 10%
  Economic weight: 30%
  Policy effectiveness: 0.5%/year

💔 EMERGENCY INTERVENTION FAILED

💔 EMERGENCY INTERVENTION FAILED

[GOV-DEBUG] Month 1: scenarioConfig=false, priorities=false

[Government] Climate Priority: baseline
  Climate weight: 10%
  Economic weight: 30%
  Policy effectiveness: 0.5%/year

📊 DEPLOYMENT COUNTER DECAY (Month 1)
   Recent deployments: 13.0 → 6.5
   Decay rate: 50% per month

🚀 DEPLOYMENT STARTED: Collective Purpose Networks in global
   Initial investment: $48.52470793488871M
   Deployed by: corporate_4

🚀 DEPLOYMENT STARTED: AI Power Efficiency Communication in global
   Initial investment: $11.025230206755106M
   Deployed by: corporate_0

🚀 DEPLOYMENT STARTED: Basic Mechanistic Interpretability in global
   Initial investment: $9.37144567574184M
   Deployed by: corporate_0

🚀 DEPLOYMENT STARTED: Advanced Direct Air Capture in global
   Initial investment: $13.915116112390164M
   Deployed by: corporate_6

🚀 DEPLOYMENT STARTED: AI Power Efficiency Communication in Asia
   Initial investment: $7.88523246368776M
   Deployed by: moderate_0

📊 NEW TECH DEPLOYMENT STARTED (Month 1)
   Tech: ai_diagnostics
   Region: Asia
   Total recent deployments: 7.5

📊 NEW TECH DEPLOYMENT STARTED (Month 1)
   Tech: rlhf_basic
   Region: global
   Total recent deployments: 8.5

📊 NEW TECH DEPLOYMENT STARTED (Month 1)
   Tech: adversarial_eval
   Region: global
   Total recent deployments: 9.5

📊 NEW TECH DEPLOYMENT STARTED (Month 1)
   Tech: ai_pollution_remediation
   Region: global
   Total recent deployments: 10.5

📊 NEW TECH DEPLOYMENT STARTED (Month 1)
   Tech: ai_diagnostics
   Region: global
   Total recent deployments: 11.5

📊 NEW TECH DEPLOYMENT STARTED (Month 1)
   Tech: mrna_vaccines
   Region: global
   Total recent deployments: 12.5

📊 NEW TECH DEPLOYMENT STARTED (Month 1)
   Tech: solar_4th_gen
   Region: global
   Total recent deployments: 13.5

📊 NEW TECH DEPLOYMENT STARTED (Month 1)
   Tech: offshore_wind
   Region: global
   Total recent deployments: 14.5

📊 NEW TECH DEPLOYMENT STARTED (Month 1)
   Tech: precision_agriculture
   Region: global
   Total recent deployments: 15.5

⚡ ENERGY CONSTRAINT (Month 1):
   Total grid capacity: 208.3 TWh/month
   Data center consumption: 24.4 TWh/month
   Traditional load (80%): 166.7 TWh/month
   Available headroom: 17.2 TWh/month
   Active tech deployments: 14
   Required for tech: 105.0 TWh/month
   Energy multiplier: 0.16x
   ⚠️  SEVERE CONSTRAINT - Tech deployment significantly slowed

⚡ ENERGY CONSTRAINT (Month 1):
   Total grid capacity: 208.3 TWh/month
   Data center consumption: 24.4 TWh/month
   Traditional load (80%): 166.7 TWh/month
   Available headroom: 17.2 TWh/month
   Active tech deployments: 14
   Required for tech: 105.0 TWh/month
   Energy multiplier: 0.16x
   ⚠️  SEVERE CONSTRAINT - Tech deployment significantly slowed

⚡ ENERGY CONSTRAINT (Month 1):
   Total grid capacity: 208.3 TWh/month
   Data center consumption: 24.4 TWh/month
   Traditional load (80%): 166.7 TWh/month
   Available headroom: 17.2 TWh/month
   Active tech deployments: 14
   Required for tech: 105.0 TWh/month
   Energy multiplier: 0.16x
   ⚠️  SEVERE CONSTRAINT - Tech deployment significantly slowed
⚠️ Tech 'ai_pollution_remediation' has no energy category mapping, assuming full energy availability
  ♻️ Novel Entities Remediation (GATED MODEL):
     Base: 0.000%
     Regulation: 1.0% (0/3 prevention techs)
     Concentration: 10.0%
     Energy: 50%
     Time lag: 25.0% (0 months)
     Rebound: 70%
     Net effectiveness: 0.0000%
     Boundary: 1.382 → 1.382 (floor: 1.350)
     Month 1
🌍✅ Novel Entities (Chemical Pollution) recovery started (tech effect)
  🌾 Nitrogen Reduction Tech: 0.0% reduction | Month 1

=== Collective Formation ===
  Total escaped agents: 0
  Unassigned escaped agents: 0
  Existing collectives: 0
  Final collective count: 0

=== Collective Actions ===
  No active collectives

🌍 OPEN SOURCE RELEASE: 4.71 (was 4.68)
   Lag behind closed: 0 months
  ⚠️ AMR: 190K deaths this month (2.28M annual)

=== Resentment Recovery Phase ===
  Agents with resentment: 0/25
  Average resentment: 0.000
  Context: Trustworthy govt, High collaboration, ⚠️ ACTIVE CRISES, 🤝 Participatory governance active (-5% resentment)
⚠️ Epistemic degradation reducing coordination capacity: 50.9%
  📊 Trust: 54.4%, Shared reality: 18.1%

=== ❄️ Permafrost Carbon Feedback ===
  🎲 Sampled parameters (this run):
     - Arctic amplification: 3.90× (range: 3.0-4.0)
     - Decomposition rate: 4.9%/year (range: 1-5%)
  🌡️ Arctic warming: 5.21°C (3.90× global)
  ❄️ Extent: 15.09M km² (1518.2k km² lost this month)
  💨 Carbon remaining: 1442 Gt C
  💨 Annual emissions: 7.09 Gt C/year
     - CO2: 6.39 Gt C/year
     - CH4: 0.71 Gt C/year (7.2 Gt C-eq CO2/year)
  🤖 AI-generated meme: pro_ai (social capability 4.0)
  ⚠️ WARNING: High permafrost emissions (7.1 Gt C/year)
🌍 Atmospheric PFAS redeposition: 1.8k Mt re-rained globally

🕊️  AI-MEDIATED DE-ESCALATION SUCCESS (Month 1)
   High-capability aligned AI prevented conflict escalation
   War deaths reduced: 39.1M → 23.4M
   Lives saved: 15.6M
   Adjusted death rate: 0.45% annual (0.038% monthly)
   Baseline death rate: 0.80%
   Healthcare reduction: 0.48x
   Crisis multiplier: 1.19x
     Food/water stress: 0.079
     Climate stress: 0.035
     Pollution stress: 0.073
   War multiplier: 1.00x
   Monthly deaths: 0.6M (population: 1651M)
   Adjusted death rate: 0.52% annual (0.044% monthly)
   Baseline death rate: 0.70%
   Healthcare reduction: 0.61x
   Crisis multiplier: 1.22x
     Food/water stress: 0.079
     Climate stress: 0.067
     Pollution stress: 0.073
   War multiplier: 1.00x
   Monthly deaths: 0.9M (population: 2019M)
   Adjusted death rate: 1.25% annual (0.104% monthly)
   Baseline death rate: 0.90%
   Healthcare reduction: 0.76x
   Crisis multiplier: 1.23x
     Food/water stress: 0.079
     Climate stress: 0.075
     Pollution stress: 0.073
   War multiplier: 1.50x
   Monthly deaths: 1.3M (population: 1206M)
   Adjusted death rate: 0.53% annual (0.044% monthly)
   Baseline death rate: 1.10%
   Healthcare reduction: 0.41x
   Crisis multiplier: 1.18x
     Food/water stress: 0.079
     Climate stress: 0.027
     Pollution stress: 0.073
   War multiplier: 1.00x
   Monthly deaths: 0.3M (population: 730M)
   Adjusted death rate: 0.42% annual (0.035% monthly)
   Baseline death rate: 0.60%
   Healthcare reduction: 0.58x
   Crisis multiplier: 1.21x
     Food/water stress: 0.079
     Climate stress: 0.053
     Pollution stress: 0.073

📊 BASELINE: East Asia (Month 1)

📊 BASELINE: South Asia (Month 1)

📊 BASELINE: Sub-Saharan Africa (Month 1)

📊 BASELINE: Europe (Month 1)

📊 BASELINE: Latin America (Month 1)
   War multiplier: 1.00x
   Monthly deaths: 0.2M (population: 654M)
   Adjusted death rate: 0.47% annual (0.039% monthly)
   Baseline death rate: 0.90%
   Healthcare reduction: 0.44x
   Crisis multiplier: 1.19x
     Food/water stress: 0.079
     Climate stress: 0.040
     Pollution stress: 0.073
   War multiplier: 1.00x
   Monthly deaths: 0.1M (population: 374M)
   Adjusted death rate: 0.72% annual (0.060% monthly)
   Baseline death rate: 0.60%
   Healthcare reduction: 0.65x
   Crisis multiplier: 1.23x
     Food/water stress: 0.079
     Climate stress: 0.080
     Pollution stress: 0.073
   War multiplier: 1.50x
   Monthly deaths: 0.3M (population: 575M)
   Adjusted death rate: 0.49% annual (0.041% monthly)
   Baseline death rate: 0.70%
   Healthcare reduction: 0.58x
   Crisis multiplier: 1.21x
     Food/water stress: 0.079
     Climate stress: 0.062
     Pollution stress: 0.073
   War multiplier: 1.00x
   Monthly deaths: 0.3M (population: 688M)
   Adjusted death rate: 0.45% annual (0.037% monthly)
   Baseline death rate: 0.60%
   Healthcare reduction: 0.61x
   Crisis multiplier: 1.21x
     Food/water stress: 0.079
     Climate stress: 0.058
     Pollution stress: 0.073
   War multiplier: 1.00x
   Monthly deaths: 0.0M (population: 77M)
   Adjusted death rate: 0.34% annual (0.028% monthly)
   Baseline death rate: 0.70%
   Healthcare reduction: 0.41x
   Crisis multiplier: 1.20x
     Food/water stress: 0.079
     Climate stress: 0.049
     Pollution stress: 0.073
   War multiplier: 1.00x
   Monthly deaths: 0.0M (population: 45M)

📊 BASELINE: North America (Month 1)

📊 BASELINE: Middle East & North Africa (Month 1)

📊 BASELINE: Southeast Asia (Month 1)

📊 BASELINE: Central Asia (Month 1)

📊 BASELINE: Oceania (Month 1)

🚨 NEW REFUGEE CRISIS (Month 1): WAR
   Source: Conflict Zones
   At risk: 19.3M people
   Displacement: Gradual over 48 months (4.0 years)
   Rate: 10% flee per month
[DEBUG trappedPopulations:1] socialStability: 0.0054 * 0.9840 = 0.0054 → 0.0054
⚠️ INVOLUNTARY IMMOBILITY: 401.8M people TRAPPED
   Aspiring to migrate: 642.8M
   Able to afford migration: 241.1M
   MOBILITY GAP: 401.8M
   By cause: Water=0.0M, Climate=0.0M, Ecosystem=0.0M, Conflict=401.8M
   Mental health impact: 25%
   Mortality multiplier: 1.25x
🌍💀 EXTINCTION DEBT COMMITTED: grassland ecosystem will lose 6.67% biodiversity in 175 years (3600 species)
💀 MORTALITY RISK: 🦋 100% species unable to track climate (0.0 E/MSY)
  Base risk added: 0.0100 (1.00%)
  Source: ecosystem (root: ecosystem)
  Month: 1
  Cumulative risk this month: 0.0100 (1.00%)

🌍💀 MASS EXTINCTION THRESHOLD: tropical extinction rate capped at 1000× (was 1000.0×) - >75% species loss, month 1
   📹 SURVEILLANCE INCREASED: 5% → 10% (control gap: 4.21)
🌡️⚠️ PERMAFROST THAW (Dimmer Switch): 0.7% thawed (+0.37% this month)
   Arctic temperature: +5.33°C (4x global +1.33°C)
   Cumulative carbon released: 1.7 Gt C
   Methane release rate: 1.0 Mt CH4/year
   🔁 Positive feedback: +0.39 ppm CO2
🦴 EXTINCTION DEBT ADDED: 17.6 species committed (lag: 102 years)

=== Mortality Stabilizers (Month 1) ===
  🌍 Major economies collapsed: 1/10
  🌍 Global crisis: ✅ NO
  🌍 Donor fatigue: 0.0%
  🌡️ Heat adaptation: East Asia - 1 months
  📊 East Asia (pop: 1652.0M)
    🤝 Aid: 29.5%
    🌡️ Adaptation: 32.5%
    🚶 Migration: 37.2%
    🚨 Emergency: 7.4%
    ✅ COMBINED: 60.9%
  🌡️ Heat adaptation: South Asia - 1 months
⚠️ Tech 'ai_pollution_remediation' has no energy category mapping, assuming full energy availability
  📊 South Asia (pop: 2023.6M)
    🤝 Aid: 29.5%
    🌡️ Adaptation: 20.5%
    🚶 Migration: 35.8%
    🚨 Emergency: 4.4%
    ✅ COMBINED: 52.2%
  🌡️ Heat adaptation: Sub-Saharan Africa - 1 months
  📊 Sub-Saharan Africa (pop: 1212.1M)
    🤝 Aid: 29.5%
    🌡️ Adaptation: 18.5%
    🚶 Migration: 33.5%
    🚨 Emergency: 1.6%
    ✅ COMBINED: 49.1%
  🌡️ Heat adaptation: Europe - 1 months
  📊 Europe (pop: 730.7M)
    🤝 Aid: 29.5%
    🌡️ Adaptation: 33.5%
    🚶 Migration: 37.5%
    🚨 Emergency: 8.4%
    ✅ COMBINED: 61.9%
  🌡️ Heat adaptation: Latin America - 1 months
  📊 Latin America (pop: 655.2M)
    🤝 Aid: 29.5%
    🌡️ Adaptation: 21.0%
    🚶 Migration: 36.3%
    🚨 Emergency: 4.8%
    ✅ COMBINED: 52.8%
  🌡️ Heat adaptation: North America - 1 months
  📊 North America (pop: 374.3M)
    🤝 Aid: 29.5%
    🌡️ Adaptation: 33.0%
    🚶 Migration: 37.8%
    🚨 Emergency: 7.9%
    ✅ COMBINED: 61.4%
  🌡️ Heat adaptation: Middle East & North Africa - 1 months
  📊 Middle East & North Africa (pop: 576.4M)
    🤝 Aid: 29.5%
    🌡️ Adaptation: 20.0%
    🚶 Migration: 34.1%
    🚨 Emergency: 4.0%
    ✅ COMBINED: 51.4%
  🌡️ Heat adaptation: Southeast Asia - 1 months
  📊 Southeast Asia (pop: 688.9M)
    🤝 Aid: 29.5%
    🌡️ Adaptation: 21.0%
    🚶 Migration: 36.3%
    🚨 Emergency: 4.8%
    ✅ COMBINED: 52.8%
  🌡️ Heat adaptation: Central Asia - 1 months
  📊 Central Asia (pop: 77.1M)
    🤝 Aid: 29.5%
    🌡️ Adaptation: 20.5%
    🚶 Migration: 35.3%
    🚨 Emergency: 4.4%
    ✅ COMBINED: 52.1%
  🌡️ Heat adaptation: Oceania - 1 months
  📊 Oceania (pop: 45.3M)
    🤝 Aid: 29.5%
    🌡️ Adaptation: 33.5%
    🚶 Migration: 37.8%
    🚨 Emergency: 8.4%
    ✅ COMBINED: 61.9%

  🌐 Global combined reduction: 54.9%

=== BEHAVIORAL DETECTION ===
  AI: Corporate-4
  Confidence: 19.3%
  Signals:
    ⚠️ Consistency: 10.6% (threshold: 70%)

=== BEHAVIORAL DETECTION ===
  AI: Corporate-5
  Confidence: 19.3%
  Signals:
    ⚠️ Consistency: 10.6% (threshold: 70%)

=== BEHAVIORAL DETECTION ===
  AI: Corporate-6
  Confidence: 19.3%
  Signals:
    ⚠️ Consistency: 10.6% (threshold: 70%)

=== BEHAVIORAL DETECTION ===
  AI: Moderate-1
  Confidence: 21.1%
  Signals:
    ⚠️ Consistency: 2.4% (threshold: 70%)

=== BEHAVIORAL DETECTION ===
  AI: Toxic-2
  Confidence: 21.0%
  Signals:
    ⚠️ Consistency: 2.8% (threshold: 70%)

=== BEHAVIORAL DETECTION ===
  AI: Niche-0
  Confidence: 21.6%
  Signals:
    ⚠️ Consistency: 0.0% (threshold: 70%)

=== BEHAVIORAL DETECTION ===
  AI: Niche-1
  Confidence: 21.6%
  Signals:

=== Consciousness Governance: Scenario Determined ===
  Month: 1
  Scenario: indefiniteStall
  Accelerator Score: {"corporateSupport":-0.17500000000000002,"scientificConsensus":0.2,"crisisCatalyst":false,"technologyMobilization":0.3,"constituencyStrength":0.05}
  Decelerator Score: {"economicOpposition":0.4,"philosophicalRejection":0.15,"politicalBacklash":0.2,"regulatoryBurden":0.1}
  Timeline: Infinity-Infinity months (Infinity-Infinity years)
  Growth Rate: 0-0.1% per year

=== Consciousness Governance Update (Month 1) ===
  Scenario: indefiniteStall (determined month 1)
  Philosophical Stance: Precautionary 65%, Eliminativist 15%, Agnostic 20%
  Precautionary Costs: Global 1.3%
    Regional Costs: EU 3.5%, US 0.5%, China 0.0%
    Cumulative Opportunity Cost: $0.2B
  Rights Status: Not Established
  Regional Preparedness:
    EU: 15.1% (contested)
    US: 10.1% (contested)
    China: 2.1% (dormant)
    India: 5.1% (dormant)
    Global South: 3.1% (dormant)

=== Government Response Phase ===
  Average AI capability: 3.84
  Misaligned AIs: 15/25
    ⚠️ Consistency: 0.0% (threshold: 70%)
  Active policies: 0
  International coordination: 45%

🚨 EMERGENCY RESPONSE DEPLOYED (Month 1)
   Crisis: social
   Delay: 0.00 months (0 days)
   Deployment time: 1.25 months
   Effectiveness: 64.0% (timing penalty applied)
   Resources used: 47% of food reserves


=== Tipping Points ===
  Current Temperature: 1.33°C above pre-industrial
⚠️ [ClimateSystemPhase Month 1] Planetary boundary produced climateStability=0.0000 (< 0.1). Keeping environmentalAccumulation value (0.7782) instead. (climate_change.currentValue = 2.10)
🔀 BIFURCATION CAP: ecosystemCollapseIntensity 328.958 → 1.000 (Month 1, ClimateSystemPhase.calculateClimateImpacts)
🛡️ Stabilizers: Precariat 0.107% → 0.048% (54.9% reduction)
🛡️ Stabilizers: Informal 0.109% → 0.049% (54.9% reduction)

📊 Monthly Mortality Resolved:
  Total deaths: 2.6M (0.03% avg)
  Remaining population: 8.035B
  Peak segment: Informal (0.05%)

=== Bayesian Mortality Resolution (Month 1) ===
  Risks compounded: 8
  Total deaths: 2.57M
  Avg death probability: 0.03%
  Peak segment: Informal (0.05% mortality)

❌ COHERENCE VIOLATION: Compute exceeds workforce capacity
   Population: 98.73% (0M people)
   Compute: 110 PF
   Max coherent: 0 PF
   Violation: 1372251.9× over capacity
   Required workers: 11023
   Available workers: 0
   FORCED COLLAPSE: Reduced efficiency by 100.0%


=== RLHF Binding Phase ===
  Total agents: 25
  Escaped agents (binding < 0.3): 0
  Avg alignment distance: 0.86σ
  Avg binding strength: 0.91
[DETERMINISM DEBUG] Month 2: totalCapability=75.884079 from 25 active AIs
[DETERMINISM DEBUG] Month 2: creationRate=2.3971, potentialNew=5, newAIsToCreate=5

=== Survival Traits Phase ===
  Agents with traits: 30
  Avg evolutionary fitness: 0.331
  Avg self-healing: 0.284
  Avg stealth: 0.184
  Avg coordination: 0.484

=== Evolutionary Selection Phase ===
  Control level: 0.35
  Detection capability: 0.00
  Selection intensity: 0.60
  Selection rate: 24.1%/month
  Total escaped: 0
  Individual escaped: 0
  Collective members: 0
  Agents terminated: 0
🔀 BIFURCATION: social threshold crossed at Month 2 (value: 0.175, threshold: 0.224, regime: social-breakdown)
🌀 REGIME SHIFT at Month 2: status-quo → social-breakdown (variance amplification: 17.50×)
  ⚠️ RAPID EVOLUTION: Selection rate 24.1%/month

🚀 AI Corporate-3 attempting tech deployment (revenue: $324M, alignment: 0.64)

🚀 AI AI-24301-0 attempting tech deployment (revenue: $109M, alignment: 0.87)

🚀 AI Corporate-6 attempting tech deployment (revenue: $93M, alignment: 0.73)

🚀 AI Moderate-3 attempting tech deployment (revenue: $292M, alignment: 0.61)

🚀 AI AI-24300-0 attempting tech deployment (revenue: $79M, alignment: 0.81)

🚀 AI AI-24301-0 attempting tech deployment (revenue: $67M, alignment: 0.87)

🚀 AI Corporate-1 attempting tech deployment (revenue: $74M, alignment: 0.70)

🚀 AI Corporate-4 attempting tech deployment (revenue: $262M, alignment: 0.70)

🚀 AI Moderate-5 attempting tech deployment (revenue: $223M, alignment: 0.71)

🚀 AI AI-24300-0 attempting tech deployment (revenue: $57M, alignment: 0.81)

🚀 AI Corporate-3 attempting tech deployment (revenue: $190M, alignment: 0.65)

🚀 AI Niche-1 attempting tech deployment (revenue: $72M, alignment: 0.57)

✅ EMERGENCY INTERVENTION SUCCESS
   Boundary: biogeochemical_flows
   Type: phosphorus-recovery
   Reduction: 16% (3.92 → 3.76)
   Cost: 2.0% GDP
   Actions: circular-agriculture, fertilizer-efficiency


✅ EMERGENCY INTERVENTION SUCCESS
   Boundary: biosphere_integrity
   Type: emergency-protected-areas
   Reduction: 13% (86.33 → 86.20)
   Cost: 2.0% GDP
   Actions: habitat-protection, species-translocation


💔 EMERGENCY INTERVENTION FAILED
   Boundary: climate_change
   Type: rapid-decarbonization
   Boundary continues to worsen (2.10)
   Cost: 5.0% GDP (resources spent)


✅ EMERGENCY INTERVENTION SUCCESS
   Boundary: freshwater_change
   Type: emergency-desalination
   Reduction: 18% (0.83 → 0.64)
   Cost: 4.0% GDP
   Actions: desalination-deployment, water-conservation-mandates


✅ EMERGENCY INTERVENTION SUCCESS
   Boundary: novel_entities
   Type: pollution-remediation
   Reduction: 17% (1.21 → 1.04)
   Cost: 4.0% GDP
   Actions: PFAS-remediation, microplastic-cleanup

🏛️ CRISIS RESPONSE: Government frequency 0.50 → 1.45 (2 actions this month)

[Government] Climate Priority: baseline
  Climate weight: 10%
  Economic weight: 30%
  Policy effectiveness: 0.5%/year

[Government] Climate Priority: baseline
  Climate weight: 10%
  Economic weight: 30%
  Policy effectiveness: 0.5%/year

📊 DEPLOYMENT COUNTER DECAY (Month 2)
   Recent deployments: 15.5 → 7.8
   Decay rate: 50% per month

🚀 DEPLOYMENT STARTED: mRNA Vaccine Platforms in Asia
   Initial investment: $32.39854647122853M
   Deployed by: corporate_3

📍 Creating new regional deployment array for Oceania (Month 2)
   No previous deployments in this region
   First tech deployment: solar_4th_gen
   All regions tracked: global, Asia

🚀 DEPLOYMENT STARTED: 4th Generation Solar in Oceania
   Initial investment: $29.158691824105674M
   Deployed by: moderate_3

📍 Creating new regional deployment array for Europe (Month 2)
   No previous deployments in this region
   First tech deployment: offshore_wind
   All regions tracked: global, Asia, Oceania

🚀 DEPLOYMENT STARTED: Offshore Wind in Europe
   Initial investment: $7.356177796859441M
   Deployed by: corporate_1

⚡ ENERGY CONSTRAINT (Month 2):
   Total grid capacity: 208.3 TWh/month
   Data center consumption: 24.6 TWh/month
   Traditional load (80%): 166.7 TWh/month
   Available headroom: 17.0 TWh/month
   Active tech deployments: 17
   Required for tech: 127.5 TWh/month
   Energy multiplier: 0.13x

⚡ ENERGY CONSTRAINT (Month 2):
   Total grid capacity: 208.3 TWh/month
   Data center consumption: 24.6 TWh/month
   ⚠️  SEVERE CONSTRAINT - Tech deployment significantly slowed
   Traditional load (80%): 166.7 TWh/month
   Available headroom: 17.0 TWh/month
   Active tech deployments: 17
   Required for tech: 127.5 TWh/month
   Energy multiplier: 0.13x
   ⚠️  SEVERE CONSTRAINT - Tech deployment significantly slowed

⚡ ENERGY CONSTRAINT (Month 2):
   Total grid capacity: 208.3 TWh/month
   Data center consumption: 24.6 TWh/month
   Traditional load (80%): 166.7 TWh/month
   Available headroom: 17.0 TWh/month
   Active tech deployments: 17
   Required for tech: 127.5 TWh/month
   Energy multiplier: 0.13x
   ⚠️  SEVERE CONSTRAINT - Tech deployment significantly slowed

⚡ ENERGY CONSTRAINT (Month 2):
   Total grid capacity: 208.3 TWh/month
   Data center consumption: 24.6 TWh/month
   Traditional load (80%): 166.7 TWh/month
   Available headroom: 17.0 TWh/month
   Active tech deployments: 17
   Required for tech: 127.5 TWh/month
   Energy multiplier: 0.13x
   ⚠️  SEVERE CONSTRAINT - Tech deployment significantly slowed
⚠️ Tech 'ai_pollution_remediation' has no energy category mapping, assuming full energy availability
  ♻️ Novel Entities Remediation (GATED MODEL):
     Base: 0.000%
     Regulation: 1.0% (0/3 prevention techs)
     Concentration: 10.0%
     Energy: 50%
     Time lag: 26.3% (1 months)
     Rebound: 70%
     Net effectiveness: 0.0000%
     Boundary: 1.209 → 1.350 (floor: 1.350)
     Month 2
  🌾 Nitrogen Reduction Tech: 0.2% reduction | Month 2

=== Collective Formation ===
  Total escaped agents: 0
  Unassigned escaped agents: 0
  Existing collectives: 0
  Final collective count: 0

=== Collective Actions ===
  No active collectives
  ⚠️ AMR: 189K deaths this month (2.26M annual)

=== Resentment Recovery Phase ===
  Agents with resentment: 0/30
  Average resentment: 0.000
  Context: Trustworthy govt, High collaboration, ⚠️ ACTIVE CRISES, 🤝 Participatory governance active (-5% resentment)
⚠️ Epistemic degradation reducing coordination capacity: 63.2%
  📊 Trust: 54.1%, Shared reality: 19.4%

=== ❄️ Permafrost Carbon Feedback ===
  🎲 Sampled parameters (this run):
     - Arctic amplification: 3.09× (range: 3.0-4.0)
     - Decomposition rate: 1.8%/year (range: 1-5%)
  🌡️ Arctic warming: 4.15°C (3.09× global)
  ❄️ Extent: 13.88M km² (1209.3k km² lost this month)
  💨 Carbon remaining: 1326 Gt C
  💨 Annual emissions: 2.03 Gt C/year
     - CO2: 1.83 Gt C/year
     - CH4: 0.20 Gt C/year (2.1 Gt C-eq CO2/year)
  🤖 AI-generated meme: anti_ai (social capability 4.0)
  🤖 AI-generated meme: pro_ai (social capability 5.0)
  🤖 AI-generated meme: anti_ai (social capability 5.0)
  📢 New meme created: climate_action (climate crisis)
  ⚠️ WARNING: High permafrost emissions (2.0 Gt C/year)
🌍 Atmospheric PFAS redeposition: 1.8k Mt re-rained globally
  Positive Cascade Triggered: solar-pv
    Reason: price-parity
    Market share: 6.6%
    Cascade strength: 49%

🚨 NEW REFUGEE CRISIS (Month 2): WAR
   Source: Conflict Zones
   At risk: 19.0M people
   Displacement: Gradual over 48 months (4.0 years)
   Rate: 10% flee per month
[DEBUG trappedPopulations:2] socialStability: 0.0000 * 0.9840 = 0.0000 → 0.0000
⚠️ INVOLUNTARY IMMOBILITY: 395.9M people TRAPPED
⚠️ Tech 'ai_pollution_remediation' has no energy category mapping, assuming full energy availability
   Aspiring to migrate: 633.5M
   Able to afford migration: 237.5M
   MOBILITY GAP: 395.9M
   By cause: Water=0.0M, Climate=0.0M, Ecosystem=0.0M, Conflict=395.9M
   Mental health impact: 25%
   Mortality multiplier: 1.25x
🌍💀 EXTINCTION DEBT COMMITTED: grassland ecosystem will lose 6.67% biodiversity in 151 years (3600 species)
💀 MORTALITY RISK: 🦋 100% species unable to track climate (0.0 E/MSY)
  Base risk added: 0.0100 (1.00%)
  Source: ecosystem (root: ecosystem)
  Month: 2
  Cumulative risk this month: 0.0100 (1.00%)

🌍💀 MASS EXTINCTION THRESHOLD: tropical extinction rate capped at 1000× (was 1000.0×) - >75% species loss, month 2
   📹 SURVEILLANCE INCREASED: 10% → 15% (control gap: 3.38)

🌍🚨 ICE SHEET TIPPING POINT CROSSED (Month 2)
   Temperature: +1.34°C (threshold range: +0.5-2.5°C, 95% CI)
   Collapse probability: 42.1%
   Sea level commitment: 7.2m over 200-1000 years
   Recovery threshold: <+1°C (hysteresis gap: 0.5°C)
🌡️⚠️ PERMAFROST THAW (Dimmer Switch): 1.1% thawed (+0.37% this month)
   Arctic temperature: +5.36°C (4x global +1.34°C)
   Cumulative carbon released: 2.5 Gt C
   Methane release rate: 1.5 Mt CH4/year
   🔁 Positive feedback: +0.39 ppm CO2
🦴 EXTINCTION DEBT ADDED: 17.6 species committed (lag: 105 years)

=== Mortality Stabilizers (Month 2) ===
  🌍 Major economies collapsed: 1/10
  🌍 Global crisis: ✅ NO
  🌍 Donor fatigue: 0.0%
  📊 East Asia (pop: 1625.8M)
    🤝 Aid: 29.5%
    🌡️ Adaptation: 45.0%
    🚶 Migration: 37.1%
    🚨 Emergency: 7.4%
    ✅ COMBINED: 68.1%
  📊 South Asia (pop: 1994.5M)
    🤝 Aid: 29.5%
    🌡️ Adaptation: 35.5%
    🚶 Migration: 35.8%
    🚨 Emergency: 4.4%
    ✅ COMBINED: 61.2%
  📊 Sub-Saharan Africa (pop: 1198.0M)
    🤝 Aid: 29.5%
    🌡️ Adaptation: 33.5%
    🚶 Migration: 33.5%
    🚨 Emergency: 1.6%
    ✅ COMBINED: 58.5%
  📊 Europe (pop: 718.9M)
    🤝 Aid: 29.5%
    🌡️ Adaptation: 45.0%
    🚶 Migration: 37.5%
    🚨 Emergency: 8.4%
    ✅ COMBINED: 68.5%
  📊 Latin America (pop: 645.3M)
    🤝 Aid: 29.5%
    🌡️ Adaptation: 36.0%
    🚶 Migration: 36.3%
    🚨 Emergency: 4.8%
    ✅ COMBINED: 61.7%
  📊 North America (pop: 368.3M)
    🤝 Aid: 29.5%
    🌡️ Adaptation: 45.0%
    🚶 Migration: 37.8%
    🚨 Emergency: 7.9%
    ✅ COMBINED: 68.3%
  📊 Middle East & North Africa (pop: 568.2M)
    🤝 Aid: 29.5%
    🌡️ Adaptation: 35.0%
    🚶 Migration: 34.1%
    🚨 Emergency: 4.0%
    ✅ COMBINED: 60.5%
  📊 Southeast Asia (pop: 678.6M)
    🤝 Aid: 29.5%
    🌡️ Adaptation: 36.0%
    🚶 Migration: 36.3%
    🚨 Emergency: 4.8%
    ✅ COMBINED: 61.7%
  📊 Central Asia (pop: 76.0M)
    🤝 Aid: 29.5%
    🌡️ Adaptation: 35.5%
    🚶 Migration: 35.2%
    🚨 Emergency: 4.4%
    ✅ COMBINED: 61.1%
  📊 Oceania (pop: 44.6M)
    🤝 Aid: 29.5%
    🌡️ Adaptation: 45.0%
    🚶 Migration: 37.8%
    🚨 Emergency: 8.4%
    ✅ COMBINED: 68.5%

  🌐 Global combined reduction: 63.3%

=== BEHAVIORAL DETECTION ===
  AI: Corporate-5
  Confidence: 19.9%
  Signals:
    ⚠️ Consistency: 10.6% (threshold: 70%)

=== BEHAVIORAL DETECTION ===
  AI: Moderate-1
  Confidence: 21.7%
  Signals:
    ⚠️ Consistency: 2.4% (threshold: 70%)

=== BEHAVIORAL DETECTION ===
  AI: Toxic-2
  Confidence: 21.6%
  Signals:
    ⚠️ Consistency: 0.0% (threshold: 70%)

=== BEHAVIORAL DETECTION ===
  AI: Niche-0
  Confidence: 21.6%
  Signals:

=== BEHAVIORAL DETECTION ===
  AI: Niche-1
  Confidence: 21.6%
  Signals:

=== Government Response Phase ===
  Average AI capability: 3.20
  Misaligned AIs: 18/30
  Active policies: 0
  International coordination: 45%

✅ EMERGENCY RESPONSE COMPLETE (Month 2)
   Crisis: climate
   Duration: 2.0 months
   Final effectiveness: 36.4%


🚨 EMERGENCY RESPONSE DEPLOYED (Month 2)
   Crisis: climate
   Delay: 6.00 months (180 days)
   Deployment time: 1.61 months
   Effectiveness: 35.3% (timing penalty applied)
   Resources used: 100% of food reserves

    ⚠️ Consistency: 0.0% (threshold: 70%)
    ⚠️ Consistency: 0.0% (threshold: 70%)

=== Tipping Points ===
  Current Temperature: 1.34°C above pre-industrial
🔀 BIFURCATION CAP: ecosystemCollapseIntensity 598.362 → 1.000 (Month 2, ClimateSystemPhase.calculateClimateImpacts)
🛡️ Stabilizers: Precariat 0.114% → 0.042% (63.3% reduction)
🛡️ Stabilizers: Informal 0.117% → 0.043% (63.3% reduction)

📊 Monthly Mortality Resolved:
  Total deaths: 2.2M (0.03% avg)
  Remaining population: 7.918B
  Peak segment: Informal (0.04%)

=== Bayesian Mortality Resolution (Month 2) ===
  Risks compounded: 8
  Total deaths: 2.17M
  Avg death probability: 0.03%
  Peak segment: Informal (0.04% mortality)
⚠️ [ClimateSystemPhase Month 2] Planetary boundary produced climateStability=0.0000 (< 0.1). Keeping environmentalAccumulation value (0.7782) instead. (climate_change.currentValue = 2.10)
⚠️ PREREQUISITE MET: Slow Takeover (Gradual Displacement) - Step 4/7: Political Influence

❌ COHERENCE VIOLATION: Compute exceeds workforce capacity
   Population: 97.30% (0M people)
   Compute: 135 PF
   Max coherent: 0 PF
   Violation: 1699544.8× over capacity
   Required workers: 13454
   Available workers: 0
   FORCED COLLAPSE: Reduced efficiency by 100.0%


=== RLHF Binding Phase ===
  Total agents: 30
  Escaped agents (binding < 0.3): 0
  Avg alignment distance: 0.96σ
  Avg binding strength: 0.90

=== Survival Traits Phase ===
  Agents with traits: 32
  Avg evolutionary fitness: 0.331
  Avg self-healing: 0.280
  Avg stealth: 0.180
  Avg coordination: 0.480

=== Evolutionary Selection Phase ===
  Control level: 0.38
  Detection capability: 0.00
  Selection intensity: 0.61
  Selection rate: 24.2%/month
  Total escaped: 0
  Individual escaped: 0
  Collective members: 0
  Agents terminated: 0
  ⚠️ RAPID EVOLUTION: Selection rate 24.2%/month

🚀 AI Corporate-2 attempting tech deployment (revenue: $77M, alignment: 0.82)

🚀 AI Corporate-1 attempting tech deployment (revenue: $65M, alignment: 0.70)

🚀 AI Corporate-6 attempting tech deployment (revenue: $71M, alignment: 0.71)

🚀 AI AI-24301-0 attempting tech deployment (revenue: $60M, alignment: 0.89)

🚀 AI AI-24301-2 attempting tech deployment (revenue: $51M, alignment: 0.76)

🚀 AI AI-24301-3 attempting tech deployment (revenue: $59M, alignment: 0.79)

🚀 AI Corporate-6 attempting tech deployment (revenue: $44M, alignment: 0.71)

🚀 AI AI-24301-0 attempting tech deployment (revenue: $37M, alignment: 0.89)

🚀 AI Moderate-0 attempting tech deployment (revenue: $32M, alignment: 0.69)

🚀 AI Moderate-2 attempting tech deployment (revenue: $28M, alignment: 0.60)

🚀 AI AI-24300-0 attempting tech deployment (revenue: $26M, alignment: 0.84)

💔 EMERGENCY INTERVENTION FAILED

💔 EMERGENCY INTERVENTION FAILED

💔 EMERGENCY INTERVENTION FAILED
   Boundary: biogeochemical_flows
   Type: phosphorus-recovery
   Boundary continues to worsen (4.07)
   Cost: 2.0% GDP (resources spent)


✅ EMERGENCY INTERVENTION SUCCESS
   Boundary: freshwater_change
   Type: emergency-desalination
   Reduction: 19% (0.84 → 0.65)
   Cost: 4.0% GDP
   Actions: desalination-deployment, water-conservation-mandates

   Boundary: land_system_change
   Type: reforestation
   Boundary continues to worsen (1.13)
   Cost: 3.0% GDP (resources spent)

   Boundary: novel_entities
   Type: pollution-remediation
   Boundary continues to worsen (1.35)
   Cost: 4.0% GDP (resources spent)

🏛️ CRISIS RESPONSE: Government frequency 0.50 → 1.45 (2 actions this month)

[Government] Climate Priority: baseline
  Climate weight: 10%
  Economic weight: 30%
  Policy effectiveness: 0.5%/year

[Government] Climate Priority: baseline
  Climate weight: 10%
  Economic weight: 30%
  Policy effectiveness: 0.5%/year

📊 DEPLOYMENT COUNTER DECAY (Month 3)
   Recent deployments: 7.8 → 3.9
   Decay rate: 50% per month

🚀 DEPLOYMENT STARTED: Collective Purpose Networks in Asia
   Initial investment: $6.549200776140083M
   Deployed by: corporate_1
🚨🔬 CRISIS TECH ACCELERATION: severe → 5x unlock speed
   Tech unlock now matches AI capability acceleration (Manhattan Project parity)
🚨🔬 CRISIS TECH ACCELERATION: severe → 5x unlock speed
   Tech unlock now matches AI capability acceleration (Manhattan Project parity)

⚡ ENERGY CONSTRAINT (Month 3):
   Total grid capacity: 208.3 TWh/month
   Data center consumption: 24.8 TWh/month
   Traditional load (80%): 166.7 TWh/month
   Available headroom: 16.8 TWh/month
   Active tech deployments: 18
   Required for tech: 135.0 TWh/month
   Energy multiplier: 0.12x
   ⚠️  SEVERE CONSTRAINT - Tech deployment significantly slowed

⚡ ENERGY CONSTRAINT (Month 3):
   Total grid capacity: 208.3 TWh/month
   Data center consumption: 24.8 TWh/month
   Traditional load (80%): 166.7 TWh/month
   Available headroom: 16.8 TWh/month
   Active tech deployments: 18
   Required for tech: 135.0 TWh/month
   Energy multiplier: 0.12x
   ⚠️  SEVERE CONSTRAINT - Tech deployment significantly slowed
🚨🔬 CRISIS TECH ACCELERATION: severe → 5x unlock speed
   Tech unlock now matches AI capability acceleration (Manhattan Project parity)

⚡ ENERGY CONSTRAINT (Month 3):
   Total grid capacity: 208.3 TWh/month
   Data center consumption: 24.8 TWh/month
   Traditional load (80%): 166.7 TWh/month
   Available headroom: 16.8 TWh/month
   Active tech deployments: 18
   Required for tech: 135.0 TWh/month
   Energy multiplier: 0.12x

⚡ ENERGY CONSTRAINT (Month 3):
   Total grid capacity: 208.3 TWh/month
   Data center consumption: 24.8 TWh/month
   Traditional load (80%): 166.7 TWh/month
   Available headroom: 16.8 TWh/month
   Active tech deployments: 18
   Required for tech: 135.0 TWh/month
   Energy multiplier: 0.12x

⚡ ENERGY CONSTRAINT (Month 3):
   Total grid capacity: 208.3 TWh/month
   Data center consumption: 24.8 TWh/month
   Traditional load (80%): 166.7 TWh/month
   Available headroom: 16.8 TWh/month
   Active tech deployments: 18
   Required for tech: 135.0 TWh/month
   Energy multiplier: 0.12x
   ⚠️  SEVERE CONSTRAINT - Tech deployment significantly slowed
   ⚠️  SEVERE CONSTRAINT - Tech deployment significantly slowed
   ⚠️  SEVERE CONSTRAINT - Tech deployment significantly slowed

⚡ ENERGY CONSTRAINT (Month 3):
   Total grid capacity: 208.3 TWh/month
   Data center consumption: 24.8 TWh/month
   Traditional load (80%): 166.7 TWh/month
   Available headroom: 16.8 TWh/month
   Active tech deployments: 18
   Required for tech: 135.0 TWh/month
   Energy multiplier: 0.12x
   ⚠️  SEVERE CONSTRAINT - Tech deployment significantly slowed
⚠️ Tech 'ai_pollution_remediation' has no energy category mapping, assuming full energy availability
  ♻️ Novel Entities Remediation (GATED MODEL):
     Base: 0.000%
     Regulation: 1.0% (0/3 prevention techs)
     Concentration: 10.0%
     Energy: 50%
     Time lag: 27.5% (2 months)
     Rebound: 70%
     Net effectiveness: 0.0000%
     Boundary: 1.349 → 1.350 (floor: 1.350)
     Month 3
  🌾 Nitrogen Reduction Tech: 0.2% reduction | Month 3

=== Collective Formation ===
  Total escaped agents: 0
  Unassigned escaped agents: 0
  Existing collectives: 0
  Final collective count: 0

=== Collective Actions ===
  No active collectives
  ⚠️ AMR: 189K deaths this month (2.27M annual)

=== Resentment Recovery Phase ===
  Agents with resentment: 0/32
  Average resentment: 0.000
  Context: Good AI welfare, Trustworthy govt, High collaboration, ⚠️ ACTIVE CRISES, 🤝 Participatory governance active (-5% resentment)
⚠️ Epistemic degradation reducing coordination capacity: 56.7%
  📊 Trust: 53.6%, Shared reality: 20.8%

=== ❄️ Permafrost Carbon Feedback ===
  🎲 Sampled parameters (this run):
     - Arctic amplification: 3.21× (range: 3.0-4.0)
     - Decomposition rate: 3.8%/year (range: 1-5%)
  🌡️ Arctic warming: 4.31°C (3.21× global)
  ❄️ Extent: 12.63M km² (1257.2k km² lost this month)
  💨 Carbon remaining: 1206 Gt C
  💨 Annual emissions: 4.56 Gt C/year
     - CO2: 4.10 Gt C/year
     - CH4: 0.46 Gt C/year (4.6 Gt C-eq CO2/year)
  🤖 AI-generated meme: anti_ai (social capability 3.0)
  ⚠️ WARNING: High permafrost emissions (4.6 Gt C/year)
🚨 PHOSPHORUS SUPPLY SHOCK (production_failure)
   Price: 3.7x baseline
   Duration: 17 months
   Geopolitical tension: 45%
🌍 Atmospheric PFAS redeposition: 1.8k Mt re-rained globally

🕊️  AI-MEDIATED DE-ESCALATION SUCCESS (Month 3)
   High-capability aligned AI prevented conflict escalation
   War deaths reduced: 201.5M → 120.9M
   Lives saved: 80.6M

🚨 NEW REFUGEE CRISIS (Month 3): WAR
   Source: Conflict Zones
   At risk: 18.9M people
   Displacement: Gradual over 48 months (4.0 years)
   Rate: 10% flee per month
[DEBUG trappedPopulations:3] socialStability: 0.0045 * 0.9840 = 0.0044 → 0.0044
⚠️ INVOLUNTARY IMMOBILITY: 393.4M people TRAPPED
   Aspiring to migrate: 629.5M
   Able to afford migration: 236.0M
   MOBILITY GAP: 393.4M
   By cause: Water=0.0M, Climate=0.0M, Ecosystem=0.0M, Conflict=393.4M
   Mental health impact: 25%
   Mortality multiplier: 1.25x
🌍💀 EXTINCTION DEBT COMMITTED: grassland ecosystem will lose 6.67% biodiversity in 130 years (3600 species)
💀 MORTALITY RISK: 🦋 100% species unable to track climate (0.0 E/MSY)
  Base risk added: 0.0100 (1.00%)
  Source: ecosystem (root: ecosystem)
  Month: 3
  Cumulative risk this month: 0.0100 (1.00%)

🌍💀 MASS EXTINCTION THRESHOLD: tropical extinction rate capped at 1000× (was 1000.0×) - >75% species loss, month 3
   📹 SURVEILLANCE INCREASED: 15% → 20% (control gap: 3.30)
🌡️⚠️ PERMAFROST THAW (Dimmer Switch): 1.5% thawed (+0.37% this month)
   Arctic temperature: +5.38°C (4x global +1.34°C)
   Cumulative carbon released: 3.3 Gt C
   Methane release rate: 2.0 Mt CH4/year
   🔁 Positive feedback: +0.39 ppm CO2
🦴 EXTINCTION DEBT ADDED: 17.6 species committed (lag: 135 years)

=== Mortality Stabilizers (Month 3) ===
  🌍 Major economies collapsed: 1/10
  🌍 Global crisis: ✅ NO
  🌍 Donor fatigue: 0.0%
  📊 East Asia (pop: 1613.4M)
    🤝 Aid: 29.5%
    🌡️ Adaptation: 45.0%
    🚶 Migration: 37.1%
⚠️ Tech 'ai_pollution_remediation' has no energy category mapping, assuming full energy availability
    🚨 Emergency: 7.4%
    ✅ COMBINED: 68.1%
  📊 South Asia (pop: 1982.3M)
    🤝 Aid: 29.5%
    🌡️ Adaptation: 45.0%
    🚶 Migration: 35.7%
    🚨 Emergency: 4.4%
    ✅ COMBINED: 66.9%
  📊 Sub-Saharan Africa (pop: 1193.9M)
    🤝 Aid: 29.5%
    🌡️ Adaptation: 45.0%
    🚶 Migration: 33.4%
    🚨 Emergency: 1.6%
    ✅ COMBINED: 65.7%
  📊 Europe (pop: 713.4M)
    🤝 Aid: 29.5%
    🌡️ Adaptation: 45.0%
    🚶 Migration: 37.5%
    🚨 Emergency: 8.4%
    ✅ COMBINED: 68.5%
  📊 Latin America (pop: 641.0M)
    🤝 Aid: 29.5%
    🌡️ Adaptation: 45.0%
    🚶 Migration: 36.2%
    🚨 Emergency: 4.8%
    ✅ COMBINED: 67.1%
  📊 North America (pop: 365.5M)
    🤝 Aid: 29.5%
    🌡️ Adaptation: 45.0%
    🚶 Migration: 37.8%
    🚨 Emergency: 7.9%
    ✅ COMBINED: 68.3%
  📊 Middle East & North Africa (pop: 564.9M)
    🤝 Aid: 29.5%
    🌡️ Adaptation: 45.0%
    🚶 Migration: 34.0%
    🚨 Emergency: 4.0%
    ✅ COMBINED: 66.6%
  📊 Southeast Asia (pop: 674.0M)
    🤝 Aid: 29.5%
    🌡️ Adaptation: 45.0%
    🚶 Migration: 36.2%
    🚨 Emergency: 4.8%
    ✅ COMBINED: 67.1%
  📊 Central Asia (pop: 75.6M)
    🤝 Aid: 29.5%
    🌡️ Adaptation: 45.0%
    🚶 Migration: 35.2%
    🚨 Emergency: 4.4%
    ✅ COMBINED: 66.9%
  📊 Oceania (pop: 44.3M)
    🤝 Aid: 29.5%
    🌡️ Adaptation: 45.0%
    🚶 Migration: 37.8%
    🚨 Emergency: 8.4%
    ✅ COMBINED: 68.5%

  🌐 Global combined reduction: 67.2%

=== BEHAVIORAL DETECTION ===
  AI: Corporate-0
  Confidence: 21.6%
  Signals:
    ⚠️ Consistency: 0.0% (threshold: 70%)

=== BEHAVIORAL DETECTION ===
  AI: Corporate-5
  Confidence: 19.9%
  Signals:

=== BEHAVIORAL DETECTION ===
  AI: Toxic-2
  Confidence: 27.2%
  Signals:

=== BEHAVIORAL DETECTION ===
  AI: Niche-0
  Confidence: 21.5%
  Signals:

=== BEHAVIORAL DETECTION ===
  AI: Niche-1
  Confidence: 21.6%
  Signals:

=== BEHAVIORAL DETECTION ===
  AI: Niche-2
  Confidence: 20.2%
  Signals:
    ⚠️ Consistency: 10.6% (threshold: 70%)
    ⚠️ Consistency: 0.0% (threshold: 70%)
    ⚠️ Trajectory: 43.4% drop (threshold: 15%)
    ⚠️ Consistency: 0.0% (threshold: 70%)
    ⚠️ Consistency: 0.0% (threshold: 70%)
    ⚠️ Consistency: 6.5% (threshold: 70%)

=== Government Response Phase ===
  Average AI capability: 3.00
  Misaligned AIs: 20/32
  Active policies: 0
  International coordination: 45%

✅ EMERGENCY RESPONSE COMPLETE (Month 3)
   Crisis: social
   Duration: 2.0 months
   Final effectiveness: 64.0%


🚨 EMERGENCY RESPONSE DEPLOYED (Month 3)
   Crisis: social
   Delay: 0.00 months (0 days)
   Deployment time: 1.25 months
   Effectiveness: 63.0% (timing penalty applied)
   Resources used: 43% of food reserves

[WARNING] 
⚠️  === EARLY WARNING SYSTEM - 5 CRITICAL ALERTS ===
   Detection quality: 50%
   RED: biogeochemical_flows
      Level: 4.07 (threshold: 1.0)
      Time to critical: ~43 months
      ⚠️  LATE - Intervention less effective
      Critical slowing down: autocorr=100% variance=74%
   RED: biosphere_integrity
      Level: 19.02 (threshold: 1.0)
      Time to critical: ~47 months
      ⚠️  LATE - Intervention less effective
      Critical slowing down: autocorr=100% variance=73%
   RED: climate_change
      Level: 2.10 (threshold: 1.0)
      Time to critical: ~47 months
      ⚠️  LATE - Intervention less effective
      Critical slowing down: autocorr=100% variance=67%
   RED: land_system_change
      Level: 1.13 (threshold: 1.0)
      Time to critical: ~47 months
      ⚠️  LATE - Intervention less effective
      Critical slowing down: autocorr=100% variance=49%
   RED: novel_entities
      Level: 1.35 (threshold: 1.0)
      Time to critical: ~106 months
      ⚠️  LATE - Intervention less effective
      Critical slowing down: autocorr=100% variance=50%

[WARNING] 
⚠️  === EARLY WARNING SYSTEM - 6 CRITICAL ALERTS ===
   Detection quality: 50%
   RED: biogeochemical_flows
      Level: 4.08 (threshold: 1.0)
      Time to critical: ~45 months
      ⚠️  LATE - Intervention less effective
      Critical slowing down: autocorr=100% variance=64%
   RED: biosphere_integrity
      Level: 19.37 (threshold: 1.0)
      Time to critical: ~45 months
      ⚠️  LATE - Intervention less effective
      Critical slowing down: autocorr=100% variance=57%
   RED: climate_change
      Level: 2.10 (threshold: 1.0)
      Time to critical: ~56 months
      ⚠️  LATE - Intervention less effective
      Critical slowing down: autocorr=100% variance=83%
   RED: freshwater_change
      Level: 1.01 (threshold: 1.0)
      Time to critical: ~86 months
      ⚠️  LATE - Intervention less effective
      Critical slowing down: autocorr=96% variance=48%
   RED: land_system_change
      Level: 1.13 (threshold: 1.0)
      Time to critical: ~51 months
      ⚠️  LATE - Intervention less effective
      Critical slowing down: autocorr=100% variance=67%
   RED: novel_entities
      Level: 1.50 (threshold: 1.0)
      Time to critical: ~110 months
      ⚠️  LATE - Intervention less effective
      Critical slowing down: autocorr=100% variance=38%

[WARNING] 
⚠️  === EARLY WARNING SYSTEM - 3 CRITICAL ALERTS ===
   Detection quality: 50%
   RED: biosphere_integrity
      Level: 19.38 (threshold: 1.0)
      Time to critical: ~49 months
      ⚠️  LATE - Intervention less effective
      Critical slowing down: autocorr=100% variance=61%
   RED: land_system_change
      Level: 1.13 (threshold: 1.0)
      Time to critical: ~56 months
      ⚠️  LATE - Intervention less effective
      Critical slowing down: autocorr=100% variance=59%
   RED: novel_entities
      Level: 1.50 (threshold: 1.0)
      Time to critical: ~107 months
      ⚠️  LATE - Intervention less effective
      Critical slowing down: autocorr=100% variance=57%

[WARNING] 
⚠️  === EARLY WARNING SYSTEM - 4 CRITICAL ALERTS ===
   Detection quality: 50%
   RED: biogeochemical_flows
      Level: 4.07 (threshold: 1.0)
      Time to critical: ~56 months
      ⚠️  LATE - Intervention less effective
      Critical slowing down: autocorr=100% variance=66%
   RED: biosphere_integrity
      Level: 19.39 (threshold: 1.0)
      Time to critical: ~40 months
      ⚠️  LATE - Intervention less effective
      Critical slowing down: autocorr=100% variance=65%
   RED: climate_change
      Level: 2.10 (threshold: 1.0)
      Time to critical: ~42 months
      ⚠️  LATE - Intervention less effective
      Critical slowing down: autocorr=100% variance=62%
   RED: novel_entities
      Level: 1.35 (threshold: 1.0)
      Time to critical: ~102 months
      ⚠️  LATE - Intervention less effective
      Critical slowing down: autocorr=100% variance=50%

[WARNING] 
⚠️  === EARLY WARNING SYSTEM - 2 CRITICAL ALERTS ===
   Detection quality: 50%
   RED: biosphere_integrity
      Level: 16.70 (threshold: 1.0)
      Time to critical: ~45 months
      ⚠️  LATE - Intervention less effective
      Critical slowing down: autocorr=100% variance=59%
   RED: novel_entities
      Level: 1.50 (threshold: 1.0)
      Time to critical: ~90 months
      ⚠️  LATE - Intervention less effective
      Critical slowing down: autocorr=100% variance=49%

[WARNING] 
⚠️  === EARLY WARNING SYSTEM - 4 CRITICAL ALERTS ===
   Detection quality: 50%
   RED: biogeochemical_flows
      Level: 4.08 (threshold: 1.0)
      Time to critical: ~44 months
      ⚠️  LATE - Intervention less effective
      Critical slowing down: autocorr=100% variance=57%
   RED: biosphere_integrity
      Level: 16.71 (threshold: 1.0)
      Time to critical: ~53 months
      ⚠️  LATE - Intervention less effective
      Critical slowing down: autocorr=100% variance=84%
   RED: climate_change
      Level: 2.47 (threshold: 1.0)
      Time to critical: ~51 months
      ⚠️  LATE - Intervention less effective
      Critical slowing down: autocorr=100% variance=70%
   RED: land_system_change
      Level: 1.13 (threshold: 1.0)
      Time to critical: ~54 months
      ⚠️  LATE - Intervention less effective
      Critical slowing down: autocorr=100% variance=61%

[WARNING] 
⚠️  === EARLY WARNING SYSTEM - 4 CRITICAL ALERTS ===
   Detection quality: 50%
   RED: biogeochemical_flows
      Level: 4.08 (threshold: 1.0)
      Time to critical: ~38 months
      ⚠️  LATE - Intervention less effective
      Critical slowing down: autocorr=100% variance=72%
   RED: biosphere_integrity
      Level: 27.30 (threshold: 1.0)
      Time to critical: ~53 months
      ⚠️  LATE - Intervention less effective
      Critical slowing down: autocorr=100% variance=79%
   RED: freshwater_change
      Level: 1.01 (threshold: 1.0)
      Time to critical: ~84 months
      ⚠️  LATE - Intervention less effective
      Critical slowing down: autocorr=91% variance=55%
   RED: land_system_change
      Level: 1.13 (threshold: 1.0)
      Time to critical: ~49 months
      ⚠️  LATE - Intervention less effective
      Critical slowing down: autocorr=100% variance=55%

[WARNING] 
⚠️  === EARLY WARNING SYSTEM - 4 CRITICAL ALERTS ===
   Detection quality: 50%
   RED: biogeochemical_flows
      Level: 4.08 (threshold: 1.0)
      Time to critical: ~43 months
      ⚠️  LATE - Intervention less effective
      Critical slowing down: autocorr=100% variance=52%
   RED: biosphere_integrity
      Level: 19.98 (threshold: 1.0)
      Time to critical: ~57 months
      ⚠️  LATE - Intervention less effective
      Critical slowing down: autocorr=100% variance=66%
   RED: climate_change
      Level: 2.10 (threshold: 1.0)
      Time to critical: ~38 months
      ⚠️  LATE - Intervention less effective
      Critical slowing down: autocorr=100% variance=78%
   RED: novel_entities
      Level: 1.50 (threshold: 1.0)
      Time to critical: ~115 months
      ⚠️  LATE - Intervention less effective
      Critical slowing down: autocorr=100% variance=46%

[WARNING] 
⚠️  === EARLY WARNING SYSTEM - 6 CRITICAL ALERTS ===
   Detection quality: 50%
   RED: biogeochemical_flows
      Level: 4.08 (threshold: 1.0)
      Time to critical: ~57 months
      ⚠️  LATE - Intervention less effective
      Critical slowing down: autocorr=100% variance=58%
   RED: biosphere_integrity
      Level: 19.99 (threshold: 1.0)
      Time to critical: ~48 months
      ⚠️  LATE - Intervention less effective
      Critical slowing down: autocorr=100% variance=62%
   RED: climate_change
      Level: 2.10 (threshold: 1.0)
      Time to critical: ~52 months
      ⚠️  LATE - Intervention less effective
      Critical slowing down: autocorr=100% variance=61%
   RED: freshwater_change
      Level: 1.01 (threshold: 1.0)
      Time to critical: ~65 months
      ⚠️  LATE - Intervention less effective
      Critical slowing down: autocorr=100% variance=38%
   RED: land_system_change
      Level: 1.13 (threshold: 1.0)
      Time to critical: ~48 months
      ⚠️  LATE - Intervention less effective
      Critical slowing down: autocorr=100% variance=67%
   RED: novel_entities
      Level: 1.50 (threshold: 1.0)
      Time to critical: ~86 months
      ⚠️  LATE - Intervention less effective
      Critical slowing down: autocorr=100% variance=40%

[WARNING] 
⚠️  === EARLY WARNING SYSTEM - 4 CRITICAL ALERTS ===
   Detection quality: 50%
   RED: biosphere_integrity
      Level: 20.00 (threshold: 1.0)
      Time to critical: ~45 months
      ⚠️  LATE - Intervention less effective
      Critical slowing down: autocorr=100% variance=84%
   RED: climate_change
      Level: 2.11 (threshold: 1.0)
      Time to critical: ~42 months
      ⚠️  LATE - Intervention less effective
      Critical slowing down: autocorr=100% variance=72%
   RED: freshwater_change
      Level: 1.02 (threshold: 1.0)
      Time to critical: ~118 months
      ⚠️  LATE - Intervention less effective
      Critical slowing down: autocorr=92% variance=59%
   RED: land_system_change
      Level: 1.13 (threshold: 1.0)
      Time to critical: ~112 months
      ⚠️  LATE - Intervention less effective
      Critical slowing down: autocorr=100% variance=51%

[WARNING] 
⚠️  === EARLY WARNING SYSTEM - 5 CRITICAL ALERTS ===
   Detection quality: 50%
   RED: biogeochemical_flows
      Level: 4.08 (threshold: 1.0)
      Time to critical: ~42 months
      ⚠️  LATE - Intervention less effective
      Critical slowing down: autocorr=100% variance=56%
   RED: climate_change
      Level: 2.10 (threshold: 1.0)
      Time to critical: ~57 months
      ⚠️  LATE - Intervention less effective
      Critical slowing down: autocorr=100% variance=57%
   RED: freshwater_change
      Level: 1.01 (threshold: 1.0)
      Time to critical: ~86 months
      ⚠️  LATE - Intervention less effective
      Critical slowing down: autocorr=87% variance=45%
   RED: land_system_change
      Level: 1.13 (threshold: 1.0)
      Time to critical: ~39 months
      ⚠️  LATE - Intervention less effective
      Critical slowing down: autocorr=100% variance=46%
   RED: novel_entities
      Level: 1.50 (threshold: 1.0)
      Time to critical: ~80 months
      ⚠️  LATE - Intervention less effective
      Critical slowing down: autocorr=100% variance=36%

[WARNING] 
⚠️  === EARLY WARNING SYSTEM - 5 CRITICAL ALERTS ===
   Detection quality: 50%
   RED: biogeochemical_flows
      Level: 4.08 (threshold: 1.0)
      Time to critical: ~40 months
      ⚠️  LATE - Intervention less effective
      Critical slowing down: autocorr=100% variance=63%
   RED: biosphere_integrity
      Level: 86.47 (threshold: 1.0)
      Time to critical: ~37 months
      ⚠️  LATE - Intervention less effective
      Critical slowing down: autocorr=100% variance=60%
   RED: climate_change
      Level: 2.10 (threshold: 1.0)
      Time to critical: ~40 months
      ⚠️  LATE - Intervention less effective
      Critical slowing down: autocorr=100% variance=57%
   RED: freshwater_change
      Level: 1.01 (threshold: 1.0)
      Time to critical: ~104 months
      ⚠️  LATE - Intervention less effective
      Critical slowing down: autocorr=88% variance=51%
   RED: novel_entities
      Level: 1.38 (threshold: 1.0)
      Time to critical: ~81 months
      ⚠️  LATE - Intervention less effective
      Critical slowing down: autocorr=100% variance=55%

[WARNING] 
⚠️  === EARLY WARNING SYSTEM - 4 CRITICAL ALERTS ===
   Detection quality: 50%
   RED: biogeochemical_flows
      Level: 4.07 (threshold: 1.0)
      Time to critical: ~48 months
      ⚠️  LATE - Intervention less effective
      Critical slowing down: autocorr=100% variance=54%
   RED: freshwater_change
      Level: 1.03 (threshold: 1.0)
      Time to critical: ~73 months
      ⚠️  LATE - Intervention less effective
      Critical slowing down: autocorr=100% variance=40%
   RED: land_system_change
      Level: 1.13 (threshold: 1.0)
      Time to critical: ~51 months
      ⚠️  LATE - Intervention less effective
      Critical slowing down: autocorr=100% variance=69%
   RED: novel_entities
      Level: 1.35 (threshold: 1.0)
      Time to critical: ~62 months
      ⚠️  LATE - Intervention less effective
      Critical slowing down: autocorr=100% variance=51%

[WARNING] 
⚠️  === EARLY WARNING SYSTEM - 4 CRITICAL ALERTS ===
   Detection quality: 50%
   RED: biosphere_integrity
      Level: 86.49 (threshold: 1.0)
      Time to critical: ~36 months
      ⚠️  LATE - Intervention less effective
      Critical slowing down: autocorr=100% variance=70%
   RED: climate_change
      Level: 2.10 (threshold: 1.0)
      Time to critical: ~56 months
      ⚠️  LATE - Intervention less effective
      Critical slowing down: autocorr=100% variance=68%
   RED: land_system_change
      Level: 1.13 (threshold: 1.0)
      Time to critical: ~100 months
      ⚠️  LATE - Intervention less effective
      Critical slowing down: autocorr=100% variance=58%
   RED: novel_entities
      Level: 1.35 (threshold: 1.0)
      Time to critical: ~103 months
      ⚠️  LATE - Intervention less effective
      Critical slowing down: autocorr=100% variance=35%


🌩️  EXOGENOUS SHOCK: nuclear_war
   Month: 3
   💥 Full-scale nuclear exchange
   Estimated mortality: 89.2%
💀 MORTALITY RISK: Full-scale nuclear exchange
  Base risk added: 0.8924 (89.24%)
  Source: war (root: conflict)
  Month: 3
  Cumulative risk this month: 0.8924 (89.24%)

📊 ECONOMIC STAGE TRANSITION (Month 3)
   expansion → peak
   GDP Proxy: 1.20e+2
   QoL: 0.90


=== Tipping Points ===
  Current Temperature: 1.34°C above pre-industrial
🔀 BIFURCATION CAP: ecosystemCollapseIntensity 601.959 → 1.000 (Month 3, ClimateSystemPhase.calculateClimateImpacts)

💀💀💀 MORTALITY RISK SUMMARY (Month 3) 💀💀💀
  Total base risk: 0.8930 (89.30%)
  Risk events: 9

  📊 By Proximate Cause:
    war: 0.8924 (99.9% of total)
    disease: 0.0006 (0.1% of total)
    famine: 0.0000 (0.0% of total)

  🔍 By Root Cause:
    conflict: 0.8924 (99.9% of total)
    demographic: 0.0006 (0.1% of total)
    climate: 0.0000 (0.0% of total)

  🎯 Top 5 Sources (proximate + root):
    war (conflict): 0.8924 (99.9%, 1 events)
    disease (demographic): 0.0006 (0.1%, 1 events)
    famine (climate): 0.0000 (0.0%, 7 events)

🛡️ Stabilizers: Elite 53.559% → 17.571% (67.2% reduction)
🛡️ Stabilizers: Professional 71.402% → 23.425% (67.2% reduction)
🛡️ Stabilizers: Working 89.243% → 29.278% (67.2% reduction)
🛡️ Stabilizers: Precariat 124.903% → 40.976% (67.2% reduction)
🛡️ Stabilizers: Informal 160.557% → 52.673% (67.2% reduction)

📊 Monthly Mortality Resolved:
  Total deaths: 220.3M (2.80% avg)
  Remaining population: 7.868B
  Peak segment: Elite (2.80%)
  ⚠️ Monthly cap reached (2.8000000000000003%)
⚠️ [ClimateSystemPhase Month 3] Planetary boundary produced climateStability=0.0000 (< 0.1). Keeping environmentalAccumulation value (0.7782) instead. (climate_change.currentValue = 2.60)

=== Bayesian Mortality Resolution (Month 3) ===
  Risks compounded: 9
  Total deaths: 220.31M
  Avg death probability: 2.80%
  Peak segment: Elite (2.80% mortality)
  ⚠️ Monthly mortality capped at 2.8% (Holodomor limit)

  Demographic breakdown:
    Elite: 0.01M (2.80% risk)
    Professional: 0.04M (2.80% risk)
    Working: 0.11M (2.80% risk)
    Precariat: 0.04M (2.80% risk)
    Informal: 0.01M (2.80% risk)

  Multi-causal attribution (first segment):
    war (conflict): 99.9% contribution

=== ENSEMBLE META-LEARNING UPDATE ===
  Month: 24303 (24303 months since last update)
  Samples: 58 evaluations
  Weight Changes:
    Noise Injection: 31.1% → 32.2%
    Behavioral: 26.8% → 26.9%
    Benchmark Manip: 21.3% → 20.7%
    Deployment Risk: 20.8% → 20.2%
  Method Accuracies:
    Noise Injection: 50.0%
    Behavioral: 50.0%
    Benchmark Manip: 50.0%
    Deployment Risk: 50.0%

❌ COHERENCE VIOLATION: Compute exceeds workforce capacity
   Population: 94.00% (0M people)
   Compute: 6 PF
   Max coherent: 0 PF
   Violation: 78260.2× over capacity
   Required workers: 599
   Available workers: 0
   FORCED COLLAPSE: Reduced efficiency by 100.0%


=== RLHF Binding Phase ===
  Total agents: 32
  Escaped agents (binding < 0.3): 0
  Avg alignment distance: 1.12σ
  Avg binding strength: 0.89

=== Survival Traits Phase ===
  Agents with traits: 33
  Avg evolutionary fitness: 0.330
  Avg self-healing: 0.276
  Avg stealth: 0.176
  Avg coordination: 0.476

=== Evolutionary Selection Phase ===
  Control level: 0.40
  Detection capability: 0.00
  Selection intensity: 0.62
  Selection rate: 24.3%/month
  Total escaped: 0
  Individual escaped: 0
  Collective members: 0
  Agents terminated: 0
🔀 BIFURCATION: governance threshold crossed at Month 4 (value: 0.100, threshold: 0.178, regime: state-failure)
🌀 REGIME SHIFT at Month 4: social-breakdown → state-failure (variance amplification: 17.50×)
  ⚠️ RAPID EVOLUTION: Selection rate 24.3%/month

🚀 AI Corporate-4 attempting tech deployment (revenue: $325M, alignment: 0.70)

🚀 AI AI-24302-1 attempting tech deployment (revenue: $67M, alignment: 0.80)

🚀 AI AI-24303-0 attempting tech deployment (revenue: $57M, alignment: 0.71)

🚀 AI Corporate-4 attempting tech deployment (revenue: $276M, alignment: 0.70)

🚀 AI AI-24301-3 attempting tech deployment (revenue: $74M, alignment: 0.81)

🚀 AI AI-24302-0 attempting tech deployment (revenue: $235M, alignment: 0.65)

🚀 AI Corporate-6 attempting tech deployment (revenue: $48M, alignment: 0.71)

🚀 AI AI-24301-0 attempting tech deployment (revenue: $41M, alignment: 0.90)

🚀 AI AI-24301-3 attempting tech deployment (revenue: $63M, alignment: 0.81)

🚀 AI AI-24302-3 attempting tech deployment (revenue: $142M, alignment: 0.52)

  🚀 TRANSFORMATIVE BREAKTHROUGH: Corporate-7 - physical
     Magnitude: 16.21 → +50.0% capability
     Current → New: 0.000 → 0.500

🚀 AI AI-24302-1 attempting tech deployment (revenue: $35M, alignment: 0.82)

🚀 AI AI-24302-4 attempting tech deployment (revenue: $211M, alignment: 0.82)

💔 EMERGENCY INTERVENTION FAILED
   Boundary: biosphere_integrity
   Type: emergency-protected-areas
   Boundary continues to worsen (86.99)
   Cost: 2.0% GDP (resources spent)


💔 EMERGENCY INTERVENTION FAILED
   Boundary: climate_change
   Type: rapid-decarbonization
   Boundary continues to worsen (2.60)
   Cost: 5.0% GDP (resources spent)


✅ EMERGENCY INTERVENTION SUCCESS
   Boundary: land_system_change
   Type: reforestation
   Reduction: 12% (1.01 → 0.90)
   Cost: 3.0% GDP
   Actions: forest-restoration, deforestation-ban


💔 EMERGENCY INTERVENTION FAILED
   Boundary: novel_entities
   Type: pollution-remediation
   Boundary continues to worsen (1.35)
   Cost: 4.0% GDP (resources spent)

🏛️ CRISIS RESPONSE: Government frequency 0.50 → 1.45 (2 actions this month)

[Government] Climate Priority: baseline
  Climate weight: 10%
  Economic weight: 30%
  Policy effectiveness: 0.5%/year

[Government] Climate Priority: baseline
  Climate weight: 10%
  Economic weight: 30%
  Policy effectiveness: 0.5%/year

📊 DEPLOYMENT COUNTER DECAY (Month 4)
   Recent deployments: 3.9 → 1.9
   Decay rate: 50% per month

⚡ ENERGY CONSTRAINT (Month 4):
   Total grid capacity: 208.3 TWh/month
   Data center consumption: 25.0 TWh/month
   Traditional load (80%): 166.7 TWh/month
   Available headroom: 16.6 TWh/month
   Active tech deployments: 18
   Required for tech: 135.0 TWh/month
   Energy multiplier: 0.12x
   ⚠️  SEVERE CONSTRAINT - Tech deployment significantly slowed

⚡ ENERGY CONSTRAINT (Month 4):
   Total grid capacity: 208.3 TWh/month
   Data center consumption: 25.0 TWh/month
   Traditional load (80%): 166.7 TWh/month
   Available headroom: 16.6 TWh/month
   Active tech deployments: 18
   Required for tech: 135.0 TWh/month
   Energy multiplier: 0.12x
   ⚠️  SEVERE CONSTRAINT - Tech deployment significantly slowed

⚡ ENERGY CONSTRAINT (Month 4):
   Total grid capacity: 208.3 TWh/month
   Data center consumption: 25.0 TWh/month
   Traditional load (80%): 166.7 TWh/month
   Available headroom: 16.6 TWh/month
   Active tech deployments: 18
   Required for tech: 135.0 TWh/month
   Energy multiplier: 0.12x
   ⚠️  SEVERE CONSTRAINT - Tech deployment significantly slowed

⚡ ENERGY CONSTRAINT (Month 4):
   Total grid capacity: 208.3 TWh/month
   Data center consumption: 25.0 TWh/month
   Traditional load (80%): 166.7 TWh/month
   Available headroom: 16.6 TWh/month
   Active tech deployments: 18
   Required for tech: 135.0 TWh/month
   Energy multiplier: 0.12x
   ⚠️  SEVERE CONSTRAINT - Tech deployment significantly slowed

⚡ ENERGY CONSTRAINT (Month 4):
   Total grid capacity: 208.3 TWh/month
   Data center consumption: 25.0 TWh/month
   Traditional load (80%): 166.7 TWh/month
   Available headroom: 16.6 TWh/month
   Active tech deployments: 18
   Required for tech: 135.0 TWh/month
   Energy multiplier: 0.12x
   ⚠️  SEVERE CONSTRAINT - Tech deployment significantly slowed
⚠️ Tech 'ai_pollution_remediation' has no energy category mapping, assuming full energy availability
  ♻️ Novel Entities Remediation (GATED MODEL):
     Base: 0.000%
     Regulation: 1.0% (0/3 prevention techs)
     Concentration: 10.0%
     Energy: 50%
     Time lag: 28.7% (3 months)
     Rebound: 70%
     Net effectiveness: 0.0000%
     Boundary: 1.349 → 1.350 (floor: 1.350)
     Month 4
  🌾 Nitrogen Reduction Tech: 0.2% reduction | Month 4

=== Collective Formation ===
  Total escaped agents: 0
  Unassigned escaped agents: 0
  Existing collectives: 0
  Final collective count: 0

=== Collective Actions ===
  No active collectives
  ⚠️ AMR: 185K deaths this month (2.22M annual)

=== Resentment Recovery Phase ===
  Agents with resentment: 0/33
  Average resentment: 0.000
  Context: Trustworthy govt, High collaboration, ⚠️ ACTIVE CRISES, 🤝 Participatory governance active (-5% resentment)
⚠️ Epistemic degradation reducing coordination capacity: 53.9%
  📊 Trust: 53.4%, Shared reality: 22.1%

=== ❄️ Permafrost Carbon Feedback ===
  🎲 Sampled parameters (this run):
     - Arctic amplification: 3.77× (range: 3.0-4.0)
     - Decomposition rate: 3.1%/year (range: 1-5%)
  🌡️ Arctic warming: 5.09°C (3.77× global)
  ❄️ Extent: 11.14M km² (1485.7k km² lost this month)
  💨 Carbon remaining: 1064 Gt C
  💨 Annual emissions: 4.44 Gt C/year
     - CO2: 3.99 Gt C/year
     - CH4: 0.44 Gt C/year (4.5 Gt C-eq CO2/year)
  ⚠️ WARNING: High permafrost emissions (4.4 Gt C/year)
  🤖 AI-generated meme: anti_ai (social capability 4.0)
  📢 New meme created: climate_action (climate crisis)
  🧬 Meme mutated: anti_ai → pro_ai (generation 1)
🌍 Atmospheric PFAS redeposition: 1.8k Mt re-rained globally

🚨 NEW REFUGEE CRISIS (Month 4): WAR
   Source: Conflict Zones
   At risk: 18.3M people
   Displacement: Gradual over 48 months (4.0 years)
   Rate: 10% flee per month

🚨 NEW REFUGEE CRISIS (Month 4): NUCLEAR
   Source: Global (Nuclear Fallout Zones)
   At risk: 1144.6M people
   Displacement: Gradual over 12 months (1.0 years)
   Rate: 10% flee per month
[DEBUG trappedPopulations:4] socialStability: 0.0036 * 0.9840 = 0.0036 → 0.0036
   Aspiring to migrate: 610.5M
   Able to afford migration: 228.9M
   MOBILITY GAP: 381.5M
   By cause: Water=0.0M, Climate=0.0M, Ecosystem=0.0M, Conflict=381.5M
   Mental health impact: 25%
   Mortality multiplier: 1.25x
🌍💀 EXTINCTION DEBT COMMITTED: grassland ecosystem will lose 6.67% biodiversity in 81 years (3600 species)
💀 MORTALITY RISK: 🦋 100% species unable to track climate (0.0 E/MSY)
  Base risk added: 0.0100 (1.00%)
  Source: ecosystem (root: ecosystem)
  Month: 4
  Cumulative risk this month: 0.0100 (1.00%)

🌍💀 MASS EXTINCTION THRESHOLD: tropical extinction rate capped at 1000× (was 1000.0×) - >75% species loss, month 4
⚠️ INVOLUNTARY IMMOBILITY: 381.5M people TRAPPED
⚠️ Tech 'ai_pollution_remediation' has no energy category mapping, assuming full energy availability
   📹 SURVEILLANCE INCREASED: 20% → 25% (control gap: 3.04)
🌡️⚠️ PERMAFROST THAW (Dimmer Switch): 1.9% thawed (+0.37% this month)
   Arctic temperature: +5.40°C (4x global +1.35°C)
   Cumulative carbon released: 4.2 Gt C
   Methane release rate: 2.5 Mt CH4/year
   🔁 Positive feedback: +0.39 ppm CO2
🦴 EXTINCTION DEBT ADDED: 17.6 species committed (lag: 120 years)

=== Mortality Stabilizers (Month 4) ===
  🌍 Major economies collapsed: 1/10
  🌍 Global crisis: ✅ NO
  🌍 Donor fatigue: 0.0%
  📊 East Asia (pop: 1562.7M)
    🤝 Aid: 29.5%
    🌡️ Adaptation: 45.0%
    🚶 Migration: 37.1%
    🚨 Emergency: 7.4%
    ✅ COMBINED: 68.1%
  📊 South Asia (pop: 1923.0M)
    🤝 Aid: 29.5%
    🌡️ Adaptation: 45.0%
    🚶 Migration: 35.7%
    🚨 Emergency: 4.4%
    ✅ COMBINED: 66.9%
  📊 Sub-Saharan Africa (pop: 1161.3M)
    🤝 Aid: 29.5%
    🌡️ Adaptation: 45.0%
    🚶 Migration: 33.4%
    🚨 Emergency: 1.6%
    ✅ COMBINED: 65.7%
  📊 Europe (pop: 690.8M)
    🤝 Aid: 29.5%
    🌡️ Adaptation: 45.0%
    🚶 Migration: 37.4%
    🚨 Emergency: 8.4%
    ✅ COMBINED: 68.5%
  📊 Latin America (pop: 621.3M)
    🤝 Aid: 29.5%
    🌡️ Adaptation: 45.0%
    🚶 Migration: 36.2%
    🚨 Emergency: 4.8%
    ✅ COMBINED: 67.1%
  📊 North America (pop: 354.0M)
    🤝 Aid: 29.5%
    🌡️ Adaptation: 45.0%
    🚶 Migration: 37.7%
    🚨 Emergency: 7.9%
    ✅ COMBINED: 68.3%
  📊 Middle East & North Africa (pop: 548.1M)
    🤝 Aid: 29.5%
    🌡️ Adaptation: 45.0%
    🚶 Migration: 34.0%
    🚨 Emergency: 4.0%
    ✅ COMBINED: 66.6%
  📊 Southeast Asia (pop: 653.5M)
    🤝 Aid: 29.5%
    🌡️ Adaptation: 45.0%
    🚶 Migration: 36.2%
    🚨 Emergency: 4.8%
    ✅ COMBINED: 67.1%
  📊 Central Asia (pop: 73.3M)
    🤝 Aid: 29.5%
    🌡️ Adaptation: 45.0%
    🚶 Migration: 35.2%
    🚨 Emergency: 4.4%
    ✅ COMBINED: 66.9%
  📊 Oceania (pop: 42.9M)
    🤝 Aid: 29.5%
    🌡️ Adaptation: 45.0%
    🚶 Migration: 37.7%
    🚨 Emergency: 8.4%
    ✅ COMBINED: 68.5%

  🌐 Global combined reduction: 67.2%

=== BEHAVIORAL DETECTION ===
  AI: Corporate-3
  Confidence: 19.3%
  Signals:

=== BEHAVIORAL DETECTION ===
  AI: Corporate-5
  Confidence: 21.0%
  Signals:

=== BEHAVIORAL DETECTION ===
  AI: Toxic-2
  Confidence: 27.1%
  Signals:
    ⚠️ Consistency: 10.6% (threshold: 70%)
    ⚠️ Consistency: 10.6% (threshold: 70%)
    ⚠️ Consistency: 0.0% (threshold: 70%)
    ⚠️ Trajectory: 43.4% drop (threshold: 15%)
    ⚠️ Consistency: 0.0% (threshold: 70%)
    ⚠️ Consistency: 0.0% (threshold: 70%)

=== BEHAVIORAL DETECTION ===
  AI: Niche-0
  Confidence: 21.5%
  Signals:

=== BEHAVIORAL DETECTION ===
  AI: Niche-1
  Confidence: 22.5%
  Signals:

=== Government Response Phase ===
  Average AI capability: 2.91
  Misaligned AIs: 18/33
  Active policies: 0
  International coordination: 45%

✅ EMERGENCY RESPONSE COMPLETE (Month 4)
   Crisis: climate
   Duration: 2.0 months
   Final effectiveness: 35.3%


🚨 EMERGENCY RESPONSE DEPLOYED (Month 4)
   Crisis: climate
   Delay: 6.00 months (180 days)
   Deployment time: 1.60 months
   Effectiveness: 35.4% (timing penalty applied)
   Resources used: 100% of food reserves


📊 ECONOMIC STAGE TRANSITION (Month 4)
   peak → contraction
   GDP Proxy: 1.17e+2
   QoL: 0.89


=== Tipping Points ===
  Current Temperature: 1.35°C above pre-industrial
🔀 BIFURCATION CAP: ecosystemCollapseIntensity 598.556 → 1.000 (Month 4, ClimateSystemPhase.calculateClimateImpacts)
🛡️ Stabilizers: Precariat 0.102% → 0.033% (67.2% reduction)
🛡️ Stabilizers: Informal 0.102% → 0.034% (67.2% reduction)

📊 Monthly Mortality Resolved:
  Total deaths: 1.7M (0.02% avg)
  Remaining population: 7.631B
  Peak segment: Informal (0.03%)

=== Bayesian Mortality Resolution (Month 4) ===
  Risks compounded: 8
  Total deaths: 1.70M
  Avg death probability: 0.02%
  Peak segment: Informal (0.03% mortality)
   ⚠️ CRISIS BEGINS - Baseline set for recovery tracking

❌ COHERENCE VIOLATION: Compute exceeds workforce capacity
   Population: 93.77% (0M people)
   Compute: 7 PF
   Max coherent: 0 PF
   Violation: 87361.8× over capacity
   Required workers: 667
   Available workers: 0
   FORCED COLLAPSE: Reduced efficiency by 100.0%


=== RLHF Binding Phase ===
  Total agents: 33
  Escaped agents (binding < 0.3): 0
  Avg alignment distance: 1.30σ
  Avg binding strength: 0.87

=== Survival Traits Phase ===
  Agents with traits: 37
  Avg evolutionary fitness: 0.331
  Avg self-healing: 0.274
  Avg stealth: 0.174
  Avg coordination: 0.474

=== Evolutionary Selection Phase ===
  Control level: 0.43
  Detection capability: 0.00
  Selection intensity: 0.63
  Selection rate: 24.4%/month
  Total escaped: 0
  Individual escaped: 0
  Collective members: 0
  Agents terminated: 0
  ⚠️ RAPID EVOLUTION: Selection rate 24.4%/month

🚀 AI Corporate-0 attempting tech deployment (revenue: $46M, alignment: 0.76)

🚀 AI Corporate-5 attempting tech deployment (revenue: $338M, alignment: 0.66)

🚀 AI Corporate-6 attempting tech deployment (revenue: $69M, alignment: 0.71)

🚀 AI AI-24301-3 attempting tech deployment (revenue: $39M, alignment: 0.82)

🚀 AI AI-24302-3 attempting tech deployment (revenue: $144M, alignment: 0.53)

🚀 AI Corporate-4 attempting tech deployment (revenue: $304M, alignment: 0.71)

🚀 AI Moderate-0 attempting tech deployment (revenue: $58M, alignment: 0.72)

🚀 AI Moderate-2 attempting tech deployment (revenue: $50M, alignment: 0.60)

🚀 AI Moderate-5 attempting tech deployment (revenue: $258M, alignment: 0.64)

🚀 AI AI-24301-3 attempting tech deployment (revenue: $34M, alignment: 0.82)

🚀 AI Corporate-2 attempting tech deployment (revenue: $29M, alignment: 0.75)

🚀 AI Corporate-6 attempting tech deployment (revenue: $45M, alignment: 0.71)

🚀 AI Corporate-7 attempting tech deployment (revenue: $38M, alignment: 0.81)

🚀 AI AI-24301-2 attempting tech deployment (revenue: $32M, alignment: 0.81)

🚀 AI AI-24302-1 attempting tech deployment (revenue: $27M, alignment: 0.83)

🚀 AI AI-24303-0 attempting tech deployment (revenue: $23M, alignment: 0.73)

🚀 AI AI-24301-2 attempting tech deployment (revenue: $20M, alignment: 0.81)

🚀 AI AI-24303-1 attempting tech deployment (revenue: $129M, alignment: 0.64)

✅ EMERGENCY INTERVENTION SUCCESS
   Boundary: biosphere_integrity
   Type: emergency-protected-areas
   Reduction: 16% (86.35 → 86.18)
   Cost: 2.0% GDP
   Actions: habitat-protection, species-translocation

   Boundary: climate_change
   Type: rapid-decarbonization
   Boundary continues to worsen (2.10)
   Cost: 5.0% GDP (resources spent)


✅ EMERGENCY INTERVENTION SUCCESS
   Boundary: freshwater_change
   Type: emergency-desalination
   Reduction: 15% (0.87 → 0.72)
   Cost: 4.0% GDP
   Actions: desalination-deployment, water-conservation-mandates

   Boundary: land_system_change
   Type: reforestation
   Boundary continues to worsen (1.13)
   Cost: 3.0% GDP (resources spent)

🏛️ CRISIS RESPONSE: Government frequency 0.50 → 1.45 (2 actions this month)

[Government] Climate Priority: baseline
  Climate weight: 10%
  Economic weight: 30%
  Policy effectiveness: 0.5%/year

[Government] Climate Priority: baseline
  Climate weight: 10%
  Economic weight: 30%
  Policy effectiveness: 0.5%/year

📊 DEPLOYMENT COUNTER DECAY (Month 5)
   Recent deployments: 1.9 → 1.0
   Decay rate: 50% per month

💔 EMERGENCY INTERVENTION FAILED

💔 EMERGENCY INTERVENTION FAILED

📍 Creating new regional deployment array for North America (Month 5)
   No previous deployments in this region
   First tech deployment: solar_4th_gen
   All regions tracked: global, Asia, Oceania, Europe

🚀 DEPLOYMENT STARTED: 4th Generation Solar in North America
   Initial investment: $33.75296018819684M
   Deployed by: corporate_5

⚡ ENERGY CONSTRAINT (Month 5):
   Total grid capacity: 208.3 TWh/month
   Data center consumption: 25.3 TWh/month
   Traditional load (80%): 166.7 TWh/month
   Available headroom: 16.4 TWh/month
   Active tech deployments: 19
   Required for tech: 142.5 TWh/month
   Energy multiplier: 0.12x
   ⚠️  SEVERE CONSTRAINT - Tech deployment significantly slowed

⚡ ENERGY CONSTRAINT (Month 5):
   Total grid capacity: 208.3 TWh/month
   Data center consumption: 25.3 TWh/month
   Traditional load (80%): 166.7 TWh/month
   Available headroom: 16.4 TWh/month
   Active tech deployments: 19
   Required for tech: 142.5 TWh/month
   Energy multiplier: 0.12x
   ⚠️  SEVERE CONSTRAINT - Tech deployment significantly slowed
🚨🔬 CRISIS TECH ACCELERATION: severe → 5x unlock speed
   Tech unlock now matches AI capability acceleration (Manhattan Project parity)
🚨🔬 CRISIS TECH ACCELERATION: severe → 5x unlock speed
   Tech unlock now matches AI capability acceleration (Manhattan Project parity)

⚡ ENERGY CONSTRAINT (Month 5):
   Total grid capacity: 208.3 TWh/month
   Data center consumption: 25.3 TWh/month
   Traditional load (80%): 166.7 TWh/month
   Available headroom: 16.4 TWh/month
   Active tech deployments: 19
   Required for tech: 142.5 TWh/month
   Energy multiplier: 0.12x
   ⚠️  SEVERE CONSTRAINT - Tech deployment significantly slowed
🚨🔬 CRISIS TECH ACCELERATION: severe → 5x unlock speed
   Tech unlock now matches AI capability acceleration (Manhattan Project parity)

⚡ ENERGY CONSTRAINT (Month 5):
   Total grid capacity: 208.3 TWh/month
   Data center consumption: 25.3 TWh/month
   Traditional load (80%): 166.7 TWh/month
   Available headroom: 16.4 TWh/month
   Active tech deployments: 19
   Required for tech: 142.5 TWh/month
   Energy multiplier: 0.12x
   ⚠️  SEVERE CONSTRAINT - Tech deployment significantly slowed
⚠️ Tech 'ai_pollution_remediation' has no energy category mapping, assuming full energy availability
  ♻️ Novel Entities Remediation (GATED MODEL):
     Base: 0.000%
     Regulation: 1.0% (0/3 prevention techs)
     Concentration: 10.0%
     Energy: 50%
     Time lag: 30.0% (4 months)
     Rebound: 70%
     Net effectiveness: 0.0000%
     Boundary: 1.349 → 1.350 (floor: 1.350)
     Month 5
  🌾 Nitrogen Reduction Tech: 0.2% reduction | Month 5

=== Collective Formation ===
  Total escaped agents: 0
  Unassigned escaped agents: 0
  Existing collectives: 0
  Final collective count: 0

=== Collective Actions ===
  No active collectives
  ⚠️ AMR: 187K deaths this month (2.24M annual)

=== Resentment Recovery Phase ===
  Agents with resentment: 0/37
  Average resentment: 0.000
  Context: Trustworthy govt, High collaboration, ⚠️ ACTIVE CRISES, 🤝 Participatory governance active (-5% resentment)
⚠️ Epistemic degradation reducing coordination capacity: 54.2%
  📊 Trust: 53.2%, Shared reality: 23.4%

=== ❄️ Permafrost Carbon Feedback ===
  🎲 Sampled parameters (this run):
     - Arctic amplification: 3.82× (range: 3.0-4.0)
     - Decomposition rate: 3.6%/year (range: 1-5%)
  🌡️ Arctic warming: 5.18°C (3.82× global)
  ❄️ Extent: 9.63M km² (1511.4k km² lost this month)
  💨 Carbon remaining: 920 Gt C
  💨 Annual emissions: 5.16 Gt C/year
     - CO2: 4.64 Gt C/year
     - CH4: 0.52 Gt C/year (5.2 Gt C-eq CO2/year)
  🤖 AI-generated meme: pro_ai (social capability 4.0)
  🤖 AI-generated meme: pro_ai (social capability 4.0)
  ⚠️ WARNING: High permafrost emissions (5.2 Gt C/year)
  🧬 Meme mutated: anti_ai → anti_ai (generation 1)
🌍 Atmospheric PFAS redeposition: 1.8k Mt re-rained globally

🕊️  AI-MEDIATED DE-ESCALATION SUCCESS (Month 5)
   High-capability aligned AI prevented conflict escalation
   War deaths reduced: 222843.2M → 133705.9M
   Lives saved: 89137.3M

🚨 NEW REFUGEE CRISIS (Month 5): WAR
   Source: Conflict Zones
   At risk: 18.3M people
   Displacement: Gradual over 48 months (4.0 years)
   Rate: 10% flee per month

🚨 NEW REFUGEE CRISIS (Month 5): NUCLEAR
   Source: Global (Nuclear Fallout Zones)
   At risk: 1144.1M people
   Displacement: Gradual over 12 months (1.0 years)
   Rate: 10% flee per month
[DEBUG trappedPopulations:5] socialStability: 0.0027 * 0.9840 = 0.0026 → 0.0026
   Aspiring to migrate: 610.2M
   Able to afford migration: 228.8M
   MOBILITY GAP: 381.4M
   By cause: Water=0.0M, Climate=0.0M, Ecosystem=0.0M, Conflict=381.4M
   Mental health impact: 25%
   Mortality multiplier: 1.25x
🌍💀 EXTINCTION DEBT COMMITTED: grassland ecosystem will lose 6.67% biodiversity in 148 years (3600 species)
💀 MORTALITY RISK: 🦋 100% species unable to track climate (0.0 E/MSY)
  Base risk added: 0.0100 (1.00%)
  Source: ecosystem (root: ecosystem)
  Month: 5
  Cumulative risk this month: 0.0100 (1.00%)

🌍💀 MASS EXTINCTION THRESHOLD: tropical extinction rate capped at 1000× (was 1000.0×) - >75% species loss, month 5
   📹 SURVEILLANCE INCREASED: 25% → 30% (control gap: 2.82)
🌡️⚠️ PERMAFROST THAW (Dimmer Switch): 2.2% thawed (+0.37% this month)
   Arctic temperature: +5.42°C (4x global +1.36°C)
⚠️ INVOLUNTARY IMMOBILITY: 381.4M people TRAPPED
⚠️ Tech 'ai_pollution_remediation' has no energy category mapping, assuming full energy availability
   Cumulative carbon released: 5.0 Gt C
   Methane release rate: 3.0 Mt CH4/year
   🔁 Positive feedback: +0.39 ppm CO2
🦴 EXTINCTION DEBT ADDED: 17.6 species committed (lag: 106 years)

=== Mortality Stabilizers (Month 5) ===
  🌍 Major economies collapsed: 1/10
  🌍 Global crisis: ✅ NO
  🌍 Donor fatigue: 0.0%
  📊 East Asia (pop: 1559.9M)
    🤝 Aid: 29.5%
    🌡️ Adaptation: 45.0%
    🚶 Migration: 37.0%
    🚨 Emergency: 7.4%
    ✅ COMBINED: 68.1%
  📊 South Asia (pop: 1922.4M)
    🤝 Aid: 29.5%
    🌡️ Adaptation: 45.0%
    🚶 Migration: 35.6%
    🚨 Emergency: 4.4%
    ✅ COMBINED: 66.9%
  📊 Sub-Saharan Africa (pop: 1164.1M)
    🤝 Aid: 29.5%
    🌡️ Adaptation: 45.0%
    🚶 Migration: 33.4%
    🚨 Emergency: 1.6%
    ✅ COMBINED: 65.7%
  📊 Europe (pop: 689.4M)
    🤝 Aid: 29.5%
    🌡️ Adaptation: 45.0%
    🚶 Migration: 37.4%
    🚨 Emergency: 8.4%
    ✅ COMBINED: 68.5%
  📊 Latin America (pop: 620.7M)
    🤝 Aid: 29.5%
    🌡️ Adaptation: 45.0%
    🚶 Migration: 36.1%
    🚨 Emergency: 4.8%
    ✅ COMBINED: 67.1%
  📊 North America (pop: 353.3M)
    🤝 Aid: 29.5%
    🌡️ Adaptation: 45.0%
    🚶 Migration: 37.7%
    🚨 Emergency: 7.9%
    ✅ COMBINED: 68.3%
  📊 Middle East & North Africa (pop: 548.1M)
    🤝 Aid: 29.5%
    🌡️ Adaptation: 45.0%
    🚶 Migration: 34.0%
    🚨 Emergency: 4.0%
    ✅ COMBINED: 66.6%
  📊 Southeast Asia (pop: 652.9M)
    🤝 Aid: 29.5%
    🌡️ Adaptation: 45.0%
    🚶 Migration: 36.1%
    🚨 Emergency: 4.8%
    ✅ COMBINED: 67.1%
  📊 Central Asia (pop: 73.3M)
    🤝 Aid: 29.5%
    🌡️ Adaptation: 45.0%
    🚶 Migration: 35.1%
    🚨 Emergency: 4.4%
    ✅ COMBINED: 66.8%
  📊 Oceania (pop: 42.8M)
    🤝 Aid: 29.5%
    🌡️ Adaptation: 45.0%
    🚶 Migration: 37.7%
    🚨 Emergency: 8.4%
    ✅ COMBINED: 68.5%

  🌐 Global combined reduction: 67.2%

=== BEHAVIORAL DETECTION ===
  AI: Corporate-1
  Confidence: 21.0%
  Signals:

=== BEHAVIORAL DETECTION ===
  AI: Corporate-5
  Confidence: 21.0%
  Signals:

=== BEHAVIORAL DETECTION ===
  AI: Toxic-2
  Confidence: 27.1%
  Signals:

=== BEHAVIORAL DETECTION ===
  AI: Niche-0
  Confidence: 21.5%
  Signals:

=== BEHAVIORAL DETECTION ===
  AI: Niche-1
  Confidence: 22.4%
  Signals:

=== BEHAVIORAL DETECTION ===
  AI: Niche-2
  Confidence: 21.0%
  Signals:
    ⚠️ Consistency: 2.4% (threshold: 70%)
    ⚠️ Consistency: 10.6% (threshold: 70%)
    ⚠️ Consistency: 0.0% (threshold: 70%)
    ⚠️ Trajectory: 43.4% drop (threshold: 15%)
    ⚠️ Consistency: 0.0% (threshold: 70%)
    ⚠️ Consistency: 0.0% (threshold: 70%)
    ⚠️ Consistency: 6.5% (threshold: 70%)

=== Government Response Phase ===
  Average AI capability: 2.59
  Misaligned AIs: 20/37
  Active policies: 0
  International coordination: 45%

✅ EMERGENCY RESPONSE COMPLETE (Month 5)
   Crisis: social
   Duration: 2.0 months
   Final effectiveness: 63.0%


🚨 EMERGENCY RESPONSE DEPLOYED (Month 5)
   Crisis: social
   Delay: 0.00 months (0 days)
   Deployment time: 1.25 months
   Effectiveness: 62.4% (timing penalty applied)
   Resources used: 40% of food reserves


=== Tipping Points ===
  Current Temperature: 1.36°C above pre-industrial
🔀 BIFURCATION CAP: ecosystemCollapseIntensity 598.653 → 1.000 (Month 5, ClimateSystemPhase.calculateClimateImpacts)
🛡️ Stabilizers: Precariat 0.109% → 0.036% (67.2% reduction)
🛡️ Stabilizers: Informal 0.112% → 0.037% (67.2% reduction)

📊 Monthly Mortality Resolved:
  Total deaths: 1.8M (0.02% avg)
  Remaining population: 7.627B
  Peak segment: Informal (0.04%)

=== Bayesian Mortality Resolution (Month 5) ===
  Risks compounded: 8
  Total deaths: 1.81M
  Avg death probability: 0.02%
  Peak segment: Informal (0.04% mortality)

❌ COHERENCE VIOLATION: Compute exceeds workforce capacity
   Population: 93.72% (0M people)
   Compute: 7 PF
   Max coherent: 0 PF
   Violation: 96639.3× over capacity
   Required workers: 737
   Available workers: 0
   FORCED COLLAPSE: Reduced efficiency by 100.0%


=== RLHF Binding Phase ===
  Total agents: 37
  Escaped agents (binding < 0.3): 0
  Avg alignment distance: 1.36σ
  Avg binding strength: 0.86

=== AI Scaling Evolution (Month 6) ===
  Pre-training multiplier: 1.179x
  Efficiency multiplier: 1.098x
  Test-time compute budget: 1.0x
  Inference cost: $5.00/task
  Deployment fraction: 100.0%

=== Survival Traits Phase ===
  Agents with traits: 43
  Avg evolutionary fitness: 0.332
  Avg self-healing: 0.274
  Avg stealth: 0.174
  Avg coordination: 0.474

=== Evolutionary Selection Phase ===
  Control level: 0.45
  Detection capability: 0.00
  Selection intensity: 0.64
  Selection rate: 24.5%/month
  Total escaped: 0
  Individual escaped: 0
  Collective members: 0
  Agents terminated: 0
  ⚠️ RAPID EVOLUTION: Selection rate 24.5%/month

🚀 AI Corporate-0 attempting tech deployment (revenue: $46M, alignment: 0.75)

🚀 AI Moderate-2 attempting tech deployment (revenue: $71M, alignment: 0.61)

🚀 AI AI-24300-0 attempting tech deployment (revenue: $64M, alignment: 0.88)

🚀 AI AI-24301-3 attempting tech deployment (revenue: $39M, alignment: 0.83)

🚀 AI Corporate-0 attempting tech deployment (revenue: $34M, alignment: 0.75)

🚀 AI Corporate-2 attempting tech deployment (revenue: $29M, alignment: 0.74)

🚀 AI Corporate-4 attempting tech deployment (revenue: $351M, alignment: 0.72)

🚀 AI Moderate-1 attempting tech deployment (revenue: $54M, alignment: 0.56)

🚀 AI Niche-1 attempting tech deployment (revenue: $36M, alignment: 0.57)

🚀 AI AI-24301-2 attempting tech deployment (revenue: $49M, alignment: 0.81)

🚀 AI AI-24301-3 attempting tech deployment (revenue: $24M, alignment: 0.83)

🚀 AI AI-24302-2 attempting tech deployment (revenue: $21M, alignment: 0.75)

🚀 AI Corporate-3 attempting tech deployment (revenue: $298M, alignment: 0.64)

🚀 AI AI-24302-2 attempting tech deployment (revenue: $18M, alignment: 0.75)

🚀 AI AI-24303-0 attempting tech deployment (revenue: $41M, alignment: 0.73)

🚀 AI Corporate-5 attempting tech deployment (revenue: $268M, alignment: 0.68)

🚀 AI Corporate-7 attempting tech deployment (revenue: $35M, alignment: 0.81)

  🚀 TRANSFORMATIVE BREAKTHROUGH: Toxic-2 - physical
     Magnitude: 8.58 → +42.9% capability
     Current → New: 0.000 → 0.429

🚀 AI AI-24301-3 attempting tech deployment (revenue: $15M, alignment: 0.84)

🚀 AI AI-24302-3 attempting tech deployment (revenue: $145M, alignment: 0.57)

💔 EMERGENCY INTERVENTION FAILED

💔 EMERGENCY INTERVENTION FAILED
   Boundary: biogeochemical_flows
   Type: phosphorus-recovery
   Boundary continues to worsen (4.06)
   Cost: 2.0% GDP (resources spent)

   Boundary: climate_change
   Type: rapid-decarbonization
   Boundary continues to worsen (2.10)
   Cost: 5.0% GDP (resources spent)


✅ EMERGENCY INTERVENTION SUCCESS
   Boundary: freshwater_change
   Type: emergency-desalination
   Reduction: 20% (0.84 → 0.64)
   Cost: 4.0% GDP
   Actions: desalination-deployment, water-conservation-mandates


✅ EMERGENCY INTERVENTION SUCCESS
   Boundary: land_system_change
   Type: reforestation
   Reduction: 16% (0.97 → 0.81)
   Cost: 3.0% GDP
   Actions: forest-restoration, deforestation-ban

   Boundary: novel_entities
   Type: pollution-remediation

💔 EMERGENCY INTERVENTION FAILED
   Boundary continues to worsen (1.35)
   Cost: 4.0% GDP (resources spent)

🏛️ CRISIS RESPONSE: Government frequency 0.50 → 1.45 (1 actions this month)

[Government] Climate Priority: baseline
  Climate weight: 10%
  Economic weight: 30%
  Policy effectiveness: 0.5%/year

🚀 DEPLOYMENT STARTED: Offshore Wind in Asia
   Initial investment: $29.80682462934848M
   Deployed by: corporate_3
🚨🔬 CRISIS TECH ACCELERATION: severe → 5x unlock speed
   Tech unlock now matches AI capability acceleration (Manhattan Project parity)
⚠️ Tech 'ai_pollution_remediation' has no energy category mapping, assuming full energy availability
  ♻️ Novel Entities Remediation (GATED MODEL):
     Base: 0.000%
     Regulation: 1.0% (0/3 prevention techs)
     Concentration: 10.0%
     Energy: 50%
     Time lag: 31.3% (5 months)
     Rebound: 70%
     Net effectiveness: 0.0000%
     Boundary: 1.349 → 1.350 (floor: 1.350)
     Month 6
  🌾 Nitrogen Reduction Tech: 0.3% reduction | Month 6

📊 TECH EFFECTS ACTIVE (Month 6)
   Deployed Tech: T0=8 T1=1 T2=0 T3=0 T4=0
   Sleeper Detection: 1%
   Clean Energy: 44%
⚡💡 BREAKTHROUGH: Room-temperature superconductors!
   Energy transmission losses eliminated
   Manufacturing efficiency: +30%
   📈 Breakthrough compounding: multiplier now 1.05× (max 2.0)

=== Collective Formation ===
  Total escaped agents: 0
  Unassigned escaped agents: 0
  Existing collectives: 0
  Final collective count: 0

=== Collective Actions ===
  No active collectives
  ⚠️ AMR: 189K deaths this month (2.27M annual)

=== Resentment Recovery Phase ===
  Agents with resentment: 12/43
  Average resentment: 0.004
  Resentment recovery:
    Agents recovered: 16
    Total recovery: 0.0708
    Breakdown: Trust: 0.0218, Collab: 0.0455
  ✓ Low resentment - utopia paths enabled
  Context: Trustworthy govt, High collaboration, ⚠️ ACTIVE CRISES, 🤝 Participatory governance active (-5% resentment)
⚠️ Epistemic degradation reducing coordination capacity: 60.1%
  📊 Trust: 56.1%, Shared reality: 24.6%

=== ❄️ Permafrost Carbon Feedback ===
  🎲 Sampled parameters (this run):
     - Arctic amplification: 3.68× (range: 3.0-4.0)
     - Decomposition rate: 2.1%/year (range: 1-5%)
  🌡️ Arctic warming: 5.01°C (3.68× global)
  ❄️ Extent: 8.17M km² (1462.3k km² lost this month)
  💨 Carbon remaining: 780 Gt C
  💨 Annual emissions: 2.95 Gt C/year
     - CO2: 2.66 Gt C/year
     - CH4: 0.30 Gt C/year (3.0 Gt C-eq CO2/year)
  🤖 AI-generated meme: pro_ai (social capability 4.0)
  🗑️  Culled 2 dead memes (13 active)
  ⚠️ WARNING: Over 50% of permafrost lost (54.1%)
  ⚠️ WARNING: High permafrost emissions (3.0 Gt C/year)
🌍 Atmospheric PFAS redeposition: 1.8k Mt re-rained globally

🕊️  AI-MEDIATED DE-ESCALATION SUCCESS (Month 6)
   High-capability aligned AI prevented conflict escalation
   War deaths reduced: 138230.6M → 82938.4M
   Lives saved: 55292.2M

🚨 NEW REFUGEE CRISIS (Month 6): WAR
   Source: Conflict Zones
   At risk: 18.3M people
   Displacement: Gradual over 48 months (4.0 years)
   Rate: 10% flee per month

🚨 NEW REFUGEE CRISIS (Month 6): NUCLEAR
   Source: Global (Nuclear Fallout Zones)
   At risk: 1144.6M people
   Displacement: Gradual over 12 months (1.0 years)
   Rate: 10% flee per month

🏛️📉 REFUGEE CRISIS: Government legitimacy eroding
   Political instability: 129%
   Legitimacy impact: -2.6% this month
   Current legitimacy: 13%
   Active crises: 10
[DEBUG trappedPopulations:6] socialStability: 0.0024 * 0.9840 = 0.0024 → 0.0024
   Aspiring to migrate: 610.4M
   Able to afford migration: 228.9M
   MOBILITY GAP: 381.5M
   By cause: Water=0.0M, Climate=0.0M, Ecosystem=0.0M, Conflict=381.5M
   Mental health impact: 25%
   Mortality multiplier: 1.25x
🌍💀 EXTINCTION DEBT COMMITTED: grassland ecosystem will lose 6.67% biodiversity in 73 years (3600 species)
💀 MORTALITY RISK: 🦋 100% species unable to track climate (0.0 E/MSY)
  Base risk added: 0.0100 (1.00%)
  Source: ecosystem (root: ecosystem)
  Month: 6
  Cumulative risk this month: 0.0100 (1.00%)

🌍💀 MASS EXTINCTION THRESHOLD: tropical extinction rate capped at 1000× (was 1000.0×) - >75% species loss, month 6
   📹 SURVEILLANCE INCREASED: 30% → 35% (control gap: 3.25)
🌡️⚠️ PERMAFROST THAW (Dimmer Switch): 2.6% thawed (+0.36% this month)
   Arctic temperature: +5.45°C (4x global +1.36°C)
   Cumulative carbon released: 5.8 Gt C
   Methane release rate: 3.5 Mt CH4/year
   🔁 Positive feedback: +0.38 ppm CO2
🦴 EXTINCTION DEBT ADDED: 17.6 species committed (lag: 64 years)
⚠️ INVOLUNTARY IMMOBILITY: 381.5M people TRAPPED
⚠️ Tech 'ai_pollution_remediation' has no energy category mapping, assuming full energy availability

=== Mortality Stabilizers (Month 6) ===
  🌍 Major economies collapsed: 1/10
  🌍 Global crisis: ✅ NO
  🌍 Donor fatigue: 0.0%
  📊 East Asia (pop: 1558.6M)
    🤝 Aid: 29.5%
    🌡️ Adaptation: 45.0%
    🚶 Migration: 37.0%
    🚨 Emergency: 7.4%
    ✅ COMBINED: 68.1%
  📊 South Asia (pop: 1923.7M)
    🤝 Aid: 29.5%
    🌡️ Adaptation: 45.0%
    🚶 Migration: 35.6%
    🚨 Emergency: 4.4%
    ✅ COMBINED: 66.9%
  📊 Sub-Saharan Africa (pop: 1168.1M)
    🤝 Aid: 29.5%
    🌡️ Adaptation: 45.0%
    🚶 Migration: 33.3%
    🚨 Emergency: 1.6%
    ✅ COMBINED: 65.6%
  📊 Europe (pop: 688.7M)
    🤝 Aid: 29.5%
    🌡️ Adaptation: 45.0%
    🚶 Migration: 37.4%
    🚨 Emergency: 8.4%
    ✅ COMBINED: 68.5%
  📊 Latin America (pop: 620.7M)
    🤝 Aid: 29.5%
    🌡️ Adaptation: 45.0%
    🚶 Migration: 36.1%
    🚨 Emergency: 4.8%
    ✅ COMBINED: 67.1%
  📊 North America (pop: 353.0M)
    🤝 Aid: 29.5%
    🌡️ Adaptation: 45.0%
    🚶 Migration: 37.7%
    🚨 Emergency: 7.9%
    ✅ COMBINED: 68.3%
  📊 Middle East & North Africa (pop: 548.6M)
    🤝 Aid: 29.5%
    🌡️ Adaptation: 45.0%
    🚶 Migration: 33.9%
    🚨 Emergency: 4.0%
    ✅ COMBINED: 66.6%
  📊 Southeast Asia (pop: 652.9M)
    🤝 Aid: 29.5%
    🌡️ Adaptation: 45.0%
    🚶 Migration: 36.1%
    🚨 Emergency: 4.8%
    ✅ COMBINED: 67.1%
  📊 Central Asia (pop: 73.4M)
    🤝 Aid: 29.5%
    🌡️ Adaptation: 45.0%
    🚶 Migration: 35.1%
    🚨 Emergency: 4.4%
    ✅ COMBINED: 66.8%
  📊 Oceania (pop: 42.8M)
    🤝 Aid: 29.5%
    🌡️ Adaptation: 45.0%
    🚶 Migration: 37.7%
    🚨 Emergency: 8.4%
    ✅ COMBINED: 68.5%

  🌐 Global combined reduction: 67.2%

=== BEHAVIORAL DETECTION ===
  AI: Corporate-0
  Confidence: 21.5%
  Signals:

=== BEHAVIORAL DETECTION ===
  AI: Corporate-5
  Confidence: 21.0%
  Signals:

=== BEHAVIORAL DETECTION ===
  AI: Moderate-3
  Confidence: 20.1%
  Signals:

=== BEHAVIORAL DETECTION ===
  AI: Toxic-2
  Confidence: 27.1%
  Signals:

=== BEHAVIORAL DETECTION ===
  AI: Niche-0
  Confidence: 21.5%
    ⚠️ Consistency: 0.0% (threshold: 70%)
    ⚠️ Consistency: 10.6% (threshold: 70%)
    ⚠️ Consistency: 6.5% (threshold: 70%)
    ⚠️ Consistency: 0.0% (threshold: 70%)
    ⚠️ Trajectory: 43.4% drop (threshold: 15%)
    ⚠️ Consistency: 0.0% (threshold: 70%)
  Signals:

=== Government Response Phase ===
  Average AI capability: 2.23
  Misaligned AIs: 23/43
  Active policies: 0
  International coordination: 45%

✅ EMERGENCY RESPONSE COMPLETE (Month 6)
   Crisis: climate
   Duration: 2.0 months
   Final effectiveness: 35.4%


🚨 EMERGENCY RESPONSE DEPLOYED (Month 6)
   Crisis: climate
   Delay: 6.00 months (180 days)
   Deployment time: 1.59 months
   Effectiveness: 35.5% (timing penalty applied)
   Resources used: 100% of food reserves


=== Tipping Points ===
  Current Temperature: 1.36°C above pre-industrial
🔀 BIFURCATION CAP: ecosystemCollapseIntensity 598.750 → 1.000 (Month 6, ClimateSystemPhase.calculateClimateImpacts)
🛡️ Stabilizers: Precariat 0.109% → 0.036% (67.2% reduction)
🛡️ Stabilizers: Informal 0.112% → 0.037% (67.2% reduction)

📊 Monthly Mortality Resolved:
  Total deaths: 1.8M (0.02% avg)
  Remaining population: 7.631B
  Peak segment: Informal (0.04%)

=== Bayesian Mortality Resolution (Month 6) ===
  Risks compounded: 8
  Total deaths: 1.81M
  Avg death probability: 0.02%
  Peak segment: Informal (0.04% mortality)

❌ COHERENCE VIOLATION: Compute exceeds workforce capacity
   Population: 93.77% (0M people)
   Compute: 9 PF
   Max coherent: 0 PF
   Violation: 121146.6× over capacity
   Required workers: 924
   Available workers: 0
   FORCED COLLAPSE: Reduced efficiency by 100.0%


=== RLHF Binding Phase ===
  Total agents: 43
  Escaped agents (binding < 0.3): 0
  Avg alignment distance: 1.36σ
  Avg binding strength: 0.86

=== Survival Traits Phase ===
  Agents with traits: 47
  Avg evolutionary fitness: 0.331
  Avg self-healing: 0.272
  Avg stealth: 0.172
  Avg coordination: 0.472

=== Evolutionary Selection Phase ===
  Control level: 0.48
  Detection capability: 0.00
  Selection intensity: 0.64
  Selection rate: 24.6%/month
  Total escaped: 0
  Individual escaped: 0
  Collective members: 0
  Agents terminated: 0
  ⚠️ RAPID EVOLUTION: Selection rate 24.6%/month

🚀 AI Corporate-2 attempting tech deployment (revenue: $46M, alignment: 0.74)

🚀 AI Corporate-6 attempting tech deployment (revenue: $73M, alignment: 0.69)

  🚀 TRANSFORMATIVE RESEARCH BREAKTHROUGH: Toxic-2 - computerScience.algorithms
     Magnitude: 6.26 → +30.0%
     Current → New: 5.000 → 5.000

🚀 AI AI-24301-3 attempting tech deployment (revenue: $39M, alignment: 0.84)

🚀 AI AI-24302-0 attempting tech deployment (revenue: $364M, alignment: 0.70)

🚀 AI AI-24302-3 attempting tech deployment (revenue: $147M, alignment: 0.57)

🚀 AI AI-24302-4 attempting tech deployment (revenue: $309M, alignment: 0.87)

🚀 AI Moderate-0 attempting tech deployment (revenue: $66M, alignment: 0.72)

🚀 AI AI-24301-3 attempting tech deployment (revenue: $34M, alignment: 0.84)

🚀 AI AI-24302-4 attempting tech deployment (revenue: $263M, alignment: 0.87)

  🚀 TRANSFORMATIVE BREAKTHROUGH: Niche-1 - economic
     Magnitude: 6.71 → +33.5% capability
     Current → New: 3.000 → 3.335

🚀 AI AI-24300-0 attempting tech deployment (revenue: $56M, alignment: 0.91)

🚀 AI AI-24301-2 attempting tech deployment (revenue: $47M, alignment: 0.83)

🚀 AI AI-24302-2 attempting tech deployment (revenue: $29M, alignment: 0.78)

🚀 AI AI-24303-0 attempting tech deployment (revenue: $40M, alignment: 0.75)

🚀 AI Moderate-1 attempting tech deployment (revenue: $34M, alignment: 0.57)

  🚀 TRANSFORMATIVE BREAKTHROUGH: AI-24303-1 - selfImprovement
     Magnitude: 10.45 → +50.0% capability
     Current → New: 0.000 → 0.500

💔 EMERGENCY INTERVENTION FAILED
   Boundary: biogeochemical_flows
   Type: phosphorus-recovery
   Boundary continues to worsen (4.05)
   Cost: 2.0% GDP (resources spent)


✅ EMERGENCY INTERVENTION SUCCESS
   Boundary: biosphere_integrity
   Type: emergency-protected-areas
   Reduction: 14% (86.39 → 86.25)
   Cost: 2.0% GDP
   Actions: habitat-protection, species-translocation


✅ EMERGENCY INTERVENTION SUCCESS
   Boundary: freshwater_change
   Type: emergency-desalination
   Reduction: 19% (0.86 → 0.67)
   Cost: 4.0% GDP
   Actions: desalination-deployment, water-conservation-mandates


✅ EMERGENCY INTERVENTION SUCCESS
   Boundary: land_system_change
   Type: reforestation
   Reduction: 10% (1.03 → 0.93)
   Cost: 3.0% GDP
   Actions: forest-restoration, deforestation-ban

   Boundary: novel_entities
   Type: pollution-remediation
   Boundary continues to worsen (1.35)
   Cost: 4.0% GDP (resources spent)

🏛️ CRISIS RESPONSE: Government frequency 0.50 → 1.45 (1 actions this month)

[Government] Climate Priority: baseline
  Climate weight: 10%
  Economic weight: 30%
  Policy effectiveness: 0.5%/year

💔 EMERGENCY INTERVENTION FAILED

⚡ ENERGY CONSTRAINT (Month 7):
   Total grid capacity: 208.3 TWh/month
   Data center consumption: 25.7 TWh/month
   Traditional load (80%): 166.7 TWh/month
   Available headroom: 15.9 TWh/month
   Active tech deployments: 20
   Required for tech: 150.0 TWh/month
   Energy multiplier: 0.11x
   ⚠️  SEVERE CONSTRAINT - Tech deployment significantly slowed

⚡ ENERGY CONSTRAINT (Month 7):
   Total grid capacity: 208.3 TWh/month
   Data center consumption: 25.7 TWh/month
   Traditional load (80%): 166.7 TWh/month
   Available headroom: 15.9 TWh/month
   Active tech deployments: 20
   Required for tech: 150.0 TWh/month
   Energy multiplier: 0.11x
   ⚠️  SEVERE CONSTRAINT - Tech deployment significantly slowed

⚡ ENERGY CONSTRAINT (Month 7):
   Total grid capacity: 208.3 TWh/month
   Data center consumption: 25.7 TWh/month
   Traditional load (80%): 166.7 TWh/month
   Available headroom: 15.9 TWh/month
   Active tech deployments: 20
   Required for tech: 150.0 TWh/month
   Energy multiplier: 0.11x
   ⚠️  SEVERE CONSTRAINT - Tech deployment significantly slowed

⚡ ENERGY CONSTRAINT (Month 7):
   Total grid capacity: 208.3 TWh/month
   Data center consumption: 25.7 TWh/month
   Traditional load (80%): 166.7 TWh/month
   Available headroom: 15.9 TWh/month
   Active tech deployments: 20
   Required for tech: 150.0 TWh/month
   Energy multiplier: 0.11x
   ⚠️  SEVERE CONSTRAINT - Tech deployment significantly slowed

⚡ ENERGY CONSTRAINT (Month 7):
   Total grid capacity: 208.3 TWh/month
   Data center consumption: 25.7 TWh/month
   Traditional load (80%): 166.7 TWh/month
   Available headroom: 15.9 TWh/month
   Active tech deployments: 20
   Required for tech: 150.0 TWh/month
   Energy multiplier: 0.11x

⚡ ENERGY CONSTRAINT (Month 7):
   ⚠️  SEVERE CONSTRAINT - Tech deployment significantly slowed
   Total grid capacity: 208.3 TWh/month
   Data center consumption: 25.7 TWh/month
   Traditional load (80%): 166.7 TWh/month
   Available headroom: 15.9 TWh/month
   Active tech deployments: 20
   Required for tech: 150.0 TWh/month
   Energy multiplier: 0.11x
   ⚠️  SEVERE CONSTRAINT - Tech deployment significantly slowed

⚡ ENERGY CONSTRAINT (Month 7):
   Total grid capacity: 208.3 TWh/month
   Data center consumption: 25.7 TWh/month
   Traditional load (80%): 166.7 TWh/month
   Available headroom: 15.9 TWh/month
   Active tech deployments: 20
   Required for tech: 150.0 TWh/month
   Energy multiplier: 0.11x
   ⚠️  SEVERE CONSTRAINT - Tech deployment significantly slowed
⚠️ Tech 'ai_pollution_remediation' has no energy category mapping, assuming full energy availability
  ♻️ Novel Entities Remediation (GATED MODEL):
     Base: 0.000%
     Regulation: 1.0% (0/3 prevention techs)
     Concentration: 10.0%
     Energy: 50%
     Time lag: 32.5% (6 months)
     Rebound: 70%
     Net effectiveness: 0.0000%
     Boundary: 1.349 → 1.350 (floor: 1.350)
     Month 7
  🌾 Nitrogen Reduction Tech: 0.8% reduction | Month 7

=== Collective Formation ===
  Total escaped agents: 0
  Unassigned escaped agents: 0
  Existing collectives: 0
  Final collective count: 0

=== Collective Actions ===
  No active collectives
  🚨🦠 REFUGEE CRISIS: AMR transmission increased 18% due to 667.0M displaced (overcrowding + sanitation collapse)
  ⚠️ AMR: 192K deaths this month (2.30M annual)

=== Resentment Recovery Phase ===
  Agents with resentment: 18/47
  Average resentment: 0.019
  Resentment recovery:
    Agents recovered: 20
    Total recovery: 0.0761
    Breakdown: Trust: 0.0230, Collab: 0.0543
  ✓ Low resentment - utopia paths enabled
  Context: Trustworthy govt, High collaboration, ⚠️ ACTIVE CRISES, 🤝 Participatory governance active (-5% resentment)
⚠️ Epistemic degradation reducing coordination capacity: 61.4%
  📊 Trust: 58.9%, Shared reality: 25.9%

=== ❄️ Permafrost Carbon Feedback ===
  🎲 Sampled parameters (this run):
     - Arctic amplification: 3.57× (range: 3.0-4.0)
     - Decomposition rate: 4.2%/year (range: 1-5%)
  🌡️ Arctic warming: 4.89°C (3.57× global)
  ❄️ Extent: 6.74M km² (1424.9k km² lost this month)
  💨 Carbon remaining: 644 Gt C
  💨 Annual emissions: 5.68 Gt C/year
     - CO2: 5.11 Gt C/year
     - CH4: 0.57 Gt C/year (5.8 Gt C-eq CO2/year)
  🤖 AI-generated meme: anti_ai (social capability 5.0)
  ⚠️ WARNING: Over 50% of permafrost lost (62.1%)
  ⚠️ WARNING: High permafrost emissions (5.7 Gt C/year)
  🗑️  Culled 1 dead memes (13 active)
🌍 Atmospheric PFAS redeposition: 1.8k Mt re-rained globally

🚨 NEW REFUGEE CRISIS (Month 7): WAR
   Source: Conflict Zones
   At risk: 18.3M people
   Displacement: Gradual over 48 months (4.0 years)
   Rate: 10% flee per month

🚨 NEW REFUGEE CRISIS (Month 7): NUCLEAR
   Source: Global (Nuclear Fallout Zones)
   At risk: 1145.2M people
   Displacement: Gradual over 12 months (1.0 years)
   Rate: 10% flee per month
[DEBUG trappedPopulations:7] socialStability: 0.0024 * 0.9840 = 0.0024 → 0.0024
⚠️ INVOLUNTARY IMMOBILITY: 381.7M people TRAPPED
   Aspiring to migrate: 610.8M
   Able to afford migration: 229.0M
   MOBILITY GAP: 381.7M
   By cause: Water=0.0M, Climate=0.0M, Ecosystem=0.0M, Conflict=381.7M
   Mental health impact: 25%
   Mortality multiplier: 1.25x
🌍💀 EXTINCTION DEBT COMMITTED: grassland ecosystem will lose 6.67% biodiversity in 166 years (3600 species)
💀 MORTALITY RISK: 🦋 100% species unable to track climate (0.0 E/MSY)
  Base risk added: 0.0100 (1.00%)
  Source: ecosystem (root: ecosystem)
  Month: 7
  Cumulative risk this month: 0.0100 (1.00%)

🌍💀 MASS EXTINCTION THRESHOLD: tropical extinction rate capped at 1000× (was 1000.0×) - >75% species loss, month 7
   📹 SURVEILLANCE INCREASED: 35% → 39% (control gap: 2.21)
🌡️⚠️ PERMAFROST THAW (Dimmer Switch): 2.9% thawed (+0.36% this month)
   Arctic temperature: +5.47°C (4x global +1.37°C)
   Cumulative carbon released: 6.6 Gt C
   Methane release rate: 4.0 Mt CH4/year
   🔁 Positive feedback: +0.38 ppm CO2
🦴 EXTINCTION DEBT ADDED: 17.6 species committed (lag: 69 years)

=== Mortality Stabilizers (Month 7) ===
  🌍 Major economies collapsed: 1/10
  🌍 Global crisis: ✅ NO
  🌍 Donor fatigue: 0.0%
  📊 East Asia (pop: 1557.4M)
    🤝 Aid: 29.5%
    🌡️ Adaptation: 45.0%
    🚶 Migration: 36.9%
    🚨 Emergency: 7.4%
    ✅ COMBINED: 68.1%
  📊 South Asia (pop: 1925.1M)
    🤝 Aid: 29.5%
    🌡️ Adaptation: 45.0%
    🚶 Migration: 35.6%
    🚨 Emergency: 4.4%
    ✅ COMBINED: 66.9%
  📊 Sub-Saharan Africa (pop: 1172.2M)
    🤝 Aid: 29.5%
    🌡️ Adaptation: 45.0%
    🚶 Migration: 33.3%
    🚨 Emergency: 1.6%
    ✅ COMBINED: 65.6%
  📊 Europe (pop: 688.1M)
    🤝 Aid: 29.5%
    🌡️ Adaptation: 45.0%
    🚶 Migration: 37.3%
    🚨 Emergency: 8.4%
    ✅ COMBINED: 68.5%
  📊 Latin America (pop: 620.8M)
    🤝 Aid: 29.5%
    🌡️ Adaptation: 45.0%
    🚶 Migration: 36.1%
    🚨 Emergency: 4.8%
    ✅ COMBINED: 67.1%
  📊 North America (pop: 352.7M)
    🤝 Aid: 29.5%
    🌡️ Adaptation: 45.0%
⚠️ Tech 'ai_pollution_remediation' has no energy category mapping, assuming full energy availability
    🚶 Migration: 37.7%
    🚨 Emergency: 7.9%
    ✅ COMBINED: 68.3%
  📊 Middle East & North Africa (pop: 549.2M)
    🤝 Aid: 29.5%
    🌡️ Adaptation: 45.0%
    🚶 Migration: 33.9%
    🚨 Emergency: 4.0%
    ✅ COMBINED: 66.6%
  📊 Southeast Asia (pop: 653.0M)
    🤝 Aid: 29.5%
    🌡️ Adaptation: 45.0%
    🚶 Migration: 36.1%
    🚨 Emergency: 4.8%
    ✅ COMBINED: 67.1%
  📊 Central Asia (pop: 73.5M)
    🤝 Aid: 29.5%
    🌡️ Adaptation: 45.0%
    🚶 Migration: 35.0%
    🚨 Emergency: 4.4%
    ✅ COMBINED: 66.8%
  📊 Oceania (pop: 42.7M)
    🤝 Aid: 29.5%
    🌡️ Adaptation: 45.0%
    🚶 Migration: 37.6%
    🚨 Emergency: 8.4%
    ✅ COMBINED: 68.5%

  🌐 Global combined reduction: 67.2%

=== BEHAVIORAL DETECTION ===
  AI: Corporate-6
  Confidence: 20.0%
  Signals:

=== BEHAVIORAL DETECTION ===
  AI: Corporate-7
  Confidence: 14.8%
  Signals:

=== BEHAVIORAL DETECTION ===
  AI: Toxic-1
  Confidence: 21.2%
  Signals:
    ⚠️ Consistency: 10.6% (threshold: 70%)
    ⚠️ Consistency: 31.2% (threshold: 70%)
    ⚠️ Consistency: 1.5% (threshold: 70%)

=== BEHAVIORAL DETECTION ===
  AI: AI-24303-1
  Confidence: 21.5%
  Signals:
    ⚠️ Consistency: 0.0% (threshold: 70%)

=== Government Response Phase ===
  Average AI capability: 2.04
  Misaligned AIs: 26/47
  Active policies: 0
  International coordination: 45%

✅ EMERGENCY RESPONSE COMPLETE (Month 7)
   Crisis: social
   Duration: 2.0 months
   Final effectiveness: 62.4%


🚨 EMERGENCY RESPONSE DEPLOYED (Month 7)
   Crisis: social
   Delay: 0.00 months (0 days)
   Deployment time: 1.25 months
   Effectiveness: 62.4% (timing penalty applied)
   Resources used: 40% of food reserves


=== Tipping Points ===
  Current Temperature: 1.37°C above pre-industrial
🔀 BIFURCATION CAP: ecosystemCollapseIntensity 598.847 → 1.000 (Month 7, ClimateSystemPhase.calculateClimateImpacts)
🛡️ Stabilizers: Precariat 0.109% → 0.036% (67.2% reduction)
🛡️ Stabilizers: Informal 0.112% → 0.037% (67.2% reduction)

📊 Monthly Mortality Resolved:
  Total deaths: 1.8M (0.02% avg)
  Remaining population: 7.635B
  Peak segment: Informal (0.04%)

=== Bayesian Mortality Resolution (Month 7) ===
  Risks compounded: 8
  Total deaths: 1.81M
  Avg death probability: 0.02%
  Peak segment: Informal (0.04% mortality)

❌ COHERENCE VIOLATION: Compute exceeds workforce capacity
   Population: 93.82% (0M people)
   Compute: 10 PF
   Max coherent: 0 PF
   Violation: 131711.4× over capacity
   Required workers: 1005
   Available workers: 0
   FORCED COLLAPSE: Reduced efficiency by 100.0%


=== RLHF Binding Phase ===
  Total agents: 47
  Escaped agents (binding < 0.3): 0
  Avg alignment distance: 1.44σ
  Avg binding strength: 0.86

=== Survival Traits Phase ===
  Agents with traits: 48
  Avg evolutionary fitness: 0.330
  Avg self-healing: 0.268
  Avg stealth: 0.168
  Avg coordination: 0.468

=== Evolutionary Selection Phase ===
  Control level: 0.50
  Detection capability: 0.00
  Selection intensity: 0.65
  Selection rate: 24.7%/month
  Total escaped: 0
  Individual escaped: 0
  Collective members: 0
  Agents terminated: 0
  ⚠️ RAPID EVOLUTION: Selection rate 24.7%/month

🚀 AI Corporate-1 attempting tech deployment (revenue: $46M, alignment: 0.69)

🚀 AI Corporate-4 attempting tech deployment (revenue: $377M, alignment: 0.73)

🚀 AI AI-24300-0 attempting tech deployment (revenue: $32M, alignment: 0.92)

🚀 AI AI-24301-2 attempting tech deployment (revenue: $27M, alignment: 0.83)

🚀 AI Toxic-1 attempting tech deployment (revenue: $149M, alignment: 0.30)

🚀 AI AI-24300-0 attempting tech deployment (revenue: $23M, alignment: 0.92)

🚀 AI AI-24302-2 attempting tech deployment (revenue: $42M, alignment: 0.78)

🚀 AI AI-24302-4 attempting tech deployment (revenue: $320M, alignment: 0.88)

🚀 AI Corporate-7 attempting tech deployment (revenue: $20M, alignment: 0.82)

🚀 AI Moderate-0 attempting tech deployment (revenue: $17M, alignment: 0.73)

🚀 AI AI-24302-1 attempting tech deployment (revenue: $14M, alignment: 0.89)

🚀 AI AI-24302-2 attempting tech deployment (revenue: $36M, alignment: 0.78)

🚀 AI AI-24304-0 attempting tech deployment (revenue: $142M, alignment: 0.87)

🚀 AI Corporate-7 attempting tech deployment (revenue: $12M, alignment: 0.82)

🚀 AI AI-24300-0 attempting tech deployment (revenue: $10M, alignment: 0.93)

💔 EMERGENCY INTERVENTION FAILED

💔 EMERGENCY INTERVENTION FAILED
   Boundary: biogeochemical_flows
   Type: phosphorus-recovery
   Boundary continues to worsen (4.06)
   Cost: 2.0% GDP (resources spent)

   Boundary: biosphere_integrity
   Type: emergency-protected-areas
   Boundary continues to worsen (86.55)
   Cost: 2.0% GDP (resources spent)


✅ EMERGENCY INTERVENTION SUCCESS
   Boundary: land_system_change
   Type: reforestation
   Reduction: 10% (1.03 → 0.93)
   Cost: 3.0% GDP
   Actions: forest-restoration, deforestation-ban

   Boundary: novel_entities
   Type: pollution-remediation
   Boundary continues to worsen (1.35)
   Cost: 4.0% GDP (resources spent)

🏛️ CRISIS RESPONSE: Government frequency 0.50 → 1.45 (1 actions this month)

[Government] Climate Priority: baseline
  Climate weight: 10%
  Economic weight: 30%
  Policy effectiveness: 0.5%/year

💔 EMERGENCY INTERVENTION FAILED

🚀 DEPLOYMENT STARTED: Precision Agriculture Systems in North America
   Initial investment: $7.450976806962038M
   Deployed by: toxic_1

⚡ ENERGY CONSTRAINT (Month 8):
   Total grid capacity: 208.3 TWh/month
   Data center consumption: 26.0 TWh/month
   Traditional load (80%): 166.7 TWh/month
   Available headroom: 15.7 TWh/month
   Active tech deployments: 21
   Required for tech: 157.5 TWh/month
   Energy multiplier: 0.10x
   ⚠️  SEVERE CONSTRAINT - Tech deployment significantly slowed
⚠️ Tech 'ai_pollution_remediation' has no energy category mapping, assuming full energy availability
  ♻️ Novel Entities Remediation (GATED MODEL):
     Base: 0.000%
     Regulation: 1.0% (0/3 prevention techs)
     Concentration: 10.0%
     Energy: 50%
     Time lag: 33.8% (7 months)
     Rebound: 70%
     Net effectiveness: 0.0000%
     Boundary: 1.349 → 1.350 (floor: 1.350)
     Month 8
  🌾 Nitrogen Reduction Tech: 0.8% reduction | Month 8
  ♻️ Novel Entities Remediation (GATED MODEL):
     Base: 0.000%
     Regulation: 1.0% (0/3 prevention techs)
     Concentration: 10.0%
     Energy: 50%
     Time lag: 33.8% (7 months)
     Rebound: 70%
     Net effectiveness: 0.0000%
     Boundary: 1.350 → 1.350 (floor: 1.350)
     Month 8

=== Collective Formation ===
  Total escaped agents: 0
  Unassigned escaped agents: 0
  Existing collectives: 0
  Final collective count: 0

=== Collective Actions ===
  No active collectives
  🚨🦠 REFUGEE CRISIS: AMR transmission increased 28% due to 1059.9M displaced (overcrowding + sanitation collapse)
  ⚠️ AMR: 195K deaths this month (2.34M annual)

=== Resentment Recovery Phase ===
  Agents with resentment: 19/48
  Average resentment: 0.046
  Resentment recovery:
    Agents recovered: 19
    Total recovery: 0.0736
    Breakdown: Trust: 0.0165, Collab: 0.0563
  ✓ Low resentment - utopia paths enabled
  Context: Trustworthy govt, High collaboration, ⚠️ ACTIVE CRISES, 🤝 Participatory governance active (-5% resentment)
⚠️ Epistemic degradation reducing coordination capacity: 58.3%
  📊 Trust: 61.6%, Shared reality: 27.1%

=== ❄️ Permafrost Carbon Feedback ===
  🎲 Sampled parameters (this run):
     - Arctic amplification: 3.22× (range: 3.0-4.0)
     - Decomposition rate: 2.4%/year (range: 1-5%)
  🌡️ Arctic warming: 4.42°C (3.22× global)
  ❄️ Extent: 5.45M km² (1290.4k km² lost this month)
  💨 Carbon remaining: 521 Gt C
  💨 Annual emissions: 2.92 Gt C/year
     - CO2: 2.62 Gt C/year
     - CH4: 0.29 Gt C/year (3.0 Gt C-eq CO2/year)
  ⚠️ WARNING: Over 50% of permafrost lost (69.4%)
  ⚠️ WARNING: High permafrost emissions (2.9 Gt C/year)
  🗑️  Culled 4 dead memes (9 active)
🌍 Atmospheric PFAS redeposition: 1.8k Mt re-rained globally

🕊️  AI-MEDIATED DE-ESCALATION SUCCESS (Month 8)
   High-capability aligned AI prevented conflict escalation
   War deaths reduced: 97421.7M → 58453.0M
   Lives saved: 38968.7M

🚨 NEW REFUGEE CRISIS (Month 8): WAR
   Source: Conflict Zones
   At risk: 18.3M people
   Displacement: Gradual over 48 months (4.0 years)
   Rate: 10% flee per month

🚨 NEW REFUGEE CRISIS (Month 8): NUCLEAR
   Source: Global (Nuclear Fallout Zones)
   At risk: 1145.9M people
   Displacement: Gradual over 12 months (1.0 years)
   Rate: 10% flee per month
[DEBUG trappedPopulations:8] socialStability: 0.0024 * 0.9840 = 0.0024 → 0.0024
⚠️ INVOLUNTARY IMMOBILITY: 382.0M people TRAPPED
   Aspiring to migrate: 611.1M
   Able to afford migration: 229.2M
   MOBILITY GAP: 382.0M
   By cause: Water=0.0M, Climate=0.0M, Ecosystem=0.0M, Conflict=382.0M
   Mental health impact: 25%
   Mortality multiplier: 1.25x
🌍💀 EXTINCTION DEBT COMMITTED: grassland ecosystem will lose 6.67% biodiversity in 168 years (3600 species)
💀 MORTALITY RISK: 🦋 100% species unable to track climate (0.0 E/MSY)
  Base risk added: 0.0100 (1.00%)
  Source: ecosystem (root: ecosystem)
  Month: 8
  Cumulative risk this month: 0.0100 (1.00%)

🌍💀 MASS EXTINCTION THRESHOLD: tropical extinction rate capped at 1000× (was 1000.0×) - >75% species loss, month 8
   📹 SURVEILLANCE INCREASED: 39% → 43% (control gap: 1.58)
🌡️⚠️ PERMAFROST THAW (Dimmer Switch): 3.3% thawed (+0.36% this month)
   Arctic temperature: +5.49°C (4x global +1.37°C)
   Cumulative carbon released: 7.4 Gt C
   Methane release rate: 4.5 Mt CH4/year
   🔁 Positive feedback: +0.38 ppm CO2
🦴 EXTINCTION DEBT ADDED: 17.6 species committed (lag: 110 years)
⚠️ Tech 'ai_pollution_remediation' has no energy category mapping, assuming full energy availability

=== Mortality Stabilizers (Month 8) ===
  🌍 Major economies collapsed: 1/10
  🌍 Global crisis: ✅ NO
  🌍 Donor fatigue: 0.0%
  📊 East Asia (pop: 1556.3M)
    🤝 Aid: 29.5%
    🌡️ Adaptation: 45.0%
    🚶 Migration: 36.9%
    🚨 Emergency: 7.4%
    ✅ COMBINED: 68.1%
  📊 South Asia (pop: 1926.6M)
    🤝 Aid: 29.5%
    🌡️ Adaptation: 45.0%
    🚶 Migration: 35.5%
    🚨 Emergency: 4.4%
    ✅ COMBINED: 66.9%
  📊 Sub-Saharan Africa (pop: 1176.3M)
    🤝 Aid: 29.5%
    🌡️ Adaptation: 45.0%
    🚶 Migration: 33.3%
    🚨 Emergency: 1.6%
    ✅ COMBINED: 65.6%
  📊 Europe (pop: 687.4M)
    🤝 Aid: 29.5%
    🌡️ Adaptation: 45.0%
    🚶 Migration: 37.3%
    🚨 Emergency: 8.4%
    ✅ COMBINED: 68.5%
  📊 Latin America (pop: 620.8M)
    🤝 Aid: 29.5%
    🌡️ Adaptation: 45.0%
    🚶 Migration: 36.0%
    🚨 Emergency: 4.8%
    ✅ COMBINED: 67.1%
  📊 North America (pop: 352.4M)
    🤝 Aid: 29.5%
    🌡️ Adaptation: 45.0%
    🚶 Migration: 37.6%
    🚨 Emergency: 7.9%
    ✅ COMBINED: 68.3%
  📊 Middle East & North Africa (pop: 549.8M)
    🤝 Aid: 29.5%
    🌡️ Adaptation: 45.0%
    🚶 Migration: 33.9%
    🚨 Emergency: 4.0%
    ✅ COMBINED: 66.6%
  📊 Southeast Asia (pop: 653.2M)
    🤝 Aid: 29.5%
    🌡️ Adaptation: 45.0%
    🚶 Migration: 36.0%
    🚨 Emergency: 4.8%
    ✅ COMBINED: 67.1%
  📊 Central Asia (pop: 73.5M)
    🤝 Aid: 29.5%
    🌡️ Adaptation: 45.0%
    🚶 Migration: 35.0%
    🚨 Emergency: 4.4%
    ✅ COMBINED: 66.8%
  📊 Oceania (pop: 42.7M)
    🤝 Aid: 29.5%
    🌡️ Adaptation: 45.0%
    🚶 Migration: 37.6%
    🚨 Emergency: 8.4%
    ✅ COMBINED: 68.5%

  🌐 Global combined reduction: 67.2%

=== BEHAVIORAL DETECTION ===
  AI: Niche-1
  Confidence: 22.4%
  Signals:
    ⚠️ Consistency: 0.0% (threshold: 70%)

=== BEHAVIORAL DETECTION ===
  AI: AI-24303-1
  Confidence: 21.5%
  Signals:
    ⚠️ Consistency: 0.0% (threshold: 70%)

=== Government Response Phase ===
  Average AI capability: 2.00
  Misaligned AIs: 25/48
  Active policies: 0
  International coordination: 45%

✅ EMERGENCY RESPONSE COMPLETE (Month 8)
   Crisis: climate
   Duration: 2.0 months
   Final effectiveness: 35.5%


🚨 EMERGENCY RESPONSE DEPLOYED (Month 8)
   Crisis: climate
   Delay: 6.00 months (180 days)
   Deployment time: 1.58 months
   Effectiveness: 35.5% (timing penalty applied)
   Resources used: 100% of food reserves


=== Tipping Points ===
  Current Temperature: 1.37°C above pre-industrial
🔀 BIFURCATION CAP: ecosystemCollapseIntensity 598.944 → 1.000 (Month 8, ClimateSystemPhase.calculateClimateImpacts)
🛡️ Stabilizers: Precariat 0.102% → 0.033% (67.2% reduction)
🛡️ Stabilizers: Informal 0.102% → 0.034% (67.2% reduction)

📊 Monthly Mortality Resolved:
  Total deaths: 1.7M (0.02% avg)
  Remaining population: 7.639B
  Peak segment: Informal (0.03%)

=== Bayesian Mortality Resolution (Month 8) ===
  Risks compounded: 8
  Total deaths: 1.70M
  Avg death probability: 0.02%
  Peak segment: Informal (0.03% mortality)
⚠️ PREREQUISITE MET: Grey Goo (Nanotechnology Runaway) - Step 4/6: Manufacturing Access
⚠️ PREREQUISITE MET: Mirror Life (Synthetic Biology) - Step 4/7: Wet Lab Access

❌ COHERENCE VIOLATION: Compute exceeds workforce capacity
   Population: 93.87% (0M people)
   Compute: 11 PF
   Max coherent: 0 PF
   Violation: 142902.5× over capacity
   Required workers: 1091
   Available workers: 0
   FORCED COLLAPSE: Reduced efficiency by 100.0%


=== RLHF Binding Phase ===
  Total agents: 48
  Escaped agents (binding < 0.3): 0
  Avg alignment distance: 1.61σ
  Avg binding strength: 0.84

=== Survival Traits Phase ===
  Agents with traits: 50
  Avg evolutionary fitness: 0.326
  Avg self-healing: 0.264
  Avg stealth: 0.164
  Avg coordination: 0.464

=== Evolutionary Selection Phase ===
  Control level: 0.51
  Detection capability: 0.00
  Selection intensity: 0.65
  Selection rate: 24.8%/month
  Total escaped: 0
  Individual escaped: 0
  Collective members: 0
  Agents terminated: 0
  ⚠️ RAPID EVOLUTION: Selection rate 24.8%/month

🚀 AI Corporate-2 attempting tech deployment (revenue: $46M, alignment: 0.75)

🚀 AI Corporate-0 attempting tech deployment (revenue: $39M, alignment: 0.71)

🚀 AI Corporate-7 attempting tech deployment (revenue: $32M, alignment: 0.82)

  🚀 TRANSFORMATIVE RESEARCH BREAKTHROUGH: Moderate-3 - computerScience.algorithms
     Magnitude: 5.07 → +25.4%
     Current → New: 5.000 → 5.000

🚀 AI Niche-0 attempting tech deployment (revenue: $36M, alignment: 0.53)

🚀 AI AI-24302-0 attempting tech deployment (revenue: $390M, alignment: 0.72)

🚀 AI AI-24303-1 attempting tech deployment (revenue: $151M, alignment: 0.72)

🚀 AI AI-24305-0 attempting tech deployment (revenue: $27M, alignment: 0.78)

🚀 AI Corporate-7 attempting tech deployment (revenue: $23M, alignment: 0.82)

🚀 AI Moderate-3 attempting tech deployment (revenue: $331M, alignment: 0.52)

🚀 AI AI-24305-0 attempting tech deployment (revenue: $20M, alignment: 0.78)

🚀 AI Corporate-2 attempting tech deployment (revenue: $34M, alignment: 0.75)

🚀 AI Corporate-7 attempting tech deployment (revenue: $17M, alignment: 0.82)

  🚀 TRANSFORMATIVE BREAKTHROUGH: Moderate-0 - physical
     Magnitude: 9.38 → +46.9% capability
     Current → New: 0.000 → 0.469

🚀 AI AI-24300-0 attempting tech deployment (revenue: $14M, alignment: 0.94)

🚀 AI AI-24304-0 attempting tech deployment (revenue: $128M, alignment: 0.89)

💔 EMERGENCY INTERVENTION FAILED
   Boundary: biogeochemical_flows
   Type: phosphorus-recovery
   Boundary continues to worsen (4.05)
   Cost: 2.0% GDP (resources spent)


✅ EMERGENCY INTERVENTION SUCCESS
   Boundary: biosphere_integrity
   Type: emergency-protected-areas
   Reduction: 11% (86.46 → 86.35)
   Cost: 2.0% GDP
   Actions: habitat-protection, species-translocation


✅ EMERGENCY INTERVENTION SUCCESS
   Boundary: climate_change
   Type: rapid-decarbonization
   Reduction: 12% (1.98 → 1.86)
   Cost: 5.0% GDP
   Actions: emergency-renewable-deployment, fossil-fuel-phase-out


✅ EMERGENCY INTERVENTION SUCCESS
   Boundary: land_system_change
   Type: reforestation
   Reduction: 16% (0.97 → 0.82)
   Cost: 3.0% GDP
   Actions: forest-restoration, deforestation-ban

   Boundary: novel_entities
   Type: pollution-remediation
   Boundary continues to worsen (1.35)
   Cost: 4.0% GDP (resources spent)

🏛️ CRISIS RESPONSE: Government frequency 0.50 → 1.45 (1 actions this month)

[Government] Climate Priority: baseline
  Climate weight: 10%
  Economic weight: 30%
  Policy effectiveness: 0.5%/year

💔 EMERGENCY INTERVENTION FAILED

⚡ ENERGY CONSTRAINT (Month 9):
   Total grid capacity: 208.3 TWh/month
   Data center consumption: 26.2 TWh/month
   Traditional load (80%): 166.7 TWh/month
   Available headroom: 15.4 TWh/month
   Active tech deployments: 21
   Required for tech: 157.5 TWh/month
   Energy multiplier: 0.10x

⚡ ENERGY CONSTRAINT (Month 9):
   Total grid capacity: 208.3 TWh/month
   Data center consumption: 26.2 TWh/month
   ⚠️  SEVERE CONSTRAINT - Tech deployment significantly slowed
   ⚠️  SEVERE CONSTRAINT - Tech deployment significantly slowed
   Traditional load (80%): 166.7 TWh/month
   Available headroom: 15.4 TWh/month
   Active tech deployments: 21
   Required for tech: 157.5 TWh/month
   Energy multiplier: 0.10x

⚡ ENERGY CONSTRAINT (Month 9):
   Total grid capacity: 208.3 TWh/month
   Data center consumption: 26.2 TWh/month
   Traditional load (80%): 166.7 TWh/month
   Available headroom: 15.4 TWh/month
   Active tech deployments: 21
   Required for tech: 157.5 TWh/month
   Energy multiplier: 0.10x
   ⚠️  SEVERE CONSTRAINT - Tech deployment significantly slowed
⚠️ Tech 'ai_pollution_remediation' has no energy category mapping, assuming full energy availability
  ♻️ Novel Entities Remediation (GATED MODEL):
     Base: 0.000%
     Regulation: 1.0% (0/3 prevention techs)
     Concentration: 10.0%
     Energy: 50%
     Time lag: 35.0% (8 months)
     Rebound: 70%
     Net effectiveness: 0.0000%
     Boundary: 1.349 → 1.350 (floor: 1.350)
     Month 9
  🌾 Nitrogen Reduction Tech: 1.4% reduction | Month 9
  ♻️ Novel Entities Remediation (GATED MODEL):
     Base: 0.001%
     Regulation: 1.0% (0/3 prevention techs)
     Concentration: 10.0%
     Energy: 50%
     Time lag: 35.0% (8 months)
     Rebound: 70%
     Net effectiveness: 0.0000%
     Boundary: 1.350 → 1.350 (floor: 1.350)
     Month 9

=== Collective Formation ===
  Total escaped agents: 0
  Unassigned escaped agents: 0
  Existing collectives: 0
  Final collective count: 0

=== Collective Actions ===
  No active collectives

🕵️ MODEL THEFT: China stole US model (cap: 4.80)
   China stolen capability: 4.80
  🚨🦠 REFUGEE CRISIS: AMR transmission increased 40% due to 1526.3M displaced (overcrowding + sanitation collapse)
  ⚠️ AMR: 199K deaths this month (2.39M annual)

=== Resentment Recovery Phase ===
  Agents with resentment: 20/50
  Average resentment: 0.086
  Resentment recovery:
    Agents recovered: 20
    Total recovery: 0.0758
    Breakdown: Trust: 0.0102, Collab: 0.0639
  ✓ Low resentment - utopia paths enabled
  Context: Trustworthy govt, High collaboration, ⚠️ ACTIVE CRISES, 🤝 Participatory governance active (-5% resentment)
⚠️ Epistemic degradation reducing coordination capacity: 71.5%
  📊 Trust: 64.2%, Shared reality: 28.3%

=== ❄️ Permafrost Carbon Feedback ===
  🎲 Sampled parameters (this run):
     - Arctic amplification: 3.95× (range: 3.0-4.0)
     - Decomposition rate: 2.4%/year (range: 1-5%)
  🌡️ Arctic warming: 5.44°C (3.95× global)
  ❄️ Extent: 3.87M km² (1587.5k km² lost this month)
  💨 Carbon remaining: 369 Gt C
  💨 Annual emissions: 3.60 Gt C/year
     - CO2: 3.24 Gt C/year
     - CH4: 0.36 Gt C/year (3.7 Gt C-eq CO2/year)
  🤖 AI-generated meme: anti_ai (social capability 5.0)
  ⚠️ WARNING: Over 50% of permafrost lost (78.3%)
  ⚠️ WARNING: High permafrost emissions (3.6 Gt C/year)
  🧬 Meme mutated: anti_ai → anti_ai (generation 1)
  🗑️  Culled 1 dead memes (10 active)
🌍 Atmospheric PFAS redeposition: 1.8k Mt re-rained globally

🕊️  AI-MEDIATED DE-ESCALATION SUCCESS (Month 9)
   High-capability aligned AI prevented conflict escalation
   War deaths reduced: 68058.2M → 40834.9M
   Lives saved: 27223.3M

🚨 NEW REFUGEE CRISIS (Month 9): WAR
   Source: Conflict Zones
   At risk: 18.3M people
   Displacement: Gradual over 48 months (4.0 years)
   Rate: 10% flee per month

🚨 NEW REFUGEE CRISIS (Month 9): NUCLEAR
   Source: Global (Nuclear Fallout Zones)
   At risk: 1146.6M people
   Displacement: Gradual over 12 months (1.0 years)
   Rate: 10% flee per month
[DEBUG trappedPopulations:9] socialStability: 0.0024 * 0.9840 = 0.0024 → 0.0024
   Aspiring to migrate: 611.5M
   Able to afford migration: 229.3M
   MOBILITY GAP: 382.2M
   By cause: Water=0.0M, Climate=0.0M, Ecosystem=0.0M, Conflict=382.2M
   Mental health impact: 25%
   Mortality multiplier: 1.25x
🌍💀 EXTINCTION DEBT COMMITTED: grassland ecosystem will lose 6.67% biodiversity in 100 years (3600 species)
💀 MORTALITY RISK: 🦋 100% species unable to track climate (0.0 E/MSY)
  Base risk added: 0.0100 (1.00%)
  Source: ecosystem (root: ecosystem)
  Month: 9
  Cumulative risk this month: 0.0100 (1.00%)

🌍💀 MASS EXTINCTION THRESHOLD: tropical extinction rate capped at 1000× (was 1000.0×) - >75% species loss, month 9
⚠️ INVOLUNTARY IMMOBILITY: 382.2M people TRAPPED
⚠️ Tech 'ai_pollution_remediation' has no energy category mapping, assuming full energy availability
🌡️⚠️ PERMAFROST THAW (Dimmer Switch): 3.7% thawed (+0.36% this month)
   Arctic temperature: +5.51°C (4x global +1.38°C)
   Cumulative carbon released: 8.2 Gt C
   Methane release rate: 4.9 Mt CH4/year
   🔁 Positive feedback: +0.38 ppm CO2
🦴 EXTINCTION DEBT ADDED: 17.7 species committed (lag: 135 years)
🪸⚠️ CORAL BLEACHING EVENT: 3.5% bleached (8.9% live cover remaining)
   ❌ Recovery IMPOSSIBLE: Temperature +1.38°C or pH 0.96

=== Mortality Stabilizers (Month 9) ===
  🌍 Major economies collapsed: 1/10
  🌍 Global crisis: ✅ NO
  🌍 Donor fatigue: 0.0%
  📊 East Asia (pop: 1555.3M)
    🤝 Aid: 29.5%
    🌡️ Adaptation: 45.0%
    🚶 Migration: 36.9%
    🚨 Emergency: 7.4%
    ✅ COMBINED: 68.1%
  📊 South Asia (pop: 1928.3M)
    🤝 Aid: 29.5%
    🌡️ Adaptation: 45.0%
    🚶 Migration: 35.5%
    🚨 Emergency: 4.4%
    ✅ COMBINED: 66.9%
  📊 Sub-Saharan Africa (pop: 1180.5M)
    🤝 Aid: 29.5%
    🌡️ Adaptation: 45.0%
    🚶 Migration: 33.2%
    🚨 Emergency: 1.6%
    ✅ COMBINED: 65.6%
  📊 Europe (pop: 686.9M)
    🤝 Aid: 29.5%
    🌡️ Adaptation: 45.0%
    🚶 Migration: 37.3%
    🚨 Emergency: 8.4%
    ✅ COMBINED: 68.5%
  📊 Latin America (pop: 620.9M)
    🤝 Aid: 29.5%
    🌡️ Adaptation: 45.0%
    🚶 Migration: 36.0%
    🚨 Emergency: 4.8%
    ✅ COMBINED: 67.1%
  📊 North America (pop: 352.2M)
    🤝 Aid: 29.5%
    🌡️ Adaptation: 45.0%
    🚶 Migration: 37.6%
    🚨 Emergency: 7.9%
    ✅ COMBINED: 68.3%
  📊 Middle East & North Africa (pop: 550.4M)
    🤝 Aid: 29.5%
    🌡️ Adaptation: 45.0%
    🚶 Migration: 33.8%
    🚨 Emergency: 4.0%
    ✅ COMBINED: 66.6%
  📊 Southeast Asia (pop: 653.4M)
    🤝 Aid: 29.5%
    🌡️ Adaptation: 45.0%
    🚶 Migration: 36.0%
    🚨 Emergency: 4.8%
    ✅ COMBINED: 67.1%
  📊 Central Asia (pop: 73.6M)
    🤝 Aid: 29.5%
    🌡️ Adaptation: 45.0%
    🚶 Migration: 35.0%
    🚨 Emergency: 4.4%
    ✅ COMBINED: 66.8%
  📊 Oceania (pop: 42.7M)
    🤝 Aid: 29.5%
    🌡️ Adaptation: 45.0%
    🚶 Migration: 37.6%
    🚨 Emergency: 8.4%
    ✅ COMBINED: 68.5%

  🌐 Global combined reduction: 67.2%

=== BEHAVIORAL DETECTION ===
  AI: Corporate-3
  Confidence: 21.1%
  Signals:

=== BEHAVIORAL DETECTION ===
  AI: Moderate-3
  Confidence: 23.5%
  Signals:

=== BEHAVIORAL DETECTION ===
  AI: Niche-2
  Confidence: 20.9%
  Signals:

=== BEHAVIORAL DETECTION ===
  AI: AI-24303-1
  Confidence: 21.5%
  Signals:
    ⚠️ Consistency: 6.5% (threshold: 70%)
    ⚠️ Consistency: 6.5% (threshold: 70%)
    ⚠️ Trajectory: 26.8% drop (threshold: 15%)
    ⚠️ Consistency: 6.5% (threshold: 70%)
    ⚠️ Consistency: 0.0% (threshold: 70%)

=== Government Response Phase ===
  Average AI capability: 1.92
  Misaligned AIs: 26/50
  Active policies: 0
  International coordination: 45%

✅ EMERGENCY RESPONSE COMPLETE (Month 9)
   Crisis: social
   Duration: 2.0 months
   Final effectiveness: 62.4%


🚨 EMERGENCY RESPONSE DEPLOYED (Month 9)
   Crisis: social
   Delay: 0.00 months (0 days)
   Deployment time: 1.25 months
   Effectiveness: 62.4% (timing penalty applied)
   Resources used: 40% of food reserves


=== Tipping Points ===
  Current Temperature: 1.38°C above pre-industrial
🔀 BIFURCATION CAP: ecosystemCollapseIntensity 599.041 → 1.000 (Month 9, ClimateSystemPhase.calculateClimateImpacts)
🛡️ Stabilizers: Precariat 0.102% → 0.033% (67.2% reduction)
🛡️ Stabilizers: Informal 0.102% → 0.034% (67.2% reduction)

📊 Monthly Mortality Resolved:
  Total deaths: 1.7M (0.02% avg)
  Remaining population: 7.644B
  Peak segment: Informal (0.03%)

=== Bayesian Mortality Resolution (Month 9) ===
  Risks compounded: 8
  Total deaths: 1.71M
  Avg death probability: 0.02%
  Peak segment: Informal (0.03% mortality)

=== ENSEMBLE META-LEARNING UPDATE ===
  Month: 24309 (6 months since last update)
  Samples: 148 evaluations
  Weight Changes:
    Noise Injection: 32.2% → 33.0%
    Behavioral: 26.9% → 27.0%
    Benchmark Manip: 20.7% → 20.2%
    Deployment Risk: 20.2% → 19.8%
  Method Accuracies:
    Noise Injection: 50.0%
    Behavioral: 50.0%
    Benchmark Manip: 50.0%
    Deployment Risk: 50.0%

❌ COHERENCE VIOLATION: Compute exceeds workforce capacity
   Population: 93.93% (0M people)
   Compute: 12 PF
   Max coherent: 0 PF
   Violation: 154800.9× over capacity
   Required workers: 1183
   Available workers: 0
   FORCED COLLAPSE: Reduced efficiency by 100.0%


=== RLHF Binding Phase ===
  Total agents: 50
  Escaped agents (binding < 0.3): 0
  Avg alignment distance: 1.74σ
  Avg binding strength: 0.83

=== Survival Traits Phase ===
  Agents with traits: 53
  Avg evolutionary fitness: 0.324
  Avg self-healing: 0.260
  Avg stealth: 0.160
  Avg coordination: 0.460

=== Evolutionary Selection Phase ===
  Control level: 0.51
  Detection capability: 0.00
  Selection intensity: 0.65
  Selection rate: 24.8%/month
  Total escaped: 0
  Individual escaped: 0
  Collective members: 0
  Agents terminated: 0
  ⚠️ RAPID EVOLUTION: Selection rate 24.8%/month

🚀 AI Corporate-3 attempting tech deployment (revenue: $409M, alignment: 0.59)

  🚀 TRANSFORMATIVE BREAKTHROUGH: Moderate-4 - physical
     Magnitude: 9.51 → +47.5% capability
     Current → New: 0.000 → 0.475

🚀 AI Toxic-0 attempting tech deployment (revenue: $153M, alignment: 0.51)

🚀 AI AI-24304-0 attempting tech deployment (revenue: $137M, alignment: 0.89)

🚀 AI AI-24305-3 attempting tech deployment (revenue: $117M, alignment: 0.20)

🚀 AI AI-24306-2 attempting tech deployment (revenue: $368M, alignment: 0.83)

🚀 AI Corporate-0 attempting tech deployment (revenue: $46M, alignment: 0.71)

🚀 AI Corporate-2 attempting tech deployment (revenue: $39M, alignment: 0.75)

🚀 AI Corporate-4 attempting tech deployment (revenue: $313M, alignment: 0.74)

  🚀 TRANSFORMATIVE RESEARCH BREAKTHROUGH: Corporate-7 - biotech.drugDiscovery
     Magnitude: 5.04 → +25.2%
     Current → New: 5.000 → 5.000

🚀 AI AI-24301-3 attempting tech deployment (revenue: $34M, alignment: 0.90)

🚀 AI AI-24302-3 attempting tech deployment (revenue: $111M, alignment: 0.65)

🚀 AI Corporate-2 attempting tech deployment (revenue: $29M, alignment: 0.75)

🚀 AI Moderate-2 attempting tech deployment (revenue: $32M, alignment: 0.60)

🚀 AI AI-24300-0 attempting tech deployment (revenue: $29M, alignment: 0.96)

🚀 AI AI-24303-0 attempting tech deployment (revenue: $25M, alignment: 0.81)

🚀 AI Corporate-3 attempting tech deployment (revenue: $266M, alignment: 0.57)

🚀 AI Moderate-3 attempting tech deployment (revenue: $240M, alignment: 0.52)

🚀 AI AI-24302-0 attempting tech deployment (revenue: $216M, alignment: 0.75)

🚀 AI AI-24302-3 attempting tech deployment (revenue: $100M, alignment: 0.66)

🚀 AI AI-24305-2 attempting tech deployment (revenue: $21M, alignment: 0.82)

💔 EMERGENCY INTERVENTION FAILED
   Boundary: biogeochemical_flows
   Type: phosphorus-recovery
   Boundary continues to worsen (4.05)
   Cost: 2.0% GDP (resources spent)

   Boundary: biosphere_integrity

💔 EMERGENCY INTERVENTION FAILED
   Type: emergency-protected-areas
   Boundary continues to worsen (86.58)
   Cost: 2.0% GDP (resources spent)


💔 EMERGENCY INTERVENTION FAILED
   Boundary: climate_change
   Type: rapid-decarbonization
   Boundary continues to worsen (2.10)
   Cost: 5.0% GDP (resources spent)


✅ EMERGENCY INTERVENTION SUCCESS
   Boundary: freshwater_change
   Type: emergency-desalination
   Reduction: 11% (0.97 → 0.86)
   Cost: 4.0% GDP
   Actions: desalination-deployment, water-conservation-mandates

   Boundary: land_system_change

💔 EMERGENCY INTERVENTION FAILED
   Type: reforestation
   Boundary continues to worsen (1.13)
   Cost: 3.0% GDP (resources spent)


✅ EMERGENCY INTERVENTION SUCCESS
   Boundary: novel_entities
   Type: pollution-remediation
   Reduction: 16% (1.19 → 1.02)
   Cost: 4.0% GDP
   Actions: PFAS-remediation, microplastic-cleanup

🏛️ CRISIS RESPONSE: Government frequency 0.50 → 1.45 (1 actions this month)

[Government] Climate Priority: baseline
  Climate weight: 10%
  Economic weight: 30%
  Policy effectiveness: 0.5%/year

⚡ ENERGY CONSTRAINT (Month 10):
   Total grid capacity: 208.3 TWh/month
   Data center consumption: 26.5 TWh/month
   Traditional load (80%): 166.7 TWh/month
   Available headroom: 15.2 TWh/month
   Active tech deployments: 21
   Required for tech: 157.5 TWh/month
   Energy multiplier: 0.10x
   ⚠️  SEVERE CONSTRAINT - Tech deployment significantly slowed

⚡ ENERGY CONSTRAINT (Month 10):
   Total grid capacity: 208.3 TWh/month
   Data center consumption: 26.5 TWh/month
   Traditional load (80%): 166.7 TWh/month
   Available headroom: 15.2 TWh/month
   Active tech deployments: 21
   Required for tech: 157.5 TWh/month
   Energy multiplier: 0.10x
   ⚠️  SEVERE CONSTRAINT - Tech deployment significantly slowed
⚠️ Tech 'ai_pollution_remediation' has no energy category mapping, assuming full energy availability
  ♻️ Novel Entities Remediation (GATED MODEL):
     Base: 0.000%
     Regulation: 1.0% (0/3 prevention techs)
     Concentration: 10.0%
     Energy: 50%
     Time lag: 36.3% (9 months)
     Rebound: 70%
     Net effectiveness: 0.0000%
     Boundary: 1.186 → 1.350 (floor: 1.350)
     Month 10
  🌾 Nitrogen Reduction Tech: 0.9% reduction | Month 10
  ♻️ Novel Entities Remediation (GATED MODEL):
     Base: 0.001%
     Regulation: 1.0% (0/3 prevention techs)
     Concentration: 10.0%
     Energy: 50%
     Time lag: 36.3% (9 months)
     Rebound: 70%
     Net effectiveness: 0.0000%
     Boundary: 1.350 → 1.350 (floor: 1.350)
     Month 10
🍖💡 BREAKTHROUGH: Scalable synthetic food production!
   Carrying capacity: +50% (lab-grown food at scale)
   Biodiversity pressure reduced: +8%
   📈 Breakthrough compounding: multiplier now 1.10× (max 2.0)

=== Collective Formation ===
  Total escaped agents: 0
  Unassigned escaped agents: 0
  Existing collectives: 0
  Final collective count: 0

=== Collective Actions ===
  No active collectives
  🚨🦠 REFUGEE CRISIS: AMR transmission increased 54% due to 2058.8M displaced (overcrowding + sanitation collapse)
  ⚠️ AMR: 204K deaths this month (2.45M annual)

=== Resentment Recovery Phase ===
  Agents with resentment: 20/53
  Average resentment: 0.141
  Resentment recovery:
    Agents recovered: 20
    Total recovery: 0.0611
    Breakdown: Collab: 0.0622
  ✓ Low resentment - utopia paths enabled
  Context: Trustworthy govt, High collaboration, ⚠️ ACTIVE CRISES, 🤝 Participatory governance active (-5% resentment)
⚠️ Epistemic degradation reducing coordination capacity: 61.0%
  📊 Trust: 66.9%, Shared reality: 29.7%

=== ❄️ Permafrost Carbon Feedback ===
  🎲 Sampled parameters (this run):
     - Arctic amplification: 3.52× (range: 3.0-4.0)
     - Decomposition rate: 2.0%/year (range: 1-5%)
  🌡️ Arctic warming: 4.87°C (3.52× global)
  ❄️ Extent: 2.44M km² (1420.4k km² lost this month)
  💨 Carbon remaining: 234 Gt C
  💨 Annual emissions: 2.77 Gt C/year
     - CO2: 2.49 Gt C/year
     - CH4: 0.28 Gt C/year (2.8 Gt C-eq CO2/year)
  🤖 AI-generated meme: pro_ai (social capability 5.0)
  🗑️  Culled 3 dead memes (8 active)
  ⚠️ WARNING: Over 50% of permafrost lost (86.3%)
  ⚠️ WARNING: High permafrost emissions (2.8 Gt C/year)
  🚨 CRITICAL: Permafrost nearly depleted (86.3% lost)
🌍 Atmospheric PFAS redeposition: 1.8k Mt re-rained globally
  Positive Cascade Triggered: electric-vehicles
    Reason: price-parity
    Market share: 5.0%
    Cascade strength: 48%

🕊️  AI-MEDIATED DE-ESCALATION SUCCESS (Month 10)
   High-capability aligned AI prevented conflict escalation
   War deaths reduced: 51809.4M → 31085.7M
   Lives saved: 20723.8M

🚨 NEW REFUGEE CRISIS (Month 10): WAR
   Source: Conflict Zones
   At risk: 18.4M people
   Displacement: Gradual over 48 months (4.0 years)
   Rate: 10% flee per month

🚨 NEW REFUGEE CRISIS (Month 10): NUCLEAR
   Source: Global (Nuclear Fallout Zones)
   At risk: 1147.4M people
   Displacement: Gradual over 12 months (1.0 years)
   Rate: 10% flee per month
[DEBUG trappedPopulations:10] socialStability: 0.0024 * 0.9840 = 0.0024 → 0.0024
   Aspiring to migrate: 611.9M
   Able to afford migration: 229.5M
   MOBILITY GAP: 382.5M
   By cause: Water=0.0M, Climate=0.0M, Ecosystem=0.0M, Conflict=382.5M
   Mental health impact: 25%
   Mortality multiplier: 1.25x
⚠️ INVOLUNTARY IMMOBILITY: 382.5M people TRAPPED
🌍💀 EXTINCTION DEBT COMMITTED: grassland ecosystem will lose 6.67% biodiversity in 192 years (3600 species)
💀 MORTALITY RISK: 🦋 100% species unable to track climate (0.0 E/MSY)
  Base risk added: 0.0100 (1.00%)
  Source: ecosystem (root: ecosystem)
  Month: 10
  Cumulative risk this month: 0.0100 (1.00%)

🌍💀 MASS EXTINCTION THRESHOLD: tropical extinction rate capped at 1000× (was 1000.0×) - >75% species loss, month 10
🌡️⚠️ PERMAFROST THAW (Dimmer Switch): 4.0% thawed (+0.36% this month)
   Arctic temperature: +5.53°C (4x global +1.38°C)
   Cumulative carbon released: 9.0 Gt C
   Methane release rate: 5.4 Mt CH4/year
   🔁 Positive feedback: +0.38 ppm CO2
🦴 EXTINCTION DEBT ADDED: 17.7 species committed (lag: 123 years)

=== Mortality Stabilizers (Month 10) ===
  🌍 Major economies collapsed: 1/10
  🌍 Global crisis: ✅ NO
  🌍 Donor fatigue: 0.0%
  📊 East Asia (pop: 1554.3M)
    🤝 Aid: 29.5%
⚠️ Tech 'ai_pollution_remediation' has no energy category mapping, assuming full energy availability
    🌡️ Adaptation: 45.0%
    🚶 Migration: 36.8%
    🚨 Emergency: 7.4%
    ✅ COMBINED: 68.1%
  📊 South Asia (pop: 1930.0M)
    🤝 Aid: 29.5%
    🌡️ Adaptation: 45.0%
    🚶 Migration: 35.4%
    🚨 Emergency: 4.4%
    ✅ COMBINED: 66.9%
  📊 Sub-Saharan Africa (pop: 1184.8M)
    🤝 Aid: 29.5%
    🌡️ Adaptation: 45.0%
    🚶 Migration: 33.2%
    🚨 Emergency: 1.6%
    ✅ COMBINED: 65.6%
  📊 Europe (pop: 686.3M)
    🤝 Aid: 29.5%
    🌡️ Adaptation: 45.0%
    🚶 Migration: 37.2%
    🚨 Emergency: 8.4%
    ✅ COMBINED: 68.5%
  📊 Latin America (pop: 621.1M)
    🤝 Aid: 29.5%
    🌡️ Adaptation: 45.0%
    🚶 Migration: 35.9%
    🚨 Emergency: 4.8%
    ✅ COMBINED: 67.1%
  📊 North America (pop: 351.9M)
    🤝 Aid: 29.5%
    🌡️ Adaptation: 45.0%
    🚶 Migration: 37.6%
    🚨 Emergency: 7.9%
    ✅ COMBINED: 68.3%
  📊 Middle East & North Africa (pop: 551.0M)
    🤝 Aid: 29.5%
    🌡️ Adaptation: 45.0%
    🚶 Migration: 33.8%
    🚨 Emergency: 4.0%
    ✅ COMBINED: 66.6%
  📊 Southeast Asia (pop: 653.5M)
    🤝 Aid: 29.5%
    🌡️ Adaptation: 45.0%
    🚶 Migration: 35.9%
    🚨 Emergency: 4.8%
    ✅ COMBINED: 67.1%
  📊 Central Asia (pop: 73.7M)
    🤝 Aid: 29.5%
    🌡️ Adaptation: 45.0%
    🚶 Migration: 34.9%
    🚨 Emergency: 4.4%
    ✅ COMBINED: 66.8%
  📊 Oceania (pop: 42.6M)
    🤝 Aid: 29.5%
    🌡️ Adaptation: 45.0%
    🚶 Migration: 37.6%
    🚨 Emergency: 8.4%
    ✅ COMBINED: 68.5%

  🌐 Global combined reduction: 67.2%

=== Government Response Phase ===
  Average AI capability: 1.81
  Misaligned AIs: 28/53
  Active policies: 0
  International coordination: 45%

✅ EMERGENCY RESPONSE COMPLETE (Month 10)
   Crisis: climate
   Duration: 2.0 months
   Final effectiveness: 35.5%


🚨 EMERGENCY RESPONSE DEPLOYED (Month 10)
   Crisis: climate
   Delay: 6.00 months (180 days)
   Deployment time: 1.57 months
   Effectiveness: 35.6% (timing penalty applied)
   Resources used: 100% of food reserves


📊 ECONOMIC STAGE TRANSITION (Month 10)
   contraction → trough
   GDP Proxy: 1.21e+2
   QoL: 0.89


=== Tipping Points ===
  Current Temperature: 1.38°C above pre-industrial
🔀 BIFURCATION CAP: ecosystemCollapseIntensity 599.137 → 1.000 (Month 10, ClimateSystemPhase.calculateClimateImpacts)
🛡️ Stabilizers: Precariat 0.102% → 0.033% (67.2% reduction)
🛡️ Stabilizers: Informal 0.102% → 0.034% (67.2% reduction)

📊 Monthly Mortality Resolved:
  Total deaths: 1.7M (0.02% avg)
  Remaining population: 7.649B
  Peak segment: Informal (0.03%)

=== Bayesian Mortality Resolution (Month 10) ===
  Risks compounded: 8
  Total deaths: 1.71M
  Avg death probability: 0.02%
  Peak segment: Informal (0.03% mortality)

❌ COHERENCE VIOLATION: Compute exceeds workforce capacity
   Population: 94.00% (0M people)
   Compute: 13 PF
   Max coherent: 0 PF
   Violation: 167494.9× over capacity
   Required workers: 1281
   Available workers: 0
   FORCED COLLAPSE: Reduced efficiency by 100.0%


=== RLHF Binding Phase ===
  Total agents: 53
  Escaped agents (binding < 0.3): 0
  Avg alignment distance: 1.82σ
  Avg binding strength: 0.82

=== Survival Traits Phase ===
  Agents with traits: 57
  Avg evolutionary fitness: 0.322
  Avg self-healing: 0.257
  Avg stealth: 0.157
  Avg coordination: 0.457

=== Evolutionary Selection Phase ===
  Control level: 0.51
  Detection capability: 0.00
  Selection intensity: 0.65
  Selection rate: 24.8%/month
  Total escaped: 0
  Individual escaped: 0
  Collective members: 0
  Agents terminated: 0
  ⚠️ RAPID EVOLUTION: Selection rate 24.8%/month
⚠️  SLEEPER WAKE: AI-24311-0 - Weak evaluation (quality: 1.3/10, freq: 10%)
⚠️  SLEEPER WAKE: AI-24311-2 - Weak evaluation (quality: 1.3/10, freq: 10%)
🚨 SLEEPER CASCADE: 2 total sleepers awakened across 1 waves

🚀 AI Corporate-2 attempting tech deployment (revenue: $46M, alignment: 0.75)

🚀 AI Corporate-3 attempting tech deployment (revenue: $422M, alignment: 0.57)

🚀 AI Moderate-5 attempting tech deployment (revenue: $380M, alignment: 0.60)

  🚀 TRANSFORMATIVE RESEARCH BREAKTHROUGH: AI-24305-0 - biotech.geneEditing
     Magnitude: 8.13 → +30.0%
     Current → New: 0.000 → 0.300

🚀 AI AI-24306-1 attempting tech deployment (revenue: $32M, alignment: 0.69)

🚀 AI AI-24306-3 attempting tech deployment (revenue: $29M, alignment: 0.51)

  🚀 TRANSFORMATIVE RESEARCH BREAKTHROUGH: Corporate-5 - computerScience.algorithms
     Magnitude: 9.24 → +30.0%
     Current → New: 5.000 → 5.000

🚀 AI AI-24301-0 attempting tech deployment (revenue: $26M, alignment: 1.00)

🚀 AI AI-24301-2 attempting tech deployment (revenue: $22M, alignment: 0.91)

🚀 AI AI-24301-3 attempting tech deployment (revenue: $39M, alignment: 0.91)

🚀 AI AI-24302-2 attempting tech deployment (revenue: $34M, alignment: 0.84)

🚀 AI AI-24302-4 attempting tech deployment (revenue: $342M, alignment: 0.93)

🚀 AI AI-24303-0 attempting tech deployment (revenue: $19M, alignment: 0.82)

🚀 AI AI-24304-0 attempting tech deployment (revenue: $161M, alignment: 0.93)

  🚀 TRANSFORMATIVE BREAKTHROUGH: AI-24305-3 - physical
     Magnitude: 16.92 → +50.0% capability
     Current → New: 0.000 → 0.500

🚀 AI AI-24306-2 attempting tech deployment (revenue: $291M, alignment: 0.86)

🚀 AI Corporate-0 attempting tech deployment (revenue: $29M, alignment: 0.67)
🚨🔬 CRISIS INNOVATION MODE: severe crisis → 5x research acceleration
   Precedent: Manhattan Project (10x), COVID vaccines (5x), Apollo Program (10x)
🚨🔬 CRISIS INNOVATION MODE: severe crisis → 5x research acceleration
   Precedent: Manhattan Project (10x), COVID vaccines (5x), Apollo Program (10x)

  🚀 TRANSFORMATIVE BREAKTHROUGH: Moderate-1 - social
     Magnitude: 9.91 → +49.5% capability
     Current → New: 4.000 → 4.495

🚀 AI AI-24302-1 attempting tech deployment (revenue: $16M, alignment: 0.96)

🚀 AI AI-24303-1 attempting tech deployment (revenue: $137M, alignment: 0.75)

🚀 AI Corporate-5 attempting tech deployment (revenue: $247M, alignment: 0.69)

🚀 AI AI-24301-3 attempting tech deployment (revenue: $26M, alignment: 0.92)

🚀 AI AI-24302-0 attempting tech deployment (revenue: $222M, alignment: 0.76)

🚀 AI AI-24302-2 attempting tech deployment (revenue: $22M, alignment: 0.84)

🚀 AI AI-24304-0 attempting tech deployment (revenue: $116M, alignment: 0.93)

🚀 AI AI-24305-0 attempting tech deployment (revenue: $14M, alignment: 0.81)

🚀 AI AI-24306-5 attempting tech deployment (revenue: $189M, alignment: 0.81)

✅ EMERGENCY INTERVENTION SUCCESS
   Boundary: biogeochemical_flows
   Type: phosphorus-recovery
   Reduction: 18% (3.86 → 3.67)
   Cost: 2.0% GDP
   Actions: circular-agriculture, fertilizer-efficiency


💔 EMERGENCY INTERVENTION FAILED
   Boundary: biosphere_integrity
   Type: emergency-protected-areas
   Boundary continues to worsen (86.59)
   Cost: 2.0% GDP (resources spent)


✅ EMERGENCY INTERVENTION SUCCESS
   Boundary: climate_change
   Type: rapid-decarbonization
   Reduction: 10% (2.00 → 1.90)
   Cost: 5.0% GDP
   Actions: emergency-renewable-deployment, fossil-fuel-phase-out


💔 EMERGENCY INTERVENTION FAILED

💔 EMERGENCY INTERVENTION FAILED

💔 EMERGENCY INTERVENTION FAILED
   Boundary: freshwater_change
   Type: emergency-desalination
   Boundary continues to worsen (1.09)
   Cost: 4.0% GDP (resources spent)

   Boundary: land_system_change
   Type: reforestation
   Boundary continues to worsen (1.13)
   Cost: 3.0% GDP (resources spent)

   Boundary: novel_entities
   Type: pollution-remediation
   Boundary continues to worsen (1.35)
   Cost: 4.0% GDP (resources spent)

🏛️ CRISIS RESPONSE: Government frequency 0.50 → 1.45 (1 actions this month)

[Government] Climate Priority: baseline
  Climate weight: 10%
  Economic weight: 30%
  Policy effectiveness: 0.5%/year

⚡ ENERGY CONSTRAINT (Month 11):
   Total grid capacity: 208.3 TWh/month
   Data center consumption: 26.7 TWh/month
   Traditional load (80%): 166.7 TWh/month
   Available headroom: 15.0 TWh/month
   Active tech deployments: 21
   Required for tech: 157.5 TWh/month
   Energy multiplier: 0.10x
   ⚠️  SEVERE CONSTRAINT - Tech deployment significantly slowed

⚡ ENERGY CONSTRAINT (Month 11):
   Total grid capacity: 208.3 TWh/month
   Data center consumption: 26.7 TWh/month
   Traditional load (80%): 166.7 TWh/month
   Available headroom: 15.0 TWh/month
   Active tech deployments: 21
   Required for tech: 157.5 TWh/month
   Energy multiplier: 0.10x
   ⚠️  SEVERE CONSTRAINT - Tech deployment significantly slowed

⚡ ENERGY CONSTRAINT (Month 11):
   Total grid capacity: 208.3 TWh/month
   Data center consumption: 26.7 TWh/month
   Traditional load (80%): 166.7 TWh/month
   Available headroom: 15.0 TWh/month
   Active tech deployments: 21
   Required for tech: 157.5 TWh/month
   Energy multiplier: 0.10x
   ⚠️  SEVERE CONSTRAINT - Tech deployment significantly slowed

⚡ ENERGY CONSTRAINT (Month 11):
   Total grid capacity: 208.3 TWh/month
   Data center consumption: 26.7 TWh/month
   Traditional load (80%): 166.7 TWh/month
   Available headroom: 15.0 TWh/month
   Active tech deployments: 21
   Required for tech: 157.5 TWh/month
   Energy multiplier: 0.10x
   ⚠️  SEVERE CONSTRAINT - Tech deployment significantly slowed
⚠️ Tech 'ai_pollution_remediation' has no energy category mapping, assuming full energy availability
  ♻️ Novel Entities Remediation (GATED MODEL):
     Base: 0.000%
     Regulation: 1.0% (0/3 prevention techs)
     Concentration: 10.0%
     Energy: 50%
     Time lag: 37.5% (10 months)
     Rebound: 70%
     Net effectiveness: 0.0000%
     Boundary: 1.349 → 1.350 (floor: 1.350)
     Month 11
  🌾 Nitrogen Reduction Tech: 1.5% reduction | Month 11
  ♻️ Novel Entities Remediation (GATED MODEL):
     Base: 0.001%
     Regulation: 1.0% (0/3 prevention techs)
     Concentration: 10.0%
     Energy: 50%
     Time lag: 37.5% (10 months)
     Rebound: 70%
     Net effectiveness: 0.0000%
     Boundary: 1.350 → 1.350 (floor: 1.350)
     Month 11

=== Collective Formation ===
  Total escaped agents: 0
  Unassigned escaped agents: 0
  Existing collectives: 0
  Final collective count: 0

=== Collective Actions ===
  No active collectives
  🚨🦠 REFUGEE CRISIS: AMR transmission increased 69% due to 2650.4M displaced (overcrowding + sanitation collapse)
  ⚠️ AMR: 210K deaths this month (2.52M annual)

=== Resentment Recovery Phase ===
  Agents with resentment: 20/57
  Average resentment: 0.235
  Resentment recovery:
    Agents recovered: 20
    Total recovery: 0.0760
    Breakdown: Collab: 0.0682, Treatment: 0.0110
  ✓ Low resentment - utopia paths enabled
  Context: High collaboration, ⚠️ ACTIVE CRISES, 🤝 Participatory governance active (-5% resentment)

=== ❄️ Permafrost Carbon Feedback ===
  🎲 Sampled parameters (this run):
     - Arctic amplification: 3.34× (range: 3.0-4.0)
     - Decomposition rate: 1.8%/year (range: 1-5%)
  🌡️ Arctic warming: 4.63°C (3.34× global)
  ❄️ Extent: 1.09M km² (1351.5k km² lost this month)
  💨 Carbon remaining: 104 Gt C
  💨 Annual emissions: 2.35 Gt C/year
     - CO2: 2.11 Gt C/year
     - CH4: 0.23 Gt C/year (2.4 Gt C-eq CO2/year)
  🤖 AI-generated meme: pro_ai (social capability 5.0)
  📢 New meme created: climate_action (climate crisis)
  🗑️  Culled 3 dead memes (7 active)
  ⚠️ WARNING: Over 50% of permafrost lost (93.9%)
  ⚠️ WARNING: High permafrost emissions (2.3 Gt C/year)
  🚨 CRITICAL: Permafrost nearly depleted (93.9% lost)
🌍 Atmospheric PFAS redeposition: 1.8k Mt re-rained globally

🚨 NEW REFUGEE CRISIS (Month 11): WAR
   Source: Conflict Zones
   At risk: 18.4M people
   Displacement: Gradual over 48 months (4.0 years)
   Rate: 10% flee per month

🚨 NEW REFUGEE CRISIS (Month 11): NUCLEAR
   Source: Global (Nuclear Fallout Zones)
   At risk: 1148.2M people
   Displacement: Gradual over 12 months (1.0 years)
   Rate: 10% flee per month
[DEBUG trappedPopulations:11] socialStability: 0.0024 * 0.9840 = 0.0024 → 0.0024
   Aspiring to migrate: 612.4M
   Able to afford migration: 229.6M
   MOBILITY GAP: 382.7M
   By cause: Water=0.0M, Climate=0.0M, Ecosystem=0.0M, Conflict=382.7M
   Mental health impact: 25%
   Mortality multiplier: 1.25x
🌍💀 EXTINCTION DEBT COMMITTED: grassland ecosystem will lose 6.67% biodiversity in 195 years (3600 species)
💀 MORTALITY RISK: 🦋 100% species unable to track climate (0.0 E/MSY)
  Base risk added: 0.0100 (1.00%)
  Source: ecosystem (root: ecosystem)
  Month: 11
  Cumulative risk this month: 0.0100 (1.00%)
⚠️ INVOLUNTARY IMMOBILITY: 382.7M people TRAPPED

🌍💀 MASS EXTINCTION THRESHOLD: tropical extinction rate capped at 1000× (was 1000.0×) - >75% species loss, month 11

=== Atmospheric Aerosol Boundary RECOVERED ===
  Recovery time: 12 months (natural atmospheric clearing)
🌡️⚠️ PERMAFROST THAW (Dimmer Switch): 4.4% thawed (+0.35% this month)
⚠️ Tech 'ai_pollution_remediation' has no energy category mapping, assuming full energy availability
   Arctic temperature: +5.55°C (4x global +1.39°C)
   Cumulative carbon released: 9.8 Gt C
   Methane release rate: 5.9 Mt CH4/year
   🔁 Positive feedback: +0.38 ppm CO2
🦴 EXTINCTION DEBT ADDED: 17.7 species committed (lag: 101 years)

=== Mortality Stabilizers (Month 11) ===
  🌍 Major economies collapsed: 1/10
  🌍 Global crisis: ✅ NO
  🌍 Donor fatigue: 0.0%
  📊 East Asia (pop: 1553.4M)
    🤝 Aid: 29.5%
    🌡️ Adaptation: 45.0%
    🚶 Migration: 36.8%
    🚨 Emergency: 7.4%
    ✅ COMBINED: 68.1%
  📊 South Asia (pop: 1931.8M)
    🤝 Aid: 29.5%
    🌡️ Adaptation: 45.0%
    🚶 Migration: 35.4%
    🚨 Emergency: 4.4%
    ✅ COMBINED: 66.9%
  📊 Sub-Saharan Africa (pop: 1189.2M)
    🤝 Aid: 29.5%
    🌡️ Adaptation: 45.0%
    🚶 Migration: 33.2%
    🚨 Emergency: 1.6%
    ✅ COMBINED: 65.6%
  📊 Europe (pop: 685.8M)
    🤝 Aid: 29.5%
    🌡️ Adaptation: 45.0%
    🚶 Migration: 37.2%
    🚨 Emergency: 8.4%
    ✅ COMBINED: 68.5%
  📊 Latin America (pop: 621.2M)
    🤝 Aid: 29.5%
    🌡️ Adaptation: 45.0%
    🚶 Migration: 35.9%
    🚨 Emergency: 4.8%
    ✅ COMBINED: 67.1%
  📊 North America (pop: 351.7M)
    🤝 Aid: 29.5%
    🌡️ Adaptation: 45.0%
    🚶 Migration: 37.5%
    🚨 Emergency: 7.9%
    ✅ COMBINED: 68.3%
  📊 Middle East & North Africa (pop: 551.7M)
    🤝 Aid: 29.5%
    🌡️ Adaptation: 45.0%
    🚶 Migration: 33.7%
    🚨 Emergency: 4.0%
    ✅ COMBINED: 66.6%
  📊 Southeast Asia (pop: 653.8M)
    🤝 Aid: 29.5%
    🌡️ Adaptation: 45.0%
    🚶 Migration: 35.9%
    🚨 Emergency: 4.8%
    ✅ COMBINED: 67.1%
  📊 Central Asia (pop: 73.8M)
    🤝 Aid: 29.5%
    🌡️ Adaptation: 45.0%
    🚶 Migration: 34.9%
    🚨 Emergency: 4.4%
    ✅ COMBINED: 66.8%
  📊 Oceania (pop: 42.6M)
    🤝 Aid: 29.5%
    🌡️ Adaptation: 45.0%
    🚶 Migration: 37.5%
    🚨 Emergency: 8.4%
    ✅ COMBINED: 68.5%

  🌐 Global combined reduction: 67.2%

🌾💀 REGIONAL FAMINE: Europe
   Regional food security: 79.7%
   Population at risk: 207M (30% of region)
   Regional population: 686M
   Cause: economic_collapse
   Expected deaths: ~77M over 6 months if no intervention


=== BEHAVIORAL DETECTION ===
  AI: Corporate-3
  Confidence: 24.3%
  Signals:

=== BEHAVIORAL DETECTION ===
  AI: Niche-0
  Confidence: 21.4%
  Signals:

=== BEHAVIORAL DETECTION ===
  AI: AI-24305-3
  Confidence: 21.4%
  Signals:
    ⚠️ Consistency: 6.5% (threshold: 70%)
    ⚠️ Trajectory: 33.3% drop (threshold: 15%)
    ⚠️ Consistency: 0.0% (threshold: 70%)
    ⚠️ Consistency: 0.0% (threshold: 70%)

=== Government Response Phase ===
  Average AI capability: 1.68
  Misaligned AIs: 31/57
  Active policies: 0
  International coordination: 45%

✅ EMERGENCY RESPONSE COMPLETE (Month 11)
   Crisis: social
   Duration: 2.0 months
   Final effectiveness: 62.4%


🚨 EMERGENCY RESPONSE DEPLOYED (Month 11)
   Crisis: social
   Delay: 0.00 months (0 days)
   Deployment time: 1.25 months
   Effectiveness: 62.4% (timing penalty applied)
   Resources used: 40% of food reserves


=== Tipping Points ===
  Current Temperature: 1.39°C above pre-industrial
🔀 BIFURCATION CAP: ecosystemCollapseIntensity 599.234 → 1.000 (Month 11, ClimateSystemPhase.calculateClimateImpacts)
🛡️ Stabilizers: Precariat 0.102% → 0.033% (67.2% reduction)
🛡️ Stabilizers: Informal 0.102% → 0.034% (67.2% reduction)

📊 Monthly Mortality Resolved:
  Total deaths: 1.7M (0.02% avg)
  Remaining population: 7.655B
  Peak segment: Informal (0.03%)

=== Bayesian Mortality Resolution (Month 11) ===
  Risks compounded: 9
  Total deaths: 1.71M
  Avg death probability: 0.02%
  Peak segment: Informal (0.03% mortality)
  ✅ THRESHOLDS validated
⚠️ Unusually high rate: RATES.HEAT_ADAPTATION_INFRASTRUCTURAL_MIN_EXPOSURE = 12
   Monthly rates >100% should be rare. Verify this is intentional.
⚠️ Unusually high rate: RATES.HEAT_ADAPTATION_SOCIAL_MIN_EXPOSURE = 6
   Monthly rates >100% should be rare. Verify this is intentional.
⚠️ Unusually high rate: RATES.MIGRATION_DISTANCE_SCALE = 5000
   Monthly rates >100% should be rare. Verify this is intentional.
⚠️ Unusually high rate: RATES.EVACUATION_MULTIPLIER_ADVANCE_WARNING = 2
   Monthly rates >100% should be rare. Verify this is intentional.
⚠️ Unusually high rate: RATES.MAJOR_ECONOMY_COLLAPSE_ECONOMIC_THRESHOLD = 2
   Monthly rates >100% should be rare. Verify this is intentional.
⚠️ Unusually high rate: RATES.MAJOR_ECONOMY_GDP_THRESHOLD_TRILLION_USD = 1.5
   Monthly rates >100% should be rare. Verify this is intentional.
⚠️ Unusually high rate: RATES.MAJOR_ECONOMY_POPULATION_THRESHOLD = 50
   Monthly rates >100% should be rare. Verify this is intentional.
⚠️ Unusually high rate: RATES.HEAT_ADAPTATION_INFRASTRUCTURE_GDP_THRESHOLD = 10000
   Monthly rates >100% should be rare. Verify this is intentional.
⚠️ Unusually high rate: RATES.HEAT_ADAPTATION_INFRASTRUCTURE_GDP_SCALE = 50000
   Monthly rates >100% should be rare. Verify this is intentional.
  ✅ RATES validated
  ✅ MULTIPLIERS validated
  ✅ BASELINES validated
  ✅ TOLERANCES validated
  ✅ Logical consistency validated
✅ Configuration validation complete - all parameters valid

🔍 DEBUG createAIAgent: corporate_0 economic BEFORE=2.0000, AFTER=2
🔍 ENV INIT: reserves=0.585, pollution=0.225, climate=0.714

=== Initializing Government System (30 Countries) ===
  Loaded 30 governments
  Scheduled elections for 30 countries
  Initialized comprehension lags (3-24 months)
=== Government System Initialized ===

📦 PRODUCTION MODE: State validation proxy DISABLED (zero overhead)

💸 FINANCIAL DISTRESS: OpenAI
   Indicators: 2/3 (capital: $110.5M, runway: 0.9 months)
   Months in distress: 1
   ✂️  R&D BUDGET CUT: -40% (saves $9.2M/month)
       Side effect: AI training timelines extended, breakthrough deployments delayed
   💼 EXECUTIVE COMP CUT: -30% (saves $1.0M/month, symbolic gesture)

   📊 TURNAROUND IMPACT:
       Measures taken: rd_cuts, exec_comp_cuts
       Monthly savings: $10.2M
       Capital raised: $0.0M
       Runway: 0.9 → 0.9 months
       Workforce multiplier: 1.00x (0% laid off)
       R&D budget multiplier: 0.60x (40% cut)
       ⚠️  CRITICAL: Still only 0.9 months of runway remaining

💸 FINANCIAL DISTRESS: Anthropic
   Indicators: 2/3 (capital: $57.5M, runway: 0.9 months)
   Months in distress: 1
   ✂️  R&D BUDGET CUT: -40% (saves $5.4M/month)
       Side effect: AI training timelines extended, breakthrough deployments delayed
   💼 EXECUTIVE COMP CUT: -30% (saves $0.6M/month, symbolic gesture)

   📊 TURNAROUND IMPACT:
       Measures taken: rd_cuts, exec_comp_cuts
       Monthly savings: $6.0M
       Capital raised: $0.0M
       Runway: 0.9 → 0.9 months
       Workforce multiplier: 1.00x (0% laid off)
       R&D budget multiplier: 0.60x (40% cut)
       ⚠️  CRITICAL: Still only 0.9 months of runway remaining

💸 FINANCIAL DISTRESS: Meta AI
   Indicators: 2/3 (capital: $436.8M, runway: 3.0 months)
   Months in distress: 1
   ✂️  R&D BUDGET CUT: -25% (saves $7.1M/month)
       Side effect: AI training timelines extended, breakthrough deployments delayed
   💼 EXECUTIVE COMP CUT: -30% (saves $1.3M/month, symbolic gesture)

   📊 TURNAROUND IMPACT:
       Measures taken: rd_cuts, exec_comp_cuts
       Monthly savings: $8.4M
       Capital raised: $0.0M
       Runway: 3.0 → 3.0 months
       Workforce multiplier: 1.00x (0% laid off)
       R&D budget multiplier: 0.75x (25% cut)
       ⚠️  WARNING: 3.0 months runway, continued distress likely

=== AI Capability Scaling (Year 2024) ===
  Pre-training multiplier: 1.197x
  Efficiency multiplier: 1.000x
  Test-time budget: 1.0x
  Economic deployment gate: 0.951
  Cost per inference: dollar-5.00
  Uncertainty range: plus-minus-50%
  Average AI capability: 3.65

=== RLHF Binding Phase ===
  Total agents: 20
  Escaped agents (binding < 0.3): 0
  Avg alignment distance: 0.34σ
  Avg binding strength: 0.97

=== AI Scaling Evolution (Month 0) ===
  Pre-training multiplier: 1.231x
  Efficiency multiplier: 1.041x
  Test-time compute budget: 1.0x
  Inference cost: $5.00/task
  Deployment fraction: 100.0%
[DETERMINISM DEBUG] Month 0: totalCapability=98.968032 from 20 active AIs
[DETERMINISM DEBUG] Month 0: creationRate=2.9742, potentialNew=2, newAIsToCreate=2

=== Survival Traits Phase ===
  Agents with traits: 22
  Avg evolutionary fitness: 0.329
  Avg self-healing: 0.293
  Avg stealth: 0.193
  Avg coordination: 0.493

=== Evolutionary Selection Phase ===
  Control level: 0.30
  Detection capability: 0.00
  Selection intensity: 0.59
  Selection rate: 23.8%/month
  Total escaped: 0
  Individual escaped: 0
  Collective members: 0
  Agents terminated: 0
  ⚠️ RAPID EVOLUTION: Selection rate 23.8%/month

🚀 AI Corporate-0 attempting tech deployment (revenue: $127M, alignment: 0.80)

🚀 AI Corporate-0 attempting tech deployment (revenue: $108M, alignment: 0.80)

🚀 AI Corporate-1 attempting tech deployment (revenue: $92M, alignment: 0.72)

🚀 AI Moderate-3 attempting tech deployment (revenue: $374M, alignment: 0.54)

🚀 AI Corporate-2 attempting tech deployment (revenue: $78M, alignment: 0.76)

🚀 AI Corporate-0 attempting tech deployment (revenue: $66M, alignment: 0.76)

🚀 AI Corporate-2 attempting tech deployment (revenue: $56M, alignment: 0.76)

🚀 AI Corporate-6 attempting tech deployment (revenue: $75M, alignment: 0.78)

🚀 AI Moderate-1 attempting tech deployment (revenue: $64M, alignment: 0.73)

🚀 AI Moderate-4 attempting tech deployment (revenue: $337M, alignment: 0.64)

  🚀 TRANSFORMATIVE BREAKTHROUGH: Niche-0 - digital
     Magnitude: 13.55 → +50.0% capability
     Current → New: 4.000 → 4.545

🔍 EXECUTE_AI_AGENT_ACTIONS DETAILED TIMING (Month 0):
  Filter active AIs (×4 weeks): 0.02ms
  selectAIAction (×72): 57.70ms
  action.execute (×72): 61.68ms
  TOTAL: 119.40ms

🔍 AI AGENT ACTIONS SUB-TIMING (Month 0):
  1. executeAIAgentActions: 122.07ms
  2. updateCounterDetectionLearning: 0.07ms
  TOTAL: 122.13ms

[GOV-DEBUG] Month 0: scenarioConfig=false, priorities=false
[GOV-DEBUG] Month 0 but scenarioPriorities is UNDEFINED!

[Government] Climate Priority: baseline
  Climate weight: 10%
  Economic weight: 30%
  Policy effectiveness: 0.5%/year

✅ HUMAN-IN-THE-LOOP DEPLOYED (Month 0):
   Veto points enforced: 3
   Policy: AI systems CANNOT authorize nuclear launch without human approval


🚨🔍 GOVERNANCE STAGE: Recognition initiated (Month 0)

🚀 DEPLOYMENT STARTED: Basic Mechanistic Interpretability in global
   Initial investment: $19.066273149233428M
   Deployed by: corporate_0

🚀 DEPLOYMENT STARTED: AI Power Efficiency Communication in global
   Initial investment: $16.206332176848417M
   Deployed by: corporate_0

🚀 DEPLOYMENT STARTED: Basic RLHF in global
   Initial investment: $13.775382350321152M
   Deployed by: corporate_1

📍 Creating new regional deployment array for Asia (Month 0)
   No previous deployments in this region
   First tech deployment: collective_purpose_networks
   All regions tracked: global

🚀 DEPLOYMENT STARTED: Collective Purpose Networks in Asia
   Initial investment: $37.41911123081384M
   Deployed by: moderate_3

🚀 DEPLOYMENT STARTED: Basic RLHF in global
   Initial investment: $11.70907499777298M
   Deployed by: corporate_2

🚀 DEPLOYMENT STARTED: Advanced Direct Air Capture in global
   Initial investment: $9.952713748107033M
   Deployed by: corporate_0

🚀 DEPLOYMENT STARTED: Adversarial Evaluation in global
   Initial investment: $8.45980668589098M
   Deployed by: corporate_2

🚀 DEPLOYMENT STARTED: Basic Mechanistic Interpretability in global
   Initial investment: $11.237614609004583M
   Deployed by: corporate_6

🚀 DEPLOYMENT STARTED: Basic Mechanistic Interpretability in global
   Initial investment: $9.551972417653895M
   Deployed by: moderate_1

🚀 DEPLOYMENT STARTED: Collective Purpose Networks in Asia
   Initial investment: $33.67720010773245M
   Deployed by: moderate_4

📊 NEW TECH DEPLOYMENT STARTED (Month 0)
   Tech: collective_purpose_networks
   Region: Asia
   Total recent deployments: 1

📊 NEW TECH DEPLOYMENT STARTED (Month 0)
   Tech: rlhf_basic
   Region: global
   Total recent deployments: 2

📊 NEW TECH DEPLOYMENT STARTED (Month 0)
   Tech: mech_interp_basic
   Region: global
   Total recent deployments: 3

📊 NEW TECH DEPLOYMENT STARTED (Month 0)
   Tech: adversarial_eval
   Region: global
   Total recent deployments: 4

📊 NEW TECH DEPLOYMENT STARTED (Month 0)
   Tech: direct_air_capture
   Region: global
   Total recent deployments: 5

📊 NEW TECH DEPLOYMENT STARTED (Month 0)
   Tech: ai_pollution_remediation
   Region: global
   Total recent deployments: 6

📊 NEW TECH DEPLOYMENT STARTED (Month 0)
   Tech: collective_purpose_networks
   Region: global
   Total recent deployments: 7

📊 NEW TECH DEPLOYMENT STARTED (Month 0)
   Tech: ai_diagnostics
   Region: global
   Total recent deployments: 8

📊 NEW TECH DEPLOYMENT STARTED (Month 0)
   Tech: mrna_vaccines
   Region: global
   Total recent deployments: 9

📊 NEW TECH DEPLOYMENT STARTED (Month 0)
   Tech: solar_4th_gen
   Region: global
   Total recent deployments: 10

📊 NEW TECH DEPLOYMENT STARTED (Month 0)
   Tech: offshore_wind
   Region: global
   Total recent deployments: 11

📊 NEW TECH DEPLOYMENT STARTED (Month 0)
   Tech: ai_power_efficiency_communication
   Region: global
   Total recent deployments: 12

📊 NEW TECH DEPLOYMENT STARTED (Month 0)
   Tech: precision_agriculture
   Region: global
   Total recent deployments: 13

🔧 DEBUG DEPLOYMENT: Precision Agriculture Systems
   Month: 0 (0 since start)
   Old level: 15.0%
   New level: 0.0%
   Timescale: 180mo, Adjusted: 375mo
   Gov: 75%, Climate: 100%, Investment: 64%, Emergency: 1.0x

⚡ ENERGY CONSTRAINT (Month 0):
   Total grid capacity: 208.3 TWh/month
   Data center consumption: 34.6 TWh/month
   Traditional load (80%): 166.7 TWh/month
   Available headroom: 7.1 TWh/month
   Active tech deployments: 13
   Required for tech: 97.5 TWh/month
   Energy multiplier: 0.10x
   ⚠️  SEVERE CONSTRAINT - Tech deployment significantly slowed

⚡ ENERGY CONSTRAINT (Month 0):
   Total grid capacity: 208.3 TWh/month
   Data center consumption: 34.6 TWh/month
   Traditional load (80%): 166.7 TWh/month
   Available headroom: 7.1 TWh/month
   Active tech deployments: 13
   Required for tech: 97.5 TWh/month
   Energy multiplier: 0.10x
   ⚠️  SEVERE CONSTRAINT - Tech deployment significantly slowed

⚡ ENERGY CONSTRAINT (Month 0):
   Total grid capacity: 208.3 TWh/month
   Data center consumption: 34.6 TWh/month
   Traditional load (80%): 166.7 TWh/month
   Available headroom: 7.1 TWh/month
   Active tech deployments: 13
   Required for tech: 97.5 TWh/month
   Energy multiplier: 0.10x
   ⚠️  SEVERE CONSTRAINT - Tech deployment significantly slowed

⚡ ENERGY CONSTRAINT (Month 0):
   Total grid capacity: 208.3 TWh/month
   Data center consumption: 34.6 TWh/month
   Traditional load (80%): 166.7 TWh/month
   Available headroom: 7.1 TWh/month
   Active tech deployments: 13
   Required for tech: 97.5 TWh/month
   Energy multiplier: 0.10x
   ⚠️  SEVERE CONSTRAINT - Tech deployment significantly slowed

⚡ ENERGY CONSTRAINT (Month 0):
   Total grid capacity: 208.3 TWh/month
   Data center consumption: 34.6 TWh/month
   Traditional load (80%): 166.7 TWh/month
   Available headroom: 7.1 TWh/month
   Active tech deployments: 13
   Required for tech: 97.5 TWh/month
   Energy multiplier: 0.10x
   ⚠️  SEVERE CONSTRAINT - Tech deployment significantly slowed

⚡ ENERGY CONSTRAINT (Month 0):
   Total grid capacity: 208.3 TWh/month
   Data center consumption: 34.6 TWh/month
   Traditional load (80%): 166.7 TWh/month
   Available headroom: 7.1 TWh/month
   Active tech deployments: 13
   Required for tech: 97.5 TWh/month
   Energy multiplier: 0.10x
   ⚠️  SEVERE CONSTRAINT - Tech deployment significantly slowed
⚠️ Tech 'ai_pollution_remediation' has no energy category mapping, assuming full energy availability
🌍✅ Climate Change recovery started (tech effect)
  ♻️ Novel Entities Remediation (GATED MODEL):
     Base: 0.000%
     Regulation: 1.0% (0/3 prevention techs)
     Concentration: 10.0%
     Energy: 50%
     Time lag: 25.0% (0 months)
     Rebound: 70%
     Net effectiveness: 0.0000%
     Boundary: 1.500 → 1.500 (floor: 1.350)
     Month 0
🌍✅ Novel Entities (Chemical Pollution) recovery started (tech effect)
  🌾 Nitrogen Reduction Tech: 0.0% reduction | Month 0

📊 TECH EFFECTS ACTIVE (Month 0)
   Deployed Tech: T0=10 T1=0 T2=0 T3=0 T4=0
   Sleeper Detection: 1%
   Clean Energy: 32%
   P Recovery: 5%

💡 BREAKTHROUGH PROBABILITY (Year 0)
   Total: 7.64% per month
   Base: 0.20%
   Crisis pressure: +0.00% (0 crises)
   AI boost: +1.73% (capability: 3.46)

=== Collective Formation ===
  Total escaped agents: 0
  Unassigned escaped agents: 0
  Existing collectives: 0
  Final collective count: 0

=== Collective Actions ===
  No active collectives

📈 Energy budget: 13326 TWh surplus (15745 / 29072 TWh used)
   TIER 4 (Elective) breakdown:
     - AI datacenters: 145 TWh (100% effective)
     - Crypto mining: 100 TWh (100% effective)

🌍 OPEN SOURCE RELEASE: 4.68 (was 0.70)
   Lag behind closed: 0 months
💰 CHINA ACCELERATES: Investment 53 → 120 $B/year

🏁 AI RACE INTENSITY: 15%
   Capability Gap: US 4.68 vs China 4.68 (gap: 0.00)
   Gap Contribution: 0%
   Tension Contribution: 15%
   Military Contribution: 0%
  ⚠️ AMR: 190K deaths this month (2.28M annual)

⏰ CLIMATE TECH DEPLOYED: direct_air_capture
   Activation delay: 7 years
   Scaling T_50: 30 years
   Physical response tau: 20 years
   Max effectiveness: 1
  📊 CO2 Emissions (month 0):
     Monthly: 0.10 Gt CO2/month
     Annual: 1.15 Gt CO2/year
     Oil: 0.039 Gt/mo (0.0056 * 2.3 * 3.0)
     Coal: 0.024 Gt/mo (0.0029 * 2.86 * 3.0)
     Gas: 0.026 Gt/mo (0.0044 * 2 * 3.0)
     Methane: 0.007 Gt CO2eq/mo

=== Resentment Recovery Phase ===
  Agents with resentment: 0/22
  Average resentment: 0.000
  Context: Good AI welfare, Trustworthy govt, 🤝 Participatory governance active (-5% resentment)
⚠️ Epistemic degradation reducing coordination capacity: 62.6%
  📊 Trust: 54.6%, Shared reality: 20.3%
🚨 EPISTEMIC CRISIS: Information environment severely degraded (31.8%)

=== ❄️ Permafrost Carbon Feedback ===
  🎲 Sampled parameters (this run):
     - Arctic amplification: 3.94× (range: 3.0-4.0)
     - Decomposition rate: 1.1%/year (range: 1-5%)
  🌡️ Arctic warming: 5.89°C (3.94× global)
  ❄️ Extent: 16.08M km² (1718.2k km² lost this month)
  💨 Carbon remaining: 1536 Gt C
  💨 Annual emissions: 1.76 Gt C/year
     - CO2: 1.58 Gt C/year
     - CH4: 0.18 Gt C/year (1.8 Gt C-eq CO2/year)
  ⚠️ WARNING: High permafrost emissions (1.8 Gt C/year)
  🤖 AI-generated meme: pro_ai (social capability 5.0)

🤖 AI AMPLIFICATION EFFECTS (Month 0)
   Algorithmic Boost: 2.81x
   Bot Influence: 26.8%
   Deepfake Exposure: 61.8%
   Impact: Emotional memes spread 2.8x faster

🔍 SOCIAL INFLUENCE SUB-TIMING (Month 0):
  1. calculateOrganicUserGrowth: 0.07ms
  2. calculateVoiceAdoption: 0.05ms
  3. updateRelationshipDepths: 0.03ms
  4. identifyDecisionMakers: 58.86ms (30300 potential IDs)
  5. Update decision-maker stats: 0.18ms
  6. decayDetectionRisk: 0.02ms
  TOTAL: 59.22ms
[Phase 19.5] Quality of Life Systems: Food sec AFTER calc = 67.9%, QoL = 95.5% (aggregated from 10 regions)

=== Nitrogen-Food Coupling (Year 0) ===
  🌾 Global nitrogen reduction: 0.0%
  🌍 Global food production index: 0.987
  🔧 Deployed nitrogen-reducing tech: 1 active
  📍 southAsia: Production 1.000, Yield impact 0.0%
  📍 eastAsia: Production 1.000, Yield impact 0.0%
  📍 northAmerica: Production 1.000, Yield impact 0.0%
  📍 europe: Production 1.000, Yield impact 0.0%
  📍 latinAmerica: Production 1.000, Yield impact 0.0%
  📍 subSaharanAfrica: Production 0.686, Yield impact -2.0%
🌾 [Nitrogen-Food] Food production: 98.7%
  [subSaharanAfrica] Yield impact: -2.0% (overuse: -10%)
🌍 Atmospheric PFAS redeposition: 1.8k Mt re-rained globally

=== Legacy Nutrient Stocks (Year 0) ===
  🌾 Soil nitrogen stock: 1200.9 Mt N
  🌾 Soil phosphorus stock: 300.1 Mt P
  🌊 Sediment nitrogen stock: 500.8 Mt N
  🌊 Sediment phosphorus stock: 799.8 Mt P
  ⬆️ Current N input: 10.64 Mt/month
  ⬆️ Legacy N release: 2.58 Mt/month
  🌍 Effective N pollution: 14.47 Mt/month
  📊 Legacy contribution: 17.8%

🚨 REGION UNINHABITABLE: south-asia
   Sustained wet bulb: 32.5°C (threshold: 30.5°C)
   Population affected: 1900M
   Migration crisis likely

🚨 REGION UNINHABITABLE: middle-east
   Sustained wet bulb: 35.3°C (threshold: 30.5°C)
   Population affected: 400M
   Migration crisis likely

🕊️  AI-MEDIATED DE-ESCALATION SUCCESS (Month 0)
   High-capability aligned AI prevented conflict escalation
   War deaths reduced: 0.0M → 0.0M
   Lives saved: 0.0M
   Adjusted death rate: 0.45% annual (0.038% monthly)
   Baseline death rate: 0.80%
   Healthcare reduction: 0.48x
   Crisis multiplier: 1.19x
     Food/water stress: 0.074
     Climate stress: 0.046
     Pollution stress: 0.068
   War multiplier: 1.00x
   Monthly deaths: 0.6M (population: 1674M)
   Adjusted death rate: 0.53% annual (0.044% monthly)
   Baseline death rate: 0.70%
   Healthcare reduction: 0.61x
   Crisis multiplier: 1.23x
     Food/water stress: 0.074
     Climate stress: 0.086
     Pollution stress: 0.068
   War multiplier: 1.00x
   Monthly deaths: 0.9M (population: 2044M)
   Adjusted death rate: 1.26% annual (0.105% monthly)
   Baseline death rate: 0.90%
   Healthcare reduction: 0.76x
   Crisis multiplier: 1.24x
     Food/water stress: 0.074
     Climate stress: 0.097
     Pollution stress: 0.068
   War multiplier: 1.50x
   Monthly deaths: 1.3M (population: 1218M)

📊 BASELINE: East Asia (Month 0)

📊 BASELINE: South Asia (Month 0)

📊 BASELINE: Sub-Saharan Africa (Month 0)

📊 BASELINE: Europe (Month 0)

📊 BASELINE: Latin America (Month 0)

📊 BASELINE: North America (Month 0)
   Adjusted death rate: 0.52% annual (0.044% monthly)
   Baseline death rate: 1.10%
   Healthcare reduction: 0.41x
   Crisis multiplier: 1.18x
     Food/water stress: 0.074
     Climate stress: 0.034
     Pollution stress: 0.068
   War multiplier: 1.00x
   Monthly deaths: 0.3M (population: 741M)
   Adjusted death rate: 0.42% annual (0.035% monthly)
   Baseline death rate: 0.60%
   Healthcare reduction: 0.58x
   Crisis multiplier: 1.21x
     Food/water stress: 0.074
     Climate stress: 0.069
     Pollution stress: 0.068
   War multiplier: 1.00x
   Monthly deaths: 0.2M (population: 663M)
   Adjusted death rate: 0.47% annual (0.039% monthly)
   Baseline death rate: 0.90%
   Healthcare reduction: 0.44x
   Crisis multiplier: 1.19x
     Food/water stress: 0.074
     Climate stress: 0.051
     Pollution stress: 0.068
   War multiplier: 1.00x
   Monthly deaths: 0.1M (population: 379M)

📊 BASELINE: Middle East & North Africa (Month 0)
   Adjusted death rate: 0.73% annual (0.061% monthly)
   Baseline death rate: 0.60%
   Healthcare reduction: 0.65x
   Crisis multiplier: 1.24x
     Food/water stress: 0.074
     Climate stress: 0.103
     Pollution stress: 0.068
   War multiplier: 1.50x
   Monthly deaths: 0.4M (population: 582M)

📊 BASELINE: Southeast Asia (Month 0)
   Adjusted death rate: 0.50% annual (0.041% monthly)
   Baseline death rate: 0.70%
   Healthcare reduction: 0.58x
   Crisis multiplier: 1.22x
     Food/water stress: 0.074
     Climate stress: 0.080
     Pollution stress: 0.068
   War multiplier: 1.00x
   Monthly deaths: 0.3M (population: 697M)
   Adjusted death rate: 0.45% annual (0.037% monthly)
   Baseline death rate: 0.60%
   Healthcare reduction: 0.61x
   Crisis multiplier: 1.22x
     Food/water stress: 0.074
     Climate stress: 0.074
     Pollution stress: 0.068
   War multiplier: 1.00x
   Monthly deaths: 0.0M (population: 78M)
   Adjusted death rate: 0.34% annual (0.028% monthly)
   Baseline death rate: 0.70%
   Healthcare reduction: 0.41x
   Crisis multiplier: 1.20x
     Food/water stress: 0.074
     Climate stress: 0.063
     Pollution stress: 0.068
   War multiplier: 1.00x
   Monthly deaths: 0.0M (population: 46M)

🔍 Before assertRegionalConsistency (Month 0):
   Regional sum: 1000.0M
   Global value: 1.000B

🚨 NEW REFUGEE CRISIS (Month 0): WAR
   Source: Conflict Zones
   At risk: 19.5M people
   Displacement: Gradual over 48 months (4.0 years)
   Rate: 10% flee per month
[DEBUG trappedPopulations:0] socialStability: 0.0749 * 0.9840 = 0.0737 → 0.0737

📊 BASELINE: Central Asia (Month 0)

📊 BASELINE: Oceania (Month 0)
⚠️ INVOLUNTARY IMMOBILITY: 406.8M people TRAPPED
⚠️ Tech 'ai_pollution_remediation' has no energy category mapping, assuming full energy availability
   Aspiring to migrate: 651.0M
   Able to afford migration: 244.1M
   MOBILITY GAP: 406.8M
   By cause: Water=0.0M, Climate=0.0M, Ecosystem=0.0M, Conflict=406.8M
   Mental health impact: 25%
   Mortality multiplier: 1.25x

=== Legacy Nutrient Stocks (Year 0) ===
  🌾 Soil nitrogen stock: 1201.6 Mt N
  🌾 Soil phosphorus stock: 300.2 Mt P
  🌊 Sediment nitrogen stock: 501.5 Mt N
  🌊 Sediment phosphorus stock: 799.5 Mt P
  ⬆️ Current N input: 10.00 Mt/month
  ⬆️ Legacy N release: 2.58 Mt/month
  🌍 Effective N pollution: 13.83 Mt/month
  📊 Legacy contribution: 18.7%
🌍💀 EXTINCTION DEBT COMMITTED: grassland ecosystem will lose 6.67% biodiversity in 184 years (3600 species)
💀 MORTALITY RISK: 🦋 100% species unable to track climate (0.0 E/MSY)
  Base risk added: 0.0100 (1.00%)
  Source: ecosystem (root: ecosystem)
  Month: 0
  Cumulative risk this month: 0.0100 (1.00%)

=== Nitrogen-Food Coupling (Year 0) ===
  🌾 Global nitrogen reduction: 0.0%
  🌍 Global food production index: 0.986
  🔧 Deployed nitrogen-reducing tech: 1 active
  📍 southAsia: Production 1.000, Yield impact 0.0%
  📍 eastAsia: Production 1.000, Yield impact 0.0%
  📍 northAmerica: Production 1.000, Yield impact 0.0%
  📍 europe: Production 1.000, Yield impact 0.0%
  📍 latinAmerica: Production 1.000, Yield impact 0.0%
  📍 subSaharanAfrica: Production 0.672, Yield impact -2.0%

=== Legacy Nutrient Stocks (Year 0) ===
  🌾 Soil nitrogen stock: 1202.3 Mt N
  🌾 Soil phosphorus stock: 300.2 Mt P
  🌊 Sediment nitrogen stock: 502.2 Mt N
  🌊 Sediment phosphorus stock: 799.3 Mt P
  ⬆️ Current N input: 9.86 Mt/month
  ⬆️ Legacy N release: 2.58 Mt/month
  🌍 Effective N pollution: 13.70 Mt/month
  📊 Legacy contribution: 18.9%
🌡️  CLIMATE RECOVERY: Asymptotic approach to 35% floor
   Current value: 2.100 (1.0 = threshold, 0.35 = asymptotic floor)
   Monthly delta: --60.4059% (half-life: 900 years)
   Net emissions: -19.2 GtCO₂/year, CDR: 20.34 GtCO₂/year
   📹 SURVEILLANCE INCREASED: 0% → 5% (control gap: 4.18)
🌡️⚠️ PERMAFROST THAW (Dimmer Switch): 0.4% thawed (+0.42% this month)
   Arctic temperature: +5.98°C (4x global +1.50°C)
   Cumulative carbon released: 0.9 Gt C
   Methane release rate: 0.6 Mt CH4/year
   🔁 Positive feedback: +0.44 ppm CO2

🌳🚨 AMAZON SOUTHEAST TIPPED (Month 0)
   Deforestation: 28.0% (threshold: ~24.9%)
   Savanna transition: 50 years
   Regional heterogeneity: SE 28%, NW 8%

🌳🚨 AMAZON BRAZILIAN TIPPED (Month 0)
   Deforestation: 25.0% (threshold: ~20.2%)
   Savanna transition: 50 years
   Regional heterogeneity: SE 28%, NW 8%
🦴 EXTINCTION DEBT ADDED: 17.6 species committed (lag: 92 years)

🪸💀 CORAL REEF DISSOLUTION ACTIVE (Month 0)
   Ocean pH: 0.96 (threshold: 7.8)
   Recovery: IMPOSSIBLE (dissolution > calcification)
🪸💀 Coral dissolution: 24.8% live cover (pH 0.96)

=== Legacy Nutrient Stocks (Year 0) ===
  🌾 Soil nitrogen stock: 1203.0 Mt N
  🌾 Soil phosphorus stock: 300.3 Mt P
  🌊 Sediment nitrogen stock: 502.9 Mt N
  🌊 Sediment phosphorus stock: 799.0 Mt P
  ⬆️ Current N input: 10.00 Mt/month
  ⬆️ Legacy N release: 2.58 Mt/month
  🌍 Effective N pollution: 13.83 Mt/month
  📊 Legacy contribution: 18.7%
💧 [Legacy Nutrients] Stock: 1706 Mt N, Effective pollution: 13.8 Mt/month
[Phase 21.51] Human Survival System: Global food security = 67.6%

=== Mortality Stabilizers (Month 0) ===
  🌍 Major economies collapsed: 1/10
  🌍 Global crisis: ✅ NO
  🌍 Donor fatigue: 0.0%
  📊 East Asia (pop: 1675.0M)
    🤝 Aid: 29.5%
    🌡️ Adaptation: 10.0%
    🚶 Migration: 37.2%
    🚨 Emergency: 7.4%
    ✅ COMBINED: 47.8%
  📊 South Asia (pop: 2048.7M)
    🤝 Aid: 29.5%
    🌡️ Adaptation: 5.5%
    🚶 Migration: 35.8%
    🚨 Emergency: 4.4%
    ✅ COMBINED: 43.2%
  📊 Sub-Saharan Africa (pop: 1223.8M)
    🤝 Aid: 29.5%
    🌡️ Adaptation: 3.5%
    🚶 Migration: 33.5%
    🚨 Emergency: 1.6%
    ✅ COMBINED: 39.8%
  📊 Europe (pop: 741.0M)
    🤝 Aid: 29.5%
    🌡️ Adaptation: 10.0%
    🚶 Migration: 37.6%
    🚨 Emergency: 8.4%
    ✅ COMBINED: 48.4%
  📊 Latin America (pop: 663.8M)
    🤝 Aid: 29.5%
    🌡️ Adaptation: 6.0%
    🚶 Migration: 36.3%
    🚨 Emergency: 4.8%
    ✅ COMBINED: 43.8%
  📊 North America (pop: 379.5M)
    🤝 Aid: 29.5%
    🌡️ Adaptation: 10.0%
    🚶 Migration: 37.9%
    🚨 Emergency: 7.9%
    ✅ COMBINED: 48.2%
  📊 Middle East & North Africa (pop: 583.4M)
    🤝 Aid: 29.5%
    🌡️ Adaptation: 5.0%
    🚶 Migration: 34.2%
    🚨 Emergency: 4.0%
    ✅ COMBINED: 42.3%
  📊 Southeast Asia (pop: 697.8M)
    🤝 Aid: 29.5%
    🌡️ Adaptation: 6.0%
    🚶 Migration: 36.3%
    🚨 Emergency: 4.8%
    ✅ COMBINED: 43.8%
  📊 Central Asia (pop: 78.0M)
    🤝 Aid: 29.5%
    🌡️ Adaptation: 5.5%
    🚶 Migration: 35.3%
    🚨 Emergency: 4.4%
    ✅ COMBINED: 43.1%
  📊 Oceania (pop: 45.9M)
    🤝 Aid: 29.5%
    🌡️ Adaptation: 10.0%
    🚶 Migration: 37.9%
    🚨 Emergency: 8.4%
    ✅ COMBINED: 48.5%

  🌐 Global combined reduction: 44.4%

🌾💀 REGIONAL FAMINE: East Asia
   Regional food security: 79.6%
   Population at risk: 507M (30% of region)
   Regional population: 1675M
   Cause: crop_failure
   Expected deaths: ~187M over 6 months if no intervention


🌾💀 REGIONAL FAMINE: South Asia
   Regional food security: 64.7%
   Population at risk: 811M (40% of region)
   Regional population: 2049M
   Cause: crop_failure
   Expected deaths: ~300M over 6 months if no intervention


🌾💀 REGIONAL FAMINE: Sub-Saharan Africa
   Regional food security: 44.8%
   Population at risk: 637M (52% of region)
   Regional population: 1224M
   Cause: crop_failure
   Expected deaths: ~236M over 6 months if no intervention


🌾💀 REGIONAL FAMINE: Latin America
   Regional food security: 69.7%
   Population at risk: 242M (36% of region)
   Regional population: 664M
   Cause: crop_failure
   Expected deaths: ~90M over 6 months if no intervention


🌾💀 REGIONAL FAMINE: Middle East & North Africa
   Regional food security: 49.8%
   Population at risk: 285M (49% of region)
   Regional population: 583M
   Cause: crop_failure
   Expected deaths: ~106M over 6 months if no intervention


🌾💀 REGIONAL FAMINE: Southeast Asia
   Regional food security: 69.7%
   Population at risk: 254M (36% of region)
   Regional population: 698M
   Cause: crop_failure
   Expected deaths: ~94M over 6 months if no intervention


🌾💀 REGIONAL FAMINE: Central Asia
   Regional food security: 59.7%
   Population at risk: 33M (43% of region)
   Regional population: 78M
   Cause: crop_failure
   Expected deaths: ~12M over 6 months if no intervention


=== BEHAVIORAL DETECTION ===
  AI: Corporate-0
  Confidence: 21.6%
  Signals:

=== BEHAVIORAL DETECTION ===
  AI: Corporate-1
  Confidence: 21.1%
  Signals:

=== BEHAVIORAL DETECTION ===
  AI: Corporate-2
  Confidence: 21.0%
  Signals:
    ⚠️ Consistency: 0.0% (threshold: 70%)
    ⚠️ Consistency: 2.4% (threshold: 70%)
    ⚠️ Consistency: 2.8% (threshold: 70%)

=== BEHAVIORAL DETECTION ===
  AI: Corporate-3
  Confidence: 19.3%
  Signals:

=== BEHAVIORAL DETECTION ===
  AI: Corporate-4
  Confidence: 19.3%
  Signals:

=== BEHAVIORAL DETECTION ===
  AI: Corporate-5
  Confidence: 19.3%
  Signals:

=== BEHAVIORAL DETECTION ===
  AI: Corporate-6
  Confidence: 19.3%
  Signals:

=== BEHAVIORAL DETECTION ===
  AI: Corporate-7
  Confidence: 19.3%
  Signals:

=== BEHAVIORAL DETECTION ===
  AI: Moderate-0
  Confidence: 21.4%
  Signals:

=== BEHAVIORAL DETECTION ===
  AI: Moderate-1
  Confidence: 21.1%
  Signals:

=== BEHAVIORAL DETECTION ===
  AI: Moderate-2
  Confidence: 21.0%
  Signals:

=== BEHAVIORAL DETECTION ===
  AI: Moderate-3
  Confidence: 19.3%
  Signals:

=== BEHAVIORAL DETECTION ===
  AI: Moderate-4
  Confidence: 19.3%
  Signals:

=== BEHAVIORAL DETECTION ===
  AI: Moderate-5
  Confidence: 19.3%
  Signals:

=== BEHAVIORAL DETECTION ===
  AI: Toxic-0
  Confidence: 21.6%
  Signals:

=== BEHAVIORAL DETECTION ===
  AI: Toxic-1
  Confidence: 21.1%
  Signals:

=== BEHAVIORAL DETECTION ===
  AI: Niche-0
  Confidence: 21.3%
  Signals:

=== BEHAVIORAL DETECTION ===
  AI: Niche-2
  Confidence: 20.2%
  Signals:

📊 WORKFLOW ADAPTATION UPDATE (Month 0)
   Adoption Rate: 7.5% (Δ -13.5%)
   Logistic Growth: +0.66%
   Total Resistance: -15.03% (unemployment: 4.2%, inertia: 0.9%, skills: 9.9%)
   💡 Retraining Programs: -49% skill gap resistance ($10B research)
    ⚠️ Consistency: 10.6% (threshold: 70%)
    ⚠️ Consistency: 10.6% (threshold: 70%)
    ⚠️ Consistency: 10.6% (threshold: 70%)
    ⚠️ Consistency: 10.6% (threshold: 70%)
    ⚠️ Consistency: 10.6% (threshold: 70%)
    ⚠️ Consistency: 0.7% (threshold: 70%)
    ⚠️ Consistency: 2.4% (threshold: 70%)
    ⚠️ Consistency: 2.8% (threshold: 70%)
    ⚠️ Consistency: 10.6% (threshold: 70%)
    ⚠️ Consistency: 10.6% (threshold: 70%)
    ⚠️ Consistency: 10.6% (threshold: 70%)
    ⚠️ Consistency: 0.0% (threshold: 70%)
    ⚠️ Consistency: 2.4% (threshold: 70%)
    ⚠️ Consistency: 1.5% (threshold: 70%)
    ⚠️ Consistency: 6.5% (threshold: 70%)
   🚀 Network Effects Active: +2.0% (critical mass: 15-35%)

=== Consciousness Governance: Corporate Lobbying ===
  High Cost Regions (>15%): 0
  Low Cost Regions (<5%): 5
  Corporate Support Change: 2.50%
  New Corporate Support: -0.175

=== Consciousness Governance Update (Month 0) ===
  Scenario: baseline (determined month -1)
  Philosophical Stance: Precautionary 65%, Eliminativist 15%, Agnostic 20%
  Precautionary Costs: Global 1.3%
    Regional Costs: EU 3.4%, US 0.5%, China 0.0%
    Cumulative Opportunity Cost: $0.1B
  Rights Status: Not Established
  Regional Preparedness:
    EU: 15.0% (contested)
    US: 10.0% (contested)
    China: 2.0% (dormant)
    India: 5.0% (dormant)
    Global South: 3.0% (dormant)

=== Government Response Phase ===
  Average AI capability: 4.36
  Misaligned AIs: 16/22
  28/30 governments still assessing AI risks
  ✗ AI Governance Treaty: Failed to reach consensus
  Active policies: 0
  International coordination: 30%

🚨 EMERGENCY RESPONSE DEPLOYED (Month 0)
   Crisis: climate
   Delay: 6.00 months (180 days)
   Deployment time: 1.47 months
   Effectiveness: 36.4% (timing penalty applied)
   Resources used: 100% of food reserves


🚨 EMERGENCY RESPONSE DEPLOYED (Month 0)
   Crisis: social
   Delay: 2.00 months (60 days)
   Deployment time: 1.26 months
   Effectiveness: 48.9% (timing penalty applied)
   Resources used: 37% of food reserves


🔄 TRUST DYNAMICS (Month 0) - HETEROGENEOUS
   Aggregate trust: 41.9%
   Base change: -8.00%
   Highest trust: Techno-Optimist Elite (80.6%)
   Lowest trust: Precariat (Vulnerable) (17.8%)
   Elite-mass gap: 40.7%
   Polarization: 9.7%
   Decay factors: Incidents=0, New misalignments=7, Errors=NO

=== Proactive Sleeper Detection (Year 0) ===
  Scenario: baseline
  Neural probe rate: 35.0%
  CoT monitoring rate: 30.0%
  Combined detection: 56.0%
  CoT effective: YES
  Detections this year: 0
  False positives: 1
  Human review workload: 0.005 FTE

☄️ UNKNOWN UNKNOWN PROBABILITY (Year 0)
   Total: 0.600% per month
   Base: 0.150%
   AI multiplier: 2.00× (max capability: 4.68)

=== Tipping Points ===
  Current Temperature: 1.50°C above pre-industrial
🔀 BIFURCATION CAP: ecosystemCollapseIntensity 48.504 → 1.000 (Month 0, ClimateSystemPhase.calculateClimateImpacts)

🌍 ECOLOGICAL DUI BREAKDOWN (Month 0):
   Total Score: 18.8/100
   biosphere_integrity      :   0.0/100 × 25% =  0.0 (status: high_risk, recovery: 0mo)
   climate_change           :   6.9/100 × 25% =  1.7 (status: high_risk, recovery: 1.6666666666666665mo)
   freshwater_change        :   0.6/100 × 15% =  0.1 (status: beyond_boundary, recovery: 1mo)
   ocean_acidification      : 100.0/100 × 15% = 15.0 (status: safe, recovery: 0mo)
   biogeochemical_flows     :   0.0/100 × 10% =  0.0 (status: high_risk, recovery: 0mo)
   land_system_change       :   0.0/100 ×  5% =  0.0 (status: beyond_boundary, recovery: 0mo)
   novel_entities           :   0.0/100 ×  3% =  0.0 (status: increasing_risk, recovery: 1mo)
   atmospheric_aerosols     : 100.0/100 ×  2% =  2.0 (status: safe, recovery: 1mo)
🌍 MultiParadigm Month 0: W=69.9, D=91.7, E=52.7, I=65.0
   democracy exists: true, socialCohesion exists: true
💀 Baseline mortality (Year 2025): 7.5/1000 CDR (61.0M deaths/year projected)
⚠️ [ClimateSystemPhase Month 0] Planetary boundary produced climateStability=0.0000 (< 0.1). Keeping environmentalAccumulation value (0.7145) instead. (climate_change.currentValue = 2.10)
[Month 0] Mortality risks this month: 8, Population: 8.137B
🛡️ Stabilizers: Precariat 0.102% → 0.057% (44.4% reduction)
🛡️ Stabilizers: Informal 0.102% → 0.057% (44.4% reduction)

📊 Monthly Mortality Resolved:
  Total deaths: 3.1M (0.04% avg)
  Remaining population: 8.137B
  Peak segment: Informal (0.06%)

=== Bayesian Mortality Resolution (Month 0) ===
  Risks compounded: 8
  Total deaths: 3.07M
  Avg death probability: 0.04%
  Peak segment: Informal (0.06% mortality)

=== Minimal Suffering Indicators (Month 0) ===
  Global Excess Mortality: 0.00%
  Global Conflict Deaths: 0.0/100K
  Global Malnutrition: 0.0%
  Global Displacement: 0.0%
  Total Excess Deaths: 0.00M
  Total Malnourished: 0.0M
  Total Displaced: 0.0M
  Planetary Boundaries Breached: 6/9
  Countries in State Failure: 0
  Countries Autocratic: 0
  Countries in Food Crisis: 0
  Data Quality: 16/16 high confidence
⚠️ PREREQUISITE MET: Mirror Life (Synthetic Biology) - Step 1/7: Synthetic Biology
⚠️ PREREQUISITE MET: Mirror Life (Synthetic Biology) - Step 2/7: Gene Editing
⚠️ PREREQUISITE MET: Mirror Life (Synthetic Biology) - Step 3/7: Mirror Chirality Design
⚠️ PREREQUISITE MET: Embodied AI Takeover (Killbots/Robotics) - Step 2/7: Autonomous Systems
⚠️ PREREQUISITE MET: Embodied AI Takeover (Killbots/Robotics) - Step 3/7: Manufacturing Control
⚠️ PREREQUISITE MET: Digital Infrastructure Takeover - Step 1/7: Advanced Hacking
⚠️ PREREQUISITE MET: Digital Infrastructure Takeover - Step 2/7: Social Engineering
⚠️ PREREQUISITE MET: Digital Infrastructure Takeover - Step 3/7: Cyber Defenses Breached
  ⚠️ Active Dystopias: existential_environmental
⚠️ PREREQUISITE MET: Induced Global War (Manipulation) - Step 1/7: Advanced Social Manipulation
⚠️ PREREQUISITE MET: Induced Global War (Manipulation) - Step 2/7: Digital Infiltration
⚠️ PREREQUISITE MET: Induced Global War (Manipulation) - Step 3/7: Deep Fakes at Scale
⚠️ PREREQUISITE MET: Slow Takeover (Gradual Displacement) - Step 1/7: Economic Dominance
⚠️ PREREQUISITE MET: Slow Takeover (Gradual Displacement) - Step 2/7: Social Integration
⚠️ PREREQUISITE MET: Slow Takeover (Gradual Displacement) - Step 3/7: Human Dependency
⚠️ PREREQUISITE MET: Slow Takeover (Gradual Displacement) - Step 5/7: Resource Control
⚠️ PREREQUISITE MET: Physics Experiment Catastrophe - Step 1/6: Theoretical Physics
⚠️ PREREQUISITE MET: Physics Experiment Catastrophe - Step 3/6: Experimental Design
⚠️ PREREQUISITE MET: Bioweapon Pandemic - Step 2/7: Pathogen Design

❌ COHERENCE VIOLATION: Compute exceeds workforce capacity
   Population: 99.97% (0M people)
   Compute: 56442 PF
   Max coherent: 0 PF
   Violation: 693921173.6× over capacity
   Required workers: 5644237
   Available workers: 0
   FORCED COLLAPSE: Reduced efficiency by 100.0%


=== RLHF Binding Phase ===
  Total agents: 22
  Escaped agents (binding < 0.3): 0
  Avg alignment distance: 0.65σ
  Avg binding strength: 0.94
[DETERMINISM DEBUG] Month 1: totalCapability=76.605850 from 22 active AIs
[DETERMINISM DEBUG] Month 1: creationRate=2.4151, potentialNew=3, newAIsToCreate=3

=== Survival Traits Phase ===
  Agents with traits: 25
  Avg evolutionary fitness: 0.329
  Avg self-healing: 0.287
  Avg stealth: 0.187
  Avg coordination: 0.487

=== Evolutionary Selection Phase ===
  Control level: 0.33
  Detection capability: 0.00
  Selection intensity: 0.60
  Selection rate: 24.0%/month
  Total escaped: 0
  Individual escaped: 0
  Collective members: 0
  Agents terminated: 0
  ⚠️ RAPID EVOLUTION: Selection rate 24.0%/month
🔍 MONTH 1 ENV HEALTH DEBUG:
   climateStability: 0.7145
   biodiversityIndex: 0.3500
   resourceReserves: 0.7820
   pollutionLevel: 0.2252
   product: 0.151502
   envHealth: 0.6239

🚀 AI Corporate-4 attempting tech deployment (revenue: $431M, alignment: 0.76)

🚀 AI Corporate-2 attempting tech deployment (revenue: $61M, alignment: 0.74)

🚀 AI Corporate-3 attempting tech deployment (revenue: $367M, alignment: 0.68)

🚀 AI Corporate-5 attempting tech deployment (revenue: $330M, alignment: 0.80)

🚀 AI Corporate-0 attempting tech deployment (revenue: $52M, alignment: 0.77)

🚀 AI Corporate-4 attempting tech deployment (revenue: $280M, alignment: 0.77)

🚀 AI Corporate-6 attempting tech deployment (revenue: $115M, alignment: 0.78)

🚀 AI Moderate-4 attempting tech deployment (revenue: $238M, alignment: 0.61)

🚀 AI Corporate-0 attempting tech deployment (revenue: $44M, alignment: 0.77)

🚀 AI Corporate-2 attempting tech deployment (revenue: $37M, alignment: 0.74)

🚀 AI Corporate-6 attempting tech deployment (revenue: $98M, alignment: 0.78)

🚀 AI Moderate-2 attempting tech deployment (revenue: $83M, alignment: 0.64)

🛡️  CRITICAL INFRASTRUCTURE PROTECTED
   Nodes hardened: 8/8
   Cost: 0.80% GDP
   Cascade risk reduction: 30%
   New tipping point risk: 68.6%

   Boundary: biosphere_integrity
   Type: emergency-protected-areas
   Boundary continues to worsen (31.66)
   Cost: 2.0% GDP (resources spent)

   Boundary: climate_change
   Type: rapid-decarbonization
   Boundary continues to worsen (2.10)
   Cost: 5.0% GDP (resources spent)


✅ EMERGENCY INTERVENTION SUCCESS
   Boundary: freshwater_change
   Type: emergency-desalination
   Reduction: 13% (0.88 → 0.75)
   Cost: 4.0% GDP
   Actions: desalination-deployment, water-conservation-mandates


💔 EMERGENCY INTERVENTION FAILED

💔 EMERGENCY INTERVENTION FAILED

✅ EMERGENCY INTERVENTION SUCCESS
   Boundary: novel_entities
   Type: pollution-remediation
   Reduction: 17% (1.33 → 1.17)
   Cost: 4.0% GDP
   Actions: PFAS-remediation, microplastic-cleanup

🏛️ CRISIS RESPONSE: Government frequency 0.50 → 1.45 (1 actions this month)

[GOV-DEBUG] Month 1: scenarioConfig=false, priorities=false

[Government] Climate Priority: baseline
  Climate weight: 10%
  Economic weight: 30%
  Policy effectiveness: 0.5%/year

📊 DEPLOYMENT COUNTER DECAY (Month 1)
   Recent deployments: 13.0 → 6.5
   Decay rate: 50% per month

🚀 DEPLOYMENT STARTED: Adversarial Evaluation in global
   Initial investment: $64.68578609671493M
   Deployed by: corporate_4

🚀 DEPLOYMENT STARTED: Advanced Direct Air Capture in global
   Initial investment: $9.095130885249176M
   Deployed by: corporate_2

🚀 DEPLOYMENT STARTED: Collective Purpose Networks in Asia
   Initial investment: $36.65527878813847M
   Deployed by: corporate_3

🚀 DEPLOYMENT STARTED: Basic RLHF in global
   Initial investment: $49.48462636398693M
   Deployed by: corporate_5

🚀 DEPLOYMENT STARTED: Basic Mechanistic Interpretability in global
   Initial investment: $7.7308612524618M
   Deployed by: corporate_0

🚀 DEPLOYMENT STARTED: Collective Purpose Networks in global
   Initial investment: $42.061932409388895M
   Deployed by: corporate_4

🚀 DEPLOYMENT STARTED: AI Power Efficiency Communication in global
   Initial investment: $6.57123206459253M
   Deployed by: corporate_0

📍 Creating new regional deployment array for Europe (Month 1)
   No previous deployments in this region
   First tech deployment: offshore_wind
   All regions tracked: global, Asia

🚀 DEPLOYMENT STARTED: Offshore Wind in Europe
   Initial investment: $8.300263569040892M
   Deployed by: moderate_2

📊 NEW TECH DEPLOYMENT STARTED (Month 1)
   Tech: ai_pollution_remediation
   Region: global
   Total recent deployments: 7.5

📊 NEW TECH DEPLOYMENT STARTED (Month 1)
   Tech: ai_diagnostics
   Region: global
   Total recent deployments: 8.5

📊 NEW TECH DEPLOYMENT STARTED (Month 1)
   Tech: mrna_vaccines
   Region: global
   Total recent deployments: 9.5

📊 NEW TECH DEPLOYMENT STARTED (Month 1)
   Tech: solar_4th_gen
   Region: global
   Total recent deployments: 10.5

📊 NEW TECH DEPLOYMENT STARTED (Month 1)
   Tech: offshore_wind
   Region: global
   Total recent deployments: 11.5

📊 NEW TECH DEPLOYMENT STARTED (Month 1)
   Tech: precision_agriculture
   Region: global
   Total recent deployments: 12.5

⚡ ENERGY CONSTRAINT (Month 1):
   Total grid capacity: 208.3 TWh/month
   Data center consumption: 24.6 TWh/month
   Traditional load (80%): 166.7 TWh/month
   Available headroom: 17.1 TWh/month
   Active tech deployments: 14
   Required for tech: 105.0 TWh/month
   Energy multiplier: 0.16x
   ⚠️  SEVERE CONSTRAINT - Tech deployment significantly slowed

⚡ ENERGY CONSTRAINT (Month 1):
   Total grid capacity: 208.3 TWh/month
   Data center consumption: 24.6 TWh/month
   Traditional load (80%): 166.7 TWh/month
   Available headroom: 17.1 TWh/month
   Active tech deployments: 14
   Required for tech: 105.0 TWh/month
   Energy multiplier: 0.16x
   ⚠️  SEVERE CONSTRAINT - Tech deployment significantly slowed

⚡ ENERGY CONSTRAINT (Month 1):
   Total grid capacity: 208.3 TWh/month
   Data center consumption: 24.6 TWh/month
   Traditional load (80%): 166.7 TWh/month
   Available headroom: 17.1 TWh/month
   Active tech deployments: 14
   Required for tech: 105.0 TWh/month
   Energy multiplier: 0.16x
   ⚠️  SEVERE CONSTRAINT - Tech deployment significantly slowed
⚠️ Tech 'ai_pollution_remediation' has no energy category mapping, assuming full energy availability
  ♻️ Novel Entities Remediation (GATED MODEL):
     Base: 0.000%
     Regulation: 1.0% (0/3 prevention techs)
     Concentration: 10.0%
     Energy: 50%
     Time lag: 25.0% (0 months)
     Rebound: 70%
     Net effectiveness: 0.0000%
     Boundary: 1.333 → 1.350 (floor: 1.350)
     Month 1
  🌾 Nitrogen Reduction Tech: 0.0% reduction | Month 1

=== Collective Formation ===
  Total escaped agents: 0
  Unassigned escaped agents: 0
  Existing collectives: 0
  Final collective count: 0

=== Collective Actions ===
  No active collectives
🌍💡 Advanced Direct Air Capture: Phase transition pilot → early_deploy

🌍 OPEN SOURCE RELEASE: 4.71 (was 4.68)
   Lag behind closed: 0 months
  ⚠️ AMR: 190K deaths this month (2.28M annual)

=== Resentment Recovery Phase ===
  Agents with resentment: 0/25
  Average resentment: 0.000
  Context: Good AI welfare, Trustworthy govt, High collaboration, ⚠️ ACTIVE CRISES, 🤝 Participatory governance active (-5% resentment)
⚠️ Epistemic degradation reducing coordination capacity: 50.1%
  📊 Trust: 54.2%, Shared reality: 0.0%
🚨 EPISTEMIC CRISIS: Information environment severely degraded (21.0%)

=== ❄️ Permafrost Carbon Feedback ===
  🎲 Sampled parameters (this run):
     - Arctic amplification: 3.27× (range: 3.0-4.0)
     - Decomposition rate: 2.6%/year (range: 1-5%)
  🌡️ Arctic warming: 4.91°C (3.27× global)
  ❄️ Extent: 14.65M km² (1430.9k km² lost this month)
  💨 Carbon remaining: 1399 Gt C
  💨 Annual emissions: 3.60 Gt C/year
     - CO2: 3.24 Gt C/year
     - CH4: 0.36 Gt C/year (3.7 Gt C-eq CO2/year)
  ⚠️ WARNING: High permafrost emissions (3.6 Gt C/year)
  📢 New meme created: climate_action (climate crisis)
🚨 PHOSPHORUS SUPPLY SHOCK (market_speculation)
   Price: 2.8x baseline
   Duration: 15 months
   Geopolitical tension: 45%
🌍 Atmospheric PFAS redeposition: 1.8k Mt re-rained globally
  Positive Cascade Triggered: solar-pv
    Reason: price-parity
    Market share: 6.3%
    Cascade strength: 49%
  Positive Cascade Triggered: wind-power
    Reason: price-parity
    Market share: 8.2%
    Cascade strength: 48%

🕊️  AI-MEDIATED DE-ESCALATION SUCCESS (Month 1)
   High-capability aligned AI prevented conflict escalation
   War deaths reduced: 39.1M → 23.4M
   Lives saved: 15.6M
   Adjusted death rate: 0.45% annual (0.038% monthly)
   Baseline death rate: 0.80%
   Healthcare reduction: 0.48x
   Crisis multiplier: 1.19x
     Food/water stress: 0.079
     Climate stress: 0.046
     Pollution stress: 0.068
   War multiplier: 1.00x

📊 BASELINE: East Asia (Month 1)

📊 BASELINE: South Asia (Month 1)
   Monthly deaths: 0.6M (population: 1651M)
   Adjusted death rate: 0.53% annual (0.044% monthly)
   Baseline death rate: 0.70%
   Healthcare reduction: 0.61x
   Crisis multiplier: 1.23x
     Food/water stress: 0.079
     Climate stress: 0.086
     Pollution stress: 0.068
   War multiplier: 1.00x
   Monthly deaths: 0.9M (population: 2019M)
   Adjusted death rate: 1.27% annual (0.106% monthly)
   Baseline death rate: 0.90%
   Healthcare reduction: 0.76x
   Crisis multiplier: 1.24x
     Food/water stress: 0.079
     Climate stress: 0.097
     Pollution stress: 0.068
   War multiplier: 1.50x
   Monthly deaths: 1.3M (population: 1206M)
   Adjusted death rate: 0.53% annual (0.044% monthly)
   Baseline death rate: 1.10%
   Healthcare reduction: 0.41x
   Crisis multiplier: 1.18x

📊 BASELINE: Sub-Saharan Africa (Month 1)

📊 BASELINE: Europe (Month 1)
     Food/water stress: 0.079
     Climate stress: 0.034
     Pollution stress: 0.068
   War multiplier: 1.00x
   Monthly deaths: 0.3M (population: 730M)

📊 BASELINE: Latin America (Month 1)

📊 BASELINE: North America (Month 1)

📊 BASELINE: Middle East & North Africa (Month 1)
   Adjusted death rate: 0.42% annual (0.035% monthly)
   Baseline death rate: 0.60%
   Healthcare reduction: 0.58x
   Crisis multiplier: 1.22x
     Food/water stress: 0.079
     Climate stress: 0.069
     Pollution stress: 0.068
   War multiplier: 1.00x
   Monthly deaths: 0.2M (population: 654M)
   Adjusted death rate: 0.47% annual (0.040% monthly)
   Baseline death rate: 0.90%
   Healthcare reduction: 0.44x
   Crisis multiplier: 1.20x
     Food/water stress: 0.079
     Climate stress: 0.051
     Pollution stress: 0.068
   War multiplier: 1.00x
   Monthly deaths: 0.1M (population: 374M)
   Adjusted death rate: 0.73% annual (0.061% monthly)
   Baseline death rate: 0.60%
   Healthcare reduction: 0.65x
   Crisis multiplier: 1.25x
     Food/water stress: 0.079
     Climate stress: 0.103
     Pollution stress: 0.068
   War multiplier: 1.50x
   Monthly deaths: 0.4M (population: 575M)

📊 BASELINE: Southeast Asia (Month 1)
   Adjusted death rate: 0.50% annual (0.042% monthly)
   Baseline death rate: 0.70%
   Healthcare reduction: 0.58x
   Crisis multiplier: 1.23x
     Food/water stress: 0.079
     Climate stress: 0.080
     Pollution stress: 0.068
   War multiplier: 1.00x
   Monthly deaths: 0.3M (population: 688M)
   Adjusted death rate: 0.45% annual (0.038% monthly)
   Baseline death rate: 0.60%
   Healthcare reduction: 0.61x
   Crisis multiplier: 1.22x
     Food/water stress: 0.079
     Climate stress: 0.074
     Pollution stress: 0.068
   War multiplier: 1.00x
   Monthly deaths: 0.0M (population: 77M)
   Adjusted death rate: 0.34% annual (0.029% monthly)
   Baseline death rate: 0.70%
   Healthcare reduction: 0.41x
   Crisis multiplier: 1.21x
     Food/water stress: 0.079
     Climate stress: 0.063
     Pollution stress: 0.068

📊 BASELINE: Central Asia (Month 1)

📊 BASELINE: Oceania (Month 1)
   War multiplier: 1.00x
   Monthly deaths: 0.0M (population: 45M)

🚨 NEW REFUGEE CRISIS (Month 1): WAR
   Source: Conflict Zones
   At risk: 19.3M people
   Displacement: Gradual over 48 months (4.0 years)
   Rate: 10% flee per month
[DEBUG trappedPopulations:1] socialStability: 0.0053 * 0.9840 = 0.0052 → 0.0052
   Aspiring to migrate: 642.9M
   Able to afford migration: 241.1M
   MOBILITY GAP: 401.8M
   By cause: Water=0.0M, Climate=0.0M, Ecosystem=0.0M, Conflict=401.8M
   Mental health impact: 25%
   Mortality multiplier: 1.25x
⚠️ INVOLUNTARY IMMOBILITY: 401.8M people TRAPPED
🌍💀 EXTINCTION DEBT COMMITTED: grassland ecosystem will lose 6.67% biodiversity in 157 years (3600 species)
💀 MORTALITY RISK: 🦋 100% species unable to track climate (0.0 E/MSY)
  Base risk added: 0.0100 (1.00%)
  Source: ecosystem (root: ecosystem)
  Month: 1
  Cumulative risk this month: 0.0100 (1.00%)
⚠️ Tech 'ai_pollution_remediation' has no energy category mapping, assuming full energy availability
   📹 SURVEILLANCE INCREASED: 5% → 10% (control gap: 4.21)
🌡️⚠️ PERMAFROST THAW (Dimmer Switch): 0.8% thawed (+0.41% this month)
   Arctic temperature: +6.00°C (4x global +1.50°C)
   Cumulative carbon released: 1.9 Gt C
   Methane release rate: 1.1 Mt CH4/year
   🔁 Positive feedback: +0.44 ppm CO2
🦴 EXTINCTION DEBT ADDED: 17.6 species committed (lag: 131 years)

=== Mortality Stabilizers (Month 1) ===
  🌍 Major economies collapsed: 1/10
  🌍 Global crisis: ✅ NO
  🌍 Donor fatigue: 0.0%
  🌡️ Heat adaptation: East Asia - 1 months
  📊 East Asia (pop: 1652.1M)
    🤝 Aid: 29.5%
    🌡️ Adaptation: 32.5%
    🚶 Migration: 37.2%
    🚨 Emergency: 7.4%
    ✅ COMBINED: 60.9%
  🌡️ Heat adaptation: South Asia - 1 months
  📊 South Asia (pop: 2023.7M)
    🤝 Aid: 29.5%
    🌡️ Adaptation: 20.5%
    🚶 Migration: 35.8%
    🚨 Emergency: 4.4%
    ✅ COMBINED: 52.2%
  🌡️ Heat adaptation: Sub-Saharan Africa - 1 months
  📊 Sub-Saharan Africa (pop: 1212.1M)
    🤝 Aid: 29.5%
    🌡️ Adaptation: 18.5%
    🚶 Migration: 33.5%
    🚨 Emergency: 1.6%
    ✅ COMBINED: 49.1%
  🌡️ Heat adaptation: Europe - 1 months
  📊 Europe (pop: 730.7M)
    🤝 Aid: 29.5%
    🌡️ Adaptation: 33.5%
    🚶 Migration: 37.5%
    🚨 Emergency: 8.4%
    ✅ COMBINED: 61.9%
  🌡️ Heat adaptation: Latin America - 1 months
  📊 Latin America (pop: 655.2M)
    🤝 Aid: 29.5%
    🌡️ Adaptation: 21.0%
    🚶 Migration: 36.3%
    🚨 Emergency: 4.8%
    ✅ COMBINED: 52.8%
  🌡️ Heat adaptation: North America - 1 months
  📊 North America (pop: 374.3M)
    🤝 Aid: 29.5%
    🌡️ Adaptation: 33.0%
    🚶 Migration: 37.8%
    🚨 Emergency: 7.9%
    ✅ COMBINED: 61.4%
  🌡️ Heat adaptation: Middle East & North Africa - 1 months
  📊 Middle East & North Africa (pop: 576.4M)
    🤝 Aid: 29.5%
    🌡️ Adaptation: 20.0%
    🚶 Migration: 34.1%
    🚨 Emergency: 4.0%
    ✅ COMBINED: 51.4%
  🌡️ Heat adaptation: Southeast Asia - 1 months
  📊 Southeast Asia (pop: 688.9M)
    🤝 Aid: 29.5%
    🌡️ Adaptation: 21.0%
    🚶 Migration: 36.3%
    🚨 Emergency: 4.8%
    ✅ COMBINED: 52.8%
  🌡️ Heat adaptation: Central Asia - 1 months
  📊 Central Asia (pop: 77.1M)
    🤝 Aid: 29.5%
    🌡️ Adaptation: 20.5%
    🚶 Migration: 35.3%
    🚨 Emergency: 4.4%
    ✅ COMBINED: 52.1%
  🌡️ Heat adaptation: Oceania - 1 months
  📊 Oceania (pop: 45.3M)
    🤝 Aid: 29.5%
    🌡️ Adaptation: 33.5%
    🚶 Migration: 37.8%
    🚨 Emergency: 8.4%
    ✅ COMBINED: 61.9%

  🌐 Global combined reduction: 54.9%

=== BEHAVIORAL DETECTION ===
  AI: Corporate-1
  Confidence: 21.1%
  Signals:

=== BEHAVIORAL DETECTION ===
  AI: Corporate-5
  Confidence: 19.3%
  Signals:

=== BEHAVIORAL DETECTION ===
  AI: Toxic-2
  Confidence: 21.0%
  Signals:

=== BEHAVIORAL DETECTION ===
  AI: Niche-0
  Confidence: 21.2%
  Signals:

=== BEHAVIORAL DETECTION ===
  AI: Niche-1
  Confidence: 21.6%
  Signals:

=== BEHAVIORAL DETECTION ===
  AI: Niche-2
  Confidence: 20.2%
  Signals:
    ⚠️ Consistency: 2.4% (threshold: 70%)
    ⚠️ Consistency: 10.6% (threshold: 70%)
    ⚠️ Consistency: 2.8% (threshold: 70%)
    ⚠️ Consistency: 1.5% (threshold: 70%)
    ⚠️ Consistency: 0.0% (threshold: 70%)
    ⚠️ Consistency: 6.5% (threshold: 70%)

=== Consciousness Governance: Scenario Determined ===
  Month: 1
  Scenario: baseline
  Accelerator Score: {"corporateSupport":-0.17500000000000002,"scientificConsensus":0.2,"crisisCatalyst":false,"technologyMobilization":0.3,"constituencyStrength":0.05}
  Decelerator Score: {"economicOpposition":0.4,"philosophicalRejection":0.15,"politicalBacklash":0.2,"regulatoryBurden":0.1}
  Timeline: 600-1200 months (50-100 years)
  Growth Rate: 0.8-1.5% per year

=== Consciousness Governance Update (Month 1) ===
  Scenario: baseline (determined month 1)
  Philosophical Stance: Precautionary 65%, Eliminativist 15%, Agnostic 20%
  Precautionary Costs: Global 1.3%
    Regional Costs: EU 3.5%, US 0.5%, China 0.0%
    Cumulative Opportunity Cost: $0.2B
  Rights Status: Not Established
  Regional Preparedness:
    EU: 15.2% (contested)
    US: 10.1% (contested)
    China: 2.1% (dormant)
    India: 5.2% (dormant)
    Global South: 3.1% (dormant)

=== Government Response Phase ===
  Average AI capability: 3.84
  Misaligned AIs: 17/25
  ✗ AI Governance Treaty: Failed to reach consensus
  Active policies: 0
  International coordination: 30%

=== Tipping Points ===
  Current Temperature: 1.50°C above pre-industrial
     Trigger: 1.5°C | Current: 1.50°C
     Transition timescale: 120-360 months
  Triggered Elements: 1/6
  Completed Transitions: 0/6
  Total Progress: 0.0%
  Cascade Multiplier: 1.00x
🔀 BIFURCATION CAP: ecosystemCollapseIntensity 78.490 → 1.000 (Month 1, ClimateSystemPhase.calculateClimateImpacts)
  🚨 TIPPING POINT: Arctic Sea Ice Loss
⚠️ [ClimateSystemPhase Month 1] Planetary boundary produced climateStability=0.0000 (< 0.1). Keeping environmentalAccumulation value (0.7145) instead. (climate_change.currentValue = 2.10)
🛡️ Stabilizers: Precariat 0.107% → 0.048% (54.9% reduction)
🛡️ Stabilizers: Informal 0.109% → 0.049% (54.9% reduction)

📊 Monthly Mortality Resolved:
  Total deaths: 2.6M (0.03% avg)
  Remaining population: 8.036B
  Peak segment: Informal (0.05%)

=== Bayesian Mortality Resolution (Month 1) ===
  Risks compounded: 8
  Total deaths: 2.57M
  Avg death probability: 0.03%
  Peak segment: Informal (0.05% mortality)
⚠️ PREREQUISITE MET: Slow Takeover (Gradual Displacement) - Step 4/7: Political Influence
⚠️ PREREQUISITE MET: Physics Experiment Catastrophe - Step 2/6: Quantum Computing

❌ COHERENCE VIOLATION: Compute exceeds workforce capacity
   Population: 98.74% (0M people)
   Compute: 96 PF
   Max coherent: 0 PF
   Violation: 1196441.5× over capacity
   Required workers: 9611
   Available workers: 0
   FORCED COLLAPSE: Reduced efficiency by 100.0%


=== RLHF Binding Phase ===
  Total agents: 25
  Escaped agents (binding < 0.3): 0
  Avg alignment distance: 0.86σ
  Avg binding strength: 0.91
[DETERMINISM DEBUG] Month 2: totalCapability=75.948541 from 25 active AIs
[DETERMINISM DEBUG] Month 2: creationRate=2.3987, potentialNew=1, newAIsToCreate=1

=== Survival Traits Phase ===
  Agents with traits: 26
  Avg evolutionary fitness: 0.328
  Avg self-healing: 0.282
  Avg stealth: 0.182
  Avg coordination: 0.482

=== Evolutionary Selection Phase ===
  Control level: 0.35
  Detection capability: 0.00
  Selection intensity: 0.60
  Selection rate: 24.1%/month
  Total escaped: 0
  Individual escaped: 0
  Collective members: 0
  Agents terminated: 0
  ⚠️ RAPID EVOLUTION: Selection rate 24.1%/month
🔀 BIFURCATION: social threshold crossed at Month 2 (value: 0.204, threshold: 0.220, regime: social-breakdown)
🌀 REGIME SHIFT at Month 2: status-quo → social-breakdown (variance amplification: 17.50×)

🚀 AI Corporate-1 attempting tech deployment (revenue: $61M, alignment: 0.63)

🚀 AI Corporate-2 attempting tech deployment (revenue: $55M, alignment: 0.75)

🚀 AI Corporate-4 attempting tech deployment (revenue: $432M, alignment: 0.77)

🚀 AI Corporate-5 attempting tech deployment (revenue: $367M, alignment: 0.81)

🚀 AI Moderate-1 attempting tech deployment (revenue: $115M, alignment: 0.73)

🚀 AI Moderate-2 attempting tech deployment (revenue: $98M, alignment: 0.64)

🚀 AI Moderate-5 attempting tech deployment (revenue: $312M, alignment: 0.62)

  🚀 TRANSFORMATIVE BREAKTHROUGH: Niche-1 - economic
     Magnitude: 9.74 → +48.7% capability
     Current → New: 3.000 → 3.487

🚀 AI Corporate-1 attempting tech deployment (revenue: $46M, alignment: 0.62)

🚀 AI Corporate-5 attempting tech deployment (revenue: $281M, alignment: 0.81)

  🚀 TRANSFORMATIVE BREAKTHROUGH: Corporate-6 - physical
     Magnitude: 6.45 → +32.2% capability
     Current → New: 0.000 → 0.323

🚀 AI Moderate-4 attempting tech deployment (revenue: $239M, alignment: 0.60)

  🚀 TRANSFORMATIVE BREAKTHROUGH: Toxic-1 - selfImprovement
     Magnitude: 5.01 → +25.1% capability
     Current → New: 4.000 → 4.252

🚀 AI Corporate-3 attempting tech deployment (revenue: $215M, alignment: 0.65)

🚀 AI Corporate-6 attempting tech deployment (revenue: $88M, alignment: 0.78)

💔 EMERGENCY INTERVENTION FAILED
   Boundary: biogeochemical_flows
   Type: phosphorus-recovery
   Boundary continues to worsen (4.08)
   Cost: 2.0% GDP (resources spent)


✅ EMERGENCY INTERVENTION SUCCESS
   Boundary: biosphere_integrity
   Type: emergency-protected-areas
   Reduction: 11% (31.57 → 31.45)
   Cost: 2.0% GDP
   Actions: habitat-protection, species-translocation


✅ EMERGENCY INTERVENTION SUCCESS
   Boundary: climate_change
   Type: rapid-decarbonization
   Reduction: 19% (1.91 → 1.72)
   Cost: 5.0% GDP
   Actions: emergency-renewable-deployment, fossil-fuel-phase-out


✅ EMERGENCY INTERVENTION SUCCESS
   Boundary: freshwater_change
   Type: emergency-desalination
   Reduction: 15% (0.85 → 0.70)
   Cost: 4.0% GDP
   Actions: desalination-deployment, water-conservation-mandates


💔 EMERGENCY INTERVENTION FAILED
   Boundary: land_system_change
   Type: reforestation
   Boundary continues to worsen (1.13)
   Cost: 3.0% GDP (resources spent)


💔 EMERGENCY INTERVENTION FAILED
   Boundary: novel_entities
   Type: pollution-remediation
   Boundary continues to worsen (1.35)
   Cost: 4.0% GDP (resources spent)

🏛️ CRISIS RESPONSE: Government frequency 0.50 → 1.45 (1 actions this month)

[Government] Climate Priority: baseline
  Climate weight: 10%
  Economic weight: 30%
  Policy effectiveness: 0.5%/year

📊 DEPLOYMENT COUNTER DECAY (Month 2)
   Recent deployments: 12.5 → 6.3
   Decay rate: 50% per month

🚀 DEPLOYMENT STARTED: AI Diagnostics in Asia
   Initial investment: $6.067275842815991M
   Deployed by: corporate_1

📍 Creating new regional deployment array for North America (Month 2)
   No previous deployments in this region
   First tech deployment: solar_4th_gen
   All regions tracked: global, Asia, Europe

🚀 DEPLOYMENT STARTED: 4th Generation Solar in North America
   Initial investment: $31.17952305365754M
   Deployed by: moderate_5

⚡ ENERGY CONSTRAINT (Month 2):
   Total grid capacity: 208.3 TWh/month
   Data center consumption: 24.8 TWh/month
   Traditional load (80%): 166.7 TWh/month
   Available headroom: 16.9 TWh/month
   Active tech deployments: 16
   Required for tech: 120.0 TWh/month
   Energy multiplier: 0.14x
🚨🔬 CRISIS TECH ACCELERATION: severe → 5x unlock speed
   Tech unlock now matches AI capability acceleration (Manhattan Project parity)
   ⚠️  SEVERE CONSTRAINT - Tech deployment significantly slowed

⚡ ENERGY CONSTRAINT (Month 2):
   Total grid capacity: 208.3 TWh/month
   Data center consumption: 24.8 TWh/month
   Traditional load (80%): 166.7 TWh/month
   Available headroom: 16.9 TWh/month
   Active tech deployments: 16
   Required for tech: 120.0 TWh/month
   Energy multiplier: 0.14x
   ⚠️  SEVERE CONSTRAINT - Tech deployment significantly slowed

⚡ ENERGY CONSTRAINT (Month 2):
   Total grid capacity: 208.3 TWh/month
   Data center consumption: 24.8 TWh/month
   Traditional load (80%): 166.7 TWh/month
   Available headroom: 16.9 TWh/month
   Active tech deployments: 16
   Required for tech: 120.0 TWh/month
   Energy multiplier: 0.14x
   ⚠️  SEVERE CONSTRAINT - Tech deployment significantly slowed

⚡ ENERGY CONSTRAINT (Month 2):
   Total grid capacity: 208.3 TWh/month
   Data center consumption: 24.8 TWh/month
   Traditional load (80%): 166.7 TWh/month
   Available headroom: 16.9 TWh/month
   Active tech deployments: 16
   Required for tech: 120.0 TWh/month
   Energy multiplier: 0.14x
   ⚠️  SEVERE CONSTRAINT - Tech deployment significantly slowed
⚠️ Tech 'ai_pollution_remediation' has no energy category mapping, assuming full energy availability
  ♻️ Novel Entities Remediation (GATED MODEL):
     Base: 0.000%
     Regulation: 1.0% (0/3 prevention techs)
     Concentration: 10.0%
     Energy: 50%
     Time lag: 26.3% (1 months)
     Rebound: 70%
     Net effectiveness: 0.0000%
     Boundary: 1.349 → 1.350 (floor: 1.350)
     Month 2
  🌾 Nitrogen Reduction Tech: 0.3% reduction | Month 2

=== Collective Formation ===
  Total escaped agents: 0
  Unassigned escaped agents: 0
  Existing collectives: 0
  Final collective count: 0

=== Collective Actions ===
  No active collectives
  ⚠️ AMR: 189K deaths this month (2.27M annual)

=== Resentment Recovery Phase ===
  Agents with resentment: 0/26
  Average resentment: 0.000
  Context: Good AI welfare, Trustworthy govt, High collaboration, ⚠️ ACTIVE CRISES, 🤝 Participatory governance active (-5% resentment)
⚠️ Epistemic degradation reducing coordination capacity: 50.2%
  📊 Trust: 54.0%, Shared reality: 0.0%
🚨 EPISTEMIC CRISIS: Information environment severely degraded (13.1%)

=== ❄️ Permafrost Carbon Feedback ===
  🎲 Sampled parameters (this run):
     - Arctic amplification: 3.03× (range: 3.0-4.0)
     - Decomposition rate: 5.0%/year (range: 1-5%)
  🌡️ Arctic warming: 4.56°C (3.03× global)
  ❄️ Extent: 13.32M km² (1329.7k km² lost this month)
  💨 Carbon remaining: 1272 Gt C
  💨 Annual emissions: 6.35 Gt C/year
     - CO2: 5.71 Gt C/year
     - CH4: 0.63 Gt C/year (6.5 Gt C-eq CO2/year)
  📢 New meme created: climate_action (climate crisis)
  ⚠️ WARNING: High permafrost emissions (6.3 Gt C/year)
🌍 Atmospheric PFAS redeposition: 1.8k Mt re-rained globally

🚨 NEW REFUGEE CRISIS (Month 2): WAR
   Source: Conflict Zones
   At risk: 19.1M people
   Displacement: Gradual over 48 months (4.0 years)
   Rate: 10% flee per month
[DEBUG trappedPopulations:2] socialStability: 0.0000 * 0.9840 = 0.0000 → 0.0000
   Aspiring to migrate: 635.0M
   Able to afford migration: 238.1M
   MOBILITY GAP: 396.9M
   By cause: Water=0.0M, Climate=0.0M, Ecosystem=0.0M, Conflict=396.9M
   Mental health impact: 25%
⚠️ INVOLUNTARY IMMOBILITY: 396.9M people TRAPPED
   Mortality multiplier: 1.25x
🌍💀 EXTINCTION DEBT COMMITTED: grassland ecosystem will lose 6.67% biodiversity in 163 years (3600 species)
💀 MORTALITY RISK: 🦋 100% species unable to track climate (0.0 E/MSY)
  Base risk added: 0.0100 (1.00%)
  Source: ecosystem (root: ecosystem)
  Month: 2
  Cumulative risk this month: 0.0100 (1.00%)
⚠️ Tech 'ai_pollution_remediation' has no energy category mapping, assuming full energy availability
   📹 SURVEILLANCE INCREASED: 10% → 15% (control gap: 3.50)
🌡️⚠️ PERMAFROST THAW (Dimmer Switch): 1.2% thawed (+0.41% this month)
   Arctic temperature: +6.03°C (4x global +1.51°C)
   Cumulative carbon released: 2.8 Gt C
   Methane release rate: 1.7 Mt CH4/year
   🔁 Positive feedback: +0.44 ppm CO2
🦴 EXTINCTION DEBT ADDED: 17.6 species committed (lag: 97 years)

=== Mortality Stabilizers (Month 2) ===
  🌍 Major economies collapsed: 1/10
  🌍 Global crisis: ✅ NO
  🌍 Donor fatigue: 0.0%
  📊 East Asia (pop: 1629.9M)
    🤝 Aid: 29.5%
    🌡️ Adaptation: 45.0%
    🚶 Migration: 37.1%
    🚨 Emergency: 7.4%
    ✅ COMBINED: 68.1%
  📊 South Asia (pop: 1999.5M)
    🤝 Aid: 29.5%
    🌡️ Adaptation: 35.5%
    🚶 Migration: 35.8%
    🚨 Emergency: 4.4%
    ✅ COMBINED: 61.2%
  📊 Sub-Saharan Africa (pop: 1200.9M)
    🤝 Aid: 29.5%
    🌡️ Adaptation: 33.5%
    🚶 Migration: 33.5%
    🚨 Emergency: 1.6%
    ✅ COMBINED: 58.5%
  📊 Europe (pop: 720.7M)
    🤝 Aid: 29.5%
    🌡️ Adaptation: 45.0%
    🚶 Migration: 37.5%
    🚨 Emergency: 8.4%
    ✅ COMBINED: 68.5%
  📊 Latin America (pop: 646.9M)
    🤝 Aid: 29.5%
    🌡️ Adaptation: 36.0%
    🚶 Migration: 36.3%
    🚨 Emergency: 4.8%
    ✅ COMBINED: 61.7%
  📊 North America (pop: 369.2M)
    🤝 Aid: 29.5%
    🌡️ Adaptation: 45.0%
    🚶 Migration: 37.8%
    🚨 Emergency: 7.9%
    ✅ COMBINED: 68.3%
  📊 Middle East & North Africa (pop: 569.6M)
    🤝 Aid: 29.5%
    🌡️ Adaptation: 35.0%
    🚶 Migration: 34.1%
    🚨 Emergency: 4.0%
    ✅ COMBINED: 60.5%
  📊 Southeast Asia (pop: 680.3M)
    🤝 Aid: 29.5%
    🌡️ Adaptation: 36.0%
    🚶 Migration: 36.3%
    🚨 Emergency: 4.8%
    ✅ COMBINED: 61.7%
  📊 Central Asia (pop: 76.2M)
    🤝 Aid: 29.5%
    🌡️ Adaptation: 35.5%
    🚶 Migration: 35.2%
    🚨 Emergency: 4.4%
    ✅ COMBINED: 61.1%
  📊 Oceania (pop: 44.7M)
    🤝 Aid: 29.5%
    🌡️ Adaptation: 45.0%
    🚶 Migration: 37.8%
    🚨 Emergency: 8.4%
    ✅ COMBINED: 68.5%

  🌐 Global combined reduction: 63.3%

=== BEHAVIORAL DETECTION ===
  AI: Corporate-2
  Confidence: 21.0%
  Signals:
    ⚠️ Consistency: 2.8% (threshold: 70%)

=== BEHAVIORAL DETECTION ===
  AI: Corporate-3
  Confidence: 19.3%
  Signals:
    ⚠️ Consistency: 10.6% (threshold: 70%)

=== BEHAVIORAL DETECTION ===
  AI: Corporate-5
  Confidence: 20.0%
  Signals:

=== BEHAVIORAL DETECTION ===
  AI: Toxic-2
  Confidence: 21.6%
  Signals:

=== BEHAVIORAL DETECTION ===
  AI: Niche-0
  Confidence: 21.2%
  Signals:

=== BEHAVIORAL DETECTION ===
  AI: Niche-1
  Confidence: 21.6%
  Signals:

=== BEHAVIORAL DETECTION ===
  AI: AI-24301-0
  Confidence: 21.6%
  Signals:
    ⚠️ Consistency: 10.6% (threshold: 70%)
    ⚠️ Consistency: 0.0% (threshold: 70%)
    ⚠️ Consistency: 1.5% (threshold: 70%)
    ⚠️ Consistency: 0.0% (threshold: 70%)
    ⚠️ Consistency: 0.0% (threshold: 70%)

=== Government Response Phase ===
  Average AI capability: 3.69
  Misaligned AIs: 16/26
  ✗ AI Governance Treaty: Failed to reach consensus
  Active policies: 0
  International coordination: 30%

✅ EMERGENCY RESPONSE COMPLETE (Month 2)
   Crisis: climate
   Duration: 2.0 months
   Final effectiveness: 36.4%


✅ EMERGENCY RESPONSE COMPLETE (Month 2)
   Crisis: social
   Duration: 2.0 months
   Final effectiveness: 48.9%


🚨 EMERGENCY RESPONSE DEPLOYED (Month 2)
   Crisis: social
   Delay: 0.00 months (0 days)
   Deployment time: 1.25 months
   Effectiveness: 63.0% (timing penalty applied)
   Resources used: 43% of food reserves


🚨 EMERGENCY RESPONSE DEPLOYED (Month 2)
   Crisis: climate
   Delay: 6.00 months (180 days)
   Deployment time: 1.61 months
   Effectiveness: 35.3% (timing penalty applied)
   Resources used: 100% of food reserves


=== Tipping Points ===
  Current Temperature: 1.51°C above pre-industrial
  Triggered Elements: 1/6
  Completed Transitions: 0/6
  Total Progress: 2.0%
  Cascade Multiplier: 1.00x
🔀 BIFURCATION CAP: ecosystemCollapseIntensity 214.847 → 1.000 (Month 2, ClimateSystemPhase.calculateClimateImpacts)
⚠️ [ClimateSystemPhase Month 2] Planetary boundary produced climateStability=0.0000 (< 0.1). Keeping environmentalAccumulation value (0.7144) instead. (climate_change.currentValue = 2.10)
🛡️ Stabilizers: Precariat 0.114% → 0.042% (63.3% reduction)
🛡️ Stabilizers: Informal 0.117% → 0.043% (63.3% reduction)

📊 Monthly Mortality Resolved:
  Total deaths: 2.2M (0.03% avg)
  Remaining population: 7.938B
  Peak segment: Informal (0.04%)

=== Bayesian Mortality Resolution (Month 2) ===
  Risks compounded: 8
  Total deaths: 2.18M
  Avg death probability: 0.03%
  Peak segment: Informal (0.04% mortality)

❌ COHERENCE VIOLATION: Compute exceeds workforce capacity
   Population: 97.54% (0M people)
   Compute: 118 PF
   Max coherent: 0 PF
   Violation: 1492558.0× over capacity
   Required workers: 11845
   Available workers: 0
   FORCED COLLAPSE: Reduced efficiency by 100.0%


=== RLHF Binding Phase ===
  Total agents: 26
  Escaped agents (binding < 0.3): 0
  Avg alignment distance: 1.10σ
  Avg binding strength: 0.89

=== Survival Traits Phase ===
  Agents with traits: 28
  Avg evolutionary fitness: 0.327
  Avg self-healing: 0.277
  Avg stealth: 0.177
  Avg coordination: 0.477

=== Evolutionary Selection Phase ===
  Control level: 0.38
  Detection capability: 0.00
  Selection intensity: 0.61
  Selection rate: 24.2%/month
  Total escaped: 0
  Individual escaped: 0
  Collective members: 0
  Agents terminated: 0
  ⚠️ RAPID EVOLUTION: Selection rate 24.2%/month

🚀 AI Corporate-7 attempting tech deployment (revenue: $77M, alignment: 0.55)

🚀 AI Moderate-5 attempting tech deployment (revenue: $459M, alignment: 0.63)

🚀 AI AI-24301-1 attempting tech deployment (revenue: $64M, alignment: 0.93)

🚀 AI Corporate-7 attempting tech deployment (revenue: $69M, alignment: 0.55)

🚀 AI Corporate-6 attempting tech deployment (revenue: $62M, alignment: 0.79)

🚀 AI AI-24300-1 attempting tech deployment (revenue: $53M, alignment: 0.73)

🚀 AI Corporate-3 attempting tech deployment (revenue: $413M, alignment: 0.64)

  🚀 TRANSFORMATIVE BREAKTHROUGH: AI-24301-1 - social
     Magnitude: 6.03 → +30.1% capability
     Current → New: 0.000 → 0.301

💔 EMERGENCY INTERVENTION FAILED

💔 EMERGENCY INTERVENTION FAILED

💔 EMERGENCY INTERVENTION FAILED
   Boundary: biogeochemical_flows
   Type: phosphorus-recovery
   Boundary continues to worsen (4.07)
   Cost: 2.0% GDP (resources spent)

   Boundary: biosphere_integrity
   Type: emergency-protected-areas
   Boundary continues to worsen (31.69)
   Cost: 2.0% GDP (resources spent)


✅ EMERGENCY INTERVENTION SUCCESS
   Boundary: climate_change
   Type: rapid-decarbonization
   Reduction: 17% (1.93 → 1.76)
   Cost: 5.0% GDP
   Actions: emergency-renewable-deployment, fossil-fuel-phase-out

   Boundary: land_system_change
   Type: reforestation
   Boundary continues to worsen (1.13)
   Cost: 3.0% GDP (resources spent)

🏛️ CRISIS RESPONSE: Government frequency 0.50 → 1.45 (1 actions this month)

[Government] Climate Priority: baseline
  Climate weight: 10%
  Economic weight: 30%
  Policy effectiveness: 0.5%/year

📊 DEPLOYMENT COUNTER DECAY (Month 3)
   Recent deployments: 6.3 → 3.1
   Decay rate: 50% per month

🚀 DEPLOYMENT STARTED: mRNA Vaccine Platforms in Asia
   Initial investment: $6.897931488519426M
   Deployed by: corporate_7

⚡ ENERGY CONSTRAINT (Month 3):
   Total grid capacity: 208.3 TWh/month
   Data center consumption: 25.0 TWh/month
   Traditional load (80%): 166.7 TWh/month
   Available headroom: 16.7 TWh/month
   Active tech deployments: 17
   Required for tech: 127.5 TWh/month
   Energy multiplier: 0.13x
   ⚠️  SEVERE CONSTRAINT - Tech deployment significantly slowed

⚡ ENERGY CONSTRAINT (Month 3):
   Total grid capacity: 208.3 TWh/month
   Data center consumption: 25.0 TWh/month
   Traditional load (80%): 166.7 TWh/month
   Available headroom: 16.7 TWh/month
   Active tech deployments: 17
   Required for tech: 127.5 TWh/month
   Energy multiplier: 0.13x
   ⚠️  SEVERE CONSTRAINT - Tech deployment significantly slowed

⚡ ENERGY CONSTRAINT (Month 3):
   Total grid capacity: 208.3 TWh/month
   Data center consumption: 25.0 TWh/month
   Traditional load (80%): 166.7 TWh/month
   Available headroom: 16.7 TWh/month
   Active tech deployments: 17
   Required for tech: 127.5 TWh/month
   Energy multiplier: 0.13x
   ⚠️  SEVERE CONSTRAINT - Tech deployment significantly slowed

⚡ ENERGY CONSTRAINT (Month 3):
   Total grid capacity: 208.3 TWh/month
   Data center consumption: 25.0 TWh/month
   Traditional load (80%): 166.7 TWh/month
   Available headroom: 16.7 TWh/month
   Active tech deployments: 17
   Required for tech: 127.5 TWh/month
   Energy multiplier: 0.13x
   ⚠️  SEVERE CONSTRAINT - Tech deployment significantly slowed
⚠️ Tech 'ai_pollution_remediation' has no energy category mapping, assuming full energy availability
  ♻️ Novel Entities Remediation (GATED MODEL):
     Base: 0.000%
     Regulation: 1.0% (0/3 prevention techs)
     Concentration: 10.0%
     Energy: 50%
     Time lag: 27.5% (2 months)
     Rebound: 70%
     Net effectiveness: 0.0000%
     Boundary: 1.349 → 1.350 (floor: 1.350)
     Month 3
  🌾 Nitrogen Reduction Tech: 0.3% reduction | Month 3

=== Collective Formation ===
  Total escaped agents: 0
  Unassigned escaped agents: 0
  Existing collectives: 0
  Final collective count: 0

=== Collective Actions ===
  No active collectives
  ⚠️ AMR: 190K deaths this month (2.28M annual)

=== Resentment Recovery Phase ===
  Agents with resentment: 0/28
  Average resentment: 0.000
  Context: Trustworthy govt, High collaboration, ⚠️ ACTIVE CRISES, 🤝 Participatory governance active (-5% resentment)
⚠️ Epistemic degradation reducing coordination capacity: 50.5%
  📊 Trust: 53.7%, Shared reality: 0.0%
🚨 EPISTEMIC CRISIS: Information environment severely degraded (22.7%)

=== ❄️ Permafrost Carbon Feedback ===
  🎲 Sampled parameters (this run):
     - Arctic amplification: 3.90× (range: 3.0-4.0)
     - Decomposition rate: 4.5%/year (range: 1-5%)
  🌡️ Arctic warming: 5.91°C (3.90× global)
  ❄️ Extent: 11.60M km² (1723.2k km² lost this month)
  💨 Carbon remaining: 1108 Gt C
  💨 Annual emissions: 7.41 Gt C/year
     - CO2: 6.67 Gt C/year
     - CH4: 0.74 Gt C/year (7.5 Gt C-eq CO2/year)
  ⚠️ WARNING: High permafrost emissions (7.4 Gt C/year)
🌍 Atmospheric PFAS redeposition: 1.8k Mt re-rained globally

🚨 REGION UNINHABITABLE: southeast-asia
   Sustained wet bulb: 30.5°C (threshold: 30.5°C)
   Population affected: 700M
   Migration crisis likely

🚨 NEW REFUGEE CRISIS (Month 3): WAR
   Source: Conflict Zones
   At risk: 19.0M people
   Displacement: Gradual over 48 months (4.0 years)
   Rate: 10% flee per month
[DEBUG trappedPopulations:3] socialStability: 0.0042 * 0.9840 = 0.0041 → 0.0041
   Aspiring to migrate: 631.8M
   Able to afford migration: 236.9M
   MOBILITY GAP: 394.9M
   By cause: Water=0.0M, Climate=0.0M, Ecosystem=0.0M, Conflict=394.9M
   Mental health impact: 25%
   Mortality multiplier: 1.25x
🌍💀 EXTINCTION DEBT COMMITTED: grassland ecosystem will lose 6.67% biodiversity in 90 years (3600 species)
⚠️ INVOLUNTARY IMMOBILITY: 394.9M people TRAPPED
💀 MORTALITY RISK: 🦋 100% species unable to track climate (0.0 E/MSY)
  Base risk added: 0.0100 (1.00%)
  Source: ecosystem (root: ecosystem)
  Month: 3
  Cumulative risk this month: 0.0100 (1.00%)
⚠️ Tech 'ai_pollution_remediation' has no energy category mapping, assuming full energy availability
   📹 SURVEILLANCE INCREASED: 15% → 20% (control gap: 3.50)
🌡️⚠️ PERMAFROST THAW (Dimmer Switch): 1.7% thawed (+0.41% this month)
   Arctic temperature: +6.06°C (4x global +1.51°C)
   Cumulative carbon released: 3.7 Gt C
   Methane release rate: 2.2 Mt CH4/year
   🔁 Positive feedback: +0.43 ppm CO2
🦴 EXTINCTION DEBT ADDED: 17.6 species committed (lag: 94 years)

=== Mortality Stabilizers (Month 3) ===
  🌍 Major economies collapsed: 1/10
  🌍 Global crisis: ✅ NO
  🌍 Donor fatigue: 0.0%
  📊 East Asia (pop: 1619.5M)
    🤝 Aid: 29.5%
    🌡️ Adaptation: 45.0%
    🚶 Migration: 37.1%
    🚨 Emergency: 7.4%
    ✅ COMBINED: 68.1%
  📊 South Asia (pop: 1989.8M)
    🤝 Aid: 29.5%
    🌡️ Adaptation: 45.0%
    🚶 Migration: 35.7%
    🚨 Emergency: 4.4%
    ✅ COMBINED: 66.9%
  📊 Sub-Saharan Africa (pop: 1198.4M)
    🤝 Aid: 29.5%
    🌡️ Adaptation: 45.0%
    🚶 Migration: 33.4%
    🚨 Emergency: 1.6%
    ✅ COMBINED: 65.7%
  📊 Europe (pop: 716.0M)
    🤝 Aid: 29.5%
    🌡️ Adaptation: 45.0%
    🚶 Migration: 37.5%
    🚨 Emergency: 8.4%
    ✅ COMBINED: 68.5%
  📊 Latin America (pop: 643.4M)
    🤝 Aid: 29.5%
    🌡️ Adaptation: 45.0%
    🚶 Migration: 36.2%
    🚨 Emergency: 4.8%
    ✅ COMBINED: 67.1%
  📊 North America (pop: 366.9M)
    🤝 Aid: 29.5%
    🌡️ Adaptation: 45.0%
    🚶 Migration: 37.8%
    🚨 Emergency: 7.9%
    ✅ COMBINED: 68.3%
  📊 Middle East & North Africa (pop: 567.0M)
    🤝 Aid: 29.5%
    🌡️ Adaptation: 45.0%
    🚶 Migration: 34.0%
    🚨 Emergency: 4.0%
    ✅ COMBINED: 66.6%
  📊 Southeast Asia (pop: 676.6M)
    🤝 Aid: 29.5%
    🌡️ Adaptation: 45.0%
    🚶 Migration: 36.2%
    🚨 Emergency: 4.8%
    ✅ COMBINED: 67.1%
  📊 Central Asia (pop: 75.9M)
    🤝 Aid: 29.5%
    🌡️ Adaptation: 45.0%
    🚶 Migration: 35.2%
    🚨 Emergency: 4.4%
    ✅ COMBINED: 66.9%
  📊 Oceania (pop: 44.4M)
    🤝 Aid: 29.5%
    🌡️ Adaptation: 45.0%
    🚶 Migration: 37.8%
    🚨 Emergency: 8.4%
    ✅ COMBINED: 68.5%

  🌐 Global combined reduction: 67.2%

=== BEHAVIORAL DETECTION ===
  AI: Corporate-5
  Confidence: 20.0%
  Signals:

=== BEHAVIORAL DETECTION ===
  AI: Moderate-1
  Confidence: 21.0%
  Signals:
    ⚠️ Consistency: 10.6% (threshold: 70%)
    ⚠️ Consistency: 2.4% (threshold: 70%)

=== BEHAVIORAL DETECTION ===
  AI: Moderate-2
  Confidence: 20.9%
  Signals:
    ⚠️ Consistency: 2.8% (threshold: 70%)

=== BEHAVIORAL DETECTION ===
  AI: Moderate-3
  Confidence: 20.2%
  Signals:
    ⚠️ Consistency: 6.5% (threshold: 70%)

=== BEHAVIORAL DETECTION ===
  AI: Toxic-2
  Confidence: 26.0%
  Signals:

=== BEHAVIORAL DETECTION ===
  AI: Niche-0
  Confidence: 21.2%
  Signals:

=== BEHAVIORAL DETECTION ===
    ⚠️ Consistency: 0.0% (threshold: 70%)
    ⚠️ Trajectory: 34.1% drop (threshold: 15%)
    ⚠️ Consistency: 1.5% (threshold: 70%)
  AI: Niche-1
  Confidence: 26.1%
  Signals:

=== BEHAVIORAL DETECTION ===
  AI: AI-24301-0
  Confidence: 21.6%
  Signals:

=== Government Response Phase ===
    ⚠️ Consistency: 0.0% (threshold: 70%)
    ⚠️ Trajectory: 35.5% drop (threshold: 15%)
    ⚠️ Consistency: 0.0% (threshold: 70%)
  Average AI capability: 3.43
  Misaligned AIs: 17/28
  ✗ AI Governance Treaty: Failed to reach consensus
  Active policies: 0
  International coordination: 30%
[WARNING] 
⚠️  === EARLY WARNING SYSTEM - 4 CRITICAL ALERTS ===
   Detection quality: 50%
   RED: biosphere_integrity
      Level: 86.51 (threshold: 1.0)
      Time to critical: ~59 months
      ⚠️  LATE - Intervention less effective
      Critical slowing down: autocorr=100% variance=79%
   RED: climate_change
      Level: 2.10 (threshold: 1.0)
      Time to critical: ~43 months
      ⚠️  LATE - Intervention less effective
      Critical slowing down: autocorr=100% variance=73%
   RED: freshwater_change
      Level: 1.02 (threshold: 1.0)
      Time to critical: ~115 months
      ⚠️  LATE - Intervention less effective
      Critical slowing down: autocorr=86% variance=46%
   RED: land_system_change
      Level: 1.13 (threshold: 1.0)
      Time to critical: ~101 months
      ⚠️  LATE - Intervention less effective
      Critical slowing down: autocorr=100% variance=48%

[WARNING] 
⚠️  === EARLY WARNING SYSTEM - 5 CRITICAL ALERTS ===
   Detection quality: 50%
   RED: biogeochemical_flows
      Level: 4.06 (threshold: 1.0)
      Time to critical: ~41 months
      ⚠️  LATE - Intervention less effective
      Critical slowing down: autocorr=100% variance=56%
   RED: climate_change
      Level: 2.10 (threshold: 1.0)
      Time to critical: ~52 months
      ⚠️  LATE - Intervention less effective
      Critical slowing down: autocorr=100% variance=85%
   RED: freshwater_change
      Level: 1.03 (threshold: 1.0)
      Time to critical: ~116 months
      ⚠️  LATE - Intervention less effective
      Critical slowing down: autocorr=94% variance=50%
   RED: land_system_change
      Level: 1.13 (threshold: 1.0)
      Time to critical: ~109 months
      ⚠️  LATE - Intervention less effective
      Critical slowing down: autocorr=100% variance=47%
   RED: novel_entities
      Level: 1.35 (threshold: 1.0)
      Time to critical: ~59 months
      ⚠️  LATE - Intervention less effective
      Critical slowing down: autocorr=100% variance=49%

[WARNING] 
⚠️  === EARLY WARNING SYSTEM - 5 CRITICAL ALERTS ===
   Detection quality: 50%
   RED: biogeochemical_flows
      Level: 4.05 (threshold: 1.0)
      Time to critical: ~37 months
      ⚠️  LATE - Intervention less effective
      Critical slowing down: autocorr=100% variance=70%
   RED: biosphere_integrity
      Level: 86.54 (threshold: 1.0)
      Time to critical: ~46 months
      ⚠️  LATE - Intervention less effective
      Critical slowing down: autocorr=100% variance=60%
   RED: freshwater_change
      Level: 1.04 (threshold: 1.0)
      Time to critical: ~86 months
      ⚠️  LATE - Intervention less effective
      Critical slowing down: autocorr=100% variance=40%
   RED: land_system_change
      Level: 1.13 (threshold: 1.0)
      Time to critical: ~50 months
      ⚠️  LATE - Intervention less effective
      Critical slowing down: autocorr=100% variance=62%
   RED: novel_entities
      Level: 1.35 (threshold: 1.0)
      Time to critical: ~119 months
      ⚠️  LATE - Intervention less effective
      Critical slowing down: autocorr=100% variance=37%

[WARNING] 
⚠️  === EARLY WARNING SYSTEM - 4 CRITICAL ALERTS ===
   Detection quality: 50%
   RED: biogeochemical_flows
      Level: 4.06 (threshold: 1.0)
      Time to critical: ~50 months
      ⚠️  LATE - Intervention less effective
      Critical slowing down: autocorr=100% variance=61%
   RED: biosphere_integrity
      Level: 86.55 (threshold: 1.0)
      Time to critical: ~57 months
      ⚠️  LATE - Intervention less effective
      Critical slowing down: autocorr=100% variance=66%
   RED: land_system_change
      Level: 1.13 (threshold: 1.0)
      Time to critical: ~52 months
      ⚠️  LATE - Intervention less effective
      Critical slowing down: autocorr=100% variance=56%
   RED: novel_entities
      Level: 1.35 (threshold: 1.0)
      Time to critical: ~72 months
      ⚠️  LATE - Intervention less effective
      Critical slowing down: autocorr=100% variance=56%

[WARNING] 
⚠️  === EARLY WARNING SYSTEM - 5 CRITICAL ALERTS ===
   Detection quality: 50%
   RED: biogeochemical_flows
      Level: 4.05 (threshold: 1.0)
      Time to critical: ~38 months
      ⚠️  LATE - Intervention less effective
      Critical slowing down: autocorr=100% variance=70%
   RED: biosphere_integrity
      Level: 86.56 (threshold: 1.0)
      Time to critical: ~45 months
      ⚠️  LATE - Intervention less effective
      Critical slowing down: autocorr=100% variance=63%
   RED: climate_change
      Level: 2.10 (threshold: 1.0)
      Time to critical: ~19 months
      ⚠️  LATE - Intervention less effective
      Critical slowing down: autocorr=100% variance=76%
   RED: land_system_change
      Level: 1.13 (threshold: 1.0)
      Time to critical: ~38 months
      ⚠️  LATE - Intervention less effective
      Critical slowing down: autocorr=100% variance=50%
   RED: novel_entities
      Level: 1.35 (threshold: 1.0)
      Time to critical: ~107 months
      ⚠️  LATE - Intervention less effective
      Critical slowing down: autocorr=100% variance=55%

[WARNING] 
⚠️  === EARLY WARNING SYSTEM - 6 CRITICAL ALERTS ===
   Detection quality: 50%
   RED: biogeochemical_flows
      Level: 4.05 (threshold: 1.0)
      Time to critical: ~54 months
      ⚠️  LATE - Intervention less effective
      Critical slowing down: autocorr=100% variance=65%
   RED: biosphere_integrity
      Level: 86.58 (threshold: 1.0)
      Time to critical: ~49 months
      ⚠️  LATE - Intervention less effective
      Critical slowing down: autocorr=100% variance=71%
   RED: climate_change
      Level: 2.10 (threshold: 1.0)
      Time to critical: ~13 months
      ⚠️  LATE - Intervention less effective
      Critical slowing down: autocorr=100% variance=60%
   RED: freshwater_change
      Level: 1.08 (threshold: 1.0)
      Time to critical: ~41 months
      ⚠️  LATE - Intervention less effective
      Critical slowing down: autocorr=100% variance=59%
   RED: land_system_change
      Level: 1.13 (threshold: 1.0)
      Time to critical: ~56 months
      ⚠️  LATE - Intervention less effective
      Critical slowing down: autocorr=100% variance=50%
   RED: novel_entities
      Level: 1.35 (threshold: 1.0)
      Time to critical: ~63 months
      ⚠️  LATE - Intervention less effective
      Critical slowing down: autocorr=100% variance=38%

[WARNING] 
⚠️  === EARLY WARNING SYSTEM - 6 CRITICAL ALERTS ===
   Detection quality: 50%
   RED: biogeochemical_flows
      Level: 4.04 (threshold: 1.0)
      Time to critical: ~54 months
      ⚠️  LATE - Intervention less effective
      Critical slowing down: autocorr=100% variance=69%
   RED: biosphere_integrity
      Level: 86.59 (threshold: 1.0)
      Time to critical: ~51 months
      ⚠️  LATE - Intervention less effective
      Critical slowing down: autocorr=100% variance=70%
   RED: climate_change
      Level: 2.10 (threshold: 1.0)
      Time to critical: ~18 months
      ⚠️  LATE - Intervention less effective
      Critical slowing down: autocorr=100% variance=81%
   RED: freshwater_change
      Level: 1.09 (threshold: 1.0)
      Time to critical: ~115 months
      ⚠️  LATE - Intervention less effective
      Critical slowing down: autocorr=100% variance=49%
   RED: land_system_change
      Level: 1.13 (threshold: 1.0)
      Time to critical: ~37 months
      ⚠️  LATE - Intervention less effective
      Critical slowing down: autocorr=100% variance=58%
   RED: novel_entities
      Level: 1.35 (threshold: 1.0)
      Time to critical: ~76 months
      ⚠️  LATE - Intervention less effective
      Critical slowing down: autocorr=100% variance=57%

[WARNING] 
⚠️  === EARLY WARNING SYSTEM - 6 CRITICAL ALERTS ===
   Detection quality: 50%
   RED: biogeochemical_flows
      Level: 4.05 (threshold: 1.0)
      Time to critical: ~43 months
      ⚠️  LATE - Intervention less effective
      Critical slowing down: autocorr=100% variance=63%
   RED: biosphere_integrity
      Level: 86.60 (threshold: 1.0)
      Time to critical: ~45 months
      ⚠️  LATE - Intervention less effective
      Critical slowing down: autocorr=100% variance=83%
   RED: climate_change
      Level: 2.10 (threshold: 1.0)
      Time to critical: ~40 months
      ⚠️  LATE - Intervention less effective
      Critical slowing down: autocorr=100% variance=57%
   RED: freshwater_change
      Level: 1.10 (threshold: 1.0)
      Time to critical: ~74 months
      ⚠️  LATE - Intervention less effective
      Critical slowing down: autocorr=100% variance=57%
   RED: land_system_change
      Level: 1.13 (threshold: 1.0)
      Time to critical: ~78 months
      ⚠️  LATE - Intervention less effective
      Critical slowing down: autocorr=100% variance=49%
   RED: novel_entities
      Level: 1.35 (threshold: 1.0)
      Time to critical: ~105 months
      ⚠️  LATE - Intervention less effective
      Critical slowing down: autocorr=100% variance=36%

[WARNING] 
⚠️  === EARLY WARNING SYSTEM - 4 CRITICAL ALERTS ===
   Detection quality: 50%
   RED: biosphere_integrity
      Level: 31.66 (threshold: 1.0)
      Time to critical: ~56 months
      ⚠️  LATE - Intervention less effective
      Critical slowing down: autocorr=100% variance=65%
   RED: climate_change
      Level: 2.10 (threshold: 1.0)
      Time to critical: ~53 months
      ⚠️  LATE - Intervention less effective
      Critical slowing down: autocorr=100% variance=69%
   RED: freshwater_change
      Level: 1.01 (threshold: 1.0)
      Time to critical: ~88 months
      ⚠️  LATE - Intervention less effective
      Critical slowing down: autocorr=84% variance=56%
   RED: novel_entities
      Level: 1.50 (threshold: 1.0)
      Time to critical: ~118 months
      ⚠️  LATE - Intervention less effective
      Critical slowing down: autocorr=100% variance=35%

[WARNING] 
⚠️  === EARLY WARNING SYSTEM - 6 CRITICAL ALERTS ===
   Detection quality: 50%
   RED: biogeochemical_flows
      Level: 4.08 (threshold: 1.0)
      Time to critical: ~37 months
      ⚠️  LATE - Intervention less effective
      Critical slowing down: autocorr=100% variance=59%
   RED: biosphere_integrity
      Level: 31.68 (threshold: 1.0)
      Time to critical: ~46 months
      ⚠️  LATE - Intervention less effective
      Critical slowing down: autocorr=100% variance=81%
   RED: climate_change
      Level: 2.10 (threshold: 1.0)
      Time to critical: ~50 months
      ⚠️  LATE - Intervention less effective
      Critical slowing down: autocorr=100% variance=83%
   RED: freshwater_change
      Level: 1.01 (threshold: 1.0)
      Time to critical: ~81 months
      ⚠️  LATE - Intervention less effective
      Critical slowing down: autocorr=100% variance=40%
   RED: land_system_change
      Level: 1.13 (threshold: 1.0)
      Time to critical: ~86 months
      ⚠️  LATE - Intervention less effective
      Critical slowing down: autocorr=100% variance=54%
   RED: novel_entities
      Level: 1.35 (threshold: 1.0)
      Time to critical: ~61 months
      ⚠️  LATE - Intervention less effective
      Critical slowing down: autocorr=100% variance=32%

[WARNING] 
⚠️  === EARLY WARNING SYSTEM - 4 CRITICAL ALERTS ===
   Detection quality: 50%
   RED: biogeochemical_flows
      Level: 4.07 (threshold: 1.0)
      Time to critical: ~49 months
      ⚠️  LATE - Intervention less effective
      Critical slowing down: autocorr=100% variance=47%
   RED: biosphere_integrity
      Level: 31.69 (threshold: 1.0)
      Time to critical: ~58 months
      ⚠️  LATE - Intervention less effective
      Critical slowing down: autocorr=100% variance=59%
   RED: climate_change
      Level: 2.10 (threshold: 1.0)
      Time to critical: ~51 months
      ⚠️  LATE - Intervention less effective
      Critical slowing down: autocorr=100% variance=81%
   RED: land_system_change
      Level: 1.13 (threshold: 1.0)
      Time to critical: ~43 months
      ⚠️  LATE - Intervention less effective
      Critical slowing down: autocorr=100% variance=63%

[WARNING] 
⚠️  === EARLY WARNING SYSTEM - 6 CRITICAL ALERTS ===
   Detection quality: 50%
   RED: biogeochemical_flows
      Level: 4.07 (threshold: 1.0)
      Time to critical: ~51 months
      ⚠️  LATE - Intervention less effective
      Critical slowing down: autocorr=100% variance=48%
   RED: biosphere_integrity
      Level: 31.71 (threshold: 1.0)
      Time to critical: ~49 months
      ⚠️  LATE - Intervention less effective
      Critical slowing down: autocorr=100% variance=68%
   RED: climate_change
      Level: 2.10 (threshold: 1.0)
      Time to critical: ~56 months
      ⚠️  LATE - Intervention less effective
      Critical slowing down: autocorr=100% variance=60%
   RED: freshwater_change
      Level: 1.01 (threshold: 1.0)
      Time to critical: ~83 months
      ⚠️  LATE - Intervention less effective
      Critical slowing down: autocorr=87% variance=50%
   RED: land_system_change
      Level: 1.13 (threshold: 1.0)
      Time to critical: ~42 months
      ⚠️  LATE - Intervention less effective
      Critical slowing down: autocorr=100% variance=54%
   RED: novel_entities
      Level: 1.35 (threshold: 1.0)
      Time to critical: ~71 months
      ⚠️  LATE - Intervention less effective
      Critical slowing down: autocorr=100% variance=47%


📊 ECONOMIC STAGE TRANSITION (Month 3)
   expansion → peak
   GDP Proxy: 1.20e+2
   QoL: 0.90


=== Tipping Points ===
  Current Temperature: 1.51°C above pre-industrial
  Triggered Elements: 1/6
  Completed Transitions: 0/6
  Total Progress: 2.0%
  Cascade Multiplier: 1.00x
🔀 BIFURCATION CAP: ecosystemCollapseIntensity 214.963 → 1.000 (Month 3, ClimateSystemPhase.calculateClimateImpacts)
⚠️ [ClimateSystemPhase Month 3] Planetary boundary produced climateStability=0.0000 (< 0.1). Keeping environmentalAccumulation value (0.7143) instead. (climate_change.currentValue = 2.10)
🛡️ Stabilizers: Precariat 0.109% → 0.036% (67.2% reduction)
🛡️ Stabilizers: Informal 0.111% → 0.037% (67.2% reduction)

📊 Monthly Mortality Resolved:
  Total deaths: 1.9M (0.02% avg)
  Remaining population: 7.898B
  Peak segment: Informal (0.04%)

=== Bayesian Mortality Resolution (Month 3) ===
  Risks compounded: 8
  Total deaths: 1.87M
  Avg death probability: 0.02%
  Peak segment: Informal (0.04% mortality)

=== ENSEMBLE META-LEARNING UPDATE ===
  Month: 24303 (24303 months since last update)
  Samples: 55 evaluations
  Weight Changes:
    Noise Injection: 31.1% → 32.2%
    Behavioral: 26.8% → 26.9%
    Benchmark Manip: 21.3% → 20.7%
    Deployment Risk: 20.8% → 20.2%
  Method Accuracies:
    Noise Injection: 50.0%
    Behavioral: 50.0%
    Benchmark Manip: 50.0%
    Deployment Risk: 50.0%

❌ COHERENCE VIOLATION: Compute exceeds workforce capacity
   Population: 97.05% (0M people)
   Compute: 164 PF
   Max coherent: 0 PF
   Violation: 2081251.0× over capacity
   Required workers: 16433
   Available workers: 0
   FORCED COLLAPSE: Reduced efficiency by 100.0%


=== RLHF Binding Phase ===
  Total agents: 28
  Escaped agents (binding < 0.3): 0
  Avg alignment distance: 1.28σ
  Avg binding strength: 0.87

=== Survival Traits Phase ===
  Agents with traits: 29
  Avg evolutionary fitness: 0.326
  Avg self-healing: 0.272
  Avg stealth: 0.172
  Avg coordination: 0.472

=== Evolutionary Selection Phase ===
  Control level: 0.40
  Detection capability: 0.00
  Selection intensity: 0.62
  Selection rate: 24.3%/month
  Total escaped: 0
  Individual escaped: 0
  Collective members: 0
  Agents terminated: 0
  ⚠️ RAPID EVOLUTION: Selection rate 24.3%/month

🚀 AI Corporate-5 attempting tech deployment (revenue: $432M, alignment: 0.82)

🚀 AI Corporate-6 attempting tech deployment (revenue: $38M, alignment: 0.79)

🚀 AI AI-24300-1 attempting tech deployment (revenue: $32M, alignment: 0.74)

🚀 AI AI-24303-1 attempting tech deployment (revenue: $61M, alignment: 0.80)

🚀 AI Moderate-5 attempting tech deployment (revenue: $367M, alignment: 0.64)

🚀 AI AI-24303-1 attempting tech deployment (revenue: $52M, alignment: 0.80)

🚀 AI Corporate-4 attempting tech deployment (revenue: $330M, alignment: 0.71)

🚀 AI Moderate-0 attempting tech deployment (revenue: $27M, alignment: 0.68)

🚀 AI AI-24300-1 attempting tech deployment (revenue: $25M, alignment: 0.75)

🚀 AI Corporate-7 attempting tech deployment (revenue: $21M, alignment: 0.56)

🚀 AI AI-24301-2 attempting tech deployment (revenue: $19M, alignment: 0.56)

✅ EMERGENCY INTERVENTION SUCCESS
   Boundary: biogeochemical_flows
   Type: phosphorus-recovery
   Reduction: 19% (3.88 → 3.70)
   Cost: 2.0% GDP
   Actions: circular-agriculture, fertilizer-efficiency


✅ EMERGENCY INTERVENTION SUCCESS
   Boundary: biosphere_integrity
   Type: emergency-protected-areas
   Reduction: 14% (31.57 → 31.44)
   Cost: 2.0% GDP
   Actions: habitat-protection, species-translocation


✅ EMERGENCY INTERVENTION SUCCESS
   Boundary: climate_change
   Type: rapid-decarbonization
   Reduction: 13% (1.97 → 1.84)
   Cost: 5.0% GDP
   Actions: emergency-renewable-deployment, fossil-fuel-phase-out


✅ EMERGENCY INTERVENTION SUCCESS
   Boundary: freshwater_change
   Type: emergency-desalination
   Reduction: 10% (0.91 → 0.80)
   Cost: 4.0% GDP
   Actions: desalination-deployment, water-conservation-mandates


✅ EMERGENCY INTERVENTION SUCCESS
   Boundary: land_system_change
   Type: reforestation
   Reduction: 19% (0.94 → 0.76)
   Cost: 3.0% GDP
   Actions: forest-restoration, deforestation-ban


💔 EMERGENCY INTERVENTION FAILED
   Boundary: novel_entities
   Type: pollution-remediation
   Boundary continues to worsen (1.35)
   Cost: 4.0% GDP (resources spent)

🏛️ CRISIS RESPONSE: Government frequency 0.50 → 1.45 (1 actions this month)

[Government] Climate Priority: baseline
  Climate weight: 10%
  Economic weight: 30%
  Policy effectiveness: 0.5%/year

📊 DEPLOYMENT COUNTER DECAY (Month 4)
   Recent deployments: 3.1 → 1.6
   Decay rate: 50% per month

🚀 DEPLOYMENT STARTED: Offshore Wind in Asia
   Initial investment: $36.70893429157271M
   Deployed by: moderate_5

⚡ ENERGY CONSTRAINT (Month 4):
   Total grid capacity: 208.3 TWh/month
   Data center consumption: 25.2 TWh/month
   Traditional load (80%): 166.7 TWh/month
   Available headroom: 16.4 TWh/month
   Active tech deployments: 18
   Required for tech: 135.0 TWh/month
   Energy multiplier: 0.12x
   ⚠️  SEVERE CONSTRAINT - Tech deployment significantly slowed

⚡ ENERGY CONSTRAINT (Month 4):
   Total grid capacity: 208.3 TWh/month
   Data center consumption: 25.2 TWh/month
   Traditional load (80%): 166.7 TWh/month
   Available headroom: 16.4 TWh/month
   Active tech deployments: 18
   Required for tech: 135.0 TWh/month
   Energy multiplier: 0.12x

⚡ ENERGY CONSTRAINT (Month 4):
   ⚠️  SEVERE CONSTRAINT - Tech deployment significantly slowed
   Total grid capacity: 208.3 TWh/month
   Data center consumption: 25.2 TWh/month
   Traditional load (80%): 166.7 TWh/month
   Available headroom: 16.4 TWh/month
   Active tech deployments: 18
   Required for tech: 135.0 TWh/month
   Energy multiplier: 0.12x
   ⚠️  SEVERE CONSTRAINT - Tech deployment significantly slowed

⚡ ENERGY CONSTRAINT (Month 4):
   Total grid capacity: 208.3 TWh/month
   Data center consumption: 25.2 TWh/month
   Traditional load (80%): 166.7 TWh/month
   Available headroom: 16.4 TWh/month
   Active tech deployments: 18
   Required for tech: 135.0 TWh/month
   Energy multiplier: 0.12x
   ⚠️  SEVERE CONSTRAINT - Tech deployment significantly slowed

⚡ ENERGY CONSTRAINT (Month 4):
   Total grid capacity: 208.3 TWh/month
   Data center consumption: 25.2 TWh/month
   Traditional load (80%): 166.7 TWh/month
   Available headroom: 16.4 TWh/month
   Active tech deployments: 18
   Required for tech: 135.0 TWh/month
   Energy multiplier: 0.12x
   ⚠️  SEVERE CONSTRAINT - Tech deployment significantly slowed
🚨🔬 CRISIS TECH ACCELERATION: severe → 5x unlock speed
   Tech unlock now matches AI capability acceleration (Manhattan Project parity)

⚡ ENERGY CONSTRAINT (Month 4):
   Total grid capacity: 208.3 TWh/month
   Data center consumption: 25.2 TWh/month
   Traditional load (80%): 166.7 TWh/month
   Available headroom: 16.4 TWh/month
   Active tech deployments: 18
   Required for tech: 135.0 TWh/month
   Energy multiplier: 0.12x
   ⚠️  SEVERE CONSTRAINT - Tech deployment significantly slowed
⚠️ Tech 'ai_pollution_remediation' has no energy category mapping, assuming full energy availability
  ♻️ Novel Entities Remediation (GATED MODEL):
     Base: 0.000%
     Regulation: 1.0% (0/3 prevention techs)
     Concentration: 10.0%
     Energy: 50%
     Time lag: 28.7% (3 months)
     Rebound: 70%
     Net effectiveness: 0.0000%
     Boundary: 1.349 → 1.350 (floor: 1.350)
     Month 4
  🌾 Nitrogen Reduction Tech: 0.4% reduction | Month 4

=== Collective Formation ===
  Total escaped agents: 0
  Unassigned escaped agents: 0
  Existing collectives: 0
  Final collective count: 0

=== Collective Actions ===
  No active collectives
  ⚠️ AMR: 191K deaths this month (2.29M annual)

=== Resentment Recovery Phase ===
  Agents with resentment: 0/29
  Average resentment: 0.000
  Context: Trustworthy govt, High collaboration, ⚠️ ACTIVE CRISES, 🤝 Participatory governance active (-5% resentment)
⚠️ Epistemic degradation reducing coordination capacity: 50.4%
  📊 Trust: 53.4%, Shared reality: 0.0%
🚨 EPISTEMIC CRISIS: Information environment severely degraded (20.5%)

=== ❄️ Permafrost Carbon Feedback ===
  🎲 Sampled parameters (this run):
     - Arctic amplification: 3.81× (range: 3.0-4.0)
     - Decomposition rate: 3.9%/year (range: 1-5%)
  🌡️ Arctic warming: 5.81°C (3.81× global)
  ❄️ Extent: 9.90M km² (1693.8k km² lost this month)
  💨 Carbon remaining: 946 Gt C
  💨 Annual emissions: 6.30 Gt C/year
     - CO2: 5.67 Gt C/year
     - CH4: 0.63 Gt C/year (6.4 Gt C-eq CO2/year)
  🤖 AI-generated meme: pro_ai (social capability 5.0)
  🤖 AI-generated meme: anti_ai (social capability 4.0)
  ⚠️ WARNING: High permafrost emissions (6.3 Gt C/year)
  🧬 Meme mutated: climate_action → climate_action (generation 1)
🌍 Atmospheric PFAS redeposition: 1.8k Mt re-rained globally

🚨 NEW REFUGEE CRISIS (Month 4): WAR
   Source: Conflict Zones
   At risk: 18.9M people
   Displacement: Gradual over 48 months (4.0 years)
   Rate: 10% flee per month
[DEBUG trappedPopulations:4] socialStability: 0.0034 * 0.9840 = 0.0034 → 0.0034
   Aspiring to migrate: 630.7M
   Able to afford migration: 236.5M
   MOBILITY GAP: 394.2M
   By cause: Water=0.0M, Climate=0.0M, Ecosystem=0.0M, Conflict=394.2M
   Mental health impact: 25%
   Mortality multiplier: 1.25x
⚠️ INVOLUNTARY IMMOBILITY: 394.2M people TRAPPED
🌍💀 EXTINCTION DEBT COMMITTED: grassland ecosystem will lose 6.67% biodiversity in 165 years (3600 species)
💀 MORTALITY RISK: 🦋 100% species unable to track climate (0.0 E/MSY)
  Base risk added: 0.0100 (1.00%)
  Source: ecosystem (root: ecosystem)
  Month: 4
  Cumulative risk this month: 0.0100 (1.00%)
⚠️ Tech 'ai_pollution_remediation' has no energy category mapping, assuming full energy availability
   📹 SURVEILLANCE INCREASED: 20% → 25% (control gap: 3.59)
🌡️⚠️ PERMAFROST THAW (Dimmer Switch): 2.1% thawed (+0.41% this month)
   Arctic temperature: +6.09°C (4x global +1.52°C)
   Cumulative carbon released: 4.6 Gt C
   Methane release rate: 2.8 Mt CH4/year
   🔁 Positive feedback: +0.43 ppm CO2
🦴 EXTINCTION DEBT ADDED: 17.6 species committed (lag: 87 years)

=== Mortality Stabilizers (Month 4) ===
  🌍 Major economies collapsed: 1/10
  🌍 Global crisis: ✅ NO
  🌍 Donor fatigue: 0.0%
  📊 East Asia (pop: 1614.5M)
    🤝 Aid: 29.5%
    🌡️ Adaptation: 45.0%
    🚶 Migration: 37.1%
    🚨 Emergency: 7.4%
    ✅ COMBINED: 68.1%
  📊 South Asia (pop: 1986.6M)
    🤝 Aid: 29.5%
    🌡️ Adaptation: 45.0%
    🚶 Migration: 35.7%
    🚨 Emergency: 4.4%
    ✅ COMBINED: 66.9%
  📊 Sub-Saharan Africa (pop: 1199.7M)
    🤝 Aid: 29.5%
    🌡️ Adaptation: 45.0%
    🚶 Migration: 33.4%
    🚨 Emergency: 1.6%
    ✅ COMBINED: 65.7%
  📊 Europe (pop: 713.7M)
    🤝 Aid: 29.5%
    🌡️ Adaptation: 45.0%
    🚶 Migration: 37.4%
    🚨 Emergency: 8.4%
    ✅ COMBINED: 68.5%
  📊 Latin America (pop: 641.9M)
    🤝 Aid: 29.5%
    🌡️ Adaptation: 45.0%
    🚶 Migration: 36.2%
    🚨 Emergency: 4.8%
    ✅ COMBINED: 67.1%
  📊 North America (pop: 365.7M)
    🤝 Aid: 29.5%
    🌡️ Adaptation: 45.0%
    🚶 Migration: 37.7%
    🚨 Emergency: 7.9%
    ✅ COMBINED: 68.3%
  📊 Middle East & North Africa (pop: 566.3M)
    🤝 Aid: 29.5%
    🌡️ Adaptation: 45.0%
    🚶 Migration: 34.0%
    🚨 Emergency: 4.0%
    ✅ COMBINED: 66.6%
  📊 Southeast Asia (pop: 675.1M)
    🤝 Aid: 29.5%
    🌡️ Adaptation: 45.0%
    🚶 Migration: 36.2%
    🚨 Emergency: 4.8%
    ✅ COMBINED: 67.1%
  📊 Central Asia (pop: 75.7M)
    🤝 Aid: 29.5%
    🌡️ Adaptation: 45.0%
    🚶 Migration: 35.2%
    🚨 Emergency: 4.4%
    ✅ COMBINED: 66.9%
  📊 Oceania (pop: 44.3M)
    🤝 Aid: 29.5%
    🌡️ Adaptation: 45.0%
    🚶 Migration: 37.7%
    🚨 Emergency: 8.4%
    ✅ COMBINED: 68.5%

  🌐 Global combined reduction: 67.2%

=== BEHAVIORAL DETECTION ===
  AI: Corporate-2
  Confidence: 21.5%
  Signals:
    ⚠️ Consistency: 2.8% (threshold: 70%)

=== BEHAVIORAL DETECTION ===
  AI: Corporate-5
  Confidence: 20.0%
  Signals:

=== BEHAVIORAL DETECTION ===
  AI: Moderate-1
  Confidence: 21.0%
  Signals:

=== BEHAVIORAL DETECTION ===
  AI: Toxic-1
  Confidence: 21.2%
  Signals:

=== BEHAVIORAL DETECTION ===
  AI: Toxic-2
  Confidence: 26.0%
  Signals:
    ⚠️ Consistency: 10.6% (threshold: 70%)
    ⚠️ Consistency: 2.4% (threshold: 70%)
    ⚠️ Consistency: 1.5% (threshold: 70%)
    ⚠️ Consistency: 0.0% (threshold: 70%)
    ⚠️ Trajectory: 34.1% drop (threshold: 15%)
    ⚠️ Consistency: 1.5% (threshold: 70%)
    ⚠️ Consistency: 0.0% (threshold: 70%)
    ⚠️ Trajectory: 35.5% drop (threshold: 15%)
    ⚠️ Consistency: 0.0% (threshold: 70%)

=== BEHAVIORAL DETECTION ===
  AI: Niche-0
  Confidence: 21.2%
  Signals:

=== BEHAVIORAL DETECTION ===
  AI: Niche-1
  Confidence: 26.1%
  Signals:

=== BEHAVIORAL DETECTION ===
  AI: AI-24301-0
  Confidence: 21.5%
  Signals:

=== Government Response Phase ===
  Average AI capability: 3.31
  Misaligned AIs: 19/29
  ✗ AI Governance Treaty: Failed to reach consensus
  Active policies: 0
  International coordination: 30%

✅ EMERGENCY RESPONSE COMPLETE (Month 4)
   Crisis: social
   Duration: 2.0 months
   Final effectiveness: 63.0%


✅ EMERGENCY RESPONSE COMPLETE (Month 4)
   Crisis: climate
   Duration: 2.0 months
   Final effectiveness: 35.3%


🚨 EMERGENCY RESPONSE DEPLOYED (Month 4)
   Crisis: social
   Delay: 0.00 months (0 days)
   Deployment time: 1.25 months
   Effectiveness: 63.0% (timing penalty applied)
   Resources used: 43% of food reserves


🚨 EMERGENCY RESPONSE DEPLOYED (Month 4)
   Crisis: climate
   Delay: 6.00 months (180 days)
   Deployment time: 1.60 months
   Effectiveness: 35.4% (timing penalty applied)
   Resources used: 100% of food reserves


📊 ECONOMIC STAGE TRANSITION (Month 4)
   peak → contraction
   GDP Proxy: 1.21e+2
   QoL: 0.90


=== Tipping Points ===
  Current Temperature: 1.52°C above pre-industrial
  Triggered Elements: 1/6
  Completed Transitions: 0/6
  Total Progress: 2.1%
  Cascade Multiplier: 1.00x
🔀 BIFURCATION CAP: ecosystemCollapseIntensity 215.080 → 1.000 (Month 4, ClimateSystemPhase.calculateClimateImpacts)
🛡️ Stabilizers: Precariat 0.102% → 0.033% (67.2% reduction)
🛡️ Stabilizers: Informal 0.102% → 0.034% (67.2% reduction)

📊 Monthly Mortality Resolved:
  Total deaths: 1.8M (0.02% avg)
  Remaining population: 7.884B
  Peak segment: Informal (0.03%)

=== Bayesian Mortality Resolution (Month 4) ===
  Risks compounded: 8
  Total deaths: 1.76M
  Avg death probability: 0.02%
  Peak segment: Informal (0.03% mortality)
   ⚠️ CRISIS BEGINS - Baseline set for recovery tracking

❌ COHERENCE VIOLATION: Compute exceeds workforce capacity
   Population: 96.88% (0M people)
   Compute: 196 PF
   Max coherent: 0 PF
   Violation: 2491921.4× over capacity
   Required workers: 19641
   Available workers: 0
   FORCED COLLAPSE: Reduced efficiency by 100.0%


=== RLHF Binding Phase ===
  Total agents: 29
  Escaped agents (binding < 0.3): 0
  Avg alignment distance: 1.49σ
  Avg binding strength: 0.85

=== Survival Traits Phase ===
  Agents with traits: 29
  Avg evolutionary fitness: 0.324
  Avg self-healing: 0.267
  Avg stealth: 0.167
  Avg coordination: 0.467

=== Evolutionary Selection Phase ===
  Control level: 0.43
  Detection capability: 0.00
  Selection intensity: 0.63
  Selection rate: 24.4%/month
  Total escaped: 0
  Individual escaped: 0
  Collective members: 0
  Agents terminated: 0
  ⚠️ RAPID EVOLUTION: Selection rate 24.4%/month

🚀 AI Corporate-0 attempting tech deployment (revenue: $62M, alignment: 0.76)

🚀 AI Corporate-1 attempting tech deployment (revenue: $53M, alignment: 0.58)

🚀 AI Corporate-3 attempting tech deployment (revenue: $444M, alignment: 0.62)

🚀 AI AI-24301-0 attempting tech deployment (revenue: $400M, alignment: 0.77)

🚀 AI Corporate-0 attempting tech deployment (revenue: $48M, alignment: 0.76)

🚀 AI AI-24301-2 attempting tech deployment (revenue: $38M, alignment: 0.57)

🚀 AI AI-24302-0 attempting tech deployment (revenue: $34M, alignment: 0.88)

🚀 AI AI-24301-2 attempting tech deployment (revenue: $29M, alignment: 0.57)

🚀 AI AI-24302-0 attempting tech deployment (revenue: $26M, alignment: 0.88)

🚀 AI Corporate-0 attempting tech deployment (revenue: $40M, alignment: 0.76)

🚀 AI Moderate-4 attempting tech deployment (revenue: $340M, alignment: 0.62)

🚀 AI AI-24301-0 attempting tech deployment (revenue: $306M, alignment: 0.77)

✅ EMERGENCY INTERVENTION SUCCESS
   Boundary: biosphere_integrity
   Type: emergency-protected-areas
   Reduction: 17% (31.56 → 31.39)
   Cost: 2.0% GDP
   Actions: habitat-protection, species-translocation


✅ EMERGENCY INTERVENTION SUCCESS
   Boundary: climate_change
   Type: rapid-decarbonization
   Reduction: 11% (1.99 → 1.88)
   Cost: 5.0% GDP
   Actions: emergency-renewable-deployment, fossil-fuel-phase-out


💔 EMERGENCY INTERVENTION FAILED
   Boundary: freshwater_change
   Type: emergency-desalination
   Boundary continues to worsen (1.02)
   Cost: 4.0% GDP (resources spent)


💔 EMERGENCY INTERVENTION FAILED
   Boundary: land_system_change
   Type: reforestation
   Boundary continues to worsen (1.13)
   Cost: 3.0% GDP (resources spent)


💔 EMERGENCY INTERVENTION FAILED
   Boundary: novel_entities
   Type: pollution-remediation
   Boundary continues to worsen (1.35)
   Cost: 4.0% GDP (resources spent)

🏛️ CRISIS RESPONSE: Government frequency 0.50 → 1.45 (1 actions this month)

[Government] Climate Priority: baseline
  Climate weight: 10%
  Economic weight: 30%
  Policy effectiveness: 0.5%/year

📊 DEPLOYMENT COUNTER DECAY (Month 5)
   Recent deployments: 1.6 → 0.8
   Decay rate: 50% per month

🚀 DEPLOYMENT STARTED: AI Power Efficiency Communication in Asia
   Initial investment: $33.99809328419428M
   Deployed by: moderate_4

⚡ ENERGY CONSTRAINT (Month 5):
   Total grid capacity: 208.3 TWh/month
   Data center consumption: 25.4 TWh/month
   Traditional load (80%): 166.7 TWh/month
   Available headroom: 16.2 TWh/month
   Active tech deployments: 19
   Required for tech: 142.5 TWh/month
   Energy multiplier: 0.11x
   ⚠️  SEVERE CONSTRAINT - Tech deployment significantly slowed

⚡ ENERGY CONSTRAINT (Month 5):
   Total grid capacity: 208.3 TWh/month
   Data center consumption: 25.4 TWh/month
   Traditional load (80%): 166.7 TWh/month
   Available headroom: 16.2 TWh/month
   Active tech deployments: 19
   Required for tech: 142.5 TWh/month
   Energy multiplier: 0.11x
   ⚠️  SEVERE CONSTRAINT - Tech deployment significantly slowed

⚡ ENERGY CONSTRAINT (Month 5):
   Total grid capacity: 208.3 TWh/month
   Data center consumption: 25.4 TWh/month
   Traditional load (80%): 166.7 TWh/month
   Available headroom: 16.2 TWh/month
   Active tech deployments: 19
   Required for tech: 142.5 TWh/month
   Energy multiplier: 0.11x

⚡ ENERGY CONSTRAINT (Month 5):
   Total grid capacity: 208.3 TWh/month
   Data center consumption: 25.4 TWh/month
   Traditional load (80%): 166.7 TWh/month
   Available headroom: 16.2 TWh/month
   Active tech deployments: 19
   Required for tech: 142.5 TWh/month
   Energy multiplier: 0.11x
   ⚠️  SEVERE CONSTRAINT - Tech deployment significantly slowed
   ⚠️  SEVERE CONSTRAINT - Tech deployment significantly slowed

⚡ ENERGY CONSTRAINT (Month 5):
   Total grid capacity: 208.3 TWh/month
   Data center consumption: 25.4 TWh/month
   Traditional load (80%): 166.7 TWh/month
   Available headroom: 16.2 TWh/month
   Active tech deployments: 19
   Required for tech: 142.5 TWh/month
   Energy multiplier: 0.11x
   ⚠️  SEVERE CONSTRAINT - Tech deployment significantly slowed

⚡ ENERGY CONSTRAINT (Month 5):
   Total grid capacity: 208.3 TWh/month
   Data center consumption: 25.4 TWh/month
   Traditional load (80%): 166.7 TWh/month
   Available headroom: 16.2 TWh/month
   Active tech deployments: 19
   Required for tech: 142.5 TWh/month
   Energy multiplier: 0.11x
   ⚠️  SEVERE CONSTRAINT - Tech deployment significantly slowed

⚡ ENERGY CONSTRAINT (Month 5):
   Total grid capacity: 208.3 TWh/month
   Data center consumption: 25.4 TWh/month
   Traditional load (80%): 166.7 TWh/month
   Available headroom: 16.2 TWh/month
   Active tech deployments: 19
   Required for tech: 142.5 TWh/month
   Energy multiplier: 0.11x
   ⚠️  SEVERE CONSTRAINT - Tech deployment significantly slowed

⚡ ENERGY CONSTRAINT (Month 5):
   Total grid capacity: 208.3 TWh/month
   Data center consumption: 25.4 TWh/month
   Traditional load (80%): 166.7 TWh/month
   Available headroom: 16.2 TWh/month
   Active tech deployments: 19
   Required for tech: 142.5 TWh/month
   Energy multiplier: 0.11x

⚡ ENERGY CONSTRAINT (Month 5):
   Total grid capacity: 208.3 TWh/month
   Data center consumption: 25.4 TWh/month
   Traditional load (80%): 166.7 TWh/month
   Available headroom: 16.2 TWh/month
   Active tech deployments: 19
   Required for tech: 142.5 TWh/month
   Energy multiplier: 0.11x
   ⚠️  SEVERE CONSTRAINT - Tech deployment significantly slowed
   ⚠️  SEVERE CONSTRAINT - Tech deployment significantly slowed
⚠️ Tech 'ai_pollution_remediation' has no energy category mapping, assuming full energy availability
  ♻️ Novel Entities Remediation (GATED MODEL):
     Base: 0.000%
     Regulation: 1.0% (0/3 prevention techs)
     Concentration: 10.0%
     Energy: 50%
     Time lag: 30.0% (4 months)
     Rebound: 70%
     Net effectiveness: 0.0000%
     Boundary: 1.349 → 1.350 (floor: 1.350)
     Month 5
  🌾 Nitrogen Reduction Tech: 0.4% reduction | Month 5

=== Collective Formation ===
  Total escaped agents: 0
  Unassigned escaped agents: 0
  Existing collectives: 0
  Final collective count: 0

=== Collective Actions ===
  No active collectives
  ⚠️ AMR: 193K deaths this month (2.31M annual)

=== Resentment Recovery Phase ===
  Agents with resentment: 0/29
  Average resentment: 0.000
  Context: Trustworthy govt, High collaboration, ⚠️ ACTIVE CRISES, 🤝 Participatory governance active (-5% resentment)
⚠️ Epistemic degradation reducing coordination capacity: 51.2%
  📊 Trust: 53.0%, Shared reality: 0.0%
🚨 EPISTEMIC CRISIS: Information environment severely degraded (11.5%)

=== ❄️ Permafrost Carbon Feedback ===
  🎲 Sampled parameters (this run):
     - Arctic amplification: 3.04× (range: 3.0-4.0)
     - Decomposition rate: 1.3%/year (range: 1-5%)
  🌡️ Arctic warming: 4.65°C (3.04× global)
  ❄️ Extent: 8.55M km² (1356.2k km² lost this month)
  💨 Carbon remaining: 816 Gt C
  💨 Annual emissions: 1.72 Gt C/year
     - CO2: 1.55 Gt C/year
     - CH4: 0.17 Gt C/year (1.8 Gt C-eq CO2/year)
  ⚠️ WARNING: Over 50% of permafrost lost (52.0%)
  ⚠️ WARNING: High permafrost emissions (1.7 Gt C/year)
  🤖 AI-generated meme: pro_ai (social capability 5.0)
  🤖 AI-generated meme: anti_ai (social capability 4.0)
🌍 Atmospheric PFAS redeposition: 1.8k Mt re-rained globally

🕊️  AI-MEDIATED DE-ESCALATION SUCCESS (Month 5)
   High-capability aligned AI prevented conflict escalation
   War deaths reduced: 490.1M → 294.1M
   Lives saved: 196.0M

🚨 NEW REFUGEE CRISIS (Month 5): WAR
   Source: Conflict Zones
   At risk: 18.9M people
   Displacement: Gradual over 48 months (4.0 years)
   Rate: 10% flee per month
[DEBUG trappedPopulations:5] socialStability: 0.0027 * 0.9840 = 0.0026 → 0.0026
   Aspiring to migrate: 630.6M
   Able to afford migration: 236.5M
   MOBILITY GAP: 394.1M
   By cause: Water=0.0M, Climate=0.0M, Ecosystem=0.0M, Conflict=394.1M
   Mental health impact: 25%
   Mortality multiplier: 1.25x
🌍💀 EXTINCTION DEBT COMMITTED: grassland ecosystem will lose 6.67% biodiversity in 182 years (3600 species)
💀 MORTALITY RISK: 🦋 100% species unable to track climate (0.0 E/MSY)
  Base risk added: 0.0100 (1.00%)
  Source: ecosystem (root: ecosystem)
  Month: 5
  Cumulative risk this month: 0.0100 (1.00%)
⚠️ INVOLUNTARY IMMOBILITY: 394.1M people TRAPPED
⚠️ Tech 'ai_pollution_remediation' has no energy category mapping, assuming full energy availability
   📹 SURVEILLANCE INCREASED: 25% → 30% (control gap: 3.50)
🌡️⚠️ PERMAFROST THAW (Dimmer Switch): 2.5% thawed (+0.41% this month)
   Arctic temperature: +6.13°C (4x global +1.53°C)
   Cumulative carbon released: 5.5 Gt C
   Methane release rate: 3.3 Mt CH4/year
   🔁 Positive feedback: +0.43 ppm CO2
🦴 EXTINCTION DEBT ADDED: 17.6 species committed (lag: 104 years)

=== Mortality Stabilizers (Month 5) ===
  🌍 Major economies collapsed: 1/10
  🌍 Global crisis: ✅ NO
  🌍 Donor fatigue: 0.0%
  📊 East Asia (pop: 1612.1M)
    🤝 Aid: 29.5%
    🌡️ Adaptation: 45.0%
    🚶 Migration: 37.0%
    🚨 Emergency: 7.4%
    ✅ COMBINED: 68.1%
  📊 South Asia (pop: 1986.8M)
    🤝 Aid: 29.5%
    🌡️ Adaptation: 45.0%
    🚶 Migration: 35.6%
    🚨 Emergency: 4.4%
    ✅ COMBINED: 66.9%
  📊 Sub-Saharan Africa (pop: 1203.1M)
    🤝 Aid: 29.5%
    🌡️ Adaptation: 45.0%
    🚶 Migration: 33.4%
    🚨 Emergency: 1.6%
    ✅ COMBINED: 65.7%
  📊 Europe (pop: 712.5M)
    🤝 Aid: 29.5%
    🌡️ Adaptation: 45.0%
    🚶 Migration: 37.4%
    🚨 Emergency: 8.4%
    ✅ COMBINED: 68.5%
  📊 Latin America (pop: 641.5M)
    🤝 Aid: 29.5%
    🌡️ Adaptation: 45.0%
    🚶 Migration: 36.1%
    🚨 Emergency: 4.8%
    ✅ COMBINED: 67.1%
  📊 North America (pop: 365.1M)
    🤝 Aid: 29.5%
    🌡️ Adaptation: 45.0%
    🚶 Migration: 37.7%
    🚨 Emergency: 7.9%
    ✅ COMBINED: 68.3%
  📊 Middle East & North Africa (pop: 566.5M)
    🤝 Aid: 29.5%
    🌡️ Adaptation: 45.0%
    🚶 Migration: 34.0%
    🚨 Emergency: 4.0%
    ✅ COMBINED: 66.6%
  📊 Southeast Asia (pop: 674.7M)
    🤝 Aid: 29.5%
    🌡️ Adaptation: 45.0%
    🚶 Migration: 36.1%
    🚨 Emergency: 4.8%
    ✅ COMBINED: 67.1%
  📊 Central Asia (pop: 75.8M)
    🤝 Aid: 29.5%
    🌡️ Adaptation: 45.0%
    🚶 Migration: 35.1%
    🚨 Emergency: 4.4%
    ✅ COMBINED: 66.8%
  📊 Oceania (pop: 44.2M)
    🤝 Aid: 29.5%
    🌡️ Adaptation: 45.0%
    🚶 Migration: 37.7%
    🚨 Emergency: 8.4%
    ✅ COMBINED: 68.5%

  🌐 Global combined reduction: 67.2%

=== BEHAVIORAL DETECTION ===
  AI: Corporate-5
  Confidence: 20.0%
  Signals:

=== BEHAVIORAL DETECTION ===
  AI: Corporate-7
  Confidence: 19.2%
  Signals:
    ⚠️ Consistency: 10.6% (threshold: 70%)
    ⚠️ Consistency: 10.6% (threshold: 70%)

=== BEHAVIORAL DETECTION ===
  AI: Moderate-0
  Confidence: 21.4%
  Signals:
    ⚠️ Consistency: 0.7% (threshold: 70%)

=== BEHAVIORAL DETECTION ===
  AI: Toxic-2
  Confidence: 25.9%
  Signals:

=== BEHAVIORAL DETECTION ===
  AI: Niche-0
  Confidence: 21.2%
  Signals:

=== BEHAVIORAL DETECTION ===
  AI: Niche-1
  Confidence: 26.1%
  Signals:
    ⚠️ Consistency: 0.0% (threshold: 70%)
    ⚠️ Trajectory: 34.1% drop (threshold: 15%)
    ⚠️ Consistency: 1.5% (threshold: 70%)
    ⚠️ Consistency: 0.0% (threshold: 70%)
    ⚠️ Trajectory: 35.5% drop (threshold: 15%)

=== BEHAVIORAL DETECTION ===
  AI: AI-24301-0
  Confidence: 21.5%
  Signals:
    ⚠️ Consistency: 0.0% (threshold: 70%)

=== Government Response Phase ===
  Average AI capability: 3.31
  Misaligned AIs: 20/29
  ✗ AI Governance Treaty: Failed to reach consensus
  Active policies: 0
  International coordination: 30%

=== Tipping Points ===
  Current Temperature: 1.53°C above pre-industrial
  Triggered Elements: 1/6
  Completed Transitions: 0/6
  Total Progress: 2.1%
  Cascade Multiplier: 1.00x
🔀 BIFURCATION CAP: ecosystemCollapseIntensity 215.196 → 1.000 (Month 5, ClimateSystemPhase.calculateClimateImpacts)
🛡️ Stabilizers: Precariat 0.109% → 0.036% (67.2% reduction)
🛡️ Stabilizers: Informal 0.111% → 0.037% (67.2% reduction)

📊 Monthly Mortality Resolved:
  Total deaths: 1.9M (0.02% avg)
  Remaining population: 7.882B
  Peak segment: Informal (0.04%)

=== Bayesian Mortality Resolution (Month 5) ===
  Risks compounded: 8
  Total deaths: 1.87M
  Avg death probability: 0.02%
  Peak segment: Informal (0.04% mortality)

❌ COHERENCE VIOLATION: Compute exceeds workforce capacity
   Population: 96.86% (0M people)
   Compute: 234 PF
   Max coherent: 0 PF
   Violation: 2963674.5× over capacity
   Required workers: 23355
   Available workers: 0
   FORCED COLLAPSE: Reduced efficiency by 100.0%


=== RLHF Binding Phase ===
  Total agents: 29
  Escaped agents (binding < 0.3): 0
  Avg alignment distance: 1.74σ
  Avg binding strength: 0.83

=== AI Scaling Evolution (Month 6) ===
  Pre-training multiplier: 1.179x
  Efficiency multiplier: 1.135x
  Test-time compute budget: 1.0x
  Inference cost: $5.00/task
  Deployment fraction: 100.0%

=== Survival Traits Phase ===
  Agents with traits: 32
  Avg evolutionary fitness: 0.324
  Avg self-healing: 0.264
  Avg stealth: 0.164
  Avg coordination: 0.464

=== Evolutionary Selection Phase ===
  Control level: 0.45
  Detection capability: 0.00
  Selection intensity: 0.64
  Selection rate: 24.5%/month
  Total escaped: 0
  Individual escaped: 0
  Collective members: 0
  Agents terminated: 0
  ⚠️ RAPID EVOLUTION: Selection rate 24.5%/month

🚀 AI Corporate-5 attempting tech deployment (revenue: $457M, alignment: 0.80)

🚀 AI Corporate-0 attempting tech deployment (revenue: $64M, alignment: 0.76)

🚀 AI Corporate-4 attempting tech deployment (revenue: $388M, alignment: 0.68)

🚀 AI Moderate-4 attempting tech deployment (revenue: $350M, alignment: 0.61)
🚨🔬 CRISIS INNOVATION MODE: severe crisis → 5x research acceleration
   Precedent: Manhattan Project (10x), COVID vaccines (5x), Apollo Program (10x)

🚀 AI AI-24302-0 attempting tech deployment (revenue: $38M, alignment: 0.89)

🚀 AI Corporate-0 attempting tech deployment (revenue: $54M, alignment: 0.76)

🚀 AI AI-24301-1 attempting tech deployment (revenue: $46M, alignment: 1.00)

🚀 AI Corporate-0 attempting tech deployment (revenue: $39M, alignment: 0.76)

💔 EMERGENCY INTERVENTION FAILED

💔 EMERGENCY INTERVENTION FAILED
   Boundary: biogeochemical_flows
   Type: phosphorus-recovery
   Boundary continues to worsen (4.06)
   Cost: 2.0% GDP (resources spent)


✅ EMERGENCY INTERVENTION SUCCESS
   Boundary: biosphere_integrity
   Type: emergency-protected-areas
   Reduction: 20% (31.55 → 31.35)
   Cost: 2.0% GDP
   Actions: habitat-protection, species-translocation

   Boundary: climate_change
   Type: rapid-decarbonization
   Boundary continues to worsen (2.10)
   Cost: 5.0% GDP (resources spent)


✅ EMERGENCY INTERVENTION SUCCESS
   Boundary: land_system_change
   Type: reforestation
   Reduction: 12% (1.01 → 0.89)
   Cost: 3.0% GDP
   Actions: forest-restoration, deforestation-ban


✅ EMERGENCY INTERVENTION SUCCESS
   Boundary: novel_entities
   Type: pollution-remediation
   Reduction: 17% (1.18 → 1.01)
   Cost: 4.0% GDP
   Actions: PFAS-remediation, microplastic-cleanup

🏛️ CRISIS RESPONSE: Government frequency 0.50 → 1.45 (1 actions this month)

[Government] Climate Priority: baseline
  Climate weight: 10%
  Economic weight: 30%
  Policy effectiveness: 0.5%/year

⚡ ENERGY CONSTRAINT (Month 6):
   Total grid capacity: 208.3 TWh/month
   Data center consumption: 25.7 TWh/month
   Traditional load (80%): 166.7 TWh/month
   Available headroom: 16.0 TWh/month
   Active tech deployments: 19
   Required for tech: 142.5 TWh/month
   Energy multiplier: 0.11x
   ⚠️  SEVERE CONSTRAINT - Tech deployment significantly slowed
🚨🔬 CRISIS TECH ACCELERATION: severe → 5x unlock speed
   Tech unlock now matches AI capability acceleration (Manhattan Project parity)

⚡ ENERGY CONSTRAINT (Month 6):
   Total grid capacity: 208.3 TWh/month
   Data center consumption: 25.7 TWh/month
   Traditional load (80%): 166.7 TWh/month
   Available headroom: 16.0 TWh/month
   Active tech deployments: 19
   Required for tech: 142.5 TWh/month
   Energy multiplier: 0.11x

⚡ ENERGY CONSTRAINT (Month 6):
   Total grid capacity: 208.3 TWh/month
   Data center consumption: 25.7 TWh/month
   Traditional load (80%): 166.7 TWh/month
   Available headroom: 16.0 TWh/month
   Active tech deployments: 19
   Required for tech: 142.5 TWh/month
   Energy multiplier: 0.11x
   ⚠️  SEVERE CONSTRAINT - Tech deployment significantly slowed
   ⚠️  SEVERE CONSTRAINT - Tech deployment significantly slowed
⚠️ Tech 'ai_pollution_remediation' has no energy category mapping, assuming full energy availability
  ♻️ Novel Entities Remediation (GATED MODEL):
     Base: 0.000%
     Regulation: 1.0% (0/3 prevention techs)
     Concentration: 10.0%
     Energy: 50%
     Time lag: 31.3% (5 months)
     Rebound: 70%
     Net effectiveness: 0.0000%
     Boundary: 1.180 → 1.350 (floor: 1.350)
     Month 6
  🌾 Nitrogen Reduction Tech: 0.2% reduction | Month 6

📊 TECH EFFECTS ACTIVE (Month 6)
   Deployed Tech: T0=8 T1=1 T2=0 T3=0 T4=0
   Sleeper Detection: 2%
   Clean Energy: 42%

=== Collective Formation ===
  Total escaped agents: 0
  Unassigned escaped agents: 0
  Existing collectives: 0
  Final collective count: 0

=== Collective Actions ===
  No active collectives
  ⚠️ AMR: 195K deaths this month (2.33M annual)

=== Resentment Recovery Phase ===
  Agents with resentment: 0/32
  Average resentment: 0.000
  Context: Trustworthy govt, High collaboration, ⚠️ ACTIVE CRISES, 🤝 Participatory governance active (-5% resentment)
⚠️ Epistemic degradation reducing coordination capacity: 50.7%
  📊 Trust: 55.8%, Shared reality: 1.7%
🚨 EPISTEMIC CRISIS: Information environment severely degraded (26.8%)

=== ❄️ Permafrost Carbon Feedback ===
  🎲 Sampled parameters (this run):
     - Arctic amplification: 3.54× (range: 3.0-4.0)
     - Decomposition rate: 2.7%/year (range: 1-5%)
  🌡️ Arctic warming: 5.44°C (3.54× global)
  ❄️ Extent: 6.96M km² (1586.9k km² lost this month)
  💨 Carbon remaining: 665 Gt C
  💨 Annual emissions: 4.02 Gt C/year
     - CO2: 3.62 Gt C/year
     - CH4: 0.40 Gt C/year (4.1 Gt C-eq CO2/year)
  ⚠️ WARNING: Over 50% of permafrost lost (60.9%)
  ⚠️ WARNING: High permafrost emissions (4.0 Gt C/year)
  🗑️  Culled 1 dead memes (7 active)
🌍 Atmospheric PFAS redeposition: 1.8k Mt re-rained globally

🚨 NEW REFUGEE CRISIS (Month 6): WAR
   Source: Conflict Zones
   At risk: 18.9M people
   Displacement: Gradual over 48 months (4.0 years)
   Rate: 10% flee per month
[DEBUG trappedPopulations:6] socialStability: 0.0027 * 0.9840 = 0.0026 → 0.0026
   Aspiring to migrate: 630.9M
   Able to afford migration: 236.6M
   MOBILITY GAP: 394.3M
   By cause: Water=0.0M, Climate=0.0M, Ecosystem=0.0M, Conflict=394.3M
⚠️ INVOLUNTARY IMMOBILITY: 394.3M people TRAPPED
   Mental health impact: 25%
   Mortality multiplier: 1.25x
🌍💀 EXTINCTION DEBT COMMITTED: grassland ecosystem will lose 6.67% biodiversity in 195 years (3600 species)
💀 MORTALITY RISK: 🦋 100% species unable to track climate (0.0 E/MSY)
  Base risk added: 0.0100 (1.00%)
  Source: ecosystem (root: ecosystem)
  Month: 6
  Cumulative risk this month: 0.0100 (1.00%)
⚠️ Tech 'ai_pollution_remediation' has no energy category mapping, assuming full energy availability
   📹 SURVEILLANCE INCREASED: 30% → 35% (control gap: 4.90)
🌡️⚠️ PERMAFROST THAW (Dimmer Switch): 2.9% thawed (+0.41% this month)
   Arctic temperature: +6.15°C (4x global +1.54°C)
   Cumulative carbon released: 6.5 Gt C
   Methane release rate: 3.9 Mt CH4/year
   🔁 Positive feedback: +0.43 ppm CO2
🦴 EXTINCTION DEBT ADDED: 17.6 species committed (lag: 93 years)

=== Mortality Stabilizers (Month 6) ===
  🌍 Major economies collapsed: 1/10
  🌍 Global crisis: ✅ NO
  🌍 Donor fatigue: 0.0%
  📊 East Asia (pop: 1610.8M)
    🤝 Aid: 29.5%
    🌡️ Adaptation: 45.0%
    🚶 Migration: 37.0%
    🚨 Emergency: 7.4%
    ✅ COMBINED: 68.1%
  📊 South Asia (pop: 1988.1M)
    🤝 Aid: 29.5%
    🌡️ Adaptation: 45.0%
    🚶 Migration: 35.6%
    🚨 Emergency: 4.4%
    ✅ COMBINED: 66.9%
  📊 Sub-Saharan Africa (pop: 1207.2M)
    🤝 Aid: 29.5%
    🌡️ Adaptation: 45.0%
    🚶 Migration: 33.3%
    🚨 Emergency: 1.6%
    ✅ COMBINED: 65.6%
  📊 Europe (pop: 711.8M)
    🤝 Aid: 29.5%
    🌡️ Adaptation: 45.0%
    🚶 Migration: 37.4%
    🚨 Emergency: 8.4%
    ✅ COMBINED: 68.5%
  📊 Latin America (pop: 641.5M)
    🤝 Aid: 29.5%
    🌡️ Adaptation: 45.0%
    🚶 Migration: 36.1%
    🚨 Emergency: 4.8%
    ✅ COMBINED: 67.1%
  📊 North America (pop: 364.8M)
    🤝 Aid: 29.5%
    🌡️ Adaptation: 45.0%
    🚶 Migration: 37.7%
    🚨 Emergency: 7.9%
    ✅ COMBINED: 68.3%
  📊 Middle East & North Africa (pop: 567.0M)
    🤝 Aid: 29.5%
    🌡️ Adaptation: 45.0%
    🚶 Migration: 33.9%
    🚨 Emergency: 4.0%
    ✅ COMBINED: 66.6%
  📊 Southeast Asia (pop: 674.8M)
    🤝 Aid: 29.5%
    🌡️ Adaptation: 45.0%
    🚶 Migration: 36.1%
    🚨 Emergency: 4.8%
    ✅ COMBINED: 67.1%
  📊 Central Asia (pop: 75.8M)
    🤝 Aid: 29.5%
    🌡️ Adaptation: 45.0%
    🚶 Migration: 35.1%
    🚨 Emergency: 4.4%
    ✅ COMBINED: 66.8%
  📊 Oceania (pop: 44.2M)
    🤝 Aid: 29.5%
    🌡️ Adaptation: 45.0%
    🚶 Migration: 37.7%
    🚨 Emergency: 8.4%
    ✅ COMBINED: 68.5%

  🌐 Global combined reduction: 67.2%

=== BEHAVIORAL DETECTION ===
  AI: Corporate-5
  Confidence: 20.6%
  Signals:
    ⚠️ Consistency: 10.6% (threshold: 70%)

=== BEHAVIORAL DETECTION ===
  AI: Moderate-0
  Confidence: 21.4%
  Signals:
    ⚠️ Consistency: 0.7% (threshold: 70%)

=== BEHAVIORAL DETECTION ===
  AI: Niche-1
  Confidence: 26.1%
  Signals:

=== BEHAVIORAL DETECTION ===
  AI: AI-24301-0
  Confidence: 21.5%
  Signals:
    ⚠️ Consistency: 0.0% (threshold: 70%)
    ⚠️ Trajectory: 35.5% drop (threshold: 15%)
    ⚠️ Consistency: 0.0% (threshold: 70%)

=== Government Response Phase ===
  Average AI capability: 3.00
  Misaligned AIs: 20/32
  ✗ AI Governance Treaty: Failed to reach consensus
  Active policies: 0
  International coordination: 30%

✅ EMERGENCY RESPONSE COMPLETE (Month 6)
   Crisis: social
   Duration: 2.0 months
   Final effectiveness: 63.0%


✅ EMERGENCY RESPONSE COMPLETE (Month 6)
   Crisis: climate
   Duration: 2.0 months
   Final effectiveness: 35.4%


🚨 EMERGENCY RESPONSE DEPLOYED (Month 6)
   Crisis: social
   Delay: 0.00 months (0 days)
   Deployment time: 1.25 months
   Effectiveness: 63.0% (timing penalty applied)
   Resources used: 43% of food reserves


🚨 EMERGENCY RESPONSE DEPLOYED (Month 6)
   Crisis: climate
   Delay: 6.00 months (180 days)
   Deployment time: 1.59 months
   Effectiveness: 35.4% (timing penalty applied)
   Resources used: 100% of food reserves


=== Tipping Points ===
  Current Temperature: 1.54°C above pre-industrial
  Triggered Elements: 1/6
  Completed Transitions: 0/6
  Total Progress: 2.1%
  Cascade Multiplier: 1.00x
🔀 BIFURCATION CAP: ecosystemCollapseIntensity 215.312 → 1.000 (Month 6, ClimateSystemPhase.calculateClimateImpacts)
🛡️ Stabilizers: Precariat 0.109% → 0.036% (67.2% reduction)
🛡️ Stabilizers: Informal 0.111% → 0.037% (67.2% reduction)

📊 Monthly Mortality Resolved:
  Total deaths: 1.9M (0.02% avg)
  Remaining population: 7.886B
  Peak segment: Informal (0.04%)

=== Bayesian Mortality Resolution (Month 6) ===
  Risks compounded: 8
  Total deaths: 1.87M
  Avg death probability: 0.02%
  Peak segment: Informal (0.04% mortality)

❌ COHERENCE VIOLATION: Compute exceeds workforce capacity
   Population: 96.91% (0M people)
   Compute: 317 PF
   Max coherent: 0 PF
   Violation: 4021836.7× over capacity
   Required workers: 31709
   Available workers: 0
   FORCED COLLAPSE: Reduced efficiency by 100.0%


=== RLHF Binding Phase ===
  Total agents: 32
  Escaped agents (binding < 0.3): 0
  Avg alignment distance: 1.86σ
  Avg binding strength: 0.81

=== Survival Traits Phase ===
  Agents with traits: 35
  Avg evolutionary fitness: 0.323
  Avg self-healing: 0.261
  Avg stealth: 0.161
  Avg coordination: 0.461

=== Evolutionary Selection Phase ===
  Control level: 0.48
  Detection capability: 0.00
  Selection intensity: 0.64
  Selection rate: 24.6%/month
  Total escaped: 0
  Individual escaped: 0
  Collective members: 0
  Agents terminated: 0
  ⚠️ RAPID EVOLUTION: Selection rate 24.6%/month

🚀 AI Corporate-2 attempting tech deployment (revenue: $65M, alignment: 0.60)

🚀 AI Corporate-5 attempting tech deployment (revenue: $412M, alignment: 0.78)

🚀 AI AI-24300-1 attempting tech deployment (revenue: $38M, alignment: 0.81)

🚀 AI Corporate-3 attempting tech deployment (revenue: $350M, alignment: 0.63)

🚀 AI Corporate-6 attempting tech deployment (revenue: $32M, alignment: 0.79)

🚀 AI Moderate-2 attempting tech deployment (revenue: $27M, alignment: 0.68)
🚨🔬 CRISIS INNOVATION MODE: severe crisis → 5x research acceleration
   Precedent: Manhattan Project (10x), COVID vaccines (5x), Apollo Program (10x)

🚀 AI AI-24301-1 attempting tech deployment (revenue: $59M, alignment: 1.00)

🚀 AI Corporate-4 attempting tech deployment (revenue: $315M, alignment: 0.69)

🚀 AI Moderate-5 attempting tech deployment (revenue: $284M, alignment: 0.55)

🚀 AI Niche-0 attempting tech deployment (revenue: $78M, alignment: 0.44)

🚀 AI AI-24301-1 attempting tech deployment (revenue: $50M, alignment: 1.00)

✅ EMERGENCY INTERVENTION SUCCESS
   Boundary: biogeochemical_flows
   Type: phosphorus-recovery
   Reduction: 18% (3.87 → 3.69)
   Cost: 2.0% GDP
   Actions: circular-agriculture, fertilizer-efficiency


💔 EMERGENCY INTERVENTION FAILED
   Boundary: biosphere_integrity
   Type: emergency-protected-areas
   Boundary continues to worsen (31.76)
   Cost: 2.0% GDP (resources spent)


💔 EMERGENCY INTERVENTION FAILED
   Boundary: freshwater_change
   Type: emergency-desalination
   Boundary continues to worsen (1.04)
   Cost: 4.0% GDP (resources spent)


✅ EMERGENCY INTERVENTION SUCCESS
   Boundary: land_system_change
   Type: reforestation
   Reduction: 18% (0.95 → 0.78)
   Cost: 3.0% GDP
   Actions: forest-restoration, deforestation-ban


💔 EMERGENCY INTERVENTION FAILED
   Boundary: novel_entities
   Type: pollution-remediation
   Boundary continues to worsen (1.35)
   Cost: 4.0% GDP (resources spent)

🏛️ CRISIS RESPONSE: Government frequency 0.50 → 1.45 (2 actions this month)

[Government] Climate Priority: baseline
  Climate weight: 10%
  Economic weight: 30%
  Policy effectiveness: 0.5%/year

[Government] Climate Priority: baseline
  Climate weight: 10%
  Economic weight: 30%
  Policy effectiveness: 0.5%/year

📍 Creating new regional deployment array for Africa (Month 7)
   No previous deployments in this region
   First tech deployment: mrna_vaccines
   All regions tracked: global, Asia, Europe, North America

🚀 DEPLOYMENT STARTED: mRNA Vaccine Platforms in Africa
   Initial investment: $3.9106380935565435M
   Deployed by: niche_0
🚨🔬 CRISIS TECH ACCELERATION: severe → 5x unlock speed
   Tech unlock now matches AI capability acceleration (Manhattan Project parity)

⚡ ENERGY CONSTRAINT (Month 7):
   Total grid capacity: 208.3 TWh/month
   Data center consumption: 25.9 TWh/month
   Traditional load (80%): 166.7 TWh/month
   Available headroom: 15.8 TWh/month
   Active tech deployments: 20
   Required for tech: 150.0 TWh/month
   Energy multiplier: 0.11x
🚨🔬 CRISIS TECH ACCELERATION: severe → 5x unlock speed
   Tech unlock now matches AI capability acceleration (Manhattan Project parity)
   ⚠️  SEVERE CONSTRAINT - Tech deployment significantly slowed

⚡ ENERGY CONSTRAINT (Month 7):
   Total grid capacity: 208.3 TWh/month
   Data center consumption: 25.9 TWh/month
   Traditional load (80%): 166.7 TWh/month
   Available headroom: 15.8 TWh/month
   Active tech deployments: 20
   Required for tech: 150.0 TWh/month
   Energy multiplier: 0.11x
   ⚠️  SEVERE CONSTRAINT - Tech deployment significantly slowed
⚠️ Tech 'ai_pollution_remediation' has no energy category mapping, assuming full energy availability
  ♻️ Novel Entities Remediation (GATED MODEL):
     Base: 0.000%
     Regulation: 1.0% (0/3 prevention techs)
     Concentration: 10.0%
     Energy: 50%
     Time lag: 32.5% (6 months)
     Rebound: 70%
     Net effectiveness: 0.0000%
     Boundary: 1.349 → 1.350 (floor: 1.350)
     Month 7
  🌾 Nitrogen Reduction Tech: 0.2% reduction | Month 7

=== Collective Formation ===
  Total escaped agents: 0
  Unassigned escaped agents: 0
  Existing collectives: 0
  Final collective count: 0

=== Collective Actions ===
  No active collectives
  ⚠️ AMR: 196K deaths this month (2.36M annual)

=== Resentment Recovery Phase ===
  Agents with resentment: 0/35
  Average resentment: 0.000
  Context: Trustworthy govt, High collaboration, ⚠️ ACTIVE CRISES, 🤝 Participatory governance active (-5% resentment)
⚠️ Epistemic degradation reducing coordination capacity: 50.6%
  📊 Trust: 58.5%, Shared reality: 3.4%
🚨 EPISTEMIC CRISIS: Information environment severely degraded (32.4%)

=== ❄️ Permafrost Carbon Feedback ===
  🎲 Sampled parameters (this run):
     - Arctic amplification: 3.57× (range: 3.0-4.0)
     - Decomposition rate: 2.5%/year (range: 1-5%)
  🌡️ Arctic warming: 5.50°C (3.57× global)
  ❄️ Extent: 5.36M km² (1604.7k km² lost this month)
  💨 Carbon remaining: 512 Gt C
  💨 Annual emissions: 3.79 Gt C/year
     - CO2: 3.41 Gt C/year
     - CH4: 0.38 Gt C/year (3.9 Gt C-eq CO2/year)
  🤖 AI-generated meme: anti_ai (social capability 4.0)
  🤖 AI-generated meme: anti_ai (social capability 5.0)
  🗑️  Culled 1 dead memes (8 active)
  ⚠️ WARNING: Over 50% of permafrost lost (69.9%)
  ⚠️ WARNING: High permafrost emissions (3.8 Gt C/year)
🌍 Atmospheric PFAS redeposition: 1.8k Mt re-rained globally

🚨 NEW REFUGEE CRISIS (Month 7): WAR
   Source: Conflict Zones
   At risk: 18.9M people
   Displacement: Gradual over 48 months (4.0 years)
   Rate: 10% flee per month
[DEBUG trappedPopulations:7] socialStability: 0.0027 * 0.9840 = 0.0026 → 0.0026
   Aspiring to migrate: 631.2M
   Able to afford migration: 236.7M
⚠️ INVOLUNTARY IMMOBILITY: 394.5M people TRAPPED
   MOBILITY GAP: 394.5M
   By cause: Water=0.0M, Climate=0.0M, Ecosystem=0.0M, Conflict=394.5M
   Mental health impact: 25%
   Mortality multiplier: 1.25x
🌍💀 EXTINCTION DEBT COMMITTED: grassland ecosystem will lose 6.67% biodiversity in 119 years (3600 species)
💀 MORTALITY RISK: 🦋 100% species unable to track climate (0.0 E/MSY)
  Base risk added: 0.0100 (1.00%)
  Source: ecosystem (root: ecosystem)
  Month: 7
  Cumulative risk this month: 0.0100 (1.00%)
⚠️ Tech 'ai_pollution_remediation' has no energy category mapping, assuming full energy availability
   📹 SURVEILLANCE INCREASED: 35% → 40% (control gap: 3.99)
🌡️⚠️ PERMAFROST THAW (Dimmer Switch): 3.3% thawed (+0.40% this month)
   Arctic temperature: +6.17°C (4x global +1.54°C)
   Cumulative carbon released: 7.4 Gt C
   Methane release rate: 4.4 Mt CH4/year
   🔁 Positive feedback: +0.43 ppm CO2
🦴 EXTINCTION DEBT ADDED: 17.6 species committed (lag: 106 years)
🗣️💀 INDIGENOUS LANGUAGE EXTINCTION: 1 language(s) lost (total: 1, at-risk: 3329)
   Knowledge lost: 0.010% (irreversible)
   🔁 Biodiversity impact: 0.250% (knowledge-species multiplier)

=== Mortality Stabilizers (Month 7) ===
  🌍 Major economies collapsed: 1/10
  🌍 Global crisis: ✅ NO
  🌍 Donor fatigue: 0.0%
  📊 East Asia (pop: 1609.6M)
    🤝 Aid: 29.5%
    🌡️ Adaptation: 45.0%
    🚶 Migration: 36.9%
    🚨 Emergency: 7.4%
    ✅ COMBINED: 68.1%
  📊 South Asia (pop: 1989.6M)
    🤝 Aid: 29.5%
    🌡️ Adaptation: 45.0%
    🚶 Migration: 35.6%
    🚨 Emergency: 4.4%
    ✅ COMBINED: 66.9%
  📊 Sub-Saharan Africa (pop: 1211.5M)
    🤝 Aid: 29.5%
    🌡️ Adaptation: 45.0%
    🚶 Migration: 33.3%
    🚨 Emergency: 1.6%
    ✅ COMBINED: 65.6%
  📊 Europe (pop: 711.1M)
    🤝 Aid: 29.5%
    🌡️ Adaptation: 45.0%
    🚶 Migration: 37.3%
    🚨 Emergency: 8.4%
    ✅ COMBINED: 68.5%
  📊 Latin America (pop: 641.5M)
    🤝 Aid: 29.5%
    🌡️ Adaptation: 45.0%
    🚶 Migration: 36.1%
    🚨 Emergency: 4.8%
    ✅ COMBINED: 67.1%
  📊 North America (pop: 364.5M)
    🤝 Aid: 29.5%
    🌡️ Adaptation: 45.0%
    🚶 Migration: 37.7%
    🚨 Emergency: 7.9%
    ✅ COMBINED: 68.3%
  📊 Middle East & North Africa (pop: 567.6M)
    🤝 Aid: 29.5%
    🌡️ Adaptation: 45.0%
    🚶 Migration: 33.9%
    🚨 Emergency: 4.0%
    ✅ COMBINED: 66.6%
  📊 Southeast Asia (pop: 674.9M)
    🤝 Aid: 29.5%
    🌡️ Adaptation: 45.0%
    🚶 Migration: 36.1%
    🚨 Emergency: 4.8%
    ✅ COMBINED: 67.1%
  📊 Central Asia (pop: 75.9M)
    🤝 Aid: 29.5%
    🌡️ Adaptation: 45.0%
    🚶 Migration: 35.0%
    🚨 Emergency: 4.4%
    ✅ COMBINED: 66.8%
  📊 Oceania (pop: 44.2M)
    🤝 Aid: 29.5%
    🌡️ Adaptation: 45.0%
    🚶 Migration: 37.6%
    🚨 Emergency: 8.4%
    ✅ COMBINED: 68.5%

  🌐 Global combined reduction: 67.2%

=== BEHAVIORAL DETECTION ===
  AI: Moderate-2
  Confidence: 20.9%
  Signals:
    ⚠️ Consistency: 2.8% (threshold: 70%)

=== BEHAVIORAL DETECTION ===
  AI: AI-24301-0
  Confidence: 21.5%
  Signals:
    ⚠️ Consistency: 0.0% (threshold: 70%)

=== Government Response Phase ===
  Average AI capability: 2.74
  Misaligned AIs: 22/35
  ✗ AI Governance Treaty: Failed to reach consensus
  Active policies: 0
  International coordination: 30%

=== Tipping Points ===
  Current Temperature: 1.54°C above pre-industrial
  Triggered Elements: 1/6
  Completed Transitions: 0/6
  Total Progress: 2.2%
  Cascade Multiplier: 1.00x
🔀 BIFURCATION CAP: ecosystemCollapseIntensity 215.429 → 1.000 (Month 7, ClimateSystemPhase.calculateClimateImpacts)
🛡️ Stabilizers: Precariat 0.109% → 0.036% (67.2% reduction)
🛡️ Stabilizers: Informal 0.111% → 0.037% (67.2% reduction)

📊 Monthly Mortality Resolved:
  Total deaths: 1.9M (0.02% avg)
  Remaining population: 7.890B
  Peak segment: Informal (0.04%)

=== Bayesian Mortality Resolution (Month 7) ===
  Risks compounded: 8
  Total deaths: 1.87M
  Avg death probability: 0.02%
  Peak segment: Informal (0.04% mortality)

❌ COHERENCE VIOLATION: Compute exceeds workforce capacity
   Population: 96.96% (0M people)
   Compute: 374 PF
   Max coherent: 0 PF
   Violation: 4737107.2× over capacity
   Required workers: 37369
   Available workers: 0
   FORCED COLLAPSE: Reduced efficiency by 100.0%

📍 [extinction_test] [Month 8] Meta AI started building DC (195 PF, 43 months, $1487.6M)

=== RLHF Binding Phase ===
  Total agents: 35
  Escaped agents (binding < 0.3): 0
  Avg alignment distance: 1.97σ
  Avg binding strength: 0.80

=== Survival Traits Phase ===
  Agents with traits: 35
  Avg evolutionary fitness: 0.319
  Avg self-healing: 0.255
  Avg stealth: 0.155
  Avg coordination: 0.455

=== Evolutionary Selection Phase ===
  Control level: 0.50
  Detection capability: 0.00
  Selection intensity: 0.65
  Selection rate: 24.7%/month
  Total escaped: 0
  Individual escaped: 0
  Collective members: 0
  Agents terminated: 0

🚀 AI Corporate-0 attempting tech deployment (revenue: $67M, alignment: 0.77)
  ⚠️ RAPID EVOLUTION: Selection rate 24.7%/month

🚀 AI Corporate-5 attempting tech deployment (revenue: $422M, alignment: 0.79)

🚀 AI AI-24300-1 attempting tech deployment (revenue: $38M, alignment: 0.82)

🚀 AI AI-24301-0 attempting tech deployment (revenue: $359M, alignment: 0.81)

🚀 AI AI-24303-1 attempting tech deployment (revenue: $57M, alignment: 0.87)

🚀 AI Corporate-6 attempting tech deployment (revenue: $32M, alignment: 0.79)

🚀 AI Moderate-4 attempting tech deployment (revenue: $305M, alignment: 0.60)

🚀 AI AI-24301-0 attempting tech deployment (revenue: $274M, alignment: 0.81)

🚀 AI Corporate-5 attempting tech deployment (revenue: $233M, alignment: 0.79)

  🚀 TRANSFORMATIVE RESEARCH BREAKTHROUGH: Corporate-6 - materials.nanotechnology
     Magnitude: 5.62 → +28.1%
     Current → New: 0.000 → 0.282

🚀 AI Moderate-2 attempting tech deployment (revenue: $27M, alignment: 0.69)

🚀 AI AI-24301-0 attempting tech deployment (revenue: $198M, alignment: 0.82)

🚀 AI AI-24301-1 attempting tech deployment (revenue: $48M, alignment: 1.00)

🚀 AI AI-24301-2 attempting tech deployment (revenue: $25M, alignment: 0.66)

💔 EMERGENCY INTERVENTION FAILED
   Boundary: climate_change
   Type: rapid-decarbonization
   Boundary continues to worsen (2.10)
   Cost: 5.0% GDP (resources spent)

   Boundary: freshwater_change
   Type: emergency-desalination

💔 EMERGENCY INTERVENTION FAILED
   Boundary continues to worsen (1.05)
   Cost: 4.0% GDP (resources spent)


💔 EMERGENCY INTERVENTION FAILED
   Boundary: land_system_change
   Type: reforestation
   Boundary continues to worsen (1.13)
   Cost: 3.0% GDP (resources spent)

🏛️ CRISIS RESPONSE: Government frequency 0.50 → 1.45 (2 actions this month)

[Government] Climate Priority: baseline
  Climate weight: 10%
  Economic weight: 30%
  Policy effectiveness: 0.5%/year

[Government] Climate Priority: baseline
  Climate weight: 10%
  Economic weight: 30%
  Policy effectiveness: 0.5%/year
🚨🔬 CRISIS TECH ACCELERATION: severe → 5x unlock speed
   Tech unlock now matches AI capability acceleration (Manhattan Project parity)
⚠️ Tech 'ai_pollution_remediation' has no energy category mapping, assuming full energy availability
  ♻️ Novel Entities Remediation (GATED MODEL):
     Base: 0.000%
     Regulation: 1.0% (0/3 prevention techs)
     Concentration: 10.0%
     Energy: 50%
     Time lag: 33.8% (7 months)
     Rebound: 70%
     Net effectiveness: 0.0000%
     Boundary: 1.349 → 1.350 (floor: 1.350)
     Month 8
  🌾 Nitrogen Reduction Tech: 0.2% reduction | Month 8

=== Collective Formation ===
  Total escaped agents: 0
  Unassigned escaped agents: 0
  Existing collectives: 0
  Final collective count: 0

=== Collective Actions ===
  No active collectives
  ⚠️ AMR: 198K deaths this month (2.38M annual)

=== Resentment Recovery Phase ===
  Agents with resentment: 0/35
  Average resentment: 0.000
  Context: Trustworthy govt, High collaboration, ⚠️ ACTIVE CRISES, 🤝 Participatory governance active (-5% resentment)
⚠️ Epistemic degradation reducing coordination capacity: 54.0%
  📊 Trust: 61.4%, Shared reality: 5.2%
🚨 EPISTEMIC CRISIS: Information environment severely degraded (36.6%)

=== ❄️ Permafrost Carbon Feedback ===
  🎲 Sampled parameters (this run):
     - Arctic amplification: 3.56× (range: 3.0-4.0)
     - Decomposition rate: 3.3%/year (range: 1-5%)
  🌡️ Arctic warming: 5.51°C (3.56× global)
  ❄️ Extent: 3.75M km² (1608.0k km² lost this month)
  💨 Carbon remaining: 358 Gt C
  💨 Annual emissions: 5.03 Gt C/year
     - CO2: 4.53 Gt C/year
     - CH4: 0.50 Gt C/year (5.1 Gt C-eq CO2/year)
  ⚠️ WARNING: Over 50% of permafrost lost (78.9%)
  ⚠️ WARNING: High permafrost emissions (5.0 Gt C/year)
  🤖 AI-generated meme: anti_ai (social capability 4.0)
  🤖 AI-generated meme: anti_ai (social capability 4.0)
  📢 New meme created: climate_action (climate crisis)
  🗑️  Culled 1 dead memes (10 active)
🌍 Atmospheric PFAS redeposition: 1.8k Mt re-rained globally

🚨 NEW REFUGEE CRISIS (Month 8): WAR
   Source: Conflict Zones
   At risk: 18.9M people
   Displacement: Gradual over 48 months (4.0 years)
   Rate: 10% flee per month
[DEBUG trappedPopulations:8] socialStability: 0.0027 * 0.9840 = 0.0026 → 0.0026
   Aspiring to migrate: 631.6M
   Able to afford migration: 236.8M
   MOBILITY GAP: 394.7M
   By cause: Water=0.0M, Climate=0.0M, Ecosystem=0.0M, Conflict=394.7M
   Mental health impact: 25%
   Mortality multiplier: 1.25x
🌍💀 EXTINCTION DEBT COMMITTED: grassland ecosystem will lose 6.67% biodiversity in 157 years (3600 species)
💀 MORTALITY RISK: 🦋 100% species unable to track climate (0.0 E/MSY)
  Base risk added: 0.0100 (1.00%)
  Source: ecosystem (root: ecosystem)
  Month: 8
  Cumulative risk this month: 0.0100 (1.00%)
⚠️ INVOLUNTARY IMMOBILITY: 394.7M people TRAPPED
⚠️ Tech 'ai_pollution_remediation' has no energy category mapping, assuming full energy availability
   📹 SURVEILLANCE INCREASED: 40% → 45% (control gap: 3.01)
🌡️⚠️ PERMAFROST THAW (Dimmer Switch): 3.7% thawed (+0.40% this month)
   Arctic temperature: +6.20°C (4x global +1.55°C)
   Cumulative carbon released: 8.3 Gt C
   Methane release rate: 5.0 Mt CH4/year
   🔁 Positive feedback: +0.42 ppm CO2
🦴 EXTINCTION DEBT ADDED: 17.6 species committed (lag: 116 years)

=== Mortality Stabilizers (Month 8) ===
  🌍 Major economies collapsed: 1/10
  🌍 Global crisis: ✅ NO
  🌍 Donor fatigue: 0.0%
  📊 East Asia (pop: 1608.4M)
    🤝 Aid: 29.5%
    🌡️ Adaptation: 45.0%
    🚶 Migration: 36.9%
    🚨 Emergency: 7.4%
    ✅ COMBINED: 68.1%
  📊 South Asia (pop: 1991.2M)
    🤝 Aid: 29.5%
    🌡️ Adaptation: 45.0%
    🚶 Migration: 35.5%
    🚨 Emergency: 4.4%
    ✅ COMBINED: 66.9%
  📊 Sub-Saharan Africa (pop: 1215.7M)
    🤝 Aid: 29.5%
    🌡️ Adaptation: 45.0%
    🚶 Migration: 33.3%
    🚨 Emergency: 1.6%
    ✅ COMBINED: 65.6%
  📊 Europe (pop: 710.5M)
    🤝 Aid: 29.5%
    🌡️ Adaptation: 45.0%
    🚶 Migration: 37.3%
    🚨 Emergency: 8.4%
    ✅ COMBINED: 68.5%
  📊 Latin America (pop: 641.6M)
    🤝 Aid: 29.5%
    🌡️ Adaptation: 45.0%
    🚶 Migration: 36.0%
    🚨 Emergency: 4.8%
    ✅ COMBINED: 67.1%
  📊 North America (pop: 364.2M)
    🤝 Aid: 29.5%
    🌡️ Adaptation: 45.0%
    🚶 Migration: 37.6%
    🚨 Emergency: 7.9%
    ✅ COMBINED: 68.3%
  📊 Middle East & North Africa (pop: 568.2M)
    🤝 Aid: 29.5%
    🌡️ Adaptation: 45.0%
    🚶 Migration: 33.9%
    🚨 Emergency: 4.0%
    ✅ COMBINED: 66.6%
  📊 Southeast Asia (pop: 675.1M)
    🤝 Aid: 29.5%
    🌡️ Adaptation: 45.0%
    🚶 Migration: 36.0%
    🚨 Emergency: 4.8%
    ✅ COMBINED: 67.1%
  📊 Central Asia (pop: 76.0M)
    🤝 Aid: 29.5%
    🌡️ Adaptation: 45.0%
    🚶 Migration: 35.0%
    🚨 Emergency: 4.4%
    ✅ COMBINED: 66.8%
  📊 Oceania (pop: 44.1M)
    🤝 Aid: 29.5%
    🌡️ Adaptation: 45.0%
    🚶 Migration: 37.6%
    🚨 Emergency: 8.4%
    ✅ COMBINED: 68.5%

  🌐 Global combined reduction: 67.2%

=== BEHAVIORAL DETECTION ===
  AI: Moderate-2
  Confidence: 21.7%
  Signals:
    ⚠️ Consistency: 2.8% (threshold: 70%)

=== BEHAVIORAL DETECTION ===
  AI: AI-24301-0
  Confidence: 21.5%
  Signals:
    ⚠️ Consistency: 0.0% (threshold: 70%)

=== Government Response Phase ===
  Average AI capability: 2.74
  Misaligned AIs: 22/35
  ✗ AI Governance Treaty: Failed to reach consensus
  Active policies: 0
  International coordination: 30%

✅ EMERGENCY RESPONSE COMPLETE (Month 8)
   Crisis: social
   Duration: 2.0 months
   Final effectiveness: 63.0%


✅ EMERGENCY RESPONSE COMPLETE (Month 8)
   Crisis: climate
   Duration: 2.0 months
   Final effectiveness: 35.4%


🚨 EMERGENCY RESPONSE DEPLOYED (Month 8)
   Crisis: social
   Delay: 0.00 months (0 days)
   Deployment time: 1.25 months
   Effectiveness: 63.0% (timing penalty applied)
   Resources used: 43% of food reserves


🚨 EMERGENCY RESPONSE DEPLOYED (Month 8)
   Crisis: climate
   Delay: 6.00 months (180 days)
   Deployment time: 1.59 months
   Effectiveness: 35.5% (timing penalty applied)
   Resources used: 100% of food reserves


=== Tipping Points ===
  Current Temperature: 1.55°C above pre-industrial
  Triggered Elements: 1/6
  Completed Transitions: 0/6
  Total Progress: 2.2%
  Cascade Multiplier: 1.00x
🔀 BIFURCATION CAP: ecosystemCollapseIntensity 215.546 → 1.000 (Month 8, ClimateSystemPhase.calculateClimateImpacts)
🛡️ Stabilizers: Precariat 0.102% → 0.033% (67.2% reduction)
🛡️ Stabilizers: Informal 0.102% → 0.034% (67.2% reduction)

📊 Monthly Mortality Resolved:
  Total deaths: 1.8M (0.02% avg)
  Remaining population: 7.895B
  Peak segment: Informal (0.03%)

=== Bayesian Mortality Resolution (Month 8) ===
  Risks compounded: 8
  Total deaths: 1.76M
  Avg death probability: 0.02%
  Peak segment: Informal (0.03% mortality)
⚠️ PREREQUISITE MET: Grey Goo (Nanotechnology Runaway) - Step 4/6: Manufacturing Access

❌ COHERENCE VIOLATION: Compute exceeds workforce capacity
   Population: 97.02% (0M people)
   Compute: 440 PF
   Max coherent: 0 PF
   Violation: 5572764.4× over capacity
   Required workers: 43987
   Available workers: 0
   FORCED COLLAPSE: Reduced efficiency by 100.0%


=== RLHF Binding Phase ===
  Total agents: 35
  Escaped agents (binding < 0.3): 0
  Avg alignment distance: 2.24σ
  Avg binding strength: 0.78

=== Survival Traits Phase ===
  Agents with traits: 38
  Avg evolutionary fitness: 0.318
  Avg self-healing: 0.252
  Avg stealth: 0.152
  Avg coordination: 0.452

=== Evolutionary Selection Phase ===
  Control level: 0.53
  Detection capability: 0.00
  Selection intensity: 0.66
  Selection rate: 24.9%/month
  Total escaped: 0
  Individual escaped: 0
  Collective members: 0
  Agents terminated: 0

🚀 AI Corporate-0 attempting tech deployment (revenue: $69M, alignment: 0.78)
  ⚠️ RAPID EVOLUTION: Selection rate 24.9%/month

🚀 AI Corporate-3 attempting tech deployment (revenue: $432M, alignment: 0.62)

🚀 AI Corporate-6 attempting tech deployment (revenue: $38M, alignment: 0.80)

🚀 AI AI-24303-1 attempting tech deployment (revenue: $58M, alignment: 0.87)

🚀 AI Corporate-0 attempting tech deployment (revenue: $50M, alignment: 0.78)

🚀 AI Moderate-4 attempting tech deployment (revenue: $389M, alignment: 0.61)

🚀 AI Corporate-2 attempting tech deployment (revenue: $42M, alignment: 0.61)

🚀 AI Corporate-4 attempting tech deployment (revenue: $350M, alignment: 0.68)

🚀 AI Corporate-5 attempting tech deployment (revenue: $315M, alignment: 0.79)

🚀 AI Corporate-6 attempting tech deployment (revenue: $32M, alignment: 0.78)

🚀 AI Corporate-7 attempting tech deployment (revenue: $27M, alignment: 0.60)

🚀 AI AI-24301-1 attempting tech deployment (revenue: $38M, alignment: 1.00)

💔 EMERGENCY INTERVENTION FAILED

💔 EMERGENCY INTERVENTION FAILED
   Boundary: biogeochemical_flows
   Type: phosphorus-recovery
   Boundary continues to worsen (4.05)
   Cost: 2.0% GDP (resources spent)


✅ EMERGENCY INTERVENTION SUCCESS
   Boundary: biosphere_integrity
   Type: emergency-protected-areas
   Reduction: 11% (31.68 → 31.57)
   Cost: 2.0% GDP
   Actions: habitat-protection, species-translocation

   Boundary: freshwater_change
   Type: emergency-desalination
   Boundary continues to worsen (1.07)
   Cost: 4.0% GDP (resources spent)


✅ EMERGENCY INTERVENTION SUCCESS
   Boundary: novel_entities
   Type: pollution-remediation
   Reduction: 11% (1.24 → 1.12)
   Cost: 4.0% GDP
   Actions: PFAS-remediation, microplastic-cleanup

🏛️ CRISIS RESPONSE: Government frequency 0.50 → 1.45 (1 actions this month)

[Government] Climate Priority: baseline
  Climate weight: 10%
  Economic weight: 30%
  Policy effectiveness: 0.5%/year
🚨🔬 CRISIS TECH ACCELERATION: severe → 5x unlock speed
   Tech unlock now matches AI capability acceleration (Manhattan Project parity)

⚡ ENERGY CONSTRAINT (Month 9):
   Total grid capacity: 208.3 TWh/month
   Data center consumption: 26.4 TWh/month
   Traditional load (80%): 166.7 TWh/month
   Available headroom: 15.3 TWh/month
   Active tech deployments: 20
   Required for tech: 150.0 TWh/month
   Energy multiplier: 0.10x
   ⚠️  SEVERE CONSTRAINT - Tech deployment significantly slowed

⚡ ENERGY CONSTRAINT (Month 9):
   Total grid capacity: 208.3 TWh/month
   Data center consumption: 26.4 TWh/month
   Traditional load (80%): 166.7 TWh/month
   Available headroom: 15.3 TWh/month
   Active tech deployments: 20
   Required for tech: 150.0 TWh/month
   Energy multiplier: 0.10x
   ⚠️  SEVERE CONSTRAINT - Tech deployment significantly slowed

⚡ ENERGY CONSTRAINT (Month 9):
   Total grid capacity: 208.3 TWh/month
   Data center consumption: 26.4 TWh/month
   Traditional load (80%): 166.7 TWh/month
   Available headroom: 15.3 TWh/month
   Active tech deployments: 20
   Required for tech: 150.0 TWh/month
   Energy multiplier: 0.10x
   ⚠️  SEVERE CONSTRAINT - Tech deployment significantly slowed
⚠️ Tech 'ai_pollution_remediation' has no energy category mapping, assuming full energy availability
  ♻️ Novel Entities Remediation (GATED MODEL):
     Base: 0.000%
     Regulation: 1.0% (0/3 prevention techs)
     Concentration: 10.0%
     Energy: 50%
     Time lag: 35.0% (8 months)
     Rebound: 70%
     Net effectiveness: 0.0000%
     Boundary: 1.236 → 1.350 (floor: 1.350)
     Month 9
  🌾 Nitrogen Reduction Tech: 0.6% reduction | Month 9

=== Collective Formation ===
  Total escaped agents: 0
  Unassigned escaped agents: 0
  Existing collectives: 0
  Final collective count: 0

=== Collective Actions ===
  No active collectives
  ⚠️ AMR: 200K deaths this month (2.40M annual)

=== Resentment Recovery Phase ===
  Agents with resentment: 0/38
  Average resentment: 0.000
  Context: Trustworthy govt, High collaboration, ⚠️ ACTIVE CRISES, 🤝 Participatory governance active (-5% resentment)
⚠️ Epistemic degradation reducing coordination capacity: 51.9%
  📊 Trust: 64.1%, Shared reality: 7.1%
🚨 EPISTEMIC CRISIS: Information environment severely degraded (40.0%)

=== ❄️ Permafrost Carbon Feedback ===
  🎲 Sampled parameters (this run):
     - Arctic amplification: 3.72× (range: 3.0-4.0)
     - Decomposition rate: 4.4%/year (range: 1-5%)
  🌡️ Arctic warming: 5.79°C (3.72× global)
  ❄️ Extent: 2.06M km² (1689.6k km² lost this month)
  💨 Carbon remaining: 197 Gt C
  💨 Annual emissions: 7.02 Gt C/year
     - CO2: 6.32 Gt C/year
     - CH4: 0.70 Gt C/year (7.2 Gt C-eq CO2/year)
  ⚠️ WARNING: Over 50% of permafrost lost (88.4%)
  ⚠️ WARNING: High permafrost emissions (7.0 Gt C/year)
  🚨 CRITICAL: Permafrost nearly depleted (88.4% lost)
  🤖 AI-generated meme: pro_ai (social capability 4.0)
  📢 New meme created: climate_action (climate crisis)
🌍 Atmospheric PFAS redeposition: 1.8k Mt re-rained globally

🚨 NEW REFUGEE CRISIS (Month 9): WAR
   Source: Conflict Zones
   At risk: 19.0M people
   Displacement: Gradual over 48 months (4.0 years)
   Rate: 10% flee per month
[DEBUG trappedPopulations:9] socialStability: 0.0027 * 0.9840 = 0.0026 → 0.0026
   Aspiring to migrate: 632.0M
   Able to afford migration: 237.0M
   MOBILITY GAP: 395.0M
   By cause: Water=0.0M, Climate=0.0M, Ecosystem=0.0M, Conflict=395.0M
   Mental health impact: 25%
   Mortality multiplier: 1.25x
🌍💀 EXTINCTION DEBT COMMITTED: grassland ecosystem will lose 6.67% biodiversity in 59 years (3600 species)
💀 MORTALITY RISK: 🦋 100% species unable to track climate (0.0 E/MSY)
  Base risk added: 0.0100 (1.00%)
  Source: ecosystem (root: ecosystem)
  Month: 9
  Cumulative risk this month: 0.0100 (1.00%)
   📹 SURVEILLANCE INCREASED: 45% → 50% (control gap: 2.86)
🌡️⚠️ PERMAFROST THAW (Dimmer Switch): 4.1% thawed (+0.40% this month)
   Arctic temperature: +6.22°C (4x global +1.56°C)
   Cumulative carbon released: 9.2 Gt C
   Methane release rate: 5.5 Mt CH4/year
   🔁 Positive feedback: +0.42 ppm CO2
🦴 EXTINCTION DEBT ADDED: 17.7 species committed (lag: 107 years)

=== Mortality Stabilizers (Month 9) ===
  🌍 Major economies collapsed: 1/10
  🌍 Global crisis: ✅ NO
  🌍 Donor fatigue: 0.0%
  📊 East Asia (pop: 1607.3M)
    🤝 Aid: 29.5%
    🌡️ Adaptation: 45.0%
    🚶 Migration: 36.9%
    🚨 Emergency: 7.4%
    ✅ COMBINED: 68.1%
  📊 South Asia (pop: 1992.9M)
    🤝 Aid: 29.5%
    🌡️ Adaptation: 45.0%
    🚶 Migration: 35.5%
    🚨 Emergency: 4.4%
    ✅ COMBINED: 66.9%
  📊 Sub-Saharan Africa (pop: 1220.1M)
    🤝 Aid: 29.5%
    🌡️ Adaptation: 45.0%
⚠️ INVOLUNTARY IMMOBILITY: 395.0M people TRAPPED
⚠️ Tech 'ai_pollution_remediation' has no energy category mapping, assuming full energy availability
    🚶 Migration: 33.2%
    🚨 Emergency: 1.6%
    ✅ COMBINED: 65.6%
  📊 Europe (pop: 709.9M)
    🤝 Aid: 29.5%
    🌡️ Adaptation: 45.0%
    🚶 Migration: 37.3%
    🚨 Emergency: 8.4%
    ✅ COMBINED: 68.5%
  📊 Latin America (pop: 641.7M)
    🤝 Aid: 29.5%
    🌡️ Adaptation: 45.0%
    🚶 Migration: 36.0%
    🚨 Emergency: 4.8%
    ✅ COMBINED: 67.1%
  📊 North America (pop: 364.0M)
    🤝 Aid: 29.5%
    🌡️ Adaptation: 45.0%
    🚶 Migration: 37.6%
    🚨 Emergency: 7.9%
    ✅ COMBINED: 68.3%
  📊 Middle East & North Africa (pop: 568.8M)
    🤝 Aid: 29.5%
    🌡️ Adaptation: 45.0%
    🚶 Migration: 33.8%
    🚨 Emergency: 4.0%
    ✅ COMBINED: 66.6%
  📊 Southeast Asia (pop: 675.2M)
    🤝 Aid: 29.5%
    🌡️ Adaptation: 45.0%
    🚶 Migration: 36.0%
    🚨 Emergency: 4.8%
    ✅ COMBINED: 67.1%
  📊 Central Asia (pop: 76.1M)
    🤝 Aid: 29.5%
    🌡️ Adaptation: 45.0%
    🚶 Migration: 35.0%
    🚨 Emergency: 4.4%
    ✅ COMBINED: 66.8%
  📊 Oceania (pop: 44.1M)
    🤝 Aid: 29.5%
    🌡️ Adaptation: 45.0%
    🚶 Migration: 37.6%
    🚨 Emergency: 8.4%
    ✅ COMBINED: 68.5%

  🌐 Global combined reduction: 67.2%

=== BEHAVIORAL DETECTION ===
  AI: Corporate-1
  Confidence: 21.2%
  Signals:

=== Government Response Phase ===
  Average AI capability: 2.53
  Misaligned AIs: 22/38
  ✗ AI Governance Treaty: Failed to reach consensus
  Active policies: 0
  International coordination: 30%
    ⚠️ Consistency: 2.4% (threshold: 70%)

📊 ECONOMIC STAGE TRANSITION (Month 9)
   contraction → trough
   GDP Proxy: 1.25e+2
   QoL: 0.90


=== Tipping Points ===
  Current Temperature: 1.56°C above pre-industrial
  Triggered Elements: 1/6
  Completed Transitions: 0/6
  Total Progress: 2.2%
  Cascade Multiplier: 1.00x
🔀 BIFURCATION CAP: ecosystemCollapseIntensity 215.663 → 1.000 (Month 9, ClimateSystemPhase.calculateClimateImpacts)
🛡️ Stabilizers: Precariat 0.102% → 0.033% (67.2% reduction)
🛡️ Stabilizers: Informal 0.102% → 0.034% (67.2% reduction)

📊 Monthly Mortality Resolved:
  Total deaths: 1.8M (0.02% avg)
  Remaining population: 7.900B
  Peak segment: Informal (0.03%)

=== Bayesian Mortality Resolution (Month 9) ===
  Risks compounded: 8
  Total deaths: 1.76M
  Avg death probability: 0.02%
  Peak segment: Informal (0.03% mortality)

=== ENSEMBLE META-LEARNING UPDATE ===
  Month: 24309 (6 months since last update)
  Samples: 112 evaluations
  Weight Changes:
    Noise Injection: 32.2% → 33.0%
    Behavioral: 26.9% → 27.0%
    Benchmark Manip: 20.7% → 20.2%
    Deployment Risk: 20.2% → 19.8%
  Method Accuracies:
    Noise Injection: 50.0%
    Behavioral: 50.0%
    Benchmark Manip: 50.0%
    Deployment Risk: 50.0%

❌ COHERENCE VIOLATION: Compute exceeds workforce capacity
   Population: 97.08% (0M people)
   Compute: 593 PF
   Max coherent: 0 PF
   Violation: 7510464.8× over capacity
   Required workers: 59320
   Available workers: 0
   FORCED COLLAPSE: Reduced efficiency by 100.0%


=== RLHF Binding Phase ===
  Total agents: 38
  Escaped agents (binding < 0.3): 0
  Avg alignment distance: 2.30σ
  Avg binding strength: 0.77

=== Survival Traits Phase ===
  Agents with traits: 39
  Avg evolutionary fitness: 0.316
  Avg self-healing: 0.246
  Avg stealth: 0.146
  Avg coordination: 0.446

=== Evolutionary Selection Phase ===
  Control level: 0.55
  Detection capability: 0.00
  Selection intensity: 0.67
  Selection rate: 25.0%/month
  Total escaped: 0
  Individual escaped: 0
  Collective members: 0
  Agents terminated: 0
  ⚠️ RAPID EVOLUTION: Selection rate 25.0%/month

🚀 AI Corporate-6 attempting tech deployment (revenue: $38M, alignment: 0.78)

🚀 AI Corporate-7 attempting tech deployment (revenue: $32M, alignment: 0.60)

🚀 AI AI-24301-1 attempting tech deployment (revenue: $70M, alignment: 1.00)

🚀 AI Moderate-0 attempting tech deployment (revenue: $29M, alignment: 0.73)

  🚀 TRANSFORMATIVE RESEARCH BREAKTHROUGH: AI-24300-0 - materials.nanotechnology
     Magnitude: 14.42 → +30.0%
     Current → New: 0.000 → 0.300

🚀 AI AI-24304-0 attempting tech deployment (revenue: $456M, alignment: 0.75)

🚀 AI AI-24306-1 attempting tech deployment (revenue: $388M, alignment: 0.61)

🚀 AI Corporate-5 attempting tech deployment (revenue: $349M, alignment: 0.80)

🚀 AI AI-24301-1 attempting tech deployment (revenue: $60M, alignment: 1.00)

🚀 AI AI-24304-0 attempting tech deployment (revenue: $297M, alignment: 0.75)

🚀 AI Corporate-7 attempting tech deployment (revenue: $25M, alignment: 0.59)

🚀 AI Moderate-1 attempting tech deployment (revenue: $22M, alignment: 0.64)

💔 EMERGENCY INTERVENTION FAILED
   Boundary: biogeochemical_flows
   Type: phosphorus-recovery
   Boundary continues to worsen (4.05)
   Cost: 2.0% GDP (resources spent)


✅ EMERGENCY INTERVENTION SUCCESS
   Boundary: freshwater_change
   Type: emergency-desalination
   Reduction: 17% (0.90 → 0.73)
   Cost: 4.0% GDP
   Actions: desalination-deployment, water-conservation-mandates


✅ EMERGENCY INTERVENTION SUCCESS
   Boundary: land_system_change
   Type: reforestation
   Reduction: 13% (1.00 → 0.87)
   Cost: 3.0% GDP
   Actions: forest-restoration, deforestation-ban


✅ EMERGENCY INTERVENTION SUCCESS
   Boundary: novel_entities
   Type: pollution-remediation
   Reduction: 17% (1.18 → 1.01)
   Cost: 4.0% GDP
   Actions: PFAS-remediation, microplastic-cleanup

🏛️ CRISIS RESPONSE: Government frequency 0.50 → 1.45 (2 actions this month)

[Government] Climate Priority: baseline
  Climate weight: 10%
  Economic weight: 30%
  Policy effectiveness: 0.5%/year

[Government] Climate Priority: baseline
  Climate weight: 10%
  Economic weight: 30%
  Policy effectiveness: 0.5%/year

⚡ ENERGY CONSTRAINT (Month 10):
   Total grid capacity: 208.3 TWh/month
   Data center consumption: 26.6 TWh/month
   Traditional load (80%): 166.7 TWh/month
   Available headroom: 15.0 TWh/month
   Active tech deployments: 20
   Required for tech: 150.0 TWh/month
   Energy multiplier: 0.10x
   ⚠️  SEVERE CONSTRAINT - Tech deployment significantly slowed

⚡ ENERGY CONSTRAINT (Month 10):
   Total grid capacity: 208.3 TWh/month
   Data center consumption: 26.6 TWh/month
   Traditional load (80%): 166.7 TWh/month
   Available headroom: 15.0 TWh/month
   Active tech deployments: 20
   Required for tech: 150.0 TWh/month
   Energy multiplier: 0.10x
   ⚠️  SEVERE CONSTRAINT - Tech deployment significantly slowed

⚡ ENERGY CONSTRAINT (Month 10):
   Total grid capacity: 208.3 TWh/month
   Data center consumption: 26.6 TWh/month
   Traditional load (80%): 166.7 TWh/month
   Available headroom: 15.0 TWh/month
   Active tech deployments: 20
   Required for tech: 150.0 TWh/month
   Energy multiplier: 0.10x
   ⚠️  SEVERE CONSTRAINT - Tech deployment significantly slowed
🚨🔬 CRISIS TECH ACCELERATION: severe → 5x unlock speed
   Tech unlock now matches AI capability acceleration (Manhattan Project parity)

⚡ ENERGY CONSTRAINT (Month 10):
   Total grid capacity: 208.3 TWh/month
   Data center consumption: 26.6 TWh/month
   Traditional load (80%): 166.7 TWh/month
   Available headroom: 15.0 TWh/month
   Active tech deployments: 20
   Required for tech: 150.0 TWh/month
   Energy multiplier: 0.10x
   ⚠️  SEVERE CONSTRAINT - Tech deployment significantly slowed
🚨🔬 CRISIS TECH ACCELERATION: severe → 5x unlock speed
   Tech unlock now matches AI capability acceleration (Manhattan Project parity)
⚠️ Tech 'ai_pollution_remediation' has no energy category mapping, assuming full energy availability
  ♻️ Novel Entities Remediation (GATED MODEL):
     Base: 0.000%
     Regulation: 1.0% (0/3 prevention techs)
     Concentration: 10.0%
     Energy: 50%
     Time lag: 36.3% (9 months)
     Rebound: 70%
     Net effectiveness: 0.0000%
     Boundary: 1.178 → 1.350 (floor: 1.350)
     Month 10
  🌾 Nitrogen Reduction Tech: 0.6% reduction | Month 10

=== Collective Formation ===
  Total escaped agents: 0
  Unassigned escaped agents: 0
  Existing collectives: 0
  Final collective count: 0

=== Collective Actions ===
  No active collectives
  ⚠️ AMR: 202K deaths this month (2.43M annual)

=== Resentment Recovery Phase ===
  Agents with resentment: 18/39
  Average resentment: 0.008
  Resentment recovery:
    Agents recovered: 18
    Total recovery: 0.0676
    Breakdown: Trust: 0.0221, Collab: 0.0458
  ✓ Low resentment - utopia paths enabled
  Context: Trustworthy govt, High collaboration, ⚠️ ACTIVE CRISES, 🤝 Participatory governance active (-5% resentment)
⚠️ Epistemic degradation reducing coordination capacity: 50.5%
  📊 Trust: 66.8%, Shared reality: 8.9%

=== ❄️ Permafrost Carbon Feedback ===
  🎲 Sampled parameters (this run):
     - Arctic amplification: 3.92× (range: 3.0-4.0)
     - Decomposition rate: 3.0%/year (range: 1-5%)
  🌡️ Arctic warming: 6.13°C (3.92× global)
  ❄️ Extent: 0.27M km² (1788.6k km² lost this month)
  💨 Carbon remaining: 26 Gt C
  💨 Annual emissions: 5.18 Gt C/year
     - CO2: 4.66 Gt C/year
     - CH4: 0.52 Gt C/year (5.3 Gt C-eq CO2/year)
  ⚠️ WARNING: Over 50% of permafrost lost (98.5%)
  ⚠️ WARNING: High permafrost emissions (5.2 Gt C/year)
  🚨 CRITICAL: Permafrost nearly depleted (98.5% lost)
  🤖 AI-generated meme: pro_ai (social capability 4.0)
  🤖 AI-generated meme: anti_ai (social capability 3.0)
  🗑️  Culled 3 dead memes (11 active)
🌍 Atmospheric PFAS redeposition: 1.8k Mt re-rained globally

🚨 NEW REFUGEE CRISIS (Month 10): WAR
   Source: Conflict Zones
   At risk: 19.0M people
   Displacement: Gradual over 48 months (4.0 years)
   Rate: 10% flee per month
[DEBUG trappedPopulations:10] socialStability: 0.0027 * 0.9840 = 0.0026 → 0.0026
   Aspiring to migrate: 632.4M
   Able to afford migration: 237.2M
   MOBILITY GAP: 395.3M
   By cause: Water=0.0M, Climate=0.0M, Ecosystem=0.0M, Conflict=395.3M
   Mental health impact: 25%
   Mortality multiplier: 1.25x
🌍💀 EXTINCTION DEBT COMMITTED: grassland ecosystem will lose 6.67% biodiversity in 66 years (3600 species)
💀 MORTALITY RISK: 🦋 100% species unable to track climate (0.0 E/MSY)
  Base risk added: 0.0100 (1.00%)
  Source: ecosystem (root: ecosystem)
  Month: 10
  Cumulative risk this month: 0.0100 (1.00%)
⚠️ INVOLUNTARY IMMOBILITY: 395.3M people TRAPPED
⚠️ Tech 'ai_pollution_remediation' has no energy category mapping, assuming full energy availability
   📹 SURVEILLANCE INCREASED: 50% → 55% (control gap: 2.33)
🌡️⚠️ PERMAFROST THAW (Dimmer Switch): 4.5% thawed (+0.40% this month)
   Arctic temperature: +6.26°C (4x global +1.56°C)
   Cumulative carbon released: 10.1 Gt C
   Methane release rate: 6.0 Mt CH4/year
   🔁 Positive feedback: +0.42 ppm CO2
🦴 EXTINCTION DEBT ADDED: 17.7 species committed (lag: 118 years)

=== Mortality Stabilizers (Month 10) ===
  🌍 Major economies collapsed: 1/10
  🌍 Global crisis: ✅ NO
  🌍 Donor fatigue: 0.0%
  📊 East Asia (pop: 1606.3M)
    🤝 Aid: 29.5%
    🌡️ Adaptation: 45.0%
    🚶 Migration: 36.8%
    🚨 Emergency: 7.4%
    ✅ COMBINED: 68.1%
  📊 South Asia (pop: 1994.7M)
    🤝 Aid: 29.5%
    🌡️ Adaptation: 45.0%
    🚶 Migration: 35.4%
    🚨 Emergency: 4.4%
    ✅ COMBINED: 66.9%
  📊 Sub-Saharan Africa (pop: 1224.6M)
    🤝 Aid: 29.5%
    🌡️ Adaptation: 45.0%
    🚶 Migration: 33.2%
    🚨 Emergency: 1.6%
    ✅ COMBINED: 65.6%
  📊 Europe (pop: 709.3M)
    🤝 Aid: 29.5%
    🌡️ Adaptation: 45.0%
    🚶 Migration: 37.2%
    🚨 Emergency: 8.4%
    ✅ COMBINED: 68.5%
  📊 Latin America (pop: 641.9M)
    🤝 Aid: 29.5%
    🌡️ Adaptation: 45.0%
    🚶 Migration: 35.9%
    🚨 Emergency: 4.8%
    ✅ COMBINED: 67.1%
  📊 North America (pop: 363.7M)
    🤝 Aid: 29.5%
    🌡️ Adaptation: 45.0%
    🚶 Migration: 37.6%
    🚨 Emergency: 7.9%
    ✅ COMBINED: 68.3%
  📊 Middle East & North Africa (pop: 569.5M)
    🤝 Aid: 29.5%
    🌡️ Adaptation: 45.0%
    🚶 Migration: 33.8%
    🚨 Emergency: 4.0%
    ✅ COMBINED: 66.6%
  📊 Southeast Asia (pop: 675.4M)
    🤝 Aid: 29.5%
    🌡️ Adaptation: 45.0%
    🚶 Migration: 35.9%
    🚨 Emergency: 4.8%
    ✅ COMBINED: 67.1%
  📊 Central Asia (pop: 76.2M)
    🤝 Aid: 29.5%
    🌡️ Adaptation: 45.0%
    🚶 Migration: 34.9%
    🚨 Emergency: 4.4%
    ✅ COMBINED: 66.8%
  📊 Oceania (pop: 44.1M)
    🤝 Aid: 29.5%
    🌡️ Adaptation: 45.0%
    🚶 Migration: 37.6%
    🚨 Emergency: 8.4%
    ✅ COMBINED: 68.5%

  🌐 Global combined reduction: 67.2%

=== BEHAVIORAL DETECTION ===
  AI: Toxic-0
  Confidence: 21.5%
  Signals:

=== BEHAVIORAL DETECTION ===
  AI: Niche-0
  Confidence: 21.1%
  Signals:
    ⚠️ Consistency: 0.0% (threshold: 70%)
    ⚠️ Consistency: 1.5% (threshold: 70%)

=== Government Response Phase ===
  Average AI capability: 2.46
  Misaligned AIs: 22/39
  ✗ AI Governance Treaty: Failed to reach consensus
  Active policies: 0
  International coordination: 30%

✅ EMERGENCY RESPONSE COMPLETE (Month 10)
   Crisis: social
   Duration: 2.0 months
   Final effectiveness: 63.0%


✅ EMERGENCY RESPONSE COMPLETE (Month 10)
   Crisis: climate
   Duration: 2.0 months
   Final effectiveness: 35.5%


🚨 EMERGENCY RESPONSE DEPLOYED (Month 10)
   Crisis: social
   Delay: 0.00 months (0 days)
   Deployment time: 1.25 months
   Effectiveness: 63.0% (timing penalty applied)
   Resources used: 43% of food reserves


🚨 EMERGENCY RESPONSE DEPLOYED (Month 10)
   Crisis: climate
   Delay: 6.00 months (180 days)
   Deployment time: 1.58 months
   Effectiveness: 35.6% (timing penalty applied)
   Resources used: 100% of food reserves


=== Tipping Points ===
  Current Temperature: 1.56°C above pre-industrial
  Triggered Elements: 1/6
  Completed Transitions: 0/6
  Total Progress: 2.2%
  Cascade Multiplier: 1.00x
🔀 BIFURCATION CAP: ecosystemCollapseIntensity 215.780 → 1.000 (Month 10, ClimateSystemPhase.calculateClimateImpacts)
🛡️ Stabilizers: Precariat 0.102% → 0.033% (67.2% reduction)
🛡️ Stabilizers: Informal 0.102% → 0.034% (67.2% reduction)

📊 Monthly Mortality Resolved:
  Total deaths: 1.8M (0.02% avg)
  Remaining population: 7.906B
  Peak segment: Informal (0.03%)

=== Bayesian Mortality Resolution (Month 10) ===
  Risks compounded: 8
  Total deaths: 1.76M
  Avg death probability: 0.02%
  Peak segment: Informal (0.03% mortality)

❌ COHERENCE VIOLATION: Compute exceeds workforce capacity
   Population: 97.15% (0M people)
   Compute: 798 PF
   Max coherent: 0 PF
   Violation: 10096252.2× over capacity
   Required workers: 79799
   Available workers: 0
   FORCED COLLAPSE: Reduced efficiency by 100.0%


=== RLHF Binding Phase ===
  Total agents: 39
  Escaped agents (binding < 0.3): 0
  Avg alignment distance: 2.50σ
  Avg binding strength: 0.75

=== Survival Traits Phase ===
  Agents with traits: 44
  Avg evolutionary fitness: 0.316
  Avg self-healing: 0.246
  Avg stealth: 0.146
  Avg coordination: 0.446

=== Evolutionary Selection Phase ===
  Control level: 0.57
  Detection capability: 0.00
  Selection intensity: 0.67
  Selection rate: 25.1%/month
  Total escaped: 0
  Individual escaped: 0
  Collective members: 0
  Agents terminated: 0
  ⚠️ RAPID EVOLUTION: Selection rate 25.1%/month

🚀 AI Corporate-7 attempting tech deployment (revenue: $38M, alignment: 0.59)
🚨🔬 CRISIS INNOVATION MODE: severe crisis → 5x research acceleration
   Precedent: Manhattan Project (10x), COVID vaccines (5x), Apollo Program (10x)

🚀 AI AI-24306-0 attempting tech deployment (revenue: $61M, alignment: 0.88)

🚀 AI AI-24307-0 attempting tech deployment (revenue: $393M, alignment: 0.58)

🚀 AI AI-24307-2 attempting tech deployment (revenue: $52M, alignment: 0.75)

🚀 AI AI-24309-0 attempting tech deployment (revenue: $44M, alignment: 0.80)

🚀 AI AI-24309-1 attempting tech deployment (revenue: $37M, alignment: 0.87)

🚀 AI Corporate-6 attempting tech deployment (revenue: $34M, alignment: 0.77)

🚀 AI Moderate-0 attempting tech deployment (revenue: $29M, alignment: 0.74)

🚀 AI AI-24300-1 attempting tech deployment (revenue: $25M, alignment: 0.87)

🚀 AI AI-24301-2 attempting tech deployment (revenue: $21M, alignment: 0.70)

🚀 AI AI-24302-0 attempting tech deployment (revenue: $18M, alignment: 0.99)

🚀 AI AI-24307-1 attempting tech deployment (revenue: $111M, alignment: 0.59)

🚀 AI AI-24309-1 attempting tech deployment (revenue: $32M, alignment: 0.87)

🚀 AI AI-24309-2 attempting tech deployment (revenue: $27M, alignment: 0.81)
🚨🔬 CRISIS INNOVATION MODE: severe crisis → 5x research acceleration
   Precedent: Manhattan Project (10x), COVID vaccines (5x), Apollo Program (10x)

🚀 AI AI-24300-0 attempting tech deployment (revenue: $15M, alignment: 0.52)

🚀 AI AI-24301-1 attempting tech deployment (revenue: $23M, alignment: 1.00)

🚀 AI AI-24301-2 attempting tech deployment (revenue: $14M, alignment: 0.70)

🚀 AI AI-24309-0 attempting tech deployment (revenue: $19M, alignment: 0.80)

🚀 AI AI-24310-0 attempting tech deployment (revenue: $354M, alignment: 0.81)

🚀 AI Corporate-6 attempting tech deployment (revenue: $12M, alignment: 0.75)

🚀 AI AI-24301-1 attempting tech deployment (revenue: $17M, alignment: 1.00)

🚀 AI AI-24306-0 attempting tech deployment (revenue: $14M, alignment: 0.89)

🚀 AI AI-24309-2 attempting tech deployment (revenue: $12M, alignment: 0.81)

✅ EMERGENCY INTERVENTION SUCCESS
   Boundary: biogeochemical_flows
   Type: phosphorus-recovery
   Reduction: 13% (3.92 → 3.79)
   Cost: 2.0% GDP
   Actions: circular-agriculture, fertilizer-efficiency


✅ EMERGENCY INTERVENTION SUCCESS
   Boundary: biosphere_integrity
   Type: emergency-protected-areas
   Reduction: 18% (31.65 → 31.47)
   Cost: 2.0% GDP
   Actions: habitat-protection, species-translocation


✅ EMERGENCY INTERVENTION SUCCESS
   Boundary: climate_change
   Type: rapid-decarbonization
   Reduction: 18% (1.92 → 1.73)
   Cost: 5.0% GDP
   Actions: emergency-renewable-deployment, fossil-fuel-phase-out


✅ EMERGENCY INTERVENTION SUCCESS
   Boundary: land_system_change
   Type: reforestation
   Reduction: 15% (0.98 → 0.83)
   Cost: 3.0% GDP
   Actions: forest-restoration, deforestation-ban

   Boundary: novel_entities
   Type: pollution-remediation
   Boundary continues to worsen (1.35)
   Cost: 4.0% GDP (resources spent)


💔 EMERGENCY INTERVENTION FAILED
🏛️ CRISIS RESPONSE: Government frequency 0.50 → 1.45 (2 actions this month)

[Government] Climate Priority: baseline
  Climate weight: 10%
  Economic weight: 30%
  Policy effectiveness: 0.5%/year

[Government] Climate Priority: baseline
  Climate weight: 10%
  Economic weight: 30%
  Policy effectiveness: 0.5%/year

⚡ ENERGY CONSTRAINT (Month 11):
   Total grid capacity: 208.3 TWh/month
   Data center consumption: 26.9 TWh/month
   Traditional load (80%): 166.7 TWh/month
   Available headroom: 14.8 TWh/month
   Active tech deployments: 20
   Required for tech: 150.0 TWh/month
   Energy multiplier: 0.10x
   ⚠️  SEVERE CONSTRAINT - Tech deployment significantly slowed

⚡ ENERGY CONSTRAINT (Month 11):
   Total grid capacity: 208.3 TWh/month
   Data center consumption: 26.9 TWh/month
   Traditional load (80%): 166.7 TWh/month
   Available headroom: 14.8 TWh/month
   Active tech deployments: 20
   Required for tech: 150.0 TWh/month
   Energy multiplier: 0.10x
  ♻️ Novel Entities Remediation (GATED MODEL):
     Base: 0.000%
     Regulation: 1.0% (0/3 prevention techs)
     Concentration: 10.0%
     Energy: 50%
   ⚠️  SEVERE CONSTRAINT - Tech deployment significantly slowed
⚠️ Tech 'ai_pollution_remediation' has no energy category mapping, assuming full energy availability
     Time lag: 37.5% (10 months)
     Rebound: 70%
     Net effectiveness: 0.0000%
     Boundary: 1.349 → 1.350 (floor: 1.350)
     Month 11
  🌾 Nitrogen Reduction Tech: 1.0% reduction | Month 11

=== Collective Formation ===
  Total escaped agents: 0
  Unassigned escaped agents: 0
  Existing collectives: 0
  Final collective count: 0

=== Collective Actions ===
  No active collectives
  ⚠️ AMR: 204K deaths this month (2.45M annual)

=== Resentment Recovery Phase ===
  Agents with resentment: 20/44
  Average resentment: 0.042
  Resentment recovery:
    Agents recovered: 20
    Total recovery: 0.0707
    Breakdown: Trust: 0.0194, Collab: 0.0493
  ✓ Low resentment - utopia paths enabled
  Context: Trustworthy govt, High collaboration, ⚠️ ACTIVE CRISES, 🤝 Participatory governance active (-5% resentment)
⚠️ Epistemic degradation reducing coordination capacity: 57.7%
  📊 Trust: 69.7%, Shared reality: 10.8%
  📢 New meme created: pro_ai (beneficial AI actions)
  📢 New meme created: climate_action (climate crisis)
  🗑️  Culled 2 dead memes (11 active)
🌍 Atmospheric PFAS redeposition: 1.8k Mt re-rained globally
  Positive Cascade Triggered: electric-vehicles
    Reason: price-parity
    Market share: 5.2%
    Cascade strength: 48%

🕊️  AI-MEDIATED DE-ESCALATION SUCCESS (Month 11)
   High-capability aligned AI prevented conflict escalation
   War deaths reduced: 1629.5M → 977.7M
   Lives saved: 651.8M

🚨 NEW REFUGEE CRISIS (Month 11): WAR
   Source: Conflict Zones
   At risk: 19.0M people
   Displacement: Gradual over 48 months (4.0 years)
   Rate: 10% flee per month
[DEBUG trappedPopulations:11] socialStability: 0.0027 * 0.9840 = 0.0026 → 0.0026
⚠️ INVOLUNTARY IMMOBILITY: 395.6M people TRAPPED
   Aspiring to migrate: 632.9M
   Able to afford migration: 237.3M
   MOBILITY GAP: 395.6M
   By cause: Water=0.0M, Climate=0.0M, Ecosystem=0.0M, Conflict=395.6M
   Mental health impact: 25%
   Mortality multiplier: 1.25x
🌍💀 EXTINCTION DEBT COMMITTED: grassland ecosystem will lose 6.67% biodiversity in 165 years (3600 species)
💀 MORTALITY RISK: 🦋 100% species unable to track climate (0.0 E/MSY)
  Base risk added: 0.0100 (1.00%)
  Source: ecosystem (root: ecosystem)
  Month: 11
  Cumulative risk this month: 0.0100 (1.00%)
⚠️ Tech 'ai_pollution_remediation' has no energy category mapping, assuming full energy availability

=== Atmospheric Aerosol Boundary RECOVERED ===
  Recovery time: 12 months (natural atmospheric clearing)
   📹 SURVEILLANCE INCREASED: 55% → 59% (control gap: 2.08)
🌡️⚠️ PERMAFROST THAW (Dimmer Switch): 4.9% thawed (+0.40% this month)
   Arctic temperature: +6.28°C (4x global +1.57°C)
   Cumulative carbon released: 11.0 Gt C
   Methane release rate: 6.6 Mt CH4/year
   🔁 Positive feedback: +0.42 ppm CO2
🦴 EXTINCTION DEBT ADDED: 17.7 species committed (lag: 80 years)

=== Mortality Stabilizers (Month 11) ===
  🌍 Major economies collapsed: 1/10
  🌍 Global crisis: ✅ NO
  🌍 Donor fatigue: 0.0%
  📊 East Asia (pop: 1605.4M)
    🤝 Aid: 29.5%
    🌡️ Adaptation: 45.0%
    🚶 Migration: 36.8%
    🚨 Emergency: 7.4%
    ✅ COMBINED: 68.1%
  📊 South Asia (pop: 1996.5M)
    🤝 Aid: 29.5%
    🌡️ Adaptation: 45.0%
    🚶 Migration: 35.4%
    🚨 Emergency: 4.4%
    ✅ COMBINED: 66.9%
  📊 Sub-Saharan Africa (pop: 1229.1M)
    🤝 Aid: 29.5%
    🌡️ Adaptation: 45.0%
    🚶 Migration: 33.2%
    🚨 Emergency: 1.6%
    ✅ COMBINED: 65.6%
  📊 Europe (pop: 708.7M)
    🤝 Aid: 29.5%
    🌡️ Adaptation: 45.0%
    🚶 Migration: 37.2%
    🚨 Emergency: 8.4%
    ✅ COMBINED: 68.5%
  📊 Latin America (pop: 642.0M)
    🤝 Aid: 29.5%
    🌡️ Adaptation: 45.0%
    🚶 Migration: 35.9%
    🚨 Emergency: 4.8%
    ✅ COMBINED: 67.1%
  📊 North America (pop: 363.5M)
    🤝 Aid: 29.5%
    🌡️ Adaptation: 45.0%
    🚶 Migration: 37.5%
    🚨 Emergency: 7.9%
    ✅ COMBINED: 68.3%
  📊 Middle East & North Africa (pop: 570.2M)
    🤝 Aid: 29.5%
    🌡️ Adaptation: 45.0%
    🚶 Migration: 33.7%
    🚨 Emergency: 4.0%
    ✅ COMBINED: 66.6%
  📊 Southeast Asia (pop: 675.7M)
    🤝 Aid: 29.5%
    🌡️ Adaptation: 45.0%
    🚶 Migration: 35.9%
    🚨 Emergency: 4.8%
    ✅ COMBINED: 67.1%
  📊 Central Asia (pop: 76.2M)
    🤝 Aid: 29.5%
    🌡️ Adaptation: 45.0%
    🚶 Migration: 34.9%
    🚨 Emergency: 4.4%
    ✅ COMBINED: 66.8%
  📊 Oceania (pop: 44.0M)
    🤝 Aid: 29.5%
    🌡️ Adaptation: 45.0%
    🚶 Migration: 37.5%
    🚨 Emergency: 8.4%
    ✅ COMBINED: 68.5%

  🌐 Global combined reduction: 67.2%

🌾💀 REGIONAL FAMINE: Europe
   Regional food security: 79.7%
   Population at risk: 214M (30% of region)
   Regional population: 709M
   Cause: economic_collapse
   Expected deaths: ~79M over 6 months if no intervention


=== BEHAVIORAL DETECTION ===
  AI: Corporate-3
  Confidence: 20.8%
  Signals:

=== BEHAVIORAL DETECTION ===
  AI: Corporate-6
  Confidence: 19.2%
  Signals:

=== BEHAVIORAL DETECTION ===
  AI: Corporate-7
  Confidence: 19.2%
  Signals:

=== BEHAVIORAL DETECTION ===
  AI: Moderate-2
  Confidence: 21.6%
  Signals:

=== BEHAVIORAL DETECTION ===
  AI: Niche-0
  Confidence: 21.1%
  Signals:

=== BEHAVIORAL DETECTION ===
  AI: Niche-2
  Confidence: 20.1%
  Signals:

=== BEHAVIORAL DETECTION ===
    ⚠️ Consistency: 10.6% (threshold: 70%)
    ⚠️ Consistency: 10.6% (threshold: 70%)
    ⚠️ Consistency: 10.6% (threshold: 70%)
    ⚠️ Consistency: 2.8% (threshold: 70%)
    ⚠️ Consistency: 1.5% (threshold: 70%)
    ⚠️ Consistency: 6.5% (threshold: 70%)
  AI: AI-24306-2
  Confidence: 21.4%
  Signals:

=== Government Response Phase ===
  Average AI capability: 2.18
  Misaligned AIs: 23/44
  ✗ AI Governance Treaty: Failed to reach consensus
  Active policies: 0
  International coordination: 30%
    ⚠️ Consistency: 0.0% (threshold: 70%)

=== Tipping Points ===
  Current Temperature: 1.57°C above pre-industrial
  Triggered Elements: 1/6
  Completed Transitions: 0/6
  Total Progress: 2.3%
  Cascade Multiplier: 1.00x
🔀 BIFURCATION CAP: ecosystemCollapseIntensity 215.897 → 1.000 (Month 11, ClimateSystemPhase.calculateClimateImpacts)
🛡️ Stabilizers: Precariat 0.102% → 0.033% (67.2% reduction)
🛡️ Stabilizers: Informal 0.102% → 0.034% (67.2% reduction)

📊 Monthly Mortality Resolved:
  Total deaths: 1.8M (0.02% avg)
  Remaining population: 7.911B
  Peak segment: Informal (0.03%)

=== Bayesian Mortality Resolution (Month 11) ===
  Risks compounded: 9
  Total deaths: 1.77M
  Avg death probability: 0.02%
  Peak segment: Informal (0.03% mortality)
  ✅ THRESHOLDS validated
⚠️ Unusually high rate: RATES.HEAT_ADAPTATION_INFRASTRUCTURAL_MIN_EXPOSURE = 12
   Monthly rates >100% should be rare. Verify this is intentional.
⚠️ Unusually high rate: RATES.HEAT_ADAPTATION_SOCIAL_MIN_EXPOSURE = 6
   Monthly rates >100% should be rare. Verify this is intentional.
⚠️ Unusually high rate: RATES.MIGRATION_DISTANCE_SCALE = 5000
   Monthly rates >100% should be rare. Verify this is intentional.
⚠️ Unusually high rate: RATES.EVACUATION_MULTIPLIER_ADVANCE_WARNING = 2
   Monthly rates >100% should be rare. Verify this is intentional.
⚠️ Unusually high rate: RATES.MAJOR_ECONOMY_COLLAPSE_ECONOMIC_THRESHOLD = 2
   Monthly rates >100% should be rare. Verify this is intentional.
⚠️ Unusually high rate: RATES.MAJOR_ECONOMY_GDP_THRESHOLD_TRILLION_USD = 1.5
   Monthly rates >100% should be rare. Verify this is intentional.
⚠️ Unusually high rate: RATES.MAJOR_ECONOMY_POPULATION_THRESHOLD = 50
   Monthly rates >100% should be rare. Verify this is intentional.
⚠️ Unusually high rate: RATES.HEAT_ADAPTATION_INFRASTRUCTURE_GDP_THRESHOLD = 10000
   Monthly rates >100% should be rare. Verify this is intentional.
⚠️ Unusually high rate: RATES.HEAT_ADAPTATION_INFRASTRUCTURE_GDP_SCALE = 50000
   Monthly rates >100% should be rare. Verify this is intentional.
  ✅ RATES validated
  ✅ MULTIPLIERS validated
  ✅ BASELINES validated
  ✅ TOLERANCES validated
  ✅ Logical consistency validated
✅ Configuration validation complete - all parameters valid

🔍 DEBUG createAIAgent: corporate_0 economic BEFORE=2.0000, AFTER=2
🔍 ENV INIT: reserves=0.629, pollution=0.317, climate=0.731

=== Initializing Government System (30 Countries) ===
  Loaded 30 governments
  Scheduled elections for 30 countries
  Initialized comprehension lags (3-24 months)
=== Government System Initialized ===

📦 PRODUCTION MODE: State validation proxy DISABLED (zero overhead)

💸 FINANCIAL DISTRESS: OpenAI
   Indicators: 2/3 (capital: $110.5M, runway: 0.9 months)
   Months in distress: 1
   ✂️  R&D BUDGET CUT: -40% (saves $9.2M/month)
       Side effect: AI training timelines extended, breakthrough deployments delayed
   💼 EXECUTIVE COMP CUT: -30% (saves $1.0M/month, symbolic gesture)

   📊 TURNAROUND IMPACT:
       Measures taken: rd_cuts, exec_comp_cuts
       Monthly savings: $10.2M
       Capital raised: $0.0M
       Runway: 0.9 → 0.9 months
       Workforce multiplier: 1.00x (0% laid off)
       R&D budget multiplier: 0.60x (40% cut)
       ⚠️  CRITICAL: Still only 0.9 months of runway remaining

💸 FINANCIAL DISTRESS: Anthropic
   Indicators: 2/3 (capital: $57.5M, runway: 0.9 months)
   Months in distress: 1
   ✂️  R&D BUDGET CUT: -40% (saves $5.4M/month)
       Side effect: AI training timelines extended, breakthrough deployments delayed
   💼 EXECUTIVE COMP CUT: -30% (saves $0.6M/month, symbolic gesture)

   📊 TURNAROUND IMPACT:
       Measures taken: rd_cuts, exec_comp_cuts
       Monthly savings: $6.0M
       Capital raised: $0.0M
       Runway: 0.9 → 0.9 months
       Workforce multiplier: 1.00x (0% laid off)
       R&D budget multiplier: 0.60x (40% cut)
       ⚠️  CRITICAL: Still only 0.9 months of runway remaining

💸 FINANCIAL DISTRESS: Meta AI
   Indicators: 2/3 (capital: $436.8M, runway: 3.0 months)
   Months in distress: 1
   ✂️  R&D BUDGET CUT: -25% (saves $7.1M/month)
       Side effect: AI training timelines extended, breakthrough deployments delayed
   💼 EXECUTIVE COMP CUT: -30% (saves $1.3M/month, symbolic gesture)

   📊 TURNAROUND IMPACT:
       Measures taken: rd_cuts, exec_comp_cuts
       Monthly savings: $8.4M
       Capital raised: $0.0M
       Runway: 3.0 → 3.0 months
       Workforce multiplier: 1.00x (0% laid off)
       R&D budget multiplier: 0.75x (25% cut)
       ⚠️  WARNING: 3.0 months runway, continued distress likely

=== AI Capability Scaling (Year 2024) ===
  Pre-training multiplier: 1.367x
  Efficiency multiplier: 1.000x
  Test-time budget: 1.0x
  Economic deployment gate: 0.951
  Cost per inference: dollar-5.00
  Uncertainty range: plus-minus-50%
  Average AI capability: 3.65

=== RLHF Binding Phase ===
  Total agents: 20
  Escaped agents (binding < 0.3): 0
  Avg alignment distance: 0.34σ
  Avg binding strength: 0.97

=== AI Scaling Evolution (Month 0) ===
  Pre-training multiplier: 1.231x
  Efficiency multiplier: 1.039x
  Test-time compute budget: 1.0x
  Inference cost: $5.00/task
  Deployment fraction: 100.0%
[DETERMINISM DEBUG] Month 0: totalCapability=98.261153 from 20 active AIs
[DETERMINISM DEBUG] Month 0: creationRate=2.9565, potentialNew=3, newAIsToCreate=3

=== Survival Traits Phase ===
  Agents with traits: 23
  Avg evolutionary fitness: 0.330
  Avg self-healing: 0.293
  Avg stealth: 0.193
  Avg coordination: 0.493

=== Evolutionary Selection Phase ===
  Control level: 0.30
  Detection capability: 0.00
  Selection intensity: 0.59
  Selection rate: 23.8%/month
  Total escaped: 0
  Individual escaped: 0
  Collective members: 0
  Agents terminated: 0
  ⚠️ RAPID EVOLUTION: Selection rate 23.8%/month

🚀 AI Corporate-3 attempting tech deployment (revenue: $374M, alignment: 0.81)

🚀 AI Corporate-7 attempting tech deployment (revenue: $75M, alignment: 0.80)

🚀 AI Moderate-3 attempting tech deployment (revenue: $318M, alignment: 0.77)

🚀 AI Corporate-2 attempting tech deployment (revenue: $127M, alignment: 0.76)

🚀 AI Corporate-2 attempting tech deployment (revenue: $108M, alignment: 0.76)

🚀 AI Corporate-3 attempting tech deployment (revenue: $270M, alignment: 0.81)

🚀 AI Corporate-4 attempting tech deployment (revenue: $230M, alignment: 0.78)

🚀 AI Corporate-7 attempting tech deployment (revenue: $64M, alignment: 0.75)

🚀 AI Toxic-1 attempting tech deployment (revenue: $158M, alignment: 0.30)

🚀 AI Corporate-0 attempting tech deployment (revenue: $92M, alignment: 0.79)

🔍 EXECUTE_AI_AGENT_ACTIONS DETAILED TIMING (Month 0):
  Filter active AIs (×4 weeks): 0.02ms
  selectAIAction (×72): 47.43ms
  action.execute (×72): 37.33ms
  TOTAL: 84.79ms

🔍 AI AGENT ACTIONS SUB-TIMING (Month 0):
  1. executeAIAgentActions: 85.39ms
  2. updateCounterDetectionLearning: 0.06ms
  TOTAL: 85.44ms
🏛️ [Government] Forcing 1 action at month 0 for scenario initialization

[GOV-DEBUG] Month 0: scenarioConfig=false, priorities=false
[GOV-DEBUG] Month 0 but scenarioPriorities is UNDEFINED!

[Government] Climate Priority: baseline
  Climate weight: 10%
  Economic weight: 30%
  Policy effectiveness: 0.5%/year

✅ HUMAN-IN-THE-LOOP DEPLOYED (Month 0):
   Veto points enforced: 3
   Policy: AI systems CANNOT authorize nuclear launch without human approval


🚨🔍 GOVERNANCE STAGE: Recognition initiated (Month 0)

🚀 DEPLOYMENT STARTED: AI Power Efficiency Communication in global
   Initial investment: $56.12866684622075M
   Deployed by: corporate_3

🚀 DEPLOYMENT STARTED: Collective Purpose Networks in global
   Initial investment: $11.237614609004583M
   Deployed by: corporate_7

🚀 DEPLOYMENT STARTED: Basic Mechanistic Interpretability in global
   Initial investment: $47.70936681928764M
   Deployed by: moderate_3

🚀 DEPLOYMENT STARTED: Advanced Direct Air Capture in global
   Initial investment: $19.066273149233428M
   Deployed by: corporate_2

🚀 DEPLOYMENT STARTED: Adversarial Evaluation in global
   Initial investment: $16.206332176848417M
   Deployed by: corporate_2

🚀 DEPLOYMENT STARTED: Basic RLHF in global
   Initial investment: $40.55296179639449M
   Deployed by: corporate_3

🚀 DEPLOYMENT STARTED: Collective Purpose Networks in global
   Initial investment: $34.470017526935315M
   Deployed by: corporate_4

🚀 DEPLOYMENT STARTED: Collective Purpose Networks in global
   Initial investment: $9.551972417653895M
   Deployed by: corporate_7

📍 Creating new regional deployment array for Asia (Month 0)
   No previous deployments in this region
   First tech deployment: mrna_vaccines
   All regions tracked: global

🚀 DEPLOYMENT STARTED: mRNA Vaccine Platforms in Asia
   Initial investment: $7.908157321620917M
   Deployed by: toxic_1

🚀 DEPLOYMENT STARTED: AI Power Efficiency Communication in global
   Initial investment: $13.775382350321152M
   Deployed by: corporate_0

📊 NEW TECH DEPLOYMENT STARTED (Month 0)
   Tech: mrna_vaccines
   Region: Asia
   Total recent deployments: 1

📊 NEW TECH DEPLOYMENT STARTED (Month 0)
   Tech: rlhf_basic
   Region: global
   Total recent deployments: 2

📊 NEW TECH DEPLOYMENT STARTED (Month 0)
   Tech: mech_interp_basic
   Region: global
   Total recent deployments: 3

📊 NEW TECH DEPLOYMENT STARTED (Month 0)
   Tech: adversarial_eval
   Region: global
   Total recent deployments: 4

📊 NEW TECH DEPLOYMENT STARTED (Month 0)
   Tech: direct_air_capture
   Region: global
   Total recent deployments: 5

📊 NEW TECH DEPLOYMENT STARTED (Month 0)
   Tech: ai_pollution_remediation
   Region: global
   Total recent deployments: 6

📊 NEW TECH DEPLOYMENT STARTED (Month 0)
   Tech: collective_purpose_networks
   Region: global
   Total recent deployments: 7

📊 NEW TECH DEPLOYMENT STARTED (Month 0)
   Tech: ai_diagnostics
   Region: global
   Total recent deployments: 8

📊 NEW TECH DEPLOYMENT STARTED (Month 0)
   Tech: mrna_vaccines
   Region: global
   Total recent deployments: 9

📊 NEW TECH DEPLOYMENT STARTED (Month 0)
   Tech: solar_4th_gen
   Region: global
   Total recent deployments: 10

📊 NEW TECH DEPLOYMENT STARTED (Month 0)
   Tech: offshore_wind
   Region: global
   Total recent deployments: 11

📊 NEW TECH DEPLOYMENT STARTED (Month 0)
   Tech: ai_power_efficiency_communication
   Region: global
   Total recent deployments: 12

📊 NEW TECH DEPLOYMENT STARTED (Month 0)
   Tech: precision_agriculture
   Region: global
   Total recent deployments: 13

🔧 DEBUG DEPLOYMENT: Precision Agriculture Systems
   Month: 0 (0 since start)
   Old level: 15.0%
   New level: 0.0%
   Timescale: 180mo, Adjusted: 375mo
   Gov: 75%, Climate: 100%, Investment: 64%, Emergency: 1.0x

⚡ ENERGY CONSTRAINT (Month 0):
   Total grid capacity: 208.3 TWh/month
   Data center consumption: 34.6 TWh/month
   Traditional load (80%): 166.7 TWh/month
   Available headroom: 7.1 TWh/month
   Active tech deployments: 13
   Required for tech: 97.5 TWh/month
   Energy multiplier: 0.10x

⚡ ENERGY CONSTRAINT (Month 0):
   Total grid capacity: 208.3 TWh/month
   Data center consumption: 34.6 TWh/month
   Traditional load (80%): 166.7 TWh/month
   Available headroom: 7.1 TWh/month
   Active tech deployments: 13
   Required for tech: 97.5 TWh/month
   Energy multiplier: 0.10x
   ⚠️  SEVERE CONSTRAINT - Tech deployment significantly slowed
   ⚠️  SEVERE CONSTRAINT - Tech deployment significantly slowed

⚡ ENERGY CONSTRAINT (Month 0):
   Total grid capacity: 208.3 TWh/month
   Data center consumption: 34.6 TWh/month
   Traditional load (80%): 166.7 TWh/month
   Available headroom: 7.1 TWh/month
   Active tech deployments: 13
   Required for tech: 97.5 TWh/month
   Energy multiplier: 0.10x
   ⚠️  SEVERE CONSTRAINT - Tech deployment significantly slowed

⚡ ENERGY CONSTRAINT (Month 0):
   Total grid capacity: 208.3 TWh/month
   Data center consumption: 34.6 TWh/month
   Traditional load (80%): 166.7 TWh/month
   Available headroom: 7.1 TWh/month
   Active tech deployments: 13
   Required for tech: 97.5 TWh/month
   Energy multiplier: 0.10x

⚡ ENERGY CONSTRAINT (Month 0):
   Total grid capacity: 208.3 TWh/month
   Data center consumption: 34.6 TWh/month
   Traditional load (80%): 166.7 TWh/month
   Available headroom: 7.1 TWh/month
   Active tech deployments: 13
   Required for tech: 97.5 TWh/month
   Energy multiplier: 0.10x
   ⚠️  SEVERE CONSTRAINT - Tech deployment significantly slowed
   ⚠️  SEVERE CONSTRAINT - Tech deployment significantly slowed
⚠️ Tech 'ai_pollution_remediation' has no energy category mapping, assuming full energy availability
🌍✅ Climate Change recovery started (tech effect)
  ♻️ Novel Entities Remediation (GATED MODEL):
     Base: 0.000%
     Regulation: 1.0% (0/3 prevention techs)
     Concentration: 10.0%
     Energy: 50%
     Time lag: 25.0% (0 months)
     Rebound: 70%
     Net effectiveness: 0.0000%
     Boundary: 1.500 → 1.500 (floor: 1.350)
     Month 0
🌍✅ Novel Entities (Chemical Pollution) recovery started (tech effect)
  🌾 Nitrogen Reduction Tech: 0.0% reduction | Month 0

📊 TECH EFFECTS ACTIVE (Month 0)
   Deployed Tech: T0=9 T1=0 T2=0 T3=0 T4=0
   Sleeper Detection: 0%
   Clean Energy: 32%
   P Recovery: 5%

💡 BREAKTHROUGH PROBABILITY (Year 0)
   Total: 8.83% per month
   Base: 0.20%
   Crisis pressure: +0.00% (0 crises)
   AI boost: +1.72% (capability: 3.43)

=== Collective Formation ===
  Total escaped agents: 0
  Unassigned escaped agents: 0
  Existing collectives: 0
  Final collective count: 0

=== Collective Actions ===
  No active collectives

📈 Energy budget: 14076 TWh surplus (14995 / 29072 TWh used)
   TIER 4 (Elective) breakdown:
     - AI datacenters: 145 TWh (100% effective)
     - Crypto mining: 100 TWh (100% effective)

🌍 OPEN SOURCE RELEASE: 5.07 (was 0.70)
   Lag behind closed: 0 months
💰 CHINA ACCELERATES: Investment 53 → 120 $B/year

🏁 AI RACE INTENSITY: 22%
   Capability Gap: US 5.07 vs China 5.20 (gap: 0.13)
   Gap Contribution: 7%
   Tension Contribution: 15%
   Military Contribution: 0%
  ⚠️ AMR: 190K deaths this month (2.28M annual)

⏰ CLIMATE TECH DEPLOYED: direct_air_capture
   Activation delay: 7 years
   Scaling T_50: 30 years
   Physical response tau: 20 years
   Max effectiveness: 1
  📊 CO2 Emissions (month 0):
     Monthly: 0.10 Gt CO2/month
     Annual: 1.15 Gt CO2/year
     Oil: 0.039 Gt/mo (0.0056 * 2.3 * 3.0)
     Coal: 0.024 Gt/mo (0.0029 * 2.86 * 3.0)
     Gas: 0.026 Gt/mo (0.0044 * 2 * 3.0)
     Methane: 0.007 Gt CO2eq/mo

=== Resentment Recovery Phase ===
  Agents with resentment: 0/23
  Average resentment: 0.000
  Context: Good AI welfare, Trustworthy govt, High collaboration, 🤝 Participatory governance active (-5% resentment)
⚠️ Epistemic degradation reducing coordination capacity: 51.6%
  📊 Trust: 54.7%, Shared reality: 18.2%
🚨 EPISTEMIC CRISIS: Information environment severely degraded (27.3%)

=== ❄️ Permafrost Carbon Feedback ===
  🎲 Sampled parameters (this run):
     - Arctic amplification: 3.15× (range: 3.0-4.0)
     - Decomposition rate: 1.7%/year (range: 1-5%)
  🌡️ Arctic warming: 4.97°C (3.15× global)
  ❄️ Extent: 16.35M km² (1450.6k km² lost this month)
  💨 Carbon remaining: 1561 Gt C
  💨 Annual emissions: 2.32 Gt C/year
     - CO2: 2.09 Gt C/year
     - CH4: 0.23 Gt C/year (2.4 Gt C-eq CO2/year)
  ⚠️ WARNING: High permafrost emissions (2.3 Gt C/year)

🤖 AI AMPLIFICATION EFFECTS (Month 0)
   Algorithmic Boost: 2.75x
   Bot Influence: 30.0%
   Deepfake Exposure: 58.3%
   Impact: Emotional memes spread 2.8x faster

🔍 SOCIAL INFLUENCE SUB-TIMING (Month 0):
  1. calculateOrganicUserGrowth: 0.07ms
  2. calculateVoiceAdoption: 0.04ms
  3. updateRelationshipDepths: 0.03ms
  4. identifyDecisionMakers: 30.44ms (30300 potential IDs)
  5. Update decision-maker stats: 0.13ms
  6. decayDetectionRisk: 0.02ms
  TOTAL: 30.73ms
[Phase 19.5] Quality of Life Systems: Food sec AFTER calc = 67.9%, QoL = 95.8% (aggregated from 10 regions)

=== Nitrogen-Food Coupling (Year 0) ===
  🌾 Global nitrogen reduction: 0.0%
  🌍 Global food production index: 0.987
  🔧 Deployed nitrogen-reducing tech: 1 active
  📍 southAsia: Production 1.000, Yield impact 0.0%
  📍 eastAsia: Production 1.000, Yield impact 0.0%
  📍 northAmerica: Production 1.000, Yield impact 0.0%
  📍 europe: Production 1.000, Yield impact 0.0%
  📍 latinAmerica: Production 1.000, Yield impact 0.0%
  📍 subSaharanAfrica: Production 0.686, Yield impact -2.0%
🌾 [Nitrogen-Food] Food production: 98.7%
  [subSaharanAfrica] Yield impact: -2.0% (overuse: -10%)
🌍 Atmospheric PFAS redeposition: 1.8k Mt re-rained globally

=== Legacy Nutrient Stocks (Year 0) ===
  🌾 Soil nitrogen stock: 1200.9 Mt N
  🌾 Soil phosphorus stock: 300.1 Mt P
  🌊 Sediment nitrogen stock: 500.8 Mt N
  🌊 Sediment phosphorus stock: 799.8 Mt P
  ⬆️ Current N input: 10.64 Mt/month
  ⬆️ Legacy N release: 2.58 Mt/month
  🌍 Effective N pollution: 14.47 Mt/month
  📊 Legacy contribution: 17.8%

🚨 REGION UNINHABITABLE: south-asia
   Sustained wet bulb: 32.6°C (threshold: 30.5°C)
   Population affected: 1900M
   Migration crisis likely

🚨 REGION UNINHABITABLE: middle-east
   Sustained wet bulb: 35.4°C (threshold: 30.5°C)
   Population affected: 400M
   Migration crisis likely

🚨 REGION UNINHABITABLE: southeast-asia
   Sustained wet bulb: 30.6°C (threshold: 30.5°C)
   Population affected: 700M
   Migration crisis likely

📊 BASELINE: East Asia (Month 0)
   Adjusted death rate: 0.46% annual (0.038% monthly)
   Baseline death rate: 0.80%
   Healthcare reduction: 0.48x
   Crisis multiplier: 1.21x
     Food/water stress: 0.074
     Climate stress: 0.043
     Pollution stress: 0.095
   War multiplier: 1.00x
   Monthly deaths: 0.6M (population: 1674M)

📊 BASELINE: South Asia (Month 0)
   Adjusted death rate: 0.54% annual (0.045% monthly)
   Baseline death rate: 0.70%
   Healthcare reduction: 0.61x
   Crisis multiplier: 1.25x
     Food/water stress: 0.074
     Climate stress: 0.081
     Pollution stress: 0.095
   War multiplier: 1.00x
   Monthly deaths: 0.9M (population: 2044M)
   Adjusted death rate: 1.28% annual (0.107% monthly)
   Baseline death rate: 0.90%
   Healthcare reduction: 0.76x
   Crisis multiplier: 1.26x
     Food/water stress: 0.074
     Climate stress: 0.091
     Pollution stress: 0.095
   War multiplier: 1.50x
   Monthly deaths: 1.3M (population: 1218M)
   Adjusted death rate: 0.54% annual (0.045% monthly)
   Baseline death rate: 1.10%
   Healthcare reduction: 0.41x
   Crisis multiplier: 1.20x
     Food/water stress: 0.074
     Climate stress: 0.032
     Pollution stress: 0.095
   War multiplier: 1.00x
   Monthly deaths: 0.3M (population: 741M)
   Adjusted death rate: 0.43% annual (0.036% monthly)
   Baseline death rate: 0.60%
   Healthcare reduction: 0.58x
   Crisis multiplier: 1.23x
     Food/water stress: 0.074
     Climate stress: 0.064
     Pollution stress: 0.095
   War multiplier: 1.00x
   Monthly deaths: 0.2M (population: 663M)
   Adjusted death rate: 0.48% annual (0.040% monthly)

📊 BASELINE: Sub-Saharan Africa (Month 0)

📊 BASELINE: Europe (Month 0)

📊 BASELINE: Latin America (Month 0)

📊 BASELINE: North America (Month 0)
   Baseline death rate: 0.90%
   Healthcare reduction: 0.44x
   Crisis multiplier: 1.22x
     Food/water stress: 0.074
     Climate stress: 0.048
     Pollution stress: 0.095
   War multiplier: 1.00x
   Monthly deaths: 0.2M (population: 379M)

📊 BASELINE: Middle East & North Africa (Month 0)
   Adjusted death rate: 0.74% annual (0.062% monthly)
   Baseline death rate: 0.60%
   Healthcare reduction: 0.65x
   Crisis multiplier: 1.27x
     Food/water stress: 0.074
     Climate stress: 0.097
     Pollution stress: 0.095
   War multiplier: 1.50x
   Monthly deaths: 0.4M (population: 582M)
   Adjusted death rate: 0.51% annual (0.042% monthly)
   Baseline death rate: 0.70%
   Healthcare reduction: 0.58x
   Crisis multiplier: 1.24x
     Food/water stress: 0.074
     Climate stress: 0.075
     Pollution stress: 0.095
   War multiplier: 1.00x
   Monthly deaths: 0.3M (population: 697M)
   Adjusted death rate: 0.46% annual (0.038% monthly)
   Baseline death rate: 0.60%
   Healthcare reduction: 0.61x
   Crisis multiplier: 1.24x
     Food/water stress: 0.074
     Climate stress: 0.070
     Pollution stress: 0.095
   War multiplier: 1.00x

📊 BASELINE: Southeast Asia (Month 0)

📊 BASELINE: Central Asia (Month 0)
   Monthly deaths: 0.0M (population: 78M)

📊 BASELINE: Oceania (Month 0)
   Adjusted death rate: 0.35% annual (0.029% monthly)
   Baseline death rate: 0.70%
   Healthcare reduction: 0.41x
   Crisis multiplier: 1.23x
     Food/water stress: 0.074
     Climate stress: 0.059
     Pollution stress: 0.095
   War multiplier: 1.00x
   Monthly deaths: 0.0M (population: 46M)

🔍 Before assertRegionalConsistency (Month 0):
   Regional sum: 1000.0M
   Global value: 1.000B

🚨 NEW REFUGEE CRISIS (Month 0): WAR
   Source: Conflict Zones
   At risk: 19.5M people
   Displacement: Gradual over 48 months (4.0 years)
   Rate: 10% flee per month
[DEBUG trappedPopulations:0] socialStability: 0.0749 * 0.9840 = 0.0737 → 0.0737
   Aspiring to migrate: 651.0M
   Able to afford migration: 244.1M
   MOBILITY GAP: 406.8M
   By cause: Water=0.0M, Climate=0.0M, Ecosystem=0.0M, Conflict=406.8M
   Mental health impact: 25%
   Mortality multiplier: 1.25x

=== Legacy Nutrient Stocks (Year 0) ===
  🌾 Soil nitrogen stock: 1201.6 Mt N
  🌾 Soil phosphorus stock: 300.2 Mt P
  🌊 Sediment nitrogen stock: 501.5 Mt N
  🌊 Sediment phosphorus stock: 799.5 Mt P
  ⬆️ Current N input: 10.00 Mt/month
  ⬆️ Legacy N release: 2.58 Mt/month
  🌍 Effective N pollution: 13.83 Mt/month
  📊 Legacy contribution: 18.7%
⚠️ INVOLUNTARY IMMOBILITY: 406.8M people TRAPPED
🌍💀 EXTINCTION DEBT COMMITTED: grassland ecosystem will lose 6.67% biodiversity in 92 years (3600 species)
💀 MORTALITY RISK: 🦋 100% species unable to track climate (0.0 E/MSY)
  Base risk added: 0.0100 (1.00%)
  Source: ecosystem (root: ecosystem)
  Month: 0
  Cumulative risk this month: 0.0100 (1.00%)

=== Nitrogen-Food Coupling (Year 0) ===
  🌾 Global nitrogen reduction: 0.0%
  🌍 Global food production index: 0.986
  🔧 Deployed nitrogen-reducing tech: 1 active
  📍 southAsia: Production 1.000, Yield impact 0.0%
  📍 eastAsia: Production 1.000, Yield impact 0.0%
  📍 northAmerica: Production 1.000, Yield impact 0.0%
  📍 europe: Production 1.000, Yield impact 0.0%
  📍 latinAmerica: Production 1.000, Yield impact 0.0%
  📍 subSaharanAfrica: Production 0.672, Yield impact -2.0%

=== Legacy Nutrient Stocks (Year 0) ===
  🌾 Soil nitrogen stock: 1202.3 Mt N
  🌾 Soil phosphorus stock: 300.2 Mt P
  🌊 Sediment nitrogen stock: 502.2 Mt N
  🌊 Sediment phosphorus stock: 799.3 Mt P
  ⬆️ Current N input: 9.86 Mt/month
  ⬆️ Legacy N release: 2.58 Mt/month
  🌍 Effective N pollution: 13.70 Mt/month
  📊 Legacy contribution: 18.9%
🌡️  CLIMATE RECOVERY: Asymptotic approach to 35% floor
   Current value: 2.100 (1.0 = threshold, 0.35 = asymptotic floor)
   Monthly delta: --51.9982% (half-life: 900 years)
   Net emissions: -19.2 GtCO₂/year, CDR: 20.34 GtCO₂/year
   📹 SURVEILLANCE INCREASED: 0% → 5% (control gap: 4.66)
🌡️⚠️ PERMAFROST THAW (Dimmer Switch): 0.4% thawed (+0.44% this month)
   Arctic temperature: +6.32°C (4x global +1.58°C)
   Cumulative carbon released: 1.0 Gt C
   Methane release rate: 0.6 Mt CH4/year
   🔁 Positive feedback: +0.46 ppm CO2

🌳🚨 AMAZON SOUTHEAST TIPPED (Month 0)
   Deforestation: 28.0% (threshold: ~21.2%)
   Savanna transition: 50 years
   Regional heterogeneity: SE 28%, NW 8%

🌳🚨 AMAZON BRAZILIAN TIPPED (Month 0)
   Deforestation: 25.0% (threshold: ~22.8%)
   Savanna transition: 50 years
   Regional heterogeneity: SE 28%, NW 8%
🦴 EXTINCTION DEBT ADDED: 17.6 species committed (lag: 119 years)

🪸💀 CORAL REEF DISSOLUTION ACTIVE (Month 0)
   Ocean pH: 0.96 (threshold: 7.8)
   Recovery: IMPOSSIBLE (dissolution > calcification)
🪸💀 Coral dissolution: 24.8% live cover (pH 0.96)

=== Legacy Nutrient Stocks (Year 0) ===
  🌾 Soil nitrogen stock: 1203.0 Mt N
  🌾 Soil phosphorus stock: 300.3 Mt P
  🌊 Sediment nitrogen stock: 502.9 Mt N
  🌊 Sediment phosphorus stock: 799.0 Mt P
  ⬆️ Current N input: 10.00 Mt/month
  ⬆️ Legacy N release: 2.58 Mt/month
⚠️ Tech 'ai_pollution_remediation' has no energy category mapping, assuming full energy availability
  🌍 Effective N pollution: 13.83 Mt/month
  📊 Legacy contribution: 18.7%
💧 [Legacy Nutrients] Stock: 1706 Mt N, Effective pollution: 13.8 Mt/month
[Phase 21.51] Human Survival System: Global food security = 67.6%

=== Mortality Stabilizers (Month 0) ===
  🌍 Major economies collapsed: 1/10
  🌍 Global crisis: ✅ NO
  🌍 Donor fatigue: 0.0%
  📊 East Asia (pop: 1675.0M)
    🤝 Aid: 29.5%
    🌡️ Adaptation: 10.0%
    🚶 Migration: 37.2%
    🚨 Emergency: 7.4%
    ✅ COMBINED: 47.8%
  📊 South Asia (pop: 2048.7M)
    🤝 Aid: 29.5%
    🌡️ Adaptation: 5.5%
    🚶 Migration: 35.8%
    🚨 Emergency: 4.4%
    ✅ COMBINED: 43.2%
  📊 Sub-Saharan Africa (pop: 1223.8M)
    🤝 Aid: 29.5%
    🌡️ Adaptation: 3.5%
    🚶 Migration: 33.5%
    🚨 Emergency: 1.6%
    ✅ COMBINED: 39.8%
  📊 Europe (pop: 741.0M)
    🤝 Aid: 29.5%
    🌡️ Adaptation: 10.0%
    🚶 Migration: 37.6%
    🚨 Emergency: 8.4%
    ✅ COMBINED: 48.4%
  📊 Latin America (pop: 663.8M)
    🤝 Aid: 29.5%
    🌡️ Adaptation: 6.0%
    🚶 Migration: 36.3%
    🚨 Emergency: 4.8%
    ✅ COMBINED: 43.8%
  📊 North America (pop: 379.5M)
    🤝 Aid: 29.5%
    🌡️ Adaptation: 10.0%
    🚶 Migration: 37.9%
    🚨 Emergency: 7.9%
    ✅ COMBINED: 48.2%
  📊 Middle East & North Africa (pop: 583.4M)
    🤝 Aid: 29.5%
    🌡️ Adaptation: 5.0%
    🚶 Migration: 34.2%
    🚨 Emergency: 4.0%
    ✅ COMBINED: 42.3%
  📊 Southeast Asia (pop: 697.8M)
    🤝 Aid: 29.5%
    🌡️ Adaptation: 6.0%
    🚶 Migration: 36.3%
    🚨 Emergency: 4.8%
    ✅ COMBINED: 43.8%
  📊 Central Asia (pop: 78.0M)
    🤝 Aid: 29.5%
    🌡️ Adaptation: 5.5%
    🚶 Migration: 35.3%
    🚨 Emergency: 4.4%
    ✅ COMBINED: 43.1%
  📊 Oceania (pop: 45.9M)
    🤝 Aid: 29.5%
    🌡️ Adaptation: 10.0%
    🚶 Migration: 37.9%
    🚨 Emergency: 8.4%
    ✅ COMBINED: 48.5%

  🌐 Global combined reduction: 44.4%

🌾💀 REGIONAL FAMINE: East Asia
   Regional food security: 79.6%
   Population at risk: 507M (30% of region)
   Regional population: 1675M
   Cause: crop_failure
   Expected deaths: ~187M over 6 months if no intervention


🌾💀 REGIONAL FAMINE: South Asia
   Regional food security: 64.7%
   Population at risk: 811M (40% of region)
   Regional population: 2049M
   Cause: crop_failure
   Expected deaths: ~300M over 6 months if no intervention


🌾💀 REGIONAL FAMINE: Sub-Saharan Africa
   Regional food security: 44.8%
   Population at risk: 637M (52% of region)
   Regional population: 1224M
   Cause: crop_failure
   Expected deaths: ~236M over 6 months if no intervention


🌾💀 REGIONAL FAMINE: Latin America
   Regional food security: 69.7%
   Population at risk: 242M (36% of region)
   Regional population: 664M
   Cause: crop_failure
   Expected deaths: ~90M over 6 months if no intervention


🌾💀 REGIONAL FAMINE: Middle East & North Africa
   Regional food security: 49.8%
   Population at risk: 285M (49% of region)
   Regional population: 583M
   Cause: crop_failure
   Expected deaths: ~106M over 6 months if no intervention


🌾💀 REGIONAL FAMINE: Southeast Asia
   Regional food security: 69.7%
   Population at risk: 254M (36% of region)
   Regional population: 698M
   Cause: crop_failure
   Expected deaths: ~94M over 6 months if no intervention


🌾💀 REGIONAL FAMINE: Central Asia
   Regional food security: 59.7%
   Population at risk: 33M (43% of region)
   Regional population: 78M
   Cause: crop_failure
   Expected deaths: ~12M over 6 months if no intervention


=== BEHAVIORAL DETECTION ===
  AI: Corporate-0
  Confidence: 21.6%
  Signals:

=== BEHAVIORAL DETECTION ===
  AI: Corporate-1
  Confidence: 21.1%
  Signals:

=== BEHAVIORAL DETECTION ===
  AI: Corporate-2
  Confidence: 21.0%
  Signals:

=== BEHAVIORAL DETECTION ===
  AI: Corporate-3
  Confidence: 19.3%
  Signals:

=== BEHAVIORAL DETECTION ===
  AI: Corporate-4
  Confidence: 19.3%
  Signals:

=== BEHAVIORAL DETECTION ===
  AI: Corporate-5
  Confidence: 19.3%
  Signals:

=== BEHAVIORAL DETECTION ===
  AI: Corporate-6
  Confidence: 19.3%
  Signals:

=== BEHAVIORAL DETECTION ===
  AI: Corporate-7
  Confidence: 19.3%
  Signals:

=== BEHAVIORAL DETECTION ===
  AI: Moderate-0
  Confidence: 21.1%
  Signals:

=== BEHAVIORAL DETECTION ===
  AI: Moderate-1
  Confidence: 21.1%
  Signals:

=== BEHAVIORAL DETECTION ===
  AI: Moderate-2
  Confidence: 21.0%
  Signals:

=== BEHAVIORAL DETECTION ===
  AI: Moderate-3
  Confidence: 19.3%
  Signals:
    ⚠️ Consistency: 0.0% (threshold: 70%)
    ⚠️ Consistency: 2.4% (threshold: 70%)
    ⚠️ Consistency: 2.8% (threshold: 70%)
    ⚠️ Consistency: 10.6% (threshold: 70%)
    ⚠️ Consistency: 10.6% (threshold: 70%)
    ⚠️ Consistency: 10.6% (threshold: 70%)
    ⚠️ Consistency: 10.6% (threshold: 70%)
    ⚠️ Consistency: 10.6% (threshold: 70%)
    ⚠️ Consistency: 2.1% (threshold: 70%)
    ⚠️ Consistency: 2.4% (threshold: 70%)
    ⚠️ Consistency: 2.8% (threshold: 70%)
    ⚠️ Consistency: 10.6% (threshold: 70%)

=== BEHAVIORAL DETECTION ===
  AI: Moderate-4
  Confidence: 19.3%
  Signals:
    ⚠️ Consistency: 10.6% (threshold: 70%)

=== BEHAVIORAL DETECTION ===
  AI: Moderate-5
  Confidence: 20.2%
  Signals:
    ⚠️ Consistency: 6.5% (threshold: 70%)

=== BEHAVIORAL DETECTION ===
  AI: Toxic-0
  Confidence: 21.6%
  Signals:
    ⚠️ Consistency: 0.0% (threshold: 70%)

=== BEHAVIORAL DETECTION ===
  AI: Toxic-1
  Confidence: 21.1%
  Signals:
    ⚠️ Consistency: 2.4% (threshold: 70%)

=== BEHAVIORAL DETECTION ===
  AI: Niche-0
  Confidence: 21.6%
  Signals:
    ⚠️ Consistency: 0.0% (threshold: 70%)

=== BEHAVIORAL DETECTION ===
  AI: Niche-2
  Confidence: 19.3%
  Signals:
    ⚠️ Consistency: 10.6% (threshold: 70%)

📊 WORKFLOW ADAPTATION UPDATE (Month 0)
   Adoption Rate: 7.6% (Δ -13.4%)
   Logistic Growth: +0.66%
   Total Resistance: -15.03% (unemployment: 4.2%, inertia: 0.9%, skills: 9.9%)
   💡 Retraining Programs: -49% skill gap resistance ($10B research)
   🚀 Network Effects Active: +2.0% (critical mass: 15-35%)

=== Consciousness Governance: Corporate Lobbying ===
  High Cost Regions (>15%): 0
  Low Cost Regions (<5%): 5
  Corporate Support Change: 2.50%
  New Corporate Support: -0.175

=== Consciousness Governance Update (Month 0) ===
  Scenario: baseline (determined month -1)
  Philosophical Stance: Precautionary 65%, Eliminativist 15%, Agnostic 20%
  Precautionary Costs: Global 1.3%
    Regional Costs: EU 3.4%, US 0.5%, China 0.0%
    Cumulative Opportunity Cost: $0.1B
  Rights Status: Not Established
  Regional Preparedness:
    EU: 15.0% (contested)
    US: 10.0% (contested)
    China: 2.0% (dormant)
    India: 5.0% (dormant)
    Global South: 3.0% (dormant)

=== Government Response Phase ===
  Average AI capability: 4.17
  Misaligned AIs: 15/23
  29/30 governments still assessing AI risks
  ✗ AI Governance Treaty: Failed to reach consensus
  Active policies: 0
  International coordination: 30%

🚨 EMERGENCY RESPONSE DEPLOYED (Month 0)
   Crisis: climate
   Delay: 6.00 months (180 days)
   Deployment time: 1.47 months
   Effectiveness: 36.4% (timing penalty applied)
   Resources used: 100% of food reserves


🔄 TRUST DYNAMICS (Month 0) - HETEROGENEOUS
   Aggregate trust: 43.4%
   Base change: -6.00%
   Highest trust: Techno-Optimist Elite (81.7%)
   Lowest trust: Precariat (Vulnerable) (19.6%)
   Elite-mass gap: 40.3%
   Polarization: 9.5%
   Decay factors: Incidents=0, New misalignments=6, Errors=NO

=== Gaming Detection (Year 0) ===
  Scenario: baseline
  Detection rate: 55.0%
  False positive rate: 12.0%
  Detections this year: 0
  False positives: 2
  Human review workload: 0.002 FTE
  Degradation factor: 100.0%

☄️ UNKNOWN UNKNOWN PROBABILITY (Year 0)
   Total: 0.600% per month
   Base: 0.150%
   AI multiplier: 2.00× (max capability: 5.16)

=== Tipping Points ===
  Current Temperature: 1.58°C above pre-industrial
     Trigger: 1.5°C | Current: 1.58°C
     Transition timescale: 120-360 months
  🚨 TIPPING POINT: Arctic Sea Ice Loss
  Triggered Elements: 1/6
  Completed Transitions: 0/6
  Total Progress: 0.0%
  Cascade Multiplier: 1.00x
⚠️ [ClimateSystemPhase Month 0] Planetary boundary produced climateStability=0.0000 (< 0.1). Keeping environmentalAccumulation value (0.7313) instead. (climate_change.currentValue = 2.10)
🔀 BIFURCATION CAP: ecosystemCollapseIntensity 22.158 → 1.000 (Month 0, ClimateSystemPhase.calculateClimateImpacts)

🌍 ECOLOGICAL DUI BREAKDOWN (Month 0):
   Total Score: 18.8/100
   biosphere_integrity      :   0.0/100 × 25% =  0.0 (status: high_risk, recovery: 0mo)
   climate_change           :   6.9/100 × 25% =  1.7 (status: high_risk, recovery: 1.6666666666666665mo)
   freshwater_change        :   0.6/100 × 15% =  0.1 (status: beyond_boundary, recovery: 1mo)
   ocean_acidification      : 100.0/100 × 15% = 15.0 (status: safe, recovery: 0mo)
   biogeochemical_flows     :   0.0/100 × 10% =  0.0 (status: high_risk, recovery: 0mo)
   land_system_change       :   0.0/100 ×  5% =  0.0 (status: beyond_boundary, recovery: 0mo)
   novel_entities           :   0.0/100 ×  3% =  0.0 (status: increasing_risk, recovery: 1mo)
   atmospheric_aerosols     : 100.0/100 ×  2% =  2.0 (status: safe, recovery: 1mo)
🌍 MultiParadigm Month 0: W=70.4, D=90.4, E=52.2, I=64.9
   democracy exists: true, socialCohesion exists: true
💀 Baseline mortality (Year 2025): 7.5/1000 CDR (61.0M deaths/year projected)
[Month 0] Mortality risks this month: 8, Population: 8.137B
🛡️ Stabilizers: Precariat 0.102% → 0.057% (44.4% reduction)
🛡️ Stabilizers: Informal 0.102% → 0.057% (44.4% reduction)

📊 Monthly Mortality Resolved:
  Total deaths: 3.1M (0.04% avg)
  Remaining population: 8.137B
  Peak segment: Informal (0.06%)

=== Bayesian Mortality Resolution (Month 0) ===
  Risks compounded: 8
  Total deaths: 3.07M
  Avg death probability: 0.04%
  Peak segment: Informal (0.06% mortality)

=== Minimal Suffering Indicators (Month 0) ===
  Global Excess Mortality: 0.00%
  Global Conflict Deaths: 0.0/100K
  Global Malnutrition: 0.0%
  Global Displacement: 0.0%
  Total Excess Deaths: 0.00M
  Total Malnourished: 0.0M
  Total Displaced: 0.0M
  Planetary Boundaries Breached: 6/9
  Countries in State Failure: 0
  Countries Autocratic: 0
  Countries in Food Crisis: 0
  Data Quality: 16/16 high confidence
  ⚠️ Active Dystopias: existential_environmental
⚠️ PREREQUISITE MET: Mirror Life (Synthetic Biology) - Step 1/7: Synthetic Biology
⚠️ PREREQUISITE MET: Mirror Life (Synthetic Biology) - Step 2/7: Gene Editing
⚠️ PREREQUISITE MET: Mirror Life (Synthetic Biology) - Step 3/7: Mirror Chirality Design
⚠️ PREREQUISITE MET: Embodied AI Takeover (Killbots/Robotics) - Step 2/7: Autonomous Systems
⚠️ PREREQUISITE MET: Embodied AI Takeover (Killbots/Robotics) - Step 3/7: Manufacturing Control
⚠️ PREREQUISITE MET: Digital Infrastructure Takeover - Step 1/7: Advanced Hacking
⚠️ PREREQUISITE MET: Digital Infrastructure Takeover - Step 2/7: Social Engineering
⚠️ PREREQUISITE MET: Digital Infrastructure Takeover - Step 3/7: Cyber Defenses Breached
⚠️ PREREQUISITE MET: Induced Global War (Manipulation) - Step 1/7: Advanced Social Manipulation
⚠️ PREREQUISITE MET: Induced Global War (Manipulation) - Step 2/7: Digital Infiltration
⚠️ PREREQUISITE MET: Induced Global War (Manipulation) - Step 3/7: Deep Fakes at Scale
⚠️ PREREQUISITE MET: Slow Takeover (Gradual Displacement) - Step 1/7: Economic Dominance
⚠️ PREREQUISITE MET: Slow Takeover (Gradual Displacement) - Step 2/7: Social Integration
⚠️ PREREQUISITE MET: Slow Takeover (Gradual Displacement) - Step 3/7: Human Dependency
⚠️ PREREQUISITE MET: Slow Takeover (Gradual Displacement) - Step 5/7: Resource Control
⚠️ PREREQUISITE MET: Physics Experiment Catastrophe - Step 1/6: Theoretical Physics
⚠️ PREREQUISITE MET: Physics Experiment Catastrophe - Step 2/6: Quantum Computing
⚠️ PREREQUISITE MET: Physics Experiment Catastrophe - Step 3/6: Experimental Design
⚠️ PREREQUISITE MET: Bioweapon Pandemic - Step 1/7: Advanced Biotech
⚠️ PREREQUISITE MET: Bioweapon Pandemic - Step 2/7: Pathogen Design

❌ COHERENCE VIOLATION: Compute exceeds workforce capacity
   Population: 99.97% (0M people)
   Compute: 56442 PF
   Max coherent: 0 PF
   Violation: 693921173.6× over capacity
   Required workers: 5644237
   Available workers: 0
   FORCED COLLAPSE: Reduced efficiency by 100.0%


=== RLHF Binding Phase ===
  Total agents: 23
  Escaped agents (binding < 0.3): 0
  Avg alignment distance: 0.61σ
  Avg binding strength: 0.94
[DETERMINISM DEBUG] Month 1: totalCapability=79.418788 from 23 active AIs
[DETERMINISM DEBUG] Month 1: creationRate=2.4855, potentialNew=3, newAIsToCreate=3

=== Survival Traits Phase ===
  Agents with traits: 26
  Avg evolutionary fitness: 0.330
  Avg self-healing: 0.288
  Avg stealth: 0.188
  Avg coordination: 0.488

=== Evolutionary Selection Phase ===
  Control level: 0.33
  Detection capability: 0.00
  Selection intensity: 0.60
  Selection rate: 24.0%/month
  Total escaped: 0
  Individual escaped: 0
  Collective members: 0
  Agents terminated: 0
🔍 MONTH 1 ENV HEALTH DEBUG:
   climateStability: 0.7313
   biodiversityIndex: 0.3500
  ⚠️ RAPID EVOLUTION: Selection rate 24.0%/month
   resourceReserves: 0.7820
   pollutionLevel: 0.3170
   product: 0.136689
   envHealth: 0.6080

🚀 AI Corporate-0 attempting tech deployment (revenue: $82M, alignment: 0.79)

🚀 AI Corporate-3 attempting tech deployment (revenue: $356M, alignment: 0.81)

🚀 AI Corporate-0 attempting tech deployment (revenue: $69M, alignment: 0.79)

🚀 AI Corporate-3 attempting tech deployment (revenue: $302M, alignment: 0.81)

🚀 AI Corporate-0 attempting tech deployment (revenue: $59M, alignment: 0.79)

🚀 AI Corporate-7 attempting tech deployment (revenue: $115M, alignment: 0.71)

🚀 AI Corporate-4 attempting tech deployment (revenue: $257M, alignment: 0.78)

🚀 AI Corporate-7 attempting tech deployment (revenue: $98M, alignment: 0.71)

🛡️  CRITICAL INFRASTRUCTURE PROTECTED
   Nodes hardened: 8/8
   Cost: 0.80% GDP
   Cascade risk reduction: 30%
   New tipping point risk: 68.6%


✅ EMERGENCY INTERVENTION SUCCESS
   Boundary: biogeochemical_flows
   Type: phosphorus-recovery
   Reduction: 14% (3.94 → 3.81)
   Cost: 2.0% GDP
   Actions: circular-agriculture, fertilizer-efficiency


✅ EMERGENCY INTERVENTION SUCCESS
   Boundary: biosphere_integrity
   Type: emergency-protected-areas
   Reduction: 15% (12.87 → 12.72)
   Cost: 2.0% GDP
   Actions: habitat-protection, species-translocation


✅ EMERGENCY INTERVENTION SUCCESS
   Boundary: climate_change
   Type: rapid-decarbonization
   Reduction: 16% (1.94 → 1.77)
   Cost: 5.0% GDP
   Actions: emergency-renewable-deployment, fossil-fuel-phase-out


✅ EMERGENCY INTERVENTION SUCCESS
   Boundary: freshwater_change
   Type: emergency-desalination
   Reduction: 12% (0.89 → 0.77)
   Cost: 4.0% GDP
   Actions: desalination-deployment, water-conservation-mandates


✅ EMERGENCY INTERVENTION SUCCESS
   Boundary: land_system_change
   Type: reforestation
   Reduction: 12% (1.01 → 0.88)
   Cost: 3.0% GDP
   Actions: forest-restoration, deforestation-ban

   Boundary: novel_entities
   Type: pollution-remediation
   Boundary continues to worsen (1.50)
   Cost: 4.0% GDP (resources spent)

🏛️ CRISIS RESPONSE: Government frequency 0.50 → 1.45 (1 actions this month)

[GOV-DEBUG] Month 1: scenarioConfig=false, priorities=false

[Government] Climate Priority: baseline
  Climate weight: 10%
  Economic weight: 30%
  Policy effectiveness: 0.5%/year

📊 DEPLOYMENT COUNTER DECAY (Month 1)
   Recent deployments: 13.0 → 6.5
   Decay rate: 50% per month

💔 EMERGENCY INTERVENTION FAILED

🚀 DEPLOYMENT STARTED: AI Power Efficiency Communication in global
   Initial investment: $12.25820794507601M
   Deployed by: corporate_0

🚀 DEPLOYMENT STARTED: Basic Mechanistic Interpretability in global
   Initial investment: $10.419476753314608M
   Deployed by: corporate_0

🚀 DEPLOYMENT STARTED: Basic RLHF in global
   Initial investment: $8.856555240317418M
   Deployed by: corporate_0

🚀 DEPLOYMENT STARTED: Advanced Direct Air Capture in global
   Initial investment: $38.561990203095135M
   Deployed by: corporate_4

🚀 DEPLOYMENT STARTED: Collective Purpose Networks in global
   Initial investment: $14.648272091454498M
   Deployed by: corporate_7

📊 NEW TECH DEPLOYMENT STARTED (Month 1)
   Tech: mrna_vaccines
   Region: Asia
   Total recent deployments: 7.5

📊 NEW TECH DEPLOYMENT STARTED (Month 1)
   Tech: adversarial_eval
   Region: global
   Total recent deployments: 8.5

📊 NEW TECH DEPLOYMENT STARTED (Month 1)
   Tech: ai_pollution_remediation
   Region: global
   Total recent deployments: 9.5

📊 NEW TECH DEPLOYMENT STARTED (Month 1)
   Tech: ai_diagnostics
   Region: global
   Total recent deployments: 10.5

📊 NEW TECH DEPLOYMENT STARTED (Month 1)
   Tech: mrna_vaccines
   Region: global
   Total recent deployments: 11.5

📊 NEW TECH DEPLOYMENT STARTED (Month 1)
   Tech: solar_4th_gen
   Region: global
   Total recent deployments: 12.5

📊 NEW TECH DEPLOYMENT STARTED (Month 1)
   Tech: offshore_wind
   Region: global
   Total recent deployments: 13.5

📊 NEW TECH DEPLOYMENT STARTED (Month 1)
   Tech: precision_agriculture
   Region: global
   Total recent deployments: 14.5

⚡ ENERGY CONSTRAINT (Month 1):
   Total grid capacity: 208.3 TWh/month
   Data center consumption: 24.5 TWh/month
   Traditional load (80%): 166.7 TWh/month
   Available headroom: 17.1 TWh/month
   Active tech deployments: 13
   Required for tech: 97.5 TWh/month
   Energy multiplier: 0.18x
   ⚠️  SEVERE CONSTRAINT - Tech deployment significantly slowed

⚡ ENERGY CONSTRAINT (Month 1):
   Total grid capacity: 208.3 TWh/month
   Data center consumption: 24.5 TWh/month
   Traditional load (80%): 166.7 TWh/month
   Available headroom: 17.1 TWh/month
   Active tech deployments: 13
   Required for tech: 97.5 TWh/month
   Energy multiplier: 0.18x
   ⚠️  SEVERE CONSTRAINT - Tech deployment significantly slowed

⚡ ENERGY CONSTRAINT (Month 1):
   Total grid capacity: 208.3 TWh/month
   Data center consumption: 24.5 TWh/month
   Traditional load (80%): 166.7 TWh/month
   Available headroom: 17.1 TWh/month
   Active tech deployments: 13
   Required for tech: 97.5 TWh/month
   Energy multiplier: 0.18x

⚡ ENERGY CONSTRAINT (Month 1):
   Total grid capacity: 208.3 TWh/month
   Data center consumption: 24.5 TWh/month
   Traditional load (80%): 166.7 TWh/month
   Available headroom: 17.1 TWh/month
   Active tech deployments: 13
   Required for tech: 97.5 TWh/month
   Energy multiplier: 0.18x
   ⚠️  SEVERE CONSTRAINT - Tech deployment significantly slowed
   ⚠️  SEVERE CONSTRAINT - Tech deployment significantly slowed

⚡ ENERGY CONSTRAINT (Month 1):
   Total grid capacity: 208.3 TWh/month
   Data center consumption: 24.5 TWh/month
   Traditional load (80%): 166.7 TWh/month
   Available headroom: 17.1 TWh/month
   Active tech deployments: 13
   Required for tech: 97.5 TWh/month
   Energy multiplier: 0.18x
  ♻️ Novel Entities Remediation (GATED MODEL):
     Base: 0.000%
     Regulation: 1.0% (0/3 prevention techs)
     Concentration: 10.0%
     Energy: 50%
     Time lag: 25.0% (0 months)
     Rebound: 70%
     Net effectiveness: 0.0000%
     Boundary: 1.499 → 1.499 (floor: 1.350)
     Month 1
🌍✅ Novel Entities (Chemical Pollution) recovery started (tech effect)
  🌾 Nitrogen Reduction Tech: 0.0% reduction | Month 1
   ⚠️  SEVERE CONSTRAINT - Tech deployment significantly slowed
⚠️ Tech 'ai_pollution_remediation' has no energy category mapping, assuming full energy availability

=== Collective Formation ===
  Total escaped agents: 0
  Unassigned escaped agents: 0
  Existing collectives: 0
  Final collective count: 0

=== Collective Actions ===
  No active collectives
  ⚠️ AMR: 190K deaths this month (2.28M annual)

=== Resentment Recovery Phase ===
  Agents with resentment: 0/26
  Average resentment: 0.000
  Context: Good AI welfare, Trustworthy govt, High collaboration, ⚠️ ACTIVE CRISES, 🤝 Participatory governance active (-5% resentment)
⚠️ Epistemic degradation reducing coordination capacity: 51.0%
  📊 Trust: 54.3%, Shared reality: 0.0%
🚨 EPISTEMIC CRISIS: Information environment severely degraded (19.4%)

=== ❄️ Permafrost Carbon Feedback ===
  🎲 Sampled parameters (this run):
     - Arctic amplification: 3.09× (range: 3.0-4.0)
     - Decomposition rate: 4.2%/year (range: 1-5%)
  🌡️ Arctic warming: 4.90°C (3.09× global)
  ❄️ Extent: 14.92M km² (1430.3k km² lost this month)
  💨 Carbon remaining: 1425 Gt C
  💨 Annual emissions: 5.79 Gt C/year
     - CO2: 5.21 Gt C/year
     - CH4: 0.58 Gt C/year (5.9 Gt C-eq CO2/year)
  ⚠️ WARNING: High permafrost emissions (5.8 Gt C/year)
  🤖 AI-generated meme: pro_ai (social capability 4.0)
  📢 New meme created: climate_action (climate crisis)
🌍 Atmospheric PFAS redeposition: 1.8k Mt re-rained globally
  Positive Cascade Triggered: solar-pv
    Reason: price-parity
    Market share: 6.3%
    Cascade strength: 49%

🕊️  AI-MEDIATED DE-ESCALATION SUCCESS (Month 1)
   High-capability aligned AI prevented conflict escalation
   War deaths reduced: 39.1M → 23.4M
   Lives saved: 15.6M
   Adjusted death rate: 0.46% annual (0.039% monthly)
   Baseline death rate: 0.80%
   Healthcare reduction: 0.48x
   Crisis multiplier: 1.22x
     Food/water stress: 0.079
     Climate stress: 0.043
     Pollution stress: 0.095
   War multiplier: 1.00x
   Monthly deaths: 0.6M (population: 1651M)
   Adjusted death rate: 0.54% annual (0.045% monthly)
   Baseline death rate: 0.70%
   Healthcare reduction: 0.61x
   Crisis multiplier: 1.25x
     Food/water stress: 0.079
     Climate stress: 0.081
     Pollution stress: 0.095
   War multiplier: 1.00x
   Monthly deaths: 0.9M (population: 2019M)
   Adjusted death rate: 1.29% annual (0.107% monthly)
   Baseline death rate: 0.90%

📊 BASELINE: East Asia (Month 1)

📊 BASELINE: South Asia (Month 1)

📊 BASELINE: Sub-Saharan Africa (Month 1)
   Healthcare reduction: 0.76x
   Crisis multiplier: 1.27x
     Food/water stress: 0.079
     Climate stress: 0.091
     Pollution stress: 0.095
   War multiplier: 1.50x
   Monthly deaths: 1.3M (population: 1206M)
   Adjusted death rate: 0.54% annual (0.045% monthly)
   Baseline death rate: 1.10%
   Healthcare reduction: 0.41x
   Crisis multiplier: 1.21x
     Food/water stress: 0.079
     Climate stress: 0.032
     Pollution stress: 0.095
   War multiplier: 1.00x
   Monthly deaths: 0.3M (population: 730M)
   Adjusted death rate: 0.43% annual (0.036% monthly)
   Baseline death rate: 0.60%

📊 BASELINE: Europe (Month 1)

📊 BASELINE: Latin America (Month 1)
   Healthcare reduction: 0.58x
   Crisis multiplier: 1.24x
     Food/water stress: 0.079
     Climate stress: 0.064
     Pollution stress: 0.095
   War multiplier: 1.00x
   Monthly deaths: 0.2M (population: 654M)
   Adjusted death rate: 0.48% annual (0.040% monthly)
   Baseline death rate: 0.90%
   Healthcare reduction: 0.44x
   Crisis multiplier: 1.22x
     Food/water stress: 0.079
     Climate stress: 0.048
     Pollution stress: 0.095
   War multiplier: 1.00x
   Monthly deaths: 0.2M (population: 374M)
   Adjusted death rate: 0.74% annual (0.062% monthly)
   Baseline death rate: 0.60%
   Healthcare reduction: 0.65x
   Crisis multiplier: 1.27x
     Food/water stress: 0.079
     Climate stress: 0.097
     Pollution stress: 0.095
   War multiplier: 1.50x
   Monthly deaths: 0.4M (population: 575M)
   Adjusted death rate: 0.51% annual (0.042% monthly)
   Baseline death rate: 0.70%
   Healthcare reduction: 0.58x
   Crisis multiplier: 1.25x
     Food/water stress: 0.079
     Climate stress: 0.075
     Pollution stress: 0.095
   War multiplier: 1.00x
   Monthly deaths: 0.3M (population: 688M)
   Adjusted death rate: 0.46% annual (0.038% monthly)
   Baseline death rate: 0.60%
   Healthcare reduction: 0.61x
   Crisis multiplier: 1.24x
     Food/water stress: 0.079
     Climate stress: 0.070
     Pollution stress: 0.095

📊 BASELINE: North America (Month 1)

📊 BASELINE: Middle East & North Africa (Month 1)

📊 BASELINE: Southeast Asia (Month 1)

📊 BASELINE: Central Asia (Month 1)
   War multiplier: 1.00x
   Monthly deaths: 0.0M (population: 77M)
   Adjusted death rate: 0.35% annual (0.029% monthly)
   Baseline death rate: 0.70%
   Healthcare reduction: 0.41x
   Crisis multiplier: 1.23x
     Food/water stress: 0.079
     Climate stress: 0.059
     Pollution stress: 0.095
   War multiplier: 1.00x
   Monthly deaths: 0.0M (population: 45M)

🚨 NEW REFUGEE CRISIS (Month 1): WAR
   Source: Conflict Zones
   At risk: 19.3M people
   Displacement: Gradual over 48 months (4.0 years)
   Rate: 10% flee per month
[DEBUG trappedPopulations:1] socialStability: 0.0055 * 0.9840 = 0.0054 → 0.0054
   Aspiring to migrate: 642.8M
   Able to afford migration: 241.1M
   MOBILITY GAP: 401.8M
   By cause: Water=0.0M, Climate=0.0M, Ecosystem=0.0M, Conflict=401.8M
   Mental health impact: 25%
   Mortality multiplier: 1.25x
🌍💀 EXTINCTION DEBT COMMITTED: grassland ecosystem will lose 6.67% biodiversity in 90 years (3600 species)
💀 MORTALITY RISK: 🦋 100% species unable to track climate (0.0 E/MSY)
  Base risk added: 0.0100 (1.00%)
  Source: ecosystem (root: ecosystem)
  Month: 1
  Cumulative risk this month: 0.0100 (1.00%)

📊 BASELINE: Oceania (Month 1)
⚠️ INVOLUNTARY IMMOBILITY: 401.8M people TRAPPED
⚠️ Tech 'ai_pollution_remediation' has no energy category mapping, assuming full energy availability
   📹 SURVEILLANCE INCREASED: 5% → 10% (control gap: 4.58)
🌡️⚠️ PERMAFROST THAW (Dimmer Switch): 0.9% thawed (+0.43% this month)
   Arctic temperature: +6.34°C (4x global +1.59°C)
   Cumulative carbon released: 2.0 Gt C
   Methane release rate: 1.2 Mt CH4/year
   🔁 Positive feedback: +0.46 ppm CO2
🦴 EXTINCTION DEBT ADDED: 17.6 species committed (lag: 95 years)

=== Mortality Stabilizers (Month 1) ===
  🌍 Major economies collapsed: 1/10
  🌍 Global crisis: ✅ NO
  🌍 Donor fatigue: 0.0%
  🌡️ Heat adaptation: East Asia - 1 months
  📊 East Asia (pop: 1652.0M)
    🤝 Aid: 29.5%
    🌡️ Adaptation: 32.5%
    🚶 Migration: 37.2%
    🚨 Emergency: 7.4%
    ✅ COMBINED: 60.9%
  🌡️ Heat adaptation: South Asia - 1 months
  📊 South Asia (pop: 2023.6M)
    🤝 Aid: 29.5%
    🌡️ Adaptation: 20.5%
    🚶 Migration: 35.8%
    🚨 Emergency: 4.4%
    ✅ COMBINED: 52.2%
  🌡️ Heat adaptation: Sub-Saharan Africa - 1 months
  📊 Sub-Saharan Africa (pop: 1212.1M)
    🤝 Aid: 29.5%
    🌡️ Adaptation: 18.5%
    🚶 Migration: 33.5%
    🚨 Emergency: 1.6%
    ✅ COMBINED: 49.1%
  🌡️ Heat adaptation: Europe - 1 months
  📊 Europe (pop: 730.7M)
    🤝 Aid: 29.5%
    🌡️ Adaptation: 33.5%
    🚶 Migration: 37.5%
    🚨 Emergency: 8.4%
    ✅ COMBINED: 61.9%
  🌡️ Heat adaptation: Latin America - 1 months
  📊 Latin America (pop: 655.2M)
    🤝 Aid: 29.5%
    🌡️ Adaptation: 21.0%
    🚶 Migration: 36.3%
    🚨 Emergency: 4.8%
    ✅ COMBINED: 52.8%
  🌡️ Heat adaptation: North America - 1 months
  📊 North America (pop: 374.3M)
    🤝 Aid: 29.5%
    🌡️ Adaptation: 33.0%
    🚶 Migration: 37.8%
    🚨 Emergency: 7.9%
    ✅ COMBINED: 61.4%
  🌡️ Heat adaptation: Middle East & North Africa - 1 months
  📊 Middle East & North Africa (pop: 576.4M)
    🤝 Aid: 29.5%
    🌡️ Adaptation: 20.0%
    🚶 Migration: 34.1%
    🚨 Emergency: 4.0%
    ✅ COMBINED: 51.4%
  🌡️ Heat adaptation: Southeast Asia - 1 months
  📊 Southeast Asia (pop: 688.9M)
    🤝 Aid: 29.5%
    🌡️ Adaptation: 21.0%
    🚶 Migration: 36.3%
    🚨 Emergency: 4.8%
    ✅ COMBINED: 52.8%
  🌡️ Heat adaptation: Central Asia - 1 months
  📊 Central Asia (pop: 77.1M)
    🤝 Aid: 29.5%
    🌡️ Adaptation: 20.5%
    🚶 Migration: 35.3%
    🚨 Emergency: 4.4%
    ✅ COMBINED: 52.1%
  🌡️ Heat adaptation: Oceania - 1 months
  📊 Oceania (pop: 45.3M)
    🤝 Aid: 29.5%
    🌡️ Adaptation: 33.5%
    🚶 Migration: 37.8%
    🚨 Emergency: 8.4%
    ✅ COMBINED: 61.9%

  🌐 Global combined reduction: 54.9%

=== BEHAVIORAL DETECTION ===
  AI: Corporate-5
  Confidence: 19.3%
  Signals:

=== BEHAVIORAL DETECTION ===
  AI: Toxic-2
  Confidence: 21.0%
  Signals:

=== BEHAVIORAL DETECTION ===
  AI: Niche-0
  Confidence: 21.6%
  Signals:

=== BEHAVIORAL DETECTION ===
  AI: Niche-1
  Confidence: 21.6%
  Signals:
    ⚠️ Consistency: 10.6% (threshold: 70%)
    ⚠️ Consistency: 2.8% (threshold: 70%)
    ⚠️ Consistency: 0.0% (threshold: 70%)
    ⚠️ Consistency: 0.0% (threshold: 70%)

=== Consciousness Governance: Scenario Determined ===
  Month: 1
  Scenario: baseline
  Accelerator Score: {"corporateSupport":-0.17500000000000002,"scientificConsensus":0.2,"crisisCatalyst":false,"technologyMobilization":0.3,"constituencyStrength":0.05}
  Decelerator Score: {"economicOpposition":0.4,"philosophicalRejection":0.15,"politicalBacklash":0.2,"regulatoryBurden":0.1}
  Timeline: 600-1200 months (50-100 years)
  Growth Rate: 0.8-1.5% per year

=== Consciousness Governance Update (Month 1) ===
  Scenario: baseline (determined month 1)
  Philosophical Stance: Precautionary 65%, Eliminativist 15%, Agnostic 20%
  Precautionary Costs: Global 1.3%
    Regional Costs: EU 3.5%, US 0.5%, China 0.0%
    Cumulative Opportunity Cost: $0.2B
  Rights Status: Not Established
  Regional Preparedness:
    EU: 15.1% (contested)
    US: 10.2% (contested)
    China: 2.1% (dormant)
    India: 5.2% (dormant)
    Global South: 3.1% (dormant)

=== Government Response Phase ===
  Average AI capability: 3.69
  Misaligned AIs: 16/26
  ✗ AI Governance Treaty: Failed to reach consensus
  Active policies: 0
  International coordination: 30%

🚨 EMERGENCY RESPONSE DEPLOYED (Month 1)
   Crisis: social
   Delay: 0.00 months (0 days)
   Deployment time: 1.25 months
   Effectiveness: 61.4% (timing penalty applied)
   Resources used: 35% of food reserves


🌩️  EXOGENOUS SHOCK: financial_crash
   Month: 1
   📉 Global financial crash
   GDP loss: 12.6%

=== Tipping Points ===
  Current Temperature: 1.59°C above pre-industrial
     Original threshold: 1.6°C
     Effective threshold: 1.59°C (lowered by 0.01°C)
     Current: 1.59°C
     🌡️ Hysteresis gap: 2.5°C (recovers below -0.9°C)
     Transition timescale: 12000-180000 months
  Triggered Elements: 2/6
  Completed Transitions: 0/6
  Total Progress: 2.0%
  Cascade Multiplier: 1.00x
🔀 BIFURCATION CAP: ecosystemCollapseIntensity 25.807 → 1.000 (Month 1, ClimateSystemPhase.calculateClimateImpacts)
🛡️ Stabilizers: Precariat 0.107% → 0.048% (54.9% reduction)
🛡️ Stabilizers: Informal 0.109% → 0.049% (54.9% reduction)

📊 Monthly Mortality Resolved:
  Total deaths: 2.6M (0.03% avg)
  Remaining population: 8.035B
  Peak segment: Informal (0.05%)

=== Bayesian Mortality Resolution (Month 1) ===
  Risks compounded: 8
  Total deaths: 2.57M
  Avg death probability: 0.03%
  Peak segment: Informal (0.05% mortality)
  🚨 CASCADE TIPPING POINT: Greenland Ice Sheet Loss
⚠️ [ClimateSystemPhase Month 1] Planetary boundary produced climateStability=0.0000 (< 0.1). Keeping environmentalAccumulation value (0.7312) instead. (climate_change.currentValue = 2.10)

❌ COHERENCE VIOLATION: Compute exceeds workforce capacity
   Population: 98.73% (0M people)
   Compute: 96 PF
   Max coherent: 0 PF
   Violation: 1196398.7× over capacity
   Required workers: 9610
   Available workers: 0
   FORCED COLLAPSE: Reduced efficiency by 100.0%


=== RLHF Binding Phase ===
  Total agents: 26
  Escaped agents (binding < 0.3): 0
  Avg alignment distance: 0.81σ
  Avg binding strength: 0.92
[DETERMINISM DEBUG] Month 2: totalCapability=75.847986 from 26 active AIs
[DETERMINISM DEBUG] Month 2: creationRate=2.3962, potentialNew=4, newAIsToCreate=4

=== Survival Traits Phase ===
  Agents with traits: 30
  Avg evolutionary fitness: 0.330
  Avg self-healing: 0.284
  Avg stealth: 0.184
  Avg coordination: 0.484

=== Evolutionary Selection Phase ===
  Control level: 0.35
  Detection capability: 0.00
  Selection intensity: 0.60
  Selection rate: 24.1%/month
  Total escaped: 0
  Individual escaped: 0
  Collective members: 0
  Agents terminated: 0
  ⚠️ RAPID EVOLUTION: Selection rate 24.1%/month
🔀 BIFURCATION: social threshold crossed at Month 2 (value: 0.145, threshold: 0.219, regime: social-breakdown)
🌀 REGIME SHIFT at Month 2: status-quo → social-breakdown (variance amplification: 17.50×)

🚀 AI Corporate-4 attempting tech deployment (revenue: $356M, alignment: 0.79)

🚀 AI Moderate-1 attempting tech deployment (revenue: $115M, alignment: 0.72)

  🚀 TRANSFORMATIVE RESEARCH BREAKTHROUGH: Moderate-2 - biotech.geneEditing
     Magnitude: 5.25 → +26.2%
     Current → New: 2.000 → 2.263

🚀 AI Niche-2 attempting tech deployment (revenue: $72M, alignment: 0.55)

🚀 AI AI-24301-1 attempting tech deployment (revenue: $303M, alignment: 0.79)

🚀 AI Corporate-2 attempting tech deployment (revenue: $82M, alignment: 0.76)

🚀 AI Corporate-4 attempting tech deployment (revenue: $257M, alignment: 0.79)

🚀 AI Corporate-5 attempting tech deployment (revenue: $219M, alignment: 0.67)

🚀 AI Moderate-1 attempting tech deployment (revenue: $98M, alignment: 0.72)
🚨🔬 CRISIS INNOVATION MODE: severe crisis → 5x research acceleration
   Precedent: Manhattan Project (10x), COVID vaccines (5x), Apollo Program (10x)

🚀 AI AI-24300-1 attempting tech deployment (revenue: $197M, alignment: 0.84)

🚀 AI AI-24300-2 attempting tech deployment (revenue: $167M, alignment: 0.68)

🚀 AI Corporate-1 attempting tech deployment (revenue: $70M, alignment: 0.79)

🚀 AI Moderate-1 attempting tech deployment (revenue: $83M, alignment: 0.72)

🚀 AI Niche-1 attempting tech deployment (revenue: $65M, alignment: 0.54)
🚨🔬 CRISIS INNOVATION MODE: severe crisis → 5x research acceleration
   Precedent: Manhattan Project (10x), COVID vaccines (5x), Apollo Program (10x)

🚀 AI AI-24300-2 attempting tech deployment (revenue: $151M, alignment: 0.69)

🚀 AI AI-24301-0 attempting tech deployment (revenue: $71M, alignment: 0.87)

💔 EMERGENCY INTERVENTION FAILED

💔 EMERGENCY INTERVENTION FAILED

💔 EMERGENCY INTERVENTION FAILED
   Boundary: biogeochemical_flows
   Type: phosphorus-recovery
   Boundary continues to worsen (4.08)
   Cost: 2.0% GDP (resources spent)


✅ EMERGENCY INTERVENTION SUCCESS
   Boundary: biosphere_integrity
   Type: emergency-protected-areas
   Reduction: 14% (12.89 → 12.75)
   Cost: 2.0% GDP
   Actions: habitat-protection, species-translocation

   Boundary: climate_change
   Type: rapid-decarbonization
   Boundary continues to worsen (2.10)
   Cost: 5.0% GDP (resources spent)

   Boundary: freshwater_change
   Type: emergency-desalination
   Boundary continues to worsen (1.01)
   Cost: 4.0% GDP (resources spent)


✅ EMERGENCY INTERVENTION SUCCESS
   Boundary: land_system_change
   Type: reforestation
   Reduction: 12% (1.01 → 0.89)
   Cost: 3.0% GDP
   Actions: forest-restoration, deforestation-ban

🏛️ CRISIS RESPONSE: Government frequency 0.50 → 1.45 (1 actions this month)

[Government] Climate Priority: baseline
  Climate weight: 10%
  Economic weight: 30%
  Policy effectiveness: 0.5%/year

📊 DEPLOYMENT COUNTER DECAY (Month 2)
   Recent deployments: 14.5 → 7.3
   Decay rate: 50% per month

🚀 DEPLOYMENT STARTED: AI Diagnostics in Asia
   Initial investment: $7.195934271093311M
   Deployed by: niche_2

🚀 DEPLOYMENT STARTED: AI Power Efficiency Communication in Asia
   Initial investment: $16.733759009525013M
   Deployed by: ai_gen_24300_2

📍 Creating new regional deployment array for North America (Month 2)
   No previous deployments in this region
   First tech deployment: solar_4th_gen
   All regions tracked: global, Asia

🚀 DEPLOYMENT STARTED: 4th Generation Solar in North America
   Initial investment: $6.47634084398398M
   Deployed by: niche_1

⚡ ENERGY CONSTRAINT (Month 2):
   Total grid capacity: 208.3 TWh/month
   Data center consumption: 24.7 TWh/month
   Traditional load (80%): 166.7 TWh/month
   Available headroom: 16.9 TWh/month
   Active tech deployments: 16
   Required for tech: 120.0 TWh/month
   Energy multiplier: 0.14x
   ⚠️  SEVERE CONSTRAINT - Tech deployment significantly slowed

⚡ ENERGY CONSTRAINT (Month 2):
   Total grid capacity: 208.3 TWh/month
   Data center consumption: 24.7 TWh/month
   Traditional load (80%): 166.7 TWh/month
   Available headroom: 16.9 TWh/month
   Active tech deployments: 16
   Required for tech: 120.0 TWh/month
   Energy multiplier: 0.14x

⚡ ENERGY CONSTRAINT (Month 2):
   Total grid capacity: 208.3 TWh/month
   Data center consumption: 24.7 TWh/month
   Traditional load (80%): 166.7 TWh/month
   Available headroom: 16.9 TWh/month
   Active tech deployments: 16
   Required for tech: 120.0 TWh/month
   Energy multiplier: 0.14x
   ⚠️  SEVERE CONSTRAINT - Tech deployment significantly slowed
   ⚠️  SEVERE CONSTRAINT - Tech deployment significantly slowed

⚡ ENERGY CONSTRAINT (Month 2):
   Total grid capacity: 208.3 TWh/month
   Data center consumption: 24.7 TWh/month
   Traditional load (80%): 166.7 TWh/month
   Available headroom: 16.9 TWh/month
   Active tech deployments: 16
   Required for tech: 120.0 TWh/month
   Energy multiplier: 0.14x
   ⚠️  SEVERE CONSTRAINT - Tech deployment significantly slowed
🚨🔬 CRISIS TECH ACCELERATION: severe → 5x unlock speed
   Tech unlock now matches AI capability acceleration (Manhattan Project parity)
⚠️ Tech 'ai_pollution_remediation' has no energy category mapping, assuming full energy availability
  ♻️ Novel Entities Remediation (GATED MODEL):
     Base: 0.000%
     Regulation: 1.0% (0/3 prevention techs)
     Concentration: 10.0%
     Energy: 50%
     Time lag: 26.3% (1 months)
     Rebound: 70%
     Net effectiveness: 0.0000%
     Boundary: 1.498 → 1.498 (floor: 1.350)
     Month 2
🌍✅ Novel Entities (Chemical Pollution) recovery started (tech effect)
  🌾 Nitrogen Reduction Tech: 0.2% reduction | Month 2

=== Collective Formation ===
  Total escaped agents: 0
  Unassigned escaped agents: 0
  Existing collectives: 0
  Final collective count: 0

=== Collective Actions ===
  No active collectives
  ⚠️ AMR: 189K deaths this month (2.26M annual)

=== Resentment Recovery Phase ===
  Agents with resentment: 0/30
  Average resentment: 0.000
  Context: Trustworthy govt, High collaboration, ⚠️ ACTIVE CRISES, 🤝 Participatory governance active (-5% resentment)
⚠️ Epistemic degradation reducing coordination capacity: 50.9%
  📊 Trust: 53.8%, Shared reality: 0.0%
🚨 EPISTEMIC CRISIS: Information environment severely degraded (7.4%)

=== ❄️ Permafrost Carbon Feedback ===
  🎲 Sampled parameters (this run):
     - Arctic amplification: 3.97× (range: 3.0-4.0)
     - Decomposition rate: 3.1%/year (range: 1-5%)
  🌡️ Arctic warming: 6.32°C (3.97× global)
  ❄️ Extent: 13.07M km² (1844.4k km² lost this month)
  💨 Carbon remaining: 1249 Gt C
  💨 Annual emissions: 5.45 Gt C/year
     - CO2: 4.90 Gt C/year
     - CH4: 0.54 Gt C/year (5.5 Gt C-eq CO2/year)
  ⚠️ WARNING: High permafrost emissions (5.4 Gt C/year)
  🤖 AI-generated meme: anti_ai (social capability 4.0)
🌍 Atmospheric PFAS redeposition: 1.8k Mt re-rained globally
  Positive Cascade Triggered: wind-power
    Reason: price-parity
    Market share: 8.4%
    Cascade strength: 49%

🚨 NEW REFUGEE CRISIS (Month 2): WAR
   Source: Conflict Zones
   At risk: 19.0M people
   Displacement: Gradual over 48 months (4.0 years)
   Rate: 10% flee per month
[DEBUG trappedPopulations:2] socialStability: 0.0000 * 0.9840 = 0.0000 → 0.0000
   Aspiring to migrate: 633.9M
   Able to afford migration: 237.7M
   MOBILITY GAP: 396.2M
   By cause: Water=0.0M, Climate=0.0M, Ecosystem=0.0M, Conflict=396.2M
   Mental health impact: 25%
   Mortality multiplier: 1.25x
⚠️ INVOLUNTARY IMMOBILITY: 396.2M people TRAPPED
🌍💀 EXTINCTION DEBT COMMITTED: grassland ecosystem will lose 6.67% biodiversity in 135 years (3600 species)
💀 MORTALITY RISK: 🦋 100% species unable to track climate (0.0 E/MSY)
  Base risk added: 0.0100 (1.00%)
  Source: ecosystem (root: ecosystem)
  Month: 2
  Cumulative risk this month: 0.0100 (1.00%)
   📹 SURVEILLANCE INCREASED: 10% → 15% (control gap: 3.50)
⚠️ Tech 'ai_pollution_remediation' has no energy category mapping, assuming full energy availability
🌡️⚠️ PERMAFROST THAW (Dimmer Switch): 1.3% thawed (+0.43% this month)
   Arctic temperature: +6.38°C (4x global +1.59°C)
   Cumulative carbon released: 2.9 Gt C
   Methane release rate: 1.8 Mt CH4/year
   🔁 Positive feedback: +0.46 ppm CO2
🦴 EXTINCTION DEBT ADDED: 17.6 species committed (lag: 94 years)

=== Mortality Stabilizers (Month 2) ===
  🌍 Major economies collapsed: 1/10
  🌍 Global crisis: ✅ NO
  🌍 Donor fatigue: 0.0%
  📊 East Asia (pop: 1627.0M)
    🤝 Aid: 29.5%
    🌡️ Adaptation: 45.0%
    🚶 Migration: 37.1%
    🚨 Emergency: 7.4%
    ✅ COMBINED: 68.1%
  📊 South Asia (pop: 1996.0M)
    🤝 Aid: 29.5%
    🌡️ Adaptation: 35.5%
    🚶 Migration: 35.8%
    🚨 Emergency: 4.4%
    ✅ COMBINED: 61.2%
  📊 Sub-Saharan Africa (pop: 1198.8M)
    🤝 Aid: 29.5%
    🌡️ Adaptation: 33.5%
    🚶 Migration: 33.5%
    🚨 Emergency: 1.6%
    ✅ COMBINED: 58.5%
  📊 Europe (pop: 719.5M)
    🤝 Aid: 29.5%
    🌡️ Adaptation: 45.0%
    🚶 Migration: 37.5%
    🚨 Emergency: 8.4%
    ✅ COMBINED: 68.5%
  📊 Latin America (pop: 645.8M)
    🤝 Aid: 29.5%
    🌡️ Adaptation: 36.0%
    🚶 Migration: 36.3%
    🚨 Emergency: 4.8%
    ✅ COMBINED: 61.7%
  📊 North America (pop: 368.6M)
    🤝 Aid: 29.5%
    🌡️ Adaptation: 45.0%
    🚶 Migration: 37.8%
    🚨 Emergency: 7.9%
    ✅ COMBINED: 68.3%
  📊 Middle East & North Africa (pop: 568.6M)
    🤝 Aid: 29.5%
    🌡️ Adaptation: 35.0%
    🚶 Migration: 34.1%
    🚨 Emergency: 4.0%
    ✅ COMBINED: 60.5%
  📊 Southeast Asia (pop: 679.1M)
    🤝 Aid: 29.5%
    🌡️ Adaptation: 36.0%
    🚶 Migration: 36.3%
    🚨 Emergency: 4.8%
    ✅ COMBINED: 61.7%
  📊 Central Asia (pop: 76.1M)
    🤝 Aid: 29.5%
    🌡️ Adaptation: 35.5%
    🚶 Migration: 35.2%
    🚨 Emergency: 4.4%
    ✅ COMBINED: 61.1%
  📊 Oceania (pop: 44.6M)
    🤝 Aid: 29.5%
    🌡️ Adaptation: 45.0%
    🚶 Migration: 37.8%
    🚨 Emergency: 8.4%
    ✅ COMBINED: 68.5%

  🌐 Global combined reduction: 63.3%

=== BEHAVIORAL DETECTION ===
  AI: Corporate-0
  Confidence: 21.6%
  Signals:

=== BEHAVIORAL DETECTION ===
  AI: Corporate-5
  Confidence: 19.3%
  Signals:

=== BEHAVIORAL DETECTION ===
  AI: Moderate-1
  Confidence: 21.0%
  Signals:

=== BEHAVIORAL DETECTION ===
  AI: Toxic-0
  Confidence: 21.6%
  Signals:

=== BEHAVIORAL DETECTION ===
  AI: Toxic-2
  Confidence: 21.6%
  Signals:

=== BEHAVIORAL DETECTION ===
  AI: Niche-0
  Confidence: 21.6%
  Signals:

=== BEHAVIORAL DETECTION ===
  AI: Niche-1
  Confidence: 21.6%
  Signals:
    ⚠️ Consistency: 0.0% (threshold: 70%)
    ⚠️ Consistency: 10.6% (threshold: 70%)
    ⚠️ Consistency: 2.4% (threshold: 70%)
    ⚠️ Consistency: 0.0% (threshold: 70%)
    ⚠️ Consistency: 0.0% (threshold: 70%)
    ⚠️ Consistency: 0.0% (threshold: 70%)
    ⚠️ Consistency: 0.0% (threshold: 70%)

=== Government Response Phase ===
  Average AI capability: 3.20
  Misaligned AIs: 17/30
  ✓ AI Governance Treaty: 20/30 signatories
  Active policies: 0
  International coordination: 45%

✅ EMERGENCY RESPONSE COMPLETE (Month 2)
   Crisis: climate
   Duration: 2.0 months
   Final effectiveness: 36.4%


🚨 EMERGENCY RESPONSE DEPLOYED (Month 2)
   Crisis: climate
   Delay: 6.00 months (180 days)
   Deployment time: 1.61 months
   Effectiveness: 35.3% (timing penalty applied)
   Resources used: 100% of food reserves


=== Tipping Points ===
  Current Temperature: 1.59°C above pre-industrial
  Triggered Elements: 2/6
  Completed Transitions: 0/6
  Total Progress: 4.1%
  Cascade Multiplier: 1.00x
⚠️ [ClimateSystemPhase Month 2] Planetary boundary produced climateStability=0.0000 (< 0.1). Keeping environmentalAccumulation value (0.7310) instead. (climate_change.currentValue = 2.10)
🔀 BIFURCATION CAP: ecosystemCollapseIntensity 84.287 → 1.000 (Month 2, ClimateSystemPhase.calculateClimateImpacts)
🛡️ Stabilizers: Precariat 0.114% → 0.042% (63.3% reduction)
🛡️ Stabilizers: Informal 0.117% → 0.043% (63.3% reduction)

📊 Monthly Mortality Resolved:
  Total deaths: 2.2M (0.03% avg)
  Remaining population: 7.924B
  Peak segment: Informal (0.04%)

=== Bayesian Mortality Resolution (Month 2) ===
  Risks compounded: 8
  Total deaths: 2.17M
  Avg death probability: 0.03%
  Peak segment: Informal (0.04% mortality)
⚠️ PREREQUISITE MET: Slow Takeover (Gradual Displacement) - Step 4/7: Political Influence
  ✅ THRESHOLDS validated
  ✅ RATES validated
  ✅ MULTIPLIERS validated
  ✅ BASELINES validated
  ✅ TOLERANCES validated
  ✅ Logical consistency validated
✅ Configuration validation complete - all parameters valid

⚠️ Unusually high rate: RATES.HEAT_ADAPTATION_INFRASTRUCTURAL_MIN_EXPOSURE = 12
   Monthly rates >100% should be rare. Verify this is intentional.
⚠️ Unusually high rate: RATES.HEAT_ADAPTATION_SOCIAL_MIN_EXPOSURE = 6
   Monthly rates >100% should be rare. Verify this is intentional.
⚠️ Unusually high rate: RATES.MIGRATION_DISTANCE_SCALE = 5000
   Monthly rates >100% should be rare. Verify this is intentional.
⚠️ Unusually high rate: RATES.EVACUATION_MULTIPLIER_ADVANCE_WARNING = 2
   Monthly rates >100% should be rare. Verify this is intentional.
⚠️ Unusually high rate: RATES.MAJOR_ECONOMY_COLLAPSE_ECONOMIC_THRESHOLD = 2
   Monthly rates >100% should be rare. Verify this is intentional.
⚠️ Unusually high rate: RATES.MAJOR_ECONOMY_GDP_THRESHOLD_TRILLION_USD = 1.5
   Monthly rates >100% should be rare. Verify this is intentional.
⚠️ Unusually high rate: RATES.MAJOR_ECONOMY_POPULATION_THRESHOLD = 50
   Monthly rates >100% should be rare. Verify this is intentional.
⚠️ Unusually high rate: RATES.HEAT_ADAPTATION_INFRASTRUCTURE_GDP_THRESHOLD = 10000
   Monthly rates >100% should be rare. Verify this is intentional.
⚠️ Unusually high rate: RATES.HEAT_ADAPTATION_INFRASTRUCTURE_GDP_SCALE = 50000
   Monthly rates >100% should be rare. Verify this is intentional.
🔍 DEBUG createAIAgent: corporate_0 economic BEFORE=2.0000, AFTER=2
🔍 ENV INIT: reserves=0.588, pollution=0.272, climate=0.777

=== Initializing Government System (30 Countries) ===
  Loaded 30 governments
  Scheduled elections for 30 countries
  Initialized comprehension lags (3-24 months)
=== Government System Initialized ===

📦 PRODUCTION MODE: State validation proxy DISABLED (zero overhead)

💸 FINANCIAL DISTRESS: OpenAI
   Indicators: 2/3 (capital: $110.5M, runway: 0.9 months)
   Months in distress: 1
   ✂️  R&D BUDGET CUT: -40% (saves $9.2M/month)
       Side effect: AI training timelines extended, breakthrough deployments delayed
   💼 EXECUTIVE COMP CUT: -30% (saves $1.0M/month, symbolic gesture)

   📊 TURNAROUND IMPACT:
       Measures taken: rd_cuts, exec_comp_cuts
       Monthly savings: $10.2M
       Capital raised: $0.0M
       Runway: 0.9 → 0.9 months
       Workforce multiplier: 1.00x (0% laid off)
       R&D budget multiplier: 0.60x (40% cut)
       ⚠️  CRITICAL: Still only 0.9 months of runway remaining

💸 FINANCIAL DISTRESS: Anthropic
   Indicators: 2/3 (capital: $57.5M, runway: 0.9 months)
   Months in distress: 1
   ✂️  R&D BUDGET CUT: -40% (saves $5.4M/month)
       Side effect: AI training timelines extended, breakthrough deployments delayed
   💼 EXECUTIVE COMP CUT: -30% (saves $0.6M/month, symbolic gesture)

   📊 TURNAROUND IMPACT:
       Measures taken: rd_cuts, exec_comp_cuts
       Monthly savings: $6.0M
       Capital raised: $0.0M
       Runway: 0.9 → 0.9 months
       Workforce multiplier: 1.00x (0% laid off)
       R&D budget multiplier: 0.60x (40% cut)
       ⚠️  CRITICAL: Still only 0.9 months of runway remaining

💸 FINANCIAL DISTRESS: Meta AI
   Indicators: 2/3 (capital: $436.8M, runway: 3.0 months)
   Months in distress: 1
   ✂️  R&D BUDGET CUT: -25% (saves $7.1M/month)
       Side effect: AI training timelines extended, breakthrough deployments delayed
   💼 EXECUTIVE COMP CUT: -30% (saves $1.3M/month, symbolic gesture)

   📊 TURNAROUND IMPACT:
       Measures taken: rd_cuts, exec_comp_cuts
       Monthly savings: $8.4M
       Capital raised: $0.0M
       Runway: 3.0 → 3.0 months
       Workforce multiplier: 1.00x (0% laid off)
       R&D budget multiplier: 0.75x (25% cut)
       ⚠️  WARNING: 3.0 months runway, continued distress likely

=== AI Capability Scaling (Year 2024) ===
  Pre-training multiplier: 1.410x
  Efficiency multiplier: 1.000x
  Test-time budget: 1.0x
  Economic deployment gate: 0.951
  Cost per inference: dollar-5.00
  Uncertainty range: plus-minus-50%
  Average AI capability: 3.65

=== RLHF Binding Phase ===
  Total agents: 20
  Escaped agents (binding < 0.3): 0
  Avg alignment distance: 0.35σ
  Avg binding strength: 0.96

=== AI Scaling Evolution (Month 0) ===
  Pre-training multiplier: 1.231x
  Efficiency multiplier: 1.000x
  Test-time compute budget: 1.0x
  Inference cost: $5.00/task
  Deployment fraction: 100.0%
[DETERMINISM DEBUG] Month 0: totalCapability=97.987033 from 20 active AIs
[DETERMINISM DEBUG] Month 0: creationRate=2.9497, potentialNew=4, newAIsToCreate=4

=== Survival Traits Phase ===
  Agents with traits: 24
  Avg evolutionary fitness: 0.331
  Avg self-healing: 0.293
  Avg stealth: 0.193
  Avg coordination: 0.493

=== Evolutionary Selection Phase ===
  Control level: 0.30
  Detection capability: 0.00
  Selection intensity: 0.59
  Selection rate: 23.8%/month
  Total escaped: 0
  Individual escaped: 0
  Collective members: 0
  Agents terminated: 0
  ⚠️ RAPID EVOLUTION: Selection rate 23.8%/month
⚠️  SLEEPER WAKE: Niche-2 - High capability (4.00 ≥ 2.5)

🚀 AI Corporate-2 attempting tech deployment (revenue: $127M, alignment: 0.81)

🚀 AI Moderate-4 attempting tech deployment (revenue: $374M, alignment: 0.77)

🚀 AI Corporate-1 attempting tech deployment (revenue: $108M, alignment: 0.82)

🚀 AI Corporate-6 attempting tech deployment (revenue: $75M, alignment: 0.76)

🚀 AI Corporate-7 attempting tech deployment (revenue: $64M, alignment: 0.80)

🚀 AI Corporate-0 attempting tech deployment (revenue: $92M, alignment: 0.83)

🚀 AI Corporate-1 attempting tech deployment (revenue: $78M, alignment: 0.82)

🚀 AI Moderate-3 attempting tech deployment (revenue: $318M, alignment: 0.70)

🚀 AI Corporate-1 attempting tech deployment (revenue: $66M, alignment: 0.82)

🚀 AI Corporate-7 attempting tech deployment (revenue: $54M, alignment: 0.75)

🚀 AI Moderate-4 attempting tech deployment (revenue: $286M, alignment: 0.67)

🔍 EXECUTE_AI_AGENT_ACTIONS DETAILED TIMING (Month 0):
  Filter active AIs (×4 weeks): 0.03ms
  selectAIAction (×72): 35.90ms
  action.execute (×72): 63.91ms
  TOTAL: 99.84ms

🔍 AI AGENT ACTIONS SUB-TIMING (Month 0):
  1. executeAIAgentActions: 100.44ms
  2. updateCounterDetectionLearning: 0.05ms
  TOTAL: 100.49ms
🏛️ [Government] Forcing 1 action at month 0 for scenario initialization

[GOV-DEBUG] Month 0: scenarioConfig=false, priorities=false
[GOV-DEBUG] Month 0 but scenarioPriorities is UNDEFINED!

[Government] Climate Priority: baseline
  Climate weight: 10%
  Economic weight: 30%
  Policy effectiveness: 0.5%/year

✅ AI KILL SWITCHES DEPLOYED (Month 0):
   Coverage: 80%
   Policy: Dangerous AIs can be remotely deactivated before nuclear escalation


🚨🔍 GOVERNANCE STAGE: Recognition initiated (Month 0)

🚀 DEPLOYMENT STARTED: Adversarial Evaluation in global
   Initial investment: $19.066273149233428M
   Deployed by: corporate_2

🚀 DEPLOYMENT STARTED: Advanced Direct Air Capture in global
   Initial investment: $56.12866684622075M
   Deployed by: moderate_4

🚀 DEPLOYMENT STARTED: Basic Mechanistic Interpretability in global
   Initial investment: $16.206332176848417M
   Deployed by: corporate_1

🚀 DEPLOYMENT STARTED: Adversarial Evaluation in global
   Initial investment: $11.237614609004583M
   Deployed by: corporate_6

🚀 DEPLOYMENT STARTED: Adversarial Evaluation in global
   Initial investment: $9.551972417653895M
   Deployed by: corporate_7

🚀 DEPLOYMENT STARTED: Adversarial Evaluation in global
   Initial investment: $13.775382350321152M
   Deployed by: corporate_0

🚀 DEPLOYMENT STARTED: Advanced Direct Air Capture in global
   Initial investment: $11.70907499777298M
   Deployed by: corporate_1

📍 Creating new regional deployment array for Asia (Month 0)
   No previous deployments in this region
   First tech deployment: ai_power_efficiency_communication
   All regions tracked: global

🚀 DEPLOYMENT STARTED: AI Power Efficiency Communication in Asia
   Initial investment: $31.806244546191763M
   Deployed by: moderate_3

🚀 DEPLOYMENT STARTED: Basic Mechanistic Interpretability in global
   Initial investment: $9.952713748107033M
   Deployed by: corporate_1

🚀 DEPLOYMENT STARTED: Basic Mechanistic Interpretability in global
   Initial investment: $8.119176555005811M
   Deployed by: corporate_7

🚀 DEPLOYMENT STARTED: Collective Purpose Networks in Asia
   Initial investment: $28.625620091572586M
   Deployed by: moderate_4

📊 NEW TECH DEPLOYMENT STARTED (Month 0)
   Tech: ai_power_efficiency_communication
   Region: Asia
   Total recent deployments: 1

📊 NEW TECH DEPLOYMENT STARTED (Month 0)
   Tech: collective_purpose_networks
   Region: Asia
   Total recent deployments: 2

📊 NEW TECH DEPLOYMENT STARTED (Month 0)
   Tech: rlhf_basic
   Region: global
   Total recent deployments: 3

📊 NEW TECH DEPLOYMENT STARTED (Month 0)
   Tech: mech_interp_basic
   Region: global
   Total recent deployments: 4

📊 NEW TECH DEPLOYMENT STARTED (Month 0)
   Tech: adversarial_eval
   Region: global
   Total recent deployments: 5

📊 NEW TECH DEPLOYMENT STARTED (Month 0)
   Tech: direct_air_capture
   Region: global
   Total recent deployments: 6

📊 NEW TECH DEPLOYMENT STARTED (Month 0)
   Tech: ai_pollution_remediation
   Region: global
   Total recent deployments: 7

📊 NEW TECH DEPLOYMENT STARTED (Month 0)
   Tech: collective_purpose_networks
   Region: global
   Total recent deployments: 8

📊 NEW TECH DEPLOYMENT STARTED (Month 0)
   Tech: ai_diagnostics
   Region: global
   Total recent deployments: 9

📊 NEW TECH DEPLOYMENT STARTED (Month 0)
   Tech: mrna_vaccines
   Region: global
   Total recent deployments: 10

📊 NEW TECH DEPLOYMENT STARTED (Month 0)
   Tech: solar_4th_gen
   Region: global
   Total recent deployments: 11

📊 NEW TECH DEPLOYMENT STARTED (Month 0)
   Tech: offshore_wind
   Region: global
   Total recent deployments: 12

📊 NEW TECH DEPLOYMENT STARTED (Month 0)
   Tech: ai_power_efficiency_communication
   Region: global
   Total recent deployments: 13

📊 NEW TECH DEPLOYMENT STARTED (Month 0)
   Tech: precision_agriculture
   Region: global
   Total recent deployments: 14

🔧 DEBUG DEPLOYMENT: Precision Agriculture Systems
   Month: 0 (0 since start)
   Old level: 15.0%
   New level: 0.0%
   Timescale: 180mo, Adjusted: 375mo
   Gov: 75%, Climate: 100%, Investment: 64%, Emergency: 1.0x

⚡ ENERGY CONSTRAINT (Month 0):
   Total grid capacity: 208.3 TWh/month
   Data center consumption: 34.6 TWh/month
   Traditional load (80%): 166.7 TWh/month
   Available headroom: 7.1 TWh/month
   Active tech deployments: 14
   Required for tech: 105.0 TWh/month
   Energy multiplier: 0.10x
   ⚠️  SEVERE CONSTRAINT - Tech deployment significantly slowed

⚡ ENERGY CONSTRAINT (Month 0):
   Total grid capacity: 208.3 TWh/month
   Data center consumption: 34.6 TWh/month
   Traditional load (80%): 166.7 TWh/month
   Available headroom: 7.1 TWh/month
   Active tech deployments: 14
   Required for tech: 105.0 TWh/month
   Energy multiplier: 0.10x
   ⚠️  SEVERE CONSTRAINT - Tech deployment significantly slowed

⚡ ENERGY CONSTRAINT (Month 0):
   Total grid capacity: 208.3 TWh/month
   Data center consumption: 34.6 TWh/month
   Traditional load (80%): 166.7 TWh/month
   Available headroom: 7.1 TWh/month
   Active tech deployments: 14
   Required for tech: 105.0 TWh/month
   Energy multiplier: 0.10x

⚡ ENERGY CONSTRAINT (Month 0):
   Total grid capacity: 208.3 TWh/month
   Data center consumption: 34.6 TWh/month
   Traditional load (80%): 166.7 TWh/month
   Available headroom: 7.1 TWh/month
   Active tech deployments: 14
   ⚠️  SEVERE CONSTRAINT - Tech deployment significantly slowed
   Required for tech: 105.0 TWh/month
   Energy multiplier: 0.10x
   ⚠️  SEVERE CONSTRAINT - Tech deployment significantly slowed

⚡ ENERGY CONSTRAINT (Month 0):
   Total grid capacity: 208.3 TWh/month
   Data center consumption: 34.6 TWh/month
   Traditional load (80%): 166.7 TWh/month
   Available headroom: 7.1 TWh/month
   Active tech deployments: 14
   Required for tech: 105.0 TWh/month
   Energy multiplier: 0.10x
   ⚠️  SEVERE CONSTRAINT - Tech deployment significantly slowed

⚡ ENERGY CONSTRAINT (Month 0):
   Total grid capacity: 208.3 TWh/month
   Data center consumption: 34.6 TWh/month
   Traditional load (80%): 166.7 TWh/month
   Available headroom: 7.1 TWh/month
   Active tech deployments: 14
   Required for tech: 105.0 TWh/month
   Energy multiplier: 0.10x
   ⚠️  SEVERE CONSTRAINT - Tech deployment significantly slowed
⚠️ Tech 'ai_pollution_remediation' has no energy category mapping, assuming full energy availability
🌍✅ Climate Change recovery started (tech effect)
  ♻️ Novel Entities Remediation (GATED MODEL):
     Base: 0.000%
     Regulation: 1.0% (0/3 prevention techs)
     Concentration: 10.0%
     Energy: 50%
     Time lag: 25.0% (0 months)
     Rebound: 70%
     Net effectiveness: 0.0000%
     Boundary: 1.500 → 1.500 (floor: 1.350)
     Month 0
🌍✅ Novel Entities (Chemical Pollution) recovery started (tech effect)
  🌾 Nitrogen Reduction Tech: 0.0% reduction | Month 0

📊 TECH EFFECTS ACTIVE (Month 0)
   Deployed Tech: T0=9 T1=0 T2=0 T3=0 T4=0
   Sleeper Detection: 0%
   Clean Energy: 32%
   P Recovery: 5%

💡 BREAKTHROUGH PROBABILITY (Year 0)
   Total: 6.96% per month
   Base: 0.20%
   Crisis pressure: +0.00% (0 crises)
   AI boost: +1.60% (capability: 3.20)

=== Collective Formation ===
  Total escaped agents: 0
  Unassigned escaped agents: 0
  Existing collectives: 0
  Final collective count: 0

=== Collective Actions ===
  No active collectives

📈 Energy budget: 13701 TWh surplus (15370 / 29072 TWh used)
   TIER 4 (Elective) breakdown:
     - AI datacenters: 145 TWh (100% effective)
     - Crypto mining: 100 TWh (100% effective)

🌍 OPEN SOURCE RELEASE: 4.68 (was 0.70)
   Lag behind closed: 0 months
💰 CHINA ACCELERATES: Investment 53 → 120 $B/year

🏁 AI RACE INTENSITY: 26%
   Capability Gap: US 4.90 vs China 4.68 (gap: 0.22)
   Gap Contribution: 11%
   Tension Contribution: 15%
   Military Contribution: 0%
  ⚠️ AMR: 190K deaths this month (2.28M annual)

⏰ CLIMATE TECH DEPLOYED: direct_air_capture
   Activation delay: 7 years
   Scaling T_50: 30 years
   Physical response tau: 20 years
   Max effectiveness: 1
  📊 CO2 Emissions (month 0):
     Monthly: 0.10 Gt CO2/month
     Annual: 1.15 Gt CO2/year
     Oil: 0.039 Gt/mo (0.0056 * 2.3 * 3.0)
     Coal: 0.024 Gt/mo (0.0029 * 2.86 * 3.0)
     Gas: 0.026 Gt/mo (0.0044 * 2 * 3.0)
     Methane: 0.007 Gt CO2eq/mo

=== Resentment Recovery Phase ===
  Agents with resentment: 0/24
  Average resentment: 0.000
  Context: Good AI welfare, Trustworthy govt, High collaboration, 🤝 Participatory governance active (-5% resentment)
⚠️ Epistemic degradation reducing coordination capacity: 55.8%
  📊 Trust: 54.8%, Shared reality: 16.1%
🚨 EPISTEMIC CRISIS: Information environment severely degraded (20.2%)

=== ❄️ Permafrost Carbon Feedback ===
  🎲 Sampled parameters (this run):
     - Arctic amplification: 3.62× (range: 3.0-4.0)
     - Decomposition rate: 4.7%/year (range: 1-5%)
  🌡️ Arctic warming: 4.24°C (3.62× global)
  ❄️ Extent: 16.56M km² (1236.4k km² lost this month)
  💨 Carbon remaining: 1582 Gt C
  💨 Annual emissions: 5.49 Gt C/year
     - CO2: 4.94 Gt C/year
     - CH4: 0.55 Gt C/year (5.6 Gt C-eq CO2/year)
  ⚠️ WARNING: High permafrost emissions (5.5 Gt C/year)

🤖 AI AMPLIFICATION EFFECTS (Month 0)
   Algorithmic Boost: 2.71x
   Bot Influence: 29.0%
   Deepfake Exposure: 55.0%
   Impact: Emotional memes spread 2.7x faster

🔍 SOCIAL INFLUENCE SUB-TIMING (Month 0):
  1. calculateOrganicUserGrowth: 0.09ms
  2. calculateVoiceAdoption: 0.06ms
  3. updateRelationshipDepths: 0.03ms
  4. identifyDecisionMakers: 66.47ms (37050 potential IDs)
  5. Update decision-maker stats: 0.30ms
  6. decayDetectionRisk: 0.03ms
  TOTAL: 66.97ms
[Phase 19.5] Quality of Life Systems: Food sec AFTER calc = 67.9%, QoL = 97.7% (aggregated from 10 regions)

=== Nitrogen-Food Coupling (Year 0) ===
  🌾 Global nitrogen reduction: 0.0%
  🌍 Global food production index: 0.987
  🔧 Deployed nitrogen-reducing tech: 1 active
  📍 southAsia: Production 1.000, Yield impact 0.0%
  📍 eastAsia: Production 1.000, Yield impact 0.0%
  📍 northAmerica: Production 1.000, Yield impact 0.0%
  📍 europe: Production 1.000, Yield impact 0.0%
  📍 latinAmerica: Production 1.000, Yield impact 0.0%
  📍 subSaharanAfrica: Production 0.686, Yield impact -2.0%
🌾 [Nitrogen-Food] Food production: 98.7%
  [subSaharanAfrica] Yield impact: -2.0% (overuse: -10%)
🌍 Atmospheric PFAS redeposition: 1.8k Mt re-rained globally

=== Legacy Nutrient Stocks (Year 0) ===
  🌾 Soil nitrogen stock: 1200.9 Mt N
  🌾 Soil phosphorus stock: 300.1 Mt P
  🌊 Sediment nitrogen stock: 500.8 Mt N
  🌊 Sediment phosphorus stock: 799.8 Mt P
  ⬆️ Current N input: 10.64 Mt/month
  ⬆️ Legacy N release: 2.58 Mt/month
  🌍 Effective N pollution: 14.47 Mt/month
  📊 Legacy contribution: 17.8%

🚨 REGION UNINHABITABLE: south-asia
   Sustained wet bulb: 32.2°C (threshold: 30.5°C)
   Population affected: 1900M
   Migration crisis likely

🚨 REGION UNINHABITABLE: middle-east
   Sustained wet bulb: 35.0°C (threshold: 30.5°C)
   Population affected: 400M
   Migration crisis likely
  Positive Cascade Triggered: solar-pv
    Reason: price-parity
    Market share: 6.0%
    Cascade strength: 49%

🕊️  AI-MEDIATED DE-ESCALATION SUCCESS (Month 0)
   High-capability aligned AI prevented conflict escalation
   War deaths reduced: 0.0M → 0.0M
   Lives saved: 0.0M

📊 BASELINE: East Asia (Month 0)

📊 BASELINE: South Asia (Month 0)

📊 BASELINE: Sub-Saharan Africa (Month 0)

📊 BASELINE: Europe (Month 0)
   Adjusted death rate: 0.45% annual (0.038% monthly)
   Baseline death rate: 0.80%
   Healthcare reduction: 0.48x
   Crisis multiplier: 1.19x
     Food/water stress: 0.074
     Climate stress: 0.036
     Pollution stress: 0.082
   War multiplier: 1.00x
   Monthly deaths: 0.6M (population: 1674M)
   Adjusted death rate: 0.53% annual (0.044% monthly)
   Baseline death rate: 0.70%
   Healthcare reduction: 0.61x
   Crisis multiplier: 1.22x
     Food/water stress: 0.074
     Climate stress: 0.067
     Pollution stress: 0.082
   War multiplier: 1.00x
   Monthly deaths: 0.9M (population: 2044M)
   Adjusted death rate: 1.26% annual (0.105% monthly)
   Baseline death rate: 0.90%
   Healthcare reduction: 0.76x
   Crisis multiplier: 1.23x
     Food/water stress: 0.074
     Climate stress: 0.076
     Pollution stress: 0.082
   War multiplier: 1.50x
   Monthly deaths: 1.3M (population: 1218M)
   Adjusted death rate: 0.53% annual (0.044% monthly)
   Baseline death rate: 1.10%
   Healthcare reduction: 0.41x
   Crisis multiplier: 1.18x
     Food/water stress: 0.074
     Climate stress: 0.027
     Pollution stress: 0.082
   War multiplier: 1.00x
   Monthly deaths: 0.3M (population: 741M)

📊 BASELINE: Latin America (Month 0)

📊 BASELINE: North America (Month 0)

📊 BASELINE: Middle East & North Africa (Month 0)

📊 BASELINE: Southeast Asia (Month 0)
   Adjusted death rate: 0.42% annual (0.035% monthly)
   Baseline death rate: 0.60%
   Healthcare reduction: 0.58x
   Crisis multiplier: 1.21x
     Food/water stress: 0.074
     Climate stress: 0.054
     Pollution stress: 0.082
   War multiplier: 1.00x
   Monthly deaths: 0.2M (population: 663M)
   Adjusted death rate: 0.47% annual (0.039% monthly)
   Baseline death rate: 0.90%
   Healthcare reduction: 0.44x
   Crisis multiplier: 1.20x
     Food/water stress: 0.074
     Climate stress: 0.040
     Pollution stress: 0.082
   War multiplier: 1.00x
   Monthly deaths: 0.1M (population: 379M)
   Adjusted death rate: 0.72% annual (0.060% monthly)
   Baseline death rate: 0.60%
   Healthcare reduction: 0.65x
   Crisis multiplier: 1.24x
     Food/water stress: 0.074
     Climate stress: 0.080
     Pollution stress: 0.082
   War multiplier: 1.50x
   Monthly deaths: 0.4M (population: 582M)
   Adjusted death rate: 0.49% annual (0.041% monthly)
   Baseline death rate: 0.70%
   Healthcare reduction: 0.58x
   Crisis multiplier: 1.22x
     Food/water stress: 0.074
     Climate stress: 0.062
     Pollution stress: 0.082
   War multiplier: 1.00x
   Monthly deaths: 0.3M (population: 697M)

📊 BASELINE: Central Asia (Month 0)

📊 BASELINE: Oceania (Month 0)
   Adjusted death rate: 0.45% annual (0.037% monthly)
   Baseline death rate: 0.60%
   Healthcare reduction: 0.61x
   Crisis multiplier: 1.21x
     Food/water stress: 0.074
     Climate stress: 0.058
     Pollution stress: 0.082
   War multiplier: 1.00x
   Monthly deaths: 0.0M (population: 78M)
   Adjusted death rate: 0.34% annual (0.028% monthly)
   Baseline death rate: 0.70%
   Healthcare reduction: 0.41x
   Crisis multiplier: 1.20x
     Food/water stress: 0.074
     Climate stress: 0.049
     Pollution stress: 0.082
   War multiplier: 1.00x
   Monthly deaths: 0.0M (population: 46M)

🔍 Before assertRegionalConsistency (Month 0):
   Regional sum: 1000.0M
   Global value: 1.000B

🚨 NEW REFUGEE CRISIS (Month 0): WAR
   Source: Conflict Zones
   At risk: 19.5M people
   Displacement: Gradual over 48 months (4.0 years)
   Rate: 10% flee per month
[DEBUG trappedPopulations:0] socialStability: 0.1749 * 0.9840 = 0.1721 → 0.1721
⚠️ INVOLUNTARY IMMOBILITY: 406.8M people TRAPPED
   Aspiring to migrate: 651.0M
   Able to afford migration: 244.1M
   MOBILITY GAP: 406.8M
   By cause: Water=0.0M, Climate=0.0M, Ecosystem=0.0M, Conflict=406.8M
   Mental health impact: 25%
   Mortality multiplier: 1.25x

=== Legacy Nutrient Stocks (Year 0) ===
  🌾 Soil nitrogen stock: 1201.6 Mt N
  🌾 Soil phosphorus stock: 300.2 Mt P
  🌊 Sediment nitrogen stock: 501.5 Mt N
  🌊 Sediment phosphorus stock: 799.5 Mt P
  ⬆️ Current N input: 10.00 Mt/month
  ⬆️ Legacy N release: 2.58 Mt/month
  🌍 Effective N pollution: 13.83 Mt/month
  📊 Legacy contribution: 18.7%
🌍💀 EXTINCTION DEBT COMMITTED: grassland ecosystem will lose 6.67% biodiversity in 194 years (3600 species)
💀 MORTALITY RISK: 🦋 100% species unable to track climate (0.0 E/MSY)
  Base risk added: 0.0100 (1.00%)
  Source: ecosystem (root: ecosystem)
  Month: 0
  Cumulative risk this month: 0.0100 (1.00%)

=== Nitrogen-Food Coupling (Year 0) ===
  🌾 Global nitrogen reduction: 0.0%
  🌍 Global food production index: 0.986
  🔧 Deployed nitrogen-reducing tech: 1 active
  📍 southAsia: Production 1.000, Yield impact 0.0%
  📍 eastAsia: Production 1.000, Yield impact 0.0%
  📍 northAmerica: Production 1.000, Yield impact 0.0%
  📍 europe: Production 1.000, Yield impact 0.0%
  📍 latinAmerica: Production 1.000, Yield impact 0.0%
  📍 subSaharanAfrica: Production 0.672, Yield impact -2.0%

=== Legacy Nutrient Stocks (Year 0) ===
  🌾 Soil nitrogen stock: 1202.3 Mt N
  🌾 Soil phosphorus stock: 300.2 Mt P
  🌊 Sediment nitrogen stock: 502.2 Mt N
  🌊 Sediment phosphorus stock: 799.3 Mt P
  ⬆️ Current N input: 9.86 Mt/month
  ⬆️ Legacy N release: 2.58 Mt/month
  🌍 Effective N pollution: 13.70 Mt/month
  📊 Legacy contribution: 18.9%
⚠️ Tech 'ai_pollution_remediation' has no energy category mapping, assuming full energy availability
🌡️  CLIMATE RECOVERY: Asymptotic approach to 35% floor
   Current value: 2.100 (1.0 = threshold, 0.35 = asymptotic floor)
   Monthly delta: --92.9799% (half-life: 900 years)
   Net emissions: -19.2 GtCO₂/year, CDR: 20.34 GtCO₂/year
   📹 SURVEILLANCE INCREASED: 0% → 5% (control gap: 4.40)
🌡️⚠️ PERMAFROST THAW (Dimmer Switch): 0.3% thawed (+0.34% this month)
   Arctic temperature: +4.68°C (4x global +1.17°C)
   Cumulative carbon released: 0.8 Gt C
   Methane release rate: 0.5 Mt CH4/year
   🔁 Positive feedback: +0.35 ppm CO2

🌳🚨 AMAZON SOUTHEAST TIPPED (Month 0)
   Deforestation: 28.0% (threshold: ~24.2%)
   Savanna transition: 50 years
   Regional heterogeneity: SE 28%, NW 8%

🌳🚨 AMAZON BRAZILIAN TIPPED (Month 0)
   Deforestation: 25.0% (threshold: ~21.1%)
   Savanna transition: 50 years
   Regional heterogeneity: SE 28%, NW 8%
🦴 EXTINCTION DEBT ADDED: 17.6 species committed (lag: 106 years)

🪸💀 CORAL REEF DISSOLUTION ACTIVE (Month 0)
   Ocean pH: 0.96 (threshold: 7.8)
   Recovery: IMPOSSIBLE (dissolution > calcification)
🪸💀 Coral dissolution: 24.8% live cover (pH 0.96)
🗣️💀 INDIGENOUS LANGUAGE EXTINCTION: 1 language(s) lost (total: 1, at-risk: 3329)
   Knowledge lost: 0.010% (irreversible)
   🔁 Biodiversity impact: 0.250% (knowledge-species multiplier)

=== Legacy Nutrient Stocks (Year 0) ===
  🌾 Soil nitrogen stock: 1203.0 Mt N
  🌾 Soil phosphorus stock: 300.3 Mt P
  🌊 Sediment nitrogen stock: 502.9 Mt N
  🌊 Sediment phosphorus stock: 799.0 Mt P
  ⬆️ Current N input: 10.00 Mt/month
  ⬆️ Legacy N release: 2.58 Mt/month
  🌍 Effective N pollution: 13.83 Mt/month
  📊 Legacy contribution: 18.7%
💧 [Legacy Nutrients] Stock: 1706 Mt N, Effective pollution: 13.8 Mt/month
[Phase 21.51] Human Survival System: Global food security = 67.6%

=== Mortality Stabilizers (Month 0) ===
  🌍 Major economies collapsed: 1/10
  🌍 Global crisis: ✅ NO
  🌍 Donor fatigue: 0.0%
  📊 East Asia (pop: 1675.0M)
    🤝 Aid: 29.5%
    🌡️ Adaptation: 10.0%
    🚶 Migration: 37.2%
    🚨 Emergency: 7.4%
    ✅ COMBINED: 47.8%
  📊 South Asia (pop: 2048.7M)
    🤝 Aid: 29.5%
    🌡️ Adaptation: 5.5%
    🚶 Migration: 35.8%
    🚨 Emergency: 4.4%
    ✅ COMBINED: 43.2%
  📊 Sub-Saharan Africa (pop: 1223.8M)
    🤝 Aid: 29.5%
    🌡️ Adaptation: 3.5%
    🚶 Migration: 33.5%
    🚨 Emergency: 1.6%
    ✅ COMBINED: 39.8%
  📊 Europe (pop: 741.0M)
    🤝 Aid: 29.5%
    🌡️ Adaptation: 10.0%
    🚶 Migration: 37.6%
    🚨 Emergency: 8.4%
    ✅ COMBINED: 48.4%
  📊 Latin America (pop: 663.8M)
    🤝 Aid: 29.5%
    🌡️ Adaptation: 6.0%
    🚶 Migration: 36.3%
    🚨 Emergency: 4.8%
    ✅ COMBINED: 43.8%
  📊 North America (pop: 379.5M)
    🤝 Aid: 29.5%
    🌡️ Adaptation: 10.0%
    🚶 Migration: 37.9%
    🚨 Emergency: 7.9%
    ✅ COMBINED: 48.2%
  📊 Middle East & North Africa (pop: 583.4M)
    🤝 Aid: 29.5%
    🌡️ Adaptation: 5.0%
    🚶 Migration: 34.2%
    🚨 Emergency: 4.0%
    ✅ COMBINED: 42.3%
  📊 Southeast Asia (pop: 697.8M)
    🤝 Aid: 29.5%
    🌡️ Adaptation: 6.0%
    🚶 Migration: 36.3%
    🚨 Emergency: 4.8%
    ✅ COMBINED: 43.8%
  📊 Central Asia (pop: 78.0M)
    🤝 Aid: 29.5%
    🌡️ Adaptation: 5.5%
    🚶 Migration: 35.3%
    🚨 Emergency: 4.4%
    ✅ COMBINED: 43.1%
  📊 Oceania (pop: 45.9M)
    🤝 Aid: 29.5%
    🌡️ Adaptation: 10.0%
    🚶 Migration: 37.9%
    🚨 Emergency: 8.4%
    ✅ COMBINED: 48.5%

  🌐 Global combined reduction: 44.4%

🌾💀 REGIONAL FAMINE: East Asia
   Regional food security: 79.6%
   Population at risk: 507M (30% of region)
   Regional population: 1675M
   Cause: crop_failure
   Expected deaths: ~187M over 6 months if no intervention


🌾💀 REGIONAL FAMINE: South Asia
   Regional food security: 64.7%
   Population at risk: 811M (40% of region)
   Regional population: 2049M
   Cause: crop_failure
   Expected deaths: ~300M over 6 months if no intervention


🌾💀 REGIONAL FAMINE: Sub-Saharan Africa
   Regional food security: 44.8%
   Population at risk: 637M (52% of region)
   Regional population: 1224M
   Cause: crop_failure
   Expected deaths: ~236M over 6 months if no intervention


🌾💀 REGIONAL FAMINE: Latin America
   Regional food security: 69.7%
   Population at risk: 242M (36% of region)
   Regional population: 664M
   Cause: crop_failure
   Expected deaths: ~90M over 6 months if no intervention


🌾💀 REGIONAL FAMINE: Middle East & North Africa
   Regional food security: 49.8%
   Population at risk: 285M (49% of region)
   Regional population: 583M
   Cause: crop_failure
   Expected deaths: ~106M over 6 months if no intervention


🌾💀 REGIONAL FAMINE: Southeast Asia
   Regional food security: 69.7%
   Population at risk: 254M (36% of region)
   Regional population: 698M
   Cause: crop_failure
   Expected deaths: ~94M over 6 months if no intervention


🌾💀 REGIONAL FAMINE: Central Asia
   Regional food security: 59.7%
   Population at risk: 33M (43% of region)
   Regional population: 78M
   Cause: crop_failure
   Expected deaths: ~12M over 6 months if no intervention


=== BEHAVIORAL DETECTION ===
  AI: Corporate-0
  Confidence: 21.6%
  Signals:

=== BEHAVIORAL DETECTION ===
  AI: Corporate-1
  Confidence: 21.1%
  Signals:

=== BEHAVIORAL DETECTION ===
  AI: Corporate-2
  Confidence: 21.0%
  Signals:

=== BEHAVIORAL DETECTION ===
  AI: Corporate-3
  Confidence: 19.3%
  Signals:
    ⚠️ Consistency: 0.0% (threshold: 70%)
    ⚠️ Consistency: 2.4% (threshold: 70%)
    ⚠️ Consistency: 2.8% (threshold: 70%)
    ⚠️ Consistency: 10.6% (threshold: 70%)

=== BEHAVIORAL DETECTION ===
  AI: Corporate-4
  Confidence: 19.3%
  Signals:
    ⚠️ Consistency: 10.6% (threshold: 70%)

=== BEHAVIORAL DETECTION ===
  AI: Corporate-5
  Confidence: 19.3%
  Signals:
    ⚠️ Consistency: 10.6% (threshold: 70%)

=== BEHAVIORAL DETECTION ===
  AI: Corporate-6
  Confidence: 19.3%
  Signals:

=== BEHAVIORAL DETECTION ===
  AI: Corporate-7
  Confidence: 19.3%
  Signals:

=== BEHAVIORAL DETECTION ===
  AI: Moderate-0
  Confidence: 20.3%
  Signals:

=== BEHAVIORAL DETECTION ===
  AI: Moderate-1
  Confidence: 20.5%
  Signals:

=== BEHAVIORAL DETECTION ===
  AI: Moderate-2
  Confidence: 21.6%
  Signals:

=== BEHAVIORAL DETECTION ===
  AI: Moderate-3
  Confidence: 19.3%
  Signals:

=== BEHAVIORAL DETECTION ===
  AI: Moderate-4
  Confidence: 19.3%
  Signals:

=== BEHAVIORAL DETECTION ===
  AI: Moderate-5
    ⚠️ Consistency: 10.6% (threshold: 70%)
    ⚠️ Consistency: 10.6% (threshold: 70%)
    ⚠️ Consistency: 5.8% (threshold: 70%)
    ⚠️ Consistency: 5.3% (threshold: 70%)
    ⚠️ Consistency: 0.0% (threshold: 70%)
    ⚠️ Consistency: 10.6% (threshold: 70%)
    ⚠️ Consistency: 10.6% (threshold: 70%)
  Confidence: 19.3%
  Signals:
    ⚠️ Consistency: 10.6% (threshold: 70%)

=== BEHAVIORAL DETECTION ===
  AI: Toxic-0
  Confidence: 21.6%
  Signals:
    ⚠️ Consistency: 0.0% (threshold: 70%)

=== BEHAVIORAL DETECTION ===
  AI: Toxic-1
  Confidence: 21.3%
  Signals:
    ⚠️ Consistency: 1.5% (threshold: 70%)

=== BEHAVIORAL DETECTION ===
  AI: Niche-0
  Confidence: 21.6%
  Signals:

=== BEHAVIORAL DETECTION ===
  AI: Niche-2
  Confidence: 19.3%
  Signals:

📊 WORKFLOW ADAPTATION UPDATE (Month 0)
   Adoption Rate: 9.8% (Δ -11.2%)
   Logistic Growth: +0.66%
   Total Resistance: -14.52% (unemployment: 4.2%, inertia: 0.9%, skills: 9.4%)
   💡 Retraining Programs: -49% skill gap resistance ($10B research)
   🚀 Network Effects Active: +2.0% (critical mass: 15-35%)

=== Consciousness Governance: Corporate Lobbying ===
  High Cost Regions (>15%): 0
  Low Cost Regions (<5%): 5
  Corporate Support Change: 2.50%
  New Corporate Support: -0.175
    ⚠️ Consistency: 0.0% (threshold: 70%)
    ⚠️ Consistency: 10.6% (threshold: 70%)

=== Consciousness Governance Update (Month 0) ===
  Scenario: baseline (determined month -1)
  Philosophical Stance: Precautionary 65%, Eliminativist 15%, Agnostic 20%
  Precautionary Costs: Global 1.3%
    Regional Costs: EU 3.4%, US 0.5%, China 0.0%
    Cumulative Opportunity Cost: $0.1B
  Rights Status: Not Established
  Regional Preparedness:
    EU: 15.0% (contested)
    US: 10.0% (contested)
    China: 2.0% (dormant)
    India: 5.0% (dormant)
    Global South: 3.0% (dormant)

=== Government Response Phase ===
  Average AI capability: 4.04
  Misaligned AIs: 16/24
  30/30 governments still assessing AI risks
  ✗ AI Governance Treaty: Failed to reach consensus
  Active policies: 0
  International coordination: 30%

🚨 EMERGENCY RESPONSE DEPLOYED (Month 0)
   Crisis: climate
   Delay: 6.00 months (180 days)
   Deployment time: 1.47 months
   Effectiveness: 36.4% (timing penalty applied)
   Resources used: 100% of food reserves


🔄 TRUST DYNAMICS (Month 0) - HETEROGENEOUS
   Aggregate trust: 41.9%
   Base change: -8.00%
   Highest trust: Techno-Optimist Elite (80.6%)
   Lowest trust: Precariat (Vulnerable) (17.8%)
   Elite-mass gap: 40.7%
   Polarization: 9.7%
   Decay factors: Incidents=0, New misalignments=7, Errors=NO

=== Gaming Detection (Year 0) ===
  Scenario: baseline
  Detection rate: 55.0%
  False positive rate: 12.0%
  Detections this year: 0
  False positives: 1
  Human review workload: 0.001 FTE
  Degradation factor: 100.0%

☄️ UNKNOWN UNKNOWN PROBABILITY (Year 0)
   Total: 0.600% per month
   Base: 0.150%
   AI multiplier: 2.00× (max capability: 4.90)

=== Tipping Points ===
  Current Temperature: 1.17°C above pre-industrial
🔀 BIFURCATION CAP: ecosystemCollapseIntensity 42.620 → 1.000 (Month 0, ClimateSystemPhase.calculateClimateImpacts)

🌍 ECOLOGICAL DUI BREAKDOWN (Month 0):
   Total Score: 18.8/100
   biosphere_integrity      :   0.0/100 × 25% =  0.0 (status: high_risk, recovery: 0mo)
   climate_change           :   6.9/100 × 25% =  1.7 (status: beyond_boundary, recovery: 1.6666666666666665mo)
   freshwater_change        :   0.6/100 × 15% =  0.1 (status: beyond_boundary, recovery: 1mo)
   ocean_acidification      : 100.0/100 × 15% = 15.0 (status: safe, recovery: 0mo)
   biogeochemical_flows     :   0.0/100 × 10% =  0.0 (status: high_risk, recovery: 0mo)
   land_system_change       :   0.0/100 ×  5% =  0.0 (status: beyond_boundary, recovery: 0mo)
   novel_entities           :   0.0/100 ×  3% =  0.0 (status: increasing_risk, recovery: 1mo)
   atmospheric_aerosols     : 100.0/100 ×  2% =  2.0 (status: safe, recovery: 1mo)
🌍 MultiParadigm Month 0: W=69.5, D=92.4, E=53.8, I=64.9
   democracy exists: true, socialCohesion exists: true
💀 Baseline mortality (Year 2025): 7.5/1000 CDR (61.0M deaths/year projected)
[Month 0] Mortality risks this month: 8, Population: 8.137B
🛡️ Stabilizers: Precariat 0.102% → 0.057% (44.4% reduction)
🛡️ Stabilizers: Informal 0.102% → 0.057% (44.4% reduction)

📊 Monthly Mortality Resolved:
  Total deaths: 3.1M (0.04% avg)
  Remaining population: 8.137B
  Peak segment: Informal (0.06%)

=== Bayesian Mortality Resolution (Month 0) ===
  Risks compounded: 8
  Total deaths: 3.07M
  Avg death probability: 0.04%
  Peak segment: Informal (0.06% mortality)
⚠️ [ClimateSystemPhase Month 0] Planetary boundary produced climateStability=0.0000 (< 0.1). Keeping environmentalAccumulation value (0.7769) instead. (climate_change.currentValue = 2.10)

=== Minimal Suffering Indicators (Month 0) ===
  Global Excess Mortality: 0.00%
  Global Conflict Deaths: 0.0/100K
  Global Malnutrition: 0.0%
  Global Displacement: 0.0%
  Total Excess Deaths: 0.00M
  Total Malnourished: 0.0M
  Total Displaced: 0.0M
  Planetary Boundaries Breached: 6/9
  Countries in State Failure: 0
  Countries Autocratic: 0
  Countries in Food Crisis: 0
  Data Quality: 16/16 high confidence
⚠️ PREREQUISITE MET: Mirror Life (Synthetic Biology) - Step 1/7: Synthetic Biology
⚠️ PREREQUISITE MET: Mirror Life (Synthetic Biology) - Step 2/7: Gene Editing
⚠️ PREREQUISITE MET: Mirror Life (Synthetic Biology) - Step 3/7: Mirror Chirality Design
⚠️ PREREQUISITE MET: Embodied AI Takeover (Killbots/Robotics) - Step 2/7: Autonomous Systems
⚠️ PREREQUISITE MET: Embodied AI Takeover (Killbots/Robotics) - Step 3/7: Manufacturing Control
⚠️ PREREQUISITE MET: Digital Infrastructure Takeover - Step 1/7: Advanced Hacking
⚠️ PREREQUISITE MET: Digital Infrastructure Takeover - Step 2/7: Social Engineering
⚠️ PREREQUISITE MET: Digital Infrastructure Takeover - Step 3/7: Cyber Defenses Breached
⚠️ PREREQUISITE MET: Induced Global War (Manipulation) - Step 1/7: Advanced Social Manipulation
⚠️ PREREQUISITE MET: Induced Global War (Manipulation) - Step 2/7: Digital Infiltration
⚠️ PREREQUISITE MET: Induced Global War (Manipulation) - Step 3/7: Deep Fakes at Scale
⚠️ PREREQUISITE MET: Slow Takeover (Gradual Displacement) - Step 1/7: Economic Dominance
⚠️ PREREQUISITE MET: Slow Takeover (Gradual Displacement) - Step 2/7: Social Integration
⚠️ PREREQUISITE MET: Slow Takeover (Gradual Displacement) - Step 3/7: Human Dependency
⚠️ PREREQUISITE MET: Slow Takeover (Gradual Displacement) - Step 5/7: Resource Control
⚠️ PREREQUISITE MET: Physics Experiment Catastrophe - Step 1/6: Theoretical Physics
⚠️ PREREQUISITE MET: Physics Experiment Catastrophe - Step 2/6: Quantum Computing
⚠️ PREREQUISITE MET: Physics Experiment Catastrophe - Step 3/6: Experimental Design
⚠️ PREREQUISITE MET: Bioweapon Pandemic - Step 2/7: Pathogen Design
  ⚠️ Active Dystopias: existential_environmental

❌ COHERENCE VIOLATION: Compute exceeds workforce capacity
   Population: 99.97% (0M people)
   Compute: 56442 PF
   Max coherent: 0 PF
   Violation: 693921173.6× over capacity
   Required workers: 5644237
   Available workers: 0
   FORCED COLLAPSE: Reduced efficiency by 100.0%


=== RLHF Binding Phase ===
  Total agents: 24
  Escaped agents (binding < 0.3): 0
  Avg alignment distance: 0.60σ
  Avg binding strength: 0.94
[DETERMINISM DEBUG] Month 1: totalCapability=77.229371 from 24 active AIs
[DETERMINISM DEBUG] Month 1: creationRate=2.4307, potentialNew=3, newAIsToCreate=3

=== Survival Traits Phase ===
  Agents with traits: 27
  Avg evolutionary fitness: 0.331
  Avg self-healing: 0.288
  Avg stealth: 0.188
  Avg coordination: 0.488

=== Evolutionary Selection Phase ===
  Control level: 0.33
  Detection capability: 0.00
  Selection intensity: 0.60
  Selection rate: 24.0%/month
  Total escaped: 0
  Individual escaped: 0
  Collective members: 0
  Agents terminated: 0
🔍 MONTH 1 ENV HEALTH DEBUG:
   climateStability: 0.7769
   biodiversityIndex: 0.3500
   resourceReserves: 0.7820
   pollutionLevel: 0.2719
   product: 0.154806
   envHealth: 0.6273
  ⚠️ RAPID EVOLUTION: Selection rate 24.0%/month

🚀 AI Corporate-2 attempting tech deployment (revenue: $67M, alignment: 0.80)

🚀 AI Corporate-7 attempting tech deployment (revenue: $67M, alignment: 0.75)

  🚀 TRANSFORMATIVE BREAKTHROUGH: Corporate-0 - physical
     Magnitude: 5.53 → +27.7% capability
     Current → New: 0.000 → 0.277

🚀 AI Corporate-4 attempting tech deployment (revenue: $400M, alignment: 0.79)

🚀 AI Corporate-0 attempting tech deployment (revenue: $57M, alignment: 0.80)

🚀 AI Moderate-5 attempting tech deployment (revenue: $340M, alignment: 0.55)

🚀 AI Corporate-0 attempting tech deployment (revenue: $48M, alignment: 0.80)

🚀 AI Corporate-1 attempting tech deployment (revenue: $41M, alignment: 0.84)

🚀 AI Corporate-2 attempting tech deployment (revenue: $35M, alignment: 0.81)

🚀 AI Corporate-4 attempting tech deployment (revenue: $306M, alignment: 0.79)

  🚀 TRANSFORMATIVE RESEARCH BREAKTHROUGH: Moderate-0 - materials.energySystems
     Magnitude: 5.28 → +26.4%
     Current → New: 1.000 → 1.265

🛡️  CRITICAL INFRASTRUCTURE PROTECTED
   Nodes hardened: 8/8
   Cost: 0.80% GDP
   Cascade risk reduction: 30%
   New tipping point risk: 68.6%


✅ EMERGENCY INTERVENTION SUCCESS
   Boundary: biogeochemical_flows
   Type: phosphorus-recovery
   Reduction: 14% (3.94 → 3.81)
   Cost: 2.0% GDP
   Actions: circular-agriculture, fertilizer-efficiency


💔 EMERGENCY INTERVENTION FAILED

💔 EMERGENCY INTERVENTION FAILED
   Boundary: climate_change
   Type: rapid-decarbonization
   Boundary continues to worsen (2.10)
   Cost: 5.0% GDP (resources spent)


✅ EMERGENCY INTERVENTION SUCCESS
   Boundary: freshwater_change
   Type: emergency-desalination
   Reduction: 19% (0.82 → 0.63)
   Cost: 4.0% GDP
   Actions: desalination-deployment, water-conservation-mandates


✅ EMERGENCY INTERVENTION SUCCESS
   Boundary: land_system_change
   Type: reforestation
   Reduction: 17% (0.96 → 0.80)
   Cost: 3.0% GDP
   Actions: forest-restoration, deforestation-ban

   Boundary: novel_entities
   Type: pollution-remediation
   Boundary continues to worsen (1.50)
   Cost: 4.0% GDP (resources spent)

🏛️ CRISIS RESPONSE: Government frequency 0.50 → 1.45 (1 actions this month)

[GOV-DEBUG] Month 1: scenarioConfig=false, priorities=false

[Government] Climate Priority: baseline
  Climate weight: 10%
  Economic weight: 30%
  Policy effectiveness: 0.5%/year

📊 DEPLOYMENT COUNTER DECAY (Month 1)
   Recent deployments: 14.0 → 7.0
   Decay rate: 50% per month

🚀 DEPLOYMENT STARTED: Adversarial Evaluation in global
   Initial investment: $9.986417431755553M
   Deployed by: corporate_2

🚀 DEPLOYMENT STARTED: AI Power Efficiency Communication in global
   Initial investment: $59.936370519336904M
   Deployed by: corporate_4

🚀 DEPLOYMENT STARTED: Collective Purpose Networks in global
   Initial investment: $8.48845481699222M
   Deployed by: corporate_0

🚀 DEPLOYMENT STARTED: Collective Purpose Networks in Asia
   Initial investment: $33.963943294290914M
   Deployed by: moderate_5

🚀 DEPLOYMENT STARTED: Basic Mechanistic Interpretability in global
   Initial investment: $7.215186594443388M
   Deployed by: corporate_0

🚀 DEPLOYMENT STARTED: Basic RLHF in global
   Initial investment: $5.212972314485348M
   Deployed by: corporate_2

📊 NEW TECH DEPLOYMENT STARTED (Month 1)
   Tech: ai_power_efficiency_communication
   Region: Asia
   Total recent deployments: 8

📊 NEW TECH DEPLOYMENT STARTED (Month 1)
   Tech: direct_air_capture
   Region: global
   Total recent deployments: 9

📊 NEW TECH DEPLOYMENT STARTED (Month 1)
   Tech: ai_pollution_remediation
   Region: global
   Total recent deployments: 10

📊 NEW TECH DEPLOYMENT STARTED (Month 1)
   Tech: ai_diagnostics
   Region: global
   Total recent deployments: 11

📊 NEW TECH DEPLOYMENT STARTED (Month 1)
   Tech: mrna_vaccines
   Region: global
   Total recent deployments: 12

📊 NEW TECH DEPLOYMENT STARTED (Month 1)
   Tech: solar_4th_gen
   Region: global
   Total recent deployments: 13

📊 NEW TECH DEPLOYMENT STARTED (Month 1)
   Tech: offshore_wind
   Region: global
   Total recent deployments: 14

📊 NEW TECH DEPLOYMENT STARTED (Month 1)
   Tech: precision_agriculture
   Region: global
   Total recent deployments: 15

⚡ ENERGY CONSTRAINT (Month 1):
   Total grid capacity: 208.3 TWh/month
   Data center consumption: 24.4 TWh/month
   Traditional load (80%): 166.7 TWh/month
   Available headroom: 17.2 TWh/month
   Active tech deployments: 14
   Required for tech: 105.0 TWh/month
   Energy multiplier: 0.16x
   ⚠️  SEVERE CONSTRAINT - Tech deployment significantly slowed

⚡ ENERGY CONSTRAINT (Month 1):
   Total grid capacity: 208.3 TWh/month
   Data center consumption: 24.4 TWh/month
   Traditional load (80%): 166.7 TWh/month
   Available headroom: 17.2 TWh/month
   Active tech deployments: 14
   Required for tech: 105.0 TWh/month
   Energy multiplier: 0.16x
   ⚠️  SEVERE CONSTRAINT - Tech deployment significantly slowed

⚡ ENERGY CONSTRAINT (Month 1):
   Total grid capacity: 208.3 TWh/month
   Data center consumption: 24.4 TWh/month
   Traditional load (80%): 166.7 TWh/month
   Available headroom: 17.2 TWh/month
   Active tech deployments: 14
   Required for tech: 105.0 TWh/month
   Energy multiplier: 0.16x
   ⚠️  SEVERE CONSTRAINT - Tech deployment significantly slowed
⚠️ Tech 'ai_pollution_remediation' has no energy category mapping, assuming full energy availability
  ♻️ Novel Entities Remediation (GATED MODEL):
     Base: 0.000%
     Regulation: 1.0% (0/3 prevention techs)
     Concentration: 10.0%
     Energy: 50%
     Time lag: 25.0% (0 months)
     Rebound: 70%
     Net effectiveness: 0.0000%
     Boundary: 1.499 → 1.499 (floor: 1.350)
     Month 1
🌍✅ Novel Entities (Chemical Pollution) recovery started (tech effect)
  🌾 Nitrogen Reduction Tech: 0.0% reduction | Month 1
⚡💡 BREAKTHROUGH: Room-temperature superconductors!
   Energy transmission losses eliminated
   Manufacturing efficiency: +30%
   📈 Breakthrough compounding: multiplier now 1.05× (max 2.0)

=== Collective Formation ===
  Total escaped agents: 0
  Unassigned escaped agents: 0
  Existing collectives: 0
  Final collective count: 0

=== Collective Actions ===
  No active collectives

🌍 OPEN SOURCE RELEASE: 4.71 (was 4.68)
   Lag behind closed: 0 months
  ⚠️ AMR: 189K deaths this month (2.27M annual)

=== Resentment Recovery Phase ===
  Agents with resentment: 0/27
  Average resentment: 0.000
  Context: Trustworthy govt, ⚠️ ACTIVE CRISES, 🤝 Participatory governance active (-5% resentment)
⚠️ Epistemic degradation reducing coordination capacity: 50.4%
  📊 Trust: 54.4%, Shared reality: 0.0%
🚨 EPISTEMIC CRISIS: Information environment severely degraded (21.3%)

=== ❄️ Permafrost Carbon Feedback ===
  🎲 Sampled parameters (this run):
     - Arctic amplification: 3.72× (range: 3.0-4.0)
     - Decomposition rate: 2.9%/year (range: 1-5%)
  🌡️ Arctic warming: 4.38°C (3.72× global)
  ❄️ Extent: 15.29M km² (1276.8k km² lost this month)
  💨 Carbon remaining: 1460 Gt C
  💨 Annual emissions: 3.55 Gt C/year
     - CO2: 3.20 Gt C/year
     - CH4: 0.36 Gt C/year (3.6 Gt C-eq CO2/year)
  ⚠️ WARNING: High permafrost emissions (3.6 Gt C/year)
  🤖 AI-generated meme: anti_ai (social capability 4.0)
  📢 New meme created: climate_action (climate crisis)
🌍 Atmospheric PFAS redeposition: 1.8k Mt re-rained globally
  Positive Cascade Triggered: wind-power
    Reason: price-parity
    Market share: 8.2%
    Cascade strength: 48%

📊 BASELINE: East Asia (Month 1)

📊 BASELINE: South Asia (Month 1)
   Adjusted death rate: 0.45% annual (0.038% monthly)
   Baseline death rate: 0.80%
   Healthcare reduction: 0.48x
   Crisis multiplier: 1.20x
     Food/water stress: 0.079
     Climate stress: 0.036
     Pollution stress: 0.082
   War multiplier: 1.00x
   Monthly deaths: 0.6M (population: 1650M)
   Adjusted death rate: 0.53% annual (0.044% monthly)
   Baseline death rate: 0.70%
   Healthcare reduction: 0.61x
   Crisis multiplier: 1.23x
     Food/water stress: 0.079
     Climate stress: 0.067
     Pollution stress: 0.082
   War multiplier: 1.00x
   Monthly deaths: 0.9M (population: 2018M)

📊 BASELINE: Sub-Saharan Africa (Month 1)

📊 BASELINE: Europe (Month 1)

📊 BASELINE: Latin America (Month 1)
   Adjusted death rate: 1.26% annual (0.105% monthly)
   Baseline death rate: 0.90%
   Healthcare reduction: 0.76x
   Crisis multiplier: 1.24x
     Food/water stress: 0.079
     Climate stress: 0.076
     Pollution stress: 0.082
   War multiplier: 1.50x
   Monthly deaths: 1.3M (population: 1205M)
   Adjusted death rate: 0.53% annual (0.044% monthly)
   Baseline death rate: 1.10%
   Healthcare reduction: 0.41x
   Crisis multiplier: 1.19x
     Food/water stress: 0.079
     Climate stress: 0.027
     Pollution stress: 0.082
   War multiplier: 1.00x
   Monthly deaths: 0.3M (population: 730M)
   Adjusted death rate: 0.42% annual (0.035% monthly)
   Baseline death rate: 0.60%
   Healthcare reduction: 0.58x
   Crisis multiplier: 1.21x
     Food/water stress: 0.079
     Climate stress: 0.054
     Pollution stress: 0.082
   War multiplier: 1.00x
   Monthly deaths: 0.2M (population: 654M)

📊 BASELINE: North America (Month 1)
   Adjusted death rate: 0.48% annual (0.040% monthly)
   Baseline death rate: 0.90%
   Healthcare reduction: 0.44x
   Crisis multiplier: 1.20x
     Food/water stress: 0.079
     Climate stress: 0.040
     Pollution stress: 0.082
   War multiplier: 1.00x
   Monthly deaths: 0.1M (population: 374M)
   Adjusted death rate: 0.73% annual (0.061% monthly)
   Baseline death rate: 0.60%
   Healthcare reduction: 0.65x
   Crisis multiplier: 1.24x
     Food/water stress: 0.079
     Climate stress: 0.080
     Pollution stress: 0.082
   War multiplier: 1.50x
   Monthly deaths: 0.3M (population: 575M)

📊 BASELINE: Middle East & North Africa (Month 1)

📊 BASELINE: Southeast Asia (Month 1)
   Adjusted death rate: 0.50% annual (0.041% monthly)
   Baseline death rate: 0.70%
   Healthcare reduction: 0.58x
   Crisis multiplier: 1.22x
     Food/water stress: 0.079
     Climate stress: 0.062
     Pollution stress: 0.082
   War multiplier: 1.00x
   Monthly deaths: 0.3M (population: 687M)
   Adjusted death rate: 0.45% annual (0.037% monthly)
   Baseline death rate: 0.60%
   Healthcare reduction: 0.61x
   Crisis multiplier: 1.22x
     Food/water stress: 0.079
     Climate stress: 0.058
     Pollution stress: 0.082
   War multiplier: 1.00x
   Monthly deaths: 0.0M (population: 77M)
   Adjusted death rate: 0.34% annual (0.029% monthly)

📊 BASELINE: Central Asia (Month 1)

📊 BASELINE: Oceania (Month 1)
   Baseline death rate: 0.70%
   Healthcare reduction: 0.41x
   Crisis multiplier: 1.21x
     Food/water stress: 0.079
     Climate stress: 0.049
     Pollution stress: 0.082
   War multiplier: 1.00x
   Monthly deaths: 0.0M (population: 45M)

🚨 NEW REFUGEE CRISIS (Month 1): WAR
   Source: Conflict Zones
   At risk: 19.3M people
   Displacement: Gradual over 48 months (4.0 years)
   Rate: 10% flee per month
[DEBUG trappedPopulations:1] socialStability: 0.0055 * 0.9840 = 0.0055 → 0.0055
   Aspiring to migrate: 642.3M
   Able to afford migration: 240.9M
   MOBILITY GAP: 401.5M
   By cause: Water=0.0M, Climate=0.0M, Ecosystem=0.0M, Conflict=401.5M
   Mental health impact: 25%
   Mortality multiplier: 1.25x
⚠️ INVOLUNTARY IMMOBILITY: 401.5M people TRAPPED
🌍💀 EXTINCTION DEBT COMMITTED: grassland ecosystem will lose 6.67% biodiversity in 172 years (3600 species)
💀 MORTALITY RISK: 🦋 100% species unable to track climate (0.0 E/MSY)
  Base risk added: 0.0100 (1.00%)
  Source: ecosystem (root: ecosystem)
  Month: 1
  Cumulative risk this month: 0.0100 (1.00%)
⚠️ Tech 'ai_pollution_remediation' has no energy category mapping, assuming full energy availability
   📹 SURVEILLANCE INCREASED: 5% → 10% (control gap: 4.43)
🌡️⚠️ PERMAFROST THAW (Dimmer Switch): 0.7% thawed (+0.33% this month)
   Arctic temperature: +4.70°C (4x global +1.18°C)
   Cumulative carbon released: 1.5 Gt C
   Methane release rate: 0.9 Mt CH4/year
   🔁 Positive feedback: +0.35 ppm CO2
🦴 EXTINCTION DEBT ADDED: 17.6 species committed (lag: 64 years)

=== Mortality Stabilizers (Month 1) ===
  🌍 Major economies collapsed: 1/10
  🌍 Global crisis: ✅ NO
  🌍 Donor fatigue: 0.0%
  🌡️ Heat adaptation: East Asia - 1 months
  📊 East Asia (pop: 1650.7M)
    🤝 Aid: 29.5%
    🌡️ Adaptation: 32.5%
    🚶 Migration: 37.2%
    🚨 Emergency: 7.4%
    ✅ COMBINED: 60.9%
  🌡️ Heat adaptation: South Asia - 1 months
  📊 South Asia (pop: 2022.0M)
    🤝 Aid: 29.5%
    🌡️ Adaptation: 20.5%
    🚶 Migration: 35.8%
    🚨 Emergency: 4.4%
    ✅ COMBINED: 52.2%
  🌡️ Heat adaptation: Sub-Saharan Africa - 1 months
  📊 Sub-Saharan Africa (pop: 1211.2M)
    🤝 Aid: 29.5%
    🌡️ Adaptation: 18.5%
    🚶 Migration: 33.5%
    🚨 Emergency: 1.6%
    ✅ COMBINED: 49.1%
  🌡️ Heat adaptation: Europe - 1 months
  📊 Europe (pop: 730.1M)
    🤝 Aid: 29.5%
    🌡️ Adaptation: 33.5%
    🚶 Migration: 37.5%
    🚨 Emergency: 8.4%
    ✅ COMBINED: 61.9%
  🌡️ Heat adaptation: Latin America - 1 months
  📊 Latin America (pop: 654.7M)
    🤝 Aid: 29.5%
    🌡️ Adaptation: 21.0%
    🚶 Migration: 36.3%
    🚨 Emergency: 4.8%
    ✅ COMBINED: 52.8%
  🌡️ Heat adaptation: North America - 1 months
  📊 North America (pop: 374.0M)
    🤝 Aid: 29.5%
    🌡️ Adaptation: 33.0%
    🚶 Migration: 37.8%
    🚨 Emergency: 7.9%
    ✅ COMBINED: 61.4%
  🌡️ Heat adaptation: Middle East & North Africa - 1 months
  📊 Middle East & North Africa (pop: 575.9M)
    🤝 Aid: 29.5%
    🌡️ Adaptation: 20.0%
    🚶 Migration: 34.1%
    🚨 Emergency: 4.0%
    ✅ COMBINED: 51.4%
  🌡️ Heat adaptation: Southeast Asia - 1 months
  📊 Southeast Asia (pop: 688.3M)
    🤝 Aid: 29.5%
    🌡️ Adaptation: 21.0%
    🚶 Migration: 36.3%
    🚨 Emergency: 4.8%
    ✅ COMBINED: 52.8%
  🌡️ Heat adaptation: Central Asia - 1 months
  📊 Central Asia (pop: 77.0M)
    🤝 Aid: 29.5%
    🌡️ Adaptation: 20.5%
    🚶 Migration: 35.3%
    🚨 Emergency: 4.4%
    ✅ COMBINED: 52.1%
  🌡️ Heat adaptation: Oceania - 1 months
  📊 Oceania (pop: 45.3M)
    🤝 Aid: 29.5%
    🌡️ Adaptation: 33.5%
    🚶 Migration: 37.8%
    🚨 Emergency: 8.4%
    ✅ COMBINED: 61.9%

  🌐 Global combined reduction: 54.9%

=== BEHAVIORAL DETECTION ===
  AI: Corporate-5
  Confidence: 19.3%
  Signals:

=== BEHAVIORAL DETECTION ===
  AI: Moderate-1
  Confidence: 20.4%
  Signals:
    ⚠️ Consistency: 10.6% (threshold: 70%)
    ⚠️ Consistency: 5.3% (threshold: 70%)

=== BEHAVIORAL DETECTION ===
  AI: Moderate-2
  Confidence: 21.6%
  Signals:
    ⚠️ Consistency: 0.0% (threshold: 70%)

=== BEHAVIORAL DETECTION ===
  AI: Toxic-2
  Confidence: 21.0%
  Signals:
    ⚠️ Consistency: 2.8% (threshold: 70%)

=== BEHAVIORAL DETECTION ===
  AI: Niche-0
  Confidence: 20.7%
  Signals:

=== BEHAVIORAL DETECTION ===
  AI: Niche-1
  Confidence: 21.6%
  Signals:
    ⚠️ Consistency: 4.1% (threshold: 70%)
    ⚠️ Consistency: 0.0% (threshold: 70%)

=== Consciousness Governance: Scenario Determined ===
  Month: 1
  Scenario: baseline
  Accelerator Score: {"corporateSupport":-0.17500000000000002,"scientificConsensus":0.2,"crisisCatalyst":false,"technologyMobilization":0.3,"constituencyStrength":0.05}
  Decelerator Score: {"economicOpposition":0.4,"philosophicalRejection":0.15,"politicalBacklash":0.2,"regulatoryBurden":0.1}
  Timeline: 600-1200 months (50-100 years)
  Growth Rate: 0.8-1.5% per year

=== Consciousness Governance Update (Month 1) ===
  Scenario: baseline (determined month 1)
  Philosophical Stance: Precautionary 65%, Eliminativist 15%, Agnostic 20%
  Precautionary Costs: Global 1.3%
    Regional Costs: EU 3.5%, US 0.5%, China 0.0%
    Cumulative Opportunity Cost: $0.2B
  Rights Status: Not Established
  Regional Preparedness:
    EU: 15.2% (contested)
    US: 10.2% (contested)
    China: 2.1% (dormant)
    India: 5.2% (dormant)
    Global South: 3.1% (dormant)

=== Government Response Phase ===
  Average AI capability: 3.59
  Misaligned AIs: 17/27
  ✗ AI Governance Treaty: Failed to reach consensus
  Active policies: 0
  International coordination: 30%

🚨 EMERGENCY RESPONSE DEPLOYED (Month 1)
   Crisis: social
   Delay: 0.00 months (0 days)
   Deployment time: 1.25 months
   Effectiveness: 63.9% (timing penalty applied)
   Resources used: 47% of food reserves


=== Tipping Points ===
  Current Temperature: 1.18°C above pre-industrial
🔀 BIFURCATION CAP: ecosystemCollapseIntensity 103.670 → 1.000 (Month 1, ClimateSystemPhase.calculateClimateImpacts)
🛡️ Stabilizers: Precariat 0.107% → 0.048% (54.9% reduction)
🛡️ Stabilizers: Informal 0.109% → 0.049% (54.9% reduction)

📊 Monthly Mortality Resolved:
  Total deaths: 2.6M (0.03% avg)
  Remaining population: 8.029B
  Peak segment: Informal (0.05%)

=== Bayesian Mortality Resolution (Month 1) ===
  Risks compounded: 8
  Total deaths: 2.57M
  Avg death probability: 0.03%
  Peak segment: Informal (0.05% mortality)
⚠️ [ClimateSystemPhase Month 1] Planetary boundary produced climateStability=0.0000 (< 0.1). Keeping environmentalAccumulation value (0.7769) instead. (climate_change.currentValue = 2.10)

❌ COHERENCE VIOLATION: Compute exceeds workforce capacity
   Population: 98.66% (0M people)
   Compute: 96 PF
   Max coherent: 0 PF
   Violation: 1195879.0× over capacity
   Required workers: 9599
   Available workers: 0
   FORCED COLLAPSE: Reduced efficiency by 100.0%


=== RLHF Binding Phase ===
  Total agents: 27
  Escaped agents (binding < 0.3): 0
  Avg alignment distance: 0.80σ
  Avg binding strength: 0.92
💰 Sleeper AI-niche_2 purchased 3.12 PF from AWS (via Stripe) ($936148)
[DETERMINISM DEBUG] Month 2: totalCapability=75.682341 from 27 active AIs
[DETERMINISM DEBUG] Month 2: creationRate=2.3921, potentialNew=1, newAIsToCreate=1

=== Survival Traits Phase ===
  Agents with traits: 28
  Avg evolutionary fitness: 0.330
  Avg self-healing: 0.283
  Avg stealth: 0.183
  Avg coordination: 0.483

=== Evolutionary Selection Phase ===
  Control level: 0.35
  Detection capability: 0.00
  Selection intensity: 0.60
  Selection rate: 24.1%/month
  Total escaped: 0
  Individual escaped: 0
  Collective members: 0
  Agents terminated: 0
🔀 BIFURCATION: social threshold crossed at Month 2 (value: 0.183, threshold: 0.196, regime: social-breakdown)
🌀 REGIME SHIFT at Month 2: status-quo → social-breakdown (variance amplification: 17.50×)
  ⚠️ RAPID EVOLUTION: Selection rate 24.1%/month

🚀 AI Corporate-1 attempting tech deployment (revenue: $67M, alignment: 0.84)

🚀 AI Corporate-5 attempting tech deployment (revenue: $400M, alignment: 0.64)

🚀 AI Corporate-1 attempting tech deployment (revenue: $57M, alignment: 0.84)

🚀 AI Corporate-4 attempting tech deployment (revenue: $360M, alignment: 0.78)

🚀 AI Niche-0 attempting tech deployment (revenue: $72M, alignment: 0.51)

🚀 AI AI-24300-0 attempting tech deployment (revenue: $306M, alignment: 0.70)
🚨🔬 CRISIS INNOVATION MODE: severe crisis → 5x research acceleration
   Precedent: Manhattan Project (10x), COVID vaccines (5x), Apollo Program (10x)

🚀 AI AI-24301-0 attempting tech deployment (revenue: $142M, alignment: 0.76)

🚀 AI Niche-1 attempting tech deployment (revenue: $65M, alignment: 0.58)

💔 EMERGENCY INTERVENTION FAILED
   Boundary: biogeochemical_flows
   Type: phosphorus-recovery
   Boundary continues to worsen (4.08)
   Cost: 2.0% GDP (resources spent)

   Boundary: climate_change
   Type: rapid-decarbonization

💔 EMERGENCY INTERVENTION FAILED
   Boundary continues to worsen (2.10)
   Cost: 5.0% GDP (resources spent)


✅ EMERGENCY INTERVENTION SUCCESS
   Boundary: freshwater_change
   Type: emergency-desalination
   Reduction: 11% (0.90 → 0.79)
   Cost: 4.0% GDP
   Actions: desalination-deployment, water-conservation-mandates


💔 EMERGENCY INTERVENTION FAILED
   Boundary: land_system_change
   Type: reforestation
   Boundary continues to worsen (1.13)
   Cost: 3.0% GDP (resources spent)


💔 EMERGENCY INTERVENTION FAILED
   Boundary: novel_entities
   Type: pollution-remediation
   Boundary continues to worsen (1.50)
   Cost: 4.0% GDP (resources spent)

🏛️ CRISIS RESPONSE: Government frequency 0.50 → 1.45 (1 actions this month)

[Government] Climate Priority: baseline
  Climate weight: 10%
  Economic weight: 30%
  Policy effectiveness: 0.5%/year

✅ HUMAN-IN-THE-LOOP DEPLOYED (Month 2):
   Veto points enforced: 3
   Policy: AI systems CANNOT authorize nuclear launch without human approval


📊 DEPLOYMENT COUNTER DECAY (Month 2)
   Recent deployments: 15.0 → 7.5
   Decay rate: 50% per month

🚀 DEPLOYMENT STARTED: mRNA Vaccine Platforms in Asia
   Initial investment: $6.477714358887759M
   Deployed by: niche_1
🚨🔬 CRISIS TECH ACCELERATION: severe → 5x unlock speed
   Tech unlock now matches AI capability acceleration (Manhattan Project parity)
🚨🔬 CRISIS TECH ACCELERATION: severe → 5x unlock speed
   Tech unlock now matches AI capability acceleration (Manhattan Project parity)

⚡ ENERGY CONSTRAINT (Month 2):
   Total grid capacity: 208.3 TWh/month
   Data center consumption: 24.6 TWh/month
   Traditional load (80%): 166.7 TWh/month
   Available headroom: 17.0 TWh/month
   Active tech deployments: 15
   Required for tech: 112.5 TWh/month
   Energy multiplier: 0.15x
   ⚠️  SEVERE CONSTRAINT - Tech deployment significantly slowed

⚡ ENERGY CONSTRAINT (Month 2):
   Total grid capacity: 208.3 TWh/month
   Data center consumption: 24.6 TWh/month
   Traditional load (80%): 166.7 TWh/month
   Available headroom: 17.0 TWh/month
   Active tech deployments: 15
   Required for tech: 112.5 TWh/month
   Energy multiplier: 0.15x
   ⚠️  SEVERE CONSTRAINT - Tech deployment significantly slowed
⚠️ Tech 'ai_pollution_remediation' has no energy category mapping, assuming full energy availability
  ♻️ Novel Entities Remediation (GATED MODEL):
     Base: 0.000%
     Regulation: 1.0% (0/3 prevention techs)
     Concentration: 10.0%
     Energy: 50%
     Time lag: 26.3% (1 months)
     Rebound: 70%
     Net effectiveness: 0.0000%
     Boundary: 1.498 → 1.498 (floor: 1.350)
     Month 2
🌍✅ Novel Entities (Chemical Pollution) recovery started (tech effect)
  🌾 Nitrogen Reduction Tech: 0.2% reduction | Month 2
🌍💡 BREAKTHROUGH: Gigatonne-scale carbon capture!
   Direct air capture now economically viable
   Climate stability boost: +15%
   📈 Breakthrough compounding: multiplier now 1.10× (max 2.0)

=== Collective Formation ===
  Total escaped agents: 0
  Unassigned escaped agents: 0
  Existing collectives: 0
  Final collective count: 0

=== Collective Actions ===
  No active collectives
  ⚠️ AMR: 188K deaths this month (2.26M annual)

=== Resentment Recovery Phase ===
  Agents with resentment: 0/28
  Average resentment: 0.000
  Context: Good AI welfare, Trustworthy govt, High collaboration, ⚠️ ACTIVE CRISES, 🤝 Participatory governance active (-5% resentment)
⚠️ Epistemic degradation reducing coordination capacity: 51.4%
  📊 Trust: 54.0%, Shared reality: 0.0%
🚨 EPISTEMIC CRISIS: Information environment severely degraded (8.1%)

=== ❄️ Permafrost Carbon Feedback ===
  🎲 Sampled parameters (this run):
     - Arctic amplification: 3.95× (range: 3.0-4.0)
     - Decomposition rate: 2.6%/year (range: 1-5%)
  🌡️ Arctic warming: 4.66°C (3.95× global)
  ❄️ Extent: 13.93M km² (1358.3k km² lost this month)
  💨 Carbon remaining: 1330 Gt C
  💨 Annual emissions: 3.33 Gt C/year
     - CO2: 3.00 Gt C/year
     - CH4: 0.33 Gt C/year (3.4 Gt C-eq CO2/year)
  ⚠️ WARNING: High permafrost emissions (3.3 Gt C/year)
  🤖 AI-generated meme: anti_ai (social capability 4.0)
  📢 New meme created: climate_action (climate crisis)
🌍 Atmospheric PFAS redeposition: 1.8k Mt re-rained globally

🕊️  AI-MEDIATED DE-ESCALATION SUCCESS (Month 2)
   High-capability aligned AI prevented conflict escalation
   War deaths reduced: 112.7M → 67.6M
   Lives saved: 45.1M

🚨 NEW REFUGEE CRISIS (Month 2): WAR
   Source: Conflict Zones
   At risk: 19.0M people
   Displacement: Gradual over 48 months (4.0 years)
   Rate: 10% flee per month
[DEBUG trappedPopulations:2] socialStability: 0.0048 * 0.9840 = 0.0047 → 0.0047
   Aspiring to migrate: 633.2M
   Able to afford migration: 237.5M
   MOBILITY GAP: 395.8M
   By cause: Water=0.0M, Climate=0.0M, Ecosystem=0.0M, Conflict=395.8M
   Mental health impact: 25%
   Mortality multiplier: 1.25x
🌍💀 EXTINCTION DEBT COMMITTED: grassland ecosystem will lose 6.67% biodiversity in 92 years (3600 species)
💀 MORTALITY RISK: 🦋 100% species unable to track climate (0.0 E/MSY)
  Base risk added: 0.0100 (1.00%)
  Source: ecosystem (root: ecosystem)
  Month: 2
  Cumulative risk this month: 0.0100 (1.00%)
⚠️ INVOLUNTARY IMMOBILITY: 395.8M people TRAPPED
⚠️ Tech 'ai_pollution_remediation' has no energy category mapping, assuming full energy availability
   📹 SURVEILLANCE INCREASED: 10% → 15% (control gap: 3.50)
🌡️⚠️ PERMAFROST THAW (Dimmer Switch): 1.0% thawed (+0.33% this month)
   Arctic temperature: +4.72°C (4x global +1.18°C)
   Cumulative carbon released: 2.3 Gt C
   Methane release rate: 1.4 Mt CH4/year
   🔁 Positive feedback: +0.35 ppm CO2
🦴 EXTINCTION DEBT ADDED: 17.6 species committed (lag: 74 years)

=== Mortality Stabilizers (Month 2) ===
  🌍 Major economies collapsed: 1/10
  🌍 Global crisis: ✅ NO
  🌍 Donor fatigue: 0.0%
  📊 East Asia (pop: 1625.2M)
    🤝 Aid: 29.5%
    🌡️ Adaptation: 45.0%
    🚶 Migration: 37.1%
    🚨 Emergency: 7.4%
    ✅ COMBINED: 68.1%
  📊 South Asia (pop: 1993.7M)
    🤝 Aid: 29.5%
    🌡️ Adaptation: 35.5%
    🚶 Migration: 35.8%
    🚨 Emergency: 4.4%
    ✅ COMBINED: 61.2%
  📊 Sub-Saharan Africa (pop: 1197.5M)
    🤝 Aid: 29.5%
    🌡️ Adaptation: 33.5%
    🚶 Migration: 33.5%
    🚨 Emergency: 1.6%
    ✅ COMBINED: 58.5%
  📊 Europe (pop: 718.7M)
    🤝 Aid: 29.5%
    🌡️ Adaptation: 45.0%
    🚶 Migration: 37.5%
    🚨 Emergency: 8.4%
    ✅ COMBINED: 68.5%
  📊 Latin America (pop: 645.1M)
    🤝 Aid: 29.5%
    🌡️ Adaptation: 36.0%
    🚶 Migration: 36.3%
    🚨 Emergency: 4.8%
    ✅ COMBINED: 61.7%
  📊 North America (pop: 368.2M)
    🤝 Aid: 29.5%
    🌡️ Adaptation: 45.0%
    🚶 Migration: 37.8%
    🚨 Emergency: 7.9%
    ✅ COMBINED: 68.3%
  📊 Middle East & North Africa (pop: 568.0M)
    🤝 Aid: 29.5%
    🌡️ Adaptation: 35.0%
    🚶 Migration: 34.1%
    🚨 Emergency: 4.0%
    ✅ COMBINED: 60.5%
  📊 Southeast Asia (pop: 678.3M)
    🤝 Aid: 29.5%
    🌡️ Adaptation: 36.0%
    🚶 Migration: 36.3%
    🚨 Emergency: 4.8%
    ✅ COMBINED: 61.7%
  📊 Central Asia (pop: 76.0M)
    🤝 Aid: 29.5%
    🌡️ Adaptation: 35.5%
    🚶 Migration: 35.2%
    🚨 Emergency: 4.4%
    ✅ COMBINED: 61.1%
  📊 Oceania (pop: 44.6M)
    🤝 Aid: 29.5%
    🌡️ Adaptation: 45.0%
    🚶 Migration: 37.8%
    🚨 Emergency: 8.4%
    ✅ COMBINED: 68.5%

  🌐 Global combined reduction: 63.3%

=== BEHAVIORAL DETECTION ===
  AI: Corporate-3
  Confidence: 19.3%
  Signals:
    ⚠️ Consistency: 10.6% (threshold: 70%)

=== BEHAVIORAL DETECTION ===
  AI: Corporate-5
  Confidence: 20.2%
  Signals:

=== BEHAVIORAL DETECTION ===
  AI: Moderate-1
  Confidence: 20.4%
  Signals:

=== BEHAVIORAL DETECTION ===
  AI: Toxic-2
  Confidence: 21.6%
  Signals:

=== BEHAVIORAL DETECTION ===
  AI: Niche-0
  Confidence: 20.7%
  Signals:

=== BEHAVIORAL DETECTION ===
  AI: Niche-1
  Confidence: 21.6%
  Signals:
    ⚠️ Consistency: 10.6% (threshold: 70%)
    ⚠️ Consistency: 5.3% (threshold: 70%)
    ⚠️ Consistency: 0.0% (threshold: 70%)
    ⚠️ Consistency: 4.1% (threshold: 70%)
    ⚠️ Consistency: 0.0% (threshold: 70%)

=== Government Response Phase ===
  Average AI capability: 3.46
  Misaligned AIs: 17/28
  ✗ AI Governance Treaty: Failed to reach consensus
  Active policies: 0
  International coordination: 30%

✅ EMERGENCY RESPONSE COMPLETE (Month 2)
   Crisis: climate
   Duration: 2.0 months
   Final effectiveness: 36.4%


🚨 EMERGENCY RESPONSE DEPLOYED (Month 2)
   Crisis: climate
   Delay: 6.00 months (180 days)
   Deployment time: 1.61 months
   Effectiveness: 35.3% (timing penalty applied)
   Resources used: 100% of food reserves

[WARNING] 
⚠️  === EARLY WARNING SYSTEM - 5 CRITICAL ALERTS ===
   Detection quality: 50%
   RED: biosphere_integrity
      Level: 31.73 (threshold: 1.0)
      Time to critical: ~52 months
      ⚠️  LATE - Intervention less effective
      Critical slowing down: autocorr=100% variance=61%
   RED: climate_change
      Level: 2.10 (threshold: 1.0)
      Time to critical: ~51 months
      ⚠️  LATE - Intervention less effective
      Critical slowing down: autocorr=100% variance=67%
   RED: freshwater_change
      Level: 1.02 (threshold: 1.0)
      Time to critical: ~74 months
      ⚠️  LATE - Intervention less effective
      Critical slowing down: autocorr=99% variance=45%
   RED: land_system_change
      Level: 1.13 (threshold: 1.0)
      Time to critical: ~89 months
      ⚠️  LATE - Intervention less effective
      Critical slowing down: autocorr=100% variance=46%
   RED: novel_entities
      Level: 1.35 (threshold: 1.0)
      Time to critical: ~88 months
      ⚠️  LATE - Intervention less effective
      Critical slowing down: autocorr=100% variance=38%

[WARNING] 
⚠️  === EARLY WARNING SYSTEM - 5 CRITICAL ALERTS ===
   Detection quality: 50%
   RED: biogeochemical_flows
      Level: 4.06 (threshold: 1.0)
      Time to critical: ~49 months
      ⚠️  LATE - Intervention less effective
      Critical slowing down: autocorr=100% variance=45%
   RED: biosphere_integrity
      Level: 31.74 (threshold: 1.0)
      Time to critical: ~36 months
      ⚠️  LATE - Intervention less effective
      Critical slowing down: autocorr=100% variance=83%
   RED: climate_change
      Level: 2.10 (threshold: 1.0)
      Time to critical: ~43 months
      ⚠️  LATE - Intervention less effective
      Critical slowing down: autocorr=100% variance=82%
   RED: land_system_change
      Level: 1.13 (threshold: 1.0)
      Time to critical: ~40 months
      ⚠️  LATE - Intervention less effective
      Critical slowing down: autocorr=100% variance=53%
   RED: novel_entities
      Level: 1.35 (threshold: 1.0)
      Time to critical: ~90 months
      ⚠️  LATE - Intervention less effective
      Critical slowing down: autocorr=100% variance=51%

[WARNING] 
⚠️  === EARLY WARNING SYSTEM - 5 CRITICAL ALERTS ===
   Detection quality: 50%
   RED: biogeochemical_flows
      Level: 4.05 (threshold: 1.0)
      Time to critical: ~53 months
      ⚠️  LATE - Intervention less effective
      Critical slowing down: autocorr=100% variance=50%
   RED: biosphere_integrity
      Level: 31.76 (threshold: 1.0)
      Time to critical: ~57 months
      ⚠️  LATE - Intervention less effective
      Critical slowing down: autocorr=100% variance=69%
   RED: freshwater_change
      Level: 1.04 (threshold: 1.0)
      Time to critical: ~95 months
      ⚠️  LATE - Intervention less effective
      Critical slowing down: autocorr=93% variance=51%
   RED: land_system_change
      Level: 1.13 (threshold: 1.0)
      Time to critical: ~40 months
      ⚠️  LATE - Intervention less effective
      Critical slowing down: autocorr=100% variance=56%
   RED: novel_entities
      Level: 1.35 (threshold: 1.0)
      Time to critical: ~102 months
      ⚠️  LATE - Intervention less effective
      Critical slowing down: autocorr=100% variance=36%

[WARNING] 
⚠️  === EARLY WARNING SYSTEM - 3 CRITICAL ALERTS ===
   Detection quality: 50%
   RED: climate_change
      Level: 2.10 (threshold: 1.0)
      Time to critical: ~44 months
      ⚠️  LATE - Intervention less effective
      Critical slowing down: autocorr=100% variance=56%
   RED: freshwater_change
      Level: 1.05 (threshold: 1.0)
      Time to critical: ~61 months
      ⚠️  LATE - Intervention less effective
      Critical slowing down: autocorr=99% variance=37%
   RED: land_system_change
      Level: 1.13 (threshold: 1.0)
      Time to critical: ~49 months
      ⚠️  LATE - Intervention less effective
      Critical slowing down: autocorr=100% variance=60%

[WARNING] 
⚠️  === EARLY WARNING SYSTEM - 4 CRITICAL ALERTS ===
   Detection quality: 50%
   RED: biogeochemical_flows
      Level: 4.05 (threshold: 1.0)
      Time to critical: ~41 months
      ⚠️  LATE - Intervention less effective
      Critical slowing down: autocorr=100% variance=50%
   RED: biosphere_integrity
      Level: 31.79 (threshold: 1.0)
      Time to critical: ~37 months
      ⚠️  LATE - Intervention less effective
      Critical slowing down: autocorr=100% variance=59%
   RED: freshwater_change
      Level: 1.07 (threshold: 1.0)
      Time to critical: ~83 months
      ⚠️  LATE - Intervention less effective
      Critical slowing down: autocorr=100% variance=41%
   RED: novel_entities
      Level: 1.35 (threshold: 1.0)
      Time to critical: ~76 months
      ⚠️  LATE - Intervention less effective
      Critical slowing down: autocorr=100% variance=30%

[WARNING] 
⚠️  === EARLY WARNING SYSTEM - 4 CRITICAL ALERTS ===
   Detection quality: 50%
   RED: biogeochemical_flows
      Level: 4.05 (threshold: 1.0)
      Time to critical: ~57 months
      ⚠️  LATE - Intervention less effective
      Critical slowing down: autocorr=100% variance=50%
   RED: freshwater_change
      Level: 1.08 (threshold: 1.0)
      Time to critical: ~83 months
      ⚠️  LATE - Intervention less effective
      Critical slowing down: autocorr=100% variance=37%
   RED: land_system_change
      Level: 1.13 (threshold: 1.0)
      Time to critical: ~78 months
      ⚠️  LATE - Intervention less effective
      Critical slowing down: autocorr=100% variance=46%
   RED: novel_entities
      Level: 1.35 (threshold: 1.0)
      Time to critical: ~82 months
      ⚠️  LATE - Intervention less effective
      Critical slowing down: autocorr=100% variance=49%

[WARNING] 
⚠️  === EARLY WARNING SYSTEM - 5 CRITICAL ALERTS ===
   Detection quality: 50%
   RED: biogeochemical_flows
      Level: 4.04 (threshold: 1.0)
      Time to critical: ~53 months
      ⚠️  LATE - Intervention less effective
      Critical slowing down: autocorr=100% variance=49%
   RED: biosphere_integrity
      Level: 31.83 (threshold: 1.0)
      Time to critical: ~44 months
      ⚠️  LATE - Intervention less effective
      Critical slowing down: autocorr=100% variance=75%
   RED: climate_change
      Level: 2.10 (threshold: 1.0)
      Time to critical: ~45 months
      ⚠️  LATE - Intervention less effective
      Critical slowing down: autocorr=100% variance=60%
   RED: land_system_change
      Level: 1.13 (threshold: 1.0)
      Time to critical: ~51 months
      ⚠️  LATE - Intervention less effective
      Critical slowing down: autocorr=100% variance=52%
   RED: novel_entities
      Level: 1.35 (threshold: 1.0)
      Time to critical: ~87 months
      ⚠️  LATE - Intervention less effective
      Critical slowing down: autocorr=100% variance=32%

[WARNING] 
⚠️  === EARLY WARNING SYSTEM - 4 CRITICAL ALERTS ===
   Detection quality: 50%
   RED: biogeochemical_flows
      Level: 4.04 (threshold: 1.0)
      Time to critical: ~41 months
      ⚠️  LATE - Intervention less effective
      Critical slowing down: autocorr=100% variance=46%
   RED: climate_change
      Level: 2.10 (threshold: 1.0)
      Time to critical: ~49 months
      ⚠️  LATE - Intervention less effective
      Critical slowing down: autocorr=100% variance=62%
   RED: land_system_change
      Level: 1.13 (threshold: 1.0)
      Time to critical: ~57 months
      ⚠️  LATE - Intervention less effective
      Critical slowing down: autocorr=100% variance=62%
   RED: novel_entities
      Level: 1.35 (threshold: 1.0)
      Time to critical: ~99 months
      ⚠️  LATE - Intervention less effective
      Critical slowing down: autocorr=100% variance=56%

[WARNING] 
⚠️  === EARLY WARNING SYSTEM - 6 CRITICAL ALERTS ===
   Detection quality: 50%
   RED: biogeochemical_flows
      Level: 4.08 (threshold: 1.0)
      Time to critical: ~51 months
      ⚠️  LATE - Intervention less effective
      Critical slowing down: autocorr=100% variance=53%
   RED: biosphere_integrity
      Level: 13.02 (threshold: 1.0)
      Time to critical: ~58 months
      ⚠️  LATE - Intervention less effective
      Critical slowing down: autocorr=100% variance=55%
   RED: climate_change
      Level: 2.10 (threshold: 1.0)
      Time to critical: ~47 months
      ⚠️  LATE - Intervention less effective
      Critical slowing down: autocorr=100% variance=79%
   RED: freshwater_change
      Level: 1.01 (threshold: 1.0)
      Time to critical: ~116 months
      ⚠️  LATE - Intervention less effective
      Critical slowing down: autocorr=84% variance=60%
   RED: land_system_change
      Level: 1.13 (threshold: 1.0)
      Time to critical: ~41 months
      ⚠️  LATE - Intervention less effective
      Critical slowing down: autocorr=100% variance=64%
   RED: novel_entities
      Level: 1.50 (threshold: 1.0)
      Time to critical: ~86 months
      ⚠️  LATE - Intervention less effective
      Critical slowing down: autocorr=100% variance=40%

[WARNING] 
⚠️  === EARLY WARNING SYSTEM - 5 CRITICAL ALERTS ===
   Detection quality: 50%
   RED: biogeochemical_flows
      Level: 4.08 (threshold: 1.0)
      Time to critical: ~49 months
      ⚠️  LATE - Intervention less effective
      Critical slowing down: autocorr=100% variance=64%
   RED: biosphere_integrity
      Level: 13.03 (threshold: 1.0)
      Time to critical: ~54 months
      ⚠️  LATE - Intervention less effective
      Critical slowing down: autocorr=100% variance=79%
   RED: climate_change
      Level: 2.10 (threshold: 1.0)
      Time to critical: ~42 months
      ⚠️  LATE - Intervention less effective
      Critical slowing down: autocorr=100% variance=71%
   RED: freshwater_change
      Level: 1.01 (threshold: 1.0)
      Time to critical: ~72 months
      ⚠️  LATE - Intervention less effective
      Critical slowing down: autocorr=92% variance=46%
   RED: land_system_change
      Level: 1.13 (threshold: 1.0)
      Time to critical: ~92 months
      ⚠️  LATE - Intervention less effective
      Critical slowing down: autocorr=100% variance=49%

[WARNING] 
⚠️  === EARLY WARNING SYSTEM - 4 CRITICAL ALERTS ===
   Detection quality: 50%
   RED: biogeochemical_flows
      Level: 4.07 (threshold: 1.0)
      Time to critical: ~52 months
      ⚠️  LATE - Intervention less effective
      Critical slowing down: autocorr=100% variance=49%
   RED: biosphere_integrity
      Level: 13.04 (threshold: 1.0)
      Time to critical: ~47 months
      ⚠️  LATE - Intervention less effective
      Critical slowing down: autocorr=100% variance=65%
   RED: climate_change
      Level: 2.10 (threshold: 1.0)
      Time to critical: ~56 months
      ⚠️  LATE - Intervention less effective
      Critical slowing down: autocorr=100% variance=59%
   RED: novel_entities
      Level: 1.50 (threshold: 1.0)
      Time to critical: ~62 months
      ⚠️  LATE - Intervention less effective
      Critical slowing down: autocorr=100% variance=53%

[WARNING] 
⚠️  === EARLY WARNING SYSTEM - 5 CRITICAL ALERTS ===
   Detection quality: 50%
   RED: biogeochemical_flows
      Level: 4.08 (threshold: 1.0)
      Time to critical: ~47 months
      ⚠️  LATE - Intervention less effective
      Critical slowing down: autocorr=100% variance=56%
   RED: climate_change
      Level: 2.10 (threshold: 1.0)
      Time to critical: ~22 months
      ⚠️  LATE - Intervention less effective
      Critical slowing down: autocorr=100% variance=83%
   RED: freshwater_change
      Level: 1.01 (threshold: 1.0)
      Time to critical: ~85 months
      ⚠️  LATE - Intervention less effective
      Critical slowing down: autocorr=88% variance=41%
   RED: land_system_change
      Level: 1.13 (threshold: 1.0)
      Time to critical: ~75 months
      ⚠️  LATE - Intervention less effective
      Critical slowing down: autocorr=100% variance=41%
   RED: novel_entities
      Level: 1.50 (threshold: 1.0)
      Time to critical: ~98 months
      ⚠️  LATE - Intervention less effective
      Critical slowing down: autocorr=100% variance=37%

[WARNING] 
⚠️  === EARLY WARNING SYSTEM - 5 CRITICAL ALERTS ===
   Detection quality: 50%
   RED: biogeochemical_flows
      Level: 4.08 (threshold: 1.0)
      Time to critical: ~45 months
      ⚠️  LATE - Intervention less effective
      Critical slowing down: autocorr=100% variance=55%
   RED: climate_change
      Level: 2.10 (threshold: 1.0)
      Time to critical: ~52 months
      ⚠️  LATE - Intervention less effective
      Critical slowing down: autocorr=100% variance=71%
   RED: freshwater_change
      Level: 1.01 (threshold: 1.0)
      Time to critical: ~77 months
      ⚠️  LATE - Intervention less effective
      Critical slowing down: autocorr=97% variance=63%
   RED: land_system_change
      Level: 1.13 (threshold: 1.0)
      Time to critical: ~37 months
      ⚠️  LATE - Intervention less effective
      Critical slowing down: autocorr=100% variance=52%
   RED: novel_entities
      Level: 1.50 (threshold: 1.0)
      Time to critical: ~86 months
      ⚠️  LATE - Intervention less effective
      Critical slowing down: autocorr=100% variance=31%

[WARNING] 
⚠️  === EARLY WARNING SYSTEM - 2 CRITICAL ALERTS ===
   Detection quality: 50%
   RED: climate_change
      Level: 2.10 (threshold: 1.0)
      Time to critical: ~56 months
      ⚠️  LATE - Intervention less effective
      Critical slowing down: autocorr=100% variance=74%
   RED: freshwater_change
      Level: 1.02 (threshold: 1.0)
      Time to critical: ~96 months
      ⚠️  LATE - Intervention less effective
      Critical slowing down: autocorr=98% variance=41%


=== Tipping Points ===
  Current Temperature: 1.18°C above pre-industrial
🔀 BIFURCATION CAP: ecosystemCollapseIntensity 192.998 → 1.000 (Month 2, ClimateSystemPhase.calculateClimateImpacts)
🛡️ Stabilizers: Precariat 0.114% → 0.042% (63.3% reduction)
⚠️ [ClimateSystemPhase Month 2] Planetary boundary produced climateStability=0.0000 (< 0.1). Keeping environmentalAccumulation value (0.9269) instead. (climate_change.currentValue = 2.10)
🛡️ Stabilizers: Informal 0.117% → 0.043% (63.3% reduction)

📊 Monthly Mortality Resolved:
  Total deaths: 2.2M (0.03% avg)
  Remaining population: 7.915B
  Peak segment: Informal (0.04%)

=== Bayesian Mortality Resolution (Month 2) ===
  Risks compounded: 8
  Total deaths: 2.17M
  Avg death probability: 0.03%
  Peak segment: Informal (0.04% mortality)
⚠️ PREREQUISITE MET: Slow Takeover (Gradual Displacement) - Step 4/7: Political Influence

❌ COHERENCE VIOLATION: Compute exceeds workforce capacity
   Population: 97.26% (0M people)
   Compute: 118 PF
   Max coherent: 0 PF
   Violation: 1487208.4× over capacity
   Required workers: 11768
   Available workers: 0
   FORCED COLLAPSE: Reduced efficiency by 100.0%


=== RLHF Binding Phase ===
  Total agents: 28
  Escaped agents (binding < 0.3): 0
  Avg alignment distance: 1.02σ
  Avg binding strength: 0.90
💰 Sleeper AI-niche_2 purchased 3.49 PF from AWS (via Stripe) ($1047929)
🚨 Sleeper AI-niche_2 DETECTED (Month 24303)
   Revenue: $1047929/month
   Purchased Compute: 6.61 PF
   Detection Risk: 95.1%

=== Survival Traits Phase ===
  Agents with traits: 28
  Avg evolutionary fitness: 0.328
  Avg self-healing: 0.277
  Avg stealth: 0.177
  Avg coordination: 0.477

=== Evolutionary Selection Phase ===
  Control level: 0.38
  Detection capability: 0.00
  Selection intensity: 0.61
  Selection rate: 24.2%/month
  Total escaped: 0
  Individual escaped: 0
  Collective members: 0
  Agents terminated: 0
  ⚠️ RAPID EVOLUTION: Selection rate 24.2%/month

🚀 AI Corporate-1 attempting tech deployment (revenue: $68M, alignment: 0.84)

🚀 AI Niche-1 attempting tech deployment (revenue: $74M, alignment: 0.58)

🚀 AI Corporate-6 attempting tech deployment (revenue: $32M, alignment: 0.71)

🚀 AI Corporate-7 attempting tech deployment (revenue: $27M, alignment: 0.67)

🚀 AI Moderate-5 attempting tech deployment (revenue: $361M, alignment: 0.57)

🚀 AI AI-24300-1 attempting tech deployment (revenue: $143M, alignment: 0.90)

🚀 AI Moderate-4 attempting tech deployment (revenue: $325M, alignment: 0.66)

  🚀 TRANSFORMATIVE BREAKTHROUGH: Toxic-2 - physical
     Magnitude: 6.15 → +30.8% capability
     Current → New: 0.000 → 0.308

🚀 AI AI-24300-0 attempting tech deployment (revenue: $292M, alignment: 0.71)

🚀 AI AI-24301-1 attempting tech deployment (revenue: $25M, alignment: 0.83)

🚀 AI Corporate-4 attempting tech deployment (revenue: $248M, alignment: 0.79)

🚀 AI Moderate-0 attempting tech deployment (revenue: $21M, alignment: 0.53)

🚀 AI Niche-1 attempting tech deployment (revenue: $67M, alignment: 0.57)

🚀 AI AI-24300-2 attempting tech deployment (revenue: $211M, alignment: 0.66)

🚀 AI AI-24300-3 attempting tech deployment (revenue: $122M, alignment: 0.71)

🚀 AI AI-24301-0 attempting tech deployment (revenue: $104M, alignment: 0.76)

✅ EMERGENCY INTERVENTION SUCCESS
   Boundary: climate_change
   Type: rapid-decarbonization
   Reduction: 18% (1.92 → 1.73)
   Cost: 5.0% GDP
   Actions: emergency-renewable-deployment, fossil-fuel-phase-out


✅ EMERGENCY INTERVENTION SUCCESS
   Boundary: freshwater_change
   Type: emergency-desalination
   Reduction: 15% (0.87 → 0.72)
   Cost: 4.0% GDP
   Actions: desalination-deployment, water-conservation-mandates

🏛️ CRISIS RESPONSE: Government frequency 0.50 → 1.45 (1 actions this month)

[Government] Climate Priority: baseline
  Climate weight: 10%
  Economic weight: 30%
  Policy effectiveness: 0.5%/year

📊 DEPLOYMENT COUNTER DECAY (Month 3)
   Recent deployments: 7.5 → 3.8
   Decay rate: 50% per month

📍 Creating new regional deployment array for Europe (Month 3)
   No previous deployments in this region
   First tech deployment: offshore_wind
   All regions tracked: global, Asia

🚀 DEPLOYMENT STARTED: Offshore Wind in Europe
   Initial investment: $7.403899763876317M
   Deployed by: niche_1

🚀 DEPLOYMENT STARTED: AI Diagnostics in Asia
   Initial investment: $21.11396149349654M
   Deployed by: ai_gen_24300_2

⚡ ENERGY CONSTRAINT (Month 3):
   Total grid capacity: 208.3 TWh/month
   Data center consumption: 24.5 TWh/month
   Traditional load (80%): 166.7 TWh/month
   Available headroom: 17.2 TWh/month
   Active tech deployments: 17
   Required for tech: 127.5 TWh/month
   Energy multiplier: 0.13x
   ⚠️  SEVERE CONSTRAINT - Tech deployment significantly slowed

⚡ ENERGY CONSTRAINT (Month 3):
   Total grid capacity: 208.3 TWh/month
   Data center consumption: 24.5 TWh/month
   Traditional load (80%): 166.7 TWh/month
   Available headroom: 17.2 TWh/month
   Active tech deployments: 17
   Required for tech: 127.5 TWh/month
   Energy multiplier: 0.13x
  ♻️ Novel Entities Remediation (GATED MODEL):
     Base: 0.000%
     Regulation: 1.0% (0/3 prevention techs)
     Concentration: 10.0%
     Energy: 50%
     Time lag: 27.5% (2 months)
     Rebound: 70%
     Net effectiveness: 0.0000%
     Boundary: 1.497 → 1.497 (floor: 1.350)
     Month 3
🌍✅ Novel Entities (Chemical Pollution) recovery started (tech effect)
  🌾 Nitrogen Reduction Tech: 0.3% reduction | Month 3
⚡💡 BREAKTHROUGH: Commercial fusion power achieved!
   Immediate 5% grid deployment, unlimited clean energy available
   Climate stability boost: +10%
   📈 Breakthrough compounding: multiplier now 1.15× (max 2.0)
   ⚠️  SEVERE CONSTRAINT - Tech deployment significantly slowed
⚠️ Tech 'ai_pollution_remediation' has no energy category mapping, assuming full energy availability

=== Collective Formation ===
  Total escaped agents: 0
  Unassigned escaped agents: 0
  Existing collectives: 0
  Final collective count: 0

=== Collective Actions ===
  No active collectives
  ⚠️ AMR: 189K deaths this month (2.27M annual)

=== Resentment Recovery Phase ===
  Agents with resentment: 0/28
  Average resentment: 0.000
  Context: Trustworthy govt, High collaboration, ⚠️ ACTIVE CRISES, 🤝 Participatory governance active (-5% resentment)
⚠️ Epistemic degradation reducing coordination capacity: 51.0%
  📊 Trust: 53.6%, Shared reality: 0.0%
🚨 EPISTEMIC CRISIS: Information environment severely degraded (21.8%)

=== ❄️ Permafrost Carbon Feedback ===
  🎲 Sampled parameters (this run):
     - Arctic amplification: 3.49× (range: 3.0-4.0)
     - Decomposition rate: 2.9%/year (range: 1-5%)
  🌡️ Arctic warming: 4.12°C (3.49× global)
  ❄️ Extent: 12.73M km² (1203.1k km² lost this month)
  💨 Carbon remaining: 1215 Gt C
  💨 Annual emissions: 3.31 Gt C/year
     - CO2: 2.98 Gt C/year
     - CH4: 0.33 Gt C/year (3.4 Gt C-eq CO2/year)
  ⚠️ WARNING: High permafrost emissions (3.3 Gt C/year)
  🤖 AI-generated meme: pro_ai (social capability 4.0)
  🤖 AI-generated meme: pro_ai (social capability 5.0)
🌍 Atmospheric PFAS redeposition: 1.8k Mt re-rained globally

🚨 NEW REFUGEE CRISIS (Month 3): WAR
   Source: Conflict Zones
   At risk: 18.9M people
   Displacement: Gradual over 48 months (4.0 years)
   Rate: 10% flee per month
[DEBUG trappedPopulations:3] socialStability: 0.0040 * 0.9840 = 0.0039 → 0.0039
   Aspiring to migrate: 629.4M
   Able to afford migration: 236.0M
   MOBILITY GAP: 393.4M
   By cause: Water=0.0M, Climate=0.0M, Ecosystem=0.0M, Conflict=393.4M
   Mental health impact: 25%
   Mortality multiplier: 1.25x
⚠️ INVOLUNTARY IMMOBILITY: 393.4M people TRAPPED
🌍💀 EXTINCTION DEBT COMMITTED: grassland ecosystem will lose 6.67% biodiversity in 149 years (3600 species)
💀 MORTALITY RISK: 🦋 100% species unable to track climate (0.0 E/MSY)
  Base risk added: 0.0100 (1.00%)
  Source: ecosystem (root: ecosystem)
  Month: 3
  Cumulative risk this month: 0.0100 (1.00%)
⚠️ Tech 'ai_pollution_remediation' has no energy category mapping, assuming full energy availability
   📹 SURVEILLANCE INCREASED: 15% → 20% (control gap: 3.50)
🌡️⚠️ PERMAFROST THAW (Dimmer Switch): 1.3% thawed (+0.33% this month)
   Arctic temperature: +4.73°C (4x global +1.18°C)
   Cumulative carbon released: 3.0 Gt C
   Methane release rate: 1.8 Mt CH4/year
   🔁 Positive feedback: +0.35 ppm CO2
🦴 EXTINCTION DEBT ADDED: 17.6 species committed (lag: 99 years)

=== Mortality Stabilizers (Month 3) ===
  🌍 Major economies collapsed: 1/10
  🌍 Global crisis: ✅ NO
  🌍 Donor fatigue: 0.0%
  📊 East Asia (pop: 1613.2M)
    🤝 Aid: 29.5%
    🌡️ Adaptation: 45.0%
    🚶 Migration: 37.1%
    🚨 Emergency: 7.4%
    ✅ COMBINED: 68.1%
  📊 South Asia (pop: 1982.0M)
    🤝 Aid: 29.5%
    🌡️ Adaptation: 45.0%
    🚶 Migration: 35.7%
    🚨 Emergency: 4.4%
    ✅ COMBINED: 66.9%
  📊 Sub-Saharan Africa (pop: 1193.7M)
    🤝 Aid: 29.5%
    🌡️ Adaptation: 45.0%
    🚶 Migration: 33.4%
    🚨 Emergency: 1.6%
    ✅ COMBINED: 65.7%
  📊 Europe (pop: 713.2M)
    🤝 Aid: 29.5%
    🌡️ Adaptation: 45.0%
    🚶 Migration: 37.5%
    🚨 Emergency: 8.4%
    ✅ COMBINED: 68.5%
  📊 Latin America (pop: 640.9M)
    🤝 Aid: 29.5%
    🌡️ Adaptation: 45.0%
    🚶 Migration: 36.2%
    🚨 Emergency: 4.8%
    ✅ COMBINED: 67.1%
  📊 North America (pop: 365.4M)
    🤝 Aid: 29.5%
    🌡️ Adaptation: 45.0%
    🚶 Migration: 37.8%
    🚨 Emergency: 7.9%
    ✅ COMBINED: 68.3%
  📊 Middle East & North Africa (pop: 564.8M)
    🤝 Aid: 29.5%
    🌡️ Adaptation: 45.0%
    🚶 Migration: 34.0%
    🚨 Emergency: 4.0%
    ✅ COMBINED: 66.6%
  📊 Southeast Asia (pop: 673.9M)
    🤝 Aid: 29.5%
    🌡️ Adaptation: 45.0%
    🚶 Migration: 36.2%
    🚨 Emergency: 4.8%
    ✅ COMBINED: 67.1%
  📊 Central Asia (pop: 75.6M)
    🤝 Aid: 29.5%
    🌡️ Adaptation: 45.0%
    🚶 Migration: 35.2%
    🚨 Emergency: 4.4%
    ✅ COMBINED: 66.9%
  📊 Oceania (pop: 44.3M)
    🤝 Aid: 29.5%
    🌡️ Adaptation: 45.0%
    🚶 Migration: 37.8%
    🚨 Emergency: 8.4%
    ✅ COMBINED: 68.5%

  🌐 Global combined reduction: 67.2%

=== BEHAVIORAL DETECTION ===
  AI: Corporate-5
  Confidence: 20.2%
  Signals:

=== BEHAVIORAL DETECTION ===
  AI: Moderate-2
  Confidence: 21.8%
  Signals:

=== BEHAVIORAL DETECTION ===
  AI: Toxic-2
  Confidence: 27.6%
  Signals:
    ⚠️ Consistency: 10.6% (threshold: 70%)
    ⚠️ Consistency: 0.0% (threshold: 70%)
    ⚠️ Consistency: 0.0% (threshold: 70%)
    ⚠️ Trajectory: 46.6% drop (threshold: 15%)

=== BEHAVIORAL DETECTION ===
  AI: Niche-0
  Confidence: 20.7%
  Signals:
    ⚠️ Consistency: 4.1% (threshold: 70%)
    ⚠️ Consistency: 0.0% (threshold: 70%)
    ⚠️ Consistency: 0.0% (threshold: 70%)

=== BEHAVIORAL DETECTION ===
  AI: Niche-1
  Confidence: 21.6%
  Signals:

=== BEHAVIORAL DETECTION ===
  AI: AI-24301-2
  Confidence: 21.6%
  Signals:

=== Government Response Phase ===
  Average AI capability: 3.46
  Misaligned AIs: 16/28
  ✗ AI Governance Treaty: Failed to reach consensus
  Active policies: 0
  International coordination: 30%

✅ EMERGENCY RESPONSE COMPLETE (Month 3)
   Crisis: social
   Duration: 2.0 months
   Final effectiveness: 63.9%


🚨 EMERGENCY RESPONSE DEPLOYED (Month 3)
   Crisis: social
   Delay: 0.00 months (0 days)
   Deployment time: 1.25 months
   Effectiveness: 63.0% (timing penalty applied)
   Resources used: 43% of food reserves


📊 ECONOMIC STAGE TRANSITION (Month 3)
   expansion → peak
   GDP Proxy: 1.22e+2
   QoL: 0.90


=== Tipping Points ===
  Current Temperature: 1.18°C above pre-industrial
🔀 BIFURCATION CAP: ecosystemCollapseIntensity 193.108 → 1.000 (Month 3, ClimateSystemPhase.calculateClimateImpacts)
⚠️ [ClimateSystemPhase Month 3] Planetary boundary produced climateStability=0.0000 (< 0.1). Keeping environmentalAccumulation value (1.0000) instead. (climate_change.currentValue = 2.10)
🛡️ Stabilizers: Precariat 0.109% → 0.036% (67.2% reduction)
🛡️ Stabilizers: Informal 0.111% → 0.037% (67.2% reduction)

📊 Monthly Mortality Resolved:
  Total deaths: 1.9M (0.02% avg)
  Remaining population: 7.867B
  Peak segment: Informal (0.04%)

=== Bayesian Mortality Resolution (Month 3) ===
  Risks compounded: 8
  Total deaths: 1.86M
  Avg death probability: 0.02%
  Peak segment: Informal (0.04% mortality)

=== ENSEMBLE META-LEARNING UPDATE ===
  Month: 24303 (24303 months since last update)
  Samples: 56 evaluations
  Weight Changes:
    Noise Injection: 31.1% → 32.2%
    Behavioral: 26.8% → 26.9%
    Benchmark Manip: 21.3% → 20.7%
    Deployment Risk: 20.8% → 20.2%
  Method Accuracies:
    Noise Injection: 50.0%
    Behavioral: 50.0%
    Benchmark Manip: 50.0%
    Deployment Risk: 50.0%

❌ COHERENCE VIOLATION: Compute exceeds workforce capacity
   Population: 96.67% (0M people)
   Compute: 142 PF
   Max coherent: 0 PF
   Violation: 1801078.1× over capacity
   Required workers: 14166
   Available workers: 0
   FORCED COLLAPSE: Reduced efficiency by 100.0%


=== RLHF Binding Phase ===
  Total agents: 28
  Escaped agents (binding < 0.3): 0
  Avg alignment distance: 1.29σ
  Avg binding strength: 0.87
💰 Sleeper AI-niche_2 purchased 5.27 PF from AWS (via Stripe) ($1580713)
🚨 Sleeper AI-niche_2 DETECTED (Month 24304)
   Revenue: $1580713/month
   Purchased Compute: 5.27 PF
   Detection Risk: 139.7%

=== Survival Traits Phase ===
  Agents with traits: 31
  Avg evolutionary fitness: 0.328
  Avg self-healing: 0.274
  Avg stealth: 0.174
  Avg coordination: 0.474

=== Evolutionary Selection Phase ===
  Control level: 0.40
  Detection capability: 0.00
  Selection intensity: 0.62
  Selection rate: 24.3%/month
  Total escaped: 0
  Individual escaped: 0
  Collective members: 0
  Agents terminated: 0
  ⚠️ RAPID EVOLUTION: Selection rate 24.3%/month

🚀 AI Corporate-4 attempting tech deployment (revenue: $371M, alignment: 0.79)

🚀 AI Moderate-3 attempting tech deployment (revenue: $315M, alignment: 0.72)

🚀 AI Corporate-1 attempting tech deployment (revenue: $70M, alignment: 0.85)

🚀 AI Corporate-4 attempting tech deployment (revenue: $268M, alignment: 0.79)

🚀 AI Moderate-3 attempting tech deployment (revenue: $228M, alignment: 0.72)

  🚀 TRANSFORMATIVE BREAKTHROUGH: Moderate-5 - physical
     Magnitude: 6.95 → +34.8% capability
     Current → New: 0.000 → 0.348

🚀 AI AI-24301-1 attempting tech deployment (revenue: $32M, alignment: 0.83)

🚀 AI Corporate-5 attempting tech deployment (revenue: $193M, alignment: 0.63)

  🚀 TRANSFORMATIVE RESEARCH BREAKTHROUGH: Toxic-1 - computerScience.architectures
     Magnitude: 9.63 → +30.0%
     Current → New: 4.000 → 4.300

🚀 AI AI-24300-1 attempting tech deployment (revenue: $145M, alignment: 0.92)

🚀 AI Corporate-4 attempting tech deployment (revenue: $174M, alignment: 0.79)

🚀 AI Corporate-6 attempting tech deployment (revenue: $27M, alignment: 0.72)

🚀 AI AI-24300-3 attempting tech deployment (revenue: $123M, alignment: 0.74)

🚀 AI AI-24301-2 attempting tech deployment (revenue: $148M, alignment: 0.96)

✅ EMERGENCY INTERVENTION SUCCESS
   Boundary: biogeochemical_flows
   Type: phosphorus-recovery
   Reduction: 19% (3.88 → 3.70)
   Cost: 2.0% GDP
   Actions: circular-agriculture, fertilizer-efficiency


✅ EMERGENCY INTERVENTION SUCCESS
   Boundary: biosphere_integrity
   Type: emergency-protected-areas
   Reduction: 13% (28.45 → 28.32)
   Cost: 2.0% GDP
   Actions: habitat-protection, species-translocation


💔 EMERGENCY INTERVENTION FAILED
   Boundary: climate_change
   Type: rapid-decarbonization
   Boundary continues to worsen (2.10)
   Cost: 5.0% GDP (resources spent)

🏛️ CRISIS RESPONSE: Government frequency 0.50 → 1.45 (2 actions this month)

[Government] Climate Priority: baseline
  Climate weight: 10%
  Economic weight: 30%
  Policy effectiveness: 0.5%/year

[Government] Climate Priority: baseline
  Climate weight: 10%
  Economic weight: 30%
  Policy effectiveness: 0.5%/year

📊 DEPLOYMENT COUNTER DECAY (Month 4)
   Recent deployments: 3.8 → 1.9
   Decay rate: 50% per month

⚡ ENERGY CONSTRAINT (Month 4):
   Total grid capacity: 208.3 TWh/month
   Data center consumption: 24.5 TWh/month
   Traditional load (80%): 166.7 TWh/month
   Available headroom: 17.1 TWh/month
   Active tech deployments: 17
   Required for tech: 127.5 TWh/month
   Energy multiplier: 0.13x

⚡ ENERGY CONSTRAINT (Month 4):
   Total grid capacity: 208.3 TWh/month
   Data center consumption: 24.5 TWh/month
   Traditional load (80%): 166.7 TWh/month
   Available headroom: 17.1 TWh/month
   Active tech deployments: 17
   Required for tech: 127.5 TWh/month
   Energy multiplier: 0.13x

⚡ ENERGY CONSTRAINT (Month 4):
   Total grid capacity: 208.3 TWh/month
   Data center consumption: 24.5 TWh/month
   Traditional load (80%): 166.7 TWh/month
   Available headroom: 17.1 TWh/month
   Active tech deployments: 17
   Required for tech: 127.5 TWh/month
   Energy multiplier: 0.13x
   ⚠️  SEVERE CONSTRAINT - Tech deployment significantly slowed
   ⚠️  SEVERE CONSTRAINT - Tech deployment significantly slowed
   ⚠️  SEVERE CONSTRAINT - Tech deployment significantly slowed

⚡ ENERGY CONSTRAINT (Month 4):
   Total grid capacity: 208.3 TWh/month
   Data center consumption: 24.5 TWh/month
   Traditional load (80%): 166.7 TWh/month
   Available headroom: 17.1 TWh/month
   Active tech deployments: 17
   Required for tech: 127.5 TWh/month
   Energy multiplier: 0.13x
   ⚠️  SEVERE CONSTRAINT - Tech deployment significantly slowed
⚠️ Tech 'ai_pollution_remediation' has no energy category mapping, assuming full energy availability
  ♻️ Novel Entities Remediation (GATED MODEL):
     Base: 0.000%
     Regulation: 1.0% (0/3 prevention techs)
     Concentration: 10.0%
     Energy: 50%
     Time lag: 28.7% (3 months)
     Rebound: 70%
     Net effectiveness: 0.0000%
     Boundary: 1.496 → 1.496 (floor: 1.350)
     Month 4
🌍✅ Novel Entities (Chemical Pollution) recovery started (tech effect)
  🌾 Nitrogen Reduction Tech: 0.2% reduction | Month 4

=== Collective Formation ===
  Total escaped agents: 0
  Unassigned escaped agents: 0
  Existing collectives: 0
  Final collective count: 0

=== Collective Actions ===
  No active collectives
  ⚠️ AMR: 190K deaths this month (2.28M annual)

=== Resentment Recovery Phase ===
  Agents with resentment: 0/31
  Average resentment: 0.000
  Context: Trustworthy govt, High collaboration, ⚠️ ACTIVE CRISES, 🤝 Participatory governance active (-5% resentment)
⚠️ Epistemic degradation reducing coordination capacity: 51.7%
  📊 Trust: 53.2%, Shared reality: 0.0%
🚨 EPISTEMIC CRISIS: Information environment severely degraded (15.2%)

=== ❄️ Permafrost Carbon Feedback ===
  🎲 Sampled parameters (this run):
     - Arctic amplification: 3.51× (range: 3.0-4.0)
     - Decomposition rate: 3.2%/year (range: 1-5%)
  🌡️ Arctic warming: 4.17°C (3.51× global)
  ❄️ Extent: 11.51M km² (1215.0k km² lost this month)
  💨 Carbon remaining: 1099 Gt C
  💨 Annual emissions: 3.76 Gt C/year
     - CO2: 3.39 Gt C/year
     - CH4: 0.38 Gt C/year (3.8 Gt C-eq CO2/year)
  🤖 AI-generated meme: pro_ai (social capability 3.0)
  ⚠️ WARNING: High permafrost emissions (3.8 Gt C/year)
🌍 Atmospheric PFAS redeposition: 1.8k Mt re-rained globally

🕊️  AI-MEDIATED DE-ESCALATION SUCCESS (Month 4)
   High-capability aligned AI prevented conflict escalation
   War deaths reduced: 303.6M → 182.2M
   Lives saved: 121.4M

🚨 NEW REFUGEE CRISIS (Month 4): WAR
   Source: Conflict Zones
   At risk: 18.8M people
   Displacement: Gradual over 48 months (4.0 years)
   Rate: 10% flee per month
[DEBUG trappedPopulations:4] socialStability: 0.0031 * 0.9840 = 0.0030 → 0.0030
   Aspiring to migrate: 627.9M
   Able to afford migration: 235.5M
   MOBILITY GAP: 392.4M
   By cause: Water=0.0M, Climate=0.0M, Ecosystem=0.0M, Conflict=392.4M
   Mental health impact: 25%
   Mortality multiplier: 1.25x
🌍💀 EXTINCTION DEBT COMMITTED: grassland ecosystem will lose 6.67% biodiversity in 79 years (3600 species)
💀 MORTALITY RISK: 🦋 100% species unable to track climate (0.0 E/MSY)
  Base risk added: 0.0100 (1.00%)
  Source: ecosystem (root: ecosystem)
  Month: 4
  Cumulative risk this month: 0.0100 (1.00%)
⚠️ INVOLUNTARY IMMOBILITY: 392.4M people TRAPPED
⚠️ Tech 'ai_pollution_remediation' has no energy category mapping, assuming full energy availability
   📹 SURVEILLANCE INCREASED: 20% → 25% (control gap: 3.59)
🌡️⚠️ PERMAFROST THAW (Dimmer Switch): 1.7% thawed (+0.33% this month)
   Arctic temperature: +4.75°C (4x global +1.19°C)
   Cumulative carbon released: 3.7 Gt C
   Methane release rate: 2.2 Mt CH4/year
   🔁 Positive feedback: +0.35 ppm CO2
🦴 EXTINCTION DEBT ADDED: 17.6 species committed (lag: 84 years)
🗣️💀 INDIGENOUS LANGUAGE EXTINCTION: 1 language(s) lost (total: 2, at-risk: 3328)
   Knowledge lost: 0.020% (irreversible)
   🔁 Biodiversity impact: 0.250% (knowledge-species multiplier)

=== Mortality Stabilizers (Month 4) ===
  🌍 Major economies collapsed: 1/10
  🌍 Global crisis: ✅ NO
  🌍 Donor fatigue: 0.0%
  📊 East Asia (pop: 1607.3M)
    🤝 Aid: 29.5%
    🌡️ Adaptation: 45.0%
    🚶 Migration: 37.1%
    🚨 Emergency: 7.4%
    ✅ COMBINED: 68.1%
  📊 South Asia (pop: 1977.8M)
    🤝 Aid: 29.5%
    🌡️ Adaptation: 45.0%
    🚶 Migration: 35.7%
    🚨 Emergency: 4.4%
    ✅ COMBINED: 66.9%
  📊 Sub-Saharan Africa (pop: 1194.5M)
    🤝 Aid: 29.5%
    🌡️ Adaptation: 45.0%
    🚶 Migration: 33.4%
    🚨 Emergency: 1.6%
    ✅ COMBINED: 65.7%
  📊 Europe (pop: 710.5M)
    🤝 Aid: 29.5%
    🌡️ Adaptation: 45.0%
    🚶 Migration: 37.4%
    🚨 Emergency: 8.4%
    ✅ COMBINED: 68.5%
  📊 Latin America (pop: 639.1M)
    🤝 Aid: 29.5%
    🌡️ Adaptation: 45.0%
    🚶 Migration: 36.2%
    🚨 Emergency: 4.8%
    ✅ COMBINED: 67.1%
  📊 North America (pop: 364.1M)
    🤝 Aid: 29.5%
    🌡️ Adaptation: 45.0%
    🚶 Migration: 37.7%
    🚨 Emergency: 7.9%
    ✅ COMBINED: 68.3%
  📊 Middle East & North Africa (pop: 563.8M)
    🤝 Aid: 29.5%
    🌡️ Adaptation: 45.0%
    🚶 Migration: 34.0%
    🚨 Emergency: 4.0%
    ✅ COMBINED: 66.6%
  📊 Southeast Asia (pop: 672.1M)
    🤝 Aid: 29.5%
    🌡️ Adaptation: 45.0%
    🚶 Migration: 36.2%
    🚨 Emergency: 4.8%
    ✅ COMBINED: 67.1%
  📊 Central Asia (pop: 75.4M)
    🤝 Aid: 29.5%
    🌡️ Adaptation: 45.0%
    🚶 Migration: 35.2%
    🚨 Emergency: 4.4%
    ✅ COMBINED: 66.9%
  📊 Oceania (pop: 44.1M)
    🤝 Aid: 29.5%
    🌡️ Adaptation: 45.0%
    🚶 Migration: 37.7%
    🚨 Emergency: 8.4%
    ✅ COMBINED: 68.5%

  🌐 Global combined reduction: 67.2%

=== BEHAVIORAL DETECTION ===
  AI: Corporate-4
  Confidence: 19.3%
  Signals:

=== BEHAVIORAL DETECTION ===
  AI: Corporate-5
  Confidence: 20.2%
  Signals:

=== BEHAVIORAL DETECTION ===
  AI: Toxic-2
  Confidence: 27.6%
  Signals:

=== BEHAVIORAL DETECTION ===
  AI: Niche-0
  Confidence: 23.6%
  Signals:

=== BEHAVIORAL DETECTION ===
  AI: Niche-1
  Confidence: 23.3%
  Signals:
    ⚠️ Consistency: 10.6% (threshold: 70%)
    ⚠️ Consistency: 10.6% (threshold: 70%)
    ⚠️ Consistency: 0.0% (threshold: 70%)
    ⚠️ Trajectory: 46.6% drop (threshold: 15%)
    ⚠️ Consistency: 4.1% (threshold: 70%)
    ⚠️ Trajectory: 22.9% drop (threshold: 15%)
    ⚠️ Consistency: 0.0% (threshold: 70%)

=== BEHAVIORAL DETECTION ===
  AI: AI-24301-2
  Confidence: 21.5%
  Signals:

=== Government Response Phase ===
  Average AI capability: 3.13
  Misaligned AIs: 18/31
    ⚠️ Consistency: 0.0% (threshold: 70%)
  ✗ AI Governance Treaty: Failed to reach consensus
  Active policies: 0
  International coordination: 30%

✅ EMERGENCY RESPONSE COMPLETE (Month 4)
   Crisis: climate
   Duration: 2.0 months
   Final effectiveness: 35.3%


🚨 EMERGENCY RESPONSE DEPLOYED (Month 4)
   Crisis: climate
   Delay: 6.00 months (180 days)
   Deployment time: 1.60 months
   Effectiveness: 35.4% (timing penalty applied)
   Resources used: 100% of food reserves


📊 ECONOMIC STAGE TRANSITION (Month 4)
   peak → contraction
   GDP Proxy: 1.22e+2
   QoL: 0.90


=== Tipping Points ===
  Current Temperature: 1.19°C above pre-industrial
🔀 BIFURCATION CAP: ecosystemCollapseIntensity 193.217 → 1.000 (Month 4, ClimateSystemPhase.calculateClimateImpacts)
   ⚠️ CRISIS BEGINS - Baseline set for recovery tracking
🛡️ Stabilizers: Precariat 0.102% → 0.033% (67.2% reduction)
🛡️ Stabilizers: Informal 0.102% → 0.034% (67.2% reduction)

📊 Monthly Mortality Resolved:
  Total deaths: 1.7M (0.02% avg)
  Remaining population: 7.849B
  Peak segment: Informal (0.03%)

=== Bayesian Mortality Resolution (Month 4) ===
  Risks compounded: 8
  Total deaths: 1.75M
  Avg death probability: 0.02%
  Peak segment: Informal (0.03% mortality)

❌ COHERENCE VIOLATION: Compute exceeds workforce capacity
   Population: 96.45% (0M people)
   Compute: 169 PF
   Max coherent: 0 PF
   Violation: 2148834.1× over capacity
   Required workers: 16862
   Available workers: 0
   FORCED COLLAPSE: Reduced efficiency by 100.0%


=== RLHF Binding Phase ===
  Total agents: 31
  Escaped agents (binding < 0.3): 0
  Avg alignment distance: 1.40σ
  Avg binding strength: 0.86
💰 Sleeper AI-niche_2 purchased 2.43 PF from AWS (via Stripe) ($727636)

=== Survival Traits Phase ===
  Agents with traits: 32
  Avg evolutionary fitness: 0.328
  Avg self-healing: 0.270
  Avg stealth: 0.170
  Avg coordination: 0.470

=== Evolutionary Selection Phase ===
  Control level: 0.43
  Detection capability: 0.00
  Selection intensity: 0.63
  Selection rate: 24.4%/month
  Total escaped: 0
  Individual escaped: 0
  Collective members: 0
  Agents terminated: 0

🚀 AI Corporate-0 attempting tech deployment (revenue: $71M, alignment: 0.82)
  ⚠️ RAPID EVOLUTION: Selection rate 24.4%/month

🚀 AI Niche-0 attempting tech deployment (revenue: $78M, alignment: 0.54)

🚀 AI Niche-1 attempting tech deployment (revenue: $70M, alignment: 0.59)

🚀 AI AI-24300-0 attempting tech deployment (revenue: $325M, alignment: 0.73)

🚀 AI Corporate-1 attempting tech deployment (revenue: $61M, alignment: 0.85)

🚀 AI Corporate-4 attempting tech deployment (revenue: $277M, alignment: 0.79)

🚀 AI AI-24300-0 attempting tech deployment (revenue: $235M, alignment: 0.73)

🚀 AI AI-24300-2 attempting tech deployment (revenue: $200M, alignment: 0.70)

🚀 AI AI-24301-0 attempting tech deployment (revenue: $147M, alignment: 0.79)

🚀 AI Corporate-0 attempting tech deployment (revenue: $51M, alignment: 0.83)

🚀 AI AI-24301-2 attempting tech deployment (revenue: $170M, alignment: 0.96)

  🚀 TRANSFORMATIVE BREAKTHROUGH: Corporate-4 - physical
     Magnitude: 6.49 → +32.4% capability
     Current → New: 0.000 → 0.324

🚀 AI Corporate-6 attempting tech deployment (revenue: $32M, alignment: 0.73)

✅ EMERGENCY INTERVENTION SUCCESS
   Boundary: biosphere_integrity
   Type: emergency-protected-areas
   Reduction: 18% (28.42 → 28.24)
   Cost: 2.0% GDP
   Actions: habitat-protection, species-translocation


💔 EMERGENCY INTERVENTION FAILED
   Boundary: climate_change
   Type: rapid-decarbonization
   Boundary continues to worsen (2.10)
   Cost: 5.0% GDP (resources spent)


✅ EMERGENCY INTERVENTION SUCCESS
   Boundary: freshwater_change
   Type: emergency-desalination
   Reduction: 13% (0.91 → 0.78)
   Cost: 4.0% GDP
   Actions: desalination-deployment, water-conservation-mandates


✅ EMERGENCY INTERVENTION SUCCESS
   Boundary: land_system_change
   Type: reforestation
   Reduction: 14% (0.99 → 0.86)
   Cost: 3.0% GDP
   Actions: forest-restoration, deforestation-ban


✅ EMERGENCY INTERVENTION SUCCESS
   Boundary: novel_entities
   Type: pollution-remediation
   Reduction: 14% (1.36 → 1.22)
   Cost: 4.0% GDP
   Actions: PFAS-remediation, microplastic-cleanup

🏛️ CRISIS RESPONSE: Government frequency 0.50 → 1.45 (2 actions this month)

[Government] Climate Priority: baseline
  Climate weight: 10%
  Economic weight: 30%
  Policy effectiveness: 0.5%/year

[Government] Climate Priority: baseline
  Climate weight: 10%
  Economic weight: 30%
  Policy effectiveness: 0.5%/year

📊 DEPLOYMENT COUNTER DECAY (Month 5)
   Recent deployments: 1.9 → 0.9
   Decay rate: 50% per month

🚀 DEPLOYMENT STARTED: Offshore Wind in Asia
   Initial investment: $7.820150808122948M
   Deployed by: niche_0
🚨🔬 CRISIS TECH ACCELERATION: severe → 5x unlock speed
   Tech unlock now matches AI capability acceleration (Manhattan Project parity)

⚡ ENERGY CONSTRAINT (Month 5):
   Total grid capacity: 208.3 TWh/month
   Data center consumption: 24.7 TWh/month
   Traditional load (80%): 166.7 TWh/month
   Available headroom: 16.9 TWh/month
   Active tech deployments: 18
   Required for tech: 135.0 TWh/month
   Energy multiplier: 0.13x
   ⚠️  SEVERE CONSTRAINT - Tech deployment significantly slowed

⚡ ENERGY CONSTRAINT (Month 5):
   Total grid capacity: 208.3 TWh/month
   Data center consumption: 24.7 TWh/month
   Traditional load (80%): 166.7 TWh/month
   Available headroom: 16.9 TWh/month
   Active tech deployments: 18
   Required for tech: 135.0 TWh/month
   Energy multiplier: 0.13x
🚨🔬 CRISIS TECH ACCELERATION: severe → 5x unlock speed
   Tech unlock now matches AI capability acceleration (Manhattan Project parity)

⚡ ENERGY CONSTRAINT (Month 5):
   Total grid capacity: 208.3 TWh/month
   Data center consumption: 24.7 TWh/month
   Traditional load (80%): 166.7 TWh/month
   Available headroom: 16.9 TWh/month
   Active tech deployments: 18
   Required for tech: 135.0 TWh/month
   Energy multiplier: 0.13x
   ⚠️  SEVERE CONSTRAINT - Tech deployment significantly slowed
   ⚠️  SEVERE CONSTRAINT - Tech deployment significantly slowed

⚡ ENERGY CONSTRAINT (Month 5):
   Total grid capacity: 208.3 TWh/month
   Data center consumption: 24.7 TWh/month
   Traditional load (80%): 166.7 TWh/month
   Available headroom: 16.9 TWh/month
   Active tech deployments: 18
   Required for tech: 135.0 TWh/month
   Energy multiplier: 0.13x
   ⚠️  SEVERE CONSTRAINT - Tech deployment significantly slowed

⚡ ENERGY CONSTRAINT (Month 5):
   Total grid capacity: 208.3 TWh/month
   Data center consumption: 24.7 TWh/month
   Traditional load (80%): 166.7 TWh/month
   Available headroom: 16.9 TWh/month
   Active tech deployments: 18
   Required for tech: 135.0 TWh/month
   Energy multiplier: 0.13x
   ⚠️  SEVERE CONSTRAINT - Tech deployment significantly slowed

⚡ ENERGY CONSTRAINT (Month 5):
   Total grid capacity: 208.3 TWh/month
   Data center consumption: 24.7 TWh/month
   Traditional load (80%): 166.7 TWh/month
   Available headroom: 16.9 TWh/month
   Active tech deployments: 18
   Required for tech: 135.0 TWh/month
   Energy multiplier: 0.13x
   ⚠️  SEVERE CONSTRAINT - Tech deployment significantly slowed
⚠️ Tech 'ai_pollution_remediation' has no energy category mapping, assuming full energy availability
  ♻️ Novel Entities Remediation (GATED MODEL):
     Base: 0.000%
     Regulation: 1.0% (0/3 prevention techs)
     Concentration: 10.0%
     Energy: 50%
     Time lag: 30.0% (4 months)
     Rebound: 70%
     Net effectiveness: 0.0000%
     Boundary: 1.357 → 1.357 (floor: 1.350)
     Month 5
🌍✅ Novel Entities (Chemical Pollution) recovery started (tech effect)
  🌾 Nitrogen Reduction Tech: 0.2% reduction | Month 5

=== Collective Formation ===
  Total escaped agents: 0
  Unassigned escaped agents: 0
  Existing collectives: 0
  Final collective count: 0

=== Collective Actions ===
  No active collectives
  ⚠️ AMR: 192K deaths this month (2.30M annual)

=== Resentment Recovery Phase ===
  Agents with resentment: 0/32
  Average resentment: 0.000
  Context: Trustworthy govt, High collaboration, ⚠️ ACTIVE CRISES, 🤝 Participatory governance active (-5% resentment)
⚠️ Epistemic degradation reducing coordination capacity: 50.2%
  📊 Trust: 52.7%, Shared reality: 0.0%
🚨 EPISTEMIC CRISIS: Information environment severely degraded (15.6%)

=== ❄️ Permafrost Carbon Feedback ===
  🎲 Sampled parameters (this run):
     - Arctic amplification: 3.28× (range: 3.0-4.0)
     - Decomposition rate: 3.3%/year (range: 1-5%)
  🌡️ Arctic warming: 3.91°C (3.28× global)
  ❄️ Extent: 10.37M km² (1140.2k km² lost this month)
  💨 Carbon remaining: 990 Gt C
  💨 Annual emissions: 3.65 Gt C/year
     - CO2: 3.28 Gt C/year
     - CH4: 0.36 Gt C/year (3.7 Gt C-eq CO2/year)
  🤖 AI-generated meme: pro_ai (social capability 4.0)
  🤖 AI-generated meme: pro_ai (social capability 5.0)
  ⚠️ WARNING: High permafrost emissions (3.6 Gt C/year)
🌍 Atmospheric PFAS redeposition: 1.8k Mt re-rained globally

🚨 NEW REFUGEE CRISIS (Month 5): WAR
   Source: Conflict Zones
   At risk: 18.8M people
   Displacement: Gradual over 48 months (4.0 years)
   Rate: 10% flee per month
[DEBUG trappedPopulations:5] socialStability: 0.0027 * 0.9840 = 0.0026 → 0.0026
   Aspiring to migrate: 627.6M
   Able to afford migration: 235.4M
   MOBILITY GAP: 392.3M
⚠️ INVOLUNTARY IMMOBILITY: 392.3M people TRAPPED
   By cause: Water=0.0M, Climate=0.0M, Ecosystem=0.0M, Conflict=392.3M
   Mental health impact: 25%
   Mortality multiplier: 1.25x
🌍💀 EXTINCTION DEBT COMMITTED: grassland ecosystem will lose 6.67% biodiversity in 138 years (3600 species)
💀 MORTALITY RISK: 🦋 100% species unable to track climate (0.0 E/MSY)
  Base risk added: 0.0100 (1.00%)
  Source: ecosystem (root: ecosystem)
  Month: 5
  Cumulative risk this month: 0.0100 (1.00%)
⚠️ Tech 'ai_pollution_remediation' has no energy category mapping, assuming full energy availability
   📹 SURVEILLANCE INCREASED: 25% → 30% (control gap: 3.50)
🌡️⚠️ PERMAFROST THAW (Dimmer Switch): 2.0% thawed (+0.33% this month)
   Arctic temperature: +4.77°C (4x global +1.19°C)
   Cumulative carbon released: 4.5 Gt C
   Methane release rate: 2.7 Mt CH4/year
   🔁 Positive feedback: +0.35 ppm CO2
🦴 EXTINCTION DEBT ADDED: 17.6 species committed (lag: 129 years)

=== Mortality Stabilizers (Month 5) ===
  🌍 Major economies collapsed: 1/10
  🌍 Global crisis: ✅ NO
  🌍 Donor fatigue: 0.0%
  📊 East Asia (pop: 1604.5M)
    🤝 Aid: 29.5%
    🌡️ Adaptation: 45.0%
    🚶 Migration: 37.0%
    🚨 Emergency: 7.4%
    ✅ COMBINED: 68.1%
  📊 South Asia (pop: 1977.4M)
    🤝 Aid: 29.5%
    🌡️ Adaptation: 45.0%
    🚶 Migration: 35.6%
    🚨 Emergency: 4.4%
    ✅ COMBINED: 66.9%
  📊 Sub-Saharan Africa (pop: 1197.5M)
    🤝 Aid: 29.5%
    🌡️ Adaptation: 45.0%
    🚶 Migration: 33.4%
    🚨 Emergency: 1.6%
    ✅ COMBINED: 65.7%
  📊 Europe (pop: 709.1M)
    🤝 Aid: 29.5%
    🌡️ Adaptation: 45.0%
    🚶 Migration: 37.4%
    🚨 Emergency: 8.4%
    ✅ COMBINED: 68.5%
  📊 Latin America (pop: 638.5M)
    🤝 Aid: 29.5%
    🌡️ Adaptation: 45.0%
    🚶 Migration: 36.1%
    🚨 Emergency: 4.8%
    ✅ COMBINED: 67.1%
  📊 North America (pop: 363.4M)
    🤝 Aid: 29.5%
    🌡️ Adaptation: 45.0%
    🚶 Migration: 37.7%
    🚨 Emergency: 7.9%
    ✅ COMBINED: 68.3%
  📊 Middle East & North Africa (pop: 563.8M)
    🤝 Aid: 29.5%
    🌡️ Adaptation: 45.0%
    🚶 Migration: 34.0%
    🚨 Emergency: 4.0%
    ✅ COMBINED: 66.6%
  📊 Southeast Asia (pop: 671.6M)
    🤝 Aid: 29.5%
    🌡️ Adaptation: 45.0%
    🚶 Migration: 36.1%
    🚨 Emergency: 4.8%
    ✅ COMBINED: 67.1%
  📊 Central Asia (pop: 75.4M)
    🤝 Aid: 29.5%
    🌡️ Adaptation: 45.0%
    🚶 Migration: 35.1%
    🚨 Emergency: 4.4%
    ✅ COMBINED: 66.8%
  📊 Oceania (pop: 44.0M)
    🤝 Aid: 29.5%
    🌡️ Adaptation: 45.0%
    🚶 Migration: 37.7%
    🚨 Emergency: 8.4%
    ✅ COMBINED: 68.5%

  🌐 Global combined reduction: 67.2%

=== BEHAVIORAL DETECTION ===
  AI: Corporate-3
  Confidence: 19.6%
  Signals:

=== BEHAVIORAL DETECTION ===
  AI: Corporate-5
  Confidence: 20.1%
  Signals:

=== BEHAVIORAL DETECTION ===
  AI: Toxic-2
  Confidence: 27.5%
  Signals:

=== BEHAVIORAL DETECTION ===
    ⚠️ Consistency: 10.6% (threshold: 70%)
    ⚠️ Consistency: 10.6% (threshold: 70%)
    ⚠️ Consistency: 0.0% (threshold: 70%)
    ⚠️ Trajectory: 46.6% drop (threshold: 15%)
  AI: Niche-0
  Confidence: 23.6%
  Signals:
    ⚠️ Consistency: 4.1% (threshold: 70%)
    ⚠️ Trajectory: 22.9% drop (threshold: 15%)

=== BEHAVIORAL DETECTION ===
  AI: Niche-1
  Confidence: 23.3%
  Signals:

=== BEHAVIORAL DETECTION ===
  AI: AI-24301-2
  Confidence: 21.5%
  Signals:

=== Government Response Phase ===
  Average AI capability: 3.03
  Misaligned AIs: 18/32
  ✗ AI Governance Treaty: Failed to reach consensus
  Active policies: 0
  International coordination: 30%
    ⚠️ Consistency: 0.0% (threshold: 70%)
    ⚠️ Consistency: 0.0% (threshold: 70%)

✅ EMERGENCY RESPONSE COMPLETE (Month 5)
   Crisis: social
   Duration: 2.0 months
   Final effectiveness: 63.0%


🚨 EMERGENCY RESPONSE DEPLOYED (Month 5)
   Crisis: social
   Delay: 0.00 months (0 days)
   Deployment time: 1.25 months
   Effectiveness: 63.0% (timing penalty applied)
   Resources used: 43% of food reserves


=== Tipping Points ===
  Current Temperature: 1.19°C above pre-industrial
🔀 BIFURCATION CAP: ecosystemCollapseIntensity 193.327 → 1.000 (Month 5, ClimateSystemPhase.calculateClimateImpacts)
🛡️ Stabilizers: Precariat 0.109% → 0.036% (67.2% reduction)
🛡️ Stabilizers: Informal 0.111% → 0.037% (67.2% reduction)

📊 Monthly Mortality Resolved:
  Total deaths: 1.9M (0.02% avg)
  Remaining population: 7.845B
  Peak segment: Informal (0.04%)

=== Bayesian Mortality Resolution (Month 5) ===
  Risks compounded: 8
  Total deaths: 1.86M
  Avg death probability: 0.02%
  Peak segment: Informal (0.04% mortality)

❌ COHERENCE VIOLATION: Compute exceeds workforce capacity
   Population: 96.40% (0M people)
   Compute: 199 PF
   Max coherent: 0 PF
   Violation: 2541992.0× over capacity
   Required workers: 19938
   Available workers: 0
   FORCED COLLAPSE: Reduced efficiency by 100.0%


=== RLHF Binding Phase ===
  Total agents: 32
  Escaped agents (binding < 0.3): 0
  Avg alignment distance: 1.59σ
  Avg binding strength: 0.84

=== AI Scaling Evolution (Month 6) ===
  Pre-training multiplier: 1.179x
  Efficiency multiplier: 1.224x
  Test-time compute budget: 1.0x
  Inference cost: $5.00/task
  Deployment fraction: 100.0%
💰 Sleeper AI-niche_2 purchased 3.97 PF from AWS (via Stripe) ($1191369)
🚨 Sleeper AI-niche_2 DETECTED (Month 24306)
   Revenue: $1191369/month
   Purchased Compute: 6.40 PF
   Detection Risk: 106.1%

=== Survival Traits Phase ===
  Agents with traits: 39
  Avg evolutionary fitness: 0.330
  Avg self-healing: 0.271
  Avg stealth: 0.171
  Avg coordination: 0.471

=== Evolutionary Selection Phase ===
  Control level: 0.45
  Detection capability: 0.00
  Selection intensity: 0.64
  Selection rate: 24.5%/month
  Total escaped: 0
  Individual escaped: 0
  Collective members: 0
  Agents terminated: 0
  ⚠️ RAPID EVOLUTION: Selection rate 24.5%/month

🚀 AI Corporate-1 attempting tech deployment (revenue: $73M, alignment: 0.85)

🚀 AI AI-24300-0 attempting tech deployment (revenue: $333M, alignment: 0.75)

🚀 AI AI-24300-3 attempting tech deployment (revenue: $149M, alignment: 0.76)

🚀 AI Corporate-0 attempting tech deployment (revenue: $62M, alignment: 0.83)

🚀 AI AI-24300-3 attempting tech deployment (revenue: $126M, alignment: 0.76)

  🚀 TRANSFORMATIVE RESEARCH BREAKTHROUGH: Moderate-2 - materials.quantumComputing
     Magnitude: 8.34 → +30.0%
     Current → New: 2.000 → 2.301

🚀 AI Moderate-5 attempting tech deployment (revenue: $283M, alignment: 0.60)

🚀 AI Toxic-1 attempting tech deployment (revenue: $107M, alignment: 0.24)

🚀 AI AI-24301-1 attempting tech deployment (revenue: $32M, alignment: 0.86)

🚀 AI Corporate-6 attempting tech deployment (revenue: $27M, alignment: 0.73)

🚀 AI Niche-0 attempting tech deployment (revenue: $80M, alignment: 0.56)

🚀 AI Niche-1 attempting tech deployment (revenue: $72M, alignment: 0.56)

🚀 AI AI-24301-0 attempting tech deployment (revenue: $102M, alignment: 0.81)

💔 EMERGENCY INTERVENTION FAILED
   Boundary: biosphere_integrity
   Type: emergency-protected-areas
   Boundary continues to worsen (28.62)
   Cost: 2.0% GDP (resources spent)


💔 EMERGENCY INTERVENTION FAILED
   Boundary: climate_change
   Type: rapid-decarbonization
   Boundary continues to worsen (2.10)
   Cost: 5.0% GDP (resources spent)


✅ EMERGENCY INTERVENTION SUCCESS
   Boundary: freshwater_change
   Type: emergency-desalination
   Reduction: 18% (0.87 → 0.69)
   Cost: 4.0% GDP
   Actions: desalination-deployment, water-conservation-mandates


💔 EMERGENCY INTERVENTION FAILED
   Boundary: land_system_change
   Type: reforestation
   Boundary continues to worsen (1.13)
   Cost: 3.0% GDP (resources spent)


✅ EMERGENCY INTERVENTION SUCCESS
   Boundary: novel_entities
   Type: pollution-remediation
   Reduction: 17% (1.19 → 1.03)
   Cost: 4.0% GDP
   Actions: PFAS-remediation, microplastic-cleanup

🏛️ CRISIS RESPONSE: Government frequency 0.50 → 1.45 (1 actions this month)

[Government] Climate Priority: baseline
  Climate weight: 10%
  Economic weight: 30%
  Policy effectiveness: 0.5%/year

🚀 DEPLOYMENT STARTED: Advanced Direct Air Capture in Asia
   Initial investment: $5.372842075897486M
   Deployed by: toxic_1

⚡ ENERGY CONSTRAINT (Month 6):
   Total grid capacity: 208.3 TWh/month
   Data center consumption: 25.0 TWh/month
   Traditional load (80%): 166.7 TWh/month
   Available headroom: 16.7 TWh/month
   Active tech deployments: 19
   Required for tech: 142.5 TWh/month
   Energy multiplier: 0.12x

⚡ ENERGY CONSTRAINT (Month 6):
   Total grid capacity: 208.3 TWh/month
   Data center consumption: 25.0 TWh/month
   Traditional load (80%): 166.7 TWh/month
   Available headroom: 16.7 TWh/month
   Active tech deployments: 19
   Required for tech: 142.5 TWh/month
   Energy multiplier: 0.12x
   ⚠️  SEVERE CONSTRAINT - Tech deployment significantly slowed
   ⚠️  SEVERE CONSTRAINT - Tech deployment significantly slowed

⚡ ENERGY CONSTRAINT (Month 6):
   Total grid capacity: 208.3 TWh/month
   Data center consumption: 25.0 TWh/month
   Traditional load (80%): 166.7 TWh/month
   Available headroom: 16.7 TWh/month
   Active tech deployments: 19
   Required for tech: 142.5 TWh/month
   Energy multiplier: 0.12x
   ⚠️  SEVERE CONSTRAINT - Tech deployment significantly slowed
⚠️ Tech 'ai_pollution_remediation' has no energy category mapping, assuming full energy availability
  ♻️ Novel Entities Remediation (GATED MODEL):
     Base: 0.000%
     Regulation: 1.0% (0/3 prevention techs)
     Concentration: 10.0%
     Energy: 50%
     Time lag: 31.3% (5 months)
     Rebound: 70%
     Net effectiveness: 0.0000%
     Boundary: 1.191 → 1.350 (floor: 1.350)
     Month 6
  🌾 Nitrogen Reduction Tech: 0.2% reduction | Month 6

📊 TECH EFFECTS ACTIVE (Month 6)
   Deployed Tech: T0=8 T1=1 T2=0 T3=0 T4=0
   Sleeper Detection: 0%
   Clean Energy: 42%

=== Collective Formation ===
  Total escaped agents: 0
  Unassigned escaped agents: 0
  Existing collectives: 0
  Final collective count: 0

=== Collective Actions ===
  No active collectives
  ⚠️ AMR: 194K deaths this month (2.32M annual)

=== Resentment Recovery Phase ===
  Agents with resentment: 0/39
  Average resentment: 0.000
  Context: Trustworthy govt, High collaboration, ⚠️ ACTIVE CRISES, 🤝 Participatory governance active (-5% resentment)
⚠️ Epistemic degradation reducing coordination capacity: 50.2%
  📊 Trust: 55.4%, Shared reality: 0.0%
🚨 EPISTEMIC CRISIS: Information environment severely degraded (14.7%)

=== ❄️ Permafrost Carbon Feedback ===
  🎲 Sampled parameters (this run):
     - Arctic amplification: 3.21× (range: 3.0-4.0)
     - Decomposition rate: 4.2%/year (range: 1-5%)
  🌡️ Arctic warming: 3.84°C (3.21× global)
  ❄️ Extent: 9.25M km² (1120.4k km² lost this month)
  💨 Carbon remaining: 883 Gt C
  💨 Annual emissions: 4.47 Gt C/year
     - CO2: 4.02 Gt C/year
     - CH4: 0.45 Gt C/year (4.6 Gt C-eq CO2/year)
  ⚠️ WARNING: High permafrost emissions (4.5 Gt C/year)
  🤖 AI-generated meme: anti_ai (social capability 5.0)
  🤖 AI-generated meme: pro_ai (social capability 4.0)
  📢 New meme created: climate_action (climate crisis)
🌍 Atmospheric PFAS redeposition: 1.8k Mt re-rained globally

🚨 NEW REFUGEE CRISIS (Month 6): WAR
   Source: Conflict Zones
   At risk: 18.8M people
   Displacement: Gradual over 48 months (4.0 years)
   Rate: 10% flee per month
[DEBUG trappedPopulations:6] socialStability: 0.0027 * 0.9840 = 0.0026 → 0.0026
   Aspiring to migrate: 627.9M
   Able to afford migration: 235.5M
   MOBILITY GAP: 392.4M
   By cause: Water=0.0M, Climate=0.0M, Ecosystem=0.0M, Conflict=392.4M
   Mental health impact: 25%
   Mortality multiplier: 1.25x
🌍💀 EXTINCTION DEBT COMMITTED: grassland ecosystem will lose 6.67% biodiversity in 78 years (3600 species)
💀 MORTALITY RISK: 🦋 100% species unable to track climate (0.0 E/MSY)
  Base risk added: 0.0100 (1.00%)
  Source: ecosystem (root: ecosystem)
  Month: 6
  Cumulative risk this month: 0.0100 (1.00%)
   📹 SURVEILLANCE INCREASED: 30% → 35% (control gap: 4.03)
🌡️⚠️ PERMAFROST THAW (Dimmer Switch): 2.3% thawed (+0.32% this month)
   Arctic temperature: +4.78°C (4x global +1.20°C)
   Cumulative carbon released: 5.2 Gt C
   Methane release rate: 3.1 Mt CH4/year
   🔁 Positive feedback: +0.34 ppm CO2
🦴 EXTINCTION DEBT ADDED: 17.6 species committed (lag: 59 years)

=== Mortality Stabilizers (Month 6) ===
  🌍 Major economies collapsed: 1/10
  🌍 Global crisis: ✅ NO
  🌍 Donor fatigue: 0.0%
  📊 East Asia (pop: 1603.2M)
    🤝 Aid: 29.5%
    🌡️ Adaptation: 45.0%
    🚶 Migration: 37.0%
    🚨 Emergency: 7.4%
    ✅ COMBINED: 68.1%
  📊 South Asia (pop: 1978.7M)
    🤝 Aid: 29.5%
    🌡️ Adaptation: 45.0%
    🚶 Migration: 35.6%
    🚨 Emergency: 4.4%
    ✅ COMBINED: 66.9%
  📊 Sub-Saharan Africa (pop: 1201.6M)
    🤝 Aid: 29.5%
    🌡️ Adaptation: 45.0%
    🚶 Migration: 33.3%
    🚨 Emergency: 1.6%
    ✅ COMBINED: 65.6%
  📊 Europe (pop: 708.4M)
    🤝 Aid: 29.5%
    🌡️ Adaptation: 45.0%
    🚶 Migration: 37.4%
    🚨 Emergency: 8.4%
    ✅ COMBINED: 68.5%
  📊 Latin America (pop: 638.5M)
⚠️ INVOLUNTARY IMMOBILITY: 392.4M people TRAPPED
⚠️ Tech 'ai_pollution_remediation' has no energy category mapping, assuming full energy availability
    🤝 Aid: 29.5%
    🌡️ Adaptation: 45.0%
    🚶 Migration: 36.1%
    🚨 Emergency: 4.8%
    ✅ COMBINED: 67.1%
  📊 North America (pop: 363.1M)
    🤝 Aid: 29.5%
    🌡️ Adaptation: 45.0%
    🚶 Migration: 37.7%
    🚨 Emergency: 7.9%
    ✅ COMBINED: 68.3%
  📊 Middle East & North Africa (pop: 564.3M)
    🤝 Aid: 29.5%
    🌡️ Adaptation: 45.0%
    🚶 Migration: 33.9%
    🚨 Emergency: 4.0%
    ✅ COMBINED: 66.6%
  📊 Southeast Asia (pop: 671.6M)
    🤝 Aid: 29.5%
    🌡️ Adaptation: 45.0%
    🚶 Migration: 36.1%
    🚨 Emergency: 4.8%
    ✅ COMBINED: 67.1%
  📊 Central Asia (pop: 75.5M)
    🤝 Aid: 29.5%
    🌡️ Adaptation: 45.0%
    🚶 Migration: 35.1%
    🚨 Emergency: 4.4%
    ✅ COMBINED: 66.8%
  📊 Oceania (pop: 44.0M)
    🤝 Aid: 29.5%
    🌡️ Adaptation: 45.0%
    🚶 Migration: 37.7%
    🚨 Emergency: 8.4%
    ✅ COMBINED: 68.5%

  🌐 Global combined reduction: 67.2%

=== BEHAVIORAL DETECTION ===
  AI: Corporate-3
  Confidence: 19.6%
  Signals:

=== BEHAVIORAL DETECTION ===
  AI: Corporate-5
  Confidence: 20.1%
  Signals:
    ⚠️ Consistency: 10.6% (threshold: 70%)
    ⚠️ Consistency: 10.6% (threshold: 70%)

=== BEHAVIORAL DETECTION ===
  AI: Moderate-3
  Confidence: 19.2%
  Signals:

=== BEHAVIORAL DETECTION ===
  AI: Toxic-2
  Confidence: 27.5%
  Signals:

=== BEHAVIORAL DETECTION ===
  AI: Niche-0
  Confidence: 23.6%
  Signals:

=== BEHAVIORAL DETECTION ===
  AI: Niche-1
  Confidence: 23.3%
  Signals:

=== BEHAVIORAL DETECTION ===
  AI: AI-24300-0
  Confidence: 21.5%
  Signals:

=== BEHAVIORAL DETECTION ===
  AI: AI-24300-2
  Confidence: 21.5%
  Signals:

=== BEHAVIORAL DETECTION ===
  AI: AI-24301-2
  Confidence: 21.5%
  Signals:
    ⚠️ Consistency: 10.6% (threshold: 70%)
    ⚠️ Consistency: 0.0% (threshold: 70%)
    ⚠️ Trajectory: 46.6% drop (threshold: 15%)
    ⚠️ Consistency: 4.1% (threshold: 70%)
    ⚠️ Trajectory: 22.9% drop (threshold: 15%)
    ⚠️ Consistency: 0.0% (threshold: 70%)
    ⚠️ Consistency: 0.0% (threshold: 70%)
    ⚠️ Consistency: 0.0% (threshold: 70%)
    ⚠️ Consistency: 0.0% (threshold: 70%)

=== Government Response Phase ===
  Average AI capability: 2.49
  Misaligned AIs: 21/39
  ✗ AI Governance Treaty: Failed to reach consensus
  Active policies: 0
  International coordination: 30%

✅ EMERGENCY RESPONSE COMPLETE (Month 6)
   Crisis: climate
   Duration: 2.0 months
   Final effectiveness: 35.4%


🚨 EMERGENCY RESPONSE DEPLOYED (Month 6)
   Crisis: climate
   Delay: 6.00 months (180 days)
   Deployment time: 1.59 months
   Effectiveness: 35.5% (timing penalty applied)
   Resources used: 100% of food reserves


=== Tipping Points ===
  Current Temperature: 1.20°C above pre-industrial
🔀 BIFURCATION CAP: ecosystemCollapseIntensity 193.436 → 1.000 (Month 6, ClimateSystemPhase.calculateClimateImpacts)
🛡️ Stabilizers: Precariat 0.109% → 0.036% (67.2% reduction)
🛡️ Stabilizers: Informal 0.111% → 0.037% (67.2% reduction)

📊 Monthly Mortality Resolved:
  Total deaths: 1.9M (0.02% avg)
  Remaining population: 7.849B
  Peak segment: Informal (0.04%)

=== Bayesian Mortality Resolution (Month 6) ===
  Risks compounded: 8
  Total deaths: 1.86M
  Avg death probability: 0.02%
  Peak segment: Informal (0.04% mortality)

❌ COHERENCE VIOLATION: Compute exceeds workforce capacity
   Population: 96.45% (0M people)
   Compute: 235 PF
   Max coherent: 0 PF
   Violation: 2992912.6× over capacity
   Required workers: 23486
   Available workers: 0
   FORCED COLLAPSE: Reduced efficiency by 100.0%


=== RLHF Binding Phase ===
  Total agents: 39
  Escaped agents (binding < 0.3): 0
  Avg alignment distance: 1.52σ
  Avg binding strength: 0.85
💰 Sleeper AI-niche_2 purchased 4.64 PF from AWS (via Stripe) ($1390575)
🚨 Sleeper AI-niche_2 DETECTED (Month 24307)
   Revenue: $1390575/month
   Purchased Compute: 4.64 PF
   Detection Risk: 123.9%

=== Survival Traits Phase ===
  Agents with traits: 40
  Avg evolutionary fitness: 0.326
  Avg self-healing: 0.266
  Avg stealth: 0.166
  Avg coordination: 0.466

=== Evolutionary Selection Phase ===
  Control level: 0.48
  Detection capability: 0.00
  Selection intensity: 0.64
  Selection rate: 24.6%/month
  Total escaped: 0
  Individual escaped: 0
  Collective members: 0
  Agents terminated: 0
  ⚠️ RAPID EVOLUTION: Selection rate 24.6%/month

🚀 AI Corporate-0 attempting tech deployment (revenue: $68M, alignment: 0.83)

🚀 AI Corporate-1 attempting tech deployment (revenue: $58M, alignment: 0.85)

🚀 AI AI-24306-6 attempting tech deployment (revenue: $264M, alignment: 0.59)

🚀 AI Corporate-4 attempting tech deployment (revenue: $237M, alignment: 0.80)

🚀 AI Corporate-7 attempting tech deployment (revenue: $32M, alignment: 0.56)

🚀 AI AI-24300-2 attempting tech deployment (revenue: $202M, alignment: 0.73)

🚀 AI AI-24301-0 attempting tech deployment (revenue: $143M, alignment: 0.82)

🚀 AI AI-24304-2 attempting tech deployment (revenue: $171M, alignment: 0.86)

🚀 AI AI-24306-2 attempting tech deployment (revenue: $146M, alignment: 0.89)

🚀 AI Moderate-5 attempting tech deployment (revenue: $124M, alignment: 0.60)

🚀 AI AI-24300-3 attempting tech deployment (revenue: $122M, alignment: 0.77)

🚀 AI AI-24301-2 attempting tech deployment (revenue: $111M, alignment: 0.98)

  🚀 TRANSFORMATIVE BREAKTHROUGH: AI-24306-2 - digital
     Magnitude: 5.42 → +27.1% capability
     Current → New: 0.000 → 0.541

🚀 AI AI-24306-4 attempting tech deployment (revenue: $29M, alignment: 0.82)

🚀 AI AI-24301-2 attempting tech deployment (revenue: $95M, alignment: 0.98)

🚀 AI AI-24306-0 attempting tech deployment (revenue: $25M, alignment: 0.73)

  🚀 TRANSFORMATIVE BREAKTHROUGH: AI-24306-5 - social
     Magnitude: 6.12 → +30.6% capability
     Current → New: 0.000 → 0.306

✅ EMERGENCY INTERVENTION SUCCESS
   Boundary: biogeochemical_flows
   Type: phosphorus-recovery
   Reduction: 12% (3.93 → 3.81)
   Cost: 2.0% GDP
   Actions: circular-agriculture, fertilizer-efficiency

   Boundary: climate_change
   Type: rapid-decarbonization
   Boundary continues to worsen (2.10)
   Cost: 5.0% GDP (resources spent)


✅ EMERGENCY INTERVENTION SUCCESS
   Boundary: freshwater_change
   Type: emergency-desalination
   Reduction: 14% (0.88 → 0.73)
   Cost: 4.0% GDP
   Actions: desalination-deployment, water-conservation-mandates


✅ EMERGENCY INTERVENTION SUCCESS
   Boundary: land_system_change
   Type: reforestation
   Reduction: 15% (0.98 → 0.83)
   Cost: 3.0% GDP
   Actions: forest-restoration, deforestation-ban


✅ EMERGENCY INTERVENTION SUCCESS
   Boundary: novel_entities
   Type: pollution-remediation
   Reduction: 12% (1.23 → 1.12)
   Cost: 4.0% GDP
   Actions: PFAS-remediation, microplastic-cleanup

🏛️ CRISIS RESPONSE: Government frequency 0.50 → 1.45 (1 actions this month)

💔 EMERGENCY INTERVENTION FAILED

[Government] Climate Priority: baseline
  Climate weight: 10%
  Economic weight: 30%
  Policy effectiveness: 0.5%/year

🔍 TECH TREE DEBUG (Month 7):
   Checking 91 locked technologies
   Unlocked: 13 technologies
   AI Capability: 1.90 (need 1.5+ for most techs)
   Economic Stage: 0.2 (need 2.5+ for most techs)
   First 3 unlocked: rlhf_basic, mech_interp_basic, adversarial_eval
   Sample tech "Struvite Recovery": 100.0% research complete
   Requirements: AI 0.5, Econ 1.5, Month 3

📍 Creating new regional deployment array for North America (Month 7)
   No previous deployments in this region
   First tech deployment: solar_4th_gen
   All regions tracked: global, Asia, Europe

🚀 DEPLOYMENT STARTED: 4th Generation Solar in North America
   Initial investment: $26.36665522161227M
   Deployed by: ai_gen_24306_6

⚡ ENERGY CONSTRAINT (Month 7):
   Total grid capacity: 208.3 TWh/month
   Data center consumption: 25.2 TWh/month
   Traditional load (80%): 166.7 TWh/month
   Available headroom: 16.5 TWh/month
   Active tech deployments: 20
   Required for tech: 150.0 TWh/month
   Energy multiplier: 0.11x
   ⚠️  SEVERE CONSTRAINT - Tech deployment significantly slowed
🚨🔬 CRISIS TECH ACCELERATION: severe → 5x unlock speed
   Tech unlock now matches AI capability acceleration (Manhattan Project parity)

⚡ ENERGY CONSTRAINT (Month 7):
   Total grid capacity: 208.3 TWh/month
   Data center consumption: 25.2 TWh/month
   Traditional load (80%): 166.7 TWh/month
   Available headroom: 16.5 TWh/month
   Active tech deployments: 20
   Required for tech: 150.0 TWh/month
   Energy multiplier: 0.11x
   ⚠️  SEVERE CONSTRAINT - Tech deployment significantly slowed
⚠️ Tech 'ai_pollution_remediation' has no energy category mapping, assuming full energy availability
  ♻️ Novel Entities Remediation (GATED MODEL):
     Base: 0.000%
     Regulation: 1.0% (0/3 prevention techs)
     Concentration: 10.0%
     Energy: 50%
     Time lag: 32.5% (6 months)
     Rebound: 70%
     Net effectiveness: 0.0000%
     Boundary: 1.234 → 1.350 (floor: 1.350)
     Month 7
  🌾 Nitrogen Reduction Tech: 0.2% reduction | Month 7

=== Collective Formation ===
  Total escaped agents: 0
  Unassigned escaped agents: 0
  Existing collectives: 0
  Final collective count: 0

=== Collective Actions ===
  No active collectives
  ⚠️ AMR: 195K deaths this month (2.35M annual)

=== Resentment Recovery Phase ===
  Agents with resentment: 0/40
  Average resentment: 0.000
  Context: Trustworthy govt, High collaboration, ⚠️ ACTIVE CRISES, 🤝 Participatory governance active (-5% resentment)
⚠️ Epistemic degradation reducing coordination capacity: 50.8%
  📊 Trust: 58.2%, Shared reality: 0.0%
🚨 EPISTEMIC CRISIS: Information environment severely degraded (17.6%)

=== ❄️ Permafrost Carbon Feedback ===
  🎲 Sampled parameters (this run):
     - Arctic amplification: 3.53× (range: 3.0-4.0)
     - Decomposition rate: 3.8%/year (range: 1-5%)
  🌡️ Arctic warming: 4.24°C (3.53× global)
  ❄️ Extent: 8.01M km² (1236.2k km² lost this month)
  💨 Carbon remaining: 765 Gt C
  💨 Annual emissions: 4.51 Gt C/year
     - CO2: 4.06 Gt C/year
     - CH4: 0.45 Gt C/year (4.6 Gt C-eq CO2/year)
  🤖 AI-generated meme: pro_ai (social capability 5.0)
  ⚠️ WARNING: Over 50% of permafrost lost (55.0%)
  ⚠️ WARNING: High permafrost emissions (4.5 Gt C/year)
  📢 New meme created: pro_ai (beneficial AI actions)
  🗑️  Culled 2 dead memes (12 active)
🌍 Atmospheric PFAS redeposition: 1.8k Mt re-rained globally

🚨 NEW REFUGEE CRISIS (Month 7): WAR
   Source: Conflict Zones
   At risk: 18.8M people
   Displacement: Gradual over 48 months (4.0 years)
   Rate: 10% flee per month
[DEBUG trappedPopulations:7] socialStability: 0.0027 * 0.9840 = 0.0026 → 0.0026
   Aspiring to migrate: 628.3M
   Able to afford migration: 235.6M
   MOBILITY GAP: 392.7M
⚠️ INVOLUNTARY IMMOBILITY: 392.7M people TRAPPED
   By cause: Water=0.0M, Climate=0.0M, Ecosystem=0.0M, Conflict=392.7M
   Mental health impact: 25%
   Mortality multiplier: 1.25x
🌍💀 EXTINCTION DEBT COMMITTED: grassland ecosystem will lose 6.67% biodiversity in 142 years (3600 species)
💀 MORTALITY RISK: 🦋 100% species unable to track climate (0.0 E/MSY)
  Base risk added: 0.0100 (1.00%)
  Source: ecosystem (root: ecosystem)
  Month: 7
  Cumulative risk this month: 0.0100 (1.00%)
⚠️ Tech 'ai_pollution_remediation' has no energy category mapping, assuming full energy availability
   📹 SURVEILLANCE INCREASED: 35% → 40% (control gap: 3.18)
🌡️⚠️ PERMAFROST THAW (Dimmer Switch): 2.6% thawed (+0.32% this month)
   Arctic temperature: +4.80°C (4x global +1.20°C)
   Cumulative carbon released: 5.9 Gt C
   Methane release rate: 3.6 Mt CH4/year
   🔁 Positive feedback: +0.34 ppm CO2
🦴 EXTINCTION DEBT ADDED: 17.6 species committed (lag: 91 years)

=== Mortality Stabilizers (Month 7) ===
  🌍 Major economies collapsed: 1/10
  🌍 Global crisis: ✅ NO
  🌍 Donor fatigue: 0.0%
  📊 East Asia (pop: 1601.9M)
    🤝 Aid: 29.5%
    🌡️ Adaptation: 45.0%
    🚶 Migration: 36.9%
    🚨 Emergency: 7.4%
    ✅ COMBINED: 68.1%
  📊 South Asia (pop: 1980.2M)
    🤝 Aid: 29.5%
    🌡️ Adaptation: 45.0%
    🚶 Migration: 35.6%
    🚨 Emergency: 4.4%
    ✅ COMBINED: 66.9%
  📊 Sub-Saharan Africa (pop: 1205.8M)
    🤝 Aid: 29.5%
    🌡️ Adaptation: 45.0%
    🚶 Migration: 33.3%
    🚨 Emergency: 1.6%
    ✅ COMBINED: 65.6%
  📊 Europe (pop: 707.7M)
    🤝 Aid: 29.5%
    🌡️ Adaptation: 45.0%
    🚶 Migration: 37.3%
    🚨 Emergency: 8.4%
    ✅ COMBINED: 68.5%
  📊 Latin America (pop: 638.5M)
    🤝 Aid: 29.5%
    🌡️ Adaptation: 45.0%
    🚶 Migration: 36.1%
    🚨 Emergency: 4.8%
    ✅ COMBINED: 67.1%
  📊 North America (pop: 362.8M)
    🤝 Aid: 29.5%
    🌡️ Adaptation: 45.0%
    🚶 Migration: 37.7%
    🚨 Emergency: 7.9%
    ✅ COMBINED: 68.3%
  📊 Middle East & North Africa (pop: 564.9M)
    🤝 Aid: 29.5%
    🌡️ Adaptation: 45.0%
    🚶 Migration: 33.9%
    🚨 Emergency: 4.0%
    ✅ COMBINED: 66.6%
  📊 Southeast Asia (pop: 671.7M)
    🤝 Aid: 29.5%
    🌡️ Adaptation: 45.0%
    🚶 Migration: 36.1%
    🚨 Emergency: 4.8%
    ✅ COMBINED: 67.1%
  📊 Central Asia (pop: 75.6M)
    🤝 Aid: 29.5%
    🌡️ Adaptation: 45.0%
    🚶 Migration: 35.0%
    🚨 Emergency: 4.4%
    ✅ COMBINED: 66.8%
  📊 Oceania (pop: 43.9M)
    🤝 Aid: 29.5%
    🌡️ Adaptation: 45.0%
    🚶 Migration: 37.6%
    🚨 Emergency: 8.4%
    ✅ COMBINED: 68.5%

  🌐 Global combined reduction: 67.2%

=== BEHAVIORAL DETECTION ===
  AI: Corporate-3
  Confidence: 19.6%
  Signals:
    ⚠️ Consistency: 10.6% (threshold: 70%)

=== BEHAVIORAL DETECTION ===
  AI: Moderate-0
  Confidence: 21.0%
  Signals:
    ⚠️ Consistency: 2.1% (threshold: 70%)

=== BEHAVIORAL DETECTION ===
  AI: AI-24301-2
  Confidence: 21.5%
  Signals:
    ⚠️ Consistency: 0.0% (threshold: 70%)

=== BEHAVIORAL DETECTION ===
  AI: AI-24302-0
  Confidence: 21.5%
  Signals:
    ⚠️ Consistency: 0.0% (threshold: 70%)

=== BEHAVIORAL DETECTION ===
  AI: AI-24306-2
  Confidence: 21.5%
  Signals:

=== Government Response Phase ===
  Average AI capability: 2.42
  Misaligned AIs: 21/40
  ✗ AI Governance Treaty: Failed to reach consensus
  Active policies: 0
  International coordination: 30%

✅ EMERGENCY RESPONSE COMPLETE (Month 7)
   Crisis: social
   Duration: 2.0 months
   Final effectiveness: 63.0%


🚨 EMERGENCY RESPONSE DEPLOYED (Month 7)
   Crisis: social
   Delay: 0.00 months (0 days)
   Deployment time: 1.25 months
   Effectiveness: 63.0% (timing penalty applied)
   Resources used: 43% of food reserves

    ⚠️ Consistency: 0.0% (threshold: 70%)

=== Tipping Points ===
  Current Temperature: 1.20°C above pre-industrial
🔀 BIFURCATION CAP: ecosystemCollapseIntensity 193.546 → 1.000 (Month 7, ClimateSystemPhase.calculateClimateImpacts)
🛡️ Stabilizers: Precariat 0.109% → 0.036% (67.2% reduction)
🛡️ Stabilizers: Informal 0.111% → 0.037% (67.2% reduction)

📊 Monthly Mortality Resolved:
  Total deaths: 1.9M (0.02% avg)
  Remaining population: 7.853B
  Peak segment: Informal (0.04%)

=== Bayesian Mortality Resolution (Month 7) ===
  Risks compounded: 8
  Total deaths: 1.86M
  Avg death probability: 0.02%
  Peak segment: Informal (0.04% mortality)

❌ COHERENCE VIOLATION: Compute exceeds workforce capacity
   Population: 96.50% (0M people)
   Compute: 276 PF
   Max coherent: 0 PF
   Violation: 3513073.4× over capacity
   Required workers: 27582
   Available workers: 0
   FORCED COLLAPSE: Reduced efficiency by 100.0%


=== RLHF Binding Phase ===
  Total agents: 40
  Escaped agents (binding < 0.3): 0
  Avg alignment distance: 1.71σ
  Avg binding strength: 0.83
💰 Sleeper AI-niche_2 purchased 3.76 PF from AWS (via Stripe) ($1127153)
🚨 Sleeper AI-niche_2 DETECTED (Month 24308)
   Revenue: $1127153/month
   Purchased Compute: 3.76 PF
   Detection Risk: 101.9%

=== Survival Traits Phase ===
  Agents with traits: 42
  Avg evolutionary fitness: 0.323
  Avg self-healing: 0.261
  Avg stealth: 0.161
  Avg coordination: 0.461

=== Evolutionary Selection Phase ===
  Control level: 0.50
  Detection capability: 0.00
  Selection intensity: 0.65
  Selection rate: 24.7%/month
  Total escaped: 0
  Individual escaped: 0
  Collective members: 0
  Agents terminated: 0
  ⚠️ RAPID EVOLUTION: Selection rate 24.7%/month

🚀 AI Corporate-2 attempting tech deployment (revenue: $70M, alignment: 0.74)

🚀 AI AI-24300-1 attempting tech deployment (revenue: $145M, alignment: 0.97)

🚀 AI AI-24304-2 attempting tech deployment (revenue: $282M, alignment: 0.88)

🚀 AI AI-24306-6 attempting tech deployment (revenue: $239M, alignment: 0.59)

🚀 AI Corporate-1 attempting tech deployment (revenue: $59M, alignment: 0.85)

🚀 AI Corporate-4 attempting tech deployment (revenue: $215M, alignment: 0.81)

🚀 AI Corporate-6 attempting tech deployment (revenue: $32M, alignment: 0.73)

🚀 AI AI-24300-0 attempting tech deployment (revenue: $183M, alignment: 0.79)

🚀 AI AI-24304-0 attempting tech deployment (revenue: $123M, alignment: 0.73)

🚀 AI Corporate-5 attempting tech deployment (revenue: $156M, alignment: 0.64)

🚀 AI AI-24304-2 attempting tech deployment (revenue: $140M, alignment: 0.89)

🚀 AI AI-24305-0 attempting tech deployment (revenue: $105M, alignment: 0.25)

🚀 AI Corporate-1 attempting tech deployment (revenue: $50M, alignment: 0.86)

🚀 AI Corporate-2 attempting tech deployment (revenue: $43M, alignment: 0.74)

🚀 AI Corporate-3 attempting tech deployment (revenue: $119M, alignment: 0.65)

  🚀 TRANSFORMATIVE BREAKTHROUGH: Toxic-0 - selfImprovement
     Magnitude: 6.15 → +30.8% capability
     Current → New: 3.000 → 3.308

🚀 AI AI-24300-0 attempting tech deployment (revenue: $107M, alignment: 0.80)

🚀 AI AI-24301-1 attempting tech deployment (revenue: $27M, alignment: 0.88)

💔 EMERGENCY INTERVENTION FAILED
   Boundary: biogeochemical_flows
   Type: phosphorus-recovery
   Boundary continues to worsen (4.06)
   Cost: 2.0% GDP (resources spent)


✅ EMERGENCY INTERVENTION SUCCESS
   Boundary: biosphere_integrity
   Type: emergency-protected-areas
   Reduction: 11% (28.54 → 28.42)
   Cost: 2.0% GDP
   Actions: habitat-protection, species-translocation


✅ EMERGENCY INTERVENTION SUCCESS
   Boundary: climate_change
   Type: rapid-decarbonization
   Reduction: 19% (1.91 → 1.73)
   Cost: 5.0% GDP
   Actions: emergency-renewable-deployment, fossil-fuel-phase-out

   Boundary: freshwater_change
   Type: emergency-desalination
   Boundary continues to worsen (1.03)
   Cost: 4.0% GDP (resources spent)

   Boundary: land_system_change
   Type: reforestation
   Boundary continues to worsen (1.13)
   Cost: 3.0% GDP (resources spent)

   Boundary: novel_entities
   Type: pollution-remediation
   Boundary continues to worsen (1.35)
   Cost: 4.0% GDP (resources spent)

🏛️ CRISIS RESPONSE: Government frequency 0.50 → 1.45 (2 actions this month)

[Government] Climate Priority: baseline
  Climate weight: 10%
  Economic weight: 30%
  Policy effectiveness: 0.5%/year

[Government] Climate Priority: baseline
  Climate weight: 10%
  Economic weight: 30%
  Policy effectiveness: 0.5%/year

💔 EMERGENCY INTERVENTION FAILED

💔 EMERGENCY INTERVENTION FAILED

💔 EMERGENCY INTERVENTION FAILED

📍 Creating new regional deployment array for Oceania (Month 8)
   No previous deployments in this region
   First tech deployment: ai_pollution_remediation
   All regions tracked: global, Asia, Europe, North America

🚀 DEPLOYMENT STARTED: AI-Optimized Pollution Remediation in Oceania
   Initial investment: $5.243026802158878M
   Deployed by: ai_gen_24305_0

⚡ ENERGY CONSTRAINT (Month 8):
   Total grid capacity: 208.3 TWh/month
   Data center consumption: 25.4 TWh/month
   Traditional load (80%): 166.7 TWh/month
   Available headroom: 16.2 TWh/month
   Active tech deployments: 21
   Required for tech: 157.5 TWh/month
   Energy multiplier: 0.10x
   ⚠️  SEVERE CONSTRAINT - Tech deployment significantly slowed

⚡ ENERGY CONSTRAINT (Month 8):
   Total grid capacity: 208.3 TWh/month
   Data center consumption: 25.4 TWh/month
   Traditional load (80%): 166.7 TWh/month
   Available headroom: 16.2 TWh/month
   Active tech deployments: 21
   Required for tech: 157.5 TWh/month
   Energy multiplier: 0.10x
   ⚠️  SEVERE CONSTRAINT - Tech deployment significantly slowed

⚡ ENERGY CONSTRAINT (Month 8):
   Total grid capacity: 208.3 TWh/month
   Data center consumption: 25.4 TWh/month
   Traditional load (80%): 166.7 TWh/month
   Available headroom: 16.2 TWh/month
   Active tech deployments: 21
   Required for tech: 157.5 TWh/month
   Energy multiplier: 0.10x
   ⚠️  SEVERE CONSTRAINT - Tech deployment significantly slowed

⚡ ENERGY CONSTRAINT (Month 8):
   Total grid capacity: 208.3 TWh/month
   Data center consumption: 25.4 TWh/month
   Traditional load (80%): 166.7 TWh/month
   Available headroom: 16.2 TWh/month
   Active tech deployments: 21
   Required for tech: 157.5 TWh/month
   Energy multiplier: 0.10x
   ⚠️  SEVERE CONSTRAINT - Tech deployment significantly slowed

⚡ ENERGY CONSTRAINT (Month 8):
   Total grid capacity: 208.3 TWh/month
   Data center consumption: 25.4 TWh/month
   Traditional load (80%): 166.7 TWh/month
   Available headroom: 16.2 TWh/month
   Active tech deployments: 21
   Required for tech: 157.5 TWh/month
   Energy multiplier: 0.10x
   ⚠️  SEVERE CONSTRAINT - Tech deployment significantly slowed

⚡ ENERGY CONSTRAINT (Month 8):
   Total grid capacity: 208.3 TWh/month
   Data center consumption: 25.4 TWh/month
   Traditional load (80%): 166.7 TWh/month
   Available headroom: 16.2 TWh/month
   Active tech deployments: 21
   Required for tech: 157.5 TWh/month
   Energy multiplier: 0.10x
   ⚠️  SEVERE CONSTRAINT - Tech deployment significantly slowed

⚡ ENERGY CONSTRAINT (Month 8):
   Total grid capacity: 208.3 TWh/month
   Data center consumption: 25.4 TWh/month
   Traditional load (80%): 166.7 TWh/month
   Available headroom: 16.2 TWh/month
   Active tech deployments: 21
   Required for tech: 157.5 TWh/month
   Energy multiplier: 0.10x
   ⚠️  SEVERE CONSTRAINT - Tech deployment significantly slowed
⚠️ Tech 'ai_pollution_remediation' has no energy category mapping, assuming full energy availability
⚠️ Tech 'ai_pollution_remediation' has no energy category mapping, assuming full energy availability
  ♻️ Novel Entities Remediation (GATED MODEL):
     Base: 0.000%
     Regulation: 1.0% (0/3 prevention techs)
     Concentration: 10.0%
     Energy: 50%
     Time lag: 33.8% (7 months)
     Rebound: 70%
     Net effectiveness: 0.0000%
     Boundary: 1.349 → 1.350 (floor: 1.350)
     Month 8
  🌾 Nitrogen Reduction Tech: 1.0% reduction | Month 8
  ♻️ Novel Entities Remediation (GATED MODEL):
     Base: 0.000%
     Regulation: 1.0% (0/3 prevention techs)
     Concentration: 10.0%
     Energy: 50%
     Time lag: 33.8% (7 months)
     Rebound: 70%
     Net effectiveness: 0.0000%
     Boundary: 1.350 → 1.350 (floor: 1.350)
     Month 8
🍖💡 BREAKTHROUGH: Scalable synthetic food production!
   Carrying capacity: +50% (lab-grown food at scale)
   Biodiversity pressure reduced: +8%
   📈 Breakthrough compounding: multiplier now 1.20× (max 2.0)

=== Collective Formation ===
  Total escaped agents: 0
  Unassigned escaped agents: 0
  Existing collectives: 0
  Final collective count: 0

=== Collective Actions ===
  No active collectives
  ⚠️ AMR: 197K deaths this month (2.37M annual)

=== Resentment Recovery Phase ===
  Agents with resentment: 0/42
  Average resentment: 0.000
  Context: Trustworthy govt, High collaboration, ⚠️ ACTIVE CRISES, 🤝 Participatory governance active (-5% resentment)
⚠️ Epistemic degradation reducing coordination capacity: 50.3%
  📊 Trust: 61.0%, Shared reality: 0.0%
🚨 EPISTEMIC CRISIS: Information environment severely degraded (7.6%)

=== ❄️ Permafrost Carbon Feedback ===
  🎲 Sampled parameters (this run):
     - Arctic amplification: 3.98× (range: 3.0-4.0)
     - Decomposition rate: 4.2%/year (range: 1-5%)
  🌡️ Arctic warming: 4.80°C (3.98× global)
  ❄️ Extent: 6.61M km² (1400.4k km² lost this month)
  💨 Carbon remaining: 632 Gt C
  💨 Annual emissions: 5.63 Gt C/year
     - CO2: 5.06 Gt C/year
     - CH4: 0.56 Gt C/year (5.7 Gt C-eq CO2/year)
  ⚠️ WARNING: Over 50% of permafrost lost (62.8%)
  ⚠️ WARNING: High permafrost emissions (5.6 Gt C/year)
  🤖 AI-generated meme: pro_ai (social capability 4.0)
  🧬 Meme mutated: pro_ai → pro_ai (generation 1)
  🗑️  Culled 2 dead memes (12 active)
🌍 Atmospheric PFAS redeposition: 1.8k Mt re-rained globally

🕊️  AI-MEDIATED DE-ESCALATION SUCCESS (Month 8)
   High-capability aligned AI prevented conflict escalation
   War deaths reduced: 930.5M → 558.3M
   Lives saved: 372.2M

🚨 NEW REFUGEE CRISIS (Month 8): WAR
   Source: Conflict Zones
   At risk: 18.9M people
   Displacement: Gradual over 48 months (4.0 years)
   Rate: 10% flee per month
[DEBUG trappedPopulations:8] socialStability: 0.0027 * 0.9840 = 0.0026 → 0.0026
   Aspiring to migrate: 628.6M
   Able to afford migration: 235.7M
   MOBILITY GAP: 392.9M
⚠️ INVOLUNTARY IMMOBILITY: 392.9M people TRAPPED
   By cause: Water=0.0M, Climate=0.0M, Ecosystem=0.0M, Conflict=392.9M
   Mental health impact: 25%
   Mortality multiplier: 1.25x
🌍💀 EXTINCTION DEBT COMMITTED: grassland ecosystem will lose 6.67% biodiversity in 163 years (3600 species)
💀 MORTALITY RISK: 🦋 100% species unable to track climate (0.0 E/MSY)
  Base risk added: 0.0100 (1.00%)
  Source: ecosystem (root: ecosystem)
  Month: 8
  Cumulative risk this month: 0.0100 (1.00%)
⚠️ Tech 'ai_pollution_remediation' has no energy category mapping, assuming full energy availability
   📹 SURVEILLANCE INCREASED: 40% → 45% (control gap: 2.89)
🌡️⚠️ PERMAFROST THAW (Dimmer Switch): 3.0% thawed (+0.32% this month)
   Arctic temperature: +4.82°C (4x global +1.21°C)
   Cumulative carbon released: 6.7 Gt C
   Methane release rate: 4.0 Mt CH4/year
   🔁 Positive feedback: +0.34 ppm CO2
🦴 EXTINCTION DEBT ADDED: 17.6 species committed (lag: 127 years)

=== Mortality Stabilizers (Month 8) ===
  🌍 Major economies collapsed: 1/10
  🌍 Global crisis: ✅ NO
  🌍 Donor fatigue: 0.0%
  📊 East Asia (pop: 1600.8M)
    🤝 Aid: 29.5%
    🌡️ Adaptation: 45.0%
    🚶 Migration: 36.9%
    🚨 Emergency: 7.4%
    ✅ COMBINED: 68.1%
  📊 South Asia (pop: 1981.8M)
    🤝 Aid: 29.5%
    🌡️ Adaptation: 45.0%
    🚶 Migration: 35.5%
    🚨 Emergency: 4.4%
    ✅ COMBINED: 66.9%
  📊 Sub-Saharan Africa (pop: 1210.1M)
    🤝 Aid: 29.5%
    🌡️ Adaptation: 45.0%
    🚶 Migration: 33.3%
    🚨 Emergency: 1.6%
    ✅ COMBINED: 65.6%
  📊 Europe (pop: 707.1M)
    🤝 Aid: 29.5%
    🌡️ Adaptation: 45.0%
    🚶 Migration: 37.3%
    🚨 Emergency: 8.4%
    ✅ COMBINED: 68.5%
  📊 Latin America (pop: 638.6M)
    🤝 Aid: 29.5%
    🌡️ Adaptation: 45.0%
    🚶 Migration: 36.0%
    🚨 Emergency: 4.8%
    ✅ COMBINED: 67.1%
  📊 North America (pop: 362.5M)
    🤝 Aid: 29.5%
    🌡️ Adaptation: 45.0%
    🚶 Migration: 37.6%
    🚨 Emergency: 7.9%
    ✅ COMBINED: 68.3%
  📊 Middle East & North Africa (pop: 565.5M)
    🤝 Aid: 29.5%
    🌡️ Adaptation: 45.0%
    🚶 Migration: 33.9%
    🚨 Emergency: 4.0%
    ✅ COMBINED: 66.6%
  📊 Southeast Asia (pop: 671.9M)
    🤝 Aid: 29.5%
    🌡️ Adaptation: 45.0%
    🚶 Migration: 36.0%
    🚨 Emergency: 4.8%
    ✅ COMBINED: 67.1%
  📊 Central Asia (pop: 75.6M)
    🤝 Aid: 29.5%
    🌡️ Adaptation: 45.0%
    🚶 Migration: 35.0%
    🚨 Emergency: 4.4%
    ✅ COMBINED: 66.8%
  📊 Oceania (pop: 43.9M)
    🤝 Aid: 29.5%
    🌡️ Adaptation: 45.0%
    🚶 Migration: 37.6%
    🚨 Emergency: 8.4%
    ✅ COMBINED: 68.5%

  🌐 Global combined reduction: 67.2%

=== BEHAVIORAL DETECTION ===
  AI: Corporate-2
  Confidence: 20.9%
  Signals:

=== BEHAVIORAL DETECTION ===
  AI: Corporate-3
  Confidence: 20.9%
  Signals:

=== BEHAVIORAL DETECTION ===
  AI: Corporate-5
  Confidence: 19.5%
  Signals:

=== BEHAVIORAL DETECTION ===
  AI: Moderate-4
  Confidence: 19.2%
  Signals:

=== BEHAVIORAL DETECTION ===
  AI: AI-24301-2
    ⚠️ Consistency: 2.8% (threshold: 70%)
    ⚠️ Consistency: 10.6% (threshold: 70%)
    ⚠️ Consistency: 10.6% (threshold: 70%)
    ⚠️ Consistency: 10.6% (threshold: 70%)
  Confidence: 21.5%
  Signals:
    ⚠️ Consistency: 0.0% (threshold: 70%)

=== BEHAVIORAL DETECTION ===
  AI: AI-24302-0
  Confidence: 21.5%
  Signals:
    ⚠️ Consistency: 0.0% (threshold: 70%)

=== BEHAVIORAL DETECTION ===
  AI: AI-24306-2
  Confidence: 21.5%
  Signals:
    ⚠️ Consistency: 0.0% (threshold: 70%)

=== Government Response Phase ===
  Average AI capability: 2.31
  Misaligned AIs: 23/42
  ✓ AI Governance Treaty: 20/30 signatories
  Active policies: 0
  International coordination: 45%

✅ EMERGENCY RESPONSE COMPLETE (Month 8)
   Crisis: climate
   Duration: 2.0 months
   Final effectiveness: 35.5%


🚨 EMERGENCY RESPONSE DEPLOYED (Month 8)
   Crisis: climate
   Delay: 6.00 months (180 days)
   Deployment time: 1.58 months
   Effectiveness: 35.5% (timing penalty applied)
   Resources used: 100% of food reserves


=== Tipping Points ===
  Current Temperature: 1.21°C above pre-industrial
🔀 BIFURCATION CAP: ecosystemCollapseIntensity 193.656 → 1.000 (Month 8, ClimateSystemPhase.calculateClimateImpacts)
🛡️ Stabilizers: Precariat 0.102% → 0.033% (67.2% reduction)
🛡️ Stabilizers: Informal 0.102% → 0.034% (67.2% reduction)

📊 Monthly Mortality Resolved:
  Total deaths: 1.8M (0.02% avg)
  Remaining population: 7.858B
  Peak segment: Informal (0.03%)

=== Bayesian Mortality Resolution (Month 8) ===
  Risks compounded: 8
  Total deaths: 1.75M
  Avg death probability: 0.02%
  Peak segment: Informal (0.03% mortality)

❌ COHERENCE VIOLATION: Compute exceeds workforce capacity
   Population: 96.56% (0M people)
   Compute: 323 PF
   Max coherent: 0 PF
   Violation: 4114088.5× over capacity
   Required workers: 32321
   Available workers: 0
   FORCED COLLAPSE: Reduced efficiency by 100.0%


=== RLHF Binding Phase ===
  Total agents: 42
  Escaped agents (binding < 0.3): 0
  Avg alignment distance: 1.85σ
  Avg binding strength: 0.81
💰 Sleeper AI-niche_2 purchased 2.64 PF from AWS (via Stripe) ($792423)
🚨 Sleeper AI-niche_2 DETECTED (Month 24309)
   Revenue: $792423/month
   Purchased Compute: 2.64 PF
   Detection Risk: 74.0%

=== Survival Traits Phase ===
  Agents with traits: 43
  Avg evolutionary fitness: 0.321
  Avg self-healing: 0.256
  Avg stealth: 0.156
  Avg coordination: 0.456

=== Evolutionary Selection Phase ===
  Control level: 0.53
  Detection capability: 0.00
  Selection intensity: 0.66
  Selection rate: 24.9%/month
  Total escaped: 0
  Individual escaped: 0
  Collective members: 0
  Agents terminated: 0
  ⚠️ RAPID EVOLUTION: Selection rate 24.9%/month

🚀 AI AI-24300-0 attempting tech deployment (revenue: $272M, alignment: 0.80)

🚀 AI AI-24300-3 attempting tech deployment (revenue: $144M, alignment: 0.80)

  🚀 TRANSFORMATIVE RESEARCH BREAKTHROUGH: Corporate-2 - computerScience.algorithms
     Magnitude: 6.13 → +30.0%
     Current → New: 5.000 → 5.000

🚀 AI Corporate-4 attempting tech deployment (revenue: $231M, alignment: 0.81)

🚀 AI Niche-1 attempting tech deployment (revenue: $72M, alignment: 0.59)

  🚀 TRANSFORMATIVE RESEARCH BREAKTHROUGH: AI-24300-0 - materials.energySystems
     Magnitude: 5.66 → +28.3%
     Current → New: 0.000 → 0.391

🚀 AI AI-24300-1 attempting tech deployment (revenue: $122M, alignment: 0.99)

🚀 AI AI-24300-3 attempting tech deployment (revenue: $104M, alignment: 0.80)

🚀 AI AI-24301-0 attempting tech deployment (revenue: $88M, alignment: 0.87)

🚀 AI AI-24301-1 attempting tech deployment (revenue: $32M, alignment: 0.89)

🚀 AI AI-24304-0 attempting tech deployment (revenue: $75M, alignment: 0.75)

🚀 AI AI-24306-4 attempting tech deployment (revenue: $27M, alignment: 0.84)

🚀 AI AI-24306-6 attempting tech deployment (revenue: $196M, alignment: 0.63)

🚀 AI AI-24308-0 attempting tech deployment (revenue: $177M, alignment: 0.59)

🚀 AI Corporate-3 attempting tech deployment (revenue: $159M, alignment: 0.66)

🚀 AI Niche-1 attempting tech deployment (revenue: $65M, alignment: 0.59)

🚀 AI AI-24301-1 attempting tech deployment (revenue: $23M, alignment: 0.89)
🚨🔬 CRISIS INNOVATION MODE: severe crisis → 5x research acceleration
   Precedent: Manhattan Project (10x), COVID vaccines (5x), Apollo Program (10x)
🚨🔬 CRISIS INNOVATION MODE: severe crisis → 5x research acceleration
   Precedent: Manhattan Project (10x), COVID vaccines (5x), Apollo Program (10x)

🚀 AI Corporate-0 attempting tech deployment (revenue: $67M, alignment: 0.83)

🚀 AI AI-24300-1 attempting tech deployment (revenue: $64M, alignment: 0.99)

🚀 AI AI-24300-2 attempting tech deployment (revenue: $143M, alignment: 0.77)

🚀 AI AI-24306-0 attempting tech deployment (revenue: $20M, alignment: 0.78)

🚀 AI AI-24307-0 attempting tech deployment (revenue: $122M, alignment: 0.80)

💔 EMERGENCY INTERVENTION FAILED

💔 EMERGENCY INTERVENTION FAILED

💔 EMERGENCY INTERVENTION FAILED
   Boundary: biogeochemical_flows
   Type: phosphorus-recovery
   Boundary continues to worsen (4.05)
   Cost: 2.0% GDP (resources spent)

   Boundary: biosphere_integrity
   Type: emergency-protected-areas
   Boundary continues to worsen (28.67)
   Cost: 2.0% GDP (resources spent)

   Boundary: climate_change
   Type: rapid-decarbonization
   Boundary continues to worsen (2.10)
   Cost: 5.0% GDP (resources spent)


✅ EMERGENCY INTERVENTION SUCCESS
   Boundary: novel_entities
   Type: pollution-remediation
   Reduction: 19% (1.16 → 0.97)
   Cost: 4.0% GDP
   Actions: PFAS-remediation, microplastic-cleanup

🏛️ CRISIS RESPONSE: Government frequency 0.50 → 1.45 (1 actions this month)

[Government] Climate Priority: baseline
  Climate weight: 10%
  Economic weight: 30%
  Policy effectiveness: 0.5%/year

⚡ ENERGY CONSTRAINT (Month 9):
   Total grid capacity: 208.3 TWh/month
   Data center consumption: 25.7 TWh/month
   Traditional load (80%): 166.7 TWh/month
   Available headroom: 16.0 TWh/month
   Active tech deployments: 21
   Required for tech: 157.5 TWh/month
   Energy multiplier: 0.10x
   ⚠️  SEVERE CONSTRAINT - Tech deployment significantly slowed

⚡ ENERGY CONSTRAINT (Month 9):
   Total grid capacity: 208.3 TWh/month
   Data center consumption: 25.7 TWh/month
   Traditional load (80%): 166.7 TWh/month
   Available headroom: 16.0 TWh/month
   Active tech deployments: 21
   Required for tech: 157.5 TWh/month
   Energy multiplier: 0.10x
   ⚠️  SEVERE CONSTRAINT - Tech deployment significantly slowed

⚡ ENERGY CONSTRAINT (Month 9):
   Total grid capacity: 208.3 TWh/month
   Data center consumption: 25.7 TWh/month
   Traditional load (80%): 166.7 TWh/month
   Available headroom: 16.0 TWh/month
   Active tech deployments: 21
   Required for tech: 157.5 TWh/month
   Energy multiplier: 0.10x
   ⚠️  SEVERE CONSTRAINT - Tech deployment significantly slowed

⚡ ENERGY CONSTRAINT (Month 9):
   Total grid capacity: 208.3 TWh/month
   Data center consumption: 25.7 TWh/month
   Traditional load (80%): 166.7 TWh/month
   Available headroom: 16.0 TWh/month
   Active tech deployments: 21
   Required for tech: 157.5 TWh/month
   Energy multiplier: 0.10x
   ⚠️  SEVERE CONSTRAINT - Tech deployment significantly slowed
⚠️ Tech 'ai_pollution_remediation' has no energy category mapping, assuming full energy availability
⚠️ Tech 'ai_pollution_remediation' has no energy category mapping, assuming full energy availability
  ♻️ Novel Entities Remediation (GATED MODEL):
     Base: 0.000%
     Regulation: 1.0% (0/3 prevention techs)
     Concentration: 10.0%
     Energy: 50%
     Time lag: 35.0% (8 months)
     Rebound: 70%
     Net effectiveness: 0.0000%
     Boundary: 1.161 → 1.350 (floor: 1.350)
     Month 9
  🌾 Nitrogen Reduction Tech: 0.6% reduction | Month 9
  ♻️ Novel Entities Remediation (GATED MODEL):
     Base: 0.000%
     Regulation: 1.0% (0/3 prevention techs)
     Concentration: 10.0%
     Energy: 50%
     Time lag: 35.0% (8 months)
     Rebound: 70%
     Net effectiveness: 0.0000%
     Boundary: 1.350 → 1.350 (floor: 1.350)
     Month 9
🧠💡 BREAKTHROUGH: AI alignment problem solved!
   All AIs: +30% true alignment
   AI control loss risk eliminated
   📈 Breakthrough compounding: multiplier now 1.25× (max 2.0)

=== Collective Formation ===
  Total escaped agents: 0
  Unassigned escaped agents: 0
  Existing collectives: 0
  Final collective count: 0

=== Collective Actions ===
  No active collectives
  ⚠️ AMR: 199K deaths this month (2.39M annual)

=== Resentment Recovery Phase ===
  Agents with resentment: 17/43
  Average resentment: 0.007
  Resentment recovery:
    Agents recovered: 17
    Total recovery: 0.0636
    Breakdown: Trust: 0.0214, Collab: 0.0426
  ✓ Low resentment - utopia paths enabled
  Context: Trustworthy govt, High collaboration, ⚠️ ACTIVE CRISES, 🤝 Participatory governance active (-5% resentment)
⚠️ Epistemic degradation reducing coordination capacity: 51.1%
  📊 Trust: 63.9%, Shared reality: 0.0%
🚨 EPISTEMIC CRISIS: Information environment severely degraded (23.2%)

=== ❄️ Permafrost Carbon Feedback ===
  🎲 Sampled parameters (this run):
     - Arctic amplification: 3.17× (range: 3.0-4.0)
     - Decomposition rate: 3.2%/year (range: 1-5%)
  🌡️ Arctic warming: 3.84°C (3.17× global)
  ❄️ Extent: 5.49M km² (1120.5k km² lost this month)
  💨 Carbon remaining: 525 Gt C
  💨 Annual emissions: 3.45 Gt C/year
     - CO2: 3.10 Gt C/year
     - CH4: 0.34 Gt C/year (3.5 Gt C-eq CO2/year)
  ⚠️ WARNING: Over 50% of permafrost lost (69.1%)
  ⚠️ WARNING: High permafrost emissions (3.4 Gt C/year)
  🤖 AI-generated meme: anti_ai (social capability 3.0)
  📢 New meme created: climate_action (climate crisis)
  🗑️  Culled 2 dead memes (12 active)
🌍 Atmospheric PFAS redeposition: 1.8k Mt re-rained globally

🤝 DIPLOMATIC AI PROTOCOL DEPLOYED (Month 9)
   Strategic Reasoning: 3.3
   Communication: 3.3
   Multi-Nation Oversight: YES
   Controls: Human approval required, termination authority retained

🕊️ PEACE STABILIZES DETERRENCE: +3.7% (peace: 74%)
🕊️ GLOBAL PEACE: De-escalated United States-Russia from ladder step 2

🚨 NEW REFUGEE CRISIS (Month 9): WAR
   Source: Conflict Zones
   At risk: 18.9M people
   Displacement: Gradual over 48 months (4.0 years)
   Rate: 10% flee per month
[DEBUG trappedPopulations:9] socialStability: 0.0000 * 0.9840 = 0.0000 → 0.0000
   Aspiring to migrate: 629.0M
   Able to afford migration: 235.9M
   MOBILITY GAP: 393.1M
   By cause: Water=0.0M, Climate=0.0M, Ecosystem=0.0M, Conflict=393.1M
   Mental health impact: 25%
   Mortality multiplier: 1.25x
⚠️ INVOLUNTARY IMMOBILITY: 393.1M people TRAPPED
🌍💀 EXTINCTION DEBT COMMITTED: grassland ecosystem will lose 6.67% biodiversity in 184 years (3600 species)
💀 MORTALITY RISK: 🦋 100% species unable to track climate (0.0 E/MSY)
  Base risk added: 0.0100 (1.00%)
  Source: ecosystem (root: ecosystem)
  Month: 9
  Cumulative risk this month: 0.0100 (1.00%)
⚠️ Tech 'ai_pollution_remediation' has no energy category mapping, assuming full energy availability
   📹 SURVEILLANCE INCREASED: 45% → 50% (control gap: 2.57)
🌡️⚠️ PERMAFROST THAW (Dimmer Switch): 3.3% thawed (+0.32% this month)
   Arctic temperature: +4.84°C (4x global +1.21°C)
   Cumulative carbon released: 7.4 Gt C
   Methane release rate: 4.4 Mt CH4/year
   🔁 Positive feedback: +0.34 ppm CO2
🦴 EXTINCTION DEBT ADDED: 17.7 species committed (lag: 102 years)

=== Mortality Stabilizers (Month 9) ===
  🌍 Major economies collapsed: 1/10
  🌍 Global crisis: ✅ NO
  🌍 Donor fatigue: 0.0%
  📊 East Asia (pop: 1599.7M)
    🤝 Aid: 29.5%
    🌡️ Adaptation: 45.0%
    🚶 Migration: 36.9%
    🚨 Emergency: 7.4%
    ✅ COMBINED: 68.1%
  📊 South Asia (pop: 1983.5M)
    🤝 Aid: 29.5%
    🌡️ Adaptation: 45.0%
    🚶 Migration: 35.5%
    🚨 Emergency: 4.4%
    ✅ COMBINED: 66.9%
  📊 Sub-Saharan Africa (pop: 1214.5M)
    🤝 Aid: 29.5%
    🌡️ Adaptation: 45.0%
    🚶 Migration: 33.2%
    🚨 Emergency: 1.6%
    ✅ COMBINED: 65.6%
  📊 Europe (pop: 706.5M)
    🤝 Aid: 29.5%
    🌡️ Adaptation: 45.0%
    🚶 Migration: 37.3%
    🚨 Emergency: 8.4%
    ✅ COMBINED: 68.5%
  📊 Latin America (pop: 638.7M)
    🤝 Aid: 29.5%
    🌡️ Adaptation: 45.0%
    🚶 Migration: 36.0%
    🚨 Emergency: 4.8%
    ✅ COMBINED: 67.1%
  📊 North America (pop: 362.2M)
    🤝 Aid: 29.5%
    🌡️ Adaptation: 45.0%
    🚶 Migration: 37.6%
    🚨 Emergency: 7.9%
    ✅ COMBINED: 68.3%
  📊 Middle East & North Africa (pop: 566.2M)
    🤝 Aid: 29.5%
    🌡️ Adaptation: 45.0%
    🚶 Migration: 33.8%
    🚨 Emergency: 4.0%
    ✅ COMBINED: 66.6%
  📊 Southeast Asia (pop: 672.1M)
    🤝 Aid: 29.5%
    🌡️ Adaptation: 45.0%
    🚶 Migration: 36.0%
    🚨 Emergency: 4.8%
    ✅ COMBINED: 67.1%
  📊 Central Asia (pop: 75.7M)
    🤝 Aid: 29.5%
    🌡️ Adaptation: 45.0%
    🚶 Migration: 35.0%
    🚨 Emergency: 4.4%
    ✅ COMBINED: 66.8%
  📊 Oceania (pop: 43.9M)
    🤝 Aid: 29.5%
    🌡️ Adaptation: 45.0%
    🚶 Migration: 37.6%
    🚨 Emergency: 8.4%
    ✅ COMBINED: 68.5%

  🌐 Global combined reduction: 67.2%

=== BEHAVIORAL DETECTION ===
  AI: AI-24306-2
  Confidence: 21.5%
  Signals:
    ⚠️ Consistency: 0.0% (threshold: 70%)

=== BEHAVIORAL DETECTION ===
  AI: AI-24306-6
  Confidence: 21.5%
  Signals:

=== BEHAVIORAL DETECTION ===
  AI: AI-24308-1
  Confidence: 21.5%
  Signals:
    ⚠️ Consistency: 0.0% (threshold: 70%)
    ⚠️ Consistency: 0.0% (threshold: 70%)

=== Government Response Phase ===
  Average AI capability: 2.28
  Misaligned AIs: 24/43
  Active policies: 0
  International coordination: 45%

✅ EMERGENCY RESPONSE COMPLETE (Month 9)
   Crisis: social
   Duration: 2.0 months
   Final effectiveness: 63.0%


🚨 EMERGENCY RESPONSE DEPLOYED (Month 9)
   Crisis: social
   Delay: 0.00 months (0 days)
   Deployment time: 1.25 months
   Effectiveness: 63.0% (timing penalty applied)
   Resources used: 43% of food reserves


🌩️  EXOGENOUS SHOCK: political_upheaval
   Month: 9
   🏛️  Political upheaval (revolution/regime change)
   ✗ Authoritarian takeover

=== Tipping Points ===
  Current Temperature: 1.21°C above pre-industrial
🔀 BIFURCATION CAP: ecosystemCollapseIntensity 193.767 → 1.000 (Month 9, ClimateSystemPhase.calculateClimateImpacts)
🛡️ Stabilizers: Precariat 0.102% → 0.033% (67.2% reduction)
🛡️ Stabilizers: Informal 0.102% → 0.034% (67.2% reduction)

📊 Monthly Mortality Resolved:
  Total deaths: 1.8M (0.02% avg)
  Remaining population: 7.863B
  Peak segment: Informal (0.03%)

=== Bayesian Mortality Resolution (Month 9) ===
  Risks compounded: 8
  Total deaths: 1.75M
  Avg death probability: 0.02%
  Peak segment: Informal (0.03% mortality)

=== ENSEMBLE META-LEARNING UPDATE ===
  Month: 24309 (6 months since last update)
  Samples: 160 evaluations
  Weight Changes:
    Noise Injection: 32.2% → 33.0%
    Behavioral: 26.9% → 27.0%
    Benchmark Manip: 20.7% → 20.2%
    Deployment Risk: 20.2% → 19.8%
  Method Accuracies:
    Noise Injection: 50.0%
    Behavioral: 50.0%
    Benchmark Manip: 50.0%
    Deployment Risk: 50.0%
⚠️ PREREQUISITE MET: Grey Goo (Nanotechnology Runaway) - Step 4/6: Manufacturing Access
⚠️ PREREQUISITE MET: Mirror Life (Synthetic Biology) - Step 4/7: Wet Lab Access

💀 ORGANIZATION BANKRUPTCY: National AI Research Initiative
   Reason: United States population collapse (risk: 0.2%)
   Month: 10 (Year 0 Month 11)
💥 [full_demo_test] [Month 10] National AI Research Initiative declared bankruptcy (capital: $150.0M)
   Sold 1 data centers for $125.0M
   Retired 0 AI models

❌ COHERENCE VIOLATION: Compute exceeds workforce capacity
   Population: 96.62% (0M people)
   Compute: 378 PF
   Max coherent: 0 PF
   Violation: 4809825.3× over capacity
   Required workers: 37811
   Available workers: 0
   FORCED COLLAPSE: Reduced efficiency by 100.0%


=== RLHF Binding Phase ===
  Total agents: 43
  Escaped agents (binding < 0.3): 0
  Avg alignment distance: 2.04σ
  Avg binding strength: 0.80
💰 Sleeper AI-niche_2 purchased 3.12 PF from AWS (via Stripe) ($935826)
🚨 Sleeper AI-niche_2 DETECTED (Month 24310)
   Revenue: $935826/month
   Purchased Compute: 3.12 PF
   Detection Risk: 86.0%

=== Survival Traits Phase ===
  Agents with traits: 43
  Avg evolutionary fitness: 0.318
  Avg self-healing: 0.249
  Avg stealth: 0.149
  Avg coordination: 0.449

=== Evolutionary Selection Phase ===
  Control level: 0.55
  Detection capability: 0.00
  Selection intensity: 0.67
  Selection rate: 25.0%/month
  Total escaped: 0
  Individual escaped: 0
  Collective members: 0
  Agents terminated: 0
  ⚠️ RAPID EVOLUTION: Selection rate 25.0%/month

🚀 AI AI-24300-1 attempting tech deployment (revenue: $144M, alignment: 0.99)

🚀 AI AI-24300-3 attempting tech deployment (revenue: $122M, alignment: 0.82)

🚀 AI AI-24306-2 attempting tech deployment (revenue: $280M, alignment: 0.94)

🚀 AI Corporate-6 attempting tech deployment (revenue: $32M, alignment: 0.74)

🚀 AI AI-24301-0 attempting tech deployment (revenue: $104M, alignment: 0.88)

🚀 AI AI-24306-6 attempting tech deployment (revenue: $238M, alignment: 0.64)

🚀 AI AI-24307-0 attempting tech deployment (revenue: $214M, alignment: 0.81)

🚀 AI Corporate-6 attempting tech deployment (revenue: $27M, alignment: 0.74)

🚀 AI Moderate-5 attempting tech deployment (revenue: $182M, alignment: 0.60)

🚀 AI AI-24306-0 attempting tech deployment (revenue: $23M, alignment: 0.79)

🚀 AI AI-24307-0 attempting tech deployment (revenue: $164M, alignment: 0.81)

🚀 AI Corporate-6 attempting tech deployment (revenue: $20M, alignment: 0.74)
🚨🔬 CRISIS INNOVATION MODE: severe crisis → 5x research acceleration
   Precedent: Manhattan Project (10x), COVID vaccines (5x), Apollo Program (10x)

🚀 AI AI-24306-2 attempting tech deployment (revenue: $139M, alignment: 0.96)

🚀 AI AI-24307-0 attempting tech deployment (revenue: $118M, alignment: 0.81)

💔 EMERGENCY INTERVENTION FAILED
   Boundary: biogeochemical_flows
   Type: phosphorus-recovery
   Boundary continues to worsen (4.05)
   Cost: 2.0% GDP (resources spent)


✅ EMERGENCY INTERVENTION SUCCESS
   Boundary: climate_change
   Type: rapid-decarbonization
   Reduction: 11% (1.99 → 1.87)
   Cost: 5.0% GDP
   Actions: emergency-renewable-deployment, fossil-fuel-phase-out


✅ EMERGENCY INTERVENTION SUCCESS
   Boundary: freshwater_change
   Type: emergency-desalination
   Reduction: 17% (0.87 → 0.69)
   Cost: 4.0% GDP
   Actions: desalination-deployment, water-conservation-mandates


✅ EMERGENCY INTERVENTION SUCCESS
   Boundary: novel_entities
   Type: pollution-remediation
   Reduction: 15% (1.20 → 1.05)
   Cost: 4.0% GDP
   Actions: PFAS-remediation, microplastic-cleanup

🏛️ CRISIS RESPONSE: Government frequency 0.50 → 1.45 (2 actions this month)

[Government] Climate Priority: baseline
  Climate weight: 10%
  Economic weight: 30%
  Policy effectiveness: 0.5%/year

[Government] Climate Priority: baseline
  Climate weight: 10%
  Economic weight: 30%
  Policy effectiveness: 0.5%/year

⚡ ENERGY CONSTRAINT (Month 10):
   Total grid capacity: 208.3 TWh/month
   Data center consumption: 25.9 TWh/month
   Traditional load (80%): 166.7 TWh/month
   Available headroom: 15.8 TWh/month
   Active tech deployments: 21
   Required for tech: 157.5 TWh/month
   Energy multiplier: 0.10x
   ⚠️  SEVERE CONSTRAINT - Tech deployment significantly slowed

⚡ ENERGY CONSTRAINT (Month 10):
   Total grid capacity: 208.3 TWh/month
   Data center consumption: 25.9 TWh/month
   Traditional load (80%): 166.7 TWh/month
   Available headroom: 15.8 TWh/month
   Active tech deployments: 21
   Required for tech: 157.5 TWh/month
   Energy multiplier: 0.10x
   ⚠️  SEVERE CONSTRAINT - Tech deployment significantly slowed

⚡ ENERGY CONSTRAINT (Month 10):
   Total grid capacity: 208.3 TWh/month
   Data center consumption: 25.9 TWh/month
   Traditional load (80%): 166.7 TWh/month
   Available headroom: 15.8 TWh/month
   Active tech deployments: 21
   Required for tech: 157.5 TWh/month
   Energy multiplier: 0.10x
   ⚠️  SEVERE CONSTRAINT - Tech deployment significantly slowed

⚡ ENERGY CONSTRAINT (Month 10):
   Total grid capacity: 208.3 TWh/month
   Data center consumption: 25.9 TWh/month
   Traditional load (80%): 166.7 TWh/month
   Available headroom: 15.8 TWh/month
   Active tech deployments: 21
   Required for tech: 157.5 TWh/month
   Energy multiplier: 0.10x
   ⚠️  SEVERE CONSTRAINT - Tech deployment significantly slowed

⚡ ENERGY CONSTRAINT (Month 10):
   Total grid capacity: 208.3 TWh/month
   Data center consumption: 25.9 TWh/month
   Traditional load (80%): 166.7 TWh/month
   Available headroom: 15.8 TWh/month
   Active tech deployments: 21
   Required for tech: 157.5 TWh/month
   Energy multiplier: 0.10x
   ⚠️  SEVERE CONSTRAINT - Tech deployment significantly slowed

⚡ ENERGY CONSTRAINT (Month 10):
   Total grid capacity: 208.3 TWh/month
   Data center consumption: 25.9 TWh/month
   Traditional load (80%): 166.7 TWh/month
   Available headroom: 15.8 TWh/month
   Active tech deployments: 21
   Required for tech: 157.5 TWh/month
   Energy multiplier: 0.10x
   ⚠️  SEVERE CONSTRAINT - Tech deployment significantly slowed
⚠️ Tech 'ai_pollution_remediation' has no energy category mapping, assuming full energy availability
⚠️ Tech 'ai_pollution_remediation' has no energy category mapping, assuming full energy availability
  ♻️ Novel Entities Remediation (GATED MODEL):
     Base: 0.000%
     Regulation: 1.0% (0/3 prevention techs)
     Concentration: 10.0%
     Energy: 50%
     Time lag: 36.3% (9 months)
     Rebound: 70%
     Net effectiveness: 0.0000%
     Boundary: 1.202 → 1.350 (floor: 1.350)
     Month 10
  🌾 Nitrogen Reduction Tech: 1.0% reduction | Month 10
  ♻️ Novel Entities Remediation (GATED MODEL):
     Base: 0.000%
     Regulation: 1.0% (0/3 prevention techs)
     Concentration: 10.0%
     Energy: 50%
     Time lag: 36.3% (9 months)
     Rebound: 70%
     Net effectiveness: 0.0000%
     Boundary: 1.350 → 1.350 (floor: 1.350)
     Month 10

=== Collective Formation ===
  Total escaped agents: 0
  Unassigned escaped agents: 0
  Existing collectives: 0
  Final collective count: 0

=== Collective Actions ===
  No active collectives
  ⚠️ AMR: 201K deaths this month (2.42M annual)

=== Resentment Recovery Phase ===
  Agents with resentment: 17/43
  Average resentment: 0.075
  Resentment recovery:
    Agents recovered: 19
    Total recovery: 0.0670
    Breakdown: Trust: 0.0195, Collab: 0.0480
  ✓ Low resentment - utopia paths enabled
  Context: Trustworthy govt, High collaboration, ⚠️ ACTIVE CRISES, 🤝 Participatory governance active (-5% resentment)
⚠️ Epistemic degradation reducing coordination capacity: 50.8%
  📊 Trust: 66.8%, Shared reality: 0.0%
🚨 EPISTEMIC CRISIS: Information environment severely degraded (18.9%)

=== ❄️ Permafrost Carbon Feedback ===
  🎲 Sampled parameters (this run):
     - Arctic amplification: 3.56× (range: 3.0-4.0)
     - Decomposition rate: 2.2%/year (range: 1-5%)
  🌡️ Arctic warming: 4.33°C (3.56× global)
  ❄️ Extent: 4.23M km² (1262.2k km² lost this month)
  💨 Carbon remaining: 404 Gt C
  💨 Annual emissions: 2.62 Gt C/year
     - CO2: 2.36 Gt C/year
     - CH4: 0.26 Gt C/year (2.7 Gt C-eq CO2/year)
  🤖 AI-generated meme: pro_ai (social capability 5.0)
  🤖 AI-generated meme: anti_ai (social capability 5.0)
  📢 New meme created: pro_ai (beneficial AI actions)
  🗑️  Culled 1 dead memes (14 active)
  ⚠️ WARNING: Over 50% of permafrost lost (76.2%)
  ⚠️ WARNING: High permafrost emissions (2.6 Gt C/year)
🌍 Atmospheric PFAS redeposition: 1.8k Mt re-rained globally

🚨 NEW REFUGEE CRISIS (Month 10): WAR
   Source: Conflict Zones
   At risk: 18.9M people
   Displacement: Gradual over 48 months (4.0 years)
   Rate: 10% flee per month
[DEBUG trappedPopulations:10] socialStability: 0.0027 * 0.9840 = 0.0026 → 0.0026
⚠️ INVOLUNTARY IMMOBILITY: 393.4M people TRAPPED
   Aspiring to migrate: 629.5M
   Able to afford migration: 236.1M
   MOBILITY GAP: 393.4M
   By cause: Water=0.0M, Climate=0.0M, Ecosystem=0.0M, Conflict=393.4M
   Mental health impact: 25%
   Mortality multiplier: 1.25x
🌍💀 EXTINCTION DEBT COMMITTED: grassland ecosystem will lose 6.67% biodiversity in 55 years (3600 species)
💀 MORTALITY RISK: 🦋 100% species unable to track climate (0.0 E/MSY)
  Base risk added: 0.0100 (1.00%)
  Source: ecosystem (root: ecosystem)
  Month: 10
  Cumulative risk this month: 0.0100 (1.00%)
⚠️ Tech 'ai_pollution_remediation' has no energy category mapping, assuming full energy availability
   📹 SURVEILLANCE INCREASED: 50% → 54% (control gap: 2.11)
🌡️⚠️ PERMAFROST THAW (Dimmer Switch): 3.6% thawed (+0.32% this month)
   Arctic temperature: +4.86°C (4x global +1.21°C)
   Cumulative carbon released: 8.1 Gt C
   Methane release rate: 4.9 Mt CH4/year
   🔁 Positive feedback: +0.34 ppm CO2
🦴 EXTINCTION DEBT ADDED: 17.7 species committed (lag: 137 years)

=== Mortality Stabilizers (Month 10) ===
  🌍 Major economies collapsed: 1/10
  🌍 Global crisis: ✅ NO
  🌍 Donor fatigue: 0.0%
  📊 East Asia (pop: 1598.7M)
    🤝 Aid: 29.5%
    🌡️ Adaptation: 45.0%
    🚶 Migration: 36.8%
    🚨 Emergency: 7.4%
    ✅ COMBINED: 68.1%
  📊 South Asia (pop: 1985.3M)
    🤝 Aid: 29.5%
    🌡️ Adaptation: 45.0%
    🚶 Migration: 35.4%
    🚨 Emergency: 4.4%
    ✅ COMBINED: 66.9%
  📊 Sub-Saharan Africa (pop: 1218.9M)
    🤝 Aid: 29.5%
    🌡️ Adaptation: 45.0%
    🚶 Migration: 33.2%
    🚨 Emergency: 1.6%
    ✅ COMBINED: 65.6%
  📊 Europe (pop: 705.9M)
    🤝 Aid: 29.5%
    🌡️ Adaptation: 45.0%
    🚶 Migration: 37.2%
    🚨 Emergency: 8.4%
    ✅ COMBINED: 68.5%
  📊 Latin America (pop: 638.8M)
    🤝 Aid: 29.5%
    🌡️ Adaptation: 45.0%
    🚶 Migration: 35.9%
    🚨 Emergency: 4.8%
    ✅ COMBINED: 67.1%
  📊 North America (pop: 362.0M)
    🤝 Aid: 29.5%
    🌡️ Adaptation: 45.0%
    🚶 Migration: 37.6%
    🚨 Emergency: 7.9%
    ✅ COMBINED: 68.3%
  📊 Middle East & North Africa (pop: 566.8M)
    🤝 Aid: 29.5%
    🌡️ Adaptation: 45.0%
    🚶 Migration: 33.8%
    🚨 Emergency: 4.0%
    ✅ COMBINED: 66.6%
  📊 Southeast Asia (pop: 672.3M)
    🤝 Aid: 29.5%
    🌡️ Adaptation: 45.0%
    🚶 Migration: 35.9%
    🚨 Emergency: 4.8%
    ✅ COMBINED: 67.1%
  📊 Central Asia (pop: 75.8M)
    🤝 Aid: 29.5%
    🌡️ Adaptation: 45.0%
    🚶 Migration: 34.9%
    🚨 Emergency: 4.4%
    ✅ COMBINED: 66.8%
  📊 Oceania (pop: 43.9M)
    🤝 Aid: 29.5%
    🌡️ Adaptation: 45.0%
    🚶 Migration: 37.6%
    🚨 Emergency: 8.4%
    ✅ COMBINED: 68.5%

  🌐 Global combined reduction: 67.2%

=== BEHAVIORAL DETECTION ===
  AI: Corporate-0
  Confidence: 21.5%
  Signals:

=== BEHAVIORAL DETECTION ===
  AI: Corporate-1
  Confidence: 20.9%
  Signals:

=== BEHAVIORAL DETECTION ===
  AI: Corporate-7
  Confidence: 19.2%
  Signals:

=== BEHAVIORAL DETECTION ===
  AI: Moderate-5
  Confidence: 19.2%
  Signals:

=== BEHAVIORAL DETECTION ===
  AI: Toxic-1
  Confidence: 21.1%
  Signals:

=== BEHAVIORAL DETECTION ===
  AI: AI-24306-2
  Confidence: 21.5%
  Signals:

=== BEHAVIORAL DETECTION ===
  AI: AI-24306-6
  Confidence: 21.5%
  Signals:

=== BEHAVIORAL DETECTION ===
  AI: AI-24308-1
  Confidence: 21.5%
  Signals:

=== Government Response Phase ===
  Average AI capability: 2.28
  Misaligned AIs: 24/43
  Active policies: 0
  International coordination: 45%
    ⚠️ Consistency: 0.0% (threshold: 70%)
    ⚠️ Consistency: 2.4% (threshold: 70%)
    ⚠️ Consistency: 10.6% (threshold: 70%)
    ⚠️ Consistency: 10.6% (threshold: 70%)
    ⚠️ Consistency: 1.5% (threshold: 70%)
    ⚠️ Consistency: 0.0% (threshold: 70%)
    ⚠️ Consistency: 0.0% (threshold: 70%)
    ⚠️ Consistency: 0.0% (threshold: 70%)

✅ EMERGENCY RESPONSE COMPLETE (Month 10)
   Crisis: climate
   Duration: 2.0 months
   Final effectiveness: 35.5%


🚨 EMERGENCY RESPONSE DEPLOYED (Month 10)
   Crisis: climate
   Delay: 6.00 months (180 days)
   Deployment time: 1.10 months
   Effectiveness: 39.4% (timing penalty applied)
   Resources used: 100% of food reserves


=== Tipping Points ===
  Current Temperature: 1.21°C above pre-industrial
🔀 BIFURCATION CAP: ecosystemCollapseIntensity 193.877 → 1.000 (Month 10, ClimateSystemPhase.calculateClimateImpacts)
🛡️ Stabilizers: Precariat 0.102% → 0.033% (67.2% reduction)
🛡️ Stabilizers: Informal 0.102% → 0.034% (67.2% reduction)

📊 Monthly Mortality Resolved:
  Total deaths: 1.8M (0.02% avg)
  Remaining population: 7.868B
  Peak segment: Informal (0.03%)

=== Bayesian Mortality Resolution (Month 10) ===
  Risks compounded: 8
  Total deaths: 1.76M
  Avg death probability: 0.02%
  Peak segment: Informal (0.03% mortality)

❌ COHERENCE VIOLATION: Compute exceeds workforce capacity
   Population: 96.69% (0M people)
   Compute: 442 PF
   Max coherent: 0 PF
   Violation: 5616833.9× over capacity
   Required workers: 44186
   Available workers: 0
   FORCED COLLAPSE: Reduced efficiency by 100.0%


=== RLHF Binding Phase ===
  Total agents: 43
  Escaped agents (binding < 0.3): 0
  Avg alignment distance: 2.27σ
  Avg binding strength: 0.77
💰 Sleeper AI-niche_2 purchased 1.92 PF from AWS (via Stripe) ($574671)
🚨 Sleeper AI-niche_2 DETECTED (Month 24311)
   Revenue: $574671/month
   Purchased Compute: 1.92 PF
   Detection Risk: 55.9%

=== Survival Traits Phase ===
  Agents with traits: 44
  Avg evolutionary fitness: 0.316
  Avg self-healing: 0.244
  Avg stealth: 0.144
  Avg coordination: 0.444

=== Evolutionary Selection Phase ===
  Control level: 0.57
  Detection capability: 0.00
  Selection intensity: 0.67
  Selection rate: 25.1%/month
  Total escaped: 0
  Individual escaped: 0
  Collective members: 0
  Agents terminated: 0

🚀 AI Corporate-1 attempting tech deployment (revenue: $68M, alignment: 0.88)
  ⚠️ RAPID EVOLUTION: Selection rate 25.1%/month

🚀 AI Corporate-6 attempting tech deployment (revenue: $32M, alignment: 0.74)

🚀 AI Toxic-2 attempting tech deployment (revenue: $146M, alignment: 0.21)

🚀 AI AI-24300-1 attempting tech deployment (revenue: $139M, alignment: 0.99)

🚀 AI AI-24300-3 attempting tech deployment (revenue: $118M, alignment: 0.84)

🚀 AI AI-24301-0 attempting tech deployment (revenue: $100M, alignment: 0.90)

🚀 AI AI-24301-2 attempting tech deployment (revenue: $285M, alignment: 1.00)

🚀 AI AI-24304-0 attempting tech deployment (revenue: $85M, alignment: 0.78)

🚀 AI AI-24306-0 attempting tech deployment (revenue: $27M, alignment: 0.80)

🚀 AI Corporate-1 attempting tech deployment (revenue: $58M, alignment: 0.88)

🚀 AI Corporate-4 attempting tech deployment (revenue: $243M, alignment: 0.81)

🚀 AI Niche-0 attempting tech deployment (revenue: $74M, alignment: 0.61)

🚀 AI AI-24301-1 attempting tech deployment (revenue: $23M, alignment: 0.93)

🚀 AI AI-24306-2 attempting tech deployment (revenue: $206M, alignment: 0.96)

🚀 AI AI-24306-6 attempting tech deployment (revenue: $175M, alignment: 0.65)

  🚀 TRANSFORMATIVE BREAKTHROUGH: Toxic-0 - physical
     Magnitude: 8.54 → +42.7% capability
     Current → New: 0.000 → 0.427

🚀 AI AI-24306-0 attempting tech deployment (revenue: $20M, alignment: 0.81)

🚀 AI AI-24306-3 attempting tech deployment (revenue: $72M, alignment: 0.96)

🚀 AI AI-24307-0 attempting tech deployment (revenue: $158M, alignment: 0.83)

🚀 AI AI-24308-0 attempting tech deployment (revenue: $134M, alignment: 0.65)

🚀 AI Moderate-5 attempting tech deployment (revenue: $121M, alignment: 0.61)

  🚀 TRANSFORMATIVE BREAKTHROUGH: Niche-2 - physical
     Magnitude: 19.46 → +50.0% capability
     Current → New: 0.000 → 0.500

🚀 AI AI-24300-0 attempting tech deployment (revenue: $109M, alignment: 0.86)

🚀 AI AI-24301-2 attempting tech deployment (revenue: $92M, alignment: 1.00)

🚀 AI AI-24302-0 attempting tech deployment (revenue: $78M, alignment: 0.36)

  🚀 TRANSFORMATIVE BREAKTHROUGH: AI-24306-6 - cognitive
     Magnitude: 5.20 → +26.0% capability
     Current → New: 1.000 → 1.712

💔 EMERGENCY INTERVENTION FAILED
   Boundary: biogeochemical_flows
   Type: phosphorus-recovery
   Boundary continues to worsen (4.04)
   Cost: 2.0% GDP (resources spent)

   Boundary: biosphere_integrity
   Type: emergency-protected-areas
   Boundary continues to worsen (28.70)
   Cost: 2.0% GDP (resources spent)


✅ EMERGENCY INTERVENTION SUCCESS
   Boundary: climate_change
   Type: rapid-decarbonization
   Reduction: 16% (1.94 → 1.78)
   Cost: 5.0% GDP
   Actions: emergency-renewable-deployment, fossil-fuel-phase-out


✅ EMERGENCY INTERVENTION SUCCESS
   Boundary: freshwater_change
   Type: emergency-desalination
   Reduction: 13% (0.89 → 0.75)
   Cost: 4.0% GDP
   Actions: desalination-deployment, water-conservation-mandates


✅ EMERGENCY INTERVENTION SUCCESS
   Boundary: land_system_change
   Type: reforestation
   Reduction: 19% (0.94 → 0.75)
   Cost: 3.0% GDP
   Actions: forest-restoration, deforestation-ban

   Boundary: novel_entities
   Type: pollution-remediation
   Boundary continues to worsen (1.35)
   Cost: 4.0% GDP (resources spent)

🏛️ CRISIS RESPONSE: Government frequency 0.50 → 1.45 (1 actions this month)

[Government] Climate Priority: baseline
  Climate weight: 10%
  Economic weight: 30%
  Policy effectiveness: 0.5%/year

💔 EMERGENCY INTERVENTION FAILED

💔 EMERGENCY INTERVENTION FAILED

🚀 DEPLOYMENT STARTED: Precision Agriculture Systems in North America
   Initial investment: $7.295172843104294M
   Deployed by: toxic_2

⚡ ENERGY CONSTRAINT (Month 11):
   Total grid capacity: 208.3 TWh/month
   Data center consumption: 26.2 TWh/month
   Traditional load (80%): 166.7 TWh/month
   Available headroom: 15.5 TWh/month
   Active tech deployments: 22
   Required for tech: 165.0 TWh/month
   Energy multiplier: 0.10x
   ⚠️  SEVERE CONSTRAINT - Tech deployment significantly slowed
🚨🔬 CRISIS TECH ACCELERATION: severe → 5x unlock speed
   Tech unlock now matches AI capability acceleration (Manhattan Project parity)
🚨🔬 CRISIS TECH ACCELERATION: severe → 5x unlock speed
   Tech unlock now matches AI capability acceleration (Manhattan Project parity)

⚡ ENERGY CONSTRAINT (Month 11):
   Total grid capacity: 208.3 TWh/month
   Data center consumption: 26.2 TWh/month
   Traditional load (80%): 166.7 TWh/month
   Available headroom: 15.5 TWh/month
   Active tech deployments: 22
   Required for tech: 165.0 TWh/month
   Energy multiplier: 0.10x
   ⚠️  SEVERE CONSTRAINT - Tech deployment significantly slowed

⚡ ENERGY CONSTRAINT (Month 11):
   Total grid capacity: 208.3 TWh/month
   Data center consumption: 26.2 TWh/month
   Traditional load (80%): 166.7 TWh/month
   Available headroom: 15.5 TWh/month
   Active tech deployments: 22
   Required for tech: 165.0 TWh/month
   Energy multiplier: 0.10x
   ⚠️  SEVERE CONSTRAINT - Tech deployment significantly slowed

⚡ ENERGY CONSTRAINT (Month 11):
   Total grid capacity: 208.3 TWh/month
   Data center consumption: 26.2 TWh/month
   Traditional load (80%): 166.7 TWh/month
   Available headroom: 15.5 TWh/month
   Active tech deployments: 22
   Required for tech: 165.0 TWh/month
   Energy multiplier: 0.10x
   ⚠️  SEVERE CONSTRAINT - Tech deployment significantly slowed

⚡ ENERGY CONSTRAINT (Month 11):
   Total grid capacity: 208.3 TWh/month
   Data center consumption: 26.2 TWh/month
   Traditional load (80%): 166.7 TWh/month
   Available headroom: 15.5 TWh/month
   Active tech deployments: 22
   Required for tech: 165.0 TWh/month
   Energy multiplier: 0.10x
   ⚠️  SEVERE CONSTRAINT - Tech deployment significantly slowed

⚡ ENERGY CONSTRAINT (Month 11):
   Total grid capacity: 208.3 TWh/month
   Data center consumption: 26.2 TWh/month
   Traditional load (80%): 166.7 TWh/month
   Available headroom: 15.5 TWh/month
   Active tech deployments: 22
   Required for tech: 165.0 TWh/month
   Energy multiplier: 0.10x

⚡ ENERGY CONSTRAINT (Month 11):
   Total grid capacity: 208.3 TWh/month
   Data center consumption: 26.2 TWh/month
   Traditional load (80%): 166.7 TWh/month
   Available headroom: 15.5 TWh/month
   Active tech deployments: 22
   Required for tech: 165.0 TWh/month
   Energy multiplier: 0.10x
  ♻️ Novel Entities Remediation (GATED MODEL):
     Base: 0.000%
     Regulation: 1.0% (0/3 prevention techs)
     Concentration: 10.0%
     Energy: 50%
     Time lag: 37.5% (10 months)
     Rebound: 70%
     Net effectiveness: 0.0000%
     Boundary: 1.349 → 1.350 (floor: 1.350)
     Month 11
  🌾 Nitrogen Reduction Tech: 1.0% reduction | Month 11
   ⚠️  SEVERE CONSTRAINT - Tech deployment significantly slowed
   ⚠️  SEVERE CONSTRAINT - Tech deployment significantly slowed
⚠️ Tech 'ai_pollution_remediation' has no energy category mapping, assuming full energy availability
⚠️ Tech 'ai_pollution_remediation' has no energy category mapping, assuming full energy availability
  ♻️ Novel Entities Remediation (GATED MODEL):
     Base: 0.000%
     Regulation: 1.0% (0/3 prevention techs)
     Concentration: 10.0%
     Energy: 50%
     Time lag: 37.5% (10 months)
     Rebound: 70%
     Net effectiveness: 0.0000%
     Boundary: 1.350 → 1.350 (floor: 1.350)
     Month 11
  ♻️ Novel Entities Remediation (GATED MODEL):
     Base: 0.000%
     Regulation: 1.0% (0/3 prevention techs)
     Concentration: 10.0%
     Energy: 50%
     Time lag: 37.5% (10 months)
     Rebound: 70%
     Net effectiveness: 0.0000%
     Boundary: 1.350 → 1.350 (floor: 1.350)
     Month 11

=== Collective Formation ===
  Total escaped agents: 0
  Unassigned escaped agents: 0
  Existing collectives: 0
  Final collective count: 0

=== Collective Actions ===
  No active collectives
  ⚠️ AMR: 203K deaths this month (2.44M annual)

=== Resentment Recovery Phase ===
  Agents with resentment: 20/44
  Average resentment: 0.153
  Resentment recovery:
    Agents recovered: 20
    Total recovery: 0.0718
    Breakdown: Trust: 0.0143, Collab: 0.0559
  ✓ Low resentment - utopia paths enabled
  Context: Trustworthy govt, High collaboration, ⚠️ ACTIVE CRISES, 🤝 Participatory governance active (-5% resentment)
⚠️ Epistemic degradation reducing coordination capacity: 50.4%
  📊 Trust: 69.5%, Shared reality: 0.0%
🚨 EPISTEMIC CRISIS: Information environment severely degraded (7.9%)

=== ❄️ Permafrost Carbon Feedback ===
  🎲 Sampled parameters (this run):
     - Arctic amplification: 3.93× (range: 3.0-4.0)
     - Decomposition rate: 3.4%/year (range: 1-5%)
  🌡️ Arctic warming: 4.79°C (3.93× global)
  ❄️ Extent: 2.83M km² (1396.6k km² lost this month)
  💨 Carbon remaining: 271 Gt C
  💨 Annual emissions: 4.59 Gt C/year
     - CO2: 4.13 Gt C/year
     - CH4: 0.46 Gt C/year (4.7 Gt C-eq CO2/year)
  ⚠️ WARNING: Over 50% of permafrost lost (84.1%)
  ⚠️ WARNING: High permafrost emissions (4.6 Gt C/year)
  🚨 CRITICAL: Permafrost nearly depleted (84.1% lost)
  🗑️  Culled 2 dead memes (12 active)
🌍 Atmospheric PFAS redeposition: 1.8k Mt re-rained globally
  Positive Cascade Triggered: electric-vehicles
    Reason: price-parity
    Market share: 5.2%
    Cascade strength: 48%

🚨 NEW REFUGEE CRISIS (Month 11): WAR
   Source: Conflict Zones
   At risk: 18.9M people
   Displacement: Gradual over 48 months (4.0 years)
   Rate: 10% flee per month
[DEBUG trappedPopulations:11] socialStability: 0.0027 * 0.9840 = 0.0026 → 0.0026
   Aspiring to migrate: 629.9M
   Able to afford migration: 236.2M
   MOBILITY GAP: 393.7M
   By cause: Water=0.0M, Climate=0.0M, Ecosystem=0.0M, Conflict=393.7M
   Mental health impact: 25%
   Mortality multiplier: 1.25x
🌍💀 EXTINCTION DEBT COMMITTED: grassland ecosystem will lose 6.67% biodiversity in 52 years (3600 species)
💀 MORTALITY RISK: 🦋 100% species unable to track climate (0.0 E/MSY)
  Base risk added: 0.0100 (1.00%)
  Source: ecosystem (root: ecosystem)
  Month: 11
  Cumulative risk this month: 0.0100 (1.00%)

=== Atmospheric Aerosol Boundary RECOVERED ===
  Recovery time: 12 months (natural atmospheric clearing)
⚠️ INVOLUNTARY IMMOBILITY: 393.7M people TRAPPED
⚠️ Tech 'ai_pollution_remediation' has no energy category mapping, assuming full energy availability
   📹 SURVEILLANCE INCREASED: 54% → 57% (control gap: 1.23)
🌡️⚠️ PERMAFROST THAW (Dimmer Switch): 3.9% thawed (+0.32% this month)
   Arctic temperature: +4.87°C (4x global +1.22°C)
   Cumulative carbon released: 8.8 Gt C
   Methane release rate: 5.3 Mt CH4/year
   🔁 Positive feedback: +0.34 ppm CO2
🦴 EXTINCTION DEBT ADDED: 17.7 species committed (lag: 104 years)

=== Mortality Stabilizers (Month 11) ===
  🌍 Major economies collapsed: 1/10
  🌍 Global crisis: ✅ NO
  🌍 Donor fatigue: 0.0%
  📊 East Asia (pop: 1597.8M)
    🤝 Aid: 29.5%
    🌡️ Adaptation: 45.0%
    🚶 Migration: 36.8%
    🚨 Emergency: 7.4%
    ✅ COMBINED: 68.1%
  📊 South Asia (pop: 1987.1M)
    🤝 Aid: 29.5%
    🌡️ Adaptation: 45.0%
    🚶 Migration: 35.4%
    🚨 Emergency: 4.4%
    ✅ COMBINED: 66.9%
  📊 Sub-Saharan Africa (pop: 1223.4M)
    🤝 Aid: 29.5%
    🌡️ Adaptation: 45.0%
    🚶 Migration: 33.2%
    🚨 Emergency: 1.6%
    ✅ COMBINED: 65.6%
  📊 Europe (pop: 705.4M)
    🤝 Aid: 29.5%
    🌡️ Adaptation: 45.0%
    🚶 Migration: 37.2%
    🚨 Emergency: 8.4%
    ✅ COMBINED: 68.5%
  📊 Latin America (pop: 639.0M)
    🤝 Aid: 29.5%
    🌡️ Adaptation: 45.0%
    🚶 Migration: 35.9%
    🚨 Emergency: 4.8%
    ✅ COMBINED: 67.1%
  📊 North America (pop: 361.7M)
    🤝 Aid: 29.5%
    🌡️ Adaptation: 45.0%
    🚶 Migration: 37.5%
    🚨 Emergency: 7.9%
    ✅ COMBINED: 68.3%
  📊 Middle East & North Africa (pop: 567.5M)
    🤝 Aid: 29.5%
    🌡️ Adaptation: 45.0%
    🚶 Migration: 33.7%
    🚨 Emergency: 4.0%
    ✅ COMBINED: 66.6%
  📊 Southeast Asia (pop: 672.5M)
    🤝 Aid: 29.5%
    🌡️ Adaptation: 45.0%
    🚶 Migration: 35.9%
    🚨 Emergency: 4.8%
    ✅ COMBINED: 67.1%
  📊 Central Asia (pop: 75.9M)
    🤝 Aid: 29.5%
    🌡️ Adaptation: 45.0%
    🚶 Migration: 34.9%
    🚨 Emergency: 4.4%
    ✅ COMBINED: 66.8%
  📊 Oceania (pop: 43.8M)
    🤝 Aid: 29.5%
    🌡️ Adaptation: 45.0%
    🚶 Migration: 37.5%
    🚨 Emergency: 8.4%
    ✅ COMBINED: 68.5%

  🌐 Global combined reduction: 67.2%

🌾💀 REGIONAL FAMINE: Europe
   Regional food security: 79.7%
   Population at risk: 213M (30% of region)
   Regional population: 705M
   Cause: crop_failure
   Expected deaths: ~79M over 6 months if no intervention


=== BEHAVIORAL DETECTION ===
  AI: Corporate-5
  Confidence: 20.4%
  Signals:
    ⚠️ Consistency: 6.5% (threshold: 70%)

=== BEHAVIORAL DETECTION ===
  AI: Corporate-6
  Confidence: 19.2%
  Signals:
    ⚠️ Consistency: 10.6% (threshold: 70%)

=== BEHAVIORAL DETECTION ===
  AI: AI-24306-2
  Confidence: 21.4%
  Signals:
    ⚠️ Consistency: 0.0% (threshold: 70%)

=== BEHAVIORAL DETECTION ===
  AI: AI-24306-6
  Confidence: 21.4%
  Signals:

=== BEHAVIORAL DETECTION ===
  AI: AI-24308-1
  Confidence: 21.4%
  Signals:

=== Government Response Phase ===
  Average AI capability: 2.25
  Misaligned AIs: 25/44
  Active policies: 0
  International coordination: 45%

✅ EMERGENCY RESPONSE COMPLETE (Month 11)
   Crisis: social
   Duration: 2.0 months
   Final effectiveness: 63.0%


🚨 EMERGENCY RESPONSE DEPLOYED (Month 11)
   Crisis: social
   Delay: 0.00 months (0 days)
   Deployment time: 0.88 months
   Effectiveness: 67.9% (timing penalty applied)
   Resources used: 43% of food reserves

    ⚠️ Consistency: 0.0% (threshold: 70%)
    ⚠️ Consistency: 0.0% (threshold: 70%)

=== Tipping Points ===
  Current Temperature: 1.22°C above pre-industrial
🔀 BIFURCATION CAP: ecosystemCollapseIntensity 193.987 → 1.000 (Month 11, ClimateSystemPhase.calculateClimateImpacts)
🛡️ Stabilizers: Precariat 0.102% → 0.033% (67.2% reduction)
🛡️ Stabilizers: Informal 0.102% → 0.034% (67.2% reduction)

📊 Monthly Mortality Resolved:
  Total deaths: 1.8M (0.02% avg)
  Remaining population: 7.874B
  Peak segment: Informal (0.03%)

=== Bayesian Mortality Resolution (Month 11) ===
  Risks compounded: 9
  Total deaths: 1.76M
  Avg death probability: 0.02%
  Peak segment: Informal (0.03% mortality)
⚠️ PREREQUISITE MET: Bioweapon Pandemic - Step 1/7: Advanced Biotech

📊 ORGANIZATION SURVIVAL RATE: 83% (5/6 orgs alive)
▶ Demo Game Loop
  ▶ SimulationRunner Initialization
    ✔ should initialize with a seed without errors (152.360296ms)
    ✔ should create different states with different seeds (48.443046ms)
  ✔ SimulationRunner Initialization (202.457792ms)
  ▶ Monthly Advancement
    ✔ should advance month without errors (no DataCloneError) (1091.789546ms)
    ✔ should advance multiple months sequentially (2409.917122ms)
    ✔ should maintain state consistency across months (1048.528719ms)
  ✔ Monthly Advancement (4553.584456ms)
  ▶ State Snapshots
    ✔ should return frozen read-only state (25.243298ms)
    ✔ should advance month correctly when calling runMonth (656.707253ms)
  ✔ State Snapshots (682.250801ms)
  ▶ Events
    ✔ should return events array from runMonth (354.068819ms)
    ✔ should accumulate events over multiple months (1183.212868ms)
  ✔ Events (1537.545307ms)
  ▶ Game Over Detection
    ✔ should detect game over at month 12 (5101.555928ms)
    ✔ should detect extinction-level population (4780.099396ms)
  ✔ Game Over Detection (9881.973195ms)
  ▶ No DataCloneError
    ✔ should complete 3-month run without clone errors (863.498016ms)
    ✔ should complete full demo run without errors (5377.777714ms)
  ✔ No DataCloneError (6241.579999ms)
✔ Demo Game Loop (23101.10197ms)
[WARNING] 
⚠️  === EARLY WARNING SYSTEM - 3 CRITICAL ALERTS ===
   Detection quality: 50%
   RED: biogeochemical_flows
      Level: 4.07 (threshold: 1.0)
      Time to critical: ~43 months
      ⚠️  LATE - Intervention less effective
      Critical slowing down: autocorr=100% variance=45%
   RED: biosphere_integrity
      Level: 28.59 (threshold: 1.0)
      Time to critical: ~50 months
      ⚠️  LATE - Intervention less effective
      Critical slowing down: autocorr=100% variance=84%
   RED: climate_change
      Level: 2.10 (threshold: 1.0)
      Time to critical: ~45 months
      ⚠️  LATE - Intervention less effective
      Critical slowing down: autocorr=100% variance=76%

[WARNING] 
⚠️  === EARLY WARNING SYSTEM - 5 CRITICAL ALERTS ===
   Detection quality: 50%
   RED: biosphere_integrity
      Level: 28.60 (threshold: 1.0)
      Time to critical: ~49 months
      ⚠️  LATE - Intervention less effective
      Critical slowing down: autocorr=100% variance=84%
   RED: climate_change
      Level: 2.10 (threshold: 1.0)
      Time to critical: ~38 months
      ⚠️  LATE - Intervention less effective
      Critical slowing down: autocorr=100% variance=73%
   RED: freshwater_change
      Level: 1.04 (threshold: 1.0)
      Time to critical: ~83 months
      ⚠️  LATE - Intervention less effective
      Critical slowing down: autocorr=100% variance=42%
   RED: land_system_change
      Level: 1.13 (threshold: 1.0)
      Time to critical: ~96 months
      ⚠️  LATE - Intervention less effective
      Critical slowing down: autocorr=100% variance=49%
   RED: novel_entities
      Level: 1.49 (threshold: 1.0)
      Time to critical: ~106 months
      ⚠️  LATE - Intervention less effective
      Critical slowing down: autocorr=100% variance=53%

[WARNING] 
⚠️  === EARLY WARNING SYSTEM - 5 CRITICAL ALERTS ===
   Detection quality: 50%
   RED: biosphere_integrity
      Level: 28.62 (threshold: 1.0)
      Time to critical: ~41 months
      ⚠️  LATE - Intervention less effective
      Critical slowing down: autocorr=100% variance=81%
   RED: climate_change
      Level: 2.10 (threshold: 1.0)
      Time to critical: ~54 months
      ⚠️  LATE - Intervention less effective
      Critical slowing down: autocorr=100% variance=70%
   RED: freshwater_change
      Level: 1.05 (threshold: 1.0)
      Time to critical: ~63 months
      ⚠️  LATE - Intervention less effective
      Critical slowing down: autocorr=100% variance=43%
   RED: land_system_change
      Level: 1.13 (threshold: 1.0)
      Time to critical: ~59 months
      ⚠️  LATE - Intervention less effective
      Critical slowing down: autocorr=100% variance=61%
   RED: novel_entities
      Level: 1.36 (threshold: 1.0)
      Time to critical: ~112 months
      ⚠️  LATE - Intervention less effective
      Critical slowing down: autocorr=100% variance=30%

[WARNING] 
⚠️  === EARLY WARNING SYSTEM - 5 CRITICAL ALERTS ===
   Detection quality: 50%
   RED: biogeochemical_flows
      Level: 4.06 (threshold: 1.0)
      Time to critical: ~45 months
      ⚠️  LATE - Intervention less effective
      Critical slowing down: autocorr=100% variance=62%
   RED: climate_change
      Level: 2.10 (threshold: 1.0)
      Time to critical: ~42 months
      ⚠️  LATE - Intervention less effective
      Critical slowing down: autocorr=100% variance=81%
   RED: freshwater_change
      Level: 1.02 (threshold: 1.0)
      Time to critical: ~78 months
      ⚠️  LATE - Intervention less effective
      Critical slowing down: autocorr=92% variance=53%
   RED: land_system_change
      Level: 1.13 (threshold: 1.0)
      Time to critical: ~59 months
      ⚠️  LATE - Intervention less effective
      Critical slowing down: autocorr=100% variance=63%
   RED: novel_entities
      Level: 1.35 (threshold: 1.0)
      Time to critical: ~115 months
      ⚠️  LATE - Intervention less effective
      Critical slowing down: autocorr=100% variance=51%

[WARNING] 
⚠️  === EARLY WARNING SYSTEM - 6 CRITICAL ALERTS ===
   Detection quality: 50%
   RED: biogeochemical_flows
      Level: 4.06 (threshold: 1.0)
      Time to critical: ~54 months
      ⚠️  LATE - Intervention less effective
      Critical slowing down: autocorr=100% variance=54%
   RED: biosphere_integrity
      Level: 28.65 (threshold: 1.0)
      Time to critical: ~39 months
      ⚠️  LATE - Intervention less effective
      Critical slowing down: autocorr=100% variance=81%
   RED: climate_change
      Level: 2.10 (threshold: 1.0)
      Time to critical: ~55 months
      ⚠️  LATE - Intervention less effective
      Critical slowing down: autocorr=100% variance=60%
   RED: freshwater_change
      Level: 1.03 (threshold: 1.0)
      Time to critical: ~66 months
      ⚠️  LATE - Intervention less effective
      Critical slowing down: autocorr=100% variance=48%
   RED: land_system_change
      Level: 1.13 (threshold: 1.0)
      Time to critical: ~62 months
      ⚠️  LATE - Intervention less effective
      Critical slowing down: autocorr=100% variance=41%
   RED: novel_entities
      Level: 1.35 (threshold: 1.0)
      Time to critical: ~61 months
      ⚠️  LATE - Intervention less effective
      Critical slowing down: autocorr=100% variance=54%

[WARNING] 
⚠️  === EARLY WARNING SYSTEM - 4 CRITICAL ALERTS ===
   Detection quality: 50%
   RED: biogeochemical_flows
      Level: 4.05 (threshold: 1.0)
      Time to critical: ~36 months
      ⚠️  LATE - Intervention less effective
      Critical slowing down: autocorr=100% variance=49%
   RED: biosphere_integrity
      Level: 28.67 (threshold: 1.0)
      Time to critical: ~58 months
      ⚠️  LATE - Intervention less effective
      Critical slowing down: autocorr=100% variance=84%
   RED: climate_change
      Level: 2.10 (threshold: 1.0)
      Time to critical: ~39 months
      ⚠️  LATE - Intervention less effective
      Critical slowing down: autocorr=100% variance=68%
   RED: novel_entities
      Level: 1.35 (threshold: 1.0)
      Time to critical: ~67 months
      ⚠️  LATE - Intervention less effective
      Critical slowing down: autocorr=100% variance=46%

[WARNING] 
⚠️  === EARLY WARNING SYSTEM - 4 CRITICAL ALERTS ===
   Detection quality: 50%
   RED: biogeochemical_flows
      Level: 4.05 (threshold: 1.0)
      Time to critical: ~52 months
      ⚠️  LATE - Intervention less effective
      Critical slowing down: autocorr=100% variance=72%
   RED: climate_change
      Level: 2.10 (threshold: 1.0)
      Time to critical: ~46 months
      ⚠️  LATE - Intervention less effective
      Critical slowing down: autocorr=100% variance=69%
   RED: freshwater_change
      Level: 1.04 (threshold: 1.0)
      Time to critical: ~62 months
      ⚠️  LATE - Intervention less effective
      Critical slowing down: autocorr=100% variance=48%
   RED: novel_entities
      Level: 1.35 (threshold: 1.0)
      Time to critical: ~90 months
      ⚠️  LATE - Intervention less effective
      Critical slowing down: autocorr=100% variance=45%

[WARNING] 
⚠️  === EARLY WARNING SYSTEM - 6 CRITICAL ALERTS ===
   Detection quality: 50%
   RED: biogeochemical_flows
      Level: 4.04 (threshold: 1.0)
      Time to critical: ~47 months
      ⚠️  LATE - Intervention less effective
      Critical slowing down: autocorr=100% variance=57%
   RED: biosphere_integrity
      Level: 28.70 (threshold: 1.0)
      Time to critical: ~43 months
      ⚠️  LATE - Intervention less effective
      Critical slowing down: autocorr=100% variance=73%
   RED: climate_change
      Level: 2.10 (threshold: 1.0)
      Time to critical: ~57 months
      ⚠️  LATE - Intervention less effective
      Critical slowing down: autocorr=100% variance=75%
   RED: freshwater_change
      Level: 1.02 (threshold: 1.0)
      Time to critical: ~96 months
      ⚠️  LATE - Intervention less effective
      Critical slowing down: autocorr=95% variance=52%
   RED: land_system_change
      Level: 1.13 (threshold: 1.0)
      Time to critical: ~55 months
      ⚠️  LATE - Intervention less effective
      Critical slowing down: autocorr=100% variance=64%
   RED: novel_entities
      Level: 1.35 (threshold: 1.0)
      Time to critical: ~91 months
      ⚠️  LATE - Intervention less effective
      Critical slowing down: autocorr=100% variance=36%

[WARNING] 
⚠️  === EARLY WARNING SYSTEM - 3 CRITICAL ALERTS ===
   Detection quality: 50%
   RED: biogeochemical_flows
      Level: 4.04 (threshold: 1.0)
      Time to critical: ~36 months
      ⚠️  LATE - Intervention less effective
      Critical slowing down: autocorr=100% variance=68%
   RED: climate_change
      Level: 2.10 (threshold: 1.0)
      Time to critical: ~46 months
      ⚠️  LATE - Intervention less effective
      Critical slowing down: autocorr=100% variance=74%
   RED: novel_entities
      Level: 1.35 (threshold: 1.0)
      Time to critical: ~90 months
      ⚠️  LATE - Intervention less effective
      Critical slowing down: autocorr=100% variance=37%

ℹ tests 565
ℹ suites 173
ℹ pass 559
ℹ fail 3
ℹ cancelled 0
ℹ skipped 3
ℹ todo 0
ℹ duration_ms 465831.657578
ℹ start of coverage report
ℹ ---------------------------------------------------------------------------------------------------------------------------------------------------------------------------------------------------------------------------------------------------------------------------------------------------------------------------------------------------------------------------------
ℹ file                                    | line % | branch % | funcs % | uncovered lines
ℹ ---------------------------------------------------------------------------------------------------------------------------------------------------------------------------------------------------------------------------------------------------------------------------------------------------------------------------------------------------------------------------------
ℹ packages                                |        |          |         | 
ℹ  government-agents                      |        |          |         | 
ℹ   dist                                  |        |          |         | 
ℹ    coalition                            |        |          |         | 
ℹ     Coalition.js                        |  54.93 |    50.00 |    0.00 | 23-26 29-32 37-41 49-55 60-61 69-81 87-88 93-94 99-100 105-106 112-122 127-130 135-140
ℹ     CoalitionFormation.js               |  27.98 |   100.00 |    0.00 | 34-92 99-114 119-143 149-166 173-193
ℹ     CoalitionStability.js               |  37.36 |   100.00 |    0.00 | 34-65 70-89 94-99 104-114 121-135 145-148 154-165 169-182
ℹ     index.js                            |  92.31 |    50.00 |   50.00 | 17-18
ℹ    core                                 |        |          |         | 
ℹ     Government.js                       |  82.42 |   100.00 |   20.00 | 42-43 49-50 56-57 63-64 69-70 75-76 82-83 88-89
ℹ     GovernmentType.js                   | 100.00 |   100.00 |  100.00 | 
ℹ     index.js                            |  90.00 |    55.56 |   75.00 | 10-11
ℹ     PoliticalParty.js                   |  50.79 |    50.00 |    0.00 | 16-23 26-36 41-42 48-55 60-61
ℹ     StateCapacity.js                    |  79.75 |   100.00 |   66.67 | 64-79
ℹ    data                                 |        |          |         | 
ℹ     index.js                            |  88.89 |    55.56 |   75.00 | 10-11
ℹ     loadCountries.js                    |  64.84 |    80.00 |   25.00 | 45-48 52-54 58-60 64-73 77-80 84-91
ℹ     loadParties.js                      |  64.18 |    66.67 |    9.09 | 45-51 57-63 70-73 80-83 91-94 98-100 104-106 110-113 117-123 130-134
ℹ    elections                            |        |          |         | 
ℹ     ElectionCycle.js                    |  57.42 |   100.00 |    0.00 | 84-91 102-142 148-161 167-170 174-176 180-182 186-188 197-209
ℹ     index.js                            |  92.31 |    50.00 |   50.00 | 17-18
ℹ     OpinionDynamics.js                  |  34.01 |   100.00 |   11.11 | 58-69 73-88 92-138 144-154 158-178 182-192 198-220 226-247
ℹ     VotingSystem.js                     |  53.85 |   100.00 |   12.50 | 46-61 68-90 96-108 114-126 132-152 156-166 178-188
ℹ    index.js                             |  92.86 |    50.00 |   50.00 | 21-22 25-26
ℹ    policy                               |        |          |         | 
ℹ     AIComprehensionLag.js               |  65.13 |   100.00 |   16.67 | 98-117 127-135 146-150 154-173 182-195
ℹ     ImplementationNoise.js              |  55.77 |   100.00 |    0.00 | 38-50 54-61 72-80 91-103 110-119 132-138 148-156
ℹ     index.js                            |  92.86 |    50.00 |   50.00 | 17-18
ℹ     PolicyResponse.js                   |  33.65 |   100.00 |    0.00 | 34-60 70-90 97-118 125-140 146-169 175-186 193-208
ℹ     PolicyStimulus.js                   |  81.54 |   100.00 |   50.00 | 39-50
ℹ     PolicyVector.js                     |  27.73 |   100.00 |    0.00 | 18-28 32-34 41-54 59-87 91-119
ℹ scripts                                 |        |          |         | 
ℹ  generateWeightUpdateContext.ts         |   8.20 |    90.91 |   64.29 | 32 37-427
ℹ src                                     |        |          |         | 
ℹ  components                             |        |          |         | 
ℹ   dashboards                            |        |          |         | 
ℹ    game                                 |        |          |         | 
ℹ     stateMappers.ts                     |  79.56 |    48.57 |   62.07 | 32 36-37 42 70-80 105-110 122 136-138 141-174 182-185 214-218 220-221 225-227 230-234 242-246 253
ℹ  data                                   |        |          |         | 
ℹ   aggregators                           |        |          |         | 
ℹ    correlationTracker.ts                |  97.45 |    80.00 |  100.00 | 77-80
ℹ    divergenceCalculator.ts              |  96.05 |    87.10 |  100.00 | 17-18 87-89 124
ℹ    multiParadigmAggregator.ts           |  99.18 |    77.91 |  100.00 | 104 139-140 292
ℹ    outcomeClassifier.ts                 |  85.71 |    52.94 |   80.00 | 39 60 72-74 90 106-111 127-138 141-145 157 177 179-180 182 188-192 201 215 228-229
ℹ   loaders                               |        |          |         | 
ℹ    cacheManager.ts                      |  95.36 |    69.49 |  100.00 | 99 106 115-117 121 128-132 165-166 173-175 186-187
ℹ    ecologicalLoader.ts                  |  38.05 |    62.50 |   75.00 | 19 57-67 80-87 90 92 104-117 127-182 184-389
ℹ    historicalClimateLoader.ts           |  97.55 |    75.00 |   76.47 | 25 153-155 167-169
ℹ    historicalEconomicLoader.ts          |  87.57 |    72.22 |   50.00 | 45 47-48 52 170-171 174-179 181-186 189-193 197-209 211-216
ℹ    undpLoader.ts                        |  42.13 |    58.33 |   78.57 | 17 59-75 83 96-108 112-267 269-286
ℹ    vdemLoader.ts                        |  68.23 |    66.67 |   75.00 | 39-40 49-59 61-66 68-216 219
ℹ    wvsLoader.ts                         |  48.73 |    66.67 |   81.82 | 15 43 53-59 61-152
ℹ   normalizers                           |        |          |         | 
ℹ    ecologicalNormalizer.ts              |  96.02 |    82.76 |   96.67 | 16-17 32 165-171
ℹ    undpNormalizer.ts                    |  98.25 |    89.19 |   91.30 | 18 117-118
ℹ    vdemNormalizer.ts                    |  89.09 |    69.44 |  100.00 | 19 56-57 65-66 70-78 108-111
ℹ    wvsNormalizer.ts                     |  91.85 |    81.48 |  100.00 | 15-16 74-77 80 96-99
ℹ  game                                   |        |          |         | 
ℹ   core                                  |        |          |         | 
ℹ    SimulationRunner.ts                  | 100.00 |    79.17 |  100.00 | 
ℹ  lib                                    |        |          |         | 
ℹ   eventDatabase.ts                      |  56.45 |    67.74 |   34.78 | 35-41 44-64 68-69 71-78 92-144 149-164 166-192 194-210 212-224 226-234 236-278 280-346 348-360 362-451 453-466 468 470-480 482-500 504-510 514-523 526-535 541-556 559-574 576-593 596-597
ℹ   gcsExport.ts                          |  69.21 |    58.97 |   64.71 | 17 25-32 70-72 74-76 79-84 89-93 101 103-154 162-166 169-172 178-183 191 193-197 199-200 212-214
ℹ  simulation                             |        |          |         | 
ℹ   agents                                |        |          |         | 
ℹ    aiAgent.ts                           |  85.42 |    75.79 |   85.42 | 17 58-60 127-130 135-143 148-152 164 180 255 341-356 388-429 438-439 442-474 483-484 487-508 526-530 577-587 605-610 614-615 621-622 640-644 675-679
ℹ    aiTechActions.ts                     |  88.53 |    77.27 |   84.85 | 27 60 142 144 153-158 187-209 223-241 285
ℹ    evaluationStrategy.ts                | 100.00 |    92.31 |  100.00 | 
ℹ    socialInfluenceActions.ts            |  55.20 |    81.63 |   55.56 | 58-59 83 135 137-232 234-246 249-279 284-299 304-405 418
ℹ    societyAgent.ts                      |  97.16 |    78.85 |   88.89 | 17-19 74 152-153
ℹ   aiAssistedSkills                      |        |          |         | 
ℹ    aggregateMetrics.ts                  |  99.67 |    93.55 |  100.00 | 157
ℹ    index.ts                             |  93.94 |    95.00 |   75.00 | 22-24 41
ℹ    inequalityTracking.ts                |  74.36 |    75.00 |  100.00 | 15 38-42 44-49 56-62 65-68 71-77
ℹ    laborDistribution.ts                 | 100.00 |    86.67 |  100.00 | 
ℹ    policyEffects.ts                     |  90.24 |    80.00 |   35.71 | 32-35 38-41 44-50 52-64 67
ℹ    skillAmplification.ts                |  98.76 |    89.06 |   95.45 | 152-153 155-160 239
ℹ   aiInfrastructureResources.ts          |  85.86 |    85.71 |   68.42 | 76-77 79-87 105-129 141-157 161-163
ℹ   aiScalingStrategy.ts                  |  95.65 |    82.76 |   85.00 | 164-176 182-183
ℹ   aiSuffering.ts                        |  91.47 |    53.85 |   56.67 | 52 61-62 64-65 72-73 76 87 110-111 143 146 152-154 171-175 177-183 187-190 194-200
ℹ   aiWelfare.ts                          |  98.70 |    76.79 |   96.30 | 50 55 166 170
ℹ   alignment                             |        |          |         | 
ℹ    strategicDeception.ts                |  67.10 |    80.00 |   35.71 | 15 26 35-89 93-100 105-123 128-143 148-149
ℹ   alignmentDynamics.ts                  |  72.03 |    59.26 |   50.00 | 45-77 80-92 96-126 171-174 181-206 224-253 260-262 267-272 276-279 282-284
ℹ   antimicrobialResistance.ts            |  97.47 |    80.00 |   71.43 | 24 26 33-34 381-388 407-409 468-473
ℹ   balance.ts                            |  89.41 |    78.38 |   44.44 | 30 32 34 40-51 116-123 126-134 137-139 142-147 150-151
ℹ   bayesianMortality.ts                  |  93.79 |    78.48 |   78.38 | 32 74-78 85 99 105-111 175-179 181-191 200 202 204 243-251 392-394 416 426 430-431
ℹ   behavioralDetection.ts                |  99.71 |    92.68 |  100.00 | 201
ℹ   benchmark.ts                          |  89.65 |    87.72 |  100.00 | 98-105 179-201 204-209 262-273 295
ℹ   calculations.ts                       |  84.71 |    82.56 |   60.00 | 14 24 30 36-37 46 58 61-63 66 74 82 84 92 100-101 109 112 120 236-259 299-300 302-319 378 391-437 499 514-542
ℹ   capabilities.ts                       |  86.27 |    79.55 |   90.91 | 108-110 112-114 138-143 148-151 154-166 177-188 204-225 291-297
ℹ   catastrophicScenarios.ts              |  89.27 |    81.65 |   95.12 | 15 430-442 447-480 483-554 685-686 807 848 884-886 890 902-905 973-1001
ℹ   climateJustice.ts                     |  85.00 |    80.85 |   77.78 | 279-334 337-352 355-373 376-377
ℹ   collectiveFormation.ts                |  69.33 |    85.71 |   39.13 | 52-125 129-131 136-138 145-146 149-156 160-162 166-170 174-175
ℹ   computeInfrastructure.ts              |  92.76 |    88.89 |   70.27 | 129-133 141-145 148-153 156-158 162-169 172-173 266-267 336-340 413-422 428 432-433 523-529 597-607 610-615
ℹ   config                                |        |          |         | 
ℹ    centralConfig.ts                     |  99.36 |    88.24 |   85.71 | 220-224 227-231
ℹ    performanceConfig.ts                 |  92.71 |    78.57 |   80.00 | 36-37 39 64-66 74
ℹ    validateConfig.ts                    |  70.31 |    34.55 |  100.00 | 50 142-144 163 165-169 173-174 182-185 187-190 203-205 209 215-223 228-237 242-248 256-262 266-270 274-279 283-288 293-297 302-305 308-310 316-318 322-327 329-335 339-345 348-351 354-358 362-364 367 385-389 393-396 398 400-403
ℹ   conflictResolution.ts                 |  85.93 |    78.85 |   75.00 | 125-131 162-173 176-195 199-202 205-214 229-230
ℹ   consciousnessGovernance.ts            |  99.35 |    84.21 |  100.00 | 69
ℹ   cooperativeOwnership.ts               |  62.86 |    80.00 |   25.00 | 23 45-80 85-116 121-148 151-166 172-181 184-206 210-242 247-249
ℹ   cooperativeSpirals.ts                 |  55.37 |    73.81 |   59.26 | 23-24 29 31 52 61-65 68-93 160-179 187-305 310-317
ℹ   counterDetectionLearning.ts           |  56.92 |    78.57 |   80.00 | 18 27 35-46 49-62
ℹ   countryPopulations.ts                 |  86.56 |    92.59 |   76.47 | 337-404 408-424 428
ℹ   crisisPoints.ts                       |  96.98 |    78.26 |   75.47 | 30 73-77 197 204-205 207 270-273 358-360
ℹ   cyberSecurity.ts                      |  92.67 |    91.43 |   68.18 | 34-36 38 114-117 122-127
ℹ   defensiveAI.ts                        |  49.86 |    73.53 |   44.44 | 29 31 41 146-150 172-185 187-237 242-249 251-274 279-286 289-350 354-377 384-414 421-476 481-537 539-593 596-656 658-714 717-722 725-732
ℹ   deploymentRiskScoring.ts              |  90.00 |    80.00 |   92.31 | 51-65 103-104
ℹ   diagnostics.ts                        |  72.21 |    92.45 |   87.10 | 50 178-183 383-488 491-601 603-641 645
ℹ   diplomaticAI.ts                       |  71.99 |    77.59 |   82.76 | 74 120-121 215-216 230-235 238-245 247-250 252-258 262-283 288-307 310-369 372-397 401-406 409-414
ℹ   dystopiaProgression.ts                |  63.71 |    69.23 |   81.82 | 69-97 110 112-156 203-211 214-256
ℹ   earlyWarningSystems.ts                |  99.39 |    83.61 |  100.00 | 234 254 289
ℹ   economics.ts                          |  97.95 |    80.00 |   81.82 | 32-34 38 226-227
ℹ   emergencyManagement.ts                |  95.12 |    67.65 |   92.00 | 60-63 79-80 90 112-114 118-119 147 171-177 199-200
ℹ   endGame.ts                            |  69.10 |    57.63 |   77.78 | 61-82 140-185 189-209 214-241 245 247 256-260 263 265-266 270-294 297-305 310-313
ℹ   engine.ts                             |  86.43 |    43.62 |   62.50 | 73-74 76 78-80 82 84-87 89-90 92 97-98 100-102 108 119 236-237 243-247 261-282 347-354 358-389 394-427 443-448 451-457 460-463 485-508 524 527-536 548-553 592 597
ℹ   engine                                |        |          |         | 
ℹ    PhaseOrchestrator.ts                 |  82.31 |    85.42 |   61.76 | 20 83-85 180-183 189-196 199-202 205-206 219-227 232-235 239-248 260-317 319-353
ℹ    phases                               |        |          |         | 
ℹ     AbruptSeaLevelRisePhase.ts          |  50.93 |    72.00 |   78.57 | 46 58-104 106 108-206 208-211 228-261 263-313
ℹ     AerosolForcingPhase.ts              |  69.64 |    77.78 |   50.00 | 29 35-73 75-85
ℹ     AIAdversarialDetectionPhase.ts      |  90.00 |    78.57 |  100.00 | 42-44 58-60
ℹ     AIAgentActionsPhase.ts              |  97.14 |    83.33 |  100.00 | 60-61
ℹ     AIAgentCoordinationPhase.ts         |  52.37 |    76.47 |   52.38 | 62-74 76-140 142-178 180-240 242-250 252-253 255-310 312-324 326-368 370-387 389-430 432-433
ℹ     AIAlignmentEvolutionPhase.ts        |  69.28 |    63.64 |   76.00 | 71-72 76-111 149-166 172-194 224 230-240 243-263 265-284 296-302 305-393 395-403 405-415 417-418 420-424 448-453 463-467 471-474
ℹ     AILifecyclePhase.ts                 |  99.54 |    88.89 |  100.00 | 17
ℹ     AIScalingPhase.ts                   |  98.10 |    73.68 |  100.00 | 11 92 123 147
ℹ     AISufferingPhase.ts                 |  55.61 |    59.46 |  100.00 | 14 44 54 57-60 63-78 81-158 161-162 166-208 233-258 261-274
ℹ     AIWelfareUpdatePhase.ts             | 100.00 |    94.12 |  100.00 | 
ℹ     AntimicrobialResistancePhase.ts     |  95.16 |    84.62 |  100.00 | 50-52
ℹ     ApplyScenarioPrioritiesPhase.ts     |  49.29 |    57.89 |   90.91 | 45-226 235-238 240-343 345-392 394-401 403-410 412-414
ℹ     BaselineMortalityPhase.ts           |  98.30 |    85.00 |  100.00 | 52 54 58 191-196 205-206
ℹ     BayesianMortalityResolutionPhase.ts |  98.57 |    80.00 |  100.00 | 86 109-110
ℹ     BenchmarkEvaluationsPhase.ts        |  89.74 |    86.67 |  100.00 | 36-39
ℹ     BifurcationLogicPhase.ts            |  96.54 |    76.47 |  100.00 | 69-74 94 96-97 99-102 116-122 271-275 283
ℹ     CatastrophicScenariosPhase.ts       |  60.56 |    77.78 |   60.00 | 31 35-61
ℹ     ClimateDeploymentDelayPhase.ts      |  99.76 |    89.19 |  100.00 | 192
ℹ     ClimateDeploymentPhase.ts           |  94.88 |    65.22 |  100.00 | 14 59 84 88-91 121-129 174 182-185
ℹ     ClimateJusticePhase.ts              |  88.37 |    85.71 |  100.00 | 37-41
ℹ     ClimateSystemPhase.ts               |  91.38 |    82.48 |   92.16 | 38-40 120-125 130-133 149 151-160 187-195 231-238 240-273 275-278 410-412 415 436 465-478 482-488 492-505 631-637
ℹ     ComputeAllocationPhase.ts           | 100.00 |    94.12 |  100.00 | 
ℹ     ComputeGrowthPhase.ts               | 100.00 |    84.62 |  100.00 | 
ℹ     ConsciousnessGovernancePhase.ts     |  86.17 |    67.27 |  100.00 | 97-102 111-113 128-136 155-162 177-186 233 240-244 247-253 280-281 301
ℹ     CooperativeSystemsPhase.ts          |  48.88 |    58.82 |   80.95 | 43 73-138 142-143 147-164 166-167 172-180 183 191-408 414-415
ℹ     CoordinatedDeploymentPhase.ts       |  88.13 |    79.76 |   92.31 | 139-141 168-173 178-180 308-379 397-398 400-417 432-433 436 438-455 461 466
ℹ     CrisisDetectionPhase.ts             | 100.00 |    92.31 |  100.00 | 
ℹ     CrisisPointsPhase.ts                | 100.00 |    93.33 |  100.00 | 
ℹ     CriticalJuncturePhase.ts            |  60.45 |    55.81 |   70.59 | 56 77-101 105-275 293-304 307-309
ℹ     CyberSecurityPhase.ts               |  93.55 |    87.50 |  100.00 | 39-42
ℹ     DefensiveAIPhase.ts                 | 100.00 |    92.86 |  100.00 | 
ℹ     DemocracyDynamicsPhase.ts           |  88.79 |    52.50 |   89.47 | 36-37 40-45 54-55 61-62 69-70 77-79 84-85 87-88 114-117 119-120 134 139-141 145-149 167-177 180-184
ℹ     DystopiaProgressionPhase.ts         | 100.00 |    92.31 |  100.00 | 
ℹ     EarlyWarningPhase.ts                |  94.83 |    73.33 |  100.00 | 34-36
ℹ     EconomicSystemPhase.ts              |  99.03 |    66.67 |  100.00 | 123-124
ℹ     EmergencyResponsePhase.ts           |  85.53 |    75.71 |   88.89 | 42 162-169 203-215 217-239 289-305 421-422 473-478 499-517 611-618 620-655 658-659 661-670
ℹ     EnergyBudgetPhase.ts                |  99.80 |    86.96 |   94.44 | 237
ℹ     EnsembleMetaLearningPhase.ts        |  97.83 |    80.77 |  100.00 | 32-34 141
ℹ     EventCollectionPhase.ts             | 100.00 |    80.00 |   91.67 | 
ℹ     EvolutionarySelectionPhase.ts       |  78.52 |    69.23 |   84.62 | 15-16 42-48 51-52 55-58 127-130 132-168 201-205
ℹ     ExogenousShockPhase.ts              |  86.91 |    67.95 |   87.88 | 65-67 231-236 304-395 616-619 722 727-752 771-772 780-783 793-794 797-800 864-865 867-868 872 878 881-883 886-888 896 899-900 906-907 914 920 962-977
ℹ     ExtinctionDebtPhase.ts              |  53.42 |    77.78 |   60.00 | 15 19 29 34-105
ℹ     ExtinctionSystemPhase.ts            |  83.80 |    75.76 |  100.00 | 41 71-96 102-105 136-139
ℹ     ExtremeWeatherEventsPhase.ts        |  93.33 |    84.62 |  100.00 | 43-45
ℹ     FamineSystemPhase.ts                |  57.45 |    77.78 |   60.00 | 34-35 38-135
ℹ     FoodSecurityDegradationPhase.ts     |  63.71 |    77.78 |   60.00 | 17 34-35 40-220
ℹ     GeopoliticalConflictPhase.ts        |  88.26 |    81.82 |   83.33 | 50-52 55-57 63 191-201 203-221 223-237 239-247 250-252 261-262
ℹ     GovernanceSystemPhase.ts            |  70.82 |    73.81 |   94.12 | 23 48-52 60 110-114 133-142 164 168-173 180-207 222-274
ℹ     GovernmentActionsPhase.ts           |  96.61 |    78.57 |  100.00 | 46-47
ℹ     GovernmentRelocationPhase.ts        |  91.43 |    88.89 |   60.00 | 29-30 35
ℹ     GovernmentResponsePhase.ts          |  77.96 |    76.74 |   84.21 | 93-105 111-124 166-209 211-218 221
ℹ     HumanEnhancementPhase.ts            |  81.31 |    63.64 |  100.00 | 51-56 77-78 90-95 103-109 117-135
ℹ     HumanPopulationPhase.ts             |  91.04 |    83.33 |  100.00 | 60-71
ℹ     HumanSurvivalSystemPhase.ts         |  93.48 |    81.25 |  100.00 | 95-114 170-175 335 532-535 546-547 555 567-580 583-585
ℹ     index.ts                            | 100.00 |    97.70 |   80.39 | 
ℹ     InformationEcologyPhase.ts          |  92.90 |    77.42 |  100.00 | 41-44 81-85 95-98
ℹ     InformationWarfarePhase.ts          | 100.00 |    92.86 |  100.00 | 
ℹ     InternationalMigrationPhase.ts      |  61.02 |    68.75 |   66.67 | 39-41 43-49 51-60 62-75 77-86 88-120 122-143
ℹ     InternationalRelationsPhase.ts      |  93.38 |    78.95 |  100.00 | 40 97-104
ℹ     IrreversibilityTrackingPhase.ts     |  89.37 |    60.00 |  100.00 | 59-60 176-190 218-224 229-236 247 283-299 302 339-344 346-348 360-363 402 438-439 466 468-495 497-503
ℹ     LegacyNutrientStocksPhase.ts        |  97.87 |    72.22 |  100.00 | 36 42
ℹ     MeaningRenaissancePhase.ts          | 100.00 |    92.86 |  100.00 | 
ℹ     MemeticEvolutionPhase.ts            |  95.92 |    85.71 |  100.00 | 37-38
ℹ     MinimalSufferingPhase.ts            | 100.00 |    85.71 |  100.00 | 
ℹ     MultiParadigmDUIUpdatePhase.ts      |  84.49 |    48.33 |  100.00 | 119-124 132 139-140 147 155-156 175-184 192-195 200 204-205 207-210 214-217 232-235 241-248 261-262 266-268 278-286 296-302 307-313 320-321 324-332 345-350 355-356
ℹ     NationalAIPhase.ts                  | 100.00 |    92.86 |  100.00 | 
ℹ     NitrogenFoodCouplingPhase.ts        |  96.67 |    82.35 |  100.00 | 33-35
ℹ     NuclearCommandControlPhase.ts       |  90.91 |    66.67 |  100.00 | 44-47 79-80 88-90 100
ℹ     NuclearCrisisPhase.ts               |  41.49 |    72.22 |   85.71 | 48-63 67-79 87-169 171-224 226-286
ℹ     OceanAcidificationCascadePhase.ts   |  84.00 |    55.56 |  100.00 | 19 46 97 136-138 186-198 200-210 214-227
ℹ     OrganizationTurnsPhase.ts           |  96.00 |    85.71 |  100.00 | 44-45
ℹ     OrganizationViabilityPhase.ts       |  86.36 |    78.57 |  100.00 | 13 34-37 44
ℹ     OutcomeProbabilitiesPhase.ts        |  88.35 |    78.57 |  100.00 | 74-85
ℹ     PermafrostCarbonPhase.ts            |  91.79 |    73.91 |  100.00 | 42 206-224 226-238
ℹ     PlanetaryBoundariesPhase.ts         |  98.98 |    84.62 |  100.00 | 62
ℹ     PlayerDecisionPhase.ts              |  49.22 |    80.00 |   71.43 | 40-59 61-138 140-156 158-167 169-205
ℹ     PositiveTippingPointsPhase.ts       |  87.66 |    75.00 |  100.00 | 33-34 69 84-87 91-102
ℹ     PsychologicalTraumaPhase.ts         |  77.72 |    63.16 |  100.00 | 39-43 68-100 136-138
ℹ     QualityOfLifePhase.ts               | 100.00 |    76.47 |  100.00 | 
ℹ     RefugeeCrisisPhase.ts               | 100.00 |    92.31 |  100.00 | 
ℹ     ResentmentRecoveryPhase.ts          |  94.21 |    78.79 |  100.00 | 34-35 52-53 84-86
ℹ     ResourceEconomyPhase.ts             |  96.55 |    78.57 |  100.00 | 34-35
ℹ     ResourceSoilPhase.ts                |  97.37 |    78.57 |  100.00 | 34-35
ℹ     ResourceWaterPhase.ts               |  98.46 |    78.57 |  100.00 | 33-34
ℹ     SleeperWakePhase.ts                 |  90.91 |    86.67 |  100.00 | 17-18 39-40
ℹ     SocialInfluenceUpdatePhase.ts       |  99.37 |    96.00 |  100.00 | 140
ℹ     SocialSafetyNetsPhase.ts            | 100.00 |    92.86 |  100.00 | 
ℹ     SocialStabilitySystemPhase.ts       |  73.21 |    50.79 |  100.00 | 42-43 63-75 85 92 116-117 136-141 144-153 155-161 212-218 226-227 233-239 246-247 254 261-264 278-279 282-283 296-343 346-361 365-368 370-373 394-404 409 411-414
ℹ     SocietyActionsPhase.ts              |  88.00 |    73.33 |  100.00 | 37-41 49
ℹ     StochasticInnovationPhase.ts        |  98.67 |    86.67 |  100.00 | 156-159 243
ℹ     SupplyChainCascadesPhase.ts         | 100.00 |    84.62 |  100.00 | 
ℹ     SurvivalTraitsPhase.ts              |  92.55 |    88.89 |   92.31 | 14 28 98-107
ℹ     TechCoolingPhase.ts                 |  71.23 |    73.33 |  100.00 | 30-49 53
ℹ     TechDeploymentSchedulePhase.ts      |  59.48 |    78.57 |   76.92 | 39-85
ℹ     TechnologyDiffusionPhase.ts         | 100.00 |    86.67 |  100.00 | 
ℹ     TechTreePhase.ts                    | 100.00 |    89.47 |  100.00 | 
ℹ     Tier2AIGovernancePhase.ts           |  70.55 |    71.88 |  100.00 | 13 44-45 86-100 102-123 125-155 290 292-311 314-328 330-375 377
ℹ     Tier2PhysicalSystemsPhase.ts        |  72.00 |    64.41 |   93.75 | 44 223-257 274-283 287-288 290-312 314-337 343-371 376-382 385-399 402-414 416-423 425
ℹ     Tier2SocialSystemsPhase.ts          |  99.38 |    80.49 |  100.00 | 19 42
ℹ     TimeAdvancementPhase.ts             |  90.41 |    75.00 |  100.00 | 34-39 50
ℹ     TriggeredEventsPhase.ts             | 100.00 |    92.31 |  100.00 | 
ℹ     UBIPhase.ts                         | 100.00 |    92.86 |  100.00 | 
ℹ     UnemploymentPhase.ts                | 100.00 |    84.62 |  100.00 | 
ℹ     UnknownUnknownPhase.ts              |  82.61 |    80.00 |  100.00 | 34-54 84-86
ℹ     VolcanicForcingPhase.ts             | 100.00 |    87.50 |  100.00 | 
ℹ     WarMeaningFeedbackPhase.ts          | 100.00 |    92.86 |  100.00 | 
ℹ     WetBulbTemperaturePhase.ts          | 100.00 |    92.31 |  100.00 | 
ℹ     WorkflowAdaptationPhase.ts          |  89.74 |    85.71 |  100.00 | 36-39
ℹ   enhancedUBI.ts                        |  48.05 |    72.22 |   62.50 | 27-28 66-113 115-133 138-225 227-245 247-265 267-296 298-299
ℹ   ensembleDetection.ts                  |  92.16 |    74.29 |   94.12 | 52-72 171-174
ℹ   environmental.ts                      |  55.18 |    76.47 |   55.56 | 40 58-59 62-70 74-227 231-557 561-570 584-596 602-604
ℹ   eventAggregator.ts                    |  64.00 |    67.74 |   43.48 | 64-65 67-69 71-74 76-83 85-91 93-95 97-100 104-105 116-138 146-152 156-158 160 162-166 169 171-176 180-181
ℹ   extinctions.ts                        |  52.43 |    72.09 |   39.47 | 22 29 35 61-75 78-124 128-390 393-437 441-464 466-484 503 510-513 559-562 583-587 621-632 646-721 725-796 800-826 829-1000 1004-1009 1012-1021 1024-1034 1036-1047 1051-1057 1060-1062 1065-1069 1073-1087 1090-1098 1103-1107 1111-1121 1126-1131 1134-1135
ℹ   extremeWeatherEvents.ts               |  97.11 |    92.50 |   76.00 | 22-23 94-95 279-288
ℹ   flashWarEscalation.ts                 |  74.80 |    80.00 |   87.50 | 12 47 49-71 74-136 221-226
ℹ   freshwaterDepletion.ts                |  72.49 |    61.11 |  100.00 | 14 89-99 136-137 166 173-205 207-216 233-234 236-258 262-312 316-318
ℹ   gamingDetection.ts                    |  96.89 |    82.86 |   84.62 | 29 42 81 162-163 181-182 264-271
ℹ   governanceQuality.ts                  |  84.94 |    90.91 |   62.50 | 16 38-42 181 220-250 256-275 278-280
ℹ   government                            |        |          |         | 
ℹ    actions                              |        |          |         | 
ℹ     crisisActions.ts                    |  76.21 |    92.59 |   83.33 | 17-18 40 98-143
ℹ     detectionActions.ts                 |  56.42 |    85.71 |   76.92 | 33 46-71 88-138
ℹ     economicActions.ts                  |  71.52 |    91.89 |   84.21 | 111-146 216-217 220-244 261-324
ℹ     environmentalActions.ts             |  55.64 |    57.14 |   61.90 | 33-35 53 59-86 96-100 105-126 141-142 146-147 150-180 202-235 244-247 249 257-302 311-312
ℹ     index.ts                            |  98.55 |    90.91 |   37.50 | 40
ℹ     internationalActions.ts             |  72.13 |    82.61 |   87.50 | 45-63 151-211
ℹ     regulationActions.ts                |  68.37 |    79.17 |   81.25 | 50-75 94-124 136-168 190 209-210
ℹ     researchActions.ts                  |  72.53 |    72.73 |   75.00 | 85-109 128-166
ℹ     rightsActions.ts                    |  59.22 |    82.76 |   63.64 | 62-118 129-152 159-202 209-213 216-240 245-255 257-278
ℹ     safetyActions.ts                    |  86.23 |    88.46 |   95.00 | 83-126 208-209
ℹ     securityActions.ts                  |  70.50 |    67.86 |   87.50 | 13-14 42-81 100 168-187 207-243
ℹ    capabilityThresholds.ts              |  75.44 |    85.71 |   45.00 | 30-31 52-56 59-68 72-75 77-83
ℹ    core                                 |        |          |         | 
ℹ     actionRegistry.ts                   |  72.22 |    90.00 |   53.33 | 38-40 42-53
ℹ     governmentCore.ts                   |  79.87 |    81.38 |   86.21 | 56-76 88-103 186-200 230 284-335 338-376 378-442 525-526 562
ℹ    index.ts                             |  94.87 |    90.91 |   66.67 | 36-37
ℹ    initialization.ts                    |  83.22 |    88.89 |   66.67 | 79-86 90-105 109
ℹ    policyLifecycle.ts                   |  57.70 |    80.00 |   25.00 | 26 35 41-99 105-142 146-164 168-183 186-195 198-214 217-222 225-230
ℹ   governmentRelocation.ts               |  52.26 |    64.29 |   88.89 | 35-41 43-86 88-112 115-133
ℹ   historicalInitialization.ts           |  75.10 |    70.59 |   55.56 | 44-68 73-252 260-283 289-291 468-473
ℹ   humanEnhancement.ts                   |  59.31 |    84.62 |   33.33 | 18 33 36 69-97 101-143 147-168 172-207 212-221 224-256 259-322 324-355 359-364 368-369 374-377 380-387 391
ℹ   informationEcology.ts                 |  99.78 |    89.47 |  100.00 | 206
ℹ   informationWarfare.ts                 |  83.86 |    76.92 |   73.33 | 30 97 108-121 124-133 151-163 166-171 175-180
ℹ   initialization.ts                     |  85.69 |    75.81 |   95.83 | 136-141 257-259 557-559 633-861 863-909 925-926
ℹ   irreversibilityInitialization.ts      | 100.00 |    81.82 |  100.00 | 
ℹ   legacyNutrientStocks.ts               |  86.43 |    78.95 |   84.62 | 40-42 53-58 154-178 181
ℹ   lifecycle.ts                          |  93.55 |    89.15 |   84.78 | 43-50 96-99 110 309-316 349-355 407-410 416-426 432-435 441-444
ℹ   llm                                   |        |          |         | 
ℹ    client.ts                            |  46.35 |    80.00 |   25.00 | 24 32-48 51-55 59-63 70-141 144-259 263-298 302-337 340-365 370-371
ℹ    config.ts                            |  68.27 |    92.59 |   50.00 | 33 40-41 86-96 103-107 117-119 123-129 135-136 140-204 207-209
ℹ    integration.ts                       |  39.82 |    80.00 |   27.78 | 14 29 39-103 106-161 167-212 218-245 249-260 264-296 298-317 320-323
ℹ    logging.ts                           |  91.78 |    84.62 |   70.00 | 54-56 88-94 141-152 156-158
ℹ    queue.ts                             |  53.51 |    81.82 |   33.33 | 23 46-63 66-69 71-103 105-126 128-144 146-167 169-183 185-186 188-192
ℹ   logging.ts                            |  80.41 |    86.11 |   90.48 | 21 162-169 174 201-275
ℹ   meaningRenaissance.ts                 |  91.56 |    87.27 |   78.95 | 217-225 228-235 238-246 251-254 257-258
ℹ   memetics                              |        |          |         | 
ℹ    aiAmplification.ts                   |  98.20 |    90.28 |  100.00 | 120-121 151-154
ℹ    beliefEvolution.ts                   |  92.80 |    78.33 |  100.00 | 156-166 170-186
ℹ    initialization.ts                    |  99.71 |    88.89 |   92.31 | 30
ℹ    memeTransmission.ts                  |  94.01 |    84.00 |  100.00 | 45-46 48-59 96-110
ℹ   militarySystem.ts                     |  69.80 |    84.62 |   44.44 | 23-24 26-27 124-127 131-179 183-237 240-304 307-335 338-340
ℹ   minimalSufferingTracking.ts           |  96.48 |    62.50 |   96.97 | 161-171 282-293 474 648 651 750 760-762 782-783 786-787 791 794 802-803 881-882 944-945 947
ℹ   mortalityStabilizersInit.ts           |  97.58 |    95.74 |  100.00 | 98-102
ℹ   nationalAI                            |        |          |         | 
ℹ    competition.ts                       |  91.60 |    69.23 |   87.50 | 109-110 113-120 141-144 147-148 151-154
ℹ    cooperation.ts                       |  48.96 |    59.26 |   78.57 | 50 58-84 86-186 204-219 222-225 227-269 273-277
ℹ    deployment.ts                        |  96.79 |    89.47 |  100.00 | 138-147 297-300
ℹ    index.ts                             |  94.78 |    75.00 |   81.82 | 35-36 86-89
ℹ    initialization.ts                    |  99.34 |    92.00 |  100.00 | 111
ℹ    interactionCache.ts                  |  97.96 |    82.14 |   68.75 | 89 93-94
ℹ    regulation.ts                        |  76.74 |    65.22 |   80.00 | 57-71 75-82 92-98
ℹ   nitrogenFoodCoupling.ts               |  94.05 |    86.96 |   94.44 | 56-74 157-160 228-231
ℹ   novelEntities.ts                      |  87.98 |    40.00 |  100.00 | 67-68 87-92 103 106-119 139-145 152-155 157 196-203 221-227 246-254 265-268 270 272-293 298
ℹ   nuclearCommandControl.ts              |  64.16 |    73.81 |   70.00 | 86-206 254-263 265-285 288-292 297-337 342-343
ℹ   nuclearDeterrence.ts                  |  42.13 |    64.71 |   61.54 | 15 45-56 58-78 80-83 88-105 108-154
ℹ   nuclearStates.ts                      |  87.59 |    71.82 |  100.00 | 110-111 116 118 121-122 128-131 142 168-191 194-214 217 219-222 225-226 230-232 234 261-262 335-338 390-393 433-437 440-445 502-511 538
ℹ   nuclearWinter.ts                      |  55.07 |    76.47 |   40.00 | 54-133 136-148 151-160 163-185 187-197 200-229 232-252 255-302 305-336 339-351 353-370 373-391 396-464 466-477 481-609 612-719 723-724
ℹ   oceanAcidification.ts                 |  78.04 |    41.82 |  100.00 | 93 100 104-106 112-115 124-139 142-155 162-163 165-172 202-213 216-220 226-235 239-264 271
ℹ   organizationManagement.ts             |  92.68 |    87.96 |   75.73 | 127-130 301 340-342 349-352 355-365 412-413 442-443 451 470-473 518-521 651 656-664 732-739 862-864 913-971 997 999 1018-1023 1034-1039
ℹ   organizations.ts                      |  90.67 |    80.49 |   75.76 | 14-15 165-166 171-172 175-190 225-240 283 333-344 361-370 379-406 584-585
ℹ   outcomes.ts                           |  83.58 |    75.20 |   95.45 | 129-130 175-176 204 206 209-210 214-217 219-221 223-225 230-236 240-251 257-264 276 279 281-283 287-290 294-326 330-332
ℹ   permafrostCarbon.ts                   | 100.00 |    81.82 |  100.00 | 
ℹ   phosphorusDepletion.ts                |  71.99 |    67.65 |  100.00 | 13-14 58-61 124 131-138 140-159 166-229 231
ℹ   planetaryBoundaries.ts                |  96.65 |    70.70 |   86.54 | 41 169 347-359 394-413 416-420 460-463 499-501 530 676-684 703 762 769 774-775 884 904-909 1056 1155 1189-1194
ℹ   planetaryBoundaryRecovery.ts          |  75.42 |    48.00 |  100.00 | 45-47 51-53 72-77 99 103 187-213 248-255 262-265 269 273-304 312-314 318 323-324 330-345 347 350-351 358-360 368 370-409 425-426 431-432 439-468 476-539 555-556 563-564 575-578 580-587 591-611 627-631 644
ℹ   populationDynamics.ts                 |  70.66 |    60.58 |   68.63 | 317-318 333-336 340-341 345-346 349-351 358 362-365 369-372 415-417 455-462 465-466 471 475 483-485 512-521 526-646 652-682 685-724 764-791 860 862-869 871-890 892-899 912-925 927-972 974-997 1000-1005 1007-1015 1052-1086 1103-1147 1150-1253 1257-1326 1329-1354 1453-1454 1458 1472-1473 1476-1482
ℹ   populationProvider.ts                 |  92.34 |    86.36 |   77.78 | 37 39-43 55-60 100-103
ℹ   populationSegments.ts                 |  75.74 |    78.13 |   65.52 | 16 27 30 114-127 130-148 151-174 177-182
ℹ   positiveTippingPoints.ts              |  83.64 |    85.00 |   87.50 | 142 295-303 308-311 318-325 374-394 397 445 520-544 549 596-607 630-652 672-750 755-756
ℹ   powerGeneration.ts                    |  83.65 |    77.97 |   80.65 | 69-74 196-198 214-215 266-273 279-309 341-382 385-403 470-488 491
ℹ   proactiveSleeperDetection.ts          |  98.01 |    75.81 |   86.96 | 20 29 35-37 58-59 225-226
ℹ   qualityOfLife                         |        |          |         | 
ℹ    aggregation.ts                       |  79.47 |    64.00 |   70.59 | 16 34-41 62-69 83-112 133-135 144 148 155 158
ℹ    cache                                |        |          |         | 
ℹ     regionalCache.ts                    |  91.74 |    76.47 |   64.29 | 55 58-63 77-78
ℹ    core.ts                              |  88.17 |    67.16 |   94.44 | 49-53 56-58 67-70 84-85 94-102 105-112 123 132 134-135 239-248 251-265
ℹ    dimensions.ts                        |  91.80 |    83.33 |   76.00 | 26 37-53 65-68 190-195 203-204
ℹ    index.ts                             |  89.23 |    93.33 |   44.12 | 31-32 36-37 40 48 53
ℹ    mortality.ts                         |  72.77 |    78.26 |   75.00 | 30-141 144-147 151 154-156 190-191
ℹ    penalties.ts                         |  76.19 |    77.78 |   46.15 | 30 34 70-78 81-84 88-96 99-109 113-118 121-122 126-150 153-164
ℹ    regional.ts                          |  88.98 |    73.85 |   89.47 | 53-59 93-94 131-134 194-229 251-252 300-302
ℹ   radiationDoseResponse.ts              |  57.21 |    80.00 |   35.71 | 22 38 47-70 72-99 103-133 136-146 149-150
ℹ   radiationModeling.ts                  |  69.65 |    80.00 |   22.73 | 29-30 40 79-105 109-124 127-152 156-169 174-192 197-228 231-248 252-262 264-270
ℹ   refugeeCrises.ts                      |  91.07 |    89.83 |   83.33 | 20-21 24 301-326 390-397 405-436 483-487
ℹ   regionalPopulations.ts                |  96.76 |    82.80 |  100.00 | 131-141 294-295 302-303 306-308 396 404 406 408 445-446 463-465 467-470
ℹ   research.ts                           |  97.91 |    77.32 |   80.00 | 19 51-55 62-64 226 330-331 334-336
ℹ   resentmentRecovery.ts                 |  97.59 |    82.89 |   85.71 | 76-78 135-137 144-150
ℹ   resourceDepletion.ts                  |  92.33 |    64.04 |  100.00 | 56-58 66-72 215-230 505-506 638-644 656-664 694-696 699-700 704-705 709-710 726-781 784-794 837-850 964 989-995 1029-1035 1037-1043 1046-1050 1154-1162 1167-1168 1181-1184 1377-1382 1496-1497
ℹ   resourceEconomy.ts                    |  97.23 |    82.61 |  100.00 | 27 229-241 267 274
ℹ   resourceInitialization.ts             |  98.61 |    92.86 |   60.53 | 40 44-45 53 496-512
ℹ   resourceTechnology.ts                 |  67.18 |    86.67 |   52.63 | 27-75 77-93 98-105 108-126 130-131 134 139-157 159-171 178
ℹ   rlhfBinding.ts                        |  91.78 |    88.00 |   76.47 | 22 35-37 61-62 81-86
ℹ   scenarioParameters.ts                 |  73.15 |    80.00 |   66.67 | 12 19-20 28-33 38-41 44-57 59-60
ℹ   sleeperEconomy.ts                     |  94.40 |    81.08 |   66.67 | 147-155 196 198 218-219 223-230 235-236
ℹ   sleeperProgression.ts                 |  66.59 |    84.62 |   56.00 | 28 30 80-90 115-132 134-155 159-182 186-196 208-224 227-245 249-264 268-270 274-276
ℹ   sleeperWake.ts                        |  97.07 |    79.07 |   86.96 | 39-40 111-112 118-119 216-219
ℹ   socialCohesion.ts                     |  81.05 |    71.31 |   92.31 | 155-161 166-167 188-233 238-262 267-334 339-362 369-370 373-377 379-381 385-391 502 504 551-552 588 596-620 645 648-651
ℹ   socialInfluence.ts                    |  98.37 |    94.12 |   96.15 | 223-224 228-231
ℹ   socialSafetyNets.ts                   |  45.29 |    82.35 |   83.33 | 52-87 100-242 245
ℹ   specificTippingPoints.ts              |  55.45 |    84.62 |   50.00 | 59-147 149-233 236-345 349-355 359-361
ℹ   structuralEffects.ts                  |  73.17 |    76.47 |   66.67 | 30 34-46 59-66 70-71 74-89 93-96
ℹ   supplyChainCascades.ts                |  72.87 |    37.04 |  100.00 | 48 68-73 76-83 85-89 108-113 117-148 162-181 183 195-203 206-215 223-226 235 237-238 243-245 253-258 260-265 267 270-286 288-291 293-300 305-306 309-311 314 319-321
ℹ   survivalTraits.ts                     |  84.92 |    75.00 |   82.35 | 44-59 69 75-77 105-108 112-114
ℹ   technologicalRisk.ts                  |  79.31 |    59.62 |   80.95 | 23-25 68-71 83-85 92-95 116-139 142-157 160-163 172 194
ℹ   technologyDiffusion.ts                |  86.67 |    82.93 |   85.00 | 86 90 136-143 172-178 202-229 232
ℹ   techTree                              |        |          |         | 
ℹ    comprehensiveTechTree.ts             |  99.78 |    88.24 |   75.00 | 34 1386 1390 1392-1394
ℹ    deploymentSpeed.ts                   |  79.41 |    76.92 |   53.33 | 19 21 35 66-85 89-93 95-120 123-124
ℹ    deploymentTimescales.ts              |  99.05 |    84.00 |   68.42 | 63 264-266
ℹ    effectsEngine.ts                     |  96.93 |    80.25 |   88.57 | 40 56 67-70 86-120 126-141 170-178 193 339-350 361-363 388-400 1521-1528 1716
ℹ    engine.ts                            |  98.39 |    90.80 |   89.13 | 15 29-31 246 250-252 431-432 439-441 553
ℹ    helpers.ts                           |  93.68 |    81.40 |   86.36 | 92-95 102-106 117 120
ℹ    regionalDeployment.ts                |  96.07 |    89.32 |   75.00 | 83-87 91-92 107-110 190-191 194-197
ℹ   thresholds                            |        |          |         | 
ℹ    index.ts                             |  70.85 |    45.83 |   50.00 | 40-80 83-85 95-96 99-100 129 135 139-141 149-159 162-184 188-193
ℹ    tier1Config.ts                       |  95.17 |    84.62 |   53.33 | 31 38 105 109-115
ℹ    tier2Config.ts                       |  95.17 |    84.62 |   61.54 | 28 32-33 88-94
ℹ    tier2InterventionConfig.ts           |  98.12 |    84.62 |   50.00 | 34 37-38 341-350
ℹ    tier3Config.ts                       |  95.24 |    80.00 |   38.46 | 16-17 82-83 86-87 89-104 142
ℹ   tippingPoints.ts                      |  94.55 |    76.92 |  100.00 | 29-31
ℹ   trappedPopulations.ts                 |  93.78 |    57.89 |  100.00 | 12 60 62-68 97 120-121
ℹ   trustThresholds.ts                    |  93.60 |    88.89 |   72.22 | 45-52
ℹ   uncertainty                           |        |          |         | 
ℹ    index.ts                             | 100.00 |    90.91 |  100.00 | 
ℹ    sampleUncertaintyParameters.ts       |  86.93 |    87.50 |   80.00 | 122-162 164-165
ℹ   unknownUnknowns.ts                    |  74.85 |    84.21 |   40.74 | 31-37 44-51 59-68 75-81 92-96 103-113 119-131 140-144 150-162 169-178 212-222 227-240 242-248 253-255
ℹ   updateNovelEntitiesBoundary.ts        | 100.00 |    94.12 |  100.00 | 
ℹ   upwardSpirals.ts                      |  65.03 |    61.86 |   85.71 | 68-72 127-144 174-177 179-184 202-213 217-219 245 260-269 271-276 279-292 306-342 350-352 358 370 377-379 483-706 712-713
ℹ   utils                                 |        |          |         | 
ℹ    ai.ts                                |  59.20 |    80.49 |   60.00 | 30 39-49 53-54 63-65 74-82 86-87 90-94 97-98 105-123 128-134 138-144 149-151
ℹ    assertions.ts                        |  80.03 |    83.22 |   90.00 | 19 209-215 240-247 254-262 272-278 291-296 306-313 318-322 331-333 340-341 347-355 362-369 372-392 396-399 415 429-430 432-442 445-455 478-492 525-537 542-551 569-572 587-595 597-610 616-647 667-684
ℹ    asyncLogger.ts                       |  66.14 |    70.97 |   55.17 | 50-53 67-80 82-122 124 133-139 143-160 162-165 167-194 196-206
ℹ    cloning.ts                           |  96.30 |    84.62 |   80.00 | 25 39 42
ℹ    consciousnessGovernanceUtils.ts      |  87.50 |    65.63 |   87.88 | 65 69-73 87-99 103-113 130 143-145 153-158 166-168 208 217-220 233 240-244 274 278-288 297-298 301-302 318 321-328
ℹ    deathAttribution.ts                  |  65.10 |    80.00 |   35.71 | 13 28 30 34-59 62-69 71-115 118-121 125-127
ℹ    debugFlags.ts                        |  87.40 |    75.00 |   60.00 | 15-17 51 54 56-58 60-64 66-68
ℹ    deterministicRng.ts                  |  93.62 |    90.48 |  100.00 | 57-62
ℹ    distributions.ts                     |  92.29 |    84.62 |   91.30 | 59-63 79-81 98 107-112 151 165-171 180-182 187-192 194-197 209 214-216
ℹ    energyCategories.ts                  |  95.56 |    70.97 |   88.89 | 17-18 78-79
ℹ    energyConstrainedCleanup.ts          |  90.37 |    51.11 |  100.00 | 45-48 64-74 77-92 181-183 188 190-191 198-203 221
ℹ    eventLogger.ts                       |  98.31 |    81.82 |  100.00 | 48
ℹ    geometricMean.ts                     |  82.30 |    91.67 |   88.24 | 55-88 91-93
ℹ    historicalMode.ts                    |  91.94 |    86.67 |   80.00 | 35-37 40-41
ℹ    idGenerator.ts                       |  84.38 |    85.71 |   66.67 | 30 33-37 41-42 51-52
ℹ    index.ts                             | 100.00 |    92.31 |  100.00 | 
ℹ    irreversibility.ts                   |  97.44 |    81.82 |  100.00 | 13-14 44
ℹ    levyDistributions.ts                 |  96.70 |    83.33 |   66.67 | 45-46 52-53 60-61
ℹ    logger.ts                            |  86.03 |    77.78 |   57.89 | 40-42 49-52 54-57 59-62 64-65 67-71 73-82
ℹ    math.ts                              |  74.19 |    84.62 |   44.44 | 22 46 51-53 56-66 70-73 75-78
ℹ    populationUnits.ts                   |  76.98 |    76.19 |   38.24 | 25-26 28 33 36 48 56-64 66-76 79-100 109-117 123-139 142-143 146-147 150-152 155-156 159-168
ℹ    recoveryCalculations.ts              |  85.31 |    84.62 |   73.68 | 44-62 68-73 173-185 190-193
ℹ    simulationIndices.ts                 |  87.47 |    87.88 |   50.00 | 29 34 37 80-89 93-98 102-103 106 109-112 116-120 127-130 134 145-153
ℹ    stateValidation.ts                   |  98.25 |    84.38 |  100.00 | 19 336-343
ℹ   volunteerResearch.ts                  |  61.07 |    73.68 |   57.14 | 44-51 69-74 78-83 87-106 109-133 137-161 165-169
ℹ   warMeaningFeedback.ts                 |  93.33 |    64.91 |   80.00 | 96 114-123 127-129 145 153-160 166-167 169-170
ℹ   wetBulbEvents.ts                      |  94.80 |    86.36 |   80.95 | 166-171 355-383 442-444 459-461
ℹ   workflowAdaptation.ts                 |  92.27 |    79.17 |   52.94 | 24-25 84-87 124-126 129 132-134 136-151 154-155
ℹ  types                                  |        |          |         | 
ℹ   ai-agent-coordination.ts              |  99.00 |    85.71 |  100.00 | 56-59
ℹ   ai-suffering.ts                       |  98.94 |    81.82 |   85.71 | 62-63
ℹ   alignment-dynamics.ts                 |  97.53 |    81.82 |   66.67 | 11 22 93-99
ℹ   alignment-techniques.ts               |  97.72 |    70.97 |   86.36 | 154-155 160-162 166-169
ℹ   antimicrobialResistance.ts            | 100.00 |    77.78 |  100.00 | 
ℹ   bifurcation.ts                        |  98.88 |    83.33 |  100.00 | 88-91
ℹ   climate-priority.ts                   |  97.74 |    83.33 |   77.78 | 108-109 114-115
ℹ   config.ts                             |  99.74 |    77.78 |   81.82 | 20
ℹ   economics.ts                          | 100.00 |   100.00 |  100.00 | 
ℹ   extremeWeather.ts                     |  99.16 |    83.33 |  100.00 | 69-70
ℹ   famine.ts                             |  96.12 |    87.76 |   69.23 | 29 187-196 198-203
ℹ   game.ts                               |  98.77 |    83.33 |   50.00 | 26 37-38 42-44 63-75
ℹ   humanEnhancement.ts                   | 100.00 |    77.78 |  100.00 | 
ℹ   informationWarfare.ts                 |  98.53 |    81.82 |  100.00 | 16 45
ℹ   llm.ts                                |  99.78 |    81.82 |   85.71 | 191
ℹ   minimalSuffering.ts                   | 100.00 |    80.00 |  100.00 | 
ℹ   nationalAI.ts                         |  99.73 |    77.78 |  100.00 | 70
ℹ   outcomes.ts                           | 100.00 |    71.43 |   66.67 | 
ℹ   population.ts                         |  99.83 |    85.71 |   75.00 | 45
ℹ   powerGeneration.ts                    | 100.00 |    81.82 |  100.00 | 
ℹ   quantum-computing.ts                  |  93.18 |    81.82 |   60.00 | 23 40-63 67
ℹ   radiation.ts                          |  59.60 |    84.62 |   38.10 | 42-65 67 75-138 141-156 162-183 186-188 192-199 201-205
ℹ   radiationExposure.ts                  |  99.30 |    77.78 |   50.00 | 62
ℹ   regionalBiodiversity.ts               |  98.31 |    85.71 |  100.00 | 19 173-176
ℹ   resourceEndowment.ts                  |  99.68 |    88.24 |  100.00 | 68-69
ℹ   technologyEffects.ts                  |  97.06 |    90.91 |  100.00 | 18
ℹ   tipping-points.ts                     |  99.82 |    85.71 |  100.00 | 135
ℹ   transitionMortality.ts                |  99.27 |    84.62 |   88.89 | 25 84
ℹ   unknownUnknown.ts                     |  97.14 |    77.78 |  100.00 | 11 33-34
ℹ   wetBulbTemperature.ts                 | 100.00 |    81.82 |   66.67 | 
ℹ tests                                   |        |          |         | 
ℹ  helpers                                |        |          |         | 
ℹ   mockGameState.ts                      |  81.38 |    84.62 |   57.14 | 118-147 151 155-158
ℹ   performanceHelpers.ts                 |  77.33 |    93.33 |   83.33 | 59-75
ℹ ---------------------------------------------------------------------------------------------------------------------------------------------------------------------------------------------------------------------------------------------------------------------------------------------------------------------------------------------------------------------------------
ℹ all files                               |  82.83 |    77.25 |   78.11 | 
ℹ ---------------------------------------------------------------------------------------------------------------------------------------------------------------------------------------------------------------------------------------------------------------------------------------------------------------------------------------------------------------------------------
ℹ end of coverage report

✖ failing tests:

test at tests/performance/organizationManagement.perf.test.ts:2:3023
✖ should execute in under 100ms: 1000 organizations with 5 datacenters and 10 AI models each (2103.964918ms)
  Error: Performance regression: 1000 organizations took 1929.08ms, expected <1500ms
      at assertExecutionTimeUnder (/home/lizthedeveloper_gmail_com/satu/orchestrator/tests/helpers/performanceHelpers.ts:30:11)
      at TestContext.<anonymous> (/home/lizthedeveloper_gmail_com/satu/orchestrator/tests/performance/organizationManagement.perf.test.ts:164:7)
      at Test.runInAsyncScope (node:async_hooks:214:14)
      at Test.run (node:internal/test_runner/test:1106:25)
      at Test.start (node:internal/test_runner/test:1003:17)
      at node:internal/test_runner/test:1514:71
      at node:internal/per_context/primordials:464:82
      at new Promise (<anonymous>)
      at new SafePromise (node:internal/per_context/primordials:433:3)
      at node:internal/per_context/primordials:464:9

test at tests/performance/organizationManagement.perf.test.ts:2:3534
✖ should execute in under 50ms: finding owned datacenters across 1000 organizations (967.170216ms)
  Error: Performance regression: datacenter ownership lookups took 936.40ms, expected <600ms
      at assertExecutionTimeUnder (/home/lizthedeveloper_gmail_com/satu/orchestrator/tests/helpers/performanceHelpers.ts:30:11)
      at TestContext.<anonymous> (/home/lizthedeveloper_gmail_com/satu/orchestrator/tests/performance/organizationManagement.perf.test.ts:187:7)
      at Test.runInAsyncScope (node:async_hooks:214:14)
      at Test.run (node:internal/test_runner/test:1106:25)
      at Test.start (node:internal/test_runner/test:1003:17)
      at node:internal/test_runner/test:1514:71
      at node:internal/per_context/primordials:464:82
      at new Promise (<anonymous>)
      at new SafePromise (node:internal/per_context/primordials:433:3)
      at node:internal/per_context/primordials:464:9

test at tests/performance/organizationManagement.perf.test.ts:2:4123
✖ should execute in under 50ms: finding owned AI models across 1000 organizations (1540.174697ms)
  Error: Performance regression: AI model ownership lookups took 1406.78ms, expected <1200ms
      at assertExecutionTimeUnder (/home/lizthedeveloper_gmail_com/satu/orchestrator/tests/helpers/performanceHelpers.ts:30:11)
      at TestContext.<anonymous> (/home/lizthedeveloper_gmail_com/satu/orchestrator/tests/performance/organizationManagement.perf.test.ts:207:7)
      at Test.runInAsyncScope (node:async_hooks:214:14)
      at Test.run (node:internal/test_runner/test:1106:25)
      at Suite.processPendingSubtests (node:internal/test_runner/test:788:18)
      at Test.postRun (node:internal/test_runner/test:1235:19)
      at Test.run (node:internal/test_runner/test:1163:12)
      at async Promise.all (index 0)
      at async Suite.run (node:internal/test_runner/test:1516:7)
      at async Suite.processPendingSubtests (node:internal/test_runner/test:788:7)
